[0.014s][info][gc,init] CardTable entry size: 512
[0.014s][info][gc     ] Using Parallel
[0.016s][info][gc,init] Version: 18.0.1+10 (release)
[0.016s][info][gc,init] CPUs: 8 total, 8 available
[0.016s][info][gc,init] Memory: 16063M
[0.016s][info][gc,init] Large Page Support: Disabled
[0.016s][info][gc,init] NUMA Support: Disabled
[0.016s][info][gc,init] Compressed Oops: Enabled (Non-zero disjoint base)
[0.016s][info][gc,init] Alignments: Space 512K, Generation 512K, Heap 2M
[0.016s][info][gc,init] Heap Min Capacity: 2M
[0.016s][info][gc,init] Heap Initial Capacity: 2M
[0.016s][info][gc,init] Heap Max Capacity: 15800M
[0.016s][info][gc,init] Pre-touch: Disabled
[0.016s][info][gc,init] Parallel Workers: 8
[0.017s][info][gc,metaspace] CDS archive(s) not mapped
[0.017s][info][gc,metaspace] Compressed class space mapped at: 0x0000000080000000-0x00000000c0000000, reserved size: 1073741824
[0.017s][info][gc,metaspace] Narrow klass base: 0x0000000000000000, Narrow klass shift: 0, Narrow klass range: 0xc0000000
[0.114s][info][gc,start    ] GC(0) Pause Young (Allocation Failure)
[0.115s][info][gc,heap     ] GC(0) PSYoungGen: 512K(1024K)->480K(1024K) Eden: 512K(512K)->0K(512K) From: 0K(512K)->480K(512K)
[0.115s][info][gc,heap     ] GC(0) ParOldGen: 0K(512K)->8K(512K)
[0.115s][info][gc,metaspace] GC(0) Metaspace: 4229K(4352K)->4229K(4352K) NonClass: 3908K(3968K)->3908K(3968K) Class: 321K(384K)->321K(384K)
[0.116s][info][gc          ] GC(0) Pause Young (Allocation Failure) 0M->0M(1M) 1.267ms
[0.116s][info][gc,cpu      ] GC(0) User=0.00s Sys=0.00s Real=0.00s
[0.203s][info][gc,start    ] GC(1) Pause Young (Allocation Failure)
[0.204s][info][gc,heap     ] GC(1) PSYoungGen: 991K(1024K)->512K(1536K) Eden: 511K(512K)->0K(1024K) From: 480K(512K)->512K(512K)
[0.205s][info][gc,heap     ] GC(1) ParOldGen: 8K(512K)->88K(512K)
[0.205s][info][gc,metaspace] GC(1) Metaspace: 5876K(5952K)->5876K(5952K) NonClass: 5379K(5440K)->5379K(5440K) Class: 496K(512K)->496K(512K)
[0.205s][info][gc          ] GC(1) Pause Young (Allocation Failure) 0M->0M(2M) 1.131ms
[0.205s][info][gc,cpu      ] GC(1) User=0.00s Sys=0.00s Real=0.00s
[0.238s][info][gc,start    ] GC(2) Pause Young (Allocation Failure)
[0.240s][info][gc,heap     ] GC(2) PSYoungGen: 1536K(1536K)->512K(1536K) Eden: 1024K(1024K)->0K(1024K) From: 512K(512K)->512K(512K)
[0.240s][info][gc,heap     ] GC(2) ParOldGen: 88K(512K)->512K(1024K)
[0.240s][info][gc,metaspace] GC(2) Metaspace: 6297K(6464K)->6297K(6464K) NonClass: 5763K(5824K)->5763K(5824K) Class: 533K(640K)->533K(640K)
[0.240s][info][gc          ] GC(2) Pause Young (Allocation Failure) 1M->1M(2M) 1.817ms
[0.240s][info][gc,cpu      ] GC(2) User=0.00s Sys=0.00s Real=0.00s
[0.243s][info][gc,start    ] GC(3) Pause Young (Allocation Failure)
[0.245s][info][gc,heap     ] GC(3) PSYoungGen: 1536K(1536K)->480K(2560K) Eden: 1024K(1024K)->0K(2048K) From: 512K(512K)->480K(512K)
[0.245s][info][gc,heap     ] GC(3) ParOldGen: 512K(1024K)->1068K(1536K)
[0.245s][info][gc,metaspace] GC(3) Metaspace: 6297K(6464K)->6297K(6464K) NonClass: 5763K(5824K)->5763K(5824K) Class: 533K(640K)->533K(640K)
[0.245s][info][gc          ] GC(3) Pause Young (Allocation Failure) 2M->1M(4M) 2.003ms
[0.245s][info][gc,cpu      ] GC(3) User=0.00s Sys=0.00s Real=0.00s
[0.245s][info][gc,start    ] GC(4) Pause Full (Ergonomics)
[0.245s][info][gc,phases,start] GC(4) Marking Phase
[0.246s][info][gc,phases      ] GC(4) Marking Phase 1.405ms
[0.246s][info][gc,phases,start] GC(4) Summary Phase
[0.246s][info][gc,phases      ] GC(4) Summary Phase 0.017ms
[0.246s][info][gc,phases,start] GC(4) Adjust Roots
[0.247s][info][gc,phases      ] GC(4) Adjust Roots 0.413ms
[0.247s][info][gc,phases,start] GC(4) Compaction Phase
[0.249s][info][gc,phases      ] GC(4) Compaction Phase 2.645ms
[0.249s][info][gc,phases,start] GC(4) Post Compact
[0.250s][info][gc,phases      ] GC(4) Post Compact 0.104ms
[0.250s][info][gc,heap        ] GC(4) PSYoungGen: 480K(2560K)->0K(2560K) Eden: 0K(2048K)->0K(2048K) From: 480K(512K)->0K(512K)
[0.250s][info][gc,heap        ] GC(4) ParOldGen: 1068K(1536K)->1496K(3584K)
[0.250s][info][gc,metaspace   ] GC(4) Metaspace: 6297K(6464K)->6297K(6464K) NonClass: 5763K(5824K)->5763K(5824K) Class: 533K(640K)->533K(640K)
[0.250s][info][gc             ] GC(4) Pause Full (Ergonomics) 1M->1M(6M) 4.996ms
[0.250s][info][gc,cpu         ] GC(4) User=0.00s Sys=0.00s Real=0.01s
[0.253s][info][gc,start       ] GC(5) Pause Young (Allocation Failure)
[0.255s][info][gc,heap        ] GC(5) PSYoungGen: 2048K(2560K)->480K(3584K) Eden: 2048K(2048K)->0K(3072K) From: 0K(512K)->480K(512K)
[0.255s][info][gc,heap        ] GC(5) ParOldGen: 1496K(3584K)->2112K(3584K)
[0.255s][info][gc,metaspace   ] GC(5) Metaspace: 6297K(6464K)->6297K(6464K) NonClass: 5763K(5824K)->5763K(5824K) Class: 533K(640K)->533K(640K)
[0.255s][info][gc             ] GC(5) Pause Young (Allocation Failure) 3M->2M(7M) 1.516ms
[0.255s][info][gc,cpu         ] GC(5) User=0.00s Sys=0.00s Real=0.00s
[0.261s][info][gc,start       ] GC(6) Pause Young (Allocation Failure)
[0.263s][info][gc,heap        ] GC(6) PSYoungGen: 3552K(3584K)->1504K(4608K) Eden: 3072K(3072K)->0K(3072K) From: 480K(512K)->1504K(1536K)
[0.263s][info][gc,heap        ] GC(6) ParOldGen: 2112K(3584K)->2680K(3584K)
[0.263s][info][gc,metaspace   ] GC(6) Metaspace: 6297K(6464K)->6297K(6464K) NonClass: 5763K(5824K)->5763K(5824K) Class: 533K(640K)->533K(640K)
[0.263s][info][gc             ] GC(6) Pause Young (Allocation Failure) 5M->4M(8M) 2.377ms
[0.263s][info][gc,cpu         ] GC(6) User=0.00s Sys=0.00s Real=0.00s
[0.268s][info][gc,start       ] GC(7) Pause Young (Allocation Failure)
[0.271s][info][gc,heap        ] GC(7) PSYoungGen: 4576K(4608K)->2016K(7168K) Eden: 3072K(3072K)->0K(5120K) From: 1504K(1536K)->2016K(2048K)
[0.271s][info][gc,heap        ] GC(7) ParOldGen: 2680K(3584K)->3768K(4096K)
[0.271s][info][gc,metaspace   ] GC(7) Metaspace: 6297K(6464K)->6297K(6464K) NonClass: 5763K(5824K)->5763K(5824K) Class: 533K(640K)->533K(640K)
[0.271s][info][gc             ] GC(7) Pause Young (Allocation Failure) 7M->5M(11M) 2.746ms
[0.271s][info][gc,cpu         ] GC(7) User=0.00s Sys=0.00s Real=0.00s
[0.271s][info][gc,start       ] GC(8) Pause Full (Ergonomics)
[0.271s][info][gc,phases,start] GC(8) Marking Phase
[0.274s][info][gc,phases      ] GC(8) Marking Phase 2.911ms
[0.274s][info][gc,phases,start] GC(8) Summary Phase
[0.274s][info][gc,phases      ] GC(8) Summary Phase 0.015ms
[0.274s][info][gc,phases,start] GC(8) Adjust Roots
[0.275s][info][gc,phases      ] GC(8) Adjust Roots 0.346ms
[0.275s][info][gc,phases,start] GC(8) Compaction Phase
[0.278s][info][gc,phases      ] GC(8) Compaction Phase 3.249ms
[0.278s][info][gc,phases,start] GC(8) Post Compact
[0.278s][info][gc,phases      ] GC(8) Post Compact 0.044ms
[0.278s][info][gc,heap        ] GC(8) PSYoungGen: 2016K(7168K)->2012K(7168K) Eden: 0K(5120K)->0K(5120K) From: 2016K(2048K)->2012K(2048K)
[0.278s][info][gc,heap        ] GC(8) ParOldGen: 3768K(4096K)->3682K(6656K)
[0.278s][info][gc,metaspace   ] GC(8) Metaspace: 6297K(6464K)->6297K(6464K) NonClass: 5763K(5824K)->5763K(5824K) Class: 533K(640K)->533K(640K)
[0.278s][info][gc             ] GC(8) Pause Full (Ergonomics) 5M->5M(13M) 6.849ms
[0.278s][info][gc,cpu         ] GC(8) User=0.00s Sys=0.00s Real=0.01s
[0.287s][info][gc,start       ] GC(9) Pause Young (Allocation Failure)
[0.292s][info][gc,heap        ] GC(9) PSYoungGen: 7132K(7168K)->3040K(8192K) Eden: 5120K(5120K)->0K(5120K) From: 2012K(2048K)->3040K(3072K)
[0.293s][info][gc,heap        ] GC(9) ParOldGen: 3682K(6656K)->5330K(6656K)
[0.293s][info][gc,metaspace   ] GC(9) Metaspace: 6297K(6464K)->6297K(6464K) NonClass: 5763K(5824K)->5763K(5824K) Class: 533K(640K)->533K(640K)
[0.293s][info][gc             ] GC(9) Pause Young (Allocation Failure) 10M->8M(14M) 6.057ms
[0.293s][info][gc,cpu         ] GC(9) User=0.02s Sys=0.00s Real=0.01s
[0.293s][info][gc,start       ] GC(10) Pause Full (Ergonomics)
[0.293s][info][gc,phases,start] GC(10) Marking Phase
[0.297s][info][gc,phases      ] GC(10) Marking Phase 4.186ms
[0.297s][info][gc,phases,start] GC(10) Summary Phase
[0.297s][info][gc,phases      ] GC(10) Summary Phase 0.016ms
[0.297s][info][gc,phases,start] GC(10) Adjust Roots
[0.297s][info][gc,phases      ] GC(10) Adjust Roots 0.201ms
[0.297s][info][gc,phases,start] GC(10) Compaction Phase
[0.300s][info][gc,phases      ] GC(10) Compaction Phase 2.690ms
[0.300s][info][gc,phases,start] GC(10) Post Compact
[0.300s][info][gc,phases      ] GC(10) Post Compact 0.055ms
[0.300s][info][gc,heap        ] GC(10) PSYoungGen: 3040K(8192K)->2012K(8192K) Eden: 0K(5120K)->0K(5120K) From: 3040K(3072K)->2012K(3072K)
[0.300s][info][gc,heap        ] GC(10) ParOldGen: 5330K(6656K)->6318K(10240K)
[0.300s][info][gc,metaspace   ] GC(10) Metaspace: 6297K(6464K)->6297K(6464K) NonClass: 5763K(5824K)->5763K(5824K) Class: 533K(640K)->533K(640K)
[0.300s][info][gc             ] GC(10) Pause Full (Ergonomics) 8M->8M(18M) 7.494ms
[0.300s][info][gc,cpu         ] GC(10) User=0.00s Sys=0.00s Real=0.01s
[0.305s][info][gc,start       ] GC(11) Pause Young (Allocation Failure)
[0.309s][info][gc,heap        ] GC(11) PSYoungGen: 7132K(8192K)->4160K(11264K) Eden: 5120K(5120K)->0K(6656K) From: 2012K(3072K)->4160K(4608K)
[0.309s][info][gc,heap        ] GC(11) ParOldGen: 6318K(10240K)->6862K(10240K)
[0.309s][info][gc,metaspace   ] GC(11) Metaspace: 6297K(6464K)->6297K(6464K) NonClass: 5763K(5824K)->5763K(5824K) Class: 533K(640K)->533K(640K)
[0.309s][info][gc             ] GC(11) Pause Young (Allocation Failure) 13M->10M(21M) 4.216ms
[0.309s][info][gc,cpu         ] GC(11) User=0.00s Sys=0.00s Real=0.00s
[0.317s][info][gc,start       ] GC(12) Pause Young (Allocation Failure)
[0.323s][info][gc,heap        ] GC(12) PSYoungGen: 10816K(11264K)->5088K(11776K) Eden: 6656K(6656K)->0K(6656K) From: 4160K(4608K)->5088K(5120K)
[0.323s][info][gc,heap        ] GC(12) ParOldGen: 6862K(10240K)->9638K(10240K)
[0.323s][info][gc,metaspace   ] GC(12) Metaspace: 6297K(6464K)->6297K(6464K) NonClass: 5763K(5824K)->5763K(5824K) Class: 533K(640K)->533K(640K)
[0.323s][info][gc             ] GC(12) Pause Young (Allocation Failure) 17M->14M(21M) 6.083ms
[0.323s][info][gc,cpu         ] GC(12) User=0.02s Sys=0.00s Real=0.01s
[0.323s][info][gc,start       ] GC(13) Pause Full (Ergonomics)
[0.323s][info][gc,phases,start] GC(13) Marking Phase
[0.330s][info][gc,phases      ] GC(13) Marking Phase 6.809ms
[0.330s][info][gc,phases,start] GC(13) Summary Phase
[0.330s][info][gc,phases      ] GC(13) Summary Phase 0.016ms
[0.330s][info][gc,phases,start] GC(13) Adjust Roots
[0.330s][info][gc,phases      ] GC(13) Adjust Roots 0.226ms
[0.330s][info][gc,phases,start] GC(13) Compaction Phase
[0.338s][info][gc,phases      ] GC(13) Compaction Phase 7.872ms
[0.338s][info][gc,phases,start] GC(13) Post Compact
[0.338s][info][gc,phases      ] GC(13) Post Compact 0.052ms
[0.338s][info][gc,heap        ] GC(13) PSYoungGen: 5088K(11776K)->4439K(11776K) Eden: 0K(6656K)->0K(6656K) From: 5088K(5120K)->4439K(5120K)
[0.338s][info][gc,heap        ] GC(13) ParOldGen: 9638K(10240K)->9956K(15360K)
[0.338s][info][gc,metaspace   ] GC(13) Metaspace: 6297K(6464K)->6297K(6464K) NonClass: 5763K(5824K)->5763K(5824K) Class: 533K(640K)->533K(640K)
[0.338s][info][gc             ] GC(13) Pause Full (Ergonomics) 14M->14M(26M) 15.245ms
[0.338s][info][gc,cpu         ] GC(13) User=0.00s Sys=0.00s Real=0.01s
[0.343s][info][gc,start       ] GC(14) Pause Young (Allocation Failure)
[0.350s][info][gc,heap        ] GC(14) PSYoungGen: 11095K(11776K)->3424K(16384K) Eden: 6656K(6656K)->0K(9216K) From: 4439K(5120K)->3424K(7168K)
[0.350s][info][gc,heap        ] GC(14) ParOldGen: 9956K(15360K)->14476K(15360K)
[0.350s][info][gc,metaspace   ] GC(14) Metaspace: 6299K(6464K)->6299K(6464K) NonClass: 5765K(5824K)->5765K(5824K) Class: 533K(640K)->533K(640K)
[0.350s][info][gc             ] GC(14) Pause Young (Allocation Failure) 20M->17M(31M) 6.816ms
[0.350s][info][gc,cpu         ] GC(14) User=0.00s Sys=0.00s Real=0.01s
[0.350s][info][gc,start       ] GC(15) Pause Full (Ergonomics)
[0.350s][info][gc,phases,start] GC(15) Marking Phase
[0.358s][info][gc,phases      ] GC(15) Marking Phase 8.210ms
[0.358s][info][gc,phases,start] GC(15) Summary Phase
[0.358s][info][gc,phases      ] GC(15) Summary Phase 0.025ms
[0.358s][info][gc,phases,start] GC(15) Adjust Roots
[0.359s][info][gc,phases      ] GC(15) Adjust Roots 0.236ms
[0.359s][info][gc,phases,start] GC(15) Compaction Phase
[0.365s][info][gc,phases      ] GC(15) Compaction Phase 5.837ms
[0.365s][info][gc,phases,start] GC(15) Post Compact
[0.365s][info][gc,phases      ] GC(15) Post Compact 0.119ms
[0.365s][info][gc,heap        ] GC(15) PSYoungGen: 3424K(16384K)->2891K(16384K) Eden: 0K(9216K)->0K(9216K) From: 3424K(7168K)->2891K(7168K)
[0.365s][info][gc,heap        ] GC(15) ParOldGen: 14476K(15360K)->14907K(22528K)
[0.365s][info][gc,metaspace   ] GC(15) Metaspace: 6299K(6464K)->6299K(6464K) NonClass: 5765K(5824K)->5765K(5824K) Class: 533K(640K)->533K(640K)
[0.365s][info][gc             ] GC(15) Pause Full (Ergonomics) 17M->17M(38M) 14.745ms
[0.365s][info][gc,cpu         ] GC(15) User=0.00s Sys=0.00s Real=0.01s
[0.371s][info][gc,start       ] GC(16) Pause Young (Allocation Failure)
[0.377s][info][gc,heap        ] GC(16) PSYoungGen: 12107K(16384K)->4800K(16384K) Eden: 9216K(9216K)->0K(9216K) From: 2891K(7168K)->4800K(7168K)
[0.377s][info][gc,heap        ] GC(16) ParOldGen: 14907K(22528K)->17851K(22528K)
[0.377s][info][gc,metaspace   ] GC(16) Metaspace: 6299K(6464K)->6299K(6464K) NonClass: 5765K(5824K)->5765K(5824K) Class: 533K(640K)->533K(640K)
[0.377s][info][gc             ] GC(16) Pause Young (Allocation Failure) 26M->22M(38M) 6.522ms
[0.377s][info][gc,cpu         ] GC(16) User=0.00s Sys=0.00s Real=0.01s
[0.386s][info][gc,start       ] GC(17) Pause Young (Allocation Failure)
[0.396s][info][gc,heap        ] GC(17) PSYoungGen: 14016K(16384K)->7136K(16384K) Eden: 9216K(9216K)->0K(9216K) From: 4800K(7168K)->7136K(7168K)
[0.396s][info][gc,heap        ] GC(17) ParOldGen: 17851K(22528K)->20803K(22528K)
[0.396s][info][gc,metaspace   ] GC(17) Metaspace: 6299K(6464K)->6299K(6464K) NonClass: 5765K(5824K)->5765K(5824K) Class: 533K(640K)->533K(640K)
[0.396s][info][gc             ] GC(17) Pause Young (Allocation Failure) 31M->27M(38M) 9.335ms
[0.396s][info][gc,cpu         ] GC(17) User=0.00s Sys=0.00s Real=0.01s
[0.396s][info][gc,start       ] GC(18) Pause Full (Ergonomics)
[0.396s][info][gc,phases,start] GC(18) Marking Phase
[0.407s][info][gc,phases      ] GC(18) Marking Phase 11.802ms
[0.408s][info][gc,phases,start] GC(18) Summary Phase
[0.408s][info][gc,phases      ] GC(18) Summary Phase 0.015ms
[0.408s][info][gc,phases,start] GC(18) Adjust Roots
[0.408s][info][gc,phases      ] GC(18) Adjust Roots 0.177ms
[0.408s][info][gc,phases,start] GC(18) Compaction Phase
[0.417s][info][gc,phases      ] GC(18) Compaction Phase 9.121ms
[0.417s][info][gc,phases,start] GC(18) Post Compact
[0.417s][info][gc,phases      ] GC(18) Post Compact 0.093ms
[0.417s][info][gc,heap        ] GC(18) PSYoungGen: 7136K(16384K)->5078K(16384K) Eden: 0K(9216K)->0K(9216K) From: 7136K(7168K)->5078K(7168K)
[0.417s][info][gc,heap        ] GC(18) ParOldGen: 20803K(22528K)->22227K(32256K)
[0.417s][info][gc,metaspace   ] GC(18) Metaspace: 6299K(6464K)->6299K(6464K) NonClass: 5765K(5824K)->5765K(5824K) Class: 533K(640K)->533K(640K)
[0.417s][info][gc             ] GC(18) Pause Full (Ergonomics) 27M->26M(47M) 21.591ms
[0.417s][info][gc,cpu         ] GC(18) User=0.00s Sys=0.00s Real=0.02s
[0.422s][info][gc,start       ] GC(19) Pause Young (Allocation Failure)
[0.431s][info][gc,heap        ] GC(19) PSYoungGen: 14294K(16384K)->4800K(18944K) Eden: 9216K(9216K)->0K(9216K) From: 5078K(7168K)->4800K(9728K)
[0.431s][info][gc,heap        ] GC(19) ParOldGen: 22227K(32256K)->27387K(32256K)
[0.431s][info][gc,metaspace   ] GC(19) Metaspace: 6299K(6464K)->6299K(6464K) NonClass: 5765K(5824K)->5765K(5824K) Class: 533K(640K)->533K(640K)
[0.431s][info][gc             ] GC(19) Pause Young (Allocation Failure) 35M->31M(50M) 8.652ms
[0.431s][info][gc,cpu         ] GC(19) User=0.02s Sys=0.00s Real=0.01s
[0.431s][info][gc,start       ] GC(20) Pause Full (Ergonomics)
[0.431s][info][gc,phases,start] GC(20) Marking Phase
[0.444s][info][gc,phases      ] GC(20) Marking Phase 13.065ms
[0.444s][info][gc,phases,start] GC(20) Summary Phase
[0.444s][info][gc,phases      ] GC(20) Summary Phase 0.023ms
[0.444s][info][gc,phases,start] GC(20) Adjust Roots
[0.445s][info][gc,phases      ] GC(20) Adjust Roots 0.174ms
[0.445s][info][gc,phases,start] GC(20) Compaction Phase
[0.454s][info][gc,phases      ] GC(20) Compaction Phase 9.277ms
[0.454s][info][gc,phases,start] GC(20) Post Compact
[0.454s][info][gc,phases      ] GC(20) Post Compact 0.214ms
[0.454s][info][gc,heap        ] GC(20) PSYoungGen: 4800K(18944K)->0K(20480K) Eden: 0K(9216K)->0K(11776K) From: 4800K(9728K)->0K(8704K)
[0.454s][info][gc,heap        ] GC(20) ParOldGen: 27387K(32256K)->32066K(44544K)
[0.454s][info][gc,metaspace   ] GC(20) Metaspace: 6299K(6464K)->6299K(6464K) NonClass: 5765K(5824K)->5765K(5824K) Class: 533K(640K)->533K(640K)
[0.454s][info][gc             ] GC(20) Pause Full (Ergonomics) 31M->31M(63M) 23.177ms
[0.454s][info][gc,cpu         ] GC(20) User=0.00s Sys=0.00s Real=0.02s
[0.465s][info][gc,start       ] GC(21) Pause Young (Allocation Failure)
[0.473s][info][gc,heap        ] GC(21) PSYoungGen: 11776K(20480K)->9216K(20992K) Eden: 11776K(11776K)->0K(11776K) From: 0K(8704K)->9216K(9216K)
[0.473s][info][gc,heap        ] GC(21) ParOldGen: 32066K(44544K)->33722K(44544K)
[0.473s][info][gc,metaspace   ] GC(21) Metaspace: 6299K(6464K)->6299K(6464K) NonClass: 5765K(5824K)->5765K(5824K) Class: 533K(640K)->533K(640K)
[0.473s][info][gc             ] GC(21) Pause Young (Allocation Failure) 42M->41M(64M) 8.088ms
[0.473s][info][gc,cpu         ] GC(21) User=0.00s Sys=0.00s Real=0.01s
[0.489s][info][gc,start       ] GC(22) Pause Young (Allocation Failure)
[0.505s][info][gc,heap        ] GC(22) PSYoungGen: 20992K(20992K)->11744K(21504K) Eden: 11776K(11776K)->0K(9728K) From: 9216K(9216K)->11744K(11776K)
[0.505s][info][gc,heap        ] GC(22) ParOldGen: 33722K(44544K)->43106K(44544K)
[0.505s][info][gc,metaspace   ] GC(22) Metaspace: 6299K(6464K)->6299K(6464K) NonClass: 5765K(5824K)->5765K(5824K) Class: 533K(640K)->533K(640K)
[0.505s][info][gc             ] GC(22) Pause Young (Allocation Failure) 53M->53M(64M) 16.053ms
[0.505s][info][gc,cpu         ] GC(22) User=0.00s Sys=0.00s Real=0.02s
[0.505s][info][gc,start       ] GC(23) Pause Full (Ergonomics)
[0.505s][info][gc,phases,start] GC(23) Marking Phase
[0.525s][info][gc,phases      ] GC(23) Marking Phase 20.704ms
[0.525s][info][gc,phases,start] GC(23) Summary Phase
[0.525s][info][gc,phases      ] GC(23) Summary Phase 0.017ms
[0.525s][info][gc,phases,start] GC(23) Adjust Roots
[0.526s][info][gc,phases      ] GC(23) Adjust Roots 0.178ms
[0.526s][info][gc,phases,start] GC(23) Compaction Phase
[0.542s][info][gc,phases      ] GC(23) Compaction Phase 15.812ms
[0.542s][info][gc,phases,start] GC(23) Post Compact
[0.542s][info][gc,phases      ] GC(23) Post Compact 0.195ms
[0.542s][info][gc,heap        ] GC(23) PSYoungGen: 11744K(21504K)->9166K(21504K) Eden: 0K(9728K)->0K(9728K) From: 11744K(11776K)->9166K(11776K)
[0.542s][info][gc,heap        ] GC(23) ParOldGen: 43106K(44544K)->44446K(60928K)
[0.542s][info][gc,metaspace   ] GC(23) Metaspace: 6299K(6464K)->6299K(6464K) NonClass: 5765K(5824K)->5765K(5824K) Class: 533K(640K)->533K(640K)
[0.542s][info][gc             ] GC(23) Pause Full (Ergonomics) 53M->52M(80M) 37.259ms
[0.542s][info][gc,cpu         ] GC(23) User=0.05s Sys=0.00s Real=0.04s
[0.551s][info][gc,start       ] GC(24) Pause Young (Allocation Failure)
[0.566s][info][gc,heap        ] GC(24) PSYoungGen: 18894K(21504K)->9728K(26624K) Eden: 9728K(9728K)->0K(9728K) From: 9166K(11776K)->9728K(16896K)
[0.567s][info][gc,heap        ] GC(24) ParOldGen: 44446K(60928K)->53766K(60928K)
[0.567s][info][gc,metaspace   ] GC(24) Metaspace: 6299K(6464K)->6299K(6464K) NonClass: 5765K(5824K)->5765K(5824K) Class: 533K(640K)->533K(640K)
[0.567s][info][gc             ] GC(24) Pause Young (Allocation Failure) 61M->62M(85M) 15.112ms
[0.567s][info][gc,cpu         ] GC(24) User=0.02s Sys=0.00s Real=0.02s
[0.567s][info][gc,start       ] GC(25) Pause Full (Ergonomics)
[0.567s][info][gc,phases,start] GC(25) Marking Phase
[0.592s][info][gc,phases      ] GC(25) Marking Phase 25.118ms
[0.592s][info][gc,phases,start] GC(25) Summary Phase
[0.592s][info][gc,phases      ] GC(25) Summary Phase 0.017ms
[0.592s][info][gc,phases,start] GC(25) Adjust Roots
[0.592s][info][gc,phases      ] GC(25) Adjust Roots 0.179ms
[0.592s][info][gc,phases,start] GC(25) Compaction Phase
[0.608s][info][gc,phases      ] GC(25) Compaction Phase 16.148ms
[0.608s][info][gc,phases,start] GC(25) Post Compact
[0.609s][info][gc,phases      ] GC(25) Post Compact 0.343ms
[0.609s][info][gc,heap        ] GC(25) PSYoungGen: 9728K(26624K)->2540K(26624K) Eden: 0K(9728K)->0K(9728K) From: 9728K(16896K)->2540K(16896K)
[0.609s][info][gc,heap        ] GC(25) ParOldGen: 53766K(60928K)->60766K(81408K)
[0.609s][info][gc,metaspace   ] GC(25) Metaspace: 6299K(6464K)->6299K(6464K) NonClass: 5765K(5824K)->5765K(5824K) Class: 533K(640K)->533K(640K)
[0.609s][info][gc             ] GC(25) Pause Full (Ergonomics) 62M->61M(105M) 42.201ms
[0.609s][info][gc,cpu         ] GC(25) User=0.08s Sys=0.00s Real=0.04s
[0.618s][info][gc,start       ] GC(26) Pause Young (Allocation Failure)
[0.630s][info][gc,heap        ] GC(26) PSYoungGen: 12268K(26624K)->12288K(28160K) Eden: 9728K(9728K)->0K(10752K) From: 2540K(16896K)->12288K(17408K)
[0.630s][info][gc,heap        ] GC(26) ParOldGen: 60766K(81408K)->60766K(81408K)
[0.630s][info][gc,metaspace   ] GC(26) Metaspace: 6299K(6464K)->6299K(6464K) NonClass: 5765K(5824K)->5765K(5824K) Class: 533K(640K)->533K(640K)
[0.630s][info][gc             ] GC(26) Pause Young (Allocation Failure) 71M->71M(107M) 12.407ms
[0.630s][info][gc,cpu         ] GC(26) User=0.00s Sys=0.00s Real=0.01s
[0.641s][info][gc,start       ] GC(27) Pause Young (Allocation Failure)
[0.656s][info][gc,heap        ] GC(27) PSYoungGen: 23040K(28160K)->18432K(29184K) Eden: 10752K(10752K)->0K(10752K) From: 12288K(17408K)->18432K(18432K)
[0.656s][info][gc,heap        ] GC(27) ParOldGen: 60766K(81408K)->65406K(81408K)
[0.656s][info][gc,metaspace   ] GC(27) Metaspace: 6299K(6464K)->6299K(6464K) NonClass: 5765K(5824K)->5765K(5824K) Class: 533K(640K)->533K(640K)
[0.656s][info][gc             ] GC(27) Pause Young (Allocation Failure) 81M->81M(108M) 15.364ms
[0.656s][info][gc,cpu         ] GC(27) User=0.02s Sys=0.00s Real=0.02s
[0.675s][info][gc,start       ] GC(28) Pause Young (Allocation Failure)
[0.699s][info][gc,heap        ] GC(28) PSYoungGen: 29184K(29184K)->19840K(32768K) Eden: 10752K(10752K)->0K(9728K) From: 18432K(18432K)->19840K(23040K)
[0.699s][info][gc,heap        ] GC(28) ParOldGen: 65406K(81408K)->74886K(81408K)
[0.699s][info][gc,metaspace   ] GC(28) Metaspace: 6299K(6464K)->6299K(6464K) NonClass: 5765K(5824K)->5765K(5824K) Class: 533K(640K)->533K(640K)
[0.699s][info][gc             ] GC(28) Pause Young (Allocation Failure) 92M->92M(111M) 24.064ms
[0.699s][info][gc,cpu         ] GC(28) User=0.03s Sys=0.00s Real=0.02s
[0.699s][info][gc,start       ] GC(29) Pause Full (Ergonomics)
[0.699s][info][gc,phases,start] GC(29) Marking Phase
[0.735s][info][gc,phases      ] GC(29) Marking Phase 36.191ms
[0.735s][info][gc,phases,start] GC(29) Summary Phase
[0.735s][info][gc,phases      ] GC(29) Summary Phase 0.020ms
[0.735s][info][gc,phases,start] GC(29) Adjust Roots
[0.735s][info][gc,phases      ] GC(29) Adjust Roots 0.180ms
[0.735s][info][gc,phases,start] GC(29) Compaction Phase
[0.764s][info][gc,phases      ] GC(29) Compaction Phase 28.451ms
[0.764s][info][gc,phases,start] GC(29) Post Compact
[0.764s][info][gc,phases      ] GC(29) Post Compact 0.320ms
[0.764s][info][gc,heap        ] GC(29) PSYoungGen: 19840K(32768K)->11109K(32768K) Eden: 0K(9728K)->0K(9728K) From: 19840K(23040K)->11109K(23040K)
[0.764s][info][gc,heap        ] GC(29) ParOldGen: 74886K(81408K)->81300K(105472K)
[0.764s][info][gc,metaspace   ] GC(29) Metaspace: 6299K(6464K)->6299K(6464K) NonClass: 5765K(5824K)->5765K(5824K) Class: 533K(640K)->533K(640K)
[0.765s][info][gc             ] GC(29) Pause Full (Ergonomics) 92M->90M(135M) 65.557ms
[0.765s][info][gc,cpu         ] GC(29) User=0.09s Sys=0.00s Real=0.07s
[0.776s][info][gc,start       ] GC(30) Pause Young (Allocation Failure)
[0.790s][info][gc,heap        ] GC(30) PSYoungGen: 20837K(32768K)->20928K(35840K) Eden: 9728K(9728K)->0K(9728K) From: 11109K(23040K)->20928K(26112K)
[0.790s][info][gc,heap        ] GC(30) ParOldGen: 81300K(105472K)->81300K(105472K)
[0.790s][info][gc,metaspace   ] GC(30) Metaspace: 6299K(6464K)->6299K(6464K) NonClass: 5765K(5824K)->5765K(5824K) Class: 533K(640K)->533K(640K)
[0.790s][info][gc             ] GC(30) Pause Young (Allocation Failure) 99M->99M(138M) 14.692ms
[0.790s][info][gc,cpu         ] GC(30) User=0.00s Sys=0.00s Real=0.01s
[0.799s][info][gc,start       ] GC(31) Pause Young (Allocation Failure)
[0.817s][info][gc,heap        ] GC(31) PSYoungGen: 30656K(35840K)->28672K(35328K) Eden: 9728K(9728K)->0K(6656K) From: 20928K(26112K)->28672K(28672K)
[0.817s][info][gc,heap        ] GC(31) ParOldGen: 81300K(105472K)->83236K(105472K)
[0.817s][info][gc,metaspace   ] GC(31) Metaspace: 6299K(6464K)->6299K(6464K) NonClass: 5765K(5824K)->5765K(5824K) Class: 533K(640K)->533K(640K)
[0.817s][info][gc             ] GC(31) Pause Young (Allocation Failure) 109M->109M(137M) 18.306ms
[0.817s][info][gc,cpu         ] GC(31) User=0.03s Sys=0.02s Real=0.02s
[0.825s][info][gc,start       ] GC(32) Pause Young (Allocation Failure)
[0.842s][info][gc,heap        ] GC(32) PSYoungGen: 35328K(35328K)->25152K(40448K) Eden: 6656K(6656K)->0K(6656K) From: 28672K(28672K)->25152K(33792K)
[0.842s][info][gc,heap        ] GC(32) ParOldGen: 83236K(105472K)->93604K(105472K)
[0.842s][info][gc,metaspace   ] GC(32) Metaspace: 6299K(6464K)->6299K(6464K) NonClass: 5765K(5824K)->5765K(5824K) Class: 533K(640K)->533K(640K)
[0.842s][info][gc             ] GC(32) Pause Young (Allocation Failure) 115M->115M(142M) 16.669ms
[0.842s][info][gc,cpu         ] GC(32) User=0.05s Sys=0.00s Real=0.02s
[0.842s][info][gc,start       ] GC(33) Pause Full (Ergonomics)
[0.842s][info][gc,phases,start] GC(33) Marking Phase
[0.877s][info][gc,phases      ] GC(33) Marking Phase 35.063ms
[0.877s][info][gc,phases,start] GC(33) Summary Phase
[0.877s][info][gc,phases      ] GC(33) Summary Phase 0.029ms
[0.877s][info][gc,phases,start] GC(33) Adjust Roots
[0.877s][info][gc,phases      ] GC(33) Adjust Roots 0.170ms
[0.877s][info][gc,phases,start] GC(33) Compaction Phase
[0.897s][info][gc,phases      ] GC(33) Compaction Phase 19.861ms
[0.897s][info][gc,phases,start] GC(33) Post Compact
[0.898s][info][gc,phases      ] GC(33) Post Compact 0.528ms
[0.898s][info][gc,heap        ] GC(33) PSYoungGen: 25152K(40448K)->13289K(40448K) Eden: 0K(6656K)->0K(6656K) From: 25152K(33792K)->13289K(33792K)
[0.898s][info][gc,heap        ] GC(33) ParOldGen: 93604K(105472K)->105143K(131584K)
[0.898s][info][gc,metaspace   ] GC(33) Metaspace: 6299K(6464K)->6299K(6464K) NonClass: 5765K(5824K)->5765K(5824K) Class: 533K(640K)->533K(640K)
[0.898s][info][gc             ] GC(33) Pause Full (Ergonomics) 115M->115M(168M) 56.081ms
[0.898s][info][gc,cpu         ] GC(33) User=0.12s Sys=0.00s Real=0.06s
[0.904s][info][gc,start       ] GC(34) Pause Young (Allocation Failure)
[0.918s][info][gc,heap        ] GC(34) PSYoungGen: 19945K(40448K)->15936K(40960K) Eden: 6656K(6656K)->0K(8192K) From: 13289K(33792K)->15936K(32768K)
[0.918s][info][gc,heap        ] GC(34) ParOldGen: 105143K(131584K)->109295K(131584K)
[0.918s][info][gc,metaspace   ] GC(34) Metaspace: 6299K(6464K)->6299K(6464K) NonClass: 5765K(5824K)->5765K(5824K) Class: 533K(640K)->533K(640K)
[0.918s][info][gc             ] GC(34) Pause Young (Allocation Failure) 122M->122M(168M) 13.850ms
[0.918s][info][gc,cpu         ] GC(34) User=0.02s Sys=0.00s Real=0.01s
[0.925s][info][gc,start       ] GC(35) Pause Young (Allocation Failure)
[0.937s][info][gc,heap        ] GC(35) PSYoungGen: 24128K(40960K)->19136K(43008K) Eden: 8192K(8192K)->0K(8192K) From: 15936K(32768K)->19136K(34816K)
[0.937s][info][gc,heap        ] GC(35) ParOldGen: 109295K(131584K)->114399K(131584K)
[0.937s][info][gc,metaspace   ] GC(35) Metaspace: 6299K(6464K)->6299K(6464K) NonClass: 5765K(5824K)->5765K(5824K) Class: 533K(640K)->533K(640K)
[0.937s][info][gc             ] GC(35) Pause Young (Allocation Failure) 130M->130M(170M) 11.562ms
[0.937s][info][gc,cpu         ] GC(35) User=0.03s Sys=0.00s Real=0.01s
[0.945s][info][gc,start       ] GC(36) Pause Young (Allocation Failure)
[0.957s][info][gc,heap        ] GC(36) PSYoungGen: 27328K(43008K)->23072K(43520K) Eden: 8192K(8192K)->0K(8704K) From: 19136K(34816K)->23072K(34816K)
[0.957s][info][gc,heap        ] GC(36) ParOldGen: 114399K(131584K)->118687K(131584K)
[0.957s][info][gc,metaspace   ] GC(36) Metaspace: 6299K(6464K)->6299K(6464K) NonClass: 5765K(5824K)->5765K(5824K) Class: 533K(640K)->533K(640K)
[0.957s][info][gc             ] GC(36) Pause Young (Allocation Failure) 138M->138M(171M) 12.408ms
[0.957s][info][gc,cpu         ] GC(36) User=0.00s Sys=0.00s Real=0.01s
[0.966s][info][gc,start       ] GC(37) Pause Young (Allocation Failure)
[0.981s][info][gc,heap        ] GC(37) PSYoungGen: 31776K(43520K)->16896K(44544K) Eden: 8704K(8704K)->0K(8704K) From: 23072K(34816K)->16896K(35840K)
[0.981s][info][gc,heap        ] GC(37) ParOldGen: 118687K(131584K)->133711K(134144K)
[0.981s][info][gc,metaspace   ] GC(37) Metaspace: 6299K(6464K)->6299K(6464K) NonClass: 5765K(5824K)->5765K(5824K) Class: 533K(640K)->533K(640K)
[0.981s][info][gc             ] GC(37) Pause Young (Allocation Failure) 146M->147M(174M) 15.049ms
[0.981s][info][gc,cpu         ] GC(37) User=0.02s Sys=0.00s Real=0.01s
[0.981s][info][gc,start       ] GC(38) Pause Full (Ergonomics)
[0.981s][info][gc,phases,start] GC(38) Marking Phase
[1.022s][info][gc,phases      ] GC(38) Marking Phase 40.845ms
[1.022s][info][gc,phases,start] GC(38) Summary Phase
[1.022s][info][gc,phases      ] GC(38) Summary Phase 0.017ms
[1.022s][info][gc,phases,start] GC(38) Adjust Roots
[1.022s][info][gc,phases      ] GC(38) Adjust Roots 0.155ms
[1.022s][info][gc,phases,start] GC(38) Compaction Phase
[1.052s][info][gc,phases      ] GC(38) Compaction Phase 29.807ms
[1.052s][info][gc,phases,start] GC(38) Post Compact
[1.053s][info][gc,phases      ] GC(38) Post Compact 0.790ms
[1.053s][info][gc,heap        ] GC(38) PSYoungGen: 16896K(44544K)->16323K(44544K) Eden: 0K(8704K)->0K(8704K) From: 16896K(35840K)->16323K(35840K)
[1.053s][info][gc,heap        ] GC(38) ParOldGen: 133711K(134144K)->133731K(164352K)
[1.053s][info][gc,metaspace   ] GC(38) Metaspace: 6299K(6464K)->6299K(6464K) NonClass: 5765K(5824K)->5765K(5824K) Class: 533K(640K)->533K(640K)
[1.053s][info][gc             ] GC(38) Pause Full (Ergonomics) 147M->146M(204M) 72.077ms
[1.053s][info][gc,cpu         ] GC(38) User=0.17s Sys=0.00s Real=0.07s
[1.062s][info][gc,start       ] GC(39) Pause Young (Allocation Failure)
[1.081s][info][gc,heap        ] GC(39) PSYoungGen: 25027K(44544K)->8736K(43008K) Eden: 8704K(8704K)->0K(10240K) From: 16323K(35840K)->8736K(32768K)
[1.082s][info][gc,heap        ] GC(39) ParOldGen: 133731K(164352K)->150331K(164352K)
[1.082s][info][gc,metaspace   ] GC(39) Metaspace: 6299K(6464K)->6299K(6464K) NonClass: 5765K(5824K)->5765K(5824K) Class: 533K(640K)->533K(640K)
[1.082s][info][gc             ] GC(39) Pause Young (Allocation Failure) 155M->155M(202M) 19.633ms
[1.082s][info][gc,cpu         ] GC(39) User=0.03s Sys=0.03s Real=0.02s
[1.082s][info][gc,start       ] GC(40) Pause Full (Ergonomics)
[1.082s][info][gc,phases,start] GC(40) Marking Phase
[1.123s][info][gc,phases      ] GC(40) Marking Phase 41.776ms
[1.123s][info][gc,phases,start] GC(40) Summary Phase
[1.123s][info][gc,phases      ] GC(40) Summary Phase 0.022ms
[1.124s][info][gc,phases,start] GC(40) Adjust Roots
[1.124s][info][gc,phases      ] GC(40) Adjust Roots 0.190ms
[1.124s][info][gc,phases,start] GC(40) Compaction Phase
[1.141s][info][gc,phases      ] GC(40) Compaction Phase 17.551ms
[1.141s][info][gc,phases,start] GC(40) Post Compact
[1.142s][info][gc,phases      ] GC(40) Post Compact 0.808ms
[1.142s][info][gc,heap        ] GC(40) PSYoungGen: 8736K(43008K)->0K(44032K) Eden: 0K(10240K)->0K(10240K) From: 8736K(32768K)->0K(33792K)
[1.142s][info][gc,heap        ] GC(40) ParOldGen: 150331K(164352K)->158729K(194560K)
[1.142s][info][gc,metaspace   ] GC(40) Metaspace: 6299K(6464K)->6299K(6464K) NonClass: 5765K(5824K)->5765K(5824K) Class: 533K(640K)->533K(640K)
[1.142s][info][gc             ] GC(40) Pause Full (Ergonomics) 155M->155M(233M) 60.868ms
[1.143s][info][gc,cpu         ] GC(40) User=0.16s Sys=0.00s Real=0.06s
[1.153s][info][gc,start       ] GC(41) Pause Young (Allocation Failure)
[1.158s][info][gc,heap        ] GC(41) PSYoungGen: 10240K(44032K)->10304K(43520K) Eden: 10240K(10240K)->0K(11776K) From: 0K(33792K)->10304K(31744K)
[1.159s][info][gc,heap        ] GC(41) ParOldGen: 158729K(194560K)->158729K(194560K)
[1.159s][info][gc,metaspace   ] GC(41) Metaspace: 6299K(6464K)->6299K(6464K) NonClass: 5765K(5824K)->5765K(5824K) Class: 533K(640K)->533K(640K)
[1.159s][info][gc             ] GC(41) Pause Young (Allocation Failure) 165M->165M(232M) 5.884ms
[1.159s][info][gc,cpu         ] GC(41) User=0.00s Sys=0.00s Real=0.01s
[1.194s][info][gc,start       ] GC(42) Pause Young (Allocation Failure)
[1.209s][info][gc,heap        ] GC(42) PSYoungGen: 22080K(43520K)->22048K(44544K) Eden: 11776K(11776K)->0K(11776K) From: 10304K(31744K)->22048K(32768K)
[1.209s][info][gc,heap        ] GC(42) ParOldGen: 166921K(194560K)->166921K(194560K)
[1.209s][info][gc,metaspace   ] GC(42) Metaspace: 6299K(6464K)->6299K(6464K) NonClass: 5765K(5824K)->5765K(5824K) Class: 533K(640K)->533K(640K)
[1.209s][info][gc             ] GC(42) Pause Young (Allocation Failure) 184M->184M(233M) 14.963ms
[1.209s][info][gc,cpu         ] GC(42) User=0.02s Sys=0.00s Real=0.02s
[1.220s][info][gc,start       ] GC(43) Pause Young (Allocation Failure)
[1.236s][info][gc,heap        ] GC(43) PSYoungGen: 33824K(44544K)->33792K(41984K) Eden: 11776K(11776K)->0K(8192K) From: 22048K(32768K)->33792K(33792K)
[1.236s][info][gc,heap        ] GC(43) ParOldGen: 166921K(194560K)->166945K(194560K)
[1.236s][info][gc,metaspace   ] GC(43) Metaspace: 6299K(6464K)->6299K(6464K) NonClass: 5765K(5824K)->5765K(5824K) Class: 533K(640K)->533K(640K)
[1.236s][info][gc             ] GC(43) Pause Young (Allocation Failure) 196M->196M(231M) 15.862ms
[1.236s][info][gc,cpu         ] GC(43) User=0.02s Sys=0.00s Real=0.02s
[1.243s][info][gc,start       ] GC(44) Pause Young (Allocation Failure)
[1.264s][info][gc,heap        ] GC(44) PSYoungGen: 41984K(41984K)->20032K(47104K) Eden: 8192K(8192K)->0K(8192K) From: 33792K(33792K)->20032K(38912K)
[1.264s][info][gc,heap        ] GC(44) ParOldGen: 166945K(194560K)->189225K(194560K)
[1.264s][info][gc,metaspace   ] GC(44) Metaspace: 6299K(6464K)->6299K(6464K) NonClass: 5765K(5824K)->5765K(5824K) Class: 533K(640K)->533K(640K)
[1.264s][info][gc             ] GC(44) Pause Young (Allocation Failure) 204M->204M(236M) 20.502ms
[1.264s][info][gc,cpu         ] GC(44) User=0.05s Sys=0.00s Real=0.02s
[1.264s][info][gc,start       ] GC(45) Pause Full (Ergonomics)
[1.264s][info][gc,phases,start] GC(45) Marking Phase
[1.316s][info][gc,phases      ] GC(45) Marking Phase 52.208ms
[1.316s][info][gc,phases,start] GC(45) Summary Phase
[1.316s][info][gc,phases      ] GC(45) Summary Phase 0.018ms
[1.316s][info][gc,phases,start] GC(45) Adjust Roots
[1.316s][info][gc,phases      ] GC(45) Adjust Roots 0.149ms
[1.316s][info][gc,phases,start] GC(45) Compaction Phase
[1.357s][info][gc,phases      ] GC(45) Compaction Phase 40.272ms
[1.357s][info][gc,phases,start] GC(45) Post Compact
[1.358s][info][gc,phases      ] GC(45) Post Compact 0.973ms
[1.358s][info][gc,heap        ] GC(45) PSYoungGen: 20032K(47104K)->10194K(18432K) Eden: 0K(8192K)->0K(8192K) From: 20032K(38912K)->10194K(10240K)
[1.358s][info][gc,heap        ] GC(45) ParOldGen: 189225K(194560K)->194487K(237056K)
[1.358s][info][gc,metaspace   ] GC(45) Metaspace: 6299K(6464K)->6299K(6464K) NonClass: 5765K(5824K)->5765K(5824K) Class: 533K(640K)->533K(640K)
[1.358s][info][gc             ] GC(45) Pause Full (Ergonomics) 204M->199M(249M) 94.180ms
[1.358s][info][gc,cpu         ] GC(45) User=0.25s Sys=0.00s Real=0.10s
[1.368s][info][gc,start       ] GC(46) Pause Young (Allocation Failure)
[1.388s][info][gc,heap        ] GC(46) PSYoungGen: 18386K(18432K)->12832K(44544K) Eden: 8192K(8192K)->0K(9216K) From: 10194K(10240K)->12832K(35328K)
[1.388s][info][gc,heap        ] GC(46) ParOldGen: 194487K(237056K)->200199K(237056K)
[1.388s][info][gc,metaspace   ] GC(46) Metaspace: 6299K(6464K)->6299K(6464K) NonClass: 5765K(5824K)->5765K(5824K) Class: 533K(640K)->533K(640K)
[1.388s][info][gc             ] GC(46) Pause Young (Allocation Failure) 207M->208M(275M) 19.361ms
[1.388s][info][gc,cpu         ] GC(46) User=0.06s Sys=0.02s Real=0.02s
[1.397s][info][gc,start       ] GC(47) Pause Young (Allocation Failure)
[1.409s][info][gc,heap        ] GC(47) PSYoungGen: 22048K(44544K)->22048K(45568K) Eden: 9216K(9216K)->0K(9216K) From: 12832K(35328K)->22048K(36352K)
[1.409s][info][gc,heap        ] GC(47) ParOldGen: 200199K(237056K)->200199K(237056K)
[1.409s][info][gc,metaspace   ] GC(47) Metaspace: 6299K(6464K)->6299K(6464K) NonClass: 5765K(5824K)->5765K(5824K) Class: 533K(640K)->533K(640K)
[1.409s][info][gc             ] GC(47) Pause Young (Allocation Failure) 217M->217M(276M) 11.730ms
[1.409s][info][gc,cpu         ] GC(47) User=0.00s Sys=0.00s Real=0.01s
[1.419s][info][gc,start       ] GC(48) Pause Young (Allocation Failure)
[1.433s][info][gc,heap        ] GC(48) PSYoungGen: 31264K(45568K)->31264K(44032K) Eden: 9216K(9216K)->0K(7680K) From: 22048K(36352K)->31264K(36352K)
[1.433s][info][gc,heap        ] GC(48) ParOldGen: 200199K(237056K)->200199K(237056K)
[1.433s][info][gc,metaspace   ] GC(48) Metaspace: 6299K(6464K)->6299K(6464K) NonClass: 5765K(5824K)->5765K(5824K) Class: 533K(640K)->533K(640K)
[1.433s][info][gc             ] GC(48) Pause Young (Allocation Failure) 226M->226M(274M) 14.341ms
[1.433s][info][gc,cpu         ] GC(48) User=0.00s Sys=0.00s Real=0.01s
[1.442s][info][gc,start       ] GC(49) Pause Young (Allocation Failure)
[1.460s][info][gc,heap        ] GC(49) PSYoungGen: 38944K(44032K)->34336K(47104K) Eden: 7680K(7680K)->0K(7680K) From: 31264K(36352K)->34336K(39424K)
[1.460s][info][gc,heap        ] GC(49) ParOldGen: 200199K(237056K)->204855K(237056K)
[1.460s][info][gc,metaspace   ] GC(49) Metaspace: 6299K(6464K)->6299K(6464K) NonClass: 5765K(5824K)->5765K(5824K) Class: 533K(640K)->533K(640K)
[1.460s][info][gc             ] GC(49) Pause Young (Allocation Failure) 233M->233M(277M) 18.412ms
[1.460s][info][gc,cpu         ] GC(49) User=0.09s Sys=0.00s Real=0.02s
[1.469s][info][gc,start       ] GC(50) Pause Young (Allocation Failure)
[1.489s][info][gc,heap        ] GC(50) PSYoungGen: 42016K(47104K)->33856K(50176K) Eden: 7680K(7680K)->0K(6656K) From: 34336K(39424K)->33856K(43520K)
[1.489s][info][gc,heap        ] GC(50) ParOldGen: 204855K(237056K)->213175K(237056K)
[1.489s][info][gc,metaspace   ] GC(50) Metaspace: 6299K(6464K)->6299K(6464K) NonClass: 5765K(5824K)->5765K(5824K) Class: 533K(640K)->533K(640K)
[1.489s][info][gc             ] GC(50) Pause Young (Allocation Failure) 241M->241M(280M) 19.247ms
[1.489s][info][gc,cpu         ] GC(50) User=0.06s Sys=0.03s Real=0.02s
[1.496s][info][gc,start       ] GC(51) Pause Young (Allocation Failure)
[1.516s][info][gc,heap        ] GC(51) PSYoungGen: 40512K(50176K)->22048K(29184K) Eden: 6656K(6656K)->0K(6656K) From: 33856K(43520K)->22048K(22528K)
[1.516s][info][gc,heap        ] GC(51) ParOldGen: 213175K(237056K)->231839K(237056K)
[1.516s][info][gc,metaspace   ] GC(51) Metaspace: 6299K(6464K)->6299K(6464K) NonClass: 5765K(5824K)->5765K(5824K) Class: 533K(640K)->533K(640K)
[1.516s][info][gc             ] GC(51) Pause Young (Allocation Failure) 247M->247M(260M) 20.023ms
[1.516s][info][gc,cpu         ] GC(51) User=0.08s Sys=0.02s Real=0.02s
[1.516s][info][gc,start       ] GC(52) Pause Full (Ergonomics)
[1.516s][info][gc,phases,start] GC(52) Marking Phase
[1.578s][info][gc,phases      ] GC(52) Marking Phase 62.454ms
[1.578s][info][gc,phases,start] GC(52) Summary Phase
[1.578s][info][gc,phases      ] GC(52) Summary Phase 0.022ms
[1.579s][info][gc,phases,start] GC(52) Adjust Roots
[1.579s][info][gc,phases      ] GC(52) Adjust Roots 0.216ms
[1.579s][info][gc,phases,start] GC(52) Compaction Phase
[1.611s][info][gc,phases      ] GC(52) Compaction Phase 32.439ms
[1.611s][info][gc,phases,start] GC(52) Post Compact
[1.613s][info][gc,phases      ] GC(52) Post Compact 1.303ms
[1.613s][info][gc,heap        ] GC(52) PSYoungGen: 22048K(29184K)->16300K(29184K) Eden: 0K(6656K)->0K(6656K) From: 22048K(22528K)->16300K(22528K)
[1.613s][info][gc,heap        ] GC(52) ParOldGen: 231839K(237056K)->236837K(281600K)
[1.613s][info][gc,metaspace   ] GC(52) Metaspace: 6299K(6464K)->6299K(6464K) NonClass: 5765K(5824K)->5765K(5824K) Class: 533K(640K)->533K(640K)
[1.613s][info][gc             ] GC(52) Pause Full (Ergonomics) 247M->247M(303M) 97.017ms
[1.613s][info][gc,cpu         ] GC(52) User=0.41s Sys=0.00s Real=0.10s
[1.622s][info][gc,start       ] GC(53) Pause Young (Allocation Failure)
[1.644s][info][gc,heap        ] GC(53) PSYoungGen: 22956K(29184K)->11904K(50688K) Eden: 6656K(6656K)->0K(8192K) From: 16300K(22528K)->11904K(42496K)
[1.644s][info][gc,heap        ] GC(53) ParOldGen: 236837K(281600K)->248157K(281600K)
[1.644s][info][gc,metaspace   ] GC(53) Metaspace: 6299K(6464K)->6299K(6464K) NonClass: 5765K(5824K)->5765K(5824K) Class: 533K(640K)->533K(640K)
[1.644s][info][gc             ] GC(53) Pause Young (Allocation Failure) 253M->253M(324M) 22.810ms
[1.644s][info][gc,cpu         ] GC(53) User=0.09s Sys=0.00s Real=0.02s
[1.654s][info][gc,start       ] GC(54) Pause Young (Allocation Failure)
[1.665s][info][gc,heap        ] GC(54) PSYoungGen: 20096K(50688K)->14944K(51200K) Eden: 8192K(8192K)->0K(8192K) From: 11904K(42496K)->14944K(43008K)
[1.666s][info][gc,heap        ] GC(54) ParOldGen: 248157K(281600K)->253445K(281600K)
[1.666s][info][gc,metaspace   ] GC(54) Metaspace: 6299K(6464K)->6299K(6464K) NonClass: 5765K(5824K)->5765K(5824K) Class: 533K(640K)->533K(640K)
[1.666s][info][gc             ] GC(54) Pause Young (Allocation Failure) 261M->262M(325M) 11.341ms
[1.666s][info][gc,cpu         ] GC(54) User=0.02s Sys=0.00s Real=0.01s
[1.675s][info][gc,start       ] GC(55) Pause Young (Allocation Failure)
[1.687s][info][gc,heap        ] GC(55) PSYoungGen: 23136K(51200K)->16480K(48640K) Eden: 8192K(8192K)->0K(9728K) From: 14944K(43008K)->16480K(38912K)
[1.687s][info][gc,heap        ] GC(55) ParOldGen: 253445K(281600K)->260189K(281600K)
[1.687s][info][gc,metaspace   ] GC(55) Metaspace: 6299K(6464K)->6299K(6464K) NonClass: 5765K(5824K)->5765K(5824K) Class: 533K(640K)->533K(640K)
[1.687s][info][gc             ] GC(55) Pause Young (Allocation Failure) 270M->270M(322M) 12.072ms
[1.687s][info][gc,cpu         ] GC(55) User=0.02s Sys=0.00s Real=0.01s
[1.697s][info][gc,start       ] GC(56) Pause Young (Allocation Failure)
[1.711s][info][gc,heap        ] GC(56) PSYoungGen: 26208K(48640K)->9856K(50176K) Eden: 9728K(9728K)->0K(9728K) From: 16480K(38912K)->9856K(40448K)
[1.711s][info][gc,heap        ] GC(56) ParOldGen: 260189K(281600K)->276789K(281600K)
[1.711s][info][gc,metaspace   ] GC(56) Metaspace: 6299K(6464K)->6299K(6464K) NonClass: 5765K(5824K)->5765K(5824K) Class: 533K(640K)->533K(640K)
[1.712s][info][gc             ] GC(56) Pause Young (Allocation Failure) 279M->279M(324M) 14.022ms
[1.712s][info][gc,cpu         ] GC(56) User=0.00s Sys=0.00s Real=0.01s
[1.712s][info][gc,start       ] GC(57) Pause Full (Ergonomics)
[1.712s][info][gc,phases,start] GC(57) Marking Phase
[1.774s][info][gc,phases      ] GC(57) Marking Phase 62.246ms
[1.774s][info][gc,phases,start] GC(57) Summary Phase
[1.774s][info][gc,phases      ] GC(57) Summary Phase 0.019ms
[1.774s][info][gc,phases,start] GC(57) Adjust Roots
[1.774s][info][gc,phases      ] GC(57) Adjust Roots 0.144ms
[1.774s][info][gc,phases,start] GC(57) Compaction Phase
[1.803s][info][gc,phases      ] GC(57) Compaction Phase 28.603ms
[1.803s][info][gc,phases,start] GC(57) Post Compact
[1.804s][info][gc,phases      ] GC(57) Post Compact 1.347ms
[1.804s][info][gc,heap        ] GC(57) PSYoungGen: 9856K(50176K)->4587K(50176K) Eden: 0K(9728K)->0K(9728K) From: 9856K(40448K)->4587K(40448K)
[1.804s][info][gc,heap        ] GC(57) ParOldGen: 276789K(281600K)->281198K(328704K)
[1.804s][info][gc,metaspace   ] GC(57) Metaspace: 6299K(6464K)->6299K(6464K) NonClass: 5765K(5824K)->5765K(5824K) Class: 533K(640K)->533K(640K)
[1.804s][info][gc             ] GC(57) Pause Full (Ergonomics) 279M->279M(370M) 92.910ms
[1.805s][info][gc,cpu         ] GC(57) User=0.42s Sys=0.02s Real=0.09s
[1.816s][info][gc,start       ] GC(58) Pause Young (Allocation Failure)
[1.838s][info][gc,heap        ] GC(58) PSYoungGen: 14315K(50176K)->9824K(50176K) Eden: 9728K(9728K)->0K(11264K) From: 4587K(40448K)->9824K(38912K)
[1.838s][info][gc,heap        ] GC(58) ParOldGen: 281198K(328704K)->285878K(328704K)
[1.838s][info][gc,metaspace   ] GC(58) Metaspace: 6299K(6464K)->6299K(6464K) NonClass: 5765K(5824K)->5765K(5824K) Class: 533K(640K)->533K(640K)
[1.838s][info][gc             ] GC(58) Pause Young (Allocation Failure) 288M->288M(370M) 21.561ms
[1.838s][info][gc,cpu         ] GC(58) User=0.03s Sys=0.00s Real=0.02s
[1.850s][info][gc,start       ] GC(59) Pause Young (Allocation Failure)
[1.862s][info][gc,heap        ] GC(59) PSYoungGen: 21088K(50176K)->11392K(50688K) Eden: 11264K(11264K)->0K(11264K) From: 9824K(38912K)->11392K(39424K)
[1.862s][info][gc,heap        ] GC(59) ParOldGen: 285878K(328704K)->295750K(328704K)
[1.862s][info][gc,metaspace   ] GC(59) Metaspace: 6299K(6464K)->6299K(6464K) NonClass: 5765K(5824K)->5765K(5824K) Class: 533K(640K)->533K(640K)
[1.862s][info][gc             ] GC(59) Pause Young (Allocation Failure) 299M->299M(370M) 11.457ms
[1.862s][info][gc,cpu         ] GC(59) User=0.02s Sys=0.00s Real=0.01s
[1.875s][info][gc,start       ] GC(60) Pause Young (Allocation Failure)
[1.887s][info][gc,heap        ] GC(60) PSYoungGen: 22656K(50688K)->11360K(49152K) Eden: 11264K(11264K)->0K(12800K) From: 11392K(39424K)->11360K(36352K)
[1.887s][info][gc,heap        ] GC(60) ParOldGen: 295750K(328704K)->307166K(328704K)
[1.887s][info][gc,metaspace   ] GC(60) Metaspace: 6299K(6464K)->6299K(6464K) NonClass: 5765K(5824K)->5765K(5824K) Class: 533K(640K)->533K(640K)
[1.887s][info][gc             ] GC(60) Pause Young (Allocation Failure) 310M->311M(369M) 12.476ms
[1.887s][info][gc,cpu         ] GC(60) User=0.00s Sys=0.02s Real=0.01s
[1.902s][info][gc,start       ] GC(61) Pause Young (Allocation Failure)
[1.915s][info][gc,heap        ] GC(61) PSYoungGen: 24160K(49152K)->12928K(50176K) Eden: 12800K(12800K)->0K(12800K) From: 11360K(36352K)->12928K(37376K)
[1.915s][info][gc,heap        ] GC(61) ParOldGen: 307166K(328704K)->318590K(328704K)
[1.915s][info][gc,metaspace   ] GC(61) Metaspace: 6299K(6464K)->6299K(6464K) NonClass: 5765K(5824K)->5765K(5824K) Class: 533K(640K)->533K(640K)
[1.915s][info][gc             ] GC(61) Pause Young (Allocation Failure) 323M->323M(370M) 13.389ms
[1.915s][info][gc,cpu         ] GC(61) User=0.02s Sys=0.00s Real=0.01s
[1.915s][info][gc,start       ] GC(62) Pause Full (Ergonomics)
[1.915s][info][gc,phases,start] GC(62) Marking Phase
[1.986s][info][gc,phases      ] GC(62) Marking Phase 71.015ms
[1.986s][info][gc,phases,start] GC(62) Summary Phase
[1.986s][info][gc,phases      ] GC(62) Summary Phase 0.020ms
[1.986s][info][gc,phases,start] GC(62) Adjust Roots
[1.986s][info][gc,phases      ] GC(62) Adjust Roots 0.151ms
[1.986s][info][gc,phases,start] GC(62) Compaction Phase
[2.018s][info][gc,phases      ] GC(62) Compaction Phase 31.264ms
[2.018s][info][gc,phases,start] GC(62) Post Compact
[2.019s][info][gc,phases      ] GC(62) Post Compact 1.539ms
[2.020s][info][gc,heap        ] GC(62) PSYoungGen: 12928K(50176K)->2034K(50176K) Eden: 0K(12800K)->0K(12800K) From: 12928K(37376K)->2034K(37376K)
[2.020s][info][gc,heap        ] GC(62) ParOldGen: 318590K(328704K)->328670K(378368K)
[2.020s][info][gc,metaspace   ] GC(62) Metaspace: 6299K(6464K)->6299K(6464K) NonClass: 5765K(5824K)->5765K(5824K) Class: 533K(640K)->533K(640K)
[2.020s][info][gc             ] GC(62) Pause Full (Ergonomics) 323M->322M(418M) 104.483ms
[2.020s][info][gc,cpu         ] GC(62) User=0.64s Sys=0.00s Real=0.11s
[2.034s][info][gc,start       ] GC(63) Pause Young (Allocation Failure)
[2.056s][info][gc,heap        ] GC(63) PSYoungGen: 14834K(50176K)->12896K(48128K) Eden: 12800K(12800K)->0K(14336K) From: 2034K(37376K)->12896K(33792K)
[2.056s][info][gc,heap        ] GC(63) ParOldGen: 328670K(378368K)->330774K(378368K)
[2.056s][info][gc,metaspace   ] GC(63) Metaspace: 6299K(6464K)->6299K(6464K) NonClass: 5765K(5824K)->5765K(5824K) Class: 533K(640K)->533K(640K)
[2.056s][info][gc             ] GC(63) Pause Young (Allocation Failure) 335M->335M(416M) 22.091ms
[2.056s][info][gc,cpu         ] GC(63) User=0.11s Sys=0.02s Real=0.02s
[2.130s][info][gc,start       ] GC(64) Pause Young (Allocation Failure)
[2.151s][info][gc,heap        ] GC(64) PSYoungGen: 27232K(48128K)->27264K(49152K) Eden: 14336K(14336K)->0K(14336K) From: 12896K(33792K)->27264K(34816K)
[2.151s][info][gc,heap        ] GC(64) ParOldGen: 347159K(378368K)->347159K(378368K)
[2.151s][info][gc,metaspace   ] GC(64) Metaspace: 6299K(6464K)->6299K(6464K) NonClass: 5765K(5824K)->5765K(5824K) Class: 533K(640K)->533K(640K)
[2.151s][info][gc             ] GC(64) Pause Young (Allocation Failure) 365M->365M(417M) 21.909ms
[2.152s][info][gc,cpu         ] GC(64) User=0.03s Sys=0.00s Real=0.02s
[2.166s][info][gc,start       ] GC(65) Pause Young (Allocation Failure)
[2.186s][info][gc,heap        ] GC(65) PSYoungGen: 41600K(49152K)->36864K(45568K) Eden: 14336K(14336K)->0K(8704K) From: 27264K(34816K)->36864K(36864K)
[2.186s][info][gc,heap        ] GC(65) ParOldGen: 347159K(378368K)->351839K(378368K)
[2.186s][info][gc,metaspace   ] GC(65) Metaspace: 6299K(6464K)->6299K(6464K) NonClass: 5765K(5824K)->5765K(5824K) Class: 533K(640K)->533K(640K)
[2.186s][info][gc             ] GC(65) Pause Young (Allocation Failure) 379M->379M(414M) 20.381ms
[2.186s][info][gc,cpu         ] GC(65) User=0.03s Sys=0.00s Real=0.02s
[2.196s][info][gc,start       ] GC(66) Pause Young (Allocation Failure)
[2.219s][info][gc,heap        ] GC(66) PSYoungGen: 45568K(45568K)->20640K(29696K) Eden: 8704K(8704K)->0K(8704K) From: 36864K(36864K)->20640K(20992K)
[2.219s][info][gc,heap        ] GC(66) ParOldGen: 351839K(378368K)->377167K(378368K)
[2.219s][info][gc,metaspace   ] GC(66) Metaspace: 6299K(6464K)->6299K(6464K) NonClass: 5765K(5824K)->5765K(5824K) Class: 533K(640K)->533K(640K)
[2.219s][info][gc             ] GC(66) Pause Young (Allocation Failure) 388M->388M(398M) 23.126ms
[2.219s][info][gc,cpu         ] GC(66) User=0.03s Sys=0.00s Real=0.02s
[2.219s][info][gc,start       ] GC(67) Pause Full (Ergonomics)
[2.219s][info][gc,phases,start] GC(67) Marking Phase
[2.302s][info][gc,phases      ] GC(67) Marking Phase 83.122ms
[2.302s][info][gc,phases,start] GC(67) Summary Phase
[2.302s][info][gc,phases      ] GC(67) Summary Phase 0.020ms
[2.302s][info][gc,phases,start] GC(67) Adjust Roots
[2.302s][info][gc,phases      ] GC(67) Adjust Roots 0.152ms
[2.302s][info][gc,phases,start] GC(67) Compaction Phase
[2.368s][info][gc,phases      ] GC(67) Compaction Phase 66.135ms
[2.368s][info][gc,phases,start] GC(67) Post Compact
[2.370s][info][gc,phases      ] GC(67) Post Compact 2.036ms
[2.371s][info][gc,heap        ] GC(67) PSYoungGen: 20640K(29696K)->10804K(29696K) Eden: 0K(8704K)->0K(8704K) From: 20640K(20992K)->10804K(20992K)
[2.371s][info][gc,heap        ] GC(67) ParOldGen: 377167K(378368K)->378142K(434688K)
[2.371s][info][gc,metaspace   ] GC(67) Metaspace: 6299K(6464K)->6299K(6464K) NonClass: 5765K(5824K)->5765K(5824K) Class: 533K(640K)->533K(640K)
[2.371s][info][gc             ] GC(67) Pause Full (Ergonomics) 388M->379M(453M) 152.082ms
[2.371s][info][gc,cpu         ] GC(67) User=0.97s Sys=0.02s Real=0.15s
[2.382s][info][gc,start       ] GC(68) Pause Young (Allocation Failure)
[2.407s][info][gc,heap        ] GC(68) PSYoungGen: 19508K(29696K)->13280K(49152K) Eden: 8704K(8704K)->0K(9728K) From: 10804K(20992K)->13280K(39424K)
[2.407s][info][gc,heap        ] GC(68) ParOldGen: 378142K(434688K)->384630K(434688K)
[2.407s][info][gc,metaspace   ] GC(68) Metaspace: 6299K(6464K)->6299K(6464K) NonClass: 5765K(5824K)->5765K(5824K) Class: 533K(640K)->533K(640K)
[2.407s][info][gc             ] GC(68) Pause Young (Allocation Failure) 388M->388M(472M) 24.888ms
[2.407s][info][gc,cpu         ] GC(68) User=0.08s Sys=0.05s Real=0.02s
[2.417s][info][gc,start       ] GC(69) Pause Young (Allocation Failure)
[2.429s][info][gc,heap        ] GC(69) PSYoungGen: 23008K(49152K)->23008K(50688K) Eden: 9728K(9728K)->0K(9728K) From: 13280K(39424K)->23008K(40960K)
[2.429s][info][gc,heap        ] GC(69) ParOldGen: 384630K(434688K)->384630K(434688K)
[2.429s][info][gc,metaspace   ] GC(69) Metaspace: 6299K(6464K)->6299K(6464K) NonClass: 5765K(5824K)->5765K(5824K) Class: 533K(640K)->533K(640K)
[2.429s][info][gc             ] GC(69) Pause Young (Allocation Failure) 398M->398M(474M) 11.840ms
[2.429s][info][gc,cpu         ] GC(69) User=0.00s Sys=0.02s Real=0.01s
[2.439s][info][gc,start       ] GC(70) Pause Young (Allocation Failure)
[2.455s][info][gc,heap        ] GC(70) PSYoungGen: 32736K(50688K)->28288K(50176K) Eden: 9728K(9728K)->0K(9728K) From: 23008K(40960K)->28288K(40448K)
[2.455s][info][gc,heap        ] GC(70) ParOldGen: 384630K(434688K)->389134K(434688K)
[2.455s][info][gc,metaspace   ] GC(70) Metaspace: 6299K(6464K)->6299K(6464K) NonClass: 5765K(5824K)->5765K(5824K) Class: 533K(640K)->533K(640K)
[2.455s][info][gc             ] GC(70) Pause Young (Allocation Failure) 407M->407M(473M) 15.640ms
[2.455s][info][gc,cpu         ] GC(70) User=0.02s Sys=0.00s Real=0.02s
[2.465s][info][gc,start       ] GC(71) Pause Young (Allocation Failure)
[2.483s][info][gc,heap        ] GC(71) PSYoungGen: 38016K(50176K)->29248K(51200K) Eden: 9728K(9728K)->0K(9728K) From: 28288K(40448K)->29248K(41472K)
[2.483s][info][gc,heap        ] GC(71) ParOldGen: 389134K(434688K)->397958K(434688K)
[2.483s][info][gc,metaspace   ] GC(71) Metaspace: 6299K(6464K)->6299K(6464K) NonClass: 5765K(5824K)->5765K(5824K) Class: 533K(640K)->533K(640K)
[2.483s][info][gc             ] GC(71) Pause Young (Allocation Failure) 417M->417M(474M) 18.056ms
[2.483s][info][gc,cpu         ] GC(71) User=0.12s Sys=0.00s Real=0.02s
[2.493s][info][gc,start       ] GC(72) Pause Young (Allocation Failure)
[2.512s][info][gc,heap        ] GC(72) PSYoungGen: 38976K(51200K)->19552K(50688K) Eden: 9728K(9728K)->0K(11264K) From: 29248K(41472K)->19552K(39424K)
[2.512s][info][gc,heap        ] GC(72) ParOldGen: 397958K(434688K)->417662K(434688K)
[2.512s][info][gc,metaspace   ] GC(72) Metaspace: 6299K(6464K)->6299K(6464K) NonClass: 5765K(5824K)->5765K(5824K) Class: 533K(640K)->533K(640K)
[2.512s][info][gc             ] GC(72) Pause Young (Allocation Failure) 426M->426M(474M) 18.953ms
[2.512s][info][gc,cpu         ] GC(72) User=0.03s Sys=0.09s Real=0.02s
[2.512s][info][gc,start       ] GC(73) Pause Full (Ergonomics)
[2.512s][info][gc,phases,start] GC(73) Marking Phase
[2.600s][info][gc,phases      ] GC(73) Marking Phase 87.787ms
[2.600s][info][gc,phases,start] GC(73) Summary Phase
[2.600s][info][gc,phases      ] GC(73) Summary Phase 0.027ms
[2.600s][info][gc,phases,start] GC(73) Adjust Roots
[2.600s][info][gc,phases      ] GC(73) Adjust Roots 0.147ms
[2.600s][info][gc,phases,start] GC(73) Compaction Phase
[2.647s][info][gc,phases      ] GC(73) Compaction Phase 46.660ms
[2.647s][info][gc,phases,start] GC(73) Post Compact
[2.649s][info][gc,phases      ] GC(73) Post Compact 2.057ms
[2.649s][info][gc,heap        ] GC(73) PSYoungGen: 19552K(50688K)->2024K(52224K) Eden: 0K(11264K)->0K(12800K) From: 19552K(39424K)->2024K(39424K)
[2.649s][info][gc,heap        ] GC(73) ParOldGen: 417662K(434688K)->434390K(494080K)
[2.649s][info][gc,metaspace   ] GC(73) Metaspace: 6299K(6464K)->6299K(6464K) NonClass: 5765K(5824K)->5765K(5824K) Class: 533K(640K)->533K(640K)
[2.649s][info][gc             ] GC(73) Pause Full (Ergonomics) 426M->426M(533M) 137.238ms
[2.649s][info][gc,cpu         ] GC(73) User=0.89s Sys=0.00s Real=0.14s
[2.663s][info][gc,start       ] GC(74) Pause Young (Allocation Failure)
[2.689s][info][gc,heap        ] GC(74) PSYoungGen: 14824K(52224K)->12896K(53760K) Eden: 12800K(12800K)->0K(12800K) From: 2024K(39424K)->12896K(40960K)
[2.689s][info][gc,heap        ] GC(74) ParOldGen: 434390K(494080K)->436478K(494080K)
[2.689s][info][gc,metaspace   ] GC(74) Metaspace: 6299K(6464K)->6299K(6464K) NonClass: 5765K(5824K)->5765K(5824K) Class: 533K(640K)->533K(640K)
[2.689s][info][gc             ] GC(74) Pause Young (Allocation Failure) 438M->438M(535M) 25.484ms
[2.689s][info][gc,cpu         ] GC(74) User=0.25s Sys=0.00s Real=0.03s
[2.704s][info][gc,start       ] GC(75) Pause Young (Allocation Failure)
[2.718s][info][gc,heap        ] GC(75) PSYoungGen: 25696K(53760K)->12960K(52736K) Eden: 12800K(12800K)->0K(14336K) From: 12896K(40960K)->12960K(38400K)
[2.718s][info][gc,heap        ] GC(75) ParOldGen: 436478K(494080K)->449454K(494080K)
[2.718s][info][gc,metaspace   ] GC(75) Metaspace: 6299K(6464K)->6299K(6464K) NonClass: 5765K(5824K)->5765K(5824K) Class: 533K(640K)->533K(640K)
[2.718s][info][gc             ] GC(75) Pause Young (Allocation Failure) 451M->451M(534M) 14.117ms
[2.718s][info][gc,cpu         ] GC(75) User=0.03s Sys=0.00s Real=0.01s
[2.734s][info][gc,start       ] GC(76) Pause Young (Allocation Failure)
[2.749s][info][gc,heap        ] GC(76) PSYoungGen: 27296K(52736K)->14464K(53760K) Eden: 14336K(14336K)->0K(14336K) From: 12960K(38400K)->14464K(39424K)
[2.749s][info][gc,heap        ] GC(76) ParOldGen: 449454K(494080K)->462438K(494080K)
[2.749s][info][gc,metaspace   ] GC(76) Metaspace: 6299K(6464K)->6299K(6464K) NonClass: 5765K(5824K)->5765K(5824K) Class: 533K(640K)->533K(640K)
[2.749s][info][gc             ] GC(76) Pause Young (Allocation Failure) 465M->465M(535M) 14.740ms
[2.749s][info][gc,cpu         ] GC(76) User=0.02s Sys=0.00s Real=0.01s
[2.765s][info][gc,start       ] GC(77) Pause Young (Allocation Failure)
[2.780s][info][gc,heap        ] GC(77) PSYoungGen: 28800K(53760K)->14496K(52224K) Eden: 14336K(14336K)->0K(15872K) From: 14464K(39424K)->14496K(36352K)
[2.780s][info][gc,heap        ] GC(77) ParOldGen: 462438K(494080K)->476958K(494080K)
[2.780s][info][gc,metaspace   ] GC(77) Metaspace: 6299K(6464K)->6299K(6464K) NonClass: 5765K(5824K)->5765K(5824K) Class: 533K(640K)->533K(640K)
[2.780s][info][gc             ] GC(77) Pause Young (Allocation Failure) 479M->479M(533M) 15.608ms
[2.780s][info][gc,cpu         ] GC(77) User=0.02s Sys=0.00s Real=0.02s
[2.780s][info][gc,start       ] GC(78) Pause Full (Ergonomics)
[2.780s][info][gc,phases,start] GC(78) Marking Phase
[2.893s][info][gc,phases      ] GC(78) Marking Phase 112.383ms
[2.893s][info][gc,phases,start] GC(78) Summary Phase
[2.893s][info][gc,phases      ] GC(78) Summary Phase 0.024ms
[2.893s][info][gc,phases,start] GC(78) Adjust Roots
[2.893s][info][gc,phases      ] GC(78) Adjust Roots 0.188ms
[2.893s][info][gc,phases,start] GC(78) Compaction Phase
[2.940s][info][gc,phases      ] GC(78) Compaction Phase 46.649ms
[2.940s][info][gc,phases,start] GC(78) Post Compact
[2.942s][info][gc,phases      ] GC(78) Post Compact 2.320ms
[2.942s][info][gc,heap        ] GC(78) PSYoungGen: 14496K(52224K)->0K(53248K) Eden: 0K(15872K)->0K(15872K) From: 14496K(36352K)->0K(37376K)
[2.942s][info][gc,heap        ] GC(78) ParOldGen: 476958K(494080K)->490558K(555008K)
[2.943s][info][gc,metaspace   ] GC(78) Metaspace: 6299K(6464K)->6299K(6464K) NonClass: 5765K(5824K)->5765K(5824K) Class: 533K(640K)->533K(640K)
[2.943s][info][gc             ] GC(78) Pause Full (Ergonomics) 479M->479M(594M) 162.129ms
[2.943s][info][gc,cpu         ] GC(78) User=1.05s Sys=0.00s Real=0.16s
[2.960s][info][gc,start       ] GC(79) Pause Young (Allocation Failure)
[2.971s][info][gc,heap        ] GC(79) PSYoungGen: 15872K(53248K)->16000K(51200K) Eden: 15872K(15872K)->0K(17408K) From: 0K(37376K)->16000K(33792K)
[2.971s][info][gc,heap        ] GC(79) ParOldGen: 490558K(555008K)->490558K(555008K)
[2.971s][info][gc,metaspace   ] GC(79) Metaspace: 6299K(6464K)->6299K(6464K) NonClass: 5765K(5824K)->5765K(5824K) Class: 533K(640K)->533K(640K)
[2.971s][info][gc             ] GC(79) Pause Young (Allocation Failure) 494M->494M(592M) 10.435ms
[2.971s][info][gc,cpu         ] GC(79) User=0.00s Sys=0.00s Real=0.01s
[2.990s][info][gc,start       ] GC(80) Pause Young (Allocation Failure)
[3.007s][info][gc,heap        ] GC(80) PSYoungGen: 33408K(51200K)->33408K(53248K) Eden: 17408K(17408K)->0K(17408K) From: 16000K(33792K)->33408K(35840K)
[3.007s][info][gc,heap        ] GC(80) ParOldGen: 490558K(555008K)->490558K(555008K)
[3.007s][info][gc,metaspace   ] GC(80) Metaspace: 6299K(6464K)->6299K(6464K) NonClass: 5765K(5824K)->5765K(5824K) Class: 533K(640K)->533K(640K)
[3.007s][info][gc             ] GC(80) Pause Young (Allocation Failure) 511M->511M(594M) 17.390ms
[3.007s][info][gc,cpu         ] GC(80) User=0.05s Sys=0.00s Real=0.02s
[3.026s][info][gc,start       ] GC(81) Pause Young (Allocation Failure)
[3.051s][info][gc,heap        ] GC(81) PSYoungGen: 50816K(53248K)->39936K(50176K) Eden: 17408K(17408K)->0K(10240K) From: 33408K(35840K)->39936K(39936K)
[3.051s][info][gc,heap        ] GC(81) ParOldGen: 490558K(555008K)->501470K(555008K)
[3.051s][info][gc,metaspace   ] GC(81) Metaspace: 6299K(6464K)->6299K(6464K) NonClass: 5765K(5824K)->5765K(5824K) Class: 533K(640K)->533K(640K)
[3.051s][info][gc             ] GC(81) Pause Young (Allocation Failure) 528M->528M(591M) 25.025ms
[3.051s][info][gc,cpu         ] GC(81) User=0.09s Sys=0.03s Real=0.03s
[3.062s][info][gc,start       ] GC(82) Pause Young (Allocation Failure)
[3.086s][info][gc,heap        ] GC(82) PSYoungGen: 50176K(50176K)->23328K(33792K) Eden: 10240K(10240K)->0K(10240K) From: 39936K(39936K)->23328K(23552K)
[3.086s][info][gc,heap        ] GC(82) ParOldGen: 501470K(555008K)->528790K(555008K)
[3.086s][info][gc,metaspace   ] GC(82) Metaspace: 6299K(6464K)->6299K(6464K) NonClass: 5765K(5824K)->5765K(5824K) Class: 533K(640K)->533K(640K)
[3.086s][info][gc             ] GC(82) Pause Young (Allocation Failure) 538M->539M(575M) 24.033ms
[3.086s][info][gc,cpu         ] GC(82) User=0.09s Sys=0.03s Real=0.03s
[3.086s][info][gc,start       ] GC(83) Pause Full (Ergonomics)
[3.086s][info][gc,phases,start] GC(83) Marking Phase
[3.203s][info][gc,phases      ] GC(83) Marking Phase 116.546ms
[3.203s][info][gc,phases,start] GC(83) Summary Phase
[3.203s][info][gc,phases      ] GC(83) Summary Phase 0.026ms
[3.203s][info][gc,phases,start] GC(83) Adjust Roots
[3.203s][info][gc,phases      ] GC(83) Adjust Roots 0.197ms
[3.203s][info][gc,phases,start] GC(83) Compaction Phase
[3.251s][info][gc,phases      ] GC(83) Compaction Phase 48.527ms
[3.252s][info][gc,phases,start] GC(83) Post Compact
[3.252s][info][gc,phases      ] GC(83) Post Compact 0.896ms
[3.253s][info][gc,heap        ] GC(83) PSYoungGen: 23328K(33792K)->0K(57344K) Eden: 0K(10240K)->0K(11264K) From: 23328K(23552K)->0K(46080K)
[3.253s][info][gc,heap        ] GC(83) ParOldGen: 528790K(555008K)->551359K(624128K)
[3.253s][info][gc,metaspace   ] GC(83) Metaspace: 6299K(6464K)->6299K(6464K) NonClass: 5765K(5824K)->5765K(5824K) Class: 533K(640K)->533K(640K)
[3.253s][info][gc             ] GC(83) Pause Full (Ergonomics) 539M->538M(665M) 166.824ms
[3.253s][info][gc,cpu         ] GC(83) User=1.14s Sys=0.02s Real=0.17s
[3.265s][info][gc,start       ] GC(84) Pause Young (Allocation Failure)
[3.274s][info][gc,heap        ] GC(84) PSYoungGen: 11264K(57344K)->11392K(57856K) Eden: 11264K(11264K)->0K(11264K) From: 0K(46080K)->11392K(46592K)
[3.274s][info][gc,heap        ] GC(84) ParOldGen: 551359K(624128K)->551359K(624128K)
[3.274s][info][gc,metaspace   ] GC(84) Metaspace: 6299K(6464K)->6299K(6464K) NonClass: 5765K(5824K)->5765K(5824K) Class: 533K(640K)->533K(640K)
[3.274s][info][gc             ] GC(84) Pause Young (Allocation Failure) 549M->549M(666M) 8.931ms
[3.274s][info][gc,cpu         ] GC(84) User=0.02s Sys=0.00s Real=0.01s
[3.287s][info][gc,start       ] GC(85) Pause Young (Allocation Failure)
[3.300s][info][gc,heap        ] GC(85) PSYoungGen: 22656K(57856K)->22688K(54272K) Eden: 11264K(11264K)->0K(12800K) From: 11392K(46592K)->22688K(41472K)
[3.300s][info][gc,heap        ] GC(85) ParOldGen: 551359K(624128K)->551359K(624128K)
[3.300s][info][gc,metaspace   ] GC(85) Metaspace: 6299K(6464K)->6299K(6464K) NonClass: 5765K(5824K)->5765K(5824K) Class: 533K(640K)->533K(640K)
[3.300s][info][gc             ] GC(85) Pause Young (Allocation Failure) 560M->560M(662M) 12.975ms
[3.300s][info][gc,cpu         ] GC(85) User=0.02s Sys=0.00s Real=0.01s
[3.315s][info][gc,start       ] GC(86) Pause Young (Allocation Failure)
[3.333s][info][gc,heap        ] GC(86) PSYoungGen: 35488K(54272K)->35456K(56832K) Eden: 12800K(12800K)->0K(12800K) From: 22688K(41472K)->35456K(44032K)
[3.333s][info][gc,heap        ] GC(86) ParOldGen: 551359K(624128K)->551359K(624128K)
[3.333s][info][gc,metaspace   ] GC(86) Metaspace: 6299K(6464K)->6299K(6464K) NonClass: 5765K(5824K)->5765K(5824K) Class: 533K(640K)->533K(640K)
[3.333s][info][gc             ] GC(86) Pause Young (Allocation Failure) 573M->573M(665M) 18.301ms
[3.333s][info][gc,cpu         ] GC(86) User=0.06s Sys=0.00s Real=0.02s
[3.347s][info][gc,start       ] GC(87) Pause Young (Allocation Failure)
[3.370s][info][gc,heap        ] GC(87) PSYoungGen: 48256K(56832K)->47104K(54784K) Eden: 12800K(12800K)->0K(7680K) From: 35456K(44032K)->47104K(47104K)
[3.370s][info][gc,heap        ] GC(87) ParOldGen: 551359K(624128K)->552495K(624128K)
[3.370s][info][gc,metaspace   ] GC(87) Metaspace: 6299K(6464K)->6299K(6464K) NonClass: 5765K(5824K)->5765K(5824K) Class: 533K(640K)->533K(640K)
[3.370s][info][gc             ] GC(87) Pause Young (Allocation Failure) 585M->585M(663M) 23.527ms
[3.371s][info][gc,cpu         ] GC(87) User=0.14s Sys=0.00s Real=0.02s
[3.380s][info][gc,start       ] GC(88) Pause Young (Allocation Failure)
[3.405s][info][gc,heap        ] GC(88) PSYoungGen: 54784K(54784K)->43776K(61440K) Eden: 7680K(7680K)->0K(7680K) From: 47104K(47104K)->43776K(53760K)
[3.405s][info][gc,heap        ] GC(88) ParOldGen: 552495K(624128K)->563679K(624128K)
[3.405s][info][gc,metaspace   ] GC(88) Metaspace: 6299K(6464K)->6299K(6464K) NonClass: 5765K(5824K)->5765K(5824K) Class: 533K(640K)->533K(640K)
[3.405s][info][gc             ] GC(88) Pause Young (Allocation Failure) 593M->593M(669M) 25.216ms
[3.405s][info][gc,cpu         ] GC(88) User=0.11s Sys=0.03s Real=0.03s
[3.414s][info][gc,start       ] GC(89) Pause Young (Allocation Failure)
[3.438s][info][gc,heap        ] GC(89) PSYoungGen: 51456K(61440K)->40448K(65024K) Eden: 7680K(7680K)->0K(7168K) From: 43776K(53760K)->40448K(57856K)
[3.438s][info][gc,heap        ] GC(89) ParOldGen: 563679K(624128K)->574839K(624128K)
[3.438s][info][gc,metaspace   ] GC(89) Metaspace: 6299K(6464K)->6299K(6464K) NonClass: 5765K(5824K)->5765K(5824K) Class: 533K(640K)->533K(640K)
[3.438s][info][gc             ] GC(89) Pause Young (Allocation Failure) 600M->600M(673M) 24.251ms
[3.438s][info][gc,cpu         ] GC(89) User=0.12s Sys=0.00s Real=0.03s
[3.446s][info][gc,start       ] GC(90) Pause Young (Allocation Failure)
[3.469s][info][gc,heap        ] GC(90) PSYoungGen: 47616K(65024K)->22624K(30208K) Eden: 7168K(7168K)->0K(7168K) From: 40448K(57856K)->22624K(23040K)
[3.469s][info][gc,heap        ] GC(90) ParOldGen: 574839K(624128K)->600143K(624128K)
[3.469s][info][gc,metaspace   ] GC(90) Metaspace: 6299K(6464K)->6299K(6464K) NonClass: 5765K(5824K)->5765K(5824K) Class: 533K(640K)->533K(640K)
[3.469s][info][gc             ] GC(90) Pause Young (Allocation Failure) 607M->608M(639M) 23.123ms
[3.469s][info][gc,cpu         ] GC(90) User=0.11s Sys=0.02s Real=0.02s
[3.469s][info][gc,start       ] GC(91) Pause Full (Ergonomics)
[3.469s][info][gc,phases,start] GC(91) Marking Phase
[3.601s][info][gc,phases      ] GC(91) Marking Phase 131.299ms
[3.601s][info][gc,phases,start] GC(91) Summary Phase
[3.601s][info][gc,phases      ] GC(91) Summary Phase 0.025ms
[3.601s][info][gc,phases,start] GC(91) Adjust Roots
[3.601s][info][gc,phases      ] GC(91) Adjust Roots 0.144ms
[3.601s][info][gc,phases,start] GC(91) Compaction Phase
[3.652s][info][gc,phases      ] GC(91) Compaction Phase 51.320ms
[3.652s][info][gc,phases,start] GC(91) Post Compact
[3.653s][info][gc,phases      ] GC(91) Post Compact 0.978ms
[3.654s][info][gc,heap        ] GC(91) PSYoungGen: 22624K(30208K)->0K(66048K) Eden: 0K(7168K)->0K(8192K) From: 22624K(23040K)->0K(57856K)
[3.654s][info][gc,heap        ] GC(91) ParOldGen: 600143K(624128K)->621791K(700416K)
[3.654s][info][gc,metaspace   ] GC(91) Metaspace: 6299K(6464K)->6299K(6464K) NonClass: 5765K(5824K)->5765K(5824K) Class: 533K(640K)->533K(640K)
[3.654s][info][gc             ] GC(91) Pause Full (Ergonomics) 608M->607M(748M) 184.290ms
[3.654s][info][gc,cpu         ] GC(91) User=1.34s Sys=0.03s Real=0.18s
[3.664s][info][gc,start       ] GC(92) Pause Young (Allocation Failure)
[3.672s][info][gc,heap        ] GC(92) PSYoungGen: 8192K(66048K)->8256K(66048K) Eden: 8192K(8192K)->0K(8192K) From: 0K(57856K)->8256K(57856K)
[3.672s][info][gc,heap        ] GC(92) ParOldGen: 621791K(700416K)->621791K(700416K)
[3.672s][info][gc,metaspace   ] GC(92) Metaspace: 6299K(6464K)->6299K(6464K) NonClass: 5765K(5824K)->5765K(5824K) Class: 533K(640K)->533K(640K)
[3.672s][info][gc             ] GC(92) Pause Young (Allocation Failure) 615M->615M(748M) 8.089ms
[3.672s][info][gc,cpu         ] GC(92) User=0.00s Sys=0.00s Real=0.01s
[3.682s][info][gc,start       ] GC(93) Pause Young (Allocation Failure)
[3.692s][info][gc,heap        ] GC(93) PSYoungGen: 16448K(66048K)->16448K(65024K) Eden: 8192K(8192K)->0K(9216K) From: 8256K(57856K)->16448K(55808K)
[3.692s][info][gc,heap        ] GC(93) ParOldGen: 621791K(700416K)->621791K(700416K)
[3.692s][info][gc,metaspace   ] GC(93) Metaspace: 6299K(6464K)->6299K(6464K) NonClass: 5765K(5824K)->5765K(5824K) Class: 533K(640K)->533K(640K)
[3.692s][info][gc             ] GC(93) Pause Young (Allocation Failure) 623M->623M(747M) 10.572ms
[3.692s][info][gc,cpu         ] GC(93) User=0.00s Sys=0.00s Real=0.01s
[3.704s][info][gc,start       ] GC(94) Pause Young (Allocation Failure)
[3.718s][info][gc,heap        ] GC(94) PSYoungGen: 25664K(65024K)->17504K(27136K) Eden: 9216K(9216K)->0K(9216K) From: 16448K(55808K)->17504K(17920K)
[3.718s][info][gc,heap        ] GC(94) ParOldGen: 621791K(700416K)->630103K(700416K)
[3.718s][info][gc,metaspace   ] GC(94) Metaspace: 6299K(6464K)->6299K(6464K) NonClass: 5765K(5824K)->5765K(5824K) Class: 533K(640K)->533K(640K)
[3.719s][info][gc             ] GC(94) Pause Young (Allocation Failure) 632M->632M(710M) 14.660ms
[3.719s][info][gc,cpu         ] GC(94) User=0.02s Sys=0.00s Real=0.01s
[3.729s][info][gc,start       ] GC(95) Pause Young (Allocation Failure)
[3.744s][info][gc,heap        ] GC(95) PSYoungGen: 26720K(27136K)->18528K(61440K) Eden: 9216K(9216K)->0K(10752K) From: 17504K(17920K)->18528K(50688K)
[3.744s][info][gc,heap        ] GC(95) ParOldGen: 630103K(700416K)->638415K(700416K)
[3.744s][info][gc,metaspace   ] GC(95) Metaspace: 6299K(6464K)->6299K(6464K) NonClass: 5765K(5824K)->5765K(5824K) Class: 533K(640K)->533K(640K)
[3.744s][info][gc             ] GC(95) Pause Young (Allocation Failure) 641M->641M(744M) 14.878ms
[3.744s][info][gc,cpu         ] GC(95) User=0.00s Sys=0.00s Real=0.02s
[3.755s][info][gc,start       ] GC(96) Pause Young (Allocation Failure)
[3.771s][info][gc,heap        ] GC(96) PSYoungGen: 29280K(61440K)->20064K(31232K) Eden: 10752K(10752K)->0K(10752K) From: 18528K(50688K)->20064K(20480K)
[3.771s][info][gc,heap        ] GC(96) ParOldGen: 638415K(700416K)->647759K(700416K)
[3.771s][info][gc,metaspace   ] GC(96) Metaspace: 6299K(6464K)->6299K(6464K) NonClass: 5765K(5824K)->5765K(5824K) Class: 533K(640K)->533K(640K)
[3.771s][info][gc             ] GC(96) Pause Young (Allocation Failure) 652M->652M(714M) 15.769ms
[3.771s][info][gc,cpu         ] GC(96) User=0.02s Sys=0.00s Real=0.02s
[3.784s][info][gc,start       ] GC(97) Pause Young (Allocation Failure)
[3.800s][info][gc,heap        ] GC(97) PSYoungGen: 30816K(31232K)->21632K(57856K) Eden: 10752K(10752K)->0K(12288K) From: 20064K(20480K)->21632K(45568K)
[3.800s][info][gc,heap        ] GC(97) ParOldGen: 647759K(700416K)->657103K(700416K)
[3.800s][info][gc,metaspace   ] GC(97) Metaspace: 6299K(6464K)->6299K(6464K) NonClass: 5765K(5824K)->5765K(5824K) Class: 533K(640K)->533K(640K)
[3.800s][info][gc             ] GC(97) Pause Young (Allocation Failure) 662M->662M(740M) 16.399ms
[3.801s][info][gc,cpu         ] GC(97) User=0.03s Sys=0.00s Real=0.02s
[3.816s][info][gc,start       ] GC(98) Pause Young (Allocation Failure)
[3.835s][info][gc,heap        ] GC(98) PSYoungGen: 33920K(57856K)->23136K(35840K) Eden: 12288K(12288K)->0K(12288K) From: 21632K(45568K)->23136K(23552K)
[3.835s][info][gc,heap        ] GC(98) ParOldGen: 657103K(700416K)->668007K(700416K)
[3.835s][info][gc,metaspace   ] GC(98) Metaspace: 6299K(6464K)->6299K(6464K) NonClass: 5765K(5824K)->5765K(5824K) Class: 533K(640K)->533K(640K)
[3.835s][info][gc             ] GC(98) Pause Young (Allocation Failure) 674M->674M(719M) 19.382ms
[3.835s][info][gc,cpu         ] GC(98) User=0.09s Sys=0.02s Real=0.02s
[3.850s][info][gc,start       ] GC(99) Pause Young (Allocation Failure)
[3.870s][info][gc,heap        ] GC(99) PSYoungGen: 35424K(35840K)->12480K(59392K) Eden: 12288K(12288K)->0K(13824K) From: 23136K(23552K)->12480K(45568K)
[3.870s][info][gc,heap        ] GC(99) ParOldGen: 668007K(700416K)->691351K(700416K)
[3.870s][info][gc,metaspace   ] GC(99) Metaspace: 6299K(6464K)->6299K(6464K) NonClass: 5765K(5824K)->5765K(5824K) Class: 533K(640K)->533K(640K)
[3.870s][info][gc             ] GC(99) Pause Young (Allocation Failure) 686M->687M(742M) 19.733ms
[3.870s][info][gc,cpu         ] GC(99) User=0.08s Sys=0.06s Real=0.02s
[3.870s][info][gc,start       ] GC(100) Pause Full (Ergonomics)
[3.870s][info][gc,phases,start] GC(100) Marking Phase
[4.026s][info][gc,phases      ] GC(100) Marking Phase 156.101ms
[4.026s][info][gc,phases,start] GC(100) Summary Phase
[4.026s][info][gc,phases      ] GC(100) Summary Phase 0.022ms
[4.026s][info][gc,phases,start] GC(100) Adjust Roots
[4.026s][info][gc,phases      ] GC(100) Adjust Roots 0.147ms
[4.026s][info][gc,phases,start] GC(100) Compaction Phase
[4.084s][info][gc,phases      ] GC(100) Compaction Phase 57.279ms
[4.084s][info][gc,phases,start] GC(100) Post Compact
[4.085s][info][gc,phases      ] GC(100) Post Compact 1.046ms
[4.085s][info][gc,heap        ] GC(100) PSYoungGen: 12480K(59392K)->2036K(59392K) Eden: 0K(13824K)->0K(13824K) From: 12480K(45568K)->2036K(45568K)
[4.085s][info][gc,heap        ] GC(100) ParOldGen: 691351K(700416K)->700392K(780800K)
[4.085s][info][gc,metaspace   ] GC(100) Metaspace: 6299K(6464K)->6299K(6464K) NonClass: 5765K(5824K)->5765K(5824K) Class: 533K(640K)->533K(640K)
[4.085s][info][gc             ] GC(100) Pause Full (Ergonomics) 687M->685M(820M) 215.141ms
[4.085s][info][gc,cpu         ] GC(100) User=1.50s Sys=0.02s Real=0.21s
[4.234s][info][gc,start       ] GC(101) Pause Young (Allocation Failure)
[4.274s][info][gc,heap        ] GC(101) PSYoungGen: 15860K(59392K)->13952K(59392K) Eden: 13824K(13824K)->0K(13824K) From: 2036K(45568K)->13952K(45568K)
[4.274s][info][gc,heap        ] GC(101) ParOldGen: 733160K(780800K)->735248K(780800K)
[4.274s][info][gc,metaspace   ] GC(101) Metaspace: 6299K(6464K)->6299K(6464K) NonClass: 5765K(5824K)->5765K(5824K) Class: 533K(640K)->533K(640K)
[4.274s][info][gc             ] GC(101) Pause Young (Allocation Failure) 731M->731M(820M) 40.086ms
[4.274s][info][gc,cpu         ] GC(101) User=0.17s Sys=0.00s Real=0.04s
[4.288s][info][gc,start       ] GC(102) Pause Young (Allocation Failure)
[4.308s][info][gc,heap        ] GC(102) PSYoungGen: 27776K(59392K)->27712K(59904K) Eden: 13824K(13824K)->0K(15360K) From: 13952K(45568K)->27712K(44544K)
[4.308s][info][gc,heap        ] GC(102) ParOldGen: 735248K(780800K)->735248K(780800K)
[4.308s][info][gc,metaspace   ] GC(102) Metaspace: 6299K(6464K)->6299K(6464K) NonClass: 5765K(5824K)->5765K(5824K) Class: 533K(640K)->533K(640K)
[4.308s][info][gc             ] GC(102) Pause Young (Allocation Failure) 745M->745M(821M) 20.391ms
[4.308s][info][gc,cpu         ] GC(102) User=0.05s Sys=0.00s Real=0.02s
[4.324s][info][gc,start       ] GC(103) Pause Young (Allocation Failure)
[4.349s][info][gc,heap        ] GC(103) PSYoungGen: 43072K(59904K)->29312K(59904K) Eden: 15360K(15360K)->0K(15360K) From: 27712K(44544K)->29312K(44544K)
[4.350s][info][gc,heap        ] GC(103) ParOldGen: 735248K(780800K)->749256K(780800K)
[4.350s][info][gc,metaspace   ] GC(103) Metaspace: 6299K(6464K)->6299K(6464K) NonClass: 5765K(5824K)->5765K(5824K) Class: 533K(640K)->533K(640K)
[4.350s][info][gc             ] GC(103) Pause Young (Allocation Failure) 760M->760M(821M) 25.467ms
[4.350s][info][gc,cpu         ] GC(103) User=0.02s Sys=0.00s Real=0.03s
[4.366s][info][gc,start       ] GC(104) Pause Young (Allocation Failure)
[4.391s][info][gc,heap        ] GC(104) PSYoungGen: 44672K(59904K)->30848K(61440K) Eden: 15360K(15360K)->0K(16384K) From: 29312K(44544K)->30848K(45056K)
[4.391s][info][gc,heap        ] GC(104) ParOldGen: 749256K(780800K)->763256K(780800K)
[4.391s][info][gc,metaspace   ] GC(104) Metaspace: 6299K(6464K)->6299K(6464K) NonClass: 5765K(5824K)->5765K(5824K) Class: 533K(640K)->533K(640K)
[4.391s][info][gc             ] GC(104) Pause Young (Allocation Failure) 775M->775M(822M) 25.128ms
[4.391s][info][gc,cpu         ] GC(104) User=0.05s Sys=0.00s Real=0.02s
[4.391s][info][gc,start       ] GC(105) Pause Full (Ergonomics)
[4.391s][info][gc,phases,start] GC(105) Marking Phase
[4.562s][info][gc,phases      ] GC(105) Marking Phase 171.308ms
[4.562s][info][gc,phases,start] GC(105) Summary Phase
[4.562s][info][gc,phases      ] GC(105) Summary Phase 0.031ms
[4.562s][info][gc,phases,start] GC(105) Adjust Roots
[4.563s][info][gc,phases      ] GC(105) Adjust Roots 0.147ms
[4.563s][info][gc,phases,start] GC(105) Compaction Phase
[4.687s][info][gc,phases      ] GC(105) Compaction Phase 124.316ms
[4.687s][info][gc,phases,start] GC(105) Post Compact
[4.689s][info][gc,phases      ] GC(105) Post Compact 1.574ms
[4.689s][info][gc,heap        ] GC(105) PSYoungGen: 30848K(61440K)->0K(62464K) Eden: 0K(16384K)->0K(16384K) From: 30848K(45056K)->0K(46080K)
[4.689s][info][gc,heap        ] GC(105) ParOldGen: 763256K(780800K)->777037K(862720K)
[4.689s][info][gc,metaspace   ] GC(105) Metaspace: 6299K(6464K)->6299K(6464K) NonClass: 5765K(5824K)->5765K(5824K) Class: 533K(640K)->533K(640K)
[4.689s][info][gc             ] GC(105) Pause Full (Ergonomics) 775M->758M(903M) 297.957ms
[4.689s][info][gc,cpu         ] GC(105) User=1.92s Sys=0.00s Real=0.30s
[4.709s][info][gc,start       ] GC(106) Pause Young (Allocation Failure)
[4.723s][info][gc,heap        ] GC(106) PSYoungGen: 16384K(62464K)->16512K(62464K) Eden: 16384K(16384K)->0K(18432K) From: 0K(46080K)->16512K(44032K)
[4.723s][info][gc,heap        ] GC(106) ParOldGen: 777037K(862720K)->777037K(862720K)
[4.723s][info][gc,metaspace   ] GC(106) Metaspace: 6299K(6464K)->6299K(6464K) NonClass: 5765K(5824K)->5765K(5824K) Class: 533K(640K)->533K(640K)
[4.723s][info][gc             ] GC(106) Pause Young (Allocation Failure) 774M->774M(903M) 13.717ms
[4.723s][info][gc,cpu         ] GC(106) User=0.02s Sys=0.00s Real=0.01s
[4.741s][info][gc,start       ] GC(107) Pause Young (Allocation Failure)
[4.761s][info][gc,heap        ] GC(107) PSYoungGen: 34944K(62464K)->34976K(63488K) Eden: 18432K(18432K)->0K(18432K) From: 16512K(44032K)->34976K(45056K)
[4.761s][info][gc,heap        ] GC(107) ParOldGen: 777037K(862720K)->777037K(862720K)
[4.761s][info][gc,metaspace   ] GC(107) Metaspace: 6299K(6464K)->6299K(6464K) NonClass: 5765K(5824K)->5765K(5824K) Class: 533K(640K)->533K(640K)
[4.761s][info][gc             ] GC(107) Pause Young (Allocation Failure) 792M->792M(904M) 19.501ms
[4.761s][info][gc,cpu         ] GC(107) User=0.06s Sys=0.00s Real=0.02s
[4.779s][info][gc,start       ] GC(108) Pause Young (Allocation Failure)
[4.806s][info][gc,heap        ] GC(108) PSYoungGen: 53408K(63488K)->47104K(58880K) Eden: 18432K(18432K)->0K(11776K) From: 34976K(45056K)->47104K(47104K)
[4.806s][info][gc,heap        ] GC(108) ParOldGen: 777037K(862720K)->783293K(862720K)
[4.806s][info][gc,metaspace   ] GC(108) Metaspace: 6299K(6464K)->6299K(6464K) NonClass: 5765K(5824K)->5765K(5824K) Class: 533K(640K)->533K(640K)
[4.806s][info][gc             ] GC(108) Pause Young (Allocation Failure) 810M->810M(900M) 27.245ms
[4.806s][info][gc,cpu         ] GC(108) User=0.14s Sys=0.00s Real=0.03s
[4.819s][info][gc,start       ] GC(109) Pause Young (Allocation Failure)
[4.849s][info][gc,heap        ] GC(109) PSYoungGen: 58880K(58880K)->45120K(67584K) Eden: 11776K(11776K)->0K(11776K) From: 47104K(47104K)->45120K(55808K)
[4.849s][info][gc,heap        ] GC(109) ParOldGen: 783293K(862720K)->797397K(862720K)
[4.849s][info][gc,metaspace   ] GC(109) Metaspace: 6299K(6464K)->6299K(6464K) NonClass: 5765K(5824K)->5765K(5824K) Class: 533K(640K)->533K(640K)
[4.849s][info][gc             ] GC(109) Pause Young (Allocation Failure) 822M->822M(908M) 29.312ms
[4.849s][info][gc,cpu         ] GC(109) User=0.12s Sys=0.09s Real=0.03s
[4.861s][info][gc,start       ] GC(110) Pause Young (Allocation Failure)
[4.888s][info][gc,heap        ] GC(110) PSYoungGen: 56896K(67584K)->41952K(70656K) Eden: 11776K(11776K)->0K(11264K) From: 45120K(55808K)->41952K(59392K)
[4.888s][info][gc,heap        ] GC(110) ParOldGen: 797397K(862720K)->812501K(862720K)
[4.888s][info][gc,metaspace   ] GC(110) Metaspace: 6299K(6464K)->6299K(6464K) NonClass: 5765K(5824K)->5765K(5824K) Class: 533K(640K)->533K(640K)
[4.888s][info][gc             ] GC(110) Pause Young (Allocation Failure) 834M->834M(911M) 27.252ms
[4.888s][info][gc,cpu         ] GC(110) User=0.09s Sys=0.05s Real=0.03s
[4.901s][info][gc,start       ] GC(111) Pause Young (Allocation Failure)
[4.927s][info][gc,heap        ] GC(111) PSYoungGen: 53216K(70656K)->23136K(34816K) Eden: 11264K(11264K)->0K(11264K) From: 41952K(59392K)->23136K(23552K)
[4.927s][info][gc,heap        ] GC(111) ParOldGen: 812501K(862720K)->842965K(862720K)
[4.927s][info][gc,metaspace   ] GC(111) Metaspace: 6299K(6464K)->6299K(6464K) NonClass: 5765K(5824K)->5765K(5824K) Class: 533K(640K)->533K(640K)
[4.927s][info][gc             ] GC(111) Pause Young (Allocation Failure) 845M->845M(876M) 26.326ms
[4.927s][info][gc,cpu         ] GC(111) User=0.12s Sys=0.00s Real=0.03s
[4.927s][info][gc,start       ] GC(112) Pause Full (Ergonomics)
[4.927s][info][gc,phases,start] GC(112) Marking Phase
[5.122s][info][gc,phases      ] GC(112) Marking Phase 194.538ms
[5.122s][info][gc,phases,start] GC(112) Summary Phase
[5.122s][info][gc,phases      ] GC(112) Summary Phase 0.024ms
[5.122s][info][gc,phases,start] GC(112) Adjust Roots
[5.122s][info][gc,phases      ] GC(112) Adjust Roots 0.146ms
[5.122s][info][gc,phases,start] GC(112) Compaction Phase
[5.205s][info][gc,phases      ] GC(112) Compaction Phase 82.652ms
[5.205s][info][gc,phases,start] GC(112) Post Compact
[5.207s][info][gc,phases      ] GC(112) Post Compact 1.583ms
[5.207s][info][gc,heap        ] GC(112) PSYoungGen: 23136K(34816K)->2534K(34816K) Eden: 0K(11264K)->0K(11264K) From: 23136K(23552K)->2534K(23552K)
[5.207s][info][gc,heap        ] GC(112) ParOldGen: 842965K(862720K)->862377K(960000K)
[5.207s][info][gc,metaspace   ] GC(112) Metaspace: 6299K(6464K)->6299K(6464K) NonClass: 5765K(5824K)->5765K(5824K) Class: 533K(640K)->533K(640K)
[5.207s][info][gc             ] GC(112) Pause Full (Ergonomics) 845M->844M(971M) 279.689ms
[5.207s][info][gc,cpu         ] GC(112) User=2.06s Sys=0.05s Real=0.28s
[5.219s][info][gc,start       ] GC(113) Pause Young (Allocation Failure)
[5.263s][info][gc,heap        ] GC(113) PSYoungGen: 13798K(34816K)->11392K(72192K) Eden: 11264K(11264K)->0K(12800K) From: 2534K(23552K)->11392K(59392K)
[5.264s][info][gc,heap        ] GC(113) ParOldGen: 862377K(960000K)->864977K(960000K)
[5.264s][info][gc,metaspace   ] GC(113) Metaspace: 6299K(6464K)->6299K(6464K) NonClass: 5765K(5824K)->5765K(5824K) Class: 533K(640K)->533K(640K)
[5.264s][info][gc             ] GC(113) Pause Young (Allocation Failure) 855M->855M(1008M) 44.379ms
[5.264s][info][gc,cpu         ] GC(113) User=0.25s Sys=0.00s Real=0.04s
[5.277s][info][gc,start       ] GC(114) Pause Young (Allocation Failure)
[5.294s][info][gc,heap        ] GC(114) PSYoungGen: 24192K(72192K)->12896K(72192K) Eden: 12800K(12800K)->0K(12800K) From: 11392K(59392K)->12896K(59392K)
[5.294s][info][gc,heap        ] GC(114) ParOldGen: 864977K(960000K)->876409K(960000K)
[5.294s][info][gc,metaspace   ] GC(114) Metaspace: 6299K(6464K)->6299K(6464K) NonClass: 5765K(5824K)->5765K(5824K) Class: 533K(640K)->533K(640K)
[5.294s][info][gc             ] GC(114) Pause Young (Allocation Failure) 868M->868M(1008M) 16.995ms
[5.294s][info][gc,cpu         ] GC(114) User=0.02s Sys=0.00s Real=0.02s
[5.308s][info][gc,start       ] GC(115) Pause Young (Allocation Failure)
[5.324s][info][gc,heap        ] GC(115) PSYoungGen: 25696K(72192K)->12896K(71168K) Eden: 12800K(12800K)->0K(14336K) From: 12896K(59392K)->12896K(56832K)
[5.324s][info][gc,heap        ] GC(115) ParOldGen: 876409K(960000K)->889377K(960000K)
[5.324s][info][gc,metaspace   ] GC(115) Metaspace: 6299K(6464K)->6299K(6464K) NonClass: 5765K(5824K)->5765K(5824K) Class: 533K(640K)->533K(640K)
[5.324s][info][gc             ] GC(115) Pause Young (Allocation Failure) 880M->881M(1007M) 16.763ms
[5.324s][info][gc,cpu         ] GC(115) User=0.02s Sys=0.02s Real=0.02s
[5.340s][info][gc,start       ] GC(116) Pause Young (Allocation Failure)
[5.358s][info][gc,heap        ] GC(116) PSYoungGen: 27232K(71168K)->14432K(72192K) Eden: 14336K(14336K)->0K(14336K) From: 12896K(56832K)->14432K(57856K)
[5.358s][info][gc,heap        ] GC(116) ParOldGen: 889377K(960000K)->902345K(960000K)
[5.358s][info][gc,metaspace   ] GC(116) Metaspace: 6299K(6464K)->6299K(6464K) NonClass: 5765K(5824K)->5765K(5824K) Class: 533K(640K)->533K(640K)
[5.358s][info][gc             ] GC(116) Pause Young (Allocation Failure) 895M->895M(1008M) 17.918ms
[5.358s][info][gc,cpu         ] GC(116) User=0.03s Sys=0.00s Real=0.02s
[5.374s][info][gc,start       ] GC(117) Pause Young (Allocation Failure)
[5.392s][info][gc,heap        ] GC(117) PSYoungGen: 28768K(72192K)->14464K(69632K) Eden: 14336K(14336K)->0K(16384K) From: 14432K(57856K)->14464K(53248K)
[5.392s][info][gc,heap        ] GC(117) ParOldGen: 902345K(960000K)->916873K(960000K)
[5.392s][info][gc,metaspace   ] GC(117) Metaspace: 6299K(6464K)->6299K(6464K) NonClass: 5765K(5824K)->5765K(5824K) Class: 533K(640K)->533K(640K)
[5.392s][info][gc             ] GC(117) Pause Young (Allocation Failure) 909M->909M(1005M) 18.386ms
[5.392s][info][gc,cpu         ] GC(117) User=0.03s Sys=0.00s Real=0.02s
[5.412s][info][gc,start       ] GC(118) Pause Young (Allocation Failure)
[5.430s][info][gc,heap        ] GC(118) PSYoungGen: 30848K(69632K)->16480K(71168K) Eden: 16384K(16384K)->0K(16384K) From: 14464K(53248K)->16480K(54784K)
[5.430s][info][gc,heap        ] GC(118) ParOldGen: 916873K(960000K)->931409K(960000K)
[5.430s][info][gc,metaspace   ] GC(118) Metaspace: 6299K(6464K)->6299K(6464K) NonClass: 5765K(5824K)->5765K(5824K) Class: 533K(640K)->533K(640K)
[5.430s][info][gc             ] GC(118) Pause Young (Allocation Failure) 925M->925M(1007M) 18.838ms
[5.430s][info][gc,cpu         ] GC(118) User=0.03s Sys=0.00s Real=0.02s
[5.449s][info][gc,start       ] GC(119) Pause Young (Allocation Failure)
[5.468s][info][gc,heap        ] GC(119) PSYoungGen: 32864K(71168K)->16544K(67072K) Eden: 16384K(16384K)->0K(18432K) From: 16480K(54784K)->16544K(48640K)
[5.468s][info][gc,heap        ] GC(119) ParOldGen: 931409K(960000K)->948017K(960000K)
[5.468s][info][gc,metaspace   ] GC(119) Metaspace: 6299K(6464K)->6299K(6464K) NonClass: 5765K(5824K)->5765K(5824K) Class: 533K(640K)->533K(640K)
[5.468s][info][gc             ] GC(119) Pause Young (Allocation Failure) 941M->941M(1003M) 19.577ms
[5.468s][info][gc,cpu         ] GC(119) User=0.03s Sys=0.03s Real=0.02s
[5.468s][info][gc,start       ] GC(120) Pause Full (Ergonomics)
[5.468s][info][gc,phases,start] GC(120) Marking Phase
[5.682s][info][gc,phases      ] GC(120) Marking Phase 214.015ms
[5.682s][info][gc,phases,start] GC(120) Summary Phase
[5.682s][info][gc,phases      ] GC(120) Summary Phase 0.024ms
[5.682s][info][gc,phases,start] GC(120) Adjust Roots
[5.683s][info][gc,phases      ] GC(120) Adjust Roots 0.149ms
[5.683s][info][gc,phases,start] GC(120) Compaction Phase
[5.774s][info][gc,phases      ] GC(120) Compaction Phase 91.328ms
[5.774s][info][gc,phases,start] GC(120) Post Compact
[5.776s][info][gc,phases      ] GC(120) Post Compact 1.724ms
[5.776s][info][gc,heap        ] GC(120) PSYoungGen: 16544K(67072K)->3089K(69120K) Eden: 0K(18432K)->0K(20480K) From: 16544K(48640K)->3089K(48640K)
[5.776s][info][gc,heap        ] GC(120) ParOldGen: 948017K(960000K)->959899K(1060864K)
[5.776s][info][gc,metaspace   ] GC(120) Metaspace: 6299K(6464K)->6299K(6464K) NonClass: 5765K(5824K)->5765K(5824K) Class: 533K(640K)->533K(640K)
[5.776s][info][gc             ] GC(120) Pause Full (Ergonomics) 941M->940M(1103M) 308.039ms
[5.776s][info][gc,cpu         ] GC(120) User=2.08s Sys=0.00s Real=0.31s
[5.800s][info][gc,start       ] GC(121) Pause Young (Allocation Failure)
[5.852s][info][gc,heap        ] GC(121) PSYoungGen: 23569K(69120K)->20640K(41472K) Eden: 20480K(20480K)->0K(20480K) From: 3089K(48640K)->20640K(20992K)
[5.852s][info][gc,heap        ] GC(121) ParOldGen: 959899K(1060864K)->963059K(1060864K)
[5.852s][info][gc,metaspace   ] GC(121) Metaspace: 6299K(6464K)->6299K(6464K) NonClass: 5765K(5824K)->5765K(5824K) Class: 533K(640K)->533K(640K)
[5.852s][info][gc             ] GC(121) Pause Young (Allocation Failure) 960M->960M(1076M) 51.359ms
[5.852s][info][gc,cpu         ] GC(121) User=0.27s Sys=0.00s Real=0.05s
[5.874s][info][gc,start       ] GC(122) Pause Young (Allocation Failure)
[5.897s][info][gc,heap        ] GC(122) PSYoungGen: 41120K(41472K)->41152K(66048K) Eden: 20480K(20480K)->0K(17920K) From: 20640K(20992K)->41152K(48128K)
[5.897s][info][gc,heap        ] GC(122) ParOldGen: 963059K(1060864K)->963059K(1060864K)
[5.897s][info][gc,metaspace   ] GC(122) Metaspace: 6299K(6464K)->6299K(6464K) NonClass: 5765K(5824K)->5765K(5824K) Class: 533K(640K)->533K(640K)
[5.897s][info][gc             ] GC(122) Pause Young (Allocation Failure) 980M->980M(1100M) 22.660ms
[5.897s][info][gc,cpu         ] GC(122) User=0.12s Sys=0.00s Real=0.02s
[5.917s][info][gc,start       ] GC(123) Pause Young (Allocation Failure)
[5.947s][info][gc,heap        ] GC(123) PSYoungGen: 59072K(66048K)->52736K(70656K) Eden: 17920K(17920K)->0K(17920K) From: 41152K(48128K)->52736K(52736K)
[5.947s][info][gc,heap        ] GC(123) ParOldGen: 963059K(1060864K)->969347K(1060864K)
[5.947s][info][gc,metaspace   ] GC(123) Metaspace: 6299K(6464K)->6299K(6464K) NonClass: 5765K(5824K)->5765K(5824K) Class: 533K(640K)->533K(640K)
[5.947s][info][gc             ] GC(123) Pause Young (Allocation Failure) 998M->998M(1105M) 30.398ms
[5.947s][info][gc,cpu         ] GC(123) User=0.14s Sys=0.00s Real=0.03s
[5.968s][info][gc,start       ] GC(124) Pause Young (Allocation Failure)
[6.003s][info][gc,heap        ] GC(124) PSYoungGen: 70656K(70656K)->33760K(80896K) Eden: 17920K(17920K)->0K(19968K) From: 52736K(52736K)->33760K(60928K)
[6.003s][info][gc,heap        ] GC(124) ParOldGen: 969347K(1060864K)->1006803K(1060864K)
[6.003s][info][gc,metaspace   ] GC(124) Metaspace: 6299K(6464K)->6299K(6464K) NonClass: 5765K(5824K)->5765K(5824K) Class: 533K(640K)->533K(640K)
[6.003s][info][gc             ] GC(124) Pause Young (Allocation Failure) 1015M->1016M(1115M) 35.373ms
[6.003s][info][gc,cpu         ] GC(124) User=0.23s Sys=0.02s Real=0.04s
[6.026s][info][gc,start       ] GC(125) Pause Young (Allocation Failure)
[6.055s][info][gc,heap        ] GC(125) PSYoungGen: 53728K(80896K)->38048K(81920K) Eden: 19968K(19968K)->0K(19968K) From: 33760K(60928K)->38048K(61952K)
[6.055s][info][gc,heap        ] GC(125) ParOldGen: 1006803K(1060864K)->1022787K(1060864K)
[6.055s][info][gc,metaspace   ] GC(125) Metaspace: 6299K(6464K)->6299K(6464K) NonClass: 5765K(5824K)->5765K(5824K) Class: 533K(640K)->533K(640K)
[6.055s][info][gc             ] GC(125) Pause Young (Allocation Failure) 1035M->1035M(1116M) 28.493ms
[6.055s][info][gc,cpu         ] GC(125) User=0.12s Sys=0.00s Real=0.03s
[6.077s][info][gc,start       ] GC(126) Pause Young (Allocation Failure)
[6.108s][info][gc,heap        ] GC(126) PSYoungGen: 58016K(81920K)->40096K(83456K) Eden: 19968K(19968K)->0K(21504K) From: 38048K(61952K)->40096K(61952K)
[6.108s][info][gc,heap        ] GC(126) ParOldGen: 1022787K(1060864K)->1040971K(1060864K)
[6.108s][info][gc,metaspace   ] GC(126) Metaspace: 6299K(6464K)->6299K(6464K) NonClass: 5765K(5824K)->5765K(5824K) Class: 533K(640K)->533K(640K)
[6.108s][info][gc             ] GC(126) Pause Young (Allocation Failure) 1055M->1055M(1117M) 30.886ms
[6.108s][info][gc,cpu         ] GC(126) User=0.14s Sys=0.00s Real=0.03s
[6.108s][info][gc,start       ] GC(127) Pause Full (Ergonomics)
[6.108s][info][gc,phases,start] GC(127) Marking Phase
[6.353s][info][gc,phases      ] GC(127) Marking Phase 244.686ms
[6.353s][info][gc,phases,start] GC(127) Summary Phase
[6.353s][info][gc,phases      ] GC(127) Summary Phase 0.039ms
[6.353s][info][gc,phases,start] GC(127) Adjust Roots
[6.353s][info][gc,phases      ] GC(127) Adjust Roots 0.207ms
[6.353s][info][gc,phases,start] GC(127) Compaction Phase
[6.445s][info][gc,phases      ] GC(127) Compaction Phase 92.091ms
[6.445s][info][gc,phases,start] GC(127) Post Compact
[6.447s][info][gc,phases      ] GC(127) Post Compact 1.804ms
[6.448s][info][gc,heap        ] GC(127) PSYoungGen: 40096K(83456K)->18928K(83456K) Eden: 0K(21504K)->0K(21504K) From: 40096K(61952K)->18928K(61952K)
[6.448s][info][gc,heap        ] GC(127) ParOldGen: 1040971K(1060864K)->1060620K(1175040K)
[6.448s][info][gc,metaspace   ] GC(127) Metaspace: 6299K(6464K)->6299K(6464K) NonClass: 5765K(5824K)->5765K(5824K) Class: 533K(640K)->533K(640K)
[6.448s][info][gc             ] GC(127) Pause Full (Ergonomics) 1055M->1054M(1229M) 339.574ms
[6.448s][info][gc,cpu         ] GC(127) User=2.52s Sys=0.00s Real=0.34s
[6.472s][info][gc,start       ] GC(128) Pause Young (Allocation Failure)
[6.534s][info][gc,heap        ] GC(128) PSYoungGen: 40432K(83456K)->31168K(84480K) Eden: 21504K(21504K)->0K(21504K) From: 18928K(61952K)->31168K(62976K)
[6.534s][info][gc,heap        ] GC(128) ParOldGen: 1060620K(1175040K)->1070220K(1175040K)
[6.534s][info][gc,metaspace   ] GC(128) Metaspace: 6299K(6464K)->6299K(6464K) NonClass: 5765K(5824K)->5765K(5824K) Class: 533K(640K)->533K(640K)
[6.534s][info][gc             ] GC(128) Pause Young (Allocation Failure) 1075M->1075M(1230M) 62.173ms
[6.534s][info][gc,cpu         ] GC(128) User=0.38s Sys=0.00s Real=0.06s
[6.557s][info][gc,start       ] GC(129) Pause Young (Allocation Failure)
[6.586s][info][gc,heap        ] GC(129) PSYoungGen: 52672K(84480K)->52672K(79360K) Eden: 21504K(21504K)->0K(18944K) From: 31168K(62976K)->52672K(60416K)
[6.586s][info][gc,heap        ] GC(129) ParOldGen: 1070220K(1175040K)->1070220K(1175040K)
[6.586s][info][gc,metaspace   ] GC(129) Metaspace: 6299K(6464K)->6299K(6464K) NonClass: 5765K(5824K)->5765K(5824K) Class: 533K(640K)->533K(640K)
[6.586s][info][gc             ] GC(129) Pause Young (Allocation Failure) 1096M->1096M(1225M) 28.379ms
[6.586s][info][gc,cpu         ] GC(129) User=0.12s Sys=0.00s Real=0.03s
[6.608s][info][gc,start       ] GC(130) Pause Young (Allocation Failure)
[6.644s][info][gc,heap        ] GC(130) PSYoungGen: 71616K(79360K)->62144K(84480K) Eden: 18944K(18944K)->0K(18944K) From: 52672K(60416K)->62144K(65536K)
[6.644s][info][gc,heap        ] GC(130) ParOldGen: 1070220K(1175040K)->1079836K(1175040K)
[6.644s][info][gc,metaspace   ] GC(130) Metaspace: 6299K(6464K)->6299K(6464K) NonClass: 5765K(5824K)->5765K(5824K) Class: 533K(640K)->533K(640K)
[6.644s][info][gc             ] GC(130) Pause Young (Allocation Failure) 1115M->1115M(1230M) 36.028ms
[6.644s][info][gc,cpu         ] GC(130) User=0.25s Sys=0.00s Real=0.04s
[6.667s][info][gc,start       ] GC(131) Pause Young (Allocation Failure)
[6.708s][info][gc,heap        ] GC(131) PSYoungGen: 81088K(84480K)->59552K(89600K) Eden: 18944K(18944K)->0K(16384K) From: 62144K(65536K)->59552K(73216K)
[6.708s][info][gc,heap        ] GC(131) ParOldGen: 1079836K(1175040K)->1101636K(1175040K)
[6.708s][info][gc,metaspace   ] GC(131) Metaspace: 6299K(6464K)->6299K(6464K) NonClass: 5765K(5824K)->5765K(5824K) Class: 533K(640K)->533K(640K)
[6.708s][info][gc             ] GC(131) Pause Young (Allocation Failure) 1133M->1133M(1235M) 41.031ms
[6.708s][info][gc,cpu         ] GC(131) User=0.20s Sys=0.05s Real=0.04s
[6.728s][info][gc,start       ] GC(132) Pause Young (Allocation Failure)
[6.766s][info][gc,heap        ] GC(132) PSYoungGen: 75936K(89600K)->54432K(94720K) Eden: 16384K(16384K)->0K(16384K) From: 59552K(73216K)->54432K(78336K)
[6.766s][info][gc,heap        ] GC(132) ParOldGen: 1101636K(1175040K)->1123412K(1175040K)
[6.766s][info][gc,metaspace   ] GC(132) Metaspace: 6299K(6464K)->6299K(6464K) NonClass: 5765K(5824K)->5765K(5824K) Class: 533K(640K)->533K(640K)
[6.766s][info][gc             ] GC(132) Pause Young (Allocation Failure) 1149M->1150M(1240M) 37.989ms
[6.766s][info][gc,cpu         ] GC(132) User=0.23s Sys=0.02s Real=0.04s
[6.785s][info][gc,start       ] GC(133) Pause Young (Allocation Failure)
[6.822s][info][gc,heap        ] GC(133) PSYoungGen: 70816K(94720K)->32896K(94208K) Eden: 16384K(16384K)->0K(18944K) From: 54432K(78336K)->32896K(75264K)
[6.823s][info][gc,heap        ] GC(133) ParOldGen: 1123412K(1175040K)->1161796K(1175040K)
[6.823s][info][gc,metaspace   ] GC(133) Metaspace: 6299K(6464K)->6299K(6464K) NonClass: 5765K(5824K)->5765K(5824K) Class: 533K(640K)->533K(640K)
[6.823s][info][gc             ] GC(133) Pause Young (Allocation Failure) 1166M->1166M(1239M) 37.500ms
[6.823s][info][gc,cpu         ] GC(133) User=0.20s Sys=0.05s Real=0.04s
[6.823s][info][gc,start       ] GC(134) Pause Full (Ergonomics)
[6.823s][info][gc,phases,start] GC(134) Marking Phase
[7.089s][info][gc,phases      ] GC(134) Marking Phase 266.637ms
[7.089s][info][gc,phases,start] GC(134) Summary Phase
[7.089s][info][gc,phases      ] GC(134) Summary Phase 0.025ms
[7.089s][info][gc,phases,start] GC(134) Adjust Roots
[7.090s][info][gc,phases      ] GC(134) Adjust Roots 0.150ms
[7.090s][info][gc,phases,start] GC(134) Compaction Phase
[7.196s][info][gc,phases      ] GC(134) Compaction Phase 106.752ms
[7.196s][info][gc,phases,start] GC(134) Post Compact
[7.198s][info][gc,phases      ] GC(134) Post Compact 1.968ms
[7.199s][info][gc,heap        ] GC(134) PSYoungGen: 32896K(94208K)->18395K(96768K) Eden: 0K(18944K)->0K(21504K) From: 32896K(75264K)->18395K(75264K)
[7.199s][info][gc,heap        ] GC(134) ParOldGen: 1161796K(1175040K)->1174623K(1304576K)
[7.199s][info][gc,metaspace   ] GC(134) Metaspace: 6299K(6464K)->6299K(6464K) NonClass: 5765K(5824K)->5765K(5824K) Class: 533K(640K)->533K(640K)
[7.199s][info][gc             ] GC(134) Pause Full (Ergonomics) 1166M->1165M(1368M) 376.349ms
[7.199s][info][gc,cpu         ] GC(134) User=2.62s Sys=0.02s Real=0.38s
[7.229s][info][gc,start       ] GC(135) Pause Young (Allocation Failure)
[7.296s][info][gc,heap        ] GC(135) PSYoungGen: 39899K(96768K)->21632K(99328K) Eden: 21504K(21504K)->0K(21504K) From: 18395K(75264K)->21632K(77824K)
[7.296s][info][gc,heap        ] GC(135) ParOldGen: 1174623K(1304576K)->1193279K(1304576K)
[7.296s][info][gc,metaspace   ] GC(135) Metaspace: 6299K(6464K)->6299K(6464K) NonClass: 5765K(5824K)->5765K(5824K) Class: 533K(640K)->533K(640K)
[7.297s][info][gc             ] GC(135) Pause Young (Allocation Failure) 1186M->1186M(1371M) 67.950ms
[7.297s][info][gc,cpu         ] GC(135) User=0.39s Sys=0.00s Real=0.07s
[7.323s][info][gc,start       ] GC(136) Pause Young (Allocation Failure)
[7.349s][info][gc,heap        ] GC(136) PSYoungGen: 43136K(99328K)->21632K(97792K) Eden: 21504K(21504K)->0K(24064K) From: 21632K(77824K)->21632K(73728K)
[7.349s][info][gc,heap        ] GC(136) ParOldGen: 1193279K(1304576K)->1215079K(1304576K)
[7.349s][info][gc,metaspace   ] GC(136) Metaspace: 6299K(6464K)->6299K(6464K) NonClass: 5765K(5824K)->5765K(5824K) Class: 533K(640K)->533K(640K)
[7.349s][info][gc             ] GC(136) Pause Young (Allocation Failure) 1207M->1207M(1369M) 26.049ms
[7.349s][info][gc,cpu         ] GC(136) User=0.09s Sys=0.03s Real=0.03s
[7.377s][info][gc,start       ] GC(137) Pause Young (Allocation Failure)
[7.405s][info][gc,heap        ] GC(137) PSYoungGen: 45696K(97792K)->24224K(99328K) Eden: 24064K(24064K)->0K(24064K) From: 21632K(73728K)->24224K(75264K)
[7.405s][info][gc,heap        ] GC(137) ParOldGen: 1215079K(1304576K)->1236887K(1304576K)
[7.405s][info][gc,metaspace   ] GC(137) Metaspace: 6299K(6464K)->6299K(6464K) NonClass: 5765K(5824K)->5765K(5824K) Class: 533K(640K)->533K(640K)
[7.405s][info][gc             ] GC(137) Pause Young (Allocation Failure) 1231M->1231M(1371M) 27.878ms
[7.405s][info][gc,cpu         ] GC(137) User=0.12s Sys=0.02s Real=0.03s
[7.433s][info][gc,start       ] GC(138) Pause Young (Allocation Failure)
[7.461s][info][gc,heap        ] GC(138) PSYoungGen: 48288K(99328K)->24160K(95744K) Eden: 24064K(24064K)->0K(26624K) From: 24224K(75264K)->24160K(69120K)
[7.461s][info][gc,heap        ] GC(138) ParOldGen: 1236887K(1304576K)->1261279K(1304576K)
[7.461s][info][gc,metaspace   ] GC(138) Metaspace: 6299K(6464K)->6299K(6464K) NonClass: 5765K(5824K)->5765K(5824K) Class: 533K(640K)->533K(640K)
[7.461s][info][gc             ] GC(138) Pause Young (Allocation Failure) 1255M->1255M(1367M) 28.293ms
[7.461s][info][gc,cpu         ] GC(138) User=0.14s Sys=0.00s Real=0.03s
[7.492s][info][gc,start       ] GC(139) Pause Young (Allocation Failure)
[7.521s][info][gc,heap        ] GC(139) PSYoungGen: 50784K(95744K)->22176K(97792K) Eden: 26624K(26624K)->0K(26624K) From: 24160K(69120K)->22176K(71168K)
[7.521s][info][gc,heap        ] GC(139) ParOldGen: 1261279K(1304576K)->1285687K(1304576K)
[7.521s][info][gc,metaspace   ] GC(139) Metaspace: 6299K(6464K)->6299K(6464K) NonClass: 5765K(5824K)->5765K(5824K) Class: 533K(640K)->533K(640K)
[7.521s][info][gc             ] GC(139) Pause Young (Allocation Failure) 1281M->1277M(1369M) 29.277ms
[7.521s][info][gc,cpu         ] GC(139) User=0.14s Sys=0.00s Real=0.03s
[7.521s][info][gc,start       ] GC(140) Pause Full (Ergonomics)
[7.521s][info][gc,phases,start] GC(140) Marking Phase
[7.827s][info][gc,phases      ] GC(140) Marking Phase 306.223ms
[7.827s][info][gc,phases,start] GC(140) Summary Phase
[7.827s][info][gc,phases      ] GC(140) Summary Phase 0.027ms
[7.827s][info][gc,phases,start] GC(140) Adjust Roots
[7.828s][info][gc,phases      ] GC(140) Adjust Roots 0.231ms
[7.828s][info][gc,phases,start] GC(140) Compaction Phase
[8.179s][info][gc,phases      ] GC(140) Compaction Phase 351.251ms
[8.179s][info][gc,phases,start] GC(140) Post Compact
[8.181s][info][gc,phases      ] GC(140) Post Compact 2.440ms
[8.182s][info][gc,heap        ] GC(140) PSYoungGen: 22176K(97792K)->1612K(97792K) Eden: 0K(26624K)->0K(26624K) From: 22176K(71168K)->1612K(71168K)
[8.182s][info][gc,heap        ] GC(140) ParOldGen: 1285687K(1304576K)->1304446K(1443840K)
[8.182s][info][gc,metaspace   ] GC(140) Metaspace: 6299K(6464K)->6299K(6464K) NonClass: 5765K(5824K)->5765K(5824K) Class: 533K(640K)->533K(640K)
[8.182s][info][gc             ] GC(140) Pause Full (Ergonomics) 1277M->1275M(1505M) 660.987ms
[8.182s][info][gc,cpu         ] GC(140) User=4.91s Sys=0.00s Real=0.66s
[8.207s][info][gc,start       ] GC(141) Pause Young (Allocation Failure)
[8.272s][info][gc,heap        ] GC(141) PSYoungGen: 28236K(97792K)->14720K(96768K) Eden: 26624K(26624K)->0K(29184K) From: 1612K(71168K)->14720K(67584K)
[8.272s][info][gc,heap        ] GC(141) ParOldGen: 1304446K(1443840K)->1306110K(1443840K)
[8.272s][info][gc,metaspace   ] GC(141) Metaspace: 6299K(6464K)->6299K(6464K) NonClass: 5765K(5824K)->5765K(5824K) Class: 533K(640K)->533K(640K)
[8.272s][info][gc             ] GC(141) Pause Young (Allocation Failure) 1301M->1289M(1504M) 65.297ms
[8.273s][info][gc,cpu         ] GC(141) User=0.39s Sys=0.00s Real=0.07s
[8.311s][info][gc,start       ] GC(142) Pause Young (Allocation Failure)
[8.338s][info][gc,heap        ] GC(142) PSYoungGen: 43904K(96768K)->43840K(97792K) Eden: 29184K(29184K)->0K(29184K) From: 14720K(67584K)->43840K(68608K)
[8.338s][info][gc,heap        ] GC(142) ParOldGen: 1306110K(1443840K)->1306110K(1443840K)
[8.338s][info][gc,metaspace   ] GC(142) Metaspace: 6299K(6464K)->6299K(6464K) NonClass: 5765K(5824K)->5765K(5824K) Class: 533K(640K)->533K(640K)
[8.338s][info][gc             ] GC(142) Pause Young (Allocation Failure) 1318M->1318M(1505M) 26.969ms
[8.338s][info][gc,cpu         ] GC(142) User=0.14s Sys=0.00s Real=0.03s
[8.374s][info][gc,start       ] GC(143) Pause Young (Allocation Failure)
[8.413s][info][gc,heap        ] GC(143) PSYoungGen: 73024K(97792K)->69632K(89600K) Eden: 29184K(29184K)->0K(19968K) From: 43840K(68608K)->69632K(69632K)
[8.413s][info][gc,heap        ] GC(143) ParOldGen: 1306110K(1443840K)->1309526K(1443840K)
[8.413s][info][gc,metaspace   ] GC(143) Metaspace: 6299K(6464K)->6299K(6464K) NonClass: 5765K(5824K)->5765K(5824K) Class: 533K(640K)->533K(640K)
[8.413s][info][gc             ] GC(143) Pause Young (Allocation Failure) 1346M->1346M(1497M) 39.600ms
[8.413s][info][gc,cpu         ] GC(143) User=0.25s Sys=0.00s Real=0.04s
[8.438s][info][gc,start       ] GC(144) Pause Young (Allocation Failure)
[8.484s][info][gc,heap        ] GC(144) PSYoungGen: 89600K(89600K)->48128K(101376K) Eden: 19968K(19968K)->0K(19968K) From: 69632K(69632K)->48128K(81408K)
[8.484s][info][gc,heap        ] GC(144) ParOldGen: 1309526K(1443840K)->1351702K(1443840K)
[8.484s][info][gc,metaspace   ] GC(144) Metaspace: 6299K(6464K)->6299K(6464K) NonClass: 5765K(5824K)->5765K(5824K) Class: 533K(640K)->533K(640K)
[8.484s][info][gc             ] GC(144) Pause Young (Allocation Failure) 1366M->1367M(1509M) 46.848ms
[8.484s][info][gc,cpu         ] GC(144) User=0.27s Sys=0.00s Real=0.05s
[8.783s][info][gc,start       ] GC(145) Pause Full (Ergonomics)
[8.783s][info][gc,phases,start] GC(145) Marking Phase
[9.102s][info][gc,phases      ] GC(145) Marking Phase 319.061ms
[9.102s][info][gc,phases,start] GC(145) Summary Phase
[9.102s][info][gc,phases      ] GC(145) Summary Phase 0.030ms
[9.102s][info][gc,phases,start] GC(145) Adjust Roots
[9.102s][info][gc,phases      ] GC(145) Adjust Roots 0.165ms
[9.102s][info][gc,phases,start] GC(145) Compaction Phase
[9.328s][info][gc,phases      ] GC(145) Compaction Phase 225.640ms
[9.328s][info][gc,phases,start] GC(145) Post Compact
[9.331s][info][gc,phases      ] GC(145) Post Compact 3.006ms
[9.332s][info][gc,heap        ] GC(145) PSYoungGen: 68096K(101376K)->8007K(101376K) Eden: 19968K(19968K)->0K(19968K) From: 48128K(81408K)->8007K(81408K)
[9.332s][info][gc,heap        ] GC(145) ParOldGen: 1417238K(1443840K)->1443512K(1601024K)
[9.332s][info][gc,metaspace   ] GC(145) Metaspace: 6299K(6464K)->6299K(6464K) NonClass: 5765K(5824K)->5765K(5824K) Class: 533K(640K)->533K(640K)
[9.332s][info][gc             ] GC(145) Pause Full (Ergonomics) 1450M->1417M(1662M) 548.847ms
[9.332s][info][gc,cpu         ] GC(145) User=3.75s Sys=0.05s Real=0.55s
[9.352s][info][gc,start       ] GC(146) Pause Young (Allocation Failure)
[9.428s][info][gc,heap        ] GC(146) PSYoungGen: 27975K(101376K)->28096K(97280K) Eden: 19968K(19968K)->0K(22016K) From: 8007K(81408K)->28096K(75264K)
[9.428s][info][gc,heap        ] GC(146) ParOldGen: 1443512K(1601024K)->1443512K(1601024K)
[9.428s][info][gc,metaspace   ] GC(146) Metaspace: 6299K(6464K)->6299K(6464K) NonClass: 5765K(5824K)->5765K(5824K) Class: 533K(640K)->533K(640K)
[9.428s][info][gc             ] GC(146) Pause Young (Allocation Failure) 1436M->1437M(1658M) 76.412ms
[9.428s][info][gc,cpu         ] GC(146) User=0.39s Sys=0.00s Real=0.08s
[9.449s][info][gc,start       ] GC(147) Pause Young (Allocation Failure)
[9.480s][info][gc,heap        ] GC(147) PSYoungGen: 50112K(97280K)->50176K(100352K) Eden: 22016K(22016K)->0K(22016K) From: 28096K(75264K)->50176K(78336K)
[9.480s][info][gc,heap        ] GC(147) ParOldGen: 1443512K(1601024K)->1443512K(1601024K)
[9.480s][info][gc,metaspace   ] GC(147) Metaspace: 6299K(6464K)->6299K(6464K) NonClass: 5765K(5824K)->5765K(5824K) Class: 533K(640K)->533K(640K)
[9.480s][info][gc             ] GC(147) Pause Young (Allocation Failure) 1458M->1458M(1661M) 31.422ms
[9.480s][info][gc,cpu         ] GC(147) User=0.03s Sys=0.00s Real=0.03s
[9.501s][info][gc,start       ] GC(148) Pause Young (Allocation Failure)
[9.540s][info][gc,heap        ] GC(148) PSYoungGen: 72192K(100352K)->72224K(95232K) Eden: 22016K(22016K)->0K(15872K) From: 50176K(78336K)->72224K(79360K)
[9.540s][info][gc,heap        ] GC(148) ParOldGen: 1443512K(1601024K)->1443512K(1601024K)
[9.540s][info][gc,metaspace   ] GC(148) Metaspace: 6299K(6464K)->6299K(6464K) NonClass: 5765K(5824K)->5765K(5824K) Class: 533K(640K)->533K(640K)
[9.540s][info][gc             ] GC(148) Pause Young (Allocation Failure) 1480M->1480M(1656M) 39.242ms
[9.540s][info][gc,cpu         ] GC(148) User=0.08s Sys=0.00s Real=0.04s
[9.555s][info][gc,start       ] GC(149) Pause Young (Allocation Failure)
[9.596s][info][gc,heap        ] GC(149) PSYoungGen: 88096K(95232K)->83200K(103936K) Eden: 15872K(15872K)->0K(15872K) From: 72224K(79360K)->83200K(88064K)
[9.596s][info][gc,heap        ] GC(149) ParOldGen: 1443512K(1601024K)->1448480K(1601024K)
[9.596s][info][gc,metaspace   ] GC(149) Metaspace: 6299K(6464K)->6299K(6464K) NonClass: 5765K(5824K)->5765K(5824K) Class: 533K(640K)->533K(640K)
[9.596s][info][gc             ] GC(149) Pause Young (Allocation Failure) 1495M->1495M(1665M) 41.592ms
[9.596s][info][gc,cpu         ] GC(149) User=0.25s Sys=0.00s Real=0.04s
[9.612s][info][gc,start       ] GC(150) Pause Young (Allocation Failure)
[9.659s][info][gc,heap        ] GC(150) PSYoungGen: 99072K(103936K)->95936K(103424K) Eden: 15872K(15872K)->0K(4608K) From: 83200K(88064K)->95936K(98816K)
[9.660s][info][gc,heap        ] GC(150) ParOldGen: 1448480K(1601024K)->1451704K(1601024K)
[9.660s][info][gc,metaspace   ] GC(150) Metaspace: 6299K(6464K)->6299K(6464K) NonClass: 5765K(5824K)->5765K(5824K) Class: 533K(640K)->533K(640K)
[9.660s][info][gc             ] GC(150) Pause Young (Allocation Failure) 1511M->1511M(1664M) 47.149ms
[9.660s][info][gc,cpu         ] GC(150) User=0.23s Sys=0.03s Real=0.05s
[9.664s][info][gc,start       ] GC(151) Pause Young (Allocation Failure)
[9.711s][info][gc,heap        ] GC(151) PSYoungGen: 100544K(103424K)->58560K(63488K) Eden: 4608K(4608K)->0K(4608K) From: 95936K(98816K)->58560K(58880K)
[9.711s][info][gc,heap        ] GC(151) ParOldGen: 1451704K(1601024K)->1494208K(1601024K)
[9.711s][info][gc,metaspace   ] GC(151) Metaspace: 6299K(6464K)->6299K(6464K) NonClass: 5765K(5824K)->5765K(5824K) Class: 533K(640K)->533K(640K)
[9.711s][info][gc             ] GC(151) Pause Young (Allocation Failure) 1515M->1516M(1625M) 46.714ms
[9.711s][info][gc,cpu         ] GC(151) User=0.23s Sys=0.02s Real=0.05s
[9.716s][info][gc,start       ] GC(152) Pause Young (Allocation Failure)
[9.749s][info][gc,heap        ] GC(152) PSYoungGen: 63168K(63488K)->25184K(112640K) Eden: 4608K(4608K)->0K(5632K) From: 58560K(58880K)->25184K(107008K)
[9.749s][info][gc,heap        ] GC(152) ParOldGen: 1494208K(1601024K)->1532552K(1601024K)
[9.749s][info][gc,metaspace   ] GC(152) Metaspace: 6299K(6464K)->6299K(6464K) NonClass: 5765K(5824K)->5765K(5824K) Class: 533K(640K)->533K(640K)
[9.749s][info][gc             ] GC(152) Pause Young (Allocation Failure) 1520M->1521M(1673M) 33.143ms
[9.749s][info][gc,cpu         ] GC(152) User=0.16s Sys=0.00s Real=0.03s
[9.755s][info][gc,start       ] GC(153) Pause Young (Allocation Failure)
[9.779s][info][gc,heap        ] GC(153) PSYoungGen: 30816K(112640K)->10304K(113664K) Eden: 5632K(5632K)->0K(5632K) From: 25184K(107008K)->10304K(108032K)
[9.779s][info][gc,heap        ] GC(153) ParOldGen: 1532552K(1601024K)->1553264K(1601024K)
[9.779s][info][gc,metaspace   ] GC(153) Metaspace: 6299K(6464K)->6299K(6464K) NonClass: 5765K(5824K)->5765K(5824K) Class: 533K(640K)->533K(640K)
[9.779s][info][gc             ] GC(153) Pause Young (Allocation Failure) 1526M->1526M(1674M) 24.613ms
[9.779s][info][gc,cpu         ] GC(153) User=0.05s Sys=0.00s Real=0.02s
[9.779s][info][gc,start       ] GC(154) Pause Full (Ergonomics)
[9.779s][info][gc,phases,start] GC(154) Marking Phase
[10.120s][info][gc,phases      ] GC(154) Marking Phase 340.704ms
[10.120s][info][gc,phases,start] GC(154) Summary Phase
[10.120s][info][gc,phases      ] GC(154) Summary Phase 0.038ms
[10.120s][info][gc,phases,start] GC(154) Adjust Roots
[10.120s][info][gc,phases      ] GC(154) Adjust Roots 0.217ms
[10.120s][info][gc,phases,start] GC(154) Compaction Phase
[10.262s][info][gc,phases      ] GC(154) Compaction Phase 141.895ms
[10.262s][info][gc,phases,start] GC(154) Post Compact
[10.265s][info][gc,phases      ] GC(154) Post Compact 2.845ms
[10.266s][info][gc,heap        ] GC(154) PSYoungGen: 10304K(113664K)->0K(115712K) Eden: 0K(5632K)->0K(7168K) From: 10304K(108032K)->0K(108544K)
[10.266s][info][gc,heap        ] GC(154) ParOldGen: 1553264K(1601024K)->1561868K(1736704K)
[10.266s][info][gc,metaspace   ] GC(154) Metaspace: 6299K(6464K)->6299K(6464K) NonClass: 5765K(5824K)->5765K(5824K) Class: 533K(640K)->533K(640K)
[10.266s][info][gc             ] GC(154) Pause Full (Ergonomics) 1526M->1525M(1809M) 486.637ms
[10.266s][info][gc,cpu         ] GC(154) User=3.44s Sys=0.00s Real=0.49s
[10.275s][info][gc,start       ] GC(155) Pause Young (Allocation Failure)
[10.293s][info][gc,heap        ] GC(155) PSYoungGen: 7168K(115712K)->7296K(115712K) Eden: 7168K(7168K)->0K(7168K) From: 0K(108544K)->7296K(108544K)
[10.293s][info][gc,heap        ] GC(155) ParOldGen: 1561868K(1736704K)->1561868K(1736704K)
[10.293s][info][gc,metaspace   ] GC(155) Metaspace: 6299K(6464K)->6299K(6464K) NonClass: 5765K(5824K)->5765K(5824K) Class: 533K(640K)->533K(640K)
[10.293s][info][gc             ] GC(155) Pause Young (Allocation Failure) 1532M->1532M(1809M) 18.161ms
[10.293s][info][gc,cpu         ] GC(155) User=0.02s Sys=0.00s Real=0.02s
[10.300s][info][gc,start       ] GC(156) Pause Young (Allocation Failure)
[10.319s][info][gc,heap        ] GC(156) PSYoungGen: 14464K(115712K)->7296K(114688K) Eden: 7168K(7168K)->0K(8192K) From: 7296K(108544K)->7296K(106496K)
[10.319s][info][gc,heap        ] GC(156) ParOldGen: 1561868K(1736704K)->1569132K(1736704K)
[10.319s][info][gc,metaspace   ] GC(156) Metaspace: 6299K(6464K)->6299K(6464K) NonClass: 5765K(5824K)->5765K(5824K) Class: 533K(640K)->533K(640K)
[10.319s][info][gc             ] GC(156) Pause Young (Allocation Failure) 1539M->1539M(1808M) 18.933ms
[10.319s][info][gc,cpu         ] GC(156) User=0.02s Sys=0.00s Real=0.02s
[10.327s][info][gc,start       ] GC(157) Pause Young (Allocation Failure)
[10.346s][info][gc,heap        ] GC(157) PSYoungGen: 15488K(114688K)->8320K(16896K) Eden: 8192K(8192K)->0K(8192K) From: 7296K(106496K)->8320K(8704K)
[10.346s][info][gc,heap        ] GC(157) ParOldGen: 1569132K(1736704K)->1576412K(1736704K)
[10.346s][info][gc,metaspace   ] GC(157) Metaspace: 6299K(6464K)->6299K(6464K) NonClass: 5765K(5824K)->5765K(5824K) Class: 533K(640K)->533K(640K)
[10.346s][info][gc             ] GC(157) Pause Young (Allocation Failure) 1547M->1547M(1712M) 18.531ms
[10.346s][info][gc,cpu         ] GC(157) User=0.02s Sys=0.00s Real=0.02s
[10.354s][info][gc,start       ] GC(158) Pause Young (Allocation Failure)
[10.378s][info][gc,heap        ] GC(158) PSYoungGen: 16512K(16896K)->8288K(110080K) Eden: 8192K(8192K)->0K(9728K) From: 8320K(8704K)->8288K(100352K)
[10.378s][info][gc,heap        ] GC(158) ParOldGen: 1576412K(1736704K)->1584732K(1736704K)
[10.378s][info][gc,metaspace   ] GC(158) Metaspace: 6299K(6464K)->6299K(6464K) NonClass: 5765K(5824K)->5765K(5824K) Class: 533K(640K)->533K(640K)
[10.378s][info][gc             ] GC(158) Pause Young (Allocation Failure) 1555M->1555M(1803M) 24.028ms
[10.378s][info][gc,cpu         ] GC(158) User=0.03s Sys=0.00s Real=0.02s
[10.387s][info][gc,start       ] GC(159) Pause Young (Allocation Failure)
[10.407s][info][gc,heap        ] GC(159) PSYoungGen: 18016K(110080K)->9856K(19968K) Eden: 9728K(9728K)->0K(9728K) From: 8288K(100352K)->9856K(10240K)
[10.407s][info][gc,heap        ] GC(159) ParOldGen: 1584732K(1736704K)->1593028K(1736704K)
[10.407s][info][gc,metaspace   ] GC(159) Metaspace: 6299K(6464K)->6299K(6464K) NonClass: 5765K(5824K)->5765K(5824K) Class: 533K(640K)->533K(640K)
[10.407s][info][gc             ] GC(159) Pause Young (Allocation Failure) 1565M->1565M(1715M) 19.352ms
[10.407s][info][gc,cpu         ] GC(159) User=0.03s Sys=0.00s Real=0.02s
[10.417s][info][gc,start       ] GC(160) Pause Young (Allocation Failure)
[10.437s][info][gc,heap        ] GC(160) PSYoungGen: 19584K(19968K)->9856K(103936K) Eden: 9728K(9728K)->0K(11264K) From: 9856K(10240K)->9856K(92672K)
[10.438s][info][gc,heap        ] GC(160) ParOldGen: 1593028K(1736704K)->1602900K(1736704K)
[10.438s][info][gc,metaspace   ] GC(160) Metaspace: 6299K(6464K)->6299K(6464K) NonClass: 5765K(5824K)->5765K(5824K) Class: 533K(640K)->533K(640K)
[10.438s][info][gc             ] GC(160) Pause Young (Allocation Failure) 1574M->1574M(1797M) 20.907ms
[10.438s][info][gc,cpu         ] GC(160) User=0.02s Sys=0.02s Real=0.02s
[10.448s][info][gc,start       ] GC(161) Pause Young (Allocation Failure)
[10.473s][info][gc,heap        ] GC(161) PSYoungGen: 21120K(103936K)->11424K(23040K) Eden: 11264K(11264K)->0K(11264K) From: 9856K(92672K)->11424K(11776K)
[10.473s][info][gc,heap        ] GC(161) ParOldGen: 1602900K(1736704K)->1612764K(1736704K)
[10.473s][info][gc,metaspace   ] GC(161) Metaspace: 6299K(6464K)->6299K(6464K) NonClass: 5765K(5824K)->5765K(5824K) Class: 533K(640K)->533K(640K)
[10.473s][info][gc             ] GC(161) Pause Young (Allocation Failure) 1585M->1586M(1718M) 25.211ms
[10.474s][info][gc,cpu         ] GC(161) User=0.02s Sys=0.00s Real=0.02s
[10.485s][info][gc,start       ] GC(162) Pause Young (Allocation Failure)
[10.507s][info][gc,heap        ] GC(162) PSYoungGen: 22688K(23040K)->11424K(97280K) Eden: 11264K(11264K)->0K(13312K) From: 11424K(11776K)->11424K(83968K)
[10.507s][info][gc,heap        ] GC(162) ParOldGen: 1612764K(1736704K)->1624172K(1736704K)
[10.507s][info][gc,metaspace   ] GC(162) Metaspace: 6299K(6464K)->6299K(6464K) NonClass: 5765K(5824K)->5765K(5824K) Class: 533K(640K)->533K(640K)
[10.507s][info][gc             ] GC(162) Pause Young (Allocation Failure) 1597M->1597M(1791M) 22.260ms
[10.507s][info][gc,cpu         ] GC(162) User=0.03s Sys=0.00s Real=0.02s
[10.520s][info][gc,start       ] GC(163) Pause Young (Allocation Failure)
[10.543s][info][gc,heap        ] GC(163) PSYoungGen: 24736K(97280K)->13472K(27136K) Eden: 13312K(13312K)->0K(13312K) From: 11424K(83968K)->13472K(13824K)
[10.543s][info][gc,heap        ] GC(163) ParOldGen: 1624172K(1736704K)->1635580K(1736704K)
[10.543s][info][gc,metaspace   ] GC(163) Metaspace: 6299K(6464K)->6299K(6464K) NonClass: 5765K(5824K)->5765K(5824K) Class: 533K(640K)->533K(640K)
[10.543s][info][gc             ] GC(163) Pause Young (Allocation Failure) 1610M->1610M(1722M) 22.661ms
[10.543s][info][gc,cpu         ] GC(163) User=0.03s Sys=0.00s Real=0.02s
[10.556s][info][gc,start       ] GC(164) Pause Young (Allocation Failure)
[10.580s][info][gc,heap        ] GC(164) PSYoungGen: 26784K(27136K)->13408K(90624K) Eden: 13312K(13312K)->0K(15360K) From: 13472K(13824K)->13408K(75264K)
[10.580s][info][gc,heap        ] GC(164) ParOldGen: 1635580K(1736704K)->1649068K(1736704K)
[10.580s][info][gc,metaspace   ] GC(164) Metaspace: 6299K(6464K)->6299K(6464K) NonClass: 5765K(5824K)->5765K(5824K) Class: 533K(640K)->533K(640K)
[10.580s][info][gc             ] GC(164) Pause Young (Allocation Failure) 1623M->1623M(1784M) 24.476ms
[10.580s][info][gc,cpu         ] GC(164) User=0.03s Sys=0.00s Real=0.02s
[10.595s][info][gc,start       ] GC(165) Pause Young (Allocation Failure)
[10.618s][info][gc,heap        ] GC(165) PSYoungGen: 28768K(90624K)->15552K(31232K) Eden: 15360K(15360K)->0K(15360K) From: 13408K(75264K)->15552K(15872K)
[10.618s][info][gc,heap        ] GC(165) ParOldGen: 1649068K(1736704K)->1662556K(1736704K)
[10.618s][info][gc,metaspace   ] GC(165) Metaspace: 6299K(6464K)->6299K(6464K) NonClass: 5765K(5824K)->5765K(5824K) Class: 533K(640K)->533K(640K)
[10.618s][info][gc             ] GC(165) Pause Young (Allocation Failure) 1638M->1638M(1726M) 22.873ms
[10.618s][info][gc,cpu         ] GC(165) User=0.03s Sys=0.00s Real=0.02s
[10.633s][info][gc,start       ] GC(166) Pause Young (Allocation Failure)
[10.658s][info][gc,heap        ] GC(166) PSYoungGen: 30912K(31232K)->15488K(83968K) Eden: 15360K(15360K)->0K(17408K) From: 15552K(15872K)->15488K(66560K)
[10.658s][info][gc,heap        ] GC(166) ParOldGen: 1662556K(1736704K)->1678116K(1736704K)
[10.658s][info][gc,metaspace   ] GC(166) Metaspace: 6299K(6464K)->6299K(6464K) NonClass: 5765K(5824K)->5765K(5824K) Class: 533K(640K)->533K(640K)
[10.658s][info][gc             ] GC(166) Pause Young (Allocation Failure) 1653M->1653M(1778M) 24.730ms
[10.658s][info][gc,cpu         ] GC(166) User=0.03s Sys=0.00s Real=0.03s
[10.676s][info][gc,start       ] GC(167) Pause Young (Allocation Failure)
[10.702s][info][gc,heap        ] GC(167) PSYoungGen: 32896K(83968K)->17536K(35328K) Eden: 17408K(17408K)->0K(17408K) From: 15488K(66560K)->17536K(17920K)
[10.703s][info][gc,heap        ] GC(167) ParOldGen: 1678116K(1736704K)->1693676K(1736704K)
[10.703s][info][gc,metaspace   ] GC(167) Metaspace: 6299K(6464K)->6299K(6464K) NonClass: 5765K(5824K)->5765K(5824K) Class: 533K(640K)->533K(640K)
[10.703s][info][gc             ] GC(167) Pause Young (Allocation Failure) 1670M->1671M(1730M) 26.947ms
[10.703s][info][gc,cpu         ] GC(167) User=0.03s Sys=0.00s Real=0.03s
[10.721s][info][gc,start       ] GC(168) Pause Young (Allocation Failure)
[10.748s][info][gc,heap        ] GC(168) PSYoungGen: 34944K(35328K)->17536K(78336K) Eden: 17408K(17408K)->0K(19968K) From: 17536K(17920K)->17536K(58368K)
[10.748s][info][gc,heap        ] GC(168) ParOldGen: 1693676K(1736704K)->1711308K(1736704K)
[10.748s][info][gc,metaspace   ] GC(168) Metaspace: 6299K(6464K)->6299K(6464K) NonClass: 5765K(5824K)->5765K(5824K) Class: 533K(640K)->533K(640K)
[10.748s][info][gc             ] GC(168) Pause Young (Allocation Failure) 1688M->1688M(1772M) 27.685ms
[10.748s][info][gc,cpu         ] GC(168) User=0.03s Sys=0.02s Real=0.03s
[10.748s][info][gc,start       ] GC(169) Pause Full (Ergonomics)
[10.748s][info][gc,phases,start] GC(169) Marking Phase
[11.132s][info][gc,phases      ] GC(169) Marking Phase 383.794ms
[11.132s][info][gc,phases,start] GC(169) Summary Phase
[11.132s][info][gc,phases      ] GC(169) Summary Phase 0.039ms
[11.132s][info][gc,phases,start] GC(169) Adjust Roots
[11.132s][info][gc,phases      ] GC(169) Adjust Roots 0.160ms
[11.132s][info][gc,phases,start] GC(169) Compaction Phase
[11.292s][info][gc,phases      ] GC(169) Compaction Phase 159.388ms
[11.292s][info][gc,phases,start] GC(169) Post Compact
[11.295s][info][gc,phases      ] GC(169) Post Compact 3.219ms
[11.296s][info][gc,heap        ] GC(169) PSYoungGen: 17536K(78336K)->0K(82432K) Eden: 0K(19968K)->0K(19968K) From: 17536K(58368K)->0K(62464K)
[11.296s][info][gc,heap        ] GC(169) ParOldGen: 1711308K(1736704K)->1726278K(1891840K)
[11.296s][info][gc,metaspace   ] GC(169) Metaspace: 6299K(6464K)->6299K(6464K) NonClass: 5765K(5824K)->5765K(5824K) Class: 533K(640K)->533K(640K)
[11.296s][info][gc             ] GC(169) Pause Full (Ergonomics) 1688M->1685M(1928M) 547.564ms
[11.296s][info][gc,cpu         ] GC(169) User=3.80s Sys=0.00s Real=0.55s
[11.322s][info][gc,start       ] GC(170) Pause Young (Allocation Failure)
[11.345s][info][gc,heap        ] GC(170) PSYoungGen: 19968K(82432K)->20064K(75776K) Eden: 19968K(19968K)->0K(22016K) From: 0K(62464K)->20064K(53760K)
[11.345s][info][gc,heap        ] GC(170) ParOldGen: 1726278K(1891840K)->1726278K(1891840K)
[11.345s][info][gc,metaspace   ] GC(170) Metaspace: 6299K(6464K)->6299K(6464K) NonClass: 5765K(5824K)->5765K(5824K) Class: 533K(640K)->533K(640K)
[11.345s][info][gc             ] GC(170) Pause Young (Allocation Failure) 1705M->1705M(1921M) 23.447ms
[11.345s][info][gc,cpu         ] GC(170) User=0.02s Sys=0.00s Real=0.02s
[11.368s][info][gc,start       ] GC(171) Pause Young (Allocation Failure)
[11.397s][info][gc,heap        ] GC(171) PSYoungGen: 42080K(75776K)->42176K(80384K) Eden: 22016K(22016K)->0K(22016K) From: 20064K(53760K)->42176K(58368K)
[11.397s][info][gc,heap        ] GC(171) ParOldGen: 1726278K(1891840K)->1726278K(1891840K)
[11.397s][info][gc,metaspace   ] GC(171) Metaspace: 6299K(6464K)->6299K(6464K) NonClass: 5765K(5824K)->5765K(5824K) Class: 533K(640K)->533K(640K)
[11.397s][info][gc             ] GC(171) Pause Young (Allocation Failure) 1726M->1727M(1926M) 29.010ms
[11.397s][info][gc,cpu         ] GC(171) User=0.02s Sys=0.00s Real=0.03s
[11.422s][info][gc,start       ] GC(172) Pause Young (Allocation Failure)
[11.460s][info][gc,heap        ] GC(172) PSYoungGen: 64192K(80384K)->44192K(82944K) Eden: 22016K(22016K)->0K(20480K) From: 42176K(58368K)->44192K(62464K)
[11.460s][info][gc,heap        ] GC(172) ParOldGen: 1726278K(1891840K)->1746550K(1891840K)
[11.460s][info][gc,metaspace   ] GC(172) Metaspace: 6299K(6464K)->6299K(6464K) NonClass: 5765K(5824K)->5765K(5824K) Class: 533K(640K)->533K(640K)
[11.460s][info][gc             ] GC(172) Pause Young (Allocation Failure) 1748M->1748M(1928M) 38.182ms
[11.460s][info][gc,cpu         ] GC(172) User=0.16s Sys=0.00s Real=0.04s
[11.482s][info][gc,start       ] GC(173) Pause Young (Allocation Failure)
[11.518s][info][gc,heap        ] GC(173) PSYoungGen: 64672K(82944K)->42688K(87040K) Eden: 20480K(20480K)->0K(20480K) From: 44192K(62464K)->42688K(66560K)
[11.518s][info][gc,heap        ] GC(173) ParOldGen: 1746550K(1891840K)->1768878K(1891840K)
[11.518s][info][gc,metaspace   ] GC(173) Metaspace: 6299K(6464K)->6299K(6464K) NonClass: 5765K(5824K)->5765K(5824K) Class: 533K(640K)->533K(640K)
[11.518s][info][gc             ] GC(173) Pause Young (Allocation Failure) 1768M->1769M(1932M) 35.641ms
[11.518s][info][gc,cpu         ] GC(173) User=0.16s Sys=0.00s Real=0.04s
[11.537s][info][gc,start       ] GC(174) Pause Young (Allocation Failure)
[11.572s][info][gc,heap        ] GC(174) PSYoungGen: 63168K(87040K)->41120K(91136K) Eden: 20480K(20480K)->0K(22016K) From: 42688K(66560K)->41120K(69120K)
[11.572s][info][gc,heap        ] GC(174) ParOldGen: 1768878K(1891840K)->1791190K(1891840K)
[11.572s][info][gc,metaspace   ] GC(174) Metaspace: 6299K(6464K)->6299K(6464K) NonClass: 5765K(5824K)->5765K(5824K) Class: 533K(640K)->533K(640K)
[11.572s][info][gc             ] GC(174) Pause Young (Allocation Failure) 1789M->1789M(1936M) 34.398ms
[11.572s][info][gc,cpu         ] GC(174) User=0.17s Sys=0.00s Real=0.03s
[11.594s][info][gc,start       ] GC(175) Pause Young (Allocation Failure)
[11.630s][info][gc,heap        ] GC(175) PSYoungGen: 63136K(91136K)->42720K(92160K) Eden: 22016K(22016K)->0K(22016K) From: 41120K(69120K)->42720K(70144K)
[11.630s][info][gc,heap        ] GC(175) ParOldGen: 1791190K(1891840K)->1811950K(1891840K)
[11.630s][info][gc,metaspace   ] GC(175) Metaspace: 6299K(6464K)->6299K(6464K) NonClass: 5765K(5824K)->5765K(5824K) Class: 533K(640K)->533K(640K)
[11.630s][info][gc             ] GC(175) Pause Young (Allocation Failure) 1810M->1811M(1937M) 36.135ms
[11.630s][info][gc,cpu         ] GC(175) User=0.14s Sys=0.00s Real=0.04s
[11.653s][info][gc,start       ] GC(176) Pause Young (Allocation Failure)
[11.690s][info][gc,heap        ] GC(176) PSYoungGen: 64736K(92160K)->44192K(95744K) Eden: 22016K(22016K)->0K(24064K) From: 42720K(70144K)->44192K(71680K)
[11.690s][info][gc,heap        ] GC(176) ParOldGen: 1811950K(1891840K)->1832686K(1891840K)
[11.690s][info][gc,metaspace   ] GC(176) Metaspace: 6299K(6464K)->6299K(6464K) NonClass: 5765K(5824K)->5765K(5824K) Class: 533K(640K)->533K(640K)
[11.690s][info][gc             ] GC(176) Pause Young (Allocation Failure) 1832M->1832M(1941M) 36.628ms
[11.690s][info][gc,cpu         ] GC(176) User=0.16s Sys=0.00s Real=0.04s
[11.717s][info][gc,start       ] GC(177) Pause Young (Allocation Failure)
[11.755s][info][gc,heap        ] GC(177) PSYoungGen: 68256K(95744K)->24224K(96768K) Eden: 24064K(24064K)->0K(24064K) From: 44192K(71680K)->24224K(72704K)
[11.755s][info][gc,heap        ] GC(177) ParOldGen: 1832686K(1891840K)->1877318K(1891840K)
[11.755s][info][gc,metaspace   ] GC(177) Metaspace: 6299K(6464K)->6299K(6464K) NonClass: 5765K(5824K)->5765K(5824K) Class: 533K(640K)->533K(640K)
[11.755s][info][gc             ] GC(177) Pause Young (Allocation Failure) 1856M->1856M(1942M) 38.521ms
[11.755s][info][gc,cpu         ] GC(177) User=0.16s Sys=0.02s Real=0.04s
[11.755s][info][gc,start       ] GC(178) Pause Full (Ergonomics)
[11.755s][info][gc,phases,start] GC(178) Marking Phase
[12.182s][info][gc,phases      ] GC(178) Marking Phase 426.197ms
[12.182s][info][gc,phases,start] GC(178) Summary Phase
[12.182s][info][gc,phases      ] GC(178) Summary Phase 0.039ms
[12.182s][info][gc,phases,start] GC(178) Adjust Roots
[12.182s][info][gc,phases      ] GC(178) Adjust Roots 0.163ms
[12.182s][info][gc,phases,start] GC(178) Compaction Phase
[12.355s][info][gc,phases      ] GC(178) Compaction Phase 173.104ms
[12.355s][info][gc,phases,start] GC(178) Post Compact
[12.359s][info][gc,phases      ] GC(178) Post Compact 3.607ms
[12.360s][info][gc,heap        ] GC(178) PSYoungGen: 24224K(96768K)->7715K(96768K) Eden: 0K(24064K)->0K(24064K) From: 24224K(72704K)->7715K(72704K)
[12.360s][info][gc,heap        ] GC(178) ParOldGen: 1877318K(1891840K)->1891365K(2086400K)
[12.360s][info][gc,metaspace   ] GC(178) Metaspace: 6299K(6464K)->6299K(6464K) NonClass: 5765K(5824K)->5765K(5824K) Class: 533K(640K)->533K(640K)
[12.360s][info][gc             ] GC(178) Pause Full (Ergonomics) 1856M->1854M(2132M) 604.427ms
[12.360s][info][gc,cpu         ] GC(178) User=4.39s Sys=0.00s Real=0.61s
[12.386s][info][gc,start       ] GC(179) Pause Young (Allocation Failure)
[12.481s][info][gc,heap        ] GC(179) PSYoungGen: 31779K(96768K)->24256K(90624K) Eden: 24064K(24064K)->0K(26624K) From: 7715K(72704K)->24256K(64000K)
[12.481s][info][gc,heap        ] GC(179) ParOldGen: 1891365K(2086400K)->1899197K(2086400K)
[12.481s][info][gc,metaspace   ] GC(179) Metaspace: 6299K(6464K)->6299K(6464K) NonClass: 5765K(5824K)->5765K(5824K) Class: 533K(640K)->533K(640K)
[12.481s][info][gc             ] GC(179) Pause Young (Allocation Failure) 1878M->1878M(2126M) 95.444ms
[12.481s][info][gc,cpu         ] GC(179) User=0.64s Sys=0.00s Real=0.10s
[12.510s][info][gc,start       ] GC(180) Pause Young (Allocation Failure)
[12.543s][info][gc,heap        ] GC(180) PSYoungGen: 50880K(90624K)->50880K(93696K) Eden: 26624K(26624K)->0K(26624K) From: 24256K(64000K)->50880K(67072K)
[12.543s][info][gc,heap        ] GC(180) ParOldGen: 1899197K(2086400K)->1899197K(2086400K)
[12.543s][info][gc,metaspace   ] GC(180) Metaspace: 6299K(6464K)->6299K(6464K) NonClass: 5765K(5824K)->5765K(5824K) Class: 533K(640K)->533K(640K)
[12.543s][info][gc             ] GC(180) Pause Young (Allocation Failure) 1904M->1904M(2129M) 33.559ms
[12.543s][info][gc,cpu         ] GC(180) User=0.14s Sys=0.00s Real=0.03s
[12.573s][info][gc,start       ] GC(181) Pause Young (Allocation Failure)
[12.615s][info][gc,heap        ] GC(181) PSYoungGen: 77504K(93696K)->71168K(88064K) Eden: 26624K(26624K)->0K(16896K) From: 50880K(67072K)->71168K(71168K)
[12.615s][info][gc,heap        ] GC(181) ParOldGen: 1899197K(2086400K)->1905517K(2086400K)
[12.615s][info][gc,metaspace   ] GC(181) Metaspace: 6299K(6464K)->6299K(6464K) NonClass: 5765K(5824K)->5765K(5824K) Class: 533K(640K)->533K(640K)
[12.615s][info][gc             ] GC(181) Pause Young (Allocation Failure) 1930M->1930M(2123M) 42.163ms
[12.615s][info][gc,cpu         ] GC(181) User=0.23s Sys=0.02s Real=0.04s
[12.635s][info][gc,start       ] GC(182) Pause Young (Allocation Failure)
[12.682s][info][gc,heap        ] GC(182) PSYoungGen: 88064K(88064K)->41632K(58880K) Eden: 16896K(16896K)->0K(16896K) From: 71168K(71168K)->41632K(41984K)
[12.682s][info][gc,heap        ] GC(182) ParOldGen: 1905517K(2086400K)->1952653K(2086400K)
[12.682s][info][gc,metaspace   ] GC(182) Metaspace: 6299K(6464K)->6299K(6464K) NonClass: 5765K(5824K)->5765K(5824K) Class: 533K(640K)->533K(640K)
[12.682s][info][gc             ] GC(182) Pause Young (Allocation Failure) 1946M->1947M(2095M) 46.786ms
[12.682s][info][gc,cpu         ] GC(182) User=0.27s Sys=0.00s Real=0.05s
[12.702s][info][gc,start       ] GC(183) Pause Young (Allocation Failure)
[12.738s][info][gc,heap        ] GC(183) PSYoungGen: 58528K(58880K)->33920K(93184K) Eden: 16896K(16896K)->0K(19456K) From: 41632K(41984K)->33920K(73728K)
[12.738s][info][gc,heap        ] GC(183) ParOldGen: 1952653K(2086400K)->1977581K(2086400K)
[12.738s][info][gc,metaspace   ] GC(183) Metaspace: 6299K(6464K)->6299K(6464K) NonClass: 5765K(5824K)->5765K(5824K) Class: 533K(640K)->533K(640K)
[12.739s][info][gc             ] GC(183) Pause Young (Allocation Failure) 1964M->1964M(2128M) 36.387ms
[12.739s][info][gc,cpu         ] GC(183) User=0.16s Sys=0.00s Real=0.04s
[12.762s][info][gc,start       ] GC(184) Pause Young (Allocation Failure)
[12.798s][info][gc,heap        ] GC(184) PSYoungGen: 53376K(93184K)->36448K(56320K) Eden: 19456K(19456K)->0K(19456K) From: 33920K(73728K)->36448K(36864K)
[12.798s][info][gc,heap        ] GC(184) ParOldGen: 1977581K(2086400K)->1994717K(2086400K)
[12.798s][info][gc,metaspace   ] GC(184) Metaspace: 6299K(6464K)->6299K(6464K) NonClass: 5765K(5824K)->5765K(5824K) Class: 533K(640K)->533K(640K)
[12.798s][info][gc             ] GC(184) Pause Young (Allocation Failure) 1983M->1983M(2092M) 35.711ms
[12.798s][info][gc,cpu         ] GC(184) User=0.20s Sys=0.00s Real=0.04s
[12.821s][info][gc,start       ] GC(185) Pause Young (Allocation Failure)
[12.858s][info][gc,heap        ] GC(185) PSYoungGen: 55904K(56320K)->39040K(90112K) Eden: 19456K(19456K)->0K(22016K) From: 36448K(36864K)->39040K(68096K)
[12.858s][info][gc,heap        ] GC(185) ParOldGen: 1994717K(2086400K)->2011861K(2086400K)
[12.858s][info][gc,metaspace   ] GC(185) Metaspace: 6299K(6464K)->6299K(6464K) NonClass: 5765K(5824K)->5765K(5824K) Class: 533K(640K)->533K(640K)
[12.858s][info][gc             ] GC(185) Pause Young (Allocation Failure) 2002M->2002M(2125M) 37.067ms
[12.859s][info][gc,cpu         ] GC(185) User=0.12s Sys=0.02s Real=0.04s
[12.881s][info][gc,start       ] GC(186) Pause Young (Allocation Failure)
[12.918s][info][gc,heap        ] GC(186) PSYoungGen: 61056K(90112K)->41632K(92672K) Eden: 22016K(22016K)->0K(22016K) From: 39040K(68096K)->41632K(70656K)
[12.918s][info][gc,heap        ] GC(186) ParOldGen: 2011861K(2086400K)->2031589K(2086400K)
[12.918s][info][gc,metaspace   ] GC(186) Metaspace: 6299K(6464K)->6299K(6464K) NonClass: 5765K(5824K)->5765K(5824K) Class: 533K(640K)->533K(640K)
[12.918s][info][gc             ] GC(186) Pause Young (Allocation Failure) 2024M->2024M(2128M) 37.122ms
[12.918s][info][gc,cpu         ] GC(186) User=0.19s Sys=0.00s Real=0.04s
[12.942s][info][gc,start       ] GC(187) Pause Young (Allocation Failure)
[12.980s][info][gc,heap        ] GC(187) PSYoungGen: 63648K(92672K)->22144K(93184K) Eden: 22016K(22016K)->0K(25088K) From: 41632K(70656K)->22144K(68096K)
[12.980s][info][gc,heap        ] GC(187) ParOldGen: 2031589K(2086400K)->2073597K(2086400K)
[12.980s][info][gc,metaspace   ] GC(187) Metaspace: 6299K(6464K)->6299K(6464K) NonClass: 5765K(5824K)->5765K(5824K) Class: 533K(640K)->533K(640K)
[12.980s][info][gc             ] GC(187) Pause Young (Allocation Failure) 2046M->2046M(2128M) 37.542ms
[12.980s][info][gc,cpu         ] GC(187) User=0.25s Sys=0.02s Real=0.04s
[12.980s][info][gc,start       ] GC(188) Pause Full (Ergonomics)
[12.980s][info][gc,phases,start] GC(188) Marking Phase
[13.445s][info][gc,phases      ] GC(188) Marking Phase 464.913ms
[13.445s][info][gc,phases,start] GC(188) Summary Phase
[13.445s][info][gc,phases      ] GC(188) Summary Phase 0.032ms
[13.445s][info][gc,phases,start] GC(188) Adjust Roots
[13.445s][info][gc,phases      ] GC(188) Adjust Roots 0.160ms
[13.445s][info][gc,phases,start] GC(188) Compaction Phase
[13.622s][info][gc,phases      ] GC(188) Compaction Phase 177.266ms
[13.623s][info][gc,phases,start] GC(188) Post Compact
[13.627s][info][gc,phases      ] GC(188) Post Compact 3.938ms
[13.628s][info][gc,heap        ] GC(188) PSYoungGen: 22144K(93184K)->6684K(93696K) Eden: 0K(25088K)->0K(25600K) From: 22144K(68096K)->6684K(68096K)
[13.628s][info][gc,heap        ] GC(188) ParOldGen: 2073597K(2086400K)->2086172K(2302976K)
[13.628s][info][gc,metaspace   ] GC(188) Metaspace: 6299K(6464K)->6299K(6464K) NonClass: 5765K(5824K)->5765K(5824K) Class: 533K(640K)->533K(640K)
[13.628s][info][gc             ] GC(188) Pause Full (Ergonomics) 2046M->2043M(2340M) 647.578ms
[13.628s][info][gc,cpu         ] GC(188) User=4.66s Sys=0.03s Real=0.65s
[13.654s][info][gc,start       ] GC(189) Pause Young (Allocation Failure)
[13.758s][info][gc,heap        ] GC(189) PSYoungGen: 32284K(93696K)->25760K(94208K) Eden: 25600K(25600K)->0K(25600K) From: 6684K(68096K)->25760K(68608K)
[13.758s][info][gc,heap        ] GC(189) ParOldGen: 2086172K(2302976K)->2092972K(2302976K)
[13.758s][info][gc,metaspace   ] GC(189) Metaspace: 6299K(6464K)->6299K(6464K) NonClass: 5765K(5824K)->5765K(5824K) Class: 533K(640K)->533K(640K)
[13.758s][info][gc             ] GC(189) Pause Young (Allocation Failure) 2068M->2069M(2341M) 103.926ms
[13.758s][info][gc,cpu         ] GC(189) User=0.66s Sys=0.00s Real=0.10s
[13.787s][info][gc,start       ] GC(190) Pause Young (Allocation Failure)
[13.819s][info][gc,heap        ] GC(190) PSYoungGen: 51360K(94208K)->51360K(92672K) Eden: 25600K(25600K)->0K(25600K) From: 25760K(68608K)->51360K(67072K)
[13.819s][info][gc,heap        ] GC(190) ParOldGen: 2092972K(2302976K)->2092972K(2302976K)
[13.819s][info][gc,metaspace   ] GC(190) Metaspace: 6299K(6464K)->6299K(6464K) NonClass: 5765K(5824K)->5765K(5824K) Class: 533K(640K)->533K(640K)
[13.819s][info][gc             ] GC(190) Pause Young (Allocation Failure) 2094M->2094M(2339M) 32.875ms
[13.819s][info][gc,cpu         ] GC(190) User=0.16s Sys=0.00s Real=0.03s
[13.846s][info][gc,start       ] GC(191) Pause Young (Allocation Failure)
[13.888s][info][gc,heap        ] GC(191) PSYoungGen: 76960K(92672K)->51392K(95232K) Eden: 25600K(25600K)->0K(25600K) From: 51360K(67072K)->51392K(69632K)
[13.888s][info][gc,heap        ] GC(191) ParOldGen: 2092972K(2302976K)->2118932K(2302976K)
[13.888s][info][gc,metaspace   ] GC(191) Metaspace: 6299K(6464K)->6299K(6464K) NonClass: 5765K(5824K)->5765K(5824K) Class: 533K(640K)->533K(640K)
[13.888s][info][gc             ] GC(191) Pause Young (Allocation Failure) 2119M->2119M(2342M) 42.077ms
[13.888s][info][gc,cpu         ] GC(191) User=0.27s Sys=0.00s Real=0.04s
[13.917s][info][gc,start       ] GC(192) Pause Young (Allocation Failure)
[13.960s][info][gc,heap        ] GC(192) PSYoungGen: 76992K(95232K)->51392K(99328K) Eden: 25600K(25600K)->0K(27136K) From: 51392K(69632K)->51392K(72192K)
[13.960s][info][gc,heap        ] GC(192) ParOldGen: 2118932K(2302976K)->2144900K(2302976K)
[13.960s][info][gc,metaspace   ] GC(192) Metaspace: 6299K(6464K)->6299K(6464K) NonClass: 5765K(5824K)->5765K(5824K) Class: 533K(640K)->533K(640K)
[13.960s][info][gc             ] GC(192) Pause Young (Allocation Failure) 2144M->2144M(2346M) 42.569ms
[13.960s][info][gc,cpu         ] GC(192) User=0.25s Sys=0.00s Real=0.04s
[13.993s][info][gc,start       ] GC(193) Pause Young (Allocation Failure)
[14.037s][info][gc,heap        ] GC(193) PSYoungGen: 78528K(99328K)->52896K(100864K) Eden: 27136K(27136K)->0K(27136K) From: 51392K(72192K)->52896K(73728K)
[14.037s][info][gc,heap        ] GC(193) ParOldGen: 2144900K(2302976K)->2170852K(2302976K)
[14.037s][info][gc,metaspace   ] GC(193) Metaspace: 6299K(6464K)->6299K(6464K) NonClass: 5765K(5824K)->5765K(5824K) Class: 533K(640K)->533K(640K)
[14.037s][info][gc             ] GC(193) Pause Young (Allocation Failure) 2171M->2171M(2347M) 44.306ms
[14.037s][info][gc,cpu         ] GC(193) User=0.25s Sys=0.00s Real=0.04s
[14.073s][info][gc,start       ] GC(194) Pause Young (Allocation Failure)
[14.119s][info][gc,heap        ] GC(194) PSYoungGen: 80032K(100864K)->54464K(104448K) Eden: 27136K(27136K)->0K(29184K) From: 52896K(73728K)->54464K(75264K)
[14.119s][info][gc,heap        ] GC(194) ParOldGen: 2170852K(2302976K)->2196820K(2302976K)
[14.119s][info][gc,metaspace   ] GC(194) Metaspace: 6299K(6464K)->6299K(6464K) NonClass: 5765K(5824K)->5765K(5824K) Class: 533K(640K)->533K(640K)
[14.119s][info][gc             ] GC(194) Pause Young (Allocation Failure) 2198M->2198M(2351M) 45.499ms
[14.119s][info][gc,cpu         ] GC(194) User=0.25s Sys=0.02s Real=0.05s
[14.153s][info][gc,start       ] GC(195) Pause Young (Allocation Failure)
[14.200s][info][gc,heap        ] GC(195) PSYoungGen: 83648K(104448K)->56512K(105984K) Eden: 29184K(29184K)->0K(29184K) From: 54464K(75264K)->56512K(76800K)
[14.200s][info][gc,heap        ] GC(195) ParOldGen: 2196820K(2302976K)->2224356K(2302976K)
[14.200s][info][gc,metaspace   ] GC(195) Metaspace: 6299K(6464K)->6299K(6464K) NonClass: 5765K(5824K)->5765K(5824K) Class: 533K(640K)->533K(640K)
[14.200s][info][gc             ] GC(195) Pause Young (Allocation Failure) 2227M->2227M(2352M) 46.645ms
[14.200s][info][gc,cpu         ] GC(195) User=0.25s Sys=0.02s Real=0.05s
[14.233s][info][gc,start       ] GC(196) Pause Young (Allocation Failure)
[14.280s][info][gc,heap        ] GC(196) PSYoungGen: 85696K(105984K)->58528K(109568K) Eden: 29184K(29184K)->0K(30720K) From: 56512K(76800K)->58528K(78848K)
[14.280s][info][gc,heap        ] GC(196) ParOldGen: 2224356K(2302976K)->2251884K(2302976K)
[14.280s][info][gc,metaspace   ] GC(196) Metaspace: 6299K(6464K)->6299K(6464K) NonClass: 5765K(5824K)->5765K(5824K) Class: 533K(640K)->533K(640K)
[14.280s][info][gc             ] GC(196) Pause Young (Allocation Failure) 2255M->2256M(2356M) 46.976ms
[14.280s][info][gc,cpu         ] GC(196) User=0.25s Sys=0.02s Real=0.05s
[14.315s][info][gc,start       ] GC(197) Pause Young (Allocation Failure)
[14.365s][info][gc,heap        ] GC(197) PSYoungGen: 89248K(109568K)->60096K(111616K) Eden: 30720K(30720K)->0K(30720K) From: 58528K(78848K)->60096K(80896K)
[14.365s][info][gc,heap        ] GC(197) ParOldGen: 2251884K(2302976K)->2281356K(2302976K)
[14.365s][info][gc,metaspace   ] GC(197) Metaspace: 6299K(6464K)->6299K(6464K) NonClass: 5765K(5824K)->5765K(5824K) Class: 533K(640K)->533K(640K)
[14.365s][info][gc             ] GC(197) Pause Young (Allocation Failure) 2286M->2286M(2358M) 49.594ms
[14.365s][info][gc,cpu         ] GC(197) User=0.27s Sys=0.02s Real=0.05s
[14.365s][info][gc,start       ] GC(198) Pause Full (Ergonomics)
[14.365s][info][gc,phases,start] GC(198) Marking Phase
[14.879s][info][gc,phases      ] GC(198) Marking Phase 514.181ms
[14.879s][info][gc,phases,start] GC(198) Summary Phase
[14.879s][info][gc,phases      ] GC(198) Summary Phase 0.034ms
[14.879s][info][gc,phases,start] GC(198) Adjust Roots
[14.879s][info][gc,phases      ] GC(198) Adjust Roots 0.155ms
[14.880s][info][gc,phases,start] GC(198) Compaction Phase
[15.087s][info][gc,phases      ] GC(198) Compaction Phase 207.228ms
[15.087s][info][gc,phases,start] GC(198) Post Compact
[15.091s][info][gc,phases      ] GC(198) Post Compact 4.457ms
[15.092s][info][gc,heap        ] GC(198) PSYoungGen: 60096K(111616K)->35816K(111616K) Eden: 0K(30720K)->0K(30720K) From: 60096K(80896K)->35816K(80896K)
[15.092s][info][gc,heap        ] GC(198) ParOldGen: 2281356K(2302976K)->2302507K(2535424K)
[15.092s][info][gc,metaspace   ] GC(198) Metaspace: 6299K(6464K)->6299K(6464K) NonClass: 5765K(5824K)->5765K(5824K) Class: 533K(640K)->533K(640K)
[15.092s][info][gc             ] GC(198) Pause Full (Ergonomics) 2286M->2283M(2585M) 727.180ms
[15.092s][info][gc,cpu         ] GC(198) User=5.59s Sys=0.00s Real=0.73s
[15.127s][info][gc,start       ] GC(199) Pause Young (Allocation Failure)
[15.259s][info][gc,heap        ] GC(199) PSYoungGen: 66536K(111616K)->49216K(111104K) Eden: 30720K(30720K)->0K(33792K) From: 35816K(80896K)->49216K(77312K)
[15.259s][info][gc,heap        ] GC(199) ParOldGen: 2302507K(2535424K)->2320187K(2535424K)
[15.259s][info][gc,metaspace   ] GC(199) Metaspace: 6299K(6464K)->6299K(6464K) NonClass: 5765K(5824K)->5765K(5824K) Class: 533K(640K)->533K(640K)
[15.259s][info][gc             ] GC(199) Pause Young (Allocation Failure) 2313M->2313M(2584M) 132.075ms
[15.259s][info][gc,cpu         ] GC(199) User=0.78s Sys=0.02s Real=0.13s
[15.299s][info][gc,start       ] GC(200) Pause Young (Allocation Failure)
[15.345s][info][gc,heap        ] GC(200) PSYoungGen: 83008K(111104K)->80384K(114176K) Eden: 33792K(33792K)->0K(33792K) From: 49216K(77312K)->80384K(80384K)
[15.345s][info][gc,heap        ] GC(200) ParOldGen: 2320187K(2535424K)->2322811K(2535424K)
[15.345s][info][gc,metaspace   ] GC(200) Metaspace: 6299K(6464K)->6299K(6464K) NonClass: 5765K(5824K)->5765K(5824K) Class: 533K(640K)->533K(640K)
[15.345s][info][gc             ] GC(200) Pause Young (Allocation Failure) 2346M->2346M(2587M) 45.911ms
[15.345s][info][gc,cpu         ] GC(200) User=0.27s Sys=0.00s Real=0.05s
[15.388s][info][gc,start       ] GC(201) Pause Young (Allocation Failure)
[15.450s][info][gc,heap        ] GC(201) PSYoungGen: 114176K(114176K)->66816K(125952K) Eden: 33792K(33792K)->0K(35328K) From: 80384K(80384K)->66816K(90624K)
[15.450s][info][gc,heap        ] GC(201) ParOldGen: 2322811K(2535424K)->2370675K(2535424K)
[15.450s][info][gc,metaspace   ] GC(201) Metaspace: 6299K(6464K)->6299K(6464K) NonClass: 5765K(5824K)->5765K(5824K) Class: 533K(640K)->533K(640K)
[15.450s][info][gc             ] GC(201) Pause Young (Allocation Failure) 2379M->2380M(2599M) 62.367ms
[15.450s][info][gc,cpu         ] GC(201) User=0.36s Sys=0.03s Real=0.06s
[15.492s][info][gc,start       ] GC(202) Pause Young (Allocation Failure)
[15.547s][info][gc,heap        ] GC(202) PSYoungGen: 102144K(125952K)->69344K(128000K) Eden: 35328K(35328K)->0K(35328K) From: 66816K(90624K)->69344K(92672K)
[15.547s][info][gc,heap        ] GC(202) ParOldGen: 2370675K(2535424K)->2403811K(2535424K)
[15.547s][info][gc,metaspace   ] GC(202) Metaspace: 6299K(6464K)->6299K(6464K) NonClass: 5765K(5824K)->5765K(5824K) Class: 533K(640K)->533K(640K)
[15.547s][info][gc             ] GC(202) Pause Young (Allocation Failure) 2414M->2415M(2601M) 55.182ms
[15.547s][info][gc,cpu         ] GC(202) User=0.50s Sys=0.00s Real=0.06s
[15.589s][info][gc,start       ] GC(203) Pause Young (Allocation Failure)
[15.646s][info][gc,heap        ] GC(203) PSYoungGen: 104672K(128000K)->70880K(131584K) Eden: 35328K(35328K)->0K(36864K) From: 69344K(92672K)->70880K(94720K)
[15.646s][info][gc,heap        ] GC(203) ParOldGen: 2403811K(2535424K)->2437899K(2535424K)
[15.646s][info][gc,metaspace   ] GC(203) Metaspace: 6299K(6464K)->6299K(6464K) NonClass: 5765K(5824K)->5765K(5824K) Class: 533K(640K)->533K(640K)
[15.646s][info][gc             ] GC(203) Pause Young (Allocation Failure) 2449M->2449M(2604M) 57.474ms
[15.646s][info][gc,cpu         ] GC(203) User=0.33s Sys=0.05s Real=0.06s
[15.688s][info][gc,start       ] GC(204) Pause Young (Allocation Failure)
[15.747s][info][gc,heap        ] GC(204) PSYoungGen: 107744K(131584K)->72384K(134144K) Eden: 36864K(36864K)->0K(36864K) From: 70880K(94720K)->72384K(97280K)
[15.747s][info][gc,heap        ] GC(204) ParOldGen: 2437899K(2535424K)->2473547K(2535424K)
[15.747s][info][gc,metaspace   ] GC(204) Metaspace: 6299K(6464K)->6299K(6464K) NonClass: 5765K(5824K)->5765K(5824K) Class: 533K(640K)->533K(640K)
[15.747s][info][gc             ] GC(204) Pause Young (Allocation Failure) 2485M->2486M(2607M) 58.940ms
[15.747s][info][gc,cpu         ] GC(204) User=0.33s Sys=0.06s Real=0.06s
[15.790s][info][gc,start       ] GC(205) Pause Young (Allocation Failure)
[15.851s][info][gc,heap        ] GC(205) PSYoungGen: 109248K(134144K)->73952K(138752K) Eden: 36864K(36864K)->0K(39424K) From: 72384K(97280K)->73952K(99328K)
[15.851s][info][gc,heap        ] GC(205) ParOldGen: 2473547K(2535424K)->2509195K(2535424K)
[15.851s][info][gc,metaspace   ] GC(205) Metaspace: 6299K(6464K)->6299K(6464K) NonClass: 5765K(5824K)->5765K(5824K) Class: 533K(640K)->533K(640K)
[15.851s][info][gc             ] GC(205) Pause Young (Allocation Failure) 2522M->2522M(2611M) 61.023ms
[15.851s][info][gc,cpu         ] GC(205) User=0.33s Sys=0.02s Real=0.06s
[15.851s][info][gc,start       ] GC(206) Pause Full (Ergonomics)
[15.851s][info][gc,phases,start] GC(206) Marking Phase
[16.436s][info][gc,phases      ] GC(206) Marking Phase 584.300ms
[16.436s][info][gc,phases,start] GC(206) Summary Phase
[16.436s][info][gc,phases      ] GC(206) Summary Phase 0.040ms
[16.436s][info][gc,phases,start] GC(206) Adjust Roots
[16.436s][info][gc,phases      ] GC(206) Adjust Roots 0.156ms
[16.436s][info][gc,phases,start] GC(206) Compaction Phase
[16.646s][info][gc,phases      ] GC(206) Compaction Phase 210.400ms
[16.646s][info][gc,phases,start] GC(206) Post Compact
[16.651s][info][gc,phases      ] GC(206) Post Compact 4.436ms
[16.652s][info][gc,heap        ] GC(206) PSYoungGen: 73952K(138752K)->45546K(138752K) Eden: 0K(39424K)->0K(39424K) From: 73952K(99328K)->45546K(99328K)
[16.652s][info][gc,heap        ] GC(206) ParOldGen: 2509195K(2535424K)->2535244K(2798080K)
[16.652s][info][gc,metaspace   ] GC(206) Metaspace: 6299K(6464K)->6299K(6464K) NonClass: 5765K(5824K)->5765K(5824K) Class: 533K(640K)->533K(640K)
[16.652s][info][gc             ] GC(206) Pause Full (Ergonomics) 2522M->2520M(2868M) 800.588ms
[16.652s][info][gc,cpu         ] GC(206) User=6.14s Sys=0.03s Real=0.80s
[16.699s][info][gc,start       ] GC(207) Pause Young (Allocation Failure)
[16.855s][info][gc,heap        ] GC(207) PSYoungGen: 84970K(138752K)->62400K(140800K) Eden: 39424K(39424K)->0K(39424K) From: 45546K(99328K)->62400K(101376K)
[16.855s][info][gc,heap        ] GC(207) ParOldGen: 2535244K(2798080K)->2558244K(2798080K)
[16.855s][info][gc,metaspace   ] GC(207) Metaspace: 6299K(6464K)->6299K(6464K) NonClass: 5765K(5824K)->5765K(5824K) Class: 533K(640K)->533K(640K)
[16.855s][info][gc             ] GC(207) Pause Young (Allocation Failure) 2558M->2559M(2870M) 156.024ms
[16.855s][info][gc,cpu         ] GC(207) User=0.88s Sys=0.00s Real=0.16s
[16.904s][info][gc,start       ] GC(208) Pause Young (Allocation Failure)
[16.960s][info][gc,heap        ] GC(208) PSYoungGen: 101824K(140800K)->98304K(130048K) Eden: 39424K(39424K)->0K(31744K) From: 62400K(101376K)->98304K(98304K)
[16.960s][info][gc,heap        ] GC(208) ParOldGen: 2558244K(2798080K)->2561764K(2798080K)
[16.960s][info][gc,metaspace   ] GC(208) Metaspace: 6299K(6464K)->6299K(6464K) NonClass: 5765K(5824K)->5765K(5824K) Class: 533K(640K)->533K(640K)
[16.960s][info][gc             ] GC(208) Pause Young (Allocation Failure) 2597M->2597M(2859M) 56.860ms
[16.960s][info][gc,cpu         ] GC(208) User=0.39s Sys=0.00s Real=0.06s
[16.999s][info][gc,start       ] GC(209) Pause Young (Allocation Failure)
[17.071s][info][gc,heap        ] GC(209) PSYoungGen: 130048K(130048K)->70304K(141824K) Eden: 31744K(31744K)->0K(31744K) From: 98304K(98304K)->70304K(110080K)
[17.071s][info][gc,heap        ] GC(209) ParOldGen: 2561764K(2798080K)->2622164K(2798080K)
[17.071s][info][gc,metaspace   ] GC(209) Metaspace: 6299K(6464K)->6299K(6464K) NonClass: 5765K(5824K)->5765K(5824K) Class: 533K(640K)->533K(640K)
[17.071s][info][gc             ] GC(209) Pause Young (Allocation Failure) 2628M->2629M(2871M) 71.788ms
[17.071s][info][gc,cpu         ] GC(209) User=0.45s Sys=0.06s Real=0.07s
[17.111s][info][gc,start       ] GC(210) Pause Young (Allocation Failure)
[17.168s][info][gc,heap        ] GC(210) PSYoungGen: 102048K(141824K)->63680K(135168K) Eden: 31744K(31744K)->0K(35328K) From: 70304K(110080K)->63680K(99840K)
[17.168s][info][gc,heap        ] GC(210) ParOldGen: 2622164K(2798080K)->2660828K(2798080K)
[17.169s][info][gc,metaspace   ] GC(210) Metaspace: 6299K(6464K)->6299K(6464K) NonClass: 5765K(5824K)->5765K(5824K) Class: 533K(640K)->533K(640K)
[17.169s][info][gc             ] GC(210) Pause Young (Allocation Failure) 2660M->2660M(2864M) 57.365ms
[17.169s][info][gc,cpu         ] GC(210) User=0.38s Sys=0.00s Real=0.06s
[17.207s][info][gc,start       ] GC(211) Pause Young (Allocation Failure)
[17.263s][info][gc,heap        ] GC(211) PSYoungGen: 99008K(135168K)->67296K(139264K) Eden: 35328K(35328K)->0K(35328K) From: 63680K(99840K)->67296K(103936K)
[17.263s][info][gc,heap        ] GC(211) ParOldGen: 2660828K(2798080K)->2692868K(2798080K)
[17.263s][info][gc,metaspace   ] GC(211) Metaspace: 6299K(6464K)->6299K(6464K) NonClass: 5765K(5824K)->5765K(5824K) Class: 533K(640K)->533K(640K)
[17.263s][info][gc             ] GC(211) Pause Young (Allocation Failure) 2695M->2695M(2868M) 55.400ms
[17.263s][info][gc,cpu         ] GC(211) User=0.30s Sys=0.08s Real=0.06s
[17.302s][info][gc,start       ] GC(212) Pause Young (Allocation Failure)
[17.358s][info][gc,heap        ] GC(212) PSYoungGen: 102624K(139264K)->70848K(138240K) Eden: 35328K(35328K)->0K(39424K) From: 67296K(103936K)->70848K(98816K)
[17.358s][info][gc,heap        ] GC(212) ParOldGen: 2692868K(2798080K)->2724892K(2798080K)
[17.358s][info][gc,metaspace   ] GC(212) Metaspace: 6299K(6464K)->6299K(6464K) NonClass: 5765K(5824K)->5765K(5824K) Class: 533K(640K)->533K(640K)
[17.358s][info][gc             ] GC(212) Pause Young (Allocation Failure) 2729M->2730M(2867M) 56.425ms
[17.358s][info][gc,cpu         ] GC(212) User=0.36s Sys=0.03s Real=0.06s
[17.407s][info][gc,start       ] GC(213) Pause Young (Allocation Failure)
[17.467s][info][gc,heap        ] GC(213) PSYoungGen: 110272K(138240K)->74944K(139264K) Eden: 39424K(39424K)->0K(39424K) From: 70848K(98816K)->74944K(99840K)
[17.467s][info][gc,heap        ] GC(213) ParOldGen: 2724892K(2798080K)->2760548K(2798080K)
[17.467s][info][gc,metaspace   ] GC(213) Metaspace: 6299K(6464K)->6299K(6464K) NonClass: 5765K(5824K)->5765K(5824K) Class: 533K(640K)->533K(640K)
[17.467s][info][gc             ] GC(213) Pause Young (Allocation Failure) 2768M->2769M(2868M) 60.363ms
[17.467s][info][gc,cpu         ] GC(213) User=0.39s Sys=0.00s Real=0.06s
[17.467s][info][gc,start       ] GC(214) Pause Full (Ergonomics)
[17.467s][info][gc,phases,start] GC(214) Marking Phase
[18.113s][info][gc,phases      ] GC(214) Marking Phase 645.669ms
[18.113s][info][gc,phases,start] GC(214) Summary Phase
[18.113s][info][gc,phases      ] GC(214) Summary Phase 0.049ms
[18.113s][info][gc,phases,start] GC(214) Adjust Roots
[18.113s][info][gc,phases      ] GC(214) Adjust Roots 0.217ms
[18.113s][info][gc,phases,start] GC(214) Compaction Phase
[18.352s][info][gc,phases      ] GC(214) Compaction Phase 238.287ms
[18.352s][info][gc,phases,start] GC(214) Post Compact
[18.357s][info][gc,phases      ] GC(214) Post Compact 4.966ms
[18.358s][info][gc,heap        ] GC(214) PSYoungGen: 74944K(139264K)->35333K(139264K) Eden: 0K(39424K)->0K(39424K) From: 74944K(99840K)->35333K(99840K)
[18.358s][info][gc,heap        ] GC(214) ParOldGen: 2760548K(2798080K)->2797657K(3086336K)
[18.358s][info][gc,metaspace   ] GC(214) Metaspace: 6299K(6464K)->6299K(6464K) NonClass: 5765K(5824K)->5765K(5824K) Class: 533K(640K)->533K(640K)
[18.358s][info][gc             ] GC(214) Pause Full (Ergonomics) 2769M->2766M(3150M) 890.565ms
[18.358s][info][gc,cpu         ] GC(214) User=6.80s Sys=0.03s Real=0.89s
[18.950s][info][gc,start       ] GC(215) Pause Young (Allocation Failure)
[19.101s][info][gc,heap        ] GC(215) PSYoungGen: 74757K(139264K)->56960K(139776K) Eden: 39424K(39424K)->0K(43520K) From: 35333K(99840K)->56960K(96256K)
[19.101s][info][gc,heap        ] GC(215) ParOldGen: 2928729K(3086336K)->2946929K(3086336K)
[19.101s][info][gc,metaspace   ] GC(215) Metaspace: 6299K(6464K)->6299K(6464K) NonClass: 5765K(5824K)->5765K(5824K) Class: 533K(640K)->533K(640K)
[19.101s][info][gc             ] GC(215) Pause Young (Allocation Failure) 2933M->2933M(3150M) 151.231ms
[19.101s][info][gc,cpu         ] GC(215) User=0.91s Sys=0.00s Real=0.15s
[19.148s][info][gc,start       ] GC(216) Pause Young (Allocation Failure)
[19.209s][info][gc,heap        ] GC(216) PSYoungGen: 100480K(139776K)->98304K(141824K) Eden: 43520K(43520K)->0K(43520K) From: 56960K(96256K)->98304K(98304K)
[19.209s][info][gc,heap        ] GC(216) ParOldGen: 2946929K(3086336K)->2949113K(3086336K)
[19.209s][info][gc,metaspace   ] GC(216) Metaspace: 6299K(6464K)->6299K(6464K) NonClass: 5765K(5824K)->5765K(5824K) Class: 533K(640K)->533K(640K)
[19.209s][info][gc             ] GC(216) Pause Young (Allocation Failure) 2975M->2975M(3152M) 61.407ms
[19.209s][info][gc,cpu         ] GC(216) User=0.27s Sys=0.00s Real=0.06s
[19.253s][info][gc,start       ] GC(217) Pause Young (Allocation Failure)
[19.328s][info][gc,heap        ] GC(217) PSYoungGen: 141824K(141824K)->87264K(153088K) Eden: 43520K(43520K)->0K(45056K) From: 98304K(98304K)->87264K(108032K)
[19.328s][info][gc,heap        ] GC(217) ParOldGen: 2949113K(3086336K)->3004209K(3086336K)
[19.328s][info][gc,metaspace   ] GC(217) Metaspace: 6299K(6464K)->6299K(6464K) NonClass: 5765K(5824K)->5765K(5824K) Class: 533K(640K)->533K(640K)
[19.328s][info][gc             ] GC(217) Pause Young (Allocation Failure) 3018M->3019M(3163M) 75.251ms
[19.328s][info][gc,cpu         ] GC(217) User=0.36s Sys=0.00s Real=0.08s
[19.371s][info][gc,start       ] GC(218) Pause Young (Allocation Failure)
[19.445s][info][gc,heap        ] GC(218) PSYoungGen: 132320K(153088K)->88832K(156160K) Eden: 45056K(45056K)->0K(45056K) From: 87264K(108032K)->88832K(111104K)
[19.445s][info][gc,heap        ] GC(218) ParOldGen: 3004209K(3086336K)->3048113K(3086336K)
[19.445s][info][gc,metaspace   ] GC(218) Metaspace: 6299K(6464K)->6299K(6464K) NonClass: 5765K(5824K)->5765K(5824K) Class: 533K(640K)->533K(640K)
[19.445s][info][gc             ] GC(218) Pause Young (Allocation Failure) 3063M->3063M(3166M) 73.854ms
[19.445s][info][gc,cpu         ] GC(218) User=0.23s Sys=0.02s Real=0.07s
[19.445s][info][gc,start       ] GC(219) Pause Full (Ergonomics)
[19.445s][info][gc,phases,start] GC(219) Marking Phase
[20.136s][info][gc,phases      ] GC(219) Marking Phase 690.399ms
[20.136s][info][gc,phases,start] GC(219) Summary Phase
[20.136s][info][gc,phases      ] GC(219) Summary Phase 0.088ms
[20.136s][info][gc,phases,start] GC(219) Adjust Roots
[20.136s][info][gc,phases      ] GC(219) Adjust Roots 0.177ms
[20.136s][info][gc,phases,start] GC(219) Compaction Phase
[20.609s][info][gc,phases      ] GC(219) Compaction Phase 473.362ms
[20.609s][info][gc,phases,start] GC(219) Post Compact
[20.616s][info][gc,phases      ] GC(219) Post Compact 6.338ms
[20.617s][info][gc,heap        ] GC(219) PSYoungGen: 88832K(156160K)->0K(163840K) Eden: 0K(45056K)->0K(50176K) From: 88832K(111104K)->0K(113664K)
[20.617s][info][gc,heap        ] GC(219) ParOldGen: 3048113K(3086336K)->3069917K(3392000K)
[20.617s][info][gc,metaspace   ] GC(219) Metaspace: 6299K(6464K)->6299K(6464K) NonClass: 5765K(5824K)->5765K(5824K) Class: 533K(640K)->533K(640K)
[20.617s][info][gc             ] GC(219) Pause Full (Ergonomics) 3063M->2997M(3472M) 1171.987ms
[20.617s][info][gc,cpu         ] GC(219) User=8.17s Sys=0.08s Real=1.17s
[20.663s][info][gc,start       ] GC(220) Pause Young (Allocation Failure)
[20.707s][info][gc,heap        ] GC(220) PSYoungGen: 50176K(163840K)->50368K(163840K) Eden: 50176K(50176K)->0K(50176K) From: 0K(113664K)->50368K(113664K)
[20.707s][info][gc,heap        ] GC(220) ParOldGen: 3069917K(3392000K)->3069917K(3392000K)
[20.707s][info][gc,metaspace   ] GC(220) Metaspace: 6299K(6464K)->6299K(6464K) NonClass: 5765K(5824K)->5765K(5824K) Class: 533K(640K)->533K(640K)
[20.708s][info][gc             ] GC(220) Pause Young (Allocation Failure) 3046M->3047M(3472M) 44.076ms
[20.708s][info][gc,cpu         ] GC(220) User=0.06s Sys=0.00s Real=0.04s
[20.758s][info][gc,start       ] GC(221) Pause Young (Allocation Failure)
[20.817s][info][gc,heap        ] GC(221) PSYoungGen: 100544K(163840K)->100576K(160768K) Eden: 50176K(50176K)->0K(47616K) From: 50368K(113664K)->100576K(113152K)
[20.818s][info][gc,heap        ] GC(221) ParOldGen: 3069917K(3392000K)->3069917K(3392000K)
[20.818s][info][gc,metaspace   ] GC(221) Metaspace: 6299K(6464K)->6299K(6464K) NonClass: 5765K(5824K)->5765K(5824K) Class: 533K(640K)->533K(640K)
[20.818s][info][gc             ] GC(221) Pause Young (Allocation Failure) 3096M->3096M(3469M) 59.228ms
[20.818s][info][gc,cpu         ] GC(221) User=0.16s Sys=0.00s Real=0.06s
[20.871s][info][gc,start       ] GC(222) Pause Young (Allocation Failure)
[20.946s][info][gc,heap        ] GC(222) PSYoungGen: 148192K(160768K)->120320K(167936K) Eden: 47616K(47616K)->0K(47616K) From: 100576K(113152K)->120320K(120320K)
[20.946s][info][gc,heap        ] GC(222) ParOldGen: 3069917K(3392000K)->3098021K(3392000K)
[20.946s][info][gc,metaspace   ] GC(222) Metaspace: 6299K(6464K)->6299K(6464K) NonClass: 5765K(5824K)->5765K(5824K) Class: 533K(640K)->533K(640K)
[20.946s][info][gc             ] GC(222) Pause Young (Allocation Failure) 3142M->3142M(3476M) 74.857ms
[20.946s][info][gc,cpu         ] GC(222) User=0.30s Sys=0.00s Real=0.08s
[20.994s][info][gc,start       ] GC(223) Pause Young (Allocation Failure)
[21.076s][info][gc,heap        ] GC(223) PSYoungGen: 167936K(167936K)->121504K(187392K) Eden: 47616K(47616K)->0K(44032K) From: 120320K(120320K)->121504K(143360K)
[21.076s][info][gc,heap        ] GC(223) ParOldGen: 3098021K(3392000K)->3145029K(3392000K)
[21.076s][info][gc,metaspace   ] GC(223) Metaspace: 6299K(6464K)->6299K(6464K) NonClass: 5765K(5824K)->5765K(5824K) Class: 533K(640K)->533K(640K)
[21.076s][info][gc             ] GC(223) Pause Young (Allocation Failure) 3189M->3189M(3495M) 81.366ms
[21.076s][info][gc,cpu         ] GC(223) User=0.48s Sys=0.08s Real=0.08s
[21.119s][info][gc,start       ] GC(224) Pause Young (Allocation Failure)
[21.199s][info][gc,heap        ] GC(224) PSYoungGen: 165536K(187392K)->122080K(196096K) Eden: 44032K(44032K)->0K(44032K) From: 121504K(143360K)->122080K(152064K)
[21.199s][info][gc,heap        ] GC(224) ParOldGen: 3145029K(3392000K)->3188901K(3392000K)
[21.199s][info][gc,metaspace   ] GC(224) Metaspace: 6299K(6464K)->6299K(6464K) NonClass: 5765K(5824K)->5765K(5824K) Class: 533K(640K)->533K(640K)
[21.199s][info][gc             ] GC(224) Pause Young (Allocation Failure) 3232M->3233M(3504M) 80.597ms
[21.199s][info][gc,cpu         ] GC(224) User=0.45s Sys=0.06s Real=0.08s
[21.245s][info][gc,start       ] GC(225) Pause Young (Allocation Failure)
[21.325s][info][gc,heap        ] GC(225) PSYoungGen: 166112K(196096K)->136000K(197632K) Eden: 44032K(44032K)->0K(38400K) From: 122080K(152064K)->136000K(159232K)
[21.325s][info][gc,heap        ] GC(225) ParOldGen: 3188901K(3392000K)->3219301K(3392000K)
[21.325s][info][gc,metaspace   ] GC(225) Metaspace: 6299K(6464K)->6299K(6464K) NonClass: 5765K(5824K)->5765K(5824K) Class: 533K(640K)->533K(640K)
[21.325s][info][gc             ] GC(225) Pause Young (Allocation Failure) 3276M->3276M(3505M) 80.889ms
[21.326s][info][gc,cpu         ] GC(225) User=0.48s Sys=0.02s Real=0.08s
[21.366s][info][gc,start       ] GC(226) Pause Young (Allocation Failure)
[21.448s][info][gc,heap        ] GC(226) PSYoungGen: 174400K(197632K)->126784K(208384K) Eden: 38400K(38400K)->0K(38400K) From: 136000K(159232K)->126784K(169984K)
[21.448s][info][gc,heap        ] GC(226) ParOldGen: 3219301K(3392000K)->3267357K(3392000K)
[21.448s][info][gc,metaspace   ] GC(226) Metaspace: 6299K(6464K)->6299K(6464K) NonClass: 5765K(5824K)->5765K(5824K) Class: 533K(640K)->533K(640K)
[21.448s][info][gc             ] GC(226) Pause Young (Allocation Failure) 3314M->3314M(3516M) 82.057ms
[21.448s][info][gc,cpu         ] GC(226) User=0.64s Sys=0.03s Real=0.08s
[21.489s][info][gc,start       ] GC(227) Pause Young (Allocation Failure)
[21.570s][info][gc,heap        ] GC(227) PSYoungGen: 165184K(208384K)->77056K(209408K) Eden: 38400K(38400K)->0K(43520K) From: 126784K(169984K)->77056K(165888K)
[21.570s][info][gc,heap        ] GC(227) ParOldGen: 3267357K(3392000K)->3356205K(3392000K)
[21.570s][info][gc,metaspace   ] GC(227) Metaspace: 6299K(6464K)->6299K(6464K) NonClass: 5765K(5824K)->5765K(5824K) Class: 533K(640K)->533K(640K)
[21.570s][info][gc             ] GC(227) Pause Young (Allocation Failure) 3352M->3352M(3517M) 81.517ms
[21.570s][info][gc,cpu         ] GC(227) User=0.48s Sys=0.05s Real=0.08s
[21.570s][info][gc,start       ] GC(228) Pause Full (Ergonomics)
[21.570s][info][gc,phases,start] GC(228) Marking Phase
[22.350s][info][gc,phases      ] GC(228) Marking Phase 779.639ms
[22.350s][info][gc,phases,start] GC(228) Summary Phase
[22.350s][info][gc,phases      ] GC(228) Summary Phase 0.044ms
[22.350s][info][gc,phases,start] GC(228) Adjust Roots
[22.350s][info][gc,phases      ] GC(228) Adjust Roots 0.158ms
[22.350s][info][gc,phases,start] GC(228) Compaction Phase
[23.078s][info][gc,phases      ] GC(228) Compaction Phase 727.416ms
[23.078s][info][gc,phases,start] GC(228) Post Compact
[23.084s][info][gc,phases      ] GC(228) Post Compact 6.430ms
[23.086s][info][gc,heap        ] GC(228) PSYoungGen: 77056K(209408K)->38401K(213504K) Eden: 0K(43520K)->0K(47616K) From: 77056K(165888K)->38401K(165888K)
[23.086s][info][gc,heap        ] GC(228) ParOldGen: 3356205K(3392000K)->3391695K(3757568K)
[23.086s][info][gc,metaspace   ] GC(228) Metaspace: 6299K(6464K)->6299K(6464K) NonClass: 5765K(5824K)->5765K(5824K) Class: 533K(640K)->533K(640K)
[23.086s][info][gc             ] GC(228) Pause Full (Ergonomics) 3352M->3349M(3878M) 1515.266ms
[23.086s][info][gc,cpu         ] GC(228) User=10.59s Sys=0.02s Real=1.51s
[23.135s][info][gc,start       ] GC(229) Pause Young (Allocation Failure)
[23.312s][info][gc,heap        ] GC(229) PSYoungGen: 86017K(213504K)->47808K(217600K) Eden: 47616K(47616K)->0K(47616K) From: 38401K(165888K)->47808K(169984K)
[23.312s][info][gc,heap        ] GC(229) ParOldGen: 3391695K(3757568K)->3430471K(3757568K)
[23.312s][info][gc,metaspace   ] GC(229) Metaspace: 6299K(6464K)->6299K(6464K) NonClass: 5765K(5824K)->5765K(5824K) Class: 533K(640K)->533K(640K)
[23.312s][info][gc             ] GC(229) Pause Young (Allocation Failure) 3396M->3396M(3882M) 176.532ms
[23.312s][info][gc,cpu         ] GC(229) User=1.22s Sys=0.05s Real=0.18s
[23.355s][info][gc,start       ] GC(230) Pause Young (Allocation Failure)
[23.414s][info][gc,heap        ] GC(230) PSYoungGen: 95424K(217600K)->95520K(211968K) Eden: 47616K(47616K)->0K(52736K) From: 47808K(169984K)->95520K(159232K)
[23.414s][info][gc,heap        ] GC(230) ParOldGen: 3430471K(3757568K)->3430471K(3757568K)
[23.414s][info][gc,metaspace   ] GC(230) Metaspace: 6299K(6464K)->6299K(6464K) NonClass: 5765K(5824K)->5765K(5824K) Class: 533K(640K)->533K(640K)
[23.414s][info][gc             ] GC(230) Pause Young (Allocation Failure) 3443M->3443M(3876M) 58.637ms
[23.414s][info][gc,cpu         ] GC(230) User=0.25s Sys=0.00s Real=0.06s
[23.468s][info][gc,start       ] GC(231) Pause Young (Allocation Failure)
[23.544s][info][gc,heap        ] GC(231) PSYoungGen: 148256K(211968K)->100672K(217600K) Eden: 52736K(52736K)->0K(52736K) From: 95520K(159232K)->100672K(164864K)
[23.544s][info][gc,heap        ] GC(231) ParOldGen: 3430471K(3757568K)->3478519K(3757568K)
[23.544s][info][gc,metaspace   ] GC(231) Metaspace: 6299K(6464K)->6299K(6464K) NonClass: 5765K(5824K)->5765K(5824K) Class: 533K(640K)->533K(640K)
[23.545s][info][gc             ] GC(231) Pause Young (Allocation Failure) 3494M->3495M(3882M) 76.320ms
[23.545s][info][gc,cpu         ] GC(231) User=0.44s Sys=0.00s Real=0.08s
[23.601s][info][gc,start       ] GC(232) Pause Young (Allocation Failure)
[23.680s][info][gc,heap        ] GC(232) PSYoungGen: 153408K(217600K)->105792K(216576K) Eden: 52736K(52736K)->0K(58880K) From: 100672K(164864K)->105792K(157696K)
[23.680s][info][gc,heap        ] GC(232) ParOldGen: 3478519K(3757568K)->3526575K(3757568K)
[23.680s][info][gc,metaspace   ] GC(232) Metaspace: 6299K(6464K)->6299K(6464K) NonClass: 5765K(5824K)->5765K(5824K) Class: 533K(640K)->533K(640K)
[23.680s][info][gc             ] GC(232) Pause Young (Allocation Failure) 3546M->3547M(3881M) 78.192ms
[23.680s][info][gc,cpu         ] GC(232) User=0.47s Sys=0.02s Real=0.08s
[23.743s][info][gc,start       ] GC(233) Pause Young (Allocation Failure)
[23.828s][info][gc,heap        ] GC(233) PSYoungGen: 164672K(216576K)->111904K(218112K) Eden: 58880K(58880K)->0K(58880K) From: 105792K(157696K)->111904K(159232K)
[23.829s][info][gc,heap        ] GC(233) ParOldGen: 3526575K(3757568K)->3579799K(3757568K)
[23.829s][info][gc,metaspace   ] GC(233) Metaspace: 6299K(6464K)->6299K(6464K) NonClass: 5765K(5824K)->5765K(5824K) Class: 533K(640K)->533K(640K)
[23.829s][info][gc             ] GC(233) Pause Young (Allocation Failure) 3604M->3605M(3882M) 85.449ms
[23.829s][info][gc,cpu         ] GC(233) User=0.61s Sys=0.00s Real=0.09s
[23.884s][info][gc,start       ] GC(234) Pause Young (Allocation Failure)
[23.970s][info][gc,heap        ] GC(234) PSYoungGen: 170784K(218112K)->118112K(223232K) Eden: 58880K(58880K)->0K(63488K) From: 111904K(159232K)->118112K(159744K)
[23.970s][info][gc,heap        ] GC(234) ParOldGen: 3579799K(3757568K)->3633015K(3757568K)
[23.970s][info][gc,metaspace   ] GC(234) Metaspace: 6299K(6464K)->6299K(6464K) NonClass: 5765K(5824K)->5765K(5824K) Class: 533K(640K)->533K(640K)
[23.970s][info][gc             ] GC(234) Pause Young (Allocation Failure) 3662M->3663M(3887M) 85.977ms
[23.970s][info][gc,cpu         ] GC(234) User=0.61s Sys=0.00s Real=0.09s
[24.033s][info][gc,start       ] GC(235) Pause Young (Allocation Failure)
[24.124s][info][gc,heap        ] GC(235) PSYoungGen: 181600K(223232K)->122688K(225280K) Eden: 63488K(63488K)->0K(63488K) From: 118112K(159744K)->122688K(161792K)
[24.124s][info][gc,heap        ] GC(235) ParOldGen: 3633015K(3757568K)->3692423K(3757568K)
[24.124s][info][gc,metaspace   ] GC(235) Metaspace: 6299K(6464K)->6299K(6464K) NonClass: 5765K(5824K)->5765K(5824K) Class: 533K(640K)->533K(640K)
[24.124s][info][gc             ] GC(235) Pause Young (Allocation Failure) 3725M->3725M(3889M) 91.492ms
[24.124s][info][gc,cpu         ] GC(235) User=0.59s Sys=0.05s Real=0.09s
[24.124s][info][gc,start       ] GC(236) Pause Full (Ergonomics)
[24.124s][info][gc,phases,start] GC(236) Marking Phase
[24.990s][info][gc,phases      ] GC(236) Marking Phase 866.200ms
[24.990s][info][gc,phases,start] GC(236) Summary Phase
[24.991s][info][gc,phases      ] GC(236) Summary Phase 0.053ms
[24.991s][info][gc,phases,start] GC(236) Adjust Roots
[24.991s][info][gc,phases      ] GC(236) Adjust Roots 0.160ms
[24.991s][info][gc,phases,start] GC(236) Compaction Phase
[25.371s][info][gc,phases      ] GC(236) Compaction Phase 380.075ms
[25.371s][info][gc,phases,start] GC(236) Post Compact
[25.378s][info][gc,phases      ] GC(236) Post Compact 7.153ms
[25.379s][info][gc,heap        ] GC(236) PSYoungGen: 122688K(225280K)->54346K(225280K) Eden: 0K(63488K)->0K(63488K) From: 122688K(161792K)->54346K(161792K)
[25.379s][info][gc,heap        ] GC(236) ParOldGen: 3692423K(3757568K)->3757473K(4154368K)
[25.379s][info][gc,metaspace   ] GC(236) Metaspace: 6299K(6464K)->6299K(6464K) NonClass: 5765K(5824K)->5765K(5824K) Class: 533K(640K)->533K(640K)
[25.379s][info][gc             ] GC(236) Pause Full (Ergonomics) 3725M->3722M(4277M) 1255.302ms
[25.379s][info][gc,cpu         ] GC(236) User=9.09s Sys=0.05s Real=1.26s
[25.447s][info][gc,start       ] GC(237) Pause Young (Allocation Failure)
[25.657s][info][gc,heap        ] GC(237) PSYoungGen: 117834K(225280K)->105984K(224768K) Eden: 63488K(63488K)->0K(69632K) From: 54346K(161792K)->105984K(155136K)
[25.657s][info][gc,heap        ] GC(237) ParOldGen: 3757473K(4154368K)->3769801K(4154368K)
[25.657s][info][gc,metaspace   ] GC(237) Metaspace: 6299K(6464K)->6299K(6464K) NonClass: 5765K(5824K)->5765K(5824K) Class: 533K(640K)->533K(640K)
[25.657s][info][gc             ] GC(237) Pause Young (Allocation Failure) 3784M->3784M(4276M) 209.210ms
[25.657s][info][gc,cpu         ] GC(237) User=1.33s Sys=0.03s Real=0.21s
[25.727s][info][gc,start       ] GC(238) Pause Young (Allocation Failure)
[25.816s][info][gc,heap        ] GC(238) PSYoungGen: 175616K(224768K)->160768K(230400K) Eden: 69632K(69632K)->0K(69632K) From: 105984K(155136K)->160768K(160768K)
[25.816s][info][gc,heap        ] GC(238) ParOldGen: 3769801K(4154368K)->3784753K(4154368K)
[25.817s][info][gc,metaspace   ] GC(238) Metaspace: 6299K(6464K)->6299K(6464K) NonClass: 5765K(5824K)->5765K(5824K) Class: 533K(640K)->533K(640K)
[25.817s][info][gc             ] GC(238) Pause Young (Allocation Failure) 3852M->3853M(4282M) 89.755ms
[25.817s][info][gc,cpu         ] GC(238) User=0.61s Sys=0.02s Real=0.09s
[25.885s][info][gc,start       ] GC(239) Pause Young (Allocation Failure)
[26.006s][info][gc,heap        ] GC(239) PSYoungGen: 230400K(230400K)->132000K(258560K) Eden: 69632K(69632K)->0K(75776K) From: 160768K(160768K)->132000K(182784K)
[26.006s][info][gc,heap        ] GC(239) ParOldGen: 3784753K(4154368K)->3884097K(4154368K)
[26.006s][info][gc,metaspace   ] GC(239) Metaspace: 6299K(6464K)->6299K(6464K) NonClass: 5765K(5824K)->5765K(5824K) Class: 533K(640K)->533K(640K)
[26.006s][info][gc             ] GC(239) Pause Young (Allocation Failure) 3921M->3921M(4309M) 121.214ms
[26.006s][info][gc,cpu         ] GC(239) User=0.78s Sys=0.09s Real=0.12s
[26.089s][info][gc,start       ] GC(240) Pause Young (Allocation Failure)
[26.196s][info][gc,heap        ] GC(240) PSYoungGen: 207776K(258560K)->145824K(259584K) Eden: 75776K(75776K)->0K(75776K) From: 132000K(182784K)->145824K(183808K)
[26.196s][info][gc,heap        ] GC(240) ParOldGen: 3884097K(4154368K)->3946689K(4154368K)
[26.196s][info][gc,metaspace   ] GC(240) Metaspace: 6299K(6464K)->6299K(6464K) NonClass: 5765K(5824K)->5765K(5824K) Class: 533K(640K)->533K(640K)
[26.196s][info][gc             ] GC(240) Pause Young (Allocation Failure) 3995M->3996M(4310M) 106.998ms
[26.196s][info][gc,cpu         ] GC(240) User=0.67s Sys=0.08s Real=0.11s
[26.280s][info][gc,start       ] GC(241) Pause Young (Allocation Failure)
[26.397s][info][gc,heap        ] GC(241) PSYoungGen: 221600K(259584K)->151968K(267264K) Eden: 75776K(75776K)->0K(77312K) From: 145824K(183808K)->151968K(189952K)
[26.397s][info][gc,heap        ] GC(241) ParOldGen: 3946689K(4154368K)->4016961K(4154368K)
[26.397s][info][gc,metaspace   ] GC(241) Metaspace: 6299K(6464K)->6299K(6464K) NonClass: 5765K(5824K)->5765K(5824K) Class: 533K(640K)->533K(640K)
[26.397s][info][gc             ] GC(241) Pause Young (Allocation Failure) 4070M->4071M(4318M) 117.438ms
[26.397s][info][gc,cpu         ] GC(241) User=0.72s Sys=0.08s Real=0.12s
[26.472s][info][gc,start       ] GC(242) Pause Young (Allocation Failure)
[26.591s][info][gc,heap        ] GC(242) PSYoungGen: 229280K(267264K)->153504K(273920K) Eden: 77312K(77312K)->0K(77312K) From: 151968K(189952K)->153504K(196608K)
[26.591s][info][gc,heap        ] GC(242) ParOldGen: 4016961K(4154368K)->4093433K(4154368K)
[26.591s][info][gc,metaspace   ] GC(242) Metaspace: 6299K(6464K)->6299K(6464K) NonClass: 5765K(5824K)->5765K(5824K) Class: 533K(640K)->533K(640K)
[26.591s][info][gc             ] GC(242) Pause Young (Allocation Failure) 4146M->4147M(4324M) 118.434ms
[26.591s][info][gc,cpu         ] GC(242) User=0.91s Sys=0.06s Real=0.12s
[26.591s][info][gc,start       ] GC(243) Pause Full (Ergonomics)
[26.591s][info][gc,phases,start] GC(243) Marking Phase
[27.554s][info][gc,phases      ] GC(243) Marking Phase 962.523ms
[27.554s][info][gc,phases,start] GC(243) Summary Phase
[27.554s][info][gc,phases      ] GC(243) Summary Phase 0.054ms
[27.554s][info][gc,phases,start] GC(243) Adjust Roots
[27.554s][info][gc,phases      ] GC(243) Adjust Roots 0.168ms
[27.554s][info][gc,phases,start] GC(243) Compaction Phase
[27.940s][info][gc,phases      ] GC(243) Compaction Phase 386.552ms
[27.940s][info][gc,phases,start] GC(243) Post Compact
[27.947s][info][gc,phases      ] GC(243) Post Compact 6.463ms
[27.948s][info][gc,heap        ] GC(243) PSYoungGen: 153504K(273920K)->89137K(273920K) Eden: 0K(77312K)->0K(77312K) From: 153504K(196608K)->89137K(196608K)
[27.948s][info][gc,heap        ] GC(243) ParOldGen: 4093433K(4154368K)->4154105K(4612608K)
[27.948s][info][gc,metaspace   ] GC(243) Metaspace: 6299K(6464K)->6299K(6464K) NonClass: 5765K(5824K)->5765K(5824K) Class: 533K(640K)->533K(640K)
[27.948s][info][gc             ] GC(243) Pause Full (Ergonomics) 4147M->4143M(4772M) 1357.494ms
[27.948s][info][gc,cpu         ] GC(243) User=10.02s Sys=0.03s Real=1.36s
[28.041s][info][gc,start       ] GC(244) Pause Young (Allocation Failure)
[28.318s][info][gc,heap        ] GC(244) PSYoungGen: 166449K(273920K)->126784K(272896K) Eden: 77312K(77312K)->0K(84992K) From: 89137K(196608K)->126784K(187904K)
[28.318s][info][gc,heap        ] GC(244) ParOldGen: 4154105K(4612608K)->4194545K(4612608K)
[28.318s][info][gc,metaspace   ] GC(244) Metaspace: 6299K(6464K)->6299K(6464K) NonClass: 5765K(5824K)->5765K(5824K) Class: 533K(640K)->533K(640K)
[28.318s][info][gc             ] GC(244) Pause Young (Allocation Failure) 4219M->4220M(4771M) 276.586ms
[28.318s][info][gc,cpu         ] GC(244) User=1.86s Sys=0.05s Real=0.28s
[28.412s][info][gc,start       ] GC(245) Pause Young (Allocation Failure)
[28.526s][info][gc,heap        ] GC(245) PSYoungGen: 211776K(272896K)->195584K(280576K) Eden: 84992K(84992K)->0K(84992K) From: 126784K(187904K)->195584K(195584K)
[28.526s][info][gc,heap        ] GC(245) ParOldGen: 4194545K(4612608K)->4210921K(4612608K)
[28.526s][info][gc,metaspace   ] GC(245) Metaspace: 6299K(6464K)->6299K(6464K) NonClass: 5765K(5824K)->5765K(5824K) Class: 533K(640K)->533K(640K)
[28.526s][info][gc             ] GC(245) Pause Young (Allocation Failure) 4303M->4303M(4778M) 114.532ms
[28.526s][info][gc,cpu         ] GC(245) User=0.88s Sys=0.00s Real=0.11s
[28.613s][info][gc,start       ] GC(246) Pause Young (Allocation Failure)
[28.773s][info][gc,heap        ] GC(246) PSYoungGen: 280576K(280576K)->164480K(311808K) Eden: 84992K(84992K)->0K(90112K) From: 195584K(195584K)->164480K(221696K)
[28.773s][info][gc,heap        ] GC(246) ParOldGen: 4210921K(4612608K)->4328137K(4612608K)
[28.773s][info][gc,metaspace   ] GC(246) Metaspace: 6299K(6464K)->6299K(6464K) NonClass: 5765K(5824K)->5765K(5824K) Class: 533K(640K)->533K(640K)
[28.773s][info][gc             ] GC(246) Pause Young (Allocation Failure) 4386M->4387M(4809M) 159.877ms
[28.773s][info][gc,cpu         ] GC(246) User=1.03s Sys=0.09s Real=0.16s
[28.880s][info][gc,start       ] GC(247) Pause Young (Allocation Failure)
[29.023s][info][gc,heap        ] GC(247) PSYoungGen: 254592K(311808K)->175552K(315392K) Eden: 90112K(90112K)->0K(90112K) From: 164480K(221696K)->175552K(225280K)
[29.023s][info][gc,heap        ] GC(247) ParOldGen: 4328137K(4612608K)->4407889K(4612608K)
[29.023s][info][gc,metaspace   ] GC(247) Metaspace: 6299K(6464K)->6299K(6464K) NonClass: 5765K(5824K)->5765K(5824K) Class: 533K(640K)->533K(640K)
[29.023s][info][gc             ] GC(247) Pause Young (Allocation Failure) 4475M->4476M(4812M) 143.187ms
[29.023s][info][gc,cpu         ] GC(247) User=1.08s Sys=0.05s Real=0.14s
[29.119s][info][gc,start       ] GC(248) Pause Young (Allocation Failure)
[29.270s][info][gc,heap        ] GC(248) PSYoungGen: 265664K(315392K)->180704K(325632K) Eden: 90112K(90112K)->0K(94208K) From: 175552K(225280K)->180704K(231424K)
[29.270s][info][gc,heap        ] GC(248) ParOldGen: 4407889K(4612608K)->4493641K(4612608K)
[29.270s][info][gc,metaspace   ] GC(248) Metaspace: 6299K(6464K)->6299K(6464K) NonClass: 5765K(5824K)->5765K(5824K) Class: 533K(640K)->533K(640K)
[29.270s][info][gc             ] GC(248) Pause Young (Allocation Failure) 4564M->4564M(4822M) 151.396ms
[29.270s][info][gc,cpu         ] GC(248) User=0.92s Sys=0.11s Real=0.15s
[29.270s][info][gc,start       ] GC(249) Pause Full (Ergonomics)
[29.270s][info][gc,phases,start] GC(249) Marking Phase
[30.330s][info][gc,phases      ] GC(249) Marking Phase 1060.199ms
[30.330s][info][gc,phases,start] GC(249) Summary Phase
[30.330s][info][gc,phases      ] GC(249) Summary Phase 0.059ms
[30.330s][info][gc,phases,start] GC(249) Adjust Roots
[30.331s][info][gc,phases      ] GC(249) Adjust Roots 0.187ms
[30.331s][info][gc,phases,start] GC(249) Compaction Phase
[30.734s][info][gc,phases      ] GC(249) Compaction Phase 403.737ms
[30.734s][info][gc,phases,start] GC(249) Post Compact
[30.742s][info][gc,phases      ] GC(249) Post Compact 7.307ms
[30.744s][info][gc,heap        ] GC(249) PSYoungGen: 180704K(325632K)->58034K(325632K) Eden: 0K(94208K)->0K(94208K) From: 180704K(231424K)->58034K(231424K)
[30.744s][info][gc,heap        ] GC(249) ParOldGen: 4493641K(4612608K)->4612579K(5129216K)
[30.744s][info][gc,metaspace   ] GC(249) Metaspace: 6299K(6464K)->6299K(6464K) NonClass: 5765K(5824K)->5765K(5824K) Class: 533K(640K)->533K(640K)
[30.744s][info][gc             ] GC(249) Pause Full (Ergonomics) 4564M->4561M(5327M) 1473.507ms
[30.744s][info][gc,cpu         ] GC(249) User=11.27s Sys=0.05s Real=1.47s
[30.849s][info][gc,start       ] GC(250) Pause Young (Allocation Failure)
[31.141s][info][gc,heap        ] GC(250) PSYoungGen: 152242K(325632K)->123744K(331776K) Eden: 94208K(94208K)->0K(94208K) From: 58034K(231424K)->123744K(237568K)
[31.141s][info][gc,heap        ] GC(250) ParOldGen: 4612579K(5129216K)->4641715K(5129216K)
[31.141s][info][gc,metaspace   ] GC(250) Metaspace: 6299K(6464K)->6299K(6464K) NonClass: 5765K(5824K)->5765K(5824K) Class: 533K(640K)->533K(640K)
[31.141s][info][gc             ] GC(250) Pause Young (Allocation Failure) 4653M->4653M(5333M) 291.901ms
[31.141s][info][gc,cpu         ] GC(250) User=2.02s Sys=0.02s Real=0.29s
[31.242s][info][gc,start       ] GC(251) Pause Young (Allocation Failure)
[31.365s][info][gc,heap        ] GC(251) PSYoungGen: 217952K(331776K)->218144K(314880K) Eden: 94208K(94208K)->0K(83456K) From: 123744K(237568K)->218144K(231424K)
[31.365s][info][gc,heap        ] GC(251) ParOldGen: 4641715K(5129216K)->4641715K(5129216K)
[31.365s][info][gc,metaspace   ] GC(251) Metaspace: 6299K(6464K)->6299K(6464K) NonClass: 5765K(5824K)->5765K(5824K) Class: 533K(640K)->533K(640K)
[31.365s][info][gc             ] GC(251) Pause Young (Allocation Failure) 4745M->4745M(5316M) 122.696ms
[31.365s][info][gc,cpu         ] GC(251) User=0.83s Sys=0.05s Real=0.12s
[31.452s][info][gc,start       ] GC(252) Pause Young (Allocation Failure)
[31.620s][info][gc,heap        ] GC(252) PSYoungGen: 301600K(314880K)->250880K(334336K) Eden: 83456K(83456K)->0K(83456K) From: 218144K(231424K)->250880K(250880K)
[31.620s][info][gc,heap        ] GC(252) ParOldGen: 4641715K(5129216K)->4692875K(5129216K)
[31.620s][info][gc,metaspace   ] GC(252) Metaspace: 6299K(6464K)->6299K(6464K) NonClass: 5765K(5824K)->5765K(5824K) Class: 533K(640K)->533K(640K)
[31.620s][info][gc             ] GC(252) Pause Young (Allocation Failure) 4827M->4827M(5335M) 168.084ms
[31.620s][info][gc,cpu         ] GC(252) User=1.08s Sys=0.06s Real=0.17s
[31.714s][info][gc,start       ] GC(253) Pause Young (Allocation Failure)
[31.907s][info][gc,heap        ] GC(253) PSYoungGen: 334336K(334336K)->231744K(378368K) Eden: 83456K(83456K)->0K(80896K) From: 250880K(250880K)->231744K(297472K)
[31.907s][info][gc,heap        ] GC(253) ParOldGen: 4692875K(5129216K)->4796507K(5129216K)
[31.907s][info][gc,metaspace   ] GC(253) Metaspace: 6299K(6464K)->6299K(6464K) NonClass: 5765K(5824K)->5765K(5824K) Class: 533K(640K)->533K(640K)
[31.907s][info][gc             ] GC(253) Pause Young (Allocation Failure) 4909M->4910M(5378M) 193.027ms
[31.907s][info][gc,cpu         ] GC(253) User=1.28s Sys=0.06s Real=0.19s
[31.997s][info][gc,start       ] GC(254) Pause Young (Allocation Failure)
[32.175s][info][gc,heap        ] GC(254) PSYoungGen: 312640K(378368K)->230048K(390144K) Eden: 80896K(80896K)->0K(80896K) From: 231744K(297472K)->230048K(309248K)
[32.175s][info][gc,heap        ] GC(254) ParOldGen: 4796507K(5129216K)->4879843K(5129216K)
[32.175s][info][gc,metaspace   ] GC(254) Metaspace: 6299K(6464K)->6299K(6464K) NonClass: 5765K(5824K)->5765K(5824K) Class: 533K(640K)->533K(640K)
[32.175s][info][gc             ] GC(254) Pause Young (Allocation Failure) 4989M->4990M(5390M) 177.374ms
[32.175s][info][gc,cpu         ] GC(254) User=1.17s Sys=0.11s Real=0.18s
[32.260s][info][gc,start       ] GC(255) Pause Young (Allocation Failure)
[32.437s][info][gc,heap        ] GC(255) PSYoungGen: 310944K(390144K)->245824K(396288K) Eden: 80896K(80896K)->0K(78848K) From: 230048K(309248K)->245824K(317440K)
[32.437s][info][gc,heap        ] GC(255) ParOldGen: 4879843K(5129216K)->4945587K(5129216K)
[32.437s][info][gc,metaspace   ] GC(255) Metaspace: 6299K(6464K)->6299K(6464K) NonClass: 5765K(5824K)->5765K(5824K) Class: 533K(640K)->533K(640K)
[32.437s][info][gc             ] GC(255) Pause Young (Allocation Failure) 5069M->5069M(5396M) 176.859ms
[32.437s][info][gc,cpu         ] GC(255) User=1.19s Sys=0.06s Real=0.18s
[32.524s][info][gc,start       ] GC(256) Pause Young (Allocation Failure)
[32.714s][info][gc,heap        ] GC(256) PSYoungGen: 324672K(396288K)->160224K(239104K) Eden: 78848K(78848K)->0K(78848K) From: 245824K(317440K)->160224K(160256K)
[32.714s][info][gc,heap        ] GC(256) ParOldGen: 4945587K(5129216K)->5111387K(5129216K)
[32.714s][info][gc,metaspace   ] GC(256) Metaspace: 6299K(6464K)->6299K(6464K) NonClass: 5765K(5824K)->5765K(5824K) Class: 533K(640K)->533K(640K)
[32.714s][info][gc             ] GC(256) Pause Young (Allocation Failure) 5146M->5148M(5242M) 190.120ms
[32.714s][info][gc,cpu         ] GC(256) User=1.28s Sys=0.08s Real=0.19s
[32.714s][info][gc,start       ] GC(257) Pause Full (Ergonomics)
[32.714s][info][gc,phases,start] GC(257) Marking Phase
[33.909s][info][gc,phases      ] GC(257) Marking Phase 1194.914ms
[33.909s][info][gc,phases,start] GC(257) Summary Phase
[33.909s][info][gc,phases      ] GC(257) Summary Phase 0.064ms
[33.909s][info][gc,phases,start] GC(257) Adjust Roots
[33.909s][info][gc,phases      ] GC(257) Adjust Roots 0.188ms
[33.909s][info][gc,phases,start] GC(257) Compaction Phase
[34.385s][info][gc,phases      ] GC(257) Compaction Phase 475.944ms
[34.385s][info][gc,phases,start] GC(257) Post Compact
[34.393s][info][gc,phases      ] GC(257) Post Compact 8.191ms
[34.395s][info][gc,heap        ] GC(257) PSYoungGen: 160224K(239104K)->137194K(239104K) Eden: 0K(78848K)->0K(78848K) From: 160224K(160256K)->137194K(160256K)
[34.395s][info][gc,heap        ] GC(257) ParOldGen: 5111387K(5129216K)->5129169K(5713408K)
[34.395s][info][gc,metaspace   ] GC(257) Metaspace: 6299K(6464K)->6299K(6464K) NonClass: 5765K(5824K)->5765K(5824K) Class: 533K(640K)->533K(640K)
[34.395s][info][gc             ] GC(257) Pause Full (Ergonomics) 5148M->5142M(5813M) 1681.471ms
[34.395s][info][gc,cpu         ] GC(257) User=12.69s Sys=0.03s Real=1.68s
[34.483s][info][gc,start       ] GC(258) Pause Young (Allocation Failure)
[34.831s][info][gc,heap        ] GC(258) PSYoungGen: 216042K(239104K)->79136K(403968K) Eden: 78848K(78848K)->0K(85504K) From: 137194K(160256K)->79136K(318464K)
[34.831s][info][gc,heap        ] GC(258) ParOldGen: 5129169K(5713408K)->5267657K(5713408K)
[34.831s][info][gc,metaspace   ] GC(258) Metaspace: 6299K(6464K)->6299K(6464K) NonClass: 5765K(5824K)->5765K(5824K) Class: 533K(640K)->533K(640K)
[34.831s][info][gc             ] GC(258) Pause Young (Allocation Failure) 5219M->5221M(5974M) 347.815ms
[34.831s][info][gc,cpu         ] GC(258) User=2.19s Sys=0.09s Real=0.35s
[34.923s][info][gc,start       ] GC(259) Pause Young (Allocation Failure)
[35.021s][info][gc,heap        ] GC(259) PSYoungGen: 164640K(403968K)->85792K(407552K) Eden: 85504K(85504K)->0K(85504K) From: 79136K(318464K)->85792K(322048K)
[35.021s][info][gc,heap        ] GC(259) ParOldGen: 5267657K(5713408K)->5347217K(5713408K)
[35.021s][info][gc,metaspace   ] GC(259) Metaspace: 6299K(6464K)->6299K(6464K) NonClass: 5765K(5824K)->5765K(5824K) Class: 533K(640K)->533K(640K)
[35.021s][info][gc             ] GC(259) Pause Young (Allocation Failure) 5304M->5305M(5977M) 98.204ms
[35.021s][info][gc,cpu         ] GC(259) User=0.59s Sys=0.06s Real=0.10s
[35.121s][info][gc,start       ] GC(260) Pause Young (Allocation Failure)
[35.222s][info][gc,heap        ] GC(260) PSYoungGen: 171296K(407552K)->85824K(410112K) Eden: 85504K(85504K)->0K(94720K) From: 85792K(322048K)->85824K(315392K)
[35.222s][info][gc,heap        ] GC(260) ParOldGen: 5347217K(5713408K)->5433489K(5713408K)
[35.222s][info][gc,metaspace   ] GC(260) Metaspace: 6299K(6464K)->6299K(6464K) NonClass: 5765K(5824K)->5765K(5824K) Class: 533K(640K)->533K(640K)
[35.222s][info][gc             ] GC(260) Pause Young (Allocation Failure) 5389M->5389M(5980M) 100.993ms
[35.222s][info][gc,cpu         ] GC(260) User=0.59s Sys=0.06s Real=0.10s
[35.329s][info][gc,start       ] GC(261) Pause Young (Allocation Failure)
[35.435s][info][gc,heap        ] GC(261) PSYoungGen: 180544K(410112K)->95040K(413184K) Eden: 94720K(94720K)->0K(94720K) From: 85824K(315392K)->95040K(318464K)
[35.435s][info][gc,heap        ] GC(261) ParOldGen: 5433489K(5713408K)->5519769K(5713408K)
[35.435s][info][gc,metaspace   ] GC(261) Metaspace: 6299K(6464K)->6299K(6464K) NonClass: 5765K(5824K)->5765K(5824K) Class: 533K(640K)->533K(640K)
[35.435s][info][gc             ] GC(261) Pause Young (Allocation Failure) 5482M->5483M(5983M) 106.113ms
[35.435s][info][gc,cpu         ] GC(261) User=0.61s Sys=0.06s Real=0.11s
[35.548s][info][gc,start       ] GC(262) Pause Young (Allocation Failure)
[35.663s][info][gc,heap        ] GC(262) PSYoungGen: 189760K(413184K)->95008K(402432K) Eden: 94720K(94720K)->0K(104448K) From: 95040K(318464K)->95008K(297984K)
[35.664s][info][gc,heap        ] GC(262) ParOldGen: 5519769K(5713408K)->5615337K(5713408K)
[35.664s][info][gc,metaspace   ] GC(262) Metaspace: 6299K(6464K)->6299K(6464K) NonClass: 5765K(5824K)->5765K(5824K) Class: 533K(640K)->533K(640K)
[35.664s][info][gc             ] GC(262) Pause Young (Allocation Failure) 5575M->5576M(5972M) 115.239ms
[35.664s][info][gc,cpu         ] GC(262) User=0.72s Sys=0.06s Real=0.12s
[35.664s][info][gc,start       ] GC(263) Pause Full (Ergonomics)
[35.664s][info][gc,phases,start] GC(263) Marking Phase
[36.938s][info][gc,phases      ] GC(263) Marking Phase 1274.688ms
[36.938s][info][gc,phases,start] GC(263) Summary Phase
[36.938s][info][gc,phases      ] GC(263) Summary Phase 0.093ms
[36.938s][info][gc,phases,start] GC(263) Adjust Roots
[36.939s][info][gc,phases      ] GC(263) Adjust Roots 0.177ms
[36.939s][info][gc,phases,start] GC(263) Compaction Phase
[37.427s][info][gc,phases      ] GC(263) Compaction Phase 488.689ms
[37.427s][info][gc,phases,start] GC(263) Post Compact
[37.436s][info][gc,phases      ] GC(263) Post Compact 8.757ms
[37.438s][info][gc,heap        ] GC(263) PSYoungGen: 95008K(402432K)->0K(409600K) Eden: 0K(104448K)->0K(104448K) From: 95008K(297984K)->0K(305152K)
[37.438s][info][gc,heap        ] GC(263) ParOldGen: 5615337K(5713408K)->5705493K(6329344K)
[37.438s][info][gc,metaspace   ] GC(263) Metaspace: 6299K(6464K)->6299K(6464K) NonClass: 5765K(5824K)->5765K(5824K) Class: 533K(640K)->533K(640K)
[37.438s][info][gc             ] GC(263) Pause Full (Ergonomics) 5576M->5571M(6581M) 1774.756ms
[37.438s][info][gc,cpu         ] GC(263) User=13.42s Sys=0.03s Real=1.77s
[38.677s][info][gc,start       ] GC(264) Pause Young (Allocation Failure)
[38.890s][info][gc,heap        ] GC(264) PSYoungGen: 104448K(409600K)->104800K(398848K) Eden: 104448K(104448K)->0K(113664K) From: 0K(305152K)->104800K(285184K)
[38.890s][info][gc,heap        ] GC(264) ParOldGen: 5967637K(6329344K)->5967637K(6329344K)
[38.890s][info][gc,metaspace   ] GC(264) Metaspace: 6299K(6464K)->6299K(6464K) NonClass: 5765K(5824K)->5765K(5824K) Class: 533K(640K)->533K(640K)
[38.890s][info][gc             ] GC(264) Pause Young (Allocation Failure) 5929M->5930M(6570M) 213.151ms
[38.890s][info][gc,cpu         ] GC(264) User=1.20s Sys=0.00s Real=0.21s
[39.018s][info][gc,start       ] GC(265) Pause Young (Allocation Failure)
[39.144s][info][gc,heap        ] GC(265) PSYoungGen: 218464K(398848K)->218656K(409600K) Eden: 113664K(113664K)->0K(113664K) From: 104800K(285184K)->218656K(295936K)
[39.144s][info][gc,heap        ] GC(265) ParOldGen: 5967637K(6329344K)->5967637K(6329344K)
[39.144s][info][gc,metaspace   ] GC(265) Metaspace: 6299K(6464K)->6299K(6464K) NonClass: 5765K(5824K)->5765K(5824K) Class: 533K(640K)->533K(640K)
[39.144s][info][gc             ] GC(265) Pause Young (Allocation Failure) 6041M->6041M(6581M) 126.195ms
[39.144s][info][gc,cpu         ] GC(265) User=0.39s Sys=0.00s Real=0.13s
[39.260s][info][gc,start       ] GC(266) Pause Young (Allocation Failure)
[39.420s][info][gc,heap        ] GC(266) PSYoungGen: 332320K(409600K)->309248K(380928K) Eden: 113664K(113664K)->0K(71680K) From: 218656K(295936K)->309248K(309248K)
[39.420s][info][gc,heap        ] GC(266) ParOldGen: 5967637K(6329344K)->5990981K(6329344K)
[39.420s][info][gc,metaspace   ] GC(266) Metaspace: 6299K(6464K)->6299K(6464K) NonClass: 5765K(5824K)->5765K(5824K) Class: 533K(640K)->533K(640K)
[39.420s][info][gc             ] GC(266) Pause Young (Allocation Failure) 6152M->6152M(6553M) 160.111ms
[39.420s][info][gc,cpu         ] GC(266) User=0.94s Sys=0.08s Real=0.16s
[39.499s][info][gc,start       ] GC(267) Pause Young (Allocation Failure)
[39.677s][info][gc,heap        ] GC(267) PSYoungGen: 380928K(380928K)->179168K(250880K) Eden: 71680K(71680K)->0K(71680K) From: 309248K(309248K)->179168K(179200K)
[39.677s][info][gc,heap        ] GC(267) ParOldGen: 5990981K(6329344K)->6194405K(6329344K)
[39.677s][info][gc,metaspace   ] GC(267) Metaspace: 6299K(6464K)->6299K(6464K) NonClass: 5765K(5824K)->5765K(5824K) Class: 533K(640K)->533K(640K)
[39.677s][info][gc             ] GC(267) Pause Young (Allocation Failure) 6222M->6224M(6426M) 178.803ms
[39.677s][info][gc,cpu         ] GC(267) User=1.17s Sys=0.11s Real=0.18s
[39.678s][info][gc,start       ] GC(268) Pause Full (Ergonomics)
[39.678s][info][gc,phases,start] GC(268) Marking Phase
[41.077s][info][gc,phases      ] GC(268) Marking Phase 1399.653ms
[41.077s][info][gc,phases,start] GC(268) Summary Phase
[41.077s][info][gc,phases      ] GC(268) Summary Phase 0.140ms
[41.077s][info][gc,phases,start] GC(268) Adjust Roots
[41.078s][info][gc,phases      ] GC(268) Adjust Roots 0.161ms
[41.078s][info][gc,phases,start] GC(268) Compaction Phase
[42.022s][info][gc,phases      ] GC(268) Compaction Phase 944.834ms
[42.023s][info][gc,phases,start] GC(268) Post Compact
[42.033s][info][gc,phases      ] GC(268) Post Compact 10.215ms
[42.035s][info][gc,heap        ] GC(268) PSYoungGen: 179168K(250880K)->0K(426496K) Eden: 0K(71680K)->0K(79360K) From: 179168K(179200K)->0K(347136K)
[42.035s][info][gc,heap        ] GC(268) ParOldGen: 6194405K(6329344K)->6239893K(6942720K)
[42.035s][info][gc,metaspace   ] GC(268) Metaspace: 6299K(6464K)->6299K(6464K) NonClass: 5765K(5824K)->5765K(5824K) Class: 533K(640K)->533K(640K)
[42.035s][info][gc             ] GC(268) Pause Full (Ergonomics) 6224M->6093M(7196M) 2357.241ms
[42.035s][info][gc,cpu         ] GC(268) User=16.84s Sys=0.06s Real=2.36s
[42.123s][info][gc,start       ] GC(269) Pause Young (Allocation Failure)
[42.208s][info][gc,heap        ] GC(269) PSYoungGen: 79360K(426496K)->79616K(426496K) Eden: 79360K(79360K)->0K(79360K) From: 0K(347136K)->79616K(347136K)
[42.208s][info][gc,heap        ] GC(269) ParOldGen: 6239893K(6942720K)->6239893K(6942720K)
[42.208s][info][gc,metaspace   ] GC(269) Metaspace: 6299K(6464K)->6299K(6464K) NonClass: 5765K(5824K)->5765K(5824K) Class: 533K(640K)->533K(640K)
[42.208s][info][gc             ] GC(269) Pause Young (Allocation Failure) 6171M->6171M(7196M) 85.273ms
[42.208s][info][gc,cpu         ] GC(269) User=0.20s Sys=0.00s Real=0.09s
[42.292s][info][gc,start       ] GC(270) Pause Young (Allocation Failure)
[42.403s][info][gc,heap        ] GC(270) PSYoungGen: 158976K(426496K)->159136K(394752K) Eden: 79360K(79360K)->0K(87040K) From: 79616K(347136K)->159136K(307712K)
[42.403s][info][gc,heap        ] GC(270) ParOldGen: 6239893K(6942720K)->6239893K(6942720K)
[42.403s][info][gc,metaspace   ] GC(270) Metaspace: 6299K(6464K)->6299K(6464K) NonClass: 5765K(5824K)->5765K(5824K) Class: 533K(640K)->533K(640K)
[42.403s][info][gc             ] GC(270) Pause Young (Allocation Failure) 6248M->6249M(7165M) 110.813ms
[42.403s][info][gc,cpu         ] GC(270) User=0.30s Sys=0.00s Real=0.11s
[42.491s][info][gc,start       ] GC(271) Pause Young (Allocation Failure)
[42.625s][info][gc,heap        ] GC(271) PSYoungGen: 246176K(394752K)->246336K(412672K) Eden: 87040K(87040K)->0K(87040K) From: 159136K(307712K)->246336K(325632K)
[42.625s][info][gc,heap        ] GC(271) ParOldGen: 6239893K(6942720K)->6239893K(6942720K)
[42.625s][info][gc,metaspace   ] GC(271) Metaspace: 6299K(6464K)->6299K(6464K) NonClass: 5765K(5824K)->5765K(5824K) Class: 533K(640K)->533K(640K)
[42.625s][info][gc             ] GC(271) Pause Young (Allocation Failure) 6334M->6334M(7183M) 134.107ms
[42.625s][info][gc,cpu         ] GC(271) User=0.61s Sys=0.00s Real=0.13s
[42.722s][info][gc,start       ] GC(272) Pause Young (Allocation Failure)
[42.880s][info][gc,heap        ] GC(272) PSYoungGen: 333376K(412672K)->333504K(393216K) Eden: 87040K(87040K)->0K(51712K) From: 246336K(325632K)->333504K(341504K)
[42.880s][info][gc,heap        ] GC(272) ParOldGen: 6239893K(6942720K)->6239893K(6942720K)
[42.880s][info][gc,metaspace   ] GC(272) Metaspace: 6299K(6464K)->6299K(6464K) NonClass: 5765K(5824K)->5765K(5824K) Class: 533K(640K)->533K(640K)
[42.880s][info][gc             ] GC(272) Pause Young (Allocation Failure) 6419M->6419M(7164M) 158.844ms
[42.880s][info][gc,cpu         ] GC(272) User=0.86s Sys=0.00s Real=0.16s
[42.932s][info][gc,start       ] GC(273) Pause Young (Allocation Failure)
[43.103s][info][gc,heap        ] GC(273) PSYoungGen: 385216K(393216K)->385344K(437248K) Eden: 51712K(51712K)->0K(51712K) From: 333504K(341504K)->385344K(385536K)
[43.103s][info][gc,heap        ] GC(273) ParOldGen: 6239893K(6942720K)->6239893K(6942720K)
[43.103s][info][gc,metaspace   ] GC(273) Metaspace: 6299K(6464K)->6299K(6464K) NonClass: 5765K(5824K)->5765K(5824K) Class: 533K(640K)->533K(640K)
[43.103s][info][gc             ] GC(273) Pause Young (Allocation Failure) 6469M->6469M(7207M) 171.105ms
[43.103s][info][gc,cpu         ] GC(273) User=1.06s Sys=0.02s Real=0.17s
[43.158s][info][gc,start       ] GC(274) Pause Young (Allocation Failure)
[43.352s][info][gc,heap        ] GC(274) PSYoungGen: 437056K(437248K)->357568K(464896K) Eden: 51712K(51712K)->0K(25088K) From: 385344K(385536K)->357568K(439808K)
[43.353s][info][gc,heap        ] GC(274) ParOldGen: 6239893K(6942720K)->6319973K(6942720K)
[43.353s][info][gc,metaspace   ] GC(274) Metaspace: 6299K(6464K)->6299K(6464K) NonClass: 5765K(5824K)->5765K(5824K) Class: 533K(640K)->533K(640K)
[43.353s][info][gc             ] GC(274) Pause Young (Allocation Failure) 6520M->6521M(7234M) 194.606ms
[43.353s][info][gc,cpu         ] GC(274) User=1.23s Sys=0.12s Real=0.20s
[43.382s][info][gc,start       ] GC(275) Pause Young (Allocation Failure)
[43.553s][info][gc,heap        ] GC(275) PSYoungGen: 382656K(464896K)->216032K(241152K) Eden: 25088K(25088K)->0K(25088K) From: 357568K(439808K)->216032K(216064K)
[43.553s][info][gc,heap        ] GC(275) ParOldGen: 6319973K(6942720K)->6487837K(6942720K)
[43.553s][info][gc,metaspace   ] GC(275) Metaspace: 6299K(6464K)->6299K(6464K) NonClass: 5765K(5824K)->5765K(5824K) Class: 533K(640K)->533K(640K)
[43.553s][info][gc             ] GC(275) Pause Young (Allocation Failure) 6545M->6546M(7015M) 171.309ms
[43.553s][info][gc,cpu         ] GC(275) User=1.30s Sys=0.03s Real=0.17s
[43.583s][info][gc,start       ] GC(276) Pause Young (Allocation Failure)
[43.715s][info][gc,heap        ] GC(276) PSYoungGen: 241120K(241152K)->102112K(472064K) Eden: 25088K(25088K)->0K(29184K) From: 216032K(216064K)->102112K(442880K)
[43.715s][info][gc,heap        ] GC(276) ParOldGen: 6487837K(6942720K)->6627805K(6942720K)
[43.715s][info][gc,metaspace   ] GC(276) Metaspace: 6299K(6464K)->6299K(6464K) NonClass: 5765K(5824K)->5765K(5824K) Class: 533K(640K)->533K(640K)
[43.715s][info][gc             ] GC(276) Pause Young (Allocation Failure) 6571M->6572M(7241M) 132.214ms
[43.715s][info][gc,cpu         ] GC(276) User=0.55s Sys=0.08s Real=0.13s
[43.753s][info][gc,start       ] GC(277) Pause Young (Allocation Failure)
[43.858s][info][gc,heap        ] GC(277) PSYoungGen: 131296K(472064K)->54464K(474624K) Eden: 29184K(29184K)->0K(29184K) From: 102112K(442880K)->54464K(445440K)
[43.858s][info][gc,heap        ] GC(277) ParOldGen: 6627805K(6942720K)->6705277K(6942720K)
[43.858s][info][gc,metaspace   ] GC(277) Metaspace: 6299K(6464K)->6299K(6464K) NonClass: 5765K(5824K)->5765K(5824K) Class: 533K(640K)->533K(640K)
[43.858s][info][gc             ] GC(277) Pause Young (Allocation Failure) 6600M->6601M(7243M) 104.942ms
[43.858s][info][gc,cpu         ] GC(277) User=0.30s Sys=0.02s Real=0.11s
[43.886s][info][gc,start       ] GC(278) Pause Young (Allocation Failure)
[43.993s][info][gc,heap        ] GC(278) PSYoungGen: 83648K(474624K)->29376K(479232K) Eden: 29184K(29184K)->0K(31744K) From: 54464K(445440K)->29376K(447488K)
[43.993s][info][gc,heap        ] GC(278) ParOldGen: 6705277K(6942720K)->6760005K(6942720K)
[43.993s][info][gc,metaspace   ] GC(278) Metaspace: 6299K(6464K)->6299K(6464K) NonClass: 5765K(5824K)->5765K(5824K) Class: 533K(640K)->533K(640K)
[43.993s][info][gc             ] GC(278) Pause Young (Allocation Failure) 6629M->6630M(7248M) 107.317ms
[43.993s][info][gc,cpu         ] GC(278) User=0.19s Sys=0.02s Real=0.11s
[43.993s][info][gc,start       ] GC(279) Pause Full (Ergonomics)
[43.993s][info][gc,phases,start] GC(279) Marking Phase
[45.539s][info][gc,phases      ] GC(279) Marking Phase 1545.945ms
[45.539s][info][gc,phases,start] GC(279) Summary Phase
[45.539s][info][gc,phases      ] GC(279) Summary Phase 0.109ms
[45.539s][info][gc,phases,start] GC(279) Adjust Roots
[45.539s][info][gc,phases      ] GC(279) Adjust Roots 0.165ms
[45.539s][info][gc,phases,start] GC(279) Compaction Phase
[46.194s][info][gc,phases      ] GC(279) Compaction Phase 654.467ms
[46.194s][info][gc,phases,start] GC(279) Post Compact
[46.205s][info][gc,phases      ] GC(279) Post Compact 11.325ms
[46.207s][info][gc,heap        ] GC(279) PSYoungGen: 29376K(479232K)->0K(481280K) Eden: 0K(31744K)->0K(31744K) From: 29376K(447488K)->0K(449536K)
[46.207s][info][gc,heap        ] GC(279) ParOldGen: 6760005K(6942720K)->6784351K(7542784K)
[46.207s][info][gc,metaspace   ] GC(279) Metaspace: 6299K(6464K)->6299K(6464K) NonClass: 5765K(5824K)->5765K(5824K) Class: 533K(640K)->533K(640K)
[46.207s][info][gc             ] GC(279) Pause Full (Ergonomics) 6630M->6625M(7836M) 2214.156ms
[46.207s][info][gc,cpu         ] GC(279) User=15.61s Sys=0.08s Real=2.21s
[46.241s][info][gc,start       ] GC(280) Pause Young (Allocation Failure)
[46.311s][info][gc,heap        ] GC(280) PSYoungGen: 31744K(481280K)->31904K(479232K) Eden: 31744K(31744K)->0K(35840K) From: 0K(449536K)->31904K(443392K)
[46.311s][info][gc,heap        ] GC(280) ParOldGen: 6784351K(7542784K)->6784351K(7542784K)
[46.311s][info][gc,metaspace   ] GC(280) Metaspace: 6299K(6464K)->6299K(6464K) NonClass: 5765K(5824K)->5765K(5824K) Class: 533K(640K)->533K(640K)
[46.311s][info][gc             ] GC(280) Pause Young (Allocation Failure) 6656M->6656M(7834M) 70.220ms
[46.311s][info][gc,cpu         ] GC(280) User=0.11s Sys=0.00s Real=0.07s
[46.348s][info][gc,start       ] GC(281) Pause Young (Allocation Failure)
[46.425s][info][gc,heap        ] GC(281) PSYoungGen: 67744K(479232K)->36032K(72192K) Eden: 35840K(35840K)->0K(35840K) From: 31904K(443392K)->36032K(36352K)
[46.425s][info][gc,heap        ] GC(281) ParOldGen: 6784351K(7542784K)->6816375K(7542784K)
[46.425s][info][gc,metaspace   ] GC(281) Metaspace: 6299K(6464K)->6299K(6464K) NonClass: 5765K(5824K)->5765K(5824K) Class: 533K(640K)->533K(640K)
[46.425s][info][gc             ] GC(281) Pause Young (Allocation Failure) 6691M->6691M(7436M) 76.556ms
[46.425s][info][gc,cpu         ] GC(281) User=0.17s Sys=0.02s Real=0.08s
[46.462s][info][gc,start       ] GC(282) Pause Young (Allocation Failure)
[46.543s][info][gc,heap        ] GC(282) PSYoungGen: 71872K(72192K)->36000K(459776K) Eden: 35840K(35840K)->0K(40448K) From: 36032K(36352K)->36000K(419328K)
[46.543s][info][gc,heap        ] GC(282) ParOldGen: 6816375K(7542784K)->6852543K(7542784K)
[46.543s][info][gc,metaspace   ] GC(282) Metaspace: 6299K(6464K)->6299K(6464K) NonClass: 5765K(5824K)->5765K(5824K) Class: 533K(640K)->533K(640K)
[46.544s][info][gc             ] GC(282) Pause Young (Allocation Failure) 6726M->6727M(7815M) 81.103ms
[46.544s][info][gc,cpu         ] GC(282) User=0.20s Sys=0.00s Real=0.08s
[46.588s][info][gc,start       ] GC(283) Pause Young (Allocation Failure)
[46.679s][info][gc,heap        ] GC(283) PSYoungGen: 76448K(459776K)->40576K(81408K) Eden: 40448K(40448K)->0K(40448K) From: 36000K(419328K)->40576K(40960K)
[46.679s][info][gc,heap        ] GC(283) ParOldGen: 6852543K(7542784K)->6888711K(7542784K)
[46.679s][info][gc,metaspace   ] GC(283) Metaspace: 6299K(6464K)->6299K(6464K) NonClass: 5765K(5824K)->5765K(5824K) Class: 533K(640K)->533K(640K)
[46.679s][info][gc             ] GC(283) Pause Young (Allocation Failure) 6766M->6766M(7445M) 90.540ms
[46.679s][info][gc,cpu         ] GC(283) User=0.16s Sys=0.02s Real=0.09s
[46.724s][info][gc,start       ] GC(284) Pause Young (Allocation Failure)
[46.809s][info][gc,heap        ] GC(284) PSYoungGen: 81024K(81408K)->40576K(434688K) Eden: 40448K(40448K)->0K(46080K) From: 40576K(40960K)->40576K(388608K)
[46.809s][info][gc,heap        ] GC(284) ParOldGen: 6888711K(7542784K)->6929519K(7542784K)
[46.809s][info][gc,metaspace   ] GC(284) Metaspace: 6299K(6464K)->6299K(6464K) NonClass: 5765K(5824K)->5765K(5824K) Class: 533K(640K)->533K(640K)
[46.809s][info][gc             ] GC(284) Pause Young (Allocation Failure) 6806M->6806M(7790M) 85.272ms
[46.809s][info][gc,cpu         ] GC(284) User=0.19s Sys=0.03s Real=0.08s
[46.852s][info][gc,start       ] GC(285) Pause Young (Allocation Failure)
[46.939s][info][gc,heap        ] GC(285) PSYoungGen: 86656K(434688K)->46272K(92672K) Eden: 46080K(46080K)->0K(46080K) From: 40576K(388608K)->46272K(46592K)
[46.940s][info][gc,heap        ] GC(285) ParOldGen: 6929519K(7542784K)->6970319K(7542784K)
[46.940s][info][gc,metaspace   ] GC(285) Metaspace: 6299K(6464K)->6299K(6464K) NonClass: 5765K(5824K)->5765K(5824K) Class: 533K(640K)->533K(640K)
[46.940s][info][gc             ] GC(285) Pause Young (Allocation Failure) 6851M->6852M(7456M) 87.788ms
[46.940s][info][gc,cpu         ] GC(285) User=0.19s Sys=0.03s Real=0.09s
[46.983s][info][gc,start       ] GC(286) Pause Young (Allocation Failure)
[47.071s][info][gc,heap        ] GC(286) PSYoungGen: 92352K(92672K)->46304K(406528K) Eden: 46080K(46080K)->0K(52224K) From: 46272K(46592K)->46304K(354304K)
[47.071s][info][gc,heap        ] GC(286) ParOldGen: 6970319K(7542784K)->7016799K(7542784K)
[47.071s][info][gc,metaspace   ] GC(286) Metaspace: 6299K(6464K)->6299K(6464K) NonClass: 5765K(5824K)->5765K(5824K) Class: 533K(640K)->533K(640K)
[47.071s][info][gc             ] GC(286) Pause Young (Allocation Failure) 6897M->6897M(7763M) 87.569ms
[47.071s][info][gc,cpu         ] GC(286) User=0.22s Sys=0.02s Real=0.09s
[47.121s][info][gc,start       ] GC(287) Pause Young (Allocation Failure)
[47.217s][info][gc,heap        ] GC(287) PSYoungGen: 98528K(406528K)->52416K(104960K) Eden: 52224K(52224K)->0K(52224K) From: 46304K(354304K)->52416K(52736K)
[47.217s][info][gc,heap        ] GC(287) ParOldGen: 7016799K(7542784K)->7063295K(7542784K)
[47.217s][info][gc,metaspace   ] GC(287) Metaspace: 6299K(6464K)->6299K(6464K) NonClass: 5765K(5824K)->5765K(5824K) Class: 533K(640K)->533K(640K)
[47.217s][info][gc             ] GC(287) Pause Young (Allocation Failure) 6948M->6948M(7468M) 95.698ms
[47.217s][info][gc,cpu         ] GC(287) User=0.22s Sys=0.00s Real=0.10s
[47.270s][info][gc,start       ] GC(288) Pause Young (Allocation Failure)
[47.365s][info][gc,heap        ] GC(288) PSYoungGen: 104640K(104960K)->52416K(377856K) Eden: 52224K(52224K)->0K(59392K) From: 52416K(52736K)->52416K(318464K)
[47.365s][info][gc,heap        ] GC(288) ParOldGen: 7063295K(7542784K)->7115999K(7542784K)
[47.365s][info][gc,metaspace   ] GC(288) Metaspace: 6299K(6464K)->6299K(6464K) NonClass: 5765K(5824K)->5765K(5824K) Class: 533K(640K)->533K(640K)
[47.365s][info][gc             ] GC(288) Pause Young (Allocation Failure) 6999M->7000M(7735M) 95.293ms
[47.365s][info][gc,cpu         ] GC(288) User=0.23s Sys=0.06s Real=0.10s
[47.428s][info][gc,start       ] GC(289) Pause Young (Allocation Failure)
[47.530s][info][gc,heap        ] GC(289) PSYoungGen: 111808K(377856K)->59616K(119296K) Eden: 59392K(59392K)->0K(59392K) From: 52416K(318464K)->59616K(59904K)
[47.530s][info][gc,heap        ] GC(289) ParOldGen: 7115999K(7542784K)->7168679K(7542784K)
[47.530s][info][gc,metaspace   ] GC(289) Metaspace: 6299K(6464K)->6299K(6464K) NonClass: 5765K(5824K)->5765K(5824K) Class: 533K(640K)->533K(640K)
[47.530s][info][gc             ] GC(289) Pause Young (Allocation Failure) 7058M->7058M(7482M) 101.564ms
[47.530s][info][gc,cpu         ] GC(289) User=0.36s Sys=0.06s Real=0.10s
[47.591s][info][gc,start       ] GC(290) Pause Young (Allocation Failure)
[47.690s][info][gc,heap        ] GC(290) PSYoungGen: 119008K(119296K)->59584K(351744K) Eden: 59392K(59392K)->0K(67584K) From: 59616K(59904K)->59584K(284160K)
[47.690s][info][gc,heap        ] GC(290) ParOldGen: 7168679K(7542784K)->7228591K(7542784K)
[47.690s][info][gc,metaspace   ] GC(290) Metaspace: 6299K(6464K)->6299K(6464K) NonClass: 5765K(5824K)->5765K(5824K) Class: 533K(640K)->533K(640K)
[47.690s][info][gc             ] GC(290) Pause Young (Allocation Failure) 7116M->7117M(7709M) 98.698ms
[47.690s][info][gc,cpu         ] GC(290) User=0.33s Sys=0.00s Real=0.10s
[47.771s][info][gc,start       ] GC(291) Pause Young (Allocation Failure)
[47.886s][info][gc,heap        ] GC(291) PSYoungGen: 127168K(351744K)->67808K(135680K) Eden: 67584K(67584K)->0K(67584K) From: 59584K(284160K)->67808K(68096K)
[47.886s][info][gc,heap        ] GC(291) ParOldGen: 7228591K(7542784K)->7288503K(7542784K)
[47.886s][info][gc,metaspace   ] GC(291) Metaspace: 6299K(6464K)->6299K(6464K) NonClass: 5765K(5824K)->5765K(5824K) Class: 533K(640K)->533K(640K)
[47.886s][info][gc             ] GC(291) Pause Young (Allocation Failure) 7183M->7183M(7498M) 114.847ms
[47.886s][info][gc,cpu         ] GC(291) User=0.20s Sys=0.02s Real=0.12s
[47.965s][info][gc,start       ] GC(292) Pause Young (Allocation Failure)
[48.079s][info][gc,heap        ] GC(292) PSYoungGen: 135392K(135680K)->67840K(326656K) Eden: 67584K(67584K)->0K(76288K) From: 67808K(68096K)->67840K(250368K)
[48.079s][info][gc,heap        ] GC(292) ParOldGen: 7288503K(7542784K)->7356703K(7542784K)
[48.079s][info][gc,metaspace   ] GC(292) Metaspace: 6299K(6464K)->6299K(6464K) NonClass: 5765K(5824K)->5765K(5824K) Class: 533K(640K)->533K(640K)
[48.079s][info][gc             ] GC(292) Pause Young (Allocation Failure) 7249M->7250M(7685M) 113.673ms
[48.079s][info][gc,cpu         ] GC(292) User=0.31s Sys=0.02s Real=0.11s
[48.157s][info][gc,start       ] GC(293) Pause Young (Allocation Failure)
[48.281s][info][gc,heap        ] GC(293) PSYoungGen: 144128K(326656K)->76576K(153088K) Eden: 76288K(76288K)->0K(76288K) From: 67840K(250368K)->76576K(76800K)
[48.281s][info][gc,heap        ] GC(293) ParOldGen: 7356703K(7542784K)->7424887K(7542784K)
[48.281s][info][gc,metaspace   ] GC(293) Metaspace: 6299K(6464K)->6299K(6464K) NonClass: 5765K(5824K)->5765K(5824K) Class: 533K(640K)->533K(640K)
[48.281s][info][gc             ] GC(293) Pause Young (Allocation Failure) 7325M->7325M(7515M) 124.620ms
[48.281s][info][gc,cpu         ] GC(293) User=0.36s Sys=0.03s Real=0.12s
[48.361s][info][gc,start       ] GC(294) Pause Young (Allocation Failure)
[48.481s][info][gc,heap        ] GC(294) PSYoungGen: 152864K(153088K)->76544K(305152K) Eden: 76288K(76288K)->0K(86016K) From: 76576K(76800K)->76544K(219136K)
[48.481s][info][gc,heap        ] GC(294) ParOldGen: 7424887K(7542784K)->7501871K(7542784K)
[48.481s][info][gc,metaspace   ] GC(294) Metaspace: 6299K(6464K)->6299K(6464K) NonClass: 5765K(5824K)->5765K(5824K) Class: 533K(640K)->533K(640K)
[48.481s][info][gc             ] GC(294) Pause Young (Allocation Failure) 7400M->7400M(7664M) 120.738ms
[48.481s][info][gc,cpu         ] GC(294) User=0.39s Sys=0.03s Real=0.12s
[48.481s][info][gc,start       ] GC(295) Pause Full (Ergonomics)
[48.482s][info][gc,phases,start] GC(295) Marking Phase
[50.198s][info][gc,phases      ] GC(295) Marking Phase 1716.194ms
[50.198s][info][gc,phases,start] GC(295) Summary Phase
[50.198s][info][gc,phases      ] GC(295) Summary Phase 0.116ms
[50.198s][info][gc,phases,start] GC(295) Adjust Roots
[50.198s][info][gc,phases      ] GC(295) Adjust Roots 0.335ms
[50.198s][info][gc,phases,start] GC(295) Compaction Phase
[50.946s][info][gc,phases      ] GC(295) Compaction Phase 747.839ms
[50.946s][info][gc,phases,start] GC(295) Post Compact
[50.957s][info][gc,phases      ] GC(295) Post Compact 11.181ms
[50.960s][info][gc,heap        ] GC(295) PSYoungGen: 76544K(305152K)->28733K(315904K) Eden: 0K(86016K)->0K(96768K) From: 76544K(219136K)->28733K(219136K)
[50.960s][info][gc,heap        ] GC(295) ParOldGen: 7501871K(7542784K)->7542602K(8285696K)
[50.960s][info][gc,metaspace   ] GC(295) Metaspace: 6299K(6464K)->6299K(6464K) NonClass: 5765K(5824K)->5765K(5824K) Class: 533K(640K)->533K(640K)
[50.960s][info][gc             ] GC(295) Pause Full (Ergonomics) 7400M->7393M(8400M) 2478.369ms
[50.960s][info][gc,cpu         ] GC(295) User=18.05s Sys=0.02s Real=2.48s
[51.067s][info][gc,start       ] GC(296) Pause Young (Allocation Failure)
[51.446s][info][gc,heap        ] GC(296) PSYoungGen: 125501K(315904K)->97024K(331264K) Eden: 96768K(96768K)->0K(96768K) From: 28733K(219136K)->97024K(234496K)
[51.446s][info][gc,heap        ] GC(296) ParOldGen: 7542602K(8285696K)->7571642K(8285696K)
[51.446s][info][gc,metaspace   ] GC(296) Metaspace: 6299K(6464K)->6299K(6464K) NonClass: 5765K(5824K)->5765K(5824K) Class: 533K(640K)->533K(640K)
[51.446s][info][gc             ] GC(296) Pause Young (Allocation Failure) 7488M->7488M(8415M) 378.980ms
[51.446s][info][gc,cpu         ] GC(296) User=2.77s Sys=0.02s Real=0.38s
[51.547s][info][gc,start       ] GC(297) Pause Young (Allocation Failure)
[51.675s][info][gc,heap        ] GC(297) PSYoungGen: 193792K(331264K)->97056K(312832K) Eden: 96768K(96768K)->0K(107008K) From: 97024K(234496K)->97056K(205824K)
[51.675s][info][gc,heap        ] GC(297) ParOldGen: 7571642K(8285696K)->7669282K(8285696K)
[51.675s][info][gc,metaspace   ] GC(297) Metaspace: 6299K(6464K)->6299K(6464K) NonClass: 5765K(5824K)->5765K(5824K) Class: 533K(640K)->533K(640K)
[51.675s][info][gc             ] GC(297) Pause Young (Allocation Failure) 7583M->7584M(8397M) 128.604ms
[51.675s][info][gc,cpu         ] GC(297) User=0.59s Sys=0.00s Real=0.13s
[51.797s][info][gc,start       ] GC(298) Pause Young (Allocation Failure)
[51.932s][info][gc,heap        ] GC(298) PSYoungGen: 204064K(312832K)->107296K(322048K) Eden: 107008K(107008K)->0K(107008K) From: 97056K(205824K)->107296K(215040K)
[51.932s][info][gc,heap        ] GC(298) ParOldGen: 7669282K(8285696K)->7766938K(8285696K)
[51.932s][info][gc,metaspace   ] GC(298) Metaspace: 6299K(6464K)->6299K(6464K) NonClass: 5765K(5824K)->5765K(5824K) Class: 533K(640K)->533K(640K)
[51.932s][info][gc             ] GC(298) Pause Young (Allocation Failure) 7688M->7689M(8406M) 135.778ms
[51.932s][info][gc,cpu         ] GC(298) User=0.52s Sys=0.03s Real=0.13s
[52.045s][info][gc,start       ] GC(299) Pause Young (Allocation Failure)
[52.185s][info][gc,heap        ] GC(299) PSYoungGen: 214304K(322048K)->107360K(318464K) Eden: 107008K(107008K)->0K(118272K) From: 107296K(215040K)->107360K(200192K)
[52.185s][info][gc,heap        ] GC(299) ParOldGen: 7766938K(8285696K)->7874914K(8285696K)
[52.185s][info][gc,metaspace   ] GC(299) Metaspace: 6299K(6464K)->6299K(6464K) NonClass: 5765K(5824K)->5765K(5824K) Class: 533K(640K)->533K(640K)
[52.185s][info][gc             ] GC(299) Pause Young (Allocation Failure) 7794M->7795M(8402M) 139.409ms
[52.185s][info][gc,cpu         ] GC(299) User=0.66s Sys=0.03s Real=0.14s
[52.308s][info][gc,start       ] GC(300) Pause Young (Allocation Failure)
[52.446s][info][gc,heap        ] GC(300) PSYoungGen: 225632K(318464K)->118656K(323584K) Eden: 118272K(118272K)->0K(118272K) From: 107360K(200192K)->118656K(205312K)
[52.446s][info][gc,heap        ] GC(300) ParOldGen: 7874914K(8285696K)->7982874K(8285696K)
[52.446s][info][gc,metaspace   ] GC(300) Metaspace: 6299K(6464K)->6299K(6464K) NonClass: 5765K(5824K)->5765K(5824K) Class: 533K(640K)->533K(640K)
[52.446s][info][gc             ] GC(300) Pause Young (Allocation Failure) 7910M->7911M(8407M) 137.356ms
[52.446s][info][gc,cpu         ] GC(300) User=0.69s Sys=0.00s Real=0.14s
[52.565s][info][gc,start       ] GC(301) Pause Young (Allocation Failure)
[52.704s][info][gc,heap        ] GC(301) PSYoungGen: 236928K(323584K)->118624K(332288K) Eden: 118272K(118272K)->0K(131072K) From: 118656K(205312K)->118624K(201216K)
[52.704s][info][gc,heap        ] GC(301) ParOldGen: 7982874K(8285696K)->8102202K(8285696K)
[52.704s][info][gc,metaspace   ] GC(301) Metaspace: 6299K(6464K)->6299K(6464K) NonClass: 5765K(5824K)->5765K(5824K) Class: 533K(640K)->533K(640K)
[52.704s][info][gc             ] GC(301) Pause Young (Allocation Failure) 8027M->8028M(8416M) 139.738ms
[52.704s][info][gc,cpu         ] GC(301) User=0.64s Sys=0.12s Real=0.14s
[52.846s][info][gc,start       ] GC(302) Pause Young (Allocation Failure)
[53.002s][info][gc,heap        ] GC(302) PSYoungGen: 249696K(332288K)->131488K(333824K) Eden: 131072K(131072K)->0K(131072K) From: 118624K(201216K)->131488K(202752K)
[53.002s][info][gc,heap        ] GC(302) ParOldGen: 8102202K(8285696K)->8221530K(8285696K)
[53.002s][info][gc,metaspace   ] GC(302) Metaspace: 6299K(6464K)->6299K(6464K) NonClass: 5765K(5824K)->5765K(5824K) Class: 533K(640K)->533K(640K)
[53.002s][info][gc             ] GC(302) Pause Young (Allocation Failure) 8156M->8157M(8417M) 155.851ms
[53.002s][info][gc,cpu         ] GC(302) User=0.84s Sys=0.08s Real=0.16s
[53.002s][info][gc,start       ] GC(303) Pause Full (Ergonomics)
[53.002s][info][gc,phases,start] GC(303) Marking Phase
[54.927s][info][gc,phases      ] GC(303) Marking Phase 1924.638ms
[54.927s][info][gc,phases,start] GC(303) Summary Phase
[54.927s][info][gc,phases      ] GC(303) Summary Phase 0.088ms
[54.927s][info][gc,phases,start] GC(303) Adjust Roots
[54.927s][info][gc,phases      ] GC(303) Adjust Roots 0.161ms
[54.927s][info][gc,phases,start] GC(303) Compaction Phase
[55.738s][info][gc,phases      ] GC(303) Compaction Phase 810.880ms
[55.738s][info][gc,phases,start] GC(303) Post Compact
[55.751s][info][gc,phases      ] GC(303) Post Compact 12.787ms
[55.754s][info][gc,heap        ] GC(303) PSYoungGen: 131488K(333824K)->61021K(333824K) Eden: 0K(131072K)->0K(131072K) From: 131488K(202752K)->61021K(202752K)
[55.754s][info][gc,heap        ] GC(303) ParOldGen: 8221530K(8285696K)->8285257K(9151488K)
[55.754s][info][gc,metaspace   ] GC(303) Metaspace: 6299K(6464K)->6299K(6464K) NonClass: 5765K(5824K)->5765K(5824K) Class: 533K(640K)->533K(640K)
[55.754s][info][gc             ] GC(303) Pause Full (Ergonomics) 8157M->8150M(9263M) 2751.529ms
[55.754s][info][gc,cpu         ] GC(303) User=20.22s Sys=0.14s Real=2.75s
[55.884s][info][gc,start       ] GC(304) Pause Young (Allocation Failure)
[56.356s][info][gc,heap        ] GC(304) PSYoungGen: 192093K(333824K)->131488K(348672K) Eden: 131072K(131072K)->0K(143360K) From: 61021K(202752K)->131488K(205312K)
[56.356s][info][gc,heap        ] GC(304) ParOldGen: 8285257K(9151488K)->8346865K(9151488K)
[56.357s][info][gc,metaspace   ] GC(304) Metaspace: 6299K(6464K)->6299K(6464K) NonClass: 5765K(5824K)->5765K(5824K) Class: 533K(640K)->533K(640K)
[56.357s][info][gc             ] GC(304) Pause Young (Allocation Failure) 8278M->8279M(9277M) 472.382ms
[56.357s][info][gc,cpu         ] GC(304) User=3.28s Sys=0.05s Real=0.47s
[56.509s][info][gc,start       ] GC(305) Pause Young (Allocation Failure)
[56.663s][info][gc,heap        ] GC(305) PSYoungGen: 274848K(348672K)->206848K(350208K) Eden: 143360K(143360K)->0K(143360K) From: 131488K(205312K)->206848K(206848K)
[56.663s][info][gc,heap        ] GC(305) ParOldGen: 8346865K(9151488K)->8415489K(9151488K)
[56.663s][info][gc,metaspace   ] GC(305) Metaspace: 6299K(6464K)->6299K(6464K) NonClass: 5765K(5824K)->5765K(5824K) Class: 533K(640K)->533K(640K)
[56.663s][info][gc             ] GC(305) Pause Young (Allocation Failure) 8419M->8420M(9279M) 154.078ms
[56.663s][info][gc,cpu         ] GC(305) User=0.98s Sys=0.06s Real=0.15s
[56.815s][info][gc,start       ] GC(306) Pause Young (Allocation Failure)
[57.046s][info][gc,heap        ] GC(306) PSYoungGen: 350208K(350208K)->143776K(409088K) Eden: 143360K(143360K)->0K(157696K) From: 206848K(206848K)->143776K(251392K)
[57.046s][info][gc,heap        ] GC(306) ParOldGen: 8415489K(9151488K)->8623817K(9151488K)
[57.046s][info][gc,metaspace   ] GC(306) Metaspace: 6299K(6464K)->6299K(6464K) NonClass: 5765K(5824K)->5765K(5824K) Class: 533K(640K)->533K(640K)
[57.046s][info][gc             ] GC(306) Pause Young (Allocation Failure) 8560M->8562M(9336M) 230.657ms
[57.046s][info][gc,cpu         ] GC(306) User=1.12s Sys=0.05s Real=0.23s
[57.215s][info][gc,start       ] GC(307) Pause Young (Allocation Failure)
[57.387s][info][gc,heap        ] GC(307) PSYoungGen: 301472K(409088K)->255488K(413184K) Eden: 157696K(157696K)->0K(157696K) From: 143776K(251392K)->255488K(255488K)
[57.387s][info][gc,heap        ] GC(307) ParOldGen: 8623817K(9151488K)->8670329K(9151488K)
[57.387s][info][gc,metaspace   ] GC(307) Metaspace: 6299K(6464K)->6299K(6464K) NonClass: 5765K(5824K)->5765K(5824K) Class: 533K(640K)->533K(640K)
[57.387s][info][gc             ] GC(307) Pause Young (Allocation Failure) 8716M->8716M(9340M) 171.557ms
[57.387s][info][gc,cpu         ] GC(307) User=1.05s Sys=0.03s Real=0.17s
[57.556s][info][gc,start       ] GC(308) Pause Young (Allocation Failure)
[57.813s][info][gc,heap        ] GC(308) PSYoungGen: 413184K(413184K)->158112K(463872K) Eden: 157696K(157696K)->0K(174592K) From: 255488K(255488K)->158112K(289280K)
[57.813s][info][gc,heap        ] GC(308) ParOldGen: 8670329K(9151488K)->8927633K(9151488K)
[57.814s][info][gc,metaspace   ] GC(308) Metaspace: 6299K(6464K)->6299K(6464K) NonClass: 5765K(5824K)->5765K(5824K) Class: 533K(640K)->533K(640K)
[57.814s][info][gc             ] GC(308) Pause Young (Allocation Failure) 8870M->8872M(9390M) 257.821ms
[57.814s][info][gc,cpu         ] GC(308) User=1.52s Sys=0.16s Real=0.26s
[57.814s][info][gc,start       ] GC(309) Pause Full (Ergonomics)
[57.814s][info][gc,phases,start] GC(309) Marking Phase
[59.938s][info][gc,phases      ] GC(309) Marking Phase 2124.469ms
[59.938s][info][gc,phases,start] GC(309) Summary Phase
[59.938s][info][gc,phases      ] GC(309) Summary Phase 0.145ms
[59.938s][info][gc,phases,start] GC(309) Adjust Roots
[59.938s][info][gc,phases      ] GC(309) Adjust Roots 0.190ms
[59.939s][info][gc,phases,start] GC(309) Compaction Phase
[60.812s][info][gc,phases      ] GC(309) Compaction Phase 873.492ms
[60.812s][info][gc,phases,start] GC(309) Post Compact
[60.827s][info][gc,phases      ] GC(309) Post Compact 14.680ms
[60.830s][info][gc,heap        ] GC(309) PSYoungGen: 158112K(463872K)->0K(473088K) Eden: 0K(174592K)->0K(174592K) From: 158112K(289280K)->0K(298496K)
[60.830s][info][gc,heap        ] GC(309) ParOldGen: 8927633K(9151488K)->9079308K(10102784K)
[60.830s][info][gc,metaspace   ] GC(309) Metaspace: 6299K(6464K)->6299K(6464K) NonClass: 5765K(5824K)->5765K(5824K) Class: 533K(640K)->533K(640K)
[60.830s][info][gc             ] GC(309) Pause Full (Ergonomics) 8872M->8866M(10328M) 3016.159ms
[60.830s][info][gc,cpu         ] GC(309) User=21.89s Sys=0.11s Real=3.02s
[61.039s][info][gc,start       ] GC(310) Pause Young (Allocation Failure)
[61.172s][info][gc,heap        ] GC(310) PSYoungGen: 174592K(473088K)->175008K(478208K) Eden: 174592K(174592K)->0K(189440K) From: 0K(298496K)->175008K(288768K)
[61.172s][info][gc,heap        ] GC(310) ParOldGen: 9079308K(10102784K)->9079308K(10102784K)
[61.172s][info][gc,metaspace   ] GC(310) Metaspace: 6299K(6464K)->6299K(6464K) NonClass: 5765K(5824K)->5765K(5824K) Class: 533K(640K)->533K(640K)
[61.172s][info][gc             ] GC(310) Pause Young (Allocation Failure) 9037M->9037M(10333M) 133.029ms
[61.172s][info][gc,cpu         ] GC(310) User=0.58s Sys=0.00s Real=0.13s
[61.377s][info][gc,start       ] GC(311) Pause Young (Allocation Failure)
[61.573s][info][gc,heap        ] GC(311) PSYoungGen: 364448K(478208K)->295424K(484864K) Eden: 189440K(189440K)->0K(189440K) From: 175008K(288768K)->295424K(295424K)
[61.573s][info][gc,heap        ] GC(311) ParOldGen: 9079308K(10102784K)->9149124K(10102784K)
[61.573s][info][gc,metaspace   ] GC(311) Metaspace: 6299K(6464K)->6299K(6464K) NonClass: 5765K(5824K)->5765K(5824K) Class: 533K(640K)->533K(640K)
[61.573s][info][gc             ] GC(311) Pause Young (Allocation Failure) 9222M->9223M(10339M) 196.109ms
[61.573s][info][gc,cpu         ] GC(311) User=1.36s Sys=0.05s Real=0.20s
[61.778s][info][gc,start       ] GC(312) Pause Young (Allocation Failure)
[62.078s][info][gc,heap        ] GC(312) PSYoungGen: 484864K(484864K)->189920K(548352K) Eden: 189440K(189440K)->0K(207360K) From: 295424K(295424K)->189920K(340992K)
[62.078s][info][gc,heap        ] GC(312) ParOldGen: 9149124K(10102784K)->9446628K(10102784K)
[62.078s][info][gc,metaspace   ] GC(312) Metaspace: 6299K(6464K)->6299K(6464K) NonClass: 5765K(5824K)->5765K(5824K) Class: 533K(640K)->533K(640K)
[62.078s][info][gc             ] GC(312) Pause Young (Allocation Failure) 9408M->9410M(10401M) 300.232ms
[62.078s][info][gc,cpu         ] GC(312) User=1.44s Sys=0.20s Real=0.30s
[62.291s][info][gc,start       ] GC(313) Pause Young (Allocation Failure)
[62.510s][info][gc,heap        ] GC(313) PSYoungGen: 397280K(548352K)->350720K(558080K) Eden: 207360K(207360K)->0K(207360K) From: 189920K(340992K)->350720K(350720K)
[62.510s][info][gc,heap        ] GC(313) ParOldGen: 9446628K(10102784K)->9493884K(10102784K)
[62.510s][info][gc,metaspace   ] GC(313) Metaspace: 6299K(6464K)->6299K(6464K) NonClass: 5765K(5824K)->5765K(5824K) Class: 533K(640K)->533K(640K)
[62.510s][info][gc             ] GC(313) Pause Young (Allocation Failure) 9613M->9613M(10411M) 219.786ms
[62.510s][info][gc,cpu         ] GC(313) User=1.55s Sys=0.00s Real=0.22s
[62.731s][info][gc,start       ] GC(314) Pause Young (Allocation Failure)
[63.091s][info][gc,heap        ] GC(314) PSYoungGen: 558080K(558080K)->207968K(613888K) Eden: 207360K(207360K)->0K(228864K) From: 350720K(350720K)->207968K(385024K)
[63.091s][info][gc,heap        ] GC(314) ParOldGen: 9493884K(10102784K)->9847076K(10102784K)
[63.091s][info][gc,metaspace   ] GC(314) Metaspace: 6299K(6464K)->6299K(6464K) NonClass: 5765K(5824K)->5765K(5824K) Class: 533K(640K)->533K(640K)
[63.091s][info][gc             ] GC(314) Pause Young (Allocation Failure) 9816M->9819M(10465M) 360.580ms
[63.091s][info][gc,cpu         ] GC(314) User=1.73s Sys=0.38s Real=0.36s
[63.091s][info][gc,start       ] GC(315) Pause Full (Ergonomics)
[63.091s][info][gc,phases,start] GC(315) Marking Phase
[65.492s][info][gc,phases      ] GC(315) Marking Phase 2400.137ms
[65.492s][info][gc,phases,start] GC(315) Summary Phase
[65.492s][info][gc,phases      ] GC(315) Summary Phase 0.162ms
[65.492s][info][gc,phases,start] GC(315) Adjust Roots
[65.492s][info][gc,phases      ] GC(315) Adjust Roots 0.212ms
[65.492s][info][gc,phases,start] GC(315) Compaction Phase
[66.461s][info][gc,phases      ] GC(315) Compaction Phase 968.418ms
[66.461s][info][gc,phases,start] GC(315) Post Compact
[66.480s][info][gc,phases      ] GC(315) Post Compact 19.109ms
[66.482s][info][gc,heap        ] GC(315) PSYoungGen: 207968K(613888K)->0K(629248K) Eden: 0K(228864K)->0K(228864K) From: 207968K(385024K)->0K(400384K)
[66.482s][info][gc,heap        ] GC(315) ParOldGen: 9847076K(10102784K)->10047348K(10786304K)
[66.482s][info][gc,metaspace   ] GC(315) Metaspace: 6299K(6464K)->6299K(6464K) NonClass: 5765K(5824K)->5765K(5824K) Class: 533K(640K)->533K(640K)
[66.482s][info][gc             ] GC(315) Pause Full (Ergonomics) 9819M->9811M(11148M) 3390.580ms
[66.482s][info][gc,cpu         ] GC(315) User=24.64s Sys=0.11s Real=3.39s
[66.732s][info][gc,start       ] GC(316) Pause Young (Allocation Failure)
[66.871s][info][gc,heap        ] GC(316) PSYoungGen: 228864K(629248K)->229472K(629248K) Eden: 228864K(228864K)->0K(247808K) From: 0K(400384K)->229472K(381440K)
[66.871s][info][gc,heap        ] GC(316) ParOldGen: 10047348K(10786304K)->10047348K(10786304K)
[66.871s][info][gc,metaspace   ] GC(316) Metaspace: 6299K(6464K)->6299K(6464K) NonClass: 5765K(5824K)->5765K(5824K) Class: 533K(640K)->533K(640K)
[66.871s][info][gc             ] GC(316) Pause Young (Allocation Failure) 10035M->10035M(11148M) 139.288ms
[66.871s][info][gc,cpu         ] GC(316) User=0.77s Sys=0.00s Real=0.14s
[67.148s][info][gc,start       ] GC(317) Pause Young (Allocation Failure)
[67.429s][info][gc,heap        ] GC(317) PSYoungGen: 477280K(629248K)->393216K(641024K) Eden: 247808K(247808K)->0K(247808K) From: 229472K(381440K)->393216K(393216K)
[67.429s][info][gc,heap        ] GC(317) ParOldGen: 10047348K(10786304K)->10132372K(10786304K)
[67.429s][info][gc,metaspace   ] GC(317) Metaspace: 6299K(6464K)->6299K(6464K) NonClass: 5765K(5824K)->5765K(5824K) Class: 533K(640K)->533K(640K)
[67.429s][info][gc             ] GC(317) Pause Young (Allocation Failure) 10277M->10278M(11159M) 280.978ms
[67.429s][info][gc,cpu         ] GC(317) User=2.00s Sys=0.02s Real=0.28s
[67.715s][info][gc,start       ] GC(318) Pause Young (Allocation Failure)
[68.141s][info][gc,heap        ] GC(318) PSYoungGen: 641024K(641024K)->248512K(717312K) Eden: 247808K(247808K)->0K(271360K) From: 393216K(393216K)->248512K(445952K)
[68.141s][info][gc,heap        ] GC(318) ParOldGen: 10132372K(10786304K)->10528388K(10786304K)
[68.141s][info][gc,metaspace   ] GC(318) Metaspace: 6299K(6464K)->6299K(6464K) NonClass: 5765K(5824K)->5765K(5824K) Class: 533K(640K)->533K(640K)
[68.141s][info][gc             ] GC(318) Pause Young (Allocation Failure) 10520M->10524M(11234M) 426.069ms
[68.141s][info][gc,cpu         ] GC(318) User=2.12s Sys=0.44s Real=0.43s
[68.141s][info][gc,start       ] GC(319) Pause Full (Ergonomics)
[68.141s][info][gc,phases,start] GC(319) Marking Phase
[70.736s][info][gc,phases      ] GC(319) Marking Phase 2594.593ms
[70.736s][info][gc,phases,start] GC(319) Summary Phase
[70.736s][info][gc,phases      ] GC(319) Summary Phase 0.227ms
[70.736s][info][gc,phases,start] GC(319) Adjust Roots
[70.736s][info][gc,phases      ] GC(319) Adjust Roots 0.256ms
[70.736s][info][gc,phases,start] GC(319) Compaction Phase
[71.753s][info][gc,phases      ] GC(319) Compaction Phase 1016.696ms
[71.753s][info][gc,phases,start] GC(319) Post Compact
[71.772s][info][gc,phases      ] GC(319) Post Compact 19.200ms
[71.772s][info][gc,heap        ] GC(319) PSYoungGen: 248512K(717312K)->0K(732160K) Eden: 0K(271360K)->0K(271360K) From: 248512K(445952K)->0K(460800K)
[71.772s][info][gc,heap        ] GC(319) ParOldGen: 10528388K(10786304K)->10771728K(10786304K)
[71.772s][info][gc,metaspace   ] GC(319) Metaspace: 6299K(6464K)->6299K(6464K) NonClass: 5765K(5824K)->5765K(5824K) Class: 533K(640K)->533K(640K)
[71.772s][info][gc             ] GC(319) Pause Full (Ergonomics) 10524M->10519M(11248M) 3631.469ms
[71.772s][info][gc,cpu         ] GC(319) User=26.12s Sys=0.27s Real=3.63s
[72.088s][info][gc,start       ] GC(320) Pause Full (Ergonomics)
[72.088s][info][gc,phases,start] GC(320) Marking Phase
[74.733s][info][gc,phases      ] GC(320) Marking Phase 2645.557ms
[74.733s][info][gc,phases,start] GC(320) Summary Phase
[74.733s][info][gc,phases      ] GC(320) Summary Phase 0.121ms
[74.733s][info][gc,phases,start] GC(320) Adjust Roots
[74.734s][info][gc,phases      ] GC(320) Adjust Roots 0.195ms
[74.734s][info][gc,phases,start] GC(320) Compaction Phase
[75.589s][info][gc,phases      ] GC(320) Compaction Phase 855.226ms
[75.589s][info][gc,phases,start] GC(320) Post Compact
[75.605s][info][gc,phases      ] GC(320) Post Compact 15.830ms
[75.605s][info][gc,heap        ] GC(320) PSYoungGen: 271360K(732160K)->256992K(732160K) Eden: 271360K(271360K)->256992K(271360K) From: 0K(460800K)->0K(460800K)
[75.605s][info][gc,heap        ] GC(320) ParOldGen: 10771728K(10786304K)->10786063K(10786304K)
[75.605s][info][gc,metaspace   ] GC(320) Metaspace: 6299K(6464K)->6299K(6464K) NonClass: 5765K(5824K)->5765K(5824K) Class: 533K(640K)->533K(640K)
[75.605s][info][gc             ] GC(320) Pause Full (Ergonomics) 10784M->10784M(11248M) 3517.340ms
[75.605s][info][gc,cpu         ] GC(320) User=25.80s Sys=0.05s Real=3.52s
[75.626s][info][gc,start       ] GC(321) Pause Full (Ergonomics)
[75.626s][info][gc,phases,start] GC(321) Marking Phase
[78.188s][info][gc,phases      ] GC(321) Marking Phase 2561.612ms
[78.188s][info][gc,phases,start] GC(321) Summary Phase
[78.188s][info][gc,phases      ] GC(321) Summary Phase 0.219ms
[78.188s][info][gc,phases,start] GC(321) Adjust Roots
[78.189s][info][gc,phases      ] GC(321) Adjust Roots 0.326ms
[78.189s][info][gc,phases,start] GC(321) Compaction Phase
[78.971s][info][gc,phases      ] GC(321) Compaction Phase 781.958ms
[78.971s][info][gc,phases,start] GC(321) Post Compact
[78.985s][info][gc,phases      ] GC(321) Post Compact 13.970ms
[78.985s][info][gc,heap        ] GC(321) PSYoungGen: 271360K(732160K)->271358K(732160K) Eden: 271360K(271360K)->271358K(271360K) From: 0K(460800K)->0K(460800K)
[78.985s][info][gc,heap        ] GC(321) ParOldGen: 10786063K(10786304K)->10786063K(10786304K)
[78.985s][info][gc,metaspace   ] GC(321) Metaspace: 6299K(6464K)->6299K(6464K) NonClass: 5765K(5824K)->5765K(5824K) Class: 533K(640K)->533K(640K)
[78.985s][info][gc             ] GC(321) Pause Full (Ergonomics) 10798M->10798M(11248M) 3358.521ms
[78.985s][info][gc,cpu         ] GC(321) User=25.61s Sys=0.05s Real=3.36s
[78.985s][info][gc,start       ] GC(322) Pause Full (Ergonomics)
[78.985s][info][gc,phases,start] GC(322) Marking Phase
[81.486s][info][gc,phases      ] GC(322) Marking Phase 2501.251ms
[81.486s][info][gc,phases,start] GC(322) Summary Phase
[81.486s][info][gc,phases      ] GC(322) Summary Phase 0.128ms
[81.486s][info][gc,phases,start] GC(322) Adjust Roots
[81.487s][info][gc,phases      ] GC(322) Adjust Roots 0.182ms
[81.487s][info][gc,phases,start] GC(322) Compaction Phase
[82.242s][info][gc,phases      ] GC(322) Compaction Phase 755.579ms
[82.242s][info][gc,phases,start] GC(322) Post Compact
[82.259s][info][gc,phases      ] GC(322) Post Compact 16.704ms
[82.259s][info][gc,heap        ] GC(322) PSYoungGen: 271359K(732160K)->271359K(732160K) Eden: 271359K(271360K)->271359K(271360K) From: 0K(460800K)->0K(460800K)
[82.259s][info][gc,heap        ] GC(322) ParOldGen: 10786063K(10786304K)->10786063K(10786304K)
[82.259s][info][gc,metaspace   ] GC(322) Metaspace: 6299K(6464K)->6299K(6464K) NonClass: 5765K(5824K)->5765K(5824K) Class: 533K(640K)->533K(640K)
[82.259s][info][gc             ] GC(322) Pause Full (Ergonomics) 10798M->10798M(11248M) 3274.225ms
[82.259s][info][gc,cpu         ] GC(322) User=25.52s Sys=0.00s Real=3.27s
[82.259s][info][gc,start       ] GC(323) Pause Full (Ergonomics)
[82.259s][info][gc,phases,start] GC(323) Marking Phase
[84.755s][info][gc,phases      ] GC(323) Marking Phase 2495.840ms
[84.755s][info][gc,phases,start] GC(323) Summary Phase
[84.755s][info][gc,phases      ] GC(323) Summary Phase 0.120ms
[84.755s][info][gc,phases,start] GC(323) Adjust Roots
[84.756s][info][gc,phases      ] GC(323) Adjust Roots 0.167ms
[84.756s][info][gc,phases,start] GC(323) Compaction Phase
[85.517s][info][gc,phases      ] GC(323) Compaction Phase 761.200ms
[85.517s][info][gc,phases,start] GC(323) Post Compact
[85.531s][info][gc,phases      ] GC(323) Post Compact 14.349ms
[85.531s][info][gc,heap        ] GC(323) PSYoungGen: 271359K(732160K)->271359K(732160K) Eden: 271359K(271360K)->271359K(271360K) From: 0K(460800K)->0K(460800K)
[85.531s][info][gc,heap        ] GC(323) ParOldGen: 10786068K(10786304K)->10786068K(10786304K)
[85.531s][info][gc,metaspace   ] GC(323) Metaspace: 6299K(6464K)->6299K(6464K) NonClass: 5765K(5824K)->5765K(5824K) Class: 533K(640K)->533K(640K)
[85.531s][info][gc             ] GC(323) Pause Full (Ergonomics) 10798M->10798M(11248M) 3272.021ms
[85.531s][info][gc,cpu         ] GC(323) User=25.62s Sys=0.02s Real=3.27s
[85.532s][info][gc,start       ] GC(324) Pause Full (Ergonomics)
[85.532s][info][gc,phases,start] GC(324) Marking Phase
[88.084s][info][gc,phases      ] GC(324) Marking Phase 2552.282ms
[88.084s][info][gc,phases,start] GC(324) Summary Phase
[88.084s][info][gc,phases      ] GC(324) Summary Phase 0.167ms
[88.084s][info][gc,phases,start] GC(324) Adjust Roots
[88.085s][info][gc,phases      ] GC(324) Adjust Roots 0.316ms
[88.085s][info][gc,phases,start] GC(324) Compaction Phase
[88.857s][info][gc,phases      ] GC(324) Compaction Phase 772.536ms
[88.857s][info][gc,phases,start] GC(324) Post Compact
[88.872s][info][gc,phases      ] GC(324) Post Compact 14.898ms
[88.872s][info][gc,heap        ] GC(324) PSYoungGen: 271359K(732160K)->271359K(732160K) Eden: 271359K(271360K)->271359K(271360K) From: 0K(460800K)->0K(460800K)
[88.872s][info][gc,heap        ] GC(324) ParOldGen: 10786073K(10786304K)->10786073K(10786304K)
[88.872s][info][gc,metaspace   ] GC(324) Metaspace: 6299K(6464K)->6299K(6464K) NonClass: 5765K(5824K)->5765K(5824K) Class: 533K(640K)->533K(640K)
[88.872s][info][gc             ] GC(324) Pause Full (Ergonomics) 10798M->10798M(11248M) 3340.617ms
[88.872s][info][gc,cpu         ] GC(324) User=26.03s Sys=0.02s Real=3.34s
[88.872s][info][gc,start       ] GC(325) Pause Full (Ergonomics)
[88.872s][info][gc,phases,start] GC(325) Marking Phase
[91.419s][info][gc,phases      ] GC(325) Marking Phase 2546.369ms
[91.419s][info][gc,phases,start] GC(325) Summary Phase
[91.419s][info][gc,phases      ] GC(325) Summary Phase 0.100ms
[91.419s][info][gc,phases,start] GC(325) Adjust Roots
[91.419s][info][gc,phases      ] GC(325) Adjust Roots 0.162ms
[91.419s][info][gc,phases,start] GC(325) Compaction Phase
[92.198s][info][gc,phases      ] GC(325) Compaction Phase 778.449ms
[92.198s][info][gc,phases,start] GC(325) Post Compact
[92.213s][info][gc,phases      ] GC(325) Post Compact 15.050ms
[92.213s][info][gc,heap        ] GC(325) PSYoungGen: 271359K(732160K)->271359K(732160K) Eden: 271359K(271360K)->271359K(271360K) From: 0K(460800K)->0K(460800K)
[92.213s][info][gc,heap        ] GC(325) ParOldGen: 10786078K(10786304K)->10786078K(10786304K)
[92.213s][info][gc,metaspace   ] GC(325) Metaspace: 6299K(6464K)->6299K(6464K) NonClass: 5765K(5824K)->5765K(5824K) Class: 533K(640K)->533K(640K)
[92.213s][info][gc             ] GC(325) Pause Full (Ergonomics) 10798M->10798M(11248M) 3340.495ms
[92.213s][info][gc,cpu         ] GC(325) User=25.95s Sys=0.00s Real=3.34s
[92.213s][info][gc,start       ] GC(326) Pause Full (Ergonomics)
[92.213s][info][gc,phases,start] GC(326) Marking Phase
[94.737s][info][gc,phases      ] GC(326) Marking Phase 2524.247ms
[94.738s][info][gc,phases,start] GC(326) Summary Phase
[94.738s][info][gc,phases      ] GC(326) Summary Phase 0.118ms
[94.738s][info][gc,phases,start] GC(326) Adjust Roots
[94.738s][info][gc,phases      ] GC(326) Adjust Roots 0.171ms
[94.738s][info][gc,phases,start] GC(326) Compaction Phase
[95.532s][info][gc,phases      ] GC(326) Compaction Phase 794.379ms
[95.532s][info][gc,phases,start] GC(326) Post Compact
[95.548s][info][gc,phases      ] GC(326) Post Compact 15.767ms
[95.548s][info][gc,heap        ] GC(326) PSYoungGen: 271359K(732160K)->271359K(732160K) Eden: 271359K(271360K)->271359K(271360K) From: 0K(460800K)->0K(460800K)
[95.548s][info][gc,heap        ] GC(326) ParOldGen: 10786082K(10786304K)->10786082K(10786304K)
[95.548s][info][gc,metaspace   ] GC(326) Metaspace: 6299K(6464K)->6299K(6464K) NonClass: 5765K(5824K)->5765K(5824K) Class: 533K(640K)->533K(640K)
[95.548s][info][gc             ] GC(326) Pause Full (Ergonomics) 10798M->10798M(11248M) 3335.046ms
[95.548s][info][gc,cpu         ] GC(326) User=25.73s Sys=0.00s Real=3.34s
[95.548s][info][gc,start       ] GC(327) Pause Full (Ergonomics)
[95.549s][info][gc,phases,start] GC(327) Marking Phase
[98.066s][info][gc,phases      ] GC(327) Marking Phase 2517.572ms
[98.066s][info][gc,phases,start] GC(327) Summary Phase
[98.066s][info][gc,phases      ] GC(327) Summary Phase 0.101ms
[98.066s][info][gc,phases,start] GC(327) Adjust Roots
[98.066s][info][gc,phases      ] GC(327) Adjust Roots 0.164ms
[98.066s][info][gc,phases,start] GC(327) Compaction Phase
[98.836s][info][gc,phases      ] GC(327) Compaction Phase 769.802ms
[98.836s][info][gc,phases,start] GC(327) Post Compact
[98.851s][info][gc,phases      ] GC(327) Post Compact 15.059ms
[98.851s][info][gc,heap        ] GC(327) PSYoungGen: 271359K(732160K)->271359K(732160K) Eden: 271359K(271360K)->271359K(271360K) From: 0K(460800K)->0K(460800K)
[98.852s][info][gc,heap        ] GC(327) ParOldGen: 10786087K(10786304K)->10786087K(10786304K)
[98.852s][info][gc,metaspace   ] GC(327) Metaspace: 6299K(6464K)->6299K(6464K) NonClass: 5765K(5824K)->5765K(5824K) Class: 533K(640K)->533K(640K)
[98.852s][info][gc             ] GC(327) Pause Full (Ergonomics) 10798M->10798M(11248M) 3303.091ms
[98.852s][info][gc,cpu         ] GC(327) User=25.72s Sys=0.00s Real=3.30s
[98.852s][info][gc,start       ] GC(328) Pause Full (Ergonomics)
[98.852s][info][gc,phases,start] GC(328) Marking Phase
[101.391s][info][gc,phases      ] GC(328) Marking Phase 2538.868ms
[101.391s][info][gc,phases,start] GC(328) Summary Phase
[101.391s][info][gc,phases      ] GC(328) Summary Phase 0.101ms
[101.391s][info][gc,phases,start] GC(328) Adjust Roots
[101.391s][info][gc,phases      ] GC(328) Adjust Roots 0.164ms
[101.391s][info][gc,phases,start] GC(328) Compaction Phase
[102.161s][info][gc,phases      ] GC(328) Compaction Phase 769.598ms
[102.161s][info][gc,phases,start] GC(328) Post Compact
[102.176s][info][gc,phases      ] GC(328) Post Compact 15.340ms
[102.176s][info][gc,heap        ] GC(328) PSYoungGen: 271359K(732160K)->271359K(732160K) Eden: 271359K(271360K)->271359K(271360K) From: 0K(460800K)->0K(460800K)
[102.176s][info][gc,heap        ] GC(328) ParOldGen: 10786092K(10786304K)->10786092K(10786304K)
[102.176s][info][gc,metaspace   ] GC(328) Metaspace: 6299K(6464K)->6299K(6464K) NonClass: 5765K(5824K)->5765K(5824K) Class: 533K(640K)->533K(640K)
[102.176s][info][gc             ] GC(328) Pause Full (Ergonomics) 10798M->10798M(11248M) 3324.448ms
[102.176s][info][gc,cpu         ] GC(328) User=25.92s Sys=0.00s Real=3.33s
[102.176s][info][gc,start       ] GC(329) Pause Full (Ergonomics)
[102.176s][info][gc,phases,start] GC(329) Marking Phase
[104.702s][info][gc,phases      ] GC(329) Marking Phase 2525.157ms
[104.702s][info][gc,phases,start] GC(329) Summary Phase
[104.702s][info][gc,phases      ] GC(329) Summary Phase 0.100ms
[104.702s][info][gc,phases,start] GC(329) Adjust Roots
[104.702s][info][gc,phases      ] GC(329) Adjust Roots 0.168ms
[104.702s][info][gc,phases,start] GC(329) Compaction Phase
[105.481s][info][gc,phases      ] GC(329) Compaction Phase 779.103ms
[105.481s][info][gc,phases,start] GC(329) Post Compact
[105.496s][info][gc,phases      ] GC(329) Post Compact 14.410ms
[105.496s][info][gc,heap        ] GC(329) PSYoungGen: 271359K(732160K)->271359K(732160K) Eden: 271359K(271360K)->271359K(271360K) From: 0K(460800K)->0K(460800K)
[105.496s][info][gc,heap        ] GC(329) ParOldGen: 10786097K(10786304K)->10786097K(10786304K)
[105.496s][info][gc,metaspace   ] GC(329) Metaspace: 6299K(6464K)->6299K(6464K) NonClass: 5765K(5824K)->5765K(5824K) Class: 533K(640K)->533K(640K)
[105.496s][info][gc             ] GC(329) Pause Full (Ergonomics) 10798M->10798M(11248M) 3319.303ms
[105.496s][info][gc,cpu         ] GC(329) User=25.69s Sys=0.02s Real=3.32s
[105.496s][info][gc,start       ] GC(330) Pause Full (Ergonomics)
[105.496s][info][gc,phases,start] GC(330) Marking Phase
[107.997s][info][gc,phases      ] GC(330) Marking Phase 2501.163ms
[107.997s][info][gc,phases,start] GC(330) Summary Phase
[107.997s][info][gc,phases      ] GC(330) Summary Phase 0.100ms
[107.997s][info][gc,phases,start] GC(330) Adjust Roots
[107.998s][info][gc,phases      ] GC(330) Adjust Roots 0.197ms
[107.998s][info][gc,phases,start] GC(330) Compaction Phase
[108.759s][info][gc,phases      ] GC(330) Compaction Phase 761.517ms
[108.759s][info][gc,phases,start] GC(330) Post Compact
[108.773s][info][gc,phases      ] GC(330) Post Compact 13.886ms
[108.773s][info][gc,heap        ] GC(330) PSYoungGen: 271359K(732160K)->271359K(732160K) Eden: 271359K(271360K)->271359K(271360K) From: 0K(460800K)->0K(460800K)
[108.773s][info][gc,heap        ] GC(330) ParOldGen: 10786102K(10786304K)->10786102K(10786304K)
[108.773s][info][gc,metaspace   ] GC(330) Metaspace: 6299K(6464K)->6299K(6464K) NonClass: 5765K(5824K)->5765K(5824K) Class: 533K(640K)->533K(640K)
[108.773s][info][gc             ] GC(330) Pause Full (Ergonomics) 10798M->10798M(11248M) 3277.194ms
[108.773s][info][gc,cpu         ] GC(330) User=25.56s Sys=0.00s Real=3.28s
[108.773s][info][gc,start       ] GC(331) Pause Full (Ergonomics)
[108.773s][info][gc,phases,start] GC(331) Marking Phase
[111.310s][info][gc,phases      ] GC(331) Marking Phase 2536.411ms
[111.310s][info][gc,phases,start] GC(331) Summary Phase
[111.310s][info][gc,phases      ] GC(331) Summary Phase 0.132ms
[111.310s][info][gc,phases,start] GC(331) Adjust Roots
[111.310s][info][gc,phases      ] GC(331) Adjust Roots 0.347ms
[111.310s][info][gc,phases,start] GC(331) Compaction Phase
[112.071s][info][gc,phases      ] GC(331) Compaction Phase 760.111ms
[112.071s][info][gc,phases,start] GC(331) Post Compact
[112.087s][info][gc,phases      ] GC(331) Post Compact 16.131ms
[112.087s][info][gc,heap        ] GC(331) PSYoungGen: 271359K(732160K)->271359K(732160K) Eden: 271359K(271360K)->271359K(271360K) From: 0K(460800K)->0K(460800K)
[112.087s][info][gc,heap        ] GC(331) ParOldGen: 10786107K(10786304K)->10786107K(10786304K)
[112.087s][info][gc,metaspace   ] GC(331) Metaspace: 6299K(6464K)->6299K(6464K) NonClass: 5765K(5824K)->5765K(5824K) Class: 533K(640K)->533K(640K)
[112.087s][info][gc             ] GC(331) Pause Full (Ergonomics) 10798M->10798M(11248M) 3313.539ms
[112.087s][info][gc,cpu         ] GC(331) User=25.92s Sys=0.02s Real=3.31s
[112.087s][info][gc,start       ] GC(332) Pause Full (Ergonomics)
[112.087s][info][gc,phases,start] GC(332) Marking Phase
[114.575s][info][gc,phases      ] GC(332) Marking Phase 2487.334ms
[114.575s][info][gc,phases,start] GC(332) Summary Phase
[114.575s][info][gc,phases      ] GC(332) Summary Phase 0.120ms
[114.575s][info][gc,phases,start] GC(332) Adjust Roots
[114.575s][info][gc,phases      ] GC(332) Adjust Roots 0.286ms
[114.575s][info][gc,phases,start] GC(332) Compaction Phase
[115.342s][info][gc,phases      ] GC(332) Compaction Phase 767.108ms
[115.342s][info][gc,phases,start] GC(332) Post Compact
[115.359s][info][gc,phases      ] GC(332) Post Compact 16.442ms
[115.359s][info][gc,heap        ] GC(332) PSYoungGen: 271359K(732160K)->271359K(732160K) Eden: 271359K(271360K)->271359K(271360K) From: 0K(460800K)->0K(460800K)
[115.359s][info][gc,heap        ] GC(332) ParOldGen: 10786111K(10786304K)->10786111K(10786304K)
[115.359s][info][gc,metaspace   ] GC(332) Metaspace: 6299K(6464K)->6299K(6464K) NonClass: 5765K(5824K)->5765K(5824K) Class: 533K(640K)->533K(640K)
[115.359s][info][gc             ] GC(332) Pause Full (Ergonomics) 10798M->10798M(11248M) 3271.656ms
[115.359s][info][gc,cpu         ] GC(332) User=25.34s Sys=0.00s Real=3.27s
[115.359s][info][gc,start       ] GC(333) Pause Full (Ergonomics)
[115.359s][info][gc,phases,start] GC(333) Marking Phase
[117.897s][info][gc,phases      ] GC(333) Marking Phase 2538.417ms
[117.897s][info][gc,phases,start] GC(333) Summary Phase
[117.898s][info][gc,phases      ] GC(333) Summary Phase 0.120ms
[117.898s][info][gc,phases,start] GC(333) Adjust Roots
[117.898s][info][gc,phases      ] GC(333) Adjust Roots 0.242ms
[117.898s][info][gc,phases,start] GC(333) Compaction Phase
[118.657s][info][gc,phases      ] GC(333) Compaction Phase 759.296ms
[118.657s][info][gc,phases,start] GC(333) Post Compact
[118.673s][info][gc,phases      ] GC(333) Post Compact 15.302ms
[118.673s][info][gc,heap        ] GC(333) PSYoungGen: 271359K(732160K)->271359K(732160K) Eden: 271359K(271360K)->271359K(271360K) From: 0K(460800K)->0K(460800K)
[118.673s][info][gc,heap        ] GC(333) ParOldGen: 10786116K(10786304K)->10786116K(10786304K)
[118.673s][info][gc,metaspace   ] GC(333) Metaspace: 6299K(6464K)->6299K(6464K) NonClass: 5765K(5824K)->5765K(5824K) Class: 533K(640K)->533K(640K)
[118.673s][info][gc             ] GC(333) Pause Full (Ergonomics) 10798M->10798M(11248M) 3313.696ms
[118.673s][info][gc,cpu         ] GC(333) User=25.75s Sys=0.03s Real=3.31s
[118.673s][info][gc,start       ] GC(334) Pause Full (Ergonomics)
[118.673s][info][gc,phases,start] GC(334) Marking Phase
[121.172s][info][gc,phases      ] GC(334) Marking Phase 2499.449ms
[121.172s][info][gc,phases,start] GC(334) Summary Phase
[121.173s][info][gc,phases      ] GC(334) Summary Phase 0.156ms
[121.173s][info][gc,phases,start] GC(334) Adjust Roots
[121.173s][info][gc,phases      ] GC(334) Adjust Roots 0.258ms
[121.173s][info][gc,phases,start] GC(334) Compaction Phase
[121.938s][info][gc,phases      ] GC(334) Compaction Phase 764.773ms
[121.938s][info][gc,phases,start] GC(334) Post Compact
[121.953s][info][gc,phases      ] GC(334) Post Compact 15.073ms
[121.953s][info][gc,heap        ] GC(334) PSYoungGen: 271359K(732160K)->271359K(732160K) Eden: 271359K(271360K)->271359K(271360K) From: 0K(460800K)->0K(460800K)
[121.953s][info][gc,heap        ] GC(334) ParOldGen: 10786121K(10786304K)->10786121K(10786304K)
[121.953s][info][gc,metaspace   ] GC(334) Metaspace: 6299K(6464K)->6299K(6464K) NonClass: 5765K(5824K)->5765K(5824K) Class: 533K(640K)->533K(640K)
[121.953s][info][gc             ] GC(334) Pause Full (Ergonomics) 10798M->10798M(11248M) 3280.081ms
[121.953s][info][gc,cpu         ] GC(334) User=25.44s Sys=0.00s Real=3.28s
[121.953s][info][gc,start       ] GC(335) Pause Full (Ergonomics)
[121.953s][info][gc,phases,start] GC(335) Marking Phase
[124.477s][info][gc,phases      ] GC(335) Marking Phase 2523.460ms
[124.477s][info][gc,phases,start] GC(335) Summary Phase
[124.477s][info][gc,phases      ] GC(335) Summary Phase 0.140ms
[124.477s][info][gc,phases,start] GC(335) Adjust Roots
[124.477s][info][gc,phases      ] GC(335) Adjust Roots 0.246ms
[124.477s][info][gc,phases,start] GC(335) Compaction Phase
[125.239s][info][gc,phases      ] GC(335) Compaction Phase 761.864ms
[125.239s][info][gc,phases,start] GC(335) Post Compact
[125.253s][info][gc,phases      ] GC(335) Post Compact 14.050ms
[125.253s][info][gc,heap        ] GC(335) PSYoungGen: 271359K(732160K)->271359K(732160K) Eden: 271359K(271360K)->271359K(271360K) From: 0K(460800K)->0K(460800K)
[125.253s][info][gc,heap        ] GC(335) ParOldGen: 10786126K(10786304K)->10786126K(10786304K)
[125.253s][info][gc,metaspace   ] GC(335) Metaspace: 6299K(6464K)->6299K(6464K) NonClass: 5765K(5824K)->5765K(5824K) Class: 533K(640K)->533K(640K)
[125.253s][info][gc             ] GC(335) Pause Full (Ergonomics) 10798M->10798M(11248M) 3300.150ms
[125.253s][info][gc,cpu         ] GC(335) User=25.50s Sys=0.00s Real=3.30s
[125.254s][info][gc,start       ] GC(336) Pause Full (Ergonomics)
[125.254s][info][gc,phases,start] GC(336) Marking Phase
[127.720s][info][gc,phases      ] GC(336) Marking Phase 2466.492ms
[127.720s][info][gc,phases,start] GC(336) Summary Phase
[127.720s][info][gc,phases      ] GC(336) Summary Phase 0.137ms
[127.720s][info][gc,phases,start] GC(336) Adjust Roots
[127.721s][info][gc,phases      ] GC(336) Adjust Roots 0.242ms
[127.721s][info][gc,phases,start] GC(336) Compaction Phase
[128.480s][info][gc,phases      ] GC(336) Compaction Phase 759.719ms
[128.480s][info][gc,phases,start] GC(336) Post Compact
[128.495s][info][gc,phases      ] GC(336) Post Compact 14.322ms
[128.495s][info][gc,heap        ] GC(336) PSYoungGen: 271359K(732160K)->271359K(732160K) Eden: 271359K(271360K)->271359K(271360K) From: 0K(460800K)->0K(460800K)
[128.495s][info][gc,heap        ] GC(336) ParOldGen: 10786131K(10786304K)->10786131K(10786304K)
[128.495s][info][gc,metaspace   ] GC(336) Metaspace: 6299K(6464K)->6299K(6464K) NonClass: 5765K(5824K)->5765K(5824K) Class: 533K(640K)->533K(640K)
[128.495s][info][gc             ] GC(336) Pause Full (Ergonomics) 10798M->10798M(11248M) 3241.272ms
[128.495s][info][gc,cpu         ] GC(336) User=25.17s Sys=0.00s Real=3.24s
[128.495s][info][gc,start       ] GC(337) Pause Full (Ergonomics)
[128.495s][info][gc,phases,start] GC(337) Marking Phase
[131.003s][info][gc,phases      ] GC(337) Marking Phase 2508.227ms
[131.003s][info][gc,phases,start] GC(337) Summary Phase
[131.004s][info][gc,phases      ] GC(337) Summary Phase 0.110ms
[131.004s][info][gc,phases,start] GC(337) Adjust Roots
[131.004s][info][gc,phases      ] GC(337) Adjust Roots 0.229ms
[131.004s][info][gc,phases,start] GC(337) Compaction Phase
[131.762s][info][gc,phases      ] GC(337) Compaction Phase 758.286ms
[131.762s][info][gc,phases,start] GC(337) Post Compact
[131.777s][info][gc,phases      ] GC(337) Post Compact 14.494ms
[131.777s][info][gc,heap        ] GC(337) PSYoungGen: 271359K(732160K)->271359K(732160K) Eden: 271359K(271360K)->271359K(271360K) From: 0K(460800K)->0K(460800K)
[131.777s][info][gc,heap        ] GC(337) ParOldGen: 10786136K(10786304K)->10786136K(10786304K)
[131.777s][info][gc,metaspace   ] GC(337) Metaspace: 6299K(6464K)->6299K(6464K) NonClass: 5765K(5824K)->5765K(5824K) Class: 533K(640K)->533K(640K)
[131.777s][info][gc             ] GC(337) Pause Full (Ergonomics) 10798M->10798M(11248M) 3281.682ms
[131.777s][info][gc,cpu         ] GC(337) User=25.33s Sys=0.02s Real=3.28s
[131.777s][info][gc,start       ] GC(338) Pause Full (Ergonomics)
[131.777s][info][gc,phases,start] GC(338) Marking Phase
[134.271s][info][gc,phases      ] GC(338) Marking Phase 2493.593ms
[134.271s][info][gc,phases,start] GC(338) Summary Phase
[134.271s][info][gc,phases      ] GC(338) Summary Phase 0.143ms
[134.271s][info][gc,phases,start] GC(338) Adjust Roots
[134.271s][info][gc,phases      ] GC(338) Adjust Roots 0.266ms
[134.271s][info][gc,phases,start] GC(338) Compaction Phase
[135.008s][info][gc,phases      ] GC(338) Compaction Phase 737.180ms
[135.008s][info][gc,phases,start] GC(338) Post Compact
[135.023s][info][gc,phases      ] GC(338) Post Compact 14.390ms
[135.023s][info][gc,heap        ] GC(338) PSYoungGen: 271359K(732160K)->271359K(732160K) Eden: 271359K(271360K)->271359K(271360K) From: 0K(460800K)->0K(460800K)
[135.023s][info][gc,heap        ] GC(338) ParOldGen: 10786140K(10786304K)->10786140K(10786304K)
[135.023s][info][gc,metaspace   ] GC(338) Metaspace: 6299K(6464K)->6299K(6464K) NonClass: 5765K(5824K)->5765K(5824K) Class: 533K(640K)->533K(640K)
[135.023s][info][gc             ] GC(338) Pause Full (Ergonomics) 10798M->10798M(11248M) 3245.973ms
[135.023s][info][gc,cpu         ] GC(338) User=25.41s Sys=0.02s Real=3.25s
[135.023s][info][gc,start       ] GC(339) Pause Full (Ergonomics)
[135.023s][info][gc,phases,start] GC(339) Marking Phase
[137.527s][info][gc,phases      ] GC(339) Marking Phase 2503.926ms
[137.527s][info][gc,phases,start] GC(339) Summary Phase
[137.527s][info][gc,phases      ] GC(339) Summary Phase 0.105ms
[137.527s][info][gc,phases,start] GC(339) Adjust Roots
[137.528s][info][gc,phases      ] GC(339) Adjust Roots 0.222ms
[137.528s][info][gc,phases,start] GC(339) Compaction Phase
[138.252s][info][gc,phases      ] GC(339) Compaction Phase 724.626ms
[138.252s][info][gc,phases,start] GC(339) Post Compact
[138.267s][info][gc,phases      ] GC(339) Post Compact 14.802ms
[138.267s][info][gc,heap        ] GC(339) PSYoungGen: 271359K(732160K)->271359K(732160K) Eden: 271359K(271360K)->271359K(271360K) From: 0K(460800K)->0K(460800K)
[138.267s][info][gc,heap        ] GC(339) ParOldGen: 10786145K(10786304K)->10786145K(10786304K)
[138.267s][info][gc,metaspace   ] GC(339) Metaspace: 6299K(6464K)->6299K(6464K) NonClass: 5765K(5824K)->5765K(5824K) Class: 533K(640K)->533K(640K)
[138.267s][info][gc             ] GC(339) Pause Full (Ergonomics) 10798M->10798M(11248M) 3244.019ms
[138.267s][info][gc,cpu         ] GC(339) User=25.28s Sys=0.00s Real=3.24s
[138.267s][info][gc,start       ] GC(340) Pause Full (Ergonomics)
[138.267s][info][gc,phases,start] GC(340) Marking Phase
[140.797s][info][gc,phases      ] GC(340) Marking Phase 2529.215ms
[140.797s][info][gc,phases,start] GC(340) Summary Phase
[140.797s][info][gc,phases      ] GC(340) Summary Phase 0.111ms
[140.797s][info][gc,phases,start] GC(340) Adjust Roots
[140.797s][info][gc,phases      ] GC(340) Adjust Roots 0.178ms
[140.797s][info][gc,phases,start] GC(340) Compaction Phase
[141.520s][info][gc,phases      ] GC(340) Compaction Phase 722.506ms
[141.520s][info][gc,phases,start] GC(340) Post Compact
[141.534s][info][gc,phases      ] GC(340) Post Compact 13.861ms
[141.534s][info][gc,heap        ] GC(340) PSYoungGen: 271359K(732160K)->271359K(732160K) Eden: 271359K(271360K)->271359K(271360K) From: 0K(460800K)->0K(460800K)
[141.534s][info][gc,heap        ] GC(340) ParOldGen: 10786150K(10786304K)->10786150K(10786304K)
[141.534s][info][gc,metaspace   ] GC(340) Metaspace: 6299K(6464K)->6299K(6464K) NonClass: 5765K(5824K)->5765K(5824K) Class: 533K(640K)->533K(640K)
[141.534s][info][gc             ] GC(340) Pause Full (Ergonomics) 10798M->10798M(11248M) 3266.205ms
[141.534s][info][gc,cpu         ] GC(340) User=25.50s Sys=0.00s Real=3.27s
[141.534s][info][gc,start       ] GC(341) Pause Full (Ergonomics)
[141.534s][info][gc,phases,start] GC(341) Marking Phase
[144.030s][info][gc,phases      ] GC(341) Marking Phase 2496.018ms
[144.030s][info][gc,phases,start] GC(341) Summary Phase
[144.030s][info][gc,phases      ] GC(341) Summary Phase 0.102ms
[144.030s][info][gc,phases,start] GC(341) Adjust Roots
[144.030s][info][gc,phases      ] GC(341) Adjust Roots 0.162ms
[144.030s][info][gc,phases,start] GC(341) Compaction Phase
[144.762s][info][gc,phases      ] GC(341) Compaction Phase 731.423ms
[144.762s][info][gc,phases,start] GC(341) Post Compact
[144.776s][info][gc,phases      ] GC(341) Post Compact 14.110ms
[144.776s][info][gc,heap        ] GC(341) PSYoungGen: 271359K(732160K)->271359K(732160K) Eden: 271359K(271360K)->271359K(271360K) From: 0K(460800K)->0K(460800K)
[144.776s][info][gc,heap        ] GC(341) ParOldGen: 10786155K(10786304K)->10786155K(10786304K)
[144.776s][info][gc,metaspace   ] GC(341) Metaspace: 6299K(6464K)->6299K(6464K) NonClass: 5765K(5824K)->5765K(5824K) Class: 533K(640K)->533K(640K)
[144.776s][info][gc             ] GC(341) Pause Full (Ergonomics) 10798M->10798M(11248M) 3242.220ms
[144.776s][info][gc,cpu         ] GC(341) User=24.97s Sys=0.02s Real=3.24s
[144.776s][info][gc,start       ] GC(342) Pause Full (Ergonomics)
[144.776s][info][gc,phases,start] GC(342) Marking Phase
[147.275s][info][gc,phases      ] GC(342) Marking Phase 2498.779ms
[147.275s][info][gc,phases,start] GC(342) Summary Phase
[147.275s][info][gc,phases      ] GC(342) Summary Phase 0.112ms
[147.275s][info][gc,phases,start] GC(342) Adjust Roots
[147.276s][info][gc,phases      ] GC(342) Adjust Roots 0.209ms
[147.276s][info][gc,phases,start] GC(342) Compaction Phase
[147.994s][info][gc,phases      ] GC(342) Compaction Phase 718.354ms
[147.994s][info][gc,phases,start] GC(342) Post Compact
[148.008s][info][gc,phases      ] GC(342) Post Compact 14.013ms
[148.008s][info][gc,heap        ] GC(342) PSYoungGen: 271359K(732160K)->271359K(732160K) Eden: 271359K(271360K)->271359K(271360K) From: 0K(460800K)->0K(460800K)
[148.008s][info][gc,heap        ] GC(342) ParOldGen: 10786160K(10786304K)->10786160K(10786304K)
[148.008s][info][gc,metaspace   ] GC(342) Metaspace: 6299K(6464K)->6299K(6464K) NonClass: 5765K(5824K)->5765K(5824K) Class: 533K(640K)->533K(640K)
[148.008s][info][gc             ] GC(342) Pause Full (Ergonomics) 10798M->10798M(11248M) 3231.814ms
[148.008s][info][gc,cpu         ] GC(342) User=25.14s Sys=0.00s Real=3.23s
[148.008s][info][gc,start       ] GC(343) Pause Full (Ergonomics)
[148.008s][info][gc,phases,start] GC(343) Marking Phase
[150.515s][info][gc,phases      ] GC(343) Marking Phase 2506.476ms
[150.515s][info][gc,phases,start] GC(343) Summary Phase
[150.515s][info][gc,phases      ] GC(343) Summary Phase 0.101ms
[150.515s][info][gc,phases,start] GC(343) Adjust Roots
[150.515s][info][gc,phases      ] GC(343) Adjust Roots 0.170ms
[150.515s][info][gc,phases,start] GC(343) Compaction Phase
[151.236s][info][gc,phases      ] GC(343) Compaction Phase 720.254ms
[151.236s][info][gc,phases,start] GC(343) Post Compact
[151.250s][info][gc,phases      ] GC(343) Post Compact 14.455ms
[151.250s][info][gc,heap        ] GC(343) PSYoungGen: 271359K(732160K)->271359K(732160K) Eden: 271359K(271360K)->271359K(271360K) From: 0K(460800K)->0K(460800K)
[151.250s][info][gc,heap        ] GC(343) ParOldGen: 10786165K(10786304K)->10786165K(10786304K)
[151.250s][info][gc,metaspace   ] GC(343) Metaspace: 6299K(6464K)->6299K(6464K) NonClass: 5765K(5824K)->5765K(5824K) Class: 533K(640K)->533K(640K)
[151.250s][info][gc             ] GC(343) Pause Full (Ergonomics) 10798M->10798M(11248M) 3241.820ms
[151.250s][info][gc,cpu         ] GC(343) User=25.30s Sys=0.02s Real=3.24s
[151.250s][info][gc,start       ] GC(344) Pause Full (Ergonomics)
[151.250s][info][gc,phases,start] GC(344) Marking Phase
[153.750s][info][gc,phases      ] GC(344) Marking Phase 2499.155ms
[153.750s][info][gc,phases,start] GC(344) Summary Phase
[153.750s][info][gc,phases      ] GC(344) Summary Phase 0.135ms
[153.750s][info][gc,phases,start] GC(344) Adjust Roots
[153.750s][info][gc,phases      ] GC(344) Adjust Roots 0.216ms
[153.750s][info][gc,phases,start] GC(344) Compaction Phase
[154.465s][info][gc,phases      ] GC(344) Compaction Phase 715.342ms
[154.465s][info][gc,phases,start] GC(344) Post Compact
[154.480s][info][gc,phases      ] GC(344) Post Compact 14.197ms
[154.480s][info][gc,heap        ] GC(344) PSYoungGen: 271359K(732160K)->271359K(732160K) Eden: 271359K(271360K)->271359K(271360K) From: 0K(460800K)->0K(460800K)
[154.480s][info][gc,heap        ] GC(344) ParOldGen: 10786169K(10786304K)->10786169K(10786304K)
[154.480s][info][gc,metaspace   ] GC(344) Metaspace: 6299K(6464K)->6299K(6464K) NonClass: 5765K(5824K)->5765K(5824K) Class: 533K(640K)->533K(640K)
[154.480s][info][gc             ] GC(344) Pause Full (Ergonomics) 10798M->10798M(11248M) 3229.419ms
[154.480s][info][gc,cpu         ] GC(344) User=25.16s Sys=0.02s Real=3.23s
[154.480s][info][gc,start       ] GC(345) Pause Full (Ergonomics)
[154.480s][info][gc,phases,start] GC(345) Marking Phase
[156.980s][info][gc,phases      ] GC(345) Marking Phase 2499.921ms
[156.980s][info][gc,phases,start] GC(345) Summary Phase
[156.980s][info][gc,phases      ] GC(345) Summary Phase 0.108ms
[156.980s][info][gc,phases,start] GC(345) Adjust Roots
[156.980s][info][gc,phases      ] GC(345) Adjust Roots 0.194ms
[156.980s][info][gc,phases,start] GC(345) Compaction Phase
[157.685s][info][gc,phases      ] GC(345) Compaction Phase 704.517ms
[157.685s][info][gc,phases,start] GC(345) Post Compact
[157.699s][info][gc,phases      ] GC(345) Post Compact 14.150ms
[157.699s][info][gc,heap        ] GC(345) PSYoungGen: 271359K(732160K)->271359K(732160K) Eden: 271359K(271360K)->271359K(271360K) From: 0K(460800K)->0K(460800K)
[157.699s][info][gc,heap        ] GC(345) ParOldGen: 10786174K(10786304K)->10786174K(10786304K)
[157.699s][info][gc,metaspace   ] GC(345) Metaspace: 6299K(6464K)->6299K(6464K) NonClass: 5765K(5824K)->5765K(5824K) Class: 533K(640K)->533K(640K)
[157.699s][info][gc             ] GC(345) Pause Full (Ergonomics) 10798M->10798M(11248M) 3219.249ms
[157.699s][info][gc,cpu         ] GC(345) User=25.00s Sys=0.00s Real=3.22s
[157.700s][info][gc,start       ] GC(346) Pause Full (Ergonomics)
[157.700s][info][gc,phases,start] GC(346) Marking Phase
[160.234s][info][gc,phases      ] GC(346) Marking Phase 2534.747ms
[160.234s][info][gc,phases,start] GC(346) Summary Phase
[160.235s][info][gc,phases      ] GC(346) Summary Phase 0.124ms
[160.235s][info][gc,phases,start] GC(346) Adjust Roots
[160.235s][info][gc,phases      ] GC(346) Adjust Roots 0.197ms
[160.235s][info][gc,phases,start] GC(346) Compaction Phase
[160.926s][info][gc,phases      ] GC(346) Compaction Phase 691.620ms
[160.926s][info][gc,phases,start] GC(346) Post Compact
[160.943s][info][gc,phases      ] GC(346) Post Compact 16.379ms
[160.943s][info][gc,heap        ] GC(346) PSYoungGen: 271359K(732160K)->271359K(732160K) Eden: 271359K(271360K)->271359K(271360K) From: 0K(460800K)->0K(460800K)
[160.943s][info][gc,heap        ] GC(346) ParOldGen: 10786179K(10786304K)->10786179K(10786304K)
[160.943s][info][gc,metaspace   ] GC(346) Metaspace: 6299K(6464K)->6299K(6464K) NonClass: 5765K(5824K)->5765K(5824K) Class: 533K(640K)->533K(640K)
[160.943s][info][gc             ] GC(346) Pause Full (Ergonomics) 10798M->10798M(11248M) 3243.448ms
[160.943s][info][gc,cpu         ] GC(346) User=25.31s Sys=0.00s Real=3.24s
[160.943s][info][gc,start       ] GC(347) Pause Full (Ergonomics)
[160.943s][info][gc,phases,start] GC(347) Marking Phase
[163.469s][info][gc,phases      ] GC(347) Marking Phase 2526.233ms
[163.470s][info][gc,phases,start] GC(347) Summary Phase
[163.470s][info][gc,phases      ] GC(347) Summary Phase 0.101ms
[163.470s][info][gc,phases,start] GC(347) Adjust Roots
[163.470s][info][gc,phases      ] GC(347) Adjust Roots 0.168ms
[163.470s][info][gc,phases,start] GC(347) Compaction Phase
[164.143s][info][gc,phases      ] GC(347) Compaction Phase 673.322ms
[164.143s][info][gc,phases,start] GC(347) Post Compact
[164.159s][info][gc,phases      ] GC(347) Post Compact 15.485ms
[164.159s][info][gc,heap        ] GC(347) PSYoungGen: 271359K(732160K)->271359K(732160K) Eden: 271359K(271360K)->271359K(271360K) From: 0K(460800K)->0K(460800K)
[164.159s][info][gc,heap        ] GC(347) ParOldGen: 10786184K(10786304K)->10786184K(10786304K)
[164.159s][info][gc,metaspace   ] GC(347) Metaspace: 6299K(6464K)->6299K(6464K) NonClass: 5765K(5824K)->5765K(5824K) Class: 533K(640K)->533K(640K)
[164.159s][info][gc             ] GC(347) Pause Full (Ergonomics) 10798M->10798M(11248M) 3215.654ms
[164.159s][info][gc,cpu         ] GC(347) User=25.14s Sys=0.02s Real=3.22s
[164.159s][info][gc,start       ] GC(348) Pause Full (Ergonomics)
[164.159s][info][gc,phases,start] GC(348) Marking Phase
[166.677s][info][gc,phases      ] GC(348) Marking Phase 2518.334ms
[166.678s][info][gc,phases,start] GC(348) Summary Phase
[166.678s][info][gc,phases      ] GC(348) Summary Phase 0.135ms
[166.678s][info][gc,phases,start] GC(348) Adjust Roots
[166.678s][info][gc,phases      ] GC(348) Adjust Roots 0.249ms
[166.678s][info][gc,phases,start] GC(348) Compaction Phase
[167.368s][info][gc,phases      ] GC(348) Compaction Phase 689.978ms
[167.368s][info][gc,phases,start] GC(348) Post Compact
[167.383s][info][gc,phases      ] GC(348) Post Compact 15.266ms
[167.383s][info][gc,heap        ] GC(348) PSYoungGen: 271359K(732160K)->271359K(732160K) Eden: 271359K(271360K)->271359K(271360K) From: 0K(460800K)->0K(460800K)
[167.383s][info][gc,heap        ] GC(348) ParOldGen: 10786189K(10786304K)->10786189K(10786304K)
[167.383s][info][gc,metaspace   ] GC(348) Metaspace: 6299K(6464K)->6299K(6464K) NonClass: 5765K(5824K)->5765K(5824K) Class: 533K(640K)->533K(640K)
[167.383s][info][gc             ] GC(348) Pause Full (Ergonomics) 10798M->10798M(11248M) 3224.322ms
[167.383s][info][gc,cpu         ] GC(348) User=24.81s Sys=0.02s Real=3.22s
[167.384s][info][gc,start       ] GC(349) Pause Full (Ergonomics)
[167.384s][info][gc,phases,start] GC(349) Marking Phase
[169.888s][info][gc,phases      ] GC(349) Marking Phase 2503.895ms
[169.888s][info][gc,phases,start] GC(349) Summary Phase
[169.888s][info][gc,phases      ] GC(349) Summary Phase 0.101ms
[169.888s][info][gc,phases,start] GC(349) Adjust Roots
[169.888s][info][gc,phases      ] GC(349) Adjust Roots 0.193ms
[169.888s][info][gc,phases,start] GC(349) Compaction Phase
[170.572s][info][gc,phases      ] GC(349) Compaction Phase 684.058ms
[170.572s][info][gc,phases,start] GC(349) Post Compact
[170.586s][info][gc,phases      ] GC(349) Post Compact 14.187ms
[170.586s][info][gc,heap        ] GC(349) PSYoungGen: 271359K(732160K)->271359K(732160K) Eden: 271359K(271360K)->271359K(271360K) From: 0K(460800K)->0K(460800K)
[170.586s][info][gc,heap        ] GC(349) ParOldGen: 10786194K(10786304K)->10786194K(10786304K)
[170.586s][info][gc,metaspace   ] GC(349) Metaspace: 6299K(6464K)->6299K(6464K) NonClass: 5765K(5824K)->5765K(5824K) Class: 533K(640K)->533K(640K)
[170.586s][info][gc             ] GC(349) Pause Full (Ergonomics) 10798M->10798M(11248M) 3202.787ms
[170.586s][info][gc,cpu         ] GC(349) User=24.88s Sys=0.00s Real=3.20s
[170.587s][info][gc,start       ] GC(350) Pause Full (Ergonomics)
[170.587s][info][gc,phases,start] GC(350) Marking Phase
[173.146s][info][gc,phases      ] GC(350) Marking Phase 2559.614ms
[173.146s][info][gc,phases,start] GC(350) Summary Phase
[173.147s][info][gc,phases      ] GC(350) Summary Phase 0.136ms
[173.147s][info][gc,phases,start] GC(350) Adjust Roots
[173.147s][info][gc,phases      ] GC(350) Adjust Roots 0.213ms
[173.147s][info][gc,phases,start] GC(350) Compaction Phase
[173.846s][info][gc,phases      ] GC(350) Compaction Phase 699.690ms
[173.847s][info][gc,phases,start] GC(350) Post Compact
[173.863s][info][gc,phases      ] GC(350) Post Compact 16.142ms
[173.863s][info][gc,heap        ] GC(350) PSYoungGen: 271359K(732160K)->271359K(732160K) Eden: 271359K(271360K)->271359K(271360K) From: 0K(460800K)->0K(460800K)
[173.863s][info][gc,heap        ] GC(350) ParOldGen: 10786198K(10786304K)->10786198K(10786304K)
[173.863s][info][gc,metaspace   ] GC(350) Metaspace: 6299K(6464K)->6299K(6464K) NonClass: 5765K(5824K)->5765K(5824K) Class: 533K(640K)->533K(640K)
[173.863s][info][gc             ] GC(350) Pause Full (Ergonomics) 10798M->10798M(11248M) 3276.175ms
[173.863s][info][gc,cpu         ] GC(350) User=25.11s Sys=0.00s Real=3.28s
[173.863s][info][gc,start       ] GC(351) Pause Full (Ergonomics)
[173.863s][info][gc,phases,start] GC(351) Marking Phase
[176.367s][info][gc,phases      ] GC(351) Marking Phase 2503.615ms
[176.367s][info][gc,phases,start] GC(351) Summary Phase
[176.367s][info][gc,phases      ] GC(351) Summary Phase 0.113ms
[176.367s][info][gc,phases,start] GC(351) Adjust Roots
[176.367s][info][gc,phases      ] GC(351) Adjust Roots 0.189ms
[176.367s][info][gc,phases,start] GC(351) Compaction Phase
[177.048s][info][gc,phases      ] GC(351) Compaction Phase 680.547ms
[177.048s][info][gc,phases,start] GC(351) Post Compact
[177.064s][info][gc,phases      ] GC(351) Post Compact 15.913ms
[177.064s][info][gc,heap        ] GC(351) PSYoungGen: 271359K(732160K)->271359K(732160K) Eden: 271359K(271360K)->271359K(271360K) From: 0K(460800K)->0K(460800K)
[177.064s][info][gc,heap        ] GC(351) ParOldGen: 10786203K(10786304K)->10786203K(10786304K)
[177.064s][info][gc,metaspace   ] GC(351) Metaspace: 6299K(6464K)->6299K(6464K) NonClass: 5765K(5824K)->5765K(5824K) Class: 533K(640K)->533K(640K)
[177.064s][info][gc             ] GC(351) Pause Full (Ergonomics) 10798M->10798M(11248M) 3200.720ms
[177.064s][info][gc,cpu         ] GC(351) User=24.80s Sys=0.00s Real=3.20s
[177.064s][info][gc,start       ] GC(352) Pause Full (Ergonomics)
[177.064s][info][gc,phases,start] GC(352) Marking Phase
[179.562s][info][gc,phases      ] GC(352) Marking Phase 2498.225ms
[179.562s][info][gc,phases,start] GC(352) Summary Phase
[179.562s][info][gc,phases      ] GC(352) Summary Phase 0.100ms
[179.562s][info][gc,phases,start] GC(352) Adjust Roots
[179.563s][info][gc,phases      ] GC(352) Adjust Roots 0.160ms
[179.563s][info][gc,phases,start] GC(352) Compaction Phase
[180.242s][info][gc,phases      ] GC(352) Compaction Phase 679.830ms
[180.243s][info][gc,phases,start] GC(352) Post Compact
[180.259s][info][gc,phases      ] GC(352) Post Compact 16.552ms
[180.259s][info][gc,heap        ] GC(352) PSYoungGen: 271359K(732160K)->271359K(732160K) Eden: 271359K(271360K)->271359K(271360K) From: 0K(460800K)->0K(460800K)
[180.259s][info][gc,heap        ] GC(352) ParOldGen: 10786208K(10786304K)->10786208K(10786304K)
[180.259s][info][gc,metaspace   ] GC(352) Metaspace: 6299K(6464K)->6299K(6464K) NonClass: 5765K(5824K)->5765K(5824K) Class: 533K(640K)->533K(640K)
[180.259s][info][gc             ] GC(352) Pause Full (Ergonomics) 10798M->10798M(11248M) 3195.204ms
[180.259s][info][gc,cpu         ] GC(352) User=24.66s Sys=0.00s Real=3.19s
[180.259s][info][gc,start       ] GC(353) Pause Full (Ergonomics)
[180.259s][info][gc,phases,start] GC(353) Marking Phase
[182.793s][info][gc,phases      ] GC(353) Marking Phase 2533.933ms
[182.793s][info][gc,phases,start] GC(353) Summary Phase
[182.794s][info][gc,phases      ] GC(353) Summary Phase 0.136ms
[182.794s][info][gc,phases,start] GC(353) Adjust Roots
[182.794s][info][gc,phases      ] GC(353) Adjust Roots 0.201ms
[182.794s][info][gc,phases,start] GC(353) Compaction Phase
[183.472s][info][gc,phases      ] GC(353) Compaction Phase 678.214ms
[183.472s][info][gc,phases,start] GC(353) Post Compact
[183.489s][info][gc,phases      ] GC(353) Post Compact 17.006ms
[183.489s][info][gc,heap        ] GC(353) PSYoungGen: 271359K(732160K)->271359K(732160K) Eden: 271359K(271360K)->271359K(271360K) From: 0K(460800K)->0K(460800K)
[183.489s][info][gc,heap        ] GC(353) ParOldGen: 10786213K(10786304K)->10786213K(10786304K)
[183.489s][info][gc,metaspace   ] GC(353) Metaspace: 6299K(6464K)->6299K(6464K) NonClass: 5765K(5824K)->5765K(5824K) Class: 533K(640K)->533K(640K)
[183.489s][info][gc             ] GC(353) Pause Full (Ergonomics) 10798M->10798M(11248M) 3229.834ms
[183.489s][info][gc,cpu         ] GC(353) User=25.08s Sys=0.00s Real=3.23s
[183.489s][info][gc,start       ] GC(354) Pause Full (Ergonomics)
[183.490s][info][gc,phases,start] GC(354) Marking Phase
[186.039s][info][gc,phases      ] GC(354) Marking Phase 2549.396ms
[186.039s][info][gc,phases,start] GC(354) Summary Phase
[186.039s][info][gc,phases      ] GC(354) Summary Phase 0.176ms
[186.039s][info][gc,phases,start] GC(354) Adjust Roots
[186.040s][info][gc,phases      ] GC(354) Adjust Roots 0.338ms
[186.040s][info][gc,phases,start] GC(354) Compaction Phase
[186.724s][info][gc,phases      ] GC(354) Compaction Phase 684.828ms
[186.724s][info][gc,phases,start] GC(354) Post Compact
[186.741s][info][gc,phases      ] GC(354) Post Compact 16.188ms
[186.741s][info][gc,heap        ] GC(354) PSYoungGen: 271359K(732160K)->271359K(732160K) Eden: 271359K(271360K)->271359K(271360K) From: 0K(460800K)->0K(460800K)
[186.741s][info][gc,heap        ] GC(354) ParOldGen: 10786218K(10786304K)->10786218K(10786304K)
[186.741s][info][gc,metaspace   ] GC(354) Metaspace: 6299K(6464K)->6299K(6464K) NonClass: 5765K(5824K)->5765K(5824K) Class: 533K(640K)->533K(640K)
[186.741s][info][gc             ] GC(354) Pause Full (Ergonomics) 10798M->10798M(11248M) 3251.329ms
[186.741s][info][gc,cpu         ] GC(354) User=25.19s Sys=0.00s Real=3.25s
[186.741s][info][gc,start       ] GC(355) Pause Full (Ergonomics)
[186.741s][info][gc,phases,start] GC(355) Marking Phase
[189.231s][info][gc,phases      ] GC(355) Marking Phase 2489.788ms
[189.231s][info][gc,phases,start] GC(355) Summary Phase
[189.231s][info][gc,phases      ] GC(355) Summary Phase 0.116ms
[189.231s][info][gc,phases,start] GC(355) Adjust Roots
[189.231s][info][gc,phases      ] GC(355) Adjust Roots 0.201ms
[189.231s][info][gc,phases,start] GC(355) Compaction Phase
[189.919s][info][gc,phases      ] GC(355) Compaction Phase 687.368ms
[189.919s][info][gc,phases,start] GC(355) Post Compact
[189.935s][info][gc,phases      ] GC(355) Post Compact 16.331ms
[189.935s][info][gc,heap        ] GC(355) PSYoungGen: 271359K(732160K)->271359K(732160K) Eden: 271359K(271360K)->271359K(271360K) From: 0K(460800K)->0K(460800K)
[189.935s][info][gc,heap        ] GC(355) ParOldGen: 10786223K(10786304K)->10786223K(10786304K)
[189.935s][info][gc,metaspace   ] GC(355) Metaspace: 6299K(6464K)->6299K(6464K) NonClass: 5765K(5824K)->5765K(5824K) Class: 533K(640K)->533K(640K)
[189.935s][info][gc             ] GC(355) Pause Full (Ergonomics) 10798M->10798M(11248M) 3194.121ms
[189.935s][info][gc,cpu         ] GC(355) User=24.81s Sys=0.00s Real=3.20s
[189.935s][info][gc,start       ] GC(356) Pause Full (Ergonomics)
[189.935s][info][gc,phases,start] GC(356) Marking Phase
[192.455s][info][gc,phases      ] GC(356) Marking Phase 2520.034ms
[192.455s][info][gc,phases,start] GC(356) Summary Phase
[192.456s][info][gc,phases      ] GC(356) Summary Phase 0.190ms
[192.456s][info][gc,phases,start] GC(356) Adjust Roots
[192.456s][info][gc,phases      ] GC(356) Adjust Roots 0.275ms
[192.456s][info][gc,phases,start] GC(356) Compaction Phase
[193.138s][info][gc,phases      ] GC(356) Compaction Phase 682.307ms
[193.138s][info][gc,phases,start] GC(356) Post Compact
[193.155s][info][gc,phases      ] GC(356) Post Compact 16.380ms
[193.155s][info][gc,heap        ] GC(356) PSYoungGen: 271359K(732160K)->271359K(732160K) Eden: 271359K(271360K)->271359K(271360K) From: 0K(460800K)->0K(460800K)
[193.155s][info][gc,heap        ] GC(356) ParOldGen: 10786227K(10786304K)->10786227K(10786304K)
[193.155s][info][gc,metaspace   ] GC(356) Metaspace: 6299K(6464K)->6299K(6464K) NonClass: 5765K(5824K)->5765K(5824K) Class: 533K(640K)->533K(640K)
[193.155s][info][gc             ] GC(356) Pause Full (Ergonomics) 10798M->10798M(11248M) 3219.582ms
[193.155s][info][gc,cpu         ] GC(356) User=24.95s Sys=0.02s Real=3.22s
[193.155s][info][gc,start       ] GC(357) Pause Full (Ergonomics)
[193.155s][info][gc,phases,start] GC(357) Marking Phase
[195.659s][info][gc,phases      ] GC(357) Marking Phase 2503.781ms
[195.659s][info][gc,phases,start] GC(357) Summary Phase
[195.659s][info][gc,phases      ] GC(357) Summary Phase 0.100ms
[195.659s][info][gc,phases,start] GC(357) Adjust Roots
[195.659s][info][gc,phases      ] GC(357) Adjust Roots 0.167ms
[195.659s][info][gc,phases,start] GC(357) Compaction Phase
[196.348s][info][gc,phases      ] GC(357) Compaction Phase 688.664ms
[196.348s][info][gc,phases,start] GC(357) Post Compact
[196.365s][info][gc,phases      ] GC(357) Post Compact 16.455ms
[196.365s][info][gc,heap        ] GC(357) PSYoungGen: 271359K(732160K)->271359K(732160K) Eden: 271359K(271360K)->271359K(271360K) From: 0K(460800K)->0K(460800K)
[196.365s][info][gc,heap        ] GC(357) ParOldGen: 10786232K(10786304K)->10786232K(10786304K)
[196.365s][info][gc,metaspace   ] GC(357) Metaspace: 6299K(6464K)->6299K(6464K) NonClass: 5765K(5824K)->5765K(5824K) Class: 533K(640K)->533K(640K)
[196.365s][info][gc             ] GC(357) Pause Full (Ergonomics) 10798M->10798M(11248M) 3209.537ms
[196.365s][info][gc,cpu         ] GC(357) User=24.88s Sys=0.00s Real=3.21s
[196.365s][info][gc,start       ] GC(358) Pause Full (Ergonomics)
[196.365s][info][gc,phases,start] GC(358) Marking Phase
[198.868s][info][gc,phases      ] GC(358) Marking Phase 2502.872ms
[198.868s][info][gc,phases,start] GC(358) Summary Phase
[198.868s][info][gc,phases      ] GC(358) Summary Phase 0.116ms
[198.868s][info][gc,phases,start] GC(358) Adjust Roots
[198.868s][info][gc,phases      ] GC(358) Adjust Roots 0.200ms
[198.868s][info][gc,phases,start] GC(358) Compaction Phase
[199.559s][info][gc,phases      ] GC(358) Compaction Phase 690.439ms
[199.559s][info][gc,phases,start] GC(358) Post Compact
[199.575s][info][gc,phases      ] GC(358) Post Compact 16.462ms
[199.575s][info][gc,heap        ] GC(358) PSYoungGen: 271359K(732160K)->271359K(732160K) Eden: 271359K(271360K)->271359K(271360K) From: 0K(460800K)->0K(460800K)
[199.575s][info][gc,heap        ] GC(358) ParOldGen: 10786237K(10786304K)->10786237K(10786304K)
[199.575s][info][gc,metaspace   ] GC(358) Metaspace: 6299K(6464K)->6299K(6464K) NonClass: 5765K(5824K)->5765K(5824K) Class: 533K(640K)->533K(640K)
[199.575s][info][gc             ] GC(358) Pause Full (Ergonomics) 10798M->10798M(11248M) 3210.433ms
[199.575s][info][gc,cpu         ] GC(358) User=24.69s Sys=0.02s Real=3.21s
[199.576s][info][gc,start       ] GC(359) Pause Full (Ergonomics)
[199.576s][info][gc,phases,start] GC(359) Marking Phase
[202.104s][info][gc,phases      ] GC(359) Marking Phase 2528.823ms
[202.104s][info][gc,phases,start] GC(359) Summary Phase
[202.105s][info][gc,phases      ] GC(359) Summary Phase 0.109ms
[202.105s][info][gc,phases,start] GC(359) Adjust Roots
[202.105s][info][gc,phases      ] GC(359) Adjust Roots 0.201ms
[202.105s][info][gc,phases,start] GC(359) Compaction Phase
[202.794s][info][gc,phases      ] GC(359) Compaction Phase 688.837ms
[202.794s][info][gc,phases,start] GC(359) Post Compact
[202.810s][info][gc,phases      ] GC(359) Post Compact 16.385ms
[202.810s][info][gc,heap        ] GC(359) PSYoungGen: 271359K(732160K)->271359K(732160K) Eden: 271359K(271360K)->271359K(271360K) From: 0K(460800K)->0K(460800K)
[202.810s][info][gc,heap        ] GC(359) ParOldGen: 10786242K(10786304K)->10786242K(10786304K)
[202.810s][info][gc,metaspace   ] GC(359) Metaspace: 6299K(6464K)->6299K(6464K) NonClass: 5765K(5824K)->5765K(5824K) Class: 533K(640K)->533K(640K)
[202.810s][info][gc             ] GC(359) Pause Full (Ergonomics) 10798M->10798M(11248M) 3234.695ms
[202.810s][info][gc,cpu         ] GC(359) User=24.84s Sys=0.00s Real=3.23s
[202.810s][info][gc,start       ] GC(360) Pause Full (Ergonomics)
[202.811s][info][gc,phases,start] GC(360) Marking Phase
[205.294s][info][gc,phases      ] GC(360) Marking Phase 2483.329ms
[205.294s][info][gc,phases,start] GC(360) Summary Phase
[205.294s][info][gc,phases      ] GC(360) Summary Phase 0.101ms
[205.294s][info][gc,phases,start] GC(360) Adjust Roots
[205.294s][info][gc,phases      ] GC(360) Adjust Roots 0.177ms
[205.294s][info][gc,phases,start] GC(360) Compaction Phase
[205.994s][info][gc,phases      ] GC(360) Compaction Phase 700.010ms
[205.994s][info][gc,phases,start] GC(360) Post Compact
[206.011s][info][gc,phases      ] GC(360) Post Compact 16.360ms
[206.011s][info][gc,heap        ] GC(360) PSYoungGen: 271359K(732160K)->271359K(732160K) Eden: 271359K(271360K)->271359K(271360K) From: 0K(460800K)->0K(460800K)
[206.011s][info][gc,heap        ] GC(360) ParOldGen: 10786247K(10786304K)->10786247K(10786304K)
[206.011s][info][gc,metaspace   ] GC(360) Metaspace: 6299K(6464K)->6299K(6464K) NonClass: 5765K(5824K)->5765K(5824K) Class: 533K(640K)->533K(640K)
[206.011s][info][gc             ] GC(360) Pause Full (Ergonomics) 10798M->10798M(11248M) 3200.376ms
[206.011s][info][gc,cpu         ] GC(360) User=24.45s Sys=0.02s Real=3.20s
[206.011s][info][gc,start       ] GC(361) Pause Full (Ergonomics)
[206.011s][info][gc,phases,start] GC(361) Marking Phase
[208.496s][info][gc,phases      ] GC(361) Marking Phase 2485.124ms
[208.496s][info][gc,phases,start] GC(361) Summary Phase
[208.496s][info][gc,phases      ] GC(361) Summary Phase 0.100ms
[208.496s][info][gc,phases,start] GC(361) Adjust Roots
[208.497s][info][gc,phases      ] GC(361) Adjust Roots 0.162ms
[208.497s][info][gc,phases,start] GC(361) Compaction Phase
[209.207s][info][gc,phases      ] GC(361) Compaction Phase 710.110ms
[209.207s][info][gc,phases,start] GC(361) Post Compact
[209.224s][info][gc,phases      ] GC(361) Post Compact 16.669ms
[209.224s][info][gc,heap        ] GC(361) PSYoungGen: 271359K(732160K)->271359K(732160K) Eden: 271359K(271360K)->271359K(271360K) From: 0K(460800K)->0K(460800K)
[209.224s][info][gc,heap        ] GC(361) ParOldGen: 10786252K(10786304K)->10786252K(10786304K)
[209.224s][info][gc,metaspace   ] GC(361) Metaspace: 6299K(6464K)->6299K(6464K) NonClass: 5765K(5824K)->5765K(5824K) Class: 533K(640K)->533K(640K)
[209.224s][info][gc             ] GC(361) Pause Full (Ergonomics) 10798M->10798M(11248M) 3212.553ms
[209.224s][info][gc,cpu         ] GC(361) User=24.69s Sys=0.00s Real=3.21s
[209.224s][info][gc,start       ] GC(362) Pause Full (Ergonomics)
[209.224s][info][gc,phases,start] GC(362) Marking Phase
[211.696s][info][gc,phases      ] GC(362) Marking Phase 2471.818ms
[211.696s][info][gc,phases,start] GC(362) Summary Phase
[211.696s][info][gc,phases      ] GC(362) Summary Phase 0.118ms
[211.696s][info][gc,phases,start] GC(362) Adjust Roots
[211.696s][info][gc,phases      ] GC(362) Adjust Roots 0.198ms
[211.696s][info][gc,phases,start] GC(362) Compaction Phase
[212.384s][info][gc,phases      ] GC(362) Compaction Phase 688.322ms
[212.385s][info][gc,phases,start] GC(362) Post Compact
[212.401s][info][gc,phases      ] GC(362) Post Compact 16.556ms
[212.401s][info][gc,heap        ] GC(362) PSYoungGen: 271359K(732160K)->271359K(732160K) Eden: 271359K(271360K)->271359K(271360K) From: 0K(460800K)->0K(460800K)
[212.401s][info][gc,heap        ] GC(362) ParOldGen: 10786256K(10786304K)->10786256K(10786304K)
[212.401s][info][gc,metaspace   ] GC(362) Metaspace: 6299K(6464K)->6299K(6464K) NonClass: 5765K(5824K)->5765K(5824K) Class: 533K(640K)->533K(640K)
[212.401s][info][gc             ] GC(362) Pause Full (Ergonomics) 10798M->10798M(11248M) 3177.347ms
[212.401s][info][gc,cpu         ] GC(362) User=24.36s Sys=0.03s Real=3.18s
[212.401s][info][gc,start       ] GC(363) Pause Full (Ergonomics)
[212.401s][info][gc,phases,start] GC(363) Marking Phase
[214.927s][info][gc,phases      ] GC(363) Marking Phase 2525.740ms
[214.927s][info][gc,phases,start] GC(363) Summary Phase
[214.927s][info][gc,phases      ] GC(363) Summary Phase 0.102ms
[214.927s][info][gc,phases,start] GC(363) Adjust Roots
[214.928s][info][gc,phases      ] GC(363) Adjust Roots 0.167ms
[214.928s][info][gc,phases,start] GC(363) Compaction Phase
[215.633s][info][gc,phases      ] GC(363) Compaction Phase 705.894ms
[215.634s][info][gc,phases,start] GC(363) Post Compact
[215.650s][info][gc,phases      ] GC(363) Post Compact 16.301ms
[215.650s][info][gc,heap        ] GC(363) PSYoungGen: 271359K(732160K)->271359K(732160K) Eden: 271359K(271360K)->271359K(271360K) From: 0K(460800K)->0K(460800K)
[215.650s][info][gc,heap        ] GC(363) ParOldGen: 10786261K(10786304K)->10786261K(10786304K)
[215.650s][info][gc,metaspace   ] GC(363) Metaspace: 6299K(6464K)->6299K(6464K) NonClass: 5765K(5824K)->5765K(5824K) Class: 533K(640K)->533K(640K)
[215.650s][info][gc             ] GC(363) Pause Full (Ergonomics) 10798M->10798M(11248M) 3248.528ms
[215.650s][info][gc,cpu         ] GC(363) User=25.11s Sys=0.02s Real=3.25s
[215.650s][info][gc,start       ] GC(364) Pause Full (Ergonomics)
[215.650s][info][gc,phases,start] GC(364) Marking Phase
[218.154s][info][gc,phases      ] GC(364) Marking Phase 2503.549ms
[218.154s][info][gc,phases,start] GC(364) Summary Phase
[218.154s][info][gc,phases      ] GC(364) Summary Phase 0.104ms
[218.154s][info][gc,phases,start] GC(364) Adjust Roots
[218.154s][info][gc,phases      ] GC(364) Adjust Roots 0.181ms
[218.154s][info][gc,phases,start] GC(364) Compaction Phase
[218.852s][info][gc,phases      ] GC(364) Compaction Phase 697.465ms
[218.852s][info][gc,phases,start] GC(364) Post Compact
[218.869s][info][gc,phases      ] GC(364) Post Compact 16.875ms
[218.869s][info][gc,heap        ] GC(364) PSYoungGen: 271359K(732160K)->271359K(732160K) Eden: 271359K(271360K)->271359K(271360K) From: 0K(460800K)->0K(460800K)
[218.869s][info][gc,heap        ] GC(364) ParOldGen: 10786266K(10786304K)->10786266K(10786304K)
[218.869s][info][gc,metaspace   ] GC(364) Metaspace: 6299K(6464K)->6299K(6464K) NonClass: 5765K(5824K)->5765K(5824K) Class: 533K(640K)->533K(640K)
[218.869s][info][gc             ] GC(364) Pause Full (Ergonomics) 10798M->10798M(11248M) 3218.534ms
[218.869s][info][gc,cpu         ] GC(364) User=24.75s Sys=0.00s Real=3.22s
[218.869s][info][gc,start       ] GC(365) Pause Full (Ergonomics)
[218.869s][info][gc,phases,start] GC(365) Marking Phase
[221.374s][info][gc,phases      ] GC(365) Marking Phase 2505.410ms
[221.374s][info][gc,phases,start] GC(365) Summary Phase
[221.375s][info][gc,phases      ] GC(365) Summary Phase 0.134ms
[221.375s][info][gc,phases,start] GC(365) Adjust Roots
[221.375s][info][gc,phases      ] GC(365) Adjust Roots 0.283ms
[221.375s][info][gc,phases,start] GC(365) Compaction Phase
[222.072s][info][gc,phases      ] GC(365) Compaction Phase 696.913ms
[222.072s][info][gc,phases,start] GC(365) Post Compact
[222.088s][info][gc,phases      ] GC(365) Post Compact 16.398ms
[222.088s][info][gc,heap        ] GC(365) PSYoungGen: 271359K(732160K)->271359K(732160K) Eden: 271359K(271360K)->271359K(271360K) From: 0K(460800K)->0K(460800K)
[222.088s][info][gc,heap        ] GC(365) ParOldGen: 10786271K(10786304K)->10786271K(10786304K)
[222.088s][info][gc,metaspace   ] GC(365) Metaspace: 6299K(6464K)->6299K(6464K) NonClass: 5765K(5824K)->5765K(5824K) Class: 533K(640K)->533K(640K)
[222.088s][info][gc             ] GC(365) Pause Full (Ergonomics) 10798M->10798M(11248M) 3219.490ms
[222.088s][info][gc,cpu         ] GC(365) User=24.73s Sys=0.00s Real=3.22s
[222.089s][info][gc,start       ] GC(366) Pause Full (Ergonomics)
[222.089s][info][gc,phases,start] GC(366) Marking Phase
[224.562s][info][gc,phases      ] GC(366) Marking Phase 2473.730ms
[224.562s][info][gc,phases,start] GC(366) Summary Phase
[224.563s][info][gc,phases      ] GC(366) Summary Phase 0.104ms
[224.563s][info][gc,phases,start] GC(366) Adjust Roots
[224.563s][info][gc,phases      ] GC(366) Adjust Roots 0.201ms
[224.563s][info][gc,phases,start] GC(366) Compaction Phase
[225.262s][info][gc,phases      ] GC(366) Compaction Phase 698.674ms
[225.262s][info][gc,phases,start] GC(366) Post Compact
[225.278s][info][gc,phases      ] GC(366) Post Compact 16.387ms
[225.278s][info][gc,heap        ] GC(366) PSYoungGen: 271359K(732160K)->271359K(732160K) Eden: 271359K(271360K)->271359K(271360K) From: 0K(460800K)->0K(460800K)
[225.278s][info][gc,heap        ] GC(366) ParOldGen: 10786276K(10786304K)->10786276K(10786304K)
[225.278s][info][gc,metaspace   ] GC(366) Metaspace: 6299K(6464K)->6299K(6464K) NonClass: 5765K(5824K)->5765K(5824K) Class: 533K(640K)->533K(640K)
[225.278s][info][gc             ] GC(366) Pause Full (Ergonomics) 10798M->10798M(11248M) 3189.453ms
[225.278s][info][gc,cpu         ] GC(366) User=24.66s Sys=0.00s Real=3.19s
[225.278s][info][gc,start       ] GC(367) Pause Full (Ergonomics)
[225.278s][info][gc,phases,start] GC(367) Marking Phase
[227.749s][info][gc,phases      ] GC(367) Marking Phase 2470.434ms
[227.749s][info][gc,phases,start] GC(367) Summary Phase
[227.749s][info][gc,phases      ] GC(367) Summary Phase 0.132ms
[227.749s][info][gc,phases,start] GC(367) Adjust Roots
[227.749s][info][gc,phases      ] GC(367) Adjust Roots 0.232ms
[227.749s][info][gc,phases,start] GC(367) Compaction Phase
[228.439s][info][gc,phases      ] GC(367) Compaction Phase 689.887ms
[228.439s][info][gc,phases,start] GC(367) Post Compact
[228.456s][info][gc,phases      ] GC(367) Post Compact 16.465ms
[228.456s][info][gc,heap        ] GC(367) PSYoungGen: 271359K(732160K)->271359K(732160K) Eden: 271359K(271360K)->271359K(271360K) From: 0K(460800K)->0K(460800K)
[228.456s][info][gc,heap        ] GC(367) ParOldGen: 10786281K(10786304K)->10786281K(10786304K)
[228.456s][info][gc,metaspace   ] GC(367) Metaspace: 6299K(6464K)->6299K(6464K) NonClass: 5765K(5824K)->5765K(5824K) Class: 533K(640K)->533K(640K)
[228.456s][info][gc             ] GC(367) Pause Full (Ergonomics) 10798M->10798M(11248M) 3177.560ms
[228.456s][info][gc,cpu         ] GC(367) User=24.23s Sys=0.05s Real=3.18s
[228.456s][info][gc,start       ] GC(368) Pause Full (Ergonomics)
[228.456s][info][gc,phases,start] GC(368) Marking Phase
[230.947s][info][gc,phases      ] GC(368) Marking Phase 2490.718ms
[230.947s][info][gc,phases,start] GC(368) Summary Phase
[230.947s][info][gc,phases      ] GC(368) Summary Phase 0.113ms
[230.947s][info][gc,phases,start] GC(368) Adjust Roots
[230.947s][info][gc,phases      ] GC(368) Adjust Roots 0.182ms
[230.947s][info][gc,phases,start] GC(368) Compaction Phase
[231.643s][info][gc,phases      ] GC(368) Compaction Phase 696.126ms
[231.643s][info][gc,phases,start] GC(368) Post Compact
[231.660s][info][gc,phases      ] GC(368) Post Compact 16.361ms
[231.660s][info][gc,heap        ] GC(368) PSYoungGen: 271359K(732160K)->271359K(732160K) Eden: 271359K(271360K)->271359K(271360K) From: 0K(460800K)->0K(460800K)
[231.660s][info][gc,heap        ] GC(368) ParOldGen: 10786285K(10786304K)->10786285K(10786304K)
[231.660s][info][gc,metaspace   ] GC(368) Metaspace: 6299K(6464K)->6299K(6464K) NonClass: 5765K(5824K)->5765K(5824K) Class: 533K(640K)->533K(640K)
[231.660s][info][gc             ] GC(368) Pause Full (Ergonomics) 10798M->10798M(11248M) 3203.842ms
[231.660s][info][gc,cpu         ] GC(368) User=24.66s Sys=0.00s Real=3.20s
[231.660s][info][gc,start       ] GC(369) Pause Full (Ergonomics)
[231.660s][info][gc,phases,start] GC(369) Marking Phase
[234.150s][info][gc,phases      ] GC(369) Marking Phase 2489.403ms
[234.150s][info][gc,phases,start] GC(369) Summary Phase
[234.150s][info][gc,phases      ] GC(369) Summary Phase 0.141ms
[234.150s][info][gc,phases,start] GC(369) Adjust Roots
[234.150s][info][gc,phases      ] GC(369) Adjust Roots 0.201ms
[234.150s][info][gc,phases,start] GC(369) Compaction Phase
[234.849s][info][gc,phases      ] GC(369) Compaction Phase 699.110ms
[234.849s][info][gc,phases,start] GC(369) Post Compact
[234.866s][info][gc,phases      ] GC(369) Post Compact 16.462ms
[234.866s][info][gc,heap        ] GC(369) PSYoungGen: 271359K(732160K)->271359K(732160K) Eden: 271359K(271360K)->271359K(271360K) From: 0K(460800K)->0K(460800K)
[234.866s][info][gc,heap        ] GC(369) ParOldGen: 10786290K(10786304K)->10786290K(10786304K)
[234.866s][info][gc,metaspace   ] GC(369) Metaspace: 6299K(6464K)->6299K(6464K) NonClass: 5765K(5824K)->5765K(5824K) Class: 533K(640K)->533K(640K)
[234.866s][info][gc             ] GC(369) Pause Full (Ergonomics) 10798M->10798M(11248M) 3205.695ms
[234.866s][info][gc,cpu         ] GC(369) User=24.62s Sys=0.02s Real=3.21s
[234.866s][info][gc,start       ] GC(370) Pause Full (Ergonomics)
[234.866s][info][gc,phases,start] GC(370) Marking Phase
[237.379s][info][gc,phases      ] GC(370) Marking Phase 2513.100ms
[237.379s][info][gc,phases,start] GC(370) Summary Phase
[237.379s][info][gc,phases      ] GC(370) Summary Phase 0.102ms
[237.379s][info][gc,phases,start] GC(370) Adjust Roots
[237.380s][info][gc,phases      ] GC(370) Adjust Roots 0.181ms
[237.380s][info][gc,phases,start] GC(370) Compaction Phase
[238.072s][info][gc,phases      ] GC(370) Compaction Phase 692.632ms
[238.072s][info][gc,phases,start] GC(370) Post Compact
[238.089s][info][gc,phases      ] GC(370) Post Compact 16.412ms
[238.089s][info][gc,heap        ] GC(370) PSYoungGen: 271359K(732160K)->271359K(732160K) Eden: 271359K(271360K)->271359K(271360K) From: 0K(460800K)->0K(460800K)
[238.089s][info][gc,heap        ] GC(370) ParOldGen: 10786295K(10786304K)->10786295K(10786304K)
[238.089s][info][gc,metaspace   ] GC(370) Metaspace: 6299K(6464K)->6299K(6464K) NonClass: 5765K(5824K)->5765K(5824K) Class: 533K(640K)->533K(640K)
[238.089s][info][gc             ] GC(370) Pause Full (Ergonomics) 10798M->10798M(11248M) 3222.802ms
[238.089s][info][gc,cpu         ] GC(370) User=24.95s Sys=0.00s Real=3.22s
[238.089s][info][gc,start       ] GC(371) Pause Full (Ergonomics)
[238.089s][info][gc,phases,start] GC(371) Marking Phase
[240.573s][info][gc,phases      ] GC(371) Marking Phase 2483.812ms
[240.573s][info][gc,phases,start] GC(371) Summary Phase
[240.573s][info][gc,phases      ] GC(371) Summary Phase 0.108ms
[240.573s][info][gc,phases,start] GC(371) Adjust Roots
[240.573s][info][gc,phases      ] GC(371) Adjust Roots 0.191ms
[240.573s][info][gc,phases,start] GC(371) Compaction Phase
[241.273s][info][gc,phases      ] GC(371) Compaction Phase 699.369ms
[241.273s][info][gc,phases,start] GC(371) Post Compact
[241.289s][info][gc,phases      ] GC(371) Post Compact 16.381ms
[241.289s][info][gc,heap        ] GC(371) PSYoungGen: 271359K(732160K)->271359K(732160K) Eden: 271359K(271360K)->271359K(271360K) From: 0K(460800K)->0K(460800K)
[241.289s][info][gc,heap        ] GC(371) ParOldGen: 10786300K(10786304K)->10786300K(10786304K)
[241.289s][info][gc,metaspace   ] GC(371) Metaspace: 6299K(6464K)->6299K(6464K) NonClass: 5765K(5824K)->5765K(5824K) Class: 533K(640K)->533K(640K)
[241.289s][info][gc             ] GC(371) Pause Full (Ergonomics) 10798M->10798M(11248M) 3200.213ms
[241.289s][info][gc,cpu         ] GC(371) User=24.69s Sys=0.00s Real=3.20s
[241.289s][info][gc,start       ] GC(372) Pause Full (Ergonomics)
[241.290s][info][gc,phases,start] GC(372) Marking Phase
[243.787s][info][gc,phases      ] GC(372) Marking Phase 2497.897ms
[243.787s][info][gc,phases,start] GC(372) Summary Phase
[243.788s][info][gc,phases      ] GC(372) Summary Phase 0.125ms
[243.788s][info][gc,phases,start] GC(372) Adjust Roots
[243.788s][info][gc,phases      ] GC(372) Adjust Roots 0.169ms
[243.788s][info][gc,phases,start] GC(372) Compaction Phase
[244.486s][info][gc,phases      ] GC(372) Compaction Phase 698.314ms
[244.486s][info][gc,phases,start] GC(372) Post Compact
[244.503s][info][gc,phases      ] GC(372) Post Compact 16.495ms
[244.503s][info][gc,heap        ] GC(372) PSYoungGen: 271359K(732160K)->271359K(732160K) Eden: 271359K(271360K)->271359K(271360K) From: 0K(460800K)->0K(460800K)
[244.503s][info][gc,heap        ] GC(372) ParOldGen: 10786304K(10786304K)->10786304K(10786304K)
[244.503s][info][gc,metaspace   ] GC(372) Metaspace: 6299K(6464K)->6299K(6464K) NonClass: 5765K(5824K)->5765K(5824K) Class: 533K(640K)->533K(640K)
[244.503s][info][gc             ] GC(372) Pause Full (Ergonomics) 10798M->10798M(11248M) 3213.378ms
[244.503s][info][gc,cpu         ] GC(372) User=24.70s Sys=0.00s Real=3.21s
[244.503s][info][gc,start       ] GC(373) Pause Full (Allocation Failure)
[244.503s][info][gc,phases,start] GC(373) Marking Phase
[247.024s][info][gc,phases      ] GC(373) Marking Phase 2521.286ms
[247.024s][info][gc,phases,start] GC(373) Summary Phase
[247.024s][info][gc,phases      ] GC(373) Summary Phase 0.104ms
[247.024s][info][gc,phases,start] GC(373) Adjust Roots
[247.025s][info][gc,phases      ] GC(373) Adjust Roots 0.400ms
[247.025s][info][gc,phases,start] GC(373) Compaction Phase
[249.756s][info][gc,phases      ] GC(373) Compaction Phase 2731.330ms
[249.756s][info][gc,phases,start] GC(373) Post Compact
[249.773s][info][gc,phases      ] GC(373) Post Compact 16.641ms
[249.773s][info][gc,heap        ] GC(373) PSYoungGen: 271359K(732160K)->271359K(732160K) Eden: 271359K(271360K)->271359K(271360K) From: 0K(460800K)->0K(460800K)
[249.773s][info][gc,heap        ] GC(373) ParOldGen: 10786304K(10786304K)->10786299K(10786304K)
[249.773s][info][gc,metaspace   ] GC(373) Metaspace: 6299K(6464K)->6297K(6464K) NonClass: 5765K(5824K)->5764K(5824K) Class: 533K(640K)->532K(640K)
[249.773s][info][gc             ] GC(373) Pause Full (Allocation Failure) 10798M->10798M(11248M) 5270.144ms
[249.773s][info][gc,cpu         ] GC(373) User=39.80s Sys=0.00s Real=5.27s
[249.774s][info][gc,start       ] GC(374) Pause Full (Ergonomics)
[249.774s][info][gc,phases,start] GC(374) Marking Phase
[252.239s][info][gc,phases      ] GC(374) Marking Phase 2465.565ms
[252.239s][info][gc,phases,start] GC(374) Summary Phase
[252.239s][info][gc,phases      ] GC(374) Summary Phase 0.103ms
[252.239s][info][gc,phases,start] GC(374) Adjust Roots
[252.240s][info][gc,phases      ] GC(374) Adjust Roots 0.182ms
[252.240s][info][gc,phases,start] GC(374) Compaction Phase
[252.935s][info][gc,phases      ] GC(374) Compaction Phase 695.502ms
[252.935s][info][gc,phases,start] GC(374) Post Compact
[252.952s][info][gc,phases      ] GC(374) Post Compact 16.296ms
[252.952s][info][gc,heap        ] GC(374) PSYoungGen: 271359K(732160K)->271359K(732160K) Eden: 271359K(271360K)->271359K(271360K) From: 0K(460800K)->0K(460800K)
[252.952s][info][gc,heap        ] GC(374) ParOldGen: 10786301K(10786304K)->10786301K(10786304K)
[252.952s][info][gc,metaspace   ] GC(374) Metaspace: 6297K(6464K)->6297K(6464K) NonClass: 5764K(5824K)->5764K(5824K) Class: 532K(640K)->532K(640K)
[252.952s][info][gc             ] GC(374) Pause Full (Ergonomics) 10798M->10798M(11248M) 3177.988ms
[252.952s][info][gc,cpu         ] GC(374) User=24.23s Sys=0.00s Real=3.18s
[252.952s][info][gc,start       ] GC(375) Pause Full (Ergonomics)
[252.952s][info][gc,phases,start] GC(375) Marking Phase
[255.443s][info][gc,phases      ] GC(375) Marking Phase 2491.349ms
[255.443s][info][gc,phases,start] GC(375) Summary Phase
[255.444s][info][gc,phases      ] GC(375) Summary Phase 0.105ms
[255.444s][info][gc,phases,start] GC(375) Adjust Roots
[255.444s][info][gc,phases      ] GC(375) Adjust Roots 0.171ms
[255.444s][info][gc,phases,start] GC(375) Compaction Phase
[256.147s][info][gc,phases      ] GC(375) Compaction Phase 703.017ms
[256.147s][info][gc,phases,start] GC(375) Post Compact
[256.164s][info][gc,phases      ] GC(375) Post Compact 16.764ms
[256.164s][info][gc,heap        ] GC(375) PSYoungGen: 271359K(732160K)->271359K(732160K) Eden: 271359K(271360K)->271359K(271360K) From: 0K(460800K)->0K(460800K)
[256.164s][info][gc,heap        ] GC(375) ParOldGen: 10786303K(10786304K)->10786303K(10786304K)
[256.164s][info][gc,metaspace   ] GC(375) Metaspace: 6297K(6464K)->6297K(6464K) NonClass: 5764K(5824K)->5764K(5824K) Class: 532K(640K)->532K(640K)
[256.164s][info][gc             ] GC(375) Pause Full (Ergonomics) 10798M->10798M(11248M) 3211.757ms
[256.164s][info][gc,cpu         ] GC(375) User=24.66s Sys=0.00s Real=3.21s
[256.164s][info][gc,start       ] GC(376) Pause Full (Allocation Failure)
[256.164s][info][gc,phases,start] GC(376) Marking Phase
[258.626s][info][gc,phases      ] GC(376) Marking Phase 2461.890ms
[258.626s][info][gc,phases,start] GC(376) Summary Phase
[258.626s][info][gc,phases      ] GC(376) Summary Phase 0.111ms
[258.626s][info][gc,phases,start] GC(376) Adjust Roots
[258.626s][info][gc,phases      ] GC(376) Adjust Roots 0.211ms
[258.626s][info][gc,phases,start] GC(376) Compaction Phase
[259.338s][info][gc,phases      ] GC(376) Compaction Phase 711.552ms
[259.338s][info][gc,phases,start] GC(376) Post Compact
[259.354s][info][gc,phases      ] GC(376) Post Compact 16.465ms
[259.354s][info][gc,heap        ] GC(376) PSYoungGen: 271359K(732160K)->271359K(732160K) Eden: 271359K(271360K)->271359K(271360K) From: 0K(460800K)->0K(460800K)
[259.354s][info][gc,heap        ] GC(376) ParOldGen: 10786303K(10786304K)->10786303K(10786304K)
[259.354s][info][gc,metaspace   ] GC(376) Metaspace: 6297K(6464K)->6297K(6464K) NonClass: 5764K(5824K)->5764K(5824K) Class: 532K(640K)->532K(640K)
[259.354s][info][gc             ] GC(376) Pause Full (Allocation Failure) 10798M->10798M(11248M) 3190.567ms
[259.354s][info][gc,cpu         ] GC(376) User=24.33s Sys=0.00s Real=3.19s
[259.355s][info][gc,start       ] GC(377) Pause Full (Ergonomics)
[259.355s][info][gc,phases,start] GC(377) Marking Phase
[261.854s][info][gc,phases      ] GC(377) Marking Phase 2498.954ms
[261.854s][info][gc,phases,start] GC(377) Summary Phase
[261.854s][info][gc,phases      ] GC(377) Summary Phase 0.107ms
[261.854s][info][gc,phases,start] GC(377) Adjust Roots
[261.854s][info][gc,phases      ] GC(377) Adjust Roots 0.241ms
[261.854s][info][gc,phases,start] GC(377) Compaction Phase
[264.594s][info][gc,phases      ] GC(377) Compaction Phase 2739.845ms
[264.594s][info][gc,phases,start] GC(377) Post Compact
[264.611s][info][gc,phases      ] GC(377) Post Compact 16.675ms
[264.611s][info][gc,heap        ] GC(377) PSYoungGen: 271359K(732160K)->271359K(732160K) Eden: 271359K(271360K)->271359K(271360K) From: 0K(460800K)->0K(460800K)
[264.611s][info][gc,heap        ] GC(377) ParOldGen: 10786303K(10786304K)->10786302K(10786304K)
[264.611s][info][gc,metaspace   ] GC(377) Metaspace: 6297K(6464K)->6297K(6464K) NonClass: 5764K(5824K)->5764K(5824K) Class: 532K(640K)->532K(640K)
[264.611s][info][gc             ] GC(377) Pause Full (Ergonomics) 10798M->10798M(11248M) 5256.225ms
[264.611s][info][gc,cpu         ] GC(377) User=39.56s Sys=0.03s Real=5.26s
[264.612s][info][gc,start       ] GC(378) Pause Full (Ergonomics)
[264.612s][info][gc,phases,start] GC(378) Marking Phase
[267.064s][info][gc,phases      ] GC(378) Marking Phase 2451.515ms
[267.064s][info][gc,phases,start] GC(378) Summary Phase
[267.064s][info][gc,phases      ] GC(378) Summary Phase 0.102ms
[267.064s][info][gc,phases,start] GC(378) Adjust Roots
[267.064s][info][gc,phases      ] GC(378) Adjust Roots 0.244ms
[267.064s][info][gc,phases,start] GC(378) Compaction Phase
[269.803s][info][gc,phases      ] GC(378) Compaction Phase 2738.928ms
[269.803s][info][gc,phases,start] GC(378) Post Compact
[269.820s][info][gc,phases      ] GC(378) Post Compact 16.598ms
[269.820s][info][gc,heap        ] GC(378) PSYoungGen: 271360K(732160K)->271360K(732160K) Eden: 271360K(271360K)->271360K(271360K) From: 0K(460800K)->0K(460800K)
[269.820s][info][gc,heap        ] GC(378) ParOldGen: 10786303K(10786304K)->10786301K(10786304K)
[269.820s][info][gc,metaspace   ] GC(378) Metaspace: 6298K(6464K)->6298K(6464K) NonClass: 5764K(5824K)->5764K(5824K) Class: 533K(640K)->533K(640K)
[269.820s][info][gc             ] GC(378) Pause Full (Ergonomics) 10798M->10798M(11248M) 5207.799ms
[269.820s][info][gc,cpu         ] GC(378) User=39.16s Sys=0.05s Real=5.21s
[269.821s][info][gc,heap,exit   ] Heap
[269.821s][info][gc,heap,exit   ]  PSYoungGen      total 732160K, used 271360K [0x0000001292780000, 0x00000012dcd80000, 0x00000013dba00000)
[269.821s][info][gc,heap,exit   ]   eden space 271360K, 100% used [0x0000001292780000,0x00000012a3080000,0x00000012a3080000)
[269.821s][info][gc,heap,exit   ]   from space 460800K, 0% used [0x00000012c0b80000,0x00000012c0b80000,0x00000012dcd80000)
[269.821s][info][gc,heap,exit   ]   to   space 460800K, 0% used [0x00000012a3080000,0x00000012a3080000,0x00000012bf280000)
[269.821s][info][gc,heap,exit   ]  ParOldGen       total 10786304K, used 10786303K [0x0000001000200000, 0x0000001292780000, 0x0000001292780000)
[269.821s][info][gc,heap,exit   ]   object space 10786304K, 99% used [0x0000001000200000,0x000000129277fc48,0x0000001292780000)
[269.821s][info][gc,heap,exit   ]  Metaspace       used 6302K, committed 6464K, reserved 1114112K
[269.821s][info][gc,heap,exit   ]   class space    used 534K, committed 640K, reserved 1048576K
