[0.012s][info][gc,init] CardTable entry size: 512
[0.012s][info][gc     ] Using Parallel
[0.012s][info][gc,init] Version: 18.0.1+10 (release)
[0.012s][info][gc,init] CPUs: 8 total, 8 available
[0.013s][info][gc,init] Memory: 16063M
[0.013s][info][gc,init] Large Page Support: Disabled
[0.013s][info][gc,init] NUMA Support: Disabled
[0.013s][info][gc,init] Compressed Oops: Enabled (Zero based)
[0.013s][info][gc,init] Alignments: Space 512K, Generation 512K, Heap 2M
[0.013s][info][gc,init] Heap Min Capacity: 2M
[0.013s][info][gc,init] Heap Initial Capacity: 2M
[0.013s][info][gc,init] Heap Max Capacity: 6000M
[0.013s][info][gc,init] Pre-touch: Disabled
[0.013s][info][gc,init] Parallel Workers: 8
[0.013s][info][gc,metaspace] CDS archive(s) not mapped
[0.013s][info][gc,metaspace] Compressed class space mapped at: 0x0000000800000000-0x0000000840000000, reserved size: 1073741824
[0.013s][info][gc,metaspace] Narrow klass base: 0x0000000800000000, Narrow klass shift: 0, Narrow klass range: 0x40000000
[0.101s][info][gc,start    ] GC(0) Pause Young (Allocation Failure)
[0.103s][info][gc,heap     ] GC(0) PSYoungGen: 512K(1024K)->480K(1024K) Eden: 512K(512K)->0K(512K) From: 0K(512K)->480K(512K)
[0.103s][info][gc,heap     ] GC(0) ParOldGen: 0K(512K)->8K(512K)
[0.103s][info][gc,metaspace] GC(0) Metaspace: 4229K(4352K)->4229K(4352K) NonClass: 3908K(3968K)->3908K(3968K) Class: 321K(384K)->321K(384K)
[0.103s][info][gc          ] GC(0) Pause Young (Allocation Failure) 0M->0M(1M) 1.505ms
[0.103s][info][gc,cpu      ] GC(0) User=0.00s Sys=0.00s Real=0.00s
[0.167s][info][gc,start    ] GC(1) Pause Young (Allocation Failure)
[0.168s][info][gc,heap     ] GC(1) PSYoungGen: 991K(1024K)->512K(1536K) Eden: 511K(512K)->0K(1024K) From: 480K(512K)->512K(512K)
[0.168s][info][gc,heap     ] GC(1) ParOldGen: 8K(512K)->80K(512K)
[0.168s][info][gc,metaspace] GC(1) Metaspace: 5880K(6016K)->5880K(6016K) NonClass: 5383K(5504K)->5383K(5504K) Class: 496K(512K)->496K(512K)
[0.168s][info][gc          ] GC(1) Pause Young (Allocation Failure) 0M->0M(2M) 0.876ms
[0.168s][info][gc,cpu      ] GC(1) User=0.00s Sys=0.00s Real=0.00s
[0.188s][info][gc,start    ] GC(2) Pause Young (Allocation Failure)
[0.189s][info][gc,heap     ] GC(2) PSYoungGen: 1536K(1536K)->512K(1536K) Eden: 1024K(1024K)->0K(1024K) From: 512K(512K)->512K(512K)
[0.189s][info][gc,heap     ] GC(2) ParOldGen: 80K(512K)->504K(512K)
[0.189s][info][gc,metaspace] GC(2) Metaspace: 6300K(6528K)->6300K(6528K) NonClass: 5767K(5888K)->5767K(5888K) Class: 533K(640K)->533K(640K)
[0.189s][info][gc          ] GC(2) Pause Young (Allocation Failure) 1M->0M(2M) 1.074ms
[0.189s][info][gc,cpu      ] GC(2) User=0.00s Sys=0.00s Real=0.00s
[0.189s][info][gc,start    ] GC(3) Pause Full (Ergonomics)
[0.189s][info][gc,phases,start] GC(3) Marking Phase
[0.190s][info][gc,phases      ] GC(3) Marking Phase 0.982ms
[0.190s][info][gc,phases,start] GC(3) Summary Phase
[0.190s][info][gc,phases      ] GC(3) Summary Phase 0.016ms
[0.190s][info][gc,phases,start] GC(3) Adjust Roots
[0.190s][info][gc,phases      ] GC(3) Adjust Roots 0.334ms
[0.190s][info][gc,phases,start] GC(3) Compaction Phase
[0.192s][info][gc,phases      ] GC(3) Compaction Phase 1.497ms
[0.192s][info][gc,phases,start] GC(3) Post Compact
[0.192s][info][gc,phases      ] GC(3) Post Compact 0.081ms
[0.192s][info][gc,heap        ] GC(3) PSYoungGen: 512K(1536K)->507K(1536K) Eden: 0K(1024K)->0K(1024K) From: 512K(512K)->507K(512K)
[0.192s][info][gc,heap        ] GC(3) ParOldGen: 504K(512K)->473K(2048K)
[0.192s][info][gc,metaspace   ] GC(3) Metaspace: 6300K(6528K)->6300K(6528K) NonClass: 5767K(5888K)->5767K(5888K) Class: 533K(640K)->533K(640K)
[0.192s][info][gc             ] GC(3) Pause Full (Ergonomics) 0M->0M(3M) 3.139ms
[0.192s][info][gc,cpu         ] GC(3) User=0.00s Sys=0.00s Real=0.00s
[0.193s][info][gc,start       ] GC(4) Pause Young (Allocation Failure)
[0.194s][info][gc,heap        ] GC(4) PSYoungGen: 1531K(1536K)->480K(2560K) Eden: 1024K(1024K)->0K(2048K) From: 507K(512K)->480K(512K)
[0.194s][info][gc,heap        ] GC(4) ParOldGen: 473K(2048K)->1038K(2048K)
[0.195s][info][gc,metaspace   ] GC(4) Metaspace: 6300K(6528K)->6300K(6528K) NonClass: 5767K(5888K)->5767K(5888K) Class: 533K(640K)->533K(640K)
[0.195s][info][gc             ] GC(4) Pause Young (Allocation Failure) 1M->1M(4M) 1.354ms
[0.195s][info][gc,cpu         ] GC(4) User=0.00s Sys=0.00s Real=0.00s
[0.197s][info][gc,start       ] GC(5) Pause Young (Allocation Failure)
[0.199s][info][gc,heap        ] GC(5) PSYoungGen: 2528K(2560K)->480K(2560K) Eden: 2048K(2048K)->0K(2048K) From: 480K(512K)->480K(512K)
[0.199s][info][gc,heap        ] GC(5) ParOldGen: 1038K(2048K)->2102K(2560K)
[0.199s][info][gc,metaspace   ] GC(5) Metaspace: 6300K(6528K)->6300K(6528K) NonClass: 5767K(5888K)->5767K(5888K) Class: 533K(640K)->533K(640K)
[0.199s][info][gc             ] GC(5) Pause Young (Allocation Failure) 3M->2M(5M) 1.600ms
[0.199s][info][gc,cpu         ] GC(5) User=0.00s Sys=0.00s Real=0.00s
[0.199s][info][gc,start       ] GC(6) Pause Full (Ergonomics)
[0.199s][info][gc,phases,start] GC(6) Marking Phase
[0.200s][info][gc,phases      ] GC(6) Marking Phase 1.448ms
[0.201s][info][gc,phases,start] GC(6) Summary Phase
[0.201s][info][gc,phases      ] GC(6) Summary Phase 0.015ms
[0.201s][info][gc,phases,start] GC(6) Adjust Roots
[0.201s][info][gc,phases      ] GC(6) Adjust Roots 0.308ms
[0.201s][info][gc,phases,start] GC(6) Compaction Phase
[0.203s][info][gc,phases      ] GC(6) Compaction Phase 2.174ms
[0.203s][info][gc,phases,start] GC(6) Post Compact
[0.203s][info][gc,phases      ] GC(6) Post Compact 0.032ms
[0.203s][info][gc,heap        ] GC(6) PSYoungGen: 480K(2560K)->0K(4096K) Eden: 0K(2048K)->0K(3072K) From: 480K(512K)->0K(1024K)
[0.203s][info][gc,heap        ] GC(6) ParOldGen: 2102K(2560K)->2542K(6144K)
[0.203s][info][gc,metaspace   ] GC(6) Metaspace: 6300K(6528K)->6300K(6528K) NonClass: 5767K(5888K)->5767K(5888K) Class: 533K(640K)->533K(640K)
[0.203s][info][gc             ] GC(6) Pause Full (Ergonomics) 2M->2M(10M) 4.310ms
[0.203s][info][gc,cpu         ] GC(6) User=0.00s Sys=0.00s Real=0.00s
[0.207s][info][gc,start       ] GC(7) Pause Young (Allocation Failure)
[0.209s][info][gc,heap        ] GC(7) PSYoungGen: 3072K(4096K)->1664K(5120K) Eden: 3072K(3072K)->0K(3072K) From: 0K(1024K)->1664K(2048K)
[0.209s][info][gc,heap        ] GC(7) ParOldGen: 2542K(6144K)->2542K(6144K)
[0.209s][info][gc,metaspace   ] GC(7) Metaspace: 6300K(6528K)->6300K(6528K) NonClass: 5767K(5888K)->5767K(5888K) Class: 533K(640K)->533K(640K)
[0.209s][info][gc             ] GC(7) Pause Young (Allocation Failure) 5M->4M(11M) 1.867ms
[0.209s][info][gc,cpu         ] GC(7) User=0.00s Sys=0.00s Real=0.00s
[0.214s][info][gc,start       ] GC(8) Pause Young (Allocation Failure)
[0.217s][info][gc,heap        ] GC(8) PSYoungGen: 4736K(5120K)->2016K(5632K) Eden: 3072K(3072K)->0K(3584K) From: 1664K(2048K)->2016K(2048K)
[0.217s][info][gc,heap        ] GC(8) ParOldGen: 2542K(6144K)->3774K(6144K)
[0.217s][info][gc,metaspace   ] GC(8) Metaspace: 6300K(6528K)->6300K(6528K) NonClass: 5767K(5888K)->5767K(5888K) Class: 533K(640K)->533K(640K)
[0.217s][info][gc             ] GC(8) Pause Young (Allocation Failure) 7M->5M(11M) 2.642ms
[0.217s][info][gc,cpu         ] GC(8) User=0.02s Sys=0.00s Real=0.00s
[0.222s][info][gc,start       ] GC(9) Pause Young (Allocation Failure)
[0.225s][info][gc,heap        ] GC(9) PSYoungGen: 5600K(5632K)->3040K(6656K) Eden: 3584K(3584K)->0K(3584K) From: 2016K(2048K)->3040K(3072K)
[0.225s][info][gc,heap        ] GC(9) ParOldGen: 3774K(6144K)->4614K(6144K)
[0.225s][info][gc,metaspace   ] GC(9) Metaspace: 6300K(6528K)->6300K(6528K) NonClass: 5767K(5888K)->5767K(5888K) Class: 533K(640K)->533K(640K)
[0.225s][info][gc             ] GC(9) Pause Young (Allocation Failure) 9M->7M(12M) 3.264ms
[0.225s][info][gc,cpu         ] GC(9) User=0.00s Sys=0.00s Real=0.00s
[0.229s][info][gc,start       ] GC(10) Pause Young (Allocation Failure)
[0.232s][info][gc,heap        ] GC(10) PSYoungGen: 6624K(6656K)->4064K(8704K) Eden: 3584K(3584K)->0K(4608K) From: 3040K(3072K)->4064K(4096K)
[0.233s][info][gc,heap        ] GC(10) ParOldGen: 4614K(6144K)->5462K(6144K)
[0.233s][info][gc,metaspace   ] GC(10) Metaspace: 6300K(6528K)->6300K(6528K) NonClass: 5767K(5888K)->5767K(5888K) Class: 533K(640K)->533K(640K)
[0.233s][info][gc             ] GC(10) Pause Young (Allocation Failure) 10M->9M(14M) 3.766ms
[0.233s][info][gc,cpu         ] GC(10) User=0.02s Sys=0.00s Real=0.00s
[0.233s][info][gc,start       ] GC(11) Pause Full (Ergonomics)
[0.233s][info][gc,phases,start] GC(11) Marking Phase
[0.237s][info][gc,phases      ] GC(11) Marking Phase 4.553ms
[0.237s][info][gc,phases,start] GC(11) Summary Phase
[0.237s][info][gc,phases      ] GC(11) Summary Phase 0.016ms
[0.237s][info][gc,phases,start] GC(11) Adjust Roots
[0.238s][info][gc,phases      ] GC(11) Adjust Roots 0.345ms
[0.238s][info][gc,phases,start] GC(11) Compaction Phase
[0.244s][info][gc,phases      ] GC(11) Compaction Phase 5.828ms
[0.244s][info][gc,phases,start] GC(11) Post Compact
[0.244s][info][gc,phases      ] GC(11) Post Compact 0.057ms
[0.244s][info][gc,heap        ] GC(11) PSYoungGen: 4064K(8704K)->3545K(8704K) Eden: 0K(4608K)->0K(4608K) From: 4064K(4096K)->3545K(4096K)
[0.244s][info][gc,heap        ] GC(11) ParOldGen: 5462K(6144K)->5831K(10752K)
[0.244s][info][gc,metaspace   ] GC(11) Metaspace: 6300K(6528K)->6300K(6528K) NonClass: 5767K(5888K)->5767K(5888K) Class: 533K(640K)->533K(640K)
[0.244s][info][gc             ] GC(11) Pause Full (Ergonomics) 9M->9M(19M) 11.124ms
[0.244s][info][gc,cpu         ] GC(11) User=0.00s Sys=0.00s Real=0.01s
[0.248s][info][gc,start       ] GC(12) Pause Young (Allocation Failure)
[0.252s][info][gc,heap        ] GC(12) PSYoungGen: 8013K(8704K)->5088K(9728K) Eden: 4468K(4608K)->0K(4608K) From: 3545K(4096K)->5088K(5120K)
[0.252s][info][gc,heap        ] GC(12) ParOldGen: 5831K(10752K)->6615K(10752K)
[0.252s][info][gc,metaspace   ] GC(12) Metaspace: 6300K(6528K)->6300K(6528K) NonClass: 5767K(5888K)->5767K(5888K) Class: 533K(640K)->533K(640K)
[0.252s][info][gc             ] GC(12) Pause Young (Allocation Failure) 13M->11M(20M) 3.767ms
[0.252s][info][gc,cpu         ] GC(12) User=0.00s Sys=0.00s Real=0.00s
[0.258s][info][gc,start       ] GC(13) Pause Young (Allocation Failure)
[0.264s][info][gc,heap        ] GC(13) PSYoungGen: 9696K(9728K)->6112K(11264K) Eden: 4608K(4608K)->0K(5120K) From: 5088K(5120K)->6112K(6144K)
[0.264s][info][gc,heap        ] GC(13) ParOldGen: 6615K(10752K)->7991K(10752K)
[0.264s][info][gc,metaspace   ] GC(13) Metaspace: 6300K(6528K)->6300K(6528K) NonClass: 5767K(5888K)->5767K(5888K) Class: 533K(640K)->533K(640K)
[0.264s][info][gc             ] GC(13) Pause Young (Allocation Failure) 15M->13M(21M) 6.158ms
[0.264s][info][gc,cpu         ] GC(13) User=0.02s Sys=0.00s Real=0.01s
[0.268s][info][gc,start       ] GC(14) Pause Young (Allocation Failure)
[0.273s][info][gc,heap        ] GC(14) PSYoungGen: 11232K(11264K)->5216K(12800K) Eden: 5120K(5120K)->0K(5120K) From: 6112K(6144K)->5216K(7680K)
[0.273s][info][gc,heap        ] GC(14) ParOldGen: 7991K(10752K)->11583K(11776K)
[0.273s][info][gc,metaspace   ] GC(14) Metaspace: 6302K(6528K)->6302K(6528K) NonClass: 5769K(5888K)->5769K(5888K) Class: 533K(640K)->533K(640K)
[0.273s][info][gc             ] GC(14) Pause Young (Allocation Failure) 18M->16M(24M) 5.241ms
[0.273s][info][gc,cpu         ] GC(14) User=0.00s Sys=0.00s Real=0.01s
[0.273s][info][gc,start       ] GC(15) Pause Full (Ergonomics)
[0.273s][info][gc,phases,start] GC(15) Marking Phase
[0.280s][info][gc,phases      ] GC(15) Marking Phase 6.877ms
[0.280s][info][gc,phases,start] GC(15) Summary Phase
[0.280s][info][gc,phases      ] GC(15) Summary Phase 0.015ms
[0.280s][info][gc,phases,start] GC(15) Adjust Roots
[0.281s][info][gc,phases      ] GC(15) Adjust Roots 0.244ms
[0.281s][info][gc,phases,start] GC(15) Compaction Phase
[0.288s][info][gc,phases      ] GC(15) Compaction Phase 7.586ms
[0.288s][info][gc,phases,start] GC(15) Post Compact
[0.288s][info][gc,phases      ] GC(15) Post Compact 0.076ms
[0.288s][info][gc,heap        ] GC(15) PSYoungGen: 5216K(12800K)->5187K(12800K) Eden: 0K(5120K)->0K(5120K) From: 5216K(7680K)->5187K(7680K)
[0.288s][info][gc,heap        ] GC(15) ParOldGen: 11583K(11776K)->11463K(18432K)
[0.288s][info][gc,metaspace   ] GC(15) Metaspace: 6302K(6528K)->6302K(6528K) NonClass: 5769K(5888K)->5769K(5888K) Class: 533K(640K)->533K(640K)
[0.288s][info][gc             ] GC(15) Pause Full (Ergonomics) 16M->16M(30M) 15.098ms
[0.288s][info][gc,cpu         ] GC(15) User=0.00s Sys=0.00s Real=0.01s
[0.292s][info][gc,start       ] GC(16) Pause Young (Allocation Failure)
[0.298s][info][gc,heap        ] GC(16) PSYoungGen: 10307K(12800K)->2688K(14336K) Eden: 5120K(5120K)->0K(7168K) From: 5187K(7680K)->2688K(7168K)
[0.298s][info][gc,heap        ] GC(16) ParOldGen: 11463K(18432K)->16735K(18432K)
[0.298s][info][gc,metaspace   ] GC(16) Metaspace: 6302K(6528K)->6302K(6528K) NonClass: 5769K(5888K)->5769K(5888K) Class: 533K(640K)->533K(640K)
[0.298s][info][gc             ] GC(16) Pause Young (Allocation Failure) 21M->18M(32M) 6.699ms
[0.298s][info][gc,cpu         ] GC(16) User=0.02s Sys=0.00s Real=0.01s
[0.298s][info][gc,start       ] GC(17) Pause Full (Ergonomics)
[0.298s][info][gc,phases,start] GC(17) Marking Phase
[0.307s][info][gc,phases      ] GC(17) Marking Phase 8.030ms
[0.307s][info][gc,phases,start] GC(17) Summary Phase
[0.307s][info][gc,phases      ] GC(17) Summary Phase 0.014ms
[0.307s][info][gc,phases,start] GC(17) Adjust Roots
[0.307s][info][gc,phases      ] GC(17) Adjust Roots 0.225ms
[0.307s][info][gc,phases,start] GC(17) Compaction Phase
[0.313s][info][gc,phases      ] GC(17) Compaction Phase 5.702ms
[0.313s][info][gc,phases,start] GC(17) Post Compact
[0.313s][info][gc,phases      ] GC(17) Post Compact 0.071ms
[0.313s][info][gc,heap        ] GC(17) PSYoungGen: 2688K(14336K)->1105K(14848K) Eden: 0K(7168K)->0K(7680K) From: 2688K(7168K)->1105K(7168K)
[0.313s][info][gc,heap        ] GC(17) ParOldGen: 16735K(18432K)->18183K(27648K)
[0.313s][info][gc,metaspace   ] GC(17) Metaspace: 6302K(6528K)->6302K(6528K) NonClass: 5769K(5888K)->5769K(5888K) Class: 533K(640K)->533K(640K)
[0.313s][info][gc             ] GC(17) Pause Full (Ergonomics) 18M->18M(41M) 14.337ms
[0.313s][info][gc,cpu         ] GC(17) User=0.02s Sys=0.00s Real=0.01s
[0.317s][info][gc,start       ] GC(18) Pause Young (Allocation Failure)
[0.322s][info][gc,heap        ] GC(18) PSYoungGen: 7799K(14848K)->3456K(15360K) Eden: 6694K(7680K)->0K(7680K) From: 1105K(7168K)->3456K(7680K)
[0.322s][info][gc,heap        ] GC(18) ParOldGen: 18183K(27648K)->19311K(27648K)
[0.322s][info][gc,metaspace   ] GC(18) Metaspace: 6302K(6528K)->6302K(6528K) NonClass: 5769K(5888K)->5769K(5888K) Class: 533K(640K)->533K(640K)
[0.322s][info][gc             ] GC(18) Pause Young (Allocation Failure) 25M->22M(42M) 4.860ms
[0.322s][info][gc,cpu         ] GC(18) User=0.00s Sys=0.00s Real=0.01s
[0.331s][info][gc,start       ] GC(19) Pause Young (Allocation Failure)
[0.338s][info][gc,heap        ] GC(19) PSYoungGen: 11135K(15360K)->4512K(17920K) Eden: 7679K(7680K)->0K(10240K) From: 3456K(7680K)->4512K(7680K)
[0.338s][info][gc,heap        ] GC(19) ParOldGen: 19311K(27648K)->22759K(27648K)
[0.338s][info][gc,metaspace   ] GC(19) Metaspace: 6302K(6528K)->6302K(6528K) NonClass: 5769K(5888K)->5769K(5888K) Class: 533K(640K)->533K(640K)
[0.338s][info][gc             ] GC(19) Pause Young (Allocation Failure) 29M->26M(44M) 7.108ms
[0.338s][info][gc,cpu         ] GC(19) User=0.00s Sys=0.00s Real=0.01s
[0.344s][info][gc,start       ] GC(20) Pause Young (Allocation Failure)
[0.351s][info][gc,heap        ] GC(20) PSYoungGen: 14752K(17920K)->5312K(17920K) Eden: 10240K(10240K)->0K(10240K) From: 4512K(7680K)->5312K(7680K)
[0.351s][info][gc,heap        ] GC(20) ParOldGen: 22759K(27648K)->27287K(27648K)
[0.351s][info][gc,metaspace   ] GC(20) Metaspace: 6302K(6528K)->6302K(6528K) NonClass: 5769K(5888K)->5769K(5888K) Class: 533K(640K)->533K(640K)
[0.351s][info][gc             ] GC(20) Pause Young (Allocation Failure) 36M->31M(44M) 7.007ms
[0.351s][info][gc,cpu         ] GC(20) User=0.00s Sys=0.00s Real=0.01s
[0.351s][info][gc,start       ] GC(21) Pause Full (Ergonomics)
[0.351s][info][gc,phases,start] GC(21) Marking Phase
[0.364s][info][gc,phases      ] GC(21) Marking Phase 12.604ms
[0.364s][info][gc,phases,start] GC(21) Summary Phase
[0.364s][info][gc,phases      ] GC(21) Summary Phase 0.018ms
[0.364s][info][gc,phases,start] GC(21) Adjust Roots
[0.364s][info][gc,phases      ] GC(21) Adjust Roots 0.195ms
[0.364s][info][gc,phases,start] GC(21) Compaction Phase
[0.377s][info][gc,phases      ] GC(21) Compaction Phase 12.613ms
[0.377s][info][gc,phases,start] GC(21) Post Compact
[0.377s][info][gc,phases      ] GC(21) Post Compact 0.122ms
[0.377s][info][gc,heap        ] GC(21) PSYoungGen: 5312K(17920K)->4779K(17920K) Eden: 0K(10240K)->0K(10240K) From: 5312K(7680K)->4779K(7680K)
[0.377s][info][gc,heap        ] GC(21) ParOldGen: 27287K(27648K)->27140K(38912K)
[0.377s][info][gc,metaspace   ] GC(21) Metaspace: 6302K(6528K)->6302K(6528K) NonClass: 5769K(5888K)->5769K(5888K) Class: 533K(640K)->533K(640K)
[0.377s][info][gc             ] GC(21) Pause Full (Ergonomics) 31M->31M(55M) 26.044ms
[0.377s][info][gc,cpu         ] GC(21) User=0.02s Sys=0.00s Real=0.03s
[0.386s][info][gc,start       ] GC(22) Pause Young (Allocation Failure)
[0.398s][info][gc,heap        ] GC(22) PSYoungGen: 15019K(17920K)->8192K(17920K) Eden: 10240K(10240K)->0K(9728K) From: 4779K(7680K)->8192K(8192K)
[0.398s][info][gc,heap        ] GC(22) ParOldGen: 27140K(38912K)->32964K(38912K)
[0.398s][info][gc,metaspace   ] GC(22) Metaspace: 6302K(6528K)->6302K(6528K) NonClass: 5769K(5888K)->5769K(5888K) Class: 533K(640K)->533K(640K)
[0.398s][info][gc             ] GC(22) Pause Young (Allocation Failure) 41M->40M(55M) 12.055ms
[0.398s][info][gc,cpu         ] GC(22) User=0.00s Sys=0.00s Real=0.01s
[0.398s][info][gc,start       ] GC(23) Pause Full (Ergonomics)
[0.398s][info][gc,phases,start] GC(23) Marking Phase
[0.421s][info][gc,phases      ] GC(23) Marking Phase 23.181ms
[0.421s][info][gc,phases,start] GC(23) Summary Phase
[0.421s][info][gc,phases      ] GC(23) Summary Phase 0.015ms
[0.421s][info][gc,phases,start] GC(23) Adjust Roots
[0.421s][info][gc,phases      ] GC(23) Adjust Roots 0.203ms
[0.421s][info][gc,phases,start] GC(23) Compaction Phase
[0.433s][info][gc,phases      ] GC(23) Compaction Phase 11.692ms
[0.433s][info][gc,phases,start] GC(23) Post Compact
[0.433s][info][gc,phases      ] GC(23) Post Compact 0.196ms
[0.433s][info][gc,heap        ] GC(23) PSYoungGen: 8192K(17920K)->2555K(17920K) Eden: 0K(9728K)->0K(9728K) From: 8192K(8192K)->2555K(8192K)
[0.433s][info][gc,heap        ] GC(23) ParOldGen: 32964K(38912K)->38488K(52736K)
[0.433s][info][gc,metaspace   ] GC(23) Metaspace: 6302K(6528K)->6302K(6528K) NonClass: 5769K(5888K)->5769K(5888K) Class: 533K(640K)->533K(640K)
[0.433s][info][gc             ] GC(23) Pause Full (Ergonomics) 40M->40M(69M) 35.667ms
[0.434s][info][gc,cpu         ] GC(23) User=0.06s Sys=0.00s Real=0.04s
[0.447s][info][gc,start       ] GC(24) Pause Young (Allocation Failure)
[0.457s][info][gc,heap        ] GC(24) PSYoungGen: 12283K(17920K)->9760K(20992K) Eden: 9728K(9728K)->0K(9728K) From: 2555K(8192K)->9760K(11264K)
[0.457s][info][gc,heap        ] GC(24) ParOldGen: 38488K(52736K)->41088K(52736K)
[0.457s][info][gc,metaspace   ] GC(24) Metaspace: 6302K(6528K)->6302K(6528K) NonClass: 5769K(5888K)->5769K(5888K) Class: 533K(640K)->533K(640K)
[0.457s][info][gc             ] GC(24) Pause Young (Allocation Failure) 49M->49M(72M) 10.194ms
[0.457s][info][gc,cpu         ] GC(24) User=0.02s Sys=0.00s Real=0.01s
[0.468s][info][gc,start       ] GC(25) Pause Young (Allocation Failure)
[0.482s][info][gc,heap        ] GC(25) PSYoungGen: 19488K(20992K)->12768K(19968K) Eden: 9728K(9728K)->0K(7168K) From: 9760K(11264K)->12768K(12800K)
[0.482s][info][gc,heap        ] GC(25) ParOldGen: 41088K(52736K)->47864K(52736K)
[0.482s][info][gc,metaspace   ] GC(25) Metaspace: 6302K(6528K)->6302K(6528K) NonClass: 5769K(5888K)->5769K(5888K) Class: 533K(640K)->533K(640K)
[0.482s][info][gc             ] GC(25) Pause Young (Allocation Failure) 59M->59M(71M) 13.992ms
[0.482s][info][gc,cpu         ] GC(25) User=0.00s Sys=0.00s Real=0.01s
[0.482s][info][gc,start       ] GC(26) Pause Full (Ergonomics)
[0.482s][info][gc,phases,start] GC(26) Marking Phase
[0.505s][info][gc,phases      ] GC(26) Marking Phase 23.399ms
[0.505s][info][gc,phases,start] GC(26) Summary Phase
[0.505s][info][gc,phases      ] GC(26) Summary Phase 0.020ms
[0.505s][info][gc,phases,start] GC(26) Adjust Roots
[0.506s][info][gc,phases      ] GC(26) Adjust Roots 0.161ms
[0.506s][info][gc,phases,start] GC(26) Compaction Phase
[0.525s][info][gc,phases      ] GC(26) Compaction Phase 19.098ms
[0.525s][info][gc,phases,start] GC(26) Post Compact
[0.525s][info][gc,phases      ] GC(26) Post Compact 0.204ms
[0.525s][info][gc,heap        ] GC(26) PSYoungGen: 12768K(19968K)->7122K(19968K) Eden: 0K(7168K)->0K(7168K) From: 12768K(12800K)->7122K(12800K)
[0.525s][info][gc,heap        ] GC(26) ParOldGen: 47864K(52736K)->52301K(69120K)
[0.525s][info][gc,metaspace   ] GC(26) Metaspace: 6302K(6528K)->6302K(6528K) NonClass: 5769K(5888K)->5769K(5888K) Class: 533K(640K)->533K(640K)
[0.525s][info][gc             ] GC(26) Pause Full (Ergonomics) 59M->58M(87M) 43.288ms
[0.525s][info][gc,cpu         ] GC(26) User=0.03s Sys=0.00s Real=0.04s
[0.533s][info][gc,start       ] GC(27) Pause Young (Allocation Failure)
[0.547s][info][gc,heap        ] GC(27) PSYoungGen: 14290K(19968K)->7168K(24576K) Eden: 7168K(7168K)->0K(7168K) From: 7122K(12800K)->7168K(17408K)
[0.547s][info][gc,heap        ] GC(27) ParOldGen: 52301K(69120K)->59541K(69120K)
[0.547s][info][gc,metaspace   ] GC(27) Metaspace: 6302K(6528K)->6302K(6528K) NonClass: 5769K(5888K)->5769K(5888K) Class: 533K(640K)->533K(640K)
[0.547s][info][gc             ] GC(27) Pause Young (Allocation Failure) 65M->65M(91M) 14.256ms
[0.547s][info][gc,cpu         ] GC(27) User=0.02s Sys=0.00s Real=0.01s
[0.554s][info][gc,start       ] GC(28) Pause Young (Allocation Failure)
[0.564s][info][gc,heap        ] GC(28) PSYoungGen: 14336K(24576K)->14336K(23040K) Eden: 7168K(7168K)->0K(6656K) From: 7168K(17408K)->14336K(16384K)
[0.564s][info][gc,heap        ] GC(28) ParOldGen: 59541K(69120K)->59541K(69120K)
[0.564s][info][gc,metaspace   ] GC(28) Metaspace: 6302K(6528K)->6302K(6528K) NonClass: 5769K(5888K)->5769K(5888K) Class: 533K(640K)->533K(640K)
[0.564s][info][gc             ] GC(28) Pause Young (Allocation Failure) 72M->72M(90M) 10.278ms
[0.564s][info][gc,cpu         ] GC(28) User=0.02s Sys=0.00s Real=0.01s
[0.571s][info][gc,start       ] GC(29) Pause Young (Allocation Failure)
[0.585s][info][gc,heap        ] GC(29) PSYoungGen: 20992K(23040K)->13824K(25088K) Eden: 6656K(6656K)->0K(6656K) From: 14336K(16384K)->13824K(18432K)
[0.585s][info][gc,heap        ] GC(29) ParOldGen: 59541K(69120K)->66805K(69120K)
[0.585s][info][gc,metaspace   ] GC(29) Metaspace: 6302K(6528K)->6302K(6528K) NonClass: 5769K(5888K)->5769K(5888K) Class: 533K(640K)->533K(640K)
[0.585s][info][gc             ] GC(29) Pause Young (Allocation Failure) 78M->78M(92M) 13.883ms
[0.585s][info][gc,cpu         ] GC(29) User=0.02s Sys=0.00s Real=0.01s
[0.585s][info][gc,start       ] GC(30) Pause Full (Ergonomics)
[0.585s][info][gc,phases,start] GC(30) Marking Phase
[0.616s][info][gc,phases      ] GC(30) Marking Phase 31.133ms
[0.616s][info][gc,phases,start] GC(30) Summary Phase
[0.616s][info][gc,phases      ] GC(30) Summary Phase 0.016ms
[0.616s][info][gc,phases,start] GC(30) Adjust Roots
[0.616s][info][gc,phases      ] GC(30) Adjust Roots 0.168ms
[0.616s][info][gc,phases,start] GC(30) Compaction Phase
[0.635s][info][gc,phases      ] GC(30) Compaction Phase 18.956ms
[0.635s][info][gc,phases,start] GC(30) Post Compact
[0.636s][info][gc,phases      ] GC(30) Post Compact 0.397ms
[0.636s][info][gc,heap        ] GC(30) PSYoungGen: 13824K(25088K)->11209K(25088K) Eden: 0K(6656K)->0K(6656K) From: 13824K(18432K)->11209K(18432K)
[0.636s][info][gc,heap        ] GC(30) ParOldGen: 66805K(69120K)->69117K(89600K)
[0.636s][info][gc,metaspace   ] GC(30) Metaspace: 6302K(6528K)->6302K(6528K) NonClass: 5769K(5888K)->5769K(5888K) Class: 533K(640K)->533K(640K)
[0.636s][info][gc             ] GC(30) Pause Full (Ergonomics) 78M->78M(112M) 51.166ms
[0.636s][info][gc,cpu         ] GC(30) User=0.08s Sys=0.00s Real=0.05s
[0.644s][info][gc,start       ] GC(31) Pause Young (Allocation Failure)
[0.661s][info][gc,heap        ] GC(31) PSYoungGen: 17865K(25088K)->11968K(27648K) Eden: 6656K(6656K)->0K(8192K) From: 11209K(18432K)->11968K(19456K)
[0.661s][info][gc,heap        ] GC(31) ParOldGen: 69117K(89600K)->75157K(89600K)
[0.661s][info][gc,metaspace   ] GC(31) Metaspace: 6302K(6528K)->6302K(6528K) NonClass: 5769K(5888K)->5769K(5888K) Class: 533K(640K)->533K(640K)
[0.661s][info][gc             ] GC(31) Pause Young (Allocation Failure) 84M->85M(114M) 16.217ms
[0.661s][info][gc,cpu         ] GC(31) User=0.00s Sys=0.00s Real=0.02s
[0.675s][info][gc,start       ] GC(32) Pause Young (Allocation Failure)
[0.689s][info][gc,heap        ] GC(32) PSYoungGen: 20160K(27648K)->14848K(28160K) Eden: 8192K(8192K)->0K(8192K) From: 11968K(19456K)->14848K(19968K)
[0.689s][info][gc,heap        ] GC(32) ParOldGen: 75157K(89600K)->80525K(89600K)
[0.689s][info][gc,metaspace   ] GC(32) Metaspace: 6302K(6528K)->6302K(6528K) NonClass: 5769K(5888K)->5769K(5888K) Class: 533K(640K)->533K(640K)
[0.689s][info][gc             ] GC(32) Pause Young (Allocation Failure) 93M->93M(115M) 14.781ms
[0.689s][info][gc,cpu         ] GC(32) User=0.02s Sys=0.00s Real=0.01s
[0.690s][info][gc,start       ] GC(33) Pause Full (Ergonomics)
[0.690s][info][gc,phases,start] GC(33) Marking Phase
[0.735s][info][gc,phases      ] GC(33) Marking Phase 45.318ms
[0.735s][info][gc,phases,start] GC(33) Summary Phase
[0.735s][info][gc,phases      ] GC(33) Summary Phase 0.020ms
[0.735s][info][gc,phases,start] GC(33) Adjust Roots
[0.735s][info][gc,phases      ] GC(33) Adjust Roots 0.203ms
[0.735s][info][gc,phases,start] GC(33) Compaction Phase
[0.763s][info][gc,phases      ] GC(33) Compaction Phase 27.619ms
[0.763s][info][gc,phases,start] GC(33) Post Compact
[0.763s][info][gc,phases      ] GC(33) Post Compact 0.296ms
[0.763s][info][gc,heap        ] GC(33) PSYoungGen: 14848K(28160K)->3553K(28160K) Eden: 0K(8192K)->0K(8192K) From: 14848K(19968K)->3553K(19968K)
[0.763s][info][gc,heap        ] GC(33) ParOldGen: 80525K(89600K)->89528K(112128K)
[0.763s][info][gc,metaspace   ] GC(33) Metaspace: 6302K(6528K)->6302K(6528K) NonClass: 5769K(5888K)->5769K(5888K) Class: 533K(640K)->533K(640K)
[0.763s][info][gc             ] GC(33) Pause Full (Ergonomics) 93M->90M(137M) 73.830ms
[0.763s][info][gc,cpu         ] GC(33) User=0.09s Sys=0.00s Real=0.07s
[0.770s][info][gc,start       ] GC(34) Pause Young (Allocation Failure)
[0.784s][info][gc,heap        ] GC(34) PSYoungGen: 11745K(28160K)->10176K(29184K) Eden: 8192K(8192K)->0K(9728K) From: 3553K(19968K)->10176K(19456K)
[0.784s][info][gc,heap        ] GC(34) ParOldGen: 89528K(112128K)->91184K(112128K)
[0.784s][info][gc,metaspace   ] GC(34) Metaspace: 6302K(6528K)->6302K(6528K) NonClass: 5769K(5888K)->5769K(5888K) Class: 533K(640K)->533K(640K)
[0.784s][info][gc             ] GC(34) Pause Young (Allocation Failure) 98M->98M(138M) 13.329ms
[0.784s][info][gc,cpu         ] GC(34) User=0.00s Sys=0.00s Real=0.01s
[0.793s][info][gc,start       ] GC(35) Pause Young (Allocation Failure)
[0.803s][info][gc,heap        ] GC(35) PSYoungGen: 19904K(29184K)->19872K(30208K) Eden: 9728K(9728K)->0K(9728K) From: 10176K(19456K)->19872K(20480K)
[0.803s][info][gc,heap        ] GC(35) ParOldGen: 91184K(112128K)->91184K(112128K)
[0.803s][info][gc,metaspace   ] GC(35) Metaspace: 6302K(6528K)->6302K(6528K) NonClass: 5769K(5888K)->5769K(5888K) Class: 533K(640K)->533K(640K)
[0.803s][info][gc             ] GC(35) Pause Young (Allocation Failure) 108M->108M(139M) 9.981ms
[0.803s][info][gc,cpu         ] GC(35) User=0.00s Sys=0.00s Real=0.01s
[0.812s][info][gc,start       ] GC(36) Pause Young (Allocation Failure)
[0.829s][info][gc,heap        ] GC(36) PSYoungGen: 29600K(30208K)->23552K(29184K) Eden: 9728K(9728K)->0K(5632K) From: 19872K(20480K)->23552K(23552K)
[0.830s][info][gc,heap        ] GC(36) ParOldGen: 91184K(112128K)->97264K(112128K)
[0.830s][info][gc,metaspace   ] GC(36) Metaspace: 6302K(6528K)->6302K(6528K) NonClass: 5769K(5888K)->5769K(5888K) Class: 533K(640K)->533K(640K)
[0.830s][info][gc             ] GC(36) Pause Young (Allocation Failure) 117M->117M(138M) 17.143ms
[0.830s][info][gc,cpu         ] GC(36) User=0.02s Sys=0.00s Real=0.02s
[0.836s][info][gc,start       ] GC(37) Pause Young (Allocation Failure)
[0.850s][info][gc,heap        ] GC(37) PSYoungGen: 29184K(29184K)->19680K(34816K) Eden: 5632K(5632K)->0K(5632K) From: 23552K(23552K)->19680K(29184K)
[0.850s][info][gc,heap        ] GC(37) ParOldGen: 97264K(112128K)->106944K(112128K)
[0.850s][info][gc,metaspace   ] GC(37) Metaspace: 6302K(6528K)->6302K(6528K) NonClass: 5769K(5888K)->5769K(5888K) Class: 533K(640K)->533K(640K)
[0.850s][info][gc             ] GC(37) Pause Young (Allocation Failure) 123M->123M(143M) 13.947ms
[0.850s][info][gc,cpu         ] GC(37) User=0.02s Sys=0.00s Real=0.01s
[0.850s][info][gc,start       ] GC(38) Pause Full (Ergonomics)
[0.850s][info][gc,phases,start] GC(38) Marking Phase
[0.882s][info][gc,phases      ] GC(38) Marking Phase 32.547ms
[0.883s][info][gc,phases,start] GC(38) Summary Phase
[0.883s][info][gc,phases      ] GC(38) Summary Phase 0.021ms
[0.883s][info][gc,phases,start] GC(38) Adjust Roots
[0.883s][info][gc,phases      ] GC(38) Adjust Roots 0.152ms
[0.883s][info][gc,phases,start] GC(38) Compaction Phase
[0.902s][info][gc,phases      ] GC(38) Compaction Phase 19.513ms
[0.902s][info][gc,phases,start] GC(38) Post Compact
[0.903s][info][gc,phases      ] GC(38) Post Compact 0.578ms
[0.903s][info][gc,heap        ] GC(38) PSYoungGen: 19680K(34816K)->14477K(34816K) Eden: 0K(5632K)->0K(5632K) From: 19680K(29184K)->14477K(29184K)
[0.903s][info][gc,heap        ] GC(38) ParOldGen: 106944K(112128K)->111753K(137728K)
[0.903s][info][gc,metaspace   ] GC(38) Metaspace: 6302K(6528K)->6302K(6528K) NonClass: 5769K(5888K)->5769K(5888K) Class: 533K(640K)->533K(640K)
[0.903s][info][gc             ] GC(38) Pause Full (Ergonomics) 123M->123M(168M) 53.237ms
[0.903s][info][gc,cpu         ] GC(38) User=0.14s Sys=0.00s Real=0.05s
[0.908s][info][gc,start       ] GC(39) Pause Young (Allocation Failure)
[0.923s][info][gc,heap        ] GC(39) PSYoungGen: 20109K(34816K)->14528K(34304K) Eden: 5632K(5632K)->0K(6656K) From: 14477K(29184K)->14528K(27648K)
[0.923s][info][gc,heap        ] GC(39) ParOldGen: 111753K(137728K)->117489K(137728K)
[0.923s][info][gc,metaspace   ] GC(39) Metaspace: 6302K(6528K)->6302K(6528K) NonClass: 5769K(5888K)->5769K(5888K) Class: 533K(640K)->533K(640K)
[0.923s][info][gc             ] GC(39) Pause Young (Allocation Failure) 128M->128M(168M) 14.385ms
[0.923s][info][gc,cpu         ] GC(39) User=0.02s Sys=0.00s Real=0.01s
[0.929s][info][gc,start       ] GC(40) Pause Young (Allocation Failure)
[0.939s][info][gc,heap        ] GC(40) PSYoungGen: 21184K(34304K)->16832K(35840K) Eden: 6656K(6656K)->0K(6656K) From: 14528K(27648K)->16832K(29184K)
[0.939s][info][gc,heap        ] GC(40) ParOldGen: 117489K(137728K)->121929K(137728K)
[0.939s][info][gc,metaspace   ] GC(40) Metaspace: 6302K(6528K)->6302K(6528K) NonClass: 5769K(5888K)->5769K(5888K) Class: 533K(640K)->533K(640K)
[0.939s][info][gc             ] GC(40) Pause Young (Allocation Failure) 135M->135M(169M) 9.904ms
[0.939s][info][gc,cpu         ] GC(40) User=0.02s Sys=0.00s Real=0.01s
[0.946s][info][gc,start       ] GC(41) Pause Young (Allocation Failure)
[0.956s][info][gc,heap        ] GC(41) PSYoungGen: 23488K(35840K)->18976K(36864K) Eden: 6656K(6656K)->0K(7680K) From: 16832K(29184K)->18976K(29184K)
[0.956s][info][gc,heap        ] GC(41) ParOldGen: 121929K(137728K)->126497K(137728K)
[0.956s][info][gc,metaspace   ] GC(41) Metaspace: 6302K(6528K)->6302K(6528K) NonClass: 5769K(5888K)->5769K(5888K) Class: 533K(640K)->533K(640K)
[0.956s][info][gc             ] GC(41) Pause Young (Allocation Failure) 142M->142M(170M) 10.505ms
[0.956s][info][gc,cpu         ] GC(41) User=0.02s Sys=0.00s Real=0.01s
[0.964s][info][gc,start       ] GC(42) Pause Young (Allocation Failure)
[0.976s][info][gc,heap        ] GC(42) PSYoungGen: 26656K(36864K)->14400K(37376K) Eden: 7680K(7680K)->0K(7680K) From: 18976K(29184K)->14400K(29696K)
[0.976s][info][gc,heap        ] GC(42) ParOldGen: 126497K(137728K)->138929K(139264K)
[0.976s][info][gc,metaspace   ] GC(42) Metaspace: 6302K(6528K)->6302K(6528K) NonClass: 5769K(5888K)->5769K(5888K) Class: 533K(640K)->533K(640K)
[0.976s][info][gc             ] GC(42) Pause Young (Allocation Failure) 149M->149M(172M) 12.766ms
[0.976s][info][gc,cpu         ] GC(42) User=0.02s Sys=0.00s Real=0.01s
[0.976s][info][gc,start       ] GC(43) Pause Full (Ergonomics)
[0.976s][info][gc,phases,start] GC(43) Marking Phase
[1.014s][info][gc,phases      ] GC(43) Marking Phase 37.491ms
[1.014s][info][gc,phases,start] GC(43) Summary Phase
[1.014s][info][gc,phases      ] GC(43) Summary Phase 0.015ms
[1.014s][info][gc,phases,start] GC(43) Adjust Roots
[1.014s][info][gc,phases      ] GC(43) Adjust Roots 0.152ms
[1.014s][info][gc,phases,start] GC(43) Compaction Phase
[1.042s][info][gc,phases      ] GC(43) Compaction Phase 27.881ms
[1.042s][info][gc,phases,start] GC(43) Post Compact
[1.043s][info][gc,phases      ] GC(43) Post Compact 0.746ms
[1.043s][info][gc,heap        ] GC(43) PSYoungGen: 14400K(37376K)->13764K(37376K) Eden: 0K(7680K)->0K(7680K) From: 14400K(29696K)->13764K(29696K)
[1.043s][info][gc,heap        ] GC(43) ParOldGen: 138929K(139264K)->138970K(167936K)
[1.043s][info][gc,metaspace   ] GC(43) Metaspace: 6302K(6528K)->6302K(6528K) NonClass: 5769K(5888K)->5769K(5888K) Class: 533K(640K)->533K(640K)
[1.043s][info][gc             ] GC(43) Pause Full (Ergonomics) 149M->149M(200M) 66.749ms
[1.043s][info][gc,cpu         ] GC(43) User=0.11s Sys=0.00s Real=0.07s
[1.051s][info][gc,start       ] GC(44) Pause Young (Allocation Failure)
[1.069s][info][gc,heap        ] GC(44) PSYoungGen: 21444K(37376K)->7744K(35328K) Eden: 7680K(7680K)->0K(8704K) From: 13764K(29696K)->7744K(26624K)
[1.069s][info][gc,heap        ] GC(44) ParOldGen: 138970K(167936K)->152954K(167936K)
[1.069s][info][gc,metaspace   ] GC(44) Metaspace: 6302K(6528K)->6302K(6528K) NonClass: 5769K(5888K)->5769K(5888K) Class: 533K(640K)->533K(640K)
[1.069s][info][gc             ] GC(44) Pause Young (Allocation Failure) 156M->156M(198M) 18.274ms
[1.070s][info][gc,cpu         ] GC(44) User=0.02s Sys=0.00s Real=0.02s
[1.070s][info][gc,start       ] GC(45) Pause Full (Ergonomics)
[1.070s][info][gc,phases,start] GC(45) Marking Phase
[1.108s][info][gc,phases      ] GC(45) Marking Phase 38.318ms
[1.108s][info][gc,phases,start] GC(45) Summary Phase
[1.108s][info][gc,phases      ] GC(45) Summary Phase 0.025ms
[1.108s][info][gc,phases,start] GC(45) Adjust Roots
[1.108s][info][gc,phases      ] GC(45) Adjust Roots 0.147ms
[1.108s][info][gc,phases,start] GC(45) Compaction Phase
[1.127s][info][gc,phases      ] GC(45) Compaction Phase 19.204ms
[1.127s][info][gc,phases,start] GC(45) Post Compact
[1.128s][info][gc,phases      ] GC(45) Post Compact 0.806ms
[1.128s][info][gc,heap        ] GC(45) PSYoungGen: 7744K(35328K)->0K(36352K) Eden: 0K(8704K)->0K(8704K) From: 7744K(26624K)->0K(27648K)
[1.128s][info][gc,heap        ] GC(45) ParOldGen: 152954K(167936K)->160383K(194048K)
[1.128s][info][gc,metaspace   ] GC(45) Metaspace: 6302K(6528K)->6302K(6528K) NonClass: 5769K(5888K)->5769K(5888K) Class: 533K(640K)->533K(640K)
[1.128s][info][gc             ] GC(45) Pause Full (Ergonomics) 156M->156M(225M) 58.901ms
[1.128s][info][gc,cpu         ] GC(45) User=0.17s Sys=0.00s Real=0.06s
[1.137s][info][gc,start       ] GC(46) Pause Young (Allocation Failure)
[1.142s][info][gc,heap        ] GC(46) PSYoungGen: 8704K(36352K)->8800K(36864K) Eden: 8704K(8704K)->0K(10240K) From: 0K(27648K)->8800K(26624K)
[1.143s][info][gc,heap        ] GC(46) ParOldGen: 160383K(194048K)->160383K(194048K)
[1.143s][info][gc,metaspace   ] GC(46) Metaspace: 6302K(6528K)->6302K(6528K) NonClass: 5769K(5888K)->5769K(5888K) Class: 533K(640K)->533K(640K)
[1.143s][info][gc             ] GC(46) Pause Young (Allocation Failure) 165M->165M(225M) 5.795ms
[1.143s][info][gc,cpu         ] GC(46) User=0.00s Sys=0.00s Real=0.00s
[1.178s][info][gc,start       ] GC(47) Pause Young (Allocation Failure)
[1.191s][info][gc,heap        ] GC(47) PSYoungGen: 19040K(36864K)->19008K(37376K) Eden: 10240K(10240K)->0K(10240K) From: 8800K(26624K)->19008K(27136K)
[1.191s][info][gc,heap        ] GC(47) ParOldGen: 168575K(194048K)->168575K(194048K)
[1.191s][info][gc,metaspace   ] GC(47) Metaspace: 6302K(6528K)->6302K(6528K) NonClass: 5769K(5888K)->5769K(5888K) Class: 533K(640K)->533K(640K)
[1.191s][info][gc             ] GC(47) Pause Young (Allocation Failure) 183M->183M(226M) 12.723ms
[1.191s][info][gc,cpu         ] GC(47) User=0.02s Sys=0.00s Real=0.01s
[1.200s][info][gc,start       ] GC(48) Pause Young (Allocation Failure)
[1.214s][info][gc,heap        ] GC(48) PSYoungGen: 29248K(37376K)->28160K(35328K) Eden: 10240K(10240K)->0K(7168K) From: 19008K(27136K)->28160K(28160K)
[1.214s][info][gc,heap        ] GC(48) ParOldGen: 168575K(194048K)->169599K(194048K)
[1.214s][info][gc,metaspace   ] GC(48) Metaspace: 6302K(6528K)->6302K(6528K) NonClass: 5769K(5888K)->5769K(5888K) Class: 533K(640K)->533K(640K)
[1.214s][info][gc             ] GC(48) Pause Young (Allocation Failure) 193M->193M(224M) 13.779ms
[1.214s][info][gc,cpu         ] GC(48) User=0.00s Sys=0.00s Real=0.01s
[1.221s][info][gc,start       ] GC(49) Pause Young (Allocation Failure)
[1.239s][info][gc,heap        ] GC(49) PSYoungGen: 35328K(35328K)->16832K(39424K) Eden: 7168K(7168K)->0K(7168K) From: 28160K(28160K)->16832K(32256K)
[1.239s][info][gc,heap        ] GC(49) ParOldGen: 169599K(194048K)->188407K(194048K)
[1.239s][info][gc,metaspace   ] GC(49) Metaspace: 6302K(6528K)->6302K(6528K) NonClass: 5769K(5888K)->5769K(5888K) Class: 533K(640K)->533K(640K)
[1.239s][info][gc             ] GC(49) Pause Young (Allocation Failure) 200M->200M(228M) 18.110ms
[1.239s][info][gc,cpu         ] GC(49) User=0.05s Sys=0.00s Real=0.02s
[1.239s][info][gc,start       ] GC(50) Pause Full (Ergonomics)
[1.239s][info][gc,phases,start] GC(50) Marking Phase
[1.287s][info][gc,phases      ] GC(50) Marking Phase 48.638ms
[1.288s][info][gc,phases,start] GC(50) Summary Phase
[1.288s][info][gc,phases      ] GC(50) Summary Phase 0.018ms
[1.288s][info][gc,phases,start] GC(50) Adjust Roots
[1.288s][info][gc,phases      ] GC(50) Adjust Roots 0.138ms
[1.288s][info][gc,phases,start] GC(50) Compaction Phase
[1.325s][info][gc,phases      ] GC(50) Compaction Phase 37.545ms
[1.325s][info][gc,phases,start] GC(50) Post Compact
[1.326s][info][gc,phases      ] GC(50) Post Compact 0.909ms
[1.326s][info][gc,heap        ] GC(50) PSYoungGen: 16832K(39424K)->7020K(39424K) Eden: 0K(7168K)->0K(7168K) From: 16832K(32256K)->7020K(32256K)
[1.326s][info][gc,heap        ] GC(50) ParOldGen: 188407K(194048K)->193682K(232960K)
[1.327s][info][gc,metaspace   ] GC(50) Metaspace: 6302K(6528K)->6302K(6528K) NonClass: 5769K(5888K)->5769K(5888K) Class: 533K(640K)->533K(640K)
[1.327s][info][gc             ] GC(50) Pause Full (Ergonomics) 200M->195M(266M) 87.735ms
[1.327s][info][gc,cpu         ] GC(50) User=0.28s Sys=0.00s Real=0.09s
[1.335s][info][gc,start       ] GC(51) Pause Young (Allocation Failure)
[1.351s][info][gc,heap        ] GC(51) PSYoungGen: 14188K(39424K)->10272K(38400K) Eden: 7168K(7168K)->0K(8192K) From: 7020K(32256K)->10272K(30208K)
[1.351s][info][gc,heap        ] GC(51) ParOldGen: 193682K(232960K)->197762K(232960K)
[1.351s][info][gc,metaspace   ] GC(51) Metaspace: 6302K(6528K)->6302K(6528K) NonClass: 5769K(5888K)->5769K(5888K) Class: 533K(640K)->533K(640K)
[1.351s][info][gc             ] GC(51) Pause Young (Allocation Failure) 202M->203M(265M) 15.793ms
[1.351s][info][gc,cpu         ] GC(51) User=0.02s Sys=0.00s Real=0.02s
[1.359s][info][gc,start       ] GC(52) Pause Young (Allocation Failure)
[1.368s][info][gc,heap        ] GC(52) PSYoungGen: 18464K(38400K)->18496K(38912K) Eden: 8192K(8192K)->0K(8192K) From: 10272K(30208K)->18496K(30720K)
[1.368s][info][gc,heap        ] GC(52) ParOldGen: 197762K(232960K)->197762K(232960K)
[1.368s][info][gc,metaspace   ] GC(52) Metaspace: 6302K(6528K)->6302K(6528K) NonClass: 5769K(5888K)->5769K(5888K) Class: 533K(640K)->533K(640K)
[1.368s][info][gc             ] GC(52) Pause Young (Allocation Failure) 211M->211M(265M) 8.924ms
[1.368s][info][gc,cpu         ] GC(52) User=0.00s Sys=0.00s Real=0.01s
[1.377s][info][gc,start       ] GC(53) Pause Young (Allocation Failure)
[1.389s][info][gc,heap        ] GC(53) PSYoungGen: 26688K(38912K)->26624K(36352K) Eden: 8192K(8192K)->0K(6144K) From: 18496K(30720K)->26624K(30208K)
[1.389s][info][gc,heap        ] GC(53) ParOldGen: 197762K(232960K)->197762K(232960K)
[1.389s][info][gc,metaspace   ] GC(53) Metaspace: 6302K(6528K)->6302K(6528K) NonClass: 5769K(5888K)->5769K(5888K) Class: 533K(640K)->533K(640K)
[1.389s][info][gc             ] GC(53) Pause Young (Allocation Failure) 219M->219M(263M) 12.514ms
[1.389s][info][gc,cpu         ] GC(53) User=0.00s Sys=0.00s Real=0.01s
[1.396s][info][gc,start       ] GC(54) Pause Young (Allocation Failure)
[1.411s][info][gc,heap        ] GC(54) PSYoungGen: 32768K(36352K)->29696K(39424K) Eden: 6144K(6144K)->0K(6144K) From: 26624K(30208K)->29696K(33280K)
[1.411s][info][gc,heap        ] GC(54) ParOldGen: 197762K(232960K)->200850K(232960K)
[1.411s][info][gc,metaspace   ] GC(54) Metaspace: 6302K(6528K)->6302K(6528K) NonClass: 5769K(5888K)->5769K(5888K) Class: 533K(640K)->533K(640K)
[1.411s][info][gc             ] GC(54) Pause Young (Allocation Failure) 225M->225M(266M) 14.883ms
[1.411s][info][gc,cpu         ] GC(54) User=0.00s Sys=0.00s Real=0.02s
[1.417s][info][gc,start       ] GC(55) Pause Young (Allocation Failure)
[1.433s][info][gc,heap        ] GC(55) PSYoungGen: 35840K(39424K)->28704K(40960K) Eden: 6144K(6144K)->0K(4608K) From: 29696K(33280K)->28704K(36352K)
[1.433s][info][gc,heap        ] GC(55) ParOldGen: 200850K(232960K)->208114K(232960K)
[1.433s][info][gc,metaspace   ] GC(55) Metaspace: 6302K(6528K)->6302K(6528K) NonClass: 5769K(5888K)->5769K(5888K) Class: 533K(640K)->533K(640K)
[1.433s][info][gc             ] GC(55) Pause Young (Allocation Failure) 231M->231M(267M) 15.913ms
[1.433s][info][gc,cpu         ] GC(55) User=0.00s Sys=0.00s Real=0.02s
[1.439s][info][gc,start       ] GC(56) Pause Young (Allocation Failure)
[1.455s][info][gc,heap        ] GC(56) PSYoungGen: 33312K(40960K)->16928K(22016K) Eden: 4608K(4608K)->0K(4608K) From: 28704K(36352K)->16928K(17408K)
[1.455s][info][gc,heap        ] GC(56) ParOldGen: 208114K(232960K)->224698K(232960K)
[1.455s][info][gc,metaspace   ] GC(56) Metaspace: 6302K(6528K)->6302K(6528K) NonClass: 5769K(5888K)->5769K(5888K) Class: 533K(640K)->533K(640K)
[1.455s][info][gc             ] GC(56) Pause Young (Allocation Failure) 235M->235M(249M) 16.113ms
[1.455s][info][gc,cpu         ] GC(56) User=0.02s Sys=0.00s Real=0.02s
[1.455s][info][gc,start       ] GC(57) Pause Full (Ergonomics)
[1.455s][info][gc,phases,start] GC(57) Marking Phase
[1.508s][info][gc,phases      ] GC(57) Marking Phase 53.494ms
[1.508s][info][gc,phases,start] GC(57) Summary Phase
[1.508s][info][gc,phases      ] GC(57) Summary Phase 0.018ms
[1.508s][info][gc,phases,start] GC(57) Adjust Roots
[1.509s][info][gc,phases      ] GC(57) Adjust Roots 0.183ms
[1.509s][info][gc,phases,start] GC(57) Compaction Phase
[1.535s][info][gc,phases      ] GC(57) Compaction Phase 26.653ms
[1.535s][info][gc,phases,start] GC(57) Post Compact
[1.537s][info][gc,phases      ] GC(57) Post Compact 1.300ms
[1.537s][info][gc,heap        ] GC(57) PSYoungGen: 16928K(22016K)->8110K(22016K) Eden: 0K(4608K)->0K(4608K) From: 16928K(17408K)->8110K(17408K)
[1.537s][info][gc,heap        ] GC(57) ParOldGen: 224698K(232960K)->232845K(274944K)
[1.537s][info][gc,metaspace   ] GC(57) Metaspace: 6302K(6528K)->6302K(6528K) NonClass: 5769K(5888K)->5769K(5888K) Class: 533K(640K)->533K(640K)
[1.537s][info][gc             ] GC(57) Pause Full (Ergonomics) 235M->235M(290M) 82.159ms
[1.537s][info][gc,cpu         ] GC(57) User=0.28s Sys=0.00s Real=0.08s
[1.543s][info][gc,start       ] GC(58) Pause Young (Allocation Failure)
[1.560s][info][gc,heap        ] GC(58) PSYoungGen: 12718K(22016K)->6432K(41984K) Eden: 4608K(4608K)->0K(5120K) From: 8110K(17408K)->6432K(36864K)
[1.560s][info][gc,heap        ] GC(58) ParOldGen: 232845K(274944K)->239317K(274944K)
[1.560s][info][gc,metaspace   ] GC(58) Metaspace: 6302K(6528K)->6302K(6528K) NonClass: 5769K(5888K)->5769K(5888K) Class: 533K(640K)->533K(640K)
[1.560s][info][gc             ] GC(58) Pause Young (Allocation Failure) 239M->239M(309M) 16.870ms
[1.560s][info][gc,cpu         ] GC(58) User=0.03s Sys=0.00s Real=0.02s
[1.566s][info][gc,start       ] GC(59) Pause Young (Allocation Failure)
[1.573s][info][gc,heap        ] GC(59) PSYoungGen: 11552K(41984K)->9792K(42496K) Eden: 5120K(5120K)->0K(5120K) From: 6432K(36864K)->9792K(37376K)
[1.573s][info][gc,heap        ] GC(59) ParOldGen: 239317K(274944K)->241125K(274944K)
[1.573s][info][gc,metaspace   ] GC(59) Metaspace: 6302K(6528K)->6302K(6528K) NonClass: 5769K(5888K)->5769K(5888K) Class: 533K(640K)->533K(640K)
[1.573s][info][gc             ] GC(59) Pause Young (Allocation Failure) 244M->245M(310M) 7.486ms
[1.573s][info][gc,cpu         ] GC(59) User=0.00s Sys=0.00s Real=0.01s
[1.579s][info][gc,start       ] GC(60) Pause Young (Allocation Failure)
[1.587s][info][gc,heap        ] GC(60) PSYoungGen: 14912K(42496K)->10304K(41472K) Eden: 5120K(5120K)->0K(6144K) From: 9792K(37376K)->10304K(35328K)
[1.587s][info][gc,heap        ] GC(60) ParOldGen: 241125K(274944K)->245789K(274944K)
[1.587s][info][gc,metaspace   ] GC(60) Metaspace: 6302K(6528K)->6302K(6528K) NonClass: 5769K(5888K)->5769K(5888K) Class: 533K(640K)->533K(640K)
[1.588s][info][gc             ] GC(60) Pause Young (Allocation Failure) 250M->250M(309M) 8.396ms
[1.588s][info][gc,cpu         ] GC(60) User=0.00s Sys=0.00s Real=0.01s
[1.595s][info][gc,start       ] GC(61) Pause Young (Allocation Failure)
[1.604s][info][gc,heap        ] GC(61) PSYoungGen: 16448K(41472K)->6208K(41984K) Eden: 6144K(6144K)->0K(6144K) From: 10304K(35328K)->6208K(35840K)
[1.604s][info][gc,heap        ] GC(61) ParOldGen: 245789K(274944K)->256133K(274944K)
[1.604s][info][gc,metaspace   ] GC(61) Metaspace: 6302K(6528K)->6302K(6528K) NonClass: 5769K(5888K)->5769K(5888K) Class: 533K(640K)->533K(640K)
[1.604s][info][gc             ] GC(61) Pause Young (Allocation Failure) 256M->256M(309M) 9.033ms
[1.604s][info][gc,cpu         ] GC(61) User=0.00s Sys=0.00s Real=0.01s
[1.611s][info][gc,start       ] GC(62) Pause Young (Allocation Failure)
[1.618s][info][gc,heap        ] GC(62) PSYoungGen: 12352K(41984K)->6176K(41472K) Eden: 6144K(6144K)->0K(7168K) From: 6208K(35840K)->6176K(34304K)
[1.618s][info][gc,heap        ] GC(62) ParOldGen: 256133K(274944K)->262349K(274944K)
[1.618s][info][gc,metaspace   ] GC(62) Metaspace: 6302K(6528K)->6302K(6528K) NonClass: 5769K(5888K)->5769K(5888K) Class: 533K(640K)->533K(640K)
[1.618s][info][gc             ] GC(62) Pause Young (Allocation Failure) 262M->262M(309M) 7.200ms
[1.618s][info][gc,cpu         ] GC(62) User=0.00s Sys=0.00s Real=0.01s
[1.618s][info][gc,start       ] GC(63) Pause Full (Ergonomics)
[1.618s][info][gc,phases,start] GC(63) Marking Phase
[1.684s][info][gc,phases      ] GC(63) Marking Phase 65.678ms
[1.684s][info][gc,phases,start] GC(63) Summary Phase
[1.684s][info][gc,phases      ] GC(63) Summary Phase 0.020ms
[1.684s][info][gc,phases,start] GC(63) Adjust Roots
[1.684s][info][gc,phases      ] GC(63) Adjust Roots 0.152ms
[1.684s][info][gc,phases,start] GC(63) Compaction Phase
[1.708s][info][gc,phases      ] GC(63) Compaction Phase 24.476ms
[1.709s][info][gc,phases,start] GC(63) Post Compact
[1.710s][info][gc,phases      ] GC(63) Post Compact 1.292ms
[1.710s][info][gc,heap        ] GC(63) PSYoungGen: 6176K(41472K)->0K(41984K) Eden: 0K(7168K)->0K(7168K) From: 6176K(34304K)->0K(34816K)
[1.710s][info][gc,heap        ] GC(63) ParOldGen: 262349K(274944K)->267927K(310272K)
[1.710s][info][gc,metaspace   ] GC(63) Metaspace: 6302K(6528K)->6302K(6528K) NonClass: 5769K(5888K)->5769K(5888K) Class: 533K(640K)->533K(640K)
[1.710s][info][gc             ] GC(63) Pause Full (Ergonomics) 262M->261M(344M) 92.110ms
[1.710s][info][gc,cpu         ] GC(63) User=0.50s Sys=0.00s Real=0.09s
[1.718s][info][gc,start       ] GC(64) Pause Young (Allocation Failure)
[1.724s][info][gc,heap        ] GC(64) PSYoungGen: 7168K(41984K)->7296K(40960K) Eden: 7168K(7168K)->0K(8192K) From: 0K(34816K)->7296K(32768K)
[1.724s][info][gc,heap        ] GC(64) ParOldGen: 267927K(310272K)->267927K(310272K)
[1.724s][info][gc,metaspace   ] GC(64) Metaspace: 6302K(6528K)->6302K(6528K) NonClass: 5769K(5888K)->5769K(5888K) Class: 533K(640K)->533K(640K)
[1.724s][info][gc             ] GC(64) Pause Young (Allocation Failure) 268M->268M(343M) 5.292ms
[1.724s][info][gc,cpu         ] GC(64) User=0.00s Sys=0.00s Real=0.01s
[1.733s][info][gc,start       ] GC(65) Pause Young (Allocation Failure)
[1.741s][info][gc,heap        ] GC(65) PSYoungGen: 15488K(40960K)->15456K(41984K) Eden: 8192K(8192K)->0K(8192K) From: 7296K(32768K)->15456K(33792K)
[1.741s][info][gc,heap        ] GC(65) ParOldGen: 267927K(310272K)->267927K(310272K)
[1.741s][info][gc,metaspace   ] GC(65) Metaspace: 6302K(6528K)->6302K(6528K) NonClass: 5769K(5888K)->5769K(5888K) Class: 533K(640K)->533K(640K)
[1.741s][info][gc             ] GC(65) Pause Young (Allocation Failure) 276M->276M(344M) 8.128ms
[1.741s][info][gc,cpu         ] GC(65) User=0.00s Sys=0.00s Real=0.01s
[1.750s][info][gc,start       ] GC(66) Pause Young (Allocation Failure)
[1.762s][info][gc,heap        ] GC(66) PSYoungGen: 23648K(41984K)->23616K(40448K) Eden: 8192K(8192K)->0K(7680K) From: 15456K(33792K)->23616K(32768K)
[1.762s][info][gc,heap        ] GC(66) ParOldGen: 267927K(310272K)->267927K(310272K)
[1.762s][info][gc,metaspace   ] GC(66) Metaspace: 6302K(6528K)->6302K(6528K) NonClass: 5769K(5888K)->5769K(5888K) Class: 533K(640K)->533K(640K)
[1.762s][info][gc             ] GC(66) Pause Young (Allocation Failure) 284M->284M(342M) 11.316ms
[1.762s][info][gc,cpu         ] GC(66) User=0.00s Sys=0.00s Real=0.01s
[1.770s][info][gc,start       ] GC(67) Pause Young (Allocation Failure)
[1.784s][info][gc,heap        ] GC(67) PSYoungGen: 31296K(40448K)->24192K(41984K) Eden: 7680K(7680K)->0K(7680K) From: 23616K(32768K)->24192K(34304K)
[1.784s][info][gc,heap        ] GC(67) ParOldGen: 267927K(310272K)->275207K(310272K)
[1.784s][info][gc,metaspace   ] GC(67) Metaspace: 6302K(6528K)->6302K(6528K) NonClass: 5769K(5888K)->5769K(5888K) Class: 533K(640K)->533K(640K)
[1.784s][info][gc             ] GC(67) Pause Young (Allocation Failure) 292M->292M(344M) 14.271ms
[1.784s][info][gc,cpu         ] GC(67) User=0.02s Sys=0.00s Real=0.01s
[1.793s][info][gc,start       ] GC(68) Pause Young (Allocation Failure)
[1.808s][info][gc,heap        ] GC(68) PSYoungGen: 31872K(41984K)->23680K(45056K) Eden: 7680K(7680K)->0K(8704K) From: 24192K(34304K)->23680K(36352K)
[1.808s][info][gc,heap        ] GC(68) ParOldGen: 275207K(310272K)->283511K(310272K)
[1.808s][info][gc,metaspace   ] GC(68) Metaspace: 6302K(6528K)->6302K(6528K) NonClass: 5769K(5888K)->5769K(5888K) Class: 533K(640K)->533K(640K)
[1.808s][info][gc             ] GC(68) Pause Young (Allocation Failure) 299M->299M(347M) 14.883ms
[1.808s][info][gc,cpu         ] GC(68) User=0.00s Sys=0.00s Real=0.02s
[1.818s][info][gc,start       ] GC(69) Pause Young (Allocation Failure)
[1.833s][info][gc,heap        ] GC(69) PSYoungGen: 32384K(45056K)->24128K(45568K) Eden: 8704K(8704K)->0K(8704K) From: 23680K(36352K)->24128K(36864K)
[1.833s][info][gc,heap        ] GC(69) ParOldGen: 283511K(310272K)->291815K(310272K)
[1.834s][info][gc,metaspace   ] GC(69) Metaspace: 6302K(6528K)->6302K(6528K) NonClass: 5769K(5888K)->5769K(5888K) Class: 533K(640K)->533K(640K)
[1.834s][info][gc             ] GC(69) Pause Young (Allocation Failure) 308M->308M(347M) 15.378ms
[1.834s][info][gc,cpu         ] GC(69) User=0.02s Sys=0.00s Real=0.01s
[1.843s][info][gc,start       ] GC(70) Pause Young (Allocation Failure)
[1.859s][info][gc,heap        ] GC(70) PSYoungGen: 32832K(45568K)->17504K(44032K) Eden: 8704K(8704K)->0K(10240K) From: 24128K(36864K)->17504K(33792K)
[1.860s][info][gc,heap        ] GC(70) ParOldGen: 291815K(310272K)->307351K(310272K)
[1.860s][info][gc,metaspace   ] GC(70) Metaspace: 6302K(6528K)->6302K(6528K) NonClass: 5769K(5888K)->5769K(5888K) Class: 533K(640K)->533K(640K)
[1.860s][info][gc             ] GC(70) Pause Young (Allocation Failure) 317M->317M(346M) 16.355ms
[1.860s][info][gc,cpu         ] GC(70) User=0.03s Sys=0.02s Real=0.02s
[1.860s][info][gc,start       ] GC(71) Pause Full (Ergonomics)
[1.860s][info][gc,phases,start] GC(71) Marking Phase
[1.930s][info][gc,phases      ] GC(71) Marking Phase 69.860ms
[1.930s][info][gc,phases,start] GC(71) Summary Phase
[1.930s][info][gc,phases      ] GC(71) Summary Phase 0.019ms
[1.930s][info][gc,phases,start] GC(71) Adjust Roots
[1.930s][info][gc,phases      ] GC(71) Adjust Roots 0.153ms
[1.930s][info][gc,phases,start] GC(71) Compaction Phase
[1.959s][info][gc,phases      ] GC(71) Compaction Phase 29.352ms
[1.959s][info][gc,phases,start] GC(71) Post Compact
[1.961s][info][gc,phases      ] GC(71) Post Compact 1.546ms
[1.961s][info][gc,heap        ] GC(71) PSYoungGen: 17504K(44032K)->13759K(45568K) Eden: 0K(10240K)->0K(11776K) From: 17504K(33792K)->13759K(33792K)
[1.961s][info][gc,heap        ] GC(71) ParOldGen: 307351K(310272K)->310259K(357376K)
[1.961s][info][gc,metaspace   ] GC(71) Metaspace: 6302K(6528K)->6302K(6528K) NonClass: 5769K(5888K)->5769K(5888K) Class: 533K(640K)->533K(640K)
[1.961s][info][gc             ] GC(71) Pause Full (Ergonomics) 317M->316M(393M) 101.442ms
[1.961s][info][gc,cpu         ] GC(71) User=0.61s Sys=0.02s Real=0.10s
[1.975s][info][gc,start       ] GC(72) Pause Young (Allocation Failure)
[1.998s][info][gc,heap        ] GC(72) PSYoungGen: 25535K(45568K)->11936K(47616K) Eden: 11776K(11776K)->0K(11776K) From: 13759K(33792K)->11936K(35840K)
[1.998s][info][gc,heap        ] GC(72) ParOldGen: 310259K(357376K)->324251K(357376K)
[1.999s][info][gc,metaspace   ] GC(72) Metaspace: 6302K(6528K)->6302K(6528K) NonClass: 5769K(5888K)->5769K(5888K) Class: 533K(640K)->533K(640K)
[1.999s][info][gc             ] GC(72) Pause Young (Allocation Failure) 327M->328M(395M) 23.977ms
[1.999s][info][gc,cpu         ] GC(72) User=0.12s Sys=0.00s Real=0.02s
[2.011s][info][gc,start       ] GC(73) Pause Young (Allocation Failure)
[2.024s][info][gc,heap        ] GC(73) PSYoungGen: 23712K(47616K)->11904K(46080K) Eden: 11776K(11776K)->0K(13312K) From: 11936K(35840K)->11904K(32768K)
[2.024s][info][gc,heap        ] GC(73) ParOldGen: 324251K(357376K)->336203K(357376K)
[2.024s][info][gc,metaspace   ] GC(73) Metaspace: 6302K(6528K)->6302K(6528K) NonClass: 5769K(5888K)->5769K(5888K) Class: 533K(640K)->533K(640K)
[2.024s][info][gc             ] GC(73) Pause Young (Allocation Failure) 339M->339M(394M) 12.849ms
[2.024s][info][gc,cpu         ] GC(73) User=0.02s Sys=0.00s Real=0.01s
[2.096s][info][gc,start       ] GC(74) Pause Full (Ergonomics)
[2.097s][info][gc,phases,start] GC(74) Marking Phase
[2.174s][info][gc,phases      ] GC(74) Marking Phase 77.206ms
[2.174s][info][gc,phases,start] GC(74) Summary Phase
[2.174s][info][gc,phases      ] GC(74) Summary Phase 0.021ms
[2.174s][info][gc,phases,start] GC(74) Adjust Roots
[2.174s][info][gc,phases      ] GC(74) Adjust Roots 0.159ms
[2.174s][info][gc,phases,start] GC(74) Compaction Phase
[2.237s][info][gc,phases      ] GC(74) Compaction Phase 62.535ms
[2.237s][info][gc,phases,start] GC(74) Post Compact
[2.239s][info][gc,phases      ] GC(74) Post Compact 1.999ms
[2.239s][info][gc,heap        ] GC(74) PSYoungGen: 25216K(46080K)->11746K(47104K) Eden: 13312K(13312K)->0K(14336K) From: 11904K(32768K)->11746K(32768K)
[2.239s][info][gc,heap        ] GC(74) ParOldGen: 352587K(357376K)->357235K(410112K)
[2.239s][info][gc,metaspace   ] GC(74) Metaspace: 6302K(6528K)->6302K(6528K) NonClass: 5769K(5888K)->5769K(5888K) Class: 533K(640K)->533K(640K)
[2.239s][info][gc             ] GC(74) Pause Full (Ergonomics) 368M->360M(446M) 142.532ms
[2.239s][info][gc,cpu         ] GC(74) User=0.75s Sys=0.02s Real=0.14s
[2.255s][info][gc,start       ] GC(75) Pause Young (Allocation Failure)
[2.281s][info][gc,heap        ] GC(75) PSYoungGen: 26082K(47104K)->14432K(48128K) Eden: 14336K(14336K)->0K(14336K) From: 11746K(32768K)->14432K(33792K)
[2.281s][info][gc,heap        ] GC(75) ParOldGen: 357235K(410112K)->369171K(410112K)
[2.281s][info][gc,metaspace   ] GC(75) Metaspace: 6302K(6528K)->6302K(6528K) NonClass: 5769K(5888K)->5769K(5888K) Class: 533K(640K)->533K(640K)
[2.281s][info][gc             ] GC(75) Pause Young (Allocation Failure) 374M->374M(447M) 26.347ms
[2.281s][info][gc,cpu         ] GC(75) User=0.14s Sys=0.00s Real=0.03s
[2.296s][info][gc,start       ] GC(76) Pause Young (Allocation Failure)
[2.310s][info][gc,heap        ] GC(76) PSYoungGen: 28768K(48128K)->28768K(45568K) Eden: 14336K(14336K)->0K(12800K) From: 14432K(33792K)->28768K(32768K)
[2.310s][info][gc,heap        ] GC(76) ParOldGen: 369171K(410112K)->369171K(410112K)
[2.310s][info][gc,metaspace   ] GC(76) Metaspace: 6302K(6528K)->6302K(6528K) NonClass: 5769K(5888K)->5769K(5888K) Class: 533K(640K)->533K(640K)
[2.310s][info][gc             ] GC(76) Pause Young (Allocation Failure) 388M->388M(445M) 14.668ms
[2.310s][info][gc,cpu         ] GC(76) User=0.02s Sys=0.00s Real=0.01s
[2.324s][info][gc,start       ] GC(77) Pause Young (Allocation Failure)
[2.343s][info][gc,heap        ] GC(77) PSYoungGen: 41568K(45568K)->35840K(48640K) Eden: 12800K(12800K)->0K(12800K) From: 28768K(32768K)->35840K(35840K)
[2.344s][info][gc,heap        ] GC(77) ParOldGen: 369171K(410112K)->374907K(410112K)
[2.344s][info][gc,metaspace   ] GC(77) Metaspace: 6302K(6528K)->6302K(6528K) NonClass: 5769K(5888K)->5769K(5888K) Class: 533K(640K)->533K(640K)
[2.344s][info][gc             ] GC(77) Pause Young (Allocation Failure) 401M->401M(448M) 19.627ms
[2.344s][info][gc,cpu         ] GC(77) User=0.22s Sys=0.00s Real=0.02s
[2.357s][info][gc,start       ] GC(78) Pause Young (Allocation Failure)
[2.380s][info][gc,heap        ] GC(78) PSYoungGen: 48640K(48640K)->24256K(55296K) Eden: 12800K(12800K)->0K(14336K) From: 35840K(35840K)->24256K(40960K)
[2.380s][info][gc,heap        ] GC(78) ParOldGen: 374907K(410112K)->399731K(410112K)
[2.380s][info][gc,metaspace   ] GC(78) Metaspace: 6302K(6528K)->6302K(6528K) NonClass: 5769K(5888K)->5769K(5888K) Class: 533K(640K)->533K(640K)
[2.380s][info][gc             ] GC(78) Pause Young (Allocation Failure) 413M->414M(454M) 23.128ms
[2.380s][info][gc,cpu         ] GC(78) User=0.11s Sys=0.02s Real=0.02s
[2.380s][info][gc,start       ] GC(79) Pause Full (Ergonomics)
[2.380s][info][gc,phases,start] GC(79) Marking Phase
[2.468s][info][gc,phases      ] GC(79) Marking Phase 87.953ms
[2.468s][info][gc,phases,start] GC(79) Summary Phase
[2.468s][info][gc,phases      ] GC(79) Summary Phase 0.024ms
[2.468s][info][gc,phases,start] GC(79) Adjust Roots
[2.468s][info][gc,phases      ] GC(79) Adjust Roots 0.186ms
[2.468s][info][gc,phases,start] GC(79) Compaction Phase
[2.514s][info][gc,phases      ] GC(79) Compaction Phase 45.448ms
[2.514s][info][gc,phases,start] GC(79) Post Compact
[2.516s][info][gc,phases      ] GC(79) Post Compact 2.017ms
[2.516s][info][gc,heap        ] GC(79) PSYoungGen: 24256K(55296K)->13313K(56320K) Eden: 0K(14336K)->0K(15360K) From: 24256K(40960K)->13313K(40960K)
[2.516s][info][gc,heap        ] GC(79) ParOldGen: 399731K(410112K)->409821K(470528K)
[2.516s][info][gc,metaspace   ] GC(79) Metaspace: 6302K(6528K)->6302K(6528K) NonClass: 5769K(5888K)->5769K(5888K) Class: 533K(640K)->533K(640K)
[2.516s][info][gc             ] GC(79) Pause Full (Ergonomics) 414M->413M(514M) 136.272ms
[2.516s][info][gc,cpu         ] GC(79) User=0.86s Sys=0.02s Real=0.14s
[2.532s][info][gc,start       ] GC(80) Pause Young (Allocation Failure)
[2.561s][info][gc,heap        ] GC(80) PSYoungGen: 28673K(56320K)->24160K(57344K) Eden: 15360K(15360K)->0K(15360K) From: 13313K(40960K)->24160K(41984K)
[2.561s][info][gc,heap        ] GC(80) ParOldGen: 409821K(470528K)->414533K(470528K)
[2.561s][info][gc,metaspace   ] GC(80) Metaspace: 6302K(6528K)->6302K(6528K) NonClass: 5769K(5888K)->5769K(5888K) Class: 533K(640K)->533K(640K)
[2.561s][info][gc             ] GC(80) Pause Young (Allocation Failure) 428M->428M(515M) 29.036ms
[2.561s][info][gc,cpu         ] GC(80) User=0.14s Sys=0.00s Real=0.03s
[2.577s][info][gc,start       ] GC(81) Pause Young (Allocation Failure)
[2.596s][info][gc,heap        ] GC(81) PSYoungGen: 39520K(57344K)->39552K(53248K) Eden: 15360K(15360K)->0K(11776K) From: 24160K(41984K)->39552K(41472K)
[2.596s][info][gc,heap        ] GC(81) ParOldGen: 414533K(470528K)->414533K(470528K)
[2.596s][info][gc,metaspace   ] GC(81) Metaspace: 6302K(6528K)->6302K(6528K) NonClass: 5769K(5888K)->5769K(5888K) Class: 533K(640K)->533K(640K)
[2.596s][info][gc             ] GC(81) Pause Young (Allocation Failure) 443M->443M(511M) 19.695ms
[2.596s][info][gc,cpu         ] GC(81) User=0.11s Sys=0.02s Real=0.02s
[2.609s][info][gc,start       ] GC(82) Pause Young (Allocation Failure)
[2.632s][info][gc,heap        ] GC(82) PSYoungGen: 51328K(53248K)->42560K(58368K) Eden: 11776K(11776K)->0K(11776K) From: 39552K(41472K)->42560K(46592K)
[2.633s][info][gc,heap        ] GC(82) ParOldGen: 414533K(470528K)->423357K(470528K)
[2.633s][info][gc,metaspace   ] GC(82) Metaspace: 6302K(6528K)->6302K(6528K) NonClass: 5769K(5888K)->5769K(5888K) Class: 533K(640K)->533K(640K)
[2.633s][info][gc             ] GC(82) Pause Young (Allocation Failure) 454M->454M(516M) 23.757ms
[2.633s][info][gc,cpu         ] GC(82) User=0.12s Sys=0.00s Real=0.02s
[2.645s][info][gc,start       ] GC(83) Pause Young (Allocation Failure)
[2.670s][info][gc,heap        ] GC(83) PSYoungGen: 54336K(58368K)->39040K(62464K) Eden: 11776K(11776K)->0K(10752K) From: 42560K(46592K)->39040K(51712K)
[2.670s][info][gc,heap        ] GC(83) ParOldGen: 423357K(470528K)->438925K(470528K)
[2.670s][info][gc,metaspace   ] GC(83) Metaspace: 6302K(6528K)->6302K(6528K) NonClass: 5769K(5888K)->5769K(5888K) Class: 533K(640K)->533K(640K)
[2.670s][info][gc             ] GC(83) Pause Young (Allocation Failure) 466M->466M(520M) 25.127ms
[2.670s][info][gc,cpu         ] GC(83) User=0.14s Sys=0.00s Real=0.03s
[2.682s][info][gc,start       ] GC(84) Pause Young (Allocation Failure)
[2.706s][info][gc,heap        ] GC(84) PSYoungGen: 49792K(62464K)->22688K(33792K) Eden: 10752K(10752K)->0K(10752K) From: 39040K(51712K)->22688K(23040K)
[2.707s][info][gc,heap        ] GC(84) ParOldGen: 438925K(470528K)->466397K(470528K)
[2.707s][info][gc,metaspace   ] GC(84) Metaspace: 6302K(6528K)->6302K(6528K) NonClass: 5769K(5888K)->5769K(5888K) Class: 533K(640K)->533K(640K)
[2.707s][info][gc             ] GC(84) Pause Young (Allocation Failure) 477M->477M(492M) 24.484ms
[2.707s][info][gc,cpu         ] GC(84) User=0.12s Sys=0.02s Real=0.02s
[2.707s][info][gc,start       ] GC(85) Pause Full (Ergonomics)
[2.707s][info][gc,phases,start] GC(85) Marking Phase
[2.816s][info][gc,phases      ] GC(85) Marking Phase 109.586ms
[2.816s][info][gc,phases,start] GC(85) Summary Phase
[2.816s][info][gc,phases      ] GC(85) Summary Phase 0.020ms
[2.816s][info][gc,phases,start] GC(85) Adjust Roots
[2.816s][info][gc,phases      ] GC(85) Adjust Roots 0.159ms
[2.816s][info][gc,phases,start] GC(85) Compaction Phase
[2.868s][info][gc,phases      ] GC(85) Compaction Phase 51.802ms
[2.868s][info][gc,phases,start] GC(85) Post Compact
[2.871s][info][gc,phases      ] GC(85) Post Compact 2.329ms
[2.871s][info][gc,heap        ] GC(85) PSYoungGen: 22688K(33792K)->17868K(33792K) Eden: 0K(10752K)->0K(10752K) From: 22688K(23040K)->17868K(23040K)
[2.871s][info][gc,heap        ] GC(85) ParOldGen: 466397K(470528K)->470129K(539136K)
[2.871s][info][gc,metaspace   ] GC(85) Metaspace: 6302K(6528K)->6302K(6528K) NonClass: 5769K(5888K)->5769K(5888K) Class: 533K(640K)->533K(640K)
[2.871s][info][gc             ] GC(85) Pause Full (Ergonomics) 477M->476M(559M) 164.464ms
[2.871s][info][gc,cpu         ] GC(85) User=1.05s Sys=0.00s Real=0.16s
[2.884s][info][gc,start       ] GC(86) Pause Young (Allocation Failure)
[2.917s][info][gc,heap        ] GC(86) PSYoungGen: 28620K(33792K)->10848K(63488K) Eden: 10752K(10752K)->0K(12288K) From: 17868K(23040K)->10848K(51200K)
[2.917s][info][gc,heap        ] GC(86) ParOldGen: 470129K(539136K)->488273K(539136K)
[2.917s][info][gc,metaspace   ] GC(86) Metaspace: 6302K(6528K)->6302K(6528K) NonClass: 5769K(5888K)->5769K(5888K) Class: 533K(640K)->533K(640K)
[2.917s][info][gc             ] GC(86) Pause Young (Allocation Failure) 487M->487M(588M) 32.613ms
[2.917s][info][gc,cpu         ] GC(86) User=0.16s Sys=0.00s Real=0.03s
[2.930s][info][gc,start       ] GC(87) Pause Young (Allocation Failure)
[2.943s][info][gc,heap        ] GC(87) PSYoungGen: 23136K(63488K)->12448K(64000K) Eden: 12288K(12288K)->0K(12288K) From: 10848K(51200K)->12448K(51712K)
[2.943s][info][gc,heap        ] GC(87) ParOldGen: 488273K(539136K)->499169K(539136K)
[2.943s][info][gc,metaspace   ] GC(87) Metaspace: 6302K(6528K)->6302K(6528K) NonClass: 5769K(5888K)->5769K(5888K) Class: 533K(640K)->533K(640K)
[2.943s][info][gc             ] GC(87) Pause Young (Allocation Failure) 499M->499M(589M) 13.345ms
[2.944s][info][gc,cpu         ] GC(87) User=0.02s Sys=0.00s Real=0.01s
[2.957s][info][gc,start       ] GC(88) Pause Young (Allocation Failure)
[2.971s][info][gc,heap        ] GC(88) PSYoungGen: 24736K(64000K)->12416K(62976K) Eden: 12288K(12288K)->0K(13824K) From: 12448K(51712K)->12416K(49152K)
[2.971s][info][gc,heap        ] GC(88) ParOldGen: 499169K(539136K)->511617K(539136K)
[2.971s][info][gc,metaspace   ] GC(88) Metaspace: 6302K(6528K)->6302K(6528K) NonClass: 5769K(5888K)->5769K(5888K) Class: 533K(640K)->533K(640K)
[2.971s][info][gc             ] GC(88) Pause Young (Allocation Failure) 511M->511M(588M) 13.924ms
[2.971s][info][gc,cpu         ] GC(88) User=0.02s Sys=0.00s Real=0.01s
[2.985s][info][gc,start       ] GC(89) Pause Young (Allocation Failure)
[3.000s][info][gc,heap        ] GC(89) PSYoungGen: 26240K(62976K)->13952K(64000K) Eden: 13824K(13824K)->0K(13824K) From: 12416K(49152K)->13952K(50176K)
[3.000s][info][gc,heap        ] GC(89) ParOldGen: 511617K(539136K)->524073K(539136K)
[3.000s][info][gc,metaspace   ] GC(89) Metaspace: 6302K(6528K)->6302K(6528K) NonClass: 5769K(5888K)->5769K(5888K) Class: 533K(640K)->533K(640K)
[3.000s][info][gc             ] GC(89) Pause Young (Allocation Failure) 525M->525M(589M) 14.867ms
[3.000s][info][gc,cpu         ] GC(89) User=0.02s Sys=0.00s Real=0.02s
[3.000s][info][gc,start       ] GC(90) Pause Full (Ergonomics)
[3.000s][info][gc,phases,start] GC(90) Marking Phase
[3.119s][info][gc,phases      ] GC(90) Marking Phase 118.433ms
[3.119s][info][gc,phases,start] GC(90) Summary Phase
[3.119s][info][gc,phases      ] GC(90) Summary Phase 0.027ms
[3.119s][info][gc,phases,start] GC(90) Adjust Roots
[3.119s][info][gc,phases      ] GC(90) Adjust Roots 0.176ms
[3.119s][info][gc,phases,start] GC(90) Compaction Phase
[3.168s][info][gc,phases      ] GC(90) Compaction Phase 49.227ms
[3.168s][info][gc,phases,start] GC(90) Post Compact
[3.169s][info][gc,phases      ] GC(90) Post Compact 0.817ms
[3.170s][info][gc,heap        ] GC(90) PSYoungGen: 13952K(64000K)->0K(63488K) Eden: 0K(13824K)->0K(15360K) From: 13952K(50176K)->0K(48128K)
[3.170s][info][gc,heap        ] GC(90) ParOldGen: 524073K(539136K)->537012K(607744K)
[3.170s][info][gc,metaspace   ] GC(90) Metaspace: 6302K(6528K)->6302K(6528K) NonClass: 5769K(5888K)->5769K(5888K) Class: 533K(640K)->533K(640K)
[3.170s][info][gc             ] GC(90) Pause Full (Ergonomics) 525M->524M(655M) 169.253ms
[3.170s][info][gc,cpu         ] GC(90) User=1.17s Sys=0.00s Real=0.17s
[3.186s][info][gc,start       ] GC(91) Pause Young (Allocation Failure)
[3.197s][info][gc,heap        ] GC(91) PSYoungGen: 15360K(63488K)->15424K(64000K) Eden: 15360K(15360K)->0K(15360K) From: 0K(48128K)->15424K(48640K)
[3.197s][info][gc,heap        ] GC(91) ParOldGen: 537012K(607744K)->537012K(607744K)
[3.197s][info][gc,metaspace   ] GC(91) Metaspace: 6302K(6528K)->6302K(6528K) NonClass: 5769K(5888K)->5769K(5888K) Class: 533K(640K)->533K(640K)
[3.197s][info][gc             ] GC(91) Pause Young (Allocation Failure) 539M->539M(656M) 10.501ms
[3.197s][info][gc,cpu         ] GC(91) User=0.00s Sys=0.00s Real=0.01s
[3.214s][info][gc,start       ] GC(92) Pause Young (Allocation Failure)
[3.230s][info][gc,heap        ] GC(92) PSYoungGen: 30784K(64000K)->30848K(62976K) Eden: 15360K(15360K)->0K(15872K) From: 15424K(48640K)->30848K(47104K)
[3.230s][info][gc,heap        ] GC(92) ParOldGen: 537012K(607744K)->537012K(607744K)
[3.230s][info][gc,metaspace   ] GC(92) Metaspace: 6302K(6528K)->6302K(6528K) NonClass: 5769K(5888K)->5769K(5888K) Class: 533K(640K)->533K(640K)
[3.230s][info][gc             ] GC(92) Pause Young (Allocation Failure) 554M->554M(655M) 16.606ms
[3.230s][info][gc,cpu         ] GC(92) User=0.03s Sys=0.00s Real=0.02s
[3.249s][info][gc,start       ] GC(93) Pause Young (Allocation Failure)
[3.272s][info][gc,heap        ] GC(93) PSYoungGen: 46720K(62976K)->46688K(64000K) Eden: 15872K(15872K)->0K(15872K) From: 30848K(47104K)->46688K(48128K)
[3.272s][info][gc,heap        ] GC(93) ParOldGen: 537012K(607744K)->537012K(607744K)
[3.272s][info][gc,metaspace   ] GC(93) Metaspace: 6302K(6528K)->6302K(6528K) NonClass: 5769K(5888K)->5769K(5888K) Class: 533K(640K)->533K(640K)
[3.272s][info][gc             ] GC(93) Pause Young (Allocation Failure) 570M->570M(656M) 22.852ms
[3.272s][info][gc,cpu         ] GC(93) User=0.12s Sys=0.00s Real=0.02s
[3.289s][info][gc,start       ] GC(94) Pause Young (Allocation Failure)
[3.318s][info][gc,heap        ] GC(94) PSYoungGen: 62560K(64000K)->54784K(61440K) Eden: 15872K(15872K)->0K(6656K) From: 46688K(48128K)->54784K(54784K)
[3.318s][info][gc,heap        ] GC(94) ParOldGen: 537012K(607744K)->544812K(607744K)
[3.318s][info][gc,metaspace   ] GC(94) Metaspace: 6302K(6528K)->6302K(6528K) NonClass: 5769K(5888K)->5769K(5888K) Class: 533K(640K)->533K(640K)
[3.318s][info][gc             ] GC(94) Pause Young (Allocation Failure) 585M->585M(653M) 29.623ms
[3.318s][info][gc,cpu         ] GC(94) User=0.12s Sys=0.02s Real=0.03s
[3.326s][info][gc,start       ] GC(95) Pause Young (Allocation Failure)
[3.353s][info][gc,heap        ] GC(95) PSYoungGen: 61440K(61440K)->35968K(72704K) Eden: 6656K(6656K)->0K(6656K) From: 54784K(54784K)->35968K(66048K)
[3.353s][info][gc,heap        ] GC(95) ParOldGen: 544812K(607744K)->570772K(607744K)
[3.353s][info][gc,metaspace   ] GC(95) Metaspace: 6302K(6528K)->6302K(6528K) NonClass: 5769K(5888K)->5769K(5888K) Class: 533K(640K)->533K(640K)
[3.353s][info][gc             ] GC(95) Pause Young (Allocation Failure) 592M->592M(664M) 27.450ms
[3.353s][info][gc,cpu         ] GC(95) User=0.08s Sys=0.05s Real=0.03s
[3.361s][info][gc,start       ] GC(96) Pause Young (Allocation Failure)
[3.382s][info][gc,heap        ] GC(96) PSYoungGen: 42624K(72704K)->13376K(70656K) Eden: 6656K(6656K)->0K(7680K) From: 35968K(66048K)->13376K(62976K)
[3.382s][info][gc,heap        ] GC(96) ParOldGen: 570772K(607744K)->600316K(607744K)
[3.382s][info][gc,metaspace   ] GC(96) Metaspace: 6302K(6528K)->6302K(6528K) NonClass: 5769K(5888K)->5769K(5888K) Class: 533K(640K)->533K(640K)
[3.382s][info][gc             ] GC(96) Pause Young (Allocation Failure) 599M->599M(662M) 21.024ms
[3.382s][info][gc,cpu         ] GC(96) User=0.11s Sys=0.02s Real=0.02s
[3.382s][info][gc,start       ] GC(97) Pause Full (Ergonomics)
[3.382s][info][gc,phases,start] GC(97) Marking Phase
[3.519s][info][gc,phases      ] GC(97) Marking Phase 136.288ms
[3.519s][info][gc,phases,start] GC(97) Summary Phase
[3.519s][info][gc,phases      ] GC(97) Summary Phase 0.022ms
[3.519s][info][gc,phases,start] GC(97) Adjust Roots
[3.519s][info][gc,phases      ] GC(97) Adjust Roots 0.155ms
[3.519s][info][gc,phases,start] GC(97) Compaction Phase
[3.576s][info][gc,phases      ] GC(97) Compaction Phase 56.690ms
[3.576s][info][gc,phases,start] GC(97) Post Compact
[3.577s][info][gc,phases      ] GC(97) Post Compact 0.976ms
[3.577s][info][gc,heap        ] GC(97) PSYoungGen: 13376K(70656K)->5072K(71680K) Eden: 0K(7680K)->0K(8704K) From: 13376K(62976K)->5072K(62976K)
[3.577s][info][gc,heap        ] GC(97) ParOldGen: 600316K(607744K)->607532K(689152K)
[3.577s][info][gc,metaspace   ] GC(97) Metaspace: 6302K(6528K)->6302K(6528K) NonClass: 5769K(5888K)->5769K(5888K) Class: 533K(640K)->533K(640K)
[3.577s][info][gc             ] GC(97) Pause Full (Ergonomics) 599M->598M(743M) 194.765ms
[3.577s][info][gc,cpu         ] GC(97) User=1.34s Sys=0.02s Real=0.19s
[3.587s][info][gc,start       ] GC(98) Pause Young (Allocation Failure)
[3.620s][info][gc,heap        ] GC(98) PSYoungGen: 13776K(71680K)->8832K(72704K) Eden: 8704K(8704K)->0K(8704K) From: 5072K(62976K)->8832K(64000K)
[3.620s][info][gc,heap        ] GC(98) ParOldGen: 607532K(689152K)->612700K(689152K)
[3.620s][info][gc,metaspace   ] GC(98) Metaspace: 6302K(6528K)->6302K(6528K) NonClass: 5769K(5888K)->5769K(5888K) Class: 533K(640K)->533K(640K)
[3.620s][info][gc             ] GC(98) Pause Young (Allocation Failure) 606M->606M(744M) 32.703ms
[3.620s][info][gc,cpu         ] GC(98) User=0.16s Sys=0.00s Real=0.03s
[3.631s][info][gc,start       ] GC(99) Pause Young (Allocation Failure)
[3.643s][info][gc,heap        ] GC(99) PSYoungGen: 17536K(72704K)->8832K(71168K) Eden: 8704K(8704K)->0K(9728K) From: 8832K(64000K)->8832K(61440K)
[3.643s][info][gc,heap        ] GC(99) ParOldGen: 612700K(689152K)->621524K(689152K)
[3.643s][info][gc,metaspace   ] GC(99) Metaspace: 6302K(6528K)->6302K(6528K) NonClass: 5769K(5888K)->5769K(5888K) Class: 533K(640K)->533K(640K)
[3.643s][info][gc             ] GC(99) Pause Young (Allocation Failure) 615M->615M(742M) 11.744ms
[3.643s][info][gc,cpu         ] GC(99) User=0.02s Sys=0.00s Real=0.01s
[3.654s][info][gc,start       ] GC(100) Pause Young (Allocation Failure)
[3.667s][info][gc,heap        ] GC(100) PSYoungGen: 18560K(71168K)->9824K(72192K) Eden: 9728K(9728K)->0K(9728K) From: 8832K(61440K)->9824K(62464K)
[3.667s][info][gc,heap        ] GC(100) ParOldGen: 621524K(689152K)->630356K(689152K)
[3.667s][info][gc,metaspace   ] GC(100) Metaspace: 6302K(6528K)->6302K(6528K) NonClass: 5769K(5888K)->5769K(5888K) Class: 533K(640K)->533K(640K)
[3.667s][info][gc             ] GC(100) Pause Young (Allocation Failure) 625M->625M(743M) 12.572ms
[3.667s][info][gc,cpu         ] GC(100) User=0.00s Sys=0.00s Real=0.01s
[3.679s][info][gc,start       ] GC(101) Pause Young (Allocation Failure)
[3.692s][info][gc,heap        ] GC(101) PSYoungGen: 19552K(72192K)->9856K(69120K) Eden: 9728K(9728K)->0K(11264K) From: 9824K(62464K)->9856K(57856K)
[3.692s][info][gc,heap        ] GC(101) ParOldGen: 630356K(689152K)->640204K(689152K)
[3.692s][info][gc,metaspace   ] GC(101) Metaspace: 6302K(6528K)->6302K(6528K) NonClass: 5769K(5888K)->5769K(5888K) Class: 533K(640K)->533K(640K)
[3.692s][info][gc             ] GC(101) Pause Young (Allocation Failure) 634M->634M(740M) 12.470ms
[3.692s][info][gc,cpu         ] GC(101) User=0.02s Sys=0.00s Real=0.01s
[3.704s][info][gc,start       ] GC(102) Pause Young (Allocation Failure)
[3.717s][info][gc,heap        ] GC(102) PSYoungGen: 21120K(69120K)->11360K(23040K) Eden: 11264K(11264K)->0K(11264K) From: 9856K(57856K)->11360K(11776K)
[3.717s][info][gc,heap        ] GC(102) ParOldGen: 640204K(689152K)->650060K(689152K)
[3.717s][info][gc,metaspace   ] GC(102) Metaspace: 6302K(6528K)->6302K(6528K) NonClass: 5769K(5888K)->5769K(5888K) Class: 533K(640K)->533K(640K)
[3.717s][info][gc             ] GC(102) Pause Young (Allocation Failure) 645M->645M(695M) 13.020ms
[3.717s][info][gc,cpu         ] GC(102) User=0.00s Sys=0.00s Real=0.01s
[3.730s][info][gc,start       ] GC(103) Pause Young (Allocation Failure)
[3.745s][info][gc,heap        ] GC(103) PSYoungGen: 22624K(23040K)->11392K(65024K) Eden: 11264K(11264K)->0K(12800K) From: 11360K(11776K)->11392K(52224K)
[3.745s][info][gc,heap        ] GC(103) ParOldGen: 650060K(689152K)->661484K(689152K)
[3.745s][info][gc,metaspace   ] GC(103) Metaspace: 6302K(6528K)->6302K(6528K) NonClass: 5769K(5888K)->5769K(5888K) Class: 533K(640K)->533K(640K)
[3.745s][info][gc             ] GC(103) Pause Young (Allocation Failure) 656M->657M(736M) 14.518ms
[3.745s][info][gc,cpu         ] GC(103) User=0.02s Sys=0.00s Real=0.01s
[3.760s][info][gc,start       ] GC(104) Pause Young (Allocation Failure)
[3.775s][info][gc,heap        ] GC(104) PSYoungGen: 24192K(65024K)->12928K(26112K) Eden: 12800K(12800K)->0K(12800K) From: 11392K(52224K)->12928K(13312K)
[3.775s][info][gc,heap        ] GC(104) ParOldGen: 661484K(689152K)->672900K(689152K)
[3.775s][info][gc,metaspace   ] GC(104) Metaspace: 6302K(6528K)->6302K(6528K) NonClass: 5769K(5888K)->5769K(5888K) Class: 533K(640K)->533K(640K)
[3.775s][info][gc             ] GC(104) Pause Young (Allocation Failure) 669M->669M(698M) 14.668ms
[3.775s][info][gc,cpu         ] GC(104) User=0.02s Sys=0.00s Real=0.01s
[3.775s][info][gc,start       ] GC(105) Pause Full (Ergonomics)
[3.775s][info][gc,phases,start] GC(105) Marking Phase
[3.915s][info][gc,phases      ] GC(105) Marking Phase 140.231ms
[3.915s][info][gc,phases,start] GC(105) Summary Phase
[3.915s][info][gc,phases      ] GC(105) Summary Phase 0.033ms
[3.915s][info][gc,phases,start] GC(105) Adjust Roots
[3.915s][info][gc,phases      ] GC(105) Adjust Roots 0.152ms
[3.915s][info][gc,phases,start] GC(105) Compaction Phase
[3.974s][info][gc,phases      ] GC(105) Compaction Phase 58.750ms
[3.974s][info][gc,phases,start] GC(105) Post Compact
[3.975s][info][gc,phases      ] GC(105) Post Compact 1.182ms
[3.976s][info][gc,heap        ] GC(105) PSYoungGen: 12928K(26112K)->0K(67072K) Eden: 0K(12800K)->0K(14336K) From: 12928K(13312K)->0K(52736K)
[3.976s][info][gc,heap        ] GC(105) ParOldGen: 672900K(689152K)->684563K(762880K)
[3.976s][info][gc,metaspace   ] GC(105) Metaspace: 6302K(6528K)->6302K(6528K) NonClass: 5769K(5888K)->5769K(5888K) Class: 533K(640K)->533K(640K)
[3.976s][info][gc             ] GC(105) Pause Full (Ergonomics) 669M->668M(810M) 200.944ms
[3.976s][info][gc,cpu         ] GC(105) User=1.38s Sys=0.00s Real=0.20s
[3.994s][info][gc,start       ] GC(106) Pause Young (Allocation Failure)
[4.005s][info][gc,heap        ] GC(106) PSYoungGen: 14336K(67072K)->14432K(29184K) Eden: 14336K(14336K)->0K(14336K) From: 0K(52736K)->14432K(14848K)
[4.005s][info][gc,heap        ] GC(106) ParOldGen: 684563K(762880K)->684563K(762880K)
[4.006s][info][gc,metaspace   ] GC(106) Metaspace: 6302K(6528K)->6302K(6528K) NonClass: 5769K(5888K)->5769K(5888K) Class: 533K(640K)->533K(640K)
[4.006s][info][gc             ] GC(106) Pause Young (Allocation Failure) 682M->682M(773M) 11.137ms
[4.006s][info][gc,cpu         ] GC(106) User=0.02s Sys=0.00s Real=0.01s
[4.122s][info][gc,start       ] GC(107) Pause Young (Allocation Failure)
[4.153s][info][gc,heap        ] GC(107) PSYoungGen: 28768K(29184K)->28800K(64512K) Eden: 14336K(14336K)->0K(14848K) From: 14432K(14848K)->28800K(49664K)
[4.153s][info][gc,heap        ] GC(107) ParOldGen: 717331K(762880K)->717331K(762880K)
[4.153s][info][gc,metaspace   ] GC(107) Metaspace: 6302K(6528K)->6302K(6528K) NonClass: 5769K(5888K)->5769K(5888K) Class: 533K(640K)->533K(640K)
[4.153s][info][gc             ] GC(107) Pause Young (Allocation Failure) 728M->728M(808M) 30.634ms
[4.153s][info][gc,cpu         ] GC(107) User=0.12s Sys=0.00s Real=0.03s
[4.168s][info][gc,start       ] GC(108) Pause Young (Allocation Failure)
[4.190s][info][gc,heap        ] GC(108) PSYoungGen: 43648K(64512K)->43616K(65536K) Eden: 14848K(14848K)->0K(14848K) From: 28800K(49664K)->43616K(50688K)
[4.190s][info][gc,heap        ] GC(108) ParOldGen: 717331K(762880K)->717331K(762880K)
[4.190s][info][gc,metaspace   ] GC(108) Metaspace: 6302K(6528K)->6302K(6528K) NonClass: 5769K(5888K)->5769K(5888K) Class: 533K(640K)->533K(640K)
[4.190s][info][gc             ] GC(108) Pause Young (Allocation Failure) 743M->743M(809M) 21.957ms
[4.190s][info][gc,cpu         ] GC(108) User=0.03s Sys=0.00s Real=0.02s
[4.206s][info][gc,start       ] GC(109) Pause Young (Allocation Failure)
[4.234s][info][gc,heap        ] GC(109) PSYoungGen: 58464K(65536K)->56320K(62464K) Eden: 14848K(14848K)->0K(6144K) From: 43616K(50688K)->56320K(56320K)
[4.234s][info][gc,heap        ] GC(109) ParOldGen: 717331K(762880K)->719451K(762880K)
[4.234s][info][gc,metaspace   ] GC(109) Metaspace: 6302K(6528K)->6302K(6528K) NonClass: 5769K(5888K)->5769K(5888K) Class: 533K(640K)->533K(640K)
[4.234s][info][gc             ] GC(109) Pause Young (Allocation Failure) 757M->757M(806M) 28.223ms
[4.234s][info][gc,cpu         ] GC(109) User=0.08s Sys=0.00s Real=0.03s
[4.240s][info][gc,start       ] GC(110) Pause Young (Allocation Failure)
[4.269s][info][gc,heap        ] GC(110) PSYoungGen: 62464K(62464K)->34816K(72704K) Eden: 6144K(6144K)->0K(6144K) From: 56320K(56320K)->34816K(66560K)
[4.270s][info][gc,heap        ] GC(110) ParOldGen: 719451K(762880K)->747579K(762880K)
[4.270s][info][gc,metaspace   ] GC(110) Metaspace: 6302K(6528K)->6302K(6528K) NonClass: 5769K(5888K)->5769K(5888K) Class: 533K(640K)->533K(640K)
[4.270s][info][gc             ] GC(110) Pause Young (Allocation Failure) 763M->764M(816M) 29.290ms
[4.270s][info][gc,cpu         ] GC(110) User=0.14s Sys=0.00s Real=0.03s
[4.270s][info][gc,start       ] GC(111) Pause Full (Ergonomics)
[4.270s][info][gc,phases,start] GC(111) Marking Phase
[4.436s][info][gc,phases      ] GC(111) Marking Phase 166.600ms
[4.436s][info][gc,phases,start] GC(111) Summary Phase
[4.436s][info][gc,phases      ] GC(111) Summary Phase 0.022ms
[4.436s][info][gc,phases,start] GC(111) Adjust Roots
[4.436s][info][gc,phases      ] GC(111) Adjust Roots 0.148ms
[4.437s][info][gc,phases,start] GC(111) Compaction Phase
[4.559s][info][gc,phases      ] GC(111) Compaction Phase 122.428ms
[4.559s][info][gc,phases,start] GC(111) Post Compact
[4.561s][info][gc,phases      ] GC(111) Post Compact 1.563ms
[4.561s][info][gc,heap        ] GC(111) PSYoungGen: 34816K(72704K)->2931K(72704K) Eden: 0K(6144K)->0K(6144K) From: 34816K(66560K)->2931K(66560K)
[4.561s][info][gc,heap        ] GC(111) ParOldGen: 747579K(762880K)->762375K(849920K)
[4.561s][info][gc,metaspace   ] GC(111) Metaspace: 6302K(6528K)->6302K(6528K) NonClass: 5769K(5888K)->5769K(5888K) Class: 533K(640K)->533K(640K)
[4.561s][info][gc             ] GC(111) Pause Full (Ergonomics) 764M->747M(901M) 291.366ms
[4.561s][info][gc,cpu         ] GC(111) User=1.86s Sys=0.00s Real=0.29s
[4.569s][info][gc,start       ] GC(112) Pause Young (Allocation Failure)
[4.607s][info][gc,heap        ] GC(112) PSYoungGen: 9075K(72704K)->6560K(72192K) Eden: 6144K(6144K)->0K(7168K) From: 2931K(66560K)->6560K(65024K)
[4.607s][info][gc,heap        ] GC(112) ParOldGen: 762375K(849920K)->765063K(849920K)
[4.607s][info][gc,metaspace   ] GC(112) Metaspace: 6302K(6528K)->6302K(6528K) NonClass: 5769K(5888K)->5769K(5888K) Class: 533K(640K)->533K(640K)
[4.607s][info][gc             ] GC(112) Pause Young (Allocation Failure) 753M->753M(900M) 37.518ms
[4.607s][info][gc,cpu         ] GC(112) User=0.17s Sys=0.00s Real=0.04s
[4.615s][info][gc,start       ] GC(113) Pause Young (Allocation Failure)
[4.627s][info][gc,heap        ] GC(113) PSYoungGen: 13728K(72192K)->13728K(20992K) Eden: 7168K(7168K)->0K(7168K) From: 6560K(65024K)->13728K(13824K)
[4.627s][info][gc,heap        ] GC(113) ParOldGen: 765063K(849920K)->765063K(849920K)
[4.627s][info][gc,metaspace   ] GC(113) Metaspace: 6302K(6528K)->6302K(6528K) NonClass: 5769K(5888K)->5769K(5888K) Class: 533K(640K)->533K(640K)
[4.627s][info][gc             ] GC(113) Pause Young (Allocation Failure) 760M->760M(850M) 12.626ms
[4.627s][info][gc,cpu         ] GC(113) User=0.02s Sys=0.00s Real=0.01s
[4.634s][info][gc,start       ] GC(114) Pause Young (Allocation Failure)
[4.649s][info][gc,heap        ] GC(114) PSYoungGen: 20896K(20992K)->20544K(65024K) Eden: 7168K(7168K)->0K(8192K) From: 13728K(13824K)->20544K(56832K)
[4.649s][info][gc,heap        ] GC(114) ParOldGen: 765063K(849920K)->765415K(849920K)
[4.649s][info][gc,metaspace   ] GC(114) Metaspace: 6302K(6528K)->6302K(6528K) NonClass: 5769K(5888K)->5769K(5888K) Class: 533K(640K)->533K(640K)
[4.649s][info][gc             ] GC(114) Pause Young (Allocation Failure) 767M->767M(893M) 14.685ms
[4.649s][info][gc,cpu         ] GC(114) User=0.02s Sys=0.00s Real=0.01s
[4.658s][info][gc,start       ] GC(115) Pause Young (Allocation Failure)
[4.676s][info][gc,heap        ] GC(115) PSYoungGen: 28736K(65024K)->22656K(31232K) Eden: 8192K(8192K)->0K(8192K) From: 20544K(56832K)->22656K(23040K)
[4.676s][info][gc,heap        ] GC(115) ParOldGen: 765415K(849920K)->771647K(849920K)
[4.676s][info][gc,metaspace   ] GC(115) Metaspace: 6302K(6528K)->6302K(6528K) NonClass: 5769K(5888K)->5769K(5888K) Class: 533K(640K)->533K(640K)
[4.676s][info][gc             ] GC(115) Pause Young (Allocation Failure) 775M->775M(860M) 18.466ms
[4.676s][info][gc,cpu         ] GC(115) User=0.03s Sys=0.00s Real=0.02s
[4.684s][info][gc,start       ] GC(116) Pause Young (Allocation Failure)
[4.702s][info][gc,heap        ] GC(116) PSYoungGen: 30848K(31232K)->16512K(60928K) Eden: 8192K(8192K)->0K(9728K) From: 22656K(23040K)->16512K(51200K)
[4.702s][info][gc,heap        ] GC(116) ParOldGen: 771647K(849920K)->786151K(849920K)
[4.702s][info][gc,metaspace   ] GC(116) Metaspace: 6302K(6528K)->6302K(6528K) NonClass: 5769K(5888K)->5769K(5888K) Class: 533K(640K)->533K(640K)
[4.702s][info][gc             ] GC(116) Pause Young (Allocation Failure) 783M->783M(889M) 17.872ms
[4.702s][info][gc,cpu         ] GC(116) User=0.02s Sys=0.02s Real=0.02s
[4.712s][info][gc,start       ] GC(117) Pause Young (Allocation Failure)
[4.729s][info][gc,heap        ] GC(117) PSYoungGen: 26240K(60928K)->9824K(63488K) Eden: 9728K(9728K)->0K(9728K) From: 16512K(51200K)->9824K(53760K)
[4.729s][info][gc,heap        ] GC(117) ParOldGen: 786151K(849920K)->802727K(849920K)
[4.729s][info][gc,metaspace   ] GC(117) Metaspace: 6302K(6528K)->6302K(6528K) NonClass: 5769K(5888K)->5769K(5888K) Class: 533K(640K)->533K(640K)
[4.729s][info][gc             ] GC(117) Pause Young (Allocation Failure) 793M->793M(892M) 16.731ms
[4.729s][info][gc,cpu         ] GC(117) User=0.03s Sys=0.00s Real=0.02s
[4.739s][info][gc,start       ] GC(118) Pause Young (Allocation Failure)
[4.753s][info][gc,heap        ] GC(118) PSYoungGen: 19552K(63488K)->9824K(61952K) Eden: 9728K(9728K)->0K(11264K) From: 9824K(53760K)->9824K(50688K)
[4.753s][info][gc,heap        ] GC(118) ParOldGen: 802727K(849920K)->812607K(849920K)
[4.753s][info][gc,metaspace   ] GC(118) Metaspace: 6302K(6528K)->6302K(6528K) NonClass: 5769K(5888K)->5769K(5888K) Class: 533K(640K)->533K(640K)
[4.753s][info][gc             ] GC(118) Pause Young (Allocation Failure) 803M->803M(890M) 14.536ms
[4.753s][info][gc,cpu         ] GC(118) User=0.02s Sys=0.00s Real=0.01s
[4.765s][info][gc,start       ] GC(119) Pause Young (Allocation Failure)
[4.781s][info][gc,heap        ] GC(119) PSYoungGen: 21088K(61952K)->11328K(62976K) Eden: 11264K(11264K)->0K(11264K) From: 9824K(50688K)->11328K(51712K)
[4.781s][info][gc,heap        ] GC(119) ParOldGen: 812607K(849920K)->822471K(849920K)
[4.781s][info][gc,metaspace   ] GC(119) Metaspace: 6302K(6528K)->6302K(6528K) NonClass: 5769K(5888K)->5769K(5888K) Class: 533K(640K)->533K(640K)
[4.781s][info][gc             ] GC(119) Pause Young (Allocation Failure) 814M->814M(891M) 16.436ms
[4.781s][info][gc,cpu         ] GC(119) User=0.02s Sys=0.00s Real=0.02s
[4.794s][info][gc,start       ] GC(120) Pause Young (Allocation Failure)
[4.809s][info][gc,heap        ] GC(120) PSYoungGen: 22592K(62976K)->11392K(58880K) Eden: 11264K(11264K)->0K(12800K) From: 11328K(51712K)->11392K(46080K)
[4.809s][info][gc,heap        ] GC(120) ParOldGen: 822471K(849920K)->833879K(849920K)
[4.809s][info][gc,metaspace   ] GC(120) Metaspace: 6302K(6528K)->6302K(6528K) NonClass: 5769K(5888K)->5769K(5888K) Class: 533K(640K)->533K(640K)
[4.809s][info][gc             ] GC(120) Pause Young (Allocation Failure) 825M->825M(887M) 15.852ms
[4.809s][info][gc,cpu         ] GC(120) User=0.00s Sys=0.02s Real=0.02s
[4.809s][info][gc,start       ] GC(121) Pause Full (Ergonomics)
[4.809s][info][gc,phases,start] GC(121) Marking Phase
[4.994s][info][gc,phases      ] GC(121) Marking Phase 184.566ms
[4.994s][info][gc,phases,start] GC(121) Summary Phase
[4.994s][info][gc,phases      ] GC(121) Summary Phase 0.035ms
[4.994s][info][gc,phases,start] GC(121) Adjust Roots
[4.994s][info][gc,phases      ] GC(121) Adjust Roots 0.159ms
[4.994s][info][gc,phases,start] GC(121) Compaction Phase
[5.074s][info][gc,phases      ] GC(121) Compaction Phase 79.893ms
[5.074s][info][gc,phases,start] GC(121) Post Compact
[5.076s][info][gc,phases      ] GC(121) Post Compact 1.308ms
[5.076s][info][gc,heap        ] GC(121) PSYoungGen: 11392K(58880K)->0K(60928K) Eden: 0K(12800K)->0K(12800K) From: 11392K(46080K)->0K(48128K)
[5.076s][info][gc,heap        ] GC(121) ParOldGen: 833879K(849920K)->843870K(934400K)
[5.076s][info][gc,metaspace   ] GC(121) Metaspace: 6302K(6528K)->6302K(6528K) NonClass: 5769K(5888K)->5769K(5888K) Class: 533K(640K)->533K(640K)
[5.076s][info][gc             ] GC(121) Pause Full (Ergonomics) 825M->824M(972M) 266.580ms
[5.076s][info][gc,cpu         ] GC(121) User=1.83s Sys=0.00s Real=0.27s
[5.092s][info][gc,start       ] GC(122) Pause Young (Allocation Failure)
[5.105s][info][gc,heap        ] GC(122) PSYoungGen: 12800K(60928K)->12928K(58368K) Eden: 12800K(12800K)->0K(14336K) From: 0K(48128K)->12928K(44032K)
[5.105s][info][gc,heap        ] GC(122) ParOldGen: 843870K(934400K)->843870K(934400K)
[5.105s][info][gc,metaspace   ] GC(122) Metaspace: 6302K(6528K)->6302K(6528K) NonClass: 5769K(5888K)->5769K(5888K) Class: 533K(640K)->533K(640K)
[5.105s][info][gc             ] GC(122) Pause Young (Allocation Failure) 836M->836M(969M) 13.502ms
[5.105s][info][gc,cpu         ] GC(122) User=0.00s Sys=0.00s Real=0.01s
[5.121s][info][gc,start       ] GC(123) Pause Young (Allocation Failure)
[5.138s][info][gc,heap        ] GC(123) PSYoungGen: 27264K(58368K)->27200K(60416K) Eden: 14336K(14336K)->0K(14336K) From: 12928K(44032K)->27200K(46080K)
[5.138s][info][gc,heap        ] GC(123) ParOldGen: 843870K(934400K)->843870K(934400K)
[5.138s][info][gc,metaspace   ] GC(123) Metaspace: 6302K(6528K)->6302K(6528K) NonClass: 5769K(5888K)->5769K(5888K) Class: 533K(640K)->533K(640K)
[5.138s][info][gc             ] GC(123) Pause Young (Allocation Failure) 850M->850M(971M) 17.442ms
[5.138s][info][gc,cpu         ] GC(123) User=0.02s Sys=0.02s Real=0.02s
[5.154s][info][gc,start       ] GC(124) Pause Young (Allocation Failure)
[5.176s][info][gc,heap        ] GC(124) PSYoungGen: 41536K(60416K)->28832K(62464K) Eden: 14336K(14336K)->0K(15360K) From: 27200K(46080K)->28832K(47104K)
[5.176s][info][gc,heap        ] GC(124) ParOldGen: 843870K(934400K)->856838K(934400K)
[5.176s][info][gc,metaspace   ] GC(124) Metaspace: 6302K(6528K)->6302K(6528K) NonClass: 5769K(5888K)->5769K(5888K) Class: 533K(640K)->533K(640K)
[5.176s][info][gc             ] GC(124) Pause Young (Allocation Failure) 864M->864M(973M) 21.755ms
[5.176s][info][gc,cpu         ] GC(124) User=0.06s Sys=0.00s Real=0.02s
[5.192s][info][gc,start       ] GC(125) Pause Young (Allocation Failure)
[5.215s][info][gc,heap        ] GC(125) PSYoungGen: 44192K(62464K)->29856K(62976K) Eden: 15360K(15360K)->0K(15360K) From: 28832K(47104K)->29856K(47616K)
[5.215s][info][gc,heap        ] GC(125) ParOldGen: 856838K(934400K)->871366K(934400K)
[5.215s][info][gc,metaspace   ] GC(125) Metaspace: 6302K(6528K)->6302K(6528K) NonClass: 5769K(5888K)->5769K(5888K) Class: 533K(640K)->533K(640K)
[5.215s][info][gc             ] GC(125) Pause Young (Allocation Failure) 879M->880M(974M) 22.810ms
[5.215s][info][gc,cpu         ] GC(125) User=0.12s Sys=0.00s Real=0.02s
[5.233s][info][gc,start       ] GC(126) Pause Young (Allocation Failure)
[5.256s][info][gc,heap        ] GC(126) PSYoungGen: 45216K(62976K)->30816K(65024K) Eden: 15360K(15360K)->0K(16384K) From: 29856K(47616K)->30816K(48640K)
[5.256s][info][gc,heap        ] GC(126) ParOldGen: 871366K(934400K)->885886K(934400K)
[5.256s][info][gc,metaspace   ] GC(126) Metaspace: 6302K(6528K)->6302K(6528K) NonClass: 5769K(5888K)->5769K(5888K) Class: 533K(640K)->533K(640K)
[5.256s][info][gc             ] GC(126) Pause Young (Allocation Failure) 895M->895M(976M) 23.626ms
[5.256s][info][gc,cpu         ] GC(126) User=0.12s Sys=0.00s Real=0.02s
[5.274s][info][gc,start       ] GC(127) Pause Young (Allocation Failure)
[5.298s][info][gc,heap        ] GC(127) PSYoungGen: 47200K(65024K)->31872K(66048K) Eden: 16384K(16384K)->0K(16384K) From: 30816K(48640K)->31872K(49664K)
[5.298s][info][gc,heap        ] GC(127) ParOldGen: 885886K(934400K)->901422K(934400K)
[5.298s][info][gc,metaspace   ] GC(127) Metaspace: 6302K(6528K)->6302K(6528K) NonClass: 5769K(5888K)->5769K(5888K) Class: 533K(640K)->533K(640K)
[5.298s][info][gc             ] GC(127) Pause Young (Allocation Failure) 911M->911M(977M) 24.368ms
[5.298s][info][gc,cpu         ] GC(127) User=0.12s Sys=0.02s Real=0.02s
[5.318s][info][gc,start       ] GC(128) Pause Young (Allocation Failure)
[5.343s][info][gc,heap        ] GC(128) PSYoungGen: 48256K(66048K)->32896K(68096K) Eden: 16384K(16384K)->0K(17408K) From: 31872K(49664K)->32896K(50688K)
[5.343s][info][gc,heap        ] GC(128) ParOldGen: 901422K(934400K)->916982K(934400K)
[5.343s][info][gc,metaspace   ] GC(128) Metaspace: 6302K(6528K)->6302K(6528K) NonClass: 5769K(5888K)->5769K(5888K) Class: 533K(640K)->533K(640K)
[5.343s][info][gc             ] GC(128) Pause Young (Allocation Failure) 927M->927M(979M) 25.013ms
[5.343s][info][gc,cpu         ] GC(128) User=0.14s Sys=0.00s Real=0.03s
[5.343s][info][gc,start       ] GC(129) Pause Full (Ergonomics)
[5.343s][info][gc,phases,start] GC(129) Marking Phase
[5.550s][info][gc,phases      ] GC(129) Marking Phase 207.386ms
[5.550s][info][gc,phases,start] GC(129) Summary Phase
[5.550s][info][gc,phases      ] GC(129) Summary Phase 0.041ms
[5.550s][info][gc,phases,start] GC(129) Adjust Roots
[5.550s][info][gc,phases      ] GC(129) Adjust Roots 0.231ms
[5.551s][info][gc,phases,start] GC(129) Compaction Phase
[5.646s][info][gc,phases      ] GC(129) Compaction Phase 95.783ms
[5.646s][info][gc,phases,start] GC(129) Post Compact
[5.648s][info][gc,phases      ] GC(129) Post Compact 1.866ms
[5.649s][info][gc,heap        ] GC(129) PSYoungGen: 32896K(68096K)->14314K(68096K) Eden: 0K(17408K)->0K(17408K) From: 32896K(50688K)->14314K(50688K)
[5.649s][info][gc,heap        ] GC(129) ParOldGen: 916982K(934400K)->934299K(1034240K)
[5.649s][info][gc,metaspace   ] GC(129) Metaspace: 6302K(6528K)->6302K(6528K) NonClass: 5769K(5888K)->5769K(5888K) Class: 533K(640K)->533K(640K)
[5.649s][info][gc             ] GC(129) Pause Full (Ergonomics) 927M->926M(1076M) 306.162ms
[5.649s][info][gc,cpu         ] GC(129) User=2.02s Sys=0.02s Real=0.31s
[5.668s][info][gc,start       ] GC(130) Pause Young (Allocation Failure)
[5.721s][info][gc,heap        ] GC(130) PSYoungGen: 31722K(68096K)->24896K(42496K) Eden: 17408K(17408K)->0K(17408K) From: 14314K(50688K)->24896K(25088K)
[5.721s][info][gc,heap        ] GC(130) ParOldGen: 934299K(1034240K)->941411K(1034240K)
[5.721s][info][gc,metaspace   ] GC(130) Metaspace: 6302K(6528K)->6302K(6528K) NonClass: 5769K(5888K)->5769K(5888K) Class: 533K(640K)->533K(640K)
[5.721s][info][gc             ] GC(130) Pause Young (Allocation Failure) 943M->943M(1051M) 52.934ms
[5.721s][info][gc,cpu         ] GC(130) User=0.28s Sys=0.00s Real=0.05s
[5.740s][info][gc,start       ] GC(131) Pause Young (Allocation Failure)
[5.763s][info][gc,heap        ] GC(131) PSYoungGen: 42304K(42496K)->42304K(64000K) Eden: 17408K(17408K)->0K(14848K) From: 24896K(25088K)->42304K(49152K)
[5.763s][info][gc,heap        ] GC(131) ParOldGen: 941411K(1034240K)->941411K(1034240K)
[5.763s][info][gc,metaspace   ] GC(131) Metaspace: 6302K(6528K)->6302K(6528K) NonClass: 5769K(5888K)->5769K(5888K) Class: 533K(640K)->533K(640K)
[5.763s][info][gc             ] GC(131) Pause Young (Allocation Failure) 960M->960M(1072M) 22.875ms
[5.763s][info][gc,cpu         ] GC(131) User=0.12s Sys=0.00s Real=0.02s
[5.779s][info][gc,start       ] GC(132) Pause Young (Allocation Failure)
[5.808s][info][gc,heap        ] GC(132) PSYoungGen: 57152K(64000K)->49792K(68608K) Eden: 14848K(14848K)->0K(14848K) From: 42304K(49152K)->49792K(53760K)
[5.808s][info][gc,heap        ] GC(132) ParOldGen: 941411K(1034240K)->948859K(1034240K)
[5.808s][info][gc,metaspace   ] GC(132) Metaspace: 6302K(6528K)->6302K(6528K) NonClass: 5769K(5888K)->5769K(5888K) Class: 533K(640K)->533K(640K)
[5.808s][info][gc             ] GC(132) Pause Young (Allocation Failure) 975M->975M(1077M) 28.692ms
[5.808s][info][gc,cpu         ] GC(132) User=0.12s Sys=0.00s Real=0.03s
[5.825s][info][gc,start       ] GC(133) Pause Young (Allocation Failure)
[5.857s][info][gc,heap        ] GC(133) PSYoungGen: 64640K(68608K)->47264K(73216K) Eden: 14848K(14848K)->0K(13312K) From: 49792K(53760K)->47264K(59904K)
[5.857s][info][gc,heap        ] GC(133) ParOldGen: 948859K(1034240K)->966499K(1034240K)
[5.857s][info][gc,metaspace   ] GC(133) Metaspace: 6302K(6528K)->6302K(6528K) NonClass: 5769K(5888K)->5769K(5888K) Class: 533K(640K)->533K(640K)
[5.857s][info][gc             ] GC(133) Pause Young (Allocation Failure) 989M->990M(1081M) 32.295ms
[5.857s][info][gc,cpu         ] GC(133) User=0.14s Sys=0.00s Real=0.03s
[5.871s][info][gc,start       ] GC(134) Pause Young (Allocation Failure)
[5.902s][info][gc,heap        ] GC(134) PSYoungGen: 60576K(73216K)->43168K(76800K) Eden: 13312K(13312K)->0K(13312K) From: 47264K(59904K)->43168K(63488K)
[5.902s][info][gc,heap        ] GC(134) ParOldGen: 966499K(1034240K)->984123K(1034240K)
[5.902s][info][gc,metaspace   ] GC(134) Metaspace: 6302K(6528K)->6302K(6528K) NonClass: 5769K(5888K)->5769K(5888K) Class: 533K(640K)->533K(640K)
[5.902s][info][gc             ] GC(134) Pause Young (Allocation Failure) 1003M->1003M(1085M) 30.508ms
[5.902s][info][gc,cpu         ] GC(134) User=0.08s Sys=0.06s Real=0.03s
[5.917s][info][gc,start       ] GC(135) Pause Young (Allocation Failure)
[5.946s][info][gc,heap        ] GC(135) PSYoungGen: 56480K(76800K)->26752K(75264K) Eden: 13312K(13312K)->0K(15360K) From: 43168K(63488K)->26752K(59904K)
[5.946s][info][gc,heap        ] GC(135) ParOldGen: 984123K(1034240K)->1014195K(1034240K)
[5.946s][info][gc,metaspace   ] GC(135) Metaspace: 6302K(6528K)->6302K(6528K) NonClass: 5769K(5888K)->5769K(5888K) Class: 533K(640K)->533K(640K)
[5.946s][info][gc             ] GC(135) Pause Young (Allocation Failure) 1016M->1016M(1083M) 29.345ms
[5.946s][info][gc,cpu         ] GC(135) User=0.12s Sys=0.02s Real=0.03s
[5.946s][info][gc,start       ] GC(136) Pause Full (Ergonomics)
[5.946s][info][gc,phases,start] GC(136) Marking Phase
[6.173s][info][gc,phases      ] GC(136) Marking Phase 226.833ms
[6.173s][info][gc,phases,start] GC(136) Summary Phase
[6.173s][info][gc,phases      ] GC(136) Summary Phase 0.024ms
[6.173s][info][gc,phases,start] GC(136) Adjust Roots
[6.173s][info][gc,phases      ] GC(136) Adjust Roots 0.149ms
[6.173s][info][gc,phases,start] GC(136) Compaction Phase
[6.267s][info][gc,phases      ] GC(136) Compaction Phase 93.593ms
[6.267s][info][gc,phases,start] GC(136) Post Compact
[6.269s][info][gc,phases      ] GC(136) Post Compact 1.986ms
[6.270s][info][gc,heap        ] GC(136) PSYoungGen: 26752K(75264K)->5619K(77312K) Eden: 0K(15360K)->0K(17408K) From: 26752K(59904K)->5619K(59904K)
[6.270s][info][gc,heap        ] GC(136) ParOldGen: 1014195K(1034240K)->1033944K(1148416K)
[6.270s][info][gc,metaspace   ] GC(136) Metaspace: 6302K(6528K)->6302K(6528K) NonClass: 5769K(5888K)->5769K(5888K) Class: 533K(640K)->533K(640K)
[6.270s][info][gc             ] GC(136) Pause Full (Ergonomics) 1016M->1015M(1197M) 323.730ms
[6.270s][info][gc,cpu         ] GC(136) User=2.39s Sys=0.00s Real=0.32s
[6.289s][info][gc,start       ] GC(137) Pause Young (Allocation Failure)
[6.343s][info][gc,heap        ] GC(137) PSYoungGen: 23027K(77312K)->17536K(79872K) Eden: 17408K(17408K)->0K(17408K) From: 5619K(59904K)->17536K(62464K)
[6.343s][info][gc,heap        ] GC(137) ParOldGen: 1033944K(1148416K)->1039664K(1148416K)
[6.343s][info][gc,metaspace   ] GC(137) Metaspace: 6302K(6528K)->6302K(6528K) NonClass: 5769K(5888K)->5769K(5888K) Class: 533K(640K)->533K(640K)
[6.343s][info][gc             ] GC(137) Pause Young (Allocation Failure) 1032M->1032M(1199M) 54.474ms
[6.343s][info][gc,cpu         ] GC(137) User=0.28s Sys=0.00s Real=0.05s
[6.363s][info][gc,start       ] GC(138) Pause Young (Allocation Failure)
[6.384s][info][gc,heap        ] GC(138) PSYoungGen: 34944K(79872K)->17504K(78336K) Eden: 17408K(17408K)->0K(19456K) From: 17536K(62464K)->17504K(58880K)
[6.384s][info][gc,heap        ] GC(138) ParOldGen: 1039664K(1148416K)->1057304K(1148416K)
[6.384s][info][gc,metaspace   ] GC(138) Metaspace: 6302K(6528K)->6302K(6528K) NonClass: 5769K(5888K)->5769K(5888K) Class: 533K(640K)->533K(640K)
[6.384s][info][gc             ] GC(138) Pause Young (Allocation Failure) 1049M->1049M(1198M) 21.248ms
[6.384s][info][gc,cpu         ] GC(138) User=0.12s Sys=0.00s Real=0.02s
[6.405s][info][gc,start       ] GC(139) Pause Young (Allocation Failure)
[6.427s][info][gc,heap        ] GC(139) PSYoungGen: 36960K(78336K)->19552K(79872K) Eden: 19456K(19456K)->0K(19456K) From: 17504K(58880K)->19552K(60416K)
[6.427s][info][gc,heap        ] GC(139) ParOldGen: 1057304K(1148416K)->1074944K(1148416K)
[6.427s][info][gc,metaspace   ] GC(139) Metaspace: 6302K(6528K)->6302K(6528K) NonClass: 5769K(5888K)->5769K(5888K) Class: 533K(640K)->533K(640K)
[6.427s][info][gc             ] GC(139) Pause Young (Allocation Failure) 1068M->1068M(1199M) 21.602ms
[6.427s][info][gc,cpu         ] GC(139) User=0.09s Sys=0.03s Real=0.02s
[6.448s][info][gc,start       ] GC(140) Pause Young (Allocation Failure)
[6.471s][info][gc,heap        ] GC(140) PSYoungGen: 39008K(79872K)->19552K(78336K) Eden: 19456K(19456K)->0K(22016K) From: 19552K(60416K)->19552K(56320K)
[6.471s][info][gc,heap        ] GC(140) ParOldGen: 1074944K(1148416K)->1094648K(1148416K)
[6.471s][info][gc,metaspace   ] GC(140) Metaspace: 6302K(6528K)->6302K(6528K) NonClass: 5769K(5888K)->5769K(5888K) Class: 533K(640K)->533K(640K)
[6.471s][info][gc             ] GC(140) Pause Young (Allocation Failure) 1087M->1088M(1198M) 23.695ms
[6.471s][info][gc,cpu         ] GC(140) User=0.14s Sys=0.00s Real=0.02s
[6.496s][info][gc,start       ] GC(141) Pause Young (Allocation Failure)
[6.520s][info][gc,heap        ] GC(141) PSYoungGen: 41568K(78336K)->22176K(79360K) Eden: 22016K(22016K)->0K(22016K) From: 19552K(56320K)->22176K(57344K)
[6.520s][info][gc,heap        ] GC(141) ParOldGen: 1094648K(1148416K)->1114368K(1148416K)
[6.520s][info][gc,metaspace   ] GC(141) Metaspace: 6302K(6528K)->6302K(6528K) NonClass: 5769K(5888K)->5769K(5888K) Class: 533K(640K)->533K(640K)
[6.520s][info][gc             ] GC(141) Pause Young (Allocation Failure) 1109M->1109M(1199M) 23.897ms
[6.520s][info][gc,cpu         ] GC(141) User=0.12s Sys=0.00s Real=0.02s
[6.545s][info][gc,start       ] GC(142) Pause Young (Allocation Failure)
[6.570s][info][gc,heap        ] GC(142) PSYoungGen: 44192K(79360K)->22176K(75264K) Eden: 22016K(22016K)->0K(24576K) From: 22176K(57344K)->22176K(50688K)
[6.570s][info][gc,heap        ] GC(142) ParOldGen: 1114368K(1148416K)->1136664K(1148416K)
[6.570s][info][gc,metaspace   ] GC(142) Metaspace: 6302K(6528K)->6302K(6528K) NonClass: 5769K(5888K)->5769K(5888K) Class: 533K(640K)->533K(640K)
[6.570s][info][gc             ] GC(142) Pause Young (Allocation Failure) 1131M->1131M(1195M) 25.458ms
[6.570s][info][gc,cpu         ] GC(142) User=0.12s Sys=0.00s Real=0.03s
[6.570s][info][gc,start       ] GC(143) Pause Full (Ergonomics)
[6.570s][info][gc,phases,start] GC(143) Marking Phase
[6.832s][info][gc,phases      ] GC(143) Marking Phase 261.732ms
[6.832s][info][gc,phases,start] GC(143) Summary Phase
[6.832s][info][gc,phases      ] GC(143) Summary Phase 0.026ms
[6.832s][info][gc,phases,start] GC(143) Adjust Roots
[6.832s][info][gc,phases      ] GC(143) Adjust Roots 0.159ms
[6.832s][info][gc,phases,start] GC(143) Compaction Phase
[6.933s][info][gc,phases      ] GC(143) Compaction Phase 101.029ms
[6.933s][info][gc,phases,start] GC(143) Post Compact
[6.935s][info][gc,phases      ] GC(143) Post Compact 2.030ms
[6.936s][info][gc,heap        ] GC(143) PSYoungGen: 22176K(75264K)->9207K(77312K) Eden: 0K(24576K)->0K(26624K) From: 22176K(50688K)->9207K(50688K)
[6.936s][info][gc,heap        ] GC(143) ParOldGen: 1136664K(1148416K)->1147913K(1273344K)
[6.936s][info][gc,metaspace   ] GC(143) Metaspace: 6302K(6528K)->6302K(6528K) NonClass: 5769K(5888K)->5769K(5888K) Class: 533K(640K)->533K(640K)
[6.936s][info][gc             ] GC(143) Pause Full (Ergonomics) 1131M->1130M(1319M) 365.733ms
[6.936s][info][gc,cpu         ] GC(143) User=2.77s Sys=0.00s Real=0.37s
[6.968s][info][gc,start       ] GC(144) Pause Young (Allocation Failure)
[7.034s][info][gc,heap        ] GC(144) PSYoungGen: 35831K(77312K)->26816K(79360K) Eden: 26624K(26624K)->0K(26624K) From: 9207K(50688K)->26816K(52736K)
[7.034s][info][gc,heap        ] GC(144) ParOldGen: 1147913K(1273344K)->1157281K(1273344K)
[7.034s][info][gc,metaspace   ] GC(144) Metaspace: 6302K(6528K)->6302K(6528K) NonClass: 5769K(5888K)->5769K(5888K) Class: 533K(640K)->533K(640K)
[7.034s][info][gc             ] GC(144) Pause Young (Allocation Failure) 1156M->1156M(1321M) 65.964ms
[7.034s][info][gc,cpu         ] GC(144) User=0.36s Sys=0.02s Real=0.07s
[7.068s][info][gc,start       ] GC(145) Pause Young (Allocation Failure)
[7.098s][info][gc,heap        ] GC(145) PSYoungGen: 53440K(79360K)->50688K(72192K) Eden: 26624K(26624K)->0K(21504K) From: 26816K(52736K)->50688K(50688K)
[7.098s][info][gc,heap        ] GC(145) ParOldGen: 1157281K(1273344K)->1159961K(1273344K)
[7.098s][info][gc,metaspace   ] GC(145) Metaspace: 6302K(6528K)->6302K(6528K) NonClass: 5769K(5888K)->5769K(5888K) Class: 533K(640K)->533K(640K)
[7.098s][info][gc             ] GC(145) Pause Young (Allocation Failure) 1182M->1182M(1314M) 30.179ms
[7.098s][info][gc,cpu         ] GC(145) User=0.14s Sys=0.00s Real=0.03s
[7.125s][info][gc,start       ] GC(146) Pause Young (Allocation Failure)
[7.165s][info][gc,heap        ] GC(146) PSYoungGen: 72192K(72192K)->21632K(79872K) Eden: 21504K(21504K)->0K(21504K) From: 50688K(50688K)->21632K(58368K)
[7.165s][info][gc,heap        ] GC(146) ParOldGen: 1159961K(1273344K)->1211289K(1273344K)
[7.165s][info][gc,metaspace   ] GC(146) Metaspace: 6302K(6528K)->6302K(6528K) NonClass: 5769K(5888K)->5769K(5888K) Class: 533K(640K)->533K(640K)
[7.165s][info][gc             ] GC(146) Pause Young (Allocation Failure) 1203M->1204M(1321M) 39.299ms
[7.165s][info][gc,cpu         ] GC(146) User=0.23s Sys=0.02s Real=0.04s
[7.190s][info][gc,start       ] GC(147) Pause Young (Allocation Failure)
[7.215s][info][gc,heap        ] GC(147) PSYoungGen: 43136K(79872K)->43200K(77312K) Eden: 21504K(21504K)->0K(20992K) From: 21632K(58368K)->43200K(56320K)
[7.215s][info][gc,heap        ] GC(147) ParOldGen: 1211289K(1273344K)->1211289K(1273344K)
[7.215s][info][gc,metaspace   ] GC(147) Metaspace: 6302K(6528K)->6302K(6528K) NonClass: 5769K(5888K)->5769K(5888K) Class: 533K(640K)->533K(640K)
[7.215s][info][gc             ] GC(147) Pause Young (Allocation Failure) 1225M->1225M(1319M) 24.707ms
[7.215s][info][gc,cpu         ] GC(147) User=0.12s Sys=0.00s Real=0.02s
[7.239s][info][gc,start       ] GC(148) Pause Young (Allocation Failure)
[7.274s][info][gc,heap        ] GC(148) PSYoungGen: 64192K(77312K)->59392K(80384K) Eden: 20992K(20992K)->0K(20992K) From: 43200K(56320K)->59392K(59392K)
[7.274s][info][gc,heap        ] GC(148) ParOldGen: 1211289K(1273344K)->1216017K(1273344K)
[7.274s][info][gc,metaspace   ] GC(148) Metaspace: 6302K(6528K)->6302K(6528K) NonClass: 5769K(5888K)->5769K(5888K) Class: 533K(640K)->533K(640K)
[7.274s][info][gc             ] GC(148) Pause Young (Allocation Failure) 1245M->1245M(1322M) 34.718ms
[7.274s][info][gc,cpu         ] GC(148) User=0.14s Sys=0.00s Real=0.03s
[7.299s][info][gc,start       ] GC(149) Pause Young (Allocation Failure)
[7.342s][info][gc,heap        ] GC(149) PSYoungGen: 80384K(80384K)->40416K(90624K) Eden: 20992K(20992K)->0K(23552K) From: 59392K(59392K)->40416K(67072K)
[7.342s][info][gc,heap        ] GC(149) ParOldGen: 1216017K(1273344K)->1256649K(1273344K)
[7.342s][info][gc,metaspace   ] GC(149) Metaspace: 6302K(6528K)->6302K(6528K) NonClass: 5769K(5888K)->5769K(5888K) Class: 533K(640K)->533K(640K)
[7.342s][info][gc             ] GC(149) Pause Young (Allocation Failure) 1266M->1266M(1332M) 43.022ms
[7.342s][info][gc,cpu         ] GC(149) User=0.23s Sys=0.03s Real=0.04s
[7.342s][info][gc,start       ] GC(150) Pause Full (Ergonomics)
[7.342s][info][gc,phases,start] GC(150) Marking Phase
[7.635s][info][gc,phases      ] GC(150) Marking Phase 293.260ms
[7.636s][info][gc,phases,start] GC(150) Summary Phase
[7.636s][info][gc,phases      ] GC(150) Summary Phase 0.050ms
[7.636s][info][gc,phases,start] GC(150) Adjust Roots
[7.636s][info][gc,phases      ] GC(150) Adjust Roots 0.156ms
[7.636s][info][gc,phases,start] GC(150) Compaction Phase
[7.747s][info][gc,phases      ] GC(150) Compaction Phase 110.792ms
[7.747s][info][gc,phases,start] GC(150) Post Compact
[7.749s][info][gc,phases      ] GC(150) Post Compact 2.302ms
[7.750s][info][gc,heap        ] GC(150) PSYoungGen: 40416K(90624K)->22304K(91648K) Eden: 0K(23552K)->0K(24576K) From: 40416K(67072K)->22304K(67072K)
[7.750s][info][gc,heap        ] GC(150) ParOldGen: 1256649K(1273344K)->1272858K(1423872K)
[7.750s][info][gc,metaspace   ] GC(150) Metaspace: 6302K(6528K)->6302K(6528K) NonClass: 5769K(5888K)->5769K(5888K) Class: 533K(640K)->533K(640K)
[7.750s][info][gc             ] GC(150) Pause Full (Ergonomics) 1266M->1264M(1480M) 407.510ms
[7.750s][info][gc,cpu         ] GC(150) User=3.05s Sys=0.00s Real=0.41s
[7.776s][info][gc,start       ] GC(151) Pause Young (Allocation Failure)
[7.851s][info][gc,heap        ] GC(151) PSYoungGen: 46880K(91648K)->27744K(92672K) Eden: 24576K(24576K)->0K(24576K) From: 22304K(67072K)->27744K(68096K)
[7.851s][info][gc,heap        ] GC(151) ParOldGen: 1272858K(1423872K)->1283354K(1423872K)
[7.851s][info][gc,metaspace   ] GC(151) Metaspace: 6302K(6528K)->6302K(6528K) NonClass: 5769K(5888K)->5769K(5888K) Class: 533K(640K)->533K(640K)
[7.851s][info][gc             ] GC(151) Pause Young (Allocation Failure) 1288M->1280M(1481M) 75.046ms
[7.851s][info][gc,cpu         ] GC(151) User=0.42s Sys=0.00s Real=0.08s
[7.874s][info][gc,start       ] GC(152) Pause Young (Allocation Failure)
[7.899s][info][gc,heap        ] GC(152) PSYoungGen: 52320K(92672K)->42976K(93184K) Eden: 24576K(24576K)->0K(27136K) From: 27744K(68096K)->42976K(66048K)
[7.899s][info][gc,heap        ] GC(152) ParOldGen: 1283354K(1423872K)->1283354K(1423872K)
[7.899s][info][gc,metaspace   ] GC(152) Metaspace: 6302K(6528K)->6302K(6528K) NonClass: 5769K(5888K)->5769K(5888K) Class: 533K(640K)->533K(640K)
[7.899s][info][gc             ] GC(152) Pause Young (Allocation Failure) 1304M->1295M(1481M) 25.704ms
[7.899s][info][gc,cpu         ] GC(152) User=0.12s Sys=0.00s Real=0.03s
[7.935s][info][gc,start       ] GC(153) Pause Young (Allocation Failure)
[7.974s][info][gc,heap        ] GC(153) PSYoungGen: 70112K(93184K)->66048K(93184K) Eden: 27136K(27136K)->0K(27136K) From: 42976K(66048K)->66048K(66048K)
[7.975s][info][gc,heap        ] GC(153) ParOldGen: 1283354K(1423872K)->1287402K(1423872K)
[7.975s][info][gc,metaspace   ] GC(153) Metaspace: 6302K(6528K)->6302K(6528K) NonClass: 5769K(5888K)->5769K(5888K) Class: 533K(640K)->533K(640K)
[7.975s][info][gc             ] GC(153) Pause Young (Allocation Failure) 1321M->1321M(1481M) 39.297ms
[7.975s][info][gc,cpu         ] GC(153) User=0.25s Sys=0.00s Real=0.04s
[8.010s][info][gc,start       ] GC(154) Pause Young (Allocation Failure)
[8.062s][info][gc,heap        ] GC(154) PSYoungGen: 93184K(93184K)->67264K(99328K) Eden: 27136K(27136K)->0K(23040K) From: 66048K(66048K)->67264K(76288K)
[8.062s][info][gc,heap        ] GC(154) ParOldGen: 1287402K(1423872K)->1313882K(1423872K)
[8.062s][info][gc,metaspace   ] GC(154) Metaspace: 6302K(6528K)->6302K(6528K) NonClass: 5769K(5888K)->5769K(5888K) Class: 533K(640K)->533K(640K)
[8.062s][info][gc             ] GC(154) Pause Young (Allocation Failure) 1348M->1348M(1487M) 52.038ms
[8.062s][info][gc,cpu         ] GC(154) User=0.39s Sys=0.00s Real=0.05s
[8.093s][info][gc,start       ] GC(155) Pause Young (Allocation Failure)
[8.141s][info][gc,heap        ] GC(155) PSYoungGen: 90304K(99328K)->75968K(106496K) Eden: 23040K(23040K)->0K(23040K) From: 67264K(76288K)->75968K(83456K)
[8.141s][info][gc,heap        ] GC(155) ParOldGen: 1313882K(1423872K)->1328386K(1423872K)
[8.141s][info][gc,metaspace   ] GC(155) Metaspace: 6302K(6528K)->6302K(6528K) NonClass: 5769K(5888K)->5769K(5888K) Class: 533K(640K)->533K(640K)
[8.141s][info][gc             ] GC(155) Pause Young (Allocation Failure) 1371M->1371M(1494M) 47.535ms
[8.141s][info][gc,cpu         ] GC(155) User=0.27s Sys=0.00s Real=0.05s
[8.445s][info][gc,start       ] GC(156) Pause Full (Ergonomics)
[8.445s][info][gc,phases,start] GC(156) Marking Phase
[8.770s][info][gc,phases      ] GC(156) Marking Phase 325.301ms
[8.770s][info][gc,phases,start] GC(156) Summary Phase
[8.770s][info][gc,phases      ] GC(156) Summary Phase 0.039ms
[8.770s][info][gc,phases,start] GC(156) Adjust Roots
[8.770s][info][gc,phases      ] GC(156) Adjust Roots 0.236ms
[8.770s][info][gc,phases,start] GC(156) Compaction Phase
[9.120s][info][gc,phases      ] GC(156) Compaction Phase 349.736ms
[9.120s][info][gc,phases,start] GC(156) Post Compact
[9.123s][info][gc,phases      ] GC(156) Post Compact 3.091ms
[9.124s][info][gc,heap        ] GC(156) PSYoungGen: 99008K(106496K)->35306K(106496K) Eden: 23040K(23040K)->0K(23040K) From: 75968K(83456K)->35306K(83456K)
[9.124s][info][gc,heap        ] GC(156) ParOldGen: 1393922K(1423872K)->1423631K(1579008K)
[9.124s][info][gc,metaspace   ] GC(156) Metaspace: 6302K(6528K)->6302K(6528K) NonClass: 5769K(5888K)->5769K(5888K) Class: 533K(640K)->533K(640K)
[9.124s][info][gc             ] GC(156) Pause Full (Ergonomics) 1457M->1424M(1646M) 679.357ms
[9.124s][info][gc,cpu         ] GC(156) User=4.78s Sys=0.06s Real=0.68s
[9.149s][info][gc,start       ] GC(157) Pause Young (Allocation Failure)
[9.233s][info][gc,heap        ] GC(157) PSYoungGen: 58346K(106496K)->47360K(110592K) Eden: 23040K(23040K)->0K(25600K) From: 35306K(83456K)->47360K(84992K)
[9.233s][info][gc,heap        ] GC(157) ParOldGen: 1423631K(1579008K)->1434975K(1579008K)
[9.233s][info][gc,metaspace   ] GC(157) Metaspace: 6302K(6528K)->6302K(6528K) NonClass: 5769K(5888K)->5769K(5888K) Class: 533K(640K)->533K(640K)
[9.233s][info][gc             ] GC(157) Pause Young (Allocation Failure) 1447M->1447M(1650M) 83.311ms
[9.233s][info][gc,cpu         ] GC(157) User=0.47s Sys=0.05s Real=0.08s
[9.256s][info][gc,start       ] GC(158) Pause Young (Allocation Failure)
[9.296s][info][gc,heap        ] GC(158) PSYoungGen: 72960K(110592K)->72992K(114176K) Eden: 25600K(25600K)->0K(25600K) From: 47360K(84992K)->72992K(88576K)
[9.296s][info][gc,heap        ] GC(158) ParOldGen: 1434975K(1579008K)->1434975K(1579008K)
[9.296s][info][gc,metaspace   ] GC(158) Metaspace: 6302K(6528K)->6302K(6528K) NonClass: 5769K(5888K)->5769K(5888K) Class: 533K(640K)->533K(640K)
[9.296s][info][gc             ] GC(158) Pause Young (Allocation Failure) 1472M->1472M(1653M) 40.386ms
[9.296s][info][gc,cpu         ] GC(158) User=0.14s Sys=0.00s Real=0.04s
[9.320s][info][gc,start       ] GC(159) Pause Young (Allocation Failure)
[9.369s][info][gc,heap        ] GC(159) PSYoungGen: 98592K(114176K)->84192K(113664K) Eden: 25600K(25600K)->0K(18944K) From: 72992K(88576K)->84192K(94720K)
[9.369s][info][gc,heap        ] GC(159) ParOldGen: 1434975K(1579008K)->1449639K(1579008K)
[9.369s][info][gc,metaspace   ] GC(159) Metaspace: 6302K(6528K)->6302K(6528K) NonClass: 5769K(5888K)->5769K(5888K) Class: 533K(640K)->533K(640K)
[9.369s][info][gc             ] GC(159) Pause Young (Allocation Failure) 1497M->1497M(1653M) 48.722ms
[9.369s][info][gc,cpu         ] GC(159) User=0.27s Sys=0.02s Real=0.05s
[9.388s][info][gc,start       ] GC(160) Pause Young (Allocation Failure)
[9.436s][info][gc,heap        ] GC(160) PSYoungGen: 103136K(113664K)->93376K(122880K) Eden: 18944K(18944K)->0K(18944K) From: 84192K(94720K)->93376K(103936K)
[9.436s][info][gc,heap        ] GC(160) ParOldGen: 1449639K(1579008K)->1459471K(1579008K)
[9.436s][info][gc,metaspace   ] GC(160) Metaspace: 6302K(6528K)->6302K(6528K) NonClass: 5769K(5888K)->5769K(5888K) Class: 533K(640K)->533K(640K)
[9.436s][info][gc             ] GC(160) Pause Young (Allocation Failure) 1516M->1516M(1662M) 48.225ms
[9.436s][info][gc,cpu         ] GC(160) User=0.27s Sys=0.00s Real=0.05s
[9.456s][info][gc,start       ] GC(161) Pause Young (Allocation Failure)
[9.524s][info][gc,heap        ] GC(161) PSYoungGen: 112320K(122880K)->63680K(130560K) Eden: 18944K(18944K)->0K(21504K) From: 93376K(103936K)->63680K(109056K)
[9.524s][info][gc,heap        ] GC(161) ParOldGen: 1459471K(1579008K)->1508799K(1579008K)
[9.524s][info][gc,metaspace   ] GC(161) Metaspace: 6302K(6528K)->6302K(6528K) NonClass: 5769K(5888K)->5769K(5888K) Class: 533K(640K)->533K(640K)
[9.524s][info][gc             ] GC(161) Pause Young (Allocation Failure) 1534M->1535M(1669M) 68.585ms
[9.524s][info][gc,cpu         ] GC(161) User=0.31s Sys=0.19s Real=0.07s
[9.546s][info][gc,start       ] GC(162) Pause Young (Allocation Failure)
[9.601s][info][gc,heap        ] GC(162) PSYoungGen: 85184K(130560K)->40576K(133120K) Eden: 21504K(21504K)->0K(21504K) From: 63680K(109056K)->40576K(111616K)
[9.601s][info][gc,heap        ] GC(162) ParOldGen: 1508799K(1579008K)->1553983K(1579008K)
[9.601s][info][gc,metaspace   ] GC(162) Metaspace: 6302K(6528K)->6302K(6528K) NonClass: 5769K(5888K)->5769K(5888K) Class: 533K(640K)->533K(640K)
[9.601s][info][gc             ] GC(162) Pause Young (Allocation Failure) 1556M->1557M(1672M) 55.050ms
[9.601s][info][gc,cpu         ] GC(162) User=0.30s Sys=0.08s Real=0.06s
[9.601s][info][gc,start       ] GC(163) Pause Full (Ergonomics)
[9.601s][info][gc,phases,start] GC(163) Marking Phase
[9.956s][info][gc,phases      ] GC(163) Marking Phase 354.983ms
[9.956s][info][gc,phases,start] GC(163) Summary Phase
[9.956s][info][gc,phases      ] GC(163) Summary Phase 0.042ms
[9.956s][info][gc,phases,start] GC(163) Adjust Roots
[9.957s][info][gc,phases      ] GC(163) Adjust Roots 0.164ms
[9.957s][info][gc,phases,start] GC(163) Compaction Phase
[10.119s][info][gc,phases      ] GC(163) Compaction Phase 162.634ms
[10.119s][info][gc,phases,start] GC(163) Post Compact
[10.122s][info][gc,phases      ] GC(163) Post Compact 2.891ms
[10.123s][info][gc,heap        ] GC(163) PSYoungGen: 40576K(133120K)->13818K(133120K) Eden: 0K(21504K)->0K(21504K) From: 40576K(111616K)->13818K(111616K)
[10.123s][info][gc,heap        ] GC(163) ParOldGen: 1553983K(1579008K)->1578564K(1757184K)
[10.123s][info][gc,metaspace   ] GC(163) Metaspace: 6302K(6528K)->6302K(6528K) NonClass: 5769K(5888K)->5769K(5888K) Class: 533K(640K)->533K(640K)
[10.123s][info][gc             ] GC(163) Pause Full (Ergonomics) 1557M->1555M(1846M) 522.124ms
[10.123s][info][gc,cpu         ] GC(163) User=3.70s Sys=0.09s Real=0.52s
[10.148s][info][gc,start       ] GC(164) Pause Young (Allocation Failure)
[10.231s][info][gc,heap        ] GC(164) PSYoungGen: 35322K(133120K)->21664K(132096K) Eden: 21504K(21504K)->0K(24064K) From: 13818K(111616K)->21664K(108032K)
[10.231s][info][gc,heap        ] GC(164) ParOldGen: 1578564K(1757184K)->1592636K(1757184K)
[10.231s][info][gc,metaspace   ] GC(164) Metaspace: 6302K(6528K)->6302K(6528K) NonClass: 5769K(5888K)->5769K(5888K) Class: 533K(640K)->533K(640K)
[10.232s][info][gc             ] GC(164) Pause Young (Allocation Failure) 1576M->1576M(1845M) 83.199ms
[10.232s][info][gc,cpu         ] GC(164) User=0.47s Sys=0.06s Real=0.08s
[10.255s][info][gc,start       ] GC(165) Pause Young (Allocation Failure)
[10.290s][info][gc,heap        ] GC(165) PSYoungGen: 45728K(132096K)->24224K(132608K) Eden: 24064K(24064K)->0K(24064K) From: 21664K(108032K)->24224K(108544K)
[10.290s][info][gc,heap        ] GC(165) ParOldGen: 1592636K(1757184K)->1614468K(1757184K)
[10.290s][info][gc,metaspace   ] GC(165) Metaspace: 6302K(6528K)->6302K(6528K) NonClass: 5769K(5888K)->5769K(5888K) Class: 533K(640K)->533K(640K)
[10.290s][info][gc             ] GC(165) Pause Young (Allocation Failure) 1599M->1600M(1845M) 35.423ms
[10.290s][info][gc,cpu         ] GC(165) User=0.03s Sys=0.02s Real=0.04s
[10.314s][info][gc,start       ] GC(166) Pause Young (Allocation Failure)
[10.349s][info][gc,heap        ] GC(166) PSYoungGen: 48288K(132608K)->24224K(131584K) Eden: 24064K(24064K)->0K(27136K) From: 24224K(108544K)->24224K(104448K)
[10.349s][info][gc,heap        ] GC(166) ParOldGen: 1614468K(1757184K)->1638916K(1757184K)
[10.349s][info][gc,metaspace   ] GC(166) Metaspace: 6302K(6528K)->6302K(6528K) NonClass: 5769K(5888K)->5769K(5888K) Class: 533K(640K)->533K(640K)
[10.349s][info][gc             ] GC(166) Pause Young (Allocation Failure) 1623M->1624M(1844M) 34.900ms
[10.349s][info][gc,cpu         ] GC(166) User=0.14s Sys=0.11s Real=0.04s
[10.376s][info][gc,start       ] GC(167) Pause Young (Allocation Failure)
[10.413s][info][gc,heap        ] GC(167) PSYoungGen: 51360K(131584K)->27296K(133120K) Eden: 27136K(27136K)->0K(27136K) From: 24224K(104448K)->27296K(105984K)
[10.413s][info][gc,heap        ] GC(167) ParOldGen: 1638916K(1757184K)->1663348K(1757184K)
[10.413s][info][gc,metaspace   ] GC(167) Metaspace: 6302K(6528K)->6302K(6528K) NonClass: 5769K(5888K)->5769K(5888K) Class: 533K(640K)->533K(640K)
[10.413s][info][gc             ] GC(167) Pause Young (Allocation Failure) 1650M->1651M(1846M) 36.732ms
[10.413s][info][gc,cpu         ] GC(167) User=0.06s Sys=0.09s Real=0.04s
[10.441s][info][gc,start       ] GC(168) Pause Young (Allocation Failure)
[10.480s][info][gc,heap        ] GC(168) PSYoungGen: 54432K(133120K)->27328K(128512K) Eden: 27136K(27136K)->0K(30720K) From: 27296K(105984K)->27328K(97792K)
[10.480s][info][gc,heap        ] GC(168) ParOldGen: 1663348K(1757184K)->1690916K(1757184K)
[10.480s][info][gc,metaspace   ] GC(168) Metaspace: 6302K(6528K)->6302K(6528K) NonClass: 5769K(5888K)->5769K(5888K) Class: 533K(640K)->533K(640K)
[10.480s][info][gc             ] GC(168) Pause Young (Allocation Failure) 1677M->1677M(1841M) 39.530ms
[10.480s][info][gc,cpu         ] GC(168) User=0.16s Sys=0.03s Real=0.04s
[10.513s][info][gc,start       ] GC(169) Pause Young (Allocation Failure)
[10.552s][info][gc,heap        ] GC(169) PSYoungGen: 58048K(128512K)->30912K(61952K) Eden: 30720K(30720K)->0K(30720K) From: 27328K(97792K)->30912K(31232K)
[10.552s][info][gc,heap        ] GC(169) ParOldGen: 1690916K(1757184K)->1718492K(1757184K)
[10.553s][info][gc,metaspace   ] GC(169) Metaspace: 6302K(6528K)->6302K(6528K) NonClass: 5769K(5888K)->5769K(5888K) Class: 533K(640K)->533K(640K)
[10.553s][info][gc             ] GC(169) Pause Young (Allocation Failure) 1707M->1708M(1776M) 39.436ms
[10.553s][info][gc,cpu         ] GC(169) User=0.19s Sys=0.06s Real=0.04s
[10.553s][info][gc,start       ] GC(170) Pause Full (Ergonomics)
[10.553s][info][gc,phases,start] GC(170) Marking Phase
[10.940s][info][gc,phases      ] GC(170) Marking Phase 387.131ms
[10.940s][info][gc,phases,start] GC(170) Summary Phase
[10.940s][info][gc,phases      ] GC(170) Summary Phase 0.044ms
[10.940s][info][gc,phases,start] GC(170) Adjust Roots
[10.940s][info][gc,phases      ] GC(170) Adjust Roots 0.161ms
[10.940s][info][gc,phases,start] GC(170) Compaction Phase
[11.114s][info][gc,phases      ] GC(170) Compaction Phase 173.451ms
[11.114s][info][gc,phases,start] GC(170) Post Compact
[11.117s][info][gc,phases      ] GC(170) Post Compact 3.222ms
[11.118s][info][gc,heap        ] GC(170) PSYoungGen: 30912K(61952K)->0K(130560K) Eden: 0K(30720K)->0K(34304K) From: 30912K(31232K)->0K(96256K)
[11.118s][info][gc,heap        ] GC(170) ParOldGen: 1718492K(1757184K)->1746820K(1931776K)
[11.118s][info][gc,metaspace   ] GC(170) Metaspace: 6302K(6528K)->6302K(6528K) NonClass: 5769K(5888K)->5769K(5888K) Class: 533K(640K)->533K(640K)
[11.118s][info][gc             ] GC(170) Pause Full (Ergonomics) 1708M->1705M(2014M) 565.705ms
[11.118s][info][gc,cpu         ] GC(170) User=4.06s Sys=0.06s Real=0.57s
[11.157s][info][gc,start       ] GC(171) Pause Young (Allocation Failure)
[11.183s][info][gc,heap        ] GC(171) PSYoungGen: 34304K(130560K)->34496K(69120K) Eden: 34304K(34304K)->0K(34304K) From: 0K(96256K)->34496K(34816K)
[11.183s][info][gc,heap        ] GC(171) ParOldGen: 1746820K(1931776K)->1746820K(1931776K)
[11.183s][info][gc,metaspace   ] GC(171) Metaspace: 6302K(6528K)->6302K(6528K) NonClass: 5769K(5888K)->5769K(5888K) Class: 533K(640K)->533K(640K)
[11.183s][info][gc             ] GC(171) Pause Young (Allocation Failure) 1739M->1739M(1954M) 26.129ms
[11.183s][info][gc,cpu         ] GC(171) User=0.03s Sys=0.00s Real=0.03s
[11.221s][info][gc,start       ] GC(172) Pause Young (Allocation Failure)
[11.259s][info][gc,heap        ] GC(172) PSYoungGen: 68800K(69120K)->68832K(124928K) Eden: 34304K(34304K)->0K(32768K) From: 34496K(34816K)->68832K(92160K)
[11.259s][info][gc,heap        ] GC(172) ParOldGen: 1746820K(1931776K)->1746820K(1931776K)
[11.259s][info][gc,metaspace   ] GC(172) Metaspace: 6302K(6528K)->6302K(6528K) NonClass: 5769K(5888K)->5769K(5888K) Class: 533K(640K)->533K(640K)
[11.259s][info][gc             ] GC(172) Pause Young (Allocation Failure) 1773M->1773M(2008M) 37.923ms
[11.259s][info][gc,cpu         ] GC(172) User=0.16s Sys=0.00s Real=0.04s
[11.289s][info][gc,start       ] GC(173) Pause Young (Allocation Failure)
[11.339s][info][gc,heap        ] GC(173) PSYoungGen: 101600K(124928K)->97280K(130048K) Eden: 32768K(32768K)->0K(32768K) From: 68832K(92160K)->97280K(97280K)
[11.339s][info][gc,heap        ] GC(173) ParOldGen: 1746820K(1931776K)->1751116K(1931776K)
[11.339s][info][gc,metaspace   ] GC(173) Metaspace: 6302K(6528K)->6302K(6528K) NonClass: 5769K(5888K)->5769K(5888K) Class: 533K(640K)->533K(640K)
[11.339s][info][gc             ] GC(173) Pause Young (Allocation Failure) 1805M->1805M(2013M) 49.659ms
[11.339s][info][gc,cpu         ] GC(173) User=0.27s Sys=0.00s Real=0.05s
[11.375s][info][gc,start       ] GC(174) Pause Young (Allocation Failure)
[11.464s][info][gc,heap        ] GC(174) PSYoungGen: 130048K(130048K)->65184K(150016K) Eden: 32768K(32768K)->0K(36864K) From: 97280K(97280K)->65184K(113152K)
[11.464s][info][gc,heap        ] GC(174) ParOldGen: 1751116K(1931776K)->1817084K(1931776K)
[11.464s][info][gc,metaspace   ] GC(174) Metaspace: 6302K(6528K)->6302K(6528K) NonClass: 5769K(5888K)->5769K(5888K) Class: 533K(640K)->533K(640K)
[11.464s][info][gc             ] GC(174) Pause Young (Allocation Failure) 1837M->1838M(2033M) 88.243ms
[11.464s][info][gc,cpu         ] GC(174) User=0.50s Sys=0.12s Real=0.09s
[11.504s][info][gc,start       ] GC(175) Pause Young (Allocation Failure)
[11.564s][info][gc,heap        ] GC(175) PSYoungGen: 102048K(150016K)->69824K(150016K) Eden: 36864K(36864K)->0K(36864K) From: 65184K(113152K)->69824K(113152K)
[11.564s][info][gc,heap        ] GC(175) ParOldGen: 1817084K(1931776K)->1849708K(1931776K)
[11.564s][info][gc,metaspace   ] GC(175) Metaspace: 6302K(6528K)->6302K(6528K) NonClass: 5769K(5888K)->5769K(5888K) Class: 533K(640K)->533K(640K)
[11.564s][info][gc             ] GC(175) Pause Young (Allocation Failure) 1874M->1874M(2033M) 59.521ms
[11.564s][info][gc,cpu         ] GC(175) User=0.36s Sys=0.03s Real=0.06s
[11.607s][info][gc,start       ] GC(176) Pause Young (Allocation Failure)
[11.672s][info][gc,heap        ] GC(176) PSYoungGen: 106688K(150016K)->73952K(153088K) Eden: 36864K(36864K)->0K(39424K) From: 69824K(113152K)->73952K(113664K)
[11.672s][info][gc,heap        ] GC(176) ParOldGen: 1849708K(1931776K)->1882972K(1931776K)
[11.672s][info][gc,metaspace   ] GC(176) Metaspace: 6302K(6528K)->6302K(6528K) NonClass: 5769K(5888K)->5769K(5888K) Class: 533K(640K)->533K(640K)
[11.672s][info][gc             ] GC(176) Pause Young (Allocation Failure) 1910M->1911M(2036M) 65.413ms
[11.672s][info][gc,cpu         ] GC(176) User=0.25s Sys=0.14s Real=0.07s
[11.672s][info][gc,start       ] GC(177) Pause Full (Ergonomics)
[11.672s][info][gc,phases,start] GC(177) Marking Phase
[12.108s][info][gc,phases      ] GC(177) Marking Phase 435.330ms
[12.108s][info][gc,phases,start] GC(177) Summary Phase
[12.108s][info][gc,phases      ] GC(177) Summary Phase 0.040ms
[12.108s][info][gc,phases,start] GC(177) Adjust Roots
[12.108s][info][gc,phases      ] GC(177) Adjust Roots 0.163ms
[12.108s][info][gc,phases,start] GC(177) Compaction Phase
[12.299s][info][gc,phases      ] GC(177) Compaction Phase 191.217ms
[12.299s][info][gc,phases,start] GC(177) Post Compact
[12.303s][info][gc,phases      ] GC(177) Post Compact 3.780ms
[12.305s][info][gc,heap        ] GC(177) PSYoungGen: 73952K(153088K)->23080K(153088K) Eden: 0K(39424K)->0K(39424K) From: 73952K(113664K)->23080K(113664K)
[12.305s][info][gc,heap        ] GC(177) ParOldGen: 1882972K(1931776K)->1931425K(2143744K)
[12.305s][info][gc,metaspace   ] GC(177) Metaspace: 6302K(6528K)->6302K(6528K) NonClass: 5769K(5888K)->5769K(5888K) Class: 533K(640K)->533K(640K)
[12.305s][info][gc             ] GC(177) Pause Full (Ergonomics) 1911M->1908M(2243M) 632.687ms
[12.305s][info][gc,cpu         ] GC(177) User=4.45s Sys=0.12s Real=0.63s
[12.356s][info][gc,start       ] GC(178) Pause Young (Allocation Failure)
[12.470s][info][gc,heap        ] GC(178) PSYoungGen: 62504K(153088K)->53824K(93696K) Eden: 39424K(39424K)->0K(39424K) From: 23080K(113664K)->53824K(54272K)
[12.470s][info][gc,heap        ] GC(178) ParOldGen: 1931425K(2143744K)->1940465K(2143744K)
[12.470s][info][gc,metaspace   ] GC(178) Metaspace: 6302K(6528K)->6302K(6528K) NonClass: 5769K(5888K)->5769K(5888K) Class: 533K(640K)->533K(640K)
[12.470s][info][gc             ] GC(178) Pause Young (Allocation Failure) 1947M->1947M(2185M) 113.930ms
[12.470s][info][gc,cpu         ] GC(178) User=0.73s Sys=0.00s Real=0.11s
[12.522s][info][gc,start       ] GC(179) Pause Young (Allocation Failure)
[12.579s][info][gc,heap        ] GC(179) PSYoungGen: 93248K(93696K)->93312K(144384K) Eden: 39424K(39424K)->0K(34816K) From: 53824K(54272K)->93312K(109568K)
[12.579s][info][gc,heap        ] GC(179) ParOldGen: 1940465K(2143744K)->1940465K(2143744K)
[12.579s][info][gc,metaspace   ] GC(179) Metaspace: 6302K(6528K)->6302K(6528K) NonClass: 5769K(5888K)->5769K(5888K) Class: 533K(640K)->533K(640K)
[12.579s][info][gc             ] GC(179) Pause Young (Allocation Failure) 1986M->1986M(2234M) 57.510ms
[12.579s][info][gc,cpu         ] GC(179) User=0.28s Sys=0.09s Real=0.06s
[12.617s][info][gc,start       ] GC(180) Pause Young (Allocation Failure)
[12.684s][info][gc,heap        ] GC(180) PSYoungGen: 128128K(144384K)->118272K(153088K) Eden: 34816K(34816K)->0K(34816K) From: 93312K(109568K)->118272K(118272K)
[12.684s][info][gc,heap        ] GC(180) ParOldGen: 1940465K(2143744K)->1950401K(2143744K)
[12.684s][info][gc,metaspace   ] GC(180) Metaspace: 6302K(6528K)->6302K(6528K) NonClass: 5769K(5888K)->5769K(5888K) Class: 533K(640K)->533K(640K)
[12.684s][info][gc             ] GC(180) Pause Young (Allocation Failure) 2020M->2020M(2243M) 66.995ms
[12.684s][info][gc,cpu         ] GC(180) User=0.41s Sys=0.00s Real=0.07s
[12.720s][info][gc,start       ] GC(181) Pause Young (Allocation Failure)
[12.824s][info][gc,heap        ] GC(181) PSYoungGen: 153088K(153088K)->104672K(169984K) Eden: 34816K(34816K)->0K(31744K) From: 118272K(118272K)->104672K(138240K)
[12.824s][info][gc,heap        ] GC(181) ParOldGen: 1950401K(2143744K)->1999609K(2143744K)
[12.824s][info][gc,metaspace   ] GC(181) Metaspace: 6302K(6528K)->6302K(6528K) NonClass: 5769K(5888K)->5769K(5888K) Class: 533K(640K)->533K(640K)
[12.824s][info][gc             ] GC(181) Pause Young (Allocation Failure) 2054M->2054M(2259M) 104.747ms
[12.824s][info][gc,cpu         ] GC(181) User=0.45s Sys=0.30s Real=0.11s
[12.860s][info][gc,start       ] GC(182) Pause Young (Allocation Failure)
[12.945s][info][gc,heap        ] GC(182) PSYoungGen: 136416K(169984K)->99584K(177152K) Eden: 31744K(31744K)->0K(31744K) From: 104672K(138240K)->99584K(145408K)
[12.945s][info][gc,heap        ] GC(182) ParOldGen: 1999609K(2143744K)->2037065K(2143744K)
[12.945s][info][gc,metaspace   ] GC(182) Metaspace: 6302K(6528K)->6302K(6528K) NonClass: 5769K(5888K)->5769K(5888K) Class: 533K(640K)->533K(640K)
[12.945s][info][gc             ] GC(182) Pause Young (Allocation Failure) 2085M->2086M(2266M) 84.293ms
[12.945s][info][gc,cpu         ] GC(182) User=0.44s Sys=0.19s Real=0.09s
[12.978s][info][gc,start       ] GC(183) Pause Young (Allocation Failure)
[13.067s][info][gc,heap        ] GC(183) PSYoungGen: 131328K(177152K)->63680K(173568K) Eden: 31744K(31744K)->0K(36352K) From: 99584K(145408K)->63680K(137216K)
[13.067s][info][gc,heap        ] GC(183) ParOldGen: 2037065K(2143744K)->2105529K(2143744K)
[13.067s][info][gc,metaspace   ] GC(183) Metaspace: 6302K(6528K)->6302K(6528K) NonClass: 5769K(5888K)->5769K(5888K) Class: 533K(640K)->533K(640K)
[13.067s][info][gc             ] GC(183) Pause Young (Allocation Failure) 2117M->2118M(2263M) 89.198ms
[13.067s][info][gc,cpu         ] GC(183) User=0.34s Sys=0.30s Real=0.09s
[13.067s][info][gc,start       ] GC(184) Pause Full (Ergonomics)
[13.067s][info][gc,phases,start] GC(184) Marking Phase
[13.560s][info][gc,phases      ] GC(184) Marking Phase 492.224ms
[13.560s][info][gc,phases,start] GC(184) Summary Phase
[13.560s][info][gc,phases      ] GC(184) Summary Phase 0.033ms
[13.560s][info][gc,phases,start] GC(184) Adjust Roots
[13.560s][info][gc,phases      ] GC(184) Adjust Roots 0.161ms
[13.560s][info][gc,phases,start] GC(184) Compaction Phase
[13.765s][info][gc,phases      ] GC(184) Compaction Phase 204.821ms
[13.765s][info][gc,phases,start] GC(184) Post Compact
[13.769s][info][gc,phases      ] GC(184) Post Compact 4.428ms
[13.772s][info][gc,heap        ] GC(184) PSYoungGen: 63680K(173568K)->22553K(178688K) Eden: 0K(36352K)->0K(41472K) From: 63680K(137216K)->22553K(137216K)
[13.772s][info][gc,heap        ] GC(184) ParOldGen: 2105529K(2143744K)->2143727K(2388480K)
[13.772s][info][gc,metaspace   ] GC(184) Metaspace: 6302K(6528K)->6302K(6528K) NonClass: 5769K(5888K)->5769K(5888K) Class: 533K(640K)->533K(640K)
[13.772s][info][gc             ] GC(184) Pause Full (Ergonomics) 2118M->2115M(2507M) 704.700ms
[13.772s][info][gc,cpu         ] GC(184) User=5.14s Sys=0.09s Real=0.71s
[13.819s][info][gc,start       ] GC(185) Pause Young (Allocation Failure)
[13.953s][info][gc,heap        ] GC(185) PSYoungGen: 64025K(178688K)->41664K(184320K) Eden: 41472K(41472K)->0K(41472K) From: 22553K(137216K)->41664K(142848K)
[13.953s][info][gc,heap        ] GC(185) ParOldGen: 2143727K(2388480K)->2166631K(2388480K)
[13.953s][info][gc,metaspace   ] GC(185) Metaspace: 6302K(6528K)->6302K(6528K) NonClass: 5769K(5888K)->5769K(5888K) Class: 533K(640K)->533K(640K)
[13.953s][info][gc             ] GC(185) Pause Young (Allocation Failure) 2156M->2156M(2512M) 133.779ms
[13.953s][info][gc,cpu         ] GC(185) User=0.78s Sys=0.08s Real=0.13s
[14.009s][info][gc,start       ] GC(186) Pause Young (Allocation Failure)
[14.068s][info][gc,heap        ] GC(186) PSYoungGen: 83136K(184320K)->41664K(181760K) Eden: 41472K(41472K)->0K(46080K) From: 41664K(142848K)->41664K(135680K)
[14.068s][info][gc,heap        ] GC(186) ParOldGen: 2166631K(2388480K)->2208735K(2388480K)
[14.068s][info][gc,metaspace   ] GC(186) Metaspace: 6302K(6528K)->6302K(6528K) NonClass: 5769K(5888K)->5769K(5888K) Class: 533K(640K)->533K(640K)
[14.068s][info][gc             ] GC(186) Pause Young (Allocation Failure) 2197M->2197M(2510M) 59.056ms
[14.068s][info][gc,cpu         ] GC(186) User=0.20s Sys=0.19s Real=0.06s
[14.120s][info][gc,start       ] GC(187) Pause Young (Allocation Failure)
[14.179s][info][gc,heap        ] GC(187) PSYoungGen: 87744K(181760K)->46304K(184320K) Eden: 46080K(46080K)->0K(46080K) From: 41664K(135680K)->46304K(138240K)
[14.179s][info][gc,heap        ] GC(187) ParOldGen: 2208735K(2388480K)->2250855K(2388480K)
[14.179s][info][gc,metaspace   ] GC(187) Metaspace: 6302K(6528K)->6302K(6528K) NonClass: 5769K(5888K)->5769K(5888K) Class: 533K(640K)->533K(640K)
[14.179s][info][gc             ] GC(187) Pause Young (Allocation Failure) 2242M->2243M(2512M) 59.606ms
[14.179s][info][gc,cpu         ] GC(187) User=0.22s Sys=0.20s Real=0.06s
[14.232s][info][gc,start       ] GC(188) Pause Young (Allocation Failure)
[14.294s][info][gc,heap        ] GC(188) PSYoungGen: 92384K(184320K)->46272K(177664K) Eden: 46080K(46080K)->0K(51200K) From: 46304K(138240K)->46272K(126464K)
[14.294s][info][gc,heap        ] GC(188) ParOldGen: 2250855K(2388480K)->2297375K(2388480K)
[14.294s][info][gc,metaspace   ] GC(188) Metaspace: 6302K(6528K)->6302K(6528K) NonClass: 5769K(5888K)->5769K(5888K) Class: 533K(640K)->533K(640K)
[14.294s][info][gc             ] GC(188) Pause Young (Allocation Failure) 2288M->2288M(2506M) 62.423ms
[14.294s][info][gc,cpu         ] GC(188) User=0.27s Sys=0.11s Real=0.06s
[14.354s][info][gc,start       ] GC(189) Pause Young (Allocation Failure)
[14.420s][info][gc,heap        ] GC(189) PSYoungGen: 97472K(177664K)->51392K(181760K) Eden: 51200K(51200K)->0K(51200K) From: 46272K(126464K)->51392K(130560K)
[14.421s][info][gc,heap        ] GC(189) ParOldGen: 2297375K(2388480K)->2343847K(2388480K)
[14.421s][info][gc,metaspace   ] GC(189) Metaspace: 6302K(6528K)->6302K(6528K) NonClass: 5769K(5888K)->5769K(5888K) Class: 533K(640K)->533K(640K)
[14.421s][info][gc             ] GC(189) Pause Young (Allocation Failure) 2338M->2339M(2510M) 66.388ms
[14.421s][info][gc,cpu         ] GC(189) User=0.39s Sys=0.11s Real=0.07s
[14.421s][info][gc,start       ] GC(190) Pause Full (Ergonomics)
[14.421s][info][gc,phases,start] GC(190) Marking Phase
[14.930s][info][gc,phases      ] GC(190) Marking Phase 508.973ms
[14.930s][info][gc,phases,start] GC(190) Summary Phase
[14.930s][info][gc,phases      ] GC(190) Summary Phase 0.040ms
[14.930s][info][gc,phases,start] GC(190) Adjust Roots
[14.930s][info][gc,phases      ] GC(190) Adjust Roots 0.165ms
[14.930s][info][gc,phases,start] GC(190) Compaction Phase
[15.138s][info][gc,phases      ] GC(190) Compaction Phase 207.733ms
[15.138s][info][gc,phases,start] GC(190) Post Compact
[15.142s][info][gc,phases      ] GC(190) Post Compact 4.744ms
[15.144s][info][gc,heap        ] GC(190) PSYoungGen: 51392K(181760K)->4159K(181760K) Eden: 0K(51200K)->0K(51200K) From: 51392K(130560K)->4159K(130560K)
[15.144s][info][gc,heap        ] GC(190) ParOldGen: 2343847K(2388480K)->2388254K(2651136K)
[15.144s][info][gc,metaspace   ] GC(190) Metaspace: 6302K(6528K)->6302K(6528K) NonClass: 5769K(5888K)->5769K(5888K) Class: 533K(640K)->533K(640K)
[15.144s][info][gc             ] GC(190) Pause Full (Ergonomics) 2339M->2336M(2766M) 723.865ms
[15.145s][info][gc,cpu         ] GC(190) User=5.41s Sys=0.09s Real=0.72s
[15.209s][info][gc,start       ] GC(191) Pause Young (Allocation Failure)
[15.341s][info][gc,heap        ] GC(191) PSYoungGen: 55359K(181760K)->51424K(172032K) Eden: 51200K(51200K)->0K(56320K) From: 4159K(130560K)->51424K(115712K)
[15.341s][info][gc,heap        ] GC(191) ParOldGen: 2388254K(2651136K)->2392486K(2651136K)
[15.341s][info][gc,metaspace   ] GC(191) Metaspace: 6302K(6528K)->6302K(6528K) NonClass: 5769K(5888K)->5769K(5888K) Class: 533K(640K)->533K(640K)
[15.341s][info][gc             ] GC(191) Pause Young (Allocation Failure) 2386M->2386M(2757M) 132.564ms
[15.341s][info][gc,cpu         ] GC(191) User=0.80s Sys=0.00s Real=0.13s
[15.410s][info][gc,start       ] GC(192) Pause Young (Allocation Failure)
[15.469s][info][gc,heap        ] GC(192) PSYoungGen: 107744K(172032K)->107776K(177152K) Eden: 56320K(56320K)->0K(56320K) From: 51424K(115712K)->107776K(120832K)
[15.469s][info][gc,heap        ] GC(192) ParOldGen: 2392486K(2651136K)->2392486K(2651136K)
[15.469s][info][gc,metaspace   ] GC(192) Metaspace: 6302K(6528K)->6302K(6528K) NonClass: 5769K(5888K)->5769K(5888K) Class: 533K(640K)->533K(640K)
[15.469s][info][gc             ] GC(192) Pause Young (Allocation Failure) 2441M->2441M(2762M) 59.678ms
[15.469s][info][gc,cpu         ] GC(192) User=0.38s Sys=0.00s Real=0.06s
[15.534s][info][gc,start       ] GC(193) Pause Young (Allocation Failure)
[15.647s][info][gc,heap        ] GC(193) PSYoungGen: 164096K(177152K)->132096K(163840K) Eden: 56320K(56320K)->0K(31744K) From: 107776K(120832K)->132096K(132096K)
[15.647s][info][gc,heap        ] GC(193) ParOldGen: 2392486K(2651136K)->2424710K(2651136K)
[15.647s][info][gc,metaspace   ] GC(193) Metaspace: 6302K(6528K)->6302K(6528K) NonClass: 5769K(5888K)->5769K(5888K) Class: 533K(640K)->533K(640K)
[15.647s][info][gc             ] GC(193) Pause Young (Allocation Failure) 2496M->2496M(2749M) 112.721ms
[15.647s][info][gc,cpu         ] GC(193) User=0.55s Sys=0.20s Real=0.11s
[15.684s][info][gc,start       ] GC(194) Pause Young (Allocation Failure)
[15.795s][info][gc,heap        ] GC(194) PSYoungGen: 163840K(163840K)->76928K(109056K) Eden: 31744K(31744K)->0K(31744K) From: 132096K(132096K)->76928K(77312K)
[15.795s][info][gc,heap        ] GC(194) ParOldGen: 2424710K(2651136K)->2512430K(2651136K)
[15.795s][info][gc,metaspace   ] GC(194) Metaspace: 6302K(6528K)->6302K(6528K) NonClass: 5769K(5888K)->5769K(5888K) Class: 533K(640K)->533K(640K)
[15.795s][info][gc             ] GC(194) Pause Young (Allocation Failure) 2527M->2528M(2695M) 111.554ms
[15.795s][info][gc,cpu         ] GC(194) User=0.45s Sys=0.31s Real=0.11s
[15.836s][info][gc,start       ] GC(195) Pause Young (Allocation Failure)
[15.904s][info][gc,heap        ] GC(195) PSYoungGen: 108672K(109056K)->63680K(178176K) Eden: 31744K(31744K)->0K(35840K) From: 76928K(77312K)->63680K(142336K)
[15.904s][info][gc,heap        ] GC(195) ParOldGen: 2512430K(2651136K)->2557822K(2651136K)
[15.904s][info][gc,metaspace   ] GC(195) Metaspace: 6302K(6528K)->6302K(6528K) NonClass: 5769K(5888K)->5769K(5888K) Class: 533K(640K)->533K(640K)
[15.904s][info][gc             ] GC(195) Pause Young (Allocation Failure) 2559M->2560M(2763M) 68.121ms
[15.904s][info][gc,cpu         ] GC(195) User=0.33s Sys=0.06s Real=0.07s
[15.949s][info][gc,start       ] GC(196) Pause Young (Allocation Failure)
[16.010s][info][gc,heap        ] GC(196) PSYoungGen: 99520K(178176K)->67776K(103936K) Eden: 35840K(35840K)->0K(35840K) From: 63680K(142336K)->67776K(68096K)
[16.010s][info][gc,heap        ] GC(196) ParOldGen: 2557822K(2651136K)->2589854K(2651136K)
[16.010s][info][gc,metaspace   ] GC(196) Metaspace: 6302K(6528K)->6302K(6528K) NonClass: 5769K(5888K)->5769K(5888K) Class: 533K(640K)->533K(640K)
[16.010s][info][gc             ] GC(196) Pause Young (Allocation Failure) 2595M->2595M(2690M) 61.029ms
[16.010s][info][gc,cpu         ] GC(196) User=0.45s Sys=0.05s Real=0.06s
[16.010s][info][gc,start       ] GC(197) Pause Full (Ergonomics)
[16.010s][info][gc,phases,start] GC(197) Marking Phase
[16.608s][info][gc,phases      ] GC(197) Marking Phase 597.787ms
[16.608s][info][gc,phases,start] GC(197) Summary Phase
[16.608s][info][gc,phases      ] GC(197) Summary Phase 0.043ms
[16.608s][info][gc,phases,start] GC(197) Adjust Roots
[16.608s][info][gc,phases      ] GC(197) Adjust Roots 0.171ms
[16.608s][info][gc,phases,start] GC(197) Compaction Phase
[16.835s][info][gc,phases      ] GC(197) Compaction Phase 226.509ms
[16.835s][info][gc,phases,start] GC(197) Post Compact
[16.839s][info][gc,phases      ] GC(197) Post Compact 4.577ms
[16.842s][info][gc,heap        ] GC(197) PSYoungGen: 67776K(103936K)->4662K(103936K) Eden: 0K(35840K)->0K(35840K) From: 67776K(68096K)->4662K(68096K)
[16.842s][info][gc,heap        ] GC(197) ParOldGen: 2589854K(2651136K)->2650721K(2939904K)
[16.842s][info][gc,metaspace   ] GC(197) Metaspace: 6302K(6528K)->6302K(6528K) NonClass: 5769K(5888K)->5769K(5888K) Class: 533K(640K)->533K(640K)
[16.842s][info][gc             ] GC(197) Pause Full (Ergonomics) 2595M->2593M(2972M) 831.775ms
[16.842s][info][gc,cpu         ] GC(197) User=6.34s Sys=0.06s Real=0.83s
[16.887s][info][gc,start       ] GC(198) Pause Young (Allocation Failure)
[17.026s][info][gc,heap        ] GC(198) PSYoungGen: 40502K(103936K)->36000K(179712K) Eden: 35840K(35840K)->0K(39424K) From: 4662K(68096K)->36000K(140288K)
[17.026s][info][gc,heap        ] GC(198) ParOldGen: 2650721K(2939904K)->2655457K(2939904K)
[17.026s][info][gc,metaspace   ] GC(198) Metaspace: 6302K(6528K)->6302K(6528K) NonClass: 5769K(5888K)->5769K(5888K) Class: 533K(640K)->533K(640K)
[17.026s][info][gc             ] GC(198) Pause Young (Allocation Failure) 2628M->2628M(3046M) 139.185ms
[17.026s][info][gc,cpu         ] GC(198) User=0.83s Sys=0.00s Real=0.14s
[17.072s][info][gc,start       ] GC(199) Pause Young (Allocation Failure)
[17.117s][info][gc,heap        ] GC(199) PSYoungGen: 75424K(179712K)->75488K(115200K) Eden: 39424K(39424K)->0K(39424K) From: 36000K(140288K)->75488K(75776K)
[17.117s][info][gc,heap        ] GC(199) ParOldGen: 2655457K(2939904K)->2655457K(2939904K)
[17.117s][info][gc,metaspace   ] GC(199) Metaspace: 6302K(6528K)->6302K(6528K) NonClass: 5769K(5888K)->5769K(5888K) Class: 533K(640K)->533K(640K)
[17.117s][info][gc             ] GC(199) Pause Young (Allocation Failure) 2666M->2666M(2983M) 45.318ms
[17.117s][info][gc,cpu         ] GC(199) User=0.27s Sys=0.00s Real=0.05s
[17.161s][info][gc,start       ] GC(200) Pause Young (Allocation Failure)
[17.231s][info][gc,heap        ] GC(200) PSYoungGen: 114912K(115200K)->79072K(174080K) Eden: 39424K(39424K)->0K(44032K) From: 75488K(75776K)->79072K(130048K)
[17.231s][info][gc,heap        ] GC(200) ParOldGen: 2655457K(2939904K)->2691609K(2939904K)
[17.231s][info][gc,metaspace   ] GC(200) Metaspace: 6302K(6528K)->6302K(6528K) NonClass: 5769K(5888K)->5769K(5888K) Class: 533K(640K)->533K(640K)
[17.231s][info][gc             ] GC(200) Pause Young (Allocation Failure) 2705M->2705M(3041M) 70.020ms
[17.231s][info][gc,cpu         ] GC(200) User=0.30s Sys=0.11s Real=0.07s
[17.286s][info][gc,start       ] GC(201) Pause Young (Allocation Failure)
[17.365s][info][gc,heap        ] GC(201) PSYoungGen: 123104K(174080K)->83680K(177152K) Eden: 44032K(44032K)->0K(44032K) From: 79072K(130048K)->83680K(133120K)
[17.365s][info][gc,heap        ] GC(201) ParOldGen: 2691609K(2939904K)->2731385K(2939904K)
[17.365s][info][gc,metaspace   ] GC(201) Metaspace: 6302K(6528K)->6302K(6528K) NonClass: 5769K(5888K)->5769K(5888K) Class: 533K(640K)->533K(640K)
[17.366s][info][gc             ] GC(201) Pause Young (Allocation Failure) 2748M->2749M(3044M) 79.037ms
[17.366s][info][gc,cpu         ] GC(201) User=0.44s Sys=0.08s Real=0.08s
[18.026s][info][gc,start       ] GC(202) Pause Young (Allocation Failure)
[18.167s][info][gc,heap        ] GC(202) PSYoungGen: 127712K(177152K)->88320K(179712K) Eden: 44032K(44032K)->0K(48640K) From: 83680K(133120K)->88320K(131072K)
[18.167s][info][gc,heap        ] GC(202) ParOldGen: 2862457K(2939904K)->2902241K(2939904K)
[18.167s][info][gc,metaspace   ] GC(202) Metaspace: 6302K(6528K)->6302K(6528K) NonClass: 5769K(5888K)->5769K(5888K) Class: 533K(640K)->533K(640K)
[18.167s][info][gc             ] GC(202) Pause Young (Allocation Failure) 2920M->2920M(3046M) 141.386ms
[18.167s][info][gc,cpu         ] GC(202) User=0.94s Sys=0.06s Real=0.14s
[18.167s][info][gc,start       ] GC(203) Pause Full (Ergonomics)
[18.167s][info][gc,phases,start] GC(203) Marking Phase
[18.820s][info][gc,phases      ] GC(203) Marking Phase 652.368ms
[18.820s][info][gc,phases,start] GC(203) Summary Phase
[18.820s][info][gc,phases      ] GC(203) Summary Phase 0.085ms
[18.820s][info][gc,phases,start] GC(203) Adjust Roots
[18.820s][info][gc,phases      ] GC(203) Adjust Roots 0.287ms
[18.820s][info][gc,phases,start] GC(203) Compaction Phase
[19.273s][info][gc,phases      ] GC(203) Compaction Phase 452.889ms
[19.273s][info][gc,phases,start] GC(203) Post Compact
[19.281s][info][gc,phases      ] GC(203) Post Compact 7.362ms
[19.283s][info][gc,heap        ] GC(203) PSYoungGen: 88320K(179712K)->0K(180224K) Eden: 0K(48640K)->0K(48640K) From: 88320K(131072K)->0K(131584K)
[19.283s][info][gc,heap        ] GC(203) ParOldGen: 2902241K(2939904K)->2923513K(3227648K)
[19.283s][info][gc,metaspace   ] GC(203) Metaspace: 6302K(6528K)->6302K(6528K) NonClass: 5769K(5888K)->5769K(5888K) Class: 533K(640K)->533K(640K)
[19.283s][info][gc             ] GC(203) Pause Full (Ergonomics) 2920M->2854M(3328M) 1115.454ms
[19.283s][info][gc,cpu         ] GC(203) User=7.86s Sys=0.03s Real=1.12s
[19.335s][info][gc,start       ] GC(204) Pause Young (Allocation Failure)
[19.382s][info][gc,heap        ] GC(204) PSYoungGen: 48640K(180224K)->48864K(180736K) Eden: 48640K(48640K)->0K(52736K) From: 0K(131584K)->48864K(128000K)
[19.383s][info][gc,heap        ] GC(204) ParOldGen: 2923513K(3227648K)->2923513K(3227648K)
[19.383s][info][gc,metaspace   ] GC(204) Metaspace: 6302K(6528K)->6302K(6528K) NonClass: 5769K(5888K)->5769K(5888K) Class: 533K(640K)->533K(640K)
[19.383s][info][gc             ] GC(204) Pause Young (Allocation Failure) 2902M->2902M(3328M) 47.642ms
[19.383s][info][gc,cpu         ] GC(204) User=0.05s Sys=0.00s Real=0.05s
[19.440s][info][gc,start       ] GC(205) Pause Young (Allocation Failure)
[19.504s][info][gc,heap        ] GC(205) PSYoungGen: 101600K(180736K)->101696K(182784K) Eden: 52736K(52736K)->0K(52736K) From: 48864K(128000K)->101696K(130048K)
[19.504s][info][gc,heap        ] GC(205) ParOldGen: 2923513K(3227648K)->2923513K(3227648K)
[19.504s][info][gc,metaspace   ] GC(205) Metaspace: 6302K(6528K)->6302K(6528K) NonClass: 5769K(5888K)->5769K(5888K) Class: 533K(640K)->533K(640K)
[19.504s][info][gc             ] GC(205) Pause Young (Allocation Failure) 2954M->2954M(3330M) 63.545ms
[19.504s][info][gc,cpu         ] GC(205) User=0.16s Sys=0.00s Real=0.06s
[19.555s][info][gc,start       ] GC(206) Pause Young (Allocation Failure)
[19.644s][info][gc,heap        ] GC(206) PSYoungGen: 154432K(182784K)->135680K(169984K) Eden: 52736K(52736K)->0K(34304K) From: 101696K(130048K)->135680K(135680K)
[19.644s][info][gc,heap        ] GC(206) ParOldGen: 2923513K(3227648K)->2942337K(3227648K)
[19.644s][info][gc,metaspace   ] GC(206) Metaspace: 6302K(6528K)->6302K(6528K) NonClass: 5769K(5888K)->5769K(5888K) Class: 533K(640K)->533K(640K)
[19.644s][info][gc             ] GC(206) Pause Young (Allocation Failure) 3005M->3005M(3318M) 88.688ms
[19.644s][info][gc,cpu         ] GC(206) User=0.23s Sys=0.11s Real=0.09s
[19.678s][info][gc,start       ] GC(207) Pause Young (Allocation Failure)
[19.760s][info][gc,heap        ] GC(207) PSYoungGen: 169984K(169984K)->159232K(193536K) Eden: 34304K(34304K)->0K(34304K) From: 135680K(135680K)->159232K(159232K)
[19.760s][info][gc,heap        ] GC(207) ParOldGen: 2942337K(3227648K)->2953249K(3227648K)
[19.760s][info][gc,metaspace   ] GC(207) Metaspace: 6302K(6528K)->6302K(6528K) NonClass: 5769K(5888K)->5769K(5888K) Class: 533K(640K)->533K(640K)
[19.760s][info][gc             ] GC(207) Pause Young (Allocation Failure) 3039M->3039M(3341M) 82.152ms
[19.760s][info][gc,cpu         ] GC(207) User=0.45s Sys=0.08s Real=0.08s
[19.796s][info][gc,start       ] GC(208) Pause Young (Allocation Failure)
[19.920s][info][gc,heap        ] GC(208) PSYoungGen: 193536K(193536K)->102592K(212992K) Eden: 34304K(34304K)->0K(38912K) From: 159232K(159232K)->102592K(174080K)
[19.920s][info][gc,heap        ] GC(208) ParOldGen: 2953249K(3227648K)->3045001K(3227648K)
[19.920s][info][gc,metaspace   ] GC(208) Metaspace: 6302K(6528K)->6302K(6528K) NonClass: 5769K(5888K)->5769K(5888K) Class: 533K(640K)->533K(640K)
[19.920s][info][gc             ] GC(208) Pause Young (Allocation Failure) 3073M->3073M(3360M) 123.963ms
[19.920s][info][gc,cpu         ] GC(208) User=0.53s Sys=0.36s Real=0.12s
[19.963s][info][gc,start       ] GC(209) Pause Young (Allocation Failure)
[20.051s][info][gc,heap        ] GC(209) PSYoungGen: 141504K(212992K)->73440K(217600K) Eden: 38912K(38912K)->0K(38912K) From: 102592K(174080K)->73440K(178688K)
[20.051s][info][gc,heap        ] GC(209) ParOldGen: 3045001K(3227648K)->3113641K(3227648K)
[20.051s][info][gc,metaspace   ] GC(209) Metaspace: 6302K(6528K)->6302K(6528K) NonClass: 5769K(5888K)->5769K(5888K) Class: 533K(640K)->533K(640K)
[20.051s][info][gc             ] GC(209) Pause Young (Allocation Failure) 3111M->3112M(3364M) 88.468ms
[20.051s][info][gc,cpu         ] GC(209) User=0.36s Sys=0.22s Real=0.09s
[20.092s][info][gc,start       ] GC(210) Pause Young (Allocation Failure)
[20.172s][info][gc,heap        ] GC(210) PSYoungGen: 112352K(217600K)->39104K(217088K) Eden: 38912K(38912K)->0K(43520K) From: 73440K(178688K)->39104K(173568K)
[20.172s][info][gc,heap        ] GC(210) ParOldGen: 3113641K(3227648K)->3187465K(3227648K)
[20.172s][info][gc,metaspace   ] GC(210) Metaspace: 6302K(6528K)->6302K(6528K) NonClass: 5769K(5888K)->5769K(5888K) Class: 533K(640K)->533K(640K)
[20.172s][info][gc             ] GC(210) Pause Young (Allocation Failure) 3150M->3150M(3364M) 79.995ms
[20.172s][info][gc,cpu         ] GC(210) User=0.30s Sys=0.22s Real=0.08s
[20.172s][info][gc,start       ] GC(211) Pause Full (Ergonomics)
[20.172s][info][gc,phases,start] GC(211) Marking Phase
[20.891s][info][gc,phases      ] GC(211) Marking Phase 719.183ms
[20.892s][info][gc,phases,start] GC(211) Summary Phase
[20.892s][info][gc,phases      ] GC(211) Summary Phase 0.085ms
[20.892s][info][gc,phases,start] GC(211) Adjust Roots
[20.892s][info][gc,phases      ] GC(211) Adjust Roots 0.162ms
[20.892s][info][gc,phases,start] GC(211) Compaction Phase
[21.210s][info][gc,phases      ] GC(211) Compaction Phase 318.403ms
[21.210s][info][gc,phases,start] GC(211) Post Compact
[21.216s][info][gc,phases      ] GC(211) Post Compact 5.868ms
[21.219s][info][gc,heap        ] GC(211) PSYoungGen: 39104K(217088K)->0K(217600K) Eden: 0K(43520K)->0K(43520K) From: 39104K(173568K)->0K(174080K)
[21.219s][info][gc,heap        ] GC(211) ParOldGen: 3187465K(3227648K)->3223838K(3578880K)
[21.219s][info][gc,metaspace   ] GC(211) Metaspace: 6302K(6528K)->6302K(6528K) NonClass: 5769K(5888K)->5769K(5888K) Class: 533K(640K)->533K(640K)
[21.219s][info][gc             ] GC(211) Pause Full (Ergonomics) 3150M->3148M(3707M) 1046.712ms
[21.219s][info][gc,cpu         ] GC(211) User=7.30s Sys=0.14s Real=1.05s
[21.264s][info][gc,start       ] GC(212) Pause Young (Allocation Failure)
[21.305s][info][gc,heap        ] GC(212) PSYoungGen: 43520K(217600K)->43744K(217088K) Eden: 43520K(43520K)->0K(48128K) From: 0K(174080K)->43744K(168960K)
[21.305s][info][gc,heap        ] GC(212) ParOldGen: 3223838K(3578880K)->3223838K(3578880K)
[21.305s][info][gc,metaspace   ] GC(212) Metaspace: 6302K(6528K)->6302K(6528K) NonClass: 5769K(5888K)->5769K(5888K) Class: 533K(640K)->533K(640K)
[21.305s][info][gc             ] GC(212) Pause Young (Allocation Failure) 3190M->3190M(3707M) 40.989ms
[21.305s][info][gc,cpu         ] GC(212) User=0.06s Sys=0.00s Real=0.04s
[21.350s][info][gc,start       ] GC(213) Pause Young (Allocation Failure)
[21.416s][info][gc,heap        ] GC(213) PSYoungGen: 91872K(217088K)->48352K(220160K) Eden: 48128K(48128K)->0K(48128K) From: 43744K(168960K)->48352K(172032K)
[21.416s][info][gc,heap        ] GC(213) ParOldGen: 3223838K(3578880K)->3267750K(3578880K)
[21.416s][info][gc,metaspace   ] GC(213) Metaspace: 6302K(6528K)->6302K(6528K) NonClass: 5769K(5888K)->5769K(5888K) Class: 533K(640K)->533K(640K)
[21.416s][info][gc             ] GC(213) Pause Young (Allocation Failure) 3237M->3238M(3710M) 66.281ms
[21.416s][info][gc,cpu         ] GC(213) User=0.28s Sys=0.12s Real=0.07s
[21.468s][info][gc,start       ] GC(214) Pause Young (Allocation Failure)
[21.535s][info][gc,heap        ] GC(214) PSYoungGen: 96480K(220160K)->48320K(214528K) Eden: 48128K(48128K)->0K(53248K) From: 48352K(172032K)->48320K(161280K)
[21.536s][info][gc,heap        ] GC(214) ParOldGen: 3267750K(3578880K)->3316310K(3578880K)
[21.536s][info][gc,metaspace   ] GC(214) Metaspace: 6302K(6528K)->6302K(6528K) NonClass: 5769K(5888K)->5769K(5888K) Class: 533K(640K)->533K(640K)
[21.536s][info][gc             ] GC(214) Pause Young (Allocation Failure) 3285M->3285M(3704M) 67.468ms
[21.536s][info][gc,cpu         ] GC(214) User=0.28s Sys=0.19s Real=0.07s
[21.595s][info][gc,start       ] GC(215) Pause Young (Allocation Failure)
[21.670s][info][gc,heap        ] GC(215) PSYoungGen: 101568K(214528K)->53472K(218112K) Eden: 53248K(53248K)->0K(53248K) From: 48320K(161280K)->53472K(164864K)
[21.670s][info][gc,heap        ] GC(215) ParOldGen: 3316310K(3578880K)->3364870K(3578880K)
[21.670s][info][gc,metaspace   ] GC(215) Metaspace: 6302K(6528K)->6302K(6528K) NonClass: 5769K(5888K)->5769K(5888K) Class: 533K(640K)->533K(640K)
[21.670s][info][gc             ] GC(215) Pause Young (Allocation Failure) 3337M->3338M(3708M) 74.495ms
[21.670s][info][gc,cpu         ] GC(215) User=0.23s Sys=0.16s Real=0.07s
[21.724s][info][gc,start       ] GC(216) Pause Young (Allocation Failure)
[21.799s][info][gc,heap        ] GC(216) PSYoungGen: 106720K(218112K)->53504K(208384K) Eden: 53248K(53248K)->0K(59392K) From: 53472K(164864K)->53504K(148992K)
[21.799s][info][gc,heap        ] GC(216) ParOldGen: 3364870K(3578880K)->3418590K(3578880K)
[21.799s][info][gc,metaspace   ] GC(216) Metaspace: 6302K(6528K)->6302K(6528K) NonClass: 5769K(5888K)->5769K(5888K) Class: 533K(640K)->533K(640K)
[21.799s][info][gc             ] GC(216) Pause Young (Allocation Failure) 3390M->3390M(3698M) 74.766ms
[21.799s][info][gc,cpu         ] GC(216) User=0.33s Sys=0.12s Real=0.07s
[21.853s][info][gc,start       ] GC(217) Pause Young (Allocation Failure)
[21.929s][info][gc,heap        ] GC(217) PSYoungGen: 112896K(208384K)->59616K(213504K) Eden: 59392K(59392K)->0K(59392K) From: 53504K(148992K)->59616K(154112K)
[21.929s][info][gc,heap        ] GC(217) ParOldGen: 3418590K(3578880K)->3472310K(3578880K)
[21.929s][info][gc,metaspace   ] GC(217) Metaspace: 6302K(6528K)->6302K(6528K) NonClass: 5769K(5888K)->5769K(5888K) Class: 533K(640K)->533K(640K)
[21.929s][info][gc             ] GC(217) Pause Young (Allocation Failure) 3448M->3449M(3703M) 76.318ms
[21.929s][info][gc,cpu         ] GC(217) User=0.30s Sys=0.22s Real=0.08s
[21.992s][info][gc,start       ] GC(218) Pause Young (Allocation Failure)
[22.071s][info][gc,heap        ] GC(218) PSYoungGen: 119008K(213504K)->59584K(202752K) Eden: 59392K(59392K)->0K(66560K) From: 59616K(154112K)->59584K(136192K)
[22.071s][info][gc,heap        ] GC(218) ParOldGen: 3472310K(3578880K)->3532230K(3578880K)
[22.071s][info][gc,metaspace   ] GC(218) Metaspace: 6302K(6528K)->6302K(6528K) NonClass: 5769K(5888K)->5769K(5888K) Class: 533K(640K)->533K(640K)
[22.071s][info][gc             ] GC(218) Pause Young (Allocation Failure) 3507M->3507M(3693M) 79.129ms
[22.071s][info][gc,cpu         ] GC(218) User=0.31s Sys=0.20s Real=0.08s
[22.071s][info][gc,start       ] GC(219) Pause Full (Ergonomics)
[22.071s][info][gc,phases,start] GC(219) Marking Phase
[22.866s][info][gc,phases      ] GC(219) Marking Phase 795.750ms
[22.867s][info][gc,phases,start] GC(219) Summary Phase
[22.867s][info][gc,phases      ] GC(219) Summary Phase 0.058ms
[22.867s][info][gc,phases,start] GC(219) Adjust Roots
[22.867s][info][gc,phases      ] GC(219) Adjust Roots 0.163ms
[22.867s][info][gc,phases,start] GC(219) Compaction Phase
[23.633s][info][gc,phases      ] GC(219) Compaction Phase 765.897ms
[23.633s][info][gc,phases,start] GC(219) Post Compact
[23.640s][info][gc,phases      ] GC(219) Post Compact 6.831ms
[23.643s][info][gc,heap        ] GC(219) PSYoungGen: 59584K(202752K)->9799K(208384K) Eden: 0K(66560K)->0K(72192K) From: 59584K(136192K)->9799K(136192K)
[23.643s][info][gc,heap        ] GC(219) ParOldGen: 3532230K(3578880K)->3578855K(3954176K)
[23.643s][info][gc,metaspace   ] GC(219) Metaspace: 6302K(6528K)->6302K(6528K) NonClass: 5769K(5888K)->5769K(5888K) Class: 533K(640K)->533K(640K)
[23.643s][info][gc             ] GC(219) Pause Full (Ergonomics) 3507M->3504M(4065M) 1572.051ms
[23.643s][info][gc,cpu         ] GC(219) User=11.17s Sys=0.14s Real=1.57s
[23.726s][info][gc,start       ] GC(220) Pause Young (Allocation Failure)
[23.917s][info][gc,heap        ] GC(220) PSYoungGen: 81991K(208384K)->72416K(214016K) Eden: 72192K(72192K)->0K(72192K) From: 9799K(136192K)->72416K(141824K)
[23.917s][info][gc,heap        ] GC(220) ParOldGen: 3578855K(3954176K)->3588775K(3954176K)
[23.917s][info][gc,metaspace   ] GC(220) Metaspace: 6302K(6528K)->6302K(6528K) NonClass: 5769K(5888K)->5769K(5888K) Class: 533K(640K)->533K(640K)
[23.917s][info][gc             ] GC(220) Pause Young (Allocation Failure) 3575M->3575M(4070M) 191.299ms
[23.917s][info][gc,cpu         ] GC(220) User=1.20s Sys=0.08s Real=0.19s
[23.990s][info][gc,start       ] GC(221) Pause Young (Allocation Failure)
[24.079s][info][gc,heap        ] GC(221) PSYoungGen: 144608K(214016K)->135680K(193024K) Eden: 72192K(72192K)->0K(57344K) From: 72416K(141824K)->135680K(135680K)
[24.079s][info][gc,heap        ] GC(221) ParOldGen: 3588775K(3954176K)->3597807K(3954176K)
[24.079s][info][gc,metaspace   ] GC(221) Metaspace: 6302K(6528K)->6302K(6528K) NonClass: 5769K(5888K)->5769K(5888K) Class: 533K(640K)->533K(640K)
[24.079s][info][gc             ] GC(221) Pause Young (Allocation Failure) 3645M->3645M(4050M) 88.849ms
[24.079s][info][gc,cpu         ] GC(221) User=0.42s Sys=0.12s Real=0.09s
[24.136s][info][gc,start       ] GC(222) Pause Young (Allocation Failure)
[24.284s][info][gc,heap        ] GC(222) PSYoungGen: 193024K(193024K)->57568K(214528K) Eden: 57344K(57344K)->0K(57344K) From: 135680K(135680K)->57568K(157184K)
[24.284s][info][gc,heap        ] GC(222) ParOldGen: 3597807K(3954176K)->3734471K(3954176K)
[24.284s][info][gc,metaspace   ] GC(222) Metaspace: 6302K(6528K)->6302K(6528K) NonClass: 5769K(5888K)->5769K(5888K) Class: 533K(640K)->533K(640K)
[24.284s][info][gc             ] GC(222) Pause Young (Allocation Failure) 3701M->3703M(4071M) 147.814ms
[24.284s][info][gc,cpu         ] GC(222) User=0.70s Sys=0.45s Real=0.15s
[24.340s][info][gc,start       ] GC(223) Pause Young (Allocation Failure)
[24.420s][info][gc,heap        ] GC(223) PSYoungGen: 114912K(214528K)->57568K(206848K) Eden: 57344K(57344K)->0K(64000K) From: 57568K(157184K)->57568K(142848K)
[24.420s][info][gc,heap        ] GC(223) ParOldGen: 3734471K(3954176K)->3792335K(3954176K)
[24.420s][info][gc,metaspace   ] GC(223) Metaspace: 6302K(6528K)->6302K(6528K) NonClass: 5769K(5888K)->5769K(5888K) Class: 533K(640K)->533K(640K)
[24.420s][info][gc             ] GC(223) Pause Young (Allocation Failure) 3759M->3759M(4063M) 80.651ms
[24.420s][info][gc,cpu         ] GC(223) User=0.27s Sys=0.25s Real=0.08s
[24.487s][info][gc,start       ] GC(224) Pause Young (Allocation Failure)
[24.570s][info][gc,heap        ] GC(224) PSYoungGen: 121568K(206848K)->64224K(211456K) Eden: 64000K(64000K)->0K(64000K) From: 57568K(142848K)->64224K(147456K)
[24.570s][info][gc,heap        ] GC(224) ParOldGen: 3792335K(3954176K)->3850191K(3954176K)
[24.570s][info][gc,metaspace   ] GC(224) Metaspace: 6302K(6528K)->6302K(6528K) NonClass: 5769K(5888K)->5769K(5888K) Class: 533K(640K)->533K(640K)
[24.570s][info][gc             ] GC(224) Pause Young (Allocation Failure) 3822M->3822M(4068M) 83.482ms
[24.570s][info][gc,cpu         ] GC(224) User=0.33s Sys=0.19s Real=0.08s
[24.570s][info][gc,start       ] GC(225) Pause Full (Ergonomics)
[24.570s][info][gc,phases,start] GC(225) Marking Phase
[25.427s][info][gc,phases      ] GC(225) Marking Phase 856.273ms
[25.427s][info][gc,phases,start] GC(225) Summary Phase
[25.427s][info][gc,phases      ] GC(225) Summary Phase 0.075ms
[25.427s][info][gc,phases,start] GC(225) Adjust Roots
[25.427s][info][gc,phases      ] GC(225) Adjust Roots 0.186ms
[25.427s][info][gc,phases,start] GC(225) Compaction Phase
[25.801s][info][gc,phases      ] GC(225) Compaction Phase 373.825ms
[25.801s][info][gc,phases,start] GC(225) Post Compact
[25.808s][info][gc,phases      ] GC(225) Post Compact 7.505ms
[25.809s][info][gc,heap        ] GC(225) PSYoungGen: 64224K(211456K)->0K(212480K) Eden: 0K(64000K)->0K(71168K) From: 64224K(147456K)->0K(141312K)
[25.809s][info][gc,heap        ] GC(225) ParOldGen: 3850191K(3954176K)->3911575K(4096000K)
[25.809s][info][gc,metaspace   ] GC(225) Metaspace: 6302K(6528K)->6302K(6528K) NonClass: 5769K(5888K)->5769K(5888K) Class: 533K(640K)->533K(640K)
[25.809s][info][gc             ] GC(225) Pause Full (Ergonomics) 3822M->3819M(4207M) 1239.107ms
[25.809s][info][gc,cpu         ] GC(225) User=9.20s Sys=0.11s Real=1.24s
[25.876s][info][gc,start       ] GC(226) Pause Young (Allocation Failure)
[25.930s][info][gc,heap        ] GC(226) PSYoungGen: 71168K(212480K)->71392K(212480K) Eden: 71168K(71168K)->0K(71168K) From: 0K(141312K)->71392K(141312K)
[25.930s][info][gc,heap        ] GC(226) ParOldGen: 3911575K(4096000K)->3911575K(4096000K)
[25.930s][info][gc,metaspace   ] GC(226) Metaspace: 6302K(6528K)->6302K(6528K) NonClass: 5769K(5888K)->5769K(5888K) Class: 533K(640K)->533K(640K)
[25.930s][info][gc             ] GC(226) Pause Young (Allocation Failure) 3889M->3889M(4207M) 54.030ms
[25.930s][info][gc,cpu         ] GC(226) User=0.16s Sys=0.00s Real=0.05s
[26.007s][info][gc,start       ] GC(227) Pause Young (Allocation Failure)
[26.082s][info][gc,heap        ] GC(227) PSYoungGen: 142560K(212480K)->134656K(192512K) Eden: 71168K(71168K)->0K(57856K) From: 71392K(141312K)->134656K(134656K)
[26.082s][info][gc,heap        ] GC(227) ParOldGen: 3911575K(4096000K)->3919591K(4096000K)
[26.082s][info][gc,metaspace   ] GC(227) Metaspace: 6302K(6528K)->6302K(6528K) NonClass: 5769K(5888K)->5769K(5888K) Class: 533K(640K)->533K(640K)
[26.082s][info][gc             ] GC(227) Pause Young (Allocation Failure) 3959M->3959M(4188M) 75.346ms
[26.082s][info][gc,cpu         ] GC(227) User=0.41s Sys=0.00s Real=0.08s
[26.149s][info][gc,start       ] GC(228) Pause Young (Allocation Failure)
[26.322s][info][gc,heap        ] GC(228) PSYoungGen: 192512K(192512K)->58112K(212480K) Eden: 57856K(57856K)->0K(57856K) From: 134656K(134656K)->58112K(154624K)
[26.323s][info][gc,heap        ] GC(228) ParOldGen: 3919591K(4096000K)->4055199K(4096000K)
[26.323s][info][gc,metaspace   ] GC(228) Metaspace: 6302K(6528K)->6302K(6528K) NonClass: 5769K(5888K)->5769K(5888K) Class: 533K(640K)->533K(640K)
[26.323s][info][gc             ] GC(228) Pause Young (Allocation Failure) 4015M->4016M(4207M) 173.916ms
[26.323s][info][gc,cpu         ] GC(228) User=0.72s Sys=0.66s Real=0.17s
[26.323s][info][gc,start       ] GC(229) Pause Full (Ergonomics)
[26.323s][info][gc,phases,start] GC(229) Marking Phase
[27.247s][info][gc,phases      ] GC(229) Marking Phase 923.901ms
[27.247s][info][gc,phases,start] GC(229) Summary Phase
[27.247s][info][gc,phases      ] GC(229) Summary Phase 0.051ms
[27.247s][info][gc,phases,start] GC(229) Adjust Roots
[27.247s][info][gc,phases      ] GC(229) Adjust Roots 0.194ms
[27.247s][info][gc,phases,start] GC(229) Compaction Phase
[27.621s][info][gc,phases      ] GC(229) Compaction Phase 374.303ms
[27.621s][info][gc,phases,start] GC(229) Post Compact
[27.627s][info][gc,phases      ] GC(229) Post Compact 6.130ms
[27.627s][info][gc,heap        ] GC(229) PSYoungGen: 58112K(212480K)->15920K(212480K) Eden: 0K(57856K)->0K(57856K) From: 58112K(154624K)->15920K(154624K)
[27.627s][info][gc,heap        ] GC(229) ParOldGen: 4055199K(4096000K)->4095747K(4096000K)
[27.627s][info][gc,metaspace   ] GC(229) Metaspace: 6302K(6528K)->6302K(6528K) NonClass: 5769K(5888K)->5769K(5888K) Class: 533K(640K)->533K(640K)
[27.628s][info][gc             ] GC(229) Pause Full (Ergonomics) 4016M->4015M(4207M) 1304.853ms
[27.628s][info][gc,cpu         ] GC(229) User=9.61s Sys=0.09s Real=1.30s
[27.692s][info][gc,start       ] GC(230) Pause Full (Ergonomics)
[27.692s][info][gc,phases,start] GC(230) Marking Phase
[28.633s][info][gc,phases      ] GC(230) Marking Phase 941.420ms
[28.634s][info][gc,phases,start] GC(230) Summary Phase
[28.634s][info][gc,phases      ] GC(230) Summary Phase 0.048ms
[28.634s][info][gc,phases,start] GC(230) Adjust Roots
[28.634s][info][gc,phases      ] GC(230) Adjust Roots 0.159ms
[28.634s][info][gc,phases,start] GC(230) Compaction Phase
[28.940s][info][gc,phases      ] GC(230) Compaction Phase 306.601ms
[28.940s][info][gc,phases,start] GC(230) Post Compact
[28.946s][info][gc,phases      ] GC(230) Post Compact 5.977ms
[28.946s][info][gc,heap        ] GC(230) PSYoungGen: 73776K(212480K)->73747K(212480K) Eden: 57856K(57856K)->57827K(57856K) From: 15920K(154624K)->15920K(154624K)
[28.946s][info][gc,heap        ] GC(230) ParOldGen: 4095747K(4096000K)->4095747K(4096000K)
[28.946s][info][gc,metaspace   ] GC(230) Metaspace: 6302K(6528K)->6302K(6528K) NonClass: 5769K(5888K)->5769K(5888K) Class: 533K(640K)->533K(640K)
[28.947s][info][gc             ] GC(230) Pause Full (Ergonomics) 4071M->4071M(4207M) 1254.550ms
[28.947s][info][gc,cpu         ] GC(230) User=9.39s Sys=0.02s Real=1.25s
[28.947s][info][gc,start       ] GC(231) Pause Full (Ergonomics)
[28.947s][info][gc,phases,start] GC(231) Marking Phase
[29.888s][info][gc,phases      ] GC(231) Marking Phase 940.754ms
[29.888s][info][gc,phases,start] GC(231) Summary Phase
[29.888s][info][gc,phases      ] GC(231) Summary Phase 0.048ms
[29.888s][info][gc,phases,start] GC(231) Adjust Roots
[29.888s][info][gc,phases      ] GC(231) Adjust Roots 0.163ms
[29.888s][info][gc,phases,start] GC(231) Compaction Phase
[30.174s][info][gc,phases      ] GC(231) Compaction Phase 286.499ms
[30.174s][info][gc,phases,start] GC(231) Post Compact
[30.180s][info][gc,phases      ] GC(231) Post Compact 5.973ms
[30.180s][info][gc,heap        ] GC(231) PSYoungGen: 73776K(212480K)->73776K(212480K) Eden: 57856K(57856K)->57855K(57856K) From: 15920K(154624K)->15920K(154624K)
[30.180s][info][gc,heap        ] GC(231) ParOldGen: 4095747K(4096000K)->4095747K(4096000K)
[30.180s][info][gc,metaspace   ] GC(231) Metaspace: 6302K(6528K)->6302K(6528K) NonClass: 5769K(5888K)->5769K(5888K) Class: 533K(640K)->533K(640K)
[30.180s][info][gc             ] GC(231) Pause Full (Ergonomics) 4071M->4071M(4207M) 1233.742ms
[30.180s][info][gc,cpu         ] GC(231) User=9.22s Sys=0.00s Real=1.23s
[30.181s][info][gc,start       ] GC(232) Pause Full (Ergonomics)
[30.181s][info][gc,phases,start] GC(232) Marking Phase
[31.119s][info][gc,phases      ] GC(232) Marking Phase 938.422ms
[31.119s][info][gc,phases,start] GC(232) Summary Phase
[31.119s][info][gc,phases      ] GC(232) Summary Phase 0.048ms
[31.119s][info][gc,phases,start] GC(232) Adjust Roots
[31.119s][info][gc,phases      ] GC(232) Adjust Roots 0.187ms
[31.119s][info][gc,phases,start] GC(232) Compaction Phase
[31.408s][info][gc,phases      ] GC(232) Compaction Phase 288.982ms
[31.408s][info][gc,phases,start] GC(232) Post Compact
[31.415s][info][gc,phases      ] GC(232) Post Compact 6.568ms
[31.415s][info][gc,heap        ] GC(232) PSYoungGen: 73776K(212480K)->73776K(212480K) Eden: 57855K(57856K)->57855K(57856K) From: 15920K(154624K)->15920K(154624K)
[31.415s][info][gc,heap        ] GC(232) ParOldGen: 4095747K(4096000K)->4095747K(4096000K)
[31.415s][info][gc,metaspace   ] GC(232) Metaspace: 6302K(6528K)->6302K(6528K) NonClass: 5769K(5888K)->5769K(5888K) Class: 533K(640K)->533K(640K)
[31.415s][info][gc             ] GC(232) Pause Full (Ergonomics) 4071M->4071M(4207M) 1234.526ms
[31.415s][info][gc,cpu         ] GC(232) User=9.36s Sys=0.02s Real=1.23s
[31.415s][info][gc,start       ] GC(233) Pause Full (Ergonomics)
[31.415s][info][gc,phases,start] GC(233) Marking Phase
[32.341s][info][gc,phases      ] GC(233) Marking Phase 925.824ms
[32.341s][info][gc,phases,start] GC(233) Summary Phase
[32.341s][info][gc,phases      ] GC(233) Summary Phase 0.057ms
[32.341s][info][gc,phases,start] GC(233) Adjust Roots
[32.341s][info][gc,phases      ] GC(233) Adjust Roots 0.182ms
[32.342s][info][gc,phases,start] GC(233) Compaction Phase
[32.630s][info][gc,phases      ] GC(233) Compaction Phase 288.029ms
[32.630s][info][gc,phases,start] GC(233) Post Compact
[32.636s][info][gc,phases      ] GC(233) Post Compact 6.141ms
[32.636s][info][gc,heap        ] GC(233) PSYoungGen: 73776K(212480K)->73776K(212480K) Eden: 57855K(57856K)->57855K(57856K) From: 15920K(154624K)->15920K(154624K)
[32.636s][info][gc,heap        ] GC(233) ParOldGen: 4095753K(4096000K)->4095753K(4096000K)
[32.636s][info][gc,metaspace   ] GC(233) Metaspace: 6302K(6528K)->6302K(6528K) NonClass: 5769K(5888K)->5769K(5888K) Class: 533K(640K)->533K(640K)
[32.636s][info][gc             ] GC(233) Pause Full (Ergonomics) 4071M->4071M(4207M) 1220.527ms
[32.636s][info][gc,cpu         ] GC(233) User=9.22s Sys=0.00s Real=1.22s
[32.636s][info][gc,start       ] GC(234) Pause Full (Ergonomics)
[32.636s][info][gc,phases,start] GC(234) Marking Phase
[33.591s][info][gc,phases      ] GC(234) Marking Phase 955.169ms
[33.591s][info][gc,phases,start] GC(234) Summary Phase
[33.591s][info][gc,phases      ] GC(234) Summary Phase 0.048ms
[33.591s][info][gc,phases,start] GC(234) Adjust Roots
[33.592s][info][gc,phases      ] GC(234) Adjust Roots 0.163ms
[33.592s][info][gc,phases,start] GC(234) Compaction Phase
[33.914s][info][gc,phases      ] GC(234) Compaction Phase 322.068ms
[33.914s][info][gc,phases,start] GC(234) Post Compact
[33.920s][info][gc,phases      ] GC(234) Post Compact 6.049ms
[33.920s][info][gc,heap        ] GC(234) PSYoungGen: 73776K(212480K)->73776K(212480K) Eden: 57855K(57856K)->57855K(57856K) From: 15920K(154624K)->15920K(154624K)
[33.920s][info][gc,heap        ] GC(234) ParOldGen: 4095757K(4096000K)->4095757K(4096000K)
[33.920s][info][gc,metaspace   ] GC(234) Metaspace: 6302K(6528K)->6302K(6528K) NonClass: 5769K(5888K)->5769K(5888K) Class: 533K(640K)->533K(640K)
[33.920s][info][gc             ] GC(234) Pause Full (Ergonomics) 4071M->4071M(4207M) 1283.795ms
[33.920s][info][gc,cpu         ] GC(234) User=9.44s Sys=0.00s Real=1.29s
[33.920s][info][gc,start       ] GC(235) Pause Full (Ergonomics)
[33.920s][info][gc,phases,start] GC(235) Marking Phase
[34.862s][info][gc,phases      ] GC(235) Marking Phase 941.558ms
[34.862s][info][gc,phases,start] GC(235) Summary Phase
[34.862s][info][gc,phases      ] GC(235) Summary Phase 0.048ms
[34.862s][info][gc,phases,start] GC(235) Adjust Roots
[34.862s][info][gc,phases      ] GC(235) Adjust Roots 0.162ms
[34.862s][info][gc,phases,start] GC(235) Compaction Phase
[35.180s][info][gc,phases      ] GC(235) Compaction Phase 317.970ms
[35.180s][info][gc,phases,start] GC(235) Post Compact
[35.186s][info][gc,phases      ] GC(235) Post Compact 6.027ms
[35.186s][info][gc,heap        ] GC(235) PSYoungGen: 73776K(212480K)->73776K(212480K) Eden: 57855K(57856K)->57855K(57856K) From: 15920K(154624K)->15920K(154624K)
[35.186s][info][gc,heap        ] GC(235) ParOldGen: 4095762K(4096000K)->4095762K(4096000K)
[35.186s][info][gc,metaspace   ] GC(235) Metaspace: 6302K(6528K)->6302K(6528K) NonClass: 5769K(5888K)->5769K(5888K) Class: 533K(640K)->533K(640K)
[35.186s][info][gc             ] GC(235) Pause Full (Ergonomics) 4071M->4071M(4207M) 1266.076ms
[35.186s][info][gc,cpu         ] GC(235) User=9.20s Sys=0.00s Real=1.27s
[35.186s][info][gc,start       ] GC(236) Pause Full (Ergonomics)
[35.186s][info][gc,phases,start] GC(236) Marking Phase
[36.124s][info][gc,phases      ] GC(236) Marking Phase 937.190ms
[36.124s][info][gc,phases,start] GC(236) Summary Phase
[36.124s][info][gc,phases      ] GC(236) Summary Phase 0.057ms
[36.124s][info][gc,phases,start] GC(236) Adjust Roots
[36.124s][info][gc,phases      ] GC(236) Adjust Roots 0.164ms
[36.124s][info][gc,phases,start] GC(236) Compaction Phase
[36.414s][info][gc,phases      ] GC(236) Compaction Phase 290.134ms
[36.414s][info][gc,phases,start] GC(236) Post Compact
[36.420s][info][gc,phases      ] GC(236) Post Compact 5.957ms
[36.420s][info][gc,heap        ] GC(236) PSYoungGen: 73776K(212480K)->73776K(212480K) Eden: 57855K(57856K)->57855K(57856K) From: 15920K(154624K)->15920K(154624K)
[36.420s][info][gc,heap        ] GC(236) ParOldGen: 4095767K(4096000K)->4095767K(4096000K)
[36.420s][info][gc,metaspace   ] GC(236) Metaspace: 6302K(6528K)->6302K(6528K) NonClass: 5769K(5888K)->5769K(5888K) Class: 533K(640K)->533K(640K)
[36.420s][info][gc             ] GC(236) Pause Full (Ergonomics) 4071M->4071M(4207M) 1233.782ms
[36.420s][info][gc,cpu         ] GC(236) User=9.11s Sys=0.00s Real=1.23s
[36.420s][info][gc,start       ] GC(237) Pause Full (Ergonomics)
[36.420s][info][gc,phases,start] GC(237) Marking Phase
[37.343s][info][gc,phases      ] GC(237) Marking Phase 922.994ms
[37.343s][info][gc,phases,start] GC(237) Summary Phase
[37.343s][info][gc,phases      ] GC(237) Summary Phase 0.047ms
[37.343s][info][gc,phases,start] GC(237) Adjust Roots
[37.344s][info][gc,phases      ] GC(237) Adjust Roots 0.161ms
[37.344s][info][gc,phases,start] GC(237) Compaction Phase
[37.636s][info][gc,phases      ] GC(237) Compaction Phase 292.404ms
[37.636s][info][gc,phases,start] GC(237) Post Compact
[37.642s][info][gc,phases      ] GC(237) Post Compact 5.927ms
[37.642s][info][gc,heap        ] GC(237) PSYoungGen: 73776K(212480K)->73776K(212480K) Eden: 57855K(57856K)->57855K(57856K) From: 15920K(154624K)->15920K(154624K)
[37.642s][info][gc,heap        ] GC(237) ParOldGen: 4095772K(4096000K)->4095772K(4096000K)
[37.642s][info][gc,metaspace   ] GC(237) Metaspace: 6302K(6528K)->6302K(6528K) NonClass: 5769K(5888K)->5769K(5888K) Class: 533K(640K)->533K(640K)
[37.642s][info][gc             ] GC(237) Pause Full (Ergonomics) 4071M->4071M(4207M) 1221.824ms
[37.642s][info][gc,cpu         ] GC(237) User=9.11s Sys=0.00s Real=1.22s
[37.642s][info][gc,start       ] GC(238) Pause Full (Ergonomics)
[37.642s][info][gc,phases,start] GC(238) Marking Phase
[38.584s][info][gc,phases      ] GC(238) Marking Phase 941.478ms
[38.584s][info][gc,phases,start] GC(238) Summary Phase
[38.584s][info][gc,phases      ] GC(238) Summary Phase 0.048ms
[38.584s][info][gc,phases,start] GC(238) Adjust Roots
[38.584s][info][gc,phases      ] GC(238) Adjust Roots 0.180ms
[38.584s][info][gc,phases,start] GC(238) Compaction Phase
[38.870s][info][gc,phases      ] GC(238) Compaction Phase 286.034ms
[38.870s][info][gc,phases,start] GC(238) Post Compact
[38.876s][info][gc,phases      ] GC(238) Post Compact 6.206ms
[38.876s][info][gc,heap        ] GC(238) PSYoungGen: 73776K(212480K)->73776K(212480K) Eden: 57855K(57856K)->57855K(57856K) From: 15920K(154624K)->15920K(154624K)
[38.876s][info][gc,heap        ] GC(238) ParOldGen: 4095777K(4096000K)->4095777K(4096000K)
[38.876s][info][gc,metaspace   ] GC(238) Metaspace: 6302K(6528K)->6302K(6528K) NonClass: 5769K(5888K)->5769K(5888K) Class: 533K(640K)->533K(640K)
[38.877s][info][gc             ] GC(238) Pause Full (Ergonomics) 4071M->4071M(4207M) 1234.253ms
[38.877s][info][gc,cpu         ] GC(238) User=9.23s Sys=0.00s Real=1.23s
[38.877s][info][gc,start       ] GC(239) Pause Full (Ergonomics)
[38.877s][info][gc,phases,start] GC(239) Marking Phase
[39.815s][info][gc,phases      ] GC(239) Marking Phase 938.552ms
[39.815s][info][gc,phases,start] GC(239) Summary Phase
[39.815s][info][gc,phases      ] GC(239) Summary Phase 0.052ms
[39.815s][info][gc,phases,start] GC(239) Adjust Roots
[39.816s][info][gc,phases      ] GC(239) Adjust Roots 0.190ms
[39.816s][info][gc,phases,start] GC(239) Compaction Phase
[40.117s][info][gc,phases      ] GC(239) Compaction Phase 301.658ms
[40.117s][info][gc,phases,start] GC(239) Post Compact
[40.124s][info][gc,phases      ] GC(239) Post Compact 6.216ms
[40.124s][info][gc,heap        ] GC(239) PSYoungGen: 73776K(212480K)->73776K(212480K) Eden: 57855K(57856K)->57855K(57856K) From: 15920K(154624K)->15920K(154624K)
[40.124s][info][gc,heap        ] GC(239) ParOldGen: 4095782K(4096000K)->4095782K(4096000K)
[40.124s][info][gc,metaspace   ] GC(239) Metaspace: 6302K(6528K)->6302K(6528K) NonClass: 5769K(5888K)->5769K(5888K) Class: 533K(640K)->533K(640K)
[40.124s][info][gc             ] GC(239) Pause Full (Ergonomics) 4071M->4071M(4207M) 1246.952ms
[40.124s][info][gc,cpu         ] GC(239) User=9.17s Sys=0.00s Real=1.25s
[40.124s][info][gc,start       ] GC(240) Pause Full (Ergonomics)
[40.124s][info][gc,phases,start] GC(240) Marking Phase
[41.077s][info][gc,phases      ] GC(240) Marking Phase 952.869ms
[41.077s][info][gc,phases,start] GC(240) Summary Phase
[41.077s][info][gc,phases      ] GC(240) Summary Phase 0.047ms
[41.077s][info][gc,phases,start] GC(240) Adjust Roots
[41.077s][info][gc,phases      ] GC(240) Adjust Roots 0.163ms
[41.077s][info][gc,phases,start] GC(240) Compaction Phase
[41.365s][info][gc,phases      ] GC(240) Compaction Phase 287.762ms
[41.365s][info][gc,phases,start] GC(240) Post Compact
[41.371s][info][gc,phases      ] GC(240) Post Compact 6.084ms
[41.371s][info][gc,heap        ] GC(240) PSYoungGen: 73776K(212480K)->73776K(212480K) Eden: 57855K(57856K)->57855K(57856K) From: 15920K(154624K)->15920K(154624K)
[41.371s][info][gc,heap        ] GC(240) ParOldGen: 4095786K(4096000K)->4095786K(4096000K)
[41.371s][info][gc,metaspace   ] GC(240) Metaspace: 6302K(6528K)->6302K(6528K) NonClass: 5769K(5888K)->5769K(5888K) Class: 533K(640K)->533K(640K)
[41.371s][info][gc             ] GC(240) Pause Full (Ergonomics) 4071M->4071M(4207M) 1247.207ms
[41.371s][info][gc,cpu         ] GC(240) User=9.44s Sys=0.00s Real=1.25s
[41.371s][info][gc,start       ] GC(241) Pause Full (Ergonomics)
[41.371s][info][gc,phases,start] GC(241) Marking Phase
[42.323s][info][gc,phases      ] GC(241) Marking Phase 952.106ms
[42.323s][info][gc,phases,start] GC(241) Summary Phase
[42.323s][info][gc,phases      ] GC(241) Summary Phase 0.055ms
[42.323s][info][gc,phases,start] GC(241) Adjust Roots
[42.324s][info][gc,phases      ] GC(241) Adjust Roots 0.241ms
[42.324s][info][gc,phases,start] GC(241) Compaction Phase
[42.634s][info][gc,phases      ] GC(241) Compaction Phase 310.675ms
[42.634s][info][gc,phases,start] GC(241) Post Compact
[42.641s][info][gc,phases      ] GC(241) Post Compact 6.291ms
[42.641s][info][gc,heap        ] GC(241) PSYoungGen: 73776K(212480K)->73776K(212480K) Eden: 57855K(57856K)->57855K(57856K) From: 15920K(154624K)->15920K(154624K)
[42.641s][info][gc,heap        ] GC(241) ParOldGen: 4095791K(4096000K)->4095791K(4096000K)
[42.641s][info][gc,metaspace   ] GC(241) Metaspace: 6302K(6528K)->6302K(6528K) NonClass: 5769K(5888K)->5769K(5888K) Class: 533K(640K)->533K(640K)
[42.641s][info][gc             ] GC(241) Pause Full (Ergonomics) 4071M->4071M(4207M) 1269.716ms
[42.641s][info][gc,cpu         ] GC(241) User=9.55s Sys=0.00s Real=1.27s
[42.641s][info][gc,start       ] GC(242) Pause Full (Ergonomics)
[42.641s][info][gc,phases,start] GC(242) Marking Phase
[43.582s][info][gc,phases      ] GC(242) Marking Phase 940.575ms
[43.582s][info][gc,phases,start] GC(242) Summary Phase
[43.582s][info][gc,phases      ] GC(242) Summary Phase 0.048ms
[43.582s][info][gc,phases,start] GC(242) Adjust Roots
[43.582s][info][gc,phases      ] GC(242) Adjust Roots 0.163ms
[43.582s][info][gc,phases,start] GC(242) Compaction Phase
[43.906s][info][gc,phases      ] GC(242) Compaction Phase 324.325ms
[43.906s][info][gc,phases,start] GC(242) Post Compact
[43.913s][info][gc,phases      ] GC(242) Post Compact 6.450ms
[43.913s][info][gc,heap        ] GC(242) PSYoungGen: 73776K(212480K)->73776K(212480K) Eden: 57855K(57856K)->57855K(57856K) From: 15920K(154624K)->15920K(154624K)
[43.913s][info][gc,heap        ] GC(242) ParOldGen: 4095796K(4096000K)->4095796K(4096000K)
[43.913s][info][gc,metaspace   ] GC(242) Metaspace: 6302K(6528K)->6302K(6528K) NonClass: 5769K(5888K)->5769K(5888K) Class: 533K(640K)->533K(640K)
[43.913s][info][gc             ] GC(242) Pause Full (Ergonomics) 4071M->4071M(4207M) 1271.848ms
[43.913s][info][gc,cpu         ] GC(242) User=9.20s Sys=0.02s Real=1.27s
[43.913s][info][gc,start       ] GC(243) Pause Full (Ergonomics)
[43.913s][info][gc,phases,start] GC(243) Marking Phase
[44.895s][info][gc,phases      ] GC(243) Marking Phase 982.224ms
[44.895s][info][gc,phases,start] GC(243) Summary Phase
[44.895s][info][gc,phases      ] GC(243) Summary Phase 0.055ms
[44.895s][info][gc,phases,start] GC(243) Adjust Roots
[44.896s][info][gc,phases      ] GC(243) Adjust Roots 0.164ms
[44.896s][info][gc,phases,start] GC(243) Compaction Phase
[45.210s][info][gc,phases      ] GC(243) Compaction Phase 313.909ms
[45.210s][info][gc,phases,start] GC(243) Post Compact
[45.216s][info][gc,phases      ] GC(243) Post Compact 5.956ms
[45.216s][info][gc,heap        ] GC(243) PSYoungGen: 73776K(212480K)->73776K(212480K) Eden: 57855K(57856K)->57855K(57856K) From: 15920K(154624K)->15920K(154624K)
[45.216s][info][gc,heap        ] GC(243) ParOldGen: 4095801K(4096000K)->4095801K(4096000K)
[45.216s][info][gc,metaspace   ] GC(243) Metaspace: 6302K(6528K)->6302K(6528K) NonClass: 5769K(5888K)->5769K(5888K) Class: 533K(640K)->533K(640K)
[45.216s][info][gc             ] GC(243) Pause Full (Ergonomics) 4071M->4071M(4207M) 1302.576ms
[45.216s][info][gc,cpu         ] GC(243) User=9.91s Sys=0.00s Real=1.30s
[45.216s][info][gc,start       ] GC(244) Pause Full (Ergonomics)
[45.216s][info][gc,phases,start] GC(244) Marking Phase
[46.166s][info][gc,phases      ] GC(244) Marking Phase 950.409ms
[46.166s][info][gc,phases,start] GC(244) Summary Phase
[46.166s][info][gc,phases      ] GC(244) Summary Phase 0.076ms
[46.166s][info][gc,phases,start] GC(244) Adjust Roots
[46.167s][info][gc,phases      ] GC(244) Adjust Roots 0.224ms
[46.167s][info][gc,phases,start] GC(244) Compaction Phase
[46.508s][info][gc,phases      ] GC(244) Compaction Phase 341.611ms
[46.508s][info][gc,phases,start] GC(244) Post Compact
[46.515s][info][gc,phases      ] GC(244) Post Compact 6.206ms
[46.515s][info][gc,heap        ] GC(244) PSYoungGen: 73776K(212480K)->73776K(212480K) Eden: 57855K(57856K)->57855K(57856K) From: 15920K(154624K)->15920K(154624K)
[46.515s][info][gc,heap        ] GC(244) ParOldGen: 4095806K(4096000K)->4095806K(4096000K)
[46.515s][info][gc,metaspace   ] GC(244) Metaspace: 6302K(6528K)->6302K(6528K) NonClass: 5769K(5888K)->5769K(5888K) Class: 533K(640K)->533K(640K)
[46.515s][info][gc             ] GC(244) Pause Full (Ergonomics) 4071M->4071M(4207M) 1298.852ms
[46.515s][info][gc,cpu         ] GC(244) User=9.53s Sys=0.00s Real=1.30s
[46.515s][info][gc,start       ] GC(245) Pause Full (Ergonomics)
[46.515s][info][gc,phases,start] GC(245) Marking Phase
[47.455s][info][gc,phases      ] GC(245) Marking Phase 940.070ms
[47.455s][info][gc,phases,start] GC(245) Summary Phase
[47.455s][info][gc,phases      ] GC(245) Summary Phase 0.048ms
[47.455s][info][gc,phases,start] GC(245) Adjust Roots
[47.455s][info][gc,phases      ] GC(245) Adjust Roots 0.161ms
[47.455s][info][gc,phases,start] GC(245) Compaction Phase
[47.778s][info][gc,phases      ] GC(245) Compaction Phase 322.735ms
[47.778s][info][gc,phases,start] GC(245) Post Compact
[47.784s][info][gc,phases      ] GC(245) Post Compact 5.936ms
[47.784s][info][gc,heap        ] GC(245) PSYoungGen: 73776K(212480K)->73776K(212480K) Eden: 57855K(57856K)->57855K(57856K) From: 15920K(154624K)->15920K(154624K)
[47.784s][info][gc,heap        ] GC(245) ParOldGen: 4095811K(4096000K)->4095811K(4096000K)
[47.784s][info][gc,metaspace   ] GC(245) Metaspace: 6302K(6528K)->6302K(6528K) NonClass: 5769K(5888K)->5769K(5888K) Class: 533K(640K)->533K(640K)
[47.784s][info][gc             ] GC(245) Pause Full (Ergonomics) 4071M->4071M(4207M) 1269.210ms
[47.784s][info][gc,cpu         ] GC(245) User=9.30s Sys=0.00s Real=1.27s
[47.784s][info][gc,start       ] GC(246) Pause Full (Ergonomics)
[47.784s][info][gc,phases,start] GC(246) Marking Phase
[48.729s][info][gc,phases      ] GC(246) Marking Phase 944.607ms
[48.729s][info][gc,phases,start] GC(246) Summary Phase
[48.729s][info][gc,phases      ] GC(246) Summary Phase 0.048ms
[48.729s][info][gc,phases,start] GC(246) Adjust Roots
[48.729s][info][gc,phases      ] GC(246) Adjust Roots 0.171ms
[48.729s][info][gc,phases,start] GC(246) Compaction Phase
[49.048s][info][gc,phases      ] GC(246) Compaction Phase 318.563ms
[49.048s][info][gc,phases,start] GC(246) Post Compact
[49.054s][info][gc,phases      ] GC(246) Post Compact 5.941ms
[49.054s][info][gc,heap        ] GC(246) PSYoungGen: 73776K(212480K)->73776K(212480K) Eden: 57855K(57856K)->57855K(57856K) From: 15920K(154624K)->15920K(154624K)
[49.054s][info][gc,heap        ] GC(246) ParOldGen: 4095815K(4096000K)->4095815K(4096000K)
[49.054s][info][gc,metaspace   ] GC(246) Metaspace: 6302K(6528K)->6302K(6528K) NonClass: 5769K(5888K)->5769K(5888K) Class: 533K(640K)->533K(640K)
[49.054s][info][gc             ] GC(246) Pause Full (Ergonomics) 4071M->4071M(4207M) 1269.621ms
[49.054s][info][gc,cpu         ] GC(246) User=9.47s Sys=0.05s Real=1.27s
[49.054s][info][gc,start       ] GC(247) Pause Full (Ergonomics)
[49.054s][info][gc,phases,start] GC(247) Marking Phase
[50.005s][info][gc,phases      ] GC(247) Marking Phase 950.940ms
[50.005s][info][gc,phases,start] GC(247) Summary Phase
[50.005s][info][gc,phases      ] GC(247) Summary Phase 0.049ms
[50.005s][info][gc,phases,start] GC(247) Adjust Roots
[50.005s][info][gc,phases      ] GC(247) Adjust Roots 0.180ms
[50.005s][info][gc,phases,start] GC(247) Compaction Phase
[50.358s][info][gc,phases      ] GC(247) Compaction Phase 352.804ms
[50.358s][info][gc,phases,start] GC(247) Post Compact
[50.364s][info][gc,phases      ] GC(247) Post Compact 6.006ms
[50.364s][info][gc,heap        ] GC(247) PSYoungGen: 73776K(212480K)->73776K(212480K) Eden: 57855K(57856K)->57855K(57856K) From: 15920K(154624K)->15920K(154624K)
[50.364s][info][gc,heap        ] GC(247) ParOldGen: 4095820K(4096000K)->4095820K(4096000K)
[50.364s][info][gc,metaspace   ] GC(247) Metaspace: 6302K(6528K)->6302K(6528K) NonClass: 5769K(5888K)->5769K(5888K) Class: 533K(640K)->533K(640K)
[50.364s][info][gc             ] GC(247) Pause Full (Ergonomics) 4071M->4071M(4207M) 1310.284ms
[50.364s][info][gc,cpu         ] GC(247) User=9.56s Sys=0.00s Real=1.31s
[50.364s][info][gc,start       ] GC(248) Pause Full (Ergonomics)
[50.365s][info][gc,phases,start] GC(248) Marking Phase
[51.317s][info][gc,phases      ] GC(248) Marking Phase 952.295ms
[51.317s][info][gc,phases,start] GC(248) Summary Phase
[51.317s][info][gc,phases      ] GC(248) Summary Phase 0.054ms
[51.317s][info][gc,phases,start] GC(248) Adjust Roots
[51.317s][info][gc,phases      ] GC(248) Adjust Roots 0.167ms
[51.317s][info][gc,phases,start] GC(248) Compaction Phase
[51.614s][info][gc,phases      ] GC(248) Compaction Phase 297.086ms
[51.614s][info][gc,phases,start] GC(248) Post Compact
[51.620s][info][gc,phases      ] GC(248) Post Compact 5.944ms
[51.620s][info][gc,heap        ] GC(248) PSYoungGen: 73776K(212480K)->73776K(212480K) Eden: 57855K(57856K)->57855K(57856K) From: 15920K(154624K)->15920K(154624K)
[51.620s][info][gc,heap        ] GC(248) ParOldGen: 4095825K(4096000K)->4095825K(4096000K)
[51.620s][info][gc,metaspace   ] GC(248) Metaspace: 6302K(6528K)->6302K(6528K) NonClass: 5769K(5888K)->5769K(5888K) Class: 533K(640K)->533K(640K)
[51.620s][info][gc             ] GC(248) Pause Full (Ergonomics) 4071M->4071M(4207M) 1255.829ms
[51.620s][info][gc,cpu         ] GC(248) User=9.62s Sys=0.00s Real=1.26s
[51.621s][info][gc,start       ] GC(249) Pause Full (Ergonomics)
[51.621s][info][gc,phases,start] GC(249) Marking Phase
[52.569s][info][gc,phases      ] GC(249) Marking Phase 948.451ms
[52.569s][info][gc,phases,start] GC(249) Summary Phase
[52.569s][info][gc,phases      ] GC(249) Summary Phase 0.049ms
[52.569s][info][gc,phases,start] GC(249) Adjust Roots
[52.569s][info][gc,phases      ] GC(249) Adjust Roots 0.191ms
[52.569s][info][gc,phases,start] GC(249) Compaction Phase
[52.893s][info][gc,phases      ] GC(249) Compaction Phase 323.531ms
[52.893s][info][gc,phases,start] GC(249) Post Compact
[52.899s][info][gc,phases      ] GC(249) Post Compact 5.926ms
[52.899s][info][gc,heap        ] GC(249) PSYoungGen: 73776K(212480K)->73776K(212480K) Eden: 57855K(57856K)->57855K(57856K) From: 15920K(154624K)->15920K(154624K)
[52.899s][info][gc,heap        ] GC(249) ParOldGen: 4095830K(4096000K)->4095830K(4096000K)
[52.899s][info][gc,metaspace   ] GC(249) Metaspace: 6302K(6528K)->6302K(6528K) NonClass: 5769K(5888K)->5769K(5888K) Class: 533K(640K)->533K(640K)
[52.899s][info][gc             ] GC(249) Pause Full (Ergonomics) 4071M->4071M(4207M) 1278.426ms
[52.899s][info][gc,cpu         ] GC(249) User=9.61s Sys=0.00s Real=1.28s
[52.899s][info][gc,start       ] GC(250) Pause Full (Ergonomics)
[52.899s][info][gc,phases,start] GC(250) Marking Phase
[53.873s][info][gc,phases      ] GC(250) Marking Phase 974.349ms
[53.874s][info][gc,phases,start] GC(250) Summary Phase
[53.874s][info][gc,phases      ] GC(250) Summary Phase 0.047ms
[53.874s][info][gc,phases,start] GC(250) Adjust Roots
[53.874s][info][gc,phases      ] GC(250) Adjust Roots 0.163ms
[53.874s][info][gc,phases,start] GC(250) Compaction Phase
[54.210s][info][gc,phases      ] GC(250) Compaction Phase 336.149ms
[54.210s][info][gc,phases,start] GC(250) Post Compact
[54.216s][info][gc,phases      ] GC(250) Post Compact 5.986ms
[54.216s][info][gc,heap        ] GC(250) PSYoungGen: 73776K(212480K)->73776K(212480K) Eden: 57855K(57856K)->57855K(57856K) From: 15920K(154624K)->15920K(154624K)
[54.216s][info][gc,heap        ] GC(250) ParOldGen: 4095835K(4096000K)->4095835K(4096000K)
[54.216s][info][gc,metaspace   ] GC(250) Metaspace: 6302K(6528K)->6302K(6528K) NonClass: 5769K(5888K)->5769K(5888K) Class: 533K(640K)->533K(640K)
[54.216s][info][gc             ] GC(250) Pause Full (Ergonomics) 4071M->4071M(4207M) 1317.016ms
[54.216s][info][gc,cpu         ] GC(250) User=9.66s Sys=0.00s Real=1.32s
[54.216s][info][gc,start       ] GC(251) Pause Full (Ergonomics)
[54.216s][info][gc,phases,start] GC(251) Marking Phase
[55.198s][info][gc,phases      ] GC(251) Marking Phase 981.872ms
[55.198s][info][gc,phases,start] GC(251) Summary Phase
[55.198s][info][gc,phases      ] GC(251) Summary Phase 0.048ms
[55.198s][info][gc,phases,start] GC(251) Adjust Roots
[55.199s][info][gc,phases      ] GC(251) Adjust Roots 0.162ms
[55.199s][info][gc,phases,start] GC(251) Compaction Phase
[55.526s][info][gc,phases      ] GC(251) Compaction Phase 327.082ms
[55.526s][info][gc,phases,start] GC(251) Post Compact
[55.532s][info][gc,phases      ] GC(251) Post Compact 6.068ms
[55.532s][info][gc,heap        ] GC(251) PSYoungGen: 73776K(212480K)->73776K(212480K) Eden: 57855K(57856K)->57855K(57856K) From: 15920K(154624K)->15920K(154624K)
[55.532s][info][gc,heap        ] GC(251) ParOldGen: 4095840K(4096000K)->4095840K(4096000K)
[55.532s][info][gc,metaspace   ] GC(251) Metaspace: 6302K(6528K)->6302K(6528K) NonClass: 5769K(5888K)->5769K(5888K) Class: 533K(640K)->533K(640K)
[55.532s][info][gc             ] GC(251) Pause Full (Ergonomics) 4071M->4071M(4207M) 1315.528ms
[55.532s][info][gc,cpu         ] GC(251) User=9.84s Sys=0.00s Real=1.31s
[55.532s][info][gc,start       ] GC(252) Pause Full (Ergonomics)
[55.532s][info][gc,phases,start] GC(252) Marking Phase
[56.502s][info][gc,phases      ] GC(252) Marking Phase 970.320ms
[56.502s][info][gc,phases,start] GC(252) Summary Phase
[56.503s][info][gc,phases      ] GC(252) Summary Phase 0.068ms
[56.503s][info][gc,phases,start] GC(252) Adjust Roots
[56.503s][info][gc,phases      ] GC(252) Adjust Roots 0.172ms
[56.503s][info][gc,phases,start] GC(252) Compaction Phase
[56.813s][info][gc,phases      ] GC(252) Compaction Phase 310.447ms
[56.813s][info][gc,phases,start] GC(252) Post Compact
[56.819s][info][gc,phases      ] GC(252) Post Compact 6.089ms
[56.819s][info][gc,heap        ] GC(252) PSYoungGen: 73776K(212480K)->73776K(212480K) Eden: 57855K(57856K)->57855K(57856K) From: 15920K(154624K)->15920K(154624K)
[56.819s][info][gc,heap        ] GC(252) ParOldGen: 4095844K(4096000K)->4095844K(4096000K)
[56.819s][info][gc,metaspace   ] GC(252) Metaspace: 6302K(6528K)->6302K(6528K) NonClass: 5769K(5888K)->5769K(5888K) Class: 533K(640K)->533K(640K)
[56.819s][info][gc             ] GC(252) Pause Full (Ergonomics) 4071M->4071M(4207M) 1287.395ms
[56.819s][info][gc,cpu         ] GC(252) User=9.56s Sys=0.00s Real=1.29s
[56.820s][info][gc,start       ] GC(253) Pause Full (Ergonomics)
[56.820s][info][gc,phases,start] GC(253) Marking Phase
[57.791s][info][gc,phases      ] GC(253) Marking Phase 971.584ms
[57.791s][info][gc,phases,start] GC(253) Summary Phase
[57.791s][info][gc,phases      ] GC(253) Summary Phase 0.048ms
[57.791s][info][gc,phases,start] GC(253) Adjust Roots
[57.792s][info][gc,phases      ] GC(253) Adjust Roots 0.169ms
[57.792s][info][gc,phases,start] GC(253) Compaction Phase
[58.166s][info][gc,phases      ] GC(253) Compaction Phase 374.346ms
[58.166s][info][gc,phases,start] GC(253) Post Compact
[58.172s][info][gc,phases      ] GC(253) Post Compact 6.117ms
[58.172s][info][gc,heap        ] GC(253) PSYoungGen: 73776K(212480K)->73776K(212480K) Eden: 57855K(57856K)->57855K(57856K) From: 15920K(154624K)->15920K(154624K)
[58.172s][info][gc,heap        ] GC(253) ParOldGen: 4095849K(4096000K)->4095849K(4096000K)
[58.172s][info][gc,metaspace   ] GC(253) Metaspace: 6302K(6528K)->6302K(6528K) NonClass: 5769K(5888K)->5769K(5888K) Class: 533K(640K)->533K(640K)
[58.172s][info][gc             ] GC(253) Pause Full (Ergonomics) 4071M->4071M(4207M) 1352.598ms
[58.172s][info][gc,cpu         ] GC(253) User=9.80s Sys=0.00s Real=1.35s
[58.172s][info][gc,start       ] GC(254) Pause Full (Ergonomics)
[58.172s][info][gc,phases,start] GC(254) Marking Phase
[59.124s][info][gc,phases      ] GC(254) Marking Phase 951.224ms
[59.124s][info][gc,phases,start] GC(254) Summary Phase
[59.124s][info][gc,phases      ] GC(254) Summary Phase 0.048ms
[59.124s][info][gc,phases,start] GC(254) Adjust Roots
[59.124s][info][gc,phases      ] GC(254) Adjust Roots 0.166ms
[59.124s][info][gc,phases,start] GC(254) Compaction Phase
[59.466s][info][gc,phases      ] GC(254) Compaction Phase 342.411ms
[59.466s][info][gc,phases,start] GC(254) Post Compact
[59.473s][info][gc,phases      ] GC(254) Post Compact 6.013ms
[59.473s][info][gc,heap        ] GC(254) PSYoungGen: 73776K(212480K)->73776K(212480K) Eden: 57855K(57856K)->57855K(57856K) From: 15920K(154624K)->15920K(154624K)
[59.473s][info][gc,heap        ] GC(254) ParOldGen: 4095854K(4096000K)->4095854K(4096000K)
[59.473s][info][gc,metaspace   ] GC(254) Metaspace: 6302K(6528K)->6302K(6528K) NonClass: 5769K(5888K)->5769K(5888K) Class: 533K(640K)->533K(640K)
[59.473s][info][gc             ] GC(254) Pause Full (Ergonomics) 4071M->4071M(4207M) 1300.176ms
[59.473s][info][gc,cpu         ] GC(254) User=9.36s Sys=0.03s Real=1.30s
[59.473s][info][gc,start       ] GC(255) Pause Full (Ergonomics)
[59.473s][info][gc,phases,start] GC(255) Marking Phase
[60.444s][info][gc,phases      ] GC(255) Marking Phase 971.481ms
[60.444s][info][gc,phases,start] GC(255) Summary Phase
[60.444s][info][gc,phases      ] GC(255) Summary Phase 0.048ms
[60.444s][info][gc,phases,start] GC(255) Adjust Roots
[60.445s][info][gc,phases      ] GC(255) Adjust Roots 0.162ms
[60.445s][info][gc,phases,start] GC(255) Compaction Phase
[60.770s][info][gc,phases      ] GC(255) Compaction Phase 325.689ms
[60.770s][info][gc,phases,start] GC(255) Post Compact
[60.776s][info][gc,phases      ] GC(255) Post Compact 5.927ms
[60.776s][info][gc,heap        ] GC(255) PSYoungGen: 73776K(212480K)->73776K(212480K) Eden: 57855K(57856K)->57855K(57856K) From: 15920K(154624K)->15920K(154624K)
[60.776s][info][gc,heap        ] GC(255) ParOldGen: 4095859K(4096000K)->4095859K(4096000K)
[60.776s][info][gc,metaspace   ] GC(255) Metaspace: 6302K(6528K)->6302K(6528K) NonClass: 5769K(5888K)->5769K(5888K) Class: 533K(640K)->533K(640K)
[60.776s][info][gc             ] GC(255) Pause Full (Ergonomics) 4071M->4071M(4207M) 1303.575ms
[60.776s][info][gc,cpu         ] GC(255) User=9.89s Sys=0.00s Real=1.30s
[60.777s][info][gc,start       ] GC(256) Pause Full (Ergonomics)
[60.777s][info][gc,phases,start] GC(256) Marking Phase
[61.767s][info][gc,phases      ] GC(256) Marking Phase 990.644ms
[61.767s][info][gc,phases,start] GC(256) Summary Phase
[61.767s][info][gc,phases      ] GC(256) Summary Phase 0.050ms
[61.767s][info][gc,phases,start] GC(256) Adjust Roots
[61.768s][info][gc,phases      ] GC(256) Adjust Roots 0.172ms
[61.768s][info][gc,phases,start] GC(256) Compaction Phase
[62.157s][info][gc,phases      ] GC(256) Compaction Phase 389.892ms
[62.158s][info][gc,phases,start] GC(256) Post Compact
[62.164s][info][gc,phases      ] GC(256) Post Compact 5.979ms
[62.164s][info][gc,heap        ] GC(256) PSYoungGen: 73776K(212480K)->73776K(212480K) Eden: 57855K(57856K)->57855K(57856K) From: 15920K(154624K)->15920K(154624K)
[62.164s][info][gc,heap        ] GC(256) ParOldGen: 4095864K(4096000K)->4095864K(4096000K)
[62.164s][info][gc,metaspace   ] GC(256) Metaspace: 6302K(6528K)->6302K(6528K) NonClass: 5769K(5888K)->5769K(5888K) Class: 533K(640K)->533K(640K)
[62.164s][info][gc             ] GC(256) Pause Full (Ergonomics) 4071M->4071M(4207M) 1387.052ms
[62.164s][info][gc,cpu         ] GC(256) User=9.88s Sys=0.00s Real=1.39s
[62.164s][info][gc,start       ] GC(257) Pause Full (Ergonomics)
[62.164s][info][gc,phases,start] GC(257) Marking Phase
[63.156s][info][gc,phases      ] GC(257) Marking Phase 992.587ms
[63.156s][info][gc,phases,start] GC(257) Summary Phase
[63.157s][info][gc,phases      ] GC(257) Summary Phase 0.054ms
[63.157s][info][gc,phases,start] GC(257) Adjust Roots
[63.157s][info][gc,phases      ] GC(257) Adjust Roots 0.217ms
[63.157s][info][gc,phases,start] GC(257) Compaction Phase
[63.546s][info][gc,phases      ] GC(257) Compaction Phase 389.180ms
[63.546s][info][gc,phases,start] GC(257) Post Compact
[63.552s][info][gc,phases      ] GC(257) Post Compact 6.114ms
[63.552s][info][gc,heap        ] GC(257) PSYoungGen: 73776K(212480K)->73776K(212480K) Eden: 57855K(57856K)->57855K(57856K) From: 15920K(154624K)->15920K(154624K)
[63.552s][info][gc,heap        ] GC(257) ParOldGen: 4095869K(4096000K)->4095869K(4096000K)
[63.552s][info][gc,metaspace   ] GC(257) Metaspace: 6302K(6528K)->6302K(6528K) NonClass: 5769K(5888K)->5769K(5888K) Class: 533K(640K)->533K(640K)
[63.552s][info][gc             ] GC(257) Pause Full (Ergonomics) 4071M->4071M(4207M) 1388.472ms
[63.552s][info][gc,cpu         ] GC(257) User=9.91s Sys=0.00s Real=1.39s
[63.552s][info][gc,start       ] GC(258) Pause Full (Ergonomics)
[63.552s][info][gc,phases,start] GC(258) Marking Phase
[64.544s][info][gc,phases      ] GC(258) Marking Phase 991.022ms
[64.544s][info][gc,phases,start] GC(258) Summary Phase
[64.544s][info][gc,phases      ] GC(258) Summary Phase 0.048ms
[64.544s][info][gc,phases,start] GC(258) Adjust Roots
[64.544s][info][gc,phases      ] GC(258) Adjust Roots 0.164ms
[64.544s][info][gc,phases,start] GC(258) Compaction Phase
[64.909s][info][gc,phases      ] GC(258) Compaction Phase 365.419ms
[64.909s][info][gc,phases,start] GC(258) Post Compact
[64.916s][info][gc,phases      ] GC(258) Post Compact 6.188ms
[64.916s][info][gc,heap        ] GC(258) PSYoungGen: 73776K(212480K)->73776K(212480K) Eden: 57855K(57856K)->57855K(57856K) From: 15920K(154624K)->15920K(154624K)
[64.916s][info][gc,heap        ] GC(258) ParOldGen: 4095873K(4096000K)->4095873K(4096000K)
[64.916s][info][gc,metaspace   ] GC(258) Metaspace: 6302K(6528K)->6302K(6528K) NonClass: 5769K(5888K)->5769K(5888K) Class: 533K(640K)->533K(640K)
[64.916s][info][gc             ] GC(258) Pause Full (Ergonomics) 4071M->4071M(4207M) 1363.154ms
[64.916s][info][gc,cpu         ] GC(258) User=9.73s Sys=0.00s Real=1.36s
[64.916s][info][gc,start       ] GC(259) Pause Full (Ergonomics)
[64.916s][info][gc,phases,start] GC(259) Marking Phase
[65.899s][info][gc,phases      ] GC(259) Marking Phase 982.701ms
[65.899s][info][gc,phases,start] GC(259) Summary Phase
[65.899s][info][gc,phases      ] GC(259) Summary Phase 0.049ms
[65.899s][info][gc,phases,start] GC(259) Adjust Roots
[65.899s][info][gc,phases      ] GC(259) Adjust Roots 0.164ms
[65.899s][info][gc,phases,start] GC(259) Compaction Phase
[66.218s][info][gc,phases      ] GC(259) Compaction Phase 318.711ms
[66.218s][info][gc,phases,start] GC(259) Post Compact
[66.224s][info][gc,phases      ] GC(259) Post Compact 6.004ms
[66.224s][info][gc,heap        ] GC(259) PSYoungGen: 73776K(212480K)->73776K(212480K) Eden: 57855K(57856K)->57855K(57856K) From: 15920K(154624K)->15920K(154624K)
[66.224s][info][gc,heap        ] GC(259) ParOldGen: 4095878K(4096000K)->4095878K(4096000K)
[66.224s][info][gc,metaspace   ] GC(259) Metaspace: 6302K(6528K)->6302K(6528K) NonClass: 5769K(5888K)->5769K(5888K) Class: 533K(640K)->533K(640K)
[66.224s][info][gc             ] GC(259) Pause Full (Ergonomics) 4071M->4071M(4207M) 1307.916ms
[66.224s][info][gc,cpu         ] GC(259) User=9.98s Sys=0.00s Real=1.31s
[66.224s][info][gc,start       ] GC(260) Pause Full (Ergonomics)
[66.224s][info][gc,phases,start] GC(260) Marking Phase
[67.223s][info][gc,phases      ] GC(260) Marking Phase 999.391ms
[67.223s][info][gc,phases,start] GC(260) Summary Phase
[67.223s][info][gc,phases      ] GC(260) Summary Phase 0.048ms
[67.223s][info][gc,phases,start] GC(260) Adjust Roots
[67.224s][info][gc,phases      ] GC(260) Adjust Roots 0.160ms
[67.224s][info][gc,phases,start] GC(260) Compaction Phase
[67.607s][info][gc,phases      ] GC(260) Compaction Phase 383.116ms
[67.607s][info][gc,phases,start] GC(260) Post Compact
[67.613s][info][gc,phases      ] GC(260) Post Compact 5.935ms
[67.613s][info][gc,heap        ] GC(260) PSYoungGen: 73776K(212480K)->73776K(212480K) Eden: 57855K(57856K)->57855K(57856K) From: 15920K(154624K)->15920K(154624K)
[67.613s][info][gc,heap        ] GC(260) ParOldGen: 4095883K(4096000K)->4095883K(4096000K)
[67.613s][info][gc,metaspace   ] GC(260) Metaspace: 6302K(6528K)->6302K(6528K) NonClass: 5769K(5888K)->5769K(5888K) Class: 533K(640K)->533K(640K)
[67.613s][info][gc             ] GC(260) Pause Full (Ergonomics) 4071M->4071M(4207M) 1388.919ms
[67.613s][info][gc,cpu         ] GC(260) User=9.97s Sys=0.00s Real=1.39s
[67.613s][info][gc,start       ] GC(261) Pause Full (Ergonomics)
[67.613s][info][gc,phases,start] GC(261) Marking Phase
[68.600s][info][gc,phases      ] GC(261) Marking Phase 987.080ms
[68.600s][info][gc,phases,start] GC(261) Summary Phase
[68.600s][info][gc,phases      ] GC(261) Summary Phase 0.051ms
[68.600s][info][gc,phases,start] GC(261) Adjust Roots
[68.600s][info][gc,phases      ] GC(261) Adjust Roots 0.209ms
[68.600s][info][gc,phases,start] GC(261) Compaction Phase
[68.950s][info][gc,phases      ] GC(261) Compaction Phase 349.939ms
[68.950s][info][gc,phases,start] GC(261) Post Compact
[68.957s][info][gc,phases      ] GC(261) Post Compact 6.113ms
[68.957s][info][gc,heap        ] GC(261) PSYoungGen: 73776K(212480K)->73776K(212480K) Eden: 57855K(57856K)->57855K(57856K) From: 15920K(154624K)->15920K(154624K)
[68.957s][info][gc,heap        ] GC(261) ParOldGen: 4095888K(4096000K)->4095888K(4096000K)
[68.957s][info][gc,metaspace   ] GC(261) Metaspace: 6302K(6528K)->6302K(6528K) NonClass: 5769K(5888K)->5769K(5888K) Class: 533K(640K)->533K(640K)
[68.957s][info][gc             ] GC(261) Pause Full (Ergonomics) 4071M->4071M(4207M) 1343.661ms
[68.957s][info][gc,cpu         ] GC(261) User=9.81s Sys=0.00s Real=1.34s
[68.957s][info][gc,start       ] GC(262) Pause Full (Ergonomics)
[68.957s][info][gc,phases,start] GC(262) Marking Phase
[69.954s][info][gc,phases      ] GC(262) Marking Phase 997.651ms
[69.955s][info][gc,phases,start] GC(262) Summary Phase
[69.955s][info][gc,phases      ] GC(262) Summary Phase 0.054ms
[69.955s][info][gc,phases,start] GC(262) Adjust Roots
[69.955s][info][gc,phases      ] GC(262) Adjust Roots 0.205ms
[69.955s][info][gc,phases,start] GC(262) Compaction Phase
[70.351s][info][gc,phases      ] GC(262) Compaction Phase 395.776ms
[70.351s][info][gc,phases,start] GC(262) Post Compact
[70.357s][info][gc,phases      ] GC(262) Post Compact 6.030ms
[70.357s][info][gc,heap        ] GC(262) PSYoungGen: 73776K(212480K)->73776K(212480K) Eden: 57855K(57856K)->57855K(57856K) From: 15920K(154624K)->15920K(154624K)
[70.357s][info][gc,heap        ] GC(262) ParOldGen: 4095893K(4096000K)->4095893K(4096000K)
[70.357s][info][gc,metaspace   ] GC(262) Metaspace: 6302K(6528K)->6302K(6528K) NonClass: 5769K(5888K)->5769K(5888K) Class: 533K(640K)->533K(640K)
[70.357s][info][gc             ] GC(262) Pause Full (Ergonomics) 4071M->4071M(4207M) 1400.044ms
[70.357s][info][gc,cpu         ] GC(262) User=10.16s Sys=0.00s Real=1.40s
[70.357s][info][gc,start       ] GC(263) Pause Full (Ergonomics)
[70.357s][info][gc,phases,start] GC(263) Marking Phase
[71.360s][info][gc,phases      ] GC(263) Marking Phase 1003.275ms
[71.360s][info][gc,phases,start] GC(263) Summary Phase
[71.360s][info][gc,phases      ] GC(263) Summary Phase 0.048ms
[71.360s][info][gc,phases,start] GC(263) Adjust Roots
[71.361s][info][gc,phases      ] GC(263) Adjust Roots 0.169ms
[71.361s][info][gc,phases,start] GC(263) Compaction Phase
[71.681s][info][gc,phases      ] GC(263) Compaction Phase 320.184ms
[71.681s][info][gc,phases,start] GC(263) Post Compact
[71.687s][info][gc,phases      ] GC(263) Post Compact 6.242ms
[71.687s][info][gc,heap        ] GC(263) PSYoungGen: 73776K(212480K)->73776K(212480K) Eden: 57855K(57856K)->57855K(57856K) From: 15920K(154624K)->15920K(154624K)
[71.687s][info][gc,heap        ] GC(263) ParOldGen: 4095898K(4096000K)->4095898K(4096000K)
[71.687s][info][gc,metaspace   ] GC(263) Metaspace: 6302K(6528K)->6302K(6528K) NonClass: 5769K(5888K)->5769K(5888K) Class: 533K(640K)->533K(640K)
[71.687s][info][gc             ] GC(263) Pause Full (Ergonomics) 4071M->4071M(4207M) 1330.240ms
[71.687s][info][gc,cpu         ] GC(263) User=9.88s Sys=0.02s Real=1.33s
[71.687s][info][gc,start       ] GC(264) Pause Full (Ergonomics)
[71.688s][info][gc,phases,start] GC(264) Marking Phase
[72.705s][info][gc,phases      ] GC(264) Marking Phase 1017.383ms
[72.705s][info][gc,phases,start] GC(264) Summary Phase
[72.705s][info][gc,phases      ] GC(264) Summary Phase 0.051ms
[72.705s][info][gc,phases,start] GC(264) Adjust Roots
[72.705s][info][gc,phases      ] GC(264) Adjust Roots 0.222ms
[72.705s][info][gc,phases,start] GC(264) Compaction Phase
[73.036s][info][gc,phases      ] GC(264) Compaction Phase 330.608ms
[73.036s][info][gc,phases,start] GC(264) Post Compact
[73.042s][info][gc,phases      ] GC(264) Post Compact 6.065ms
[73.042s][info][gc,heap        ] GC(264) PSYoungGen: 73776K(212480K)->73776K(212480K) Eden: 57855K(57856K)->57855K(57856K) From: 15920K(154624K)->15920K(154624K)
[73.042s][info][gc,heap        ] GC(264) ParOldGen: 4095902K(4096000K)->4095902K(4096000K)
[73.042s][info][gc,metaspace   ] GC(264) Metaspace: 6302K(6528K)->6302K(6528K) NonClass: 5769K(5888K)->5769K(5888K) Class: 533K(640K)->533K(640K)
[73.042s][info][gc             ] GC(264) Pause Full (Ergonomics) 4071M->4071M(4207M) 1354.644ms
[73.042s][info][gc,cpu         ] GC(264) User=10.16s Sys=0.00s Real=1.35s
[73.042s][info][gc,start       ] GC(265) Pause Full (Ergonomics)
[73.042s][info][gc,phases,start] GC(265) Marking Phase
[74.066s][info][gc,phases      ] GC(265) Marking Phase 1023.243ms
[74.066s][info][gc,phases,start] GC(265) Summary Phase
[74.066s][info][gc,phases      ] GC(265) Summary Phase 0.051ms
[74.066s][info][gc,phases,start] GC(265) Adjust Roots
[74.066s][info][gc,phases      ] GC(265) Adjust Roots 0.306ms
[74.066s][info][gc,phases,start] GC(265) Compaction Phase
[74.393s][info][gc,phases      ] GC(265) Compaction Phase 326.418ms
[74.393s][info][gc,phases,start] GC(265) Post Compact
[74.399s][info][gc,phases      ] GC(265) Post Compact 6.249ms
[74.399s][info][gc,heap        ] GC(265) PSYoungGen: 73776K(212480K)->73776K(212480K) Eden: 57855K(57856K)->57855K(57856K) From: 15920K(154624K)->15920K(154624K)
[74.399s][info][gc,heap        ] GC(265) ParOldGen: 4095907K(4096000K)->4095907K(4096000K)
[74.399s][info][gc,metaspace   ] GC(265) Metaspace: 6302K(6528K)->6302K(6528K) NonClass: 5769K(5888K)->5769K(5888K) Class: 533K(640K)->533K(640K)
[74.399s][info][gc             ] GC(265) Pause Full (Ergonomics) 4071M->4071M(4207M) 1356.577ms
[74.399s][info][gc,cpu         ] GC(265) User=10.23s Sys=0.02s Real=1.36s
[74.399s][info][gc,start       ] GC(266) Pause Full (Ergonomics)
[74.399s][info][gc,phases,start] GC(266) Marking Phase
[75.430s][info][gc,phases      ] GC(266) Marking Phase 1030.696ms
[75.430s][info][gc,phases,start] GC(266) Summary Phase
[75.430s][info][gc,phases      ] GC(266) Summary Phase 0.047ms
[75.430s][info][gc,phases,start] GC(266) Adjust Roots
[75.430s][info][gc,phases      ] GC(266) Adjust Roots 0.169ms
[75.430s][info][gc,phases,start] GC(266) Compaction Phase
[75.790s][info][gc,phases      ] GC(266) Compaction Phase 360.123ms
[75.790s][info][gc,phases,start] GC(266) Post Compact
[75.796s][info][gc,phases      ] GC(266) Post Compact 5.955ms
[75.796s][info][gc,heap        ] GC(266) PSYoungGen: 73776K(212480K)->73776K(212480K) Eden: 57855K(57856K)->57855K(57856K) From: 15920K(154624K)->15920K(154624K)
[75.796s][info][gc,heap        ] GC(266) ParOldGen: 4095912K(4096000K)->4095912K(4096000K)
[75.796s][info][gc,metaspace   ] GC(266) Metaspace: 6302K(6528K)->6302K(6528K) NonClass: 5769K(5888K)->5769K(5888K) Class: 533K(640K)->533K(640K)
[75.796s][info][gc             ] GC(266) Pause Full (Ergonomics) 4071M->4071M(4207M) 1397.269ms
[75.796s][info][gc,cpu         ] GC(266) User=10.41s Sys=0.00s Real=1.40s
[75.797s][info][gc,start       ] GC(267) Pause Full (Ergonomics)
[75.797s][info][gc,phases,start] GC(267) Marking Phase
[76.807s][info][gc,phases      ] GC(267) Marking Phase 1010.660ms
[76.807s][info][gc,phases,start] GC(267) Summary Phase
[76.807s][info][gc,phases      ] GC(267) Summary Phase 0.070ms
[76.807s][info][gc,phases,start] GC(267) Adjust Roots
[76.808s][info][gc,phases      ] GC(267) Adjust Roots 0.271ms
[76.808s][info][gc,phases,start] GC(267) Compaction Phase
[77.142s][info][gc,phases      ] GC(267) Compaction Phase 334.219ms
[77.142s][info][gc,phases,start] GC(267) Post Compact
[77.148s][info][gc,phases      ] GC(267) Post Compact 6.200ms
[77.148s][info][gc,heap        ] GC(267) PSYoungGen: 73776K(212480K)->73776K(212480K) Eden: 57855K(57856K)->57855K(57856K) From: 15920K(154624K)->15920K(154624K)
[77.148s][info][gc,heap        ] GC(267) ParOldGen: 4095917K(4096000K)->4095917K(4096000K)
[77.148s][info][gc,metaspace   ] GC(267) Metaspace: 6302K(6528K)->6302K(6528K) NonClass: 5769K(5888K)->5769K(5888K) Class: 533K(640K)->533K(640K)
[77.148s][info][gc             ] GC(267) Pause Full (Ergonomics) 4071M->4071M(4207M) 1351.755ms
[77.148s][info][gc,cpu         ] GC(267) User=10.14s Sys=0.03s Real=1.35s
[77.149s][info][gc,start       ] GC(268) Pause Full (Ergonomics)
[77.149s][info][gc,phases,start] GC(268) Marking Phase
[78.162s][info][gc,phases      ] GC(268) Marking Phase 1013.017ms
[78.162s][info][gc,phases,start] GC(268) Summary Phase
[78.162s][info][gc,phases      ] GC(268) Summary Phase 0.052ms
[78.162s][info][gc,phases,start] GC(268) Adjust Roots
[78.162s][info][gc,phases      ] GC(268) Adjust Roots 0.164ms
[78.162s][info][gc,phases,start] GC(268) Compaction Phase
[78.527s][info][gc,phases      ] GC(268) Compaction Phase 365.229ms
[78.527s][info][gc,phases,start] GC(268) Post Compact
[78.533s][info][gc,phases      ] GC(268) Post Compact 6.095ms
[78.533s][info][gc,heap        ] GC(268) PSYoungGen: 73776K(212480K)->73776K(212480K) Eden: 57855K(57856K)->57855K(57856K) From: 15920K(154624K)->15920K(154624K)
[78.533s][info][gc,heap        ] GC(268) ParOldGen: 4095922K(4096000K)->4095922K(4096000K)
[78.533s][info][gc,metaspace   ] GC(268) Metaspace: 6302K(6528K)->6302K(6528K) NonClass: 5769K(5888K)->5769K(5888K) Class: 533K(640K)->533K(640K)
[78.533s][info][gc             ] GC(268) Pause Full (Ergonomics) 4071M->4071M(4207M) 1384.862ms
[78.533s][info][gc,cpu         ] GC(268) User=10.16s Sys=0.02s Real=1.38s
[78.534s][info][gc,start       ] GC(269) Pause Full (Ergonomics)
[78.534s][info][gc,phases,start] GC(269) Marking Phase
[79.545s][info][gc,phases      ] GC(269) Marking Phase 1011.029ms
[79.545s][info][gc,phases,start] GC(269) Summary Phase
[79.545s][info][gc,phases      ] GC(269) Summary Phase 0.068ms
[79.545s][info][gc,phases,start] GC(269) Adjust Roots
[79.545s][info][gc,phases      ] GC(269) Adjust Roots 0.184ms
[79.545s][info][gc,phases,start] GC(269) Compaction Phase
[79.951s][info][gc,phases      ] GC(269) Compaction Phase 406.286ms
[79.951s][info][gc,phases,start] GC(269) Post Compact
[79.957s][info][gc,phases      ] GC(269) Post Compact 6.031ms
[79.957s][info][gc,heap        ] GC(269) PSYoungGen: 73776K(212480K)->73776K(212480K) Eden: 57855K(57856K)->57855K(57856K) From: 15920K(154624K)->15920K(154624K)
[79.958s][info][gc,heap        ] GC(269) ParOldGen: 4095927K(4096000K)->4095927K(4096000K)
[79.958s][info][gc,metaspace   ] GC(269) Metaspace: 6302K(6528K)->6302K(6528K) NonClass: 5769K(5888K)->5769K(5888K) Class: 533K(640K)->533K(640K)
[79.958s][info][gc             ] GC(269) Pause Full (Ergonomics) 4071M->4071M(4207M) 1423.952ms
[79.958s][info][gc,cpu         ] GC(269) User=10.09s Sys=0.00s Real=1.42s
[79.958s][info][gc,start       ] GC(270) Pause Full (Ergonomics)
[79.958s][info][gc,phases,start] GC(270) Marking Phase
[80.971s][info][gc,phases      ] GC(270) Marking Phase 1013.321ms
[80.971s][info][gc,phases,start] GC(270) Summary Phase
[80.971s][info][gc,phases      ] GC(270) Summary Phase 0.047ms
[80.971s][info][gc,phases,start] GC(270) Adjust Roots
[80.971s][info][gc,phases      ] GC(270) Adjust Roots 0.169ms
[80.971s][info][gc,phases,start] GC(270) Compaction Phase
[81.285s][info][gc,phases      ] GC(270) Compaction Phase 313.733ms
[81.285s][info][gc,phases,start] GC(270) Post Compact
[81.292s][info][gc,phases      ] GC(270) Post Compact 6.429ms
[81.292s][info][gc,heap        ] GC(270) PSYoungGen: 73776K(212480K)->73776K(212480K) Eden: 57855K(57856K)->57855K(57856K) From: 15920K(154624K)->15920K(154624K)
[81.292s][info][gc,heap        ] GC(270) ParOldGen: 4095931K(4096000K)->4095931K(4096000K)
[81.292s][info][gc,metaspace   ] GC(270) Metaspace: 6302K(6528K)->6302K(6528K) NonClass: 5769K(5888K)->5769K(5888K) Class: 533K(640K)->533K(640K)
[81.292s][info][gc             ] GC(270) Pause Full (Ergonomics) 4071M->4071M(4207M) 1334.027ms
[81.292s][info][gc,cpu         ] GC(270) User=10.17s Sys=0.00s Real=1.33s
[81.292s][info][gc,start       ] GC(271) Pause Full (Ergonomics)
[81.292s][info][gc,phases,start] GC(271) Marking Phase
[82.316s][info][gc,phases      ] GC(271) Marking Phase 1023.806ms
[82.316s][info][gc,phases,start] GC(271) Summary Phase
[82.316s][info][gc,phases      ] GC(271) Summary Phase 0.055ms
[82.316s][info][gc,phases,start] GC(271) Adjust Roots
[82.316s][info][gc,phases      ] GC(271) Adjust Roots 0.169ms
[82.316s][info][gc,phases,start] GC(271) Compaction Phase
[82.654s][info][gc,phases      ] GC(271) Compaction Phase 337.716ms
[82.654s][info][gc,phases,start] GC(271) Post Compact
[82.660s][info][gc,phases      ] GC(271) Post Compact 5.942ms
[82.660s][info][gc,heap        ] GC(271) PSYoungGen: 73776K(212480K)->73776K(212480K) Eden: 57855K(57856K)->57855K(57856K) From: 15920K(154624K)->15920K(154624K)
[82.660s][info][gc,heap        ] GC(271) ParOldGen: 4095936K(4096000K)->4095936K(4096000K)
[82.660s][info][gc,metaspace   ] GC(271) Metaspace: 6302K(6528K)->6302K(6528K) NonClass: 5769K(5888K)->5769K(5888K) Class: 533K(640K)->533K(640K)
[82.660s][info][gc             ] GC(271) Pause Full (Ergonomics) 4071M->4071M(4207M) 1367.958ms
[82.660s][info][gc,cpu         ] GC(271) User=10.23s Sys=0.00s Real=1.37s
[82.660s][info][gc,start       ] GC(272) Pause Full (Ergonomics)
[82.660s][info][gc,phases,start] GC(272) Marking Phase
[83.680s][info][gc,phases      ] GC(272) Marking Phase 1020.019ms
[83.680s][info][gc,phases,start] GC(272) Summary Phase
[83.680s][info][gc,phases      ] GC(272) Summary Phase 0.049ms
[83.680s][info][gc,phases,start] GC(272) Adjust Roots
[83.680s][info][gc,phases      ] GC(272) Adjust Roots 0.163ms
[83.680s][info][gc,phases,start] GC(272) Compaction Phase
[84.053s][info][gc,phases      ] GC(272) Compaction Phase 372.221ms
[84.053s][info][gc,phases,start] GC(272) Post Compact
[84.059s][info][gc,phases      ] GC(272) Post Compact 5.968ms
[84.059s][info][gc,heap        ] GC(272) PSYoungGen: 73776K(212480K)->73776K(212480K) Eden: 57855K(57856K)->57855K(57856K) From: 15920K(154624K)->15920K(154624K)
[84.059s][info][gc,heap        ] GC(272) ParOldGen: 4095941K(4096000K)->4095941K(4096000K)
[84.059s][info][gc,metaspace   ] GC(272) Metaspace: 6302K(6528K)->6302K(6528K) NonClass: 5769K(5888K)->5769K(5888K) Class: 533K(640K)->533K(640K)
[84.059s][info][gc             ] GC(272) Pause Full (Ergonomics) 4071M->4071M(4207M) 1398.726ms
[84.059s][info][gc,cpu         ] GC(272) User=10.17s Sys=0.00s Real=1.40s
[84.059s][info][gc,start       ] GC(273) Pause Full (Ergonomics)
[84.059s][info][gc,phases,start] GC(273) Marking Phase
[85.062s][info][gc,phases      ] GC(273) Marking Phase 1003.354ms
[85.062s][info][gc,phases,start] GC(273) Summary Phase
[85.063s][info][gc,phases      ] GC(273) Summary Phase 0.052ms
[85.063s][info][gc,phases,start] GC(273) Adjust Roots
[85.063s][info][gc,phases      ] GC(273) Adjust Roots 0.184ms
[85.063s][info][gc,phases,start] GC(273) Compaction Phase
[85.456s][info][gc,phases      ] GC(273) Compaction Phase 392.699ms
[85.456s][info][gc,phases,start] GC(273) Post Compact
[85.461s][info][gc,phases      ] GC(273) Post Compact 5.889ms
[85.461s][info][gc,heap        ] GC(273) PSYoungGen: 73776K(212480K)->73776K(212480K) Eden: 57855K(57856K)->57855K(57856K) From: 15920K(154624K)->15920K(154624K)
[85.462s][info][gc,heap        ] GC(273) ParOldGen: 4095946K(4096000K)->4095946K(4096000K)
[85.462s][info][gc,metaspace   ] GC(273) Metaspace: 6302K(6528K)->6302K(6528K) NonClass: 5769K(5888K)->5769K(5888K) Class: 533K(640K)->533K(640K)
[85.462s][info][gc             ] GC(273) Pause Full (Ergonomics) 4071M->4071M(4207M) 1402.496ms
[85.462s][info][gc,cpu         ] GC(273) User=10.02s Sys=0.00s Real=1.40s
[85.462s][info][gc,start       ] GC(274) Pause Full (Ergonomics)
[85.462s][info][gc,phases,start] GC(274) Marking Phase
[86.468s][info][gc,phases      ] GC(274) Marking Phase 1005.961ms
[86.468s][info][gc,phases,start] GC(274) Summary Phase
[86.468s][info][gc,phases      ] GC(274) Summary Phase 0.047ms
[86.468s][info][gc,phases,start] GC(274) Adjust Roots
[86.468s][info][gc,phases      ] GC(274) Adjust Roots 0.178ms
[86.468s][info][gc,phases,start] GC(274) Compaction Phase
[86.804s][info][gc,phases      ] GC(274) Compaction Phase 335.603ms
[86.804s][info][gc,phases,start] GC(274) Post Compact
[86.810s][info][gc,phases      ] GC(274) Post Compact 6.057ms
[86.810s][info][gc,heap        ] GC(274) PSYoungGen: 73776K(212480K)->73776K(212480K) Eden: 57855K(57856K)->57855K(57856K) From: 15920K(154624K)->15920K(154624K)
[86.810s][info][gc,heap        ] GC(274) ParOldGen: 4095951K(4096000K)->4095951K(4096000K)
[86.810s][info][gc,metaspace   ] GC(274) Metaspace: 6302K(6528K)->6302K(6528K) NonClass: 5769K(5888K)->5769K(5888K) Class: 533K(640K)->533K(640K)
[86.810s][info][gc             ] GC(274) Pause Full (Ergonomics) 4071M->4071M(4207M) 1348.152ms
[86.810s][info][gc,cpu         ] GC(274) User=10.02s Sys=0.03s Real=1.35s
[86.810s][info][gc,start       ] GC(275) Pause Full (Ergonomics)
[86.810s][info][gc,phases,start] GC(275) Marking Phase
[87.817s][info][gc,phases      ] GC(275) Marking Phase 1006.635ms
[87.817s][info][gc,phases,start] GC(275) Summary Phase
[87.817s][info][gc,phases      ] GC(275) Summary Phase 0.046ms
[87.817s][info][gc,phases,start] GC(275) Adjust Roots
[87.817s][info][gc,phases      ] GC(275) Adjust Roots 0.175ms
[87.817s][info][gc,phases,start] GC(275) Compaction Phase
[88.192s][info][gc,phases      ] GC(275) Compaction Phase 374.863ms
[88.192s][info][gc,phases,start] GC(275) Post Compact
[88.198s][info][gc,phases      ] GC(275) Post Compact 6.092ms
[88.198s][info][gc,heap        ] GC(275) PSYoungGen: 73776K(212480K)->73776K(212480K) Eden: 57855K(57856K)->57855K(57856K) From: 15920K(154624K)->15920K(154624K)
[88.198s][info][gc,heap        ] GC(275) ParOldGen: 4095956K(4096000K)->4095956K(4096000K)
[88.198s][info][gc,metaspace   ] GC(275) Metaspace: 6302K(6528K)->6302K(6528K) NonClass: 5769K(5888K)->5769K(5888K) Class: 533K(640K)->533K(640K)
[88.198s][info][gc             ] GC(275) Pause Full (Ergonomics) 4072M->4072M(4207M) 1388.104ms
[88.198s][info][gc,cpu         ] GC(275) User=9.95s Sys=0.02s Real=1.39s
[88.198s][info][gc,start       ] GC(276) Pause Full (Ergonomics)
[88.198s][info][gc,phases,start] GC(276) Marking Phase
[89.195s][info][gc,phases      ] GC(276) Marking Phase 996.152ms
[89.195s][info][gc,phases,start] GC(276) Summary Phase
[89.195s][info][gc,phases      ] GC(276) Summary Phase 0.048ms
[89.195s][info][gc,phases,start] GC(276) Adjust Roots
[89.195s][info][gc,phases      ] GC(276) Adjust Roots 0.167ms
[89.195s][info][gc,phases,start] GC(276) Compaction Phase
[89.546s][info][gc,phases      ] GC(276) Compaction Phase 351.570ms
[89.546s][info][gc,phases,start] GC(276) Post Compact
[89.553s][info][gc,phases      ] GC(276) Post Compact 6.363ms
[89.553s][info][gc,heap        ] GC(276) PSYoungGen: 73776K(212480K)->73776K(212480K) Eden: 57855K(57856K)->57855K(57856K) From: 15920K(154624K)->15920K(154624K)
[89.553s][info][gc,heap        ] GC(276) ParOldGen: 4095960K(4096000K)->4095960K(4096000K)
[89.553s][info][gc,metaspace   ] GC(276) Metaspace: 6302K(6528K)->6302K(6528K) NonClass: 5769K(5888K)->5769K(5888K) Class: 533K(640K)->533K(640K)
[89.553s][info][gc             ] GC(276) Pause Full (Ergonomics) 4072M->4072M(4207M) 1354.593ms
[89.553s][info][gc,cpu         ] GC(276) User=10.16s Sys=0.00s Real=1.35s
[89.553s][info][gc,start       ] GC(277) Pause Full (Ergonomics)
[89.553s][info][gc,phases,start] GC(277) Marking Phase
[90.561s][info][gc,phases      ] GC(277) Marking Phase 1008.000ms
[90.561s][info][gc,phases,start] GC(277) Summary Phase
[90.561s][info][gc,phases      ] GC(277) Summary Phase 0.048ms
[90.561s][info][gc,phases,start] GC(277) Adjust Roots
[90.561s][info][gc,phases      ] GC(277) Adjust Roots 0.162ms
[90.561s][info][gc,phases,start] GC(277) Compaction Phase
[90.899s][info][gc,phases      ] GC(277) Compaction Phase 337.165ms
[90.899s][info][gc,phases,start] GC(277) Post Compact
[90.905s][info][gc,phases      ] GC(277) Post Compact 5.959ms
[90.905s][info][gc,heap        ] GC(277) PSYoungGen: 73776K(212480K)->73776K(212480K) Eden: 57855K(57856K)->57855K(57856K) From: 15920K(154624K)->15920K(154624K)
[90.905s][info][gc,heap        ] GC(277) ParOldGen: 4095965K(4096000K)->4095965K(4096000K)
[90.905s][info][gc,metaspace   ] GC(277) Metaspace: 6302K(6528K)->6302K(6528K) NonClass: 5769K(5888K)->5769K(5888K) Class: 533K(640K)->533K(640K)
[90.905s][info][gc             ] GC(277) Pause Full (Ergonomics) 4072M->4072M(4207M) 1351.612ms
[90.905s][info][gc,cpu         ] GC(277) User=10.08s Sys=0.00s Real=1.35s
[90.905s][info][gc,start       ] GC(278) Pause Full (Ergonomics)
[90.905s][info][gc,phases,start] GC(278) Marking Phase
[91.937s][info][gc,phases      ] GC(278) Marking Phase 1032.264ms
[91.937s][info][gc,phases,start] GC(278) Summary Phase
[91.937s][info][gc,phases      ] GC(278) Summary Phase 0.048ms
[91.937s][info][gc,phases,start] GC(278) Adjust Roots
[91.938s][info][gc,phases      ] GC(278) Adjust Roots 0.166ms
[91.938s][info][gc,phases,start] GC(278) Compaction Phase
[92.280s][info][gc,phases      ] GC(278) Compaction Phase 341.987ms
[92.280s][info][gc,phases,start] GC(278) Post Compact
[92.286s][info][gc,phases      ] GC(278) Post Compact 6.062ms
[92.286s][info][gc,heap        ] GC(278) PSYoungGen: 73776K(212480K)->73776K(212480K) Eden: 57855K(57856K)->57855K(57856K) From: 15920K(154624K)->15920K(154624K)
[92.286s][info][gc,heap        ] GC(278) ParOldGen: 4095970K(4096000K)->4095970K(4096000K)
[92.286s][info][gc,metaspace   ] GC(278) Metaspace: 6302K(6528K)->6302K(6528K) NonClass: 5769K(5888K)->5769K(5888K) Class: 533K(640K)->533K(640K)
[92.286s][info][gc             ] GC(278) Pause Full (Ergonomics) 4072M->4072M(4207M) 1380.837ms
[92.286s][info][gc,cpu         ] GC(278) User=10.20s Sys=0.00s Real=1.38s
[92.286s][info][gc,start       ] GC(279) Pause Full (Ergonomics)
[92.286s][info][gc,phases,start] GC(279) Marking Phase
[93.316s][info][gc,phases      ] GC(279) Marking Phase 1030.026ms
[93.316s][info][gc,phases,start] GC(279) Summary Phase
[93.316s][info][gc,phases      ] GC(279) Summary Phase 0.047ms
[93.316s][info][gc,phases,start] GC(279) Adjust Roots
[93.316s][info][gc,phases      ] GC(279) Adjust Roots 0.165ms
[93.316s][info][gc,phases,start] GC(279) Compaction Phase
[93.653s][info][gc,phases      ] GC(279) Compaction Phase 336.228ms
[93.653s][info][gc,phases,start] GC(279) Post Compact
[93.659s][info][gc,phases      ] GC(279) Post Compact 6.182ms
[93.659s][info][gc,heap        ] GC(279) PSYoungGen: 73776K(212480K)->73776K(212480K) Eden: 57855K(57856K)->57855K(57856K) From: 15920K(154624K)->15920K(154624K)
[93.659s][info][gc,heap        ] GC(279) ParOldGen: 4095975K(4096000K)->4095975K(4096000K)
[93.659s][info][gc,metaspace   ] GC(279) Metaspace: 6302K(6528K)->6302K(6528K) NonClass: 5769K(5888K)->5769K(5888K) Class: 533K(640K)->533K(640K)
[93.659s][info][gc             ] GC(279) Pause Full (Ergonomics) 4072M->4072M(4207M) 1372.942ms
[93.659s][info][gc,cpu         ] GC(279) User=10.30s Sys=0.00s Real=1.37s
[93.659s][info][gc,start       ] GC(280) Pause Full (Ergonomics)
[93.659s][info][gc,phases,start] GC(280) Marking Phase
[94.675s][info][gc,phases      ] GC(280) Marking Phase 1016.016ms
[94.675s][info][gc,phases,start] GC(280) Summary Phase
[94.675s][info][gc,phases      ] GC(280) Summary Phase 0.053ms
[94.675s][info][gc,phases,start] GC(280) Adjust Roots
[94.675s][info][gc,phases      ] GC(280) Adjust Roots 0.166ms
[94.675s][info][gc,phases,start] GC(280) Compaction Phase
[95.037s][info][gc,phases      ] GC(280) Compaction Phase 361.026ms
[95.037s][info][gc,phases,start] GC(280) Post Compact
[95.043s][info][gc,phases      ] GC(280) Post Compact 5.964ms
[95.043s][info][gc,heap        ] GC(280) PSYoungGen: 73776K(212480K)->73776K(212480K) Eden: 57855K(57856K)->57855K(57856K) From: 15920K(154624K)->15920K(154624K)
[95.043s][info][gc,heap        ] GC(280) ParOldGen: 4095980K(4096000K)->4095980K(4096000K)
[95.043s][info][gc,metaspace   ] GC(280) Metaspace: 6302K(6528K)->6302K(6528K) NonClass: 5769K(5888K)->5769K(5888K) Class: 533K(640K)->533K(640K)
[95.043s][info][gc             ] GC(280) Pause Full (Ergonomics) 4072M->4072M(4207M) 1383.513ms
[95.043s][info][gc,cpu         ] GC(280) User=10.17s Sys=0.00s Real=1.38s
[95.043s][info][gc,start       ] GC(281) Pause Full (Ergonomics)
[95.043s][info][gc,phases,start] GC(281) Marking Phase
[96.066s][info][gc,phases      ] GC(281) Marking Phase 1023.159ms
[96.066s][info][gc,phases,start] GC(281) Summary Phase
[96.066s][info][gc,phases      ] GC(281) Summary Phase 0.048ms
[96.066s][info][gc,phases,start] GC(281) Adjust Roots
[96.066s][info][gc,phases      ] GC(281) Adjust Roots 0.172ms
[96.066s][info][gc,phases,start] GC(281) Compaction Phase
[96.410s][info][gc,phases      ] GC(281) Compaction Phase 343.729ms
[96.410s][info][gc,phases,start] GC(281) Post Compact
[96.416s][info][gc,phases      ] GC(281) Post Compact 5.998ms
[96.416s][info][gc,heap        ] GC(281) PSYoungGen: 73776K(212480K)->73776K(212480K) Eden: 57855K(57856K)->57855K(57856K) From: 15920K(154624K)->15920K(154624K)
[96.416s][info][gc,heap        ] GC(281) ParOldGen: 4095985K(4096000K)->4095985K(4096000K)
[96.416s][info][gc,metaspace   ] GC(281) Metaspace: 6302K(6528K)->6302K(6528K) NonClass: 5769K(5888K)->5769K(5888K) Class: 533K(640K)->533K(640K)
[96.416s][info][gc             ] GC(281) Pause Full (Ergonomics) 4072M->4072M(4207M) 1373.394ms
[96.416s][info][gc,cpu         ] GC(281) User=10.19s Sys=0.00s Real=1.37s
[96.416s][info][gc,start       ] GC(282) Pause Full (Ergonomics)
[96.416s][info][gc,phases,start] GC(282) Marking Phase
[97.426s][info][gc,phases      ] GC(282) Marking Phase 1009.538ms
[97.426s][info][gc,phases,start] GC(282) Summary Phase
[97.426s][info][gc,phases      ] GC(282) Summary Phase 0.048ms
[97.426s][info][gc,phases,start] GC(282) Adjust Roots
[97.426s][info][gc,phases      ] GC(282) Adjust Roots 0.168ms
[97.426s][info][gc,phases,start] GC(282) Compaction Phase
[97.761s][info][gc,phases      ] GC(282) Compaction Phase 335.096ms
[97.761s][info][gc,phases,start] GC(282) Post Compact
[97.767s][info][gc,phases      ] GC(282) Post Compact 5.967ms
[97.767s][info][gc,heap        ] GC(282) PSYoungGen: 73776K(212480K)->73776K(212480K) Eden: 57855K(57856K)->57855K(57856K) From: 15920K(154624K)->15920K(154624K)
[97.767s][info][gc,heap        ] GC(282) ParOldGen: 4095989K(4096000K)->4095989K(4096000K)
[97.767s][info][gc,metaspace   ] GC(282) Metaspace: 6302K(6528K)->6302K(6528K) NonClass: 5769K(5888K)->5769K(5888K) Class: 533K(640K)->533K(640K)
[97.768s][info][gc             ] GC(282) Pause Full (Ergonomics) 4072M->4072M(4207M) 1351.097ms
[97.768s][info][gc,cpu         ] GC(282) User=10.16s Sys=0.00s Real=1.35s
[97.768s][info][gc,start       ] GC(283) Pause Full (Ergonomics)
[97.768s][info][gc,phases,start] GC(283) Marking Phase
[98.798s][info][gc,phases      ] GC(283) Marking Phase 1030.315ms
[98.798s][info][gc,phases,start] GC(283) Summary Phase
[98.798s][info][gc,phases      ] GC(283) Summary Phase 0.048ms
[98.798s][info][gc,phases,start] GC(283) Adjust Roots
[98.798s][info][gc,phases      ] GC(283) Adjust Roots 0.163ms
[98.798s][info][gc,phases,start] GC(283) Compaction Phase
[99.123s][info][gc,phases      ] GC(283) Compaction Phase 324.787ms
[99.123s][info][gc,phases,start] GC(283) Post Compact
[99.129s][info][gc,phases      ] GC(283) Post Compact 6.104ms
[99.129s][info][gc,heap        ] GC(283) PSYoungGen: 73776K(212480K)->73776K(212480K) Eden: 57855K(57856K)->57855K(57856K) From: 15920K(154624K)->15920K(154624K)
[99.129s][info][gc,heap        ] GC(283) ParOldGen: 4095994K(4096000K)->4095994K(4096000K)
[99.129s][info][gc,metaspace   ] GC(283) Metaspace: 6302K(6528K)->6302K(6528K) NonClass: 5769K(5888K)->5769K(5888K) Class: 533K(640K)->533K(640K)
[99.129s][info][gc             ] GC(283) Pause Full (Ergonomics) 4072M->4072M(4207M) 1361.696ms
[99.129s][info][gc,cpu         ] GC(283) User=10.36s Sys=0.02s Real=1.36s
[99.130s][info][gc,start       ] GC(284) Pause Full (Ergonomics)
[99.130s][info][gc,phases,start] GC(284) Marking Phase
[100.131s][info][gc,phases      ] GC(284) Marking Phase 1001.169ms
[100.131s][info][gc,phases,start] GC(284) Summary Phase
[100.131s][info][gc,phases      ] GC(284) Summary Phase 0.056ms
[100.131s][info][gc,phases,start] GC(284) Adjust Roots
[100.131s][info][gc,phases      ] GC(284) Adjust Roots 0.221ms
[100.131s][info][gc,phases,start] GC(284) Compaction Phase
[100.490s][info][gc,phases      ] GC(284) Compaction Phase 358.666ms
[100.490s][info][gc,phases,start] GC(284) Post Compact
[100.496s][info][gc,phases      ] GC(284) Post Compact 6.089ms
[100.496s][info][gc,heap        ] GC(284) PSYoungGen: 73776K(212480K)->73776K(212480K) Eden: 57855K(57856K)->57855K(57856K) From: 15920K(154624K)->15920K(154624K)
[100.496s][info][gc,heap        ] GC(284) ParOldGen: 4095999K(4096000K)->4095999K(4096000K)
[100.496s][info][gc,metaspace   ] GC(284) Metaspace: 6302K(6528K)->6302K(6528K) NonClass: 5769K(5888K)->5769K(5888K) Class: 533K(640K)->533K(640K)
[100.496s][info][gc             ] GC(284) Pause Full (Ergonomics) 4072M->4072M(4207M) 1366.537ms
[100.496s][info][gc,cpu         ] GC(284) User=10.23s Sys=0.02s Real=1.37s
[100.496s][info][gc,start       ] GC(285) Pause Full (Ergonomics)
[100.496s][info][gc,phases,start] GC(285) Marking Phase
[101.505s][info][gc,phases      ] GC(285) Marking Phase 1008.481ms
[101.505s][info][gc,phases,start] GC(285) Summary Phase
[101.505s][info][gc,phases      ] GC(285) Summary Phase 0.049ms
[101.505s][info][gc,phases,start] GC(285) Adjust Roots
[101.505s][info][gc,phases      ] GC(285) Adjust Roots 0.161ms
[101.505s][info][gc,phases,start] GC(285) Compaction Phase
[101.850s][info][gc,phases      ] GC(285) Compaction Phase 344.830ms
[101.850s][info][gc,phases,start] GC(285) Post Compact
[101.856s][info][gc,phases      ] GC(285) Post Compact 6.032ms
[101.856s][info][gc,heap        ] GC(285) PSYoungGen: 73776K(212480K)->73776K(212480K) Eden: 57855K(57856K)->57855K(57856K) From: 15920K(154624K)->15920K(154624K)
[101.856s][info][gc,heap        ] GC(285) ParOldGen: 4096000K(4096000K)->4096000K(4096000K)
[101.856s][info][gc,metaspace   ] GC(285) Metaspace: 6302K(6528K)->6302K(6528K) NonClass: 5769K(5888K)->5769K(5888K) Class: 533K(640K)->533K(640K)
[101.856s][info][gc             ] GC(285) Pause Full (Ergonomics) 4072M->4072M(4207M) 1359.849ms
[101.856s][info][gc,cpu         ] GC(285) User=10.11s Sys=0.00s Real=1.36s
[101.856s][info][gc,start       ] GC(286) Pause Full (Allocation Failure)
[101.856s][info][gc,phases,start] GC(286) Marking Phase
[102.883s][info][gc,phases      ] GC(286) Marking Phase 1026.984ms
[102.883s][info][gc,phases,start] GC(286) Summary Phase
[102.883s][info][gc,phases      ] GC(286) Summary Phase 0.049ms
[102.883s][info][gc,phases,start] GC(286) Adjust Roots
[102.884s][info][gc,phases      ] GC(286) Adjust Roots 0.430ms
[102.884s][info][gc,phases,start] GC(286) Compaction Phase
[103.924s][info][gc,phases      ] GC(286) Compaction Phase 1040.322ms
[103.924s][info][gc,phases,start] GC(286) Post Compact
[103.930s][info][gc,phases      ] GC(286) Post Compact 6.135ms
[103.930s][info][gc,heap        ] GC(286) PSYoungGen: 73776K(212480K)->73776K(212480K) Eden: 57855K(57856K)->57855K(57856K) From: 15920K(154624K)->15920K(154624K)
[103.930s][info][gc,heap        ] GC(286) ParOldGen: 4096000K(4096000K)->4095995K(4096000K)
[103.930s][info][gc,metaspace   ] GC(286) Metaspace: 6302K(6528K)->6300K(6528K) NonClass: 5769K(5888K)->5768K(5888K) Class: 533K(640K)->532K(640K)
[103.930s][info][gc             ] GC(286) Pause Full (Allocation Failure) 4072M->4072M(4207M) 2074.217ms
[103.930s][info][gc,cpu         ] GC(286) User=15.42s Sys=0.00s Real=2.08s
[103.931s][info][gc,start       ] GC(287) Pause Full (Ergonomics)
[103.931s][info][gc,phases,start] GC(287) Marking Phase
[104.926s][info][gc,phases      ] GC(287) Marking Phase 995.638ms
[104.927s][info][gc,phases,start] GC(287) Summary Phase
[104.927s][info][gc,phases      ] GC(287) Summary Phase 0.053ms
[104.927s][info][gc,phases,start] GC(287) Adjust Roots
[104.927s][info][gc,phases      ] GC(287) Adjust Roots 0.180ms
[104.927s][info][gc,phases,start] GC(287) Compaction Phase
[105.273s][info][gc,phases      ] GC(287) Compaction Phase 346.022ms
[105.273s][info][gc,phases,start] GC(287) Post Compact
[105.279s][info][gc,phases      ] GC(287) Post Compact 6.117ms
[105.279s][info][gc,heap        ] GC(287) PSYoungGen: 73776K(212480K)->73776K(212480K) Eden: 57855K(57856K)->57855K(57856K) From: 15920K(154624K)->15920K(154624K)
[105.279s][info][gc,heap        ] GC(287) ParOldGen: 4095999K(4096000K)->4095999K(4096000K)
[105.279s][info][gc,metaspace   ] GC(287) Metaspace: 6300K(6528K)->6300K(6528K) NonClass: 5768K(5888K)->5768K(5888K) Class: 532K(640K)->532K(640K)
[105.279s][info][gc             ] GC(287) Pause Full (Ergonomics) 4072M->4072M(4207M) 1348.308ms
[105.279s][info][gc,cpu         ] GC(287) User=10.06s Sys=0.00s Real=1.35s
[105.279s][info][gc,start       ] GC(288) Pause Full (Allocation Failure)
[105.279s][info][gc,phases,start] GC(288) Marking Phase
[106.289s][info][gc,phases      ] GC(288) Marking Phase 1009.906ms
[106.289s][info][gc,phases,start] GC(288) Summary Phase
[106.289s][info][gc,phases      ] GC(288) Summary Phase 0.050ms
[106.289s][info][gc,phases,start] GC(288) Adjust Roots
[106.289s][info][gc,phases      ] GC(288) Adjust Roots 0.170ms
[106.289s][info][gc,phases,start] GC(288) Compaction Phase
[106.638s][info][gc,phases      ] GC(288) Compaction Phase 348.987ms
[106.638s][info][gc,phases,start] GC(288) Post Compact
[106.644s][info][gc,phases      ] GC(288) Post Compact 5.918ms
[106.644s][info][gc,heap        ] GC(288) PSYoungGen: 73776K(212480K)->73776K(212480K) Eden: 57855K(57856K)->57855K(57856K) From: 15920K(154624K)->15920K(154624K)
[106.644s][info][gc,heap        ] GC(288) ParOldGen: 4095999K(4096000K)->4095999K(4096000K)
[106.644s][info][gc,metaspace   ] GC(288) Metaspace: 6300K(6528K)->6300K(6528K) NonClass: 5768K(5888K)->5768K(5888K) Class: 532K(640K)->532K(640K)
[106.644s][info][gc             ] GC(288) Pause Full (Allocation Failure) 4072M->4072M(4207M) 1365.300ms
[106.644s][info][gc,cpu         ] GC(288) User=10.08s Sys=0.00s Real=1.37s
[106.645s][info][gc,start       ] GC(289) Pause Full (Ergonomics)
[106.645s][info][gc,phases,start] GC(289) Marking Phase
[107.653s][info][gc,phases      ] GC(289) Marking Phase 1008.110ms
[107.653s][info][gc,phases,start] GC(289) Summary Phase
[107.653s][info][gc,phases      ] GC(289) Summary Phase 0.048ms
[107.653s][info][gc,phases,start] GC(289) Adjust Roots
[107.653s][info][gc,phases      ] GC(289) Adjust Roots 0.241ms
[107.653s][info][gc,phases,start] GC(289) Compaction Phase
[108.710s][info][gc,phases      ] GC(289) Compaction Phase 1056.720ms
[108.710s][info][gc,phases,start] GC(289) Post Compact
[108.716s][info][gc,phases      ] GC(289) Post Compact 6.057ms
[108.716s][info][gc,heap        ] GC(289) PSYoungGen: 73776K(212480K)->73776K(212480K) Eden: 57855K(57856K)->57855K(57856K) From: 15920K(154624K)->15920K(154624K)
[108.716s][info][gc,heap        ] GC(289) ParOldGen: 4095999K(4096000K)->4095998K(4096000K)
[108.716s][info][gc,metaspace   ] GC(289) Metaspace: 6300K(6528K)->6300K(6528K) NonClass: 5768K(5888K)->5768K(5888K) Class: 532K(640K)->532K(640K)
[108.716s][info][gc             ] GC(289) Pause Full (Ergonomics) 4072M->4072M(4207M) 2071.490ms
[108.716s][info][gc,cpu         ] GC(289) User=15.34s Sys=0.00s Real=2.07s
[108.717s][info][gc,start       ] GC(290) Pause Full (Ergonomics)
[108.717s][info][gc,phases,start] GC(290) Marking Phase
[109.723s][info][gc,phases      ] GC(290) Marking Phase 1005.517ms
[109.723s][info][gc,phases,start] GC(290) Summary Phase
[109.723s][info][gc,phases      ] GC(290) Summary Phase 0.049ms
[109.723s][info][gc,phases,start] GC(290) Adjust Roots
[109.723s][info][gc,phases      ] GC(290) Adjust Roots 0.249ms
[109.723s][info][gc,phases,start] GC(290) Compaction Phase
[110.786s][info][gc,phases      ] GC(290) Compaction Phase 1062.361ms
[110.786s][info][gc,phases,start] GC(290) Post Compact
[110.792s][info][gc,phases      ] GC(290) Post Compact 6.260ms
[110.792s][info][gc,heap        ] GC(290) PSYoungGen: 73776K(212480K)->73776K(212480K) Eden: 57856K(57856K)->57856K(57856K) From: 15920K(154624K)->15920K(154624K)
[110.792s][info][gc,heap        ] GC(290) ParOldGen: 4095999K(4096000K)->4095996K(4096000K)
[110.792s][info][gc,metaspace   ] GC(290) Metaspace: 6302K(6528K)->6302K(6528K) NonClass: 5768K(5888K)->5768K(5888K) Class: 533K(640K)->533K(640K)
[110.792s][info][gc             ] GC(290) Pause Full (Ergonomics) 4072M->4072M(4207M) 2074.807ms
[110.792s][info][gc,cpu         ] GC(290) User=15.33s Sys=0.02s Real=2.08s
[110.793s][info][gc,heap,exit   ] Heap
[110.793s][info][gc,heap,exit   ]  PSYoungGen      total 212480K, used 73776K [0x0000000783000000, 0x0000000799480000, 0x0000000800000000)
[110.793s][info][gc,heap,exit   ]   eden space 57856K, 100% used [0x0000000783000000,0x0000000786880000,0x0000000786880000)
[110.793s][info][gc,heap,exit   ]   from space 154624K, 10% used [0x0000000786880000,0x000000078780c2a8,0x000000078ff80000)
[110.793s][info][gc,heap,exit   ]   to   space 150528K, 0% used [0x0000000790180000,0x0000000790180000,0x0000000799480000)
[110.793s][info][gc,heap,exit   ]  ParOldGen       total 4096000K, used 4095997K [0x0000000689000000, 0x0000000783000000, 0x0000000783000000)
[110.793s][info][gc,heap,exit   ]   object space 4096000K, 99% used [0x0000000689000000,0x0000000782fff740,0x0000000783000000)
[110.793s][info][gc,heap,exit   ]  Metaspace       used 6305K, committed 6528K, reserved 1114112K
[110.793s][info][gc,heap,exit   ]   class space    used 534K, committed 640K, reserved 1048576K
