[0.011s][info][gc,init] CardTable entry size: 512
[0.011s][info][gc     ] Using Parallel
[0.012s][info][gc,init] Version: 18.0.1+10 (release)
[0.012s][info][gc,init] CPUs: 8 total, 8 available
[0.012s][info][gc,init] Memory: 16063M
[0.012s][info][gc,init] Large Page Support: Disabled
[0.012s][info][gc,init] NUMA Support: Disabled
[0.012s][info][gc,init] Compressed Oops: Enabled (Zero based)
[0.012s][info][gc,init] Alignments: Space 512K, Generation 512K, Heap 2M
[0.012s][info][gc,init] Heap Min Capacity: 2M
[0.012s][info][gc,init] Heap Initial Capacity: 2M
[0.012s][info][gc,init] Heap Max Capacity: 4800M
[0.012s][info][gc,init] Pre-touch: Disabled
[0.013s][info][gc,init] Parallel Workers: 8
[0.013s][info][gc,metaspace] CDS archive(s) not mapped
[0.013s][info][gc,metaspace] Compressed class space mapped at: 0x0000000800000000-0x0000000840000000, reserved size: 1073741824
[0.013s][info][gc,metaspace] Narrow klass base: 0x0000000800000000, Narrow klass shift: 0, Narrow klass range: 0x40000000
[0.103s][info][gc,start    ] GC(0) Pause Young (Allocation Failure)
[0.104s][info][gc,heap     ] GC(0) PSYoungGen: 512K(1024K)->480K(1024K) Eden: 512K(512K)->0K(512K) From: 0K(512K)->480K(512K)
[0.104s][info][gc,heap     ] GC(0) ParOldGen: 0K(512K)->8K(512K)
[0.104s][info][gc,metaspace] GC(0) Metaspace: 4229K(4352K)->4229K(4352K) NonClass: 3908K(3968K)->3908K(3968K) Class: 321K(384K)->321K(384K)
[0.104s][info][gc          ] GC(0) Pause Young (Allocation Failure) 0M->0M(1M) 1.907ms
[0.104s][info][gc,cpu      ] GC(0) User=0.00s Sys=0.00s Real=0.00s
[0.169s][info][gc,start    ] GC(1) Pause Young (Allocation Failure)
[0.169s][info][gc,heap     ] GC(1) PSYoungGen: 991K(1024K)->512K(1536K) Eden: 511K(512K)->0K(1024K) From: 480K(512K)->512K(512K)
[0.169s][info][gc,heap     ] GC(1) ParOldGen: 8K(512K)->80K(512K)
[0.169s][info][gc,metaspace] GC(1) Metaspace: 5881K(6016K)->5881K(6016K) NonClass: 5384K(5504K)->5384K(5504K) Class: 496K(512K)->496K(512K)
[0.169s][info][gc          ] GC(1) Pause Young (Allocation Failure) 0M->0M(2M) 0.899ms
[0.169s][info][gc,cpu      ] GC(1) User=0.00s Sys=0.00s Real=0.00s
[0.189s][info][gc,start    ] GC(2) Pause Young (Allocation Failure)
[0.190s][info][gc,heap     ] GC(2) PSYoungGen: 1536K(1536K)->512K(1536K) Eden: 1024K(1024K)->0K(1024K) From: 512K(512K)->512K(512K)
[0.190s][info][gc,heap     ] GC(2) ParOldGen: 80K(512K)->504K(512K)
[0.190s][info][gc,metaspace] GC(2) Metaspace: 6299K(6464K)->6299K(6464K) NonClass: 5766K(5824K)->5766K(5824K) Class: 533K(640K)->533K(640K)
[0.190s][info][gc          ] GC(2) Pause Young (Allocation Failure) 1M->0M(2M) 1.478ms
[0.190s][info][gc,cpu      ] GC(2) User=0.00s Sys=0.00s Real=0.00s
[0.190s][info][gc,start    ] GC(3) Pause Full (Ergonomics)
[0.190s][info][gc,phases,start] GC(3) Marking Phase
[0.191s][info][gc,phases      ] GC(3) Marking Phase 0.891ms
[0.191s][info][gc,phases,start] GC(3) Summary Phase
[0.191s][info][gc,phases      ] GC(3) Summary Phase 0.015ms
[0.191s][info][gc,phases,start] GC(3) Adjust Roots
[0.192s][info][gc,phases      ] GC(3) Adjust Roots 0.317ms
[0.192s][info][gc,phases,start] GC(3) Compaction Phase
[0.193s][info][gc,phases      ] GC(3) Compaction Phase 1.510ms
[0.193s][info][gc,phases,start] GC(3) Post Compact
[0.193s][info][gc,phases      ] GC(3) Post Compact 0.062ms
[0.193s][info][gc,heap        ] GC(3) PSYoungGen: 512K(1536K)->510K(1536K) Eden: 0K(1024K)->0K(1024K) From: 512K(512K)->510K(512K)
[0.193s][info][gc,heap        ] GC(3) ParOldGen: 504K(512K)->470K(2048K)
[0.193s][info][gc,metaspace   ] GC(3) Metaspace: 6299K(6464K)->6299K(6464K) NonClass: 5766K(5824K)->5766K(5824K) Class: 533K(640K)->533K(640K)
[0.193s][info][gc             ] GC(3) Pause Full (Ergonomics) 0M->0M(3M) 3.006ms
[0.193s][info][gc,cpu         ] GC(3) User=0.00s Sys=0.00s Real=0.00s
[0.195s][info][gc,start       ] GC(4) Pause Young (Allocation Failure)
[0.196s][info][gc,heap        ] GC(4) PSYoungGen: 1534K(1536K)->480K(2560K) Eden: 1024K(1024K)->0K(2048K) From: 510K(512K)->480K(512K)
[0.196s][info][gc,heap        ] GC(4) ParOldGen: 470K(2048K)->1034K(2048K)
[0.197s][info][gc,metaspace   ] GC(4) Metaspace: 6299K(6464K)->6299K(6464K) NonClass: 5766K(5824K)->5766K(5824K) Class: 533K(640K)->533K(640K)
[0.197s][info][gc             ] GC(4) Pause Young (Allocation Failure) 1M->1M(4M) 1.723ms
[0.197s][info][gc,cpu         ] GC(4) User=0.00s Sys=0.00s Real=0.00s
[0.199s][info][gc,start       ] GC(5) Pause Young (Allocation Failure)
[0.201s][info][gc,heap        ] GC(5) PSYoungGen: 2528K(2560K)->480K(2560K) Eden: 2048K(2048K)->0K(2048K) From: 480K(512K)->480K(512K)
[0.201s][info][gc,heap        ] GC(5) ParOldGen: 1034K(2048K)->2106K(2560K)
[0.201s][info][gc,metaspace   ] GC(5) Metaspace: 6299K(6464K)->6299K(6464K) NonClass: 5766K(5824K)->5766K(5824K) Class: 533K(640K)->533K(640K)
[0.201s][info][gc             ] GC(5) Pause Young (Allocation Failure) 3M->2M(5M) 1.608ms
[0.201s][info][gc,cpu         ] GC(5) User=0.00s Sys=0.00s Real=0.00s
[0.201s][info][gc,start       ] GC(6) Pause Full (Ergonomics)
[0.201s][info][gc,phases,start] GC(6) Marking Phase
[0.203s][info][gc,phases      ] GC(6) Marking Phase 1.538ms
[0.203s][info][gc,phases,start] GC(6) Summary Phase
[0.203s][info][gc,phases      ] GC(6) Summary Phase 0.021ms
[0.203s][info][gc,phases,start] GC(6) Adjust Roots
[0.203s][info][gc,phases      ] GC(6) Adjust Roots 0.335ms
[0.203s][info][gc,phases,start] GC(6) Compaction Phase
[0.206s][info][gc,phases      ] GC(6) Compaction Phase 2.522ms
[0.206s][info][gc,phases,start] GC(6) Post Compact
[0.206s][info][gc,phases      ] GC(6) Post Compact 0.088ms
[0.206s][info][gc,heap        ] GC(6) PSYoungGen: 480K(2560K)->0K(4096K) Eden: 0K(2048K)->0K(3072K) From: 480K(512K)->0K(1024K)
[0.206s][info][gc,heap        ] GC(6) ParOldGen: 2106K(2560K)->2542K(6144K)
[0.206s][info][gc,metaspace   ] GC(6) Metaspace: 6299K(6464K)->6299K(6464K) NonClass: 5766K(5824K)->5766K(5824K) Class: 533K(640K)->533K(640K)
[0.206s][info][gc             ] GC(6) Pause Full (Ergonomics) 2M->2M(10M) 4.849ms
[0.206s][info][gc,cpu         ] GC(6) User=0.00s Sys=0.00s Real=0.01s
[0.210s][info][gc,start       ] GC(7) Pause Young (Allocation Failure)
[0.212s][info][gc,heap        ] GC(7) PSYoungGen: 3072K(4096K)->1696K(5120K) Eden: 3072K(3072K)->0K(3072K) From: 0K(1024K)->1696K(2048K)
[0.212s][info][gc,heap        ] GC(7) ParOldGen: 2542K(6144K)->2542K(6144K)
[0.212s][info][gc,metaspace   ] GC(7) Metaspace: 6299K(6464K)->6299K(6464K) NonClass: 5766K(5824K)->5766K(5824K) Class: 533K(640K)->533K(640K)
[0.212s][info][gc             ] GC(7) Pause Young (Allocation Failure) 5M->4M(11M) 1.839ms
[0.212s][info][gc,cpu         ] GC(7) User=0.00s Sys=0.00s Real=0.00s
[0.217s][info][gc,start       ] GC(8) Pause Young (Allocation Failure)
[0.220s][info][gc,heap        ] GC(8) PSYoungGen: 4768K(5120K)->2016K(5632K) Eden: 3072K(3072K)->0K(3584K) From: 1696K(2048K)->2016K(2048K)
[0.220s][info][gc,heap        ] GC(8) ParOldGen: 2542K(6144K)->3774K(6144K)
[0.220s][info][gc,metaspace   ] GC(8) Metaspace: 6299K(6464K)->6299K(6464K) NonClass: 5766K(5824K)->5766K(5824K) Class: 533K(640K)->533K(640K)
[0.220s][info][gc             ] GC(8) Pause Young (Allocation Failure) 7M->5M(11M) 3.600ms
[0.220s][info][gc,cpu         ] GC(8) User=0.00s Sys=0.00s Real=0.00s
[0.226s][info][gc,start       ] GC(9) Pause Young (Allocation Failure)
[0.230s][info][gc,heap        ] GC(9) PSYoungGen: 5600K(5632K)->3040K(6656K) Eden: 3584K(3584K)->0K(3584K) From: 2016K(2048K)->3040K(3072K)
[0.230s][info][gc,heap        ] GC(9) ParOldGen: 3774K(6144K)->4606K(6144K)
[0.230s][info][gc,metaspace   ] GC(9) Metaspace: 6299K(6464K)->6299K(6464K) NonClass: 5766K(5824K)->5766K(5824K) Class: 533K(640K)->533K(640K)
[0.230s][info][gc             ] GC(9) Pause Young (Allocation Failure) 9M->7M(12M) 3.765ms
[0.230s][info][gc,cpu         ] GC(9) User=0.00s Sys=0.00s Real=0.00s
[0.233s][info][gc,start       ] GC(10) Pause Young (Allocation Failure)
[0.237s][info][gc,heap        ] GC(10) PSYoungGen: 6624K(6656K)->4064K(8704K) Eden: 3584K(3584K)->0K(4608K) From: 3040K(3072K)->4064K(4096K)
[0.237s][info][gc,heap        ] GC(10) ParOldGen: 4606K(6144K)->5446K(6144K)
[0.237s][info][gc,metaspace   ] GC(10) Metaspace: 6299K(6464K)->6299K(6464K) NonClass: 5766K(5824K)->5766K(5824K) Class: 533K(640K)->533K(640K)
[0.237s][info][gc             ] GC(10) Pause Young (Allocation Failure) 10M->9M(14M) 4.408ms
[0.237s][info][gc,cpu         ] GC(10) User=0.00s Sys=0.00s Real=0.00s
[0.238s][info][gc,start       ] GC(11) Pause Full (Ergonomics)
[0.238s][info][gc,phases,start] GC(11) Marking Phase
[0.242s][info][gc,phases      ] GC(11) Marking Phase 4.565ms
[0.242s][info][gc,phases,start] GC(11) Summary Phase
[0.242s][info][gc,phases      ] GC(11) Summary Phase 0.015ms
[0.242s][info][gc,phases,start] GC(11) Adjust Roots
[0.243s][info][gc,phases      ] GC(11) Adjust Roots 0.353ms
[0.243s][info][gc,phases,start] GC(11) Compaction Phase
[0.248s][info][gc,phases      ] GC(11) Compaction Phase 5.810ms
[0.248s][info][gc,phases,start] GC(11) Post Compact
[0.249s][info][gc,phases      ] GC(11) Post Compact 0.050ms
[0.249s][info][gc,heap        ] GC(11) PSYoungGen: 4064K(8704K)->3545K(8704K) Eden: 0K(4608K)->0K(4608K) From: 4064K(4096K)->3545K(4096K)
[0.249s][info][gc,heap        ] GC(11) ParOldGen: 5446K(6144K)->5831K(10752K)
[0.249s][info][gc,metaspace   ] GC(11) Metaspace: 6299K(6464K)->6299K(6464K) NonClass: 5766K(5824K)->5766K(5824K) Class: 533K(640K)->533K(640K)
[0.249s][info][gc             ] GC(11) Pause Full (Ergonomics) 9M->9M(19M) 11.103ms
[0.249s][info][gc,cpu         ] GC(11) User=0.00s Sys=0.00s Real=0.01s
[0.254s][info][gc,start       ] GC(12) Pause Young (Allocation Failure)
[0.258s][info][gc,heap        ] GC(12) PSYoungGen: 8013K(8704K)->5088K(9728K) Eden: 4468K(4608K)->0K(4608K) From: 3545K(4096K)->5088K(5120K)
[0.258s][info][gc,heap        ] GC(12) ParOldGen: 5831K(10752K)->6607K(10752K)
[0.258s][info][gc,metaspace   ] GC(12) Metaspace: 6299K(6464K)->6299K(6464K) NonClass: 5766K(5824K)->5766K(5824K) Class: 533K(640K)->533K(640K)
[0.258s][info][gc             ] GC(12) Pause Young (Allocation Failure) 13M->11M(20M) 4.046ms
[0.258s][info][gc,cpu         ] GC(12) User=0.00s Sys=0.00s Real=0.00s
[0.264s][info][gc,start       ] GC(13) Pause Young (Allocation Failure)
[0.270s][info][gc,heap        ] GC(13) PSYoungGen: 9696K(9728K)->6112K(11264K) Eden: 4608K(4608K)->0K(5120K) From: 5088K(5120K)->6112K(6144K)
[0.270s][info][gc,heap        ] GC(13) ParOldGen: 6607K(10752K)->7975K(10752K)
[0.270s][info][gc,metaspace   ] GC(13) Metaspace: 6299K(6464K)->6299K(6464K) NonClass: 5766K(5824K)->5766K(5824K) Class: 533K(640K)->533K(640K)
[0.270s][info][gc             ] GC(13) Pause Young (Allocation Failure) 15M->13M(21M) 5.802ms
[0.270s][info][gc,cpu         ] GC(13) User=0.00s Sys=0.00s Real=0.01s
[0.274s][info][gc,start       ] GC(14) Pause Young (Allocation Failure)
[0.279s][info][gc,heap        ] GC(14) PSYoungGen: 11232K(11264K)->5216K(12800K) Eden: 5120K(5120K)->0K(5120K) From: 6112K(6144K)->5216K(7680K)
[0.279s][info][gc,heap        ] GC(14) ParOldGen: 7975K(10752K)->11583K(11776K)
[0.279s][info][gc,metaspace   ] GC(14) Metaspace: 6301K(6464K)->6301K(6464K) NonClass: 5768K(5824K)->5768K(5824K) Class: 533K(640K)->533K(640K)
[0.279s][info][gc             ] GC(14) Pause Young (Allocation Failure) 18M->16M(24M) 5.464ms
[0.279s][info][gc,cpu         ] GC(14) User=0.00s Sys=0.00s Real=0.00s
[0.279s][info][gc,start       ] GC(15) Pause Full (Ergonomics)
[0.279s][info][gc,phases,start] GC(15) Marking Phase
[0.286s][info][gc,phases      ] GC(15) Marking Phase 7.068ms
[0.286s][info][gc,phases,start] GC(15) Summary Phase
[0.286s][info][gc,phases      ] GC(15) Summary Phase 0.015ms
[0.286s][info][gc,phases,start] GC(15) Adjust Roots
[0.287s][info][gc,phases      ] GC(15) Adjust Roots 0.210ms
[0.287s][info][gc,phases,start] GC(15) Compaction Phase
[0.293s][info][gc,phases      ] GC(15) Compaction Phase 6.781ms
[0.293s][info][gc,phases,start] GC(15) Post Compact
[0.294s][info][gc,phases      ] GC(15) Post Compact 0.089ms
[0.294s][info][gc,heap        ] GC(15) PSYoungGen: 5216K(12800K)->5171K(12800K) Eden: 0K(5120K)->0K(5120K) From: 5216K(7680K)->5171K(7680K)
[0.294s][info][gc,heap        ] GC(15) ParOldGen: 11583K(11776K)->11479K(18432K)
[0.294s][info][gc,metaspace   ] GC(15) Metaspace: 6301K(6464K)->6301K(6464K) NonClass: 5768K(5824K)->5768K(5824K) Class: 533K(640K)->533K(640K)
[0.294s][info][gc             ] GC(15) Pause Full (Ergonomics) 16M->16M(30M) 14.492ms
[0.294s][info][gc,cpu         ] GC(15) User=0.00s Sys=0.00s Real=0.02s
[0.297s][info][gc,start       ] GC(16) Pause Young (Allocation Failure)
[0.304s][info][gc,heap        ] GC(16) PSYoungGen: 10291K(12800K)->2656K(14336K) Eden: 5120K(5120K)->0K(7168K) From: 5171K(7680K)->2656K(7168K)
[0.304s][info][gc,heap        ] GC(16) ParOldGen: 11479K(18432K)->16735K(18432K)
[0.304s][info][gc,metaspace   ] GC(16) Metaspace: 6301K(6464K)->6301K(6464K) NonClass: 5768K(5824K)->5768K(5824K) Class: 533K(640K)->533K(640K)
[0.304s][info][gc             ] GC(16) Pause Young (Allocation Failure) 21M->18M(32M) 7.059ms
[0.305s][info][gc,cpu         ] GC(16) User=0.00s Sys=0.00s Real=0.01s
[0.305s][info][gc,start       ] GC(17) Pause Full (Ergonomics)
[0.305s][info][gc,phases,start] GC(17) Marking Phase
[0.313s][info][gc,phases      ] GC(17) Marking Phase 8.212ms
[0.313s][info][gc,phases,start] GC(17) Summary Phase
[0.313s][info][gc,phases      ] GC(17) Summary Phase 0.018ms
[0.313s][info][gc,phases,start] GC(17) Adjust Roots
[0.313s][info][gc,phases      ] GC(17) Adjust Roots 0.219ms
[0.313s][info][gc,phases,start] GC(17) Compaction Phase
[0.319s][info][gc,phases      ] GC(17) Compaction Phase 5.881ms
[0.319s][info][gc,phases,start] GC(17) Post Compact
[0.319s][info][gc,phases      ] GC(17) Post Compact 0.076ms
[0.319s][info][gc,heap        ] GC(17) PSYoungGen: 2656K(14336K)->1105K(14848K) Eden: 0K(7168K)->0K(7680K) From: 2656K(7168K)->1105K(7168K)
[0.319s][info][gc,heap        ] GC(17) ParOldGen: 16735K(18432K)->18183K(27648K)
[0.319s][info][gc,metaspace   ] GC(17) Metaspace: 6301K(6464K)->6301K(6464K) NonClass: 5768K(5824K)->5768K(5824K) Class: 533K(640K)->533K(640K)
[0.319s][info][gc             ] GC(17) Pause Full (Ergonomics) 18M->18M(41M) 14.732ms
[0.319s][info][gc,cpu         ] GC(17) User=0.00s Sys=0.00s Real=0.01s
[0.323s][info][gc,start       ] GC(18) Pause Young (Allocation Failure)
[0.328s][info][gc,heap        ] GC(18) PSYoungGen: 7799K(14848K)->3424K(15360K) Eden: 6694K(7680K)->0K(7680K) From: 1105K(7168K)->3424K(7680K)
[0.328s][info][gc,heap        ] GC(18) ParOldGen: 18183K(27648K)->19311K(27648K)
[0.328s][info][gc,metaspace   ] GC(18) Metaspace: 6301K(6464K)->6301K(6464K) NonClass: 5768K(5824K)->5768K(5824K) Class: 533K(640K)->533K(640K)
[0.328s][info][gc             ] GC(18) Pause Young (Allocation Failure) 25M->22M(42M) 4.834ms
[0.328s][info][gc,cpu         ] GC(18) User=0.00s Sys=0.00s Real=0.01s
[0.336s][info][gc,start       ] GC(19) Pause Young (Allocation Failure)
[0.343s][info][gc,heap        ] GC(19) PSYoungGen: 11103K(15360K)->4480K(17920K) Eden: 7679K(7680K)->0K(10240K) From: 3424K(7680K)->4480K(7680K)
[0.343s][info][gc,heap        ] GC(19) ParOldGen: 19311K(27648K)->22759K(27648K)
[0.343s][info][gc,metaspace   ] GC(19) Metaspace: 6301K(6464K)->6301K(6464K) NonClass: 5768K(5824K)->5768K(5824K) Class: 533K(640K)->533K(640K)
[0.343s][info][gc             ] GC(19) Pause Young (Allocation Failure) 29M->26M(44M) 6.614ms
[0.343s][info][gc,cpu         ] GC(19) User=0.00s Sys=0.00s Real=0.01s
[0.349s][info][gc,start       ] GC(20) Pause Young (Allocation Failure)
[0.356s][info][gc,heap        ] GC(20) PSYoungGen: 14720K(17920K)->5344K(17920K) Eden: 10240K(10240K)->0K(10240K) From: 4480K(7680K)->5344K(7680K)
[0.356s][info][gc,heap        ] GC(20) ParOldGen: 22759K(27648K)->27287K(27648K)
[0.356s][info][gc,metaspace   ] GC(20) Metaspace: 6301K(6464K)->6301K(6464K) NonClass: 5768K(5824K)->5768K(5824K) Class: 533K(640K)->533K(640K)
[0.356s][info][gc             ] GC(20) Pause Young (Allocation Failure) 36M->31M(44M) 7.011ms
[0.356s][info][gc,cpu         ] GC(20) User=0.00s Sys=0.00s Real=0.01s
[0.356s][info][gc,start       ] GC(21) Pause Full (Ergonomics)
[0.356s][info][gc,phases,start] GC(21) Marking Phase
[0.369s][info][gc,phases      ] GC(21) Marking Phase 12.605ms
[0.369s][info][gc,phases,start] GC(21) Summary Phase
[0.369s][info][gc,phases      ] GC(21) Summary Phase 0.019ms
[0.369s][info][gc,phases,start] GC(21) Adjust Roots
[0.369s][info][gc,phases      ] GC(21) Adjust Roots 0.180ms
[0.369s][info][gc,phases,start] GC(21) Compaction Phase
[0.382s][info][gc,phases      ] GC(21) Compaction Phase 13.271ms
[0.383s][info][gc,phases,start] GC(21) Post Compact
[0.383s][info][gc,phases      ] GC(21) Post Compact 0.111ms
[0.383s][info][gc,heap        ] GC(21) PSYoungGen: 5344K(17920K)->4779K(17920K) Eden: 0K(10240K)->0K(10240K) From: 5344K(7680K)->4779K(7680K)
[0.383s][info][gc,heap        ] GC(21) ParOldGen: 27287K(27648K)->27140K(38912K)
[0.383s][info][gc,metaspace   ] GC(21) Metaspace: 6301K(6464K)->6301K(6464K) NonClass: 5768K(5824K)->5768K(5824K) Class: 533K(640K)->533K(640K)
[0.383s][info][gc             ] GC(21) Pause Full (Ergonomics) 31M->31M(55M) 26.670ms
[0.383s][info][gc,cpu         ] GC(21) User=0.00s Sys=0.00s Real=0.03s
[0.393s][info][gc,start       ] GC(22) Pause Young (Allocation Failure)
[0.404s][info][gc,heap        ] GC(22) PSYoungGen: 15019K(17920K)->8192K(17920K) Eden: 10240K(10240K)->0K(9728K) From: 4779K(7680K)->8192K(8192K)
[0.404s][info][gc,heap        ] GC(22) ParOldGen: 27140K(38912K)->32956K(38912K)
[0.404s][info][gc,metaspace   ] GC(22) Metaspace: 6301K(6464K)->6301K(6464K) NonClass: 5768K(5824K)->5768K(5824K) Class: 533K(640K)->533K(640K)
[0.404s][info][gc             ] GC(22) Pause Young (Allocation Failure) 41M->40M(55M) 11.703ms
[0.404s][info][gc,cpu         ] GC(22) User=0.00s Sys=0.00s Real=0.01s
[0.404s][info][gc,start       ] GC(23) Pause Full (Ergonomics)
[0.404s][info][gc,phases,start] GC(23) Marking Phase
[0.420s][info][gc,phases      ] GC(23) Marking Phase 16.144ms
[0.421s][info][gc,phases,start] GC(23) Summary Phase
[0.421s][info][gc,phases      ] GC(23) Summary Phase 0.020ms
[0.421s][info][gc,phases,start] GC(23) Adjust Roots
[0.421s][info][gc,phases      ] GC(23) Adjust Roots 0.159ms
[0.421s][info][gc,phases,start] GC(23) Compaction Phase
[0.433s][info][gc,phases      ] GC(23) Compaction Phase 12.160ms
[0.433s][info][gc,phases,start] GC(23) Post Compact
[0.433s][info][gc,phases      ] GC(23) Post Compact 0.178ms
[0.433s][info][gc,heap        ] GC(23) PSYoungGen: 8192K(17920K)->2555K(17920K) Eden: 0K(9728K)->0K(9728K) From: 8192K(8192K)->2555K(8192K)
[0.433s][info][gc,heap        ] GC(23) ParOldGen: 32956K(38912K)->38480K(52736K)
[0.433s][info][gc,metaspace   ] GC(23) Metaspace: 6301K(6464K)->6301K(6464K) NonClass: 5768K(5824K)->5768K(5824K) Class: 533K(640K)->533K(640K)
[0.433s][info][gc             ] GC(23) Pause Full (Ergonomics) 40M->40M(69M) 29.014ms
[0.433s][info][gc,cpu         ] GC(23) User=0.00s Sys=0.00s Real=0.03s
[0.446s][info][gc,start       ] GC(24) Pause Young (Allocation Failure)
[0.456s][info][gc,heap        ] GC(24) PSYoungGen: 12283K(17920K)->9760K(20992K) Eden: 9728K(9728K)->0K(9728K) From: 2555K(8192K)->9760K(11264K)
[0.456s][info][gc,heap        ] GC(24) ParOldGen: 38480K(52736K)->41080K(52736K)
[0.456s][info][gc,metaspace   ] GC(24) Metaspace: 6301K(6464K)->6301K(6464K) NonClass: 5768K(5824K)->5768K(5824K) Class: 533K(640K)->533K(640K)
[0.456s][info][gc             ] GC(24) Pause Young (Allocation Failure) 49M->49M(72M) 9.680ms
[0.456s][info][gc,cpu         ] GC(24) User=0.00s Sys=0.00s Real=0.01s
[0.465s][info][gc,start       ] GC(25) Pause Young (Allocation Failure)
[0.478s][info][gc,heap        ] GC(25) PSYoungGen: 19488K(20992K)->12768K(19968K) Eden: 9728K(9728K)->0K(7168K) From: 9760K(11264K)->12768K(12800K)
[0.478s][info][gc,heap        ] GC(25) ParOldGen: 41080K(52736K)->47848K(52736K)
[0.478s][info][gc,metaspace   ] GC(25) Metaspace: 6301K(6464K)->6301K(6464K) NonClass: 5768K(5824K)->5768K(5824K) Class: 533K(640K)->533K(640K)
[0.478s][info][gc             ] GC(25) Pause Young (Allocation Failure) 59M->59M(71M) 13.276ms
[0.479s][info][gc,cpu         ] GC(25) User=0.00s Sys=0.00s Real=0.01s
[0.479s][info][gc,start       ] GC(26) Pause Full (Ergonomics)
[0.479s][info][gc,phases,start] GC(26) Marking Phase
[0.502s][info][gc,phases      ] GC(26) Marking Phase 23.815ms
[0.502s][info][gc,phases,start] GC(26) Summary Phase
[0.502s][info][gc,phases      ] GC(26) Summary Phase 0.018ms
[0.502s][info][gc,phases,start] GC(26) Adjust Roots
[0.503s][info][gc,phases      ] GC(26) Adjust Roots 0.163ms
[0.503s][info][gc,phases,start] GC(26) Compaction Phase
[0.521s][info][gc,phases      ] GC(26) Compaction Phase 18.479ms
[0.521s][info][gc,phases,start] GC(26) Post Compact
[0.521s][info][gc,phases      ] GC(26) Post Compact 0.182ms
[0.522s][info][gc,heap        ] GC(26) PSYoungGen: 12768K(19968K)->7122K(19968K) Eden: 0K(7168K)->0K(7168K) From: 12768K(12800K)->7122K(12800K)
[0.522s][info][gc,heap        ] GC(26) ParOldGen: 47848K(52736K)->52291K(69120K)
[0.522s][info][gc,metaspace   ] GC(26) Metaspace: 6301K(6464K)->6301K(6464K) NonClass: 5768K(5824K)->5768K(5824K) Class: 533K(640K)->533K(640K)
[0.522s][info][gc             ] GC(26) Pause Full (Ergonomics) 59M->58M(87M) 43.013ms
[0.522s][info][gc,cpu         ] GC(26) User=0.03s Sys=0.00s Real=0.04s
[0.529s][info][gc,start       ] GC(27) Pause Young (Allocation Failure)
[0.542s][info][gc,heap        ] GC(27) PSYoungGen: 14290K(19968K)->7168K(24576K) Eden: 7168K(7168K)->0K(7168K) From: 7122K(12800K)->7168K(17408K)
[0.542s][info][gc,heap        ] GC(27) ParOldGen: 52291K(69120K)->59539K(69120K)
[0.542s][info][gc,metaspace   ] GC(27) Metaspace: 6301K(6464K)->6301K(6464K) NonClass: 5768K(5824K)->5768K(5824K) Class: 533K(640K)->533K(640K)
[0.542s][info][gc             ] GC(27) Pause Young (Allocation Failure) 65M->65M(91M) 12.977ms
[0.542s][info][gc,cpu         ] GC(27) User=0.00s Sys=0.00s Real=0.01s
[0.549s][info][gc,start       ] GC(28) Pause Young (Allocation Failure)
[0.559s][info][gc,heap        ] GC(28) PSYoungGen: 14336K(24576K)->14336K(23040K) Eden: 7168K(7168K)->0K(6656K) From: 7168K(17408K)->14336K(16384K)
[0.559s][info][gc,heap        ] GC(28) ParOldGen: 59539K(69120K)->59539K(69120K)
[0.559s][info][gc,metaspace   ] GC(28) Metaspace: 6301K(6464K)->6301K(6464K) NonClass: 5768K(5824K)->5768K(5824K) Class: 533K(640K)->533K(640K)
[0.559s][info][gc             ] GC(28) Pause Young (Allocation Failure) 72M->72M(90M) 9.935ms
[0.559s][info][gc,cpu         ] GC(28) User=0.00s Sys=0.00s Real=0.01s
[0.565s][info][gc,start       ] GC(29) Pause Young (Allocation Failure)
[0.579s][info][gc,heap        ] GC(29) PSYoungGen: 20992K(23040K)->13824K(25088K) Eden: 6656K(6656K)->0K(6656K) From: 14336K(16384K)->13824K(18432K)
[0.579s][info][gc,heap        ] GC(29) ParOldGen: 59539K(69120K)->66803K(69120K)
[0.579s][info][gc,metaspace   ] GC(29) Metaspace: 6301K(6464K)->6301K(6464K) NonClass: 5768K(5824K)->5768K(5824K) Class: 533K(640K)->533K(640K)
[0.579s][info][gc             ] GC(29) Pause Young (Allocation Failure) 78M->78M(92M) 13.779ms
[0.579s][info][gc,cpu         ] GC(29) User=0.00s Sys=0.00s Real=0.01s
[0.579s][info][gc,start       ] GC(30) Pause Full (Ergonomics)
[0.579s][info][gc,phases,start] GC(30) Marking Phase
[0.609s][info][gc,phases      ] GC(30) Marking Phase 30.071ms
[0.609s][info][gc,phases,start] GC(30) Summary Phase
[0.609s][info][gc,phases      ] GC(30) Summary Phase 0.014ms
[0.609s][info][gc,phases,start] GC(30) Adjust Roots
[0.609s][info][gc,phases      ] GC(30) Adjust Roots 0.159ms
[0.609s][info][gc,phases,start] GC(30) Compaction Phase
[0.629s][info][gc,phases      ] GC(30) Compaction Phase 19.725ms
[0.629s][info][gc,phases,start] GC(30) Post Compact
[0.630s][info][gc,phases      ] GC(30) Post Compact 0.484ms
[0.630s][info][gc,heap        ] GC(30) PSYoungGen: 13824K(25088K)->11209K(25088K) Eden: 0K(6656K)->0K(6656K) From: 13824K(18432K)->11209K(18432K)
[0.630s][info][gc,heap        ] GC(30) ParOldGen: 66803K(69120K)->69107K(89600K)
[0.630s][info][gc,metaspace   ] GC(30) Metaspace: 6301K(6464K)->6301K(6464K) NonClass: 5768K(5824K)->5768K(5824K) Class: 533K(640K)->533K(640K)
[0.630s][info][gc             ] GC(30) Pause Full (Ergonomics) 78M->78M(112M) 50.880ms
[0.630s][info][gc,cpu         ] GC(30) User=0.08s Sys=0.00s Real=0.05s
[0.637s][info][gc,start       ] GC(31) Pause Young (Allocation Failure)
[0.653s][info][gc,heap        ] GC(31) PSYoungGen: 17865K(25088K)->11936K(27648K) Eden: 6656K(6656K)->0K(8192K) From: 11209K(18432K)->11936K(19456K)
[0.653s][info][gc,heap        ] GC(31) ParOldGen: 69107K(89600K)->75147K(89600K)
[0.653s][info][gc,metaspace   ] GC(31) Metaspace: 6301K(6464K)->6301K(6464K) NonClass: 5768K(5824K)->5768K(5824K) Class: 533K(640K)->533K(640K)
[0.653s][info][gc             ] GC(31) Pause Young (Allocation Failure) 84M->85M(114M) 16.136ms
[0.653s][info][gc,cpu         ] GC(31) User=0.02s Sys=0.00s Real=0.02s
[0.670s][info][gc,start       ] GC(32) Pause Young (Allocation Failure)
[0.685s][info][gc,heap        ] GC(32) PSYoungGen: 20128K(27648K)->14848K(28160K) Eden: 8192K(8192K)->0K(8192K) From: 11936K(19456K)->14848K(19968K)
[0.685s][info][gc,heap        ] GC(32) ParOldGen: 75147K(89600K)->80515K(89600K)
[0.685s][info][gc,metaspace   ] GC(32) Metaspace: 6301K(6464K)->6301K(6464K) NonClass: 5768K(5824K)->5768K(5824K) Class: 533K(640K)->533K(640K)
[0.685s][info][gc             ] GC(32) Pause Young (Allocation Failure) 93M->93M(115M) 14.884ms
[0.685s][info][gc,cpu         ] GC(32) User=0.00s Sys=0.00s Real=0.01s
[0.685s][info][gc,start       ] GC(33) Pause Full (Ergonomics)
[0.685s][info][gc,phases,start] GC(33) Marking Phase
[0.730s][info][gc,phases      ] GC(33) Marking Phase 44.904ms
[0.730s][info][gc,phases,start] GC(33) Summary Phase
[0.730s][info][gc,phases      ] GC(33) Summary Phase 0.017ms
[0.730s][info][gc,phases,start] GC(33) Adjust Roots
[0.730s][info][gc,phases      ] GC(33) Adjust Roots 0.160ms
[0.730s][info][gc,phases,start] GC(33) Compaction Phase
[0.754s][info][gc,phases      ] GC(33) Compaction Phase 24.388ms
[0.754s][info][gc,phases,start] GC(33) Post Compact
[0.755s][info][gc,phases      ] GC(33) Post Compact 0.532ms
[0.755s][info][gc,heap        ] GC(33) PSYoungGen: 14848K(28160K)->3553K(28160K) Eden: 0K(8192K)->0K(8192K) From: 14848K(19968K)->3553K(19968K)
[0.755s][info][gc,heap        ] GC(33) ParOldGen: 80515K(89600K)->89519K(112128K)
[0.755s][info][gc,metaspace   ] GC(33) Metaspace: 6301K(6464K)->6301K(6464K) NonClass: 5768K(5824K)->5768K(5824K) Class: 533K(640K)->533K(640K)
[0.755s][info][gc             ] GC(33) Pause Full (Ergonomics) 93M->90M(137M) 70.490ms
[0.755s][info][gc,cpu         ] GC(33) User=0.09s Sys=0.00s Real=0.07s
[0.762s][info][gc,start       ] GC(34) Pause Young (Allocation Failure)
[0.773s][info][gc,heap        ] GC(34) PSYoungGen: 11745K(28160K)->10176K(29184K) Eden: 8192K(8192K)->0K(9728K) From: 3553K(19968K)->10176K(19456K)
[0.773s][info][gc,heap        ] GC(34) ParOldGen: 89519K(112128K)->91159K(112128K)
[0.773s][info][gc,metaspace   ] GC(34) Metaspace: 6301K(6464K)->6301K(6464K) NonClass: 5768K(5824K)->5768K(5824K) Class: 533K(640K)->533K(640K)
[0.773s][info][gc             ] GC(34) Pause Young (Allocation Failure) 98M->98M(138M) 11.552ms
[0.774s][info][gc,cpu         ] GC(34) User=0.00s Sys=0.00s Real=0.01s
[0.782s][info][gc,start       ] GC(35) Pause Young (Allocation Failure)
[0.793s][info][gc,heap        ] GC(35) PSYoungGen: 19904K(29184K)->19872K(30208K) Eden: 9728K(9728K)->0K(9728K) From: 10176K(19456K)->19872K(20480K)
[0.793s][info][gc,heap        ] GC(35) ParOldGen: 91159K(112128K)->91159K(112128K)
[0.793s][info][gc,metaspace   ] GC(35) Metaspace: 6301K(6464K)->6301K(6464K) NonClass: 5768K(5824K)->5768K(5824K) Class: 533K(640K)->533K(640K)
[0.793s][info][gc             ] GC(35) Pause Young (Allocation Failure) 108M->108M(139M) 11.405ms
[0.793s][info][gc,cpu         ] GC(35) User=0.00s Sys=0.00s Real=0.01s
[0.802s][info][gc,start       ] GC(36) Pause Young (Allocation Failure)
[0.819s][info][gc,heap        ] GC(36) PSYoungGen: 29600K(30208K)->23552K(29184K) Eden: 9728K(9728K)->0K(5632K) From: 19872K(20480K)->23552K(23552K)
[0.819s][info][gc,heap        ] GC(36) ParOldGen: 91159K(112128K)->97247K(112128K)
[0.819s][info][gc,metaspace   ] GC(36) Metaspace: 6301K(6464K)->6301K(6464K) NonClass: 5768K(5824K)->5768K(5824K) Class: 533K(640K)->533K(640K)
[0.819s][info][gc             ] GC(36) Pause Young (Allocation Failure) 117M->117M(138M) 17.115ms
[0.819s][info][gc,cpu         ] GC(36) User=0.03s Sys=0.02s Real=0.02s
[0.824s][info][gc,start       ] GC(37) Pause Young (Allocation Failure)
[0.839s][info][gc,heap        ] GC(37) PSYoungGen: 29184K(29184K)->19776K(34816K) Eden: 5632K(5632K)->0K(5632K) From: 23552K(23552K)->19776K(29184K)
[0.839s][info][gc,heap        ] GC(37) ParOldGen: 97247K(112128K)->106815K(112128K)
[0.839s][info][gc,metaspace   ] GC(37) Metaspace: 6301K(6464K)->6301K(6464K) NonClass: 5768K(5824K)->5768K(5824K) Class: 533K(640K)->533K(640K)
[0.839s][info][gc             ] GC(37) Pause Young (Allocation Failure) 123M->123M(143M) 14.962ms
[0.839s][info][gc,cpu         ] GC(37) User=0.00s Sys=0.00s Real=0.01s
[0.839s][info][gc,start       ] GC(38) Pause Full (Ergonomics)
[0.839s][info][gc,phases,start] GC(38) Marking Phase
[0.875s][info][gc,phases      ] GC(38) Marking Phase 35.642ms
[0.875s][info][gc,phases,start] GC(38) Summary Phase
[0.875s][info][gc,phases      ] GC(38) Summary Phase 0.016ms
[0.875s][info][gc,phases,start] GC(38) Adjust Roots
[0.875s][info][gc,phases      ] GC(38) Adjust Roots 0.150ms
[0.875s][info][gc,phases,start] GC(38) Compaction Phase
[0.899s][info][gc,phases      ] GC(38) Compaction Phase 23.689ms
[0.899s][info][gc,phases,start] GC(38) Post Compact
[0.899s][info][gc,phases      ] GC(38) Post Compact 0.578ms
[0.900s][info][gc,heap        ] GC(38) PSYoungGen: 19776K(34816K)->14589K(34816K) Eden: 0K(5632K)->0K(5632K) From: 19776K(29184K)->14589K(29184K)
[0.900s][info][gc,heap        ] GC(38) ParOldGen: 106815K(112128K)->111631K(137728K)
[0.900s][info][gc,metaspace   ] GC(38) Metaspace: 6301K(6464K)->6301K(6464K) NonClass: 5768K(5824K)->5768K(5824K) Class: 533K(640K)->533K(640K)
[0.900s][info][gc             ] GC(38) Pause Full (Ergonomics) 123M->123M(168M) 60.497ms
[0.900s][info][gc,cpu         ] GC(38) User=0.12s Sys=0.00s Real=0.06s
[0.905s][info][gc,start       ] GC(39) Pause Young (Allocation Failure)
[0.923s][info][gc,heap        ] GC(39) PSYoungGen: 20221K(34816K)->10144K(34304K) Eden: 5632K(5632K)->0K(6656K) From: 14589K(29184K)->10144K(27648K)
[0.923s][info][gc,heap        ] GC(39) ParOldGen: 111631K(137728K)->121919K(137728K)
[0.923s][info][gc,metaspace   ] GC(39) Metaspace: 6301K(6464K)->6301K(6464K) NonClass: 5768K(5824K)->5768K(5824K) Class: 533K(640K)->533K(640K)
[0.923s][info][gc             ] GC(39) Pause Young (Allocation Failure) 128M->128M(168M) 17.492ms
[0.923s][info][gc,cpu         ] GC(39) User=0.00s Sys=0.00s Real=0.02s
[0.929s][info][gc,start       ] GC(40) Pause Young (Allocation Failure)
[0.940s][info][gc,heap        ] GC(40) PSYoungGen: 16800K(34304K)->12320K(35840K) Eden: 6656K(6656K)->0K(6656K) From: 10144K(27648K)->12320K(29184K)
[0.940s][info][gc,heap        ] GC(40) ParOldGen: 121919K(137728K)->126479K(137728K)
[0.940s][info][gc,metaspace   ] GC(40) Metaspace: 6301K(6464K)->6301K(6464K) NonClass: 5768K(5824K)->5768K(5824K) Class: 533K(640K)->533K(640K)
[0.940s][info][gc             ] GC(40) Pause Young (Allocation Failure) 135M->135M(169M) 10.676ms
[0.940s][info][gc,cpu         ] GC(40) User=0.02s Sys=0.00s Real=0.01s
[0.940s][info][gc,start       ] GC(41) Pause Full (Ergonomics)
[0.940s][info][gc,phases,start] GC(41) Marking Phase
[0.978s][info][gc,phases      ] GC(41) Marking Phase 37.934ms
[0.978s][info][gc,phases,start] GC(41) Summary Phase
[0.978s][info][gc,phases      ] GC(41) Summary Phase 0.018ms
[0.978s][info][gc,phases,start] GC(41) Adjust Roots
[0.978s][info][gc,phases      ] GC(41) Adjust Roots 0.171ms
[0.978s][info][gc,phases,start] GC(41) Compaction Phase
[0.998s][info][gc,phases      ] GC(41) Compaction Phase 19.328ms
[0.998s][info][gc,phases,start] GC(41) Post Compact
[0.998s][info][gc,phases      ] GC(41) Post Compact 0.633ms
[0.999s][info][gc,heap        ] GC(41) PSYoungGen: 12320K(35840K)->987K(7680K) Eden: 0K(6656K)->0K(6656K) From: 12320K(29184K)->987K(1024K)
[0.999s][info][gc,heap        ] GC(41) ParOldGen: 126479K(137728K)->137462K(166400K)
[0.999s][info][gc,metaspace   ] GC(41) Metaspace: 6301K(6464K)->6301K(6464K) NonClass: 5768K(5824K)->5768K(5824K) Class: 533K(640K)->533K(640K)
[0.999s][info][gc             ] GC(41) Pause Full (Ergonomics) 135M->135M(170M) 58.728ms
[0.999s][info][gc,cpu         ] GC(41) User=0.14s Sys=0.02s Real=0.06s
[1.006s][info][gc,start       ] GC(42) Pause Young (Allocation Failure)
[1.020s][info][gc,heap        ] GC(42) PSYoungGen: 7643K(7680K)->7488K(34304K) Eden: 6656K(6656K)->0K(7680K) From: 987K(1024K)->7488K(26624K)
[1.020s][info][gc,heap        ] GC(42) ParOldGen: 137462K(166400K)->137718K(166400K)
[1.020s][info][gc,metaspace   ] GC(42) Metaspace: 6301K(6464K)->6301K(6464K) NonClass: 5768K(5824K)->5768K(5824K) Class: 533K(640K)->533K(640K)
[1.020s][info][gc             ] GC(42) Pause Young (Allocation Failure) 141M->141M(196M) 14.519ms
[1.020s][info][gc,cpu         ] GC(42) User=0.00s Sys=0.00s Real=0.02s
[1.028s][info][gc,start       ] GC(43) Pause Young (Allocation Failure)
[1.037s][info][gc,heap        ] GC(43) PSYoungGen: 15168K(34304K)->15104K(34816K) Eden: 7680K(7680K)->0K(7680K) From: 7488K(26624K)->15104K(27136K)
[1.037s][info][gc,heap        ] GC(43) ParOldGen: 137718K(166400K)->137718K(166400K)
[1.037s][info][gc,metaspace   ] GC(43) Metaspace: 6301K(6464K)->6301K(6464K) NonClass: 5768K(5824K)->5768K(5824K) Class: 533K(640K)->533K(640K)
[1.037s][info][gc             ] GC(43) Pause Young (Allocation Failure) 149M->149M(196M) 9.074ms
[1.037s][info][gc,cpu         ] GC(43) User=0.00s Sys=0.00s Real=0.01s
[1.045s][info][gc,start       ] GC(44) Pause Young (Allocation Failure)
[1.058s][info][gc,heap        ] GC(44) PSYoungGen: 22784K(34816K)->22784K(33280K) Eden: 7680K(7680K)->0K(6656K) From: 15104K(27136K)->22784K(26624K)
[1.058s][info][gc,heap        ] GC(44) ParOldGen: 137718K(166400K)->137718K(166400K)
[1.058s][info][gc,metaspace   ] GC(44) Metaspace: 6301K(6464K)->6301K(6464K) NonClass: 5768K(5824K)->5768K(5824K) Class: 533K(640K)->533K(640K)
[1.058s][info][gc             ] GC(44) Pause Young (Allocation Failure) 156M->156M(195M) 13.200ms
[1.058s][info][gc,cpu         ] GC(44) User=0.02s Sys=0.00s Real=0.01s
[1.065s][info][gc,start       ] GC(45) Pause Young (Allocation Failure)
[1.080s][info][gc,heap        ] GC(45) PSYoungGen: 29440K(33280K)->28672K(35840K) Eden: 6656K(6656K)->0K(6656K) From: 22784K(26624K)->28672K(29184K)
[1.080s][info][gc,heap        ] GC(45) ParOldGen: 137718K(166400K)->138494K(166400K)
[1.080s][info][gc,metaspace   ] GC(45) Metaspace: 6301K(6464K)->6301K(6464K) NonClass: 5768K(5824K)->5768K(5824K) Class: 533K(640K)->533K(640K)
[1.080s][info][gc             ] GC(45) Pause Young (Allocation Failure) 163M->163M(197M) 15.332ms
[1.080s][info][gc,cpu         ] GC(45) User=0.02s Sys=0.00s Real=0.01s
[1.087s][info][gc,start       ] GC(46) Pause Young (Allocation Failure)
[1.107s][info][gc,heap        ] GC(46) PSYoungGen: 35328K(35840K)->28672K(38400K) Eden: 6656K(6656K)->0K(5120K) From: 28672K(29184K)->28672K(33280K)
[1.107s][info][gc,heap        ] GC(46) ParOldGen: 138494K(166400K)->145238K(166400K)
[1.107s][info][gc,metaspace   ] GC(46) Metaspace: 6301K(6464K)->6301K(6464K) NonClass: 5768K(5824K)->5768K(5824K) Class: 533K(640K)->533K(640K)
[1.107s][info][gc             ] GC(46) Pause Young (Allocation Failure) 169M->169M(200M) 19.810ms
[1.107s][info][gc,cpu         ] GC(46) User=0.05s Sys=0.00s Real=0.02s
[1.139s][info][gc,start       ] GC(47) Pause Young (Allocation Failure)
[1.162s][info][gc,heap        ] GC(47) PSYoungGen: 33792K(38400K)->18464K(41472K) Eden: 5120K(5120K)->0K(5120K) From: 28672K(33280K)->18464K(36352K)
[1.162s][info][gc,heap        ] GC(47) ParOldGen: 153430K(166400K)->168982K(169472K)
[1.162s][info][gc,metaspace   ] GC(47) Metaspace: 6301K(6464K)->6301K(6464K) NonClass: 5768K(5824K)->5768K(5824K) Class: 533K(640K)->533K(640K)
[1.162s][info][gc             ] GC(47) Pause Young (Allocation Failure) 182M->183M(206M) 22.912ms
[1.162s][info][gc,cpu         ] GC(47) User=0.03s Sys=0.00s Real=0.02s
[1.162s][info][gc,start       ] GC(48) Pause Full (Ergonomics)
[1.162s][info][gc,phases,start] GC(48) Marking Phase
[1.212s][info][gc,phases      ] GC(48) Marking Phase 49.992ms
[1.212s][info][gc,phases,start] GC(48) Summary Phase
[1.212s][info][gc,phases      ] GC(48) Summary Phase 0.017ms
[1.212s][info][gc,phases,start] GC(48) Adjust Roots
[1.212s][info][gc,phases      ] GC(48) Adjust Roots 0.177ms
[1.212s][info][gc,phases,start] GC(48) Compaction Phase
[1.250s][info][gc,phases      ] GC(48) Compaction Phase 37.503ms
[1.250s][info][gc,phases,start] GC(48) Post Compact
[1.251s][info][gc,phases      ] GC(48) Post Compact 0.860ms
[1.251s][info][gc,heap        ] GC(48) PSYoungGen: 18464K(41472K)->13742K(41472K) Eden: 0K(5120K)->0K(5120K) From: 18464K(36352K)->13742K(36352K)
[1.251s][info][gc,heap        ] GC(48) ParOldGen: 168982K(169472K)->169068K(202752K)
[1.251s][info][gc,metaspace   ] GC(48) Metaspace: 6301K(6464K)->6301K(6464K) NonClass: 5768K(5824K)->5768K(5824K) Class: 533K(640K)->533K(640K)
[1.251s][info][gc             ] GC(48) Pause Full (Ergonomics) 183M->178M(238M) 89.053ms
[1.251s][info][gc,cpu         ] GC(48) User=0.22s Sys=0.00s Real=0.09s
[1.257s][info][gc,start       ] GC(49) Pause Young (Allocation Failure)
[1.275s][info][gc,heap        ] GC(49) PSYoungGen: 18862K(41472K)->8768K(40448K) Eden: 5120K(5120K)->0K(6144K) From: 13742K(36352K)->8768K(34304K)
[1.275s][info][gc,heap        ] GC(49) ParOldGen: 169068K(202752K)->179412K(202752K)
[1.275s][info][gc,metaspace   ] GC(49) Metaspace: 6301K(6464K)->6301K(6464K) NonClass: 5768K(5824K)->5768K(5824K) Class: 533K(640K)->533K(640K)
[1.275s][info][gc             ] GC(49) Pause Young (Allocation Failure) 183M->183M(237M) 18.724ms
[1.275s][info][gc,cpu         ] GC(49) User=0.08s Sys=0.00s Real=0.02s
[1.281s][info][gc,start       ] GC(50) Pause Young (Allocation Failure)
[1.290s][info][gc,heap        ] GC(50) PSYoungGen: 14912K(40448K)->11296K(40960K) Eden: 6144K(6144K)->0K(6144K) From: 8768K(34304K)->11296K(34816K)
[1.290s][info][gc,heap        ] GC(50) ParOldGen: 179412K(202752K)->183052K(202752K)
[1.290s][info][gc,metaspace   ] GC(50) Metaspace: 6301K(6464K)->6301K(6464K) NonClass: 5768K(5824K)->5768K(5824K) Class: 533K(640K)->533K(640K)
[1.290s][info][gc             ] GC(50) Pause Young (Allocation Failure) 189M->189M(238M) 8.994ms
[1.290s][info][gc,cpu         ] GC(50) User=0.00s Sys=0.00s Real=0.01s
[1.296s][info][gc,start       ] GC(51) Pause Young (Allocation Failure)
[1.306s][info][gc,heap        ] GC(51) PSYoungGen: 17440K(40960K)->12352K(37888K) Eden: 6144K(6144K)->0K(7168K) From: 11296K(34816K)->12352K(30720K)
[1.306s][info][gc,heap        ] GC(51) ParOldGen: 183052K(202752K)->188236K(202752K)
[1.306s][info][gc,metaspace   ] GC(51) Metaspace: 6301K(6464K)->6301K(6464K) NonClass: 5768K(5824K)->5768K(5824K) Class: 533K(640K)->533K(640K)
[1.306s][info][gc             ] GC(51) Pause Young (Allocation Failure) 195M->195M(235M) 9.702ms
[1.306s][info][gc,cpu         ] GC(51) User=0.00s Sys=0.00s Real=0.01s
[1.313s][info][gc,start       ] GC(52) Pause Young (Allocation Failure)
[1.324s][info][gc,heap        ] GC(52) PSYoungGen: 19520K(37888K)->7200K(39424K) Eden: 7168K(7168K)->0K(7168K) From: 12352K(30720K)->7200K(32256K)
[1.324s][info][gc,heap        ] GC(52) ParOldGen: 188236K(202752K)->200668K(202752K)
[1.324s][info][gc,metaspace   ] GC(52) Metaspace: 6301K(6464K)->6301K(6464K) NonClass: 5768K(5824K)->5768K(5824K) Class: 533K(640K)->533K(640K)
[1.324s][info][gc             ] GC(52) Pause Young (Allocation Failure) 202M->202M(236M) 10.863ms
[1.324s][info][gc,cpu         ] GC(52) User=0.00s Sys=0.00s Real=0.01s
[1.324s][info][gc,start       ] GC(53) Pause Full (Ergonomics)
[1.324s][info][gc,phases,start] GC(53) Marking Phase
[1.375s][info][gc,phases      ] GC(53) Marking Phase 51.354ms
[1.375s][info][gc,phases,start] GC(53) Summary Phase
[1.375s][info][gc,phases      ] GC(53) Summary Phase 0.016ms
[1.375s][info][gc,phases,start] GC(53) Adjust Roots
[1.376s][info][gc,phases      ] GC(53) Adjust Roots 0.156ms
[1.376s][info][gc,phases,start] GC(53) Compaction Phase
[1.402s][info][gc,phases      ] GC(53) Compaction Phase 26.745ms
[1.402s][info][gc,phases,start] GC(53) Post Compact
[1.403s][info][gc,phases      ] GC(53) Post Compact 0.743ms
[1.403s][info][gc,heap        ] GC(53) PSYoungGen: 7200K(39424K)->4579K(39424K) Eden: 0K(7168K)->0K(7168K) From: 7200K(32256K)->4579K(32256K)
[1.403s][info][gc,heap        ] GC(53) ParOldGen: 200668K(202752K)->202680K(239616K)
[1.403s][info][gc,metaspace   ] GC(53) Metaspace: 6301K(6464K)->6301K(6464K) NonClass: 5768K(5824K)->5768K(5824K) Class: 533K(640K)->533K(640K)
[1.403s][info][gc             ] GC(53) Pause Full (Ergonomics) 202M->202M(272M) 79.486ms
[1.403s][info][gc,cpu         ] GC(53) User=0.22s Sys=0.00s Real=0.08s
[1.411s][info][gc,start       ] GC(54) Pause Young (Allocation Failure)
[1.428s][info][gc,heap        ] GC(54) PSYoungGen: 11747K(39424K)->7232K(38400K) Eden: 7168K(7168K)->0K(8192K) From: 4579K(32256K)->7232K(30208K)
[1.428s][info][gc,heap        ] GC(54) ParOldGen: 202680K(239616K)->207344K(239616K)
[1.428s][info][gc,metaspace   ] GC(54) Metaspace: 6301K(6464K)->6301K(6464K) NonClass: 5768K(5824K)->5768K(5824K) Class: 533K(640K)->533K(640K)
[1.428s][info][gc             ] GC(54) Pause Young (Allocation Failure) 209M->209M(271M) 16.814ms
[1.428s][info][gc,cpu         ] GC(54) User=0.02s Sys=0.00s Real=0.02s
[1.437s][info][gc,start       ] GC(55) Pause Young (Allocation Failure)
[1.447s][info][gc,heap        ] GC(55) PSYoungGen: 15424K(38400K)->8288K(39424K) Eden: 8192K(8192K)->0K(8192K) From: 7232K(30208K)->8288K(31232K)
[1.447s][info][gc,heap        ] GC(55) ParOldGen: 207344K(239616K)->214608K(239616K)
[1.447s][info][gc,metaspace   ] GC(55) Metaspace: 6301K(6464K)->6301K(6464K) NonClass: 5768K(5824K)->5768K(5824K) Class: 533K(640K)->533K(640K)
[1.447s][info][gc             ] GC(55) Pause Young (Allocation Failure) 217M->217M(272M) 9.319ms
[1.447s][info][gc,cpu         ] GC(55) User=0.02s Sys=0.00s Real=0.01s
[1.455s][info][gc,start       ] GC(56) Pause Young (Allocation Failure)
[1.466s][info][gc,heap        ] GC(56) PSYoungGen: 16480K(39424K)->8256K(38912K) Eden: 8192K(8192K)->0K(9728K) From: 8288K(31232K)->8256K(29184K)
[1.466s][info][gc,heap        ] GC(56) ParOldGen: 214608K(239616K)->222912K(239616K)
[1.466s][info][gc,metaspace   ] GC(56) Metaspace: 6301K(6464K)->6301K(6464K) NonClass: 5768K(5824K)->5768K(5824K) Class: 533K(640K)->533K(640K)
[1.466s][info][gc             ] GC(56) Pause Young (Allocation Failure) 225M->225M(272M) 10.686ms
[1.466s][info][gc,cpu         ] GC(56) User=0.00s Sys=0.00s Real=0.01s
[1.477s][info][gc,start       ] GC(57) Pause Young (Allocation Failure)
[1.488s][info][gc,heap        ] GC(57) PSYoungGen: 17984K(38912K)->9792K(39424K) Eden: 9728K(9728K)->0K(9728K) From: 8256K(29184K)->9792K(29696K)
[1.488s][info][gc,heap        ] GC(57) ParOldGen: 222912K(239616K)->231224K(239616K)
[1.488s][info][gc,metaspace   ] GC(57) Metaspace: 6301K(6464K)->6301K(6464K) NonClass: 5768K(5824K)->5768K(5824K) Class: 533K(640K)->533K(640K)
[1.488s][info][gc             ] GC(57) Pause Young (Allocation Failure) 235M->235M(272M) 10.940ms
[1.488s][info][gc,cpu         ] GC(57) User=0.02s Sys=0.00s Real=0.01s
[1.488s][info][gc,start       ] GC(58) Pause Full (Ergonomics)
[1.488s][info][gc,phases,start] GC(58) Marking Phase
[1.545s][info][gc,phases      ] GC(58) Marking Phase 56.698ms
[1.545s][info][gc,phases,start] GC(58) Summary Phase
[1.545s][info][gc,phases      ] GC(58) Summary Phase 0.018ms
[1.545s][info][gc,phases,start] GC(58) Adjust Roots
[1.545s][info][gc,phases      ] GC(58) Adjust Roots 0.194ms
[1.545s][info][gc,phases,start] GC(58) Compaction Phase
[1.571s][info][gc,phases      ] GC(58) Compaction Phase 25.808ms
[1.571s][info][gc,phases,start] GC(58) Post Compact
[1.572s][info][gc,phases      ] GC(58) Post Compact 1.364ms
[1.573s][info][gc,heap        ] GC(58) PSYoungGen: 9792K(39424K)->1011K(39424K) Eden: 0K(9728K)->0K(9728K) From: 9792K(29696K)->1011K(29696K)
[1.573s][info][gc,heap        ] GC(58) ParOldGen: 231224K(239616K)->239405K(277504K)
[1.573s][info][gc,metaspace   ] GC(58) Metaspace: 6301K(6464K)->6301K(6464K) NonClass: 5768K(5824K)->5768K(5824K) Class: 533K(640K)->533K(640K)
[1.573s][info][gc             ] GC(58) Pause Full (Ergonomics) 235M->234M(309M) 84.773ms
[1.573s][info][gc,cpu         ] GC(58) User=0.31s Sys=0.02s Real=0.09s
[1.584s][info][gc,start       ] GC(59) Pause Young (Allocation Failure)
[1.602s][info][gc,heap        ] GC(59) PSYoungGen: 10739K(39424K)->9824K(37376K) Eden: 9728K(9728K)->0K(11264K) From: 1011K(29696K)->9824K(26112K)
[1.602s][info][gc,heap        ] GC(59) ParOldGen: 239405K(277504K)->240453K(277504K)
[1.602s][info][gc,metaspace   ] GC(59) Metaspace: 6301K(6464K)->6301K(6464K) NonClass: 5768K(5824K)->5768K(5824K) Class: 533K(640K)->533K(640K)
[1.602s][info][gc             ] GC(59) Pause Young (Allocation Failure) 244M->244M(307M) 17.359ms
[1.602s][info][gc,cpu         ] GC(59) User=0.02s Sys=0.00s Real=0.02s
[1.614s][info][gc,start       ] GC(60) Pause Young (Allocation Failure)
[1.626s][info][gc,heap        ] GC(60) PSYoungGen: 21088K(37376K)->21088K(38400K) Eden: 11264K(11264K)->0K(11264K) From: 9824K(26112K)->21088K(27136K)
[1.626s][info][gc,heap        ] GC(60) ParOldGen: 240453K(277504K)->240453K(277504K)
[1.626s][info][gc,metaspace   ] GC(60) Metaspace: 6301K(6464K)->6301K(6464K) NonClass: 5768K(5824K)->5768K(5824K) Class: 533K(640K)->533K(640K)
[1.626s][info][gc             ] GC(60) Pause Young (Allocation Failure) 255M->255M(308M) 11.919ms
[1.626s][info][gc,cpu         ] GC(60) User=0.00s Sys=0.00s Real=0.01s
[1.639s][info][gc,start       ] GC(61) Pause Young (Allocation Failure)
[1.655s][info][gc,heap        ] GC(61) PSYoungGen: 32352K(38400K)->29184K(36352K) Eden: 11264K(11264K)->0K(7168K) From: 21088K(27136K)->29184K(29184K)
[1.655s][info][gc,heap        ] GC(61) ParOldGen: 240453K(277504K)->243557K(277504K)
[1.655s][info][gc,metaspace   ] GC(61) Metaspace: 6301K(6464K)->6301K(6464K) NonClass: 5768K(5824K)->5768K(5824K) Class: 533K(640K)->533K(640K)
[1.655s][info][gc             ] GC(61) Pause Young (Allocation Failure) 266M->266M(306M) 16.516ms
[1.655s][info][gc,cpu         ] GC(61) User=0.05s Sys=0.00s Real=0.02s
[1.664s][info][gc,start       ] GC(62) Pause Young (Allocation Failure)
[1.682s][info][gc,heap        ] GC(62) PSYoungGen: 36352K(36352K)->17728K(41984K) Eden: 7168K(7168K)->0K(7168K) From: 29184K(29184K)->17728K(34816K)
[1.682s][info][gc,heap        ] GC(62) ParOldGen: 243557K(277504K)->262509K(277504K)
[1.682s][info][gc,metaspace   ] GC(62) Metaspace: 6301K(6464K)->6301K(6464K) NonClass: 5768K(5824K)->5768K(5824K) Class: 533K(640K)->533K(640K)
[1.682s][info][gc             ] GC(62) Pause Young (Allocation Failure) 273M->273M(312M) 18.258ms
[1.682s][info][gc,cpu         ] GC(62) User=0.06s Sys=0.03s Real=0.02s
[1.682s][info][gc,start       ] GC(63) Pause Full (Ergonomics)
[1.682s][info][gc,phases,start] GC(63) Marking Phase
[1.745s][info][gc,phases      ] GC(63) Marking Phase 62.848ms
[1.745s][info][gc,phases,start] GC(63) Summary Phase
[1.745s][info][gc,phases      ] GC(63) Summary Phase 0.018ms
[1.745s][info][gc,phases,start] GC(63) Adjust Roots
[1.745s][info][gc,phases      ] GC(63) Adjust Roots 0.164ms
[1.745s][info][gc,phases,start] GC(63) Compaction Phase
[1.772s][info][gc,phases      ] GC(63) Compaction Phase 26.488ms
[1.772s][info][gc,phases,start] GC(63) Post Compact
[1.773s][info][gc,phases      ] GC(63) Post Compact 1.461ms
[1.774s][info][gc,heap        ] GC(63) PSYoungGen: 17728K(41984K)->2293K(41984K) Eden: 0K(7168K)->0K(7168K) From: 17728K(34816K)->2293K(34816K)
[1.774s][info][gc,heap        ] GC(63) ParOldGen: 262509K(277504K)->277414K(321536K)
[1.774s][info][gc,metaspace   ] GC(63) Metaspace: 6301K(6464K)->6301K(6464K) NonClass: 5768K(5824K)->5768K(5824K) Class: 533K(640K)->533K(640K)
[1.774s][info][gc             ] GC(63) Pause Full (Ergonomics) 273M->273M(355M) 91.683ms
[1.774s][info][gc,cpu         ] GC(63) User=0.31s Sys=0.02s Real=0.09s
[1.782s][info][gc,start       ] GC(64) Pause Young (Allocation Failure)
[1.800s][info][gc,heap        ] GC(64) PSYoungGen: 9461K(41984K)->8480K(40960K) Eden: 7168K(7168K)->0K(8192K) From: 2293K(34816K)->8480K(32768K)
[1.800s][info][gc,heap        ] GC(64) ParOldGen: 277414K(321536K)->278558K(321536K)
[1.800s][info][gc,metaspace   ] GC(64) Metaspace: 6301K(6464K)->6301K(6464K) NonClass: 5768K(5824K)->5768K(5824K) Class: 533K(640K)->533K(640K)
[1.800s][info][gc             ] GC(64) Pause Young (Allocation Failure) 280M->280M(354M) 18.050ms
[1.800s][info][gc,cpu         ] GC(64) User=0.02s Sys=0.00s Real=0.02s
[1.813s][info][gc,start       ] GC(65) Pause Young (Allocation Failure)
[1.823s][info][gc,heap        ] GC(65) PSYoungGen: 16672K(40960K)->16672K(41472K) Eden: 8192K(8192K)->0K(8192K) From: 8480K(32768K)->16672K(33280K)
[1.823s][info][gc,heap        ] GC(65) ParOldGen: 278558K(321536K)->278558K(321536K)
[1.823s][info][gc,metaspace   ] GC(65) Metaspace: 6301K(6464K)->6301K(6464K) NonClass: 5768K(5824K)->5768K(5824K) Class: 533K(640K)->533K(640K)
[1.823s][info][gc             ] GC(65) Pause Young (Allocation Failure) 288M->288M(354M) 9.890ms
[1.823s][info][gc,cpu         ] GC(65) User=0.00s Sys=0.00s Real=0.01s
[1.835s][info][gc,start       ] GC(66) Pause Young (Allocation Failure)
[1.849s][info][gc,heap        ] GC(66) PSYoungGen: 24864K(41472K)->24832K(39424K) Eden: 8192K(8192K)->0K(7168K) From: 16672K(33280K)->24832K(32256K)
[1.849s][info][gc,heap        ] GC(66) ParOldGen: 278558K(321536K)->278558K(321536K)
[1.849s][info][gc,metaspace   ] GC(66) Metaspace: 6301K(6464K)->6301K(6464K) NonClass: 5768K(5824K)->5768K(5824K) Class: 533K(640K)->533K(640K)
[1.849s][info][gc             ] GC(66) Pause Young (Allocation Failure) 296M->296M(352M) 14.034ms
[1.849s][info][gc,cpu         ] GC(66) User=0.02s Sys=0.00s Real=0.01s
[1.858s][info][gc,start       ] GC(67) Pause Young (Allocation Failure)
[1.873s][info][gc,heap        ] GC(67) PSYoungGen: 32000K(39424K)->30816K(41472K) Eden: 7168K(7168K)->0K(7168K) From: 24832K(32256K)->30816K(34304K)
[1.873s][info][gc,heap        ] GC(67) ParOldGen: 278558K(321536K)->279798K(321536K)
[1.873s][info][gc,metaspace   ] GC(67) Metaspace: 6301K(6464K)->6301K(6464K) NonClass: 5768K(5824K)->5768K(5824K) Class: 533K(640K)->533K(640K)
[1.873s][info][gc             ] GC(67) Pause Young (Allocation Failure) 303M->303M(354M) 15.496ms
[1.873s][info][gc,cpu         ] GC(67) User=0.02s Sys=0.00s Real=0.02s
[1.882s][info][gc,start       ] GC(68) Pause Young (Allocation Failure)
[1.901s][info][gc,heap        ] GC(68) PSYoungGen: 37984K(41472K)->30816K(43008K) Eden: 7168K(7168K)->0K(5120K) From: 30816K(34304K)->30816K(37888K)
[1.901s][info][gc,heap        ] GC(68) ParOldGen: 279798K(321536K)->287078K(321536K)
[1.901s][info][gc,metaspace   ] GC(68) Metaspace: 6301K(6464K)->6301K(6464K) NonClass: 5768K(5824K)->5768K(5824K) Class: 533K(640K)->533K(640K)
[1.901s][info][gc             ] GC(68) Pause Young (Allocation Failure) 310M->310M(356M) 18.808ms
[1.901s][info][gc,cpu         ] GC(68) User=0.12s Sys=0.00s Real=0.02s
[1.907s][info][gc,start       ] GC(69) Pause Young (Allocation Failure)
[1.925s][info][gc,heap        ] GC(69) PSYoungGen: 35936K(43008K)->19488K(25088K) Eden: 5120K(5120K)->0K(5120K) From: 30816K(37888K)->19488K(19968K)
[1.925s][info][gc,heap        ] GC(69) ParOldGen: 287078K(321536K)->303662K(321536K)
[1.925s][info][gc,metaspace   ] GC(69) Metaspace: 6301K(6464K)->6301K(6464K) NonClass: 5768K(5824K)->5768K(5824K) Class: 533K(640K)->533K(640K)
[1.925s][info][gc             ] GC(69) Pause Young (Allocation Failure) 315M->315M(338M) 18.299ms
[1.925s][info][gc,cpu         ] GC(69) User=0.08s Sys=0.00s Real=0.02s
[1.926s][info][gc,start       ] GC(70) Pause Full (Ergonomics)
[1.926s][info][gc,phases,start] GC(70) Marking Phase
[1.998s][info][gc,phases      ] GC(70) Marking Phase 72.755ms
[1.998s][info][gc,phases,start] GC(70) Summary Phase
[1.998s][info][gc,phases      ] GC(70) Summary Phase 0.023ms
[1.998s][info][gc,phases,start] GC(70) Adjust Roots
[1.999s][info][gc,phases      ] GC(70) Adjust Roots 0.194ms
[1.999s][info][gc,phases,start] GC(70) Compaction Phase
[2.028s][info][gc,phases      ] GC(70) Compaction Phase 29.527ms
[2.028s][info][gc,phases,start] GC(70) Post Compact
[2.030s][info][gc,phases      ] GC(70) Post Compact 1.849ms
[2.030s][info][gc,heap        ] GC(70) PSYoungGen: 19488K(25088K)->1481K(25088K) Eden: 0K(5120K)->0K(5120K) From: 19488K(19968K)->1481K(19968K)
[2.030s][info][gc,heap        ] GC(70) ParOldGen: 303662K(321536K)->321050K(368640K)
[2.030s][info][gc,metaspace   ] GC(70) Metaspace: 6301K(6464K)->6301K(6464K) NonClass: 5768K(5824K)->5768K(5824K) Class: 533K(640K)->533K(640K)
[2.030s][info][gc             ] GC(70) Pause Full (Ergonomics) 315M->314M(384M) 104.853ms
[2.030s][info][gc,cpu         ] GC(70) User=0.58s Sys=0.02s Real=0.11s
[2.037s][info][gc,start       ] GC(71) Pause Young (Allocation Failure)
[2.056s][info][gc,heap        ] GC(71) PSYoungGen: 6601K(25088K)->5408K(44544K) Eden: 5120K(5120K)->0K(5632K) From: 1481K(19968K)->5408K(38912K)
[2.056s][info][gc,heap        ] GC(71) ParOldGen: 321050K(368640K)->322386K(368640K)
[2.056s][info][gc,metaspace   ] GC(71) Metaspace: 6301K(6464K)->6301K(6464K) NonClass: 5768K(5824K)->5768K(5824K) Class: 533K(640K)->533K(640K)
[2.056s][info][gc             ] GC(71) Pause Young (Allocation Failure) 319M->320M(403M) 19.372ms
[2.056s][info][gc,cpu         ] GC(71) User=0.05s Sys=0.00s Real=0.02s
[2.064s][info][gc,start       ] GC(72) Pause Young (Allocation Failure)
[2.071s][info][gc,heap        ] GC(72) PSYoungGen: 11040K(44544K)->10816K(45056K) Eden: 5632K(5632K)->0K(5632K) From: 5408K(38912K)->10816K(39424K)
[2.071s][info][gc,heap        ] GC(72) ParOldGen: 322386K(368640K)->322626K(368640K)
[2.071s][info][gc,metaspace   ] GC(72) Metaspace: 6301K(6464K)->6301K(6464K) NonClass: 5768K(5824K)->5768K(5824K) Class: 533K(640K)->533K(640K)
[2.071s][info][gc             ] GC(72) Pause Young (Allocation Failure) 325M->325M(404M) 7.749ms
[2.071s][info][gc,cpu         ] GC(72) User=0.00s Sys=0.00s Real=0.01s
[2.078s][info][gc,start       ] GC(73) Pause Young (Allocation Failure)
[2.088s][info][gc,heap        ] GC(73) PSYoungGen: 16448K(45056K)->11392K(41984K) Eden: 5632K(5632K)->0K(6656K) From: 10816K(39424K)->11392K(35328K)
[2.088s][info][gc,heap        ] GC(73) ParOldGen: 322626K(368640K)->327826K(368640K)
[2.088s][info][gc,metaspace   ] GC(73) Metaspace: 6301K(6464K)->6301K(6464K) NonClass: 5768K(5824K)->5768K(5824K) Class: 533K(640K)->533K(640K)
[2.088s][info][gc             ] GC(73) Pause Young (Allocation Failure) 331M->331M(401M) 9.691ms
[2.088s][info][gc,cpu         ] GC(73) User=0.00s Sys=0.00s Real=0.01s
[2.096s][info][gc,start       ] GC(74) Pause Young (Allocation Failure)
[2.106s][info][gc,heap        ] GC(74) PSYoungGen: 18048K(41984K)->6752K(43520K) Eden: 6656K(6656K)->0K(6656K) From: 11392K(35328K)->6752K(36864K)
[2.106s][info][gc,heap        ] GC(74) ParOldGen: 327826K(368640K)->339218K(368640K)
[2.106s][info][gc,metaspace   ] GC(74) Metaspace: 6301K(6464K)->6301K(6464K) NonClass: 5768K(5824K)->5768K(5824K) Class: 533K(640K)->533K(640K)
[2.106s][info][gc             ] GC(74) Pause Young (Allocation Failure) 337M->337M(402M) 10.343ms
[2.106s][info][gc,cpu         ] GC(74) User=0.00s Sys=0.00s Real=0.01s
[2.114s][info][gc,start       ] GC(75) Pause Young (Allocation Failure)
[2.123s][info][gc,heap        ] GC(75) PSYoungGen: 13408K(43520K)->6784K(43008K) Eden: 6656K(6656K)->0K(7680K) From: 6752K(36864K)->6784K(35328K)
[2.123s][info][gc,heap        ] GC(75) ParOldGen: 339218K(368640K)->345970K(368640K)
[2.123s][info][gc,metaspace   ] GC(75) Metaspace: 6301K(6464K)->6301K(6464K) NonClass: 5768K(5824K)->5768K(5824K) Class: 533K(640K)->533K(640K)
[2.123s][info][gc             ] GC(75) Pause Young (Allocation Failure) 344M->344M(402M) 9.182ms
[2.123s][info][gc,cpu         ] GC(75) User=0.00s Sys=0.00s Real=0.01s
[2.201s][info][gc,start       ] GC(76) Pause Full (Ergonomics)
[2.201s][info][gc,phases,start] GC(76) Marking Phase
[2.288s][info][gc,phases      ] GC(76) Marking Phase 87.476ms
[2.288s][info][gc,phases,start] GC(76) Summary Phase
[2.288s][info][gc,phases      ] GC(76) Summary Phase 0.065ms
[2.288s][info][gc,phases,start] GC(76) Adjust Roots
[2.289s][info][gc,phases      ] GC(76) Adjust Roots 0.255ms
[2.289s][info][gc,phases,start] GC(76) Compaction Phase
[2.362s][info][gc,phases      ] GC(76) Compaction Phase 73.331ms
[2.362s][info][gc,phases,start] GC(76) Post Compact
[2.364s][info][gc,phases      ] GC(76) Post Compact 2.141ms
[2.365s][info][gc,heap        ] GC(76) PSYoungGen: 14464K(43008K)->0K(43520K) Eden: 7680K(7680K)->0K(7680K) From: 6784K(35328K)->0K(35840K)
[2.365s][info][gc,heap        ] GC(76) ParOldGen: 362354K(368640K)->367909K(416768K)
[2.365s][info][gc,metaspace   ] GC(76) Metaspace: 6301K(6464K)->6301K(6464K) NonClass: 5768K(5824K)->5768K(5824K) Class: 533K(640K)->533K(640K)
[2.365s][info][gc             ] GC(76) Pause Full (Ergonomics) 367M->359M(449M) 164.114ms
[2.365s][info][gc,cpu         ] GC(76) User=0.94s Sys=0.00s Real=0.16s
[2.372s][info][gc,start       ] GC(77) Pause Young (Allocation Failure)
[2.379s][info][gc,heap        ] GC(77) PSYoungGen: 7680K(43520K)->7808K(42496K) Eden: 7680K(7680K)->0K(8704K) From: 0K(35840K)->7808K(33792K)
[2.379s][info][gc,heap        ] GC(77) ParOldGen: 367909K(416768K)->367909K(416768K)
[2.379s][info][gc,metaspace   ] GC(77) Metaspace: 6301K(6464K)->6301K(6464K) NonClass: 5768K(5824K)->5768K(5824K) Class: 533K(640K)->533K(640K)
[2.379s][info][gc             ] GC(77) Pause Young (Allocation Failure) 366M->366M(448M) 6.652ms
[2.379s][info][gc,cpu         ] GC(77) User=0.00s Sys=0.00s Real=0.01s
[2.389s][info][gc,start       ] GC(78) Pause Young (Allocation Failure)
[2.398s][info][gc,heap        ] GC(78) PSYoungGen: 16512K(42496K)->16480K(43520K) Eden: 8704K(8704K)->0K(8704K) From: 7808K(33792K)->16480K(34816K)
[2.398s][info][gc,heap        ] GC(78) ParOldGen: 367909K(416768K)->367909K(416768K)
[2.398s][info][gc,metaspace   ] GC(78) Metaspace: 6301K(6464K)->6301K(6464K) NonClass: 5768K(5824K)->5768K(5824K) Class: 533K(640K)->533K(640K)
[2.398s][info][gc             ] GC(78) Pause Young (Allocation Failure) 375M->375M(449M) 9.805ms
[2.398s][info][gc,cpu         ] GC(78) User=0.02s Sys=0.00s Real=0.01s
[2.408s][info][gc,start       ] GC(79) Pause Young (Allocation Failure)
[2.421s][info][gc,heap        ] GC(79) PSYoungGen: 25184K(43520K)->25184K(41472K) Eden: 8704K(8704K)->0K(7680K) From: 16480K(34816K)->25184K(33792K)
[2.421s][info][gc,heap        ] GC(79) ParOldGen: 367909K(416768K)->367909K(416768K)
[2.421s][info][gc,metaspace   ] GC(79) Metaspace: 6301K(6464K)->6301K(6464K) NonClass: 5768K(5824K)->5768K(5824K) Class: 533K(640K)->533K(640K)
[2.421s][info][gc             ] GC(79) Pause Young (Allocation Failure) 383M->383M(447M) 13.468ms
[2.421s][info][gc,cpu         ] GC(79) User=0.00s Sys=0.00s Real=0.01s
[2.429s][info][gc,start       ] GC(80) Pause Young (Allocation Failure)
[2.445s][info][gc,heap        ] GC(80) PSYoungGen: 32864K(41472K)->25152K(43520K) Eden: 7680K(7680K)->0K(7680K) From: 25184K(33792K)->25152K(35840K)
[2.445s][info][gc,heap        ] GC(80) ParOldGen: 367909K(416768K)->375669K(416768K)
[2.445s][info][gc,metaspace   ] GC(80) Metaspace: 6301K(6464K)->6301K(6464K) NonClass: 5768K(5824K)->5768K(5824K) Class: 533K(640K)->533K(640K)
[2.445s][info][gc             ] GC(80) Pause Young (Allocation Failure) 391M->391M(449M) 16.410ms
[2.445s][info][gc,cpu         ] GC(80) User=0.03s Sys=0.00s Real=0.01s
[2.454s][info][gc,start       ] GC(81) Pause Young (Allocation Failure)
[2.471s][info][gc,heap        ] GC(81) PSYoungGen: 32832K(43520K)->15424K(43008K) Eden: 7680K(7680K)->0K(8704K) From: 25152K(35840K)->15424K(34304K)
[2.471s][info][gc,heap        ] GC(81) ParOldGen: 375669K(416768K)->393277K(416768K)
[2.471s][info][gc,metaspace   ] GC(81) Metaspace: 6301K(6464K)->6301K(6464K) NonClass: 5768K(5824K)->5768K(5824K) Class: 533K(640K)->533K(640K)
[2.471s][info][gc             ] GC(81) Pause Young (Allocation Failure) 398M->399M(449M) 16.938ms
[2.471s][info][gc,cpu         ] GC(81) User=0.11s Sys=0.00s Real=0.02s
[2.480s][info][gc,start       ] GC(82) Pause Young (Allocation Failure)
[2.494s][info][gc,heap        ] GC(82) PSYoungGen: 24128K(43008K)->8832K(44544K) Eden: 8704K(8704K)->0K(8704K) From: 15424K(34304K)->8832K(35840K)
[2.494s][info][gc,heap        ] GC(82) ParOldGen: 393277K(416768K)->408813K(416768K)
[2.494s][info][gc,metaspace   ] GC(82) Metaspace: 6301K(6464K)->6301K(6464K) NonClass: 5768K(5824K)->5768K(5824K) Class: 533K(640K)->533K(640K)
[2.494s][info][gc             ] GC(82) Pause Young (Allocation Failure) 407M->407M(450M) 13.803ms
[2.494s][info][gc,cpu         ] GC(82) User=0.02s Sys=0.00s Real=0.01s
[2.494s][info][gc,start       ] GC(83) Pause Full (Ergonomics)
[2.494s][info][gc,phases,start] GC(83) Marking Phase
[2.589s][info][gc,phases      ] GC(83) Marking Phase 94.769ms
[2.589s][info][gc,phases,start] GC(83) Summary Phase
[2.589s][info][gc,phases      ] GC(83) Summary Phase 0.041ms
[2.589s][info][gc,phases,start] GC(83) Adjust Roots
[2.589s][info][gc,phases      ] GC(83) Adjust Roots 0.281ms
[2.589s][info][gc,phases,start] GC(83) Compaction Phase
[2.635s][info][gc,phases      ] GC(83) Compaction Phase 46.055ms
[2.635s][info][gc,phases,start] GC(83) Post Compact
[2.638s][info][gc,phases      ] GC(83) Post Compact 2.803ms
[2.638s][info][gc,heap        ] GC(83) PSYoungGen: 8832K(44544K)->553K(44544K) Eden: 0K(8704K)->0K(8704K) From: 8832K(35840K)->553K(35840K)
[2.638s][info][gc,heap        ] GC(83) ParOldGen: 408813K(416768K)->416329K(473088K)
[2.638s][info][gc,metaspace   ] GC(83) Metaspace: 6301K(6464K)->6301K(6464K) NonClass: 5768K(5824K)->5768K(5824K) Class: 533K(640K)->533K(640K)
[2.638s][info][gc             ] GC(83) Pause Full (Ergonomics) 407M->407M(505M) 144.616ms
[2.638s][info][gc,cpu         ] GC(83) User=0.89s Sys=0.00s Real=0.14s
[2.649s][info][gc,start       ] GC(84) Pause Young (Allocation Failure)
[2.677s][info][gc,heap        ] GC(84) PSYoungGen: 9257K(44544K)->8864K(43008K) Eden: 8704K(8704K)->0K(9728K) From: 553K(35840K)->8864K(33280K)
[2.677s][info][gc,heap        ] GC(84) ParOldGen: 416329K(473088K)->416921K(473088K)
[2.677s][info][gc,metaspace   ] GC(84) Metaspace: 6301K(6464K)->6301K(6464K) NonClass: 5768K(5824K)->5768K(5824K) Class: 533K(640K)->533K(640K)
[2.677s][info][gc             ] GC(84) Pause Young (Allocation Failure) 415M->415M(504M) 28.154ms
[2.677s][info][gc,cpu         ] GC(84) User=0.08s Sys=0.00s Real=0.03s
[2.687s][info][gc,start       ] GC(85) Pause Young (Allocation Failure)
[2.701s][info][gc,heap        ] GC(85) PSYoungGen: 18592K(43008K)->9824K(19968K) Eden: 9728K(9728K)->0K(9728K) From: 8864K(33280K)->9824K(10240K)
[2.701s][info][gc,heap        ] GC(85) ParOldGen: 416921K(473088K)->425745K(473088K)
[2.701s][info][gc,metaspace   ] GC(85) Metaspace: 6301K(6464K)->6301K(6464K) NonClass: 5768K(5824K)->5768K(5824K) Class: 533K(640K)->533K(640K)
[2.701s][info][gc             ] GC(85) Pause Young (Allocation Failure) 425M->425M(481M) 13.503ms
[2.701s][info][gc,cpu         ] GC(85) User=0.02s Sys=0.00s Real=0.01s
[2.712s][info][gc,start       ] GC(86) Pause Young (Allocation Failure)
[2.725s][info][gc,heap        ] GC(86) PSYoungGen: 19552K(19968K)->9856K(42496K) Eden: 9728K(9728K)->0K(11264K) From: 9824K(10240K)->9856K(31232K)
[2.725s][info][gc,heap        ] GC(86) ParOldGen: 425745K(473088K)->435625K(473088K)
[2.725s][info][gc,metaspace   ] GC(86) Metaspace: 6301K(6464K)->6301K(6464K) NonClass: 5768K(5824K)->5768K(5824K) Class: 533K(640K)->533K(640K)
[2.725s][info][gc             ] GC(86) Pause Young (Allocation Failure) 434M->435M(503M) 13.532ms
[2.725s][info][gc,cpu         ] GC(86) User=0.02s Sys=0.00s Real=0.01s
[2.738s][info][gc,start       ] GC(87) Pause Young (Allocation Failure)
[2.751s][info][gc,heap        ] GC(87) PSYoungGen: 21120K(42496K)->11392K(43008K) Eden: 11264K(11264K)->0K(11264K) From: 9856K(31232K)->11392K(31744K)
[2.751s][info][gc,heap        ] GC(87) ParOldGen: 435625K(473088K)->445489K(473088K)
[2.751s][info][gc,metaspace   ] GC(87) Metaspace: 6301K(6464K)->6301K(6464K) NonClass: 5768K(5824K)->5768K(5824K) Class: 533K(640K)->533K(640K)
[2.751s][info][gc             ] GC(87) Pause Young (Allocation Failure) 446M->446M(504M) 13.312ms
[2.751s][info][gc,cpu         ] GC(87) User=0.02s Sys=0.00s Real=0.01s
[2.765s][info][gc,start       ] GC(88) Pause Young (Allocation Failure)
[2.779s][info][gc,heap        ] GC(88) PSYoungGen: 22656K(43008K)->11328K(40448K) Eden: 11264K(11264K)->0K(12800K) From: 11392K(31744K)->11328K(27648K)
[2.779s][info][gc,heap        ] GC(88) ParOldGen: 445489K(473088K)->456913K(473088K)
[2.779s][info][gc,metaspace   ] GC(88) Metaspace: 6301K(6464K)->6301K(6464K) NonClass: 5768K(5824K)->5768K(5824K) Class: 533K(640K)->533K(640K)
[2.779s][info][gc             ] GC(88) Pause Young (Allocation Failure) 457M->457M(501M) 14.602ms
[2.779s][info][gc,cpu         ] GC(88) User=0.02s Sys=0.00s Real=0.01s
[2.779s][info][gc,start       ] GC(89) Pause Full (Ergonomics)
[2.779s][info][gc,phases,start] GC(89) Marking Phase
[2.888s][info][gc,phases      ] GC(89) Marking Phase 108.758ms
[2.888s][info][gc,phases,start] GC(89) Summary Phase
[2.888s][info][gc,phases      ] GC(89) Summary Phase 0.044ms
[2.888s][info][gc,phases,start] GC(89) Adjust Roots
[2.888s][info][gc,phases      ] GC(89) Adjust Roots 0.236ms
[2.888s][info][gc,phases,start] GC(89) Compaction Phase
[2.936s][info][gc,phases      ] GC(89) Compaction Phase 47.940ms
[2.936s][info][gc,phases,start] GC(89) Post Compact
[2.940s][info][gc,phases      ] GC(89) Post Compact 3.340ms
[2.940s][info][gc,heap        ] GC(89) PSYoungGen: 11328K(40448K)->0K(41984K) Eden: 0K(12800K)->0K(12800K) From: 11328K(27648K)->0K(29184K)
[2.940s][info][gc,heap        ] GC(89) ParOldGen: 456913K(473088K)->467405K(526848K)
[2.940s][info][gc,metaspace   ] GC(89) Metaspace: 6301K(6464K)->6301K(6464K) NonClass: 5768K(5824K)->5768K(5824K) Class: 533K(640K)->533K(640K)
[2.940s][info][gc             ] GC(89) Pause Full (Ergonomics) 457M->456M(555M) 160.998ms
[2.940s][info][gc,cpu         ] GC(89) User=1.08s Sys=0.00s Real=0.16s
[2.955s][info][gc,start       ] GC(90) Pause Young (Allocation Failure)
[2.965s][info][gc,heap        ] GC(90) PSYoungGen: 12800K(41984K)->12864K(40448K) Eden: 12800K(12800K)->0K(14336K) From: 0K(29184K)->12864K(26112K)
[2.965s][info][gc,heap        ] GC(90) ParOldGen: 467405K(526848K)->467405K(526848K)
[2.965s][info][gc,metaspace   ] GC(90) Metaspace: 6301K(6464K)->6301K(6464K) NonClass: 5768K(5824K)->5768K(5824K) Class: 533K(640K)->533K(640K)
[2.965s][info][gc             ] GC(90) Pause Young (Allocation Failure) 468M->469M(554M) 9.805ms
[2.965s][info][gc,cpu         ] GC(90) User=0.00s Sys=0.00s Real=0.01s
[2.982s][info][gc,start       ] GC(91) Pause Young (Allocation Failure)
[2.997s][info][gc,heap        ] GC(91) PSYoungGen: 27200K(40448K)->27264K(41984K) Eden: 14336K(14336K)->0K(14336K) From: 12864K(26112K)->27264K(27648K)
[2.997s][info][gc,heap        ] GC(91) ParOldGen: 467405K(526848K)->467405K(526848K)
[2.997s][info][gc,metaspace   ] GC(91) Metaspace: 6301K(6464K)->6301K(6464K) NonClass: 5768K(5824K)->5768K(5824K) Class: 533K(640K)->533K(640K)
[2.997s][info][gc             ] GC(91) Pause Young (Allocation Failure) 483M->483M(555M) 15.024ms
[2.997s][info][gc,cpu         ] GC(91) User=0.02s Sys=0.00s Real=0.02s
[3.016s][info][gc,start       ] GC(92) Pause Young (Allocation Failure)
[3.041s][info][gc,heap        ] GC(92) PSYoungGen: 41600K(41984K)->31232K(38400K) Eden: 14336K(14336K)->0K(7168K) From: 27264K(27648K)->31232K(31232K)
[3.041s][info][gc,heap        ] GC(92) ParOldGen: 467405K(526848K)->477773K(526848K)
[3.041s][info][gc,metaspace   ] GC(92) Metaspace: 6301K(6464K)->6301K(6464K) NonClass: 5768K(5824K)->5768K(5824K) Class: 533K(640K)->533K(640K)
[3.041s][info][gc             ] GC(92) Pause Young (Allocation Failure) 497M->497M(552M) 25.004ms
[3.041s][info][gc,cpu         ] GC(92) User=0.19s Sys=0.00s Real=0.03s
[3.051s][info][gc,start       ] GC(93) Pause Young (Allocation Failure)
[3.073s][info][gc,heap        ] GC(93) PSYoungGen: 38400K(38400K)->18784K(26112K) Eden: 7168K(7168K)->0K(7168K) From: 31232K(31232K)->18784K(18944K)
[3.073s][info][gc,heap        ] GC(93) ParOldGen: 477773K(526848K)->497781K(526848K)
[3.073s][info][gc,metaspace   ] GC(93) Metaspace: 6301K(6464K)->6301K(6464K) NonClass: 5768K(5824K)->5768K(5824K) Class: 533K(640K)->533K(640K)
[3.074s][info][gc             ] GC(93) Pause Young (Allocation Failure) 504M->504M(540M) 22.462ms
[3.074s][info][gc,cpu         ] GC(93) User=0.08s Sys=0.02s Real=0.02s
[3.083s][info][gc,start       ] GC(94) Pause Young (Allocation Failure)
[3.099s][info][gc,heap        ] GC(94) PSYoungGen: 25952K(26112K)->14432K(43008K) Eden: 7168K(7168K)->0K(8192K) From: 18784K(18944K)->14432K(34816K)
[3.099s][info][gc,heap        ] GC(94) ParOldGen: 497781K(526848K)->509469K(526848K)
[3.099s][info][gc,metaspace   ] GC(94) Metaspace: 6301K(6464K)->6301K(6464K) NonClass: 5768K(5824K)->5768K(5824K) Class: 533K(640K)->533K(640K)
[3.100s][info][gc             ] GC(94) Pause Young (Allocation Failure) 511M->511M(556M) 16.543ms
[3.100s][info][gc,cpu         ] GC(94) User=0.06s Sys=0.02s Real=0.02s
[3.100s][info][gc,start       ] GC(95) Pause Full (Ergonomics)
[3.100s][info][gc,phases,start] GC(95) Marking Phase
[3.246s][info][gc,phases      ] GC(95) Marking Phase 146.201ms
[3.246s][info][gc,phases,start] GC(95) Summary Phase
[3.246s][info][gc,phases      ] GC(95) Summary Phase 0.033ms
[3.246s][info][gc,phases,start] GC(95) Adjust Roots
[3.246s][info][gc,phases      ] GC(95) Adjust Roots 0.335ms
[3.246s][info][gc,phases,start] GC(95) Compaction Phase
[3.306s][info][gc,phases      ] GC(95) Compaction Phase 59.524ms
[3.306s][info][gc,phases,start] GC(95) Post Compact
[3.308s][info][gc,phases      ] GC(95) Post Compact 1.526ms
[3.308s][info][gc,heap        ] GC(95) PSYoungGen: 14432K(43008K)->0K(44544K) Eden: 0K(8192K)->0K(8192K) From: 14432K(34816K)->0K(36352K)
[3.308s][info][gc,heap        ] GC(95) ParOldGen: 509469K(526848K)->523052K(588800K)
[3.308s][info][gc,metaspace   ] GC(95) Metaspace: 6301K(6464K)->6301K(6464K) NonClass: 5768K(5824K)->5768K(5824K) Class: 533K(640K)->533K(640K)
[3.308s][info][gc             ] GC(95) Pause Full (Ergonomics) 511M->510M(618M) 208.595ms
[3.308s][info][gc,cpu         ] GC(95) User=1.23s Sys=0.00s Real=0.21s
[3.319s][info][gc,start       ] GC(96) Pause Young (Allocation Failure)
[3.326s][info][gc,heap        ] GC(96) PSYoungGen: 8192K(44544K)->8288K(45056K) Eden: 8192K(8192K)->0K(9216K) From: 0K(36352K)->8288K(35840K)
[3.326s][info][gc,heap        ] GC(96) ParOldGen: 523052K(588800K)->523052K(588800K)
[3.326s][info][gc,metaspace   ] GC(96) Metaspace: 6301K(6464K)->6301K(6464K) NonClass: 5768K(5824K)->5768K(5824K) Class: 533K(640K)->533K(640K)
[3.326s][info][gc             ] GC(96) Pause Young (Allocation Failure) 518M->518M(619M) 7.564ms
[3.326s][info][gc,cpu         ] GC(96) User=0.00s Sys=0.00s Real=0.01s
[3.337s][info][gc,start       ] GC(97) Pause Young (Allocation Failure)
[3.350s][info][gc,heap        ] GC(97) PSYoungGen: 17504K(45056K)->17472K(27136K) Eden: 9216K(9216K)->0K(9216K) From: 8288K(35840K)->17472K(17920K)
[3.350s][info][gc,heap        ] GC(97) ParOldGen: 523052K(588800K)->523052K(588800K)
[3.350s][info][gc,metaspace   ] GC(97) Metaspace: 6301K(6464K)->6301K(6464K) NonClass: 5768K(5824K)->5768K(5824K) Class: 533K(640K)->533K(640K)
[3.350s][info][gc             ] GC(97) Pause Young (Allocation Failure) 527M->527M(601M) 12.643ms
[3.350s][info][gc,cpu         ] GC(97) User=0.02s Sys=0.00s Real=0.01s
[3.360s][info][gc,start       ] GC(98) Pause Young (Allocation Failure)
[3.376s][info][gc,heap        ] GC(98) PSYoungGen: 26688K(27136K)->26688K(43008K) Eden: 9216K(9216K)->0K(8192K) From: 17472K(17920K)->26688K(34816K)
[3.376s][info][gc,heap        ] GC(98) ParOldGen: 523052K(588800K)->523052K(588800K)
[3.376s][info][gc,metaspace   ] GC(98) Metaspace: 6301K(6464K)->6301K(6464K) NonClass: 5768K(5824K)->5768K(5824K) Class: 533K(640K)->533K(640K)
[3.376s][info][gc             ] GC(98) Pause Young (Allocation Failure) 536M->536M(617M) 16.442ms
[3.376s][info][gc,cpu         ] GC(98) User=0.02s Sys=0.00s Real=0.02s
[3.386s][info][gc,start       ] GC(99) Pause Young (Allocation Failure)
[3.405s][info][gc,heap        ] GC(99) PSYoungGen: 34880K(43008K)->34848K(45056K) Eden: 8192K(8192K)->0K(8192K) From: 26688K(34816K)->34848K(36864K)
[3.406s][info][gc,heap        ] GC(99) ParOldGen: 523052K(588800K)->523052K(588800K)
[3.406s][info][gc,metaspace   ] GC(99) Metaspace: 6301K(6464K)->6301K(6464K) NonClass: 5768K(5824K)->5768K(5824K) Class: 533K(640K)->533K(640K)
[3.406s][info][gc             ] GC(99) Pause Young (Allocation Failure) 544M->544M(619M) 19.829ms
[3.406s][info][gc,cpu         ] GC(99) User=0.11s Sys=0.00s Real=0.02s
[3.415s][info][gc,start       ] GC(100) Pause Young (Allocation Failure)
[3.437s][info][gc,heap        ] GC(100) PSYoungGen: 43040K(45056K)->34912K(46592K) Eden: 8192K(8192K)->0K(5632K) From: 34848K(36864K)->34912K(40960K)
[3.437s][info][gc,heap        ] GC(100) ParOldGen: 523052K(588800K)->531348K(588800K)
[3.437s][info][gc,metaspace   ] GC(100) Metaspace: 6301K(6464K)->6301K(6464K) NonClass: 5768K(5824K)->5768K(5824K) Class: 533K(640K)->533K(640K)
[3.437s][info][gc             ] GC(100) Pause Young (Allocation Failure) 552M->552M(620M) 22.334ms
[3.437s][info][gc,cpu         ] GC(100) User=0.11s Sys=0.02s Real=0.02s
[3.444s][info][gc,start       ] GC(101) Pause Young (Allocation Failure)
[3.466s][info][gc,heap        ] GC(101) PSYoungGen: 40544K(46592K)->22112K(28160K) Eden: 5632K(5632K)->0K(5632K) From: 34912K(40960K)->22112K(22528K)
[3.466s][info][gc,heap        ] GC(101) ParOldGen: 531348K(588800K)->549988K(588800K)
[3.466s][info][gc,metaspace   ] GC(101) Metaspace: 6301K(6464K)->6301K(6464K) NonClass: 5768K(5824K)->5768K(5824K) Class: 533K(640K)->533K(640K)
[3.466s][info][gc             ] GC(101) Pause Young (Allocation Failure) 558M->558M(602M) 22.390ms
[3.466s][info][gc,cpu         ] GC(101) User=0.11s Sys=0.00s Real=0.02s
[3.473s][info][gc,start       ] GC(102) Pause Young (Allocation Failure)
[3.489s][info][gc,heap        ] GC(102) PSYoungGen: 27744K(28160K)->11328K(48640K) Eden: 5632K(5632K)->0K(6656K) From: 22112K(22528K)->11328K(41984K)
[3.489s][info][gc,heap        ] GC(102) ParOldGen: 549988K(588800K)->566572K(588800K)
[3.489s][info][gc,metaspace   ] GC(102) Metaspace: 6301K(6464K)->6301K(6464K) NonClass: 5768K(5824K)->5768K(5824K) Class: 533K(640K)->533K(640K)
[3.489s][info][gc             ] GC(102) Pause Young (Allocation Failure) 564M->564M(622M) 15.935ms
[3.489s][info][gc,cpu         ] GC(102) User=0.00s Sys=0.00s Real=0.02s
[3.489s][info][gc,start       ] GC(103) Pause Full (Ergonomics)
[3.489s][info][gc,phases,start] GC(103) Marking Phase
[3.620s][info][gc,phases      ] GC(103) Marking Phase 131.146ms
[3.620s][info][gc,phases,start] GC(103) Summary Phase
[3.620s][info][gc,phases      ] GC(103) Summary Phase 0.039ms
[3.620s][info][gc,phases,start] GC(103) Adjust Roots
[3.621s][info][gc,phases      ] GC(103) Adjust Roots 0.262ms
[3.621s][info][gc,phases,start] GC(103) Compaction Phase
[3.670s][info][gc,phases      ] GC(103) Compaction Phase 48.893ms
[3.670s][info][gc,phases,start] GC(103) Post Compact
[3.671s][info][gc,phases      ] GC(103) Post Compact 1.202ms
[3.671s][info][gc,heap        ] GC(103) PSYoungGen: 11328K(48640K)->0K(49152K) Eden: 0K(6656K)->0K(6656K) From: 11328K(41984K)->0K(42496K)
[3.671s][info][gc,heap        ] GC(103) ParOldGen: 566572K(588800K)->577097K(649728K)
[3.671s][info][gc,metaspace   ] GC(103) Metaspace: 6301K(6464K)->6301K(6464K) NonClass: 5768K(5824K)->5768K(5824K) Class: 533K(640K)->533K(640K)
[3.671s][info][gc             ] GC(103) Pause Full (Ergonomics) 564M->563M(682M) 182.213ms
[3.671s][info][gc,cpu         ] GC(103) User=1.27s Sys=0.00s Real=0.18s
[3.680s][info][gc,start       ] GC(104) Pause Young (Allocation Failure)
[3.687s][info][gc,heap        ] GC(104) PSYoungGen: 6656K(49152K)->6784K(50176K) Eden: 6656K(6656K)->0K(7680K) From: 0K(42496K)->6784K(42496K)
[3.687s][info][gc,heap        ] GC(104) ParOldGen: 577097K(649728K)->577097K(649728K)
[3.687s][info][gc,metaspace   ] GC(104) Metaspace: 6301K(6464K)->6301K(6464K) NonClass: 5768K(5824K)->5768K(5824K) Class: 533K(640K)->533K(640K)
[3.687s][info][gc             ] GC(104) Pause Young (Allocation Failure) 570M->570M(683M) 7.470ms
[3.687s][info][gc,cpu         ] GC(104) User=0.00s Sys=0.00s Real=0.01s
[3.696s][info][gc,start       ] GC(105) Pause Young (Allocation Failure)
[3.705s][info][gc,heap        ] GC(105) PSYoungGen: 14464K(50176K)->7776K(50176K) Eden: 7680K(7680K)->0K(7680K) From: 6784K(42496K)->7776K(42496K)
[3.705s][info][gc,heap        ] GC(105) ParOldGen: 577097K(649728K)->583849K(649728K)
[3.705s][info][gc,metaspace   ] GC(105) Metaspace: 6301K(6464K)->6301K(6464K) NonClass: 5768K(5824K)->5768K(5824K) Class: 533K(640K)->533K(640K)
[3.705s][info][gc             ] GC(105) Pause Young (Allocation Failure) 577M->577M(683M) 9.584ms
[3.705s][info][gc,cpu         ] GC(105) User=0.02s Sys=0.00s Real=0.01s
[3.714s][info][gc,start       ] GC(106) Pause Young (Allocation Failure)
[3.723s][info][gc,heap        ] GC(106) PSYoungGen: 15456K(50176K)->7776K(48640K) Eden: 7680K(7680K)->0K(8704K) From: 7776K(42496K)->7776K(39936K)
[3.723s][info][gc,heap        ] GC(106) ParOldGen: 583849K(649728K)->591625K(649728K)
[3.723s][info][gc,metaspace   ] GC(106) Metaspace: 6301K(6464K)->6301K(6464K) NonClass: 5768K(5824K)->5768K(5824K) Class: 533K(640K)->533K(640K)
[3.723s][info][gc             ] GC(106) Pause Young (Allocation Failure) 585M->585M(682M) 9.608ms
[3.723s][info][gc,cpu         ] GC(106) User=0.02s Sys=0.00s Real=0.01s
[3.734s][info][gc,start       ] GC(107) Pause Young (Allocation Failure)
[3.744s][info][gc,heap        ] GC(107) PSYoungGen: 16480K(48640K)->8800K(49664K) Eden: 8704K(8704K)->0K(8704K) From: 7776K(39936K)->8800K(40960K)
[3.744s][info][gc,heap        ] GC(107) ParOldGen: 591625K(649728K)->599417K(649728K)
[3.744s][info][gc,metaspace   ] GC(107) Metaspace: 6301K(6464K)->6301K(6464K) NonClass: 5768K(5824K)->5768K(5824K) Class: 533K(640K)->533K(640K)
[3.744s][info][gc             ] GC(107) Pause Young (Allocation Failure) 593M->593M(683M) 10.217ms
[3.744s][info][gc,cpu         ] GC(107) User=0.02s Sys=0.00s Real=0.01s
[3.754s][info][gc,start       ] GC(108) Pause Young (Allocation Failure)
[3.764s][info][gc,heap        ] GC(108) PSYoungGen: 17504K(49664K)->8832K(48640K) Eden: 8704K(8704K)->0K(10240K) From: 8800K(40960K)->8832K(38400K)
[3.765s][info][gc,heap        ] GC(108) ParOldGen: 599417K(649728K)->608241K(649728K)
[3.765s][info][gc,metaspace   ] GC(108) Metaspace: 6301K(6464K)->6301K(6464K) NonClass: 5768K(5824K)->5768K(5824K) Class: 533K(640K)->533K(640K)
[3.765s][info][gc             ] GC(108) Pause Young (Allocation Failure) 602M->602M(682M) 10.657ms
[3.765s][info][gc,cpu         ] GC(108) User=0.00s Sys=0.00s Real=0.01s
[3.777s][info][gc,start       ] GC(109) Pause Young (Allocation Failure)
[3.789s][info][gc,heap        ] GC(109) PSYoungGen: 19072K(48640K)->10336K(20992K) Eden: 10240K(10240K)->0K(10240K) From: 8832K(38400K)->10336K(10752K)
[3.789s][info][gc,heap        ] GC(109) ParOldGen: 608241K(649728K)->617073K(649728K)
[3.789s][info][gc,metaspace   ] GC(109) Metaspace: 6301K(6464K)->6301K(6464K) NonClass: 5768K(5824K)->5768K(5824K) Class: 533K(640K)->533K(640K)
[3.789s][info][gc             ] GC(109) Pause Young (Allocation Failure) 612M->612M(655M) 12.048ms
[3.789s][info][gc,cpu         ] GC(109) User=0.02s Sys=0.00s Real=0.01s
[3.802s][info][gc,start       ] GC(110) Pause Young (Allocation Failure)
[3.815s][info][gc,heap        ] GC(110) PSYoungGen: 20576K(20992K)->10336K(45568K) Eden: 10240K(10240K)->0K(11264K) From: 10336K(10752K)->10336K(34304K)
[3.815s][info][gc,heap        ] GC(110) ParOldGen: 617073K(649728K)->627465K(649728K)
[3.815s][info][gc,metaspace   ] GC(110) Metaspace: 6301K(6464K)->6301K(6464K) NonClass: 5768K(5824K)->5768K(5824K) Class: 533K(640K)->533K(640K)
[3.815s][info][gc             ] GC(110) Pause Young (Allocation Failure) 622M->622M(679M) 13.333ms
[3.815s][info][gc,cpu         ] GC(110) User=0.02s Sys=0.00s Real=0.01s
[3.830s][info][gc,start       ] GC(111) Pause Young (Allocation Failure)
[3.843s][info][gc,heap        ] GC(111) PSYoungGen: 21600K(45568K)->11360K(47104K) Eden: 11264K(11264K)->0K(11264K) From: 10336K(34304K)->11360K(35840K)
[3.843s][info][gc,heap        ] GC(111) ParOldGen: 627465K(649728K)->637841K(649728K)
[3.843s][info][gc,metaspace   ] GC(111) Metaspace: 6301K(6464K)->6301K(6464K) NonClass: 5768K(5824K)->5768K(5824K) Class: 533K(640K)->533K(640K)
[3.843s][info][gc             ] GC(111) Pause Young (Allocation Failure) 633M->633M(680M) 13.462ms
[3.843s][info][gc,cpu         ] GC(111) User=0.00s Sys=0.00s Real=0.01s
[3.843s][info][gc,start       ] GC(112) Pause Full (Ergonomics)
[3.843s][info][gc,phases,start] GC(112) Marking Phase
[3.979s][info][gc,phases      ] GC(112) Marking Phase 136.237ms
[3.979s][info][gc,phases,start] GC(112) Summary Phase
[3.979s][info][gc,phases      ] GC(112) Summary Phase 0.037ms
[3.979s][info][gc,phases,start] GC(112) Adjust Roots
[3.980s][info][gc,phases      ] GC(112) Adjust Roots 0.223ms
[3.980s][info][gc,phases,start] GC(112) Compaction Phase
[4.044s][info][gc,phases      ] GC(112) Compaction Phase 64.342ms
[4.044s][info][gc,phases,start] GC(112) Post Compact
[4.045s][info][gc,phases      ] GC(112) Post Compact 1.259ms
[4.046s][info][gc,heap        ] GC(112) PSYoungGen: 11360K(47104K)->0K(47104K) Eden: 0K(11264K)->0K(12800K) From: 11360K(35840K)->0K(34304K)
[4.046s][info][gc,heap        ] GC(112) ParOldGen: 637841K(649728K)->648023K(718848K)
[4.046s][info][gc,metaspace   ] GC(112) Metaspace: 6301K(6464K)->6301K(6464K) NonClass: 5768K(5824K)->5768K(5824K) Class: 533K(640K)->533K(640K)
[4.046s][info][gc             ] GC(112) Pause Full (Ergonomics) 633M->632M(748M) 202.792ms
[4.046s][info][gc,cpu         ] GC(112) User=1.39s Sys=0.00s Real=0.20s
[4.063s][info][gc,start       ] GC(113) Pause Young (Allocation Failure)
[4.073s][info][gc,heap        ] GC(113) PSYoungGen: 12800K(47104K)->12928K(26112K) Eden: 12800K(12800K)->0K(12800K) From: 0K(34304K)->12928K(13312K)
[4.073s][info][gc,heap        ] GC(113) ParOldGen: 648023K(718848K)->648023K(718848K)
[4.073s][info][gc,metaspace   ] GC(113) Metaspace: 6301K(6464K)->6301K(6464K) NonClass: 5768K(5824K)->5768K(5824K) Class: 533K(640K)->533K(640K)
[4.073s][info][gc             ] GC(113) Pause Young (Allocation Failure) 645M->645M(727M) 10.449ms
[4.073s][info][gc,cpu         ] GC(113) User=0.00s Sys=0.00s Real=0.01s
[4.089s][info][gc,start       ] GC(114) Pause Young (Allocation Failure)
[4.104s][info][gc,heap        ] GC(114) PSYoungGen: 25728K(26112K)->25728K(44032K) Eden: 12800K(12800K)->0K(11776K) From: 12928K(13312K)->25728K(32256K)
[4.104s][info][gc,heap        ] GC(114) ParOldGen: 648023K(718848K)->648023K(718848K)
[4.104s][info][gc,metaspace   ] GC(114) Metaspace: 6301K(6464K)->6301K(6464K) NonClass: 5768K(5824K)->5768K(5824K) Class: 533K(640K)->533K(640K)
[4.104s][info][gc             ] GC(114) Pause Young (Allocation Failure) 657M->657M(745M) 15.221ms
[4.104s][info][gc,cpu         ] GC(114) User=0.02s Sys=0.00s Real=0.02s
[4.119s][info][gc,start       ] GC(115) Pause Young (Allocation Failure)
[4.141s][info][gc,heap        ] GC(115) PSYoungGen: 37504K(44032K)->34816K(46592K) Eden: 11776K(11776K)->0K(11776K) From: 25728K(32256K)->34816K(34816K)
[4.141s][info][gc,heap        ] GC(115) ParOldGen: 648023K(718848K)->650639K(718848K)
[4.141s][info][gc,metaspace   ] GC(115) Metaspace: 6301K(6464K)->6301K(6464K) NonClass: 5768K(5824K)->5768K(5824K) Class: 533K(640K)->533K(640K)
[4.141s][info][gc             ] GC(115) Pause Young (Allocation Failure) 669M->669M(747M) 22.539ms
[4.141s][info][gc,cpu         ] GC(115) User=0.11s Sys=0.00s Real=0.02s
[4.157s][info][gc,start       ] GC(116) Pause Young (Allocation Failure)
[4.184s][info][gc,heap        ] GC(116) PSYoungGen: 46592K(46592K)->22688K(54272K) Eden: 11776K(11776K)->0K(13312K) From: 34816K(34816K)->22688K(40960K)
[4.184s][info][gc,heap        ] GC(116) ParOldGen: 650639K(718848K)->675031K(718848K)
[4.184s][info][gc,metaspace   ] GC(116) Metaspace: 6301K(6464K)->6301K(6464K) NonClass: 5768K(5824K)->5768K(5824K) Class: 533K(640K)->533K(640K)
[4.184s][info][gc             ] GC(116) Pause Young (Allocation Failure) 680M->681M(755M) 27.280ms
[4.184s][info][gc,cpu         ] GC(116) User=0.09s Sys=0.00s Real=0.03s
[4.313s][info][gc,start       ] GC(117) Pause Full (Ergonomics)
[4.314s][info][gc,phases,start] GC(117) Marking Phase
[4.484s][info][gc,phases      ] GC(117) Marking Phase 169.962ms
[4.484s][info][gc,phases,start] GC(117) Summary Phase
[4.484s][info][gc,phases      ] GC(117) Summary Phase 0.026ms
[4.484s][info][gc,phases,start] GC(117) Adjust Roots
[4.484s][info][gc,phases      ] GC(117) Adjust Roots 0.240ms
[4.484s][info][gc,phases,start] GC(117) Compaction Phase
[4.603s][info][gc,phases      ] GC(117) Compaction Phase 118.688ms
[4.603s][info][gc,phases,start] GC(117) Post Compact
[4.604s][info][gc,phases      ] GC(117) Post Compact 1.623ms
[4.605s][info][gc,heap        ] GC(117) PSYoungGen: 36000K(54272K)->8167K(54272K) Eden: 13312K(13312K)->0K(13312K) From: 22688K(40960K)->8167K(40960K)
[4.605s][info][gc,heap        ] GC(117) ParOldGen: 707799K(718848K)->718554K(799232K)
[4.605s][info][gc,metaspace   ] GC(117) Metaspace: 6301K(6464K)->6301K(6464K) NonClass: 5768K(5824K)->5768K(5824K) Class: 533K(640K)->533K(640K)
[4.605s][info][gc             ] GC(117) Pause Full (Ergonomics) 726M->709M(833M) 291.365ms
[4.605s][info][gc,cpu         ] GC(117) User=1.78s Sys=0.02s Real=0.29s
[4.621s][info][gc,start       ] GC(118) Pause Young (Allocation Failure)
[4.674s][info][gc,heap        ] GC(118) PSYoungGen: 21479K(54272K)->17600K(31232K) Eden: 13312K(13312K)->0K(13312K) From: 8167K(40960K)->17600K(17920K)
[4.674s][info][gc,heap        ] GC(118) ParOldGen: 718554K(799232K)->722634K(799232K)
[4.674s][info][gc,metaspace   ] GC(118) Metaspace: 6301K(6464K)->6301K(6464K) NonClass: 5768K(5824K)->5768K(5824K) Class: 533K(640K)->533K(640K)
[4.674s][info][gc             ] GC(118) Pause Young (Allocation Failure) 722M->722M(811M) 53.008ms
[4.674s][info][gc,cpu         ] GC(118) User=0.19s Sys=0.00s Real=0.05s
[4.689s][info][gc,start       ] GC(119) Pause Young (Allocation Failure)
[4.710s][info][gc,heap        ] GC(119) PSYoungGen: 30912K(31232K)->30976K(50176K) Eden: 13312K(13312K)->0K(11776K) From: 17600K(17920K)->30976K(38400K)
[4.710s][info][gc,heap        ] GC(119) ParOldGen: 722634K(799232K)->722634K(799232K)
[4.710s][info][gc,metaspace   ] GC(119) Metaspace: 6301K(6464K)->6301K(6464K) NonClass: 5768K(5824K)->5768K(5824K) Class: 533K(640K)->533K(640K)
[4.710s][info][gc             ] GC(119) Pause Young (Allocation Failure) 735M->735M(829M) 21.091ms
[4.710s][info][gc,cpu         ] GC(119) User=0.03s Sys=0.00s Real=0.02s
[4.724s][info][gc,start       ] GC(120) Pause Young (Allocation Failure)
[4.758s][info][gc,heap        ] GC(120) PSYoungGen: 42752K(50176K)->41472K(53248K) Eden: 11776K(11776K)->0K(11776K) From: 30976K(38400K)->41472K(41472K)
[4.758s][info][gc,heap        ] GC(120) ParOldGen: 722634K(799232K)->723786K(799232K)
[4.758s][info][gc,metaspace   ] GC(120) Metaspace: 6301K(6464K)->6301K(6464K) NonClass: 5768K(5824K)->5768K(5824K) Class: 533K(640K)->533K(640K)
[4.758s][info][gc             ] GC(120) Pause Young (Allocation Failure) 747M->747M(832M) 34.694ms
[4.758s][info][gc,cpu         ] GC(120) User=0.11s Sys=0.00s Real=0.04s
[4.775s][info][gc,start       ] GC(121) Pause Young (Allocation Failure)
[4.808s][info][gc,heap        ] GC(121) PSYoungGen: 53248K(53248K)->36736K(58368K) Eden: 11776K(11776K)->0K(10240K) From: 41472K(41472K)->36736K(48128K)
[4.808s][info][gc,heap        ] GC(121) ParOldGen: 723786K(799232K)->740634K(799232K)
[4.808s][info][gc,metaspace   ] GC(121) Metaspace: 6301K(6464K)->6301K(6464K) NonClass: 5768K(5824K)->5768K(5824K) Class: 533K(640K)->533K(640K)
[4.808s][info][gc             ] GC(121) Pause Young (Allocation Failure) 758M->759M(837M) 33.012ms
[4.808s][info][gc,cpu         ] GC(121) User=0.19s Sys=0.02s Real=0.03s
[4.820s][info][gc,start       ] GC(122) Pause Young (Allocation Failure)
[4.848s][info][gc,heap        ] GC(122) PSYoungGen: 46976K(58368K)->33920K(61440K) Eden: 10240K(10240K)->0K(10240K) From: 36736K(48128K)->33920K(51200K)
[4.848s][info][gc,heap        ] GC(122) ParOldGen: 740634K(799232K)->753938K(799232K)
[4.848s][info][gc,metaspace   ] GC(122) Metaspace: 6301K(6464K)->6301K(6464K) NonClass: 5768K(5824K)->5768K(5824K) Class: 533K(640K)->533K(640K)
[4.848s][info][gc             ] GC(122) Pause Young (Allocation Failure) 769M->769M(840M) 28.101ms
[4.848s][info][gc,cpu         ] GC(122) User=0.12s Sys=0.00s Real=0.03s
[4.860s][info][gc,start       ] GC(123) Pause Young (Allocation Failure)
[4.891s][info][gc,heap        ] GC(123) PSYoungGen: 44160K(61440K)->20576K(59904K) Eden: 10240K(10240K)->0K(11776K) From: 33920K(51200K)->20576K(48128K)
[4.891s][info][gc,heap        ] GC(123) ParOldGen: 753938K(799232K)->777762K(799232K)
[4.891s][info][gc,metaspace   ] GC(123) Metaspace: 6301K(6464K)->6301K(6464K) NonClass: 5768K(5824K)->5768K(5824K) Class: 533K(640K)->533K(640K)
[4.891s][info][gc             ] GC(123) Pause Young (Allocation Failure) 779M->779M(839M) 31.355ms
[4.891s][info][gc,cpu         ] GC(123) User=0.09s Sys=0.00s Real=0.03s
[4.891s][info][gc,start       ] GC(124) Pause Full (Ergonomics)
[4.891s][info][gc,phases,start] GC(124) Marking Phase
[5.082s][info][gc,phases      ] GC(124) Marking Phase 190.830ms
[5.082s][info][gc,phases,start] GC(124) Summary Phase
[5.082s][info][gc,phases      ] GC(124) Summary Phase 0.045ms
[5.082s][info][gc,phases,start] GC(124) Adjust Roots
[5.083s][info][gc,phases      ] GC(124) Adjust Roots 0.253ms
[5.083s][info][gc,phases,start] GC(124) Compaction Phase
[5.171s][info][gc,phases      ] GC(124) Compaction Phase 87.892ms
[5.171s][info][gc,phases,start] GC(124) Post Compact
[5.172s][info][gc,phases      ] GC(124) Post Compact 1.556ms
[5.173s][info][gc,heap        ] GC(124) PSYoungGen: 20576K(59904K)->0K(61952K) Eden: 0K(11776K)->0K(11776K) From: 20576K(48128K)->0K(50176K)
[5.173s][info][gc,heap        ] GC(124) ParOldGen: 777762K(799232K)->797193K(889344K)
[5.173s][info][gc,metaspace   ] GC(124) Metaspace: 6301K(6464K)->6301K(6464K) NonClass: 5768K(5824K)->5768K(5824K) Class: 533K(640K)->533K(640K)
[5.173s][info][gc             ] GC(124) Pause Full (Ergonomics) 779M->778M(929M) 281.398ms
[5.173s][info][gc,cpu         ] GC(124) User=1.64s Sys=0.02s Real=0.28s
[5.185s][info][gc,start       ] GC(125) Pause Young (Allocation Failure)
[5.197s][info][gc,heap        ] GC(125) PSYoungGen: 11776K(61952K)->11936K(61952K) Eden: 11776K(11776K)->0K(13312K) From: 0K(50176K)->11936K(48640K)
[5.197s][info][gc,heap        ] GC(125) ParOldGen: 797193K(889344K)->797193K(889344K)
[5.197s][info][gc,metaspace   ] GC(125) Metaspace: 6301K(6464K)->6301K(6464K) NonClass: 5768K(5824K)->5768K(5824K) Class: 533K(640K)->533K(640K)
[5.197s][info][gc             ] GC(125) Pause Young (Allocation Failure) 790M->790M(929M) 12.444ms
[5.197s][info][gc,cpu         ] GC(125) User=0.00s Sys=0.00s Real=0.01s
[5.211s][info][gc,start       ] GC(126) Pause Young (Allocation Failure)
[5.227s][info][gc,heap        ] GC(126) PSYoungGen: 25248K(61952K)->13408K(62976K) Eden: 13312K(13312K)->0K(13312K) From: 11936K(48640K)->13408K(49664K)
[5.227s][info][gc,heap        ] GC(126) ParOldGen: 797193K(889344K)->809121K(889344K)
[5.228s][info][gc,metaspace   ] GC(126) Metaspace: 6301K(6464K)->6301K(6464K) NonClass: 5768K(5824K)->5768K(5824K) Class: 533K(640K)->533K(640K)
[5.228s][info][gc             ] GC(126) Pause Young (Allocation Failure) 803M->803M(930M) 16.307ms
[5.228s][info][gc,cpu         ] GC(126) User=0.03s Sys=0.00s Real=0.02s
[5.242s][info][gc,start       ] GC(127) Pause Young (Allocation Failure)
[5.262s][info][gc,heap        ] GC(127) PSYoungGen: 26720K(62976K)->13440K(61952K) Eden: 13312K(13312K)->0K(15360K) From: 13408K(49664K)->13440K(46592K)
[5.262s][info][gc,heap        ] GC(127) ParOldGen: 809121K(889344K)->822625K(889344K)
[5.262s][info][gc,metaspace   ] GC(127) Metaspace: 6301K(6464K)->6301K(6464K) NonClass: 5768K(5824K)->5768K(5824K) Class: 533K(640K)->533K(640K)
[5.262s][info][gc             ] GC(127) Pause Young (Allocation Failure) 816M->816M(929M) 20.084ms
[5.262s][info][gc,cpu         ] GC(127) User=0.02s Sys=0.00s Real=0.02s
[5.278s][info][gc,start       ] GC(128) Pause Young (Allocation Failure)
[5.297s][info][gc,heap        ] GC(128) PSYoungGen: 28800K(61952K)->15520K(62464K) Eden: 15360K(15360K)->0K(15360K) From: 13440K(46592K)->15520K(47104K)
[5.297s][info][gc,heap        ] GC(128) ParOldGen: 822625K(889344K)->836137K(889344K)
[5.297s][info][gc,metaspace   ] GC(128) Metaspace: 6301K(6464K)->6301K(6464K) NonClass: 5768K(5824K)->5768K(5824K) Class: 533K(640K)->533K(640K)
[5.297s][info][gc             ] GC(128) Pause Young (Allocation Failure) 831M->831M(929M) 18.985ms
[5.297s][info][gc,cpu         ] GC(128) User=0.02s Sys=0.00s Real=0.02s
[5.314s][info][gc,start       ] GC(129) Pause Young (Allocation Failure)
[5.333s][info][gc,heap        ] GC(129) PSYoungGen: 30880K(62464K)->15488K(58880K) Eden: 15360K(15360K)->0K(17408K) From: 15520K(47104K)->15488K(41472K)
[5.333s][info][gc,heap        ] GC(129) ParOldGen: 836137K(889344K)->851713K(889344K)
[5.333s][info][gc,metaspace   ] GC(129) Metaspace: 6301K(6464K)->6301K(6464K) NonClass: 5768K(5824K)->5768K(5824K) Class: 533K(640K)->533K(640K)
[5.333s][info][gc             ] GC(129) Pause Young (Allocation Failure) 846M->846M(926M) 19.075ms
[5.334s][info][gc,cpu         ] GC(129) User=0.03s Sys=0.00s Real=0.02s
[5.352s][info][gc,start       ] GC(130) Pause Young (Allocation Failure)
[5.372s][info][gc,heap        ] GC(130) PSYoungGen: 32896K(58880K)->17536K(60928K) Eden: 17408K(17408K)->0K(17408K) From: 15488K(41472K)->17536K(43520K)
[5.372s][info][gc,heap        ] GC(130) ParOldGen: 851713K(889344K)->867273K(889344K)
[5.372s][info][gc,metaspace   ] GC(130) Metaspace: 6301K(6464K)->6301K(6464K) NonClass: 5768K(5824K)->5768K(5824K) Class: 533K(640K)->533K(640K)
[5.372s][info][gc             ] GC(130) Pause Young (Allocation Failure) 863M->864M(928M) 19.721ms
[5.372s][info][gc,cpu         ] GC(130) User=0.03s Sys=0.00s Real=0.02s
[5.372s][info][gc,start       ] GC(131) Pause Full (Ergonomics)
[5.372s][info][gc,phases,start] GC(131) Marking Phase
[5.573s][info][gc,phases      ] GC(131) Marking Phase 200.913ms
[5.573s][info][gc,phases,start] GC(131) Summary Phase
[5.573s][info][gc,phases      ] GC(131) Summary Phase 0.029ms
[5.573s][info][gc,phases,start] GC(131) Adjust Roots
[5.573s][info][gc,phases      ] GC(131) Adjust Roots 0.175ms
[5.573s][info][gc,phases,start] GC(131) Compaction Phase
[5.667s][info][gc,phases      ] GC(131) Compaction Phase 94.050ms
[5.667s][info][gc,phases,start] GC(131) Post Compact
[5.669s][info][gc,phases      ] GC(131) Post Compact 1.596ms
[5.670s][info][gc,heap        ] GC(131) PSYoungGen: 17536K(60928K)->0K(60928K) Eden: 0K(17408K)->0K(19456K) From: 17536K(43520K)->0K(41472K)
[5.670s][info][gc,heap        ] GC(131) ParOldGen: 867273K(889344K)->883537K(982016K)
[5.670s][info][gc,metaspace   ] GC(131) Metaspace: 6301K(6464K)->6301K(6464K) NonClass: 5768K(5824K)->5768K(5824K) Class: 533K(640K)->533K(640K)
[5.670s][info][gc             ] GC(131) Pause Full (Ergonomics) 864M->862M(1018M) 297.994ms
[5.670s][info][gc,cpu         ] GC(131) User=2.08s Sys=0.03s Real=0.30s
[5.692s][info][gc,start       ] GC(132) Pause Young (Allocation Failure)
[5.708s][info][gc,heap        ] GC(132) PSYoungGen: 19456K(60928K)->19584K(60928K) Eden: 19456K(19456K)->0K(19456K) From: 0K(41472K)->19584K(41472K)
[5.708s][info][gc,heap        ] GC(132) ParOldGen: 883537K(982016K)->883537K(982016K)
[5.708s][info][gc,metaspace   ] GC(132) Metaspace: 6301K(6464K)->6301K(6464K) NonClass: 5768K(5824K)->5768K(5824K) Class: 533K(640K)->533K(640K)
[5.708s][info][gc             ] GC(132) Pause Young (Allocation Failure) 881M->881M(1018M) 16.558ms
[5.708s][info][gc,cpu         ] GC(132) User=0.03s Sys=0.00s Real=0.02s
[5.730s][info][gc,start       ] GC(133) Pause Young (Allocation Failure)
[5.752s][info][gc,heap        ] GC(133) PSYoungGen: 39040K(60928K)->39072K(55808K) Eden: 19456K(19456K)->0K(16384K) From: 19584K(41472K)->39072K(39424K)
[5.752s][info][gc,heap        ] GC(133) ParOldGen: 883537K(982016K)->883537K(982016K)
[5.752s][info][gc,metaspace   ] GC(133) Metaspace: 6301K(6464K)->6301K(6464K) NonClass: 5768K(5824K)->5768K(5824K) Class: 533K(640K)->533K(640K)
[5.752s][info][gc             ] GC(133) Pause Young (Allocation Failure) 900M->900M(1013M) 21.735ms
[5.752s][info][gc,cpu         ] GC(133) User=0.06s Sys=0.00s Real=0.02s
[5.770s][info][gc,start       ] GC(134) Pause Young (Allocation Failure)
[5.801s][info][gc,heap        ] GC(134) PSYoungGen: 55456K(55808K)->44544K(60928K) Eden: 16384K(16384K)->0K(16384K) From: 39072K(39424K)->44544K(44544K)
[5.801s][info][gc,heap        ] GC(134) ParOldGen: 883537K(982016K)->894473K(982016K)
[5.801s][info][gc,metaspace   ] GC(134) Metaspace: 6301K(6464K)->6301K(6464K) NonClass: 5768K(5824K)->5768K(5824K) Class: 533K(640K)->533K(640K)
[5.801s][info][gc             ] GC(134) Pause Young (Allocation Failure) 916M->917M(1018M) 31.188ms
[5.801s][info][gc,cpu         ] GC(134) User=0.12s Sys=0.02s Real=0.03s
[5.820s][info][gc,start       ] GC(135) Pause Young (Allocation Failure)
[5.862s][info][gc,heap        ] GC(135) PSYoungGen: 60928K(60928K)->29344K(70656K) Eden: 16384K(16384K)->0K(18432K) From: 44544K(44544K)->29344K(52224K)
[5.862s][info][gc,heap        ] GC(135) ParOldGen: 894473K(982016K)->926689K(982016K)
[5.862s][info][gc,metaspace   ] GC(135) Metaspace: 6301K(6464K)->6301K(6464K) NonClass: 5768K(5824K)->5768K(5824K) Class: 533K(640K)->533K(640K)
[5.862s][info][gc             ] GC(135) Pause Young (Allocation Failure) 933M->933M(1028M) 42.493ms
[5.862s][info][gc,cpu         ] GC(135) User=0.14s Sys=0.12s Real=0.04s
[5.883s][info][gc,start       ] GC(136) Pause Young (Allocation Failure)
[5.911s][info][gc,heap        ] GC(136) PSYoungGen: 47776K(70656K)->34944K(72192K) Eden: 18432K(18432K)->0K(18432K) From: 29344K(52224K)->34944K(53760K)
[5.911s][info][gc,heap        ] GC(136) ParOldGen: 926689K(982016K)->939689K(982016K)
[5.911s][info][gc,metaspace   ] GC(136) Metaspace: 6301K(6464K)->6301K(6464K) NonClass: 5768K(5824K)->5768K(5824K) Class: 533K(640K)->533K(640K)
[5.911s][info][gc             ] GC(136) Pause Young (Allocation Failure) 951M->951M(1029M) 28.648ms
[5.911s][info][gc,cpu         ] GC(136) User=0.11s Sys=0.03s Real=0.03s
[5.932s][info][gc,start       ] GC(137) Pause Young (Allocation Failure)
[5.967s][info][gc,heap        ] GC(137) PSYoungGen: 53376K(72192K)->37024K(73728K) Eden: 18432K(18432K)->0K(19456K) From: 34944K(53760K)->37024K(54272K)
[5.967s][info][gc,heap        ] GC(137) ParOldGen: 939689K(982016K)->956337K(982016K)
[5.967s][info][gc,metaspace   ] GC(137) Metaspace: 6301K(6464K)->6301K(6464K) NonClass: 5768K(5824K)->5768K(5824K) Class: 533K(640K)->533K(640K)
[5.967s][info][gc             ] GC(137) Pause Young (Allocation Failure) 969M->970M(1031M) 35.316ms
[5.967s][info][gc,cpu         ] GC(137) User=0.19s Sys=0.05s Real=0.04s
[5.967s][info][gc,start       ] GC(138) Pause Full (Ergonomics)
[5.967s][info][gc,phases,start] GC(138) Marking Phase
[6.193s][info][gc,phases      ] GC(138) Marking Phase 225.637ms
[6.193s][info][gc,phases,start] GC(138) Summary Phase
[6.193s][info][gc,phases      ] GC(138) Summary Phase 0.037ms
[6.193s][info][gc,phases,start] GC(138) Adjust Roots
[6.193s][info][gc,phases      ] GC(138) Adjust Roots 0.229ms
[6.193s][info][gc,phases,start] GC(138) Compaction Phase
[6.292s][info][gc,phases      ] GC(138) Compaction Phase 98.555ms
[6.292s][info][gc,phases,start] GC(138) Post Compact
[6.294s][info][gc,phases      ] GC(138) Post Compact 2.068ms
[6.294s][info][gc,heap        ] GC(138) PSYoungGen: 37024K(73728K)->10232K(73728K) Eden: 0K(19456K)->0K(19456K) From: 37024K(54272K)->10232K(54272K)
[6.294s][info][gc,heap        ] GC(138) ParOldGen: 956337K(982016K)->981656K(1090560K)
[6.294s][info][gc,metaspace   ] GC(138) Metaspace: 6301K(6464K)->6301K(6464K) NonClass: 5768K(5824K)->5768K(5824K) Class: 533K(640K)->533K(640K)
[6.294s][info][gc             ] GC(138) Pause Full (Ergonomics) 970M->968M(1137M) 327.446ms
[6.295s][info][gc,cpu         ] GC(138) User=2.31s Sys=0.02s Real=0.33s
[6.318s][info][gc,start       ] GC(139) Pause Young (Allocation Failure)
[6.375s][info][gc,heap        ] GC(139) PSYoungGen: 29688K(73728K)->24928K(44544K) Eden: 19456K(19456K)->0K(19456K) From: 10232K(54272K)->24928K(25088K)
[6.375s][info][gc,heap        ] GC(139) ParOldGen: 981656K(1090560K)->986664K(1090560K)
[6.375s][info][gc,metaspace   ] GC(139) Metaspace: 6301K(6464K)->6301K(6464K) NonClass: 5768K(5824K)->5768K(5824K) Class: 533K(640K)->533K(640K)
[6.375s][info][gc             ] GC(139) Pause Young (Allocation Failure) 987M->987M(1108M) 57.360ms
[6.375s][info][gc,cpu         ] GC(139) User=0.27s Sys=0.08s Real=0.06s
[6.397s][info][gc,start       ] GC(140) Pause Young (Allocation Failure)
[6.425s][info][gc,heap        ] GC(140) PSYoungGen: 44384K(44544K)->44416K(71168K) Eden: 19456K(19456K)->0K(17920K) From: 24928K(25088K)->44416K(53248K)
[6.425s][info][gc,heap        ] GC(140) ParOldGen: 986664K(1090560K)->986664K(1090560K)
[6.425s][info][gc,metaspace   ] GC(140) Metaspace: 6301K(6464K)->6301K(6464K) NonClass: 5768K(5824K)->5768K(5824K) Class: 533K(640K)->533K(640K)
[6.425s][info][gc             ] GC(140) Pause Young (Allocation Failure) 1006M->1006M(1134M) 28.228ms
[6.425s][info][gc,cpu         ] GC(140) User=0.12s Sys=0.02s Real=0.03s
[6.445s][info][gc,start       ] GC(141) Pause Young (Allocation Failure)
[6.480s][info][gc,heap        ] GC(141) PSYoungGen: 62336K(71168K)->56832K(74752K) Eden: 17920K(17920K)->0K(17920K) From: 44416K(53248K)->56832K(56832K)
[6.480s][info][gc,heap        ] GC(141) ParOldGen: 986664K(1090560K)->992176K(1090560K)
[6.480s][info][gc,metaspace   ] GC(141) Metaspace: 6301K(6464K)->6301K(6464K) NonClass: 5768K(5824K)->5768K(5824K) Class: 533K(640K)->533K(640K)
[6.480s][info][gc             ] GC(141) Pause Young (Allocation Failure) 1024M->1024M(1138M) 34.917ms
[6.480s][info][gc,cpu         ] GC(141) User=0.16s Sys=0.03s Real=0.03s
[6.500s][info][gc,start       ] GC(142) Pause Young (Allocation Failure)
[6.554s][info][gc,heap        ] GC(142) PSYoungGen: 74752K(74752K)->35968K(83456K) Eden: 17920K(17920K)->0K(20480K) From: 56832K(56832K)->35968K(62976K)
[6.554s][info][gc,heap        ] GC(142) ParOldGen: 992176K(1090560K)->1031608K(1090560K)
[6.554s][info][gc,metaspace   ] GC(142) Metaspace: 6301K(6464K)->6301K(6464K) NonClass: 5768K(5824K)->5768K(5824K) Class: 533K(640K)->533K(640K)
[6.554s][info][gc             ] GC(142) Pause Young (Allocation Failure) 1041M->1042M(1146M) 53.938ms
[6.554s][info][gc,cpu         ] GC(142) User=0.38s Sys=0.11s Real=0.05s
[6.577s][info][gc,start       ] GC(143) Pause Young (Allocation Failure)
[6.612s][info][gc,heap        ] GC(143) PSYoungGen: 56448K(83456K)->38560K(84992K) Eden: 20480K(20480K)->0K(20480K) From: 35968K(62976K)->38560K(64512K)
[6.612s][info][gc,heap        ] GC(143) ParOldGen: 1031608K(1090560K)->1049776K(1090560K)
[6.612s][info][gc,metaspace   ] GC(143) Metaspace: 6301K(6464K)->6301K(6464K) NonClass: 5768K(5824K)->5768K(5824K) Class: 533K(640K)->533K(640K)
[6.612s][info][gc             ] GC(143) Pause Young (Allocation Failure) 1062M->1062M(1148M) 35.417ms
[6.612s][info][gc,cpu         ] GC(143) User=0.14s Sys=0.12s Real=0.04s
[6.635s][info][gc,start       ] GC(144) Pause Young (Allocation Failure)
[6.673s][info][gc,heap        ] GC(144) PSYoungGen: 59040K(84992K)->41088K(86528K) Eden: 20480K(20480K)->0K(23040K) From: 38560K(64512K)->41088K(63488K)
[6.673s][info][gc,heap        ] GC(144) ParOldGen: 1049776K(1090560K)->1067968K(1090560K)
[6.673s][info][gc,metaspace   ] GC(144) Metaspace: 6301K(6464K)->6301K(6464K) NonClass: 5768K(5824K)->5768K(5824K) Class: 533K(640K)->533K(640K)
[6.673s][info][gc             ] GC(144) Pause Young (Allocation Failure) 1082M->1083M(1149M) 37.760ms
[6.673s][info][gc,cpu         ] GC(144) User=0.14s Sys=0.08s Real=0.04s
[6.673s][info][gc,start       ] GC(145) Pause Full (Ergonomics)
[6.673s][info][gc,phases,start] GC(145) Marking Phase
[6.922s][info][gc,phases      ] GC(145) Marking Phase 248.867ms
[6.922s][info][gc,phases,start] GC(145) Summary Phase
[6.922s][info][gc,phases      ] GC(145) Summary Phase 0.043ms
[6.922s][info][gc,phases,start] GC(145) Adjust Roots
[6.922s][info][gc,phases      ] GC(145) Adjust Roots 0.236ms
[6.922s][info][gc,phases,start] GC(145) Compaction Phase
[7.035s][info][gc,phases      ] GC(145) Compaction Phase 112.353ms
[7.035s][info][gc,phases,start] GC(145) Post Compact
[7.037s][info][gc,phases      ] GC(145) Post Compact 2.506ms
[7.038s][info][gc,heap        ] GC(145) PSYoungGen: 41088K(86528K)->16875K(86528K) Eden: 0K(23040K)->0K(23040K) From: 41088K(63488K)->16875K(63488K)
[7.039s][info][gc,heap        ] GC(145) ParOldGen: 1067968K(1090560K)->1090538K(1213952K)
[7.039s][info][gc,metaspace   ] GC(145) Metaspace: 6301K(6464K)->6301K(6464K) NonClass: 5768K(5824K)->5768K(5824K) Class: 533K(640K)->533K(640K)
[7.039s][info][gc             ] GC(145) Pause Full (Ergonomics) 1083M->1081M(1270M) 365.389ms
[7.039s][info][gc,cpu         ] GC(145) User=2.44s Sys=0.09s Real=0.37s
[7.064s][info][gc,start       ] GC(146) Pause Young (Allocation Failure)
[7.136s][info][gc,heap        ] GC(146) PSYoungGen: 39915K(86528K)->23168K(86528K) Eden: 23040K(23040K)->0K(23040K) From: 16875K(63488K)->23168K(63488K)
[7.136s][info][gc,heap        ] GC(146) ParOldGen: 1090538K(1213952K)->1107706K(1213952K)
[7.136s][info][gc,metaspace   ] GC(146) Metaspace: 6301K(6464K)->6301K(6464K) NonClass: 5768K(5824K)->5768K(5824K) Class: 533K(640K)->533K(640K)
[7.136s][info][gc             ] GC(146) Pause Young (Allocation Failure) 1103M->1104M(1270M) 71.542ms
[7.136s][info][gc,cpu         ] GC(146) User=0.34s Sys=0.05s Real=0.07s
[7.161s][info][gc,start       ] GC(147) Pause Young (Allocation Failure)
[7.194s][info][gc,heap        ] GC(147) PSYoungGen: 46208K(86528K)->23200K(84992K) Eden: 23040K(23040K)->0K(25600K) From: 23168K(63488K)->23200K(59392K)
[7.194s][info][gc,heap        ] GC(147) ParOldGen: 1107706K(1213952K)->1131098K(1213952K)
[7.194s][info][gc,metaspace   ] GC(147) Metaspace: 6301K(6464K)->6301K(6464K) NonClass: 5768K(5824K)->5768K(5824K) Class: 533K(640K)->533K(640K)
[7.194s][info][gc             ] GC(147) Pause Young (Allocation Failure) 1126M->1127M(1268M) 32.858ms
[7.194s][info][gc,cpu         ] GC(147) User=0.08s Sys=0.05s Real=0.03s
[7.225s][info][gc,start       ] GC(148) Pause Young (Allocation Failure)
[7.259s][info][gc,heap        ] GC(148) PSYoungGen: 48800K(84992K)->25792K(86528K) Eden: 25600K(25600K)->0K(25600K) From: 23200K(59392K)->25792K(60928K)
[7.259s][info][gc,heap        ] GC(148) ParOldGen: 1131098K(1213952K)->1154498K(1213952K)
[7.259s][info][gc,metaspace   ] GC(148) Metaspace: 6301K(6464K)->6301K(6464K) NonClass: 5768K(5824K)->5768K(5824K) Class: 533K(640K)->533K(640K)
[7.259s][info][gc             ] GC(148) Pause Young (Allocation Failure) 1152M->1152M(1270M) 34.324ms
[7.259s][info][gc,cpu         ] GC(148) User=0.09s Sys=0.06s Real=0.03s
[7.290s][info][gc,start       ] GC(149) Pause Young (Allocation Failure)
[7.328s][info][gc,heap        ] GC(149) PSYoungGen: 51392K(86528K)->25760K(83968K) Eden: 25600K(25600K)->0K(28672K) From: 25792K(60928K)->25760K(55296K)
[7.328s][info][gc,heap        ] GC(149) ParOldGen: 1154498K(1213952K)->1180490K(1213952K)
[7.328s][info][gc,metaspace   ] GC(149) Metaspace: 6301K(6464K)->6301K(6464K) NonClass: 5768K(5824K)->5768K(5824K) Class: 533K(640K)->533K(640K)
[7.328s][info][gc             ] GC(149) Pause Young (Allocation Failure) 1177M->1177M(1267M) 38.324ms
[7.328s][info][gc,cpu         ] GC(149) User=0.16s Sys=0.09s Real=0.04s
[7.328s][info][gc,start       ] GC(150) Pause Full (Ergonomics)
[7.328s][info][gc,phases,start] GC(150) Marking Phase
[7.597s][info][gc,phases      ] GC(150) Marking Phase 269.131ms
[7.597s][info][gc,phases,start] GC(150) Summary Phase
[7.597s][info][gc,phases      ] GC(150) Summary Phase 0.048ms
[7.597s][info][gc,phases,start] GC(150) Adjust Roots
[7.598s][info][gc,phases      ] GC(150) Adjust Roots 0.219ms
[7.598s][info][gc,phases,start] GC(150) Compaction Phase
[7.708s][info][gc,phases      ] GC(150) Compaction Phase 109.898ms
[7.708s][info][gc,phases,start] GC(150) Post Compact
[7.710s][info][gc,phases      ] GC(150) Post Compact 2.231ms
[7.710s][info][gc,heap        ] GC(150) PSYoungGen: 25760K(83968K)->0K(86016K) Eden: 0K(28672K)->0K(28672K) From: 25760K(55296K)->0K(57344K)
[7.710s][info][gc,heap        ] GC(150) ParOldGen: 1180490K(1213952K)->1204565K(1340928K)
[7.710s][info][gc,metaspace   ] GC(150) Metaspace: 6301K(6464K)->6301K(6464K) NonClass: 5768K(5824K)->5768K(5824K) Class: 533K(640K)->533K(640K)
[7.710s][info][gc             ] GC(150) Pause Full (Ergonomics) 1177M->1176M(1393M) 382.345ms
[7.711s][info][gc,cpu         ] GC(150) User=2.64s Sys=0.05s Real=0.38s
[7.747s][info][gc,start       ] GC(151) Pause Young (Allocation Failure)
[7.766s][info][gc,heap        ] GC(151) PSYoungGen: 28672K(86016K)->28864K(84480K) Eden: 28672K(28672K)->0K(31744K) From: 0K(57344K)->28864K(52736K)
[7.766s][info][gc,heap        ] GC(151) ParOldGen: 1204565K(1340928K)->1204565K(1340928K)
[7.766s][info][gc,metaspace   ] GC(151) Metaspace: 6301K(6464K)->6301K(6464K) NonClass: 5768K(5824K)->5768K(5824K) Class: 533K(640K)->533K(640K)
[7.766s][info][gc             ] GC(151) Pause Young (Allocation Failure) 1204M->1204M(1392M) 18.814ms
[7.766s][info][gc,cpu         ] GC(151) User=0.05s Sys=0.00s Real=0.02s
[7.803s][info][gc,start       ] GC(152) Pause Young (Allocation Failure)
[7.836s][info][gc,heap        ] GC(152) PSYoungGen: 60608K(84480K)->55296K(87040K) Eden: 31744K(31744K)->0K(31744K) From: 28864K(52736K)->55296K(55296K)
[7.836s][info][gc,heap        ] GC(152) ParOldGen: 1204565K(1340928K)->1209853K(1340928K)
[7.836s][info][gc,metaspace   ] GC(152) Metaspace: 6301K(6464K)->6301K(6464K) NonClass: 5768K(5824K)->5768K(5824K) Class: 533K(640K)->533K(640K)
[7.836s][info][gc             ] GC(152) Pause Young (Allocation Failure) 1235M->1235M(1394M) 33.211ms
[7.836s][info][gc,cpu         ] GC(152) User=0.16s Sys=0.02s Real=0.03s
[7.874s][info][gc,start       ] GC(153) Pause Young (Allocation Failure)
[7.937s][info][gc,heap        ] GC(153) PSYoungGen: 87040K(87040K)->31904K(93696K) Eden: 31744K(31744K)->0K(35328K) From: 55296K(55296K)->31904K(58368K)
[7.937s][info][gc,heap        ] GC(153) ParOldGen: 1209853K(1340928K)->1265901K(1340928K)
[7.937s][info][gc,metaspace   ] GC(153) Metaspace: 6301K(6464K)->6301K(6464K) NonClass: 5768K(5824K)->5768K(5824K) Class: 533K(640K)->533K(640K)
[7.938s][info][gc             ] GC(153) Pause Young (Allocation Failure) 1266M->1267M(1401M) 63.593ms
[7.938s][info][gc,cpu         ] GC(153) User=0.19s Sys=0.17s Real=0.06s
[7.969s][info][gc,start       ] GC(154) Pause Young (Allocation Failure)
[7.999s][info][gc,heap        ] GC(154) PSYoungGen: 67232K(93696K)->52448K(96256K) Eden: 35328K(35328K)->0K(35328K) From: 31904K(58368K)->52448K(60928K)
[7.999s][info][gc,heap        ] GC(154) ParOldGen: 1265901K(1340928K)->1265901K(1340928K)
[7.999s][info][gc,metaspace   ] GC(154) Metaspace: 6301K(6464K)->6301K(6464K) NonClass: 5768K(5824K)->5768K(5824K) Class: 533K(640K)->533K(640K)
[7.999s][info][gc             ] GC(154) Pause Young (Allocation Failure) 1301M->1287M(1403M) 30.159ms
[7.999s][info][gc,cpu         ] GC(154) User=0.14s Sys=0.00s Real=0.03s
[8.042s][info][gc,start       ] GC(155) Pause Young (Allocation Failure)
[8.109s][info][gc,heap        ] GC(155) PSYoungGen: 87776K(96256K)->65536K(89600K) Eden: 35328K(35328K)->0K(24064K) From: 52448K(60928K)->65536K(65536K)
[8.109s][info][gc,heap        ] GC(155) ParOldGen: 1265901K(1340928K)->1284813K(1340928K)
[8.109s][info][gc,metaspace   ] GC(155) Metaspace: 6301K(6464K)->6301K(6464K) NonClass: 5768K(5824K)->5768K(5824K) Class: 533K(640K)->533K(640K)
[8.109s][info][gc             ] GC(155) Pause Young (Allocation Failure) 1321M->1318M(1397M) 67.128ms
[8.110s][info][gc,cpu         ] GC(155) User=0.19s Sys=0.17s Real=0.07s
[8.137s][info][gc,start       ] GC(156) Pause Young (Allocation Failure)
[8.193s][info][gc,heap        ] GC(156) PSYoungGen: 89600K(89600K)->50528K(104448K) Eden: 24064K(24064K)->0K(24064K) From: 65536K(65536K)->50528K(80384K)
[8.193s][info][gc,heap        ] GC(156) ParOldGen: 1284813K(1340928K)->1324645K(1340928K)
[8.193s][info][gc,metaspace   ] GC(156) Metaspace: 6301K(6464K)->6301K(6464K) NonClass: 5768K(5824K)->5768K(5824K) Class: 533K(640K)->533K(640K)
[8.193s][info][gc             ] GC(156) Pause Young (Allocation Failure) 1342M->1342M(1411M) 55.653ms
[8.193s][info][gc,cpu         ] GC(156) User=0.31s Sys=0.08s Real=0.06s
[8.193s][info][gc,start       ] GC(157) Pause Full (Ergonomics)
[8.193s][info][gc,phases,start] GC(157) Marking Phase
[8.505s][info][gc,phases      ] GC(157) Marking Phase 311.992ms
[8.505s][info][gc,phases,start] GC(157) Summary Phase
[8.505s][info][gc,phases      ] GC(157) Summary Phase 0.029ms
[8.505s][info][gc,phases,start] GC(157) Adjust Roots
[8.506s][info][gc,phases      ] GC(157) Adjust Roots 0.320ms
[8.506s][info][gc,phases,start] GC(157) Compaction Phase
[8.885s][info][gc,phases      ] GC(157) Compaction Phase 379.133ms
[8.885s][info][gc,phases,start] GC(157) Post Compact
[8.890s][info][gc,phases      ] GC(157) Post Compact 5.054ms
[8.892s][info][gc,heap        ] GC(157) PSYoungGen: 50528K(104448K)->32367K(104448K) Eden: 0K(24064K)->0K(24064K) From: 50528K(80384K)->32367K(80384K)
[8.892s][info][gc,heap        ] GC(157) ParOldGen: 1324645K(1340928K)->1340593K(1500160K)
[8.892s][info][gc,metaspace   ] GC(157) Metaspace: 6301K(6464K)->6301K(6464K) NonClass: 5768K(5824K)->5768K(5824K) Class: 533K(640K)->533K(640K)
[8.892s][info][gc             ] GC(157) Pause Full (Ergonomics) 1342M->1340M(1567M) 698.824ms
[8.892s][info][gc,cpu         ] GC(157) User=4.03s Sys=0.09s Real=0.70s
[8.926s][info][gc,start       ] GC(158) Pause Young (Allocation Failure)
[9.021s][info][gc,heap        ] GC(158) PSYoungGen: 56431K(104448K)->40960K(99328K) Eden: 24064K(24064K)->0K(26624K) From: 32367K(80384K)->40960K(72704K)
[9.021s][info][gc,heap        ] GC(158) ParOldGen: 1340593K(1500160K)->1356505K(1500160K)
[9.021s][info][gc,metaspace   ] GC(158) Metaspace: 6301K(6464K)->6301K(6464K) NonClass: 5768K(5824K)->5768K(5824K) Class: 533K(640K)->533K(640K)
[9.021s][info][gc             ] GC(158) Pause Young (Allocation Failure) 1364M->1364M(1562M) 94.352ms
[9.021s][info][gc,cpu         ] GC(158) User=0.47s Sys=0.03s Real=0.09s
[9.393s][info][gc,start       ] GC(159) Pause Young (Allocation Failure)
[9.466s][info][gc,heap        ] GC(159) PSYoungGen: 67584K(99328K)->67616K(103424K) Eden: 26624K(26624K)->0K(26624K) From: 40960K(72704K)->67616K(76800K)
[9.466s][info][gc,heap        ] GC(159) ParOldGen: 1422041K(1500160K)->1422041K(1500160K)
[9.466s][info][gc,metaspace   ] GC(159) Metaspace: 6301K(6464K)->6301K(6464K) NonClass: 5768K(5824K)->5768K(5824K) Class: 533K(640K)->533K(640K)
[9.466s][info][gc             ] GC(159) Pause Young (Allocation Failure) 1454M->1454M(1566M) 72.483ms
[9.466s][info][gc,cpu         ] GC(159) User=0.39s Sys=0.00s Real=0.07s
[9.491s][info][gc,start       ] GC(160) Pause Young (Allocation Failure)
[9.551s][info][gc,heap        ] GC(160) PSYoungGen: 94240K(103424K)->82944K(97280K) Eden: 26624K(26624K)->0K(14336K) From: 67616K(76800K)->82944K(82944K)
[9.551s][info][gc,heap        ] GC(160) ParOldGen: 1422041K(1500160K)->1433441K(1500160K)
[9.551s][info][gc,metaspace   ] GC(160) Metaspace: 6301K(6464K)->6301K(6464K) NonClass: 5768K(5824K)->5768K(5824K) Class: 533K(640K)->533K(640K)
[9.551s][info][gc             ] GC(160) Pause Young (Allocation Failure) 1480M->1480M(1560M) 59.784ms
[9.551s][info][gc,cpu         ] GC(160) User=0.27s Sys=0.08s Real=0.06s
[9.565s][info][gc,start       ] GC(161) Pause Young (Allocation Failure)
[9.623s][info][gc,heap        ] GC(161) PSYoungGen: 97280K(97280K)->63456K(112128K) Eden: 14336K(14336K)->0K(14336K) From: 82944K(82944K)->63456K(97792K)
[9.623s][info][gc,heap        ] GC(161) ParOldGen: 1433441K(1500160K)->1467873K(1500160K)
[9.623s][info][gc,metaspace   ] GC(161) Metaspace: 6301K(6464K)->6301K(6464K) NonClass: 5768K(5824K)->5768K(5824K) Class: 533K(640K)->533K(640K)
[9.623s][info][gc             ] GC(161) Pause Young (Allocation Failure) 1494M->1495M(1574M) 57.629ms
[9.623s][info][gc,cpu         ] GC(161) User=0.27s Sys=0.05s Real=0.06s
[9.623s][info][gc,start       ] GC(162) Pause Full (Ergonomics)
[9.623s][info][gc,phases,start] GC(162) Marking Phase
[9.964s][info][gc,phases      ] GC(162) Marking Phase 341.577ms
[9.964s][info][gc,phases,start] GC(162) Summary Phase
[9.965s][info][gc,phases      ] GC(162) Summary Phase 0.072ms
[9.965s][info][gc,phases,start] GC(162) Adjust Roots
[9.965s][info][gc,phases      ] GC(162) Adjust Roots 0.301ms
[9.965s][info][gc,phases,start] GC(162) Compaction Phase
[10.220s][info][gc,phases      ] GC(162) Compaction Phase 255.274ms
[10.220s][info][gc,phases,start] GC(162) Post Compact
[10.224s][info][gc,phases      ] GC(162) Post Compact 3.586ms
[10.225s][info][gc,heap        ] GC(162) PSYoungGen: 63456K(112128K)->0K(114688K) Eden: 0K(14336K)->0K(16384K) From: 63456K(97792K)->0K(98304K)
[10.225s][info][gc,heap        ] GC(162) ParOldGen: 1467873K(1500160K)->1497247K(1666048K)
[10.225s][info][gc,metaspace   ] GC(162) Metaspace: 6301K(6464K)->6301K(6464K) NonClass: 5768K(5824K)->5768K(5824K) Class: 533K(640K)->533K(640K)
[10.225s][info][gc             ] GC(162) Pause Full (Ergonomics) 1495M->1462M(1739M) 602.341ms
[10.225s][info][gc,cpu         ] GC(162) User=3.94s Sys=0.09s Real=0.60s
[10.243s][info][gc,start       ] GC(163) Pause Young (Allocation Failure)
[10.263s][info][gc,heap        ] GC(163) PSYoungGen: 16384K(114688K)->16512K(114688K) Eden: 16384K(16384K)->0K(16384K) From: 0K(98304K)->16512K(98304K)
[10.263s][info][gc,heap        ] GC(163) ParOldGen: 1497247K(1666048K)->1497247K(1666048K)
[10.263s][info][gc,metaspace   ] GC(163) Metaspace: 6301K(6464K)->6301K(6464K) NonClass: 5768K(5824K)->5768K(5824K) Class: 533K(640K)->533K(640K)
[10.263s][info][gc             ] GC(163) Pause Young (Allocation Failure) 1478M->1478M(1739M) 19.733ms
[10.263s][info][gc,cpu         ] GC(163) User=0.03s Sys=0.00s Real=0.02s
[10.278s][info][gc,start       ] GC(164) Pause Young (Allocation Failure)
[10.303s][info][gc,heap        ] GC(164) PSYoungGen: 32896K(114688K)->32896K(111616K) Eden: 16384K(16384K)->0K(18432K) From: 16512K(98304K)->32896K(93184K)
[10.303s][info][gc,heap        ] GC(164) ParOldGen: 1497247K(1666048K)->1497247K(1666048K)
[10.303s][info][gc,metaspace   ] GC(164) Metaspace: 6301K(6464K)->6301K(6464K) NonClass: 5768K(5824K)->5768K(5824K) Class: 533K(640K)->533K(640K)
[10.303s][info][gc             ] GC(164) Pause Young (Allocation Failure) 1494M->1494M(1736M) 24.963ms
[10.303s][info][gc,cpu         ] GC(164) User=0.03s Sys=0.00s Real=0.03s
[10.321s][info][gc,start       ] GC(165) Pause Young (Allocation Failure)
[10.356s][info][gc,heap        ] GC(165) PSYoungGen: 51328K(111616K)->51328K(114688K) Eden: 18432K(18432K)->0K(18432K) From: 32896K(93184K)->51328K(96256K)
[10.356s][info][gc,heap        ] GC(165) ParOldGen: 1497247K(1666048K)->1497247K(1666048K)
[10.356s][info][gc,metaspace   ] GC(165) Metaspace: 6301K(6464K)->6301K(6464K) NonClass: 5768K(5824K)->5768K(5824K) Class: 533K(640K)->533K(640K)
[10.356s][info][gc             ] GC(165) Pause Young (Allocation Failure) 1512M->1512M(1739M) 34.331ms
[10.356s][info][gc,cpu         ] GC(165) User=0.03s Sys=0.00s Real=0.03s
[10.375s][info][gc,start       ] GC(166) Pause Young (Allocation Failure)
[10.412s][info][gc,heap        ] GC(166) PSYoungGen: 69760K(114688K)->69792K(111104K) Eden: 18432K(18432K)->0K(17408K) From: 51328K(96256K)->69792K(93696K)
[10.412s][info][gc,heap        ] GC(166) ParOldGen: 1497247K(1666048K)->1497247K(1666048K)
[10.412s][info][gc,metaspace   ] GC(166) Metaspace: 6301K(6464K)->6301K(6464K) NonClass: 5768K(5824K)->5768K(5824K) Class: 533K(640K)->533K(640K)
[10.412s][info][gc             ] GC(166) Pause Young (Allocation Failure) 1530M->1530M(1735M) 36.723ms
[10.412s][info][gc,cpu         ] GC(166) User=0.16s Sys=0.00s Real=0.04s
[10.430s][info][gc,start       ] GC(167) Pause Young (Allocation Failure)
[10.472s][info][gc,heap        ] GC(167) PSYoungGen: 87200K(111104K)->87200K(114688K) Eden: 17408K(17408K)->0K(17408K) From: 69792K(93696K)->87200K(97280K)
[10.472s][info][gc,heap        ] GC(167) ParOldGen: 1497247K(1666048K)->1497247K(1666048K)
[10.472s][info][gc,metaspace   ] GC(167) Metaspace: 6301K(6464K)->6301K(6464K) NonClass: 5768K(5824K)->5768K(5824K) Class: 533K(640K)->533K(640K)
[10.472s][info][gc             ] GC(167) Pause Young (Allocation Failure) 1547M->1547M(1739M) 42.632ms
[10.472s][info][gc,cpu         ] GC(167) User=0.23s Sys=0.00s Real=0.04s
[10.491s][info][gc,start       ] GC(168) Pause Young (Allocation Failure)
[10.554s][info][gc,heap        ] GC(168) PSYoungGen: 104608K(114688K)->71872K(125440K) Eden: 17408K(17408K)->0K(18432K) From: 87200K(97280K)->71872K(107008K)
[10.554s][info][gc,heap        ] GC(168) ParOldGen: 1497247K(1666048K)->1530471K(1666048K)
[10.554s][info][gc,metaspace   ] GC(168) Metaspace: 6301K(6464K)->6301K(6464K) NonClass: 5768K(5824K)->5768K(5824K) Class: 533K(640K)->533K(640K)
[10.554s][info][gc             ] GC(168) Pause Young (Allocation Failure) 1564M->1564M(1749M) 63.132ms
[10.554s][info][gc,cpu         ] GC(168) User=0.34s Sys=0.03s Real=0.06s
[10.573s][info][gc,start       ] GC(169) Pause Young (Allocation Failure)
[10.629s][info][gc,heap        ] GC(169) PSYoungGen: 90304K(125440K)->53408K(72192K) Eden: 18432K(18432K)->0K(18432K) From: 71872K(107008K)->53408K(53760K)
[10.629s][info][gc,heap        ] GC(169) ParOldGen: 1530471K(1666048K)->1567863K(1666048K)
[10.629s][info][gc,metaspace   ] GC(169) Metaspace: 6301K(6464K)->6301K(6464K) NonClass: 5768K(5824K)->5768K(5824K) Class: 533K(640K)->533K(640K)
[10.629s][info][gc             ] GC(169) Pause Young (Allocation Failure) 1582M->1583M(1697M) 56.520ms
[10.629s][info][gc,cpu         ] GC(169) User=0.23s Sys=0.16s Real=0.06s
[10.648s][info][gc,start       ] GC(170) Pause Young (Allocation Failure)
[10.699s][info][gc,heap        ] GC(170) PSYoungGen: 71840K(72192K)->36992K(120832K) Eden: 18432K(18432K)->0K(21504K) From: 53408K(53760K)->36992K(99328K)
[10.699s][info][gc,heap        ] GC(170) ParOldGen: 1567863K(1666048K)->1603183K(1666048K)
[10.699s][info][gc,metaspace   ] GC(170) Metaspace: 6301K(6464K)->6301K(6464K) NonClass: 5768K(5824K)->5768K(5824K) Class: 533K(640K)->533K(640K)
[10.699s][info][gc             ] GC(170) Pause Young (Allocation Failure) 1601M->1601M(1745M) 51.029ms
[10.699s][info][gc,cpu         ] GC(170) User=0.12s Sys=0.12s Real=0.05s
[10.721s][info][gc,start       ] GC(171) Pause Young (Allocation Failure)
[10.764s][info][gc,heap        ] GC(171) PSYoungGen: 58496K(120832K)->21632K(122880K) Eden: 21504K(21504K)->0K(21504K) From: 36992K(99328K)->21632K(101376K)
[10.764s][info][gc,heap        ] GC(171) ParOldGen: 1603183K(1666048K)->1640591K(1666048K)
[10.764s][info][gc,metaspace   ] GC(171) Metaspace: 6301K(6464K)->6301K(6464K) NonClass: 5768K(5824K)->5768K(5824K) Class: 533K(640K)->533K(640K)
[10.764s][info][gc             ] GC(171) Pause Young (Allocation Failure) 1622M->1623M(1747M) 42.709ms
[10.764s][info][gc,cpu         ] GC(171) User=0.17s Sys=0.05s Real=0.04s
[10.764s][info][gc,start       ] GC(172) Pause Full (Ergonomics)
[10.764s][info][gc,phases,start] GC(172) Marking Phase
[11.152s][info][gc,phases      ] GC(172) Marking Phase 387.578ms
[11.152s][info][gc,phases,start] GC(172) Summary Phase
[11.152s][info][gc,phases      ] GC(172) Summary Phase 0.071ms
[11.152s][info][gc,phases,start] GC(172) Adjust Roots
[11.152s][info][gc,phases      ] GC(172) Adjust Roots 0.292ms
[11.152s][info][gc,phases,start] GC(172) Compaction Phase
[11.338s][info][gc,phases      ] GC(172) Compaction Phase 185.373ms
[11.338s][info][gc,phases,start] GC(172) Post Compact
[11.341s][info][gc,phases      ] GC(172) Post Compact 3.022ms
[11.342s][info][gc,heap        ] GC(172) PSYoungGen: 21632K(122880K)->0K(126976K) Eden: 0K(21504K)->0K(25088K) From: 21632K(101376K)->0K(101888K)
[11.342s][info][gc,heap        ] GC(172) ParOldGen: 1640591K(1666048K)->1659786K(1851904K)
[11.342s][info][gc,metaspace   ] GC(172) Metaspace: 6301K(6464K)->6301K(6464K) NonClass: 5768K(5824K)->5768K(5824K) Class: 533K(640K)->533K(640K)
[11.342s][info][gc             ] GC(172) Pause Full (Ergonomics) 1623M->1620M(1932M) 577.506ms
[11.342s][info][gc,cpu         ] GC(172) User=3.75s Sys=0.14s Real=0.58s
[11.368s][info][gc,start       ] GC(173) Pause Young (Allocation Failure)
[11.393s][info][gc,heap        ] GC(173) PSYoungGen: 25088K(126976K)->25248K(126976K) Eden: 25088K(25088K)->0K(25088K) From: 0K(101888K)->25248K(101888K)
[11.393s][info][gc,heap        ] GC(173) ParOldGen: 1659786K(1851904K)->1659786K(1851904K)
[11.393s][info][gc,metaspace   ] GC(173) Metaspace: 6301K(6464K)->6301K(6464K) NonClass: 5768K(5824K)->5768K(5824K) Class: 533K(640K)->533K(640K)
[11.393s][info][gc             ] GC(173) Pause Young (Allocation Failure) 1645M->1645M(1932M) 25.138ms
[11.393s][info][gc,cpu         ] GC(173) User=0.05s Sys=0.00s Real=0.02s
[11.418s][info][gc,start       ] GC(174) Pause Young (Allocation Failure)
[11.459s][info][gc,heap        ] GC(174) PSYoungGen: 50336K(126976K)->25216K(125952K) Eden: 25088K(25088K)->0K(28160K) From: 25248K(101888K)->25216K(97792K)
[11.459s][info][gc,heap        ] GC(174) ParOldGen: 1659786K(1851904K)->1685266K(1851904K)
[11.459s][info][gc,metaspace   ] GC(174) Metaspace: 6301K(6464K)->6301K(6464K) NonClass: 5768K(5824K)->5768K(5824K) Class: 533K(640K)->533K(640K)
[11.459s][info][gc             ] GC(174) Pause Young (Allocation Failure) 1670M->1670M(1931M) 41.563ms
[11.459s][info][gc,cpu         ] GC(174) User=0.09s Sys=0.06s Real=0.04s
[11.488s][info][gc,start       ] GC(175) Pause Young (Allocation Failure)
[11.526s][info][gc,heap        ] GC(175) PSYoungGen: 53376K(125952K)->28320K(127488K) Eden: 28160K(28160K)->0K(28160K) From: 25216K(97792K)->28320K(99328K)
[11.526s][info][gc,heap        ] GC(175) ParOldGen: 1685266K(1851904K)->1710730K(1851904K)
[11.526s][info][gc,metaspace   ] GC(175) Metaspace: 6301K(6464K)->6301K(6464K) NonClass: 5768K(5824K)->5768K(5824K) Class: 533K(640K)->533K(640K)
[11.526s][info][gc             ] GC(175) Pause Young (Allocation Failure) 1697M->1698M(1933M) 37.356ms
[11.526s][info][gc,cpu         ] GC(175) User=0.19s Sys=0.05s Real=0.04s
[11.556s][info][gc,start       ] GC(176) Pause Young (Allocation Failure)
[11.597s][info][gc,heap        ] GC(176) PSYoungGen: 56480K(127488K)->28288K(122880K) Eden: 28160K(28160K)->0K(31744K) From: 28320K(99328K)->28288K(91136K)
[11.597s][info][gc,heap        ] GC(176) ParOldGen: 1710730K(1851904K)->1739330K(1851904K)
[11.597s][info][gc,metaspace   ] GC(176) Metaspace: 6301K(6464K)->6301K(6464K) NonClass: 5768K(5824K)->5768K(5824K) Class: 533K(640K)->533K(640K)
[11.597s][info][gc             ] GC(176) Pause Young (Allocation Failure) 1725M->1726M(1928M) 41.224ms
[11.597s][info][gc,cpu         ] GC(176) User=0.25s Sys=0.02s Real=0.04s
[11.631s][info][gc,start       ] GC(177) Pause Young (Allocation Failure)
[11.672s][info][gc,heap        ] GC(177) PSYoungGen: 60032K(122880K)->31904K(125440K) Eden: 31744K(31744K)->0K(31744K) From: 28288K(91136K)->31904K(93696K)
[11.672s][info][gc,heap        ] GC(177) ParOldGen: 1739330K(1851904K)->1767914K(1851904K)
[11.672s][info][gc,metaspace   ] GC(177) Metaspace: 6301K(6464K)->6301K(6464K) NonClass: 5768K(5824K)->5768K(5824K) Class: 533K(640K)->533K(640K)
[11.672s][info][gc             ] GC(177) Pause Young (Allocation Failure) 1757M->1757M(1931M) 41.130ms
[11.672s][info][gc,cpu         ] GC(177) User=0.14s Sys=0.11s Real=0.04s
[11.706s][info][gc,start       ] GC(178) Pause Young (Allocation Failure)
[11.752s][info][gc,heap        ] GC(178) PSYoungGen: 63648K(125440K)->31936K(119808K) Eden: 31744K(31744K)->0K(35840K) From: 31904K(93696K)->31936K(83968K)
[11.752s][info][gc,heap        ] GC(178) ParOldGen: 1767914K(1851904K)->1800146K(1851904K)
[11.752s][info][gc,metaspace   ] GC(178) Metaspace: 6301K(6464K)->6301K(6464K) NonClass: 5768K(5824K)->5768K(5824K) Class: 533K(640K)->533K(640K)
[11.752s][info][gc             ] GC(178) Pause Young (Allocation Failure) 1788M->1789M(1925M) 46.233ms
[11.752s][info][gc,cpu         ] GC(178) User=0.20s Sys=0.06s Real=0.05s
[11.752s][info][gc,start       ] GC(179) Pause Full (Ergonomics)
[11.752s][info][gc,phases,start] GC(179) Marking Phase
[12.164s][info][gc,phases      ] GC(179) Marking Phase 412.394ms
[12.164s][info][gc,phases,start] GC(179) Summary Phase
[12.164s][info][gc,phases      ] GC(179) Summary Phase 0.043ms
[12.164s][info][gc,phases,start] GC(179) Adjust Roots
[12.165s][info][gc,phases      ] GC(179) Adjust Roots 0.187ms
[12.165s][info][gc,phases,start] GC(179) Compaction Phase
[12.351s][info][gc,phases      ] GC(179) Compaction Phase 185.830ms
[12.351s][info][gc,phases,start] GC(179) Post Compact
[12.354s][info][gc,phases      ] GC(179) Post Compact 3.508ms
[12.355s][info][gc,heap        ] GC(179) PSYoungGen: 31936K(119808K)->0K(122880K) Eden: 0K(35840K)->0K(35840K) From: 31936K(83968K)->0K(87040K)
[12.355s][info][gc,heap        ] GC(179) ParOldGen: 1800146K(1851904K)->1829583K(2033152K)
[12.355s][info][gc,metaspace   ] GC(179) Metaspace: 6301K(6464K)->6301K(6464K) NonClass: 5768K(5824K)->5768K(5824K) Class: 533K(640K)->533K(640K)
[12.355s][info][gc             ] GC(179) Pause Full (Ergonomics) 1789M->1786M(2105M) 603.159ms
[12.355s][info][gc,cpu         ] GC(179) User=3.97s Sys=0.08s Real=0.60s
[12.394s][info][gc,start       ] GC(180) Pause Young (Allocation Failure)
[12.422s][info][gc,heap        ] GC(180) PSYoungGen: 35840K(122880K)->35968K(117760K) Eden: 35840K(35840K)->0K(39424K) From: 0K(87040K)->35968K(78336K)
[12.422s][info][gc,heap        ] GC(180) ParOldGen: 1829583K(2033152K)->1829583K(2033152K)
[12.422s][info][gc,metaspace   ] GC(180) Metaspace: 6301K(6464K)->6301K(6464K) NonClass: 5768K(5824K)->5768K(5824K) Class: 533K(640K)->533K(640K)
[12.422s][info][gc             ] GC(180) Pause Young (Allocation Failure) 1821M->1821M(2100M) 28.107ms
[12.422s][info][gc,cpu         ] GC(180) User=0.03s Sys=0.00s Real=0.03s
[12.467s][info][gc,start       ] GC(181) Pause Young (Allocation Failure)
[12.508s][info][gc,heap        ] GC(181) PSYoungGen: 75392K(117760K)->75520K(122368K) Eden: 39424K(39424K)->0K(39424K) From: 35968K(78336K)->75520K(82944K)
[12.508s][info][gc,heap        ] GC(181) ParOldGen: 1829583K(2033152K)->1829583K(2033152K)
[12.508s][info][gc,metaspace   ] GC(181) Metaspace: 6301K(6464K)->6301K(6464K) NonClass: 5768K(5824K)->5768K(5824K) Class: 533K(640K)->533K(640K)
[12.508s][info][gc             ] GC(181) Pause Young (Allocation Failure) 1860M->1860M(2105M) 41.426ms
[12.508s][info][gc,cpu         ] GC(181) User=0.17s Sys=0.00s Real=0.04s
[12.552s][info][gc,start       ] GC(182) Pause Young (Allocation Failure)
[12.629s][info][gc,heap        ] GC(182) PSYoungGen: 114944K(122368K)->91648K(113152K) Eden: 39424K(39424K)->0K(21504K) From: 75520K(82944K)->91648K(91648K)
[12.630s][info][gc,heap        ] GC(182) ParOldGen: 1829583K(2033152K)->1853095K(2033152K)
[12.630s][info][gc,metaspace   ] GC(182) Metaspace: 6301K(6464K)->6301K(6464K) NonClass: 5768K(5824K)->5768K(5824K) Class: 533K(640K)->533K(640K)
[12.630s][info][gc             ] GC(182) Pause Young (Allocation Failure) 1898M->1899M(2096M) 77.359ms
[12.630s][info][gc,cpu         ] GC(182) User=0.31s Sys=0.17s Real=0.08s
[12.655s][info][gc,start       ] GC(183) Pause Young (Allocation Failure)
[12.729s][info][gc,heap        ] GC(183) PSYoungGen: 113152K(113152K)->55264K(76800K) Eden: 21504K(21504K)->0K(21504K) From: 91648K(91648K)->55264K(55296K)
[12.729s][info][gc,heap        ] GC(183) ParOldGen: 1853095K(2033152K)->1911927K(2033152K)
[12.729s][info][gc,metaspace   ] GC(183) Metaspace: 6301K(6464K)->6301K(6464K) NonClass: 5768K(5824K)->5768K(5824K) Class: 533K(640K)->533K(640K)
[12.729s][info][gc             ] GC(183) Pause Young (Allocation Failure) 1920M->1921M(2060M) 74.100ms
[12.729s][info][gc,cpu         ] GC(183) User=0.50s Sys=0.09s Real=0.08s
[12.753s][info][gc,start       ] GC(184) Pause Young (Allocation Failure)
[12.804s][info][gc,heap        ] GC(184) PSYoungGen: 76768K(76800K)->43136K(124928K) Eden: 21504K(21504K)->0K(24576K) From: 55264K(55296K)->43136K(100352K)
[12.804s][info][gc,heap        ] GC(184) ParOldGen: 1911927K(2033152K)->1946039K(2033152K)
[12.804s][info][gc,metaspace   ] GC(184) Metaspace: 6301K(6464K)->6301K(6464K) NonClass: 5768K(5824K)->5768K(5824K) Class: 533K(640K)->533K(640K)
[12.804s][info][gc             ] GC(184) Pause Young (Allocation Failure) 1942M->1942M(2107M) 51.115ms
[12.804s][info][gc,cpu         ] GC(184) User=0.34s Sys=0.03s Real=0.05s
[12.834s][info][gc,start       ] GC(185) Pause Young (Allocation Failure)
[12.879s][info][gc,heap        ] GC(185) PSYoungGen: 67712K(124928K)->46304K(71168K) Eden: 24576K(24576K)->0K(24576K) From: 43136K(100352K)->46304K(46592K)
[12.879s][info][gc,heap        ] GC(185) ParOldGen: 1946039K(2033152K)->1967887K(2033152K)
[12.879s][info][gc,metaspace   ] GC(185) Metaspace: 6301K(6464K)->6301K(6464K) NonClass: 5768K(5824K)->5768K(5824K) Class: 533K(640K)->533K(640K)
[12.879s][info][gc             ] GC(185) Pause Young (Allocation Failure) 1966M->1966M(2055M) 44.434ms
[12.879s][info][gc,cpu         ] GC(185) User=0.17s Sys=0.09s Real=0.05s
[12.908s][info][gc,start       ] GC(186) Pause Young (Allocation Failure)
[12.955s][info][gc,heap        ] GC(186) PSYoungGen: 70880K(71168K)->49344K(117248K) Eden: 24576K(24576K)->0K(27648K) From: 46304K(46592K)->49344K(89600K)
[12.955s][info][gc,heap        ] GC(186) ParOldGen: 1967887K(2033152K)->1989735K(2033152K)
[12.955s][info][gc,metaspace   ] GC(186) Metaspace: 6301K(6464K)->6301K(6464K) NonClass: 5768K(5824K)->5768K(5824K) Class: 533K(640K)->533K(640K)
[12.955s][info][gc             ] GC(186) Pause Young (Allocation Failure) 1990M->1991M(2100M) 46.209ms
[12.955s][info][gc,cpu         ] GC(186) User=0.22s Sys=0.03s Real=0.05s
[12.955s][info][gc,start       ] GC(187) Pause Full (Ergonomics)
[12.955s][info][gc,phases,start] GC(187) Marking Phase
[13.404s][info][gc,phases      ] GC(187) Marking Phase 448.771ms
[13.404s][info][gc,phases,start] GC(187) Summary Phase
[13.404s][info][gc,phases      ] GC(187) Summary Phase 0.053ms
[13.404s][info][gc,phases,start] GC(187) Adjust Roots
[13.404s][info][gc,phases      ] GC(187) Adjust Roots 0.261ms
[13.404s][info][gc,phases,start] GC(187) Compaction Phase
[13.621s][info][gc,phases      ] GC(187) Compaction Phase 217.071ms
[13.621s][info][gc,phases,start] GC(187) Post Compact
[13.625s][info][gc,phases      ] GC(187) Post Compact 4.190ms
[13.627s][info][gc,heap        ] GC(187) PSYoungGen: 49344K(117248K)->3103K(120832K) Eden: 0K(27648K)->0K(31232K) From: 49344K(89600K)->3103K(89600K)
[13.627s][info][gc,heap        ] GC(187) ParOldGen: 1989735K(2033152K)->2033104K(2252800K)
[13.627s][info][gc,metaspace   ] GC(187) Metaspace: 6301K(6464K)->6301K(6464K) NonClass: 5768K(5824K)->5768K(5824K) Class: 533K(640K)->533K(640K)
[13.627s][info][gc             ] GC(187) Pause Full (Ergonomics) 1991M->1988M(2318M) 672.600ms
[13.627s][info][gc,cpu         ] GC(187) User=4.59s Sys=0.06s Real=0.67s
[13.662s][info][gc,start       ] GC(188) Pause Young (Allocation Failure)
[13.782s][info][gc,heap        ] GC(188) PSYoungGen: 34335K(120832K)->32608K(125952K) Eden: 31232K(31232K)->0K(31232K) From: 3103K(89600K)->32608K(94720K)
[13.782s][info][gc,heap        ] GC(188) ParOldGen: 2033104K(2252800K)->2035088K(2252800K)
[13.782s][info][gc,metaspace   ] GC(188) Metaspace: 6301K(6464K)->6301K(6464K) NonClass: 5768K(5824K)->5768K(5824K) Class: 533K(640K)->533K(640K)
[13.782s][info][gc             ] GC(188) Pause Young (Allocation Failure) 2018M->2019M(2323M) 119.714ms
[13.782s][info][gc,cpu         ] GC(188) User=0.73s Sys=0.00s Real=0.12s
[13.819s][info][gc,start       ] GC(189) Pause Young (Allocation Failure)
[13.862s][info][gc,heap        ] GC(189) PSYoungGen: 63840K(125952K)->63840K(126464K) Eden: 31232K(31232K)->0K(33280K) From: 32608K(94720K)->63840K(93184K)
[13.862s][info][gc,heap        ] GC(189) ParOldGen: 2035088K(2252800K)->2035088K(2252800K)
[13.862s][info][gc,metaspace   ] GC(189) Metaspace: 6301K(6464K)->6301K(6464K) NonClass: 5768K(5824K)->5768K(5824K) Class: 533K(640K)->533K(640K)
[13.862s][info][gc             ] GC(189) Pause Young (Allocation Failure) 2049M->2049M(2323M) 42.860ms
[13.862s][info][gc,cpu         ] GC(189) User=0.27s Sys=0.00s Real=0.04s
[13.906s][info][gc,start       ] GC(190) Pause Young (Allocation Failure)
[13.966s][info][gc,heap        ] GC(190) PSYoungGen: 97120K(126464K)->94720K(128000K) Eden: 33280K(33280K)->0K(33280K) From: 63840K(93184K)->94720K(94720K)
[13.966s][info][gc,heap        ] GC(190) ParOldGen: 2035088K(2252800K)->2037480K(2252800K)
[13.966s][info][gc,metaspace   ] GC(190) Metaspace: 6301K(6464K)->6301K(6464K) NonClass: 5768K(5824K)->5768K(5824K) Class: 533K(640K)->533K(640K)
[13.966s][info][gc             ] GC(190) Pause Young (Allocation Failure) 2082M->2082M(2325M) 60.110ms
[13.966s][info][gc,cpu         ] GC(190) User=0.38s Sys=0.00s Real=0.06s
[14.003s][info][gc,start       ] GC(191) Pause Young (Allocation Failure)
[14.099s][info][gc,heap        ] GC(191) PSYoungGen: 128000K(128000K)->66240K(143872K) Eden: 33280K(33280K)->0K(37376K) From: 94720K(94720K)->66240K(106496K)
[14.099s][info][gc,heap        ] GC(191) ParOldGen: 2037480K(2252800K)->2100200K(2252800K)
[14.099s][info][gc,metaspace   ] GC(191) Metaspace: 6301K(6464K)->6301K(6464K) NonClass: 5768K(5824K)->5768K(5824K) Class: 533K(640K)->533K(640K)
[14.099s][info][gc             ] GC(191) Pause Young (Allocation Failure) 2114M->2115M(2340M) 95.917ms
[14.099s][info][gc,cpu         ] GC(191) User=0.48s Sys=0.14s Real=0.10s
[14.145s][info][gc,start       ] GC(192) Pause Young (Allocation Failure)
[14.217s][info][gc,heap        ] GC(192) PSYoungGen: 103616K(143872K)->70880K(144384K) Eden: 37376K(37376K)->0K(37376K) From: 66240K(106496K)->70880K(107008K)
[14.217s][info][gc,heap        ] GC(192) ParOldGen: 2100200K(2252800K)->2133408K(2252800K)
[14.217s][info][gc,metaspace   ] GC(192) Metaspace: 6301K(6464K)->6301K(6464K) NonClass: 5768K(5824K)->5768K(5824K) Class: 533K(640K)->533K(640K)
[14.217s][info][gc             ] GC(192) Pause Young (Allocation Failure) 2152M->2152M(2341M) 72.797ms
[14.218s][info][gc,cpu         ] GC(192) User=0.36s Sys=0.08s Real=0.07s
[14.270s][info][gc,start       ] GC(193) Pause Young (Allocation Failure)
[14.344s][info][gc,heap        ] GC(193) PSYoungGen: 108256K(144384K)->75008K(147968K) Eden: 37376K(37376K)->0K(40448K) From: 70880K(107008K)->75008K(107520K)
[14.344s][info][gc,heap        ] GC(193) ParOldGen: 2133408K(2252800K)->2167152K(2252800K)
[14.344s][info][gc,metaspace   ] GC(193) Metaspace: 6301K(6464K)->6301K(6464K) NonClass: 5768K(5824K)->5768K(5824K) Class: 533K(640K)->533K(640K)
[14.344s][info][gc             ] GC(193) Pause Young (Allocation Failure) 2189M->2189M(2344M) 74.244ms
[14.344s][info][gc,cpu         ] GC(193) User=0.31s Sys=0.17s Real=0.07s
[14.394s][info][gc,start       ] GC(194) Pause Young (Allocation Failure)
[14.476s][info][gc,heap        ] GC(194) PSYoungGen: 115456K(147968K)->78080K(149504K) Eden: 40448K(40448K)->0K(40448K) From: 75008K(107520K)->78080K(109056K)
[14.476s][info][gc,heap        ] GC(194) ParOldGen: 2167152K(2252800K)->2205064K(2252800K)
[14.477s][info][gc,metaspace   ] GC(194) Metaspace: 6301K(6464K)->6301K(6464K) NonClass: 5768K(5824K)->5768K(5824K) Class: 533K(640K)->533K(640K)
[14.477s][info][gc             ] GC(194) Pause Young (Allocation Failure) 2229M->2229M(2346M) 82.544ms
[14.477s][info][gc,cpu         ] GC(194) User=0.28s Sys=0.12s Real=0.08s
[14.477s][info][gc,start       ] GC(195) Pause Full (Ergonomics)
[14.477s][info][gc,phases,start] GC(195) Marking Phase
[15.015s][info][gc,phases      ] GC(195) Marking Phase 538.271ms
[15.015s][info][gc,phases,start] GC(195) Summary Phase
[15.015s][info][gc,phases      ] GC(195) Summary Phase 0.058ms
[15.015s][info][gc,phases,start] GC(195) Adjust Roots
[15.015s][info][gc,phases      ] GC(195) Adjust Roots 0.243ms
[15.015s][info][gc,phases,start] GC(195) Compaction Phase
[15.278s][info][gc,phases      ] GC(195) Compaction Phase 263.023ms
[15.278s][info][gc,phases,start] GC(195) Post Compact
[15.283s][info][gc,phases      ] GC(195) Post Compact 4.867ms
[15.285s][info][gc,heap        ] GC(195) PSYoungGen: 78080K(149504K)->27696K(149504K) Eden: 0K(40448K)->0K(40448K) From: 78080K(109056K)->27696K(109056K)
[15.285s][info][gc,heap        ] GC(195) ParOldGen: 2205064K(2252800K)->2252511K(2500608K)
[15.285s][info][gc,metaspace   ] GC(195) Metaspace: 6301K(6464K)->6301K(6464K) NonClass: 5768K(5824K)->5768K(5824K) Class: 533K(640K)->533K(640K)
[15.285s][info][gc             ] GC(195) Pause Full (Ergonomics) 2229M->2226M(2588M) 808.774ms
[15.285s][info][gc,cpu         ] GC(195) User=5.23s Sys=0.19s Real=0.81s
[15.332s][info][gc,start       ] GC(196) Pause Young (Allocation Failure)
[15.481s][info][gc,heap        ] GC(196) PSYoungGen: 68144K(149504K)->55968K(146432K) Eden: 40448K(40448K)->0K(44544K) From: 27696K(109056K)->55968K(101888K)
[15.481s][info][gc,heap        ] GC(196) ParOldGen: 2252511K(2500608K)->2265111K(2500608K)
[15.481s][info][gc,metaspace   ] GC(196) Metaspace: 6301K(6464K)->6301K(6464K) NonClass: 5768K(5824K)->5768K(5824K) Class: 533K(640K)->533K(640K)
[15.481s][info][gc             ] GC(196) Pause Young (Allocation Failure) 2266M->2266M(2585M) 149.097ms
[15.481s][info][gc,cpu         ] GC(196) User=0.75s Sys=0.05s Real=0.15s
[15.534s][info][gc,start       ] GC(197) Pause Young (Allocation Failure)
[15.594s][info][gc,heap        ] GC(197) PSYoungGen: 100512K(146432K)->85248K(151552K) Eden: 44544K(44544K)->0K(44544K) From: 55968K(101888K)->85248K(107008K)
[15.594s][info][gc,heap        ] GC(197) ParOldGen: 2265111K(2500608K)->2280599K(2500608K)
[15.594s][info][gc,metaspace   ] GC(197) Metaspace: 6301K(6464K)->6301K(6464K) NonClass: 5768K(5824K)->5768K(5824K) Class: 533K(640K)->533K(640K)
[15.594s][info][gc             ] GC(197) Pause Young (Allocation Failure) 2310M->2310M(2590M) 59.567ms
[15.594s][info][gc,cpu         ] GC(197) User=0.38s Sys=0.00s Real=0.06s
[15.646s][info][gc,start       ] GC(198) Pause Young (Allocation Failure)
[15.739s][info][gc,heap        ] GC(198) PSYoungGen: 129792K(151552K)->89376K(155648K) Eden: 44544K(44544K)->0K(44032K) From: 85248K(107008K)->89376K(111616K)
[15.739s][info][gc,heap        ] GC(198) ParOldGen: 2280599K(2500608K)->2321407K(2500608K)
[15.739s][info][gc,metaspace   ] GC(198) Metaspace: 6301K(6464K)->6301K(6464K) NonClass: 5768K(5824K)->5768K(5824K) Class: 533K(640K)->533K(640K)
[15.739s][info][gc             ] GC(198) Pause Young (Allocation Failure) 2353M->2354M(2594M) 93.759ms
[15.739s][info][gc,cpu         ] GC(198) User=0.44s Sys=0.16s Real=0.09s
[15.794s][info][gc,start       ] GC(199) Pause Young (Allocation Failure)
[15.887s][info][gc,heap        ] GC(199) PSYoungGen: 133408K(155648K)->88800K(160768K) Eden: 44032K(44032K)->0K(44032K) From: 89376K(111616K)->88800K(116736K)
[15.887s][info][gc,heap        ] GC(199) ParOldGen: 2321407K(2500608K)->2366343K(2500608K)
[15.887s][info][gc,metaspace   ] GC(199) Metaspace: 6301K(6464K)->6301K(6464K) NonClass: 5768K(5824K)->5768K(5824K) Class: 533K(640K)->533K(640K)
[15.887s][info][gc             ] GC(199) Pause Young (Allocation Failure) 2397M->2397M(2599M) 92.378ms
[15.887s][info][gc,cpu         ] GC(199) User=0.45s Sys=0.30s Real=0.09s
[15.943s][info][gc,start       ] GC(200) Pause Young (Allocation Failure)
[16.030s][info][gc,heap        ] GC(200) PSYoungGen: 132832K(160768K)->88320K(167424K) Eden: 44032K(44032K)->0K(47104K) From: 88800K(116736K)->88320K(120320K)
[16.030s][info][gc,heap        ] GC(200) ParOldGen: 2366343K(2500608K)->2411279K(2500608K)
[16.030s][info][gc,metaspace   ] GC(200) Metaspace: 6301K(6464K)->6301K(6464K) NonClass: 5768K(5824K)->5768K(5824K) Class: 533K(640K)->533K(640K)
[16.031s][info][gc             ] GC(200) Pause Young (Allocation Failure) 2440M->2441M(2605M) 87.544ms
[16.031s][info][gc,cpu         ] GC(200) User=0.38s Sys=0.14s Real=0.09s
[16.086s][info][gc,start       ] GC(201) Pause Young (Allocation Failure)
[16.176s][info][gc,heap        ] GC(201) PSYoungGen: 135424K(167424K)->91424K(169472K) Eden: 47104K(47104K)->0K(47104K) From: 88320K(120320K)->91424K(122368K)
[16.176s][info][gc,heap        ] GC(201) ParOldGen: 2411279K(2500608K)->2455687K(2500608K)
[16.176s][info][gc,metaspace   ] GC(201) Metaspace: 6301K(6464K)->6301K(6464K) NonClass: 5768K(5824K)->5768K(5824K) Class: 533K(640K)->533K(640K)
[16.176s][info][gc             ] GC(201) Pause Young (Allocation Failure) 2487M->2487M(2607M) 89.604ms
[16.176s][info][gc,cpu         ] GC(201) User=0.45s Sys=0.16s Real=0.09s
[16.176s][info][gc,start       ] GC(202) Pause Full (Ergonomics)
[16.176s][info][gc,phases,start] GC(202) Marking Phase
[16.756s][info][gc,phases      ] GC(202) Marking Phase 579.964ms
[16.756s][info][gc,phases,start] GC(202) Summary Phase
[16.756s][info][gc,phases      ] GC(202) Summary Phase 0.068ms
[16.756s][info][gc,phases,start] GC(202) Adjust Roots
[16.757s][info][gc,phases      ] GC(202) Adjust Roots 0.299ms
[16.757s][info][gc,phases,start] GC(202) Compaction Phase
[17.035s][info][gc,phases      ] GC(202) Compaction Phase 278.696ms
[17.035s][info][gc,phases,start] GC(202) Post Compact
[17.041s][info][gc,phases      ] GC(202) Post Compact 5.536ms
[17.043s][info][gc,heap        ] GC(202) PSYoungGen: 91424K(169472K)->44559K(169472K) Eden: 0K(47104K)->0K(47104K) From: 91424K(122368K)->44559K(122368K)
[17.043s][info][gc,heap        ] GC(202) ParOldGen: 2455687K(2500608K)->2500159K(2772992K)
[17.043s][info][gc,metaspace   ] GC(202) Metaspace: 6301K(6464K)->6301K(6464K) NonClass: 5768K(5824K)->5768K(5824K) Class: 533K(640K)->533K(640K)
[17.043s][info][gc             ] GC(202) Pause Full (Ergonomics) 2487M->2485M(2873M) 866.773ms
[17.043s][info][gc,cpu         ] GC(202) User=5.86s Sys=0.12s Real=0.87s
[17.097s][info][gc,start       ] GC(203) Pause Young (Allocation Failure)
[17.279s][info][gc,heap        ] GC(203) PSYoungGen: 91663K(169472K)->47296K(175104K) Eden: 47104K(47104K)->0K(52224K) From: 44559K(122368K)->47296K(122880K)
[17.279s][info][gc,heap        ] GC(203) ParOldGen: 2500159K(2772992K)->2545167K(2772992K)
[17.280s][info][gc,metaspace   ] GC(203) Metaspace: 6301K(6464K)->6301K(6464K) NonClass: 5768K(5824K)->5768K(5824K) Class: 533K(640K)->533K(640K)
[17.280s][info][gc             ] GC(203) Pause Young (Allocation Failure) 2531M->2531M(2879M) 182.200ms
[17.280s][info][gc,cpu         ] GC(203) User=0.94s Sys=0.17s Real=0.18s
[17.344s][info][gc,start       ] GC(204) Pause Young (Allocation Failure)
[17.419s][info][gc,heap        ] GC(204) PSYoungGen: 99520K(175104K)->52416K(176640K) Eden: 52224K(52224K)->0K(52224K) From: 47296K(122880K)->52416K(124416K)
[17.419s][info][gc,heap        ] GC(204) ParOldGen: 2545167K(2772992K)->2592703K(2772992K)
[17.419s][info][gc,metaspace   ] GC(204) Metaspace: 6301K(6464K)->6301K(6464K) NonClass: 5768K(5824K)->5768K(5824K) Class: 533K(640K)->533K(640K)
[17.419s][info][gc             ] GC(204) Pause Young (Allocation Failure) 2582M->2583M(2880M) 75.759ms
[17.419s][info][gc,cpu         ] GC(204) User=0.41s Sys=0.22s Real=0.08s
[17.487s][info][gc,start       ] GC(205) Pause Young (Allocation Failure)
[17.567s][info][gc,heap        ] GC(205) PSYoungGen: 104640K(176640K)->52448K(173568K) Eden: 52224K(52224K)->0K(57856K) From: 52416K(124416K)->52448K(115712K)
[17.567s][info][gc,heap        ] GC(205) ParOldGen: 2592703K(2772992K)->2645399K(2772992K)
[17.567s][info][gc,metaspace   ] GC(205) Metaspace: 6301K(6464K)->6301K(6464K) NonClass: 5768K(5824K)->5768K(5824K) Class: 533K(640K)->533K(640K)
[17.567s][info][gc             ] GC(205) Pause Young (Allocation Failure) 2634M->2634M(2877M) 79.878ms
[17.567s][info][gc,cpu         ] GC(205) User=0.23s Sys=0.20s Real=0.08s
[17.633s][info][gc,start       ] GC(206) Pause Young (Allocation Failure)
[17.717s][info][gc,heap        ] GC(206) PSYoungGen: 110304K(173568K)->58080K(176640K) Eden: 57856K(57856K)->0K(57856K) From: 52448K(115712K)->58080K(118784K)
[17.717s][info][gc,heap        ] GC(206) ParOldGen: 2645399K(2772992K)->2698095K(2772992K)
[17.717s][info][gc,metaspace   ] GC(206) Metaspace: 6301K(6464K)->6301K(6464K) NonClass: 5768K(5824K)->5768K(5824K) Class: 533K(640K)->533K(640K)
[17.718s][info][gc             ] GC(206) Pause Young (Allocation Failure) 2691M->2691M(2880M) 84.786ms
[17.718s][info][gc,cpu         ] GC(206) User=0.33s Sys=0.16s Real=0.09s
[17.718s][info][gc,start       ] GC(207) Pause Full (Ergonomics)
[17.718s][info][gc,phases,start] GC(207) Marking Phase
[18.361s][info][gc,phases      ] GC(207) Marking Phase 643.073ms
[18.361s][info][gc,phases,start] GC(207) Summary Phase
[18.361s][info][gc,phases      ] GC(207) Summary Phase 0.058ms
[18.361s][info][gc,phases,start] GC(207) Adjust Roots
[18.361s][info][gc,phases      ] GC(207) Adjust Roots 0.165ms
[18.361s][info][gc,phases,start] GC(207) Compaction Phase
[18.615s][info][gc,phases      ] GC(207) Compaction Phase 253.935ms
[18.615s][info][gc,phases,start] GC(207) Post Compact
[18.624s][info][gc,phases      ] GC(207) Post Compact 8.691ms
[18.627s][info][gc,heap        ] GC(207) PSYoungGen: 58080K(176640K)->0K(179200K) Eden: 0K(57856K)->0K(64000K) From: 58080K(118784K)->0K(115200K)
[18.627s][info][gc,heap        ] GC(207) ParOldGen: 2698095K(2772992K)->2754000K(3056128K)
[18.627s][info][gc,metaspace   ] GC(207) Metaspace: 6301K(6464K)->6301K(6464K) NonClass: 5768K(5824K)->5768K(5824K) Class: 533K(640K)->533K(640K)
[18.627s][info][gc             ] GC(207) Pause Full (Ergonomics) 2691M->2689M(3159M) 909.683ms
[18.627s][info][gc,cpu         ] GC(207) User=6.36s Sys=0.22s Real=0.91s
[18.701s][info][gc,start       ] GC(208) Pause Young (Allocation Failure)
[18.742s][info][gc,heap        ] GC(208) PSYoungGen: 64000K(179200K)->64224K(179200K) Eden: 64000K(64000K)->0K(64000K) From: 0K(115200K)->64224K(115200K)
[18.742s][info][gc,heap        ] GC(208) ParOldGen: 2754000K(3056128K)->2754000K(3056128K)
[18.742s][info][gc,metaspace   ] GC(208) Metaspace: 6301K(6464K)->6301K(6464K) NonClass: 5768K(5824K)->5768K(5824K) Class: 533K(640K)->533K(640K)
[18.742s][info][gc             ] GC(208) Pause Young (Allocation Failure) 2751M->2752M(3159M) 41.576ms
[18.742s][info][gc,cpu         ] GC(208) User=0.27s Sys=0.00s Real=0.04s
[19.421s][info][gc,start       ] GC(209) Pause Young (Allocation Failure)
[19.576s][info][gc,heap        ] GC(209) PSYoungGen: 128224K(179200K)->110080K(160768K) Eden: 64000K(64000K)->0K(50688K) From: 64224K(115200K)->110080K(110080K)
[19.576s][info][gc,heap        ] GC(209) ParOldGen: 2885072K(3056128K)->2903344K(3056128K)
[19.576s][info][gc,metaspace   ] GC(209) Metaspace: 6301K(6464K)->6301K(6464K) NonClass: 5768K(5824K)->5768K(5824K) Class: 533K(640K)->533K(640K)
[19.576s][info][gc             ] GC(209) Pause Young (Allocation Failure) 2942M->2942M(3141M) 154.443ms
[19.576s][info][gc,cpu         ] GC(209) User=0.77s Sys=0.08s Real=0.15s
[19.633s][info][gc,start       ] GC(210) Pause Young (Allocation Failure)
[19.764s][info][gc,heap        ] GC(210) PSYoungGen: 160768K(160768K)->50912K(179712K) Eden: 50688K(50688K)->0K(50688K) From: 110080K(110080K)->50912K(129024K)
[19.764s][info][gc,heap        ] GC(210) ParOldGen: 2903344K(3056128K)->3014216K(3056128K)
[19.764s][info][gc,metaspace   ] GC(210) Metaspace: 6301K(6464K)->6301K(6464K) NonClass: 5768K(5824K)->5768K(5824K) Class: 533K(640K)->533K(640K)
[19.764s][info][gc             ] GC(210) Pause Young (Allocation Failure) 2992M->2993M(3160M) 131.354ms
[19.764s][info][gc,cpu         ] GC(210) User=0.42s Sys=0.28s Real=0.13s
[19.764s][info][gc,start       ] GC(211) Pause Full (Ergonomics)
[19.764s][info][gc,phases,start] GC(211) Marking Phase
[20.459s][info][gc,phases      ] GC(211) Marking Phase 694.889ms
[20.459s][info][gc,phases,start] GC(211) Summary Phase
[20.459s][info][gc,phases      ] GC(211) Summary Phase 0.096ms
[20.459s][info][gc,phases,start] GC(211) Adjust Roots
[20.459s][info][gc,phases      ] GC(211) Adjust Roots 0.274ms
[20.460s][info][gc,phases,start] GC(211) Compaction Phase
[20.957s][info][gc,phases      ] GC(211) Compaction Phase 497.766ms
[20.957s][info][gc,phases,start] GC(211) Post Compact
[20.965s][info][gc,phases      ] GC(211) Post Compact 8.125ms
[20.968s][info][gc,heap        ] GC(211) PSYoungGen: 50912K(179712K)->0K(182272K) Eden: 0K(50688K)->0K(55296K) From: 50912K(129024K)->0K(126976K)
[20.968s][info][gc,heap        ] GC(211) ParOldGen: 3014216K(3056128K)->2998124K(3276800K)
[20.968s][info][gc,metaspace   ] GC(211) Metaspace: 6301K(6464K)->6301K(6464K) NonClass: 5768K(5824K)->5768K(5824K) Class: 533K(640K)->533K(640K)
[20.968s][info][gc             ] GC(211) Pause Full (Ergonomics) 2993M->2927M(3378M) 1203.798ms
[20.968s][info][gc,cpu         ] GC(211) User=7.72s Sys=0.03s Real=1.20s
[21.022s][info][gc,start       ] GC(212) Pause Young (Allocation Failure)
[21.073s][info][gc,heap        ] GC(212) PSYoungGen: 55296K(182272K)->55520K(182272K) Eden: 55296K(55296K)->0K(55296K) From: 0K(126976K)->55520K(126976K)
[21.073s][info][gc,heap        ] GC(212) ParOldGen: 2998124K(3276800K)->2998124K(3276800K)
[21.073s][info][gc,metaspace   ] GC(212) Metaspace: 6301K(6464K)->6301K(6464K) NonClass: 5768K(5824K)->5768K(5824K) Class: 533K(640K)->533K(640K)
[21.073s][info][gc             ] GC(212) Pause Young (Allocation Failure) 2981M->2982M(3378M) 51.087ms
[21.073s][info][gc,cpu         ] GC(212) User=0.09s Sys=0.00s Real=0.05s
[21.128s][info][gc,start       ] GC(213) Pause Young (Allocation Failure)
[21.205s][info][gc,heap        ] GC(213) PSYoungGen: 110816K(182272K)->110880K(172544K) Eden: 55296K(55296K)->0K(49152K) From: 55520K(126976K)->110880K(123392K)
[21.205s][info][gc,heap        ] GC(213) ParOldGen: 2998124K(3276800K)->2998124K(3276800K)
[21.205s][info][gc,metaspace   ] GC(213) Metaspace: 6301K(6464K)->6301K(6464K) NonClass: 5768K(5824K)->5768K(5824K) Class: 533K(640K)->533K(640K)
[21.205s][info][gc             ] GC(213) Pause Young (Allocation Failure) 3036M->3036M(3368M) 77.555ms
[21.205s][info][gc,cpu         ] GC(213) User=0.16s Sys=0.02s Real=0.08s
[21.254s][info][gc,start       ] GC(214) Pause Young (Allocation Failure)
[21.346s][info][gc,heap        ] GC(214) PSYoungGen: 160032K(172544K)->134144K(183296K) Eden: 49152K(49152K)->0K(49152K) From: 110880K(123392K)->134144K(134144K)
[21.346s][info][gc,heap        ] GC(214) ParOldGen: 2998124K(3276800K)->3024196K(3276800K)
[21.346s][info][gc,metaspace   ] GC(214) Metaspace: 6301K(6464K)->6301K(6464K) NonClass: 5768K(5824K)->5768K(5824K) Class: 533K(640K)->533K(640K)
[21.346s][info][gc             ] GC(214) Pause Young (Allocation Failure) 3084M->3084M(3379M) 92.006ms
[21.346s][info][gc,cpu         ] GC(214) User=0.28s Sys=0.02s Real=0.09s
[21.401s][info][gc,start       ] GC(215) Pause Young (Allocation Failure)
[21.547s][info][gc,heap        ] GC(215) PSYoungGen: 183296K(183296K)->148032K(197632K) Eden: 49152K(49152K)->0K(37376K) From: 134144K(134144K)->148032K(160256K)
[21.547s][info][gc,heap        ] GC(215) ParOldGen: 3024196K(3276800K)->3059860K(3276800K)
[21.547s][info][gc,metaspace   ] GC(215) Metaspace: 6301K(6464K)->6301K(6464K) NonClass: 5768K(5824K)->5768K(5824K) Class: 533K(640K)->533K(640K)
[21.547s][info][gc             ] GC(215) Pause Young (Allocation Failure) 3132M->3132M(3393M) 146.089ms
[21.547s][info][gc,cpu         ] GC(215) User=0.52s Sys=0.39s Real=0.15s
[21.590s][info][gc,start       ] GC(216) Pause Young (Allocation Failure)
[21.710s][info][gc,heap        ] GC(216) PSYoungGen: 185408K(197632K)->135200K(214528K) Eden: 37376K(37376K)->0K(37376K) From: 148032K(160256K)->135200K(177152K)
[21.710s][info][gc,heap        ] GC(216) ParOldGen: 3059860K(3276800K)->3110580K(3276800K)
[21.710s][info][gc,metaspace   ] GC(216) Metaspace: 6301K(6464K)->6301K(6464K) NonClass: 5768K(5824K)->5768K(5824K) Class: 533K(640K)->533K(640K)
[21.710s][info][gc             ] GC(216) Pause Young (Allocation Failure) 3169M->3169M(3409M) 120.369ms
[21.710s][info][gc,cpu         ] GC(216) User=0.38s Sys=0.27s Real=0.12s
[21.751s][info][gc,start       ] GC(217) Pause Young (Allocation Failure)
[21.898s][info][gc,heap        ] GC(217) PSYoungGen: 172576K(214528K)->75008K(215552K) Eden: 37376K(37376K)->0K(42496K) From: 135200K(177152K)->75008K(173056K)
[21.898s][info][gc,heap        ] GC(217) ParOldGen: 3110580K(3276800K)->3208916K(3276800K)
[21.898s][info][gc,metaspace   ] GC(217) Metaspace: 6301K(6464K)->6301K(6464K) NonClass: 5768K(5824K)->5768K(5824K) Class: 533K(640K)->533K(640K)
[21.898s][info][gc             ] GC(217) Pause Young (Allocation Failure) 3206M->3206M(3410M) 147.009ms
[21.898s][info][gc,cpu         ] GC(217) User=0.55s Sys=0.39s Real=0.15s
[21.898s][info][gc,start       ] GC(218) Pause Full (Ergonomics)
[21.899s][info][gc,phases,start] GC(218) Marking Phase
[22.665s][info][gc,phases      ] GC(218) Marking Phase 765.971ms
[22.665s][info][gc,phases,start] GC(218) Summary Phase
[22.665s][info][gc,phases      ] GC(218) Summary Phase 0.107ms
[22.665s][info][gc,phases,start] GC(218) Adjust Roots
[22.665s][info][gc,phases      ] GC(218) Adjust Roots 0.433ms
[22.665s][info][gc,phases,start] GC(218) Compaction Phase
[23.423s][info][gc,phases      ] GC(218) Compaction Phase 757.896ms
[23.423s][info][gc,phases,start] GC(218) Post Compact
[23.431s][info][gc,phases      ] GC(218) Post Compact 7.770ms
[23.431s][info][gc,heap        ] GC(218) PSYoungGen: 75008K(215552K)->5203K(221184K) Eden: 0K(42496K)->0K(48128K) From: 75008K(173056K)->5203K(173056K)
[23.431s][info][gc,heap        ] GC(218) ParOldGen: 3208916K(3276800K)->3276381K(3276800K)
[23.431s][info][gc,metaspace   ] GC(218) Metaspace: 6301K(6464K)->6301K(6464K) NonClass: 5768K(5824K)->5768K(5824K) Class: 533K(640K)->533K(640K)
[23.431s][info][gc             ] GC(218) Pause Full (Ergonomics) 3206M->3204M(3416M) 1532.769ms
[23.431s][info][gc,cpu         ] GC(218) User=8.72s Sys=0.11s Real=1.53s
[23.479s][info][gc,start       ] GC(219) Pause Full (Ergonomics)
[23.479s][info][gc,phases,start] GC(219) Marking Phase
[24.286s][info][gc,phases      ] GC(219) Marking Phase 807.045ms
[24.286s][info][gc,phases,start] GC(219) Summary Phase
[24.286s][info][gc,phases      ] GC(219) Summary Phase 0.086ms
[24.286s][info][gc,phases,start] GC(219) Adjust Roots
[24.286s][info][gc,phases      ] GC(219) Adjust Roots 0.243ms
[24.286s][info][gc,phases,start] GC(219) Compaction Phase
[24.574s][info][gc,phases      ] GC(219) Compaction Phase 287.980ms
[24.574s][info][gc,phases,start] GC(219) Post Compact
[24.582s][info][gc,phases      ] GC(219) Post Compact 8.059ms
[24.582s][info][gc,heap        ] GC(219) PSYoungGen: 53331K(221184K)->53295K(221184K) Eden: 48128K(48128K)->48092K(48128K) From: 5203K(173056K)->5203K(173056K)
[24.582s][info][gc,heap        ] GC(219) ParOldGen: 3276381K(3276800K)->3276381K(3276800K)
[24.582s][info][gc,metaspace   ] GC(219) Metaspace: 6301K(6464K)->6301K(6464K) NonClass: 5768K(5824K)->5768K(5824K) Class: 533K(640K)->533K(640K)
[24.583s][info][gc             ] GC(219) Pause Full (Ergonomics) 3251M->3251M(3416M) 1103.934ms
[24.583s][info][gc,cpu         ] GC(219) User=7.36s Sys=0.00s Real=1.11s
[24.583s][info][gc,start       ] GC(220) Pause Full (Ergonomics)
[24.583s][info][gc,phases,start] GC(220) Marking Phase
[25.376s][info][gc,phases      ] GC(220) Marking Phase 793.419ms
[25.376s][info][gc,phases,start] GC(220) Summary Phase
[25.376s][info][gc,phases      ] GC(220) Summary Phase 0.056ms
[25.376s][info][gc,phases,start] GC(220) Adjust Roots
[25.377s][info][gc,phases      ] GC(220) Adjust Roots 0.218ms
[25.377s][info][gc,phases,start] GC(220) Compaction Phase
[25.649s][info][gc,phases      ] GC(220) Compaction Phase 272.417ms
[25.649s][info][gc,phases,start] GC(220) Post Compact
[25.656s][info][gc,phases      ] GC(220) Post Compact 7.172ms
[25.656s][info][gc,heap        ] GC(220) PSYoungGen: 53331K(221184K)->53330K(221184K) Eden: 48128K(48128K)->48127K(48128K) From: 5203K(173056K)->5203K(173056K)
[25.656s][info][gc,heap        ] GC(220) ParOldGen: 3276381K(3276800K)->3276381K(3276800K)
[25.656s][info][gc,metaspace   ] GC(220) Metaspace: 6301K(6464K)->6301K(6464K) NonClass: 5768K(5824K)->5768K(5824K) Class: 533K(640K)->533K(640K)
[25.656s][info][gc             ] GC(220) Pause Full (Ergonomics) 3251M->3251M(3416M) 1073.703ms
[25.656s][info][gc,cpu         ] GC(220) User=7.23s Sys=0.00s Real=1.07s
[25.657s][info][gc,start       ] GC(221) Pause Full (Ergonomics)
[25.657s][info][gc,phases,start] GC(221) Marking Phase
[26.444s][info][gc,phases      ] GC(221) Marking Phase 787.512ms
[26.444s][info][gc,phases,start] GC(221) Summary Phase
[26.444s][info][gc,phases      ] GC(221) Summary Phase 0.074ms
[26.444s][info][gc,phases,start] GC(221) Adjust Roots
[26.445s][info][gc,phases      ] GC(221) Adjust Roots 0.347ms
[26.445s][info][gc,phases,start] GC(221) Compaction Phase
[26.720s][info][gc,phases      ] GC(221) Compaction Phase 275.495ms
[26.720s][info][gc,phases,start] GC(221) Post Compact
[26.727s][info][gc,phases      ] GC(221) Post Compact 6.453ms
[26.727s][info][gc,heap        ] GC(221) PSYoungGen: 53331K(221184K)->53331K(221184K) Eden: 48127K(48128K)->48127K(48128K) From: 5203K(173056K)->5203K(173056K)
[26.727s][info][gc,heap        ] GC(221) ParOldGen: 3276381K(3276800K)->3276381K(3276800K)
[26.727s][info][gc,metaspace   ] GC(221) Metaspace: 6301K(6464K)->6301K(6464K) NonClass: 5768K(5824K)->5768K(5824K) Class: 533K(640K)->533K(640K)
[26.727s][info][gc             ] GC(221) Pause Full (Ergonomics) 3251M->3251M(3416M) 1070.344ms
[26.727s][info][gc,cpu         ] GC(221) User=7.28s Sys=0.00s Real=1.07s
[26.727s][info][gc,start       ] GC(222) Pause Full (Ergonomics)
[26.727s][info][gc,phases,start] GC(222) Marking Phase
[27.527s][info][gc,phases      ] GC(222) Marking Phase 799.691ms
[27.527s][info][gc,phases,start] GC(222) Summary Phase
[27.527s][info][gc,phases      ] GC(222) Summary Phase 0.061ms
[27.527s][info][gc,phases,start] GC(222) Adjust Roots
[27.528s][info][gc,phases      ] GC(222) Adjust Roots 0.430ms
[27.528s][info][gc,phases,start] GC(222) Compaction Phase
[27.820s][info][gc,phases      ] GC(222) Compaction Phase 292.685ms
[27.820s][info][gc,phases,start] GC(222) Post Compact
[27.827s][info][gc,phases      ] GC(222) Post Compact 6.571ms
[27.827s][info][gc,heap        ] GC(222) PSYoungGen: 53331K(221184K)->53331K(221184K) Eden: 48127K(48128K)->48127K(48128K) From: 5203K(173056K)->5203K(173056K)
[27.827s][info][gc,heap        ] GC(222) ParOldGen: 3276386K(3276800K)->3276386K(3276800K)
[27.827s][info][gc,metaspace   ] GC(222) Metaspace: 6301K(6464K)->6301K(6464K) NonClass: 5768K(5824K)->5768K(5824K) Class: 533K(640K)->533K(640K)
[27.827s][info][gc             ] GC(222) Pause Full (Ergonomics) 3251M->3251M(3416M) 1099.932ms
[27.827s][info][gc,cpu         ] GC(222) User=7.47s Sys=0.00s Real=1.10s
[27.827s][info][gc,start       ] GC(223) Pause Full (Ergonomics)
[27.827s][info][gc,phases,start] GC(223) Marking Phase
[28.611s][info][gc,phases      ] GC(223) Marking Phase 783.690ms
[28.611s][info][gc,phases,start] GC(223) Summary Phase
[28.611s][info][gc,phases      ] GC(223) Summary Phase 0.058ms
[28.611s][info][gc,phases,start] GC(223) Adjust Roots
[28.612s][info][gc,phases      ] GC(223) Adjust Roots 0.259ms
[28.612s][info][gc,phases,start] GC(223) Compaction Phase
[28.894s][info][gc,phases      ] GC(223) Compaction Phase 281.929ms
[28.894s][info][gc,phases,start] GC(223) Post Compact
[28.901s][info][gc,phases      ] GC(223) Post Compact 7.725ms
[28.901s][info][gc,heap        ] GC(223) PSYoungGen: 53331K(221184K)->53331K(221184K) Eden: 48127K(48128K)->48127K(48128K) From: 5203K(173056K)->5203K(173056K)
[28.901s][info][gc,heap        ] GC(223) ParOldGen: 3276391K(3276800K)->3276391K(3276800K)
[28.901s][info][gc,metaspace   ] GC(223) Metaspace: 6301K(6464K)->6301K(6464K) NonClass: 5768K(5824K)->5768K(5824K) Class: 533K(640K)->533K(640K)
[28.901s][info][gc             ] GC(223) Pause Full (Ergonomics) 3251M->3251M(3416M) 1074.060ms
[28.901s][info][gc,cpu         ] GC(223) User=7.47s Sys=0.00s Real=1.07s
[28.902s][info][gc,start       ] GC(224) Pause Full (Ergonomics)
[28.902s][info][gc,phases,start] GC(224) Marking Phase
[29.669s][info][gc,phases      ] GC(224) Marking Phase 767.373ms
[29.669s][info][gc,phases,start] GC(224) Summary Phase
[29.669s][info][gc,phases      ] GC(224) Summary Phase 0.042ms
[29.669s][info][gc,phases,start] GC(224) Adjust Roots
[29.669s][info][gc,phases      ] GC(224) Adjust Roots 0.174ms
[29.669s][info][gc,phases,start] GC(224) Compaction Phase
[29.963s][info][gc,phases      ] GC(224) Compaction Phase 293.557ms
[29.963s][info][gc,phases,start] GC(224) Post Compact
[29.970s][info][gc,phases      ] GC(224) Post Compact 6.969ms
[29.970s][info][gc,heap        ] GC(224) PSYoungGen: 53331K(221184K)->53331K(221184K) Eden: 48127K(48128K)->48127K(48128K) From: 5203K(173056K)->5203K(173056K)
[29.970s][info][gc,heap        ] GC(224) ParOldGen: 3276395K(3276800K)->3276395K(3276800K)
[29.970s][info][gc,metaspace   ] GC(224) Metaspace: 6301K(6464K)->6301K(6464K) NonClass: 5768K(5824K)->5768K(5824K) Class: 533K(640K)->533K(640K)
[29.970s][info][gc             ] GC(224) Pause Full (Ergonomics) 3251M->3251M(3416M) 1068.475ms
[29.970s][info][gc,cpu         ] GC(224) User=6.94s Sys=0.02s Real=1.07s
[29.970s][info][gc,start       ] GC(225) Pause Full (Ergonomics)
[29.970s][info][gc,phases,start] GC(225) Marking Phase
[30.740s][info][gc,phases      ] GC(225) Marking Phase 769.176ms
[30.740s][info][gc,phases,start] GC(225) Summary Phase
[30.740s][info][gc,phases      ] GC(225) Summary Phase 0.055ms
[30.740s][info][gc,phases,start] GC(225) Adjust Roots
[30.740s][info][gc,phases      ] GC(225) Adjust Roots 0.217ms
[30.740s][info][gc,phases,start] GC(225) Compaction Phase
[31.030s][info][gc,phases      ] GC(225) Compaction Phase 290.195ms
[31.030s][info][gc,phases,start] GC(225) Post Compact
[31.038s][info][gc,phases      ] GC(225) Post Compact 7.929ms
[31.038s][info][gc,heap        ] GC(225) PSYoungGen: 53331K(221184K)->53331K(221184K) Eden: 48127K(48128K)->48127K(48128K) From: 5203K(173056K)->5203K(173056K)
[31.038s][info][gc,heap        ] GC(225) ParOldGen: 3276400K(3276800K)->3276400K(3276800K)
[31.038s][info][gc,metaspace   ] GC(225) Metaspace: 6301K(6464K)->6301K(6464K) NonClass: 5768K(5824K)->5768K(5824K) Class: 533K(640K)->533K(640K)
[31.038s][info][gc             ] GC(225) Pause Full (Ergonomics) 3251M->3251M(3416M) 1067.970ms
[31.038s][info][gc,cpu         ] GC(225) User=6.92s Sys=0.03s Real=1.07s
[31.039s][info][gc,start       ] GC(226) Pause Full (Ergonomics)
[31.039s][info][gc,phases,start] GC(226) Marking Phase
[31.861s][info][gc,phases      ] GC(226) Marking Phase 822.271ms
[31.861s][info][gc,phases,start] GC(226) Summary Phase
[31.861s][info][gc,phases      ] GC(226) Summary Phase 0.046ms
[31.861s][info][gc,phases,start] GC(226) Adjust Roots
[31.861s][info][gc,phases      ] GC(226) Adjust Roots 0.234ms
[31.861s][info][gc,phases,start] GC(226) Compaction Phase
[32.138s][info][gc,phases      ] GC(226) Compaction Phase 276.447ms
[32.138s][info][gc,phases,start] GC(226) Post Compact
[32.144s][info][gc,phases      ] GC(226) Post Compact 6.104ms
[32.144s][info][gc,heap        ] GC(226) PSYoungGen: 53331K(221184K)->53331K(221184K) Eden: 48127K(48128K)->48127K(48128K) From: 5203K(173056K)->5203K(173056K)
[32.144s][info][gc,heap        ] GC(226) ParOldGen: 3276405K(3276800K)->3276405K(3276800K)
[32.144s][info][gc,metaspace   ] GC(226) Metaspace: 6301K(6464K)->6301K(6464K) NonClass: 5768K(5824K)->5768K(5824K) Class: 533K(640K)->533K(640K)
[32.144s][info][gc             ] GC(226) Pause Full (Ergonomics) 3251M->3251M(3416M) 1105.475ms
[32.144s][info][gc,cpu         ] GC(226) User=7.42s Sys=0.02s Real=1.11s
[32.144s][info][gc,start       ] GC(227) Pause Full (Ergonomics)
[32.144s][info][gc,phases,start] GC(227) Marking Phase
[32.906s][info][gc,phases      ] GC(227) Marking Phase 761.165ms
[32.906s][info][gc,phases,start] GC(227) Summary Phase
[32.906s][info][gc,phases      ] GC(227) Summary Phase 0.064ms
[32.906s][info][gc,phases,start] GC(227) Adjust Roots
[32.906s][info][gc,phases      ] GC(227) Adjust Roots 0.302ms
[32.906s][info][gc,phases,start] GC(227) Compaction Phase
[33.187s][info][gc,phases      ] GC(227) Compaction Phase 280.867ms
[33.187s][info][gc,phases,start] GC(227) Post Compact
[33.194s][info][gc,phases      ] GC(227) Post Compact 6.850ms
[33.194s][info][gc,heap        ] GC(227) PSYoungGen: 53331K(221184K)->53331K(221184K) Eden: 48127K(48128K)->48127K(48128K) From: 5203K(173056K)->5203K(173056K)
[33.194s][info][gc,heap        ] GC(227) ParOldGen: 3276410K(3276800K)->3276410K(3276800K)
[33.194s][info][gc,metaspace   ] GC(227) Metaspace: 6301K(6464K)->6301K(6464K) NonClass: 5768K(5824K)->5768K(5824K) Class: 533K(640K)->533K(640K)
[33.194s][info][gc             ] GC(227) Pause Full (Ergonomics) 3251M->3251M(3416M) 1049.757ms
[33.194s][info][gc,cpu         ] GC(227) User=7.11s Sys=0.00s Real=1.05s
[33.194s][info][gc,start       ] GC(228) Pause Full (Ergonomics)
[33.195s][info][gc,phases,start] GC(228) Marking Phase
[34.054s][info][gc,phases      ] GC(228) Marking Phase 859.839ms
[34.054s][info][gc,phases,start] GC(228) Summary Phase
[34.055s][info][gc,phases      ] GC(228) Summary Phase 0.094ms
[34.055s][info][gc,phases,start] GC(228) Adjust Roots
[34.055s][info][gc,phases      ] GC(228) Adjust Roots 0.291ms
[34.055s][info][gc,phases,start] GC(228) Compaction Phase
[34.331s][info][gc,phases      ] GC(228) Compaction Phase 275.743ms
[34.331s][info][gc,phases,start] GC(228) Post Compact
[34.337s][info][gc,phases      ] GC(228) Post Compact 6.433ms
[34.337s][info][gc,heap        ] GC(228) PSYoungGen: 53331K(221184K)->53331K(221184K) Eden: 48127K(48128K)->48127K(48128K) From: 5203K(173056K)->5203K(173056K)
[34.337s][info][gc,heap        ] GC(228) ParOldGen: 3276415K(3276800K)->3276415K(3276800K)
[34.337s][info][gc,metaspace   ] GC(228) Metaspace: 6301K(6464K)->6301K(6464K) NonClass: 5768K(5824K)->5768K(5824K) Class: 533K(640K)->533K(640K)
[34.337s][info][gc             ] GC(228) Pause Full (Ergonomics) 3251M->3251M(3416M) 1142.820ms
[34.337s][info][gc,cpu         ] GC(228) User=7.16s Sys=0.00s Real=1.14s
[34.338s][info][gc,start       ] GC(229) Pause Full (Ergonomics)
[34.338s][info][gc,phases,start] GC(229) Marking Phase
[35.103s][info][gc,phases      ] GC(229) Marking Phase 765.203ms
[35.103s][info][gc,phases,start] GC(229) Summary Phase
[35.103s][info][gc,phases      ] GC(229) Summary Phase 0.051ms
[35.103s][info][gc,phases,start] GC(229) Adjust Roots
[35.103s][info][gc,phases      ] GC(229) Adjust Roots 0.201ms
[35.103s][info][gc,phases,start] GC(229) Compaction Phase
[35.402s][info][gc,phases      ] GC(229) Compaction Phase 298.998ms
[35.402s][info][gc,phases,start] GC(229) Post Compact
[35.410s][info][gc,phases      ] GC(229) Post Compact 7.959ms
[35.410s][info][gc,heap        ] GC(229) PSYoungGen: 53331K(221184K)->53331K(221184K) Eden: 48127K(48128K)->48127K(48128K) From: 5203K(173056K)->5203K(173056K)
[35.410s][info][gc,heap        ] GC(229) ParOldGen: 3276420K(3276800K)->3276420K(3276800K)
[35.410s][info][gc,metaspace   ] GC(229) Metaspace: 6301K(6464K)->6301K(6464K) NonClass: 5768K(5824K)->5768K(5824K) Class: 533K(640K)->533K(640K)
[35.410s][info][gc             ] GC(229) Pause Full (Ergonomics) 3251M->3251M(3416M) 1072.834ms
[35.410s][info][gc,cpu         ] GC(229) User=6.91s Sys=0.00s Real=1.07s
[35.411s][info][gc,start       ] GC(230) Pause Full (Ergonomics)
[35.411s][info][gc,phases,start] GC(230) Marking Phase
[36.230s][info][gc,phases      ] GC(230) Marking Phase 819.816ms
[36.231s][info][gc,phases,start] GC(230) Summary Phase
[36.231s][info][gc,phases      ] GC(230) Summary Phase 0.077ms
[36.231s][info][gc,phases,start] GC(230) Adjust Roots
[36.231s][info][gc,phases      ] GC(230) Adjust Roots 0.247ms
[36.231s][info][gc,phases,start] GC(230) Compaction Phase
[36.524s][info][gc,phases      ] GC(230) Compaction Phase 293.293ms
[36.524s][info][gc,phases,start] GC(230) Post Compact
[36.531s][info][gc,phases      ] GC(230) Post Compact 7.018ms
[36.531s][info][gc,heap        ] GC(230) PSYoungGen: 53331K(221184K)->53331K(221184K) Eden: 48127K(48128K)->48127K(48128K) From: 5203K(173056K)->5203K(173056K)
[36.531s][info][gc,heap        ] GC(230) ParOldGen: 3276424K(3276800K)->3276424K(3276800K)
[36.531s][info][gc,metaspace   ] GC(230) Metaspace: 6301K(6464K)->6301K(6464K) NonClass: 5768K(5824K)->5768K(5824K) Class: 533K(640K)->533K(640K)
[36.531s][info][gc             ] GC(230) Pause Full (Ergonomics) 3251M->3251M(3416M) 1120.858ms
[36.532s][info][gc,cpu         ] GC(230) User=7.30s Sys=0.00s Real=1.12s
[36.532s][info][gc,start       ] GC(231) Pause Full (Ergonomics)
[36.532s][info][gc,phases,start] GC(231) Marking Phase
[37.352s][info][gc,phases      ] GC(231) Marking Phase 820.546ms
[37.352s][info][gc,phases,start] GC(231) Summary Phase
[37.353s][info][gc,phases      ] GC(231) Summary Phase 0.070ms
[37.353s][info][gc,phases,start] GC(231) Adjust Roots
[37.353s][info][gc,phases      ] GC(231) Adjust Roots 0.322ms
[37.353s][info][gc,phases,start] GC(231) Compaction Phase
[37.669s][info][gc,phases      ] GC(231) Compaction Phase 316.044ms
[37.669s][info][gc,phases,start] GC(231) Post Compact
[37.676s][info][gc,phases      ] GC(231) Post Compact 7.071ms
[37.676s][info][gc,heap        ] GC(231) PSYoungGen: 53331K(221184K)->53331K(221184K) Eden: 48127K(48128K)->48127K(48128K) From: 5203K(173056K)->5203K(173056K)
[37.676s][info][gc,heap        ] GC(231) ParOldGen: 3276429K(3276800K)->3276429K(3276800K)
[37.676s][info][gc,metaspace   ] GC(231) Metaspace: 6301K(6464K)->6301K(6464K) NonClass: 5768K(5824K)->5768K(5824K) Class: 533K(640K)->533K(640K)
[37.676s][info][gc             ] GC(231) Pause Full (Ergonomics) 3251M->3251M(3416M) 1144.584ms
[37.676s][info][gc,cpu         ] GC(231) User=7.16s Sys=0.02s Real=1.14s
[37.677s][info][gc,start       ] GC(232) Pause Full (Ergonomics)
[37.677s][info][gc,phases,start] GC(232) Marking Phase
[38.452s][info][gc,phases      ] GC(232) Marking Phase 775.268ms
[38.452s][info][gc,phases,start] GC(232) Summary Phase
[38.452s][info][gc,phases      ] GC(232) Summary Phase 0.048ms
[38.452s][info][gc,phases,start] GC(232) Adjust Roots
[38.452s][info][gc,phases      ] GC(232) Adjust Roots 0.187ms
[38.452s][info][gc,phases,start] GC(232) Compaction Phase
[38.708s][info][gc,phases      ] GC(232) Compaction Phase 255.493ms
[38.708s][info][gc,phases,start] GC(232) Post Compact
[38.714s][info][gc,phases      ] GC(232) Post Compact 6.029ms
[38.714s][info][gc,heap        ] GC(232) PSYoungGen: 53331K(221184K)->53331K(221184K) Eden: 48127K(48128K)->48127K(48128K) From: 5203K(173056K)->5203K(173056K)
[38.714s][info][gc,heap        ] GC(232) ParOldGen: 3276434K(3276800K)->3276434K(3276800K)
[38.714s][info][gc,metaspace   ] GC(232) Metaspace: 6301K(6464K)->6301K(6464K) NonClass: 5768K(5824K)->5768K(5824K) Class: 533K(640K)->533K(640K)
[38.714s][info][gc             ] GC(232) Pause Full (Ergonomics) 3251M->3251M(3416M) 1037.368ms
[38.714s][info][gc,cpu         ] GC(232) User=7.23s Sys=0.00s Real=1.04s
[38.714s][info][gc,start       ] GC(233) Pause Full (Ergonomics)
[38.714s][info][gc,phases,start] GC(233) Marking Phase
[39.493s][info][gc,phases      ] GC(233) Marking Phase 779.144ms
[39.493s][info][gc,phases,start] GC(233) Summary Phase
[39.493s][info][gc,phases      ] GC(233) Summary Phase 0.047ms
[39.494s][info][gc,phases,start] GC(233) Adjust Roots
[39.494s][info][gc,phases      ] GC(233) Adjust Roots 0.193ms
[39.494s][info][gc,phases,start] GC(233) Compaction Phase
[39.753s][info][gc,phases      ] GC(233) Compaction Phase 259.597ms
[39.753s][info][gc,phases,start] GC(233) Post Compact
[39.761s][info][gc,phases      ] GC(233) Post Compact 7.425ms
[39.761s][info][gc,heap        ] GC(233) PSYoungGen: 53331K(221184K)->53331K(221184K) Eden: 48127K(48128K)->48127K(48128K) From: 5203K(173056K)->5203K(173056K)
[39.761s][info][gc,heap        ] GC(233) ParOldGen: 3276439K(3276800K)->3276439K(3276800K)
[39.761s][info][gc,metaspace   ] GC(233) Metaspace: 6301K(6464K)->6301K(6464K) NonClass: 5768K(5824K)->5768K(5824K) Class: 533K(640K)->533K(640K)
[39.761s][info][gc             ] GC(233) Pause Full (Ergonomics) 3251M->3251M(3416M) 1046.761ms
[39.761s][info][gc,cpu         ] GC(233) User=7.31s Sys=0.00s Real=1.05s
[39.761s][info][gc,start       ] GC(234) Pause Full (Ergonomics)
[39.761s][info][gc,phases,start] GC(234) Marking Phase
[40.524s][info][gc,phases      ] GC(234) Marking Phase 763.308ms
[40.525s][info][gc,phases,start] GC(234) Summary Phase
[40.525s][info][gc,phases      ] GC(234) Summary Phase 0.046ms
[40.525s][info][gc,phases,start] GC(234) Adjust Roots
[40.525s][info][gc,phases      ] GC(234) Adjust Roots 0.195ms
[40.525s][info][gc,phases,start] GC(234) Compaction Phase
[40.792s][info][gc,phases      ] GC(234) Compaction Phase 267.279ms
[40.792s][info][gc,phases,start] GC(234) Post Compact
[40.799s][info][gc,phases      ] GC(234) Post Compact 6.624ms
[40.799s][info][gc,heap        ] GC(234) PSYoungGen: 53331K(221184K)->53331K(221184K) Eden: 48127K(48128K)->48127K(48128K) From: 5203K(173056K)->5203K(173056K)
[40.799s][info][gc,heap        ] GC(234) ParOldGen: 3276444K(3276800K)->3276444K(3276800K)
[40.799s][info][gc,metaspace   ] GC(234) Metaspace: 6301K(6464K)->6301K(6464K) NonClass: 5768K(5824K)->5768K(5824K) Class: 533K(640K)->533K(640K)
[40.799s][info][gc             ] GC(234) Pause Full (Ergonomics) 3251M->3251M(3416M) 1037.797ms
[40.799s][info][gc,cpu         ] GC(234) User=7.27s Sys=0.00s Real=1.04s
[40.799s][info][gc,start       ] GC(235) Pause Full (Ergonomics)
[40.799s][info][gc,phases,start] GC(235) Marking Phase
[41.565s][info][gc,phases      ] GC(235) Marking Phase 765.590ms
[41.565s][info][gc,phases,start] GC(235) Summary Phase
[41.565s][info][gc,phases      ] GC(235) Summary Phase 0.061ms
[41.565s][info][gc,phases,start] GC(235) Adjust Roots
[41.565s][info][gc,phases      ] GC(235) Adjust Roots 0.237ms
[41.565s][info][gc,phases,start] GC(235) Compaction Phase
[41.831s][info][gc,phases      ] GC(235) Compaction Phase 265.655ms
[41.831s][info][gc,phases,start] GC(235) Post Compact
[41.838s][info][gc,phases      ] GC(235) Post Compact 6.796ms
[41.838s][info][gc,heap        ] GC(235) PSYoungGen: 53331K(221184K)->53331K(221184K) Eden: 48127K(48128K)->48127K(48128K) From: 5203K(173056K)->5203K(173056K)
[41.838s][info][gc,heap        ] GC(235) ParOldGen: 3276449K(3276800K)->3276449K(3276800K)
[41.838s][info][gc,metaspace   ] GC(235) Metaspace: 6301K(6464K)->6301K(6464K) NonClass: 5768K(5824K)->5768K(5824K) Class: 533K(640K)->533K(640K)
[41.838s][info][gc             ] GC(235) Pause Full (Ergonomics) 3251M->3251M(3416M) 1038.769ms
[41.838s][info][gc,cpu         ] GC(235) User=7.27s Sys=0.00s Real=1.04s
[41.838s][info][gc,start       ] GC(236) Pause Full (Ergonomics)
[41.838s][info][gc,phases,start] GC(236) Marking Phase
[42.591s][info][gc,phases      ] GC(236) Marking Phase 752.460ms
[42.591s][info][gc,phases,start] GC(236) Summary Phase
[42.591s][info][gc,phases      ] GC(236) Summary Phase 0.067ms
[42.591s][info][gc,phases,start] GC(236) Adjust Roots
[42.591s][info][gc,phases      ] GC(236) Adjust Roots 0.233ms
[42.591s][info][gc,phases,start] GC(236) Compaction Phase
[42.856s][info][gc,phases      ] GC(236) Compaction Phase 264.597ms
[42.856s][info][gc,phases,start] GC(236) Post Compact
[42.862s][info][gc,phases      ] GC(236) Post Compact 6.701ms
[42.863s][info][gc,heap        ] GC(236) PSYoungGen: 53331K(221184K)->53331K(221184K) Eden: 48127K(48128K)->48127K(48128K) From: 5203K(173056K)->5203K(173056K)
[42.863s][info][gc,heap        ] GC(236) ParOldGen: 3276453K(3276800K)->3276453K(3276800K)
[42.863s][info][gc,metaspace   ] GC(236) Metaspace: 6301K(6464K)->6301K(6464K) NonClass: 5768K(5824K)->5768K(5824K) Class: 533K(640K)->533K(640K)
[42.863s][info][gc             ] GC(236) Pause Full (Ergonomics) 3251M->3251M(3416M) 1024.463ms
[42.863s][info][gc,cpu         ] GC(236) User=7.19s Sys=0.00s Real=1.02s
[42.863s][info][gc,start       ] GC(237) Pause Full (Ergonomics)
[42.863s][info][gc,phases,start] GC(237) Marking Phase
[43.637s][info][gc,phases      ] GC(237) Marking Phase 773.803ms
[43.637s][info][gc,phases,start] GC(237) Summary Phase
[43.637s][info][gc,phases      ] GC(237) Summary Phase 0.085ms
[43.637s][info][gc,phases,start] GC(237) Adjust Roots
[43.637s][info][gc,phases      ] GC(237) Adjust Roots 0.293ms
[43.637s][info][gc,phases,start] GC(237) Compaction Phase
[43.915s][info][gc,phases      ] GC(237) Compaction Phase 277.326ms
[43.915s][info][gc,phases,start] GC(237) Post Compact
[43.922s][info][gc,phases      ] GC(237) Post Compact 6.915ms
[43.922s][info][gc,heap        ] GC(237) PSYoungGen: 53331K(221184K)->53331K(221184K) Eden: 48127K(48128K)->48127K(48128K) From: 5203K(173056K)->5203K(173056K)
[43.922s][info][gc,heap        ] GC(237) ParOldGen: 3276458K(3276800K)->3276458K(3276800K)
[43.922s][info][gc,metaspace   ] GC(237) Metaspace: 6301K(6464K)->6301K(6464K) NonClass: 5768K(5824K)->5768K(5824K) Class: 533K(640K)->533K(640K)
[43.922s][info][gc             ] GC(237) Pause Full (Ergonomics) 3251M->3251M(3416M) 1058.839ms
[43.922s][info][gc,cpu         ] GC(237) User=7.45s Sys=0.00s Real=1.06s
[43.922s][info][gc,start       ] GC(238) Pause Full (Ergonomics)
[43.922s][info][gc,phases,start] GC(238) Marking Phase
[44.691s][info][gc,phases      ] GC(238) Marking Phase 769.445ms
[44.691s][info][gc,phases,start] GC(238) Summary Phase
[44.692s][info][gc,phases      ] GC(238) Summary Phase 0.059ms
[44.692s][info][gc,phases,start] GC(238) Adjust Roots
[44.692s][info][gc,phases      ] GC(238) Adjust Roots 0.348ms
[44.692s][info][gc,phases,start] GC(238) Compaction Phase
[44.971s][info][gc,phases      ] GC(238) Compaction Phase 279.449ms
[44.971s][info][gc,phases,start] GC(238) Post Compact
[44.978s][info][gc,phases      ] GC(238) Post Compact 6.600ms
[44.978s][info][gc,heap        ] GC(238) PSYoungGen: 53331K(221184K)->53331K(221184K) Eden: 48127K(48128K)->48127K(48128K) From: 5203K(173056K)->5203K(173056K)
[44.978s][info][gc,heap        ] GC(238) ParOldGen: 3276463K(3276800K)->3276463K(3276800K)
[44.978s][info][gc,metaspace   ] GC(238) Metaspace: 6301K(6464K)->6301K(6464K) NonClass: 5768K(5824K)->5768K(5824K) Class: 533K(640K)->533K(640K)
[44.978s][info][gc             ] GC(238) Pause Full (Ergonomics) 3251M->3251M(3416M) 1056.378ms
[44.978s][info][gc,cpu         ] GC(238) User=7.02s Sys=0.00s Real=1.06s
[44.979s][info][gc,start       ] GC(239) Pause Full (Ergonomics)
[44.979s][info][gc,phases,start] GC(239) Marking Phase
[45.757s][info][gc,phases      ] GC(239) Marking Phase 777.952ms
[45.757s][info][gc,phases,start] GC(239) Summary Phase
[45.757s][info][gc,phases      ] GC(239) Summary Phase 0.072ms
[45.757s][info][gc,phases,start] GC(239) Adjust Roots
[45.757s][info][gc,phases      ] GC(239) Adjust Roots 0.303ms
[45.757s][info][gc,phases,start] GC(239) Compaction Phase
[46.021s][info][gc,phases      ] GC(239) Compaction Phase 263.555ms
[46.021s][info][gc,phases,start] GC(239) Post Compact
[46.027s][info][gc,phases      ] GC(239) Post Compact 6.575ms
[46.027s][info][gc,heap        ] GC(239) PSYoungGen: 53331K(221184K)->53331K(221184K) Eden: 48127K(48128K)->48127K(48128K) From: 5203K(173056K)->5203K(173056K)
[46.027s][info][gc,heap        ] GC(239) ParOldGen: 3276468K(3276800K)->3276468K(3276800K)
[46.028s][info][gc,metaspace   ] GC(239) Metaspace: 6301K(6464K)->6301K(6464K) NonClass: 5768K(5824K)->5768K(5824K) Class: 533K(640K)->533K(640K)
[46.028s][info][gc             ] GC(239) Pause Full (Ergonomics) 3251M->3251M(3416M) 1048.908ms
[46.028s][info][gc,cpu         ] GC(239) User=7.33s Sys=0.00s Real=1.05s
[46.028s][info][gc,start       ] GC(240) Pause Full (Ergonomics)
[46.028s][info][gc,phases,start] GC(240) Marking Phase
[46.789s][info][gc,phases      ] GC(240) Marking Phase 761.077ms
[46.789s][info][gc,phases,start] GC(240) Summary Phase
[46.789s][info][gc,phases      ] GC(240) Summary Phase 0.046ms
[46.789s][info][gc,phases,start] GC(240) Adjust Roots
[46.789s][info][gc,phases      ] GC(240) Adjust Roots 0.255ms
[46.789s][info][gc,phases,start] GC(240) Compaction Phase
[47.047s][info][gc,phases      ] GC(240) Compaction Phase 257.267ms
[47.047s][info][gc,phases,start] GC(240) Post Compact
[47.053s][info][gc,phases      ] GC(240) Post Compact 6.720ms
[47.053s][info][gc,heap        ] GC(240) PSYoungGen: 53331K(221184K)->53331K(221184K) Eden: 48127K(48128K)->48127K(48128K) From: 5203K(173056K)->5203K(173056K)
[47.053s][info][gc,heap        ] GC(240) ParOldGen: 3276473K(3276800K)->3276473K(3276800K)
[47.053s][info][gc,metaspace   ] GC(240) Metaspace: 6301K(6464K)->6301K(6464K) NonClass: 5768K(5824K)->5768K(5824K) Class: 533K(640K)->533K(640K)
[47.054s][info][gc             ] GC(240) Pause Full (Ergonomics) 3251M->3251M(3416M) 1025.732ms
[47.054s][info][gc,cpu         ] GC(240) User=7.16s Sys=0.00s Real=1.03s
[47.054s][info][gc,start       ] GC(241) Pause Full (Ergonomics)
[47.054s][info][gc,phases,start] GC(241) Marking Phase
[47.808s][info][gc,phases      ] GC(241) Marking Phase 754.076ms
[47.808s][info][gc,phases,start] GC(241) Summary Phase
[47.808s][info][gc,phases      ] GC(241) Summary Phase 0.110ms
[47.808s][info][gc,phases,start] GC(241) Adjust Roots
[47.808s][info][gc,phases      ] GC(241) Adjust Roots 0.296ms
[47.808s][info][gc,phases,start] GC(241) Compaction Phase
[48.078s][info][gc,phases      ] GC(241) Compaction Phase 269.963ms
[48.079s][info][gc,phases,start] GC(241) Post Compact
[48.085s][info][gc,phases      ] GC(241) Post Compact 6.959ms
[48.086s][info][gc,heap        ] GC(241) PSYoungGen: 53331K(221184K)->53331K(221184K) Eden: 48127K(48128K)->48127K(48128K) From: 5203K(173056K)->5203K(173056K)
[48.086s][info][gc,heap        ] GC(241) ParOldGen: 3276478K(3276800K)->3276478K(3276800K)
[48.086s][info][gc,metaspace   ] GC(241) Metaspace: 6301K(6464K)->6301K(6464K) NonClass: 5768K(5824K)->5768K(5824K) Class: 533K(640K)->533K(640K)
[48.086s][info][gc             ] GC(241) Pause Full (Ergonomics) 3251M->3251M(3416M) 1031.853ms
[48.086s][info][gc,cpu         ] GC(241) User=7.41s Sys=0.00s Real=1.03s
[48.086s][info][gc,start       ] GC(242) Pause Full (Ergonomics)
[48.086s][info][gc,phases,start] GC(242) Marking Phase
[48.866s][info][gc,phases      ] GC(242) Marking Phase 780.166ms
[48.866s][info][gc,phases,start] GC(242) Summary Phase
[48.866s][info][gc,phases      ] GC(242) Summary Phase 0.063ms
[48.866s][info][gc,phases,start] GC(242) Adjust Roots
[48.867s][info][gc,phases      ] GC(242) Adjust Roots 0.330ms
[48.867s][info][gc,phases,start] GC(242) Compaction Phase
[49.161s][info][gc,phases      ] GC(242) Compaction Phase 294.038ms
[49.161s][info][gc,phases,start] GC(242) Post Compact
[49.167s][info][gc,phases      ] GC(242) Post Compact 6.389ms
[49.167s][info][gc,heap        ] GC(242) PSYoungGen: 53331K(221184K)->53331K(221184K) Eden: 48127K(48128K)->48127K(48128K) From: 5203K(173056K)->5203K(173056K)
[49.167s][info][gc,heap        ] GC(242) ParOldGen: 3276482K(3276800K)->3276482K(3276800K)
[49.167s][info][gc,metaspace   ] GC(242) Metaspace: 6301K(6464K)->6301K(6464K) NonClass: 5768K(5824K)->5768K(5824K) Class: 533K(640K)->533K(640K)
[49.167s][info][gc             ] GC(242) Pause Full (Ergonomics) 3251M->3251M(3416M) 1081.617ms
[49.167s][info][gc,cpu         ] GC(242) User=7.30s Sys=0.00s Real=1.08s
[49.168s][info][gc,start       ] GC(243) Pause Full (Ergonomics)
[49.168s][info][gc,phases,start] GC(243) Marking Phase
[49.962s][info][gc,phases      ] GC(243) Marking Phase 793.951ms
[49.962s][info][gc,phases,start] GC(243) Summary Phase
[49.962s][info][gc,phases      ] GC(243) Summary Phase 0.045ms
[49.962s][info][gc,phases,start] GC(243) Adjust Roots
[49.962s][info][gc,phases      ] GC(243) Adjust Roots 0.215ms
[49.962s][info][gc,phases,start] GC(243) Compaction Phase
[50.249s][info][gc,phases      ] GC(243) Compaction Phase 286.518ms
[50.249s][info][gc,phases,start] GC(243) Post Compact
[50.256s][info][gc,phases      ] GC(243) Post Compact 7.439ms
[50.256s][info][gc,heap        ] GC(243) PSYoungGen: 53331K(221184K)->53331K(221184K) Eden: 48127K(48128K)->48127K(48128K) From: 5203K(173056K)->5203K(173056K)
[50.256s][info][gc,heap        ] GC(243) ParOldGen: 3276487K(3276800K)->3276487K(3276800K)
[50.256s][info][gc,metaspace   ] GC(243) Metaspace: 6301K(6464K)->6301K(6464K) NonClass: 5768K(5824K)->5768K(5824K) Class: 533K(640K)->533K(640K)
[50.256s][info][gc             ] GC(243) Pause Full (Ergonomics) 3251M->3251M(3416M) 1088.561ms
[50.256s][info][gc,cpu         ] GC(243) User=7.19s Sys=0.05s Real=1.09s
[50.256s][info][gc,start       ] GC(244) Pause Full (Ergonomics)
[50.256s][info][gc,phases,start] GC(244) Marking Phase
[51.026s][info][gc,phases      ] GC(244) Marking Phase 769.589ms
[51.026s][info][gc,phases,start] GC(244) Summary Phase
[51.026s][info][gc,phases      ] GC(244) Summary Phase 0.045ms
[51.026s][info][gc,phases,start] GC(244) Adjust Roots
[51.026s][info][gc,phases      ] GC(244) Adjust Roots 0.188ms
[51.026s][info][gc,phases,start] GC(244) Compaction Phase
[51.296s][info][gc,phases      ] GC(244) Compaction Phase 269.917ms
[51.296s][info][gc,phases,start] GC(244) Post Compact
[51.303s][info][gc,phases      ] GC(244) Post Compact 6.860ms
[51.303s][info][gc,heap        ] GC(244) PSYoungGen: 53331K(221184K)->53331K(221184K) Eden: 48127K(48128K)->48127K(48128K) From: 5203K(173056K)->5203K(173056K)
[51.303s][info][gc,heap        ] GC(244) ParOldGen: 3276492K(3276800K)->3276492K(3276800K)
[51.303s][info][gc,metaspace   ] GC(244) Metaspace: 6301K(6464K)->6301K(6464K) NonClass: 5768K(5824K)->5768K(5824K) Class: 533K(640K)->533K(640K)
[51.303s][info][gc             ] GC(244) Pause Full (Ergonomics) 3251M->3251M(3416M) 1046.960ms
[51.303s][info][gc,cpu         ] GC(244) User=7.30s Sys=0.00s Real=1.05s
[51.304s][info][gc,start       ] GC(245) Pause Full (Ergonomics)
[51.304s][info][gc,phases,start] GC(245) Marking Phase
[52.075s][info][gc,phases      ] GC(245) Marking Phase 771.526ms
[52.075s][info][gc,phases,start] GC(245) Summary Phase
[52.075s][info][gc,phases      ] GC(245) Summary Phase 0.077ms
[52.075s][info][gc,phases,start] GC(245) Adjust Roots
[52.076s][info][gc,phases      ] GC(245) Adjust Roots 0.370ms
[52.076s][info][gc,phases,start] GC(245) Compaction Phase
[52.354s][info][gc,phases      ] GC(245) Compaction Phase 278.574ms
[52.354s][info][gc,phases,start] GC(245) Post Compact
[52.361s][info][gc,phases      ] GC(245) Post Compact 6.485ms
[52.361s][info][gc,heap        ] GC(245) PSYoungGen: 53331K(221184K)->53331K(221184K) Eden: 48127K(48128K)->48127K(48128K) From: 5203K(173056K)->5203K(173056K)
[52.361s][info][gc,heap        ] GC(245) ParOldGen: 3276497K(3276800K)->3276497K(3276800K)
[52.361s][info][gc,metaspace   ] GC(245) Metaspace: 6301K(6464K)->6301K(6464K) NonClass: 5768K(5824K)->5768K(5824K) Class: 533K(640K)->533K(640K)
[52.361s][info][gc             ] GC(245) Pause Full (Ergonomics) 3251M->3251M(3416M) 1057.448ms
[52.361s][info][gc,cpu         ] GC(245) User=7.45s Sys=0.00s Real=1.06s
[52.361s][info][gc,start       ] GC(246) Pause Full (Ergonomics)
[52.361s][info][gc,phases,start] GC(246) Marking Phase
[53.132s][info][gc,phases      ] GC(246) Marking Phase 770.274ms
[53.132s][info][gc,phases,start] GC(246) Summary Phase
[53.132s][info][gc,phases      ] GC(246) Summary Phase 0.046ms
[53.132s][info][gc,phases,start] GC(246) Adjust Roots
[53.132s][info][gc,phases      ] GC(246) Adjust Roots 0.188ms
[53.132s][info][gc,phases,start] GC(246) Compaction Phase
[53.407s][info][gc,phases      ] GC(246) Compaction Phase 274.771ms
[53.407s][info][gc,phases,start] GC(246) Post Compact
[53.414s][info][gc,phases      ] GC(246) Post Compact 7.286ms
[53.414s][info][gc,heap        ] GC(246) PSYoungGen: 53331K(221184K)->53331K(221184K) Eden: 48127K(48128K)->48127K(48128K) From: 5203K(173056K)->5203K(173056K)
[53.414s][info][gc,heap        ] GC(246) ParOldGen: 3276502K(3276800K)->3276502K(3276800K)
[53.414s][info][gc,metaspace   ] GC(246) Metaspace: 6301K(6464K)->6301K(6464K) NonClass: 5768K(5824K)->5768K(5824K) Class: 533K(640K)->533K(640K)
[53.414s][info][gc             ] GC(246) Pause Full (Ergonomics) 3251M->3251M(3416M) 1053.002ms
[53.414s][info][gc,cpu         ] GC(246) User=7.16s Sys=0.00s Real=1.05s
[53.415s][info][gc,start       ] GC(247) Pause Full (Ergonomics)
[53.415s][info][gc,phases,start] GC(247) Marking Phase
[54.210s][info][gc,phases      ] GC(247) Marking Phase 795.566ms
[54.210s][info][gc,phases,start] GC(247) Summary Phase
[54.210s][info][gc,phases      ] GC(247) Summary Phase 0.045ms
[54.210s][info][gc,phases,start] GC(247) Adjust Roots
[54.211s][info][gc,phases      ] GC(247) Adjust Roots 0.195ms
[54.211s][info][gc,phases,start] GC(247) Compaction Phase
[54.504s][info][gc,phases      ] GC(247) Compaction Phase 293.147ms
[54.504s][info][gc,phases,start] GC(247) Post Compact
[54.511s][info][gc,phases      ] GC(247) Post Compact 6.881ms
[54.511s][info][gc,heap        ] GC(247) PSYoungGen: 53331K(221184K)->53331K(221184K) Eden: 48127K(48128K)->48127K(48128K) From: 5203K(173056K)->5203K(173056K)
[54.511s][info][gc,heap        ] GC(247) ParOldGen: 3276507K(3276800K)->3276507K(3276800K)
[54.511s][info][gc,metaspace   ] GC(247) Metaspace: 6301K(6464K)->6301K(6464K) NonClass: 5768K(5824K)->5768K(5824K) Class: 533K(640K)->533K(640K)
[54.511s][info][gc             ] GC(247) Pause Full (Ergonomics) 3251M->3251M(3416M) 1096.204ms
[54.511s][info][gc,cpu         ] GC(247) User=7.20s Sys=0.00s Real=1.10s
[54.511s][info][gc,start       ] GC(248) Pause Full (Ergonomics)
[54.511s][info][gc,phases,start] GC(248) Marking Phase
[55.304s][info][gc,phases      ] GC(248) Marking Phase 793.315ms
[55.304s][info][gc,phases,start] GC(248) Summary Phase
[55.304s][info][gc,phases      ] GC(248) Summary Phase 0.049ms
[55.304s][info][gc,phases,start] GC(248) Adjust Roots
[55.305s][info][gc,phases      ] GC(248) Adjust Roots 0.210ms
[55.305s][info][gc,phases,start] GC(248) Compaction Phase
[55.585s][info][gc,phases      ] GC(248) Compaction Phase 279.861ms
[55.585s][info][gc,phases,start] GC(248) Post Compact
[55.592s][info][gc,phases      ] GC(248) Post Compact 7.392ms
[55.592s][info][gc,heap        ] GC(248) PSYoungGen: 53331K(221184K)->53331K(221184K) Eden: 48127K(48128K)->48127K(48128K) From: 5203K(173056K)->5203K(173056K)
[55.592s][info][gc,heap        ] GC(248) ParOldGen: 3276511K(3276800K)->3276511K(3276800K)
[55.592s][info][gc,metaspace   ] GC(248) Metaspace: 6301K(6464K)->6301K(6464K) NonClass: 5768K(5824K)->5768K(5824K) Class: 533K(640K)->533K(640K)
[55.592s][info][gc             ] GC(248) Pause Full (Ergonomics) 3251M->3251M(3416M) 1081.208ms
[55.592s][info][gc,cpu         ] GC(248) User=7.25s Sys=0.00s Real=1.08s
[55.593s][info][gc,start       ] GC(249) Pause Full (Ergonomics)
[55.593s][info][gc,phases,start] GC(249) Marking Phase
[56.393s][info][gc,phases      ] GC(249) Marking Phase 800.202ms
[56.393s][info][gc,phases,start] GC(249) Summary Phase
[56.393s][info][gc,phases      ] GC(249) Summary Phase 0.084ms
[56.393s][info][gc,phases,start] GC(249) Adjust Roots
[56.393s][info][gc,phases      ] GC(249) Adjust Roots 0.373ms
[56.394s][info][gc,phases,start] GC(249) Compaction Phase
[56.679s][info][gc,phases      ] GC(249) Compaction Phase 285.213ms
[56.679s][info][gc,phases,start] GC(249) Post Compact
[56.685s][info][gc,phases      ] GC(249) Post Compact 6.476ms
[56.685s][info][gc,heap        ] GC(249) PSYoungGen: 53331K(221184K)->53331K(221184K) Eden: 48127K(48128K)->48127K(48128K) From: 5203K(173056K)->5203K(173056K)
[56.685s][info][gc,heap        ] GC(249) ParOldGen: 3276516K(3276800K)->3276516K(3276800K)
[56.685s][info][gc,metaspace   ] GC(249) Metaspace: 6301K(6464K)->6301K(6464K) NonClass: 5768K(5824K)->5768K(5824K) Class: 533K(640K)->533K(640K)
[56.685s][info][gc             ] GC(249) Pause Full (Ergonomics) 3251M->3251M(3416M) 1092.882ms
[56.685s][info][gc,cpu         ] GC(249) User=7.41s Sys=0.00s Real=1.09s
[56.686s][info][gc,start       ] GC(250) Pause Full (Ergonomics)
[56.686s][info][gc,phases,start] GC(250) Marking Phase
[57.490s][info][gc,phases      ] GC(250) Marking Phase 804.167ms
[57.490s][info][gc,phases,start] GC(250) Summary Phase
[57.490s][info][gc,phases      ] GC(250) Summary Phase 0.055ms
[57.490s][info][gc,phases,start] GC(250) Adjust Roots
[57.490s][info][gc,phases      ] GC(250) Adjust Roots 0.242ms
[57.490s][info][gc,phases,start] GC(250) Compaction Phase
[57.763s][info][gc,phases      ] GC(250) Compaction Phase 272.932ms
[57.763s][info][gc,phases,start] GC(250) Post Compact
[57.770s][info][gc,phases      ] GC(250) Post Compact 6.465ms
[57.770s][info][gc,heap        ] GC(250) PSYoungGen: 53331K(221184K)->53331K(221184K) Eden: 48127K(48128K)->48127K(48128K) From: 5203K(173056K)->5203K(173056K)
[57.770s][info][gc,heap        ] GC(250) ParOldGen: 3276521K(3276800K)->3276521K(3276800K)
[57.770s][info][gc,metaspace   ] GC(250) Metaspace: 6301K(6464K)->6301K(6464K) NonClass: 5768K(5824K)->5768K(5824K) Class: 533K(640K)->533K(640K)
[57.770s][info][gc             ] GC(250) Pause Full (Ergonomics) 3251M->3251M(3416M) 1084.351ms
[57.770s][info][gc,cpu         ] GC(250) User=7.55s Sys=0.02s Real=1.08s
[57.770s][info][gc,start       ] GC(251) Pause Full (Ergonomics)
[57.770s][info][gc,phases,start] GC(251) Marking Phase
[58.547s][info][gc,phases      ] GC(251) Marking Phase 776.802ms
[58.547s][info][gc,phases,start] GC(251) Summary Phase
[58.547s][info][gc,phases      ] GC(251) Summary Phase 0.066ms
[58.547s][info][gc,phases,start] GC(251) Adjust Roots
[58.548s][info][gc,phases      ] GC(251) Adjust Roots 0.315ms
[58.548s][info][gc,phases,start] GC(251) Compaction Phase
[58.813s][info][gc,phases      ] GC(251) Compaction Phase 265.087ms
[58.813s][info][gc,phases,start] GC(251) Post Compact
[58.819s][info][gc,phases      ] GC(251) Post Compact 6.630ms
[58.820s][info][gc,heap        ] GC(251) PSYoungGen: 53331K(221184K)->53331K(221184K) Eden: 48127K(48128K)->48127K(48128K) From: 5203K(173056K)->5203K(173056K)
[58.820s][info][gc,heap        ] GC(251) ParOldGen: 3276526K(3276800K)->3276526K(3276800K)
[58.820s][info][gc,metaspace   ] GC(251) Metaspace: 6301K(6464K)->6301K(6464K) NonClass: 5768K(5824K)->5768K(5824K) Class: 533K(640K)->533K(640K)
[58.820s][info][gc             ] GC(251) Pause Full (Ergonomics) 3251M->3251M(3416M) 1049.332ms
[58.820s][info][gc,cpu         ] GC(251) User=7.41s Sys=0.00s Real=1.05s
[58.820s][info][gc,start       ] GC(252) Pause Full (Ergonomics)
[58.820s][info][gc,phases,start] GC(252) Marking Phase
[59.618s][info][gc,phases      ] GC(252) Marking Phase 798.020ms
[59.618s][info][gc,phases,start] GC(252) Summary Phase
[59.618s][info][gc,phases      ] GC(252) Summary Phase 0.061ms
[59.618s][info][gc,phases,start] GC(252) Adjust Roots
[59.618s][info][gc,phases      ] GC(252) Adjust Roots 0.331ms
[59.618s][info][gc,phases,start] GC(252) Compaction Phase
[59.897s][info][gc,phases      ] GC(252) Compaction Phase 278.119ms
[59.897s][info][gc,phases,start] GC(252) Post Compact
[59.905s][info][gc,phases      ] GC(252) Post Compact 8.207ms
[59.905s][info][gc,heap        ] GC(252) PSYoungGen: 53331K(221184K)->53331K(221184K) Eden: 48127K(48128K)->48127K(48128K) From: 5203K(173056K)->5203K(173056K)
[59.905s][info][gc,heap        ] GC(252) ParOldGen: 3276531K(3276800K)->3276531K(3276800K)
[59.905s][info][gc,metaspace   ] GC(252) Metaspace: 6301K(6464K)->6301K(6464K) NonClass: 5768K(5824K)->5768K(5824K) Class: 533K(640K)->533K(640K)
[59.905s][info][gc             ] GC(252) Pause Full (Ergonomics) 3251M->3251M(3416M) 1085.121ms
[59.905s][info][gc,cpu         ] GC(252) User=7.14s Sys=0.02s Real=1.09s
[59.905s][info][gc,start       ] GC(253) Pause Full (Ergonomics)
[59.905s][info][gc,phases,start] GC(253) Marking Phase
[60.671s][info][gc,phases      ] GC(253) Marking Phase 765.352ms
[60.671s][info][gc,phases,start] GC(253) Summary Phase
[60.671s][info][gc,phases      ] GC(253) Summary Phase 0.044ms
[60.671s][info][gc,phases,start] GC(253) Adjust Roots
[60.671s][info][gc,phases      ] GC(253) Adjust Roots 0.207ms
[60.671s][info][gc,phases,start] GC(253) Compaction Phase
[60.935s][info][gc,phases      ] GC(253) Compaction Phase 264.551ms
[60.936s][info][gc,phases,start] GC(253) Post Compact
[60.942s][info][gc,phases      ] GC(253) Post Compact 6.434ms
[60.942s][info][gc,heap        ] GC(253) PSYoungGen: 53331K(221184K)->53331K(221184K) Eden: 48127K(48128K)->48127K(48128K) From: 5203K(173056K)->5203K(173056K)
[60.942s][info][gc,heap        ] GC(253) ParOldGen: 3276536K(3276800K)->3276536K(3276800K)
[60.942s][info][gc,metaspace   ] GC(253) Metaspace: 6301K(6464K)->6301K(6464K) NonClass: 5768K(5824K)->5768K(5824K) Class: 533K(640K)->533K(640K)
[60.942s][info][gc             ] GC(253) Pause Full (Ergonomics) 3251M->3251M(3416M) 1036.962ms
[60.942s][info][gc,cpu         ] GC(253) User=7.45s Sys=0.00s Real=1.04s
[60.942s][info][gc,start       ] GC(254) Pause Full (Ergonomics)
[60.943s][info][gc,phases,start] GC(254) Marking Phase
[61.737s][info][gc,phases      ] GC(254) Marking Phase 794.406ms
[61.737s][info][gc,phases,start] GC(254) Summary Phase
[61.737s][info][gc,phases      ] GC(254) Summary Phase 0.048ms
[61.737s][info][gc,phases,start] GC(254) Adjust Roots
[61.737s][info][gc,phases      ] GC(254) Adjust Roots 0.203ms
[61.737s][info][gc,phases,start] GC(254) Compaction Phase
[62.026s][info][gc,phases      ] GC(254) Compaction Phase 289.008ms
[62.026s][info][gc,phases,start] GC(254) Post Compact
[62.034s][info][gc,phases      ] GC(254) Post Compact 7.631ms
[62.034s][info][gc,heap        ] GC(254) PSYoungGen: 53331K(221184K)->53331K(221184K) Eden: 48127K(48128K)->48127K(48128K) From: 5203K(173056K)->5203K(173056K)
[62.034s][info][gc,heap        ] GC(254) ParOldGen: 3276540K(3276800K)->3276540K(3276800K)
[62.034s][info][gc,metaspace   ] GC(254) Metaspace: 6301K(6464K)->6301K(6464K) NonClass: 5768K(5824K)->5768K(5824K) Class: 533K(640K)->533K(640K)
[62.034s][info][gc             ] GC(254) Pause Full (Ergonomics) 3251M->3251M(3416M) 1091.669ms
[62.034s][info][gc,cpu         ] GC(254) User=7.39s Sys=0.00s Real=1.09s
[62.034s][info][gc,start       ] GC(255) Pause Full (Ergonomics)
[62.034s][info][gc,phases,start] GC(255) Marking Phase
[62.830s][info][gc,phases      ] GC(255) Marking Phase 795.942ms
[62.830s][info][gc,phases,start] GC(255) Summary Phase
[62.830s][info][gc,phases      ] GC(255) Summary Phase 0.049ms
[62.830s][info][gc,phases,start] GC(255) Adjust Roots
[62.831s][info][gc,phases      ] GC(255) Adjust Roots 0.259ms
[62.831s][info][gc,phases,start] GC(255) Compaction Phase
[63.104s][info][gc,phases      ] GC(255) Compaction Phase 273.553ms
[63.104s][info][gc,phases,start] GC(255) Post Compact
[63.111s][info][gc,phases      ] GC(255) Post Compact 6.868ms
[63.111s][info][gc,heap        ] GC(255) PSYoungGen: 53331K(221184K)->53331K(221184K) Eden: 48127K(48128K)->48127K(48128K) From: 5203K(173056K)->5203K(173056K)
[63.111s][info][gc,heap        ] GC(255) ParOldGen: 3276545K(3276800K)->3276545K(3276800K)
[63.111s][info][gc,metaspace   ] GC(255) Metaspace: 6301K(6464K)->6301K(6464K) NonClass: 5768K(5824K)->5768K(5824K) Class: 533K(640K)->533K(640K)
[63.111s][info][gc             ] GC(255) Pause Full (Ergonomics) 3251M->3251M(3416M) 1077.054ms
[63.111s][info][gc,cpu         ] GC(255) User=7.25s Sys=0.02s Real=1.08s
[63.112s][info][gc,start       ] GC(256) Pause Full (Ergonomics)
[63.112s][info][gc,phases,start] GC(256) Marking Phase
[63.883s][info][gc,phases      ] GC(256) Marking Phase 771.209ms
[63.883s][info][gc,phases,start] GC(256) Summary Phase
[63.883s][info][gc,phases      ] GC(256) Summary Phase 0.065ms
[63.883s][info][gc,phases,start] GC(256) Adjust Roots
[63.883s][info][gc,phases      ] GC(256) Adjust Roots 0.322ms
[63.883s][info][gc,phases,start] GC(256) Compaction Phase
[64.180s][info][gc,phases      ] GC(256) Compaction Phase 296.243ms
[64.180s][info][gc,phases,start] GC(256) Post Compact
[64.186s][info][gc,phases      ] GC(256) Post Compact 6.117ms
[64.186s][info][gc,heap        ] GC(256) PSYoungGen: 53331K(221184K)->53331K(221184K) Eden: 48127K(48128K)->48127K(48128K) From: 5203K(173056K)->5203K(173056K)
[64.186s][info][gc,heap        ] GC(256) ParOldGen: 3276550K(3276800K)->3276550K(3276800K)
[64.186s][info][gc,metaspace   ] GC(256) Metaspace: 6301K(6464K)->6301K(6464K) NonClass: 5768K(5824K)->5768K(5824K) Class: 533K(640K)->533K(640K)
[64.186s][info][gc             ] GC(256) Pause Full (Ergonomics) 3251M->3251M(3416M) 1074.397ms
[64.186s][info][gc,cpu         ] GC(256) User=7.23s Sys=0.00s Real=1.08s
[64.186s][info][gc,start       ] GC(257) Pause Full (Ergonomics)
[64.186s][info][gc,phases,start] GC(257) Marking Phase
[64.973s][info][gc,phases      ] GC(257) Marking Phase 786.700ms
[64.973s][info][gc,phases,start] GC(257) Summary Phase
[64.973s][info][gc,phases      ] GC(257) Summary Phase 0.073ms
[64.973s][info][gc,phases,start] GC(257) Adjust Roots
[64.974s][info][gc,phases      ] GC(257) Adjust Roots 0.494ms
[64.974s][info][gc,phases,start] GC(257) Compaction Phase
[65.261s][info][gc,phases      ] GC(257) Compaction Phase 287.114ms
[65.261s][info][gc,phases,start] GC(257) Post Compact
[65.268s][info][gc,phases      ] GC(257) Post Compact 6.626ms
[65.268s][info][gc,heap        ] GC(257) PSYoungGen: 53331K(221184K)->53331K(221184K) Eden: 48127K(48128K)->48127K(48128K) From: 5203K(173056K)->5203K(173056K)
[65.268s][info][gc,heap        ] GC(257) ParOldGen: 3276555K(3276800K)->3276555K(3276800K)
[65.268s][info][gc,metaspace   ] GC(257) Metaspace: 6301K(6464K)->6301K(6464K) NonClass: 5768K(5824K)->5768K(5824K) Class: 533K(640K)->533K(640K)
[65.268s][info][gc             ] GC(257) Pause Full (Ergonomics) 3251M->3251M(3416M) 1081.590ms
[65.268s][info][gc,cpu         ] GC(257) User=7.30s Sys=0.03s Real=1.08s
[65.268s][info][gc,start       ] GC(258) Pause Full (Ergonomics)
[65.268s][info][gc,phases,start] GC(258) Marking Phase
[66.053s][info][gc,phases      ] GC(258) Marking Phase 785.212ms
[66.053s][info][gc,phases,start] GC(258) Summary Phase
[66.053s][info][gc,phases      ] GC(258) Summary Phase 0.065ms
[66.053s][info][gc,phases,start] GC(258) Adjust Roots
[66.054s][info][gc,phases      ] GC(258) Adjust Roots 0.276ms
[66.054s][info][gc,phases,start] GC(258) Compaction Phase
[66.318s][info][gc,phases      ] GC(258) Compaction Phase 264.054ms
[66.318s][info][gc,phases,start] GC(258) Post Compact
[66.324s][info][gc,phases      ] GC(258) Post Compact 5.872ms
[66.324s][info][gc,heap        ] GC(258) PSYoungGen: 53331K(221184K)->53331K(221184K) Eden: 48127K(48128K)->48127K(48128K) From: 5203K(173056K)->5203K(173056K)
[66.324s][info][gc,heap        ] GC(258) ParOldGen: 3276560K(3276800K)->3276560K(3276800K)
[66.324s][info][gc,metaspace   ] GC(258) Metaspace: 6301K(6464K)->6301K(6464K) NonClass: 5768K(5824K)->5768K(5824K) Class: 533K(640K)->533K(640K)
[66.324s][info][gc             ] GC(258) Pause Full (Ergonomics) 3251M->3251M(3416M) 1055.844ms
[66.324s][info][gc,cpu         ] GC(258) User=7.19s Sys=0.02s Real=1.06s
[66.324s][info][gc,start       ] GC(259) Pause Full (Ergonomics)
[66.324s][info][gc,phases,start] GC(259) Marking Phase
[67.104s][info][gc,phases      ] GC(259) Marking Phase 779.774ms
[67.104s][info][gc,phases,start] GC(259) Summary Phase
[67.104s][info][gc,phases      ] GC(259) Summary Phase 0.070ms
[67.104s][info][gc,phases,start] GC(259) Adjust Roots
[67.104s][info][gc,phases      ] GC(259) Adjust Roots 0.355ms
[67.105s][info][gc,phases,start] GC(259) Compaction Phase
[67.386s][info][gc,phases      ] GC(259) Compaction Phase 280.924ms
[67.386s][info][gc,phases,start] GC(259) Post Compact
[67.392s][info][gc,phases      ] GC(259) Post Compact 6.693ms
[67.392s][info][gc,heap        ] GC(259) PSYoungGen: 53331K(221184K)->53331K(221184K) Eden: 48127K(48128K)->48127K(48128K) From: 5203K(173056K)->5203K(173056K)
[67.392s][info][gc,heap        ] GC(259) ParOldGen: 3276565K(3276800K)->3276565K(3276800K)
[67.393s][info][gc,metaspace   ] GC(259) Metaspace: 6301K(6464K)->6301K(6464K) NonClass: 5768K(5824K)->5768K(5824K) Class: 533K(640K)->533K(640K)
[67.393s][info][gc             ] GC(259) Pause Full (Ergonomics) 3251M->3251M(3416M) 1068.399ms
[67.393s][info][gc,cpu         ] GC(259) User=7.58s Sys=0.00s Real=1.07s
[67.393s][info][gc,start       ] GC(260) Pause Full (Ergonomics)
[67.393s][info][gc,phases,start] GC(260) Marking Phase
[68.166s][info][gc,phases      ] GC(260) Marking Phase 773.251ms
[68.166s][info][gc,phases,start] GC(260) Summary Phase
[68.166s][info][gc,phases      ] GC(260) Summary Phase 0.045ms
[68.166s][info][gc,phases,start] GC(260) Adjust Roots
[68.166s][info][gc,phases      ] GC(260) Adjust Roots 0.247ms
[68.166s][info][gc,phases,start] GC(260) Compaction Phase
[68.446s][info][gc,phases      ] GC(260) Compaction Phase 279.048ms
[68.446s][info][gc,phases,start] GC(260) Post Compact
[68.453s][info][gc,phases      ] GC(260) Post Compact 7.405ms
[68.453s][info][gc,heap        ] GC(260) PSYoungGen: 53331K(221184K)->53331K(221184K) Eden: 48127K(48128K)->48127K(48128K) From: 5203K(173056K)->5203K(173056K)
[68.453s][info][gc,heap        ] GC(260) ParOldGen: 3276569K(3276800K)->3276569K(3276800K)
[68.453s][info][gc,metaspace   ] GC(260) Metaspace: 6301K(6464K)->6301K(6464K) NonClass: 5768K(5824K)->5768K(5824K) Class: 533K(640K)->533K(640K)
[68.453s][info][gc             ] GC(260) Pause Full (Ergonomics) 3251M->3251M(3416M) 1060.565ms
[68.453s][info][gc,cpu         ] GC(260) User=7.11s Sys=0.00s Real=1.06s
[68.454s][info][gc,start       ] GC(261) Pause Full (Ergonomics)
[68.454s][info][gc,phases,start] GC(261) Marking Phase
[69.245s][info][gc,phases      ] GC(261) Marking Phase 791.136ms
[69.245s][info][gc,phases,start] GC(261) Summary Phase
[69.245s][info][gc,phases      ] GC(261) Summary Phase 0.066ms
[69.245s][info][gc,phases,start] GC(261) Adjust Roots
[69.245s][info][gc,phases      ] GC(261) Adjust Roots 0.312ms
[69.245s][info][gc,phases,start] GC(261) Compaction Phase
[69.543s][info][gc,phases      ] GC(261) Compaction Phase 297.483ms
[69.543s][info][gc,phases,start] GC(261) Post Compact
[69.550s][info][gc,phases      ] GC(261) Post Compact 7.338ms
[69.550s][info][gc,heap        ] GC(261) PSYoungGen: 53331K(221184K)->53331K(221184K) Eden: 48127K(48128K)->48127K(48128K) From: 5203K(173056K)->5203K(173056K)
[69.550s][info][gc,heap        ] GC(261) ParOldGen: 3276574K(3276800K)->3276574K(3276800K)
[69.550s][info][gc,metaspace   ] GC(261) Metaspace: 6301K(6464K)->6301K(6464K) NonClass: 5768K(5824K)->5768K(5824K) Class: 533K(640K)->533K(640K)
[69.550s][info][gc             ] GC(261) Pause Full (Ergonomics) 3251M->3251M(3416M) 1096.764ms
[69.550s][info][gc,cpu         ] GC(261) User=6.81s Sys=0.05s Real=1.10s
[69.551s][info][gc,start       ] GC(262) Pause Full (Ergonomics)
[69.551s][info][gc,phases,start] GC(262) Marking Phase
[70.326s][info][gc,phases      ] GC(262) Marking Phase 775.778ms
[70.326s][info][gc,phases,start] GC(262) Summary Phase
[70.327s][info][gc,phases      ] GC(262) Summary Phase 0.058ms
[70.327s][info][gc,phases,start] GC(262) Adjust Roots
[70.327s][info][gc,phases      ] GC(262) Adjust Roots 0.301ms
[70.327s][info][gc,phases,start] GC(262) Compaction Phase
[70.597s][info][gc,phases      ] GC(262) Compaction Phase 269.940ms
[70.597s][info][gc,phases,start] GC(262) Post Compact
[70.603s][info][gc,phases      ] GC(262) Post Compact 6.517ms
[70.604s][info][gc,heap        ] GC(262) PSYoungGen: 53331K(221184K)->53331K(221184K) Eden: 48127K(48128K)->48127K(48128K) From: 5203K(173056K)->5203K(173056K)
[70.604s][info][gc,heap        ] GC(262) ParOldGen: 3276579K(3276800K)->3276579K(3276800K)
[70.604s][info][gc,metaspace   ] GC(262) Metaspace: 6301K(6464K)->6301K(6464K) NonClass: 5768K(5824K)->5768K(5824K) Class: 533K(640K)->533K(640K)
[70.604s][info][gc             ] GC(262) Pause Full (Ergonomics) 3251M->3251M(3416M) 1052.984ms
[70.604s][info][gc,cpu         ] GC(262) User=7.41s Sys=0.00s Real=1.05s
[70.604s][info][gc,start       ] GC(263) Pause Full (Ergonomics)
[70.604s][info][gc,phases,start] GC(263) Marking Phase
[71.373s][info][gc,phases      ] GC(263) Marking Phase 769.428ms
[71.373s][info][gc,phases,start] GC(263) Summary Phase
[71.373s][info][gc,phases      ] GC(263) Summary Phase 0.065ms
[71.373s][info][gc,phases,start] GC(263) Adjust Roots
[71.374s][info][gc,phases      ] GC(263) Adjust Roots 0.258ms
[71.374s][info][gc,phases,start] GC(263) Compaction Phase
[71.640s][info][gc,phases      ] GC(263) Compaction Phase 266.574ms
[71.640s][info][gc,phases,start] GC(263) Post Compact
[71.647s][info][gc,phases      ] GC(263) Post Compact 6.189ms
[71.647s][info][gc,heap        ] GC(263) PSYoungGen: 53331K(221184K)->53331K(221184K) Eden: 48127K(48128K)->48127K(48128K) From: 5203K(173056K)->5203K(173056K)
[71.647s][info][gc,heap        ] GC(263) ParOldGen: 3276584K(3276800K)->3276584K(3276800K)
[71.647s][info][gc,metaspace   ] GC(263) Metaspace: 6301K(6464K)->6301K(6464K) NonClass: 5768K(5824K)->5768K(5824K) Class: 533K(640K)->533K(640K)
[71.647s][info][gc             ] GC(263) Pause Full (Ergonomics) 3251M->3251M(3416M) 1042.903ms
[71.647s][info][gc,cpu         ] GC(263) User=7.47s Sys=0.02s Real=1.04s
[71.647s][info][gc,start       ] GC(264) Pause Full (Ergonomics)
[71.647s][info][gc,phases,start] GC(264) Marking Phase
[72.442s][info][gc,phases      ] GC(264) Marking Phase 794.771ms
[72.442s][info][gc,phases,start] GC(264) Summary Phase
[72.442s][info][gc,phases      ] GC(264) Summary Phase 0.051ms
[72.442s][info][gc,phases,start] GC(264) Adjust Roots
[72.442s][info][gc,phases      ] GC(264) Adjust Roots 0.240ms
[72.442s][info][gc,phases,start] GC(264) Compaction Phase
[72.741s][info][gc,phases      ] GC(264) Compaction Phase 298.877ms
[72.741s][info][gc,phases,start] GC(264) Post Compact
[72.748s][info][gc,phases      ] GC(264) Post Compact 6.507ms
[72.748s][info][gc,heap        ] GC(264) PSYoungGen: 53331K(221184K)->53331K(221184K) Eden: 48127K(48128K)->48127K(48128K) From: 5203K(173056K)->5203K(173056K)
[72.748s][info][gc,heap        ] GC(264) ParOldGen: 3276589K(3276800K)->3276589K(3276800K)
[72.748s][info][gc,metaspace   ] GC(264) Metaspace: 6301K(6464K)->6301K(6464K) NonClass: 5768K(5824K)->5768K(5824K) Class: 533K(640K)->533K(640K)
[72.748s][info][gc             ] GC(264) Pause Full (Ergonomics) 3251M->3251M(3416M) 1100.838ms
[72.748s][info][gc,cpu         ] GC(264) User=7.06s Sys=0.02s Real=1.10s
[72.748s][info][gc,start       ] GC(265) Pause Full (Ergonomics)
[72.748s][info][gc,phases,start] GC(265) Marking Phase
[73.537s][info][gc,phases      ] GC(265) Marking Phase 789.156ms
[73.537s][info][gc,phases,start] GC(265) Summary Phase
[73.537s][info][gc,phases      ] GC(265) Summary Phase 0.050ms
[73.537s][info][gc,phases,start] GC(265) Adjust Roots
[73.538s][info][gc,phases      ] GC(265) Adjust Roots 0.202ms
[73.538s][info][gc,phases,start] GC(265) Compaction Phase
[73.835s][info][gc,phases      ] GC(265) Compaction Phase 297.014ms
[73.835s][info][gc,phases,start] GC(265) Post Compact
[73.841s][info][gc,phases      ] GC(265) Post Compact 6.669ms
[73.841s][info][gc,heap        ] GC(265) PSYoungGen: 53331K(221184K)->53331K(221184K) Eden: 48127K(48128K)->48127K(48128K) From: 5203K(173056K)->5203K(173056K)
[73.841s][info][gc,heap        ] GC(265) ParOldGen: 3276594K(3276800K)->3276594K(3276800K)
[73.841s][info][gc,metaspace   ] GC(265) Metaspace: 6301K(6464K)->6301K(6464K) NonClass: 5768K(5824K)->5768K(5824K) Class: 533K(640K)->533K(640K)
[73.841s][info][gc             ] GC(265) Pause Full (Ergonomics) 3251M->3251M(3416M) 1093.436ms
[73.841s][info][gc,cpu         ] GC(265) User=7.14s Sys=0.00s Real=1.09s
[73.842s][info][gc,start       ] GC(266) Pause Full (Ergonomics)
[73.842s][info][gc,phases,start] GC(266) Marking Phase
[74.625s][info][gc,phases      ] GC(266) Marking Phase 783.767ms
[74.626s][info][gc,phases,start] GC(266) Summary Phase
[74.626s][info][gc,phases      ] GC(266) Summary Phase 0.065ms
[74.626s][info][gc,phases,start] GC(266) Adjust Roots
[74.626s][info][gc,phases      ] GC(266) Adjust Roots 0.313ms
[74.626s][info][gc,phases,start] GC(266) Compaction Phase
[74.897s][info][gc,phases      ] GC(266) Compaction Phase 270.622ms
[74.897s][info][gc,phases,start] GC(266) Post Compact
[74.905s][info][gc,phases      ] GC(266) Post Compact 7.873ms
[74.905s][info][gc,heap        ] GC(266) PSYoungGen: 53331K(221184K)->53331K(221184K) Eden: 48127K(48128K)->48127K(48128K) From: 5203K(173056K)->5203K(173056K)
[74.905s][info][gc,heap        ] GC(266) ParOldGen: 3276598K(3276800K)->3276598K(3276800K)
[74.905s][info][gc,metaspace   ] GC(266) Metaspace: 6301K(6464K)->6301K(6464K) NonClass: 5768K(5824K)->5768K(5824K) Class: 533K(640K)->533K(640K)
[74.905s][info][gc             ] GC(266) Pause Full (Ergonomics) 3251M->3251M(3416M) 1063.061ms
[74.905s][info][gc,cpu         ] GC(266) User=7.56s Sys=0.00s Real=1.06s
[74.905s][info][gc,start       ] GC(267) Pause Full (Ergonomics)
[74.905s][info][gc,phases,start] GC(267) Marking Phase
[75.655s][info][gc,phases      ] GC(267) Marking Phase 750.409ms
[75.655s][info][gc,phases,start] GC(267) Summary Phase
[75.656s][info][gc,phases      ] GC(267) Summary Phase 0.057ms
[75.656s][info][gc,phases,start] GC(267) Adjust Roots
[75.656s][info][gc,phases      ] GC(267) Adjust Roots 0.276ms
[75.656s][info][gc,phases,start] GC(267) Compaction Phase
[75.929s][info][gc,phases      ] GC(267) Compaction Phase 272.726ms
[75.929s][info][gc,phases,start] GC(267) Post Compact
[75.935s][info][gc,phases      ] GC(267) Post Compact 6.622ms
[75.935s][info][gc,heap        ] GC(267) PSYoungGen: 53331K(221184K)->53331K(221184K) Eden: 48127K(48128K)->48127K(48128K) From: 5203K(173056K)->5203K(173056K)
[75.935s][info][gc,heap        ] GC(267) ParOldGen: 3276603K(3276800K)->3276603K(3276800K)
[75.935s][info][gc,metaspace   ] GC(267) Metaspace: 6301K(6464K)->6301K(6464K) NonClass: 5768K(5824K)->5768K(5824K) Class: 533K(640K)->533K(640K)
[75.935s][info][gc             ] GC(267) Pause Full (Ergonomics) 3251M->3251M(3416M) 1030.461ms
[75.935s][info][gc,cpu         ] GC(267) User=7.42s Sys=0.00s Real=1.03s
[75.936s][info][gc,start       ] GC(268) Pause Full (Ergonomics)
[75.936s][info][gc,phases,start] GC(268) Marking Phase
[76.709s][info][gc,phases      ] GC(268) Marking Phase 773.166ms
[76.709s][info][gc,phases,start] GC(268) Summary Phase
[76.709s][info][gc,phases      ] GC(268) Summary Phase 0.070ms
[76.709s][info][gc,phases,start] GC(268) Adjust Roots
[76.709s][info][gc,phases      ] GC(268) Adjust Roots 0.292ms
[76.709s][info][gc,phases,start] GC(268) Compaction Phase
[76.997s][info][gc,phases      ] GC(268) Compaction Phase 288.044ms
[76.998s][info][gc,phases,start] GC(268) Post Compact
[77.004s][info][gc,phases      ] GC(268) Post Compact 6.718ms
[77.005s][info][gc,heap        ] GC(268) PSYoungGen: 53331K(221184K)->53331K(221184K) Eden: 48127K(48128K)->48127K(48128K) From: 5203K(173056K)->5203K(173056K)
[77.005s][info][gc,heap        ] GC(268) ParOldGen: 3276608K(3276800K)->3276608K(3276800K)
[77.005s][info][gc,metaspace   ] GC(268) Metaspace: 6301K(6464K)->6301K(6464K) NonClass: 5768K(5824K)->5768K(5824K) Class: 533K(640K)->533K(640K)
[77.005s][info][gc             ] GC(268) Pause Full (Ergonomics) 3251M->3251M(3416M) 1068.985ms
[77.005s][info][gc,cpu         ] GC(268) User=7.25s Sys=0.00s Real=1.07s
[77.005s][info][gc,start       ] GC(269) Pause Full (Ergonomics)
[77.005s][info][gc,phases,start] GC(269) Marking Phase
[77.837s][info][gc,phases      ] GC(269) Marking Phase 831.634ms
[77.837s][info][gc,phases,start] GC(269) Summary Phase
[77.837s][info][gc,phases      ] GC(269) Summary Phase 0.074ms
[77.837s][info][gc,phases,start] GC(269) Adjust Roots
[77.837s][info][gc,phases      ] GC(269) Adjust Roots 0.380ms
[77.837s][info][gc,phases,start] GC(269) Compaction Phase
[78.147s][info][gc,phases      ] GC(269) Compaction Phase 309.324ms
[78.147s][info][gc,phases,start] GC(269) Post Compact
[78.154s][info][gc,phases      ] GC(269) Post Compact 7.739ms
[78.155s][info][gc,heap        ] GC(269) PSYoungGen: 53331K(221184K)->53331K(221184K) Eden: 48127K(48128K)->48127K(48128K) From: 5203K(173056K)->5203K(173056K)
[78.155s][info][gc,heap        ] GC(269) ParOldGen: 3276613K(3276800K)->3276613K(3276800K)
[78.155s][info][gc,metaspace   ] GC(269) Metaspace: 6301K(6464K)->6301K(6464K) NonClass: 5768K(5824K)->5768K(5824K) Class: 533K(640K)->533K(640K)
[78.155s][info][gc             ] GC(269) Pause Full (Ergonomics) 3251M->3251M(3416M) 1149.732ms
[78.155s][info][gc,cpu         ] GC(269) User=7.47s Sys=0.00s Real=1.15s
[78.155s][info][gc,start       ] GC(270) Pause Full (Ergonomics)
[78.155s][info][gc,phases,start] GC(270) Marking Phase
[78.951s][info][gc,phases      ] GC(270) Marking Phase 796.389ms
[78.951s][info][gc,phases,start] GC(270) Summary Phase
[78.952s][info][gc,phases      ] GC(270) Summary Phase 0.052ms
[78.952s][info][gc,phases,start] GC(270) Adjust Roots
[78.952s][info][gc,phases      ] GC(270) Adjust Roots 0.202ms
[78.952s][info][gc,phases,start] GC(270) Compaction Phase
[79.242s][info][gc,phases      ] GC(270) Compaction Phase 290.311ms
[79.242s][info][gc,phases,start] GC(270) Post Compact
[79.250s][info][gc,phases      ] GC(270) Post Compact 7.436ms
[79.250s][info][gc,heap        ] GC(270) PSYoungGen: 53331K(221184K)->53331K(221184K) Eden: 48127K(48128K)->48127K(48128K) From: 5203K(173056K)->5203K(173056K)
[79.250s][info][gc,heap        ] GC(270) ParOldGen: 3276618K(3276800K)->3276618K(3276800K)
[79.250s][info][gc,metaspace   ] GC(270) Metaspace: 6301K(6464K)->6301K(6464K) NonClass: 5768K(5824K)->5768K(5824K) Class: 533K(640K)->533K(640K)
[79.250s][info][gc             ] GC(270) Pause Full (Ergonomics) 3251M->3251M(3416M) 1094.795ms
[79.250s][info][gc,cpu         ] GC(270) User=7.11s Sys=0.00s Real=1.10s
[79.250s][info][gc,start       ] GC(271) Pause Full (Ergonomics)
[79.250s][info][gc,phases,start] GC(271) Marking Phase
[80.018s][info][gc,phases      ] GC(271) Marking Phase 767.650ms
[80.018s][info][gc,phases,start] GC(271) Summary Phase
[80.018s][info][gc,phases      ] GC(271) Summary Phase 0.046ms
[80.018s][info][gc,phases,start] GC(271) Adjust Roots
[80.018s][info][gc,phases      ] GC(271) Adjust Roots 0.194ms
[80.018s][info][gc,phases,start] GC(271) Compaction Phase
[80.342s][info][gc,phases      ] GC(271) Compaction Phase 324.299ms
[80.342s][info][gc,phases,start] GC(271) Post Compact
[80.350s][info][gc,phases      ] GC(271) Post Compact 7.173ms
[80.350s][info][gc,heap        ] GC(271) PSYoungGen: 53331K(221184K)->53331K(221184K) Eden: 48127K(48128K)->48127K(48128K) From: 5203K(173056K)->5203K(173056K)
[80.350s][info][gc,heap        ] GC(271) ParOldGen: 3276623K(3276800K)->3276623K(3276800K)
[80.350s][info][gc,metaspace   ] GC(271) Metaspace: 6301K(6464K)->6301K(6464K) NonClass: 5768K(5824K)->5768K(5824K) Class: 533K(640K)->533K(640K)
[80.350s][info][gc             ] GC(271) Pause Full (Ergonomics) 3251M->3251M(3416M) 1099.745ms
[80.350s][info][gc,cpu         ] GC(271) User=7.17s Sys=0.00s Real=1.10s
[80.350s][info][gc,start       ] GC(272) Pause Full (Ergonomics)
[80.350s][info][gc,phases,start] GC(272) Marking Phase
[81.144s][info][gc,phases      ] GC(272) Marking Phase 794.305ms
[81.144s][info][gc,phases,start] GC(272) Summary Phase
[81.145s][info][gc,phases      ] GC(272) Summary Phase 0.081ms
[81.145s][info][gc,phases,start] GC(272) Adjust Roots
[81.145s][info][gc,phases      ] GC(272) Adjust Roots 0.394ms
[81.145s][info][gc,phases,start] GC(272) Compaction Phase
[81.445s][info][gc,phases      ] GC(272) Compaction Phase 300.401ms
[81.446s][info][gc,phases,start] GC(272) Post Compact
[81.452s][info][gc,phases      ] GC(272) Post Compact 6.388ms
[81.452s][info][gc,heap        ] GC(272) PSYoungGen: 53331K(221184K)->53331K(221184K) Eden: 48127K(48128K)->48127K(48128K) From: 5203K(173056K)->5203K(173056K)
[81.452s][info][gc,heap        ] GC(272) ParOldGen: 3276627K(3276800K)->3276627K(3276800K)
[81.452s][info][gc,metaspace   ] GC(272) Metaspace: 6301K(6464K)->6301K(6464K) NonClass: 5768K(5824K)->5768K(5824K) Class: 533K(640K)->533K(640K)
[81.452s][info][gc             ] GC(272) Pause Full (Ergonomics) 3251M->3251M(3416M) 1102.032ms
[81.452s][info][gc,cpu         ] GC(272) User=7.12s Sys=0.00s Real=1.10s
[81.452s][info][gc,start       ] GC(273) Pause Full (Ergonomics)
[81.452s][info][gc,phases,start] GC(273) Marking Phase
[82.253s][info][gc,phases      ] GC(273) Marking Phase 800.766ms
[82.253s][info][gc,phases,start] GC(273) Summary Phase
[82.253s][info][gc,phases      ] GC(273) Summary Phase 0.071ms
[82.253s][info][gc,phases,start] GC(273) Adjust Roots
[82.254s][info][gc,phases      ] GC(273) Adjust Roots 0.249ms
[82.254s][info][gc,phases,start] GC(273) Compaction Phase
[82.552s][info][gc,phases      ] GC(273) Compaction Phase 298.605ms
[82.552s][info][gc,phases,start] GC(273) Post Compact
[82.561s][info][gc,phases      ] GC(273) Post Compact 8.733ms
[82.561s][info][gc,heap        ] GC(273) PSYoungGen: 53331K(221184K)->53331K(221184K) Eden: 48127K(48128K)->48127K(48128K) From: 5203K(173056K)->5203K(173056K)
[82.561s][info][gc,heap        ] GC(273) ParOldGen: 3276632K(3276800K)->3276632K(3276800K)
[82.561s][info][gc,metaspace   ] GC(273) Metaspace: 6301K(6464K)->6301K(6464K) NonClass: 5768K(5824K)->5768K(5824K) Class: 533K(640K)->533K(640K)
[82.561s][info][gc             ] GC(273) Pause Full (Ergonomics) 3251M->3251M(3416M) 1108.879ms
[82.561s][info][gc,cpu         ] GC(273) User=7.44s Sys=0.03s Real=1.11s
[82.561s][info][gc,start       ] GC(274) Pause Full (Ergonomics)
[82.561s][info][gc,phases,start] GC(274) Marking Phase
[83.377s][info][gc,phases      ] GC(274) Marking Phase 815.361ms
[83.377s][info][gc,phases,start] GC(274) Summary Phase
[83.377s][info][gc,phases      ] GC(274) Summary Phase 0.085ms
[83.377s][info][gc,phases,start] GC(274) Adjust Roots
[83.377s][info][gc,phases      ] GC(274) Adjust Roots 0.404ms
[83.378s][info][gc,phases,start] GC(274) Compaction Phase
[83.681s][info][gc,phases      ] GC(274) Compaction Phase 303.075ms
[83.681s][info][gc,phases,start] GC(274) Post Compact
[83.688s][info][gc,phases      ] GC(274) Post Compact 7.501ms
[83.688s][info][gc,heap        ] GC(274) PSYoungGen: 53331K(221184K)->53331K(221184K) Eden: 48127K(48128K)->48127K(48128K) From: 5203K(173056K)->5203K(173056K)
[83.688s][info][gc,heap        ] GC(274) ParOldGen: 3276637K(3276800K)->3276637K(3276800K)
[83.688s][info][gc,metaspace   ] GC(274) Metaspace: 6301K(6464K)->6301K(6464K) NonClass: 5768K(5824K)->5768K(5824K) Class: 533K(640K)->533K(640K)
[83.688s][info][gc             ] GC(274) Pause Full (Ergonomics) 3251M->3251M(3416M) 1126.926ms
[83.688s][info][gc,cpu         ] GC(274) User=7.11s Sys=0.00s Real=1.13s
[83.689s][info][gc,start       ] GC(275) Pause Full (Ergonomics)
[83.689s][info][gc,phases,start] GC(275) Marking Phase
[84.474s][info][gc,phases      ] GC(275) Marking Phase 785.465ms
[84.474s][info][gc,phases,start] GC(275) Summary Phase
[84.474s][info][gc,phases      ] GC(275) Summary Phase 0.049ms
[84.474s][info][gc,phases,start] GC(275) Adjust Roots
[84.474s][info][gc,phases      ] GC(275) Adjust Roots 0.178ms
[84.474s][info][gc,phases,start] GC(275) Compaction Phase
[84.772s][info][gc,phases      ] GC(275) Compaction Phase 297.293ms
[84.772s][info][gc,phases,start] GC(275) Post Compact
[84.779s][info][gc,phases      ] GC(275) Post Compact 6.862ms
[84.779s][info][gc,heap        ] GC(275) PSYoungGen: 53331K(221184K)->53331K(221184K) Eden: 48127K(48128K)->48127K(48128K) From: 5203K(173056K)->5203K(173056K)
[84.779s][info][gc,heap        ] GC(275) ParOldGen: 3276642K(3276800K)->3276642K(3276800K)
[84.779s][info][gc,metaspace   ] GC(275) Metaspace: 6301K(6464K)->6301K(6464K) NonClass: 5768K(5824K)->5768K(5824K) Class: 533K(640K)->533K(640K)
[84.779s][info][gc             ] GC(275) Pause Full (Ergonomics) 3251M->3251M(3416M) 1090.211ms
[84.779s][info][gc,cpu         ] GC(275) User=7.55s Sys=0.00s Real=1.09s
[84.779s][info][gc,start       ] GC(276) Pause Full (Ergonomics)
[84.779s][info][gc,phases,start] GC(276) Marking Phase
[85.550s][info][gc,phases      ] GC(276) Marking Phase 771.454ms
[85.551s][info][gc,phases,start] GC(276) Summary Phase
[85.551s][info][gc,phases      ] GC(276) Summary Phase 0.053ms
[85.551s][info][gc,phases,start] GC(276) Adjust Roots
[85.551s][info][gc,phases      ] GC(276) Adjust Roots 0.253ms
[85.551s][info][gc,phases,start] GC(276) Compaction Phase
[85.827s][info][gc,phases      ] GC(276) Compaction Phase 275.607ms
[85.827s][info][gc,phases,start] GC(276) Post Compact
[85.833s][info][gc,phases      ] GC(276) Post Compact 6.265ms
[85.833s][info][gc,heap        ] GC(276) PSYoungGen: 53331K(221184K)->53331K(221184K) Eden: 48127K(48128K)->48127K(48128K) From: 5203K(173056K)->5203K(173056K)
[85.833s][info][gc,heap        ] GC(276) ParOldGen: 3276647K(3276800K)->3276647K(3276800K)
[85.833s][info][gc,metaspace   ] GC(276) Metaspace: 6301K(6464K)->6301K(6464K) NonClass: 5768K(5824K)->5768K(5824K) Class: 533K(640K)->533K(640K)
[85.833s][info][gc             ] GC(276) Pause Full (Ergonomics) 3251M->3251M(3416M) 1054.026ms
[85.833s][info][gc,cpu         ] GC(276) User=7.42s Sys=0.00s Real=1.05s
[85.833s][info][gc,start       ] GC(277) Pause Full (Ergonomics)
[85.834s][info][gc,phases,start] GC(277) Marking Phase
[86.613s][info][gc,phases      ] GC(277) Marking Phase 779.801ms
[86.613s][info][gc,phases,start] GC(277) Summary Phase
[86.614s][info][gc,phases      ] GC(277) Summary Phase 0.087ms
[86.614s][info][gc,phases,start] GC(277) Adjust Roots
[86.614s][info][gc,phases      ] GC(277) Adjust Roots 0.294ms
[86.614s][info][gc,phases,start] GC(277) Compaction Phase
[86.900s][info][gc,phases      ] GC(277) Compaction Phase 286.045ms
[86.900s][info][gc,phases,start] GC(277) Post Compact
[86.906s][info][gc,phases      ] GC(277) Post Compact 6.366ms
[86.906s][info][gc,heap        ] GC(277) PSYoungGen: 53331K(221184K)->53331K(221184K) Eden: 48127K(48128K)->48127K(48128K) From: 5203K(173056K)->5203K(173056K)
[86.906s][info][gc,heap        ] GC(277) ParOldGen: 3276652K(3276800K)->3276652K(3276800K)
[86.906s][info][gc,metaspace   ] GC(277) Metaspace: 6301K(6464K)->6301K(6464K) NonClass: 5768K(5824K)->5768K(5824K) Class: 533K(640K)->533K(640K)
[86.907s][info][gc             ] GC(277) Pause Full (Ergonomics) 3251M->3251M(3416M) 1073.040ms
[86.907s][info][gc,cpu         ] GC(277) User=7.45s Sys=0.02s Real=1.07s
[86.907s][info][gc,start       ] GC(278) Pause Full (Ergonomics)
[86.907s][info][gc,phases,start] GC(278) Marking Phase
[87.692s][info][gc,phases      ] GC(278) Marking Phase 785.295ms
[87.692s][info][gc,phases,start] GC(278) Summary Phase
[87.692s][info][gc,phases      ] GC(278) Summary Phase 0.050ms
[87.692s][info][gc,phases,start] GC(278) Adjust Roots
[87.692s][info][gc,phases      ] GC(278) Adjust Roots 0.224ms
[87.692s][info][gc,phases,start] GC(278) Compaction Phase
[87.998s][info][gc,phases      ] GC(278) Compaction Phase 305.760ms
[87.998s][info][gc,phases,start] GC(278) Post Compact
[88.005s][info][gc,phases      ] GC(278) Post Compact 6.358ms
[88.005s][info][gc,heap        ] GC(278) PSYoungGen: 53331K(221184K)->53331K(221184K) Eden: 48127K(48128K)->48127K(48128K) From: 5203K(173056K)->5203K(173056K)
[88.005s][info][gc,heap        ] GC(278) ParOldGen: 3276656K(3276800K)->3276656K(3276800K)
[88.005s][info][gc,metaspace   ] GC(278) Metaspace: 6301K(6464K)->6301K(6464K) NonClass: 5768K(5824K)->5768K(5824K) Class: 533K(640K)->533K(640K)
[88.005s][info][gc             ] GC(278) Pause Full (Ergonomics) 3251M->3251M(3416M) 1098.059ms
[88.005s][info][gc,cpu         ] GC(278) User=7.22s Sys=0.00s Real=1.10s
[88.005s][info][gc,start       ] GC(279) Pause Full (Ergonomics)
[88.005s][info][gc,phases,start] GC(279) Marking Phase
[88.797s][info][gc,phases      ] GC(279) Marking Phase 791.827ms
[88.797s][info][gc,phases,start] GC(279) Summary Phase
[88.797s][info][gc,phases      ] GC(279) Summary Phase 0.125ms
[88.797s][info][gc,phases,start] GC(279) Adjust Roots
[88.798s][info][gc,phases      ] GC(279) Adjust Roots 0.439ms
[88.798s][info][gc,phases,start] GC(279) Compaction Phase
[89.071s][info][gc,phases      ] GC(279) Compaction Phase 273.166ms
[89.071s][info][gc,phases,start] GC(279) Post Compact
[89.078s][info][gc,phases      ] GC(279) Post Compact 7.038ms
[89.078s][info][gc,heap        ] GC(279) PSYoungGen: 53331K(221184K)->53331K(221184K) Eden: 48127K(48128K)->48127K(48128K) From: 5203K(173056K)->5203K(173056K)
[89.078s][info][gc,heap        ] GC(279) ParOldGen: 3276661K(3276800K)->3276661K(3276800K)
[89.078s][info][gc,metaspace   ] GC(279) Metaspace: 6301K(6464K)->6301K(6464K) NonClass: 5768K(5824K)->5768K(5824K) Class: 533K(640K)->533K(640K)
[89.078s][info][gc             ] GC(279) Pause Full (Ergonomics) 3251M->3251M(3416M) 1073.074ms
[89.078s][info][gc,cpu         ] GC(279) User=7.28s Sys=0.00s Real=1.07s
[89.078s][info][gc,start       ] GC(280) Pause Full (Ergonomics)
[89.078s][info][gc,phases,start] GC(280) Marking Phase
[89.846s][info][gc,phases      ] GC(280) Marking Phase 767.558ms
[89.846s][info][gc,phases,start] GC(280) Summary Phase
[89.846s][info][gc,phases      ] GC(280) Summary Phase 0.049ms
[89.846s][info][gc,phases,start] GC(280) Adjust Roots
[89.846s][info][gc,phases      ] GC(280) Adjust Roots 0.280ms
[89.846s][info][gc,phases,start] GC(280) Compaction Phase
[90.114s][info][gc,phases      ] GC(280) Compaction Phase 267.137ms
[90.114s][info][gc,phases,start] GC(280) Post Compact
[90.121s][info][gc,phases      ] GC(280) Post Compact 7.244ms
[90.121s][info][gc,heap        ] GC(280) PSYoungGen: 53331K(221184K)->53331K(221184K) Eden: 48127K(48128K)->48127K(48128K) From: 5203K(173056K)->5203K(173056K)
[90.121s][info][gc,heap        ] GC(280) ParOldGen: 3276666K(3276800K)->3276666K(3276800K)
[90.121s][info][gc,metaspace   ] GC(280) Metaspace: 6301K(6464K)->6301K(6464K) NonClass: 5768K(5824K)->5768K(5824K) Class: 533K(640K)->533K(640K)
[90.121s][info][gc             ] GC(280) Pause Full (Ergonomics) 3251M->3251M(3416M) 1042.653ms
[90.121s][info][gc,cpu         ] GC(280) User=7.22s Sys=0.00s Real=1.04s
[90.121s][info][gc,start       ] GC(281) Pause Full (Ergonomics)
[90.121s][info][gc,phases,start] GC(281) Marking Phase
[90.883s][info][gc,phases      ] GC(281) Marking Phase 762.052ms
[90.883s][info][gc,phases,start] GC(281) Summary Phase
[90.883s][info][gc,phases      ] GC(281) Summary Phase 0.045ms
[90.883s][info][gc,phases,start] GC(281) Adjust Roots
[90.884s][info][gc,phases      ] GC(281) Adjust Roots 0.217ms
[90.884s][info][gc,phases,start] GC(281) Compaction Phase
[91.155s][info][gc,phases      ] GC(281) Compaction Phase 271.737ms
[91.155s][info][gc,phases,start] GC(281) Post Compact
[91.162s][info][gc,phases      ] GC(281) Post Compact 6.931ms
[91.163s][info][gc,heap        ] GC(281) PSYoungGen: 53331K(221184K)->53331K(221184K) Eden: 48127K(48128K)->48127K(48128K) From: 5203K(173056K)->5203K(173056K)
[91.163s][info][gc,heap        ] GC(281) ParOldGen: 3276671K(3276800K)->3276671K(3276800K)
[91.163s][info][gc,metaspace   ] GC(281) Metaspace: 6301K(6464K)->6301K(6464K) NonClass: 5768K(5824K)->5768K(5824K) Class: 533K(640K)->533K(640K)
[91.163s][info][gc             ] GC(281) Pause Full (Ergonomics) 3251M->3251M(3416M) 1041.354ms
[91.163s][info][gc,cpu         ] GC(281) User=7.25s Sys=0.02s Real=1.04s
[91.163s][info][gc,start       ] GC(282) Pause Full (Ergonomics)
[91.163s][info][gc,phases,start] GC(282) Marking Phase
[91.945s][info][gc,phases      ] GC(282) Marking Phase 782.616ms
[91.946s][info][gc,phases,start] GC(282) Summary Phase
[91.946s][info][gc,phases      ] GC(282) Summary Phase 0.067ms
[91.946s][info][gc,phases,start] GC(282) Adjust Roots
[91.946s][info][gc,phases      ] GC(282) Adjust Roots 0.333ms
[91.946s][info][gc,phases,start] GC(282) Compaction Phase
[92.267s][info][gc,phases      ] GC(282) Compaction Phase 321.447ms
[92.268s][info][gc,phases,start] GC(282) Post Compact
[92.274s][info][gc,phases      ] GC(282) Post Compact 6.922ms
[92.275s][info][gc,heap        ] GC(282) PSYoungGen: 53331K(221184K)->53331K(221184K) Eden: 48127K(48128K)->48127K(48128K) From: 5203K(173056K)->5203K(173056K)
[92.275s][info][gc,heap        ] GC(282) ParOldGen: 3276676K(3276800K)->3276676K(3276800K)
[92.275s][info][gc,metaspace   ] GC(282) Metaspace: 6301K(6464K)->6301K(6464K) NonClass: 5768K(5824K)->5768K(5824K) Class: 533K(640K)->533K(640K)
[92.275s][info][gc             ] GC(282) Pause Full (Ergonomics) 3251M->3251M(3416M) 1111.808ms
[92.275s][info][gc,cpu         ] GC(282) User=7.16s Sys=0.00s Real=1.11s
[92.275s][info][gc,start       ] GC(283) Pause Full (Ergonomics)
[92.275s][info][gc,phases,start] GC(283) Marking Phase
[93.116s][info][gc,phases      ] GC(283) Marking Phase 840.789ms
[93.116s][info][gc,phases,start] GC(283) Summary Phase
[93.116s][info][gc,phases      ] GC(283) Summary Phase 0.064ms
[93.116s][info][gc,phases,start] GC(283) Adjust Roots
[93.116s][info][gc,phases      ] GC(283) Adjust Roots 0.313ms
[93.116s][info][gc,phases,start] GC(283) Compaction Phase
[93.436s][info][gc,phases      ] GC(283) Compaction Phase 319.689ms
[93.436s][info][gc,phases,start] GC(283) Post Compact
[93.443s][info][gc,phases      ] GC(283) Post Compact 6.740ms
[93.443s][info][gc,heap        ] GC(283) PSYoungGen: 53331K(221184K)->53331K(221184K) Eden: 48127K(48128K)->48127K(48128K) From: 5203K(173056K)->5203K(173056K)
[93.443s][info][gc,heap        ] GC(283) ParOldGen: 3276681K(3276800K)->3276681K(3276800K)
[93.443s][info][gc,metaspace   ] GC(283) Metaspace: 6301K(6464K)->6301K(6464K) NonClass: 5768K(5824K)->5768K(5824K) Class: 533K(640K)->533K(640K)
[93.443s][info][gc             ] GC(283) Pause Full (Ergonomics) 3251M->3251M(3416M) 1168.002ms
[93.443s][info][gc,cpu         ] GC(283) User=7.25s Sys=0.00s Real=1.17s
[93.443s][info][gc,start       ] GC(284) Pause Full (Ergonomics)
[93.443s][info][gc,phases,start] GC(284) Marking Phase
[94.257s][info][gc,phases      ] GC(284) Marking Phase 814.087ms
[94.257s][info][gc,phases,start] GC(284) Summary Phase
[94.257s][info][gc,phases      ] GC(284) Summary Phase 0.077ms
[94.257s][info][gc,phases,start] GC(284) Adjust Roots
[94.258s][info][gc,phases      ] GC(284) Adjust Roots 0.332ms
[94.258s][info][gc,phases,start] GC(284) Compaction Phase
[94.567s][info][gc,phases      ] GC(284) Compaction Phase 309.465ms
[94.567s][info][gc,phases,start] GC(284) Post Compact
[94.574s][info][gc,phases      ] GC(284) Post Compact 6.227ms
[94.574s][info][gc,heap        ] GC(284) PSYoungGen: 53331K(221184K)->53331K(221184K) Eden: 48127K(48128K)->48127K(48128K) From: 5203K(173056K)->5203K(173056K)
[94.574s][info][gc,heap        ] GC(284) ParOldGen: 3276685K(3276800K)->3276685K(3276800K)
[94.574s][info][gc,metaspace   ] GC(284) Metaspace: 6301K(6464K)->6301K(6464K) NonClass: 5768K(5824K)->5768K(5824K) Class: 533K(640K)->533K(640K)
[94.574s][info][gc             ] GC(284) Pause Full (Ergonomics) 3251M->3251M(3416M) 1130.656ms
[94.574s][info][gc,cpu         ] GC(284) User=7.19s Sys=0.00s Real=1.13s
[94.574s][info][gc,start       ] GC(285) Pause Full (Ergonomics)
[94.574s][info][gc,phases,start] GC(285) Marking Phase
[95.356s][info][gc,phases      ] GC(285) Marking Phase 782.122ms
[95.356s][info][gc,phases,start] GC(285) Summary Phase
[95.356s][info][gc,phases      ] GC(285) Summary Phase 0.051ms
[95.356s][info][gc,phases,start] GC(285) Adjust Roots
[95.356s][info][gc,phases      ] GC(285) Adjust Roots 0.250ms
[95.357s][info][gc,phases,start] GC(285) Compaction Phase
[95.639s][info][gc,phases      ] GC(285) Compaction Phase 282.096ms
[95.639s][info][gc,phases,start] GC(285) Post Compact
[95.645s][info][gc,phases      ] GC(285) Post Compact 6.777ms
[95.646s][info][gc,heap        ] GC(285) PSYoungGen: 53331K(221184K)->53331K(221184K) Eden: 48127K(48128K)->48127K(48128K) From: 5203K(173056K)->5203K(173056K)
[95.646s][info][gc,heap        ] GC(285) ParOldGen: 3276690K(3276800K)->3276690K(3276800K)
[95.646s][info][gc,metaspace   ] GC(285) Metaspace: 6301K(6464K)->6301K(6464K) NonClass: 5768K(5824K)->5768K(5824K) Class: 533K(640K)->533K(640K)
[95.646s][info][gc             ] GC(285) Pause Full (Ergonomics) 3251M->3251M(3416M) 1071.703ms
[95.646s][info][gc,cpu         ] GC(285) User=7.34s Sys=0.00s Real=1.07s
[95.646s][info][gc,start       ] GC(286) Pause Full (Ergonomics)
[95.646s][info][gc,phases,start] GC(286) Marking Phase
[96.424s][info][gc,phases      ] GC(286) Marking Phase 777.986ms
[96.424s][info][gc,phases,start] GC(286) Summary Phase
[96.424s][info][gc,phases      ] GC(286) Summary Phase 0.055ms
[96.424s][info][gc,phases,start] GC(286) Adjust Roots
[96.424s][info][gc,phases      ] GC(286) Adjust Roots 0.259ms
[96.424s][info][gc,phases,start] GC(286) Compaction Phase
[96.692s][info][gc,phases      ] GC(286) Compaction Phase 267.729ms
[96.692s][info][gc,phases,start] GC(286) Post Compact
[96.699s][info][gc,phases      ] GC(286) Post Compact 6.730ms
[96.699s][info][gc,heap        ] GC(286) PSYoungGen: 53331K(221184K)->53331K(221184K) Eden: 48127K(48128K)->48127K(48128K) From: 5203K(173056K)->5203K(173056K)
[96.699s][info][gc,heap        ] GC(286) ParOldGen: 3276695K(3276800K)->3276695K(3276800K)
[96.699s][info][gc,metaspace   ] GC(286) Metaspace: 6301K(6464K)->6301K(6464K) NonClass: 5768K(5824K)->5768K(5824K) Class: 533K(640K)->533K(640K)
[96.699s][info][gc             ] GC(286) Pause Full (Ergonomics) 3251M->3251M(3416M) 1053.119ms
[96.699s][info][gc,cpu         ] GC(286) User=7.39s Sys=0.00s Real=1.05s
[96.699s][info][gc,start       ] GC(287) Pause Full (Ergonomics)
[96.699s][info][gc,phases,start] GC(287) Marking Phase
[97.475s][info][gc,phases      ] GC(287) Marking Phase 775.489ms
[97.475s][info][gc,phases,start] GC(287) Summary Phase
[97.475s][info][gc,phases      ] GC(287) Summary Phase 0.062ms
[97.475s][info][gc,phases,start] GC(287) Adjust Roots
[97.475s][info][gc,phases      ] GC(287) Adjust Roots 0.190ms
[97.475s][info][gc,phases,start] GC(287) Compaction Phase
[97.749s][info][gc,phases      ] GC(287) Compaction Phase 273.834ms
[97.749s][info][gc,phases,start] GC(287) Post Compact
[97.755s][info][gc,phases      ] GC(287) Post Compact 6.151ms
[97.755s][info][gc,heap        ] GC(287) PSYoungGen: 53331K(221184K)->53331K(221184K) Eden: 48127K(48128K)->48127K(48128K) From: 5203K(173056K)->5203K(173056K)
[97.755s][info][gc,heap        ] GC(287) ParOldGen: 3276700K(3276800K)->3276700K(3276800K)
[97.755s][info][gc,metaspace   ] GC(287) Metaspace: 6301K(6464K)->6301K(6464K) NonClass: 5768K(5824K)->5768K(5824K) Class: 533K(640K)->533K(640K)
[97.755s][info][gc             ] GC(287) Pause Full (Ergonomics) 3251M->3251M(3416M) 1056.075ms
[97.755s][info][gc,cpu         ] GC(287) User=7.08s Sys=0.02s Real=1.05s
[97.755s][info][gc,start       ] GC(288) Pause Full (Ergonomics)
[97.756s][info][gc,phases,start] GC(288) Marking Phase
[98.521s][info][gc,phases      ] GC(288) Marking Phase 765.220ms
[98.521s][info][gc,phases,start] GC(288) Summary Phase
[98.521s][info][gc,phases      ] GC(288) Summary Phase 0.074ms
[98.521s][info][gc,phases,start] GC(288) Adjust Roots
[98.521s][info][gc,phases      ] GC(288) Adjust Roots 0.228ms
[98.521s][info][gc,phases,start] GC(288) Compaction Phase
[98.787s][info][gc,phases      ] GC(288) Compaction Phase 265.947ms
[98.787s][info][gc,phases,start] GC(288) Post Compact
[98.794s][info][gc,phases      ] GC(288) Post Compact 6.796ms
[98.794s][info][gc,heap        ] GC(288) PSYoungGen: 53331K(221184K)->53331K(221184K) Eden: 48127K(48128K)->48127K(48128K) From: 5203K(173056K)->5203K(173056K)
[98.794s][info][gc,heap        ] GC(288) ParOldGen: 3276705K(3276800K)->3276705K(3276800K)
[98.794s][info][gc,metaspace   ] GC(288) Metaspace: 6301K(6464K)->6301K(6464K) NonClass: 5768K(5824K)->5768K(5824K) Class: 533K(640K)->533K(640K)
[98.794s][info][gc             ] GC(288) Pause Full (Ergonomics) 3251M->3251M(3416M) 1038.677ms
[98.794s][info][gc,cpu         ] GC(288) User=7.34s Sys=0.00s Real=1.04s
[98.794s][info][gc,start       ] GC(289) Pause Full (Ergonomics)
[98.794s][info][gc,phases,start] GC(289) Marking Phase
[99.578s][info][gc,phases      ] GC(289) Marking Phase 783.085ms
[99.578s][info][gc,phases,start] GC(289) Summary Phase
[99.578s][info][gc,phases      ] GC(289) Summary Phase 0.052ms
[99.578s][info][gc,phases,start] GC(289) Adjust Roots
[99.578s][info][gc,phases      ] GC(289) Adjust Roots 0.207ms
[99.578s][info][gc,phases,start] GC(289) Compaction Phase
[99.859s][info][gc,phases      ] GC(289) Compaction Phase 280.636ms
[99.859s][info][gc,phases,start] GC(289) Post Compact
[99.865s][info][gc,phases      ] GC(289) Post Compact 5.902ms
[99.865s][info][gc,heap        ] GC(289) PSYoungGen: 53331K(221184K)->53331K(221184K) Eden: 48127K(48128K)->48127K(48128K) From: 5203K(173056K)->5203K(173056K)
[99.865s][info][gc,heap        ] GC(289) ParOldGen: 3276710K(3276800K)->3276710K(3276800K)
[99.865s][info][gc,metaspace   ] GC(289) Metaspace: 6301K(6464K)->6301K(6464K) NonClass: 5768K(5824K)->5768K(5824K) Class: 533K(640K)->533K(640K)
[99.865s][info][gc             ] GC(289) Pause Full (Ergonomics) 3251M->3251M(3416M) 1070.236ms
[99.865s][info][gc,cpu         ] GC(289) User=7.31s Sys=0.00s Real=1.07s
[99.865s][info][gc,start       ] GC(290) Pause Full (Ergonomics)
[99.865s][info][gc,phases,start] GC(290) Marking Phase
[100.639s][info][gc,phases      ] GC(290) Marking Phase 774.200ms
[100.639s][info][gc,phases,start] GC(290) Summary Phase
[100.639s][info][gc,phases      ] GC(290) Summary Phase 0.060ms
[100.639s][info][gc,phases,start] GC(290) Adjust Roots
[100.639s][info][gc,phases      ] GC(290) Adjust Roots 0.191ms
[100.639s][info][gc,phases,start] GC(290) Compaction Phase
[100.899s][info][gc,phases      ] GC(290) Compaction Phase 259.562ms
[100.899s][info][gc,phases,start] GC(290) Post Compact
[100.905s][info][gc,phases      ] GC(290) Post Compact 6.189ms
[100.905s][info][gc,heap        ] GC(290) PSYoungGen: 53331K(221184K)->53331K(221184K) Eden: 48127K(48128K)->48127K(48128K) From: 5203K(173056K)->5203K(173056K)
[100.905s][info][gc,heap        ] GC(290) ParOldGen: 3276714K(3276800K)->3276714K(3276800K)
[100.905s][info][gc,metaspace   ] GC(290) Metaspace: 6301K(6464K)->6301K(6464K) NonClass: 5768K(5824K)->5768K(5824K) Class: 533K(640K)->533K(640K)
[100.905s][info][gc             ] GC(290) Pause Full (Ergonomics) 3251M->3251M(3416M) 1040.592ms
[100.905s][info][gc,cpu         ] GC(290) User=7.42s Sys=0.00s Real=1.04s
[100.906s][info][gc,start       ] GC(291) Pause Full (Ergonomics)
[100.906s][info][gc,phases,start] GC(291) Marking Phase
[101.671s][info][gc,phases      ] GC(291) Marking Phase 764.850ms
[101.671s][info][gc,phases,start] GC(291) Summary Phase
[101.671s][info][gc,phases      ] GC(291) Summary Phase 0.043ms
[101.671s][info][gc,phases,start] GC(291) Adjust Roots
[101.671s][info][gc,phases      ] GC(291) Adjust Roots 0.180ms
[101.671s][info][gc,phases,start] GC(291) Compaction Phase
[101.946s][info][gc,phases      ] GC(291) Compaction Phase 275.283ms
[101.946s][info][gc,phases,start] GC(291) Post Compact
[101.952s][info][gc,phases      ] GC(291) Post Compact 6.153ms
[101.952s][info][gc,heap        ] GC(291) PSYoungGen: 53331K(221184K)->53331K(221184K) Eden: 48127K(48128K)->48127K(48128K) From: 5203K(173056K)->5203K(173056K)
[101.952s][info][gc,heap        ] GC(291) ParOldGen: 3276719K(3276800K)->3276719K(3276800K)
[101.952s][info][gc,metaspace   ] GC(291) Metaspace: 6301K(6464K)->6301K(6464K) NonClass: 5768K(5824K)->5768K(5824K) Class: 533K(640K)->533K(640K)
[101.953s][info][gc             ] GC(291) Pause Full (Ergonomics) 3252M->3252M(3416M) 1046.834ms
[101.953s][info][gc,cpu         ] GC(291) User=7.58s Sys=0.03s Real=1.05s
[101.953s][info][gc,start       ] GC(292) Pause Full (Ergonomics)
[101.953s][info][gc,phases,start] GC(292) Marking Phase
[102.726s][info][gc,phases      ] GC(292) Marking Phase 773.392ms
[102.726s][info][gc,phases,start] GC(292) Summary Phase
[102.726s][info][gc,phases      ] GC(292) Summary Phase 0.058ms
[102.726s][info][gc,phases,start] GC(292) Adjust Roots
[102.727s][info][gc,phases      ] GC(292) Adjust Roots 0.269ms
[102.727s][info][gc,phases,start] GC(292) Compaction Phase
[103.022s][info][gc,phases      ] GC(292) Compaction Phase 295.208ms
[103.022s][info][gc,phases,start] GC(292) Post Compact
[103.028s][info][gc,phases      ] GC(292) Post Compact 6.522ms
[103.029s][info][gc,heap        ] GC(292) PSYoungGen: 53331K(221184K)->53331K(221184K) Eden: 48127K(48128K)->48127K(48128K) From: 5203K(173056K)->5203K(173056K)
[103.029s][info][gc,heap        ] GC(292) ParOldGen: 3276724K(3276800K)->3276724K(3276800K)
[103.029s][info][gc,metaspace   ] GC(292) Metaspace: 6301K(6464K)->6301K(6464K) NonClass: 5768K(5824K)->5768K(5824K) Class: 533K(640K)->533K(640K)
[103.029s][info][gc             ] GC(292) Pause Full (Ergonomics) 3252M->3252M(3416M) 1075.827ms
[103.029s][info][gc,cpu         ] GC(292) User=7.55s Sys=0.02s Real=1.08s
[103.029s][info][gc,start       ] GC(293) Pause Full (Ergonomics)
[103.029s][info][gc,phases,start] GC(293) Marking Phase
[103.803s][info][gc,phases      ] GC(293) Marking Phase 774.552ms
[103.803s][info][gc,phases,start] GC(293) Summary Phase
[103.803s][info][gc,phases      ] GC(293) Summary Phase 0.066ms
[103.804s][info][gc,phases,start] GC(293) Adjust Roots
[103.804s][info][gc,phases      ] GC(293) Adjust Roots 0.247ms
[103.804s][info][gc,phases,start] GC(293) Compaction Phase
[104.071s][info][gc,phases      ] GC(293) Compaction Phase 267.133ms
[104.071s][info][gc,phases,start] GC(293) Post Compact
[104.078s][info][gc,phases      ] GC(293) Post Compact 7.194ms
[104.078s][info][gc,heap        ] GC(293) PSYoungGen: 53331K(221184K)->53331K(221184K) Eden: 48127K(48128K)->48127K(48128K) From: 5203K(173056K)->5203K(173056K)
[104.078s][info][gc,heap        ] GC(293) ParOldGen: 3276729K(3276800K)->3276729K(3276800K)
[104.078s][info][gc,metaspace   ] GC(293) Metaspace: 6301K(6464K)->6301K(6464K) NonClass: 5768K(5824K)->5768K(5824K) Class: 533K(640K)->533K(640K)
[104.078s][info][gc             ] GC(293) Pause Full (Ergonomics) 3252M->3252M(3416M) 1049.588ms
[104.078s][info][gc,cpu         ] GC(293) User=7.36s Sys=0.02s Real=1.05s
[104.079s][info][gc,start       ] GC(294) Pause Full (Ergonomics)
[104.079s][info][gc,phases,start] GC(294) Marking Phase
[104.847s][info][gc,phases      ] GC(294) Marking Phase 768.526ms
[104.847s][info][gc,phases,start] GC(294) Summary Phase
[104.847s][info][gc,phases      ] GC(294) Summary Phase 0.056ms
[104.847s][info][gc,phases,start] GC(294) Adjust Roots
[104.848s][info][gc,phases      ] GC(294) Adjust Roots 0.310ms
[104.848s][info][gc,phases,start] GC(294) Compaction Phase
[105.126s][info][gc,phases      ] GC(294) Compaction Phase 278.617ms
[105.126s][info][gc,phases,start] GC(294) Post Compact
[105.132s][info][gc,phases      ] GC(294) Post Compact 6.143ms
[105.133s][info][gc,heap        ] GC(294) PSYoungGen: 53331K(221184K)->53331K(221184K) Eden: 48127K(48128K)->48127K(48128K) From: 5203K(173056K)->5203K(173056K)
[105.133s][info][gc,heap        ] GC(294) ParOldGen: 3276734K(3276800K)->3276734K(3276800K)
[105.133s][info][gc,metaspace   ] GC(294) Metaspace: 6301K(6464K)->6301K(6464K) NonClass: 5768K(5824K)->5768K(5824K) Class: 533K(640K)->533K(640K)
[105.133s][info][gc             ] GC(294) Pause Full (Ergonomics) 3252M->3252M(3416M) 1054.010ms
[105.133s][info][gc,cpu         ] GC(294) User=7.38s Sys=0.00s Real=1.05s
[105.133s][info][gc,start       ] GC(295) Pause Full (Ergonomics)
[105.133s][info][gc,phases,start] GC(295) Marking Phase
[105.906s][info][gc,phases      ] GC(295) Marking Phase 773.222ms
[105.906s][info][gc,phases,start] GC(295) Summary Phase
[105.906s][info][gc,phases      ] GC(295) Summary Phase 0.055ms
[105.906s][info][gc,phases,start] GC(295) Adjust Roots
[105.906s][info][gc,phases      ] GC(295) Adjust Roots 0.254ms
[105.907s][info][gc,phases,start] GC(295) Compaction Phase
[106.183s][info][gc,phases      ] GC(295) Compaction Phase 276.693ms
[106.183s][info][gc,phases,start] GC(295) Post Compact
[106.190s][info][gc,phases      ] GC(295) Post Compact 6.454ms
[106.190s][info][gc,heap        ] GC(295) PSYoungGen: 53331K(221184K)->53331K(221184K) Eden: 48127K(48128K)->48127K(48128K) From: 5203K(173056K)->5203K(173056K)
[106.190s][info][gc,heap        ] GC(295) ParOldGen: 3276739K(3276800K)->3276739K(3276800K)
[106.190s][info][gc,metaspace   ] GC(295) Metaspace: 6301K(6464K)->6301K(6464K) NonClass: 5768K(5824K)->5768K(5824K) Class: 533K(640K)->533K(640K)
[106.190s][info][gc             ] GC(295) Pause Full (Ergonomics) 3252M->3252M(3416M) 1057.060ms
[106.190s][info][gc,cpu         ] GC(295) User=7.31s Sys=0.00s Real=1.06s
[106.190s][info][gc,start       ] GC(296) Pause Full (Ergonomics)
[106.190s][info][gc,phases,start] GC(296) Marking Phase
[106.959s][info][gc,phases      ] GC(296) Marking Phase 768.725ms
[106.959s][info][gc,phases,start] GC(296) Summary Phase
[106.959s][info][gc,phases      ] GC(296) Summary Phase 0.062ms
[106.959s][info][gc,phases,start] GC(296) Adjust Roots
[106.959s][info][gc,phases      ] GC(296) Adjust Roots 0.213ms
[106.959s][info][gc,phases,start] GC(296) Compaction Phase
[107.239s][info][gc,phases      ] GC(296) Compaction Phase 280.185ms
[107.240s][info][gc,phases,start] GC(296) Post Compact
[107.246s][info][gc,phases      ] GC(296) Post Compact 6.152ms
[107.246s][info][gc,heap        ] GC(296) PSYoungGen: 53331K(221184K)->53331K(221184K) Eden: 48127K(48128K)->48127K(48128K) From: 5203K(173056K)->5203K(173056K)
[107.246s][info][gc,heap        ] GC(296) ParOldGen: 3276743K(3276800K)->3276743K(3276800K)
[107.246s][info][gc,metaspace   ] GC(296) Metaspace: 6301K(6464K)->6301K(6464K) NonClass: 5768K(5824K)->5768K(5824K) Class: 533K(640K)->533K(640K)
[107.246s][info][gc             ] GC(296) Pause Full (Ergonomics) 3252M->3252M(3416M) 1055.756ms
[107.246s][info][gc,cpu         ] GC(296) User=7.22s Sys=0.02s Real=1.06s
[107.246s][info][gc,start       ] GC(297) Pause Full (Ergonomics)
[107.246s][info][gc,phases,start] GC(297) Marking Phase
[108.017s][info][gc,phases      ] GC(297) Marking Phase 770.878ms
[108.017s][info][gc,phases,start] GC(297) Summary Phase
[108.017s][info][gc,phases      ] GC(297) Summary Phase 0.063ms
[108.017s][info][gc,phases,start] GC(297) Adjust Roots
[108.017s][info][gc,phases      ] GC(297) Adjust Roots 0.264ms
[108.017s][info][gc,phases,start] GC(297) Compaction Phase
[108.287s][info][gc,phases      ] GC(297) Compaction Phase 269.041ms
[108.287s][info][gc,phases,start] GC(297) Post Compact
[108.293s][info][gc,phases      ] GC(297) Post Compact 6.594ms
[108.293s][info][gc,heap        ] GC(297) PSYoungGen: 53331K(221184K)->53331K(221184K) Eden: 48127K(48128K)->48127K(48128K) From: 5203K(173056K)->5203K(173056K)
[108.293s][info][gc,heap        ] GC(297) ParOldGen: 3276748K(3276800K)->3276748K(3276800K)
[108.293s][info][gc,metaspace   ] GC(297) Metaspace: 6301K(6464K)->6301K(6464K) NonClass: 5768K(5824K)->5768K(5824K) Class: 533K(640K)->533K(640K)
[108.293s][info][gc             ] GC(297) Pause Full (Ergonomics) 3252M->3252M(3416M) 1047.215ms
[108.293s][info][gc,cpu         ] GC(297) User=7.27s Sys=0.00s Real=1.05s
[108.294s][info][gc,start       ] GC(298) Pause Full (Ergonomics)
[108.294s][info][gc,phases,start] GC(298) Marking Phase
[109.055s][info][gc,phases      ] GC(298) Marking Phase 761.675ms
[109.055s][info][gc,phases,start] GC(298) Summary Phase
[109.055s][info][gc,phases      ] GC(298) Summary Phase 0.049ms
[109.055s][info][gc,phases,start] GC(298) Adjust Roots
[109.056s][info][gc,phases      ] GC(298) Adjust Roots 0.226ms
[109.056s][info][gc,phases,start] GC(298) Compaction Phase
[109.319s][info][gc,phases      ] GC(298) Compaction Phase 263.636ms
[109.319s][info][gc,phases,start] GC(298) Post Compact
[109.326s][info][gc,phases      ] GC(298) Post Compact 6.468ms
[109.326s][info][gc,heap        ] GC(298) PSYoungGen: 53331K(221184K)->53331K(221184K) Eden: 48127K(48128K)->48127K(48128K) From: 5203K(173056K)->5203K(173056K)
[109.326s][info][gc,heap        ] GC(298) ParOldGen: 3276753K(3276800K)->3276753K(3276800K)
[109.326s][info][gc,metaspace   ] GC(298) Metaspace: 6301K(6464K)->6301K(6464K) NonClass: 5768K(5824K)->5768K(5824K) Class: 533K(640K)->533K(640K)
[109.326s][info][gc             ] GC(298) Pause Full (Ergonomics) 3252M->3252M(3416M) 1032.411ms
[109.326s][info][gc,cpu         ] GC(298) User=7.36s Sys=0.00s Real=1.03s
[109.326s][info][gc,start       ] GC(299) Pause Full (Ergonomics)
[109.326s][info][gc,phases,start] GC(299) Marking Phase
[110.109s][info][gc,phases      ] GC(299) Marking Phase 783.025ms
[110.109s][info][gc,phases,start] GC(299) Summary Phase
[110.109s][info][gc,phases      ] GC(299) Summary Phase 0.066ms
[110.109s][info][gc,phases,start] GC(299) Adjust Roots
[110.110s][info][gc,phases      ] GC(299) Adjust Roots 0.300ms
[110.110s][info][gc,phases,start] GC(299) Compaction Phase
[110.374s][info][gc,phases      ] GC(299) Compaction Phase 264.368ms
[110.374s][info][gc,phases,start] GC(299) Post Compact
[110.381s][info][gc,phases      ] GC(299) Post Compact 6.959ms
[110.381s][info][gc,heap        ] GC(299) PSYoungGen: 53331K(221184K)->53331K(221184K) Eden: 48127K(48128K)->48127K(48128K) From: 5203K(173056K)->5203K(173056K)
[110.381s][info][gc,heap        ] GC(299) ParOldGen: 3276758K(3276800K)->3276758K(3276800K)
[110.381s][info][gc,metaspace   ] GC(299) Metaspace: 6301K(6464K)->6301K(6464K) NonClass: 5768K(5824K)->5768K(5824K) Class: 533K(640K)->533K(640K)
[110.381s][info][gc             ] GC(299) Pause Full (Ergonomics) 3252M->3252M(3416M) 1055.125ms
[110.381s][info][gc,cpu         ] GC(299) User=7.55s Sys=0.00s Real=1.06s
[110.382s][info][gc,start       ] GC(300) Pause Full (Ergonomics)
[110.382s][info][gc,phases,start] GC(300) Marking Phase
[111.150s][info][gc,phases      ] GC(300) Marking Phase 767.991ms
[111.150s][info][gc,phases,start] GC(300) Summary Phase
[111.150s][info][gc,phases      ] GC(300) Summary Phase 0.060ms
[111.150s][info][gc,phases,start] GC(300) Adjust Roots
[111.150s][info][gc,phases      ] GC(300) Adjust Roots 0.233ms
[111.150s][info][gc,phases,start] GC(300) Compaction Phase
[111.430s][info][gc,phases      ] GC(300) Compaction Phase 280.318ms
[111.430s][info][gc,phases,start] GC(300) Post Compact
[111.437s][info][gc,phases      ] GC(300) Post Compact 6.711ms
[111.437s][info][gc,heap        ] GC(300) PSYoungGen: 53331K(221184K)->53331K(221184K) Eden: 48127K(48128K)->48127K(48128K) From: 5203K(173056K)->5203K(173056K)
[111.437s][info][gc,heap        ] GC(300) ParOldGen: 3276763K(3276800K)->3276763K(3276800K)
[111.437s][info][gc,metaspace   ] GC(300) Metaspace: 6301K(6464K)->6301K(6464K) NonClass: 5768K(5824K)->5768K(5824K) Class: 533K(640K)->533K(640K)
[111.437s][info][gc             ] GC(300) Pause Full (Ergonomics) 3252M->3252M(3416M) 1055.743ms
[111.437s][info][gc,cpu         ] GC(300) User=7.22s Sys=0.02s Real=1.06s
[111.438s][info][gc,start       ] GC(301) Pause Full (Ergonomics)
[111.438s][info][gc,phases,start] GC(301) Marking Phase
[112.216s][info][gc,phases      ] GC(301) Marking Phase 777.908ms
[112.216s][info][gc,phases,start] GC(301) Summary Phase
[112.216s][info][gc,phases      ] GC(301) Summary Phase 0.053ms
[112.216s][info][gc,phases,start] GC(301) Adjust Roots
[112.216s][info][gc,phases      ] GC(301) Adjust Roots 0.253ms
[112.216s][info][gc,phases,start] GC(301) Compaction Phase
[112.482s][info][gc,phases      ] GC(301) Compaction Phase 266.284ms
[112.482s][info][gc,phases,start] GC(301) Post Compact
[112.489s][info][gc,phases      ] GC(301) Post Compact 7.144ms
[112.490s][info][gc,heap        ] GC(301) PSYoungGen: 53331K(221184K)->53331K(221184K) Eden: 48127K(48128K)->48127K(48128K) From: 5203K(173056K)->5203K(173056K)
[112.490s][info][gc,heap        ] GC(301) ParOldGen: 3276768K(3276800K)->3276768K(3276800K)
[112.490s][info][gc,metaspace   ] GC(301) Metaspace: 6301K(6464K)->6301K(6464K) NonClass: 5768K(5824K)->5768K(5824K) Class: 533K(640K)->533K(640K)
[112.490s][info][gc             ] GC(301) Pause Full (Ergonomics) 3252M->3252M(3416M) 1052.028ms
[112.490s][info][gc,cpu         ] GC(301) User=7.48s Sys=0.00s Real=1.05s
[112.490s][info][gc,start       ] GC(302) Pause Full (Ergonomics)
[112.490s][info][gc,phases,start] GC(302) Marking Phase
[113.250s][info][gc,phases      ] GC(302) Marking Phase 760.304ms
[113.250s][info][gc,phases,start] GC(302) Summary Phase
[113.250s][info][gc,phases      ] GC(302) Summary Phase 0.062ms
[113.250s][info][gc,phases,start] GC(302) Adjust Roots
[113.251s][info][gc,phases      ] GC(302) Adjust Roots 0.198ms
[113.251s][info][gc,phases,start] GC(302) Compaction Phase
[113.514s][info][gc,phases      ] GC(302) Compaction Phase 263.298ms
[113.514s][info][gc,phases,start] GC(302) Post Compact
[113.521s][info][gc,phases      ] GC(302) Post Compact 6.962ms
[113.521s][info][gc,heap        ] GC(302) PSYoungGen: 53331K(221184K)->53331K(221184K) Eden: 48127K(48128K)->48127K(48128K) From: 5203K(173056K)->5203K(173056K)
[113.521s][info][gc,heap        ] GC(302) ParOldGen: 3276772K(3276800K)->3276772K(3276800K)
[113.521s][info][gc,metaspace   ] GC(302) Metaspace: 6301K(6464K)->6301K(6464K) NonClass: 5768K(5824K)->5768K(5824K) Class: 533K(640K)->533K(640K)
[113.521s][info][gc             ] GC(302) Pause Full (Ergonomics) 3252M->3252M(3416M) 1031.198ms
[113.521s][info][gc,cpu         ] GC(302) User=7.11s Sys=0.00s Real=1.03s
[113.521s][info][gc,start       ] GC(303) Pause Full (Ergonomics)
[113.521s][info][gc,phases,start] GC(303) Marking Phase
[114.270s][info][gc,phases      ] GC(303) Marking Phase 748.759ms
[114.270s][info][gc,phases,start] GC(303) Summary Phase
[114.270s][info][gc,phases      ] GC(303) Summary Phase 0.050ms
[114.270s][info][gc,phases,start] GC(303) Adjust Roots
[114.270s][info][gc,phases      ] GC(303) Adjust Roots 0.174ms
[114.270s][info][gc,phases,start] GC(303) Compaction Phase
[114.540s][info][gc,phases      ] GC(303) Compaction Phase 269.711ms
[114.540s][info][gc,phases,start] GC(303) Post Compact
[114.546s][info][gc,phases      ] GC(303) Post Compact 6.179ms
[114.546s][info][gc,heap        ] GC(303) PSYoungGen: 53331K(221184K)->53331K(221184K) Eden: 48127K(48128K)->48127K(48128K) From: 5203K(173056K)->5203K(173056K)
[114.546s][info][gc,heap        ] GC(303) ParOldGen: 3276777K(3276800K)->3276777K(3276800K)
[114.546s][info][gc,metaspace   ] GC(303) Metaspace: 6301K(6464K)->6301K(6464K) NonClass: 5768K(5824K)->5768K(5824K) Class: 533K(640K)->533K(640K)
[114.546s][info][gc             ] GC(303) Pause Full (Ergonomics) 3252M->3252M(3416M) 1025.230ms
[114.547s][info][gc,cpu         ] GC(303) User=7.00s Sys=0.00s Real=1.02s
[114.547s][info][gc,start       ] GC(304) Pause Full (Ergonomics)
[114.547s][info][gc,phases,start] GC(304) Marking Phase
[115.314s][info][gc,phases      ] GC(304) Marking Phase 767.533ms
[115.314s][info][gc,phases,start] GC(304) Summary Phase
[115.314s][info][gc,phases      ] GC(304) Summary Phase 0.059ms
[115.314s][info][gc,phases,start] GC(304) Adjust Roots
[115.315s][info][gc,phases      ] GC(304) Adjust Roots 0.285ms
[115.315s][info][gc,phases,start] GC(304) Compaction Phase
[115.607s][info][gc,phases      ] GC(304) Compaction Phase 292.138ms
[115.607s][info][gc,phases,start] GC(304) Post Compact
[115.613s][info][gc,phases      ] GC(304) Post Compact 6.052ms
[115.613s][info][gc,heap        ] GC(304) PSYoungGen: 53331K(221184K)->53331K(221184K) Eden: 48127K(48128K)->48127K(48128K) From: 5203K(173056K)->5203K(173056K)
[115.613s][info][gc,heap        ] GC(304) ParOldGen: 3276782K(3276800K)->3276782K(3276800K)
[115.613s][info][gc,metaspace   ] GC(304) Metaspace: 6301K(6464K)->6301K(6464K) NonClass: 5768K(5824K)->5768K(5824K) Class: 533K(640K)->533K(640K)
[115.613s][info][gc             ] GC(304) Pause Full (Ergonomics) 3252M->3252M(3416M) 1066.458ms
[115.613s][info][gc,cpu         ] GC(304) User=7.34s Sys=0.00s Real=1.07s
[115.613s][info][gc,start       ] GC(305) Pause Full (Ergonomics)
[115.613s][info][gc,phases,start] GC(305) Marking Phase
[116.381s][info][gc,phases      ] GC(305) Marking Phase 767.409ms
[116.381s][info][gc,phases,start] GC(305) Summary Phase
[116.381s][info][gc,phases      ] GC(305) Summary Phase 0.046ms
[116.381s][info][gc,phases,start] GC(305) Adjust Roots
[116.381s][info][gc,phases      ] GC(305) Adjust Roots 0.225ms
[116.381s][info][gc,phases,start] GC(305) Compaction Phase
[116.646s][info][gc,phases      ] GC(305) Compaction Phase 264.720ms
[116.646s][info][gc,phases,start] GC(305) Post Compact
[116.652s][info][gc,phases      ] GC(305) Post Compact 6.393ms
[116.653s][info][gc,heap        ] GC(305) PSYoungGen: 53331K(221184K)->53331K(221184K) Eden: 48127K(48128K)->48127K(48128K) From: 5203K(173056K)->5203K(173056K)
[116.653s][info][gc,heap        ] GC(305) ParOldGen: 3276787K(3276800K)->3276787K(3276800K)
[116.653s][info][gc,metaspace   ] GC(305) Metaspace: 6301K(6464K)->6301K(6464K) NonClass: 5768K(5824K)->5768K(5824K) Class: 533K(640K)->533K(640K)
[116.653s][info][gc             ] GC(305) Pause Full (Ergonomics) 3252M->3252M(3416M) 1039.156ms
[116.653s][info][gc,cpu         ] GC(305) User=7.16s Sys=0.02s Real=1.04s
[116.653s][info][gc,start       ] GC(306) Pause Full (Ergonomics)
[116.653s][info][gc,phases,start] GC(306) Marking Phase
[117.423s][info][gc,phases      ] GC(306) Marking Phase 770.601ms
[117.423s][info][gc,phases,start] GC(306) Summary Phase
[117.424s][info][gc,phases      ] GC(306) Summary Phase 0.057ms
[117.424s][info][gc,phases,start] GC(306) Adjust Roots
[117.424s][info][gc,phases      ] GC(306) Adjust Roots 0.293ms
[117.424s][info][gc,phases,start] GC(306) Compaction Phase
[117.689s][info][gc,phases      ] GC(306) Compaction Phase 265.523ms
[117.689s][info][gc,phases,start] GC(306) Post Compact
[117.696s][info][gc,phases      ] GC(306) Post Compact 6.357ms
[117.696s][info][gc,heap        ] GC(306) PSYoungGen: 53331K(221184K)->53331K(221184K) Eden: 48127K(48128K)->48127K(48128K) From: 5203K(173056K)->5203K(173056K)
[117.696s][info][gc,heap        ] GC(306) ParOldGen: 3276792K(3276800K)->3276792K(3276800K)
[117.696s][info][gc,metaspace   ] GC(306) Metaspace: 6301K(6464K)->6301K(6464K) NonClass: 5768K(5824K)->5768K(5824K) Class: 533K(640K)->533K(640K)
[117.696s][info][gc             ] GC(306) Pause Full (Ergonomics) 3252M->3252M(3416M) 1043.243ms
[117.696s][info][gc,cpu         ] GC(306) User=7.19s Sys=0.02s Real=1.04s
[117.696s][info][gc,start       ] GC(307) Pause Full (Ergonomics)
[117.696s][info][gc,phases,start] GC(307) Marking Phase
[118.459s][info][gc,phases      ] GC(307) Marking Phase 762.751ms
[118.459s][info][gc,phases,start] GC(307) Summary Phase
[118.459s][info][gc,phases      ] GC(307) Summary Phase 0.046ms
[118.459s][info][gc,phases,start] GC(307) Adjust Roots
[118.459s][info][gc,phases      ] GC(307) Adjust Roots 0.213ms
[118.459s][info][gc,phases,start] GC(307) Compaction Phase
[118.748s][info][gc,phases      ] GC(307) Compaction Phase 288.731ms
[118.748s][info][gc,phases,start] GC(307) Post Compact
[118.755s][info][gc,phases      ] GC(307) Post Compact 6.523ms
[118.755s][info][gc,heap        ] GC(307) PSYoungGen: 53331K(221184K)->53331K(221184K) Eden: 48127K(48128K)->48127K(48128K) From: 5203K(173056K)->5203K(173056K)
[118.755s][info][gc,heap        ] GC(307) ParOldGen: 3276797K(3276800K)->3276797K(3276800K)
[118.755s][info][gc,metaspace   ] GC(307) Metaspace: 6301K(6464K)->6301K(6464K) NonClass: 5768K(5824K)->5768K(5824K) Class: 533K(640K)->533K(640K)
[118.755s][info][gc             ] GC(307) Pause Full (Ergonomics) 3252M->3252M(3416M) 1058.648ms
[118.755s][info][gc,cpu         ] GC(307) User=7.22s Sys=0.00s Real=1.06s
[118.755s][info][gc,start       ] GC(308) Pause Full (Ergonomics)
[118.755s][info][gc,phases,start] GC(308) Marking Phase
[119.517s][info][gc,phases      ] GC(308) Marking Phase 762.237ms
[119.517s][info][gc,phases,start] GC(308) Summary Phase
[119.517s][info][gc,phases      ] GC(308) Summary Phase 0.054ms
[119.518s][info][gc,phases,start] GC(308) Adjust Roots
[119.518s][info][gc,phases      ] GC(308) Adjust Roots 0.233ms
[119.518s][info][gc,phases,start] GC(308) Compaction Phase
[119.794s][info][gc,phases      ] GC(308) Compaction Phase 276.103ms
[119.794s][info][gc,phases,start] GC(308) Post Compact
[119.801s][info][gc,phases      ] GC(308) Post Compact 6.572ms
[119.801s][info][gc,heap        ] GC(308) PSYoungGen: 53331K(221184K)->53331K(221184K) Eden: 48127K(48128K)->48127K(48128K) From: 5203K(173056K)->5203K(173056K)
[119.801s][info][gc,heap        ] GC(308) ParOldGen: 3276799K(3276800K)->3276799K(3276800K)
[119.801s][info][gc,metaspace   ] GC(308) Metaspace: 6301K(6464K)->6301K(6464K) NonClass: 5768K(5824K)->5768K(5824K) Class: 533K(640K)->533K(640K)
[119.801s][info][gc             ] GC(308) Pause Full (Ergonomics) 3252M->3252M(3416M) 1045.551ms
[119.801s][info][gc,cpu         ] GC(308) User=7.31s Sys=0.02s Real=1.05s
[119.801s][info][gc,start       ] GC(309) Pause Full (Allocation Failure)
[119.801s][info][gc,phases,start] GC(309) Marking Phase
[120.563s][info][gc,phases      ] GC(309) Marking Phase 762.358ms
[120.563s][info][gc,phases,start] GC(309) Summary Phase
[120.563s][info][gc,phases      ] GC(309) Summary Phase 0.047ms
[120.563s][info][gc,phases,start] GC(309) Adjust Roots
[120.564s][info][gc,phases      ] GC(309) Adjust Roots 0.430ms
[120.564s][info][gc,phases,start] GC(309) Compaction Phase
[121.399s][info][gc,phases      ] GC(309) Compaction Phase 834.817ms
[121.399s][info][gc,phases,start] GC(309) Post Compact
[121.405s][info][gc,phases      ] GC(309) Post Compact 6.511ms
[121.405s][info][gc,heap        ] GC(309) PSYoungGen: 53331K(221184K)->53331K(221184K) Eden: 48127K(48128K)->48127K(48128K) From: 5203K(173056K)->5203K(173056K)
[121.405s][info][gc,heap        ] GC(309) ParOldGen: 3276799K(3276800K)->3276795K(3276800K)
[121.405s][info][gc,metaspace   ] GC(309) Metaspace: 6301K(6464K)->6300K(6464K) NonClass: 5768K(5824K)->5767K(5824K) Class: 533K(640K)->532K(640K)
[121.405s][info][gc             ] GC(309) Pause Full (Allocation Failure) 3252M->3252M(3416M) 1604.557ms
[121.405s][info][gc,cpu         ] GC(309) User=10.92s Sys=0.03s Real=1.61s
[121.406s][info][gc,start       ] GC(310) Pause Full (Ergonomics)
[121.406s][info][gc,phases,start] GC(310) Marking Phase
[122.169s][info][gc,phases      ] GC(310) Marking Phase 763.167ms
[122.169s][info][gc,phases,start] GC(310) Summary Phase
[122.169s][info][gc,phases      ] GC(310) Summary Phase 0.041ms
[122.169s][info][gc,phases,start] GC(310) Adjust Roots
[122.169s][info][gc,phases      ] GC(310) Adjust Roots 0.162ms
[122.169s][info][gc,phases,start] GC(310) Compaction Phase
[122.438s][info][gc,phases      ] GC(310) Compaction Phase 268.885ms
[122.438s][info][gc,phases,start] GC(310) Post Compact
[122.445s][info][gc,phases      ] GC(310) Post Compact 6.380ms
[122.445s][info][gc,heap        ] GC(310) PSYoungGen: 53331K(221184K)->53331K(221184K) Eden: 48127K(48128K)->48127K(48128K) From: 5203K(173056K)->5203K(173056K)
[122.445s][info][gc,heap        ] GC(310) ParOldGen: 3276797K(3276800K)->3276797K(3276800K)
[122.445s][info][gc,metaspace   ] GC(310) Metaspace: 6300K(6464K)->6300K(6464K) NonClass: 5767K(5824K)->5767K(5824K) Class: 532K(640K)->532K(640K)
[122.445s][info][gc             ] GC(310) Pause Full (Ergonomics) 3252M->3252M(3416M) 1039.015ms
[122.445s][info][gc,cpu         ] GC(310) User=7.48s Sys=0.00s Real=1.04s
[122.445s][info][gc,start       ] GC(311) Pause Full (Ergonomics)
[122.445s][info][gc,phases,start] GC(311) Marking Phase
[123.212s][info][gc,phases      ] GC(311) Marking Phase 766.260ms
[123.212s][info][gc,phases,start] GC(311) Summary Phase
[123.212s][info][gc,phases      ] GC(311) Summary Phase 0.043ms
[123.212s][info][gc,phases,start] GC(311) Adjust Roots
[123.212s][info][gc,phases      ] GC(311) Adjust Roots 0.205ms
[123.212s][info][gc,phases,start] GC(311) Compaction Phase
[123.492s][info][gc,phases      ] GC(311) Compaction Phase 280.245ms
[123.492s][info][gc,phases,start] GC(311) Post Compact
[123.499s][info][gc,phases      ] GC(311) Post Compact 7.084ms
[123.499s][info][gc,heap        ] GC(311) PSYoungGen: 53331K(221184K)->53331K(221184K) Eden: 48127K(48128K)->48127K(48128K) From: 5203K(173056K)->5203K(173056K)
[123.499s][info][gc,heap        ] GC(311) ParOldGen: 3276799K(3276800K)->3276799K(3276800K)
[123.499s][info][gc,metaspace   ] GC(311) Metaspace: 6300K(6464K)->6300K(6464K) NonClass: 5767K(5824K)->5767K(5824K) Class: 532K(640K)->532K(640K)
[123.499s][info][gc             ] GC(311) Pause Full (Ergonomics) 3252M->3252M(3416M) 1054.179ms
[123.499s][info][gc,cpu         ] GC(311) User=7.34s Sys=0.00s Real=1.05s
[123.500s][info][gc,start       ] GC(312) Pause Full (Allocation Failure)
[123.500s][info][gc,phases,start] GC(312) Marking Phase
[124.270s][info][gc,phases      ] GC(312) Marking Phase 770.414ms
[124.270s][info][gc,phases,start] GC(312) Summary Phase
[124.270s][info][gc,phases      ] GC(312) Summary Phase 0.068ms
[124.270s][info][gc,phases,start] GC(312) Adjust Roots
[124.270s][info][gc,phases      ] GC(312) Adjust Roots 0.276ms
[124.270s][info][gc,phases,start] GC(312) Compaction Phase
[124.545s][info][gc,phases      ] GC(312) Compaction Phase 274.252ms
[124.545s][info][gc,phases,start] GC(312) Post Compact
[124.551s][info][gc,phases      ] GC(312) Post Compact 6.247ms
[124.551s][info][gc,heap        ] GC(312) PSYoungGen: 53331K(221184K)->53331K(221184K) Eden: 48127K(48128K)->48127K(48128K) From: 5203K(173056K)->5203K(173056K)
[124.551s][info][gc,heap        ] GC(312) ParOldGen: 3276799K(3276800K)->3276799K(3276800K)
[124.551s][info][gc,metaspace   ] GC(312) Metaspace: 6300K(6464K)->6300K(6464K) NonClass: 5767K(5824K)->5767K(5824K) Class: 532K(640K)->532K(640K)
[124.551s][info][gc             ] GC(312) Pause Full (Allocation Failure) 3252M->3252M(3416M) 1051.615ms
[124.551s][info][gc,cpu         ] GC(312) User=7.53s Sys=0.00s Real=1.05s
[124.552s][info][gc,start       ] GC(313) Pause Full (Ergonomics)
[124.552s][info][gc,phases,start] GC(313) Marking Phase
[125.331s][info][gc,phases      ] GC(313) Marking Phase 779.007ms
[125.331s][info][gc,phases,start] GC(313) Summary Phase
[125.331s][info][gc,phases      ] GC(313) Summary Phase 0.044ms
[125.331s][info][gc,phases,start] GC(313) Adjust Roots
[125.331s][info][gc,phases      ] GC(313) Adjust Roots 0.275ms
[125.331s][info][gc,phases,start] GC(313) Compaction Phase
[126.180s][info][gc,phases      ] GC(313) Compaction Phase 849.055ms
[126.180s][info][gc,phases,start] GC(313) Post Compact
[126.187s][info][gc,phases      ] GC(313) Post Compact 6.976ms
[126.187s][info][gc,heap        ] GC(313) PSYoungGen: 53331K(221184K)->53331K(221184K) Eden: 48127K(48128K)->48127K(48128K) From: 5203K(173056K)->5203K(173056K)
[126.187s][info][gc,heap        ] GC(313) ParOldGen: 3276799K(3276800K)->3276798K(3276800K)
[126.187s][info][gc,metaspace   ] GC(313) Metaspace: 6300K(6464K)->6300K(6464K) NonClass: 5767K(5824K)->5767K(5824K) Class: 532K(640K)->532K(640K)
[126.187s][info][gc             ] GC(313) Pause Full (Ergonomics) 3252M->3252M(3416M) 1635.771ms
[126.187s][info][gc,cpu         ] GC(313) User=10.83s Sys=0.03s Real=1.64s
[126.188s][info][gc,start       ] GC(314) Pause Full (Ergonomics)
[126.188s][info][gc,phases,start] GC(314) Marking Phase
[126.967s][info][gc,phases      ] GC(314) Marking Phase 778.162ms
[126.967s][info][gc,phases,start] GC(314) Summary Phase
[126.967s][info][gc,phases      ] GC(314) Summary Phase 0.066ms
[126.967s][info][gc,phases,start] GC(314) Adjust Roots
[126.967s][info][gc,phases      ] GC(314) Adjust Roots 0.373ms
[126.967s][info][gc,phases,start] GC(314) Compaction Phase
[127.825s][info][gc,phases      ] GC(314) Compaction Phase 857.617ms
[127.825s][info][gc,phases,start] GC(314) Post Compact
[127.832s][info][gc,phases      ] GC(314) Post Compact 7.021ms
[127.832s][info][gc,heap        ] GC(314) PSYoungGen: 53331K(221184K)->53331K(221184K) Eden: 48127K(48128K)->48127K(48128K) From: 5203K(173056K)->5203K(173056K)
[127.832s][info][gc,heap        ] GC(314) ParOldGen: 3276799K(3276800K)->3276797K(3276800K)
[127.832s][info][gc,metaspace   ] GC(314) Metaspace: 6301K(6464K)->6301K(6464K) NonClass: 5767K(5824K)->5767K(5824K) Class: 533K(640K)->533K(640K)
[127.832s][info][gc             ] GC(314) Pause Full (Ergonomics) 3252M->3252M(3416M) 1643.677ms
[127.832s][info][gc,cpu         ] GC(314) User=10.98s Sys=0.03s Real=1.64s
[127.832s][info][gc,start       ] GC(315) Pause Full (Ergonomics)
[127.833s][info][gc,phases,start] GC(315) Marking Phase
[128.603s][info][gc,phases      ] GC(315) Marking Phase 770.607ms
[128.603s][info][gc,phases,start] GC(315) Summary Phase
[128.603s][info][gc,phases      ] GC(315) Summary Phase 0.064ms
[128.603s][info][gc,phases,start] GC(315) Adjust Roots
[128.604s][info][gc,phases      ] GC(315) Adjust Roots 0.334ms
[128.604s][info][gc,phases,start] GC(315) Compaction Phase
[128.881s][info][gc,phases      ] GC(315) Compaction Phase 277.277ms
[128.881s][info][gc,phases,start] GC(315) Post Compact
[128.888s][info][gc,phases      ] GC(315) Post Compact 6.941ms
[128.888s][info][gc,heap        ] GC(315) PSYoungGen: 53331K(221184K)->53331K(221184K) Eden: 48127K(48128K)->48127K(48128K) From: 5203K(173056K)->5203K(173056K)
[128.888s][info][gc,heap        ] GC(315) ParOldGen: 3276797K(3276800K)->3276797K(3276800K)
[128.888s][info][gc,metaspace   ] GC(315) Metaspace: 6301K(6464K)->6301K(6464K) NonClass: 5767K(5824K)->5767K(5824K) Class: 533K(640K)->533K(640K)
[128.888s][info][gc             ] GC(315) Pause Full (Ergonomics) 3252M->3252M(3416M) 1055.635ms
[128.888s][info][gc,cpu         ] GC(315) User=7.53s Sys=0.02s Real=1.06s
[128.889s][info][gc,heap,exit   ] Heap
[128.889s][info][gc,heap,exit   ]  PSYoungGen      total 221184K, used 53331K [0x000000079c000000, 0x00000007b5300000, 0x0000000800000000)
[128.889s][info][gc,heap,exit   ]   eden space 48128K, 99% used [0x000000079c000000,0x000000079eeffff8,0x000000079ef00000)
[128.889s][info][gc,heap,exit   ]   from space 173056K, 3% used [0x00000007a9e80000,0x00000007aa394cb0,0x00000007b4780000)
[128.889s][info][gc,heap,exit   ]   to   space 179200K, 0% used [0x000000079ef00000,0x000000079ef00000,0x00000007a9e00000)
[128.889s][info][gc,heap,exit   ]  ParOldGen       total 3276800K, used 3276797K [0x00000006d4000000, 0x000000079c000000, 0x000000079c000000)
[128.889s][info][gc,heap,exit   ]   object space 3276800K, 99% used [0x00000006d4000000,0x000000079bfff7e8,0x000000079c000000)
[128.889s][info][gc,heap,exit   ]  Metaspace       used 6304K, committed 6528K, reserved 1114112K
[128.889s][info][gc,heap,exit   ]   class space    used 534K, committed 640K, reserved 1048576K
