[0.011s][info][gc,init] CardTable entry size: 512
[0.011s][info][gc     ] Using Parallel
[0.012s][info][gc,init] Version: 18.0.1+10 (release)
[0.012s][info][gc,init] CPUs: 8 total, 8 available
[0.012s][info][gc,init] Memory: 16063M
[0.012s][info][gc,init] Large Page Support: Disabled
[0.012s][info][gc,init] NUMA Support: Disabled
[0.012s][info][gc,init] Compressed Oops: Enabled (Zero based)
[0.012s][info][gc,init] Alignments: Space 512K, Generation 512K, Heap 2M
[0.012s][info][gc,init] Heap Min Capacity: 2M
[0.012s][info][gc,init] Heap Initial Capacity: 2M
[0.012s][info][gc,init] Heap Max Capacity: 8600M
[0.013s][info][gc,init] Pre-touch: Disabled
[0.013s][info][gc,init] Parallel Workers: 8
[0.013s][info][gc,metaspace] CDS archive(s) not mapped
[0.013s][info][gc,metaspace] Compressed class space mapped at: 0x0000000800000000-0x0000000840000000, reserved size: 1073741824
[0.013s][info][gc,metaspace] Narrow klass base: 0x0000000800000000, Narrow klass shift: 0, Narrow klass range: 0x40000000
[0.105s][info][gc,start    ] GC(0) Pause Young (Allocation Failure)
[0.106s][info][gc,heap     ] GC(0) PSYoungGen: 512K(1024K)->480K(1024K) Eden: 512K(512K)->0K(512K) From: 0K(512K)->480K(512K)
[0.106s][info][gc,heap     ] GC(0) ParOldGen: 0K(512K)->8K(512K)
[0.106s][info][gc,metaspace] GC(0) Metaspace: 4230K(4352K)->4230K(4352K) NonClass: 3909K(3968K)->3909K(3968K) Class: 321K(384K)->321K(384K)
[0.106s][info][gc          ] GC(0) Pause Young (Allocation Failure) 0M->0M(1M) 1.384ms
[0.106s][info][gc,cpu      ] GC(0) User=0.00s Sys=0.00s Real=0.00s
[0.164s][info][gc,start    ] GC(1) Pause Young (Allocation Failure)
[0.164s][info][gc,heap     ] GC(1) PSYoungGen: 991K(1024K)->512K(1536K) Eden: 511K(512K)->0K(1024K) From: 480K(512K)->512K(512K)
[0.164s][info][gc,heap     ] GC(1) ParOldGen: 8K(512K)->96K(512K)
[0.165s][info][gc,metaspace] GC(1) Metaspace: 5878K(6016K)->5878K(6016K) NonClass: 5381K(5504K)->5381K(5504K) Class: 496K(512K)->496K(512K)
[0.165s][info][gc          ] GC(1) Pause Young (Allocation Failure) 0M->0M(2M) 0.922ms
[0.165s][info][gc,cpu      ] GC(1) User=0.00s Sys=0.00s Real=0.00s
[0.183s][info][gc,start    ] GC(2) Pause Young (Allocation Failure)
[0.184s][info][gc,heap     ] GC(2) PSYoungGen: 1536K(1536K)->512K(1536K) Eden: 1024K(1024K)->0K(1024K) From: 512K(512K)->512K(512K)
[0.184s][info][gc,heap     ] GC(2) ParOldGen: 96K(512K)->520K(1024K)
[0.184s][info][gc,metaspace] GC(2) Metaspace: 6296K(6464K)->6296K(6464K) NonClass: 5763K(5824K)->5763K(5824K) Class: 533K(640K)->533K(640K)
[0.184s][info][gc          ] GC(2) Pause Young (Allocation Failure) 1M->1M(2M) 1.083ms
[0.184s][info][gc,cpu      ] GC(2) User=0.00s Sys=0.00s Real=0.00s
[0.185s][info][gc,start    ] GC(3) Pause Young (Allocation Failure)
[0.187s][info][gc,heap     ] GC(3) PSYoungGen: 1536K(1536K)->480K(2560K) Eden: 1024K(1024K)->0K(2048K) From: 512K(512K)->480K(512K)
[0.187s][info][gc,heap     ] GC(3) ParOldGen: 520K(1024K)->1072K(1536K)
[0.187s][info][gc,metaspace] GC(3) Metaspace: 6296K(6464K)->6296K(6464K) NonClass: 5763K(5824K)->5763K(5824K) Class: 533K(640K)->533K(640K)
[0.187s][info][gc          ] GC(3) Pause Young (Allocation Failure) 2M->1M(4M) 1.347ms
[0.187s][info][gc,cpu      ] GC(3) User=0.00s Sys=0.00s Real=0.00s
[0.187s][info][gc,start    ] GC(4) Pause Full (Ergonomics)
[0.187s][info][gc,phases,start] GC(4) Marking Phase
[0.188s][info][gc,phases      ] GC(4) Marking Phase 1.074ms
[0.188s][info][gc,phases,start] GC(4) Summary Phase
[0.188s][info][gc,phases      ] GC(4) Summary Phase 0.015ms
[0.188s][info][gc,phases,start] GC(4) Adjust Roots
[0.188s][info][gc,phases      ] GC(4) Adjust Roots 0.320ms
[0.188s][info][gc,phases,start] GC(4) Compaction Phase
[0.190s][info][gc,phases      ] GC(4) Compaction Phase 2.104ms
[0.190s][info][gc,phases,start] GC(4) Post Compact
[0.190s][info][gc,phases      ] GC(4) Post Compact 0.076ms
[0.190s][info][gc,heap        ] GC(4) PSYoungGen: 480K(2560K)->0K(2560K) Eden: 0K(2048K)->0K(2048K) From: 480K(512K)->0K(512K)
[0.191s][info][gc,heap        ] GC(4) ParOldGen: 1072K(1536K)->1496K(3584K)
[0.191s][info][gc,metaspace   ] GC(4) Metaspace: 6296K(6464K)->6296K(6464K) NonClass: 5763K(5824K)->5763K(5824K) Class: 533K(640K)->533K(640K)
[0.191s][info][gc             ] GC(4) Pause Full (Ergonomics) 1M->1M(6M) 3.939ms
[0.191s][info][gc,cpu         ] GC(4) User=0.00s Sys=0.00s Real=0.00s
[0.193s][info][gc,start       ] GC(5) Pause Young (Allocation Failure)
[0.194s][info][gc,heap        ] GC(5) PSYoungGen: 2048K(2560K)->480K(3584K) Eden: 2048K(2048K)->0K(3072K) From: 0K(512K)->480K(512K)
[0.195s][info][gc,heap        ] GC(5) ParOldGen: 1496K(3584K)->2112K(3584K)
[0.195s][info][gc,metaspace   ] GC(5) Metaspace: 6296K(6464K)->6296K(6464K) NonClass: 5763K(5824K)->5763K(5824K) Class: 533K(640K)->533K(640K)
[0.195s][info][gc             ] GC(5) Pause Young (Allocation Failure) 3M->2M(7M) 1.134ms
[0.195s][info][gc,cpu         ] GC(5) User=0.00s Sys=0.00s Real=0.00s
[0.199s][info][gc,start       ] GC(6) Pause Young (Allocation Failure)
[0.201s][info][gc,heap        ] GC(6) PSYoungGen: 3552K(3584K)->1504K(4608K) Eden: 3072K(3072K)->0K(3072K) From: 480K(512K)->1504K(1536K)
[0.201s][info][gc,heap        ] GC(6) ParOldGen: 2112K(3584K)->2680K(3584K)
[0.201s][info][gc,metaspace   ] GC(6) Metaspace: 6296K(6464K)->6296K(6464K) NonClass: 5763K(5824K)->5763K(5824K) Class: 533K(640K)->533K(640K)
[0.201s][info][gc             ] GC(6) Pause Young (Allocation Failure) 5M->4M(8M) 2.260ms
[0.201s][info][gc,cpu         ] GC(6) User=0.00s Sys=0.00s Real=0.00s
[0.205s][info][gc,start       ] GC(7) Pause Young (Allocation Failure)
[0.208s][info][gc,heap        ] GC(7) PSYoungGen: 4576K(4608K)->2016K(7168K) Eden: 3072K(3072K)->0K(5120K) From: 1504K(1536K)->2016K(2048K)
[0.208s][info][gc,heap        ] GC(7) ParOldGen: 2680K(3584K)->3776K(4096K)
[0.208s][info][gc,metaspace   ] GC(7) Metaspace: 6296K(6464K)->6296K(6464K) NonClass: 5763K(5824K)->5763K(5824K) Class: 533K(640K)->533K(640K)
[0.208s][info][gc             ] GC(7) Pause Young (Allocation Failure) 7M->5M(11M) 2.848ms
[0.208s][info][gc,cpu         ] GC(7) User=0.00s Sys=0.00s Real=0.00s
[0.208s][info][gc,start       ] GC(8) Pause Full (Ergonomics)
[0.208s][info][gc,phases,start] GC(8) Marking Phase
[0.211s][info][gc,phases      ] GC(8) Marking Phase 2.670ms
[0.211s][info][gc,phases,start] GC(8) Summary Phase
[0.211s][info][gc,phases      ] GC(8) Summary Phase 0.016ms
[0.211s][info][gc,phases,start] GC(8) Adjust Roots
[0.211s][info][gc,phases      ] GC(8) Adjust Roots 0.312ms
[0.211s][info][gc,phases,start] GC(8) Compaction Phase
[0.215s][info][gc,phases      ] GC(8) Compaction Phase 3.528ms
[0.215s][info][gc,phases,start] GC(8) Post Compact
[0.215s][info][gc,phases      ] GC(8) Post Compact 0.036ms
[0.215s][info][gc,heap        ] GC(8) PSYoungGen: 2016K(7168K)->2012K(7168K) Eden: 0K(5120K)->0K(5120K) From: 2016K(2048K)->2012K(2048K)
[0.215s][info][gc,heap        ] GC(8) ParOldGen: 3776K(4096K)->3682K(6656K)
[0.215s][info][gc,metaspace   ] GC(8) Metaspace: 6296K(6464K)->6296K(6464K) NonClass: 5763K(5824K)->5763K(5824K) Class: 533K(640K)->533K(640K)
[0.215s][info][gc             ] GC(8) Pause Full (Ergonomics) 5M->5M(13M) 6.861ms
[0.215s][info][gc,cpu         ] GC(8) User=0.00s Sys=0.00s Real=0.01s
[0.222s][info][gc,start       ] GC(9) Pause Young (Allocation Failure)
[0.227s][info][gc,heap        ] GC(9) PSYoungGen: 7132K(7168K)->3040K(8192K) Eden: 5120K(5120K)->0K(5120K) From: 2012K(2048K)->3040K(3072K)
[0.227s][info][gc,heap        ] GC(9) ParOldGen: 3682K(6656K)->5330K(6656K)
[0.227s][info][gc,metaspace   ] GC(9) Metaspace: 6296K(6464K)->6296K(6464K) NonClass: 5763K(5824K)->5763K(5824K) Class: 533K(640K)->533K(640K)
[0.227s][info][gc             ] GC(9) Pause Young (Allocation Failure) 10M->8M(14M) 4.504ms
[0.227s][info][gc,cpu         ] GC(9) User=0.02s Sys=0.00s Real=0.00s
[0.227s][info][gc,start       ] GC(10) Pause Full (Ergonomics)
[0.227s][info][gc,phases,start] GC(10) Marking Phase
[0.231s][info][gc,phases      ] GC(10) Marking Phase 4.338ms
[0.231s][info][gc,phases,start] GC(10) Summary Phase
[0.231s][info][gc,phases      ] GC(10) Summary Phase 0.016ms
[0.231s][info][gc,phases,start] GC(10) Adjust Roots
[0.231s][info][gc,phases      ] GC(10) Adjust Roots 0.191ms
[0.231s][info][gc,phases,start] GC(10) Compaction Phase
[0.235s][info][gc,phases      ] GC(10) Compaction Phase 3.158ms
[0.235s][info][gc,phases,start] GC(10) Post Compact
[0.235s][info][gc,phases      ] GC(10) Post Compact 0.068ms
[0.235s][info][gc,heap        ] GC(10) PSYoungGen: 3040K(8192K)->2012K(8192K) Eden: 0K(5120K)->0K(5120K) From: 3040K(3072K)->2012K(3072K)
[0.235s][info][gc,heap        ] GC(10) ParOldGen: 5330K(6656K)->6318K(10752K)
[0.235s][info][gc,metaspace   ] GC(10) Metaspace: 6296K(6464K)->6296K(6464K) NonClass: 5763K(5824K)->5763K(5824K) Class: 533K(640K)->533K(640K)
[0.235s][info][gc             ] GC(10) Pause Full (Ergonomics) 8M->8M(18M) 8.182ms
[0.235s][info][gc,cpu         ] GC(10) User=0.00s Sys=0.00s Real=0.01s
[0.241s][info][gc,start       ] GC(11) Pause Young (Allocation Failure)
[0.245s][info][gc,heap        ] GC(11) PSYoungGen: 7132K(8192K)->4160K(10752K) Eden: 5120K(5120K)->0K(6144K) From: 2012K(3072K)->4160K(4608K)
[0.245s][info][gc,heap        ] GC(11) ParOldGen: 6318K(10752K)->6846K(10752K)
[0.245s][info][gc,metaspace   ] GC(11) Metaspace: 6296K(6464K)->6296K(6464K) NonClass: 5763K(5824K)->5763K(5824K) Class: 533K(640K)->533K(640K)
[0.245s][info][gc             ] GC(11) Pause Young (Allocation Failure) 13M->10M(21M) 4.791ms
[0.245s][info][gc,cpu         ] GC(11) User=0.00s Sys=0.00s Real=0.01s
[0.253s][info][gc,start       ] GC(12) Pause Young (Allocation Failure)
[0.258s][info][gc,heap        ] GC(12) PSYoungGen: 10304K(10752K)->5088K(11264K) Eden: 6144K(6144K)->0K(6144K) From: 4160K(4608K)->5088K(5120K)
[0.258s][info][gc,heap        ] GC(12) ParOldGen: 6846K(10752K)->9366K(10752K)
[0.258s][info][gc,metaspace   ] GC(12) Metaspace: 6296K(6464K)->6296K(6464K) NonClass: 5763K(5824K)->5763K(5824K) Class: 533K(640K)->533K(640K)
[0.258s][info][gc             ] GC(12) Pause Young (Allocation Failure) 16M->14M(21M) 5.707ms
[0.258s][info][gc,cpu         ] GC(12) User=0.00s Sys=0.00s Real=0.01s
[0.258s][info][gc,start       ] GC(13) Pause Full (Ergonomics)
[0.258s][info][gc,phases,start] GC(13) Marking Phase
[0.265s][info][gc,phases      ] GC(13) Marking Phase 6.309ms
[0.265s][info][gc,phases,start] GC(13) Summary Phase
[0.265s][info][gc,phases      ] GC(13) Summary Phase 0.017ms
[0.265s][info][gc,phases,start] GC(13) Adjust Roots
[0.265s][info][gc,phases      ] GC(13) Adjust Roots 0.168ms
[0.265s][info][gc,phases,start] GC(13) Compaction Phase
[0.271s][info][gc,phases      ] GC(13) Compaction Phase 6.132ms
[0.271s][info][gc,phases,start] GC(13) Post Compact
[0.271s][info][gc,phases      ] GC(13) Post Compact 0.068ms
[0.271s][info][gc,heap        ] GC(13) PSYoungGen: 5088K(11264K)->3545K(11264K) Eden: 0K(6144K)->0K(6144K) From: 5088K(5120K)->3545K(5120K)
[0.271s][info][gc,heap        ] GC(13) ParOldGen: 9366K(10752K)->10585K(16384K)
[0.271s][info][gc,metaspace   ] GC(13) Metaspace: 6296K(6464K)->6296K(6464K) NonClass: 5763K(5824K)->5763K(5824K) Class: 533K(640K)->533K(640K)
[0.271s][info][gc             ] GC(13) Pause Full (Ergonomics) 14M->13M(27M) 12.959ms
[0.271s][info][gc,cpu         ] GC(13) User=0.00s Sys=0.00s Real=0.01s
[0.276s][info][gc,start       ] GC(14) Pause Young (Allocation Failure)
[0.282s][info][gc,heap        ] GC(14) PSYoungGen: 9689K(11264K)->4608K(15872K) Eden: 6144K(6144K)->0K(8704K) From: 3545K(5120K)->4608K(7168K)
[0.282s][info][gc,heap        ] GC(14) ParOldGen: 10585K(16384K)->12729K(16384K)
[0.282s][info][gc,metaspace   ] GC(14) Metaspace: 6298K(6464K)->6298K(6464K) NonClass: 5765K(5824K)->5765K(5824K) Class: 533K(640K)->533K(640K)
[0.282s][info][gc             ] GC(14) Pause Young (Allocation Failure) 19M->16M(31M) 5.684ms
[0.282s][info][gc,cpu         ] GC(14) User=0.00s Sys=0.00s Real=0.01s
[0.287s][info][gc,start       ] GC(15) Pause Young (Allocation Failure)
[0.294s][info][gc,heap        ] GC(15) PSYoungGen: 13312K(15872K)->7168K(15872K) Eden: 8704K(8704K)->0K(8704K) From: 4608K(7168K)->7168K(7168K)
[0.294s][info][gc,heap        ] GC(15) ParOldGen: 12729K(16384K)->14689K(16384K)
[0.294s][info][gc,metaspace   ] GC(15) Metaspace: 6298K(6464K)->6298K(6464K) NonClass: 5765K(5824K)->5765K(5824K) Class: 533K(640K)->533K(640K)
[0.294s][info][gc             ] GC(15) Pause Young (Allocation Failure) 25M->21M(31M) 6.997ms
[0.294s][info][gc,cpu         ] GC(15) User=0.00s Sys=0.00s Real=0.01s
[0.294s][info][gc,start       ] GC(16) Pause Full (Ergonomics)
[0.294s][info][gc,phases,start] GC(16) Marking Phase
[0.304s][info][gc,phases      ] GC(16) Marking Phase 9.687ms
[0.304s][info][gc,phases,start] GC(16) Summary Phase
[0.304s][info][gc,phases      ] GC(16) Summary Phase 0.014ms
[0.304s][info][gc,phases,start] GC(16) Adjust Roots
[0.304s][info][gc,phases      ] GC(16) Adjust Roots 0.296ms
[0.304s][info][gc,phases,start] GC(16) Compaction Phase
[0.312s][info][gc,phases      ] GC(16) Compaction Phase 7.431ms
[0.312s][info][gc,phases,start] GC(16) Post Compact
[0.312s][info][gc,phases      ] GC(16) Post Compact 0.121ms
[0.312s][info][gc,heap        ] GC(16) PSYoungGen: 7168K(15872K)->5620K(15872K) Eden: 0K(8704K)->0K(8704K) From: 7168K(7168K)->5620K(7168K)
[0.312s][info][gc,heap        ] GC(16) ParOldGen: 14689K(16384K)->16144K(23552K)
[0.312s][info][gc,metaspace   ] GC(16) Metaspace: 6298K(6464K)->6298K(6464K) NonClass: 5765K(5824K)->5765K(5824K) Class: 533K(640K)->533K(640K)
[0.312s][info][gc             ] GC(16) Pause Full (Ergonomics) 21M->21M(38M) 17.881ms
[0.312s][info][gc,cpu         ] GC(16) User=0.00s Sys=0.00s Real=0.02s
[0.320s][info][gc,start       ] GC(17) Pause Young (Allocation Failure)
[0.329s][info][gc,heap        ] GC(17) PSYoungGen: 14324K(15872K)->5024K(20992K) Eden: 8704K(8704K)->0K(11776K) From: 5620K(7168K)->5024K(9216K)
[0.329s][info][gc,heap        ] GC(17) ParOldGen: 16144K(23552K)->21864K(23552K)
[0.329s][info][gc,metaspace   ] GC(17) Metaspace: 6298K(6464K)->6298K(6464K) NonClass: 5765K(5824K)->5765K(5824K) Class: 533K(640K)->533K(640K)
[0.329s][info][gc             ] GC(17) Pause Young (Allocation Failure) 29M->26M(43M) 9.153ms
[0.329s][info][gc,cpu         ] GC(17) User=0.00s Sys=0.00s Real=0.01s
[0.329s][info][gc,start       ] GC(18) Pause Full (Ergonomics)
[0.329s][info][gc,phases,start] GC(18) Marking Phase
[0.340s][info][gc,phases      ] GC(18) Marking Phase 11.190ms
[0.340s][info][gc,phases,start] GC(18) Summary Phase
[0.340s][info][gc,phases      ] GC(18) Summary Phase 0.024ms
[0.340s][info][gc,phases,start] GC(18) Adjust Roots
[0.340s][info][gc,phases      ] GC(18) Adjust Roots 0.198ms
[0.340s][info][gc,phases,start] GC(18) Compaction Phase
[0.350s][info][gc,phases      ] GC(18) Compaction Phase 9.490ms
[0.350s][info][gc,phases,start] GC(18) Post Compact
[0.350s][info][gc,phases      ] GC(18) Post Compact 0.120ms
[0.350s][info][gc,heap        ] GC(18) PSYoungGen: 5024K(20992K)->2945K(20992K) Eden: 0K(11776K)->0K(11776K) From: 5024K(9216K)->2945K(9216K)
[0.350s][info][gc,heap        ] GC(18) ParOldGen: 21864K(23552K)->23299K(33792K)
[0.350s][info][gc,metaspace   ] GC(18) Metaspace: 6298K(6464K)->6298K(6464K) NonClass: 5765K(5824K)->5765K(5824K) Class: 533K(640K)->533K(640K)
[0.350s][info][gc             ] GC(18) Pause Full (Ergonomics) 26M->25M(53M) 21.403ms
[0.350s][info][gc,cpu         ] GC(18) User=0.00s Sys=0.02s Real=0.02s
[0.357s][info][gc,start       ] GC(19) Pause Young (Allocation Failure)
[0.366s][info][gc,heap        ] GC(19) PSYoungGen: 14721K(20992K)->6144K(20992K) Eden: 11776K(11776K)->0K(11776K) From: 2945K(9216K)->6144K(9216K)
[0.366s][info][gc,heap        ] GC(19) ParOldGen: 23299K(33792K)->26299K(33792K)
[0.366s][info][gc,metaspace   ] GC(19) Metaspace: 6298K(6464K)->6298K(6464K) NonClass: 5765K(5824K)->5765K(5824K) Class: 533K(640K)->533K(640K)
[0.366s][info][gc             ] GC(19) Pause Young (Allocation Failure) 37M->31M(53M) 8.573ms
[0.366s][info][gc,cpu         ] GC(19) User=0.00s Sys=0.00s Real=0.01s
[0.378s][info][gc,start       ] GC(20) Pause Young (Allocation Failure)
[0.392s][info][gc,heap        ] GC(20) PSYoungGen: 17920K(20992K)->9728K(20480K) Eden: 11776K(11776K)->0K(10752K) From: 6144K(9216K)->9728K(9728K)
[0.392s][info][gc,heap        ] GC(20) ParOldGen: 26299K(33792K)->33851K(34304K)
[0.392s][info][gc,metaspace   ] GC(20) Metaspace: 6298K(6464K)->6298K(6464K) NonClass: 5765K(5824K)->5765K(5824K) Class: 533K(640K)->533K(640K)
[0.392s][info][gc             ] GC(20) Pause Young (Allocation Failure) 43M->42M(53M) 13.728ms
[0.392s][info][gc,cpu         ] GC(20) User=0.00s Sys=0.00s Real=0.01s
[0.392s][info][gc,start       ] GC(21) Pause Full (Ergonomics)
[0.392s][info][gc,phases,start] GC(21) Marking Phase
[0.409s][info][gc,phases      ] GC(21) Marking Phase 17.347ms
[0.409s][info][gc,phases,start] GC(21) Summary Phase
[0.409s][info][gc,phases      ] GC(21) Summary Phase 0.014ms
[0.409s][info][gc,phases,start] GC(21) Adjust Roots
[0.410s][info][gc,phases      ] GC(21) Adjust Roots 0.154ms
[0.410s][info][gc,phases,start] GC(21) Compaction Phase
[0.424s][info][gc,phases      ] GC(21) Compaction Phase 14.068ms
[0.424s][info][gc,phases,start] GC(21) Post Compact
[0.424s][info][gc,phases      ] GC(21) Post Compact 0.287ms
[0.424s][info][gc,heap        ] GC(21) PSYoungGen: 9728K(20480K)->9197K(20480K) Eden: 0K(10752K)->0K(10752K) From: 9728K(9728K)->9197K(9728K)
[0.424s][info][gc,heap        ] GC(21) ParOldGen: 33851K(34304K)->34184K(48640K)
[0.424s][info][gc,metaspace   ] GC(21) Metaspace: 6298K(6464K)->6298K(6464K) NonClass: 5765K(5824K)->5765K(5824K) Class: 533K(640K)->533K(640K)
[0.424s][info][gc             ] GC(21) Pause Full (Ergonomics) 42M->42M(67M) 32.260ms
[0.424s][info][gc,cpu         ] GC(21) User=0.03s Sys=0.00s Real=0.03s
[0.437s][info][gc,start       ] GC(22) Pause Young (Allocation Failure)
[0.452s][info][gc,heap        ] GC(22) PSYoungGen: 19949K(20480K)->10784K(25088K) Eden: 10752K(10752K)->0K(10752K) From: 9197K(9728K)->10784K(14336K)
[0.452s][info][gc,heap        ] GC(22) ParOldGen: 34184K(48640K)->43536K(48640K)
[0.452s][info][gc,metaspace   ] GC(22) Metaspace: 6298K(6464K)->6298K(6464K) NonClass: 5765K(5824K)->5765K(5824K) Class: 533K(640K)->533K(640K)
[0.452s][info][gc             ] GC(22) Pause Young (Allocation Failure) 52M->53M(72M) 14.918ms
[0.452s][info][gc,cpu         ] GC(22) User=0.00s Sys=0.00s Real=0.01s
[0.452s][info][gc,start       ] GC(23) Pause Full (Ergonomics)
[0.452s][info][gc,phases,start] GC(23) Marking Phase
[0.473s][info][gc,phases      ] GC(23) Marking Phase 20.737ms
[0.473s][info][gc,phases,start] GC(23) Summary Phase
[0.473s][info][gc,phases      ] GC(23) Summary Phase 0.015ms
[0.473s][info][gc,phases,start] GC(23) Adjust Roots
[0.473s][info][gc,phases      ] GC(23) Adjust Roots 0.176ms
[0.473s][info][gc,phases,start] GC(23) Compaction Phase
[0.489s][info][gc,phases      ] GC(23) Compaction Phase 15.986ms
[0.490s][info][gc,phases,start] GC(23) Post Compact
[0.490s][info][gc,phases      ] GC(23) Post Compact 0.193ms
[0.490s][info][gc,heap        ] GC(23) PSYoungGen: 10784K(25088K)->4591K(25088K) Eden: 0K(10752K)->0K(10752K) From: 10784K(14336K)->4591K(14336K)
[0.490s][info][gc,heap        ] GC(23) ParOldGen: 43536K(48640K)->48494K(66560K)
[0.490s][info][gc,metaspace   ] GC(23) Metaspace: 6298K(6464K)->6298K(6464K) NonClass: 5765K(5824K)->5765K(5824K) Class: 533K(640K)->533K(640K)
[0.490s][info][gc             ] GC(23) Pause Full (Ergonomics) 53M->51M(89M) 37.529ms
[0.490s][info][gc,cpu         ] GC(23) User=0.03s Sys=0.00s Real=0.04s
[0.500s][info][gc,start       ] GC(24) Pause Young (Allocation Failure)
[0.515s][info][gc,heap        ] GC(24) PSYoungGen: 15343K(25088K)->15360K(25600K) Eden: 10752K(10752K)->0K(10240K) From: 4591K(14336K)->15360K(15360K)
[0.515s][info][gc,heap        ] GC(24) ParOldGen: 48494K(66560K)->48494K(66560K)
[0.515s][info][gc,metaspace   ] GC(24) Metaspace: 6298K(6464K)->6298K(6464K) NonClass: 5765K(5824K)->5765K(5824K) Class: 533K(640K)->533K(640K)
[0.515s][info][gc             ] GC(24) Pause Young (Allocation Failure) 62M->62M(90M) 14.549ms
[0.515s][info][gc,cpu         ] GC(24) User=0.00s Sys=0.00s Real=0.02s
[0.525s][info][gc,start       ] GC(25) Pause Young (Allocation Failure)
[0.542s][info][gc,heap        ] GC(25) PSYoungGen: 25600K(25600K)->17920K(28160K) Eden: 10240K(10240K)->0K(10240K) From: 15360K(15360K)->17920K(17920K)
[0.542s][info][gc,heap        ] GC(25) ParOldGen: 48494K(66560K)->56254K(66560K)
[0.542s][info][gc,metaspace   ] GC(25) Metaspace: 6298K(6464K)->6298K(6464K) NonClass: 5765K(5824K)->5765K(5824K) Class: 533K(640K)->533K(640K)
[0.542s][info][gc             ] GC(25) Pause Young (Allocation Failure) 72M->72M(92M) 16.740ms
[0.542s][info][gc,cpu         ] GC(25) User=0.00s Sys=0.02s Real=0.02s
[0.552s][info][gc,start       ] GC(26) Pause Young (Allocation Failure)
[0.572s][info][gc,heap        ] GC(26) PSYoungGen: 28160K(28160K)->17504K(34816K) Eden: 10240K(10240K)->0K(10752K) From: 17920K(17920K)->17504K(24064K)
[0.572s][info][gc,heap        ] GC(26) ParOldGen: 56254K(66560K)->67086K(67584K)
[0.572s][info][gc,metaspace   ] GC(26) Metaspace: 6298K(6464K)->6298K(6464K) NonClass: 5765K(5824K)->5765K(5824K) Class: 533K(640K)->533K(640K)
[0.572s][info][gc             ] GC(26) Pause Young (Allocation Failure) 82M->82M(100M) 19.779ms
[0.572s][info][gc,cpu         ] GC(26) User=0.03s Sys=0.00s Real=0.02s
[0.572s][info][gc,start       ] GC(27) Pause Full (Ergonomics)
[0.572s][info][gc,phases,start] GC(27) Marking Phase
[0.604s][info][gc,phases      ] GC(27) Marking Phase 32.241ms
[0.604s][info][gc,phases,start] GC(27) Summary Phase
[0.604s][info][gc,phases      ] GC(27) Summary Phase 0.018ms
[0.604s][info][gc,phases,start] GC(27) Adjust Roots
[0.605s][info][gc,phases      ] GC(27) Adjust Roots 0.158ms
[0.605s][info][gc,phases,start] GC(27) Compaction Phase
[0.630s][info][gc,phases      ] GC(27) Compaction Phase 25.803ms
[0.630s][info][gc,phases,start] GC(27) Post Compact
[0.631s][info][gc,phases      ] GC(27) Post Compact 0.361ms
[0.631s][info][gc,heap        ] GC(27) PSYoungGen: 17504K(34816K)->16927K(34816K) Eden: 0K(10752K)->0K(10752K) From: 17504K(24064K)->16927K(24064K)
[0.631s][info][gc,heap        ] GC(27) ParOldGen: 67086K(67584K)->67292K(90112K)
[0.631s][info][gc,metaspace   ] GC(27) Metaspace: 6298K(6464K)->6298K(6464K) NonClass: 5765K(5824K)->5765K(5824K) Class: 533K(640K)->533K(640K)
[0.631s][info][gc             ] GC(27) Pause Full (Ergonomics) 82M->82M(122M) 58.979ms
[0.631s][info][gc,cpu         ] GC(27) User=0.06s Sys=0.00s Real=0.06s
[0.651s][info][gc,start       ] GC(28) Pause Young (Allocation Failure)
[0.672s][info][gc,heap        ] GC(28) PSYoungGen: 27679K(34816K)->20768K(36352K) Eden: 10752K(10752K)->0K(10752K) From: 16927K(24064K)->20768K(25600K)
[0.672s][info][gc,heap        ] GC(28) ParOldGen: 67292K(90112K)->74380K(90112K)
[0.672s][info][gc,metaspace   ] GC(28) Metaspace: 6298K(6464K)->6298K(6464K) NonClass: 5765K(5824K)->5765K(5824K) Class: 533K(640K)->533K(640K)
[0.672s][info][gc             ] GC(28) Pause Young (Allocation Failure) 92M->92M(123M) 20.869ms
[0.672s][info][gc,cpu         ] GC(28) User=0.03s Sys=0.00s Real=0.02s
[0.681s][info][gc,start       ] GC(29) Pause Young (Allocation Failure)
[0.699s][info][gc,heap        ] GC(29) PSYoungGen: 31520K(36352K)->28128K(35328K) Eden: 10752K(10752K)->0K(7168K) From: 20768K(25600K)->28128K(28160K)
[0.699s][info][gc,heap        ] GC(29) ParOldGen: 74380K(90112K)->77764K(90112K)
[0.699s][info][gc,metaspace   ] GC(29) Metaspace: 6298K(6464K)->6298K(6464K) NonClass: 5765K(5824K)->5765K(5824K) Class: 533K(640K)->533K(640K)
[0.699s][info][gc             ] GC(29) Pause Young (Allocation Failure) 103M->103M(122M) 18.437ms
[0.699s][info][gc,cpu         ] GC(29) User=0.02s Sys=0.02s Real=0.02s
[0.706s][info][gc,start       ] GC(30) Pause Young (Allocation Failure)
[0.725s][info][gc,heap        ] GC(30) PSYoungGen: 35296K(35328K)->16096K(41472K) Eden: 7168K(7168K)->0K(7168K) From: 28128K(28160K)->16096K(34304K)
[0.725s][info][gc,heap        ] GC(30) ParOldGen: 77764K(90112K)->97204K(97280K)
[0.725s][info][gc,metaspace   ] GC(30) Metaspace: 6298K(6464K)->6298K(6464K) NonClass: 5765K(5824K)->5765K(5824K) Class: 533K(640K)->533K(640K)
[0.725s][info][gc             ] GC(30) Pause Young (Allocation Failure) 110M->110M(135M) 19.402ms
[0.725s][info][gc,cpu         ] GC(30) User=0.00s Sys=0.00s Real=0.02s
[0.725s][info][gc,start       ] GC(31) Pause Full (Ergonomics)
[0.725s][info][gc,phases,start] GC(31) Marking Phase
[0.754s][info][gc,phases      ] GC(31) Marking Phase 28.716ms
[0.754s][info][gc,phases,start] GC(31) Summary Phase
[0.754s][info][gc,phases      ] GC(31) Summary Phase 0.015ms
[0.754s][info][gc,phases,start] GC(31) Adjust Roots
[0.754s][info][gc,phases      ] GC(31) Adjust Roots 0.144ms
[0.754s][info][gc,phases,start] GC(31) Compaction Phase
[0.782s][info][gc,phases      ] GC(31) Compaction Phase 27.465ms
[0.782s][info][gc,phases,start] GC(31) Post Compact
[0.782s][info][gc,phases      ] GC(31) Post Compact 0.363ms
[0.782s][info][gc,heap        ] GC(31) PSYoungGen: 16096K(41472K)->13982K(41472K) Eden: 0K(7168K)->0K(7168K) From: 16096K(34304K)->13982K(34304K)
[0.782s][info][gc,heap        ] GC(31) ParOldGen: 97204K(97280K)->96772K(125952K)
[0.782s][info][gc,metaspace   ] GC(31) Metaspace: 6298K(6464K)->6298K(6464K) NonClass: 5765K(5824K)->5765K(5824K) Class: 533K(640K)->533K(640K)
[0.783s][info][gc             ] GC(31) Pause Full (Ergonomics) 110M->108M(163M) 57.078ms
[0.783s][info][gc,cpu         ] GC(31) User=0.08s Sys=0.00s Real=0.06s
[0.790s][info][gc,start       ] GC(32) Pause Young (Allocation Failure)
[0.809s][info][gc,heap        ] GC(32) PSYoungGen: 21150K(41472K)->7200K(40448K) Eden: 7168K(7168K)->0K(9216K) From: 13982K(34304K)->7200K(31232K)
[0.809s][info][gc,heap        ] GC(32) ParOldGen: 96772K(125952K)->110988K(125952K)
[0.809s][info][gc,metaspace   ] GC(32) Metaspace: 6298K(6464K)->6298K(6464K) NonClass: 5765K(5824K)->5765K(5824K) Class: 533K(640K)->533K(640K)
[0.809s][info][gc             ] GC(32) Pause Young (Allocation Failure) 115M->115M(162M) 19.156ms
[0.809s][info][gc,cpu         ] GC(32) User=0.05s Sys=0.00s Real=0.02s
[0.809s][info][gc,start       ] GC(33) Pause Full (Ergonomics)
[0.809s][info][gc,phases,start] GC(33) Marking Phase
[0.842s][info][gc,phases      ] GC(33) Marking Phase 32.883ms
[0.842s][info][gc,phases,start] GC(33) Summary Phase
[0.842s][info][gc,phases      ] GC(33) Summary Phase 0.016ms
[0.842s][info][gc,phases,start] GC(33) Adjust Roots
[0.842s][info][gc,phases      ] GC(33) Adjust Roots 0.150ms
[0.842s][info][gc,phases,start] GC(33) Compaction Phase
[0.858s][info][gc,phases      ] GC(33) Compaction Phase 15.633ms
[0.858s][info][gc,phases,start] GC(33) Post Compact
[0.859s][info][gc,phases      ] GC(33) Post Compact 0.630ms
[0.859s][info][gc,heap        ] GC(33) PSYoungGen: 7200K(40448K)->0K(41472K) Eden: 0K(9216K)->0K(9216K) From: 7200K(31232K)->0K(32256K)
[0.859s][info][gc,heap        ] GC(33) ParOldGen: 110988K(125952K)->117893K(151040K)
[0.859s][info][gc,metaspace   ] GC(33) Metaspace: 6298K(6464K)->6298K(6464K) NonClass: 5765K(5824K)->5765K(5824K) Class: 533K(640K)->533K(640K)
[0.859s][info][gc             ] GC(33) Pause Full (Ergonomics) 115M->115M(188M) 49.724ms
[0.859s][info][gc,cpu         ] GC(33) User=0.09s Sys=0.00s Real=0.05s
[0.868s][info][gc,start       ] GC(34) Pause Young (Allocation Failure)
[0.873s][info][gc,heap        ] GC(34) PSYoungGen: 9216K(41472K)->9248K(40448K) Eden: 9216K(9216K)->0K(11264K) From: 0K(32256K)->9248K(29184K)
[0.873s][info][gc,heap        ] GC(34) ParOldGen: 117893K(151040K)->117893K(151040K)
[0.873s][info][gc,metaspace   ] GC(34) Metaspace: 6298K(6464K)->6298K(6464K) NonClass: 5765K(5824K)->5765K(5824K) Class: 533K(640K)->533K(640K)
[0.873s][info][gc             ] GC(34) Pause Young (Allocation Failure) 124M->124M(187M) 5.681ms
[0.873s][info][gc,cpu         ] GC(34) User=0.00s Sys=0.00s Real=0.00s
[0.884s][info][gc,start       ] GC(35) Pause Young (Allocation Failure)
[0.894s][info][gc,heap        ] GC(35) PSYoungGen: 20512K(40448K)->20512K(41984K) Eden: 11264K(11264K)->0K(11264K) From: 9248K(29184K)->20512K(30720K)
[0.894s][info][gc,heap        ] GC(35) ParOldGen: 117893K(151040K)->117893K(151040K)
[0.894s][info][gc,metaspace   ] GC(35) Metaspace: 6298K(6464K)->6298K(6464K) NonClass: 5765K(5824K)->5765K(5824K) Class: 533K(640K)->533K(640K)
[0.894s][info][gc             ] GC(35) Pause Young (Allocation Failure) 135M->135M(188M) 10.784ms
[0.895s][info][gc,cpu         ] GC(35) User=0.00s Sys=0.00s Real=0.01s
[0.905s][info][gc,start       ] GC(36) Pause Young (Allocation Failure)
[0.920s][info][gc,heap        ] GC(36) PSYoungGen: 31776K(41984K)->31808K(40448K) Eden: 11264K(11264K)->0K(8192K) From: 20512K(30720K)->31808K(32256K)
[0.920s][info][gc,heap        ] GC(36) ParOldGen: 117893K(151040K)->117893K(151040K)
[0.920s][info][gc,metaspace   ] GC(36) Metaspace: 6298K(6464K)->6298K(6464K) NonClass: 5765K(5824K)->5765K(5824K) Class: 533K(640K)->533K(640K)
[0.920s][info][gc             ] GC(36) Pause Young (Allocation Failure) 146M->146M(187M) 14.766ms
[0.920s][info][gc,cpu         ] GC(36) User=0.00s Sys=0.00s Real=0.02s
[0.928s][info][gc,start       ] GC(37) Pause Young (Allocation Failure)
[0.945s][info][gc,heap        ] GC(37) PSYoungGen: 40000K(40448K)->30720K(45568K) Eden: 8192K(8192K)->0K(8192K) From: 31808K(32256K)->30720K(37376K)
[0.945s][info][gc,heap        ] GC(37) ParOldGen: 117893K(151040K)->127237K(151040K)
[0.945s][info][gc,metaspace   ] GC(37) Metaspace: 6298K(6464K)->6298K(6464K) NonClass: 5765K(5824K)->5765K(5824K) Class: 533K(640K)->533K(640K)
[0.945s][info][gc             ] GC(37) Pause Young (Allocation Failure) 154M->154M(192M) 17.000ms
[0.945s][info][gc,cpu         ] GC(37) User=0.03s Sys=0.00s Real=0.02s
[0.953s][info][gc,start       ] GC(38) Pause Young (Allocation Failure)
[0.970s][info][gc,heap        ] GC(38) PSYoungGen: 38912K(45568K)->27648K(49152K) Eden: 8192K(8192K)->0K(8192K) From: 30720K(37376K)->27648K(40960K)
[0.970s][info][gc,heap        ] GC(38) ParOldGen: 127237K(151040K)->138661K(151040K)
[0.970s][info][gc,metaspace   ] GC(38) Metaspace: 6298K(6464K)->6298K(6464K) NonClass: 5765K(5824K)->5765K(5824K) Class: 533K(640K)->533K(640K)
[0.970s][info][gc             ] GC(38) Pause Young (Allocation Failure) 162M->162M(195M) 17.165ms
[0.970s][info][gc,cpu         ] GC(38) User=0.02s Sys=0.00s Real=0.02s
[0.970s][info][gc,start       ] GC(39) Pause Full (Ergonomics)
[0.970s][info][gc,phases,start] GC(39) Marking Phase
[1.015s][info][gc,phases      ] GC(39) Marking Phase 44.559ms
[1.015s][info][gc,phases,start] GC(39) Summary Phase
[1.015s][info][gc,phases      ] GC(39) Summary Phase 0.018ms
[1.015s][info][gc,phases,start] GC(39) Adjust Roots
[1.015s][info][gc,phases      ] GC(39) Adjust Roots 0.155ms
[1.015s][info][gc,phases,start] GC(39) Compaction Phase
[1.039s][info][gc,phases      ] GC(39) Compaction Phase 23.440ms
[1.039s][info][gc,phases,start] GC(39) Post Compact
[1.039s][info][gc,phases      ] GC(39) Post Compact 0.764ms
[1.040s][info][gc,heap        ] GC(39) PSYoungGen: 27648K(49152K)->15284K(49152K) Eden: 0K(8192K)->0K(8192K) From: 27648K(40960K)->15284K(40960K)
[1.040s][info][gc,heap        ] GC(39) ParOldGen: 138661K(151040K)->150573K(185344K)
[1.040s][info][gc,metaspace   ] GC(39) Metaspace: 6298K(6464K)->6298K(6464K) NonClass: 5765K(5824K)->5765K(5824K) Class: 533K(640K)->533K(640K)
[1.040s][info][gc             ] GC(39) Pause Full (Ergonomics) 162M->161M(229M) 69.367ms
[1.040s][info][gc,cpu         ] GC(39) User=0.14s Sys=0.00s Real=0.07s
[1.048s][info][gc,start       ] GC(40) Pause Young (Allocation Failure)
[1.067s][info][gc,heap        ] GC(40) PSYoungGen: 23476K(49152K)->13056K(50688K) Eden: 8192K(8192K)->0K(8192K) From: 15284K(40960K)->13056K(42496K)
[1.067s][info][gc,heap        ] GC(40) ParOldGen: 150573K(185344K)->161229K(185344K)
[1.067s][info][gc,metaspace   ] GC(40) Metaspace: 6298K(6464K)->6298K(6464K) NonClass: 5765K(5824K)->5765K(5824K) Class: 533K(640K)->533K(640K)
[1.067s][info][gc             ] GC(40) Pause Young (Allocation Failure) 169M->170M(230M) 18.936ms
[1.067s][info][gc,cpu         ] GC(40) User=0.06s Sys=0.00s Real=0.02s
[1.100s][info][gc,start       ] GC(41) Pause Full (Ergonomics)
[1.100s][info][gc,phases,start] GC(41) Marking Phase
[1.146s][info][gc,phases      ] GC(41) Marking Phase 46.392ms
[1.146s][info][gc,phases,start] GC(41) Summary Phase
[1.146s][info][gc,phases      ] GC(41) Summary Phase 0.016ms
[1.146s][info][gc,phases,start] GC(41) Adjust Roots
[1.147s][info][gc,phases      ] GC(41) Adjust Roots 0.147ms
[1.147s][info][gc,phases,start] GC(41) Compaction Phase
[1.183s][info][gc,phases      ] GC(41) Compaction Phase 36.566ms
[1.183s][info][gc,phases,start] GC(41) Post Compact
[1.184s][info][gc,phases      ] GC(41) Post Compact 0.834ms
[1.184s][info][gc,heap        ] GC(41) PSYoungGen: 21248K(50688K)->1211K(50688K) Eden: 8192K(8192K)->0K(8192K) From: 13056K(42496K)->1211K(42496K)
[1.184s][info][gc,heap        ] GC(41) ParOldGen: 169421K(185344K)->185061K(222720K)
[1.184s][info][gc,metaspace   ] GC(41) Metaspace: 6298K(6464K)->6298K(6464K) NonClass: 5765K(5824K)->5765K(5824K) Class: 533K(640K)->533K(640K)
[1.184s][info][gc             ] GC(41) Pause Full (Ergonomics) 186M->181M(267M) 84.534ms
[1.184s][info][gc,cpu         ] GC(41) User=0.27s Sys=0.00s Real=0.08s
[1.194s][info][gc,start       ] GC(42) Pause Young (Allocation Failure)
[1.206s][info][gc,heap        ] GC(42) PSYoungGen: 9403K(50688K)->9440K(48640K) Eden: 8192K(8192K)->0K(9728K) From: 1211K(42496K)->9440K(38912K)
[1.206s][info][gc,heap        ] GC(42) ParOldGen: 185061K(222720K)->185157K(222720K)
[1.206s][info][gc,metaspace   ] GC(42) Metaspace: 6298K(6464K)->6298K(6464K) NonClass: 5765K(5824K)->5765K(5824K) Class: 533K(640K)->533K(640K)
[1.206s][info][gc             ] GC(42) Pause Young (Allocation Failure) 189M->190M(265M) 12.741ms
[1.206s][info][gc,cpu         ] GC(42) User=0.00s Sys=0.00s Real=0.01s
[1.215s][info][gc,start       ] GC(43) Pause Young (Allocation Failure)
[1.226s][info][gc,heap        ] GC(43) PSYoungGen: 19168K(48640K)->19136K(49664K) Eden: 9728K(9728K)->0K(9728K) From: 9440K(38912K)->19136K(39936K)
[1.226s][info][gc,heap        ] GC(43) ParOldGen: 185157K(222720K)->185157K(222720K)
[1.226s][info][gc,metaspace   ] GC(43) Metaspace: 6298K(6464K)->6298K(6464K) NonClass: 5765K(5824K)->5765K(5824K) Class: 533K(640K)->533K(640K)
[1.226s][info][gc             ] GC(43) Pause Young (Allocation Failure) 199M->199M(266M) 10.227ms
[1.226s][info][gc,cpu         ] GC(43) User=0.00s Sys=0.00s Real=0.01s
[1.235s][info][gc,start       ] GC(44) Pause Young (Allocation Failure)
[1.249s][info][gc,heap        ] GC(44) PSYoungGen: 28864K(49664K)->28864K(47104K) Eden: 9728K(9728K)->0K(8704K) From: 19136K(39936K)->28864K(38400K)
[1.249s][info][gc,heap        ] GC(44) ParOldGen: 185157K(222720K)->185157K(222720K)
[1.249s][info][gc,metaspace   ] GC(44) Metaspace: 6298K(6464K)->6298K(6464K) NonClass: 5765K(5824K)->5765K(5824K) Class: 533K(640K)->533K(640K)
[1.249s][info][gc             ] GC(44) Pause Young (Allocation Failure) 209M->209M(263M) 13.972ms
[1.249s][info][gc,cpu         ] GC(44) User=0.02s Sys=0.00s Real=0.01s
[1.258s][info][gc,start       ] GC(45) Pause Young (Allocation Failure)
[1.275s][info][gc,heap        ] GC(45) PSYoungGen: 37568K(47104K)->36384K(49664K) Eden: 8704K(8704K)->0K(8704K) From: 28864K(38400K)->36384K(40960K)
[1.276s][info][gc,heap        ] GC(45) ParOldGen: 185157K(222720K)->186365K(222720K)
[1.276s][info][gc,metaspace   ] GC(45) Metaspace: 6298K(6464K)->6298K(6464K) NonClass: 5765K(5824K)->5765K(5824K) Class: 533K(640K)->533K(640K)
[1.276s][info][gc             ] GC(45) Pause Young (Allocation Failure) 217M->217M(266M) 17.247ms
[1.276s][info][gc,cpu         ] GC(45) User=0.08s Sys=0.00s Real=0.02s
[1.285s][info][gc,start       ] GC(46) Pause Young (Allocation Failure)
[1.306s][info][gc,heap        ] GC(46) PSYoungGen: 45088K(49664K)->36896K(52224K) Eden: 8704K(8704K)->0K(6656K) From: 36384K(40960K)->36896K(45568K)
[1.306s][info][gc,heap        ] GC(46) ParOldGen: 186365K(222720K)->194661K(222720K)
[1.306s][info][gc,metaspace   ] GC(46) Metaspace: 6298K(6464K)->6298K(6464K) NonClass: 5765K(5824K)->5765K(5824K) Class: 533K(640K)->533K(640K)
[1.306s][info][gc             ] GC(46) Pause Young (Allocation Failure) 226M->226M(268M) 21.012ms
[1.306s][info][gc,cpu         ] GC(46) User=0.06s Sys=0.03s Real=0.02s
[1.313s][info][gc,start       ] GC(47) Pause Young (Allocation Failure)
[1.334s][info][gc,heap        ] GC(47) PSYoungGen: 43552K(52224K)->24096K(55808K) Eden: 6656K(6656K)->0K(6656K) From: 36896K(45568K)->24096K(49152K)
[1.334s][info][gc,heap        ] GC(47) ParOldGen: 194661K(222720K)->214365K(222720K)
[1.334s][info][gc,metaspace   ] GC(47) Metaspace: 6298K(6464K)->6298K(6464K) NonClass: 5765K(5824K)->5765K(5824K) Class: 533K(640K)->533K(640K)
[1.334s][info][gc             ] GC(47) Pause Young (Allocation Failure) 232M->232M(272M) 20.841ms
[1.334s][info][gc,cpu         ] GC(47) User=0.09s Sys=0.00s Real=0.02s
[1.334s][info][gc,start       ] GC(48) Pause Full (Ergonomics)
[1.334s][info][gc,phases,start] GC(48) Marking Phase
[1.392s][info][gc,phases      ] GC(48) Marking Phase 58.027ms
[1.392s][info][gc,phases,start] GC(48) Summary Phase
[1.392s][info][gc,phases      ] GC(48) Summary Phase 0.017ms
[1.392s][info][gc,phases,start] GC(48) Adjust Roots
[1.393s][info][gc,phases      ] GC(48) Adjust Roots 0.151ms
[1.393s][info][gc,phases,start] GC(48) Compaction Phase
[1.418s][info][gc,phases      ] GC(48) Compaction Phase 25.033ms
[1.418s][info][gc,phases,start] GC(48) Post Compact
[1.419s][info][gc,phases      ] GC(48) Post Compact 1.176ms
[1.419s][info][gc,heap        ] GC(48) PSYoungGen: 24096K(55808K)->15274K(55808K) Eden: 0K(6656K)->0K(6656K) From: 24096K(49152K)->15274K(49152K)
[1.419s][info][gc,heap        ] GC(48) ParOldGen: 214365K(222720K)->222516K(264704K)
[1.419s][info][gc,metaspace   ] GC(48) Metaspace: 6298K(6464K)->6298K(6464K) NonClass: 5765K(5824K)->5765K(5824K) Class: 533K(640K)->533K(640K)
[1.419s][info][gc             ] GC(48) Pause Full (Ergonomics) 232M->232M(313M) 84.923ms
[1.419s][info][gc,cpu         ] GC(48) User=0.42s Sys=0.00s Real=0.09s
[1.427s][info][gc,start       ] GC(49) Pause Young (Allocation Failure)
[1.446s][info][gc,heap        ] GC(49) PSYoungGen: 21930K(55808K)->11104K(53760K) Eden: 6656K(6656K)->0K(8192K) From: 15274K(49152K)->11104K(45568K)
[1.447s][info][gc,heap        ] GC(49) ParOldGen: 222516K(264704K)->233652K(264704K)
[1.447s][info][gc,metaspace   ] GC(49) Metaspace: 6298K(6464K)->6298K(6464K) NonClass: 5765K(5824K)->5765K(5824K) Class: 533K(640K)->533K(640K)
[1.447s][info][gc             ] GC(49) Pause Young (Allocation Failure) 238M->239M(311M) 20.032ms
[1.447s][info][gc,cpu         ] GC(49) User=0.12s Sys=0.00s Real=0.02s
[1.455s][info][gc,start       ] GC(50) Pause Young (Allocation Failure)
[1.465s][info][gc,heap        ] GC(50) PSYoungGen: 19296K(53760K)->14944K(54784K) Eden: 8192K(8192K)->0K(8192K) From: 11104K(45568K)->14944K(46592K)
[1.466s][info][gc,heap        ] GC(50) ParOldGen: 233652K(264704K)->238052K(264704K)
[1.466s][info][gc,metaspace   ] GC(50) Metaspace: 6298K(6464K)->6298K(6464K) NonClass: 5765K(5824K)->5765K(5824K) Class: 533K(640K)->533K(640K)
[1.466s][info][gc             ] GC(50) Pause Young (Allocation Failure) 247M->247M(312M) 10.176ms
[1.466s][info][gc,cpu         ] GC(50) User=0.02s Sys=0.00s Real=0.01s
[1.475s][info][gc,start       ] GC(51) Pause Young (Allocation Failure)
[1.486s][info][gc,heap        ] GC(51) PSYoungGen: 23136K(54784K)->16448K(51712K) Eden: 8192K(8192K)->0K(9728K) From: 14944K(46592K)->16448K(41984K)
[1.486s][info][gc,heap        ] GC(51) ParOldGen: 238052K(264704K)->244796K(264704K)
[1.486s][info][gc,metaspace   ] GC(51) Metaspace: 6298K(6464K)->6298K(6464K) NonClass: 5765K(5824K)->5765K(5824K) Class: 533K(640K)->533K(640K)
[1.486s][info][gc             ] GC(51) Pause Young (Allocation Failure) 255M->255M(309M) 11.482ms
[1.486s][info][gc,cpu         ] GC(51) User=0.00s Sys=0.00s Real=0.01s
[1.497s][info][gc,start       ] GC(52) Pause Young (Allocation Failure)
[1.511s][info][gc,heap        ] GC(52) PSYoungGen: 26176K(51712K)->9824K(53248K) Eden: 9728K(9728K)->0K(9728K) From: 16448K(41984K)->9824K(43520K)
[1.511s][info][gc,heap        ] GC(52) ParOldGen: 244796K(264704K)->261388K(264704K)
[1.511s][info][gc,metaspace   ] GC(52) Metaspace: 6298K(6464K)->6298K(6464K) NonClass: 5765K(5824K)->5765K(5824K) Class: 533K(640K)->533K(640K)
[1.511s][info][gc             ] GC(52) Pause Young (Allocation Failure) 264M->264M(310M) 14.394ms
[1.511s][info][gc,cpu         ] GC(52) User=0.00s Sys=0.00s Real=0.01s
[1.511s][info][gc,start       ] GC(53) Pause Full (Ergonomics)
[1.511s][info][gc,phases,start] GC(53) Marking Phase
[1.576s][info][gc,phases      ] GC(53) Marking Phase 64.882ms
[1.576s][info][gc,phases,start] GC(53) Summary Phase
[1.576s][info][gc,phases      ] GC(53) Summary Phase 0.026ms
[1.576s][info][gc,phases,start] GC(53) Adjust Roots
[1.576s][info][gc,phases      ] GC(53) Adjust Roots 0.160ms
[1.576s][info][gc,phases,start] GC(53) Compaction Phase
[1.604s][info][gc,phases      ] GC(53) Compaction Phase 27.930ms
[1.604s][info][gc,phases,start] GC(53) Post Compact
[1.606s][info][gc,phases      ] GC(53) Post Compact 1.413ms
[1.606s][info][gc,heap        ] GC(53) PSYoungGen: 9824K(53248K)->6120K(53248K) Eden: 0K(9728K)->0K(9728K) From: 9824K(43520K)->6120K(43520K)
[1.606s][info][gc,heap        ] GC(53) ParOldGen: 261388K(264704K)->264317K(308736K)
[1.606s][info][gc,metaspace   ] GC(53) Metaspace: 6298K(6464K)->6298K(6464K) NonClass: 5765K(5824K)->5765K(5824K) Class: 533K(640K)->533K(640K)
[1.606s][info][gc             ] GC(53) Pause Full (Ergonomics) 264M->264M(353M) 94.944ms
[1.606s][info][gc,cpu         ] GC(53) User=0.52s Sys=0.00s Real=0.09s
[1.617s][info][gc,start       ] GC(54) Pause Young (Allocation Failure)
[1.637s][info][gc,heap        ] GC(54) PSYoungGen: 15848K(53248K)->9824K(52736K) Eden: 9728K(9728K)->0K(11264K) From: 6120K(43520K)->9824K(41472K)
[1.637s][info][gc,heap        ] GC(54) ParOldGen: 264317K(308736K)->270557K(308736K)
[1.637s][info][gc,metaspace   ] GC(54) Metaspace: 6298K(6464K)->6298K(6464K) NonClass: 5765K(5824K)->5765K(5824K) Class: 533K(640K)->533K(640K)
[1.637s][info][gc             ] GC(54) Pause Young (Allocation Failure) 273M->273M(353M) 19.461ms
[1.637s][info][gc,cpu         ] GC(54) User=0.12s Sys=0.00s Real=0.02s
[1.650s][info][gc,start       ] GC(55) Pause Young (Allocation Failure)
[1.662s][info][gc,heap        ] GC(55) PSYoungGen: 21088K(52736K)->11392K(53248K) Eden: 11264K(11264K)->0K(11264K) From: 9824K(41472K)->11392K(41984K)
[1.662s][info][gc,heap        ] GC(55) ParOldGen: 270557K(308736K)->280421K(308736K)
[1.662s][info][gc,metaspace   ] GC(55) Metaspace: 6298K(6464K)->6298K(6464K) NonClass: 5765K(5824K)->5765K(5824K) Class: 533K(640K)->533K(640K)
[1.662s][info][gc             ] GC(55) Pause Young (Allocation Failure) 284M->284M(353M) 11.796ms
[1.662s][info][gc,cpu         ] GC(55) User=0.00s Sys=0.00s Real=0.01s
[1.675s][info][gc,start       ] GC(56) Pause Young (Allocation Failure)
[1.687s][info][gc,heap        ] GC(56) PSYoungGen: 22656K(53248K)->11392K(51200K) Eden: 11264K(11264K)->0K(12800K) From: 11392K(41984K)->11392K(38400K)
[1.687s][info][gc,heap        ] GC(56) ParOldGen: 280421K(308736K)->291837K(308736K)
[1.687s][info][gc,metaspace   ] GC(56) Metaspace: 6298K(6464K)->6298K(6464K) NonClass: 5765K(5824K)->5765K(5824K) Class: 533K(640K)->533K(640K)
[1.687s][info][gc             ] GC(56) Pause Young (Allocation Failure) 295M->296M(351M) 12.428ms
[1.687s][info][gc,cpu         ] GC(56) User=0.02s Sys=0.00s Real=0.01s
[1.687s][info][gc,start       ] GC(57) Pause Full (Ergonomics)
[1.687s][info][gc,phases,start] GC(57) Marking Phase
[1.755s][info][gc,phases      ] GC(57) Marking Phase 68.327ms
[1.755s][info][gc,phases,start] GC(57) Summary Phase
[1.755s][info][gc,phases      ] GC(57) Summary Phase 0.021ms
[1.755s][info][gc,phases,start] GC(57) Adjust Roots
[1.756s][info][gc,phases      ] GC(57) Adjust Roots 0.156ms
[1.756s][info][gc,phases,start] GC(57) Compaction Phase
[1.782s][info][gc,phases      ] GC(57) Compaction Phase 26.480ms
[1.782s][info][gc,phases,start] GC(57) Post Compact
[1.784s][info][gc,phases      ] GC(57) Post Compact 1.448ms
[1.784s][info][gc,heap        ] GC(57) PSYoungGen: 11392K(51200K)->0K(52224K) Eden: 0K(12800K)->0K(12800K) From: 11392K(38400K)->0K(39424K)
[1.784s][info][gc,heap        ] GC(57) ParOldGen: 291837K(308736K)->302593K(348160K)
[1.784s][info][gc,metaspace   ] GC(57) Metaspace: 6298K(6464K)->6298K(6464K) NonClass: 5765K(5824K)->5765K(5824K) Class: 533K(640K)->533K(640K)
[1.784s][info][gc             ] GC(57) Pause Full (Ergonomics) 296M->295M(391M) 96.948ms
[1.784s][info][gc,cpu         ] GC(57) User=0.69s Sys=0.06s Real=0.10s
[1.799s][info][gc,start       ] GC(58) Pause Young (Allocation Failure)
[1.807s][info][gc,heap        ] GC(58) PSYoungGen: 12800K(52224K)->12928K(49664K) Eden: 12800K(12800K)->0K(14336K) From: 0K(39424K)->12928K(35328K)
[1.807s][info][gc,heap        ] GC(58) ParOldGen: 302593K(348160K)->302593K(348160K)
[1.807s][info][gc,metaspace   ] GC(58) Metaspace: 6298K(6464K)->6298K(6464K) NonClass: 5765K(5824K)->5765K(5824K) Class: 533K(640K)->533K(640K)
[1.807s][info][gc             ] GC(58) Pause Young (Allocation Failure) 308M->308M(388M) 8.049ms
[1.807s][info][gc,cpu         ] GC(58) User=0.02s Sys=0.00s Real=0.01s
[1.823s][info][gc,start       ] GC(59) Pause Young (Allocation Failure)
[1.837s][info][gc,heap        ] GC(59) PSYoungGen: 27264K(49664K)->27264K(51712K) Eden: 14336K(14336K)->0K(14336K) From: 12928K(35328K)->27264K(37376K)
[1.837s][info][gc,heap        ] GC(59) ParOldGen: 302593K(348160K)->302593K(348160K)
[1.837s][info][gc,metaspace   ] GC(59) Metaspace: 6298K(6464K)->6298K(6464K) NonClass: 5765K(5824K)->5765K(5824K) Class: 533K(640K)->533K(640K)
[1.837s][info][gc             ] GC(59) Pause Young (Allocation Failure) 322M->322M(390M) 14.037ms
[1.837s][info][gc,cpu         ] GC(59) User=0.02s Sys=0.00s Real=0.01s
[1.853s][info][gc,start       ] GC(60) Pause Young (Allocation Failure)
[1.873s][info][gc,heap        ] GC(60) PSYoungGen: 41600K(51712K)->39424K(49152K) Eden: 14336K(14336K)->0K(9728K) From: 27264K(37376K)->39424K(39424K)
[1.873s][info][gc,heap        ] GC(60) ParOldGen: 302593K(348160K)->304689K(348160K)
[1.873s][info][gc,metaspace   ] GC(60) Metaspace: 6298K(6464K)->6298K(6464K) NonClass: 5765K(5824K)->5765K(5824K) Class: 533K(640K)->533K(640K)
[1.873s][info][gc             ] GC(60) Pause Young (Allocation Failure) 336M->336M(388M) 19.847ms
[1.873s][info][gc,cpu         ] GC(60) User=0.05s Sys=0.08s Real=0.02s
[1.943s][info][gc,start       ] GC(61) Pause Young (Allocation Failure)
[1.972s][info][gc,heap        ] GC(61) PSYoungGen: 49152K(49152K)->23552K(55808K) Eden: 9728K(9728K)->0K(9728K) From: 39424K(39424K)->23552K(46080K)
[1.972s][info][gc,heap        ] GC(61) ParOldGen: 321073K(348160K)->347065K(348160K)
[1.972s][info][gc,metaspace   ] GC(61) Metaspace: 6298K(6464K)->6298K(6464K) NonClass: 5765K(5824K)->5765K(5824K) Class: 533K(640K)->533K(640K)
[1.972s][info][gc             ] GC(61) Pause Young (Allocation Failure) 361M->361M(394M) 29.185ms
[1.972s][info][gc,cpu         ] GC(61) User=0.12s Sys=0.02s Real=0.03s
[1.972s][info][gc,start       ] GC(62) Pause Full (Ergonomics)
[1.972s][info][gc,phases,start] GC(62) Marking Phase
[2.052s][info][gc,phases      ] GC(62) Marking Phase 79.643ms
[2.052s][info][gc,phases,start] GC(62) Summary Phase
[2.052s][info][gc,phases      ] GC(62) Summary Phase 0.020ms
[2.052s][info][gc,phases,start] GC(62) Adjust Roots
[2.052s][info][gc,phases      ] GC(62) Adjust Roots 0.193ms
[2.052s][info][gc,phases,start] GC(62) Compaction Phase
[2.116s][info][gc,phases      ] GC(62) Compaction Phase 63.433ms
[2.116s][info][gc,phases,start] GC(62) Post Compact
[2.118s][info][gc,phases      ] GC(62) Post Compact 1.852ms
[2.118s][info][gc,heap        ] GC(62) PSYoungGen: 23552K(55808K)->13705K(55808K) Eden: 0K(9728K)->0K(9728K) From: 23552K(46080K)->13705K(46080K)
[2.118s][info][gc,heap        ] GC(62) ParOldGen: 347065K(348160K)->348150K(400896K)
[2.118s][info][gc,metaspace   ] GC(62) Metaspace: 6298K(6464K)->6298K(6464K) NonClass: 5765K(5824K)->5765K(5824K) Class: 533K(640K)->533K(640K)
[2.118s][info][gc             ] GC(62) Pause Full (Ergonomics) 361M->353M(446M) 145.691ms
[2.118s][info][gc,cpu         ] GC(62) User=0.88s Sys=0.00s Real=0.15s
[2.130s][info][gc,start       ] GC(63) Pause Young (Allocation Failure)
[2.155s][info][gc,heap        ] GC(63) PSYoungGen: 23433K(55808K)->23616K(54272K) Eden: 9728K(9728K)->0K(11264K) From: 13705K(46080K)->23616K(43008K)
[2.155s][info][gc,heap        ] GC(63) ParOldGen: 348150K(400896K)->348150K(400896K)
[2.155s][info][gc,metaspace   ] GC(63) Metaspace: 6298K(6464K)->6298K(6464K) NonClass: 5765K(5824K)->5765K(5824K) Class: 533K(640K)->533K(640K)
[2.155s][info][gc             ] GC(63) Pause Young (Allocation Failure) 362M->363M(444M) 25.139ms
[2.155s][info][gc,cpu         ] GC(63) User=0.12s Sys=0.02s Real=0.02s
[2.166s][info][gc,start       ] GC(64) Pause Young (Allocation Failure)
[2.182s][info][gc,heap        ] GC(64) PSYoungGen: 34880K(54272K)->34912K(55296K) Eden: 11264K(11264K)->0K(11264K) From: 23616K(43008K)->34912K(44032K)
[2.182s][info][gc,heap        ] GC(64) ParOldGen: 348150K(400896K)->348150K(400896K)
[2.182s][info][gc,metaspace   ] GC(64) Metaspace: 6298K(6464K)->6298K(6464K) NonClass: 5765K(5824K)->5765K(5824K) Class: 533K(640K)->533K(640K)
[2.182s][info][gc             ] GC(64) Pause Young (Allocation Failure) 374M->374M(445M) 16.420ms
[2.182s][info][gc,cpu         ] GC(64) User=0.02s Sys=0.00s Real=0.02s
[2.194s][info][gc,start       ] GC(65) Pause Young (Allocation Failure)
[2.215s][info][gc,heap        ] GC(65) PSYoungGen: 46176K(55296K)->46080K(53760K) Eden: 11264K(11264K)->0K(6656K) From: 34912K(44032K)->46080K(47104K)
[2.215s][info][gc,heap        ] GC(65) ParOldGen: 348150K(400896K)->348150K(400896K)
[2.215s][info][gc,metaspace   ] GC(65) Metaspace: 6298K(6464K)->6298K(6464K) NonClass: 5765K(5824K)->5765K(5824K) Class: 533K(640K)->533K(640K)
[2.215s][info][gc             ] GC(65) Pause Young (Allocation Failure) 385M->384M(444M) 21.105ms
[2.215s][info][gc,cpu         ] GC(65) User=0.11s Sys=0.00s Real=0.02s
[2.221s][info][gc,start       ] GC(66) Pause Young (Allocation Failure)
[2.244s][info][gc,heap        ] GC(66) PSYoungGen: 52736K(53760K)->45216K(59904K) Eden: 6656K(6656K)->0K(6656K) From: 46080K(47104K)->45216K(53248K)
[2.244s][info][gc,heap        ] GC(66) ParOldGen: 348150K(400896K)->355774K(400896K)
[2.244s][info][gc,metaspace   ] GC(66) Metaspace: 6298K(6464K)->6298K(6464K) NonClass: 5765K(5824K)->5765K(5824K) Class: 533K(640K)->533K(640K)
[2.244s][info][gc             ] GC(66) Pause Young (Allocation Failure) 391M->391M(450M) 23.318ms
[2.245s][info][gc,cpu         ] GC(66) User=0.14s Sys=0.00s Real=0.02s
[2.252s][info][gc,start       ] GC(67) Pause Young (Allocation Failure)
[2.275s][info][gc,heap        ] GC(67) PSYoungGen: 51872K(59904K)->35904K(66048K) Eden: 6656K(6656K)->0K(7680K) From: 45216K(53248K)->35904K(58368K)
[2.275s][info][gc,heap        ] GC(67) ParOldGen: 355774K(400896K)->371902K(400896K)
[2.275s][info][gc,metaspace   ] GC(67) Metaspace: 6298K(6464K)->6298K(6464K) NonClass: 5765K(5824K)->5765K(5824K) Class: 533K(640K)->533K(640K)
[2.275s][info][gc             ] GC(67) Pause Young (Allocation Failure) 398M->398M(456M) 23.576ms
[2.275s][info][gc,cpu         ] GC(67) User=0.12s Sys=0.02s Real=0.02s
[2.283s][info][gc,start       ] GC(68) Pause Young (Allocation Failure)
[2.304s][info][gc,heap        ] GC(68) PSYoungGen: 43584K(66048K)->21056K(29184K) Eden: 7680K(7680K)->0K(7680K) From: 35904K(58368K)->21056K(21504K)
[2.304s][info][gc,heap        ] GC(68) ParOldGen: 371902K(400896K)->394710K(400896K)
[2.304s][info][gc,metaspace   ] GC(68) Metaspace: 6298K(6464K)->6298K(6464K) NonClass: 5765K(5824K)->5765K(5824K) Class: 533K(640K)->533K(640K)
[2.304s][info][gc             ] GC(68) Pause Young (Allocation Failure) 405M->406M(420M) 20.869ms
[2.304s][info][gc,cpu         ] GC(68) User=0.12s Sys=0.00s Real=0.02s
[2.304s][info][gc,start       ] GC(69) Pause Full (Ergonomics)
[2.304s][info][gc,phases,start] GC(69) Marking Phase
[2.393s][info][gc,phases      ] GC(69) Marking Phase 88.896ms
[2.393s][info][gc,phases,start] GC(69) Summary Phase
[2.393s][info][gc,phases      ] GC(69) Summary Phase 0.027ms
[2.393s][info][gc,phases,start] GC(69) Adjust Roots
[2.393s][info][gc,phases      ] GC(69) Adjust Roots 0.150ms
[2.393s][info][gc,phases,start] GC(69) Compaction Phase
[2.439s][info][gc,phases      ] GC(69) Compaction Phase 45.321ms
[2.439s][info][gc,phases,start] GC(69) Post Compact
[2.441s][info][gc,phases      ] GC(69) Post Compact 2.013ms
[2.441s][info][gc,heap        ] GC(69) PSYoungGen: 21056K(29184K)->14259K(29184K) Eden: 0K(7680K)->0K(7680K) From: 21056K(21504K)->14259K(21504K)
[2.441s][info][gc,heap        ] GC(69) ParOldGen: 394710K(400896K)->400667K(459776K)
[2.441s][info][gc,metaspace   ] GC(69) Metaspace: 6298K(6464K)->6298K(6464K) NonClass: 5765K(5824K)->5765K(5824K) Class: 533K(640K)->533K(640K)
[2.441s][info][gc             ] GC(69) Pause Full (Ergonomics) 406M->405M(477M) 136.987ms
[2.441s][info][gc,cpu         ] GC(69) User=0.88s Sys=0.00s Real=0.14s
[2.450s][info][gc,start       ] GC(70) Pause Young (Allocation Failure)
[2.477s][info][gc,heap        ] GC(70) PSYoungGen: 21939K(29184K)->13248K(64512K) Eden: 7680K(7680K)->0K(9216K) From: 14259K(21504K)->13248K(55296K)
[2.477s][info][gc,heap        ] GC(70) ParOldGen: 400667K(459776K)->409635K(459776K)
[2.477s][info][gc,metaspace   ] GC(70) Metaspace: 6298K(6464K)->6298K(6464K) NonClass: 5765K(5824K)->5765K(5824K) Class: 533K(640K)->533K(640K)
[2.477s][info][gc             ] GC(70) Pause Young (Allocation Failure) 412M->412M(512M) 26.650ms
[2.477s][info][gc,cpu         ] GC(70) User=0.14s Sys=0.00s Real=0.03s
[2.487s][info][gc,start       ] GC(71) Pause Young (Allocation Failure)
[2.498s][info][gc,heap        ] GC(71) PSYoungGen: 22464K(64512K)->17056K(65024K) Eden: 9216K(9216K)->0K(9216K) From: 13248K(55296K)->17056K(55808K)
[2.498s][info][gc,heap        ] GC(71) ParOldGen: 409635K(459776K)->415179K(459776K)
[2.498s][info][gc,metaspace   ] GC(71) Metaspace: 6298K(6464K)->6298K(6464K) NonClass: 5765K(5824K)->5765K(5824K) Class: 533K(640K)->533K(640K)
[2.498s][info][gc             ] GC(71) Pause Young (Allocation Failure) 421M->422M(512M) 11.837ms
[2.498s][info][gc,cpu         ] GC(71) User=0.02s Sys=0.00s Real=0.01s
[2.508s][info][gc,start       ] GC(72) Pause Young (Allocation Failure)
[2.522s][info][gc,heap        ] GC(72) PSYoungGen: 26272K(65024K)->9312K(64000K) Eden: 9216K(9216K)->0K(10752K) From: 17056K(55808K)->9312K(53248K)
[2.522s][info][gc,heap        ] GC(72) ParOldGen: 415179K(459776K)->432283K(459776K)
[2.522s][info][gc,metaspace   ] GC(72) Metaspace: 6298K(6464K)->6298K(6464K) NonClass: 5765K(5824K)->5765K(5824K) Class: 533K(640K)->533K(640K)
[2.522s][info][gc             ] GC(72) Pause Young (Allocation Failure) 431M->431M(511M) 14.117ms
[2.522s][info][gc,cpu         ] GC(72) User=0.00s Sys=0.00s Real=0.02s
[2.533s][info][gc,start       ] GC(73) Pause Young (Allocation Failure)
[2.545s][info][gc,heap        ] GC(73) PSYoungGen: 20064K(64000K)->10848K(64512K) Eden: 10752K(10752K)->0K(10752K) From: 9312K(53248K)->10848K(53760K)
[2.545s][info][gc,heap        ] GC(73) ParOldGen: 432283K(459776K)->441635K(459776K)
[2.545s][info][gc,metaspace   ] GC(73) Metaspace: 6298K(6464K)->6298K(6464K) NonClass: 5765K(5824K)->5765K(5824K) Class: 533K(640K)->533K(640K)
[2.545s][info][gc             ] GC(73) Pause Young (Allocation Failure) 441M->441M(512M) 11.270ms
[2.545s][info][gc,cpu         ] GC(73) User=0.02s Sys=0.00s Real=0.01s
[2.545s][info][gc,start       ] GC(74) Pause Full (Ergonomics)
[2.545s][info][gc,phases,start] GC(74) Marking Phase
[2.642s][info][gc,phases      ] GC(74) Marking Phase 97.222ms
[2.642s][info][gc,phases,start] GC(74) Summary Phase
[2.642s][info][gc,phases      ] GC(74) Summary Phase 0.023ms
[2.642s][info][gc,phases,start] GC(74) Adjust Roots
[2.642s][info][gc,phases      ] GC(74) Adjust Roots 0.148ms
[2.642s][info][gc,phases,start] GC(74) Compaction Phase
[2.686s][info][gc,phases      ] GC(74) Compaction Phase 43.615ms
[2.686s][info][gc,phases,start] GC(74) Post Compact
[2.688s][info][gc,phases      ] GC(74) Post Compact 2.158ms
[2.688s][info][gc,heap        ] GC(74) PSYoungGen: 10848K(64512K)->0K(65024K) Eden: 0K(10752K)->0K(12288K) From: 10848K(53760K)->0K(52736K)
[2.688s][info][gc,heap        ] GC(74) ParOldGen: 441635K(459776K)->451674K(511488K)
[2.688s][info][gc,metaspace   ] GC(74) Metaspace: 6298K(6464K)->6298K(6464K) NonClass: 5765K(5824K)->5765K(5824K) Class: 533K(640K)->533K(640K)
[2.688s][info][gc             ] GC(74) Pause Full (Ergonomics) 441M->441M(563M) 143.688ms
[2.688s][info][gc,cpu         ] GC(74) User=0.97s Sys=0.00s Real=0.14s
[2.703s][info][gc,start       ] GC(75) Pause Young (Allocation Failure)
[2.712s][info][gc,heap        ] GC(75) PSYoungGen: 12288K(65024K)->12448K(65024K) Eden: 12288K(12288K)->0K(12288K) From: 0K(52736K)->12448K(52736K)
[2.712s][info][gc,heap        ] GC(75) ParOldGen: 451674K(511488K)->451674K(511488K)
[2.712s][info][gc,metaspace   ] GC(75) Metaspace: 6298K(6464K)->6298K(6464K) NonClass: 5765K(5824K)->5765K(5824K) Class: 533K(640K)->533K(640K)
[2.712s][info][gc             ] GC(75) Pause Young (Allocation Failure) 453M->453M(563M) 9.511ms
[2.712s][info][gc,cpu         ] GC(75) User=0.02s Sys=0.00s Real=0.01s
[2.725s][info][gc,start       ] GC(76) Pause Young (Allocation Failure)
[2.739s][info][gc,heap        ] GC(76) PSYoungGen: 24736K(65024K)->24704K(61952K) Eden: 12288K(12288K)->0K(13824K) From: 12448K(52736K)->24704K(48128K)
[2.739s][info][gc,heap        ] GC(76) ParOldGen: 451674K(511488K)->451674K(511488K)
[2.739s][info][gc,metaspace   ] GC(76) Metaspace: 6298K(6464K)->6298K(6464K) NonClass: 5765K(5824K)->5765K(5824K) Class: 533K(640K)->533K(640K)
[2.739s][info][gc             ] GC(76) Pause Young (Allocation Failure) 465M->465M(560M) 13.329ms
[2.739s][info][gc,cpu         ] GC(76) User=0.00s Sys=0.00s Real=0.01s
[2.754s][info][gc,start       ] GC(77) Pause Young (Allocation Failure)
[2.773s][info][gc,heap        ] GC(77) PSYoungGen: 38528K(61952K)->38528K(63488K) Eden: 13824K(13824K)->0K(13824K) From: 24704K(48128K)->38528K(49664K)
[2.773s][info][gc,heap        ] GC(77) ParOldGen: 451674K(511488K)->451674K(511488K)
[2.773s][info][gc,metaspace   ] GC(77) Metaspace: 6298K(6464K)->6298K(6464K) NonClass: 5765K(5824K)->5765K(5824K) Class: 533K(640K)->533K(640K)
[2.773s][info][gc             ] GC(77) Pause Young (Allocation Failure) 478M->478M(561M) 18.989ms
[2.773s][info][gc,cpu         ] GC(77) User=0.14s Sys=0.00s Real=0.02s
[2.788s][info][gc,start       ] GC(78) Pause Young (Allocation Failure)
[2.813s][info][gc,heap        ] GC(78) PSYoungGen: 52352K(63488K)->40064K(65024K) Eden: 13824K(13824K)->0K(11776K) From: 38528K(49664K)->40064K(53248K)
[2.813s][info][gc,heap        ] GC(78) ParOldGen: 451674K(511488K)->464138K(511488K)
[2.813s][info][gc,metaspace   ] GC(78) Metaspace: 6298K(6464K)->6298K(6464K) NonClass: 5765K(5824K)->5765K(5824K) Class: 533K(640K)->533K(640K)
[2.813s][info][gc             ] GC(78) Pause Young (Allocation Failure) 492M->492M(563M) 24.899ms
[2.813s][info][gc,cpu         ] GC(78) User=0.12s Sys=0.00s Real=0.02s
[2.825s][info][gc,start       ] GC(79) Pause Young (Allocation Failure)
[2.850s][info][gc,heap        ] GC(79) PSYoungGen: 51840K(65024K)->39520K(68608K) Eden: 11776K(11776K)->0K(11776K) From: 40064K(53248K)->39520K(56832K)
[2.850s][info][gc,heap        ] GC(79) ParOldGen: 464138K(511488K)->476586K(511488K)
[2.850s][info][gc,metaspace   ] GC(79) Metaspace: 6298K(6464K)->6298K(6464K) NonClass: 5765K(5824K)->5765K(5824K) Class: 533K(640K)->533K(640K)
[2.850s][info][gc             ] GC(79) Pause Young (Allocation Failure) 503M->504M(566M) 24.390ms
[2.850s][info][gc,cpu         ] GC(79) User=0.12s Sys=0.02s Real=0.02s
[2.862s][info][gc,start       ] GC(80) Pause Young (Allocation Failure)
[2.886s][info][gc,heap        ] GC(80) PSYoungGen: 51296K(68608K)->37472K(71168K) Eden: 11776K(11776K)->0K(12288K) From: 39520K(56832K)->37472K(58880K)
[2.887s][info][gc,heap        ] GC(80) ParOldGen: 476586K(511488K)->490594K(511488K)
[2.887s][info][gc,metaspace   ] GC(80) Metaspace: 6298K(6464K)->6298K(6464K) NonClass: 5765K(5824K)->5765K(5824K) Class: 533K(640K)->533K(640K)
[2.887s][info][gc             ] GC(80) Pause Young (Allocation Failure) 515M->515M(569M) 24.466ms
[2.887s][info][gc,cpu         ] GC(80) User=0.14s Sys=0.00s Real=0.03s
[2.887s][info][gc,start       ] GC(81) Pause Full (Ergonomics)
[2.887s][info][gc,phases,start] GC(81) Marking Phase
[3.001s][info][gc,phases      ] GC(81) Marking Phase 114.123ms
[3.001s][info][gc,phases,start] GC(81) Summary Phase
[3.001s][info][gc,phases      ] GC(81) Summary Phase 0.025ms
[3.001s][info][gc,phases,start] GC(81) Adjust Roots
[3.001s][info][gc,phases      ] GC(81) Adjust Roots 0.157ms
[3.001s][info][gc,phases,start] GC(81) Compaction Phase
[3.050s][info][gc,phases      ] GC(81) Compaction Phase 48.908ms
[3.050s][info][gc,phases,start] GC(81) Post Compact
[3.053s][info][gc,phases      ] GC(81) Post Compact 2.705ms
[3.053s][info][gc,heap        ] GC(81) PSYoungGen: 37472K(71168K)->15827K(71168K) Eden: 0K(12288K)->0K(12288K) From: 37472K(58880K)->15827K(58880K)
[3.053s][info][gc,heap        ] GC(81) ParOldGen: 490594K(511488K)->511436K(573952K)
[3.053s][info][gc,metaspace   ] GC(81) Metaspace: 6298K(6464K)->6298K(6464K) NonClass: 5765K(5824K)->5765K(5824K) Class: 533K(640K)->533K(640K)
[3.053s][info][gc             ] GC(81) Pause Full (Ergonomics) 515M->514M(630M) 166.483ms
[3.053s][info][gc,cpu         ] GC(81) User=1.11s Sys=0.05s Real=0.17s
[3.067s][info][gc,start       ] GC(82) Pause Young (Allocation Failure)
[3.102s][info][gc,heap        ] GC(82) PSYoungGen: 28115K(71168K)->17088K(72192K) Eden: 12288K(12288K)->0K(12288K) From: 15827K(58880K)->17088K(59904K)
[3.102s][info][gc,heap        ] GC(82) ParOldGen: 511436K(573952K)->522780K(573952K)
[3.102s][info][gc,metaspace   ] GC(82) Metaspace: 6298K(6464K)->6298K(6464K) NonClass: 5765K(5824K)->5765K(5824K) Class: 533K(640K)->533K(640K)
[3.102s][info][gc             ] GC(82) Pause Young (Allocation Failure) 526M->527M(631M) 35.491ms
[3.102s][info][gc,cpu         ] GC(82) User=0.16s Sys=0.00s Real=0.03s
[3.116s][info][gc,start       ] GC(83) Pause Young (Allocation Failure)
[3.132s][info][gc,heap        ] GC(83) PSYoungGen: 29376K(72192K)->24672K(66048K) Eden: 12288K(12288K)->0K(13824K) From: 17088K(59904K)->24672K(52224K)
[3.132s][info][gc,heap        ] GC(83) ParOldGen: 522780K(573952K)->527524K(573952K)
[3.132s][info][gc,metaspace   ] GC(83) Metaspace: 6298K(6464K)->6298K(6464K) NonClass: 5765K(5824K)->5765K(5824K) Class: 533K(640K)->533K(640K)
[3.132s][info][gc             ] GC(83) Pause Young (Allocation Failure) 539M->539M(625M) 16.098ms
[3.132s][info][gc,cpu         ] GC(83) User=0.00s Sys=0.02s Real=0.02s
[3.147s][info][gc,start       ] GC(84) Pause Young (Allocation Failure)
[3.168s][info][gc,heap        ] GC(84) PSYoungGen: 38496K(66048K)->26272K(40448K) Eden: 13824K(13824K)->0K(13824K) From: 24672K(52224K)->26272K(26624K)
[3.168s][info][gc,heap        ] GC(84) ParOldGen: 527524K(573952K)->539980K(573952K)
[3.168s][info][gc,metaspace   ] GC(84) Metaspace: 6298K(6464K)->6298K(6464K) NonClass: 5765K(5824K)->5765K(5824K) Class: 533K(640K)->533K(640K)
[3.168s][info][gc             ] GC(84) Pause Young (Allocation Failure) 552M->552M(600M) 20.331ms
[3.168s][info][gc,cpu         ] GC(84) User=0.11s Sys=0.02s Real=0.02s
[3.183s][info][gc,start       ] GC(85) Pause Young (Allocation Failure)
[3.204s][info][gc,heap        ] GC(85) PSYoungGen: 40096K(40448K)->27808K(64512K) Eden: 13824K(13824K)->0K(15872K) From: 26272K(26624K)->27808K(48640K)
[3.204s][info][gc,heap        ] GC(85) ParOldGen: 539980K(573952K)->552436K(573952K)
[3.204s][info][gc,metaspace   ] GC(85) Metaspace: 6298K(6464K)->6298K(6464K) NonClass: 5765K(5824K)->5765K(5824K) Class: 533K(640K)->533K(640K)
[3.205s][info][gc             ] GC(85) Pause Young (Allocation Failure) 566M->566M(623M) 21.127ms
[3.205s][info][gc,cpu         ] GC(85) User=0.12s Sys=0.00s Real=0.02s
[3.205s][info][gc,start       ] GC(86) Pause Full (Ergonomics)
[3.205s][info][gc,phases,start] GC(86) Marking Phase
[3.333s][info][gc,phases      ] GC(86) Marking Phase 128.296ms
[3.333s][info][gc,phases,start] GC(86) Summary Phase
[3.333s][info][gc,phases      ] GC(86) Summary Phase 0.027ms
[3.333s][info][gc,phases,start] GC(86) Adjust Roots
[3.333s][info][gc,phases      ] GC(86) Adjust Roots 0.149ms
[3.333s][info][gc,phases,start] GC(86) Compaction Phase
[3.384s][info][gc,phases      ] GC(86) Compaction Phase 50.300ms
[3.384s][info][gc,phases,start] GC(86) Post Compact
[3.385s][info][gc,phases      ] GC(86) Post Compact 0.959ms
[3.385s][info][gc,heap        ] GC(86) PSYoungGen: 27808K(64512K)->5618K(66560K) Eden: 0K(15872K)->0K(17920K) From: 27808K(48640K)->5618K(48640K)
[3.385s][info][gc,heap        ] GC(86) ParOldGen: 552436K(573952K)->573752K(638976K)
[3.385s][info][gc,metaspace   ] GC(86) Metaspace: 6298K(6464K)->6298K(6464K) NonClass: 5765K(5824K)->5765K(5824K) Class: 533K(640K)->533K(640K)
[3.385s][info][gc             ] GC(86) Pause Full (Ergonomics) 566M->565M(689M) 180.311ms
[3.385s][info][gc,cpu         ] GC(86) User=1.23s Sys=0.06s Real=0.18s
[3.407s][info][gc,start       ] GC(87) Pause Young (Allocation Failure)
[3.443s][info][gc,heap        ] GC(87) PSYoungGen: 23538K(66560K)->20960K(68608K) Eden: 17920K(17920K)->0K(17920K) From: 5618K(48640K)->20960K(50688K)
[3.443s][info][gc,heap        ] GC(87) ParOldGen: 573752K(638976K)->576552K(638976K)
[3.443s][info][gc,metaspace   ] GC(87) Metaspace: 6298K(6464K)->6298K(6464K) NonClass: 5765K(5824K)->5765K(5824K) Class: 533K(640K)->533K(640K)
[3.443s][info][gc             ] GC(87) Pause Young (Allocation Failure) 583M->583M(691M) 36.152ms
[3.443s][info][gc,cpu         ] GC(87) User=0.16s Sys=0.00s Real=0.04s
[3.463s][info][gc,start       ] GC(88) Pause Young (Allocation Failure)
[3.484s][info][gc,heap        ] GC(88) PSYoungGen: 38880K(68608K)->38880K(66560K) Eden: 17920K(17920K)->0K(17408K) From: 20960K(50688K)->38880K(49152K)
[3.484s][info][gc,heap        ] GC(88) ParOldGen: 576552K(638976K)->576552K(638976K)
[3.484s][info][gc,metaspace   ] GC(88) Metaspace: 6298K(6464K)->6298K(6464K) NonClass: 5765K(5824K)->5765K(5824K) Class: 533K(640K)->533K(640K)
[3.484s][info][gc             ] GC(88) Pause Young (Allocation Failure) 601M->601M(689M) 21.177ms
[3.484s][info][gc,cpu         ] GC(88) User=0.12s Sys=0.00s Real=0.02s
[3.505s][info][gc,start       ] GC(89) Pause Young (Allocation Failure)
[3.534s][info][gc,heap        ] GC(89) PSYoungGen: 56288K(66560K)->51712K(69120K) Eden: 17408K(17408K)->0K(17408K) From: 38880K(49152K)->51712K(51712K)
[3.534s][info][gc,heap        ] GC(89) ParOldGen: 576552K(638976K)->581096K(638976K)
[3.535s][info][gc,metaspace   ] GC(89) Metaspace: 6298K(6464K)->6298K(6464K) NonClass: 5765K(5824K)->5765K(5824K) Class: 533K(640K)->533K(640K)
[3.535s][info][gc             ] GC(89) Pause Young (Allocation Failure) 618M->617M(691M) 29.169ms
[3.535s][info][gc,cpu         ] GC(89) User=0.14s Sys=0.00s Real=0.03s
[3.556s][info][gc,start       ] GC(90) Pause Young (Allocation Failure)
[3.589s][info][gc,heap        ] GC(90) PSYoungGen: 69120K(69120K)->49792K(74752K) Eden: 17408K(17408K)->0K(14848K) From: 51712K(51712K)->49792K(59904K)
[3.589s][info][gc,heap        ] GC(90) ParOldGen: 581096K(638976K)->600744K(638976K)
[3.589s][info][gc,metaspace   ] GC(90) Metaspace: 6298K(6464K)->6298K(6464K) NonClass: 5765K(5824K)->5765K(5824K) Class: 533K(640K)->533K(640K)
[3.589s][info][gc             ] GC(90) Pause Young (Allocation Failure) 634M->635M(697M) 33.537ms
[3.589s][info][gc,cpu         ] GC(90) User=0.16s Sys=0.00s Real=0.03s
[3.605s][info][gc,start       ] GC(91) Pause Young (Allocation Failure)
[3.637s][info][gc,heap        ] GC(91) PSYoungGen: 64640K(74752K)->48448K(79360K) Eden: 14848K(14848K)->0K(14848K) From: 49792K(59904K)->48448K(64512K)
[3.637s][info][gc,heap        ] GC(91) ParOldGen: 600744K(638976K)->617144K(638976K)
[3.637s][info][gc,metaspace   ] GC(91) Metaspace: 6298K(6464K)->6298K(6464K) NonClass: 5765K(5824K)->5765K(5824K) Class: 533K(640K)->533K(640K)
[3.637s][info][gc             ] GC(91) Pause Young (Allocation Failure) 649M->649M(701M) 31.355ms
[3.637s][info][gc,cpu         ] GC(91) User=0.12s Sys=0.00s Real=0.03s
[3.637s][info][gc,start       ] GC(92) Pause Full (Ergonomics)
[3.637s][info][gc,phases,start] GC(92) Marking Phase
[3.783s][info][gc,phases      ] GC(92) Marking Phase 145.870ms
[3.783s][info][gc,phases,start] GC(92) Summary Phase
[3.783s][info][gc,phases      ] GC(92) Summary Phase 0.027ms
[3.783s][info][gc,phases,start] GC(92) Adjust Roots
[3.783s][info][gc,phases      ] GC(92) Adjust Roots 0.149ms
[3.783s][info][gc,phases,start] GC(92) Compaction Phase
[3.842s][info][gc,phases      ] GC(92) Compaction Phase 59.208ms
[3.842s][info][gc,phases,start] GC(92) Post Compact
[3.843s][info][gc,phases      ] GC(92) Post Compact 1.119ms
[3.844s][info][gc,heap        ] GC(92) PSYoungGen: 48448K(79360K)->25808K(79360K) Eden: 0K(14848K)->0K(14848K) From: 48448K(64512K)->25808K(64512K)
[3.844s][info][gc,heap        ] GC(92) ParOldGen: 617144K(638976K)->638915K(711680K)
[3.844s][info][gc,metaspace   ] GC(92) Metaspace: 6298K(6464K)->6298K(6464K) NonClass: 5765K(5824K)->5765K(5824K) Class: 533K(640K)->533K(640K)
[3.844s][info][gc             ] GC(92) Pause Full (Ergonomics) 649M->649M(772M) 206.893ms
[3.844s][info][gc,cpu         ] GC(92) User=1.47s Sys=0.02s Real=0.21s
[3.863s][info][gc,start       ] GC(93) Pause Young (Allocation Failure)
[3.909s][info][gc,heap        ] GC(93) PSYoungGen: 40656K(79360K)->24672K(79872K) Eden: 14848K(14848K)->0K(16384K) From: 25808K(64512K)->24672K(63488K)
[3.909s][info][gc,heap        ] GC(93) ParOldGen: 638915K(711680K)->655267K(711680K)
[3.909s][info][gc,metaspace   ] GC(93) Metaspace: 6298K(6464K)->6298K(6464K) NonClass: 5765K(5824K)->5765K(5824K) Class: 533K(640K)->533K(640K)
[3.909s][info][gc             ] GC(93) Pause Young (Allocation Failure) 663M->664M(773M) 46.191ms
[3.909s][info][gc,cpu         ] GC(93) User=0.27s Sys=0.00s Real=0.05s
[3.930s][info][gc,start       ] GC(94) Pause Young (Allocation Failure)
[3.952s][info][gc,heap        ] GC(94) PSYoungGen: 41056K(79872K)->31360K(48128K) Eden: 16384K(16384K)->0K(16384K) From: 24672K(63488K)->31360K(31744K)
[3.952s][info][gc,heap        ] GC(94) ParOldGen: 655267K(711680K)->665099K(711680K)
[3.952s][info][gc,metaspace   ] GC(94) Metaspace: 6298K(6464K)->6298K(6464K) NonClass: 5765K(5824K)->5765K(5824K) Class: 533K(640K)->533K(640K)
[3.952s][info][gc             ] GC(94) Pause Young (Allocation Failure) 680M->680M(742M) 22.662ms
[3.952s][info][gc,cpu         ] GC(94) User=0.11s Sys=0.00s Real=0.02s
[4.110s][info][gc,start       ] GC(95) Pause Full (Ergonomics)
[4.110s][info][gc,phases,start] GC(95) Marking Phase
[4.266s][info][gc,phases      ] GC(95) Marking Phase 155.719ms
[4.266s][info][gc,phases,start] GC(95) Summary Phase
[4.266s][info][gc,phases      ] GC(95) Summary Phase 0.029ms
[4.266s][info][gc,phases,start] GC(95) Adjust Roots
[4.266s][info][gc,phases      ] GC(95) Adjust Roots 0.160ms
[4.266s][info][gc,phases,start] GC(95) Compaction Phase
[4.389s][info][gc,phases      ] GC(95) Compaction Phase 122.477ms
[4.389s][info][gc,phases,start] GC(95) Post Compact
[4.390s][info][gc,phases      ] GC(95) Post Compact 1.501ms
[4.391s][info][gc,heap        ] GC(95) PSYoungGen: 47744K(48128K)->17373K(48128K) Eden: 16384K(16384K)->0K(16384K) From: 31360K(31744K)->17373K(31744K)
[4.391s][info][gc,heap        ] GC(95) ParOldGen: 697867K(711680K)->711258K(788480K)
[4.391s][info][gc,metaspace   ] GC(95) Metaspace: 6298K(6464K)->6298K(6464K) NonClass: 5765K(5824K)->5765K(5824K) Class: 533K(640K)->533K(640K)
[4.391s][info][gc             ] GC(95) Pause Full (Ergonomics) 728M->711M(817M) 280.525ms
[4.391s][info][gc,cpu         ] GC(95) User=1.80s Sys=0.00s Real=0.28s
[4.412s][info][gc,start       ] GC(96) Pause Young (Allocation Failure)
[4.456s][info][gc,heap        ] GC(96) PSYoungGen: 33757K(48128K)->25120K(77824K) Eden: 16384K(16384K)->0K(18432K) From: 17373K(31744K)->25120K(59392K)
[4.456s][info][gc,heap        ] GC(96) ParOldGen: 711258K(788480K)->720282K(788480K)
[4.456s][info][gc,metaspace   ] GC(96) Metaspace: 6298K(6464K)->6298K(6464K) NonClass: 5765K(5824K)->5765K(5824K) Class: 533K(640K)->533K(640K)
[4.456s][info][gc             ] GC(96) Pause Young (Allocation Failure) 727M->727M(846M) 44.148ms
[4.456s][info][gc,cpu         ] GC(96) User=0.34s Sys=0.03s Real=0.05s
[4.474s][info][gc,start       ] GC(97) Pause Young (Allocation Failure)
[4.497s][info][gc,heap        ] GC(97) PSYoungGen: 43552K(77824K)->43456K(79360K) Eden: 18432K(18432K)->0K(18432K) From: 25120K(59392K)->43456K(60928K)
[4.497s][info][gc,heap        ] GC(97) ParOldGen: 720282K(788480K)->720282K(788480K)
[4.497s][info][gc,metaspace   ] GC(97) Metaspace: 6298K(6464K)->6298K(6464K) NonClass: 5765K(5824K)->5765K(5824K) Class: 533K(640K)->533K(640K)
[4.497s][info][gc             ] GC(97) Pause Young (Allocation Failure) 745M->745M(847M) 22.543ms
[4.497s][info][gc,cpu         ] GC(97) User=0.03s Sys=0.00s Real=0.02s
[4.517s][info][gc,start       ] GC(98) Pause Young (Allocation Failure)
[4.546s][info][gc,heap        ] GC(98) PSYoungGen: 61888K(79360K)->61920K(74240K) Eden: 18432K(18432K)->0K(12288K) From: 43456K(60928K)->61920K(61952K)
[4.546s][info][gc,heap        ] GC(98) ParOldGen: 720282K(788480K)->720282K(788480K)
[4.546s][info][gc,metaspace   ] GC(98) Metaspace: 6298K(6464K)->6298K(6464K) NonClass: 5765K(5824K)->5765K(5824K) Class: 533K(640K)->533K(640K)
[4.546s][info][gc             ] GC(98) Pause Young (Allocation Failure) 763M->763M(842M) 29.338ms
[4.546s][info][gc,cpu         ] GC(98) User=0.14s Sys=0.00s Real=0.03s
[4.559s][info][gc,start       ] GC(99) Pause Young (Allocation Failure)
[4.593s][info][gc,heap        ] GC(99) PSYoungGen: 74208K(74240K)->65632K(82432K) Eden: 12288K(12288K)->0K(12288K) From: 61920K(61952K)->65632K(70144K)
[4.593s][info][gc,heap        ] GC(99) ParOldGen: 720282K(788480K)->728938K(788480K)
[4.593s][info][gc,metaspace   ] GC(99) Metaspace: 6298K(6464K)->6298K(6464K) NonClass: 5765K(5824K)->5765K(5824K) Class: 533K(640K)->533K(640K)
[4.593s][info][gc             ] GC(99) Pause Young (Allocation Failure) 775M->775M(850M) 33.717ms
[4.593s][info][gc,cpu         ] GC(99) User=0.25s Sys=0.00s Real=0.03s
[4.605s][info][gc,start       ] GC(100) Pause Young (Allocation Failure)
[4.641s][info][gc,heap        ] GC(100) PSYoungGen: 77920K(82432K)->61600K(87552K) Eden: 12288K(12288K)->0K(9728K) From: 65632K(70144K)->61600K(77824K)
[4.641s][info][gc,heap        ] GC(100) ParOldGen: 728938K(788480K)->745538K(788480K)
[4.641s][info][gc,metaspace   ] GC(100) Metaspace: 6298K(6464K)->6298K(6464K) NonClass: 5765K(5824K)->5765K(5824K) Class: 533K(640K)->533K(640K)
[4.641s][info][gc             ] GC(100) Pause Young (Allocation Failure) 787M->788M(855M) 35.868ms
[4.641s][info][gc,cpu         ] GC(100) User=0.22s Sys=0.03s Real=0.04s
[4.651s][info][gc,start       ] GC(101) Pause Young (Allocation Failure)
[4.685s][info][gc,heap        ] GC(101) PSYoungGen: 71328K(87552K)->34400K(44544K) Eden: 9728K(9728K)->0K(9728K) From: 61600K(77824K)->34400K(34816K)
[4.685s][info][gc,heap        ] GC(101) ParOldGen: 745538K(788480K)->782890K(788480K)
[4.685s][info][gc,metaspace   ] GC(101) Metaspace: 6298K(6464K)->6298K(6464K) NonClass: 5765K(5824K)->5765K(5824K) Class: 533K(640K)->533K(640K)
[4.685s][info][gc             ] GC(101) Pause Young (Allocation Failure) 797M->798M(813M) 33.895ms
[4.685s][info][gc,cpu         ] GC(101) User=0.20s Sys=0.05s Real=0.03s
[4.685s][info][gc,start       ] GC(102) Pause Full (Ergonomics)
[4.685s][info][gc,phases,start] GC(102) Marking Phase
[4.863s][info][gc,phases      ] GC(102) Marking Phase 178.443ms
[4.864s][info][gc,phases,start] GC(102) Summary Phase
[4.864s][info][gc,phases      ] GC(102) Summary Phase 0.025ms
[4.864s][info][gc,phases,start] GC(102) Adjust Roots
[4.864s][info][gc,phases      ] GC(102) Adjust Roots 0.149ms
[4.864s][info][gc,phases,start] GC(102) Compaction Phase
[4.947s][info][gc,phases      ] GC(102) Compaction Phase 83.678ms
[4.947s][info][gc,phases,start] GC(102) Post Compact
[4.949s][info][gc,phases      ] GC(102) Post Compact 1.407ms
[4.949s][info][gc,heap        ] GC(102) PSYoungGen: 34400K(44544K)->27560K(44544K) Eden: 0K(9728K)->0K(9728K) From: 34400K(34816K)->27560K(34816K)
[4.949s][info][gc,heap        ] GC(102) ParOldGen: 782890K(788480K)->788432K(878080K)
[4.949s][info][gc,metaspace   ] GC(102) Metaspace: 6298K(6464K)->6298K(6464K) NonClass: 5765K(5824K)->5765K(5824K) Class: 533K(640K)->533K(640K)
[4.949s][info][gc             ] GC(102) Pause Full (Ergonomics) 798M->796M(901M) 264.421ms
[4.949s][info][gc,cpu         ] GC(102) User=1.81s Sys=0.00s Real=0.26s
[4.960s][info][gc,start       ] GC(103) Pause Young (Allocation Failure)
[5.008s][info][gc,heap        ] GC(103) PSYoungGen: 37288K(44544K)->17440K(90624K) Eden: 9728K(9728K)->0K(11264K) From: 27560K(34816K)->17440K(79360K)
[5.008s][info][gc,heap        ] GC(103) ParOldGen: 788432K(878080K)->808648K(878080K)
[5.008s][info][gc,metaspace   ] GC(103) Metaspace: 6298K(6464K)->6298K(6464K) NonClass: 5765K(5824K)->5765K(5824K) Class: 533K(640K)->533K(640K)
[5.008s][info][gc             ] GC(103) Pause Young (Allocation Failure) 806M->806M(946M) 48.171ms
[5.008s][info][gc,cpu         ] GC(103) User=0.27s Sys=0.00s Real=0.05s
[5.021s][info][gc,start       ] GC(104) Pause Young (Allocation Failure)
[5.038s][info][gc,heap        ] GC(104) PSYoungGen: 28704K(90624K)->21120K(90624K) Eden: 11264K(11264K)->0K(11264K) From: 17440K(79360K)->21120K(79360K)
[5.038s][info][gc,heap        ] GC(104) ParOldGen: 808648K(878080K)->816424K(878080K)
[5.038s][info][gc,metaspace   ] GC(104) Metaspace: 6298K(6464K)->6298K(6464K) NonClass: 5765K(5824K)->5765K(5824K) Class: 533K(640K)->533K(640K)
[5.038s][info][gc             ] GC(104) Pause Young (Allocation Failure) 817M->817M(946M) 17.001ms
[5.038s][info][gc,cpu         ] GC(104) User=0.03s Sys=0.00s Real=0.02s
[5.050s][info][gc,start       ] GC(105) Pause Young (Allocation Failure)
[5.069s][info][gc,heap        ] GC(105) PSYoungGen: 32384K(90624K)->22624K(87040K) Eden: 11264K(11264K)->0K(12800K) From: 21120K(79360K)->22624K(74240K)
[5.069s][info][gc,heap        ] GC(105) ParOldGen: 816424K(878080K)->826280K(878080K)
[5.069s][info][gc,metaspace   ] GC(105) Metaspace: 6298K(6464K)->6298K(6464K) NonClass: 5765K(5824K)->5765K(5824K) Class: 533K(640K)->533K(640K)
[5.069s][info][gc             ] GC(105) Pause Young (Allocation Failure) 828M->829M(942M) 18.725ms
[5.069s][info][gc,cpu         ] GC(105) User=0.03s Sys=0.02s Real=0.02s
[5.083s][info][gc,start       ] GC(106) Pause Young (Allocation Failure)
[5.102s][info][gc,heap        ] GC(106) PSYoungGen: 35424K(87040K)->12928K(89088K) Eden: 12800K(12800K)->0K(12800K) From: 22624K(74240K)->12928K(76288K)
[5.102s][info][gc,heap        ] GC(106) ParOldGen: 826280K(878080K)->849080K(878080K)
[5.102s][info][gc,metaspace   ] GC(106) Metaspace: 6298K(6464K)->6298K(6464K) NonClass: 5765K(5824K)->5765K(5824K) Class: 533K(640K)->533K(640K)
[5.102s][info][gc             ] GC(106) Pause Young (Allocation Failure) 841M->841M(944M) 19.658ms
[5.102s][info][gc,cpu         ] GC(106) User=0.14s Sys=0.00s Real=0.02s
[5.102s][info][gc,start       ] GC(107) Pause Full (Ergonomics)
[5.103s][info][gc,phases,start] GC(107) Marking Phase
[5.293s][info][gc,phases      ] GC(107) Marking Phase 190.006ms
[5.293s][info][gc,phases,start] GC(107) Summary Phase
[5.293s][info][gc,phases      ] GC(107) Summary Phase 0.027ms
[5.293s][info][gc,phases,start] GC(107) Adjust Roots
[5.293s][info][gc,phases      ] GC(107) Adjust Roots 0.179ms
[5.293s][info][gc,phases,start] GC(107) Compaction Phase
[5.373s][info][gc,phases      ] GC(107) Compaction Phase 79.891ms
[5.373s][info][gc,phases,start] GC(107) Post Compact
[5.374s][info][gc,phases      ] GC(107) Post Compact 1.421ms
[5.375s][info][gc,heap        ] GC(107) PSYoungGen: 12928K(89088K)->0K(90112K) Eden: 0K(12800K)->0K(14336K) From: 12928K(76288K)->0K(75776K)
[5.375s][info][gc,heap        ] GC(107) ParOldGen: 849080K(878080K)->860927K(957952K)
[5.375s][info][gc,metaspace   ] GC(107) Metaspace: 6298K(6464K)->6298K(6464K) NonClass: 5765K(5824K)->5765K(5824K) Class: 533K(640K)->533K(640K)
[5.375s][info][gc             ] GC(107) Pause Full (Ergonomics) 841M->840M(1023M) 272.143ms
[5.375s][info][gc,cpu         ] GC(107) User=1.77s Sys=0.00s Real=0.27s
[5.392s][info][gc,start       ] GC(108) Pause Young (Allocation Failure)
[5.405s][info][gc,heap        ] GC(108) PSYoungGen: 14336K(90112K)->14464K(90112K) Eden: 14336K(14336K)->0K(14336K) From: 0K(75776K)->14464K(75776K)
[5.405s][info][gc,heap        ] GC(108) ParOldGen: 860927K(957952K)->860927K(957952K)
[5.405s][info][gc,metaspace   ] GC(108) Metaspace: 6298K(6464K)->6298K(6464K) NonClass: 5765K(5824K)->5765K(5824K) Class: 533K(640K)->533K(640K)
[5.405s][info][gc             ] GC(108) Pause Young (Allocation Failure) 854M->854M(1023M) 12.740ms
[5.405s][info][gc,cpu         ] GC(108) User=0.02s Sys=0.00s Real=0.01s
[5.420s][info][gc,start       ] GC(109) Pause Young (Allocation Failure)
[5.438s][info][gc,heap        ] GC(109) PSYoungGen: 28800K(90112K)->28800K(82432K) Eden: 14336K(14336K)->0K(15872K) From: 14464K(75776K)->28800K(66560K)
[5.438s][info][gc,heap        ] GC(109) ParOldGen: 860927K(957952K)->860927K(957952K)
[5.438s][info][gc,metaspace   ] GC(109) Metaspace: 6298K(6464K)->6298K(6464K) NonClass: 5765K(5824K)->5765K(5824K) Class: 533K(640K)->533K(640K)
[5.438s][info][gc             ] GC(109) Pause Young (Allocation Failure) 868M->868M(1016M) 17.573ms
[5.438s][info][gc,cpu         ] GC(109) User=0.03s Sys=0.00s Real=0.02s
[5.455s][info][gc,start       ] GC(110) Pause Young (Allocation Failure)
[5.478s][info][gc,heap        ] GC(110) PSYoungGen: 44672K(82432K)->44704K(86528K) Eden: 15872K(15872K)->0K(15872K) From: 28800K(66560K)->44704K(70656K)
[5.478s][info][gc,heap        ] GC(110) ParOldGen: 860927K(957952K)->860927K(957952K)
[5.478s][info][gc,metaspace   ] GC(110) Metaspace: 6298K(6464K)->6298K(6464K) NonClass: 5765K(5824K)->5765K(5824K) Class: 533K(640K)->533K(640K)
[5.478s][info][gc             ] GC(110) Pause Young (Allocation Failure) 884M->884M(1020M) 22.965ms
[5.478s][info][gc,cpu         ] GC(110) User=0.14s Sys=0.00s Real=0.02s
[5.496s][info][gc,start       ] GC(111) Pause Young (Allocation Failure)
[5.525s][info][gc,heap        ] GC(111) PSYoungGen: 60576K(86528K)->60512K(83968K) Eden: 15872K(15872K)->0K(11776K) From: 44704K(70656K)->60512K(72192K)
[5.525s][info][gc,heap        ] GC(111) ParOldGen: 860927K(957952K)->860927K(957952K)
[5.525s][info][gc,metaspace   ] GC(111) Metaspace: 6298K(6464K)->6298K(6464K) NonClass: 5765K(5824K)->5765K(5824K) Class: 533K(640K)->533K(640K)
[5.526s][info][gc             ] GC(111) Pause Young (Allocation Failure) 899M->899M(1017M) 29.607ms
[5.526s][info][gc,cpu         ] GC(111) User=0.12s Sys=0.00s Real=0.03s
[5.538s][info][gc,start       ] GC(112) Pause Young (Allocation Failure)
[5.572s][info][gc,heap        ] GC(112) PSYoungGen: 72288K(83968K)->57952K(90112K) Eden: 11776K(11776K)->0K(11776K) From: 60512K(72192K)->57952K(78336K)
[5.572s][info][gc,heap        ] GC(112) ParOldGen: 860927K(957952K)->875455K(957952K)
[5.572s][info][gc,metaspace   ] GC(112) Metaspace: 6298K(6464K)->6298K(6464K) NonClass: 5765K(5824K)->5765K(5824K) Class: 533K(640K)->533K(640K)
[5.572s][info][gc             ] GC(112) Pause Young (Allocation Failure) 911M->911M(1023M) 34.277ms
[5.572s][info][gc,cpu         ] GC(112) User=0.20s Sys=0.05s Real=0.03s
[5.585s][info][gc,start       ] GC(113) Pause Young (Allocation Failure)
[5.618s][info][gc,heap        ] GC(113) PSYoungGen: 69728K(90112K)->55424K(94208K) Eden: 11776K(11776K)->0K(11264K) From: 57952K(78336K)->55424K(82944K)
[5.618s][info][gc,heap        ] GC(113) ParOldGen: 875455K(957952K)->889983K(957952K)
[5.618s][info][gc,metaspace   ] GC(113) Metaspace: 6298K(6464K)->6298K(6464K) NonClass: 5765K(5824K)->5765K(5824K) Class: 533K(640K)->533K(640K)
[5.618s][info][gc             ] GC(113) Pause Young (Allocation Failure) 923M->923M(1027M) 32.899ms
[5.618s][info][gc,cpu         ] GC(113) User=0.14s Sys=0.00s Real=0.03s
[5.631s][info][gc,start       ] GC(114) Pause Young (Allocation Failure)
[5.663s][info][gc,heap        ] GC(114) PSYoungGen: 66688K(94208K)->34880K(46592K) Eden: 11264K(11264K)->0K(11264K) From: 55424K(82944K)->34880K(35328K)
[5.663s][info][gc,heap        ] GC(114) ParOldGen: 889983K(957952K)->922143K(957952K)
[5.663s][info][gc,metaspace   ] GC(114) Metaspace: 6298K(6464K)->6298K(6464K) NonClass: 5765K(5824K)->5765K(5824K) Class: 533K(640K)->533K(640K)
[5.663s][info][gc             ] GC(114) Pause Young (Allocation Failure) 934M->934M(981M) 32.341ms
[5.663s][info][gc,cpu         ] GC(114) User=0.14s Sys=0.00s Real=0.03s
[5.675s][info][gc,start       ] GC(115) Pause Young (Allocation Failure)
[5.699s][info][gc,heap        ] GC(115) PSYoungGen: 46144K(46592K)->22656K(91136K) Eden: 11264K(11264K)->0K(13312K) From: 34880K(35328K)->22656K(77824K)
[5.699s][info][gc,heap        ] GC(115) ParOldGen: 922143K(957952K)->945983K(957952K)
[5.699s][info][gc,metaspace   ] GC(115) Metaspace: 6298K(6464K)->6298K(6464K) NonClass: 5765K(5824K)->5765K(5824K) Class: 533K(640K)->533K(640K)
[5.699s][info][gc             ] GC(115) Pause Young (Allocation Failure) 945M->945M(1024M) 23.932ms
[5.699s][info][gc,cpu         ] GC(115) User=0.14s Sys=0.00s Real=0.02s
[5.699s][info][gc,start       ] GC(116) Pause Full (Ergonomics)
[5.699s][info][gc,phases,start] GC(116) Marking Phase
[5.912s][info][gc,phases      ] GC(116) Marking Phase 212.931ms
[5.912s][info][gc,phases,start] GC(116) Summary Phase
[5.912s][info][gc,phases      ] GC(116) Summary Phase 0.023ms
[5.912s][info][gc,phases,start] GC(116) Adjust Roots
[5.913s][info][gc,phases      ] GC(116) Adjust Roots 0.147ms
[5.913s][info][gc,phases,start] GC(116) Compaction Phase
[6.006s][info][gc,phases      ] GC(116) Compaction Phase 93.280ms
[6.006s][info][gc,phases,start] GC(116) Post Compact
[6.007s][info][gc,phases      ] GC(116) Post Compact 1.510ms
[6.008s][info][gc,heap        ] GC(116) PSYoungGen: 22656K(91136K)->9712K(92672K) Eden: 0K(13312K)->0K(14848K) From: 22656K(77824K)->9712K(77824K)
[6.008s][info][gc,heap        ] GC(116) ParOldGen: 945983K(957952K)->957452K(1065984K)
[6.008s][info][gc,metaspace   ] GC(116) Metaspace: 6298K(6464K)->6298K(6464K) NonClass: 5765K(5824K)->5765K(5824K) Class: 533K(640K)->533K(640K)
[6.008s][info][gc             ] GC(116) Pause Full (Ergonomics) 945M->944M(1131M) 308.557ms
[6.008s][info][gc,cpu         ] GC(116) User=2.14s Sys=0.03s Real=0.31s
[6.026s][info][gc,start       ] GC(117) Pause Young (Allocation Failure)
[6.078s][info][gc,heap        ] GC(117) PSYoungGen: 24560K(92672K)->15008K(94208K) Eden: 14848K(14848K)->0K(14848K) From: 9712K(77824K)->15008K(79360K)
[6.078s][info][gc,heap        ] GC(117) ParOldGen: 957452K(1065984K)->967316K(1065984K)
[6.078s][info][gc,metaspace   ] GC(117) Metaspace: 6298K(6464K)->6298K(6464K) NonClass: 5765K(5824K)->5765K(5824K) Class: 533K(640K)->533K(640K)
[6.078s][info][gc             ] GC(117) Pause Young (Allocation Failure) 958M->959M(1133M) 51.992ms
[6.078s][info][gc,cpu         ] GC(117) User=0.27s Sys=0.00s Real=0.05s
[6.095s][info][gc,start       ] GC(118) Pause Young (Allocation Failure)
[6.113s][info][gc,heap        ] GC(118) PSYoungGen: 29856K(94208K)->15008K(94208K) Eden: 14848K(14848K)->0K(16896K) From: 15008K(79360K)->15008K(77312K)
[6.113s][info][gc,heap        ] GC(118) ParOldGen: 967316K(1065984K)->982364K(1065984K)
[6.113s][info][gc,metaspace   ] GC(118) Metaspace: 6298K(6464K)->6298K(6464K) NonClass: 5765K(5824K)->5765K(5824K) Class: 533K(640K)->533K(640K)
[6.113s][info][gc             ] GC(118) Pause Young (Allocation Failure) 973M->973M(1133M) 18.047ms
[6.113s][info][gc,cpu         ] GC(118) User=0.05s Sys=0.00s Real=0.02s
[6.133s][info][gc,start       ] GC(119) Pause Young (Allocation Failure)
[6.152s][info][gc,heap        ] GC(119) PSYoungGen: 31904K(94208K)->17056K(95232K) Eden: 16896K(16896K)->0K(16896K) From: 15008K(77312K)->17056K(78336K)
[6.152s][info][gc,heap        ] GC(119) ParOldGen: 982364K(1065984K)->997412K(1065984K)
[6.152s][info][gc,metaspace   ] GC(119) Metaspace: 6298K(6464K)->6298K(6464K) NonClass: 5765K(5824K)->5765K(5824K) Class: 533K(640K)->533K(640K)
[6.152s][info][gc             ] GC(119) Pause Young (Allocation Failure) 990M->990M(1134M) 19.077ms
[6.152s][info][gc,cpu         ] GC(119) User=0.12s Sys=0.00s Real=0.02s
[6.172s][info][gc,start       ] GC(120) Pause Young (Allocation Failure)
[6.192s][info][gc,heap        ] GC(120) PSYoungGen: 33952K(95232K)->17056K(91136K) Eden: 16896K(16896K)->0K(18944K) From: 17056K(78336K)->17056K(72192K)
[6.192s][info][gc,heap        ] GC(120) ParOldGen: 997412K(1065984K)->1014532K(1065984K)
[6.192s][info][gc,metaspace   ] GC(120) Metaspace: 6298K(6464K)->6298K(6464K) NonClass: 5765K(5824K)->5765K(5824K) Class: 533K(640K)->533K(640K)
[6.192s][info][gc             ] GC(120) Pause Young (Allocation Failure) 1007M->1007M(1130M) 20.096ms
[6.192s][info][gc,cpu         ] GC(120) User=0.11s Sys=0.02s Real=0.02s
[6.213s][info][gc,start       ] GC(121) Pause Young (Allocation Failure)
[6.234s][info][gc,heap        ] GC(121) PSYoungGen: 36000K(91136K)->19104K(93184K) Eden: 18944K(18944K)->0K(18944K) From: 17056K(72192K)->19104K(74240K)
[6.234s][info][gc,heap        ] GC(121) ParOldGen: 1014532K(1065984K)->1031668K(1065984K)
[6.234s][info][gc,metaspace   ] GC(121) Metaspace: 6298K(6464K)->6298K(6464K) NonClass: 5765K(5824K)->5765K(5824K) Class: 533K(640K)->533K(640K)
[6.234s][info][gc             ] GC(121) Pause Young (Allocation Failure) 1025M->1026M(1132M) 20.999ms
[6.234s][info][gc,cpu         ] GC(121) User=0.09s Sys=0.03s Real=0.02s
[6.254s][info][gc,start       ] GC(122) Pause Young (Allocation Failure)
[6.277s][info][gc,heap        ] GC(122) PSYoungGen: 38048K(93184K)->19072K(88064K) Eden: 18944K(18944K)->0K(21504K) From: 19104K(74240K)->19072K(66560K)
[6.277s][info][gc,heap        ] GC(122) ParOldGen: 1031668K(1065984K)->1050868K(1065984K)
[6.277s][info][gc,metaspace   ] GC(122) Metaspace: 6298K(6464K)->6298K(6464K) NonClass: 5765K(5824K)->5765K(5824K) Class: 533K(640K)->533K(640K)
[6.277s][info][gc             ] GC(122) Pause Young (Allocation Failure) 1044M->1044M(1127M) 22.488ms
[6.277s][info][gc,cpu         ] GC(122) User=0.14s Sys=0.00s Real=0.02s
[6.277s][info][gc,start       ] GC(123) Pause Full (Ergonomics)
[6.277s][info][gc,phases,start] GC(123) Marking Phase
[6.517s][info][gc,phases      ] GC(123) Marking Phase 240.285ms
[6.517s][info][gc,phases,start] GC(123) Summary Phase
[6.517s][info][gc,phases      ] GC(123) Summary Phase 0.024ms
[6.517s][info][gc,phases,start] GC(123) Adjust Roots
[6.517s][info][gc,phases      ] GC(123) Adjust Roots 0.144ms
[6.517s][info][gc,phases,start] GC(123) Compaction Phase
[6.616s][info][gc,phases      ] GC(123) Compaction Phase 98.636ms
[6.616s][info][gc,phases,start] GC(123) Post Compact
[6.618s][info][gc,phases      ] GC(123) Post Compact 1.711ms
[6.618s][info][gc,heap        ] GC(123) PSYoungGen: 19072K(88064K)->2567K(90624K) Eden: 0K(21504K)->0K(24064K) From: 19072K(66560K)->2567K(66560K)
[6.618s][info][gc,heap        ] GC(123) ParOldGen: 1050868K(1065984K)->1065783K(1177088K)
[6.618s][info][gc,metaspace   ] GC(123) Metaspace: 6298K(6464K)->6298K(6464K) NonClass: 5765K(5824K)->5765K(5824K) Class: 533K(640K)->533K(640K)
[6.618s][info][gc             ] GC(123) Pause Full (Ergonomics) 1044M->1043M(1238M) 341.496ms
[6.618s][info][gc,cpu         ] GC(123) User=2.33s Sys=0.00s Real=0.34s
[6.649s][info][gc,start       ] GC(124) Pause Young (Allocation Failure)
[6.708s][info][gc,heap        ] GC(124) PSYoungGen: 26631K(90624K)->24224K(48640K) Eden: 24064K(24064K)->0K(24064K) From: 2567K(66560K)->24224K(24576K)
[6.708s][info][gc,heap        ] GC(124) ParOldGen: 1065783K(1177088K)->1068415K(1177088K)
[6.708s][info][gc,metaspace   ] GC(124) Metaspace: 6298K(6464K)->6298K(6464K) NonClass: 5765K(5824K)->5765K(5824K) Class: 533K(640K)->533K(640K)
[6.708s][info][gc             ] GC(124) Pause Young (Allocation Failure) 1066M->1067M(1197M) 58.872ms
[6.708s][info][gc,cpu         ] GC(124) User=0.38s Sys=0.00s Real=0.06s
[6.737s][info][gc,start       ] GC(125) Pause Young (Allocation Failure)
[6.764s][info][gc,heap        ] GC(125) PSYoungGen: 48288K(48640K)->48320K(88064K) Eden: 24064K(24064K)->0K(22528K) From: 24224K(24576K)->48320K(65536K)
[6.764s][info][gc,heap        ] GC(125) ParOldGen: 1068415K(1177088K)->1068415K(1177088K)
[6.764s][info][gc,metaspace   ] GC(125) Metaspace: 6298K(6464K)->6298K(6464K) NonClass: 5765K(5824K)->5765K(5824K) Class: 533K(640K)->533K(640K)
[6.764s][info][gc             ] GC(125) Pause Young (Allocation Failure) 1090M->1090M(1235M) 27.145ms
[6.764s][info][gc,cpu         ] GC(125) User=0.14s Sys=0.00s Real=0.03s
[6.790s][info][gc,start       ] GC(126) Pause Young (Allocation Failure)
[6.825s][info][gc,heap        ] GC(126) PSYoungGen: 70848K(88064K)->69632K(92160K) Eden: 22528K(22528K)->0K(22528K) From: 48320K(65536K)->69632K(69632K)
[6.825s][info][gc,heap        ] GC(126) ParOldGen: 1068415K(1177088K)->1069615K(1177088K)
[6.825s][info][gc,metaspace   ] GC(126) Metaspace: 6298K(6464K)->6298K(6464K) NonClass: 5765K(5824K)->5765K(5824K) Class: 533K(640K)->533K(640K)
[6.825s][info][gc             ] GC(126) Pause Young (Allocation Failure) 1112M->1112M(1239M) 35.938ms
[6.826s][info][gc,cpu         ] GC(126) User=0.23s Sys=0.00s Real=0.04s
[6.851s][info][gc,start       ] GC(127) Pause Young (Allocation Failure)
[6.900s][info][gc,heap        ] GC(127) PSYoungGen: 92160K(92160K)->44768K(104960K) Eden: 22528K(22528K)->0K(25088K) From: 69632K(69632K)->44768K(79872K)
[6.900s][info][gc,heap        ] GC(127) ParOldGen: 1069615K(1177088K)->1117615K(1177088K)
[6.900s][info][gc,metaspace   ] GC(127) Metaspace: 6298K(6464K)->6298K(6464K) NonClass: 5765K(5824K)->5765K(5824K) Class: 533K(640K)->533K(640K)
[6.900s][info][gc             ] GC(127) Pause Young (Allocation Failure) 1134M->1135M(1252M) 49.749ms
[6.900s][info][gc,cpu         ] GC(127) User=0.20s Sys=0.03s Real=0.05s
[6.930s][info][gc,start       ] GC(128) Pause Young (Allocation Failure)
[6.966s][info][gc,heap        ] GC(128) PSYoungGen: 69856K(104960K)->47776K(105472K) Eden: 25088K(25088K)->0K(25088K) From: 44768K(79872K)->47776K(80384K)
[6.966s][info][gc,heap        ] GC(128) ParOldGen: 1117615K(1177088K)->1140023K(1177088K)
[6.966s][info][gc,metaspace   ] GC(128) Metaspace: 6298K(6464K)->6298K(6464K) NonClass: 5765K(5824K)->5765K(5824K) Class: 533K(640K)->533K(640K)
[6.966s][info][gc             ] GC(128) Pause Young (Allocation Failure) 1159M->1159M(1252M) 36.785ms
[6.966s][info][gc,cpu         ] GC(128) User=0.20s Sys=0.05s Real=0.04s
[6.966s][info][gc,start       ] GC(129) Pause Full (Ergonomics)
[6.966s][info][gc,phases,start] GC(129) Marking Phase
[7.235s][info][gc,phases      ] GC(129) Marking Phase 268.820ms
[7.235s][info][gc,phases,start] GC(129) Summary Phase
[7.235s][info][gc,phases      ] GC(129) Summary Phase 0.029ms
[7.235s][info][gc,phases,start] GC(129) Adjust Roots
[7.235s][info][gc,phases      ] GC(129) Adjust Roots 0.148ms
[7.236s][info][gc,phases,start] GC(129) Compaction Phase
[7.336s][info][gc,phases      ] GC(129) Compaction Phase 100.306ms
[7.336s][info][gc,phases,start] GC(129) Post Compact
[7.338s][info][gc,phases      ] GC(129) Post Compact 2.006ms
[7.339s][info][gc,heap        ] GC(129) PSYoungGen: 47776K(105472K)->9740K(105472K) Eden: 0K(25088K)->0K(25088K) From: 47776K(80384K)->9740K(80384K)
[7.339s][info][gc,heap        ] GC(129) ParOldGen: 1140023K(1177088K)->1176712K(1307136K)
[7.339s][info][gc,metaspace   ] GC(129) Metaspace: 6298K(6464K)->6298K(6464K) NonClass: 5765K(5824K)->5765K(5824K) Class: 533K(640K)->533K(640K)
[7.339s][info][gc             ] GC(129) Pause Full (Ergonomics) 1159M->1158M(1379M) 372.165ms
[7.339s][info][gc,cpu         ] GC(129) User=2.55s Sys=0.05s Real=0.37s
[7.371s][info][gc,start       ] GC(130) Pause Young (Allocation Failure)
[7.439s][info][gc,heap        ] GC(130) PSYoungGen: 34828K(105472K)->27456K(101376K) Eden: 25088K(25088K)->0K(27648K) From: 9740K(80384K)->27456K(73728K)
[7.439s][info][gc,heap        ] GC(130) ParOldGen: 1176712K(1307136K)->1184408K(1307136K)
[7.439s][info][gc,metaspace   ] GC(130) Metaspace: 6298K(6464K)->6298K(6464K) NonClass: 5765K(5824K)->5765K(5824K) Class: 533K(640K)->533K(640K)
[7.439s][info][gc             ] GC(130) Pause Young (Allocation Failure) 1183M->1183M(1375M) 67.759ms
[7.439s][info][gc,cpu         ] GC(130) User=0.38s Sys=0.02s Real=0.07s
[7.472s][info][gc,start       ] GC(131) Pause Young (Allocation Failure)
[7.504s][info][gc,heap        ] GC(131) PSYoungGen: 55104K(101376K)->55104K(104960K) Eden: 27648K(27648K)->0K(27648K) From: 27456K(73728K)->55104K(77312K)
[7.504s][info][gc,heap        ] GC(131) ParOldGen: 1184408K(1307136K)->1184408K(1307136K)
[7.504s][info][gc,metaspace   ] GC(131) Metaspace: 6298K(6464K)->6298K(6464K) NonClass: 5765K(5824K)->5765K(5824K) Class: 533K(640K)->533K(640K)
[7.504s][info][gc             ] GC(131) Pause Young (Allocation Failure) 1210M->1210M(1379M) 31.943ms
[7.504s][info][gc,cpu         ] GC(131) User=0.14s Sys=0.00s Real=0.03s
[7.536s][info][gc,start       ] GC(132) Pause Young (Allocation Failure)
[7.580s][info][gc,heap        ] GC(132) PSYoungGen: 82752K(104960K)->80896K(99328K) Eden: 27648K(27648K)->0K(18432K) From: 55104K(77312K)->80896K(80896K)
[7.580s][info][gc,heap        ] GC(132) ParOldGen: 1184408K(1307136K)->1186304K(1307136K)
[7.580s][info][gc,metaspace   ] GC(132) Metaspace: 6298K(6464K)->6298K(6464K) NonClass: 5765K(5824K)->5765K(5824K) Class: 533K(640K)->533K(640K)
[7.580s][info][gc             ] GC(132) Pause Young (Allocation Failure) 1237M->1237M(1373M) 43.707ms
[7.580s][info][gc,cpu         ] GC(132) User=0.23s Sys=0.03s Real=0.04s
[7.601s][info][gc,start       ] GC(133) Pause Young (Allocation Failure)
[7.654s][info][gc,heap        ] GC(133) PSYoungGen: 99328K(99328K)->72960K(111616K) Eden: 18432K(18432K)->0K(18432K) From: 80896K(80896K)->72960K(93184K)
[7.654s][info][gc,heap        ] GC(133) ParOldGen: 1186304K(1307136K)->1213056K(1307136K)
[7.654s][info][gc,metaspace   ] GC(133) Metaspace: 6298K(6464K)->6298K(6464K) NonClass: 5765K(5824K)->5765K(5824K) Class: 533K(640K)->533K(640K)
[7.654s][info][gc             ] GC(133) Pause Young (Allocation Failure) 1255M->1255M(1385M) 53.223ms
[7.654s][info][gc,cpu         ] GC(133) User=0.34s Sys=0.02s Real=0.05s
[7.678s][info][gc,start       ] GC(134) Pause Young (Allocation Failure)
[7.726s][info][gc,heap        ] GC(134) PSYoungGen: 91392K(111616K)->63040K(119808K) Eden: 18432K(18432K)->0K(19968K) From: 72960K(93184K)->63040K(99840K)
[7.726s][info][gc,heap        ] GC(134) ParOldGen: 1213056K(1307136K)->1240624K(1307136K)
[7.726s][info][gc,metaspace   ] GC(134) Metaspace: 6298K(6464K)->6298K(6464K) NonClass: 5765K(5824K)->5765K(5824K) Class: 533K(640K)->533K(640K)
[7.726s][info][gc             ] GC(134) Pause Young (Allocation Failure) 1273M->1273M(1393M) 48.206ms
[7.726s][info][gc,cpu         ] GC(134) User=0.22s Sys=0.00s Real=0.05s
[7.742s][info][gc,start       ] GC(135) Pause Young (Allocation Failure)
[7.781s][info][gc,heap        ] GC(135) PSYoungGen: 83008K(119808K)->46240K(66560K) Eden: 19968K(19968K)->0K(19968K) From: 63040K(99840K)->46240K(46592K)
[7.781s][info][gc,heap        ] GC(135) ParOldGen: 1240624K(1307136K)->1268128K(1307136K)
[7.781s][info][gc,metaspace   ] GC(135) Metaspace: 6298K(6464K)->6298K(6464K) NonClass: 5765K(5824K)->5765K(5824K) Class: 533K(640K)->533K(640K)
[7.781s][info][gc             ] GC(135) Pause Young (Allocation Failure) 1292M->1283M(1341M) 39.217ms
[7.781s][info][gc,cpu         ] GC(135) User=0.25s Sys=0.00s Real=0.04s
[7.781s][info][gc,start       ] GC(136) Pause Full (Ergonomics)
[7.781s][info][gc,phases,start] GC(136) Marking Phase
[8.071s][info][gc,phases      ] GC(136) Marking Phase 290.433ms
[8.072s][info][gc,phases,start] GC(136) Summary Phase
[8.072s][info][gc,phases      ] GC(136) Summary Phase 0.037ms
[8.072s][info][gc,phases,start] GC(136) Adjust Roots
[8.072s][info][gc,phases      ] GC(136) Adjust Roots 0.280ms
[8.072s][info][gc,phases,start] GC(136) Compaction Phase
[8.432s][info][gc,phases      ] GC(136) Compaction Phase 359.907ms
[8.432s][info][gc,phases,start] GC(136) Post Compact
[8.434s][info][gc,phases      ] GC(136) Post Compact 2.532ms
[8.435s][info][gc,heap        ] GC(136) PSYoungGen: 46240K(66560K)->5624K(66560K) Eden: 0K(19968K)->0K(19968K) From: 46240K(46592K)->5624K(46592K)
[8.435s][info][gc,heap        ] GC(136) ParOldGen: 1268128K(1307136K)->1307098K(1451008K)
[8.435s][info][gc,metaspace   ] GC(136) Metaspace: 6298K(6464K)->6298K(6464K) NonClass: 5765K(5824K)->5765K(5824K) Class: 533K(640K)->533K(640K)
[8.435s][info][gc             ] GC(136) Pause Full (Ergonomics) 1283M->1281M(1482M) 654.045ms
[8.435s][info][gc,cpu         ] GC(136) User=4.67s Sys=0.03s Real=0.65s
[8.455s][info][gc,start       ] GC(137) Pause Young (Allocation Failure)
[8.527s][info][gc,heap        ] GC(137) PSYoungGen: 25592K(66560K)->15232K(117760K) Eden: 19968K(19968K)->0K(22016K) From: 5624K(46592K)->15232K(95744K)
[8.528s][info][gc,heap        ] GC(137) ParOldGen: 1307098K(1451008K)->1310098K(1451008K)
[8.528s][info][gc,metaspace   ] GC(137) Metaspace: 6298K(6464K)->6298K(6464K) NonClass: 5765K(5824K)->5765K(5824K) Class: 533K(640K)->533K(640K)
[8.528s][info][gc             ] GC(137) Pause Young (Allocation Failure) 1301M->1294M(1532M) 72.352ms
[8.528s][info][gc,cpu         ] GC(137) User=0.39s Sys=0.00s Real=0.07s
[8.559s][info][gc,start       ] GC(138) Pause Young (Allocation Failure)
[8.585s][info][gc,heap        ] GC(138) PSYoungGen: 37248K(117760K)->37312K(59392K) Eden: 22016K(22016K)->0K(22016K) From: 15232K(95744K)->37312K(37376K)
[8.585s][info][gc,heap        ] GC(138) ParOldGen: 1310098K(1451008K)->1310098K(1451008K)
[8.585s][info][gc,metaspace   ] GC(138) Metaspace: 6298K(6464K)->6298K(6464K) NonClass: 5765K(5824K)->5765K(5824K) Class: 533K(640K)->533K(640K)
[8.585s][info][gc             ] GC(138) Pause Young (Allocation Failure) 1315M->1315M(1475M) 26.133ms
[8.585s][info][gc,cpu         ] GC(138) User=0.12s Sys=0.02s Real=0.03s
[8.610s][info][gc,start       ] GC(139) Pause Young (Allocation Failure)
[8.643s][info][gc,heap        ] GC(139) PSYoungGen: 59328K(59392K)->59360K(115712K) Eden: 22016K(22016K)->0K(23552K) From: 37312K(37376K)->59360K(92160K)
[8.643s][info][gc,heap        ] GC(139) ParOldGen: 1310098K(1451008K)->1310098K(1451008K)
[8.643s][info][gc,metaspace   ] GC(139) Metaspace: 6298K(6464K)->6298K(6464K) NonClass: 5765K(5824K)->5765K(5824K) Class: 533K(640K)->533K(640K)
[8.643s][info][gc             ] GC(139) Pause Young (Allocation Failure) 1337M->1337M(1530M) 32.411ms
[8.643s][info][gc,cpu         ] GC(139) User=0.16s Sys=0.00s Real=0.03s
[8.674s][info][gc,start       ] GC(140) Pause Young (Allocation Failure)
[8.717s][info][gc,heap        ] GC(140) PSYoungGen: 82912K(115712K)->82912K(116736K) Eden: 23552K(23552K)->0K(23552K) From: 59360K(92160K)->82912K(93184K)
[8.717s][info][gc,heap        ] GC(140) ParOldGen: 1310098K(1451008K)->1310098K(1451008K)
[8.717s][info][gc,metaspace   ] GC(140) Metaspace: 6298K(6464K)->6298K(6464K) NonClass: 5765K(5824K)->5765K(5824K) Class: 533K(640K)->533K(640K)
[8.717s][info][gc             ] GC(140) Pause Young (Allocation Failure) 1360M->1360M(1531M) 43.401ms
[8.717s][info][gc,cpu         ] GC(140) User=0.25s Sys=0.00s Real=0.04s
[8.983s][info][gc,start       ] GC(141) Pause Young (Allocation Failure)
[9.064s][info][gc,heap        ] GC(141) PSYoungGen: 106464K(116736K)->102400K(112640K) Eden: 23552K(23552K)->0K(10240K) From: 82912K(93184K)->102400K(102400K)
[9.064s][info][gc,heap        ] GC(141) ParOldGen: 1375634K(1451008K)->1379650K(1451008K)
[9.064s][info][gc,metaspace   ] GC(141) Metaspace: 6298K(6464K)->6298K(6464K) NonClass: 5765K(5824K)->5765K(5824K) Class: 533K(640K)->533K(640K)
[9.064s][info][gc             ] GC(141) Pause Young (Allocation Failure) 1447M->1447M(1527M) 80.775ms
[9.064s][info][gc,cpu         ] GC(141) User=0.45s Sys=0.08s Real=0.08s
[9.073s][info][gc,start       ] GC(142) Pause Young (Allocation Failure)
[9.131s][info][gc,heap        ] GC(142) PSYoungGen: 112639K(112640K)->78272K(129024K) Eden: 10239K(10240K)->0K(10240K) From: 102400K(102400K)->78272K(118784K)
[9.131s][info][gc,heap        ] GC(142) ParOldGen: 1379650K(1451008K)->1414530K(1451008K)
[9.131s][info][gc,metaspace   ] GC(142) Metaspace: 6298K(6464K)->6298K(6464K) NonClass: 5765K(5824K)->5765K(5824K) Class: 533K(640K)->533K(640K)
[9.131s][info][gc             ] GC(142) Pause Young (Allocation Failure) 1457M->1457M(1543M) 57.279ms
[9.131s][info][gc,cpu         ] GC(142) User=0.30s Sys=0.02s Real=0.06s
[9.131s][info][gc,start       ] GC(143) Pause Full (Ergonomics)
[9.131s][info][gc,phases,start] GC(143) Marking Phase
[9.446s][info][gc,phases      ] GC(143) Marking Phase 315.394ms
[9.446s][info][gc,phases,start] GC(143) Summary Phase
[9.446s][info][gc,phases      ] GC(143) Summary Phase 0.034ms
[9.446s][info][gc,phases,start] GC(143) Adjust Roots
[9.446s][info][gc,phases      ] GC(143) Adjust Roots 0.161ms
[9.446s][info][gc,phases,start] GC(143) Compaction Phase
[9.678s][info][gc,phases      ] GC(143) Compaction Phase 231.503ms
[9.678s][info][gc,phases,start] GC(143) Post Compact
[9.681s][info][gc,phases      ] GC(143) Post Compact 2.968ms
[9.682s][info][gc,heap        ] GC(143) PSYoungGen: 78272K(129024K)->8530K(129024K) Eden: 0K(10240K)->0K(10240K) From: 78272K(118784K)->8530K(118784K)
[9.682s][info][gc,heap        ] GC(143) ParOldGen: 1414530K(1451008K)->1450557K(1604608K)
[9.682s][info][gc,metaspace   ] GC(143) Metaspace: 6298K(6464K)->6298K(6464K) NonClass: 5765K(5824K)->5765K(5824K) Class: 533K(640K)->533K(640K)
[9.682s][info][gc             ] GC(143) Pause Full (Ergonomics) 1457M->1424M(1693M) 550.895ms
[9.682s][info][gc,cpu         ] GC(143) User=3.81s Sys=0.02s Real=0.55s
[9.693s][info][gc,start       ] GC(144) Pause Young (Allocation Failure)
[9.769s][info][gc,heap        ] GC(144) PSYoungGen: 18770K(129024K)->15648K(131584K) Eden: 10240K(10240K)->0K(10752K) From: 8530K(118784K)->15648K(120832K)
[9.769s][info][gc,heap        ] GC(144) ParOldGen: 1450557K(1604608K)->1453917K(1604608K)
[9.769s][info][gc,metaspace   ] GC(144) Metaspace: 6298K(6464K)->6298K(6464K) NonClass: 5765K(5824K)->5765K(5824K) Class: 533K(640K)->533K(640K)
[9.769s][info][gc             ] GC(144) Pause Young (Allocation Failure) 1434M->1435M(1695M) 75.470ms
[9.769s][info][gc,cpu         ] GC(144) User=0.55s Sys=0.00s Real=0.08s
[9.779s][info][gc,start       ] GC(145) Pause Young (Allocation Failure)
[9.803s][info][gc,heap        ] GC(145) PSYoungGen: 26400K(131584K)->26400K(37376K) Eden: 10752K(10752K)->0K(10752K) From: 15648K(120832K)->26400K(26624K)
[9.803s][info][gc,heap        ] GC(145) ParOldGen: 1453917K(1604608K)->1453917K(1604608K)
[9.803s][info][gc,metaspace   ] GC(145) Metaspace: 6298K(6464K)->6298K(6464K) NonClass: 5765K(5824K)->5765K(5824K) Class: 533K(640K)->533K(640K)
[9.803s][info][gc             ] GC(145) Pause Young (Allocation Failure) 1445M->1445M(1603M) 23.381ms
[9.803s][info][gc,cpu         ] GC(145) User=0.02s Sys=0.00s Real=0.02s
[9.812s][info][gc,start       ] GC(146) Pause Young (Allocation Failure)
[9.838s][info][gc,heap        ] GC(146) PSYoungGen: 37152K(37376K)->35712K(122368K) Eden: 10752K(10752K)->0K(12288K) From: 26400K(26624K)->35712K(110080K)
[9.838s][info][gc,heap        ] GC(146) ParOldGen: 1453917K(1604608K)->1455373K(1604608K)
[9.838s][info][gc,metaspace   ] GC(146) Metaspace: 6298K(6464K)->6298K(6464K) NonClass: 5765K(5824K)->5765K(5824K) Class: 533K(640K)->533K(640K)
[9.838s][info][gc             ] GC(146) Pause Young (Allocation Failure) 1456M->1456M(1686M) 25.671ms
[9.838s][info][gc,cpu         ] GC(146) User=0.03s Sys=0.00s Real=0.03s
[9.849s][info][gc,start       ] GC(147) Pause Young (Allocation Failure)
[9.878s][info][gc,heap        ] GC(147) PSYoungGen: 48000K(122368K)->46272K(58880K) Eden: 12288K(12288K)->0K(12288K) From: 35712K(110080K)->46272K(46592K)
[9.878s][info][gc,heap        ] GC(147) ParOldGen: 1455373K(1604608K)->1457165K(1604608K)
[9.878s][info][gc,metaspace   ] GC(147) Metaspace: 6298K(6464K)->6298K(6464K) NonClass: 5765K(5824K)->5765K(5824K) Class: 533K(640K)->533K(640K)
[9.878s][info][gc             ] GC(147) Pause Young (Allocation Failure) 1468M->1468M(1624M) 28.891ms
[9.878s][info][gc,cpu         ] GC(147) User=0.03s Sys=0.00s Real=0.03s
[9.889s][info][gc,start       ] GC(148) Pause Young (Allocation Failure)
[9.923s][info][gc,heap        ] GC(148) PSYoungGen: 58560K(58880K)->46208K(112128K) Eden: 12288K(12288K)->0K(14336K) From: 46272K(46592K)->46208K(97792K)
[9.923s][info][gc,heap        ] GC(148) ParOldGen: 1457165K(1604608K)->1469685K(1604608K)
[9.923s][info][gc,metaspace   ] GC(148) Metaspace: 6298K(6464K)->6298K(6464K) NonClass: 5765K(5824K)->5765K(5824K) Class: 533K(640K)->533K(640K)
[9.923s][info][gc             ] GC(148) Pause Young (Allocation Failure) 1480M->1480M(1676M) 33.556ms
[9.923s][info][gc,cpu         ] GC(148) User=0.05s Sys=0.00s Real=0.03s
[9.937s][info][gc,start       ] GC(149) Pause Young (Allocation Failure)
[9.971s][info][gc,heap        ] GC(149) PSYoungGen: 60544K(112128K)->38976K(53760K) Eden: 14336K(14336K)->0K(14336K) From: 46208K(97792K)->38976K(39424K)
[9.971s][info][gc,heap        ] GC(149) ParOldGen: 1469685K(1604608K)->1491445K(1604608K)
[9.971s][info][gc,metaspace   ] GC(149) Metaspace: 6298K(6464K)->6298K(6464K) NonClass: 5765K(5824K)->5765K(5824K) Class: 533K(640K)->533K(640K)
[9.971s][info][gc             ] GC(149) Pause Young (Allocation Failure) 1494M->1494M(1619M) 33.769ms
[9.971s][info][gc,cpu         ] GC(149) User=0.14s Sys=0.00s Real=0.03s
[9.987s][info][gc,start       ] GC(150) Pause Young (Allocation Failure)
[10.018s][info][gc,heap        ] GC(150) PSYoungGen: 53312K(53760K)->28800K(111104K) Eden: 14336K(14336K)->0K(16384K) From: 38976K(39424K)->28800K(94720K)
[10.018s][info][gc,heap        ] GC(150) ParOldGen: 1491445K(1604608K)->1516317K(1604608K)
[10.018s][info][gc,metaspace   ] GC(150) Metaspace: 6298K(6464K)->6298K(6464K) NonClass: 5765K(5824K)->5765K(5824K) Class: 533K(640K)->533K(640K)
[10.018s][info][gc             ] GC(150) Pause Young (Allocation Failure) 1508M->1508M(1675M) 31.622ms
[10.019s][info][gc,cpu         ] GC(150) User=0.09s Sys=0.02s Real=0.03s
[10.037s][info][gc,start       ] GC(151) Pause Young (Allocation Failure)
[10.067s][info][gc,heap        ] GC(151) PSYoungGen: 45184K(111104K)->16512K(113152K) Eden: 16384K(16384K)->0K(16384K) From: 28800K(94720K)->16512K(96768K)
[10.067s][info][gc,heap        ] GC(151) ParOldGen: 1516317K(1604608K)->1545349K(1604608K)
[10.067s][info][gc,metaspace   ] GC(151) Metaspace: 6298K(6464K)->6298K(6464K) NonClass: 5765K(5824K)->5765K(5824K) Class: 533K(640K)->533K(640K)
[10.067s][info][gc             ] GC(151) Pause Young (Allocation Failure) 1524M->1525M(1677M) 30.417ms
[10.067s][info][gc,cpu         ] GC(151) User=0.05s Sys=0.00s Real=0.03s
[10.085s][info][gc,start       ] GC(152) Pause Young (Allocation Failure)
[10.111s][info][gc,heap        ] GC(152) PSYoungGen: 32896K(113152K)->16544K(113664K) Eden: 16384K(16384K)->0K(18944K) From: 16512K(96768K)->16544K(94720K)
[10.111s][info][gc,heap        ] GC(152) ParOldGen: 1545349K(1604608K)->1561949K(1604608K)
[10.111s][info][gc,metaspace   ] GC(152) Metaspace: 6298K(6464K)->6298K(6464K) NonClass: 5765K(5824K)->5765K(5824K) Class: 533K(640K)->533K(640K)
[10.111s][info][gc             ] GC(152) Pause Young (Allocation Failure) 1541M->1541M(1678M) 26.338ms
[10.111s][info][gc,cpu         ] GC(152) User=0.03s Sys=0.00s Real=0.03s
[10.111s][info][gc,start       ] GC(153) Pause Full (Ergonomics)
[10.111s][info][gc,phases,start] GC(153) Marking Phase
[10.448s][info][gc,phases      ] GC(153) Marking Phase 336.521ms
[10.448s][info][gc,phases,start] GC(153) Summary Phase
[10.448s][info][gc,phases      ] GC(153) Summary Phase 0.047ms
[10.448s][info][gc,phases,start] GC(153) Adjust Roots
[10.448s][info][gc,phases      ] GC(153) Adjust Roots 0.170ms
[10.448s][info][gc,phases,start] GC(153) Compaction Phase
[10.597s][info][gc,phases      ] GC(153) Compaction Phase 148.587ms
[10.597s][info][gc,phases,start] GC(153) Post Compact
[10.600s][info][gc,phases      ] GC(153) Post Compact 2.941ms
[10.600s][info][gc,heap        ] GC(153) PSYoungGen: 16544K(113664K)->0K(114688K) Eden: 0K(18944K)->0K(18944K) From: 16544K(94720K)->0K(95744K)
[10.600s][info][gc,heap        ] GC(153) ParOldGen: 1561949K(1604608K)->1576583K(1740288K)
[10.600s][info][gc,metaspace   ] GC(153) Metaspace: 6298K(6464K)->6298K(6464K) NonClass: 5765K(5824K)->5765K(5824K) Class: 533K(640K)->533K(640K)
[10.600s][info][gc             ] GC(153) Pause Full (Ergonomics) 1541M->1539M(1811M) 489.096ms
[10.601s][info][gc,cpu         ] GC(153) User=3.27s Sys=0.02s Real=0.49s
[10.624s][info][gc,start       ] GC(154) Pause Young (Allocation Failure)
[10.646s][info][gc,heap        ] GC(154) PSYoungGen: 18944K(114688K)->19072K(111616K) Eden: 18944K(18944K)->0K(20992K) From: 0K(95744K)->19072K(90624K)
[10.646s][info][gc,heap        ] GC(154) ParOldGen: 1576583K(1740288K)->1576583K(1740288K)
[10.646s][info][gc,metaspace   ] GC(154) Metaspace: 6298K(6464K)->6298K(6464K) NonClass: 5765K(5824K)->5765K(5824K) Class: 533K(640K)->533K(640K)
[10.646s][info][gc             ] GC(154) Pause Young (Allocation Failure) 1558M->1558M(1808M) 22.634ms
[10.646s][info][gc,cpu         ] GC(154) User=0.03s Sys=0.00s Real=0.02s
[10.667s][info][gc,start       ] GC(155) Pause Young (Allocation Failure)
[10.694s][info][gc,heap        ] GC(155) PSYoungGen: 40064K(111616K)->21152K(42496K) Eden: 20992K(20992K)->0K(20992K) From: 19072K(90624K)->21152K(21504K)
[10.694s][info][gc,heap        ] GC(155) ParOldGen: 1576583K(1740288K)->1595791K(1740288K)
[10.694s][info][gc,metaspace   ] GC(155) Metaspace: 6298K(6464K)->6298K(6464K) NonClass: 5765K(5824K)->5765K(5824K) Class: 533K(640K)->533K(640K)
[10.694s][info][gc             ] GC(155) Pause Young (Allocation Failure) 1578M->1579M(1741M) 27.361ms
[10.694s][info][gc,cpu         ] GC(155) User=0.03s Sys=0.00s Real=0.03s
[10.714s][info][gc,start       ] GC(156) Pause Young (Allocation Failure)
[10.742s][info][gc,heap        ] GC(156) PSYoungGen: 42144K(42496K)->21152K(109056K) Eden: 20992K(20992K)->0K(23552K) From: 21152K(21504K)->21152K(85504K)
[10.742s][info][gc,heap        ] GC(156) ParOldGen: 1595791K(1740288K)->1617071K(1740288K)
[10.742s][info][gc,metaspace   ] GC(156) Metaspace: 6298K(6464K)->6298K(6464K) NonClass: 5765K(5824K)->5765K(5824K) Class: 533K(640K)->533K(640K)
[10.742s][info][gc             ] GC(156) Pause Young (Allocation Failure) 1599M->1599M(1806M) 27.616ms
[10.742s][info][gc,cpu         ] GC(156) User=0.02s Sys=0.00s Real=0.03s
[10.765s][info][gc,start       ] GC(157) Pause Young (Allocation Failure)
[10.794s][info][gc,heap        ] GC(157) PSYoungGen: 44704K(109056K)->23680K(47616K) Eden: 23552K(23552K)->0K(23552K) From: 21152K(85504K)->23680K(24064K)
[10.794s][info][gc,heap        ] GC(157) ParOldGen: 1617071K(1740288K)->1638359K(1740288K)
[10.794s][info][gc,metaspace   ] GC(157) Metaspace: 6298K(6464K)->6298K(6464K) NonClass: 5765K(5824K)->5765K(5824K) Class: 533K(640K)->533K(640K)
[10.794s][info][gc             ] GC(157) Pause Young (Allocation Failure) 1622M->1623M(1746M) 29.101ms
[10.794s][info][gc,cpu         ] GC(157) User=0.12s Sys=0.00s Real=0.03s
[10.818s][info][gc,start       ] GC(158) Pause Young (Allocation Failure)
[10.850s][info][gc,heap        ] GC(158) PSYoungGen: 47232K(47616K)->23680K(103936K) Eden: 23552K(23552K)->0K(26624K) From: 23680K(24064K)->23680K(77312K)
[10.850s][info][gc,heap        ] GC(158) ParOldGen: 1638359K(1740288K)->1662239K(1740288K)
[10.850s][info][gc,metaspace   ] GC(158) Metaspace: 6298K(6464K)->6298K(6464K) NonClass: 5765K(5824K)->5765K(5824K) Class: 533K(640K)->533K(640K)
[10.850s][info][gc             ] GC(158) Pause Young (Allocation Failure) 1646M->1646M(1801M) 31.796ms
[10.850s][info][gc,cpu         ] GC(158) User=0.03s Sys=0.00s Real=0.03s
[10.877s][info][gc,start       ] GC(159) Pause Young (Allocation Failure)
[10.909s][info][gc,heap        ] GC(159) PSYoungGen: 50304K(103936K)->26784K(53760K) Eden: 26624K(26624K)->0K(26624K) From: 23680K(77312K)->26784K(27136K)
[10.909s][info][gc,heap        ] GC(159) ParOldGen: 1662239K(1740288K)->1686103K(1740288K)
[10.909s][info][gc,metaspace   ] GC(159) Metaspace: 6298K(6464K)->6298K(6464K) NonClass: 5765K(5824K)->5765K(5824K) Class: 533K(640K)->533K(640K)
[10.909s][info][gc             ] GC(159) Pause Young (Allocation Failure) 1672M->1672M(1752M) 31.700ms
[10.909s][info][gc,cpu         ] GC(159) User=0.05s Sys=0.00s Real=0.03s
[10.937s][info][gc,start       ] GC(160) Pause Young (Allocation Failure)
[10.971s][info][gc,heap        ] GC(160) PSYoungGen: 53408K(53760K)->26784K(99840K) Eden: 26624K(26624K)->0K(29696K) From: 26784K(27136K)->26784K(70144K)
[10.971s][info][gc,heap        ] GC(160) ParOldGen: 1686103K(1740288K)->1713095K(1740288K)
[10.971s][info][gc,metaspace   ] GC(160) Metaspace: 6298K(6464K)->6298K(6464K) NonClass: 5765K(5824K)->5765K(5824K) Class: 533K(640K)->533K(640K)
[10.971s][info][gc             ] GC(160) Pause Young (Allocation Failure) 1698M->1699M(1797M) 34.515ms
[10.971s][info][gc,cpu         ] GC(160) User=0.06s Sys=0.00s Real=0.03s
[10.972s][info][gc,start       ] GC(161) Pause Full (Ergonomics)
[10.972s][info][gc,phases,start] GC(161) Marking Phase
[11.349s][info][gc,phases      ] GC(161) Marking Phase 377.385ms
[11.349s][info][gc,phases,start] GC(161) Summary Phase
[11.349s][info][gc,phases      ] GC(161) Summary Phase 0.048ms
[11.349s][info][gc,phases,start] GC(161) Adjust Roots
[11.349s][info][gc,phases      ] GC(161) Adjust Roots 0.161ms
[11.349s][info][gc,phases,start] GC(161) Compaction Phase
[11.525s][info][gc,phases      ] GC(161) Compaction Phase 175.272ms
[11.525s][info][gc,phases,start] GC(161) Post Compact
[11.528s][info][gc,phases      ] GC(161) Post Compact 3.071ms
[11.528s][info][gc,heap        ] GC(161) PSYoungGen: 26784K(99840K)->0K(103424K) Eden: 0K(29696K)->0K(29696K) From: 26784K(70144K)->0K(73728K)
[11.528s][info][gc,heap        ] GC(161) ParOldGen: 1713095K(1740288K)->1737652K(1915392K)
[11.528s][info][gc,metaspace   ] GC(161) Metaspace: 6298K(6464K)->6298K(6464K) NonClass: 5765K(5824K)->5765K(5824K) Class: 533K(640K)->533K(640K)
[11.528s][info][gc             ] GC(161) Pause Full (Ergonomics) 1699M->1696M(1971M) 556.869ms
[11.528s][info][gc,cpu         ] GC(161) User=4.05s Sys=0.02s Real=0.56s
[11.563s][info][gc,start       ] GC(162) Pause Young (Allocation Failure)
[11.589s][info][gc,heap        ] GC(162) PSYoungGen: 29696K(103424K)->29888K(97792K) Eden: 29696K(29696K)->0K(32768K) From: 0K(73728K)->29888K(65024K)
[11.589s][info][gc,heap        ] GC(162) ParOldGen: 1737652K(1915392K)->1737652K(1915392K)
[11.589s][info][gc,metaspace   ] GC(162) Metaspace: 6298K(6464K)->6298K(6464K) NonClass: 5765K(5824K)->5765K(5824K) Class: 533K(640K)->533K(640K)
[11.589s][info][gc             ] GC(162) Pause Young (Allocation Failure) 1725M->1726M(1966M) 26.039ms
[11.589s][info][gc,cpu         ] GC(162) User=0.03s Sys=0.00s Real=0.03s
[11.623s][info][gc,start       ] GC(163) Pause Young (Allocation Failure)
[11.660s][info][gc,heap        ] GC(163) PSYoungGen: 62656K(97792K)->62624K(102400K) Eden: 32768K(32768K)->0K(32768K) From: 29888K(65024K)->62624K(69632K)
[11.660s][info][gc,heap        ] GC(163) ParOldGen: 1737652K(1915392K)->1737652K(1915392K)
[11.660s][info][gc,metaspace   ] GC(163) Metaspace: 6298K(6464K)->6298K(6464K) NonClass: 5765K(5824K)->5765K(5824K) Class: 533K(640K)->533K(640K)
[11.660s][info][gc             ] GC(163) Pause Young (Allocation Failure) 1758M->1758M(1970M) 36.940ms
[11.660s][info][gc,cpu         ] GC(163) User=0.16s Sys=0.00s Real=0.04s
[11.694s][info][gc,start       ] GC(164) Pause Young (Allocation Failure)
[11.742s][info][gc,heap        ] GC(164) PSYoungGen: 95392K(102400K)->77312K(94720K) Eden: 32768K(32768K)->0K(17408K) From: 62624K(69632K)->77312K(77312K)
[11.742s][info][gc,heap        ] GC(164) ParOldGen: 1737652K(1915392K)->1755884K(1915392K)
[11.742s][info][gc,metaspace   ] GC(164) Metaspace: 6298K(6464K)->6298K(6464K) NonClass: 5765K(5824K)->5765K(5824K) Class: 533K(640K)->533K(640K)
[11.742s][info][gc             ] GC(164) Pause Young (Allocation Failure) 1790M->1790M(1963M) 47.963ms
[11.742s][info][gc,cpu         ] GC(164) User=0.23s Sys=0.03s Real=0.05s
[11.760s][info][gc,start       ] GC(165) Pause Young (Allocation Failure)
[11.808s][info][gc,heap        ] GC(165) PSYoungGen: 94720K(94720K)->44704K(62464K) Eden: 17408K(17408K)->0K(17408K) From: 77312K(77312K)->44704K(45056K)
[11.808s][info][gc,heap        ] GC(165) ParOldGen: 1755884K(1915392K)->1806708K(1915392K)
[11.808s][info][gc,metaspace   ] GC(165) Metaspace: 6298K(6464K)->6298K(6464K) NonClass: 5765K(5824K)->5765K(5824K) Class: 533K(640K)->533K(640K)
[11.808s][info][gc             ] GC(165) Pause Young (Allocation Failure) 1807M->1808M(1931M) 47.245ms
[11.808s][info][gc,cpu         ] GC(165) User=0.19s Sys=0.08s Real=0.05s
[11.827s][info][gc,start       ] GC(166) Pause Young (Allocation Failure)
[11.861s][info][gc,heap        ] GC(166) PSYoungGen: 62112K(62464K)->34976K(102912K) Eden: 17408K(17408K)->0K(19456K) From: 44704K(45056K)->34976K(83456K)
[11.861s][info][gc,heap        ] GC(166) ParOldGen: 1806708K(1915392K)->1834172K(1915392K)
[11.861s][info][gc,metaspace   ] GC(166) Metaspace: 6298K(6464K)->6298K(6464K) NonClass: 5765K(5824K)->5765K(5824K) Class: 533K(640K)->533K(640K)
[11.862s][info][gc             ] GC(166) Pause Young (Allocation Failure) 1825M->1825M(1971M) 34.764ms
[11.862s][info][gc,cpu         ] GC(166) User=0.12s Sys=0.00s Real=0.03s
[11.883s][info][gc,start       ] GC(167) Pause Young (Allocation Failure)
[11.916s][info][gc,heap        ] GC(167) PSYoungGen: 54432K(102912K)->37056K(56832K) Eden: 19456K(19456K)->0K(19456K) From: 34976K(83456K)->37056K(37376K)
[11.916s][info][gc,heap        ] GC(167) ParOldGen: 1834172K(1915392K)->1851812K(1915392K)
[11.916s][info][gc,metaspace   ] GC(167) Metaspace: 6298K(6464K)->6298K(6464K) NonClass: 5765K(5824K)->5765K(5824K) Class: 533K(640K)->533K(640K)
[11.916s][info][gc             ] GC(167) Pause Young (Allocation Failure) 1844M->1844M(1926M) 33.159ms
[11.916s][info][gc,cpu         ] GC(167) User=0.14s Sys=0.00s Real=0.03s
[11.940s][info][gc,start       ] GC(168) Pause Young (Allocation Failure)
[11.975s][info][gc,heap        ] GC(168) PSYoungGen: 56512K(56832K)->39072K(97280K) Eden: 19456K(19456K)->0K(22016K) From: 37056K(37376K)->39072K(75264K)
[11.975s][info][gc,heap        ] GC(168) ParOldGen: 1851812K(1915392K)->1869452K(1915392K)
[11.975s][info][gc,metaspace   ] GC(168) Metaspace: 6298K(6464K)->6298K(6464K) NonClass: 5765K(5824K)->5765K(5824K) Class: 533K(640K)->533K(640K)
[11.975s][info][gc             ] GC(168) Pause Young (Allocation Failure) 1863M->1863M(1965M) 34.941ms
[11.975s][info][gc,cpu         ] GC(168) User=0.14s Sys=0.00s Real=0.04s
[12.000s][info][gc,start       ] GC(169) Pause Young (Allocation Failure)
[12.037s][info][gc,heap        ] GC(169) PSYoungGen: 61088K(97280K)->41664K(101376K) Eden: 22016K(22016K)->0K(22016K) From: 39072K(75264K)->41664K(79360K)
[12.037s][info][gc,heap        ] GC(169) ParOldGen: 1869452K(1915392K)->1889196K(1915392K)
[12.037s][info][gc,metaspace   ] GC(169) Metaspace: 6298K(6464K)->6298K(6464K) NonClass: 5765K(5824K)->5765K(5824K) Class: 533K(640K)->533K(640K)
[12.037s][info][gc             ] GC(169) Pause Young (Allocation Failure) 1885M->1885M(1969M) 36.452ms
[12.037s][info][gc,cpu         ] GC(169) User=0.14s Sys=0.02s Real=0.04s
[12.037s][info][gc,start       ] GC(170) Pause Full (Ergonomics)
[12.037s][info][gc,phases,start] GC(170) Marking Phase
[12.468s][info][gc,phases      ] GC(170) Marking Phase 431.044ms
[12.468s][info][gc,phases,start] GC(170) Summary Phase
[12.468s][info][gc,phases      ] GC(170) Summary Phase 0.033ms
[12.468s][info][gc,phases,start] GC(170) Adjust Roots
[12.468s][info][gc,phases      ] GC(170) Adjust Roots 0.220ms
[12.468s][info][gc,phases,start] GC(170) Compaction Phase
[12.650s][info][gc,phases      ] GC(170) Compaction Phase 181.473ms
[12.650s][info][gc,phases,start] GC(170) Post Compact
[12.653s][info][gc,phases      ] GC(170) Post Compact 3.714ms
[12.654s][info][gc,heap        ] GC(170) PSYoungGen: 41664K(101376K)->13310K(101376K) Eden: 0K(22016K)->0K(22016K) From: 41664K(79360K)->13310K(79360K)
[12.655s][info][gc,heap        ] GC(170) ParOldGen: 1889196K(1915392K)->1915060K(2106368K)
[12.655s][info][gc,metaspace   ] GC(170) Metaspace: 6298K(6464K)->6298K(6464K) NonClass: 5765K(5824K)->5765K(5824K) Class: 533K(640K)->533K(640K)
[12.655s][info][gc             ] GC(170) Pause Full (Ergonomics) 1885M->1883M(2156M) 617.768ms
[12.655s][info][gc,cpu         ] GC(170) User=4.48s Sys=0.00s Real=0.62s
[12.678s][info][gc,start       ] GC(171) Pause Young (Allocation Failure)
[12.776s][info][gc,heap        ] GC(171) PSYoungGen: 35326K(101376K)->27392K(97280K) Eden: 22016K(22016K)->0K(24576K) From: 13310K(79360K)->27392K(72704K)
[12.776s][info][gc,heap        ] GC(171) ParOldGen: 1915060K(2106368K)->1923276K(2106368K)
[12.776s][info][gc,metaspace   ] GC(171) Metaspace: 6298K(6464K)->6298K(6464K) NonClass: 5765K(5824K)->5765K(5824K) Class: 533K(640K)->533K(640K)
[12.776s][info][gc             ] GC(171) Pause Young (Allocation Failure) 1904M->1904M(2152M) 97.838ms
[12.776s][info][gc,cpu         ] GC(171) User=0.62s Sys=0.00s Real=0.10s
[12.804s][info][gc,start       ] GC(172) Pause Young (Allocation Failure)
[12.838s][info][gc,heap        ] GC(172) PSYoungGen: 51968K(97280K)->52000K(99328K) Eden: 24576K(24576K)->0K(24576K) From: 27392K(72704K)->52000K(74752K)
[12.838s][info][gc,heap        ] GC(172) ParOldGen: 1923276K(2106368K)->1923276K(2106368K)
[12.838s][info][gc,metaspace   ] GC(172) Metaspace: 6298K(6464K)->6298K(6464K) NonClass: 5765K(5824K)->5765K(5824K) Class: 533K(640K)->533K(640K)
[12.838s][info][gc             ] GC(172) Pause Young (Allocation Failure) 1928M->1928M(2154M) 33.471ms
[12.838s][info][gc,cpu         ] GC(172) User=0.16s Sys=0.00s Real=0.03s
[12.866s][info][gc,start       ] GC(173) Pause Young (Allocation Failure)
[12.909s][info][gc,heap        ] GC(173) PSYoungGen: 76576K(99328K)->76288K(93696K) Eden: 24576K(24576K)->0K(17408K) From: 52000K(74752K)->76288K(76288K)
[12.909s][info][gc,heap        ] GC(173) ParOldGen: 1923276K(2106368K)->1923524K(2106368K)
[12.909s][info][gc,metaspace   ] GC(173) Metaspace: 6298K(6464K)->6298K(6464K) NonClass: 5765K(5824K)->5765K(5824K) Class: 533K(640K)->533K(640K)
[12.909s][info][gc             ] GC(173) Pause Young (Allocation Failure) 1952M->1952M(2148M) 42.423ms
[12.909s][info][gc,cpu         ] GC(173) User=0.16s Sys=0.00s Real=0.04s
[12.931s][info][gc,start       ] GC(174) Pause Young (Allocation Failure)
[12.980s][info][gc,heap        ] GC(174) PSYoungGen: 93696K(93696K)->66592K(103424K) Eden: 17408K(17408K)->0K(17408K) From: 76288K(76288K)->66592K(86016K)
[12.980s][info][gc,heap        ] GC(174) ParOldGen: 1923524K(2106368K)->1951084K(2106368K)
[12.980s][info][gc,metaspace   ] GC(174) Metaspace: 6298K(6464K)->6298K(6464K) NonClass: 5765K(5824K)->5765K(5824K) Class: 533K(640K)->533K(640K)
[12.980s][info][gc             ] GC(174) Pause Young (Allocation Failure) 1969M->1970M(2158M) 49.038ms
[12.980s][info][gc,cpu         ] GC(174) User=0.28s Sys=0.00s Real=0.05s
[13.001s][info][gc,start       ] GC(175) Pause Young (Allocation Failure)
[13.047s][info][gc,heap        ] GC(175) PSYoungGen: 84000K(103424K)->59488K(109056K) Eden: 17408K(17408K)->0K(18944K) From: 66592K(86016K)->59488K(90112K)
[13.047s][info][gc,heap        ] GC(175) ParOldGen: 1951084K(2106368K)->1975900K(2106368K)
[13.047s][info][gc,metaspace   ] GC(175) Metaspace: 6298K(6464K)->6298K(6464K) NonClass: 5765K(5824K)->5765K(5824K) Class: 533K(640K)->533K(640K)
[13.047s][info][gc             ] GC(175) Pause Young (Allocation Failure) 1987M->1987M(2163M) 45.640ms
[13.047s][info][gc,cpu         ] GC(175) User=0.22s Sys=0.05s Real=0.05s
[13.068s][info][gc,start       ] GC(176) Pause Young (Allocation Failure)
[13.112s][info][gc,heap        ] GC(176) PSYoungGen: 78432K(109056K)->53888K(109568K) Eden: 18944K(18944K)->0K(18944K) From: 59488K(90112K)->53888K(90624K)
[13.112s][info][gc,heap        ] GC(176) ParOldGen: 1975900K(2106368K)->2000732K(2106368K)
[13.112s][info][gc,metaspace   ] GC(176) Metaspace: 6298K(6464K)->6298K(6464K) NonClass: 5765K(5824K)->5765K(5824K) Class: 533K(640K)->533K(640K)
[13.112s][info][gc             ] GC(176) Pause Young (Allocation Failure) 2006M->2006M(2164M) 43.900ms
[13.112s][info][gc,cpu         ] GC(176) User=0.38s Sys=0.00s Real=0.04s
[13.132s][info][gc,start       ] GC(177) Pause Young (Allocation Failure)
[13.174s][info][gc,heap        ] GC(177) PSYoungGen: 72832K(109568K)->38048K(105472K) Eden: 18944K(18944K)->0K(21504K) From: 53888K(90624K)->38048K(83968K)
[13.174s][info][gc,heap        ] GC(177) ParOldGen: 2000732K(2106368K)->2036004K(2106368K)
[13.174s][info][gc,metaspace   ] GC(177) Metaspace: 6298K(6464K)->6298K(6464K) NonClass: 5765K(5824K)->5765K(5824K) Class: 533K(640K)->533K(640K)
[13.174s][info][gc             ] GC(177) Pause Young (Allocation Failure) 2024M->2025M(2160M) 42.591ms
[13.174s][info][gc,cpu         ] GC(177) User=0.22s Sys=0.02s Real=0.04s
[13.198s][info][gc,start       ] GC(178) Pause Young (Allocation Failure)
[13.234s][info][gc,heap        ] GC(178) PSYoungGen: 59552K(105472K)->21664K(108032K) Eden: 21504K(21504K)->0K(21504K) From: 38048K(83968K)->21664K(86528K)
[13.234s][info][gc,heap        ] GC(178) ParOldGen: 2036004K(2106368K)->2074388K(2106368K)
[13.234s][info][gc,metaspace   ] GC(178) Metaspace: 6298K(6464K)->6298K(6464K) NonClass: 5765K(5824K)->5765K(5824K) Class: 533K(640K)->533K(640K)
[13.234s][info][gc             ] GC(178) Pause Young (Allocation Failure) 2046M->2046M(2162M) 36.124ms
[13.234s][info][gc,cpu         ] GC(178) User=0.16s Sys=0.02s Real=0.04s
[13.234s][info][gc,start       ] GC(179) Pause Full (Ergonomics)
[13.234s][info][gc,phases,start] GC(179) Marking Phase
[13.695s][info][gc,phases      ] GC(179) Marking Phase 461.443ms
[13.695s][info][gc,phases,start] GC(179) Summary Phase
[13.696s][info][gc,phases      ] GC(179) Summary Phase 0.044ms
[13.696s][info][gc,phases,start] GC(179) Adjust Roots
[13.696s][info][gc,phases      ] GC(179) Adjust Roots 0.171ms
[13.696s][info][gc,phases,start] GC(179) Compaction Phase
[13.874s][info][gc,phases      ] GC(179) Compaction Phase 178.441ms
[13.874s][info][gc,phases,start] GC(179) Post Compact
[13.878s][info][gc,phases      ] GC(179) Post Compact 3.776ms
[13.879s][info][gc,heap        ] GC(179) PSYoungGen: 21664K(108032K)->0K(111616K) Eden: 0K(21504K)->0K(24576K) From: 21664K(86528K)->0K(87040K)
[13.879s][info][gc,heap        ] GC(179) ParOldGen: 2074388K(2106368K)->2093499K(2310656K)
[13.879s][info][gc,metaspace   ] GC(179) Metaspace: 6298K(6464K)->6298K(6464K) NonClass: 5765K(5824K)->5765K(5824K) Class: 533K(640K)->533K(640K)
[13.879s][info][gc             ] GC(179) Pause Full (Ergonomics) 2046M->2044M(2365M) 644.904ms
[13.879s][info][gc,cpu         ] GC(179) User=4.75s Sys=0.03s Real=0.64s
[13.907s][info][gc,start       ] GC(180) Pause Young (Allocation Failure)
[13.929s][info][gc,heap        ] GC(180) PSYoungGen: 24576K(111616K)->24704K(111616K) Eden: 24576K(24576K)->0K(24576K) From: 0K(87040K)->24704K(87040K)
[13.929s][info][gc,heap        ] GC(180) ParOldGen: 2093499K(2310656K)->2093499K(2310656K)
[13.930s][info][gc,metaspace   ] GC(180) Metaspace: 6298K(6464K)->6298K(6464K) NonClass: 5765K(5824K)->5765K(5824K) Class: 533K(640K)->533K(640K)
[13.930s][info][gc             ] GC(180) Pause Young (Allocation Failure) 2068M->2068M(2365M) 22.799ms
[13.930s][info][gc,cpu         ] GC(180) User=0.03s Sys=0.00s Real=0.02s
[13.955s][info][gc,start       ] GC(181) Pause Young (Allocation Failure)
[13.986s][info][gc,heap        ] GC(181) PSYoungGen: 49280K(111616K)->49344K(110080K) Eden: 24576K(24576K)->0K(27136K) From: 24704K(87040K)->49344K(82944K)
[13.986s][info][gc,heap        ] GC(181) ParOldGen: 2093499K(2310656K)->2093499K(2310656K)
[13.986s][info][gc,metaspace   ] GC(181) Metaspace: 6298K(6464K)->6298K(6464K) NonClass: 5765K(5824K)->5765K(5824K) Class: 533K(640K)->533K(640K)
[13.986s][info][gc             ] GC(181) Pause Young (Allocation Failure) 2092M->2092M(2364M) 31.602ms
[13.986s][info][gc,cpu         ] GC(181) User=0.14s Sys=0.00s Real=0.03s
[14.014s][info][gc,start       ] GC(182) Pause Young (Allocation Failure)
[14.055s][info][gc,heap        ] GC(182) PSYoungGen: 76480K(110080K)->51904K(111616K) Eden: 27136K(27136K)->0K(27136K) From: 49344K(82944K)->51904K(84480K)
[14.055s][info][gc,heap        ] GC(182) ParOldGen: 2093499K(2310656K)->2118411K(2310656K)
[14.055s][info][gc,metaspace   ] GC(182) Metaspace: 6298K(6464K)->6298K(6464K) NonClass: 5765K(5824K)->5765K(5824K) Class: 533K(640K)->533K(640K)
[14.055s][info][gc             ] GC(182) Pause Young (Allocation Failure) 2119M->2119M(2365M) 40.746ms
[14.055s][info][gc,cpu         ] GC(182) User=0.25s Sys=0.00s Real=0.04s
[14.085s][info][gc,start       ] GC(183) Pause Young (Allocation Failure)
[14.127s][info][gc,heap        ] GC(183) PSYoungGen: 79040K(111616K)->54432K(113664K) Eden: 27136K(27136K)->0K(30208K) From: 51904K(84480K)->54432K(83456K)
[14.127s][info][gc,heap        ] GC(183) ParOldGen: 2118411K(2310656K)->2143323K(2310656K)
[14.127s][info][gc,metaspace   ] GC(183) Metaspace: 6298K(6464K)->6298K(6464K) NonClass: 5765K(5824K)->5765K(5824K) Class: 533K(640K)->533K(640K)
[14.127s][info][gc             ] GC(183) Pause Young (Allocation Failure) 2145M->2146M(2367M) 41.802ms
[14.127s][info][gc,cpu         ] GC(183) User=0.25s Sys=0.00s Real=0.04s
[14.166s][info][gc,start       ] GC(184) Pause Young (Allocation Failure)
[14.211s][info][gc,heap        ] GC(184) PSYoungGen: 84640K(113664K)->57568K(113664K) Eden: 30208K(30208K)->0K(30208K) From: 54432K(83456K)->57568K(83456K)
[14.211s][info][gc,heap        ] GC(184) ParOldGen: 2143323K(2310656K)->2170835K(2310656K)
[14.211s][info][gc,metaspace   ] GC(184) Metaspace: 6298K(6464K)->6298K(6464K) NonClass: 5765K(5824K)->5765K(5824K) Class: 533K(640K)->533K(640K)
[14.211s][info][gc             ] GC(184) Pause Young (Allocation Failure) 2175M->2176M(2367M) 44.913ms
[14.211s][info][gc,cpu         ] GC(184) User=0.25s Sys=0.00s Real=0.04s
[14.251s][info][gc,start       ] GC(185) Pause Young (Allocation Failure)
[14.299s][info][gc,heap        ] GC(185) PSYoungGen: 87776K(113664K)->60608K(116224K) Eden: 30208K(30208K)->0K(32256K) From: 57568K(83456K)->60608K(83968K)
[14.299s][info][gc,heap        ] GC(185) ParOldGen: 2170835K(2310656K)->2198347K(2310656K)
[14.299s][info][gc,metaspace   ] GC(185) Metaspace: 6298K(6464K)->6298K(6464K) NonClass: 5765K(5824K)->5765K(5824K) Class: 533K(640K)->533K(640K)
[14.299s][info][gc             ] GC(185) Pause Young (Allocation Failure) 2205M->2206M(2370M) 47.515ms
[14.299s][info][gc,cpu         ] GC(185) User=0.25s Sys=0.02s Real=0.05s
[14.335s][info][gc,start       ] GC(186) Pause Young (Allocation Failure)
[14.384s][info][gc,heap        ] GC(186) PSYoungGen: 92864K(116224K)->62720K(117760K) Eden: 32256K(32256K)->0K(32256K) From: 60608K(83968K)->62720K(85504K)
[14.384s][info][gc,heap        ] GC(186) ParOldGen: 2198347K(2310656K)->2228995K(2310656K)
[14.384s][info][gc,metaspace   ] GC(186) Metaspace: 6298K(6464K)->6298K(6464K) NonClass: 5765K(5824K)->5765K(5824K) Class: 533K(640K)->533K(640K)
[14.384s][info][gc             ] GC(186) Pause Young (Allocation Failure) 2237M->2238M(2371M) 48.688ms
[14.384s][info][gc,cpu         ] GC(186) User=0.27s Sys=0.00s Real=0.05s
[14.421s][info][gc,start       ] GC(187) Pause Young (Allocation Failure)
[14.471s][info][gc,heap        ] GC(187) PSYoungGen: 94976K(117760K)->64672K(122368K) Eden: 32256K(32256K)->0K(34816K) From: 62720K(85504K)->64672K(87552K)
[14.471s][info][gc,heap        ] GC(187) ParOldGen: 2228995K(2310656K)->2259619K(2310656K)
[14.471s][info][gc,metaspace   ] GC(187) Metaspace: 6298K(6464K)->6298K(6464K) NonClass: 5765K(5824K)->5765K(5824K) Class: 533K(640K)->533K(640K)
[14.471s][info][gc             ] GC(187) Pause Young (Allocation Failure) 2269M->2269M(2376M) 50.028ms
[14.471s][info][gc,cpu         ] GC(187) User=0.28s Sys=0.00s Real=0.05s
[14.512s][info][gc,start       ] GC(188) Pause Young (Allocation Failure)
[14.564s][info][gc,heap        ] GC(188) PSYoungGen: 99488K(122368K)->67264K(123904K) Eden: 34816K(34816K)->0K(34816K) From: 64672K(87552K)->67264K(89088K)
[14.564s][info][gc,heap        ] GC(188) ParOldGen: 2259619K(2310656K)->2292163K(2310656K)
[14.564s][info][gc,metaspace   ] GC(188) Metaspace: 6298K(6464K)->6298K(6464K) NonClass: 5765K(5824K)->5765K(5824K) Class: 533K(640K)->533K(640K)
[14.564s][info][gc             ] GC(188) Pause Young (Allocation Failure) 2303M->2304M(2377M) 52.279ms
[14.564s][info][gc,cpu         ] GC(188) User=0.28s Sys=0.00s Real=0.05s
[14.564s][info][gc,start       ] GC(189) Pause Full (Ergonomics)
[14.564s][info][gc,phases,start] GC(189) Marking Phase
[15.093s][info][gc,phases      ] GC(189) Marking Phase 529.169ms
[15.094s][info][gc,phases,start] GC(189) Summary Phase
[15.094s][info][gc,phases      ] GC(189) Summary Phase 0.041ms
[15.094s][info][gc,phases,start] GC(189) Adjust Roots
[15.094s][info][gc,phases      ] GC(189) Adjust Roots 0.158ms
[15.094s][info][gc,phases,start] GC(189) Compaction Phase
[15.309s][info][gc,phases      ] GC(189) Compaction Phase 215.451ms
[15.309s][info][gc,phases,start] GC(189) Post Compact
[15.314s][info][gc,phases      ] GC(189) Post Compact 4.769ms
[15.315s][info][gc,heap        ] GC(189) PSYoungGen: 67264K(123904K)->46047K(123904K) Eden: 0K(34816K)->0K(34816K) From: 67264K(89088K)->46047K(89088K)
[15.315s][info][gc,heap        ] GC(189) ParOldGen: 2292163K(2310656K)->2310334K(2544128K)
[15.315s][info][gc,metaspace   ] GC(189) Metaspace: 6298K(6464K)->6298K(6464K) NonClass: 5765K(5824K)->5765K(5824K) Class: 533K(640K)->533K(640K)
[15.315s][info][gc             ] GC(189) Pause Full (Ergonomics) 2304M->2301M(2605M) 750.926ms
[15.315s][info][gc,cpu         ] GC(189) User=5.53s Sys=0.00s Real=0.75s
[15.358s][info][gc,start       ] GC(190) Pause Young (Allocation Failure)
[15.497s][info][gc,heap        ] GC(190) PSYoungGen: 80863K(123904K)->58784K(126464K) Eden: 34816K(34816K)->0K(38400K) From: 46047K(89088K)->58784K(88064K)
[15.497s][info][gc,heap        ] GC(190) ParOldGen: 2310334K(2544128K)->2332862K(2544128K)
[15.497s][info][gc,metaspace   ] GC(190) Metaspace: 6298K(6464K)->6298K(6464K) NonClass: 5765K(5824K)->5765K(5824K) Class: 533K(640K)->533K(640K)
[15.497s][info][gc             ] GC(190) Pause Young (Allocation Failure) 2335M->2335M(2608M) 138.341ms
[15.497s][info][gc,cpu         ] GC(190) User=0.89s Sys=0.02s Real=0.14s
[15.542s][info][gc,start       ] GC(191) Pause Young (Allocation Failure)
[15.596s][info][gc,heap        ] GC(191) PSYoungGen: 97184K(126464K)->90112K(128512K) Eden: 38400K(38400K)->0K(38400K) From: 58784K(88064K)->90112K(90112K)
[15.596s][info][gc,heap        ] GC(191) ParOldGen: 2332862K(2544128K)->2339926K(2544128K)
[15.596s][info][gc,metaspace   ] GC(191) Metaspace: 6298K(6464K)->6298K(6464K) NonClass: 5765K(5824K)->5765K(5824K) Class: 533K(640K)->533K(640K)
[15.596s][info][gc             ] GC(191) Pause Young (Allocation Failure) 2373M->2373M(2610M) 53.701ms
[15.596s][info][gc,cpu         ] GC(191) User=0.28s Sys=0.00s Real=0.05s
[15.643s][info][gc,start       ] GC(192) Pause Young (Allocation Failure)
[15.716s][info][gc,heap        ] GC(192) PSYoungGen: 128512K(128512K)->75680K(143360K) Eden: 38400K(38400K)->0K(40448K) From: 90112K(90112K)->75680K(102912K)
[15.716s][info][gc,heap        ] GC(192) ParOldGen: 2339926K(2544128K)->2393334K(2544128K)
[15.716s][info][gc,metaspace   ] GC(192) Metaspace: 6298K(6464K)->6298K(6464K) NonClass: 5765K(5824K)->5765K(5824K) Class: 533K(640K)->533K(640K)
[15.716s][info][gc             ] GC(192) Pause Young (Allocation Failure) 2410M->2411M(2624M) 72.917ms
[15.716s][info][gc,cpu         ] GC(192) User=0.42s Sys=0.09s Real=0.07s
[15.764s][info][gc,start       ] GC(193) Pause Young (Allocation Failure)
[15.830s][info][gc,heap        ] GC(193) PSYoungGen: 116128K(143360K)->79072K(145408K) Eden: 40448K(40448K)->0K(40448K) From: 75680K(102912K)->79072K(104960K)
[15.830s][info][gc,heap        ] GC(193) ParOldGen: 2393334K(2544128K)->2430758K(2544128K)
[15.830s][info][gc,metaspace   ] GC(193) Metaspace: 6298K(6464K)->6298K(6464K) NonClass: 5765K(5824K)->5765K(5824K) Class: 533K(640K)->533K(640K)
[15.830s][info][gc             ] GC(193) Pause Young (Allocation Failure) 2450M->2451M(2626M) 65.548ms
[15.830s][info][gc,cpu         ] GC(193) User=0.41s Sys=0.00s Real=0.06s
[15.880s][info][gc,start       ] GC(194) Pause Young (Allocation Failure)
[15.945s][info][gc,heap        ] GC(194) PSYoungGen: 119520K(145408K)->81120K(149504K) Eden: 40448K(40448K)->0K(41984K) From: 79072K(104960K)->81120K(107520K)
[15.945s][info][gc,heap        ] GC(194) ParOldGen: 2430758K(2544128K)->2469510K(2544128K)
[15.945s][info][gc,metaspace   ] GC(194) Metaspace: 6298K(6464K)->6298K(6464K) NonClass: 5765K(5824K)->5765K(5824K) Class: 533K(640K)->533K(640K)
[15.945s][info][gc             ] GC(194) Pause Young (Allocation Failure) 2490M->2490M(2630M) 64.724ms
[15.945s][info][gc,cpu         ] GC(194) User=0.44s Sys=0.00s Real=0.07s
[15.994s][info][gc,start       ] GC(195) Pause Young (Allocation Failure)
[16.060s][info][gc,heap        ] GC(195) PSYoungGen: 123104K(149504K)->82688K(152576K) Eden: 41984K(41984K)->0K(41984K) From: 81120K(107520K)->82688K(110592K)
[16.060s][info][gc,heap        ] GC(195) ParOldGen: 2469510K(2544128K)->2510334K(2544128K)
[16.060s][info][gc,metaspace   ] GC(195) Metaspace: 6298K(6464K)->6298K(6464K) NonClass: 5765K(5824K)->5765K(5824K) Class: 533K(640K)->533K(640K)
[16.060s][info][gc             ] GC(195) Pause Young (Allocation Failure) 2531M->2532M(2633M) 65.904ms
[16.060s][info][gc,cpu         ] GC(195) User=0.36s Sys=0.00s Real=0.07s
[16.060s][info][gc,start       ] GC(196) Pause Full (Ergonomics)
[16.060s][info][gc,phases,start] GC(196) Marking Phase
[16.647s][info][gc,phases      ] GC(196) Marking Phase 586.801ms
[16.647s][info][gc,phases,start] GC(196) Summary Phase
[16.647s][info][gc,phases      ] GC(196) Summary Phase 0.058ms
[16.647s][info][gc,phases,start] GC(196) Adjust Roots
[16.647s][info][gc,phases      ] GC(196) Adjust Roots 0.173ms
[16.647s][info][gc,phases,start] GC(196) Compaction Phase
[16.896s][info][gc,phases      ] GC(196) Compaction Phase 248.316ms
[16.896s][info][gc,phases,start] GC(196) Post Compact
[16.901s][info][gc,phases      ] GC(196) Post Compact 5.304ms
[16.902s][info][gc,heap        ] GC(196) PSYoungGen: 82688K(152576K)->46588K(152576K) Eden: 0K(41984K)->0K(41984K) From: 82688K(110592K)->46588K(110592K)
[16.902s][info][gc,heap        ] GC(196) ParOldGen: 2510334K(2544128K)->2544102K(2808832K)
[16.902s][info][gc,metaspace   ] GC(196) Metaspace: 6298K(6464K)->6298K(6464K) NonClass: 5765K(5824K)->5765K(5824K) Class: 533K(640K)->533K(640K)
[16.902s][info][gc             ] GC(196) Pause Full (Ergonomics) 2532M->2529M(2892M) 842.123ms
[16.902s][info][gc,cpu         ] GC(196) User=6.08s Sys=0.02s Real=0.84s
[16.956s][info][gc,start       ] GC(197) Pause Young (Allocation Failure)
[17.120s][info][gc,heap        ] GC(197) PSYoungGen: 88572K(152576K)->65088K(147968K) Eden: 41984K(41984K)->0K(46080K) From: 46588K(110592K)->65088K(101888K)
[17.120s][info][gc,heap        ] GC(197) ParOldGen: 2544102K(2808832K)->2568046K(2808832K)
[17.120s][info][gc,metaspace   ] GC(197) Metaspace: 6298K(6464K)->6298K(6464K) NonClass: 5765K(5824K)->5765K(5824K) Class: 533K(640K)->533K(640K)
[17.120s][info][gc             ] GC(197) Pause Young (Allocation Failure) 2570M->2571M(2887M) 163.372ms
[17.120s][info][gc,cpu         ] GC(197) User=1.09s Sys=0.03s Real=0.16s
[17.177s][info][gc,start       ] GC(198) Pause Young (Allocation Failure)
[17.239s][info][gc,heap        ] GC(198) PSYoungGen: 111168K(147968K)->108032K(154112K) Eden: 46080K(46080K)->0K(46080K) From: 65088K(101888K)->108032K(108032K)
[17.239s][info][gc,heap        ] GC(198) ParOldGen: 2568046K(2808832K)->2571206K(2808832K)
[17.239s][info][gc,metaspace   ] GC(198) Metaspace: 6298K(6464K)->6298K(6464K) NonClass: 5765K(5824K)->5765K(5824K) Class: 533K(640K)->533K(640K)
[17.239s][info][gc             ] GC(198) Pause Young (Allocation Failure) 2616M->2616M(2893M) 62.309ms
[17.239s][info][gc,cpu         ] GC(198) User=0.39s Sys=0.00s Real=0.06s
[17.296s][info][gc,start       ] GC(199) Pause Young (Allocation Failure)
[17.385s][info][gc,heap        ] GC(199) PSYoungGen: 154112K(154112K)->91424K(168448K) Eden: 46080K(46080K)->0K(47616K) From: 108032K(108032K)->91424K(120832K)
[17.385s][info][gc,heap        ] GC(199) ParOldGen: 2571206K(2808832K)->2634590K(2808832K)
[17.385s][info][gc,metaspace   ] GC(199) Metaspace: 6298K(6464K)->6298K(6464K) NonClass: 5765K(5824K)->5765K(5824K) Class: 533K(640K)->533K(640K)
[17.385s][info][gc             ] GC(199) Pause Young (Allocation Failure) 2661M->2662M(2907M) 89.312ms
[17.385s][info][gc,cpu         ] GC(199) User=0.52s Sys=0.11s Real=0.09s
[17.438s][info][gc,start       ] GC(200) Pause Young (Allocation Failure)
[17.520s][info][gc,heap        ] GC(200) PSYoungGen: 139040K(168448K)->93984K(171520K) Eden: 47616K(47616K)->0K(47616K) From: 91424K(120832K)->93984K(123904K)
[17.520s][info][gc,heap        ] GC(200) ParOldGen: 2634590K(2808832K)->2680086K(2808832K)
[17.520s][info][gc,metaspace   ] GC(200) Metaspace: 6298K(6464K)->6298K(6464K) NonClass: 5765K(5824K)->5765K(5824K) Class: 533K(640K)->533K(640K)
[17.520s][info][gc             ] GC(200) Pause Young (Allocation Failure) 2708M->2709M(2910M) 81.284ms
[17.520s][info][gc,cpu         ] GC(200) User=0.52s Sys=0.02s Real=0.08s
[17.574s][info][gc,start       ] GC(201) Pause Young (Allocation Failure)
[17.656s][info][gc,heap        ] GC(201) PSYoungGen: 141600K(171520K)->95520K(177152K) Eden: 47616K(47616K)->0K(50176K) From: 93984K(123904K)->95520K(126976K)
[17.656s][info][gc,heap        ] GC(201) ParOldGen: 2680086K(2808832K)->2726582K(2808832K)
[17.656s][info][gc,metaspace   ] GC(201) Metaspace: 6298K(6464K)->6298K(6464K) NonClass: 5765K(5824K)->5765K(5824K) Class: 533K(640K)->533K(640K)
[17.656s][info][gc             ] GC(201) Pause Young (Allocation Failure) 2755M->2755M(2916M) 82.251ms
[17.656s][info][gc,cpu         ] GC(201) User=0.44s Sys=0.08s Real=0.08s
[18.237s][info][gc,start       ] GC(202) Pause Young (Allocation Failure)
[18.370s][info][gc,heap        ] GC(202) PSYoungGen: 145696K(177152K)->98048K(179712K) Eden: 50176K(50176K)->0K(50176K) From: 95520K(126976K)->98048K(129536K)
[18.370s][info][gc,heap        ] GC(202) ParOldGen: 2857654K(2940416K)->2905702K(2940416K)
[18.370s][info][gc,metaspace   ] GC(202) Metaspace: 6298K(6464K)->6298K(6464K) NonClass: 5765K(5824K)->5765K(5824K) Class: 533K(640K)->533K(640K)
[18.370s][info][gc             ] GC(202) Pause Young (Allocation Failure) 2932M->2933M(3047M) 133.129ms
[18.370s][info][gc,cpu         ] GC(202) User=0.86s Sys=0.00s Real=0.13s
[18.370s][info][gc,start       ] GC(203) Pause Full (Ergonomics)
[18.370s][info][gc,phases,start] GC(203) Marking Phase
[19.035s][info][gc,phases      ] GC(203) Marking Phase 664.849ms
[19.035s][info][gc,phases,start] GC(203) Summary Phase
[19.035s][info][gc,phases      ] GC(203) Summary Phase 0.077ms
[19.035s][info][gc,phases,start] GC(203) Adjust Roots
[19.035s][info][gc,phases      ] GC(203) Adjust Roots 0.211ms
[19.035s][info][gc,phases,start] GC(203) Compaction Phase
[19.511s][info][gc,phases      ] GC(203) Compaction Phase 475.968ms
[19.511s][info][gc,phases,start] GC(203) Post Compact
[19.517s][info][gc,phases      ] GC(203) Post Compact 5.968ms
[19.518s][info][gc,heap        ] GC(203) PSYoungGen: 98048K(179712K)->0K(187392K) Eden: 0K(50176K)->0K(55296K) From: 98048K(129536K)->0K(132096K)
[19.518s][info][gc,heap        ] GC(203) ParOldGen: 2905702K(2940416K)->2935595K(3236352K)
[19.518s][info][gc,metaspace   ] GC(203) Metaspace: 6298K(6464K)->6298K(6464K) NonClass: 5765K(5824K)->5765K(5824K) Class: 533K(640K)->533K(640K)
[19.518s][info][gc             ] GC(203) Pause Full (Ergonomics) 2933M->2866M(3343M) 1148.390ms
[19.518s][info][gc,cpu         ] GC(203) User=8.03s Sys=0.06s Real=1.15s
[19.580s][info][gc,start       ] GC(204) Pause Young (Allocation Failure)
[19.628s][info][gc,heap        ] GC(204) PSYoungGen: 55296K(187392K)->55552K(187392K) Eden: 55296K(55296K)->0K(55296K) From: 0K(132096K)->55552K(132096K)
[19.628s][info][gc,heap        ] GC(204) ParOldGen: 2935595K(3236352K)->2935595K(3236352K)
[19.628s][info][gc,metaspace   ] GC(204) Metaspace: 6298K(6464K)->6298K(6464K) NonClass: 5765K(5824K)->5765K(5824K) Class: 533K(640K)->533K(640K)
[19.628s][info][gc             ] GC(204) Pause Young (Allocation Failure) 2920M->2921M(3343M) 48.329ms
[19.628s][info][gc,cpu         ] GC(204) User=0.17s Sys=0.00s Real=0.05s
[19.684s][info][gc,start       ] GC(205) Pause Young (Allocation Failure)
[19.749s][info][gc,heap        ] GC(205) PSYoungGen: 110848K(187392K)->110912K(182784K) Eden: 55296K(55296K)->0K(52224K) From: 55552K(132096K)->110912K(130560K)
[19.749s][info][gc,heap        ] GC(205) ParOldGen: 2935595K(3236352K)->2935595K(3236352K)
[19.749s][info][gc,metaspace   ] GC(205) Metaspace: 6298K(6464K)->6298K(6464K) NonClass: 5765K(5824K)->5765K(5824K) Class: 533K(640K)->533K(640K)
[19.749s][info][gc             ] GC(205) Pause Young (Allocation Failure) 2975M->2975M(3339M) 64.732ms
[19.749s][info][gc,cpu         ] GC(205) User=0.19s Sys=0.00s Real=0.07s
[19.801s][info][gc,start       ] GC(206) Pause Young (Allocation Failure)
[19.881s][info][gc,heap        ] GC(206) PSYoungGen: 163136K(182784K)->138240K(190464K) Eden: 52224K(52224K)->0K(52224K) From: 110912K(130560K)->138240K(138240K)
[19.881s][info][gc,heap        ] GC(206) ParOldGen: 2935595K(3236352K)->2960627K(3236352K)
[19.881s][info][gc,metaspace   ] GC(206) Metaspace: 6298K(6464K)->6298K(6464K) NonClass: 5765K(5824K)->5765K(5824K) Class: 533K(640K)->533K(640K)
[19.881s][info][gc             ] GC(206) Pause Young (Allocation Failure) 3026M->3026M(3346M) 79.836ms
[19.881s][info][gc,cpu         ] GC(206) User=0.41s Sys=0.02s Real=0.08s
[19.935s][info][gc,start       ] GC(207) Pause Young (Allocation Failure)
[20.024s][info][gc,heap        ] GC(207) PSYoungGen: 190464K(190464K)->163328K(189952K) Eden: 52224K(52224K)->0K(26624K) From: 138240K(138240K)->163328K(163328K)
[20.024s][info][gc,heap        ] GC(207) ParOldGen: 2960627K(3236352K)->2988067K(3236352K)
[20.024s][info][gc,metaspace   ] GC(207) Metaspace: 6298K(6464K)->6298K(6464K) NonClass: 5765K(5824K)->5765K(5824K) Class: 533K(640K)->533K(640K)
[20.024s][info][gc             ] GC(207) Pause Young (Allocation Failure) 3077M->3077M(3346M) 89.327ms
[20.024s][info][gc,cpu         ] GC(207) User=0.61s Sys=0.03s Real=0.09s
[20.051s][info][gc,start       ] GC(208) Pause Young (Allocation Failure)
[20.143s][info][gc,heap        ] GC(208) PSYoungGen: 189952K(189952K)->108000K(134656K) Eden: 26624K(26624K)->0K(26624K) From: 163328K(163328K)->108000K(108032K)
[20.143s][info][gc,heap        ] GC(208) ParOldGen: 2988067K(3236352K)->3070803K(3236352K)
[20.143s][info][gc,metaspace   ] GC(208) Metaspace: 6298K(6464K)->6298K(6464K) NonClass: 5765K(5824K)->5765K(5824K) Class: 533K(640K)->533K(640K)
[20.143s][info][gc             ] GC(208) Pause Young (Allocation Failure) 3103M->3104M(3292M) 92.358ms
[20.143s][info][gc,cpu         ] GC(208) User=0.61s Sys=0.03s Real=0.09s
[20.174s][info][gc,start       ] GC(209) Pause Young (Allocation Failure)
[20.245s][info][gc,heap        ] GC(209) PSYoungGen: 134624K(134656K)->53408K(216064K) Eden: 26624K(26624K)->0K(30208K) From: 108000K(108032K)->53408K(185856K)
[20.245s][info][gc,heap        ] GC(209) ParOldGen: 3070803K(3236352K)->3152603K(3236352K)
[20.245s][info][gc,metaspace   ] GC(209) Metaspace: 6298K(6464K)->6298K(6464K) NonClass: 5765K(5824K)->5765K(5824K) Class: 533K(640K)->533K(640K)
[20.245s][info][gc             ] GC(209) Pause Young (Allocation Failure) 3130M->3130M(3371M) 70.855ms
[20.245s][info][gc,cpu         ] GC(209) User=0.41s Sys=0.02s Real=0.07s
[20.245s][info][gc,start       ] GC(210) Pause Full (Ergonomics)
[20.245s][info][gc,phases,start] GC(210) Marking Phase
[20.962s][info][gc,phases      ] GC(210) Marking Phase 717.360ms
[20.962s][info][gc,phases,start] GC(210) Summary Phase
[20.962s][info][gc,phases      ] GC(210) Summary Phase 0.085ms
[20.962s][info][gc,phases,start] GC(210) Adjust Roots
[20.963s][info][gc,phases      ] GC(210) Adjust Roots 0.169ms
[20.963s][info][gc,phases,start] GC(210) Compaction Phase
[21.268s][info][gc,phases      ] GC(210) Compaction Phase 305.414ms
[21.268s][info][gc,phases,start] GC(210) Post Compact
[21.274s][info][gc,phases      ] GC(210) Post Compact 5.905ms
[21.275s][info][gc,heap        ] GC(210) PSYoungGen: 53408K(216064K)->0K(217088K) Eden: 0K(30208K)->0K(30208K) From: 53408K(185856K)->0K(186880K)
[21.275s][info][gc,heap        ] GC(210) ParOldGen: 3152603K(3236352K)->3203698K(3545088K)
[21.275s][info][gc,metaspace   ] GC(210) Metaspace: 6298K(6464K)->6298K(6464K) NonClass: 5765K(5824K)->5765K(5824K) Class: 533K(640K)->533K(640K)
[21.275s][info][gc             ] GC(210) Pause Full (Ergonomics) 3130M->3128M(3674M) 1030.269ms
[21.275s][info][gc,cpu         ] GC(210) User=7.42s Sys=0.02s Real=1.03s
[21.310s][info][gc,start       ] GC(211) Pause Young (Allocation Failure)
[21.347s][info][gc,heap        ] GC(211) PSYoungGen: 30208K(217088K)->30432K(219648K) Eden: 30208K(30208K)->0K(32768K) From: 0K(186880K)->30432K(186880K)
[21.348s][info][gc,heap        ] GC(211) ParOldGen: 3203698K(3545088K)->3203698K(3545088K)
[21.348s][info][gc,metaspace   ] GC(211) Metaspace: 6298K(6464K)->6298K(6464K) NonClass: 5765K(5824K)->5765K(5824K) Class: 533K(640K)->533K(640K)
[21.348s][info][gc             ] GC(211) Pause Young (Allocation Failure) 3158M->3158M(3676M) 37.097ms
[21.348s][info][gc,cpu         ] GC(211) User=0.05s Sys=0.00s Real=0.04s
[21.379s][info][gc,start       ] GC(212) Pause Young (Allocation Failure)
[21.427s][info][gc,heap        ] GC(212) PSYoungGen: 63200K(219648K)->63168K(96256K) Eden: 32768K(32768K)->0K(32768K) From: 30432K(186880K)->63168K(63488K)
[21.427s][info][gc,heap        ] GC(212) ParOldGen: 3203698K(3545088K)->3203698K(3545088K)
[21.427s][info][gc,metaspace   ] GC(212) Metaspace: 6298K(6464K)->6298K(6464K) NonClass: 5765K(5824K)->5765K(5824K) Class: 533K(640K)->533K(640K)
[21.427s][info][gc             ] GC(212) Pause Young (Allocation Failure) 3190M->3190M(3556M) 47.603ms
[21.427s][info][gc,cpu         ] GC(212) User=0.08s Sys=0.00s Real=0.05s
[21.460s][info][gc,start       ] GC(213) Pause Young (Allocation Failure)
[21.516s][info][gc,heap        ] GC(213) PSYoungGen: 95936K(96256K)->65728K(206848K) Eden: 32768K(32768K)->0K(36352K) From: 63168K(63488K)->65728K(170496K)
[21.516s][info][gc,heap        ] GC(213) ParOldGen: 3203698K(3545088K)->3234178K(3545088K)
[21.516s][info][gc,metaspace   ] GC(213) Metaspace: 6298K(6464K)->6298K(6464K) NonClass: 5765K(5824K)->5765K(5824K) Class: 533K(640K)->533K(640K)
[21.516s][info][gc             ] GC(213) Pause Young (Allocation Failure) 3222M->3222M(3664M) 56.490ms
[21.516s][info][gc,cpu         ] GC(213) User=0.17s Sys=0.02s Real=0.06s
[21.553s][info][gc,start       ] GC(214) Pause Young (Allocation Failure)
[21.613s][info][gc,heap        ] GC(214) PSYoungGen: 102080K(206848K)->69344K(105984K) Eden: 36352K(36352K)->0K(36352K) From: 65728K(170496K)->69344K(69632K)
[21.613s][info][gc,heap        ] GC(214) ParOldGen: 3234178K(3545088K)->3267242K(3545088K)
[21.613s][info][gc,metaspace   ] GC(214) Metaspace: 6298K(6464K)->6298K(6464K) NonClass: 5765K(5824K)->5765K(5824K) Class: 533K(640K)->533K(640K)
[21.613s][info][gc             ] GC(214) Pause Young (Allocation Failure) 3258M->3258M(3565M) 60.165ms
[21.613s][info][gc,cpu         ] GC(214) User=0.36s Sys=0.02s Real=0.06s
[21.651s][info][gc,start       ] GC(215) Pause Young (Allocation Failure)
[21.713s][info][gc,heap        ] GC(215) PSYoungGen: 105696K(105984K)->72928K(196608K) Eden: 36352K(36352K)->0K(40960K) From: 69344K(69632K)->72928K(155648K)
[21.713s][info][gc,heap        ] GC(215) ParOldGen: 3267242K(3545088K)->3300306K(3545088K)
[21.713s][info][gc,metaspace   ] GC(215) Metaspace: 6298K(6464K)->6298K(6464K) NonClass: 5765K(5824K)->5765K(5824K) Class: 533K(640K)->533K(640K)
[21.713s][info][gc             ] GC(215) Pause Young (Allocation Failure) 3293M->3294M(3654M) 62.176ms
[21.713s][info][gc,cpu         ] GC(215) User=0.25s Sys=0.05s Real=0.06s
[21.759s][info][gc,start       ] GC(216) Pause Young (Allocation Failure)
[21.824s][info][gc,heap        ] GC(216) PSYoungGen: 113888K(196608K)->77504K(118784K) Eden: 40960K(40960K)->0K(40960K) From: 72928K(155648K)->77504K(77824K)
[21.824s][info][gc,heap        ] GC(216) ParOldGen: 3300306K(3545088K)->3336994K(3545088K)
[21.824s][info][gc,metaspace   ] GC(216) Metaspace: 6298K(6464K)->6298K(6464K) NonClass: 5765K(5824K)->5765K(5824K) Class: 533K(640K)->533K(640K)
[21.824s][info][gc             ] GC(216) Pause Young (Allocation Failure) 3334M->3334M(3578M) 65.449ms
[21.824s][info][gc,cpu         ] GC(216) User=0.22s Sys=0.00s Real=0.07s
[21.872s][info][gc,start       ] GC(217) Pause Young (Allocation Failure)
[21.939s][info][gc,heap        ] GC(217) PSYoungGen: 118464K(118784K)->82176K(187904K) Eden: 40960K(40960K)->0K(46080K) From: 77504K(77824K)->82176K(141824K)
[21.939s][info][gc,heap        ] GC(217) ParOldGen: 3336994K(3545088K)->3373682K(3545088K)
[21.939s][info][gc,metaspace   ] GC(217) Metaspace: 6298K(6464K)->6298K(6464K) NonClass: 5765K(5824K)->5765K(5824K) Class: 533K(640K)->533K(640K)
[21.939s][info][gc             ] GC(217) Pause Young (Allocation Failure) 3374M->3374M(3645M) 66.720ms
[21.939s][info][gc,cpu         ] GC(217) User=0.27s Sys=0.03s Real=0.07s
[21.984s][info][gc,start       ] GC(218) Pause Young (Allocation Failure)
[22.054s][info][gc,heap        ] GC(218) PSYoungGen: 128256K(187904K)->87328K(194560K) Eden: 46080K(46080K)->0K(46080K) From: 82176K(141824K)->87328K(148480K)
[22.054s][info][gc,heap        ] GC(218) ParOldGen: 3373682K(3545088K)->3415018K(3545088K)
[22.054s][info][gc,metaspace   ] GC(218) Metaspace: 6298K(6464K)->6298K(6464K) NonClass: 5765K(5824K)->5765K(5824K) Class: 533K(640K)->533K(640K)
[22.054s][info][gc             ] GC(218) Pause Young (Allocation Failure) 3419M->3420M(3652M) 70.145ms
[22.054s][info][gc,cpu         ] GC(218) User=0.28s Sys=0.00s Real=0.07s
[22.100s][info][gc,start       ] GC(219) Pause Young (Allocation Failure)
[22.169s][info][gc,heap        ] GC(219) PSYoungGen: 133408K(194560K)->92416K(191488K) Eden: 46080K(46080K)->0K(51712K) From: 87328K(148480K)->92416K(139776K)
[22.169s][info][gc,heap        ] GC(219) ParOldGen: 3415018K(3545088K)->3456362K(3545088K)
[22.169s][info][gc,metaspace   ] GC(219) Metaspace: 6298K(6464K)->6298K(6464K) NonClass: 5765K(5824K)->5765K(5824K) Class: 533K(640K)->533K(640K)
[22.169s][info][gc             ] GC(219) Pause Young (Allocation Failure) 3465M->3465M(3649M) 69.262ms
[22.169s][info][gc,cpu         ] GC(219) User=0.31s Sys=0.02s Real=0.07s
[22.222s][info][gc,start       ] GC(220) Pause Young (Allocation Failure)
[22.296s][info][gc,heap        ] GC(220) PSYoungGen: 144128K(191488K)->51968K(193536K) Eden: 51712K(51712K)->0K(51712K) From: 92416K(139776K)->51968K(141824K)
[22.296s][info][gc,heap        ] GC(220) ParOldGen: 3456362K(3545088K)->3549330K(3549696K)
[22.296s][info][gc,metaspace   ] GC(220) Metaspace: 6298K(6464K)->6298K(6464K) NonClass: 5765K(5824K)->5765K(5824K) Class: 533K(640K)->533K(640K)
[22.296s][info][gc             ] GC(220) Pause Young (Allocation Failure) 3516M->3516M(3655M) 73.937ms
[22.296s][info][gc,cpu         ] GC(220) User=0.47s Sys=0.05s Real=0.07s
[22.296s][info][gc,start       ] GC(221) Pause Full (Ergonomics)
[22.296s][info][gc,phases,start] GC(221) Marking Phase
[23.105s][info][gc,phases      ] GC(221) Marking Phase 809.256ms
[23.105s][info][gc,phases,start] GC(221) Summary Phase
[23.105s][info][gc,phases      ] GC(221) Summary Phase 0.045ms
[23.105s][info][gc,phases,start] GC(221) Adjust Roots
[23.105s][info][gc,phases      ] GC(221) Adjust Roots 0.160ms
[23.106s][info][gc,phases,start] GC(221) Compaction Phase
[23.874s][info][gc,phases      ] GC(221) Compaction Phase 768.614ms
[23.874s][info][gc,phases,start] GC(221) Post Compact
[23.881s][info][gc,phases      ] GC(221) Post Compact 6.528ms
[23.882s][info][gc,heap        ] GC(221) PSYoungGen: 51968K(193536K)->48104K(193536K) Eden: 0K(51712K)->0K(51712K) From: 51968K(141824K)->48104K(141824K)
[23.882s][info][gc,heap        ] GC(221) ParOldGen: 3549330K(3549696K)->3549529K(3912192K)
[23.882s][info][gc,metaspace   ] GC(221) Metaspace: 6298K(6464K)->6298K(6464K) NonClass: 5765K(5824K)->5765K(5824K) Class: 533K(640K)->533K(640K)
[23.882s][info][gc             ] GC(221) Pause Full (Ergonomics) 3516M->3513M(4009M) 1586.130ms
[23.882s][info][gc,cpu         ] GC(221) User=11.11s Sys=0.05s Real=1.59s
[23.944s][info][gc,start       ] GC(222) Pause Young (Allocation Failure)
[24.138s][info][gc,heap        ] GC(222) PSYoungGen: 99816K(193536K)->51936K(194048K) Eden: 51712K(51712K)->0K(56832K) From: 48104K(141824K)->51936K(137216K)
[24.138s][info][gc,heap        ] GC(222) ParOldGen: 3549529K(3912192K)->3598097K(3912192K)
[24.138s][info][gc,metaspace   ] GC(222) Metaspace: 6298K(6464K)->6298K(6464K) NonClass: 5765K(5824K)->5765K(5824K) Class: 533K(640K)->533K(640K)
[24.138s][info][gc             ] GC(222) Pause Young (Allocation Failure) 3563M->3564M(4010M) 194.045ms
[24.138s][info][gc,cpu         ] GC(222) User=1.33s Sys=0.03s Real=0.19s
[24.199s][info][gc,start       ] GC(223) Pause Young (Allocation Failure)
[24.264s][info][gc,heap        ] GC(223) PSYoungGen: 108768K(194048K)->108800K(196608K) Eden: 56832K(56832K)->0K(56832K) From: 51936K(137216K)->108800K(139776K)
[24.264s][info][gc,heap        ] GC(223) ParOldGen: 3598097K(3912192K)->3598097K(3912192K)
[24.264s][info][gc,metaspace   ] GC(223) Metaspace: 6298K(6464K)->6298K(6464K) NonClass: 5765K(5824K)->5765K(5824K) Class: 533K(640K)->533K(640K)
[24.264s][info][gc             ] GC(223) Pause Young (Allocation Failure) 3619M->3620M(4012M) 65.306ms
[24.264s][info][gc,cpu         ] GC(223) User=0.30s Sys=0.00s Real=0.07s
[24.326s][info][gc,start       ] GC(224) Pause Young (Allocation Failure)
[24.409s][info][gc,heap        ] GC(224) PSYoungGen: 165632K(196608K)->145408K(182784K) Eden: 56832K(56832K)->0K(37376K) From: 108800K(139776K)->145408K(145408K)
[24.409s][info][gc,heap        ] GC(224) ParOldGen: 3598097K(3912192K)->3618513K(3912192K)
[24.409s][info][gc,metaspace   ] GC(224) Metaspace: 6298K(6464K)->6298K(6464K) NonClass: 5765K(5824K)->5765K(5824K) Class: 533K(640K)->533K(640K)
[24.409s][info][gc             ] GC(224) Pause Young (Allocation Failure) 3675M->3675M(3999M) 83.171ms
[24.409s][info][gc,cpu         ] GC(224) User=0.45s Sys=0.00s Real=0.08s
[24.447s][info][gc,start       ] GC(225) Pause Young (Allocation Failure)
[24.536s][info][gc,heap        ] GC(225) PSYoungGen: 182784K(182784K)->83648K(121344K) Eden: 37376K(37376K)->0K(37376K) From: 145408K(145408K)->83648K(83968K)
[24.536s][info][gc,heap        ] GC(225) ParOldGen: 3618513K(3912192K)->3718545K(3912192K)
[24.536s][info][gc,metaspace   ] GC(225) Metaspace: 6298K(6464K)->6298K(6464K) NonClass: 5765K(5824K)->5765K(5824K) Class: 533K(640K)->533K(640K)
[24.536s][info][gc             ] GC(225) Pause Young (Allocation Failure) 3712M->3713M(3939M) 89.635ms
[24.536s][info][gc,cpu         ] GC(225) User=0.55s Sys=0.08s Real=0.09s
[24.573s][info][gc,start       ] GC(226) Pause Young (Allocation Failure)
[24.640s][info][gc,heap        ] GC(226) PSYoungGen: 121024K(121344K)->75008K(194048K) Eden: 37376K(37376K)->0K(41984K) From: 83648K(83968K)->75008K(152064K)
[24.640s][info][gc,heap        ] GC(226) ParOldGen: 3718545K(3912192K)->3764977K(3912192K)
[24.640s][info][gc,metaspace   ] GC(226) Metaspace: 6298K(6464K)->6298K(6464K) NonClass: 5765K(5824K)->5765K(5824K) Class: 533K(640K)->533K(640K)
[24.640s][info][gc             ] GC(226) Pause Young (Allocation Failure) 3749M->3749M(4010M) 67.640ms
[24.640s][info][gc,cpu         ] GC(226) User=0.23s Sys=0.05s Real=0.07s
[24.689s][info][gc,start       ] GC(227) Pause Young (Allocation Failure)
[24.757s][info][gc,heap        ] GC(227) PSYoungGen: 116992K(194048K)->79584K(121856K) Eden: 41984K(41984K)->0K(41984K) From: 75008K(152064K)->79584K(79872K)
[24.757s][info][gc,heap        ] GC(227) ParOldGen: 3764977K(3912192K)->3802697K(3912192K)
[24.757s][info][gc,metaspace   ] GC(227) Metaspace: 6298K(6464K)->6298K(6464K) NonClass: 5765K(5824K)->5765K(5824K) Class: 533K(640K)->533K(640K)
[24.757s][info][gc             ] GC(227) Pause Young (Allocation Failure) 3790M->3791M(3939M) 68.471ms
[24.757s][info][gc,cpu         ] GC(227) User=0.30s Sys=0.00s Real=0.07s
[24.803s][info][gc,start       ] GC(228) Pause Young (Allocation Failure)
[24.875s][info][gc,heap        ] GC(228) PSYoungGen: 121568K(121856K)->84256K(186880K) Eden: 41984K(41984K)->0K(47104K) From: 79584K(79872K)->84256K(139776K)
[24.875s][info][gc,heap        ] GC(228) ParOldGen: 3802697K(3912192K)->3840417K(3912192K)
[24.875s][info][gc,metaspace   ] GC(228) Metaspace: 6298K(6464K)->6298K(6464K) NonClass: 5765K(5824K)->5765K(5824K) Class: 533K(640K)->533K(640K)
[24.875s][info][gc             ] GC(228) Pause Young (Allocation Failure) 3832M->3832M(4003M) 71.787ms
[24.875s][info][gc,cpu         ] GC(228) User=0.23s Sys=0.02s Real=0.07s
[24.875s][info][gc,start       ] GC(229) Pause Full (Ergonomics)
[24.875s][info][gc,phases,start] GC(229) Marking Phase
[25.761s][info][gc,phases      ] GC(229) Marking Phase 886.020ms
[25.761s][info][gc,phases,start] GC(229) Summary Phase
[25.761s][info][gc,phases      ] GC(229) Summary Phase 0.059ms
[25.761s][info][gc,phases,start] GC(229) Adjust Roots
[25.761s][info][gc,phases      ] GC(229) Adjust Roots 0.202ms
[25.761s][info][gc,phases,start] GC(229) Compaction Phase
[26.132s][info][gc,phases      ] GC(229) Compaction Phase 370.957ms
[26.132s][info][gc,phases,start] GC(229) Post Compact
[26.140s][info][gc,phases      ] GC(229) Post Compact 7.640ms
[26.141s][info][gc,heap        ] GC(229) PSYoungGen: 84256K(186880K)->9824K(193024K) Eden: 0K(47104K)->0K(53248K) From: 84256K(139776K)->9824K(139776K)
[26.141s][info][gc,heap        ] GC(229) ParOldGen: 3840417K(3912192K)->3911691K(4304896K)
[26.141s][info][gc,metaspace   ] GC(229) Metaspace: 6298K(6464K)->6298K(6464K) NonClass: 5765K(5824K)->5765K(5824K) Class: 533K(640K)->533K(640K)
[26.141s][info][gc             ] GC(229) Pause Full (Ergonomics) 3832M->3829M(4392M) 1266.555ms
[26.141s][info][gc,cpu         ] GC(229) User=9.38s Sys=0.02s Real=1.27s
[26.200s][info][gc,start       ] GC(230) Pause Young (Allocation Failure)
[26.396s][info][gc,heap        ] GC(230) PSYoungGen: 63072K(193024K)->62208K(199168K) Eden: 53248K(53248K)->0K(53248K) From: 9824K(139776K)->62208K(145920K)
[26.396s][info][gc,heap        ] GC(230) ParOldGen: 3911691K(4304896K)->3912859K(4304896K)
[26.396s][info][gc,metaspace   ] GC(230) Metaspace: 6298K(6464K)->6298K(6464K) NonClass: 5765K(5824K)->5765K(5824K) Class: 533K(640K)->533K(640K)
[26.396s][info][gc             ] GC(230) Pause Young (Allocation Failure) 3881M->3881M(4398M) 196.171ms
[26.396s][info][gc,cpu         ] GC(230) User=1.28s Sys=0.00s Real=0.20s
[26.451s][info][gc,start       ] GC(231) Pause Young (Allocation Failure)
[26.519s][info][gc,heap        ] GC(231) PSYoungGen: 115456K(199168K)->115488K(196608K) Eden: 53248K(53248K)->0K(52736K) From: 62208K(145920K)->115488K(143872K)
[26.519s][info][gc,heap        ] GC(231) ParOldGen: 3912859K(4304896K)->3912859K(4304896K)
[26.519s][info][gc,metaspace   ] GC(231) Metaspace: 6298K(6464K)->6298K(6464K) NonClass: 5765K(5824K)->5765K(5824K) Class: 533K(640K)->533K(640K)
[26.519s][info][gc             ] GC(231) Pause Young (Allocation Failure) 3933M->3933M(4396M) 67.926ms
[26.519s][info][gc,cpu         ] GC(231) User=0.20s Sys=0.00s Real=0.07s
[26.582s][info][gc,start       ] GC(232) Pause Young (Allocation Failure)
[26.667s][info][gc,heap        ] GC(232) PSYoungGen: 168224K(196608K)->149504K(202240K) Eden: 52736K(52736K)->0K(52736K) From: 115488K(143872K)->149504K(149504K)
[26.667s][info][gc,heap        ] GC(232) ParOldGen: 3912859K(4304896K)->3931699K(4304896K)
[26.667s][info][gc,metaspace   ] GC(232) Metaspace: 6298K(6464K)->6298K(6464K) NonClass: 5765K(5824K)->5765K(5824K) Class: 533K(640K)->533K(640K)
[26.667s][info][gc             ] GC(232) Pause Young (Allocation Failure) 3985M->3985M(4401M) 85.362ms
[26.668s][info][gc,cpu         ] GC(232) User=0.50s Sys=0.00s Real=0.09s
[26.731s][info][gc,start       ] GC(233) Pause Young (Allocation Failure)
[26.831s][info][gc,heap        ] GC(233) PSYoungGen: 202240K(202240K)->148608K(219648K) Eden: 52736K(52736K)->0K(46080K) From: 149504K(149504K)->148608K(173568K)
[26.831s][info][gc,heap        ] GC(233) ParOldGen: 3931699K(4304896K)->3985963K(4304896K)
[26.831s][info][gc,metaspace   ] GC(233) Metaspace: 6298K(6464K)->6298K(6464K) NonClass: 5765K(5824K)->5765K(5824K) Class: 533K(640K)->533K(640K)
[26.831s][info][gc             ] GC(233) Pause Young (Allocation Failure) 4037M->4037M(4418M) 99.846ms
[26.831s][info][gc,cpu         ] GC(233) User=0.67s Sys=0.08s Real=0.10s
[26.881s][info][gc,start       ] GC(234) Pause Young (Allocation Failure)
[26.981s][info][gc,heap        ] GC(234) PSYoungGen: 194688K(219648K)->145600K(231936K) Eden: 46080K(46080K)->0K(46080K) From: 148608K(173568K)->145600K(185856K)
[26.981s][info][gc,heap        ] GC(234) ParOldGen: 3985963K(4304896K)->4035475K(4304896K)
[26.981s][info][gc,metaspace   ] GC(234) Metaspace: 6298K(6464K)->6298K(6464K) NonClass: 5765K(5824K)->5765K(5824K) Class: 533K(640K)->533K(640K)
[26.981s][info][gc             ] GC(234) Pause Young (Allocation Failure) 4082M->4083M(4430M) 100.413ms
[26.981s][info][gc,cpu         ] GC(234) User=0.78s Sys=0.03s Real=0.10s
[27.030s][info][gc,start       ] GC(235) Pause Young (Allocation Failure)
[27.125s][info][gc,heap        ] GC(235) PSYoungGen: 191680K(231936K)->145248K(239616K) Eden: 46080K(46080K)->0K(45568K) From: 145600K(185856K)->145248K(194048K)
[27.125s][info][gc,heap        ] GC(235) ParOldGen: 4035475K(4304896K)->4082331K(4304896K)
[27.125s][info][gc,metaspace   ] GC(235) Metaspace: 6298K(6464K)->6298K(6464K) NonClass: 5765K(5824K)->5765K(5824K) Class: 533K(640K)->533K(640K)
[27.125s][info][gc             ] GC(235) Pause Young (Allocation Failure) 4128M->4128M(4438M) 94.825ms
[27.125s][info][gc,cpu         ] GC(235) User=0.64s Sys=0.00s Real=0.10s
[27.176s][info][gc,start       ] GC(236) Pause Young (Allocation Failure)
[27.271s][info][gc,heap        ] GC(236) PSYoungGen: 190816K(239616K)->138080K(245760K) Eden: 45568K(45568K)->0K(45568K) From: 145248K(194048K)->138080K(200192K)
[27.271s][info][gc,heap        ] GC(236) ParOldGen: 4082331K(4304896K)->4135531K(4304896K)
[27.271s][info][gc,metaspace   ] GC(236) Metaspace: 6298K(6464K)->6298K(6464K) NonClass: 5765K(5824K)->5765K(5824K) Class: 533K(640K)->533K(640K)
[27.271s][info][gc             ] GC(236) Pause Young (Allocation Failure) 4172M->4173M(4444M) 94.833ms
[27.271s][info][gc,cpu         ] GC(236) User=0.72s Sys=0.03s Real=0.10s
[27.325s][info][gc,start       ] GC(237) Pause Young (Allocation Failure)
[27.416s][info][gc,heap        ] GC(237) PSYoungGen: 183648K(245760K)->137504K(252416K) Eden: 45568K(45568K)->0K(50688K) From: 138080K(200192K)->137504K(201728K)
[27.416s][info][gc,heap        ] GC(237) ParOldGen: 4135531K(4304896K)->4182019K(4304896K)
[27.416s][info][gc,metaspace   ] GC(237) Metaspace: 6298K(6464K)->6298K(6464K) NonClass: 5765K(5824K)->5765K(5824K) Class: 533K(640K)->533K(640K)
[27.416s][info][gc             ] GC(237) Pause Young (Allocation Failure) 4217M->4218M(4450M) 91.753ms
[27.416s][info][gc,cpu         ] GC(237) User=0.58s Sys=0.05s Real=0.09s
[27.481s][info][gc,start       ] GC(238) Pause Young (Allocation Failure)
[27.578s][info][gc,heap        ] GC(238) PSYoungGen: 188192K(252416K)->96576K(252928K) Eden: 50688K(50688K)->0K(50688K) From: 137504K(201728K)->96576K(202240K)
[27.578s][info][gc,heap        ] GC(238) ParOldGen: 4182019K(4304896K)->4274475K(4304896K)
[27.578s][info][gc,metaspace   ] GC(238) Metaspace: 6298K(6464K)->6298K(6464K) NonClass: 5765K(5824K)->5765K(5824K) Class: 533K(640K)->533K(640K)
[27.578s][info][gc             ] GC(238) Pause Young (Allocation Failure) 4267M->4268M(4451M) 96.881ms
[27.578s][info][gc,cpu         ] GC(238) User=0.53s Sys=0.11s Real=0.10s
[27.578s][info][gc,start       ] GC(239) Pause Full (Ergonomics)
[27.578s][info][gc,phases,start] GC(239) Marking Phase
[28.573s][info][gc,phases      ] GC(239) Marking Phase 995.566ms
[28.573s][info][gc,phases,start] GC(239) Summary Phase
[28.573s][info][gc,phases      ] GC(239) Summary Phase 0.057ms
[28.573s][info][gc,phases,start] GC(239) Adjust Roots
[28.574s][info][gc,phases      ] GC(239) Adjust Roots 0.168ms
[28.574s][info][gc,phases,start] GC(239) Compaction Phase
[28.977s][info][gc,phases      ] GC(239) Compaction Phase 403.562ms
[28.977s][info][gc,phases,start] GC(239) Post Compact
[28.984s][info][gc,phases      ] GC(239) Post Compact 6.297ms
[28.985s][info][gc,heap        ] GC(239) PSYoungGen: 96576K(252928K)->62462K(252928K) Eden: 0K(50688K)->0K(50688K) From: 96576K(202240K)->62462K(202240K)
[28.985s][info][gc,heap        ] GC(239) ParOldGen: 4274475K(4304896K)->4304716K(4744704K)
[28.985s][info][gc,metaspace   ] GC(239) Metaspace: 6298K(6464K)->6298K(6464K) NonClass: 5765K(5824K)->5765K(5824K) Class: 533K(640K)->533K(640K)
[28.985s][info][gc             ] GC(239) Pause Full (Ergonomics) 4268M->4264M(4880M) 1407.318ms
[28.985s][info][gc,cpu         ] GC(239) User=10.56s Sys=0.06s Real=1.41s
[29.041s][info][gc,start       ] GC(240) Pause Young (Allocation Failure)
[29.296s][info][gc,heap        ] GC(240) PSYoungGen: 113150K(252928K)->50912K(251904K) Eden: 50688K(50688K)->0K(55296K) From: 62462K(202240K)->50912K(196608K)
[29.296s][info][gc,heap        ] GC(240) ParOldGen: 4304716K(4744704K)->4367788K(4744704K)
[29.296s][info][gc,metaspace   ] GC(240) Metaspace: 6298K(6464K)->6298K(6464K) NonClass: 5765K(5824K)->5765K(5824K) Class: 533K(640K)->533K(640K)
[29.296s][info][gc             ] GC(240) Pause Young (Allocation Failure) 4314M->4315M(4879M) 254.556ms
[29.296s][info][gc,cpu         ] GC(240) User=1.61s Sys=0.03s Real=0.25s
[29.351s][info][gc,start       ] GC(241) Pause Young (Allocation Failure)
[29.417s][info][gc,heap        ] GC(241) PSYoungGen: 106208K(251904K)->55520K(253952K) Eden: 55296K(55296K)->0K(55296K) From: 50912K(196608K)->55520K(198656K)
[29.417s][info][gc,heap        ] GC(241) ParOldGen: 4367788K(4744704K)->4418940K(4744704K)
[29.417s][info][gc,metaspace   ] GC(241) Metaspace: 6298K(6464K)->6298K(6464K) NonClass: 5765K(5824K)->5765K(5824K) Class: 533K(640K)->533K(640K)
[29.417s][info][gc             ] GC(241) Pause Young (Allocation Failure) 4369M->4369M(4881M) 66.217ms
[29.417s][info][gc,cpu         ] GC(241) User=0.34s Sys=0.05s Real=0.07s
[29.477s][info][gc,start       ] GC(242) Pause Young (Allocation Failure)
[29.545s][info][gc,heap        ] GC(242) PSYoungGen: 110816K(253952K)->55488K(255488K) Eden: 55296K(55296K)->0K(61440K) From: 55520K(198656K)->55488K(194048K)
[29.545s][info][gc,heap        ] GC(242) ParOldGen: 4418940K(4744704K)->4474740K(4744704K)
[29.545s][info][gc,metaspace   ] GC(242) Metaspace: 6298K(6464K)->6298K(6464K) NonClass: 5765K(5824K)->5765K(5824K) Class: 533K(640K)->533K(640K)
[29.545s][info][gc             ] GC(242) Pause Young (Allocation Failure) 4423M->4424M(4883M) 67.897ms
[29.545s][info][gc,cpu         ] GC(242) User=0.39s Sys=0.00s Real=0.07s
[29.625s][info][gc,start       ] GC(243) Pause Young (Allocation Failure)
[29.698s][info][gc,heap        ] GC(243) PSYoungGen: 116928K(255488K)->61632K(257536K) Eden: 61440K(61440K)->0K(61440K) From: 55488K(194048K)->61632K(196096K)
[29.698s][info][gc,heap        ] GC(243) ParOldGen: 4474740K(4744704K)->4530540K(4744704K)
[29.698s][info][gc,metaspace   ] GC(243) Metaspace: 6298K(6464K)->6298K(6464K) NonClass: 5765K(5824K)->5765K(5824K) Class: 533K(640K)->533K(640K)
[29.698s][info][gc             ] GC(243) Pause Young (Allocation Failure) 4484M->4484M(4885M) 72.968ms
[29.698s][info][gc,cpu         ] GC(243) User=0.34s Sys=0.05s Real=0.07s
[29.766s][info][gc,start       ] GC(244) Pause Young (Allocation Failure)
[29.841s][info][gc,heap        ] GC(244) PSYoungGen: 123072K(257536K)->61664K(251392K) Eden: 61440K(61440K)->0K(68096K) From: 61632K(196096K)->61664K(183296K)
[29.841s][info][gc,heap        ] GC(244) ParOldGen: 4530540K(4744704K)->4592532K(4744704K)
[29.841s][info][gc,metaspace   ] GC(244) Metaspace: 6298K(6464K)->6298K(6464K) NonClass: 5765K(5824K)->5765K(5824K) Class: 533K(640K)->533K(640K)
[29.841s][info][gc             ] GC(244) Pause Young (Allocation Failure) 4544M->4545M(4879M) 75.047ms
[29.841s][info][gc,cpu         ] GC(244) User=0.48s Sys=0.03s Real=0.08s
[29.912s][info][gc,start       ] GC(245) Pause Young (Allocation Failure)
[29.992s][info][gc,heap        ] GC(245) PSYoungGen: 129760K(251392K)->68320K(256000K) Eden: 68096K(68096K)->0K(68096K) From: 61664K(183296K)->68320K(187904K)
[29.992s][info][gc,heap        ] GC(245) ParOldGen: 4592532K(4744704K)->4654524K(4744704K)
[29.992s][info][gc,metaspace   ] GC(245) Metaspace: 6298K(6464K)->6298K(6464K) NonClass: 5765K(5824K)->5765K(5824K) Class: 533K(640K)->533K(640K)
[29.992s][info][gc             ] GC(245) Pause Young (Allocation Failure) 4611M->4612M(4883M) 79.964ms
[29.992s][info][gc,cpu         ] GC(245) User=0.52s Sys=0.03s Real=0.08s
[29.992s][info][gc,start       ] GC(246) Pause Full (Ergonomics)
[29.992s][info][gc,phases,start] GC(246) Marking Phase
[31.053s][info][gc,phases      ] GC(246) Marking Phase 1061.017ms
[31.053s][info][gc,phases,start] GC(246) Summary Phase
[31.053s][info][gc,phases      ] GC(246) Summary Phase 0.087ms
[31.053s][info][gc,phases,start] GC(246) Adjust Roots
[31.053s][info][gc,phases      ] GC(246) Adjust Roots 0.163ms
[31.053s][info][gc,phases,start] GC(246) Compaction Phase
[31.464s][info][gc,phases      ] GC(246) Compaction Phase 411.160ms
[31.465s][info][gc,phases,start] GC(246) Post Compact
[31.472s][info][gc,phases      ] GC(246) Post Compact 6.985ms
[31.473s][info][gc,heap        ] GC(246) PSYoungGen: 68320K(256000K)->0K(257024K) Eden: 0K(68096K)->0K(75264K) From: 68320K(187904K)->0K(181760K)
[31.473s][info][gc,heap        ] GC(246) ParOldGen: 4654524K(4744704K)->4719240K(5191680K)
[31.473s][info][gc,metaspace   ] GC(246) Metaspace: 6298K(6464K)->6298K(6464K) NonClass: 5765K(5824K)->5765K(5824K) Class: 533K(640K)->533K(640K)
[31.473s][info][gc             ] GC(246) Pause Full (Ergonomics) 4612M->4608M(5321M) 1481.157ms
[31.473s][info][gc,cpu         ] GC(246) User=11.02s Sys=0.05s Real=1.48s
[31.563s][info][gc,start       ] GC(247) Pause Young (Allocation Failure)
[31.620s][info][gc,heap        ] GC(247) PSYoungGen: 75264K(257024K)->75520K(151040K) Eden: 75264K(75264K)->0K(75264K) From: 0K(181760K)->75520K(75776K)
[31.620s][info][gc,heap        ] GC(247) ParOldGen: 4719240K(5191680K)->4719240K(5191680K)
[31.620s][info][gc,metaspace   ] GC(247) Metaspace: 6298K(6464K)->6298K(6464K) NonClass: 5765K(5824K)->5765K(5824K) Class: 533K(640K)->533K(640K)
[31.620s][info][gc             ] GC(247) Pause Young (Allocation Failure) 4682M->4682M(5217M) 57.764ms
[31.620s][info][gc,cpu         ] GC(247) User=0.17s Sys=0.00s Real=0.06s
[31.707s][info][gc,start       ] GC(248) Pause Young (Allocation Failure)
[31.789s][info][gc,heap        ] GC(248) PSYoungGen: 150784K(151040K)->150944K(241664K) Eden: 75264K(75264K)->0K(67072K) From: 75520K(75776K)->150944K(174592K)
[31.789s][info][gc,heap        ] GC(248) ParOldGen: 4719240K(5191680K)->4719240K(5191680K)
[31.790s][info][gc,metaspace   ] GC(248) Metaspace: 6298K(6464K)->6298K(6464K) NonClass: 5765K(5824K)->5765K(5824K) Class: 533K(640K)->533K(640K)
[31.790s][info][gc             ] GC(248) Pause Young (Allocation Failure) 4755M->4756M(5306M) 82.175ms
[31.790s][info][gc,cpu         ] GC(248) User=0.53s Sys=0.00s Real=0.08s
[31.857s][info][gc,start       ] GC(249) Pause Young (Allocation Failure)
[31.967s][info][gc,heap        ] GC(249) PSYoungGen: 218016K(241664K)->189440K(256512K) Eden: 67072K(67072K)->0K(67072K) From: 150944K(174592K)->189440K(189440K)
[31.967s][info][gc,heap        ] GC(249) ParOldGen: 4719240K(5191680K)->4748000K(5191680K)
[31.967s][info][gc,metaspace   ] GC(249) Metaspace: 6298K(6464K)->6298K(6464K) NonClass: 5765K(5824K)->5765K(5824K) Class: 533K(640K)->533K(640K)
[31.967s][info][gc             ] GC(249) Pause Young (Allocation Failure) 4821M->4821M(5320M) 109.760ms
[31.967s][info][gc,cpu         ] GC(249) User=0.75s Sys=0.02s Real=0.11s
[32.040s][info][gc,start       ] GC(250) Pause Young (Allocation Failure)
[32.184s][info][gc,heap        ] GC(250) PSYoungGen: 256512K(256512K)->126560K(291840K) Eden: 67072K(67072K)->0K(74240K) From: 189440K(189440K)->126560K(217600K)
[32.184s][info][gc,heap        ] GC(250) ParOldGen: 4748000K(5191680K)->4879104K(5191680K)
[32.184s][info][gc,metaspace   ] GC(250) Metaspace: 6298K(6464K)->6298K(6464K) NonClass: 5765K(5824K)->5765K(5824K) Class: 533K(640K)->533K(640K)
[32.184s][info][gc             ] GC(250) Pause Young (Allocation Failure) 4887M->4888M(5355M) 143.963ms
[32.184s][info][gc,cpu         ] GC(250) User=0.95s Sys=0.05s Real=0.14s
[32.267s][info][gc,start       ] GC(251) Pause Young (Allocation Failure)
[32.378s][info][gc,heap        ] GC(251) PSYoungGen: 200800K(291840K)->141696K(295936K) Eden: 74240K(74240K)->0K(74240K) From: 126560K(217600K)->141696K(221696K)
[32.378s][info][gc,heap        ] GC(251) ParOldGen: 4879104K(5191680K)->4938784K(5191680K)
[32.378s][info][gc,metaspace   ] GC(251) Metaspace: 6298K(6464K)->6298K(6464K) NonClass: 5765K(5824K)->5765K(5824K) Class: 533K(640K)->533K(640K)
[32.378s][info][gc             ] GC(251) Pause Young (Allocation Failure) 4960M->4961M(5359M) 110.486ms
[32.378s][info][gc,cpu         ] GC(251) User=0.77s Sys=0.00s Real=0.11s
[32.459s][info][gc,start       ] GC(252) Pause Young (Allocation Failure)
[32.579s][info][gc,heap        ] GC(252) PSYoungGen: 215936K(295936K)->148896K(303104K) Eden: 74240K(74240K)->0K(79872K) From: 141696K(221696K)->148896K(223232K)
[32.579s][info][gc,heap        ] GC(252) ParOldGen: 4938784K(5191680K)->5006448K(5191680K)
[32.579s][info][gc,metaspace   ] GC(252) Metaspace: 6298K(6464K)->6298K(6464K) NonClass: 5765K(5824K)->5765K(5824K) Class: 533K(640K)->533K(640K)
[32.579s][info][gc             ] GC(252) Pause Young (Allocation Failure) 5033M->5034M(5366M) 120.044ms
[32.579s][info][gc,cpu         ] GC(252) User=0.84s Sys=0.05s Real=0.12s
[32.672s][info][gc,start       ] GC(253) Pause Young (Allocation Failure)
[32.796s][info][gc,heap        ] GC(253) PSYoungGen: 228768K(303104K)->154496K(305664K) Eden: 79872K(79872K)->0K(79872K) From: 148896K(223232K)->154496K(225792K)
[32.796s][info][gc,heap        ] GC(253) ParOldGen: 5006448K(5191680K)->5081360K(5191680K)
[32.796s][info][gc,metaspace   ] GC(253) Metaspace: 6298K(6464K)->6298K(6464K) NonClass: 5765K(5824K)->5765K(5824K) Class: 533K(640K)->533K(640K)
[32.796s][info][gc             ] GC(253) Pause Young (Allocation Failure) 5112M->5113M(5368M) 124.358ms
[32.796s][info][gc,cpu         ] GC(253) User=0.83s Sys=0.05s Real=0.12s
[32.796s][info][gc,start       ] GC(254) Pause Full (Ergonomics)
[32.796s][info][gc,phases,start] GC(254) Marking Phase
[33.987s][info][gc,phases      ] GC(254) Marking Phase 1190.591ms
[33.987s][info][gc,phases,start] GC(254) Summary Phase
[33.987s][info][gc,phases      ] GC(254) Summary Phase 0.068ms
[33.987s][info][gc,phases,start] GC(254) Adjust Roots
[33.987s][info][gc,phases      ] GC(254) Adjust Roots 0.205ms
[33.987s][info][gc,phases,start] GC(254) Compaction Phase
[34.472s][info][gc,phases      ] GC(254) Compaction Phase 485.329ms
[34.473s][info][gc,phases,start] GC(254) Post Compact
[34.481s][info][gc,phases      ] GC(254) Post Compact 8.152ms
[34.482s][info][gc,heap        ] GC(254) PSYoungGen: 154496K(305664K)->40616K(305664K) Eden: 0K(79872K)->0K(79872K) From: 154496K(225792K)->40616K(225792K)
[34.482s][info][gc,heap        ] GC(254) ParOldGen: 5081360K(5191680K)->5191435K(5724672K)
[34.483s][info][gc,metaspace   ] GC(254) Metaspace: 6298K(6464K)->6298K(6464K) NonClass: 5765K(5824K)->5765K(5824K) Class: 533K(640K)->533K(640K)
[34.483s][info][gc             ] GC(254) Pause Full (Ergonomics) 5113M->5109M(5889M) 1686.409ms
[34.483s][info][gc,cpu         ] GC(254) User=12.75s Sys=0.05s Real=1.69s
[34.576s][info][gc,start       ] GC(255) Pause Young (Allocation Failure)
[34.879s][info][gc,heap        ] GC(255) PSYoungGen: 120488K(305664K)->100832K(300032K) Eden: 79872K(79872K)->0K(87552K) From: 40616K(225792K)->100832K(212480K)
[34.879s][info][gc,heap        ] GC(255) ParOldGen: 5191435K(5724672K)->5211571K(5724672K)
[34.879s][info][gc,metaspace   ] GC(255) Metaspace: 6298K(6464K)->6298K(6464K) NonClass: 5765K(5824K)->5765K(5824K) Class: 533K(640K)->533K(640K)
[34.879s][info][gc             ] GC(255) Pause Young (Allocation Failure) 5187M->5187M(5883M) 302.983ms
[34.879s][info][gc,cpu         ] GC(255) User=1.89s Sys=0.02s Real=0.30s
[34.977s][info][gc,start       ] GC(256) Pause Young (Allocation Failure)
[35.084s][info][gc,heap        ] GC(256) PSYoungGen: 188384K(300032K)->188608K(309248K) Eden: 87552K(87552K)->0K(87552K) From: 100832K(212480K)->188608K(221696K)
[35.084s][info][gc,heap        ] GC(256) ParOldGen: 5211571K(5724672K)->5211571K(5724672K)
[35.084s][info][gc,metaspace   ] GC(256) Metaspace: 6298K(6464K)->6298K(6464K) NonClass: 5765K(5824K)->5765K(5824K) Class: 533K(640K)->533K(640K)
[35.084s][info][gc             ] GC(256) Pause Young (Allocation Failure) 5273M->5273M(5892M) 107.538ms
[35.084s][info][gc,cpu         ] GC(256) User=0.75s Sys=0.00s Real=0.11s
[35.188s][info][gc,start       ] GC(257) Pause Young (Allocation Failure)
[35.347s][info][gc,heap        ] GC(257) PSYoungGen: 276160K(309248K)->237568K(288768K) Eden: 87552K(87552K)->0K(51200K) From: 188608K(221696K)->237568K(237568K)
[35.347s][info][gc,heap        ] GC(257) ParOldGen: 5211571K(5724672K)->5250475K(5724672K)
[35.347s][info][gc,metaspace   ] GC(257) Metaspace: 6298K(6464K)->6298K(6464K) NonClass: 5765K(5824K)->5765K(5824K) Class: 533K(640K)->533K(640K)
[35.347s][info][gc             ] GC(257) Pause Young (Allocation Failure) 5359M->5359M(5872M) 158.796ms
[35.347s][info][gc,cpu         ] GC(257) User=1.05s Sys=0.08s Real=0.16s
[35.409s][info][gc,start       ] GC(258) Pause Young (Allocation Failure)
[35.569s][info][gc,heap        ] GC(258) PSYoungGen: 288768K(288768K)->203712K(333824K) Eden: 51200K(51200K)->0K(51200K) From: 237568K(237568K)->203712K(282624K)
[35.569s][info][gc,heap        ] GC(258) ParOldGen: 5250475K(5724672K)->5336387K(5724672K)
[35.569s][info][gc,metaspace   ] GC(258) Metaspace: 6298K(6464K)->6298K(6464K) NonClass: 5765K(5824K)->5765K(5824K) Class: 533K(640K)->533K(640K)
[35.569s][info][gc             ] GC(258) Pause Young (Allocation Failure) 5409M->5410M(5916M) 160.034ms
[35.569s][info][gc,cpu         ] GC(258) User=1.12s Sys=0.09s Real=0.16s
[35.627s][info][gc,start       ] GC(259) Pause Young (Allocation Failure)
[35.771s][info][gc,heap        ] GC(259) PSYoungGen: 254912K(333824K)->187104K(348160K) Eden: 51200K(51200K)->0K(56320K) From: 203712K(282624K)->187104K(291840K)
[35.771s][info][gc,heap        ] GC(259) ParOldGen: 5336387K(5724672K)->5404747K(5724672K)
[35.771s][info][gc,metaspace   ] GC(259) Metaspace: 6298K(6464K)->6298K(6464K) NonClass: 5765K(5824K)->5765K(5824K) Class: 533K(640K)->533K(640K)
[35.771s][info][gc             ] GC(259) Pause Young (Allocation Failure) 5460M->5460M(5930M) 144.866ms
[35.771s][info][gc,cpu         ] GC(259) User=1.02s Sys=0.00s Real=0.14s
[35.832s][info][gc,start       ] GC(260) Pause Young (Allocation Failure)
[35.975s][info][gc,heap        ] GC(260) PSYoungGen: 243424K(348160K)->159104K(215552K) Eden: 56320K(56320K)->0K(56320K) From: 187104K(291840K)->159104K(159232K)
[35.975s][info][gc,heap        ] GC(260) ParOldGen: 5404747K(5724672K)->5489811K(5724672K)
[35.975s][info][gc,metaspace   ] GC(260) Metaspace: 6298K(6464K)->6298K(6464K) NonClass: 5765K(5824K)->5765K(5824K) Class: 533K(640K)->533K(640K)
[35.975s][info][gc             ] GC(260) Pause Young (Allocation Failure) 5515M->5516M(5801M) 143.052ms
[35.975s][info][gc,cpu         ] GC(260) User=1.05s Sys=0.08s Real=0.14s
[36.048s][info][gc,start       ] GC(261) Pause Young (Allocation Failure)
[36.176s][info][gc,heap        ] GC(261) PSYoungGen: 215424K(215552K)->112928K(332288K) Eden: 56320K(56320K)->0K(63488K) From: 159104K(159232K)->112928K(268800K)
[36.176s][info][gc,heap        ] GC(261) ParOldGen: 5489811K(5724672K)->5593115K(5724672K)
[36.176s][info][gc,metaspace   ] GC(261) Metaspace: 6298K(6464K)->6298K(6464K) NonClass: 5765K(5824K)->5765K(5824K) Class: 533K(640K)->533K(640K)
[36.176s][info][gc             ] GC(261) Pause Young (Allocation Failure) 5571M->5572M(5915M) 127.749ms
[36.176s][info][gc,cpu         ] GC(261) User=0.89s Sys=0.00s Real=0.13s
[37.285s][info][gc,start       ] GC(262) Pause Full (Ergonomics)
[37.285s][info][gc,phases,start] GC(262) Marking Phase
[38.608s][info][gc,phases      ] GC(262) Marking Phase 1322.622ms
[38.608s][info][gc,phases,start] GC(262) Summary Phase
[38.608s][info][gc,phases      ] GC(262) Summary Phase 0.083ms
[38.608s][info][gc,phases,start] GC(262) Adjust Roots
[38.608s][info][gc,phases      ] GC(262) Adjust Roots 0.194ms
[38.608s][info][gc,phases,start] GC(262) Compaction Phase
[39.539s][info][gc,phases      ] GC(262) Compaction Phase 930.934ms
[39.539s][info][gc,phases,start] GC(262) Post Compact
[39.550s][info][gc,phases      ] GC(262) Post Compact 10.437ms
[39.550s][info][gc,heap        ] GC(262) PSYoungGen: 176416K(332288K)->25705K(338944K) Eden: 63488K(63488K)->0K(70144K) From: 112928K(268800K)->25705K(268800K)
[39.550s][info][gc,heap        ] GC(262) ParOldGen: 5855259K(5871104K)->5870674K(5871104K)
[39.550s][info][gc,metaspace   ] GC(262) Metaspace: 6298K(6464K)->6298K(6464K) NonClass: 5765K(5824K)->5765K(5824K) Class: 533K(640K)->533K(640K)
[39.550s][info][gc             ] GC(262) Pause Full (Ergonomics) 5890M->5758M(6064M) 2264.769ms
[39.550s][info][gc,cpu         ] GC(262) User=15.84s Sys=0.06s Real=2.26s
[39.628s][info][gc,start       ] GC(263) Pause Full (Ergonomics)
[39.628s][info][gc,phases,start] GC(263) Marking Phase
[40.988s][info][gc,phases      ] GC(263) Marking Phase 1360.170ms
[40.988s][info][gc,phases,start] GC(263) Summary Phase
[40.988s][info][gc,phases      ] GC(263) Summary Phase 0.094ms
[40.988s][info][gc,phases,start] GC(263) Adjust Roots
[40.988s][info][gc,phases      ] GC(263) Adjust Roots 0.288ms
[40.988s][info][gc,phases,start] GC(263) Compaction Phase
[41.520s][info][gc,phases      ] GC(263) Compaction Phase 531.331ms
[41.520s][info][gc,phases,start] GC(263) Post Compact
[41.528s][info][gc,phases      ] GC(263) Post Compact 8.581ms
[41.529s][info][gc,heap        ] GC(263) PSYoungGen: 95849K(338944K)->95819K(338944K) Eden: 70144K(70144K)->70114K(70144K) From: 25705K(268800K)->25705K(268800K)
[41.529s][info][gc,heap        ] GC(263) ParOldGen: 5870674K(5871104K)->5870674K(5871104K)
[41.529s][info][gc,metaspace   ] GC(263) Metaspace: 6298K(6464K)->6298K(6464K) NonClass: 5765K(5824K)->5765K(5824K) Class: 533K(640K)->533K(640K)
[41.529s][info][gc             ] GC(263) Pause Full (Ergonomics) 5826M->5826M(6064M) 1900.921ms
[41.529s][info][gc,cpu         ] GC(263) User=13.59s Sys=0.02s Real=1.90s
[41.529s][info][gc,start       ] GC(264) Pause Full (Ergonomics)
[41.529s][info][gc,phases,start] GC(264) Marking Phase
[42.866s][info][gc,phases      ] GC(264) Marking Phase 1337.219ms
[42.866s][info][gc,phases,start] GC(264) Summary Phase
[42.866s][info][gc,phases      ] GC(264) Summary Phase 0.067ms
[42.866s][info][gc,phases,start] GC(264) Adjust Roots
[42.866s][info][gc,phases      ] GC(264) Adjust Roots 0.195ms
[42.866s][info][gc,phases,start] GC(264) Compaction Phase
[43.374s][info][gc,phases      ] GC(264) Compaction Phase 507.682ms
[43.374s][info][gc,phases,start] GC(264) Post Compact
[43.383s][info][gc,phases      ] GC(264) Post Compact 8.606ms
[43.383s][info][gc,heap        ] GC(264) PSYoungGen: 95849K(338944K)->95848K(338944K) Eden: 70144K(70144K)->70143K(70144K) From: 25705K(268800K)->25705K(268800K)
[43.383s][info][gc,heap        ] GC(264) ParOldGen: 5870674K(5871104K)->5870674K(5871104K)
[43.383s][info][gc,metaspace   ] GC(264) Metaspace: 6298K(6464K)->6298K(6464K) NonClass: 5765K(5824K)->5765K(5824K) Class: 533K(640K)->533K(640K)
[43.383s][info][gc             ] GC(264) Pause Full (Ergonomics) 5826M->5826M(6064M) 1854.060ms
[43.383s][info][gc,cpu         ] GC(264) User=13.11s Sys=0.00s Real=1.86s
[43.383s][info][gc,start       ] GC(265) Pause Full (Ergonomics)
[43.383s][info][gc,phases,start] GC(265) Marking Phase
[44.741s][info][gc,phases      ] GC(265) Marking Phase 1357.938ms
[44.741s][info][gc,phases,start] GC(265) Summary Phase
[44.741s][info][gc,phases      ] GC(265) Summary Phase 0.063ms
[44.741s][info][gc,phases,start] GC(265) Adjust Roots
[44.741s][info][gc,phases      ] GC(265) Adjust Roots 0.164ms
[44.741s][info][gc,phases,start] GC(265) Compaction Phase
[45.275s][info][gc,phases      ] GC(265) Compaction Phase 533.831ms
[45.275s][info][gc,phases,start] GC(265) Post Compact
[45.284s][info][gc,phases      ] GC(265) Post Compact 8.689ms
[45.284s][info][gc,heap        ] GC(265) PSYoungGen: 95849K(338944K)->95849K(338944K) Eden: 70143K(70144K)->70143K(70144K) From: 25705K(268800K)->25705K(268800K)
[45.284s][info][gc,heap        ] GC(265) ParOldGen: 5870674K(5871104K)->5870674K(5871104K)
[45.284s][info][gc,metaspace   ] GC(265) Metaspace: 6298K(6464K)->6298K(6464K) NonClass: 5765K(5824K)->5765K(5824K) Class: 533K(640K)->533K(640K)
[45.284s][info][gc             ] GC(265) Pause Full (Ergonomics) 5826M->5826M(6064M) 1901.029ms
[45.284s][info][gc,cpu         ] GC(265) User=13.41s Sys=0.00s Real=1.90s
[45.284s][info][gc,start       ] GC(266) Pause Full (Ergonomics)
[45.284s][info][gc,phases,start] GC(266) Marking Phase
[46.628s][info][gc,phases      ] GC(266) Marking Phase 1343.954ms
[46.628s][info][gc,phases,start] GC(266) Summary Phase
[46.628s][info][gc,phases      ] GC(266) Summary Phase 0.063ms
[46.628s][info][gc,phases,start] GC(266) Adjust Roots
[46.629s][info][gc,phases      ] GC(266) Adjust Roots 0.197ms
[46.629s][info][gc,phases,start] GC(266) Compaction Phase
[47.170s][info][gc,phases      ] GC(266) Compaction Phase 541.801ms
[47.171s][info][gc,phases,start] GC(266) Post Compact
[47.179s][info][gc,phases      ] GC(266) Post Compact 8.605ms
[47.179s][info][gc,heap        ] GC(266) PSYoungGen: 95849K(338944K)->95849K(338944K) Eden: 70144K(70144K)->70144K(70144K) From: 25705K(268800K)->25705K(268800K)
[47.179s][info][gc,heap        ] GC(266) ParOldGen: 5870679K(5871104K)->5870679K(5871104K)
[47.179s][info][gc,metaspace   ] GC(266) Metaspace: 6298K(6464K)->6298K(6464K) NonClass: 5765K(5824K)->5765K(5824K) Class: 533K(640K)->533K(640K)
[47.179s][info][gc             ] GC(266) Pause Full (Ergonomics) 5826M->5826M(6064M) 1894.942ms
[47.179s][info][gc,cpu         ] GC(266) User=13.42s Sys=0.00s Real=1.89s
[47.179s][info][gc,start       ] GC(267) Pause Full (Ergonomics)
[47.179s][info][gc,phases,start] GC(267) Marking Phase
[48.529s][info][gc,phases      ] GC(267) Marking Phase 1349.516ms
[48.529s][info][gc,phases,start] GC(267) Summary Phase
[48.529s][info][gc,phases      ] GC(267) Summary Phase 0.085ms
[48.529s][info][gc,phases,start] GC(267) Adjust Roots
[48.529s][info][gc,phases      ] GC(267) Adjust Roots 0.229ms
[48.529s][info][gc,phases,start] GC(267) Compaction Phase
[49.049s][info][gc,phases      ] GC(267) Compaction Phase 519.319ms
[49.049s][info][gc,phases,start] GC(267) Post Compact
[49.057s][info][gc,phases      ] GC(267) Post Compact 8.578ms
[49.057s][info][gc,heap        ] GC(267) PSYoungGen: 95849K(338944K)->95849K(338944K) Eden: 70144K(70144K)->70144K(70144K) From: 25705K(268800K)->25705K(268800K)
[49.057s][info][gc,heap        ] GC(267) ParOldGen: 5870684K(5871104K)->5870684K(5871104K)
[49.057s][info][gc,metaspace   ] GC(267) Metaspace: 6298K(6464K)->6298K(6464K) NonClass: 5765K(5824K)->5765K(5824K) Class: 533K(640K)->533K(640K)
[49.057s][info][gc             ] GC(267) Pause Full (Ergonomics) 5826M->5826M(6064M) 1878.064ms
[49.058s][info][gc,cpu         ] GC(267) User=13.42s Sys=0.00s Real=1.88s
[49.058s][info][gc,start       ] GC(268) Pause Full (Ergonomics)
[49.058s][info][gc,phases,start] GC(268) Marking Phase
[50.433s][info][gc,phases      ] GC(268) Marking Phase 1375.474ms
[50.433s][info][gc,phases,start] GC(268) Summary Phase
[50.433s][info][gc,phases      ] GC(268) Summary Phase 0.062ms
[50.433s][info][gc,phases,start] GC(268) Adjust Roots
[50.433s][info][gc,phases      ] GC(268) Adjust Roots 0.179ms
[50.433s][info][gc,phases,start] GC(268) Compaction Phase
[50.947s][info][gc,phases      ] GC(268) Compaction Phase 513.335ms
[50.947s][info][gc,phases,start] GC(268) Post Compact
[50.956s][info][gc,phases      ] GC(268) Post Compact 8.615ms
[50.956s][info][gc,heap        ] GC(268) PSYoungGen: 95849K(338944K)->95849K(338944K) Eden: 70144K(70144K)->70144K(70144K) From: 25705K(268800K)->25705K(268800K)
[50.956s][info][gc,heap        ] GC(268) ParOldGen: 5870689K(5871104K)->5870689K(5871104K)
[50.956s][info][gc,metaspace   ] GC(268) Metaspace: 6298K(6464K)->6298K(6464K) NonClass: 5765K(5824K)->5765K(5824K) Class: 533K(640K)->533K(640K)
[50.956s][info][gc             ] GC(268) Pause Full (Ergonomics) 5826M->5826M(6064M) 1898.063ms
[50.956s][info][gc,cpu         ] GC(268) User=13.69s Sys=0.00s Real=1.90s
[50.956s][info][gc,start       ] GC(269) Pause Full (Ergonomics)
[50.956s][info][gc,phases,start] GC(269) Marking Phase
[52.327s][info][gc,phases      ] GC(269) Marking Phase 1371.211ms
[52.327s][info][gc,phases,start] GC(269) Summary Phase
[52.327s][info][gc,phases      ] GC(269) Summary Phase 0.083ms
[52.327s][info][gc,phases,start] GC(269) Adjust Roots
[52.328s][info][gc,phases      ] GC(269) Adjust Roots 0.241ms
[52.328s][info][gc,phases,start] GC(269) Compaction Phase
[52.864s][info][gc,phases      ] GC(269) Compaction Phase 536.251ms
[52.864s][info][gc,phases,start] GC(269) Post Compact
[52.873s][info][gc,phases      ] GC(269) Post Compact 8.652ms
[52.873s][info][gc,heap        ] GC(269) PSYoungGen: 95849K(338944K)->95849K(338944K) Eden: 70144K(70144K)->70144K(70144K) From: 25705K(268800K)->25705K(268800K)
[52.873s][info][gc,heap        ] GC(269) ParOldGen: 5870694K(5871104K)->5870694K(5871104K)
[52.873s][info][gc,metaspace   ] GC(269) Metaspace: 6298K(6464K)->6298K(6464K) NonClass: 5765K(5824K)->5765K(5824K) Class: 533K(640K)->533K(640K)
[52.873s][info][gc             ] GC(269) Pause Full (Ergonomics) 5826M->5826M(6064M) 1916.756ms
[52.873s][info][gc,cpu         ] GC(269) User=13.73s Sys=0.00s Real=1.92s
[52.873s][info][gc,start       ] GC(270) Pause Full (Ergonomics)
[52.873s][info][gc,phases,start] GC(270) Marking Phase
[54.226s][info][gc,phases      ] GC(270) Marking Phase 1353.306ms
[54.226s][info][gc,phases,start] GC(270) Summary Phase
[54.226s][info][gc,phases      ] GC(270) Summary Phase 0.062ms
[54.226s][info][gc,phases,start] GC(270) Adjust Roots
[54.227s][info][gc,phases      ] GC(270) Adjust Roots 0.180ms
[54.227s][info][gc,phases,start] GC(270) Compaction Phase
[54.774s][info][gc,phases      ] GC(270) Compaction Phase 547.822ms
[54.774s][info][gc,phases,start] GC(270) Post Compact
[54.783s][info][gc,phases      ] GC(270) Post Compact 8.587ms
[54.783s][info][gc,heap        ] GC(270) PSYoungGen: 95849K(338944K)->95849K(338944K) Eden: 70144K(70144K)->70144K(70144K) From: 25705K(268800K)->25705K(268800K)
[54.783s][info][gc,heap        ] GC(270) ParOldGen: 5870699K(5871104K)->5870699K(5871104K)
[54.783s][info][gc,metaspace   ] GC(270) Metaspace: 6298K(6464K)->6298K(6464K) NonClass: 5765K(5824K)->5765K(5824K) Class: 533K(640K)->533K(640K)
[54.783s][info][gc             ] GC(270) Pause Full (Ergonomics) 5826M->5826M(6064M) 1910.285ms
[54.783s][info][gc,cpu         ] GC(270) User=13.27s Sys=0.05s Real=1.91s
[54.783s][info][gc,start       ] GC(271) Pause Full (Ergonomics)
[54.783s][info][gc,phases,start] GC(271) Marking Phase
[56.137s][info][gc,phases      ] GC(271) Marking Phase 1353.340ms
[56.137s][info][gc,phases,start] GC(271) Summary Phase
[56.137s][info][gc,phases      ] GC(271) Summary Phase 0.068ms
[56.137s][info][gc,phases,start] GC(271) Adjust Roots
[56.137s][info][gc,phases      ] GC(271) Adjust Roots 0.202ms
[56.137s][info][gc,phases,start] GC(271) Compaction Phase
[56.688s][info][gc,phases      ] GC(271) Compaction Phase 550.758ms
[56.688s][info][gc,phases,start] GC(271) Post Compact
[56.696s][info][gc,phases      ] GC(271) Post Compact 8.600ms
[56.697s][info][gc,heap        ] GC(271) PSYoungGen: 95849K(338944K)->95849K(338944K) Eden: 70144K(70144K)->70144K(70144K) From: 25705K(268800K)->25705K(268800K)
[56.697s][info][gc,heap        ] GC(271) ParOldGen: 5870704K(5871104K)->5870704K(5871104K)
[56.697s][info][gc,metaspace   ] GC(271) Metaspace: 6298K(6464K)->6298K(6464K) NonClass: 5765K(5824K)->5765K(5824K) Class: 533K(640K)->533K(640K)
[56.697s][info][gc             ] GC(271) Pause Full (Ergonomics) 5826M->5826M(6064M) 1913.283ms
[56.697s][info][gc,cpu         ] GC(271) User=13.44s Sys=0.00s Real=1.91s
[56.697s][info][gc,start       ] GC(272) Pause Full (Ergonomics)
[56.697s][info][gc,phases,start] GC(272) Marking Phase
[58.078s][info][gc,phases      ] GC(272) Marking Phase 1380.852ms
[58.078s][info][gc,phases,start] GC(272) Summary Phase
[58.078s][info][gc,phases      ] GC(272) Summary Phase 0.062ms
[58.078s][info][gc,phases,start] GC(272) Adjust Roots
[58.078s][info][gc,phases      ] GC(272) Adjust Roots 0.230ms
[58.078s][info][gc,phases,start] GC(272) Compaction Phase
[58.617s][info][gc,phases      ] GC(272) Compaction Phase 538.659ms
[58.617s][info][gc,phases,start] GC(272) Post Compact
[58.626s][info][gc,phases      ] GC(272) Post Compact 8.760ms
[58.626s][info][gc,heap        ] GC(272) PSYoungGen: 95849K(338944K)->95849K(338944K) Eden: 70144K(70144K)->70144K(70144K) From: 25705K(268800K)->25705K(268800K)
[58.626s][info][gc,heap        ] GC(272) ParOldGen: 5870708K(5871104K)->5870708K(5871104K)
[58.626s][info][gc,metaspace   ] GC(272) Metaspace: 6298K(6464K)->6298K(6464K) NonClass: 5765K(5824K)->5765K(5824K) Class: 533K(640K)->533K(640K)
[58.626s][info][gc             ] GC(272) Pause Full (Ergonomics) 5826M->5826M(6064M) 1928.974ms
[58.626s][info][gc,cpu         ] GC(272) User=13.75s Sys=0.03s Real=1.93s
[58.626s][info][gc,start       ] GC(273) Pause Full (Ergonomics)
[58.626s][info][gc,phases,start] GC(273) Marking Phase
[59.988s][info][gc,phases      ] GC(273) Marking Phase 1362.101ms
[59.988s][info][gc,phases,start] GC(273) Summary Phase
[59.988s][info][gc,phases      ] GC(273) Summary Phase 0.078ms
[59.988s][info][gc,phases,start] GC(273) Adjust Roots
[59.988s][info][gc,phases      ] GC(273) Adjust Roots 0.231ms
[59.989s][info][gc,phases,start] GC(273) Compaction Phase
[60.523s][info][gc,phases      ] GC(273) Compaction Phase 534.404ms
[60.523s][info][gc,phases,start] GC(273) Post Compact
[60.532s][info][gc,phases      ] GC(273) Post Compact 8.746ms
[60.532s][info][gc,heap        ] GC(273) PSYoungGen: 95849K(338944K)->95849K(338944K) Eden: 70144K(70144K)->70144K(70144K) From: 25705K(268800K)->25705K(268800K)
[60.532s][info][gc,heap        ] GC(273) ParOldGen: 5870713K(5871104K)->5870713K(5871104K)
[60.532s][info][gc,metaspace   ] GC(273) Metaspace: 6298K(6464K)->6298K(6464K) NonClass: 5765K(5824K)->5765K(5824K) Class: 533K(640K)->533K(640K)
[60.532s][info][gc             ] GC(273) Pause Full (Ergonomics) 5826M->5826M(6064M) 1905.884ms
[60.532s][info][gc,cpu         ] GC(273) User=13.62s Sys=0.00s Real=1.91s
[60.532s][info][gc,start       ] GC(274) Pause Full (Ergonomics)
[60.532s][info][gc,phases,start] GC(274) Marking Phase
[61.905s][info][gc,phases      ] GC(274) Marking Phase 1373.018ms
[61.905s][info][gc,phases,start] GC(274) Summary Phase
[61.905s][info][gc,phases      ] GC(274) Summary Phase 0.090ms
[61.905s][info][gc,phases,start] GC(274) Adjust Roots
[61.905s][info][gc,phases      ] GC(274) Adjust Roots 0.168ms
[61.906s][info][gc,phases,start] GC(274) Compaction Phase
[62.441s][info][gc,phases      ] GC(274) Compaction Phase 535.393ms
[62.441s][info][gc,phases,start] GC(274) Post Compact
[62.450s][info][gc,phases      ] GC(274) Post Compact 8.642ms
[62.450s][info][gc,heap        ] GC(274) PSYoungGen: 95849K(338944K)->95849K(338944K) Eden: 70144K(70144K)->70144K(70144K) From: 25705K(268800K)->25705K(268800K)
[62.450s][info][gc,heap        ] GC(274) ParOldGen: 5870718K(5871104K)->5870718K(5871104K)
[62.450s][info][gc,metaspace   ] GC(274) Metaspace: 6298K(6464K)->6298K(6464K) NonClass: 5765K(5824K)->5765K(5824K) Class: 533K(640K)->533K(640K)
[62.450s][info][gc             ] GC(274) Pause Full (Ergonomics) 5826M->5826M(6064M) 1917.675ms
[62.450s][info][gc,cpu         ] GC(274) User=13.73s Sys=0.00s Real=1.92s
[62.450s][info][gc,start       ] GC(275) Pause Full (Ergonomics)
[62.450s][info][gc,phases,start] GC(275) Marking Phase
[63.837s][info][gc,phases      ] GC(275) Marking Phase 1387.053ms
[63.837s][info][gc,phases,start] GC(275) Summary Phase
[63.837s][info][gc,phases      ] GC(275) Summary Phase 0.078ms
[63.837s][info][gc,phases,start] GC(275) Adjust Roots
[63.837s][info][gc,phases      ] GC(275) Adjust Roots 0.225ms
[63.838s][info][gc,phases,start] GC(275) Compaction Phase
[64.366s][info][gc,phases      ] GC(275) Compaction Phase 528.234ms
[64.366s][info][gc,phases,start] GC(275) Post Compact
[64.375s][info][gc,phases      ] GC(275) Post Compact 8.670ms
[64.375s][info][gc,heap        ] GC(275) PSYoungGen: 95849K(338944K)->95849K(338944K) Eden: 70144K(70144K)->70144K(70144K) From: 25705K(268800K)->25705K(268800K)
[64.375s][info][gc,heap        ] GC(275) ParOldGen: 5870723K(5871104K)->5870723K(5871104K)
[64.375s][info][gc,metaspace   ] GC(275) Metaspace: 6298K(6464K)->6298K(6464K) NonClass: 5765K(5824K)->5765K(5824K) Class: 533K(640K)->533K(640K)
[64.375s][info][gc             ] GC(275) Pause Full (Ergonomics) 5826M->5826M(6064M) 1924.679ms
[64.375s][info][gc,cpu         ] GC(275) User=13.69s Sys=0.00s Real=1.92s
[64.375s][info][gc,start       ] GC(276) Pause Full (Ergonomics)
[64.375s][info][gc,phases,start] GC(276) Marking Phase
[65.729s][info][gc,phases      ] GC(276) Marking Phase 1354.455ms
[65.729s][info][gc,phases,start] GC(276) Summary Phase
[65.729s][info][gc,phases      ] GC(276) Summary Phase 0.082ms
[65.729s][info][gc,phases,start] GC(276) Adjust Roots
[65.730s][info][gc,phases      ] GC(276) Adjust Roots 0.222ms
[65.730s][info][gc,phases,start] GC(276) Compaction Phase
[66.248s][info][gc,phases      ] GC(276) Compaction Phase 518.102ms
[66.248s][info][gc,phases,start] GC(276) Post Compact
[66.257s][info][gc,phases      ] GC(276) Post Compact 8.774ms
[66.257s][info][gc,heap        ] GC(276) PSYoungGen: 95849K(338944K)->95849K(338944K) Eden: 70144K(70144K)->70144K(70144K) From: 25705K(268800K)->25705K(268800K)
[66.257s][info][gc,heap        ] GC(276) ParOldGen: 5870728K(5871104K)->5870728K(5871104K)
[66.257s][info][gc,metaspace   ] GC(276) Metaspace: 6298K(6464K)->6298K(6464K) NonClass: 5765K(5824K)->5765K(5824K) Class: 533K(640K)->533K(640K)
[66.257s][info][gc             ] GC(276) Pause Full (Ergonomics) 5826M->5826M(6064M) 1881.965ms
[66.257s][info][gc,cpu         ] GC(276) User=13.48s Sys=0.02s Real=1.88s
[66.257s][info][gc,start       ] GC(277) Pause Full (Ergonomics)
[66.257s][info][gc,phases,start] GC(277) Marking Phase
[67.619s][info][gc,phases      ] GC(277) Marking Phase 1361.667ms
[67.619s][info][gc,phases,start] GC(277) Summary Phase
[67.619s][info][gc,phases      ] GC(277) Summary Phase 0.064ms
[67.619s][info][gc,phases,start] GC(277) Adjust Roots
[67.619s][info][gc,phases      ] GC(277) Adjust Roots 0.188ms
[67.619s][info][gc,phases,start] GC(277) Compaction Phase
[68.147s][info][gc,phases      ] GC(277) Compaction Phase 527.870ms
[68.147s][info][gc,phases,start] GC(277) Post Compact
[68.156s][info][gc,phases      ] GC(277) Post Compact 8.745ms
[68.156s][info][gc,heap        ] GC(277) PSYoungGen: 95849K(338944K)->95849K(338944K) Eden: 70144K(70144K)->70144K(70144K) From: 25705K(268800K)->25705K(268800K)
[68.156s][info][gc,heap        ] GC(277) ParOldGen: 5870733K(5871104K)->5870733K(5871104K)
[68.156s][info][gc,metaspace   ] GC(277) Metaspace: 6298K(6464K)->6298K(6464K) NonClass: 5765K(5824K)->5765K(5824K) Class: 533K(640K)->533K(640K)
[68.156s][info][gc             ] GC(277) Pause Full (Ergonomics) 5826M->5826M(6064M) 1898.853ms
[68.156s][info][gc,cpu         ] GC(277) User=13.44s Sys=0.02s Real=1.90s
[68.156s][info][gc,start       ] GC(278) Pause Full (Ergonomics)
[68.156s][info][gc,phases,start] GC(278) Marking Phase
[69.527s][info][gc,phases      ] GC(278) Marking Phase 1370.922ms
[69.527s][info][gc,phases,start] GC(278) Summary Phase
[69.527s][info][gc,phases      ] GC(278) Summary Phase 0.062ms
[69.527s][info][gc,phases,start] GC(278) Adjust Roots
[69.527s][info][gc,phases      ] GC(278) Adjust Roots 0.169ms
[69.527s][info][gc,phases,start] GC(278) Compaction Phase
[70.070s][info][gc,phases      ] GC(278) Compaction Phase 542.413ms
[70.070s][info][gc,phases,start] GC(278) Post Compact
[70.079s][info][gc,phases      ] GC(278) Post Compact 9.308ms
[70.079s][info][gc,heap        ] GC(278) PSYoungGen: 95849K(338944K)->95849K(338944K) Eden: 70144K(70144K)->70144K(70144K) From: 25705K(268800K)->25705K(268800K)
[70.079s][info][gc,heap        ] GC(278) ParOldGen: 5870737K(5871104K)->5870737K(5871104K)
[70.079s][info][gc,metaspace   ] GC(278) Metaspace: 6298K(6464K)->6298K(6464K) NonClass: 5765K(5824K)->5765K(5824K) Class: 533K(640K)->533K(640K)
[70.079s][info][gc             ] GC(278) Pause Full (Ergonomics) 5826M->5826M(6064M) 1923.318ms
[70.079s][info][gc,cpu         ] GC(278) User=13.56s Sys=0.02s Real=1.92s
[70.079s][info][gc,start       ] GC(279) Pause Full (Ergonomics)
[70.080s][info][gc,phases,start] GC(279) Marking Phase
[71.427s][info][gc,phases      ] GC(279) Marking Phase 1347.424ms
[71.427s][info][gc,phases,start] GC(279) Summary Phase
[71.427s][info][gc,phases      ] GC(279) Summary Phase 0.062ms
[71.427s][info][gc,phases,start] GC(279) Adjust Roots
[71.427s][info][gc,phases      ] GC(279) Adjust Roots 0.164ms
[71.427s][info][gc,phases,start] GC(279) Compaction Phase
[71.942s][info][gc,phases      ] GC(279) Compaction Phase 514.621ms
[71.942s][info][gc,phases,start] GC(279) Post Compact
[71.951s][info][gc,phases      ] GC(279) Post Compact 8.712ms
[71.951s][info][gc,heap        ] GC(279) PSYoungGen: 95849K(338944K)->95849K(338944K) Eden: 70144K(70144K)->70144K(70144K) From: 25705K(268800K)->25705K(268800K)
[71.951s][info][gc,heap        ] GC(279) ParOldGen: 5870742K(5871104K)->5870742K(5871104K)
[71.951s][info][gc,metaspace   ] GC(279) Metaspace: 6298K(6464K)->6298K(6464K) NonClass: 5765K(5824K)->5765K(5824K) Class: 533K(640K)->533K(640K)
[71.951s][info][gc             ] GC(279) Pause Full (Ergonomics) 5826M->5826M(6064M) 1871.282ms
[71.951s][info][gc,cpu         ] GC(279) User=13.58s Sys=0.00s Real=1.87s
[71.951s][info][gc,start       ] GC(280) Pause Full (Ergonomics)
[71.951s][info][gc,phases,start] GC(280) Marking Phase
[73.333s][info][gc,phases      ] GC(280) Marking Phase 1382.407ms
[73.333s][info][gc,phases,start] GC(280) Summary Phase
[73.334s][info][gc,phases      ] GC(280) Summary Phase 0.065ms
[73.334s][info][gc,phases,start] GC(280) Adjust Roots
[73.334s][info][gc,phases      ] GC(280) Adjust Roots 0.169ms
[73.334s][info][gc,phases,start] GC(280) Compaction Phase
[73.876s][info][gc,phases      ] GC(280) Compaction Phase 541.914ms
[73.876s][info][gc,phases,start] GC(280) Post Compact
[73.884s][info][gc,phases      ] GC(280) Post Compact 8.611ms
[73.884s][info][gc,heap        ] GC(280) PSYoungGen: 95849K(338944K)->95849K(338944K) Eden: 70144K(70144K)->70144K(70144K) From: 25705K(268800K)->25705K(268800K)
[73.884s][info][gc,heap        ] GC(280) ParOldGen: 5870747K(5871104K)->5870747K(5871104K)
[73.884s][info][gc,metaspace   ] GC(280) Metaspace: 6298K(6464K)->6298K(6464K) NonClass: 5765K(5824K)->5765K(5824K) Class: 533K(640K)->533K(640K)
[73.884s][info][gc             ] GC(280) Pause Full (Ergonomics) 5826M->5826M(6064M) 1933.452ms
[73.884s][info][gc,cpu         ] GC(280) User=13.78s Sys=0.00s Real=1.93s
[73.885s][info][gc,start       ] GC(281) Pause Full (Ergonomics)
[73.885s][info][gc,phases,start] GC(281) Marking Phase
[75.227s][info][gc,phases      ] GC(281) Marking Phase 1341.990ms
[75.227s][info][gc,phases,start] GC(281) Summary Phase
[75.227s][info][gc,phases      ] GC(281) Summary Phase 0.062ms
[75.227s][info][gc,phases,start] GC(281) Adjust Roots
[75.227s][info][gc,phases      ] GC(281) Adjust Roots 0.164ms
[75.227s][info][gc,phases,start] GC(281) Compaction Phase
[75.746s][info][gc,phases      ] GC(281) Compaction Phase 518.685ms
[75.746s][info][gc,phases,start] GC(281) Post Compact
[75.754s][info][gc,phases      ] GC(281) Post Compact 8.576ms
[75.754s][info][gc,heap        ] GC(281) PSYoungGen: 95849K(338944K)->95849K(338944K) Eden: 70144K(70144K)->70144K(70144K) From: 25705K(268800K)->25705K(268800K)
[75.754s][info][gc,heap        ] GC(281) ParOldGen: 5870752K(5871104K)->5870752K(5871104K)
[75.754s][info][gc,metaspace   ] GC(281) Metaspace: 6298K(6464K)->6298K(6464K) NonClass: 5765K(5824K)->5765K(5824K) Class: 533K(640K)->533K(640K)
[75.754s][info][gc             ] GC(281) Pause Full (Ergonomics) 5826M->5826M(6064M) 1869.783ms
[75.754s][info][gc,cpu         ] GC(281) User=13.38s Sys=0.02s Real=1.87s
[75.755s][info][gc,start       ] GC(282) Pause Full (Ergonomics)
[75.755s][info][gc,phases,start] GC(282) Marking Phase
[77.120s][info][gc,phases      ] GC(282) Marking Phase 1365.247ms
[77.120s][info][gc,phases,start] GC(282) Summary Phase
[77.120s][info][gc,phases      ] GC(282) Summary Phase 0.062ms
[77.120s][info][gc,phases,start] GC(282) Adjust Roots
[77.120s][info][gc,phases      ] GC(282) Adjust Roots 0.163ms
[77.120s][info][gc,phases,start] GC(282) Compaction Phase
[77.632s][info][gc,phases      ] GC(282) Compaction Phase 511.373ms
[77.632s][info][gc,phases,start] GC(282) Post Compact
[77.640s][info][gc,phases      ] GC(282) Post Compact 8.723ms
[77.640s][info][gc,heap        ] GC(282) PSYoungGen: 95849K(338944K)->95849K(338944K) Eden: 70144K(70144K)->70144K(70144K) From: 25705K(268800K)->25705K(268800K)
[77.640s][info][gc,heap        ] GC(282) ParOldGen: 5870757K(5871104K)->5870757K(5871104K)
[77.640s][info][gc,metaspace   ] GC(282) Metaspace: 6298K(6464K)->6298K(6464K) NonClass: 5765K(5824K)->5765K(5824K) Class: 533K(640K)->533K(640K)
[77.641s][info][gc             ] GC(282) Pause Full (Ergonomics) 5826M->5826M(6064M) 1885.910ms
[77.641s][info][gc,cpu         ] GC(282) User=13.66s Sys=0.00s Real=1.88s
[77.641s][info][gc,start       ] GC(283) Pause Full (Ergonomics)
[77.641s][info][gc,phases,start] GC(283) Marking Phase
[79.017s][info][gc,phases      ] GC(283) Marking Phase 1376.020ms
[79.017s][info][gc,phases,start] GC(283) Summary Phase
[79.017s][info][gc,phases      ] GC(283) Summary Phase 0.090ms
[79.017s][info][gc,phases,start] GC(283) Adjust Roots
[79.017s][info][gc,phases      ] GC(283) Adjust Roots 0.331ms
[79.017s][info][gc,phases,start] GC(283) Compaction Phase
[79.581s][info][gc,phases      ] GC(283) Compaction Phase 563.466ms
[79.581s][info][gc,phases,start] GC(283) Post Compact
[79.590s][info][gc,phases      ] GC(283) Post Compact 8.781ms
[79.590s][info][gc,heap        ] GC(283) PSYoungGen: 95849K(338944K)->95849K(338944K) Eden: 70144K(70144K)->70144K(70144K) From: 25705K(268800K)->25705K(268800K)
[79.590s][info][gc,heap        ] GC(283) ParOldGen: 5870762K(5871104K)->5870762K(5871104K)
[79.590s][info][gc,metaspace   ] GC(283) Metaspace: 6298K(6464K)->6298K(6464K) NonClass: 5765K(5824K)->5765K(5824K) Class: 533K(640K)->533K(640K)
[79.590s][info][gc             ] GC(283) Pause Full (Ergonomics) 5826M->5826M(6064M) 1949.051ms
[79.590s][info][gc,cpu         ] GC(283) User=13.80s Sys=0.02s Real=1.95s
[79.590s][info][gc,start       ] GC(284) Pause Full (Ergonomics)
[79.590s][info][gc,phases,start] GC(284) Marking Phase
[80.968s][info][gc,phases      ] GC(284) Marking Phase 1378.338ms
[80.968s][info][gc,phases,start] GC(284) Summary Phase
[80.968s][info][gc,phases      ] GC(284) Summary Phase 0.068ms
[80.968s][info][gc,phases,start] GC(284) Adjust Roots
[80.969s][info][gc,phases      ] GC(284) Adjust Roots 0.160ms
[80.969s][info][gc,phases,start] GC(284) Compaction Phase
[81.524s][info][gc,phases      ] GC(284) Compaction Phase 555.077ms
[81.524s][info][gc,phases,start] GC(284) Post Compact
[81.532s][info][gc,phases      ] GC(284) Post Compact 8.565ms
[81.532s][info][gc,heap        ] GC(284) PSYoungGen: 95849K(338944K)->95849K(338944K) Eden: 70144K(70144K)->70144K(70144K) From: 25705K(268800K)->25705K(268800K)
[81.532s][info][gc,heap        ] GC(284) ParOldGen: 5870766K(5871104K)->5870766K(5871104K)
[81.532s][info][gc,metaspace   ] GC(284) Metaspace: 6298K(6464K)->6298K(6464K) NonClass: 5765K(5824K)->5765K(5824K) Class: 533K(640K)->533K(640K)
[81.532s][info][gc             ] GC(284) Pause Full (Ergonomics) 5826M->5826M(6064M) 1942.499ms
[81.532s][info][gc,cpu         ] GC(284) User=13.69s Sys=0.00s Real=1.94s
[81.533s][info][gc,start       ] GC(285) Pause Full (Ergonomics)
[81.533s][info][gc,phases,start] GC(285) Marking Phase
[82.900s][info][gc,phases      ] GC(285) Marking Phase 1367.811ms
[82.901s][info][gc,phases,start] GC(285) Summary Phase
[82.901s][info][gc,phases      ] GC(285) Summary Phase 0.070ms
[82.901s][info][gc,phases,start] GC(285) Adjust Roots
[82.901s][info][gc,phases      ] GC(285) Adjust Roots 0.167ms
[82.901s][info][gc,phases,start] GC(285) Compaction Phase
[83.420s][info][gc,phases      ] GC(285) Compaction Phase 518.698ms
[83.420s][info][gc,phases,start] GC(285) Post Compact
[83.428s][info][gc,phases      ] GC(285) Post Compact 8.527ms
[83.428s][info][gc,heap        ] GC(285) PSYoungGen: 95849K(338944K)->95849K(338944K) Eden: 70144K(70144K)->70144K(70144K) From: 25705K(268800K)->25705K(268800K)
[83.428s][info][gc,heap        ] GC(285) ParOldGen: 5870771K(5871104K)->5870771K(5871104K)
[83.428s][info][gc,metaspace   ] GC(285) Metaspace: 6298K(6464K)->6298K(6464K) NonClass: 5765K(5824K)->5765K(5824K) Class: 533K(640K)->533K(640K)
[83.428s][info][gc             ] GC(285) Pause Full (Ergonomics) 5826M->5826M(6064M) 1895.599ms
[83.428s][info][gc,cpu         ] GC(285) User=13.59s Sys=0.00s Real=1.90s
[83.428s][info][gc,start       ] GC(286) Pause Full (Ergonomics)
[83.428s][info][gc,phases,start] GC(286) Marking Phase
[84.784s][info][gc,phases      ] GC(286) Marking Phase 1355.338ms
[84.784s][info][gc,phases,start] GC(286) Summary Phase
[84.784s][info][gc,phases      ] GC(286) Summary Phase 0.063ms
[84.784s][info][gc,phases,start] GC(286) Adjust Roots
[84.784s][info][gc,phases      ] GC(286) Adjust Roots 0.163ms
[84.784s][info][gc,phases,start] GC(286) Compaction Phase
[85.319s][info][gc,phases      ] GC(286) Compaction Phase 534.771ms
[85.319s][info][gc,phases,start] GC(286) Post Compact
[85.328s][info][gc,phases      ] GC(286) Post Compact 8.579ms
[85.328s][info][gc,heap        ] GC(286) PSYoungGen: 95849K(338944K)->95849K(338944K) Eden: 70144K(70144K)->70144K(70144K) From: 25705K(268800K)->25705K(268800K)
[85.328s][info][gc,heap        ] GC(286) ParOldGen: 5870776K(5871104K)->5870776K(5871104K)
[85.328s][info][gc,metaspace   ] GC(286) Metaspace: 6298K(6464K)->6298K(6464K) NonClass: 5765K(5824K)->5765K(5824K) Class: 533K(640K)->533K(640K)
[85.328s][info][gc             ] GC(286) Pause Full (Ergonomics) 5826M->5826M(6064M) 1899.218ms
[85.328s][info][gc,cpu         ] GC(286) User=13.70s Sys=0.02s Real=1.90s
[85.328s][info][gc,start       ] GC(287) Pause Full (Ergonomics)
[85.328s][info][gc,phases,start] GC(287) Marking Phase
[86.690s][info][gc,phases      ] GC(287) Marking Phase 1362.148ms
[86.690s][info][gc,phases,start] GC(287) Summary Phase
[86.690s][info][gc,phases      ] GC(287) Summary Phase 0.063ms
[86.690s][info][gc,phases,start] GC(287) Adjust Roots
[86.690s][info][gc,phases      ] GC(287) Adjust Roots 0.166ms
[86.690s][info][gc,phases,start] GC(287) Compaction Phase
[87.238s][info][gc,phases      ] GC(287) Compaction Phase 547.158ms
[87.238s][info][gc,phases,start] GC(287) Post Compact
[87.246s][info][gc,phases      ] GC(287) Post Compact 8.721ms
[87.246s][info][gc,heap        ] GC(287) PSYoungGen: 95849K(338944K)->95849K(338944K) Eden: 70144K(70144K)->70144K(70144K) From: 25705K(268800K)->25705K(268800K)
[87.246s][info][gc,heap        ] GC(287) ParOldGen: 5870781K(5871104K)->5870781K(5871104K)
[87.246s][info][gc,metaspace   ] GC(287) Metaspace: 6298K(6464K)->6298K(6464K) NonClass: 5765K(5824K)->5765K(5824K) Class: 533K(640K)->533K(640K)
[87.246s][info][gc             ] GC(287) Pause Full (Ergonomics) 5826M->5826M(6064M) 1918.587ms
[87.246s][info][gc,cpu         ] GC(287) User=13.48s Sys=0.03s Real=1.92s
[87.247s][info][gc,start       ] GC(288) Pause Full (Ergonomics)
[87.247s][info][gc,phases,start] GC(288) Marking Phase
[88.618s][info][gc,phases      ] GC(288) Marking Phase 1371.018ms
[88.618s][info][gc,phases,start] GC(288) Summary Phase
[88.618s][info][gc,phases      ] GC(288) Summary Phase 0.100ms
[88.618s][info][gc,phases,start] GC(288) Adjust Roots
[88.618s][info][gc,phases      ] GC(288) Adjust Roots 0.220ms
[88.618s][info][gc,phases,start] GC(288) Compaction Phase
[89.137s][info][gc,phases      ] GC(288) Compaction Phase 519.237ms
[89.137s][info][gc,phases,start] GC(288) Post Compact
[89.146s][info][gc,phases      ] GC(288) Post Compact 8.579ms
[89.146s][info][gc,heap        ] GC(288) PSYoungGen: 95849K(338944K)->95849K(338944K) Eden: 70144K(70144K)->70144K(70144K) From: 25705K(268800K)->25705K(268800K)
[89.146s][info][gc,heap        ] GC(288) ParOldGen: 5870786K(5871104K)->5870786K(5871104K)
[89.146s][info][gc,metaspace   ] GC(288) Metaspace: 6298K(6464K)->6298K(6464K) NonClass: 5765K(5824K)->5765K(5824K) Class: 533K(640K)->533K(640K)
[89.146s][info][gc             ] GC(288) Pause Full (Ergonomics) 5826M->5826M(6064M) 1899.488ms
[89.146s][info][gc,cpu         ] GC(288) User=13.47s Sys=0.00s Real=1.90s
[89.146s][info][gc,start       ] GC(289) Pause Full (Ergonomics)
[89.146s][info][gc,phases,start] GC(289) Marking Phase
[90.525s][info][gc,phases      ] GC(289) Marking Phase 1378.889ms
[90.525s][info][gc,phases,start] GC(289) Summary Phase
[90.525s][info][gc,phases      ] GC(289) Summary Phase 0.062ms
[90.525s][info][gc,phases,start] GC(289) Adjust Roots
[90.526s][info][gc,phases      ] GC(289) Adjust Roots 0.163ms
[90.526s][info][gc,phases,start] GC(289) Compaction Phase
[91.037s][info][gc,phases      ] GC(289) Compaction Phase 511.664ms
[91.037s][info][gc,phases,start] GC(289) Post Compact
[91.046s][info][gc,phases      ] GC(289) Post Compact 8.610ms
[91.046s][info][gc,heap        ] GC(289) PSYoungGen: 95849K(338944K)->95849K(338944K) Eden: 70144K(70144K)->70144K(70144K) From: 25705K(268800K)->25705K(268800K)
[91.046s][info][gc,heap        ] GC(289) ParOldGen: 5870791K(5871104K)->5870791K(5871104K)
[91.046s][info][gc,metaspace   ] GC(289) Metaspace: 6298K(6464K)->6298K(6464K) NonClass: 5765K(5824K)->5765K(5824K) Class: 533K(640K)->533K(640K)
[91.046s][info][gc             ] GC(289) Pause Full (Ergonomics) 5826M->5826M(6064M) 1899.694ms
[91.046s][info][gc,cpu         ] GC(289) User=13.78s Sys=0.00s Real=1.90s
[91.046s][info][gc,start       ] GC(290) Pause Full (Ergonomics)
[91.046s][info][gc,phases,start] GC(290) Marking Phase
[92.386s][info][gc,phases      ] GC(290) Marking Phase 1340.023ms
[92.386s][info][gc,phases,start] GC(290) Summary Phase
[92.386s][info][gc,phases      ] GC(290) Summary Phase 0.065ms
[92.386s][info][gc,phases,start] GC(290) Adjust Roots
[92.387s][info][gc,phases      ] GC(290) Adjust Roots 0.171ms
[92.387s][info][gc,phases,start] GC(290) Compaction Phase
[92.918s][info][gc,phases      ] GC(290) Compaction Phase 531.293ms
[92.918s][info][gc,phases,start] GC(290) Post Compact
[92.926s][info][gc,phases      ] GC(290) Post Compact 8.492ms
[92.926s][info][gc,heap        ] GC(290) PSYoungGen: 95849K(338944K)->95849K(338944K) Eden: 70144K(70144K)->70144K(70144K) From: 25705K(268800K)->25705K(268800K)
[92.926s][info][gc,heap        ] GC(290) ParOldGen: 5870795K(5871104K)->5870795K(5871104K)
[92.926s][info][gc,metaspace   ] GC(290) Metaspace: 6298K(6464K)->6298K(6464K) NonClass: 5765K(5824K)->5765K(5824K) Class: 533K(640K)->533K(640K)
[92.926s][info][gc             ] GC(290) Pause Full (Ergonomics) 5826M->5826M(6064M) 1880.344ms
[92.927s][info][gc,cpu         ] GC(290) User=13.17s Sys=0.00s Real=1.88s
[92.927s][info][gc,start       ] GC(291) Pause Full (Ergonomics)
[92.927s][info][gc,phases,start] GC(291) Marking Phase
[94.273s][info][gc,phases      ] GC(291) Marking Phase 1346.421ms
[94.273s][info][gc,phases,start] GC(291) Summary Phase
[94.273s][info][gc,phases      ] GC(291) Summary Phase 0.083ms
[94.273s][info][gc,phases,start] GC(291) Adjust Roots
[94.274s][info][gc,phases      ] GC(291) Adjust Roots 0.205ms
[94.274s][info][gc,phases,start] GC(291) Compaction Phase
[94.819s][info][gc,phases      ] GC(291) Compaction Phase 545.111ms
[94.819s][info][gc,phases,start] GC(291) Post Compact
[94.828s][info][gc,phases      ] GC(291) Post Compact 8.756ms
[94.828s][info][gc,heap        ] GC(291) PSYoungGen: 95849K(338944K)->95849K(338944K) Eden: 70144K(70144K)->70144K(70144K) From: 25705K(268800K)->25705K(268800K)
[94.828s][info][gc,heap        ] GC(291) ParOldGen: 5870800K(5871104K)->5870800K(5871104K)
[94.828s][info][gc,metaspace   ] GC(291) Metaspace: 6298K(6464K)->6298K(6464K) NonClass: 5765K(5824K)->5765K(5824K) Class: 533K(640K)->533K(640K)
[94.828s][info][gc             ] GC(291) Pause Full (Ergonomics) 5826M->5826M(6064M) 1900.950ms
[94.828s][info][gc,cpu         ] GC(291) User=13.36s Sys=0.02s Real=1.90s
[94.828s][info][gc,start       ] GC(292) Pause Full (Ergonomics)
[94.828s][info][gc,phases,start] GC(292) Marking Phase
[96.190s][info][gc,phases      ] GC(292) Marking Phase 1362.099ms
[96.190s][info][gc,phases,start] GC(292) Summary Phase
[96.190s][info][gc,phases      ] GC(292) Summary Phase 0.099ms
[96.190s][info][gc,phases,start] GC(292) Adjust Roots
[96.190s][info][gc,phases      ] GC(292) Adjust Roots 0.289ms
[96.190s][info][gc,phases,start] GC(292) Compaction Phase
[96.737s][info][gc,phases      ] GC(292) Compaction Phase 546.958ms
[96.737s][info][gc,phases,start] GC(292) Post Compact
[96.746s][info][gc,phases      ] GC(292) Post Compact 8.604ms
[96.746s][info][gc,heap        ] GC(292) PSYoungGen: 95849K(338944K)->95849K(338944K) Eden: 70144K(70144K)->70144K(70144K) From: 25705K(268800K)->25705K(268800K)
[96.746s][info][gc,heap        ] GC(292) ParOldGen: 5870805K(5871104K)->5870805K(5871104K)
[96.746s][info][gc,metaspace   ] GC(292) Metaspace: 6298K(6464K)->6298K(6464K) NonClass: 5765K(5824K)->5765K(5824K) Class: 533K(640K)->533K(640K)
[96.746s][info][gc             ] GC(292) Pause Full (Ergonomics) 5826M->5826M(6064M) 1918.372ms
[96.746s][info][gc,cpu         ] GC(292) User=13.67s Sys=0.00s Real=1.92s
[96.746s][info][gc,start       ] GC(293) Pause Full (Ergonomics)
[96.746s][info][gc,phases,start] GC(293) Marking Phase
[98.099s][info][gc,phases      ] GC(293) Marking Phase 1352.329ms
[98.099s][info][gc,phases,start] GC(293) Summary Phase
[98.099s][info][gc,phases      ] GC(293) Summary Phase 0.062ms
[98.099s][info][gc,phases,start] GC(293) Adjust Roots
[98.099s][info][gc,phases      ] GC(293) Adjust Roots 0.160ms
[98.099s][info][gc,phases,start] GC(293) Compaction Phase
[98.635s][info][gc,phases      ] GC(293) Compaction Phase 535.638ms
[98.635s][info][gc,phases,start] GC(293) Post Compact
[98.643s][info][gc,phases      ] GC(293) Post Compact 8.573ms
[98.643s][info][gc,heap        ] GC(293) PSYoungGen: 95849K(338944K)->95849K(338944K) Eden: 70144K(70144K)->70144K(70144K) From: 25705K(268800K)->25705K(268800K)
[98.643s][info][gc,heap        ] GC(293) ParOldGen: 5870810K(5871104K)->5870810K(5871104K)
[98.643s][info][gc,metaspace   ] GC(293) Metaspace: 6298K(6464K)->6298K(6464K) NonClass: 5765K(5824K)->5765K(5824K) Class: 533K(640K)->533K(640K)
[98.643s][info][gc             ] GC(293) Pause Full (Ergonomics) 5826M->5826M(6064M) 1897.078ms
[98.643s][info][gc,cpu         ] GC(293) User=13.50s Sys=0.00s Real=1.90s
[98.644s][info][gc,start       ] GC(294) Pause Full (Ergonomics)
[98.644s][info][gc,phases,start] GC(294) Marking Phase
[100.004s][info][gc,phases      ] GC(294) Marking Phase 1360.419ms
[100.004s][info][gc,phases,start] GC(294) Summary Phase
[100.004s][info][gc,phases      ] GC(294) Summary Phase 0.062ms
[100.004s][info][gc,phases,start] GC(294) Adjust Roots
[100.004s][info][gc,phases      ] GC(294) Adjust Roots 0.164ms
[100.004s][info][gc,phases,start] GC(294) Compaction Phase
[100.535s][info][gc,phases      ] GC(294) Compaction Phase 530.816ms
[100.535s][info][gc,phases,start] GC(294) Post Compact
[100.544s][info][gc,phases      ] GC(294) Post Compact 8.599ms
[100.544s][info][gc,heap        ] GC(294) PSYoungGen: 95849K(338944K)->95849K(338944K) Eden: 70144K(70144K)->70144K(70144K) From: 25705K(268800K)->25705K(268800K)
[100.544s][info][gc,heap        ] GC(294) ParOldGen: 5870815K(5871104K)->5870815K(5871104K)
[100.544s][info][gc,metaspace   ] GC(294) Metaspace: 6298K(6464K)->6298K(6464K) NonClass: 5765K(5824K)->5765K(5824K) Class: 533K(640K)->533K(640K)
[100.544s][info][gc             ] GC(294) Pause Full (Ergonomics) 5826M->5826M(6064M) 1900.366ms
[100.544s][info][gc,cpu         ] GC(294) User=13.56s Sys=0.00s Real=1.90s
[100.544s][info][gc,start       ] GC(295) Pause Full (Ergonomics)
[100.544s][info][gc,phases,start] GC(295) Marking Phase
[101.884s][info][gc,phases      ] GC(295) Marking Phase 1339.799ms
[101.884s][info][gc,phases,start] GC(295) Summary Phase
[101.884s][info][gc,phases      ] GC(295) Summary Phase 0.067ms
[101.884s][info][gc,phases,start] GC(295) Adjust Roots
[101.884s][info][gc,phases      ] GC(295) Adjust Roots 0.165ms
[101.884s][info][gc,phases,start] GC(295) Compaction Phase
[102.416s][info][gc,phases      ] GC(295) Compaction Phase 532.101ms
[102.417s][info][gc,phases,start] GC(295) Post Compact
[102.425s][info][gc,phases      ] GC(295) Post Compact 8.548ms
[102.425s][info][gc,heap        ] GC(295) PSYoungGen: 95849K(338944K)->95849K(338944K) Eden: 70144K(70144K)->70144K(70144K) From: 25705K(268800K)->25705K(268800K)
[102.425s][info][gc,heap        ] GC(295) ParOldGen: 5870820K(5871104K)->5870820K(5871104K)
[102.425s][info][gc,metaspace   ] GC(295) Metaspace: 6298K(6464K)->6298K(6464K) NonClass: 5765K(5824K)->5765K(5824K) Class: 533K(640K)->533K(640K)
[102.425s][info][gc             ] GC(295) Pause Full (Ergonomics) 5826M->5826M(6064M) 1880.983ms
[102.425s][info][gc,cpu         ] GC(295) User=13.16s Sys=0.02s Real=1.88s
[102.425s][info][gc,start       ] GC(296) Pause Full (Ergonomics)
[102.425s][info][gc,phases,start] GC(296) Marking Phase
[103.776s][info][gc,phases      ] GC(296) Marking Phase 1350.894ms
[103.776s][info][gc,phases,start] GC(296) Summary Phase
[103.776s][info][gc,phases      ] GC(296) Summary Phase 0.061ms
[103.776s][info][gc,phases,start] GC(296) Adjust Roots
[103.777s][info][gc,phases      ] GC(296) Adjust Roots 0.163ms
[103.777s][info][gc,phases,start] GC(296) Compaction Phase
[104.292s][info][gc,phases      ] GC(296) Compaction Phase 515.137ms
[104.292s][info][gc,phases,start] GC(296) Post Compact
[104.301s][info][gc,phases      ] GC(296) Post Compact 8.722ms
[104.301s][info][gc,heap        ] GC(296) PSYoungGen: 95849K(338944K)->95849K(338944K) Eden: 70144K(70144K)->70144K(70144K) From: 25705K(268800K)->25705K(268800K)
[104.301s][info][gc,heap        ] GC(296) ParOldGen: 5870824K(5871104K)->5870824K(5871104K)
[104.301s][info][gc,metaspace   ] GC(296) Metaspace: 6298K(6464K)->6298K(6464K) NonClass: 5765K(5824K)->5765K(5824K) Class: 533K(640K)->533K(640K)
[104.301s][info][gc             ] GC(296) Pause Full (Ergonomics) 5826M->5826M(6064M) 1875.295ms
[104.301s][info][gc,cpu         ] GC(296) User=13.45s Sys=0.00s Real=1.88s
[104.301s][info][gc,start       ] GC(297) Pause Full (Ergonomics)
[104.301s][info][gc,phases,start] GC(297) Marking Phase
[105.654s][info][gc,phases      ] GC(297) Marking Phase 1352.670ms
[105.654s][info][gc,phases,start] GC(297) Summary Phase
[105.654s][info][gc,phases      ] GC(297) Summary Phase 0.062ms
[105.654s][info][gc,phases,start] GC(297) Adjust Roots
[105.654s][info][gc,phases      ] GC(297) Adjust Roots 0.164ms
[105.654s][info][gc,phases,start] GC(297) Compaction Phase
[106.200s][info][gc,phases      ] GC(297) Compaction Phase 545.914ms
[106.200s][info][gc,phases,start] GC(297) Post Compact
[106.209s][info][gc,phases      ] GC(297) Post Compact 8.671ms
[106.209s][info][gc,heap        ] GC(297) PSYoungGen: 95849K(338944K)->95849K(338944K) Eden: 70144K(70144K)->70144K(70144K) From: 25705K(268800K)->25705K(268800K)
[106.209s][info][gc,heap        ] GC(297) ParOldGen: 5870829K(5871104K)->5870829K(5871104K)
[106.209s][info][gc,metaspace   ] GC(297) Metaspace: 6298K(6464K)->6298K(6464K) NonClass: 5765K(5824K)->5765K(5824K) Class: 533K(640K)->533K(640K)
[106.209s][info][gc             ] GC(297) Pause Full (Ergonomics) 5826M->5826M(6064M) 1907.798ms
[106.209s][info][gc,cpu         ] GC(297) User=13.55s Sys=0.00s Real=1.91s
[106.209s][info][gc,start       ] GC(298) Pause Full (Ergonomics)
[106.209s][info][gc,phases,start] GC(298) Marking Phase
[107.572s][info][gc,phases      ] GC(298) Marking Phase 1363.478ms
[107.572s][info][gc,phases,start] GC(298) Summary Phase
[107.572s][info][gc,phases      ] GC(298) Summary Phase 0.063ms
[107.572s][info][gc,phases,start] GC(298) Adjust Roots
[107.573s][info][gc,phases      ] GC(298) Adjust Roots 0.166ms
[107.573s][info][gc,phases,start] GC(298) Compaction Phase
[108.105s][info][gc,phases      ] GC(298) Compaction Phase 532.229ms
[108.105s][info][gc,phases,start] GC(298) Post Compact
[108.114s][info][gc,phases      ] GC(298) Post Compact 8.574ms
[108.114s][info][gc,heap        ] GC(298) PSYoungGen: 95849K(338944K)->95849K(338944K) Eden: 70144K(70144K)->70144K(70144K) From: 25705K(268800K)->25705K(268800K)
[108.114s][info][gc,heap        ] GC(298) ParOldGen: 5870834K(5871104K)->5870834K(5871104K)
[108.114s][info][gc,metaspace   ] GC(298) Metaspace: 6298K(6464K)->6298K(6464K) NonClass: 5765K(5824K)->5765K(5824K) Class: 533K(640K)->533K(640K)
[108.114s][info][gc             ] GC(298) Pause Full (Ergonomics) 5826M->5826M(6064M) 1904.799ms
[108.114s][info][gc,cpu         ] GC(298) User=13.50s Sys=0.00s Real=1.90s
[108.114s][info][gc,start       ] GC(299) Pause Full (Ergonomics)
[108.114s][info][gc,phases,start] GC(299) Marking Phase
[109.475s][info][gc,phases      ] GC(299) Marking Phase 1361.008ms
[109.475s][info][gc,phases,start] GC(299) Summary Phase
[109.475s][info][gc,phases      ] GC(299) Summary Phase 0.062ms
[109.475s][info][gc,phases,start] GC(299) Adjust Roots
[109.475s][info][gc,phases      ] GC(299) Adjust Roots 0.197ms
[109.475s][info][gc,phases,start] GC(299) Compaction Phase
[109.986s][info][gc,phases      ] GC(299) Compaction Phase 510.178ms
[109.986s][info][gc,phases,start] GC(299) Post Compact
[109.994s][info][gc,phases      ] GC(299) Post Compact 8.609ms
[109.994s][info][gc,heap        ] GC(299) PSYoungGen: 95849K(338944K)->95849K(338944K) Eden: 70144K(70144K)->70144K(70144K) From: 25705K(268800K)->25705K(268800K)
[109.994s][info][gc,heap        ] GC(299) ParOldGen: 5870839K(5871104K)->5870839K(5871104K)
[109.994s][info][gc,metaspace   ] GC(299) Metaspace: 6298K(6464K)->6298K(6464K) NonClass: 5765K(5824K)->5765K(5824K) Class: 533K(640K)->533K(640K)
[109.994s][info][gc             ] GC(299) Pause Full (Ergonomics) 5826M->5826M(6064M) 1880.367ms
[109.994s][info][gc,cpu         ] GC(299) User=13.44s Sys=0.00s Real=1.88s
[109.994s][info][gc,start       ] GC(300) Pause Full (Ergonomics)
[109.995s][info][gc,phases,start] GC(300) Marking Phase
[111.334s][info][gc,phases      ] GC(300) Marking Phase 1339.215ms
[111.334s][info][gc,phases,start] GC(300) Summary Phase
[111.334s][info][gc,phases      ] GC(300) Summary Phase 0.061ms
[111.334s][info][gc,phases,start] GC(300) Adjust Roots
[111.334s][info][gc,phases      ] GC(300) Adjust Roots 0.156ms
[111.334s][info][gc,phases,start] GC(300) Compaction Phase
[111.833s][info][gc,phases      ] GC(300) Compaction Phase 498.908ms
[111.833s][info][gc,phases,start] GC(300) Post Compact
[111.842s][info][gc,phases      ] GC(300) Post Compact 8.679ms
[111.842s][info][gc,heap        ] GC(300) PSYoungGen: 95849K(338944K)->95849K(338944K) Eden: 70144K(70144K)->70144K(70144K) From: 25705K(268800K)->25705K(268800K)
[111.842s][info][gc,heap        ] GC(300) ParOldGen: 5870844K(5871104K)->5870844K(5871104K)
[111.842s][info][gc,metaspace   ] GC(300) Metaspace: 6298K(6464K)->6298K(6464K) NonClass: 5765K(5824K)->5765K(5824K) Class: 533K(640K)->533K(640K)
[111.842s][info][gc             ] GC(300) Pause Full (Ergonomics) 5826M->5826M(6064M) 1847.341ms
[111.842s][info][gc,cpu         ] GC(300) User=13.39s Sys=0.00s Real=1.85s
[111.842s][info][gc,start       ] GC(301) Pause Full (Ergonomics)
[111.842s][info][gc,phases,start] GC(301) Marking Phase
[113.164s][info][gc,phases      ] GC(301) Marking Phase 1322.056ms
[113.164s][info][gc,phases,start] GC(301) Summary Phase
[113.164s][info][gc,phases      ] GC(301) Summary Phase 0.081ms
[113.164s][info][gc,phases,start] GC(301) Adjust Roots
[113.164s][info][gc,phases      ] GC(301) Adjust Roots 0.209ms
[113.164s][info][gc,phases,start] GC(301) Compaction Phase
[113.687s][info][gc,phases      ] GC(301) Compaction Phase 522.502ms
[113.687s][info][gc,phases,start] GC(301) Post Compact
[113.696s][info][gc,phases      ] GC(301) Post Compact 8.609ms
[113.696s][info][gc,heap        ] GC(301) PSYoungGen: 95849K(338944K)->95849K(338944K) Eden: 70144K(70144K)->70144K(70144K) From: 25705K(268800K)->25705K(268800K)
[113.696s][info][gc,heap        ] GC(301) ParOldGen: 5870849K(5871104K)->5870849K(5871104K)
[113.696s][info][gc,metaspace   ] GC(301) Metaspace: 6298K(6464K)->6298K(6464K) NonClass: 5765K(5824K)->5765K(5824K) Class: 533K(640K)->533K(640K)
[113.696s][info][gc             ] GC(301) Pause Full (Ergonomics) 5826M->5826M(6064M) 1853.763ms
[113.696s][info][gc,cpu         ] GC(301) User=13.12s Sys=0.00s Real=1.85s
[113.696s][info][gc,start       ] GC(302) Pause Full (Ergonomics)
[113.696s][info][gc,phases,start] GC(302) Marking Phase
[115.039s][info][gc,phases      ] GC(302) Marking Phase 1343.189ms
[115.039s][info][gc,phases,start] GC(302) Summary Phase
[115.039s][info][gc,phases      ] GC(302) Summary Phase 0.062ms
[115.039s][info][gc,phases,start] GC(302) Adjust Roots
[115.039s][info][gc,phases      ] GC(302) Adjust Roots 0.160ms
[115.039s][info][gc,phases,start] GC(302) Compaction Phase
[115.566s][info][gc,phases      ] GC(302) Compaction Phase 526.202ms
[115.566s][info][gc,phases,start] GC(302) Post Compact
[115.574s][info][gc,phases      ] GC(302) Post Compact 8.597ms
[115.574s][info][gc,heap        ] GC(302) PSYoungGen: 95849K(338944K)->95849K(338944K) Eden: 70144K(70144K)->70144K(70144K) From: 25705K(268800K)->25705K(268800K)
[115.574s][info][gc,heap        ] GC(302) ParOldGen: 5870853K(5871104K)->5870853K(5871104K)
[115.574s][info][gc,metaspace   ] GC(302) Metaspace: 6298K(6464K)->6298K(6464K) NonClass: 5765K(5824K)->5765K(5824K) Class: 533K(640K)->533K(640K)
[115.574s][info][gc             ] GC(302) Pause Full (Ergonomics) 5826M->5826M(6064M) 1878.510ms
[115.574s][info][gc,cpu         ] GC(302) User=13.19s Sys=0.00s Real=1.88s
[115.575s][info][gc,start       ] GC(303) Pause Full (Ergonomics)
[115.575s][info][gc,phases,start] GC(303) Marking Phase
[116.905s][info][gc,phases      ] GC(303) Marking Phase 1330.461ms
[116.905s][info][gc,phases,start] GC(303) Summary Phase
[116.905s][info][gc,phases      ] GC(303) Summary Phase 0.062ms
[116.905s][info][gc,phases,start] GC(303) Adjust Roots
[116.905s][info][gc,phases      ] GC(303) Adjust Roots 0.186ms
[116.905s][info][gc,phases,start] GC(303) Compaction Phase
[117.425s][info][gc,phases      ] GC(303) Compaction Phase 519.022ms
[117.425s][info][gc,phases,start] GC(303) Post Compact
[117.433s][info][gc,phases      ] GC(303) Post Compact 8.799ms
[117.433s][info][gc,heap        ] GC(303) PSYoungGen: 95849K(338944K)->95849K(338944K) Eden: 70144K(70144K)->70144K(70144K) From: 25705K(268800K)->25705K(268800K)
[117.433s][info][gc,heap        ] GC(303) ParOldGen: 5870858K(5871104K)->5870858K(5871104K)
[117.433s][info][gc,metaspace   ] GC(303) Metaspace: 6298K(6464K)->6298K(6464K) NonClass: 5765K(5824K)->5765K(5824K) Class: 533K(640K)->533K(640K)
[117.433s][info][gc             ] GC(303) Pause Full (Ergonomics) 5826M->5826M(6064M) 1858.854ms
[117.434s][info][gc,cpu         ] GC(303) User=13.08s Sys=0.03s Real=1.86s
[117.434s][info][gc,start       ] GC(304) Pause Full (Ergonomics)
[117.434s][info][gc,phases,start] GC(304) Marking Phase
[118.785s][info][gc,phases      ] GC(304) Marking Phase 1351.773ms
[118.786s][info][gc,phases,start] GC(304) Summary Phase
[118.786s][info][gc,phases      ] GC(304) Summary Phase 0.064ms
[118.786s][info][gc,phases,start] GC(304) Adjust Roots
[118.786s][info][gc,phases      ] GC(304) Adjust Roots 0.180ms
[118.786s][info][gc,phases,start] GC(304) Compaction Phase
[119.305s][info][gc,phases      ] GC(304) Compaction Phase 519.388ms
[119.305s][info][gc,phases,start] GC(304) Post Compact
[119.314s][info][gc,phases      ] GC(304) Post Compact 8.596ms
[119.314s][info][gc,heap        ] GC(304) PSYoungGen: 95849K(338944K)->95849K(338944K) Eden: 70144K(70144K)->70144K(70144K) From: 25705K(268800K)->25705K(268800K)
[119.314s][info][gc,heap        ] GC(304) ParOldGen: 5870863K(5871104K)->5870863K(5871104K)
[119.314s][info][gc,metaspace   ] GC(304) Metaspace: 6298K(6464K)->6298K(6464K) NonClass: 5765K(5824K)->5765K(5824K) Class: 533K(640K)->533K(640K)
[119.314s][info][gc             ] GC(304) Pause Full (Ergonomics) 5826M->5826M(6064M) 1880.301ms
[119.314s][info][gc,cpu         ] GC(304) User=13.59s Sys=0.00s Real=1.88s
[119.314s][info][gc,start       ] GC(305) Pause Full (Ergonomics)
[119.314s][info][gc,phases,start] GC(305) Marking Phase
[120.665s][info][gc,phases      ] GC(305) Marking Phase 1350.769ms
[120.665s][info][gc,phases,start] GC(305) Summary Phase
[120.665s][info][gc,phases      ] GC(305) Summary Phase 0.063ms
[120.665s][info][gc,phases,start] GC(305) Adjust Roots
[120.665s][info][gc,phases      ] GC(305) Adjust Roots 0.169ms
[120.665s][info][gc,phases,start] GC(305) Compaction Phase
[121.181s][info][gc,phases      ] GC(305) Compaction Phase 515.571ms
[121.181s][info][gc,phases,start] GC(305) Post Compact
[121.190s][info][gc,phases      ] GC(305) Post Compact 8.680ms
[121.190s][info][gc,heap        ] GC(305) PSYoungGen: 95849K(338944K)->95849K(338944K) Eden: 70144K(70144K)->70144K(70144K) From: 25705K(268800K)->25705K(268800K)
[121.190s][info][gc,heap        ] GC(305) ParOldGen: 5870868K(5871104K)->5870868K(5871104K)
[121.190s][info][gc,metaspace   ] GC(305) Metaspace: 6298K(6464K)->6298K(6464K) NonClass: 5765K(5824K)->5765K(5824K) Class: 533K(640K)->533K(640K)
[121.190s][info][gc             ] GC(305) Pause Full (Ergonomics) 5826M->5826M(6064M) 1875.578ms
[121.190s][info][gc,cpu         ] GC(305) User=13.28s Sys=0.00s Real=1.88s
[121.190s][info][gc,start       ] GC(306) Pause Full (Ergonomics)
[121.190s][info][gc,phases,start] GC(306) Marking Phase
[122.517s][info][gc,phases      ] GC(306) Marking Phase 1326.983ms
[122.517s][info][gc,phases,start] GC(306) Summary Phase
[122.517s][info][gc,phases      ] GC(306) Summary Phase 0.066ms
[122.517s][info][gc,phases,start] GC(306) Adjust Roots
[122.517s][info][gc,phases      ] GC(306) Adjust Roots 0.190ms
[122.517s][info][gc,phases,start] GC(306) Compaction Phase
[123.050s][info][gc,phases      ] GC(306) Compaction Phase 532.503ms
[123.050s][info][gc,phases,start] GC(306) Post Compact
[123.059s][info][gc,phases      ] GC(306) Post Compact 8.606ms
[123.059s][info][gc,heap        ] GC(306) PSYoungGen: 95849K(338944K)->95849K(338944K) Eden: 70144K(70144K)->70144K(70144K) From: 25705K(268800K)->25705K(268800K)
[123.059s][info][gc,heap        ] GC(306) ParOldGen: 5870873K(5871104K)->5870873K(5871104K)
[123.059s][info][gc,metaspace   ] GC(306) Metaspace: 6298K(6464K)->6298K(6464K) NonClass: 5765K(5824K)->5765K(5824K) Class: 533K(640K)->533K(640K)
[123.059s][info][gc             ] GC(306) Pause Full (Ergonomics) 5826M->5826M(6064M) 1868.639ms
[123.059s][info][gc,cpu         ] GC(306) User=13.22s Sys=0.00s Real=1.87s
[123.059s][info][gc,start       ] GC(307) Pause Full (Ergonomics)
[123.059s][info][gc,phases,start] GC(307) Marking Phase
[124.406s][info][gc,phases      ] GC(307) Marking Phase 1347.480ms
[124.406s][info][gc,phases,start] GC(307) Summary Phase
[124.406s][info][gc,phases      ] GC(307) Summary Phase 0.065ms
[124.406s][info][gc,phases,start] GC(307) Adjust Roots
[124.407s][info][gc,phases      ] GC(307) Adjust Roots 0.202ms
[124.407s][info][gc,phases,start] GC(307) Compaction Phase
[124.911s][info][gc,phases      ] GC(307) Compaction Phase 504.717ms
[124.911s][info][gc,phases,start] GC(307) Post Compact
[124.920s][info][gc,phases      ] GC(307) Post Compact 8.709ms
[124.920s][info][gc,heap        ] GC(307) PSYoungGen: 95849K(338944K)->95849K(338944K) Eden: 70144K(70144K)->70144K(70144K) From: 25705K(268800K)->25705K(268800K)
[124.920s][info][gc,heap        ] GC(307) ParOldGen: 5870878K(5871104K)->5870878K(5871104K)
[124.920s][info][gc,metaspace   ] GC(307) Metaspace: 6298K(6464K)->6298K(6464K) NonClass: 5765K(5824K)->5765K(5824K) Class: 533K(640K)->533K(640K)
[124.920s][info][gc             ] GC(307) Pause Full (Ergonomics) 5826M->5826M(6064M) 1861.497ms
[124.920s][info][gc,cpu         ] GC(307) User=13.36s Sys=0.02s Real=1.86s
[124.920s][info][gc,start       ] GC(308) Pause Full (Ergonomics)
[124.920s][info][gc,phases,start] GC(308) Marking Phase
[126.235s][info][gc,phases      ] GC(308) Marking Phase 1314.384ms
[126.235s][info][gc,phases,start] GC(308) Summary Phase
[126.235s][info][gc,phases      ] GC(308) Summary Phase 0.079ms
[126.235s][info][gc,phases,start] GC(308) Adjust Roots
[126.235s][info][gc,phases      ] GC(308) Adjust Roots 0.222ms
[126.235s][info][gc,phases,start] GC(308) Compaction Phase
[126.746s][info][gc,phases      ] GC(308) Compaction Phase 510.216ms
[126.746s][info][gc,phases,start] GC(308) Post Compact
[126.754s][info][gc,phases      ] GC(308) Post Compact 8.674ms
[126.754s][info][gc,heap        ] GC(308) PSYoungGen: 95849K(338944K)->95849K(338944K) Eden: 70144K(70144K)->70144K(70144K) From: 25705K(268800K)->25705K(268800K)
[126.754s][info][gc,heap        ] GC(308) ParOldGen: 5870882K(5871104K)->5870882K(5871104K)
[126.754s][info][gc,metaspace   ] GC(308) Metaspace: 6298K(6464K)->6298K(6464K) NonClass: 5765K(5824K)->5765K(5824K) Class: 533K(640K)->533K(640K)
[126.754s][info][gc             ] GC(308) Pause Full (Ergonomics) 5826M->5826M(6064M) 1833.898ms
[126.754s][info][gc,cpu         ] GC(308) User=13.20s Sys=0.00s Real=1.83s
[126.755s][info][gc,start       ] GC(309) Pause Full (Ergonomics)
[126.755s][info][gc,phases,start] GC(309) Marking Phase
[128.102s][info][gc,phases      ] GC(309) Marking Phase 1347.224ms
[128.102s][info][gc,phases,start] GC(309) Summary Phase
[128.102s][info][gc,phases      ] GC(309) Summary Phase 0.062ms
[128.102s][info][gc,phases,start] GC(309) Adjust Roots
[128.102s][info][gc,phases      ] GC(309) Adjust Roots 0.161ms
[128.102s][info][gc,phases,start] GC(309) Compaction Phase
[128.645s][info][gc,phases      ] GC(309) Compaction Phase 543.339ms
[128.646s][info][gc,phases,start] GC(309) Post Compact
[128.654s][info][gc,phases      ] GC(309) Post Compact 8.625ms
[128.654s][info][gc,heap        ] GC(309) PSYoungGen: 95849K(338944K)->95849K(338944K) Eden: 70144K(70144K)->70144K(70144K) From: 25705K(268800K)->25705K(268800K)
[128.654s][info][gc,heap        ] GC(309) ParOldGen: 5870887K(5871104K)->5870887K(5871104K)
[128.654s][info][gc,metaspace   ] GC(309) Metaspace: 6298K(6464K)->6298K(6464K) NonClass: 5765K(5824K)->5765K(5824K) Class: 533K(640K)->533K(640K)
[128.654s][info][gc             ] GC(309) Pause Full (Ergonomics) 5826M->5826M(6064M) 1899.694ms
[128.654s][info][gc,cpu         ] GC(309) User=13.38s Sys=0.02s Real=1.90s
[128.654s][info][gc,start       ] GC(310) Pause Full (Ergonomics)
[128.654s][info][gc,phases,start] GC(310) Marking Phase
[130.012s][info][gc,phases      ] GC(310) Marking Phase 1357.696ms
[130.012s][info][gc,phases,start] GC(310) Summary Phase
[130.012s][info][gc,phases      ] GC(310) Summary Phase 0.066ms
[130.012s][info][gc,phases,start] GC(310) Adjust Roots
[130.012s][info][gc,phases      ] GC(310) Adjust Roots 0.188ms
[130.013s][info][gc,phases,start] GC(310) Compaction Phase
[130.515s][info][gc,phases      ] GC(310) Compaction Phase 502.401ms
[130.515s][info][gc,phases,start] GC(310) Post Compact
[130.524s][info][gc,phases      ] GC(310) Post Compact 8.682ms
[130.524s][info][gc,heap        ] GC(310) PSYoungGen: 95849K(338944K)->95849K(338944K) Eden: 70144K(70144K)->70144K(70144K) From: 25705K(268800K)->25705K(268800K)
[130.524s][info][gc,heap        ] GC(310) ParOldGen: 5870892K(5871104K)->5870892K(5871104K)
[130.524s][info][gc,metaspace   ] GC(310) Metaspace: 6298K(6464K)->6298K(6464K) NonClass: 5765K(5824K)->5765K(5824K) Class: 533K(640K)->533K(640K)
[130.524s][info][gc             ] GC(310) Pause Full (Ergonomics) 5826M->5826M(6064M) 1869.349ms
[130.524s][info][gc,cpu         ] GC(310) User=13.39s Sys=0.02s Real=1.87s
[130.524s][info][gc,start       ] GC(311) Pause Full (Ergonomics)
[130.524s][info][gc,phases,start] GC(311) Marking Phase
[131.833s][info][gc,phases      ] GC(311) Marking Phase 1309.100ms
[131.833s][info][gc,phases,start] GC(311) Summary Phase
[131.833s][info][gc,phases      ] GC(311) Summary Phase 0.062ms
[131.833s][info][gc,phases,start] GC(311) Adjust Roots
[131.833s][info][gc,phases      ] GC(311) Adjust Roots 0.166ms
[131.833s][info][gc,phases,start] GC(311) Compaction Phase
[132.355s][info][gc,phases      ] GC(311) Compaction Phase 521.883ms
[132.355s][info][gc,phases,start] GC(311) Post Compact
[132.364s][info][gc,phases      ] GC(311) Post Compact 8.772ms
[132.364s][info][gc,heap        ] GC(311) PSYoungGen: 95849K(338944K)->95849K(338944K) Eden: 70144K(70144K)->70144K(70144K) From: 25705K(268800K)->25705K(268800K)
[132.364s][info][gc,heap        ] GC(311) ParOldGen: 5870897K(5871104K)->5870897K(5871104K)
[132.364s][info][gc,metaspace   ] GC(311) Metaspace: 6298K(6464K)->6298K(6464K) NonClass: 5765K(5824K)->5765K(5824K) Class: 533K(640K)->533K(640K)
[132.364s][info][gc             ] GC(311) Pause Full (Ergonomics) 5826M->5826M(6064M) 1840.317ms
[132.364s][info][gc,cpu         ] GC(311) User=13.09s Sys=0.00s Real=1.84s
[132.364s][info][gc,start       ] GC(312) Pause Full (Ergonomics)
[132.364s][info][gc,phases,start] GC(312) Marking Phase
[133.698s][info][gc,phases      ] GC(312) Marking Phase 1333.023ms
[133.698s][info][gc,phases,start] GC(312) Summary Phase
[133.698s][info][gc,phases      ] GC(312) Summary Phase 0.062ms
[133.698s][info][gc,phases,start] GC(312) Adjust Roots
[133.698s][info][gc,phases      ] GC(312) Adjust Roots 0.165ms
[133.698s][info][gc,phases,start] GC(312) Compaction Phase
[134.211s][info][gc,phases      ] GC(312) Compaction Phase 512.698ms
[134.211s][info][gc,phases,start] GC(312) Post Compact
[134.219s][info][gc,phases      ] GC(312) Post Compact 8.703ms
[134.219s][info][gc,heap        ] GC(312) PSYoungGen: 95849K(338944K)->95849K(338944K) Eden: 70144K(70144K)->70144K(70144K) From: 25705K(268800K)->25705K(268800K)
[134.219s][info][gc,heap        ] GC(312) ParOldGen: 5870902K(5871104K)->5870902K(5871104K)
[134.219s][info][gc,metaspace   ] GC(312) Metaspace: 6298K(6464K)->6298K(6464K) NonClass: 5765K(5824K)->5765K(5824K) Class: 533K(640K)->533K(640K)
[134.219s][info][gc             ] GC(312) Pause Full (Ergonomics) 5826M->5826M(6064M) 1854.948ms
[134.219s][info][gc,cpu         ] GC(312) User=13.30s Sys=0.00s Real=1.86s
[134.220s][info][gc,start       ] GC(313) Pause Full (Ergonomics)
[134.220s][info][gc,phases,start] GC(313) Marking Phase
[135.573s][info][gc,phases      ] GC(313) Marking Phase 1353.332ms
[135.573s][info][gc,phases,start] GC(313) Summary Phase
[135.573s][info][gc,phases      ] GC(313) Summary Phase 0.081ms
[135.573s][info][gc,phases,start] GC(313) Adjust Roots
[135.573s][info][gc,phases      ] GC(313) Adjust Roots 0.180ms
[135.573s][info][gc,phases,start] GC(313) Compaction Phase
[136.108s][info][gc,phases      ] GC(313) Compaction Phase 534.605ms
[136.108s][info][gc,phases,start] GC(313) Post Compact
[136.117s][info][gc,phases      ] GC(313) Post Compact 8.672ms
[136.117s][info][gc,heap        ] GC(313) PSYoungGen: 95849K(338944K)->95849K(338944K) Eden: 70144K(70144K)->70144K(70144K) From: 25705K(268800K)->25705K(268800K)
[136.117s][info][gc,heap        ] GC(313) ParOldGen: 5870907K(5871104K)->5870907K(5871104K)
[136.117s][info][gc,metaspace   ] GC(313) Metaspace: 6298K(6464K)->6298K(6464K) NonClass: 5765K(5824K)->5765K(5824K) Class: 533K(640K)->533K(640K)
[136.117s][info][gc             ] GC(313) Pause Full (Ergonomics) 5826M->5826M(6064M) 1897.214ms
[136.117s][info][gc,cpu         ] GC(313) User=13.33s Sys=0.02s Real=1.90s
[136.117s][info][gc,start       ] GC(314) Pause Full (Ergonomics)
[136.117s][info][gc,phases,start] GC(314) Marking Phase
[137.475s][info][gc,phases      ] GC(314) Marking Phase 1358.458ms
[137.476s][info][gc,phases,start] GC(314) Summary Phase
[137.476s][info][gc,phases      ] GC(314) Summary Phase 0.062ms
[137.476s][info][gc,phases,start] GC(314) Adjust Roots
[137.476s][info][gc,phases      ] GC(314) Adjust Roots 0.159ms
[137.476s][info][gc,phases,start] GC(314) Compaction Phase
[137.995s][info][gc,phases      ] GC(314) Compaction Phase 519.150ms
[137.995s][info][gc,phases,start] GC(314) Post Compact
[138.004s][info][gc,phases      ] GC(314) Post Compact 8.706ms
[138.004s][info][gc,heap        ] GC(314) PSYoungGen: 95849K(338944K)->95849K(338944K) Eden: 70144K(70144K)->70144K(70144K) From: 25705K(268800K)->25705K(268800K)
[138.004s][info][gc,heap        ] GC(314) ParOldGen: 5870911K(5871104K)->5870911K(5871104K)
[138.004s][info][gc,metaspace   ] GC(314) Metaspace: 6298K(6464K)->6298K(6464K) NonClass: 5765K(5824K)->5765K(5824K) Class: 533K(640K)->533K(640K)
[138.004s][info][gc             ] GC(314) Pause Full (Ergonomics) 5826M->5826M(6064M) 1886.848ms
[138.004s][info][gc,cpu         ] GC(314) User=13.31s Sys=0.02s Real=1.89s
[138.004s][info][gc,start       ] GC(315) Pause Full (Ergonomics)
[138.004s][info][gc,phases,start] GC(315) Marking Phase
[139.347s][info][gc,phases      ] GC(315) Marking Phase 1343.065ms
[139.347s][info][gc,phases,start] GC(315) Summary Phase
[139.347s][info][gc,phases      ] GC(315) Summary Phase 0.072ms
[139.347s][info][gc,phases,start] GC(315) Adjust Roots
[139.347s][info][gc,phases      ] GC(315) Adjust Roots 0.190ms
[139.348s][info][gc,phases,start] GC(315) Compaction Phase
[139.874s][info][gc,phases      ] GC(315) Compaction Phase 526.718ms
[139.874s][info][gc,phases,start] GC(315) Post Compact
[139.883s][info][gc,phases      ] GC(315) Post Compact 8.554ms
[139.883s][info][gc,heap        ] GC(315) PSYoungGen: 95849K(338944K)->95849K(338944K) Eden: 70144K(70144K)->70144K(70144K) From: 25705K(268800K)->25705K(268800K)
[139.883s][info][gc,heap        ] GC(315) ParOldGen: 5870916K(5871104K)->5870916K(5871104K)
[139.883s][info][gc,metaspace   ] GC(315) Metaspace: 6298K(6464K)->6298K(6464K) NonClass: 5765K(5824K)->5765K(5824K) Class: 533K(640K)->533K(640K)
[139.883s][info][gc             ] GC(315) Pause Full (Ergonomics) 5826M->5826M(6064M) 1878.909ms
[139.883s][info][gc,cpu         ] GC(315) User=13.28s Sys=0.00s Real=1.88s
[139.883s][info][gc,start       ] GC(316) Pause Full (Ergonomics)
[139.883s][info][gc,phases,start] GC(316) Marking Phase
[141.222s][info][gc,phases      ] GC(316) Marking Phase 1338.775ms
[141.222s][info][gc,phases,start] GC(316) Summary Phase
[141.222s][info][gc,phases      ] GC(316) Summary Phase 0.066ms
[141.222s][info][gc,phases,start] GC(316) Adjust Roots
[141.222s][info][gc,phases      ] GC(316) Adjust Roots 0.164ms
[141.222s][info][gc,phases,start] GC(316) Compaction Phase
[141.749s][info][gc,phases      ] GC(316) Compaction Phase 527.181ms
[141.750s][info][gc,phases,start] GC(316) Post Compact
[141.758s][info][gc,phases      ] GC(316) Post Compact 8.681ms
[141.758s][info][gc,heap        ] GC(316) PSYoungGen: 95849K(338944K)->95849K(338944K) Eden: 70144K(70144K)->70144K(70144K) From: 25705K(268800K)->25705K(268800K)
[141.758s][info][gc,heap        ] GC(316) ParOldGen: 5870921K(5871104K)->5870921K(5871104K)
[141.758s][info][gc,metaspace   ] GC(316) Metaspace: 6298K(6464K)->6298K(6464K) NonClass: 5765K(5824K)->5765K(5824K) Class: 533K(640K)->533K(640K)
[141.758s][info][gc             ] GC(316) Pause Full (Ergonomics) 5826M->5826M(6064M) 1875.205ms
[141.758s][info][gc,cpu         ] GC(316) User=13.34s Sys=0.00s Real=1.88s
[141.759s][info][gc,start       ] GC(317) Pause Full (Ergonomics)
[141.759s][info][gc,phases,start] GC(317) Marking Phase
[143.096s][info][gc,phases      ] GC(317) Marking Phase 1337.882ms
[143.097s][info][gc,phases,start] GC(317) Summary Phase
[143.097s][info][gc,phases      ] GC(317) Summary Phase 0.063ms
[143.097s][info][gc,phases,start] GC(317) Adjust Roots
[143.097s][info][gc,phases      ] GC(317) Adjust Roots 0.165ms
[143.097s][info][gc,phases,start] GC(317) Compaction Phase
[143.618s][info][gc,phases      ] GC(317) Compaction Phase 521.144ms
[143.618s][info][gc,phases,start] GC(317) Post Compact
[143.627s][info][gc,phases      ] GC(317) Post Compact 8.580ms
[143.627s][info][gc,heap        ] GC(317) PSYoungGen: 95849K(338944K)->95849K(338944K) Eden: 70144K(70144K)->70144K(70144K) From: 25705K(268800K)->25705K(268800K)
[143.627s][info][gc,heap        ] GC(317) ParOldGen: 5870926K(5871104K)->5870926K(5871104K)
[143.627s][info][gc,metaspace   ] GC(317) Metaspace: 6298K(6464K)->6298K(6464K) NonClass: 5765K(5824K)->5765K(5824K) Class: 533K(640K)->533K(640K)
[143.627s][info][gc             ] GC(317) Pause Full (Ergonomics) 5826M->5826M(6064M) 1868.206ms
[143.627s][info][gc,cpu         ] GC(317) User=13.22s Sys=0.00s Real=1.87s
[143.627s][info][gc,start       ] GC(318) Pause Full (Ergonomics)
[143.627s][info][gc,phases,start] GC(318) Marking Phase
[144.987s][info][gc,phases      ] GC(318) Marking Phase 1360.337ms
[144.987s][info][gc,phases,start] GC(318) Summary Phase
[144.987s][info][gc,phases      ] GC(318) Summary Phase 0.063ms
[144.987s][info][gc,phases,start] GC(318) Adjust Roots
[144.988s][info][gc,phases      ] GC(318) Adjust Roots 0.184ms
[144.988s][info][gc,phases,start] GC(318) Compaction Phase
[145.486s][info][gc,phases      ] GC(318) Compaction Phase 498.079ms
[145.486s][info][gc,phases,start] GC(318) Post Compact
[145.495s][info][gc,phases      ] GC(318) Post Compact 8.706ms
[145.495s][info][gc,heap        ] GC(318) PSYoungGen: 95849K(338944K)->95849K(338944K) Eden: 70144K(70144K)->70144K(70144K) From: 25705K(268800K)->25705K(268800K)
[145.495s][info][gc,heap        ] GC(318) ParOldGen: 5870931K(5871104K)->5870931K(5871104K)
[145.495s][info][gc,metaspace   ] GC(318) Metaspace: 6298K(6464K)->6298K(6464K) NonClass: 5765K(5824K)->5765K(5824K) Class: 533K(640K)->533K(640K)
[145.495s][info][gc             ] GC(318) Pause Full (Ergonomics) 5826M->5826M(6064M) 1867.700ms
[145.495s][info][gc,cpu         ] GC(318) User=13.41s Sys=0.02s Real=1.87s
[145.495s][info][gc,start       ] GC(319) Pause Full (Ergonomics)
[145.495s][info][gc,phases,start] GC(319) Marking Phase
[146.838s][info][gc,phases      ] GC(319) Marking Phase 1342.741ms
[146.838s][info][gc,phases,start] GC(319) Summary Phase
[146.838s][info][gc,phases      ] GC(319) Summary Phase 0.063ms
[146.838s][info][gc,phases,start] GC(319) Adjust Roots
[146.838s][info][gc,phases      ] GC(319) Adjust Roots 0.169ms
[146.838s][info][gc,phases,start] GC(319) Compaction Phase
[147.365s][info][gc,phases      ] GC(319) Compaction Phase 527.186ms
[147.365s][info][gc,phases,start] GC(319) Post Compact
[147.374s][info][gc,phases      ] GC(319) Post Compact 8.561ms
[147.374s][info][gc,heap        ] GC(319) PSYoungGen: 95849K(338944K)->95849K(338944K) Eden: 70144K(70144K)->70144K(70144K) From: 25705K(268800K)->25705K(268800K)
[147.374s][info][gc,heap        ] GC(319) ParOldGen: 5870936K(5871104K)->5870936K(5871104K)
[147.374s][info][gc,metaspace   ] GC(319) Metaspace: 6298K(6464K)->6298K(6464K) NonClass: 5765K(5824K)->5765K(5824K) Class: 533K(640K)->533K(640K)
[147.374s][info][gc             ] GC(319) Pause Full (Ergonomics) 5826M->5826M(6064M) 1879.009ms
[147.374s][info][gc,cpu         ] GC(319) User=13.16s Sys=0.00s Real=1.88s
[147.374s][info][gc,start       ] GC(320) Pause Full (Ergonomics)
[147.374s][info][gc,phases,start] GC(320) Marking Phase
[148.717s][info][gc,phases      ] GC(320) Marking Phase 1342.688ms
[148.717s][info][gc,phases,start] GC(320) Summary Phase
[148.717s][info][gc,phases      ] GC(320) Summary Phase 0.062ms
[148.717s][info][gc,phases,start] GC(320) Adjust Roots
[148.717s][info][gc,phases      ] GC(320) Adjust Roots 0.185ms
[148.717s][info][gc,phases,start] GC(320) Compaction Phase
[149.254s][info][gc,phases      ] GC(320) Compaction Phase 537.083ms
[149.254s][info][gc,phases,start] GC(320) Post Compact
[149.263s][info][gc,phases      ] GC(320) Post Compact 8.666ms
[149.263s][info][gc,heap        ] GC(320) PSYoungGen: 95849K(338944K)->95849K(338944K) Eden: 70144K(70144K)->70144K(70144K) From: 25705K(268800K)->25705K(268800K)
[149.263s][info][gc,heap        ] GC(320) ParOldGen: 5870940K(5871104K)->5870940K(5871104K)
[149.263s][info][gc,metaspace   ] GC(320) Metaspace: 6298K(6464K)->6298K(6464K) NonClass: 5765K(5824K)->5765K(5824K) Class: 533K(640K)->533K(640K)
[149.263s][info][gc             ] GC(320) Pause Full (Ergonomics) 5826M->5826M(6064M) 1889.017ms
[149.263s][info][gc,cpu         ] GC(320) User=13.27s Sys=0.00s Real=1.89s
[149.263s][info][gc,start       ] GC(321) Pause Full (Ergonomics)
[149.263s][info][gc,phases,start] GC(321) Marking Phase
[150.594s][info][gc,phases      ] GC(321) Marking Phase 1330.446ms
[150.594s][info][gc,phases,start] GC(321) Summary Phase
[150.594s][info][gc,phases      ] GC(321) Summary Phase 0.068ms
[150.594s][info][gc,phases,start] GC(321) Adjust Roots
[150.594s][info][gc,phases      ] GC(321) Adjust Roots 0.186ms
[150.594s][info][gc,phases,start] GC(321) Compaction Phase
[151.110s][info][gc,phases      ] GC(321) Compaction Phase 515.699ms
[151.110s][info][gc,phases,start] GC(321) Post Compact
[151.118s][info][gc,phases      ] GC(321) Post Compact 8.608ms
[151.118s][info][gc,heap        ] GC(321) PSYoungGen: 95849K(338944K)->95849K(338944K) Eden: 70144K(70144K)->70144K(70144K) From: 25705K(268800K)->25705K(268800K)
[151.119s][info][gc,heap        ] GC(321) ParOldGen: 5870945K(5871104K)->5870945K(5871104K)
[151.119s][info][gc,metaspace   ] GC(321) Metaspace: 6298K(6464K)->6298K(6464K) NonClass: 5765K(5824K)->5765K(5824K) Class: 533K(640K)->533K(640K)
[151.119s][info][gc             ] GC(321) Pause Full (Ergonomics) 5826M->5826M(6064M) 1855.296ms
[151.119s][info][gc,cpu         ] GC(321) User=13.20s Sys=0.00s Real=1.86s
[151.119s][info][gc,start       ] GC(322) Pause Full (Ergonomics)
[151.119s][info][gc,phases,start] GC(322) Marking Phase
[152.453s][info][gc,phases      ] GC(322) Marking Phase 1333.940ms
[152.453s][info][gc,phases,start] GC(322) Summary Phase
[152.453s][info][gc,phases      ] GC(322) Summary Phase 0.074ms
[152.453s][info][gc,phases,start] GC(322) Adjust Roots
[152.453s][info][gc,phases      ] GC(322) Adjust Roots 0.180ms
[152.453s][info][gc,phases,start] GC(322) Compaction Phase
[152.963s][info][gc,phases      ] GC(322) Compaction Phase 510.348ms
[152.963s][info][gc,phases,start] GC(322) Post Compact
[152.972s][info][gc,phases      ] GC(322) Post Compact 8.750ms
[152.972s][info][gc,heap        ] GC(322) PSYoungGen: 95849K(338944K)->95849K(338944K) Eden: 70144K(70144K)->70144K(70144K) From: 25705K(268800K)->25705K(268800K)
[152.972s][info][gc,heap        ] GC(322) ParOldGen: 5870950K(5871104K)->5870950K(5871104K)
[152.972s][info][gc,metaspace   ] GC(322) Metaspace: 6298K(6464K)->6298K(6464K) NonClass: 5765K(5824K)->5765K(5824K) Class: 533K(640K)->533K(640K)
[152.972s][info][gc             ] GC(322) Pause Full (Ergonomics) 5826M->5826M(6064M) 1853.619ms
[152.972s][info][gc,cpu         ] GC(322) User=13.30s Sys=0.00s Real=1.85s
[152.973s][info][gc,start       ] GC(323) Pause Full (Ergonomics)
[152.973s][info][gc,phases,start] GC(323) Marking Phase
[154.305s][info][gc,phases      ] GC(323) Marking Phase 1332.318ms
[154.305s][info][gc,phases,start] GC(323) Summary Phase
[154.305s][info][gc,phases      ] GC(323) Summary Phase 0.062ms
[154.305s][info][gc,phases,start] GC(323) Adjust Roots
[154.305s][info][gc,phases      ] GC(323) Adjust Roots 0.185ms
[154.305s][info][gc,phases,start] GC(323) Compaction Phase
[154.824s][info][gc,phases      ] GC(323) Compaction Phase 518.676ms
[154.824s][info][gc,phases,start] GC(323) Post Compact
[154.832s][info][gc,phases      ] GC(323) Post Compact 8.502ms
[154.833s][info][gc,heap        ] GC(323) PSYoungGen: 95849K(338944K)->95849K(338944K) Eden: 70144K(70144K)->70144K(70144K) From: 25705K(268800K)->25705K(268800K)
[154.833s][info][gc,heap        ] GC(323) ParOldGen: 5870955K(5871104K)->5870955K(5871104K)
[154.833s][info][gc,metaspace   ] GC(323) Metaspace: 6298K(6464K)->6298K(6464K) NonClass: 5765K(5824K)->5765K(5824K) Class: 533K(640K)->533K(640K)
[154.833s][info][gc             ] GC(323) Pause Full (Ergonomics) 5826M->5826M(6064M) 1860.035ms
[154.833s][info][gc,cpu         ] GC(323) User=13.30s Sys=0.00s Real=1.86s
[154.833s][info][gc,start       ] GC(324) Pause Full (Ergonomics)
[154.833s][info][gc,phases,start] GC(324) Marking Phase
[156.187s][info][gc,phases      ] GC(324) Marking Phase 1354.394ms
[156.187s][info][gc,phases,start] GC(324) Summary Phase
[156.187s][info][gc,phases      ] GC(324) Summary Phase 0.079ms
[156.187s][info][gc,phases,start] GC(324) Adjust Roots
[156.187s][info][gc,phases      ] GC(324) Adjust Roots 0.168ms
[156.188s][info][gc,phases,start] GC(324) Compaction Phase
[156.704s][info][gc,phases      ] GC(324) Compaction Phase 516.176ms
[156.704s][info][gc,phases,start] GC(324) Post Compact
[156.712s][info][gc,phases      ] GC(324) Post Compact 8.577ms
[156.712s][info][gc,heap        ] GC(324) PSYoungGen: 95849K(338944K)->95849K(338944K) Eden: 70144K(70144K)->70144K(70144K) From: 25705K(268800K)->25705K(268800K)
[156.712s][info][gc,heap        ] GC(324) ParOldGen: 5870960K(5871104K)->5870960K(5871104K)
[156.712s][info][gc,metaspace   ] GC(324) Metaspace: 6298K(6464K)->6298K(6464K) NonClass: 5765K(5824K)->5765K(5824K) Class: 533K(640K)->533K(640K)
[156.712s][info][gc             ] GC(324) Pause Full (Ergonomics) 5826M->5826M(6064M) 1879.709ms
[156.712s][info][gc,cpu         ] GC(324) User=13.39s Sys=0.00s Real=1.88s
[156.713s][info][gc,start       ] GC(325) Pause Full (Ergonomics)
[156.713s][info][gc,phases,start] GC(325) Marking Phase
[158.061s][info][gc,phases      ] GC(325) Marking Phase 1348.804ms
[158.062s][info][gc,phases,start] GC(325) Summary Phase
[158.062s][info][gc,phases      ] GC(325) Summary Phase 0.062ms
[158.062s][info][gc,phases,start] GC(325) Adjust Roots
[158.062s][info][gc,phases      ] GC(325) Adjust Roots 0.160ms
[158.062s][info][gc,phases,start] GC(325) Compaction Phase
[158.560s][info][gc,phases      ] GC(325) Compaction Phase 497.893ms
[158.560s][info][gc,phases,start] GC(325) Post Compact
[158.568s][info][gc,phases      ] GC(325) Post Compact 8.735ms
[158.569s][info][gc,heap        ] GC(325) PSYoungGen: 95849K(338944K)->95849K(338944K) Eden: 70144K(70144K)->70144K(70144K) From: 25705K(268800K)->25705K(268800K)
[158.569s][info][gc,heap        ] GC(325) ParOldGen: 5870965K(5871104K)->5870965K(5871104K)
[158.569s][info][gc,metaspace   ] GC(325) Metaspace: 6298K(6464K)->6298K(6464K) NonClass: 5765K(5824K)->5765K(5824K) Class: 533K(640K)->533K(640K)
[158.569s][info][gc             ] GC(325) Pause Full (Ergonomics) 5826M->5826M(6064M) 1855.985ms
[158.569s][info][gc,cpu         ] GC(325) User=13.34s Sys=0.02s Real=1.86s
[158.569s][info][gc,start       ] GC(326) Pause Full (Ergonomics)
[158.569s][info][gc,phases,start] GC(326) Marking Phase
[159.906s][info][gc,phases      ] GC(326) Marking Phase 1336.905ms
[159.906s][info][gc,phases,start] GC(326) Summary Phase
[159.906s][info][gc,phases      ] GC(326) Summary Phase 0.062ms
[159.906s][info][gc,phases,start] GC(326) Adjust Roots
[159.906s][info][gc,phases      ] GC(326) Adjust Roots 0.187ms
[159.906s][info][gc,phases,start] GC(326) Compaction Phase
[160.420s][info][gc,phases      ] GC(326) Compaction Phase 513.613ms
[160.420s][info][gc,phases,start] GC(326) Post Compact
[160.428s][info][gc,phases      ] GC(326) Post Compact 8.487ms
[160.428s][info][gc,heap        ] GC(326) PSYoungGen: 95849K(338944K)->95849K(338944K) Eden: 70144K(70144K)->70144K(70144K) From: 25705K(268800K)->25705K(268800K)
[160.428s][info][gc,heap        ] GC(326) ParOldGen: 5870969K(5871104K)->5870969K(5871104K)
[160.428s][info][gc,metaspace   ] GC(326) Metaspace: 6298K(6464K)->6298K(6464K) NonClass: 5765K(5824K)->5765K(5824K) Class: 533K(640K)->533K(640K)
[160.428s][info][gc             ] GC(326) Pause Full (Ergonomics) 5826M->5826M(6064M) 1859.566ms
[160.428s][info][gc,cpu         ] GC(326) User=13.31s Sys=0.00s Real=1.86s
[160.429s][info][gc,start       ] GC(327) Pause Full (Ergonomics)
[160.429s][info][gc,phases,start] GC(327) Marking Phase
[161.782s][info][gc,phases      ] GC(327) Marking Phase 1353.797ms
[161.782s][info][gc,phases,start] GC(327) Summary Phase
[161.782s][info][gc,phases      ] GC(327) Summary Phase 0.065ms
[161.783s][info][gc,phases,start] GC(327) Adjust Roots
[161.783s][info][gc,phases      ] GC(327) Adjust Roots 0.164ms
[161.783s][info][gc,phases,start] GC(327) Compaction Phase
[162.292s][info][gc,phases      ] GC(327) Compaction Phase 509.748ms
[162.293s][info][gc,phases,start] GC(327) Post Compact
[162.301s][info][gc,phases      ] GC(327) Post Compact 8.580ms
[162.301s][info][gc,heap        ] GC(327) PSYoungGen: 95849K(338944K)->95849K(338944K) Eden: 70144K(70144K)->70144K(70144K) From: 25705K(268800K)->25705K(268800K)
[162.301s][info][gc,heap        ] GC(327) ParOldGen: 5870974K(5871104K)->5870974K(5871104K)
[162.301s][info][gc,metaspace   ] GC(327) Metaspace: 6298K(6464K)->6298K(6464K) NonClass: 5765K(5824K)->5765K(5824K) Class: 533K(640K)->533K(640K)
[162.301s][info][gc             ] GC(327) Pause Full (Ergonomics) 5826M->5826M(6064M) 1872.686ms
[162.301s][info][gc,cpu         ] GC(327) User=13.27s Sys=0.00s Real=1.87s
[162.301s][info][gc,start       ] GC(328) Pause Full (Ergonomics)
[162.301s][info][gc,phases,start] GC(328) Marking Phase
[163.629s][info][gc,phases      ] GC(328) Marking Phase 1327.638ms
[163.629s][info][gc,phases,start] GC(328) Summary Phase
[163.629s][info][gc,phases      ] GC(328) Summary Phase 0.063ms
[163.629s][info][gc,phases,start] GC(328) Adjust Roots
[163.629s][info][gc,phases      ] GC(328) Adjust Roots 0.187ms
[163.629s][info][gc,phases,start] GC(328) Compaction Phase
[164.130s][info][gc,phases      ] GC(328) Compaction Phase 500.634ms
[164.130s][info][gc,phases,start] GC(328) Post Compact
[164.139s][info][gc,phases      ] GC(328) Post Compact 8.705ms
[164.139s][info][gc,heap        ] GC(328) PSYoungGen: 95849K(338944K)->95849K(338944K) Eden: 70144K(70144K)->70144K(70144K) From: 25705K(268800K)->25705K(268800K)
[164.139s][info][gc,heap        ] GC(328) ParOldGen: 5870979K(5871104K)->5870979K(5871104K)
[164.139s][info][gc,metaspace   ] GC(328) Metaspace: 6298K(6464K)->6298K(6464K) NonClass: 5765K(5824K)->5765K(5824K) Class: 533K(640K)->533K(640K)
[164.139s][info][gc             ] GC(328) Pause Full (Ergonomics) 5826M->5826M(6064M) 1837.588ms
[164.139s][info][gc,cpu         ] GC(328) User=13.11s Sys=0.00s Real=1.84s
[164.139s][info][gc,start       ] GC(329) Pause Full (Ergonomics)
[164.139s][info][gc,phases,start] GC(329) Marking Phase
[165.486s][info][gc,phases      ] GC(329) Marking Phase 1347.006ms
[165.486s][info][gc,phases,start] GC(329) Summary Phase
[165.486s][info][gc,phases      ] GC(329) Summary Phase 0.062ms
[165.486s][info][gc,phases,start] GC(329) Adjust Roots
[165.487s][info][gc,phases      ] GC(329) Adjust Roots 0.172ms
[165.487s][info][gc,phases,start] GC(329) Compaction Phase
[165.961s][info][gc,phases      ] GC(329) Compaction Phase 474.714ms
[165.961s][info][gc,phases,start] GC(329) Post Compact
[165.970s][info][gc,phases      ] GC(329) Post Compact 8.758ms
[165.970s][info][gc,heap        ] GC(329) PSYoungGen: 95849K(338944K)->95849K(338944K) Eden: 70144K(70144K)->70144K(70144K) From: 25705K(268800K)->25705K(268800K)
[165.970s][info][gc,heap        ] GC(329) ParOldGen: 5870984K(5871104K)->5870984K(5871104K)
[165.970s][info][gc,metaspace   ] GC(329) Metaspace: 6298K(6464K)->6298K(6464K) NonClass: 5765K(5824K)->5765K(5824K) Class: 533K(640K)->533K(640K)
[165.970s][info][gc             ] GC(329) Pause Full (Ergonomics) 5826M->5826M(6064M) 1831.034ms
[165.970s][info][gc,cpu         ] GC(329) User=13.12s Sys=0.03s Real=1.83s
[165.970s][info][gc,start       ] GC(330) Pause Full (Ergonomics)
[165.971s][info][gc,phases,start] GC(330) Marking Phase
[167.304s][info][gc,phases      ] GC(330) Marking Phase 1333.794ms
[167.304s][info][gc,phases,start] GC(330) Summary Phase
[167.304s][info][gc,phases      ] GC(330) Summary Phase 0.062ms
[167.304s][info][gc,phases,start] GC(330) Adjust Roots
[167.305s][info][gc,phases      ] GC(330) Adjust Roots 0.160ms
[167.305s][info][gc,phases,start] GC(330) Compaction Phase
[167.789s][info][gc,phases      ] GC(330) Compaction Phase 484.187ms
[167.789s][info][gc,phases,start] GC(330) Post Compact
[167.797s][info][gc,phases      ] GC(330) Post Compact 8.538ms
[167.797s][info][gc,heap        ] GC(330) PSYoungGen: 95849K(338944K)->95849K(338944K) Eden: 70144K(70144K)->70144K(70144K) From: 25705K(268800K)->25705K(268800K)
[167.797s][info][gc,heap        ] GC(330) ParOldGen: 5870989K(5871104K)->5870989K(5871104K)
[167.797s][info][gc,metaspace   ] GC(330) Metaspace: 6298K(6464K)->6298K(6464K) NonClass: 5765K(5824K)->5765K(5824K) Class: 533K(640K)->533K(640K)
[167.798s][info][gc             ] GC(330) Pause Full (Ergonomics) 5826M->5826M(6064M) 1827.035ms
[167.798s][info][gc,cpu         ] GC(330) User=12.98s Sys=0.02s Real=1.83s
[167.798s][info][gc,start       ] GC(331) Pause Full (Ergonomics)
[167.798s][info][gc,phases,start] GC(331) Marking Phase
[169.141s][info][gc,phases      ] GC(331) Marking Phase 1343.587ms
[169.141s][info][gc,phases,start] GC(331) Summary Phase
[169.141s][info][gc,phases      ] GC(331) Summary Phase 0.062ms
[169.141s][info][gc,phases,start] GC(331) Adjust Roots
[169.142s][info][gc,phases      ] GC(331) Adjust Roots 0.163ms
[169.142s][info][gc,phases,start] GC(331) Compaction Phase
[169.618s][info][gc,phases      ] GC(331) Compaction Phase 476.485ms
[169.618s][info][gc,phases,start] GC(331) Post Compact
[169.627s][info][gc,phases      ] GC(331) Post Compact 8.661ms
[169.627s][info][gc,heap        ] GC(331) PSYoungGen: 95849K(338944K)->95849K(338944K) Eden: 70144K(70144K)->70144K(70144K) From: 25705K(268800K)->25705K(268800K)
[169.627s][info][gc,heap        ] GC(331) ParOldGen: 5870994K(5871104K)->5870994K(5871104K)
[169.627s][info][gc,metaspace   ] GC(331) Metaspace: 6298K(6464K)->6298K(6464K) NonClass: 5765K(5824K)->5765K(5824K) Class: 533K(640K)->533K(640K)
[169.627s][info][gc             ] GC(331) Pause Full (Ergonomics) 5826M->5826M(6064M) 1829.290ms
[169.627s][info][gc,cpu         ] GC(331) User=13.20s Sys=0.00s Real=1.83s
[169.627s][info][gc,start       ] GC(332) Pause Full (Ergonomics)
[169.627s][info][gc,phases,start] GC(332) Marking Phase
[170.953s][info][gc,phases      ] GC(332) Marking Phase 1325.871ms
[170.953s][info][gc,phases,start] GC(332) Summary Phase
[170.953s][info][gc,phases      ] GC(332) Summary Phase 0.062ms
[170.953s][info][gc,phases,start] GC(332) Adjust Roots
[170.953s][info][gc,phases      ] GC(332) Adjust Roots 0.162ms
[170.953s][info][gc,phases,start] GC(332) Compaction Phase
[171.431s][info][gc,phases      ] GC(332) Compaction Phase 478.054ms
[171.432s][info][gc,phases,start] GC(332) Post Compact
[171.440s][info][gc,phases      ] GC(332) Post Compact 8.575ms
[171.440s][info][gc,heap        ] GC(332) PSYoungGen: 95849K(338944K)->95849K(338944K) Eden: 70144K(70144K)->70144K(70144K) From: 25705K(268800K)->25705K(268800K)
[171.440s][info][gc,heap        ] GC(332) ParOldGen: 5870998K(5871104K)->5870998K(5871104K)
[171.440s][info][gc,metaspace   ] GC(332) Metaspace: 6298K(6464K)->6298K(6464K) NonClass: 5765K(5824K)->5765K(5824K) Class: 533K(640K)->533K(640K)
[171.440s][info][gc             ] GC(332) Pause Full (Ergonomics) 5826M->5826M(6064M) 1813.018ms
[171.440s][info][gc,cpu         ] GC(332) User=13.08s Sys=0.00s Real=1.81s
[171.440s][info][gc,start       ] GC(333) Pause Full (Ergonomics)
[171.440s][info][gc,phases,start] GC(333) Marking Phase
[172.785s][info][gc,phases      ] GC(333) Marking Phase 1344.829ms
[172.785s][info][gc,phases,start] GC(333) Summary Phase
[172.785s][info][gc,phases      ] GC(333) Summary Phase 0.062ms
[172.785s][info][gc,phases,start] GC(333) Adjust Roots
[172.786s][info][gc,phases      ] GC(333) Adjust Roots 0.164ms
[172.786s][info][gc,phases,start] GC(333) Compaction Phase
[173.271s][info][gc,phases      ] GC(333) Compaction Phase 485.418ms
[173.271s][info][gc,phases,start] GC(333) Post Compact
[173.280s][info][gc,phases      ] GC(333) Post Compact 8.739ms
[173.280s][info][gc,heap        ] GC(333) PSYoungGen: 95849K(338944K)->95849K(338944K) Eden: 70144K(70144K)->70144K(70144K) From: 25705K(268800K)->25705K(268800K)
[173.280s][info][gc,heap        ] GC(333) ParOldGen: 5871003K(5871104K)->5871003K(5871104K)
[173.280s][info][gc,metaspace   ] GC(333) Metaspace: 6298K(6464K)->6298K(6464K) NonClass: 5765K(5824K)->5765K(5824K) Class: 533K(640K)->533K(640K)
[173.280s][info][gc             ] GC(333) Pause Full (Ergonomics) 5827M->5827M(6064M) 1839.546ms
[173.280s][info][gc,cpu         ] GC(333) User=13.19s Sys=0.02s Real=1.84s
[173.280s][info][gc,start       ] GC(334) Pause Full (Ergonomics)
[173.280s][info][gc,phases,start] GC(334) Marking Phase
[174.621s][info][gc,phases      ] GC(334) Marking Phase 1340.528ms
[174.621s][info][gc,phases,start] GC(334) Summary Phase
[174.621s][info][gc,phases      ] GC(334) Summary Phase 0.066ms
[174.621s][info][gc,phases,start] GC(334) Adjust Roots
[174.621s][info][gc,phases      ] GC(334) Adjust Roots 0.196ms
[174.621s][info][gc,phases,start] GC(334) Compaction Phase
[175.101s][info][gc,phases      ] GC(334) Compaction Phase 480.325ms
[175.101s][info][gc,phases,start] GC(334) Post Compact
[175.110s][info][gc,phases      ] GC(334) Post Compact 8.699ms
[175.110s][info][gc,heap        ] GC(334) PSYoungGen: 95849K(338944K)->95849K(338944K) Eden: 70144K(70144K)->70144K(70144K) From: 25705K(268800K)->25705K(268800K)
[175.110s][info][gc,heap        ] GC(334) ParOldGen: 5871008K(5871104K)->5871008K(5871104K)
[175.110s][info][gc,metaspace   ] GC(334) Metaspace: 6298K(6464K)->6298K(6464K) NonClass: 5765K(5824K)->5765K(5824K) Class: 533K(640K)->533K(640K)
[175.110s][info][gc             ] GC(334) Pause Full (Ergonomics) 5827M->5827M(6064M) 1830.146ms
[175.110s][info][gc,cpu         ] GC(334) User=13.08s Sys=0.00s Real=1.83s
[175.110s][info][gc,start       ] GC(335) Pause Full (Ergonomics)
[175.110s][info][gc,phases,start] GC(335) Marking Phase
[176.450s][info][gc,phases      ] GC(335) Marking Phase 1339.520ms
[176.450s][info][gc,phases,start] GC(335) Summary Phase
[176.450s][info][gc,phases      ] GC(335) Summary Phase 0.062ms
[176.450s][info][gc,phases,start] GC(335) Adjust Roots
[176.450s][info][gc,phases      ] GC(335) Adjust Roots 0.184ms
[176.450s][info][gc,phases,start] GC(335) Compaction Phase
[176.934s][info][gc,phases      ] GC(335) Compaction Phase 483.354ms
[176.934s][info][gc,phases,start] GC(335) Post Compact
[176.942s][info][gc,phases      ] GC(335) Post Compact 8.614ms
[176.942s][info][gc,heap        ] GC(335) PSYoungGen: 95849K(338944K)->95849K(338944K) Eden: 70144K(70144K)->70144K(70144K) From: 25705K(268800K)->25705K(268800K)
[176.942s][info][gc,heap        ] GC(335) ParOldGen: 5871013K(5871104K)->5871013K(5871104K)
[176.942s][info][gc,metaspace   ] GC(335) Metaspace: 6298K(6464K)->6298K(6464K) NonClass: 5765K(5824K)->5765K(5824K) Class: 533K(640K)->533K(640K)
[176.942s][info][gc             ] GC(335) Pause Full (Ergonomics) 5827M->5827M(6064M) 1832.037ms
[176.943s][info][gc,cpu         ] GC(335) User=13.14s Sys=0.00s Real=1.83s
[176.943s][info][gc,start       ] GC(336) Pause Full (Ergonomics)
[176.943s][info][gc,phases,start] GC(336) Marking Phase
[178.284s][info][gc,phases      ] GC(336) Marking Phase 1341.448ms
[178.284s][info][gc,phases,start] GC(336) Summary Phase
[178.284s][info][gc,phases      ] GC(336) Summary Phase 0.063ms
[178.284s][info][gc,phases,start] GC(336) Adjust Roots
[178.284s][info][gc,phases      ] GC(336) Adjust Roots 0.185ms
[178.285s][info][gc,phases,start] GC(336) Compaction Phase
[178.763s][info][gc,phases      ] GC(336) Compaction Phase 478.194ms
[178.763s][info][gc,phases,start] GC(336) Post Compact
[178.771s][info][gc,phases      ] GC(336) Post Compact 8.694ms
[178.772s][info][gc,heap        ] GC(336) PSYoungGen: 95849K(338944K)->95849K(338944K) Eden: 70144K(70144K)->70144K(70144K) From: 25705K(268800K)->25705K(268800K)
[178.772s][info][gc,heap        ] GC(336) ParOldGen: 5871018K(5871104K)->5871018K(5871104K)
[178.772s][info][gc,metaspace   ] GC(336) Metaspace: 6298K(6464K)->6298K(6464K) NonClass: 5765K(5824K)->5765K(5824K) Class: 533K(640K)->533K(640K)
[178.772s][info][gc             ] GC(336) Pause Full (Ergonomics) 5827M->5827M(6064M) 1828.928ms
[178.772s][info][gc,cpu         ] GC(336) User=13.27s Sys=0.00s Real=1.83s
[178.772s][info][gc,start       ] GC(337) Pause Full (Ergonomics)
[178.772s][info][gc,phases,start] GC(337) Marking Phase
[180.109s][info][gc,phases      ] GC(337) Marking Phase 1336.907ms
[180.109s][info][gc,phases,start] GC(337) Summary Phase
[180.109s][info][gc,phases      ] GC(337) Summary Phase 0.069ms
[180.109s][info][gc,phases,start] GC(337) Adjust Roots
[180.109s][info][gc,phases      ] GC(337) Adjust Roots 0.169ms
[180.109s][info][gc,phases,start] GC(337) Compaction Phase
[180.587s][info][gc,phases      ] GC(337) Compaction Phase 477.416ms
[180.587s][info][gc,phases,start] GC(337) Post Compact
[180.596s][info][gc,phases      ] GC(337) Post Compact 9.149ms
[180.596s][info][gc,heap        ] GC(337) PSYoungGen: 95849K(338944K)->95849K(338944K) Eden: 70144K(70144K)->70144K(70144K) From: 25705K(268800K)->25705K(268800K)
[180.596s][info][gc,heap        ] GC(337) ParOldGen: 5871023K(5871104K)->5871023K(5871104K)
[180.596s][info][gc,metaspace   ] GC(337) Metaspace: 6298K(6464K)->6298K(6464K) NonClass: 5765K(5824K)->5765K(5824K) Class: 533K(640K)->533K(640K)
[180.596s][info][gc             ] GC(337) Pause Full (Ergonomics) 5827M->5827M(6064M) 1824.024ms
[180.596s][info][gc,cpu         ] GC(337) User=13.23s Sys=0.00s Real=1.82s
[180.596s][info][gc,start       ] GC(338) Pause Full (Ergonomics)
[180.596s][info][gc,phases,start] GC(338) Marking Phase
[181.943s][info][gc,phases      ] GC(338) Marking Phase 1346.989ms
[181.943s][info][gc,phases,start] GC(338) Summary Phase
[181.943s][info][gc,phases      ] GC(338) Summary Phase 0.064ms
[181.943s][info][gc,phases,start] GC(338) Adjust Roots
[181.943s][info][gc,phases      ] GC(338) Adjust Roots 0.166ms
[181.943s][info][gc,phases,start] GC(338) Compaction Phase
[182.431s][info][gc,phases      ] GC(338) Compaction Phase 487.926ms
[182.431s][info][gc,phases,start] GC(338) Post Compact
[182.440s][info][gc,phases      ] GC(338) Post Compact 8.690ms
[182.440s][info][gc,heap        ] GC(338) PSYoungGen: 95849K(338944K)->95849K(338944K) Eden: 70144K(70144K)->70144K(70144K) From: 25705K(268800K)->25705K(268800K)
[182.440s][info][gc,heap        ] GC(338) ParOldGen: 5871027K(5871104K)->5871027K(5871104K)
[182.440s][info][gc,metaspace   ] GC(338) Metaspace: 6298K(6464K)->6298K(6464K) NonClass: 5765K(5824K)->5765K(5824K) Class: 533K(640K)->533K(640K)
[182.440s][info][gc             ] GC(338) Pause Full (Ergonomics) 5827M->5827M(6064M) 1844.153ms
[182.440s][info][gc,cpu         ] GC(338) User=13.27s Sys=0.00s Real=1.84s
[182.440s][info][gc,start       ] GC(339) Pause Full (Ergonomics)
[182.440s][info][gc,phases,start] GC(339) Marking Phase
[183.808s][info][gc,phases      ] GC(339) Marking Phase 1367.982ms
[183.808s][info][gc,phases,start] GC(339) Summary Phase
[183.809s][info][gc,phases      ] GC(339) Summary Phase 0.063ms
[183.809s][info][gc,phases,start] GC(339) Adjust Roots
[183.809s][info][gc,phases      ] GC(339) Adjust Roots 0.166ms
[183.809s][info][gc,phases,start] GC(339) Compaction Phase
[184.301s][info][gc,phases      ] GC(339) Compaction Phase 491.903ms
[184.301s][info][gc,phases,start] GC(339) Post Compact
[184.309s][info][gc,phases      ] GC(339) Post Compact 8.587ms
[184.309s][info][gc,heap        ] GC(339) PSYoungGen: 95849K(338944K)->95849K(338944K) Eden: 70144K(70144K)->70144K(70144K) From: 25705K(268800K)->25705K(268800K)
[184.309s][info][gc,heap        ] GC(339) ParOldGen: 5871032K(5871104K)->5871032K(5871104K)
[184.309s][info][gc,metaspace   ] GC(339) Metaspace: 6298K(6464K)->6298K(6464K) NonClass: 5765K(5824K)->5765K(5824K) Class: 533K(640K)->533K(640K)
[184.309s][info][gc             ] GC(339) Pause Full (Ergonomics) 5827M->5827M(6064M) 1868.983ms
[184.309s][info][gc,cpu         ] GC(339) User=13.36s Sys=0.00s Real=1.87s
[184.310s][info][gc,start       ] GC(340) Pause Full (Ergonomics)
[184.310s][info][gc,phases,start] GC(340) Marking Phase
[185.647s][info][gc,phases      ] GC(340) Marking Phase 1337.127ms
[185.647s][info][gc,phases,start] GC(340) Summary Phase
[185.647s][info][gc,phases      ] GC(340) Summary Phase 0.066ms
[185.647s][info][gc,phases,start] GC(340) Adjust Roots
[185.647s][info][gc,phases      ] GC(340) Adjust Roots 0.171ms
[185.647s][info][gc,phases,start] GC(340) Compaction Phase
[186.126s][info][gc,phases      ] GC(340) Compaction Phase 479.116ms
[186.126s][info][gc,phases,start] GC(340) Post Compact
[186.135s][info][gc,phases      ] GC(340) Post Compact 8.644ms
[186.135s][info][gc,heap        ] GC(340) PSYoungGen: 95849K(338944K)->95849K(338944K) Eden: 70144K(70144K)->70144K(70144K) From: 25705K(268800K)->25705K(268800K)
[186.135s][info][gc,heap        ] GC(340) ParOldGen: 5871037K(5871104K)->5871037K(5871104K)
[186.135s][info][gc,metaspace   ] GC(340) Metaspace: 6298K(6464K)->6298K(6464K) NonClass: 5765K(5824K)->5765K(5824K) Class: 533K(640K)->533K(640K)
[186.135s][info][gc             ] GC(340) Pause Full (Ergonomics) 5827M->5827M(6064M) 1825.468ms
[186.135s][info][gc,cpu         ] GC(340) User=13.08s Sys=0.00s Real=1.83s
[186.135s][info][gc,start       ] GC(341) Pause Full (Ergonomics)
[186.135s][info][gc,phases,start] GC(341) Marking Phase
[187.481s][info][gc,phases      ] GC(341) Marking Phase 1345.306ms
[187.481s][info][gc,phases,start] GC(341) Summary Phase
[187.481s][info][gc,phases      ] GC(341) Summary Phase 0.065ms
[187.481s][info][gc,phases,start] GC(341) Adjust Roots
[187.481s][info][gc,phases      ] GC(341) Adjust Roots 0.184ms
[187.481s][info][gc,phases,start] GC(341) Compaction Phase
[187.967s][info][gc,phases      ] GC(341) Compaction Phase 486.485ms
[187.967s][info][gc,phases,start] GC(341) Post Compact
[187.976s][info][gc,phases      ] GC(341) Post Compact 8.614ms
[187.976s][info][gc,heap        ] GC(341) PSYoungGen: 95849K(338944K)->95849K(338944K) Eden: 70144K(70144K)->70144K(70144K) From: 25705K(268800K)->25705K(268800K)
[187.976s][info][gc,heap        ] GC(341) ParOldGen: 5871042K(5871104K)->5871042K(5871104K)
[187.976s][info][gc,metaspace   ] GC(341) Metaspace: 6298K(6464K)->6298K(6464K) NonClass: 5765K(5824K)->5765K(5824K) Class: 533K(640K)->533K(640K)
[187.976s][info][gc             ] GC(341) Pause Full (Ergonomics) 5827M->5827M(6064M) 1840.972ms
[187.976s][info][gc,cpu         ] GC(341) User=13.00s Sys=0.00s Real=1.84s
[187.976s][info][gc,start       ] GC(342) Pause Full (Ergonomics)
[187.976s][info][gc,phases,start] GC(342) Marking Phase
[189.326s][info][gc,phases      ] GC(342) Marking Phase 1349.258ms
[189.326s][info][gc,phases,start] GC(342) Summary Phase
[189.326s][info][gc,phases      ] GC(342) Summary Phase 0.065ms
[189.326s][info][gc,phases,start] GC(342) Adjust Roots
[189.326s][info][gc,phases      ] GC(342) Adjust Roots 0.175ms
[189.326s][info][gc,phases,start] GC(342) Compaction Phase
[189.808s][info][gc,phases      ] GC(342) Compaction Phase 482.416ms
[189.808s][info][gc,phases,start] GC(342) Post Compact
[189.817s][info][gc,phases      ] GC(342) Post Compact 8.672ms
[189.817s][info][gc,heap        ] GC(342) PSYoungGen: 95849K(338944K)->95849K(338944K) Eden: 70144K(70144K)->70144K(70144K) From: 25705K(268800K)->25705K(268800K)
[189.817s][info][gc,heap        ] GC(342) ParOldGen: 5871047K(5871104K)->5871047K(5871104K)
[189.817s][info][gc,metaspace   ] GC(342) Metaspace: 6298K(6464K)->6298K(6464K) NonClass: 5765K(5824K)->5765K(5824K) Class: 533K(640K)->533K(640K)
[189.817s][info][gc             ] GC(342) Pause Full (Ergonomics) 5827M->5827M(6064M) 1840.912ms
[189.817s][info][gc,cpu         ] GC(342) User=13.27s Sys=0.00s Real=1.84s
[189.817s][info][gc,start       ] GC(343) Pause Full (Ergonomics)
[189.817s][info][gc,phases,start] GC(343) Marking Phase
[191.158s][info][gc,phases      ] GC(343) Marking Phase 1340.739ms
[191.158s][info][gc,phases,start] GC(343) Summary Phase
[191.158s][info][gc,phases      ] GC(343) Summary Phase 0.066ms
[191.158s][info][gc,phases,start] GC(343) Adjust Roots
[191.159s][info][gc,phases      ] GC(343) Adjust Roots 0.173ms
[191.159s][info][gc,phases,start] GC(343) Compaction Phase
[191.651s][info][gc,phases      ] GC(343) Compaction Phase 492.145ms
[191.651s][info][gc,phases,start] GC(343) Post Compact
[191.659s][info][gc,phases      ] GC(343) Post Compact 8.685ms
[191.660s][info][gc,heap        ] GC(343) PSYoungGen: 95849K(338944K)->95849K(338944K) Eden: 70144K(70144K)->70144K(70144K) From: 25705K(268800K)->25705K(268800K)
[191.660s][info][gc,heap        ] GC(343) ParOldGen: 5871052K(5871104K)->5871052K(5871104K)
[191.660s][info][gc,metaspace   ] GC(343) Metaspace: 6298K(6464K)->6298K(6464K) NonClass: 5765K(5824K)->5765K(5824K) Class: 533K(640K)->533K(640K)
[191.660s][info][gc             ] GC(343) Pause Full (Ergonomics) 5827M->5827M(6064M) 1842.130ms
[191.660s][info][gc,cpu         ] GC(343) User=13.25s Sys=0.03s Real=1.84s
[191.660s][info][gc,start       ] GC(344) Pause Full (Ergonomics)
[191.660s][info][gc,phases,start] GC(344) Marking Phase
[193.027s][info][gc,phases      ] GC(344) Marking Phase 1366.936ms
[193.027s][info][gc,phases,start] GC(344) Summary Phase
[193.027s][info][gc,phases      ] GC(344) Summary Phase 0.070ms
[193.027s][info][gc,phases,start] GC(344) Adjust Roots
[193.027s][info][gc,phases      ] GC(344) Adjust Roots 0.170ms
[193.027s][info][gc,phases,start] GC(344) Compaction Phase
[193.512s][info][gc,phases      ] GC(344) Compaction Phase 485.133ms
[193.512s][info][gc,phases,start] GC(344) Post Compact
[193.521s][info][gc,phases      ] GC(344) Post Compact 8.705ms
[193.521s][info][gc,heap        ] GC(344) PSYoungGen: 95849K(338944K)->95849K(338944K) Eden: 70144K(70144K)->70144K(70144K) From: 25705K(268800K)->25705K(268800K)
[193.521s][info][gc,heap        ] GC(344) ParOldGen: 5871056K(5871104K)->5871056K(5871104K)
[193.521s][info][gc,metaspace   ] GC(344) Metaspace: 6298K(6464K)->6298K(6464K) NonClass: 5765K(5824K)->5765K(5824K) Class: 533K(640K)->533K(640K)
[193.521s][info][gc             ] GC(344) Pause Full (Ergonomics) 5827M->5827M(6064M) 1861.309ms
[193.521s][info][gc,cpu         ] GC(344) User=13.42s Sys=0.00s Real=1.86s
[193.521s][info][gc,start       ] GC(345) Pause Full (Ergonomics)
[193.521s][info][gc,phases,start] GC(345) Marking Phase
[194.877s][info][gc,phases      ] GC(345) Marking Phase 1356.158ms
[194.878s][info][gc,phases,start] GC(345) Summary Phase
[194.878s][info][gc,phases      ] GC(345) Summary Phase 0.064ms
[194.878s][info][gc,phases,start] GC(345) Adjust Roots
[194.878s][info][gc,phases      ] GC(345) Adjust Roots 0.162ms
[194.878s][info][gc,phases,start] GC(345) Compaction Phase
[195.369s][info][gc,phases      ] GC(345) Compaction Phase 491.021ms
[195.369s][info][gc,phases,start] GC(345) Post Compact
[195.378s][info][gc,phases      ] GC(345) Post Compact 8.616ms
[195.378s][info][gc,heap        ] GC(345) PSYoungGen: 95849K(338944K)->95849K(338944K) Eden: 70144K(70144K)->70144K(70144K) From: 25705K(268800K)->25705K(268800K)
[195.378s][info][gc,heap        ] GC(345) ParOldGen: 5871061K(5871104K)->5871061K(5871104K)
[195.378s][info][gc,metaspace   ] GC(345) Metaspace: 6298K(6464K)->6298K(6464K) NonClass: 5765K(5824K)->5765K(5824K) Class: 533K(640K)->533K(640K)
[195.378s][info][gc             ] GC(345) Pause Full (Ergonomics) 5827M->5827M(6064M) 1856.329ms
[195.378s][info][gc,cpu         ] GC(345) User=13.31s Sys=0.00s Real=1.86s
[195.378s][info][gc,start       ] GC(346) Pause Full (Ergonomics)
[195.378s][info][gc,phases,start] GC(346) Marking Phase
[196.713s][info][gc,phases      ] GC(346) Marking Phase 1335.170ms
[196.713s][info][gc,phases,start] GC(346) Summary Phase
[196.713s][info][gc,phases      ] GC(346) Summary Phase 0.074ms
[196.713s][info][gc,phases,start] GC(346) Adjust Roots
[196.713s][info][gc,phases      ] GC(346) Adjust Roots 0.252ms
[196.713s][info][gc,phases,start] GC(346) Compaction Phase
[197.199s][info][gc,phases      ] GC(346) Compaction Phase 485.377ms
[197.199s][info][gc,phases,start] GC(346) Post Compact
[197.209s][info][gc,phases      ] GC(346) Post Compact 9.689ms
[197.209s][info][gc,heap        ] GC(346) PSYoungGen: 95849K(338944K)->95849K(338944K) Eden: 70144K(70144K)->70144K(70144K) From: 25705K(268800K)->25705K(268800K)
[197.209s][info][gc,heap        ] GC(346) ParOldGen: 5871066K(5871104K)->5871066K(5871104K)
[197.209s][info][gc,metaspace   ] GC(346) Metaspace: 6298K(6464K)->6298K(6464K) NonClass: 5765K(5824K)->5765K(5824K) Class: 533K(640K)->533K(640K)
[197.209s][info][gc             ] GC(346) Pause Full (Ergonomics) 5827M->5827M(6064M) 1830.894ms
[197.209s][info][gc,cpu         ] GC(346) User=13.14s Sys=0.00s Real=1.83s
[197.209s][info][gc,start       ] GC(347) Pause Full (Ergonomics)
[197.209s][info][gc,phases,start] GC(347) Marking Phase
[198.576s][info][gc,phases      ] GC(347) Marking Phase 1367.005ms
[198.576s][info][gc,phases,start] GC(347) Summary Phase
[198.576s][info][gc,phases      ] GC(347) Summary Phase 0.094ms
[198.576s][info][gc,phases,start] GC(347) Adjust Roots
[198.576s][info][gc,phases      ] GC(347) Adjust Roots 0.200ms
[198.576s][info][gc,phases,start] GC(347) Compaction Phase
[199.069s][info][gc,phases      ] GC(347) Compaction Phase 492.648ms
[199.069s][info][gc,phases,start] GC(347) Post Compact
[199.079s][info][gc,phases      ] GC(347) Post Compact 9.660ms
[199.079s][info][gc,heap        ] GC(347) PSYoungGen: 95849K(338944K)->95849K(338944K) Eden: 70144K(70144K)->70144K(70144K) From: 25705K(268800K)->25705K(268800K)
[199.079s][info][gc,heap        ] GC(347) ParOldGen: 5871071K(5871104K)->5871071K(5871104K)
[199.079s][info][gc,metaspace   ] GC(347) Metaspace: 6298K(6464K)->6298K(6464K) NonClass: 5765K(5824K)->5765K(5824K) Class: 533K(640K)->533K(640K)
[199.079s][info][gc             ] GC(347) Pause Full (Ergonomics) 5827M->5827M(6064M) 1869.972ms
[199.079s][info][gc,cpu         ] GC(347) User=13.58s Sys=0.00s Real=1.87s
[199.079s][info][gc,start       ] GC(348) Pause Full (Ergonomics)
[199.079s][info][gc,phases,start] GC(348) Marking Phase
[200.449s][info][gc,phases      ] GC(348) Marking Phase 1370.209ms
[200.449s][info][gc,phases,start] GC(348) Summary Phase
[200.449s][info][gc,phases      ] GC(348) Summary Phase 0.121ms
[200.450s][info][gc,phases,start] GC(348) Adjust Roots
[200.450s][info][gc,phases      ] GC(348) Adjust Roots 0.278ms
[200.450s][info][gc,phases,start] GC(348) Compaction Phase
[200.931s][info][gc,phases      ] GC(348) Compaction Phase 481.527ms
[200.931s][info][gc,phases,start] GC(348) Post Compact
[200.940s][info][gc,phases      ] GC(348) Post Compact 8.594ms
[200.940s][info][gc,heap        ] GC(348) PSYoungGen: 95849K(338944K)->95849K(338944K) Eden: 70144K(70144K)->70144K(70144K) From: 25705K(268800K)->25705K(268800K)
[200.940s][info][gc,heap        ] GC(348) ParOldGen: 5871076K(5871104K)->5871076K(5871104K)
[200.940s][info][gc,metaspace   ] GC(348) Metaspace: 6298K(6464K)->6298K(6464K) NonClass: 5765K(5824K)->5765K(5824K) Class: 533K(640K)->533K(640K)
[200.940s][info][gc             ] GC(348) Pause Full (Ergonomics) 5827M->5827M(6064M) 1861.076ms
[200.940s][info][gc,cpu         ] GC(348) User=13.17s Sys=0.00s Real=1.86s
[200.940s][info][gc,start       ] GC(349) Pause Full (Ergonomics)
[200.940s][info][gc,phases,start] GC(349) Marking Phase
[202.307s][info][gc,phases      ] GC(349) Marking Phase 1366.705ms
[202.307s][info][gc,phases,start] GC(349) Summary Phase
[202.307s][info][gc,phases      ] GC(349) Summary Phase 0.065ms
[202.307s][info][gc,phases,start] GC(349) Adjust Roots
[202.307s][info][gc,phases      ] GC(349) Adjust Roots 0.176ms
[202.307s][info][gc,phases,start] GC(349) Compaction Phase
[202.800s][info][gc,phases      ] GC(349) Compaction Phase 492.365ms
[202.800s][info][gc,phases,start] GC(349) Post Compact
[202.810s][info][gc,phases      ] GC(349) Post Compact 9.703ms
[202.810s][info][gc,heap        ] GC(349) PSYoungGen: 95849K(338944K)->95849K(338944K) Eden: 70144K(70144K)->70144K(70144K) From: 25705K(268800K)->25705K(268800K)
[202.810s][info][gc,heap        ] GC(349) ParOldGen: 5871081K(5871104K)->5871081K(5871104K)
[202.810s][info][gc,metaspace   ] GC(349) Metaspace: 6298K(6464K)->6298K(6464K) NonClass: 5765K(5824K)->5765K(5824K) Class: 533K(640K)->533K(640K)
[202.810s][info][gc             ] GC(349) Pause Full (Ergonomics) 5827M->5827M(6064M) 1869.361ms
[202.810s][info][gc,cpu         ] GC(349) User=13.22s Sys=0.00s Real=1.87s
[202.810s][info][gc,start       ] GC(350) Pause Full (Ergonomics)
[202.810s][info][gc,phases,start] GC(350) Marking Phase
[204.184s][info][gc,phases      ] GC(350) Marking Phase 1374.455ms
[204.185s][info][gc,phases,start] GC(350) Summary Phase
[204.185s][info][gc,phases      ] GC(350) Summary Phase 0.076ms
[204.185s][info][gc,phases,start] GC(350) Adjust Roots
[204.185s][info][gc,phases      ] GC(350) Adjust Roots 0.207ms
[204.185s][info][gc,phases,start] GC(350) Compaction Phase
[204.678s][info][gc,phases      ] GC(350) Compaction Phase 493.111ms
[204.678s][info][gc,phases,start] GC(350) Post Compact
[204.689s][info][gc,phases      ] GC(350) Post Compact 11.159ms
[204.689s][info][gc,heap        ] GC(350) PSYoungGen: 95849K(338944K)->95849K(338944K) Eden: 70144K(70144K)->70144K(70144K) From: 25705K(268800K)->25705K(268800K)
[204.689s][info][gc,heap        ] GC(350) ParOldGen: 5871085K(5871104K)->5871085K(5871104K)
[204.689s][info][gc,metaspace   ] GC(350) Metaspace: 6298K(6464K)->6298K(6464K) NonClass: 5765K(5824K)->5765K(5824K) Class: 533K(640K)->533K(640K)
[204.689s][info][gc             ] GC(350) Pause Full (Ergonomics) 5827M->5827M(6064M) 1879.426ms
[204.689s][info][gc,cpu         ] GC(350) User=13.23s Sys=0.00s Real=1.88s
[204.690s][info][gc,start       ] GC(351) Pause Full (Ergonomics)
[204.690s][info][gc,phases,start] GC(351) Marking Phase
[206.051s][info][gc,phases      ] GC(351) Marking Phase 1361.749ms
[206.051s][info][gc,phases,start] GC(351) Summary Phase
[206.052s][info][gc,phases      ] GC(351) Summary Phase 0.067ms
[206.052s][info][gc,phases,start] GC(351) Adjust Roots
[206.052s][info][gc,phases      ] GC(351) Adjust Roots 0.202ms
[206.052s][info][gc,phases,start] GC(351) Compaction Phase
[206.563s][info][gc,phases      ] GC(351) Compaction Phase 511.194ms
[206.563s][info][gc,phases,start] GC(351) Post Compact
[206.572s][info][gc,phases      ] GC(351) Post Compact 9.127ms
[206.572s][info][gc,heap        ] GC(351) PSYoungGen: 95849K(338944K)->95849K(338944K) Eden: 70144K(70144K)->70144K(70144K) From: 25705K(268800K)->25705K(268800K)
[206.572s][info][gc,heap        ] GC(351) ParOldGen: 5871090K(5871104K)->5871090K(5871104K)
[206.572s][info][gc,metaspace   ] GC(351) Metaspace: 6298K(6464K)->6298K(6464K) NonClass: 5765K(5824K)->5765K(5824K) Class: 533K(640K)->533K(640K)
[206.572s][info][gc             ] GC(351) Pause Full (Ergonomics) 5827M->5827M(6064M) 1882.670ms
[206.572s][info][gc,cpu         ] GC(351) User=13.38s Sys=0.00s Real=1.88s
[206.572s][info][gc,start       ] GC(352) Pause Full (Ergonomics)
[206.573s][info][gc,phases,start] GC(352) Marking Phase
[207.903s][info][gc,phases      ] GC(352) Marking Phase 1330.180ms
[207.903s][info][gc,phases,start] GC(352) Summary Phase
[207.903s][info][gc,phases      ] GC(352) Summary Phase 0.065ms
[207.903s][info][gc,phases,start] GC(352) Adjust Roots
[207.903s][info][gc,phases      ] GC(352) Adjust Roots 0.168ms
[207.903s][info][gc,phases,start] GC(352) Compaction Phase
[208.393s][info][gc,phases      ] GC(352) Compaction Phase 490.012ms
[208.393s][info][gc,phases,start] GC(352) Post Compact
[208.402s][info][gc,phases      ] GC(352) Post Compact 8.577ms
[208.402s][info][gc,heap        ] GC(352) PSYoungGen: 95849K(338944K)->95849K(338944K) Eden: 70144K(70144K)->70144K(70144K) From: 25705K(268800K)->25705K(268800K)
[208.402s][info][gc,heap        ] GC(352) ParOldGen: 5871095K(5871104K)->5871095K(5871104K)
[208.402s][info][gc,metaspace   ] GC(352) Metaspace: 6298K(6464K)->6298K(6464K) NonClass: 5765K(5824K)->5765K(5824K) Class: 533K(640K)->533K(640K)
[208.402s][info][gc             ] GC(352) Pause Full (Ergonomics) 5827M->5827M(6064M) 1829.293ms
[208.402s][info][gc,cpu         ] GC(352) User=13.11s Sys=0.00s Real=1.83s
[208.402s][info][gc,start       ] GC(353) Pause Full (Ergonomics)
[208.402s][info][gc,phases,start] GC(353) Marking Phase
[209.755s][info][gc,phases      ] GC(353) Marking Phase 1352.662ms
[209.755s][info][gc,phases,start] GC(353) Summary Phase
[209.755s][info][gc,phases      ] GC(353) Summary Phase 0.063ms
[209.755s][info][gc,phases,start] GC(353) Adjust Roots
[209.755s][info][gc,phases      ] GC(353) Adjust Roots 0.164ms
[209.755s][info][gc,phases,start] GC(353) Compaction Phase
[210.249s][info][gc,phases      ] GC(353) Compaction Phase 493.710ms
[210.249s][info][gc,phases,start] GC(353) Post Compact
[210.257s][info][gc,phases      ] GC(353) Post Compact 8.611ms
[210.257s][info][gc,heap        ] GC(353) PSYoungGen: 95849K(338944K)->95849K(338944K) Eden: 70144K(70144K)->70144K(70144K) From: 25705K(268800K)->25705K(268800K)
[210.257s][info][gc,heap        ] GC(353) ParOldGen: 5871100K(5871104K)->5871100K(5871104K)
[210.257s][info][gc,metaspace   ] GC(353) Metaspace: 6298K(6464K)->6298K(6464K) NonClass: 5765K(5824K)->5765K(5824K) Class: 533K(640K)->533K(640K)
[210.257s][info][gc             ] GC(353) Pause Full (Ergonomics) 5827M->5827M(6064M) 1855.530ms
[210.258s][info][gc,cpu         ] GC(353) User=13.30s Sys=0.00s Real=1.86s
[210.258s][info][gc,start       ] GC(354) Pause Full (Ergonomics)
[210.258s][info][gc,phases,start] GC(354) Marking Phase
[211.591s][info][gc,phases      ] GC(354) Marking Phase 1333.501ms
[211.591s][info][gc,phases,start] GC(354) Summary Phase
[211.591s][info][gc,phases      ] GC(354) Summary Phase 0.073ms
[211.591s][info][gc,phases,start] GC(354) Adjust Roots
[211.592s][info][gc,phases      ] GC(354) Adjust Roots 0.173ms
[211.592s][info][gc,phases,start] GC(354) Compaction Phase
[212.075s][info][gc,phases      ] GC(354) Compaction Phase 483.891ms
[212.076s][info][gc,phases,start] GC(354) Post Compact
[212.084s][info][gc,phases      ] GC(354) Post Compact 8.817ms
[212.084s][info][gc,heap        ] GC(354) PSYoungGen: 95849K(338944K)->95849K(338944K) Eden: 70144K(70144K)->70144K(70144K) From: 25705K(268800K)->25705K(268800K)
[212.084s][info][gc,heap        ] GC(354) ParOldGen: 5871103K(5871104K)->5871103K(5871104K)
[212.084s][info][gc,metaspace   ] GC(354) Metaspace: 6298K(6464K)->6298K(6464K) NonClass: 5765K(5824K)->5765K(5824K) Class: 533K(640K)->533K(640K)
[212.084s][info][gc             ] GC(354) Pause Full (Ergonomics) 5827M->5827M(6064M) 1826.809ms
[212.084s][info][gc,cpu         ] GC(354) User=13.16s Sys=0.00s Real=1.83s
[212.085s][info][gc,start       ] GC(355) Pause Full (Allocation Failure)
[212.085s][info][gc,phases,start] GC(355) Marking Phase
[213.429s][info][gc,phases      ] GC(355) Marking Phase 1343.940ms
[213.429s][info][gc,phases,start] GC(355) Summary Phase
[213.429s][info][gc,phases      ] GC(355) Summary Phase 0.068ms
[213.429s][info][gc,phases,start] GC(355) Adjust Roots
[213.429s][info][gc,phases      ] GC(355) Adjust Roots 0.371ms
[213.429s][info][gc,phases,start] GC(355) Compaction Phase
[214.962s][info][gc,phases      ] GC(355) Compaction Phase 1533.303ms
[214.962s][info][gc,phases,start] GC(355) Post Compact
[214.971s][info][gc,phases      ] GC(355) Post Compact 8.753ms
[214.971s][info][gc,heap        ] GC(355) PSYoungGen: 95849K(338944K)->95849K(338944K) Eden: 70144K(70144K)->70144K(70144K) From: 25705K(268800K)->25705K(268800K)
[214.971s][info][gc,heap        ] GC(355) ParOldGen: 5871103K(5871104K)->5871099K(5871104K)
[214.971s][info][gc,metaspace   ] GC(355) Metaspace: 6298K(6464K)->6296K(6464K) NonClass: 5765K(5824K)->5764K(5824K) Class: 533K(640K)->532K(640K)
[214.971s][info][gc             ] GC(355) Pause Full (Allocation Failure) 5827M->5827M(6064M) 2886.733ms
[214.971s][info][gc,cpu         ] GC(355) User=21.27s Sys=0.00s Real=2.89s
[214.972s][info][gc,start       ] GC(356) Pause Full (Ergonomics)
[214.972s][info][gc,phases,start] GC(356) Marking Phase
[216.324s][info][gc,phases      ] GC(356) Marking Phase 1352.440ms
[216.324s][info][gc,phases,start] GC(356) Summary Phase
[216.324s][info][gc,phases      ] GC(356) Summary Phase 0.063ms
[216.324s][info][gc,phases,start] GC(356) Adjust Roots
[216.324s][info][gc,phases      ] GC(356) Adjust Roots 0.166ms
[216.325s][info][gc,phases,start] GC(356) Compaction Phase
[216.817s][info][gc,phases      ] GC(356) Compaction Phase 492.116ms
[216.817s][info][gc,phases,start] GC(356) Post Compact
[216.826s][info][gc,phases      ] GC(356) Post Compact 8.941ms
[216.826s][info][gc,heap        ] GC(356) PSYoungGen: 95849K(338944K)->95849K(338944K) Eden: 70144K(70144K)->70144K(70144K) From: 25705K(268800K)->25705K(268800K)
[216.826s][info][gc,heap        ] GC(356) ParOldGen: 5871100K(5871104K)->5871100K(5871104K)
[216.826s][info][gc,metaspace   ] GC(356) Metaspace: 6296K(6464K)->6296K(6464K) NonClass: 5764K(5824K)->5764K(5824K) Class: 532K(640K)->532K(640K)
[216.826s][info][gc             ] GC(356) Pause Full (Ergonomics) 5827M->5827M(6064M) 1854.088ms
[216.826s][info][gc,cpu         ] GC(356) User=13.27s Sys=0.00s Real=1.86s
[216.826s][info][gc,start       ] GC(357) Pause Full (Ergonomics)
[216.826s][info][gc,phases,start] GC(357) Marking Phase
[218.182s][info][gc,phases      ] GC(357) Marking Phase 1355.769ms
[218.182s][info][gc,phases,start] GC(357) Summary Phase
[218.182s][info][gc,phases      ] GC(357) Summary Phase 0.068ms
[218.182s][info][gc,phases,start] GC(357) Adjust Roots
[218.182s][info][gc,phases      ] GC(357) Adjust Roots 0.200ms
[218.182s][info][gc,phases,start] GC(357) Compaction Phase
[218.656s][info][gc,phases      ] GC(357) Compaction Phase 473.676ms
[218.656s][info][gc,phases,start] GC(357) Post Compact
[218.665s][info][gc,phases      ] GC(357) Post Compact 8.766ms
[218.665s][info][gc,heap        ] GC(357) PSYoungGen: 95849K(338944K)->95849K(338944K) Eden: 70144K(70144K)->70144K(70144K) From: 25705K(268800K)->25705K(268800K)
[218.665s][info][gc,heap        ] GC(357) ParOldGen: 5871103K(5871104K)->5871103K(5871104K)
[218.665s][info][gc,metaspace   ] GC(357) Metaspace: 6296K(6464K)->6296K(6464K) NonClass: 5764K(5824K)->5764K(5824K) Class: 532K(640K)->532K(640K)
[218.665s][info][gc             ] GC(357) Pause Full (Ergonomics) 5827M->5827M(6064M) 1838.841ms
[218.665s][info][gc,cpu         ] GC(357) User=13.28s Sys=0.00s Real=1.84s
[218.665s][info][gc,start       ] GC(358) Pause Full (Allocation Failure)
[218.665s][info][gc,phases,start] GC(358) Marking Phase
[220.016s][info][gc,phases      ] GC(358) Marking Phase 1351.037ms
[220.016s][info][gc,phases,start] GC(358) Summary Phase
[220.016s][info][gc,phases      ] GC(358) Summary Phase 0.064ms
[220.016s][info][gc,phases,start] GC(358) Adjust Roots
[220.017s][info][gc,phases      ] GC(358) Adjust Roots 0.185ms
[220.017s][info][gc,phases,start] GC(358) Compaction Phase
[220.500s][info][gc,phases      ] GC(358) Compaction Phase 483.797ms
[220.500s][info][gc,phases,start] GC(358) Post Compact
[220.509s][info][gc,phases      ] GC(358) Post Compact 8.565ms
[220.509s][info][gc,heap        ] GC(358) PSYoungGen: 95849K(338944K)->95849K(338944K) Eden: 70144K(70144K)->70144K(70144K) From: 25705K(268800K)->25705K(268800K)
[220.509s][info][gc,heap        ] GC(358) ParOldGen: 5871103K(5871104K)->5871103K(5871104K)
[220.509s][info][gc,metaspace   ] GC(358) Metaspace: 6296K(6464K)->6296K(6464K) NonClass: 5764K(5824K)->5764K(5824K) Class: 532K(640K)->532K(640K)
[220.509s][info][gc             ] GC(358) Pause Full (Allocation Failure) 5827M->5827M(6064M) 1843.935ms
[220.509s][info][gc,cpu         ] GC(358) User=13.31s Sys=0.00s Real=1.84s
[220.509s][info][gc,start       ] GC(359) Pause Full (Ergonomics)
[220.509s][info][gc,phases,start] GC(359) Marking Phase
[221.863s][info][gc,phases      ] GC(359) Marking Phase 1353.641ms
[221.863s][info][gc,phases,start] GC(359) Summary Phase
[221.863s][info][gc,phases      ] GC(359) Summary Phase 0.065ms
[221.863s][info][gc,phases,start] GC(359) Adjust Roots
[221.864s][info][gc,phases      ] GC(359) Adjust Roots 0.244ms
[221.864s][info][gc,phases,start] GC(359) Compaction Phase
[223.390s][info][gc,phases      ] GC(359) Compaction Phase 1526.730ms
[223.390s][info][gc,phases,start] GC(359) Post Compact
[223.399s][info][gc,phases      ] GC(359) Post Compact 8.902ms
[223.399s][info][gc,heap        ] GC(359) PSYoungGen: 95849K(338944K)->95849K(338944K) Eden: 70144K(70144K)->70144K(70144K) From: 25705K(268800K)->25705K(268800K)
[223.399s][info][gc,heap        ] GC(359) ParOldGen: 5871103K(5871104K)->5871102K(5871104K)
[223.399s][info][gc,metaspace   ] GC(359) Metaspace: 6296K(6464K)->6296K(6464K) NonClass: 5764K(5824K)->5764K(5824K) Class: 532K(640K)->532K(640K)
[223.399s][info][gc             ] GC(359) Pause Full (Ergonomics) 5827M->5827M(6064M) 2889.964ms
[223.399s][info][gc,cpu         ] GC(359) User=21.36s Sys=0.06s Real=2.89s
[223.400s][info][gc,start       ] GC(360) Pause Full (Ergonomics)
[223.400s][info][gc,phases,start] GC(360) Marking Phase
[224.720s][info][gc,phases      ] GC(360) Marking Phase 1319.967ms
[224.720s][info][gc,phases,start] GC(360) Summary Phase
[224.720s][info][gc,phases      ] GC(360) Summary Phase 0.064ms
[224.720s][info][gc,phases,start] GC(360) Adjust Roots
[224.720s][info][gc,phases      ] GC(360) Adjust Roots 0.167ms
[224.720s][info][gc,phases,start] GC(360) Compaction Phase
[225.207s][info][gc,phases      ] GC(360) Compaction Phase 487.225ms
[225.207s][info][gc,phases,start] GC(360) Post Compact
[225.216s][info][gc,phases      ] GC(360) Post Compact 8.690ms
[225.216s][info][gc,heap        ] GC(360) PSYoungGen: 95849K(338944K)->95849K(338944K) Eden: 70144K(70144K)->70144K(70144K) From: 25705K(268800K)->25705K(268800K)
[225.216s][info][gc,heap        ] GC(360) ParOldGen: 5871103K(5871104K)->5871102K(5871104K)
[225.216s][info][gc,metaspace   ] GC(360) Metaspace: 6296K(6464K)->6296K(6464K) NonClass: 5764K(5824K)->5764K(5824K) Class: 532K(640K)->532K(640K)
[225.216s][info][gc             ] GC(360) Pause Full (Ergonomics) 5827M->5827M(6064M) 1816.434ms
[225.216s][info][gc,cpu         ] GC(360) User=13.03s Sys=0.00s Real=1.82s
[225.217s][info][gc,start       ] GC(361) Pause Full (Ergonomics)
[225.217s][info][gc,phases,start] GC(361) Marking Phase
[226.563s][info][gc,phases      ] GC(361) Marking Phase 1345.403ms
[226.563s][info][gc,phases,start] GC(361) Summary Phase
[226.563s][info][gc,phases      ] GC(361) Summary Phase 0.074ms
[226.563s][info][gc,phases,start] GC(361) Adjust Roots
[226.563s][info][gc,phases      ] GC(361) Adjust Roots 0.280ms
[226.563s][info][gc,phases,start] GC(361) Compaction Phase
[228.113s][info][gc,phases      ] GC(361) Compaction Phase 1549.265ms
[228.113s][info][gc,phases,start] GC(361) Post Compact
[228.121s][info][gc,phases      ] GC(361) Post Compact 8.803ms
[228.121s][info][gc,heap        ] GC(361) PSYoungGen: 95849K(338944K)->95849K(338944K) Eden: 70144K(70144K)->70144K(70144K) From: 25705K(268800K)->25705K(268800K)
[228.121s][info][gc,heap        ] GC(361) ParOldGen: 5871104K(5871104K)->5871101K(5871104K)
[228.121s][info][gc,metaspace   ] GC(361) Metaspace: 6300K(6464K)->6300K(6464K) NonClass: 5766K(5824K)->5766K(5824K) Class: 534K(640K)->534K(640K)
[228.121s][info][gc             ] GC(361) Pause Full (Ergonomics) 5827M->5827M(6064M) 2904.172ms
[228.122s][info][gc,cpu         ] GC(361) User=21.33s Sys=0.02s Real=2.90s
[228.122s][info][gc,heap,exit   ] Heap
[228.122s][info][gc,heap,exit   ]  PSYoungGen      total 338944K, used 95849K [0x000000074cd80000, 0x0000000773500000, 0x0000000800000000)
[228.122s][info][gc,heap,exit   ]   eden space 70144K, 100% used [0x000000074cd80000,0x0000000751200000,0x0000000751200000)
[228.122s][info][gc,heap,exit   ]   from space 268800K, 9% used [0x0000000761f00000,0x000000076381a480,0x0000000772580000)
[228.122s][info][gc,heap,exit   ]   to   space 275456K, 0% used [0x0000000751200000,0x0000000751200000,0x0000000761f00000)
[228.122s][info][gc,heap,exit   ]  ParOldGen       total 5871104K, used 5871101K [0x00000005e6800000, 0x000000074cd80000, 0x000000074cd80000)
[228.122s][info][gc,heap,exit   ]   object space 5871104K, 99% used [0x00000005e6800000,0x000000074cd7f648,0x000000074cd80000)
[228.122s][info][gc,heap,exit   ]  Metaspace       used 6301K, committed 6464K, reserved 1114112K
[228.122s][info][gc,heap,exit   ]   class space    used 534K, committed 640K, reserved 1048576K
