[0.014s][info][gc,init] CardTable entry size: 512
[0.014s][info][gc     ] Using Parallel
[0.016s][info][gc,init] Version: 18.0.1+10 (release)
[0.016s][info][gc,init] CPUs: 8 total, 8 available
[0.016s][info][gc,init] Memory: 16063M
[0.016s][info][gc,init] Large Page Support: Disabled
[0.016s][info][gc,init] NUMA Support: Disabled
[0.016s][info][gc,init] Compressed Oops: Enabled (Zero based)
[0.016s][info][gc,init] Alignments: Space 512K, Generation 512K, Heap 2M
[0.016s][info][gc,init] Heap Min Capacity: 2M
[0.016s][info][gc,init] Heap Initial Capacity: 2M
[0.016s][info][gc,init] Heap Max Capacity: 17300M
[0.016s][info][gc,init] Pre-touch: Disabled
[0.016s][info][gc,init] Parallel Workers: 8
[0.016s][info][gc,metaspace] CDS archive(s) not mapped
[0.016s][info][gc,metaspace] Compressed class space mapped at: 0x0000000800000000-0x0000000840000000, reserved size: 1073741824
[0.016s][info][gc,metaspace] Narrow klass base: 0x0000000800000000, Narrow klass shift: 0, Narrow klass range: 0x40000000
[0.111s][info][gc,start    ] GC(0) Pause Young (Allocation Failure)
[0.112s][info][gc,heap     ] GC(0) PSYoungGen: 512K(1024K)->480K(1024K) Eden: 512K(512K)->0K(512K) From: 0K(512K)->480K(512K)
[0.112s][info][gc,heap     ] GC(0) ParOldGen: 0K(512K)->8K(512K)
[0.112s][info][gc,metaspace] GC(0) Metaspace: 4229K(4352K)->4229K(4352K) NonClass: 3908K(3968K)->3908K(3968K) Class: 321K(384K)->321K(384K)
[0.112s][info][gc          ] GC(0) Pause Young (Allocation Failure) 0M->0M(1M) 1.210ms
[0.112s][info][gc,cpu      ] GC(0) User=0.00s Sys=0.00s Real=0.00s
[0.175s][info][gc,start    ] GC(1) Pause Young (Allocation Failure)
[0.176s][info][gc,heap     ] GC(1) PSYoungGen: 991K(1024K)->512K(1536K) Eden: 511K(512K)->0K(1024K) From: 480K(512K)->512K(512K)
[0.176s][info][gc,heap     ] GC(1) ParOldGen: 8K(512K)->88K(512K)
[0.176s][info][gc,metaspace] GC(1) Metaspace: 5878K(6016K)->5878K(6016K) NonClass: 5382K(5504K)->5382K(5504K) Class: 496K(512K)->496K(512K)
[0.176s][info][gc          ] GC(1) Pause Young (Allocation Failure) 0M->0M(2M) 0.994ms
[0.176s][info][gc,cpu      ] GC(1) User=0.00s Sys=0.00s Real=0.00s
[0.197s][info][gc,start    ] GC(2) Pause Young (Allocation Failure)
[0.198s][info][gc,heap     ] GC(2) PSYoungGen: 1536K(1536K)->512K(1536K) Eden: 1024K(1024K)->0K(1024K) From: 512K(512K)->512K(512K)
[0.198s][info][gc,heap     ] GC(2) ParOldGen: 88K(512K)->512K(1024K)
[0.198s][info][gc,metaspace] GC(2) Metaspace: 6297K(6464K)->6297K(6464K) NonClass: 5764K(5824K)->5764K(5824K) Class: 533K(640K)->533K(640K)
[0.198s][info][gc          ] GC(2) Pause Young (Allocation Failure) 1M->1M(2M) 1.242ms
[0.198s][info][gc,cpu      ] GC(2) User=0.00s Sys=0.00s Real=0.00s
[0.200s][info][gc,start    ] GC(3) Pause Young (Allocation Failure)
[0.201s][info][gc,heap     ] GC(3) PSYoungGen: 1536K(1536K)->480K(2560K) Eden: 1024K(1024K)->0K(2048K) From: 512K(512K)->480K(512K)
[0.201s][info][gc,heap     ] GC(3) ParOldGen: 512K(1024K)->1064K(1536K)
[0.201s][info][gc,metaspace] GC(3) Metaspace: 6297K(6464K)->6297K(6464K) NonClass: 5764K(5824K)->5764K(5824K) Class: 533K(640K)->533K(640K)
[0.201s][info][gc          ] GC(3) Pause Young (Allocation Failure) 2M->1M(4M) 1.173ms
[0.201s][info][gc,cpu      ] GC(3) User=0.00s Sys=0.00s Real=0.00s
[0.201s][info][gc,start    ] GC(4) Pause Full (Ergonomics)
[0.201s][info][gc,phases,start] GC(4) Marking Phase
[0.202s][info][gc,phases      ] GC(4) Marking Phase 1.101ms
[0.202s][info][gc,phases,start] GC(4) Summary Phase
[0.202s][info][gc,phases      ] GC(4) Summary Phase 0.014ms
[0.202s][info][gc,phases,start] GC(4) Adjust Roots
[0.203s][info][gc,phases      ] GC(4) Adjust Roots 0.347ms
[0.203s][info][gc,phases,start] GC(4) Compaction Phase
[0.205s][info][gc,phases      ] GC(4) Compaction Phase 2.194ms
[0.205s][info][gc,phases,start] GC(4) Post Compact
[0.205s][info][gc,phases      ] GC(4) Post Compact 0.079ms
[0.205s][info][gc,heap        ] GC(4) PSYoungGen: 480K(2560K)->0K(2560K) Eden: 0K(2048K)->0K(2048K) From: 480K(512K)->0K(512K)
[0.205s][info][gc,heap        ] GC(4) ParOldGen: 1064K(1536K)->1496K(3584K)
[0.205s][info][gc,metaspace   ] GC(4) Metaspace: 6297K(6464K)->6297K(6464K) NonClass: 5764K(5824K)->5764K(5824K) Class: 533K(640K)->533K(640K)
[0.205s][info][gc             ] GC(4) Pause Full (Ergonomics) 1M->1M(6M) 4.101ms
[0.205s][info][gc,cpu         ] GC(4) User=0.00s Sys=0.00s Real=0.00s
[0.208s][info][gc,start       ] GC(5) Pause Young (Allocation Failure)
[0.209s][info][gc,heap        ] GC(5) PSYoungGen: 2048K(2560K)->480K(3584K) Eden: 2048K(2048K)->0K(3072K) From: 0K(512K)->480K(512K)
[0.209s][info][gc,heap        ] GC(5) ParOldGen: 1496K(3584K)->2112K(3584K)
[0.209s][info][gc,metaspace   ] GC(5) Metaspace: 6297K(6464K)->6297K(6464K) NonClass: 5764K(5824K)->5764K(5824K) Class: 533K(640K)->533K(640K)
[0.209s][info][gc             ] GC(5) Pause Young (Allocation Failure) 3M->2M(7M) 1.195ms
[0.209s][info][gc,cpu         ] GC(5) User=0.00s Sys=0.00s Real=0.00s
[0.214s][info][gc,start       ] GC(6) Pause Young (Allocation Failure)
[0.216s][info][gc,heap        ] GC(6) PSYoungGen: 3552K(3584K)->1504K(4608K) Eden: 3072K(3072K)->0K(3072K) From: 480K(512K)->1504K(1536K)
[0.216s][info][gc,heap        ] GC(6) ParOldGen: 2112K(3584K)->2680K(3584K)
[0.216s][info][gc,metaspace   ] GC(6) Metaspace: 6297K(6464K)->6297K(6464K) NonClass: 5764K(5824K)->5764K(5824K) Class: 533K(640K)->533K(640K)
[0.216s][info][gc             ] GC(6) Pause Young (Allocation Failure) 5M->4M(8M) 2.432ms
[0.216s][info][gc,cpu         ] GC(6) User=0.00s Sys=0.00s Real=0.00s
[0.221s][info][gc,start       ] GC(7) Pause Young (Allocation Failure)
[0.223s][info][gc,heap        ] GC(7) PSYoungGen: 4576K(4608K)->2016K(7168K) Eden: 3072K(3072K)->0K(5120K) From: 1504K(1536K)->2016K(2048K)
[0.223s][info][gc,heap        ] GC(7) ParOldGen: 2680K(3584K)->3768K(4096K)
[0.223s][info][gc,metaspace   ] GC(7) Metaspace: 6297K(6464K)->6297K(6464K) NonClass: 5764K(5824K)->5764K(5824K) Class: 533K(640K)->533K(640K)
[0.223s][info][gc             ] GC(7) Pause Young (Allocation Failure) 7M->5M(11M) 2.524ms
[0.223s][info][gc,cpu         ] GC(7) User=0.00s Sys=0.00s Real=0.00s
[0.223s][info][gc,start       ] GC(8) Pause Full (Ergonomics)
[0.223s][info][gc,phases,start] GC(8) Marking Phase
[0.226s][info][gc,phases      ] GC(8) Marking Phase 2.481ms
[0.226s][info][gc,phases,start] GC(8) Summary Phase
[0.226s][info][gc,phases      ] GC(8) Summary Phase 0.013ms
[0.226s][info][gc,phases,start] GC(8) Adjust Roots
[0.226s][info][gc,phases      ] GC(8) Adjust Roots 0.321ms
[0.226s][info][gc,phases,start] GC(8) Compaction Phase
[0.229s][info][gc,phases      ] GC(8) Compaction Phase 3.207ms
[0.229s][info][gc,phases,start] GC(8) Post Compact
[0.229s][info][gc,phases      ] GC(8) Post Compact 0.036ms
[0.229s][info][gc,heap        ] GC(8) PSYoungGen: 2016K(7168K)->2012K(7168K) Eden: 0K(5120K)->0K(5120K) From: 2016K(2048K)->2012K(2048K)
[0.229s][info][gc,heap        ] GC(8) ParOldGen: 3768K(4096K)->3683K(6656K)
[0.230s][info][gc,metaspace   ] GC(8) Metaspace: 6297K(6464K)->6297K(6464K) NonClass: 5764K(5824K)->5764K(5824K) Class: 533K(640K)->533K(640K)
[0.230s][info][gc             ] GC(8) Pause Full (Ergonomics) 5M->5M(13M) 6.320ms
[0.230s][info][gc,cpu         ] GC(8) User=0.00s Sys=0.00s Real=0.01s
[0.236s][info][gc,start       ] GC(9) Pause Young (Allocation Failure)
[0.241s][info][gc,heap        ] GC(9) PSYoungGen: 7132K(7168K)->3040K(8192K) Eden: 5120K(5120K)->0K(5120K) From: 2012K(2048K)->3040K(3072K)
[0.241s][info][gc,heap        ] GC(9) ParOldGen: 3683K(6656K)->5331K(6656K)
[0.241s][info][gc,metaspace   ] GC(9) Metaspace: 6297K(6464K)->6297K(6464K) NonClass: 5764K(5824K)->5764K(5824K) Class: 533K(640K)->533K(640K)
[0.241s][info][gc             ] GC(9) Pause Young (Allocation Failure) 10M->8M(14M) 4.489ms
[0.241s][info][gc,cpu         ] GC(9) User=0.02s Sys=0.00s Real=0.00s
[0.241s][info][gc,start       ] GC(10) Pause Full (Ergonomics)
[0.241s][info][gc,phases,start] GC(10) Marking Phase
[0.245s][info][gc,phases      ] GC(10) Marking Phase 3.987ms
[0.245s][info][gc,phases,start] GC(10) Summary Phase
[0.245s][info][gc,phases      ] GC(10) Summary Phase 0.014ms
[0.245s][info][gc,phases,start] GC(10) Adjust Roots
[0.245s][info][gc,phases      ] GC(10) Adjust Roots 0.213ms
[0.245s][info][gc,phases,start] GC(10) Compaction Phase
[0.248s][info][gc,phases      ] GC(10) Compaction Phase 2.682ms
[0.248s][info][gc,phases,start] GC(10) Post Compact
[0.248s][info][gc,phases      ] GC(10) Post Compact 0.046ms
[0.248s][info][gc,heap        ] GC(10) PSYoungGen: 3040K(8192K)->2012K(8192K) Eden: 0K(5120K)->0K(5120K) From: 3040K(3072K)->2012K(3072K)
[0.248s][info][gc,heap        ] GC(10) ParOldGen: 5331K(6656K)->6318K(10752K)
[0.248s][info][gc,metaspace   ] GC(10) Metaspace: 6297K(6464K)->6297K(6464K) NonClass: 5764K(5824K)->5764K(5824K) Class: 533K(640K)->533K(640K)
[0.248s][info][gc             ] GC(10) Pause Full (Ergonomics) 8M->8M(18M) 7.282ms
[0.248s][info][gc,cpu         ] GC(10) User=0.00s Sys=0.00s Real=0.01s
[0.253s][info][gc,start       ] GC(11) Pause Young (Allocation Failure)
[0.257s][info][gc,heap        ] GC(11) PSYoungGen: 7132K(8192K)->4192K(10752K) Eden: 5120K(5120K)->0K(6144K) From: 2012K(3072K)->4192K(4608K)
[0.257s][info][gc,heap        ] GC(11) ParOldGen: 6318K(10752K)->6846K(10752K)
[0.257s][info][gc,metaspace   ] GC(11) Metaspace: 6297K(6464K)->6297K(6464K) NonClass: 5764K(5824K)->5764K(5824K) Class: 533K(640K)->533K(640K)
[0.257s][info][gc             ] GC(11) Pause Young (Allocation Failure) 13M->10M(21M) 3.912ms
[0.257s][info][gc,cpu         ] GC(11) User=0.02s Sys=0.00s Real=0.00s
[0.263s][info][gc,start       ] GC(12) Pause Young (Allocation Failure)
[0.268s][info][gc,heap        ] GC(12) PSYoungGen: 10336K(10752K)->5088K(11264K) Eden: 6144K(6144K)->0K(6144K) From: 4192K(4608K)->5088K(5120K)
[0.268s][info][gc,heap        ] GC(12) ParOldGen: 6846K(10752K)->9366K(10752K)
[0.268s][info][gc,metaspace   ] GC(12) Metaspace: 6297K(6464K)->6297K(6464K) NonClass: 5764K(5824K)->5764K(5824K) Class: 533K(640K)->533K(640K)
[0.268s][info][gc             ] GC(12) Pause Young (Allocation Failure) 16M->14M(21M) 5.138ms
[0.268s][info][gc,cpu         ] GC(12) User=0.00s Sys=0.00s Real=0.00s
[0.268s][info][gc,start       ] GC(13) Pause Full (Ergonomics)
[0.268s][info][gc,phases,start] GC(13) Marking Phase
[0.275s][info][gc,phases      ] GC(13) Marking Phase 6.095ms
[0.275s][info][gc,phases,start] GC(13) Summary Phase
[0.275s][info][gc,phases      ] GC(13) Summary Phase 0.013ms
[0.275s][info][gc,phases,start] GC(13) Adjust Roots
[0.275s][info][gc,phases      ] GC(13) Adjust Roots 0.161ms
[0.275s][info][gc,phases,start] GC(13) Compaction Phase
[0.281s][info][gc,phases      ] GC(13) Compaction Phase 6.321ms
[0.281s][info][gc,phases,start] GC(13) Post Compact
[0.281s][info][gc,phases      ] GC(13) Post Compact 0.065ms
[0.281s][info][gc,heap        ] GC(13) PSYoungGen: 5088K(11264K)->3545K(11264K) Eden: 0K(6144K)->0K(6144K) From: 5088K(5120K)->3545K(5120K)
[0.281s][info][gc,heap        ] GC(13) ParOldGen: 9366K(10752K)->10585K(16384K)
[0.281s][info][gc,metaspace   ] GC(13) Metaspace: 6297K(6464K)->6297K(6464K) NonClass: 5764K(5824K)->5764K(5824K) Class: 533K(640K)->533K(640K)
[0.281s][info][gc             ] GC(13) Pause Full (Ergonomics) 14M->13M(27M) 12.927ms
[0.281s][info][gc,cpu         ] GC(13) User=0.02s Sys=0.00s Real=0.01s
[0.286s][info][gc,start       ] GC(14) Pause Young (Allocation Failure)
[0.292s][info][gc,heap        ] GC(14) PSYoungGen: 9689K(11264K)->4608K(15872K) Eden: 6144K(6144K)->0K(8704K) From: 3545K(5120K)->4608K(7168K)
[0.292s][info][gc,heap        ] GC(14) ParOldGen: 10585K(16384K)->12721K(16384K)
[0.292s][info][gc,metaspace   ] GC(14) Metaspace: 6299K(6464K)->6299K(6464K) NonClass: 5766K(5824K)->5766K(5824K) Class: 533K(640K)->533K(640K)
[0.292s][info][gc             ] GC(14) Pause Young (Allocation Failure) 19M->16M(31M) 6.026ms
[0.292s][info][gc,cpu         ] GC(14) User=0.00s Sys=0.00s Real=0.01s
[0.297s][info][gc,start       ] GC(15) Pause Young (Allocation Failure)
[0.304s][info][gc,heap        ] GC(15) PSYoungGen: 13312K(15872K)->7168K(15872K) Eden: 8704K(8704K)->0K(8704K) From: 4608K(7168K)->7168K(7168K)
[0.304s][info][gc,heap        ] GC(15) ParOldGen: 12721K(16384K)->14689K(16384K)
[0.304s][info][gc,metaspace   ] GC(15) Metaspace: 6299K(6464K)->6299K(6464K) NonClass: 5766K(5824K)->5766K(5824K) Class: 533K(640K)->533K(640K)
[0.304s][info][gc             ] GC(15) Pause Young (Allocation Failure) 25M->21M(31M) 6.230ms
[0.304s][info][gc,cpu         ] GC(15) User=0.02s Sys=0.00s Real=0.01s
[0.304s][info][gc,start       ] GC(16) Pause Full (Ergonomics)
[0.304s][info][gc,phases,start] GC(16) Marking Phase
[0.313s][info][gc,phases      ] GC(16) Marking Phase 8.773ms
[0.313s][info][gc,phases,start] GC(16) Summary Phase
[0.313s][info][gc,phases      ] GC(16) Summary Phase 0.019ms
[0.313s][info][gc,phases,start] GC(16) Adjust Roots
[0.313s][info][gc,phases      ] GC(16) Adjust Roots 0.219ms
[0.313s][info][gc,phases,start] GC(16) Compaction Phase
[0.319s][info][gc,phases      ] GC(16) Compaction Phase 6.501ms
[0.319s][info][gc,phases,start] GC(16) Post Compact
[0.320s][info][gc,phases      ] GC(16) Post Compact 0.125ms
[0.320s][info][gc,heap        ] GC(16) PSYoungGen: 7168K(15872K)->5620K(15872K) Eden: 0K(8704K)->0K(8704K) From: 7168K(7168K)->5620K(7168K)
[0.320s][info][gc,heap        ] GC(16) ParOldGen: 14689K(16384K)->16144K(23552K)
[0.320s][info][gc,metaspace   ] GC(16) Metaspace: 6299K(6464K)->6299K(6464K) NonClass: 5766K(5824K)->5766K(5824K) Class: 533K(640K)->533K(640K)
[0.320s][info][gc             ] GC(16) Pause Full (Ergonomics) 21M->21M(38M) 16.039ms
[0.320s][info][gc,cpu         ] GC(16) User=0.02s Sys=0.00s Real=0.02s
[0.329s][info][gc,start       ] GC(17) Pause Young (Allocation Failure)
[0.338s][info][gc,heap        ] GC(17) PSYoungGen: 14324K(15872K)->5024K(20992K) Eden: 8704K(8704K)->0K(11776K) From: 5620K(7168K)->5024K(9216K)
[0.338s][info][gc,heap        ] GC(17) ParOldGen: 16144K(23552K)->21864K(23552K)
[0.338s][info][gc,metaspace   ] GC(17) Metaspace: 6299K(6464K)->6299K(6464K) NonClass: 5766K(5824K)->5766K(5824K) Class: 533K(640K)->533K(640K)
[0.338s][info][gc             ] GC(17) Pause Young (Allocation Failure) 29M->26M(43M) 9.026ms
[0.338s][info][gc,cpu         ] GC(17) User=0.00s Sys=0.00s Real=0.01s
[0.338s][info][gc,start       ] GC(18) Pause Full (Ergonomics)
[0.338s][info][gc,phases,start] GC(18) Marking Phase
[0.349s][info][gc,phases      ] GC(18) Marking Phase 10.774ms
[0.349s][info][gc,phases,start] GC(18) Summary Phase
[0.349s][info][gc,phases      ] GC(18) Summary Phase 0.019ms
[0.349s][info][gc,phases,start] GC(18) Adjust Roots
[0.349s][info][gc,phases      ] GC(18) Adjust Roots 0.178ms
[0.349s][info][gc,phases,start] GC(18) Compaction Phase
[0.359s][info][gc,phases      ] GC(18) Compaction Phase 9.894ms
[0.359s][info][gc,phases,start] GC(18) Post Compact
[0.359s][info][gc,phases      ] GC(18) Post Compact 0.091ms
[0.359s][info][gc,heap        ] GC(18) PSYoungGen: 5024K(20992K)->2945K(20992K) Eden: 0K(11776K)->0K(11776K) From: 5024K(9216K)->2945K(9216K)
[0.359s][info][gc,heap        ] GC(18) ParOldGen: 21864K(23552K)->23299K(33792K)
[0.359s][info][gc,metaspace   ] GC(18) Metaspace: 6299K(6464K)->6299K(6464K) NonClass: 5766K(5824K)->5766K(5824K) Class: 533K(640K)->533K(640K)
[0.359s][info][gc             ] GC(18) Pause Full (Ergonomics) 26M->25M(53M) 21.280ms
[0.359s][info][gc,cpu         ] GC(18) User=0.03s Sys=0.00s Real=0.02s
[0.366s][info][gc,start       ] GC(19) Pause Young (Allocation Failure)
[0.374s][info][gc,heap        ] GC(19) PSYoungGen: 14721K(20992K)->6144K(20992K) Eden: 11776K(11776K)->0K(11776K) From: 2945K(9216K)->6144K(9216K)
[0.374s][info][gc,heap        ] GC(19) ParOldGen: 23299K(33792K)->26299K(33792K)
[0.374s][info][gc,metaspace   ] GC(19) Metaspace: 6299K(6464K)->6299K(6464K) NonClass: 5766K(5824K)->5766K(5824K) Class: 533K(640K)->533K(640K)
[0.375s][info][gc             ] GC(19) Pause Young (Allocation Failure) 37M->31M(53M) 8.380ms
[0.375s][info][gc,cpu         ] GC(19) User=0.00s Sys=0.00s Real=0.01s
[0.384s][info][gc,start       ] GC(20) Pause Young (Allocation Failure)
[0.397s][info][gc,heap        ] GC(20) PSYoungGen: 17920K(20992K)->9728K(21504K) Eden: 11776K(11776K)->0K(11776K) From: 6144K(9216K)->9728K(9728K)
[0.397s][info][gc,heap        ] GC(20) ParOldGen: 26299K(33792K)->32155K(33792K)
[0.397s][info][gc,metaspace   ] GC(20) Metaspace: 6299K(6464K)->6299K(6464K) NonClass: 5766K(5824K)->5766K(5824K) Class: 533K(640K)->533K(640K)
[0.397s][info][gc             ] GC(20) Pause Young (Allocation Failure) 43M->40M(54M) 13.352ms
[0.397s][info][gc,cpu         ] GC(20) User=0.00s Sys=0.00s Real=0.01s
[0.397s][info][gc,start       ] GC(21) Pause Full (Ergonomics)
[0.397s][info][gc,phases,start] GC(21) Marking Phase
[0.414s][info][gc,phases      ] GC(21) Marking Phase 16.499ms
[0.414s][info][gc,phases,start] GC(21) Summary Phase
[0.414s][info][gc,phases      ] GC(21) Summary Phase 0.019ms
[0.414s][info][gc,phases,start] GC(21) Adjust Roots
[0.414s][info][gc,phases      ] GC(21) Adjust Roots 0.163ms
[0.414s][info][gc,phases,start] GC(21) Compaction Phase
[0.426s][info][gc,phases      ] GC(21) Compaction Phase 11.961ms
[0.426s][info][gc,phases,start] GC(21) Post Compact
[0.426s][info][gc,phases      ] GC(21) Post Compact 0.221ms
[0.426s][info][gc,heap        ] GC(21) PSYoungGen: 9728K(21504K)->8175K(21504K) Eden: 0K(11776K)->0K(11776K) From: 9728K(9728K)->8175K(9728K)
[0.426s][info][gc,heap        ] GC(21) ParOldGen: 32155K(33792K)->33541K(47104K)
[0.426s][info][gc,metaspace   ] GC(21) Metaspace: 6299K(6464K)->6299K(6464K) NonClass: 5766K(5824K)->5766K(5824K) Class: 533K(640K)->533K(640K)
[0.426s][info][gc             ] GC(21) Pause Full (Ergonomics) 40M->40M(67M) 29.262ms
[0.427s][info][gc,cpu         ] GC(21) User=0.02s Sys=0.00s Real=0.03s
[0.440s][info][gc,start       ] GC(22) Pause Young (Allocation Failure)
[0.455s][info][gc,heap        ] GC(22) PSYoungGen: 19951K(21504K)->11776K(25088K) Eden: 11776K(11776K)->0K(11776K) From: 8175K(9728K)->11776K(13312K)
[0.455s][info][gc,heap        ] GC(22) ParOldGen: 33541K(47104K)->41853K(47104K)
[0.455s][info][gc,metaspace   ] GC(22) Metaspace: 6299K(6464K)->6299K(6464K) NonClass: 5766K(5824K)->5766K(5824K) Class: 533K(640K)->533K(640K)
[0.455s][info][gc             ] GC(22) Pause Young (Allocation Failure) 52M->52M(70M) 14.444ms
[0.455s][info][gc,cpu         ] GC(22) User=0.00s Sys=0.02s Real=0.01s
[0.455s][info][gc,start       ] GC(23) Pause Full (Ergonomics)
[0.455s][info][gc,phases,start] GC(23) Marking Phase
[0.475s][info][gc,phases      ] GC(23) Marking Phase 20.044ms
[0.475s][info][gc,phases,start] GC(23) Summary Phase
[0.475s][info][gc,phases      ] GC(23) Summary Phase 0.020ms
[0.475s][info][gc,phases,start] GC(23) Adjust Roots
[0.475s][info][gc,phases      ] GC(23) Adjust Roots 0.158ms
[0.475s][info][gc,phases,start] GC(23) Compaction Phase
[0.492s][info][gc,phases      ] GC(23) Compaction Phase 16.188ms
[0.492s][info][gc,phases,start] GC(23) Post Compact
[0.492s][info][gc,phases      ] GC(23) Post Compact 0.152ms
[0.492s][info][gc,heap        ] GC(23) PSYoungGen: 11776K(25088K)->5614K(25088K) Eden: 0K(11776K)->0K(11776K) From: 11776K(13312K)->5614K(13312K)
[0.492s][info][gc,heap        ] GC(23) ParOldGen: 41853K(47104K)->46829K(64000K)
[0.492s][info][gc,metaspace   ] GC(23) Metaspace: 6299K(6464K)->6299K(6464K) NonClass: 5766K(5824K)->5766K(5824K) Class: 533K(640K)->533K(640K)
[0.492s][info][gc             ] GC(23) Pause Full (Ergonomics) 52M->51M(87M) 37.000ms
[0.492s][info][gc,cpu         ] GC(23) User=0.03s Sys=0.00s Real=0.04s
[0.503s][info][gc,start       ] GC(24) Pause Young (Allocation Failure)
[0.519s][info][gc,heap        ] GC(24) PSYoungGen: 17390K(25088K)->15360K(26624K) Eden: 11776K(11776K)->0K(11264K) From: 5614K(13312K)->15360K(15360K)
[0.519s][info][gc,heap        ] GC(24) ParOldGen: 46829K(64000K)->48901K(64000K)
[0.520s][info][gc,metaspace   ] GC(24) Metaspace: 6299K(6464K)->6299K(6464K) NonClass: 5766K(5824K)->5766K(5824K) Class: 533K(640K)->533K(640K)
[0.520s][info][gc             ] GC(24) Pause Young (Allocation Failure) 62M->62M(88M) 16.258ms
[0.520s][info][gc,cpu         ] GC(24) User=0.02s Sys=0.00s Real=0.02s
[0.531s][info][gc,start       ] GC(25) Pause Young (Allocation Failure)
[0.549s][info][gc,heap        ] GC(25) PSYoungGen: 26624K(26624K)->11296K(29696K) Eden: 11264K(11264K)->0K(11264K) From: 15360K(15360K)->11296K(18432K)
[0.549s][info][gc,heap        ] GC(25) ParOldGen: 48901K(64000K)->64477K(64512K)
[0.549s][info][gc,metaspace   ] GC(25) Metaspace: 6299K(6464K)->6299K(6464K) NonClass: 5766K(5824K)->5766K(5824K) Class: 533K(640K)->533K(640K)
[0.549s][info][gc             ] GC(25) Pause Young (Allocation Failure) 73M->73M(92M) 17.773ms
[0.549s][info][gc,cpu         ] GC(25) User=0.03s Sys=0.00s Real=0.02s
[0.549s][info][gc,start       ] GC(26) Pause Full (Ergonomics)
[0.549s][info][gc,phases,start] GC(26) Marking Phase
[0.578s][info][gc,phases      ] GC(26) Marking Phase 28.375ms
[0.578s][info][gc,phases,start] GC(26) Summary Phase
[0.578s][info][gc,phases      ] GC(26) Summary Phase 0.020ms
[0.578s][info][gc,phases,start] GC(26) Adjust Roots
[0.578s][info][gc,phases      ] GC(26) Adjust Roots 0.159ms
[0.578s][info][gc,phases,start] GC(26) Compaction Phase
[0.597s][info][gc,phases      ] GC(26) Compaction Phase 18.611ms
[0.597s][info][gc,phases,start] GC(26) Post Compact
[0.597s][info][gc,phases      ] GC(26) Post Compact 0.433ms
[0.597s][info][gc,heap        ] GC(26) PSYoungGen: 11296K(29696K)->11235K(29696K) Eden: 0K(11264K)->0K(11264K) From: 11296K(18432K)->11235K(18432K)
[0.597s][info][gc,heap        ] GC(26) ParOldGen: 64477K(64512K)->64190K(87040K)
[0.597s][info][gc,metaspace   ] GC(26) Metaspace: 6299K(6464K)->6299K(6464K) NonClass: 5766K(5824K)->5766K(5824K) Class: 533K(640K)->533K(640K)
[0.597s][info][gc             ] GC(26) Pause Full (Ergonomics) 73M->73M(114M) 48.034ms
[0.597s][info][gc,cpu         ] GC(26) User=0.08s Sys=0.00s Real=0.05s
[0.610s][info][gc,start       ] GC(27) Pause Young (Allocation Failure)
[0.630s][info][gc,heap        ] GC(27) PSYoungGen: 22499K(29696K)->18944K(28160K) Eden: 11264K(11264K)->0K(9216K) From: 11235K(18432K)->18944K(18944K)
[0.630s][info][gc,heap        ] GC(27) ParOldGen: 64190K(87040K)->67822K(87040K)
[0.630s][info][gc,metaspace   ] GC(27) Metaspace: 6299K(6464K)->6299K(6464K) NonClass: 5766K(5824K)->5766K(5824K) Class: 533K(640K)->533K(640K)
[0.630s][info][gc             ] GC(27) Pause Young (Allocation Failure) 84M->84M(112M) 20.051ms
[0.630s][info][gc,cpu         ] GC(27) User=0.03s Sys=0.00s Real=0.02s
[0.645s][info][gc,start       ] GC(28) Pause Young (Allocation Failure)
[0.665s][info][gc,heap        ] GC(28) PSYoungGen: 28160K(28160K)->9216K(32768K) Eden: 9216K(9216K)->0K(9216K) From: 18944K(18944K)->9216K(23552K)
[0.665s][info][gc,heap        ] GC(28) ParOldGen: 67822K(87040K)->87030K(87040K)
[0.665s][info][gc,metaspace   ] GC(28) Metaspace: 6299K(6464K)->6299K(6464K) NonClass: 5766K(5824K)->5766K(5824K) Class: 533K(640K)->533K(640K)
[0.665s][info][gc             ] GC(28) Pause Young (Allocation Failure) 93M->93M(117M) 20.088ms
[0.665s][info][gc,cpu         ] GC(28) User=0.03s Sys=0.00s Real=0.02s
[0.665s][info][gc,start       ] GC(29) Pause Full (Ergonomics)
[0.665s][info][gc,phases,start] GC(29) Marking Phase
[0.709s][info][gc,phases      ] GC(29) Marking Phase 43.854ms
[0.709s][info][gc,phases,start] GC(29) Summary Phase
[0.709s][info][gc,phases      ] GC(29) Summary Phase 0.015ms
[0.709s][info][gc,phases,start] GC(29) Adjust Roots
[0.709s][info][gc,phases      ] GC(29) Adjust Roots 0.204ms
[0.709s][info][gc,phases,start] GC(29) Compaction Phase
[0.735s][info][gc,phases      ] GC(29) Compaction Phase 25.238ms
[0.735s][info][gc,phases,start] GC(29) Post Compact
[0.735s][info][gc,phases      ] GC(29) Post Compact 0.316ms
[0.735s][info][gc,heap        ] GC(29) PSYoungGen: 9216K(32768K)->9198K(32768K) Eden: 0K(9216K)->0K(9216K) From: 9216K(23552K)->9198K(23552K)
[0.735s][info][gc,heap        ] GC(29) ParOldGen: 87030K(87040K)->84611K(113664K)
[0.735s][info][gc,metaspace   ] GC(29) Metaspace: 6299K(6464K)->6299K(6464K) NonClass: 5766K(5824K)->5766K(5824K) Class: 533K(640K)->533K(640K)
[0.735s][info][gc             ] GC(29) Pause Full (Ergonomics) 93M->91M(143M) 70.000ms
[0.735s][info][gc,cpu         ] GC(29) User=0.09s Sys=0.00s Real=0.07s
[0.743s][info][gc,start       ] GC(30) Pause Young (Allocation Failure)
[0.759s][info][gc,heap        ] GC(30) PSYoungGen: 18414K(32768K)->9248K(30720K) Eden: 9216K(9216K)->0K(11264K) From: 9198K(23552K)->9248K(19456K)
[0.759s][info][gc,heap        ] GC(30) ParOldGen: 84611K(113664K)->93899K(113664K)
[0.759s][info][gc,metaspace   ] GC(30) Metaspace: 6299K(6464K)->6299K(6464K) NonClass: 5766K(5824K)->5766K(5824K) Class: 533K(640K)->533K(640K)
[0.759s][info][gc             ] GC(30) Pause Young (Allocation Failure) 100M->100M(141M) 15.301ms
[0.759s][info][gc,cpu         ] GC(30) User=0.02s Sys=0.00s Real=0.02s
[0.768s][info][gc,start       ] GC(31) Pause Young (Allocation Failure)
[0.780s][info][gc,heap        ] GC(31) PSYoungGen: 20512K(30720K)->20480K(32256K) Eden: 11264K(11264K)->0K(11264K) From: 9248K(19456K)->20480K(20992K)
[0.780s][info][gc,heap        ] GC(31) ParOldGen: 93899K(113664K)->93899K(113664K)
[0.780s][info][gc,metaspace   ] GC(31) Metaspace: 6299K(6464K)->6299K(6464K) NonClass: 5766K(5824K)->5766K(5824K) Class: 533K(640K)->533K(640K)
[0.780s][info][gc             ] GC(31) Pause Young (Allocation Failure) 111M->111M(142M) 11.770ms
[0.780s][info][gc,cpu         ] GC(31) User=0.00s Sys=0.00s Real=0.01s
[0.790s][info][gc,start       ] GC(32) Pause Young (Allocation Failure)
[0.807s][info][gc,heap        ] GC(32) PSYoungGen: 31744K(32256K)->24064K(31232K) Eden: 11264K(11264K)->0K(7168K) From: 20480K(20992K)->24064K(24064K)
[0.807s][info][gc,heap        ] GC(32) ParOldGen: 93899K(113664K)->101667K(113664K)
[0.807s][info][gc,metaspace   ] GC(32) Metaspace: 6299K(6464K)->6299K(6464K) NonClass: 5766K(5824K)->5766K(5824K) Class: 533K(640K)->533K(640K)
[0.807s][info][gc             ] GC(32) Pause Young (Allocation Failure) 122M->122M(141M) 16.704ms
[0.807s][info][gc,cpu         ] GC(32) User=0.05s Sys=0.00s Real=0.02s
[0.807s][info][gc,start       ] GC(33) Pause Full (Ergonomics)
[0.807s][info][gc,phases,start] GC(33) Marking Phase
[0.841s][info][gc,phases      ] GC(33) Marking Phase 33.555ms
[0.841s][info][gc,phases,start] GC(33) Summary Phase
[0.841s][info][gc,phases      ] GC(33) Summary Phase 0.028ms
[0.841s][info][gc,phases,start] GC(33) Adjust Roots
[0.841s][info][gc,phases      ] GC(33) Adjust Roots 0.150ms
[0.841s][info][gc,phases,start] GC(33) Compaction Phase
[0.869s][info][gc,phases      ] GC(33) Compaction Phase 28.273ms
[0.869s][info][gc,phases,start] GC(33) Post Compact
[0.870s][info][gc,phases      ] GC(33) Post Compact 0.425ms
[0.870s][info][gc,heap        ] GC(33) PSYoungGen: 24064K(31232K)->12263K(31232K) Eden: 0K(7168K)->0K(7168K) From: 24064K(24064K)->12263K(24064K)
[0.870s][info][gc,heap        ] GC(33) ParOldGen: 101667K(113664K)->113195K(143872K)
[0.870s][info][gc,metaspace   ] GC(33) Metaspace: 6299K(6464K)->6299K(6464K) NonClass: 5766K(5824K)->5766K(5824K) Class: 533K(640K)->533K(640K)
[0.870s][info][gc             ] GC(33) Pause Full (Ergonomics) 122M->122M(171M) 62.898ms
[0.870s][info][gc,cpu         ] GC(33) User=0.14s Sys=0.00s Real=0.06s
[0.877s][info][gc,start       ] GC(34) Pause Young (Allocation Failure)
[0.894s][info][gc,heap        ] GC(34) PSYoungGen: 19431K(31232K)->10752K(37888K) Eden: 7168K(7168K)->0K(7168K) From: 12263K(24064K)->10752K(30720K)
[0.894s][info][gc,heap        ] GC(34) ParOldGen: 113195K(143872K)->122051K(143872K)
[0.894s][info][gc,metaspace   ] GC(34) Metaspace: 6299K(6464K)->6299K(6464K) NonClass: 5766K(5824K)->5766K(5824K) Class: 533K(640K)->533K(640K)
[0.894s][info][gc             ] GC(34) Pause Young (Allocation Failure) 129M->129M(177M) 16.724ms
[0.894s][info][gc,cpu         ] GC(34) User=0.02s Sys=0.00s Real=0.02s
[0.901s][info][gc,start       ] GC(35) Pause Young (Allocation Failure)
[0.910s][info][gc,heap        ] GC(35) PSYoungGen: 17920K(37888K)->17920K(37376K) Eden: 7168K(7168K)->0K(8192K) From: 10752K(30720K)->17920K(29184K)
[0.910s][info][gc,heap        ] GC(35) ParOldGen: 122051K(143872K)->122051K(143872K)
[0.910s][info][gc,metaspace   ] GC(35) Metaspace: 6299K(6464K)->6299K(6464K) NonClass: 5766K(5824K)->5766K(5824K) Class: 533K(640K)->533K(640K)
[0.910s][info][gc             ] GC(35) Pause Young (Allocation Failure) 136M->136M(177M) 8.862ms
[0.910s][info][gc,cpu         ] GC(35) User=0.00s Sys=0.00s Real=0.01s
[0.918s][info][gc,start       ] GC(36) Pause Young (Allocation Failure)
[0.930s][info][gc,heap        ] GC(36) PSYoungGen: 26112K(37376K)->22528K(37888K) Eden: 8192K(8192K)->0K(8192K) From: 17920K(29184K)->22528K(29696K)
[0.930s][info][gc,heap        ] GC(36) ParOldGen: 122051K(143872K)->125691K(143872K)
[0.930s][info][gc,metaspace   ] GC(36) Metaspace: 6299K(6464K)->6299K(6464K) NonClass: 5766K(5824K)->5766K(5824K) Class: 533K(640K)->533K(640K)
[0.930s][info][gc             ] GC(36) Pause Young (Allocation Failure) 144M->144M(177M) 11.916ms
[0.930s][info][gc,cpu         ] GC(36) User=0.02s Sys=0.00s Real=0.01s
[0.938s][info][gc,start       ] GC(37) Pause Young (Allocation Failure)
[0.952s][info][gc,heap        ] GC(37) PSYoungGen: 30720K(37888K)->23616K(39424K) Eden: 8192K(8192K)->0K(7680K) From: 22528K(29696K)->23616K(31744K)
[0.952s][info][gc,heap        ] GC(37) ParOldGen: 125691K(143872K)->132955K(143872K)
[0.952s][info][gc,metaspace   ] GC(37) Metaspace: 6299K(6464K)->6299K(6464K) NonClass: 5766K(5824K)->5766K(5824K) Class: 533K(640K)->533K(640K)
[0.952s][info][gc             ] GC(37) Pause Young (Allocation Failure) 152M->152M(179M) 14.072ms
[0.952s][info][gc,cpu         ] GC(37) User=0.02s Sys=0.00s Real=0.02s
[0.952s][info][gc,start       ] GC(38) Pause Full (Ergonomics)
[0.952s][info][gc,phases,start] GC(38) Marking Phase
[0.989s][info][gc,phases      ] GC(38) Marking Phase 36.256ms
[0.989s][info][gc,phases,start] GC(38) Summary Phase
[0.989s][info][gc,phases      ] GC(38) Summary Phase 0.016ms
[0.989s][info][gc,phases,start] GC(38) Adjust Roots
[0.989s][info][gc,phases      ] GC(38) Adjust Roots 0.146ms
[0.989s][info][gc,phases,start] GC(38) Compaction Phase
[1.010s][info][gc,phases      ] GC(38) Compaction Phase 21.639ms
[1.011s][info][gc,phases,start] GC(38) Post Compact
[1.011s][info][gc,phases      ] GC(38) Post Compact 0.696ms
[1.011s][info][gc,heap        ] GC(38) PSYoungGen: 23616K(39424K)->12212K(39424K) Eden: 0K(7680K)->0K(7680K) From: 23616K(31744K)->12212K(31744K)
[1.011s][info][gc,heap        ] GC(38) ParOldGen: 132955K(143872K)->143839K(175616K)
[1.011s][info][gc,metaspace   ] GC(38) Metaspace: 6299K(6464K)->6299K(6464K) NonClass: 5766K(5824K)->5766K(5824K) Class: 533K(640K)->533K(640K)
[1.011s][info][gc             ] GC(38) Pause Full (Ergonomics) 152M->152M(210M) 59.187ms
[1.012s][info][gc,cpu         ] GC(38) User=0.19s Sys=0.00s Real=0.06s
[1.019s][info][gc,start       ] GC(39) Pause Young (Allocation Failure)
[1.037s][info][gc,heap        ] GC(39) PSYoungGen: 19892K(39424K)->11840K(41472K) Eden: 7680K(7680K)->0K(7680K) From: 12212K(31744K)->11840K(33792K)
[1.037s][info][gc,heap        ] GC(39) ParOldGen: 143839K(175616K)->152119K(175616K)
[1.037s][info][gc,metaspace   ] GC(39) Metaspace: 6299K(6464K)->6299K(6464K) NonClass: 5766K(5824K)->5766K(5824K) Class: 533K(640K)->533K(640K)
[1.037s][info][gc             ] GC(39) Pause Young (Allocation Failure) 159M->160M(212M) 18.116ms
[1.037s][info][gc,cpu         ] GC(39) User=0.03s Sys=0.00s Real=0.02s
[1.044s][info][gc,start       ] GC(40) Pause Young (Allocation Failure)
[1.054s][info][gc,heap        ] GC(40) PSYoungGen: 19520K(41472K)->15392K(38400K) Eden: 7680K(7680K)->0K(9216K) From: 11840K(33792K)->15392K(29184K)
[1.054s][info][gc,heap        ] GC(40) ParOldGen: 152119K(175616K)->156263K(175616K)
[1.054s][info][gc,metaspace   ] GC(40) Metaspace: 6299K(6464K)->6299K(6464K) NonClass: 5766K(5824K)->5766K(5824K) Class: 533K(640K)->533K(640K)
[1.054s][info][gc             ] GC(40) Pause Young (Allocation Failure) 167M->167M(209M) 10.159ms
[1.054s][info][gc,cpu         ] GC(40) User=0.02s Sys=0.00s Real=0.01s
[1.099s][info][gc,start       ] GC(41) Pause Full (Ergonomics)
[1.099s][info][gc,phases,start] GC(41) Marking Phase
[1.146s][info][gc,phases      ] GC(41) Marking Phase 47.415ms
[1.146s][info][gc,phases,start] GC(41) Summary Phase
[1.146s][info][gc,phases      ] GC(41) Summary Phase 0.018ms
[1.146s][info][gc,phases,start] GC(41) Adjust Roots
[1.147s][info][gc,phases      ] GC(41) Adjust Roots 0.149ms
[1.147s][info][gc,phases,start] GC(41) Compaction Phase
[1.183s][info][gc,phases      ] GC(41) Compaction Phase 35.865ms
[1.183s][info][gc,phases,start] GC(41) Post Compact
[1.183s][info][gc,phases      ] GC(41) Post Compact 0.826ms
[1.184s][info][gc,heap        ] GC(41) PSYoungGen: 24608K(38400K)->9170K(39936K) Eden: 9216K(9216K)->0K(10752K) From: 15392K(29184K)->9170K(29184K)
[1.184s][info][gc,heap        ] GC(41) ParOldGen: 164455K(175616K)->175460K(208384K)
[1.184s][info][gc,metaspace   ] GC(41) Metaspace: 6299K(6464K)->6299K(6464K) NonClass: 5766K(5824K)->5766K(5824K) Class: 533K(640K)->533K(640K)
[1.184s][info][gc             ] GC(41) Pause Full (Ergonomics) 184M->180M(242M) 84.788ms
[1.184s][info][gc,cpu         ] GC(41) User=0.28s Sys=0.00s Real=0.09s
[1.195s][info][gc,start       ] GC(42) Pause Young (Allocation Failure)
[1.215s][info][gc,heap        ] GC(42) PSYoungGen: 19922K(39936K)->15296K(41472K) Eden: 10752K(10752K)->0K(10752K) From: 9170K(29184K)->15296K(30720K)
[1.215s][info][gc,heap        ] GC(42) ParOldGen: 175460K(208384K)->180260K(208384K)
[1.215s][info][gc,metaspace   ] GC(42) Metaspace: 6299K(6464K)->6299K(6464K) NonClass: 5766K(5824K)->5766K(5824K) Class: 533K(640K)->533K(640K)
[1.215s][info][gc             ] GC(42) Pause Young (Allocation Failure) 190M->190M(244M) 20.027ms
[1.215s][info][gc,cpu         ] GC(42) User=0.06s Sys=0.02s Real=0.02s
[1.225s][info][gc,start       ] GC(43) Pause Young (Allocation Failure)
[1.238s][info][gc,heap        ] GC(43) PSYoungGen: 26048K(41472K)->26080K(39936K) Eden: 10752K(10752K)->0K(10240K) From: 15296K(30720K)->26080K(29696K)
[1.239s][info][gc,heap        ] GC(43) ParOldGen: 180260K(208384K)->180260K(208384K)
[1.239s][info][gc,metaspace   ] GC(43) Metaspace: 6299K(6464K)->6299K(6464K) NonClass: 5766K(5824K)->5766K(5824K) Class: 533K(640K)->533K(640K)
[1.239s][info][gc             ] GC(43) Pause Young (Allocation Failure) 201M->201M(242M) 13.633ms
[1.239s][info][gc,cpu         ] GC(43) User=0.00s Sys=0.00s Real=0.01s
[1.249s][info][gc,start       ] GC(44) Pause Young (Allocation Failure)
[1.266s][info][gc,heap        ] GC(44) PSYoungGen: 36320K(39936K)->31808K(42496K) Eden: 10240K(10240K)->0K(10240K) From: 26080K(29696K)->31808K(32256K)
[1.266s][info][gc,heap        ] GC(44) ParOldGen: 180260K(208384K)->184804K(208384K)
[1.266s][info][gc,metaspace   ] GC(44) Metaspace: 6299K(6464K)->6299K(6464K) NonClass: 5766K(5824K)->5766K(5824K) Class: 533K(640K)->533K(640K)
[1.266s][info][gc             ] GC(44) Pause Young (Allocation Failure) 211M->211M(245M) 16.673ms
[1.266s][info][gc,cpu         ] GC(44) User=0.08s Sys=0.00s Real=0.02s
[1.276s][info][gc,start       ] GC(45) Pause Young (Allocation Failure)
[1.296s][info][gc,heap        ] GC(45) PSYoungGen: 42048K(42496K)->31328K(46080K) Eden: 10240K(10240K)->0K(9216K) From: 31808K(32256K)->31328K(36864K)
[1.297s][info][gc,heap        ] GC(45) ParOldGen: 184804K(208384K)->195700K(208384K)
[1.297s][info][gc,metaspace   ] GC(45) Metaspace: 6299K(6464K)->6299K(6464K) NonClass: 5766K(5824K)->5766K(5824K) Class: 533K(640K)->533K(640K)
[1.297s][info][gc             ] GC(45) Pause Young (Allocation Failure) 221M->221M(248M) 20.175ms
[1.297s][info][gc,cpu         ] GC(45) User=0.06s Sys=0.00s Real=0.02s
[1.297s][info][gc,start       ] GC(46) Pause Full (Ergonomics)
[1.297s][info][gc,phases,start] GC(46) Marking Phase
[1.349s][info][gc,phases      ] GC(46) Marking Phase 52.341ms
[1.349s][info][gc,phases,start] GC(46) Summary Phase
[1.349s][info][gc,phases      ] GC(46) Summary Phase 0.018ms
[1.349s][info][gc,phases,start] GC(46) Adjust Roots
[1.349s][info][gc,phases      ] GC(46) Adjust Roots 0.150ms
[1.349s][info][gc,phases,start] GC(46) Compaction Phase
[1.378s][info][gc,phases      ] GC(46) Compaction Phase 28.747ms
[1.378s][info][gc,phases,start] GC(46) Post Compact
[1.379s][info][gc,phases      ] GC(46) Post Compact 1.009ms
[1.379s][info][gc,heap        ] GC(46) PSYoungGen: 31328K(46080K)->18367K(46080K) Eden: 0K(9216K)->0K(9216K) From: 31328K(36864K)->18367K(36864K)
[1.379s][info][gc,heap        ] GC(46) ParOldGen: 195700K(208384K)->208128K(242688K)
[1.379s][info][gc,metaspace   ] GC(46) Metaspace: 6299K(6464K)->6299K(6464K) NonClass: 5766K(5824K)->5766K(5824K) Class: 533K(640K)->533K(640K)
[1.380s][info][gc             ] GC(46) Pause Full (Ergonomics) 221M->221M(282M) 82.860ms
[1.380s][info][gc,cpu         ] GC(46) User=0.27s Sys=0.02s Real=0.08s
[1.390s][info][gc,start       ] GC(47) Pause Young (Allocation Failure)
[1.413s][info][gc,heap        ] GC(47) PSYoungGen: 27583K(46080K)->15360K(49152K) Eden: 9216K(9216K)->0K(9216K) From: 18367K(36864K)->15360K(39936K)
[1.413s][info][gc,heap        ] GC(47) ParOldGen: 208128K(242688K)->220624K(242688K)
[1.413s][info][gc,metaspace   ] GC(47) Metaspace: 6299K(6464K)->6299K(6464K) NonClass: 5766K(5824K)->5766K(5824K) Class: 533K(640K)->533K(640K)
[1.413s][info][gc             ] GC(47) Pause Young (Allocation Failure) 230M->230M(285M) 22.808ms
[1.413s][info][gc,cpu         ] GC(47) User=0.09s Sys=0.02s Real=0.02s
[1.423s][info][gc,start       ] GC(48) Pause Young (Allocation Failure)
[1.435s][info][gc,heap        ] GC(48) PSYoungGen: 24576K(49152K)->18528K(45056K) Eden: 9216K(9216K)->0K(10752K) From: 15360K(39936K)->18528K(34304K)
[1.435s][info][gc,heap        ] GC(48) ParOldGen: 220624K(242688K)->226800K(242688K)
[1.435s][info][gc,metaspace   ] GC(48) Metaspace: 6299K(6464K)->6299K(6464K) NonClass: 5766K(5824K)->5766K(5824K) Class: 533K(640K)->533K(640K)
[1.435s][info][gc             ] GC(48) Pause Young (Allocation Failure) 239M->239M(281M) 12.623ms
[1.435s][info][gc,cpu         ] GC(48) User=0.02s Sys=0.00s Real=0.01s
[1.447s][info][gc,start       ] GC(49) Pause Young (Allocation Failure)
[1.461s][info][gc,heap        ] GC(49) PSYoungGen: 29280K(45056K)->20064K(47104K) Eden: 10752K(10752K)->0K(10752K) From: 18528K(34304K)->20064K(36352K)
[1.461s][info][gc,heap        ] GC(49) ParOldGen: 226800K(242688K)->236144K(242688K)
[1.461s][info][gc,metaspace   ] GC(49) Metaspace: 6299K(6464K)->6299K(6464K) NonClass: 5766K(5824K)->5766K(5824K) Class: 533K(640K)->533K(640K)
[1.461s][info][gc             ] GC(49) Pause Young (Allocation Failure) 250M->250M(283M) 14.205ms
[1.461s][info][gc,cpu         ] GC(49) User=0.02s Sys=0.00s Real=0.01s
[1.461s][info][gc,start       ] GC(50) Pause Full (Ergonomics)
[1.461s][info][gc,phases,start] GC(50) Marking Phase
[1.523s][info][gc,phases      ] GC(50) Marking Phase 61.862ms
[1.523s][info][gc,phases,start] GC(50) Summary Phase
[1.523s][info][gc,phases      ] GC(50) Summary Phase 0.017ms
[1.523s][info][gc,phases,start] GC(50) Adjust Roots
[1.523s][info][gc,phases      ] GC(50) Adjust Roots 0.148ms
[1.523s][info][gc,phases,start] GC(50) Compaction Phase
[1.552s][info][gc,phases      ] GC(50) Compaction Phase 28.759ms
[1.552s][info][gc,phases,start] GC(50) Post Compact
[1.553s][info][gc,phases      ] GC(50) Post Compact 1.347ms
[1.554s][info][gc,heap        ] GC(50) PSYoungGen: 20064K(47104K)->13264K(47104K) Eden: 0K(10752K)->0K(10752K) From: 20064K(36352K)->13264K(36352K)
[1.554s][info][gc,heap        ] GC(50) ParOldGen: 236144K(242688K)->242322K(281088K)
[1.554s][info][gc,metaspace   ] GC(50) Metaspace: 6299K(6464K)->6299K(6464K) NonClass: 5766K(5824K)->5766K(5824K) Class: 533K(640K)->533K(640K)
[1.554s][info][gc             ] GC(50) Pause Full (Ergonomics) 250M->249M(320M) 92.663ms
[1.554s][info][gc,cpu         ] GC(50) User=0.34s Sys=0.00s Real=0.09s
[1.566s][info][gc,start       ] GC(51) Pause Young (Allocation Failure)
[1.590s][info][gc,heap        ] GC(51) PSYoungGen: 24016K(47104K)->18144K(44032K) Eden: 10752K(10752K)->0K(12288K) From: 13264K(36352K)->18144K(31744K)
[1.590s][info][gc,heap        ] GC(51) ParOldGen: 242322K(281088K)->248450K(281088K)
[1.590s][info][gc,metaspace   ] GC(51) Metaspace: 6299K(6464K)->6299K(6464K) NonClass: 5766K(5824K)->5766K(5824K) Class: 533K(640K)->533K(640K)
[1.590s][info][gc             ] GC(51) Pause Young (Allocation Failure) 260M->260M(317M) 23.475ms
[1.590s][info][gc,cpu         ] GC(51) User=0.11s Sys=0.02s Real=0.02s
[1.604s][info][gc,start       ] GC(52) Pause Young (Allocation Failure)
[1.620s][info][gc,heap        ] GC(52) PSYoungGen: 30432K(44032K)->30368K(46080K) Eden: 12288K(12288K)->0K(12288K) From: 18144K(31744K)->30368K(33792K)
[1.620s][info][gc,heap        ] GC(52) ParOldGen: 248450K(281088K)->248450K(281088K)
[1.620s][info][gc,metaspace   ] GC(52) Metaspace: 6299K(6464K)->6299K(6464K) NonClass: 5766K(5824K)->5766K(5824K) Class: 533K(640K)->533K(640K)
[1.620s][info][gc             ] GC(52) Pause Young (Allocation Failure) 272M->272M(319M) 15.693ms
[1.620s][info][gc,cpu         ] GC(52) User=0.02s Sys=0.00s Real=0.01s
[1.634s][info][gc,start       ] GC(53) Pause Young (Allocation Failure)
[1.654s][info][gc,heap        ] GC(53) PSYoungGen: 42656K(46080K)->35360K(46592K) Eden: 12288K(12288K)->0K(9728K) From: 30368K(33792K)->35360K(36864K)
[1.654s][info][gc,heap        ] GC(53) ParOldGen: 248450K(281088K)->255834K(281088K)
[1.654s][info][gc,metaspace   ] GC(53) Metaspace: 6299K(6464K)->6299K(6464K) NonClass: 5766K(5824K)->5766K(5824K) Class: 533K(640K)->533K(640K)
[1.654s][info][gc             ] GC(53) Pause Young (Allocation Failure) 284M->284M(320M) 20.433ms
[1.654s][info][gc,cpu         ] GC(53) User=0.11s Sys=0.00s Real=0.02s
[1.665s][info][gc,start       ] GC(54) Pause Young (Allocation Failure)
[1.686s][info][gc,heap        ] GC(54) PSYoungGen: 45088K(46592K)->34432K(50688K) Eden: 9728K(9728K)->0K(9728K) From: 35360K(36864K)->34432K(40960K)
[1.686s][info][gc,heap        ] GC(54) ParOldGen: 255834K(281088K)->266746K(281088K)
[1.686s][info][gc,metaspace   ] GC(54) Metaspace: 6299K(6464K)->6299K(6464K) NonClass: 5766K(5824K)->5766K(5824K) Class: 533K(640K)->533K(640K)
[1.686s][info][gc             ] GC(54) Pause Young (Allocation Failure) 293M->294M(324M) 21.129ms
[1.686s][info][gc,cpu         ] GC(54) User=0.08s Sys=0.00s Real=0.02s
[1.698s][info][gc,start       ] GC(55) Pause Young (Allocation Failure)
[1.719s][info][gc,heap        ] GC(55) PSYoungGen: 44160K(50688K)->19552K(51712K) Eden: 9728K(9728K)->0K(11264K) From: 34432K(40960K)->19552K(40448K)
[1.719s][info][gc,heap        ] GC(55) ParOldGen: 266746K(281088K)->291650K(291840K)
[1.719s][info][gc,metaspace   ] GC(55) Metaspace: 6299K(6464K)->6299K(6464K) NonClass: 5766K(5824K)->5766K(5824K) Class: 533K(640K)->533K(640K)
[1.719s][info][gc             ] GC(55) Pause Young (Allocation Failure) 303M->303M(335M) 21.561ms
[1.719s][info][gc,cpu         ] GC(55) User=0.02s Sys=0.00s Real=0.02s
[1.720s][info][gc,start       ] GC(56) Pause Full (Ergonomics)
[1.720s][info][gc,phases,start] GC(56) Marking Phase
[1.788s][info][gc,phases      ] GC(56) Marking Phase 68.096ms
[1.788s][info][gc,phases,start] GC(56) Summary Phase
[1.788s][info][gc,phases      ] GC(56) Summary Phase 0.018ms
[1.788s][info][gc,phases,start] GC(56) Adjust Roots
[1.788s][info][gc,phases      ] GC(56) Adjust Roots 0.161ms
[1.788s][info][gc,phases,start] GC(56) Compaction Phase
[1.825s][info][gc,phases      ] GC(56) Compaction Phase 37.148ms
[1.825s][info][gc,phases,start] GC(56) Post Compact
[1.827s][info][gc,phases      ] GC(56) Post Compact 1.619ms
[1.827s][info][gc,heap        ] GC(56) PSYoungGen: 19552K(51712K)->18886K(53248K) Eden: 0K(11264K)->0K(12800K) From: 19552K(40448K)->18886K(40448K)
[1.827s][info][gc,heap        ] GC(56) ParOldGen: 291650K(291840K)->291330K(337920K)
[1.827s][info][gc,metaspace   ] GC(56) Metaspace: 6299K(6464K)->6299K(6464K) NonClass: 5766K(5824K)->5766K(5824K) Class: 533K(640K)->533K(640K)
[1.827s][info][gc             ] GC(56) Pause Full (Ergonomics) 303M->302M(382M) 107.592ms
[1.827s][info][gc,cpu         ] GC(56) User=0.67s Sys=0.00s Real=0.11s
[1.842s][info][gc,start       ] GC(57) Pause Young (Allocation Failure)
[1.869s][info][gc,heap        ] GC(57) PSYoungGen: 31686K(53248K)->12928K(54784K) Eden: 12800K(12800K)->0K(12800K) From: 18886K(40448K)->12928K(41984K)
[1.869s][info][gc,heap        ] GC(57) ParOldGen: 291330K(337920K)->310522K(337920K)
[1.869s][info][gc,metaspace   ] GC(57) Metaspace: 6299K(6464K)->6299K(6464K) NonClass: 5766K(5824K)->5766K(5824K) Class: 533K(640K)->533K(640K)
[1.869s][info][gc             ] GC(57) Pause Young (Allocation Failure) 315M->315M(383M) 27.066ms
[1.869s][info][gc,cpu         ] GC(57) User=0.11s Sys=0.02s Real=0.03s
[1.884s][info][gc,start       ] GC(58) Pause Young (Allocation Failure)
[1.898s][info][gc,heap        ] GC(58) PSYoungGen: 25728K(54784K)->12896K(54784K) Eden: 12800K(12800K)->0K(14848K) From: 12928K(41984K)->12896K(39936K)
[1.898s][info][gc,heap        ] GC(58) ParOldGen: 310522K(337920K)->323522K(337920K)
[1.898s][info][gc,metaspace   ] GC(58) Metaspace: 6299K(6464K)->6299K(6464K) NonClass: 5766K(5824K)->5766K(5824K) Class: 533K(640K)->533K(640K)
[1.898s][info][gc             ] GC(58) Pause Young (Allocation Failure) 328M->328M(383M) 14.150ms
[1.898s][info][gc,cpu         ] GC(58) User=0.02s Sys=0.00s Real=0.01s
[1.898s][info][gc,start       ] GC(59) Pause Full (Ergonomics)
[1.898s][info][gc,phases,start] GC(59) Marking Phase
[1.971s][info][gc,phases      ] GC(59) Marking Phase 72.445ms
[1.971s][info][gc,phases,start] GC(59) Summary Phase
[1.971s][info][gc,phases      ] GC(59) Summary Phase 0.022ms
[1.971s][info][gc,phases,start] GC(59) Adjust Roots
[1.971s][info][gc,phases      ] GC(59) Adjust Roots 0.152ms
[1.971s][info][gc,phases,start] GC(59) Compaction Phase
[2.000s][info][gc,phases      ] GC(59) Compaction Phase 29.283ms
[2.000s][info][gc,phases,start] GC(59) Post Compact
[2.002s][info][gc,phases      ] GC(59) Post Compact 1.683ms
[2.002s][info][gc,heap        ] GC(59) PSYoungGen: 12896K(54784K)->0K(55808K) Eden: 0K(14848K)->0K(14848K) From: 12896K(39936K)->0K(40960K)
[2.002s][info][gc,heap        ] GC(59) ParOldGen: 323522K(337920K)->335755K(388096K)
[2.002s][info][gc,metaspace   ] GC(59) Metaspace: 6299K(6464K)->6299K(6464K) NonClass: 5766K(5824K)->5766K(5824K) Class: 533K(640K)->533K(640K)
[2.002s][info][gc             ] GC(59) Pause Full (Ergonomics) 328M->327M(433M) 104.125ms
[2.002s][info][gc,cpu         ] GC(59) User=0.64s Sys=0.00s Real=0.11s
[2.018s][info][gc,start       ] GC(60) Pause Young (Allocation Failure)
[2.027s][info][gc,heap        ] GC(60) PSYoungGen: 14848K(55808K)->14976K(55808K) Eden: 14848K(14848K)->0K(16896K) From: 0K(40960K)->14976K(38912K)
[2.027s][info][gc,heap        ] GC(60) ParOldGen: 335755K(388096K)->335755K(388096K)
[2.027s][info][gc,metaspace   ] GC(60) Metaspace: 6299K(6464K)->6299K(6464K) NonClass: 5766K(5824K)->5766K(5824K) Class: 533K(640K)->533K(640K)
[2.027s][info][gc             ] GC(60) Pause Young (Allocation Failure) 342M->342M(433M) 9.021ms
[2.027s][info][gc,cpu         ] GC(60) User=0.02s Sys=0.00s Real=0.01s
[2.106s][info][gc,start       ] GC(61) Pause Young (Allocation Failure)
[2.130s][info][gc,heap        ] GC(61) PSYoungGen: 31872K(55808K)->31872K(56832K) Eden: 16896K(16896K)->0K(16896K) From: 14976K(38912K)->31872K(39936K)
[2.130s][info][gc,heap        ] GC(61) ParOldGen: 352139K(388096K)->352139K(388096K)
[2.130s][info][gc,metaspace   ] GC(61) Metaspace: 6299K(6464K)->6299K(6464K) NonClass: 5766K(5824K)->5766K(5824K) Class: 533K(640K)->533K(640K)
[2.130s][info][gc             ] GC(61) Pause Young (Allocation Failure) 375M->375M(434M) 23.976ms
[2.130s][info][gc,cpu         ] GC(61) User=0.03s Sys=0.00s Real=0.03s
[2.147s][info][gc,start       ] GC(62) Pause Young (Allocation Failure)
[2.171s][info][gc,heap        ] GC(62) PSYoungGen: 48768K(56832K)->42496K(53248K) Eden: 16896K(16896K)->0K(10752K) From: 31872K(39936K)->42496K(42496K)
[2.171s][info][gc,heap        ] GC(62) ParOldGen: 352139K(388096K)->358379K(388096K)
[2.171s][info][gc,metaspace   ] GC(62) Metaspace: 6299K(6464K)->6299K(6464K) NonClass: 5766K(5824K)->5766K(5824K) Class: 533K(640K)->533K(640K)
[2.171s][info][gc             ] GC(62) Pause Young (Allocation Failure) 391M->391M(431M) 23.665ms
[2.171s][info][gc,cpu         ] GC(62) User=0.05s Sys=0.02s Real=0.02s
[2.181s][info][gc,start       ] GC(63) Pause Young (Allocation Failure)
[2.206s][info][gc,heap        ] GC(63) PSYoungGen: 53248K(53248K)->25504K(36352K) Eden: 10752K(10752K)->0K(10752K) From: 42496K(42496K)->25504K(25600K)
[2.206s][info][gc,heap        ] GC(63) ParOldGen: 358379K(388096K)->386635K(388096K)
[2.206s][info][gc,metaspace   ] GC(63) Metaspace: 6299K(6464K)->6299K(6464K) NonClass: 5766K(5824K)->5766K(5824K) Class: 533K(640K)->533K(640K)
[2.206s][info][gc             ] GC(63) Pause Young (Allocation Failure) 401M->402M(414M) 24.415ms
[2.206s][info][gc,cpu         ] GC(63) User=0.09s Sys=0.03s Real=0.02s
[2.206s][info][gc,start       ] GC(64) Pause Full (Ergonomics)
[2.206s][info][gc,phases,start] GC(64) Marking Phase
[2.290s][info][gc,phases      ] GC(64) Marking Phase 84.517ms
[2.290s][info][gc,phases,start] GC(64) Summary Phase
[2.291s][info][gc,phases      ] GC(64) Summary Phase 0.019ms
[2.291s][info][gc,phases,start] GC(64) Adjust Roots
[2.291s][info][gc,phases      ] GC(64) Adjust Roots 0.177ms
[2.291s][info][gc,phases,start] GC(64) Compaction Phase
[2.361s][info][gc,phases      ] GC(64) Compaction Phase 70.740ms
[2.362s][info][gc,phases,start] GC(64) Post Compact
[2.364s][info][gc,phases      ] GC(64) Post Compact 2.101ms
[2.364s][info][gc,heap        ] GC(64) PSYoungGen: 25504K(36352K)->15572K(36352K) Eden: 0K(10752K)->0K(10752K) From: 25504K(25600K)->15572K(25600K)
[2.364s][info][gc,heap        ] GC(64) ParOldGen: 386635K(388096K)->387636K(446976K)
[2.364s][info][gc,metaspace   ] GC(64) Metaspace: 6299K(6464K)->6299K(6464K) NonClass: 5766K(5824K)->5766K(5824K) Class: 533K(640K)->533K(640K)
[2.364s][info][gc             ] GC(64) Pause Full (Ergonomics) 402M->393M(472M) 158.104ms
[2.364s][info][gc,cpu         ] GC(64) User=1.02s Sys=0.00s Real=0.16s
[2.378s][info][gc,start       ] GC(65) Pause Young (Allocation Failure)
[2.406s][info][gc,heap        ] GC(65) PSYoungGen: 26324K(36352K)->18272K(57856K) Eden: 10752K(10752K)->0K(12288K) From: 15572K(25600K)->18272K(45568K)
[2.406s][info][gc,heap        ] GC(65) ParOldGen: 387636K(446976K)->396004K(446976K)
[2.406s][info][gc,metaspace   ] GC(65) Metaspace: 6299K(6464K)->6299K(6464K) NonClass: 5766K(5824K)->5766K(5824K) Class: 533K(640K)->533K(640K)
[2.406s][info][gc             ] GC(65) Pause Young (Allocation Failure) 404M->404M(493M) 28.606ms
[2.406s][info][gc,cpu         ] GC(65) User=0.14s Sys=0.00s Real=0.03s
[2.419s][info][gc,start       ] GC(66) Pause Young (Allocation Failure)
[2.434s][info][gc,heap        ] GC(66) PSYoungGen: 30560K(57856K)->30464K(59392K) Eden: 12288K(12288K)->0K(12288K) From: 18272K(45568K)->30464K(47104K)
[2.434s][info][gc,heap        ] GC(66) ParOldGen: 396004K(446976K)->396004K(446976K)
[2.434s][info][gc,metaspace   ] GC(66) Metaspace: 6299K(6464K)->6299K(6464K) NonClass: 5766K(5824K)->5766K(5824K) Class: 533K(640K)->533K(640K)
[2.434s][info][gc             ] GC(66) Pause Young (Allocation Failure) 416M->416M(494M) 15.120ms
[2.434s][info][gc,cpu         ] GC(66) User=0.02s Sys=0.00s Real=0.02s
[2.448s][info][gc,start       ] GC(67) Pause Young (Allocation Failure)
[2.468s][info][gc,heap        ] GC(67) PSYoungGen: 42752K(59392K)->42816K(56320K) Eden: 12288K(12288K)->0K(9216K) From: 30464K(47104K)->42816K(47104K)
[2.468s][info][gc,heap        ] GC(67) ParOldGen: 396004K(446976K)->396004K(446976K)
[2.468s][info][gc,metaspace   ] GC(67) Metaspace: 6299K(6464K)->6299K(6464K) NonClass: 5766K(5824K)->5766K(5824K) Class: 533K(640K)->533K(640K)
[2.468s][info][gc             ] GC(67) Pause Young (Allocation Failure) 428M->428M(491M) 20.034ms
[2.468s][info][gc,cpu         ] GC(67) User=0.12s Sys=0.00s Real=0.02s
[2.477s][info][gc,start       ] GC(68) Pause Young (Allocation Failure)
[2.500s][info][gc,heap        ] GC(68) PSYoungGen: 52032K(56320K)->44608K(60928K) Eden: 9216K(9216K)->0K(9216K) From: 42816K(47104K)->44608K(51712K)
[2.500s][info][gc,heap        ] GC(68) ParOldGen: 396004K(446976K)->403484K(446976K)
[2.500s][info][gc,metaspace   ] GC(68) Metaspace: 6299K(6464K)->6299K(6464K) NonClass: 5766K(5824K)->5766K(5824K) Class: 533K(640K)->533K(640K)
[2.500s][info][gc             ] GC(68) Pause Young (Allocation Failure) 437M->437M(496M) 23.188ms
[2.500s][info][gc,cpu         ] GC(68) User=0.11s Sys=0.02s Real=0.02s
[2.510s][info][gc,start       ] GC(69) Pause Young (Allocation Failure)
[2.535s][info][gc,heap        ] GC(69) PSYoungGen: 53824K(60928K)->30816K(64000K) Eden: 9216K(9216K)->0K(10752K) From: 44608K(51712K)->30816K(53248K)
[2.535s][info][gc,heap        ] GC(69) ParOldGen: 403484K(446976K)->426812K(446976K)
[2.535s][info][gc,metaspace   ] GC(69) Metaspace: 6299K(6464K)->6299K(6464K) NonClass: 5766K(5824K)->5766K(5824K) Class: 533K(640K)->533K(640K)
[2.535s][info][gc             ] GC(69) Pause Young (Allocation Failure) 446M->446M(499M) 24.912ms
[2.535s][info][gc,cpu         ] GC(69) User=0.05s Sys=0.08s Real=0.02s
[2.535s][info][gc,start       ] GC(70) Pause Full (Ergonomics)
[2.535s][info][gc,phases,start] GC(70) Marking Phase
[2.637s][info][gc,phases      ] GC(70) Marking Phase 101.575ms
[2.637s][info][gc,phases,start] GC(70) Summary Phase
[2.637s][info][gc,phases      ] GC(70) Summary Phase 0.020ms
[2.637s][info][gc,phases,start] GC(70) Adjust Roots
[2.637s][info][gc,phases      ] GC(70) Adjust Roots 0.149ms
[2.637s][info][gc,phases,start] GC(70) Compaction Phase
[2.687s][info][gc,phases      ] GC(70) Compaction Phase 50.091ms
[2.687s][info][gc,phases,start] GC(70) Post Compact
[2.689s][info][gc,phases      ] GC(70) Post Compact 2.205ms
[2.690s][info][gc,heap        ] GC(70) PSYoungGen: 30816K(64000K)->10188K(65536K) Eden: 0K(10752K)->0K(12288K) From: 30816K(53248K)->10188K(53248K)
[2.690s][info][gc,heap        ] GC(70) ParOldGen: 426812K(446976K)->446627K(509440K)
[2.690s][info][gc,metaspace   ] GC(70) Metaspace: 6299K(6464K)->6299K(6464K) NonClass: 5766K(5824K)->5766K(5824K) Class: 533K(640K)->533K(640K)
[2.690s][info][gc             ] GC(70) Pause Full (Ergonomics) 446M->446M(561M) 154.613ms
[2.690s][info][gc,cpu         ] GC(70) User=1.12s Sys=0.02s Real=0.15s
[2.704s][info][gc,start       ] GC(71) Pause Young (Allocation Failure)
[2.733s][info][gc,heap        ] GC(71) PSYoungGen: 22476K(65536K)->15072K(67072K) Eden: 12288K(12288K)->0K(12288K) From: 10188K(53248K)->15072K(54784K)
[2.733s][info][gc,heap        ] GC(71) ParOldGen: 446627K(509440K)->454283K(509440K)
[2.733s][info][gc,metaspace   ] GC(71) Metaspace: 6299K(6464K)->6299K(6464K) NonClass: 5766K(5824K)->5766K(5824K) Class: 533K(640K)->533K(640K)
[2.733s][info][gc             ] GC(71) Pause Young (Allocation Failure) 458M->458M(563M) 29.598ms
[2.733s][info][gc,cpu         ] GC(71) User=0.14s Sys=0.00s Real=0.03s
[2.746s][info][gc,start       ] GC(72) Pause Young (Allocation Failure)
[2.761s][info][gc,heap        ] GC(72) PSYoungGen: 27360K(67072K)->24704K(64000K) Eden: 12288K(12288K)->0K(14336K) From: 15072K(54784K)->24704K(49664K)
[2.761s][info][gc,heap        ] GC(72) ParOldGen: 454283K(509440K)->457011K(509440K)
[2.761s][info][gc,metaspace   ] GC(72) Metaspace: 6299K(6464K)->6299K(6464K) NonClass: 5766K(5824K)->5766K(5824K) Class: 533K(640K)->533K(640K)
[2.761s][info][gc             ] GC(72) Pause Young (Allocation Failure) 470M->470M(560M) 14.806ms
[2.761s][info][gc,cpu         ] GC(72) User=0.02s Sys=0.00s Real=0.01s
[2.778s][info][gc,start       ] GC(73) Pause Young (Allocation Failure)
[2.797s][info][gc,heap        ] GC(73) PSYoungGen: 39040K(64000K)->26784K(41472K) Eden: 14336K(14336K)->0K(14336K) From: 24704K(49664K)->26784K(27136K)
[2.798s][info][gc,heap        ] GC(73) ParOldGen: 457011K(509440K)->469467K(509440K)
[2.798s][info][gc,metaspace   ] GC(73) Metaspace: 6299K(6464K)->6299K(6464K) NonClass: 5766K(5824K)->5766K(5824K) Class: 533K(640K)->533K(640K)
[2.798s][info][gc             ] GC(73) Pause Young (Allocation Failure) 484M->484M(538M) 19.881ms
[2.798s][info][gc,cpu         ] GC(73) User=0.08s Sys=0.05s Real=0.02s
[2.813s][info][gc,start       ] GC(74) Pause Young (Allocation Failure)
[2.833s][info][gc,heap        ] GC(74) PSYoungGen: 41120K(41472K)->28768K(63488K) Eden: 14336K(14336K)->0K(16384K) From: 26784K(27136K)->28768K(47104K)
[2.833s][info][gc,heap        ] GC(74) ParOldGen: 469467K(509440K)->481923K(509440K)
[2.833s][info][gc,metaspace   ] GC(74) Metaspace: 6299K(6464K)->6299K(6464K) NonClass: 5766K(5824K)->5766K(5824K) Class: 533K(640K)->533K(640K)
[2.833s][info][gc             ] GC(74) Pause Young (Allocation Failure) 498M->498M(559M) 20.783ms
[2.833s][info][gc,cpu         ] GC(74) User=0.08s Sys=0.05s Real=0.02s
[2.851s][info][gc,start       ] GC(75) Pause Young (Allocation Failure)
[2.873s][info][gc,heap        ] GC(75) PSYoungGen: 45152K(63488K)->30848K(64512K) Eden: 16384K(16384K)->0K(16384K) From: 28768K(47104K)->30848K(48128K)
[2.873s][info][gc,heap        ] GC(75) ParOldGen: 481923K(509440K)->496459K(509440K)
[2.873s][info][gc,metaspace   ] GC(75) Metaspace: 6299K(6464K)->6299K(6464K) NonClass: 5766K(5824K)->5766K(5824K) Class: 533K(640K)->533K(640K)
[2.873s][info][gc             ] GC(75) Pause Young (Allocation Failure) 514M->514M(560M) 22.486ms
[2.873s][info][gc,cpu         ] GC(75) User=0.11s Sys=0.02s Real=0.02s
[2.873s][info][gc,start       ] GC(76) Pause Full (Ergonomics)
[2.873s][info][gc,phases,start] GC(76) Marking Phase
[2.994s][info][gc,phases      ] GC(76) Marking Phase 120.349ms
[2.994s][info][gc,phases,start] GC(76) Summary Phase
[2.994s][info][gc,phases      ] GC(76) Summary Phase 0.020ms
[2.994s][info][gc,phases,start] GC(76) Adjust Roots
[2.994s][info][gc,phases      ] GC(76) Adjust Roots 0.153ms
[2.994s][info][gc,phases,start] GC(76) Compaction Phase
[3.049s][info][gc,phases      ] GC(76) Compaction Phase 54.886ms
[3.049s][info][gc,phases,start] GC(76) Post Compact
[3.052s][info][gc,phases      ] GC(76) Post Compact 2.627ms
[3.052s][info][gc,heap        ] GC(76) PSYoungGen: 30848K(64512K)->16856K(64512K) Eden: 0K(16384K)->0K(16384K) From: 30848K(48128K)->16856K(48128K)
[3.052s][info][gc,heap        ] GC(76) ParOldGen: 496459K(509440K)->509430K(574464K)
[3.052s][info][gc,metaspace   ] GC(76) Metaspace: 6299K(6464K)->6299K(6464K) NonClass: 5766K(5824K)->5766K(5824K) Class: 533K(640K)->533K(640K)
[3.052s][info][gc             ] GC(76) Pause Full (Ergonomics) 514M->513M(624M) 178.672ms
[3.052s][info][gc,cpu         ] GC(76) User=1.16s Sys=0.02s Real=0.18s
[3.071s][info][gc,start       ] GC(77) Pause Young (Allocation Failure)
[3.108s][info][gc,heap        ] GC(77) PSYoungGen: 33240K(64512K)->16544K(65536K) Eden: 16384K(16384K)->0K(18432K) From: 16856K(48128K)->16544K(47104K)
[3.108s][info][gc,heap        ] GC(77) ParOldGen: 509430K(574464K)->526518K(574464K)
[3.108s][info][gc,metaspace   ] GC(77) Metaspace: 6299K(6464K)->6299K(6464K) NonClass: 5766K(5824K)->5766K(5824K) Class: 533K(640K)->533K(640K)
[3.108s][info][gc             ] GC(77) Pause Young (Allocation Failure) 529M->530M(625M) 37.275ms
[3.108s][info][gc,cpu         ] GC(77) User=0.23s Sys=0.00s Real=0.04s
[3.130s][info][gc,start       ] GC(78) Pause Young (Allocation Failure)
[3.148s][info][gc,heap        ] GC(78) PSYoungGen: 34976K(65536K)->34912K(65536K) Eden: 18432K(18432K)->0K(18432K) From: 16544K(47104K)->34912K(47104K)
[3.148s][info][gc,heap        ] GC(78) ParOldGen: 526518K(574464K)->526518K(574464K)
[3.148s][info][gc,metaspace   ] GC(78) Metaspace: 6299K(6464K)->6299K(6464K) NonClass: 5766K(5824K)->5766K(5824K) Class: 533K(640K)->533K(640K)
[3.148s][info][gc             ] GC(78) Pause Young (Allocation Failure) 548M->548M(625M) 18.870ms
[3.148s][info][gc,cpu         ] GC(78) User=0.14s Sys=0.00s Real=0.02s
[3.169s][info][gc,start       ] GC(79) Pause Young (Allocation Failure)
[3.196s][info][gc,heap        ] GC(79) PSYoungGen: 53344K(65536K)->37024K(67072K) Eden: 18432K(18432K)->0K(18944K) From: 34912K(47104K)->37024K(48128K)
[3.196s][info][gc,heap        ] GC(79) ParOldGen: 526518K(574464K)->543142K(574464K)
[3.196s][info][gc,metaspace   ] GC(79) Metaspace: 6299K(6464K)->6299K(6464K) NonClass: 5766K(5824K)->5766K(5824K) Class: 533K(640K)->533K(640K)
[3.196s][info][gc             ] GC(79) Pause Young (Allocation Failure) 566M->566M(626M) 26.922ms
[3.196s][info][gc,cpu         ] GC(79) User=0.14s Sys=0.00s Real=0.03s
[3.218s][info][gc,start       ] GC(80) Pause Young (Allocation Failure)
[3.246s][info][gc,heap        ] GC(80) PSYoungGen: 55968K(67072K)->37536K(68608K) Eden: 18944K(18944K)->0K(18944K) From: 37024K(48128K)->37536K(49664K)
[3.246s][info][gc,heap        ] GC(80) ParOldGen: 543142K(574464K)->561830K(574464K)
[3.246s][info][gc,metaspace   ] GC(80) Metaspace: 6299K(6464K)->6299K(6464K) NonClass: 5766K(5824K)->5766K(5824K) Class: 533K(640K)->533K(640K)
[3.246s][info][gc             ] GC(80) Pause Young (Allocation Failure) 585M->585M(628M) 27.886ms
[3.246s][info][gc,cpu         ] GC(80) User=0.12s Sys=0.00s Real=0.03s
[3.246s][info][gc,start       ] GC(81) Pause Full (Ergonomics)
[3.246s][info][gc,phases,start] GC(81) Marking Phase
[3.372s][info][gc,phases      ] GC(81) Marking Phase 126.099ms
[3.372s][info][gc,phases,start] GC(81) Summary Phase
[3.372s][info][gc,phases      ] GC(81) Summary Phase 0.021ms
[3.372s][info][gc,phases,start] GC(81) Adjust Roots
[3.372s][info][gc,phases      ] GC(81) Adjust Roots 0.152ms
[3.372s][info][gc,phases,start] GC(81) Compaction Phase
[3.429s][info][gc,phases      ] GC(81) Compaction Phase 56.851ms
[3.429s][info][gc,phases,start] GC(81) Post Compact
[3.430s][info][gc,phases      ] GC(81) Post Compact 0.975ms
[3.430s][info][gc,heap        ] GC(81) PSYoungGen: 37536K(68608K)->24030K(68608K) Eden: 0K(18944K)->0K(18944K) From: 37536K(49664K)->24030K(49664K)
[3.430s][info][gc,heap        ] GC(81) ParOldGen: 561830K(574464K)->574331K(646656K)
[3.431s][info][gc,metaspace   ] GC(81) Metaspace: 6299K(6464K)->6299K(6464K) NonClass: 5766K(5824K)->5766K(5824K) Class: 533K(640K)->533K(640K)
[3.431s][info][gc             ] GC(81) Pause Full (Ergonomics) 585M->584M(698M) 184.604ms
[3.431s][info][gc,cpu         ] GC(81) User=1.20s Sys=0.00s Real=0.18s
[3.453s][info][gc,start       ] GC(82) Pause Young (Allocation Failure)
[3.497s][info][gc,heap        ] GC(82) PSYoungGen: 42974K(68608K)->31808K(69632K) Eden: 18944K(18944K)->0K(20992K) From: 24030K(49664K)->31808K(48640K)
[3.497s][info][gc,heap        ] GC(82) ParOldGen: 574331K(646656K)->585851K(646656K)
[3.497s][info][gc,metaspace   ] GC(82) Metaspace: 6299K(6464K)->6299K(6464K) NonClass: 5766K(5824K)->5766K(5824K) Class: 533K(640K)->533K(640K)
[3.497s][info][gc             ] GC(82) Pause Young (Allocation Failure) 602M->603M(699M) 44.131ms
[3.497s][info][gc,cpu         ] GC(82) User=0.25s Sys=0.00s Real=0.04s
[3.523s][info][gc,start       ] GC(83) Pause Young (Allocation Failure)
[3.550s][info][gc,heap        ] GC(83) PSYoungGen: 52800K(69632K)->50176K(71168K) Eden: 20992K(20992K)->0K(20992K) From: 31808K(48640K)->50176K(50176K)
[3.550s][info][gc,heap        ] GC(83) ParOldGen: 585851K(646656K)->588435K(646656K)
[3.550s][info][gc,metaspace   ] GC(83) Metaspace: 6299K(6464K)->6299K(6464K) NonClass: 5766K(5824K)->5766K(5824K) Class: 533K(640K)->533K(640K)
[3.550s][info][gc             ] GC(83) Pause Young (Allocation Failure) 623M->623M(701M) 27.699ms
[3.550s][info][gc,cpu         ] GC(83) User=0.12s Sys=0.00s Real=0.03s
[3.575s][info][gc,start       ] GC(84) Pause Young (Allocation Failure)
[3.611s][info][gc,heap        ] GC(84) PSYoungGen: 71168K(71168K)->41088K(79360K) Eden: 20992K(20992K)->0K(22528K) From: 50176K(50176K)->41088K(56832K)
[3.611s][info][gc,heap        ] GC(84) ParOldGen: 588435K(646656K)->618987K(646656K)
[3.611s][info][gc,metaspace   ] GC(84) Metaspace: 6299K(6464K)->6299K(6464K) NonClass: 5766K(5824K)->5766K(5824K) Class: 533K(640K)->533K(640K)
[3.611s][info][gc             ] GC(84) Pause Young (Allocation Failure) 644M->644M(709M) 36.315ms
[3.611s][info][gc,cpu         ] GC(84) User=0.23s Sys=0.00s Real=0.04s
[3.611s][info][gc,start       ] GC(85) Pause Full (Ergonomics)
[3.611s][info][gc,phases,start] GC(85) Marking Phase
[3.760s][info][gc,phases      ] GC(85) Marking Phase 149.083ms
[3.760s][info][gc,phases,start] GC(85) Summary Phase
[3.760s][info][gc,phases      ] GC(85) Summary Phase 0.033ms
[3.760s][info][gc,phases,start] GC(85) Adjust Roots
[3.761s][info][gc,phases      ] GC(85) Adjust Roots 0.160ms
[3.761s][info][gc,phases,start] GC(85) Compaction Phase
[3.816s][info][gc,phases      ] GC(85) Compaction Phase 55.612ms
[3.816s][info][gc,phases,start] GC(85) Post Compact
[3.817s][info][gc,phases      ] GC(85) Post Compact 1.105ms
[3.818s][info][gc,heap        ] GC(85) PSYoungGen: 41088K(79360K)->12788K(79360K) Eden: 0K(22528K)->0K(22528K) From: 41088K(56832K)->12788K(56832K)
[3.818s][info][gc,heap        ] GC(85) ParOldGen: 618987K(646656K)->646406K(728064K)
[3.818s][info][gc,metaspace   ] GC(85) Metaspace: 6299K(6464K)->6299K(6464K) NonClass: 5766K(5824K)->5766K(5824K) Class: 533K(640K)->533K(640K)
[3.818s][info][gc             ] GC(85) Pause Full (Ergonomics) 644M->643M(788M) 206.605ms
[3.818s][info][gc,cpu         ] GC(85) User=1.52s Sys=0.00s Real=0.21s
[3.844s][info][gc,start       ] GC(86) Pause Young (Allocation Failure)
[3.889s][info][gc,heap        ] GC(86) PSYoungGen: 35316K(79360K)->29408K(80384K) Eden: 22528K(22528K)->0K(22528K) From: 12788K(56832K)->29408K(57856K)
[3.889s][info][gc,heap        ] GC(86) ParOldGen: 646406K(728064K)->652566K(728064K)
[3.889s][info][gc,metaspace   ] GC(86) Metaspace: 6299K(6464K)->6299K(6464K) NonClass: 5766K(5824K)->5766K(5824K) Class: 533K(640K)->533K(640K)
[3.889s][info][gc             ] GC(86) Pause Young (Allocation Failure) 665M->665M(789M) 44.632ms
[3.889s][info][gc,cpu         ] GC(86) User=0.25s Sys=0.02s Real=0.04s
[3.918s][info][gc,start       ] GC(87) Pause Young (Allocation Failure)
[3.946s][info][gc,heap        ] GC(87) PSYoungGen: 51936K(80384K)->51936K(75776K) Eden: 22528K(22528K)->0K(19968K) From: 29408K(57856K)->51936K(55808K)
[3.946s][info][gc,heap        ] GC(87) ParOldGen: 652566K(728064K)->652566K(728064K)
[3.946s][info][gc,metaspace   ] GC(87) Metaspace: 6299K(6464K)->6299K(6464K) NonClass: 5766K(5824K)->5766K(5824K) Class: 533K(640K)->533K(640K)
[3.946s][info][gc             ] GC(87) Pause Young (Allocation Failure) 687M->687M(785M) 28.708ms
[3.946s][info][gc,cpu         ] GC(87) User=0.12s Sys=0.00s Real=0.03s
[4.087s][info][gc,start       ] GC(88) Pause Young (Allocation Failure)
[4.134s][info][gc,heap        ] GC(88) PSYoungGen: 71904K(75776K)->60928K(80896K) Eden: 19968K(19968K)->0K(19968K) From: 51936K(55808K)->60928K(60928K)
[4.134s][info][gc,heap        ] GC(88) ParOldGen: 685334K(728064K)->696350K(728064K)
[4.134s][info][gc,metaspace   ] GC(88) Metaspace: 6299K(6464K)->6299K(6464K) NonClass: 5766K(5824K)->5766K(5824K) Class: 533K(640K)->533K(640K)
[4.134s][info][gc             ] GC(88) Pause Young (Allocation Failure) 739M->739M(790M) 47.100ms
[4.134s][info][gc,cpu         ] GC(88) User=0.27s Sys=0.00s Real=0.05s
[4.154s][info][gc,start       ] GC(89) Pause Young (Allocation Failure)
[4.193s][info][gc,heap        ] GC(89) PSYoungGen: 80896K(80896K)->57440K(90624K) Eden: 19968K(19968K)->0K(18432K) From: 60928K(60928K)->57440K(72192K)
[4.193s][info][gc,heap        ] GC(89) ParOldGen: 696350K(728064K)->720206K(728064K)
[4.193s][info][gc,metaspace   ] GC(89) Metaspace: 6299K(6464K)->6299K(6464K) NonClass: 5766K(5824K)->5766K(5824K) Class: 533K(640K)->533K(640K)
[4.193s][info][gc             ] GC(89) Pause Young (Allocation Failure) 759M->759M(799M) 38.531ms
[4.193s][info][gc,cpu         ] GC(89) User=0.22s Sys=0.03s Real=0.04s
[4.193s][info][gc,start       ] GC(90) Pause Full (Ergonomics)
[4.193s][info][gc,phases,start] GC(90) Marking Phase
[4.359s][info][gc,phases      ] GC(90) Marking Phase 166.590ms
[4.359s][info][gc,phases,start] GC(90) Summary Phase
[4.359s][info][gc,phases      ] GC(90) Summary Phase 0.023ms
[4.359s][info][gc,phases,start] GC(90) Adjust Roots
[4.360s][info][gc,phases      ] GC(90) Adjust Roots 0.147ms
[4.360s][info][gc,phases,start] GC(90) Compaction Phase
[4.486s][info][gc,phases      ] GC(90) Compaction Phase 126.532ms
[4.486s][info][gc,phases,start] GC(90) Post Compact
[4.488s][info][gc,phases      ] GC(90) Post Compact 1.581ms
[4.488s][info][gc,heap        ] GC(90) PSYoungGen: 57440K(90624K)->32684K(90624K) Eden: 0K(18432K)->0K(18432K) From: 57440K(72192K)->32684K(72192K)
[4.488s][info][gc,heap        ] GC(90) ParOldGen: 720206K(728064K)->727756K(814592K)
[4.488s][info][gc,metaspace   ] GC(90) Metaspace: 6299K(6464K)->6299K(6464K) NonClass: 5766K(5824K)->5766K(5824K) Class: 533K(640K)->533K(640K)
[4.488s][info][gc             ] GC(90) Pause Full (Ergonomics) 759M->742M(884M) 295.541ms
[4.488s][info][gc,cpu         ] GC(90) User=2.00s Sys=0.03s Real=0.29s
[4.511s][info][gc,start       ] GC(91) Pause Young (Allocation Failure)
[4.562s][info][gc,heap        ] GC(91) PSYoungGen: 51116K(90624K)->51328K(94208K) Eden: 18432K(18432K)->0K(18432K) From: 32684K(72192K)->51328K(75776K)
[4.562s][info][gc,heap        ] GC(91) ParOldGen: 727756K(814592K)->727756K(814592K)
[4.563s][info][gc,metaspace   ] GC(91) Metaspace: 6299K(6464K)->6299K(6464K) NonClass: 5766K(5824K)->5766K(5824K) Class: 533K(640K)->533K(640K)
[4.563s][info][gc             ] GC(91) Pause Young (Allocation Failure) 760M->760M(887M) 51.846ms
[4.563s][info][gc,cpu         ] GC(91) User=0.38s Sys=0.00s Real=0.05s
[4.581s][info][gc,start       ] GC(92) Pause Young (Allocation Failure)
[4.614s][info][gc,heap        ] GC(92) PSYoungGen: 69760K(94208K)->69792K(89600K) Eden: 18432K(18432K)->0K(13312K) From: 51328K(75776K)->69792K(76288K)
[4.614s][info][gc,heap        ] GC(92) ParOldGen: 727756K(814592K)->727756K(814592K)
[4.614s][info][gc,metaspace   ] GC(92) Metaspace: 6299K(6464K)->6299K(6464K) NonClass: 5766K(5824K)->5766K(5824K) Class: 533K(640K)->533K(640K)
[4.614s][info][gc             ] GC(92) Pause Young (Allocation Failure) 778M->778M(883M) 32.920ms
[4.614s][info][gc,cpu         ] GC(92) User=0.23s Sys=0.02s Real=0.03s
[4.628s][info][gc,start       ] GC(93) Pause Young (Allocation Failure)
[4.665s][info][gc,heap        ] GC(93) PSYoungGen: 83104K(89600K)->83040K(96768K) Eden: 13312K(13312K)->0K(13312K) From: 69792K(76288K)->83040K(83456K)
[4.665s][info][gc,heap        ] GC(93) ParOldGen: 727756K(814592K)->727756K(814592K)
[4.665s][info][gc,metaspace   ] GC(93) Metaspace: 6299K(6464K)->6299K(6464K) NonClass: 5766K(5824K)->5766K(5824K) Class: 533K(640K)->533K(640K)
[4.665s][info][gc             ] GC(93) Pause Young (Allocation Failure) 791M->791M(890M) 37.139ms
[4.665s][info][gc,cpu         ] GC(93) User=0.27s Sys=0.00s Real=0.04s
[4.678s][info][gc,start       ] GC(94) Pause Young (Allocation Failure)
[4.725s][info][gc,heap        ] GC(94) PSYoungGen: 96352K(96768K)->86144K(99840K) Eden: 13312K(13312K)->0K(5632K) From: 83040K(83456K)->86144K(94208K)
[4.725s][info][gc,heap        ] GC(94) ParOldGen: 727756K(814592K)->738188K(814592K)
[4.725s][info][gc,metaspace   ] GC(94) Metaspace: 6299K(6464K)->6299K(6464K) NonClass: 5766K(5824K)->5766K(5824K) Class: 533K(640K)->533K(640K)
[4.725s][info][gc             ] GC(94) Pause Young (Allocation Failure) 804M->805M(893M) 46.358ms
[4.725s][info][gc,cpu         ] GC(94) User=0.22s Sys=0.03s Real=0.05s
[4.730s][info][gc,start       ] GC(95) Pause Young (Allocation Failure)
[4.772s][info][gc,heap        ] GC(95) PSYoungGen: 91776K(99840K)->69216K(109568K) Eden: 5632K(5632K)->0K(5632K) From: 86144K(94208K)->69216K(103936K)
[4.772s][info][gc,heap        ] GC(95) ParOldGen: 738188K(814592K)->760892K(814592K)
[4.772s][info][gc,metaspace   ] GC(95) Metaspace: 6299K(6464K)->6299K(6464K) NonClass: 5766K(5824K)->5766K(5824K) Class: 533K(640K)->533K(640K)
[4.772s][info][gc             ] GC(95) Pause Young (Allocation Failure) 810M->810M(902M) 41.623ms
[4.772s][info][gc,cpu         ] GC(95) User=0.25s Sys=0.00s Real=0.04s
[4.778s][info][gc,start       ] GC(96) Pause Young (Allocation Failure)
[4.813s][info][gc,heap        ] GC(96) PSYoungGen: 74848K(109568K)->37952K(107520K) Eden: 5632K(5632K)->0K(7168K) From: 69216K(103936K)->37952K(100352K)
[4.813s][info][gc,heap        ] GC(96) ParOldGen: 760892K(814592K)->798244K(814592K)
[4.813s][info][gc,metaspace   ] GC(96) Metaspace: 6299K(6464K)->6299K(6464K) NonClass: 5766K(5824K)->5766K(5824K) Class: 533K(640K)->533K(640K)
[4.813s][info][gc             ] GC(96) Pause Young (Allocation Failure) 816M->816M(900M) 34.926ms
[4.813s][info][gc,cpu         ] GC(96) User=0.23s Sys=0.02s Real=0.04s
[4.813s][info][gc,start       ] GC(97) Pause Full (Ergonomics)
[4.813s][info][gc,phases,start] GC(97) Marking Phase
[4.990s][info][gc,phases      ] GC(97) Marking Phase 176.558ms
[4.990s][info][gc,phases,start] GC(97) Summary Phase
[4.990s][info][gc,phases      ] GC(97) Summary Phase 0.023ms
[4.990s][info][gc,phases,start] GC(97) Adjust Roots
[4.990s][info][gc,phases      ] GC(97) Adjust Roots 0.187ms
[4.990s][info][gc,phases,start] GC(97) Compaction Phase
[5.081s][info][gc,phases      ] GC(97) Compaction Phase 90.863ms
[5.081s][info][gc,phases,start] GC(97) Post Compact
[5.082s][info][gc,phases      ] GC(97) Post Compact 1.542ms
[5.083s][info][gc,heap        ] GC(97) PSYoungGen: 37952K(107520K)->20899K(109056K) Eden: 0K(7168K)->0K(8704K) From: 37952K(100352K)->20899K(100352K)
[5.083s][info][gc,heap        ] GC(97) ParOldGen: 798244K(814592K)->814105K(913408K)
[5.083s][info][gc,metaspace   ] GC(97) Metaspace: 6299K(6464K)->6299K(6464K) NonClass: 5766K(5824K)->5766K(5824K) Class: 533K(640K)->533K(640K)
[5.083s][info][gc             ] GC(97) Pause Full (Ergonomics) 816M->815M(998M) 269.957ms
[5.083s][info][gc,cpu         ] GC(97) User=1.88s Sys=0.03s Real=0.27s
[5.094s][info][gc,start       ] GC(98) Pause Young (Allocation Failure)
[5.142s][info][gc,heap        ] GC(98) PSYoungGen: 29603K(109056K)->15840K(111104K) Eden: 8704K(8704K)->0K(8704K) From: 20899K(100352K)->15840K(102400K)
[5.142s][info][gc,heap        ] GC(98) ParOldGen: 814105K(913408K)->828201K(913408K)
[5.142s][info][gc,metaspace   ] GC(98) Metaspace: 6299K(6464K)->6299K(6464K) NonClass: 5766K(5824K)->5766K(5824K) Class: 533K(640K)->533K(640K)
[5.142s][info][gc             ] GC(98) Pause Young (Allocation Failure) 823M->824M(1000M) 47.476ms
[5.142s][info][gc,cpu         ] GC(98) User=0.27s Sys=0.00s Real=0.05s
[5.151s][info][gc,start       ] GC(99) Pause Young (Allocation Failure)
[5.167s][info][gc,heap        ] GC(99) PSYoungGen: 24544K(111104K)->17536K(113664K) Eden: 8704K(8704K)->0K(10240K) From: 15840K(102400K)->17536K(103424K)
[5.167s][info][gc,heap        ] GC(99) ParOldGen: 828201K(913408K)->835321K(913408K)
[5.167s][info][gc,metaspace   ] GC(99) Metaspace: 6299K(6464K)->6299K(6464K) NonClass: 5766K(5824K)->5766K(5824K) Class: 533K(640K)->533K(640K)
[5.167s][info][gc             ] GC(99) Pause Young (Allocation Failure) 832M->832M(1003M) 15.847ms
[5.167s][info][gc,cpu         ] GC(99) User=0.02s Sys=0.00s Real=0.02s
[5.178s][info][gc,start       ] GC(100) Pause Young (Allocation Failure)
[5.195s][info][gc,heap        ] GC(100) PSYoungGen: 27776K(113664K)->10368K(113664K) Eden: 10240K(10240K)->0K(10240K) From: 17536K(103424K)->10368K(103424K)
[5.195s][info][gc,heap        ] GC(100) ParOldGen: 835321K(913408K)->852929K(913408K)
[5.195s][info][gc,metaspace   ] GC(100) Metaspace: 6299K(6464K)->6299K(6464K) NonClass: 5766K(5824K)->5766K(5824K) Class: 533K(640K)->533K(640K)
[5.195s][info][gc             ] GC(100) Pause Young (Allocation Failure) 842M->843M(1003M) 16.994ms
[5.195s][info][gc,cpu         ] GC(100) User=0.06s Sys=0.00s Real=0.02s
[5.205s][info][gc,start       ] GC(101) Pause Young (Allocation Failure)
[5.220s][info][gc,heap        ] GC(101) PSYoungGen: 20608K(113664K)->10368K(113152K) Eden: 10240K(10240K)->0K(11776K) From: 10368K(103424K)->10368K(101376K)
[5.220s][info][gc,heap        ] GC(101) ParOldGen: 852929K(913408K)->863313K(913408K)
[5.220s][info][gc,metaspace   ] GC(101) Metaspace: 6299K(6464K)->6299K(6464K) NonClass: 5766K(5824K)->5766K(5824K) Class: 533K(640K)->533K(640K)
[5.220s][info][gc             ] GC(101) Pause Young (Allocation Failure) 853M->853M(1002M) 14.530ms
[5.220s][info][gc,cpu         ] GC(101) User=0.02s Sys=0.00s Real=0.01s
[5.234s][info][gc,start       ] GC(102) Pause Young (Allocation Failure)
[5.249s][info][gc,heap        ] GC(102) PSYoungGen: 22144K(113152K)->11904K(114176K) Eden: 11776K(11776K)->0K(11776K) From: 10368K(101376K)->11904K(102400K)
[5.249s][info][gc,heap        ] GC(102) ParOldGen: 863313K(913408K)->873705K(913408K)
[5.249s][info][gc,metaspace   ] GC(102) Metaspace: 6299K(6464K)->6299K(6464K) NonClass: 5766K(5824K)->5766K(5824K) Class: 533K(640K)->533K(640K)
[5.249s][info][gc             ] GC(102) Pause Young (Allocation Failure) 864M->864M(1003M) 15.323ms
[5.249s][info][gc,cpu         ] GC(102) User=0.02s Sys=0.00s Real=0.02s
[5.261s][info][gc,start       ] GC(103) Pause Young (Allocation Failure)
[5.277s][info][gc,heap        ] GC(103) PSYoungGen: 23680K(114176K)->11872K(109056K) Eden: 11776K(11776K)->0K(13312K) From: 11904K(102400K)->11872K(95744K)
[5.277s][info][gc,heap        ] GC(103) ParOldGen: 873705K(913408K)->885641K(913408K)
[5.277s][info][gc,metaspace   ] GC(103) Metaspace: 6299K(6464K)->6299K(6464K) NonClass: 5766K(5824K)->5766K(5824K) Class: 533K(640K)->533K(640K)
[5.277s][info][gc             ] GC(103) Pause Young (Allocation Failure) 876M->876M(998M) 16.077ms
[5.277s][info][gc,cpu         ] GC(103) User=0.02s Sys=0.00s Real=0.02s
[5.277s][info][gc,start       ] GC(104) Pause Full (Ergonomics)
[5.277s][info][gc,phases,start] GC(104) Marking Phase
[5.477s][info][gc,phases      ] GC(104) Marking Phase 199.747ms
[5.477s][info][gc,phases,start] GC(104) Summary Phase
[5.477s][info][gc,phases      ] GC(104) Summary Phase 0.036ms
[5.477s][info][gc,phases,start] GC(104) Adjust Roots
[5.477s][info][gc,phases      ] GC(104) Adjust Roots 0.148ms
[5.477s][info][gc,phases,start] GC(104) Compaction Phase
[5.562s][info][gc,phases      ] GC(104) Compaction Phase 84.562ms
[5.562s][info][gc,phases,start] GC(104) Post Compact
[5.564s][info][gc,phases      ] GC(104) Post Compact 1.505ms
[5.564s][info][gc,heap        ] GC(104) PSYoungGen: 11872K(109056K)->0K(111616K) Eden: 0K(13312K)->0K(13312K) From: 11872K(95744K)->0K(98304K)
[5.564s][info][gc,heap        ] GC(104) ParOldGen: 885641K(913408K)->896259K(993280K)
[5.564s][info][gc,metaspace   ] GC(104) Metaspace: 6299K(6464K)->6299K(6464K) NonClass: 5766K(5824K)->5766K(5824K) Class: 533K(640K)->533K(640K)
[5.564s][info][gc             ] GC(104) Pause Full (Ergonomics) 876M->875M(1079M) 286.584ms
[5.564s][info][gc,cpu         ] GC(104) User=2.02s Sys=0.00s Real=0.29s
[5.580s][info][gc,start       ] GC(105) Pause Young (Allocation Failure)
[5.594s][info][gc,heap        ] GC(105) PSYoungGen: 13312K(111616K)->13408K(106496K) Eden: 13312K(13312K)->0K(14848K) From: 0K(98304K)->13408K(91648K)
[5.594s][info][gc,heap        ] GC(105) ParOldGen: 896259K(993280K)->896259K(993280K)
[5.594s][info][gc,metaspace   ] GC(105) Metaspace: 6299K(6464K)->6299K(6464K) NonClass: 5766K(5824K)->5766K(5824K) Class: 533K(640K)->533K(640K)
[5.594s][info][gc             ] GC(105) Pause Young (Allocation Failure) 888M->888M(1074M) 13.610ms
[5.594s][info][gc,cpu         ] GC(105) User=0.02s Sys=0.00s Real=0.01s
[5.610s][info][gc,start       ] GC(106) Pause Young (Allocation Failure)
[5.627s][info][gc,heap        ] GC(106) PSYoungGen: 28256K(106496K)->28320K(43520K) Eden: 14848K(14848K)->0K(14848K) From: 13408K(91648K)->28320K(28672K)
[5.627s][info][gc,heap        ] GC(106) ParOldGen: 896259K(993280K)->896259K(993280K)
[5.627s][info][gc,metaspace   ] GC(106) Metaspace: 6299K(6464K)->6299K(6464K) NonClass: 5766K(5824K)->5766K(5824K) Class: 533K(640K)->533K(640K)
[5.627s][info][gc             ] GC(106) Pause Young (Allocation Failure) 902M->902M(1012M) 17.281ms
[5.627s][info][gc,cpu         ] GC(106) User=0.03s Sys=0.00s Real=0.02s
[5.643s][info][gc,start       ] GC(107) Pause Young (Allocation Failure)
[5.665s][info][gc,heap        ] GC(107) PSYoungGen: 43168K(43520K)->43104K(102912K) Eden: 14848K(14848K)->0K(16384K) From: 28320K(28672K)->43104K(86528K)
[5.665s][info][gc,heap        ] GC(107) ParOldGen: 896259K(993280K)->896259K(993280K)
[5.665s][info][gc,metaspace   ] GC(107) Metaspace: 6299K(6464K)->6299K(6464K) NonClass: 5766K(5824K)->5766K(5824K) Class: 533K(640K)->533K(640K)
[5.665s][info][gc             ] GC(107) Pause Young (Allocation Failure) 917M->917M(1070M) 22.319ms
[5.665s][info][gc,cpu         ] GC(107) User=0.14s Sys=0.00s Real=0.02s
[5.683s][info][gc,start       ] GC(108) Pause Young (Allocation Failure)
[5.713s][info][gc,heap        ] GC(108) PSYoungGen: 59488K(102912K)->46208K(104448K) Eden: 16384K(16384K)->0K(16384K) From: 43104K(86528K)->46208K(88064K)
[5.713s][info][gc,heap        ] GC(108) ParOldGen: 896259K(993280K)->909763K(993280K)
[5.713s][info][gc,metaspace   ] GC(108) Metaspace: 6299K(6464K)->6299K(6464K) NonClass: 5766K(5824K)->5766K(5824K) Class: 533K(640K)->533K(640K)
[5.713s][info][gc             ] GC(108) Pause Young (Allocation Failure) 933M->933M(1072M) 29.551ms
[5.713s][info][gc,cpu         ] GC(108) User=0.14s Sys=0.00s Real=0.03s
[5.730s][info][gc,start       ] GC(109) Pause Young (Allocation Failure)
[5.761s][info][gc,heap        ] GC(109) PSYoungGen: 62592K(104448K)->47776K(105984K) Eden: 16384K(16384K)->0K(18432K) From: 46208K(88064K)->47776K(87552K)
[5.761s][info][gc,heap        ] GC(109) ParOldGen: 909763K(993280K)->924827K(993280K)
[5.761s][info][gc,metaspace   ] GC(109) Metaspace: 6299K(6464K)->6299K(6464K) NonClass: 5766K(5824K)->5766K(5824K) Class: 533K(640K)->533K(640K)
[5.761s][info][gc             ] GC(109) Pause Young (Allocation Failure) 949M->949M(1073M) 30.595ms
[5.761s][info][gc,cpu         ] GC(109) User=0.14s Sys=0.00s Real=0.03s
[5.780s][info][gc,start       ] GC(110) Pause Young (Allocation Failure)
[5.812s][info][gc,heap        ] GC(110) PSYoungGen: 66208K(105984K)->51392K(105984K) Eden: 18432K(18432K)->0K(18432K) From: 47776K(87552K)->51392K(87552K)
[5.812s][info][gc,heap        ] GC(110) ParOldGen: 924827K(993280K)->939875K(993280K)
[5.812s][info][gc,metaspace   ] GC(110) Metaspace: 6299K(6464K)->6299K(6464K) NonClass: 5766K(5824K)->5766K(5824K) Class: 533K(640K)->533K(640K)
[5.812s][info][gc             ] GC(110) Pause Young (Allocation Failure) 967M->968M(1073M) 32.042ms
[5.812s][info][gc,cpu         ] GC(110) User=0.14s Sys=0.00s Real=0.03s
[5.833s][info][gc,start       ] GC(111) Pause Young (Allocation Failure)
[5.868s][info][gc,heap        ] GC(111) PSYoungGen: 69824K(105984K)->36960K(99328K) Eden: 18432K(18432K)->0K(20992K) From: 51392K(87552K)->36960K(78336K)
[5.868s][info][gc,heap        ] GC(111) ParOldGen: 939875K(993280K)->973059K(993280K)
[5.868s][info][gc,metaspace   ] GC(111) Metaspace: 6299K(6464K)->6299K(6464K) NonClass: 5766K(5824K)->5766K(5824K) Class: 533K(640K)->533K(640K)
[5.868s][info][gc             ] GC(111) Pause Young (Allocation Failure) 986M->986M(1067M) 35.208ms
[5.868s][info][gc,cpu         ] GC(111) User=0.38s Sys=0.00s Real=0.04s
[5.868s][info][gc,start       ] GC(112) Pause Full (Ergonomics)
[5.868s][info][gc,phases,start] GC(112) Marking Phase
[6.098s][info][gc,phases      ] GC(112) Marking Phase 229.932ms
[6.098s][info][gc,phases,start] GC(112) Summary Phase
[6.098s][info][gc,phases      ] GC(112) Summary Phase 0.024ms
[6.098s][info][gc,phases,start] GC(112) Adjust Roots
[6.098s][info][gc,phases      ] GC(112) Adjust Roots 0.147ms
[6.098s][info][gc,phases,start] GC(112) Compaction Phase
[6.183s][info][gc,phases      ] GC(112) Compaction Phase 84.967ms
[6.184s][info][gc,phases,start] GC(112) Post Compact
[6.185s][info][gc,phases      ] GC(112) Post Compact 1.641ms
[6.186s][info][gc,heap        ] GC(112) PSYoungGen: 36960K(99328K)->15854K(102400K) Eden: 0K(20992K)->0K(24064K) From: 36960K(78336K)->15854K(78336K)
[6.186s][info][gc,heap        ] GC(112) ParOldGen: 973059K(993280K)->992826K(1101312K)
[6.186s][info][gc,metaspace   ] GC(112) Metaspace: 6299K(6464K)->6299K(6464K) NonClass: 5766K(5824K)->5766K(5824K) Class: 533K(640K)->533K(640K)
[6.186s][info][gc             ] GC(112) Pause Full (Ergonomics) 986M->985M(1175M) 317.455ms
[6.186s][info][gc,cpu         ] GC(112) User=2.30s Sys=0.00s Real=0.32s
[6.215s][info][gc,start       ] GC(113) Pause Young (Allocation Failure)
[6.275s][info][gc,heap        ] GC(113) PSYoungGen: 39918K(102400K)->24224K(107520K) Eden: 24064K(24064K)->0K(24064K) From: 15854K(78336K)->24224K(83456K)
[6.275s][info][gc,heap        ] GC(113) ParOldGen: 992826K(1101312K)->1008914K(1101312K)
[6.275s][info][gc,metaspace   ] GC(113) Metaspace: 6299K(6464K)->6299K(6464K) NonClass: 5766K(5824K)->5766K(5824K) Class: 533K(640K)->533K(640K)
[6.275s][info][gc             ] GC(113) Pause Young (Allocation Failure) 1008M->1008M(1180M) 60.110ms
[6.275s][info][gc,cpu         ] GC(113) User=0.34s Sys=0.03s Real=0.06s
[6.301s][info][gc,start       ] GC(114) Pause Young (Allocation Failure)
[6.329s][info][gc,heap        ] GC(114) PSYoungGen: 48288K(107520K)->24192K(102400K) Eden: 24064K(24064K)->0K(26624K) From: 24224K(83456K)->24192K(75776K)
[6.329s][info][gc,heap        ] GC(114) ParOldGen: 1008914K(1101312K)->1033314K(1101312K)
[6.329s][info][gc,metaspace   ] GC(114) Metaspace: 6299K(6464K)->6299K(6464K) NonClass: 5766K(5824K)->5766K(5824K) Class: 533K(640K)->533K(640K)
[6.329s][info][gc             ] GC(114) Pause Young (Allocation Failure) 1032M->1032M(1175M) 28.289ms
[6.329s][info][gc,cpu         ] GC(114) User=0.22s Sys=0.02s Real=0.03s
[6.359s][info][gc,start       ] GC(115) Pause Young (Allocation Failure)
[6.388s][info][gc,heap        ] GC(115) PSYoungGen: 50816K(102400K)->26816K(104960K) Eden: 26624K(26624K)->0K(26624K) From: 24192K(75776K)->26816K(78336K)
[6.388s][info][gc,heap        ] GC(115) ParOldGen: 1033314K(1101312K)->1057714K(1101312K)
[6.388s][info][gc,metaspace   ] GC(115) Metaspace: 6299K(6464K)->6299K(6464K) NonClass: 5766K(5824K)->5766K(5824K) Class: 533K(640K)->533K(640K)
[6.388s][info][gc             ] GC(115) Pause Young (Allocation Failure) 1058M->1059M(1178M) 29.066ms
[6.388s][info][gc,cpu         ] GC(115) User=0.11s Sys=0.03s Real=0.03s
[6.418s][info][gc,start       ] GC(116) Pause Young (Allocation Failure)
[6.449s][info][gc,heap        ] GC(116) PSYoungGen: 53440K(104960K)->26784K(98816K) Eden: 26624K(26624K)->0K(29696K) From: 26816K(78336K)->26784K(69120K)
[6.449s][info][gc,heap        ] GC(116) ParOldGen: 1057714K(1101312K)->1084698K(1101312K)
[6.449s][info][gc,metaspace   ] GC(116) Metaspace: 6299K(6464K)->6299K(6464K) NonClass: 5766K(5824K)->5766K(5824K) Class: 533K(640K)->533K(640K)
[6.449s][info][gc             ] GC(116) Pause Young (Allocation Failure) 1085M->1085M(1172M) 30.464ms
[6.449s][info][gc,cpu         ] GC(116) User=0.12s Sys=0.02s Real=0.03s
[6.449s][info][gc,start       ] GC(117) Pause Full (Ergonomics)
[6.449s][info][gc,phases,start] GC(117) Marking Phase
[6.690s][info][gc,phases      ] GC(117) Marking Phase 241.159ms
[6.690s][info][gc,phases,start] GC(117) Summary Phase
[6.690s][info][gc,phases      ] GC(117) Summary Phase 0.025ms
[6.690s][info][gc,phases,start] GC(117) Adjust Roots
[6.690s][info][gc,phases      ] GC(117) Adjust Roots 0.149ms
[6.690s][info][gc,phases,start] GC(117) Compaction Phase
[6.789s][info][gc,phases      ] GC(117) Compaction Phase 98.984ms
[6.789s][info][gc,phases,start] GC(117) Post Compact
[6.792s][info][gc,phases      ] GC(117) Post Compact 2.014ms
[6.792s][info][gc,heap        ] GC(117) PSYoungGen: 26784K(98816K)->8710K(101888K) Eden: 0K(29696K)->0K(32768K) From: 26784K(69120K)->8710K(69120K)
[6.792s][info][gc,heap        ] GC(117) ParOldGen: 1084698K(1101312K)->1101218K(1223168K)
[6.792s][info][gc,metaspace   ] GC(117) Metaspace: 6299K(6464K)->6299K(6464K) NonClass: 5766K(5824K)->5766K(5824K) Class: 533K(640K)->533K(640K)
[6.792s][info][gc             ] GC(117) Pause Full (Ergonomics) 1085M->1083M(1294M) 343.252ms
[6.792s][info][gc,cpu         ] GC(117) User=2.52s Sys=0.02s Real=0.34s
[6.830s][info][gc,start       ] GC(118) Pause Young (Allocation Failure)
[6.897s][info][gc,heap        ] GC(118) PSYoungGen: 41478K(101888K)->32896K(66048K) Eden: 32768K(32768K)->0K(32768K) From: 8710K(69120K)->32896K(33280K)
[6.897s][info][gc,heap        ] GC(118) ParOldGen: 1101218K(1223168K)->1110074K(1223168K)
[6.897s][info][gc,metaspace   ] GC(118) Metaspace: 6299K(6464K)->6299K(6464K) NonClass: 5766K(5824K)->5766K(5824K) Class: 533K(640K)->533K(640K)
[6.897s][info][gc             ] GC(118) Pause Young (Allocation Failure) 1115M->1116M(1259M) 67.561ms
[6.897s][info][gc,cpu         ] GC(118) User=0.41s Sys=0.00s Real=0.07s
[6.934s][info][gc,start       ] GC(119) Pause Young (Allocation Failure)
[6.970s][info][gc,heap        ] GC(119) PSYoungGen: 65664K(66048K)->65728K(95232K) Eden: 32768K(32768K)->0K(27136K) From: 32896K(33280K)->65728K(68096K)
[6.970s][info][gc,heap        ] GC(119) ParOldGen: 1110074K(1223168K)->1110074K(1223168K)
[6.970s][info][gc,metaspace   ] GC(119) Metaspace: 6299K(6464K)->6299K(6464K) NonClass: 5766K(5824K)->5766K(5824K) Class: 533K(640K)->533K(640K)
[6.970s][info][gc             ] GC(119) Pause Young (Allocation Failure) 1148M->1148M(1287M) 35.499ms
[6.970s][info][gc,cpu         ] GC(119) User=0.16s Sys=0.00s Real=0.04s
[7.002s][info][gc,start       ] GC(120) Pause Young (Allocation Failure)
[7.051s][info][gc,heap        ] GC(120) PSYoungGen: 92864K(95232K)->76800K(103936K) Eden: 27136K(27136K)->0K(27136K) From: 65728K(68096K)->76800K(76800K)
[7.051s][info][gc,heap        ] GC(120) ParOldGen: 1110074K(1223168K)->1126258K(1223168K)
[7.051s][info][gc,metaspace   ] GC(120) Metaspace: 6299K(6464K)->6299K(6464K) NonClass: 5766K(5824K)->5766K(5824K) Class: 533K(640K)->533K(640K)
[7.051s][info][gc             ] GC(120) Pause Young (Allocation Failure) 1174M->1174M(1296M) 49.101ms
[7.052s][info][gc,cpu         ] GC(120) User=0.25s Sys=0.02s Real=0.05s
[7.087s][info][gc,start       ] GC(121) Pause Young (Allocation Failure)
[7.145s][info][gc,heap        ] GC(121) PSYoungGen: 103936K(103936K)->49568K(119808K) Eden: 27136K(27136K)->0K(30208K) From: 76800K(76800K)->49568K(89600K)
[7.145s][info][gc,heap        ] GC(121) ParOldGen: 1126258K(1223168K)->1181498K(1223168K)
[7.145s][info][gc,metaspace   ] GC(121) Metaspace: 6299K(6464K)->6299K(6464K) NonClass: 5766K(5824K)->5766K(5824K) Class: 533K(640K)->533K(640K)
[7.145s][info][gc             ] GC(121) Pause Young (Allocation Failure) 1201M->1202M(1311M) 58.561ms
[7.145s][info][gc,cpu         ] GC(121) User=0.38s Sys=0.00s Real=0.06s
[7.145s][info][gc,start       ] GC(122) Pause Full (Ergonomics)
[7.145s][info][gc,phases,start] GC(122) Marking Phase
[7.409s][info][gc,phases      ] GC(122) Marking Phase 263.866ms
[7.409s][info][gc,phases,start] GC(122) Summary Phase
[7.409s][info][gc,phases      ] GC(122) Summary Phase 0.034ms
[7.409s][info][gc,phases,start] GC(122) Adjust Roots
[7.409s][info][gc,phases      ] GC(122) Adjust Roots 0.149ms
[7.409s][info][gc,phases,start] GC(122) Compaction Phase
[7.511s][info][gc,phases      ] GC(122) Compaction Phase 101.286ms
[7.511s][info][gc,phases,start] GC(122) Post Compact
[7.513s][info][gc,phases      ] GC(122) Post Compact 2.096ms
[7.513s][info][gc,heap        ] GC(122) PSYoungGen: 49568K(119808K)->6886K(121856K) Eden: 0K(30208K)->0K(32256K) From: 49568K(89600K)->6886K(89600K)
[7.513s][info][gc,heap        ] GC(122) ParOldGen: 1181498K(1223168K)->1222722K(1362944K)
[7.513s][info][gc,metaspace   ] GC(122) Metaspace: 6299K(6464K)->6299K(6464K) NonClass: 5766K(5824K)->5766K(5824K) Class: 533K(640K)->533K(640K)
[7.513s][info][gc             ] GC(122) Pause Full (Ergonomics) 1202M->1200M(1450M) 368.229ms
[7.513s][info][gc,cpu         ] GC(122) User=2.89s Sys=0.02s Real=0.37s
[7.552s][info][gc,start       ] GC(123) Pause Young (Allocation Failure)
[7.625s][info][gc,heap        ] GC(123) PSYoungGen: 39142K(121856K)->34912K(67584K) Eden: 32256K(32256K)->0K(32256K) From: 6886K(89600K)->34912K(35328K)
[7.625s][info][gc,heap        ] GC(123) ParOldGen: 1222722K(1362944K)->1227234K(1362944K)
[7.625s][info][gc,metaspace   ] GC(123) Metaspace: 6299K(6464K)->6299K(6464K) NonClass: 5766K(5824K)->5766K(5824K) Class: 533K(640K)->533K(640K)
[7.625s][info][gc             ] GC(123) Pause Young (Allocation Failure) 1232M->1232M(1397M) 72.724ms
[7.625s][info][gc,cpu         ] GC(123) User=0.53s Sys=0.00s Real=0.07s
[7.665s][info][gc,start       ] GC(124) Pause Young (Allocation Failure)
[7.702s][info][gc,heap        ] GC(124) PSYoungGen: 67168K(67584K)->67168K(118784K) Eden: 32256K(32256K)->0K(30720K) From: 34912K(35328K)->67168K(88064K)
[7.702s][info][gc,heap        ] GC(124) ParOldGen: 1227234K(1362944K)->1227234K(1362944K)
[7.702s][info][gc,metaspace   ] GC(124) Metaspace: 6299K(6464K)->6299K(6464K) NonClass: 5766K(5824K)->5766K(5824K) Class: 533K(640K)->533K(640K)
[7.703s][info][gc             ] GC(124) Pause Young (Allocation Failure) 1264M->1264M(1447M) 37.767ms
[7.703s][info][gc,cpu         ] GC(124) User=0.22s Sys=0.03s Real=0.04s
[7.732s][info][gc,start       ] GC(125) Pause Young (Allocation Failure)
[7.776s][info][gc,heap        ] GC(125) PSYoungGen: 97888K(118784K)->86560K(123392K) Eden: 30720K(30720K)->0K(30720K) From: 67168K(88064K)->86560K(92672K)
[7.776s][info][gc,heap        ] GC(125) ParOldGen: 1227234K(1362944K)->1227234K(1362944K)
[7.776s][info][gc,metaspace   ] GC(125) Metaspace: 6299K(6464K)->6299K(6464K) NonClass: 5766K(5824K)->5766K(5824K) Class: 533K(640K)->533K(640K)
[7.776s][info][gc             ] GC(125) Pause Young (Allocation Failure) 1294M->1283M(1451M) 43.592ms
[7.776s][info][gc,cpu         ] GC(125) User=0.23s Sys=0.00s Real=0.04s
[7.808s][info][gc,start       ] GC(126) Pause Young (Allocation Failure)
[7.870s][info][gc,heap        ] GC(126) PSYoungGen: 117280K(123392K)->103424K(119808K) Eden: 30720K(30720K)->0K(16384K) From: 86560K(92672K)->103424K(103424K)
[7.870s][info][gc,heap        ] GC(126) ParOldGen: 1227234K(1362944K)->1234170K(1362944K)
[7.870s][info][gc,metaspace   ] GC(126) Metaspace: 6299K(6464K)->6299K(6464K) NonClass: 5766K(5824K)->5766K(5824K) Class: 533K(640K)->533K(640K)
[7.870s][info][gc             ] GC(126) Pause Young (Allocation Failure) 1313M->1306M(1448M) 61.927ms
[7.870s][info][gc,cpu         ] GC(126) User=0.34s Sys=0.03s Real=0.06s
[7.891s][info][gc,start       ] GC(127) Pause Young (Allocation Failure)
[7.957s][info][gc,heap        ] GC(127) PSYoungGen: 119808K(119808K)->57696K(74240K) Eden: 16384K(16384K)->0K(16384K) From: 103424K(103424K)->57696K(57856K)
[7.957s][info][gc,heap        ] GC(127) ParOldGen: 1234170K(1362944K)->1297122K(1362944K)
[7.957s][info][gc,metaspace   ] GC(127) Metaspace: 6299K(6464K)->6299K(6464K) NonClass: 5766K(5824K)->5766K(5824K) Class: 533K(640K)->533K(640K)
[7.957s][info][gc             ] GC(127) Pause Young (Allocation Failure) 1322M->1323M(1403M) 65.583ms
[7.957s][info][gc,cpu         ] GC(127) User=0.39s Sys=0.00s Real=0.07s
[7.975s][info][gc,start       ] GC(128) Pause Young (Allocation Failure)
[8.017s][info][gc,heap        ] GC(128) PSYoungGen: 74080K(74240K)->32864K(130048K) Eden: 16384K(16384K)->0K(18944K) From: 57696K(57856K)->32864K(111104K)
[8.017s][info][gc,heap        ] GC(128) ParOldGen: 1297122K(1362944K)->1338882K(1362944K)
[8.017s][info][gc,metaspace   ] GC(128) Metaspace: 6299K(6464K)->6299K(6464K) NonClass: 5766K(5824K)->5766K(5824K) Class: 533K(640K)->533K(640K)
[8.017s][info][gc             ] GC(128) Pause Young (Allocation Failure) 1339M->1339M(1458M) 41.268ms
[8.017s][info][gc,cpu         ] GC(128) User=0.20s Sys=0.02s Real=0.04s
[8.017s][info][gc,start       ] GC(129) Pause Full (Ergonomics)
[8.017s][info][gc,phases,start] GC(129) Marking Phase
[8.320s][info][gc,phases      ] GC(129) Marking Phase 303.788ms
[8.321s][info][gc,phases,start] GC(129) Summary Phase
[8.321s][info][gc,phases      ] GC(129) Summary Phase 0.045ms
[8.321s][info][gc,phases,start] GC(129) Adjust Roots
[8.321s][info][gc,phases      ] GC(129) Adjust Roots 0.333ms
[8.321s][info][gc,phases,start] GC(129) Compaction Phase
[8.689s][info][gc,phases      ] GC(129) Compaction Phase 367.853ms
[8.689s][info][gc,phases,start] GC(129) Post Compact
[8.692s][info][gc,phases      ] GC(129) Post Compact 2.586ms
[8.692s][info][gc,heap        ] GC(129) PSYoungGen: 32864K(130048K)->7156K(132096K) Eden: 0K(18944K)->0K(20992K) From: 32864K(111104K)->7156K(111104K)
[8.692s][info][gc,heap        ] GC(129) ParOldGen: 1338882K(1362944K)->1362681K(1527808K)
[8.692s][info][gc,metaspace   ] GC(129) Metaspace: 6299K(6464K)->6299K(6464K) NonClass: 5766K(5824K)->5766K(5824K) Class: 533K(640K)->533K(640K)
[8.692s][info][gc             ] GC(129) Pause Full (Ergonomics) 1339M->1337M(1621M) 675.555ms
[8.692s][info][gc,cpu         ] GC(129) User=4.88s Sys=0.03s Real=0.67s
[8.721s][info][gc,start       ] GC(130) Pause Young (Allocation Failure)
[8.798s][info][gc,heap        ] GC(130) PSYoungGen: 28148K(132096K)->21120K(134144K) Eden: 20992K(20992K)->0K(20992K) From: 7156K(111104K)->21120K(113152K)
[8.798s][info][gc,heap        ] GC(130) ParOldGen: 1362681K(1527808K)->1369977K(1527808K)
[8.798s][info][gc,metaspace   ] GC(130) Metaspace: 6299K(6464K)->6299K(6464K) NonClass: 5766K(5824K)->5766K(5824K) Class: 533K(640K)->533K(640K)
[8.798s][info][gc             ] GC(130) Pause Young (Allocation Failure) 1358M->1358M(1623M) 76.795ms
[8.798s][info][gc,cpu         ] GC(130) User=0.42s Sys=0.00s Real=0.08s
[9.080s][info][gc,start       ] GC(131) Pause Young (Allocation Failure)
[9.138s][info][gc,heap        ] GC(131) PSYoungGen: 42112K(134144K)->42144K(124928K) Eden: 20992K(20992K)->0K(23040K) From: 21120K(113152K)->42144K(101888K)
[9.138s][info][gc,heap        ] GC(131) ParOldGen: 1435513K(1527808K)->1435513K(1527808K)
[9.138s][info][gc,metaspace   ] GC(131) Metaspace: 6299K(6464K)->6299K(6464K) NonClass: 5766K(5824K)->5766K(5824K) Class: 533K(640K)->533K(640K)
[9.138s][info][gc             ] GC(131) Pause Young (Allocation Failure) 1442M->1443M(1614M) 58.142ms
[9.138s][info][gc,cpu         ] GC(131) User=0.30s Sys=0.00s Real=0.06s
[9.160s][info][gc,start       ] GC(132) Pause Young (Allocation Failure)
[9.194s][info][gc,heap        ] GC(132) PSYoungGen: 65184K(124928K)->65248K(130560K) Eden: 23040K(23040K)->0K(23040K) From: 42144K(101888K)->65248K(107520K)
[9.194s][info][gc,heap        ] GC(132) ParOldGen: 1435513K(1527808K)->1435513K(1527808K)
[9.194s][info][gc,metaspace   ] GC(132) Metaspace: 6299K(6464K)->6299K(6464K) NonClass: 5766K(5824K)->5766K(5824K) Class: 533K(640K)->533K(640K)
[9.194s][info][gc             ] GC(132) Pause Young (Allocation Failure) 1465M->1465M(1619M) 34.540ms
[9.194s][info][gc,cpu         ] GC(132) User=0.09s Sys=0.00s Real=0.03s
[9.216s][info][gc,start       ] GC(133) Pause Young (Allocation Failure)
[9.258s][info][gc,heap        ] GC(133) PSYoungGen: 88288K(130560K)->88288K(125440K) Eden: 23040K(23040K)->0K(17408K) From: 65248K(107520K)->88288K(108032K)
[9.258s][info][gc,heap        ] GC(133) ParOldGen: 1435513K(1527808K)->1435513K(1527808K)
[9.258s][info][gc,metaspace   ] GC(133) Metaspace: 6299K(6464K)->6299K(6464K) NonClass: 5766K(5824K)->5766K(5824K) Class: 533K(640K)->533K(640K)
[9.258s][info][gc             ] GC(133) Pause Young (Allocation Failure) 1488M->1488M(1614M) 42.664ms
[9.258s][info][gc,cpu         ] GC(133) User=0.27s Sys=0.00s Real=0.04s
[9.274s][info][gc,start       ] GC(134) Pause Young (Allocation Failure)
[9.324s][info][gc,heap        ] GC(134) PSYoungGen: 105696K(125440K)->84736K(133632K) Eden: 17408K(17408K)->0K(17408K) From: 88288K(108032K)->84736K(116224K)
[9.324s][info][gc,heap        ] GC(134) ParOldGen: 1435513K(1527808K)->1456769K(1527808K)
[9.325s][info][gc,metaspace   ] GC(134) Metaspace: 6299K(6464K)->6299K(6464K) NonClass: 5766K(5824K)->5766K(5824K) Class: 533K(640K)->533K(640K)
[9.325s][info][gc             ] GC(134) Pause Young (Allocation Failure) 1505M->1505M(1622M) 50.211ms
[9.325s][info][gc,cpu         ] GC(134) User=0.38s Sys=0.00s Real=0.05s
[9.341s][info][gc,start       ] GC(135) Pause Young (Allocation Failure)
[9.390s][info][gc,heap        ] GC(135) PSYoungGen: 102144K(133632K)->81056K(138752K) Eden: 17408K(17408K)->0K(17408K) From: 84736K(116224K)->81056K(121344K)
[9.390s][info][gc,heap        ] GC(135) ParOldGen: 1456769K(1527808K)->1478049K(1527808K)
[9.390s][info][gc,metaspace   ] GC(135) Metaspace: 6299K(6464K)->6299K(6464K) NonClass: 5766K(5824K)->5766K(5824K) Class: 533K(640K)->533K(640K)
[9.390s][info][gc             ] GC(135) Pause Young (Allocation Failure) 1522M->1522M(1627M) 48.813ms
[9.390s][info][gc,cpu         ] GC(135) User=0.30s Sys=0.00s Real=0.05s
[9.390s][info][gc,start       ] GC(136) Pause Full (Ergonomics)
[9.390s][info][gc,phases,start] GC(136) Marking Phase
[9.722s][info][gc,phases      ] GC(136) Marking Phase 331.891ms
[9.722s][info][gc,phases,start] GC(136) Summary Phase
[9.722s][info][gc,phases      ] GC(136) Summary Phase 0.049ms
[9.722s][info][gc,phases,start] GC(136) Adjust Roots
[9.722s][info][gc,phases      ] GC(136) Adjust Roots 0.167ms
[9.722s][info][gc,phases,start] GC(136) Compaction Phase
[9.969s][info][gc,phases      ] GC(136) Compaction Phase 247.124ms
[9.969s][info][gc,phases,start] GC(136) Post Compact
[9.973s][info][gc,phases      ] GC(136) Post Compact 3.383ms
[9.974s][info][gc,heap        ] GC(136) PSYoungGen: 81056K(138752K)->0K(140800K) Eden: 0K(17408K)->0K(17408K) From: 81056K(121344K)->0K(123392K)
[9.974s][info][gc,heap        ] GC(136) ParOldGen: 1478049K(1527808K)->1525289K(1691136K)
[9.974s][info][gc,metaspace   ] GC(136) Metaspace: 6299K(6464K)->6299K(6464K) NonClass: 5766K(5824K)->5766K(5824K) Class: 533K(640K)->533K(640K)
[9.974s][info][gc             ] GC(136) Pause Full (Ergonomics) 1522M->1489M(1789M) 583.739ms
[9.974s][info][gc,cpu         ] GC(136) User=4.12s Sys=0.05s Real=0.58s
[9.992s][info][gc,start       ] GC(137) Pause Young (Allocation Failure)
[10.011s][info][gc,heap        ] GC(137) PSYoungGen: 17408K(140800K)->17600K(142336K) Eden: 17408K(17408K)->0K(18944K) From: 0K(123392K)->17600K(123392K)
[10.011s][info][gc,heap        ] GC(137) ParOldGen: 1525289K(1691136K)->1525289K(1691136K)
[10.011s][info][gc,metaspace   ] GC(137) Metaspace: 6299K(6464K)->6299K(6464K) NonClass: 5766K(5824K)->5766K(5824K) Class: 533K(640K)->533K(640K)
[10.011s][info][gc             ] GC(137) Pause Young (Allocation Failure) 1506M->1506M(1790M) 19.426ms
[10.012s][info][gc,cpu         ] GC(137) User=0.03s Sys=0.00s Real=0.02s
[10.030s][info][gc,start       ] GC(138) Pause Young (Allocation Failure)
[10.058s][info][gc,heap        ] GC(138) PSYoungGen: 36544K(142336K)->36512K(55808K) Eden: 18944K(18944K)->0K(18944K) From: 17600K(123392K)->36512K(36864K)
[10.058s][info][gc,heap        ] GC(138) ParOldGen: 1525289K(1691136K)->1525289K(1691136K)
[10.058s][info][gc,metaspace   ] GC(138) Metaspace: 6299K(6464K)->6299K(6464K) NonClass: 5766K(5824K)->5766K(5824K) Class: 533K(640K)->533K(640K)
[10.058s][info][gc             ] GC(138) Pause Young (Allocation Failure) 1525M->1525M(1706M) 28.217ms
[10.058s][info][gc,cpu         ] GC(138) User=0.03s Sys=0.00s Real=0.03s
[10.078s][info][gc,start       ] GC(139) Pause Young (Allocation Failure)
[10.109s][info][gc,heap        ] GC(139) PSYoungGen: 55456K(55808K)->55424K(130560K) Eden: 18944K(18944K)->0K(21504K) From: 36512K(36864K)->55424K(109056K)
[10.110s][info][gc,heap        ] GC(139) ParOldGen: 1525289K(1691136K)->1525289K(1691136K)
[10.110s][info][gc,metaspace   ] GC(139) Metaspace: 6299K(6464K)->6299K(6464K) NonClass: 5766K(5824K)->5766K(5824K) Class: 533K(640K)->533K(640K)
[10.110s][info][gc             ] GC(139) Pause Young (Allocation Failure) 1543M->1543M(1779M) 32.103ms
[10.110s][info][gc,cpu         ] GC(139) User=0.05s Sys=0.00s Real=0.03s
[10.132s][info][gc,start       ] GC(140) Pause Young (Allocation Failure)
[10.170s][info][gc,heap        ] GC(140) PSYoungGen: 76928K(130560K)->59552K(81408K) Eden: 21504K(21504K)->0K(21504K) From: 55424K(109056K)->59552K(59904K)
[10.171s][info][gc,heap        ] GC(140) ParOldGen: 1525289K(1691136K)->1542929K(1691136K)
[10.171s][info][gc,metaspace   ] GC(140) Metaspace: 6299K(6464K)->6299K(6464K) NonClass: 5766K(5824K)->5766K(5824K) Class: 533K(640K)->533K(640K)
[10.171s][info][gc             ] GC(140) Pause Young (Allocation Failure) 1564M->1564M(1731M) 38.987ms
[10.171s][info][gc,cpu         ] GC(140) User=0.25s Sys=0.00s Real=0.04s
[10.191s][info][gc,start       ] GC(141) Pause Young (Allocation Failure)
[10.232s][info][gc,heap        ] GC(141) PSYoungGen: 81056K(81408K)->62112K(130048K) Eden: 21504K(21504K)->0K(24576K) From: 59552K(59904K)->62112K(105472K)
[10.232s][info][gc,heap        ] GC(141) ParOldGen: 1542929K(1691136K)->1562113K(1691136K)
[10.232s][info][gc,metaspace   ] GC(141) Metaspace: 6299K(6464K)->6299K(6464K) NonClass: 5766K(5824K)->5766K(5824K) Class: 533K(640K)->533K(640K)
[10.232s][info][gc             ] GC(141) Pause Young (Allocation Failure) 1585M->1586M(1778M) 40.307ms
[10.232s][info][gc,cpu         ] GC(141) User=0.27s Sys=0.00s Real=0.04s
[10.257s][info][gc,start       ] GC(142) Pause Young (Allocation Failure)
[10.301s][info][gc,heap        ] GC(142) PSYoungGen: 86688K(130048K)->46272K(71168K) Eden: 24576K(24576K)->0K(24576K) From: 62112K(105472K)->46272K(46592K)
[10.301s][info][gc,heap        ] GC(142) ParOldGen: 1562113K(1691136K)->1603081K(1691136K)
[10.301s][info][gc,metaspace   ] GC(142) Metaspace: 6299K(6464K)->6299K(6464K) NonClass: 5766K(5824K)->5766K(5824K) Class: 533K(640K)->533K(640K)
[10.301s][info][gc             ] GC(142) Pause Young (Allocation Failure) 1610M->1610M(1721M) 44.073ms
[10.301s][info][gc,cpu         ] GC(142) User=0.19s Sys=0.06s Real=0.04s
[10.327s][info][gc,start       ] GC(143) Pause Young (Allocation Failure)
[10.364s][info][gc,heap        ] GC(143) PSYoungGen: 70848K(71168K)->24736K(132096K) Eden: 24576K(24576K)->0K(27648K) From: 46272K(46592K)->24736K(104448K)
[10.364s][info][gc,heap        ] GC(143) ParOldGen: 1603081K(1691136K)->1649745K(1691136K)
[10.364s][info][gc,metaspace   ] GC(143) Metaspace: 6299K(6464K)->6299K(6464K) NonClass: 5766K(5824K)->5766K(5824K) Class: 533K(640K)->533K(640K)
[10.364s][info][gc             ] GC(143) Pause Young (Allocation Failure) 1634M->1635M(1780M) 37.514ms
[10.364s][info][gc,cpu         ] GC(143) User=0.22s Sys=0.03s Real=0.04s
[10.364s][info][gc,start       ] GC(144) Pause Full (Ergonomics)
[10.364s][info][gc,phases,start] GC(144) Marking Phase
[10.735s][info][gc,phases      ] GC(144) Marking Phase 370.322ms
[10.735s][info][gc,phases,start] GC(144) Summary Phase
[10.735s][info][gc,phases      ] GC(144) Summary Phase 0.038ms
[10.735s][info][gc,phases,start] GC(144) Adjust Roots
[10.735s][info][gc,phases      ] GC(144) Adjust Roots 0.188ms
[10.735s][info][gc,phases,start] GC(144) Compaction Phase
[10.896s][info][gc,phases      ] GC(144) Compaction Phase 161.193ms
[10.896s][info][gc,phases,start] GC(144) Post Compact
[10.900s][info][gc,phases      ] GC(144) Post Compact 3.173ms
[10.900s][info][gc,heap        ] GC(144) PSYoungGen: 24736K(132096K)->0K(132096K) Eden: 0K(27648K)->0K(27648K) From: 24736K(104448K)->0K(104448K)
[10.900s][info][gc,heap        ] GC(144) ParOldGen: 1649745K(1691136K)->1672530K(1859072K)
[10.900s][info][gc,metaspace   ] GC(144) Metaspace: 6299K(6464K)->6299K(6464K) NonClass: 5766K(5824K)->5766K(5824K) Class: 533K(640K)->533K(640K)
[10.901s][info][gc             ] GC(144) Pause Full (Ergonomics) 1635M->1633M(1944M) 536.027ms
[10.901s][info][gc,cpu         ] GC(144) User=3.84s Sys=0.00s Real=0.54s
[10.929s][info][gc,start       ] GC(145) Pause Young (Allocation Failure)
[10.952s][info][gc,heap        ] GC(145) PSYoungGen: 27648K(132096K)->27840K(131584K) Eden: 27648K(27648K)->0K(30720K) From: 0K(104448K)->27840K(100864K)
[10.952s][info][gc,heap        ] GC(145) ParOldGen: 1672530K(1859072K)->1672530K(1859072K)
[10.952s][info][gc,metaspace   ] GC(145) Metaspace: 6299K(6464K)->6299K(6464K) NonClass: 5766K(5824K)->5766K(5824K) Class: 533K(640K)->533K(640K)
[10.952s][info][gc             ] GC(145) Pause Young (Allocation Failure) 1660M->1660M(1944M) 22.924ms
[10.952s][info][gc,cpu         ] GC(145) User=0.02s Sys=0.00s Real=0.02s
[10.984s][info][gc,start       ] GC(146) Pause Young (Allocation Failure)
[11.018s][info][gc,heap        ] GC(146) PSYoungGen: 58560K(131584K)->58528K(133632K) Eden: 30720K(30720K)->0K(30720K) From: 27840K(100864K)->58528K(102912K)
[11.019s][info][gc,heap        ] GC(146) ParOldGen: 1672530K(1859072K)->1672530K(1859072K)
[11.019s][info][gc,metaspace   ] GC(146) Metaspace: 6299K(6464K)->6299K(6464K) NonClass: 5766K(5824K)->5766K(5824K) Class: 533K(640K)->533K(640K)
[11.019s][info][gc             ] GC(146) Pause Young (Allocation Failure) 1690M->1690M(1946M) 34.976ms
[11.019s][info][gc,cpu         ] GC(146) User=0.05s Sys=0.00s Real=0.04s
[11.052s][info][gc,start       ] GC(147) Pause Young (Allocation Failure)
[11.096s][info][gc,heap        ] GC(147) PSYoungGen: 89248K(133632K)->89312K(125952K) Eden: 30720K(30720K)->0K(24576K) From: 58528K(102912K)->89312K(101376K)
[11.096s][info][gc,heap        ] GC(147) ParOldGen: 1672530K(1859072K)->1672530K(1859072K)
[11.096s][info][gc,metaspace   ] GC(147) Metaspace: 6299K(6464K)->6299K(6464K) NonClass: 5766K(5824K)->5766K(5824K) Class: 533K(640K)->533K(640K)
[11.096s][info][gc             ] GC(147) Pause Young (Allocation Failure) 1720M->1720M(1938M) 44.149ms
[11.096s][info][gc,cpu         ] GC(147) User=0.38s Sys=0.00s Real=0.04s
[11.124s][info][gc,start       ] GC(148) Pause Young (Allocation Failure)
[11.177s][info][gc,heap        ] GC(148) PSYoungGen: 113888K(125952K)->86208K(135168K) Eden: 24576K(24576K)->0K(24576K) From: 89312K(101376K)->86208K(110592K)
[11.177s][info][gc,heap        ] GC(148) ParOldGen: 1672530K(1859072K)->1700538K(1859072K)
[11.177s][info][gc,metaspace   ] GC(148) Metaspace: 6299K(6464K)->6299K(6464K) NonClass: 5766K(5824K)->5766K(5824K) Class: 533K(640K)->533K(640K)
[11.177s][info][gc             ] GC(148) Pause Young (Allocation Failure) 1744M->1744M(1947M) 53.444ms
[11.177s][info][gc,cpu         ] GC(148) User=0.36s Sys=0.02s Real=0.05s
[11.203s][info][gc,start       ] GC(149) Pause Young (Allocation Failure)
[11.256s][info][gc,heap        ] GC(149) PSYoungGen: 110784K(135168K)->80064K(141824K) Eden: 24576K(24576K)->0K(25088K) From: 86208K(110592K)->80064K(116736K)
[11.256s][info][gc,heap        ] GC(149) ParOldGen: 1700538K(1859072K)->1731658K(1859072K)
[11.256s][info][gc,metaspace   ] GC(149) Metaspace: 6299K(6464K)->6299K(6464K) NonClass: 5766K(5824K)->5766K(5824K) Class: 533K(640K)->533K(640K)
[11.256s][info][gc             ] GC(149) Pause Young (Allocation Failure) 1768M->1769M(1954M) 52.830ms
[11.256s][info][gc,cpu         ] GC(149) User=0.31s Sys=0.06s Real=0.05s
[11.281s][info][gc,start       ] GC(150) Pause Young (Allocation Failure)
[11.333s][info][gc,heap        ] GC(150) PSYoungGen: 105152K(141824K)->74432K(144384K) Eden: 25088K(25088K)->0K(25088K) From: 80064K(116736K)->74432K(119296K)
[11.333s][info][gc,heap        ] GC(150) ParOldGen: 1731658K(1859072K)->1762802K(1859072K)
[11.333s][info][gc,metaspace   ] GC(150) Metaspace: 6299K(6464K)->6299K(6464K) NonClass: 5766K(5824K)->5766K(5824K) Class: 533K(640K)->533K(640K)
[11.333s][info][gc             ] GC(150) Pause Young (Allocation Failure) 1793M->1794M(1956M) 51.345ms
[11.333s][info][gc,cpu         ] GC(150) User=0.38s Sys=0.00s Real=0.05s
[11.362s][info][gc,start       ] GC(151) Pause Young (Allocation Failure)
[11.412s][info][gc,heap        ] GC(151) PSYoungGen: 99520K(144384K)->50304K(140288K) Eden: 25088K(25088K)->0K(28672K) From: 74432K(119296K)->50304K(111616K)
[11.412s][info][gc,heap        ] GC(151) ParOldGen: 1762802K(1859072K)->1812562K(1859072K)
[11.412s][info][gc,metaspace   ] GC(151) Metaspace: 6299K(6464K)->6299K(6464K) NonClass: 5766K(5824K)->5766K(5824K) Class: 533K(640K)->533K(640K)
[11.412s][info][gc             ] GC(151) Pause Young (Allocation Failure) 1818M->1819M(1952M) 50.200ms
[11.412s][info][gc,cpu         ] GC(151) User=0.33s Sys=0.05s Real=0.05s
[11.412s][info][gc,start       ] GC(152) Pause Full (Ergonomics)
[11.412s][info][gc,phases,start] GC(152) Marking Phase
[11.820s][info][gc,phases      ] GC(152) Marking Phase 408.349ms
[11.820s][info][gc,phases,start] GC(152) Summary Phase
[11.820s][info][gc,phases      ] GC(152) Summary Phase 0.037ms
[11.821s][info][gc,phases,start] GC(152) Adjust Roots
[11.821s][info][gc,phases      ] GC(152) Adjust Roots 0.158ms
[11.821s][info][gc,phases,start] GC(152) Compaction Phase
[11.997s][info][gc,phases      ] GC(152) Compaction Phase 176.732ms
[11.997s][info][gc,phases,start] GC(152) Post Compact
[12.001s][info][gc,phases      ] GC(152) Post Compact 3.950ms
[12.002s][info][gc,heap        ] GC(152) PSYoungGen: 50304K(140288K)->2093K(143872K) Eden: 0K(28672K)->0K(32256K) From: 50304K(111616K)->2093K(111616K)
[12.002s][info][gc,heap        ] GC(152) ParOldGen: 1812562K(1859072K)->1858628K(2065408K)
[12.002s][info][gc,metaspace   ] GC(152) Metaspace: 6299K(6464K)->6299K(6464K) NonClass: 5766K(5824K)->5766K(5824K) Class: 533K(640K)->533K(640K)
[12.002s][info][gc             ] GC(152) Pause Full (Ergonomics) 1819M->1817M(2157M) 590.380ms
[12.002s][info][gc,cpu         ] GC(152) User=4.14s Sys=0.03s Real=0.59s
[12.039s][info][gc,start       ] GC(153) Pause Young (Allocation Failure)
[12.132s][info][gc,heap        ] GC(153) PSYoungGen: 34349K(143872K)->32416K(147456K) Eden: 32256K(32256K)->0K(32256K) From: 2093K(111616K)->32416K(115200K)
[12.132s][info][gc,heap        ] GC(153) ParOldGen: 1858628K(2065408K)->1860780K(2065408K)
[12.132s][info][gc,metaspace   ] GC(153) Metaspace: 6299K(6464K)->6299K(6464K) NonClass: 5766K(5824K)->5766K(5824K) Class: 533K(640K)->533K(640K)
[12.132s][info][gc             ] GC(153) Pause Young (Allocation Failure) 1848M->1848M(2161M) 93.376ms
[12.132s][info][gc,cpu         ] GC(153) User=0.64s Sys=0.00s Real=0.09s
[12.168s][info][gc,start       ] GC(154) Pause Young (Allocation Failure)
[12.206s][info][gc,heap        ] GC(154) PSYoungGen: 64672K(147456K)->32384K(146944K) Eden: 32256K(32256K)->0K(35840K) From: 32416K(115200K)->32384K(111104K)
[12.206s][info][gc,heap        ] GC(154) ParOldGen: 1860780K(2065408K)->1893484K(2065408K)
[12.206s][info][gc,metaspace   ] GC(154) Metaspace: 6299K(6464K)->6299K(6464K) NonClass: 5766K(5824K)->5766K(5824K) Class: 533K(640K)->533K(640K)
[12.206s][info][gc             ] GC(154) Pause Young (Allocation Failure) 1880M->1880M(2160M) 38.331ms
[12.206s][info][gc,cpu         ] GC(154) User=0.16s Sys=0.00s Real=0.04s
[12.245s][info][gc,start       ] GC(155) Pause Young (Allocation Failure)
[12.284s][info][gc,heap        ] GC(155) PSYoungGen: 68224K(146944K)->36032K(148480K) Eden: 35840K(35840K)->0K(35840K) From: 32384K(111104K)->36032K(112640K)
[12.284s][info][gc,heap        ] GC(155) ParOldGen: 1893484K(2065408K)->1926188K(2065408K)
[12.284s][info][gc,metaspace   ] GC(155) Metaspace: 6299K(6464K)->6299K(6464K) NonClass: 5766K(5824K)->5766K(5824K) Class: 533K(640K)->533K(640K)
[12.284s][info][gc             ] GC(155) Pause Young (Allocation Failure) 1915M->1916M(2162M) 39.441ms
[12.284s][info][gc,cpu         ] GC(155) User=0.22s Sys=0.02s Real=0.04s
[12.328s][info][gc,start       ] GC(156) Pause Young (Allocation Failure)
[12.371s][info][gc,heap        ] GC(156) PSYoungGen: 71872K(148480K)->36000K(144384K) Eden: 35840K(35840K)->0K(39424K) From: 36032K(112640K)->36000K(104960K)
[12.371s][info][gc,heap        ] GC(156) ParOldGen: 1926188K(2065408K)->1962508K(2065408K)
[12.371s][info][gc,metaspace   ] GC(156) Metaspace: 6299K(6464K)->6299K(6464K) NonClass: 5766K(5824K)->5766K(5824K) Class: 533K(640K)->533K(640K)
[12.371s][info][gc             ] GC(156) Pause Young (Allocation Failure) 1951M->1951M(2158M) 42.925ms
[12.371s][info][gc,cpu         ] GC(156) User=0.23s Sys=0.03s Real=0.04s
[12.420s][info][gc,start       ] GC(157) Pause Young (Allocation Failure)
[12.464s][info][gc,heap        ] GC(157) PSYoungGen: 75424K(144384K)->39584K(146944K) Eden: 39424K(39424K)->0K(39424K) From: 36000K(104960K)->39584K(107520K)
[12.464s][info][gc,heap        ] GC(157) ParOldGen: 1962508K(2065408K)->1998836K(2065408K)
[12.464s][info][gc,metaspace   ] GC(157) Metaspace: 6299K(6464K)->6299K(6464K) NonClass: 5766K(5824K)->5766K(5824K) Class: 533K(640K)->533K(640K)
[12.464s][info][gc             ] GC(157) Pause Young (Allocation Failure) 1990M->1990M(2160M) 44.191ms
[12.464s][info][gc,cpu         ] GC(157) User=0.23s Sys=0.03s Real=0.04s
[12.464s][info][gc,start       ] GC(158) Pause Full (Ergonomics)
[12.464s][info][gc,phases,start] GC(158) Marking Phase
[12.918s][info][gc,phases      ] GC(158) Marking Phase 453.803ms
[12.918s][info][gc,phases,start] GC(158) Summary Phase
[12.918s][info][gc,phases      ] GC(158) Summary Phase 0.053ms
[12.918s][info][gc,phases,start] GC(158) Adjust Roots
[12.919s][info][gc,phases      ] GC(158) Adjust Roots 0.194ms
[12.919s][info][gc,phases,start] GC(158) Compaction Phase
[13.102s][info][gc,phases      ] GC(158) Compaction Phase 183.003ms
[13.102s][info][gc,phases,start] GC(158) Post Compact
[13.106s][info][gc,phases      ] GC(158) Post Compact 3.790ms
[13.106s][info][gc,heap        ] GC(158) PSYoungGen: 39584K(146944K)->0K(146944K) Eden: 0K(39424K)->0K(43520K) From: 39584K(107520K)->0K(103424K)
[13.106s][info][gc,heap        ] GC(158) ParOldGen: 1998836K(2065408K)->2036184K(2258432K)
[13.106s][info][gc,metaspace   ] GC(158) Metaspace: 6299K(6464K)->6299K(6464K) NonClass: 5766K(5824K)->5766K(5824K) Class: 533K(640K)->533K(640K)
[13.106s][info][gc             ] GC(158) Pause Full (Ergonomics) 1990M->1988M(2349M) 641.928ms
[13.106s][info][gc,cpu         ] GC(158) User=4.73s Sys=0.05s Real=0.64s
[13.152s][info][gc,start       ] GC(159) Pause Young (Allocation Failure)
[13.182s][info][gc,heap        ] GC(159) PSYoungGen: 43520K(146944K)->43712K(87552K) Eden: 43520K(43520K)->0K(43520K) From: 0K(103424K)->43712K(44032K)
[13.182s][info][gc,heap        ] GC(159) ParOldGen: 2036184K(2258432K)->2036184K(2258432K)
[13.182s][info][gc,metaspace   ] GC(159) Metaspace: 6299K(6464K)->6299K(6464K) NonClass: 5766K(5824K)->5766K(5824K) Class: 533K(640K)->533K(640K)
[13.182s][info][gc             ] GC(159) Pause Young (Allocation Failure) 2030M->2031M(2291M) 30.261ms
[13.183s][info][gc,cpu         ] GC(159) User=0.14s Sys=0.00s Real=0.03s
[13.228s][info][gc,start       ] GC(160) Pause Young (Allocation Failure)
[13.274s][info][gc,heap        ] GC(160) PSYoungGen: 87232K(87552K)->87296K(137216K) Eden: 43520K(43520K)->0K(37888K) From: 43712K(44032K)->87296K(99328K)
[13.274s][info][gc,heap        ] GC(160) ParOldGen: 2036184K(2258432K)->2036184K(2258432K)
[13.274s][info][gc,metaspace   ] GC(160) Metaspace: 6299K(6464K)->6299K(6464K) NonClass: 5766K(5824K)->5766K(5824K) Class: 533K(640K)->533K(640K)
[13.274s][info][gc             ] GC(160) Pause Young (Allocation Failure) 2073M->2073M(2339M) 45.748ms
[13.274s][info][gc,cpu         ] GC(160) User=0.25s Sys=0.00s Real=0.05s
[13.313s][info][gc,start       ] GC(161) Pause Young (Allocation Failure)
[13.373s][info][gc,heap        ] GC(161) PSYoungGen: 125184K(137216K)->108544K(146432K) Eden: 37888K(37888K)->0K(37888K) From: 87296K(99328K)->108544K(108544K)
[13.374s][info][gc,heap        ] GC(161) ParOldGen: 2036184K(2258432K)->2052944K(2258432K)
[13.374s][info][gc,metaspace   ] GC(161) Metaspace: 6299K(6464K)->6299K(6464K) NonClass: 5766K(5824K)->5766K(5824K) Class: 533K(640K)->533K(640K)
[13.374s][info][gc             ] GC(161) Pause Young (Allocation Failure) 2110M->2110M(2348M) 60.710ms
[13.374s][info][gc,cpu         ] GC(161) User=0.39s Sys=0.00s Real=0.06s
[13.416s][info][gc,start       ] GC(162) Pause Young (Allocation Failure)
[13.497s][info][gc,heap        ] GC(162) PSYoungGen: 146432K(146432K)->70336K(165888K) Eden: 37888K(37888K)->0K(41984K) From: 108544K(108544K)->70336K(123904K)
[13.497s][info][gc,heap        ] GC(162) ParOldGen: 2052944K(2258432K)->2130144K(2258432K)
[13.497s][info][gc,metaspace   ] GC(162) Metaspace: 6299K(6464K)->6299K(6464K) NonClass: 5766K(5824K)->5766K(5824K) Class: 533K(640K)->533K(640K)
[13.497s][info][gc             ] GC(162) Pause Young (Allocation Failure) 2147M->2148M(2367M) 80.505ms
[13.497s][info][gc,cpu         ] GC(162) User=0.50s Sys=0.02s Real=0.08s
[13.549s][info][gc,start       ] GC(163) Pause Young (Allocation Failure)
[13.608s][info][gc,heap        ] GC(163) PSYoungGen: 112320K(165888K)->80096K(168448K) Eden: 41984K(41984K)->0K(41984K) From: 70336K(123904K)->80096K(126464K)
[13.608s][info][gc,heap        ] GC(163) ParOldGen: 2130144K(2258432K)->2162816K(2258432K)
[13.608s][info][gc,metaspace   ] GC(163) Metaspace: 6299K(6464K)->6299K(6464K) NonClass: 5766K(5824K)->5766K(5824K) Class: 533K(640K)->533K(640K)
[13.608s][info][gc             ] GC(163) Pause Young (Allocation Failure) 2189M->2190M(2370M) 58.834ms
[13.608s][info][gc,cpu         ] GC(163) User=0.38s Sys=0.02s Real=0.06s
[13.657s][info][gc,start       ] GC(164) Pause Young (Allocation Failure)
[13.719s][info][gc,heap        ] GC(164) PSYoungGen: 122080K(168448K)->84224K(172032K) Eden: 41984K(41984K)->0K(45056K) From: 80096K(126464K)->84224K(126976K)
[13.719s][info][gc,heap        ] GC(164) ParOldGen: 2162816K(2258432K)->2201232K(2258432K)
[13.719s][info][gc,metaspace   ] GC(164) Metaspace: 6299K(6464K)->6299K(6464K) NonClass: 5766K(5824K)->5766K(5824K) Class: 533K(640K)->533K(640K)
[13.719s][info][gc             ] GC(164) Pause Young (Allocation Failure) 2231M->2231M(2373M) 62.196ms
[13.719s][info][gc,cpu         ] GC(164) User=0.39s Sys=0.00s Real=0.06s
[13.719s][info][gc,start       ] GC(165) Pause Full (Ergonomics)
[13.719s][info][gc,phases,start] GC(165) Marking Phase
[14.231s][info][gc,phases      ] GC(165) Marking Phase 511.397ms
[14.231s][info][gc,phases,start] GC(165) Summary Phase
[14.231s][info][gc,phases      ] GC(165) Summary Phase 0.054ms
[14.231s][info][gc,phases,start] GC(165) Adjust Roots
[14.231s][info][gc,phases      ] GC(165) Adjust Roots 0.282ms
[14.231s][info][gc,phases,start] GC(165) Compaction Phase
[14.428s][info][gc,phases      ] GC(165) Compaction Phase 196.797ms
[14.428s][info][gc,phases,start] GC(165) Post Compact
[14.432s][info][gc,phases      ] GC(165) Post Compact 4.065ms
[14.433s][info][gc,heap        ] GC(165) PSYoungGen: 84224K(172032K)->24644K(172032K) Eden: 0K(45056K)->0K(45056K) From: 84224K(126976K)->24644K(126976K)
[14.433s][info][gc,heap        ] GC(165) ParOldGen: 2201232K(2258432K)->2258121K(2503680K)
[14.433s][info][gc,metaspace   ] GC(165) Metaspace: 6299K(6464K)->6299K(6464K) NonClass: 5766K(5824K)->5766K(5824K) Class: 533K(640K)->533K(640K)
[14.433s][info][gc             ] GC(165) Pause Full (Ergonomics) 2231M->2229M(2613M) 713.815ms
[14.433s][info][gc,cpu         ] GC(165) User=5.27s Sys=0.06s Real=0.71s
[14.488s][info][gc,start       ] GC(166) Pause Young (Allocation Failure)
[14.621s][info][gc,heap        ] GC(166) PSYoungGen: 69700K(172032K)->57824K(102912K) Eden: 45056K(45056K)->0K(45056K) From: 24644K(126976K)->57824K(57856K)
[14.621s][info][gc,heap        ] GC(166) ParOldGen: 2258121K(2503680K)->2270393K(2503680K)
[14.621s][info][gc,metaspace   ] GC(166) Metaspace: 6299K(6464K)->6299K(6464K) NonClass: 5766K(5824K)->5766K(5824K) Class: 533K(640K)->533K(640K)
[14.621s][info][gc             ] GC(166) Pause Young (Allocation Failure) 2273M->2273M(2545M) 133.191ms
[14.621s][info][gc,cpu         ] GC(166) User=1.02s Sys=0.00s Real=0.13s
[14.673s][info][gc,start       ] GC(167) Pause Young (Allocation Failure)
[14.728s][info][gc,heap        ] GC(167) PSYoungGen: 102880K(102912K)->102976K(164352K) Eden: 45056K(45056K)->0K(40960K) From: 57824K(57856K)->102976K(123392K)
[14.728s][info][gc,heap        ] GC(167) ParOldGen: 2270393K(2503680K)->2270393K(2503680K)
[14.728s][info][gc,metaspace   ] GC(167) Metaspace: 6299K(6464K)->6299K(6464K) NonClass: 5766K(5824K)->5766K(5824K) Class: 533K(640K)->533K(640K)
[14.728s][info][gc             ] GC(167) Pause Young (Allocation Failure) 2317M->2317M(2605M) 55.376ms
[14.728s][info][gc,cpu         ] GC(167) User=0.38s Sys=0.02s Real=0.06s
[14.776s][info][gc,start       ] GC(168) Pause Young (Allocation Failure)
[14.850s][info][gc,heap        ] GC(168) PSYoungGen: 143936K(164352K)->131584K(172544K) Eden: 40960K(40960K)->0K(40960K) From: 102976K(123392K)->131584K(131584K)
[14.850s][info][gc,heap        ] GC(168) ParOldGen: 2270393K(2503680K)->2282777K(2503680K)
[14.850s][info][gc,metaspace   ] GC(168) Metaspace: 6299K(6464K)->6299K(6464K) NonClass: 5766K(5824K)->5766K(5824K) Class: 533K(640K)->533K(640K)
[14.850s][info][gc             ] GC(168) Pause Young (Allocation Failure) 2357M->2357M(2613M) 73.559ms
[14.850s][info][gc,cpu         ] GC(168) User=0.48s Sys=0.02s Real=0.07s
[14.905s][info][gc,start       ] GC(169) Pause Young (Allocation Failure)
[15.003s][info][gc,heap        ] GC(169) PSYoungGen: 172544K(172544K)->121216K(188928K) Eden: 40960K(40960K)->0K(35840K) From: 131584K(131584K)->121216K(153088K)
[15.003s][info][gc,heap        ] GC(169) ParOldGen: 2282777K(2503680K)->2334641K(2503680K)
[15.003s][info][gc,metaspace   ] GC(169) Metaspace: 6299K(6464K)->6299K(6464K) NonClass: 5766K(5824K)->5766K(5824K) Class: 533K(640K)->533K(640K)
[15.003s][info][gc             ] GC(169) Pause Young (Allocation Failure) 2397M->2398M(2629M) 97.547ms
[15.003s][info][gc,cpu         ] GC(169) User=0.62s Sys=0.02s Real=0.10s
[15.046s][info][gc,start       ] GC(170) Pause Young (Allocation Failure)
[15.132s][info][gc,heap        ] GC(170) PSYoungGen: 157056K(188928K)->114368K(198144K) Eden: 35840K(35840K)->0K(35840K) From: 121216K(153088K)->114368K(162304K)
[15.132s][info][gc,heap        ] GC(170) ParOldGen: 2334641K(2503680K)->2377737K(2503680K)
[15.132s][info][gc,metaspace   ] GC(170) Metaspace: 6299K(6464K)->6299K(6464K) NonClass: 5766K(5824K)->5766K(5824K) Class: 533K(640K)->533K(640K)
[15.132s][info][gc             ] GC(170) Pause Young (Allocation Failure) 2433M->2433M(2638M) 86.248ms
[15.132s][info][gc,cpu         ] GC(170) User=0.61s Sys=0.02s Real=0.09s
[15.175s][info][gc,start       ] GC(171) Pause Young (Allocation Failure)
[15.255s][info][gc,heap        ] GC(171) PSYoungGen: 150208K(198144K)->112928K(204288K) Eden: 35840K(35840K)->0K(37376K) From: 114368K(162304K)->112928K(166912K)
[15.255s][info][gc,heap        ] GC(171) ParOldGen: 2377737K(2503680K)->2415393K(2503680K)
[15.255s][info][gc,metaspace   ] GC(171) Metaspace: 6299K(6464K)->6299K(6464K) NonClass: 5766K(5824K)->5766K(5824K) Class: 533K(640K)->533K(640K)
[15.255s][info][gc             ] GC(171) Pause Young (Allocation Failure) 2468M->2469M(2644M) 80.372ms
[15.255s][info][gc,cpu         ] GC(171) User=0.48s Sys=0.02s Real=0.08s
[15.298s][info][gc,start       ] GC(172) Pause Young (Allocation Failure)
[15.381s][info][gc,heap        ] GC(172) PSYoungGen: 150304K(204288K)->109344K(206848K) Eden: 37376K(37376K)->0K(37376K) From: 112928K(166912K)->109344K(169472K)
[15.382s][info][gc,heap        ] GC(172) ParOldGen: 2415393K(2503680K)->2456729K(2503680K)
[15.382s][info][gc,metaspace   ] GC(172) Metaspace: 6299K(6464K)->6299K(6464K) NonClass: 5766K(5824K)->5766K(5824K) Class: 533K(640K)->533K(640K)
[15.382s][info][gc             ] GC(172) Pause Young (Allocation Failure) 2505M->2505M(2647M) 83.809ms
[15.382s][info][gc,cpu         ] GC(172) User=0.44s Sys=0.06s Real=0.08s
[15.382s][info][gc,start       ] GC(173) Pause Full (Ergonomics)
[15.382s][info][gc,phases,start] GC(173) Marking Phase
[15.966s][info][gc,phases      ] GC(173) Marking Phase 584.618ms
[15.966s][info][gc,phases,start] GC(173) Summary Phase
[15.966s][info][gc,phases      ] GC(173) Summary Phase 0.044ms
[15.966s][info][gc,phases,start] GC(173) Adjust Roots
[15.967s][info][gc,phases      ] GC(173) Adjust Roots 0.202ms
[15.967s][info][gc,phases,start] GC(173) Compaction Phase
[16.198s][info][gc,phases      ] GC(173) Compaction Phase 231.530ms
[16.198s][info][gc,phases,start] GC(173) Post Compact
[16.203s][info][gc,phases      ] GC(173) Post Compact 5.064ms
[16.204s][info][gc,heap        ] GC(173) PSYoungGen: 109344K(206848K)->60400K(206848K) Eden: 0K(37376K)->0K(37376K) From: 109344K(169472K)->60400K(169472K)
[16.204s][info][gc,heap        ] GC(173) ParOldGen: 2456729K(2503680K)->2503225K(2767360K)
[16.204s][info][gc,metaspace   ] GC(173) Metaspace: 6299K(6464K)->6299K(6464K) NonClass: 5766K(5824K)->5766K(5824K) Class: 533K(640K)->533K(640K)
[16.204s][info][gc             ] GC(173) Pause Full (Ergonomics) 2505M->2503M(2904M) 822.689ms
[16.204s][info][gc,cpu         ] GC(173) User=6.08s Sys=0.03s Real=0.82s
[16.250s][info][gc,start       ] GC(174) Pause Young (Allocation Failure)
[16.413s][info][gc,heap        ] GC(174) PSYoungGen: 97776K(206848K)->58432K(203776K) Eden: 37376K(37376K)->0K(41472K) From: 60400K(169472K)->58432K(162304K)
[16.413s][info][gc,heap        ] GC(174) ParOldGen: 2503225K(2767360K)->2543185K(2767360K)
[16.413s][info][gc,metaspace   ] GC(174) Metaspace: 6299K(6464K)->6299K(6464K) NonClass: 5766K(5824K)->5766K(5824K) Class: 533K(640K)->533K(640K)
[16.414s][info][gc             ] GC(174) Pause Young (Allocation Failure) 2540M->2540M(2901M) 163.350ms
[16.414s][info][gc,cpu         ] GC(174) User=1.00s Sys=0.05s Real=0.16s
[16.463s][info][gc,start       ] GC(175) Pause Young (Allocation Failure)
[16.520s][info][gc,heap        ] GC(175) PSYoungGen: 99904K(203776K)->79072K(120832K) Eden: 41472K(41472K)->0K(41472K) From: 58432K(162304K)->79072K(79360K)
[16.520s][info][gc,heap        ] GC(175) ParOldGen: 2543185K(2767360K)->2564257K(2767360K)
[16.520s][info][gc,metaspace   ] GC(175) Metaspace: 6299K(6464K)->6299K(6464K) NonClass: 5766K(5824K)->5766K(5824K) Class: 533K(640K)->533K(640K)
[16.520s][info][gc             ] GC(175) Pause Young (Allocation Failure) 2581M->2581M(2820M) 56.793ms
[16.520s][info][gc,cpu         ] GC(175) User=0.34s Sys=0.03s Real=0.06s
[16.574s][info][gc,start       ] GC(176) Pause Young (Allocation Failure)
[16.639s][info][gc,heap        ] GC(176) PSYoungGen: 120544K(120832K)->83168K(191488K) Eden: 41472K(41472K)->0K(46080K) From: 79072K(79360K)->83168K(145408K)
[16.639s][info][gc,heap        ] GC(176) ParOldGen: 2564257K(2767360K)->2601977K(2767360K)
[16.639s][info][gc,metaspace   ] GC(176) Metaspace: 6299K(6464K)->6299K(6464K) NonClass: 5766K(5824K)->5766K(5824K) Class: 533K(640K)->533K(640K)
[16.639s][info][gc             ] GC(176) Pause Young (Allocation Failure) 2621M->2622M(2889M) 65.355ms
[16.639s][info][gc,cpu         ] GC(176) User=0.34s Sys=0.06s Real=0.07s
[16.696s][info][gc,start       ] GC(177) Pause Young (Allocation Failure)
[16.767s][info][gc,heap        ] GC(177) PSYoungGen: 129248K(191488K)->87776K(134144K) Eden: 46080K(46080K)->0K(46080K) From: 83168K(145408K)->87776K(88064K)
[16.767s][info][gc,heap        ] GC(177) ParOldGen: 2601977K(2767360K)->2643833K(2767360K)
[16.767s][info][gc,metaspace   ] GC(177) Metaspace: 6299K(6464K)->6299K(6464K) NonClass: 5766K(5824K)->5766K(5824K) Class: 533K(640K)->533K(640K)
[16.767s][info][gc             ] GC(177) Pause Young (Allocation Failure) 2667M->2667M(2833M) 71.331ms
[16.767s][info][gc,cpu         ] GC(177) User=0.47s Sys=0.03s Real=0.07s
[16.821s][info][gc,start       ] GC(178) Pause Young (Allocation Failure)
[16.896s][info][gc,heap        ] GC(178) PSYoungGen: 133856K(134144K)->92480K(190976K) Eden: 46080K(46080K)->0K(51200K) From: 87776K(88064K)->92480K(139776K)
[16.897s][info][gc,heap        ] GC(178) ParOldGen: 2643833K(2767360K)->2685689K(2767360K)
[16.897s][info][gc,metaspace   ] GC(178) Metaspace: 6299K(6464K)->6299K(6464K) NonClass: 5766K(5824K)->5766K(5824K) Class: 533K(640K)->533K(640K)
[16.897s][info][gc             ] GC(178) Pause Young (Allocation Failure) 2712M->2713M(2889M) 75.470ms
[16.897s][info][gc,cpu         ] GC(178) User=0.50s Sys=0.02s Real=0.08s
[16.957s][info][gc,start       ] GC(179) Pause Young (Allocation Failure)
[17.041s][info][gc,heap        ] GC(179) PSYoungGen: 143680K(190976K)->97568K(194560K) Eden: 51200K(51200K)->0K(51200K) From: 92480K(139776K)->97568K(143360K)
[17.041s][info][gc,heap        ] GC(179) ParOldGen: 2685689K(2767360K)->2732193K(2767360K)
[17.041s][info][gc,metaspace   ] GC(179) Metaspace: 6299K(6464K)->6299K(6464K) NonClass: 5766K(5824K)->5766K(5824K) Class: 533K(640K)->533K(640K)
[17.041s][info][gc             ] GC(179) Pause Young (Allocation Failure) 2763M->2763M(2892M) 83.694ms
[17.041s][info][gc,cpu         ] GC(179) User=0.48s Sys=0.02s Real=0.08s
[17.041s][info][gc,start       ] GC(180) Pause Full (Ergonomics)
[17.041s][info][gc,phases,start] GC(180) Marking Phase
[17.661s][info][gc,phases      ] GC(180) Marking Phase 620.527ms
[17.661s][info][gc,phases,start] GC(180) Summary Phase
[17.661s][info][gc,phases      ] GC(180) Summary Phase 0.039ms
[17.661s][info][gc,phases,start] GC(180) Adjust Roots
[17.662s][info][gc,phases      ] GC(180) Adjust Roots 0.163ms
[17.662s][info][gc,phases,start] GC(180) Compaction Phase
[17.893s][info][gc,phases      ] GC(180) Compaction Phase 231.388ms
[17.893s][info][gc,phases,start] GC(180) Post Compact
[17.898s][info][gc,phases      ] GC(180) Post Compact 4.813ms
[17.899s][info][gc,heap        ] GC(180) PSYoungGen: 97568K(194560K)->59908K(194560K) Eden: 0K(51200K)->0K(51200K) From: 97568K(143360K)->59908K(143360K)
[17.899s][info][gc,heap        ] GC(180) ParOldGen: 2732193K(2767360K)->2767217K(3048448K)
[17.899s][info][gc,metaspace   ] GC(180) Metaspace: 6299K(6464K)->6299K(6464K) NonClass: 5766K(5824K)->5766K(5824K) Class: 533K(640K)->533K(640K)
[17.899s][info][gc             ] GC(180) Pause Full (Ergonomics) 2763M->2760M(3167M) 858.164ms
[17.899s][info][gc,cpu         ] GC(180) User=6.53s Sys=0.02s Real=0.86s
[18.543s][info][gc,start       ] GC(181) Pause Young (Allocation Failure)
[18.706s][info][gc,heap        ] GC(181) PSYoungGen: 111108K(194560K)->82592K(188416K) Eden: 51200K(51200K)->0K(56320K) From: 59908K(143360K)->82592K(132096K)
[18.706s][info][gc,heap        ] GC(181) ParOldGen: 2898289K(3048448K)->2927393K(3048448K)
[18.706s][info][gc,metaspace   ] GC(181) Metaspace: 6299K(6464K)->6299K(6464K) NonClass: 5766K(5824K)->5766K(5824K) Class: 533K(640K)->533K(640K)
[18.706s][info][gc             ] GC(181) Pause Young (Allocation Failure) 2938M->2939M(3161M) 162.870ms
[18.706s][info][gc,cpu         ] GC(181) User=1.06s Sys=0.00s Real=0.16s
[18.767s][info][gc,start       ] GC(182) Pause Young (Allocation Failure)
[18.847s][info][gc,heap        ] GC(182) PSYoungGen: 138912K(188416K)->137216K(193536K) Eden: 56320K(56320K)->0K(56320K) From: 82592K(132096K)->137216K(137216K)
[18.847s][info][gc,heap        ] GC(182) ParOldGen: 2927393K(3048448K)->2929065K(3048448K)
[18.847s][info][gc,metaspace   ] GC(182) Metaspace: 6299K(6464K)->6299K(6464K) NonClass: 5766K(5824K)->5766K(5824K) Class: 533K(640K)->533K(640K)
[18.847s][info][gc             ] GC(182) Pause Young (Allocation Failure) 2994M->2994M(3166M) 79.283ms
[18.847s][info][gc,cpu         ] GC(182) User=0.27s Sys=0.00s Real=0.08s
[18.902s][info][gc,start       ] GC(183) Pause Young (Allocation Failure)
[18.999s][info][gc,heap        ] GC(183) PSYoungGen: 193536K(193536K)->112608K(211968K) Eden: 56320K(56320K)->0K(60416K) From: 137216K(137216K)->112608K(151552K)
[18.999s][info][gc,heap        ] GC(183) ParOldGen: 2929065K(3048448K)->3010785K(3048448K)
[18.999s][info][gc,metaspace   ] GC(183) Metaspace: 6299K(6464K)->6299K(6464K) NonClass: 5766K(5824K)->5766K(5824K) Class: 533K(640K)->533K(640K)
[18.999s][info][gc             ] GC(183) Pause Young (Allocation Failure) 3049M->3050M(3184M) 96.663ms
[18.999s][info][gc,cpu         ] GC(183) User=0.64s Sys=0.03s Real=0.10s
[18.999s][info][gc,start       ] GC(184) Pause Full (Ergonomics)
[18.999s][info][gc,phases,start] GC(184) Marking Phase
[19.675s][info][gc,phases      ] GC(184) Marking Phase 675.900ms
[19.675s][info][gc,phases,start] GC(184) Summary Phase
[19.675s][info][gc,phases      ] GC(184) Summary Phase 0.050ms
[19.675s][info][gc,phases,start] GC(184) Adjust Roots
[19.675s][info][gc,phases      ] GC(184) Adjust Roots 0.187ms
[19.675s][info][gc,phases,start] GC(184) Compaction Phase
[20.154s][info][gc,phases      ] GC(184) Compaction Phase 479.315ms
[20.155s][info][gc,phases,start] GC(184) Post Compact
[20.161s][info][gc,phases      ] GC(184) Post Compact 6.569ms
[20.163s][info][gc,heap        ] GC(184) PSYoungGen: 112608K(211968K)->8050K(211968K) Eden: 0K(60416K)->0K(60416K) From: 112608K(151552K)->8050K(151552K)
[20.163s][info][gc,heap        ] GC(184) ParOldGen: 3010785K(3048448K)->3048362K(3365376K)
[20.163s][info][gc,metaspace   ] GC(184) Metaspace: 6299K(6464K)->6299K(6464K) NonClass: 5766K(5824K)->5766K(5824K) Class: 533K(640K)->533K(640K)
[20.163s][info][gc             ] GC(184) Pause Full (Ergonomics) 3050M->2984M(3493M) 1163.798ms
[20.163s][info][gc,cpu         ] GC(184) User=8.08s Sys=0.09s Real=1.16s
[20.225s][info][gc,start       ] GC(185) Pause Young (Allocation Failure)
[20.387s][info][gc,heap        ] GC(185) PSYoungGen: 68466K(211968K)->68736K(213504K) Eden: 60416K(60416K)->0K(60416K) From: 8050K(151552K)->68736K(153088K)
[20.387s][info][gc,heap        ] GC(185) ParOldGen: 3048362K(3365376K)->3048362K(3365376K)
[20.387s][info][gc,metaspace   ] GC(185) Metaspace: 6299K(6464K)->6299K(6464K) NonClass: 5766K(5824K)->5766K(5824K) Class: 533K(640K)->533K(640K)
[20.387s][info][gc             ] GC(185) Pause Young (Allocation Failure) 3043M->3044M(3495M) 161.560ms
[20.387s][info][gc,cpu         ] GC(185) User=0.94s Sys=0.00s Real=0.16s
[20.450s][info][gc,start       ] GC(186) Pause Young (Allocation Failure)
[20.524s][info][gc,heap        ] GC(186) PSYoungGen: 129152K(213504K)->129248K(209408K) Eden: 60416K(60416K)->0K(57856K) From: 68736K(153088K)->129248K(151552K)
[20.524s][info][gc,heap        ] GC(186) ParOldGen: 3048362K(3365376K)->3048362K(3365376K)
[20.524s][info][gc,metaspace   ] GC(186) Metaspace: 6299K(6464K)->6299K(6464K) NonClass: 5766K(5824K)->5766K(5824K) Class: 533K(640K)->533K(640K)
[20.525s][info][gc             ] GC(186) Pause Young (Allocation Failure) 3103M->3103M(3491M) 74.673ms
[20.525s][info][gc,cpu         ] GC(186) User=0.19s Sys=0.00s Real=0.07s
[20.589s][info][gc,start       ] GC(187) Pause Young (Allocation Failure)
[20.678s][info][gc,heap        ] GC(187) PSYoungGen: 187104K(209408K)->159744K(217600K) Eden: 57856K(57856K)->0K(57856K) From: 129248K(151552K)->159744K(159744K)
[20.678s][info][gc,heap        ] GC(187) ParOldGen: 3048362K(3365376K)->3075898K(3365376K)
[20.678s][info][gc,metaspace   ] GC(187) Metaspace: 6299K(6464K)->6299K(6464K) NonClass: 5766K(5824K)->5766K(5824K) Class: 533K(640K)->533K(640K)
[20.678s][info][gc             ] GC(187) Pause Young (Allocation Failure) 3159M->3159M(3499M) 89.623ms
[20.678s][info][gc,cpu         ] GC(187) User=0.50s Sys=0.03s Real=0.09s
[20.736s][info][gc,start       ] GC(188) Pause Young (Allocation Failure)
[20.847s][info][gc,heap        ] GC(188) PSYoungGen: 217600K(217600K)->160320K(239104K) Eden: 57856K(57856K)->0K(51712K) From: 159744K(159744K)->160320K(187392K)
[20.847s][info][gc,heap        ] GC(188) ParOldGen: 3075898K(3365376K)->3133818K(3365376K)
[20.847s][info][gc,metaspace   ] GC(188) Metaspace: 6299K(6464K)->6299K(6464K) NonClass: 5766K(5824K)->5766K(5824K) Class: 533K(640K)->533K(640K)
[20.847s][info][gc             ] GC(188) Pause Young (Allocation Failure) 3216M->3216M(3520M) 111.006ms
[20.847s][info][gc,cpu         ] GC(188) User=0.64s Sys=0.05s Real=0.11s
[20.899s][info][gc,start       ] GC(189) Pause Young (Allocation Failure)
[21.001s][info][gc,heap        ] GC(189) PSYoungGen: 212032K(239104K)->159232K(251392K) Eden: 51712K(51712K)->0K(51712K) From: 160320K(187392K)->159232K(199680K)
[21.002s][info][gc,heap        ] GC(189) ParOldGen: 3133818K(3365376K)->3187090K(3365376K)
[21.002s][info][gc,metaspace   ] GC(189) Metaspace: 6299K(6464K)->6299K(6464K) NonClass: 5766K(5824K)->5766K(5824K) Class: 533K(640K)->533K(640K)
[21.002s][info][gc             ] GC(189) Pause Young (Allocation Failure) 3267M->3267M(3532M) 102.182ms
[21.002s][info][gc,cpu         ] GC(189) User=0.70s Sys=0.03s Real=0.10s
[21.058s][info][gc,start       ] GC(190) Pause Young (Allocation Failure)
[21.158s][info][gc,heap        ] GC(190) PSYoungGen: 210944K(251392K)->161664K(258560K) Eden: 51712K(51712K)->0K(49664K) From: 159232K(199680K)->161664K(208896K)
[21.158s][info][gc,heap        ] GC(190) ParOldGen: 3187090K(3365376K)->3236826K(3365376K)
[21.158s][info][gc,metaspace   ] GC(190) Metaspace: 6299K(6464K)->6299K(6464K) NonClass: 5766K(5824K)->5766K(5824K) Class: 533K(640K)->533K(640K)
[21.158s][info][gc             ] GC(190) Pause Young (Allocation Failure) 3318M->3318M(3539M) 100.522ms
[21.158s][info][gc,cpu         ] GC(190) User=0.69s Sys=0.06s Real=0.10s
[21.211s][info][gc,start       ] GC(191) Pause Young (Allocation Failure)
[21.314s][info][gc,heap        ] GC(191) PSYoungGen: 211328K(258560K)->101728K(151552K) Eden: 49664K(49664K)->0K(49664K) From: 161664K(208896K)->101728K(101888K)
[21.314s][info][gc,heap        ] GC(191) ParOldGen: 3236826K(3365376K)->3347362K(3365376K)
[21.314s][info][gc,metaspace   ] GC(191) Metaspace: 6299K(6464K)->6299K(6464K) NonClass: 5766K(5824K)->5766K(5824K) Class: 533K(640K)->533K(640K)
[21.315s][info][gc             ] GC(191) Pause Young (Allocation Failure) 3367M->3368M(3434M) 103.964ms
[21.315s][info][gc,cpu         ] GC(191) User=0.69s Sys=0.06s Real=0.10s
[21.315s][info][gc,start       ] GC(192) Pause Full (Ergonomics)
[21.315s][info][gc,phases,start] GC(192) Marking Phase
[22.100s][info][gc,phases      ] GC(192) Marking Phase 785.675ms
[22.100s][info][gc,phases,start] GC(192) Summary Phase
[22.100s][info][gc,phases      ] GC(192) Summary Phase 0.050ms
[22.100s][info][gc,phases,start] GC(192) Adjust Roots
[22.101s][info][gc,phases      ] GC(192) Adjust Roots 0.162ms
[22.101s][info][gc,phases,start] GC(192) Compaction Phase
[22.443s][info][gc,phases      ] GC(192) Compaction Phase 342.712ms
[22.443s][info][gc,phases,start] GC(192) Post Compact
[22.450s][info][gc,phases      ] GC(192) Post Compact 6.998ms
[22.452s][info][gc,heap        ] GC(192) PSYoungGen: 101728K(151552K)->80872K(151552K) Eden: 0K(49664K)->0K(49664K) From: 101728K(101888K)->80872K(101888K)
[22.452s][info][gc,heap        ] GC(192) ParOldGen: 3347362K(3365376K)->3364966K(3727872K)
[22.452s][info][gc,metaspace   ] GC(192) Metaspace: 6299K(6464K)->6299K(6464K) NonClass: 5766K(5824K)->5766K(5824K) Class: 533K(640K)->533K(640K)
[22.452s][info][gc             ] GC(192) Pause Full (Ergonomics) 3368M->3365M(3788M) 1137.155ms
[22.452s][info][gc,cpu         ] GC(192) User=8.20s Sys=0.00s Real=1.14s
[22.497s][info][gc,start       ] GC(193) Pause Young (Allocation Failure)
[22.707s][info][gc,heap        ] GC(193) PSYoungGen: 130536K(151552K)->49856K(264192K) Eden: 49664K(49664K)->0K(53760K) From: 80872K(101888K)->49856K(210432K)
[22.708s][info][gc,heap        ] GC(193) ParOldGen: 3364966K(3727872K)->3446582K(3727872K)
[22.708s][info][gc,metaspace   ] GC(193) Metaspace: 6299K(6464K)->6299K(6464K) NonClass: 5766K(5824K)->5766K(5824K) Class: 533K(640K)->533K(640K)
[22.708s][info][gc             ] GC(193) Pause Young (Allocation Failure) 3413M->3414M(3898M) 210.387ms
[22.708s][info][gc,cpu         ] GC(193) User=1.33s Sys=0.05s Real=0.21s
[22.762s][info][gc,start       ] GC(194) Pause Young (Allocation Failure)
[22.832s][info][gc,heap        ] GC(194) PSYoungGen: 103616K(264192K)->53952K(266240K) Eden: 53760K(53760K)->0K(53760K) From: 49856K(210432K)->53952K(212480K)
[22.832s][info][gc,heap        ] GC(194) ParOldGen: 3446582K(3727872K)->3496686K(3727872K)
[22.832s][info][gc,metaspace   ] GC(194) Metaspace: 6299K(6464K)->6299K(6464K) NonClass: 5766K(5824K)->5766K(5824K) Class: 533K(640K)->533K(640K)
[22.832s][info][gc             ] GC(194) Pause Young (Allocation Failure) 3466M->3467M(3900M) 69.684ms
[22.832s][info][gc,cpu         ] GC(194) User=0.25s Sys=0.03s Real=0.07s
[22.891s][info][gc,start       ] GC(195) Pause Young (Allocation Failure)
[22.962s][info][gc,heap        ] GC(195) PSYoungGen: 107712K(266240K)->53984K(268288K) Eden: 53760K(53760K)->0K(59392K) From: 53952K(212480K)->53984K(208896K)
[22.962s][info][gc,heap        ] GC(195) ParOldGen: 3496686K(3727872K)->3550934K(3727872K)
[22.962s][info][gc,metaspace   ] GC(195) Metaspace: 6299K(6464K)->6299K(6464K) NonClass: 5766K(5824K)->5766K(5824K) Class: 533K(640K)->533K(640K)
[22.962s][info][gc             ] GC(195) Pause Young (Allocation Failure) 3519M->3520M(3902M) 71.225ms
[22.962s][info][gc,cpu         ] GC(195) User=0.19s Sys=0.02s Real=0.07s
[23.028s][info][gc,start       ] GC(196) Pause Young (Allocation Failure)
[23.113s][info][gc,heap        ] GC(196) PSYoungGen: 113376K(268288K)->59616K(269824K) Eden: 59392K(59392K)->0K(59392K) From: 53984K(208896K)->59616K(210432K)
[23.113s][info][gc,heap        ] GC(196) ParOldGen: 3550934K(3727872K)->3605166K(3727872K)
[23.113s][info][gc,metaspace   ] GC(196) Metaspace: 6299K(6464K)->6299K(6464K) NonClass: 5766K(5824K)->5766K(5824K) Class: 533K(640K)->533K(640K)
[23.113s][info][gc             ] GC(196) Pause Young (Allocation Failure) 3578M->3578M(3904M) 84.782ms
[23.113s][info][gc,cpu         ] GC(196) User=0.25s Sys=0.03s Real=0.09s
[23.174s][info][gc,start       ] GC(197) Pause Young (Allocation Failure)
[23.253s][info][gc,heap        ] GC(197) PSYoungGen: 119008K(269824K)->59616K(262144K) Eden: 59392K(59392K)->0K(66048K) From: 59616K(210432K)->59616K(196096K)
[23.253s][info][gc,heap        ] GC(197) ParOldGen: 3605166K(3727872K)->3665078K(3727872K)
[23.253s][info][gc,metaspace   ] GC(197) Metaspace: 6299K(6464K)->6299K(6464K) NonClass: 5766K(5824K)->5766K(5824K) Class: 533K(640K)->533K(640K)
[23.253s][info][gc             ] GC(197) Pause Young (Allocation Failure) 3636M->3637M(3896M) 79.376ms
[23.253s][info][gc,cpu         ] GC(197) User=0.39s Sys=0.02s Real=0.08s
[23.253s][info][gc,start       ] GC(198) Pause Full (Ergonomics)
[23.253s][info][gc,phases,start] GC(198) Marking Phase
[24.154s][info][gc,phases      ] GC(198) Marking Phase 900.993ms
[24.154s][info][gc,phases,start] GC(198) Summary Phase
[24.154s][info][gc,phases      ] GC(198) Summary Phase 0.116ms
[24.154s][info][gc,phases,start] GC(198) Adjust Roots
[24.155s][info][gc,phases      ] GC(198) Adjust Roots 0.351ms
[24.155s][info][gc,phases,start] GC(198) Compaction Phase
[24.537s][info][gc,phases      ] GC(198) Compaction Phase 382.511ms
[24.537s][info][gc,phases,start] GC(198) Post Compact
[24.545s][info][gc,phases      ] GC(198) Post Compact 7.689ms
[24.546s][info][gc,heap        ] GC(198) PSYoungGen: 59616K(262144K)->0K(267264K) Eden: 0K(66048K)->0K(66048K) From: 59616K(196096K)->0K(201216K)
[24.546s][info][gc,heap        ] GC(198) ParOldGen: 3665078K(3727872K)->3721651K(4106752K)
[24.546s][info][gc,metaspace   ] GC(198) Metaspace: 6299K(6464K)->6299K(6464K) NonClass: 5766K(5824K)->5766K(5824K) Class: 533K(640K)->533K(640K)
[24.546s][info][gc             ] GC(198) Pause Full (Ergonomics) 3637M->3634M(4271M) 1293.335ms
[24.546s][info][gc,cpu         ] GC(198) User=8.77s Sys=0.03s Real=1.29s
[24.608s][info][gc,start       ] GC(199) Pause Young (Allocation Failure)
[24.663s][info][gc,heap        ] GC(199) PSYoungGen: 66048K(267264K)->66272K(260096K) Eden: 66048K(66048K)->0K(72192K) From: 0K(201216K)->66272K(187904K)
[24.663s][info][gc,heap        ] GC(199) ParOldGen: 3721651K(4106752K)->3721651K(4106752K)
[24.663s][info][gc,metaspace   ] GC(199) Metaspace: 6299K(6464K)->6299K(6464K) NonClass: 5766K(5824K)->5766K(5824K) Class: 533K(640K)->533K(640K)
[24.663s][info][gc             ] GC(199) Pause Young (Allocation Failure) 3698M->3699M(4264M) 55.006ms
[24.663s][info][gc,cpu         ] GC(199) User=0.17s Sys=0.00s Real=0.05s
[24.738s][info][gc,start       ] GC(200) Pause Young (Allocation Failure)
[24.819s][info][gc,heap        ] GC(200) PSYoungGen: 138464K(260096K)->138592K(267264K) Eden: 72192K(72192K)->0K(72192K) From: 66272K(187904K)->138592K(195072K)
[24.819s][info][gc,heap        ] GC(200) ParOldGen: 3721651K(4106752K)->3721651K(4106752K)
[24.819s][info][gc,metaspace   ] GC(200) Metaspace: 6299K(6464K)->6299K(6464K) NonClass: 5766K(5824K)->5766K(5824K) Class: 533K(640K)->533K(640K)
[24.819s][info][gc             ] GC(200) Pause Young (Allocation Failure) 3769M->3769M(4271M) 81.383ms
[24.819s][info][gc,cpu         ] GC(200) User=0.28s Sys=0.00s Real=0.08s
[24.894s][info][gc,start       ] GC(201) Pause Young (Allocation Failure)
[25.006s][info][gc,heap        ] GC(201) PSYoungGen: 210784K(267264K)->202752K(250368K) Eden: 72192K(72192K)->0K(47616K) From: 138592K(195072K)->202752K(202752K)
[25.006s][info][gc,heap        ] GC(201) ParOldGen: 3721651K(4106752K)->3729787K(4106752K)
[25.006s][info][gc,metaspace   ] GC(201) Metaspace: 6299K(6464K)->6299K(6464K) NonClass: 5766K(5824K)->5766K(5824K) Class: 533K(640K)->533K(640K)
[25.006s][info][gc             ] GC(201) Pause Young (Allocation Failure) 3840M->3840M(4255M) 112.409ms
[25.007s][info][gc,cpu         ] GC(201) User=0.55s Sys=0.03s Real=0.11s
[25.054s][info][gc,start       ] GC(202) Pause Young (Allocation Failure)
[25.192s][info][gc,heap        ] GC(202) PSYoungGen: 250368K(250368K)->117728K(165376K) Eden: 47616K(47616K)->0K(47616K) From: 202752K(202752K)->117728K(117760K)
[25.192s][info][gc,heap        ] GC(202) ParOldGen: 3729787K(4106752K)->3863611K(4106752K)
[25.192s][info][gc,metaspace   ] GC(202) Metaspace: 6299K(6464K)->6299K(6464K) NonClass: 5766K(5824K)->5766K(5824K) Class: 533K(640K)->533K(640K)
[25.192s][info][gc             ] GC(202) Pause Young (Allocation Failure) 3886M->3888M(4172M) 137.775ms
[25.192s][info][gc,cpu         ] GC(202) User=0.92s Sys=0.05s Real=0.14s
[25.240s][info][gc,start       ] GC(203) Pause Young (Allocation Failure)
[25.325s][info][gc,heap        ] GC(203) PSYoungGen: 165344K(165376K)->95520K(260096K) Eden: 47616K(47616K)->0K(53248K) From: 117728K(117760K)->95520K(206848K)
[25.325s][info][gc,heap        ] GC(203) ParOldGen: 3863611K(4106752K)->3934067K(4106752K)
[25.325s][info][gc,metaspace   ] GC(203) Metaspace: 6299K(6464K)->6299K(6464K) NonClass: 5766K(5824K)->5766K(5824K) Class: 533K(640K)->533K(640K)
[25.325s][info][gc             ] GC(203) Pause Young (Allocation Failure) 3934M->3935M(4264M) 84.721ms
[25.325s][info][gc,cpu         ] GC(203) User=0.58s Sys=0.02s Real=0.09s
[25.384s][info][gc,start       ] GC(204) Pause Young (Allocation Failure)
[25.462s][info][gc,heap        ] GC(204) PSYoungGen: 148768K(260096K)->101152K(154624K) Eden: 53248K(53248K)->0K(53248K) From: 95520K(206848K)->101152K(101376K)
[25.462s][info][gc,heap        ] GC(204) ParOldGen: 3934067K(4106752K)->3982123K(4106752K)
[25.462s][info][gc,metaspace   ] GC(204) Metaspace: 6299K(6464K)->6299K(6464K) NonClass: 5766K(5824K)->5766K(5824K) Class: 533K(640K)->533K(640K)
[25.462s][info][gc             ] GC(204) Pause Young (Allocation Failure) 3987M->3987M(4161M) 77.752ms
[25.462s][info][gc,cpu         ] GC(204) User=0.52s Sys=0.00s Real=0.08s
[25.526s][info][gc,start       ] GC(205) Pause Young (Allocation Failure)
[25.607s][info][gc,heap        ] GC(205) PSYoungGen: 154400K(154624K)->106784K(246272K) Eden: 53248K(53248K)->0K(59392K) From: 101152K(101376K)->106784K(186880K)
[25.607s][info][gc,heap        ] GC(205) ParOldGen: 3982123K(4106752K)->4030179K(4106752K)
[25.607s][info][gc,metaspace   ] GC(205) Metaspace: 6299K(6464K)->6299K(6464K) NonClass: 5766K(5824K)->5766K(5824K) Class: 533K(640K)->533K(640K)
[25.607s][info][gc             ] GC(205) Pause Young (Allocation Failure) 4039M->4040M(4251M) 81.763ms
[25.607s][info][gc,cpu         ] GC(205) User=0.48s Sys=0.03s Real=0.08s
[25.608s][info][gc,start       ] GC(206) Pause Full (Ergonomics)
[25.608s][info][gc,phases,start] GC(206) Marking Phase
[26.570s][info][gc,phases      ] GC(206) Marking Phase 962.388ms
[26.570s][info][gc,phases,start] GC(206) Summary Phase
[26.570s][info][gc,phases      ] GC(206) Summary Phase 0.063ms
[26.570s][info][gc,phases,start] GC(206) Adjust Roots
[26.570s][info][gc,phases      ] GC(206) Adjust Roots 0.167ms
[26.570s][info][gc,phases,start] GC(206) Compaction Phase
[26.952s][info][gc,phases      ] GC(206) Compaction Phase 381.305ms
[26.952s][info][gc,phases,start] GC(206) Post Compact
[26.960s][info][gc,phases      ] GC(206) Post Compact 7.958ms
[26.961s][info][gc,heap        ] GC(206) PSYoungGen: 106784K(246272K)->27234K(253440K) Eden: 0K(59392K)->0K(66560K) From: 106784K(186880K)->27234K(186880K)
[26.961s][info][gc,heap        ] GC(206) ParOldGen: 4030179K(4106752K)->4106362K(4530688K)
[26.961s][info][gc,metaspace   ] GC(206) Metaspace: 6299K(6464K)->6299K(6464K) NonClass: 5766K(5824K)->5766K(5824K) Class: 533K(640K)->533K(640K)
[26.961s][info][gc             ] GC(206) Pause Full (Ergonomics) 4040M->4036M(4672M) 1353.662ms
[26.961s][info][gc,cpu         ] GC(206) User=9.86s Sys=0.06s Real=1.35s
[27.022s][info][gc,start       ] GC(207) Pause Young (Allocation Failure)
[27.272s][info][gc,heap        ] GC(207) PSYoungGen: 93794K(253440K)->76320K(263168K) Eden: 66560K(66560K)->0K(66560K) From: 27234K(186880K)->76320K(196608K)
[27.272s][info][gc,heap        ] GC(207) ParOldGen: 4106362K(4530688K)->4124234K(4530688K)
[27.272s][info][gc,metaspace   ] GC(207) Metaspace: 6299K(6464K)->6299K(6464K) NonClass: 5766K(5824K)->5766K(5824K) Class: 533K(640K)->533K(640K)
[27.272s][info][gc             ] GC(207) Pause Young (Allocation Failure) 4101M->4102M(4681M) 249.687ms
[27.272s][info][gc,cpu         ] GC(207) User=1.41s Sys=0.02s Real=0.25s
[27.351s][info][gc,start       ] GC(208) Pause Young (Allocation Failure)
[27.447s][info][gc,heap        ] GC(208) PSYoungGen: 142880K(263168K)->143072K(259072K) Eden: 66560K(66560K)->0K(66560K) From: 76320K(196608K)->143072K(192512K)
[27.447s][info][gc,heap        ] GC(208) ParOldGen: 4124234K(4530688K)->4124234K(4530688K)
[27.447s][info][gc,metaspace   ] GC(208) Metaspace: 6299K(6464K)->6299K(6464K) NonClass: 5766K(5824K)->5766K(5824K) Class: 533K(640K)->533K(640K)
[27.447s][info][gc             ] GC(208) Pause Young (Allocation Failure) 4167M->4167M(4677M) 96.310ms
[27.447s][info][gc,cpu         ] GC(208) User=0.39s Sys=0.00s Real=0.10s
[27.528s][info][gc,start       ] GC(209) Pause Young (Allocation Failure)
[27.646s][info][gc,heap        ] GC(209) PSYoungGen: 209632K(259072K)->198656K(265216K) Eden: 66560K(66560K)->0K(66560K) From: 143072K(192512K)->198656K(198656K)
[27.646s][info][gc,heap        ] GC(209) ParOldGen: 4124234K(4530688K)->4135298K(4530688K)
[27.646s][info][gc,metaspace   ] GC(209) Metaspace: 6299K(6464K)->6299K(6464K) NonClass: 5766K(5824K)->5766K(5824K) Class: 533K(640K)->533K(640K)
[27.646s][info][gc             ] GC(209) Pause Young (Allocation Failure) 4232M->4232M(4683M) 118.719ms
[27.646s][info][gc,cpu         ] GC(209) User=0.70s Sys=0.00s Real=0.12s
[27.724s][info][gc,start       ] GC(210) Pause Young (Allocation Failure)
[27.873s][info][gc,heap        ] GC(210) PSYoungGen: 265216K(265216K)->196160K(282624K) Eden: 66560K(66560K)->0K(55296K) From: 198656K(198656K)->196160K(227328K)
[27.873s][info][gc,heap        ] GC(210) ParOldGen: 4135298K(4530688K)->4205130K(4530688K)
[27.873s][info][gc,metaspace   ] GC(210) Metaspace: 6299K(6464K)->6299K(6464K) NonClass: 5766K(5824K)->5766K(5824K) Class: 533K(640K)->533K(640K)
[27.873s][info][gc             ] GC(210) Pause Young (Allocation Failure) 4297M->4298M(4700M) 149.218ms
[27.873s][info][gc,cpu         ] GC(210) User=1.11s Sys=0.12s Real=0.15s
[27.934s][info][gc,start       ] GC(211) Pause Young (Allocation Failure)
[28.075s][info][gc,heap        ] GC(211) PSYoungGen: 251456K(282624K)->185760K(301056K) Eden: 55296K(55296K)->0K(55296K) From: 196160K(227328K)->185760K(245760K)
[28.075s][info][gc,heap        ] GC(211) ParOldGen: 4205130K(4530688K)->4271394K(4530688K)
[28.075s][info][gc,metaspace   ] GC(211) Metaspace: 6299K(6464K)->6299K(6464K) NonClass: 5766K(5824K)->5766K(5824K) Class: 533K(640K)->533K(640K)
[28.076s][info][gc             ] GC(211) Pause Young (Allocation Failure) 4352M->4352M(4718M) 142.012ms
[28.076s][info][gc,cpu         ] GC(211) User=0.84s Sys=0.11s Real=0.14s
[28.138s][info][gc,start       ] GC(212) Pause Young (Allocation Failure)
[28.271s][info][gc,heap        ] GC(212) PSYoungGen: 241056K(301056K)->177568K(313344K) Eden: 55296K(55296K)->0K(57344K) From: 185760K(245760K)->177568K(256000K)
[28.271s][info][gc,heap        ] GC(212) ParOldGen: 4271394K(4530688K)->4335442K(4530688K)
[28.271s][info][gc,metaspace   ] GC(212) Metaspace: 6299K(6464K)->6299K(6464K) NonClass: 5766K(5824K)->5766K(5824K) Class: 533K(640K)->533K(640K)
[28.271s][info][gc             ] GC(212) Pause Young (Allocation Failure) 4406M->4407M(4730M) 132.947ms
[28.271s][info][gc,cpu         ] GC(212) User=0.88s Sys=0.03s Real=0.13s
[28.341s][info][gc,start       ] GC(213) Pause Young (Allocation Failure)
[28.476s][info][gc,heap        ] GC(213) PSYoungGen: 234912K(313344K)->112928K(170496K) Eden: 57344K(57344K)->0K(57344K) From: 177568K(256000K)->112928K(113152K)
[28.476s][info][gc,heap        ] GC(213) ParOldGen: 4335442K(4530688K)->4458370K(4530688K)
[28.476s][info][gc,metaspace   ] GC(213) Metaspace: 6299K(6464K)->6299K(6464K) NonClass: 5766K(5824K)->5766K(5824K) Class: 533K(640K)->533K(640K)
[28.476s][info][gc             ] GC(213) Pause Young (Allocation Failure) 4463M->4464M(4591M) 134.700ms
[28.476s][info][gc,cpu         ] GC(213) User=0.78s Sys=0.12s Real=0.13s
[28.476s][info][gc,start       ] GC(214) Pause Full (Ergonomics)
[28.476s][info][gc,phases,start] GC(214) Marking Phase
[29.526s][info][gc,phases      ] GC(214) Marking Phase 1050.178ms
[29.526s][info][gc,phases,start] GC(214) Summary Phase
[29.526s][info][gc,phases      ] GC(214) Summary Phase 0.081ms
[29.526s][info][gc,phases,start] GC(214) Adjust Roots
[29.527s][info][gc,phases      ] GC(214) Adjust Roots 0.222ms
[29.527s][info][gc,phases,start] GC(214) Compaction Phase
[29.930s][info][gc,phases      ] GC(214) Compaction Phase 403.174ms
[29.930s][info][gc,phases,start] GC(214) Post Compact
[29.937s][info][gc,phases      ] GC(214) Post Compact 6.888ms
[29.938s][info][gc,heap        ] GC(214) PSYoungGen: 112928K(170496K)->36947K(170496K) Eden: 0K(57344K)->0K(57344K) From: 112928K(113152K)->36947K(113152K)
[29.938s][info][gc,heap        ] GC(214) ParOldGen: 4458370K(4530688K)->4530603K(5012480K)
[29.938s][info][gc,metaspace   ] GC(214) Metaspace: 6299K(6464K)->6299K(6464K) NonClass: 5766K(5824K)->5766K(5824K) Class: 533K(640K)->533K(640K)
[29.938s][info][gc             ] GC(214) Pause Full (Ergonomics) 4464M->4460M(5061M) 1462.341ms
[29.938s][info][gc,cpu         ] GC(214) User=10.75s Sys=0.12s Real=1.46s
[30.008s][info][gc,start       ] GC(215) Pause Young (Allocation Failure)
[30.263s][info][gc,heap        ] GC(215) PSYoungGen: 94291K(170496K)->57536K(315392K) Eden: 57344K(57344K)->0K(63488K) From: 36947K(113152K)->57536K(251904K)
[30.263s][info][gc,heap        ] GC(215) ParOldGen: 4530603K(5012480K)->4567931K(5012480K)
[30.263s][info][gc,metaspace   ] GC(215) Metaspace: 6299K(6464K)->6299K(6464K) NonClass: 5766K(5824K)->5766K(5824K) Class: 533K(640K)->533K(640K)
[30.263s][info][gc             ] GC(215) Pause Young (Allocation Failure) 4516M->4517M(5203M) 254.791ms
[30.263s][info][gc,cpu         ] GC(215) User=1.61s Sys=0.02s Real=0.25s
[30.333s][info][gc,start       ] GC(216) Pause Young (Allocation Failure)
[30.406s][info][gc,heap        ] GC(216) PSYoungGen: 121024K(315392K)->63712K(316928K) Eden: 63488K(63488K)->0K(63488K) From: 57536K(251904K)->63712K(253440K)
[30.406s][info][gc,heap        ] GC(216) ParOldGen: 4567931K(5012480K)->4625795K(5012480K)
[30.406s][info][gc,metaspace   ] GC(216) Metaspace: 6299K(6464K)->6299K(6464K) NonClass: 5766K(5824K)->5766K(5824K) Class: 533K(640K)->533K(640K)
[30.406s][info][gc             ] GC(216) Pause Young (Allocation Failure) 4579M->4579M(5204M) 73.211ms
[30.406s][info][gc,cpu         ] GC(216) User=0.56s Sys=0.06s Real=0.07s
[30.477s][info][gc,start       ] GC(217) Pause Young (Allocation Failure)
[30.553s][info][gc,heap        ] GC(217) PSYoungGen: 127200K(316928K)->63712K(313856K) Eden: 63488K(63488K)->0K(70144K) From: 63712K(253440K)->63712K(243712K)
[30.553s][info][gc,heap        ] GC(217) ParOldGen: 4625795K(5012480K)->4689859K(5012480K)
[30.553s][info][gc,metaspace   ] GC(217) Metaspace: 6299K(6464K)->6299K(6464K) NonClass: 5766K(5824K)->5766K(5824K) Class: 533K(640K)->533K(640K)
[30.553s][info][gc             ] GC(217) Pause Young (Allocation Failure) 4641M->4642M(5201M) 76.733ms
[30.553s][info][gc,cpu         ] GC(217) User=0.45s Sys=0.05s Real=0.08s
[30.638s][info][gc,start       ] GC(218) Pause Young (Allocation Failure)
[30.720s][info][gc,heap        ] GC(218) PSYoungGen: 133856K(313856K)->70400K(317440K) Eden: 70144K(70144K)->0K(70144K) From: 63712K(243712K)->70400K(247296K)
[30.720s][info][gc,heap        ] GC(218) ParOldGen: 4689859K(5012480K)->4753923K(5012480K)
[30.720s][info][gc,metaspace   ] GC(218) Metaspace: 6299K(6464K)->6299K(6464K) NonClass: 5766K(5824K)->5766K(5824K) Class: 533K(640K)->533K(640K)
[30.720s][info][gc             ] GC(218) Pause Young (Allocation Failure) 4710M->4711M(5205M) 81.605ms
[30.720s][info][gc,cpu         ] GC(218) User=0.41s Sys=0.02s Real=0.08s
[30.795s][info][gc,start       ] GC(219) Pause Young (Allocation Failure)
[30.877s][info][gc,heap        ] GC(219) PSYoungGen: 140544K(317440K)->70336K(306176K) Eden: 70144K(70144K)->0K(77824K) From: 70400K(247296K)->70336K(228352K)
[30.877s][info][gc,heap        ] GC(219) ParOldGen: 4753923K(5012480K)->4824699K(5012480K)
[30.877s][info][gc,metaspace   ] GC(219) Metaspace: 6299K(6464K)->6299K(6464K) NonClass: 5766K(5824K)->5766K(5824K) Class: 533K(640K)->533K(640K)
[30.877s][info][gc             ] GC(219) Pause Young (Allocation Failure) 4779M->4780M(5194M) 82.323ms
[30.877s][info][gc,cpu         ] GC(219) User=0.53s Sys=0.00s Real=0.08s
[30.961s][info][gc,start       ] GC(220) Pause Young (Allocation Failure)
[31.051s][info][gc,heap        ] GC(220) PSYoungGen: 148160K(306176K)->78048K(312832K) Eden: 77824K(77824K)->0K(77824K) From: 70336K(228352K)->78048K(235008K)
[31.051s][info][gc,heap        ] GC(220) ParOldGen: 4824699K(5012480K)->4895467K(5012480K)
[31.051s][info][gc,metaspace   ] GC(220) Metaspace: 6299K(6464K)->6299K(6464K) NonClass: 5766K(5824K)->5766K(5824K) Class: 533K(640K)->533K(640K)
[31.051s][info][gc             ] GC(220) Pause Young (Allocation Failure) 4856M->4856M(5200M) 89.772ms
[31.051s][info][gc,cpu         ] GC(220) User=0.36s Sys=0.02s Real=0.09s
[31.148s][info][gc,start       ] GC(221) Pause Young (Allocation Failure)
[31.241s][info][gc,heap        ] GC(221) PSYoungGen: 155872K(312832K)->78048K(296448K) Eden: 77824K(77824K)->0K(86016K) From: 78048K(235008K)->78048K(210432K)
[31.241s][info][gc,heap        ] GC(221) ParOldGen: 4895467K(5012480K)->4973987K(5012480K)
[31.241s][info][gc,metaspace   ] GC(221) Metaspace: 6299K(6464K)->6299K(6464K) NonClass: 5766K(5824K)->5766K(5824K) Class: 533K(640K)->533K(640K)
[31.241s][info][gc             ] GC(221) Pause Young (Allocation Failure) 4932M->4933M(5184M) 93.509ms
[31.241s][info][gc,cpu         ] GC(221) User=0.59s Sys=0.03s Real=0.09s
[31.241s][info][gc,start       ] GC(222) Pause Full (Ergonomics)
[31.241s][info][gc,phases,start] GC(222) Marking Phase
[32.382s][info][gc,phases      ] GC(222) Marking Phase 1140.464ms
[32.382s][info][gc,phases,start] GC(222) Summary Phase
[32.382s][info][gc,phases      ] GC(222) Summary Phase 0.062ms
[32.382s][info][gc,phases,start] GC(222) Adjust Roots
[32.382s][info][gc,phases      ] GC(222) Adjust Roots 0.162ms
[32.382s][info][gc,phases,start] GC(222) Compaction Phase
[32.813s][info][gc,phases      ] GC(222) Compaction Phase 430.689ms
[32.813s][info][gc,phases,start] GC(222) Post Compact
[32.821s][info][gc,phases      ] GC(222) Post Compact 7.713ms
[32.822s][info][gc,heap        ] GC(222) PSYoungGen: 78048K(296448K)->35369K(304640K) Eden: 0K(86016K)->0K(94208K) From: 78048K(210432K)->35369K(210432K)
[32.822s][info][gc,heap        ] GC(222) ParOldGen: 4973987K(5012480K)->5012213K(5516288K)
[32.822s][info][gc,metaspace   ] GC(222) Metaspace: 6299K(6464K)->6299K(6464K) NonClass: 5766K(5824K)->5766K(5824K) Class: 533K(640K)->533K(640K)
[32.822s][info][gc             ] GC(222) Pause Full (Ergonomics) 4933M->4929M(5684M) 1581.007ms
[32.822s][info][gc,cpu         ] GC(222) User=11.94s Sys=0.05s Real=1.58s
[32.930s][info][gc,start       ] GC(223) Pause Young (Allocation Failure)
[33.232s][info][gc,heap        ] GC(223) PSYoungGen: 129577K(304640K)->94496K(188928K) Eden: 94208K(94208K)->0K(94208K) From: 35369K(210432K)->94496K(94720K)
[33.232s][info][gc,heap        ] GC(223) ParOldGen: 5012213K(5516288K)->5047949K(5516288K)
[33.232s][info][gc,metaspace   ] GC(223) Metaspace: 6299K(6464K)->6299K(6464K) NonClass: 5766K(5824K)->5766K(5824K) Class: 533K(640K)->533K(640K)
[33.232s][info][gc             ] GC(223) Pause Young (Allocation Failure) 5021M->5021M(5571M) 302.397ms
[33.232s][info][gc,cpu         ] GC(223) User=1.86s Sys=0.00s Real=0.30s
[33.339s][info][gc,start       ] GC(224) Pause Young (Allocation Failure)
[33.445s][info][gc,heap        ] GC(224) PSYoungGen: 188704K(188928K)->188864K(288256K) Eden: 94208K(94208K)->0K(80384K) From: 94496K(94720K)->188864K(207872K)
[33.445s][info][gc,heap        ] GC(224) ParOldGen: 5047949K(5516288K)->5047949K(5516288K)
[33.445s][info][gc,metaspace   ] GC(224) Metaspace: 6299K(6464K)->6299K(6464K) NonClass: 5766K(5824K)->5766K(5824K) Class: 533K(640K)->533K(640K)
[33.445s][info][gc             ] GC(224) Pause Young (Allocation Failure) 5113M->5114M(5668M) 106.843ms
[33.446s][info][gc,cpu         ] GC(224) User=0.69s Sys=0.00s Real=0.11s
[33.536s][info][gc,start       ] GC(225) Pause Young (Allocation Failure)
[33.686s][info][gc,heap        ] GC(225) PSYoungGen: 269248K(288256K)->230400K(310784K) Eden: 80384K(80384K)->0K(80384K) From: 188864K(207872K)->230400K(230400K)
[33.686s][info][gc,heap        ] GC(225) ParOldGen: 5047949K(5516288K)->5087149K(5516288K)
[33.686s][info][gc,metaspace   ] GC(225) Metaspace: 6299K(6464K)->6299K(6464K) NonClass: 5766K(5824K)->5766K(5824K) Class: 533K(640K)->533K(640K)
[33.686s][info][gc             ] GC(225) Pause Young (Allocation Failure) 5192M->5192M(5690M) 149.453ms
[33.686s][info][gc,cpu         ] GC(225) User=1.12s Sys=0.02s Real=0.15s
[33.772s][info][gc,start       ] GC(226) Pause Young (Allocation Failure)
[33.955s][info][gc,heap        ] GC(226) PSYoungGen: 310784K(310784K)->152256K(357888K) Eden: 80384K(80384K)->0K(89600K) From: 230400K(230400K)->152256K(268288K)
[33.955s][info][gc,heap        ] GC(226) ParOldGen: 5087149K(5516288K)->5247053K(5516288K)
[33.956s][info][gc,metaspace   ] GC(226) Metaspace: 6299K(6464K)->6299K(6464K) NonClass: 5766K(5824K)->5766K(5824K) Class: 533K(640K)->533K(640K)
[33.956s][info][gc             ] GC(226) Pause Young (Allocation Failure) 5271M->5272M(5736M) 183.405ms
[33.956s][info][gc,cpu         ] GC(226) User=1.22s Sys=0.05s Real=0.18s
[34.059s][info][gc,start       ] GC(227) Pause Young (Allocation Failure)
[34.201s][info][gc,heap        ] GC(227) PSYoungGen: 241856K(357888K)->170432K(361984K) Eden: 89600K(89600K)->0K(89600K) From: 152256K(268288K)->170432K(272384K)
[34.201s][info][gc,heap        ] GC(227) ParOldGen: 5247053K(5516288K)->5319213K(5516288K)
[34.201s][info][gc,metaspace   ] GC(227) Metaspace: 6299K(6464K)->6299K(6464K) NonClass: 5766K(5824K)->5766K(5824K) Class: 533K(640K)->533K(640K)
[34.201s][info][gc             ] GC(227) Pause Young (Allocation Failure) 5360M->5360M(5740M) 142.119ms
[34.201s][info][gc,cpu         ] GC(227) User=0.94s Sys=0.06s Real=0.14s
[34.302s][info][gc,start       ] GC(228) Pause Young (Allocation Failure)
[34.458s][info][gc,heap        ] GC(228) PSYoungGen: 260032K(361984K)->179680K(370176K) Eden: 89600K(89600K)->0K(96256K) From: 170432K(272384K)->179680K(273920K)
[34.458s][info][gc,heap        ] GC(228) ParOldGen: 5319213K(5516288K)->5400333K(5516288K)
[34.458s][info][gc,metaspace   ] GC(228) Metaspace: 6299K(6464K)->6299K(6464K) NonClass: 5766K(5824K)->5766K(5824K) Class: 533K(640K)->533K(640K)
[34.458s][info][gc             ] GC(228) Pause Young (Allocation Failure) 5448M->5449M(5748M) 155.615ms
[34.458s][info][gc,cpu         ] GC(228) User=0.95s Sys=0.06s Real=0.15s
[34.458s][info][gc,start       ] GC(229) Pause Full (Ergonomics)
[34.458s][info][gc,phases,start] GC(229) Marking Phase
[35.702s][info][gc,phases      ] GC(229) Marking Phase 1243.684ms
[35.702s][info][gc,phases,start] GC(229) Summary Phase
[35.702s][info][gc,phases      ] GC(229) Summary Phase 0.067ms
[35.702s][info][gc,phases,start] GC(229) Adjust Roots
[35.702s][info][gc,phases      ] GC(229) Adjust Roots 0.198ms
[35.702s][info][gc,phases,start] GC(229) Compaction Phase
[36.168s][info][gc,phases      ] GC(229) Compaction Phase 466.164ms
[36.168s][info][gc,phases,start] GC(229) Post Compact
[36.177s][info][gc,phases      ] GC(229) Post Compact 8.693ms
[36.179s][info][gc,heap        ] GC(229) PSYoungGen: 179680K(370176K)->59558K(370176K) Eden: 0K(96256K)->0K(96256K) From: 179680K(273920K)->59558K(273920K)
[36.179s][info][gc,heap        ] GC(229) ParOldGen: 5400333K(5516288K)->5516213K(6080000K)
[36.179s][info][gc,metaspace   ] GC(229) Metaspace: 6299K(6464K)->6299K(6464K) NonClass: 5766K(5824K)->5766K(5824K) Class: 533K(640K)->533K(640K)
[36.179s][info][gc             ] GC(229) Pause Full (Ergonomics) 5449M->5445M(6299M) 1720.983ms
[36.179s][info][gc,cpu         ] GC(229) User=13.12s Sys=0.09s Real=1.72s
[36.288s][info][gc,start       ] GC(230) Pause Young (Allocation Failure)
[36.630s][info][gc,heap        ] GC(230) PSYoungGen: 155814K(370176K)->131136K(227840K) Eden: 96256K(96256K)->0K(96256K) From: 59558K(273920K)->131136K(131584K)
[36.630s][info][gc,heap        ] GC(230) ParOldGen: 5516213K(6080000K)->5541541K(6080000K)
[36.630s][info][gc,metaspace   ] GC(230) Metaspace: 6299K(6464K)->6299K(6464K) NonClass: 5766K(5824K)->5766K(5824K) Class: 533K(640K)->533K(640K)
[36.630s][info][gc             ] GC(230) Pause Young (Allocation Failure) 5539M->5539M(6160M) 341.562ms
[36.630s][info][gc,cpu         ] GC(230) User=2.17s Sys=0.00s Real=0.34s
[37.809s][info][gc,start       ] GC(231) Pause Young (Allocation Failure)
[38.048s][info][gc,heap        ] GC(231) PSYoungGen: 227392K(227840K)->227584K(348672K) Eden: 96256K(96256K)->0K(84480K) From: 131136K(131584K)->227584K(264192K)
[38.048s][info][gc,heap        ] GC(231) ParOldGen: 5803685K(6080000K)->5803685K(6080000K)
[38.048s][info][gc,metaspace   ] GC(231) Metaspace: 6299K(6464K)->6299K(6464K) NonClass: 5766K(5824K)->5766K(5824K) Class: 533K(640K)->533K(640K)
[38.048s][info][gc             ] GC(231) Pause Young (Allocation Failure) 5889M->5889M(6278M) 238.781ms
[38.048s][info][gc,cpu         ] GC(231) User=1.38s Sys=0.02s Real=0.24s
[38.136s][info][gc,start       ] GC(232) Pause Young (Allocation Failure)
[38.291s][info][gc,heap        ] GC(232) PSYoungGen: 312064K(348672K)->285184K(369664K) Eden: 84480K(84480K)->0K(84480K) From: 227584K(264192K)->285184K(285184K)
[38.291s][info][gc,heap        ] GC(232) ParOldGen: 5803685K(6080000K)->5830821K(6080000K)
[38.291s][info][gc,metaspace   ] GC(232) Metaspace: 6299K(6464K)->6299K(6464K) NonClass: 5766K(5824K)->5766K(5824K) Class: 533K(640K)->533K(640K)
[38.291s][info][gc             ] GC(232) Pause Young (Allocation Failure) 5972M->5972M(6298M) 154.299ms
[38.291s][info][gc,cpu         ] GC(232) User=0.86s Sys=0.00s Real=0.15s
[38.387s][info][gc,start       ] GC(233) Pause Young (Allocation Failure)
[38.577s][info][gc,heap        ] GC(233) PSYoungGen: 369664K(369664K)->249984K(410624K) Eden: 84480K(84480K)->0K(77312K) From: 285184K(285184K)->249984K(333312K)
[38.577s][info][gc,heap        ] GC(233) ParOldGen: 5830821K(6080000K)->5951645K(6080000K)
[38.577s][info][gc,metaspace   ] GC(233) Metaspace: 6299K(6464K)->6299K(6464K) NonClass: 5766K(5824K)->5766K(5824K) Class: 533K(640K)->533K(640K)
[38.577s][info][gc             ] GC(233) Pause Young (Allocation Failure) 6055M->6056M(6338M) 190.006ms
[38.577s][info][gc,cpu         ] GC(233) User=1.22s Sys=0.14s Real=0.19s
[38.577s][info][gc,start       ] GC(234) Pause Full (Ergonomics)
[38.577s][info][gc,phases,start] GC(234) Marking Phase
[39.910s][info][gc,phases      ] GC(234) Marking Phase 1332.486ms
[39.910s][info][gc,phases,start] GC(234) Summary Phase
[39.910s][info][gc,phases      ] GC(234) Summary Phase 0.176ms
[39.910s][info][gc,phases,start] GC(234) Adjust Roots
[39.910s][info][gc,phases      ] GC(234) Adjust Roots 0.198ms
[39.910s][info][gc,phases,start] GC(234) Compaction Phase
[40.847s][info][gc,phases      ] GC(234) Compaction Phase 936.230ms
[40.847s][info][gc,phases,start] GC(234) Post Compact
[40.857s][info][gc,phases      ] GC(234) Post Compact 10.242ms
[40.859s][info][gc,heap        ] GC(234) PSYoungGen: 249984K(410624K)->0K(425984K) Eden: 0K(77312K)->0K(77312K) From: 249984K(333312K)->0K(348672K)
[40.859s][info][gc,heap        ] GC(234) ParOldGen: 5951645K(6080000K)->6068193K(6685184K)
[40.859s][info][gc,metaspace   ] GC(234) Metaspace: 6299K(6464K)->6299K(6464K) NonClass: 5766K(5824K)->5766K(5824K) Class: 533K(640K)->533K(640K)
[40.859s][info][gc             ] GC(234) Pause Full (Ergonomics) 6056M->5925M(6944M) 2281.612ms
[40.859s][info][gc,cpu         ] GC(234) User=16.08s Sys=0.08s Real=2.28s
[40.934s][info][gc,start       ] GC(235) Pause Young (Allocation Failure)
[41.019s][info][gc,heap        ] GC(235) PSYoungGen: 77312K(425984K)->77632K(428032K) Eden: 77312K(77312K)->0K(84480K) From: 0K(348672K)->77632K(343552K)
[41.019s][info][gc,heap        ] GC(235) ParOldGen: 6068193K(6685184K)->6068193K(6685184K)
[41.019s][info][gc,metaspace   ] GC(235) Metaspace: 6299K(6464K)->6299K(6464K) NonClass: 5766K(5824K)->5766K(5824K) Class: 533K(640K)->533K(640K)
[41.019s][info][gc             ] GC(235) Pause Young (Allocation Failure) 6001M->6001M(6946M) 85.111ms
[41.019s][info][gc,cpu         ] GC(235) User=0.17s Sys=0.00s Real=0.09s
[41.107s][info][gc,start       ] GC(236) Pause Young (Allocation Failure)
[41.214s][info][gc,heap        ] GC(236) PSYoungGen: 162112K(428032K)->162240K(246784K) Eden: 84480K(84480K)->0K(84480K) From: 77632K(343552K)->162240K(162304K)
[41.214s][info][gc,heap        ] GC(236) ParOldGen: 6068193K(6685184K)->6068193K(6685184K)
[41.214s][info][gc,metaspace   ] GC(236) Metaspace: 6299K(6464K)->6299K(6464K) NonClass: 5766K(5824K)->5766K(5824K) Class: 533K(640K)->533K(640K)
[41.214s][info][gc             ] GC(236) Pause Young (Allocation Failure) 6084M->6084M(6769M) 106.448ms
[41.214s][info][gc,cpu         ] GC(236) User=0.36s Sys=0.00s Real=0.11s
[41.299s][info][gc,start       ] GC(237) Pause Young (Allocation Failure)
[41.427s][info][gc,heap        ] GC(237) PSYoungGen: 246720K(246784K)->246848K(406016K) Eden: 84480K(84480K)->0K(77312K) From: 162240K(162304K)->246848K(328704K)
[41.427s][info][gc,heap        ] GC(237) ParOldGen: 6068193K(6685184K)->6068193K(6685184K)
[41.427s][info][gc,metaspace   ] GC(237) Metaspace: 6299K(6464K)->6299K(6464K) NonClass: 5766K(5824K)->5766K(5824K) Class: 533K(640K)->533K(640K)
[41.427s][info][gc             ] GC(237) Pause Young (Allocation Failure) 6166M->6167M(6925M) 127.469ms
[41.427s][info][gc,cpu         ] GC(237) User=0.52s Sys=0.00s Real=0.13s
[41.508s][info][gc,start       ] GC(238) Pause Young (Allocation Failure)
[41.664s][info][gc,heap        ] GC(238) PSYoungGen: 324160K(406016K)->324288K(420864K) Eden: 77312K(77312K)->0K(77312K) From: 246848K(328704K)->324288K(343552K)
[41.664s][info][gc,heap        ] GC(238) ParOldGen: 6068193K(6685184K)->6068193K(6685184K)
[41.664s][info][gc,metaspace   ] GC(238) Metaspace: 6299K(6464K)->6299K(6464K) NonClass: 5766K(5824K)->5766K(5824K) Class: 533K(640K)->533K(640K)
[41.664s][info][gc             ] GC(238) Pause Young (Allocation Failure) 6242M->6242M(6939M) 156.039ms
[41.664s][info][gc,cpu         ] GC(238) User=0.64s Sys=0.00s Real=0.16s
[41.748s][info][gc,start       ] GC(239) Pause Young (Allocation Failure)
[41.931s][info][gc,heap        ] GC(239) PSYoungGen: 401600K(420864K)->382976K(408064K) Eden: 77312K(77312K)->0K(25088K) From: 324288K(343552K)->382976K(382976K)
[41.931s][info][gc,heap        ] GC(239) ParOldGen: 6068193K(6685184K)->6086985K(6685184K)
[41.931s][info][gc,metaspace   ] GC(239) Metaspace: 6299K(6464K)->6299K(6464K) NonClass: 5766K(5824K)->5766K(5824K) Class: 533K(640K)->533K(640K)
[41.931s][info][gc             ] GC(239) Pause Young (Allocation Failure) 6318M->6318M(6927M) 182.559ms
[41.931s][info][gc,cpu         ] GC(239) User=1.20s Sys=0.19s Real=0.18s
[41.958s][info][gc,start       ] GC(240) Pause Young (Allocation Failure)
[42.141s][info][gc,heap        ] GC(240) PSYoungGen: 408063K(408064K)->336864K(468480K) Eden: 25087K(25088K)->0K(25088K) From: 382976K(382976K)->336864K(443392K)
[42.141s][info][gc,heap        ] GC(240) ParOldGen: 6086985K(6685184K)->6158849K(6685184K)
[42.141s][info][gc,metaspace   ] GC(240) Metaspace: 6299K(6464K)->6299K(6464K) NonClass: 5766K(5824K)->5766K(5824K) Class: 533K(640K)->533K(640K)
[42.141s][info][gc             ] GC(240) Pause Young (Allocation Failure) 6342M->6343M(6986M) 182.480ms
[42.141s][info][gc,cpu         ] GC(240) User=1.39s Sys=0.00s Real=0.18s
[42.172s][info][gc,start       ] GC(241) Pause Young (Allocation Failure)
[42.343s][info][gc,heap        ] GC(241) PSYoungGen: 361952K(468480K)->198912K(453632K) Eden: 25088K(25088K)->0K(28672K) From: 336864K(443392K)->198912K(424960K)
[42.343s][info][gc,heap        ] GC(241) ParOldGen: 6158849K(6685184K)->6323017K(6685184K)
[42.343s][info][gc,metaspace   ] GC(241) Metaspace: 6299K(6464K)->6299K(6464K) NonClass: 5766K(5824K)->5766K(5824K) Class: 533K(640K)->533K(640K)
[42.343s][info][gc             ] GC(241) Pause Young (Allocation Failure) 6367M->6369M(6971M) 170.467ms
[42.343s][info][gc,cpu         ] GC(241) User=1.03s Sys=0.12s Real=0.17s
[42.374s][info][gc,start       ] GC(242) Pause Young (Allocation Failure)
[42.499s][info][gc,heap        ] GC(242) PSYoungGen: 227584K(453632K)->79072K(475136K) Eden: 28672K(28672K)->0K(28672K) From: 198912K(424960K)->79072K(446464K)
[42.499s][info][gc,heap        ] GC(242) ParOldGen: 6323017K(6685184K)->6472689K(6685184K)
[42.499s][info][gc,metaspace   ] GC(242) Metaspace: 6299K(6464K)->6299K(6464K) NonClass: 5766K(5824K)->5766K(5824K) Class: 533K(640K)->533K(640K)
[42.499s][info][gc             ] GC(242) Pause Young (Allocation Failure) 6397M->6398M(6992M) 125.045ms
[42.499s][info][gc,cpu         ] GC(242) User=0.47s Sys=0.05s Real=0.12s
[42.529s][info][gc,start       ] GC(243) Pause Young (Allocation Failure)
[42.629s][info][gc,heap        ] GC(243) PSYoungGen: 107744K(475136K)->57504K(480256K) Eden: 28672K(28672K)->0K(32768K) From: 79072K(446464K)->57504K(447488K)
[42.629s][info][gc,heap        ] GC(243) ParOldGen: 6472689K(6685184K)->6523289K(6685184K)
[42.629s][info][gc,metaspace   ] GC(243) Metaspace: 6299K(6464K)->6299K(6464K) NonClass: 5766K(5824K)->5766K(5824K) Class: 533K(640K)->533K(640K)
[42.629s][info][gc             ] GC(243) Pause Young (Allocation Failure) 6426M->6426M(6997M) 100.064ms
[42.629s][info][gc,cpu         ] GC(243) User=0.34s Sys=0.00s Real=0.10s
[42.629s][info][gc,start       ] GC(244) Pause Full (Ergonomics)
[42.629s][info][gc,phases,start] GC(244) Marking Phase
[44.099s][info][gc,phases      ] GC(244) Marking Phase 1470.031ms
[44.099s][info][gc,phases,start] GC(244) Summary Phase
[44.100s][info][gc,phases      ] GC(244) Summary Phase 0.103ms
[44.100s][info][gc,phases,start] GC(244) Adjust Roots
[44.100s][info][gc,phases      ] GC(244) Adjust Roots 0.174ms
[44.100s][info][gc,phases,start] GC(244) Compaction Phase
[44.720s][info][gc,phases      ] GC(244) Compaction Phase 620.303ms
[44.720s][info][gc,phases,start] GC(244) Post Compact
[44.730s][info][gc,phases      ] GC(244) Post Compact 9.617ms
[44.732s][info][gc,heap        ] GC(244) PSYoungGen: 57504K(480256K)->0K(480768K) Eden: 0K(32768K)->0K(32768K) From: 57504K(447488K)->0K(448000K)
[44.732s][info][gc,heap        ] GC(244) ParOldGen: 6523289K(6685184K)->6576326K(7273984K)
[44.732s][info][gc,metaspace   ] GC(244) Metaspace: 6299K(6464K)->6299K(6464K) NonClass: 5766K(5824K)->5766K(5824K) Class: 533K(640K)->533K(640K)
[44.732s][info][gc             ] GC(244) Pause Full (Ergonomics) 6426M->6422M(7573M) 2102.289ms
[44.732s][info][gc,cpu         ] GC(244) User=15.22s Sys=0.05s Real=2.10s
[44.767s][info][gc,start       ] GC(245) Pause Young (Allocation Failure)
[44.836s][info][gc,heap        ] GC(245) PSYoungGen: 32768K(480768K)->32928K(484864K) Eden: 32768K(32768K)->0K(36864K) From: 0K(448000K)->32928K(448000K)
[44.836s][info][gc,heap        ] GC(245) ParOldGen: 6576326K(7273984K)->6576326K(7273984K)
[44.836s][info][gc,metaspace   ] GC(245) Metaspace: 6299K(6464K)->6299K(6464K) NonClass: 5766K(5824K)->5766K(5824K) Class: 533K(640K)->533K(640K)
[44.836s][info][gc             ] GC(245) Pause Young (Allocation Failure) 6454M->6454M(7577M) 68.990ms
[44.836s][info][gc,cpu         ] GC(245) User=0.06s Sys=0.00s Real=0.07s
[44.874s][info][gc,start       ] GC(246) Pause Young (Allocation Failure)
[44.952s][info][gc,heap        ] GC(246) PSYoungGen: 69792K(484864K)->36992K(485888K) Eden: 36864K(36864K)->0K(36864K) From: 32928K(448000K)->36992K(449024K)
[44.952s][info][gc,heap        ] GC(246) ParOldGen: 6576326K(7273984K)->6609406K(7273984K)
[44.952s][info][gc,metaspace   ] GC(246) Metaspace: 6299K(6464K)->6299K(6464K) NonClass: 5766K(5824K)->5766K(5824K) Class: 533K(640K)->533K(640K)
[44.952s][info][gc             ] GC(246) Pause Young (Allocation Failure) 6490M->6490M(7578M) 77.793ms
[44.952s][info][gc,cpu         ] GC(246) User=0.16s Sys=0.02s Real=0.08s
[44.992s][info][gc,start       ] GC(247) Pause Young (Allocation Failure)
[45.088s][info][gc,heap        ] GC(247) PSYoungGen: 73856K(485888K)->37024K(472576K) Eden: 36864K(36864K)->0K(41984K) From: 36992K(449024K)->37024K(430592K)
[45.088s][info][gc,heap        ] GC(247) ParOldGen: 6609406K(7273984K)->6646606K(7273984K)
[45.088s][info][gc,metaspace   ] GC(247) Metaspace: 6299K(6464K)->6299K(6464K) NonClass: 5766K(5824K)->5766K(5824K) Class: 533K(640K)->533K(640K)
[45.088s][info][gc             ] GC(247) Pause Young (Allocation Failure) 6526M->6526M(7565M) 95.623ms
[45.088s][info][gc,cpu         ] GC(247) User=0.20s Sys=0.00s Real=0.10s
[45.139s][info][gc,start       ] GC(248) Pause Young (Allocation Failure)
[45.231s][info][gc,heap        ] GC(248) PSYoungGen: 79008K(472576K)->42144K(84480K) Eden: 41984K(41984K)->0K(41984K) From: 37024K(430592K)->42144K(42496K)
[45.231s][info][gc,heap        ] GC(248) ParOldGen: 6646606K(7273984K)->6683806K(7273984K)
[45.231s][info][gc,metaspace   ] GC(248) Metaspace: 6299K(6464K)->6299K(6464K) NonClass: 5766K(5824K)->5766K(5824K) Class: 533K(640K)->533K(640K)
[45.231s][info][gc             ] GC(248) Pause Young (Allocation Failure) 6567M->6568M(7186M) 92.370ms
[45.231s][info][gc,cpu         ] GC(248) User=0.22s Sys=0.00s Real=0.09s
[45.278s][info][gc,start       ] GC(249) Pause Young (Allocation Failure)
[45.359s][info][gc,heap        ] GC(249) PSYoungGen: 84128K(84480K)->42176K(448000K) Eden: 41984K(41984K)->0K(47616K) From: 42144K(42496K)->42176K(400384K)
[45.359s][info][gc,heap        ] GC(249) ParOldGen: 6683806K(7273984K)->6726166K(7273984K)
[45.359s][info][gc,metaspace   ] GC(249) Metaspace: 6299K(6464K)->6299K(6464K) NonClass: 5766K(5824K)->5766K(5824K) Class: 533K(640K)->533K(640K)
[45.360s][info][gc             ] GC(249) Pause Young (Allocation Failure) 6609M->6609M(7541M) 81.221ms
[45.360s][info][gc,cpu         ] GC(249) User=0.25s Sys=0.05s Real=0.08s
[45.408s][info][gc,start       ] GC(250) Pause Young (Allocation Failure)
[45.493s][info][gc,heap        ] GC(250) PSYoungGen: 89792K(448000K)->47840K(95744K) Eden: 47616K(47616K)->0K(47616K) From: 42176K(400384K)->47840K(48128K)
[45.493s][info][gc,heap        ] GC(250) ParOldGen: 6726166K(7273984K)->6768526K(7273984K)
[45.493s][info][gc,metaspace   ] GC(250) Metaspace: 6299K(6464K)->6299K(6464K) NonClass: 5766K(5824K)->5766K(5824K) Class: 533K(640K)->533K(640K)
[45.493s][info][gc             ] GC(250) Pause Young (Allocation Failure) 6656M->6656M(7197M) 84.960ms
[45.493s][info][gc,cpu         ] GC(250) User=0.19s Sys=0.00s Real=0.09s
[45.540s][info][gc,start       ] GC(251) Pause Young (Allocation Failure)
[45.629s][info][gc,heap        ] GC(251) PSYoungGen: 95456K(95744K)->47808K(421376K) Eden: 47616K(47616K)->0K(53760K) From: 47840K(48128K)->47808K(367616K)
[45.629s][info][gc,heap        ] GC(251) ParOldGen: 6768526K(7273984K)->6816582K(7273984K)
[45.629s][info][gc,metaspace   ] GC(251) Metaspace: 6299K(6464K)->6299K(6464K) NonClass: 5766K(5824K)->5766K(5824K) Class: 533K(640K)->533K(640K)
[45.629s][info][gc             ] GC(251) Pause Young (Allocation Failure) 6703M->6703M(7515M) 88.562ms
[45.629s][info][gc,cpu         ] GC(251) User=0.20s Sys=0.00s Real=0.09s
[45.692s][info][gc,start       ] GC(252) Pause Young (Allocation Failure)
[45.783s][info][gc,heap        ] GC(252) PSYoungGen: 101568K(421376K)->54016K(108032K) Eden: 53760K(53760K)->0K(53760K) From: 47808K(367616K)->54016K(54272K)
[45.783s][info][gc,heap        ] GC(252) ParOldGen: 6816582K(7273984K)->6864630K(7273984K)
[45.783s][info][gc,metaspace   ] GC(252) Metaspace: 6299K(6464K)->6299K(6464K) NonClass: 5766K(5824K)->5766K(5824K) Class: 533K(640K)->533K(640K)
[45.783s][info][gc             ] GC(252) Pause Young (Allocation Failure) 6756M->6756M(7209M) 90.888ms
[45.783s][info][gc,cpu         ] GC(252) User=0.39s Sys=0.03s Real=0.09s
[45.846s][info][gc,start       ] GC(253) Pause Young (Allocation Failure)
[45.945s][info][gc,heap        ] GC(253) PSYoungGen: 107776K(108032K)->53952K(392192K) Eden: 53760K(53760K)->0K(60416K) From: 54016K(54272K)->53952K(331776K)
[45.945s][info][gc,heap        ] GC(253) ParOldGen: 6864630K(7273984K)->6918870K(7273984K)
[45.945s][info][gc,metaspace   ] GC(253) Metaspace: 6299K(6464K)->6299K(6464K) NonClass: 5766K(5824K)->5766K(5824K) Class: 533K(640K)->533K(640K)
[45.945s][info][gc             ] GC(253) Pause Young (Allocation Failure) 6808M->6809M(7486M) 99.204ms
[45.945s][info][gc,cpu         ] GC(253) User=0.33s Sys=0.02s Real=0.10s
[46.008s][info][gc,start       ] GC(254) Pause Young (Allocation Failure)
[46.109s][info][gc,heap        ] GC(254) PSYoungGen: 114368K(392192K)->60640K(121344K) Eden: 60416K(60416K)->0K(60416K) From: 53952K(331776K)->60640K(60928K)
[46.109s][info][gc,heap        ] GC(254) ParOldGen: 6918870K(7273984K)->6973126K(7273984K)
[46.109s][info][gc,metaspace   ] GC(254) Metaspace: 6299K(6464K)->6299K(6464K) NonClass: 5766K(5824K)->5766K(5824K) Class: 533K(640K)->533K(640K)
[46.109s][info][gc             ] GC(254) Pause Young (Allocation Failure) 6868M->6868M(7222M) 101.824ms
[46.109s][info][gc,cpu         ] GC(254) User=0.31s Sys=0.02s Real=0.10s
[46.169s][info][gc,start       ] GC(255) Pause Young (Allocation Failure)
[46.263s][info][gc,heap        ] GC(255) PSYoungGen: 121056K(121344K)->60640K(364544K) Eden: 60416K(60416K)->0K(68096K) From: 60640K(60928K)->60640K(296448K)
[46.264s][info][gc,heap        ] GC(255) ParOldGen: 6973126K(7273984K)->7034086K(7273984K)
[46.264s][info][gc,metaspace   ] GC(255) Metaspace: 6299K(6464K)->6299K(6464K) NonClass: 5766K(5824K)->5766K(5824K) Class: 533K(640K)->533K(640K)
[46.264s][info][gc             ] GC(255) Pause Young (Allocation Failure) 6927M->6928M(7459M) 94.150ms
[46.264s][info][gc,cpu         ] GC(255) User=0.39s Sys=0.02s Real=0.09s
[46.334s][info][gc,start       ] GC(256) Pause Young (Allocation Failure)
[46.434s][info][gc,heap        ] GC(256) PSYoungGen: 128736K(364544K)->68352K(136704K) Eden: 68096K(68096K)->0K(68096K) From: 60640K(296448K)->68352K(68608K)
[46.434s][info][gc,heap        ] GC(256) ParOldGen: 7034086K(7273984K)->7095046K(7273984K)
[46.434s][info][gc,metaspace   ] GC(256) Metaspace: 6299K(6464K)->6299K(6464K) NonClass: 5766K(5824K)->5766K(5824K) Class: 533K(640K)->533K(640K)
[46.434s][info][gc             ] GC(256) Pause Young (Allocation Failure) 6994M->6995M(7237M) 99.925ms
[46.434s][info][gc,cpu         ] GC(256) User=0.36s Sys=0.00s Real=0.10s
[46.506s][info][gc,start       ] GC(257) Pause Young (Allocation Failure)
[46.609s][info][gc,heap        ] GC(257) PSYoungGen: 136448K(136704K)->68352K(339456K) Eden: 68096K(68096K)->0K(76800K) From: 68352K(68608K)->68352K(262656K)
[46.609s][info][gc,heap        ] GC(257) ParOldGen: 7095046K(7273984K)->7163758K(7273984K)
[46.609s][info][gc,metaspace   ] GC(257) Metaspace: 6299K(6464K)->6299K(6464K) NonClass: 5766K(5824K)->5766K(5824K) Class: 533K(640K)->533K(640K)
[46.609s][info][gc             ] GC(257) Pause Young (Allocation Failure) 7062M->7062M(7435M) 102.916ms
[46.609s][info][gc,cpu         ] GC(257) User=0.31s Sys=0.02s Real=0.10s
[46.685s][info][gc,start       ] GC(258) Pause Young (Allocation Failure)
[46.788s][info][gc,heap        ] GC(258) PSYoungGen: 145152K(339456K)->77056K(154112K) Eden: 76800K(76800K)->0K(76800K) From: 68352K(262656K)->77056K(77312K)
[46.788s][info][gc,heap        ] GC(258) ParOldGen: 7163758K(7273984K)->7232478K(7273984K)
[46.788s][info][gc,metaspace   ] GC(258) Metaspace: 6299K(6464K)->6299K(6464K) NonClass: 5766K(5824K)->5766K(5824K) Class: 533K(640K)->533K(640K)
[46.788s][info][gc             ] GC(258) Pause Young (Allocation Failure) 7137M->7138M(7254M) 103.249ms
[46.788s][info][gc,cpu         ] GC(258) User=0.33s Sys=0.03s Real=0.10s
[46.788s][info][gc,start       ] GC(259) Pause Full (Ergonomics)
[46.788s][info][gc,phases,start] GC(259) Marking Phase
[48.437s][info][gc,phases      ] GC(259) Marking Phase 1648.761ms
[48.437s][info][gc,phases,start] GC(259) Summary Phase
[48.437s][info][gc,phases      ] GC(259) Summary Phase 0.167ms
[48.437s][info][gc,phases,start] GC(259) Adjust Roots
[48.437s][info][gc,phases      ] GC(259) Adjust Roots 0.254ms
[48.437s][info][gc,phases,start] GC(259) Compaction Phase
[49.120s][info][gc,phases      ] GC(259) Compaction Phase 682.173ms
[49.120s][info][gc,phases,start] GC(259) Post Compact
[49.132s][info][gc,phases      ] GC(259) Post Compact 12.650ms
[49.134s][info][gc,heap        ] GC(259) PSYoungGen: 77056K(154112K)->29250K(154112K) Eden: 0K(76800K)->0K(76800K) From: 77056K(77312K)->29250K(77312K)
[49.134s][info][gc,heap        ] GC(259) ParOldGen: 7232478K(7273984K)->7273668K(7954944K)
[49.134s][info][gc,metaspace   ] GC(259) Metaspace: 6299K(6464K)->6299K(6464K) NonClass: 5766K(5824K)->5766K(5824K) Class: 533K(640K)->533K(640K)
[49.134s][info][gc             ] GC(259) Pause Full (Ergonomics) 7138M->7131M(7919M) 2346.448ms
[49.135s][info][gc,cpu         ] GC(259) User=17.09s Sys=0.03s Real=2.35s
[49.216s][info][gc,start       ] GC(260) Pause Young (Allocation Failure)
[49.573s][info][gc,heap        ] GC(260) PSYoungGen: 106050K(154112K)->77056K(313856K) Eden: 76800K(76800K)->0K(84480K) From: 29250K(77312K)->77056K(229376K)
[49.573s][info][gc,heap        ] GC(260) ParOldGen: 7273668K(7954944K)->7303228K(7954944K)
[49.573s][info][gc,metaspace   ] GC(260) Metaspace: 6299K(6464K)->6299K(6464K) NonClass: 5766K(5824K)->5766K(5824K) Class: 533K(640K)->533K(640K)
[49.573s][info][gc             ] GC(260) Pause Young (Allocation Failure) 7206M->7207M(8075M) 356.782ms
[49.573s][info][gc,cpu         ] GC(260) User=2.50s Sys=0.00s Real=0.36s
[49.665s][info][gc,start       ] GC(261) Pause Young (Allocation Failure)
[49.782s][info][gc,heap        ] GC(261) PSYoungGen: 161536K(313856K)->161664K(331264K) Eden: 84480K(84480K)->0K(84480K) From: 77056K(229376K)->161664K(246784K)
[49.782s][info][gc,heap        ] GC(261) ParOldGen: 7303228K(7954944K)->7303228K(7954944K)
[49.782s][info][gc,metaspace   ] GC(261) Metaspace: 6299K(6464K)->6299K(6464K) NonClass: 5766K(5824K)->5766K(5824K) Class: 533K(640K)->533K(640K)
[49.782s][info][gc             ] GC(261) Pause Young (Allocation Failure) 7289M->7289M(8092M) 117.014ms
[49.782s][info][gc,cpu         ] GC(261) User=0.47s Sys=0.00s Real=0.12s
[49.866s][info][gc,start       ] GC(262) Pause Young (Allocation Failure)
[50.008s][info][gc,heap        ] GC(262) PSYoungGen: 246144K(331264K)->169408K(339968K) Eden: 84480K(84480K)->0K(81408K) From: 161664K(246784K)->169408K(258560K)
[50.008s][info][gc,heap        ] GC(262) ParOldGen: 7303228K(7954944K)->7380732K(7954944K)
[50.008s][info][gc,metaspace   ] GC(262) Metaspace: 6299K(6464K)->6299K(6464K) NonClass: 5766K(5824K)->5766K(5824K) Class: 533K(640K)->533K(640K)
[50.008s][info][gc             ] GC(262) Pause Young (Allocation Failure) 7372M->7373M(8100M) 141.469ms
[50.008s][info][gc,cpu         ] GC(262) User=0.58s Sys=0.06s Real=0.14s
[50.094s][info][gc,start       ] GC(263) Pause Young (Allocation Failure)
[50.238s][info][gc,heap        ] GC(263) PSYoungGen: 250816K(339968K)->166304K(351744K) Eden: 81408K(81408K)->0K(81408K) From: 169408K(258560K)->166304K(270336K)
[50.238s][info][gc,heap        ] GC(263) ParOldGen: 7380732K(7954944K)->7465972K(7954944K)
[50.238s][info][gc,metaspace   ] GC(263) Metaspace: 6299K(6464K)->6299K(6464K) NonClass: 5766K(5824K)->5766K(5824K) Class: 533K(640K)->533K(640K)
[50.238s][info][gc             ] GC(263) Pause Young (Allocation Failure) 7452M->7453M(8112M) 144.441ms
[50.238s][info][gc,cpu         ] GC(263) User=0.67s Sys=0.02s Real=0.14s
[50.325s][info][gc,start       ] GC(264) Pause Young (Allocation Failure)
[50.466s][info][gc,heap        ] GC(264) PSYoungGen: 247712K(351744K)->163232K(364032K) Eden: 81408K(81408K)->0K(87040K) From: 166304K(270336K)->163232K(276992K)
[50.466s][info][gc,heap        ] GC(264) ParOldGen: 7465972K(7954944K)->7551220K(7954944K)
[50.466s][info][gc,metaspace   ] GC(264) Metaspace: 6299K(6464K)->6299K(6464K) NonClass: 5766K(5824K)->5766K(5824K) Class: 533K(640K)->533K(640K)
[50.466s][info][gc             ] GC(264) Pause Young (Allocation Failure) 7532M->7533M(8124M) 140.997ms
[50.466s][info][gc,cpu         ] GC(264) User=0.59s Sys=0.02s Real=0.14s
[50.558s][info][gc,start       ] GC(265) Pause Young (Allocation Failure)
[50.702s][info][gc,heap        ] GC(265) PSYoungGen: 250272K(364032K)->168896K(367616K) Eden: 87040K(87040K)->0K(87040K) From: 163232K(276992K)->168896K(280576K)
[50.702s][info][gc,heap        ] GC(265) ParOldGen: 7551220K(7954944K)->7633364K(7954944K)
[50.702s][info][gc,metaspace   ] GC(265) Metaspace: 6299K(6464K)->6299K(6464K) NonClass: 5766K(5824K)->5766K(5824K) Class: 533K(640K)->533K(640K)
[50.702s][info][gc             ] GC(265) Pause Young (Allocation Failure) 7618M->7619M(8127M) 143.815ms
[50.702s][info][gc,cpu         ] GC(265) User=0.72s Sys=0.02s Real=0.14s
[50.807s][info][gc,start       ] GC(266) Pause Young (Allocation Failure)
[50.951s][info][gc,heap        ] GC(266) PSYoungGen: 255936K(367616K)->174528K(378368K) Eden: 87040K(87040K)->0K(93696K) From: 168896K(280576K)->174528K(284672K)
[50.951s][info][gc,heap        ] GC(266) ParOldGen: 7633364K(7954944K)->7715492K(7954944K)
[50.951s][info][gc,metaspace   ] GC(266) Metaspace: 6299K(6464K)->6299K(6464K) NonClass: 5766K(5824K)->5766K(5824K) Class: 533K(640K)->533K(640K)
[50.951s][info][gc             ] GC(266) Pause Young (Allocation Failure) 7704M->7705M(8138M) 143.885ms
[50.951s][info][gc,cpu         ] GC(266) User=0.73s Sys=0.05s Real=0.14s
[51.043s][info][gc,start       ] GC(267) Pause Young (Allocation Failure)
[51.195s][info][gc,heap        ] GC(267) PSYoungGen: 268224K(378368K)->181184K(381952K) Eden: 93696K(93696K)->0K(93696K) From: 174528K(284672K)->181184K(288256K)
[51.195s][info][gc,heap        ] GC(267) ParOldGen: 7715492K(7954944K)->7803324K(7954944K)
[51.195s][info][gc,metaspace   ] GC(267) Metaspace: 6299K(6464K)->6299K(6464K) NonClass: 5766K(5824K)->5766K(5824K) Class: 533K(640K)->533K(640K)
[51.195s][info][gc             ] GC(267) Pause Young (Allocation Failure) 7796M->7797M(8141M) 152.428ms
[51.195s][info][gc,cpu         ] GC(267) User=0.89s Sys=0.08s Real=0.15s
[51.292s][info][gc,start       ] GC(268) Pause Young (Allocation Failure)
[51.451s][info][gc,heap        ] GC(268) PSYoungGen: 274880K(381952K)->94016K(379392K) Eden: 93696K(93696K)->0K(105472K) From: 181184K(288256K)->94016K(273920K)
[51.451s][info][gc,heap        ] GC(268) ParOldGen: 7803324K(7954944K)->7985668K(7986176K)
[51.451s][info][gc,metaspace   ] GC(268) Metaspace: 6299K(6464K)->6299K(6464K) NonClass: 5766K(5824K)->5766K(5824K) Class: 533K(640K)->533K(640K)
[51.451s][info][gc             ] GC(268) Pause Young (Allocation Failure) 7888M->7890M(8169M) 158.939ms
[51.451s][info][gc,cpu         ] GC(268) User=0.84s Sys=0.02s Real=0.16s
[51.451s][info][gc,start       ] GC(269) Pause Full (Ergonomics)
[51.451s][info][gc,phases,start] GC(269) Marking Phase
[53.294s][info][gc,phases      ] GC(269) Marking Phase 1842.547ms
[53.294s][info][gc,phases,start] GC(269) Summary Phase
[53.294s][info][gc,phases      ] GC(269) Summary Phase 0.082ms
[53.294s][info][gc,phases,start] GC(269) Adjust Roots
[53.294s][info][gc,phases      ] GC(269) Adjust Roots 0.181ms
[53.294s][info][gc,phases,start] GC(269) Compaction Phase
[54.080s][info][gc,phases      ] GC(269) Compaction Phase 786.474ms
[54.080s][info][gc,phases,start] GC(269) Post Compact
[54.092s][info][gc,phases      ] GC(269) Post Compact 11.685ms
[54.095s][info][gc,heap        ] GC(269) PSYoungGen: 94016K(379392K)->86508K(388608K) Eden: 0K(105472K)->0K(114688K) From: 94016K(273920K)->86508K(273920K)
[54.095s][info][gc,heap        ] GC(269) ParOldGen: 7985668K(7986176K)->7986156K(8787968K)
[54.095s][info][gc,metaspace   ] GC(269) Metaspace: 6299K(6464K)->6299K(6464K) NonClass: 5766K(5824K)->5766K(5824K) Class: 533K(640K)->533K(640K)
[54.095s][info][gc             ] GC(269) Pause Full (Ergonomics) 7890M->7883M(8961M) 2643.773ms
[54.095s][info][gc,cpu         ] GC(269) User=18.97s Sys=0.05s Real=2.64s
[54.220s][info][gc,start       ] GC(270) Pause Young (Allocation Failure)
[54.668s][info][gc,heap        ] GC(270) PSYoungGen: 201196K(388608K)->114976K(229888K) Eden: 114688K(114688K)->0K(114688K) From: 86508K(273920K)->114976K(115200K)
[54.668s][info][gc,heap        ] GC(270) ParOldGen: 7986156K(8787968K)->8073468K(8787968K)
[54.668s][info][gc,metaspace   ] GC(270) Metaspace: 6299K(6464K)->6299K(6464K) NonClass: 5766K(5824K)->5766K(5824K) Class: 533K(640K)->533K(640K)
[54.668s][info][gc             ] GC(270) Pause Young (Allocation Failure) 7995M->7996M(8806M) 448.369ms
[54.668s][info][gc,cpu         ] GC(270) User=3.11s Sys=0.09s Real=0.45s
[54.787s][info][gc,start       ] GC(271) Pause Young (Allocation Failure)
[54.931s][info][gc,heap        ] GC(271) PSYoungGen: 229664K(229888K)->115072K(371712K) Eden: 114688K(114688K)->0K(126464K) From: 114976K(115200K)->115072K(245248K)
[54.931s][info][gc,heap        ] GC(271) ParOldGen: 8073468K(8787968K)->8189196K(8787968K)
[54.931s][info][gc,metaspace   ] GC(271) Metaspace: 6299K(6464K)->6299K(6464K) NonClass: 5766K(5824K)->5766K(5824K) Class: 533K(640K)->533K(640K)
[54.931s][info][gc             ] GC(271) Pause Young (Allocation Failure) 8108M->8109M(8945M) 143.367ms
[54.931s][info][gc,cpu         ] GC(271) User=0.72s Sys=0.08s Real=0.14s
[55.058s][info][gc,start       ] GC(272) Pause Young (Allocation Failure)
[55.203s][info][gc,heap        ] GC(272) PSYoungGen: 241536K(371712K)->126848K(383488K) Eden: 126464K(126464K)->0K(126464K) From: 115072K(245248K)->126848K(257024K)
[55.203s][info][gc,heap        ] GC(272) ParOldGen: 8189196K(8787968K)->8304908K(8787968K)
[55.203s][info][gc,metaspace   ] GC(272) Metaspace: 6299K(6464K)->6299K(6464K) NonClass: 5766K(5824K)->5766K(5824K) Class: 533K(640K)->533K(640K)
[55.203s][info][gc             ] GC(272) Pause Young (Allocation Failure) 8233M->8234M(8956M) 145.143ms
[55.203s][info][gc,cpu         ] GC(272) User=0.80s Sys=0.05s Real=0.15s
[55.343s][info][gc,start       ] GC(273) Pause Young (Allocation Failure)
[55.492s][info][gc,heap        ] GC(273) PSYoungGen: 253312K(383488K)->126816K(362496K) Eden: 126464K(126464K)->0K(139776K) From: 126848K(257024K)->126816K(222720K)
[55.492s][info][gc,heap        ] GC(273) ParOldGen: 8304908K(8787968K)->8432508K(8787968K)
[55.492s][info][gc,metaspace   ] GC(273) Metaspace: 6299K(6464K)->6299K(6464K) NonClass: 5766K(5824K)->5766K(5824K) Class: 533K(640K)->533K(640K)
[55.492s][info][gc             ] GC(273) Pause Young (Allocation Failure) 8357M->8358M(8936M) 149.276ms
[55.492s][info][gc,cpu         ] GC(273) User=0.91s Sys=0.00s Real=0.15s
[55.635s][info][gc,start       ] GC(274) Pause Young (Allocation Failure)
[55.798s][info][gc,heap        ] GC(274) PSYoungGen: 266592K(362496K)->140192K(373248K) Eden: 139776K(139776K)->0K(139776K) From: 126816K(222720K)->140192K(233472K)
[55.798s][info][gc,heap        ] GC(274) ParOldGen: 8432508K(8787968K)->8560108K(8787968K)
[55.798s][info][gc,metaspace   ] GC(274) Metaspace: 6299K(6464K)->6299K(6464K) NonClass: 5766K(5824K)->5766K(5824K) Class: 533K(640K)->533K(640K)
[55.798s][info][gc             ] GC(274) Pause Young (Allocation Failure) 8495M->8496M(8946M) 162.604ms
[55.798s][info][gc,cpu         ] GC(274) User=0.83s Sys=0.12s Real=0.16s
[55.951s][info][gc,start       ] GC(275) Pause Young (Allocation Failure)
[56.131s][info][gc,heap        ] GC(275) PSYoungGen: 279968K(373248K)->140192K(372736K) Eden: 139776K(139776K)->0K(154624K) From: 140192K(233472K)->140192K(218112K)
[56.131s][info][gc,heap        ] GC(275) ParOldGen: 8560108K(8787968K)->8701124K(8787968K)
[56.131s][info][gc,metaspace   ] GC(275) Metaspace: 6299K(6464K)->6299K(6464K) NonClass: 5766K(5824K)->5766K(5824K) Class: 533K(640K)->533K(640K)
[56.131s][info][gc             ] GC(275) Pause Young (Allocation Failure) 8632M->8634M(8946M) 180.506ms
[56.131s][info][gc,cpu         ] GC(275) User=0.61s Sys=0.05s Real=0.18s
[56.131s][info][gc,start       ] GC(276) Pause Full (Ergonomics)
[56.131s][info][gc,phases,start] GC(276) Marking Phase
[58.126s][info][gc,phases      ] GC(276) Marking Phase 1994.876ms
[58.126s][info][gc,phases,start] GC(276) Summary Phase
[58.126s][info][gc,phases      ] GC(276) Summary Phase 0.092ms
[58.126s][info][gc,phases,start] GC(276) Adjust Roots
[58.126s][info][gc,phases      ] GC(276) Adjust Roots 0.164ms
[58.126s][info][gc,phases,start] GC(276) Compaction Phase
[58.892s][info][gc,phases      ] GC(276) Compaction Phase 765.372ms
[58.892s][info][gc,phases,start] GC(276) Post Compact
[58.905s][info][gc,phases      ] GC(276) Post Compact 12.920ms
[58.908s][info][gc,heap        ] GC(276) PSYoungGen: 140192K(372736K)->46748K(377856K) Eden: 0K(154624K)->0K(159744K) From: 140192K(218112K)->46748K(218112K)
[58.908s][info][gc,heap        ] GC(276) ParOldGen: 8701124K(8787968K)->8787577K(9686016K)
[58.908s][info][gc,metaspace   ] GC(276) Metaspace: 6299K(6464K)->6299K(6464K) NonClass: 5766K(5824K)->5766K(5824K) Class: 533K(640K)->533K(640K)
[58.908s][info][gc             ] GC(276) Pause Full (Ergonomics) 8634M->8627M(9828M) 2776.763ms
[58.908s][info][gc,cpu         ] GC(276) User=20.48s Sys=0.09s Real=2.78s
[59.085s][info][gc,start       ] GC(277) Pause Young (Allocation Failure)
[59.595s][info][gc,heap        ] GC(277) PSYoungGen: 206492K(377856K)->160160K(382976K) Eden: 159744K(159744K)->0K(159744K) From: 46748K(218112K)->160160K(223232K)
[59.595s][info][gc,heap        ] GC(277) ParOldGen: 8787577K(9686016K)->8834801K(9686016K)
[59.595s][info][gc,metaspace   ] GC(277) Metaspace: 6299K(6464K)->6299K(6464K) NonClass: 5766K(5824K)->5766K(5824K) Class: 533K(640K)->533K(640K)
[59.595s][info][gc             ] GC(277) Pause Young (Allocation Failure) 8783M->8784M(9833M) 509.892ms
[59.595s][info][gc,cpu         ] GC(277) User=3.34s Sys=0.09s Real=0.51s
[59.766s][info][gc,start       ] GC(278) Pause Young (Allocation Failure)
[59.955s][info][gc,heap        ] GC(278) PSYoungGen: 319904K(382976K)->225280K(338432K) Eden: 159744K(159744K)->0K(113152K) From: 160160K(223232K)->225280K(225280K)
[59.956s][info][gc,heap        ] GC(278) ParOldGen: 8834801K(9686016K)->8930353K(9686016K)
[59.956s][info][gc,metaspace   ] GC(278) Metaspace: 6299K(6464K)->6299K(6464K) NonClass: 5766K(5824K)->5766K(5824K) Class: 533K(640K)->533K(640K)
[59.956s][info][gc             ] GC(278) Pause Young (Allocation Failure) 8940M->8941M(9789M) 189.596ms
[59.956s][info][gc,cpu         ] GC(278) User=1.23s Sys=0.05s Real=0.19s
[60.098s][info][gc,start       ] GC(279) Pause Young (Allocation Failure)
[60.303s][info][gc,heap        ] GC(279) PSYoungGen: 338432K(338432K)->113472K(399360K) Eden: 113152K(113152K)->0K(113152K) From: 225280K(225280K)->113472K(286208K)
[60.303s][info][gc,heap        ] GC(279) ParOldGen: 8930353K(9686016K)->9157257K(9686016K)
[60.303s][info][gc,metaspace   ] GC(279) Metaspace: 6299K(6464K)->6299K(6464K) NonClass: 5766K(5824K)->5766K(5824K) Class: 533K(640K)->533K(640K)
[60.303s][info][gc             ] GC(279) Pause Young (Allocation Failure) 9051M->9053M(9849M) 205.286ms
[60.303s][info][gc,cpu         ] GC(279) User=1.36s Sys=0.25s Real=0.20s
[60.423s][info][gc,start       ] GC(280) Pause Young (Allocation Failure)
[60.568s][info][gc,heap        ] GC(280) PSYoungGen: 226624K(399360K)->226848K(387072K) Eden: 113152K(113152K)->0K(108032K) From: 113472K(286208K)->226848K(279040K)
[60.568s][info][gc,heap        ] GC(280) ParOldGen: 9157257K(9686016K)->9157257K(9686016K)
[60.568s][info][gc,metaspace   ] GC(280) Metaspace: 6299K(6464K)->6299K(6464K) NonClass: 5766K(5824K)->5766K(5824K) Class: 533K(640K)->533K(640K)
[60.568s][info][gc             ] GC(280) Pause Young (Allocation Failure) 9163M->9164M(9837M) 145.393ms
[60.568s][info][gc,cpu         ] GC(280) User=0.84s Sys=0.00s Real=0.15s
[60.688s][info][gc,start       ] GC(281) Pause Young (Allocation Failure)
[60.878s][info][gc,heap        ] GC(281) PSYoungGen: 334880K(387072K)->221728K(403456K) Eden: 108032K(108032K)->0K(108032K) From: 226848K(279040K)->221728K(295424K)
[60.878s][info][gc,heap        ] GC(281) ParOldGen: 9157257K(9686016K)->9271425K(9686016K)
[60.878s][info][gc,metaspace   ] GC(281) Metaspace: 6299K(6464K)->6299K(6464K) NonClass: 5766K(5824K)->5766K(5824K) Class: 533K(640K)->533K(640K)
[60.878s][info][gc             ] GC(281) Pause Young (Allocation Failure) 9269M->9270M(9853M) 189.945ms
[60.878s][info][gc,cpu         ] GC(281) User=1.09s Sys=0.08s Real=0.19s
[60.990s][info][gc,start       ] GC(282) Pause Young (Allocation Failure)
[61.190s][info][gc,heap        ] GC(282) PSYoungGen: 329760K(403456K)->216576K(419840K) Eden: 108032K(108032K)->0K(113664K) From: 221728K(295424K)->216576K(306176K)
[61.190s][info][gc,heap        ] GC(282) ParOldGen: 9271425K(9686016K)->9385617K(9686016K)
[61.190s][info][gc,metaspace   ] GC(282) Metaspace: 6299K(6464K)->6299K(6464K) NonClass: 5766K(5824K)->5766K(5824K) Class: 533K(640K)->533K(640K)
[61.190s][info][gc             ] GC(282) Pause Young (Allocation Failure) 9376M->9377M(9869M) 200.045ms
[61.190s][info][gc,cpu         ] GC(282) User=1.25s Sys=0.06s Real=0.20s
[61.321s][info][gc,start       ] GC(283) Pause Young (Allocation Failure)
[61.507s][info][gc,heap        ] GC(283) PSYoungGen: 330240K(419840K)->222272K(425984K) Eden: 113664K(113664K)->0K(113664K) From: 216576K(306176K)->222272K(312320K)
[61.507s][info][gc,heap        ] GC(283) ParOldGen: 9385617K(9686016K)->9494641K(9686016K)
[61.507s][info][gc,metaspace   ] GC(283) Metaspace: 6299K(6464K)->6299K(6464K) NonClass: 5766K(5824K)->5766K(5824K) Class: 533K(640K)->533K(640K)
[61.507s][info][gc             ] GC(283) Pause Young (Allocation Failure) 9488M->9489M(9875M) 185.924ms
[61.507s][info][gc,cpu         ] GC(283) User=1.17s Sys=0.12s Real=0.19s
[61.507s][info][gc,start       ] GC(284) Pause Full (Ergonomics)
[61.507s][info][gc,phases,start] GC(284) Marking Phase
[63.754s][info][gc,phases      ] GC(284) Marking Phase 2246.924ms
[63.754s][info][gc,phases,start] GC(284) Summary Phase
[63.754s][info][gc,phases      ] GC(284) Summary Phase 0.099ms
[63.754s][info][gc,phases,start] GC(284) Adjust Roots
[63.754s][info][gc,phases      ] GC(284) Adjust Roots 0.196ms
[63.754s][info][gc,phases,start] GC(284) Compaction Phase
[64.670s][info][gc,phases      ] GC(284) Compaction Phase 915.397ms
[64.670s][info][gc,phases,start] GC(284) Post Compact
[64.685s][info][gc,phases      ] GC(284) Post Compact 14.972ms
[64.688s][info][gc,heap        ] GC(284) PSYoungGen: 222272K(425984K)->23917K(425984K) Eden: 0K(113664K)->0K(113664K) From: 222272K(312320K)->23917K(312320K)
[64.688s][info][gc,heap        ] GC(284) ParOldGen: 9494641K(9686016K)->9685700K(10664960K)
[64.688s][info][gc,metaspace   ] GC(284) Metaspace: 6299K(6464K)->6299K(6464K) NonClass: 5766K(5824K)->5766K(5824K) Class: 533K(640K)->533K(640K)
[64.688s][info][gc             ] GC(284) Pause Full (Ergonomics) 9489M->9482M(10831M) 3180.946ms
[64.688s][info][gc,cpu         ] GC(284) User=23.31s Sys=0.08s Real=3.18s
[64.797s][info][gc,start       ] GC(285) Pause Young (Allocation Failure)
[65.320s][info][gc,heap        ] GC(285) PSYoungGen: 137581K(425984K)->122912K(428032K) Eden: 113664K(113664K)->0K(124416K) From: 23917K(312320K)->122912K(303616K)
[65.320s][info][gc,heap        ] GC(285) ParOldGen: 9685700K(10664960K)->9700892K(10664960K)
[65.320s][info][gc,metaspace   ] GC(285) Metaspace: 6299K(6464K)->6299K(6464K) NonClass: 5766K(5824K)->5766K(5824K) Class: 533K(640K)->533K(640K)
[65.320s][info][gc             ] GC(285) Pause Young (Allocation Failure) 9593M->9593M(10833M) 523.149ms
[65.320s][info][gc,cpu         ] GC(285) User=3.25s Sys=0.00s Real=0.52s
[65.453s][info][gc,start       ] GC(286) Pause Young (Allocation Failure)
[65.613s][info][gc,heap        ] GC(286) PSYoungGen: 247328K(428032K)->247616K(436736K) Eden: 124416K(124416K)->0K(124416K) From: 122912K(303616K)->247616K(312320K)
[65.613s][info][gc,heap        ] GC(286) ParOldGen: 9700892K(10664960K)->9700892K(10664960K)
[65.613s][info][gc,metaspace   ] GC(286) Metaspace: 6299K(6464K)->6299K(6464K) NonClass: 5766K(5824K)->5766K(5824K) Class: 533K(640K)->533K(640K)
[65.613s][info][gc             ] GC(286) Pause Young (Allocation Failure) 9715M->9715M(10841M) 160.553ms
[65.613s][info][gc,cpu         ] GC(286) User=0.94s Sys=0.00s Real=0.16s
[65.752s][info][gc,start       ] GC(287) Pause Young (Allocation Failure)
[65.965s][info][gc,heap        ] GC(287) PSYoungGen: 372032K(436736K)->327168K(406016K) Eden: 124416K(124416K)->0K(78848K) From: 247616K(312320K)->327168K(327168K)
[65.965s][info][gc,heap        ] GC(287) ParOldGen: 9700892K(10664960K)->9746180K(10664960K)
[65.965s][info][gc,metaspace   ] GC(287) Metaspace: 6299K(6464K)->6299K(6464K) NonClass: 5766K(5824K)->5766K(5824K) Class: 533K(640K)->533K(640K)
[65.965s][info][gc             ] GC(287) Pause Young (Allocation Failure) 9836M->9837M(10811M) 213.786ms
[65.965s][info][gc,cpu         ] GC(287) User=1.53s Sys=0.11s Real=0.21s
[66.055s][info][gc,start       ] GC(288) Pause Young (Allocation Failure)
[66.294s][info][gc,heap        ] GC(288) PSYoungGen: 406016K(406016K)->300512K(463872K) Eden: 78848K(78848K)->0K(78848K) From: 327168K(327168K)->300512K(385024K)
[66.294s][info][gc,heap        ] GC(288) ParOldGen: 9746180K(10664960K)->9852716K(10664960K)
[66.294s][info][gc,metaspace   ] GC(288) Metaspace: 6299K(6464K)->6299K(6464K) NonClass: 5766K(5824K)->5766K(5824K) Class: 533K(640K)->533K(640K)
[66.294s][info][gc             ] GC(288) Pause Young (Allocation Failure) 9914M->9915M(10868M) 239.727ms
[66.294s][info][gc,cpu         ] GC(288) User=1.55s Sys=0.03s Real=0.24s
[66.378s][info][gc,start       ] GC(289) Pause Young (Allocation Failure)
[66.598s][info][gc,heap        ] GC(289) PSYoungGen: 379360K(463872K)->267648K(489984K) Eden: 78848K(78848K)->0K(84992K) From: 300512K(385024K)->267648K(404992K)
[66.598s][info][gc,heap        ] GC(289) ParOldGen: 9852716K(10664960K)->9965316K(10664960K)
[66.598s][info][gc,metaspace   ] GC(289) Metaspace: 6299K(6464K)->6299K(6464K) NonClass: 5766K(5824K)->5766K(5824K) Class: 533K(640K)->533K(640K)
[66.598s][info][gc             ] GC(289) Pause Young (Allocation Failure) 9992M->9993M(10893M) 220.347ms
[66.598s][info][gc,cpu         ] GC(289) User=1.53s Sys=0.09s Real=0.22s
[66.690s][info][gc,start       ] GC(290) Pause Young (Allocation Failure)
[66.894s][info][gc,heap        ] GC(290) PSYoungGen: 352640K(489984K)->164256K(493056K) Eden: 84992K(84992K)->0K(84992K) From: 267648K(404992K)->164256K(408064K)
[66.894s][info][gc,heap        ] GC(290) ParOldGen: 9965316K(10664960K)->10155204K(10664960K)
[66.894s][info][gc,metaspace   ] GC(290) Metaspace: 6299K(6464K)->6299K(6464K) NonClass: 5766K(5824K)->5766K(5824K) Class: 533K(640K)->533K(640K)
[66.894s][info][gc             ] GC(290) Pause Young (Allocation Failure) 10076M->10077M(10896M) 203.799ms
[66.894s][info][gc,cpu         ] GC(290) User=1.48s Sys=0.03s Real=0.20s
[66.998s][info][gc,start       ] GC(291) Pause Young (Allocation Failure)
[67.169s][info][gc,heap        ] GC(291) PSYoungGen: 249248K(493056K)->85248K(491520K) Eden: 84992K(84992K)->0K(94720K) From: 164256K(408064K)->85248K(396800K)
[67.169s][info][gc,heap        ] GC(291) ParOldGen: 10155204K(10664960K)->10320476K(10664960K)
[67.169s][info][gc,metaspace   ] GC(291) Metaspace: 6299K(6464K)->6299K(6464K) NonClass: 5766K(5824K)->5766K(5824K) Class: 533K(640K)->533K(640K)
[67.169s][info][gc             ] GC(291) Pause Young (Allocation Failure) 10160M->10161M(10895M) 170.388ms
[67.169s][info][gc,cpu         ] GC(291) User=0.91s Sys=0.09s Real=0.17s
[67.273s][info][gc,start       ] GC(292) Pause Young (Allocation Failure)
[67.415s][info][gc,heap        ] GC(292) PSYoungGen: 179968K(491520K)->95040K(493056K) Eden: 94720K(94720K)->0K(94720K) From: 85248K(396800K)->95040K(398336K)
[67.415s][info][gc,heap        ] GC(292) ParOldGen: 10320476K(10664960K)->10406220K(10664960K)
[67.415s][info][gc,metaspace   ] GC(292) Metaspace: 6299K(6464K)->6299K(6464K) NonClass: 5766K(5824K)->5766K(5824K) Class: 533K(640K)->533K(640K)
[67.415s][info][gc             ] GC(292) Pause Young (Allocation Failure) 10254M->10255M(10896M) 142.142ms
[67.415s][info][gc,cpu         ] GC(292) User=0.67s Sys=0.03s Real=0.14s
[67.530s][info][gc,start       ] GC(293) Pause Young (Allocation Failure)
[67.665s][info][gc,heap        ] GC(293) PSYoungGen: 189760K(493056K)->94976K(488448K) Eden: 94720K(94720K)->0K(105984K) From: 95040K(398336K)->94976K(382464K)
[67.665s][info][gc,heap        ] GC(293) ParOldGen: 10406220K(10664960K)->10501796K(10664960K)
[67.665s][info][gc,metaspace   ] GC(293) Metaspace: 6299K(6464K)->6299K(6464K) NonClass: 5766K(5824K)->5766K(5824K) Class: 533K(640K)->533K(640K)
[67.665s][info][gc             ] GC(293) Pause Young (Allocation Failure) 10347M->10348M(10892M) 135.228ms
[67.665s][info][gc,cpu         ] GC(293) User=0.64s Sys=0.03s Real=0.13s
[67.665s][info][gc,start       ] GC(294) Pause Full (Ergonomics)
[67.665s][info][gc,phases,start] GC(294) Marking Phase
[70.219s][info][gc,phases      ] GC(294) Marking Phase 2554.403ms
[70.219s][info][gc,phases,start] GC(294) Summary Phase
[70.220s][info][gc,phases      ] GC(294) Summary Phase 0.174ms
[70.220s][info][gc,phases,start] GC(294) Adjust Roots
[70.220s][info][gc,phases      ] GC(294) Adjust Roots 0.242ms
[70.220s][info][gc,phases,start] GC(294) Compaction Phase
[71.193s][info][gc,phases      ] GC(294) Compaction Phase 973.428ms
[71.193s][info][gc,phases,start] GC(294) Post Compact
[71.209s][info][gc,phases      ] GC(294) Post Compact 15.901ms
[71.212s][info][gc,heap        ] GC(294) PSYoungGen: 94976K(488448K)->0K(495104K) Eden: 0K(105984K)->0K(105984K) From: 94976K(382464K)->0K(389120K)
[71.212s][info][gc,heap        ] GC(294) ParOldGen: 10501796K(10664960K)->10588952K(11666432K)
[71.212s][info][gc,metaspace   ] GC(294) Metaspace: 6299K(6464K)->6299K(6464K) NonClass: 5766K(5824K)->5766K(5824K) Class: 533K(640K)->533K(640K)
[71.212s][info][gc             ] GC(294) Pause Full (Ergonomics) 10348M->10340M(11876M) 3547.602ms
[71.212s][info][gc,cpu         ] GC(294) User=25.55s Sys=0.08s Real=3.55s
[71.334s][info][gc,start       ] GC(295) Pause Young (Allocation Failure)
[71.440s][info][gc,heap        ] GC(295) PSYoungGen: 105984K(495104K)->106368K(484352K) Eden: 105984K(105984K)->0K(116224K) From: 0K(389120K)->106368K(368128K)
[71.440s][info][gc,heap        ] GC(295) ParOldGen: 10588952K(11666432K)->10588952K(11666432K)
[71.440s][info][gc,metaspace   ] GC(295) Metaspace: 6299K(6464K)->6299K(6464K) NonClass: 5766K(5824K)->5766K(5824K) Class: 533K(640K)->533K(640K)
[71.440s][info][gc             ] GC(295) Pause Young (Allocation Failure) 10444M->10444M(11866M) 105.645ms
[71.440s][info][gc,cpu         ] GC(295) User=0.33s Sys=0.00s Real=0.11s
[71.583s][info][gc,start       ] GC(296) Pause Young (Allocation Failure)
[71.722s][info][gc,heap        ] GC(296) PSYoungGen: 222592K(484352K)->222720K(496128K) Eden: 116224K(116224K)->0K(116224K) From: 106368K(368128K)->222720K(379904K)
[71.722s][info][gc,heap        ] GC(296) ParOldGen: 10588952K(11666432K)->10588952K(11666432K)
[71.722s][info][gc,metaspace   ] GC(296) Metaspace: 6299K(6464K)->6299K(6464K) NonClass: 5766K(5824K)->5766K(5824K) Class: 533K(640K)->533K(640K)
[71.722s][info][gc             ] GC(296) Pause Young (Allocation Failure) 10558M->10558M(11877M) 138.836ms
[71.722s][info][gc,cpu         ] GC(296) User=0.81s Sys=0.00s Real=0.14s
[71.859s][info][gc,start       ] GC(297) Pause Young (Allocation Failure)
[72.055s][info][gc,heap        ] GC(297) PSYoungGen: 338944K(496128K)->339168K(465920K) Eden: 116224K(116224K)->0K(87040K) From: 222720K(379904K)->339168K(378880K)
[72.055s][info][gc,heap        ] GC(297) ParOldGen: 10588952K(11666432K)->10588952K(11666432K)
[72.055s][info][gc,metaspace   ] GC(297) Metaspace: 6299K(6464K)->6299K(6464K) NonClass: 5766K(5824K)->5766K(5824K) Class: 533K(640K)->533K(640K)
[72.055s][info][gc             ] GC(297) Pause Young (Allocation Failure) 10671M->10671M(11848M) 195.900ms
[72.055s][info][gc,cpu         ] GC(297) User=1.02s Sys=0.02s Real=0.20s
[72.165s][info][gc,start       ] GC(298) Pause Young (Allocation Failure)
[72.418s][info][gc,heap        ] GC(298) PSYoungGen: 426208K(465920K)->320224K(506368K) Eden: 87040K(87040K)->0K(87040K) From: 339168K(378880K)->320224K(419328K)
[72.419s][info][gc,heap        ] GC(298) ParOldGen: 10588952K(11666432K)->10695896K(11666432K)
[72.419s][info][gc,metaspace   ] GC(298) Metaspace: 6299K(6464K)->6299K(6464K) NonClass: 5766K(5824K)->5766K(5824K) Class: 533K(640K)->533K(640K)
[72.419s][info][gc             ] GC(298) Pause Young (Allocation Failure) 10756M->10757M(11887M) 253.317ms
[72.419s][info][gc,cpu         ] GC(298) User=1.75s Sys=0.00s Real=0.25s
[72.526s][info][gc,start       ] GC(299) Pause Young (Allocation Failure)
[72.764s][info][gc,heap        ] GC(299) PSYoungGen: 407264K(506368K)->290944K(532992K) Eden: 87040K(87040K)->0K(88576K) From: 320224K(419328K)->290944K(444416K)
[72.764s][info][gc,heap        ] GC(299) ParOldGen: 10695896K(11666432K)->10813176K(11666432K)
[72.764s][info][gc,metaspace   ] GC(299) Metaspace: 6299K(6464K)->6299K(6464K) NonClass: 5766K(5824K)->5766K(5824K) Class: 533K(640K)->533K(640K)
[72.764s][info][gc             ] GC(299) Pause Young (Allocation Failure) 10842M->10843M(11913M) 238.229ms
[72.764s][info][gc,cpu         ] GC(299) User=1.56s Sys=0.05s Real=0.24s
[72.865s][info][gc,start       ] GC(300) Pause Young (Allocation Failure)
[73.083s][info][gc,heap        ] GC(300) PSYoungGen: 379520K(532992K)->263232K(541184K) Eden: 88576K(88576K)->0K(88576K) From: 290944K(444416K)->263232K(452608K)
[73.083s][info][gc,heap        ] GC(300) ParOldGen: 10813176K(11666432K)->10930472K(11666432K)
[73.083s][info][gc,metaspace   ] GC(300) Metaspace: 6299K(6464K)->6299K(6464K) NonClass: 5766K(5824K)->5766K(5824K) Class: 533K(640K)->533K(640K)
[73.084s][info][gc             ] GC(300) Pause Young (Allocation Failure) 10930M->10931M(11921M) 218.739ms
[73.084s][info][gc,cpu         ] GC(300) User=1.33s Sys=0.11s Real=0.22s
[73.202s][info][gc,start       ] GC(301) Pause Young (Allocation Failure)
[73.430s][info][gc,heap        ] GC(301) PSYoungGen: 351808K(541184K)->177568K(514560K) Eden: 88576K(88576K)->0K(99840K) From: 263232K(452608K)->177568K(414720K)
[73.430s][info][gc,heap        ] GC(301) ParOldGen: 10930472K(11666432K)->11106112K(11666432K)
[73.430s][info][gc,metaspace   ] GC(301) Metaspace: 6299K(6464K)->6299K(6464K) NonClass: 5766K(5824K)->5766K(5824K) Class: 533K(640K)->533K(640K)
[73.430s][info][gc             ] GC(301) Pause Young (Allocation Failure) 11017M->11019M(11895M) 227.831ms
[73.430s][info][gc,cpu         ] GC(301) User=1.22s Sys=0.09s Real=0.23s
[73.546s][info][gc,start       ] GC(302) Pause Young (Allocation Failure)
[73.724s][info][gc,heap        ] GC(302) PSYoungGen: 277408K(514560K)->100224K(530944K) Eden: 99840K(99840K)->0K(99840K) From: 177568K(414720K)->100224K(431104K)
[73.724s][info][gc,heap        ] GC(302) ParOldGen: 11106112K(11666432K)->11284832K(11666432K)
[73.724s][info][gc,metaspace   ] GC(302) Metaspace: 6299K(6464K)->6299K(6464K) NonClass: 5766K(5824K)->5766K(5824K) Class: 533K(640K)->533K(640K)
[73.724s][info][gc             ] GC(302) Pause Young (Allocation Failure) 11116M->11118M(11911M) 178.943ms
[73.724s][info][gc,cpu         ] GC(302) User=0.89s Sys=0.17s Real=0.18s
[73.849s][info][gc,start       ] GC(303) Pause Young (Allocation Failure)
[73.984s][info][gc,heap        ] GC(303) PSYoungGen: 200064K(530944K)->100128K(529920K) Eden: 99840K(99840K)->0K(112128K) From: 100224K(431104K)->100128K(417792K)
[73.984s][info][gc,heap        ] GC(303) ParOldGen: 11284832K(11666432K)->11385576K(11666432K)
[73.984s][info][gc,metaspace   ] GC(303) Metaspace: 6299K(6464K)->6299K(6464K) NonClass: 5766K(5824K)->5766K(5824K) Class: 533K(640K)->533K(640K)
[73.984s][info][gc             ] GC(303) Pause Young (Allocation Failure) 11215M->11216M(11910M) 134.253ms
[73.984s][info][gc,cpu         ] GC(303) User=0.73s Sys=0.05s Real=0.13s
[74.121s][info][gc,start       ] GC(304) Pause Young (Allocation Failure)
[74.267s][info][gc,heap        ] GC(304) PSYoungGen: 212229K(529920K)->110240K(535552K) Eden: 112101K(112128K)->0K(112128K) From: 100128K(417792K)->110240K(423424K)
[74.267s][info][gc,heap        ] GC(304) ParOldGen: 11385576K(11810304K)->11486312K(11810304K)
[74.267s][info][gc,metaspace   ] GC(304) Metaspace: 6299K(6464K)->6299K(6464K) NonClass: 5766K(5824K)->5766K(5824K) Class: 533K(640K)->533K(640K)
[74.267s][info][gc             ] GC(304) Pause Young (Allocation Failure) 11325M->11324M(12056M) 145.772ms
[74.267s][info][gc,cpu         ] GC(304) User=0.73s Sys=0.06s Real=0.15s
[74.267s][info][gc,start       ] GC(305) Pause Young (Allocation Failure)
[74.380s][info][gc,heap        ] GC(305) PSYoungGen: 110240K(535552K)->0K(531456K) Eden: 0K(112128K)->0K(117248K) From: 110240K(423424K)->0K(414208K)
[74.380s][info][gc,heap        ] GC(305) ParOldGen: 11486312K(11810304K)->11597248K(11810304K)
[74.380s][info][gc,metaspace   ] GC(305) Metaspace: 6299K(6464K)->6299K(6464K) NonClass: 5766K(5824K)->5766K(5824K) Class: 533K(640K)->533K(640K)
[74.380s][info][gc             ] GC(305) Pause Young (Allocation Failure) 11324M->11325M(12052M) 113.462ms
[74.380s][info][gc,cpu         ] GC(305) User=0.33s Sys=0.05s Real=0.11s
[74.380s][info][gc,start       ] GC(306) Pause Full (Allocation Failure)
[74.380s][info][gc,phases,start] GC(306) Marking Phase
[77.282s][info][gc,phases      ] GC(306) Marking Phase 2901.344ms
[77.282s][info][gc,phases,start] GC(306) Summary Phase
[77.282s][info][gc,phases      ] GC(306) Summary Phase 0.194ms
[77.282s][info][gc,phases,start] GC(306) Adjust Roots
[77.282s][info][gc,phases      ] GC(306) Adjust Roots 0.228ms
[77.282s][info][gc,phases,start] GC(306) Compaction Phase
[78.369s][info][gc,phases      ] GC(306) Compaction Phase 1087.098ms
[78.369s][info][gc,phases,start] GC(306) Post Compact
[78.386s][info][gc,phases      ] GC(306) Post Compact 16.741ms
[78.386s][info][gc,heap        ] GC(306) PSYoungGen: 0K(531456K)->0K(539648K) Eden: 0K(117248K)->0K(117248K) From: 0K(414208K)->0K(422400K)
[78.386s][info][gc,heap        ] GC(306) ParOldGen: 11597248K(11810304K)->11587947K(11810304K)
[78.386s][info][gc,metaspace   ] GC(306) Metaspace: 6299K(6464K)->6299K(6464K) NonClass: 5766K(5824K)->5766K(5824K) Class: 533K(640K)->533K(640K)
[78.386s][info][gc             ] GC(306) Pause Full (Allocation Failure) 11325M->11316M(12060M) 4005.994ms
[78.386s][info][gc,cpu         ] GC(306) User=27.59s Sys=0.03s Real=4.01s
[78.386s][info][gc,start       ] GC(307) Pause Young (Allocation Failure)
[78.411s][info][gc,heap        ] GC(307) PSYoungGen: 0K(539648K)->0K(551936K) Eden: 0K(117248K)->0K(129536K) From: 0K(422400K)->0K(422400K)
[78.411s][info][gc,heap        ] GC(307) ParOldGen: 11587947K(11810304K)->11587947K(11810304K)
[78.411s][info][gc,metaspace   ] GC(307) Metaspace: 6299K(6464K)->6299K(6464K) NonClass: 5766K(5824K)->5766K(5824K) Class: 533K(640K)->533K(640K)
[78.411s][info][gc             ] GC(307) Pause Young (Allocation Failure) 11316M->11316M(12072M) 24.251ms
[78.411s][info][gc,cpu         ] GC(307) User=0.08s Sys=0.00s Real=0.02s
[78.411s][info][gc,start       ] GC(308) Pause Full (Allocation Failure)
[78.411s][info][gc,phases,start] GC(308) Marking Phase
[81.201s][info][gc,phases      ] GC(308) Marking Phase 2790.264ms
[81.201s][info][gc,phases,start] GC(308) Summary Phase
[81.201s][info][gc,phases      ] GC(308) Summary Phase 0.110ms
[81.201s][info][gc,phases,start] GC(308) Adjust Roots
[81.202s][info][gc,phases      ] GC(308) Adjust Roots 0.399ms
[81.202s][info][gc,phases,start] GC(308) Compaction Phase
[84.077s][info][gc,phases      ] GC(308) Compaction Phase 2875.530ms
[84.077s][info][gc,phases,start] GC(308) Post Compact
[84.095s][info][gc,phases      ] GC(308) Post Compact 17.337ms
[84.095s][info][gc,heap        ] GC(308) PSYoungGen: 0K(551936K)->0K(554496K) Eden: 0K(129536K)->0K(129536K) From: 0K(422400K)->0K(424960K)
[84.095s][info][gc,heap        ] GC(308) ParOldGen: 11587947K(11810304K)->11587942K(11810304K)
[84.095s][info][gc,metaspace   ] GC(308) Metaspace: 6299K(6464K)->6297K(6464K) NonClass: 5766K(5824K)->5765K(5824K) Class: 533K(640K)->532K(640K)
[84.095s][info][gc             ] GC(308) Pause Full (Allocation Failure) 11316M->11316M(12075M) 5683.989ms
[84.095s][info][gc,cpu         ] GC(308) User=41.80s Sys=0.00s Real=5.68s
[84.096s][info][gc,heap,exit   ] Heap
[84.096s][info][gc,heap,exit   ]  PSYoungGen      total 554496K, used 5162K [0x0000000697980000, 0x00000006d4380000, 0x0000000800000000)
[84.096s][info][gc,heap,exit   ]   eden space 129536K, 3% used [0x0000000697980000,0x0000000697e8ab98,0x000000069f800000)
[84.096s][info][gc,heap,exit   ]   from space 424960K, 0% used [0x000000069f800000,0x000000069f800000,0x00000006b9700000)
[84.096s][info][gc,heap,exit   ]   to   space 424960K, 0% used [0x00000006ba480000,0x00000006ba480000,0x00000006d4380000)
[84.096s][info][gc,heap,exit   ]  ParOldGen       total 11810304K, used 11587942K [0x00000003c6c00000, 0x0000000697980000, 0x0000000697980000)
[84.096s][info][gc,heap,exit   ]   object space 11810304K, 98% used [0x00000003c6c00000,0x000000068a059b80,0x0000000697980000)
[84.096s][info][gc,heap,exit   ]  Metaspace       used 6302K, committed 6464K, reserved 1114112K
[84.096s][info][gc,heap,exit   ]   class space    used 534K, committed 640K, reserved 1048576K
