[0.012s][info][gc,init] CardTable entry size: 512
[0.012s][info][gc     ] Using Parallel
[0.013s][info][gc,init] Version: 18.0.1+10 (release)
[0.013s][info][gc,init] CPUs: 8 total, 8 available
[0.013s][info][gc,init] Memory: 16063M
[0.013s][info][gc,init] Large Page Support: Disabled
[0.013s][info][gc,init] NUMA Support: Disabled
[0.013s][info][gc,init] Compressed Oops: Enabled (Zero based)
[0.013s][info][gc,init] Alignments: Space 512K, Generation 512K, Heap 2M
[0.013s][info][gc,init] Heap Min Capacity: 2M
[0.013s][info][gc,init] Heap Initial Capacity: 2M
[0.013s][info][gc,init] Heap Max Capacity: 8200M
[0.013s][info][gc,init] Pre-touch: Disabled
[0.013s][info][gc,init] Parallel Workers: 8
[0.013s][info][gc,metaspace] CDS archive(s) not mapped
[0.013s][info][gc,metaspace] Compressed class space mapped at: 0x0000000800000000-0x0000000840000000, reserved size: 1073741824
[0.013s][info][gc,metaspace] Narrow klass base: 0x0000000800000000, Narrow klass shift: 0, Narrow klass range: 0x40000000
[0.110s][info][gc,start    ] GC(0) Pause Young (Allocation Failure)
[0.111s][info][gc,heap     ] GC(0) PSYoungGen: 512K(1024K)->480K(1024K) Eden: 512K(512K)->0K(512K) From: 0K(512K)->480K(512K)
[0.111s][info][gc,heap     ] GC(0) ParOldGen: 0K(512K)->8K(512K)
[0.111s][info][gc,metaspace] GC(0) Metaspace: 4229K(4352K)->4229K(4352K) NonClass: 3908K(3968K)->3908K(3968K) Class: 321K(384K)->321K(384K)
[0.111s][info][gc          ] GC(0) Pause Young (Allocation Failure) 0M->0M(1M) 1.386ms
[0.111s][info][gc,cpu      ] GC(0) User=0.00s Sys=0.00s Real=0.00s
[0.173s][info][gc,start    ] GC(1) Pause Young (Allocation Failure)
[0.174s][info][gc,heap     ] GC(1) PSYoungGen: 991K(1024K)->512K(1536K) Eden: 511K(512K)->0K(1024K) From: 480K(512K)->512K(512K)
[0.174s][info][gc,heap     ] GC(1) ParOldGen: 8K(512K)->96K(512K)
[0.174s][info][gc,metaspace] GC(1) Metaspace: 5877K(6016K)->5877K(6016K) NonClass: 5381K(5504K)->5381K(5504K) Class: 496K(512K)->496K(512K)
[0.174s][info][gc          ] GC(1) Pause Young (Allocation Failure) 0M->0M(2M) 0.905ms
[0.174s][info][gc,cpu      ] GC(1) User=0.00s Sys=0.00s Real=0.00s
[0.194s][info][gc,start    ] GC(2) Pause Young (Allocation Failure)
[0.196s][info][gc,heap     ] GC(2) PSYoungGen: 1536K(1536K)->512K(1536K) Eden: 1024K(1024K)->0K(1024K) From: 512K(512K)->512K(512K)
[0.196s][info][gc,heap     ] GC(2) ParOldGen: 96K(512K)->504K(512K)
[0.196s][info][gc,metaspace] GC(2) Metaspace: 6296K(6464K)->6296K(6464K) NonClass: 5763K(5824K)->5763K(5824K) Class: 533K(640K)->533K(640K)
[0.196s][info][gc          ] GC(2) Pause Young (Allocation Failure) 1M->0M(2M) 1.265ms
[0.196s][info][gc,cpu      ] GC(2) User=0.00s Sys=0.00s Real=0.00s
[0.196s][info][gc,start    ] GC(3) Pause Full (Ergonomics)
[0.196s][info][gc,phases,start] GC(3) Marking Phase
[0.197s][info][gc,phases      ] GC(3) Marking Phase 0.993ms
[0.197s][info][gc,phases,start] GC(3) Summary Phase
[0.197s][info][gc,phases      ] GC(3) Summary Phase 0.016ms
[0.197s][info][gc,phases,start] GC(3) Adjust Roots
[0.197s][info][gc,phases      ] GC(3) Adjust Roots 0.358ms
[0.197s][info][gc,phases,start] GC(3) Compaction Phase
[0.199s][info][gc,phases      ] GC(3) Compaction Phase 1.788ms
[0.199s][info][gc,phases,start] GC(3) Post Compact
[0.199s][info][gc,phases      ] GC(3) Post Compact 0.085ms
[0.199s][info][gc,heap        ] GC(3) PSYoungGen: 512K(1536K)->511K(1536K) Eden: 0K(1024K)->0K(1024K) From: 512K(512K)->511K(512K)
[0.199s][info][gc,heap        ] GC(3) ParOldGen: 504K(512K)->469K(2048K)
[0.199s][info][gc,metaspace   ] GC(3) Metaspace: 6296K(6464K)->6296K(6464K) NonClass: 5763K(5824K)->5763K(5824K) Class: 533K(640K)->533K(640K)
[0.199s][info][gc             ] GC(3) Pause Full (Ergonomics) 0M->0M(3M) 3.464ms
[0.199s][info][gc,cpu         ] GC(3) User=0.00s Sys=0.00s Real=0.00s
[0.201s][info][gc,start       ] GC(4) Pause Young (Allocation Failure)
[0.202s][info][gc,heap        ] GC(4) PSYoungGen: 1535K(1536K)->480K(2560K) Eden: 1024K(1024K)->0K(2048K) From: 511K(512K)->480K(512K)
[0.202s][info][gc,heap        ] GC(4) ParOldGen: 469K(2048K)->1029K(2048K)
[0.202s][info][gc,metaspace   ] GC(4) Metaspace: 6296K(6464K)->6296K(6464K) NonClass: 5763K(5824K)->5763K(5824K) Class: 533K(640K)->533K(640K)
[0.202s][info][gc             ] GC(4) Pause Young (Allocation Failure) 1M->1M(4M) 1.506ms
[0.202s][info][gc,cpu         ] GC(4) User=0.00s Sys=0.00s Real=0.00s
[0.205s][info][gc,start       ] GC(5) Pause Young (Allocation Failure)
[0.207s][info][gc,heap        ] GC(5) PSYoungGen: 2528K(2560K)->480K(2560K) Eden: 2048K(2048K)->0K(2048K) From: 480K(512K)->480K(512K)
[0.207s][info][gc,heap        ] GC(5) ParOldGen: 1029K(2048K)->2098K(2560K)
[0.207s][info][gc,metaspace   ] GC(5) Metaspace: 6296K(6464K)->6296K(6464K) NonClass: 5763K(5824K)->5763K(5824K) Class: 533K(640K)->533K(640K)
[0.207s][info][gc             ] GC(5) Pause Young (Allocation Failure) 3M->2M(5M) 1.944ms
[0.207s][info][gc,cpu         ] GC(5) User=0.00s Sys=0.00s Real=0.00s
[0.207s][info][gc,start       ] GC(6) Pause Full (Ergonomics)
[0.207s][info][gc,phases,start] GC(6) Marking Phase
[0.209s][info][gc,phases      ] GC(6) Marking Phase 1.714ms
[0.209s][info][gc,phases,start] GC(6) Summary Phase
[0.209s][info][gc,phases      ] GC(6) Summary Phase 0.018ms
[0.209s][info][gc,phases,start] GC(6) Adjust Roots
[0.209s][info][gc,phases      ] GC(6) Adjust Roots 0.341ms
[0.209s][info][gc,phases,start] GC(6) Compaction Phase
[0.211s][info][gc,phases      ] GC(6) Compaction Phase 2.102ms
[0.211s][info][gc,phases,start] GC(6) Post Compact
[0.211s][info][gc,phases      ] GC(6) Post Compact 0.043ms
[0.211s][info][gc,heap        ] GC(6) PSYoungGen: 480K(2560K)->0K(4096K) Eden: 0K(2048K)->0K(3072K) From: 480K(512K)->0K(1024K)
[0.211s][info][gc,heap        ] GC(6) ParOldGen: 2098K(2560K)->2542K(6144K)
[0.211s][info][gc,metaspace   ] GC(6) Metaspace: 6296K(6464K)->6296K(6464K) NonClass: 5763K(5824K)->5763K(5824K) Class: 533K(640K)->533K(640K)
[0.211s][info][gc             ] GC(6) Pause Full (Ergonomics) 2M->2M(10M) 4.598ms
[0.212s][info][gc,cpu         ] GC(6) User=0.00s Sys=0.00s Real=0.00s
[0.216s][info][gc,start       ] GC(7) Pause Young (Allocation Failure)
[0.218s][info][gc,heap        ] GC(7) PSYoungGen: 3072K(4096K)->1664K(5120K) Eden: 3072K(3072K)->0K(3072K) From: 0K(1024K)->1664K(2048K)
[0.218s][info][gc,heap        ] GC(7) ParOldGen: 2542K(6144K)->2542K(6144K)
[0.218s][info][gc,metaspace   ] GC(7) Metaspace: 6296K(6464K)->6296K(6464K) NonClass: 5763K(5824K)->5763K(5824K) Class: 533K(640K)->533K(640K)
[0.218s][info][gc             ] GC(7) Pause Young (Allocation Failure) 5M->4M(11M) 1.734ms
[0.218s][info][gc,cpu         ] GC(7) User=0.00s Sys=0.00s Real=0.00s
[0.224s][info][gc,start       ] GC(8) Pause Young (Allocation Failure)
[0.227s][info][gc,heap        ] GC(8) PSYoungGen: 4736K(5120K)->2016K(5632K) Eden: 3072K(3072K)->0K(3584K) From: 1664K(2048K)->2016K(2048K)
[0.227s][info][gc,heap        ] GC(8) ParOldGen: 2542K(6144K)->3774K(6144K)
[0.227s][info][gc,metaspace   ] GC(8) Metaspace: 6296K(6464K)->6296K(6464K) NonClass: 5763K(5824K)->5763K(5824K) Class: 533K(640K)->533K(640K)
[0.227s][info][gc             ] GC(8) Pause Young (Allocation Failure) 7M->5M(11M) 2.912ms
[0.227s][info][gc,cpu         ] GC(8) User=0.00s Sys=0.00s Real=0.00s
[0.234s][info][gc,start       ] GC(9) Pause Young (Allocation Failure)
[0.238s][info][gc,heap        ] GC(9) PSYoungGen: 5600K(5632K)->3040K(6656K) Eden: 3584K(3584K)->0K(3584K) From: 2016K(2048K)->3040K(3072K)
[0.238s][info][gc,heap        ] GC(9) ParOldGen: 3774K(6144K)->4614K(6144K)
[0.238s][info][gc,metaspace   ] GC(9) Metaspace: 6296K(6464K)->6296K(6464K) NonClass: 5763K(5824K)->5763K(5824K) Class: 533K(640K)->533K(640K)
[0.238s][info][gc             ] GC(9) Pause Young (Allocation Failure) 9M->7M(12M) 4.116ms
[0.238s][info][gc,cpu         ] GC(9) User=0.00s Sys=0.00s Real=0.00s
[0.242s][info][gc,start       ] GC(10) Pause Young (Allocation Failure)
[0.246s][info][gc,heap        ] GC(10) PSYoungGen: 6624K(6656K)->4064K(8704K) Eden: 3584K(3584K)->0K(4608K) From: 3040K(3072K)->4064K(4096K)
[0.246s][info][gc,heap        ] GC(10) ParOldGen: 4614K(6144K)->5454K(6144K)
[0.246s][info][gc,metaspace   ] GC(10) Metaspace: 6296K(6464K)->6296K(6464K) NonClass: 5763K(5824K)->5763K(5824K) Class: 533K(640K)->533K(640K)
[0.246s][info][gc             ] GC(10) Pause Young (Allocation Failure) 10M->9M(14M) 4.438ms
[0.246s][info][gc,cpu         ] GC(10) User=0.00s Sys=0.00s Real=0.01s
[0.246s][info][gc,start       ] GC(11) Pause Full (Ergonomics)
[0.246s][info][gc,phases,start] GC(11) Marking Phase
[0.251s][info][gc,phases      ] GC(11) Marking Phase 4.690ms
[0.251s][info][gc,phases,start] GC(11) Summary Phase
[0.251s][info][gc,phases      ] GC(11) Summary Phase 0.018ms
[0.251s][info][gc,phases,start] GC(11) Adjust Roots
[0.251s][info][gc,phases      ] GC(11) Adjust Roots 0.355ms
[0.251s][info][gc,phases,start] GC(11) Compaction Phase
[0.258s][info][gc,phases      ] GC(11) Compaction Phase 6.670ms
[0.258s][info][gc,phases,start] GC(11) Post Compact
[0.258s][info][gc,phases      ] GC(11) Post Compact 0.068ms
[0.258s][info][gc,heap        ] GC(11) PSYoungGen: 4064K(8704K)->3545K(8704K) Eden: 0K(4608K)->0K(4608K) From: 4064K(4096K)->3545K(4096K)
[0.258s][info][gc,heap        ] GC(11) ParOldGen: 5454K(6144K)->5831K(10752K)
[0.258s][info][gc,metaspace   ] GC(11) Metaspace: 6296K(6464K)->6296K(6464K) NonClass: 5763K(5824K)->5763K(5824K) Class: 533K(640K)->533K(640K)
[0.258s][info][gc             ] GC(11) Pause Full (Ergonomics) 9M->9M(19M) 12.178ms
[0.258s][info][gc,cpu         ] GC(11) User=0.02s Sys=0.00s Real=0.01s
[0.263s][info][gc,start       ] GC(12) Pause Young (Allocation Failure)
[0.267s][info][gc,heap        ] GC(12) PSYoungGen: 8013K(8704K)->5088K(9728K) Eden: 4468K(4608K)->0K(4608K) From: 3545K(4096K)->5088K(5120K)
[0.267s][info][gc,heap        ] GC(12) ParOldGen: 5831K(10752K)->6607K(10752K)
[0.267s][info][gc,metaspace   ] GC(12) Metaspace: 6296K(6464K)->6296K(6464K) NonClass: 5763K(5824K)->5763K(5824K) Class: 533K(640K)->533K(640K)
[0.267s][info][gc             ] GC(12) Pause Young (Allocation Failure) 13M->11M(20M) 4.058ms
[0.267s][info][gc,cpu         ] GC(12) User=0.02s Sys=0.00s Real=0.00s
[0.273s][info][gc,start       ] GC(13) Pause Young (Allocation Failure)
[0.279s][info][gc,heap        ] GC(13) PSYoungGen: 9696K(9728K)->6112K(11264K) Eden: 4608K(4608K)->0K(5120K) From: 5088K(5120K)->6112K(6144K)
[0.279s][info][gc,heap        ] GC(13) ParOldGen: 6607K(10752K)->7975K(10752K)
[0.279s][info][gc,metaspace   ] GC(13) Metaspace: 6296K(6464K)->6296K(6464K) NonClass: 5763K(5824K)->5763K(5824K) Class: 533K(640K)->533K(640K)
[0.279s][info][gc             ] GC(13) Pause Young (Allocation Failure) 15M->13M(21M) 5.703ms
[0.279s][info][gc,cpu         ] GC(13) User=0.00s Sys=0.00s Real=0.01s
[0.283s][info][gc,start       ] GC(14) Pause Young (Allocation Failure)
[0.288s][info][gc,heap        ] GC(14) PSYoungGen: 11232K(11264K)->5216K(12800K) Eden: 5120K(5120K)->0K(5120K) From: 6112K(6144K)->5216K(7680K)
[0.288s][info][gc,heap        ] GC(14) ParOldGen: 7975K(10752K)->11575K(11776K)
[0.288s][info][gc,metaspace   ] GC(14) Metaspace: 6298K(6464K)->6298K(6464K) NonClass: 5765K(5824K)->5765K(5824K) Class: 533K(640K)->533K(640K)
[0.288s][info][gc             ] GC(14) Pause Young (Allocation Failure) 18M->16M(24M) 5.498ms
[0.288s][info][gc,cpu         ] GC(14) User=0.00s Sys=0.00s Real=0.01s
[0.288s][info][gc,start       ] GC(15) Pause Full (Ergonomics)
[0.288s][info][gc,phases,start] GC(15) Marking Phase
[0.295s][info][gc,phases      ] GC(15) Marking Phase 7.222ms
[0.295s][info][gc,phases,start] GC(15) Summary Phase
[0.295s][info][gc,phases      ] GC(15) Summary Phase 0.017ms
[0.295s][info][gc,phases,start] GC(15) Adjust Roots
[0.296s][info][gc,phases      ] GC(15) Adjust Roots 0.215ms
[0.296s][info][gc,phases,start] GC(15) Compaction Phase
[0.303s][info][gc,phases      ] GC(15) Compaction Phase 7.282ms
[0.303s][info][gc,phases,start] GC(15) Post Compact
[0.303s][info][gc,phases      ] GC(15) Post Compact 0.086ms
[0.303s][info][gc,heap        ] GC(15) PSYoungGen: 5216K(12800K)->5179K(12800K) Eden: 0K(5120K)->0K(5120K) From: 5216K(7680K)->5179K(7680K)
[0.303s][info][gc,heap        ] GC(15) ParOldGen: 11575K(11776K)->11471K(18432K)
[0.303s][info][gc,metaspace   ] GC(15) Metaspace: 6298K(6464K)->6298K(6464K) NonClass: 5765K(5824K)->5765K(5824K) Class: 533K(640K)->533K(640K)
[0.303s][info][gc             ] GC(15) Pause Full (Ergonomics) 16M->16M(30M) 15.160ms
[0.303s][info][gc,cpu         ] GC(15) User=0.00s Sys=0.00s Real=0.01s
[0.306s][info][gc,start       ] GC(16) Pause Young (Allocation Failure)
[0.312s][info][gc,heap        ] GC(16) PSYoungGen: 10299K(12800K)->2688K(14336K) Eden: 5120K(5120K)->0K(7168K) From: 5179K(7680K)->2688K(7168K)
[0.313s][info][gc,heap        ] GC(16) ParOldGen: 11471K(18432K)->16735K(18432K)
[0.313s][info][gc,metaspace   ] GC(16) Metaspace: 6298K(6464K)->6298K(6464K) NonClass: 5765K(5824K)->5765K(5824K) Class: 533K(640K)->533K(640K)
[0.313s][info][gc             ] GC(16) Pause Young (Allocation Failure) 21M->18M(32M) 6.099ms
[0.313s][info][gc,cpu         ] GC(16) User=0.00s Sys=0.00s Real=0.01s
[0.313s][info][gc,start       ] GC(17) Pause Full (Ergonomics)
[0.313s][info][gc,phases,start] GC(17) Marking Phase
[0.321s][info][gc,phases      ] GC(17) Marking Phase 7.886ms
[0.321s][info][gc,phases,start] GC(17) Summary Phase
[0.321s][info][gc,phases      ] GC(17) Summary Phase 0.019ms
[0.321s][info][gc,phases,start] GC(17) Adjust Roots
[0.321s][info][gc,phases      ] GC(17) Adjust Roots 0.215ms
[0.321s][info][gc,phases,start] GC(17) Compaction Phase
[0.328s][info][gc,phases      ] GC(17) Compaction Phase 6.715ms
[0.328s][info][gc,phases,start] GC(17) Post Compact
[0.328s][info][gc,phases      ] GC(17) Post Compact 0.088ms
[0.328s][info][gc,heap        ] GC(17) PSYoungGen: 2688K(14336K)->1105K(14848K) Eden: 0K(7168K)->0K(7680K) From: 2688K(7168K)->1105K(7168K)
[0.328s][info][gc,heap        ] GC(17) ParOldGen: 16735K(18432K)->18183K(27648K)
[0.328s][info][gc,metaspace   ] GC(17) Metaspace: 6298K(6464K)->6298K(6464K) NonClass: 5765K(5824K)->5765K(5824K) Class: 533K(640K)->533K(640K)
[0.328s][info][gc             ] GC(17) Pause Full (Ergonomics) 18M->18M(41M) 15.243ms
[0.328s][info][gc,cpu         ] GC(17) User=0.00s Sys=0.00s Real=0.02s
[0.332s][info][gc,start       ] GC(18) Pause Young (Allocation Failure)
[0.337s][info][gc,heap        ] GC(18) PSYoungGen: 7799K(14848K)->3456K(15360K) Eden: 6694K(7680K)->0K(7680K) From: 1105K(7168K)->3456K(7680K)
[0.337s][info][gc,heap        ] GC(18) ParOldGen: 18183K(27648K)->19311K(27648K)
[0.337s][info][gc,metaspace   ] GC(18) Metaspace: 6298K(6464K)->6298K(6464K) NonClass: 5765K(5824K)->5765K(5824K) Class: 533K(640K)->533K(640K)
[0.337s][info][gc             ] GC(18) Pause Young (Allocation Failure) 25M->22M(42M) 4.606ms
[0.337s][info][gc,cpu         ] GC(18) User=0.00s Sys=0.00s Real=0.01s
[0.345s][info][gc,start       ] GC(19) Pause Young (Allocation Failure)
[0.351s][info][gc,heap        ] GC(19) PSYoungGen: 11135K(15360K)->4512K(17920K) Eden: 7679K(7680K)->0K(10240K) From: 3456K(7680K)->4512K(7680K)
[0.351s][info][gc,heap        ] GC(19) ParOldGen: 19311K(27648K)->22767K(27648K)
[0.351s][info][gc,metaspace   ] GC(19) Metaspace: 6298K(6464K)->6298K(6464K) NonClass: 5765K(5824K)->5765K(5824K) Class: 533K(640K)->533K(640K)
[0.351s][info][gc             ] GC(19) Pause Young (Allocation Failure) 29M->26M(44M) 6.758ms
[0.351s][info][gc,cpu         ] GC(19) User=0.00s Sys=0.00s Real=0.01s
[0.358s][info][gc,start       ] GC(20) Pause Young (Allocation Failure)
[0.365s][info][gc,heap        ] GC(20) PSYoungGen: 14752K(17920K)->5344K(17920K) Eden: 10240K(10240K)->0K(10240K) From: 4512K(7680K)->5344K(7680K)
[0.365s][info][gc,heap        ] GC(20) ParOldGen: 22767K(27648K)->27287K(27648K)
[0.365s][info][gc,metaspace   ] GC(20) Metaspace: 6298K(6464K)->6298K(6464K) NonClass: 5765K(5824K)->5765K(5824K) Class: 533K(640K)->533K(640K)
[0.365s][info][gc             ] GC(20) Pause Young (Allocation Failure) 36M->31M(44M) 7.238ms
[0.365s][info][gc,cpu         ] GC(20) User=0.00s Sys=0.00s Real=0.01s
[0.365s][info][gc,start       ] GC(21) Pause Full (Ergonomics)
[0.365s][info][gc,phases,start] GC(21) Marking Phase
[0.378s][info][gc,phases      ] GC(21) Marking Phase 13.463ms
[0.378s][info][gc,phases,start] GC(21) Summary Phase
[0.379s][info][gc,phases      ] GC(21) Summary Phase 0.019ms
[0.379s][info][gc,phases,start] GC(21) Adjust Roots
[0.379s][info][gc,phases      ] GC(21) Adjust Roots 0.178ms
[0.379s][info][gc,phases,start] GC(21) Compaction Phase
[0.392s][info][gc,phases      ] GC(21) Compaction Phase 13.643ms
[0.392s][info][gc,phases,start] GC(21) Post Compact
[0.393s][info][gc,phases      ] GC(21) Post Compact 0.139ms
[0.393s][info][gc,heap        ] GC(21) PSYoungGen: 5344K(17920K)->4779K(17920K) Eden: 0K(10240K)->0K(10240K) From: 5344K(7680K)->4779K(7680K)
[0.393s][info][gc,heap        ] GC(21) ParOldGen: 27287K(27648K)->27139K(38912K)
[0.393s][info][gc,metaspace   ] GC(21) Metaspace: 6298K(6464K)->6298K(6464K) NonClass: 5765K(5824K)->5765K(5824K) Class: 533K(640K)->533K(640K)
[0.393s][info][gc             ] GC(21) Pause Full (Ergonomics) 31M->31M(55M) 27.987ms
[0.393s][info][gc,cpu         ] GC(21) User=0.00s Sys=0.00s Real=0.03s
[0.402s][info][gc,start       ] GC(22) Pause Young (Allocation Failure)
[0.414s][info][gc,heap        ] GC(22) PSYoungGen: 15019K(17920K)->8192K(17920K) Eden: 10240K(10240K)->0K(9728K) From: 4779K(7680K)->8192K(8192K)
[0.414s][info][gc,heap        ] GC(22) ParOldGen: 27139K(38912K)->32955K(38912K)
[0.414s][info][gc,metaspace   ] GC(22) Metaspace: 6298K(6464K)->6298K(6464K) NonClass: 5765K(5824K)->5765K(5824K) Class: 533K(640K)->533K(640K)
[0.414s][info][gc             ] GC(22) Pause Young (Allocation Failure) 41M->40M(55M) 11.842ms
[0.414s][info][gc,cpu         ] GC(22) User=0.00s Sys=0.00s Real=0.01s
[0.414s][info][gc,start       ] GC(23) Pause Full (Ergonomics)
[0.414s][info][gc,phases,start] GC(23) Marking Phase
[0.430s][info][gc,phases      ] GC(23) Marking Phase 16.148ms
[0.430s][info][gc,phases,start] GC(23) Summary Phase
[0.430s][info][gc,phases      ] GC(23) Summary Phase 0.019ms
[0.430s][info][gc,phases,start] GC(23) Adjust Roots
[0.430s][info][gc,phases      ] GC(23) Adjust Roots 0.157ms
[0.430s][info][gc,phases,start] GC(23) Compaction Phase
[0.440s][info][gc,phases      ] GC(23) Compaction Phase 10.185ms
[0.441s][info][gc,phases,start] GC(23) Post Compact
[0.441s][info][gc,phases      ] GC(23) Post Compact 0.193ms
[0.441s][info][gc,heap        ] GC(23) PSYoungGen: 8192K(17920K)->2555K(17920K) Eden: 0K(9728K)->0K(9728K) From: 8192K(8192K)->2555K(8192K)
[0.441s][info][gc,heap        ] GC(23) ParOldGen: 32955K(38912K)->38482K(52736K)
[0.441s][info][gc,metaspace   ] GC(23) Metaspace: 6298K(6464K)->6298K(6464K) NonClass: 5765K(5824K)->5765K(5824K) Class: 533K(640K)->533K(640K)
[0.441s][info][gc             ] GC(23) Pause Full (Ergonomics) 40M->40M(69M) 27.090ms
[0.441s][info][gc,cpu         ] GC(23) User=0.00s Sys=0.00s Real=0.03s
[0.455s][info][gc,start       ] GC(24) Pause Young (Allocation Failure)
[0.465s][info][gc,heap        ] GC(24) PSYoungGen: 12283K(17920K)->9760K(20992K) Eden: 9728K(9728K)->0K(9728K) From: 2555K(8192K)->9760K(11264K)
[0.465s][info][gc,heap        ] GC(24) ParOldGen: 38482K(52736K)->41090K(52736K)
[0.465s][info][gc,metaspace   ] GC(24) Metaspace: 6298K(6464K)->6298K(6464K) NonClass: 5765K(5824K)->5765K(5824K) Class: 533K(640K)->533K(640K)
[0.466s][info][gc             ] GC(24) Pause Young (Allocation Failure) 49M->49M(72M) 10.622ms
[0.466s][info][gc,cpu         ] GC(24) User=0.00s Sys=0.00s Real=0.01s
[0.476s][info][gc,start       ] GC(25) Pause Young (Allocation Failure)
[0.489s][info][gc,heap        ] GC(25) PSYoungGen: 19488K(20992K)->12768K(19968K) Eden: 9728K(9728K)->0K(7168K) From: 9760K(11264K)->12768K(12800K)
[0.489s][info][gc,heap        ] GC(25) ParOldGen: 41090K(52736K)->47858K(52736K)
[0.489s][info][gc,metaspace   ] GC(25) Metaspace: 6298K(6464K)->6298K(6464K) NonClass: 5765K(5824K)->5765K(5824K) Class: 533K(640K)->533K(640K)
[0.489s][info][gc             ] GC(25) Pause Young (Allocation Failure) 59M->59M(71M) 13.233ms
[0.489s][info][gc,cpu         ] GC(25) User=0.00s Sys=0.02s Real=0.01s
[0.489s][info][gc,start       ] GC(26) Pause Full (Ergonomics)
[0.489s][info][gc,phases,start] GC(26) Marking Phase
[0.512s][info][gc,phases      ] GC(26) Marking Phase 23.222ms
[0.513s][info][gc,phases,start] GC(26) Summary Phase
[0.513s][info][gc,phases      ] GC(26) Summary Phase 0.020ms
[0.513s][info][gc,phases,start] GC(26) Adjust Roots
[0.513s][info][gc,phases      ] GC(26) Adjust Roots 0.158ms
[0.513s][info][gc,phases,start] GC(26) Compaction Phase
[0.531s][info][gc,phases      ] GC(26) Compaction Phase 18.497ms
[0.531s][info][gc,phases,start] GC(26) Post Compact
[0.532s][info][gc,phases      ] GC(26) Post Compact 0.205ms
[0.532s][info][gc,heap        ] GC(26) PSYoungGen: 12768K(19968K)->7122K(19968K) Eden: 0K(7168K)->0K(7168K) From: 12768K(12800K)->7122K(12800K)
[0.532s][info][gc,heap        ] GC(26) ParOldGen: 47858K(52736K)->52295K(69120K)
[0.532s][info][gc,metaspace   ] GC(26) Metaspace: 6298K(6464K)->6298K(6464K) NonClass: 5765K(5824K)->5765K(5824K) Class: 533K(640K)->533K(640K)
[0.532s][info][gc             ] GC(26) Pause Full (Ergonomics) 59M->58M(87M) 42.487ms
[0.532s][info][gc,cpu         ] GC(26) User=0.03s Sys=0.00s Real=0.04s
[0.539s][info][gc,start       ] GC(27) Pause Young (Allocation Failure)
[0.552s][info][gc,heap        ] GC(27) PSYoungGen: 14290K(19968K)->7168K(24576K) Eden: 7168K(7168K)->0K(7168K) From: 7122K(12800K)->7168K(17408K)
[0.552s][info][gc,heap        ] GC(27) ParOldGen: 52295K(69120K)->59535K(69120K)
[0.552s][info][gc,metaspace   ] GC(27) Metaspace: 6298K(6464K)->6298K(6464K) NonClass: 5765K(5824K)->5765K(5824K) Class: 533K(640K)->533K(640K)
[0.552s][info][gc             ] GC(27) Pause Young (Allocation Failure) 65M->65M(91M) 13.459ms
[0.552s][info][gc,cpu         ] GC(27) User=0.00s Sys=0.00s Real=0.01s
[0.559s][info][gc,start       ] GC(28) Pause Young (Allocation Failure)
[0.569s][info][gc,heap        ] GC(28) PSYoungGen: 14336K(24576K)->14336K(23040K) Eden: 7168K(7168K)->0K(6656K) From: 7168K(17408K)->14336K(16384K)
[0.569s][info][gc,heap        ] GC(28) ParOldGen: 59535K(69120K)->59535K(69120K)
[0.569s][info][gc,metaspace   ] GC(28) Metaspace: 6298K(6464K)->6298K(6464K) NonClass: 5765K(5824K)->5765K(5824K) Class: 533K(640K)->533K(640K)
[0.569s][info][gc             ] GC(28) Pause Young (Allocation Failure) 72M->72M(90M) 9.652ms
[0.569s][info][gc,cpu         ] GC(28) User=0.00s Sys=0.00s Real=0.01s
[0.577s][info][gc,start       ] GC(29) Pause Young (Allocation Failure)
[0.590s][info][gc,heap        ] GC(29) PSYoungGen: 20992K(23040K)->13824K(25088K) Eden: 6656K(6656K)->0K(6656K) From: 14336K(16384K)->13824K(18432K)
[0.590s][info][gc,heap        ] GC(29) ParOldGen: 59535K(69120K)->66791K(69120K)
[0.590s][info][gc,metaspace   ] GC(29) Metaspace: 6298K(6464K)->6298K(6464K) NonClass: 5765K(5824K)->5765K(5824K) Class: 533K(640K)->533K(640K)
[0.590s][info][gc             ] GC(29) Pause Young (Allocation Failure) 78M->78M(92M) 13.226ms
[0.590s][info][gc,cpu         ] GC(29) User=0.00s Sys=0.00s Real=0.01s
[0.590s][info][gc,start       ] GC(30) Pause Full (Ergonomics)
[0.590s][info][gc,phases,start] GC(30) Marking Phase
[0.620s][info][gc,phases      ] GC(30) Marking Phase 30.559ms
[0.621s][info][gc,phases,start] GC(30) Summary Phase
[0.621s][info][gc,phases      ] GC(30) Summary Phase 0.019ms
[0.621s][info][gc,phases,start] GC(30) Adjust Roots
[0.621s][info][gc,phases      ] GC(30) Adjust Roots 0.157ms
[0.621s][info][gc,phases,start] GC(30) Compaction Phase
[0.641s][info][gc,phases      ] GC(30) Compaction Phase 20.004ms
[0.641s][info][gc,phases,start] GC(30) Post Compact
[0.641s][info][gc,phases      ] GC(30) Post Compact 0.383ms
[0.641s][info][gc,heap        ] GC(30) PSYoungGen: 13824K(25088K)->11209K(25088K) Eden: 0K(6656K)->0K(6656K) From: 13824K(18432K)->11209K(18432K)
[0.641s][info][gc,heap        ] GC(30) ParOldGen: 66791K(69120K)->69111K(89600K)
[0.641s][info][gc,metaspace   ] GC(30) Metaspace: 6298K(6464K)->6298K(6464K) NonClass: 5765K(5824K)->5765K(5824K) Class: 533K(640K)->533K(640K)
[0.641s][info][gc             ] GC(30) Pause Full (Ergonomics) 78M->78M(112M) 51.506ms
[0.641s][info][gc,cpu         ] GC(30) User=0.06s Sys=0.00s Real=0.05s
[0.650s][info][gc,start       ] GC(31) Pause Young (Allocation Failure)
[0.668s][info][gc,heap        ] GC(31) PSYoungGen: 17865K(25088K)->11936K(27648K) Eden: 6656K(6656K)->0K(8192K) From: 11209K(18432K)->11936K(19456K)
[0.668s][info][gc,heap        ] GC(31) ParOldGen: 69111K(89600K)->75159K(89600K)
[0.668s][info][gc,metaspace   ] GC(31) Metaspace: 6298K(6464K)->6298K(6464K) NonClass: 5765K(5824K)->5765K(5824K) Class: 533K(640K)->533K(640K)
[0.668s][info][gc             ] GC(31) Pause Young (Allocation Failure) 84M->85M(114M) 17.417ms
[0.668s][info][gc,cpu         ] GC(31) User=0.02s Sys=0.02s Real=0.02s
[0.684s][info][gc,start       ] GC(32) Pause Young (Allocation Failure)
[0.697s][info][gc,heap        ] GC(32) PSYoungGen: 20128K(27648K)->19936K(28160K) Eden: 8192K(8192K)->0K(8192K) From: 11936K(19456K)->19936K(19968K)
[0.697s][info][gc,heap        ] GC(32) ParOldGen: 75159K(89600K)->75335K(89600K)
[0.697s][info][gc,metaspace   ] GC(32) Metaspace: 6298K(6464K)->6298K(6464K) NonClass: 5765K(5824K)->5765K(5824K) Class: 533K(640K)->533K(640K)
[0.697s][info][gc             ] GC(32) Pause Young (Allocation Failure) 93M->93M(115M) 12.745ms
[0.697s][info][gc,cpu         ] GC(32) User=0.02s Sys=0.00s Real=0.01s
[0.704s][info][gc,start       ] GC(33) Pause Young (Allocation Failure)
[0.721s][info][gc,heap        ] GC(33) PSYoungGen: 28128K(28160K)->16352K(31744K) Eden: 8192K(8192K)->0K(8704K) From: 19936K(19968K)->16352K(23040K)
[0.721s][info][gc,heap        ] GC(33) ParOldGen: 75335K(89600K)->87295K(89600K)
[0.721s][info][gc,metaspace   ] GC(33) Metaspace: 6298K(6464K)->6298K(6464K) NonClass: 5765K(5824K)->5765K(5824K) Class: 533K(640K)->533K(640K)
[0.721s][info][gc             ] GC(33) Pause Young (Allocation Failure) 101M->101M(118M) 16.794ms
[0.721s][info][gc,cpu         ] GC(33) User=0.02s Sys=0.02s Real=0.02s
[0.721s][info][gc,start       ] GC(34) Pause Full (Ergonomics)
[0.721s][info][gc,phases,start] GC(34) Marking Phase
[0.762s][info][gc,phases      ] GC(34) Marking Phase 40.496ms
[0.762s][info][gc,phases,start] GC(34) Summary Phase
[0.762s][info][gc,phases      ] GC(34) Summary Phase 0.015ms
[0.762s][info][gc,phases,start] GC(34) Adjust Roots
[0.762s][info][gc,phases      ] GC(34) Adjust Roots 0.161ms
[0.762s][info][gc,phases,start] GC(34) Compaction Phase
[0.793s][info][gc,phases      ] GC(34) Compaction Phase 30.702ms
[0.793s][info][gc,phases,start] GC(34) Post Compact
[0.793s][info][gc,phases      ] GC(34) Post Compact 0.343ms
[0.793s][info][gc,heap        ] GC(34) PSYoungGen: 16352K(31744K)->11689K(31744K) Eden: 0K(8704K)->0K(8704K) From: 16352K(23040K)->11689K(23040K)
[0.793s][info][gc,heap        ] GC(34) ParOldGen: 87295K(89600K)->89544K(114176K)
[0.793s][info][gc,metaspace   ] GC(34) Metaspace: 6298K(6464K)->6298K(6464K) NonClass: 5765K(5824K)->5765K(5824K) Class: 533K(640K)->533K(640K)
[0.793s][info][gc             ] GC(34) Pause Full (Ergonomics) 101M->98M(142M) 72.086ms
[0.793s][info][gc,cpu         ] GC(34) User=0.09s Sys=0.00s Real=0.07s
[0.803s][info][gc,start       ] GC(35) Pause Young (Allocation Failure)
[0.819s][info][gc,heap        ] GC(35) PSYoungGen: 20393K(31744K)->16768K(33280K) Eden: 8704K(8704K)->0K(8704K) From: 11689K(23040K)->16768K(24576K)
[0.819s][info][gc,heap        ] GC(35) ParOldGen: 89544K(114176K)->93288K(114176K)
[0.819s][info][gc,metaspace   ] GC(35) Metaspace: 6298K(6464K)->6298K(6464K) NonClass: 5765K(5824K)->5765K(5824K) Class: 533K(640K)->533K(640K)
[0.819s][info][gc             ] GC(35) Pause Young (Allocation Failure) 107M->107M(144M) 15.951ms
[0.819s][info][gc,cpu         ] GC(35) User=0.02s Sys=0.00s Real=0.02s
[0.827s][info][gc,start       ] GC(36) Pause Young (Allocation Failure)
[0.841s][info][gc,heap        ] GC(36) PSYoungGen: 25472K(33280K)->25472K(32256K) Eden: 8704K(8704K)->0K(6656K) From: 16768K(24576K)->25472K(25600K)
[0.841s][info][gc,heap        ] GC(36) ParOldGen: 93288K(114176K)->93288K(114176K)
[0.841s][info][gc,metaspace   ] GC(36) Metaspace: 6298K(6464K)->6298K(6464K) NonClass: 5765K(5824K)->5765K(5824K) Class: 533K(640K)->533K(640K)
[0.841s][info][gc             ] GC(36) Pause Young (Allocation Failure) 115M->115M(143M) 14.588ms
[0.841s][info][gc,cpu         ] GC(36) User=0.00s Sys=0.00s Real=0.01s
[0.847s][info][gc,start       ] GC(37) Pause Young (Allocation Failure)
[0.864s][info][gc,heap        ] GC(37) PSYoungGen: 32128K(32256K)->24096K(35840K) Eden: 6656K(6656K)->0K(6656K) From: 25472K(25600K)->24096K(29184K)
[0.864s][info][gc,heap        ] GC(37) ParOldGen: 93288K(114176K)->101432K(114176K)
[0.864s][info][gc,metaspace   ] GC(37) Metaspace: 6298K(6464K)->6298K(6464K) NonClass: 5765K(5824K)->5765K(5824K) Class: 533K(640K)->533K(640K)
[0.864s][info][gc             ] GC(37) Pause Young (Allocation Failure) 122M->122M(146M) 16.285ms
[0.864s][info][gc,cpu         ] GC(37) User=0.02s Sys=0.00s Real=0.02s
[0.871s][info][gc,start       ] GC(38) Pause Young (Allocation Failure)
[0.887s][info][gc,heap        ] GC(38) PSYoungGen: 30752K(35840K)->13312K(36352K) Eden: 6656K(6656K)->0K(8192K) From: 24096K(29184K)->13312K(28160K)
[0.887s][info][gc,heap        ] GC(38) ParOldGen: 101432K(114176K)->119064K(119296K)
[0.887s][info][gc,metaspace   ] GC(38) Metaspace: 6298K(6464K)->6298K(6464K) NonClass: 5765K(5824K)->5765K(5824K) Class: 533K(640K)->533K(640K)
[0.887s][info][gc             ] GC(38) Pause Young (Allocation Failure) 129M->129M(152M) 16.628ms
[0.887s][info][gc,cpu         ] GC(38) User=0.02s Sys=0.00s Real=0.02s
[0.887s][info][gc,start       ] GC(39) Pause Full (Ergonomics)
[0.887s][info][gc,phases,start] GC(39) Marking Phase
[0.923s][info][gc,phases      ] GC(39) Marking Phase 35.457ms
[0.923s][info][gc,phases,start] GC(39) Summary Phase
[0.923s][info][gc,phases      ] GC(39) Summary Phase 0.015ms
[0.923s][info][gc,phases,start] GC(39) Adjust Roots
[0.923s][info][gc,phases      ] GC(39) Adjust Roots 0.184ms
[0.923s][info][gc,phases,start] GC(39) Compaction Phase
[0.947s][info][gc,phases      ] GC(39) Compaction Phase 23.837ms
[0.947s][info][gc,phases,start] GC(39) Post Compact
[0.948s][info][gc,phases      ] GC(39) Post Compact 0.762ms
[0.948s][info][gc,heap        ] GC(39) PSYoungGen: 13312K(36352K)->12735K(37888K) Eden: 0K(8192K)->0K(9728K) From: 13312K(28160K)->12735K(28160K)
[0.948s][info][gc,heap        ] GC(39) ParOldGen: 119064K(119296K)->119093K(149504K)
[0.948s][info][gc,metaspace   ] GC(39) Metaspace: 6298K(6464K)->6298K(6464K) NonClass: 5765K(5824K)->5765K(5824K) Class: 533K(640K)->533K(640K)
[0.948s][info][gc             ] GC(39) Pause Full (Ergonomics) 129M->128M(183M) 60.738ms
[0.948s][info][gc,cpu         ] GC(39) User=0.14s Sys=0.00s Real=0.06s
[0.958s][info][gc,start       ] GC(40) Pause Young (Allocation Failure)
[0.977s][info][gc,heap        ] GC(40) PSYoungGen: 22463K(37888K)->9792K(39936K) Eden: 9728K(9728K)->0K(9728K) From: 12735K(28160K)->9792K(30208K)
[0.977s][info][gc,heap        ] GC(40) ParOldGen: 119093K(149504K)->132045K(149504K)
[0.977s][info][gc,metaspace   ] GC(40) Metaspace: 6298K(6464K)->6298K(6464K) NonClass: 5765K(5824K)->5765K(5824K) Class: 533K(640K)->533K(640K)
[0.977s][info][gc             ] GC(40) Pause Young (Allocation Failure) 138M->138M(185M) 19.788ms
[0.977s][info][gc,cpu         ] GC(40) User=0.03s Sys=0.00s Real=0.02s
[0.977s][info][gc,start       ] GC(41) Pause Full (Ergonomics)
[0.977s][info][gc,phases,start] GC(41) Marking Phase
[1.014s][info][gc,phases      ] GC(41) Marking Phase 37.000ms
[1.015s][info][gc,phases,start] GC(41) Summary Phase
[1.015s][info][gc,phases      ] GC(41) Summary Phase 0.017ms
[1.015s][info][gc,phases,start] GC(41) Adjust Roots
[1.015s][info][gc,phases      ] GC(41) Adjust Roots 0.146ms
[1.015s][info][gc,phases,start] GC(41) Compaction Phase
[1.033s][info][gc,phases      ] GC(41) Compaction Phase 18.046ms
[1.033s][info][gc,phases,start] GC(41) Post Compact
[1.034s][info][gc,phases      ] GC(41) Post Compact 0.762ms
[1.034s][info][gc,heap        ] GC(41) PSYoungGen: 9792K(39936K)->0K(39936K) Eden: 0K(9728K)->0K(11264K) From: 9792K(30208K)->0K(28672K)
[1.034s][info][gc,heap        ] GC(41) ParOldGen: 132045K(149504K)->141527K(175616K)
[1.034s][info][gc,metaspace   ] GC(41) Metaspace: 6298K(6464K)->6298K(6464K) NonClass: 5765K(5824K)->5765K(5824K) Class: 533K(640K)->533K(640K)
[1.034s][info][gc             ] GC(41) Pause Full (Ergonomics) 138M->138M(210M) 56.495ms
[1.034s][info][gc,cpu         ] GC(41) User=0.12s Sys=0.02s Real=0.06s
[1.045s][info][gc,start       ] GC(42) Pause Young (Allocation Failure)
[1.052s][info][gc,heap        ] GC(42) PSYoungGen: 11264K(39936K)->11328K(40448K) Eden: 11264K(11264K)->0K(11264K) From: 0K(28672K)->11328K(29184K)
[1.052s][info][gc,heap        ] GC(42) ParOldGen: 141527K(175616K)->141527K(175616K)
[1.052s][info][gc,metaspace   ] GC(42) Metaspace: 6298K(6464K)->6298K(6464K) NonClass: 5765K(5824K)->5765K(5824K) Class: 533K(640K)->533K(640K)
[1.052s][info][gc             ] GC(42) Pause Young (Allocation Failure) 149M->149M(211M) 6.986ms
[1.052s][info][gc,cpu         ] GC(42) User=0.00s Sys=0.00s Real=0.01s
[1.063s][info][gc,start       ] GC(43) Pause Young (Allocation Failure)
[1.074s][info][gc,heap        ] GC(43) PSYoungGen: 22592K(40448K)->22624K(39424K) Eden: 11264K(11264K)->0K(11264K) From: 11328K(29184K)->22624K(28160K)
[1.074s][info][gc,heap        ] GC(43) ParOldGen: 141527K(175616K)->141527K(175616K)
[1.074s][info][gc,metaspace   ] GC(43) Metaspace: 6298K(6464K)->6298K(6464K) NonClass: 5765K(5824K)->5765K(5824K) Class: 533K(640K)->533K(640K)
[1.074s][info][gc             ] GC(43) Pause Young (Allocation Failure) 160M->160M(210M) 11.198ms
[1.074s][info][gc,cpu         ] GC(43) User=0.00s Sys=0.00s Real=0.01s
[1.086s][info][gc,start       ] GC(44) Pause Young (Allocation Failure)
[1.103s][info][gc,heap        ] GC(44) PSYoungGen: 33888K(39424K)->30208K(41472K) Eden: 11264K(11264K)->0K(11264K) From: 22624K(28160K)->30208K(30208K)
[1.103s][info][gc,heap        ] GC(44) ParOldGen: 141527K(175616K)->145151K(175616K)
[1.103s][info][gc,metaspace   ] GC(44) Metaspace: 6298K(6464K)->6298K(6464K) NonClass: 5765K(5824K)->5765K(5824K) Class: 533K(640K)->533K(640K)
[1.103s][info][gc             ] GC(44) Pause Young (Allocation Failure) 171M->171M(212M) 16.473ms
[1.103s][info][gc,cpu         ] GC(44) User=0.03s Sys=0.02s Real=0.02s
[1.129s][info][gc,start       ] GC(45) Pause Young (Allocation Failure)
[1.156s][info][gc,heap        ] GC(45) PSYoungGen: 41472K(41472K)->20672K(48640K) Eden: 11264K(11264K)->0K(12800K) From: 30208K(30208K)->20672K(35840K)
[1.156s][info][gc,heap        ] GC(45) ParOldGen: 145151K(175616K)->166343K(175616K)
[1.156s][info][gc,metaspace   ] GC(45) Metaspace: 6298K(6464K)->6298K(6464K) NonClass: 5765K(5824K)->5765K(5824K) Class: 533K(640K)->533K(640K)
[1.156s][info][gc             ] GC(45) Pause Young (Allocation Failure) 182M->182M(219M) 26.785ms
[1.156s][info][gc,cpu         ] GC(45) User=0.02s Sys=0.02s Real=0.03s
[1.156s][info][gc,start       ] GC(46) Pause Full (Ergonomics)
[1.156s][info][gc,phases,start] GC(46) Marking Phase
[1.193s][info][gc,phases      ] GC(46) Marking Phase 36.937ms
[1.193s][info][gc,phases,start] GC(46) Summary Phase
[1.193s][info][gc,phases      ] GC(46) Summary Phase 0.017ms
[1.193s][info][gc,phases,start] GC(46) Adjust Roots
[1.193s][info][gc,phases      ] GC(46) Adjust Roots 0.141ms
[1.193s][info][gc,phases,start] GC(46) Compaction Phase
[1.227s][info][gc,phases      ] GC(46) Compaction Phase 34.280ms
[1.227s][info][gc,phases,start] GC(46) Post Compact
[1.228s][info][gc,phases      ] GC(46) Post Compact 0.830ms
[1.229s][info][gc,heap        ] GC(46) PSYoungGen: 20672K(48640K)->7255K(48640K) Eden: 0K(12800K)->0K(12800K) From: 20672K(35840K)->7255K(35840K)
[1.229s][info][gc,heap        ] GC(46) ParOldGen: 166343K(175616K)->175131K(214016K)
[1.229s][info][gc,metaspace   ] GC(46) Metaspace: 6298K(6464K)->6298K(6464K) NonClass: 5765K(5824K)->5765K(5824K) Class: 533K(640K)->533K(640K)
[1.229s][info][gc             ] GC(46) Pause Full (Ergonomics) 182M->178M(256M) 72.672ms
[1.229s][info][gc,cpu         ] GC(46) User=0.22s Sys=0.00s Real=0.07s
[1.243s][info][gc,start       ] GC(47) Pause Young (Allocation Failure)
[1.261s][info][gc,heap        ] GC(47) PSYoungGen: 20055K(48640K)->15072K(48640K) Eden: 12800K(12800K)->0K(12800K) From: 7255K(35840K)->15072K(35840K)
[1.261s][info][gc,heap        ] GC(47) ParOldGen: 175131K(214016K)->180315K(214016K)
[1.261s][info][gc,metaspace   ] GC(47) Metaspace: 6298K(6464K)->6298K(6464K) NonClass: 5765K(5824K)->5765K(5824K) Class: 533K(640K)->533K(640K)
[1.261s][info][gc             ] GC(47) Pause Young (Allocation Failure) 190M->190M(256M) 18.018ms
[1.261s][info][gc,cpu         ] GC(47) User=0.05s Sys=0.00s Real=0.02s
[1.273s][info][gc,start       ] GC(48) Pause Young (Allocation Failure)
[1.287s][info][gc,heap        ] GC(48) PSYoungGen: 27872K(48640K)->27872K(46080K) Eden: 12800K(12800K)->0K(12288K) From: 15072K(35840K)->27872K(33792K)
[1.287s][info][gc,heap        ] GC(48) ParOldGen: 180315K(214016K)->180315K(214016K)
[1.287s][info][gc,metaspace   ] GC(48) Metaspace: 6298K(6464K)->6298K(6464K) NonClass: 5765K(5824K)->5765K(5824K) Class: 533K(640K)->533K(640K)
[1.287s][info][gc             ] GC(48) Pause Young (Allocation Failure) 203M->203M(254M) 13.829ms
[1.287s][info][gc,cpu         ] GC(48) User=0.00s Sys=0.00s Real=0.02s
[1.299s][info][gc,start       ] GC(49) Pause Young (Allocation Failure)
[1.318s][info][gc,heap        ] GC(49) PSYoungGen: 40160K(46080K)->36352K(48640K) Eden: 12288K(12288K)->0K(12288K) From: 27872K(33792K)->36352K(36352K)
[1.318s][info][gc,heap        ] GC(49) ParOldGen: 180315K(214016K)->184091K(214016K)
[1.318s][info][gc,metaspace   ] GC(49) Metaspace: 6298K(6464K)->6298K(6464K) NonClass: 5765K(5824K)->5765K(5824K) Class: 533K(640K)->533K(640K)
[1.318s][info][gc             ] GC(49) Pause Young (Allocation Failure) 215M->215M(256M) 18.600ms
[1.318s][info][gc,cpu         ] GC(49) User=0.09s Sys=0.00s Real=0.02s
[1.331s][info][gc,start       ] GC(50) Pause Young (Allocation Failure)
[1.354s][info][gc,heap        ] GC(50) PSYoungGen: 48640K(48640K)->24224K(56320K) Eden: 12288K(12288K)->0K(14336K) From: 36352K(36352K)->24224K(41984K)
[1.354s][info][gc,heap        ] GC(50) ParOldGen: 184091K(214016K)->208955K(214016K)
[1.354s][info][gc,metaspace   ] GC(50) Metaspace: 6298K(6464K)->6298K(6464K) NonClass: 5765K(5824K)->5765K(5824K) Class: 533K(640K)->533K(640K)
[1.354s][info][gc             ] GC(50) Pause Young (Allocation Failure) 227M->227M(264M) 23.286ms
[1.354s][info][gc,cpu         ] GC(50) User=0.08s Sys=0.02s Real=0.02s
[1.354s][info][gc,start       ] GC(51) Pause Full (Ergonomics)
[1.354s][info][gc,phases,start] GC(51) Marking Phase
[1.411s][info][gc,phases      ] GC(51) Marking Phase 56.652ms
[1.411s][info][gc,phases,start] GC(51) Summary Phase
[1.411s][info][gc,phases      ] GC(51) Summary Phase 0.021ms
[1.411s][info][gc,phases,start] GC(51) Adjust Roots
[1.411s][info][gc,phases      ] GC(51) Adjust Roots 0.139ms
[1.411s][info][gc,phases,start] GC(51) Compaction Phase
[1.438s][info][gc,phases      ] GC(51) Compaction Phase 27.006ms
[1.438s][info][gc,phases,start] GC(51) Post Compact
[1.439s][info][gc,phases      ] GC(51) Post Compact 1.053ms
[1.440s][info][gc,heap        ] GC(51) PSYoungGen: 24224K(56320K)->18937K(56832K) Eden: 0K(14336K)->0K(14848K) From: 24224K(41984K)->18937K(41984K)
[1.440s][info][gc,heap        ] GC(51) ParOldGen: 208955K(214016K)->213508K(257536K)
[1.440s][info][gc,metaspace   ] GC(51) Metaspace: 6298K(6464K)->6298K(6464K) NonClass: 5765K(5824K)->5765K(5824K) Class: 533K(640K)->533K(640K)
[1.440s][info][gc             ] GC(51) Pause Full (Ergonomics) 227M->226M(307M) 85.362ms
[1.440s][info][gc,cpu         ] GC(51) User=0.36s Sys=0.00s Real=0.09s
[1.456s][info][gc,start       ] GC(52) Pause Young (Allocation Failure)
[1.480s][info][gc,heap        ] GC(52) PSYoungGen: 33785K(56832K)->14944K(57344K) Eden: 14848K(14848K)->0K(14848K) From: 18937K(41984K)->14944K(42496K)
[1.480s][info][gc,heap        ] GC(52) ParOldGen: 213508K(257536K)->232732K(257536K)
[1.480s][info][gc,metaspace   ] GC(52) Metaspace: 6298K(6464K)->6298K(6464K) NonClass: 5765K(5824K)->5765K(5824K) Class: 533K(640K)->533K(640K)
[1.480s][info][gc             ] GC(52) Pause Young (Allocation Failure) 241M->241M(307M) 24.070ms
[1.480s][info][gc,cpu         ] GC(52) User=0.11s Sys=0.00s Real=0.02s
[1.480s][info][gc,start       ] GC(53) Pause Full (Ergonomics)
[1.480s][info][gc,phases,start] GC(53) Marking Phase
[1.536s][info][gc,phases      ] GC(53) Marking Phase 55.271ms
[1.536s][info][gc,phases,start] GC(53) Summary Phase
[1.536s][info][gc,phases      ] GC(53) Summary Phase 0.020ms
[1.536s][info][gc,phases,start] GC(53) Adjust Roots
[1.536s][info][gc,phases      ] GC(53) Adjust Roots 0.172ms
[1.536s][info][gc,phases,start] GC(53) Compaction Phase
[1.562s][info][gc,phases      ] GC(53) Compaction Phase 26.197ms
[1.562s][info][gc,phases,start] GC(53) Post Compact
[1.563s][info][gc,phases      ] GC(53) Post Compact 1.178ms
[1.564s][info][gc,heap        ] GC(53) PSYoungGen: 14944K(57344K)->0K(57856K) Eden: 0K(14848K)->0K(16896K) From: 14944K(42496K)->0K(40960K)
[1.564s][info][gc,heap        ] GC(53) ParOldGen: 232732K(257536K)->247258K(296448K)
[1.564s][info][gc,metaspace   ] GC(53) Metaspace: 6298K(6464K)->6298K(6464K) NonClass: 5765K(5824K)->5765K(5824K) Class: 533K(640K)->533K(640K)
[1.564s][info][gc             ] GC(53) Pause Full (Ergonomics) 241M->241M(346M) 83.316ms
[1.564s][info][gc,cpu         ] GC(53) User=0.42s Sys=0.02s Real=0.08s
[1.583s][info][gc,start       ] GC(54) Pause Young (Allocation Failure)
[1.593s][info][gc,heap        ] GC(54) PSYoungGen: 16896K(57856K)->17024K(57856K) Eden: 16896K(16896K)->0K(16896K) From: 0K(40960K)->17024K(40960K)
[1.593s][info][gc,heap        ] GC(54) ParOldGen: 247258K(296448K)->247258K(296448K)
[1.593s][info][gc,metaspace   ] GC(54) Metaspace: 6298K(6464K)->6298K(6464K) NonClass: 5765K(5824K)->5765K(5824K) Class: 533K(640K)->533K(640K)
[1.593s][info][gc             ] GC(54) Pause Young (Allocation Failure) 257M->258M(346M) 9.662ms
[1.593s][info][gc,cpu         ] GC(54) User=0.02s Sys=0.00s Real=0.01s
[1.611s][info][gc,start       ] GC(55) Pause Young (Allocation Failure)
[1.628s][info][gc,heap        ] GC(55) PSYoungGen: 33920K(57856K)->33952K(54784K) Eden: 16896K(16896K)->0K(15360K) From: 17024K(40960K)->33952K(39424K)
[1.628s][info][gc,heap        ] GC(55) ParOldGen: 247258K(296448K)->247258K(296448K)
[1.628s][info][gc,metaspace   ] GC(55) Metaspace: 6298K(6464K)->6298K(6464K) NonClass: 5765K(5824K)->5765K(5824K) Class: 533K(640K)->533K(640K)
[1.628s][info][gc             ] GC(55) Pause Young (Allocation Failure) 274M->274M(343M) 16.790ms
[1.628s][info][gc,cpu         ] GC(55) User=0.03s Sys=0.02s Real=0.02s
[1.645s][info][gc,start       ] GC(56) Pause Young (Allocation Failure)
[1.667s][info][gc,heap        ] GC(56) PSYoungGen: 49312K(54784K)->43008K(58368K) Eden: 15360K(15360K)->0K(15360K) From: 33952K(39424K)->43008K(43008K)
[1.667s][info][gc,heap        ] GC(56) ParOldGen: 247258K(296448K)->253498K(296448K)
[1.667s][info][gc,metaspace   ] GC(56) Metaspace: 6298K(6464K)->6298K(6464K) NonClass: 5765K(5824K)->5765K(5824K) Class: 533K(640K)->533K(640K)
[1.667s][info][gc             ] GC(56) Pause Young (Allocation Failure) 289M->289M(346M) 22.183ms
[1.667s][info][gc,cpu         ] GC(56) User=0.12s Sys=0.00s Real=0.02s
[1.685s][info][gc,start       ] GC(57) Pause Young (Allocation Failure)
[1.711s][info][gc,heap        ] GC(57) PSYoungGen: 58368K(58368K)->27936K(66560K) Eden: 15360K(15360K)->0K(17408K) From: 43008K(43008K)->27936K(49152K)
[1.711s][info][gc,heap        ] GC(57) ParOldGen: 253498K(296448K)->284474K(296448K)
[1.711s][info][gc,metaspace   ] GC(57) Metaspace: 6298K(6464K)->6298K(6464K) NonClass: 5765K(5824K)->5765K(5824K) Class: 533K(640K)->533K(640K)
[1.711s][info][gc             ] GC(57) Pause Young (Allocation Failure) 304M->305M(354M) 26.390ms
[1.711s][info][gc,cpu         ] GC(57) User=0.23s Sys=0.00s Real=0.03s
[1.712s][info][gc,start       ] GC(58) Pause Full (Ergonomics)
[1.712s][info][gc,phases,start] GC(58) Marking Phase
[1.774s][info][gc,phases      ] GC(58) Marking Phase 62.767ms
[1.774s][info][gc,phases,start] GC(58) Summary Phase
[1.774s][info][gc,phases      ] GC(58) Summary Phase 0.018ms
[1.774s][info][gc,phases,start] GC(58) Adjust Roots
[1.775s][info][gc,phases      ] GC(58) Adjust Roots 0.146ms
[1.775s][info][gc,phases,start] GC(58) Compaction Phase
[1.808s][info][gc,phases      ] GC(58) Compaction Phase 33.098ms
[1.808s][info][gc,phases,start] GC(58) Post Compact
[1.809s][info][gc,phases      ] GC(58) Post Compact 1.433ms
[1.809s][info][gc,heap        ] GC(58) PSYoungGen: 27936K(66560K)->15474K(67584K) Eden: 0K(17408K)->0K(18432K) From: 27936K(49152K)->15474K(49152K)
[1.809s][info][gc,heap        ] GC(58) ParOldGen: 284474K(296448K)->296161K(352256K)
[1.810s][info][gc,metaspace   ] GC(58) Metaspace: 6298K(6464K)->6298K(6464K) NonClass: 5765K(5824K)->5765K(5824K) Class: 533K(640K)->533K(640K)
[1.810s][info][gc             ] GC(58) Pause Full (Ergonomics) 305M->304M(410M) 98.008ms
[1.810s][info][gc,cpu         ] GC(58) User=0.55s Sys=0.02s Real=0.10s
[1.831s][info][gc,start       ] GC(59) Pause Young (Allocation Failure)
[1.858s][info][gc,heap        ] GC(59) PSYoungGen: 33906K(67584K)->28032K(68608K) Eden: 18432K(18432K)->0K(18432K) From: 15474K(49152K)->28032K(50176K)
[1.858s][info][gc,heap        ] GC(59) ParOldGen: 296161K(352256K)->302377K(352256K)
[1.858s][info][gc,metaspace   ] GC(59) Metaspace: 6298K(6464K)->6298K(6464K) NonClass: 5765K(5824K)->5765K(5824K) Class: 533K(640K)->533K(640K)
[1.858s][info][gc             ] GC(59) Pause Young (Allocation Failure) 322M->322M(411M) 27.790ms
[1.858s][info][gc,cpu         ] GC(59) User=0.12s Sys=0.02s Real=0.03s
[1.879s][info][gc,start       ] GC(60) Pause Young (Allocation Failure)
[1.902s][info][gc,heap        ] GC(60) PSYoungGen: 46464K(68608K)->46432K(64000K) Eden: 18432K(18432K)->0K(14848K) From: 28032K(50176K)->46432K(49152K)
[1.902s][info][gc,heap        ] GC(60) ParOldGen: 302377K(352256K)->302377K(352256K)
[1.902s][info][gc,metaspace   ] GC(60) Metaspace: 6298K(6464K)->6298K(6464K) NonClass: 5765K(5824K)->5765K(5824K) Class: 533K(640K)->533K(640K)
[1.902s][info][gc             ] GC(60) Pause Young (Allocation Failure) 340M->340M(406M) 23.207ms
[1.902s][info][gc,cpu         ] GC(60) User=0.12s Sys=0.00s Real=0.02s
[1.975s][info][gc,start       ] GC(61) Pause Young (Allocation Failure)
[2.011s][info][gc,heap        ] GC(61) PSYoungGen: 61280K(64000K)->54784K(69632K) Eden: 14848K(14848K)->0K(14848K) From: 46432K(49152K)->54784K(54784K)
[2.011s][info][gc,heap        ] GC(61) ParOldGen: 318761K(352256K)->325217K(352256K)
[2.011s][info][gc,metaspace   ] GC(61) Metaspace: 6298K(6464K)->6298K(6464K) NonClass: 5765K(5824K)->5765K(5824K) Class: 533K(640K)->533K(640K)
[2.011s][info][gc             ] GC(61) Pause Young (Allocation Failure) 371M->371M(412M) 35.883ms
[2.011s][info][gc,cpu         ] GC(61) User=0.16s Sys=0.00s Real=0.04s
[2.026s][info][gc,start       ] GC(62) Pause Young (Allocation Failure)
[2.059s][info][gc,heap        ] GC(62) PSYoungGen: 69632K(69632K)->44960K(79360K) Eden: 14848K(14848K)->0K(14848K) From: 54784K(54784K)->44960K(64512K)
[2.059s][info][gc,heap        ] GC(62) ParOldGen: 325217K(352256K)->350265K(352256K)
[2.059s][info][gc,metaspace   ] GC(62) Metaspace: 6298K(6464K)->6298K(6464K) NonClass: 5765K(5824K)->5765K(5824K) Class: 533K(640K)->533K(640K)
[2.059s][info][gc             ] GC(62) Pause Young (Allocation Failure) 385M->385M(421M) 32.482ms
[2.059s][info][gc,cpu         ] GC(62) User=0.14s Sys=0.02s Real=0.03s
[2.059s][info][gc,start       ] GC(63) Pause Full (Ergonomics)
[2.059s][info][gc,phases,start] GC(63) Marking Phase
[2.142s][info][gc,phases      ] GC(63) Marking Phase 83.324ms
[2.142s][info][gc,phases,start] GC(63) Summary Phase
[2.142s][info][gc,phases      ] GC(63) Summary Phase 0.040ms
[2.142s][info][gc,phases,start] GC(63) Adjust Roots
[2.143s][info][gc,phases      ] GC(63) Adjust Roots 0.186ms
[2.143s][info][gc,phases,start] GC(63) Compaction Phase
[2.213s][info][gc,phases      ] GC(63) Compaction Phase 70.446ms
[2.213s][info][gc,phases,start] GC(63) Post Compact
[2.215s][info][gc,phases      ] GC(63) Post Compact 1.967ms
[2.215s][info][gc,heap        ] GC(63) PSYoungGen: 44960K(79360K)->34041K(79360K) Eden: 0K(14848K)->0K(14848K) From: 44960K(64512K)->34041K(64512K)
[2.215s][info][gc,heap        ] GC(63) ParOldGen: 350265K(352256K)->352227K(411136K)
[2.215s][info][gc,metaspace   ] GC(63) Metaspace: 6298K(6464K)->6298K(6464K) NonClass: 5765K(5824K)->5765K(5824K) Class: 533K(640K)->533K(640K)
[2.216s][info][gc             ] GC(63) Pause Full (Ergonomics) 385M->377M(479M) 156.574ms
[2.216s][info][gc,cpu         ] GC(63) User=1.02s Sys=0.02s Real=0.16s
[2.232s][info][gc,start       ] GC(64) Pause Young (Allocation Failure)
[2.268s][info][gc,heap        ] GC(64) PSYoungGen: 48889K(79360K)->35680K(81408K) Eden: 14848K(14848K)->0K(14848K) From: 34041K(64512K)->35680K(66560K)
[2.268s][info][gc,heap        ] GC(64) ParOldGen: 352227K(411136K)->365843K(411136K)
[2.268s][info][gc,metaspace   ] GC(64) Metaspace: 6298K(6464K)->6298K(6464K) NonClass: 5765K(5824K)->5765K(5824K) Class: 533K(640K)->533K(640K)
[2.268s][info][gc             ] GC(64) Pause Young (Allocation Failure) 391M->392M(481M) 36.235ms
[2.268s][info][gc,cpu         ] GC(64) User=0.27s Sys=0.00s Real=0.04s
[2.284s][info][gc,start       ] GC(65) Pause Young (Allocation Failure)
[2.308s][info][gc,heap        ] GC(65) PSYoungGen: 50528K(81408K)->50496K(77824K) Eden: 14848K(14848K)->0K(13312K) From: 35680K(66560K)->50496K(64512K)
[2.308s][info][gc,heap        ] GC(65) ParOldGen: 365843K(411136K)->365843K(411136K)
[2.308s][info][gc,metaspace   ] GC(65) Metaspace: 6298K(6464K)->6298K(6464K) NonClass: 5765K(5824K)->5765K(5824K) Class: 533K(640K)->533K(640K)
[2.308s][info][gc             ] GC(65) Pause Young (Allocation Failure) 406M->406M(477M) 23.902ms
[2.308s][info][gc,cpu         ] GC(65) User=0.12s Sys=0.00s Real=0.03s
[2.321s][info][gc,start       ] GC(66) Pause Young (Allocation Failure)
[2.350s][info][gc,heap        ] GC(66) PSYoungGen: 63808K(77824K)->54816K(81408K) Eden: 13312K(13312K)->0K(13312K) From: 50496K(64512K)->54816K(68096K)
[2.350s][info][gc,heap        ] GC(66) ParOldGen: 365843K(411136K)->374915K(411136K)
[2.350s][info][gc,metaspace   ] GC(66) Metaspace: 6298K(6464K)->6298K(6464K) NonClass: 5765K(5824K)->5765K(5824K) Class: 533K(640K)->533K(640K)
[2.350s][info][gc             ] GC(66) Pause Young (Allocation Failure) 419M->419M(481M) 29.027ms
[2.350s][info][gc,cpu         ] GC(66) User=0.14s Sys=0.00s Real=0.03s
[2.364s][info][gc,start       ] GC(67) Pause Young (Allocation Failure)
[2.396s][info][gc,heap        ] GC(67) PSYoungGen: 68128K(81408K)->41568K(84992K) Eden: 13312K(13312K)->0K(15360K) From: 54816K(68096K)->41568K(69632K)
[2.396s][info][gc,heap        ] GC(67) ParOldGen: 374915K(411136K)->401819K(411136K)
[2.396s][info][gc,metaspace   ] GC(67) Metaspace: 6298K(6464K)->6298K(6464K) NonClass: 5765K(5824K)->5765K(5824K) Class: 533K(640K)->533K(640K)
[2.396s][info][gc             ] GC(67) Pause Young (Allocation Failure) 432M->432M(484M) 32.605ms
[2.396s][info][gc,cpu         ] GC(67) User=0.11s Sys=0.03s Real=0.03s
[2.396s][info][gc,start       ] GC(68) Pause Full (Ergonomics)
[2.396s][info][gc,phases,start] GC(68) Marking Phase
[2.502s][info][gc,phases      ] GC(68) Marking Phase 105.435ms
[2.502s][info][gc,phases,start] GC(68) Summary Phase
[2.502s][info][gc,phases      ] GC(68) Summary Phase 0.022ms
[2.502s][info][gc,phases,start] GC(68) Adjust Roots
[2.502s][info][gc,phases      ] GC(68) Adjust Roots 0.153ms
[2.502s][info][gc,phases,start] GC(68) Compaction Phase
[2.555s][info][gc,phases      ] GC(68) Compaction Phase 53.276ms
[2.555s][info][gc,phases,start] GC(68) Post Compact
[2.557s][info][gc,phases      ] GC(68) Post Compact 2.057ms
[2.558s][info][gc,heap        ] GC(68) PSYoungGen: 41568K(84992K)->31671K(86528K) Eden: 0K(15360K)->0K(16896K) From: 41568K(69632K)->31671K(69632K)
[2.558s][info][gc,heap        ] GC(68) ParOldGen: 401819K(411136K)->410796K(473600K)
[2.558s][info][gc,metaspace   ] GC(68) Metaspace: 6298K(6464K)->6298K(6464K) NonClass: 5765K(5824K)->5765K(5824K) Class: 533K(640K)->533K(640K)
[2.558s][info][gc             ] GC(68) Pause Full (Ergonomics) 432M->432M(547M) 161.516ms
[2.558s][info][gc,cpu         ] GC(68) User=1.00s Sys=0.02s Real=0.16s
[2.576s][info][gc,start       ] GC(69) Pause Young (Allocation Failure)
[2.616s][info][gc,heap        ] GC(69) PSYoungGen: 48567K(86528K)->27584K(88064K) Eden: 16896K(16896K)->0K(16896K) From: 31671K(69632K)->27584K(71168K)
[2.616s][info][gc,heap        ] GC(69) ParOldGen: 410796K(473600K)->432276K(473600K)
[2.616s][info][gc,metaspace   ] GC(69) Metaspace: 6298K(6464K)->6298K(6464K) NonClass: 5765K(5824K)->5765K(5824K) Class: 533K(640K)->533K(640K)
[2.616s][info][gc             ] GC(69) Pause Young (Allocation Failure) 448M->449M(548M) 40.044ms
[2.616s][info][gc,cpu         ] GC(69) User=0.31s Sys=0.03s Real=0.04s
[2.634s][info][gc,start       ] GC(70) Pause Young (Allocation Failure)
[2.656s][info][gc,heap        ] GC(70) PSYoungGen: 44480K(88064K)->33952K(81920K) Eden: 16896K(16896K)->0K(18944K) From: 27584K(71168K)->33952K(62976K)
[2.657s][info][gc,heap        ] GC(70) ParOldGen: 432276K(473600K)->442932K(473600K)
[2.657s][info][gc,metaspace   ] GC(70) Metaspace: 6298K(6464K)->6298K(6464K) NonClass: 5765K(5824K)->5765K(5824K) Class: 533K(640K)->533K(640K)
[2.657s][info][gc             ] GC(70) Pause Young (Allocation Failure) 465M->465M(542M) 22.148ms
[2.657s][info][gc,cpu         ] GC(70) User=0.14s Sys=0.00s Real=0.02s
[2.657s][info][gc,start       ] GC(71) Pause Full (Ergonomics)
[2.657s][info][gc,phases,start] GC(71) Marking Phase
[2.761s][info][gc,phases      ] GC(71) Marking Phase 104.485ms
[2.761s][info][gc,phases,start] GC(71) Summary Phase
[2.761s][info][gc,phases      ] GC(71) Summary Phase 0.026ms
[2.761s][info][gc,phases,start] GC(71) Adjust Roots
[2.761s][info][gc,phases      ] GC(71) Adjust Roots 0.150ms
[2.761s][info][gc,phases,start] GC(71) Compaction Phase
[2.808s][info][gc,phases      ] GC(71) Compaction Phase 46.612ms
[2.808s][info][gc,phases,start] GC(71) Post Compact
[2.811s][info][gc,phases      ] GC(71) Post Compact 2.529ms
[2.811s][info][gc,heap        ] GC(71) PSYoungGen: 33952K(81920K)->3077K(83968K) Eden: 0K(18944K)->0K(20992K) From: 33952K(62976K)->3077K(62976K)
[2.811s][info][gc,heap        ] GC(71) ParOldGen: 442932K(473600K)->473122K(539648K)
[2.811s][info][gc,metaspace   ] GC(71) Metaspace: 6298K(6464K)->6298K(6464K) NonClass: 5765K(5824K)->5765K(5824K) Class: 533K(640K)->533K(640K)
[2.811s][info][gc             ] GC(71) Pause Full (Ergonomics) 465M->465M(609M) 154.448ms
[2.811s][info][gc,cpu         ] GC(71) User=1.02s Sys=0.00s Real=0.15s
[2.834s][info][gc,start       ] GC(72) Pause Young (Allocation Failure)
[2.866s][info][gc,heap        ] GC(72) PSYoungGen: 24069K(83968K)->22688K(87040K) Eden: 20992K(20992K)->0K(20992K) From: 3077K(62976K)->22688K(66048K)
[2.866s][info][gc,heap        ] GC(72) ParOldGen: 473122K(539648K)->474722K(539648K)
[2.866s][info][gc,metaspace   ] GC(72) Metaspace: 6298K(6464K)->6298K(6464K) NonClass: 5765K(5824K)->5765K(5824K) Class: 533K(640K)->533K(640K)
[2.866s][info][gc             ] GC(72) Pause Young (Allocation Failure) 485M->485M(612M) 31.696ms
[2.866s][info][gc,cpu         ] GC(72) User=0.14s Sys=0.00s Real=0.03s
[2.889s][info][gc,start       ] GC(73) Pause Young (Allocation Failure)
[2.911s][info][gc,heap        ] GC(73) PSYoungGen: 43680K(87040K)->43712K(88064K) Eden: 20992K(20992K)->0K(23040K) From: 22688K(66048K)->43712K(65024K)
[2.911s][info][gc,heap        ] GC(73) ParOldGen: 474722K(539648K)->474722K(539648K)
[2.911s][info][gc,metaspace   ] GC(73) Metaspace: 6298K(6464K)->6298K(6464K) NonClass: 5765K(5824K)->5765K(5824K) Class: 533K(640K)->533K(640K)
[2.911s][info][gc             ] GC(73) Pause Young (Allocation Failure) 506M->506M(613M) 22.467ms
[2.911s][info][gc,cpu         ] GC(73) User=0.12s Sys=0.00s Real=0.02s
[2.938s][info][gc,start       ] GC(74) Pause Young (Allocation Failure)
[2.970s][info][gc,heap        ] GC(74) PSYoungGen: 66752K(88064K)->65536K(88576K) Eden: 23040K(23040K)->0K(23040K) From: 43712K(65024K)->65536K(65536K)
[2.971s][info][gc,heap        ] GC(74) ParOldGen: 474722K(539648K)->475866K(539648K)
[2.971s][info][gc,metaspace   ] GC(74) Metaspace: 6298K(6464K)->6298K(6464K) NonClass: 5765K(5824K)->5765K(5824K) Class: 533K(640K)->533K(640K)
[2.971s][info][gc             ] GC(74) Pause Young (Allocation Failure) 528M->528M(613M) 32.691ms
[2.971s][info][gc,cpu         ] GC(74) User=0.17s Sys=0.00s Real=0.03s
[2.997s][info][gc,start       ] GC(75) Pause Young (Allocation Failure)
[3.044s][info][gc,heap        ] GC(75) PSYoungGen: 88576K(88576K)->66592K(92672K) Eden: 23040K(23040K)->0K(18432K) From: 65536K(65536K)->66592K(74240K)
[3.044s][info][gc,heap        ] GC(75) ParOldGen: 475866K(539648K)->498266K(539648K)
[3.045s][info][gc,metaspace   ] GC(75) Metaspace: 6298K(6464K)->6298K(6464K) NonClass: 5765K(5824K)->5765K(5824K) Class: 533K(640K)->533K(640K)
[3.045s][info][gc             ] GC(75) Pause Young (Allocation Failure) 551M->551M(617M) 47.710ms
[3.045s][info][gc,cpu         ] GC(75) User=0.34s Sys=0.03s Real=0.05s
[3.065s][info][gc,start       ] GC(76) Pause Young (Allocation Failure)
[3.110s][info][gc,heap        ] GC(76) PSYoungGen: 85024K(92672K)->64416K(99840K) Eden: 18432K(18432K)->0K(18432K) From: 66592K(74240K)->64416K(81408K)
[3.110s][info][gc,heap        ] GC(76) ParOldGen: 498266K(539648K)->519210K(539648K)
[3.110s][info][gc,metaspace   ] GC(76) Metaspace: 6298K(6464K)->6298K(6464K) NonClass: 5765K(5824K)->5765K(5824K) Class: 533K(640K)->533K(640K)
[3.110s][info][gc             ] GC(76) Pause Young (Allocation Failure) 569M->569M(624M) 44.314ms
[3.110s][info][gc,cpu         ] GC(76) User=0.25s Sys=0.00s Real=0.04s
[3.110s][info][gc,start       ] GC(77) Pause Full (Ergonomics)
[3.110s][info][gc,phases,start] GC(77) Marking Phase
[3.231s][info][gc,phases      ] GC(77) Marking Phase 121.614ms
[3.231s][info][gc,phases,start] GC(77) Summary Phase
[3.231s][info][gc,phases      ] GC(77) Summary Phase 0.029ms
[3.231s][info][gc,phases,start] GC(77) Adjust Roots
[3.232s][info][gc,phases      ] GC(77) Adjust Roots 0.152ms
[3.232s][info][gc,phases,start] GC(77) Compaction Phase
[3.289s][info][gc,phases      ] GC(77) Compaction Phase 56.961ms
[3.289s][info][gc,phases,start] GC(77) Post Compact
[3.290s][info][gc,phases      ] GC(77) Post Compact 1.051ms
[3.290s][info][gc,heap        ] GC(77) PSYoungGen: 64416K(99840K)->43127K(99840K) Eden: 0K(18432K)->0K(18432K) From: 64416K(81408K)->43127K(81408K)
[3.290s][info][gc,heap        ] GC(77) ParOldGen: 519210K(539648K)->539414K(611840K)
[3.290s][info][gc,metaspace   ] GC(77) Metaspace: 6298K(6464K)->6298K(6464K) NonClass: 5765K(5824K)->5765K(5824K) Class: 533K(640K)->533K(640K)
[3.290s][info][gc             ] GC(77) Pause Full (Ergonomics) 569M->568M(695M) 180.349ms
[3.290s][info][gc,cpu         ] GC(77) User=1.36s Sys=0.02s Real=0.18s
[3.311s][info][gc,start       ] GC(78) Pause Young (Allocation Failure)
[3.366s][info][gc,heap        ] GC(78) PSYoungGen: 61559K(99840K)->31008K(101888K) Eden: 18432K(18432K)->0K(20480K) From: 43127K(81408K)->31008K(81408K)
[3.366s][info][gc,heap        ] GC(78) ParOldGen: 539414K(611840K)->570518K(611840K)
[3.366s][info][gc,metaspace   ] GC(78) Metaspace: 6298K(6464K)->6298K(6464K) NonClass: 5765K(5824K)->5765K(5824K) Class: 533K(640K)->533K(640K)
[3.366s][info][gc             ] GC(78) Pause Young (Allocation Failure) 586M->587M(697M) 54.251ms
[3.366s][info][gc,cpu         ] GC(78) User=0.33s Sys=0.05s Real=0.05s
[3.389s][info][gc,start       ] GC(79) Pause Young (Allocation Failure)
[3.417s][info][gc,heap        ] GC(79) PSYoungGen: 51488K(101888K)->39040K(59904K) Eden: 20480K(20480K)->0K(20480K) From: 31008K(81408K)->39040K(39424K)
[3.417s][info][gc,heap        ] GC(79) ParOldGen: 570518K(611840K)->583126K(611840K)
[3.417s][info][gc,metaspace   ] GC(79) Metaspace: 6298K(6464K)->6298K(6464K) NonClass: 5765K(5824K)->5765K(5824K) Class: 533K(640K)->533K(640K)
[3.417s][info][gc             ] GC(79) Pause Young (Allocation Failure) 607M->607M(656M) 27.277ms
[3.417s][info][gc,cpu         ] GC(79) User=0.12s Sys=0.00s Real=0.03s
[3.417s][info][gc,start       ] GC(80) Pause Full (Ergonomics)
[3.417s][info][gc,phases,start] GC(80) Marking Phase
[3.547s][info][gc,phases      ] GC(80) Marking Phase 130.537ms
[3.547s][info][gc,phases,start] GC(80) Summary Phase
[3.547s][info][gc,phases      ] GC(80) Summary Phase 0.021ms
[3.547s][info][gc,phases,start] GC(80) Adjust Roots
[3.548s][info][gc,phases      ] GC(80) Adjust Roots 0.147ms
[3.548s][info][gc,phases,start] GC(80) Compaction Phase
[3.604s][info][gc,phases      ] GC(80) Compaction Phase 56.271ms
[3.604s][info][gc,phases,start] GC(80) Post Compact
[3.605s][info][gc,phases      ] GC(80) Post Compact 1.081ms
[3.605s][info][gc,heap        ] GC(80) PSYoungGen: 39040K(59904K)->9729K(59904K) Eden: 0K(20480K)->0K(20480K) From: 39040K(39424K)->9729K(39424K)
[3.605s][info][gc,heap        ] GC(80) ParOldGen: 583126K(611840K)->611665K(690688K)
[3.605s][info][gc,metaspace   ] GC(80) Metaspace: 6298K(6464K)->6298K(6464K) NonClass: 5765K(5824K)->5765K(5824K) Class: 533K(640K)->533K(640K)
[3.605s][info][gc             ] GC(80) Pause Full (Ergonomics) 607M->606M(733M) 188.760ms
[3.606s][info][gc,cpu         ] GC(80) User=1.44s Sys=0.00s Real=0.19s
[3.631s][info][gc,start       ] GC(81) Pause Young (Allocation Failure)
[3.673s][info][gc,heap        ] GC(81) PSYoungGen: 30209K(59904K)->24096K(100864K) Eden: 20480K(20480K)->0K(22528K) From: 9729K(39424K)->24096K(78336K)
[3.673s][info][gc,heap        ] GC(81) ParOldGen: 611665K(690688K)->618033K(690688K)
[3.673s][info][gc,metaspace   ] GC(81) Metaspace: 6298K(6464K)->6298K(6464K) NonClass: 5765K(5824K)->5765K(5824K) Class: 533K(640K)->533K(640K)
[3.673s][info][gc             ] GC(81) Pause Young (Allocation Failure) 626M->627M(773M) 42.454ms
[3.673s][info][gc,cpu         ] GC(81) User=0.22s Sys=0.03s Real=0.04s
[3.699s][info][gc,start       ] GC(82) Pause Young (Allocation Failure)
[3.724s][info][gc,heap        ] GC(82) PSYoungGen: 46624K(100864K)->46624K(101888K) Eden: 22528K(22528K)->0K(22528K) From: 24096K(78336K)->46624K(79360K)
[3.724s][info][gc,heap        ] GC(82) ParOldGen: 618033K(690688K)->618033K(690688K)
[3.724s][info][gc,metaspace   ] GC(82) Metaspace: 6298K(6464K)->6298K(6464K) NonClass: 5765K(5824K)->5765K(5824K) Class: 533K(640K)->533K(640K)
[3.724s][info][gc             ] GC(82) Pause Young (Allocation Failure) 649M->649M(774M) 25.294ms
[3.725s][info][gc,cpu         ] GC(82) User=0.14s Sys=0.00s Real=0.02s
[3.752s][info][gc,start       ] GC(83) Pause Young (Allocation Failure)
[3.786s][info][gc,heap        ] GC(83) PSYoungGen: 69152K(101888K)->69184K(96256K) Eden: 22528K(22528K)->0K(18432K) From: 46624K(79360K)->69184K(77824K)
[3.786s][info][gc,heap        ] GC(83) ParOldGen: 618033K(690688K)->618033K(690688K)
[3.786s][info][gc,metaspace   ] GC(83) Metaspace: 6298K(6464K)->6298K(6464K) NonClass: 5765K(5824K)->5765K(5824K) Class: 533K(640K)->533K(640K)
[3.787s][info][gc             ] GC(83) Pause Young (Allocation Failure) 671M->671M(768M) 34.114ms
[3.787s][info][gc,cpu         ] GC(83) User=0.16s Sys=0.00s Real=0.03s
[3.925s][info][gc,start       ] GC(84) Pause Young (Allocation Failure)
[3.978s][info][gc,heap        ] GC(84) PSYoungGen: 87616K(96256K)->84480K(102912K) Eden: 18432K(18432K)->0K(18432K) From: 69184K(77824K)->84480K(84480K)
[3.978s][info][gc,heap        ] GC(84) ParOldGen: 650801K(690688K)->653897K(690688K)
[3.978s][info][gc,metaspace   ] GC(84) Metaspace: 6298K(6464K)->6298K(6464K) NonClass: 5765K(5824K)->5765K(5824K) Class: 533K(640K)->533K(640K)
[3.978s][info][gc             ] GC(84) Pause Young (Allocation Failure) 721M->721M(775M) 53.578ms
[3.978s][info][gc,cpu         ] GC(84) User=0.33s Sys=0.00s Real=0.05s
[3.997s][info][gc,start       ] GC(85) Pause Young (Allocation Failure)
[4.044s][info][gc,heap        ] GC(85) PSYoungGen: 102912K(102912K)->79872K(110080K) Eden: 18432K(18432K)->0K(13312K) From: 84480K(84480K)->79872K(96768K)
[4.045s][info][gc,heap        ] GC(85) ParOldGen: 653897K(690688K)->677425K(690688K)
[4.045s][info][gc,metaspace   ] GC(85) Metaspace: 6298K(6464K)->6298K(6464K) NonClass: 5765K(5824K)->5765K(5824K) Class: 533K(640K)->533K(640K)
[4.045s][info][gc             ] GC(85) Pause Young (Allocation Failure) 739M->739M(782M) 47.449ms
[4.045s][info][gc,cpu         ] GC(85) User=0.27s Sys=0.00s Real=0.05s
[4.045s][info][gc,start       ] GC(86) Pause Full (Ergonomics)
[4.045s][info][gc,phases,start] GC(86) Marking Phase
[4.202s][info][gc,phases      ] GC(86) Marking Phase 157.052ms
[4.202s][info][gc,phases,start] GC(86) Summary Phase
[4.202s][info][gc,phases      ] GC(86) Summary Phase 0.033ms
[4.202s][info][gc,phases,start] GC(86) Adjust Roots
[4.202s][info][gc,phases      ] GC(86) Adjust Roots 0.151ms
[4.202s][info][gc,phases,start] GC(86) Compaction Phase
[4.331s][info][gc,phases      ] GC(86) Compaction Phase 128.648ms
[4.331s][info][gc,phases,start] GC(86) Post Compact
[4.332s][info][gc,phases      ] GC(86) Post Compact 1.660ms
[4.333s][info][gc,heap        ] GC(86) PSYoungGen: 79872K(110080K)->49353K(110080K) Eden: 0K(13312K)->0K(13312K) From: 79872K(96768K)->49353K(96768K)
[4.333s][info][gc,heap        ] GC(86) ParOldGen: 677425K(690688K)->690678K(772608K)
[4.333s][info][gc,metaspace   ] GC(86) Metaspace: 6298K(6464K)->6298K(6464K) NonClass: 5765K(5824K)->5765K(5824K) Class: 533K(640K)->533K(640K)
[4.333s][info][gc             ] GC(86) Pause Full (Ergonomics) 739M->722M(862M) 288.217ms
[4.333s][info][gc,cpu         ] GC(86) User=1.81s Sys=0.00s Real=0.29s
[4.350s][info][gc,start       ] GC(87) Pause Young (Allocation Failure)
[4.406s][info][gc,heap        ] GC(87) PSYoungGen: 62665K(110080K)->48992K(62464K) Eden: 13312K(13312K)->0K(13312K) From: 49353K(96768K)->48992K(49152K)
[4.406s][info][gc,heap        ] GC(87) ParOldGen: 690678K(772608K)->704838K(772608K)
[4.406s][info][gc,metaspace   ] GC(87) Metaspace: 6298K(6464K)->6298K(6464K) NonClass: 5765K(5824K)->5765K(5824K) Class: 533K(640K)->533K(640K)
[4.406s][info][gc             ] GC(87) Pause Young (Allocation Failure) 735M->736M(815M) 55.682ms
[4.406s][info][gc,cpu         ] GC(87) User=0.33s Sys=0.06s Real=0.06s
[4.420s][info][gc,start       ] GC(88) Pause Young (Allocation Failure)
[4.449s][info][gc,heap        ] GC(88) PSYoungGen: 62304K(62464K)->62208K(112640K) Eden: 13312K(13312K)->0K(14848K) From: 48992K(49152K)->62208K(97792K)
[4.449s][info][gc,heap        ] GC(88) ParOldGen: 704838K(772608K)->704838K(772608K)
[4.449s][info][gc,metaspace   ] GC(88) Metaspace: 6298K(6464K)->6298K(6464K) NonClass: 5765K(5824K)->5765K(5824K) Class: 533K(640K)->533K(640K)
[4.449s][info][gc             ] GC(88) Pause Young (Allocation Failure) 749M->749M(864M) 29.032ms
[4.449s][info][gc,cpu         ] GC(88) User=0.12s Sys=0.00s Real=0.03s
[4.465s][info][gc,start       ] GC(89) Pause Young (Allocation Failure)
[4.500s][info][gc,heap        ] GC(89) PSYoungGen: 77056K(112640K)->63776K(113152K) Eden: 14848K(14848K)->0K(14848K) From: 62208K(97792K)->63776K(98304K)
[4.500s][info][gc,heap        ] GC(89) ParOldGen: 704838K(772608K)->718310K(772608K)
[4.500s][info][gc,metaspace   ] GC(89) Metaspace: 6298K(6464K)->6298K(6464K) NonClass: 5765K(5824K)->5765K(5824K) Class: 533K(640K)->533K(640K)
[4.500s][info][gc             ] GC(89) Pause Young (Allocation Failure) 763M->763M(865M) 35.383ms
[4.500s][info][gc,cpu         ] GC(89) User=0.27s Sys=0.00s Real=0.04s
[4.515s][info][gc,start       ] GC(90) Pause Young (Allocation Failure)
[4.552s][info][gc,heap        ] GC(90) PSYoungGen: 78624K(113152K)->56416K(108032K) Eden: 14848K(14848K)->0K(16896K) From: 63776K(98304K)->56416K(91136K)
[4.552s][info][gc,heap        ] GC(90) ParOldGen: 718310K(772608K)->740726K(772608K)
[4.552s][info][gc,metaspace   ] GC(90) Metaspace: 6298K(6464K)->6298K(6464K) NonClass: 5765K(5824K)->5765K(5824K) Class: 533K(640K)->533K(640K)
[4.552s][info][gc             ] GC(90) Pause Young (Allocation Failure) 778M->778M(860M) 36.269ms
[4.552s][info][gc,cpu         ] GC(90) User=0.25s Sys=0.00s Real=0.04s
[4.552s][info][gc,start       ] GC(91) Pause Full (Ergonomics)
[4.552s][info][gc,phases,start] GC(91) Marking Phase
[4.716s][info][gc,phases      ] GC(91) Marking Phase 164.792ms
[4.717s][info][gc,phases,start] GC(91) Summary Phase
[4.717s][info][gc,phases      ] GC(91) Summary Phase 0.027ms
[4.717s][info][gc,phases,start] GC(91) Adjust Roots
[4.717s][info][gc,phases      ] GC(91) Adjust Roots 0.239ms
[4.717s][info][gc,phases,start] GC(91) Compaction Phase
[4.805s][info][gc,phases      ] GC(91) Compaction Phase 88.185ms
[4.805s][info][gc,phases,start] GC(91) Post Compact
[4.807s][info][gc,phases      ] GC(91) Post Compact 1.567ms
[4.807s][info][gc,heap        ] GC(91) PSYoungGen: 56416K(108032K)->24008K(110080K) Eden: 0K(16896K)->0K(18944K) From: 56416K(91136K)->24008K(91136K)
[4.807s][info][gc,heap        ] GC(91) ParOldGen: 740726K(772608K)->772220K(858112K)
[4.807s][info][gc,metaspace   ] GC(91) Metaspace: 6298K(6464K)->6298K(6464K) NonClass: 5765K(5824K)->5765K(5824K) Class: 533K(640K)->533K(640K)
[4.807s][info][gc             ] GC(91) Pause Full (Ergonomics) 778M->777M(945M) 255.570ms
[4.807s][info][gc,cpu         ] GC(91) User=1.64s Sys=0.00s Real=0.26s
[4.827s][info][gc,start       ] GC(92) Pause Young (Allocation Failure)
[4.878s][info][gc,heap        ] GC(92) PSYoungGen: 42952K(110080K)->34368K(113664K) Eden: 18944K(18944K)->0K(18944K) From: 24008K(91136K)->34368K(94720K)
[4.878s][info][gc,heap        ] GC(92) ParOldGen: 772220K(858112K)->781060K(858112K)
[4.878s][info][gc,metaspace   ] GC(92) Metaspace: 6298K(6464K)->6298K(6464K) NonClass: 5765K(5824K)->5765K(5824K) Class: 533K(640K)->533K(640K)
[4.878s][info][gc             ] GC(92) Pause Young (Allocation Failure) 796M->796M(949M) 51.412ms
[4.878s][info][gc,cpu         ] GC(92) User=0.28s Sys=0.00s Real=0.05s
[4.897s][info][gc,start       ] GC(93) Pause Young (Allocation Failure)
[4.924s][info][gc,heap        ] GC(93) PSYoungGen: 53312K(113664K)->46112K(109056K) Eden: 18944K(18944K)->0K(21504K) From: 34368K(94720K)->46112K(87552K)
[4.924s][info][gc,heap        ] GC(93) ParOldGen: 781060K(858112K)->788436K(858112K)
[4.924s][info][gc,metaspace   ] GC(93) Metaspace: 6298K(6464K)->6298K(6464K) NonClass: 5765K(5824K)->5765K(5824K) Class: 533K(640K)->533K(640K)
[4.924s][info][gc             ] GC(93) Pause Young (Allocation Failure) 814M->814M(944M) 26.675ms
[4.924s][info][gc,cpu         ] GC(93) User=0.14s Sys=0.00s Real=0.03s
[4.947s][info][gc,start       ] GC(94) Pause Young (Allocation Failure)
[4.980s][info][gc,heap        ] GC(94) PSYoungGen: 67616K(109056K)->59552K(112128K) Eden: 21504K(21504K)->0K(21504K) From: 46112K(87552K)->59552K(90624K)
[4.980s][info][gc,heap        ] GC(94) ParOldGen: 788436K(858112K)->796612K(858112K)
[4.980s][info][gc,metaspace   ] GC(94) Metaspace: 6298K(6464K)->6298K(6464K) NonClass: 5765K(5824K)->5765K(5824K) Class: 533K(640K)->533K(640K)
[4.980s][info][gc             ] GC(94) Pause Young (Allocation Failure) 835M->836M(947M) 33.062ms
[4.980s][info][gc,cpu         ] GC(94) User=0.16s Sys=0.00s Real=0.03s
[5.003s][info][gc,start       ] GC(95) Pause Young (Allocation Failure)
[5.042s][info][gc,heap        ] GC(95) PSYoungGen: 81056K(112128K)->62144K(114176K) Eden: 21504K(21504K)->0K(24064K) From: 59552K(90624K)->62144K(90112K)
[5.042s][info][gc,heap        ] GC(95) ParOldGen: 796612K(858112K)->815812K(858112K)
[5.042s][info][gc,metaspace   ] GC(95) Metaspace: 6298K(6464K)->6298K(6464K) NonClass: 5765K(5824K)->5765K(5824K) Class: 533K(640K)->533K(640K)
[5.042s][info][gc             ] GC(95) Pause Young (Allocation Failure) 857M->857M(949M) 38.686ms
[5.042s][info][gc,cpu         ] GC(95) User=0.23s Sys=0.02s Real=0.04s
[5.067s][info][gc,start       ] GC(96) Pause Young (Allocation Failure)
[5.111s][info][gc,heap        ] GC(96) PSYoungGen: 86208K(114176K)->45760K(114176K) Eden: 24064K(24064K)->0K(24064K) From: 62144K(90112K)->45760K(90112K)
[5.111s][info][gc,heap        ] GC(96) ParOldGen: 815812K(858112K)->856780K(858112K)
[5.111s][info][gc,metaspace   ] GC(96) Metaspace: 6298K(6464K)->6298K(6464K) NonClass: 5765K(5824K)->5765K(5824K) Class: 533K(640K)->533K(640K)
[5.111s][info][gc             ] GC(96) Pause Young (Allocation Failure) 880M->881M(949M) 43.792ms
[5.111s][info][gc,cpu         ] GC(96) User=0.20s Sys=0.06s Real=0.05s
[5.111s][info][gc,start       ] GC(97) Pause Full (Ergonomics)
[5.111s][info][gc,phases,start] GC(97) Marking Phase
[5.308s][info][gc,phases      ] GC(97) Marking Phase 196.613ms
[5.308s][info][gc,phases,start] GC(97) Summary Phase
[5.308s][info][gc,phases      ] GC(97) Summary Phase 0.023ms
[5.308s][info][gc,phases,start] GC(97) Adjust Roots
[5.308s][info][gc,phases      ] GC(97) Adjust Roots 0.154ms
[5.308s][info][gc,phases,start] GC(97) Compaction Phase
[5.408s][info][gc,phases      ] GC(97) Compaction Phase 99.747ms
[5.408s][info][gc,phases,start] GC(97) Post Compact
[5.409s][info][gc,phases      ] GC(97) Post Compact 1.621ms
[5.410s][info][gc,heap        ] GC(97) PSYoungGen: 45760K(114176K)->42952K(114176K) Eden: 0K(24064K)->0K(24064K) From: 45760K(90112K)->42952K(90112K)
[5.410s][info][gc,heap        ] GC(97) ParOldGen: 856780K(858112K)->858088K(955392K)
[5.410s][info][gc,metaspace   ] GC(97) Metaspace: 6298K(6464K)->6298K(6464K) NonClass: 5765K(5824K)->5765K(5824K) Class: 533K(640K)->533K(640K)
[5.410s][info][gc             ] GC(97) Pause Full (Ergonomics) 881M->879M(1044M) 298.802ms
[5.410s][info][gc,cpu         ] GC(97) User=1.88s Sys=0.05s Real=0.30s
[5.440s][info][gc,start       ] GC(98) Pause Young (Allocation Failure)
[5.507s][info][gc,heap        ] GC(98) PSYoungGen: 67016K(114176K)->24192K(113664K) Eden: 24064K(24064K)->0K(26112K) From: 42952K(90112K)->24192K(87552K)
[5.507s][info][gc,heap        ] GC(98) ParOldGen: 858088K(955392K)->901648K(955392K)
[5.507s][info][gc,metaspace   ] GC(98) Metaspace: 6298K(6464K)->6298K(6464K) NonClass: 5765K(5824K)->5765K(5824K) Class: 533K(640K)->533K(640K)
[5.507s][info][gc             ] GC(98) Pause Young (Allocation Failure) 903M->904M(1044M) 66.448ms
[5.507s][info][gc,cpu         ] GC(98) User=0.38s Sys=0.00s Real=0.07s
[5.536s][info][gc,start       ] GC(99) Pause Young (Allocation Failure)
[5.564s][info][gc,heap        ] GC(99) PSYoungGen: 50304K(113664K)->26240K(114688K) Eden: 26112K(26112K)->0K(26112K) From: 24192K(87552K)->26240K(88576K)
[5.564s][info][gc,heap        ] GC(99) ParOldGen: 901648K(955392K)->926056K(955392K)
[5.564s][info][gc,metaspace   ] GC(99) Metaspace: 6298K(6464K)->6298K(6464K) NonClass: 5765K(5824K)->5765K(5824K) Class: 533K(640K)->533K(640K)
[5.564s][info][gc             ] GC(99) Pause Young (Allocation Failure) 929M->929M(1045M) 27.935ms
[5.564s][info][gc,cpu         ] GC(99) User=0.09s Sys=0.05s Real=0.03s
[5.564s][info][gc,start       ] GC(100) Pause Full (Ergonomics)
[5.564s][info][gc,phases,start] GC(100) Marking Phase
[5.780s][info][gc,phases      ] GC(100) Marking Phase 216.132ms
[5.780s][info][gc,phases,start] GC(100) Summary Phase
[5.780s][info][gc,phases      ] GC(100) Summary Phase 0.032ms
[5.780s][info][gc,phases,start] GC(100) Adjust Roots
[5.781s][info][gc,phases      ] GC(100) Adjust Roots 0.159ms
[5.781s][info][gc,phases,start] GC(100) Compaction Phase
[5.867s][info][gc,phases      ] GC(100) Compaction Phase 86.607ms
[5.867s][info][gc,phases,start] GC(100) Post Compact
[5.869s][info][gc,phases      ] GC(100) Post Compact 1.744ms
[5.870s][info][gc,heap        ] GC(100) PSYoungGen: 26240K(114688K)->0K(117760K) Eden: 0K(26112K)->0K(29184K) From: 26240K(88576K)->0K(88576K)
[5.870s][info][gc,heap        ] GC(100) ParOldGen: 926056K(955392K)->951154K(1062912K)
[5.870s][info][gc,metaspace   ] GC(100) Metaspace: 6298K(6464K)->6298K(6464K) NonClass: 5765K(5824K)->5765K(5824K) Class: 533K(640K)->533K(640K)
[5.870s][info][gc             ] GC(100) Pause Full (Ergonomics) 929M->928M(1153M) 305.625ms
[5.870s][info][gc,cpu         ] GC(100) User=2.16s Sys=0.00s Real=0.30s
[5.905s][info][gc,start       ] GC(101) Pause Young (Allocation Failure)
[5.923s][info][gc,heap        ] GC(101) PSYoungGen: 29184K(117760K)->29344K(117760K) Eden: 29184K(29184K)->0K(29184K) From: 0K(88576K)->29344K(88576K)
[5.923s][info][gc,heap        ] GC(101) ParOldGen: 951154K(1062912K)->951154K(1062912K)
[5.923s][info][gc,metaspace   ] GC(101) Metaspace: 6298K(6464K)->6298K(6464K) NonClass: 5765K(5824K)->5765K(5824K) Class: 533K(640K)->533K(640K)
[5.923s][info][gc             ] GC(101) Pause Young (Allocation Failure) 957M->957M(1153M) 18.285ms
[5.923s][info][gc,cpu         ] GC(101) User=0.03s Sys=0.00s Real=0.02s
[5.956s][info][gc,start       ] GC(102) Pause Young (Allocation Failure)
[5.986s][info][gc,heap        ] GC(102) PSYoungGen: 58528K(117760K)->58560K(118272K) Eden: 29184K(29184K)->0K(30720K) From: 29344K(88576K)->58560K(87552K)
[5.986s][info][gc,heap        ] GC(102) ParOldGen: 951154K(1062912K)->951154K(1062912K)
[5.986s][info][gc,metaspace   ] GC(102) Metaspace: 6298K(6464K)->6298K(6464K) NonClass: 5765K(5824K)->5765K(5824K) Class: 533K(640K)->533K(640K)
[5.986s][info][gc             ] GC(102) Pause Young (Allocation Failure) 986M->986M(1153M) 30.100ms
[5.986s][info][gc,cpu         ] GC(102) User=0.14s Sys=0.00s Real=0.03s
[6.021s][info][gc,start       ] GC(103) Pause Young (Allocation Failure)
[6.064s][info][gc,heap        ] GC(103) PSYoungGen: 89280K(118272K)->88576K(119296K) Eden: 30720K(30720K)->0K(30720K) From: 58560K(87552K)->88576K(88576K)
[6.064s][info][gc,heap        ] GC(103) ParOldGen: 951154K(1062912K)->951898K(1062912K)
[6.064s][info][gc,metaspace   ] GC(103) Metaspace: 6298K(6464K)->6298K(6464K) NonClass: 5765K(5824K)->5765K(5824K) Class: 533K(640K)->533K(640K)
[6.064s][info][gc             ] GC(103) Pause Young (Allocation Failure) 1016M->1016M(1154M) 42.989ms
[6.064s][info][gc,cpu         ] GC(103) User=0.25s Sys=0.00s Real=0.04s
[6.097s][info][gc,start       ] GC(104) Pause Young (Allocation Failure)
[6.164s][info][gc,heap        ] GC(104) PSYoungGen: 119296K(119296K)->61312K(131584K) Eden: 30720K(30720K)->0K(33792K) From: 88576K(88576K)->61312K(97792K)
[6.164s][info][gc,heap        ] GC(104) ParOldGen: 951898K(1062912K)->1010634K(1062912K)
[6.164s][info][gc,metaspace   ] GC(104) Metaspace: 6298K(6464K)->6298K(6464K) NonClass: 5765K(5824K)->5765K(5824K) Class: 533K(640K)->533K(640K)
[6.164s][info][gc             ] GC(104) Pause Young (Allocation Failure) 1046M->1046M(1166M) 66.872ms
[6.164s][info][gc,cpu         ] GC(104) User=0.31s Sys=0.11s Real=0.07s
[6.164s][info][gc,start       ] GC(105) Pause Full (Ergonomics)
[6.164s][info][gc,phases,start] GC(105) Marking Phase
[6.402s][info][gc,phases      ] GC(105) Marking Phase 238.161ms
[6.402s][info][gc,phases,start] GC(105) Summary Phase
[6.402s][info][gc,phases      ] GC(105) Summary Phase 0.028ms
[6.402s][info][gc,phases,start] GC(105) Adjust Roots
[6.403s][info][gc,phases      ] GC(105) Adjust Roots 0.150ms
[6.403s][info][gc,phases,start] GC(105) Compaction Phase
[6.493s][info][gc,phases      ] GC(105) Compaction Phase 90.306ms
[6.493s][info][gc,phases,start] GC(105) Post Compact
[6.495s][info][gc,phases      ] GC(105) Post Compact 1.833ms
[6.495s][info][gc,heap        ] GC(105) PSYoungGen: 61312K(131584K)->8421K(132608K) Eden: 0K(33792K)->0K(34816K) From: 61312K(97792K)->8421K(97792K)
[6.495s][info][gc,heap        ] GC(105) ParOldGen: 1010634K(1062912K)->1062409K(1190912K)
[6.495s][info][gc,metaspace   ] GC(105) Metaspace: 6298K(6464K)->6298K(6464K) NonClass: 5765K(5824K)->5765K(5824K) Class: 533K(640K)->533K(640K)
[6.496s][info][gc             ] GC(105) Pause Full (Ergonomics) 1046M->1045M(1292M) 331.323ms
[6.496s][info][gc,cpu         ] GC(105) User=2.50s Sys=0.06s Real=0.33s
[6.538s][info][gc,start       ] GC(106) Pause Young (Allocation Failure)
[6.604s][info][gc,heap        ] GC(106) PSYoungGen: 43237K(132608K)->40704K(133632K) Eden: 34816K(34816K)->0K(34816K) From: 8421K(97792K)->40704K(98816K)
[6.604s][info][gc,heap        ] GC(106) ParOldGen: 1062409K(1190912K)->1065193K(1190912K)
[6.604s][info][gc,metaspace   ] GC(106) Metaspace: 6298K(6464K)->6298K(6464K) NonClass: 5765K(5824K)->5765K(5824K) Class: 533K(640K)->533K(640K)
[6.604s][info][gc             ] GC(106) Pause Young (Allocation Failure) 1079M->1079M(1293M) 66.777ms
[6.604s][info][gc,cpu         ] GC(106) User=0.39s Sys=0.00s Real=0.07s
[6.642s][info][gc,start       ] GC(107) Pause Young (Allocation Failure)
[6.681s][info][gc,heap        ] GC(107) PSYoungGen: 75520K(133632K)->75616K(130048K) Eden: 34816K(34816K)->0K(33792K) From: 40704K(98816K)->75616K(96256K)
[6.681s][info][gc,heap        ] GC(107) ParOldGen: 1065193K(1190912K)->1065193K(1190912K)
[6.681s][info][gc,metaspace   ] GC(107) Metaspace: 6298K(6464K)->6298K(6464K) NonClass: 5765K(5824K)->5765K(5824K) Class: 533K(640K)->533K(640K)
[6.681s][info][gc             ] GC(107) Pause Young (Allocation Failure) 1113M->1114M(1290M) 39.223ms
[6.681s][info][gc,cpu         ] GC(107) User=0.25s Sys=0.00s Real=0.04s
[6.723s][info][gc,start       ] GC(108) Pause Young (Allocation Failure)
[6.781s][info][gc,heap        ] GC(108) PSYoungGen: 109408K(130048K)->100864K(134656K) Eden: 33792K(33792K)->0K(33792K) From: 75616K(96256K)->100864K(100864K)
[6.781s][info][gc,heap        ] GC(108) ParOldGen: 1065193K(1190912K)->1073753K(1190912K)
[6.781s][info][gc,metaspace   ] GC(108) Metaspace: 6298K(6464K)->6298K(6464K) NonClass: 5765K(5824K)->5765K(5824K) Class: 533K(640K)->533K(640K)
[6.781s][info][gc             ] GC(108) Pause Young (Allocation Failure) 1147M->1147M(1294M) 58.843ms
[6.781s][info][gc,cpu         ] GC(108) User=0.39s Sys=0.00s Real=0.06s
[6.822s][info][gc,start       ] GC(109) Pause Young (Allocation Failure)
[6.898s][info][gc,heap        ] GC(109) PSYoungGen: 134656K(134656K)->97664K(145408K) Eden: 33792K(33792K)->0K(28672K) From: 100864K(100864K)->97664K(116736K)
[6.898s][info][gc,heap        ] GC(109) ParOldGen: 1073753K(1190912K)->1111353K(1190912K)
[6.898s][info][gc,metaspace   ] GC(109) Metaspace: 6298K(6464K)->6298K(6464K) NonClass: 5765K(5824K)->5765K(5824K) Class: 533K(640K)->533K(640K)
[6.898s][info][gc             ] GC(109) Pause Young (Allocation Failure) 1180M->1180M(1305M) 75.371ms
[6.898s][info][gc,cpu         ] GC(109) User=0.47s Sys=0.05s Real=0.08s
[6.933s][info][gc,start       ] GC(110) Pause Young (Allocation Failure)
[7.005s][info][gc,heap        ] GC(110) PSYoungGen: 126336K(145408K)->94080K(154112K) Eden: 28672K(28672K)->0K(28672K) From: 97664K(116736K)->94080K(125440K)
[7.005s][info][gc,heap        ] GC(110) ParOldGen: 1111353K(1190912K)->1144049K(1190912K)
[7.005s][info][gc,metaspace   ] GC(110) Metaspace: 6298K(6464K)->6298K(6464K) NonClass: 5765K(5824K)->5765K(5824K) Class: 533K(640K)->533K(640K)
[7.005s][info][gc             ] GC(110) Pause Young (Allocation Failure) 1208M->1209M(1313M) 71.545ms
[7.005s][info][gc,cpu         ] GC(110) User=0.52s Sys=0.00s Real=0.07s
[7.005s][info][gc,start       ] GC(111) Pause Full (Ergonomics)
[7.005s][info][gc,phases,start] GC(111) Marking Phase
[7.280s][info][gc,phases      ] GC(111) Marking Phase 275.120ms
[7.280s][info][gc,phases,start] GC(111) Summary Phase
[7.280s][info][gc,phases      ] GC(111) Summary Phase 0.030ms
[7.280s][info][gc,phases,start] GC(111) Adjust Roots
[7.280s][info][gc,phases      ] GC(111) Adjust Roots 0.150ms
[7.280s][info][gc,phases,start] GC(111) Compaction Phase
[7.386s][info][gc,phases      ] GC(111) Compaction Phase 105.383ms
[7.386s][info][gc,phases,start] GC(111) Post Compact
[7.388s][info][gc,phases      ] GC(111) Post Compact 2.259ms
[7.388s][info][gc,heap        ] GC(111) PSYoungGen: 94080K(154112K)->45720K(154112K) Eden: 0K(28672K)->0K(28672K) From: 94080K(125440K)->45720K(125440K)
[7.388s][info][gc,heap        ] GC(111) ParOldGen: 1144049K(1190912K)->1190850K(1328128K)
[7.388s][info][gc,metaspace   ] GC(111) Metaspace: 6298K(6464K)->6298K(6464K) NonClass: 5765K(5824K)->5765K(5824K) Class: 533K(640K)->533K(640K)
[7.388s][info][gc             ] GC(111) Pause Full (Ergonomics) 1209M->1207M(1447M) 383.732ms
[7.388s][info][gc,cpu         ] GC(111) User=2.81s Sys=0.08s Real=0.38s
[7.422s][info][gc,start       ] GC(112) Pause Young (Allocation Failure)
[7.517s][info][gc,heap        ] GC(112) PSYoungGen: 74392K(154112K)->59968K(151552K) Eden: 28672K(28672K)->0K(31744K) From: 45720K(125440K)->59968K(119808K)
[7.517s][info][gc,heap        ] GC(112) ParOldGen: 1190850K(1328128K)->1205738K(1328128K)
[7.517s][info][gc,metaspace   ] GC(112) Metaspace: 6298K(6464K)->6298K(6464K) NonClass: 5765K(5824K)->5765K(5824K) Class: 533K(640K)->533K(640K)
[7.517s][info][gc             ] GC(112) Pause Young (Allocation Failure) 1235M->1236M(1445M) 95.409ms
[7.517s][info][gc,cpu         ] GC(112) User=0.56s Sys=0.08s Real=0.10s
[7.555s][info][gc,start       ] GC(113) Pause Young (Allocation Failure)
[7.608s][info][gc,heap        ] GC(113) PSYoungGen: 91712K(151552K)->91744K(157184K) Eden: 31744K(31744K)->0K(31744K) From: 59968K(119808K)->91744K(125440K)
[7.608s][info][gc,heap        ] GC(113) ParOldGen: 1205738K(1328128K)->1205738K(1328128K)
[7.608s][info][gc,metaspace   ] GC(113) Metaspace: 6298K(6464K)->6298K(6464K) NonClass: 5765K(5824K)->5765K(5824K) Class: 533K(640K)->533K(640K)
[7.608s][info][gc             ] GC(113) Pause Young (Allocation Failure) 1267M->1267M(1450M) 52.584ms
[7.608s][info][gc,cpu         ] GC(113) User=0.27s Sys=0.00s Real=0.05s
[7.636s][info][gc,start       ] GC(114) Pause Young (Allocation Failure)
[7.698s][info][gc,heap        ] GC(114) PSYoungGen: 123488K(157184K)->92864K(161280K) Eden: 31744K(31744K)->0K(32256K) From: 91744K(125440K)->92864K(129024K)
[7.698s][info][gc,heap        ] GC(114) ParOldGen: 1205738K(1328128K)->1223322K(1328128K)
[7.698s][info][gc,metaspace   ] GC(114) Metaspace: 6298K(6464K)->6298K(6464K) NonClass: 5765K(5824K)->5765K(5824K) Class: 533K(640K)->533K(640K)
[7.698s][info][gc             ] GC(114) Pause Young (Allocation Failure) 1298M->1285M(1454M) 62.689ms
[7.698s][info][gc,cpu         ] GC(114) User=0.38s Sys=0.02s Real=0.06s
[7.734s][info][gc,start       ] GC(115) Pause Young (Allocation Failure)
[7.803s][info][gc,heap        ] GC(115) PSYoungGen: 125120K(161280K)->104672K(164352K) Eden: 32256K(32256K)->0K(32256K) From: 92864K(129024K)->104672K(132096K)
[7.803s][info][gc,heap        ] GC(115) ParOldGen: 1223322K(1328128K)->1237210K(1328128K)
[7.803s][info][gc,metaspace   ] GC(115) Metaspace: 6298K(6464K)->6298K(6464K) NonClass: 5765K(5824K)->5765K(5824K) Class: 533K(640K)->533K(640K)
[7.803s][info][gc             ] GC(115) Pause Young (Allocation Failure) 1316M->1310M(1457M) 68.858ms
[7.803s][info][gc,cpu         ] GC(115) User=0.39s Sys=0.00s Real=0.07s
[7.841s][info][gc,start       ] GC(116) Pause Young (Allocation Failure)
[7.921s][info][gc,heap        ] GC(116) PSYoungGen: 136928K(164352K)->76480K(163840K) Eden: 32256K(32256K)->0K(36352K) From: 104672K(132096K)->76480K(127488K)
[7.921s][info][gc,heap        ] GC(116) ParOldGen: 1237210K(1328128K)->1298418K(1328128K)
[7.921s][info][gc,metaspace   ] GC(116) Metaspace: 6298K(6464K)->6298K(6464K) NonClass: 5765K(5824K)->5765K(5824K) Class: 533K(640K)->533K(640K)
[7.921s][info][gc             ] GC(116) Pause Young (Allocation Failure) 1341M->1342M(1457M) 80.356ms
[7.921s][info][gc,cpu         ] GC(116) User=0.61s Sys=0.02s Real=0.08s
[7.921s][info][gc,start       ] GC(117) Pause Full (Ergonomics)
[7.921s][info][gc,phases,start] GC(117) Marking Phase
[8.238s][info][gc,phases      ] GC(117) Marking Phase 316.736ms
[8.238s][info][gc,phases,start] GC(117) Summary Phase
[8.238s][info][gc,phases      ] GC(117) Summary Phase 0.036ms
[8.238s][info][gc,phases,start] GC(117) Adjust Roots
[8.238s][info][gc,phases      ] GC(117) Adjust Roots 0.259ms
[8.238s][info][gc,phases,start] GC(117) Compaction Phase
[8.611s][info][gc,phases      ] GC(117) Compaction Phase 372.424ms
[8.611s][info][gc,phases,start] GC(117) Post Compact
[8.614s][info][gc,phases      ] GC(117) Post Compact 2.933ms
[8.614s][info][gc,heap        ] GC(117) PSYoungGen: 76480K(163840K)->45022K(168448K) Eden: 0K(36352K)->0K(40960K) From: 76480K(127488K)->45022K(127488K)
[8.615s][info][gc,heap        ] GC(117) ParOldGen: 1298418K(1328128K)->1328093K(1476608K)
[8.615s][info][gc,metaspace   ] GC(117) Metaspace: 6298K(6464K)->6298K(6464K) NonClass: 5765K(5824K)->5765K(5824K) Class: 533K(640K)->533K(640K)
[8.615s][info][gc             ] GC(117) Pause Full (Ergonomics) 1342M->1340M(1606M) 693.298ms
[8.615s][info][gc,cpu         ] GC(117) User=4.86s Sys=0.00s Real=0.69s
[8.908s][info][gc,start       ] GC(118) Pause Young (Allocation Failure)
[9.007s][info][gc,heap        ] GC(118) PSYoungGen: 85982K(168448K)->61024K(174080K) Eden: 40960K(40960K)->0K(40960K) From: 45022K(127488K)->61024K(133120K)
[9.007s][info][gc,heap        ] GC(118) ParOldGen: 1393629K(1476608K)->1419229K(1476608K)
[9.007s][info][gc,metaspace   ] GC(118) Metaspace: 6298K(6464K)->6298K(6464K) NonClass: 5765K(5824K)->5765K(5824K) Class: 533K(640K)->533K(640K)
[9.007s][info][gc             ] GC(118) Pause Young (Allocation Failure) 1444M->1445M(1612M) 99.688ms
[9.007s][info][gc,cpu         ] GC(118) User=0.53s Sys=0.00s Real=0.10s
[9.007s][info][gc,start       ] GC(119) Pause Full (Ergonomics)
[9.007s][info][gc,phases,start] GC(119) Marking Phase
[9.332s][info][gc,phases      ] GC(119) Marking Phase 324.025ms
[9.332s][info][gc,phases,start] GC(119) Summary Phase
[9.332s][info][gc,phases      ] GC(119) Summary Phase 0.059ms
[9.332s][info][gc,phases,start] GC(119) Adjust Roots
[9.332s][info][gc,phases      ] GC(119) Adjust Roots 0.203ms
[9.332s][info][gc,phases,start] GC(119) Compaction Phase
[9.564s][info][gc,phases      ] GC(119) Compaction Phase 231.600ms
[9.564s][info][gc,phases,start] GC(119) Post Compact
[9.567s][info][gc,phases      ] GC(119) Post Compact 3.024ms
[9.567s][info][gc,heap        ] GC(119) PSYoungGen: 61024K(174080K)->0K(174592K) Eden: 0K(40960K)->0K(45056K) From: 61024K(133120K)->0K(129536K)
[9.567s][info][gc,heap        ] GC(119) ParOldGen: 1419229K(1476608K)->1446810K(1603072K)
[9.567s][info][gc,metaspace   ] GC(119) Metaspace: 6298K(6464K)->6298K(6464K) NonClass: 5765K(5824K)->5765K(5824K) Class: 533K(640K)->533K(640K)
[9.567s][info][gc             ] GC(119) Pause Full (Ergonomics) 1445M->1412M(1736M) 559.713ms
[9.567s][info][gc,cpu         ] GC(119) User=3.94s Sys=0.02s Real=0.56s
[9.612s][info][gc,start       ] GC(120) Pause Young (Allocation Failure)
[9.640s][info][gc,heap        ] GC(120) PSYoungGen: 45056K(174592K)->45280K(174592K) Eden: 45056K(45056K)->0K(45056K) From: 0K(129536K)->45280K(129536K)
[9.640s][info][gc,heap        ] GC(120) ParOldGen: 1446810K(1603072K)->1446810K(1603072K)
[9.640s][info][gc,metaspace   ] GC(120) Metaspace: 6298K(6464K)->6298K(6464K) NonClass: 5765K(5824K)->5765K(5824K) Class: 533K(640K)->533K(640K)
[9.640s][info][gc             ] GC(120) Pause Young (Allocation Failure) 1456M->1457M(1736M) 28.713ms
[9.640s][info][gc,cpu         ] GC(120) User=0.03s Sys=0.00s Real=0.03s
[9.680s][info][gc,start       ] GC(121) Pause Young (Allocation Failure)
[9.724s][info][gc,heap        ] GC(121) PSYoungGen: 90336K(174592K)->90400K(175616K) Eden: 45056K(45056K)->0K(47104K) From: 45280K(129536K)->90400K(128512K)
[9.724s][info][gc,heap        ] GC(121) ParOldGen: 1446810K(1603072K)->1446810K(1603072K)
[9.724s][info][gc,metaspace   ] GC(121) Metaspace: 6298K(6464K)->6298K(6464K) NonClass: 5765K(5824K)->5765K(5824K) Class: 533K(640K)->533K(640K)
[9.724s][info][gc             ] GC(121) Pause Young (Allocation Failure) 1501M->1501M(1737M) 44.295ms
[9.724s][info][gc,cpu         ] GC(121) User=0.27s Sys=0.00s Real=0.04s
[9.777s][info][gc,start       ] GC(122) Pause Young (Allocation Failure)
[9.841s][info][gc,heap        ] GC(122) PSYoungGen: 137504K(175616K)->130560K(177664K) Eden: 47104K(47104K)->0K(47104K) From: 90400K(128512K)->130560K(130560K)
[9.841s][info][gc,heap        ] GC(122) ParOldGen: 1446810K(1603072K)->1453778K(1603072K)
[9.841s][info][gc,metaspace   ] GC(122) Metaspace: 6298K(6464K)->6298K(6464K) NonClass: 5765K(5824K)->5765K(5824K) Class: 533K(640K)->533K(640K)
[9.841s][info][gc             ] GC(122) Pause Young (Allocation Failure) 1547M->1547M(1739M) 63.537ms
[9.841s][info][gc,cpu         ] GC(122) User=0.39s Sys=0.00s Real=0.06s
[9.887s][info][gc,start       ] GC(123) Pause Young (Allocation Failure)
[9.984s][info][gc,heap        ] GC(123) PSYoungGen: 177664K(177664K)->148480K(169984K) Eden: 47104K(47104K)->0K(21504K) From: 130560K(130560K)->148480K(148480K)
[9.984s][info][gc,heap        ] GC(123) ParOldGen: 1453778K(1603072K)->1483346K(1603072K)
[9.984s][info][gc,metaspace   ] GC(123) Metaspace: 6298K(6464K)->6298K(6464K) NonClass: 5765K(5824K)->5765K(5824K) Class: 533K(640K)->533K(640K)
[9.984s][info][gc             ] GC(123) Pause Young (Allocation Failure) 1593M->1593M(1731M) 96.456ms
[9.984s][info][gc,cpu         ] GC(123) User=0.56s Sys=0.20s Real=0.10s
[10.004s][info][gc,start       ] GC(124) Pause Young (Allocation Failure)
[10.092s][info][gc,heap        ] GC(124) PSYoungGen: 169984K(169984K)->100128K(121856K) Eden: 21504K(21504K)->0K(21504K) From: 148480K(148480K)->100128K(100352K)
[10.092s][info][gc,heap        ] GC(124) ParOldGen: 1483346K(1603072K)->1554122K(1603072K)
[10.092s][info][gc,metaspace   ] GC(124) Metaspace: 6298K(6464K)->6298K(6464K) NonClass: 5765K(5824K)->5765K(5824K) Class: 533K(640K)->533K(640K)
[10.092s][info][gc             ] GC(124) Pause Young (Allocation Failure) 1614M->1615M(1684M) 87.525ms
[10.092s][info][gc,cpu         ] GC(124) User=0.55s Sys=0.05s Real=0.09s
[10.092s][info][gc,start       ] GC(125) Pause Full (Ergonomics)
[10.092s][info][gc,phases,start] GC(125) Marking Phase
[10.465s][info][gc,phases      ] GC(125) Marking Phase 373.195ms
[10.465s][info][gc,phases,start] GC(125) Summary Phase
[10.465s][info][gc,phases      ] GC(125) Summary Phase 0.037ms
[10.465s][info][gc,phases,start] GC(125) Adjust Roots
[10.465s][info][gc,phases      ] GC(125) Adjust Roots 0.159ms
[10.465s][info][gc,phases,start] GC(125) Compaction Phase
[10.635s][info][gc,phases      ] GC(125) Compaction Phase 169.988ms
[10.636s][info][gc,phases,start] GC(125) Post Compact
[10.639s][info][gc,phases      ] GC(125) Post Compact 3.409ms
[10.640s][info][gc,heap        ] GC(125) PSYoungGen: 100128K(121856K)->49705K(121856K) Eden: 0K(21504K)->0K(21504K) From: 100128K(100352K)->49705K(100352K)
[10.640s][info][gc,heap        ] GC(125) ParOldGen: 1554122K(1603072K)->1602783K(1781248K)
[10.640s][info][gc,metaspace   ] GC(125) Metaspace: 6298K(6464K)->6298K(6464K) NonClass: 5765K(5824K)->5765K(5824K) Class: 533K(640K)->533K(640K)
[10.640s][info][gc             ] GC(125) Pause Full (Ergonomics) 1615M->1613M(1858M) 547.962ms
[10.640s][info][gc,cpu         ] GC(125) User=3.91s Sys=0.02s Real=0.55s
[10.663s][info][gc,start       ] GC(126) Pause Young (Allocation Failure)
[10.762s][info][gc,heap        ] GC(126) PSYoungGen: 71209K(121856K)->52672K(193024K) Eden: 21504K(21504K)->0K(24064K) From: 49705K(100352K)->52672K(168960K)
[10.762s][info][gc,heap        ] GC(126) ParOldGen: 1602783K(1781248K)->1621759K(1781248K)
[10.762s][info][gc,metaspace   ] GC(126) Metaspace: 6298K(6464K)->6298K(6464K) NonClass: 5765K(5824K)->5765K(5824K) Class: 533K(640K)->533K(640K)
[10.762s][info][gc             ] GC(126) Pause Young (Allocation Failure) 1634M->1635M(1928M) 99.230ms
[10.762s][info][gc,cpu         ] GC(126) User=0.61s Sys=0.02s Real=0.10s
[10.787s][info][gc,start       ] GC(127) Pause Young (Allocation Failure)
[10.827s][info][gc,heap        ] GC(127) PSYoungGen: 76736K(193024K)->76800K(100864K) Eden: 24064K(24064K)->0K(24064K) From: 52672K(168960K)->76800K(76800K)
[10.827s][info][gc,heap        ] GC(127) ParOldGen: 1621759K(1781248K)->1621759K(1781248K)
[10.827s][info][gc,metaspace   ] GC(127) Metaspace: 6298K(6464K)->6298K(6464K) NonClass: 5765K(5824K)->5765K(5824K) Class: 533K(640K)->533K(640K)
[10.827s][info][gc             ] GC(127) Pause Young (Allocation Failure) 1658M->1658M(1838M) 39.735ms
[10.827s][info][gc,cpu         ] GC(127) User=0.16s Sys=0.00s Real=0.04s
[10.852s][info][gc,start       ] GC(128) Pause Young (Allocation Failure)
[10.903s][info][gc,heap        ] GC(128) PSYoungGen: 100864K(100864K)->82752K(176640K) Eden: 24064K(24064K)->0K(27136K) From: 76800K(76800K)->82752K(149504K)
[10.903s][info][gc,heap        ] GC(128) ParOldGen: 1621759K(1781248K)->1640087K(1781248K)
[10.903s][info][gc,metaspace   ] GC(128) Metaspace: 6298K(6464K)->6298K(6464K) NonClass: 5765K(5824K)->5765K(5824K) Class: 533K(640K)->533K(640K)
[10.903s][info][gc             ] GC(128) Pause Young (Allocation Failure) 1682M->1682M(1912M) 50.323ms
[10.903s][info][gc,cpu         ] GC(128) User=0.28s Sys=0.00s Real=0.05s
[10.932s][info][gc,start       ] GC(129) Pause Young (Allocation Failure)
[10.985s][info][gc,heap        ] GC(129) PSYoungGen: 109888K(176640K)->96960K(184320K) Eden: 27136K(27136K)->0K(27136K) From: 82752K(149504K)->96960K(157184K)
[10.985s][info][gc,heap        ] GC(129) ParOldGen: 1640087K(1781248K)->1653183K(1781248K)
[10.985s][info][gc,metaspace   ] GC(129) Metaspace: 6298K(6464K)->6298K(6464K) NonClass: 5765K(5824K)->5765K(5824K) Class: 533K(640K)->533K(640K)
[10.986s][info][gc             ] GC(129) Pause Young (Allocation Failure) 1708M->1709M(1919M) 53.672ms
[10.986s][info][gc,cpu         ] GC(129) User=0.36s Sys=0.03s Real=0.05s
[11.014s][info][gc,start       ] GC(130) Pause Young (Allocation Failure)
[11.073s][info][gc,heap        ] GC(130) PSYoungGen: 124096K(184320K)->102624K(183296K) Eden: 27136K(27136K)->0K(30720K) From: 96960K(157184K)->102624K(152576K)
[11.073s][info][gc,heap        ] GC(130) ParOldGen: 1653183K(1781248K)->1674959K(1781248K)
[11.073s][info][gc,metaspace   ] GC(130) Metaspace: 6298K(6464K)->6298K(6464K) NonClass: 5765K(5824K)->5765K(5824K) Class: 533K(640K)->533K(640K)
[11.073s][info][gc             ] GC(130) Pause Young (Allocation Failure) 1735M->1735M(1918M) 58.518ms
[11.073s][info][gc,cpu         ] GC(130) User=0.38s Sys=0.00s Real=0.06s
[11.106s][info][gc,start       ] GC(131) Pause Young (Allocation Failure)
[11.170s][info][gc,heap        ] GC(131) PSYoungGen: 133344K(183296K)->85248K(116224K) Eden: 30720K(30720K)->0K(30720K) From: 102624K(152576K)->85248K(85504K)
[11.171s][info][gc,heap        ] GC(131) ParOldGen: 1674959K(1781248K)->1723703K(1781248K)
[11.171s][info][gc,metaspace   ] GC(131) Metaspace: 6298K(6464K)->6298K(6464K) NonClass: 5765K(5824K)->5765K(5824K) Class: 533K(640K)->533K(640K)
[11.171s][info][gc             ] GC(131) Pause Young (Allocation Failure) 1765M->1766M(1853M) 64.845ms
[11.171s][info][gc,cpu         ] GC(131) User=0.31s Sys=0.08s Real=0.07s
[11.171s][info][gc,start       ] GC(132) Pause Full (Ergonomics)
[11.171s][info][gc,phases,start] GC(132) Marking Phase
[11.568s][info][gc,phases      ] GC(132) Marking Phase 397.014ms
[11.568s][info][gc,phases,start] GC(132) Summary Phase
[11.568s][info][gc,phases      ] GC(132) Summary Phase 0.036ms
[11.568s][info][gc,phases,start] GC(132) Adjust Roots
[11.568s][info][gc,phases      ] GC(132) Adjust Roots 0.158ms
[11.568s][info][gc,phases,start] GC(132) Compaction Phase
[11.749s][info][gc,phases      ] GC(132) Compaction Phase 180.809ms
[11.749s][info][gc,phases,start] GC(132) Post Compact
[11.752s][info][gc,phases      ] GC(132) Post Compact 3.468ms
[11.753s][info][gc,heap        ] GC(132) PSYoungGen: 85248K(116224K)->26137K(116224K) Eden: 0K(30720K)->0K(30720K) From: 85248K(85504K)->26137K(85504K)
[11.753s][info][gc,heap        ] GC(132) ParOldGen: 1723703K(1781248K)->1780784K(1961984K)
[11.753s][info][gc,metaspace   ] GC(132) Metaspace: 6298K(6464K)->6298K(6464K) NonClass: 5765K(5824K)->5765K(5824K) Class: 533K(640K)->533K(640K)
[11.753s][info][gc             ] GC(132) Pause Full (Ergonomics) 1766M->1764M(2029M) 582.417ms
[11.753s][info][gc,cpu         ] GC(132) User=4.05s Sys=0.00s Real=0.58s
[11.785s][info][gc,start       ] GC(133) Pause Young (Allocation Failure)
[11.889s][info][gc,heap        ] GC(133) PSYoungGen: 56857K(116224K)->40384K(180224K) Eden: 30720K(30720K)->0K(32768K) From: 26137K(85504K)->40384K(147456K)
[11.889s][info][gc,heap        ] GC(133) ParOldGen: 1780784K(1961984K)->1797680K(1961984K)
[11.889s][info][gc,metaspace   ] GC(133) Metaspace: 6298K(6464K)->6298K(6464K) NonClass: 5765K(5824K)->5765K(5824K) Class: 533K(640K)->533K(640K)
[11.889s][info][gc             ] GC(133) Pause Young (Allocation Failure) 1794M->1794M(2092M) 104.359ms
[11.889s][info][gc,cpu         ] GC(133) User=0.64s Sys=0.02s Real=0.11s
[11.925s][info][gc,start       ] GC(134) Pause Young (Allocation Failure)
[11.964s][info][gc,heap        ] GC(134) PSYoungGen: 73152K(180224K)->63680K(182272K) Eden: 32768K(32768K)->0K(32768K) From: 40384K(147456K)->63680K(149504K)
[11.964s][info][gc,heap        ] GC(134) ParOldGen: 1797680K(1961984K)->1807288K(1961984K)
[11.964s][info][gc,metaspace   ] GC(134) Metaspace: 6298K(6464K)->6298K(6464K) NonClass: 5765K(5824K)->5765K(5824K) Class: 533K(640K)->533K(640K)
[11.964s][info][gc             ] GC(134) Pause Young (Allocation Failure) 1826M->1827M(2094M) 39.828ms
[11.964s][info][gc,cpu         ] GC(134) User=0.20s Sys=0.05s Real=0.04s
[12.005s][info][gc,start       ] GC(135) Pause Young (Allocation Failure)
[12.056s][info][gc,heap        ] GC(135) PSYoungGen: 96448K(182272K)->65760K(174592K) Eden: 32768K(32768K)->0K(36352K) From: 63680K(149504K)->65760K(138240K)
[12.056s][info][gc,heap        ] GC(135) ParOldGen: 1807288K(1961984K)->1838416K(1961984K)
[12.056s][info][gc,metaspace   ] GC(135) Metaspace: 6298K(6464K)->6298K(6464K) NonClass: 5765K(5824K)->5765K(5824K) Class: 533K(640K)->533K(640K)
[12.056s][info][gc             ] GC(135) Pause Young (Allocation Failure) 1859M->1859M(2086M) 50.325ms
[12.056s][info][gc,cpu         ] GC(135) User=0.28s Sys=0.00s Real=0.05s
[12.094s][info][gc,start       ] GC(136) Pause Young (Allocation Failure)
[12.148s][info][gc,heap        ] GC(136) PSYoungGen: 102112K(174592K)->69344K(105984K) Eden: 36352K(36352K)->0K(36352K) From: 65760K(138240K)->69344K(69632K)
[12.148s][info][gc,heap        ] GC(136) ParOldGen: 1838416K(1961984K)->1871632K(1961984K)
[12.148s][info][gc,metaspace   ] GC(136) Metaspace: 6298K(6464K)->6298K(6464K) NonClass: 5765K(5824K)->5765K(5824K) Class: 533K(640K)->533K(640K)
[12.148s][info][gc             ] GC(136) Pause Young (Allocation Failure) 1895M->1895M(2019M) 53.529ms
[12.148s][info][gc,cpu         ] GC(136) User=0.36s Sys=0.00s Real=0.05s
[12.191s][info][gc,start       ] GC(137) Pause Young (Allocation Failure)
[12.246s][info][gc,heap        ] GC(137) PSYoungGen: 105696K(105984K)->72896K(167936K) Eden: 36352K(36352K)->0K(40448K) From: 69344K(69632K)->72896K(127488K)
[12.246s][info][gc,heap        ] GC(137) ParOldGen: 1871632K(1961984K)->1904848K(1961984K)
[12.246s][info][gc,metaspace   ] GC(137) Metaspace: 6298K(6464K)->6298K(6464K) NonClass: 5765K(5824K)->5765K(5824K) Class: 533K(640K)->533K(640K)
[12.246s][info][gc             ] GC(137) Pause Young (Allocation Failure) 1930M->1931M(2080M) 55.344ms
[12.246s][info][gc,cpu         ] GC(137) User=0.36s Sys=0.02s Real=0.06s
[12.247s][info][gc,start       ] GC(138) Pause Full (Ergonomics)
[12.247s][info][gc,phases,start] GC(138) Marking Phase
[12.678s][info][gc,phases      ] GC(138) Marking Phase 431.380ms
[12.678s][info][gc,phases,start] GC(138) Summary Phase
[12.678s][info][gc,phases      ] GC(138) Summary Phase 0.035ms
[12.678s][info][gc,phases,start] GC(138) Adjust Roots
[12.678s][info][gc,phases      ] GC(138) Adjust Roots 0.202ms
[12.678s][info][gc,phases,start] GC(138) Compaction Phase
[12.855s][info][gc,phases      ] GC(138) Compaction Phase 176.404ms
[12.855s][info][gc,phases,start] GC(138) Post Compact
[12.859s][info][gc,phases      ] GC(138) Post Compact 3.978ms
[12.860s][info][gc,heap        ] GC(138) PSYoungGen: 72896K(167936K)->13889K(172544K) Eden: 0K(40448K)->0K(45056K) From: 72896K(127488K)->13889K(127488K)
[12.860s][info][gc,heap        ] GC(138) ParOldGen: 1904848K(1961984K)->1961822K(2153472K)
[12.860s][info][gc,metaspace   ] GC(138) Metaspace: 6298K(6464K)->6298K(6464K) NonClass: 5765K(5824K)->5765K(5824K) Class: 533K(640K)->533K(640K)
[12.860s][info][gc             ] GC(138) Pause Full (Ergonomics) 1931M->1929M(2271M) 613.227ms
[12.860s][info][gc,cpu         ] GC(138) User=4.56s Sys=0.00s Real=0.61s
[12.919s][info][gc,start       ] GC(139) Pause Young (Allocation Failure)
[13.038s][info][gc,heap        ] GC(139) PSYoungGen: 58945K(172544K)->52448K(177664K) Eden: 45056K(45056K)->0K(45056K) From: 13889K(127488K)->52448K(132608K)
[13.038s][info][gc,heap        ] GC(139) ParOldGen: 1961822K(2153472K)->1968606K(2153472K)
[13.038s][info][gc,metaspace   ] GC(139) Metaspace: 6298K(6464K)->6298K(6464K) NonClass: 5765K(5824K)->5765K(5824K) Class: 533K(640K)->533K(640K)
[13.038s][info][gc             ] GC(139) Pause Young (Allocation Failure) 1973M->1973M(2276M) 119.284ms
[13.038s][info][gc,cpu         ] GC(139) User=0.92s Sys=0.00s Real=0.12s
[13.087s][info][gc,start       ] GC(140) Pause Young (Allocation Failure)
[13.141s][info][gc,heap        ] GC(140) PSYoungGen: 97504K(177664K)->97600K(178688K) Eden: 45056K(45056K)->0K(47104K) From: 52448K(132608K)->97600K(131584K)
[13.141s][info][gc,heap        ] GC(140) ParOldGen: 1968606K(2153472K)->1968606K(2153472K)
[13.141s][info][gc,metaspace   ] GC(140) Metaspace: 6298K(6464K)->6298K(6464K) NonClass: 5765K(5824K)->5765K(5824K) Class: 533K(640K)->533K(640K)
[13.141s][info][gc             ] GC(140) Pause Young (Allocation Failure) 2017M->2017M(2277M) 53.601ms
[13.141s][info][gc,cpu         ] GC(140) User=0.30s Sys=0.02s Real=0.05s
[13.191s][info][gc,start       ] GC(141) Pause Young (Allocation Failure)
[13.266s][info][gc,heap        ] GC(141) PSYoungGen: 144704K(178688K)->134144K(181248K) Eden: 47104K(47104K)->0K(47104K) From: 97600K(131584K)->134144K(134144K)
[13.266s][info][gc,heap        ] GC(141) ParOldGen: 1968606K(2153472K)->1979270K(2153472K)
[13.266s][info][gc,metaspace   ] GC(141) Metaspace: 6298K(6464K)->6298K(6464K) NonClass: 5765K(5824K)->5765K(5824K) Class: 533K(640K)->533K(640K)
[13.266s][info][gc             ] GC(141) Pause Young (Allocation Failure) 2063M->2063M(2280M) 75.157ms
[13.266s][info][gc,cpu         ] GC(141) User=0.52s Sys=0.00s Real=0.08s
[13.318s][info][gc,start       ] GC(142) Pause Young (Allocation Failure)
[13.421s][info][gc,heap        ] GC(142) PSYoungGen: 181248K(181248K)->134144K(194560K) Eden: 47104K(47104K)->0K(40960K) From: 134144K(134144K)->134144K(153600K)
[13.421s][info][gc,heap        ] GC(142) ParOldGen: 1979270K(2153472K)->2027174K(2153472K)
[13.421s][info][gc,metaspace   ] GC(142) Metaspace: 6298K(6464K)->6298K(6464K) NonClass: 5765K(5824K)->5765K(5824K) Class: 533K(640K)->533K(640K)
[13.421s][info][gc             ] GC(142) Pause Young (Allocation Failure) 2109M->2110M(2293M) 102.535ms
[13.421s][info][gc,cpu         ] GC(142) User=0.75s Sys=0.00s Real=0.10s
[13.467s][info][gc,start       ] GC(143) Pause Young (Allocation Failure)
[13.564s][info][gc,heap        ] GC(143) PSYoungGen: 175104K(194560K)->132864K(205824K) Eden: 40960K(40960K)->0K(40960K) From: 134144K(153600K)->132864K(164864K)
[13.564s][info][gc,heap        ] GC(143) ParOldGen: 2027174K(2153472K)->2069974K(2153472K)
[13.564s][info][gc,metaspace   ] GC(143) Metaspace: 6298K(6464K)->6298K(6464K) NonClass: 5765K(5824K)->5765K(5824K) Class: 533K(640K)->533K(640K)
[13.564s][info][gc             ] GC(143) Pause Young (Allocation Failure) 2150M->2151M(2304M) 96.942ms
[13.564s][info][gc,cpu         ] GC(143) User=0.61s Sys=0.05s Real=0.10s
[13.619s][info][gc,start       ] GC(144) Pause Young (Allocation Failure)
[13.715s][info][gc,heap        ] GC(144) PSYoungGen: 173824K(205824K)->129344K(214528K) Eden: 40960K(40960K)->0K(40960K) From: 132864K(164864K)->129344K(173568K)
[13.715s][info][gc,heap        ] GC(144) ParOldGen: 2069974K(2153472K)->2115030K(2153472K)
[13.715s][info][gc,metaspace   ] GC(144) Metaspace: 6298K(6464K)->6298K(6464K) NonClass: 5765K(5824K)->5765K(5824K) Class: 533K(640K)->533K(640K)
[13.715s][info][gc             ] GC(144) Pause Young (Allocation Failure) 2191M->2191M(2312M) 95.965ms
[13.715s][info][gc,cpu         ] GC(144) User=0.62s Sys=0.02s Real=0.10s
[13.715s][info][gc,start       ] GC(145) Pause Full (Ergonomics)
[13.715s][info][gc,phases,start] GC(145) Marking Phase
[14.200s][info][gc,phases      ] GC(145) Marking Phase 485.528ms
[14.200s][info][gc,phases,start] GC(145) Summary Phase
[14.200s][info][gc,phases      ] GC(145) Summary Phase 0.044ms
[14.200s][info][gc,phases,start] GC(145) Adjust Roots
[14.201s][info][gc,phases      ] GC(145) Adjust Roots 0.186ms
[14.201s][info][gc,phases,start] GC(145) Compaction Phase
[14.397s][info][gc,phases      ] GC(145) Compaction Phase 196.442ms
[14.397s][info][gc,phases,start] GC(145) Post Compact
[14.401s][info][gc,phases      ] GC(145) Post Compact 4.372ms
[14.402s][info][gc,heap        ] GC(145) PSYoungGen: 129344K(214528K)->88557K(214528K) Eden: 0K(40960K)->0K(40960K) From: 129344K(173568K)->88557K(173568K)
[14.402s][info][gc,heap        ] GC(145) ParOldGen: 2115030K(2153472K)->2153201K(2368512K)
[14.402s][info][gc,metaspace   ] GC(145) Metaspace: 6298K(6464K)->6298K(6464K) NonClass: 5765K(5824K)->5765K(5824K) Class: 533K(640K)->533K(640K)
[14.402s][info][gc             ] GC(145) Pause Full (Ergonomics) 2191M->2189M(2522M) 687.617ms
[14.402s][info][gc,cpu         ] GC(145) User=5.17s Sys=0.02s Real=0.69s
[14.452s][info][gc,start       ] GC(146) Pause Young (Allocation Failure)
[14.617s][info][gc,heap        ] GC(146) PSYoungGen: 129517K(214528K)->94720K(135680K) Eden: 40960K(40960K)->0K(40960K) From: 88557K(173568K)->94720K(94720K)
[14.617s][info][gc,heap        ] GC(146) ParOldGen: 2153201K(2368512K)->2188809K(2368512K)
[14.617s][info][gc,metaspace   ] GC(146) Metaspace: 6298K(6464K)->6298K(6464K) NonClass: 5765K(5824K)->5765K(5824K) Class: 533K(640K)->533K(640K)
[14.617s][info][gc             ] GC(146) Pause Young (Allocation Failure) 2229M->2230M(2445M) 164.947ms
[14.617s][info][gc,cpu         ] GC(146) User=1.05s Sys=0.05s Real=0.16s
[14.665s][info][gc,start       ] GC(147) Pause Young (Allocation Failure)
[14.742s][info][gc,heap        ] GC(147) PSYoungGen: 135680K(135680K)->106624K(209920K) Eden: 40960K(40960K)->0K(45568K) From: 94720K(94720K)->106624K(164352K)
[14.742s][info][gc,heap        ] GC(147) ParOldGen: 2188809K(2368512K)->2218225K(2368512K)
[14.742s][info][gc,metaspace   ] GC(147) Metaspace: 6298K(6464K)->6298K(6464K) NonClass: 5765K(5824K)->5765K(5824K) Class: 533K(640K)->533K(640K)
[14.742s][info][gc             ] GC(147) Pause Young (Allocation Failure) 2270M->2270M(2518M) 77.195ms
[14.742s][info][gc,cpu         ] GC(147) User=0.50s Sys=0.02s Real=0.08s
[14.793s][info][gc,start       ] GC(148) Pause Young (Allocation Failure)
[14.875s][info][gc,heap        ] GC(148) PSYoungGen: 152192K(209920K)->127840K(212992K) Eden: 45568K(45568K)->0K(45568K) From: 106624K(164352K)->127840K(167424K)
[14.875s][info][gc,heap        ] GC(148) ParOldGen: 2218225K(2368512K)->2242993K(2368512K)
[14.875s][info][gc,metaspace   ] GC(148) Metaspace: 6298K(6464K)->6298K(6464K) NonClass: 5765K(5824K)->5765K(5824K) Class: 533K(640K)->533K(640K)
[14.875s][info][gc             ] GC(148) Pause Young (Allocation Failure) 2314M->2315M(2521M) 82.305ms
[14.875s][info][gc,cpu         ] GC(148) User=0.52s Sys=0.00s Real=0.08s
[14.933s][info][gc,start       ] GC(149) Pause Young (Allocation Failure)
[15.029s][info][gc,heap        ] GC(149) PSYoungGen: 173408K(212992K)->132416K(217600K) Eden: 45568K(45568K)->0K(46080K) From: 127840K(167424K)->132416K(171520K)
[15.029s][info][gc,heap        ] GC(149) ParOldGen: 2242993K(2368512K)->2284361K(2368512K)
[15.029s][info][gc,metaspace   ] GC(149) Metaspace: 6298K(6464K)->6298K(6464K) NonClass: 5765K(5824K)->5765K(5824K) Class: 533K(640K)->533K(640K)
[15.029s][info][gc             ] GC(149) Pause Young (Allocation Failure) 2359M->2360M(2525M) 96.011ms
[15.029s][info][gc,cpu         ] GC(149) User=0.61s Sys=0.05s Real=0.10s
[15.086s][info][gc,start       ] GC(150) Pause Young (Allocation Failure)
[15.186s][info][gc,heap        ] GC(150) PSYoungGen: 178496K(217600K)->137536K(222208K) Eden: 46080K(46080K)->0K(46080K) From: 132416K(171520K)->137536K(176128K)
[15.186s][info][gc,heap        ] GC(150) ParOldGen: 2284361K(2368512K)->2325689K(2368512K)
[15.186s][info][gc,metaspace   ] GC(150) Metaspace: 6298K(6464K)->6298K(6464K) NonClass: 5765K(5824K)->5765K(5824K) Class: 533K(640K)->533K(640K)
[15.186s][info][gc             ] GC(150) Pause Young (Allocation Failure) 2405M->2405M(2530M) 99.656ms
[15.186s][info][gc,cpu         ] GC(150) User=0.64s Sys=0.00s Real=0.10s
[15.186s][info][gc,start       ] GC(151) Pause Full (Ergonomics)
[15.186s][info][gc,phases,start] GC(151) Marking Phase
[15.714s][info][gc,phases      ] GC(151) Marking Phase 527.703ms
[15.714s][info][gc,phases,start] GC(151) Summary Phase
[15.714s][info][gc,phases      ] GC(151) Summary Phase 0.043ms
[15.714s][info][gc,phases,start] GC(151) Adjust Roots
[15.714s][info][gc,phases      ] GC(151) Adjust Roots 0.162ms
[15.714s][info][gc,phases,start] GC(151) Compaction Phase
[15.928s][info][gc,phases      ] GC(151) Compaction Phase 214.088ms
[15.928s][info][gc,phases,start] GC(151) Post Compact
[15.933s][info][gc,phases      ] GC(151) Post Compact 4.753ms
[15.934s][info][gc,heap        ] GC(151) PSYoungGen: 137536K(222208K)->92657K(222208K) Eden: 0K(46080K)->0K(46080K) From: 137536K(176128K)->92657K(176128K)
[15.934s][info][gc,heap        ] GC(151) ParOldGen: 2325689K(2368512K)->2368083K(2594816K)
[15.934s][info][gc,metaspace   ] GC(151) Metaspace: 6298K(6464K)->6298K(6464K) NonClass: 5765K(5824K)->5765K(5824K) Class: 533K(640K)->533K(640K)
[15.934s][info][gc             ] GC(151) Pause Full (Ergonomics) 2405M->2403M(2751M) 747.874ms
[15.934s][info][gc,cpu         ] GC(151) User=5.61s Sys=0.03s Real=0.75s
[15.996s][info][gc,start       ] GC(152) Pause Young (Allocation Failure)
[16.174s][info][gc,heap        ] GC(152) PSYoungGen: 138737K(222208K)->77792K(226816K) Eden: 46080K(46080K)->0K(50688K) From: 92657K(176128K)->77792K(176128K)
[16.174s][info][gc,heap        ] GC(152) ParOldGen: 2368083K(2594816K)->2429883K(2594816K)
[16.174s][info][gc,metaspace   ] GC(152) Metaspace: 6298K(6464K)->6298K(6464K) NonClass: 5765K(5824K)->5765K(5824K) Class: 533K(640K)->533K(640K)
[16.174s][info][gc             ] GC(152) Pause Young (Allocation Failure) 2448M->2448M(2755M) 178.172ms
[16.174s][info][gc,cpu         ] GC(152) User=1.19s Sys=0.06s Real=0.18s
[16.232s][info][gc,start       ] GC(153) Pause Young (Allocation Failure)
[16.311s][info][gc,heap        ] GC(153) PSYoungGen: 128480K(226816K)->97088K(147968K) Eden: 50688K(50688K)->0K(50688K) From: 77792K(176128K)->97088K(97280K)
[16.311s][info][gc,heap        ] GC(153) ParOldGen: 2429883K(2594816K)->2461667K(2594816K)
[16.311s][info][gc,metaspace   ] GC(153) Metaspace: 6298K(6464K)->6298K(6464K) NonClass: 5765K(5824K)->5765K(5824K) Class: 533K(640K)->533K(640K)
[16.311s][info][gc             ] GC(153) Pause Young (Allocation Failure) 2498M->2498M(2678M) 78.844ms
[16.311s][info][gc,cpu         ] GC(153) User=0.50s Sys=0.12s Real=0.08s
[16.370s][info][gc,start       ] GC(154) Pause Young (Allocation Failure)
[16.462s][info][gc,heap        ] GC(154) PSYoungGen: 147776K(147968K)->101696K(216064K) Eden: 50688K(50688K)->0K(56320K) From: 97088K(97280K)->101696K(159744K)
[16.462s][info][gc,heap        ] GC(154) ParOldGen: 2461667K(2594816K)->2508155K(2594816K)
[16.462s][info][gc,metaspace   ] GC(154) Metaspace: 6298K(6464K)->6298K(6464K) NonClass: 5765K(5824K)->5765K(5824K) Class: 533K(640K)->533K(640K)
[16.462s][info][gc             ] GC(154) Pause Young (Allocation Failure) 2548M->2548M(2745M) 91.960ms
[16.462s][info][gc,cpu         ] GC(154) User=0.53s Sys=0.11s Real=0.09s
[16.533s][info][gc,start       ] GC(155) Pause Young (Allocation Failure)
[16.632s][info][gc,heap        ] GC(155) PSYoungGen: 158016K(216064K)->107328K(222720K) Eden: 56320K(56320K)->0K(56320K) From: 101696K(159744K)->107328K(166400K)
[16.632s][info][gc,heap        ] GC(155) ParOldGen: 2508155K(2594816K)->2559299K(2594816K)
[16.632s][info][gc,metaspace   ] GC(155) Metaspace: 6298K(6464K)->6298K(6464K) NonClass: 5765K(5824K)->5765K(5824K) Class: 533K(640K)->533K(640K)
[16.632s][info][gc             ] GC(155) Pause Young (Allocation Failure) 2603M->2604M(2751M) 99.966ms
[16.633s][info][gc,cpu         ] GC(155) User=0.50s Sys=0.16s Real=0.10s
[16.633s][info][gc,start       ] GC(156) Pause Full (Ergonomics)
[16.633s][info][gc,phases,start] GC(156) Marking Phase
[17.255s][info][gc,phases      ] GC(156) Marking Phase 622.000ms
[17.255s][info][gc,phases,start] GC(156) Summary Phase
[17.255s][info][gc,phases      ] GC(156) Summary Phase 0.058ms
[17.255s][info][gc,phases,start] GC(156) Adjust Roots
[17.255s][info][gc,phases      ] GC(156) Adjust Roots 0.160ms
[17.255s][info][gc,phases,start] GC(156) Compaction Phase
[17.479s][info][gc,phases      ] GC(156) Compaction Phase 224.408ms
[17.479s][info][gc,phases,start] GC(156) Post Compact
[17.484s][info][gc,phases      ] GC(156) Post Compact 4.495ms
[17.486s][info][gc,heap        ] GC(156) PSYoungGen: 107328K(222720K)->69636K(222720K) Eden: 0K(56320K)->0K(56320K) From: 107328K(166400K)->69636K(166400K)
[17.486s][info][gc,heap        ] GC(156) ParOldGen: 2559299K(2594816K)->2594761K(2847744K)
[17.486s][info][gc,metaspace   ] GC(156) Metaspace: 6298K(6464K)->6298K(6464K) NonClass: 5765K(5824K)->5765K(5824K) Class: 533K(640K)->533K(640K)
[17.486s][info][gc             ] GC(156) Pause Full (Ergonomics) 2604M->2601M(2998M) 853.267ms
[17.486s][info][gc,cpu         ] GC(156) User=6.45s Sys=0.05s Real=0.85s
[17.557s][info][gc,start       ] GC(157) Pause Young (Allocation Failure)
[17.736s][info][gc,heap        ] GC(157) PSYoungGen: 125956K(222720K)->91616K(215552K) Eden: 56320K(56320K)->0K(61952K) From: 69636K(166400K)->91616K(153600K)
[17.736s][info][gc,heap        ] GC(157) ParOldGen: 2594761K(2847744K)->2629761K(2847744K)
[17.736s][info][gc,metaspace   ] GC(157) Metaspace: 6298K(6464K)->6298K(6464K) NonClass: 5765K(5824K)->5765K(5824K) Class: 533K(640K)->533K(640K)
[17.736s][info][gc             ] GC(157) Pause Young (Allocation Failure) 2656M->2657M(2991M) 179.054ms
[17.736s][info][gc,cpu         ] GC(157) User=1.11s Sys=0.05s Real=0.18s
[17.805s][info][gc,start       ] GC(158) Pause Young (Allocation Failure)
[17.898s][info][gc,heap        ] GC(158) PSYoungGen: 153568K(215552K)->153664K(219648K) Eden: 61952K(61952K)->0K(61952K) From: 91616K(153600K)->153664K(157696K)
[17.898s][info][gc,heap        ] GC(158) ParOldGen: 2629761K(2847744K)->2629761K(2847744K)
[17.898s][info][gc,metaspace   ] GC(158) Metaspace: 6298K(6464K)->6298K(6464K) NonClass: 5765K(5824K)->5765K(5824K) Class: 533K(640K)->533K(640K)
[17.898s][info][gc             ] GC(158) Pause Young (Allocation Failure) 2718M->2718M(2995M) 92.931ms
[17.898s][info][gc,cpu         ] GC(158) User=0.64s Sys=0.00s Real=0.09s
[18.543s][info][gc,start       ] GC(159) Pause Young (Allocation Failure)
[18.737s][info][gc,heap        ] GC(159) PSYoungGen: 215616K(219648K)->171008K(205824K) Eden: 61952K(61952K)->0K(34816K) From: 153664K(157696K)->171008K(171008K)
[18.737s][info][gc,heap        ] GC(159) ParOldGen: 2760833K(2847744K)->2805769K(2847744K)
[18.737s][info][gc,metaspace   ] GC(159) Metaspace: 6298K(6464K)->6298K(6464K) NonClass: 5765K(5824K)->5765K(5824K) Class: 533K(640K)->533K(640K)
[18.737s][info][gc             ] GC(159) Pause Young (Allocation Failure) 2906M->2907M(2982M) 194.125ms
[18.738s][info][gc,cpu         ] GC(159) User=1.14s Sys=0.41s Real=0.19s
[18.738s][info][gc,start       ] GC(160) Pause Full (Ergonomics)
[18.738s][info][gc,phases,start] GC(160) Marking Phase
[19.388s][info][gc,phases      ] GC(160) Marking Phase 650.460ms
[19.388s][info][gc,phases,start] GC(160) Summary Phase
[19.388s][info][gc,phases      ] GC(160) Summary Phase 0.066ms
[19.388s][info][gc,phases,start] GC(160) Adjust Roots
[19.388s][info][gc,phases      ] GC(160) Adjust Roots 0.201ms
[19.388s][info][gc,phases,start] GC(160) Compaction Phase
[19.850s][info][gc,phases      ] GC(160) Compaction Phase 462.027ms
[19.851s][info][gc,phases,start] GC(160) Post Compact
[19.858s][info][gc,phases      ] GC(160) Post Compact 7.209ms
[19.860s][info][gc,heap        ] GC(160) PSYoungGen: 171008K(205824K)->62831K(205824K) Eden: 0K(34816K)->0K(34816K) From: 171008K(171008K)->62831K(171008K)
[19.860s][info][gc,heap        ] GC(160) ParOldGen: 2805769K(2847744K)->2847235K(3114496K)
[19.860s][info][gc,metaspace   ] GC(160) Metaspace: 6298K(6464K)->6298K(6464K) NonClass: 5765K(5824K)->5765K(5824K) Class: 533K(640K)->533K(640K)
[19.860s][info][gc             ] GC(160) Pause Full (Ergonomics) 2907M->2841M(3242M) 1122.248ms
[19.860s][info][gc,cpu         ] GC(160) User=7.66s Sys=0.06s Real=1.12s
[19.902s][info][gc,start       ] GC(161) Pause Young (Allocation Failure)
[20.077s][info][gc,heap        ] GC(161) PSYoungGen: 97647K(205824K)->59328K(239616K) Eden: 34816K(34816K)->0K(34816K) From: 62831K(171008K)->59328K(204800K)
[20.077s][info][gc,heap        ] GC(161) ParOldGen: 2847235K(3114496K)->2886123K(3114496K)
[20.077s][info][gc,metaspace   ] GC(161) Metaspace: 6298K(6464K)->6298K(6464K) NonClass: 5765K(5824K)->5765K(5824K) Class: 533K(640K)->533K(640K)
[20.077s][info][gc             ] GC(161) Pause Young (Allocation Failure) 2875M->2876M(3275M) 175.052ms
[20.077s][info][gc,cpu         ] GC(161) User=1.19s Sys=0.11s Real=0.17s
[20.113s][info][gc,start       ] GC(162) Pause Young (Allocation Failure)
[20.173s][info][gc,heap        ] GC(162) PSYoungGen: 94144K(239616K)->94272K(232960K) Eden: 34816K(34816K)->0K(38400K) From: 59328K(204800K)->94272K(194560K)
[20.173s][info][gc,heap        ] GC(162) ParOldGen: 2886123K(3114496K)->2886123K(3114496K)
[20.173s][info][gc,metaspace   ] GC(162) Metaspace: 6298K(6464K)->6298K(6464K) NonClass: 5765K(5824K)->5765K(5824K) Class: 533K(640K)->533K(640K)
[20.173s][info][gc             ] GC(162) Pause Young (Allocation Failure) 2910M->2910M(3269M) 60.678ms
[20.173s][info][gc,cpu         ] GC(162) User=0.17s Sys=0.00s Real=0.06s
[20.214s][info][gc,start       ] GC(163) Pause Young (Allocation Failure)
[20.284s][info][gc,heap        ] GC(163) PSYoungGen: 132672K(232960K)->132608K(238592K) Eden: 38400K(38400K)->0K(38400K) From: 94272K(194560K)->132608K(200192K)
[20.284s][info][gc,heap        ] GC(163) ParOldGen: 2886123K(3114496K)->2886123K(3114496K)
[20.284s][info][gc,metaspace   ] GC(163) Metaspace: 6298K(6464K)->6298K(6464K) NonClass: 5765K(5824K)->5765K(5824K) Class: 533K(640K)->533K(640K)
[20.284s][info][gc             ] GC(163) Pause Young (Allocation Failure) 2948M->2947M(3274M) 70.369ms
[20.284s][info][gc,cpu         ] GC(163) User=0.31s Sys=0.00s Real=0.07s
[20.324s][info][gc,start       ] GC(164) Pause Young (Allocation Failure)
[20.415s][info][gc,heap        ] GC(164) PSYoungGen: 171008K(238592K)->146720K(237568K) Eden: 38400K(38400K)->0K(38400K) From: 132608K(200192K)->146720K(199168K)
[20.415s][info][gc,heap        ] GC(164) ParOldGen: 2886123K(3114496K)->2910707K(3114496K)
[20.415s][info][gc,metaspace   ] GC(164) Metaspace: 6298K(6464K)->6298K(6464K) NonClass: 5765K(5824K)->5765K(5824K) Class: 533K(640K)->533K(640K)
[20.415s][info][gc             ] GC(164) Pause Young (Allocation Failure) 2985M->2985M(3273M) 91.069ms
[20.415s][info][gc,cpu         ] GC(164) User=0.44s Sys=0.11s Real=0.09s
[20.453s][info][gc,start       ] GC(165) Pause Young (Allocation Failure)
[20.550s][info][gc,heap        ] GC(165) PSYoungGen: 185120K(237568K)->150336K(241664K) Eden: 38400K(38400K)->0K(38400K) From: 146720K(199168K)->150336K(203264K)
[20.550s][info][gc,heap        ] GC(165) ParOldGen: 2910707K(3114496K)->2945827K(3114496K)
[20.550s][info][gc,metaspace   ] GC(165) Metaspace: 6298K(6464K)->6298K(6464K) NonClass: 5765K(5824K)->5765K(5824K) Class: 533K(640K)->533K(640K)
[20.550s][info][gc             ] GC(165) Pause Young (Allocation Failure) 3023M->3023M(3277M) 97.216ms
[20.550s][info][gc,cpu         ] GC(165) User=0.39s Sys=0.14s Real=0.10s
[20.585s][info][gc,start       ] GC(166) Pause Young (Allocation Failure)
[20.703s][info][gc,heap        ] GC(166) PSYoungGen: 188736K(241664K)->115488K(235520K) Eden: 38400K(38400K)->0K(43520K) From: 150336K(203264K)->115488K(192000K)
[20.703s][info][gc,heap        ] GC(166) ParOldGen: 2945827K(3114496K)->3019667K(3114496K)
[20.703s][info][gc,metaspace   ] GC(166) Metaspace: 6298K(6464K)->6298K(6464K) NonClass: 5765K(5824K)->5765K(5824K) Class: 533K(640K)->533K(640K)
[20.703s][info][gc             ] GC(166) Pause Young (Allocation Failure) 3061M->3061M(3271M) 118.098ms
[20.703s][info][gc,cpu         ] GC(166) User=0.78s Sys=0.11s Real=0.12s
[20.750s][info][gc,start       ] GC(167) Pause Young (Allocation Failure)
[20.851s][info][gc,heap        ] GC(167) PSYoungGen: 159008K(235520K)->82176K(242688K) Eden: 43520K(43520K)->0K(43520K) From: 115488K(192000K)->82176K(199168K)
[20.851s][info][gc,heap        ] GC(167) ParOldGen: 3019667K(3114496K)->3097131K(3114496K)
[20.851s][info][gc,metaspace   ] GC(167) Metaspace: 6298K(6464K)->6298K(6464K) NonClass: 5765K(5824K)->5765K(5824K) Class: 533K(640K)->533K(640K)
[20.851s][info][gc             ] GC(167) Pause Young (Allocation Failure) 3104M->3104M(3278M) 100.713ms
[20.851s][info][gc,cpu         ] GC(167) User=0.44s Sys=0.31s Real=0.10s
[20.851s][info][gc,start       ] GC(168) Pause Full (Ergonomics)
[20.851s][info][gc,phases,start] GC(168) Marking Phase
[21.567s][info][gc,phases      ] GC(168) Marking Phase 716.027ms
[21.567s][info][gc,phases,start] GC(168) Summary Phase
[21.567s][info][gc,phases      ] GC(168) Summary Phase 0.047ms
[21.567s][info][gc,phases,start] GC(168) Adjust Roots
[21.567s][info][gc,phases      ] GC(168) Adjust Roots 0.178ms
[21.567s][info][gc,phases,start] GC(168) Compaction Phase
[21.895s][info][gc,phases      ] GC(168) Compaction Phase 328.139ms
[21.895s][info][gc,phases,start] GC(168) Post Compact
[21.901s][info][gc,phases      ] GC(168) Post Compact 5.839ms
[21.904s][info][gc,heap        ] GC(168) PSYoungGen: 82176K(242688K)->62434K(242688K) Eden: 0K(43520K)->0K(43520K) From: 82176K(199168K)->62434K(199168K)
[21.904s][info][gc,heap        ] GC(168) ParOldGen: 3097131K(3114496K)->3114163K(3418112K)
[21.904s][info][gc,metaspace   ] GC(168) Metaspace: 6298K(6464K)->6298K(6464K) NonClass: 5765K(5824K)->5765K(5824K) Class: 533K(640K)->533K(640K)
[21.904s][info][gc             ] GC(168) Pause Full (Ergonomics) 3104M->3102M(3575M) 1053.219ms
[21.904s][info][gc,cpu         ] GC(168) User=7.31s Sys=0.12s Real=1.05s
[21.951s][info][gc,start       ] GC(169) Pause Young (Allocation Failure)
[22.145s][info][gc,heap        ] GC(169) PSYoungGen: 105954K(242688K)->43680K(242688K) Eden: 43520K(43520K)->0K(45056K) From: 62434K(199168K)->43680K(197632K)
[22.145s][info][gc,heap        ] GC(169) ParOldGen: 3114163K(3418112K)->3177195K(3418112K)
[22.145s][info][gc,metaspace   ] GC(169) Metaspace: 6298K(6464K)->6298K(6464K) NonClass: 5765K(5824K)->5765K(5824K) Class: 533K(640K)->533K(640K)
[22.145s][info][gc             ] GC(169) Pause Young (Allocation Failure) 3144M->3145M(3575M) 193.640ms
[22.145s][info][gc,cpu         ] GC(169) User=1.30s Sys=0.19s Real=0.19s
[22.190s][info][gc,start       ] GC(170) Pause Young (Allocation Failure)
[22.260s][info][gc,heap        ] GC(170) PSYoungGen: 88736K(242688K)->45216K(246784K) Eden: 45056K(45056K)->0K(45056K) From: 43680K(197632K)->45216K(201728K)
[22.260s][info][gc,heap        ] GC(170) ParOldGen: 3177195K(3418112K)->3221107K(3418112K)
[22.260s][info][gc,metaspace   ] GC(170) Metaspace: 6298K(6464K)->6298K(6464K) NonClass: 5765K(5824K)->5765K(5824K) Class: 533K(640K)->533K(640K)
[22.260s][info][gc             ] GC(170) Pause Young (Allocation Failure) 3189M->3189M(3579M) 70.383ms
[22.260s][info][gc,cpu         ] GC(170) User=0.16s Sys=0.14s Real=0.07s
[22.304s][info][gc,start       ] GC(171) Pause Young (Allocation Failure)
[22.368s][info][gc,heap        ] GC(171) PSYoungGen: 90272K(246784K)->45184K(252928K) Eden: 45056K(45056K)->0K(50176K) From: 45216K(201728K)->45184K(202752K)
[22.368s][info][gc,heap        ] GC(171) ParOldGen: 3221107K(3418112K)->3266587K(3418112K)
[22.368s][info][gc,metaspace   ] GC(171) Metaspace: 6298K(6464K)->6298K(6464K) NonClass: 5765K(5824K)->5765K(5824K) Class: 533K(640K)->533K(640K)
[22.369s][info][gc             ] GC(171) Pause Young (Allocation Failure) 3233M->3234M(3585M) 64.681ms
[22.369s][info][gc,cpu         ] GC(171) User=0.36s Sys=0.05s Real=0.06s
[22.419s][info][gc,start       ] GC(172) Pause Young (Allocation Failure)
[22.486s][info][gc,heap        ] GC(172) PSYoungGen: 95360K(252928K)->50432K(252928K) Eden: 50176K(50176K)->0K(50176K) From: 45184K(202752K)->50432K(202752K)
[22.486s][info][gc,heap        ] GC(172) ParOldGen: 3266587K(3418112K)->3312051K(3418112K)
[22.487s][info][gc,metaspace   ] GC(172) Metaspace: 6298K(6464K)->6298K(6464K) NonClass: 5765K(5824K)->5765K(5824K) Class: 533K(640K)->533K(640K)
[22.487s][info][gc             ] GC(172) Pause Young (Allocation Failure) 3283M->3283M(3585M) 67.571ms
[22.487s][info][gc,cpu         ] GC(172) User=0.52s Sys=0.11s Real=0.07s
[22.540s][info][gc,start       ] GC(173) Pause Young (Allocation Failure)
[22.616s][info][gc,heap        ] GC(173) PSYoungGen: 100608K(252928K)->50336K(248832K) Eden: 50176K(50176K)->0K(56320K) From: 50432K(202752K)->50336K(192512K)
[22.616s][info][gc,heap        ] GC(173) ParOldGen: 3312051K(3418112K)->3362675K(3418112K)
[22.616s][info][gc,metaspace   ] GC(173) Metaspace: 6298K(6464K)->6298K(6464K) NonClass: 5765K(5824K)->5765K(5824K) Class: 533K(640K)->533K(640K)
[22.616s][info][gc             ] GC(173) Pause Young (Allocation Failure) 3332M->3333M(3581M) 75.601ms
[22.616s][info][gc,cpu         ] GC(173) User=0.36s Sys=0.06s Real=0.08s
[22.616s][info][gc,start       ] GC(174) Pause Full (Ergonomics)
[22.616s][info][gc,phases,start] GC(174) Marking Phase
[23.375s][info][gc,phases      ] GC(174) Marking Phase 759.354ms
[23.376s][info][gc,phases,start] GC(174) Summary Phase
[23.376s][info][gc,phases      ] GC(174) Summary Phase 0.071ms
[23.376s][info][gc,phases,start] GC(174) Adjust Roots
[23.376s][info][gc,phases      ] GC(174) Adjust Roots 0.160ms
[23.376s][info][gc,phases,start] GC(174) Compaction Phase
[23.703s][info][gc,phases      ] GC(174) Compaction Phase 327.384ms
[23.703s][info][gc,phases,start] GC(174) Post Compact
[23.709s][info][gc,phases      ] GC(174) Post Compact 6.229ms
[23.712s][info][gc,heap        ] GC(174) PSYoungGen: 50336K(248832K)->0K(252416K) Eden: 0K(56320K)->0K(56320K) From: 50336K(192512K)->0K(196096K)
[23.712s][info][gc,heap        ] GC(174) ParOldGen: 3362675K(3418112K)->3410424K(3734016K)
[23.712s][info][gc,metaspace   ] GC(174) Metaspace: 6298K(6464K)->6298K(6464K) NonClass: 5765K(5824K)->5765K(5824K) Class: 533K(640K)->533K(640K)
[23.712s][info][gc             ] GC(174) Pause Full (Ergonomics) 3333M->3330M(3893M) 1096.187ms
[23.712s][info][gc,cpu         ] GC(174) User=7.91s Sys=0.09s Real=1.10s
[23.773s][info][gc,start       ] GC(175) Pause Young (Allocation Failure)
[23.819s][info][gc,heap        ] GC(175) PSYoungGen: 56320K(252416K)->56576K(244736K) Eden: 56320K(56320K)->0K(61440K) From: 0K(196096K)->56576K(183296K)
[23.819s][info][gc,heap        ] GC(175) ParOldGen: 3410424K(3734016K)->3410424K(3734016K)
[23.819s][info][gc,metaspace   ] GC(175) Metaspace: 6298K(6464K)->6298K(6464K) NonClass: 5765K(5824K)->5765K(5824K) Class: 533K(640K)->533K(640K)
[23.819s][info][gc             ] GC(175) Pause Young (Allocation Failure) 3385M->3385M(3885M) 45.462ms
[23.819s][info][gc,cpu         ] GC(175) User=0.19s Sys=0.00s Real=0.05s
[23.875s][info][gc,start       ] GC(176) Pause Young (Allocation Failure)
[23.940s][info][gc,heap        ] GC(176) PSYoungGen: 118016K(244736K)->118080K(251904K) Eden: 61440K(61440K)->0K(61440K) From: 56576K(183296K)->118080K(190464K)
[23.940s][info][gc,heap        ] GC(176) ParOldGen: 3410424K(3734016K)->3410424K(3734016K)
[23.940s][info][gc,metaspace   ] GC(176) Metaspace: 6298K(6464K)->6298K(6464K) NonClass: 5765K(5824K)->5765K(5824K) Class: 533K(640K)->533K(640K)
[23.940s][info][gc             ] GC(176) Pause Young (Allocation Failure) 3445M->3445M(3892M) 64.746ms
[23.940s][info][gc,cpu         ] GC(176) User=0.23s Sys=0.00s Real=0.07s
[24.006s][info][gc,start       ] GC(177) Pause Young (Allocation Failure)
[24.099s][info][gc,heap        ] GC(177) PSYoungGen: 179520K(251904K)->179616K(236544K) Eden: 61440K(61440K)->0K(44032K) From: 118080K(190464K)->179616K(192512K)
[24.099s][info][gc,heap        ] GC(177) ParOldGen: 3410424K(3734016K)->3410424K(3734016K)
[24.099s][info][gc,metaspace   ] GC(177) Metaspace: 6298K(6464K)->6298K(6464K) NonClass: 5765K(5824K)->5765K(5824K) Class: 533K(640K)->533K(640K)
[24.099s][info][gc             ] GC(177) Pause Young (Allocation Failure) 3505M->3505M(3877M) 93.452ms
[24.100s][info][gc,cpu         ] GC(177) User=0.55s Sys=0.09s Real=0.09s
[24.146s][info][gc,start       ] GC(178) Pause Young (Allocation Failure)
[24.272s][info][gc,heap        ] GC(178) PSYoungGen: 223648K(236544K)->167328K(260096K) Eden: 44032K(44032K)->0K(44032K) From: 179616K(192512K)->167328K(216064K)
[24.272s][info][gc,heap        ] GC(178) ParOldGen: 3410424K(3734016K)->3467240K(3734016K)
[24.272s][info][gc,metaspace   ] GC(178) Metaspace: 6298K(6464K)->6298K(6464K) NonClass: 5765K(5824K)->5765K(5824K) Class: 533K(640K)->533K(640K)
[24.272s][info][gc             ] GC(178) Pause Young (Allocation Failure) 3548M->3549M(3900M) 126.503ms
[24.272s][info][gc,cpu         ] GC(178) User=0.73s Sys=0.16s Real=0.13s
[24.324s][info][gc,start       ] GC(179) Pause Young (Allocation Failure)
[24.443s][info][gc,heap        ] GC(179) PSYoungGen: 211360K(260096K)->149888K(274432K) Eden: 44032K(44032K)->0K(44544K) From: 167328K(216064K)->149888K(229888K)
[24.443s][info][gc,heap        ] GC(179) ParOldGen: 3467240K(3734016K)->3529240K(3734016K)
[24.443s][info][gc,metaspace   ] GC(179) Metaspace: 6298K(6464K)->6298K(6464K) NonClass: 5765K(5824K)->5765K(5824K) Class: 533K(640K)->533K(640K)
[24.443s][info][gc             ] GC(179) Pause Young (Allocation Failure) 3592M->3592M(3914M) 119.039ms
[24.443s][info][gc,cpu         ] GC(179) User=0.88s Sys=0.12s Real=0.12s
[24.490s][info][gc,start       ] GC(180) Pause Young (Allocation Failure)
[24.624s][info][gc,heap        ] GC(180) PSYoungGen: 194432K(274432K)->88832K(133632K) Eden: 44544K(44544K)->0K(44544K) From: 149888K(229888K)->88832K(89088K)
[24.624s][info][gc,heap        ] GC(180) ParOldGen: 3529240K(3734016K)->3635624K(3734016K)
[24.624s][info][gc,metaspace   ] GC(180) Metaspace: 6298K(6464K)->6298K(6464K) NonClass: 5765K(5824K)->5765K(5824K) Class: 533K(640K)->533K(640K)
[24.624s][info][gc             ] GC(180) Pause Young (Allocation Failure) 3636M->3637M(3777M) 133.947ms
[24.624s][info][gc,cpu         ] GC(180) User=0.58s Sys=0.44s Real=0.13s
[24.624s][info][gc,start       ] GC(181) Pause Full (Ergonomics)
[24.624s][info][gc,phases,start] GC(181) Marking Phase
[25.434s][info][gc,phases      ] GC(181) Marking Phase 809.850ms
[25.434s][info][gc,phases,start] GC(181) Summary Phase
[25.434s][info][gc,phases      ] GC(181) Summary Phase 0.077ms
[25.434s][info][gc,phases,start] GC(181) Adjust Roots
[25.434s][info][gc,phases      ] GC(181) Adjust Roots 0.160ms
[25.434s][info][gc,phases,start] GC(181) Compaction Phase
[25.773s][info][gc,phases      ] GC(181) Compaction Phase 338.676ms
[25.773s][info][gc,phases,start] GC(181) Post Compact
[25.780s][info][gc,phases      ] GC(181) Post Compact 7.038ms
[25.782s][info][gc,heap        ] GC(181) PSYoungGen: 88832K(133632K)->0K(275968K) Eden: 0K(44544K)->0K(50688K) From: 88832K(89088K)->0K(225280K)
[25.782s][info][gc,heap        ] GC(181) ParOldGen: 3635624K(3734016K)->3722041K(4094976K)
[25.782s][info][gc,metaspace   ] GC(181) Metaspace: 6298K(6464K)->6298K(6464K) NonClass: 5765K(5824K)->5765K(5824K) Class: 533K(640K)->533K(640K)
[25.782s][info][gc             ] GC(181) Pause Full (Ergonomics) 3637M->3634M(4268M) 1158.424ms
[25.782s][info][gc,cpu         ] GC(181) User=8.59s Sys=0.17s Real=1.16s
[25.833s][info][gc,start       ] GC(182) Pause Young (Allocation Failure)
[25.878s][info][gc,heap        ] GC(182) PSYoungGen: 50688K(275968K)->50912K(275968K) Eden: 50688K(50688K)->0K(50688K) From: 0K(225280K)->50912K(225280K)
[25.878s][info][gc,heap        ] GC(182) ParOldGen: 3722041K(4094976K)->3722041K(4094976K)
[25.878s][info][gc,metaspace   ] GC(182) Metaspace: 6298K(6464K)->6298K(6464K) NonClass: 5765K(5824K)->5765K(5824K) Class: 533K(640K)->533K(640K)
[25.878s][info][gc             ] GC(182) Pause Young (Allocation Failure) 3684M->3684M(4268M) 45.872ms
[25.878s][info][gc,cpu         ] GC(182) User=0.17s Sys=0.00s Real=0.05s
[25.926s][info][gc,start       ] GC(183) Pause Young (Allocation Failure)
[25.986s][info][gc,heap        ] GC(183) PSYoungGen: 101600K(275968K)->101632K(254976K) Eden: 50688K(50688K)->0K(55808K) From: 50912K(225280K)->101632K(199168K)
[25.986s][info][gc,heap        ] GC(183) ParOldGen: 3722041K(4094976K)->3722041K(4094976K)
[25.986s][info][gc,metaspace   ] GC(183) Metaspace: 6298K(6464K)->6298K(6464K) NonClass: 5765K(5824K)->5765K(5824K) Class: 533K(640K)->533K(640K)
[25.986s][info][gc             ] GC(183) Pause Young (Allocation Failure) 3734M->3734M(4248M) 59.934ms
[25.986s][info][gc,cpu         ] GC(183) User=0.17s Sys=0.02s Real=0.06s
[26.049s][info][gc,start       ] GC(184) Pause Young (Allocation Failure)
[26.139s][info][gc,heap        ] GC(184) PSYoungGen: 157440K(254976K)->106816K(162816K) Eden: 55808K(55808K)->0K(55808K) From: 101632K(199168K)->106816K(107008K)
[26.139s][info][gc,heap        ] GC(184) ParOldGen: 3722041K(4094976K)->3773193K(4094976K)
[26.139s][info][gc,metaspace   ] GC(184) Metaspace: 6298K(6464K)->6298K(6464K) NonClass: 5765K(5824K)->5765K(5824K) Class: 533K(640K)->533K(640K)
[26.139s][info][gc             ] GC(184) Pause Young (Allocation Failure) 3788M->3789M(4158M) 90.217ms
[26.139s][info][gc,cpu         ] GC(184) User=0.55s Sys=0.08s Real=0.09s
[26.197s][info][gc,start       ] GC(185) Pause Young (Allocation Failure)
[26.292s][info][gc,heap        ] GC(185) PSYoungGen: 162624K(162816K)->111872K(250880K) Eden: 55808K(55808K)->0K(61952K) From: 106816K(107008K)->111872K(188928K)
[26.292s][info][gc,heap        ] GC(185) ParOldGen: 3773193K(4094976K)->3824321K(4094976K)
[26.292s][info][gc,metaspace   ] GC(185) Metaspace: 6298K(6464K)->6298K(6464K) NonClass: 5765K(5824K)->5765K(5824K) Class: 533K(640K)->533K(640K)
[26.292s][info][gc             ] GC(185) Pause Young (Allocation Failure) 3843M->3843M(4244M) 94.716ms
[26.292s][info][gc,cpu         ] GC(185) User=0.33s Sys=0.31s Real=0.09s
[26.353s][info][gc,start       ] GC(186) Pause Young (Allocation Failure)
[26.463s][info][gc,heap        ] GC(186) PSYoungGen: 173824K(250880K)->118048K(257536K) Eden: 61952K(61952K)->0K(61952K) From: 111872K(188928K)->118048K(195584K)
[26.463s][info][gc,heap        ] GC(186) ParOldGen: 3824321K(4094976K)->3880633K(4094976K)
[26.463s][info][gc,metaspace   ] GC(186) Metaspace: 6298K(6464K)->6298K(6464K) NonClass: 5765K(5824K)->5765K(5824K) Class: 533K(640K)->533K(640K)
[26.463s][info][gc             ] GC(186) Pause Young (Allocation Failure) 3904M->3904M(4250M) 110.287ms
[26.463s][info][gc,cpu         ] GC(186) User=0.70s Sys=0.06s Real=0.11s
[26.530s][info][gc,start       ] GC(187) Pause Young (Allocation Failure)
[26.637s][info][gc,heap        ] GC(187) PSYoungGen: 180000K(257536K)->124256K(259584K) Eden: 61952K(61952K)->0K(69632K) From: 118048K(195584K)->124256K(189952K)
[26.637s][info][gc,heap        ] GC(187) ParOldGen: 3880633K(4094976K)->3936945K(4094976K)
[26.637s][info][gc,metaspace   ] GC(187) Metaspace: 6298K(6464K)->6298K(6464K) NonClass: 5765K(5824K)->5765K(5824K) Class: 533K(640K)->533K(640K)
[26.637s][info][gc             ] GC(187) Pause Young (Allocation Failure) 3965M->3966M(4252M) 107.662ms
[26.637s][info][gc,cpu         ] GC(187) User=0.56s Sys=0.19s Real=0.11s
[26.720s][info][gc,start       ] GC(188) Pause Young (Allocation Failure)
[26.839s][info][gc,heap        ] GC(188) PSYoungGen: 193888K(259584K)->131936K(260608K) Eden: 69632K(69632K)->0K(69632K) From: 124256K(189952K)->131936K(190976K)
[26.839s][info][gc,heap        ] GC(188) ParOldGen: 3936945K(4094976K)->3999457K(4094976K)
[26.839s][info][gc,metaspace   ] GC(188) Metaspace: 6298K(6464K)->6298K(6464K) NonClass: 5765K(5824K)->5765K(5824K) Class: 533K(640K)->533K(640K)
[26.839s][info][gc             ] GC(188) Pause Young (Allocation Failure) 4034M->4034M(4253M) 119.282ms
[26.839s][info][gc,cpu         ] GC(188) User=0.70s Sys=0.17s Real=0.12s
[26.839s][info][gc,start       ] GC(189) Pause Full (Ergonomics)
[26.839s][info][gc,phases,start] GC(189) Marking Phase
[27.760s][info][gc,phases      ] GC(189) Marking Phase 921.289ms
[27.760s][info][gc,phases,start] GC(189) Summary Phase
[27.760s][info][gc,phases      ] GC(189) Summary Phase 0.064ms
[27.760s][info][gc,phases,start] GC(189) Adjust Roots
[27.761s][info][gc,phases      ] GC(189) Adjust Roots 0.166ms
[27.761s][info][gc,phases,start] GC(189) Compaction Phase
[28.136s][info][gc,phases      ] GC(189) Compaction Phase 375.440ms
[28.136s][info][gc,phases,start] GC(189) Post Compact
[28.143s][info][gc,phases      ] GC(189) Post Compact 6.618ms
[28.146s][info][gc,heap        ] GC(189) PSYoungGen: 131936K(260608K)->33413K(260608K) Eden: 0K(69632K)->0K(69632K) From: 131936K(190976K)->33413K(190976K)
[28.146s][info][gc,heap        ] GC(189) ParOldGen: 3999457K(4094976K)->4094947K(4493312K)
[28.146s][info][gc,metaspace   ] GC(189) Metaspace: 6298K(6464K)->6298K(6464K) NonClass: 5765K(5824K)->5765K(5824K) Class: 533K(640K)->533K(640K)
[28.146s][info][gc             ] GC(189) Pause Full (Ergonomics) 4034M->4031M(4642M) 1306.756ms
[28.146s][info][gc,cpu         ] GC(189) User=9.94s Sys=0.12s Real=1.31s
[28.218s][info][gc,start       ] GC(190) Pause Young (Allocation Failure)
[28.458s][info][gc,heap        ] GC(190) PSYoungGen: 103045K(260608K)->89984K(257024K) Eden: 69632K(69632K)->0K(76800K) From: 33413K(190976K)->89984K(180224K)
[28.458s][info][gc,heap        ] GC(190) ParOldGen: 4094947K(4493312K)->4108443K(4493312K)
[28.458s][info][gc,metaspace   ] GC(190) Metaspace: 6298K(6464K)->6298K(6464K) NonClass: 5765K(5824K)->5765K(5824K) Class: 533K(640K)->533K(640K)
[28.458s][info][gc             ] GC(190) Pause Young (Allocation Failure) 4099M->4100M(4639M) 240.258ms
[28.458s][info][gc,cpu         ] GC(190) User=1.59s Sys=0.06s Real=0.24s
[28.541s][info][gc,start       ] GC(191) Pause Young (Allocation Failure)
[28.629s][info][gc,heap        ] GC(191) PSYoungGen: 166784K(257024K)->166944K(263680K) Eden: 76800K(76800K)->0K(76800K) From: 89984K(180224K)->166944K(186880K)
[28.629s][info][gc,heap        ] GC(191) ParOldGen: 4108443K(4493312K)->4108443K(4493312K)
[28.629s][info][gc,metaspace   ] GC(191) Metaspace: 6298K(6464K)->6298K(6464K) NonClass: 5765K(5824K)->5765K(5824K) Class: 533K(640K)->533K(640K)
[28.629s][info][gc             ] GC(191) Pause Young (Allocation Failure) 4175M->4175M(4645M) 88.278ms
[28.629s][info][gc,cpu         ] GC(191) User=0.64s Sys=0.00s Real=0.09s
[28.725s][info][gc,start       ] GC(192) Pause Young (Allocation Failure)
[28.876s][info][gc,heap        ] GC(192) PSYoungGen: 243744K(263680K)->201216K(246272K) Eden: 76800K(76800K)->0K(45056K) From: 166944K(186880K)->201216K(201216K)
[28.876s][info][gc,heap        ] GC(192) ParOldGen: 4108443K(4493312K)->4151307K(4493312K)
[28.876s][info][gc,metaspace   ] GC(192) Metaspace: 6298K(6464K)->6298K(6464K) NonClass: 5765K(5824K)->5765K(5824K) Class: 533K(640K)->533K(640K)
[28.876s][info][gc             ] GC(192) Pause Young (Allocation Failure) 4250M->4250M(4628M) 150.835ms
[28.876s][info][gc,cpu         ] GC(192) User=0.86s Sys=0.19s Real=0.15s
[28.922s][info][gc,start       ] GC(193) Pause Young (Allocation Failure)
[29.073s][info][gc,heap        ] GC(193) PSYoungGen: 246272K(246272K)->177600K(285696K) Eden: 45056K(45056K)->0K(45056K) From: 201216K(201216K)->177600K(240640K)
[29.073s][info][gc,heap        ] GC(193) ParOldGen: 4151307K(4493312K)->4220683K(4493312K)
[29.073s][info][gc,metaspace   ] GC(193) Metaspace: 6298K(6464K)->6298K(6464K) NonClass: 5765K(5824K)->5765K(5824K) Class: 533K(640K)->533K(640K)
[29.073s][info][gc             ] GC(193) Pause Young (Allocation Failure) 4294M->4295M(4667M) 151.379ms
[29.073s][info][gc,cpu         ] GC(193) User=0.89s Sys=0.20s Real=0.15s
[29.123s][info][gc,start       ] GC(194) Pause Young (Allocation Failure)
[29.260s][info][gc,heap        ] GC(194) PSYoungGen: 222656K(285696K)->156288K(294912K) Eden: 45056K(45056K)->0K(51200K) From: 177600K(240640K)->156288K(243712K)
[29.260s][info][gc,heap        ] GC(194) ParOldGen: 4220683K(4493312K)->4287571K(4493312K)
[29.260s][info][gc,metaspace   ] GC(194) Metaspace: 6298K(6464K)->6298K(6464K) NonClass: 5765K(5824K)->5765K(5824K) Class: 533K(640K)->533K(640K)
[29.260s][info][gc             ] GC(194) Pause Young (Allocation Failure) 4339M->4339M(4676M) 137.635ms
[29.260s][info][gc,cpu         ] GC(194) User=0.83s Sys=0.30s Real=0.14s
[29.309s][info][gc,start       ] GC(195) Pause Young (Allocation Failure)
[29.462s][info][gc,heap        ] GC(195) PSYoungGen: 207488K(294912K)->96480K(296960K) Eden: 51200K(51200K)->0K(51200K) From: 156288K(243712K)->96480K(245760K)
[29.462s][info][gc,heap        ] GC(195) ParOldGen: 4287571K(4493312K)->4399403K(4493312K)
[29.462s][info][gc,metaspace   ] GC(195) Metaspace: 6298K(6464K)->6298K(6464K) NonClass: 5765K(5824K)->5765K(5824K) Class: 533K(640K)->533K(640K)
[29.462s][info][gc             ] GC(195) Pause Young (Allocation Failure) 4389M->4390M(4678M) 153.274ms
[29.462s][info][gc,cpu         ] GC(195) User=1.02s Sys=0.23s Real=0.15s
[29.462s][info][gc,start       ] GC(196) Pause Full (Ergonomics)
[29.462s][info][gc,phases,start] GC(196) Marking Phase
[30.462s][info][gc,phases      ] GC(196) Marking Phase 1000.350ms
[30.463s][info][gc,phases,start] GC(196) Summary Phase
[30.463s][info][gc,phases      ] GC(196) Summary Phase 0.086ms
[30.463s][info][gc,phases,start] GC(196) Adjust Roots
[30.463s][info][gc,phases      ] GC(196) Adjust Roots 0.161ms
[30.463s][info][gc,phases,start] GC(196) Compaction Phase
[30.855s][info][gc,phases      ] GC(196) Compaction Phase 392.465ms
[30.855s][info][gc,phases,start] GC(196) Post Compact
[30.863s][info][gc,phases      ] GC(196) Post Compact 7.411ms
[30.866s][info][gc,heap        ] GC(196) PSYoungGen: 96480K(296960K)->0K(299520K) Eden: 0K(51200K)->0K(58368K) From: 96480K(245760K)->0K(241152K)
[30.866s][info][gc,heap        ] GC(196) ParOldGen: 4399403K(4493312K)->4492718K(4946432K)
[30.866s][info][gc,metaspace   ] GC(196) Metaspace: 6298K(6464K)->6298K(6464K) NonClass: 5765K(5824K)->5765K(5824K) Class: 533K(640K)->533K(640K)
[30.866s][info][gc             ] GC(196) Pause Full (Ergonomics) 4390M->4387M(5123M) 1403.755ms
[30.866s][info][gc,cpu         ] GC(196) User=10.75s Sys=0.16s Real=1.40s
[30.938s][info][gc,start       ] GC(197) Pause Young (Allocation Failure)
[30.991s][info][gc,heap        ] GC(197) PSYoungGen: 58368K(299520K)->58592K(299520K) Eden: 58368K(58368K)->0K(58368K) From: 0K(241152K)->58592K(241152K)
[30.991s][info][gc,heap        ] GC(197) ParOldGen: 4492718K(4946432K)->4492718K(4946432K)
[30.991s][info][gc,metaspace   ] GC(197) Metaspace: 6298K(6464K)->6298K(6464K) NonClass: 5765K(5824K)->5765K(5824K) Class: 533K(640K)->533K(640K)
[30.991s][info][gc             ] GC(197) Pause Young (Allocation Failure) 4444M->4444M(5123M) 52.935ms
[30.991s][info][gc,cpu         ] GC(197) User=0.12s Sys=0.00s Real=0.05s
[31.060s][info][gc,start       ] GC(198) Pause Young (Allocation Failure)
[31.145s][info][gc,heap        ] GC(198) PSYoungGen: 116960K(299520K)->58560K(304640K) Eden: 58368K(58368K)->0K(64512K) From: 58592K(241152K)->58560K(240128K)
[31.145s][info][gc,heap        ] GC(198) ParOldGen: 4492718K(4946432K)->4551606K(4946432K)
[31.145s][info][gc,metaspace   ] GC(198) Metaspace: 6298K(6464K)->6298K(6464K) NonClass: 5765K(5824K)->5765K(5824K) Class: 533K(640K)->533K(640K)
[31.145s][info][gc             ] GC(198) Pause Young (Allocation Failure) 4501M->4502M(5128M) 84.251ms
[31.145s][info][gc,cpu         ] GC(198) User=0.36s Sys=0.16s Real=0.08s
[31.210s][info][gc,start       ] GC(199) Pause Young (Allocation Failure)
[31.296s][info][gc,heap        ] GC(199) PSYoungGen: 123072K(304640K)->64736K(305664K) Eden: 64512K(64512K)->0K(64512K) From: 58560K(240128K)->64736K(241152K)
[31.296s][info][gc,heap        ] GC(199) ParOldGen: 4551606K(4946432K)->4610510K(4946432K)
[31.296s][info][gc,metaspace   ] GC(199) Metaspace: 6298K(6464K)->6298K(6464K) NonClass: 5765K(5824K)->5765K(5824K) Class: 533K(640K)->533K(640K)
[31.296s][info][gc             ] GC(199) Pause Young (Allocation Failure) 4565M->4565M(5129M) 85.634ms
[31.296s][info][gc,cpu         ] GC(199) User=0.33s Sys=0.22s Real=0.09s
[31.363s][info][gc,start       ] GC(200) Pause Young (Allocation Failure)
[31.452s][info][gc,heap        ] GC(200) PSYoungGen: 129248K(305664K)->64800K(300032K) Eden: 64512K(64512K)->0K(71680K) From: 64736K(241152K)->64800K(228352K)
[31.452s][info][gc,heap        ] GC(200) ParOldGen: 4610510K(4946432K)->4675614K(4946432K)
[31.452s][info][gc,metaspace   ] GC(200) Metaspace: 6298K(6464K)->6298K(6464K) NonClass: 5765K(5824K)->5765K(5824K) Class: 533K(640K)->533K(640K)
[31.452s][info][gc             ] GC(200) Pause Young (Allocation Failure) 4628M->4629M(5123M) 89.658ms
[31.452s][info][gc,cpu         ] GC(200) User=0.39s Sys=0.23s Real=0.09s
[31.540s][info][gc,start       ] GC(201) Pause Young (Allocation Failure)
[31.633s][info][gc,heap        ] GC(201) PSYoungGen: 136480K(300032K)->71936K(304640K) Eden: 71680K(71680K)->0K(71680K) From: 64800K(228352K)->71936K(232960K)
[31.633s][info][gc,heap        ] GC(201) ParOldGen: 4675614K(4946432K)->4740694K(4946432K)
[31.633s][info][gc,metaspace   ] GC(201) Metaspace: 6298K(6464K)->6298K(6464K) NonClass: 5765K(5824K)->5765K(5824K) Class: 533K(640K)->533K(640K)
[31.633s][info][gc             ] GC(201) Pause Young (Allocation Failure) 4699M->4699M(5128M) 93.651ms
[31.633s][info][gc,cpu         ] GC(201) User=0.42s Sys=0.23s Real=0.09s
[31.709s][info][gc,start       ] GC(202) Pause Young (Allocation Failure)
[31.809s][info][gc,heap        ] GC(202) PSYoungGen: 143616K(304640K)->71936K(292352K) Eden: 71680K(71680K)->0K(79872K) From: 71936K(232960K)->71936K(212480K)
[31.809s][info][gc,heap        ] GC(202) ParOldGen: 4740694K(4946432K)->4813022K(4946432K)
[31.809s][info][gc,metaspace   ] GC(202) Metaspace: 6298K(6464K)->6298K(6464K) NonClass: 5765K(5824K)->5765K(5824K) Class: 533K(640K)->533K(640K)
[31.809s][info][gc             ] GC(202) Pause Young (Allocation Failure) 4769M->4770M(5116M) 100.274ms
[31.809s][info][gc,cpu         ] GC(202) User=0.50s Sys=0.12s Real=0.10s
[31.888s][info][gc,start       ] GC(203) Pause Young (Allocation Failure)
[31.992s][info][gc,heap        ] GC(203) PSYoungGen: 151808K(292352K)->80128K(299008K) Eden: 79872K(79872K)->0K(79872K) From: 71936K(212480K)->80128K(219136K)
[31.992s][info][gc,heap        ] GC(203) ParOldGen: 4813022K(4946432K)->4885342K(4946432K)
[31.992s][info][gc,metaspace   ] GC(203) Metaspace: 6298K(6464K)->6298K(6464K) NonClass: 5765K(5824K)->5765K(5824K) Class: 533K(640K)->533K(640K)
[31.992s][info][gc             ] GC(203) Pause Young (Allocation Failure) 4848M->4849M(5122M) 103.208ms
[31.992s][info][gc,cpu         ] GC(203) User=0.53s Sys=0.33s Real=0.10s
[31.992s][info][gc,start       ] GC(204) Pause Full (Ergonomics)
[31.992s][info][gc,phases,start] GC(204) Marking Phase
[33.097s][info][gc,phases      ] GC(204) Marking Phase 1105.564ms
[33.097s][info][gc,phases,start] GC(204) Summary Phase
[33.097s][info][gc,phases      ] GC(204) Summary Phase 0.064ms
[33.097s][info][gc,phases,start] GC(204) Adjust Roots
[33.098s][info][gc,phases      ] GC(204) Adjust Roots 0.181ms
[33.098s][info][gc,phases,start] GC(204) Compaction Phase
[33.536s][info][gc,phases      ] GC(204) Compaction Phase 438.180ms
[33.536s][info][gc,phases,start] GC(204) Post Compact
[33.544s][info][gc,phases      ] GC(204) Post Compact 8.125ms
[33.548s][info][gc,heap        ] GC(204) PSYoungGen: 80128K(299008K)->15463K(299008K) Eden: 0K(79872K)->0K(79872K) From: 80128K(219136K)->15463K(219136K)
[33.548s][info][gc,heap        ] GC(204) ParOldGen: 4885342K(4946432K)->4946012K(5429760K)
[33.548s][info][gc,metaspace   ] GC(204) Metaspace: 6298K(6464K)->6298K(6464K) NonClass: 5765K(5824K)->5765K(5824K) Class: 533K(640K)->533K(640K)
[33.548s][info][gc             ] GC(204) Pause Full (Ergonomics) 4849M->4845M(5594M) 1556.012ms
[33.548s][info][gc,cpu         ] GC(204) User=11.78s Sys=0.16s Real=1.56s
[33.641s][info][gc,start       ] GC(205) Pause Young (Allocation Failure)
[33.911s][info][gc,heap        ] GC(205) PSYoungGen: 95335K(299008K)->80160K(280064K) Eden: 79872K(79872K)->0K(87552K) From: 15463K(219136K)->80160K(192512K)
[33.911s][info][gc,heap        ] GC(205) ParOldGen: 4946012K(5429760K)->4961660K(5429760K)
[33.911s][info][gc,metaspace   ] GC(205) Metaspace: 6298K(6464K)->6298K(6464K) NonClass: 5765K(5824K)->5765K(5824K) Class: 533K(640K)->533K(640K)
[33.911s][info][gc             ] GC(205) Pause Young (Allocation Failure) 4923M->4923M(5576M) 270.390ms
[33.911s][info][gc,cpu         ] GC(205) User=1.69s Sys=0.00s Real=0.27s
[34.011s][info][gc,start       ] GC(206) Pause Young (Allocation Failure)
[34.113s][info][gc,heap        ] GC(206) PSYoungGen: 167712K(280064K)->167808K(289792K) Eden: 87552K(87552K)->0K(87552K) From: 80160K(192512K)->167808K(202240K)
[34.113s][info][gc,heap        ] GC(206) ParOldGen: 4961660K(5429760K)->4961660K(5429760K)
[34.113s][info][gc,metaspace   ] GC(206) Metaspace: 6298K(6464K)->6298K(6464K) NonClass: 5765K(5824K)->5765K(5824K) Class: 533K(640K)->533K(640K)
[34.113s][info][gc             ] GC(206) Pause Young (Allocation Failure) 5009M->5009M(5585M) 101.985ms
[34.113s][info][gc,cpu         ] GC(206) User=0.66s Sys=0.00s Real=0.10s
[34.214s][info][gc,start       ] GC(207) Pause Young (Allocation Failure)
[34.369s][info][gc,heap        ] GC(207) PSYoungGen: 255360K(289792K)->218112K(269312K) Eden: 87552K(87552K)->0K(51200K) From: 167808K(202240K)->218112K(218112K)
[34.369s][info][gc,heap        ] GC(207) ParOldGen: 4961660K(5429760K)->4999236K(5429760K)
[34.369s][info][gc,metaspace   ] GC(207) Metaspace: 6298K(6464K)->6298K(6464K) NonClass: 5765K(5824K)->5765K(5824K) Class: 533K(640K)->533K(640K)
[34.369s][info][gc             ] GC(207) Pause Young (Allocation Failure) 5094M->5095M(5565M) 154.651ms
[34.369s][info][gc,cpu         ] GC(207) User=0.94s Sys=0.20s Real=0.15s
[34.429s][info][gc,start       ] GC(208) Pause Young (Allocation Failure)
[34.622s][info][gc,heap        ] GC(208) PSYoungGen: 269312K(269312K)->128512K(179712K) Eden: 51200K(51200K)->0K(51200K) From: 218112K(218112K)->128512K(128512K)
[34.622s][info][gc,heap        ] GC(208) ParOldGen: 4999236K(5429760K)->5141292K(5429760K)
[34.622s][info][gc,metaspace   ] GC(208) Metaspace: 6298K(6464K)->6298K(6464K) NonClass: 5765K(5824K)->5765K(5824K) Class: 533K(640K)->533K(640K)
[34.622s][info][gc             ] GC(208) Pause Young (Allocation Failure) 5145M->5146M(5478M) 193.021ms
[34.622s][info][gc,cpu         ] GC(208) User=1.11s Sys=0.27s Real=0.19s
[34.679s][info][gc,start       ] GC(209) Pause Young (Allocation Failure)
[34.803s][info][gc,heap        ] GC(209) PSYoungGen: 179712K(179712K)->102720K(289280K) Eden: 51200K(51200K)->0K(57344K) From: 128512K(128512K)->102720K(231936K)
[34.803s][info][gc,heap        ] GC(209) ParOldGen: 5141292K(5429760K)->5218940K(5429760K)
[34.803s][info][gc,metaspace   ] GC(209) Metaspace: 6298K(6464K)->6298K(6464K) NonClass: 5765K(5824K)->5765K(5824K) Class: 533K(640K)->533K(640K)
[34.803s][info][gc             ] GC(209) Pause Young (Allocation Failure) 5196M->5196M(5585M) 123.580ms
[34.803s][info][gc,cpu         ] GC(209) User=0.64s Sys=0.25s Real=0.12s
[34.867s][info][gc,start       ] GC(210) Pause Young (Allocation Failure)
[34.976s][info][gc,heap        ] GC(210) PSYoungGen: 160064K(289280K)->108864K(166400K) Eden: 57344K(57344K)->0K(57344K) From: 102720K(231936K)->108864K(109056K)
[34.976s][info][gc,heap        ] GC(210) ParOldGen: 5218940K(5429760K)->5270612K(5429760K)
[34.976s][info][gc,metaspace   ] GC(210) Metaspace: 6298K(6464K)->6298K(6464K) NonClass: 5765K(5824K)->5765K(5824K) Class: 533K(640K)->533K(640K)
[34.976s][info][gc             ] GC(210) Pause Young (Allocation Failure) 5252M->5253M(5465M) 109.008ms
[34.976s][info][gc,cpu         ] GC(210) User=0.62s Sys=0.14s Real=0.11s
[35.042s][info][gc,start       ] GC(211) Pause Young (Allocation Failure)
[35.145s][info][gc,heap        ] GC(211) PSYoungGen: 166208K(166400K)->115008K(273408K) Eden: 57344K(57344K)->0K(64512K) From: 108864K(109056K)->115008K(208896K)
[35.145s][info][gc,heap        ] GC(211) ParOldGen: 5270612K(5429760K)->5322276K(5429760K)
[35.145s][info][gc,metaspace   ] GC(211) Metaspace: 6298K(6464K)->6298K(6464K) NonClass: 5765K(5824K)->5765K(5824K) Class: 533K(640K)->533K(640K)
[35.145s][info][gc             ] GC(211) Pause Young (Allocation Failure) 5309M->5309M(5569M) 102.728ms
[35.145s][info][gc,cpu         ] GC(211) User=0.47s Sys=0.22s Real=0.10s
[35.145s][info][gc,start       ] GC(212) Pause Full (Ergonomics)
[35.145s][info][gc,phases,start] GC(212) Marking Phase
[36.362s][info][gc,phases      ] GC(212) Marking Phase 1216.609ms
[36.362s][info][gc,phases,start] GC(212) Summary Phase
[36.362s][info][gc,phases      ] GC(212) Summary Phase 0.071ms
[36.362s][info][gc,phases,start] GC(212) Adjust Roots
[36.362s][info][gc,phases      ] GC(212) Adjust Roots 0.193ms
[36.362s][info][gc,phases,start] GC(212) Compaction Phase
[36.862s][info][gc,phases      ] GC(212) Compaction Phase 499.381ms
[36.862s][info][gc,phases,start] GC(212) Post Compact
[36.870s][info][gc,phases      ] GC(212) Post Compact 8.553ms
[36.872s][info][gc,heap        ] GC(212) PSYoungGen: 115008K(273408K)->3763K(281600K) Eden: 0K(64512K)->0K(72704K) From: 115008K(208896K)->3763K(208896K)
[36.872s][info][gc,heap        ] GC(212) ParOldGen: 5322276K(5429760K)->5429563K(5598208K)
[36.872s][info][gc,metaspace   ] GC(212) Metaspace: 6298K(6464K)->6298K(6464K) NonClass: 5765K(5824K)->5765K(5824K) Class: 533K(640K)->533K(640K)
[36.872s][info][gc             ] GC(212) Pause Full (Ergonomics) 5309M->5305M(5742M) 1726.637ms
[36.872s][info][gc,cpu         ] GC(212) User=13.08s Sys=0.17s Real=1.73s
[36.961s][info][gc,start       ] GC(213) Pause Young (Allocation Failure)
[37.251s][info][gc,heap        ] GC(213) PSYoungGen: 76467K(281600K)->72960K(292864K) Eden: 72704K(72704K)->0K(72704K) From: 3763K(208896K)->72960K(220160K)
[37.251s][info][gc,heap        ] GC(213) ParOldGen: 5429563K(5598208K)->5433403K(5598208K)
[37.251s][info][gc,metaspace   ] GC(213) Metaspace: 6298K(6464K)->6298K(6464K) NonClass: 5765K(5824K)->5765K(5824K) Class: 533K(640K)->533K(640K)
[37.251s][info][gc             ] GC(213) Pause Young (Allocation Failure) 5376M->5377M(5753M) 289.762ms
[37.251s][info][gc,cpu         ] GC(213) User=1.88s Sys=0.00s Real=0.29s
[37.335s][info][gc,start       ] GC(214) Pause Young (Allocation Failure)
[37.422s][info][gc,heap        ] GC(214) PSYoungGen: 145664K(292864K)->145760K(295424K) Eden: 72704K(72704K)->0K(78336K) From: 72960K(220160K)->145760K(217088K)
[37.422s][info][gc,heap        ] GC(214) ParOldGen: 5433403K(5598208K)->5433403K(5598208K)
[37.422s][info][gc,metaspace   ] GC(214) Metaspace: 6298K(6464K)->6298K(6464K) NonClass: 5765K(5824K)->5765K(5824K) Class: 533K(640K)->533K(640K)
[37.422s][info][gc             ] GC(214) Pause Young (Allocation Failure) 5448M->5448M(5755M) 87.124ms
[37.422s][info][gc,cpu         ] GC(214) User=0.53s Sys=0.00s Real=0.09s
[37.511s][info][gc,start       ] GC(215) Pause Young (Allocation Failure)
[37.665s][info][gc,heap        ] GC(215) PSYoungGen: 224096K(295424K)->151424K(297472K) Eden: 78336K(78336K)->0K(78336K) From: 145760K(217088K)->151424K(219136K)
[37.665s][info][gc,heap        ] GC(215) ParOldGen: 5433403K(5598208K)->5506755K(5598208K)
[37.665s][info][gc,metaspace   ] GC(215) Metaspace: 6298K(6464K)->6298K(6464K) NonClass: 5765K(5824K)->5765K(5824K) Class: 533K(640K)->533K(640K)
[37.665s][info][gc             ] GC(215) Pause Young (Allocation Failure) 5524M->5525M(5757M) 154.370ms
[37.665s][info][gc,cpu         ] GC(215) User=0.78s Sys=0.36s Real=0.15s
[37.665s][info][gc,start       ] GC(216) Pause Full (Ergonomics)
[37.665s][info][gc,phases,start] GC(216) Marking Phase
[38.979s][info][gc,phases      ] GC(216) Marking Phase 1313.772ms
[38.979s][info][gc,phases,start] GC(216) Summary Phase
[38.979s][info][gc,phases      ] GC(216) Summary Phase 0.114ms
[38.979s][info][gc,phases,start] GC(216) Adjust Roots
[38.980s][info][gc,phases      ] GC(216) Adjust Roots 0.245ms
[38.980s][info][gc,phases,start] GC(216) Compaction Phase
[39.398s][info][gc,phases      ] GC(216) Compaction Phase 418.546ms
[39.398s][info][gc,phases,start] GC(216) Post Compact
[39.406s][info][gc,phases      ] GC(216) Post Compact 7.408ms
[39.406s][info][gc,heap        ] GC(216) PSYoungGen: 151424K(297472K)->58991K(297472K) Eden: 0K(78336K)->0K(78336K) From: 151424K(219136K)->58991K(219136K)
[39.406s][info][gc,heap        ] GC(216) ParOldGen: 5506755K(5598208K)->5597987K(5598208K)
[39.406s][info][gc,metaspace   ] GC(216) Metaspace: 6298K(6464K)->6298K(6464K) NonClass: 5765K(5824K)->5765K(5824K) Class: 533K(640K)->533K(640K)
[39.406s][info][gc             ] GC(216) Pause Full (Ergonomics) 5525M->5524M(5757M) 1740.508ms
[39.406s][info][gc,cpu         ] GC(216) User=13.34s Sys=0.14s Real=1.74s
[39.510s][info][gc,start       ] GC(217) Pause Full (Ergonomics)
[39.510s][info][gc,phases,start] GC(217) Marking Phase
[40.793s][info][gc,phases      ] GC(217) Marking Phase 1282.565ms
[40.793s][info][gc,phases,start] GC(217) Summary Phase
[40.793s][info][gc,phases      ] GC(217) Summary Phase 0.079ms
[40.793s][info][gc,phases,start] GC(217) Adjust Roots
[40.793s][info][gc,phases      ] GC(217) Adjust Roots 0.230ms
[40.793s][info][gc,phases,start] GC(217) Compaction Phase
[41.190s][info][gc,phases      ] GC(217) Compaction Phase 396.654ms
[41.190s][info][gc,phases,start] GC(217) Post Compact
[41.198s][info][gc,phases      ] GC(217) Post Compact 7.394ms
[41.198s][info][gc,heap        ] GC(217) PSYoungGen: 137327K(297472K)->137294K(297472K) Eden: 78336K(78336K)->78302K(78336K) From: 58991K(219136K)->58991K(219136K)
[41.198s][info][gc,heap        ] GC(217) ParOldGen: 5597987K(5598208K)->5597987K(5598208K)
[41.198s][info][gc,metaspace   ] GC(217) Metaspace: 6298K(6464K)->6298K(6464K) NonClass: 5765K(5824K)->5765K(5824K) Class: 533K(640K)->533K(640K)
[41.198s][info][gc             ] GC(217) Pause Full (Ergonomics) 5600M->5600M(5757M) 1687.295ms
[41.198s][info][gc,cpu         ] GC(217) User=12.97s Sys=0.00s Real=1.69s
[41.198s][info][gc,start       ] GC(218) Pause Full (Ergonomics)
[41.198s][info][gc,phases,start] GC(218) Marking Phase
[42.493s][info][gc,phases      ] GC(218) Marking Phase 1295.266ms
[42.493s][info][gc,phases,start] GC(218) Summary Phase
[42.493s][info][gc,phases      ] GC(218) Summary Phase 0.062ms
[42.493s][info][gc,phases,start] GC(218) Adjust Roots
[42.493s][info][gc,phases      ] GC(218) Adjust Roots 0.176ms
[42.493s][info][gc,phases,start] GC(218) Compaction Phase
[42.863s][info][gc,phases      ] GC(218) Compaction Phase 369.226ms
[42.863s][info][gc,phases,start] GC(218) Post Compact
[42.870s][info][gc,phases      ] GC(218) Post Compact 7.219ms
[42.870s][info][gc,heap        ] GC(218) PSYoungGen: 137327K(297472K)->137327K(297472K) Eden: 78336K(78336K)->78335K(78336K) From: 58991K(219136K)->58991K(219136K)
[42.870s][info][gc,heap        ] GC(218) ParOldGen: 5597987K(5598208K)->5597987K(5598208K)
[42.870s][info][gc,metaspace   ] GC(218) Metaspace: 6298K(6464K)->6298K(6464K) NonClass: 5765K(5824K)->5765K(5824K) Class: 533K(640K)->533K(640K)
[42.870s][info][gc             ] GC(218) Pause Full (Ergonomics) 5600M->5600M(5757M) 1672.287ms
[42.870s][info][gc,cpu         ] GC(218) User=13.02s Sys=0.03s Real=1.67s
[42.870s][info][gc,start       ] GC(219) Pause Full (Ergonomics)
[42.870s][info][gc,phases,start] GC(219) Marking Phase
[44.197s][info][gc,phases      ] GC(219) Marking Phase 1327.021ms
[44.197s][info][gc,phases,start] GC(219) Summary Phase
[44.197s][info][gc,phases      ] GC(219) Summary Phase 0.075ms
[44.198s][info][gc,phases,start] GC(219) Adjust Roots
[44.198s][info][gc,phases      ] GC(219) Adjust Roots 0.216ms
[44.198s][info][gc,phases,start] GC(219) Compaction Phase
[44.597s][info][gc,phases      ] GC(219) Compaction Phase 399.606ms
[44.597s][info][gc,phases,start] GC(219) Post Compact
[44.606s][info][gc,phases      ] GC(219) Post Compact 8.678ms
[44.606s][info][gc,heap        ] GC(219) PSYoungGen: 137327K(297472K)->137327K(297472K) Eden: 78335K(78336K)->78335K(78336K) From: 58991K(219136K)->58991K(219136K)
[44.606s][info][gc,heap        ] GC(219) ParOldGen: 5597987K(5598208K)->5597987K(5598208K)
[44.606s][info][gc,metaspace   ] GC(219) Metaspace: 6298K(6464K)->6298K(6464K) NonClass: 5765K(5824K)->5765K(5824K) Class: 533K(640K)->533K(640K)
[44.606s][info][gc             ] GC(219) Pause Full (Ergonomics) 5600M->5600M(5757M) 1735.938ms
[44.606s][info][gc,cpu         ] GC(219) User=13.33s Sys=0.03s Real=1.74s
[44.606s][info][gc,start       ] GC(220) Pause Full (Ergonomics)
[44.607s][info][gc,phases,start] GC(220) Marking Phase
[45.912s][info][gc,phases      ] GC(220) Marking Phase 1305.122ms
[45.912s][info][gc,phases,start] GC(220) Summary Phase
[45.912s][info][gc,phases      ] GC(220) Summary Phase 0.062ms
[45.912s][info][gc,phases,start] GC(220) Adjust Roots
[45.912s][info][gc,phases      ] GC(220) Adjust Roots 0.168ms
[45.912s][info][gc,phases,start] GC(220) Compaction Phase
[46.308s][info][gc,phases      ] GC(220) Compaction Phase 396.412ms
[46.308s][info][gc,phases,start] GC(220) Post Compact
[46.317s][info][gc,phases      ] GC(220) Post Compact 8.533ms
[46.317s][info][gc,heap        ] GC(220) PSYoungGen: 137327K(297472K)->137327K(297472K) Eden: 78335K(78336K)->78335K(78336K) From: 58991K(219136K)->58991K(219136K)
[46.317s][info][gc,heap        ] GC(220) ParOldGen: 5597991K(5598208K)->5597991K(5598208K)
[46.317s][info][gc,metaspace   ] GC(220) Metaspace: 6298K(6464K)->6298K(6464K) NonClass: 5765K(5824K)->5765K(5824K) Class: 533K(640K)->533K(640K)
[46.317s][info][gc             ] GC(220) Pause Full (Ergonomics) 5600M->5600M(5757M) 1710.640ms
[46.317s][info][gc,cpu         ] GC(220) User=13.23s Sys=0.00s Real=1.71s
[46.317s][info][gc,start       ] GC(221) Pause Full (Ergonomics)
[46.317s][info][gc,phases,start] GC(221) Marking Phase
[47.613s][info][gc,phases      ] GC(221) Marking Phase 1296.018ms
[47.613s][info][gc,phases,start] GC(221) Summary Phase
[47.614s][info][gc,phases      ] GC(221) Summary Phase 0.072ms
[47.614s][info][gc,phases,start] GC(221) Adjust Roots
[47.614s][info][gc,phases      ] GC(221) Adjust Roots 0.179ms
[47.614s][info][gc,phases,start] GC(221) Compaction Phase
[48.032s][info][gc,phases      ] GC(221) Compaction Phase 418.254ms
[48.032s][info][gc,phases,start] GC(221) Post Compact
[48.041s][info][gc,phases      ] GC(221) Post Compact 8.458ms
[48.041s][info][gc,heap        ] GC(221) PSYoungGen: 137327K(297472K)->137327K(297472K) Eden: 78335K(78336K)->78335K(78336K) From: 58991K(219136K)->58991K(219136K)
[48.041s][info][gc,heap        ] GC(221) ParOldGen: 5597996K(5598208K)->5597996K(5598208K)
[48.041s][info][gc,metaspace   ] GC(221) Metaspace: 6298K(6464K)->6298K(6464K) NonClass: 5765K(5824K)->5765K(5824K) Class: 533K(640K)->533K(640K)
[48.041s][info][gc             ] GC(221) Pause Full (Ergonomics) 5600M->5600M(5757M) 1723.317ms
[48.041s][info][gc,cpu         ] GC(221) User=12.94s Sys=0.00s Real=1.72s
[48.041s][info][gc,start       ] GC(222) Pause Full (Ergonomics)
[48.041s][info][gc,phases,start] GC(222) Marking Phase
[49.336s][info][gc,phases      ] GC(222) Marking Phase 1294.776ms
[49.336s][info][gc,phases,start] GC(222) Summary Phase
[49.336s][info][gc,phases      ] GC(222) Summary Phase 0.085ms
[49.336s][info][gc,phases,start] GC(222) Adjust Roots
[49.336s][info][gc,phases      ] GC(222) Adjust Roots 0.162ms
[49.336s][info][gc,phases,start] GC(222) Compaction Phase
[49.748s][info][gc,phases      ] GC(222) Compaction Phase 412.121ms
[49.748s][info][gc,phases,start] GC(222) Post Compact
[49.757s][info][gc,phases      ] GC(222) Post Compact 8.745ms
[49.757s][info][gc,heap        ] GC(222) PSYoungGen: 137327K(297472K)->137327K(297472K) Eden: 78335K(78336K)->78335K(78336K) From: 58991K(219136K)->58991K(219136K)
[49.757s][info][gc,heap        ] GC(222) ParOldGen: 5598001K(5598208K)->5598001K(5598208K)
[49.757s][info][gc,metaspace   ] GC(222) Metaspace: 6298K(6464K)->6298K(6464K) NonClass: 5765K(5824K)->5765K(5824K) Class: 533K(640K)->533K(640K)
[49.757s][info][gc             ] GC(222) Pause Full (Ergonomics) 5600M->5600M(5757M) 1716.214ms
[49.757s][info][gc,cpu         ] GC(222) User=13.14s Sys=0.00s Real=1.72s
[49.757s][info][gc,start       ] GC(223) Pause Full (Ergonomics)
[49.757s][info][gc,phases,start] GC(223) Marking Phase
[51.091s][info][gc,phases      ] GC(223) Marking Phase 1333.199ms
[51.091s][info][gc,phases,start] GC(223) Summary Phase
[51.091s][info][gc,phases      ] GC(223) Summary Phase 0.070ms
[51.091s][info][gc,phases,start] GC(223) Adjust Roots
[51.091s][info][gc,phases      ] GC(223) Adjust Roots 0.168ms
[51.091s][info][gc,phases,start] GC(223) Compaction Phase
[51.498s][info][gc,phases      ] GC(223) Compaction Phase 407.322ms
[51.498s][info][gc,phases,start] GC(223) Post Compact
[51.507s][info][gc,phases      ] GC(223) Post Compact 8.766ms
[51.507s][info][gc,heap        ] GC(223) PSYoungGen: 137327K(297472K)->137327K(297472K) Eden: 78335K(78336K)->78335K(78336K) From: 58991K(219136K)->58991K(219136K)
[51.507s][info][gc,heap        ] GC(223) ParOldGen: 5598006K(5598208K)->5598006K(5598208K)
[51.507s][info][gc,metaspace   ] GC(223) Metaspace: 6298K(6464K)->6298K(6464K) NonClass: 5765K(5824K)->5765K(5824K) Class: 533K(640K)->533K(640K)
[51.507s][info][gc             ] GC(223) Pause Full (Ergonomics) 5600M->5600M(5757M) 1749.853ms
[51.507s][info][gc,cpu         ] GC(223) User=13.48s Sys=0.00s Real=1.75s
[51.507s][info][gc,start       ] GC(224) Pause Full (Ergonomics)
[51.507s][info][gc,phases,start] GC(224) Marking Phase
[52.822s][info][gc,phases      ] GC(224) Marking Phase 1315.119ms
[52.823s][info][gc,phases,start] GC(224) Summary Phase
[52.823s][info][gc,phases      ] GC(224) Summary Phase 0.061ms
[52.823s][info][gc,phases,start] GC(224) Adjust Roots
[52.823s][info][gc,phases      ] GC(224) Adjust Roots 0.165ms
[52.823s][info][gc,phases,start] GC(224) Compaction Phase
[53.217s][info][gc,phases      ] GC(224) Compaction Phase 393.967ms
[53.217s][info][gc,phases,start] GC(224) Post Compact
[53.231s][info][gc,phases      ] GC(224) Post Compact 13.638ms
[53.231s][info][gc,heap        ] GC(224) PSYoungGen: 137327K(297472K)->137327K(297472K) Eden: 78335K(78336K)->78335K(78336K) From: 58991K(219136K)->58991K(219136K)
[53.231s][info][gc,heap        ] GC(224) ParOldGen: 5598011K(5598208K)->5598011K(5598208K)
[53.231s][info][gc,metaspace   ] GC(224) Metaspace: 6298K(6464K)->6298K(6464K) NonClass: 5765K(5824K)->5765K(5824K) Class: 533K(640K)->533K(640K)
[53.231s][info][gc             ] GC(224) Pause Full (Ergonomics) 5600M->5600M(5757M) 1723.374ms
[53.231s][info][gc,cpu         ] GC(224) User=13.36s Sys=0.00s Real=1.72s
[53.231s][info][gc,start       ] GC(225) Pause Full (Ergonomics)
[53.231s][info][gc,phases,start] GC(225) Marking Phase
[54.529s][info][gc,phases      ] GC(225) Marking Phase 1298.197ms
[54.529s][info][gc,phases,start] GC(225) Summary Phase
[54.529s][info][gc,phases      ] GC(225) Summary Phase 0.059ms
[54.529s][info][gc,phases,start] GC(225) Adjust Roots
[54.530s][info][gc,phases      ] GC(225) Adjust Roots 0.162ms
[54.530s][info][gc,phases,start] GC(225) Compaction Phase
[54.932s][info][gc,phases      ] GC(225) Compaction Phase 402.275ms
[54.932s][info][gc,phases,start] GC(225) Post Compact
[54.941s][info][gc,phases      ] GC(225) Post Compact 8.752ms
[54.941s][info][gc,heap        ] GC(225) PSYoungGen: 137327K(297472K)->137327K(297472K) Eden: 78335K(78336K)->78335K(78336K) From: 58991K(219136K)->58991K(219136K)
[54.941s][info][gc,heap        ] GC(225) ParOldGen: 5598016K(5598208K)->5598016K(5598208K)
[54.941s][info][gc,metaspace   ] GC(225) Metaspace: 6298K(6464K)->6298K(6464K) NonClass: 5765K(5824K)->5765K(5824K) Class: 533K(640K)->533K(640K)
[54.941s][info][gc             ] GC(225) Pause Full (Ergonomics) 5600M->5600M(5757M) 1709.776ms
[54.941s][info][gc,cpu         ] GC(225) User=12.98s Sys=0.02s Real=1.71s
[54.941s][info][gc,start       ] GC(226) Pause Full (Ergonomics)
[54.941s][info][gc,phases,start] GC(226) Marking Phase
[56.288s][info][gc,phases      ] GC(226) Marking Phase 1347.273ms
[56.288s][info][gc,phases,start] GC(226) Summary Phase
[56.288s][info][gc,phases      ] GC(226) Summary Phase 0.059ms
[56.288s][info][gc,phases,start] GC(226) Adjust Roots
[56.289s][info][gc,phases      ] GC(226) Adjust Roots 0.163ms
[56.289s][info][gc,phases,start] GC(226) Compaction Phase
[56.688s][info][gc,phases      ] GC(226) Compaction Phase 399.477ms
[56.688s][info][gc,phases,start] GC(226) Post Compact
[56.697s][info][gc,phases      ] GC(226) Post Compact 8.521ms
[56.697s][info][gc,heap        ] GC(226) PSYoungGen: 137327K(297472K)->137327K(297472K) Eden: 78335K(78336K)->78335K(78336K) From: 58991K(219136K)->58991K(219136K)
[56.697s][info][gc,heap        ] GC(226) ParOldGen: 5598020K(5598208K)->5598020K(5598208K)
[56.697s][info][gc,metaspace   ] GC(226) Metaspace: 6298K(6464K)->6298K(6464K) NonClass: 5765K(5824K)->5765K(5824K) Class: 533K(640K)->533K(640K)
[56.697s][info][gc             ] GC(226) Pause Full (Ergonomics) 5600M->5600M(5757M) 1755.831ms
[56.697s][info][gc,cpu         ] GC(226) User=13.58s Sys=0.00s Real=1.76s
[56.697s][info][gc,start       ] GC(227) Pause Full (Ergonomics)
[56.697s][info][gc,phases,start] GC(227) Marking Phase
[58.025s][info][gc,phases      ] GC(227) Marking Phase 1327.841ms
[58.025s][info][gc,phases,start] GC(227) Summary Phase
[58.025s][info][gc,phases      ] GC(227) Summary Phase 0.060ms
[58.025s][info][gc,phases,start] GC(227) Adjust Roots
[58.025s][info][gc,phases      ] GC(227) Adjust Roots 0.166ms
[58.025s][info][gc,phases,start] GC(227) Compaction Phase
[58.427s][info][gc,phases      ] GC(227) Compaction Phase 401.621ms
[58.427s][info][gc,phases,start] GC(227) Post Compact
[58.435s][info][gc,phases      ] GC(227) Post Compact 7.786ms
[58.435s][info][gc,heap        ] GC(227) PSYoungGen: 137327K(297472K)->137327K(297472K) Eden: 78335K(78336K)->78335K(78336K) From: 58991K(219136K)->58991K(219136K)
[58.435s][info][gc,heap        ] GC(227) ParOldGen: 5598025K(5598208K)->5598025K(5598208K)
[58.435s][info][gc,metaspace   ] GC(227) Metaspace: 6298K(6464K)->6298K(6464K) NonClass: 5765K(5824K)->5765K(5824K) Class: 533K(640K)->533K(640K)
[58.435s][info][gc             ] GC(227) Pause Full (Ergonomics) 5600M->5600M(5757M) 1737.814ms
[58.435s][info][gc,cpu         ] GC(227) User=13.42s Sys=0.00s Real=1.74s
[58.435s][info][gc,start       ] GC(228) Pause Full (Ergonomics)
[58.435s][info][gc,phases,start] GC(228) Marking Phase
[59.784s][info][gc,phases      ] GC(228) Marking Phase 1348.881ms
[59.784s][info][gc,phases,start] GC(228) Summary Phase
[59.784s][info][gc,phases      ] GC(228) Summary Phase 0.077ms
[59.784s][info][gc,phases,start] GC(228) Adjust Roots
[59.784s][info][gc,phases      ] GC(228) Adjust Roots 0.246ms
[59.784s][info][gc,phases,start] GC(228) Compaction Phase
[60.183s][info][gc,phases      ] GC(228) Compaction Phase 398.470ms
[60.183s][info][gc,phases,start] GC(228) Post Compact
[60.191s][info][gc,phases      ] GC(228) Post Compact 8.179ms
[60.191s][info][gc,heap        ] GC(228) PSYoungGen: 137327K(297472K)->137327K(297472K) Eden: 78335K(78336K)->78335K(78336K) From: 58991K(219136K)->58991K(219136K)
[60.191s][info][gc,heap        ] GC(228) ParOldGen: 5598030K(5598208K)->5598030K(5598208K)
[60.191s][info][gc,metaspace   ] GC(228) Metaspace: 6298K(6464K)->6298K(6464K) NonClass: 5765K(5824K)->5765K(5824K) Class: 533K(640K)->533K(640K)
[60.191s][info][gc             ] GC(228) Pause Full (Ergonomics) 5600M->5600M(5757M) 1756.212ms
[60.191s][info][gc,cpu         ] GC(228) User=13.72s Sys=0.00s Real=1.76s
[60.192s][info][gc,start       ] GC(229) Pause Full (Ergonomics)
[60.192s][info][gc,phases,start] GC(229) Marking Phase
[61.527s][info][gc,phases      ] GC(229) Marking Phase 1335.562ms
[61.527s][info][gc,phases,start] GC(229) Summary Phase
[61.527s][info][gc,phases      ] GC(229) Summary Phase 0.061ms
[61.527s][info][gc,phases,start] GC(229) Adjust Roots
[61.527s][info][gc,phases      ] GC(229) Adjust Roots 0.181ms
[61.527s][info][gc,phases,start] GC(229) Compaction Phase
[61.937s][info][gc,phases      ] GC(229) Compaction Phase 409.567ms
[61.937s][info][gc,phases,start] GC(229) Post Compact
[61.946s][info][gc,phases      ] GC(229) Post Compact 8.445ms
[61.946s][info][gc,heap        ] GC(229) PSYoungGen: 137327K(297472K)->137327K(297472K) Eden: 78335K(78336K)->78335K(78336K) From: 58991K(219136K)->58991K(219136K)
[61.946s][info][gc,heap        ] GC(229) ParOldGen: 5598035K(5598208K)->5598035K(5598208K)
[61.946s][info][gc,metaspace   ] GC(229) Metaspace: 6298K(6464K)->6298K(6464K) NonClass: 5765K(5824K)->5765K(5824K) Class: 533K(640K)->533K(640K)
[61.946s][info][gc             ] GC(229) Pause Full (Ergonomics) 5600M->5600M(5757M) 1754.154ms
[61.946s][info][gc,cpu         ] GC(229) User=13.61s Sys=0.00s Real=1.76s
[61.946s][info][gc,start       ] GC(230) Pause Full (Ergonomics)
[61.946s][info][gc,phases,start] GC(230) Marking Phase
[63.269s][info][gc,phases      ] GC(230) Marking Phase 1323.089ms
[63.269s][info][gc,phases,start] GC(230) Summary Phase
[63.269s][info][gc,phases      ] GC(230) Summary Phase 0.061ms
[63.269s][info][gc,phases,start] GC(230) Adjust Roots
[63.269s][info][gc,phases      ] GC(230) Adjust Roots 0.165ms
[63.269s][info][gc,phases,start] GC(230) Compaction Phase
[63.668s][info][gc,phases      ] GC(230) Compaction Phase 399.039ms
[63.668s][info][gc,phases,start] GC(230) Post Compact
[63.676s][info][gc,phases      ] GC(230) Post Compact 7.282ms
[63.676s][info][gc,heap        ] GC(230) PSYoungGen: 137327K(297472K)->137327K(297472K) Eden: 78335K(78336K)->78335K(78336K) From: 58991K(219136K)->58991K(219136K)
[63.676s][info][gc,heap        ] GC(230) ParOldGen: 5598040K(5598208K)->5598040K(5598208K)
[63.676s][info][gc,metaspace   ] GC(230) Metaspace: 6298K(6464K)->6298K(6464K) NonClass: 5765K(5824K)->5765K(5824K) Class: 533K(640K)->533K(640K)
[63.676s][info][gc             ] GC(230) Pause Full (Ergonomics) 5600M->5600M(5757M) 1729.944ms
[63.676s][info][gc,cpu         ] GC(230) User=13.44s Sys=0.00s Real=1.73s
[63.676s][info][gc,start       ] GC(231) Pause Full (Ergonomics)
[63.676s][info][gc,phases,start] GC(231) Marking Phase
[65.022s][info][gc,phases      ] GC(231) Marking Phase 1345.782ms
[65.022s][info][gc,phases,start] GC(231) Summary Phase
[65.022s][info][gc,phases      ] GC(231) Summary Phase 0.060ms
[65.022s][info][gc,phases,start] GC(231) Adjust Roots
[65.022s][info][gc,phases      ] GC(231) Adjust Roots 0.165ms
[65.022s][info][gc,phases,start] GC(231) Compaction Phase
[65.442s][info][gc,phases      ] GC(231) Compaction Phase 419.426ms
[65.442s][info][gc,phases,start] GC(231) Post Compact
[65.450s][info][gc,phases      ] GC(231) Post Compact 8.387ms
[65.450s][info][gc,heap        ] GC(231) PSYoungGen: 137327K(297472K)->137327K(297472K) Eden: 78335K(78336K)->78335K(78336K) From: 58991K(219136K)->58991K(219136K)
[65.450s][info][gc,heap        ] GC(231) ParOldGen: 5598045K(5598208K)->5598045K(5598208K)
[65.450s][info][gc,metaspace   ] GC(231) Metaspace: 6298K(6464K)->6298K(6464K) NonClass: 5765K(5824K)->5765K(5824K) Class: 533K(640K)->533K(640K)
[65.450s][info][gc             ] GC(231) Pause Full (Ergonomics) 5600M->5600M(5757M) 1774.194ms
[65.450s][info][gc,cpu         ] GC(231) User=13.58s Sys=0.00s Real=1.77s
[65.451s][info][gc,start       ] GC(232) Pause Full (Ergonomics)
[65.451s][info][gc,phases,start] GC(232) Marking Phase
[66.769s][info][gc,phases      ] GC(232) Marking Phase 1317.963ms
[66.769s][info][gc,phases,start] GC(232) Summary Phase
[66.769s][info][gc,phases      ] GC(232) Summary Phase 0.059ms
[66.769s][info][gc,phases,start] GC(232) Adjust Roots
[66.769s][info][gc,phases      ] GC(232) Adjust Roots 0.190ms
[66.769s][info][gc,phases,start] GC(232) Compaction Phase
[67.194s][info][gc,phases      ] GC(232) Compaction Phase 424.958ms
[67.194s][info][gc,phases,start] GC(232) Post Compact
[67.203s][info][gc,phases      ] GC(232) Post Compact 8.724ms
[67.203s][info][gc,heap        ] GC(232) PSYoungGen: 137327K(297472K)->137327K(297472K) Eden: 78335K(78336K)->78335K(78336K) From: 58991K(219136K)->58991K(219136K)
[67.203s][info][gc,heap        ] GC(232) ParOldGen: 5598049K(5598208K)->5598049K(5598208K)
[67.203s][info][gc,metaspace   ] GC(232) Metaspace: 6298K(6464K)->6298K(6464K) NonClass: 5765K(5824K)->5765K(5824K) Class: 533K(640K)->533K(640K)
[67.203s][info][gc             ] GC(232) Pause Full (Ergonomics) 5600M->5600M(5757M) 1752.214ms
[67.203s][info][gc,cpu         ] GC(232) User=13.47s Sys=0.00s Real=1.75s
[67.203s][info][gc,start       ] GC(233) Pause Full (Ergonomics)
[67.203s][info][gc,phases,start] GC(233) Marking Phase
[68.523s][info][gc,phases      ] GC(233) Marking Phase 1320.058ms
[68.523s][info][gc,phases,start] GC(233) Summary Phase
[68.523s][info][gc,phases      ] GC(233) Summary Phase 0.059ms
[68.523s][info][gc,phases,start] GC(233) Adjust Roots
[68.524s][info][gc,phases      ] GC(233) Adjust Roots 0.216ms
[68.524s][info][gc,phases,start] GC(233) Compaction Phase
[68.945s][info][gc,phases      ] GC(233) Compaction Phase 421.592ms
[68.945s][info][gc,phases,start] GC(233) Post Compact
[68.954s][info][gc,phases      ] GC(233) Post Compact 8.405ms
[68.954s][info][gc,heap        ] GC(233) PSYoungGen: 137327K(297472K)->137327K(297472K) Eden: 78335K(78336K)->78335K(78336K) From: 58991K(219136K)->58991K(219136K)
[68.954s][info][gc,heap        ] GC(233) ParOldGen: 5598054K(5598208K)->5598054K(5598208K)
[68.954s][info][gc,metaspace   ] GC(233) Metaspace: 6298K(6464K)->6298K(6464K) NonClass: 5765K(5824K)->5765K(5824K) Class: 533K(640K)->533K(640K)
[68.954s][info][gc             ] GC(233) Pause Full (Ergonomics) 5600M->5600M(5757M) 1750.698ms
[68.954s][info][gc,cpu         ] GC(233) User=13.44s Sys=0.00s Real=1.75s
[68.954s][info][gc,start       ] GC(234) Pause Full (Ergonomics)
[68.954s][info][gc,phases,start] GC(234) Marking Phase
[70.290s][info][gc,phases      ] GC(234) Marking Phase 1336.397ms
[70.290s][info][gc,phases,start] GC(234) Summary Phase
[70.291s][info][gc,phases      ] GC(234) Summary Phase 0.060ms
[70.291s][info][gc,phases,start] GC(234) Adjust Roots
[70.291s][info][gc,phases      ] GC(234) Adjust Roots 0.163ms
[70.291s][info][gc,phases,start] GC(234) Compaction Phase
[70.710s][info][gc,phases      ] GC(234) Compaction Phase 419.378ms
[70.710s][info][gc,phases,start] GC(234) Post Compact
[70.719s][info][gc,phases      ] GC(234) Post Compact 8.828ms
[70.719s][info][gc,heap        ] GC(234) PSYoungGen: 137327K(297472K)->137327K(297472K) Eden: 78335K(78336K)->78335K(78336K) From: 58991K(219136K)->58991K(219136K)
[70.719s][info][gc,heap        ] GC(234) ParOldGen: 5598059K(5598208K)->5598059K(5598208K)
[70.719s][info][gc,metaspace   ] GC(234) Metaspace: 6298K(6464K)->6298K(6464K) NonClass: 5765K(5824K)->5765K(5824K) Class: 533K(640K)->533K(640K)
[70.719s][info][gc             ] GC(234) Pause Full (Ergonomics) 5600M->5600M(5757M) 1765.154ms
[70.719s][info][gc,cpu         ] GC(234) User=13.61s Sys=0.00s Real=1.77s
[70.719s][info][gc,start       ] GC(235) Pause Full (Ergonomics)
[70.719s][info][gc,phases,start] GC(235) Marking Phase
[72.059s][info][gc,phases      ] GC(235) Marking Phase 1339.619ms
[72.059s][info][gc,phases,start] GC(235) Summary Phase
[72.059s][info][gc,phases      ] GC(235) Summary Phase 0.083ms
[72.059s][info][gc,phases,start] GC(235) Adjust Roots
[72.059s][info][gc,phases      ] GC(235) Adjust Roots 0.192ms
[72.059s][info][gc,phases,start] GC(235) Compaction Phase
[72.477s][info][gc,phases      ] GC(235) Compaction Phase 418.035ms
[72.478s][info][gc,phases,start] GC(235) Post Compact
[72.486s][info][gc,phases      ] GC(235) Post Compact 8.395ms
[72.486s][info][gc,heap        ] GC(235) PSYoungGen: 137327K(297472K)->137327K(297472K) Eden: 78335K(78336K)->78335K(78336K) From: 58991K(219136K)->58991K(219136K)
[72.486s][info][gc,heap        ] GC(235) ParOldGen: 5598064K(5598208K)->5598064K(5598208K)
[72.486s][info][gc,metaspace   ] GC(235) Metaspace: 6298K(6464K)->6298K(6464K) NonClass: 5765K(5824K)->5765K(5824K) Class: 533K(640K)->533K(640K)
[72.486s][info][gc             ] GC(235) Pause Full (Ergonomics) 5600M->5600M(5757M) 1766.677ms
[72.486s][info][gc,cpu         ] GC(235) User=13.52s Sys=0.03s Real=1.77s
[72.486s][info][gc,start       ] GC(236) Pause Full (Ergonomics)
[72.486s][info][gc,phases,start] GC(236) Marking Phase
[73.825s][info][gc,phases      ] GC(236) Marking Phase 1338.301ms
[73.825s][info][gc,phases,start] GC(236) Summary Phase
[73.825s][info][gc,phases      ] GC(236) Summary Phase 0.060ms
[73.825s][info][gc,phases,start] GC(236) Adjust Roots
[73.825s][info][gc,phases      ] GC(236) Adjust Roots 0.162ms
[73.825s][info][gc,phases,start] GC(236) Compaction Phase
[74.237s][info][gc,phases      ] GC(236) Compaction Phase 412.342ms
[74.237s][info][gc,phases,start] GC(236) Post Compact
[74.245s][info][gc,phases      ] GC(236) Post Compact 8.002ms
[74.245s][info][gc,heap        ] GC(236) PSYoungGen: 137327K(297472K)->137327K(297472K) Eden: 78335K(78336K)->78335K(78336K) From: 58991K(219136K)->58991K(219136K)
[74.245s][info][gc,heap        ] GC(236) ParOldGen: 5598069K(5598208K)->5598069K(5598208K)
[74.245s][info][gc,metaspace   ] GC(236) Metaspace: 6298K(6464K)->6298K(6464K) NonClass: 5765K(5824K)->5765K(5824K) Class: 533K(640K)->533K(640K)
[74.246s][info][gc             ] GC(236) Pause Full (Ergonomics) 5600M->5600M(5757M) 1759.207ms
[74.246s][info][gc,cpu         ] GC(236) User=13.55s Sys=0.02s Real=1.76s
[74.246s][info][gc,start       ] GC(237) Pause Full (Ergonomics)
[74.246s][info][gc,phases,start] GC(237) Marking Phase
[75.598s][info][gc,phases      ] GC(237) Marking Phase 1352.576ms
[75.598s][info][gc,phases,start] GC(237) Summary Phase
[75.598s][info][gc,phases      ] GC(237) Summary Phase 0.060ms
[75.598s][info][gc,phases,start] GC(237) Adjust Roots
[75.599s][info][gc,phases      ] GC(237) Adjust Roots 0.159ms
[75.599s][info][gc,phases,start] GC(237) Compaction Phase
[76.057s][info][gc,phases      ] GC(237) Compaction Phase 458.379ms
[76.057s][info][gc,phases,start] GC(237) Post Compact
[76.065s][info][gc,phases      ] GC(237) Post Compact 8.333ms
[76.065s][info][gc,heap        ] GC(237) PSYoungGen: 137327K(297472K)->137327K(297472K) Eden: 78335K(78336K)->78335K(78336K) From: 58991K(219136K)->58991K(219136K)
[76.066s][info][gc,heap        ] GC(237) ParOldGen: 5598074K(5598208K)->5598074K(5598208K)
[76.066s][info][gc,metaspace   ] GC(237) Metaspace: 6298K(6464K)->6298K(6464K) NonClass: 5765K(5824K)->5765K(5824K) Class: 533K(640K)->533K(640K)
[76.066s][info][gc             ] GC(237) Pause Full (Ergonomics) 5600M->5600M(5757M) 1819.819ms
[76.066s][info][gc,cpu         ] GC(237) User=13.80s Sys=0.00s Real=1.82s
[76.066s][info][gc,start       ] GC(238) Pause Full (Ergonomics)
[76.066s][info][gc,phases,start] GC(238) Marking Phase
[77.371s][info][gc,phases      ] GC(238) Marking Phase 1305.400ms
[77.371s][info][gc,phases,start] GC(238) Summary Phase
[77.371s][info][gc,phases      ] GC(238) Summary Phase 0.059ms
[77.371s][info][gc,phases,start] GC(238) Adjust Roots
[77.372s][info][gc,phases      ] GC(238) Adjust Roots 0.162ms
[77.372s][info][gc,phases,start] GC(238) Compaction Phase
[77.774s][info][gc,phases      ] GC(238) Compaction Phase 402.189ms
[77.774s][info][gc,phases,start] GC(238) Post Compact
[77.782s][info][gc,phases      ] GC(238) Post Compact 8.454ms
[77.782s][info][gc,heap        ] GC(238) PSYoungGen: 137327K(297472K)->137327K(297472K) Eden: 78335K(78336K)->78335K(78336K) From: 58991K(219136K)->58991K(219136K)
[77.782s][info][gc,heap        ] GC(238) ParOldGen: 5598078K(5598208K)->5598078K(5598208K)
[77.782s][info][gc,metaspace   ] GC(238) Metaspace: 6298K(6464K)->6298K(6464K) NonClass: 5765K(5824K)->5765K(5824K) Class: 533K(640K)->533K(640K)
[77.782s][info][gc             ] GC(238) Pause Full (Ergonomics) 5600M->5600M(5757M) 1716.632ms
[77.782s][info][gc,cpu         ] GC(238) User=13.27s Sys=0.00s Real=1.72s
[77.783s][info][gc,start       ] GC(239) Pause Full (Ergonomics)
[77.783s][info][gc,phases,start] GC(239) Marking Phase
[79.133s][info][gc,phases      ] GC(239) Marking Phase 1349.953ms
[79.133s][info][gc,phases,start] GC(239) Summary Phase
[79.133s][info][gc,phases      ] GC(239) Summary Phase 0.061ms
[79.133s][info][gc,phases,start] GC(239) Adjust Roots
[79.133s][info][gc,phases      ] GC(239) Adjust Roots 0.168ms
[79.133s][info][gc,phases,start] GC(239) Compaction Phase
[79.538s][info][gc,phases      ] GC(239) Compaction Phase 404.974ms
[79.538s][info][gc,phases,start] GC(239) Post Compact
[79.546s][info][gc,phases      ] GC(239) Post Compact 7.541ms
[79.546s][info][gc,heap        ] GC(239) PSYoungGen: 137327K(297472K)->137327K(297472K) Eden: 78335K(78336K)->78335K(78336K) From: 58991K(219136K)->58991K(219136K)
[79.546s][info][gc,heap        ] GC(239) ParOldGen: 5598083K(5598208K)->5598083K(5598208K)
[79.546s][info][gc,metaspace   ] GC(239) Metaspace: 6298K(6464K)->6298K(6464K) NonClass: 5765K(5824K)->5765K(5824K) Class: 533K(640K)->533K(640K)
[79.546s][info][gc             ] GC(239) Pause Full (Ergonomics) 5600M->5600M(5757M) 1763.030ms
[79.546s][info][gc,cpu         ] GC(239) User=13.67s Sys=0.00s Real=1.76s
[79.546s][info][gc,start       ] GC(240) Pause Full (Ergonomics)
[79.546s][info][gc,phases,start] GC(240) Marking Phase
[80.898s][info][gc,phases      ] GC(240) Marking Phase 1352.254ms
[80.898s][info][gc,phases,start] GC(240) Summary Phase
[80.898s][info][gc,phases      ] GC(240) Summary Phase 0.059ms
[80.898s][info][gc,phases,start] GC(240) Adjust Roots
[80.898s][info][gc,phases      ] GC(240) Adjust Roots 0.163ms
[80.899s][info][gc,phases,start] GC(240) Compaction Phase
[81.298s][info][gc,phases      ] GC(240) Compaction Phase 399.703ms
[81.298s][info][gc,phases,start] GC(240) Post Compact
[81.306s][info][gc,phases      ] GC(240) Post Compact 8.041ms
[81.306s][info][gc,heap        ] GC(240) PSYoungGen: 137327K(297472K)->137327K(297472K) Eden: 78335K(78336K)->78335K(78336K) From: 58991K(219136K)->58991K(219136K)
[81.306s][info][gc,heap        ] GC(240) ParOldGen: 5598088K(5598208K)->5598088K(5598208K)
[81.306s][info][gc,metaspace   ] GC(240) Metaspace: 6298K(6464K)->6298K(6464K) NonClass: 5765K(5824K)->5765K(5824K) Class: 533K(640K)->533K(640K)
[81.306s][info][gc             ] GC(240) Pause Full (Ergonomics) 5600M->5600M(5757M) 1760.598ms
[81.306s][info][gc,cpu         ] GC(240) User=13.69s Sys=0.00s Real=1.76s
[81.307s][info][gc,start       ] GC(241) Pause Full (Ergonomics)
[81.307s][info][gc,phases,start] GC(241) Marking Phase
[82.631s][info][gc,phases      ] GC(241) Marking Phase 1324.133ms
[82.631s][info][gc,phases,start] GC(241) Summary Phase
[82.631s][info][gc,phases      ] GC(241) Summary Phase 0.060ms
[82.631s][info][gc,phases,start] GC(241) Adjust Roots
[82.631s][info][gc,phases      ] GC(241) Adjust Roots 0.177ms
[82.631s][info][gc,phases,start] GC(241) Compaction Phase
[83.028s][info][gc,phases      ] GC(241) Compaction Phase 397.184ms
[83.028s][info][gc,phases,start] GC(241) Post Compact
[83.037s][info][gc,phases      ] GC(241) Post Compact 8.111ms
[83.037s][info][gc,heap        ] GC(241) PSYoungGen: 137327K(297472K)->137327K(297472K) Eden: 78335K(78336K)->78335K(78336K) From: 58991K(219136K)->58991K(219136K)
[83.037s][info][gc,heap        ] GC(241) ParOldGen: 5598093K(5598208K)->5598093K(5598208K)
[83.037s][info][gc,metaspace   ] GC(241) Metaspace: 6298K(6464K)->6298K(6464K) NonClass: 5765K(5824K)->5765K(5824K) Class: 533K(640K)->533K(640K)
[83.037s][info][gc             ] GC(241) Pause Full (Ergonomics) 5600M->5600M(5757M) 1730.027ms
[83.037s][info][gc,cpu         ] GC(241) User=13.38s Sys=0.02s Real=1.73s
[83.037s][info][gc,start       ] GC(242) Pause Full (Ergonomics)
[83.037s][info][gc,phases,start] GC(242) Marking Phase
[84.398s][info][gc,phases      ] GC(242) Marking Phase 1360.600ms
[84.398s][info][gc,phases,start] GC(242) Summary Phase
[84.398s][info][gc,phases      ] GC(242) Summary Phase 0.062ms
[84.398s][info][gc,phases,start] GC(242) Adjust Roots
[84.398s][info][gc,phases      ] GC(242) Adjust Roots 0.187ms
[84.398s][info][gc,phases,start] GC(242) Compaction Phase
[84.807s][info][gc,phases      ] GC(242) Compaction Phase 408.847ms
[84.807s][info][gc,phases,start] GC(242) Post Compact
[84.815s][info][gc,phases      ] GC(242) Post Compact 8.357ms
[84.815s][info][gc,heap        ] GC(242) PSYoungGen: 137327K(297472K)->137327K(297472K) Eden: 78335K(78336K)->78335K(78336K) From: 58991K(219136K)->58991K(219136K)
[84.815s][info][gc,heap        ] GC(242) ParOldGen: 5598098K(5598208K)->5598098K(5598208K)
[84.815s][info][gc,metaspace   ] GC(242) Metaspace: 6298K(6464K)->6298K(6464K) NonClass: 5765K(5824K)->5765K(5824K) Class: 533K(640K)->533K(640K)
[84.815s][info][gc             ] GC(242) Pause Full (Ergonomics) 5601M->5601M(5757M) 1778.395ms
[84.815s][info][gc,cpu         ] GC(242) User=13.64s Sys=0.00s Real=1.78s
[84.816s][info][gc,start       ] GC(243) Pause Full (Ergonomics)
[84.816s][info][gc,phases,start] GC(243) Marking Phase
[86.185s][info][gc,phases      ] GC(243) Marking Phase 1369.089ms
[86.185s][info][gc,phases,start] GC(243) Summary Phase
[86.185s][info][gc,phases      ] GC(243) Summary Phase 0.060ms
[86.185s][info][gc,phases,start] GC(243) Adjust Roots
[86.185s][info][gc,phases      ] GC(243) Adjust Roots 0.181ms
[86.185s][info][gc,phases,start] GC(243) Compaction Phase
[86.589s][info][gc,phases      ] GC(243) Compaction Phase 403.721ms
[86.589s][info][gc,phases,start] GC(243) Post Compact
[86.598s][info][gc,phases      ] GC(243) Post Compact 8.709ms
[86.598s][info][gc,heap        ] GC(243) PSYoungGen: 137327K(297472K)->137327K(297472K) Eden: 78335K(78336K)->78335K(78336K) From: 58991K(219136K)->58991K(219136K)
[86.598s][info][gc,heap        ] GC(243) ParOldGen: 5598103K(5598208K)->5598103K(5598208K)
[86.598s][info][gc,metaspace   ] GC(243) Metaspace: 6298K(6464K)->6298K(6464K) NonClass: 5765K(5824K)->5765K(5824K) Class: 533K(640K)->533K(640K)
[86.598s][info][gc             ] GC(243) Pause Full (Ergonomics) 5601M->5601M(5757M) 1782.075ms
[86.598s][info][gc,cpu         ] GC(243) User=13.66s Sys=0.00s Real=1.78s
[86.598s][info][gc,start       ] GC(244) Pause Full (Ergonomics)
[86.598s][info][gc,phases,start] GC(244) Marking Phase
[87.944s][info][gc,phases      ] GC(244) Marking Phase 1346.393ms
[87.944s][info][gc,phases,start] GC(244) Summary Phase
[87.944s][info][gc,phases      ] GC(244) Summary Phase 0.060ms
[87.944s][info][gc,phases,start] GC(244) Adjust Roots
[87.945s][info][gc,phases      ] GC(244) Adjust Roots 0.161ms
[87.945s][info][gc,phases,start] GC(244) Compaction Phase
[88.343s][info][gc,phases      ] GC(244) Compaction Phase 398.629ms
[88.343s][info][gc,phases,start] GC(244) Post Compact
[88.351s][info][gc,phases      ] GC(244) Post Compact 7.309ms
[88.351s][info][gc,heap        ] GC(244) PSYoungGen: 137327K(297472K)->137327K(297472K) Eden: 78335K(78336K)->78335K(78336K) From: 58991K(219136K)->58991K(219136K)
[88.351s][info][gc,heap        ] GC(244) ParOldGen: 5598107K(5598208K)->5598107K(5598208K)
[88.351s][info][gc,metaspace   ] GC(244) Metaspace: 6298K(6464K)->6298K(6464K) NonClass: 5765K(5824K)->5765K(5824K) Class: 533K(640K)->533K(640K)
[88.351s][info][gc             ] GC(244) Pause Full (Ergonomics) 5601M->5601M(5757M) 1752.863ms
[88.351s][info][gc,cpu         ] GC(244) User=13.61s Sys=0.00s Real=1.75s
[88.351s][info][gc,start       ] GC(245) Pause Full (Ergonomics)
[88.351s][info][gc,phases,start] GC(245) Marking Phase
[89.676s][info][gc,phases      ] GC(245) Marking Phase 1324.704ms
[89.676s][info][gc,phases,start] GC(245) Summary Phase
[89.676s][info][gc,phases      ] GC(245) Summary Phase 0.060ms
[89.676s][info][gc,phases,start] GC(245) Adjust Roots
[89.676s][info][gc,phases      ] GC(245) Adjust Roots 0.165ms
[89.676s][info][gc,phases,start] GC(245) Compaction Phase
[90.049s][info][gc,phases      ] GC(245) Compaction Phase 372.528ms
[90.049s][info][gc,phases,start] GC(245) Post Compact
[90.057s][info][gc,phases      ] GC(245) Post Compact 8.154ms
[90.057s][info][gc,heap        ] GC(245) PSYoungGen: 137327K(297472K)->137327K(297472K) Eden: 78335K(78336K)->78335K(78336K) From: 58991K(219136K)->58991K(219136K)
[90.057s][info][gc,heap        ] GC(245) ParOldGen: 5598112K(5598208K)->5598112K(5598208K)
[90.057s][info][gc,metaspace   ] GC(245) Metaspace: 6298K(6464K)->6298K(6464K) NonClass: 5765K(5824K)->5765K(5824K) Class: 533K(640K)->533K(640K)
[90.057s][info][gc             ] GC(245) Pause Full (Ergonomics) 5601M->5601M(5757M) 1705.960ms
[90.057s][info][gc,cpu         ] GC(245) User=13.02s Sys=0.00s Real=1.71s
[90.057s][info][gc,start       ] GC(246) Pause Full (Ergonomics)
[90.057s][info][gc,phases,start] GC(246) Marking Phase
[91.408s][info][gc,phases      ] GC(246) Marking Phase 1351.308ms
[91.409s][info][gc,phases,start] GC(246) Summary Phase
[91.409s][info][gc,phases      ] GC(246) Summary Phase 0.063ms
[91.409s][info][gc,phases,start] GC(246) Adjust Roots
[91.409s][info][gc,phases      ] GC(246) Adjust Roots 0.163ms
[91.409s][info][gc,phases,start] GC(246) Compaction Phase
[91.764s][info][gc,phases      ] GC(246) Compaction Phase 355.673ms
[91.765s][info][gc,phases,start] GC(246) Post Compact
[91.772s][info][gc,phases      ] GC(246) Post Compact 7.644ms
[91.772s][info][gc,heap        ] GC(246) PSYoungGen: 137327K(297472K)->137327K(297472K) Eden: 78335K(78336K)->78335K(78336K) From: 58991K(219136K)->58991K(219136K)
[91.772s][info][gc,heap        ] GC(246) ParOldGen: 5598117K(5598208K)->5598117K(5598208K)
[91.772s][info][gc,metaspace   ] GC(246) Metaspace: 6298K(6464K)->6298K(6464K) NonClass: 5765K(5824K)->5765K(5824K) Class: 533K(640K)->533K(640K)
[91.772s][info][gc             ] GC(246) Pause Full (Ergonomics) 5601M->5601M(5757M) 1715.195ms
[91.772s][info][gc,cpu         ] GC(246) User=13.17s Sys=0.00s Real=1.72s
[91.773s][info][gc,start       ] GC(247) Pause Full (Ergonomics)
[91.773s][info][gc,phases,start] GC(247) Marking Phase
[93.116s][info][gc,phases      ] GC(247) Marking Phase 1343.475ms
[93.116s][info][gc,phases,start] GC(247) Summary Phase
[93.116s][info][gc,phases      ] GC(247) Summary Phase 0.060ms
[93.116s][info][gc,phases,start] GC(247) Adjust Roots
[93.116s][info][gc,phases      ] GC(247) Adjust Roots 0.167ms
[93.116s][info][gc,phases,start] GC(247) Compaction Phase
[93.469s][info][gc,phases      ] GC(247) Compaction Phase 352.640ms
[93.469s][info][gc,phases,start] GC(247) Post Compact
[93.476s][info][gc,phases      ] GC(247) Post Compact 7.382ms
[93.477s][info][gc,heap        ] GC(247) PSYoungGen: 137327K(297472K)->137327K(297472K) Eden: 78335K(78336K)->78335K(78336K) From: 58991K(219136K)->58991K(219136K)
[93.477s][info][gc,heap        ] GC(247) ParOldGen: 5598122K(5598208K)->5598122K(5598208K)
[93.477s][info][gc,metaspace   ] GC(247) Metaspace: 6298K(6464K)->6298K(6464K) NonClass: 5765K(5824K)->5765K(5824K) Class: 533K(640K)->533K(640K)
[93.477s][info][gc             ] GC(247) Pause Full (Ergonomics) 5601M->5601M(5757M) 1704.062ms
[93.477s][info][gc,cpu         ] GC(247) User=13.09s Sys=0.00s Real=1.70s
[93.477s][info][gc,start       ] GC(248) Pause Full (Ergonomics)
[93.477s][info][gc,phases,start] GC(248) Marking Phase
[94.791s][info][gc,phases      ] GC(248) Marking Phase 1313.859ms
[94.791s][info][gc,phases,start] GC(248) Summary Phase
[94.791s][info][gc,phases      ] GC(248) Summary Phase 0.060ms
[94.791s][info][gc,phases,start] GC(248) Adjust Roots
[94.791s][info][gc,phases      ] GC(248) Adjust Roots 0.190ms
[94.791s][info][gc,phases,start] GC(248) Compaction Phase
[95.154s][info][gc,phases      ] GC(248) Compaction Phase 362.610ms
[95.154s][info][gc,phases,start] GC(248) Post Compact
[95.161s][info][gc,phases      ] GC(248) Post Compact 7.384ms
[95.161s][info][gc,heap        ] GC(248) PSYoungGen: 137327K(297472K)->137327K(297472K) Eden: 78335K(78336K)->78335K(78336K) From: 58991K(219136K)->58991K(219136K)
[95.161s][info][gc,heap        ] GC(248) ParOldGen: 5598127K(5598208K)->5598127K(5598208K)
[95.161s][info][gc,metaspace   ] GC(248) Metaspace: 6298K(6464K)->6298K(6464K) NonClass: 5765K(5824K)->5765K(5824K) Class: 533K(640K)->533K(640K)
[95.161s][info][gc             ] GC(248) Pause Full (Ergonomics) 5601M->5601M(5757M) 1684.414ms
[95.161s][info][gc,cpu         ] GC(248) User=12.91s Sys=0.03s Real=1.68s
[95.161s][info][gc,start       ] GC(249) Pause Full (Ergonomics)
[95.161s][info][gc,phases,start] GC(249) Marking Phase
[96.478s][info][gc,phases      ] GC(249) Marking Phase 1317.057ms
[96.479s][info][gc,phases,start] GC(249) Summary Phase
[96.479s][info][gc,phases      ] GC(249) Summary Phase 0.065ms
[96.479s][info][gc,phases,start] GC(249) Adjust Roots
[96.479s][info][gc,phases      ] GC(249) Adjust Roots 0.168ms
[96.479s][info][gc,phases,start] GC(249) Compaction Phase
[96.834s][info][gc,phases      ] GC(249) Compaction Phase 355.120ms
[96.834s][info][gc,phases,start] GC(249) Post Compact
[96.842s][info][gc,phases      ] GC(249) Post Compact 7.863ms
[96.842s][info][gc,heap        ] GC(249) PSYoungGen: 137327K(297472K)->137327K(297472K) Eden: 78335K(78336K)->78335K(78336K) From: 58991K(219136K)->58991K(219136K)
[96.842s][info][gc,heap        ] GC(249) ParOldGen: 5598132K(5598208K)->5598132K(5598208K)
[96.842s][info][gc,metaspace   ] GC(249) Metaspace: 6298K(6464K)->6298K(6464K) NonClass: 5765K(5824K)->5765K(5824K) Class: 533K(640K)->533K(640K)
[96.842s][info][gc             ] GC(249) Pause Full (Ergonomics) 5601M->5601M(5757M) 1680.616ms
[96.842s][info][gc,cpu         ] GC(249) User=13.06s Sys=0.00s Real=1.68s
[96.842s][info][gc,start       ] GC(250) Pause Full (Ergonomics)
[96.842s][info][gc,phases,start] GC(250) Marking Phase
[98.164s][info][gc,phases      ] GC(250) Marking Phase 1321.668ms
[98.164s][info][gc,phases,start] GC(250) Summary Phase
[98.164s][info][gc,phases      ] GC(250) Summary Phase 0.063ms
[98.164s][info][gc,phases,start] GC(250) Adjust Roots
[98.164s][info][gc,phases      ] GC(250) Adjust Roots 0.175ms
[98.164s][info][gc,phases,start] GC(250) Compaction Phase
[98.519s][info][gc,phases      ] GC(250) Compaction Phase 355.123ms
[98.519s][info][gc,phases,start] GC(250) Post Compact
[98.528s][info][gc,phases      ] GC(250) Post Compact 8.322ms
[98.528s][info][gc,heap        ] GC(250) PSYoungGen: 137327K(297472K)->137327K(297472K) Eden: 78335K(78336K)->78335K(78336K) From: 58991K(219136K)->58991K(219136K)
[98.528s][info][gc,heap        ] GC(250) ParOldGen: 5598136K(5598208K)->5598136K(5598208K)
[98.528s][info][gc,metaspace   ] GC(250) Metaspace: 6298K(6464K)->6298K(6464K) NonClass: 5765K(5824K)->5765K(5824K) Class: 533K(640K)->533K(640K)
[98.528s][info][gc             ] GC(250) Pause Full (Ergonomics) 5601M->5601M(5757M) 1685.686ms
[98.528s][info][gc,cpu         ] GC(250) User=12.77s Sys=0.00s Real=1.68s
[98.528s][info][gc,start       ] GC(251) Pause Full (Ergonomics)
[98.528s][info][gc,phases,start] GC(251) Marking Phase
[99.849s][info][gc,phases      ] GC(251) Marking Phase 1320.726ms
[99.849s][info][gc,phases,start] GC(251) Summary Phase
[99.849s][info][gc,phases      ] GC(251) Summary Phase 0.063ms
[99.849s][info][gc,phases,start] GC(251) Adjust Roots
[99.849s][info][gc,phases      ] GC(251) Adjust Roots 0.175ms
[99.849s][info][gc,phases,start] GC(251) Compaction Phase
[100.207s][info][gc,phases      ] GC(251) Compaction Phase 358.014ms
[100.207s][info][gc,phases,start] GC(251) Post Compact
[100.216s][info][gc,phases      ] GC(251) Post Compact 8.432ms
[100.216s][info][gc,heap        ] GC(251) PSYoungGen: 137327K(297472K)->137327K(297472K) Eden: 78335K(78336K)->78335K(78336K) From: 58991K(219136K)->58991K(219136K)
[100.216s][info][gc,heap        ] GC(251) ParOldGen: 5598141K(5598208K)->5598141K(5598208K)
[100.216s][info][gc,metaspace   ] GC(251) Metaspace: 6298K(6464K)->6298K(6464K) NonClass: 5765K(5824K)->5765K(5824K) Class: 533K(640K)->533K(640K)
[100.216s][info][gc             ] GC(251) Pause Full (Ergonomics) 5601M->5601M(5757M) 1687.744ms
[100.216s][info][gc,cpu         ] GC(251) User=13.05s Sys=0.06s Real=1.69s
[100.216s][info][gc,start       ] GC(252) Pause Full (Ergonomics)
[100.216s][info][gc,phases,start] GC(252) Marking Phase
[101.556s][info][gc,phases      ] GC(252) Marking Phase 1339.677ms
[101.556s][info][gc,phases,start] GC(252) Summary Phase
[101.556s][info][gc,phases      ] GC(252) Summary Phase 0.066ms
[101.556s][info][gc,phases,start] GC(252) Adjust Roots
[101.556s][info][gc,phases      ] GC(252) Adjust Roots 0.214ms
[101.556s][info][gc,phases,start] GC(252) Compaction Phase
[101.909s][info][gc,phases      ] GC(252) Compaction Phase 352.408ms
[101.909s][info][gc,phases,start] GC(252) Post Compact
[101.916s][info][gc,phases      ] GC(252) Post Compact 7.377ms
[101.916s][info][gc,heap        ] GC(252) PSYoungGen: 137327K(297472K)->137327K(297472K) Eden: 78335K(78336K)->78335K(78336K) From: 58991K(219136K)->58991K(219136K)
[101.916s][info][gc,heap        ] GC(252) ParOldGen: 5598146K(5598208K)->5598146K(5598208K)
[101.916s][info][gc,metaspace   ] GC(252) Metaspace: 6298K(6464K)->6298K(6464K) NonClass: 5765K(5824K)->5765K(5824K) Class: 533K(640K)->533K(640K)
[101.916s][info][gc             ] GC(252) Pause Full (Ergonomics) 5601M->5601M(5757M) 1700.084ms
[101.916s][info][gc,cpu         ] GC(252) User=13.20s Sys=0.02s Real=1.70s
[101.916s][info][gc,start       ] GC(253) Pause Full (Ergonomics)
[101.916s][info][gc,phases,start] GC(253) Marking Phase
[103.253s][info][gc,phases      ] GC(253) Marking Phase 1337.039ms
[103.254s][info][gc,phases,start] GC(253) Summary Phase
[103.254s][info][gc,phases      ] GC(253) Summary Phase 0.097ms
[103.254s][info][gc,phases,start] GC(253) Adjust Roots
[103.254s][info][gc,phases      ] GC(253) Adjust Roots 0.300ms
[103.254s][info][gc,phases,start] GC(253) Compaction Phase
[103.609s][info][gc,phases      ] GC(253) Compaction Phase 355.341ms
[103.609s][info][gc,phases,start] GC(253) Post Compact
[103.618s][info][gc,phases      ] GC(253) Post Compact 8.311ms
[103.618s][info][gc,heap        ] GC(253) PSYoungGen: 137327K(297472K)->137327K(297472K) Eden: 78335K(78336K)->78335K(78336K) From: 58991K(219136K)->58991K(219136K)
[103.618s][info][gc,heap        ] GC(253) ParOldGen: 5598151K(5598208K)->5598151K(5598208K)
[103.618s][info][gc,metaspace   ] GC(253) Metaspace: 6298K(6464K)->6298K(6464K) NonClass: 5765K(5824K)->5765K(5824K) Class: 533K(640K)->533K(640K)
[103.618s][info][gc             ] GC(253) Pause Full (Ergonomics) 5601M->5601M(5757M) 1701.517ms
[103.618s][info][gc,cpu         ] GC(253) User=13.03s Sys=0.02s Real=1.70s
[103.618s][info][gc,start       ] GC(254) Pause Full (Ergonomics)
[103.618s][info][gc,phases,start] GC(254) Marking Phase
[104.966s][info][gc,phases      ] GC(254) Marking Phase 1348.142ms
[104.966s][info][gc,phases,start] GC(254) Summary Phase
[104.966s][info][gc,phases      ] GC(254) Summary Phase 0.066ms
[104.966s][info][gc,phases,start] GC(254) Adjust Roots
[104.967s][info][gc,phases      ] GC(254) Adjust Roots 0.246ms
[104.967s][info][gc,phases,start] GC(254) Compaction Phase
[105.329s][info][gc,phases      ] GC(254) Compaction Phase 362.381ms
[105.329s][info][gc,phases,start] GC(254) Post Compact
[105.337s][info][gc,phases      ] GC(254) Post Compact 7.437ms
[105.337s][info][gc,heap        ] GC(254) PSYoungGen: 137327K(297472K)->137327K(297472K) Eden: 78335K(78336K)->78335K(78336K) From: 58991K(219136K)->58991K(219136K)
[105.337s][info][gc,heap        ] GC(254) ParOldGen: 5598156K(5598208K)->5598156K(5598208K)
[105.337s][info][gc,metaspace   ] GC(254) Metaspace: 6298K(6464K)->6298K(6464K) NonClass: 5765K(5824K)->5765K(5824K) Class: 533K(640K)->533K(640K)
[105.337s][info][gc             ] GC(254) Pause Full (Ergonomics) 5601M->5601M(5757M) 1718.594ms
[105.337s][info][gc,cpu         ] GC(254) User=13.20s Sys=0.00s Real=1.72s
[105.337s][info][gc,start       ] GC(255) Pause Full (Ergonomics)
[105.337s][info][gc,phases,start] GC(255) Marking Phase
[106.659s][info][gc,phases      ] GC(255) Marking Phase 1321.652ms
[106.659s][info][gc,phases,start] GC(255) Summary Phase
[106.659s][info][gc,phases      ] GC(255) Summary Phase 0.061ms
[106.659s][info][gc,phases,start] GC(255) Adjust Roots
[106.659s][info][gc,phases      ] GC(255) Adjust Roots 0.195ms
[106.659s][info][gc,phases,start] GC(255) Compaction Phase
[107.013s][info][gc,phases      ] GC(255) Compaction Phase 354.413ms
[107.013s][info][gc,phases,start] GC(255) Post Compact
[107.021s][info][gc,phases      ] GC(255) Post Compact 7.129ms
[107.021s][info][gc,heap        ] GC(255) PSYoungGen: 137327K(297472K)->137327K(297472K) Eden: 78335K(78336K)->78335K(78336K) From: 58991K(219136K)->58991K(219136K)
[107.021s][info][gc,heap        ] GC(255) ParOldGen: 5598161K(5598208K)->5598161K(5598208K)
[107.021s][info][gc,metaspace   ] GC(255) Metaspace: 6298K(6464K)->6298K(6464K) NonClass: 5765K(5824K)->5765K(5824K) Class: 533K(640K)->533K(640K)
[107.021s][info][gc             ] GC(255) Pause Full (Ergonomics) 5601M->5601M(5757M) 1683.767ms
[107.021s][info][gc,cpu         ] GC(255) User=13.03s Sys=0.00s Real=1.68s
[107.021s][info][gc,start       ] GC(256) Pause Full (Ergonomics)
[107.021s][info][gc,phases,start] GC(256) Marking Phase
[108.360s][info][gc,phases      ] GC(256) Marking Phase 1338.796ms
[108.360s][info][gc,phases,start] GC(256) Summary Phase
[108.360s][info][gc,phases      ] GC(256) Summary Phase 0.082ms
[108.360s][info][gc,phases,start] GC(256) Adjust Roots
[108.360s][info][gc,phases      ] GC(256) Adjust Roots 0.225ms
[108.360s][info][gc,phases,start] GC(256) Compaction Phase
[108.722s][info][gc,phases      ] GC(256) Compaction Phase 362.339ms
[108.722s][info][gc,phases,start] GC(256) Post Compact
[108.730s][info][gc,phases      ] GC(256) Post Compact 7.419ms
[108.730s][info][gc,heap        ] GC(256) PSYoungGen: 137327K(297472K)->137327K(297472K) Eden: 78335K(78336K)->78335K(78336K) From: 58991K(219136K)->58991K(219136K)
[108.730s][info][gc,heap        ] GC(256) ParOldGen: 5598165K(5598208K)->5598165K(5598208K)
[108.730s][info][gc,metaspace   ] GC(256) Metaspace: 6298K(6464K)->6298K(6464K) NonClass: 5765K(5824K)->5765K(5824K) Class: 533K(640K)->533K(640K)
[108.730s][info][gc             ] GC(256) Pause Full (Ergonomics) 5601M->5601M(5757M) 1709.186ms
[108.730s][info][gc,cpu         ] GC(256) User=13.11s Sys=0.00s Real=1.71s
[108.730s][info][gc,start       ] GC(257) Pause Full (Ergonomics)
[108.730s][info][gc,phases,start] GC(257) Marking Phase
[110.088s][info][gc,phases      ] GC(257) Marking Phase 1357.538ms
[110.088s][info][gc,phases,start] GC(257) Summary Phase
[110.088s][info][gc,phases      ] GC(257) Summary Phase 0.062ms
[110.088s][info][gc,phases,start] GC(257) Adjust Roots
[110.088s][info][gc,phases      ] GC(257) Adjust Roots 0.191ms
[110.088s][info][gc,phases,start] GC(257) Compaction Phase
[110.448s][info][gc,phases      ] GC(257) Compaction Phase 360.092ms
[110.448s][info][gc,phases,start] GC(257) Post Compact
[110.456s][info][gc,phases      ] GC(257) Post Compact 7.463ms
[110.456s][info][gc,heap        ] GC(257) PSYoungGen: 137327K(297472K)->137327K(297472K) Eden: 78335K(78336K)->78335K(78336K) From: 58991K(219136K)->58991K(219136K)
[110.456s][info][gc,heap        ] GC(257) ParOldGen: 5598170K(5598208K)->5598170K(5598208K)
[110.456s][info][gc,metaspace   ] GC(257) Metaspace: 6298K(6464K)->6298K(6464K) NonClass: 5765K(5824K)->5765K(5824K) Class: 533K(640K)->533K(640K)
[110.456s][info][gc             ] GC(257) Pause Full (Ergonomics) 5601M->5601M(5757M) 1725.680ms
[110.456s][info][gc,cpu         ] GC(257) User=13.39s Sys=0.00s Real=1.73s
[110.456s][info][gc,start       ] GC(258) Pause Full (Ergonomics)
[110.456s][info][gc,phases,start] GC(258) Marking Phase
[111.810s][info][gc,phases      ] GC(258) Marking Phase 1353.969ms
[111.810s][info][gc,phases,start] GC(258) Summary Phase
[111.810s][info][gc,phases      ] GC(258) Summary Phase 0.091ms
[111.810s][info][gc,phases,start] GC(258) Adjust Roots
[111.811s][info][gc,phases      ] GC(258) Adjust Roots 0.291ms
[111.811s][info][gc,phases,start] GC(258) Compaction Phase
[112.166s][info][gc,phases      ] GC(258) Compaction Phase 355.829ms
[112.167s][info][gc,phases,start] GC(258) Post Compact
[112.174s][info][gc,phases      ] GC(258) Post Compact 7.348ms
[112.174s][info][gc,heap        ] GC(258) PSYoungGen: 137327K(297472K)->137327K(297472K) Eden: 78335K(78336K)->78335K(78336K) From: 58991K(219136K)->58991K(219136K)
[112.174s][info][gc,heap        ] GC(258) ParOldGen: 5598175K(5598208K)->5598175K(5598208K)
[112.174s][info][gc,metaspace   ] GC(258) Metaspace: 6298K(6464K)->6298K(6464K) NonClass: 5765K(5824K)->5765K(5824K) Class: 533K(640K)->533K(640K)
[112.174s][info][gc             ] GC(258) Pause Full (Ergonomics) 5601M->5601M(5757M) 1717.887ms
[112.174s][info][gc,cpu         ] GC(258) User=13.14s Sys=0.00s Real=1.72s
[112.174s][info][gc,start       ] GC(259) Pause Full (Ergonomics)
[112.174s][info][gc,phases,start] GC(259) Marking Phase
[113.509s][info][gc,phases      ] GC(259) Marking Phase 1334.418ms
[113.509s][info][gc,phases,start] GC(259) Summary Phase
[113.509s][info][gc,phases      ] GC(259) Summary Phase 0.070ms
[113.509s][info][gc,phases,start] GC(259) Adjust Roots
[113.509s][info][gc,phases      ] GC(259) Adjust Roots 0.204ms
[113.509s][info][gc,phases,start] GC(259) Compaction Phase
[113.872s][info][gc,phases      ] GC(259) Compaction Phase 362.558ms
[113.872s][info][gc,phases,start] GC(259) Post Compact
[113.879s][info][gc,phases      ] GC(259) Post Compact 7.298ms
[113.879s][info][gc,heap        ] GC(259) PSYoungGen: 137327K(297472K)->137327K(297472K) Eden: 78335K(78336K)->78335K(78336K) From: 58991K(219136K)->58991K(219136K)
[113.879s][info][gc,heap        ] GC(259) ParOldGen: 5598180K(5598208K)->5598180K(5598208K)
[113.879s][info][gc,metaspace   ] GC(259) Metaspace: 6298K(6464K)->6298K(6464K) NonClass: 5765K(5824K)->5765K(5824K) Class: 533K(640K)->533K(640K)
[113.879s][info][gc             ] GC(259) Pause Full (Ergonomics) 5601M->5601M(5757M) 1704.891ms
[113.879s][info][gc,cpu         ] GC(259) User=13.17s Sys=0.00s Real=1.70s
[113.879s][info][gc,start       ] GC(260) Pause Full (Ergonomics)
[113.879s][info][gc,phases,start] GC(260) Marking Phase
[115.215s][info][gc,phases      ] GC(260) Marking Phase 1335.380ms
[115.215s][info][gc,phases,start] GC(260) Summary Phase
[115.215s][info][gc,phases      ] GC(260) Summary Phase 0.061ms
[115.215s][info][gc,phases,start] GC(260) Adjust Roots
[115.215s][info][gc,phases      ] GC(260) Adjust Roots 0.162ms
[115.215s][info][gc,phases,start] GC(260) Compaction Phase
[115.569s][info][gc,phases      ] GC(260) Compaction Phase 353.764ms
[115.569s][info][gc,phases,start] GC(260) Post Compact
[115.578s][info][gc,phases      ] GC(260) Post Compact 8.909ms
[115.578s][info][gc,heap        ] GC(260) PSYoungGen: 137327K(297472K)->137327K(297472K) Eden: 78335K(78336K)->78335K(78336K) From: 58991K(219136K)->58991K(219136K)
[115.578s][info][gc,heap        ] GC(260) ParOldGen: 5598185K(5598208K)->5598185K(5598208K)
[115.578s][info][gc,metaspace   ] GC(260) Metaspace: 6298K(6464K)->6298K(6464K) NonClass: 5765K(5824K)->5765K(5824K) Class: 533K(640K)->533K(640K)
[115.578s][info][gc             ] GC(260) Pause Full (Ergonomics) 5601M->5601M(5757M) 1698.631ms
[115.578s][info][gc,cpu         ] GC(260) User=13.11s Sys=0.00s Real=1.70s
[115.578s][info][gc,start       ] GC(261) Pause Full (Ergonomics)
[115.578s][info][gc,phases,start] GC(261) Marking Phase
[116.931s][info][gc,phases      ] GC(261) Marking Phase 1353.225ms
[116.931s][info][gc,phases,start] GC(261) Summary Phase
[116.931s][info][gc,phases      ] GC(261) Summary Phase 0.061ms
[116.932s][info][gc,phases,start] GC(261) Adjust Roots
[116.932s][info][gc,phases      ] GC(261) Adjust Roots 0.171ms
[116.932s][info][gc,phases,start] GC(261) Compaction Phase
[117.298s][info][gc,phases      ] GC(261) Compaction Phase 366.139ms
[117.298s][info][gc,phases,start] GC(261) Post Compact
[117.306s][info][gc,phases      ] GC(261) Post Compact 8.559ms
[117.307s][info][gc,heap        ] GC(261) PSYoungGen: 137327K(297472K)->137327K(297472K) Eden: 78335K(78336K)->78335K(78336K) From: 58991K(219136K)->58991K(219136K)
[117.307s][info][gc,heap        ] GC(261) ParOldGen: 5598190K(5598208K)->5598190K(5598208K)
[117.307s][info][gc,metaspace   ] GC(261) Metaspace: 6298K(6464K)->6298K(6464K) NonClass: 5765K(5824K)->5765K(5824K) Class: 533K(640K)->533K(640K)
[117.307s][info][gc             ] GC(261) Pause Full (Ergonomics) 5601M->5601M(5757M) 1728.484ms
[117.307s][info][gc,cpu         ] GC(261) User=13.36s Sys=0.00s Real=1.73s
[117.307s][info][gc,start       ] GC(262) Pause Full (Ergonomics)
[117.307s][info][gc,phases,start] GC(262) Marking Phase
[118.644s][info][gc,phases      ] GC(262) Marking Phase 1337.029ms
[118.644s][info][gc,phases,start] GC(262) Summary Phase
[118.644s][info][gc,phases      ] GC(262) Summary Phase 0.062ms
[118.644s][info][gc,phases,start] GC(262) Adjust Roots
[118.644s][info][gc,phases      ] GC(262) Adjust Roots 0.177ms
[118.644s][info][gc,phases,start] GC(262) Compaction Phase
[119.014s][info][gc,phases      ] GC(262) Compaction Phase 369.802ms
[119.014s][info][gc,phases,start] GC(262) Post Compact
[119.022s][info][gc,phases      ] GC(262) Post Compact 7.819ms
[119.022s][info][gc,heap        ] GC(262) PSYoungGen: 137327K(297472K)->137327K(297472K) Eden: 78335K(78336K)->78335K(78336K) From: 58991K(219136K)->58991K(219136K)
[119.022s][info][gc,heap        ] GC(262) ParOldGen: 5598194K(5598208K)->5598194K(5598208K)
[119.022s][info][gc,metaspace   ] GC(262) Metaspace: 6298K(6464K)->6298K(6464K) NonClass: 5765K(5824K)->5765K(5824K) Class: 533K(640K)->533K(640K)
[119.022s][info][gc             ] GC(262) Pause Full (Ergonomics) 5601M->5601M(5757M) 1715.221ms
[119.022s][info][gc,cpu         ] GC(262) User=13.12s Sys=0.00s Real=1.72s
[119.022s][info][gc,start       ] GC(263) Pause Full (Ergonomics)
[119.022s][info][gc,phases,start] GC(263) Marking Phase
[120.366s][info][gc,phases      ] GC(263) Marking Phase 1343.419ms
[120.366s][info][gc,phases,start] GC(263) Summary Phase
[120.366s][info][gc,phases      ] GC(263) Summary Phase 0.062ms
[120.366s][info][gc,phases,start] GC(263) Adjust Roots
[120.366s][info][gc,phases      ] GC(263) Adjust Roots 0.182ms
[120.366s][info][gc,phases,start] GC(263) Compaction Phase
[120.729s][info][gc,phases      ] GC(263) Compaction Phase 363.305ms
[120.729s][info][gc,phases,start] GC(263) Post Compact
[120.737s][info][gc,phases      ] GC(263) Post Compact 7.635ms
[120.737s][info][gc,heap        ] GC(263) PSYoungGen: 137327K(297472K)->137327K(297472K) Eden: 78335K(78336K)->78335K(78336K) From: 58991K(219136K)->58991K(219136K)
[120.737s][info][gc,heap        ] GC(263) ParOldGen: 5598199K(5598208K)->5598199K(5598208K)
[120.737s][info][gc,metaspace   ] GC(263) Metaspace: 6298K(6464K)->6298K(6464K) NonClass: 5765K(5824K)->5765K(5824K) Class: 533K(640K)->533K(640K)
[120.737s][info][gc             ] GC(263) Pause Full (Ergonomics) 5601M->5601M(5757M) 1714.947ms
[120.737s][info][gc,cpu         ] GC(263) User=13.25s Sys=0.00s Real=1.71s
[120.737s][info][gc,start       ] GC(264) Pause Full (Ergonomics)
[120.737s][info][gc,phases,start] GC(264) Marking Phase
[122.081s][info][gc,phases      ] GC(264) Marking Phase 1343.564ms
[122.081s][info][gc,phases,start] GC(264) Summary Phase
[122.081s][info][gc,phases      ] GC(264) Summary Phase 0.062ms
[122.081s][info][gc,phases,start] GC(264) Adjust Roots
[122.081s][info][gc,phases      ] GC(264) Adjust Roots 0.168ms
[122.081s][info][gc,phases,start] GC(264) Compaction Phase
[122.446s][info][gc,phases      ] GC(264) Compaction Phase 364.696ms
[122.446s][info][gc,phases,start] GC(264) Post Compact
[122.454s][info][gc,phases      ] GC(264) Post Compact 8.029ms
[122.454s][info][gc,heap        ] GC(264) PSYoungGen: 137327K(297472K)->137327K(297472K) Eden: 78335K(78336K)->78335K(78336K) From: 58991K(219136K)->58991K(219136K)
[122.454s][info][gc,heap        ] GC(264) ParOldGen: 5598204K(5598208K)->5598204K(5598208K)
[122.454s][info][gc,metaspace   ] GC(264) Metaspace: 6298K(6464K)->6298K(6464K) NonClass: 5765K(5824K)->5765K(5824K) Class: 533K(640K)->533K(640K)
[122.454s][info][gc             ] GC(264) Pause Full (Ergonomics) 5601M->5601M(5757M) 1716.869ms
[122.454s][info][gc,cpu         ] GC(264) User=13.16s Sys=0.00s Real=1.72s
[122.454s][info][gc,start       ] GC(265) Pause Full (Ergonomics)
[122.455s][info][gc,phases,start] GC(265) Marking Phase
[123.791s][info][gc,phases      ] GC(265) Marking Phase 1336.364ms
[123.791s][info][gc,phases,start] GC(265) Summary Phase
[123.791s][info][gc,phases      ] GC(265) Summary Phase 0.062ms
[123.791s][info][gc,phases,start] GC(265) Adjust Roots
[123.791s][info][gc,phases      ] GC(265) Adjust Roots 0.166ms
[123.791s][info][gc,phases,start] GC(265) Compaction Phase
[124.149s][info][gc,phases      ] GC(265) Compaction Phase 358.021ms
[124.149s][info][gc,phases,start] GC(265) Post Compact
[124.158s][info][gc,phases      ] GC(265) Post Compact 8.657ms
[124.158s][info][gc,heap        ] GC(265) PSYoungGen: 137327K(297472K)->137327K(297472K) Eden: 78335K(78336K)->78335K(78336K) From: 58991K(219136K)->58991K(219136K)
[124.158s][info][gc,heap        ] GC(265) ParOldGen: 5598207K(5598208K)->5598207K(5598208K)
[124.158s][info][gc,metaspace   ] GC(265) Metaspace: 6298K(6464K)->6298K(6464K) NonClass: 5765K(5824K)->5765K(5824K) Class: 533K(640K)->533K(640K)
[124.158s][info][gc             ] GC(265) Pause Full (Ergonomics) 5601M->5601M(5757M) 1703.626ms
[124.158s][info][gc,cpu         ] GC(265) User=13.16s Sys=0.00s Real=1.70s
[124.158s][info][gc,start       ] GC(266) Pause Full (Allocation Failure)
[124.158s][info][gc,phases,start] GC(266) Marking Phase
[125.498s][info][gc,phases      ] GC(266) Marking Phase 1339.297ms
[125.498s][info][gc,phases,start] GC(266) Summary Phase
[125.498s][info][gc,phases      ] GC(266) Summary Phase 0.063ms
[125.498s][info][gc,phases,start] GC(266) Adjust Roots
[125.498s][info][gc,phases      ] GC(266) Adjust Roots 0.413ms
[125.498s][info][gc,phases,start] GC(266) Compaction Phase
[126.919s][info][gc,phases      ] GC(266) Compaction Phase 1420.983ms
[126.919s][info][gc,phases,start] GC(266) Post Compact
[126.928s][info][gc,phases      ] GC(266) Post Compact 8.504ms
[126.928s][info][gc,heap        ] GC(266) PSYoungGen: 137327K(297472K)->137327K(297472K) Eden: 78335K(78336K)->78335K(78336K) From: 58991K(219136K)->58991K(219136K)
[126.928s][info][gc,heap        ] GC(266) ParOldGen: 5598207K(5598208K)->5598203K(5598208K)
[126.928s][info][gc,metaspace   ] GC(266) Metaspace: 6298K(6464K)->6296K(6464K) NonClass: 5765K(5824K)->5763K(5824K) Class: 533K(640K)->532K(640K)
[126.928s][info][gc             ] GC(266) Pause Full (Allocation Failure) 5601M->5601M(5757M) 2769.577ms
[126.928s][info][gc,cpu         ] GC(266) User=20.80s Sys=0.02s Real=2.77s
[126.928s][info][gc,start       ] GC(267) Pause Full (Ergonomics)
[126.928s][info][gc,phases,start] GC(267) Marking Phase
[128.240s][info][gc,phases      ] GC(267) Marking Phase 1312.195ms
[128.240s][info][gc,phases,start] GC(267) Summary Phase
[128.241s][info][gc,phases      ] GC(267) Summary Phase 0.068ms
[128.241s][info][gc,phases,start] GC(267) Adjust Roots
[128.241s][info][gc,phases      ] GC(267) Adjust Roots 0.196ms
[128.241s][info][gc,phases,start] GC(267) Compaction Phase
[128.601s][info][gc,phases      ] GC(267) Compaction Phase 360.320ms
[128.601s][info][gc,phases,start] GC(267) Post Compact
[128.609s][info][gc,phases      ] GC(267) Post Compact 8.189ms
[128.609s][info][gc,heap        ] GC(267) PSYoungGen: 137327K(297472K)->137327K(297472K) Eden: 78335K(78336K)->78335K(78336K) From: 58991K(219136K)->58991K(219136K)
[128.609s][info][gc,heap        ] GC(267) ParOldGen: 5598204K(5598208K)->5598204K(5598208K)
[128.609s][info][gc,metaspace   ] GC(267) Metaspace: 6296K(6464K)->6296K(6464K) NonClass: 5763K(5824K)->5763K(5824K) Class: 532K(640K)->532K(640K)
[128.609s][info][gc             ] GC(267) Pause Full (Ergonomics) 5601M->5601M(5757M) 1681.297ms
[128.609s][info][gc,cpu         ] GC(267) User=12.97s Sys=0.00s Real=1.68s
[128.610s][info][gc,start       ] GC(268) Pause Full (Ergonomics)
[128.610s][info][gc,phases,start] GC(268) Marking Phase
[129.961s][info][gc,phases      ] GC(268) Marking Phase 1350.825ms
[129.961s][info][gc,phases,start] GC(268) Summary Phase
[129.961s][info][gc,phases      ] GC(268) Summary Phase 0.061ms
[129.961s][info][gc,phases,start] GC(268) Adjust Roots
[129.961s][info][gc,phases      ] GC(268) Adjust Roots 0.202ms
[129.961s][info][gc,phases,start] GC(268) Compaction Phase
[130.316s][info][gc,phases      ] GC(268) Compaction Phase 355.336ms
[130.317s][info][gc,phases,start] GC(268) Post Compact
[130.324s][info][gc,phases      ] GC(268) Post Compact 6.992ms
[130.324s][info][gc,heap        ] GC(268) PSYoungGen: 137327K(297472K)->137327K(297472K) Eden: 78335K(78336K)->78335K(78336K) From: 58991K(219136K)->58991K(219136K)
[130.324s][info][gc,heap        ] GC(268) ParOldGen: 5598207K(5598208K)->5598207K(5598208K)
[130.324s][info][gc,metaspace   ] GC(268) Metaspace: 6296K(6464K)->6296K(6464K) NonClass: 5763K(5824K)->5763K(5824K) Class: 532K(640K)->532K(640K)
[130.324s][info][gc             ] GC(268) Pause Full (Ergonomics) 5601M->5601M(5757M) 1713.747ms
[130.324s][info][gc,cpu         ] GC(268) User=13.34s Sys=0.00s Real=1.71s
[130.324s][info][gc,start       ] GC(269) Pause Full (Allocation Failure)
[130.324s][info][gc,phases,start] GC(269) Marking Phase
[131.676s][info][gc,phases      ] GC(269) Marking Phase 1351.991ms
[131.676s][info][gc,phases,start] GC(269) Summary Phase
[131.676s][info][gc,phases      ] GC(269) Summary Phase 0.062ms
[131.676s][info][gc,phases,start] GC(269) Adjust Roots
[131.676s][info][gc,phases      ] GC(269) Adjust Roots 0.188ms
[131.676s][info][gc,phases,start] GC(269) Compaction Phase
[132.035s][info][gc,phases      ] GC(269) Compaction Phase 359.374ms
[132.036s][info][gc,phases,start] GC(269) Post Compact
[132.043s][info][gc,phases      ] GC(269) Post Compact 7.099ms
[132.043s][info][gc,heap        ] GC(269) PSYoungGen: 137327K(297472K)->137327K(297472K) Eden: 78335K(78336K)->78335K(78336K) From: 58991K(219136K)->58991K(219136K)
[132.043s][info][gc,heap        ] GC(269) ParOldGen: 5598207K(5598208K)->5598207K(5598208K)
[132.043s][info][gc,metaspace   ] GC(269) Metaspace: 6296K(6464K)->6296K(6464K) NonClass: 5763K(5824K)->5763K(5824K) Class: 532K(640K)->532K(640K)
[132.043s][info][gc             ] GC(269) Pause Full (Allocation Failure) 5601M->5601M(5757M) 1719.041ms
[132.043s][info][gc,cpu         ] GC(269) User=13.38s Sys=0.00s Real=1.72s
[132.043s][info][gc,start       ] GC(270) Pause Full (Ergonomics)
[132.043s][info][gc,phases,start] GC(270) Marking Phase
[133.376s][info][gc,phases      ] GC(270) Marking Phase 1332.750ms
[133.376s][info][gc,phases,start] GC(270) Summary Phase
[133.376s][info][gc,phases      ] GC(270) Summary Phase 0.065ms
[133.376s][info][gc,phases,start] GC(270) Adjust Roots
[133.376s][info][gc,phases      ] GC(270) Adjust Roots 0.260ms
[133.376s][info][gc,phases,start] GC(270) Compaction Phase
[134.797s][info][gc,phases      ] GC(270) Compaction Phase 1420.941ms
[134.797s][info][gc,phases,start] GC(270) Post Compact
[134.806s][info][gc,phases      ] GC(270) Post Compact 8.472ms
[134.806s][info][gc,heap        ] GC(270) PSYoungGen: 137327K(297472K)->137327K(297472K) Eden: 78335K(78336K)->78335K(78336K) From: 58991K(219136K)->58991K(219136K)
[134.806s][info][gc,heap        ] GC(270) ParOldGen: 5598208K(5598208K)->5598206K(5598208K)
[134.806s][info][gc,metaspace   ] GC(270) Metaspace: 6296K(6464K)->6296K(6464K) NonClass: 5763K(5824K)->5763K(5824K) Class: 532K(640K)->532K(640K)
[134.806s][info][gc             ] GC(270) Pause Full (Ergonomics) 5601M->5601M(5757M) 2762.836ms
[134.806s][info][gc,cpu         ] GC(270) User=20.89s Sys=0.00s Real=2.76s
[134.807s][info][gc,start       ] GC(271) Pause Full (Ergonomics)
[134.807s][info][gc,phases,start] GC(271) Marking Phase
[136.115s][info][gc,phases      ] GC(271) Marking Phase 1308.075ms
[136.115s][info][gc,phases,start] GC(271) Summary Phase
[136.115s][info][gc,phases      ] GC(271) Summary Phase 0.063ms
[136.115s][info][gc,phases,start] GC(271) Adjust Roots
[136.115s][info][gc,phases      ] GC(271) Adjust Roots 0.250ms
[136.116s][info][gc,phases,start] GC(271) Compaction Phase
[137.532s][info][gc,phases      ] GC(271) Compaction Phase 1416.062ms
[137.532s][info][gc,phases,start] GC(271) Post Compact
[137.541s][info][gc,phases      ] GC(271) Post Compact 8.884ms
[137.541s][info][gc,heap        ] GC(271) PSYoungGen: 137327K(297472K)->137327K(297472K) Eden: 78335K(78336K)->78335K(78336K) From: 58991K(219136K)->58991K(219136K)
[137.541s][info][gc,heap        ] GC(271) ParOldGen: 5598207K(5598208K)->5598206K(5598208K)
[137.541s][info][gc,metaspace   ] GC(271) Metaspace: 6297K(6464K)->6297K(6464K) NonClass: 5763K(5824K)->5763K(5824K) Class: 533K(640K)->533K(640K)
[137.541s][info][gc             ] GC(271) Pause Full (Ergonomics) 5601M->5601M(5757M) 2733.714ms
[137.541s][info][gc,cpu         ] GC(271) User=20.28s Sys=0.03s Real=2.73s
[137.542s][info][gc,heap,exit   ] Heap
[137.542s][info][gc,heap,exit   ]  PSYoungGen      total 297472K, used 137327K [0x0000000755300000, 0x0000000775a00000, 0x0000000800000000)
[137.542s][info][gc,heap,exit   ]   eden space 78336K, 99% used [0x0000000755300000,0x0000000759f7fff8,0x0000000759f80000)
[137.542s][info][gc,heap,exit   ]   from space 219136K, 26% used [0x0000000759f80000,0x000000075d91bf88,0x0000000767580000)
[137.542s][info][gc,heap,exit   ]   to   space 222208K, 0% used [0x0000000768100000,0x0000000768100000,0x0000000775a00000)
[137.542s][info][gc,heap,exit   ]  ParOldGen       total 5598208K, used 5598207K [0x00000005ff800000, 0x0000000755300000, 0x0000000755300000)
[137.542s][info][gc,heap,exit   ]   object space 5598208K, 99% used [0x00000005ff800000,0x00000007552ffce8,0x0000000755300000)
[137.542s][info][gc,heap,exit   ]  Metaspace       used 6301K, committed 6464K, reserved 1114112K
[137.542s][info][gc,heap,exit   ]   class space    used 534K, committed 640K, reserved 1048576K
