[0.014s][info][gc,init] CardTable entry size: 512
[0.014s][info][gc     ] Using Parallel
[0.015s][info][gc,init] Version: 18.0.1+10 (release)
[0.015s][info][gc,init] CPUs: 8 total, 8 available
[0.015s][info][gc,init] Memory: 16063M
[0.015s][info][gc,init] Large Page Support: Disabled
[0.015s][info][gc,init] NUMA Support: Disabled
[0.015s][info][gc,init] Compressed Oops: Enabled (32-bit)
[0.015s][info][gc,init] Alignments: Space 512K, Generation 512K, Heap 2M
[0.015s][info][gc,init] Heap Min Capacity: 2M
[0.015s][info][gc,init] Heap Initial Capacity: 2M
[0.015s][info][gc,init] Heap Max Capacity: 100M
[0.015s][info][gc,init] Pre-touch: Disabled
[0.015s][info][gc,init] Parallel Workers: 8
[0.016s][info][gc,metaspace] CDS archive(s) not mapped
[0.016s][info][gc,metaspace] Compressed class space mapped at: 0x0000000100000000-0x0000000140000000, reserved size: 1073741824
[0.016s][info][gc,metaspace] Narrow klass base: 0x0000000000000000, Narrow klass shift: 3, Narrow klass range: 0x140000000
[0.126s][info][gc,start    ] GC(0) Pause Young (Allocation Failure)
[0.127s][info][gc,heap     ] GC(0) PSYoungGen: 512K(1024K)->480K(1024K) Eden: 512K(512K)->0K(512K) From: 0K(512K)->480K(512K)
[0.127s][info][gc,heap     ] GC(0) ParOldGen: 0K(512K)->8K(512K)
[0.127s][info][gc,metaspace] GC(0) Metaspace: 4229K(4352K)->4229K(4352K) NonClass: 3908K(3968K)->3908K(3968K) Class: 321K(384K)->321K(384K)
[0.127s][info][gc          ] GC(0) Pause Young (Allocation Failure) 0M->0M(1M) 1.349ms
[0.127s][info][gc,cpu      ] GC(0) User=0.00s Sys=0.02s Real=0.00s
[0.187s][info][gc,start    ] GC(1) Pause Young (Allocation Failure)
[0.188s][info][gc,heap     ] GC(1) PSYoungGen: 991K(1024K)->512K(1536K) Eden: 511K(512K)->0K(1024K) From: 480K(512K)->512K(512K)
[0.188s][info][gc,heap     ] GC(1) ParOldGen: 8K(512K)->72K(512K)
[0.188s][info][gc,metaspace] GC(1) Metaspace: 5878K(6016K)->5878K(6016K) NonClass: 5381K(5504K)->5381K(5504K) Class: 496K(512K)->496K(512K)
[0.188s][info][gc          ] GC(1) Pause Young (Allocation Failure) 0M->0M(2M) 0.868ms
[0.188s][info][gc,cpu      ] GC(1) User=0.00s Sys=0.00s Real=0.00s
[0.210s][info][gc,start    ] GC(2) Pause Young (Allocation Failure)
[0.211s][info][gc,heap     ] GC(2) PSYoungGen: 1536K(1536K)->512K(1536K) Eden: 1024K(1024K)->0K(1024K) From: 512K(512K)->512K(512K)
[0.211s][info][gc,heap     ] GC(2) ParOldGen: 72K(512K)->504K(512K)
[0.211s][info][gc,metaspace] GC(2) Metaspace: 6297K(6464K)->6297K(6464K) NonClass: 5763K(5824K)->5763K(5824K) Class: 533K(640K)->533K(640K)
[0.211s][info][gc          ] GC(2) Pause Young (Allocation Failure) 1M->0M(2M) 1.330ms
[0.211s][info][gc,cpu      ] GC(2) User=0.00s Sys=0.00s Real=0.00s
[0.211s][info][gc,start    ] GC(3) Pause Full (Ergonomics)
[0.211s][info][gc,phases,start] GC(3) Marking Phase
[0.212s][info][gc,phases      ] GC(3) Marking Phase 1.018ms
[0.212s][info][gc,phases,start] GC(3) Summary Phase
[0.212s][info][gc,phases      ] GC(3) Summary Phase 0.017ms
[0.212s][info][gc,phases,start] GC(3) Adjust Roots
[0.213s][info][gc,phases      ] GC(3) Adjust Roots 0.370ms
[0.213s][info][gc,phases,start] GC(3) Compaction Phase
[0.215s][info][gc,phases      ] GC(3) Compaction Phase 1.879ms
[0.215s][info][gc,phases,start] GC(3) Post Compact
[0.215s][info][gc,phases      ] GC(3) Post Compact 0.074ms
[0.215s][info][gc,heap        ] GC(3) PSYoungGen: 512K(1536K)->507K(1536K) Eden: 0K(1024K)->0K(1024K) From: 512K(512K)->507K(512K)
[0.215s][info][gc,heap        ] GC(3) ParOldGen: 504K(512K)->473K(2048K)
[0.215s][info][gc,metaspace   ] GC(3) Metaspace: 6297K(6464K)->6297K(6464K) NonClass: 5763K(5824K)->5763K(5824K) Class: 533K(640K)->533K(640K)
[0.215s][info][gc             ] GC(3) Pause Full (Ergonomics) 0M->0M(3M) 3.631ms
[0.215s][info][gc,cpu         ] GC(3) User=0.00s Sys=0.00s Real=0.00s
[0.216s][info][gc,start       ] GC(4) Pause Young (Allocation Failure)
[0.218s][info][gc,heap        ] GC(4) PSYoungGen: 1531K(1536K)->480K(2560K) Eden: 1024K(1024K)->0K(2048K) From: 507K(512K)->480K(512K)
[0.218s][info][gc,heap        ] GC(4) ParOldGen: 473K(2048K)->1037K(2048K)
[0.218s][info][gc,metaspace   ] GC(4) Metaspace: 6297K(6464K)->6297K(6464K) NonClass: 5763K(5824K)->5763K(5824K) Class: 533K(640K)->533K(640K)
[0.218s][info][gc             ] GC(4) Pause Young (Allocation Failure) 1M->1M(4M) 1.711ms
[0.218s][info][gc,cpu         ] GC(4) User=0.00s Sys=0.00s Real=0.00s
[0.221s][info][gc,start       ] GC(5) Pause Young (Allocation Failure)
[0.223s][info][gc,heap        ] GC(5) PSYoungGen: 2528K(2560K)->480K(2560K) Eden: 2048K(2048K)->0K(2048K) From: 480K(512K)->480K(512K)
[0.223s][info][gc,heap        ] GC(5) ParOldGen: 1037K(2048K)->2106K(2560K)
[0.223s][info][gc,metaspace   ] GC(5) Metaspace: 6297K(6464K)->6297K(6464K) NonClass: 5763K(5824K)->5763K(5824K) Class: 533K(640K)->533K(640K)
[0.223s][info][gc             ] GC(5) Pause Young (Allocation Failure) 3M->2M(5M) 2.205ms
[0.223s][info][gc,cpu         ] GC(5) User=0.00s Sys=0.00s Real=0.00s
[0.223s][info][gc,start       ] GC(6) Pause Full (Ergonomics)
[0.223s][info][gc,phases,start] GC(6) Marking Phase
[0.225s][info][gc,phases      ] GC(6) Marking Phase 1.812ms
[0.225s][info][gc,phases,start] GC(6) Summary Phase
[0.225s][info][gc,phases      ] GC(6) Summary Phase 0.016ms
[0.225s][info][gc,phases,start] GC(6) Adjust Roots
[0.225s][info][gc,phases      ] GC(6) Adjust Roots 0.368ms
[0.225s][info][gc,phases,start] GC(6) Compaction Phase
[0.228s][info][gc,phases      ] GC(6) Compaction Phase 2.349ms
[0.228s][info][gc,phases,start] GC(6) Post Compact
[0.228s][info][gc,phases      ] GC(6) Post Compact 0.036ms
[0.228s][info][gc,heap        ] GC(6) PSYoungGen: 480K(2560K)->0K(4096K) Eden: 0K(2048K)->0K(3072K) From: 480K(512K)->0K(1024K)
[0.228s][info][gc,heap        ] GC(6) ParOldGen: 2106K(2560K)->2542K(6144K)
[0.228s][info][gc,metaspace   ] GC(6) Metaspace: 6297K(6464K)->6297K(6464K) NonClass: 5763K(5824K)->5763K(5824K) Class: 533K(640K)->533K(640K)
[0.228s][info][gc             ] GC(6) Pause Full (Ergonomics) 2M->2M(10M) 4.973ms
[0.228s][info][gc,cpu         ] GC(6) User=0.00s Sys=0.00s Real=0.01s
[0.233s][info][gc,start       ] GC(7) Pause Young (Allocation Failure)
[0.235s][info][gc,heap        ] GC(7) PSYoungGen: 3072K(4096K)->1696K(5120K) Eden: 3072K(3072K)->0K(3072K) From: 0K(1024K)->1696K(2048K)
[0.235s][info][gc,heap        ] GC(7) ParOldGen: 2542K(6144K)->2542K(6144K)
[0.235s][info][gc,metaspace   ] GC(7) Metaspace: 6297K(6464K)->6297K(6464K) NonClass: 5763K(5824K)->5763K(5824K) Class: 533K(640K)->533K(640K)
[0.235s][info][gc             ] GC(7) Pause Young (Allocation Failure) 5M->4M(11M) 1.740ms
[0.235s][info][gc,cpu         ] GC(7) User=0.00s Sys=0.00s Real=0.00s
[0.239s][info][gc,start       ] GC(8) Pause Young (Allocation Failure)
[0.242s][info][gc,heap        ] GC(8) PSYoungGen: 4768K(5120K)->2016K(5632K) Eden: 3072K(3072K)->0K(3584K) From: 1696K(2048K)->2016K(2048K)
[0.242s][info][gc,heap        ] GC(8) ParOldGen: 2542K(6144K)->3774K(6144K)
[0.242s][info][gc,metaspace   ] GC(8) Metaspace: 6297K(6464K)->6297K(6464K) NonClass: 5763K(5824K)->5763K(5824K) Class: 533K(640K)->533K(640K)
[0.242s][info][gc             ] GC(8) Pause Young (Allocation Failure) 7M->5M(11M) 2.719ms
[0.242s][info][gc,cpu         ] GC(8) User=0.00s Sys=0.00s Real=0.00s
[0.246s][info][gc,start       ] GC(9) Pause Young (Allocation Failure)
[0.250s][info][gc,heap        ] GC(9) PSYoungGen: 5600K(5632K)->3040K(6656K) Eden: 3584K(3584K)->0K(3584K) From: 2016K(2048K)->3040K(3072K)
[0.250s][info][gc,heap        ] GC(9) ParOldGen: 3774K(6144K)->4614K(6144K)
[0.250s][info][gc,metaspace   ] GC(9) Metaspace: 6297K(6464K)->6297K(6464K) NonClass: 5763K(5824K)->5763K(5824K) Class: 533K(640K)->533K(640K)
[0.250s][info][gc             ] GC(9) Pause Young (Allocation Failure) 9M->7M(12M) 3.526ms
[0.250s][info][gc,cpu         ] GC(9) User=0.00s Sys=0.00s Real=0.00s
[0.254s][info][gc,start       ] GC(10) Pause Young (Allocation Failure)
[0.258s][info][gc,heap        ] GC(10) PSYoungGen: 6624K(6656K)->4064K(8704K) Eden: 3584K(3584K)->0K(4608K) From: 3040K(3072K)->4064K(4096K)
[0.258s][info][gc,heap        ] GC(10) ParOldGen: 4614K(6144K)->5454K(6144K)
[0.258s][info][gc,metaspace   ] GC(10) Metaspace: 6297K(6464K)->6297K(6464K) NonClass: 5763K(5824K)->5763K(5824K) Class: 533K(640K)->533K(640K)
[0.258s][info][gc             ] GC(10) Pause Young (Allocation Failure) 10M->9M(14M) 4.279ms
[0.258s][info][gc,cpu         ] GC(10) User=0.00s Sys=0.00s Real=0.00s
[0.258s][info][gc,start       ] GC(11) Pause Full (Ergonomics)
[0.258s][info][gc,phases,start] GC(11) Marking Phase
[0.263s][info][gc,phases      ] GC(11) Marking Phase 4.940ms
[0.263s][info][gc,phases,start] GC(11) Summary Phase
[0.263s][info][gc,phases      ] GC(11) Summary Phase 0.016ms
[0.263s][info][gc,phases,start] GC(11) Adjust Roots
[0.264s][info][gc,phases      ] GC(11) Adjust Roots 0.342ms
[0.264s][info][gc,phases,start] GC(11) Compaction Phase
[0.270s][info][gc,phases      ] GC(11) Compaction Phase 6.009ms
[0.270s][info][gc,phases,start] GC(11) Post Compact
[0.270s][info][gc,phases      ] GC(11) Post Compact 0.061ms
[0.270s][info][gc,heap        ] GC(11) PSYoungGen: 4064K(8704K)->3545K(8704K) Eden: 0K(4608K)->0K(4608K) From: 4064K(4096K)->3545K(4096K)
[0.270s][info][gc,heap        ] GC(11) ParOldGen: 5454K(6144K)->5831K(10752K)
[0.270s][info][gc,metaspace   ] GC(11) Metaspace: 6297K(6464K)->6297K(6464K) NonClass: 5763K(5824K)->5763K(5824K) Class: 533K(640K)->533K(640K)
[0.270s][info][gc             ] GC(11) Pause Full (Ergonomics) 9M->9M(19M) 11.709ms
[0.270s][info][gc,cpu         ] GC(11) User=0.00s Sys=0.00s Real=0.01s
[0.275s][info][gc,start       ] GC(12) Pause Young (Allocation Failure)
[0.278s][info][gc,heap        ] GC(12) PSYoungGen: 8013K(8704K)->5088K(9728K) Eden: 4468K(4608K)->0K(4608K) From: 3545K(4096K)->5088K(5120K)
[0.278s][info][gc,heap        ] GC(12) ParOldGen: 5831K(10752K)->6615K(10752K)
[0.278s][info][gc,metaspace   ] GC(12) Metaspace: 6297K(6464K)->6297K(6464K) NonClass: 5763K(5824K)->5763K(5824K) Class: 533K(640K)->533K(640K)
[0.279s][info][gc             ] GC(12) Pause Young (Allocation Failure) 13M->11M(20M) 3.786ms
[0.279s][info][gc,cpu         ] GC(12) User=0.00s Sys=0.00s Real=0.00s
[0.284s][info][gc,start       ] GC(13) Pause Young (Allocation Failure)
[0.289s][info][gc,heap        ] GC(13) PSYoungGen: 9696K(9728K)->6112K(11264K) Eden: 4608K(4608K)->0K(5120K) From: 5088K(5120K)->6112K(6144K)
[0.289s][info][gc,heap        ] GC(13) ParOldGen: 6615K(10752K)->7991K(10752K)
[0.289s][info][gc,metaspace   ] GC(13) Metaspace: 6297K(6464K)->6297K(6464K) NonClass: 5763K(5824K)->5763K(5824K) Class: 533K(640K)->533K(640K)
[0.289s][info][gc             ] GC(13) Pause Young (Allocation Failure) 15M->13M(21M) 5.678ms
[0.289s][info][gc,cpu         ] GC(13) User=0.00s Sys=0.00s Real=0.00s
[0.294s][info][gc,start       ] GC(14) Pause Young (Allocation Failure)
[0.299s][info][gc,heap        ] GC(14) PSYoungGen: 11232K(11264K)->5216K(12800K) Eden: 5120K(5120K)->0K(5120K) From: 6112K(6144K)->5216K(7680K)
[0.299s][info][gc,heap        ] GC(14) ParOldGen: 7991K(10752K)->11583K(11776K)
[0.299s][info][gc,metaspace   ] GC(14) Metaspace: 6299K(6464K)->6299K(6464K) NonClass: 5765K(5824K)->5765K(5824K) Class: 533K(640K)->533K(640K)
[0.299s][info][gc             ] GC(14) Pause Young (Allocation Failure) 18M->16M(24M) 5.309ms
[0.299s][info][gc,cpu         ] GC(14) User=0.00s Sys=0.00s Real=0.00s
[0.299s][info][gc,start       ] GC(15) Pause Full (Ergonomics)
[0.299s][info][gc,phases,start] GC(15) Marking Phase
[0.306s][info][gc,phases      ] GC(15) Marking Phase 7.190ms
[0.306s][info][gc,phases,start] GC(15) Summary Phase
[0.306s][info][gc,phases      ] GC(15) Summary Phase 0.017ms
[0.306s][info][gc,phases,start] GC(15) Adjust Roots
[0.307s][info][gc,phases      ] GC(15) Adjust Roots 0.194ms
[0.307s][info][gc,phases,start] GC(15) Compaction Phase
[0.314s][info][gc,phases      ] GC(15) Compaction Phase 6.825ms
[0.314s][info][gc,phases,start] GC(15) Post Compact
[0.314s][info][gc,phases      ] GC(15) Post Compact 0.081ms
[0.314s][info][gc,heap        ] GC(15) PSYoungGen: 5216K(12800K)->5187K(12800K) Eden: 0K(5120K)->0K(5120K) From: 5216K(7680K)->5187K(7680K)
[0.314s][info][gc,heap        ] GC(15) ParOldGen: 11583K(11776K)->11463K(18432K)
[0.314s][info][gc,metaspace   ] GC(15) Metaspace: 6299K(6464K)->6299K(6464K) NonClass: 5765K(5824K)->5765K(5824K) Class: 533K(640K)->533K(640K)
[0.314s][info][gc             ] GC(15) Pause Full (Ergonomics) 16M->16M(30M) 14.645ms
[0.314s][info][gc,cpu         ] GC(15) User=0.00s Sys=0.00s Real=0.02s
[0.318s][info][gc,start       ] GC(16) Pause Young (Allocation Failure)
[0.323s][info][gc,heap        ] GC(16) PSYoungGen: 10307K(12800K)->2688K(14336K) Eden: 5120K(5120K)->0K(7168K) From: 5187K(7680K)->2688K(7168K)
[0.323s][info][gc,heap        ] GC(16) ParOldGen: 11463K(18432K)->16735K(18432K)
[0.323s][info][gc,metaspace   ] GC(16) Metaspace: 6299K(6464K)->6299K(6464K) NonClass: 5765K(5824K)->5765K(5824K) Class: 533K(640K)->533K(640K)
[0.324s][info][gc             ] GC(16) Pause Young (Allocation Failure) 21M->18M(32M) 5.924ms
[0.324s][info][gc,cpu         ] GC(16) User=0.00s Sys=0.00s Real=0.01s
[0.324s][info][gc,start       ] GC(17) Pause Full (Ergonomics)
[0.324s][info][gc,phases,start] GC(17) Marking Phase
[0.332s][info][gc,phases      ] GC(17) Marking Phase 8.832ms
[0.332s][info][gc,phases,start] GC(17) Summary Phase
[0.332s][info][gc,phases      ] GC(17) Summary Phase 0.017ms
[0.332s][info][gc,phases,start] GC(17) Adjust Roots
[0.333s][info][gc,phases      ] GC(17) Adjust Roots 0.215ms
[0.333s][info][gc,phases,start] GC(17) Compaction Phase
[0.339s][info][gc,phases      ] GC(17) Compaction Phase 6.097ms
[0.339s][info][gc,phases,start] GC(17) Post Compact
[0.339s][info][gc,phases      ] GC(17) Post Compact 0.095ms
[0.339s][info][gc,heap        ] GC(17) PSYoungGen: 2688K(14336K)->1105K(14848K) Eden: 0K(7168K)->0K(7680K) From: 2688K(7168K)->1105K(7168K)
[0.339s][info][gc,heap        ] GC(17) ParOldGen: 16735K(18432K)->18183K(27648K)
[0.339s][info][gc,metaspace   ] GC(17) Metaspace: 6299K(6464K)->6299K(6464K) NonClass: 5765K(5824K)->5765K(5824K) Class: 533K(640K)->533K(640K)
[0.339s][info][gc             ] GC(17) Pause Full (Ergonomics) 18M->18M(41M) 15.576ms
[0.339s][info][gc,cpu         ] GC(17) User=0.02s Sys=0.00s Real=0.02s
[0.344s][info][gc,start       ] GC(18) Pause Young (Allocation Failure)
[0.349s][info][gc,heap        ] GC(18) PSYoungGen: 7799K(14848K)->3424K(15360K) Eden: 6694K(7680K)->0K(7680K) From: 1105K(7168K)->3424K(7680K)
[0.349s][info][gc,heap        ] GC(18) ParOldGen: 18183K(27648K)->19311K(27648K)
[0.349s][info][gc,metaspace   ] GC(18) Metaspace: 6299K(6464K)->6299K(6464K) NonClass: 5765K(5824K)->5765K(5824K) Class: 533K(640K)->533K(640K)
[0.349s][info][gc             ] GC(18) Pause Young (Allocation Failure) 25M->22M(42M) 4.720ms
[0.349s][info][gc,cpu         ] GC(18) User=0.02s Sys=0.00s Real=0.01s
[0.356s][info][gc,start       ] GC(19) Pause Young (Allocation Failure)
[0.363s][info][gc,heap        ] GC(19) PSYoungGen: 11103K(15360K)->7648K(16896K) Eden: 7679K(7680K)->0K(9216K) From: 3424K(7680K)->7648K(7680K)
[0.363s][info][gc,heap        ] GC(19) ParOldGen: 19311K(27648K)->19543K(27648K)
[0.363s][info][gc,metaspace   ] GC(19) Metaspace: 6299K(6464K)->6299K(6464K) NonClass: 5765K(5824K)->5765K(5824K) Class: 533K(640K)->533K(640K)
[0.363s][info][gc             ] GC(19) Pause Young (Allocation Failure) 29M->26M(43M) 6.663ms
[0.363s][info][gc,cpu         ] GC(19) User=0.00s Sys=0.00s Real=0.01s
[0.369s][info][gc,start       ] GC(20) Pause Young (Allocation Failure)
[0.378s][info][gc,heap        ] GC(20) PSYoungGen: 16864K(16896K)->4800K(17920K) Eden: 9216K(9216K)->0K(9216K) From: 7648K(7680K)->4800K(8704K)
[0.378s][info][gc,heap        ] GC(20) ParOldGen: 19543K(27648K)->27287K(27648K)
[0.378s][info][gc,metaspace   ] GC(20) Metaspace: 6299K(6464K)->6299K(6464K) NonClass: 5765K(5824K)->5765K(5824K) Class: 533K(640K)->533K(640K)
[0.378s][info][gc             ] GC(20) Pause Young (Allocation Failure) 35M->31M(44M) 8.893ms
[0.378s][info][gc,cpu         ] GC(20) User=0.02s Sys=0.00s Real=0.01s
[0.378s][info][gc,start       ] GC(21) Pause Full (Ergonomics)
[0.378s][info][gc,phases,start] GC(21) Marking Phase
[0.391s][info][gc,phases      ] GC(21) Marking Phase 12.738ms
[0.391s][info][gc,phases,start] GC(21) Summary Phase
[0.391s][info][gc,phases      ] GC(21) Summary Phase 0.019ms
[0.391s][info][gc,phases,start] GC(21) Adjust Roots
[0.391s][info][gc,phases      ] GC(21) Adjust Roots 0.208ms
[0.391s][info][gc,phases,start] GC(21) Compaction Phase
[0.403s][info][gc,phases      ] GC(21) Compaction Phase 11.940ms
[0.403s][info][gc,phases,start] GC(21) Post Compact
[0.403s][info][gc,phases      ] GC(21) Post Compact 0.124ms
[0.404s][info][gc,heap        ] GC(21) PSYoungGen: 4800K(17920K)->4249K(17920K) Eden: 0K(9216K)->0K(9216K) From: 4800K(8704K)->4249K(8704K)
[0.404s][info][gc,heap        ] GC(21) ParOldGen: 27287K(27648K)->27139K(39424K)
[0.404s][info][gc,metaspace   ] GC(21) Metaspace: 6299K(6464K)->6299K(6464K) NonClass: 5765K(5824K)->5765K(5824K) Class: 533K(640K)->533K(640K)
[0.404s][info][gc             ] GC(21) Pause Full (Ergonomics) 31M->30M(56M) 25.469ms
[0.404s][info][gc,cpu         ] GC(21) User=0.00s Sys=0.00s Real=0.03s
[0.412s][info][gc,start       ] GC(22) Pause Young (Allocation Failure)
[0.422s][info][gc,heap        ] GC(22) PSYoungGen: 13465K(17920K)->7648K(19456K) Eden: 9216K(9216K)->0K(10752K) From: 4249K(8704K)->7648K(8704K)
[0.422s][info][gc,heap        ] GC(22) ParOldGen: 27139K(39424K)->31467K(39424K)
[0.422s][info][gc,metaspace   ] GC(22) Metaspace: 6299K(6464K)->6299K(6464K) NonClass: 5765K(5824K)->5765K(5824K) Class: 533K(640K)->533K(640K)
[0.422s][info][gc             ] GC(22) Pause Young (Allocation Failure) 39M->38M(57M) 10.157ms
[0.422s][info][gc,cpu         ] GC(22) User=0.00s Sys=0.00s Real=0.01s
[0.438s][info][gc,start       ] GC(23) Pause Young (Allocation Failure)
[0.451s][info][gc,heap        ] GC(23) PSYoungGen: 18400K(19456K)->9696K(20480K) Eden: 10752K(10752K)->0K(10752K) From: 7648K(8704K)->9696K(9728K)
[0.451s][info][gc,heap        ] GC(23) ParOldGen: 31467K(39424K)->40275K(40448K)
[0.451s][info][gc,metaspace   ] GC(23) Metaspace: 6299K(6464K)->6299K(6464K) NonClass: 5765K(5824K)->5765K(5824K) Class: 533K(640K)->533K(640K)
[0.451s][info][gc             ] GC(23) Pause Young (Allocation Failure) 48M->48M(59M) 13.000ms
[0.451s][info][gc,cpu         ] GC(23) User=0.00s Sys=0.00s Real=0.01s
[0.451s][info][gc,start       ] GC(24) Pause Full (Ergonomics)
[0.451s][info][gc,phases,start] GC(24) Marking Phase
[0.470s][info][gc,phases      ] GC(24) Marking Phase 19.332ms
[0.471s][info][gc,phases,start] GC(24) Summary Phase
[0.471s][info][gc,phases      ] GC(24) Summary Phase 0.019ms
[0.471s][info][gc,phases,start] GC(24) Adjust Roots
[0.471s][info][gc,phases      ] GC(24) Adjust Roots 0.163ms
[0.471s][info][gc,phases,start] GC(24) Compaction Phase
[0.488s][info][gc,phases      ] GC(24) Compaction Phase 16.953ms
[0.488s][info][gc,phases,start] GC(24) Post Compact
[0.488s][info][gc,phases      ] GC(24) Post Compact 0.167ms
[0.488s][info][gc,heap        ] GC(24) PSYoungGen: 9696K(20480K)->9681K(20480K) Eden: 0K(10752K)->0K(10752K) From: 9696K(9728K)->9681K(9728K)
[0.488s][info][gc,heap        ] GC(24) ParOldGen: 40275K(40448K)->39026K(54784K)
[0.488s][info][gc,metaspace   ] GC(24) Metaspace: 6299K(6464K)->6299K(6464K) NonClass: 5765K(5824K)->5765K(5824K) Class: 533K(640K)->533K(640K)
[0.488s][info][gc             ] GC(24) Pause Full (Ergonomics) 48M->47M(73M) 37.006ms
[0.488s][info][gc,cpu         ] GC(24) User=0.03s Sys=0.00s Real=0.04s
[0.499s][info][gc,start       ] GC(25) Pause Young (Allocation Failure)
[0.514s][info][gc,heap        ] GC(25) PSYoungGen: 20433K(20480K)->10784K(22528K) Eden: 10752K(10752K)->0K(11264K) From: 9681K(9728K)->10784K(11264K)
[0.514s][info][gc,heap        ] GC(25) ParOldGen: 39026K(54784K)->48842K(54784K)
[0.514s][info][gc,metaspace   ] GC(25) Metaspace: 6299K(6464K)->6299K(6464K) NonClass: 5765K(5824K)->5765K(5824K) Class: 533K(640K)->533K(640K)
[0.514s][info][gc             ] GC(25) Pause Young (Allocation Failure) 58M->58M(75M) 15.006ms
[0.514s][info][gc,cpu         ] GC(25) User=0.00s Sys=0.00s Real=0.02s
[0.514s][info][gc,start       ] GC(26) Pause Full (Ergonomics)
[0.514s][info][gc,phases,start] GC(26) Marking Phase
[0.539s][info][gc,phases      ] GC(26) Marking Phase 24.493ms
[0.539s][info][gc,phases,start] GC(26) Summary Phase
[0.539s][info][gc,phases      ] GC(26) Summary Phase 0.019ms
[0.539s][info][gc,phases,start] GC(26) Adjust Roots
[0.539s][info][gc,phases      ] GC(26) Adjust Roots 0.167ms
[0.539s][info][gc,phases,start] GC(26) Compaction Phase
[0.557s][info][gc,phases      ] GC(26) Compaction Phase 17.527ms
[0.557s][info][gc,phases,start] GC(26) Post Compact
[0.557s][info][gc,phases      ] GC(26) Post Compact 0.203ms
[0.557s][info][gc,heap        ] GC(26) PSYoungGen: 10784K(22528K)->5098K(22528K) Eden: 0K(11264K)->0K(11264K) From: 10784K(11264K)->5098K(11264K)
[0.557s][info][gc,heap        ] GC(26) ParOldGen: 48842K(54784K)->54328K(68608K)
[0.557s][info][gc,metaspace   ] GC(26) Metaspace: 6299K(6464K)->6299K(6464K) NonClass: 5765K(5824K)->5765K(5824K) Class: 533K(640K)->533K(640K)
[0.557s][info][gc             ] GC(26) Pause Full (Ergonomics) 58M->58M(89M) 42.752ms
[0.557s][info][gc,cpu         ] GC(26) User=0.03s Sys=0.00s Real=0.04s
[0.569s][info][gc,start       ] GC(27) Pause Young (Allocation Failure)
[0.584s][info][gc,heap        ] GC(27) PSYoungGen: 16362K(22528K)->11264K(22528K) Eden: 11264K(11264K)->0K(11264K) From: 5098K(11264K)->11264K(11264K)
[0.584s][info][gc,heap        ] GC(27) ParOldGen: 54328K(68608K)->59528K(68608K)
[0.584s][info][gc,metaspace   ] GC(27) Metaspace: 6299K(6464K)->6299K(6464K) NonClass: 5765K(5824K)->5765K(5824K) Class: 533K(640K)->533K(640K)
[0.584s][info][gc             ] GC(27) Pause Young (Allocation Failure) 69M->69M(89M) 15.016ms
[0.584s][info][gc,cpu         ] GC(27) User=0.00s Sys=0.00s Real=0.02s
[0.584s][info][gc,start       ] GC(28) Pause Full (Ergonomics)
[0.584s][info][gc,phases,start] GC(28) Marking Phase
[0.611s][info][gc,phases      ] GC(28) Marking Phase 27.636ms
[0.611s][info][gc,phases,start] GC(28) Summary Phase
[0.611s][info][gc,phases      ] GC(28) Summary Phase 0.019ms
[0.612s][info][gc,phases,start] GC(28) Adjust Roots
[0.612s][info][gc,phases      ] GC(28) Adjust Roots 0.176ms
[0.612s][info][gc,phases,start] GC(28) Compaction Phase
[0.628s][info][gc,phases      ] GC(28) Compaction Phase 16.445ms
[0.628s][info][gc,phases,start] GC(28) Post Compact
[0.629s][info][gc,phases      ] GC(28) Post Compact 0.303ms
[0.629s][info][gc,heap        ] GC(28) PSYoungGen: 11264K(22528K)->2528K(22528K) Eden: 0K(11264K)->0K(11264K) From: 11264K(11264K)->2528K(11264K)
[0.629s][info][gc,heap        ] GC(28) ParOldGen: 59528K(68608K)->68127K(68608K)
[0.629s][info][gc,metaspace   ] GC(28) Metaspace: 6299K(6464K)->6299K(6464K) NonClass: 5765K(5824K)->5765K(5824K) Class: 533K(640K)->533K(640K)
[0.629s][info][gc             ] GC(28) Pause Full (Ergonomics) 69M->69M(89M) 44.864ms
[0.629s][info][gc,cpu         ] GC(28) User=0.05s Sys=0.00s Real=0.05s
[0.641s][info][gc,start       ] GC(29) Pause Full (Ergonomics)
[0.641s][info][gc,phases,start] GC(29) Marking Phase
[0.675s][info][gc,phases      ] GC(29) Marking Phase 34.184ms
[0.675s][info][gc,phases,start] GC(29) Summary Phase
[0.675s][info][gc,phases      ] GC(29) Summary Phase 0.019ms
[0.675s][info][gc,phases,start] GC(29) Adjust Roots
[0.675s][info][gc,phases      ] GC(29) Adjust Roots 0.180ms
[0.675s][info][gc,phases,start] GC(29) Compaction Phase
[0.692s][info][gc,phases      ] GC(29) Compaction Phase 16.959ms
[0.692s][info][gc,phases,start] GC(29) Post Compact
[0.692s][info][gc,phases      ] GC(29) Post Compact 0.369ms
[0.693s][info][gc,heap        ] GC(29) PSYoungGen: 13792K(22528K)->13763K(22528K) Eden: 11264K(11264K)->11235K(11264K) From: 2528K(11264K)->2528K(11264K)
[0.693s][info][gc,heap        ] GC(29) ParOldGen: 68127K(68608K)->68127K(68608K)
[0.693s][info][gc,metaspace   ] GC(29) Metaspace: 6299K(6464K)->6299K(6464K) NonClass: 5765K(5824K)->5765K(5824K) Class: 533K(640K)->533K(640K)
[0.693s][info][gc             ] GC(29) Pause Full (Ergonomics) 80M->79M(89M) 52.049ms
[0.693s][info][gc,cpu         ] GC(29) User=0.09s Sys=0.00s Real=0.05s
[0.693s][info][gc,start       ] GC(30) Pause Full (Ergonomics)
[0.693s][info][gc,phases,start] GC(30) Marking Phase
[0.725s][info][gc,phases      ] GC(30) Marking Phase 32.332ms
[0.725s][info][gc,phases,start] GC(30) Summary Phase
[0.725s][info][gc,phases      ] GC(30) Summary Phase 0.019ms
[0.725s][info][gc,phases,start] GC(30) Adjust Roots
[0.725s][info][gc,phases      ] GC(30) Adjust Roots 0.200ms
[0.725s][info][gc,phases,start] GC(30) Compaction Phase
[0.737s][info][gc,phases      ] GC(30) Compaction Phase 11.851ms
[0.737s][info][gc,phases,start] GC(30) Post Compact
[0.738s][info][gc,phases      ] GC(30) Post Compact 0.207ms
[0.738s][info][gc,heap        ] GC(30) PSYoungGen: 13792K(22528K)->13792K(22528K) Eden: 11264K(11264K)->11263K(11264K) From: 2528K(11264K)->2528K(11264K)
[0.738s][info][gc,heap        ] GC(30) ParOldGen: 68127K(68608K)->68127K(68608K)
[0.738s][info][gc,metaspace   ] GC(30) Metaspace: 6299K(6464K)->6299K(6464K) NonClass: 5765K(5824K)->5765K(5824K) Class: 533K(640K)->533K(640K)
[0.738s][info][gc             ] GC(30) Pause Full (Ergonomics) 80M->79M(89M) 44.891ms
[0.738s][info][gc,cpu         ] GC(30) User=0.05s Sys=0.00s Real=0.05s
[0.738s][info][gc,start       ] GC(31) Pause Full (Ergonomics)
[0.738s][info][gc,phases,start] GC(31) Marking Phase
[0.769s][info][gc,phases      ] GC(31) Marking Phase 31.584ms
[0.770s][info][gc,phases,start] GC(31) Summary Phase
[0.770s][info][gc,phases      ] GC(31) Summary Phase 0.015ms
[0.770s][info][gc,phases,start] GC(31) Adjust Roots
[0.770s][info][gc,phases      ] GC(31) Adjust Roots 0.156ms
[0.770s][info][gc,phases,start] GC(31) Compaction Phase
[0.781s][info][gc,phases      ] GC(31) Compaction Phase 10.986ms
[0.781s][info][gc,phases,start] GC(31) Post Compact
[0.781s][info][gc,phases      ] GC(31) Post Compact 0.195ms
[0.781s][info][gc,heap        ] GC(31) PSYoungGen: 13792K(22528K)->13792K(22528K) Eden: 11263K(11264K)->11263K(11264K) From: 2528K(11264K)->2528K(11264K)
[0.781s][info][gc,heap        ] GC(31) ParOldGen: 68127K(68608K)->68127K(68608K)
[0.781s][info][gc,metaspace   ] GC(31) Metaspace: 6299K(6464K)->6299K(6464K) NonClass: 5765K(5824K)->5765K(5824K) Class: 533K(640K)->533K(640K)
[0.781s][info][gc             ] GC(31) Pause Full (Ergonomics) 80M->80M(89M) 43.197ms
[0.781s][info][gc,cpu         ] GC(31) User=0.03s Sys=0.00s Real=0.04s
[0.781s][info][gc,start       ] GC(32) Pause Full (Ergonomics)
[0.781s][info][gc,phases,start] GC(32) Marking Phase
[0.812s][info][gc,phases      ] GC(32) Marking Phase 30.417ms
[0.812s][info][gc,phases,start] GC(32) Summary Phase
[0.812s][info][gc,phases      ] GC(32) Summary Phase 0.019ms
[0.812s][info][gc,phases,start] GC(32) Adjust Roots
[0.812s][info][gc,phases      ] GC(32) Adjust Roots 0.158ms
[0.812s][info][gc,phases,start] GC(32) Compaction Phase
[0.823s][info][gc,phases      ] GC(32) Compaction Phase 10.842ms
[0.823s][info][gc,phases,start] GC(32) Post Compact
[0.823s][info][gc,phases      ] GC(32) Post Compact 0.202ms
[0.823s][info][gc,heap        ] GC(32) PSYoungGen: 13792K(22528K)->13792K(22528K) Eden: 11263K(11264K)->11263K(11264K) From: 2528K(11264K)->2528K(11264K)
[0.823s][info][gc,heap        ] GC(32) ParOldGen: 68132K(68608K)->68132K(68608K)
[0.823s][info][gc,metaspace   ] GC(32) Metaspace: 6299K(6464K)->6299K(6464K) NonClass: 5765K(5824K)->5765K(5824K) Class: 533K(640K)->533K(640K)
[0.823s][info][gc             ] GC(32) Pause Full (Ergonomics) 80M->80M(89M) 41.921ms
[0.823s][info][gc,cpu         ] GC(32) User=0.03s Sys=0.00s Real=0.04s
[0.823s][info][gc,start       ] GC(33) Pause Full (Ergonomics)
[0.823s][info][gc,phases,start] GC(33) Marking Phase
[0.853s][info][gc,phases      ] GC(33) Marking Phase 29.922ms
[0.853s][info][gc,phases,start] GC(33) Summary Phase
[0.853s][info][gc,phases      ] GC(33) Summary Phase 0.019ms
[0.853s][info][gc,phases,start] GC(33) Adjust Roots
[0.854s][info][gc,phases      ] GC(33) Adjust Roots 0.157ms
[0.854s][info][gc,phases,start] GC(33) Compaction Phase
[0.865s][info][gc,phases      ] GC(33) Compaction Phase 11.202ms
[0.865s][info][gc,phases,start] GC(33) Post Compact
[0.865s][info][gc,phases      ] GC(33) Post Compact 0.202ms
[0.865s][info][gc,heap        ] GC(33) PSYoungGen: 13792K(22528K)->13792K(22528K) Eden: 11263K(11264K)->11263K(11264K) From: 2528K(11264K)->2528K(11264K)
[0.865s][info][gc,heap        ] GC(33) ParOldGen: 68137K(68608K)->68137K(68608K)
[0.865s][info][gc,metaspace   ] GC(33) Metaspace: 6299K(6464K)->6299K(6464K) NonClass: 5765K(5824K)->5765K(5824K) Class: 533K(640K)->533K(640K)
[0.865s][info][gc             ] GC(33) Pause Full (Ergonomics) 80M->80M(89M) 41.791ms
[0.865s][info][gc,cpu         ] GC(33) User=0.03s Sys=0.00s Real=0.04s
[0.865s][info][gc,start       ] GC(34) Pause Full (Ergonomics)
[0.865s][info][gc,phases,start] GC(34) Marking Phase
[0.897s][info][gc,phases      ] GC(34) Marking Phase 31.607ms
[0.897s][info][gc,phases,start] GC(34) Summary Phase
[0.897s][info][gc,phases      ] GC(34) Summary Phase 0.019ms
[0.897s][info][gc,phases,start] GC(34) Adjust Roots
[0.897s][info][gc,phases      ] GC(34) Adjust Roots 0.157ms
[0.897s][info][gc,phases,start] GC(34) Compaction Phase
[0.910s][info][gc,phases      ] GC(34) Compaction Phase 12.836ms
[0.910s][info][gc,phases,start] GC(34) Post Compact
[0.910s][info][gc,phases      ] GC(34) Post Compact 0.204ms
[0.910s][info][gc,heap        ] GC(34) PSYoungGen: 13792K(22528K)->13792K(22528K) Eden: 11263K(11264K)->11263K(11264K) From: 2528K(11264K)->2528K(11264K)
[0.910s][info][gc,heap        ] GC(34) ParOldGen: 68141K(68608K)->68141K(68608K)
[0.910s][info][gc,metaspace   ] GC(34) Metaspace: 6299K(6464K)->6299K(6464K) NonClass: 5765K(5824K)->5765K(5824K) Class: 533K(640K)->533K(640K)
[0.910s][info][gc             ] GC(34) Pause Full (Ergonomics) 80M->80M(89M) 45.133ms
[0.910s][info][gc,cpu         ] GC(34) User=0.05s Sys=0.00s Real=0.05s
[0.911s][info][gc,start       ] GC(35) Pause Full (Ergonomics)
[0.911s][info][gc,phases,start] GC(35) Marking Phase
[0.945s][info][gc,phases      ] GC(35) Marking Phase 34.714ms
[0.945s][info][gc,phases,start] GC(35) Summary Phase
[0.945s][info][gc,phases      ] GC(35) Summary Phase 0.020ms
[0.945s][info][gc,phases,start] GC(35) Adjust Roots
[0.946s][info][gc,phases      ] GC(35) Adjust Roots 0.182ms
[0.946s][info][gc,phases,start] GC(35) Compaction Phase
[0.958s][info][gc,phases      ] GC(35) Compaction Phase 12.649ms
[0.958s][info][gc,phases,start] GC(35) Post Compact
[0.959s][info][gc,phases      ] GC(35) Post Compact 0.201ms
[0.959s][info][gc,heap        ] GC(35) PSYoungGen: 13792K(22528K)->13792K(22528K) Eden: 11263K(11264K)->11263K(11264K) From: 2528K(11264K)->2528K(11264K)
[0.959s][info][gc,heap        ] GC(35) ParOldGen: 68146K(68608K)->68146K(68608K)
[0.959s][info][gc,metaspace   ] GC(35) Metaspace: 6299K(6464K)->6299K(6464K) NonClass: 5765K(5824K)->5765K(5824K) Class: 533K(640K)->533K(640K)
[0.959s][info][gc             ] GC(35) Pause Full (Ergonomics) 80M->80M(89M) 48.084ms
[0.959s][info][gc,cpu         ] GC(35) User=0.06s Sys=0.00s Real=0.05s
[0.959s][info][gc,start       ] GC(36) Pause Full (Ergonomics)
[0.959s][info][gc,phases,start] GC(36) Marking Phase
[0.993s][info][gc,phases      ] GC(36) Marking Phase 33.996ms
[0.993s][info][gc,phases,start] GC(36) Summary Phase
[0.993s][info][gc,phases      ] GC(36) Summary Phase 0.020ms
[0.993s][info][gc,phases,start] GC(36) Adjust Roots
[0.993s][info][gc,phases      ] GC(36) Adjust Roots 0.171ms
[0.993s][info][gc,phases,start] GC(36) Compaction Phase
[1.005s][info][gc,phases      ] GC(36) Compaction Phase 12.001ms
[1.005s][info][gc,phases,start] GC(36) Post Compact
[1.006s][info][gc,phases      ] GC(36) Post Compact 0.205ms
[1.006s][info][gc,heap        ] GC(36) PSYoungGen: 13792K(22528K)->13792K(22528K) Eden: 11263K(11264K)->11263K(11264K) From: 2528K(11264K)->2528K(11264K)
[1.006s][info][gc,heap        ] GC(36) ParOldGen: 68151K(68608K)->68151K(68608K)
[1.006s][info][gc,metaspace   ] GC(36) Metaspace: 6299K(6464K)->6299K(6464K) NonClass: 5765K(5824K)->5765K(5824K) Class: 533K(640K)->533K(640K)
[1.006s][info][gc             ] GC(36) Pause Full (Ergonomics) 80M->80M(89M) 46.787ms
[1.006s][info][gc,cpu         ] GC(36) User=0.06s Sys=0.00s Real=0.05s
[1.006s][info][gc,start       ] GC(37) Pause Full (Ergonomics)
[1.006s][info][gc,phases,start] GC(37) Marking Phase
[1.038s][info][gc,phases      ] GC(37) Marking Phase 32.309ms
[1.038s][info][gc,phases,start] GC(37) Summary Phase
[1.038s][info][gc,phases      ] GC(37) Summary Phase 0.018ms
[1.038s][info][gc,phases,start] GC(37) Adjust Roots
[1.039s][info][gc,phases      ] GC(37) Adjust Roots 0.165ms
[1.039s][info][gc,phases,start] GC(37) Compaction Phase
[1.050s][info][gc,phases      ] GC(37) Compaction Phase 11.185ms
[1.050s][info][gc,phases,start] GC(37) Post Compact
[1.050s][info][gc,phases      ] GC(37) Post Compact 0.203ms
[1.050s][info][gc,heap        ] GC(37) PSYoungGen: 13792K(22528K)->13792K(22528K) Eden: 11263K(11264K)->11263K(11264K) From: 2528K(11264K)->2528K(11264K)
[1.050s][info][gc,heap        ] GC(37) ParOldGen: 68155K(68608K)->68155K(68608K)
[1.050s][info][gc,metaspace   ] GC(37) Metaspace: 6299K(6464K)->6299K(6464K) NonClass: 5765K(5824K)->5765K(5824K) Class: 533K(640K)->533K(640K)
[1.050s][info][gc             ] GC(37) Pause Full (Ergonomics) 80M->80M(89M) 44.170ms
[1.050s][info][gc,cpu         ] GC(37) User=0.03s Sys=0.00s Real=0.04s
[1.050s][info][gc,start       ] GC(38) Pause Full (Ergonomics)
[1.050s][info][gc,phases,start] GC(38) Marking Phase
[1.081s][info][gc,phases      ] GC(38) Marking Phase 30.899ms
[1.081s][info][gc,phases,start] GC(38) Summary Phase
[1.081s][info][gc,phases      ] GC(38) Summary Phase 0.019ms
[1.081s][info][gc,phases,start] GC(38) Adjust Roots
[1.081s][info][gc,phases      ] GC(38) Adjust Roots 0.178ms
[1.081s][info][gc,phases,start] GC(38) Compaction Phase
[1.093s][info][gc,phases      ] GC(38) Compaction Phase 11.114ms
[1.093s][info][gc,phases,start] GC(38) Post Compact
[1.093s][info][gc,phases      ] GC(38) Post Compact 0.304ms
[1.093s][info][gc,heap        ] GC(38) PSYoungGen: 13792K(22528K)->13792K(22528K) Eden: 11263K(11264K)->11263K(11264K) From: 2528K(11264K)->2528K(11264K)
[1.093s][info][gc,heap        ] GC(38) ParOldGen: 68160K(68608K)->68160K(68608K)
[1.093s][info][gc,metaspace   ] GC(38) Metaspace: 6299K(6464K)->6299K(6464K) NonClass: 5765K(5824K)->5765K(5824K) Class: 533K(640K)->533K(640K)
[1.093s][info][gc             ] GC(38) Pause Full (Ergonomics) 80M->80M(89M) 42.807ms
[1.093s][info][gc,cpu         ] GC(38) User=0.03s Sys=0.00s Real=0.04s
[1.093s][info][gc,start       ] GC(39) Pause Full (Ergonomics)
[1.093s][info][gc,phases,start] GC(39) Marking Phase
[1.134s][info][gc,phases      ] GC(39) Marking Phase 40.248ms
[1.134s][info][gc,phases,start] GC(39) Summary Phase
[1.134s][info][gc,phases      ] GC(39) Summary Phase 0.019ms
[1.134s][info][gc,phases,start] GC(39) Adjust Roots
[1.134s][info][gc,phases      ] GC(39) Adjust Roots 0.180ms
[1.134s][info][gc,phases,start] GC(39) Compaction Phase
[1.146s][info][gc,phases      ] GC(39) Compaction Phase 12.339ms
[1.146s][info][gc,phases,start] GC(39) Post Compact
[1.146s][info][gc,phases      ] GC(39) Post Compact 0.206ms
[1.147s][info][gc,heap        ] GC(39) PSYoungGen: 13792K(22528K)->13792K(22528K) Eden: 11263K(11264K)->11263K(11264K) From: 2528K(11264K)->2528K(11264K)
[1.147s][info][gc,heap        ] GC(39) ParOldGen: 68165K(68608K)->68165K(68608K)
[1.147s][info][gc,metaspace   ] GC(39) Metaspace: 6299K(6464K)->6299K(6464K) NonClass: 5765K(5824K)->5765K(5824K) Class: 533K(640K)->533K(640K)
[1.147s][info][gc             ] GC(39) Pause Full (Ergonomics) 80M->80M(89M) 53.287ms
[1.147s][info][gc,cpu         ] GC(39) User=0.03s Sys=0.00s Real=0.05s
[1.147s][info][gc,start       ] GC(40) Pause Full (Ergonomics)
[1.147s][info][gc,phases,start] GC(40) Marking Phase
[1.178s][info][gc,phases      ] GC(40) Marking Phase 30.784ms
[1.178s][info][gc,phases,start] GC(40) Summary Phase
[1.178s][info][gc,phases      ] GC(40) Summary Phase 0.019ms
[1.178s][info][gc,phases,start] GC(40) Adjust Roots
[1.178s][info][gc,phases      ] GC(40) Adjust Roots 0.158ms
[1.178s][info][gc,phases,start] GC(40) Compaction Phase
[1.190s][info][gc,phases      ] GC(40) Compaction Phase 12.489ms
[1.190s][info][gc,phases,start] GC(40) Post Compact
[1.191s][info][gc,phases      ] GC(40) Post Compact 0.202ms
[1.191s][info][gc,heap        ] GC(40) PSYoungGen: 13792K(22528K)->13792K(22528K) Eden: 11263K(11264K)->11263K(11264K) From: 2528K(11264K)->2528K(11264K)
[1.191s][info][gc,heap        ] GC(40) ParOldGen: 68169K(68608K)->68169K(68608K)
[1.191s][info][gc,metaspace   ] GC(40) Metaspace: 6299K(6464K)->6299K(6464K) NonClass: 5765K(5824K)->5765K(5824K) Class: 533K(640K)->533K(640K)
[1.191s][info][gc             ] GC(40) Pause Full (Ergonomics) 80M->80M(89M) 43.954ms
[1.191s][info][gc,cpu         ] GC(40) User=0.03s Sys=0.00s Real=0.04s
[1.191s][info][gc,start       ] GC(41) Pause Full (Ergonomics)
[1.191s][info][gc,phases,start] GC(41) Marking Phase
[1.223s][info][gc,phases      ] GC(41) Marking Phase 32.084ms
[1.223s][info][gc,phases,start] GC(41) Summary Phase
[1.223s][info][gc,phases      ] GC(41) Summary Phase 0.019ms
[1.223s][info][gc,phases,start] GC(41) Adjust Roots
[1.223s][info][gc,phases      ] GC(41) Adjust Roots 0.159ms
[1.223s][info][gc,phases,start] GC(41) Compaction Phase
[1.235s][info][gc,phases      ] GC(41) Compaction Phase 12.094ms
[1.235s][info][gc,phases,start] GC(41) Post Compact
[1.236s][info][gc,phases      ] GC(41) Post Compact 0.200ms
[1.236s][info][gc,heap        ] GC(41) PSYoungGen: 13792K(22528K)->13792K(22528K) Eden: 11263K(11264K)->11263K(11264K) From: 2528K(11264K)->2528K(11264K)
[1.236s][info][gc,heap        ] GC(41) ParOldGen: 68174K(68608K)->68174K(68608K)
[1.236s][info][gc,metaspace   ] GC(41) Metaspace: 6299K(6464K)->6299K(6464K) NonClass: 5765K(5824K)->5765K(5824K) Class: 533K(640K)->533K(640K)
[1.236s][info][gc             ] GC(41) Pause Full (Ergonomics) 80M->80M(89M) 44.840ms
[1.236s][info][gc,cpu         ] GC(41) User=0.03s Sys=0.00s Real=0.04s
[1.236s][info][gc,start       ] GC(42) Pause Full (Ergonomics)
[1.236s][info][gc,phases,start] GC(42) Marking Phase
[1.270s][info][gc,phases      ] GC(42) Marking Phase 33.882ms
[1.270s][info][gc,phases,start] GC(42) Summary Phase
[1.270s][info][gc,phases      ] GC(42) Summary Phase 0.019ms
[1.270s][info][gc,phases,start] GC(42) Adjust Roots
[1.270s][info][gc,phases      ] GC(42) Adjust Roots 0.178ms
[1.270s][info][gc,phases,start] GC(42) Compaction Phase
[1.282s][info][gc,phases      ] GC(42) Compaction Phase 12.106ms
[1.282s][info][gc,phases,start] GC(42) Post Compact
[1.282s][info][gc,phases      ] GC(42) Post Compact 0.202ms
[1.283s][info][gc,heap        ] GC(42) PSYoungGen: 13792K(22528K)->13792K(22528K) Eden: 11263K(11264K)->11263K(11264K) From: 2528K(11264K)->2528K(11264K)
[1.283s][info][gc,heap        ] GC(42) ParOldGen: 68179K(68608K)->68179K(68608K)
[1.283s][info][gc,metaspace   ] GC(42) Metaspace: 6299K(6464K)->6299K(6464K) NonClass: 5765K(5824K)->5765K(5824K) Class: 533K(640K)->533K(640K)
[1.283s][info][gc             ] GC(42) Pause Full (Ergonomics) 80M->80M(89M) 46.675ms
[1.283s][info][gc,cpu         ] GC(42) User=0.09s Sys=0.00s Real=0.05s
[1.283s][info][gc,start       ] GC(43) Pause Full (Ergonomics)
[1.283s][info][gc,phases,start] GC(43) Marking Phase
[1.315s][info][gc,phases      ] GC(43) Marking Phase 32.554ms
[1.315s][info][gc,phases,start] GC(43) Summary Phase
[1.315s][info][gc,phases      ] GC(43) Summary Phase 0.019ms
[1.315s][info][gc,phases,start] GC(43) Adjust Roots
[1.316s][info][gc,phases      ] GC(43) Adjust Roots 0.174ms
[1.316s][info][gc,phases,start] GC(43) Compaction Phase
[1.328s][info][gc,phases      ] GC(43) Compaction Phase 12.074ms
[1.328s][info][gc,phases,start] GC(43) Post Compact
[1.328s][info][gc,phases      ] GC(43) Post Compact 0.203ms
[1.328s][info][gc,heap        ] GC(43) PSYoungGen: 13792K(22528K)->13792K(22528K) Eden: 11263K(11264K)->11263K(11264K) From: 2528K(11264K)->2528K(11264K)
[1.328s][info][gc,heap        ] GC(43) ParOldGen: 68183K(68608K)->68183K(68608K)
[1.328s][info][gc,metaspace   ] GC(43) Metaspace: 6299K(6464K)->6299K(6464K) NonClass: 5765K(5824K)->5765K(5824K) Class: 533K(640K)->533K(640K)
[1.328s][info][gc             ] GC(43) Pause Full (Ergonomics) 80M->80M(89M) 45.328ms
[1.328s][info][gc,cpu         ] GC(43) User=0.09s Sys=0.00s Real=0.04s
[1.328s][info][gc,start       ] GC(44) Pause Full (Ergonomics)
[1.328s][info][gc,phases,start] GC(44) Marking Phase
[1.360s][info][gc,phases      ] GC(44) Marking Phase 32.068ms
[1.360s][info][gc,phases,start] GC(44) Summary Phase
[1.360s][info][gc,phases      ] GC(44) Summary Phase 0.019ms
[1.360s][info][gc,phases,start] GC(44) Adjust Roots
[1.361s][info][gc,phases      ] GC(44) Adjust Roots 0.189ms
[1.361s][info][gc,phases,start] GC(44) Compaction Phase
[1.373s][info][gc,phases      ] GC(44) Compaction Phase 12.640ms
[1.373s][info][gc,phases,start] GC(44) Post Compact
[1.374s][info][gc,phases      ] GC(44) Post Compact 0.203ms
[1.374s][info][gc,heap        ] GC(44) PSYoungGen: 13792K(22528K)->13792K(22528K) Eden: 11263K(11264K)->11263K(11264K) From: 2528K(11264K)->2528K(11264K)
[1.374s][info][gc,heap        ] GC(44) ParOldGen: 68188K(68608K)->68188K(68608K)
[1.374s][info][gc,metaspace   ] GC(44) Metaspace: 6299K(6464K)->6299K(6464K) NonClass: 5765K(5824K)->5765K(5824K) Class: 533K(640K)->533K(640K)
[1.374s][info][gc             ] GC(44) Pause Full (Ergonomics) 80M->80M(89M) 45.411ms
[1.374s][info][gc,cpu         ] GC(44) User=0.03s Sys=0.00s Real=0.05s
[1.374s][info][gc,start       ] GC(45) Pause Full (Ergonomics)
[1.374s][info][gc,phases,start] GC(45) Marking Phase
[1.407s][info][gc,phases      ] GC(45) Marking Phase 32.675ms
[1.407s][info][gc,phases,start] GC(45) Summary Phase
[1.407s][info][gc,phases      ] GC(45) Summary Phase 0.019ms
[1.407s][info][gc,phases,start] GC(45) Adjust Roots
[1.407s][info][gc,phases      ] GC(45) Adjust Roots 0.160ms
[1.407s][info][gc,phases,start] GC(45) Compaction Phase
[1.419s][info][gc,phases      ] GC(45) Compaction Phase 11.915ms
[1.419s][info][gc,phases,start] GC(45) Post Compact
[1.419s][info][gc,phases      ] GC(45) Post Compact 0.202ms
[1.419s][info][gc,heap        ] GC(45) PSYoungGen: 13792K(22528K)->13792K(22528K) Eden: 11263K(11264K)->11263K(11264K) From: 2528K(11264K)->2528K(11264K)
[1.419s][info][gc,heap        ] GC(45) ParOldGen: 68193K(68608K)->68193K(68608K)
[1.419s][info][gc,metaspace   ] GC(45) Metaspace: 6299K(6464K)->6299K(6464K) NonClass: 5765K(5824K)->5765K(5824K) Class: 533K(640K)->533K(640K)
[1.419s][info][gc             ] GC(45) Pause Full (Ergonomics) 80M->80M(89M) 45.256ms
[1.419s][info][gc,cpu         ] GC(45) User=0.06s Sys=0.00s Real=0.05s
[1.419s][info][gc,start       ] GC(46) Pause Full (Ergonomics)
[1.419s][info][gc,phases,start] GC(46) Marking Phase
[1.451s][info][gc,phases      ] GC(46) Marking Phase 32.055ms
[1.451s][info][gc,phases,start] GC(46) Summary Phase
[1.451s][info][gc,phases      ] GC(46) Summary Phase 0.019ms
[1.452s][info][gc,phases,start] GC(46) Adjust Roots
[1.452s][info][gc,phases      ] GC(46) Adjust Roots 0.176ms
[1.452s][info][gc,phases,start] GC(46) Compaction Phase
[1.464s][info][gc,phases      ] GC(46) Compaction Phase 11.792ms
[1.464s][info][gc,phases,start] GC(46) Post Compact
[1.464s][info][gc,phases      ] GC(46) Post Compact 0.206ms
[1.464s][info][gc,heap        ] GC(46) PSYoungGen: 13792K(22528K)->13792K(22528K) Eden: 11263K(11264K)->11263K(11264K) From: 2528K(11264K)->2528K(11264K)
[1.464s][info][gc,heap        ] GC(46) ParOldGen: 68197K(68608K)->68197K(68608K)
[1.464s][info][gc,metaspace   ] GC(46) Metaspace: 6299K(6464K)->6299K(6464K) NonClass: 5765K(5824K)->5765K(5824K) Class: 533K(640K)->533K(640K)
[1.464s][info][gc             ] GC(46) Pause Full (Ergonomics) 80M->80M(89M) 44.531ms
[1.464s][info][gc,cpu         ] GC(46) User=0.03s Sys=0.00s Real=0.04s
[1.464s][info][gc,start       ] GC(47) Pause Full (Ergonomics)
[1.464s][info][gc,phases,start] GC(47) Marking Phase
[1.496s][info][gc,phases      ] GC(47) Marking Phase 32.215ms
[1.496s][info][gc,phases,start] GC(47) Summary Phase
[1.496s][info][gc,phases      ] GC(47) Summary Phase 0.024ms
[1.496s][info][gc,phases,start] GC(47) Adjust Roots
[1.497s][info][gc,phases      ] GC(47) Adjust Roots 0.207ms
[1.497s][info][gc,phases,start] GC(47) Compaction Phase
[1.509s][info][gc,phases      ] GC(47) Compaction Phase 12.360ms
[1.509s][info][gc,phases,start] GC(47) Post Compact
[1.509s][info][gc,phases      ] GC(47) Post Compact 0.298ms
[1.509s][info][gc,heap        ] GC(47) PSYoungGen: 13792K(22528K)->13792K(22528K) Eden: 11263K(11264K)->11263K(11264K) From: 2528K(11264K)->2528K(11264K)
[1.509s][info][gc,heap        ] GC(47) ParOldGen: 68202K(68608K)->68202K(68608K)
[1.509s][info][gc,metaspace   ] GC(47) Metaspace: 6299K(6464K)->6299K(6464K) NonClass: 5765K(5824K)->5765K(5824K) Class: 533K(640K)->533K(640K)
[1.509s][info][gc             ] GC(47) Pause Full (Ergonomics) 80M->80M(89M) 45.411ms
[1.510s][info][gc,cpu         ] GC(47) User=0.03s Sys=0.00s Real=0.04s
[1.510s][info][gc,start       ] GC(48) Pause Full (Ergonomics)
[1.510s][info][gc,phases,start] GC(48) Marking Phase
[1.547s][info][gc,phases      ] GC(48) Marking Phase 36.811ms
[1.547s][info][gc,phases,start] GC(48) Summary Phase
[1.547s][info][gc,phases      ] GC(48) Summary Phase 0.017ms
[1.547s][info][gc,phases,start] GC(48) Adjust Roots
[1.547s][info][gc,phases      ] GC(48) Adjust Roots 0.183ms
[1.547s][info][gc,phases,start] GC(48) Compaction Phase
[1.560s][info][gc,phases      ] GC(48) Compaction Phase 13.621ms
[1.561s][info][gc,phases,start] GC(48) Post Compact
[1.561s][info][gc,phases      ] GC(48) Post Compact 0.193ms
[1.561s][info][gc,heap        ] GC(48) PSYoungGen: 13792K(22528K)->13792K(22528K) Eden: 11263K(11264K)->11263K(11264K) From: 2528K(11264K)->2528K(11264K)
[1.561s][info][gc,heap        ] GC(48) ParOldGen: 68207K(68608K)->68207K(68608K)
[1.561s][info][gc,metaspace   ] GC(48) Metaspace: 6299K(6464K)->6299K(6464K) NonClass: 5765K(5824K)->5765K(5824K) Class: 533K(640K)->533K(640K)
[1.561s][info][gc             ] GC(48) Pause Full (Ergonomics) 80M->80M(89M) 51.112ms
[1.561s][info][gc,cpu         ] GC(48) User=0.06s Sys=0.00s Real=0.05s
[1.561s][info][gc,start       ] GC(49) Pause Full (Ergonomics)
[1.561s][info][gc,phases,start] GC(49) Marking Phase
[1.593s][info][gc,phases      ] GC(49) Marking Phase 32.029ms
[1.593s][info][gc,phases,start] GC(49) Summary Phase
[1.593s][info][gc,phases      ] GC(49) Summary Phase 0.020ms
[1.593s][info][gc,phases,start] GC(49) Adjust Roots
[1.593s][info][gc,phases      ] GC(49) Adjust Roots 0.165ms
[1.593s][info][gc,phases,start] GC(49) Compaction Phase
[1.605s][info][gc,phases      ] GC(49) Compaction Phase 11.806ms
[1.605s][info][gc,phases,start] GC(49) Post Compact
[1.605s][info][gc,phases      ] GC(49) Post Compact 0.269ms
[1.606s][info][gc,heap        ] GC(49) PSYoungGen: 13792K(22528K)->13792K(22528K) Eden: 11263K(11264K)->11263K(11264K) From: 2528K(11264K)->2528K(11264K)
[1.606s][info][gc,heap        ] GC(49) ParOldGen: 68211K(68608K)->68211K(68608K)
[1.606s][info][gc,metaspace   ] GC(49) Metaspace: 6299K(6464K)->6299K(6464K) NonClass: 5765K(5824K)->5765K(5824K) Class: 533K(640K)->533K(640K)
[1.606s][info][gc             ] GC(49) Pause Full (Ergonomics) 80M->80M(89M) 44.613ms
[1.606s][info][gc,cpu         ] GC(49) User=0.02s Sys=0.00s Real=0.05s
[1.606s][info][gc,start       ] GC(50) Pause Full (Ergonomics)
[1.606s][info][gc,phases,start] GC(50) Marking Phase
[1.638s][info][gc,phases      ] GC(50) Marking Phase 31.798ms
[1.638s][info][gc,phases,start] GC(50) Summary Phase
[1.638s][info][gc,phases      ] GC(50) Summary Phase 0.014ms
[1.638s][info][gc,phases,start] GC(50) Adjust Roots
[1.638s][info][gc,phases      ] GC(50) Adjust Roots 0.158ms
[1.638s][info][gc,phases,start] GC(50) Compaction Phase
[1.651s][info][gc,phases      ] GC(50) Compaction Phase 13.601ms
[1.652s][info][gc,phases,start] GC(50) Post Compact
[1.652s][info][gc,phases      ] GC(50) Post Compact 0.223ms
[1.652s][info][gc,heap        ] GC(50) PSYoungGen: 13792K(22528K)->13792K(22528K) Eden: 11263K(11264K)->11263K(11264K) From: 2528K(11264K)->2528K(11264K)
[1.652s][info][gc,heap        ] GC(50) ParOldGen: 68216K(68608K)->68216K(68608K)
[1.652s][info][gc,metaspace   ] GC(50) Metaspace: 6299K(6464K)->6299K(6464K) NonClass: 5765K(5824K)->5765K(5824K) Class: 533K(640K)->533K(640K)
[1.652s][info][gc             ] GC(50) Pause Full (Ergonomics) 80M->80M(89M) 46.089ms
[1.652s][info][gc,cpu         ] GC(50) User=0.03s Sys=0.00s Real=0.05s
[1.652s][info][gc,start       ] GC(51) Pause Full (Ergonomics)
[1.652s][info][gc,phases,start] GC(51) Marking Phase
[1.685s][info][gc,phases      ] GC(51) Marking Phase 32.800ms
[1.685s][info][gc,phases,start] GC(51) Summary Phase
[1.685s][info][gc,phases      ] GC(51) Summary Phase 0.019ms
[1.685s][info][gc,phases,start] GC(51) Adjust Roots
[1.685s][info][gc,phases      ] GC(51) Adjust Roots 0.185ms
[1.685s][info][gc,phases,start] GC(51) Compaction Phase
[1.698s][info][gc,phases      ] GC(51) Compaction Phase 12.940ms
[1.698s][info][gc,phases,start] GC(51) Post Compact
[1.698s][info][gc,phases      ] GC(51) Post Compact 0.212ms
[1.698s][info][gc,heap        ] GC(51) PSYoungGen: 13792K(22528K)->13792K(22528K) Eden: 11263K(11264K)->11263K(11264K) From: 2528K(11264K)->2528K(11264K)
[1.698s][info][gc,heap        ] GC(51) ParOldGen: 68221K(68608K)->68221K(68608K)
[1.698s][info][gc,metaspace   ] GC(51) Metaspace: 6299K(6464K)->6299K(6464K) NonClass: 5765K(5824K)->5765K(5824K) Class: 533K(640K)->533K(640K)
[1.699s][info][gc             ] GC(51) Pause Full (Ergonomics) 80M->80M(89M) 46.459ms
[1.699s][info][gc,cpu         ] GC(51) User=0.06s Sys=0.00s Real=0.05s
[1.699s][info][gc,start       ] GC(52) Pause Full (Ergonomics)
[1.699s][info][gc,phases,start] GC(52) Marking Phase
[1.731s][info][gc,phases      ] GC(52) Marking Phase 32.427ms
[1.731s][info][gc,phases,start] GC(52) Summary Phase
[1.731s][info][gc,phases      ] GC(52) Summary Phase 0.023ms
[1.731s][info][gc,phases,start] GC(52) Adjust Roots
[1.731s][info][gc,phases      ] GC(52) Adjust Roots 0.167ms
[1.731s][info][gc,phases,start] GC(52) Compaction Phase
[1.744s][info][gc,phases      ] GC(52) Compaction Phase 12.457ms
[1.744s][info][gc,phases,start] GC(52) Post Compact
[1.744s][info][gc,phases      ] GC(52) Post Compact 0.205ms
[1.744s][info][gc,heap        ] GC(52) PSYoungGen: 13792K(22528K)->13792K(22528K) Eden: 11263K(11264K)->11263K(11264K) From: 2528K(11264K)->2528K(11264K)
[1.744s][info][gc,heap        ] GC(52) ParOldGen: 68225K(68608K)->68225K(68608K)
[1.744s][info][gc,metaspace   ] GC(52) Metaspace: 6299K(6464K)->6299K(6464K) NonClass: 5765K(5824K)->5765K(5824K) Class: 533K(640K)->533K(640K)
[1.744s][info][gc             ] GC(52) Pause Full (Ergonomics) 80M->80M(89M) 45.571ms
[1.744s][info][gc,cpu         ] GC(52) User=0.06s Sys=0.00s Real=0.05s
[1.744s][info][gc,start       ] GC(53) Pause Full (Ergonomics)
[1.744s][info][gc,phases,start] GC(53) Marking Phase
[1.777s][info][gc,phases      ] GC(53) Marking Phase 32.903ms
[1.777s][info][gc,phases,start] GC(53) Summary Phase
[1.777s][info][gc,phases      ] GC(53) Summary Phase 0.018ms
[1.777s][info][gc,phases,start] GC(53) Adjust Roots
[1.778s][info][gc,phases      ] GC(53) Adjust Roots 0.201ms
[1.778s][info][gc,phases,start] GC(53) Compaction Phase
[1.791s][info][gc,phases      ] GC(53) Compaction Phase 13.241ms
[1.791s][info][gc,phases,start] GC(53) Post Compact
[1.791s][info][gc,phases      ] GC(53) Post Compact 0.243ms
[1.791s][info][gc,heap        ] GC(53) PSYoungGen: 13792K(22528K)->13792K(22528K) Eden: 11263K(11264K)->11263K(11264K) From: 2528K(11264K)->2528K(11264K)
[1.791s][info][gc,heap        ] GC(53) ParOldGen: 68230K(68608K)->68230K(68608K)
[1.791s][info][gc,metaspace   ] GC(53) Metaspace: 6299K(6464K)->6299K(6464K) NonClass: 5765K(5824K)->5765K(5824K) Class: 533K(640K)->533K(640K)
[1.791s][info][gc             ] GC(53) Pause Full (Ergonomics) 80M->80M(89M) 46.919ms
[1.791s][info][gc,cpu         ] GC(53) User=0.06s Sys=0.00s Real=0.05s
[1.792s][info][gc,start       ] GC(54) Pause Full (Ergonomics)
[1.792s][info][gc,phases,start] GC(54) Marking Phase
[1.824s][info][gc,phases      ] GC(54) Marking Phase 32.439ms
[1.824s][info][gc,phases,start] GC(54) Summary Phase
[1.824s][info][gc,phases      ] GC(54) Summary Phase 0.019ms
[1.824s][info][gc,phases,start] GC(54) Adjust Roots
[1.824s][info][gc,phases      ] GC(54) Adjust Roots 0.163ms
[1.824s][info][gc,phases,start] GC(54) Compaction Phase
[1.837s][info][gc,phases      ] GC(54) Compaction Phase 12.652ms
[1.837s][info][gc,phases,start] GC(54) Post Compact
[1.837s][info][gc,phases      ] GC(54) Post Compact 0.205ms
[1.837s][info][gc,heap        ] GC(54) PSYoungGen: 13792K(22528K)->13792K(22528K) Eden: 11263K(11264K)->11263K(11264K) From: 2528K(11264K)->2528K(11264K)
[1.837s][info][gc,heap        ] GC(54) ParOldGen: 68235K(68608K)->68235K(68608K)
[1.837s][info][gc,metaspace   ] GC(54) Metaspace: 6299K(6464K)->6299K(6464K) NonClass: 5765K(5824K)->5765K(5824K) Class: 533K(640K)->533K(640K)
[1.837s][info][gc             ] GC(54) Pause Full (Ergonomics) 80M->80M(89M) 45.771ms
[1.837s][info][gc,cpu         ] GC(54) User=0.06s Sys=0.00s Real=0.05s
[1.838s][info][gc,start       ] GC(55) Pause Full (Ergonomics)
[1.838s][info][gc,phases,start] GC(55) Marking Phase
[1.869s][info][gc,phases      ] GC(55) Marking Phase 31.094ms
[1.869s][info][gc,phases,start] GC(55) Summary Phase
[1.869s][info][gc,phases      ] GC(55) Summary Phase 0.019ms
[1.869s][info][gc,phases,start] GC(55) Adjust Roots
[1.869s][info][gc,phases      ] GC(55) Adjust Roots 0.165ms
[1.869s][info][gc,phases,start] GC(55) Compaction Phase
[1.882s][info][gc,phases      ] GC(55) Compaction Phase 12.581ms
[1.882s][info][gc,phases,start] GC(55) Post Compact
[1.882s][info][gc,phases      ] GC(55) Post Compact 0.227ms
[1.882s][info][gc,heap        ] GC(55) PSYoungGen: 13792K(22528K)->13792K(22528K) Eden: 11263K(11264K)->11263K(11264K) From: 2528K(11264K)->2528K(11264K)
[1.882s][info][gc,heap        ] GC(55) ParOldGen: 68239K(68608K)->68239K(68608K)
[1.882s][info][gc,metaspace   ] GC(55) Metaspace: 6299K(6464K)->6299K(6464K) NonClass: 5765K(5824K)->5765K(5824K) Class: 533K(640K)->533K(640K)
[1.882s][info][gc             ] GC(55) Pause Full (Ergonomics) 80M->80M(89M) 44.390ms
[1.882s][info][gc,cpu         ] GC(55) User=0.03s Sys=0.00s Real=0.04s
[1.882s][info][gc,start       ] GC(56) Pause Full (Ergonomics)
[1.882s][info][gc,phases,start] GC(56) Marking Phase
[1.915s][info][gc,phases      ] GC(56) Marking Phase 32.568ms
[1.915s][info][gc,phases,start] GC(56) Summary Phase
[1.915s][info][gc,phases      ] GC(56) Summary Phase 0.019ms
[1.915s][info][gc,phases,start] GC(56) Adjust Roots
[1.915s][info][gc,phases      ] GC(56) Adjust Roots 0.179ms
[1.915s][info][gc,phases,start] GC(56) Compaction Phase
[1.927s][info][gc,phases      ] GC(56) Compaction Phase 12.101ms
[1.927s][info][gc,phases,start] GC(56) Post Compact
[1.927s][info][gc,phases      ] GC(56) Post Compact 0.207ms
[1.927s][info][gc,heap        ] GC(56) PSYoungGen: 13792K(22528K)->13792K(22528K) Eden: 11263K(11264K)->11263K(11264K) From: 2528K(11264K)->2528K(11264K)
[1.927s][info][gc,heap        ] GC(56) ParOldGen: 68244K(68608K)->68244K(68608K)
[1.927s][info][gc,metaspace   ] GC(56) Metaspace: 6299K(6464K)->6299K(6464K) NonClass: 5765K(5824K)->5765K(5824K) Class: 533K(640K)->533K(640K)
[1.927s][info][gc             ] GC(56) Pause Full (Ergonomics) 80M->80M(89M) 45.365ms
[1.927s][info][gc,cpu         ] GC(56) User=0.06s Sys=0.00s Real=0.05s
[1.928s][info][gc,start       ] GC(57) Pause Full (Ergonomics)
[1.928s][info][gc,phases,start] GC(57) Marking Phase
[1.961s][info][gc,phases      ] GC(57) Marking Phase 33.794ms
[1.962s][info][gc,phases,start] GC(57) Summary Phase
[1.962s][info][gc,phases      ] GC(57) Summary Phase 0.019ms
[1.962s][info][gc,phases,start] GC(57) Adjust Roots
[1.962s][info][gc,phases      ] GC(57) Adjust Roots 0.164ms
[1.962s][info][gc,phases,start] GC(57) Compaction Phase
[1.974s][info][gc,phases      ] GC(57) Compaction Phase 12.737ms
[1.975s][info][gc,phases,start] GC(57) Post Compact
[1.975s][info][gc,phases      ] GC(57) Post Compact 0.213ms
[1.975s][info][gc,heap        ] GC(57) PSYoungGen: 13792K(22528K)->13792K(22528K) Eden: 11263K(11264K)->11263K(11264K) From: 2528K(11264K)->2528K(11264K)
[1.975s][info][gc,heap        ] GC(57) ParOldGen: 68249K(68608K)->68249K(68608K)
[1.975s][info][gc,metaspace   ] GC(57) Metaspace: 6299K(6464K)->6299K(6464K) NonClass: 5765K(5824K)->5765K(5824K) Class: 533K(640K)->533K(640K)
[1.975s][info][gc             ] GC(57) Pause Full (Ergonomics) 80M->80M(89M) 47.225ms
[1.975s][info][gc,cpu         ] GC(57) User=0.06s Sys=0.00s Real=0.05s
[1.975s][info][gc,start       ] GC(58) Pause Full (Ergonomics)
[1.975s][info][gc,phases,start] GC(58) Marking Phase
[2.007s][info][gc,phases      ] GC(58) Marking Phase 31.787ms
[2.007s][info][gc,phases,start] GC(58) Summary Phase
[2.007s][info][gc,phases      ] GC(58) Summary Phase 0.019ms
[2.007s][info][gc,phases,start] GC(58) Adjust Roots
[2.007s][info][gc,phases      ] GC(58) Adjust Roots 0.154ms
[2.007s][info][gc,phases,start] GC(58) Compaction Phase
[2.019s][info][gc,phases      ] GC(58) Compaction Phase 11.396ms
[2.019s][info][gc,phases,start] GC(58) Post Compact
[2.019s][info][gc,phases      ] GC(58) Post Compact 0.207ms
[2.019s][info][gc,heap        ] GC(58) PSYoungGen: 13792K(22528K)->13792K(22528K) Eden: 11263K(11264K)->11263K(11264K) From: 2528K(11264K)->2528K(11264K)
[2.019s][info][gc,heap        ] GC(58) ParOldGen: 68253K(68608K)->68253K(68608K)
[2.019s][info][gc,metaspace   ] GC(58) Metaspace: 6299K(6464K)->6299K(6464K) NonClass: 5765K(5824K)->5765K(5824K) Class: 533K(640K)->533K(640K)
[2.019s][info][gc             ] GC(58) Pause Full (Ergonomics) 80M->80M(89M) 43.854ms
[2.019s][info][gc,cpu         ] GC(58) User=0.03s Sys=0.00s Real=0.04s
[2.019s][info][gc,start       ] GC(59) Pause Full (Ergonomics)
[2.019s][info][gc,phases,start] GC(59) Marking Phase
[2.052s][info][gc,phases      ] GC(59) Marking Phase 32.921ms
[2.052s][info][gc,phases,start] GC(59) Summary Phase
[2.052s][info][gc,phases      ] GC(59) Summary Phase 0.019ms
[2.052s][info][gc,phases,start] GC(59) Adjust Roots
[2.052s][info][gc,phases      ] GC(59) Adjust Roots 0.176ms
[2.052s][info][gc,phases,start] GC(59) Compaction Phase
[2.064s][info][gc,phases      ] GC(59) Compaction Phase 11.350ms
[2.064s][info][gc,phases,start] GC(59) Post Compact
[2.064s][info][gc,phases      ] GC(59) Post Compact 0.202ms
[2.064s][info][gc,heap        ] GC(59) PSYoungGen: 13792K(22528K)->13792K(22528K) Eden: 11263K(11264K)->11263K(11264K) From: 2528K(11264K)->2528K(11264K)
[2.064s][info][gc,heap        ] GC(59) ParOldGen: 68258K(68608K)->68258K(68608K)
[2.064s][info][gc,metaspace   ] GC(59) Metaspace: 6299K(6464K)->6299K(6464K) NonClass: 5765K(5824K)->5765K(5824K) Class: 533K(640K)->533K(640K)
[2.064s][info][gc             ] GC(59) Pause Full (Ergonomics) 80M->80M(89M) 44.955ms
[2.064s][info][gc,cpu         ] GC(59) User=0.06s Sys=0.00s Real=0.05s
[2.064s][info][gc,start       ] GC(60) Pause Full (Ergonomics)
[2.064s][info][gc,phases,start] GC(60) Marking Phase
[2.096s][info][gc,phases      ] GC(60) Marking Phase 32.145ms
[2.096s][info][gc,phases,start] GC(60) Summary Phase
[2.096s][info][gc,phases      ] GC(60) Summary Phase 0.019ms
[2.096s][info][gc,phases,start] GC(60) Adjust Roots
[2.097s][info][gc,phases      ] GC(60) Adjust Roots 0.188ms
[2.097s][info][gc,phases,start] GC(60) Compaction Phase
[2.108s][info][gc,phases      ] GC(60) Compaction Phase 11.466ms
[2.108s][info][gc,phases,start] GC(60) Post Compact
[2.108s][info][gc,phases      ] GC(60) Post Compact 0.204ms
[2.108s][info][gc,heap        ] GC(60) PSYoungGen: 13792K(22528K)->13792K(22528K) Eden: 11263K(11264K)->11263K(11264K) From: 2528K(11264K)->2528K(11264K)
[2.108s][info][gc,heap        ] GC(60) ParOldGen: 68263K(68608K)->68263K(68608K)
[2.109s][info][gc,metaspace   ] GC(60) Metaspace: 6299K(6464K)->6299K(6464K) NonClass: 5765K(5824K)->5765K(5824K) Class: 533K(640K)->533K(640K)
[2.109s][info][gc             ] GC(60) Pause Full (Ergonomics) 80M->80M(89M) 44.308ms
[2.109s][info][gc,cpu         ] GC(60) User=0.03s Sys=0.00s Real=0.04s
[2.109s][info][gc,start       ] GC(61) Pause Full (Ergonomics)
[2.109s][info][gc,phases,start] GC(61) Marking Phase
[2.141s][info][gc,phases      ] GC(61) Marking Phase 32.271ms
[2.141s][info][gc,phases,start] GC(61) Summary Phase
[2.141s][info][gc,phases      ] GC(61) Summary Phase 0.019ms
[2.141s][info][gc,phases,start] GC(61) Adjust Roots
[2.141s][info][gc,phases      ] GC(61) Adjust Roots 0.197ms
[2.141s][info][gc,phases,start] GC(61) Compaction Phase
[2.154s][info][gc,phases      ] GC(61) Compaction Phase 13.022ms
[2.154s][info][gc,phases,start] GC(61) Post Compact
[2.155s][info][gc,phases      ] GC(61) Post Compact 0.202ms
[2.155s][info][gc,heap        ] GC(61) PSYoungGen: 13792K(22528K)->13792K(22528K) Eden: 11263K(11264K)->11263K(11264K) From: 2528K(11264K)->2528K(11264K)
[2.155s][info][gc,heap        ] GC(61) ParOldGen: 68267K(68608K)->68267K(68608K)
[2.155s][info][gc,metaspace   ] GC(61) Metaspace: 6299K(6464K)->6299K(6464K) NonClass: 5765K(5824K)->5765K(5824K) Class: 533K(640K)->533K(640K)
[2.155s][info][gc             ] GC(61) Pause Full (Ergonomics) 80M->80M(89M) 45.978ms
[2.155s][info][gc,cpu         ] GC(61) User=0.03s Sys=0.00s Real=0.05s
[2.155s][info][gc,start       ] GC(62) Pause Full (Ergonomics)
[2.155s][info][gc,phases,start] GC(62) Marking Phase
[2.187s][info][gc,phases      ] GC(62) Marking Phase 32.088ms
[2.187s][info][gc,phases,start] GC(62) Summary Phase
[2.187s][info][gc,phases      ] GC(62) Summary Phase 0.019ms
[2.187s][info][gc,phases,start] GC(62) Adjust Roots
[2.187s][info][gc,phases      ] GC(62) Adjust Roots 0.160ms
[2.187s][info][gc,phases,start] GC(62) Compaction Phase
[2.199s][info][gc,phases      ] GC(62) Compaction Phase 12.024ms
[2.199s][info][gc,phases,start] GC(62) Post Compact
[2.200s][info][gc,phases      ] GC(62) Post Compact 0.206ms
[2.200s][info][gc,heap        ] GC(62) PSYoungGen: 13792K(22528K)->13792K(22528K) Eden: 11263K(11264K)->11263K(11264K) From: 2528K(11264K)->2528K(11264K)
[2.200s][info][gc,heap        ] GC(62) ParOldGen: 68272K(68608K)->68272K(68608K)
[2.200s][info][gc,metaspace   ] GC(62) Metaspace: 6299K(6464K)->6299K(6464K) NonClass: 5765K(5824K)->5765K(5824K) Class: 533K(640K)->533K(640K)
[2.200s][info][gc             ] GC(62) Pause Full (Ergonomics) 80M->80M(89M) 44.782ms
[2.200s][info][gc,cpu         ] GC(62) User=0.03s Sys=0.00s Real=0.04s
[2.200s][info][gc,start       ] GC(63) Pause Full (Ergonomics)
[2.200s][info][gc,phases,start] GC(63) Marking Phase
[2.235s][info][gc,phases      ] GC(63) Marking Phase 34.611ms
[2.235s][info][gc,phases,start] GC(63) Summary Phase
[2.235s][info][gc,phases      ] GC(63) Summary Phase 0.019ms
[2.235s][info][gc,phases,start] GC(63) Adjust Roots
[2.235s][info][gc,phases      ] GC(63) Adjust Roots 0.176ms
[2.235s][info][gc,phases,start] GC(63) Compaction Phase
[2.248s][info][gc,phases      ] GC(63) Compaction Phase 12.785ms
[2.248s][info][gc,phases,start] GC(63) Post Compact
[2.248s][info][gc,phases      ] GC(63) Post Compact 0.199ms
[2.248s][info][gc,heap        ] GC(63) PSYoungGen: 13792K(22528K)->13792K(22528K) Eden: 11263K(11264K)->11263K(11264K) From: 2528K(11264K)->2528K(11264K)
[2.248s][info][gc,heap        ] GC(63) ParOldGen: 68277K(68608K)->68277K(68608K)
[2.248s][info][gc,metaspace   ] GC(63) Metaspace: 6299K(6464K)->6299K(6464K) NonClass: 5765K(5824K)->5765K(5824K) Class: 533K(640K)->533K(640K)
[2.248s][info][gc             ] GC(63) Pause Full (Ergonomics) 80M->80M(89M) 48.078ms
[2.248s][info][gc,cpu         ] GC(63) User=0.05s Sys=0.00s Real=0.05s
[2.248s][info][gc,start       ] GC(64) Pause Full (Ergonomics)
[2.248s][info][gc,phases,start] GC(64) Marking Phase
[2.282s][info][gc,phases      ] GC(64) Marking Phase 33.992ms
[2.282s][info][gc,phases,start] GC(64) Summary Phase
[2.282s][info][gc,phases      ] GC(64) Summary Phase 0.019ms
[2.282s][info][gc,phases,start] GC(64) Adjust Roots
[2.282s][info][gc,phases      ] GC(64) Adjust Roots 0.162ms
[2.283s][info][gc,phases,start] GC(64) Compaction Phase
[2.295s][info][gc,phases      ] GC(64) Compaction Phase 12.196ms
[2.295s][info][gc,phases,start] GC(64) Post Compact
[2.295s][info][gc,phases      ] GC(64) Post Compact 0.199ms
[2.295s][info][gc,heap        ] GC(64) PSYoungGen: 13792K(22528K)->13792K(22528K) Eden: 11263K(11264K)->11263K(11264K) From: 2528K(11264K)->2528K(11264K)
[2.295s][info][gc,heap        ] GC(64) ParOldGen: 68281K(68608K)->68281K(68608K)
[2.295s][info][gc,metaspace   ] GC(64) Metaspace: 6299K(6464K)->6299K(6464K) NonClass: 5765K(5824K)->5765K(5824K) Class: 533K(640K)->533K(640K)
[2.295s][info][gc             ] GC(64) Pause Full (Ergonomics) 80M->80M(89M) 46.956ms
[2.295s][info][gc,cpu         ] GC(64) User=0.06s Sys=0.00s Real=0.05s
[2.295s][info][gc,start       ] GC(65) Pause Full (Ergonomics)
[2.295s][info][gc,phases,start] GC(65) Marking Phase
[2.329s][info][gc,phases      ] GC(65) Marking Phase 33.839ms
[2.329s][info][gc,phases,start] GC(65) Summary Phase
[2.329s][info][gc,phases      ] GC(65) Summary Phase 0.019ms
[2.329s][info][gc,phases,start] GC(65) Adjust Roots
[2.329s][info][gc,phases      ] GC(65) Adjust Roots 0.170ms
[2.329s][info][gc,phases,start] GC(65) Compaction Phase
[2.342s][info][gc,phases      ] GC(65) Compaction Phase 12.146ms
[2.342s][info][gc,phases,start] GC(65) Post Compact
[2.342s][info][gc,phases      ] GC(65) Post Compact 0.197ms
[2.342s][info][gc,heap        ] GC(65) PSYoungGen: 13792K(22528K)->13792K(22528K) Eden: 11263K(11264K)->11263K(11264K) From: 2528K(11264K)->2528K(11264K)
[2.342s][info][gc,heap        ] GC(65) ParOldGen: 68286K(68608K)->68286K(68608K)
[2.342s][info][gc,metaspace   ] GC(65) Metaspace: 6299K(6464K)->6299K(6464K) NonClass: 5765K(5824K)->5765K(5824K) Class: 533K(640K)->533K(640K)
[2.342s][info][gc             ] GC(65) Pause Full (Ergonomics) 80M->80M(89M) 46.653ms
[2.342s][info][gc,cpu         ] GC(65) User=0.06s Sys=0.00s Real=0.05s
[2.342s][info][gc,start       ] GC(66) Pause Full (Ergonomics)
[2.342s][info][gc,phases,start] GC(66) Marking Phase
[2.376s][info][gc,phases      ] GC(66) Marking Phase 33.894ms
[2.376s][info][gc,phases,start] GC(66) Summary Phase
[2.376s][info][gc,phases      ] GC(66) Summary Phase 0.019ms
[2.376s][info][gc,phases,start] GC(66) Adjust Roots
[2.376s][info][gc,phases      ] GC(66) Adjust Roots 0.169ms
[2.376s][info][gc,phases,start] GC(66) Compaction Phase
[2.389s][info][gc,phases      ] GC(66) Compaction Phase 12.332ms
[2.389s][info][gc,phases,start] GC(66) Post Compact
[2.389s][info][gc,phases      ] GC(66) Post Compact 0.199ms
[2.389s][info][gc,heap        ] GC(66) PSYoungGen: 13792K(22528K)->13792K(22528K) Eden: 11263K(11264K)->11263K(11264K) From: 2528K(11264K)->2528K(11264K)
[2.389s][info][gc,heap        ] GC(66) ParOldGen: 68291K(68608K)->68291K(68608K)
[2.389s][info][gc,metaspace   ] GC(66) Metaspace: 6299K(6464K)->6299K(6464K) NonClass: 5765K(5824K)->5765K(5824K) Class: 533K(640K)->533K(640K)
[2.389s][info][gc             ] GC(66) Pause Full (Ergonomics) 80M->80M(89M) 46.904ms
[2.389s][info][gc,cpu         ] GC(66) User=0.06s Sys=0.00s Real=0.05s
[2.389s][info][gc,start       ] GC(67) Pause Full (Ergonomics)
[2.389s][info][gc,phases,start] GC(67) Marking Phase
[2.422s][info][gc,phases      ] GC(67) Marking Phase 32.495ms
[2.422s][info][gc,phases,start] GC(67) Summary Phase
[2.422s][info][gc,phases      ] GC(67) Summary Phase 0.020ms
[2.422s][info][gc,phases,start] GC(67) Adjust Roots
[2.422s][info][gc,phases      ] GC(67) Adjust Roots 0.151ms
[2.422s][info][gc,phases,start] GC(67) Compaction Phase
[2.434s][info][gc,phases      ] GC(67) Compaction Phase 12.177ms
[2.434s][info][gc,phases,start] GC(67) Post Compact
[2.434s][info][gc,phases      ] GC(67) Post Compact 0.198ms
[2.434s][info][gc,heap        ] GC(67) PSYoungGen: 13792K(22528K)->13792K(22528K) Eden: 11263K(11264K)->11263K(11264K) From: 2528K(11264K)->2528K(11264K)
[2.434s][info][gc,heap        ] GC(67) ParOldGen: 68295K(68608K)->68295K(68608K)
[2.435s][info][gc,metaspace   ] GC(67) Metaspace: 6299K(6464K)->6299K(6464K) NonClass: 5765K(5824K)->5765K(5824K) Class: 533K(640K)->533K(640K)
[2.435s][info][gc             ] GC(67) Pause Full (Ergonomics) 80M->80M(89M) 45.338ms
[2.435s][info][gc,cpu         ] GC(67) User=0.06s Sys=0.00s Real=0.05s
[2.435s][info][gc,start       ] GC(68) Pause Full (Ergonomics)
[2.435s][info][gc,phases,start] GC(68) Marking Phase
[2.469s][info][gc,phases      ] GC(68) Marking Phase 33.942ms
[2.469s][info][gc,phases,start] GC(68) Summary Phase
[2.469s][info][gc,phases      ] GC(68) Summary Phase 0.020ms
[2.469s][info][gc,phases,start] GC(68) Adjust Roots
[2.469s][info][gc,phases      ] GC(68) Adjust Roots 0.177ms
[2.469s][info][gc,phases,start] GC(68) Compaction Phase
[2.481s][info][gc,phases      ] GC(68) Compaction Phase 12.324ms
[2.481s][info][gc,phases,start] GC(68) Post Compact
[2.482s][info][gc,phases      ] GC(68) Post Compact 0.200ms
[2.482s][info][gc,heap        ] GC(68) PSYoungGen: 13792K(22528K)->13792K(22528K) Eden: 11263K(11264K)->11263K(11264K) From: 2528K(11264K)->2528K(11264K)
[2.482s][info][gc,heap        ] GC(68) ParOldGen: 68300K(68608K)->68300K(68608K)
[2.482s][info][gc,metaspace   ] GC(68) Metaspace: 6299K(6464K)->6299K(6464K) NonClass: 5765K(5824K)->5765K(5824K) Class: 533K(640K)->533K(640K)
[2.482s][info][gc             ] GC(68) Pause Full (Ergonomics) 80M->80M(89M) 46.914ms
[2.482s][info][gc,cpu         ] GC(68) User=0.06s Sys=0.00s Real=0.05s
[2.482s][info][gc,start       ] GC(69) Pause Full (Ergonomics)
[2.482s][info][gc,phases,start] GC(69) Marking Phase
[2.516s][info][gc,phases      ] GC(69) Marking Phase 34.066ms
[2.516s][info][gc,phases,start] GC(69) Summary Phase
[2.516s][info][gc,phases      ] GC(69) Summary Phase 0.019ms
[2.516s][info][gc,phases,start] GC(69) Adjust Roots
[2.516s][info][gc,phases      ] GC(69) Adjust Roots 0.174ms
[2.516s][info][gc,phases,start] GC(69) Compaction Phase
[2.528s][info][gc,phases      ] GC(69) Compaction Phase 11.936ms
[2.528s][info][gc,phases,start] GC(69) Post Compact
[2.528s][info][gc,phases      ] GC(69) Post Compact 0.197ms
[2.528s][info][gc,heap        ] GC(69) PSYoungGen: 13792K(22528K)->13792K(22528K) Eden: 11263K(11264K)->11263K(11264K) From: 2528K(11264K)->2528K(11264K)
[2.528s][info][gc,heap        ] GC(69) ParOldGen: 68305K(68608K)->68305K(68608K)
[2.528s][info][gc,metaspace   ] GC(69) Metaspace: 6299K(6464K)->6299K(6464K) NonClass: 5765K(5824K)->5765K(5824K) Class: 533K(640K)->533K(640K)
[2.528s][info][gc             ] GC(69) Pause Full (Ergonomics) 80M->80M(89M) 46.639ms
[2.529s][info][gc,cpu         ] GC(69) User=0.06s Sys=0.00s Real=0.05s
[2.529s][info][gc,start       ] GC(70) Pause Full (Ergonomics)
[2.529s][info][gc,phases,start] GC(70) Marking Phase
[2.562s][info][gc,phases      ] GC(70) Marking Phase 33.099ms
[2.562s][info][gc,phases,start] GC(70) Summary Phase
[2.562s][info][gc,phases      ] GC(70) Summary Phase 0.017ms
[2.562s][info][gc,phases,start] GC(70) Adjust Roots
[2.562s][info][gc,phases      ] GC(70) Adjust Roots 0.455ms
[2.562s][info][gc,phases,start] GC(70) Compaction Phase
[2.581s][info][gc,phases      ] GC(70) Compaction Phase 18.895ms
[2.581s][info][gc,phases,start] GC(70) Post Compact
[2.582s][info][gc,phases      ] GC(70) Post Compact 0.401ms
[2.582s][info][gc,heap        ] GC(70) PSYoungGen: 13792K(22528K)->13792K(22528K) Eden: 11263K(11264K)->11263K(11264K) From: 2528K(11264K)->2528K(11264K)
[2.582s][info][gc,heap        ] GC(70) ParOldGen: 68309K(68608K)->68305K(68608K)
[2.582s][info][gc,metaspace   ] GC(70) Metaspace: 6299K(6464K)->6297K(6464K) NonClass: 5765K(5824K)->5764K(5824K) Class: 533K(640K)->532K(640K)
[2.582s][info][gc             ] GC(70) Pause Full (Ergonomics) 80M->80M(89M) 53.155ms
[2.582s][info][gc,cpu         ] GC(70) User=0.09s Sys=0.00s Real=0.05s
[2.583s][info][gc,heap,exit   ] Heap
[2.583s][info][gc,heap,exit   ]  PSYoungGen      total 22528K, used 13792K [0x00000000fdf00000, 0x0000000100000000, 0x0000000100000000)
[2.583s][info][gc,heap,exit   ]   eden space 11264K, 100% used [0x00000000fdf00000,0x00000000fea00000,0x00000000fea00000)
[2.583s][info][gc,heap,exit   ]   from space 11264K, 22% used [0x00000000fea00000,0x00000000fec782c8,0x00000000ff500000)
[2.583s][info][gc,heap,exit   ]   to   space 11264K, 0% used [0x00000000ff500000,0x00000000ff500000,0x0000000100000000)
[2.583s][info][gc,heap,exit   ]  ParOldGen       total 68608K, used 68308K [0x00000000f9c00000, 0x00000000fdf00000, 0x00000000fdf00000)
[2.583s][info][gc,heap,exit   ]   object space 68608K, 99% used [0x00000000f9c00000,0x00000000fdeb50c0,0x00000000fdf00000)
[2.583s][info][gc,heap,exit   ]  Metaspace       used 6301K, committed 6464K, reserved 1114112K
[2.583s][info][gc,heap,exit   ]   class space    used 534K, committed 640K, reserved 1048576K
