[0.011s][info][gc,init] CardTable entry size: 512
[0.011s][info][gc     ] Using Parallel
[0.011s][info][gc,init] Version: 18.0.1+10 (release)
[0.011s][info][gc,init] CPUs: 8 total, 8 available
[0.011s][info][gc,init] Memory: 16063M
[0.011s][info][gc,init] Large Page Support: Disabled
[0.011s][info][gc,init] NUMA Support: Disabled
[0.011s][info][gc,init] Compressed Oops: Enabled (Zero based)
[0.012s][info][gc,init] Alignments: Space 512K, Generation 512K, Heap 2M
[0.012s][info][gc,init] Heap Min Capacity: 2M
[0.012s][info][gc,init] Heap Initial Capacity: 2M
[0.012s][info][gc,init] Heap Max Capacity: 2300M
[0.012s][info][gc,init] Pre-touch: Disabled
[0.012s][info][gc,init] Parallel Workers: 8
[0.012s][info][gc,metaspace] CDS archive(s) not mapped
[0.012s][info][gc,metaspace] Compressed class space mapped at: 0x0000000800000000-0x0000000840000000, reserved size: 1073741824
[0.012s][info][gc,metaspace] Narrow klass base: 0x0000000800000000, Narrow klass shift: 0, Narrow klass range: 0x40000000
[0.099s][info][gc,start    ] GC(0) Pause Young (Allocation Failure)
[0.100s][info][gc,heap     ] GC(0) PSYoungGen: 512K(1024K)->480K(1024K) Eden: 512K(512K)->0K(512K) From: 0K(512K)->480K(512K)
[0.100s][info][gc,heap     ] GC(0) ParOldGen: 0K(512K)->8K(512K)
[0.100s][info][gc,metaspace] GC(0) Metaspace: 4229K(4352K)->4229K(4352K) NonClass: 3908K(3968K)->3908K(3968K) Class: 321K(384K)->321K(384K)
[0.100s][info][gc          ] GC(0) Pause Young (Allocation Failure) 0M->0M(1M) 1.517ms
[0.100s][info][gc,cpu      ] GC(0) User=0.00s Sys=0.00s Real=0.00s
[0.168s][info][gc,start    ] GC(1) Pause Young (Allocation Failure)
[0.169s][info][gc,heap     ] GC(1) PSYoungGen: 991K(1024K)->512K(1536K) Eden: 511K(512K)->0K(1024K) From: 480K(512K)->512K(512K)
[0.169s][info][gc,heap     ] GC(1) ParOldGen: 8K(512K)->80K(512K)
[0.169s][info][gc,metaspace] GC(1) Metaspace: 5882K(6016K)->5882K(6016K) NonClass: 5385K(5504K)->5385K(5504K) Class: 496K(512K)->496K(512K)
[0.169s][info][gc          ] GC(1) Pause Young (Allocation Failure) 0M->0M(2M) 0.935ms
[0.169s][info][gc,cpu      ] GC(1) User=0.00s Sys=0.00s Real=0.00s
[0.188s][info][gc,start    ] GC(2) Pause Young (Allocation Failure)
[0.189s][info][gc,heap     ] GC(2) PSYoungGen: 1536K(1536K)->512K(1536K) Eden: 1024K(1024K)->0K(1024K) From: 512K(512K)->512K(512K)
[0.189s][info][gc,heap     ] GC(2) ParOldGen: 80K(512K)->496K(512K)
[0.189s][info][gc,metaspace] GC(2) Metaspace: 6300K(6464K)->6300K(6464K) NonClass: 5766K(5824K)->5766K(5824K) Class: 533K(640K)->533K(640K)
[0.189s][info][gc          ] GC(2) Pause Young (Allocation Failure) 1M->0M(2M) 1.414ms
[0.189s][info][gc,cpu      ] GC(2) User=0.00s Sys=0.00s Real=0.00s
[0.189s][info][gc,start    ] GC(3) Pause Full (Ergonomics)
[0.189s][info][gc,phases,start] GC(3) Marking Phase
[0.190s][info][gc,phases      ] GC(3) Marking Phase 0.972ms
[0.190s][info][gc,phases,start] GC(3) Summary Phase
[0.190s][info][gc,phases      ] GC(3) Summary Phase 0.014ms
[0.190s][info][gc,phases,start] GC(3) Adjust Roots
[0.191s][info][gc,phases      ] GC(3) Adjust Roots 0.337ms
[0.191s][info][gc,phases,start] GC(3) Compaction Phase
[0.192s][info][gc,phases      ] GC(3) Compaction Phase 1.506ms
[0.192s][info][gc,phases,start] GC(3) Post Compact
[0.192s][info][gc,phases      ] GC(3) Post Compact 0.064ms
[0.192s][info][gc,heap        ] GC(3) PSYoungGen: 512K(1536K)->511K(1536K) Eden: 0K(1024K)->0K(1024K) From: 512K(512K)->511K(512K)
[0.192s][info][gc,heap        ] GC(3) ParOldGen: 496K(512K)->469K(2048K)
[0.192s][info][gc,metaspace   ] GC(3) Metaspace: 6300K(6464K)->6300K(6464K) NonClass: 5766K(5824K)->5766K(5824K) Class: 533K(640K)->533K(640K)
[0.192s][info][gc             ] GC(3) Pause Full (Ergonomics) 0M->0M(3M) 3.114ms
[0.192s][info][gc,cpu         ] GC(3) User=0.00s Sys=0.00s Real=0.00s
[0.194s][info][gc,start       ] GC(4) Pause Young (Allocation Failure)
[0.195s][info][gc,heap        ] GC(4) PSYoungGen: 1535K(1536K)->480K(2560K) Eden: 1024K(1024K)->0K(2048K) From: 511K(512K)->480K(512K)
[0.195s][info][gc,heap        ] GC(4) ParOldGen: 469K(2048K)->1030K(2048K)
[0.195s][info][gc,metaspace   ] GC(4) Metaspace: 6300K(6464K)->6300K(6464K) NonClass: 5766K(5824K)->5766K(5824K) Class: 533K(640K)->533K(640K)
[0.195s][info][gc             ] GC(4) Pause Young (Allocation Failure) 1M->1M(4M) 1.510ms
[0.195s][info][gc,cpu         ] GC(4) User=0.00s Sys=0.00s Real=0.00s
[0.198s][info][gc,start       ] GC(5) Pause Young (Allocation Failure)
[0.200s][info][gc,heap        ] GC(5) PSYoungGen: 2528K(2560K)->480K(2560K) Eden: 2048K(2048K)->0K(2048K) From: 480K(512K)->480K(512K)
[0.200s][info][gc,heap        ] GC(5) ParOldGen: 1030K(2048K)->2102K(2560K)
[0.200s][info][gc,metaspace   ] GC(5) Metaspace: 6300K(6464K)->6300K(6464K) NonClass: 5766K(5824K)->5766K(5824K) Class: 533K(640K)->533K(640K)
[0.200s][info][gc             ] GC(5) Pause Young (Allocation Failure) 3M->2M(5M) 1.849ms
[0.200s][info][gc,cpu         ] GC(5) User=0.00s Sys=0.00s Real=0.00s
[0.200s][info][gc,start       ] GC(6) Pause Full (Ergonomics)
[0.200s][info][gc,phases,start] GC(6) Marking Phase
[0.202s][info][gc,phases      ] GC(6) Marking Phase 1.698ms
[0.202s][info][gc,phases,start] GC(6) Summary Phase
[0.202s][info][gc,phases      ] GC(6) Summary Phase 0.018ms
[0.202s][info][gc,phases,start] GC(6) Adjust Roots
[0.202s][info][gc,phases      ] GC(6) Adjust Roots 0.407ms
[0.202s][info][gc,phases,start] GC(6) Compaction Phase
[0.205s][info][gc,phases      ] GC(6) Compaction Phase 2.553ms
[0.205s][info][gc,phases,start] GC(6) Post Compact
[0.205s][info][gc,phases      ] GC(6) Post Compact 0.034ms
[0.205s][info][gc,heap        ] GC(6) PSYoungGen: 480K(2560K)->0K(4096K) Eden: 0K(2048K)->0K(3072K) From: 480K(512K)->0K(1024K)
[0.205s][info][gc,heap        ] GC(6) ParOldGen: 2102K(2560K)->2542K(6144K)
[0.205s][info][gc,metaspace   ] GC(6) Metaspace: 6300K(6464K)->6300K(6464K) NonClass: 5766K(5824K)->5766K(5824K) Class: 533K(640K)->533K(640K)
[0.205s][info][gc             ] GC(6) Pause Full (Ergonomics) 2M->2M(10M) 5.147ms
[0.205s][info][gc,cpu         ] GC(6) User=0.02s Sys=0.00s Real=0.00s
[0.209s][info][gc,start       ] GC(7) Pause Young (Allocation Failure)
[0.211s][info][gc,heap        ] GC(7) PSYoungGen: 3072K(4096K)->1664K(5120K) Eden: 3072K(3072K)->0K(3072K) From: 0K(1024K)->1664K(2048K)
[0.211s][info][gc,heap        ] GC(7) ParOldGen: 2542K(6144K)->2542K(6144K)
[0.211s][info][gc,metaspace   ] GC(7) Metaspace: 6300K(6464K)->6300K(6464K) NonClass: 5766K(5824K)->5766K(5824K) Class: 533K(640K)->533K(640K)
[0.211s][info][gc             ] GC(7) Pause Young (Allocation Failure) 5M->4M(11M) 1.666ms
[0.211s][info][gc,cpu         ] GC(7) User=0.00s Sys=0.00s Real=0.00s
[0.215s][info][gc,start       ] GC(8) Pause Young (Allocation Failure)
[0.218s][info][gc,heap        ] GC(8) PSYoungGen: 4736K(5120K)->2016K(5632K) Eden: 3072K(3072K)->0K(3584K) From: 1664K(2048K)->2016K(2048K)
[0.218s][info][gc,heap        ] GC(8) ParOldGen: 2542K(6144K)->3774K(6144K)
[0.218s][info][gc,metaspace   ] GC(8) Metaspace: 6300K(6464K)->6300K(6464K) NonClass: 5766K(5824K)->5766K(5824K) Class: 533K(640K)->533K(640K)
[0.218s][info][gc             ] GC(8) Pause Young (Allocation Failure) 7M->5M(11M) 3.171ms
[0.218s][info][gc,cpu         ] GC(8) User=0.02s Sys=0.00s Real=0.00s
[0.222s][info][gc,start       ] GC(9) Pause Young (Allocation Failure)
[0.225s][info][gc,heap        ] GC(9) PSYoungGen: 5600K(5632K)->3040K(6656K) Eden: 3584K(3584K)->0K(3584K) From: 2016K(2048K)->3040K(3072K)
[0.226s][info][gc,heap        ] GC(9) ParOldGen: 3774K(6144K)->4614K(6144K)
[0.226s][info][gc,metaspace   ] GC(9) Metaspace: 6300K(6464K)->6300K(6464K) NonClass: 5766K(5824K)->5766K(5824K) Class: 533K(640K)->533K(640K)
[0.226s][info][gc             ] GC(9) Pause Young (Allocation Failure) 9M->7M(12M) 3.154ms
[0.226s][info][gc,cpu         ] GC(9) User=0.00s Sys=0.00s Real=0.00s
[0.230s][info][gc,start       ] GC(10) Pause Young (Allocation Failure)
[0.233s][info][gc,heap        ] GC(10) PSYoungGen: 6624K(6656K)->4064K(8704K) Eden: 3584K(3584K)->0K(4608K) From: 3040K(3072K)->4064K(4096K)
[0.233s][info][gc,heap        ] GC(10) ParOldGen: 4614K(6144K)->5454K(6144K)
[0.234s][info][gc,metaspace   ] GC(10) Metaspace: 6300K(6464K)->6300K(6464K) NonClass: 5766K(5824K)->5766K(5824K) Class: 533K(640K)->533K(640K)
[0.234s][info][gc             ] GC(10) Pause Young (Allocation Failure) 10M->9M(14M) 3.864ms
[0.234s][info][gc,cpu         ] GC(10) User=0.02s Sys=0.00s Real=0.00s
[0.234s][info][gc,start       ] GC(11) Pause Full (Ergonomics)
[0.234s][info][gc,phases,start] GC(11) Marking Phase
[0.238s][info][gc,phases      ] GC(11) Marking Phase 4.380ms
[0.238s][info][gc,phases,start] GC(11) Summary Phase
[0.238s][info][gc,phases      ] GC(11) Summary Phase 0.018ms
[0.238s][info][gc,phases,start] GC(11) Adjust Roots
[0.238s][info][gc,phases      ] GC(11) Adjust Roots 0.348ms
[0.238s][info][gc,phases,start] GC(11) Compaction Phase
[0.245s][info][gc,phases      ] GC(11) Compaction Phase 6.100ms
[0.245s][info][gc,phases,start] GC(11) Post Compact
[0.245s][info][gc,phases      ] GC(11) Post Compact 0.054ms
[0.245s][info][gc,heap        ] GC(11) PSYoungGen: 4064K(8704K)->3545K(8704K) Eden: 0K(4608K)->0K(4608K) From: 4064K(4096K)->3545K(4096K)
[0.245s][info][gc,heap        ] GC(11) ParOldGen: 5454K(6144K)->5831K(10752K)
[0.245s][info][gc,metaspace   ] GC(11) Metaspace: 6300K(6464K)->6300K(6464K) NonClass: 5766K(5824K)->5766K(5824K) Class: 533K(640K)->533K(640K)
[0.245s][info][gc             ] GC(11) Pause Full (Ergonomics) 9M->9M(19M) 11.216ms
[0.245s][info][gc,cpu         ] GC(11) User=0.00s Sys=0.00s Real=0.01s
[0.249s][info][gc,start       ] GC(12) Pause Young (Allocation Failure)
[0.253s][info][gc,heap        ] GC(12) PSYoungGen: 8013K(8704K)->5088K(9728K) Eden: 4468K(4608K)->0K(4608K) From: 3545K(4096K)->5088K(5120K)
[0.253s][info][gc,heap        ] GC(12) ParOldGen: 5831K(10752K)->6615K(10752K)
[0.253s][info][gc,metaspace   ] GC(12) Metaspace: 6300K(6464K)->6300K(6464K) NonClass: 5766K(5824K)->5766K(5824K) Class: 533K(640K)->533K(640K)
[0.253s][info][gc             ] GC(12) Pause Young (Allocation Failure) 13M->11M(20M) 3.471ms
[0.253s][info][gc,cpu         ] GC(12) User=0.00s Sys=0.00s Real=0.00s
[0.258s][info][gc,start       ] GC(13) Pause Young (Allocation Failure)
[0.263s][info][gc,heap        ] GC(13) PSYoungGen: 9696K(9728K)->6112K(11264K) Eden: 4608K(4608K)->0K(5120K) From: 5088K(5120K)->6112K(6144K)
[0.263s][info][gc,heap        ] GC(13) ParOldGen: 6615K(10752K)->7991K(10752K)
[0.263s][info][gc,metaspace   ] GC(13) Metaspace: 6300K(6464K)->6300K(6464K) NonClass: 5766K(5824K)->5766K(5824K) Class: 533K(640K)->533K(640K)
[0.263s][info][gc             ] GC(13) Pause Young (Allocation Failure) 15M->13M(21M) 5.917ms
[0.263s][info][gc,cpu         ] GC(13) User=0.00s Sys=0.00s Real=0.01s
[0.267s][info][gc,start       ] GC(14) Pause Young (Allocation Failure)
[0.273s][info][gc,heap        ] GC(14) PSYoungGen: 11232K(11264K)->5216K(12800K) Eden: 5120K(5120K)->0K(5120K) From: 6112K(6144K)->5216K(7680K)
[0.273s][info][gc,heap        ] GC(14) ParOldGen: 7991K(10752K)->11575K(11776K)
[0.273s][info][gc,metaspace   ] GC(14) Metaspace: 6301K(6464K)->6301K(6464K) NonClass: 5768K(5824K)->5768K(5824K) Class: 533K(640K)->533K(640K)
[0.273s][info][gc             ] GC(14) Pause Young (Allocation Failure) 18M->16M(24M) 5.428ms
[0.273s][info][gc,cpu         ] GC(14) User=0.00s Sys=0.00s Real=0.01s
[0.273s][info][gc,start       ] GC(15) Pause Full (Ergonomics)
[0.273s][info][gc,phases,start] GC(15) Marking Phase
[0.280s][info][gc,phases      ] GC(15) Marking Phase 7.401ms
[0.280s][info][gc,phases,start] GC(15) Summary Phase
[0.280s][info][gc,phases      ] GC(15) Summary Phase 0.019ms
[0.280s][info][gc,phases,start] GC(15) Adjust Roots
[0.281s][info][gc,phases      ] GC(15) Adjust Roots 0.215ms
[0.281s][info][gc,phases,start] GC(15) Compaction Phase
[0.288s][info][gc,phases      ] GC(15) Compaction Phase 7.124ms
[0.288s][info][gc,phases,start] GC(15) Post Compact
[0.288s][info][gc,phases      ] GC(15) Post Compact 0.073ms
[0.288s][info][gc,heap        ] GC(15) PSYoungGen: 5216K(12800K)->5197K(12800K) Eden: 0K(5120K)->0K(5120K) From: 5216K(7680K)->5197K(7680K)
[0.288s][info][gc,heap        ] GC(15) ParOldGen: 11575K(11776K)->11453K(18432K)
[0.288s][info][gc,metaspace   ] GC(15) Metaspace: 6301K(6464K)->6301K(6464K) NonClass: 5768K(5824K)->5768K(5824K) Class: 533K(640K)->533K(640K)
[0.288s][info][gc             ] GC(15) Pause Full (Ergonomics) 16M->16M(30M) 15.143ms
[0.288s][info][gc,cpu         ] GC(15) User=0.00s Sys=0.02s Real=0.02s
[0.291s][info][gc,start       ] GC(16) Pause Young (Allocation Failure)
[0.297s][info][gc,heap        ] GC(16) PSYoungGen: 10317K(12800K)->2656K(14336K) Eden: 5120K(5120K)->0K(7168K) From: 5197K(7680K)->2656K(7168K)
[0.297s][info][gc,heap        ] GC(16) ParOldGen: 11453K(18432K)->16733K(18432K)
[0.297s][info][gc,metaspace   ] GC(16) Metaspace: 6301K(6464K)->6301K(6464K) NonClass: 5768K(5824K)->5768K(5824K) Class: 533K(640K)->533K(640K)
[0.297s][info][gc             ] GC(16) Pause Young (Allocation Failure) 21M->18M(32M) 5.852ms
[0.297s][info][gc,cpu         ] GC(16) User=0.00s Sys=0.00s Real=0.01s
[0.297s][info][gc,start       ] GC(17) Pause Full (Ergonomics)
[0.297s][info][gc,phases,start] GC(17) Marking Phase
[0.306s][info][gc,phases      ] GC(17) Marking Phase 8.229ms
[0.306s][info][gc,phases,start] GC(17) Summary Phase
[0.306s][info][gc,phases      ] GC(17) Summary Phase 0.018ms
[0.306s][info][gc,phases,start] GC(17) Adjust Roots
[0.306s][info][gc,phases      ] GC(17) Adjust Roots 0.216ms
[0.306s][info][gc,phases,start] GC(17) Compaction Phase
[0.313s][info][gc,phases      ] GC(17) Compaction Phase 6.752ms
[0.313s][info][gc,phases,start] GC(17) Post Compact
[0.313s][info][gc,phases      ] GC(17) Post Compact 0.095ms
[0.313s][info][gc,heap        ] GC(17) PSYoungGen: 2656K(14336K)->1105K(14848K) Eden: 0K(7168K)->0K(7680K) From: 2656K(7168K)->1105K(7168K)
[0.313s][info][gc,heap        ] GC(17) ParOldGen: 16733K(18432K)->18183K(27648K)
[0.313s][info][gc,metaspace   ] GC(17) Metaspace: 6301K(6464K)->6301K(6464K) NonClass: 5768K(5824K)->5768K(5824K) Class: 533K(640K)->533K(640K)
[0.313s][info][gc             ] GC(17) Pause Full (Ergonomics) 18M->18M(41M) 15.667ms
[0.313s][info][gc,cpu         ] GC(17) User=0.02s Sys=0.00s Real=0.02s
[0.317s][info][gc,start       ] GC(18) Pause Young (Allocation Failure)
[0.322s][info][gc,heap        ] GC(18) PSYoungGen: 7799K(14848K)->3424K(15360K) Eden: 6694K(7680K)->0K(7680K) From: 1105K(7168K)->3424K(7680K)
[0.322s][info][gc,heap        ] GC(18) ParOldGen: 18183K(27648K)->19311K(27648K)
[0.322s][info][gc,metaspace   ] GC(18) Metaspace: 6301K(6464K)->6301K(6464K) NonClass: 5768K(5824K)->5768K(5824K) Class: 533K(640K)->533K(640K)
[0.322s][info][gc             ] GC(18) Pause Young (Allocation Failure) 25M->22M(42M) 4.964ms
[0.322s][info][gc,cpu         ] GC(18) User=0.00s Sys=0.00s Real=0.00s
[0.329s][info][gc,start       ] GC(19) Pause Young (Allocation Failure)
[0.336s][info][gc,heap        ] GC(19) PSYoungGen: 11103K(15360K)->7648K(16896K) Eden: 7679K(7680K)->0K(9216K) From: 3424K(7680K)->7648K(7680K)
[0.336s][info][gc,heap        ] GC(19) ParOldGen: 19311K(27648K)->19543K(27648K)
[0.336s][info][gc,metaspace   ] GC(19) Metaspace: 6301K(6464K)->6301K(6464K) NonClass: 5768K(5824K)->5768K(5824K) Class: 533K(640K)->533K(640K)
[0.336s][info][gc             ] GC(19) Pause Young (Allocation Failure) 29M->26M(43M) 7.385ms
[0.336s][info][gc,cpu         ] GC(19) User=0.00s Sys=0.00s Real=0.01s
[0.341s][info][gc,start       ] GC(20) Pause Young (Allocation Failure)
[0.350s][info][gc,heap        ] GC(20) PSYoungGen: 16864K(16896K)->4800K(17920K) Eden: 9216K(9216K)->0K(9216K) From: 7648K(7680K)->4800K(8704K)
[0.350s][info][gc,heap        ] GC(20) ParOldGen: 19543K(27648K)->27295K(27648K)
[0.350s][info][gc,metaspace   ] GC(20) Metaspace: 6301K(6464K)->6301K(6464K) NonClass: 5768K(5824K)->5768K(5824K) Class: 533K(640K)->533K(640K)
[0.350s][info][gc             ] GC(20) Pause Young (Allocation Failure) 35M->31M(44M) 8.430ms
[0.350s][info][gc,cpu         ] GC(20) User=0.02s Sys=0.00s Real=0.01s
[0.350s][info][gc,start       ] GC(21) Pause Full (Ergonomics)
[0.350s][info][gc,phases,start] GC(21) Marking Phase
[0.363s][info][gc,phases      ] GC(21) Marking Phase 12.674ms
[0.363s][info][gc,phases,start] GC(21) Summary Phase
[0.363s][info][gc,phases      ] GC(21) Summary Phase 0.019ms
[0.363s][info][gc,phases,start] GC(21) Adjust Roots
[0.363s][info][gc,phases      ] GC(21) Adjust Roots 0.197ms
[0.363s][info][gc,phases,start] GC(21) Compaction Phase
[0.374s][info][gc,phases      ] GC(21) Compaction Phase 10.901ms
[0.374s][info][gc,phases,start] GC(21) Post Compact
[0.374s][info][gc,phases      ] GC(21) Post Compact 0.115ms
[0.374s][info][gc,heap        ] GC(21) PSYoungGen: 4800K(17920K)->4249K(17920K) Eden: 0K(9216K)->0K(9216K) From: 4800K(8704K)->4249K(8704K)
[0.374s][info][gc,heap        ] GC(21) ParOldGen: 27295K(27648K)->27140K(39424K)
[0.374s][info][gc,metaspace   ] GC(21) Metaspace: 6301K(6464K)->6301K(6464K) NonClass: 5768K(5824K)->5768K(5824K) Class: 533K(640K)->533K(640K)
[0.374s][info][gc             ] GC(21) Pause Full (Ergonomics) 31M->30M(56M) 24.418ms
[0.374s][info][gc,cpu         ] GC(21) User=0.00s Sys=0.00s Real=0.02s
[0.382s][info][gc,start       ] GC(22) Pause Young (Allocation Failure)
[0.392s][info][gc,heap        ] GC(22) PSYoungGen: 13465K(17920K)->7648K(19456K) Eden: 9216K(9216K)->0K(10752K) From: 4249K(8704K)->7648K(8704K)
[0.392s][info][gc,heap        ] GC(22) ParOldGen: 27140K(39424K)->31468K(39424K)
[0.392s][info][gc,metaspace   ] GC(22) Metaspace: 6301K(6464K)->6301K(6464K) NonClass: 5768K(5824K)->5768K(5824K) Class: 533K(640K)->533K(640K)
[0.392s][info][gc             ] GC(22) Pause Young (Allocation Failure) 39M->38M(57M) 10.064ms
[0.392s][info][gc,cpu         ] GC(22) User=0.00s Sys=0.00s Real=0.01s
[0.405s][info][gc,start       ] GC(23) Pause Young (Allocation Failure)
[0.418s][info][gc,heap        ] GC(23) PSYoungGen: 18400K(19456K)->9696K(20480K) Eden: 10752K(10752K)->0K(10752K) From: 7648K(8704K)->9696K(9728K)
[0.418s][info][gc,heap        ] GC(23) ParOldGen: 31468K(39424K)->40252K(40448K)
[0.418s][info][gc,metaspace   ] GC(23) Metaspace: 6301K(6464K)->6301K(6464K) NonClass: 5768K(5824K)->5768K(5824K) Class: 533K(640K)->533K(640K)
[0.418s][info][gc             ] GC(23) Pause Young (Allocation Failure) 48M->48M(59M) 12.938ms
[0.418s][info][gc,cpu         ] GC(23) User=0.00s Sys=0.00s Real=0.01s
[0.418s][info][gc,start       ] GC(24) Pause Full (Ergonomics)
[0.418s][info][gc,phases,start] GC(24) Marking Phase
[0.437s][info][gc,phases      ] GC(24) Marking Phase 19.079ms
[0.437s][info][gc,phases,start] GC(24) Summary Phase
[0.437s][info][gc,phases      ] GC(24) Summary Phase 0.015ms
[0.437s][info][gc,phases,start] GC(24) Adjust Roots
[0.438s][info][gc,phases      ] GC(24) Adjust Roots 0.172ms
[0.438s][info][gc,phases,start] GC(24) Compaction Phase
[0.453s][info][gc,phases      ] GC(24) Compaction Phase 15.312ms
[0.453s][info][gc,phases,start] GC(24) Post Compact
[0.453s][info][gc,phases      ] GC(24) Post Compact 0.137ms
[0.453s][info][gc,heap        ] GC(24) PSYoungGen: 9696K(20480K)->9681K(20480K) Eden: 0K(10752K)->0K(10752K) From: 9696K(9728K)->9681K(9728K)
[0.453s][info][gc,heap        ] GC(24) ParOldGen: 40252K(40448K)->39010K(54784K)
[0.453s][info][gc,metaspace   ] GC(24) Metaspace: 6301K(6464K)->6301K(6464K) NonClass: 5768K(5824K)->5768K(5824K) Class: 533K(640K)->533K(640K)
[0.453s][info][gc             ] GC(24) Pause Full (Ergonomics) 48M->47M(73M) 35.026ms
[0.453s][info][gc,cpu         ] GC(24) User=0.03s Sys=0.00s Real=0.04s
[0.464s][info][gc,start       ] GC(25) Pause Young (Allocation Failure)
[0.480s][info][gc,heap        ] GC(25) PSYoungGen: 20433K(20480K)->10784K(26624K) Eden: 10752K(10752K)->0K(12288K) From: 9681K(9728K)->10784K(14336K)
[0.480s][info][gc,heap        ] GC(25) ParOldGen: 39010K(54784K)->48818K(54784K)
[0.480s][info][gc,metaspace   ] GC(25) Metaspace: 6301K(6464K)->6301K(6464K) NonClass: 5768K(5824K)->5768K(5824K) Class: 533K(640K)->533K(640K)
[0.480s][info][gc             ] GC(25) Pause Young (Allocation Failure) 58M->58M(79M) 16.316ms
[0.480s][info][gc,cpu         ] GC(25) User=0.03s Sys=0.00s Real=0.02s
[0.480s][info][gc,start       ] GC(26) Pause Full (Ergonomics)
[0.480s][info][gc,phases,start] GC(26) Marking Phase
[0.503s][info][gc,phases      ] GC(26) Marking Phase 22.576ms
[0.503s][info][gc,phases,start] GC(26) Summary Phase
[0.503s][info][gc,phases      ] GC(26) Summary Phase 0.022ms
[0.503s][info][gc,phases,start] GC(26) Adjust Roots
[0.503s][info][gc,phases      ] GC(26) Adjust Roots 0.155ms
[0.503s][info][gc,phases,start] GC(26) Compaction Phase
[0.519s][info][gc,phases      ] GC(26) Compaction Phase 16.064ms
[0.519s][info][gc,phases,start] GC(26) Post Compact
[0.520s][info][gc,phases      ] GC(26) Post Compact 0.201ms
[0.520s][info][gc,heap        ] GC(26) PSYoungGen: 10784K(26624K)->5098K(26624K) Eden: 0K(12288K)->0K(12288K) From: 10784K(14336K)->5098K(14336K)
[0.520s][info][gc,heap        ] GC(26) ParOldGen: 48818K(54784K)->54313K(73728K)
[0.520s][info][gc,metaspace   ] GC(26) Metaspace: 6301K(6464K)->6301K(6464K) NonClass: 5768K(5824K)->5768K(5824K) Class: 533K(640K)->533K(640K)
[0.520s][info][gc             ] GC(26) Pause Full (Ergonomics) 58M->58M(98M) 39.376ms
[0.520s][info][gc,cpu         ] GC(26) User=0.05s Sys=0.00s Real=0.04s
[0.532s][info][gc,start       ] GC(27) Pause Young (Allocation Failure)
[0.547s][info][gc,heap        ] GC(27) PSYoungGen: 17386K(26624K)->12320K(27648K) Eden: 12288K(12288K)->0K(12288K) From: 5098K(14336K)->12320K(15360K)
[0.547s][info][gc,heap        ] GC(27) ParOldGen: 54313K(73728K)->59497K(73728K)
[0.547s][info][gc,metaspace   ] GC(27) Metaspace: 6301K(6464K)->6301K(6464K) NonClass: 5768K(5824K)->5768K(5824K) Class: 533K(640K)->533K(640K)
[0.547s][info][gc             ] GC(27) Pause Young (Allocation Failure) 70M->70M(99M) 15.540ms
[0.547s][info][gc,cpu         ] GC(27) User=0.02s Sys=0.00s Real=0.02s
[0.560s][info][gc,start       ] GC(28) Pause Young (Allocation Failure)
[0.578s][info][gc,heap        ] GC(28) PSYoungGen: 24608K(27648K)->16896K(26112K) Eden: 12288K(12288K)->0K(9216K) From: 12320K(15360K)->16896K(16896K)
[0.578s][info][gc,heap        ] GC(28) ParOldGen: 59497K(73728K)->67273K(73728K)
[0.578s][info][gc,metaspace   ] GC(28) Metaspace: 6301K(6464K)->6301K(6464K) NonClass: 5768K(5824K)->5768K(5824K) Class: 533K(640K)->533K(640K)
[0.578s][info][gc             ] GC(28) Pause Young (Allocation Failure) 82M->82M(97M) 18.369ms
[0.578s][info][gc,cpu         ] GC(28) User=0.03s Sys=0.03s Real=0.02s
[0.578s][info][gc,start       ] GC(29) Pause Full (Ergonomics)
[0.578s][info][gc,phases,start] GC(29) Marking Phase
[0.609s][info][gc,phases      ] GC(29) Marking Phase 31.258ms
[0.610s][info][gc,phases,start] GC(29) Summary Phase
[0.610s][info][gc,phases      ] GC(29) Summary Phase 0.017ms
[0.610s][info][gc,phases,start] GC(29) Adjust Roots
[0.610s][info][gc,phases      ] GC(29) Adjust Roots 0.189ms
[0.610s][info][gc,phases,start] GC(29) Compaction Phase
[0.637s][info][gc,phases      ] GC(29) Compaction Phase 27.337ms
[0.637s][info][gc,phases,start] GC(29) Post Compact
[0.638s][info][gc,phases      ] GC(29) Post Compact 0.505ms
[0.638s][info][gc,heap        ] GC(29) PSYoungGen: 16896K(26112K)->10219K(26112K) Eden: 0K(9216K)->0K(9216K) From: 16896K(16896K)->10219K(16896K)
[0.638s][info][gc,heap        ] GC(29) ParOldGen: 67273K(73728K)->73703K(95232K)
[0.638s][info][gc,metaspace   ] GC(29) Metaspace: 6301K(6464K)->6301K(6464K) NonClass: 5768K(5824K)->5768K(5824K) Class: 533K(640K)->533K(640K)
[0.638s][info][gc             ] GC(29) Pause Full (Ergonomics) 82M->81M(118M) 59.841ms
[0.638s][info][gc,cpu         ] GC(29) User=0.05s Sys=0.02s Real=0.06s
[0.655s][info][gc,start       ] GC(30) Pause Young (Allocation Failure)
[0.671s][info][gc,heap        ] GC(30) PSYoungGen: 19435K(26112K)->9248K(31744K) Eden: 9216K(9216K)->0K(9216K) From: 10219K(16896K)->9248K(22528K)
[0.671s][info][gc,heap        ] GC(30) ParOldGen: 73703K(95232K)->84095K(95232K)
[0.671s][info][gc,metaspace   ] GC(30) Metaspace: 6301K(6464K)->6301K(6464K) NonClass: 5768K(5824K)->5768K(5824K) Class: 533K(640K)->533K(640K)
[0.671s][info][gc             ] GC(30) Pause Young (Allocation Failure) 90M->91M(124M) 16.330ms
[0.671s][info][gc,cpu         ] GC(30) User=0.00s Sys=0.00s Real=0.02s
[0.671s][info][gc,start       ] GC(31) Pause Full (Ergonomics)
[0.671s][info][gc,phases,start] GC(31) Marking Phase
[0.709s][info][gc,phases      ] GC(31) Marking Phase 37.391ms
[0.709s][info][gc,phases,start] GC(31) Summary Phase
[0.709s][info][gc,phases      ] GC(31) Summary Phase 0.023ms
[0.709s][info][gc,phases,start] GC(31) Adjust Roots
[0.709s][info][gc,phases      ] GC(31) Adjust Roots 0.165ms
[0.709s][info][gc,phases,start] GC(31) Compaction Phase
[0.734s][info][gc,phases      ] GC(31) Compaction Phase 24.642ms
[0.734s][info][gc,phases,start] GC(31) Post Compact
[0.734s][info][gc,phases      ] GC(31) Post Compact 0.400ms
[0.734s][info][gc,heap        ] GC(31) PSYoungGen: 9248K(31744K)->0K(32768K) Eden: 0K(9216K)->0K(11264K) From: 9248K(22528K)->0K(21504K)
[0.734s][info][gc,heap        ] GC(31) ParOldGen: 84095K(95232K)->91075K(116224K)
[0.734s][info][gc,metaspace   ] GC(31) Metaspace: 6301K(6464K)->6301K(6464K) NonClass: 5768K(5824K)->5768K(5824K) Class: 533K(640K)->533K(640K)
[0.734s][info][gc             ] GC(31) Pause Full (Ergonomics) 91M->88M(145M) 63.084ms
[0.734s][info][gc,cpu         ] GC(31) User=0.06s Sys=0.02s Real=0.06s
[0.744s][info][gc,start       ] GC(32) Pause Young (Allocation Failure)
[0.752s][info][gc,heap        ] GC(32) PSYoungGen: 11264K(32768K)->11296K(32768K) Eden: 11264K(11264K)->0K(11264K) From: 0K(21504K)->11296K(21504K)
[0.752s][info][gc,heap        ] GC(32) ParOldGen: 91075K(116224K)->91075K(116224K)
[0.752s][info][gc,metaspace   ] GC(32) Metaspace: 6301K(6464K)->6301K(6464K) NonClass: 5768K(5824K)->5768K(5824K) Class: 533K(640K)->533K(640K)
[0.752s][info][gc             ] GC(32) Pause Young (Allocation Failure) 99M->99M(145M) 7.875ms
[0.752s][info][gc,cpu         ] GC(32) User=0.00s Sys=0.00s Real=0.01s
[0.762s][info][gc,start       ] GC(33) Pause Young (Allocation Failure)
[0.774s][info][gc,heap        ] GC(33) PSYoungGen: 22560K(32768K)->21504K(31232K) Eden: 11264K(11264K)->0K(9728K) From: 11296K(21504K)->21504K(21504K)
[0.774s][info][gc,heap        ] GC(33) ParOldGen: 91075K(116224K)->92115K(116224K)
[0.774s][info][gc,metaspace   ] GC(33) Metaspace: 6301K(6464K)->6301K(6464K) NonClass: 5768K(5824K)->5768K(5824K) Class: 533K(640K)->533K(640K)
[0.774s][info][gc             ] GC(33) Pause Young (Allocation Failure) 110M->110M(144M) 12.045ms
[0.774s][info][gc,cpu         ] GC(33) User=0.02s Sys=0.00s Real=0.01s
[0.783s][info][gc,start       ] GC(34) Pause Young (Allocation Failure)
[0.798s][info][gc,heap        ] GC(34) PSYoungGen: 31232K(31232K)->20064K(34816K) Eden: 9728K(9728K)->0K(9728K) From: 21504K(21504K)->20064K(25088K)
[0.798s][info][gc,heap        ] GC(34) ParOldGen: 92115K(116224K)->103499K(116224K)
[0.798s][info][gc,metaspace   ] GC(34) Metaspace: 6301K(6464K)->6301K(6464K) NonClass: 5768K(5824K)->5768K(5824K) Class: 533K(640K)->533K(640K)
[0.798s][info][gc             ] GC(34) Pause Young (Allocation Failure) 120M->120M(147M) 15.375ms
[0.798s][info][gc,cpu         ] GC(34) User=0.02s Sys=0.00s Real=0.01s
[0.798s][info][gc,start       ] GC(35) Pause Full (Ergonomics)
[0.798s][info][gc,phases,start] GC(35) Marking Phase
[0.832s][info][gc,phases      ] GC(35) Marking Phase 33.194ms
[0.832s][info][gc,phases,start] GC(35) Summary Phase
[0.832s][info][gc,phases      ] GC(35) Summary Phase 0.023ms
[0.832s][info][gc,phases,start] GC(35) Adjust Roots
[0.832s][info][gc,phases      ] GC(35) Adjust Roots 0.147ms
[0.832s][info][gc,phases,start] GC(35) Compaction Phase
[0.850s][info][gc,phases      ] GC(35) Compaction Phase 18.516ms
[0.851s][info][gc,phases,start] GC(35) Post Compact
[0.851s][info][gc,phases      ] GC(35) Post Compact 0.530ms
[0.851s][info][gc,heap        ] GC(35) PSYoungGen: 20064K(34816K)->7188K(34816K) Eden: 0K(9728K)->0K(9728K) From: 20064K(25088K)->7188K(25088K)
[0.851s][info][gc,heap        ] GC(35) ParOldGen: 103499K(116224K)->116051K(144384K)
[0.851s][info][gc,metaspace   ] GC(35) Metaspace: 6301K(6464K)->6301K(6464K) NonClass: 5768K(5824K)->5768K(5824K) Class: 533K(640K)->533K(640K)
[0.851s][info][gc             ] GC(35) Pause Full (Ergonomics) 120M->120M(175M) 52.854ms
[0.851s][info][gc,cpu         ] GC(35) User=0.11s Sys=0.00s Real=0.05s
[0.861s][info][gc,start       ] GC(36) Pause Young (Allocation Failure)
[0.874s][info][gc,heap        ] GC(36) PSYoungGen: 16916K(34816K)->16992K(37888K) Eden: 9728K(9728K)->0K(10752K) From: 7188K(25088K)->16992K(27136K)
[0.875s][info][gc,heap        ] GC(36) ParOldGen: 116051K(144384K)->116051K(144384K)
[0.875s][info][gc,metaspace   ] GC(36) Metaspace: 6301K(6464K)->6301K(6464K) NonClass: 5768K(5824K)->5768K(5824K) Class: 533K(640K)->533K(640K)
[0.875s][info][gc             ] GC(36) Pause Young (Allocation Failure) 129M->129M(178M) 13.754ms
[0.875s][info][gc,cpu         ] GC(36) User=0.00s Sys=0.00s Real=0.01s
[0.885s][info][gc,start       ] GC(37) Pause Young (Allocation Failure)
[0.898s][info][gc,heap        ] GC(37) PSYoungGen: 27744K(37888K)->27648K(38400K) Eden: 10752K(10752K)->0K(10752K) From: 16992K(27136K)->27648K(27648K)
[0.898s][info][gc,heap        ] GC(37) ParOldGen: 116051K(144384K)->116091K(144384K)
[0.898s][info][gc,metaspace   ] GC(37) Metaspace: 6301K(6464K)->6301K(6464K) NonClass: 5768K(5824K)->5768K(5824K) Class: 533K(640K)->533K(640K)
[0.898s][info][gc             ] GC(37) Pause Young (Allocation Failure) 140M->140M(178M) 13.267ms
[0.898s][info][gc,cpu         ] GC(37) User=0.02s Sys=0.00s Real=0.01s
[0.909s][info][gc,start       ] GC(38) Pause Young (Allocation Failure)
[0.927s][info][gc,heap        ] GC(38) PSYoungGen: 38400K(38400K)->31264K(40448K) Eden: 10752K(10752K)->0K(8192K) From: 27648K(27648K)->31264K(32256K)
[0.927s][info][gc,heap        ] GC(38) ParOldGen: 116091K(144384K)->123403K(144384K)
[0.927s][info][gc,metaspace   ] GC(38) Metaspace: 6301K(6464K)->6301K(6464K) NonClass: 5768K(5824K)->5768K(5824K) Class: 533K(640K)->533K(640K)
[0.927s][info][gc             ] GC(38) Pause Young (Allocation Failure) 150M->151M(180M) 18.205ms
[0.927s][info][gc,cpu         ] GC(38) User=0.06s Sys=0.00s Real=0.02s
[0.936s][info][gc,start       ] GC(39) Pause Young (Allocation Failure)
[0.953s][info][gc,heap        ] GC(39) PSYoungGen: 39456K(40448K)->29696K(45056K) Eden: 8192K(8192K)->0K(8192K) From: 31264K(32256K)->29696K(36864K)
[0.953s][info][gc,heap        ] GC(39) ParOldGen: 123403K(144384K)->133267K(144384K)
[0.953s][info][gc,metaspace   ] GC(39) Metaspace: 6301K(6464K)->6301K(6464K) NonClass: 5768K(5824K)->5768K(5824K) Class: 533K(640K)->533K(640K)
[0.953s][info][gc             ] GC(39) Pause Young (Allocation Failure) 159M->159M(185M) 17.507ms
[0.953s][info][gc,cpu         ] GC(39) User=0.06s Sys=0.00s Real=0.02s
[0.953s][info][gc,start       ] GC(40) Pause Full (Ergonomics)
[0.953s][info][gc,phases,start] GC(40) Marking Phase
[0.991s][info][gc,phases      ] GC(40) Marking Phase 37.966ms
[0.991s][info][gc,phases,start] GC(40) Summary Phase
[0.991s][info][gc,phases      ] GC(40) Summary Phase 0.017ms
[0.991s][info][gc,phases,start] GC(40) Adjust Roots
[0.991s][info][gc,phases      ] GC(40) Adjust Roots 0.146ms
[0.991s][info][gc,phases,start] GC(40) Compaction Phase
[1.015s][info][gc,phases      ] GC(40) Compaction Phase 23.406ms
[1.015s][info][gc,phases,start] GC(40) Post Compact
[1.016s][info][gc,phases      ] GC(40) Post Compact 0.654ms
[1.016s][info][gc,heap        ] GC(40) PSYoungGen: 29696K(45056K)->18336K(45056K) Eden: 0K(8192K)->0K(8192K) From: 29696K(36864K)->18336K(36864K)
[1.016s][info][gc,heap        ] GC(40) ParOldGen: 133267K(144384K)->144204K(174592K)
[1.016s][info][gc,metaspace   ] GC(40) Metaspace: 6301K(6464K)->6301K(6464K) NonClass: 5768K(5824K)->5768K(5824K) Class: 533K(640K)->533K(640K)
[1.016s][info][gc             ] GC(40) Pause Full (Ergonomics) 159M->158M(214M) 62.625ms
[1.016s][info][gc,cpu         ] GC(40) User=0.17s Sys=0.00s Real=0.06s
[1.024s][info][gc,start       ] GC(41) Pause Young (Allocation Failure)
[1.044s][info][gc,heap        ] GC(41) PSYoungGen: 26528K(45056K)->20064K(47616K) Eden: 8192K(8192K)->0K(9728K) From: 18336K(36864K)->20064K(37888K)
[1.044s][info][gc,heap        ] GC(41) ParOldGen: 144204K(174592K)->150868K(174592K)
[1.044s][info][gc,metaspace   ] GC(41) Metaspace: 6301K(6464K)->6301K(6464K) NonClass: 5768K(5824K)->5768K(5824K) Class: 533K(640K)->533K(640K)
[1.044s][info][gc             ] GC(41) Pause Young (Allocation Failure) 166M->166M(217M) 20.437ms
[1.044s][info][gc,cpu         ] GC(41) User=0.08s Sys=0.00s Real=0.02s
[1.086s][info][gc,start       ] GC(42) Pause Young (Allocation Failure)
[1.104s][info][gc,heap        ] GC(42) PSYoungGen: 29792K(47616K)->23296K(48640K) Eden: 9728K(9728K)->0K(9728K) From: 20064K(37888K)->23296K(38912K)
[1.104s][info][gc,heap        ] GC(42) ParOldGen: 159060K(174592K)->165684K(174592K)
[1.104s][info][gc,metaspace   ] GC(42) Metaspace: 6301K(6464K)->6301K(6464K) NonClass: 5768K(5824K)->5768K(5824K) Class: 533K(640K)->533K(640K)
[1.104s][info][gc             ] GC(42) Pause Young (Allocation Failure) 184M->184M(218M) 18.014ms
[1.104s][info][gc,cpu         ] GC(42) User=0.08s Sys=0.00s Real=0.02s
[1.104s][info][gc,start       ] GC(43) Pause Full (Ergonomics)
[1.104s][info][gc,phases,start] GC(43) Marking Phase
[1.150s][info][gc,phases      ] GC(43) Marking Phase 45.597ms
[1.150s][info][gc,phases,start] GC(43) Summary Phase
[1.150s][info][gc,phases      ] GC(43) Summary Phase 0.015ms
[1.150s][info][gc,phases,start] GC(43) Adjust Roots
[1.150s][info][gc,phases      ] GC(43) Adjust Roots 0.184ms
[1.150s][info][gc,phases,start] GC(43) Compaction Phase
[1.185s][info][gc,phases      ] GC(43) Compaction Phase 34.966ms
[1.185s][info][gc,phases,start] GC(43) Post Compact
[1.186s][info][gc,phases      ] GC(43) Post Compact 0.762ms
[1.186s][info][gc,heap        ] GC(43) PSYoungGen: 23296K(48640K)->10360K(48640K) Eden: 0K(9728K)->0K(9728K) From: 23296K(38912K)->10360K(38912K)
[1.186s][info][gc,heap        ] GC(43) ParOldGen: 165684K(174592K)->174132K(205824K)
[1.186s][info][gc,metaspace   ] GC(43) Metaspace: 6301K(6464K)->6301K(6464K) NonClass: 5768K(5824K)->5768K(5824K) Class: 533K(640K)->533K(640K)
[1.186s][info][gc             ] GC(43) Pause Full (Ergonomics) 184M->180M(248M) 81.948ms
[1.186s][info][gc,cpu         ] GC(43) User=0.23s Sys=0.02s Real=0.08s
[1.197s][info][gc,start       ] GC(44) Pause Young (Allocation Failure)
[1.213s][info][gc,heap        ] GC(44) PSYoungGen: 20088K(48640K)->20160K(47616K) Eden: 9728K(9728K)->0K(11264K) From: 10360K(38912K)->20160K(36352K)
[1.213s][info][gc,heap        ] GC(44) ParOldGen: 174132K(205824K)->174132K(205824K)
[1.213s][info][gc,metaspace   ] GC(44) Metaspace: 6301K(6464K)->6301K(6464K) NonClass: 5768K(5824K)->5768K(5824K) Class: 533K(640K)->533K(640K)
[1.213s][info][gc             ] GC(44) Pause Young (Allocation Failure) 189M->189M(247M) 16.823ms
[1.213s][info][gc,cpu         ] GC(44) User=0.02s Sys=0.00s Real=0.02s
[1.225s][info][gc,start       ] GC(45) Pause Young (Allocation Failure)
[1.240s][info][gc,heap        ] GC(45) PSYoungGen: 31424K(47616K)->31456K(49152K) Eden: 11264K(11264K)->0K(11264K) From: 20160K(36352K)->31456K(37888K)
[1.240s][info][gc,heap        ] GC(45) ParOldGen: 174132K(205824K)->174132K(205824K)
[1.240s][info][gc,metaspace   ] GC(45) Metaspace: 6301K(6464K)->6301K(6464K) NonClass: 5768K(5824K)->5768K(5824K) Class: 533K(640K)->533K(640K)
[1.240s][info][gc             ] GC(45) Pause Young (Allocation Failure) 200M->200M(249M) 15.706ms
[1.240s][info][gc,cpu         ] GC(45) User=0.02s Sys=0.00s Real=0.02s
[1.252s][info][gc,start       ] GC(46) Pause Young (Allocation Failure)
[1.273s][info][gc,heap        ] GC(46) PSYoungGen: 42720K(49152K)->40960K(47104K) Eden: 11264K(11264K)->0K(6144K) From: 31456K(37888K)->40960K(40960K)
[1.273s][info][gc,heap        ] GC(46) ParOldGen: 174132K(205824K)->175820K(205824K)
[1.273s][info][gc,metaspace   ] GC(46) Metaspace: 6301K(6464K)->6301K(6464K) NonClass: 5768K(5824K)->5768K(5824K) Class: 533K(640K)->533K(640K)
[1.273s][info][gc             ] GC(46) Pause Young (Allocation Failure) 211M->211M(247M) 21.759ms
[1.273s][info][gc,cpu         ] GC(46) User=0.05s Sys=0.03s Real=0.02s
[1.280s][info][gc,start       ] GC(47) Pause Young (Allocation Failure)
[1.301s][info][gc,heap        ] GC(47) PSYoungGen: 47104K(47104K)->41408K(53760K) Eden: 6144K(6144K)->0K(6144K) From: 40960K(40960K)->41408K(47616K)
[1.301s][info][gc,heap        ] GC(47) ParOldGen: 175820K(205824K)->181660K(205824K)
[1.301s][info][gc,metaspace   ] GC(47) Metaspace: 6301K(6464K)->6301K(6464K) NonClass: 5768K(5824K)->5768K(5824K) Class: 533K(640K)->533K(640K)
[1.301s][info][gc             ] GC(47) Pause Young (Allocation Failure) 217M->217M(253M) 21.519ms
[1.301s][info][gc,cpu         ] GC(47) User=0.05s Sys=0.00s Real=0.02s
[1.308s][info][gc,start       ] GC(48) Pause Young (Allocation Failure)
[1.330s][info][gc,heap        ] GC(48) PSYoungGen: 47552K(53760K)->33952K(58368K) Eden: 6144K(6144K)->0K(6144K) From: 41408K(47616K)->33952K(52224K)
[1.330s][info][gc,heap        ] GC(48) ParOldGen: 181660K(205824K)->195436K(205824K)
[1.330s][info][gc,metaspace   ] GC(48) Metaspace: 6301K(6464K)->6301K(6464K) NonClass: 5768K(5824K)->5768K(5824K) Class: 533K(640K)->533K(640K)
[1.330s][info][gc             ] GC(48) Pause Young (Allocation Failure) 223M->224M(258M) 22.040ms
[1.330s][info][gc,cpu         ] GC(48) User=0.09s Sys=0.00s Real=0.02s
[1.330s][info][gc,start       ] GC(49) Pause Full (Ergonomics)
[1.330s][info][gc,phases,start] GC(49) Marking Phase
[1.381s][info][gc,phases      ] GC(49) Marking Phase 51.336ms
[1.381s][info][gc,phases,start] GC(49) Summary Phase
[1.381s][info][gc,phases      ] GC(49) Summary Phase 0.018ms
[1.381s][info][gc,phases,start] GC(49) Adjust Roots
[1.381s][info][gc,phases      ] GC(49) Adjust Roots 0.153ms
[1.381s][info][gc,phases,start] GC(49) Compaction Phase
[1.406s][info][gc,phases      ] GC(49) Compaction Phase 25.034ms
[1.407s][info][gc,phases,start] GC(49) Post Compact
[1.408s][info][gc,phases      ] GC(49) Post Compact 1.216ms
[1.408s][info][gc,heap        ] GC(49) PSYoungGen: 33952K(58368K)->23548K(58368K) Eden: 0K(6144K)->0K(6144K) From: 33952K(52224K)->23548K(52224K)
[1.408s][info][gc,heap        ] GC(49) ParOldGen: 195436K(205824K)->205330K(240640K)
[1.408s][info][gc,metaspace   ] GC(49) Metaspace: 6301K(6464K)->6301K(6464K) NonClass: 5768K(5824K)->5768K(5824K) Class: 533K(640K)->533K(640K)
[1.408s][info][gc             ] GC(49) Pause Full (Ergonomics) 224M->223M(292M) 78.210ms
[1.408s][info][gc,cpu         ] GC(49) User=0.25s Sys=0.05s Real=0.08s
[1.415s][info][gc,start       ] GC(50) Pause Young (Allocation Failure)
[1.437s][info][gc,heap        ] GC(50) PSYoungGen: 29692K(58368K)->14624K(59392K) Eden: 6144K(6144K)->0K(6144K) From: 23548K(52224K)->14624K(53248K)
[1.437s][info][gc,heap        ] GC(50) ParOldGen: 205330K(240640K)->220770K(240640K)
[1.437s][info][gc,metaspace   ] GC(50) Metaspace: 6301K(6464K)->6301K(6464K) NonClass: 5768K(5824K)->5768K(5824K) Class: 533K(640K)->533K(640K)
[1.437s][info][gc             ] GC(50) Pause Young (Allocation Failure) 229M->229M(293M) 21.501ms
[1.437s][info][gc,cpu         ] GC(50) User=0.02s Sys=0.09s Real=0.02s
[1.444s][info][gc,start       ] GC(51) Pause Young (Allocation Failure)
[1.454s][info][gc,heap        ] GC(51) PSYoungGen: 20768K(59392K)->12320K(57344K) Eden: 6144K(6144K)->0K(7168K) From: 14624K(53248K)->12320K(50176K)
[1.454s][info][gc,heap        ] GC(51) ParOldGen: 220770K(240640K)->229258K(240640K)
[1.454s][info][gc,metaspace   ] GC(51) Metaspace: 6301K(6464K)->6301K(6464K) NonClass: 5768K(5824K)->5768K(5824K) Class: 533K(640K)->533K(640K)
[1.454s][info][gc             ] GC(51) Pause Young (Allocation Failure) 235M->235M(291M) 10.594ms
[1.454s][info][gc,cpu         ] GC(51) User=0.00s Sys=0.02s Real=0.01s
[1.455s][info][gc,start       ] GC(52) Pause Full (Ergonomics)
[1.455s][info][gc,phases,start] GC(52) Marking Phase
[1.512s][info][gc,phases      ] GC(52) Marking Phase 57.207ms
[1.512s][info][gc,phases,start] GC(52) Summary Phase
[1.512s][info][gc,phases      ] GC(52) Summary Phase 0.018ms
[1.512s][info][gc,phases,start] GC(52) Adjust Roots
[1.512s][info][gc,phases      ] GC(52) Adjust Roots 0.159ms
[1.512s][info][gc,phases,start] GC(52) Compaction Phase
[1.537s][info][gc,phases      ] GC(52) Compaction Phase 24.692ms
[1.537s][info][gc,phases,start] GC(52) Post Compact
[1.538s][info][gc,phases      ] GC(52) Post Compact 1.281ms
[1.538s][info][gc,heap        ] GC(52) PSYoungGen: 12320K(57344K)->491K(58368K) Eden: 0K(7168K)->0K(8192K) From: 12320K(50176K)->491K(50176K)
[1.538s][info][gc,heap        ] GC(52) ParOldGen: 229258K(240640K)->240612K(280064K)
[1.538s][info][gc,metaspace   ] GC(52) Metaspace: 6301K(6464K)->6301K(6464K) NonClass: 5768K(5824K)->5768K(5824K) Class: 533K(640K)->533K(640K)
[1.538s][info][gc             ] GC(52) Pause Full (Ergonomics) 235M->235M(330M) 83.827ms
[1.538s][info][gc,cpu         ] GC(52) User=0.30s Sys=0.03s Real=0.08s
[1.548s][info][gc,start       ] GC(53) Pause Young (Allocation Failure)
[1.564s][info][gc,heap        ] GC(53) PSYoungGen: 8683K(58368K)->8320K(59392K) Eden: 8192K(8192K)->0K(8192K) From: 491K(50176K)->8320K(51200K)
[1.564s][info][gc,heap        ] GC(53) ParOldGen: 240612K(280064K)->241148K(280064K)
[1.564s][info][gc,metaspace   ] GC(53) Metaspace: 6301K(6464K)->6301K(6464K) NonClass: 5768K(5824K)->5768K(5824K) Class: 533K(640K)->533K(640K)
[1.564s][info][gc             ] GC(53) Pause Young (Allocation Failure) 243M->243M(331M) 15.831ms
[1.564s][info][gc,cpu         ] GC(53) User=0.03s Sys=0.00s Real=0.02s
[1.573s][info][gc,start       ] GC(54) Pause Young (Allocation Failure)
[1.582s][info][gc,heap        ] GC(54) PSYoungGen: 16512K(59392K)->16480K(55808K) Eden: 8192K(8192K)->0K(9216K) From: 8320K(51200K)->16480K(46592K)
[1.582s][info][gc,heap        ] GC(54) ParOldGen: 241148K(280064K)->241148K(280064K)
[1.582s][info][gc,metaspace   ] GC(54) Metaspace: 6301K(6464K)->6301K(6464K) NonClass: 5768K(5824K)->5768K(5824K) Class: 533K(640K)->533K(640K)
[1.582s][info][gc             ] GC(54) Pause Young (Allocation Failure) 251M->251M(328M) 9.006ms
[1.582s][info][gc,cpu         ] GC(54) User=0.02s Sys=0.00s Real=0.01s
[1.593s][info][gc,start       ] GC(55) Pause Young (Allocation Failure)
[1.605s][info][gc,heap        ] GC(55) PSYoungGen: 25696K(55808K)->25664K(57856K) Eden: 9216K(9216K)->0K(9216K) From: 16480K(46592K)->25664K(48640K)
[1.605s][info][gc,heap        ] GC(55) ParOldGen: 241148K(280064K)->241148K(280064K)
[1.605s][info][gc,metaspace   ] GC(55) Metaspace: 6301K(6464K)->6301K(6464K) NonClass: 5768K(5824K)->5768K(5824K) Class: 533K(640K)->533K(640K)
[1.605s][info][gc             ] GC(55) Pause Young (Allocation Failure) 260M->260M(330M) 12.746ms
[1.606s][info][gc,cpu         ] GC(55) User=0.00s Sys=0.00s Real=0.01s
[1.616s][info][gc,start       ] GC(56) Pause Young (Allocation Failure)
[1.633s][info][gc,heap        ] GC(56) PSYoungGen: 34880K(57856K)->26688K(57856K) Eden: 9216K(9216K)->0K(10752K) From: 25664K(48640K)->26688K(47104K)
[1.633s][info][gc,heap        ] GC(56) ParOldGen: 241148K(280064K)->249452K(280064K)
[1.633s][info][gc,metaspace   ] GC(56) Metaspace: 6301K(6464K)->6301K(6464K) NonClass: 5768K(5824K)->5768K(5824K) Class: 533K(640K)->533K(640K)
[1.633s][info][gc             ] GC(56) Pause Young (Allocation Failure) 269M->269M(330M) 17.456ms
[1.633s][info][gc,cpu         ] GC(56) User=0.03s Sys=0.00s Real=0.02s
[1.645s][info][gc,start       ] GC(57) Pause Young (Allocation Failure)
[1.663s][info][gc,heap        ] GC(57) PSYoungGen: 37440K(57856K)->29248K(57856K) Eden: 10752K(10752K)->0K(10752K) From: 26688K(47104K)->29248K(47104K)
[1.663s][info][gc,heap        ] GC(57) ParOldGen: 249452K(280064K)->257772K(280064K)
[1.663s][info][gc,metaspace   ] GC(57) Metaspace: 6301K(6464K)->6301K(6464K) NonClass: 5768K(5824K)->5768K(5824K) Class: 533K(640K)->533K(640K)
[1.663s][info][gc             ] GC(57) Pause Young (Allocation Failure) 280M->280M(330M) 17.999ms
[1.663s][info][gc,cpu         ] GC(57) User=0.06s Sys=0.00s Real=0.02s
[1.675s][info][gc,start       ] GC(58) Pause Young (Allocation Failure)
[1.694s][info][gc,heap        ] GC(58) PSYoungGen: 40000K(57856K)->30784K(59392K) Eden: 10752K(10752K)->0K(11776K) From: 29248K(47104K)->30784K(47616K)
[1.694s][info][gc,heap        ] GC(58) ParOldGen: 257772K(280064K)->267108K(280064K)
[1.694s][info][gc,metaspace   ] GC(58) Metaspace: 6301K(6464K)->6301K(6464K) NonClass: 5768K(5824K)->5768K(5824K) Class: 533K(640K)->533K(640K)
[1.694s][info][gc             ] GC(58) Pause Young (Allocation Failure) 290M->290M(331M) 18.947ms
[1.694s][info][gc,cpu         ] GC(58) User=0.09s Sys=0.00s Real=0.02s
[1.695s][info][gc,start       ] GC(59) Pause Full (Ergonomics)
[1.695s][info][gc,phases,start] GC(59) Marking Phase
[1.767s][info][gc,phases      ] GC(59) Marking Phase 72.236ms
[1.767s][info][gc,phases,start] GC(59) Summary Phase
[1.767s][info][gc,phases      ] GC(59) Summary Phase 0.019ms
[1.767s][info][gc,phases,start] GC(59) Adjust Roots
[1.767s][info][gc,phases      ] GC(59) Adjust Roots 0.152ms
[1.767s][info][gc,phases,start] GC(59) Compaction Phase
[1.797s][info][gc,phases      ] GC(59) Compaction Phase 30.249ms
[1.797s][info][gc,phases,start] GC(59) Post Compact
[1.799s][info][gc,phases      ] GC(59) Post Compact 1.371ms
[1.799s][info][gc,heap        ] GC(59) PSYoungGen: 30784K(59392K)->17330K(59392K) Eden: 0K(11776K)->0K(11776K) From: 30784K(47616K)->17330K(47616K)
[1.799s][info][gc,heap        ] GC(59) ParOldGen: 267108K(280064K)->279894K(321536K)
[1.799s][info][gc,metaspace   ] GC(59) Metaspace: 6301K(6464K)->6301K(6464K) NonClass: 5768K(5824K)->5768K(5824K) Class: 533K(640K)->533K(640K)
[1.799s][info][gc             ] GC(59) Pause Full (Ergonomics) 290M->290M(372M) 104.542ms
[1.799s][info][gc,cpu         ] GC(59) User=0.48s Sys=0.00s Real=0.11s
[1.813s][info][gc,start       ] GC(60) Pause Young (Allocation Failure)
[1.838s][info][gc,heap        ] GC(60) PSYoungGen: 29106K(59392K)->19008K(59904K) Eden: 11776K(11776K)->0K(11776K) From: 17330K(47616K)->19008K(48128K)
[1.838s][info][gc,heap        ] GC(60) ParOldGen: 279894K(321536K)->290238K(321536K)
[1.838s][info][gc,metaspace   ] GC(60) Metaspace: 6301K(6464K)->6301K(6464K) NonClass: 5768K(5824K)->5768K(5824K) Class: 533K(640K)->533K(640K)
[1.838s][info][gc             ] GC(60) Pause Young (Allocation Failure) 301M->301M(372M) 25.036ms
[1.838s][info][gc,cpu         ] GC(60) User=0.12s Sys=0.00s Real=0.03s
[1.851s][info][gc,start       ] GC(61) Pause Young (Allocation Failure)
[1.867s][info][gc,heap        ] GC(61) PSYoungGen: 30784K(59904K)->23680K(56832K) Eden: 11776K(11776K)->0K(13824K) From: 19008K(48128K)->23680K(43008K)
[1.867s][info][gc,heap        ] GC(61) ParOldGen: 290238K(321536K)->297518K(321536K)
[1.867s][info][gc,metaspace   ] GC(61) Metaspace: 6301K(6464K)->6301K(6464K) NonClass: 5768K(5824K)->5768K(5824K) Class: 533K(640K)->533K(640K)
[1.867s][info][gc             ] GC(61) Pause Young (Allocation Failure) 313M->313M(369M) 15.523ms
[1.867s][info][gc,cpu         ] GC(61) User=0.02s Sys=0.00s Real=0.01s
[1.883s][info][gc,start       ] GC(62) Pause Young (Allocation Failure)
[1.902s][info][gc,heap        ] GC(62) PSYoungGen: 37504K(56832K)->25728K(58368K) Eden: 13824K(13824K)->0K(13824K) From: 23680K(43008K)->25728K(44544K)
[1.902s][info][gc,heap        ] GC(62) ParOldGen: 297518K(321536K)->309470K(321536K)
[1.902s][info][gc,metaspace   ] GC(62) Metaspace: 6301K(6464K)->6301K(6464K) NonClass: 5768K(5824K)->5768K(5824K) Class: 533K(640K)->533K(640K)
[1.902s][info][gc             ] GC(62) Pause Young (Allocation Failure) 327M->327M(371M) 18.936ms
[1.902s][info][gc,cpu         ] GC(62) User=0.11s Sys=0.00s Real=0.02s
[1.902s][info][gc,start       ] GC(63) Pause Full (Ergonomics)
[1.902s][info][gc,phases,start] GC(63) Marking Phase
[1.966s][info][gc,phases      ] GC(63) Marking Phase 64.466ms
[1.966s][info][gc,phases,start] GC(63) Summary Phase
[1.967s][info][gc,phases      ] GC(63) Summary Phase 0.026ms
[1.967s][info][gc,phases,start] GC(63) Adjust Roots
[1.967s][info][gc,phases      ] GC(63) Adjust Roots 0.149ms
[1.967s][info][gc,phases,start] GC(63) Compaction Phase
[1.999s][info][gc,phases      ] GC(63) Compaction Phase 31.946ms
[1.999s][info][gc,phases,start] GC(63) Post Compact
[2.000s][info][gc,phases      ] GC(63) Post Compact 1.513ms
[2.000s][info][gc,heap        ] GC(63) PSYoungGen: 25728K(58368K)->13270K(58368K) Eden: 0K(13824K)->0K(13824K) From: 25728K(44544K)->13270K(44544K)
[2.000s][info][gc,heap        ] GC(63) ParOldGen: 309470K(321536K)->321235K(366080K)
[2.001s][info][gc,metaspace   ] GC(63) Metaspace: 6301K(6464K)->6301K(6464K) NonClass: 5768K(5824K)->5768K(5824K) Class: 533K(640K)->533K(640K)
[2.001s][info][gc             ] GC(63) Pause Full (Ergonomics) 327M->326M(414M) 98.577ms
[2.001s][info][gc,cpu         ] GC(63) User=0.67s Sys=0.00s Real=0.10s
[2.016s][info][gc,start       ] GC(64) Pause Young (Allocation Failure)
[2.042s][info][gc,heap        ] GC(64) PSYoungGen: 27094K(58368K)->20832K(54784K) Eden: 13824K(13824K)->0K(15360K) From: 13270K(44544K)->20832K(39424K)
[2.042s][info][gc,heap        ] GC(64) ParOldGen: 321235K(366080K)->327779K(366080K)
[2.042s][info][gc,metaspace   ] GC(64) Metaspace: 6301K(6464K)->6301K(6464K) NonClass: 5768K(5824K)->5768K(5824K) Class: 533K(640K)->533K(640K)
[2.042s][info][gc             ] GC(64) Pause Young (Allocation Failure) 340M->340M(411M) 26.562ms
[2.042s][info][gc,cpu         ] GC(64) User=0.11s Sys=0.02s Real=0.03s
[2.131s][info][gc,start       ] GC(65) Pause Young (Allocation Failure)
[2.156s][info][gc,heap        ] GC(65) PSYoungGen: 36192K(54784K)->36192K(56832K) Eden: 15360K(15360K)->0K(15360K) From: 20832K(39424K)->36192K(41472K)
[2.156s][info][gc,heap        ] GC(65) ParOldGen: 344163K(366080K)->344163K(366080K)
[2.156s][info][gc,metaspace   ] GC(65) Metaspace: 6301K(6464K)->6301K(6464K) NonClass: 5768K(5824K)->5768K(5824K) Class: 533K(640K)->533K(640K)
[2.156s][info][gc             ] GC(65) Pause Young (Allocation Failure) 371M->371M(413M) 25.138ms
[2.156s][info][gc,cpu         ] GC(65) User=0.12s Sys=0.00s Real=0.03s
[2.172s][info][gc,start       ] GC(66) Pause Young (Allocation Failure)
[2.196s][info][gc,heap        ] GC(66) PSYoungGen: 51552K(56832K)->44544K(53760K) Eden: 15360K(15360K)->0K(9216K) From: 36192K(41472K)->44544K(44544K)
[2.196s][info][gc,heap        ] GC(66) ParOldGen: 344163K(366080K)->351123K(366080K)
[2.196s][info][gc,metaspace   ] GC(66) Metaspace: 6301K(6464K)->6301K(6464K) NonClass: 5768K(5824K)->5768K(5824K) Class: 533K(640K)->533K(640K)
[2.196s][info][gc             ] GC(66) Pause Young (Allocation Failure) 386M->386M(410M) 24.287ms
[2.196s][info][gc,cpu         ] GC(66) User=0.11s Sys=0.02s Real=0.02s
[2.196s][info][gc,start       ] GC(67) Pause Full (Ergonomics)
[2.196s][info][gc,phases,start] GC(67) Marking Phase
[2.277s][info][gc,phases      ] GC(67) Marking Phase 80.519ms
[2.277s][info][gc,phases,start] GC(67) Summary Phase
[2.277s][info][gc,phases      ] GC(67) Summary Phase 0.018ms
[2.277s][info][gc,phases,start] GC(67) Adjust Roots
[2.277s][info][gc,phases      ] GC(67) Adjust Roots 0.149ms
[2.277s][info][gc,phases,start] GC(67) Compaction Phase
[2.346s][info][gc,phases      ] GC(67) Compaction Phase 68.678ms
[2.346s][info][gc,phases,start] GC(67) Post Compact
[2.348s][info][gc,phases      ] GC(67) Post Compact 2.027ms
[2.348s][info][gc,heap        ] GC(67) PSYoungGen: 44544K(53760K)->21455K(53760K) Eden: 0K(9216K)->0K(9216K) From: 44544K(44544K)->21455K(44544K)
[2.348s][info][gc,heap        ] GC(67) ParOldGen: 351123K(366080K)->365693K(411136K)
[2.348s][info][gc,metaspace   ] GC(67) Metaspace: 6301K(6464K)->6301K(6464K) NonClass: 5768K(5824K)->5768K(5824K) Class: 533K(640K)->533K(640K)
[2.348s][info][gc             ] GC(67) Pause Full (Ergonomics) 386M->378M(454M) 151.935ms
[2.348s][info][gc,cpu         ] GC(67) User=0.91s Sys=0.06s Real=0.15s
[2.359s][info][gc,start       ] GC(68) Pause Young (Allocation Failure)
[2.388s][info][gc,heap        ] GC(68) PSYoungGen: 30671K(53760K)->21376K(30720K) Eden: 9216K(9216K)->0K(9216K) From: 21455K(44544K)->21376K(21504K)
[2.388s][info][gc,heap        ] GC(68) ParOldGen: 365693K(411136K)->375245K(411136K)
[2.388s][info][gc,metaspace   ] GC(68) Metaspace: 6301K(6464K)->6301K(6464K) NonClass: 5768K(5824K)->5768K(5824K) Class: 533K(640K)->533K(640K)
[2.388s][info][gc             ] GC(68) Pause Young (Allocation Failure) 387M->387M(431M) 28.622ms
[2.388s][info][gc,cpu         ] GC(68) User=0.12s Sys=0.00s Real=0.03s
[2.398s][info][gc,start       ] GC(69) Pause Young (Allocation Failure)
[2.412s][info][gc,heap        ] GC(69) PSYoungGen: 30592K(30720K)->30624K(59392K) Eden: 9216K(9216K)->0K(10240K) From: 21376K(21504K)->30624K(49152K)
[2.412s][info][gc,heap        ] GC(69) ParOldGen: 375245K(411136K)->375245K(411136K)
[2.412s][info][gc,metaspace   ] GC(69) Metaspace: 6301K(6464K)->6301K(6464K) NonClass: 5768K(5824K)->5768K(5824K) Class: 533K(640K)->533K(640K)
[2.412s][info][gc             ] GC(69) Pause Young (Allocation Failure) 396M->396M(459M) 14.798ms
[2.412s][info][gc,cpu         ] GC(69) User=0.02s Sys=0.00s Real=0.01s
[2.423s][info][gc,start       ] GC(70) Pause Young (Allocation Failure)
[2.442s][info][gc,heap        ] GC(70) PSYoungGen: 40864K(59392K)->40864K(60416K) Eden: 10240K(10240K)->0K(10240K) From: 30624K(49152K)->40864K(50176K)
[2.442s][info][gc,heap        ] GC(70) ParOldGen: 375245K(411136K)->375245K(411136K)
[2.442s][info][gc,metaspace   ] GC(70) Metaspace: 6301K(6464K)->6301K(6464K) NonClass: 5768K(5824K)->5768K(5824K) Class: 533K(640K)->533K(640K)
[2.442s][info][gc             ] GC(70) Pause Young (Allocation Failure) 406M->406M(460M) 18.887ms
[2.442s][info][gc,cpu         ] GC(70) User=0.11s Sys=0.00s Real=0.02s
[2.453s][info][gc,start       ] GC(71) Pause Young (Allocation Failure)
[2.476s][info][gc,heap        ] GC(71) PSYoungGen: 51104K(60416K)->47584K(60416K) Eden: 10240K(10240K)->0K(7168K) From: 40864K(50176K)->47584K(53248K)
[2.476s][info][gc,heap        ] GC(71) ParOldGen: 375245K(411136K)->378789K(411136K)
[2.476s][info][gc,metaspace   ] GC(71) Metaspace: 6301K(6464K)->6301K(6464K) NonClass: 5768K(5824K)->5768K(5824K) Class: 533K(640K)->533K(640K)
[2.476s][info][gc             ] GC(71) Pause Young (Allocation Failure) 416M->416M(460M) 23.161ms
[2.476s][info][gc,cpu         ] GC(71) User=0.12s Sys=0.00s Real=0.02s
[2.483s][info][gc,start       ] GC(72) Pause Young (Allocation Failure)
[2.508s][info][gc,heap        ] GC(72) PSYoungGen: 54752K(60416K)->36960K(65024K) Eden: 7168K(7168K)->0K(7168K) From: 47584K(53248K)->36960K(57856K)
[2.508s][info][gc,heap        ] GC(72) ParOldGen: 378789K(411136K)->396821K(411136K)
[2.508s][info][gc,metaspace   ] GC(72) Metaspace: 6301K(6464K)->6301K(6464K) NonClass: 5768K(5824K)->5768K(5824K) Class: 533K(640K)->533K(640K)
[2.508s][info][gc             ] GC(72) Pause Young (Allocation Failure) 423M->423M(465M) 24.519ms
[2.508s][info][gc,cpu         ] GC(72) User=0.12s Sys=0.00s Real=0.02s
[2.508s][info][gc,start       ] GC(73) Pause Full (Ergonomics)
[2.508s][info][gc,phases,start] GC(73) Marking Phase
[2.597s][info][gc,phases      ] GC(73) Marking Phase 89.431ms
[2.597s][info][gc,phases,start] GC(73) Summary Phase
[2.597s][info][gc,phases      ] GC(73) Summary Phase 0.020ms
[2.597s][info][gc,phases,start] GC(73) Adjust Roots
[2.598s][info][gc,phases      ] GC(73) Adjust Roots 0.148ms
[2.598s][info][gc,phases,start] GC(73) Compaction Phase
[2.643s][info][gc,phases      ] GC(73) Compaction Phase 44.818ms
[2.643s][info][gc,phases,start] GC(73) Post Compact
[2.645s][info][gc,phases      ] GC(73) Post Compact 2.035ms
[2.645s][info][gc,heap        ] GC(73) PSYoungGen: 36960K(65024K)->22437K(65024K) Eden: 0K(7168K)->0K(7168K) From: 36960K(57856K)->22437K(57856K)
[2.645s][info][gc,heap        ] GC(73) ParOldGen: 396821K(411136K)->410641K(461312K)
[2.645s][info][gc,metaspace   ] GC(73) Metaspace: 6301K(6464K)->6301K(6464K) NonClass: 5768K(5824K)->5768K(5824K) Class: 533K(640K)->533K(640K)
[2.645s][info][gc             ] GC(73) Pause Full (Ergonomics) 423M->422M(514M) 136.957ms
[2.645s][info][gc,cpu         ] GC(73) User=0.97s Sys=0.02s Real=0.14s
[2.654s][info][gc,start       ] GC(74) Pause Young (Allocation Failure)
[2.683s][info][gc,heap        ] GC(74) PSYoungGen: 29605K(65024K)->18560K(64000K) Eden: 7168K(7168K)->0K(8192K) From: 22437K(57856K)->18560K(55808K)
[2.683s][info][gc,heap        ] GC(74) ParOldGen: 410641K(461312K)->422009K(461312K)
[2.683s][info][gc,metaspace   ] GC(74) Metaspace: 6301K(6464K)->6301K(6464K) NonClass: 5768K(5824K)->5768K(5824K) Class: 533K(640K)->533K(640K)
[2.683s][info][gc             ] GC(74) Pause Young (Allocation Failure) 429M->430M(513M) 29.518ms
[2.684s][info][gc,cpu         ] GC(74) User=0.12s Sys=0.00s Real=0.03s
[2.692s][info][gc,start       ] GC(75) Pause Young (Allocation Failure)
[2.705s][info][gc,heap        ] GC(75) PSYoungGen: 26752K(64000K)->19616K(65024K) Eden: 8192K(8192K)->0K(8192K) From: 18560K(55808K)->19616K(56832K)
[2.705s][info][gc,heap        ] GC(75) ParOldGen: 422009K(461312K)->429217K(461312K)
[2.705s][info][gc,metaspace   ] GC(75) Metaspace: 6301K(6464K)->6301K(6464K) NonClass: 5768K(5824K)->5768K(5824K) Class: 533K(640K)->533K(640K)
[2.705s][info][gc             ] GC(75) Pause Young (Allocation Failure) 438M->438M(514M) 13.707ms
[2.705s][info][gc,cpu         ] GC(75) User=0.02s Sys=0.00s Real=0.01s
[2.714s][info][gc,start       ] GC(76) Pause Young (Allocation Failure)
[2.728s][info][gc,heap        ] GC(76) PSYoungGen: 27808K(65024K)->16480K(64512K) Eden: 8192K(8192K)->0K(9728K) From: 19616K(56832K)->16480K(54784K)
[2.728s][info][gc,heap        ] GC(76) ParOldGen: 429217K(461312K)->440665K(461312K)
[2.728s][info][gc,metaspace   ] GC(76) Metaspace: 6301K(6464K)->6301K(6464K) NonClass: 5768K(5824K)->5768K(5824K) Class: 533K(640K)->533K(640K)
[2.728s][info][gc             ] GC(76) Pause Young (Allocation Failure) 446M->446M(513M) 14.034ms
[2.728s][info][gc,cpu         ] GC(76) User=0.02s Sys=0.00s Real=0.01s
[2.739s][info][gc,start       ] GC(77) Pause Young (Allocation Failure)
[2.752s][info][gc,heap        ] GC(77) PSYoungGen: 26208K(64512K)->9888K(65024K) Eden: 9728K(9728K)->0K(9728K) From: 16480K(54784K)->9888K(55296K)
[2.752s][info][gc,heap        ] GC(77) ParOldGen: 440665K(461312K)->457233K(461312K)
[2.752s][info][gc,metaspace   ] GC(77) Metaspace: 6301K(6464K)->6301K(6464K) NonClass: 5768K(5824K)->5768K(5824K) Class: 533K(640K)->533K(640K)
[2.752s][info][gc             ] GC(77) Pause Young (Allocation Failure) 455M->456M(514M) 13.838ms
[2.752s][info][gc,cpu         ] GC(77) User=0.02s Sys=0.00s Real=0.01s
[2.752s][info][gc,start       ] GC(78) Pause Full (Ergonomics)
[2.753s][info][gc,phases,start] GC(78) Marking Phase
[2.852s][info][gc,phases      ] GC(78) Marking Phase 99.770ms
[2.852s][info][gc,phases,start] GC(78) Summary Phase
[2.852s][info][gc,phases      ] GC(78) Summary Phase 0.020ms
[2.852s][info][gc,phases,start] GC(78) Adjust Roots
[2.853s][info][gc,phases      ] GC(78) Adjust Roots 0.150ms
[2.853s][info][gc,phases,start] GC(78) Compaction Phase
[2.899s][info][gc,phases      ] GC(78) Compaction Phase 45.943ms
[2.899s][info][gc,phases,start] GC(78) Post Compact
[2.901s][info][gc,phases      ] GC(78) Post Compact 2.387ms
[2.901s][info][gc,heap        ] GC(78) PSYoungGen: 9888K(65024K)->5098K(65024K) Eden: 0K(9728K)->0K(9728K) From: 9888K(55296K)->5098K(55296K)
[2.901s][info][gc,heap        ] GC(78) ParOldGen: 457233K(461312K)->461132K(518144K)
[2.901s][info][gc,metaspace   ] GC(78) Metaspace: 6301K(6464K)->6301K(6464K) NonClass: 5768K(5824K)->5768K(5824K) Class: 533K(640K)->533K(640K)
[2.901s][info][gc             ] GC(78) Pause Full (Ergonomics) 456M->455M(569M) 148.831ms
[2.901s][info][gc,cpu         ] GC(78) User=0.95s Sys=0.02s Real=0.15s
[2.913s][info][gc,start       ] GC(79) Pause Young (Allocation Failure)
[2.940s][info][gc,heap        ] GC(79) PSYoungGen: 14826K(65024K)->9888K(65024K) Eden: 9728K(9728K)->0K(10752K) From: 5098K(55296K)->9888K(54272K)
[2.941s][info][gc,heap        ] GC(79) ParOldGen: 461132K(518144K)->466332K(518144K)
[2.941s][info][gc,metaspace   ] GC(79) Metaspace: 6301K(6464K)->6301K(6464K) NonClass: 5768K(5824K)->5768K(5824K) Class: 533K(640K)->533K(640K)
[2.941s][info][gc             ] GC(79) Pause Young (Allocation Failure) 464M->465M(569M) 27.213ms
[2.941s][info][gc,cpu         ] GC(79) User=0.12s Sys=0.00s Real=0.03s
[2.954s][info][gc,start       ] GC(80) Pause Young (Allocation Failure)
[2.965s][info][gc,heap        ] GC(80) PSYoungGen: 20640K(65024K)->20576K(31744K) Eden: 10752K(10752K)->0K(10752K) From: 9888K(54272K)->20576K(20992K)
[2.965s][info][gc,heap        ] GC(80) ParOldGen: 466332K(518144K)->466332K(518144K)
[2.965s][info][gc,metaspace   ] GC(80) Metaspace: 6301K(6464K)->6301K(6464K) NonClass: 5768K(5824K)->5768K(5824K) Class: 533K(640K)->533K(640K)
[2.966s][info][gc             ] GC(80) Pause Young (Allocation Failure) 475M->475M(537M) 11.938ms
[2.966s][info][gc,cpu         ] GC(80) User=0.00s Sys=0.00s Real=0.01s
[2.977s][info][gc,start       ] GC(81) Pause Young (Allocation Failure)
[2.994s][info][gc,heap        ] GC(81) PSYoungGen: 31328K(31744K)->21632K(59904K) Eden: 10752K(10752K)->0K(12288K) From: 20576K(20992K)->21632K(47616K)
[2.994s][info][gc,heap        ] GC(81) ParOldGen: 466332K(518144K)->476188K(518144K)
[2.994s][info][gc,metaspace   ] GC(81) Metaspace: 6301K(6464K)->6301K(6464K) NonClass: 5768K(5824K)->5768K(5824K) Class: 533K(640K)->533K(640K)
[2.994s][info][gc             ] GC(81) Pause Young (Allocation Failure) 485M->486M(564M) 16.614ms
[2.994s][info][gc,cpu         ] GC(81) User=0.03s Sys=0.00s Real=0.02s
[3.007s][info][gc,start       ] GC(82) Pause Young (Allocation Failure)
[3.025s][info][gc,heap        ] GC(82) PSYoungGen: 33920K(59904K)->23136K(35840K) Eden: 12288K(12288K)->0K(12288K) From: 21632K(47616K)->23136K(23552K)
[3.025s][info][gc,heap        ] GC(82) ParOldGen: 476188K(518144K)->487092K(518144K)
[3.025s][info][gc,metaspace   ] GC(82) Metaspace: 6301K(6464K)->6301K(6464K) NonClass: 5768K(5824K)->5768K(5824K) Class: 533K(640K)->533K(640K)
[3.025s][info][gc             ] GC(82) Pause Young (Allocation Failure) 498M->498M(541M) 17.855ms
[3.025s][info][gc,cpu         ] GC(82) User=0.12s Sys=0.00s Real=0.02s
[3.039s][info][gc,start       ] GC(83) Pause Young (Allocation Failure)
[3.057s][info][gc,heap        ] GC(83) PSYoungGen: 35424K(35840K)->24704K(57344K) Eden: 12288K(12288K)->0K(13824K) From: 23136K(23552K)->24704K(43520K)
[3.057s][info][gc,heap        ] GC(83) ParOldGen: 487092K(518144K)->497996K(518144K)
[3.057s][info][gc,metaspace   ] GC(83) Metaspace: 6301K(6464K)->6301K(6464K) NonClass: 5768K(5824K)->5768K(5824K) Class: 533K(640K)->533K(640K)
[3.057s][info][gc             ] GC(83) Pause Young (Allocation Failure) 510M->510M(562M) 18.520ms
[3.057s][info][gc,cpu         ] GC(83) User=0.09s Sys=0.02s Real=0.02s
[3.072s][info][gc,start       ] GC(84) Pause Young (Allocation Failure)
[3.092s][info][gc,heap        ] GC(84) PSYoungGen: 38528K(57344K)->26208K(59392K) Eden: 13824K(13824K)->0K(13824K) From: 24704K(43520K)->26208K(45568K)
[3.092s][info][gc,heap        ] GC(84) ParOldGen: 497996K(518144K)->510444K(518144K)
[3.092s][info][gc,metaspace   ] GC(84) Metaspace: 6301K(6464K)->6301K(6464K) NonClass: 5768K(5824K)->5768K(5824K) Class: 533K(640K)->533K(640K)
[3.092s][info][gc             ] GC(84) Pause Young (Allocation Failure) 523M->524M(564M) 19.766ms
[3.092s][info][gc,cpu         ] GC(84) User=0.12s Sys=0.00s Real=0.02s
[3.092s][info][gc,start       ] GC(85) Pause Full (Ergonomics)
[3.092s][info][gc,phases,start] GC(85) Marking Phase
[3.214s][info][gc,phases      ] GC(85) Marking Phase 122.286ms
[3.214s][info][gc,phases,start] GC(85) Summary Phase
[3.214s][info][gc,phases      ] GC(85) Summary Phase 0.021ms
[3.214s][info][gc,phases,start] GC(85) Adjust Roots
[3.214s][info][gc,phases      ] GC(85) Adjust Roots 0.149ms
[3.214s][info][gc,phases,start] GC(85) Compaction Phase
[3.264s][info][gc,phases      ] GC(85) Compaction Phase 49.323ms
[3.264s][info][gc,phases,start] GC(85) Post Compact
[3.265s][info][gc,phases      ] GC(85) Post Compact 0.817ms
[3.265s][info][gc,heap        ] GC(85) PSYoungGen: 26208K(59392K)->17867K(59392K) Eden: 0K(13824K)->0K(13824K) From: 26208K(45568K)->17867K(45568K)
[3.265s][info][gc,heap        ] GC(85) ParOldGen: 510444K(518144K)->517805K(578048K)
[3.265s][info][gc,metaspace   ] GC(85) Metaspace: 6301K(6464K)->6301K(6464K) NonClass: 5768K(5824K)->5768K(5824K) Class: 533K(640K)->533K(640K)
[3.265s][info][gc             ] GC(85) Pause Full (Ergonomics) 524M->523M(622M) 173.153ms
[3.265s][info][gc,cpu         ] GC(85) User=1.16s Sys=0.02s Real=0.17s
[3.280s][info][gc,start       ] GC(86) Pause Young (Allocation Failure)
[3.316s][info][gc,heap        ] GC(86) PSYoungGen: 31691K(59392K)->23552K(55296K) Eden: 13824K(13824K)->0K(15360K) From: 17867K(45568K)->23552K(39936K)
[3.316s][info][gc,heap        ] GC(86) ParOldGen: 517805K(578048K)->526213K(578048K)
[3.316s][info][gc,metaspace   ] GC(86) Metaspace: 6301K(6464K)->6301K(6464K) NonClass: 5768K(5824K)->5768K(5824K) Class: 533K(640K)->533K(640K)
[3.316s][info][gc             ] GC(86) Pause Young (Allocation Failure) 536M->536M(618M) 35.350ms
[3.316s][info][gc,cpu         ] GC(86) User=0.16s Sys=0.00s Real=0.04s
[3.334s][info][gc,start       ] GC(87) Pause Young (Allocation Failure)
[3.354s][info][gc,heap        ] GC(87) PSYoungGen: 38912K(55296K)->38944K(57856K) Eden: 15360K(15360K)->0K(15360K) From: 23552K(39936K)->38944K(42496K)
[3.354s][info][gc,heap        ] GC(87) ParOldGen: 526213K(578048K)->526213K(578048K)
[3.354s][info][gc,metaspace   ] GC(87) Metaspace: 6301K(6464K)->6301K(6464K) NonClass: 5768K(5824K)->5768K(5824K) Class: 533K(640K)->533K(640K)
[3.354s][info][gc             ] GC(87) Pause Young (Allocation Failure) 551M->551M(621M) 19.987ms
[3.354s][info][gc,cpu         ] GC(87) User=0.12s Sys=0.00s Real=0.02s
[3.371s][info][gc,start       ] GC(88) Pause Young (Allocation Failure)
[3.398s][info][gc,heap        ] GC(88) PSYoungGen: 54304K(57856K)->44640K(57856K) Eden: 15360K(15360K)->0K(11776K) From: 38944K(42496K)->44640K(46080K)
[3.398s][info][gc,heap        ] GC(88) ParOldGen: 526213K(578048K)->535957K(578048K)
[3.398s][info][gc,metaspace   ] GC(88) Metaspace: 6301K(6464K)->6301K(6464K) NonClass: 5768K(5824K)->5768K(5824K) Class: 533K(640K)->533K(640K)
[3.398s][info][gc             ] GC(88) Pause Young (Allocation Failure) 566M->566M(621M) 26.622ms
[3.398s][info][gc,cpu         ] GC(88) User=0.14s Sys=0.00s Real=0.03s
[3.411s][info][gc,start       ] GC(89) Pause Young (Allocation Failure)
[3.438s][info][gc,heap        ] GC(89) PSYoungGen: 56416K(57856K)->42624K(62976K) Eden: 11776K(11776K)->0K(11776K) From: 44640K(46080K)->42624K(51200K)
[3.438s][info][gc,heap        ] GC(89) ParOldGen: 535957K(578048K)->549981K(578048K)
[3.438s][info][gc,metaspace   ] GC(89) Metaspace: 6301K(6464K)->6301K(6464K) NonClass: 5768K(5824K)->5768K(5824K) Class: 533K(640K)->533K(640K)
[3.438s][info][gc             ] GC(89) Pause Young (Allocation Failure) 578M->578M(626M) 27.280ms
[3.438s][info][gc,cpu         ] GC(89) User=0.11s Sys=0.00s Real=0.03s
[3.451s][info][gc,start       ] GC(90) Pause Young (Allocation Failure)
[3.479s][info][gc,heap        ] GC(90) PSYoungGen: 54400K(62976K)->23648K(64000K) Eden: 11776K(11776K)->0K(13312K) From: 42624K(51200K)->23648K(50688K)
[3.479s][info][gc,heap        ] GC(90) ParOldGen: 549981K(578048K)->581101K(581120K)
[3.479s][info][gc,metaspace   ] GC(90) Metaspace: 6301K(6464K)->6301K(6464K) NonClass: 5768K(5824K)->5768K(5824K) Class: 533K(640K)->533K(640K)
[3.479s][info][gc             ] GC(90) Pause Young (Allocation Failure) 590M->590M(630M) 27.447ms
[3.479s][info][gc,cpu         ] GC(90) User=0.12s Sys=0.00s Real=0.03s
[3.479s][info][gc,start       ] GC(91) Pause Full (Ergonomics)
[3.479s][info][gc,phases,start] GC(91) Marking Phase
[3.608s][info][gc,phases      ] GC(91) Marking Phase 128.786ms
[3.608s][info][gc,phases,start] GC(91) Summary Phase
[3.608s][info][gc,phases      ] GC(91) Summary Phase 0.021ms
[3.608s][info][gc,phases,start] GC(91) Adjust Roots
[3.608s][info][gc,phases      ] GC(91) Adjust Roots 0.149ms
[3.608s][info][gc,phases,start] GC(91) Compaction Phase
[3.665s][info][gc,phases      ] GC(91) Compaction Phase 57.623ms
[3.666s][info][gc,phases,start] GC(91) Post Compact
[3.667s][info][gc,phases      ] GC(91) Post Compact 1.145ms
[3.667s][info][gc,heap        ] GC(91) PSYoungGen: 23648K(64000K)->22976K(66048K) Eden: 0K(13312K)->0K(15360K) From: 23648K(50688K)->22976K(50688K)
[3.667s][info][gc,heap        ] GC(91) ParOldGen: 581101K(581120K)->580638K(651264K)
[3.667s][info][gc,metaspace   ] GC(91) Metaspace: 6301K(6464K)->6301K(6464K) NonClass: 5768K(5824K)->5768K(5824K) Class: 533K(640K)->533K(640K)
[3.667s][info][gc             ] GC(91) Pause Full (Ergonomics) 590M->589M(700M) 188.287ms
[3.667s][info][gc,cpu         ] GC(91) User=1.39s Sys=0.00s Real=0.19s
[3.685s][info][gc,start       ] GC(92) Pause Young (Allocation Failure)
[3.726s][info][gc,heap        ] GC(92) PSYoungGen: 38336K(66048K)->15488K(68096K) Eden: 15360K(15360K)->0K(15360K) From: 22976K(50688K)->15488K(52736K)
[3.726s][info][gc,heap        ] GC(92) ParOldGen: 580638K(651264K)->603974K(651264K)
[3.726s][info][gc,metaspace   ] GC(92) Metaspace: 6301K(6464K)->6301K(6464K) NonClass: 5768K(5824K)->5768K(5824K) Class: 533K(640K)->533K(640K)
[3.726s][info][gc             ] GC(92) Pause Young (Allocation Failure) 604M->604M(702M) 40.735ms
[3.726s][info][gc,cpu         ] GC(92) User=0.23s Sys=0.02s Real=0.04s
[3.745s][info][gc,start       ] GC(93) Pause Young (Allocation Failure)
[3.763s][info][gc,heap        ] GC(93) PSYoungGen: 30848K(68096K)->15488K(68608K) Eden: 15360K(15360K)->0K(16896K) From: 15488K(52736K)->15488K(51712K)
[3.763s][info][gc,heap        ] GC(93) ParOldGen: 603974K(651264K)->619558K(651264K)
[3.763s][info][gc,metaspace   ] GC(93) Metaspace: 6301K(6464K)->6301K(6464K) NonClass: 5768K(5824K)->5768K(5824K) Class: 533K(640K)->533K(640K)
[3.763s][info][gc             ] GC(93) Pause Young (Allocation Failure) 619M->620M(703M) 18.254ms
[3.763s][info][gc,cpu         ] GC(93) User=0.03s Sys=0.00s Real=0.02s
[3.784s][info][gc,start       ] GC(94) Pause Young (Allocation Failure)
[3.802s][info][gc,heap        ] GC(94) PSYoungGen: 32384K(68608K)->17024K(69120K) Eden: 16896K(16896K)->0K(16896K) From: 15488K(51712K)->17024K(52224K)
[3.802s][info][gc,heap        ] GC(94) ParOldGen: 619558K(651264K)->635142K(651264K)
[3.802s][info][gc,metaspace   ] GC(94) Metaspace: 6301K(6464K)->6301K(6464K) NonClass: 5768K(5824K)->5768K(5824K) Class: 533K(640K)->533K(640K)
[3.803s][info][gc             ] GC(94) Pause Young (Allocation Failure) 636M->636M(703M) 18.709ms
[3.803s][info][gc,cpu         ] GC(94) User=0.11s Sys=0.02s Real=0.02s
[3.803s][info][gc,start       ] GC(95) Pause Full (Ergonomics)
[3.803s][info][gc,phases,start] GC(95) Marking Phase
[3.944s][info][gc,phases      ] GC(95) Marking Phase 140.929ms
[3.944s][info][gc,phases,start] GC(95) Summary Phase
[3.944s][info][gc,phases      ] GC(95) Summary Phase 0.026ms
[3.944s][info][gc,phases,start] GC(95) Adjust Roots
[3.944s][info][gc,phases      ] GC(95) Adjust Roots 0.151ms
[3.944s][info][gc,phases,start] GC(95) Compaction Phase
[4.000s][info][gc,phases      ] GC(95) Compaction Phase 56.246ms
[4.000s][info][gc,phases,start] GC(95) Post Compact
[4.001s][info][gc,phases      ] GC(95) Post Compact 0.995ms
[4.001s][info][gc,heap        ] GC(95) PSYoungGen: 17024K(69120K)->0K(70144K) Eden: 0K(16896K)->0K(18944K) From: 17024K(52224K)->0K(51200K)
[4.001s][info][gc,heap        ] GC(95) ParOldGen: 635142K(651264K)->651135K(729088K)
[4.001s][info][gc,metaspace   ] GC(95) Metaspace: 6301K(6464K)->6301K(6464K) NonClass: 5768K(5824K)->5768K(5824K) Class: 533K(640K)->533K(640K)
[4.001s][info][gc             ] GC(95) Pause Full (Ergonomics) 636M->635M(780M) 198.872ms
[4.001s][info][gc,cpu         ] GC(95) User=1.39s Sys=0.02s Real=0.20s
[4.024s][info][gc,start       ] GC(96) Pause Young (Allocation Failure)
[4.036s][info][gc,heap        ] GC(96) PSYoungGen: 18944K(70144K)->19040K(70144K) Eden: 18944K(18944K)->0K(18944K) From: 0K(51200K)->19040K(51200K)
[4.036s][info][gc,heap        ] GC(96) ParOldGen: 651135K(729088K)->651135K(729088K)
[4.036s][info][gc,metaspace   ] GC(96) Metaspace: 6301K(6464K)->6301K(6464K) NonClass: 5768K(5824K)->5768K(5824K) Class: 533K(640K)->533K(640K)
[4.036s][info][gc             ] GC(96) Pause Young (Allocation Failure) 654M->654M(780M) 12.013ms
[4.036s][info][gc,cpu         ] GC(96) User=0.02s Sys=0.00s Real=0.01s
[4.061s][info][gc,start       ] GC(97) Pause Young (Allocation Failure)
[4.081s][info][gc,heap        ] GC(97) PSYoungGen: 37984K(70144K)->37984K(68096K) Eden: 18944K(18944K)->0K(18432K) From: 19040K(51200K)->37984K(49664K)
[4.081s][info][gc,heap        ] GC(97) ParOldGen: 651135K(729088K)->651135K(729088K)
[4.081s][info][gc,metaspace   ] GC(97) Metaspace: 6301K(6464K)->6301K(6464K) NonClass: 5768K(5824K)->5768K(5824K) Class: 533K(640K)->533K(640K)
[4.081s][info][gc             ] GC(97) Pause Young (Allocation Failure) 672M->672M(778M) 20.337ms
[4.081s][info][gc,cpu         ] GC(97) User=0.12s Sys=0.00s Real=0.02s
[4.230s][info][gc,start       ] GC(98) Pause Young (Allocation Failure)
[4.270s][info][gc,heap        ] GC(98) PSYoungGen: 56416K(68096K)->52224K(70656K) Eden: 18432K(18432K)->0K(18432K) From: 37984K(49664K)->52224K(52224K)
[4.270s][info][gc,heap        ] GC(98) ParOldGen: 683903K(729088K)->688095K(729088K)
[4.270s][info][gc,metaspace   ] GC(98) Metaspace: 6301K(6464K)->6301K(6464K) NonClass: 5768K(5824K)->5768K(5824K) Class: 533K(640K)->533K(640K)
[4.270s][info][gc             ] GC(98) Pause Young (Allocation Failure) 722M->722M(781M) 40.663ms
[4.270s][info][gc,cpu         ] GC(98) User=0.27s Sys=0.00s Real=0.04s
[4.289s][info][gc,start       ] GC(99) Pause Young (Allocation Failure)
[4.322s][info][gc,heap        ] GC(99) PSYoungGen: 70656K(70656K)->35648K(79360K) Eden: 18432K(18432K)->0K(20480K) From: 52224K(52224K)->35648K(58880K)
[4.322s][info][gc,heap        ] GC(99) ParOldGen: 688095K(729088K)->723719K(729088K)
[4.322s][info][gc,metaspace   ] GC(99) Metaspace: 6301K(6464K)->6301K(6464K) NonClass: 5768K(5824K)->5768K(5824K) Class: 533K(640K)->533K(640K)
[4.322s][info][gc             ] GC(99) Pause Young (Allocation Failure) 740M->741M(789M) 33.455ms
[4.322s][info][gc,cpu         ] GC(99) User=0.17s Sys=0.03s Real=0.03s
[4.323s][info][gc,start       ] GC(100) Pause Full (Ergonomics)
[4.323s][info][gc,phases,start] GC(100) Marking Phase
[4.486s][info][gc,phases      ] GC(100) Marking Phase 163.936ms
[4.487s][info][gc,phases,start] GC(100) Summary Phase
[4.487s][info][gc,phases      ] GC(100) Summary Phase 0.022ms
[4.487s][info][gc,phases,start] GC(100) Adjust Roots
[4.487s][info][gc,phases      ] GC(100) Adjust Roots 0.150ms
[4.487s][info][gc,phases,start] GC(100) Compaction Phase
[4.606s][info][gc,phases      ] GC(100) Compaction Phase 119.207ms
[4.606s][info][gc,phases,start] GC(100) Post Compact
[4.607s][info][gc,phases      ] GC(100) Post Compact 1.463ms
[4.608s][info][gc,heap        ] GC(100) PSYoungGen: 35648K(79360K)->13441K(80384K) Eden: 0K(20480K)->0K(21504K) From: 35648K(58880K)->13441K(58880K)
[4.608s][info][gc,heap        ] GC(100) ParOldGen: 723719K(729088K)->728703K(817664K)
[4.608s][info][gc,metaspace   ] GC(100) Metaspace: 6301K(6464K)->6301K(6464K) NonClass: 5768K(5824K)->5768K(5824K) Class: 533K(640K)->533K(640K)
[4.608s][info][gc             ] GC(100) Pause Full (Ergonomics) 741M->724M(877M) 285.397ms
[4.608s][info][gc,cpu         ] GC(100) User=2.00s Sys=0.00s Real=0.28s
[4.634s][info][gc,start       ] GC(101) Pause Young (Allocation Failure)
[4.678s][info][gc,heap        ] GC(101) PSYoungGen: 34945K(80384K)->35136K(81408K) Eden: 21504K(21504K)->0K(21504K) From: 13441K(58880K)->35136K(59904K)
[4.678s][info][gc,heap        ] GC(101) ParOldGen: 728703K(817664K)->728703K(817664K)
[4.678s][info][gc,metaspace   ] GC(101) Metaspace: 6301K(6464K)->6301K(6464K) NonClass: 5768K(5824K)->5768K(5824K) Class: 533K(640K)->533K(640K)
[4.678s][info][gc             ] GC(101) Pause Young (Allocation Failure) 745M->745M(878M) 43.806ms
[4.678s][info][gc,cpu         ] GC(101) User=0.27s Sys=0.00s Real=0.04s
[4.701s][info][gc,start       ] GC(102) Pause Young (Allocation Failure)
[4.728s][info][gc,heap        ] GC(102) PSYoungGen: 56640K(81408K)->56640K(76288K) Eden: 21504K(21504K)->0K(16896K) From: 35136K(59904K)->56640K(59392K)
[4.728s][info][gc,heap        ] GC(102) ParOldGen: 728703K(817664K)->728703K(817664K)
[4.728s][info][gc,metaspace   ] GC(102) Metaspace: 6301K(6464K)->6301K(6464K) NonClass: 5768K(5824K)->5768K(5824K) Class: 533K(640K)->533K(640K)
[4.728s][info][gc             ] GC(102) Pause Young (Allocation Failure) 766M->766M(873M) 27.934ms
[4.729s][info][gc,cpu         ] GC(102) User=0.05s Sys=0.00s Real=0.03s
[4.746s][info][gc,start       ] GC(103) Pause Young (Allocation Failure)
[4.780s][info][gc,heap        ] GC(103) PSYoungGen: 73536K(76288K)->66048K(82944K) Eden: 16896K(16896K)->0K(16896K) From: 56640K(59392K)->66048K(66048K)
[4.780s][info][gc,heap        ] GC(103) ParOldGen: 728703K(817664K)->736159K(817664K)
[4.780s][info][gc,metaspace   ] GC(103) Metaspace: 6301K(6464K)->6301K(6464K) NonClass: 5768K(5824K)->5768K(5824K) Class: 533K(640K)->533K(640K)
[4.780s][info][gc             ] GC(103) Pause Young (Allocation Failure) 783M->783M(879M) 33.839ms
[4.780s][info][gc,cpu         ] GC(103) User=0.22s Sys=0.03s Real=0.03s
[4.797s][info][gc,start       ] GC(104) Pause Young (Allocation Failure)
[4.835s][info][gc,heap        ] GC(104) PSYoungGen: 82944K(82944K)->71840K(88064K) Eden: 16896K(16896K)->0K(10240K) From: 66048K(66048K)->71840K(77824K)
[4.835s][info][gc,heap        ] GC(104) ParOldGen: 736159K(817664K)->747487K(817664K)
[4.835s][info][gc,metaspace   ] GC(104) Metaspace: 6301K(6464K)->6301K(6464K) NonClass: 5768K(5824K)->5768K(5824K) Class: 533K(640K)->533K(640K)
[4.835s][info][gc             ] GC(104) Pause Young (Allocation Failure) 799M->800M(884M) 37.968ms
[4.835s][info][gc,cpu         ] GC(104) User=0.23s Sys=0.02s Real=0.04s
[4.845s][info][gc,start       ] GC(105) Pause Young (Allocation Failure)
[4.882s][info][gc,heap        ] GC(105) PSYoungGen: 82080K(88064K)->64000K(96768K) Eden: 10240K(10240K)->0K(10240K) From: 71840K(77824K)->64000K(86528K)
[4.882s][info][gc,heap        ] GC(105) ParOldGen: 747487K(817664K)->765879K(817664K)
[4.882s][info][gc,metaspace   ] GC(105) Metaspace: 6301K(6464K)->6301K(6464K) NonClass: 5768K(5824K)->5768K(5824K) Class: 533K(640K)->533K(640K)
[4.882s][info][gc             ] GC(105) Pause Young (Allocation Failure) 810M->810M(893M) 36.563ms
[4.882s][info][gc,cpu         ] GC(105) User=0.22s Sys=0.03s Real=0.04s
[4.893s][info][gc,start       ] GC(106) Pause Young (Allocation Failure)
[4.927s][info][gc,heap        ] GC(106) PSYoungGen: 74240K(96768K)->37472K(94720K) Eden: 10240K(10240K)->0K(11776K) From: 64000K(86528K)->37472K(82944K)
[4.927s][info][gc,heap        ] GC(106) ParOldGen: 765879K(817664K)->803047K(817664K)
[4.927s][info][gc,metaspace   ] GC(106) Metaspace: 6301K(6464K)->6301K(6464K) NonClass: 5768K(5824K)->5768K(5824K) Class: 533K(640K)->533K(640K)
[4.927s][info][gc             ] GC(106) Pause Young (Allocation Failure) 820M->820M(891M) 34.444ms
[4.927s][info][gc,cpu         ] GC(106) User=0.25s Sys=0.00s Real=0.03s
[4.927s][info][gc,start       ] GC(107) Pause Full (Ergonomics)
[4.927s][info][gc,phases,start] GC(107) Marking Phase
[5.113s][info][gc,phases      ] GC(107) Marking Phase 185.888ms
[5.113s][info][gc,phases,start] GC(107) Summary Phase
[5.113s][info][gc,phases      ] GC(107) Summary Phase 0.024ms
[5.113s][info][gc,phases,start] GC(107) Adjust Roots
[5.114s][info][gc,phases      ] GC(107) Adjust Roots 0.193ms
[5.114s][info][gc,phases,start] GC(107) Compaction Phase
[5.201s][info][gc,phases      ] GC(107) Compaction Phase 87.850ms
[5.202s][info][gc,phases,start] GC(107) Post Compact
[5.203s][info][gc,phases      ] GC(107) Post Compact 1.450ms
[5.203s][info][gc,heap        ] GC(107) PSYoungGen: 37472K(94720K)->21951K(96768K) Eden: 0K(11776K)->0K(13824K) From: 37472K(82944K)->21951K(82944K)
[5.204s][info][gc,heap        ] GC(107) ParOldGen: 803047K(817664K)->817276K(915968K)
[5.204s][info][gc,metaspace   ] GC(107) Metaspace: 6301K(6464K)->6301K(6464K) NonClass: 5768K(5824K)->5768K(5824K) Class: 533K(640K)->533K(640K)
[5.204s][info][gc             ] GC(107) Pause Full (Ergonomics) 820M->819M(989M) 276.150ms
[5.204s][info][gc,cpu         ] GC(107) User=1.81s Sys=0.02s Real=0.28s
[5.221s][info][gc,start       ] GC(108) Pause Young (Allocation Failure)
[5.270s][info][gc,heap        ] GC(108) PSYoungGen: 35775K(96768K)->19936K(100864K) Eden: 13824K(13824K)->0K(13824K) From: 21951K(82944K)->19936K(87040K)
[5.270s][info][gc,heap        ] GC(108) ParOldGen: 817276K(915968K)->833492K(915968K)
[5.270s][info][gc,metaspace   ] GC(108) Metaspace: 6301K(6464K)->6301K(6464K) NonClass: 5768K(5824K)->5768K(5824K) Class: 533K(640K)->533K(640K)
[5.270s][info][gc             ] GC(108) Pause Young (Allocation Failure) 833M->833M(993M) 49.220ms
[5.270s][info][gc,cpu         ] GC(108) User=0.25s Sys=0.02s Real=0.05s
[5.285s][info][gc,start       ] GC(109) Pause Young (Allocation Failure)
[5.304s][info][gc,heap        ] GC(109) PSYoungGen: 33760K(100864K)->27776K(97280K) Eden: 13824K(13824K)->0K(15872K) From: 19936K(87040K)->27776K(81408K)
[5.304s][info][gc,heap        ] GC(109) ParOldGen: 833492K(915968K)->839564K(915968K)
[5.304s][info][gc,metaspace   ] GC(109) Metaspace: 6301K(6464K)->6301K(6464K) NonClass: 5768K(5824K)->5768K(5824K) Class: 533K(640K)->533K(640K)
[5.304s][info][gc             ] GC(109) Pause Young (Allocation Failure) 846M->847M(989M) 19.108ms
[5.304s][info][gc,cpu         ] GC(109) User=0.03s Sys=0.00s Real=0.02s
[5.321s][info][gc,start       ] GC(110) Pause Young (Allocation Failure)
[5.344s][info][gc,heap        ] GC(110) PSYoungGen: 43648K(97280K)->29824K(46080K) Eden: 15872K(15872K)->0K(15872K) From: 27776K(81408K)->29824K(30208K)
[5.344s][info][gc,heap        ] GC(110) ParOldGen: 839564K(915968K)->853572K(915968K)
[5.344s][info][gc,metaspace   ] GC(110) Metaspace: 6301K(6464K)->6301K(6464K) NonClass: 5768K(5824K)->5768K(5824K) Class: 533K(640K)->533K(640K)
[5.344s][info][gc             ] GC(110) Pause Young (Allocation Failure) 862M->862M(939M) 22.869ms
[5.344s][info][gc,cpu         ] GC(110) User=0.14s Sys=0.00s Real=0.02s
[5.360s][info][gc,start       ] GC(111) Pause Young (Allocation Failure)
[5.384s][info][gc,heap        ] GC(111) PSYoungGen: 45696K(46080K)->31840K(91648K) Eden: 15872K(15872K)->0K(17920K) From: 29824K(30208K)->31840K(73728K)
[5.384s][info][gc,heap        ] GC(111) ParOldGen: 853572K(915968K)->867580K(915968K)
[5.384s][info][gc,metaspace   ] GC(111) Metaspace: 6301K(6464K)->6301K(6464K) NonClass: 5768K(5824K)->5768K(5824K) Class: 533K(640K)->533K(640K)
[5.384s][info][gc             ] GC(111) Pause Young (Allocation Failure) 878M->878M(984M) 23.912ms
[5.384s][info][gc,cpu         ] GC(111) User=0.12s Sys=0.00s Real=0.02s
[5.404s][info][gc,start       ] GC(112) Pause Young (Allocation Failure)
[5.431s][info][gc,heap        ] GC(112) PSYoungGen: 49760K(91648K)->17984K(95232K) Eden: 17920K(17920K)->0K(17920K) From: 31840K(73728K)->17984K(77312K)
[5.431s][info][gc,heap        ] GC(112) ParOldGen: 867580K(915968K)->899724K(915968K)
[5.431s][info][gc,metaspace   ] GC(112) Metaspace: 6301K(6464K)->6301K(6464K) NonClass: 5768K(5824K)->5768K(5824K) Class: 533K(640K)->533K(640K)
[5.431s][info][gc             ] GC(112) Pause Young (Allocation Failure) 895M->896M(987M) 26.913ms
[5.431s][info][gc,cpu         ] GC(112) User=0.23s Sys=0.00s Real=0.03s
[5.431s][info][gc,start       ] GC(113) Pause Full (Ergonomics)
[5.431s][info][gc,phases,start] GC(113) Marking Phase
[5.632s][info][gc,phases      ] GC(113) Marking Phase 201.006ms
[5.632s][info][gc,phases,start] GC(113) Summary Phase
[5.632s][info][gc,phases      ] GC(113) Summary Phase 0.023ms
[5.632s][info][gc,phases,start] GC(113) Adjust Roots
[5.632s][info][gc,phases      ] GC(113) Adjust Roots 0.153ms
[5.632s][info][gc,phases,start] GC(113) Compaction Phase
[5.727s][info][gc,phases      ] GC(113) Compaction Phase 94.584ms
[5.727s][info][gc,phases,start] GC(113) Post Compact
[5.729s][info][gc,phases      ] GC(113) Post Compact 1.681ms
[5.729s][info][gc,heap        ] GC(113) PSYoungGen: 17984K(95232K)->524K(95232K) Eden: 0K(17920K)->0K(17920K) From: 17984K(77312K)->524K(77312K)
[5.729s][info][gc,heap        ] GC(113) ParOldGen: 899724K(915968K)->915866K(1020416K)
[5.729s][info][gc,metaspace   ] GC(113) Metaspace: 6301K(6464K)->6301K(6464K) NonClass: 5768K(5824K)->5768K(5824K) Class: 533K(640K)->533K(640K)
[5.729s][info][gc             ] GC(113) Pause Full (Ergonomics) 896M->894M(1089M) 298.233ms
[5.729s][info][gc,cpu         ] GC(113) User=1.91s Sys=0.03s Real=0.30s
[5.751s][info][gc,start       ] GC(114) Pause Young (Allocation Failure)
[5.799s][info][gc,heap        ] GC(114) PSYoungGen: 18444K(95232K)->18048K(94720K) Eden: 17920K(17920K)->0K(19968K) From: 524K(77312K)->18048K(74752K)
[5.799s][info][gc,heap        ] GC(114) ParOldGen: 915866K(1020416K)->916442K(1020416K)
[5.799s][info][gc,metaspace   ] GC(114) Metaspace: 6301K(6464K)->6301K(6464K) NonClass: 5768K(5824K)->5768K(5824K) Class: 533K(640K)->533K(640K)
[5.799s][info][gc             ] GC(114) Pause Young (Allocation Failure) 912M->912M(1089M) 48.119ms
[5.799s][info][gc,cpu         ] GC(114) User=0.27s Sys=0.00s Real=0.05s
[5.822s][info][gc,start       ] GC(115) Pause Young (Allocation Failure)
[5.844s][info][gc,heap        ] GC(115) PSYoungGen: 38016K(94720K)->38016K(58368K) Eden: 19968K(19968K)->0K(19968K) From: 18048K(74752K)->38016K(38400K)
[5.844s][info][gc,heap        ] GC(115) ParOldGen: 916442K(1020416K)->916442K(1020416K)
[5.844s][info][gc,metaspace   ] GC(115) Metaspace: 6301K(6464K)->6301K(6464K) NonClass: 5768K(5824K)->5768K(5824K) Class: 533K(640K)->533K(640K)
[5.844s][info][gc             ] GC(115) Pause Young (Allocation Failure) 932M->932M(1053M) 21.583ms
[5.844s][info][gc,cpu         ] GC(115) User=0.14s Sys=0.00s Real=0.02s
[5.866s][info][gc,start       ] GC(116) Pause Young (Allocation Failure)
[5.894s][info][gc,heap        ] GC(116) PSYoungGen: 57984K(58368K)->58016K(90112K) Eden: 19968K(19968K)->0K(16896K) From: 38016K(38400K)->58016K(73216K)
[5.895s][info][gc,heap        ] GC(116) ParOldGen: 916442K(1020416K)->916442K(1020416K)
[5.895s][info][gc,metaspace   ] GC(116) Metaspace: 6301K(6464K)->6301K(6464K) NonClass: 5768K(5824K)->5768K(5824K) Class: 533K(640K)->533K(640K)
[5.895s][info][gc             ] GC(116) Pause Young (Allocation Failure) 951M->951M(1084M) 28.945ms
[5.895s][info][gc,cpu         ] GC(116) User=0.14s Sys=0.00s Real=0.03s
[5.913s][info][gc,start       ] GC(117) Pause Young (Allocation Failure)
[5.950s][info][gc,heap        ] GC(117) PSYoungGen: 74912K(90112K)->56992K(95232K) Eden: 16896K(16896K)->0K(16896K) From: 58016K(73216K)->56992K(78336K)
[5.950s][info][gc,heap        ] GC(117) ParOldGen: 916442K(1020416K)->934610K(1020416K)
[5.950s][info][gc,metaspace   ] GC(117) Metaspace: 6301K(6464K)->6301K(6464K) NonClass: 5768K(5824K)->5768K(5824K) Class: 533K(640K)->533K(640K)
[5.950s][info][gc             ] GC(117) Pause Young (Allocation Failure) 968M->968M(1089M) 36.482ms
[5.950s][info][gc,cpu         ] GC(117) User=0.23s Sys=0.02s Real=0.04s
[5.969s][info][gc,start       ] GC(118) Pause Young (Allocation Failure)
[6.005s][info][gc,heap        ] GC(118) PSYoungGen: 73888K(95232K)->53856K(98816K) Eden: 16896K(16896K)->0K(17408K) From: 56992K(78336K)->53856K(81408K)
[6.005s][info][gc,heap        ] GC(118) ParOldGen: 934610K(1020416K)->954858K(1020416K)
[6.005s][info][gc,metaspace   ] GC(118) Metaspace: 6301K(6464K)->6301K(6464K) NonClass: 5768K(5824K)->5768K(5824K) Class: 533K(640K)->533K(640K)
[6.005s][info][gc             ] GC(118) Pause Young (Allocation Failure) 984M->985M(1093M) 36.202ms
[6.005s][info][gc,cpu         ] GC(118) User=0.25s Sys=0.00s Real=0.04s
[6.026s][info][gc,start       ] GC(119) Pause Young (Allocation Failure)
[6.061s][info][gc,heap        ] GC(119) PSYoungGen: 71264K(98816K)->51360K(100352K) Eden: 17408K(17408K)->0K(17408K) From: 53856K(81408K)->51360K(82944K)
[6.061s][info][gc,heap        ] GC(119) ParOldGen: 954858K(1020416K)->975106K(1020416K)
[6.061s][info][gc,metaspace   ] GC(119) Metaspace: 6301K(6464K)->6301K(6464K) NonClass: 5768K(5824K)->5768K(5824K) Class: 533K(640K)->533K(640K)
[6.061s][info][gc             ] GC(119) Pause Young (Allocation Failure) 1002M->1002M(1094M) 35.335ms
[6.061s][info][gc,cpu         ] GC(119) User=0.23s Sys=0.03s Real=0.03s
[6.080s][info][gc,start       ] GC(120) Pause Young (Allocation Failure)
[6.115s][info][gc,heap        ] GC(120) PSYoungGen: 68768K(100352K)->34944K(96768K) Eden: 17408K(17408K)->0K(19968K) From: 51360K(82944K)->34944K(76800K)
[6.115s][info][gc,heap        ] GC(120) ParOldGen: 975106K(1020416K)->1009330K(1020416K)
[6.115s][info][gc,metaspace   ] GC(120) Metaspace: 6301K(6464K)->6301K(6464K) NonClass: 5768K(5824K)->5768K(5824K) Class: 533K(640K)->533K(640K)
[6.115s][info][gc             ] GC(120) Pause Young (Allocation Failure) 1019M->1019M(1091M) 35.137ms
[6.115s][info][gc,cpu         ] GC(120) User=0.17s Sys=0.00s Real=0.04s
[6.116s][info][gc,start       ] GC(121) Pause Full (Ergonomics)
[6.116s][info][gc,phases,start] GC(121) Marking Phase
[6.340s][info][gc,phases      ] GC(121) Marking Phase 224.542ms
[6.340s][info][gc,phases,start] GC(121) Summary Phase
[6.340s][info][gc,phases      ] GC(121) Summary Phase 0.024ms
[6.340s][info][gc,phases,start] GC(121) Adjust Roots
[6.340s][info][gc,phases      ] GC(121) Adjust Roots 0.153ms
[6.340s][info][gc,phases,start] GC(121) Compaction Phase
[6.441s][info][gc,phases      ] GC(121) Compaction Phase 100.635ms
[6.441s][info][gc,phases,start] GC(121) Post Compact
[6.443s][info][gc,phases      ] GC(121) Post Compact 1.888ms
[6.444s][info][gc,heap        ] GC(121) PSYoungGen: 34944K(96768K)->22491K(99328K) Eden: 0K(19968K)->0K(22528K) From: 34944K(76800K)->22491K(76800K)
[6.444s][info][gc,heap        ] GC(121) ParOldGen: 1009330K(1020416K)->1020142K(1136640K)
[6.444s][info][gc,metaspace   ] GC(121) Metaspace: 6301K(6464K)->6301K(6464K) NonClass: 5768K(5824K)->5768K(5824K) Class: 533K(640K)->533K(640K)
[6.444s][info][gc             ] GC(121) Pause Full (Ergonomics) 1019M->1018M(1207M) 328.066ms
[6.444s][info][gc,cpu         ] GC(121) User=2.45s Sys=0.00s Real=0.33s
[6.472s][info][gc,start       ] GC(122) Pause Young (Allocation Failure)
[6.536s][info][gc,heap        ] GC(122) PSYoungGen: 45019K(99328K)->22656K(102400K) Eden: 22528K(22528K)->0K(22528K) From: 22491K(76800K)->22656K(79872K)
[6.536s][info][gc,heap        ] GC(122) ParOldGen: 1020142K(1136640K)->1042942K(1136640K)
[6.536s][info][gc,metaspace   ] GC(122) Metaspace: 6301K(6464K)->6301K(6464K) NonClass: 5768K(5824K)->5768K(5824K) Class: 533K(640K)->533K(640K)
[6.536s][info][gc             ] GC(122) Pause Young (Allocation Failure) 1040M->1040M(1210M) 63.753ms
[6.536s][info][gc,cpu         ] GC(122) User=0.38s Sys=0.00s Real=0.06s
[6.561s][info][gc,start       ] GC(123) Pause Young (Allocation Failure)
[6.587s][info][gc,heap        ] GC(123) PSYoungGen: 45184K(102400K)->22688K(101888K) Eden: 22528K(22528K)->0K(25088K) From: 22656K(79872K)->22688K(76800K)
[6.587s][info][gc,heap        ] GC(123) ParOldGen: 1042942K(1136640K)->1065782K(1136640K)
[6.587s][info][gc,metaspace   ] GC(123) Metaspace: 6301K(6464K)->6301K(6464K) NonClass: 5768K(5824K)->5768K(5824K) Class: 533K(640K)->533K(640K)
[6.587s][info][gc             ] GC(123) Pause Young (Allocation Failure) 1062M->1062M(1209M) 26.121ms
[6.587s][info][gc,cpu         ] GC(123) User=0.12s Sys=0.00s Real=0.03s
[6.616s][info][gc,start       ] GC(124) Pause Young (Allocation Failure)
[6.643s][info][gc,heap        ] GC(124) PSYoungGen: 47776K(101888K)->25248K(102912K) Eden: 25088K(25088K)->0K(25088K) From: 22688K(76800K)->25248K(77824K)
[6.643s][info][gc,heap        ] GC(124) ParOldGen: 1065782K(1136640K)->1088622K(1136640K)
[6.643s][info][gc,metaspace   ] GC(124) Metaspace: 6301K(6464K)->6301K(6464K) NonClass: 5768K(5824K)->5768K(5824K) Class: 533K(640K)->533K(640K)
[6.643s][info][gc             ] GC(124) Pause Young (Allocation Failure) 1087M->1087M(1210M) 27.189ms
[6.643s][info][gc,cpu         ] GC(124) User=0.14s Sys=0.00s Real=0.03s
[6.671s][info][gc,start       ] GC(125) Pause Young (Allocation Failure)
[6.699s][info][gc,heap        ] GC(125) PSYoungGen: 50336K(102912K)->25280K(99328K) Eden: 25088K(25088K)->0K(27648K) From: 25248K(77824K)->25280K(71680K)
[6.699s][info][gc,heap        ] GC(125) ParOldGen: 1088622K(1136640K)->1114062K(1136640K)
[6.699s][info][gc,metaspace   ] GC(125) Metaspace: 6301K(6464K)->6301K(6464K) NonClass: 5768K(5824K)->5768K(5824K) Class: 533K(640K)->533K(640K)
[6.699s][info][gc             ] GC(125) Pause Young (Allocation Failure) 1112M->1112M(1207M) 28.530ms
[6.699s][info][gc,cpu         ] GC(125) User=0.12s Sys=0.00s Real=0.03s
[6.699s][info][gc,start       ] GC(126) Pause Full (Ergonomics)
[6.699s][info][gc,phases,start] GC(126) Marking Phase
[6.959s][info][gc,phases      ] GC(126) Marking Phase 260.185ms
[6.959s][info][gc,phases,start] GC(126) Summary Phase
[6.959s][info][gc,phases      ] GC(126) Summary Phase 0.025ms
[6.959s][info][gc,phases,start] GC(126) Adjust Roots
[6.960s][info][gc,phases      ] GC(126) Adjust Roots 0.153ms
[6.960s][info][gc,phases,start] GC(126) Compaction Phase
[7.063s][info][gc,phases      ] GC(126) Compaction Phase 103.810ms
[7.063s][info][gc,phases,start] GC(126) Post Compact
[7.065s][info][gc,phases      ] GC(126) Post Compact 1.928ms
[7.066s][info][gc,heap        ] GC(126) PSYoungGen: 25280K(99328K)->1551K(101376K) Eden: 0K(27648K)->0K(29696K) From: 25280K(71680K)->1551K(71680K)
[7.066s][info][gc,heap        ] GC(126) ParOldGen: 1114062K(1136640K)->1136181K(1261568K)
[7.066s][info][gc,metaspace   ] GC(126) Metaspace: 6301K(6464K)->6301K(6464K) NonClass: 5768K(5824K)->5768K(5824K) Class: 533K(640K)->533K(640K)
[7.066s][info][gc             ] GC(126) Pause Full (Ergonomics) 1112M->1111M(1331M) 366.845ms
[7.066s][info][gc,cpu         ] GC(126) User=2.70s Sys=0.02s Real=0.37s
[7.103s][info][gc,start       ] GC(127) Pause Young (Allocation Failure)
[7.167s][info][gc,heap        ] GC(127) PSYoungGen: 31247K(101376K)->29888K(103424K) Eden: 29696K(29696K)->0K(29696K) From: 1551K(71680K)->29888K(73728K)
[7.167s][info][gc,heap        ] GC(127) ParOldGen: 1136181K(1261568K)->1137789K(1261568K)
[7.167s][info][gc,metaspace   ] GC(127) Metaspace: 6301K(6464K)->6301K(6464K) NonClass: 5768K(5824K)->5768K(5824K) Class: 533K(640K)->533K(640K)
[7.167s][info][gc             ] GC(127) Pause Young (Allocation Failure) 1140M->1140M(1333M) 64.174ms
[7.167s][info][gc,cpu         ] GC(127) User=0.38s Sys=0.00s Real=0.06s
[7.205s][info][gc,start       ] GC(128) Pause Young (Allocation Failure)
[7.237s][info][gc,heap        ] GC(128) PSYoungGen: 59584K(103424K)->59616K(97792K) Eden: 29696K(29696K)->0K(27136K) From: 29888K(73728K)->59616K(70656K)
[7.238s][info][gc,heap        ] GC(128) ParOldGen: 1137789K(1261568K)->1137789K(1261568K)
[7.238s][info][gc,metaspace   ] GC(128) Metaspace: 6301K(6464K)->6301K(6464K) NonClass: 5768K(5824K)->5768K(5824K) Class: 533K(640K)->533K(640K)
[7.238s][info][gc             ] GC(128) Pause Young (Allocation Failure) 1169M->1169M(1327M) 32.241ms
[7.238s][info][gc,cpu         ] GC(128) User=0.14s Sys=0.00s Real=0.03s
[7.272s][info][gc,start       ] GC(129) Pause Young (Allocation Failure)
[7.316s][info][gc,heap        ] GC(129) PSYoungGen: 86752K(97792K)->76288K(103424K) Eden: 27136K(27136K)->0K(27136K) From: 59616K(70656K)->76288K(76288K)
[7.316s][info][gc,heap        ] GC(129) ParOldGen: 1137789K(1261568K)->1148269K(1261568K)
[7.316s][info][gc,metaspace   ] GC(129) Metaspace: 6301K(6464K)->6301K(6464K) NonClass: 5768K(5824K)->5768K(5824K) Class: 533K(640K)->533K(640K)
[7.316s][info][gc             ] GC(129) Pause Young (Allocation Failure) 1195M->1195M(1333M) 44.250ms
[7.316s][info][gc,cpu         ] GC(129) User=0.27s Sys=0.00s Real=0.04s
[7.350s][info][gc,start       ] GC(130) Pause Young (Allocation Failure)
[7.407s][info][gc,heap        ] GC(130) PSYoungGen: 103424K(103424K)->51424K(118784K) Eden: 27136K(27136K)->0K(30208K) From: 76288K(76288K)->51424K(88576K)
[7.407s][info][gc,heap        ] GC(130) ParOldGen: 1148269K(1261568K)->1201077K(1261568K)
[7.407s][info][gc,metaspace   ] GC(130) Metaspace: 6301K(6464K)->6301K(6464K) NonClass: 5768K(5824K)->5768K(5824K) Class: 533K(640K)->533K(640K)
[7.407s][info][gc             ] GC(130) Pause Young (Allocation Failure) 1222M->1223M(1348M) 57.328ms
[7.407s][info][gc,cpu         ] GC(130) User=0.38s Sys=0.02s Real=0.06s
[7.445s][info][gc,start       ] GC(131) Pause Young (Allocation Failure)
[7.489s][info][gc,heap        ] GC(131) PSYoungGen: 81632K(118784K)->57536K(119808K) Eden: 30208K(30208K)->0K(30208K) From: 51424K(88576K)->57536K(89600K)
[7.489s][info][gc,heap        ] GC(131) ParOldGen: 1201077K(1261568K)->1225493K(1261568K)
[7.489s][info][gc,metaspace   ] GC(131) Metaspace: 6301K(6464K)->6301K(6464K) NonClass: 5768K(5824K)->5768K(5824K) Class: 533K(640K)->533K(640K)
[7.489s][info][gc             ] GC(131) Pause Young (Allocation Failure) 1252M->1252M(1349M) 44.163ms
[7.489s][info][gc,cpu         ] GC(131) User=0.25s Sys=0.02s Real=0.04s
[7.489s][info][gc,start       ] GC(132) Pause Full (Ergonomics)
[7.489s][info][gc,phases,start] GC(132) Marking Phase
[7.779s][info][gc,phases      ] GC(132) Marking Phase 289.426ms
[7.779s][info][gc,phases,start] GC(132) Summary Phase
[7.779s][info][gc,phases      ] GC(132) Summary Phase 0.033ms
[7.779s][info][gc,phases,start] GC(132) Adjust Roots
[7.779s][info][gc,phases      ] GC(132) Adjust Roots 0.173ms
[7.779s][info][gc,phases,start] GC(132) Compaction Phase
[7.892s][info][gc,phases      ] GC(132) Compaction Phase 112.552ms
[7.892s][info][gc,phases,start] GC(132) Post Compact
[7.894s][info][gc,phases      ] GC(132) Post Compact 2.103ms
[7.894s][info][gc,heap        ] GC(132) PSYoungGen: 57536K(119808K)->19982K(119808K) Eden: 0K(30208K)->0K(30208K) From: 57536K(89600K)->19982K(89600K)
[7.894s][info][gc,heap        ] GC(132) ParOldGen: 1225493K(1261568K)->1261470K(1402880K)
[7.894s][info][gc,metaspace   ] GC(132) Metaspace: 6301K(6464K)->6301K(6464K) NonClass: 5768K(5824K)->5768K(5824K) Class: 533K(640K)->533K(640K)
[7.894s][info][gc             ] GC(132) Pause Full (Ergonomics) 1252M->1251M(1487M) 405.101ms
[7.894s][info][gc,cpu         ] GC(132) User=3.00s Sys=0.00s Real=0.40s
[7.930s][info][gc,start       ] GC(133) Pause Young (Allocation Failure)
[8.006s][info][gc,heap        ] GC(133) PSYoungGen: 50190K(119808K)->34368K(117760K) Eden: 30208K(30208K)->0K(33280K) From: 19982K(89600K)->34368K(84480K)
[8.006s][info][gc,heap        ] GC(133) ParOldGen: 1261470K(1402880K)->1272614K(1402880K)
[8.006s][info][gc,metaspace   ] GC(133) Metaspace: 6301K(6464K)->6301K(6464K) NonClass: 5768K(5824K)->5768K(5824K) Class: 533K(640K)->533K(640K)
[8.006s][info][gc             ] GC(133) Pause Young (Allocation Failure) 1280M->1276M(1485M) 75.927ms
[8.006s][info][gc,cpu         ] GC(133) User=0.42s Sys=0.00s Real=0.08s
[8.037s][info][gc,start       ] GC(134) Pause Young (Allocation Failure)
[8.070s][info][gc,heap        ] GC(134) PSYoungGen: 67648K(117760K)->54336K(120832K) Eden: 33280K(33280K)->0K(33280K) From: 34368K(84480K)->54336K(87552K)
[8.070s][info][gc,heap        ] GC(134) ParOldGen: 1272614K(1402880K)->1272614K(1402880K)
[8.070s][info][gc,metaspace   ] GC(134) Metaspace: 6301K(6464K)->6301K(6464K) NonClass: 5768K(5824K)->5768K(5824K) Class: 533K(640K)->533K(640K)
[8.070s][info][gc             ] GC(134) Pause Young (Allocation Failure) 1308M->1295M(1488M) 32.971ms
[8.070s][info][gc,cpu         ] GC(134) User=0.16s Sys=0.00s Real=0.03s
[8.114s][info][gc,start       ] GC(135) Pause Young (Allocation Failure)
[8.163s][info][gc,heap        ] GC(135) PSYoungGen: 87616K(120832K)->87040K(112128K) Eden: 33280K(33280K)->0K(25088K) From: 54336K(87552K)->87040K(87040K)
[8.163s][info][gc,heap        ] GC(135) ParOldGen: 1272614K(1402880K)->1273238K(1402880K)
[8.163s][info][gc,metaspace   ] GC(135) Metaspace: 6301K(6464K)->6301K(6464K) NonClass: 5768K(5824K)->5768K(5824K) Class: 533K(640K)->533K(640K)
[8.163s][info][gc             ] GC(135) Pause Young (Allocation Failure) 1328M->1328M(1479M) 49.125ms
[8.163s][info][gc,cpu         ] GC(135) User=0.27s Sys=0.02s Real=0.05s
[8.194s][info][gc,start       ] GC(136) Pause Young (Allocation Failure)
[8.257s][info][gc,heap        ] GC(136) PSYoungGen: 112128K(112128K)->78464K(123904K) Eden: 25088K(25088K)->0K(25088K) From: 87040K(87040K)->78464K(98816K)
[8.257s][info][gc,heap        ] GC(136) ParOldGen: 1273238K(1402880K)->1307462K(1402880K)
[8.257s][info][gc,metaspace   ] GC(136) Metaspace: 6301K(6464K)->6301K(6464K) NonClass: 5768K(5824K)->5768K(5824K) Class: 533K(640K)->533K(640K)
[8.257s][info][gc             ] GC(136) Pause Young (Allocation Failure) 1352M->1353M(1491M) 62.951ms
[8.257s][info][gc,cpu         ] GC(136) User=0.36s Sys=0.02s Real=0.06s
[8.514s][info][gc,start       ] GC(137) Pause Full (Ergonomics)
[8.514s][info][gc,phases,start] GC(137) Marking Phase
[8.828s][info][gc,phases      ] GC(137) Marking Phase 313.800ms
[8.828s][info][gc,phases,start] GC(137) Summary Phase
[8.828s][info][gc,phases      ] GC(137) Summary Phase 0.029ms
[8.828s][info][gc,phases,start] GC(137) Adjust Roots
[8.829s][info][gc,phases      ] GC(137) Adjust Roots 0.244ms
[8.829s][info][gc,phases,start] GC(137) Compaction Phase
[9.163s][info][gc,phases      ] GC(137) Compaction Phase 334.733ms
[9.163s][info][gc,phases,start] GC(137) Post Compact
[9.166s][info][gc,phases      ] GC(137) Post Compact 2.950ms
[9.167s][info][gc,heap        ] GC(137) PSYoungGen: 103552K(123904K)->40278K(123904K) Eden: 25088K(25088K)->0K(25088K) From: 78464K(98816K)->40278K(98816K)
[9.167s][info][gc,heap        ] GC(137) ParOldGen: 1372998K(1402880K)->1402427K(1553920K)
[9.167s][info][gc,metaspace   ] GC(137) Metaspace: 6301K(6464K)->6301K(6464K) NonClass: 5768K(5824K)->5768K(5824K) Class: 533K(640K)->533K(640K)
[9.167s][info][gc             ] GC(137) Pause Full (Ergonomics) 1441M->1408M(1638M) 652.649ms
[9.167s][info][gc,cpu         ] GC(137) User=4.33s Sys=0.00s Real=0.65s
[9.192s][info][gc,start       ] GC(138) Pause Young (Allocation Failure)
[9.277s][info][gc,heap        ] GC(138) PSYoungGen: 65366K(123904K)->56864K(124928K) Eden: 25088K(25088K)->0K(27648K) From: 40278K(98816K)->56864K(97280K)
[9.277s][info][gc,heap        ] GC(138) ParOldGen: 1402427K(1553920K)->1411299K(1553920K)
[9.277s][info][gc,metaspace   ] GC(138) Metaspace: 6301K(6464K)->6301K(6464K) NonClass: 5768K(5824K)->5768K(5824K) Class: 533K(640K)->533K(640K)
[9.277s][info][gc             ] GC(138) Pause Young (Allocation Failure) 1433M->1433M(1639M) 84.746ms
[9.277s][info][gc,cpu         ] GC(138) User=0.53s Sys=0.00s Real=0.09s
[9.304s][info][gc,start       ] GC(139) Pause Young (Allocation Failure)
[9.345s][info][gc,heap        ] GC(139) PSYoungGen: 84512K(124928K)->84544K(129024K) Eden: 27648K(27648K)->0K(27648K) From: 56864K(97280K)->84544K(101376K)
[9.345s][info][gc,heap        ] GC(139) ParOldGen: 1411299K(1553920K)->1411299K(1553920K)
[9.345s][info][gc,metaspace   ] GC(139) Metaspace: 6301K(6464K)->6301K(6464K) NonClass: 5768K(5824K)->5768K(5824K) Class: 533K(640K)->533K(640K)
[9.345s][info][gc             ] GC(139) Pause Young (Allocation Failure) 1460M->1460M(1643M) 40.978ms
[9.345s][info][gc,cpu         ] GC(139) User=0.27s Sys=0.00s Real=0.04s
[9.374s][info][gc,start       ] GC(140) Pause Young (Allocation Failure)
[9.426s][info][gc,heap        ] GC(140) PSYoungGen: 112192K(129024K)->108544K(123392K) Eden: 27648K(27648K)->0K(14848K) From: 84544K(101376K)->108544K(108544K)
[9.426s][info][gc,heap        ] GC(140) ParOldGen: 1411299K(1553920K)->1414899K(1553920K)
[9.426s][info][gc,metaspace   ] GC(140) Metaspace: 6301K(6464K)->6301K(6464K) NonClass: 5768K(5824K)->5768K(5824K) Class: 533K(640K)->533K(640K)
[9.426s][info][gc             ] GC(140) Pause Young (Allocation Failure) 1487M->1487M(1638M) 52.255ms
[9.426s][info][gc,cpu         ] GC(140) User=0.36s Sys=0.02s Real=0.05s
[9.440s][info][gc,start       ] GC(141) Pause Young (Allocation Failure)
[9.496s][info][gc,heap        ] GC(141) PSYoungGen: 123392K(123392K)->93152K(139264K) Eden: 14848K(14848K)->0K(14848K) From: 108544K(108544K)->93152K(124416K)
[9.497s][info][gc,heap        ] GC(141) ParOldGen: 1414899K(1553920K)->1445579K(1553920K)
[9.497s][info][gc,metaspace   ] GC(141) Metaspace: 6301K(6464K)->6301K(6464K) NonClass: 5768K(5824K)->5768K(5824K) Class: 533K(640K)->533K(640K)
[9.497s][info][gc             ] GC(141) Pause Young (Allocation Failure) 1502M->1502M(1653M) 56.475ms
[9.497s][info][gc,cpu         ] GC(141) User=0.36s Sys=0.02s Real=0.06s
[9.512s][info][gc,start       ] GC(142) Pause Young (Allocation Failure)
[9.563s][info][gc,heap        ] GC(142) PSYoungGen: 108000K(139264K)->56352K(136192K) Eden: 14848K(14848K)->0K(16896K) From: 93152K(124416K)->56352K(119296K)
[9.563s][info][gc,heap        ] GC(142) ParOldGen: 1445579K(1553920K)->1497795K(1553920K)
[9.563s][info][gc,metaspace   ] GC(142) Metaspace: 6301K(6464K)->6301K(6464K) NonClass: 5768K(5824K)->5768K(5824K) Class: 533K(640K)->533K(640K)
[9.563s][info][gc             ] GC(142) Pause Young (Allocation Failure) 1517M->1517M(1650M) 51.403ms
[9.563s][info][gc,cpu         ] GC(142) User=0.38s Sys=0.02s Real=0.05s
[9.563s][info][gc,start       ] GC(143) Pause Full (Ergonomics)
[9.563s][info][gc,phases,start] GC(143) Marking Phase
[9.907s][info][gc,phases      ] GC(143) Marking Phase 343.736ms
[9.907s][info][gc,phases,start] GC(143) Summary Phase
[9.907s][info][gc,phases      ] GC(143) Summary Phase 0.037ms
[9.907s][info][gc,phases,start] GC(143) Adjust Roots
[9.907s][info][gc,phases      ] GC(143) Adjust Roots 0.165ms
[9.907s][info][gc,phases,start] GC(143) Compaction Phase
[10.063s][info][gc,phases      ] GC(143) Compaction Phase 155.998ms
[10.063s][info][gc,phases,start] GC(143) Post Compact
[10.066s][info][gc,phases      ] GC(143) Post Compact 2.824ms
[10.066s][info][gc,heap        ] GC(143) PSYoungGen: 56352K(136192K)->0K(141312K) Eden: 0K(16896K)->0K(16896K) From: 56352K(119296K)->0K(124416K)
[10.066s][info][gc,heap        ] GC(143) ParOldGen: 1497795K(1553920K)->1552623K(1570304K)
[10.066s][info][gc,metaspace   ] GC(143) Metaspace: 6301K(6464K)->6301K(6464K) NonClass: 5768K(5824K)->5768K(5824K) Class: 533K(640K)->533K(640K)
[10.066s][info][gc             ] GC(143) Pause Full (Ergonomics) 1517M->1516M(1671M) 503.173ms
[10.066s][info][gc,cpu         ] GC(143) User=3.45s Sys=0.02s Real=0.50s
[10.086s][info][gc,start       ] GC(144) Pause Young (Allocation Failure)
[10.105s][info][gc,heap        ] GC(144) PSYoungGen: 16896K(141312K)->17024K(141824K) Eden: 16896K(16896K)->0K(17408K) From: 0K(124416K)->17024K(124416K)
[10.105s][info][gc,heap        ] GC(144) ParOldGen: 1552623K(1570304K)->1552623K(1570304K)
[10.105s][info][gc,metaspace   ] GC(144) Metaspace: 6301K(6464K)->6301K(6464K) NonClass: 5768K(5824K)->5768K(5824K) Class: 533K(640K)->533K(640K)
[10.105s][info][gc             ] GC(144) Pause Young (Allocation Failure) 1532M->1532M(1672M) 19.063ms
[10.105s][info][gc,cpu         ] GC(144) User=0.03s Sys=0.00s Real=0.02s
[10.105s][info][gc,start       ] GC(145) Pause Full (Ergonomics)
[10.105s][info][gc,phases,start] GC(145) Marking Phase
[10.447s][info][gc,phases      ] GC(145) Marking Phase 342.336ms
[10.447s][info][gc,phases,start] GC(145) Summary Phase
[10.447s][info][gc,phases      ] GC(145) Summary Phase 0.035ms
[10.447s][info][gc,phases,start] GC(145) Adjust Roots
[10.448s][info][gc,phases      ] GC(145) Adjust Roots 0.161ms
[10.448s][info][gc,phases,start] GC(145) Compaction Phase
[10.567s][info][gc,phases      ] GC(145) Compaction Phase 119.433ms
[10.567s][info][gc,phases,start] GC(145) Post Compact
[10.570s][info][gc,phases      ] GC(145) Post Compact 2.639ms
[10.570s][info][gc,heap        ] GC(145) PSYoungGen: 17024K(141824K)->0K(143872K) Eden: 0K(17408K)->0K(17408K) From: 17024K(124416K)->0K(126464K)
[10.570s][info][gc,heap        ] GC(145) ParOldGen: 1552623K(1570304K)->1569486K(1570304K)
[10.570s][info][gc,metaspace   ] GC(145) Metaspace: 6301K(6464K)->6301K(6464K) NonClass: 5768K(5824K)->5768K(5824K) Class: 533K(640K)->533K(640K)
[10.570s][info][gc             ] GC(145) Pause Full (Ergonomics) 1532M->1532M(1674M) 464.929ms
[10.570s][info][gc,cpu         ] GC(145) User=3.38s Sys=0.02s Real=0.46s
[10.589s][info][gc,start       ] GC(146) Pause Full (Ergonomics)
[10.590s][info][gc,phases,start] GC(146) Marking Phase
[10.943s][info][gc,phases      ] GC(146) Marking Phase 353.610ms
[10.943s][info][gc,phases,start] GC(146) Summary Phase
[10.943s][info][gc,phases      ] GC(146) Summary Phase 0.033ms
[10.943s][info][gc,phases,start] GC(146) Adjust Roots
[10.943s][info][gc,phases      ] GC(146) Adjust Roots 0.164ms
[10.943s][info][gc,phases,start] GC(146) Compaction Phase
[11.060s][info][gc,phases      ] GC(146) Compaction Phase 116.195ms
[11.060s][info][gc,phases,start] GC(146) Post Compact
[11.063s][info][gc,phases      ] GC(146) Post Compact 2.903ms
[11.063s][info][gc,heap        ] GC(146) PSYoungGen: 17408K(143872K)->16866K(143872K) Eden: 17408K(17408K)->16866K(17408K) From: 0K(126464K)->0K(126464K)
[11.063s][info][gc,heap        ] GC(146) ParOldGen: 1569486K(1570304K)->1569997K(1570304K)
[11.063s][info][gc,metaspace   ] GC(146) Metaspace: 6301K(6464K)->6301K(6464K) NonClass: 5768K(5824K)->5768K(5824K) Class: 533K(640K)->533K(640K)
[11.063s][info][gc             ] GC(146) Pause Full (Ergonomics) 1549M->1549M(1674M) 473.306ms
[11.063s][info][gc,cpu         ] GC(146) User=3.47s Sys=0.05s Real=0.47s
[11.064s][info][gc,start       ] GC(147) Pause Full (Ergonomics)
[11.064s][info][gc,phases,start] GC(147) Marking Phase
[11.414s][info][gc,phases      ] GC(147) Marking Phase 350.189ms
[11.414s][info][gc,phases,start] GC(147) Summary Phase
[11.414s][info][gc,phases      ] GC(147) Summary Phase 0.028ms
[11.414s][info][gc,phases,start] GC(147) Adjust Roots
[11.414s][info][gc,phases      ] GC(147) Adjust Roots 0.164ms
[11.414s][info][gc,phases,start] GC(147) Compaction Phase
[11.528s][info][gc,phases      ] GC(147) Compaction Phase 113.287ms
[11.528s][info][gc,phases,start] GC(147) Post Compact
[11.530s][info][gc,phases      ] GC(147) Post Compact 2.648ms
[11.530s][info][gc,heap        ] GC(147) PSYoungGen: 17408K(143872K)->17406K(143872K) Eden: 17408K(17408K)->17406K(17408K) From: 0K(126464K)->0K(126464K)
[11.530s][info][gc,heap        ] GC(147) ParOldGen: 1569997K(1570304K)->1569997K(1570304K)
[11.530s][info][gc,metaspace   ] GC(147) Metaspace: 6301K(6464K)->6301K(6464K) NonClass: 5768K(5824K)->5768K(5824K) Class: 533K(640K)->533K(640K)
[11.530s][info][gc             ] GC(147) Pause Full (Ergonomics) 1550M->1550M(1674M) 466.661ms
[11.530s][info][gc,cpu         ] GC(147) User=3.25s Sys=0.00s Real=0.47s
[11.531s][info][gc,start       ] GC(148) Pause Full (Ergonomics)
[11.531s][info][gc,phases,start] GC(148) Marking Phase
[11.881s][info][gc,phases      ] GC(148) Marking Phase 350.260ms
[11.881s][info][gc,phases,start] GC(148) Summary Phase
[11.881s][info][gc,phases      ] GC(148) Summary Phase 0.028ms
[11.881s][info][gc,phases,start] GC(148) Adjust Roots
[11.881s][info][gc,phases      ] GC(148) Adjust Roots 0.161ms
[11.881s][info][gc,phases,start] GC(148) Compaction Phase
[11.995s][info][gc,phases      ] GC(148) Compaction Phase 113.343ms
[11.995s][info][gc,phases,start] GC(148) Post Compact
[11.997s][info][gc,phases      ] GC(148) Post Compact 2.637ms
[11.997s][info][gc,heap        ] GC(148) PSYoungGen: 17407K(143872K)->17407K(143872K) Eden: 17407K(17408K)->17407K(17408K) From: 0K(126464K)->0K(126464K)
[11.997s][info][gc,heap        ] GC(148) ParOldGen: 1569997K(1570304K)->1569997K(1570304K)
[11.997s][info][gc,metaspace   ] GC(148) Metaspace: 6301K(6464K)->6301K(6464K) NonClass: 5768K(5824K)->5768K(5824K) Class: 533K(640K)->533K(640K)
[11.997s][info][gc             ] GC(148) Pause Full (Ergonomics) 1550M->1550M(1674M) 466.773ms
[11.997s][info][gc,cpu         ] GC(148) User=3.27s Sys=0.00s Real=0.47s
[11.998s][info][gc,start       ] GC(149) Pause Full (Ergonomics)
[11.998s][info][gc,phases,start] GC(149) Marking Phase
[12.340s][info][gc,phases      ] GC(149) Marking Phase 342.197ms
[12.340s][info][gc,phases,start] GC(149) Summary Phase
[12.340s][info][gc,phases      ] GC(149) Summary Phase 0.030ms
[12.340s][info][gc,phases,start] GC(149) Adjust Roots
[12.340s][info][gc,phases      ] GC(149) Adjust Roots 0.182ms
[12.340s][info][gc,phases,start] GC(149) Compaction Phase
[12.454s][info][gc,phases      ] GC(149) Compaction Phase 113.618ms
[12.454s][info][gc,phases,start] GC(149) Post Compact
[12.457s][info][gc,phases      ] GC(149) Post Compact 2.785ms
[12.457s][info][gc,heap        ] GC(149) PSYoungGen: 17407K(143872K)->17407K(143872K) Eden: 17407K(17408K)->17407K(17408K) From: 0K(126464K)->0K(126464K)
[12.457s][info][gc,heap        ] GC(149) ParOldGen: 1570002K(1570304K)->1570002K(1570304K)
[12.457s][info][gc,metaspace   ] GC(149) Metaspace: 6301K(6464K)->6301K(6464K) NonClass: 5768K(5824K)->5768K(5824K) Class: 533K(640K)->533K(640K)
[12.457s][info][gc             ] GC(149) Pause Full (Ergonomics) 1550M->1550M(1674M) 459.202ms
[12.457s][info][gc,cpu         ] GC(149) User=3.39s Sys=0.00s Real=0.46s
[12.457s][info][gc,start       ] GC(150) Pause Full (Ergonomics)
[12.457s][info][gc,phases,start] GC(150) Marking Phase
[12.803s][info][gc,phases      ] GC(150) Marking Phase 345.696ms
[12.803s][info][gc,phases,start] GC(150) Summary Phase
[12.803s][info][gc,phases      ] GC(150) Summary Phase 0.027ms
[12.803s][info][gc,phases,start] GC(150) Adjust Roots
[12.803s][info][gc,phases      ] GC(150) Adjust Roots 0.160ms
[12.803s][info][gc,phases,start] GC(150) Compaction Phase
[12.922s][info][gc,phases      ] GC(150) Compaction Phase 118.447ms
[12.922s][info][gc,phases,start] GC(150) Post Compact
[12.924s][info][gc,phases      ] GC(150) Post Compact 2.645ms
[12.924s][info][gc,heap        ] GC(150) PSYoungGen: 17407K(143872K)->17407K(143872K) Eden: 17407K(17408K)->17407K(17408K) From: 0K(126464K)->0K(126464K)
[12.924s][info][gc,heap        ] GC(150) ParOldGen: 1570007K(1570304K)->1570007K(1570304K)
[12.924s][info][gc,metaspace   ] GC(150) Metaspace: 6301K(6464K)->6301K(6464K) NonClass: 5768K(5824K)->5768K(5824K) Class: 533K(640K)->533K(640K)
[12.924s][info][gc             ] GC(150) Pause Full (Ergonomics) 1550M->1550M(1674M) 467.293ms
[12.924s][info][gc,cpu         ] GC(150) User=3.27s Sys=0.00s Real=0.47s
[12.925s][info][gc,start       ] GC(151) Pause Full (Ergonomics)
[12.925s][info][gc,phases,start] GC(151) Marking Phase
[13.278s][info][gc,phases      ] GC(151) Marking Phase 353.683ms
[13.278s][info][gc,phases,start] GC(151) Summary Phase
[13.278s][info][gc,phases      ] GC(151) Summary Phase 0.028ms
[13.278s][info][gc,phases,start] GC(151) Adjust Roots
[13.279s][info][gc,phases      ] GC(151) Adjust Roots 0.159ms
[13.279s][info][gc,phases,start] GC(151) Compaction Phase
[13.392s][info][gc,phases      ] GC(151) Compaction Phase 113.731ms
[13.392s][info][gc,phases,start] GC(151) Post Compact
[13.395s][info][gc,phases      ] GC(151) Post Compact 2.646ms
[13.395s][info][gc,heap        ] GC(151) PSYoungGen: 17407K(143872K)->17407K(143872K) Eden: 17407K(17408K)->17407K(17408K) From: 0K(126464K)->0K(126464K)
[13.395s][info][gc,heap        ] GC(151) ParOldGen: 1570011K(1570304K)->1570011K(1570304K)
[13.395s][info][gc,metaspace   ] GC(151) Metaspace: 6301K(6464K)->6301K(6464K) NonClass: 5768K(5824K)->5768K(5824K) Class: 533K(640K)->533K(640K)
[13.395s][info][gc             ] GC(151) Pause Full (Ergonomics) 1550M->1550M(1674M) 470.570ms
[13.395s][info][gc,cpu         ] GC(151) User=3.52s Sys=0.00s Real=0.47s
[13.395s][info][gc,start       ] GC(152) Pause Full (Ergonomics)
[13.395s][info][gc,phases,start] GC(152) Marking Phase
[13.745s][info][gc,phases      ] GC(152) Marking Phase 349.343ms
[13.745s][info][gc,phases,start] GC(152) Summary Phase
[13.745s][info][gc,phases      ] GC(152) Summary Phase 0.027ms
[13.745s][info][gc,phases,start] GC(152) Adjust Roots
[13.745s][info][gc,phases      ] GC(152) Adjust Roots 0.169ms
[13.745s][info][gc,phases,start] GC(152) Compaction Phase
[13.863s][info][gc,phases      ] GC(152) Compaction Phase 117.671ms
[13.863s][info][gc,phases,start] GC(152) Post Compact
[13.866s][info][gc,phases      ] GC(152) Post Compact 2.777ms
[13.866s][info][gc,heap        ] GC(152) PSYoungGen: 17407K(143872K)->17407K(143872K) Eden: 17407K(17408K)->17407K(17408K) From: 0K(126464K)->0K(126464K)
[13.866s][info][gc,heap        ] GC(152) ParOldGen: 1570016K(1570304K)->1570016K(1570304K)
[13.866s][info][gc,metaspace   ] GC(152) Metaspace: 6301K(6464K)->6301K(6464K) NonClass: 5768K(5824K)->5768K(5824K) Class: 533K(640K)->533K(640K)
[13.866s][info][gc             ] GC(152) Pause Full (Ergonomics) 1550M->1550M(1674M) 470.339ms
[13.866s][info][gc,cpu         ] GC(152) User=3.41s Sys=0.00s Real=0.47s
[13.866s][info][gc,start       ] GC(153) Pause Full (Ergonomics)
[13.866s][info][gc,phases,start] GC(153) Marking Phase
[14.229s][info][gc,phases      ] GC(153) Marking Phase 362.570ms
[14.229s][info][gc,phases,start] GC(153) Summary Phase
[14.229s][info][gc,phases      ] GC(153) Summary Phase 0.027ms
[14.229s][info][gc,phases,start] GC(153) Adjust Roots
[14.229s][info][gc,phases      ] GC(153) Adjust Roots 0.159ms
[14.229s][info][gc,phases,start] GC(153) Compaction Phase
[14.347s][info][gc,phases      ] GC(153) Compaction Phase 118.501ms
[14.347s][info][gc,phases,start] GC(153) Post Compact
[14.350s][info][gc,phases      ] GC(153) Post Compact 2.647ms
[14.350s][info][gc,heap        ] GC(153) PSYoungGen: 17407K(143872K)->17407K(143872K) Eden: 17407K(17408K)->17407K(17408K) From: 0K(126464K)->0K(126464K)
[14.350s][info][gc,heap        ] GC(153) ParOldGen: 1570021K(1570304K)->1570021K(1570304K)
[14.350s][info][gc,metaspace   ] GC(153) Metaspace: 6301K(6464K)->6301K(6464K) NonClass: 5768K(5824K)->5768K(5824K) Class: 533K(640K)->533K(640K)
[14.350s][info][gc             ] GC(153) Pause Full (Ergonomics) 1550M->1550M(1674M) 484.217ms
[14.350s][info][gc,cpu         ] GC(153) User=3.53s Sys=0.00s Real=0.48s
[14.350s][info][gc,start       ] GC(154) Pause Full (Ergonomics)
[14.350s][info][gc,phases,start] GC(154) Marking Phase
[14.697s][info][gc,phases      ] GC(154) Marking Phase 347.109ms
[14.698s][info][gc,phases,start] GC(154) Summary Phase
[14.698s][info][gc,phases      ] GC(154) Summary Phase 0.027ms
[14.698s][info][gc,phases,start] GC(154) Adjust Roots
[14.698s][info][gc,phases      ] GC(154) Adjust Roots 0.162ms
[14.698s][info][gc,phases,start] GC(154) Compaction Phase
[14.821s][info][gc,phases      ] GC(154) Compaction Phase 123.605ms
[14.821s][info][gc,phases,start] GC(154) Post Compact
[14.824s][info][gc,phases      ] GC(154) Post Compact 2.876ms
[14.824s][info][gc,heap        ] GC(154) PSYoungGen: 17407K(143872K)->17407K(143872K) Eden: 17407K(17408K)->17407K(17408K) From: 0K(126464K)->0K(126464K)
[14.824s][info][gc,heap        ] GC(154) ParOldGen: 1570025K(1570304K)->1570025K(1570304K)
[14.824s][info][gc,metaspace   ] GC(154) Metaspace: 6301K(6464K)->6301K(6464K) NonClass: 5768K(5824K)->5768K(5824K) Class: 533K(640K)->533K(640K)
[14.824s][info][gc             ] GC(154) Pause Full (Ergonomics) 1550M->1550M(1674M) 474.154ms
[14.825s][info][gc,cpu         ] GC(154) User=3.44s Sys=0.00s Real=0.48s
[14.825s][info][gc,start       ] GC(155) Pause Full (Ergonomics)
[14.825s][info][gc,phases,start] GC(155) Marking Phase
[15.172s][info][gc,phases      ] GC(155) Marking Phase 347.239ms
[15.172s][info][gc,phases,start] GC(155) Summary Phase
[15.172s][info][gc,phases      ] GC(155) Summary Phase 0.028ms
[15.172s][info][gc,phases,start] GC(155) Adjust Roots
[15.172s][info][gc,phases      ] GC(155) Adjust Roots 0.166ms
[15.172s][info][gc,phases,start] GC(155) Compaction Phase
[15.300s][info][gc,phases      ] GC(155) Compaction Phase 128.071ms
[15.300s][info][gc,phases,start] GC(155) Post Compact
[15.303s][info][gc,phases      ] GC(155) Post Compact 2.896ms
[15.303s][info][gc,heap        ] GC(155) PSYoungGen: 17407K(143872K)->17407K(143872K) Eden: 17407K(17408K)->17407K(17408K) From: 0K(126464K)->0K(126464K)
[15.303s][info][gc,heap        ] GC(155) ParOldGen: 1570030K(1570304K)->1570030K(1570304K)
[15.303s][info][gc,metaspace   ] GC(155) Metaspace: 6301K(6464K)->6301K(6464K) NonClass: 5768K(5824K)->5768K(5824K) Class: 533K(640K)->533K(640K)
[15.303s][info][gc             ] GC(155) Pause Full (Ergonomics) 1550M->1550M(1674M) 478.772ms
[15.304s][info][gc,cpu         ] GC(155) User=3.41s Sys=0.00s Real=0.48s
[15.304s][info][gc,start       ] GC(156) Pause Full (Ergonomics)
[15.304s][info][gc,phases,start] GC(156) Marking Phase
[15.664s][info][gc,phases      ] GC(156) Marking Phase 359.900ms
[15.664s][info][gc,phases,start] GC(156) Summary Phase
[15.664s][info][gc,phases      ] GC(156) Summary Phase 0.029ms
[15.664s][info][gc,phases,start] GC(156) Adjust Roots
[15.664s][info][gc,phases      ] GC(156) Adjust Roots 0.182ms
[15.664s][info][gc,phases,start] GC(156) Compaction Phase
[15.787s][info][gc,phases      ] GC(156) Compaction Phase 123.325ms
[15.787s][info][gc,phases,start] GC(156) Post Compact
[15.790s][info][gc,phases      ] GC(156) Post Compact 2.633ms
[15.790s][info][gc,heap        ] GC(156) PSYoungGen: 17407K(143872K)->17407K(143872K) Eden: 17407K(17408K)->17407K(17408K) From: 0K(126464K)->0K(126464K)
[15.790s][info][gc,heap        ] GC(156) ParOldGen: 1570035K(1570304K)->1570035K(1570304K)
[15.790s][info][gc,metaspace   ] GC(156) Metaspace: 6301K(6464K)->6301K(6464K) NonClass: 5768K(5824K)->5768K(5824K) Class: 533K(640K)->533K(640K)
[15.790s][info][gc             ] GC(156) Pause Full (Ergonomics) 1550M->1550M(1674M) 486.396ms
[15.790s][info][gc,cpu         ] GC(156) User=3.58s Sys=0.00s Real=0.49s
[15.790s][info][gc,start       ] GC(157) Pause Full (Ergonomics)
[15.790s][info][gc,phases,start] GC(157) Marking Phase
[16.131s][info][gc,phases      ] GC(157) Marking Phase 341.039ms
[16.131s][info][gc,phases,start] GC(157) Summary Phase
[16.132s][info][gc,phases      ] GC(157) Summary Phase 0.043ms
[16.132s][info][gc,phases,start] GC(157) Adjust Roots
[16.132s][info][gc,phases      ] GC(157) Adjust Roots 0.207ms
[16.132s][info][gc,phases,start] GC(157) Compaction Phase
[16.250s][info][gc,phases      ] GC(157) Compaction Phase 117.846ms
[16.250s][info][gc,phases,start] GC(157) Post Compact
[16.252s][info][gc,phases      ] GC(157) Post Compact 2.678ms
[16.252s][info][gc,heap        ] GC(157) PSYoungGen: 17407K(143872K)->17407K(143872K) Eden: 17407K(17408K)->17407K(17408K) From: 0K(126464K)->0K(126464K)
[16.252s][info][gc,heap        ] GC(157) ParOldGen: 1570039K(1570304K)->1570039K(1570304K)
[16.252s][info][gc,metaspace   ] GC(157) Metaspace: 6301K(6464K)->6301K(6464K) NonClass: 5768K(5824K)->5768K(5824K) Class: 533K(640K)->533K(640K)
[16.252s][info][gc             ] GC(157) Pause Full (Ergonomics) 1550M->1550M(1674M) 462.181ms
[16.253s][info][gc,cpu         ] GC(157) User=3.39s Sys=0.00s Real=0.46s
[16.253s][info][gc,start       ] GC(158) Pause Full (Ergonomics)
[16.253s][info][gc,phases,start] GC(158) Marking Phase
[16.605s][info][gc,phases      ] GC(158) Marking Phase 351.830ms
[16.605s][info][gc,phases,start] GC(158) Summary Phase
[16.605s][info][gc,phases      ] GC(158) Summary Phase 0.028ms
[16.605s][info][gc,phases,start] GC(158) Adjust Roots
[16.605s][info][gc,phases      ] GC(158) Adjust Roots 0.160ms
[16.605s][info][gc,phases,start] GC(158) Compaction Phase
[16.720s][info][gc,phases      ] GC(158) Compaction Phase 114.791ms
[16.720s][info][gc,phases,start] GC(158) Post Compact
[16.723s][info][gc,phases      ] GC(158) Post Compact 2.877ms
[16.723s][info][gc,heap        ] GC(158) PSYoungGen: 17407K(143872K)->17407K(143872K) Eden: 17407K(17408K)->17407K(17408K) From: 0K(126464K)->0K(126464K)
[16.723s][info][gc,heap        ] GC(158) ParOldGen: 1570044K(1570304K)->1570044K(1570304K)
[16.723s][info][gc,metaspace   ] GC(158) Metaspace: 6301K(6464K)->6301K(6464K) NonClass: 5768K(5824K)->5768K(5824K) Class: 533K(640K)->533K(640K)
[16.723s][info][gc             ] GC(158) Pause Full (Ergonomics) 1550M->1550M(1674M) 470.056ms
[16.723s][info][gc,cpu         ] GC(158) User=3.28s Sys=0.00s Real=0.47s
[16.723s][info][gc,start       ] GC(159) Pause Full (Ergonomics)
[16.723s][info][gc,phases,start] GC(159) Marking Phase
[17.073s][info][gc,phases      ] GC(159) Marking Phase 350.352ms
[17.073s][info][gc,phases,start] GC(159) Summary Phase
[17.073s][info][gc,phases      ] GC(159) Summary Phase 0.032ms
[17.073s][info][gc,phases,start] GC(159) Adjust Roots
[17.074s][info][gc,phases      ] GC(159) Adjust Roots 0.222ms
[17.074s][info][gc,phases,start] GC(159) Compaction Phase
[17.199s][info][gc,phases      ] GC(159) Compaction Phase 124.833ms
[17.199s][info][gc,phases,start] GC(159) Post Compact
[17.201s][info][gc,phases      ] GC(159) Post Compact 2.644ms
[17.201s][info][gc,heap        ] GC(159) PSYoungGen: 17407K(143872K)->17407K(143872K) Eden: 17407K(17408K)->17407K(17408K) From: 0K(126464K)->0K(126464K)
[17.201s][info][gc,heap        ] GC(159) ParOldGen: 1570049K(1570304K)->1570049K(1570304K)
[17.201s][info][gc,metaspace   ] GC(159) Metaspace: 6301K(6464K)->6301K(6464K) NonClass: 5768K(5824K)->5768K(5824K) Class: 533K(640K)->533K(640K)
[17.201s][info][gc             ] GC(159) Pause Full (Ergonomics) 1550M->1550M(1674M) 478.434ms
[17.201s][info][gc,cpu         ] GC(159) User=3.50s Sys=0.00s Real=0.48s
[17.202s][info][gc,start       ] GC(160) Pause Full (Ergonomics)
[17.202s][info][gc,phases,start] GC(160) Marking Phase
[17.559s][info][gc,phases      ] GC(160) Marking Phase 357.625ms
[17.559s][info][gc,phases,start] GC(160) Summary Phase
[17.559s][info][gc,phases      ] GC(160) Summary Phase 0.027ms
[17.559s][info][gc,phases,start] GC(160) Adjust Roots
[17.560s][info][gc,phases      ] GC(160) Adjust Roots 0.162ms
[17.560s][info][gc,phases,start] GC(160) Compaction Phase
[17.681s][info][gc,phases      ] GC(160) Compaction Phase 121.114ms
[17.681s][info][gc,phases,start] GC(160) Post Compact
[17.683s][info][gc,phases      ] GC(160) Post Compact 2.643ms
[17.684s][info][gc,heap        ] GC(160) PSYoungGen: 17407K(143872K)->17407K(143872K) Eden: 17407K(17408K)->17407K(17408K) From: 0K(126464K)->0K(126464K)
[17.684s][info][gc,heap        ] GC(160) ParOldGen: 1570053K(1570304K)->1570053K(1570304K)
[17.684s][info][gc,metaspace   ] GC(160) Metaspace: 6301K(6464K)->6301K(6464K) NonClass: 5768K(5824K)->5768K(5824K) Class: 533K(640K)->533K(640K)
[17.684s][info][gc             ] GC(160) Pause Full (Ergonomics) 1550M->1550M(1674M) 481.911ms
[17.684s][info][gc,cpu         ] GC(160) User=3.48s Sys=0.00s Real=0.48s
[17.684s][info][gc,start       ] GC(161) Pause Full (Ergonomics)
[17.684s][info][gc,phases,start] GC(161) Marking Phase
[18.033s][info][gc,phases      ] GC(161) Marking Phase 348.694ms
[18.033s][info][gc,phases,start] GC(161) Summary Phase
[18.033s][info][gc,phases      ] GC(161) Summary Phase 0.029ms
[18.033s][info][gc,phases,start] GC(161) Adjust Roots
[18.033s][info][gc,phases      ] GC(161) Adjust Roots 0.164ms
[18.033s][info][gc,phases,start] GC(161) Compaction Phase
[18.164s][info][gc,phases      ] GC(161) Compaction Phase 130.729ms
[18.164s][info][gc,phases,start] GC(161) Post Compact
[18.166s][info][gc,phases      ] GC(161) Post Compact 2.651ms
[18.166s][info][gc,heap        ] GC(161) PSYoungGen: 17407K(143872K)->17407K(143872K) Eden: 17407K(17408K)->17407K(17408K) From: 0K(126464K)->0K(126464K)
[18.166s][info][gc,heap        ] GC(161) ParOldGen: 1570058K(1570304K)->1570058K(1570304K)
[18.166s][info][gc,metaspace   ] GC(161) Metaspace: 6301K(6464K)->6301K(6464K) NonClass: 5768K(5824K)->5768K(5824K) Class: 533K(640K)->533K(640K)
[18.166s][info][gc             ] GC(161) Pause Full (Ergonomics) 1550M->1550M(1674M) 482.609ms
[18.166s][info][gc,cpu         ] GC(161) User=3.42s Sys=0.00s Real=0.48s
[18.167s][info][gc,start       ] GC(162) Pause Full (Ergonomics)
[18.167s][info][gc,phases,start] GC(162) Marking Phase
[18.522s][info][gc,phases      ] GC(162) Marking Phase 355.189ms
[18.522s][info][gc,phases,start] GC(162) Summary Phase
[18.522s][info][gc,phases      ] GC(162) Summary Phase 0.029ms
[18.522s][info][gc,phases,start] GC(162) Adjust Roots
[18.522s][info][gc,phases      ] GC(162) Adjust Roots 0.235ms
[18.522s][info][gc,phases,start] GC(162) Compaction Phase
[18.640s][info][gc,phases      ] GC(162) Compaction Phase 117.288ms
[18.640s][info][gc,phases,start] GC(162) Post Compact
[18.643s][info][gc,phases      ] GC(162) Post Compact 2.915ms
[18.643s][info][gc,heap        ] GC(162) PSYoungGen: 17407K(143872K)->17407K(143872K) Eden: 17407K(17408K)->17407K(17408K) From: 0K(126464K)->0K(126464K)
[18.643s][info][gc,heap        ] GC(162) ParOldGen: 1570063K(1570304K)->1570063K(1570304K)
[18.643s][info][gc,metaspace   ] GC(162) Metaspace: 6301K(6464K)->6301K(6464K) NonClass: 5768K(5824K)->5768K(5824K) Class: 533K(640K)->533K(640K)
[18.643s][info][gc             ] GC(162) Pause Full (Ergonomics) 1550M->1550M(1674M) 476.160ms
[18.643s][info][gc,cpu         ] GC(162) User=3.52s Sys=0.00s Real=0.48s
[18.643s][info][gc,start       ] GC(163) Pause Full (Ergonomics)
[18.643s][info][gc,phases,start] GC(163) Marking Phase
[18.983s][info][gc,phases      ] GC(163) Marking Phase 340.189ms
[18.983s][info][gc,phases,start] GC(163) Summary Phase
[18.983s][info][gc,phases      ] GC(163) Summary Phase 0.027ms
[18.983s][info][gc,phases,start] GC(163) Adjust Roots
[18.984s][info][gc,phases      ] GC(163) Adjust Roots 0.163ms
[18.984s][info][gc,phases,start] GC(163) Compaction Phase
[19.100s][info][gc,phases      ] GC(163) Compaction Phase 116.122ms
[19.100s][info][gc,phases,start] GC(163) Post Compact
[19.103s][info][gc,phases      ] GC(163) Post Compact 2.761ms
[19.103s][info][gc,heap        ] GC(163) PSYoungGen: 17407K(143872K)->17407K(143872K) Eden: 17407K(17408K)->17407K(17408K) From: 0K(126464K)->0K(126464K)
[19.103s][info][gc,heap        ] GC(163) ParOldGen: 1570067K(1570304K)->1570067K(1570304K)
[19.103s][info][gc,metaspace   ] GC(163) Metaspace: 6301K(6464K)->6301K(6464K) NonClass: 5768K(5824K)->5768K(5824K) Class: 533K(640K)->533K(640K)
[19.103s][info][gc             ] GC(163) Pause Full (Ergonomics) 1550M->1550M(1674M) 459.614ms
[19.103s][info][gc,cpu         ] GC(163) User=3.27s Sys=0.00s Real=0.46s
[19.103s][info][gc,start       ] GC(164) Pause Full (Ergonomics)
[19.103s][info][gc,phases,start] GC(164) Marking Phase
[19.461s][info][gc,phases      ] GC(164) Marking Phase 358.230ms
[19.461s][info][gc,phases,start] GC(164) Summary Phase
[19.461s][info][gc,phases      ] GC(164) Summary Phase 0.027ms
[19.461s][info][gc,phases,start] GC(164) Adjust Roots
[19.461s][info][gc,phases      ] GC(164) Adjust Roots 0.186ms
[19.461s][info][gc,phases,start] GC(164) Compaction Phase
[19.581s][info][gc,phases      ] GC(164) Compaction Phase 119.424ms
[19.581s][info][gc,phases,start] GC(164) Post Compact
[19.584s][info][gc,phases      ] GC(164) Post Compact 2.643ms
[19.584s][info][gc,heap        ] GC(164) PSYoungGen: 17407K(143872K)->17407K(143872K) Eden: 17407K(17408K)->17407K(17408K) From: 0K(126464K)->0K(126464K)
[19.584s][info][gc,heap        ] GC(164) ParOldGen: 1570072K(1570304K)->1570072K(1570304K)
[19.584s][info][gc,metaspace   ] GC(164) Metaspace: 6301K(6464K)->6301K(6464K) NonClass: 5768K(5824K)->5768K(5824K) Class: 533K(640K)->533K(640K)
[19.584s][info][gc             ] GC(164) Pause Full (Ergonomics) 1550M->1550M(1674M) 480.849ms
[19.584s][info][gc,cpu         ] GC(164) User=3.53s Sys=0.02s Real=0.48s
[19.584s][info][gc,start       ] GC(165) Pause Full (Ergonomics)
[19.584s][info][gc,phases,start] GC(165) Marking Phase
[19.930s][info][gc,phases      ] GC(165) Marking Phase 346.093ms
[19.930s][info][gc,phases,start] GC(165) Summary Phase
[19.930s][info][gc,phases      ] GC(165) Summary Phase 0.027ms
[19.930s][info][gc,phases,start] GC(165) Adjust Roots
[19.930s][info][gc,phases      ] GC(165) Adjust Roots 0.166ms
[19.930s][info][gc,phases,start] GC(165) Compaction Phase
[20.057s][info][gc,phases      ] GC(165) Compaction Phase 126.161ms
[20.057s][info][gc,phases,start] GC(165) Post Compact
[20.059s][info][gc,phases      ] GC(165) Post Compact 2.641ms
[20.059s][info][gc,heap        ] GC(165) PSYoungGen: 17407K(143872K)->17407K(143872K) Eden: 17407K(17408K)->17407K(17408K) From: 0K(126464K)->0K(126464K)
[20.059s][info][gc,heap        ] GC(165) ParOldGen: 1570077K(1570304K)->1570077K(1570304K)
[20.059s][info][gc,metaspace   ] GC(165) Metaspace: 6301K(6464K)->6301K(6464K) NonClass: 5768K(5824K)->5768K(5824K) Class: 533K(640K)->533K(640K)
[20.059s][info][gc             ] GC(165) Pause Full (Ergonomics) 1550M->1550M(1674M) 475.429ms
[20.059s][info][gc,cpu         ] GC(165) User=3.44s Sys=0.00s Real=0.48s
[20.060s][info][gc,start       ] GC(166) Pause Full (Ergonomics)
[20.060s][info][gc,phases,start] GC(166) Marking Phase
[20.404s][info][gc,phases      ] GC(166) Marking Phase 344.041ms
[20.404s][info][gc,phases,start] GC(166) Summary Phase
[20.404s][info][gc,phases      ] GC(166) Summary Phase 0.027ms
[20.404s][info][gc,phases,start] GC(166) Adjust Roots
[20.404s][info][gc,phases      ] GC(166) Adjust Roots 0.161ms
[20.404s][info][gc,phases,start] GC(166) Compaction Phase
[20.526s][info][gc,phases      ] GC(166) Compaction Phase 122.157ms
[20.526s][info][gc,phases,start] GC(166) Post Compact
[20.529s][info][gc,phases      ] GC(166) Post Compact 2.665ms
[20.529s][info][gc,heap        ] GC(166) PSYoungGen: 17407K(143872K)->17407K(143872K) Eden: 17407K(17408K)->17407K(17408K) From: 0K(126464K)->0K(126464K)
[20.529s][info][gc,heap        ] GC(166) ParOldGen: 1570081K(1570304K)->1570081K(1570304K)
[20.529s][info][gc,metaspace   ] GC(166) Metaspace: 6301K(6464K)->6301K(6464K) NonClass: 5768K(5824K)->5768K(5824K) Class: 533K(640K)->533K(640K)
[20.529s][info][gc             ] GC(166) Pause Full (Ergonomics) 1550M->1550M(1674M) 469.396ms
[20.529s][info][gc,cpu         ] GC(166) User=3.44s Sys=0.00s Real=0.47s
[20.529s][info][gc,start       ] GC(167) Pause Full (Ergonomics)
[20.529s][info][gc,phases,start] GC(167) Marking Phase
[20.895s][info][gc,phases      ] GC(167) Marking Phase 365.508ms
[20.895s][info][gc,phases,start] GC(167) Summary Phase
[20.895s][info][gc,phases      ] GC(167) Summary Phase 0.046ms
[20.895s][info][gc,phases,start] GC(167) Adjust Roots
[20.895s][info][gc,phases      ] GC(167) Adjust Roots 0.198ms
[20.895s][info][gc,phases,start] GC(167) Compaction Phase
[21.015s][info][gc,phases      ] GC(167) Compaction Phase 119.594ms
[21.015s][info][gc,phases,start] GC(167) Post Compact
[21.017s][info][gc,phases      ] GC(167) Post Compact 2.642ms
[21.017s][info][gc,heap        ] GC(167) PSYoungGen: 17407K(143872K)->17407K(143872K) Eden: 17407K(17408K)->17407K(17408K) From: 0K(126464K)->0K(126464K)
[21.017s][info][gc,heap        ] GC(167) ParOldGen: 1570086K(1570304K)->1570086K(1570304K)
[21.017s][info][gc,metaspace   ] GC(167) Metaspace: 6301K(6464K)->6301K(6464K) NonClass: 5768K(5824K)->5768K(5824K) Class: 533K(640K)->533K(640K)
[21.018s][info][gc             ] GC(167) Pause Full (Ergonomics) 1550M->1550M(1674M) 488.358ms
[21.018s][info][gc,cpu         ] GC(167) User=3.42s Sys=0.00s Real=0.49s
[21.018s][info][gc,start       ] GC(168) Pause Full (Ergonomics)
[21.018s][info][gc,phases,start] GC(168) Marking Phase
[21.387s][info][gc,phases      ] GC(168) Marking Phase 369.003ms
[21.387s][info][gc,phases,start] GC(168) Summary Phase
[21.387s][info][gc,phases      ] GC(168) Summary Phase 0.027ms
[21.387s][info][gc,phases,start] GC(168) Adjust Roots
[21.387s][info][gc,phases      ] GC(168) Adjust Roots 0.167ms
[21.387s][info][gc,phases,start] GC(168) Compaction Phase
[21.505s][info][gc,phases      ] GC(168) Compaction Phase 118.344ms
[21.506s][info][gc,phases,start] GC(168) Post Compact
[21.508s][info][gc,phases      ] GC(168) Post Compact 2.792ms
[21.508s][info][gc,heap        ] GC(168) PSYoungGen: 17407K(143872K)->17407K(143872K) Eden: 17407K(17408K)->17407K(17408K) From: 0K(126464K)->0K(126464K)
[21.508s][info][gc,heap        ] GC(168) ParOldGen: 1570091K(1570304K)->1570091K(1570304K)
[21.508s][info][gc,metaspace   ] GC(168) Metaspace: 6301K(6464K)->6301K(6464K) NonClass: 5768K(5824K)->5768K(5824K) Class: 533K(640K)->533K(640K)
[21.508s][info][gc             ] GC(168) Pause Full (Ergonomics) 1550M->1550M(1674M) 490.700ms
[21.509s][info][gc,cpu         ] GC(168) User=3.66s Sys=0.00s Real=0.49s
[21.509s][info][gc,start       ] GC(169) Pause Full (Ergonomics)
[21.509s][info][gc,phases,start] GC(169) Marking Phase
[21.865s][info][gc,phases      ] GC(169) Marking Phase 356.083ms
[21.865s][info][gc,phases,start] GC(169) Summary Phase
[21.865s][info][gc,phases      ] GC(169) Summary Phase 0.033ms
[21.865s][info][gc,phases,start] GC(169) Adjust Roots
[21.865s][info][gc,phases      ] GC(169) Adjust Roots 0.163ms
[21.865s][info][gc,phases,start] GC(169) Compaction Phase
[21.981s][info][gc,phases      ] GC(169) Compaction Phase 115.407ms
[21.981s][info][gc,phases,start] GC(169) Post Compact
[21.983s][info][gc,phases      ] GC(169) Post Compact 2.818ms
[21.984s][info][gc,heap        ] GC(169) PSYoungGen: 17407K(143872K)->17407K(143872K) Eden: 17407K(17408K)->17407K(17408K) From: 0K(126464K)->0K(126464K)
[21.984s][info][gc,heap        ] GC(169) ParOldGen: 1570095K(1570304K)->1570095K(1570304K)
[21.984s][info][gc,metaspace   ] GC(169) Metaspace: 6301K(6464K)->6301K(6464K) NonClass: 5768K(5824K)->5768K(5824K) Class: 533K(640K)->533K(640K)
[21.984s][info][gc             ] GC(169) Pause Full (Ergonomics) 1550M->1550M(1674M) 474.872ms
[21.984s][info][gc,cpu         ] GC(169) User=3.55s Sys=0.00s Real=0.48s
[21.984s][info][gc,start       ] GC(170) Pause Full (Ergonomics)
[21.984s][info][gc,phases,start] GC(170) Marking Phase
[22.332s][info][gc,phases      ] GC(170) Marking Phase 347.687ms
[22.332s][info][gc,phases,start] GC(170) Summary Phase
[22.332s][info][gc,phases      ] GC(170) Summary Phase 0.028ms
[22.332s][info][gc,phases,start] GC(170) Adjust Roots
[22.332s][info][gc,phases      ] GC(170) Adjust Roots 0.163ms
[22.332s][info][gc,phases,start] GC(170) Compaction Phase
[22.467s][info][gc,phases      ] GC(170) Compaction Phase 135.032ms
[22.467s][info][gc,phases,start] GC(170) Post Compact
[22.470s][info][gc,phases      ] GC(170) Post Compact 2.641ms
[22.470s][info][gc,heap        ] GC(170) PSYoungGen: 17407K(143872K)->17407K(143872K) Eden: 17407K(17408K)->17407K(17408K) From: 0K(126464K)->0K(126464K)
[22.470s][info][gc,heap        ] GC(170) ParOldGen: 1570100K(1570304K)->1570100K(1570304K)
[22.470s][info][gc,metaspace   ] GC(170) Metaspace: 6301K(6464K)->6301K(6464K) NonClass: 5768K(5824K)->5768K(5824K) Class: 533K(640K)->533K(640K)
[22.470s][info][gc             ] GC(170) Pause Full (Ergonomics) 1550M->1550M(1674M) 485.893ms
[22.470s][info][gc,cpu         ] GC(170) User=3.31s Sys=0.00s Real=0.49s
[22.470s][info][gc,start       ] GC(171) Pause Full (Ergonomics)
[22.470s][info][gc,phases,start] GC(171) Marking Phase
[22.822s][info][gc,phases      ] GC(171) Marking Phase 351.890ms
[22.822s][info][gc,phases,start] GC(171) Summary Phase
[22.822s][info][gc,phases      ] GC(171) Summary Phase 0.028ms
[22.822s][info][gc,phases,start] GC(171) Adjust Roots
[22.822s][info][gc,phases      ] GC(171) Adjust Roots 0.159ms
[22.822s][info][gc,phases,start] GC(171) Compaction Phase
[22.953s][info][gc,phases      ] GC(171) Compaction Phase 130.411ms
[22.953s][info][gc,phases,start] GC(171) Post Compact
[22.955s][info][gc,phases      ] GC(171) Post Compact 2.646ms
[22.955s][info][gc,heap        ] GC(171) PSYoungGen: 17407K(143872K)->17407K(143872K) Eden: 17407K(17408K)->17407K(17408K) From: 0K(126464K)->0K(126464K)
[22.955s][info][gc,heap        ] GC(171) ParOldGen: 1570105K(1570304K)->1570105K(1570304K)
[22.955s][info][gc,metaspace   ] GC(171) Metaspace: 6301K(6464K)->6301K(6464K) NonClass: 5768K(5824K)->5768K(5824K) Class: 533K(640K)->533K(640K)
[22.955s][info][gc             ] GC(171) Pause Full (Ergonomics) 1550M->1550M(1674M) 485.470ms
[22.955s][info][gc,cpu         ] GC(171) User=3.27s Sys=0.00s Real=0.48s
[22.956s][info][gc,start       ] GC(172) Pause Full (Ergonomics)
[22.956s][info][gc,phases,start] GC(172) Marking Phase
[23.307s][info][gc,phases      ] GC(172) Marking Phase 350.864ms
[23.307s][info][gc,phases,start] GC(172) Summary Phase
[23.307s][info][gc,phases      ] GC(172) Summary Phase 0.028ms
[23.307s][info][gc,phases,start] GC(172) Adjust Roots
[23.307s][info][gc,phases      ] GC(172) Adjust Roots 0.161ms
[23.307s][info][gc,phases,start] GC(172) Compaction Phase
[23.425s][info][gc,phases      ] GC(172) Compaction Phase 118.625ms
[23.426s][info][gc,phases,start] GC(172) Post Compact
[23.428s][info][gc,phases      ] GC(172) Post Compact 2.860ms
[23.428s][info][gc,heap        ] GC(172) PSYoungGen: 17407K(143872K)->17407K(143872K) Eden: 17407K(17408K)->17407K(17408K) From: 0K(126464K)->0K(126464K)
[23.429s][info][gc,heap        ] GC(172) ParOldGen: 1570109K(1570304K)->1570109K(1570304K)
[23.429s][info][gc,metaspace   ] GC(172) Metaspace: 6301K(6464K)->6301K(6464K) NonClass: 5768K(5824K)->5768K(5824K) Class: 533K(640K)->533K(640K)
[23.429s][info][gc             ] GC(172) Pause Full (Ergonomics) 1550M->1550M(1674M) 472.972ms
[23.429s][info][gc,cpu         ] GC(172) User=3.27s Sys=0.00s Real=0.47s
[23.429s][info][gc,start       ] GC(173) Pause Full (Ergonomics)
[23.429s][info][gc,phases,start] GC(173) Marking Phase
[23.792s][info][gc,phases      ] GC(173) Marking Phase 363.068ms
[23.792s][info][gc,phases,start] GC(173) Summary Phase
[23.792s][info][gc,phases      ] GC(173) Summary Phase 0.027ms
[23.792s][info][gc,phases,start] GC(173) Adjust Roots
[23.792s][info][gc,phases      ] GC(173) Adjust Roots 0.160ms
[23.792s][info][gc,phases,start] GC(173) Compaction Phase
[23.908s][info][gc,phases      ] GC(173) Compaction Phase 115.644ms
[23.908s][info][gc,phases,start] GC(173) Post Compact
[23.911s][info][gc,phases      ] GC(173) Post Compact 2.871ms
[23.911s][info][gc,heap        ] GC(173) PSYoungGen: 17407K(143872K)->17407K(143872K) Eden: 17407K(17408K)->17407K(17408K) From: 0K(126464K)->0K(126464K)
[23.911s][info][gc,heap        ] GC(173) ParOldGen: 1570114K(1570304K)->1570114K(1570304K)
[23.911s][info][gc,metaspace   ] GC(173) Metaspace: 6301K(6464K)->6301K(6464K) NonClass: 5768K(5824K)->5768K(5824K) Class: 533K(640K)->533K(640K)
[23.911s][info][gc             ] GC(173) Pause Full (Ergonomics) 1550M->1550M(1674M) 482.127ms
[23.911s][info][gc,cpu         ] GC(173) User=3.55s Sys=0.00s Real=0.48s
[23.911s][info][gc,start       ] GC(174) Pause Full (Ergonomics)
[23.911s][info][gc,phases,start] GC(174) Marking Phase
[24.274s][info][gc,phases      ] GC(174) Marking Phase 362.355ms
[24.274s][info][gc,phases,start] GC(174) Summary Phase
[24.274s][info][gc,phases      ] GC(174) Summary Phase 0.027ms
[24.274s][info][gc,phases,start] GC(174) Adjust Roots
[24.274s][info][gc,phases      ] GC(174) Adjust Roots 0.162ms
[24.274s][info][gc,phases,start] GC(174) Compaction Phase
[24.399s][info][gc,phases      ] GC(174) Compaction Phase 125.605ms
[24.400s][info][gc,phases,start] GC(174) Post Compact
[24.402s][info][gc,phases      ] GC(174) Post Compact 2.661ms
[24.402s][info][gc,heap        ] GC(174) PSYoungGen: 17407K(143872K)->17407K(143872K) Eden: 17407K(17408K)->17407K(17408K) From: 0K(126464K)->0K(126464K)
[24.402s][info][gc,heap        ] GC(174) ParOldGen: 1570119K(1570304K)->1570119K(1570304K)
[24.402s][info][gc,metaspace   ] GC(174) Metaspace: 6301K(6464K)->6301K(6464K) NonClass: 5768K(5824K)->5768K(5824K) Class: 533K(640K)->533K(640K)
[24.402s][info][gc             ] GC(174) Pause Full (Ergonomics) 1550M->1550M(1674M) 491.174ms
[24.402s][info][gc,cpu         ] GC(174) User=3.53s Sys=0.00s Real=0.49s
[24.403s][info][gc,start       ] GC(175) Pause Full (Ergonomics)
[24.403s][info][gc,phases,start] GC(175) Marking Phase
[24.758s][info][gc,phases      ] GC(175) Marking Phase 355.801ms
[24.758s][info][gc,phases,start] GC(175) Summary Phase
[24.759s][info][gc,phases      ] GC(175) Summary Phase 0.027ms
[24.759s][info][gc,phases,start] GC(175) Adjust Roots
[24.759s][info][gc,phases      ] GC(175) Adjust Roots 0.182ms
[24.759s][info][gc,phases,start] GC(175) Compaction Phase
[24.879s][info][gc,phases      ] GC(175) Compaction Phase 120.381ms
[24.879s][info][gc,phases,start] GC(175) Post Compact
[24.882s][info][gc,phases      ] GC(175) Post Compact 2.651ms
[24.882s][info][gc,heap        ] GC(175) PSYoungGen: 17407K(143872K)->17407K(143872K) Eden: 17407K(17408K)->17407K(17408K) From: 0K(126464K)->0K(126464K)
[24.882s][info][gc,heap        ] GC(175) ParOldGen: 1570123K(1570304K)->1570123K(1570304K)
[24.882s][info][gc,metaspace   ] GC(175) Metaspace: 6301K(6464K)->6301K(6464K) NonClass: 5768K(5824K)->5768K(5824K) Class: 533K(640K)->533K(640K)
[24.882s][info][gc             ] GC(175) Pause Full (Ergonomics) 1550M->1550M(1674M) 479.393ms
[24.882s][info][gc,cpu         ] GC(175) User=3.53s Sys=0.00s Real=0.48s
[24.882s][info][gc,start       ] GC(176) Pause Full (Ergonomics)
[24.882s][info][gc,phases,start] GC(176) Marking Phase
[25.236s][info][gc,phases      ] GC(176) Marking Phase 353.983ms
[25.236s][info][gc,phases,start] GC(176) Summary Phase
[25.236s][info][gc,phases      ] GC(176) Summary Phase 0.033ms
[25.236s][info][gc,phases,start] GC(176) Adjust Roots
[25.236s][info][gc,phases      ] GC(176) Adjust Roots 0.166ms
[25.236s][info][gc,phases,start] GC(176) Compaction Phase
[25.351s][info][gc,phases      ] GC(176) Compaction Phase 114.457ms
[25.351s][info][gc,phases,start] GC(176) Post Compact
[25.354s][info][gc,phases      ] GC(176) Post Compact 2.862ms
[25.354s][info][gc,heap        ] GC(176) PSYoungGen: 17407K(143872K)->17407K(143872K) Eden: 17407K(17408K)->17407K(17408K) From: 0K(126464K)->0K(126464K)
[25.354s][info][gc,heap        ] GC(176) ParOldGen: 1570128K(1570304K)->1570128K(1570304K)
[25.354s][info][gc,metaspace   ] GC(176) Metaspace: 6301K(6464K)->6301K(6464K) NonClass: 5768K(5824K)->5768K(5824K) Class: 533K(640K)->533K(640K)
[25.354s][info][gc             ] GC(176) Pause Full (Ergonomics) 1550M->1550M(1674M) 471.849ms
[25.354s][info][gc,cpu         ] GC(176) User=3.55s Sys=0.00s Real=0.47s
[25.354s][info][gc,start       ] GC(177) Pause Full (Ergonomics)
[25.354s][info][gc,phases,start] GC(177) Marking Phase
[25.721s][info][gc,phases      ] GC(177) Marking Phase 366.570ms
[25.721s][info][gc,phases,start] GC(177) Summary Phase
[25.721s][info][gc,phases      ] GC(177) Summary Phase 0.028ms
[25.721s][info][gc,phases,start] GC(177) Adjust Roots
[25.721s][info][gc,phases      ] GC(177) Adjust Roots 0.167ms
[25.721s][info][gc,phases,start] GC(177) Compaction Phase
[25.842s][info][gc,phases      ] GC(177) Compaction Phase 120.563ms
[25.842s][info][gc,phases,start] GC(177) Post Compact
[25.845s][info][gc,phases      ] GC(177) Post Compact 3.032ms
[25.845s][info][gc,heap        ] GC(177) PSYoungGen: 17407K(143872K)->17407K(143872K) Eden: 17407K(17408K)->17407K(17408K) From: 0K(126464K)->0K(126464K)
[25.845s][info][gc,heap        ] GC(177) ParOldGen: 1570133K(1570304K)->1570133K(1570304K)
[25.845s][info][gc,metaspace   ] GC(177) Metaspace: 6301K(6464K)->6301K(6464K) NonClass: 5768K(5824K)->5768K(5824K) Class: 533K(640K)->533K(640K)
[25.845s][info][gc             ] GC(177) Pause Full (Ergonomics) 1550M->1550M(1674M) 490.743ms
[25.845s][info][gc,cpu         ] GC(177) User=3.52s Sys=0.00s Real=0.49s
[25.845s][info][gc,start       ] GC(178) Pause Full (Ergonomics)
[25.845s][info][gc,phases,start] GC(178) Marking Phase
[26.211s][info][gc,phases      ] GC(178) Marking Phase 365.887ms
[26.211s][info][gc,phases,start] GC(178) Summary Phase
[26.211s][info][gc,phases      ] GC(178) Summary Phase 0.041ms
[26.211s][info][gc,phases,start] GC(178) Adjust Roots
[26.211s][info][gc,phases      ] GC(178) Adjust Roots 0.203ms
[26.212s][info][gc,phases,start] GC(178) Compaction Phase
[26.330s][info][gc,phases      ] GC(178) Compaction Phase 118.971ms
[26.331s][info][gc,phases,start] GC(178) Post Compact
[26.333s][info][gc,phases      ] GC(178) Post Compact 2.687ms
[26.333s][info][gc,heap        ] GC(178) PSYoungGen: 17407K(143872K)->17407K(143872K) Eden: 17407K(17408K)->17407K(17408K) From: 0K(126464K)->0K(126464K)
[26.333s][info][gc,heap        ] GC(178) ParOldGen: 1570137K(1570304K)->1570137K(1570304K)
[26.333s][info][gc,metaspace   ] GC(178) Metaspace: 6301K(6464K)->6301K(6464K) NonClass: 5768K(5824K)->5768K(5824K) Class: 533K(640K)->533K(640K)
[26.333s][info][gc             ] GC(178) Pause Full (Ergonomics) 1550M->1550M(1674M) 488.145ms
[26.333s][info][gc,cpu         ] GC(178) User=3.42s Sys=0.00s Real=0.49s
[26.334s][info][gc,start       ] GC(179) Pause Full (Ergonomics)
[26.334s][info][gc,phases,start] GC(179) Marking Phase
[26.688s][info][gc,phases      ] GC(179) Marking Phase 354.828ms
[26.689s][info][gc,phases,start] GC(179) Summary Phase
[26.689s][info][gc,phases      ] GC(179) Summary Phase 0.028ms
[26.689s][info][gc,phases,start] GC(179) Adjust Roots
[26.689s][info][gc,phases      ] GC(179) Adjust Roots 0.197ms
[26.689s][info][gc,phases,start] GC(179) Compaction Phase
[26.809s][info][gc,phases      ] GC(179) Compaction Phase 119.916ms
[26.809s][info][gc,phases,start] GC(179) Post Compact
[26.811s][info][gc,phases      ] GC(179) Post Compact 2.675ms
[26.812s][info][gc,heap        ] GC(179) PSYoungGen: 17407K(143872K)->17407K(143872K) Eden: 17407K(17408K)->17407K(17408K) From: 0K(126464K)->0K(126464K)
[26.812s][info][gc,heap        ] GC(179) ParOldGen: 1570142K(1570304K)->1570142K(1570304K)
[26.812s][info][gc,metaspace   ] GC(179) Metaspace: 6301K(6464K)->6301K(6464K) NonClass: 5768K(5824K)->5768K(5824K) Class: 533K(640K)->533K(640K)
[26.812s][info][gc             ] GC(179) Pause Full (Ergonomics) 1550M->1550M(1674M) 477.996ms
[26.812s][info][gc,cpu         ] GC(179) User=3.55s Sys=0.00s Real=0.48s
[26.812s][info][gc,start       ] GC(180) Pause Full (Ergonomics)
[26.812s][info][gc,phases,start] GC(180) Marking Phase
[27.175s][info][gc,phases      ] GC(180) Marking Phase 363.125ms
[27.175s][info][gc,phases,start] GC(180) Summary Phase
[27.175s][info][gc,phases      ] GC(180) Summary Phase 0.027ms
[27.175s][info][gc,phases,start] GC(180) Adjust Roots
[27.175s][info][gc,phases      ] GC(180) Adjust Roots 0.165ms
[27.175s][info][gc,phases,start] GC(180) Compaction Phase
[27.297s][info][gc,phases      ] GC(180) Compaction Phase 122.126ms
[27.297s][info][gc,phases,start] GC(180) Post Compact
[27.300s][info][gc,phases      ] GC(180) Post Compact 2.634ms
[27.300s][info][gc,heap        ] GC(180) PSYoungGen: 17407K(143872K)->17407K(143872K) Eden: 17407K(17408K)->17407K(17408K) From: 0K(126464K)->0K(126464K)
[27.300s][info][gc,heap        ] GC(180) ParOldGen: 1570147K(1570304K)->1570147K(1570304K)
[27.300s][info][gc,metaspace   ] GC(180) Metaspace: 6301K(6464K)->6301K(6464K) NonClass: 5768K(5824K)->5768K(5824K) Class: 533K(640K)->533K(640K)
[27.300s][info][gc             ] GC(180) Pause Full (Ergonomics) 1550M->1550M(1674M) 488.428ms
[27.300s][info][gc,cpu         ] GC(180) User=3.44s Sys=0.00s Real=0.49s
[27.300s][info][gc,start       ] GC(181) Pause Full (Ergonomics)
[27.300s][info][gc,phases,start] GC(181) Marking Phase
[27.653s][info][gc,phases      ] GC(181) Marking Phase 352.875ms
[27.653s][info][gc,phases,start] GC(181) Summary Phase
[27.653s][info][gc,phases      ] GC(181) Summary Phase 0.028ms
[27.653s][info][gc,phases,start] GC(181) Adjust Roots
[27.654s][info][gc,phases      ] GC(181) Adjust Roots 0.186ms
[27.654s][info][gc,phases,start] GC(181) Compaction Phase
[27.772s][info][gc,phases      ] GC(181) Compaction Phase 118.644ms
[27.772s][info][gc,phases,start] GC(181) Post Compact
[27.775s][info][gc,phases      ] GC(181) Post Compact 2.884ms
[27.775s][info][gc,heap        ] GC(181) PSYoungGen: 17407K(143872K)->17407K(143872K) Eden: 17407K(17408K)->17407K(17408K) From: 0K(126464K)->0K(126464K)
[27.775s][info][gc,heap        ] GC(181) ParOldGen: 1570151K(1570304K)->1570151K(1570304K)
[27.775s][info][gc,metaspace   ] GC(181) Metaspace: 6301K(6464K)->6301K(6464K) NonClass: 5768K(5824K)->5768K(5824K) Class: 533K(640K)->533K(640K)
[27.775s][info][gc             ] GC(181) Pause Full (Ergonomics) 1550M->1550M(1674M) 474.973ms
[27.775s][info][gc,cpu         ] GC(181) User=3.30s Sys=0.00s Real=0.48s
[27.776s][info][gc,start       ] GC(182) Pause Full (Ergonomics)
[27.776s][info][gc,phases,start] GC(182) Marking Phase
[28.132s][info][gc,phases      ] GC(182) Marking Phase 356.014ms
[28.132s][info][gc,phases,start] GC(182) Summary Phase
[28.132s][info][gc,phases      ] GC(182) Summary Phase 0.028ms
[28.132s][info][gc,phases,start] GC(182) Adjust Roots
[28.132s][info][gc,phases      ] GC(182) Adjust Roots 0.165ms
[28.132s][info][gc,phases,start] GC(182) Compaction Phase
[28.253s][info][gc,phases      ] GC(182) Compaction Phase 120.780ms
[28.253s][info][gc,phases,start] GC(182) Post Compact
[28.255s][info][gc,phases      ] GC(182) Post Compact 2.675ms
[28.256s][info][gc,heap        ] GC(182) PSYoungGen: 17407K(143872K)->17407K(143872K) Eden: 17407K(17408K)->17407K(17408K) From: 0K(126464K)->0K(126464K)
[28.256s][info][gc,heap        ] GC(182) ParOldGen: 1570156K(1570304K)->1570156K(1570304K)
[28.256s][info][gc,metaspace   ] GC(182) Metaspace: 6301K(6464K)->6301K(6464K) NonClass: 5768K(5824K)->5768K(5824K) Class: 533K(640K)->533K(640K)
[28.256s][info][gc             ] GC(182) Pause Full (Ergonomics) 1550M->1550M(1674M) 480.022ms
[28.256s][info][gc,cpu         ] GC(182) User=3.52s Sys=0.00s Real=0.48s
[28.256s][info][gc,start       ] GC(183) Pause Full (Ergonomics)
[28.256s][info][gc,phases,start] GC(183) Marking Phase
[28.619s][info][gc,phases      ] GC(183) Marking Phase 363.092ms
[28.619s][info][gc,phases,start] GC(183) Summary Phase
[28.619s][info][gc,phases      ] GC(183) Summary Phase 0.028ms
[28.619s][info][gc,phases,start] GC(183) Adjust Roots
[28.619s][info][gc,phases      ] GC(183) Adjust Roots 0.169ms
[28.619s][info][gc,phases,start] GC(183) Compaction Phase
[28.745s][info][gc,phases      ] GC(183) Compaction Phase 125.370ms
[28.745s][info][gc,phases,start] GC(183) Post Compact
[28.748s][info][gc,phases      ] GC(183) Post Compact 2.968ms
[28.748s][info][gc,heap        ] GC(183) PSYoungGen: 17407K(143872K)->17407K(143872K) Eden: 17407K(17408K)->17407K(17408K) From: 0K(126464K)->0K(126464K)
[28.748s][info][gc,heap        ] GC(183) ParOldGen: 1570161K(1570304K)->1570161K(1570304K)
[28.748s][info][gc,metaspace   ] GC(183) Metaspace: 6301K(6464K)->6301K(6464K) NonClass: 5768K(5824K)->5768K(5824K) Class: 533K(640K)->533K(640K)
[28.748s][info][gc             ] GC(183) Pause Full (Ergonomics) 1550M->1550M(1674M) 491.997ms
[28.748s][info][gc,cpu         ] GC(183) User=3.56s Sys=0.00s Real=0.49s
[28.748s][info][gc,start       ] GC(184) Pause Full (Ergonomics)
[28.748s][info][gc,phases,start] GC(184) Marking Phase
[29.102s][info][gc,phases      ] GC(184) Marking Phase 354.193ms
[29.102s][info][gc,phases,start] GC(184) Summary Phase
[29.102s][info][gc,phases      ] GC(184) Summary Phase 0.033ms
[29.102s][info][gc,phases,start] GC(184) Adjust Roots
[29.103s][info][gc,phases      ] GC(184) Adjust Roots 0.162ms
[29.103s][info][gc,phases,start] GC(184) Compaction Phase
[29.220s][info][gc,phases      ] GC(184) Compaction Phase 117.436ms
[29.220s][info][gc,phases,start] GC(184) Post Compact
[29.223s][info][gc,phases      ] GC(184) Post Compact 2.866ms
[29.223s][info][gc,heap        ] GC(184) PSYoungGen: 17407K(143872K)->17407K(143872K) Eden: 17407K(17408K)->17407K(17408K) From: 0K(126464K)->0K(126464K)
[29.223s][info][gc,heap        ] GC(184) ParOldGen: 1570165K(1570304K)->1570165K(1570304K)
[29.223s][info][gc,metaspace   ] GC(184) Metaspace: 6301K(6464K)->6301K(6464K) NonClass: 5768K(5824K)->5768K(5824K) Class: 533K(640K)->533K(640K)
[29.223s][info][gc             ] GC(184) Pause Full (Ergonomics) 1550M->1550M(1674M) 475.060ms
[29.223s][info][gc,cpu         ] GC(184) User=3.34s Sys=0.00s Real=0.48s
[29.223s][info][gc,start       ] GC(185) Pause Full (Ergonomics)
[29.223s][info][gc,phases,start] GC(185) Marking Phase
[29.577s][info][gc,phases      ] GC(185) Marking Phase 353.814ms
[29.577s][info][gc,phases,start] GC(185) Summary Phase
[29.577s][info][gc,phases      ] GC(185) Summary Phase 0.028ms
[29.577s][info][gc,phases,start] GC(185) Adjust Roots
[29.578s][info][gc,phases      ] GC(185) Adjust Roots 0.185ms
[29.578s][info][gc,phases,start] GC(185) Compaction Phase
[29.697s][info][gc,phases      ] GC(185) Compaction Phase 119.478ms
[29.697s][info][gc,phases,start] GC(185) Post Compact
[29.700s][info][gc,phases      ] GC(185) Post Compact 2.640ms
[29.700s][info][gc,heap        ] GC(185) PSYoungGen: 17407K(143872K)->17407K(143872K) Eden: 17407K(17408K)->17407K(17408K) From: 0K(126464K)->0K(126464K)
[29.700s][info][gc,heap        ] GC(185) ParOldGen: 1570170K(1570304K)->1570170K(1570304K)
[29.700s][info][gc,metaspace   ] GC(185) Metaspace: 6301K(6464K)->6301K(6464K) NonClass: 5768K(5824K)->5768K(5824K) Class: 533K(640K)->533K(640K)
[29.700s][info][gc             ] GC(185) Pause Full (Ergonomics) 1550M->1550M(1674M) 476.477ms
[29.700s][info][gc,cpu         ] GC(185) User=3.47s Sys=0.00s Real=0.48s
[29.700s][info][gc,start       ] GC(186) Pause Full (Ergonomics)
[29.700s][info][gc,phases,start] GC(186) Marking Phase
[30.055s][info][gc,phases      ] GC(186) Marking Phase 355.187ms
[30.055s][info][gc,phases,start] GC(186) Summary Phase
[30.055s][info][gc,phases      ] GC(186) Summary Phase 0.033ms
[30.055s][info][gc,phases,start] GC(186) Adjust Roots
[30.056s][info][gc,phases      ] GC(186) Adjust Roots 0.248ms
[30.056s][info][gc,phases,start] GC(186) Compaction Phase
[30.176s][info][gc,phases      ] GC(186) Compaction Phase 120.348ms
[30.176s][info][gc,phases,start] GC(186) Post Compact
[30.179s][info][gc,phases      ] GC(186) Post Compact 2.654ms
[30.179s][info][gc,heap        ] GC(186) PSYoungGen: 17407K(143872K)->17407K(143872K) Eden: 17407K(17408K)->17407K(17408K) From: 0K(126464K)->0K(126464K)
[30.179s][info][gc,heap        ] GC(186) ParOldGen: 1570175K(1570304K)->1570175K(1570304K)
[30.179s][info][gc,metaspace   ] GC(186) Metaspace: 6301K(6464K)->6301K(6464K) NonClass: 5768K(5824K)->5768K(5824K) Class: 533K(640K)->533K(640K)
[30.179s][info][gc             ] GC(186) Pause Full (Ergonomics) 1550M->1550M(1674M) 478.846ms
[30.179s][info][gc,cpu         ] GC(186) User=3.50s Sys=0.00s Real=0.48s
[30.179s][info][gc,start       ] GC(187) Pause Full (Ergonomics)
[30.179s][info][gc,phases,start] GC(187) Marking Phase
[30.544s][info][gc,phases      ] GC(187) Marking Phase 365.012ms
[30.544s][info][gc,phases,start] GC(187) Summary Phase
[30.544s][info][gc,phases      ] GC(187) Summary Phase 0.033ms
[30.544s][info][gc,phases,start] GC(187) Adjust Roots
[30.544s][info][gc,phases      ] GC(187) Adjust Roots 0.185ms
[30.545s][info][gc,phases,start] GC(187) Compaction Phase
[30.670s][info][gc,phases      ] GC(187) Compaction Phase 125.516ms
[30.670s][info][gc,phases,start] GC(187) Post Compact
[30.673s][info][gc,phases      ] GC(187) Post Compact 2.651ms
[30.673s][info][gc,heap        ] GC(187) PSYoungGen: 17407K(143872K)->17407K(143872K) Eden: 17407K(17408K)->17407K(17408K) From: 0K(126464K)->0K(126464K)
[30.673s][info][gc,heap        ] GC(187) ParOldGen: 1570179K(1570304K)->1570179K(1570304K)
[30.673s][info][gc,metaspace   ] GC(187) Metaspace: 6301K(6464K)->6301K(6464K) NonClass: 5768K(5824K)->5768K(5824K) Class: 533K(640K)->533K(640K)
[30.673s][info][gc             ] GC(187) Pause Full (Ergonomics) 1550M->1550M(1674M) 493.743ms
[30.673s][info][gc,cpu         ] GC(187) User=3.58s Sys=0.00s Real=0.49s
[30.673s][info][gc,start       ] GC(188) Pause Full (Ergonomics)
[30.673s][info][gc,phases,start] GC(188) Marking Phase
[31.033s][info][gc,phases      ] GC(188) Marking Phase 359.491ms
[31.033s][info][gc,phases,start] GC(188) Summary Phase
[31.033s][info][gc,phases      ] GC(188) Summary Phase 0.028ms
[31.033s][info][gc,phases,start] GC(188) Adjust Roots
[31.033s][info][gc,phases      ] GC(188) Adjust Roots 0.164ms
[31.033s][info][gc,phases,start] GC(188) Compaction Phase
[31.149s][info][gc,phases      ] GC(188) Compaction Phase 115.939ms
[31.149s][info][gc,phases,start] GC(188) Post Compact
[31.152s][info][gc,phases      ] GC(188) Post Compact 2.893ms
[31.152s][info][gc,heap        ] GC(188) PSYoungGen: 17407K(143872K)->17407K(143872K) Eden: 17407K(17408K)->17407K(17408K) From: 0K(126464K)->0K(126464K)
[31.152s][info][gc,heap        ] GC(188) ParOldGen: 1570184K(1570304K)->1570184K(1570304K)
[31.152s][info][gc,metaspace   ] GC(188) Metaspace: 6301K(6464K)->6301K(6464K) NonClass: 5768K(5824K)->5768K(5824K) Class: 533K(640K)->533K(640K)
[31.152s][info][gc             ] GC(188) Pause Full (Ergonomics) 1550M->1550M(1674M) 478.880ms
[31.152s][info][gc,cpu         ] GC(188) User=3.45s Sys=0.00s Real=0.48s
[31.152s][info][gc,start       ] GC(189) Pause Full (Ergonomics)
[31.152s][info][gc,phases,start] GC(189) Marking Phase
[31.506s][info][gc,phases      ] GC(189) Marking Phase 353.885ms
[31.506s][info][gc,phases,start] GC(189) Summary Phase
[31.506s][info][gc,phases      ] GC(189) Summary Phase 0.033ms
[31.506s][info][gc,phases,start] GC(189) Adjust Roots
[31.506s][info][gc,phases      ] GC(189) Adjust Roots 0.197ms
[31.506s][info][gc,phases,start] GC(189) Compaction Phase
[31.619s][info][gc,phases      ] GC(189) Compaction Phase 112.468ms
[31.619s][info][gc,phases,start] GC(189) Post Compact
[31.622s][info][gc,phases      ] GC(189) Post Compact 2.885ms
[31.622s][info][gc,heap        ] GC(189) PSYoungGen: 17407K(143872K)->17407K(143872K) Eden: 17407K(17408K)->17407K(17408K) From: 0K(126464K)->0K(126464K)
[31.622s][info][gc,heap        ] GC(189) ParOldGen: 1570189K(1570304K)->1570189K(1570304K)
[31.622s][info][gc,metaspace   ] GC(189) Metaspace: 6301K(6464K)->6301K(6464K) NonClass: 5768K(5824K)->5768K(5824K) Class: 533K(640K)->533K(640K)
[31.622s][info][gc             ] GC(189) Pause Full (Ergonomics) 1550M->1550M(1674M) 469.852ms
[31.622s][info][gc,cpu         ] GC(189) User=3.55s Sys=0.00s Real=0.47s
[31.622s][info][gc,start       ] GC(190) Pause Full (Ergonomics)
[31.622s][info][gc,phases,start] GC(190) Marking Phase
[31.993s][info][gc,phases      ] GC(190) Marking Phase 370.913ms
[31.993s][info][gc,phases,start] GC(190) Summary Phase
[31.993s][info][gc,phases      ] GC(190) Summary Phase 0.028ms
[31.993s][info][gc,phases,start] GC(190) Adjust Roots
[31.994s][info][gc,phases      ] GC(190) Adjust Roots 0.213ms
[31.994s][info][gc,phases,start] GC(190) Compaction Phase
[32.119s][info][gc,phases      ] GC(190) Compaction Phase 125.339ms
[32.119s][info][gc,phases,start] GC(190) Post Compact
[32.122s][info][gc,phases      ] GC(190) Post Compact 2.675ms
[32.122s][info][gc,heap        ] GC(190) PSYoungGen: 17407K(143872K)->17407K(143872K) Eden: 17407K(17408K)->17407K(17408K) From: 0K(126464K)->0K(126464K)
[32.122s][info][gc,heap        ] GC(190) ParOldGen: 1570193K(1570304K)->1570193K(1570304K)
[32.122s][info][gc,metaspace   ] GC(190) Metaspace: 6301K(6464K)->6301K(6464K) NonClass: 5768K(5824K)->5768K(5824K) Class: 533K(640K)->533K(640K)
[32.122s][info][gc             ] GC(190) Pause Full (Ergonomics) 1550M->1550M(1674M) 499.510ms
[32.122s][info][gc,cpu         ] GC(190) User=3.66s Sys=0.00s Real=0.50s
[32.122s][info][gc,start       ] GC(191) Pause Full (Ergonomics)
[32.122s][info][gc,phases,start] GC(191) Marking Phase
[32.485s][info][gc,phases      ] GC(191) Marking Phase 362.524ms
[32.485s][info][gc,phases,start] GC(191) Summary Phase
[32.485s][info][gc,phases      ] GC(191) Summary Phase 0.027ms
[32.485s][info][gc,phases,start] GC(191) Adjust Roots
[32.485s][info][gc,phases      ] GC(191) Adjust Roots 0.185ms
[32.485s][info][gc,phases,start] GC(191) Compaction Phase
[32.627s][info][gc,phases      ] GC(191) Compaction Phase 142.179ms
[32.627s][info][gc,phases,start] GC(191) Post Compact
[32.630s][info][gc,phases      ] GC(191) Post Compact 2.567ms
[32.630s][info][gc,heap        ] GC(191) PSYoungGen: 17407K(143872K)->17407K(143872K) Eden: 17407K(17408K)->17407K(17408K) From: 0K(126464K)->0K(126464K)
[32.630s][info][gc,heap        ] GC(191) ParOldGen: 1570198K(1570304K)->1570198K(1570304K)
[32.630s][info][gc,metaspace   ] GC(191) Metaspace: 6301K(6464K)->6301K(6464K) NonClass: 5768K(5824K)->5768K(5824K) Class: 533K(640K)->533K(640K)
[32.630s][info][gc             ] GC(191) Pause Full (Ergonomics) 1550M->1550M(1674M) 507.785ms
[32.630s][info][gc,cpu         ] GC(191) User=3.59s Sys=0.00s Real=0.51s
[32.630s][info][gc,start       ] GC(192) Pause Full (Ergonomics)
[32.630s][info][gc,phases,start] GC(192) Marking Phase
[32.992s][info][gc,phases      ] GC(192) Marking Phase 361.485ms
[32.992s][info][gc,phases,start] GC(192) Summary Phase
[32.992s][info][gc,phases      ] GC(192) Summary Phase 0.027ms
[32.992s][info][gc,phases,start] GC(192) Adjust Roots
[32.992s][info][gc,phases      ] GC(192) Adjust Roots 0.158ms
[32.992s][info][gc,phases,start] GC(192) Compaction Phase
[33.113s][info][gc,phases      ] GC(192) Compaction Phase 121.488ms
[33.113s][info][gc,phases,start] GC(192) Post Compact
[33.116s][info][gc,phases      ] GC(192) Post Compact 2.652ms
[33.116s][info][gc,heap        ] GC(192) PSYoungGen: 17407K(143872K)->17407K(143872K) Eden: 17407K(17408K)->17407K(17408K) From: 0K(126464K)->0K(126464K)
[33.116s][info][gc,heap        ] GC(192) ParOldGen: 1570203K(1570304K)->1570203K(1570304K)
[33.116s][info][gc,metaspace   ] GC(192) Metaspace: 6301K(6464K)->6301K(6464K) NonClass: 5768K(5824K)->5768K(5824K) Class: 533K(640K)->533K(640K)
[33.116s][info][gc             ] GC(192) Pause Full (Ergonomics) 1550M->1550M(1674M) 486.150ms
[33.116s][info][gc,cpu         ] GC(192) User=3.52s Sys=0.00s Real=0.49s
[33.116s][info][gc,start       ] GC(193) Pause Full (Ergonomics)
[33.116s][info][gc,phases,start] GC(193) Marking Phase
[33.475s][info][gc,phases      ] GC(193) Marking Phase 358.482ms
[33.475s][info][gc,phases,start] GC(193) Summary Phase
[33.475s][info][gc,phases      ] GC(193) Summary Phase 0.028ms
[33.475s][info][gc,phases,start] GC(193) Adjust Roots
[33.475s][info][gc,phases      ] GC(193) Adjust Roots 0.157ms
[33.475s][info][gc,phases,start] GC(193) Compaction Phase
[33.593s][info][gc,phases      ] GC(193) Compaction Phase 117.408ms
[33.593s][info][gc,phases,start] GC(193) Post Compact
[33.595s][info][gc,phases      ] GC(193) Post Compact 2.659ms
[33.595s][info][gc,heap        ] GC(193) PSYoungGen: 17407K(143872K)->17407K(143872K) Eden: 17407K(17408K)->17407K(17408K) From: 0K(126464K)->0K(126464K)
[33.595s][info][gc,heap        ] GC(193) ParOldGen: 1570207K(1570304K)->1570207K(1570304K)
[33.595s][info][gc,metaspace   ] GC(193) Metaspace: 6301K(6464K)->6301K(6464K) NonClass: 5768K(5824K)->5768K(5824K) Class: 533K(640K)->533K(640K)
[33.595s][info][gc             ] GC(193) Pause Full (Ergonomics) 1550M->1550M(1674M) 479.081ms
[33.595s][info][gc,cpu         ] GC(193) User=3.56s Sys=0.00s Real=0.48s
[33.596s][info][gc,start       ] GC(194) Pause Full (Ergonomics)
[33.596s][info][gc,phases,start] GC(194) Marking Phase
[33.967s][info][gc,phases      ] GC(194) Marking Phase 370.963ms
[33.967s][info][gc,phases,start] GC(194) Summary Phase
[33.967s][info][gc,phases      ] GC(194) Summary Phase 0.027ms
[33.967s][info][gc,phases,start] GC(194) Adjust Roots
[33.967s][info][gc,phases      ] GC(194) Adjust Roots 0.160ms
[33.967s][info][gc,phases,start] GC(194) Compaction Phase
[34.087s][info][gc,phases      ] GC(194) Compaction Phase 119.634ms
[34.087s][info][gc,phases,start] GC(194) Post Compact
[34.089s][info][gc,phases      ] GC(194) Post Compact 2.766ms
[34.090s][info][gc,heap        ] GC(194) PSYoungGen: 17407K(143872K)->17407K(143872K) Eden: 17407K(17408K)->17407K(17408K) From: 0K(126464K)->0K(126464K)
[34.090s][info][gc,heap        ] GC(194) ParOldGen: 1570212K(1570304K)->1570212K(1570304K)
[34.090s][info][gc,metaspace   ] GC(194) Metaspace: 6301K(6464K)->6301K(6464K) NonClass: 5768K(5824K)->5768K(5824K) Class: 533K(640K)->533K(640K)
[34.090s][info][gc             ] GC(194) Pause Full (Ergonomics) 1550M->1550M(1674M) 493.884ms
[34.090s][info][gc,cpu         ] GC(194) User=3.52s Sys=0.00s Real=0.49s
[34.090s][info][gc,start       ] GC(195) Pause Full (Ergonomics)
[34.090s][info][gc,phases,start] GC(195) Marking Phase
[34.456s][info][gc,phases      ] GC(195) Marking Phase 366.288ms
[34.456s][info][gc,phases,start] GC(195) Summary Phase
[34.456s][info][gc,phases      ] GC(195) Summary Phase 0.028ms
[34.456s][info][gc,phases,start] GC(195) Adjust Roots
[34.456s][info][gc,phases      ] GC(195) Adjust Roots 0.161ms
[34.456s][info][gc,phases,start] GC(195) Compaction Phase
[34.579s][info][gc,phases      ] GC(195) Compaction Phase 122.257ms
[34.579s][info][gc,phases,start] GC(195) Post Compact
[34.582s][info][gc,phases      ] GC(195) Post Compact 2.819ms
[34.582s][info][gc,heap        ] GC(195) PSYoungGen: 17407K(143872K)->17407K(143872K) Eden: 17407K(17408K)->17407K(17408K) From: 0K(126464K)->0K(126464K)
[34.582s][info][gc,heap        ] GC(195) ParOldGen: 1570217K(1570304K)->1570217K(1570304K)
[34.582s][info][gc,metaspace   ] GC(195) Metaspace: 6301K(6464K)->6301K(6464K) NonClass: 5768K(5824K)->5768K(5824K) Class: 533K(640K)->533K(640K)
[34.582s][info][gc             ] GC(195) Pause Full (Ergonomics) 1550M->1550M(1674M) 491.882ms
[34.582s][info][gc,cpu         ] GC(195) User=3.58s Sys=0.00s Real=0.49s
[34.582s][info][gc,start       ] GC(196) Pause Full (Ergonomics)
[34.582s][info][gc,phases,start] GC(196) Marking Phase
[34.954s][info][gc,phases      ] GC(196) Marking Phase 371.630ms
[34.954s][info][gc,phases,start] GC(196) Summary Phase
[34.954s][info][gc,phases      ] GC(196) Summary Phase 0.033ms
[34.954s][info][gc,phases,start] GC(196) Adjust Roots
[34.954s][info][gc,phases      ] GC(196) Adjust Roots 0.227ms
[34.954s][info][gc,phases,start] GC(196) Compaction Phase
[35.091s][info][gc,phases      ] GC(196) Compaction Phase 137.459ms
[35.091s][info][gc,phases,start] GC(196) Post Compact
[35.094s][info][gc,phases      ] GC(196) Post Compact 2.867ms
[35.094s][info][gc,heap        ] GC(196) PSYoungGen: 17407K(143872K)->17407K(143872K) Eden: 17407K(17408K)->17407K(17408K) From: 0K(126464K)->0K(126464K)
[35.094s][info][gc,heap        ] GC(196) ParOldGen: 1570221K(1570304K)->1570221K(1570304K)
[35.094s][info][gc,metaspace   ] GC(196) Metaspace: 6301K(6464K)->6301K(6464K) NonClass: 5768K(5824K)->5768K(5824K) Class: 533K(640K)->533K(640K)
[35.094s][info][gc             ] GC(196) Pause Full (Ergonomics) 1550M->1550M(1674M) 512.576ms
[35.095s][info][gc,cpu         ] GC(196) User=3.56s Sys=0.00s Real=0.51s
[35.095s][info][gc,start       ] GC(197) Pause Full (Ergonomics)
[35.095s][info][gc,phases,start] GC(197) Marking Phase
[35.454s][info][gc,phases      ] GC(197) Marking Phase 358.825ms
[35.454s][info][gc,phases,start] GC(197) Summary Phase
[35.454s][info][gc,phases      ] GC(197) Summary Phase 0.028ms
[35.454s][info][gc,phases,start] GC(197) Adjust Roots
[35.454s][info][gc,phases      ] GC(197) Adjust Roots 0.169ms
[35.454s][info][gc,phases,start] GC(197) Compaction Phase
[35.581s][info][gc,phases      ] GC(197) Compaction Phase 127.380ms
[35.581s][info][gc,phases,start] GC(197) Post Compact
[35.584s][info][gc,phases      ] GC(197) Post Compact 2.647ms
[35.584s][info][gc,heap        ] GC(197) PSYoungGen: 17407K(143872K)->17407K(143872K) Eden: 17407K(17408K)->17407K(17408K) From: 0K(126464K)->0K(126464K)
[35.584s][info][gc,heap        ] GC(197) ParOldGen: 1570226K(1570304K)->1570226K(1570304K)
[35.584s][info][gc,metaspace   ] GC(197) Metaspace: 6301K(6464K)->6301K(6464K) NonClass: 5768K(5824K)->5768K(5824K) Class: 533K(640K)->533K(640K)
[35.584s][info][gc             ] GC(197) Pause Full (Ergonomics) 1550M->1550M(1674M) 489.395ms
[35.584s][info][gc,cpu         ] GC(197) User=3.48s Sys=0.00s Real=0.49s
[35.584s][info][gc,start       ] GC(198) Pause Full (Ergonomics)
[35.584s][info][gc,phases,start] GC(198) Marking Phase
[35.952s][info][gc,phases      ] GC(198) Marking Phase 368.134ms
[35.953s][info][gc,phases,start] GC(198) Summary Phase
[35.953s][info][gc,phases      ] GC(198) Summary Phase 0.028ms
[35.953s][info][gc,phases,start] GC(198) Adjust Roots
[35.953s][info][gc,phases      ] GC(198) Adjust Roots 0.188ms
[35.953s][info][gc,phases,start] GC(198) Compaction Phase
[36.087s][info][gc,phases      ] GC(198) Compaction Phase 133.959ms
[36.087s][info][gc,phases,start] GC(198) Post Compact
[36.089s][info][gc,phases      ] GC(198) Post Compact 2.644ms
[36.090s][info][gc,heap        ] GC(198) PSYoungGen: 17407K(143872K)->17407K(143872K) Eden: 17407K(17408K)->17407K(17408K) From: 0K(126464K)->0K(126464K)
[36.090s][info][gc,heap        ] GC(198) ParOldGen: 1570231K(1570304K)->1570231K(1570304K)
[36.090s][info][gc,metaspace   ] GC(198) Metaspace: 6301K(6464K)->6301K(6464K) NonClass: 5768K(5824K)->5768K(5824K) Class: 533K(640K)->533K(640K)
[36.090s][info][gc             ] GC(198) Pause Full (Ergonomics) 1550M->1550M(1674M) 505.297ms
[36.090s][info][gc,cpu         ] GC(198) User=3.53s Sys=0.00s Real=0.51s
[36.090s][info][gc,start       ] GC(199) Pause Full (Ergonomics)
[36.090s][info][gc,phases,start] GC(199) Marking Phase
[36.452s][info][gc,phases      ] GC(199) Marking Phase 362.575ms
[36.452s][info][gc,phases,start] GC(199) Summary Phase
[36.453s][info][gc,phases      ] GC(199) Summary Phase 0.031ms
[36.453s][info][gc,phases,start] GC(199) Adjust Roots
[36.453s][info][gc,phases      ] GC(199) Adjust Roots 0.160ms
[36.453s][info][gc,phases,start] GC(199) Compaction Phase
[36.585s][info][gc,phases      ] GC(199) Compaction Phase 131.900ms
[36.585s][info][gc,phases,start] GC(199) Post Compact
[36.587s][info][gc,phases      ] GC(199) Post Compact 2.779ms
[36.588s][info][gc,heap        ] GC(199) PSYoungGen: 17407K(143872K)->17407K(143872K) Eden: 17407K(17408K)->17407K(17408K) From: 0K(126464K)->0K(126464K)
[36.588s][info][gc,heap        ] GC(199) ParOldGen: 1570235K(1570304K)->1570235K(1570304K)
[36.588s][info][gc,metaspace   ] GC(199) Metaspace: 6301K(6464K)->6301K(6464K) NonClass: 5768K(5824K)->5768K(5824K) Class: 533K(640K)->533K(640K)
[36.588s][info][gc             ] GC(199) Pause Full (Ergonomics) 1550M->1550M(1674M) 497.811ms
[36.588s][info][gc,cpu         ] GC(199) User=3.56s Sys=0.00s Real=0.50s
[36.588s][info][gc,start       ] GC(200) Pause Full (Ergonomics)
[36.588s][info][gc,phases,start] GC(200) Marking Phase
[36.960s][info][gc,phases      ] GC(200) Marking Phase 372.434ms
[36.960s][info][gc,phases,start] GC(200) Summary Phase
[36.960s][info][gc,phases      ] GC(200) Summary Phase 0.027ms
[36.960s][info][gc,phases,start] GC(200) Adjust Roots
[36.961s][info][gc,phases      ] GC(200) Adjust Roots 0.164ms
[36.961s][info][gc,phases,start] GC(200) Compaction Phase
[37.090s][info][gc,phases      ] GC(200) Compaction Phase 129.433ms
[37.090s][info][gc,phases,start] GC(200) Post Compact
[37.093s][info][gc,phases      ] GC(200) Post Compact 2.863ms
[37.093s][info][gc,heap        ] GC(200) PSYoungGen: 17407K(143872K)->17407K(143872K) Eden: 17407K(17408K)->17407K(17408K) From: 0K(126464K)->0K(126464K)
[37.093s][info][gc,heap        ] GC(200) ParOldGen: 1570240K(1570304K)->1570240K(1570304K)
[37.093s][info][gc,metaspace   ] GC(200) Metaspace: 6301K(6464K)->6301K(6464K) NonClass: 5768K(5824K)->5768K(5824K) Class: 533K(640K)->533K(640K)
[37.093s][info][gc             ] GC(200) Pause Full (Ergonomics) 1550M->1550M(1674M) 505.296ms
[37.093s][info][gc,cpu         ] GC(200) User=3.67s Sys=0.00s Real=0.51s
[37.093s][info][gc,start       ] GC(201) Pause Full (Ergonomics)
[37.093s][info][gc,phases,start] GC(201) Marking Phase
[37.463s][info][gc,phases      ] GC(201) Marking Phase 370.070ms
[37.464s][info][gc,phases,start] GC(201) Summary Phase
[37.464s][info][gc,phases      ] GC(201) Summary Phase 0.028ms
[37.464s][info][gc,phases,start] GC(201) Adjust Roots
[37.464s][info][gc,phases      ] GC(201) Adjust Roots 0.162ms
[37.464s][info][gc,phases,start] GC(201) Compaction Phase
[37.596s][info][gc,phases      ] GC(201) Compaction Phase 132.033ms
[37.596s][info][gc,phases,start] GC(201) Post Compact
[37.599s][info][gc,phases      ] GC(201) Post Compact 2.653ms
[37.599s][info][gc,heap        ] GC(201) PSYoungGen: 17407K(143872K)->17407K(143872K) Eden: 17407K(17408K)->17407K(17408K) From: 0K(126464K)->0K(126464K)
[37.599s][info][gc,heap        ] GC(201) ParOldGen: 1570245K(1570304K)->1570245K(1570304K)
[37.599s][info][gc,metaspace   ] GC(201) Metaspace: 6301K(6464K)->6301K(6464K) NonClass: 5768K(5824K)->5768K(5824K) Class: 533K(640K)->533K(640K)
[37.599s][info][gc             ] GC(201) Pause Full (Ergonomics) 1550M->1550M(1674M) 505.317ms
[37.599s][info][gc,cpu         ] GC(201) User=3.64s Sys=0.00s Real=0.51s
[37.599s][info][gc,start       ] GC(202) Pause Full (Ergonomics)
[37.599s][info][gc,phases,start] GC(202) Marking Phase
[37.956s][info][gc,phases      ] GC(202) Marking Phase 357.359ms
[37.956s][info][gc,phases,start] GC(202) Summary Phase
[37.956s][info][gc,phases      ] GC(202) Summary Phase 0.028ms
[37.956s][info][gc,phases,start] GC(202) Adjust Roots
[37.956s][info][gc,phases      ] GC(202) Adjust Roots 0.160ms
[37.957s][info][gc,phases,start] GC(202) Compaction Phase
[38.108s][info][gc,phases      ] GC(202) Compaction Phase 151.245ms
[38.108s][info][gc,phases,start] GC(202) Post Compact
[38.111s][info][gc,phases      ] GC(202) Post Compact 2.668ms
[38.111s][info][gc,heap        ] GC(202) PSYoungGen: 17407K(143872K)->17407K(143872K) Eden: 17407K(17408K)->17407K(17408K) From: 0K(126464K)->0K(126464K)
[38.111s][info][gc,heap        ] GC(202) ParOldGen: 1570249K(1570304K)->1570249K(1570304K)
[38.111s][info][gc,metaspace   ] GC(202) Metaspace: 6301K(6464K)->6301K(6464K) NonClass: 5768K(5824K)->5768K(5824K) Class: 533K(640K)->533K(640K)
[38.111s][info][gc             ] GC(202) Pause Full (Ergonomics) 1550M->1550M(1674M) 511.783ms
[38.111s][info][gc,cpu         ] GC(202) User=3.56s Sys=0.00s Real=0.51s
[38.111s][info][gc,start       ] GC(203) Pause Full (Ergonomics)
[38.111s][info][gc,phases,start] GC(203) Marking Phase
[38.464s][info][gc,phases      ] GC(203) Marking Phase 353.412ms
[38.464s][info][gc,phases,start] GC(203) Summary Phase
[38.464s][info][gc,phases      ] GC(203) Summary Phase 0.028ms
[38.464s][info][gc,phases,start] GC(203) Adjust Roots
[38.465s][info][gc,phases      ] GC(203) Adjust Roots 0.168ms
[38.465s][info][gc,phases,start] GC(203) Compaction Phase
[38.580s][info][gc,phases      ] GC(203) Compaction Phase 114.966ms
[38.580s][info][gc,phases,start] GC(203) Post Compact
[38.582s][info][gc,phases      ] GC(203) Post Compact 2.878ms
[38.583s][info][gc,heap        ] GC(203) PSYoungGen: 17407K(143872K)->17407K(143872K) Eden: 17407K(17408K)->17407K(17408K) From: 0K(126464K)->0K(126464K)
[38.583s][info][gc,heap        ] GC(203) ParOldGen: 1570254K(1570304K)->1570254K(1570304K)
[38.583s][info][gc,metaspace   ] GC(203) Metaspace: 6301K(6464K)->6301K(6464K) NonClass: 5768K(5824K)->5768K(5824K) Class: 533K(640K)->533K(640K)
[38.583s][info][gc             ] GC(203) Pause Full (Ergonomics) 1550M->1550M(1674M) 471.792ms
[38.583s][info][gc,cpu         ] GC(203) User=3.52s Sys=0.00s Real=0.47s
[38.583s][info][gc,start       ] GC(204) Pause Full (Ergonomics)
[38.583s][info][gc,phases,start] GC(204) Marking Phase
[38.953s][info][gc,phases      ] GC(204) Marking Phase 370.469ms
[38.953s][info][gc,phases,start] GC(204) Summary Phase
[38.953s][info][gc,phases      ] GC(204) Summary Phase 0.028ms
[38.953s][info][gc,phases,start] GC(204) Adjust Roots
[38.954s][info][gc,phases      ] GC(204) Adjust Roots 0.176ms
[38.954s][info][gc,phases,start] GC(204) Compaction Phase
[39.076s][info][gc,phases      ] GC(204) Compaction Phase 122.641ms
[39.076s][info][gc,phases,start] GC(204) Post Compact
[39.079s][info][gc,phases      ] GC(204) Post Compact 2.703ms
[39.079s][info][gc,heap        ] GC(204) PSYoungGen: 17407K(143872K)->17407K(143872K) Eden: 17407K(17408K)->17407K(17408K) From: 0K(126464K)->0K(126464K)
[39.079s][info][gc,heap        ] GC(204) ParOldGen: 1570259K(1570304K)->1570259K(1570304K)
[39.079s][info][gc,metaspace   ] GC(204) Metaspace: 6301K(6464K)->6301K(6464K) NonClass: 5768K(5824K)->5768K(5824K) Class: 533K(640K)->533K(640K)
[39.079s][info][gc             ] GC(204) Pause Full (Ergonomics) 1550M->1550M(1674M) 496.392ms
[39.079s][info][gc,cpu         ] GC(204) User=3.64s Sys=0.02s Real=0.50s
[39.079s][info][gc,start       ] GC(205) Pause Full (Ergonomics)
[39.080s][info][gc,phases,start] GC(205) Marking Phase
[39.448s][info][gc,phases      ] GC(205) Marking Phase 368.894ms
[39.448s][info][gc,phases,start] GC(205) Summary Phase
[39.448s][info][gc,phases      ] GC(205) Summary Phase 0.027ms
[39.449s][info][gc,phases,start] GC(205) Adjust Roots
[39.449s][info][gc,phases      ] GC(205) Adjust Roots 0.159ms
[39.449s][info][gc,phases,start] GC(205) Compaction Phase
[39.585s][info][gc,phases      ] GC(205) Compaction Phase 136.610ms
[39.585s][info][gc,phases,start] GC(205) Post Compact
[39.588s][info][gc,phases      ] GC(205) Post Compact 2.646ms
[39.588s][info][gc,heap        ] GC(205) PSYoungGen: 17407K(143872K)->17407K(143872K) Eden: 17407K(17408K)->17407K(17408K) From: 0K(126464K)->0K(126464K)
[39.588s][info][gc,heap        ] GC(205) ParOldGen: 1570263K(1570304K)->1570263K(1570304K)
[39.588s][info][gc,metaspace   ] GC(205) Metaspace: 6301K(6464K)->6301K(6464K) NonClass: 5768K(5824K)->5768K(5824K) Class: 533K(640K)->533K(640K)
[39.588s][info][gc             ] GC(205) Pause Full (Ergonomics) 1550M->1550M(1674M) 508.680ms
[39.588s][info][gc,cpu         ] GC(205) User=3.61s Sys=0.00s Real=0.51s
[39.588s][info][gc,start       ] GC(206) Pause Full (Ergonomics)
[39.588s][info][gc,phases,start] GC(206) Marking Phase
[39.942s][info][gc,phases      ] GC(206) Marking Phase 353.151ms
[39.942s][info][gc,phases,start] GC(206) Summary Phase
[39.942s][info][gc,phases      ] GC(206) Summary Phase 0.028ms
[39.942s][info][gc,phases,start] GC(206) Adjust Roots
[39.942s][info][gc,phases      ] GC(206) Adjust Roots 0.159ms
[39.942s][info][gc,phases,start] GC(206) Compaction Phase
[40.071s][info][gc,phases      ] GC(206) Compaction Phase 129.530ms
[40.071s][info][gc,phases,start] GC(206) Post Compact
[40.074s][info][gc,phases      ] GC(206) Post Compact 2.644ms
[40.074s][info][gc,heap        ] GC(206) PSYoungGen: 17407K(143872K)->17407K(143872K) Eden: 17407K(17408K)->17407K(17408K) From: 0K(126464K)->0K(126464K)
[40.074s][info][gc,heap        ] GC(206) ParOldGen: 1570268K(1570304K)->1570268K(1570304K)
[40.074s][info][gc,metaspace   ] GC(206) Metaspace: 6301K(6464K)->6301K(6464K) NonClass: 5768K(5824K)->5768K(5824K) Class: 533K(640K)->533K(640K)
[40.074s][info][gc             ] GC(206) Pause Full (Ergonomics) 1550M->1550M(1674M) 485.846ms
[40.074s][info][gc,cpu         ] GC(206) User=3.45s Sys=0.00s Real=0.49s
[40.074s][info][gc,start       ] GC(207) Pause Full (Ergonomics)
[40.074s][info][gc,phases,start] GC(207) Marking Phase
[40.441s][info][gc,phases      ] GC(207) Marking Phase 366.277ms
[40.441s][info][gc,phases,start] GC(207) Summary Phase
[40.441s][info][gc,phases      ] GC(207) Summary Phase 0.028ms
[40.441s][info][gc,phases,start] GC(207) Adjust Roots
[40.441s][info][gc,phases      ] GC(207) Adjust Roots 0.163ms
[40.441s][info][gc,phases,start] GC(207) Compaction Phase
[40.572s][info][gc,phases      ] GC(207) Compaction Phase 131.016ms
[40.572s][info][gc,phases,start] GC(207) Post Compact
[40.575s][info][gc,phases      ] GC(207) Post Compact 2.865ms
[40.575s][info][gc,heap        ] GC(207) PSYoungGen: 17407K(143872K)->17407K(143872K) Eden: 17407K(17408K)->17407K(17408K) From: 0K(126464K)->0K(126464K)
[40.575s][info][gc,heap        ] GC(207) ParOldGen: 1570273K(1570304K)->1570273K(1570304K)
[40.575s][info][gc,metaspace   ] GC(207) Metaspace: 6301K(6464K)->6301K(6464K) NonClass: 5768K(5824K)->5768K(5824K) Class: 533K(640K)->533K(640K)
[40.575s][info][gc             ] GC(207) Pause Full (Ergonomics) 1550M->1550M(1674M) 500.717ms
[40.575s][info][gc,cpu         ] GC(207) User=3.58s Sys=0.00s Real=0.50s
[40.575s][info][gc,start       ] GC(208) Pause Full (Ergonomics)
[40.575s][info][gc,phases,start] GC(208) Marking Phase
[40.937s][info][gc,phases      ] GC(208) Marking Phase 361.145ms
[40.937s][info][gc,phases,start] GC(208) Summary Phase
[40.937s][info][gc,phases      ] GC(208) Summary Phase 0.028ms
[40.937s][info][gc,phases,start] GC(208) Adjust Roots
[40.937s][info][gc,phases      ] GC(208) Adjust Roots 0.212ms
[40.937s][info][gc,phases,start] GC(208) Compaction Phase
[41.061s][info][gc,phases      ] GC(208) Compaction Phase 124.309ms
[41.061s][info][gc,phases,start] GC(208) Post Compact
[41.064s][info][gc,phases      ] GC(208) Post Compact 2.726ms
[41.064s][info][gc,heap        ] GC(208) PSYoungGen: 17407K(143872K)->17407K(143872K) Eden: 17407K(17408K)->17407K(17408K) From: 0K(126464K)->0K(126464K)
[41.064s][info][gc,heap        ] GC(208) ParOldGen: 1570277K(1570304K)->1570277K(1570304K)
[41.064s][info][gc,metaspace   ] GC(208) Metaspace: 6301K(6464K)->6301K(6464K) NonClass: 5768K(5824K)->5768K(5824K) Class: 533K(640K)->533K(640K)
[41.064s][info][gc             ] GC(208) Pause Full (Ergonomics) 1550M->1550M(1674M) 488.765ms
[41.064s][info][gc,cpu         ] GC(208) User=3.56s Sys=0.00s Real=0.49s
[41.064s][info][gc,start       ] GC(209) Pause Full (Ergonomics)
[41.064s][info][gc,phases,start] GC(209) Marking Phase
[41.443s][info][gc,phases      ] GC(209) Marking Phase 378.334ms
[41.443s][info][gc,phases,start] GC(209) Summary Phase
[41.443s][info][gc,phases      ] GC(209) Summary Phase 0.028ms
[41.443s][info][gc,phases,start] GC(209) Adjust Roots
[41.443s][info][gc,phases      ] GC(209) Adjust Roots 0.167ms
[41.443s][info][gc,phases,start] GC(209) Compaction Phase
[41.571s][info][gc,phases      ] GC(209) Compaction Phase 127.578ms
[41.571s][info][gc,phases,start] GC(209) Post Compact
[41.573s][info][gc,phases      ] GC(209) Post Compact 2.680ms
[41.573s][info][gc,heap        ] GC(209) PSYoungGen: 17407K(143872K)->17407K(143872K) Eden: 17407K(17408K)->17407K(17408K) From: 0K(126464K)->0K(126464K)
[41.573s][info][gc,heap        ] GC(209) ParOldGen: 1570282K(1570304K)->1570282K(1570304K)
[41.573s][info][gc,metaspace   ] GC(209) Metaspace: 6301K(6464K)->6301K(6464K) NonClass: 5768K(5824K)->5768K(5824K) Class: 533K(640K)->533K(640K)
[41.573s][info][gc             ] GC(209) Pause Full (Ergonomics) 1550M->1550M(1674M) 509.124ms
[41.574s][info][gc,cpu         ] GC(209) User=3.58s Sys=0.00s Real=0.51s
[41.574s][info][gc,start       ] GC(210) Pause Full (Ergonomics)
[41.574s][info][gc,phases,start] GC(210) Marking Phase
[41.942s][info][gc,phases      ] GC(210) Marking Phase 367.799ms
[41.942s][info][gc,phases,start] GC(210) Summary Phase
[41.942s][info][gc,phases      ] GC(210) Summary Phase 0.032ms
[41.942s][info][gc,phases,start] GC(210) Adjust Roots
[41.942s][info][gc,phases      ] GC(210) Adjust Roots 0.188ms
[41.942s][info][gc,phases,start] GC(210) Compaction Phase
[42.069s][info][gc,phases      ] GC(210) Compaction Phase 127.042ms
[42.069s][info][gc,phases,start] GC(210) Post Compact
[42.072s][info][gc,phases      ] GC(210) Post Compact 2.726ms
[42.072s][info][gc,heap        ] GC(210) PSYoungGen: 17407K(143872K)->17407K(143872K) Eden: 17407K(17408K)->17407K(17408K) From: 0K(126464K)->0K(126464K)
[42.072s][info][gc,heap        ] GC(210) ParOldGen: 1570287K(1570304K)->1570287K(1570304K)
[42.072s][info][gc,metaspace   ] GC(210) Metaspace: 6301K(6464K)->6301K(6464K) NonClass: 5768K(5824K)->5768K(5824K) Class: 533K(640K)->533K(640K)
[42.072s][info][gc             ] GC(210) Pause Full (Ergonomics) 1550M->1550M(1674M) 498.163ms
[42.072s][info][gc,cpu         ] GC(210) User=3.56s Sys=0.00s Real=0.50s
[42.072s][info][gc,start       ] GC(211) Pause Full (Ergonomics)
[42.072s][info][gc,phases,start] GC(211) Marking Phase
[42.436s][info][gc,phases      ] GC(211) Marking Phase 364.284ms
[42.436s][info][gc,phases,start] GC(211) Summary Phase
[42.437s][info][gc,phases      ] GC(211) Summary Phase 0.028ms
[42.437s][info][gc,phases,start] GC(211) Adjust Roots
[42.437s][info][gc,phases      ] GC(211) Adjust Roots 0.191ms
[42.437s][info][gc,phases,start] GC(211) Compaction Phase
[42.558s][info][gc,phases      ] GC(211) Compaction Phase 121.649ms
[42.558s][info][gc,phases,start] GC(211) Post Compact
[42.561s][info][gc,phases      ] GC(211) Post Compact 2.969ms
[42.562s][info][gc,heap        ] GC(211) PSYoungGen: 17407K(143872K)->17407K(143872K) Eden: 17407K(17408K)->17407K(17408K) From: 0K(126464K)->0K(126464K)
[42.562s][info][gc,heap        ] GC(211) ParOldGen: 1570291K(1570304K)->1570291K(1570304K)
[42.562s][info][gc,metaspace   ] GC(211) Metaspace: 6301K(6464K)->6301K(6464K) NonClass: 5768K(5824K)->5768K(5824K) Class: 533K(640K)->533K(640K)
[42.562s][info][gc             ] GC(211) Pause Full (Ergonomics) 1550M->1550M(1674M) 489.474ms
[42.562s][info][gc,cpu         ] GC(211) User=3.58s Sys=0.00s Real=0.49s
[42.562s][info][gc,start       ] GC(212) Pause Full (Ergonomics)
[42.562s][info][gc,phases,start] GC(212) Marking Phase
[42.933s][info][gc,phases      ] GC(212) Marking Phase 371.058ms
[42.933s][info][gc,phases,start] GC(212) Summary Phase
[42.933s][info][gc,phases      ] GC(212) Summary Phase 0.028ms
[42.933s][info][gc,phases,start] GC(212) Adjust Roots
[42.933s][info][gc,phases      ] GC(212) Adjust Roots 0.190ms
[42.933s][info][gc,phases,start] GC(212) Compaction Phase
[43.063s][info][gc,phases      ] GC(212) Compaction Phase 129.686ms
[43.063s][info][gc,phases,start] GC(212) Post Compact
[43.066s][info][gc,phases      ] GC(212) Post Compact 2.784ms
[43.066s][info][gc,heap        ] GC(212) PSYoungGen: 17407K(143872K)->17407K(143872K) Eden: 17407K(17408K)->17407K(17408K) From: 0K(126464K)->0K(126464K)
[43.066s][info][gc,heap        ] GC(212) ParOldGen: 1570296K(1570304K)->1570296K(1570304K)
[43.066s][info][gc,metaspace   ] GC(212) Metaspace: 6301K(6464K)->6301K(6464K) NonClass: 5768K(5824K)->5768K(5824K) Class: 533K(640K)->533K(640K)
[43.066s][info][gc             ] GC(212) Pause Full (Ergonomics) 1550M->1550M(1674M) 504.109ms
[43.066s][info][gc,cpu         ] GC(212) User=3.62s Sys=0.02s Real=0.50s
[43.066s][info][gc,start       ] GC(213) Pause Full (Ergonomics)
[43.066s][info][gc,phases,start] GC(213) Marking Phase
[43.427s][info][gc,phases      ] GC(213) Marking Phase 360.853ms
[43.427s][info][gc,phases,start] GC(213) Summary Phase
[43.427s][info][gc,phases      ] GC(213) Summary Phase 0.027ms
[43.427s][info][gc,phases,start] GC(213) Adjust Roots
[43.427s][info][gc,phases      ] GC(213) Adjust Roots 0.167ms
[43.427s][info][gc,phases,start] GC(213) Compaction Phase
[43.552s][info][gc,phases      ] GC(213) Compaction Phase 124.651ms
[43.552s][info][gc,phases,start] GC(213) Post Compact
[43.555s][info][gc,phases      ] GC(213) Post Compact 2.957ms
[43.555s][info][gc,heap        ] GC(213) PSYoungGen: 17407K(143872K)->17407K(143872K) Eden: 17407K(17408K)->17407K(17408K) From: 0K(126464K)->0K(126464K)
[43.555s][info][gc,heap        ] GC(213) ParOldGen: 1570301K(1570304K)->1570301K(1570304K)
[43.555s][info][gc,metaspace   ] GC(213) Metaspace: 6301K(6464K)->6301K(6464K) NonClass: 5768K(5824K)->5768K(5824K) Class: 533K(640K)->533K(640K)
[43.555s][info][gc             ] GC(213) Pause Full (Ergonomics) 1550M->1550M(1674M) 489.036ms
[43.555s][info][gc,cpu         ] GC(213) User=3.42s Sys=0.00s Real=0.49s
[43.555s][info][gc,start       ] GC(214) Pause Full (Ergonomics)
[43.555s][info][gc,phases,start] GC(214) Marking Phase
[43.917s][info][gc,phases      ] GC(214) Marking Phase 361.453ms
[43.917s][info][gc,phases,start] GC(214) Summary Phase
[43.917s][info][gc,phases      ] GC(214) Summary Phase 0.034ms
[43.917s][info][gc,phases,start] GC(214) Adjust Roots
[43.917s][info][gc,phases      ] GC(214) Adjust Roots 0.247ms
[43.917s][info][gc,phases,start] GC(214) Compaction Phase
[44.041s][info][gc,phases      ] GC(214) Compaction Phase 124.062ms
[44.041s][info][gc,phases,start] GC(214) Post Compact
[44.044s][info][gc,phases      ] GC(214) Post Compact 2.905ms
[44.044s][info][gc,heap        ] GC(214) PSYoungGen: 17407K(143872K)->17407K(143872K) Eden: 17407K(17408K)->17407K(17408K) From: 0K(126464K)->0K(126464K)
[44.044s][info][gc,heap        ] GC(214) ParOldGen: 1570303K(1570304K)->1570303K(1570304K)
[44.044s][info][gc,metaspace   ] GC(214) Metaspace: 6301K(6464K)->6301K(6464K) NonClass: 5768K(5824K)->5768K(5824K) Class: 533K(640K)->533K(640K)
[44.044s][info][gc             ] GC(214) Pause Full (Ergonomics) 1550M->1550M(1674M) 489.065ms
[44.045s][info][gc,cpu         ] GC(214) User=3.58s Sys=0.00s Real=0.49s
[44.045s][info][gc,start       ] GC(215) Pause Full (Allocation Failure)
[44.045s][info][gc,phases,start] GC(215) Marking Phase
[44.407s][info][gc,phases      ] GC(215) Marking Phase 362.434ms
[44.407s][info][gc,phases,start] GC(215) Summary Phase
[44.407s][info][gc,phases      ] GC(215) Summary Phase 0.028ms
[44.407s][info][gc,phases,start] GC(215) Adjust Roots
[44.408s][info][gc,phases      ] GC(215) Adjust Roots 0.399ms
[44.408s][info][gc,phases,start] GC(215) Compaction Phase
[44.811s][info][gc,phases      ] GC(215) Compaction Phase 403.697ms
[44.811s][info][gc,phases,start] GC(215) Post Compact
[44.814s][info][gc,phases      ] GC(215) Post Compact 2.829ms
[44.814s][info][gc,heap        ] GC(215) PSYoungGen: 17407K(143872K)->17407K(143872K) Eden: 17407K(17408K)->17407K(17408K) From: 0K(126464K)->0K(126464K)
[44.814s][info][gc,heap        ] GC(215) ParOldGen: 1570303K(1570304K)->1570299K(1570304K)
[44.814s][info][gc,metaspace   ] GC(215) Metaspace: 6301K(6464K)->6300K(6464K) NonClass: 5768K(5824K)->5767K(5824K) Class: 533K(640K)->532K(640K)
[44.814s][info][gc             ] GC(215) Pause Full (Allocation Failure) 1550M->1550M(1674M) 769.820ms
[44.814s][info][gc,cpu         ] GC(215) User=5.48s Sys=0.00s Real=0.77s
[44.815s][info][gc,start       ] GC(216) Pause Full (Ergonomics)
[44.815s][info][gc,phases,start] GC(216) Marking Phase
[45.175s][info][gc,phases      ] GC(216) Marking Phase 360.370ms
[45.175s][info][gc,phases,start] GC(216) Summary Phase
[45.175s][info][gc,phases      ] GC(216) Summary Phase 0.042ms
[45.175s][info][gc,phases,start] GC(216) Adjust Roots
[45.176s][info][gc,phases      ] GC(216) Adjust Roots 0.255ms
[45.176s][info][gc,phases,start] GC(216) Compaction Phase
[45.315s][info][gc,phases      ] GC(216) Compaction Phase 139.403ms
[45.315s][info][gc,phases,start] GC(216) Post Compact
[45.318s][info][gc,phases      ] GC(216) Post Compact 2.652ms
[45.318s][info][gc,heap        ] GC(216) PSYoungGen: 17407K(143872K)->17407K(143872K) Eden: 17407K(17408K)->17407K(17408K) From: 0K(126464K)->0K(126464K)
[45.318s][info][gc,heap        ] GC(216) ParOldGen: 1570301K(1570304K)->1570301K(1570304K)
[45.318s][info][gc,metaspace   ] GC(216) Metaspace: 6300K(6464K)->6300K(6464K) NonClass: 5767K(5824K)->5767K(5824K) Class: 532K(640K)->532K(640K)
[45.318s][info][gc             ] GC(216) Pause Full (Ergonomics) 1550M->1550M(1674M) 503.093ms
[45.318s][info][gc,cpu         ] GC(216) User=3.66s Sys=0.00s Real=0.50s
[45.318s][info][gc,start       ] GC(217) Pause Full (Ergonomics)
[45.318s][info][gc,phases,start] GC(217) Marking Phase
[45.688s][info][gc,phases      ] GC(217) Marking Phase 369.084ms
[45.688s][info][gc,phases,start] GC(217) Summary Phase
[45.688s][info][gc,phases      ] GC(217) Summary Phase 0.038ms
[45.688s][info][gc,phases,start] GC(217) Adjust Roots
[45.688s][info][gc,phases      ] GC(217) Adjust Roots 0.187ms
[45.688s][info][gc,phases,start] GC(217) Compaction Phase
[45.815s][info][gc,phases      ] GC(217) Compaction Phase 127.452ms
[45.815s][info][gc,phases,start] GC(217) Post Compact
[45.818s][info][gc,phases      ] GC(217) Post Compact 2.920ms
[45.818s][info][gc,heap        ] GC(217) PSYoungGen: 17407K(143872K)->17407K(143872K) Eden: 17407K(17408K)->17407K(17408K) From: 0K(126464K)->0K(126464K)
[45.818s][info][gc,heap        ] GC(217) ParOldGen: 1570303K(1570304K)->1570303K(1570304K)
[45.818s][info][gc,metaspace   ] GC(217) Metaspace: 6300K(6464K)->6300K(6464K) NonClass: 5767K(5824K)->5767K(5824K) Class: 532K(640K)->532K(640K)
[45.818s][info][gc             ] GC(217) Pause Full (Ergonomics) 1550M->1550M(1674M) 500.072ms
[45.819s][info][gc,cpu         ] GC(217) User=3.70s Sys=0.00s Real=0.50s
[45.819s][info][gc,start       ] GC(218) Pause Full (Allocation Failure)
[45.819s][info][gc,phases,start] GC(218) Marking Phase
[46.206s][info][gc,phases      ] GC(218) Marking Phase 387.143ms
[46.206s][info][gc,phases,start] GC(218) Summary Phase
[46.206s][info][gc,phases      ] GC(218) Summary Phase 0.030ms
[46.206s][info][gc,phases,start] GC(218) Adjust Roots
[46.206s][info][gc,phases      ] GC(218) Adjust Roots 0.183ms
[46.206s][info][gc,phases,start] GC(218) Compaction Phase
[46.341s][info][gc,phases      ] GC(218) Compaction Phase 134.532ms
[46.341s][info][gc,phases,start] GC(218) Post Compact
[46.344s][info][gc,phases      ] GC(218) Post Compact 2.968ms
[46.344s][info][gc,heap        ] GC(218) PSYoungGen: 17407K(143872K)->17407K(143872K) Eden: 17407K(17408K)->17407K(17408K) From: 0K(126464K)->0K(126464K)
[46.344s][info][gc,heap        ] GC(218) ParOldGen: 1570303K(1570304K)->1570303K(1570304K)
[46.344s][info][gc,metaspace   ] GC(218) Metaspace: 6300K(6464K)->6300K(6464K) NonClass: 5767K(5824K)->5767K(5824K) Class: 532K(640K)->532K(640K)
[46.344s][info][gc             ] GC(218) Pause Full (Allocation Failure) 1550M->1550M(1674M) 525.234ms
[46.344s][info][gc,cpu         ] GC(218) User=3.62s Sys=0.02s Real=0.53s
[46.344s][info][gc,start       ] GC(219) Pause Full (Ergonomics)
[46.344s][info][gc,phases,start] GC(219) Marking Phase
[46.730s][info][gc,phases      ] GC(219) Marking Phase 385.749ms
[46.730s][info][gc,phases,start] GC(219) Summary Phase
[46.730s][info][gc,phases      ] GC(219) Summary Phase 0.028ms
[46.730s][info][gc,phases,start] GC(219) Adjust Roots
[46.731s][info][gc,phases      ] GC(219) Adjust Roots 0.273ms
[46.731s][info][gc,phases,start] GC(219) Compaction Phase
[47.130s][info][gc,phases      ] GC(219) Compaction Phase 399.607ms
[47.130s][info][gc,phases,start] GC(219) Post Compact
[47.133s][info][gc,phases      ] GC(219) Post Compact 2.911ms
[47.133s][info][gc,heap        ] GC(219) PSYoungGen: 17407K(143872K)->17407K(143872K) Eden: 17407K(17408K)->17407K(17408K) From: 0K(126464K)->0K(126464K)
[47.133s][info][gc,heap        ] GC(219) ParOldGen: 1570304K(1570304K)->1570302K(1570304K)
[47.133s][info][gc,metaspace   ] GC(219) Metaspace: 6300K(6464K)->6300K(6464K) NonClass: 5767K(5824K)->5767K(5824K) Class: 532K(640K)->532K(640K)
[47.133s][info][gc             ] GC(219) Pause Full (Ergonomics) 1550M->1550M(1674M) 789.010ms
[47.133s][info][gc,cpu         ] GC(219) User=5.11s Sys=0.00s Real=0.79s
[47.134s][info][gc,start       ] GC(220) Pause Full (Ergonomics)
[47.134s][info][gc,phases,start] GC(220) Marking Phase
[47.502s][info][gc,phases      ] GC(220) Marking Phase 368.024ms
[47.502s][info][gc,phases,start] GC(220) Summary Phase
[47.503s][info][gc,phases      ] GC(220) Summary Phase 0.048ms
[47.503s][info][gc,phases,start] GC(220) Adjust Roots
[47.503s][info][gc,phases      ] GC(220) Adjust Roots 0.374ms
[47.503s][info][gc,phases,start] GC(220) Compaction Phase
[47.913s][info][gc,phases      ] GC(220) Compaction Phase 410.434ms
[47.913s][info][gc,phases,start] GC(220) Post Compact
[47.917s][info][gc,phases      ] GC(220) Post Compact 3.179ms
[47.917s][info][gc,heap        ] GC(220) PSYoungGen: 17408K(143872K)->17408K(143872K) Eden: 17408K(17408K)->17408K(17408K) From: 0K(126464K)->0K(126464K)
[47.917s][info][gc,heap        ] GC(220) ParOldGen: 1570303K(1570304K)->1570302K(1570304K)
[47.917s][info][gc,metaspace   ] GC(220) Metaspace: 6301K(6464K)->6301K(6464K) NonClass: 5767K(5824K)->5767K(5824K) Class: 533K(640K)->533K(640K)
[47.917s][info][gc             ] GC(220) Pause Full (Ergonomics) 1550M->1550M(1674M) 782.523ms
[47.917s][info][gc,cpu         ] GC(220) User=4.86s Sys=0.03s Real=0.78s
[47.918s][info][gc,heap,exit   ] Heap
[47.918s][info][gc,heap,exit   ]  PSYoungGen      total 143872K, used 17408K [0x00000007d0180000, 0x00000007e0b80000, 0x0000000800000000)
[47.918s][info][gc,heap,exit   ]   eden space 17408K, 100% used [0x00000007d0180000,0x00000007d1280000,0x00000007d1280000)
[47.918s][info][gc,heap,exit   ]   from space 126464K, 0% used [0x00000007d9000000,0x00000007d9000000,0x00000007e0b80000)
[47.918s][info][gc,heap,exit   ]   to   space 126464K, 0% used [0x00000007d1280000,0x00000007d1280000,0x00000007d8e00000)
[47.918s][info][gc,heap,exit   ]  ParOldGen       total 1570304K, used 1570303K [0x0000000770400000, 0x00000007d0180000, 0x00000007d0180000)
[47.918s][info][gc,heap,exit   ]   object space 1570304K, 99% used [0x0000000770400000,0x00000007d017fc28,0x00000007d0180000)
[47.918s][info][gc,heap,exit   ]  Metaspace       used 6304K, committed 6528K, reserved 1114112K
[47.918s][info][gc,heap,exit   ]   class space    used 534K, committed 640K, reserved 1048576K
