[0.012s][info][gc,init] CardTable entry size: 512
[0.013s][info][gc     ] Using Parallel
[0.013s][info][gc,init] Version: 18.0.1+10 (release)
[0.013s][info][gc,init] CPUs: 8 total, 8 available
[0.013s][info][gc,init] Memory: 16063M
[0.013s][info][gc,init] Large Page Support: Disabled
[0.013s][info][gc,init] NUMA Support: Disabled
[0.013s][info][gc,init] Compressed Oops: Enabled (32-bit)
[0.013s][info][gc,init] Alignments: Space 512K, Generation 512K, Heap 2M
[0.013s][info][gc,init] Heap Min Capacity: 2M
[0.013s][info][gc,init] Heap Initial Capacity: 2M
[0.013s][info][gc,init] Heap Max Capacity: 2000M
[0.014s][info][gc,init] Pre-touch: Disabled
[0.014s][info][gc,init] Parallel Workers: 8
[0.014s][info][gc,metaspace] CDS archive(s) not mapped
[0.014s][info][gc,metaspace] Compressed class space mapped at: 0x0000000100000000-0x0000000140000000, reserved size: 1073741824
[0.014s][info][gc,metaspace] Narrow klass base: 0x0000000000000000, Narrow klass shift: 3, Narrow klass range: 0x140000000
[0.113s][info][gc,start    ] GC(0) Pause Young (Allocation Failure)
[0.115s][info][gc,heap     ] GC(0) PSYoungGen: 512K(1024K)->480K(1024K) Eden: 512K(512K)->0K(512K) From: 0K(512K)->480K(512K)
[0.115s][info][gc,heap     ] GC(0) ParOldGen: 0K(512K)->8K(512K)
[0.115s][info][gc,metaspace] GC(0) Metaspace: 4229K(4352K)->4229K(4352K) NonClass: 3908K(3968K)->3908K(3968K) Class: 321K(384K)->321K(384K)
[0.115s][info][gc          ] GC(0) Pause Young (Allocation Failure) 0M->0M(1M) 1.694ms
[0.115s][info][gc,cpu      ] GC(0) User=0.00s Sys=0.00s Real=0.00s
[0.189s][info][gc,start    ] GC(1) Pause Young (Allocation Failure)
[0.190s][info][gc,heap     ] GC(1) PSYoungGen: 991K(1024K)->512K(1536K) Eden: 511K(512K)->0K(1024K) From: 480K(512K)->512K(512K)
[0.190s][info][gc,heap     ] GC(1) ParOldGen: 8K(512K)->72K(512K)
[0.190s][info][gc,metaspace] GC(1) Metaspace: 5881K(6016K)->5881K(6016K) NonClass: 5384K(5504K)->5384K(5504K) Class: 496K(512K)->496K(512K)
[0.190s][info][gc          ] GC(1) Pause Young (Allocation Failure) 0M->0M(2M) 0.851ms
[0.190s][info][gc,cpu      ] GC(1) User=0.00s Sys=0.00s Real=0.00s
[0.213s][info][gc,start    ] GC(2) Pause Young (Allocation Failure)
[0.214s][info][gc,heap     ] GC(2) PSYoungGen: 1536K(1536K)->512K(1536K) Eden: 1024K(1024K)->0K(1024K) From: 512K(512K)->512K(512K)
[0.214s][info][gc,heap     ] GC(2) ParOldGen: 72K(512K)->496K(512K)
[0.214s][info][gc,metaspace] GC(2) Metaspace: 6300K(6464K)->6300K(6464K) NonClass: 5767K(5824K)->5767K(5824K) Class: 533K(640K)->533K(640K)
[0.214s][info][gc          ] GC(2) Pause Young (Allocation Failure) 1M->0M(2M) 1.528ms
[0.214s][info][gc,cpu      ] GC(2) User=0.00s Sys=0.00s Real=0.00s
[0.214s][info][gc,start    ] GC(3) Pause Full (Ergonomics)
[0.214s][info][gc,phases,start] GC(3) Marking Phase
[0.215s][info][gc,phases      ] GC(3) Marking Phase 1.097ms
[0.216s][info][gc,phases,start] GC(3) Summary Phase
[0.216s][info][gc,phases      ] GC(3) Summary Phase 0.018ms
[0.216s][info][gc,phases,start] GC(3) Adjust Roots
[0.216s][info][gc,phases      ] GC(3) Adjust Roots 0.362ms
[0.216s][info][gc,phases,start] GC(3) Compaction Phase
[0.218s][info][gc,phases      ] GC(3) Compaction Phase 2.410ms
[0.218s][info][gc,phases,start] GC(3) Post Compact
[0.219s][info][gc,phases      ] GC(3) Post Compact 0.093ms
[0.219s][info][gc,heap        ] GC(3) PSYoungGen: 512K(1536K)->508K(1536K) Eden: 0K(1024K)->0K(1024K) From: 512K(512K)->508K(512K)
[0.219s][info][gc,heap        ] GC(3) ParOldGen: 496K(512K)->471K(2048K)
[0.219s][info][gc,metaspace   ] GC(3) Metaspace: 6300K(6464K)->6300K(6464K) NonClass: 5767K(5824K)->5767K(5824K) Class: 533K(640K)->533K(640K)
[0.219s][info][gc             ] GC(3) Pause Full (Ergonomics) 0M->0M(3M) 4.281ms
[0.219s][info][gc,cpu         ] GC(3) User=0.00s Sys=0.00s Real=0.00s
[0.220s][info][gc,start       ] GC(4) Pause Young (Allocation Failure)
[0.222s][info][gc,heap        ] GC(4) PSYoungGen: 1532K(1536K)->480K(2560K) Eden: 1024K(1024K)->0K(2048K) From: 508K(512K)->480K(512K)
[0.222s][info][gc,heap        ] GC(4) ParOldGen: 471K(2048K)->1028K(2048K)
[0.222s][info][gc,metaspace   ] GC(4) Metaspace: 6300K(6464K)->6300K(6464K) NonClass: 5767K(5824K)->5767K(5824K) Class: 533K(640K)->533K(640K)
[0.222s][info][gc             ] GC(4) Pause Young (Allocation Failure) 1M->1M(4M) 2.009ms
[0.222s][info][gc,cpu         ] GC(4) User=0.02s Sys=0.00s Real=0.00s
[0.226s][info][gc,start       ] GC(5) Pause Young (Allocation Failure)
[0.228s][info][gc,heap        ] GC(5) PSYoungGen: 2528K(2560K)->480K(2560K) Eden: 2048K(2048K)->0K(2048K) From: 480K(512K)->480K(512K)
[0.228s][info][gc,heap        ] GC(5) ParOldGen: 1028K(2048K)->2100K(2560K)
[0.228s][info][gc,metaspace   ] GC(5) Metaspace: 6300K(6464K)->6300K(6464K) NonClass: 5767K(5824K)->5767K(5824K) Class: 533K(640K)->533K(640K)
[0.228s][info][gc             ] GC(5) Pause Young (Allocation Failure) 3M->2M(5M) 2.189ms
[0.228s][info][gc,cpu         ] GC(5) User=0.00s Sys=0.00s Real=0.00s
[0.228s][info][gc,start       ] GC(6) Pause Full (Ergonomics)
[0.228s][info][gc,phases,start] GC(6) Marking Phase
[0.230s][info][gc,phases      ] GC(6) Marking Phase 2.012ms
[0.230s][info][gc,phases,start] GC(6) Summary Phase
[0.230s][info][gc,phases      ] GC(6) Summary Phase 0.018ms
[0.230s][info][gc,phases,start] GC(6) Adjust Roots
[0.230s][info][gc,phases      ] GC(6) Adjust Roots 0.354ms
[0.230s][info][gc,phases,start] GC(6) Compaction Phase
[0.233s][info][gc,phases      ] GC(6) Compaction Phase 2.257ms
[0.233s][info][gc,phases,start] GC(6) Post Compact
[0.233s][info][gc,phases      ] GC(6) Post Compact 0.026ms
[0.233s][info][gc,heap        ] GC(6) PSYoungGen: 480K(2560K)->0K(4096K) Eden: 0K(2048K)->0K(3072K) From: 480K(512K)->0K(1024K)
[0.233s][info][gc,heap        ] GC(6) ParOldGen: 2100K(2560K)->2543K(6144K)
[0.233s][info][gc,metaspace   ] GC(6) Metaspace: 6300K(6464K)->6300K(6464K) NonClass: 5767K(5824K)->5767K(5824K) Class: 533K(640K)->533K(640K)
[0.233s][info][gc             ] GC(6) Pause Full (Ergonomics) 2M->2M(10M) 5.041ms
[0.233s][info][gc,cpu         ] GC(6) User=0.00s Sys=0.00s Real=0.00s
[0.238s][info][gc,start       ] GC(7) Pause Young (Allocation Failure)
[0.240s][info][gc,heap        ] GC(7) PSYoungGen: 3072K(4096K)->1696K(5120K) Eden: 3072K(3072K)->0K(3072K) From: 0K(1024K)->1696K(2048K)
[0.240s][info][gc,heap        ] GC(7) ParOldGen: 2543K(6144K)->2543K(6144K)
[0.240s][info][gc,metaspace   ] GC(7) Metaspace: 6300K(6464K)->6300K(6464K) NonClass: 5767K(5824K)->5767K(5824K) Class: 533K(640K)->533K(640K)
[0.240s][info][gc             ] GC(7) Pause Young (Allocation Failure) 5M->4M(11M) 2.220ms
[0.240s][info][gc,cpu         ] GC(7) User=0.00s Sys=0.00s Real=0.00s
[0.245s][info][gc,start       ] GC(8) Pause Young (Allocation Failure)
[0.248s][info][gc,heap        ] GC(8) PSYoungGen: 4768K(5120K)->2016K(5632K) Eden: 3072K(3072K)->0K(3584K) From: 1696K(2048K)->2016K(2048K)
[0.248s][info][gc,heap        ] GC(8) ParOldGen: 2543K(6144K)->3775K(6144K)
[0.248s][info][gc,metaspace   ] GC(8) Metaspace: 6300K(6464K)->6300K(6464K) NonClass: 5767K(5824K)->5767K(5824K) Class: 533K(640K)->533K(640K)
[0.248s][info][gc             ] GC(8) Pause Young (Allocation Failure) 7M->5M(11M) 3.654ms
[0.248s][info][gc,cpu         ] GC(8) User=0.00s Sys=0.00s Real=0.00s
[0.255s][info][gc,start       ] GC(9) Pause Young (Allocation Failure)
[0.258s][info][gc,heap        ] GC(9) PSYoungGen: 5600K(5632K)->3040K(6656K) Eden: 3584K(3584K)->0K(3584K) From: 2016K(2048K)->3040K(3072K)
[0.258s][info][gc,heap        ] GC(9) ParOldGen: 3775K(6144K)->4615K(6144K)
[0.258s][info][gc,metaspace   ] GC(9) Metaspace: 6300K(6464K)->6300K(6464K) NonClass: 5767K(5824K)->5767K(5824K) Class: 533K(640K)->533K(640K)
[0.259s][info][gc             ] GC(9) Pause Young (Allocation Failure) 9M->7M(12M) 4.003ms
[0.259s][info][gc,cpu         ] GC(9) User=0.00s Sys=0.00s Real=0.00s
[0.264s][info][gc,start       ] GC(10) Pause Young (Allocation Failure)
[0.268s][info][gc,heap        ] GC(10) PSYoungGen: 6624K(6656K)->4064K(9216K) Eden: 3584K(3584K)->0K(5120K) From: 3040K(3072K)->4064K(4096K)
[0.268s][info][gc,heap        ] GC(10) ParOldGen: 4615K(6144K)->5455K(6144K)
[0.268s][info][gc,metaspace   ] GC(10) Metaspace: 6300K(6464K)->6300K(6464K) NonClass: 5767K(5824K)->5767K(5824K) Class: 533K(640K)->533K(640K)
[0.268s][info][gc             ] GC(10) Pause Young (Allocation Failure) 10M->9M(15M) 4.159ms
[0.268s][info][gc,cpu         ] GC(10) User=0.00s Sys=0.00s Real=0.00s
[0.268s][info][gc,start       ] GC(11) Pause Full (Ergonomics)
[0.268s][info][gc,phases,start] GC(11) Marking Phase
[0.273s][info][gc,phases      ] GC(11) Marking Phase 5.155ms
[0.273s][info][gc,phases,start] GC(11) Summary Phase
[0.273s][info][gc,phases      ] GC(11) Summary Phase 0.014ms
[0.273s][info][gc,phases,start] GC(11) Adjust Roots
[0.274s][info][gc,phases      ] GC(11) Adjust Roots 0.389ms
[0.274s][info][gc,phases,start] GC(11) Compaction Phase
[0.281s][info][gc,phases      ] GC(11) Compaction Phase 7.423ms
[0.281s][info][gc,phases,start] GC(11) Post Compact
[0.281s][info][gc,phases      ] GC(11) Post Compact 0.055ms
[0.282s][info][gc,heap        ] GC(11) PSYoungGen: 4064K(9216K)->3545K(9216K) Eden: 0K(5120K)->0K(5120K) From: 4064K(4096K)->3545K(4096K)
[0.282s][info][gc,heap        ] GC(11) ParOldGen: 5455K(6144K)->5831K(10752K)
[0.282s][info][gc,metaspace   ] GC(11) Metaspace: 6300K(6464K)->6300K(6464K) NonClass: 5767K(5824K)->5767K(5824K) Class: 533K(640K)->533K(640K)
[0.282s][info][gc             ] GC(11) Pause Full (Ergonomics) 9M->9M(19M) 13.373ms
[0.282s][info][gc,cpu         ] GC(11) User=0.02s Sys=0.00s Real=0.01s
[0.289s][info][gc,start       ] GC(12) Pause Young (Allocation Failure)
[0.294s][info][gc,heap        ] GC(12) PSYoungGen: 8665K(9216K)->5088K(10240K) Eden: 5120K(5120K)->0K(5120K) From: 3545K(4096K)->5088K(5120K)
[0.294s][info][gc,heap        ] GC(12) ParOldGen: 5831K(10752K)->6951K(10752K)
[0.294s][info][gc,metaspace   ] GC(12) Metaspace: 6300K(6464K)->6300K(6464K) NonClass: 5767K(5824K)->5767K(5824K) Class: 533K(640K)->533K(640K)
[0.294s][info][gc             ] GC(12) Pause Young (Allocation Failure) 14M->11M(20M) 5.173ms
[0.294s][info][gc,cpu         ] GC(12) User=0.00s Sys=0.00s Real=0.01s
[0.298s][info][gc,start       ] GC(13) Pause Young (Allocation Failure)
[0.305s][info][gc,heap        ] GC(13) PSYoungGen: 10208K(10240K)->6464K(12800K) Eden: 5120K(5120K)->0K(6144K) From: 5088K(5120K)->6464K(6656K)
[0.305s][info][gc,heap        ] GC(13) ParOldGen: 6951K(10752K)->8223K(10752K)
[0.305s][info][gc,metaspace   ] GC(13) Metaspace: 6302K(6464K)->6302K(6464K) NonClass: 5768K(5824K)->5768K(5824K) Class: 533K(640K)->533K(640K)
[0.305s][info][gc             ] GC(13) Pause Young (Allocation Failure) 16M->14M(23M) 6.864ms
[0.305s][info][gc,cpu         ] GC(13) User=0.00s Sys=0.00s Real=0.01s
[0.310s][info][gc,start       ] GC(14) Pause Young (Allocation Failure)
[0.316s][info][gc,heap        ] GC(14) PSYoungGen: 12608K(12800K)->5792K(13824K) Eden: 6144K(6144K)->0K(6144K) From: 6464K(6656K)->5792K(7680K)
[0.316s][info][gc,heap        ] GC(14) ParOldGen: 8223K(10752K)->12119K(12288K)
[0.317s][info][gc,metaspace   ] GC(14) Metaspace: 6302K(6464K)->6302K(6464K) NonClass: 5768K(5824K)->5768K(5824K) Class: 533K(640K)->533K(640K)
[0.317s][info][gc             ] GC(14) Pause Young (Allocation Failure) 20M->17M(25M) 6.484ms
[0.317s][info][gc,cpu         ] GC(14) User=0.02s Sys=0.00s Real=0.01s
[0.317s][info][gc,start       ] GC(15) Pause Full (Ergonomics)
[0.317s][info][gc,phases,start] GC(15) Marking Phase
[0.325s][info][gc,phases      ] GC(15) Marking Phase 8.651ms
[0.325s][info][gc,phases,start] GC(15) Summary Phase
[0.325s][info][gc,phases      ] GC(15) Summary Phase 0.018ms
[0.325s][info][gc,phases,start] GC(15) Adjust Roots
[0.326s][info][gc,phases      ] GC(15) Adjust Roots 0.313ms
[0.326s][info][gc,phases,start] GC(15) Compaction Phase
[0.334s][info][gc,phases      ] GC(15) Compaction Phase 7.787ms
[0.334s][info][gc,phases,start] GC(15) Post Compact
[0.334s][info][gc,phases      ] GC(15) Post Compact 0.083ms
[0.334s][info][gc,heap        ] GC(15) PSYoungGen: 5792K(13824K)->5758K(13824K) Eden: 0K(6144K)->0K(6144K) From: 5792K(7680K)->5758K(7680K)
[0.334s][info][gc,heap        ] GC(15) ParOldGen: 12119K(12288K)->12005K(18944K)
[0.334s][info][gc,metaspace   ] GC(15) Metaspace: 6302K(6464K)->6302K(6464K) NonClass: 5768K(5824K)->5768K(5824K) Class: 533K(640K)->533K(640K)
[0.334s][info][gc             ] GC(15) Pause Full (Ergonomics) 17M->17M(32M) 17.275ms
[0.334s][info][gc,cpu         ] GC(15) User=0.02s Sys=0.00s Real=0.02s
[0.339s][info][gc,start       ] GC(16) Pause Young (Allocation Failure)
[0.346s][info][gc,heap        ] GC(16) PSYoungGen: 11902K(13824K)->3200K(15872K) Eden: 6144K(6144K)->0K(8704K) From: 5758K(7680K)->3200K(7168K)
[0.346s][info][gc,heap        ] GC(16) ParOldGen: 12005K(18944K)->17869K(18944K)
[0.346s][info][gc,metaspace   ] GC(16) Metaspace: 6302K(6464K)->6302K(6464K) NonClass: 5768K(5824K)->5768K(5824K) Class: 533K(640K)->533K(640K)
[0.346s][info][gc             ] GC(16) Pause Young (Allocation Failure) 23M->20M(34M) 7.868ms
[0.346s][info][gc,cpu         ] GC(16) User=0.00s Sys=0.00s Real=0.01s
[0.346s][info][gc,start       ] GC(17) Pause Full (Ergonomics)
[0.346s][info][gc,phases,start] GC(17) Marking Phase
[0.356s][info][gc,phases      ] GC(17) Marking Phase 9.974ms
[0.357s][info][gc,phases,start] GC(17) Summary Phase
[0.357s][info][gc,phases      ] GC(17) Summary Phase 0.018ms
[0.357s][info][gc,phases,start] GC(17) Adjust Roots
[0.357s][info][gc,phases      ] GC(17) Adjust Roots 0.256ms
[0.357s][info][gc,phases,start] GC(17) Compaction Phase
[0.363s][info][gc,phases      ] GC(17) Compaction Phase 6.598ms
[0.363s][info][gc,phases,start] GC(17) Post Compact
[0.364s][info][gc,phases      ] GC(17) Post Compact 0.170ms
[0.364s][info][gc,heap        ] GC(17) PSYoungGen: 3200K(15872K)->2146K(16384K) Eden: 0K(8704K)->0K(9216K) From: 3200K(7168K)->2146K(7168K)
[0.364s][info][gc,heap        ] GC(17) ParOldGen: 17869K(18944K)->18786K(28672K)
[0.364s][info][gc,metaspace   ] GC(17) Metaspace: 6302K(6464K)->6302K(6464K) NonClass: 5768K(5824K)->5768K(5824K) Class: 533K(640K)->533K(640K)
[0.364s][info][gc             ] GC(17) Pause Full (Ergonomics) 20M->20M(44M) 17.392ms
[0.364s][info][gc,cpu         ] GC(17) User=0.02s Sys=0.00s Real=0.02s
[0.373s][info][gc,start       ] GC(18) Pause Young (Allocation Failure)
[0.380s][info][gc,heap        ] GC(18) PSYoungGen: 11362K(16384K)->5280K(16896K) Eden: 9216K(9216K)->0K(9216K) From: 2146K(7168K)->5280K(7680K)
[0.380s][info][gc,heap        ] GC(18) ParOldGen: 18786K(28672K)->20978K(28672K)
[0.380s][info][gc,metaspace   ] GC(18) Metaspace: 6302K(6464K)->6302K(6464K) NonClass: 5768K(5824K)->5768K(5824K) Class: 533K(640K)->533K(640K)
[0.380s][info][gc             ] GC(18) Pause Young (Allocation Failure) 29M->25M(44M) 6.780ms
[0.380s][info][gc,cpu         ] GC(18) User=0.00s Sys=0.00s Real=0.01s
[0.385s][info][gc,start       ] GC(19) Pause Young (Allocation Failure)
[0.392s][info][gc,heap        ] GC(19) PSYoungGen: 14496K(16896K)->4800K(20480K) Eden: 9216K(9216K)->0K(12288K) From: 5280K(7680K)->4800K(8192K)
[0.393s][info][gc,heap        ] GC(19) ParOldGen: 20978K(28672K)->26306K(28672K)
[0.393s][info][gc,metaspace   ] GC(19) Metaspace: 6302K(6464K)->6302K(6464K) NonClass: 5768K(5824K)->5768K(5824K) Class: 533K(640K)->533K(640K)
[0.393s][info][gc             ] GC(19) Pause Young (Allocation Failure) 34M->30M(48M) 7.418ms
[0.393s][info][gc,cpu         ] GC(19) User=0.00s Sys=0.00s Real=0.01s
[0.393s][info][gc,start       ] GC(20) Pause Full (Ergonomics)
[0.393s][info][gc,phases,start] GC(20) Marking Phase
[0.405s][info][gc,phases      ] GC(20) Marking Phase 12.148ms
[0.405s][info][gc,phases,start] GC(20) Summary Phase
[0.405s][info][gc,phases      ] GC(20) Summary Phase 0.021ms
[0.405s][info][gc,phases,start] GC(20) Adjust Roots
[0.405s][info][gc,phases      ] GC(20) Adjust Roots 0.188ms
[0.405s][info][gc,phases,start] GC(20) Compaction Phase
[0.416s][info][gc,phases      ] GC(20) Compaction Phase 11.283ms
[0.416s][info][gc,phases,start] GC(20) Post Compact
[0.417s][info][gc,phases      ] GC(20) Post Compact 0.092ms
[0.417s][info][gc,heap        ] GC(20) PSYoungGen: 4800K(20480K)->2206K(20480K) Eden: 0K(12288K)->0K(12288K) From: 4800K(8192K)->2206K(8192K)
[0.417s][info][gc,heap        ] GC(20) ParOldGen: 26306K(28672K)->28232K(39936K)
[0.417s][info][gc,metaspace   ] GC(20) Metaspace: 6302K(6464K)->6302K(6464K) NonClass: 5768K(5824K)->5768K(5824K) Class: 533K(640K)->533K(640K)
[0.417s][info][gc             ] GC(20) Pause Full (Ergonomics) 30M->29M(59M) 24.160ms
[0.417s][info][gc,cpu         ] GC(20) User=0.02s Sys=0.00s Real=0.02s
[0.428s][info][gc,start       ] GC(21) Pause Young (Allocation Failure)
[0.440s][info][gc,heap        ] GC(21) PSYoungGen: 14494K(20480K)->8192K(20480K) Eden: 12288K(12288K)->0K(12288K) From: 2206K(8192K)->8192K(8192K)
[0.440s][info][gc,heap        ] GC(21) ParOldGen: 28232K(39936K)->33800K(39936K)
[0.440s][info][gc,metaspace   ] GC(21) Metaspace: 6302K(6464K)->6302K(6464K) NonClass: 5768K(5824K)->5768K(5824K) Class: 533K(640K)->533K(640K)
[0.440s][info][gc             ] GC(21) Pause Young (Allocation Failure) 41M->41M(59M) 11.669ms
[0.440s][info][gc,cpu         ] GC(21) User=0.00s Sys=0.00s Real=0.01s
[0.440s][info][gc,start       ] GC(22) Pause Full (Ergonomics)
[0.440s][info][gc,phases,start] GC(22) Marking Phase
[0.457s][info][gc,phases      ] GC(22) Marking Phase 17.271ms
[0.457s][info][gc,phases,start] GC(22) Summary Phase
[0.457s][info][gc,phases      ] GC(22) Summary Phase 0.015ms
[0.457s][info][gc,phases,start] GC(22) Adjust Roots
[0.458s][info][gc,phases      ] GC(22) Adjust Roots 0.205ms
[0.458s][info][gc,phases,start] GC(22) Compaction Phase
[0.469s][info][gc,phases      ] GC(22) Compaction Phase 11.378ms
[0.469s][info][gc,phases,start] GC(22) Post Compact
[0.469s][info][gc,phases      ] GC(22) Post Compact 0.199ms
[0.469s][info][gc,heap        ] GC(22) PSYoungGen: 8192K(20480K)->2044K(20480K) Eden: 0K(12288K)->0K(12288K) From: 8192K(8192K)->2044K(8192K)
[0.469s][info][gc,heap        ] GC(22) ParOldGen: 33800K(39936K)->39836K(54272K)
[0.469s][info][gc,metaspace   ] GC(22) Metaspace: 6302K(6464K)->6302K(6464K) NonClass: 5768K(5824K)->5768K(5824K) Class: 533K(640K)->533K(640K)
[0.469s][info][gc             ] GC(22) Pause Full (Ergonomics) 41M->40M(73M) 29.370ms
[0.469s][info][gc,cpu         ] GC(22) User=0.03s Sys=0.00s Real=0.03s
[0.485s][info][gc,start       ] GC(23) Pause Young (Allocation Failure)
[0.498s][info][gc,heap        ] GC(23) PSYoungGen: 14332K(20480K)->11744K(24064K) Eden: 12288K(12288K)->0K(12288K) From: 2044K(8192K)->11744K(11776K)
[0.498s][info][gc,heap        ] GC(23) ParOldGen: 39836K(54272K)->42468K(54272K)
[0.498s][info][gc,metaspace   ] GC(23) Metaspace: 6302K(6464K)->6302K(6464K) NonClass: 5768K(5824K)->5768K(5824K) Class: 533K(640K)->533K(640K)
[0.498s][info][gc             ] GC(23) Pause Young (Allocation Failure) 52M->52M(76M) 13.256ms
[0.498s][info][gc,cpu         ] GC(23) User=0.00s Sys=0.00s Real=0.01s
[0.510s][info][gc,start       ] GC(24) Pause Young (Allocation Failure)
[0.525s][info][gc,heap        ] GC(24) PSYoungGen: 24032K(24064K)->12320K(26624K) Eden: 12288K(12288K)->0K(12288K) From: 11744K(11776K)->12320K(14336K)
[0.525s][info][gc,heap        ] GC(24) ParOldGen: 42468K(54272K)->54348K(54784K)
[0.525s][info][gc,metaspace   ] GC(24) Metaspace: 6302K(6464K)->6302K(6464K) NonClass: 5768K(5824K)->5768K(5824K) Class: 533K(640K)->533K(640K)
[0.525s][info][gc             ] GC(24) Pause Young (Allocation Failure) 64M->65M(79M) 15.103ms
[0.525s][info][gc,cpu         ] GC(24) User=0.00s Sys=0.00s Real=0.01s
[0.525s][info][gc,start       ] GC(25) Pause Full (Ergonomics)
[0.525s][info][gc,phases,start] GC(25) Marking Phase
[0.550s][info][gc,phases      ] GC(25) Marking Phase 24.862ms
[0.550s][info][gc,phases,start] GC(25) Summary Phase
[0.550s][info][gc,phases      ] GC(25) Summary Phase 0.020ms
[0.550s][info][gc,phases,start] GC(25) Adjust Roots
[0.551s][info][gc,phases      ] GC(25) Adjust Roots 0.169ms
[0.551s][info][gc,phases,start] GC(25) Compaction Phase
[0.571s][info][gc,phases      ] GC(25) Compaction Phase 20.646ms
[0.571s][info][gc,phases,start] GC(25) Post Compact
[0.572s][info][gc,phases      ] GC(25) Post Compact 0.252ms
[0.572s][info][gc,heap        ] GC(25) PSYoungGen: 12320K(26624K)->10723K(26624K) Eden: 0K(12288K)->0K(12288K) From: 12320K(14336K)->10723K(14336K)
[0.572s][info][gc,heap        ] GC(25) ParOldGen: 54348K(54784K)->54651K(73728K)
[0.572s][info][gc,metaspace   ] GC(25) Metaspace: 6302K(6464K)->6302K(6464K) NonClass: 5768K(5824K)->5768K(5824K) Class: 533K(640K)->533K(640K)
[0.572s][info][gc             ] GC(25) Pause Full (Ergonomics) 65M->63M(98M) 46.310ms
[0.572s][info][gc,cpu         ] GC(25) User=0.03s Sys=0.00s Real=0.05s
[0.584s][info][gc,start       ] GC(26) Pause Young (Allocation Failure)
[0.603s][info][gc,heap        ] GC(26) PSYoungGen: 23011K(26624K)->12288K(30208K) Eden: 12288K(12288K)->0K(13824K) From: 10723K(14336K)->12288K(16384K)
[0.603s][info][gc,heap        ] GC(26) ParOldGen: 54651K(73728K)->65547K(73728K)
[0.603s][info][gc,metaspace   ] GC(26) Metaspace: 6302K(6464K)->6302K(6464K) NonClass: 5768K(5824K)->5768K(5824K) Class: 533K(640K)->533K(640K)
[0.603s][info][gc             ] GC(26) Pause Young (Allocation Failure) 75M->76M(101M) 19.282ms
[0.603s][info][gc,cpu         ] GC(26) User=0.02s Sys=0.02s Real=0.02s
[0.603s][info][gc,start       ] GC(27) Pause Full (Ergonomics)
[0.603s][info][gc,phases,start] GC(27) Marking Phase
[0.641s][info][gc,phases      ] GC(27) Marking Phase 37.942ms
[0.641s][info][gc,phases,start] GC(27) Summary Phase
[0.641s][info][gc,phases      ] GC(27) Summary Phase 0.016ms
[0.641s][info][gc,phases,start] GC(27) Adjust Roots
[0.642s][info][gc,phases      ] GC(27) Adjust Roots 0.185ms
[0.642s][info][gc,phases,start] GC(27) Compaction Phase
[0.661s][info][gc,phases      ] GC(27) Compaction Phase 18.896ms
[0.661s][info][gc,phases,start] GC(27) Post Compact
[0.661s][info][gc,phases      ] GC(27) Post Compact 0.351ms
[0.661s][info][gc,heap        ] GC(27) PSYoungGen: 12288K(30208K)->4082K(30208K) Eden: 0K(13824K)->0K(13824K) From: 12288K(16384K)->4082K(16384K)
[0.661s][info][gc,heap        ] GC(27) ParOldGen: 65547K(73728K)->73550K(96256K)
[0.661s][info][gc,metaspace   ] GC(27) Metaspace: 6302K(6464K)->6302K(6464K) NonClass: 5768K(5824K)->5768K(5824K) Class: 533K(640K)->533K(640K)
[0.661s][info][gc             ] GC(27) Pause Full (Ergonomics) 76M->75M(123M) 57.788ms
[0.661s][info][gc,cpu         ] GC(27) User=0.00s Sys=0.02s Real=0.06s
[0.673s][info][gc,start       ] GC(28) Pause Young (Allocation Failure)
[0.690s][info][gc,heap        ] GC(28) PSYoungGen: 15390K(30208K)->15232K(31232K) Eden: 11307K(13824K)->0K(13824K) From: 4082K(16384K)->15232K(17408K)
[0.690s][info][gc,heap        ] GC(28) ParOldGen: 73550K(96256K)->73550K(96256K)
[0.690s][info][gc,metaspace   ] GC(28) Metaspace: 6302K(6464K)->6302K(6464K) NonClass: 5768K(5824K)->5768K(5824K) Class: 533K(640K)->533K(640K)
[0.690s][info][gc             ] GC(28) Pause Young (Allocation Failure) 86M->86M(124M) 16.859ms
[0.690s][info][gc,cpu         ] GC(28) User=0.03s Sys=0.00s Real=0.02s
[0.711s][info][gc,start       ] GC(29) Pause Young (Allocation Failure)
[0.736s][info][gc,heap        ] GC(29) PSYoungGen: 29056K(31232K)->19424K(29184K) Eden: 13824K(13824K)->0K(9728K) From: 15232K(17408K)->19424K(19456K)
[0.736s][info][gc,heap        ] GC(29) ParOldGen: 73550K(96256K)->83302K(96256K)
[0.736s][info][gc,metaspace   ] GC(29) Metaspace: 6302K(6464K)->6302K(6464K) NonClass: 5768K(5824K)->5768K(5824K) Class: 533K(640K)->533K(640K)
[0.736s][info][gc             ] GC(29) Pause Young (Allocation Failure) 100M->100M(122M) 24.171ms
[0.736s][info][gc,cpu         ] GC(29) User=0.02s Sys=0.00s Real=0.02s
[0.744s][info][gc,start       ] GC(30) Pause Young (Allocation Failure)
[0.766s][info][gc,heap        ] GC(30) PSYoungGen: 29152K(29184K)->18880K(35840K) Eden: 9728K(9728K)->0K(9728K) From: 19424K(19456K)->18880K(26112K)
[0.766s][info][gc,heap        ] GC(30) ParOldGen: 83302K(96256K)->93758K(96256K)
[0.766s][info][gc,metaspace   ] GC(30) Metaspace: 6302K(6464K)->6302K(6464K) NonClass: 5768K(5824K)->5768K(5824K) Class: 533K(640K)->533K(640K)
[0.766s][info][gc             ] GC(30) Pause Young (Allocation Failure) 109M->109M(129M) 21.823ms
[0.766s][info][gc,cpu         ] GC(30) User=0.03s Sys=0.00s Real=0.02s
[0.766s][info][gc,start       ] GC(31) Pause Full (Ergonomics)
[0.766s][info][gc,phases,start] GC(31) Marking Phase
[0.798s][info][gc,phases      ] GC(31) Marking Phase 31.552ms
[0.798s][info][gc,phases,start] GC(31) Summary Phase
[0.798s][info][gc,phases      ] GC(31) Summary Phase 0.016ms
[0.798s][info][gc,phases,start] GC(31) Adjust Roots
[0.798s][info][gc,phases      ] GC(31) Adjust Roots 0.152ms
[0.798s][info][gc,phases,start] GC(31) Compaction Phase
[0.826s][info][gc,phases      ] GC(31) Compaction Phase 27.638ms
[0.826s][info][gc,phases,start] GC(31) Post Compact
[0.826s][info][gc,phases      ] GC(31) Post Compact 0.715ms
[0.827s][info][gc,heap        ] GC(31) PSYoungGen: 18880K(35840K)->14200K(35840K) Eden: 0K(9728K)->0K(9728K) From: 18880K(26112K)->14200K(26112K)
[0.827s][info][gc,heap        ] GC(31) ParOldGen: 93758K(96256K)->95981K(122880K)
[0.827s][info][gc,metaspace   ] GC(31) Metaspace: 6302K(6464K)->6302K(6464K) NonClass: 5768K(5824K)->5768K(5824K) Class: 533K(640K)->533K(640K)
[0.827s][info][gc             ] GC(31) Pause Full (Ergonomics) 109M->107M(155M) 60.639ms
[0.827s][info][gc,cpu         ] GC(31) User=0.09s Sys=0.00s Real=0.06s
[0.836s][info][gc,start       ] GC(32) Pause Young (Allocation Failure)
[0.859s][info][gc,heap        ] GC(32) PSYoungGen: 23928K(35840K)->19264K(38912K) Eden: 9728K(9728K)->0K(10752K) From: 14200K(26112K)->19264K(28160K)
[0.859s][info][gc,heap        ] GC(32) ParOldGen: 95981K(122880K)->100789K(122880K)
[0.859s][info][gc,metaspace   ] GC(32) Metaspace: 6302K(6464K)->6302K(6464K) NonClass: 5768K(5824K)->5768K(5824K) Class: 533K(640K)->533K(640K)
[0.859s][info][gc             ] GC(32) Pause Young (Allocation Failure) 117M->117M(158M) 23.014ms
[0.859s][info][gc,cpu         ] GC(32) User=0.02s Sys=0.00s Real=0.02s
[0.869s][info][gc,start       ] GC(33) Pause Young (Allocation Failure)
[0.888s][info][gc,heap        ] GC(33) PSYoungGen: 30016K(38912K)->29696K(40448K) Eden: 10752K(10752K)->0K(10752K) From: 19264K(28160K)->29696K(29696K)
[0.889s][info][gc,heap        ] GC(33) ParOldGen: 100789K(122880K)->101069K(122880K)
[0.889s][info][gc,metaspace   ] GC(33) Metaspace: 6302K(6464K)->6302K(6464K) NonClass: 5768K(5824K)->5768K(5824K) Class: 533K(640K)->533K(640K)
[0.889s][info][gc             ] GC(33) Pause Young (Allocation Failure) 127M->127M(159M) 19.839ms
[0.889s][info][gc,cpu         ] GC(33) User=0.05s Sys=0.00s Real=0.02s
[0.899s][info][gc,start       ] GC(34) Pause Young (Allocation Failure)
[0.926s][info][gc,heap        ] GC(34) PSYoungGen: 40448K(40448K)->21440K(47616K) Eden: 10752K(10752K)->0K(12800K) From: 29696K(29696K)->21440K(34816K)
[0.926s][info][gc,heap        ] GC(34) ParOldGen: 101069K(122880K)->120405K(122880K)
[0.926s][info][gc,metaspace   ] GC(34) Metaspace: 6302K(6464K)->6302K(6464K) NonClass: 5768K(5824K)->5768K(5824K) Class: 533K(640K)->533K(640K)
[0.926s][info][gc             ] GC(34) Pause Young (Allocation Failure) 138M->138M(166M) 26.371ms
[0.926s][info][gc,cpu         ] GC(34) User=0.03s Sys=0.00s Real=0.03s
[0.926s][info][gc,start       ] GC(35) Pause Full (Ergonomics)
[0.926s][info][gc,phases,start] GC(35) Marking Phase
[0.969s][info][gc,phases      ] GC(35) Marking Phase 42.586ms
[0.969s][info][gc,phases,start] GC(35) Summary Phase
[0.969s][info][gc,phases      ] GC(35) Summary Phase 0.021ms
[0.969s][info][gc,phases,start] GC(35) Adjust Roots
[0.969s][info][gc,phases      ] GC(35) Adjust Roots 0.217ms
[0.969s][info][gc,phases,start] GC(35) Compaction Phase
[0.992s][info][gc,phases      ] GC(35) Compaction Phase 22.811ms
[0.992s][info][gc,phases,start] GC(35) Post Compact
[0.992s][info][gc,phases      ] GC(35) Post Compact 0.672ms
[0.993s][info][gc,heap        ] GC(35) PSYoungGen: 21440K(47616K)->18769K(47616K) Eden: 0K(12800K)->0K(12800K) From: 21440K(34816K)->18769K(34816K)
[0.993s][info][gc,heap        ] GC(35) ParOldGen: 120405K(122880K)->122550K(154624K)
[0.993s][info][gc,metaspace   ] GC(35) Metaspace: 6302K(6464K)->6302K(6464K) NonClass: 5768K(5824K)->5768K(5824K) Class: 533K(640K)->533K(640K)
[0.993s][info][gc             ] GC(35) Pause Full (Ergonomics) 138M->138M(197M) 67.056ms
[0.993s][info][gc,cpu         ] GC(35) User=0.17s Sys=0.00s Real=0.07s
[1.006s][info][gc,start       ] GC(36) Pause Young (Allocation Failure)
[1.033s][info][gc,heap        ] GC(36) PSYoungGen: 31569K(47616K)->12896K(48128K) Eden: 12800K(12800K)->0K(12800K) From: 18769K(34816K)->12896K(35328K)
[1.033s][info][gc,heap        ] GC(36) ParOldGen: 122550K(154624K)->141622K(154624K)
[1.033s][info][gc,metaspace   ] GC(36) Metaspace: 6302K(6464K)->6302K(6464K) NonClass: 5768K(5824K)->5768K(5824K) Class: 533K(640K)->533K(640K)
[1.033s][info][gc             ] GC(36) Pause Young (Allocation Failure) 150M->150M(198M) 26.922ms
[1.033s][info][gc,cpu         ] GC(36) User=0.03s Sys=0.00s Real=0.03s
[1.033s][info][gc,start       ] GC(37) Pause Full (Ergonomics)
[1.033s][info][gc,phases,start] GC(37) Marking Phase
[1.084s][info][gc,phases      ] GC(37) Marking Phase 50.032ms
[1.084s][info][gc,phases,start] GC(37) Summary Phase
[1.084s][info][gc,phases      ] GC(37) Summary Phase 0.019ms
[1.084s][info][gc,phases,start] GC(37) Adjust Roots
[1.084s][info][gc,phases      ] GC(37) Adjust Roots 0.167ms
[1.084s][info][gc,phases,start] GC(37) Compaction Phase
[1.107s][info][gc,phases      ] GC(37) Compaction Phase 23.401ms
[1.107s][info][gc,phases,start] GC(37) Post Compact
[1.108s][info][gc,phases      ] GC(37) Post Compact 0.730ms
[1.108s][info][gc,heap        ] GC(37) PSYoungGen: 12896K(48128K)->0K(48128K) Eden: 0K(12800K)->0K(14848K) From: 12896K(35328K)->0K(33280K)
[1.108s][info][gc,heap        ] GC(37) ParOldGen: 141622K(154624K)->154089K(191488K)
[1.108s][info][gc,metaspace   ] GC(37) Metaspace: 6302K(6464K)->6302K(6464K) NonClass: 5768K(5824K)->5768K(5824K) Class: 533K(640K)->533K(640K)
[1.108s][info][gc             ] GC(37) Pause Full (Ergonomics) 150M->150M(234M) 74.888ms
[1.108s][info][gc,cpu         ] GC(37) User=0.22s Sys=0.00s Real=0.07s
[1.123s][info][gc,start       ] GC(38) Pause Young (Allocation Failure)
[1.132s][info][gc,heap        ] GC(38) PSYoungGen: 14848K(48128K)->14912K(48640K) Eden: 14848K(14848K)->0K(14848K) From: 0K(33280K)->14912K(33792K)
[1.132s][info][gc,heap        ] GC(38) ParOldGen: 154089K(191488K)->154089K(191488K)
[1.132s][info][gc,metaspace   ] GC(38) Metaspace: 6302K(6464K)->6302K(6464K) NonClass: 5768K(5824K)->5768K(5824K) Class: 533K(640K)->533K(640K)
[1.132s][info][gc             ] GC(38) Pause Young (Allocation Failure) 164M->165M(234M) 8.843ms
[1.132s][info][gc,cpu         ] GC(38) User=0.02s Sys=0.00s Real=0.01s
[1.171s][info][gc,start       ] GC(39) Pause Young (Allocation Failure)
[1.191s][info][gc,heap        ] GC(39) PSYoungGen: 29760K(48640K)->29792K(44544K) Eden: 14848K(14848K)->0K(12800K) From: 14912K(33792K)->29792K(31744K)
[1.191s][info][gc,heap        ] GC(39) ParOldGen: 162281K(191488K)->162281K(191488K)
[1.191s][info][gc,metaspace   ] GC(39) Metaspace: 6302K(6464K)->6302K(6464K) NonClass: 5768K(5824K)->5768K(5824K) Class: 533K(640K)->533K(640K)
[1.191s][info][gc             ] GC(39) Pause Young (Allocation Failure) 187M->187M(230M) 19.630ms
[1.191s][info][gc,cpu         ] GC(39) User=0.00s Sys=0.00s Real=0.02s
[1.203s][info][gc,start       ] GC(40) Pause Young (Allocation Failure)
[1.225s][info][gc,heap        ] GC(40) PSYoungGen: 42592K(44544K)->35840K(48640K) Eden: 12800K(12800K)->0K(12800K) From: 29792K(31744K)->35840K(35840K)
[1.225s][info][gc,heap        ] GC(40) ParOldGen: 162281K(191488K)->169041K(191488K)
[1.225s][info][gc,metaspace   ] GC(40) Metaspace: 6302K(6464K)->6302K(6464K) NonClass: 5768K(5824K)->5768K(5824K) Class: 533K(640K)->533K(640K)
[1.225s][info][gc             ] GC(40) Pause Young (Allocation Failure) 200M->200M(234M) 21.438ms
[1.225s][info][gc,cpu         ] GC(40) User=0.05s Sys=0.00s Real=0.02s
[1.237s][info][gc,start       ] GC(41) Pause Young (Allocation Failure)
[1.263s][info][gc,heap        ] GC(41) PSYoungGen: 48640K(48640K)->24352K(57856K) Eden: 12800K(12800K)->0K(14848K) From: 35840K(35840K)->24352K(43008K)
[1.263s][info][gc,heap        ] GC(41) ParOldGen: 169041K(191488K)->193745K(194048K)
[1.263s][info][gc,metaspace   ] GC(41) Metaspace: 6302K(6464K)->6302K(6464K) NonClass: 5768K(5824K)->5768K(5824K) Class: 533K(640K)->533K(640K)
[1.263s][info][gc             ] GC(41) Pause Young (Allocation Failure) 212M->212M(246M) 25.348ms
[1.263s][info][gc,cpu         ] GC(41) User=0.03s Sys=0.02s Real=0.02s
[1.263s][info][gc,start       ] GC(42) Pause Full (Ergonomics)
[1.263s][info][gc,phases,start] GC(42) Marking Phase
[1.323s][info][gc,phases      ] GC(42) Marking Phase 59.837ms
[1.323s][info][gc,phases,start] GC(42) Summary Phase
[1.323s][info][gc,phases      ] GC(42) Summary Phase 0.016ms
[1.323s][info][gc,phases,start] GC(42) Adjust Roots
[1.323s][info][gc,phases      ] GC(42) Adjust Roots 0.150ms
[1.323s][info][gc,phases,start] GC(42) Compaction Phase
[1.364s][info][gc,phases      ] GC(42) Compaction Phase 40.714ms
[1.364s][info][gc,phases,start] GC(42) Post Compact
[1.365s][info][gc,phases      ] GC(42) Post Compact 0.953ms
[1.365s][info][gc,heap        ] GC(42) PSYoungGen: 24352K(57856K)->19615K(58368K) Eden: 0K(14848K)->0K(15360K) From: 24352K(43008K)->19615K(43008K)
[1.365s][info][gc,heap        ] GC(42) ParOldGen: 193745K(194048K)->193744K(236544K)
[1.365s][info][gc,metaspace   ] GC(42) Metaspace: 6302K(6464K)->6302K(6464K) NonClass: 5768K(5824K)->5768K(5824K) Class: 533K(640K)->533K(640K)
[1.365s][info][gc             ] GC(42) Pause Full (Ergonomics) 212M->208M(288M) 102.163ms
[1.365s][info][gc,cpu         ] GC(42) User=0.27s Sys=0.02s Real=0.10s
[1.382s][info][gc,start       ] GC(43) Pause Young (Allocation Failure)
[1.407s][info][gc,heap        ] GC(43) PSYoungGen: 34975K(58368K)->25888K(58880K) Eden: 15360K(15360K)->0K(15360K) From: 19615K(43008K)->25888K(43520K)
[1.408s][info][gc,heap        ] GC(43) ParOldGen: 193744K(236544K)->203112K(236544K)
[1.408s][info][gc,metaspace   ] GC(43) Metaspace: 6302K(6464K)->6302K(6464K) NonClass: 5768K(5824K)->5768K(5824K) Class: 533K(640K)->533K(640K)
[1.408s][info][gc             ] GC(43) Pause Young (Allocation Failure) 223M->223M(288M) 25.358ms
[1.408s][info][gc,cpu         ] GC(43) User=0.09s Sys=0.00s Real=0.03s
[1.424s][info][gc,start       ] GC(44) Pause Young (Allocation Failure)
[1.445s][info][gc,heap        ] GC(44) PSYoungGen: 41248K(58880K)->41248K(55808K) Eden: 15360K(15360K)->0K(12288K) From: 25888K(43520K)->41248K(43520K)
[1.445s][info][gc,heap        ] GC(44) ParOldGen: 203112K(236544K)->203112K(236544K)
[1.445s][info][gc,metaspace   ] GC(44) Metaspace: 6302K(6464K)->6302K(6464K) NonClass: 5768K(5824K)->5768K(5824K) Class: 533K(640K)->533K(640K)
[1.445s][info][gc             ] GC(44) Pause Young (Allocation Failure) 238M->238M(285M) 20.909ms
[1.445s][info][gc,cpu         ] GC(44) User=0.06s Sys=0.02s Real=0.02s
[1.458s][info][gc,start       ] GC(45) Pause Young (Allocation Failure)
[1.482s][info][gc,heap        ] GC(45) PSYoungGen: 53536K(55808K)->43104K(61440K) Eden: 12288K(12288K)->0K(12288K) From: 41248K(43520K)->43104K(49152K)
[1.482s][info][gc,heap        ] GC(45) ParOldGen: 203112K(236544K)->213680K(236544K)
[1.482s][info][gc,metaspace   ] GC(45) Metaspace: 6302K(6464K)->6302K(6464K) NonClass: 5768K(5824K)->5768K(5824K) Class: 533K(640K)->533K(640K)
[1.482s][info][gc             ] GC(45) Pause Young (Allocation Failure) 250M->250M(291M) 24.084ms
[1.482s][info][gc,cpu         ] GC(45) User=0.09s Sys=0.00s Real=0.02s
[1.496s][info][gc,start       ] GC(46) Pause Young (Allocation Failure)
[1.522s][info][gc,heap        ] GC(46) PSYoungGen: 55392K(61440K)->40032K(65536K) Eden: 12288K(12288K)->0K(11264K) From: 43104K(49152K)->40032K(54272K)
[1.522s][info][gc,heap        ] GC(46) ParOldGen: 213680K(236544K)->229256K(236544K)
[1.522s][info][gc,metaspace   ] GC(46) Metaspace: 6302K(6464K)->6302K(6464K) NonClass: 5768K(5824K)->5768K(5824K) Class: 533K(640K)->533K(640K)
[1.522s][info][gc             ] GC(46) Pause Young (Allocation Failure) 262M->262M(295M) 26.103ms
[1.522s][info][gc,cpu         ] GC(46) User=0.11s Sys=0.02s Real=0.03s
[1.522s][info][gc,start       ] GC(47) Pause Full (Ergonomics)
[1.522s][info][gc,phases,start] GC(47) Marking Phase
[1.581s][info][gc,phases      ] GC(47) Marking Phase 59.001ms
[1.581s][info][gc,phases,start] GC(47) Summary Phase
[1.581s][info][gc,phases      ] GC(47) Summary Phase 0.018ms
[1.581s][info][gc,phases,start] GC(47) Adjust Roots
[1.581s][info][gc,phases      ] GC(47) Adjust Roots 0.151ms
[1.581s][info][gc,phases,start] GC(47) Compaction Phase
[1.612s][info][gc,phases      ] GC(47) Compaction Phase 31.113ms
[1.612s][info][gc,phases,start] GC(47) Post Compact
[1.613s][info][gc,phases      ] GC(47) Post Compact 1.125ms
[1.614s][info][gc,heap        ] GC(47) PSYoungGen: 40032K(65536K)->32176K(65536K) Eden: 0K(11264K)->0K(11264K) From: 40032K(54272K)->32176K(54272K)
[1.614s][info][gc,heap        ] GC(47) ParOldGen: 229256K(236544K)->236350K(280576K)
[1.614s][info][gc,metaspace   ] GC(47) Metaspace: 6302K(6464K)->6302K(6464K) NonClass: 5768K(5824K)->5768K(5824K) Class: 533K(640K)->533K(640K)
[1.614s][info][gc             ] GC(47) Pause Full (Ergonomics) 262M->262M(338M) 91.881ms
[1.614s][info][gc,cpu         ] GC(47) User=0.38s Sys=0.02s Real=0.09s
[1.626s][info][gc,start       ] GC(48) Pause Young (Allocation Failure)
[1.654s][info][gc,heap        ] GC(48) PSYoungGen: 43440K(65536K)->21376K(32768K) Eden: 11264K(11264K)->0K(11264K) From: 32176K(54272K)->21376K(21504K)
[1.655s][info][gc,heap        ] GC(48) ParOldGen: 236350K(280576K)->258894K(280576K)
[1.655s][info][gc,metaspace   ] GC(48) Metaspace: 6302K(6464K)->6302K(6464K) NonClass: 5768K(5824K)->5768K(5824K) Class: 533K(640K)->533K(640K)
[1.655s][info][gc             ] GC(48) Pause Young (Allocation Failure) 273M->273M(306M) 28.599ms
[1.655s][info][gc,cpu         ] GC(48) User=0.12s Sys=0.00s Real=0.03s
[1.655s][info][gc,start       ] GC(49) Pause Full (Ergonomics)
[1.655s][info][gc,phases,start] GC(49) Marking Phase
[1.719s][info][gc,phases      ] GC(49) Marking Phase 64.425ms
[1.719s][info][gc,phases,start] GC(49) Summary Phase
[1.719s][info][gc,phases      ] GC(49) Summary Phase 0.029ms
[1.719s][info][gc,phases,start] GC(49) Adjust Roots
[1.719s][info][gc,phases      ] GC(49) Adjust Roots 0.153ms
[1.719s][info][gc,phases,start] GC(49) Compaction Phase
[1.748s][info][gc,phases      ] GC(49) Compaction Phase 28.268ms
[1.748s][info][gc,phases,start] GC(49) Post Compact
[1.749s][info][gc,phases      ] GC(49) Post Compact 1.398ms
[1.749s][info][gc,heap        ] GC(49) PSYoungGen: 21376K(32768K)->0K(67072K) Eden: 0K(11264K)->0K(12800K) From: 21376K(21504K)->0K(54272K)
[1.749s][info][gc,heap        ] GC(49) ParOldGen: 258894K(280576K)->279755K(330240K)
[1.749s][info][gc,metaspace   ] GC(49) Metaspace: 6302K(6464K)->6302K(6464K) NonClass: 5768K(5824K)->5768K(5824K) Class: 533K(640K)->533K(640K)
[1.749s][info][gc             ] GC(49) Pause Full (Ergonomics) 273M->273M(388M) 94.867ms
[1.750s][info][gc,cpu         ] GC(49) User=0.50s Sys=0.00s Real=0.10s
[1.765s][info][gc,start       ] GC(50) Pause Young (Allocation Failure)
[1.772s][info][gc,heap        ] GC(50) PSYoungGen: 12800K(67072K)->12960K(67584K) Eden: 12800K(12800K)->0K(12800K) From: 0K(54272K)->12960K(54784K)
[1.772s][info][gc,heap        ] GC(50) ParOldGen: 279755K(330240K)->279755K(330240K)
[1.772s][info][gc,metaspace   ] GC(50) Metaspace: 6302K(6464K)->6302K(6464K) NonClass: 5768K(5824K)->5768K(5824K) Class: 533K(640K)->533K(640K)
[1.772s][info][gc             ] GC(50) Pause Young (Allocation Failure) 285M->285M(388M) 7.771ms
[1.772s][info][gc,cpu         ] GC(50) User=0.02s Sys=0.00s Real=0.01s
[1.787s][info][gc,start       ] GC(51) Pause Young (Allocation Failure)
[1.800s][info][gc,heap        ] GC(51) PSYoungGen: 25760K(67584K)->25728K(64512K) Eden: 12800K(12800K)->0K(14848K) From: 12960K(54784K)->25728K(49664K)
[1.800s][info][gc,heap        ] GC(51) ParOldGen: 279755K(330240K)->279755K(330240K)
[1.800s][info][gc,metaspace   ] GC(51) Metaspace: 6302K(6464K)->6302K(6464K) NonClass: 5768K(5824K)->5768K(5824K) Class: 533K(640K)->533K(640K)
[1.800s][info][gc             ] GC(51) Pause Young (Allocation Failure) 298M->298M(385M) 13.446ms
[1.800s][info][gc,cpu         ] GC(51) User=0.00s Sys=0.00s Real=0.01s
[1.818s][info][gc,start       ] GC(52) Pause Young (Allocation Failure)
[1.837s][info][gc,heap        ] GC(52) PSYoungGen: 40576K(64512K)->40544K(66560K) Eden: 14848K(14848K)->0K(14848K) From: 25728K(49664K)->40544K(51712K)
[1.837s][info][gc,heap        ] GC(52) ParOldGen: 279755K(330240K)->279755K(330240K)
[1.837s][info][gc,metaspace   ] GC(52) Metaspace: 6302K(6464K)->6302K(6464K) NonClass: 5768K(5824K)->5768K(5824K) Class: 533K(640K)->533K(640K)
[1.837s][info][gc             ] GC(52) Pause Young (Allocation Failure) 312M->312M(387M) 19.055ms
[1.837s][info][gc,cpu         ] GC(52) User=0.12s Sys=0.00s Real=0.02s
[1.854s][info][gc,start       ] GC(53) Pause Young (Allocation Failure)
[1.880s][info][gc,heap        ] GC(53) PSYoungGen: 55392K(66560K)->55296K(64512K) Eden: 14848K(14848K)->0K(9216K) From: 40544K(51712K)->55296K(55296K)
[1.880s][info][gc,heap        ] GC(53) ParOldGen: 279755K(330240K)->279843K(330240K)
[1.880s][info][gc,metaspace   ] GC(53) Metaspace: 6302K(6464K)->6302K(6464K) NonClass: 5768K(5824K)->5768K(5824K) Class: 533K(640K)->533K(640K)
[1.880s][info][gc             ] GC(53) Pause Young (Allocation Failure) 327M->327M(385M) 25.446ms
[1.880s][info][gc,cpu         ] GC(53) User=0.12s Sys=0.02s Real=0.03s
[1.890s][info][gc,start       ] GC(54) Pause Young (Allocation Failure)
[1.918s][info][gc,heap        ] GC(54) PSYoungGen: 64512K(64512K)->51744K(72192K) Eden: 9216K(9216K)->0K(9216K) From: 55296K(55296K)->51744K(62976K)
[1.918s][info][gc,heap        ] GC(54) ParOldGen: 279843K(330240K)->292811K(330240K)
[1.918s][info][gc,metaspace   ] GC(54) Metaspace: 6302K(6464K)->6302K(6464K) NonClass: 5768K(5824K)->5768K(5824K) Class: 533K(640K)->533K(640K)
[1.918s][info][gc             ] GC(54) Pause Young (Allocation Failure) 336M->336M(393M) 27.868ms
[1.918s][info][gc,cpu         ] GC(54) User=0.14s Sys=0.00s Real=0.03s
[1.991s][info][gc,start       ] GC(55) Pause Full (Ergonomics)
[1.991s][info][gc,phases,start] GC(55) Marking Phase
[2.070s][info][gc,phases      ] GC(55) Marking Phase 79.141ms
[2.070s][info][gc,phases,start] GC(55) Summary Phase
[2.070s][info][gc,phases      ] GC(55) Summary Phase 0.029ms
[2.070s][info][gc,phases,start] GC(55) Adjust Roots
[2.071s][info][gc,phases      ] GC(55) Adjust Roots 0.148ms
[2.071s][info][gc,phases,start] GC(55) Compaction Phase
[2.140s][info][gc,phases      ] GC(55) Compaction Phase 69.905ms
[2.141s][info][gc,phases,start] GC(55) Post Compact
[2.142s][info][gc,phases      ] GC(55) Post Compact 1.834ms
[2.143s][info][gc,heap        ] GC(55) PSYoungGen: 60960K(72192K)->31584K(72192K) Eden: 9216K(9216K)->0K(9216K) From: 51744K(62976K)->31584K(62976K)
[2.143s][info][gc,heap        ] GC(55) ParOldGen: 309195K(330240K)->329897K(380416K)
[2.143s][info][gc,metaspace   ] GC(55) Metaspace: 6302K(6464K)->6302K(6464K) NonClass: 5768K(5824K)->5768K(5824K) Class: 533K(640K)->533K(640K)
[2.143s][info][gc             ] GC(55) Pause Full (Ergonomics) 361M->353M(442M) 151.638ms
[2.143s][info][gc,cpu         ] GC(55) User=0.70s Sys=0.03s Real=0.15s
[2.154s][info][gc,start       ] GC(56) Pause Young (Allocation Failure)
[2.186s][info][gc,heap        ] GC(56) PSYoungGen: 40800K(72192K)->32768K(71680K) Eden: 9216K(9216K)->0K(10240K) From: 31584K(62976K)->32768K(61440K)
[2.186s][info][gc,heap        ] GC(56) ParOldGen: 329897K(380416K)->338201K(380416K)
[2.186s][info][gc,metaspace   ] GC(56) Metaspace: 6302K(6464K)->6302K(6464K) NonClass: 5768K(5824K)->5768K(5824K) Class: 533K(640K)->533K(640K)
[2.186s][info][gc             ] GC(56) Pause Young (Allocation Failure) 362M->362M(441M) 31.959ms
[2.186s][info][gc,cpu         ] GC(56) User=0.12s Sys=0.02s Real=0.03s
[2.195s][info][gc,start       ] GC(57) Pause Young (Allocation Failure)
[2.215s][info][gc,heap        ] GC(57) PSYoungGen: 43008K(71680K)->43040K(75264K) Eden: 10240K(10240K)->0K(10240K) From: 32768K(61440K)->43040K(65024K)
[2.215s][info][gc,heap        ] GC(57) ParOldGen: 338201K(380416K)->338201K(380416K)
[2.215s][info][gc,metaspace   ] GC(57) Metaspace: 6302K(6464K)->6302K(6464K) NonClass: 5768K(5824K)->5768K(5824K) Class: 533K(640K)->533K(640K)
[2.215s][info][gc             ] GC(57) Pause Young (Allocation Failure) 372M->372M(445M) 19.465ms
[2.215s][info][gc,cpu         ] GC(57) User=0.12s Sys=0.00s Real=0.02s
[2.226s][info][gc,start       ] GC(58) Pause Young (Allocation Failure)
[2.249s][info][gc,heap        ] GC(58) PSYoungGen: 53280K(75264K)->44640K(76288K) Eden: 10240K(10240K)->0K(10240K) From: 43040K(65024K)->44640K(66048K)
[2.250s][info][gc,heap        ] GC(58) ParOldGen: 338201K(380416K)->346913K(380416K)
[2.250s][info][gc,metaspace   ] GC(58) Metaspace: 6302K(6464K)->6302K(6464K) NonClass: 5768K(5824K)->5768K(5824K) Class: 533K(640K)->533K(640K)
[2.250s][info][gc             ] GC(58) Pause Young (Allocation Failure) 382M->382M(446M) 23.502ms
[2.250s][info][gc,cpu         ] GC(58) User=0.12s Sys=0.00s Real=0.02s
[2.259s][info][gc,start       ] GC(59) Pause Young (Allocation Failure)
[2.284s][info][gc,heap        ] GC(59) PSYoungGen: 54880K(76288K)->40096K(77824K) Eden: 10240K(10240K)->0K(10240K) From: 44640K(66048K)->40096K(67584K)
[2.284s][info][gc,heap        ] GC(59) ParOldGen: 346913K(380416K)->361953K(380416K)
[2.284s][info][gc,metaspace   ] GC(59) Metaspace: 6302K(6464K)->6302K(6464K) NonClass: 5768K(5824K)->5768K(5824K) Class: 533K(640K)->533K(640K)
[2.284s][info][gc             ] GC(59) Pause Young (Allocation Failure) 392M->392M(447M) 24.421ms
[2.284s][info][gc,cpu         ] GC(59) User=0.11s Sys=0.02s Real=0.02s
[2.284s][info][gc,start       ] GC(60) Pause Full (Ergonomics)
[2.284s][info][gc,phases,start] GC(60) Marking Phase
[2.371s][info][gc,phases      ] GC(60) Marking Phase 87.284ms
[2.371s][info][gc,phases,start] GC(60) Summary Phase
[2.371s][info][gc,phases      ] GC(60) Summary Phase 0.043ms
[2.371s][info][gc,phases,start] GC(60) Adjust Roots
[2.372s][info][gc,phases      ] GC(60) Adjust Roots 0.209ms
[2.372s][info][gc,phases,start] GC(60) Compaction Phase
[2.419s][info][gc,phases      ] GC(60) Compaction Phase 47.873ms
[2.420s][info][gc,phases,start] GC(60) Post Compact
[2.422s][info][gc,phases      ] GC(60) Post Compact 1.972ms
[2.422s][info][gc,heap        ] GC(60) PSYoungGen: 40096K(77824K)->20907K(77824K) Eden: 0K(10240K)->0K(10240K) From: 40096K(67584K)->20907K(67584K)
[2.422s][info][gc,heap        ] GC(60) ParOldGen: 361953K(380416K)->380386K(432128K)
[2.422s][info][gc,metaspace   ] GC(60) Metaspace: 6302K(6464K)->6302K(6464K) NonClass: 5768K(5824K)->5768K(5824K) Class: 533K(640K)->533K(640K)
[2.422s][info][gc             ] GC(60) Pause Full (Ergonomics) 392M->391M(498M) 137.955ms
[2.422s][info][gc,cpu         ] GC(60) User=0.84s Sys=0.00s Real=0.14s
[2.434s][info][gc,start       ] GC(61) Pause Young (Allocation Failure)
[2.465s][info][gc,heap        ] GC(61) PSYoungGen: 31147K(77824K)->21088K(76288K) Eden: 10240K(10240K)->0K(11776K) From: 20907K(67584K)->21088K(64512K)
[2.465s][info][gc,heap        ] GC(61) ParOldGen: 380386K(432128K)->390754K(432128K)
[2.465s][info][gc,metaspace   ] GC(61) Metaspace: 6302K(6464K)->6302K(6464K) NonClass: 5768K(5824K)->5768K(5824K) Class: 533K(640K)->533K(640K)
[2.465s][info][gc             ] GC(61) Pause Young (Allocation Failure) 401M->402M(496M) 31.346ms
[2.465s][info][gc,cpu         ] GC(61) User=0.09s Sys=0.03s Real=0.03s
[2.477s][info][gc,start       ] GC(62) Pause Young (Allocation Failure)
[2.495s][info][gc,heap        ] GC(62) PSYoungGen: 32864K(76288K)->27616K(39424K) Eden: 11776K(11776K)->0K(11776K) From: 21088K(64512K)->27616K(27648K)
[2.495s][info][gc,heap        ] GC(62) ParOldGen: 390754K(432128K)->396130K(432128K)
[2.495s][info][gc,metaspace   ] GC(62) Metaspace: 6302K(6464K)->6302K(6464K) NonClass: 5768K(5824K)->5768K(5824K) Class: 533K(640K)->533K(640K)
[2.495s][info][gc             ] GC(62) Pause Young (Allocation Failure) 413M->413M(460M) 17.698ms
[2.495s][info][gc,cpu         ] GC(62) User=0.11s Sys=0.00s Real=0.02s
[2.507s][info][gc,start       ] GC(63) Pause Young (Allocation Failure)
[2.527s][info][gc,heap        ] GC(63) PSYoungGen: 39392K(39424K)->33888K(71680K) Eden: 11776K(11776K)->0K(13824K) From: 27616K(27648K)->33888K(57856K)
[2.527s][info][gc,heap        ] GC(63) ParOldGen: 396130K(432128K)->401666K(432128K)
[2.527s][info][gc,metaspace   ] GC(63) Metaspace: 6302K(6464K)->6302K(6464K) NonClass: 5768K(5824K)->5768K(5824K) Class: 533K(640K)->533K(640K)
[2.527s][info][gc             ] GC(63) Pause Young (Allocation Failure) 425M->425M(492M) 20.039ms
[2.527s][info][gc,cpu         ] GC(63) User=0.09s Sys=0.00s Real=0.02s
[2.542s][info][gc,start       ] GC(64) Pause Young (Allocation Failure)
[2.567s][info][gc,heap        ] GC(64) PSYoungGen: 47712K(71680K)->25728K(74240K) Eden: 13824K(13824K)->0K(13824K) From: 33888K(57856K)->25728K(60416K)
[2.567s][info][gc,heap        ] GC(64) ParOldGen: 401666K(432128K)->423970K(432128K)
[2.567s][info][gc,metaspace   ] GC(64) Metaspace: 6302K(6464K)->6302K(6464K) NonClass: 5768K(5824K)->5768K(5824K) Class: 533K(640K)->533K(640K)
[2.567s][info][gc             ] GC(64) Pause Young (Allocation Failure) 438M->439M(494M) 25.384ms
[2.567s][info][gc,cpu         ] GC(64) User=0.12s Sys=0.00s Real=0.03s
[2.567s][info][gc,start       ] GC(65) Pause Full (Ergonomics)
[2.567s][info][gc,phases,start] GC(65) Marking Phase
[2.679s][info][gc,phases      ] GC(65) Marking Phase 111.735ms
[2.679s][info][gc,phases,start] GC(65) Summary Phase
[2.679s][info][gc,phases      ] GC(65) Summary Phase 0.020ms
[2.679s][info][gc,phases,start] GC(65) Adjust Roots
[2.679s][info][gc,phases      ] GC(65) Adjust Roots 0.186ms
[2.679s][info][gc,phases,start] GC(65) Compaction Phase
[2.729s][info][gc,phases      ] GC(65) Compaction Phase 49.669ms
[2.729s][info][gc,phases,start] GC(65) Post Compact
[2.731s][info][gc,phases      ] GC(65) Post Compact 2.275ms
[2.732s][info][gc,heap        ] GC(65) PSYoungGen: 25728K(74240K)->16846K(74240K) Eden: 0K(13824K)->0K(13824K) From: 25728K(60416K)->16846K(60416K)
[2.732s][info][gc,heap        ] GC(65) ParOldGen: 423970K(432128K)->431938K(487936K)
[2.732s][info][gc,metaspace   ] GC(65) Metaspace: 6302K(6464K)->6302K(6464K) NonClass: 5768K(5824K)->5768K(5824K) Class: 533K(640K)->533K(640K)
[2.732s][info][gc             ] GC(65) Pause Full (Ergonomics) 439M->438M(549M) 164.655ms
[2.732s][info][gc,cpu         ] GC(65) User=0.75s Sys=0.00s Real=0.16s
[2.747s][info][gc,start       ] GC(66) Pause Young (Allocation Failure)
[2.781s][info][gc,heap        ] GC(66) PSYoungGen: 30670K(74240K)->13952K(74240K) Eden: 13824K(13824K)->0K(15360K) From: 16846K(60416K)->13952K(58880K)
[2.781s][info][gc,heap        ] GC(66) ParOldGen: 431938K(487936K)->449026K(487936K)
[2.781s][info][gc,metaspace   ] GC(66) Metaspace: 6302K(6464K)->6302K(6464K) NonClass: 5768K(5824K)->5768K(5824K) Class: 533K(640K)->533K(640K)
[2.781s][info][gc             ] GC(66) Pause Young (Allocation Failure) 451M->452M(549M) 34.410ms
[2.781s][info][gc,cpu         ] GC(66) User=0.11s Sys=0.00s Real=0.04s
[2.798s][info][gc,start       ] GC(67) Pause Young (Allocation Failure)
[2.815s][info][gc,heap        ] GC(67) PSYoungGen: 29312K(74240K)->15488K(74752K) Eden: 15360K(15360K)->0K(15360K) From: 13952K(58880K)->15488K(59392K)
[2.815s][info][gc,heap        ] GC(67) ParOldGen: 449026K(487936K)->463042K(487936K)
[2.816s][info][gc,metaspace   ] GC(67) Metaspace: 6302K(6464K)->6302K(6464K) NonClass: 5768K(5824K)->5768K(5824K) Class: 533K(640K)->533K(640K)
[2.816s][info][gc             ] GC(67) Pause Young (Allocation Failure) 467M->467M(549M) 17.525ms
[2.816s][info][gc,cpu         ] GC(67) User=0.08s Sys=0.03s Real=0.02s
[2.816s][info][gc,start       ] GC(68) Pause Full (Ergonomics)
[2.816s][info][gc,phases,start] GC(68) Marking Phase
[2.929s][info][gc,phases      ] GC(68) Marking Phase 113.797ms
[2.929s][info][gc,phases,start] GC(68) Summary Phase
[2.930s][info][gc,phases      ] GC(68) Summary Phase 0.046ms
[2.930s][info][gc,phases,start] GC(68) Adjust Roots
[2.930s][info][gc,phases      ] GC(68) Adjust Roots 0.171ms
[2.930s][info][gc,phases,start] GC(68) Compaction Phase
[2.974s][info][gc,phases      ] GC(68) Compaction Phase 43.877ms
[2.974s][info][gc,phases,start] GC(68) Post Compact
[2.976s][info][gc,phases      ] GC(68) Post Compact 2.503ms
[2.976s][info][gc,heap        ] GC(68) PSYoungGen: 15488K(74752K)->0K(76288K) Eden: 0K(15360K)->0K(17408K) From: 15488K(59392K)->0K(58880K)
[2.977s][info][gc,heap        ] GC(68) ParOldGen: 463042K(487936K)->477910K(539136K)
[2.977s][info][gc,metaspace   ] GC(68) Metaspace: 6302K(6464K)->6302K(6464K) NonClass: 5768K(5824K)->5768K(5824K) Class: 533K(640K)->533K(640K)
[2.977s][info][gc             ] GC(68) Pause Full (Ergonomics) 467M->466M(601M) 161.143ms
[2.977s][info][gc,cpu         ] GC(68) User=0.91s Sys=0.05s Real=0.16s
[2.997s][info][gc,start       ] GC(69) Pause Young (Allocation Failure)
[3.008s][info][gc,heap        ] GC(69) PSYoungGen: 17408K(76288K)->17536K(76288K) Eden: 17408K(17408K)->0K(17408K) From: 0K(58880K)->17536K(58880K)
[3.008s][info][gc,heap        ] GC(69) ParOldGen: 477910K(539136K)->477910K(539136K)
[3.008s][info][gc,metaspace   ] GC(69) Metaspace: 6302K(6464K)->6302K(6464K) NonClass: 5768K(5824K)->5768K(5824K) Class: 533K(640K)->533K(640K)
[3.008s][info][gc             ] GC(69) Pause Young (Allocation Failure) 483M->483M(601M) 10.847ms
[3.008s][info][gc,cpu         ] GC(69) User=0.02s Sys=0.00s Real=0.01s
[3.027s][info][gc,start       ] GC(70) Pause Young (Allocation Failure)
[3.046s][info][gc,heap        ] GC(70) PSYoungGen: 34944K(76288K)->34912K(76288K) Eden: 17408K(17408K)->0K(19456K) From: 17536K(58880K)->34912K(56832K)
[3.046s][info][gc,heap        ] GC(70) ParOldGen: 477910K(539136K)->477910K(539136K)
[3.046s][info][gc,metaspace   ] GC(70) Metaspace: 6302K(6464K)->6302K(6464K) NonClass: 5768K(5824K)->5768K(5824K) Class: 533K(640K)->533K(640K)
[3.046s][info][gc             ] GC(70) Pause Young (Allocation Failure) 500M->500M(601M) 18.890ms
[3.046s][info][gc,cpu         ] GC(70) User=0.12s Sys=0.00s Real=0.02s
[3.066s][info][gc,start       ] GC(71) Pause Young (Allocation Failure)
[3.093s][info][gc,heap        ] GC(71) PSYoungGen: 54368K(76288K)->54464K(76800K) Eden: 19456K(19456K)->0K(19456K) From: 34912K(56832K)->54464K(57344K)
[3.093s][info][gc,heap        ] GC(71) ParOldGen: 477910K(539136K)->477910K(539136K)
[3.093s][info][gc,metaspace   ] GC(71) Metaspace: 6302K(6464K)->6302K(6464K) NonClass: 5768K(5824K)->5768K(5824K) Class: 533K(640K)->533K(640K)
[3.093s][info][gc             ] GC(71) Pause Young (Allocation Failure) 519M->519M(601M) 27.192ms
[3.093s][info][gc,cpu         ] GC(71) User=0.09s Sys=0.02s Real=0.03s
[3.115s][info][gc,start       ] GC(72) Pause Young (Allocation Failure)
[3.154s][info][gc,heap        ] GC(72) PSYoungGen: 73920K(76800K)->64512K(73728K) Eden: 19456K(19456K)->0K(9216K) From: 54464K(57344K)->64512K(64512K)
[3.154s][info][gc,heap        ] GC(72) ParOldGen: 477910K(539136K)->487278K(539136K)
[3.154s][info][gc,metaspace   ] GC(72) Metaspace: 6302K(6464K)->6302K(6464K) NonClass: 5768K(5824K)->5768K(5824K) Class: 533K(640K)->533K(640K)
[3.154s][info][gc             ] GC(72) Pause Young (Allocation Failure) 538M->538M(598M) 38.612ms
[3.154s][info][gc,cpu         ] GC(72) User=0.20s Sys=0.02s Real=0.04s
[3.164s][info][gc,start       ] GC(73) Pause Young (Allocation Failure)
[3.203s][info][gc,heap        ] GC(73) PSYoungGen: 73728K(73728K)->42560K(86016K) Eden: 9216K(9216K)->0K(9216K) From: 64512K(64512K)->42560K(76800K)
[3.203s][info][gc,heap        ] GC(73) ParOldGen: 487278K(539136K)->518942K(539136K)
[3.203s][info][gc,metaspace   ] GC(73) Metaspace: 6302K(6464K)->6302K(6464K) NonClass: 5768K(5824K)->5768K(5824K) Class: 533K(640K)->533K(640K)
[3.203s][info][gc             ] GC(73) Pause Young (Allocation Failure) 547M->548M(610M) 38.423ms
[3.203s][info][gc,cpu         ] GC(73) User=0.20s Sys=0.03s Real=0.04s
[3.203s][info][gc,start       ] GC(74) Pause Full (Ergonomics)
[3.203s][info][gc,phases,start] GC(74) Marking Phase
[3.328s][info][gc,phases      ] GC(74) Marking Phase 124.996ms
[3.328s][info][gc,phases,start] GC(74) Summary Phase
[3.328s][info][gc,phases      ] GC(74) Summary Phase 0.029ms
[3.328s][info][gc,phases,start] GC(74) Adjust Roots
[3.328s][info][gc,phases      ] GC(74) Adjust Roots 0.152ms
[3.328s][info][gc,phases,start] GC(74) Compaction Phase
[3.380s][info][gc,phases      ] GC(74) Compaction Phase 51.666ms
[3.380s][info][gc,phases,start] GC(74) Post Compact
[3.381s][info][gc,phases      ] GC(74) Post Compact 0.866ms
[3.381s][info][gc,heap        ] GC(74) PSYoungGen: 42560K(86016K)->21912K(86016K) Eden: 0K(9216K)->0K(9216K) From: 42560K(76800K)->21912K(76800K)
[3.381s][info][gc,heap        ] GC(74) ParOldGen: 518942K(539136K)->538778K(607744K)
[3.381s][info][gc,metaspace   ] GC(74) Metaspace: 6302K(6464K)->6302K(6464K) NonClass: 5768K(5824K)->5768K(5824K) Class: 533K(640K)->533K(640K)
[3.381s][info][gc             ] GC(74) Pause Full (Ergonomics) 548M->547M(677M) 178.242ms
[3.381s][info][gc,cpu         ] GC(74) User=1.16s Sys=0.02s Real=0.18s
[3.392s][info][gc,start       ] GC(75) Pause Young (Allocation Failure)
[3.430s][info][gc,heap        ] GC(75) PSYoungGen: 31128K(86016K)->22976K(81408K) Eden: 9216K(9216K)->0K(10240K) From: 21912K(76800K)->22976K(71168K)
[3.430s][info][gc,heap        ] GC(75) ParOldGen: 538778K(607744K)->547202K(607744K)
[3.430s][info][gc,metaspace   ] GC(75) Metaspace: 6302K(6464K)->6302K(6464K) NonClass: 5768K(5824K)->5768K(5824K) Class: 533K(640K)->533K(640K)
[3.430s][info][gc             ] GC(75) Pause Young (Allocation Failure) 556M->556M(673M) 38.170ms
[3.430s][info][gc,cpu         ] GC(75) User=0.27s Sys=0.00s Real=0.04s
[3.442s][info][gc,start       ] GC(76) Pause Young (Allocation Failure)
[3.460s][info][gc,heap        ] GC(76) PSYoungGen: 33216K(81408K)->33216K(43520K) Eden: 10240K(10240K)->0K(10240K) From: 22976K(71168K)->33216K(33280K)
[3.460s][info][gc,heap        ] GC(76) ParOldGen: 547202K(607744K)->547202K(607744K)
[3.460s][info][gc,metaspace   ] GC(76) Metaspace: 6302K(6464K)->6302K(6464K) NonClass: 5768K(5824K)->5768K(5824K) Class: 533K(640K)->533K(640K)
[3.460s][info][gc             ] GC(76) Pause Young (Allocation Failure) 566M->566M(636M) 17.436ms
[3.460s][info][gc,cpu         ] GC(76) User=0.02s Sys=0.00s Real=0.02s
[3.471s][info][gc,start       ] GC(77) Pause Young (Allocation Failure)
[3.493s][info][gc,heap        ] GC(77) PSYoungGen: 43456K(43520K)->35392K(76288K) Eden: 10240K(10240K)->0K(11776K) From: 33216K(33280K)->35392K(64512K)
[3.493s][info][gc,heap        ] GC(77) ParOldGen: 547202K(607744K)->555354K(607744K)
[3.493s][info][gc,metaspace   ] GC(77) Metaspace: 6302K(6464K)->6302K(6464K) NonClass: 5768K(5824K)->5768K(5824K) Class: 533K(640K)->533K(640K)
[3.493s][info][gc             ] GC(77) Pause Young (Allocation Failure) 576M->576M(668M) 22.157ms
[3.493s][info][gc,cpu         ] GC(77) User=0.14s Sys=0.00s Real=0.02s
[3.506s][info][gc,start       ] GC(78) Pause Young (Allocation Failure)
[3.535s][info][gc,heap        ] GC(78) PSYoungGen: 47168K(76288K)->41632K(78848K) Eden: 11776K(11776K)->0K(11776K) From: 35392K(64512K)->41632K(67072K)
[3.535s][info][gc,heap        ] GC(78) ParOldGen: 555354K(607744K)->561050K(607744K)
[3.535s][info][gc,metaspace   ] GC(78) Metaspace: 6302K(6464K)->6302K(6464K) NonClass: 5768K(5824K)->5768K(5824K) Class: 533K(640K)->533K(640K)
[3.535s][info][gc             ] GC(78) Pause Young (Allocation Failure) 588M->588M(670M) 28.781ms
[3.535s][info][gc,cpu         ] GC(78) User=0.06s Sys=0.03s Real=0.03s
[3.550s][info][gc,start       ] GC(79) Pause Young (Allocation Failure)
[3.585s][info][gc,heap        ] GC(79) PSYoungGen: 53408K(78848K)->33920K(74752K) Eden: 11776K(11776K)->0K(13824K) From: 41632K(67072K)->33920K(60928K)
[3.585s][info][gc,heap        ] GC(79) ParOldGen: 561050K(607744K)->580778K(607744K)
[3.585s][info][gc,metaspace   ] GC(79) Metaspace: 6302K(6464K)->6302K(6464K) NonClass: 5768K(5824K)->5768K(5824K) Class: 533K(640K)->533K(640K)
[3.586s][info][gc             ] GC(79) Pause Young (Allocation Failure) 600M->600M(666M) 35.737ms
[3.586s][info][gc,cpu         ] GC(79) User=0.12s Sys=0.00s Real=0.03s
[3.586s][info][gc,start       ] GC(80) Pause Full (Ergonomics)
[3.586s][info][gc,phases,start] GC(80) Marking Phase
[3.740s][info][gc,phases      ] GC(80) Marking Phase 153.996ms
[3.740s][info][gc,phases,start] GC(80) Summary Phase
[3.740s][info][gc,phases      ] GC(80) Summary Phase 0.027ms
[3.740s][info][gc,phases,start] GC(80) Adjust Roots
[3.740s][info][gc,phases      ] GC(80) Adjust Roots 0.234ms
[3.740s][info][gc,phases,start] GC(80) Compaction Phase
[3.801s][info][gc,phases      ] GC(80) Compaction Phase 61.034ms
[3.801s][info][gc,phases,start] GC(80) Post Compact
[3.802s][info][gc,phases      ] GC(80) Post Compact 1.345ms
[3.803s][info][gc,heap        ] GC(80) PSYoungGen: 33920K(74752K)->6112K(76800K) Eden: 0K(13824K)->0K(15872K) From: 33920K(60928K)->6112K(60928K)
[3.803s][info][gc,heap        ] GC(80) ParOldGen: 580778K(607744K)->607679K(677376K)
[3.803s][info][gc,metaspace   ] GC(80) Metaspace: 6302K(6464K)->6302K(6464K) NonClass: 5768K(5824K)->5768K(5824K) Class: 533K(640K)->533K(640K)
[3.803s][info][gc             ] GC(80) Pause Full (Ergonomics) 600M->599M(736M) 217.461ms
[3.803s][info][gc,cpu         ] GC(80) User=1.34s Sys=0.00s Real=0.22s
[3.823s][info][gc,start       ] GC(81) Pause Young (Allocation Failure)
[3.864s][info][gc,heap        ] GC(81) PSYoungGen: 21984K(76800K)->18368K(79360K) Eden: 15872K(15872K)->0K(15872K) From: 6112K(60928K)->18368K(63488K)
[3.864s][info][gc,heap        ] GC(81) ParOldGen: 607679K(677376K)->611527K(677376K)
[3.864s][info][gc,metaspace   ] GC(81) Metaspace: 6302K(6464K)->6302K(6464K) NonClass: 5768K(5824K)->5768K(5824K) Class: 533K(640K)->533K(640K)
[3.864s][info][gc             ] GC(81) Pause Young (Allocation Failure) 614M->615M(739M) 41.059ms
[3.864s][info][gc,cpu         ] GC(81) User=0.22s Sys=0.00s Real=0.04s
[3.884s][info][gc,start       ] GC(82) Pause Young (Allocation Failure)
[3.905s][info][gc,heap        ] GC(82) PSYoungGen: 34240K(79360K)->31872K(76288K) Eden: 15872K(15872K)->0K(17920K) From: 18368K(63488K)->31872K(58368K)
[3.905s][info][gc,heap        ] GC(82) ParOldGen: 611527K(677376K)->613943K(677376K)
[3.905s][info][gc,metaspace   ] GC(82) Metaspace: 6302K(6464K)->6302K(6464K) NonClass: 5768K(5824K)->5768K(5824K) Class: 533K(640K)->533K(640K)
[3.905s][info][gc             ] GC(82) Pause Young (Allocation Failure) 630M->630M(736M) 21.028ms
[3.905s][info][gc,cpu         ] GC(82) User=0.11s Sys=0.00s Real=0.02s
[3.925s][info][gc,start       ] GC(83) Pause Young (Allocation Failure)
[3.954s][info][gc,heap        ] GC(83) PSYoungGen: 49792K(76288K)->33920K(52224K) Eden: 17920K(17920K)->0K(17920K) From: 31872K(58368K)->33920K(34304K)
[3.954s][info][gc,heap        ] GC(83) ParOldGen: 613943K(677376K)->630047K(677376K)
[3.954s][info][gc,metaspace   ] GC(83) Metaspace: 6302K(6464K)->6302K(6464K) NonClass: 5768K(5824K)->5768K(5824K) Class: 533K(640K)->533K(640K)
[3.954s][info][gc             ] GC(83) Pause Young (Allocation Failure) 648M->648M(712M) 28.903ms
[3.954s][info][gc,cpu         ] GC(83) User=0.08s Sys=0.00s Real=0.03s
[3.978s][info][gc,start       ] GC(84) Pause Young (Allocation Failure)
[4.008s][info][gc,heap        ] GC(84) PSYoungGen: 51840K(52224K)->35968K(75264K) Eden: 17920K(17920K)->0K(19968K) From: 33920K(34304K)->35968K(55296K)
[4.008s][info][gc,heap        ] GC(84) ParOldGen: 630047K(677376K)->646159K(677376K)
[4.008s][info][gc,metaspace   ] GC(84) Metaspace: 6302K(6464K)->6302K(6464K) NonClass: 5768K(5824K)->5768K(5824K) Class: 533K(640K)->533K(640K)
[4.008s][info][gc             ] GC(84) Pause Young (Allocation Failure) 665M->666M(735M) 29.902ms
[4.008s][info][gc,cpu         ] GC(84) User=0.11s Sys=0.00s Real=0.03s
[4.035s][info][gc,start       ] GC(85) Pause Young (Allocation Failure)
[4.066s][info][gc,heap        ] GC(85) PSYoungGen: 55936K(75264K)->38048K(76800K) Eden: 19968K(19968K)->0K(19968K) From: 35968K(55296K)->38048K(56832K)
[4.066s][info][gc,heap        ] GC(85) ParOldGen: 646159K(677376K)->664343K(677376K)
[4.066s][info][gc,metaspace   ] GC(85) Metaspace: 6302K(6464K)->6302K(6464K) NonClass: 5768K(5824K)->5768K(5824K) Class: 533K(640K)->533K(640K)
[4.066s][info][gc             ] GC(85) Pause Young (Allocation Failure) 685M->685M(736M) 31.356ms
[4.066s][info][gc,cpu         ] GC(85) User=0.08s Sys=0.00s Real=0.03s
[4.066s][info][gc,start       ] GC(86) Pause Full (Ergonomics)
[4.066s][info][gc,phases,start] GC(86) Marking Phase
[4.219s][info][gc,phases      ] GC(86) Marking Phase 152.481ms
[4.219s][info][gc,phases,start] GC(86) Summary Phase
[4.219s][info][gc,phases      ] GC(86) Summary Phase 0.033ms
[4.219s][info][gc,phases,start] GC(86) Adjust Roots
[4.219s][info][gc,phases      ] GC(86) Adjust Roots 0.185ms
[4.219s][info][gc,phases,start] GC(86) Compaction Phase
[4.278s][info][gc,phases      ] GC(86) Compaction Phase 58.722ms
[4.278s][info][gc,phases,start] GC(86) Post Compact
[4.279s][info][gc,phases      ] GC(86) Post Compact 1.380ms
[4.280s][info][gc,heap        ] GC(86) PSYoungGen: 38048K(76800K)->24027K(76800K) Eden: 0K(19968K)->0K(19968K) From: 38048K(56832K)->24027K(56832K)
[4.280s][info][gc,heap        ] GC(86) ParOldGen: 664343K(677376K)->677160K(753664K)
[4.280s][info][gc,metaspace   ] GC(86) Metaspace: 6302K(6464K)->6302K(6464K) NonClass: 5768K(5824K)->5768K(5824K) Class: 533K(640K)->533K(640K)
[4.280s][info][gc             ] GC(86) Pause Full (Ergonomics) 685M->684M(811M) 213.447ms
[4.280s][info][gc,cpu         ] GC(86) User=1.52s Sys=0.00s Real=0.21s
[4.423s][info][gc,start       ] GC(87) Pause Young (Allocation Failure)
[4.471s][info][gc,heap        ] GC(87) PSYoungGen: 43995K(76800K)->31968K(73728K) Eden: 19968K(19968K)->0K(22016K) From: 24027K(56832K)->31968K(51712K)
[4.471s][info][gc,heap        ] GC(87) ParOldGen: 709928K(753664K)->722288K(753664K)
[4.471s][info][gc,metaspace   ] GC(87) Metaspace: 6302K(6464K)->6302K(6464K) NonClass: 5768K(5824K)->5768K(5824K) Class: 533K(640K)->533K(640K)
[4.471s][info][gc             ] GC(87) Pause Young (Allocation Failure) 736M->736M(808M) 47.903ms
[4.471s][info][gc,cpu         ] GC(87) User=0.33s Sys=0.00s Real=0.05s
[4.493s][info][gc,start       ] GC(88) Pause Young (Allocation Failure)
[4.520s][info][gc,heap        ] GC(88) PSYoungGen: 53984K(73728K)->53984K(76288K) Eden: 22016K(22016K)->0K(22016K) From: 31968K(51712K)->53984K(54272K)
[4.520s][info][gc,heap        ] GC(88) ParOldGen: 722288K(753664K)->722288K(753664K)
[4.520s][info][gc,metaspace   ] GC(88) Metaspace: 6302K(6464K)->6302K(6464K) NonClass: 5768K(5824K)->5768K(5824K) Class: 533K(640K)->533K(640K)
[4.520s][info][gc             ] GC(88) Pause Young (Allocation Failure) 758M->758M(810M) 27.068ms
[4.521s][info][gc,cpu         ] GC(88) User=0.11s Sys=0.00s Real=0.03s
[4.544s][info][gc,start       ] GC(89) Pause Young (Allocation Failure)
[4.581s][info][gc,heap        ] GC(89) PSYoungGen: 76000K(76288K)->59904K(72192K) Eden: 22016K(22016K)->0K(12288K) From: 53984K(54272K)->59904K(59904K)
[4.581s][info][gc,heap        ] GC(89) ParOldGen: 722288K(753664K)->738512K(753664K)
[4.581s][info][gc,metaspace   ] GC(89) Metaspace: 6302K(6464K)->6302K(6464K) NonClass: 5768K(5824K)->5768K(5824K) Class: 533K(640K)->533K(640K)
[4.581s][info][gc             ] GC(89) Pause Young (Allocation Failure) 779M->779M(806M) 37.184ms
[4.581s][info][gc,cpu         ] GC(89) User=0.25s Sys=0.02s Real=0.04s
[4.581s][info][gc,start       ] GC(90) Pause Full (Ergonomics)
[4.581s][info][gc,phases,start] GC(90) Marking Phase
[4.760s][info][gc,phases      ] GC(90) Marking Phase 178.724ms
[4.760s][info][gc,phases,start] GC(90) Summary Phase
[4.760s][info][gc,phases      ] GC(90) Summary Phase 0.022ms
[4.760s][info][gc,phases,start] GC(90) Adjust Roots
[4.760s][info][gc,phases      ] GC(90) Adjust Roots 0.151ms
[4.760s][info][gc,phases,start] GC(90) Compaction Phase
[4.895s][info][gc,phases      ] GC(90) Compaction Phase 134.239ms
[4.895s][info][gc,phases,start] GC(90) Post Compact
[4.897s][info][gc,phases      ] GC(90) Post Compact 1.903ms
[4.897s][info][gc,heap        ] GC(90) PSYoungGen: 59904K(72192K)->28095K(72192K) Eden: 0K(12288K)->0K(12288K) From: 59904K(59904K)->28095K(59904K)
[4.897s][info][gc,heap        ] GC(90) ParOldGen: 738512K(753664K)->753378K(833024K)
[4.897s][info][gc,metaspace   ] GC(90) Metaspace: 6302K(6464K)->6302K(6464K) NonClass: 5768K(5824K)->5768K(5824K) Class: 533K(640K)->533K(640K)
[4.897s][info][gc             ] GC(90) Pause Full (Ergonomics) 779M->763M(884M) 315.832ms
[4.897s][info][gc,cpu         ] GC(90) User=2.03s Sys=0.02s Real=0.32s
[4.912s][info][gc,start       ] GC(91) Pause Young (Allocation Failure)
[4.962s][info][gc,heap        ] GC(91) PSYoungGen: 40383K(72192K)->22720K(84480K) Eden: 12288K(12288K)->0K(12288K) From: 28095K(59904K)->22720K(72192K)
[4.962s][info][gc,heap        ] GC(91) ParOldGen: 753378K(833024K)->771458K(833024K)
[4.962s][info][gc,metaspace   ] GC(91) Metaspace: 6302K(6464K)->6302K(6464K) NonClass: 5768K(5824K)->5768K(5824K) Class: 533K(640K)->533K(640K)
[4.962s][info][gc             ] GC(91) Pause Young (Allocation Failure) 775M->775M(896M) 49.808ms
[4.962s][info][gc,cpu         ] GC(91) User=0.28s Sys=0.00s Real=0.05s
[4.975s][info][gc,start       ] GC(92) Pause Young (Allocation Failure)
[4.994s][info][gc,heap        ] GC(92) PSYoungGen: 35008K(84480K)->34976K(79872K) Eden: 12288K(12288K)->0K(13824K) From: 22720K(72192K)->34976K(66048K)
[4.994s][info][gc,heap        ] GC(92) ParOldGen: 771458K(833024K)->771458K(833024K)
[4.994s][info][gc,metaspace   ] GC(92) Metaspace: 6302K(6464K)->6302K(6464K) NonClass: 5768K(5824K)->5768K(5824K) Class: 533K(640K)->533K(640K)
[4.994s][info][gc             ] GC(92) Pause Young (Allocation Failure) 787M->787M(891M) 19.000ms
[4.994s][info][gc,cpu         ] GC(92) User=0.02s Sys=0.00s Real=0.02s
[5.008s][info][gc,start       ] GC(93) Pause Young (Allocation Failure)
[5.032s][info][gc,heap        ] GC(93) PSYoungGen: 48800K(79872K)->48768K(82944K) Eden: 13824K(13824K)->0K(13824K) From: 34976K(66048K)->48768K(69120K)
[5.032s][info][gc,heap        ] GC(93) ParOldGen: 771458K(833024K)->771458K(833024K)
[5.032s][info][gc,metaspace   ] GC(93) Metaspace: 6302K(6464K)->6302K(6464K) NonClass: 5768K(5824K)->5768K(5824K) Class: 533K(640K)->533K(640K)
[5.032s][info][gc             ] GC(93) Pause Young (Allocation Failure) 801M->801M(894M) 23.679ms
[5.032s][info][gc,cpu         ] GC(93) User=0.12s Sys=0.00s Real=0.02s
[5.046s][info][gc,start       ] GC(94) Pause Young (Allocation Failure)
[5.076s][info][gc,heap        ] GC(94) PSYoungGen: 62592K(82944K)->52320K(83456K) Eden: 13824K(13824K)->0K(13312K) From: 48768K(69120K)->52320K(70144K)
[5.076s][info][gc,heap        ] GC(94) ParOldGen: 771458K(833024K)->781874K(833024K)
[5.076s][info][gc,metaspace   ] GC(94) Metaspace: 6302K(6464K)->6302K(6464K) NonClass: 5768K(5824K)->5768K(5824K) Class: 533K(640K)->533K(640K)
[5.076s][info][gc             ] GC(94) Pause Young (Allocation Failure) 814M->814M(895M) 30.063ms
[5.076s][info][gc,cpu         ] GC(94) User=0.14s Sys=0.00s Real=0.03s
[5.091s][info][gc,start       ] GC(95) Pause Young (Allocation Failure)
[5.125s][info][gc,heap        ] GC(95) PSYoungGen: 65632K(83456K)->53408K(85504K) Eden: 13312K(13312K)->0K(13312K) From: 52320K(70144K)->53408K(72192K)
[5.125s][info][gc,heap        ] GC(95) ParOldGen: 781874K(833024K)->794338K(833024K)
[5.125s][info][gc,metaspace   ] GC(95) Metaspace: 6302K(6464K)->6302K(6464K) NonClass: 5768K(5824K)->5768K(5824K) Class: 533K(640K)->533K(640K)
[5.125s][info][gc             ] GC(95) Pause Young (Allocation Failure) 827M->827M(897M) 33.770ms
[5.125s][info][gc,cpu         ] GC(95) User=0.14s Sys=0.03s Real=0.03s
[5.139s][info][gc,start       ] GC(96) Pause Young (Allocation Failure)
[5.172s][info][gc,heap        ] GC(96) PSYoungGen: 66720K(85504K)->40608K(82944K) Eden: 13312K(13312K)->0K(15360K) From: 53408K(72192K)->40608K(67584K)
[5.172s][info][gc,heap        ] GC(96) ParOldGen: 794338K(833024K)->820778K(833024K)
[5.172s][info][gc,metaspace   ] GC(96) Metaspace: 6302K(6464K)->6302K(6464K) NonClass: 5768K(5824K)->5768K(5824K) Class: 533K(640K)->533K(640K)
[5.172s][info][gc             ] GC(96) Pause Young (Allocation Failure) 840M->841M(894M) 32.642ms
[5.172s][info][gc,cpu         ] GC(96) User=0.16s Sys=0.00s Real=0.03s
[5.172s][info][gc,start       ] GC(97) Pause Full (Ergonomics)
[5.172s][info][gc,phases,start] GC(97) Marking Phase
[5.366s][info][gc,phases      ] GC(97) Marking Phase 193.440ms
[5.366s][info][gc,phases,start] GC(97) Summary Phase
[5.366s][info][gc,phases      ] GC(97) Summary Phase 0.024ms
[5.366s][info][gc,phases,start] GC(97) Adjust Roots
[5.366s][info][gc,phases      ] GC(97) Adjust Roots 0.154ms
[5.366s][info][gc,phases,start] GC(97) Compaction Phase
[5.460s][info][gc,phases      ] GC(97) Compaction Phase 94.290ms
[5.460s][info][gc,phases,start] GC(97) Post Compact
[5.462s][info][gc,phases      ] GC(97) Post Compact 1.509ms
[5.462s][info][gc,heap        ] GC(97) PSYoungGen: 40608K(82944K)->27569K(84992K) Eden: 0K(15360K)->0K(17408K) From: 40608K(67584K)->27569K(67584K)
[5.462s][info][gc,heap        ] GC(97) ParOldGen: 820778K(833024K)->832561K(920064K)
[5.462s][info][gc,metaspace   ] GC(97) Metaspace: 6302K(6464K)->6302K(6464K) NonClass: 5768K(5824K)->5768K(5824K) Class: 533K(640K)->533K(640K)
[5.462s][info][gc             ] GC(97) Pause Full (Ergonomics) 841M->839M(981M) 290.049ms
[5.462s][info][gc,cpu         ] GC(97) User=2.09s Sys=0.02s Real=0.29s
[5.481s][info][gc,start       ] GC(98) Pause Young (Allocation Failure)
[5.535s][info][gc,heap        ] GC(98) PSYoungGen: 44977K(84992K)->26272K(88064K) Eden: 17408K(17408K)->0K(17408K) From: 27569K(67584K)->26272K(70656K)
[5.535s][info][gc,heap        ] GC(98) ParOldGen: 832561K(920064K)->851737K(920064K)
[5.535s][info][gc,metaspace   ] GC(98) Metaspace: 6302K(6464K)->6302K(6464K) NonClass: 5768K(5824K)->5768K(5824K) Class: 533K(640K)->533K(640K)
[5.535s][info][gc             ] GC(98) Pause Young (Allocation Failure) 856M->857M(984M) 54.126ms
[5.535s][info][gc,cpu         ] GC(98) User=0.38s Sys=0.00s Real=0.05s
[5.554s][info][gc,start       ] GC(99) Pause Young (Allocation Failure)
[5.577s][info][gc,heap        ] GC(99) PSYoungGen: 43680K(88064K)->34944K(85504K) Eden: 17408K(17408K)->0K(19456K) From: 26272K(70656K)->34944K(66048K)
[5.577s][info][gc,heap        ] GC(99) ParOldGen: 851737K(920064K)->860529K(920064K)
[5.577s][info][gc,metaspace   ] GC(99) Metaspace: 6302K(6464K)->6302K(6464K) NonClass: 5768K(5824K)->5768K(5824K) Class: 533K(640K)->533K(640K)
[5.577s][info][gc             ] GC(99) Pause Young (Allocation Failure) 874M->874M(982M) 23.251ms
[5.577s][info][gc,cpu         ] GC(99) User=0.12s Sys=0.00s Real=0.02s
[5.598s][info][gc,start       ] GC(100) Pause Young (Allocation Failure)
[5.626s][info][gc,heap        ] GC(100) PSYoungGen: 54400K(85504K)->36992K(87552K) Eden: 19456K(19456K)->0K(19456K) From: 34944K(66048K)->36992K(68096K)
[5.626s][info][gc,heap        ] GC(100) ParOldGen: 860529K(920064K)->878177K(920064K)
[5.626s][info][gc,metaspace   ] GC(100) Metaspace: 6302K(6464K)->6302K(6464K) NonClass: 5768K(5824K)->5768K(5824K) Class: 533K(640K)->533K(640K)
[5.626s][info][gc             ] GC(100) Pause Young (Allocation Failure) 893M->893M(984M) 28.391ms
[5.626s][info][gc,cpu         ] GC(100) User=0.12s Sys=0.00s Real=0.03s
[5.649s][info][gc,start       ] GC(101) Pause Young (Allocation Failure)
[5.677s][info][gc,heap        ] GC(101) PSYoungGen: 56448K(87552K)->39072K(82432K) Eden: 19456K(19456K)->0K(22016K) From: 36992K(68096K)->39072K(60416K)
[5.677s][info][gc,heap        ] GC(101) ParOldGen: 878177K(920064K)->895809K(920064K)
[5.677s][info][gc,metaspace   ] GC(101) Metaspace: 6302K(6464K)->6302K(6464K) NonClass: 5768K(5824K)->5768K(5824K) Class: 533K(640K)->533K(640K)
[5.677s][info][gc             ] GC(101) Pause Young (Allocation Failure) 912M->912M(979M) 28.863ms
[5.677s][info][gc,cpu         ] GC(101) User=0.12s Sys=0.02s Real=0.03s
[5.678s][info][gc,start       ] GC(102) Pause Full (Ergonomics)
[5.678s][info][gc,phases,start] GC(102) Marking Phase
[5.888s][info][gc,phases      ] GC(102) Marking Phase 210.487ms
[5.888s][info][gc,phases,start] GC(102) Summary Phase
[5.888s][info][gc,phases      ] GC(102) Summary Phase 0.024ms
[5.888s][info][gc,phases,start] GC(102) Adjust Roots
[5.888s][info][gc,phases      ] GC(102) Adjust Roots 0.157ms
[5.888s][info][gc,phases,start] GC(102) Compaction Phase
[5.990s][info][gc,phases      ] GC(102) Compaction Phase 102.069ms
[5.990s][info][gc,phases,start] GC(102) Post Compact
[5.992s][info][gc,phases      ] GC(102) Post Compact 1.643ms
[5.993s][info][gc,heap        ] GC(102) PSYoungGen: 39072K(82432K)->13808K(84992K) Eden: 0K(22016K)->0K(24576K) From: 39072K(60416K)->13808K(60416K)
[5.993s][info][gc,heap        ] GC(102) ParOldGen: 895809K(920064K)->919920K(1014784K)
[5.993s][info][gc,metaspace   ] GC(102) Metaspace: 6302K(6464K)->6302K(6464K) NonClass: 5768K(5824K)->5768K(5824K) Class: 533K(640K)->533K(640K)
[5.993s][info][gc             ] GC(102) Pause Full (Ergonomics) 912M->911M(1074M) 315.066ms
[5.993s][info][gc,cpu         ] GC(102) User=2.14s Sys=0.02s Real=0.31s
[6.020s][info][gc,start       ] GC(103) Pause Young (Allocation Failure)
[6.077s][info][gc,heap        ] GC(103) PSYoungGen: 38384K(84992K)->31136K(87552K) Eden: 24576K(24576K)->0K(24576K) From: 13808K(60416K)->31136K(62976K)
[6.077s][info][gc,heap        ] GC(103) ParOldGen: 919920K(1014784K)->927424K(1014784K)
[6.077s][info][gc,metaspace   ] GC(103) Metaspace: 6302K(6464K)->6302K(6464K) NonClass: 5768K(5824K)->5768K(5824K) Class: 533K(640K)->533K(640K)
[6.077s][info][gc             ] GC(103) Pause Young (Allocation Failure) 935M->936M(1076M) 56.741ms
[6.077s][info][gc,cpu         ] GC(103) User=0.38s Sys=0.00s Real=0.06s
[6.104s][info][gc,start       ] GC(104) Pause Young (Allocation Failure)
[6.132s][info][gc,heap        ] GC(104) PSYoungGen: 55712K(87552K)->55712K(84992K) Eden: 24576K(24576K)->0K(23040K) From: 31136K(62976K)->55712K(61952K)
[6.132s][info][gc,heap        ] GC(104) ParOldGen: 927424K(1014784K)->927424K(1014784K)
[6.132s][info][gc,metaspace   ] GC(104) Metaspace: 6302K(6464K)->6302K(6464K) NonClass: 5768K(5824K)->5768K(5824K) Class: 533K(640K)->533K(640K)
[6.132s][info][gc             ] GC(104) Pause Young (Allocation Failure) 960M->960M(1074M) 28.740ms
[6.132s][info][gc,cpu         ] GC(104) User=0.16s Sys=0.00s Real=0.03s
[6.158s][info][gc,start       ] GC(105) Pause Young (Allocation Failure)
[6.197s][info][gc,heap        ] GC(105) PSYoungGen: 78752K(84992K)->66048K(89088K) Eden: 23040K(23040K)->0K(23040K) From: 55712K(61952K)->66048K(66048K)
[6.197s][info][gc,heap        ] GC(105) ParOldGen: 927424K(1014784K)->940224K(1014784K)
[6.197s][info][gc,metaspace   ] GC(105) Metaspace: 6302K(6464K)->6302K(6464K) NonClass: 5768K(5824K)->5768K(5824K) Class: 533K(640K)->533K(640K)
[6.197s][info][gc             ] GC(105) Pause Young (Allocation Failure) 982M->982M(1078M) 38.726ms
[6.197s][info][gc,cpu         ] GC(105) User=0.23s Sys=0.12s Real=0.04s
[6.222s][info][gc,start       ] GC(106) Pause Young (Allocation Failure)
[6.266s][info][gc,heap        ] GC(106) PSYoungGen: 89088K(89088K)->64608K(98816K) Eden: 23040K(23040K)->0K(20992K) From: 66048K(66048K)->64608K(77824K)
[6.266s][info][gc,heap        ] GC(106) ParOldGen: 940224K(1014784K)->965192K(1014784K)
[6.266s][info][gc,metaspace   ] GC(106) Metaspace: 6302K(6464K)->6302K(6464K) NonClass: 5768K(5824K)->5768K(5824K) Class: 533K(640K)->533K(640K)
[6.266s][info][gc             ] GC(106) Pause Young (Allocation Failure) 1005M->1005M(1087M) 43.817ms
[6.266s][info][gc,cpu         ] GC(106) User=0.23s Sys=0.00s Real=0.04s
[6.291s][info][gc,start       ] GC(107) Pause Young (Allocation Failure)
[6.332s][info][gc,heap        ] GC(107) PSYoungGen: 85600K(98816K)->66688K(103424K) Eden: 20992K(20992K)->0K(20992K) From: 64608K(77824K)->66688K(82432K)
[6.332s][info][gc,heap        ] GC(107) ParOldGen: 965192K(1014784K)->984368K(1014784K)
[6.332s][info][gc,metaspace   ] GC(107) Metaspace: 6302K(6464K)->6302K(6464K) NonClass: 5768K(5824K)->5768K(5824K) Class: 533K(640K)->533K(640K)
[6.332s][info][gc             ] GC(107) Pause Young (Allocation Failure) 1026M->1026M(1092M) 41.308ms
[6.332s][info][gc,cpu         ] GC(107) User=0.23s Sys=0.00s Real=0.04s
[6.332s][info][gc,start       ] GC(108) Pause Full (Ergonomics)
[6.332s][info][gc,phases,start] GC(108) Marking Phase
[6.570s][info][gc,phases      ] GC(108) Marking Phase 237.737ms
[6.570s][info][gc,phases,start] GC(108) Summary Phase
[6.570s][info][gc,phases      ] GC(108) Summary Phase 0.032ms
[6.570s][info][gc,phases,start] GC(108) Adjust Roots
[6.570s][info][gc,phases      ] GC(108) Adjust Roots 0.152ms
[6.570s][info][gc,phases,start] GC(108) Compaction Phase
[6.666s][info][gc,phases      ] GC(108) Compaction Phase 96.310ms
[6.667s][info][gc,phases,start] GC(108) Post Compact
[6.669s][info][gc,phases      ] GC(108) Post Compact 2.156ms
[6.669s][info][gc,heap        ] GC(108) PSYoungGen: 66688K(103424K)->35220K(103424K) Eden: 0K(20992K)->0K(20992K) From: 66688K(82432K)->35220K(82432K)
[6.669s][info][gc,heap        ] GC(108) ParOldGen: 984368K(1014784K)->1014566K(1117696K)
[6.669s][info][gc,metaspace   ] GC(108) Metaspace: 6302K(6464K)->6302K(6464K) NonClass: 5768K(5824K)->5768K(5824K) Class: 533K(640K)->533K(640K)
[6.669s][info][gc             ] GC(108) Pause Full (Ergonomics) 1026M->1025M(1192M) 337.200ms
[6.669s][info][gc,cpu         ] GC(108) User=2.33s Sys=0.05s Real=0.34s
[6.693s][info][gc,start       ] GC(109) Pause Young (Allocation Failure)
[6.765s][info][gc,heap        ] GC(109) PSYoungGen: 56212K(103424K)->45728K(103424K) Eden: 20992K(20992K)->0K(23552K) From: 35220K(82432K)->45728K(79872K)
[6.765s][info][gc,heap        ] GC(109) ParOldGen: 1014566K(1117696K)->1025430K(1117696K)
[6.765s][info][gc,metaspace   ] GC(109) Metaspace: 6302K(6464K)->6302K(6464K) NonClass: 5768K(5824K)->5768K(5824K) Class: 533K(640K)->533K(640K)
[6.765s][info][gc             ] GC(109) Pause Young (Allocation Failure) 1045M->1046M(1192M) 71.877ms
[6.765s][info][gc,cpu         ] GC(109) User=0.44s Sys=0.00s Real=0.07s
[6.794s][info][gc,start       ] GC(110) Pause Young (Allocation Failure)
[6.830s][info][gc,heap        ] GC(110) PSYoungGen: 69280K(103424K)->69280K(106496K) Eden: 23552K(23552K)->0K(23552K) From: 45728K(79872K)->69280K(82944K)
[6.830s][info][gc,heap        ] GC(110) ParOldGen: 1025430K(1117696K)->1025430K(1117696K)
[6.830s][info][gc,metaspace   ] GC(110) Metaspace: 6302K(6464K)->6302K(6464K) NonClass: 5768K(5824K)->5768K(5824K) Class: 533K(640K)->533K(640K)
[6.830s][info][gc             ] GC(110) Pause Young (Allocation Failure) 1069M->1069M(1195M) 35.970ms
[6.830s][info][gc,cpu         ] GC(110) User=0.25s Sys=0.00s Real=0.04s
[6.858s][info][gc,start       ] GC(111) Pause Young (Allocation Failure)
[6.906s][info][gc,heap        ] GC(111) PSYoungGen: 92832K(106496K)->80576K(106496K) Eden: 23552K(23552K)->0K(18944K) From: 69280K(82944K)->80576K(87552K)
[6.906s][info][gc,heap        ] GC(111) ParOldGen: 1025430K(1117696K)->1037894K(1117696K)
[6.906s][info][gc,metaspace   ] GC(111) Metaspace: 6302K(6464K)->6302K(6464K) NonClass: 5768K(5824K)->5768K(5824K) Class: 533K(640K)->533K(640K)
[6.906s][info][gc             ] GC(111) Pause Young (Allocation Failure) 1092M->1092M(1195M) 47.873ms
[6.906s][info][gc,cpu         ] GC(111) User=0.27s Sys=0.00s Real=0.05s
[6.927s][info][gc,start       ] GC(112) Pause Young (Allocation Failure)
[6.978s][info][gc,heap        ] GC(112) PSYoungGen: 99520K(106496K)->87232K(113664K) Eden: 18944K(18944K)->0K(18944K) From: 80576K(87552K)->87232K(94720K)
[6.978s][info][gc,heap        ] GC(112) ParOldGen: 1037894K(1117696K)->1050294K(1117696K)
[6.978s][info][gc,metaspace   ] GC(112) Metaspace: 6302K(6464K)->6302K(6464K) NonClass: 5768K(5824K)->5768K(5824K) Class: 533K(640K)->533K(640K)
[6.978s][info][gc             ] GC(112) Pause Young (Allocation Failure) 1110M->1110M(1202M) 51.032ms
[6.978s][info][gc,cpu         ] GC(112) User=0.27s Sys=0.00s Real=0.05s
[7.000s][info][gc,start       ] GC(113) Pause Young (Allocation Failure)
[7.055s][info][gc,heap        ] GC(113) PSYoungGen: 106176K(113664K)->85184K(118784K) Eden: 18944K(18944K)->0K(15360K) From: 87232K(94720K)->85184K(103424K)
[7.055s][info][gc,heap        ] GC(113) ParOldGen: 1050294K(1117696K)->1071574K(1117696K)
[7.055s][info][gc,metaspace   ] GC(113) Metaspace: 6302K(6464K)->6302K(6464K) NonClass: 5768K(5824K)->5768K(5824K) Class: 533K(640K)->533K(640K)
[7.055s][info][gc             ] GC(113) Pause Young (Allocation Failure) 1129M->1129M(1207M) 54.974ms
[7.055s][info][gc,cpu         ] GC(113) User=0.31s Sys=0.08s Real=0.05s
[7.073s][info][gc,start       ] GC(114) Pause Young (Allocation Failure)
[7.128s][info][gc,heap        ] GC(114) PSYoungGen: 100544K(118784K)->53440K(69120K) Eden: 15360K(15360K)->0K(15360K) From: 85184K(103424K)->53440K(53760K)
[7.128s][info][gc,heap        ] GC(114) ParOldGen: 1071574K(1117696K)->1119278K(1119744K)
[7.128s][info][gc,metaspace   ] GC(114) Metaspace: 6302K(6464K)->6302K(6464K) NonClass: 5768K(5824K)->5768K(5824K) Class: 533K(640K)->533K(640K)
[7.128s][info][gc             ] GC(114) Pause Young (Allocation Failure) 1144M->1145M(1161M) 55.068ms
[7.128s][info][gc,cpu         ] GC(114) User=0.34s Sys=0.02s Real=0.06s
[7.128s][info][gc,start       ] GC(115) Pause Full (Ergonomics)
[7.128s][info][gc,phases,start] GC(115) Marking Phase
[7.395s][info][gc,phases      ] GC(115) Marking Phase 267.325ms
[7.395s][info][gc,phases,start] GC(115) Summary Phase
[7.395s][info][gc,phases      ] GC(115) Summary Phase 0.026ms
[7.395s][info][gc,phases,start] GC(115) Adjust Roots
[7.396s][info][gc,phases      ] GC(115) Adjust Roots 0.151ms
[7.396s][info][gc,phases,start] GC(115) Compaction Phase
[7.510s][info][gc,phases      ] GC(115) Compaction Phase 114.780ms
[7.510s][info][gc,phases,start] GC(115) Post Compact
[7.512s][info][gc,phases      ] GC(115) Post Compact 1.912ms
[7.513s][info][gc,heap        ] GC(115) PSYoungGen: 53440K(69120K)->51614K(69120K) Eden: 0K(15360K)->0K(15360K) From: 53440K(53760K)->51614K(53760K)
[7.513s][info][gc,heap        ] GC(115) ParOldGen: 1119278K(1119744K)->1119321K(1238016K)
[7.513s][info][gc,metaspace   ] GC(115) Metaspace: 6302K(6464K)->6302K(6464K) NonClass: 5768K(5824K)->5768K(5824K) Class: 533K(640K)->533K(640K)
[7.513s][info][gc             ] GC(115) Pause Full (Ergonomics) 1145M->1143M(1276M) 384.942ms
[7.513s][info][gc,cpu         ] GC(115) User=2.62s Sys=0.03s Real=0.38s
[7.533s][info][gc,start       ] GC(116) Pause Young (Allocation Failure)
[7.609s][info][gc,heap        ] GC(116) PSYoungGen: 66974K(69120K)->30432K(122880K) Eden: 15360K(15360K)->0K(17408K) From: 51614K(53760K)->30432K(105472K)
[7.609s][info][gc,heap        ] GC(116) ParOldGen: 1119321K(1238016K)->1156545K(1238016K)
[7.609s][info][gc,metaspace   ] GC(116) Metaspace: 6302K(6464K)->6302K(6464K) NonClass: 5768K(5824K)->5768K(5824K) Class: 533K(640K)->533K(640K)
[7.609s][info][gc             ] GC(116) Pause Young (Allocation Failure) 1158M->1159M(1329M) 76.177ms
[7.609s][info][gc,cpu         ] GC(116) User=0.62s Sys=0.00s Real=0.08s
[7.629s][info][gc,start       ] GC(117) Pause Young (Allocation Failure)
[7.656s][info][gc,heap        ] GC(117) PSYoungGen: 47840K(122880K)->32960K(122880K) Eden: 17408K(17408K)->0K(17408K) From: 30432K(105472K)->32960K(105472K)
[7.656s][info][gc,heap        ] GC(117) ParOldGen: 1156545K(1238016K)->1171673K(1238016K)
[7.656s][info][gc,metaspace   ] GC(117) Metaspace: 6302K(6464K)->6302K(6464K) NonClass: 5768K(5824K)->5768K(5824K) Class: 533K(640K)->533K(640K)
[7.656s][info][gc             ] GC(117) Pause Young (Allocation Failure) 1176M->1176M(1329M) 26.952ms
[7.656s][info][gc,cpu         ] GC(117) User=0.12s Sys=0.00s Real=0.03s
[7.677s][info][gc,start       ] GC(118) Pause Young (Allocation Failure)
[7.704s][info][gc,heap        ] GC(118) PSYoungGen: 50368K(122880K)->34912K(120832K) Eden: 17408K(17408K)->0K(19456K) From: 32960K(105472K)->34912K(101376K)
[7.704s][info][gc,heap        ] GC(118) ParOldGen: 1171673K(1238016K)->1187249K(1238016K)
[7.704s][info][gc,metaspace   ] GC(118) Metaspace: 6302K(6464K)->6302K(6464K) NonClass: 5768K(5824K)->5768K(5824K) Class: 533K(640K)->533K(640K)
[7.704s][info][gc             ] GC(118) Pause Young (Allocation Failure) 1193M->1193M(1327M) 27.856ms
[7.704s][info][gc,cpu         ] GC(118) User=0.12s Sys=0.00s Real=0.03s
[7.728s][info][gc,start       ] GC(119) Pause Young (Allocation Failure)
[7.758s][info][gc,heap        ] GC(119) PSYoungGen: 54368K(120832K)->36992K(122368K) Eden: 19456K(19456K)->0K(19456K) From: 34912K(101376K)->36992K(102912K)
[7.758s][info][gc,heap        ] GC(119) ParOldGen: 1187249K(1238016K)->1204905K(1238016K)
[7.758s][info][gc,metaspace   ] GC(119) Metaspace: 6302K(6464K)->6302K(6464K) NonClass: 5768K(5824K)->5768K(5824K) Class: 533K(640K)->533K(640K)
[7.758s][info][gc             ] GC(119) Pause Young (Allocation Failure) 1212M->1212M(1328M) 30.320ms
[7.758s][info][gc,cpu         ] GC(119) User=0.14s Sys=0.00s Real=0.03s
[7.758s][info][gc,start       ] GC(120) Pause Full (Ergonomics)
[7.758s][info][gc,phases,start] GC(120) Marking Phase
[8.032s][info][gc,phases      ] GC(120) Marking Phase 273.792ms
[8.032s][info][gc,phases,start] GC(120) Summary Phase
[8.032s][info][gc,phases      ] GC(120) Summary Phase 0.029ms
[8.032s][info][gc,phases,start] GC(120) Adjust Roots
[8.032s][info][gc,phases      ] GC(120) Adjust Roots 0.150ms
[8.032s][info][gc,phases,start] GC(120) Compaction Phase
[8.140s][info][gc,phases      ] GC(120) Compaction Phase 107.357ms
[8.140s][info][gc,phases,start] GC(120) Post Compact
[8.142s][info][gc,phases      ] GC(120) Post Compact 2.067ms
[8.142s][info][gc,heap        ] GC(120) PSYoungGen: 36992K(122368K)->2574K(122368K) Eden: 0K(19456K)->0K(19456K) From: 36992K(102912K)->2574K(102912K)
[8.142s][info][gc,heap        ] GC(120) ParOldGen: 1204905K(1238016K)->1237875K(1364480K)
[8.142s][info][gc,metaspace   ] GC(120) Metaspace: 6302K(6464K)->6302K(6464K) NonClass: 5768K(5824K)->5768K(5824K) Class: 533K(640K)->533K(640K)
[8.142s][info][gc             ] GC(120) Pause Full (Ergonomics) 1212M->1211M(1452M) 384.132ms
[8.142s][info][gc,cpu         ] GC(120) User=2.78s Sys=0.02s Real=0.38s
[8.167s][info][gc,start       ] GC(121) Pause Young (Allocation Failure)
[8.232s][info][gc,heap        ] GC(121) PSYoungGen: 22030K(122368K)->20448K(121344K) Eden: 19456K(19456K)->0K(21504K) From: 2574K(102912K)->20448K(99840K)
[8.232s][info][gc,heap        ] GC(121) ParOldGen: 1237875K(1364480K)->1239691K(1364480K)
[8.232s][info][gc,metaspace   ] GC(121) Metaspace: 6302K(6464K)->6302K(6464K) NonClass: 5768K(5824K)->5768K(5824K) Class: 533K(640K)->533K(640K)
[8.232s][info][gc             ] GC(121) Pause Young (Allocation Failure) 1230M->1230M(1451M) 65.273ms
[8.232s][info][gc,cpu         ] GC(121) User=0.38s Sys=0.00s Real=0.07s
[8.257s][info][gc,start       ] GC(122) Pause Young (Allocation Failure)
[8.282s][info][gc,heap        ] GC(122) PSYoungGen: 41952K(121344K)->41952K(63488K) Eden: 21504K(21504K)->0K(21504K) From: 20448K(99840K)->41952K(41984K)
[8.282s][info][gc,heap        ] GC(122) ParOldGen: 1239691K(1364480K)->1239691K(1364480K)
[8.283s][info][gc,metaspace   ] GC(122) Metaspace: 6302K(6464K)->6302K(6464K) NonClass: 5768K(5824K)->5768K(5824K) Class: 533K(640K)->533K(640K)
[8.283s][info][gc             ] GC(122) Pause Young (Allocation Failure) 1251M->1251M(1394M) 25.256ms
[8.283s][info][gc,cpu         ] GC(122) User=0.12s Sys=0.00s Real=0.02s
[8.310s][info][gc,start       ] GC(123) Pause Young (Allocation Failure)
[8.344s][info][gc,heap        ] GC(123) PSYoungGen: 63456K(63488K)->62624K(118784K) Eden: 21504K(21504K)->0K(23040K) From: 41952K(41984K)->62624K(95744K)
[8.344s][info][gc,heap        ] GC(123) ParOldGen: 1239691K(1364480K)->1239691K(1364480K)
[8.344s][info][gc,metaspace   ] GC(123) Metaspace: 6302K(6464K)->6302K(6464K) NonClass: 5768K(5824K)->5768K(5824K) Class: 533K(640K)->533K(640K)
[8.344s][info][gc             ] GC(123) Pause Young (Allocation Failure) 1272M->1271M(1448M) 33.939ms
[8.344s][info][gc,cpu         ] GC(123) User=0.16s Sys=0.00s Real=0.03s
[8.361s][info][gc,start       ] GC(124) Pause Young (Allocation Failure)
[8.400s][info][gc,heap        ] GC(124) PSYoungGen: 85664K(118784K)->74560K(119808K) Eden: 23040K(23040K)->0K(23040K) From: 62624K(95744K)->74560K(96768K)
[8.400s][info][gc,heap        ] GC(124) ParOldGen: 1239691K(1364480K)->1239691K(1364480K)
[8.400s][info][gc,metaspace   ] GC(124) Metaspace: 6302K(6464K)->6302K(6464K) NonClass: 5768K(5824K)->5768K(5824K) Class: 533K(640K)->533K(640K)
[8.400s][info][gc             ] GC(124) Pause Young (Allocation Failure) 1294M->1283M(1449M) 38.647ms
[8.400s][info][gc,cpu         ] GC(124) User=0.38s Sys=0.00s Real=0.04s
[8.423s][info][gc,start       ] GC(125) Pause Young (Allocation Failure)
[8.470s][info][gc,heap        ] GC(125) PSYoungGen: 97600K(119808K)->90400K(118272K) Eden: 23040K(23040K)->0K(16384K) From: 74560K(96768K)->90400K(101888K)
[8.470s][info][gc,heap        ] GC(125) ParOldGen: 1239691K(1364480K)->1240547K(1364480K)
[8.470s][info][gc,metaspace   ] GC(125) Metaspace: 6302K(6464K)->6302K(6464K) NonClass: 5768K(5824K)->5768K(5824K) Class: 533K(640K)->533K(640K)
[8.470s][info][gc             ] GC(125) Pause Young (Allocation Failure) 1305M->1299M(1448M) 47.360ms
[8.470s][info][gc,cpu         ] GC(125) User=0.27s Sys=0.00s Real=0.05s
[8.492s][info][gc,start       ] GC(126) Pause Young (Allocation Failure)
[8.549s][info][gc,heap        ] GC(126) PSYoungGen: 106784K(118272K)->87360K(127488K) Eden: 16384K(16384K)->0K(16384K) From: 90400K(101888K)->87360K(111104K)
[8.549s][info][gc,heap        ] GC(126) ParOldGen: 1240547K(1364480K)->1260275K(1364480K)
[8.549s][info][gc,metaspace   ] GC(126) Metaspace: 6302K(6464K)->6302K(6464K) NonClass: 5768K(5824K)->5768K(5824K) Class: 533K(640K)->533K(640K)
[8.549s][info][gc             ] GC(126) Pause Young (Allocation Failure) 1315M->1316M(1457M) 57.386ms
[8.549s][info][gc,cpu         ] GC(126) User=0.38s Sys=0.00s Real=0.06s
[8.569s][info][gc,start       ] GC(127) Pause Young (Allocation Failure)
[8.626s][info][gc,heap        ] GC(127) PSYoungGen: 103744K(127488K)->61472K(127488K) Eden: 16384K(16384K)->0K(18944K) From: 87360K(111104K)->61472K(108544K)
[8.626s][info][gc,heap        ] GC(127) ParOldGen: 1260275K(1364480K)->1303027K(1364480K)
[8.626s][info][gc,metaspace   ] GC(127) Metaspace: 6302K(6464K)->6302K(6464K) NonClass: 5768K(5824K)->5768K(5824K) Class: 533K(640K)->533K(640K)
[8.626s][info][gc             ] GC(127) Pause Young (Allocation Failure) 1332M->1332M(1457M) 57.095ms
[8.626s][info][gc,cpu         ] GC(127) User=0.33s Sys=0.05s Real=0.06s
[8.651s][info][gc,start       ] GC(128) Pause Young (Allocation Failure)
[8.694s][info][gc,heap        ] GC(128) PSYoungGen: 80416K(127488K)->51872K(71168K) Eden: 18944K(18944K)->0K(18944K) From: 61472K(108544K)->51872K(52224K)
[8.694s][info][gc,heap        ] GC(128) ParOldGen: 1303027K(1364480K)->1331963K(1364480K)
[8.694s][info][gc,metaspace   ] GC(128) Metaspace: 6302K(6464K)->6302K(6464K) NonClass: 5768K(5824K)->5768K(5824K) Class: 533K(640K)->533K(640K)
[8.694s][info][gc             ] GC(128) Pause Young (Allocation Failure) 1351M->1351M(1402M) 43.164ms
[8.694s][info][gc,cpu         ] GC(128) User=0.25s Sys=0.02s Real=0.04s
[8.694s][info][gc,start       ] GC(129) Pause Full (Ergonomics)
[8.694s][info][gc,phases,start] GC(129) Marking Phase
[8.996s][info][gc,phases      ] GC(129) Marking Phase 301.717ms
[8.996s][info][gc,phases,start] GC(129) Summary Phase
[8.996s][info][gc,phases      ] GC(129) Summary Phase 0.028ms
[8.996s][info][gc,phases,start] GC(129) Adjust Roots
[8.996s][info][gc,phases      ] GC(129) Adjust Roots 0.224ms
[8.996s][info][gc,phases,start] GC(129) Compaction Phase
[9.363s][info][gc,phases      ] GC(129) Compaction Phase 366.724ms
[9.363s][info][gc,phases,start] GC(129) Post Compact
[9.366s][info][gc,phases      ] GC(129) Post Compact 2.680ms
[9.366s][info][gc,heap        ] GC(129) PSYoungGen: 51872K(71168K)->17895K(71168K) Eden: 0K(18944K)->0K(18944K) From: 51872K(52224K)->17895K(52224K)
[9.366s][info][gc,heap        ] GC(129) ParOldGen: 1331963K(1364480K)->1364257K(1365504K)
[9.366s][info][gc,metaspace   ] GC(129) Metaspace: 6302K(6464K)->6302K(6464K) NonClass: 5768K(5824K)->5768K(5824K) Class: 533K(640K)->533K(640K)
[9.366s][info][gc             ] GC(129) Pause Full (Ergonomics) 1351M->1349M(1403M) 671.725ms
[9.366s][info][gc,cpu         ] GC(129) User=4.83s Sys=0.00s Real=0.67s
[9.391s][info][gc,start       ] GC(130) Pause Full (Ergonomics)
[9.391s][info][gc,phases,start] GC(130) Marking Phase
[9.708s][info][gc,phases      ] GC(130) Marking Phase 316.600ms
[9.708s][info][gc,phases,start] GC(130) Summary Phase
[9.708s][info][gc,phases      ] GC(130) Summary Phase 0.027ms
[9.708s][info][gc,phases,start] GC(130) Adjust Roots
[9.708s][info][gc,phases      ] GC(130) Adjust Roots 0.166ms
[9.708s][info][gc,phases,start] GC(130) Compaction Phase
[9.796s][info][gc,phases      ] GC(130) Compaction Phase 87.445ms
[9.796s][info][gc,phases,start] GC(130) Post Compact
[9.798s][info][gc,phases      ] GC(130) Post Compact 2.012ms
[9.798s][info][gc,heap        ] GC(130) PSYoungGen: 36839K(71168K)->35784K(71168K) Eden: 18944K(18944K)->18913K(18944K) From: 17895K(52224K)->16871K(52224K)
[9.798s][info][gc,heap        ] GC(130) ParOldGen: 1364257K(1365504K)->1365280K(1365504K)
[9.798s][info][gc,metaspace   ] GC(130) Metaspace: 6302K(6464K)->6302K(6464K) NonClass: 5768K(5824K)->5768K(5824K) Class: 533K(640K)->533K(640K)
[9.798s][info][gc             ] GC(130) Pause Full (Ergonomics) 1368M->1368M(1403M) 406.602ms
[9.798s][info][gc,cpu         ] GC(130) User=3.06s Sys=0.00s Real=0.41s
[9.798s][info][gc,start       ] GC(131) Pause Full (Ergonomics)
[9.798s][info][gc,phases,start] GC(131) Marking Phase
[10.111s][info][gc,phases      ] GC(131) Marking Phase 313.012ms
[10.111s][info][gc,phases,start] GC(131) Summary Phase
[10.111s][info][gc,phases      ] GC(131) Summary Phase 0.026ms
[10.111s][info][gc,phases,start] GC(131) Adjust Roots
[10.112s][info][gc,phases      ] GC(131) Adjust Roots 0.157ms
[10.112s][info][gc,phases,start] GC(131) Compaction Phase
[10.195s][info][gc,phases      ] GC(131) Compaction Phase 83.689ms
[10.195s][info][gc,phases,start] GC(131) Post Compact
[10.198s][info][gc,phases      ] GC(131) Post Compact 2.247ms
[10.198s][info][gc,heap        ] GC(131) PSYoungGen: 35815K(71168K)->35814K(71168K) Eden: 18944K(18944K)->18943K(18944K) From: 16871K(52224K)->16871K(52224K)
[10.198s][info][gc,heap        ] GC(131) ParOldGen: 1365280K(1365504K)->1365280K(1365504K)
[10.198s][info][gc,metaspace   ] GC(131) Metaspace: 6302K(6464K)->6302K(6464K) NonClass: 5768K(5824K)->5768K(5824K) Class: 533K(640K)->533K(640K)
[10.198s][info][gc             ] GC(131) Pause Full (Ergonomics) 1368M->1368M(1403M) 399.523ms
[10.198s][info][gc,cpu         ] GC(131) User=3.14s Sys=0.00s Real=0.40s
[10.198s][info][gc,start       ] GC(132) Pause Full (Ergonomics)
[10.198s][info][gc,phases,start] GC(132) Marking Phase
[10.519s][info][gc,phases      ] GC(132) Marking Phase 320.527ms
[10.519s][info][gc,phases,start] GC(132) Summary Phase
[10.519s][info][gc,phases      ] GC(132) Summary Phase 0.026ms
[10.519s][info][gc,phases,start] GC(132) Adjust Roots
[10.519s][info][gc,phases      ] GC(132) Adjust Roots 0.159ms
[10.519s][info][gc,phases,start] GC(132) Compaction Phase
[10.602s][info][gc,phases      ] GC(132) Compaction Phase 83.047ms
[10.602s][info][gc,phases,start] GC(132) Post Compact
[10.604s][info][gc,phases      ] GC(132) Post Compact 2.016ms
[10.604s][info][gc,heap        ] GC(132) PSYoungGen: 35814K(71168K)->35814K(71168K) Eden: 18943K(18944K)->18943K(18944K) From: 16871K(52224K)->16871K(52224K)
[10.604s][info][gc,heap        ] GC(132) ParOldGen: 1365280K(1365504K)->1365280K(1365504K)
[10.604s][info][gc,metaspace   ] GC(132) Metaspace: 6302K(6464K)->6302K(6464K) NonClass: 5768K(5824K)->5768K(5824K) Class: 533K(640K)->533K(640K)
[10.604s][info][gc             ] GC(132) Pause Full (Ergonomics) 1368M->1368M(1403M) 406.094ms
[10.604s][info][gc,cpu         ] GC(132) User=3.02s Sys=0.00s Real=0.41s
[10.604s][info][gc,start       ] GC(133) Pause Full (Ergonomics)
[10.604s][info][gc,phases,start] GC(133) Marking Phase
[10.929s][info][gc,phases      ] GC(133) Marking Phase 324.343ms
[10.929s][info][gc,phases,start] GC(133) Summary Phase
[10.929s][info][gc,phases      ] GC(133) Summary Phase 0.027ms
[10.929s][info][gc,phases,start] GC(133) Adjust Roots
[10.929s][info][gc,phases      ] GC(133) Adjust Roots 0.158ms
[10.929s][info][gc,phases,start] GC(133) Compaction Phase
[11.013s][info][gc,phases      ] GC(133) Compaction Phase 84.118ms
[11.013s][info][gc,phases,start] GC(133) Post Compact
[11.015s][info][gc,phases      ] GC(133) Post Compact 2.240ms
[11.015s][info][gc,heap        ] GC(133) PSYoungGen: 35815K(71168K)->35815K(71168K) Eden: 18943K(18944K)->18943K(18944K) From: 16871K(52224K)->16871K(52224K)
[11.015s][info][gc,heap        ] GC(133) ParOldGen: 1365285K(1365504K)->1365285K(1365504K)
[11.015s][info][gc,metaspace   ] GC(133) Metaspace: 6302K(6464K)->6302K(6464K) NonClass: 5768K(5824K)->5768K(5824K) Class: 533K(640K)->533K(640K)
[11.015s][info][gc             ] GC(133) Pause Full (Ergonomics) 1368M->1368M(1403M) 411.216ms
[11.015s][info][gc,cpu         ] GC(133) User=3.08s Sys=0.00s Real=0.41s
[11.016s][info][gc,start       ] GC(134) Pause Full (Ergonomics)
[11.016s][info][gc,phases,start] GC(134) Marking Phase
[11.327s][info][gc,phases      ] GC(134) Marking Phase 311.135ms
[11.327s][info][gc,phases,start] GC(134) Summary Phase
[11.327s][info][gc,phases      ] GC(134) Summary Phase 0.027ms
[11.327s][info][gc,phases,start] GC(134) Adjust Roots
[11.327s][info][gc,phases      ] GC(134) Adjust Roots 0.166ms
[11.327s][info][gc,phases,start] GC(134) Compaction Phase
[11.411s][info][gc,phases      ] GC(134) Compaction Phase 83.479ms
[11.411s][info][gc,phases,start] GC(134) Post Compact
[11.413s][info][gc,phases      ] GC(134) Post Compact 1.992ms
[11.413s][info][gc,heap        ] GC(134) PSYoungGen: 35815K(71168K)->35815K(71168K) Eden: 18943K(18944K)->18943K(18944K) From: 16871K(52224K)->16871K(52224K)
[11.413s][info][gc,heap        ] GC(134) ParOldGen: 1365290K(1365504K)->1365290K(1365504K)
[11.413s][info][gc,metaspace   ] GC(134) Metaspace: 6302K(6464K)->6302K(6464K) NonClass: 5768K(5824K)->5768K(5824K) Class: 533K(640K)->533K(640K)
[11.413s][info][gc             ] GC(134) Pause Full (Ergonomics) 1368M->1368M(1403M) 397.125ms
[11.413s][info][gc,cpu         ] GC(134) User=3.03s Sys=0.00s Real=0.40s
[11.413s][info][gc,start       ] GC(135) Pause Full (Ergonomics)
[11.413s][info][gc,phases,start] GC(135) Marking Phase
[11.734s][info][gc,phases      ] GC(135) Marking Phase 320.496ms
[11.734s][info][gc,phases,start] GC(135) Summary Phase
[11.734s][info][gc,phases      ] GC(135) Summary Phase 0.028ms
[11.734s][info][gc,phases,start] GC(135) Adjust Roots
[11.734s][info][gc,phases      ] GC(135) Adjust Roots 0.159ms
[11.734s][info][gc,phases,start] GC(135) Compaction Phase
[11.818s][info][gc,phases      ] GC(135) Compaction Phase 84.044ms
[11.818s][info][gc,phases,start] GC(135) Post Compact
[11.820s][info][gc,phases      ] GC(135) Post Compact 2.108ms
[11.820s][info][gc,heap        ] GC(135) PSYoungGen: 35815K(71168K)->35815K(71168K) Eden: 18943K(18944K)->18943K(18944K) From: 16871K(52224K)->16871K(52224K)
[11.820s][info][gc,heap        ] GC(135) ParOldGen: 1365294K(1365504K)->1365294K(1365504K)
[11.820s][info][gc,metaspace   ] GC(135) Metaspace: 6302K(6464K)->6302K(6464K) NonClass: 5768K(5824K)->5768K(5824K) Class: 533K(640K)->533K(640K)
[11.820s][info][gc             ] GC(135) Pause Full (Ergonomics) 1368M->1368M(1403M) 407.166ms
[11.820s][info][gc,cpu         ] GC(135) User=2.97s Sys=0.00s Real=0.41s
[11.820s][info][gc,start       ] GC(136) Pause Full (Ergonomics)
[11.820s][info][gc,phases,start] GC(136) Marking Phase
[12.132s][info][gc,phases      ] GC(136) Marking Phase 311.972ms
[12.132s][info][gc,phases,start] GC(136) Summary Phase
[12.132s][info][gc,phases      ] GC(136) Summary Phase 0.027ms
[12.132s][info][gc,phases,start] GC(136) Adjust Roots
[12.133s][info][gc,phases      ] GC(136) Adjust Roots 0.157ms
[12.133s][info][gc,phases,start] GC(136) Compaction Phase
[12.216s][info][gc,phases      ] GC(136) Compaction Phase 83.663ms
[12.216s][info][gc,phases,start] GC(136) Post Compact
[12.218s][info][gc,phases      ] GC(136) Post Compact 2.070ms
[12.219s][info][gc,heap        ] GC(136) PSYoungGen: 35815K(71168K)->35815K(71168K) Eden: 18943K(18944K)->18943K(18944K) From: 16871K(52224K)->16871K(52224K)
[12.219s][info][gc,heap        ] GC(136) ParOldGen: 1365299K(1365504K)->1365299K(1365504K)
[12.219s][info][gc,metaspace   ] GC(136) Metaspace: 6302K(6464K)->6302K(6464K) NonClass: 5768K(5824K)->5768K(5824K) Class: 533K(640K)->533K(640K)
[12.219s][info][gc             ] GC(136) Pause Full (Ergonomics) 1368M->1368M(1403M) 398.214ms
[12.219s][info][gc,cpu         ] GC(136) User=2.95s Sys=0.00s Real=0.40s
[12.219s][info][gc,start       ] GC(137) Pause Full (Ergonomics)
[12.219s][info][gc,phases,start] GC(137) Marking Phase
[12.540s][info][gc,phases      ] GC(137) Marking Phase 320.895ms
[12.540s][info][gc,phases,start] GC(137) Summary Phase
[12.540s][info][gc,phases      ] GC(137) Summary Phase 0.027ms
[12.540s][info][gc,phases,start] GC(137) Adjust Roots
[12.540s][info][gc,phases      ] GC(137) Adjust Roots 0.199ms
[12.540s][info][gc,phases,start] GC(137) Compaction Phase
[12.623s][info][gc,phases      ] GC(137) Compaction Phase 82.487ms
[12.623s][info][gc,phases,start] GC(137) Post Compact
[12.625s][info][gc,phases      ] GC(137) Post Compact 2.212ms
[12.625s][info][gc,heap        ] GC(137) PSYoungGen: 35815K(71168K)->35815K(71168K) Eden: 18943K(18944K)->18943K(18944K) From: 16871K(52224K)->16871K(52224K)
[12.625s][info][gc,heap        ] GC(137) ParOldGen: 1365304K(1365504K)->1365304K(1365504K)
[12.625s][info][gc,metaspace   ] GC(137) Metaspace: 6302K(6464K)->6302K(6464K) NonClass: 5768K(5824K)->5768K(5824K) Class: 533K(640K)->533K(640K)
[12.625s][info][gc             ] GC(137) Pause Full (Ergonomics) 1368M->1368M(1403M) 406.131ms
[12.625s][info][gc,cpu         ] GC(137) User=3.19s Sys=0.00s Real=0.41s
[12.625s][info][gc,start       ] GC(138) Pause Full (Ergonomics)
[12.625s][info][gc,phases,start] GC(138) Marking Phase
[12.940s][info][gc,phases      ] GC(138) Marking Phase 315.350ms
[12.941s][info][gc,phases,start] GC(138) Summary Phase
[12.941s][info][gc,phases      ] GC(138) Summary Phase 0.027ms
[12.941s][info][gc,phases,start] GC(138) Adjust Roots
[12.941s][info][gc,phases      ] GC(138) Adjust Roots 0.164ms
[12.941s][info][gc,phases,start] GC(138) Compaction Phase
[13.024s][info][gc,phases      ] GC(138) Compaction Phase 83.158ms
[13.024s][info][gc,phases,start] GC(138) Post Compact
[13.026s][info][gc,phases      ] GC(138) Post Compact 2.181ms
[13.026s][info][gc,heap        ] GC(138) PSYoungGen: 35815K(71168K)->35815K(71168K) Eden: 18943K(18944K)->18943K(18944K) From: 16871K(52224K)->16871K(52224K)
[13.026s][info][gc,heap        ] GC(138) ParOldGen: 1365308K(1365504K)->1365308K(1365504K)
[13.026s][info][gc,metaspace   ] GC(138) Metaspace: 6302K(6464K)->6302K(6464K) NonClass: 5768K(5824K)->5768K(5824K) Class: 533K(640K)->533K(640K)
[13.026s][info][gc             ] GC(138) Pause Full (Ergonomics) 1368M->1368M(1403M) 401.203ms
[13.026s][info][gc,cpu         ] GC(138) User=2.97s Sys=0.00s Real=0.40s
[13.026s][info][gc,start       ] GC(139) Pause Full (Ergonomics)
[13.027s][info][gc,phases,start] GC(139) Marking Phase
[13.353s][info][gc,phases      ] GC(139) Marking Phase 326.924ms
[13.354s][info][gc,phases,start] GC(139) Summary Phase
[13.354s][info][gc,phases      ] GC(139) Summary Phase 0.027ms
[13.354s][info][gc,phases,start] GC(139) Adjust Roots
[13.354s][info][gc,phases      ] GC(139) Adjust Roots 0.166ms
[13.354s][info][gc,phases,start] GC(139) Compaction Phase
[13.439s][info][gc,phases      ] GC(139) Compaction Phase 85.564ms
[13.439s][info][gc,phases,start] GC(139) Post Compact
[13.442s][info][gc,phases      ] GC(139) Post Compact 2.148ms
[13.442s][info][gc,heap        ] GC(139) PSYoungGen: 35815K(71168K)->35815K(71168K) Eden: 18943K(18944K)->18943K(18944K) From: 16871K(52224K)->16871K(52224K)
[13.442s][info][gc,heap        ] GC(139) ParOldGen: 1365313K(1365504K)->1365313K(1365504K)
[13.442s][info][gc,metaspace   ] GC(139) Metaspace: 6302K(6464K)->6302K(6464K) NonClass: 5768K(5824K)->5768K(5824K) Class: 533K(640K)->533K(640K)
[13.442s][info][gc             ] GC(139) Pause Full (Ergonomics) 1368M->1368M(1403M) 415.166ms
[13.442s][info][gc,cpu         ] GC(139) User=3.08s Sys=0.00s Real=0.42s
[13.442s][info][gc,start       ] GC(140) Pause Full (Ergonomics)
[13.442s][info][gc,phases,start] GC(140) Marking Phase
[13.758s][info][gc,phases      ] GC(140) Marking Phase 315.612ms
[13.758s][info][gc,phases,start] GC(140) Summary Phase
[13.758s][info][gc,phases      ] GC(140) Summary Phase 0.034ms
[13.758s][info][gc,phases,start] GC(140) Adjust Roots
[13.758s][info][gc,phases      ] GC(140) Adjust Roots 0.195ms
[13.758s][info][gc,phases,start] GC(140) Compaction Phase
[13.841s][info][gc,phases      ] GC(140) Compaction Phase 83.421ms
[13.841s][info][gc,phases,start] GC(140) Post Compact
[13.844s][info][gc,phases      ] GC(140) Post Compact 2.189ms
[13.844s][info][gc,heap        ] GC(140) PSYoungGen: 35815K(71168K)->35815K(71168K) Eden: 18943K(18944K)->18943K(18944K) From: 16871K(52224K)->16871K(52224K)
[13.844s][info][gc,heap        ] GC(140) ParOldGen: 1365318K(1365504K)->1365318K(1365504K)
[13.844s][info][gc,metaspace   ] GC(140) Metaspace: 6302K(6464K)->6302K(6464K) NonClass: 5768K(5824K)->5768K(5824K) Class: 533K(640K)->533K(640K)
[13.844s][info][gc             ] GC(140) Pause Full (Ergonomics) 1368M->1368M(1403M) 401.802ms
[13.844s][info][gc,cpu         ] GC(140) User=2.97s Sys=0.00s Real=0.40s
[13.844s][info][gc,start       ] GC(141) Pause Full (Ergonomics)
[13.844s][info][gc,phases,start] GC(141) Marking Phase
[14.153s][info][gc,phases      ] GC(141) Marking Phase 309.294ms
[14.153s][info][gc,phases,start] GC(141) Summary Phase
[14.153s][info][gc,phases      ] GC(141) Summary Phase 0.027ms
[14.153s][info][gc,phases,start] GC(141) Adjust Roots
[14.153s][info][gc,phases      ] GC(141) Adjust Roots 0.157ms
[14.153s][info][gc,phases,start] GC(141) Compaction Phase
[14.240s][info][gc,phases      ] GC(141) Compaction Phase 86.193ms
[14.240s][info][gc,phases,start] GC(141) Post Compact
[14.242s][info][gc,phases      ] GC(141) Post Compact 2.133ms
[14.242s][info][gc,heap        ] GC(141) PSYoungGen: 35815K(71168K)->35815K(71168K) Eden: 18943K(18944K)->18943K(18944K) From: 16871K(52224K)->16871K(52224K)
[14.242s][info][gc,heap        ] GC(141) ParOldGen: 1365322K(1365504K)->1365322K(1365504K)
[14.242s][info][gc,metaspace   ] GC(141) Metaspace: 6302K(6464K)->6302K(6464K) NonClass: 5768K(5824K)->5768K(5824K) Class: 533K(640K)->533K(640K)
[14.242s][info][gc             ] GC(141) Pause Full (Ergonomics) 1368M->1368M(1403M) 398.124ms
[14.242s][info][gc,cpu         ] GC(141) User=3.08s Sys=0.00s Real=0.40s
[14.242s][info][gc,start       ] GC(142) Pause Full (Ergonomics)
[14.242s][info][gc,phases,start] GC(142) Marking Phase
[14.559s][info][gc,phases      ] GC(142) Marking Phase 316.477ms
[14.559s][info][gc,phases,start] GC(142) Summary Phase
[14.559s][info][gc,phases      ] GC(142) Summary Phase 0.027ms
[14.559s][info][gc,phases,start] GC(142) Adjust Roots
[14.559s][info][gc,phases      ] GC(142) Adjust Roots 0.161ms
[14.559s][info][gc,phases,start] GC(142) Compaction Phase
[14.642s][info][gc,phases      ] GC(142) Compaction Phase 83.200ms
[14.642s][info][gc,phases,start] GC(142) Post Compact
[14.644s][info][gc,phases      ] GC(142) Post Compact 1.986ms
[14.644s][info][gc,heap        ] GC(142) PSYoungGen: 35815K(71168K)->35815K(71168K) Eden: 18943K(18944K)->18943K(18944K) From: 16871K(52224K)->16871K(52224K)
[14.644s][info][gc,heap        ] GC(142) ParOldGen: 1365327K(1365504K)->1365327K(1365504K)
[14.644s][info][gc,metaspace   ] GC(142) Metaspace: 6302K(6464K)->6302K(6464K) NonClass: 5768K(5824K)->5768K(5824K) Class: 533K(640K)->533K(640K)
[14.644s][info][gc             ] GC(142) Pause Full (Ergonomics) 1368M->1368M(1403M) 402.177ms
[14.644s][info][gc,cpu         ] GC(142) User=2.94s Sys=0.00s Real=0.40s
[14.645s][info][gc,start       ] GC(143) Pause Full (Ergonomics)
[14.645s][info][gc,phases,start] GC(143) Marking Phase
[14.973s][info][gc,phases      ] GC(143) Marking Phase 328.750ms
[14.973s][info][gc,phases,start] GC(143) Summary Phase
[14.973s][info][gc,phases      ] GC(143) Summary Phase 0.026ms
[14.973s][info][gc,phases,start] GC(143) Adjust Roots
[14.974s][info][gc,phases      ] GC(143) Adjust Roots 0.161ms
[14.974s][info][gc,phases,start] GC(143) Compaction Phase
[15.057s][info][gc,phases      ] GC(143) Compaction Phase 83.097ms
[15.057s][info][gc,phases,start] GC(143) Post Compact
[15.059s][info][gc,phases      ] GC(143) Post Compact 1.982ms
[15.059s][info][gc,heap        ] GC(143) PSYoungGen: 35815K(71168K)->35815K(71168K) Eden: 18943K(18944K)->18943K(18944K) From: 16871K(52224K)->16871K(52224K)
[15.059s][info][gc,heap        ] GC(143) ParOldGen: 1365332K(1365504K)->1365332K(1365504K)
[15.059s][info][gc,metaspace   ] GC(143) Metaspace: 6302K(6464K)->6302K(6464K) NonClass: 5768K(5824K)->5768K(5824K) Class: 533K(640K)->533K(640K)
[15.059s][info][gc             ] GC(143) Pause Full (Ergonomics) 1368M->1368M(1403M) 414.338ms
[15.059s][info][gc,cpu         ] GC(143) User=3.06s Sys=0.02s Real=0.42s
[15.059s][info][gc,start       ] GC(144) Pause Full (Ergonomics)
[15.059s][info][gc,phases,start] GC(144) Marking Phase
[15.382s][info][gc,phases      ] GC(144) Marking Phase 322.624ms
[15.382s][info][gc,phases,start] GC(144) Summary Phase
[15.382s][info][gc,phases      ] GC(144) Summary Phase 0.027ms
[15.382s][info][gc,phases,start] GC(144) Adjust Roots
[15.382s][info][gc,phases      ] GC(144) Adjust Roots 0.162ms
[15.382s][info][gc,phases,start] GC(144) Compaction Phase
[15.469s][info][gc,phases      ] GC(144) Compaction Phase 86.421ms
[15.469s][info][gc,phases,start] GC(144) Post Compact
[15.471s][info][gc,phases      ] GC(144) Post Compact 2.209ms
[15.471s][info][gc,heap        ] GC(144) PSYoungGen: 35815K(71168K)->35815K(71168K) Eden: 18943K(18944K)->18943K(18944K) From: 16871K(52224K)->16871K(52224K)
[15.471s][info][gc,heap        ] GC(144) ParOldGen: 1365336K(1365504K)->1365336K(1365504K)
[15.471s][info][gc,metaspace   ] GC(144) Metaspace: 6302K(6464K)->6302K(6464K) NonClass: 5768K(5824K)->5768K(5824K) Class: 533K(640K)->533K(640K)
[15.471s][info][gc             ] GC(144) Pause Full (Ergonomics) 1368M->1368M(1403M) 411.810ms
[15.471s][info][gc,cpu         ] GC(144) User=3.17s Sys=0.00s Real=0.41s
[15.471s][info][gc,start       ] GC(145) Pause Full (Ergonomics)
[15.471s][info][gc,phases,start] GC(145) Marking Phase
[15.787s][info][gc,phases      ] GC(145) Marking Phase 316.292ms
[15.788s][info][gc,phases,start] GC(145) Summary Phase
[15.788s][info][gc,phases      ] GC(145) Summary Phase 0.095ms
[15.788s][info][gc,phases,start] GC(145) Adjust Roots
[15.788s][info][gc,phases      ] GC(145) Adjust Roots 0.311ms
[15.788s][info][gc,phases,start] GC(145) Compaction Phase
[15.874s][info][gc,phases      ] GC(145) Compaction Phase 85.959ms
[15.874s][info][gc,phases,start] GC(145) Post Compact
[15.876s][info][gc,phases      ] GC(145) Post Compact 2.197ms
[15.876s][info][gc,heap        ] GC(145) PSYoungGen: 35815K(71168K)->35815K(71168K) Eden: 18943K(18944K)->18943K(18944K) From: 16871K(52224K)->16871K(52224K)
[15.876s][info][gc,heap        ] GC(145) ParOldGen: 1365341K(1365504K)->1365341K(1365504K)
[15.876s][info][gc,metaspace   ] GC(145) Metaspace: 6302K(6464K)->6302K(6464K) NonClass: 5768K(5824K)->5768K(5824K) Class: 533K(640K)->533K(640K)
[15.876s][info][gc             ] GC(145) Pause Full (Ergonomics) 1368M->1368M(1403M) 405.329ms
[15.876s][info][gc,cpu         ] GC(145) User=3.09s Sys=0.00s Real=0.40s
[15.877s][info][gc,start       ] GC(146) Pause Full (Ergonomics)
[15.877s][info][gc,phases,start] GC(146) Marking Phase
[16.195s][info][gc,phases      ] GC(146) Marking Phase 318.290ms
[16.195s][info][gc,phases,start] GC(146) Summary Phase
[16.195s][info][gc,phases      ] GC(146) Summary Phase 0.026ms
[16.195s][info][gc,phases,start] GC(146) Adjust Roots
[16.195s][info][gc,phases      ] GC(146) Adjust Roots 0.192ms
[16.195s][info][gc,phases,start] GC(146) Compaction Phase
[16.282s][info][gc,phases      ] GC(146) Compaction Phase 86.742ms
[16.282s][info][gc,phases,start] GC(146) Post Compact
[16.285s][info][gc,phases      ] GC(146) Post Compact 2.762ms
[16.285s][info][gc,heap        ] GC(146) PSYoungGen: 35815K(71168K)->35815K(71168K) Eden: 18943K(18944K)->18943K(18944K) From: 16871K(52224K)->16871K(52224K)
[16.285s][info][gc,heap        ] GC(146) ParOldGen: 1365346K(1365504K)->1365346K(1365504K)
[16.285s][info][gc,metaspace   ] GC(146) Metaspace: 6302K(6464K)->6302K(6464K) NonClass: 5768K(5824K)->5768K(5824K) Class: 533K(640K)->533K(640K)
[16.285s][info][gc             ] GC(146) Pause Full (Ergonomics) 1368M->1368M(1403M) 408.381ms
[16.285s][info][gc,cpu         ] GC(146) User=3.08s Sys=0.00s Real=0.41s
[16.285s][info][gc,start       ] GC(147) Pause Full (Ergonomics)
[16.285s][info][gc,phases,start] GC(147) Marking Phase
[16.604s][info][gc,phases      ] GC(147) Marking Phase 318.526ms
[16.604s][info][gc,phases,start] GC(147) Summary Phase
[16.604s][info][gc,phases      ] GC(147) Summary Phase 0.027ms
[16.604s][info][gc,phases,start] GC(147) Adjust Roots
[16.604s][info][gc,phases      ] GC(147) Adjust Roots 0.159ms
[16.604s][info][gc,phases,start] GC(147) Compaction Phase
[16.687s][info][gc,phases      ] GC(147) Compaction Phase 83.234ms
[16.687s][info][gc,phases,start] GC(147) Post Compact
[16.690s][info][gc,phases      ] GC(147) Post Compact 2.186ms
[16.690s][info][gc,heap        ] GC(147) PSYoungGen: 35815K(71168K)->35815K(71168K) Eden: 18943K(18944K)->18943K(18944K) From: 16871K(52224K)->16871K(52224K)
[16.690s][info][gc,heap        ] GC(147) ParOldGen: 1365350K(1365504K)->1365350K(1365504K)
[16.690s][info][gc,metaspace   ] GC(147) Metaspace: 6302K(6464K)->6302K(6464K) NonClass: 5768K(5824K)->5768K(5824K) Class: 533K(640K)->533K(640K)
[16.690s][info][gc             ] GC(147) Pause Full (Ergonomics) 1368M->1368M(1403M) 404.454ms
[16.690s][info][gc,cpu         ] GC(147) User=2.92s Sys=0.00s Real=0.40s
[16.690s][info][gc,start       ] GC(148) Pause Full (Ergonomics)
[16.690s][info][gc,phases,start] GC(148) Marking Phase
[17.011s][info][gc,phases      ] GC(148) Marking Phase 321.329ms
[17.011s][info][gc,phases,start] GC(148) Summary Phase
[17.011s][info][gc,phases      ] GC(148) Summary Phase 0.027ms
[17.011s][info][gc,phases,start] GC(148) Adjust Roots
[17.012s][info][gc,phases      ] GC(148) Adjust Roots 0.230ms
[17.012s][info][gc,phases,start] GC(148) Compaction Phase
[17.095s][info][gc,phases      ] GC(148) Compaction Phase 83.794ms
[17.096s][info][gc,phases,start] GC(148) Post Compact
[17.098s][info][gc,phases      ] GC(148) Post Compact 2.957ms
[17.099s][info][gc,heap        ] GC(148) PSYoungGen: 35815K(71168K)->35815K(71168K) Eden: 18943K(18944K)->18943K(18944K) From: 16871K(52224K)->16871K(52224K)
[17.099s][info][gc,heap        ] GC(148) ParOldGen: 1365355K(1365504K)->1365355K(1365504K)
[17.099s][info][gc,metaspace   ] GC(148) Metaspace: 6302K(6464K)->6302K(6464K) NonClass: 5768K(5824K)->5768K(5824K) Class: 533K(640K)->533K(640K)
[17.099s][info][gc             ] GC(148) Pause Full (Ergonomics) 1368M->1368M(1403M) 408.776ms
[17.099s][info][gc,cpu         ] GC(148) User=3.17s Sys=0.00s Real=0.41s
[17.099s][info][gc,start       ] GC(149) Pause Full (Ergonomics)
[17.099s][info][gc,phases,start] GC(149) Marking Phase
[17.409s][info][gc,phases      ] GC(149) Marking Phase 310.267ms
[17.409s][info][gc,phases,start] GC(149) Summary Phase
[17.409s][info][gc,phases      ] GC(149) Summary Phase 0.027ms
[17.409s][info][gc,phases,start] GC(149) Adjust Roots
[17.410s][info][gc,phases      ] GC(149) Adjust Roots 0.172ms
[17.410s][info][gc,phases,start] GC(149) Compaction Phase
[17.497s][info][gc,phases      ] GC(149) Compaction Phase 87.541ms
[17.497s][info][gc,phases,start] GC(149) Post Compact
[17.499s][info][gc,phases      ] GC(149) Post Compact 2.147ms
[17.499s][info][gc,heap        ] GC(149) PSYoungGen: 35815K(71168K)->35815K(71168K) Eden: 18943K(18944K)->18943K(18944K) From: 16871K(52224K)->16871K(52224K)
[17.499s][info][gc,heap        ] GC(149) ParOldGen: 1365360K(1365504K)->1365360K(1365504K)
[17.499s][info][gc,metaspace   ] GC(149) Metaspace: 6302K(6464K)->6302K(6464K) NonClass: 5768K(5824K)->5768K(5824K) Class: 533K(640K)->533K(640K)
[17.499s][info][gc             ] GC(149) Pause Full (Ergonomics) 1368M->1368M(1403M) 400.500ms
[17.499s][info][gc,cpu         ] GC(149) User=2.95s Sys=0.00s Real=0.40s
[17.500s][info][gc,start       ] GC(150) Pause Full (Ergonomics)
[17.500s][info][gc,phases,start] GC(150) Marking Phase
[17.823s][info][gc,phases      ] GC(150) Marking Phase 323.066ms
[17.823s][info][gc,phases,start] GC(150) Summary Phase
[17.823s][info][gc,phases      ] GC(150) Summary Phase 0.026ms
[17.823s][info][gc,phases,start] GC(150) Adjust Roots
[17.823s][info][gc,phases      ] GC(150) Adjust Roots 0.163ms
[17.823s][info][gc,phases,start] GC(150) Compaction Phase
[17.908s][info][gc,phases      ] GC(150) Compaction Phase 84.882ms
[17.908s][info][gc,phases,start] GC(150) Post Compact
[17.910s][info][gc,phases      ] GC(150) Post Compact 2.098ms
[17.910s][info][gc,heap        ] GC(150) PSYoungGen: 35815K(71168K)->35815K(71168K) Eden: 18943K(18944K)->18943K(18944K) From: 16871K(52224K)->16871K(52224K)
[17.910s][info][gc,heap        ] GC(150) ParOldGen: 1365364K(1365504K)->1365364K(1365504K)
[17.910s][info][gc,metaspace   ] GC(150) Metaspace: 6302K(6464K)->6302K(6464K) NonClass: 5768K(5824K)->5768K(5824K) Class: 533K(640K)->533K(640K)
[17.910s][info][gc             ] GC(150) Pause Full (Ergonomics) 1368M->1368M(1403M) 410.546ms
[17.910s][info][gc,cpu         ] GC(150) User=3.20s Sys=0.00s Real=0.41s
[17.910s][info][gc,start       ] GC(151) Pause Full (Ergonomics)
[17.910s][info][gc,phases,start] GC(151) Marking Phase
[18.239s][info][gc,phases      ] GC(151) Marking Phase 328.439ms
[18.239s][info][gc,phases,start] GC(151) Summary Phase
[18.239s][info][gc,phases      ] GC(151) Summary Phase 0.028ms
[18.239s][info][gc,phases,start] GC(151) Adjust Roots
[18.239s][info][gc,phases      ] GC(151) Adjust Roots 0.179ms
[18.239s][info][gc,phases,start] GC(151) Compaction Phase
[18.323s][info][gc,phases      ] GC(151) Compaction Phase 83.674ms
[18.323s][info][gc,phases,start] GC(151) Post Compact
[18.325s][info][gc,phases      ] GC(151) Post Compact 2.154ms
[18.325s][info][gc,heap        ] GC(151) PSYoungGen: 35815K(71168K)->35815K(71168K) Eden: 18943K(18944K)->18943K(18944K) From: 16871K(52224K)->16871K(52224K)
[18.325s][info][gc,heap        ] GC(151) ParOldGen: 1365369K(1365504K)->1365369K(1365504K)
[18.325s][info][gc,metaspace   ] GC(151) Metaspace: 6302K(6464K)->6302K(6464K) NonClass: 5768K(5824K)->5768K(5824K) Class: 533K(640K)->533K(640K)
[18.325s][info][gc             ] GC(151) Pause Full (Ergonomics) 1368M->1368M(1403M) 414.789ms
[18.325s][info][gc,cpu         ] GC(151) User=3.03s Sys=0.00s Real=0.41s
[18.325s][info][gc,start       ] GC(152) Pause Full (Ergonomics)
[18.325s][info][gc,phases,start] GC(152) Marking Phase
[18.633s][info][gc,phases      ] GC(152) Marking Phase 307.410ms
[18.633s][info][gc,phases,start] GC(152) Summary Phase
[18.633s][info][gc,phases      ] GC(152) Summary Phase 0.026ms
[18.633s][info][gc,phases,start] GC(152) Adjust Roots
[18.633s][info][gc,phases      ] GC(152) Adjust Roots 0.161ms
[18.633s][info][gc,phases,start] GC(152) Compaction Phase
[18.724s][info][gc,phases      ] GC(152) Compaction Phase 90.689ms
[18.724s][info][gc,phases,start] GC(152) Post Compact
[18.726s][info][gc,phases      ] GC(152) Post Compact 2.295ms
[18.726s][info][gc,heap        ] GC(152) PSYoungGen: 35815K(71168K)->35815K(71168K) Eden: 18943K(18944K)->18943K(18944K) From: 16871K(52224K)->16871K(52224K)
[18.726s][info][gc,heap        ] GC(152) ParOldGen: 1365374K(1365504K)->1365374K(1365504K)
[18.726s][info][gc,metaspace   ] GC(152) Metaspace: 6302K(6464K)->6302K(6464K) NonClass: 5768K(5824K)->5768K(5824K) Class: 533K(640K)->533K(640K)
[18.726s][info][gc             ] GC(152) Pause Full (Ergonomics) 1368M->1368M(1403M) 400.929ms
[18.726s][info][gc,cpu         ] GC(152) User=3.06s Sys=0.00s Real=0.40s
[18.727s][info][gc,start       ] GC(153) Pause Full (Ergonomics)
[18.727s][info][gc,phases,start] GC(153) Marking Phase
[19.042s][info][gc,phases      ] GC(153) Marking Phase 315.154ms
[19.042s][info][gc,phases,start] GC(153) Summary Phase
[19.042s][info][gc,phases      ] GC(153) Summary Phase 0.027ms
[19.042s][info][gc,phases,start] GC(153) Adjust Roots
[19.042s][info][gc,phases      ] GC(153) Adjust Roots 0.176ms
[19.042s][info][gc,phases,start] GC(153) Compaction Phase
[19.131s][info][gc,phases      ] GC(153) Compaction Phase 89.374ms
[19.132s][info][gc,phases,start] GC(153) Post Compact
[19.134s][info][gc,phases      ] GC(153) Post Compact 2.187ms
[19.134s][info][gc,heap        ] GC(153) PSYoungGen: 35815K(71168K)->35815K(71168K) Eden: 18943K(18944K)->18943K(18944K) From: 16871K(52224K)->16871K(52224K)
[19.134s][info][gc,heap        ] GC(153) ParOldGen: 1365378K(1365504K)->1365378K(1365504K)
[19.134s][info][gc,metaspace   ] GC(153) Metaspace: 6302K(6464K)->6302K(6464K) NonClass: 5768K(5824K)->5768K(5824K) Class: 533K(640K)->533K(640K)
[19.134s][info][gc             ] GC(153) Pause Full (Ergonomics) 1368M->1368M(1403M) 407.250ms
[19.134s][info][gc,cpu         ] GC(153) User=2.97s Sys=0.00s Real=0.41s
[19.134s][info][gc,start       ] GC(154) Pause Full (Ergonomics)
[19.134s][info][gc,phases,start] GC(154) Marking Phase
[19.463s][info][gc,phases      ] GC(154) Marking Phase 328.998ms
[19.463s][info][gc,phases,start] GC(154) Summary Phase
[19.463s][info][gc,phases      ] GC(154) Summary Phase 0.026ms
[19.463s][info][gc,phases,start] GC(154) Adjust Roots
[19.463s][info][gc,phases      ] GC(154) Adjust Roots 0.160ms
[19.463s][info][gc,phases,start] GC(154) Compaction Phase
[19.549s][info][gc,phases      ] GC(154) Compaction Phase 85.368ms
[19.549s][info][gc,phases,start] GC(154) Post Compact
[19.551s][info][gc,phases      ] GC(154) Post Compact 2.066ms
[19.551s][info][gc,heap        ] GC(154) PSYoungGen: 35815K(71168K)->35815K(71168K) Eden: 18943K(18944K)->18943K(18944K) From: 16871K(52224K)->16871K(52224K)
[19.551s][info][gc,heap        ] GC(154) ParOldGen: 1365383K(1365504K)->1365383K(1365504K)
[19.551s][info][gc,metaspace   ] GC(154) Metaspace: 6302K(6464K)->6302K(6464K) NonClass: 5768K(5824K)->5768K(5824K) Class: 533K(640K)->533K(640K)
[19.551s][info][gc             ] GC(154) Pause Full (Ergonomics) 1368M->1368M(1403M) 416.945ms
[19.551s][info][gc,cpu         ] GC(154) User=3.03s Sys=0.00s Real=0.42s
[19.551s][info][gc,start       ] GC(155) Pause Full (Ergonomics)
[19.551s][info][gc,phases,start] GC(155) Marking Phase
[19.873s][info][gc,phases      ] GC(155) Marking Phase 321.370ms
[19.873s][info][gc,phases,start] GC(155) Summary Phase
[19.873s][info][gc,phases      ] GC(155) Summary Phase 0.027ms
[19.873s][info][gc,phases,start] GC(155) Adjust Roots
[19.873s][info][gc,phases      ] GC(155) Adjust Roots 0.159ms
[19.873s][info][gc,phases,start] GC(155) Compaction Phase
[19.957s][info][gc,phases      ] GC(155) Compaction Phase 84.524ms
[19.957s][info][gc,phases,start] GC(155) Post Compact
[19.959s][info][gc,phases      ] GC(155) Post Compact 1.988ms
[19.959s][info][gc,heap        ] GC(155) PSYoungGen: 35815K(71168K)->35815K(71168K) Eden: 18943K(18944K)->18943K(18944K) From: 16871K(52224K)->16871K(52224K)
[19.960s][info][gc,heap        ] GC(155) ParOldGen: 1365388K(1365504K)->1365388K(1365504K)
[19.960s][info][gc,metaspace   ] GC(155) Metaspace: 6302K(6464K)->6302K(6464K) NonClass: 5768K(5824K)->5768K(5824K) Class: 533K(640K)->533K(640K)
[19.960s][info][gc             ] GC(155) Pause Full (Ergonomics) 1368M->1368M(1403M) 408.387ms
[19.960s][info][gc,cpu         ] GC(155) User=3.06s Sys=0.00s Real=0.41s
[19.960s][info][gc,start       ] GC(156) Pause Full (Ergonomics)
[19.960s][info][gc,phases,start] GC(156) Marking Phase
[20.274s][info][gc,phases      ] GC(156) Marking Phase 314.500ms
[20.274s][info][gc,phases,start] GC(156) Summary Phase
[20.274s][info][gc,phases      ] GC(156) Summary Phase 0.111ms
[20.274s][info][gc,phases,start] GC(156) Adjust Roots
[20.275s][info][gc,phases      ] GC(156) Adjust Roots 0.159ms
[20.275s][info][gc,phases,start] GC(156) Compaction Phase
[20.363s][info][gc,phases      ] GC(156) Compaction Phase 88.440ms
[20.363s][info][gc,phases,start] GC(156) Post Compact
[20.365s][info][gc,phases      ] GC(156) Post Compact 2.254ms
[20.366s][info][gc,heap        ] GC(156) PSYoungGen: 35815K(71168K)->35815K(71168K) Eden: 18943K(18944K)->18943K(18944K) From: 16871K(52224K)->16871K(52224K)
[20.366s][info][gc,heap        ] GC(156) ParOldGen: 1365392K(1365504K)->1365392K(1365504K)
[20.366s][info][gc,metaspace   ] GC(156) Metaspace: 6302K(6464K)->6302K(6464K) NonClass: 5768K(5824K)->5768K(5824K) Class: 533K(640K)->533K(640K)
[20.366s][info][gc             ] GC(156) Pause Full (Ergonomics) 1368M->1368M(1403M) 405.810ms
[20.366s][info][gc,cpu         ] GC(156) User=2.95s Sys=0.00s Real=0.41s
[20.366s][info][gc,start       ] GC(157) Pause Full (Ergonomics)
[20.366s][info][gc,phases,start] GC(157) Marking Phase
[20.685s][info][gc,phases      ] GC(157) Marking Phase 319.039ms
[20.685s][info][gc,phases,start] GC(157) Summary Phase
[20.685s][info][gc,phases      ] GC(157) Summary Phase 0.026ms
[20.685s][info][gc,phases,start] GC(157) Adjust Roots
[20.685s][info][gc,phases      ] GC(157) Adjust Roots 0.159ms
[20.685s][info][gc,phases,start] GC(157) Compaction Phase
[20.769s][info][gc,phases      ] GC(157) Compaction Phase 84.093ms
[20.769s][info][gc,phases,start] GC(157) Post Compact
[20.771s][info][gc,phases      ] GC(157) Post Compact 1.980ms
[20.771s][info][gc,heap        ] GC(157) PSYoungGen: 35815K(71168K)->35815K(71168K) Eden: 18943K(18944K)->18943K(18944K) From: 16871K(52224K)->16871K(52224K)
[20.771s][info][gc,heap        ] GC(157) ParOldGen: 1365397K(1365504K)->1365397K(1365504K)
[20.771s][info][gc,metaspace   ] GC(157) Metaspace: 6302K(6464K)->6302K(6464K) NonClass: 5768K(5824K)->5768K(5824K) Class: 533K(640K)->533K(640K)
[20.771s][info][gc             ] GC(157) Pause Full (Ergonomics) 1368M->1368M(1403M) 405.617ms
[20.771s][info][gc,cpu         ] GC(157) User=2.97s Sys=0.00s Real=0.41s
[20.772s][info][gc,start       ] GC(158) Pause Full (Ergonomics)
[20.772s][info][gc,phases,start] GC(158) Marking Phase
[21.083s][info][gc,phases      ] GC(158) Marking Phase 311.089ms
[21.083s][info][gc,phases,start] GC(158) Summary Phase
[21.083s][info][gc,phases      ] GC(158) Summary Phase 0.027ms
[21.083s][info][gc,phases,start] GC(158) Adjust Roots
[21.083s][info][gc,phases      ] GC(158) Adjust Roots 0.160ms
[21.083s][info][gc,phases,start] GC(158) Compaction Phase
[21.174s][info][gc,phases      ] GC(158) Compaction Phase 90.673ms
[21.174s][info][gc,phases,start] GC(158) Post Compact
[21.176s][info][gc,phases      ] GC(158) Post Compact 2.229ms
[21.176s][info][gc,heap        ] GC(158) PSYoungGen: 35815K(71168K)->35815K(71168K) Eden: 18943K(18944K)->18943K(18944K) From: 16871K(52224K)->16871K(52224K)
[21.176s][info][gc,heap        ] GC(158) ParOldGen: 1365402K(1365504K)->1365402K(1365504K)
[21.176s][info][gc,metaspace   ] GC(158) Metaspace: 6302K(6464K)->6302K(6464K) NonClass: 5768K(5824K)->5768K(5824K) Class: 533K(640K)->533K(640K)
[21.176s][info][gc             ] GC(158) Pause Full (Ergonomics) 1368M->1368M(1403M) 404.526ms
[21.176s][info][gc,cpu         ] GC(158) User=2.95s Sys=0.00s Real=0.40s
[21.176s][info][gc,start       ] GC(159) Pause Full (Ergonomics)
[21.176s][info][gc,phases,start] GC(159) Marking Phase
[21.488s][info][gc,phases      ] GC(159) Marking Phase 311.103ms
[21.488s][info][gc,phases,start] GC(159) Summary Phase
[21.488s][info][gc,phases      ] GC(159) Summary Phase 0.032ms
[21.488s][info][gc,phases,start] GC(159) Adjust Roots
[21.488s][info][gc,phases      ] GC(159) Adjust Roots 0.215ms
[21.488s][info][gc,phases,start] GC(159) Compaction Phase
[21.573s][info][gc,phases      ] GC(159) Compaction Phase 85.251ms
[21.573s][info][gc,phases,start] GC(159) Post Compact
[21.576s][info][gc,phases      ] GC(159) Post Compact 2.480ms
[21.576s][info][gc,heap        ] GC(159) PSYoungGen: 35815K(71168K)->35815K(71168K) Eden: 18943K(18944K)->18943K(18944K) From: 16871K(52224K)->16871K(52224K)
[21.576s][info][gc,heap        ] GC(159) ParOldGen: 1365406K(1365504K)->1365406K(1365504K)
[21.576s][info][gc,metaspace   ] GC(159) Metaspace: 6302K(6464K)->6302K(6464K) NonClass: 5768K(5824K)->5768K(5824K) Class: 533K(640K)->533K(640K)
[21.576s][info][gc             ] GC(159) Pause Full (Ergonomics) 1368M->1368M(1403M) 399.453ms
[21.576s][info][gc,cpu         ] GC(159) User=2.97s Sys=0.00s Real=0.40s
[21.576s][info][gc,start       ] GC(160) Pause Full (Ergonomics)
[21.576s][info][gc,phases,start] GC(160) Marking Phase
[21.896s][info][gc,phases      ] GC(160) Marking Phase 319.825ms
[21.896s][info][gc,phases,start] GC(160) Summary Phase
[21.896s][info][gc,phases      ] GC(160) Summary Phase 0.043ms
[21.896s][info][gc,phases,start] GC(160) Adjust Roots
[21.896s][info][gc,phases      ] GC(160) Adjust Roots 0.236ms
[21.896s][info][gc,phases,start] GC(160) Compaction Phase
[21.981s][info][gc,phases      ] GC(160) Compaction Phase 84.824ms
[21.981s][info][gc,phases,start] GC(160) Post Compact
[21.983s][info][gc,phases      ] GC(160) Post Compact 2.212ms
[21.984s][info][gc,heap        ] GC(160) PSYoungGen: 35815K(71168K)->35815K(71168K) Eden: 18943K(18944K)->18943K(18944K) From: 16871K(52224K)->16871K(52224K)
[21.984s][info][gc,heap        ] GC(160) ParOldGen: 1365411K(1365504K)->1365411K(1365504K)
[21.984s][info][gc,metaspace   ] GC(160) Metaspace: 6302K(6464K)->6302K(6464K) NonClass: 5768K(5824K)->5768K(5824K) Class: 533K(640K)->533K(640K)
[21.984s][info][gc             ] GC(160) Pause Full (Ergonomics) 1368M->1368M(1403M) 407.513ms
[21.984s][info][gc,cpu         ] GC(160) User=3.03s Sys=0.00s Real=0.41s
[21.984s][info][gc,start       ] GC(161) Pause Full (Ergonomics)
[21.984s][info][gc,phases,start] GC(161) Marking Phase
[22.297s][info][gc,phases      ] GC(161) Marking Phase 313.300ms
[22.297s][info][gc,phases,start] GC(161) Summary Phase
[22.297s][info][gc,phases      ] GC(161) Summary Phase 0.027ms
[22.297s][info][gc,phases,start] GC(161) Adjust Roots
[22.297s][info][gc,phases      ] GC(161) Adjust Roots 0.188ms
[22.297s][info][gc,phases,start] GC(161) Compaction Phase
[22.381s][info][gc,phases      ] GC(161) Compaction Phase 83.180ms
[22.381s][info][gc,phases,start] GC(161) Post Compact
[22.383s][info][gc,phases      ] GC(161) Post Compact 2.187ms
[22.383s][info][gc,heap        ] GC(161) PSYoungGen: 35815K(71168K)->35815K(71168K) Eden: 18943K(18944K)->18943K(18944K) From: 16871K(52224K)->16871K(52224K)
[22.383s][info][gc,heap        ] GC(161) ParOldGen: 1365416K(1365504K)->1365416K(1365504K)
[22.383s][info][gc,metaspace   ] GC(161) Metaspace: 6302K(6464K)->6302K(6464K) NonClass: 5768K(5824K)->5768K(5824K) Class: 533K(640K)->533K(640K)
[22.383s][info][gc             ] GC(161) Pause Full (Ergonomics) 1368M->1368M(1403M) 399.230ms
[22.383s][info][gc,cpu         ] GC(161) User=3.12s Sys=0.00s Real=0.40s
[22.383s][info][gc,start       ] GC(162) Pause Full (Ergonomics)
[22.383s][info][gc,phases,start] GC(162) Marking Phase
[22.698s][info][gc,phases      ] GC(162) Marking Phase 315.142ms
[22.698s][info][gc,phases,start] GC(162) Summary Phase
[22.698s][info][gc,phases      ] GC(162) Summary Phase 0.026ms
[22.698s][info][gc,phases,start] GC(162) Adjust Roots
[22.699s][info][gc,phases      ] GC(162) Adjust Roots 0.162ms
[22.699s][info][gc,phases,start] GC(162) Compaction Phase
[22.784s][info][gc,phases      ] GC(162) Compaction Phase 85.026ms
[22.784s][info][gc,phases,start] GC(162) Post Compact
[22.786s][info][gc,phases      ] GC(162) Post Compact 2.227ms
[22.786s][info][gc,heap        ] GC(162) PSYoungGen: 35815K(71168K)->35815K(71168K) Eden: 18943K(18944K)->18943K(18944K) From: 16871K(52224K)->16871K(52224K)
[22.786s][info][gc,heap        ] GC(162) ParOldGen: 1365420K(1365504K)->1365420K(1365504K)
[22.786s][info][gc,metaspace   ] GC(162) Metaspace: 6302K(6464K)->6302K(6464K) NonClass: 5768K(5824K)->5768K(5824K) Class: 533K(640K)->533K(640K)
[22.786s][info][gc             ] GC(162) Pause Full (Ergonomics) 1368M->1368M(1403M) 402.916ms
[22.786s][info][gc,cpu         ] GC(162) User=2.97s Sys=0.00s Real=0.40s
[22.786s][info][gc,start       ] GC(163) Pause Full (Ergonomics)
[22.786s][info][gc,phases,start] GC(163) Marking Phase
[23.100s][info][gc,phases      ] GC(163) Marking Phase 313.131ms
[23.100s][info][gc,phases,start] GC(163) Summary Phase
[23.100s][info][gc,phases      ] GC(163) Summary Phase 0.029ms
[23.100s][info][gc,phases,start] GC(163) Adjust Roots
[23.100s][info][gc,phases      ] GC(163) Adjust Roots 0.183ms
[23.100s][info][gc,phases,start] GC(163) Compaction Phase
[23.187s][info][gc,phases      ] GC(163) Compaction Phase 87.104ms
[23.187s][info][gc,phases,start] GC(163) Post Compact
[23.189s][info][gc,phases      ] GC(163) Post Compact 2.234ms
[23.189s][info][gc,heap        ] GC(163) PSYoungGen: 35815K(71168K)->35815K(71168K) Eden: 18943K(18944K)->18943K(18944K) From: 16871K(52224K)->16871K(52224K)
[23.189s][info][gc,heap        ] GC(163) ParOldGen: 1365425K(1365504K)->1365425K(1365504K)
[23.189s][info][gc,metaspace   ] GC(163) Metaspace: 6302K(6464K)->6302K(6464K) NonClass: 5768K(5824K)->5768K(5824K) Class: 533K(640K)->533K(640K)
[23.189s][info][gc             ] GC(163) Pause Full (Ergonomics) 1368M->1368M(1403M) 403.035ms
[23.189s][info][gc,cpu         ] GC(163) User=2.98s Sys=0.00s Real=0.40s
[23.190s][info][gc,start       ] GC(164) Pause Full (Ergonomics)
[23.190s][info][gc,phases,start] GC(164) Marking Phase
[23.482s][info][gc,phases      ] GC(164) Marking Phase 292.137ms
[23.482s][info][gc,phases,start] GC(164) Summary Phase
[23.482s][info][gc,phases      ] GC(164) Summary Phase 0.026ms
[23.482s][info][gc,phases,start] GC(164) Adjust Roots
[23.482s][info][gc,phases      ] GC(164) Adjust Roots 0.183ms
[23.482s][info][gc,phases,start] GC(164) Compaction Phase
[23.567s][info][gc,phases      ] GC(164) Compaction Phase 85.059ms
[23.567s][info][gc,phases,start] GC(164) Post Compact
[23.569s][info][gc,phases      ] GC(164) Post Compact 2.228ms
[23.569s][info][gc,heap        ] GC(164) PSYoungGen: 35815K(71168K)->35815K(71168K) Eden: 18943K(18944K)->18943K(18944K) From: 16871K(52224K)->16871K(52224K)
[23.570s][info][gc,heap        ] GC(164) ParOldGen: 1365430K(1365504K)->1365430K(1365504K)
[23.570s][info][gc,metaspace   ] GC(164) Metaspace: 6302K(6464K)->6302K(6464K) NonClass: 5768K(5824K)->5768K(5824K) Class: 533K(640K)->533K(640K)
[23.570s][info][gc             ] GC(164) Pause Full (Ergonomics) 1368M->1368M(1403M) 379.963ms
[23.570s][info][gc,cpu         ] GC(164) User=2.91s Sys=0.02s Real=0.38s
[23.570s][info][gc,start       ] GC(165) Pause Full (Ergonomics)
[23.570s][info][gc,phases,start] GC(165) Marking Phase
[23.893s][info][gc,phases      ] GC(165) Marking Phase 322.720ms
[23.893s][info][gc,phases,start] GC(165) Summary Phase
[23.893s][info][gc,phases      ] GC(165) Summary Phase 0.027ms
[23.893s][info][gc,phases,start] GC(165) Adjust Roots
[23.893s][info][gc,phases      ] GC(165) Adjust Roots 0.157ms
[23.893s][info][gc,phases,start] GC(165) Compaction Phase
[23.986s][info][gc,phases      ] GC(165) Compaction Phase 92.917ms
[23.986s][info][gc,phases,start] GC(165) Post Compact
[23.988s][info][gc,phases      ] GC(165) Post Compact 2.162ms
[23.988s][info][gc,heap        ] GC(165) PSYoungGen: 35815K(71168K)->35815K(71168K) Eden: 18943K(18944K)->18943K(18944K) From: 16871K(52224K)->16871K(52224K)
[23.988s][info][gc,heap        ] GC(165) ParOldGen: 1365434K(1365504K)->1365434K(1365504K)
[23.988s][info][gc,metaspace   ] GC(165) Metaspace: 6302K(6464K)->6302K(6464K) NonClass: 5768K(5824K)->5768K(5824K) Class: 533K(640K)->533K(640K)
[23.988s][info][gc             ] GC(165) Pause Full (Ergonomics) 1368M->1368M(1403M) 418.283ms
[23.988s][info][gc,cpu         ] GC(165) User=3.22s Sys=0.00s Real=0.42s
[23.988s][info][gc,start       ] GC(166) Pause Full (Ergonomics)
[23.988s][info][gc,phases,start] GC(166) Marking Phase
[24.303s][info][gc,phases      ] GC(166) Marking Phase 314.845ms
[24.303s][info][gc,phases,start] GC(166) Summary Phase
[24.303s][info][gc,phases      ] GC(166) Summary Phase 0.041ms
[24.303s][info][gc,phases,start] GC(166) Adjust Roots
[24.303s][info][gc,phases      ] GC(166) Adjust Roots 0.177ms
[24.303s][info][gc,phases,start] GC(166) Compaction Phase
[24.388s][info][gc,phases      ] GC(166) Compaction Phase 84.220ms
[24.388s][info][gc,phases,start] GC(166) Post Compact
[24.390s][info][gc,phases      ] GC(166) Post Compact 2.184ms
[24.390s][info][gc,heap        ] GC(166) PSYoungGen: 35815K(71168K)->35815K(71168K) Eden: 18943K(18944K)->18943K(18944K) From: 16871K(52224K)->16871K(52224K)
[24.390s][info][gc,heap        ] GC(166) ParOldGen: 1365439K(1365504K)->1365439K(1365504K)
[24.390s][info][gc,metaspace   ] GC(166) Metaspace: 6302K(6464K)->6302K(6464K) NonClass: 5768K(5824K)->5768K(5824K) Class: 533K(640K)->533K(640K)
[24.390s][info][gc             ] GC(166) Pause Full (Ergonomics) 1368M->1368M(1403M) 401.819ms
[24.390s][info][gc,cpu         ] GC(166) User=2.98s Sys=0.00s Real=0.40s
[24.390s][info][gc,start       ] GC(167) Pause Full (Ergonomics)
[24.390s][info][gc,phases,start] GC(167) Marking Phase
[24.713s][info][gc,phases      ] GC(167) Marking Phase 323.153ms
[24.714s][info][gc,phases,start] GC(167) Summary Phase
[24.714s][info][gc,phases      ] GC(167) Summary Phase 0.027ms
[24.714s][info][gc,phases,start] GC(167) Adjust Roots
[24.714s][info][gc,phases      ] GC(167) Adjust Roots 0.164ms
[24.714s][info][gc,phases,start] GC(167) Compaction Phase
[24.804s][info][gc,phases      ] GC(167) Compaction Phase 90.043ms
[24.804s][info][gc,phases,start] GC(167) Post Compact
[24.806s][info][gc,phases      ] GC(167) Post Compact 2.230ms
[24.806s][info][gc,heap        ] GC(167) PSYoungGen: 35815K(71168K)->35815K(71168K) Eden: 18943K(18944K)->18943K(18944K) From: 16871K(52224K)->16871K(52224K)
[24.806s][info][gc,heap        ] GC(167) ParOldGen: 1365444K(1365504K)->1365444K(1365504K)
[24.806s][info][gc,metaspace   ] GC(167) Metaspace: 6302K(6464K)->6302K(6464K) NonClass: 5768K(5824K)->5768K(5824K) Class: 533K(640K)->533K(640K)
[24.806s][info][gc             ] GC(167) Pause Full (Ergonomics) 1368M->1368M(1403M) 415.960ms
[24.806s][info][gc,cpu         ] GC(167) User=3.14s Sys=0.00s Real=0.42s
[24.806s][info][gc,start       ] GC(168) Pause Full (Ergonomics)
[24.807s][info][gc,phases,start] GC(168) Marking Phase
[25.137s][info][gc,phases      ] GC(168) Marking Phase 330.770ms
[25.137s][info][gc,phases,start] GC(168) Summary Phase
[25.137s][info][gc,phases      ] GC(168) Summary Phase 0.026ms
[25.137s][info][gc,phases,start] GC(168) Adjust Roots
[25.138s][info][gc,phases      ] GC(168) Adjust Roots 0.158ms
[25.138s][info][gc,phases,start] GC(168) Compaction Phase
[25.224s][info][gc,phases      ] GC(168) Compaction Phase 86.624ms
[25.224s][info][gc,phases,start] GC(168) Post Compact
[25.226s][info][gc,phases      ] GC(168) Post Compact 2.226ms
[25.227s][info][gc,heap        ] GC(168) PSYoungGen: 35815K(71168K)->35815K(71168K) Eden: 18943K(18944K)->18943K(18944K) From: 16871K(52224K)->16871K(52224K)
[25.227s][info][gc,heap        ] GC(168) ParOldGen: 1365448K(1365504K)->1365448K(1365504K)
[25.227s][info][gc,metaspace   ] GC(168) Metaspace: 6302K(6464K)->6302K(6464K) NonClass: 5768K(5824K)->5768K(5824K) Class: 533K(640K)->533K(640K)
[25.227s][info][gc             ] GC(168) Pause Full (Ergonomics) 1368M->1368M(1403M) 420.146ms
[25.227s][info][gc,cpu         ] GC(168) User=3.00s Sys=0.00s Real=0.42s
[25.227s][info][gc,start       ] GC(169) Pause Full (Ergonomics)
[25.227s][info][gc,phases,start] GC(169) Marking Phase
[25.545s][info][gc,phases      ] GC(169) Marking Phase 317.695ms
[25.545s][info][gc,phases,start] GC(169) Summary Phase
[25.545s][info][gc,phases      ] GC(169) Summary Phase 0.027ms
[25.545s][info][gc,phases,start] GC(169) Adjust Roots
[25.545s][info][gc,phases      ] GC(169) Adjust Roots 0.163ms
[25.545s][info][gc,phases,start] GC(169) Compaction Phase
[25.631s][info][gc,phases      ] GC(169) Compaction Phase 86.225ms
[25.631s][info][gc,phases,start] GC(169) Post Compact
[25.633s][info][gc,phases      ] GC(169) Post Compact 2.239ms
[25.633s][info][gc,heap        ] GC(169) PSYoungGen: 35815K(71168K)->35815K(71168K) Eden: 18943K(18944K)->18943K(18944K) From: 16871K(52224K)->16871K(52224K)
[25.633s][info][gc,heap        ] GC(169) ParOldGen: 1365453K(1365504K)->1365453K(1365504K)
[25.633s][info][gc,metaspace   ] GC(169) Metaspace: 6302K(6464K)->6302K(6464K) NonClass: 5768K(5824K)->5768K(5824K) Class: 533K(640K)->533K(640K)
[25.634s][info][gc             ] GC(169) Pause Full (Ergonomics) 1368M->1368M(1403M) 406.684ms
[25.634s][info][gc,cpu         ] GC(169) User=2.97s Sys=0.00s Real=0.41s
[25.634s][info][gc,start       ] GC(170) Pause Full (Ergonomics)
[25.634s][info][gc,phases,start] GC(170) Marking Phase
[25.953s][info][gc,phases      ] GC(170) Marking Phase 319.719ms
[25.954s][info][gc,phases,start] GC(170) Summary Phase
[25.954s][info][gc,phases      ] GC(170) Summary Phase 0.026ms
[25.954s][info][gc,phases,start] GC(170) Adjust Roots
[25.954s][info][gc,phases      ] GC(170) Adjust Roots 0.162ms
[25.954s][info][gc,phases,start] GC(170) Compaction Phase
[26.039s][info][gc,phases      ] GC(170) Compaction Phase 84.749ms
[26.039s][info][gc,phases,start] GC(170) Post Compact
[26.041s][info][gc,phases      ] GC(170) Post Compact 1.973ms
[26.041s][info][gc,heap        ] GC(170) PSYoungGen: 35815K(71168K)->35815K(71168K) Eden: 18943K(18944K)->18943K(18944K) From: 16871K(52224K)->16871K(52224K)
[26.041s][info][gc,heap        ] GC(170) ParOldGen: 1365458K(1365504K)->1365458K(1365504K)
[26.041s][info][gc,metaspace   ] GC(170) Metaspace: 6302K(6464K)->6302K(6464K) NonClass: 5768K(5824K)->5768K(5824K) Class: 533K(640K)->533K(640K)
[26.041s][info][gc             ] GC(170) Pause Full (Ergonomics) 1368M->1368M(1403M) 406.951ms
[26.041s][info][gc,cpu         ] GC(170) User=3.02s Sys=0.00s Real=0.41s
[26.041s][info][gc,start       ] GC(171) Pause Full (Ergonomics)
[26.041s][info][gc,phases,start] GC(171) Marking Phase
[26.372s][info][gc,phases      ] GC(171) Marking Phase 330.738ms
[26.372s][info][gc,phases,start] GC(171) Summary Phase
[26.372s][info][gc,phases      ] GC(171) Summary Phase 0.026ms
[26.372s][info][gc,phases,start] GC(171) Adjust Roots
[26.372s][info][gc,phases      ] GC(171) Adjust Roots 0.159ms
[26.372s][info][gc,phases,start] GC(171) Compaction Phase
[26.457s][info][gc,phases      ] GC(171) Compaction Phase 84.589ms
[26.457s][info][gc,phases,start] GC(171) Post Compact
[26.459s][info][gc,phases      ] GC(171) Post Compact 1.993ms
[26.459s][info][gc,heap        ] GC(171) PSYoungGen: 35815K(71168K)->35815K(71168K) Eden: 18943K(18944K)->18943K(18944K) From: 16871K(52224K)->16871K(52224K)
[26.459s][info][gc,heap        ] GC(171) ParOldGen: 1365462K(1365504K)->1365462K(1365504K)
[26.459s][info][gc,metaspace   ] GC(171) Metaspace: 6302K(6464K)->6302K(6464K) NonClass: 5768K(5824K)->5768K(5824K) Class: 533K(640K)->533K(640K)
[26.459s][info][gc             ] GC(171) Pause Full (Ergonomics) 1368M->1368M(1403M) 417.822ms
[26.459s][info][gc,cpu         ] GC(171) User=3.08s Sys=0.00s Real=0.42s
[26.459s][info][gc,start       ] GC(172) Pause Full (Ergonomics)
[26.459s][info][gc,phases,start] GC(172) Marking Phase
[26.789s][info][gc,phases      ] GC(172) Marking Phase 330.198ms
[26.789s][info][gc,phases,start] GC(172) Summary Phase
[26.789s][info][gc,phases      ] GC(172) Summary Phase 0.027ms
[26.789s][info][gc,phases,start] GC(172) Adjust Roots
[26.789s][info][gc,phases      ] GC(172) Adjust Roots 0.159ms
[26.789s][info][gc,phases,start] GC(172) Compaction Phase
[26.874s][info][gc,phases      ] GC(172) Compaction Phase 84.915ms
[26.874s][info][gc,phases,start] GC(172) Post Compact
[26.876s][info][gc,phases      ] GC(172) Post Compact 1.973ms
[26.876s][info][gc,heap        ] GC(172) PSYoungGen: 35815K(71168K)->35815K(71168K) Eden: 18943K(18944K)->18943K(18944K) From: 16871K(52224K)->16871K(52224K)
[26.876s][info][gc,heap        ] GC(172) ParOldGen: 1365467K(1365504K)->1365467K(1365504K)
[26.876s][info][gc,metaspace   ] GC(172) Metaspace: 6302K(6464K)->6302K(6464K) NonClass: 5768K(5824K)->5768K(5824K) Class: 533K(640K)->533K(640K)
[26.876s][info][gc             ] GC(172) Pause Full (Ergonomics) 1368M->1368M(1403M) 417.610ms
[26.877s][info][gc,cpu         ] GC(172) User=3.05s Sys=0.00s Real=0.42s
[26.877s][info][gc,start       ] GC(173) Pause Full (Ergonomics)
[26.877s][info][gc,phases,start] GC(173) Marking Phase
[27.203s][info][gc,phases      ] GC(173) Marking Phase 326.687ms
[27.203s][info][gc,phases,start] GC(173) Summary Phase
[27.203s][info][gc,phases      ] GC(173) Summary Phase 0.026ms
[27.204s][info][gc,phases,start] GC(173) Adjust Roots
[27.204s][info][gc,phases      ] GC(173) Adjust Roots 0.162ms
[27.204s][info][gc,phases,start] GC(173) Compaction Phase
[27.292s][info][gc,phases      ] GC(173) Compaction Phase 88.313ms
[27.292s][info][gc,phases,start] GC(173) Post Compact
[27.294s][info][gc,phases      ] GC(173) Post Compact 2.129ms
[27.294s][info][gc,heap        ] GC(173) PSYoungGen: 35815K(71168K)->35815K(71168K) Eden: 18943K(18944K)->18943K(18944K) From: 16871K(52224K)->16871K(52224K)
[27.294s][info][gc,heap        ] GC(173) ParOldGen: 1365472K(1365504K)->1365472K(1365504K)
[27.294s][info][gc,metaspace   ] GC(173) Metaspace: 6302K(6464K)->6302K(6464K) NonClass: 5768K(5824K)->5768K(5824K) Class: 533K(640K)->533K(640K)
[27.294s][info][gc             ] GC(173) Pause Full (Ergonomics) 1368M->1368M(1403M) 417.620ms
[27.294s][info][gc,cpu         ] GC(173) User=3.22s Sys=0.00s Real=0.42s
[27.295s][info][gc,start       ] GC(174) Pause Full (Ergonomics)
[27.295s][info][gc,phases,start] GC(174) Marking Phase
[27.616s][info][gc,phases      ] GC(174) Marking Phase 321.088ms
[27.616s][info][gc,phases,start] GC(174) Summary Phase
[27.616s][info][gc,phases      ] GC(174) Summary Phase 0.027ms
[27.616s][info][gc,phases,start] GC(174) Adjust Roots
[27.616s][info][gc,phases      ] GC(174) Adjust Roots 0.160ms
[27.616s][info][gc,phases,start] GC(174) Compaction Phase
[27.710s][info][gc,phases      ] GC(174) Compaction Phase 94.265ms
[27.710s][info][gc,phases,start] GC(174) Post Compact
[27.712s][info][gc,phases      ] GC(174) Post Compact 2.187ms
[27.713s][info][gc,heap        ] GC(174) PSYoungGen: 35815K(71168K)->35815K(71168K) Eden: 18943K(18944K)->18943K(18944K) From: 16871K(52224K)->16871K(52224K)
[27.713s][info][gc,heap        ] GC(174) ParOldGen: 1365476K(1365504K)->1365476K(1365504K)
[27.713s][info][gc,metaspace   ] GC(174) Metaspace: 6302K(6464K)->6302K(6464K) NonClass: 5768K(5824K)->5768K(5824K) Class: 533K(640K)->533K(640K)
[27.713s][info][gc             ] GC(174) Pause Full (Ergonomics) 1368M->1368M(1403M) 418.032ms
[27.713s][info][gc,cpu         ] GC(174) User=3.19s Sys=0.00s Real=0.42s
[27.713s][info][gc,start       ] GC(175) Pause Full (Ergonomics)
[27.713s][info][gc,phases,start] GC(175) Marking Phase
[28.024s][info][gc,phases      ] GC(175) Marking Phase 311.102ms
[28.024s][info][gc,phases,start] GC(175) Summary Phase
[28.024s][info][gc,phases      ] GC(175) Summary Phase 0.027ms
[28.024s][info][gc,phases,start] GC(175) Adjust Roots
[28.024s][info][gc,phases      ] GC(175) Adjust Roots 0.163ms
[28.024s][info][gc,phases,start] GC(175) Compaction Phase
[28.114s][info][gc,phases      ] GC(175) Compaction Phase 89.867ms
[28.114s][info][gc,phases,start] GC(175) Post Compact
[28.116s][info][gc,phases      ] GC(175) Post Compact 2.161ms
[28.116s][info][gc,heap        ] GC(175) PSYoungGen: 35815K(71168K)->35815K(71168K) Eden: 18943K(18944K)->18943K(18944K) From: 16871K(52224K)->16871K(52224K)
[28.116s][info][gc,heap        ] GC(175) ParOldGen: 1365481K(1365504K)->1365481K(1365504K)
[28.116s][info][gc,metaspace   ] GC(175) Metaspace: 6302K(6464K)->6302K(6464K) NonClass: 5768K(5824K)->5768K(5824K) Class: 533K(640K)->533K(640K)
[28.116s][info][gc             ] GC(175) Pause Full (Ergonomics) 1368M->1368M(1403M) 403.668ms
[28.116s][info][gc,cpu         ] GC(175) User=2.94s Sys=0.00s Real=0.40s
[28.117s][info][gc,start       ] GC(176) Pause Full (Ergonomics)
[28.117s][info][gc,phases,start] GC(176) Marking Phase
[28.434s][info][gc,phases      ] GC(176) Marking Phase 317.122ms
[28.434s][info][gc,phases,start] GC(176) Summary Phase
[28.434s][info][gc,phases      ] GC(176) Summary Phase 0.027ms
[28.434s][info][gc,phases,start] GC(176) Adjust Roots
[28.434s][info][gc,phases      ] GC(176) Adjust Roots 0.171ms
[28.434s][info][gc,phases,start] GC(176) Compaction Phase
[28.524s][info][gc,phases      ] GC(176) Compaction Phase 89.572ms
[28.524s][info][gc,phases,start] GC(176) Post Compact
[28.526s][info][gc,phases      ] GC(176) Post Compact 2.216ms
[28.526s][info][gc,heap        ] GC(176) PSYoungGen: 35815K(71168K)->35815K(71168K) Eden: 18943K(18944K)->18943K(18944K) From: 16871K(52224K)->16871K(52224K)
[28.526s][info][gc,heap        ] GC(176) ParOldGen: 1365486K(1365504K)->1365486K(1365504K)
[28.526s][info][gc,metaspace   ] GC(176) Metaspace: 6302K(6464K)->6302K(6464K) NonClass: 5768K(5824K)->5768K(5824K) Class: 533K(640K)->533K(640K)
[28.526s][info][gc             ] GC(176) Pause Full (Ergonomics) 1368M->1368M(1403M) 409.472ms
[28.526s][info][gc,cpu         ] GC(176) User=2.98s Sys=0.00s Real=0.41s
[28.526s][info][gc,start       ] GC(177) Pause Full (Ergonomics)
[28.526s][info][gc,phases,start] GC(177) Marking Phase
[28.853s][info][gc,phases      ] GC(177) Marking Phase 326.480ms
[28.853s][info][gc,phases,start] GC(177) Summary Phase
[28.853s][info][gc,phases      ] GC(177) Summary Phase 0.027ms
[28.853s][info][gc,phases,start] GC(177) Adjust Roots
[28.853s][info][gc,phases      ] GC(177) Adjust Roots 0.159ms
[28.853s][info][gc,phases,start] GC(177) Compaction Phase
[28.941s][info][gc,phases      ] GC(177) Compaction Phase 87.858ms
[28.941s][info][gc,phases,start] GC(177) Post Compact
[28.943s][info][gc,phases      ] GC(177) Post Compact 2.183ms
[28.943s][info][gc,heap        ] GC(177) PSYoungGen: 35815K(71168K)->35815K(71168K) Eden: 18943K(18944K)->18943K(18944K) From: 16871K(52224K)->16871K(52224K)
[28.943s][info][gc,heap        ] GC(177) ParOldGen: 1365490K(1365504K)->1365490K(1365504K)
[28.943s][info][gc,metaspace   ] GC(177) Metaspace: 6302K(6464K)->6302K(6464K) NonClass: 5768K(5824K)->5768K(5824K) Class: 533K(640K)->533K(640K)
[28.943s][info][gc             ] GC(177) Pause Full (Ergonomics) 1368M->1368M(1403M) 417.051ms
[28.943s][info][gc,cpu         ] GC(177) User=3.19s Sys=0.00s Real=0.42s
[28.944s][info][gc,start       ] GC(178) Pause Full (Ergonomics)
[28.944s][info][gc,phases,start] GC(178) Marking Phase
[29.251s][info][gc,phases      ] GC(178) Marking Phase 307.002ms
[29.251s][info][gc,phases,start] GC(178) Summary Phase
[29.251s][info][gc,phases      ] GC(178) Summary Phase 0.026ms
[29.251s][info][gc,phases,start] GC(178) Adjust Roots
[29.251s][info][gc,phases      ] GC(178) Adjust Roots 0.162ms
[29.251s][info][gc,phases,start] GC(178) Compaction Phase
[29.342s][info][gc,phases      ] GC(178) Compaction Phase 90.794ms
[29.342s][info][gc,phases,start] GC(178) Post Compact
[29.344s][info][gc,phases      ] GC(178) Post Compact 2.484ms
[29.344s][info][gc,heap        ] GC(178) PSYoungGen: 35815K(71168K)->35815K(71168K) Eden: 18943K(18944K)->18943K(18944K) From: 16871K(52224K)->16871K(52224K)
[29.344s][info][gc,heap        ] GC(178) ParOldGen: 1365495K(1365504K)->1365495K(1365504K)
[29.344s][info][gc,metaspace   ] GC(178) Metaspace: 6302K(6464K)->6302K(6464K) NonClass: 5768K(5824K)->5768K(5824K) Class: 533K(640K)->533K(640K)
[29.344s][info][gc             ] GC(178) Pause Full (Ergonomics) 1368M->1368M(1403M) 400.816ms
[29.344s][info][gc,cpu         ] GC(178) User=3.12s Sys=0.00s Real=0.40s
[29.345s][info][gc,start       ] GC(179) Pause Full (Ergonomics)
[29.345s][info][gc,phases,start] GC(179) Marking Phase
[29.671s][info][gc,phases      ] GC(179) Marking Phase 326.559ms
[29.671s][info][gc,phases,start] GC(179) Summary Phase
[29.671s][info][gc,phases      ] GC(179) Summary Phase 0.026ms
[29.671s][info][gc,phases,start] GC(179) Adjust Roots
[29.672s][info][gc,phases      ] GC(179) Adjust Roots 0.212ms
[29.672s][info][gc,phases,start] GC(179) Compaction Phase
[29.759s][info][gc,phases      ] GC(179) Compaction Phase 87.644ms
[29.759s][info][gc,phases,start] GC(179) Post Compact
[29.761s][info][gc,phases      ] GC(179) Post Compact 2.144ms
[29.762s][info][gc,heap        ] GC(179) PSYoungGen: 35815K(71168K)->35815K(71168K) Eden: 18943K(18944K)->18943K(18944K) From: 16871K(52224K)->16871K(52224K)
[29.762s][info][gc,heap        ] GC(179) ParOldGen: 1365500K(1365504K)->1365500K(1365504K)
[29.762s][info][gc,metaspace   ] GC(179) Metaspace: 6302K(6464K)->6302K(6464K) NonClass: 5768K(5824K)->5768K(5824K) Class: 533K(640K)->533K(640K)
[29.762s][info][gc             ] GC(179) Pause Full (Ergonomics) 1368M->1368M(1403M) 416.907ms
[29.762s][info][gc,cpu         ] GC(179) User=3.19s Sys=0.00s Real=0.42s
[29.762s][info][gc,start       ] GC(180) Pause Full (Ergonomics)
[29.762s][info][gc,phases,start] GC(180) Marking Phase
[30.077s][info][gc,phases      ] GC(180) Marking Phase 314.933ms
[30.077s][info][gc,phases,start] GC(180) Summary Phase
[30.077s][info][gc,phases      ] GC(180) Summary Phase 0.027ms
[30.077s][info][gc,phases,start] GC(180) Adjust Roots
[30.077s][info][gc,phases      ] GC(180) Adjust Roots 0.171ms
[30.077s][info][gc,phases,start] GC(180) Compaction Phase
[30.169s][info][gc,phases      ] GC(180) Compaction Phase 92.002ms
[30.169s][info][gc,phases,start] GC(180) Post Compact
[30.172s][info][gc,phases      ] GC(180) Post Compact 3.228ms
[30.172s][info][gc,heap        ] GC(180) PSYoungGen: 35815K(71168K)->35815K(71168K) Eden: 18943K(18944K)->18943K(18944K) From: 16871K(52224K)->16871K(52224K)
[30.172s][info][gc,heap        ] GC(180) ParOldGen: 1365503K(1365504K)->1365503K(1365504K)
[30.173s][info][gc,metaspace   ] GC(180) Metaspace: 6302K(6464K)->6302K(6464K) NonClass: 5768K(5824K)->5768K(5824K) Class: 533K(640K)->533K(640K)
[30.173s][info][gc             ] GC(180) Pause Full (Ergonomics) 1368M->1368M(1403M) 410.776ms
[30.173s][info][gc,cpu         ] GC(180) User=3.08s Sys=0.00s Real=0.41s
[30.173s][info][gc,start       ] GC(181) Pause Full (Allocation Failure)
[30.173s][info][gc,phases,start] GC(181) Marking Phase
[30.484s][info][gc,phases      ] GC(181) Marking Phase 311.394ms
[30.484s][info][gc,phases,start] GC(181) Summary Phase
[30.484s][info][gc,phases      ] GC(181) Summary Phase 0.027ms
[30.484s][info][gc,phases,start] GC(181) Adjust Roots
[30.485s][info][gc,phases      ] GC(181) Adjust Roots 0.383ms
[30.485s][info][gc,phases,start] GC(181) Compaction Phase
[30.836s][info][gc,phases      ] GC(181) Compaction Phase 351.243ms
[30.836s][info][gc,phases,start] GC(181) Post Compact
[30.839s][info][gc,phases      ] GC(181) Post Compact 2.673ms
[30.839s][info][gc,heap        ] GC(181) PSYoungGen: 35815K(71168K)->35815K(71168K) Eden: 18943K(18944K)->18943K(18944K) From: 16871K(52224K)->16871K(52224K)
[30.839s][info][gc,heap        ] GC(181) ParOldGen: 1365503K(1365504K)->1365499K(1365504K)
[30.839s][info][gc,metaspace   ] GC(181) Metaspace: 6302K(6464K)->6300K(6464K) NonClass: 5768K(5824K)->5767K(5824K) Class: 533K(640K)->532K(640K)
[30.839s][info][gc             ] GC(181) Pause Full (Allocation Failure) 1368M->1368M(1403M) 666.059ms
[30.839s][info][gc,cpu         ] GC(181) User=5.08s Sys=0.00s Real=0.67s
[30.839s][info][gc,start       ] GC(182) Pause Full (Ergonomics)
[30.839s][info][gc,phases,start] GC(182) Marking Phase
[31.163s][info][gc,phases      ] GC(182) Marking Phase 324.132ms
[31.163s][info][gc,phases,start] GC(182) Summary Phase
[31.163s][info][gc,phases      ] GC(182) Summary Phase 0.026ms
[31.163s][info][gc,phases,start] GC(182) Adjust Roots
[31.164s][info][gc,phases      ] GC(182) Adjust Roots 0.160ms
[31.164s][info][gc,phases,start] GC(182) Compaction Phase
[31.249s][info][gc,phases      ] GC(182) Compaction Phase 85.380ms
[31.249s][info][gc,phases,start] GC(182) Post Compact
[31.251s][info][gc,phases      ] GC(182) Post Compact 2.200ms
[31.251s][info][gc,heap        ] GC(182) PSYoungGen: 35815K(71168K)->35815K(71168K) Eden: 18943K(18944K)->18943K(18944K) From: 16871K(52224K)->16871K(52224K)
[31.251s][info][gc,heap        ] GC(182) ParOldGen: 1365500K(1365504K)->1365500K(1365504K)
[31.251s][info][gc,metaspace   ] GC(182) Metaspace: 6300K(6464K)->6300K(6464K) NonClass: 5767K(5824K)->5767K(5824K) Class: 532K(640K)->532K(640K)
[31.251s][info][gc             ] GC(182) Pause Full (Ergonomics) 1368M->1368M(1403M) 412.252ms
[31.251s][info][gc,cpu         ] GC(182) User=3.16s Sys=0.00s Real=0.41s
[31.252s][info][gc,start       ] GC(183) Pause Full (Ergonomics)
[31.252s][info][gc,phases,start] GC(183) Marking Phase
[31.572s][info][gc,phases      ] GC(183) Marking Phase 320.273ms
[31.572s][info][gc,phases,start] GC(183) Summary Phase
[31.572s][info][gc,phases      ] GC(183) Summary Phase 0.026ms
[31.572s][info][gc,phases,start] GC(183) Adjust Roots
[31.572s][info][gc,phases      ] GC(183) Adjust Roots 0.157ms
[31.573s][info][gc,phases,start] GC(183) Compaction Phase
[31.659s][info][gc,phases      ] GC(183) Compaction Phase 86.739ms
[31.659s][info][gc,phases,start] GC(183) Post Compact
[31.662s][info][gc,phases      ] GC(183) Post Compact 2.204ms
[31.662s][info][gc,heap        ] GC(183) PSYoungGen: 35815K(71168K)->35815K(71168K) Eden: 18943K(18944K)->18943K(18944K) From: 16871K(52224K)->16871K(52224K)
[31.662s][info][gc,heap        ] GC(183) ParOldGen: 1365503K(1365504K)->1365503K(1365504K)
[31.662s][info][gc,metaspace   ] GC(183) Metaspace: 6300K(6464K)->6300K(6464K) NonClass: 5767K(5824K)->5767K(5824K) Class: 532K(640K)->532K(640K)
[31.662s][info][gc             ] GC(183) Pause Full (Ergonomics) 1368M->1368M(1403M) 409.716ms
[31.662s][info][gc,cpu         ] GC(183) User=3.06s Sys=0.00s Real=0.41s
[31.662s][info][gc,start       ] GC(184) Pause Full (Allocation Failure)
[31.662s][info][gc,phases,start] GC(184) Marking Phase
[31.982s][info][gc,phases      ] GC(184) Marking Phase 320.266ms
[31.982s][info][gc,phases,start] GC(184) Summary Phase
[31.982s][info][gc,phases      ] GC(184) Summary Phase 0.033ms
[31.982s][info][gc,phases,start] GC(184) Adjust Roots
[31.982s][info][gc,phases      ] GC(184) Adjust Roots 0.189ms
[31.982s][info][gc,phases,start] GC(184) Compaction Phase
[32.072s][info][gc,phases      ] GC(184) Compaction Phase 89.152ms
[32.072s][info][gc,phases,start] GC(184) Post Compact
[32.074s][info][gc,phases      ] GC(184) Post Compact 2.390ms
[32.074s][info][gc,heap        ] GC(184) PSYoungGen: 35815K(71168K)->35815K(71168K) Eden: 18943K(18944K)->18943K(18944K) From: 16871K(52224K)->16871K(52224K)
[32.074s][info][gc,heap        ] GC(184) ParOldGen: 1365503K(1365504K)->1365503K(1365504K)
[32.074s][info][gc,metaspace   ] GC(184) Metaspace: 6300K(6464K)->6300K(6464K) NonClass: 5767K(5824K)->5767K(5824K) Class: 532K(640K)->532K(640K)
[32.074s][info][gc             ] GC(184) Pause Full (Allocation Failure) 1368M->1368M(1403M) 412.375ms
[32.074s][info][gc,cpu         ] GC(184) User=2.98s Sys=0.00s Real=0.41s
[32.075s][info][gc,start       ] GC(185) Pause Full (Ergonomics)
[32.075s][info][gc,phases,start] GC(185) Marking Phase
[32.394s][info][gc,phases      ] GC(185) Marking Phase 319.791ms
[32.394s][info][gc,phases,start] GC(185) Summary Phase
[32.395s][info][gc,phases      ] GC(185) Summary Phase 0.027ms
[32.395s][info][gc,phases,start] GC(185) Adjust Roots
[32.395s][info][gc,phases      ] GC(185) Adjust Roots 0.229ms
[32.395s][info][gc,phases,start] GC(185) Compaction Phase
[32.743s][info][gc,phases      ] GC(185) Compaction Phase 348.530ms
[32.743s][info][gc,phases,start] GC(185) Post Compact
[32.746s][info][gc,phases      ] GC(185) Post Compact 2.661ms
[32.746s][info][gc,heap        ] GC(185) PSYoungGen: 35815K(71168K)->35815K(71168K) Eden: 18944K(18944K)->18944K(18944K) From: 16871K(52224K)->16871K(52224K)
[32.746s][info][gc,heap        ] GC(185) ParOldGen: 1365504K(1365504K)->1365502K(1365504K)
[32.746s][info][gc,metaspace   ] GC(185) Metaspace: 6300K(6464K)->6300K(6464K) NonClass: 5767K(5824K)->5767K(5824K) Class: 532K(640K)->532K(640K)
[32.746s][info][gc             ] GC(185) Pause Full (Ergonomics) 1368M->1368M(1403M) 671.575ms
[32.746s][info][gc,cpu         ] GC(185) User=4.86s Sys=0.00s Real=0.67s
[32.747s][info][gc,start       ] GC(186) Pause Full (Ergonomics)
[32.747s][info][gc,phases,start] GC(186) Marking Phase
[33.052s][info][gc,phases      ] GC(186) Marking Phase 305.397ms
[33.052s][info][gc,phases,start] GC(186) Summary Phase
[33.052s][info][gc,phases      ] GC(186) Summary Phase 0.027ms
[33.052s][info][gc,phases,start] GC(186) Adjust Roots
[33.052s][info][gc,phases      ] GC(186) Adjust Roots 0.167ms
[33.052s][info][gc,phases,start] GC(186) Compaction Phase
[33.139s][info][gc,phases      ] GC(186) Compaction Phase 86.393ms
[33.139s][info][gc,phases,start] GC(186) Post Compact
[33.141s][info][gc,phases      ] GC(186) Post Compact 2.125ms
[33.141s][info][gc,heap        ] GC(186) PSYoungGen: 35815K(71168K)->35815K(71168K) Eden: 18944K(18944K)->18944K(18944K) From: 16871K(52224K)->16871K(52224K)
[33.141s][info][gc,heap        ] GC(186) ParOldGen: 1365502K(1365504K)->1365502K(1365504K)
[33.141s][info][gc,metaspace   ] GC(186) Metaspace: 6300K(6464K)->6300K(6464K) NonClass: 5767K(5824K)->5767K(5824K) Class: 532K(640K)->532K(640K)
[33.141s][info][gc             ] GC(186) Pause Full (Ergonomics) 1368M->1368M(1403M) 394.446ms
[33.141s][info][gc,cpu         ] GC(186) User=3.03s Sys=0.00s Real=0.39s
[33.142s][info][gc,start       ] GC(187) Pause Full (Ergonomics)
[33.142s][info][gc,phases,start] GC(187) Marking Phase
[33.476s][info][gc,phases      ] GC(187) Marking Phase 333.315ms
[33.476s][info][gc,phases,start] GC(187) Summary Phase
[33.476s][info][gc,phases      ] GC(187) Summary Phase 0.028ms
[33.476s][info][gc,phases,start] GC(187) Adjust Roots
[33.476s][info][gc,phases      ] GC(187) Adjust Roots 0.253ms
[33.476s][info][gc,phases,start] GC(187) Compaction Phase
[33.824s][info][gc,phases      ] GC(187) Compaction Phase 348.429ms
[33.824s][info][gc,phases,start] GC(187) Post Compact
[33.827s][info][gc,phases      ] GC(187) Post Compact 2.728ms
[33.827s][info][gc,heap        ] GC(187) PSYoungGen: 35815K(71168K)->35815K(71168K) Eden: 18944K(18944K)->18944K(18944K) From: 16871K(52224K)->16871K(52224K)
[33.827s][info][gc,heap        ] GC(187) ParOldGen: 1365503K(1365504K)->1365501K(1365504K)
[33.827s][info][gc,metaspace   ] GC(187) Metaspace: 6302K(6528K)->6302K(6528K) NonClass: 5768K(5888K)->5768K(5888K) Class: 533K(640K)->533K(640K)
[33.827s][info][gc             ] GC(187) Pause Full (Ergonomics) 1368M->1368M(1403M) 685.111ms
[33.827s][info][gc,cpu         ] GC(187) User=4.91s Sys=0.00s Real=0.68s
[33.828s][info][gc,heap,exit   ] Heap
[33.828s][info][gc,heap,exit   ]  PSYoungGen      total 71168K, used 35815K [0x00000000d6580000, 0x00000000e4f00000, 0x0000000100000000)
[33.828s][info][gc,heap,exit   ]   eden space 18944K, 100% used [0x00000000d6580000,0x00000000d7800000,0x00000000d7800000)
[33.828s][info][gc,heap,exit   ]   from space 52224K, 32% used [0x00000000d7800000,0x00000000d8879c10,0x00000000dab00000)
[33.828s][info][gc,heap,exit   ]   to   space 108544K, 0% used [0x00000000de500000,0x00000000de500000,0x00000000e4f00000)
[33.828s][info][gc,heap,exit   ]  ParOldGen       total 1365504K, used 1365501K [0x0000000083000000, 0x00000000d6580000, 0x00000000d6580000)
[33.828s][info][gc,heap,exit   ]   object space 1365504K, 99% used [0x0000000083000000,0x00000000d657f778,0x00000000d6580000)
[33.828s][info][gc,heap,exit   ]  Metaspace       used 6305K, committed 6528K, reserved 1114112K
[33.828s][info][gc,heap,exit   ]   class space    used 534K, committed 640K, reserved 1048576K
