[0.012s][info][gc,init] CardTable entry size: 512
[0.012s][info][gc     ] Using Parallel
[0.013s][info][gc,init] Version: 18.0.1+10 (release)
[0.013s][info][gc,init] CPUs: 8 total, 8 available
[0.013s][info][gc,init] Memory: 16063M
[0.013s][info][gc,init] Large Page Support: Disabled
[0.013s][info][gc,init] NUMA Support: Disabled
[0.013s][info][gc,init] Compressed Oops: Enabled (Zero based)
[0.013s][info][gc,init] Alignments: Space 512K, Generation 512K, Heap 2M
[0.013s][info][gc,init] Heap Min Capacity: 2M
[0.013s][info][gc,init] Heap Initial Capacity: 2M
[0.013s][info][gc,init] Heap Max Capacity: 7900M
[0.013s][info][gc,init] Pre-touch: Disabled
[0.013s][info][gc,init] Parallel Workers: 8
[0.013s][info][gc,metaspace] CDS archive(s) not mapped
[0.013s][info][gc,metaspace] Compressed class space mapped at: 0x0000000800000000-0x0000000840000000, reserved size: 1073741824
[0.013s][info][gc,metaspace] Narrow klass base: 0x0000000800000000, Narrow klass shift: 0, Narrow klass range: 0x40000000
[0.111s][info][gc,start    ] GC(0) Pause Young (Allocation Failure)
[0.112s][info][gc,heap     ] GC(0) PSYoungGen: 512K(1024K)->480K(1024K) Eden: 512K(512K)->0K(512K) From: 0K(512K)->480K(512K)
[0.112s][info][gc,heap     ] GC(0) ParOldGen: 0K(512K)->8K(512K)
[0.112s][info][gc,metaspace] GC(0) Metaspace: 4229K(4352K)->4229K(4352K) NonClass: 3908K(3968K)->3908K(3968K) Class: 321K(384K)->321K(384K)
[0.112s][info][gc          ] GC(0) Pause Young (Allocation Failure) 0M->0M(1M) 1.203ms
[0.112s][info][gc,cpu      ] GC(0) User=0.00s Sys=0.00s Real=0.00s
[0.171s][info][gc,start    ] GC(1) Pause Young (Allocation Failure)
[0.172s][info][gc,heap     ] GC(1) PSYoungGen: 991K(1024K)->512K(1536K) Eden: 511K(512K)->0K(1024K) From: 480K(512K)->512K(512K)
[0.172s][info][gc,heap     ] GC(1) ParOldGen: 8K(512K)->80K(512K)
[0.172s][info][gc,metaspace] GC(1) Metaspace: 5881K(6016K)->5881K(6016K) NonClass: 5384K(5504K)->5384K(5504K) Class: 496K(512K)->496K(512K)
[0.172s][info][gc          ] GC(1) Pause Young (Allocation Failure) 0M->0M(2M) 1.222ms
[0.172s][info][gc,cpu      ] GC(1) User=0.00s Sys=0.00s Real=0.00s
[0.192s][info][gc,start    ] GC(2) Pause Young (Allocation Failure)
[0.193s][info][gc,heap     ] GC(2) PSYoungGen: 1536K(1536K)->512K(1536K) Eden: 1024K(1024K)->0K(1024K) From: 512K(512K)->512K(512K)
[0.193s][info][gc,heap     ] GC(2) ParOldGen: 80K(512K)->496K(512K)
[0.193s][info][gc,metaspace] GC(2) Metaspace: 6299K(6464K)->6299K(6464K) NonClass: 5766K(5824K)->5766K(5824K) Class: 533K(640K)->533K(640K)
[0.193s][info][gc          ] GC(2) Pause Young (Allocation Failure) 1M->0M(2M) 1.310ms
[0.193s][info][gc,cpu      ] GC(2) User=0.00s Sys=0.00s Real=0.00s
[0.193s][info][gc,start    ] GC(3) Pause Full (Ergonomics)
[0.193s][info][gc,phases,start] GC(3) Marking Phase
[0.194s][info][gc,phases      ] GC(3) Marking Phase 0.998ms
[0.194s][info][gc,phases,start] GC(3) Summary Phase
[0.194s][info][gc,phases      ] GC(3) Summary Phase 0.016ms
[0.194s][info][gc,phases,start] GC(3) Adjust Roots
[0.195s][info][gc,phases      ] GC(3) Adjust Roots 0.345ms
[0.195s][info][gc,phases,start] GC(3) Compaction Phase
[0.196s][info][gc,phases      ] GC(3) Compaction Phase 1.455ms
[0.196s][info][gc,phases,start] GC(3) Post Compact
[0.196s][info][gc,phases      ] GC(3) Post Compact 0.091ms
[0.196s][info][gc,heap        ] GC(3) PSYoungGen: 512K(1536K)->510K(1536K) Eden: 0K(1024K)->0K(1024K) From: 512K(512K)->510K(512K)
[0.196s][info][gc,heap        ] GC(3) ParOldGen: 496K(512K)->470K(2048K)
[0.196s][info][gc,metaspace   ] GC(3) Metaspace: 6299K(6464K)->6299K(6464K) NonClass: 5766K(5824K)->5766K(5824K) Class: 533K(640K)->533K(640K)
[0.196s][info][gc             ] GC(3) Pause Full (Ergonomics) 0M->0M(3M) 3.193ms
[0.196s][info][gc,cpu         ] GC(3) User=0.00s Sys=0.00s Real=0.00s
[0.198s][info][gc,start       ] GC(4) Pause Young (Allocation Failure)
[0.200s][info][gc,heap        ] GC(4) PSYoungGen: 1534K(1536K)->480K(2560K) Eden: 1024K(1024K)->0K(2048K) From: 510K(512K)->480K(512K)
[0.200s][info][gc,heap        ] GC(4) ParOldGen: 470K(2048K)->1034K(2048K)
[0.200s][info][gc,metaspace   ] GC(4) Metaspace: 6299K(6464K)->6299K(6464K) NonClass: 5766K(5824K)->5766K(5824K) Class: 533K(640K)->533K(640K)
[0.200s][info][gc             ] GC(4) Pause Young (Allocation Failure) 1M->1M(4M) 1.563ms
[0.200s][info][gc,cpu         ] GC(4) User=0.00s Sys=0.00s Real=0.00s
[0.203s][info][gc,start       ] GC(5) Pause Young (Allocation Failure)
[0.204s][info][gc,heap        ] GC(5) PSYoungGen: 2528K(2560K)->480K(2560K) Eden: 2048K(2048K)->0K(2048K) From: 480K(512K)->480K(512K)
[0.204s][info][gc,heap        ] GC(5) ParOldGen: 1034K(2048K)->2106K(2560K)
[0.204s][info][gc,metaspace   ] GC(5) Metaspace: 6299K(6464K)->6299K(6464K) NonClass: 5766K(5824K)->5766K(5824K) Class: 533K(640K)->533K(640K)
[0.205s][info][gc             ] GC(5) Pause Young (Allocation Failure) 3M->2M(5M) 1.814ms
[0.205s][info][gc,cpu         ] GC(5) User=0.00s Sys=0.00s Real=0.00s
[0.205s][info][gc,start       ] GC(6) Pause Full (Ergonomics)
[0.205s][info][gc,phases,start] GC(6) Marking Phase
[0.206s][info][gc,phases      ] GC(6) Marking Phase 1.697ms
[0.206s][info][gc,phases,start] GC(6) Summary Phase
[0.206s][info][gc,phases      ] GC(6) Summary Phase 0.020ms
[0.206s][info][gc,phases,start] GC(6) Adjust Roots
[0.207s][info][gc,phases      ] GC(6) Adjust Roots 0.410ms
[0.207s][info][gc,phases,start] GC(6) Compaction Phase
[0.209s][info][gc,phases      ] GC(6) Compaction Phase 2.393ms
[0.209s][info][gc,phases,start] GC(6) Post Compact
[0.209s][info][gc,phases      ] GC(6) Post Compact 0.030ms
[0.209s][info][gc,heap        ] GC(6) PSYoungGen: 480K(2560K)->0K(4096K) Eden: 0K(2048K)->0K(3072K) From: 480K(512K)->0K(1024K)
[0.210s][info][gc,heap        ] GC(6) ParOldGen: 2106K(2560K)->2542K(6144K)
[0.210s][info][gc,metaspace   ] GC(6) Metaspace: 6299K(6464K)->6299K(6464K) NonClass: 5766K(5824K)->5766K(5824K) Class: 533K(640K)->533K(640K)
[0.210s][info][gc             ] GC(6) Pause Full (Ergonomics) 2M->2M(10M) 4.954ms
[0.210s][info][gc,cpu         ] GC(6) User=0.00s Sys=0.00s Real=0.00s
[0.214s][info][gc,start       ] GC(7) Pause Young (Allocation Failure)
[0.216s][info][gc,heap        ] GC(7) PSYoungGen: 3072K(4096K)->1664K(5120K) Eden: 3072K(3072K)->0K(3072K) From: 0K(1024K)->1664K(2048K)
[0.216s][info][gc,heap        ] GC(7) ParOldGen: 2542K(6144K)->2542K(6144K)
[0.216s][info][gc,metaspace   ] GC(7) Metaspace: 6299K(6464K)->6299K(6464K) NonClass: 5766K(5824K)->5766K(5824K) Class: 533K(640K)->533K(640K)
[0.216s][info][gc             ] GC(7) Pause Young (Allocation Failure) 5M->4M(11M) 2.041ms
[0.216s][info][gc,cpu         ] GC(7) User=0.00s Sys=0.00s Real=0.00s
[0.221s][info][gc,start       ] GC(8) Pause Young (Allocation Failure)
[0.225s][info][gc,heap        ] GC(8) PSYoungGen: 4736K(5120K)->2016K(5632K) Eden: 3072K(3072K)->0K(3584K) From: 1664K(2048K)->2016K(2048K)
[0.225s][info][gc,heap        ] GC(8) ParOldGen: 2542K(6144K)->3766K(6144K)
[0.225s][info][gc,metaspace   ] GC(8) Metaspace: 6299K(6464K)->6299K(6464K) NonClass: 5766K(5824K)->5766K(5824K) Class: 533K(640K)->533K(640K)
[0.225s][info][gc             ] GC(8) Pause Young (Allocation Failure) 7M->5M(11M) 3.569ms
[0.225s][info][gc,cpu         ] GC(8) User=0.00s Sys=0.00s Real=0.00s
[0.231s][info][gc,start       ] GC(9) Pause Young (Allocation Failure)
[0.235s][info][gc,heap        ] GC(9) PSYoungGen: 5600K(5632K)->3040K(6656K) Eden: 3584K(3584K)->0K(3584K) From: 2016K(2048K)->3040K(3072K)
[0.235s][info][gc,heap        ] GC(9) ParOldGen: 3766K(6144K)->4598K(6144K)
[0.235s][info][gc,metaspace   ] GC(9) Metaspace: 6299K(6464K)->6299K(6464K) NonClass: 5766K(5824K)->5766K(5824K) Class: 533K(640K)->533K(640K)
[0.235s][info][gc             ] GC(9) Pause Young (Allocation Failure) 9M->7M(12M) 3.851ms
[0.235s][info][gc,cpu         ] GC(9) User=0.00s Sys=0.00s Real=0.00s
[0.239s][info][gc,start       ] GC(10) Pause Young (Allocation Failure)
[0.244s][info][gc,heap        ] GC(10) PSYoungGen: 6624K(6656K)->4064K(8704K) Eden: 3584K(3584K)->0K(4608K) From: 3040K(3072K)->4064K(4096K)
[0.244s][info][gc,heap        ] GC(10) ParOldGen: 4598K(6144K)->5438K(6144K)
[0.244s][info][gc,metaspace   ] GC(10) Metaspace: 6299K(6464K)->6299K(6464K) NonClass: 5766K(5824K)->5766K(5824K) Class: 533K(640K)->533K(640K)
[0.244s][info][gc             ] GC(10) Pause Young (Allocation Failure) 10M->9M(14M) 4.832ms
[0.244s][info][gc,cpu         ] GC(10) User=0.00s Sys=0.00s Real=0.00s
[0.244s][info][gc,start       ] GC(11) Pause Full (Ergonomics)
[0.244s][info][gc,phases,start] GC(11) Marking Phase
[0.249s][info][gc,phases      ] GC(11) Marking Phase 4.472ms
[0.249s][info][gc,phases,start] GC(11) Summary Phase
[0.249s][info][gc,phases      ] GC(11) Summary Phase 0.015ms
[0.249s][info][gc,phases,start] GC(11) Adjust Roots
[0.249s][info][gc,phases      ] GC(11) Adjust Roots 0.397ms
[0.249s][info][gc,phases,start] GC(11) Compaction Phase
[0.256s][info][gc,phases      ] GC(11) Compaction Phase 6.146ms
[0.256s][info][gc,phases,start] GC(11) Post Compact
[0.256s][info][gc,phases      ] GC(11) Post Compact 0.049ms
[0.256s][info][gc,heap        ] GC(11) PSYoungGen: 4064K(8704K)->3545K(8704K) Eden: 0K(4608K)->0K(4608K) From: 4064K(4096K)->3545K(4096K)
[0.256s][info][gc,heap        ] GC(11) ParOldGen: 5438K(6144K)->5820K(10752K)
[0.256s][info][gc,metaspace   ] GC(11) Metaspace: 6299K(6464K)->6299K(6464K) NonClass: 5766K(5824K)->5766K(5824K) Class: 533K(640K)->533K(640K)
[0.256s][info][gc             ] GC(11) Pause Full (Ergonomics) 9M->9M(19M) 11.428ms
[0.256s][info][gc,cpu         ] GC(11) User=0.00s Sys=0.00s Real=0.01s
[0.260s][info][gc,start       ] GC(12) Pause Young (Allocation Failure)
[0.265s][info][gc,heap        ] GC(12) PSYoungGen: 8099K(8704K)->5088K(9728K) Eden: 4553K(4608K)->0K(4608K) From: 3545K(4096K)->5088K(5120K)
[0.265s][info][gc,heap        ] GC(12) ParOldGen: 5820K(10752K)->6612K(10752K)
[0.265s][info][gc,metaspace   ] GC(12) Metaspace: 6299K(6464K)->6299K(6464K) NonClass: 5766K(5824K)->5766K(5824K) Class: 533K(640K)->533K(640K)
[0.265s][info][gc             ] GC(12) Pause Young (Allocation Failure) 13M->11M(20M) 4.277ms
[0.265s][info][gc,cpu         ] GC(12) User=0.00s Sys=0.00s Real=0.00s
[0.271s][info][gc,start       ] GC(13) Pause Young (Allocation Failure)
[0.277s][info][gc,heap        ] GC(13) PSYoungGen: 9696K(9728K)->6112K(11264K) Eden: 4608K(4608K)->0K(5120K) From: 5088K(5120K)->6112K(6144K)
[0.277s][info][gc,heap        ] GC(13) ParOldGen: 6612K(10752K)->7988K(10752K)
[0.277s][info][gc,metaspace   ] GC(13) Metaspace: 6299K(6464K)->6299K(6464K) NonClass: 5766K(5824K)->5766K(5824K) Class: 533K(640K)->533K(640K)
[0.277s][info][gc             ] GC(13) Pause Young (Allocation Failure) 15M->13M(21M) 6.723ms
[0.277s][info][gc,cpu         ] GC(13) User=0.00s Sys=0.00s Real=0.01s
[0.282s][info][gc,start       ] GC(14) Pause Young (Allocation Failure)
[0.287s][info][gc,heap        ] GC(14) PSYoungGen: 11232K(11264K)->5248K(12800K) Eden: 5120K(5120K)->0K(5120K) From: 6112K(6144K)->5248K(7680K)
[0.288s][info][gc,heap        ] GC(14) ParOldGen: 7988K(10752K)->11564K(11776K)
[0.288s][info][gc,metaspace   ] GC(14) Metaspace: 6301K(6464K)->6301K(6464K) NonClass: 5768K(5824K)->5768K(5824K) Class: 533K(640K)->533K(640K)
[0.288s][info][gc             ] GC(14) Pause Young (Allocation Failure) 18M->16M(24M) 5.731ms
[0.288s][info][gc,cpu         ] GC(14) User=0.00s Sys=0.00s Real=0.01s
[0.288s][info][gc,start       ] GC(15) Pause Full (Ergonomics)
[0.288s][info][gc,phases,start] GC(15) Marking Phase
[0.295s][info][gc,phases      ] GC(15) Marking Phase 7.428ms
[0.295s][info][gc,phases,start] GC(15) Summary Phase
[0.295s][info][gc,phases      ] GC(15) Summary Phase 0.016ms
[0.295s][info][gc,phases,start] GC(15) Adjust Roots
[0.295s][info][gc,phases      ] GC(15) Adjust Roots 0.218ms
[0.295s][info][gc,phases,start] GC(15) Compaction Phase
[0.302s][info][gc,phases      ] GC(15) Compaction Phase 6.318ms
[0.302s][info][gc,phases,start] GC(15) Post Compact
[0.302s][info][gc,phases      ] GC(15) Post Compact 0.068ms
[0.302s][info][gc,heap        ] GC(15) PSYoungGen: 5248K(12800K)->5195K(12800K) Eden: 0K(5120K)->0K(5120K) From: 5248K(7680K)->5195K(7680K)
[0.302s][info][gc,heap        ] GC(15) ParOldGen: 11564K(11776K)->11454K(18432K)
[0.302s][info][gc,metaspace   ] GC(15) Metaspace: 6301K(6464K)->6301K(6464K) NonClass: 5768K(5824K)->5768K(5824K) Class: 533K(640K)->533K(640K)
[0.302s][info][gc             ] GC(15) Pause Full (Ergonomics) 16M->16M(30M) 14.360ms
[0.302s][info][gc,cpu         ] GC(15) User=0.00s Sys=0.00s Real=0.01s
[0.305s][info][gc,start       ] GC(16) Pause Young (Allocation Failure)
[0.312s][info][gc,heap        ] GC(16) PSYoungGen: 10315K(12800K)->2688K(14336K) Eden: 5120K(5120K)->0K(7168K) From: 5195K(7680K)->2688K(7168K)
[0.312s][info][gc,heap        ] GC(16) ParOldGen: 11454K(18432K)->16734K(18432K)
[0.312s][info][gc,metaspace   ] GC(16) Metaspace: 6301K(6464K)->6301K(6464K) NonClass: 5768K(5824K)->5768K(5824K) Class: 533K(640K)->533K(640K)
[0.312s][info][gc             ] GC(16) Pause Young (Allocation Failure) 21M->18M(32M) 6.423ms
[0.312s][info][gc,cpu         ] GC(16) User=0.00s Sys=0.00s Real=0.01s
[0.312s][info][gc,start       ] GC(17) Pause Full (Ergonomics)
[0.312s][info][gc,phases,start] GC(17) Marking Phase
[0.320s][info][gc,phases      ] GC(17) Marking Phase 8.373ms
[0.320s][info][gc,phases,start] GC(17) Summary Phase
[0.320s][info][gc,phases      ] GC(17) Summary Phase 0.016ms
[0.320s][info][gc,phases,start] GC(17) Adjust Roots
[0.321s][info][gc,phases      ] GC(17) Adjust Roots 0.265ms
[0.321s][info][gc,phases,start] GC(17) Compaction Phase
[0.327s][info][gc,phases      ] GC(17) Compaction Phase 6.110ms
[0.327s][info][gc,phases,start] GC(17) Post Compact
[0.327s][info][gc,phases      ] GC(17) Post Compact 0.071ms
[0.327s][info][gc,heap        ] GC(17) PSYoungGen: 2688K(14336K)->1106K(14848K) Eden: 0K(7168K)->0K(7680K) From: 2688K(7168K)->1106K(7168K)
[0.327s][info][gc,heap        ] GC(17) ParOldGen: 16734K(18432K)->18182K(27648K)
[0.327s][info][gc,metaspace   ] GC(17) Metaspace: 6301K(6464K)->6301K(6464K) NonClass: 5768K(5824K)->5768K(5824K) Class: 533K(640K)->533K(640K)
[0.327s][info][gc             ] GC(17) Pause Full (Ergonomics) 18M->18M(41M) 15.133ms
[0.327s][info][gc,cpu         ] GC(17) User=0.00s Sys=0.00s Real=0.02s
[0.331s][info][gc,start       ] GC(18) Pause Young (Allocation Failure)
[0.336s][info][gc,heap        ] GC(18) PSYoungGen: 7796K(14848K)->3424K(15360K) Eden: 6689K(7680K)->0K(7680K) From: 1106K(7168K)->3424K(7680K)
[0.336s][info][gc,heap        ] GC(18) ParOldGen: 18182K(27648K)->19318K(27648K)
[0.336s][info][gc,metaspace   ] GC(18) Metaspace: 6301K(6464K)->6301K(6464K) NonClass: 5768K(5824K)->5768K(5824K) Class: 533K(640K)->533K(640K)
[0.336s][info][gc             ] GC(18) Pause Young (Allocation Failure) 25M->22M(42M) 4.731ms
[0.336s][info][gc,cpu         ] GC(18) User=0.00s Sys=0.00s Real=0.00s
[0.343s][info][gc,start       ] GC(19) Pause Young (Allocation Failure)
[0.350s][info][gc,heap        ] GC(19) PSYoungGen: 11104K(15360K)->4480K(17920K) Eden: 7680K(7680K)->0K(10240K) From: 3424K(7680K)->4480K(7680K)
[0.350s][info][gc,heap        ] GC(19) ParOldGen: 19318K(27648K)->22774K(27648K)
[0.350s][info][gc,metaspace   ] GC(19) Metaspace: 6301K(6464K)->6301K(6464K) NonClass: 5768K(5824K)->5768K(5824K) Class: 533K(640K)->533K(640K)
[0.350s][info][gc             ] GC(19) Pause Young (Allocation Failure) 29M->26M(44M) 6.722ms
[0.350s][info][gc,cpu         ] GC(19) User=0.00s Sys=0.00s Real=0.01s
[0.356s][info][gc,start       ] GC(20) Pause Young (Allocation Failure)
[0.363s][info][gc,heap        ] GC(20) PSYoungGen: 14720K(17920K)->5344K(17920K) Eden: 10240K(10240K)->0K(10240K) From: 4480K(7680K)->5344K(7680K)
[0.363s][info][gc,heap        ] GC(20) ParOldGen: 22774K(27648K)->27294K(27648K)
[0.363s][info][gc,metaspace   ] GC(20) Metaspace: 6301K(6464K)->6301K(6464K) NonClass: 5768K(5824K)->5768K(5824K) Class: 533K(640K)->533K(640K)
[0.363s][info][gc             ] GC(20) Pause Young (Allocation Failure) 36M->31M(44M) 6.987ms
[0.363s][info][gc,cpu         ] GC(20) User=0.00s Sys=0.00s Real=0.01s
[0.363s][info][gc,start       ] GC(21) Pause Full (Ergonomics)
[0.364s][info][gc,phases,start] GC(21) Marking Phase
[0.377s][info][gc,phases      ] GC(21) Marking Phase 12.960ms
[0.377s][info][gc,phases,start] GC(21) Summary Phase
[0.377s][info][gc,phases      ] GC(21) Summary Phase 0.019ms
[0.377s][info][gc,phases,start] GC(21) Adjust Roots
[0.377s][info][gc,phases      ] GC(21) Adjust Roots 0.199ms
[0.377s][info][gc,phases,start] GC(21) Compaction Phase
[0.389s][info][gc,phases      ] GC(21) Compaction Phase 12.132ms
[0.389s][info][gc,phases,start] GC(21) Post Compact
[0.389s][info][gc,phases      ] GC(21) Post Compact 0.109ms
[0.389s][info][gc,heap        ] GC(21) PSYoungGen: 5344K(17920K)->4780K(17920K) Eden: 0K(10240K)->0K(10240K) From: 5344K(7680K)->4780K(7680K)
[0.389s][info][gc,heap        ] GC(21) ParOldGen: 27294K(27648K)->27140K(38912K)
[0.389s][info][gc,metaspace   ] GC(21) Metaspace: 6301K(6464K)->6301K(6464K) NonClass: 5768K(5824K)->5768K(5824K) Class: 533K(640K)->533K(640K)
[0.389s][info][gc             ] GC(21) Pause Full (Ergonomics) 31M->31M(55M) 25.912ms
[0.389s][info][gc,cpu         ] GC(21) User=0.00s Sys=0.00s Real=0.03s
[0.398s][info][gc,start       ] GC(22) Pause Young (Allocation Failure)
[0.411s][info][gc,heap        ] GC(22) PSYoungGen: 15020K(17920K)->8192K(17920K) Eden: 10240K(10240K)->0K(9728K) From: 4780K(7680K)->8192K(8192K)
[0.411s][info][gc,heap        ] GC(22) ParOldGen: 27140K(38912K)->32956K(38912K)
[0.411s][info][gc,metaspace   ] GC(22) Metaspace: 6301K(6464K)->6301K(6464K) NonClass: 5768K(5824K)->5768K(5824K) Class: 533K(640K)->533K(640K)
[0.411s][info][gc             ] GC(22) Pause Young (Allocation Failure) 41M->40M(55M) 12.955ms
[0.411s][info][gc,cpu         ] GC(22) User=0.02s Sys=0.00s Real=0.01s
[0.411s][info][gc,start       ] GC(23) Pause Full (Ergonomics)
[0.411s][info][gc,phases,start] GC(23) Marking Phase
[0.427s][info][gc,phases      ] GC(23) Marking Phase 16.142ms
[0.428s][info][gc,phases,start] GC(23) Summary Phase
[0.428s][info][gc,phases      ] GC(23) Summary Phase 0.016ms
[0.428s][info][gc,phases,start] GC(23) Adjust Roots
[0.428s][info][gc,phases      ] GC(23) Adjust Roots 0.152ms
[0.428s][info][gc,phases,start] GC(23) Compaction Phase
[0.438s][info][gc,phases      ] GC(23) Compaction Phase 10.098ms
[0.438s][info][gc,phases,start] GC(23) Post Compact
[0.438s][info][gc,phases      ] GC(23) Post Compact 0.220ms
[0.438s][info][gc,heap        ] GC(23) PSYoungGen: 8192K(17920K)->2555K(17920K) Eden: 0K(9728K)->0K(9728K) From: 8192K(8192K)->2555K(8192K)
[0.438s][info][gc,heap        ] GC(23) ParOldGen: 32956K(38912K)->38479K(52736K)
[0.438s][info][gc,metaspace   ] GC(23) Metaspace: 6301K(6464K)->6301K(6464K) NonClass: 5768K(5824K)->5768K(5824K) Class: 533K(640K)->533K(640K)
[0.438s][info][gc             ] GC(23) Pause Full (Ergonomics) 40M->40M(69M) 26.972ms
[0.438s][info][gc,cpu         ] GC(23) User=0.00s Sys=0.00s Real=0.03s
[0.452s][info][gc,start       ] GC(24) Pause Young (Allocation Failure)
[0.462s][info][gc,heap        ] GC(24) PSYoungGen: 12283K(17920K)->9760K(20992K) Eden: 9728K(9728K)->0K(9728K) From: 2555K(8192K)->9760K(11264K)
[0.462s][info][gc,heap        ] GC(24) ParOldGen: 38479K(52736K)->41079K(52736K)
[0.462s][info][gc,metaspace   ] GC(24) Metaspace: 6301K(6464K)->6301K(6464K) NonClass: 5768K(5824K)->5768K(5824K) Class: 533K(640K)->533K(640K)
[0.462s][info][gc             ] GC(24) Pause Young (Allocation Failure) 49M->49M(72M) 9.971ms
[0.462s][info][gc,cpu         ] GC(24) User=0.02s Sys=0.00s Real=0.01s
[0.472s][info][gc,start       ] GC(25) Pause Young (Allocation Failure)
[0.487s][info][gc,heap        ] GC(25) PSYoungGen: 19488K(20992K)->12768K(19968K) Eden: 9728K(9728K)->0K(7168K) From: 9760K(11264K)->12768K(12800K)
[0.487s][info][gc,heap        ] GC(25) ParOldGen: 41079K(52736K)->47855K(52736K)
[0.487s][info][gc,metaspace   ] GC(25) Metaspace: 6301K(6464K)->6301K(6464K) NonClass: 5768K(5824K)->5768K(5824K) Class: 533K(640K)->533K(640K)
[0.487s][info][gc             ] GC(25) Pause Young (Allocation Failure) 59M->59M(71M) 15.047ms
[0.487s][info][gc,cpu         ] GC(25) User=0.00s Sys=0.00s Real=0.02s
[0.487s][info][gc,start       ] GC(26) Pause Full (Ergonomics)
[0.487s][info][gc,phases,start] GC(26) Marking Phase
[0.510s][info][gc,phases      ] GC(26) Marking Phase 22.808ms
[0.510s][info][gc,phases,start] GC(26) Summary Phase
[0.510s][info][gc,phases      ] GC(26) Summary Phase 0.021ms
[0.510s][info][gc,phases,start] GC(26) Adjust Roots
[0.510s][info][gc,phases      ] GC(26) Adjust Roots 0.181ms
[0.510s][info][gc,phases,start] GC(26) Compaction Phase
[0.527s][info][gc,phases      ] GC(26) Compaction Phase 17.417ms
[0.527s][info][gc,phases,start] GC(26) Post Compact
[0.528s][info][gc,phases      ] GC(26) Post Compact 0.176ms
[0.528s][info][gc,heap        ] GC(26) PSYoungGen: 12768K(19968K)->7122K(19968K) Eden: 0K(7168K)->0K(7168K) From: 12768K(12800K)->7122K(12800K)
[0.528s][info][gc,heap        ] GC(26) ParOldGen: 47855K(52736K)->52290K(69120K)
[0.528s][info][gc,metaspace   ] GC(26) Metaspace: 6301K(6464K)->6301K(6464K) NonClass: 5768K(5824K)->5768K(5824K) Class: 533K(640K)->533K(640K)
[0.528s][info][gc             ] GC(26) Pause Full (Ergonomics) 59M->58M(87M) 40.980ms
[0.528s][info][gc,cpu         ] GC(26) User=0.03s Sys=0.00s Real=0.04s
[0.535s][info][gc,start       ] GC(27) Pause Young (Allocation Failure)
[0.548s][info][gc,heap        ] GC(27) PSYoungGen: 14290K(19968K)->7168K(24576K) Eden: 7168K(7168K)->0K(7168K) From: 7122K(12800K)->7168K(17408K)
[0.548s][info][gc,heap        ] GC(27) ParOldGen: 52290K(69120K)->59538K(69120K)
[0.548s][info][gc,metaspace   ] GC(27) Metaspace: 6301K(6464K)->6301K(6464K) NonClass: 5768K(5824K)->5768K(5824K) Class: 533K(640K)->533K(640K)
[0.548s][info][gc             ] GC(27) Pause Young (Allocation Failure) 65M->65M(91M) 13.179ms
[0.548s][info][gc,cpu         ] GC(27) User=0.00s Sys=0.00s Real=0.01s
[0.555s][info][gc,start       ] GC(28) Pause Young (Allocation Failure)
[0.565s][info][gc,heap        ] GC(28) PSYoungGen: 14336K(24576K)->14336K(23040K) Eden: 7168K(7168K)->0K(6656K) From: 7168K(17408K)->14336K(16384K)
[0.565s][info][gc,heap        ] GC(28) ParOldGen: 59538K(69120K)->59538K(69120K)
[0.565s][info][gc,metaspace   ] GC(28) Metaspace: 6301K(6464K)->6301K(6464K) NonClass: 5768K(5824K)->5768K(5824K) Class: 533K(640K)->533K(640K)
[0.565s][info][gc             ] GC(28) Pause Young (Allocation Failure) 72M->72M(90M) 10.121ms
[0.565s][info][gc,cpu         ] GC(28) User=0.00s Sys=0.02s Real=0.01s
[0.572s][info][gc,start       ] GC(29) Pause Young (Allocation Failure)
[0.585s][info][gc,heap        ] GC(29) PSYoungGen: 20992K(23040K)->13824K(25088K) Eden: 6656K(6656K)->0K(6656K) From: 14336K(16384K)->13824K(18432K)
[0.586s][info][gc,heap        ] GC(29) ParOldGen: 59538K(69120K)->66794K(69120K)
[0.586s][info][gc,metaspace   ] GC(29) Metaspace: 6301K(6464K)->6301K(6464K) NonClass: 5768K(5824K)->5768K(5824K) Class: 533K(640K)->533K(640K)
[0.586s][info][gc             ] GC(29) Pause Young (Allocation Failure) 78M->78M(92M) 13.407ms
[0.586s][info][gc,cpu         ] GC(29) User=0.00s Sys=0.00s Real=0.01s
[0.586s][info][gc,start       ] GC(30) Pause Full (Ergonomics)
[0.586s][info][gc,phases,start] GC(30) Marking Phase
[0.616s][info][gc,phases      ] GC(30) Marking Phase 30.000ms
[0.616s][info][gc,phases,start] GC(30) Summary Phase
[0.616s][info][gc,phases      ] GC(30) Summary Phase 0.020ms
[0.616s][info][gc,phases,start] GC(30) Adjust Roots
[0.616s][info][gc,phases      ] GC(30) Adjust Roots 0.176ms
[0.616s][info][gc,phases,start] GC(30) Compaction Phase
[0.636s][info][gc,phases      ] GC(30) Compaction Phase 19.780ms
[0.636s][info][gc,phases,start] GC(30) Post Compact
[0.636s][info][gc,phases      ] GC(30) Post Compact 0.476ms
[0.636s][info][gc,heap        ] GC(30) PSYoungGen: 13824K(25088K)->11208K(25088K) Eden: 0K(6656K)->0K(6656K) From: 13824K(18432K)->11208K(18432K)
[0.636s][info][gc,heap        ] GC(30) ParOldGen: 66794K(69120K)->69107K(89600K)
[0.636s][info][gc,metaspace   ] GC(30) Metaspace: 6301K(6464K)->6301K(6464K) NonClass: 5768K(5824K)->5768K(5824K) Class: 533K(640K)->533K(640K)
[0.637s][info][gc             ] GC(30) Pause Full (Ergonomics) 78M->78M(112M) 50.866ms
[0.637s][info][gc,cpu         ] GC(30) User=0.06s Sys=0.00s Real=0.05s
[0.644s][info][gc,start       ] GC(31) Pause Young (Allocation Failure)
[0.661s][info][gc,heap        ] GC(31) PSYoungGen: 17864K(25088K)->6688K(25600K) Eden: 6656K(6656K)->0K(8192K) From: 11208K(18432K)->6688K(17408K)
[0.662s][info][gc,heap        ] GC(31) ParOldGen: 69107K(89600K)->80499K(89600K)
[0.662s][info][gc,metaspace   ] GC(31) Metaspace: 6301K(6464K)->6301K(6464K) NonClass: 5768K(5824K)->5768K(5824K) Class: 533K(640K)->533K(640K)
[0.662s][info][gc             ] GC(31) Pause Young (Allocation Failure) 84M->85M(112M) 17.961ms
[0.662s][info][gc,cpu         ] GC(31) User=0.03s Sys=0.00s Real=0.02s
[0.662s][info][gc,start       ] GC(32) Pause Full (Ergonomics)
[0.662s][info][gc,phases,start] GC(32) Marking Phase
[0.696s][info][gc,phases      ] GC(32) Marking Phase 34.674ms
[0.696s][info][gc,phases,start] GC(32) Summary Phase
[0.696s][info][gc,phases      ] GC(32) Summary Phase 0.017ms
[0.696s][info][gc,phases,start] GC(32) Adjust Roots
[0.697s][info][gc,phases      ] GC(32) Adjust Roots 0.179ms
[0.697s][info][gc,phases,start] GC(32) Compaction Phase
[0.716s][info][gc,phases      ] GC(32) Compaction Phase 19.605ms
[0.716s][info][gc,phases,start] GC(32) Post Compact
[0.717s][info][gc,phases      ] GC(32) Post Compact 0.460ms
[0.717s][info][gc,heap        ] GC(32) PSYoungGen: 6688K(25600K)->0K(27136K) Eden: 0K(8192K)->0K(8192K) From: 6688K(17408K)->0K(18944K)
[0.717s][info][gc,heap        ] GC(32) ParOldGen: 80499K(89600K)->86942K(111616K)
[0.717s][info][gc,metaspace   ] GC(32) Metaspace: 6301K(6464K)->6301K(6464K) NonClass: 5768K(5824K)->5768K(5824K) Class: 533K(640K)->533K(640K)
[0.717s][info][gc             ] GC(32) Pause Full (Ergonomics) 85M->84M(135M) 55.364ms
[0.717s][info][gc,cpu         ] GC(32) User=0.09s Sys=0.00s Real=0.06s
[0.732s][info][gc,start       ] GC(33) Pause Young (Allocation Failure)
[0.738s][info][gc,heap        ] GC(33) PSYoungGen: 8192K(27136K)->8256K(26112K) Eden: 8192K(8192K)->0K(9728K) From: 0K(18944K)->8256K(16384K)
[0.738s][info][gc,heap        ] GC(33) ParOldGen: 86942K(111616K)->86942K(111616K)
[0.738s][info][gc,metaspace   ] GC(33) Metaspace: 6301K(6464K)->6301K(6464K) NonClass: 5768K(5824K)->5768K(5824K) Class: 533K(640K)->533K(640K)
[0.738s][info][gc             ] GC(33) Pause Young (Allocation Failure) 92M->92M(134M) 5.667ms
[0.738s][info][gc,cpu         ] GC(33) User=0.00s Sys=0.00s Real=0.01s
[0.746s][info][gc,start       ] GC(34) Pause Young (Allocation Failure)
[0.754s][info][gc,heap        ] GC(34) PSYoungGen: 17984K(26112K)->17888K(27648K) Eden: 9728K(9728K)->0K(9728K) From: 8256K(16384K)->17888K(17920K)
[0.754s][info][gc,heap        ] GC(34) ParOldGen: 86942K(111616K)->86966K(111616K)
[0.755s][info][gc,metaspace   ] GC(34) Metaspace: 6301K(6464K)->6301K(6464K) NonClass: 5768K(5824K)->5768K(5824K) Class: 533K(640K)->533K(640K)
[0.755s][info][gc             ] GC(34) Pause Young (Allocation Failure) 102M->102M(136M) 8.357ms
[0.755s][info][gc,cpu         ] GC(34) User=0.02s Sys=0.00s Real=0.01s
[0.763s][info][gc,start       ] GC(35) Pause Young (Allocation Failure)
[0.777s][info][gc,heap        ] GC(35) PSYoungGen: 27616K(27648K)->9760K(30720K) Eden: 9728K(9728K)->0K(11264K) From: 17888K(17920K)->9760K(19456K)
[0.777s][info][gc,heap        ] GC(35) ParOldGen: 86966K(111616K)->105046K(111616K)
[0.777s][info][gc,metaspace   ] GC(35) Metaspace: 6301K(6464K)->6301K(6464K) NonClass: 5768K(5824K)->5768K(5824K) Class: 533K(640K)->533K(640K)
[0.777s][info][gc             ] GC(35) Pause Young (Allocation Failure) 111M->112M(139M) 14.457ms
[0.777s][info][gc,cpu         ] GC(35) User=0.02s Sys=0.00s Real=0.01s
[0.777s][info][gc,start       ] GC(36) Pause Full (Ergonomics)
[0.777s][info][gc,phases,start] GC(36) Marking Phase
[0.807s][info][gc,phases      ] GC(36) Marking Phase 30.232ms
[0.807s][info][gc,phases,start] GC(36) Summary Phase
[0.807s][info][gc,phases      ] GC(36) Summary Phase 0.016ms
[0.807s][info][gc,phases,start] GC(36) Adjust Roots
[0.808s][info][gc,phases      ] GC(36) Adjust Roots 0.150ms
[0.808s][info][gc,phases,start] GC(36) Compaction Phase
[0.831s][info][gc,phases      ] GC(36) Compaction Phase 23.270ms
[0.831s][info][gc,phases,start] GC(36) Post Compact
[0.831s][info][gc,phases      ] GC(36) Post Compact 0.468ms
[0.832s][info][gc,heap        ] GC(36) PSYoungGen: 9760K(30720K)->1007K(31232K) Eden: 0K(11264K)->0K(11776K) From: 9760K(19456K)->1007K(19456K)
[0.832s][info][gc,heap        ] GC(36) ParOldGen: 105046K(111616K)->111452K(142336K)
[0.832s][info][gc,metaspace   ] GC(36) Metaspace: 6301K(6464K)->6301K(6464K) NonClass: 5768K(5824K)->5768K(5824K) Class: 533K(640K)->533K(640K)
[0.832s][info][gc             ] GC(36) Pause Full (Ergonomics) 112M->109M(169M) 54.592ms
[0.832s][info][gc,cpu         ] GC(36) User=0.08s Sys=0.02s Real=0.05s
[0.843s][info][gc,start       ] GC(37) Pause Young (Allocation Failure)
[0.858s][info][gc,heap        ] GC(37) PSYoungGen: 12783K(31232K)->12832K(31744K) Eden: 11776K(11776K)->0K(11776K) From: 1007K(19456K)->12832K(19968K)
[0.858s][info][gc,heap        ] GC(37) ParOldGen: 111452K(142336K)->111452K(142336K)
[0.858s][info][gc,metaspace   ] GC(37) Metaspace: 6301K(6464K)->6301K(6464K) NonClass: 5768K(5824K)->5768K(5824K) Class: 533K(640K)->533K(640K)
[0.858s][info][gc             ] GC(37) Pause Young (Allocation Failure) 121M->121M(170M) 15.118ms
[0.858s][info][gc,cpu         ] GC(37) User=0.02s Sys=0.00s Real=0.01s
[0.869s][info][gc,start       ] GC(38) Pause Young (Allocation Failure)
[0.883s][info][gc,heap        ] GC(38) PSYoungGen: 24608K(31744K)->19968K(29184K) Eden: 11776K(11776K)->0K(9216K) From: 12832K(19968K)->19968K(19968K)
[0.883s][info][gc,heap        ] GC(38) ParOldGen: 111452K(142336K)->116108K(142336K)
[0.883s][info][gc,metaspace   ] GC(38) Metaspace: 6301K(6464K)->6301K(6464K) NonClass: 5768K(5824K)->5768K(5824K) Class: 533K(640K)->533K(640K)
[0.883s][info][gc             ] GC(38) Pause Young (Allocation Failure) 132M->132M(167M) 14.218ms
[0.883s][info][gc,cpu         ] GC(38) User=0.02s Sys=0.00s Real=0.01s
[0.892s][info][gc,start       ] GC(39) Pause Young (Allocation Failure)
[0.905s][info][gc,heap        ] GC(39) PSYoungGen: 29184K(29184K)->19424K(33792K) Eden: 9216K(9216K)->0K(9216K) From: 19968K(19968K)->19424K(24576K)
[0.906s][info][gc,heap        ] GC(39) ParOldGen: 116108K(142336K)->126068K(142336K)
[0.906s][info][gc,metaspace   ] GC(39) Metaspace: 6301K(6464K)->6301K(6464K) NonClass: 5768K(5824K)->5768K(5824K) Class: 533K(640K)->533K(640K)
[0.906s][info][gc             ] GC(39) Pause Young (Allocation Failure) 141M->142M(172M) 13.404ms
[0.906s][info][gc,cpu         ] GC(39) User=0.00s Sys=0.00s Real=0.01s
[0.915s][info][gc,start       ] GC(40) Pause Young (Allocation Failure)
[0.930s][info][gc,heap        ] GC(40) PSYoungGen: 28640K(33792K)->18432K(36352K) Eden: 9216K(9216K)->0K(9728K) From: 19424K(24576K)->18432K(26624K)
[0.931s][info][gc,heap        ] GC(40) ParOldGen: 126068K(142336K)->136380K(142336K)
[0.931s][info][gc,metaspace   ] GC(40) Metaspace: 6301K(6464K)->6301K(6464K) NonClass: 5768K(5824K)->5768K(5824K) Class: 533K(640K)->533K(640K)
[0.931s][info][gc             ] GC(40) Pause Young (Allocation Failure) 151M->151M(174M) 15.921ms
[0.931s][info][gc,cpu         ] GC(40) User=0.02s Sys=0.00s Real=0.02s
[0.931s][info][gc,start       ] GC(41) Pause Full (Ergonomics)
[0.931s][info][gc,phases,start] GC(41) Marking Phase
[0.978s][info][gc,phases      ] GC(41) Marking Phase 47.065ms
[0.978s][info][gc,phases,start] GC(41) Summary Phase
[0.978s][info][gc,phases      ] GC(41) Summary Phase 0.017ms
[0.978s][info][gc,phases,start] GC(41) Adjust Roots
[0.978s][info][gc,phases      ] GC(41) Adjust Roots 0.160ms
[0.978s][info][gc,phases,start] GC(41) Compaction Phase
[1.003s][info][gc,phases      ] GC(41) Compaction Phase 24.485ms
[1.003s][info][gc,phases,start] GC(41) Post Compact
[1.004s][info][gc,phases      ] GC(41) Post Compact 0.900ms
[1.004s][info][gc,heap        ] GC(41) PSYoungGen: 18432K(36352K)->12238K(36352K) Eden: 0K(9728K)->0K(9728K) From: 18432K(26624K)->12238K(26624K)
[1.004s][info][gc,heap        ] GC(41) ParOldGen: 136380K(142336K)->142080K(175616K)
[1.004s][info][gc,metaspace   ] GC(41) Metaspace: 6301K(6464K)->6301K(6464K) NonClass: 5768K(5824K)->5768K(5824K) Class: 533K(640K)->533K(640K)
[1.004s][info][gc             ] GC(41) Pause Full (Ergonomics) 151M->150M(207M) 73.120ms
[1.004s][info][gc,cpu         ] GC(41) User=0.19s Sys=0.00s Real=0.07s
[1.014s][info][gc,start       ] GC(42) Pause Young (Allocation Failure)
[1.036s][info][gc,heap        ] GC(42) PSYoungGen: 21966K(36352K)->15776K(37376K) Eden: 9728K(9728K)->0K(9728K) From: 12238K(26624K)->15776K(27648K)
[1.036s][info][gc,heap        ] GC(42) ParOldGen: 142080K(175616K)->148472K(175616K)
[1.036s][info][gc,metaspace   ] GC(42) Metaspace: 6301K(6464K)->6301K(6464K) NonClass: 5768K(5824K)->5768K(5824K) Class: 533K(640K)->533K(640K)
[1.036s][info][gc             ] GC(42) Pause Young (Allocation Failure) 160M->160M(208M) 22.023ms
[1.036s][info][gc,cpu         ] GC(42) User=0.05s Sys=0.00s Real=0.02s
[1.046s][info][gc,start       ] GC(43) Pause Young (Allocation Failure)
[1.062s][info][gc,heap        ] GC(43) PSYoungGen: 25504K(37376K)->19520K(37376K) Eden: 9728K(9728K)->0K(10240K) From: 15776K(27648K)->19520K(27136K)
[1.062s][info][gc,heap        ] GC(43) ParOldGen: 148472K(175616K)->154528K(175616K)
[1.062s][info][gc,metaspace   ] GC(43) Metaspace: 6301K(6464K)->6301K(6464K) NonClass: 5768K(5824K)->5768K(5824K) Class: 533K(640K)->533K(640K)
[1.062s][info][gc             ] GC(43) Pause Young (Allocation Failure) 169M->169M(208M) 16.099ms
[1.062s][info][gc,cpu         ] GC(43) User=0.00s Sys=0.00s Real=0.02s
[1.107s][info][gc,start       ] GC(44) Pause Full (Ergonomics)
[1.107s][info][gc,phases,start] GC(44) Marking Phase
[1.156s][info][gc,phases      ] GC(44) Marking Phase 49.102ms
[1.156s][info][gc,phases,start] GC(44) Summary Phase
[1.156s][info][gc,phases      ] GC(44) Summary Phase 0.019ms
[1.156s][info][gc,phases,start] GC(44) Adjust Roots
[1.156s][info][gc,phases      ] GC(44) Adjust Roots 0.146ms
[1.156s][info][gc,phases,start] GC(44) Compaction Phase
[1.197s][info][gc,phases      ] GC(44) Compaction Phase 40.450ms
[1.197s][info][gc,phases,start] GC(44) Post Compact
[1.198s][info][gc,phases      ] GC(44) Post Compact 1.112ms
[1.198s][info][gc,heap        ] GC(44) PSYoungGen: 29760K(37376K)->12754K(37376K) Eden: 10240K(10240K)->0K(10240K) From: 19520K(27136K)->12754K(27136K)
[1.198s][info][gc,heap        ] GC(44) ParOldGen: 162720K(175616K)->175264K(209408K)
[1.198s][info][gc,metaspace   ] GC(44) Metaspace: 6301K(6464K)->6301K(6464K) NonClass: 5768K(5824K)->5768K(5824K) Class: 533K(640K)->533K(640K)
[1.198s][info][gc             ] GC(44) Pause Full (Ergonomics) 187M->183M(241M) 91.551ms
[1.198s][info][gc,cpu         ] GC(44) User=0.30s Sys=0.00s Real=0.09s
[1.209s][info][gc,start       ] GC(45) Pause Young (Allocation Failure)
[1.231s][info][gc,heap        ] GC(45) PSYoungGen: 22994K(37376K)->16640K(38400K) Eden: 10240K(10240K)->0K(10240K) From: 12754K(27136K)->16640K(28160K)
[1.231s][info][gc,heap        ] GC(45) ParOldGen: 175264K(209408K)->181832K(209408K)
[1.231s][info][gc,metaspace   ] GC(45) Metaspace: 6301K(6464K)->6301K(6464K) NonClass: 5768K(5824K)->5768K(5824K) Class: 533K(640K)->533K(640K)
[1.231s][info][gc             ] GC(45) Pause Young (Allocation Failure) 193M->193M(242M) 22.001ms
[1.231s][info][gc,cpu         ] GC(45) User=0.08s Sys=0.00s Real=0.02s
[1.241s][info][gc,start       ] GC(46) Pause Young (Allocation Failure)
[1.256s][info][gc,heap        ] GC(46) PSYoungGen: 26880K(38400K)->26848K(36352K) Eden: 10240K(10240K)->0K(8192K) From: 16640K(28160K)->26848K(28160K)
[1.256s][info][gc,heap        ] GC(46) ParOldGen: 181832K(209408K)->181832K(209408K)
[1.256s][info][gc,metaspace   ] GC(46) Metaspace: 6301K(6464K)->6301K(6464K) NonClass: 5768K(5824K)->5768K(5824K) Class: 533K(640K)->533K(640K)
[1.256s][info][gc             ] GC(46) Pause Young (Allocation Failure) 203M->203M(240M) 14.572ms
[1.256s][info][gc,cpu         ] GC(46) User=0.02s Sys=0.00s Real=0.02s
[1.265s][info][gc,start       ] GC(47) Pause Young (Allocation Failure)
[1.283s][info][gc,heap        ] GC(47) PSYoungGen: 35040K(36352K)->28736K(39936K) Eden: 8192K(8192K)->0K(8192K) From: 26848K(28160K)->28736K(31744K)
[1.283s][info][gc,heap        ] GC(47) ParOldGen: 181832K(209408K)->188232K(209408K)
[1.283s][info][gc,metaspace   ] GC(47) Metaspace: 6301K(6464K)->6301K(6464K) NonClass: 5768K(5824K)->5768K(5824K) Class: 533K(640K)->533K(640K)
[1.283s][info][gc             ] GC(47) Pause Young (Allocation Failure) 211M->211M(243M) 18.676ms
[1.283s][info][gc,cpu         ] GC(47) User=0.06s Sys=0.00s Real=0.02s
[1.292s][info][gc,start       ] GC(48) Pause Young (Allocation Failure)
[1.312s][info][gc,heap        ] GC(48) PSYoungGen: 36928K(39936K)->26688K(42496K) Eden: 8192K(8192K)->0K(7680K) From: 28736K(31744K)->26688K(34816K)
[1.312s][info][gc,heap        ] GC(48) ParOldGen: 188232K(209408K)->198608K(209408K)
[1.312s][info][gc,metaspace   ] GC(48) Metaspace: 6301K(6464K)->6301K(6464K) NonClass: 5768K(5824K)->5768K(5824K) Class: 533K(640K)->533K(640K)
[1.312s][info][gc             ] GC(48) Pause Young (Allocation Failure) 219M->220M(246M) 20.127ms
[1.312s][info][gc,cpu         ] GC(48) User=0.03s Sys=0.00s Real=0.02s
[1.312s][info][gc,start       ] GC(49) Pause Full (Ergonomics)
[1.312s][info][gc,phases,start] GC(49) Marking Phase
[1.378s][info][gc,phases      ] GC(49) Marking Phase 66.405ms
[1.378s][info][gc,phases,start] GC(49) Summary Phase
[1.378s][info][gc,phases      ] GC(49) Summary Phase 0.016ms
[1.378s][info][gc,phases,start] GC(49) Adjust Roots
[1.379s][info][gc,phases      ] GC(49) Adjust Roots 0.189ms
[1.379s][info][gc,phases,start] GC(49) Compaction Phase
[1.414s][info][gc,phases      ] GC(49) Compaction Phase 35.325ms
[1.414s][info][gc,phases,start] GC(49) Post Compact
[1.415s][info][gc,phases      ] GC(49) Post Compact 1.172ms
[1.415s][info][gc,heap        ] GC(49) PSYoungGen: 26688K(42496K)->15803K(42496K) Eden: 0K(7680K)->0K(7680K) From: 26688K(34816K)->15803K(34816K)
[1.415s][info][gc,heap        ] GC(49) ParOldGen: 198608K(209408K)->208954K(244736K)
[1.416s][info][gc,metaspace   ] GC(49) Metaspace: 6301K(6464K)->6301K(6464K) NonClass: 5768K(5824K)->5768K(5824K) Class: 533K(640K)->533K(640K)
[1.416s][info][gc             ] GC(49) Pause Full (Ergonomics) 220M->219M(280M) 103.539ms
[1.416s][info][gc,cpu         ] GC(49) User=0.44s Sys=0.00s Real=0.10s
[1.425s][info][gc,start       ] GC(50) Pause Young (Allocation Failure)
[1.447s][info][gc,heap        ] GC(50) PSYoungGen: 23483K(42496K)->12704K(44544K) Eden: 7680K(7680K)->0K(7680K) From: 15803K(34816K)->12704K(36864K)
[1.447s][info][gc,heap        ] GC(50) ParOldGen: 208954K(244736K)->220018K(244736K)
[1.447s][info][gc,metaspace   ] GC(50) Metaspace: 6301K(6464K)->6301K(6464K) NonClass: 5768K(5824K)->5768K(5824K) Class: 533K(640K)->533K(640K)
[1.447s][info][gc             ] GC(50) Pause Young (Allocation Failure) 226M->227M(282M) 22.317ms
[1.447s][info][gc,cpu         ] GC(50) User=0.05s Sys=0.02s Real=0.02s
[1.456s][info][gc,start       ] GC(51) Pause Young (Allocation Failure)
[1.467s][info][gc,heap        ] GC(51) PSYoungGen: 20384K(44544K)->15392K(42496K) Eden: 7680K(7680K)->0K(9216K) From: 12704K(36864K)->15392K(33280K)
[1.467s][info][gc,heap        ] GC(51) ParOldGen: 220018K(244736K)->225018K(244736K)
[1.467s][info][gc,metaspace   ] GC(51) Metaspace: 6301K(6464K)->6301K(6464K) NonClass: 5768K(5824K)->5768K(5824K) Class: 533K(640K)->533K(640K)
[1.467s][info][gc             ] GC(51) Pause Young (Allocation Failure) 234M->234M(280M) 11.210ms
[1.467s][info][gc,cpu         ] GC(51) User=0.00s Sys=0.00s Real=0.01s
[1.478s][info][gc,start       ] GC(52) Pause Young (Allocation Failure)
[1.492s][info][gc,heap        ] GC(52) PSYoungGen: 24608K(42496K)->16960K(43520K) Eden: 9216K(9216K)->0K(9216K) From: 15392K(33280K)->16960K(34304K)
[1.492s][info][gc,heap        ] GC(52) ParOldGen: 225018K(244736K)->232802K(244736K)
[1.492s][info][gc,metaspace   ] GC(52) Metaspace: 6301K(6464K)->6301K(6464K) NonClass: 5768K(5824K)->5768K(5824K) Class: 533K(640K)->533K(640K)
[1.492s][info][gc             ] GC(52) Pause Young (Allocation Failure) 243M->243M(281M) 14.177ms
[1.493s][info][gc,cpu         ] GC(52) User=0.02s Sys=0.00s Real=0.01s
[1.493s][info][gc,start       ] GC(53) Pause Full (Ergonomics)
[1.493s][info][gc,phases,start] GC(53) Marking Phase
[1.560s][info][gc,phases      ] GC(53) Marking Phase 67.889ms
[1.561s][info][gc,phases,start] GC(53) Summary Phase
[1.561s][info][gc,phases      ] GC(53) Summary Phase 0.018ms
[1.561s][info][gc,phases,start] GC(53) Adjust Roots
[1.561s][info][gc,phases      ] GC(53) Adjust Roots 0.167ms
[1.561s][info][gc,phases,start] GC(53) Compaction Phase
[1.591s][info][gc,phases      ] GC(53) Compaction Phase 30.178ms
[1.591s][info][gc,phases,start] GC(53) Post Compact
[1.592s][info][gc,phases      ] GC(53) Post Compact 1.076ms
[1.592s][info][gc,heap        ] GC(53) PSYoungGen: 16960K(43520K)->4566K(43520K) Eden: 0K(9216K)->0K(9216K) From: 16960K(34304K)->4566K(34304K)
[1.592s][info][gc,heap        ] GC(53) ParOldGen: 232802K(244736K)->244671K(283136K)
[1.592s][info][gc,metaspace   ] GC(53) Metaspace: 6301K(6464K)->6301K(6464K) NonClass: 5768K(5824K)->5768K(5824K) Class: 533K(640K)->533K(640K)
[1.592s][info][gc             ] GC(53) Pause Full (Ergonomics) 243M->243M(319M) 99.854ms
[1.592s][info][gc,cpu         ] GC(53) User=0.38s Sys=0.02s Real=0.10s
[1.604s][info][gc,start       ] GC(54) Pause Young (Allocation Failure)
[1.624s][info][gc,heap        ] GC(54) PSYoungGen: 13782K(43520K)->11712K(41472K) Eden: 9216K(9216K)->0K(10752K) From: 4566K(34304K)->11712K(30720K)
[1.624s][info][gc,heap        ] GC(54) ParOldGen: 244671K(283136K)->246879K(283136K)
[1.624s][info][gc,metaspace   ] GC(54) Metaspace: 6301K(6464K)->6301K(6464K) NonClass: 5768K(5824K)->5768K(5824K) Class: 533K(640K)->533K(640K)
[1.624s][info][gc             ] GC(54) Pause Young (Allocation Failure) 252M->252M(317M) 20.224ms
[1.624s][info][gc,cpu         ] GC(54) User=0.09s Sys=0.00s Real=0.02s
[1.636s][info][gc,start       ] GC(55) Pause Young (Allocation Failure)
[1.648s][info][gc,heap        ] GC(55) PSYoungGen: 22464K(41472K)->22432K(42496K) Eden: 10752K(10752K)->0K(10752K) From: 11712K(30720K)->22432K(31744K)
[1.648s][info][gc,heap        ] GC(55) ParOldGen: 246879K(283136K)->246879K(283136K)
[1.648s][info][gc,metaspace   ] GC(55) Metaspace: 6301K(6464K)->6301K(6464K) NonClass: 5768K(5824K)->5768K(5824K) Class: 533K(640K)->533K(640K)
[1.648s][info][gc             ] GC(55) Pause Young (Allocation Failure) 263M->262M(318M) 12.022ms
[1.648s][info][gc,cpu         ] GC(55) User=0.02s Sys=0.00s Real=0.01s
[1.660s][info][gc,start       ] GC(56) Pause Young (Allocation Failure)
[1.677s][info][gc,heap        ] GC(56) PSYoungGen: 33184K(42496K)->32768K(40960K) Eden: 10752K(10752K)->0K(8192K) From: 22432K(31744K)->32768K(32768K)
[1.677s][info][gc,heap        ] GC(56) ParOldGen: 246879K(283136K)->247263K(283136K)
[1.677s][info][gc,metaspace   ] GC(56) Metaspace: 6301K(6464K)->6301K(6464K) NonClass: 5768K(5824K)->5768K(5824K) Class: 533K(640K)->533K(640K)
[1.677s][info][gc             ] GC(56) Pause Young (Allocation Failure) 273M->273M(316M) 17.338ms
[1.677s][info][gc,cpu         ] GC(56) User=0.02s Sys=0.02s Real=0.02s
[1.687s][info][gc,start       ] GC(57) Pause Young (Allocation Failure)
[1.707s][info][gc,heap        ] GC(57) PSYoungGen: 40960K(40960K)->29472K(45056K) Eden: 8192K(8192K)->0K(8192K) From: 32768K(32768K)->29472K(36864K)
[1.707s][info][gc,heap        ] GC(57) ParOldGen: 247263K(283136K)->258983K(283136K)
[1.707s][info][gc,metaspace   ] GC(57) Metaspace: 6301K(6464K)->6301K(6464K) NonClass: 5768K(5824K)->5768K(5824K) Class: 533K(640K)->533K(640K)
[1.708s][info][gc             ] GC(57) Pause Young (Allocation Failure) 281M->281M(320M) 20.679ms
[1.708s][info][gc,cpu         ] GC(57) User=0.12s Sys=0.00s Real=0.02s
[1.717s][info][gc,start       ] GC(58) Pause Young (Allocation Failure)
[1.736s][info][gc,heap        ] GC(58) PSYoungGen: 37664K(45056K)->27072K(48640K) Eden: 8192K(8192K)->0K(9216K) From: 29472K(36864K)->27072K(39424K)
[1.736s][info][gc,heap        ] GC(58) ParOldGen: 258983K(283136K)->269727K(283136K)
[1.736s][info][gc,metaspace   ] GC(58) Metaspace: 6301K(6464K)->6301K(6464K) NonClass: 5768K(5824K)->5768K(5824K) Class: 533K(640K)->533K(640K)
[1.736s][info][gc             ] GC(58) Pause Young (Allocation Failure) 289M->289M(324M) 19.069ms
[1.736s][info][gc,cpu         ] GC(58) User=0.09s Sys=0.00s Real=0.02s
[1.736s][info][gc,start       ] GC(59) Pause Full (Ergonomics)
[1.736s][info][gc,phases,start] GC(59) Marking Phase
[1.804s][info][gc,phases      ] GC(59) Marking Phase 67.685ms
[1.804s][info][gc,phases,start] GC(59) Summary Phase
[1.804s][info][gc,phases      ] GC(59) Summary Phase 0.020ms
[1.804s][info][gc,phases,start] GC(59) Adjust Roots
[1.804s][info][gc,phases      ] GC(59) Adjust Roots 0.150ms
[1.804s][info][gc,phases,start] GC(59) Compaction Phase
[1.833s][info][gc,phases      ] GC(59) Compaction Phase 29.386ms
[1.833s][info][gc,phases,start] GC(59) Post Compact
[1.835s][info][gc,phases      ] GC(59) Post Compact 1.379ms
[1.835s][info][gc,heap        ] GC(59) PSYoungGen: 27072K(48640K)->13097K(48640K) Eden: 0K(9216K)->0K(9216K) From: 27072K(39424K)->13097K(39424K)
[1.835s][info][gc,heap        ] GC(59) ParOldGen: 269727K(283136K)->283080K(325632K)
[1.835s][info][gc,metaspace   ] GC(59) Metaspace: 6301K(6464K)->6301K(6464K) NonClass: 5768K(5824K)->5768K(5824K) Class: 533K(640K)->533K(640K)
[1.835s][info][gc             ] GC(59) Pause Full (Ergonomics) 289M->289M(365M) 99.148ms
[1.835s][info][gc,cpu         ] GC(59) User=0.48s Sys=0.02s Real=0.10s
[1.845s][info][gc,start       ] GC(60) Pause Young (Allocation Failure)
[1.869s][info][gc,heap        ] GC(60) PSYoungGen: 22313K(48640K)->13696K(49152K) Eden: 9216K(9216K)->0K(9216K) From: 13097K(39424K)->13696K(39936K)
[1.869s][info][gc,heap        ] GC(60) ParOldGen: 283080K(325632K)->291960K(325632K)
[1.869s][info][gc,metaspace   ] GC(60) Metaspace: 6301K(6464K)->6301K(6464K) NonClass: 5768K(5824K)->5768K(5824K) Class: 533K(640K)->533K(640K)
[1.869s][info][gc             ] GC(60) Pause Young (Allocation Failure) 298M->298M(366M) 23.137ms
[1.869s][info][gc,cpu         ] GC(60) User=0.08s Sys=0.05s Real=0.02s
[1.880s][info][gc,start       ] GC(61) Pause Young (Allocation Failure)
[1.893s][info][gc,heap        ] GC(61) PSYoungGen: 22912K(49152K)->18560K(45568K) Eden: 9216K(9216K)->0K(10240K) From: 13696K(39936K)->18560K(35328K)
[1.893s][info][gc,heap        ] GC(61) ParOldGen: 291960K(325632K)->296408K(325632K)
[1.893s][info][gc,metaspace   ] GC(61) Metaspace: 6301K(6464K)->6301K(6464K) NonClass: 5768K(5824K)->5768K(5824K) Class: 533K(640K)->533K(640K)
[1.893s][info][gc             ] GC(61) Pause Young (Allocation Failure) 307M->307M(362M) 12.405ms
[1.893s][info][gc,cpu         ] GC(61) User=0.02s Sys=0.00s Real=0.01s
[1.904s][info][gc,start       ] GC(62) Pause Young (Allocation Failure)
[1.920s][info][gc,heap        ] GC(62) PSYoungGen: 28800K(45568K)->19552K(47616K) Eden: 10240K(10240K)->0K(10240K) From: 18560K(35328K)->19552K(37376K)
[1.920s][info][gc,heap        ] GC(62) ParOldGen: 296408K(325632K)->305760K(325632K)
[1.920s][info][gc,metaspace   ] GC(62) Metaspace: 6301K(6464K)->6301K(6464K) NonClass: 5768K(5824K)->5768K(5824K) Class: 533K(640K)->533K(640K)
[1.920s][info][gc             ] GC(62) Pause Young (Allocation Failure) 317M->317M(364M) 15.690ms
[1.920s][info][gc,cpu         ] GC(62) User=0.02s Sys=0.00s Real=0.02s
[1.932s][info][gc,start       ] GC(63) Pause Young (Allocation Failure)
[1.947s][info][gc,heap        ] GC(63) PSYoungGen: 29792K(47616K)->20608K(45568K) Eden: 10240K(10240K)->0K(11776K) From: 19552K(37376K)->20608K(33792K)
[1.947s][info][gc,heap        ] GC(63) ParOldGen: 305760K(325632K)->315120K(325632K)
[1.947s][info][gc,metaspace   ] GC(63) Metaspace: 6301K(6464K)->6301K(6464K) NonClass: 5768K(5824K)->5768K(5824K) Class: 533K(640K)->533K(640K)
[1.947s][info][gc             ] GC(63) Pause Young (Allocation Failure) 327M->327M(362M) 15.410ms
[1.947s][info][gc,cpu         ] GC(63) User=0.02s Sys=0.00s Real=0.02s
[1.947s][info][gc,start       ] GC(64) Pause Full (Ergonomics)
[1.947s][info][gc,phases,start] GC(64) Marking Phase
[2.016s][info][gc,phases      ] GC(64) Marking Phase 68.707ms
[2.016s][info][gc,phases,start] GC(64) Summary Phase
[2.016s][info][gc,phases      ] GC(64) Summary Phase 0.019ms
[2.016s][info][gc,phases,start] GC(64) Adjust Roots
[2.016s][info][gc,phases      ] GC(64) Adjust Roots 0.158ms
[2.016s][info][gc,phases,start] GC(64) Compaction Phase
[2.048s][info][gc,phases      ] GC(64) Compaction Phase 31.987ms
[2.048s][info][gc,phases,start] GC(64) Post Compact
[2.050s][info][gc,phases      ] GC(64) Post Compact 1.527ms
[2.050s][info][gc,heap        ] GC(64) PSYoungGen: 20608K(45568K)->9685K(46592K) Eden: 0K(11776K)->0K(12800K) From: 20608K(33792K)->9685K(33792K)
[2.050s][info][gc,heap        ] GC(64) ParOldGen: 315120K(325632K)->325283K(370688K)
[2.050s][info][gc,metaspace   ] GC(64) Metaspace: 6301K(6464K)->6301K(6464K) NonClass: 5768K(5824K)->5768K(5824K) Class: 533K(640K)->533K(640K)
[2.050s][info][gc             ] GC(64) Pause Full (Ergonomics) 327M->327M(407M) 102.917ms
[2.050s][info][gc,cpu         ] GC(64) User=0.66s Sys=0.00s Real=0.10s
[2.064s][info][gc,start       ] GC(65) Pause Young (Allocation Failure)
[2.089s][info][gc,heap        ] GC(65) PSYoungGen: 22485K(46592K)->16896K(47616K) Eden: 12800K(12800K)->0K(12800K) From: 9685K(33792K)->16896K(34816K)
[2.089s][info][gc,heap        ] GC(65) ParOldGen: 325283K(370688K)->331131K(370688K)
[2.089s][info][gc,metaspace   ] GC(65) Metaspace: 6301K(6464K)->6301K(6464K) NonClass: 5768K(5824K)->5768K(5824K) Class: 533K(640K)->533K(640K)
[2.089s][info][gc             ] GC(65) Pause Young (Allocation Failure) 339M->339M(408M) 24.839ms
[2.089s][info][gc,cpu         ] GC(65) User=0.12s Sys=0.00s Real=0.03s
[2.162s][info][gc,start       ] GC(66) Pause Young (Allocation Failure)
[2.184s][info][gc,heap        ] GC(66) PSYoungGen: 29696K(47616K)->29664K(46080K) Eden: 12800K(12800K)->0K(12288K) From: 16896K(34816K)->29664K(33792K)
[2.184s][info][gc,heap        ] GC(66) ParOldGen: 347515K(370688K)->347515K(370688K)
[2.184s][info][gc,metaspace   ] GC(66) Metaspace: 6301K(6464K)->6301K(6464K) NonClass: 5768K(5824K)->5768K(5824K) Class: 533K(640K)->533K(640K)
[2.184s][info][gc             ] GC(66) Pause Young (Allocation Failure) 368M->368M(407M) 21.600ms
[2.184s][info][gc,cpu         ] GC(66) User=0.12s Sys=0.00s Real=0.02s
[2.195s][info][gc,start       ] GC(67) Pause Young (Allocation Failure)
[2.215s][info][gc,heap        ] GC(67) PSYoungGen: 41952K(46080K)->35840K(48128K) Eden: 12288K(12288K)->0K(12288K) From: 29664K(33792K)->35840K(35840K)
[2.215s][info][gc,heap        ] GC(67) ParOldGen: 347515K(370688K)->353579K(370688K)
[2.215s][info][gc,metaspace   ] GC(67) Metaspace: 6301K(6464K)->6301K(6464K) NonClass: 5768K(5824K)->5768K(5824K) Class: 533K(640K)->533K(640K)
[2.215s][info][gc             ] GC(67) Pause Young (Allocation Failure) 380M->380M(409M) 19.592ms
[2.215s][info][gc,cpu         ] GC(67) User=0.12s Sys=0.00s Real=0.02s
[2.228s][info][gc,start       ] GC(68) Pause Young (Allocation Failure)
[2.250s][info][gc,heap        ] GC(68) PSYoungGen: 48128K(48128K)->33344K(54272K) Eden: 12288K(12288K)->0K(11776K) From: 35840K(35840K)->33344K(42496K)
[2.250s][info][gc,heap        ] GC(68) ParOldGen: 353579K(370688K)->368659K(370688K)
[2.250s][info][gc,metaspace   ] GC(68) Metaspace: 6301K(6464K)->6301K(6464K) NonClass: 5768K(5824K)->5768K(5824K) Class: 533K(640K)->533K(640K)
[2.250s][info][gc             ] GC(68) Pause Young (Allocation Failure) 392M->392M(415M) 22.783ms
[2.250s][info][gc,cpu         ] GC(68) User=0.11s Sys=0.02s Real=0.02s
[2.250s][info][gc,start       ] GC(69) Pause Full (Ergonomics)
[2.250s][info][gc,phases,start] GC(69) Marking Phase
[2.335s][info][gc,phases      ] GC(69) Marking Phase 84.032ms
[2.335s][info][gc,phases,start] GC(69) Summary Phase
[2.335s][info][gc,phases      ] GC(69) Summary Phase 0.019ms
[2.335s][info][gc,phases,start] GC(69) Adjust Roots
[2.335s][info][gc,phases      ] GC(69) Adjust Roots 0.151ms
[2.335s][info][gc,phases,start] GC(69) Compaction Phase
[2.405s][info][gc,phases      ] GC(69) Compaction Phase 70.098ms
[2.405s][info][gc,phases,start] GC(69) Post Compact
[2.407s][info][gc,phases      ] GC(69) Post Compact 2.063ms
[2.407s][info][gc,heap        ] GC(69) PSYoungGen: 33344K(54272K)->22964K(54272K) Eden: 0K(11776K)->0K(11776K) From: 33344K(42496K)->22964K(42496K)
[2.407s][info][gc,heap        ] GC(69) ParOldGen: 368659K(370688K)->370248K(419328K)
[2.407s][info][gc,metaspace   ] GC(69) Metaspace: 6301K(6464K)->6301K(6464K) NonClass: 5768K(5824K)->5768K(5824K) Class: 533K(640K)->533K(640K)
[2.407s][info][gc             ] GC(69) Pause Full (Ergonomics) 392M->383M(462M) 156.897ms
[2.407s][info][gc,cpu         ] GC(69) User=1.09s Sys=0.03s Real=0.16s
[2.420s][info][gc,start       ] GC(70) Pause Young (Allocation Failure)
[2.450s][info][gc,heap        ] GC(70) PSYoungGen: 34740K(54272K)->28832K(56320K) Eden: 11776K(11776K)->0K(11776K) From: 22964K(42496K)->28832K(44544K)
[2.450s][info][gc,heap        ] GC(70) ParOldGen: 370248K(419328K)->376440K(419328K)
[2.450s][info][gc,metaspace   ] GC(70) Metaspace: 6301K(6464K)->6301K(6464K) NonClass: 5768K(5824K)->5768K(5824K) Class: 533K(640K)->533K(640K)
[2.450s][info][gc             ] GC(70) Pause Young (Allocation Failure) 395M->395M(464M) 30.338ms
[2.450s][info][gc,cpu         ] GC(70) User=0.14s Sys=0.00s Real=0.03s
[2.462s][info][gc,start       ] GC(71) Pause Young (Allocation Failure)
[2.482s][info][gc,heap        ] GC(71) PSYoungGen: 40608K(56320K)->40608K(53248K) Eden: 11776K(11776K)->0K(9216K) From: 28832K(44544K)->40608K(44032K)
[2.482s][info][gc,heap        ] GC(71) ParOldGen: 376440K(419328K)->376440K(419328K)
[2.482s][info][gc,metaspace   ] GC(71) Metaspace: 6301K(6464K)->6301K(6464K) NonClass: 5768K(5824K)->5768K(5824K) Class: 533K(640K)->533K(640K)
[2.482s][info][gc             ] GC(71) Pause Young (Allocation Failure) 407M->407M(461M) 19.800ms
[2.482s][info][gc,cpu         ] GC(71) User=0.12s Sys=0.00s Real=0.02s
[2.491s][info][gc,start       ] GC(72) Pause Young (Allocation Failure)
[2.514s][info][gc,heap        ] GC(72) PSYoungGen: 49824K(53248K)->41568K(57344K) Eden: 9216K(9216K)->0K(9216K) From: 40608K(44032K)->41568K(48128K)
[2.514s][info][gc,heap        ] GC(72) ParOldGen: 376440K(419328K)->384808K(419328K)
[2.514s][info][gc,metaspace   ] GC(72) Metaspace: 6301K(6464K)->6301K(6464K) NonClass: 5768K(5824K)->5768K(5824K) Class: 533K(640K)->533K(640K)
[2.514s][info][gc             ] GC(72) Pause Young (Allocation Failure) 416M->416M(465M) 22.947ms
[2.514s][info][gc,cpu         ] GC(72) User=0.11s Sys=0.00s Real=0.02s
[2.524s][info][gc,start       ] GC(73) Pause Young (Allocation Failure)
[2.548s][info][gc,heap        ] GC(73) PSYoungGen: 50784K(57344K)->30304K(59904K) Eden: 9216K(9216K)->0K(10752K) From: 41568K(48128K)->30304K(49152K)
[2.548s][info][gc,heap        ] GC(73) ParOldGen: 384808K(419328K)->405496K(419328K)
[2.548s][info][gc,metaspace   ] GC(73) Metaspace: 6301K(6464K)->6301K(6464K) NonClass: 5768K(5824K)->5768K(5824K) Class: 533K(640K)->533K(640K)
[2.548s][info][gc             ] GC(73) Pause Young (Allocation Failure) 425M->425M(468M) 24.315ms
[2.548s][info][gc,cpu         ] GC(73) User=0.12s Sys=0.00s Real=0.03s
[2.548s][info][gc,start       ] GC(74) Pause Full (Ergonomics)
[2.548s][info][gc,phases,start] GC(74) Marking Phase
[2.642s][info][gc,phases      ] GC(74) Marking Phase 93.319ms
[2.642s][info][gc,phases,start] GC(74) Summary Phase
[2.642s][info][gc,phases      ] GC(74) Summary Phase 0.024ms
[2.642s][info][gc,phases,start] GC(74) Adjust Roots
[2.642s][info][gc,phases      ] GC(74) Adjust Roots 0.171ms
[2.642s][info][gc,phases,start] GC(74) Compaction Phase
[2.696s][info][gc,phases      ] GC(74) Compaction Phase 54.413ms
[2.696s][info][gc,phases,start] GC(74) Post Compact
[2.699s][info][gc,phases      ] GC(74) Post Compact 2.329ms
[2.699s][info][gc,heap        ] GC(74) PSYoungGen: 30304K(59904K)->15802K(61440K) Eden: 0K(10752K)->0K(12288K) From: 30304K(49152K)->15802K(49152K)
[2.699s][info][gc,heap        ] GC(74) ParOldGen: 405496K(419328K)->419263K(474624K)
[2.699s][info][gc,metaspace   ] GC(74) Metaspace: 6301K(6464K)->6301K(6464K) NonClass: 5768K(5824K)->5768K(5824K) Class: 533K(640K)->533K(640K)
[2.699s][info][gc             ] GC(74) Pause Full (Ergonomics) 425M->424M(523M) 150.821ms
[2.699s][info][gc,cpu         ] GC(74) User=0.88s Sys=0.02s Real=0.15s
[2.712s][info][gc,start       ] GC(75) Pause Young (Allocation Failure)
[2.744s][info][gc,heap        ] GC(75) PSYoungGen: 28090K(61440K)->16448K(62976K) Eden: 12288K(12288K)->0K(12288K) From: 15802K(49152K)->16448K(50688K)
[2.745s][info][gc,heap        ] GC(75) ParOldGen: 419263K(474624K)->431223K(474624K)
[2.745s][info][gc,metaspace   ] GC(75) Metaspace: 6301K(6464K)->6301K(6464K) NonClass: 5768K(5824K)->5768K(5824K) Class: 533K(640K)->533K(640K)
[2.745s][info][gc             ] GC(75) Pause Young (Allocation Failure) 436M->437M(525M) 32.225ms
[2.745s][info][gc,cpu         ] GC(75) User=0.09s Sys=0.00s Real=0.03s
[2.758s][info][gc,start       ] GC(76) Pause Young (Allocation Failure)
[2.773s][info][gc,heap        ] GC(76) PSYoungGen: 28736K(62976K)->24672K(59904K) Eden: 12288K(12288K)->0K(13824K) From: 16448K(50688K)->24672K(46080K)
[2.773s][info][gc,heap        ] GC(76) ParOldGen: 431223K(474624K)->435343K(474624K)
[2.773s][info][gc,metaspace   ] GC(76) Metaspace: 6301K(6464K)->6301K(6464K) NonClass: 5768K(5824K)->5768K(5824K) Class: 533K(640K)->533K(640K)
[2.773s][info][gc             ] GC(76) Pause Young (Allocation Failure) 449M->449M(522M) 15.741ms
[2.773s][info][gc,cpu         ] GC(76) User=0.02s Sys=0.00s Real=0.02s
[2.788s][info][gc,start       ] GC(77) Pause Young (Allocation Failure)
[2.811s][info][gc,heap        ] GC(77) PSYoungGen: 38496K(59904K)->26208K(61952K) Eden: 13824K(13824K)->0K(13824K) From: 24672K(46080K)->26208K(48128K)
[2.811s][info][gc,heap        ] GC(77) ParOldGen: 435343K(474624K)->447807K(474624K)
[2.811s][info][gc,metaspace   ] GC(77) Metaspace: 6301K(6464K)->6301K(6464K) NonClass: 5768K(5824K)->5768K(5824K) Class: 533K(640K)->533K(640K)
[2.811s][info][gc             ] GC(77) Pause Young (Allocation Failure) 462M->462M(524M) 23.314ms
[2.811s][info][gc,cpu         ] GC(77) User=0.00s Sys=0.00s Real=0.02s
[2.826s][info][gc,start       ] GC(78) Pause Young (Allocation Failure)
[2.848s][info][gc,heap        ] GC(78) PSYoungGen: 40032K(61952K)->27776K(58880K) Eden: 13824K(13824K)->0K(15872K) From: 26208K(48128K)->27776K(43008K)
[2.848s][info][gc,heap        ] GC(78) ParOldGen: 447807K(474624K)->460271K(474624K)
[2.848s][info][gc,metaspace   ] GC(78) Metaspace: 6301K(6464K)->6301K(6464K) NonClass: 5768K(5824K)->5768K(5824K) Class: 533K(640K)->533K(640K)
[2.848s][info][gc             ] GC(78) Pause Young (Allocation Failure) 476M->476M(521M) 21.599ms
[2.848s][info][gc,cpu         ] GC(78) User=0.09s Sys=0.02s Real=0.02s
[2.848s][info][gc,start       ] GC(79) Pause Full (Ergonomics)
[2.848s][info][gc,phases,start] GC(79) Marking Phase
[2.962s][info][gc,phases      ] GC(79) Marking Phase 114.084ms
[2.962s][info][gc,phases,start] GC(79) Summary Phase
[2.962s][info][gc,phases      ] GC(79) Summary Phase 0.027ms
[2.962s][info][gc,phases,start] GC(79) Adjust Roots
[2.962s][info][gc,phases      ] GC(79) Adjust Roots 0.147ms
[2.962s][info][gc,phases,start] GC(79) Compaction Phase
[3.015s][info][gc,phases      ] GC(79) Compaction Phase 52.152ms
[3.015s][info][gc,phases,start] GC(79) Post Compact
[3.017s][info][gc,phases      ] GC(79) Post Compact 2.498ms
[3.018s][info][gc,heap        ] GC(79) PSYoungGen: 27776K(58880K)->12767K(60416K) Eden: 0K(15872K)->0K(17408K) From: 27776K(43008K)->12767K(43008K)
[3.018s][info][gc,heap        ] GC(79) ParOldGen: 460271K(474624K)->474397K(534016K)
[3.018s][info][gc,metaspace   ] GC(79) Metaspace: 6301K(6464K)->6301K(6464K) NonClass: 5768K(5824K)->5768K(5824K) Class: 533K(640K)->533K(640K)
[3.018s][info][gc             ] GC(79) Pause Full (Ergonomics) 476M->475M(580M) 169.480ms
[3.018s][info][gc,cpu         ] GC(79) User=1.08s Sys=0.00s Real=0.17s
[3.037s][info][gc,start       ] GC(80) Pause Young (Allocation Failure)
[3.079s][info][gc,heap        ] GC(80) PSYoungGen: 30175K(60416K)->17568K(61952K) Eden: 17408K(17408K)->0K(17408K) From: 12767K(43008K)->17568K(44544K)
[3.079s][info][gc,heap        ] GC(80) ParOldGen: 474397K(534016K)->487365K(534016K)
[3.079s][info][gc,metaspace   ] GC(80) Metaspace: 6301K(6464K)->6301K(6464K) NonClass: 5768K(5824K)->5768K(5824K) Class: 533K(640K)->533K(640K)
[3.079s][info][gc             ] GC(80) Pause Young (Allocation Failure) 492M->493M(582M) 42.801ms
[3.079s][info][gc,cpu         ] GC(80) User=0.12s Sys=0.00s Real=0.04s
[3.100s][info][gc,start       ] GC(81) Pause Young (Allocation Failure)
[3.119s][info][gc,heap        ] GC(81) PSYoungGen: 34976K(61952K)->34976K(62464K) Eden: 17408K(17408K)->0K(17920K) From: 17568K(44544K)->34976K(44544K)
[3.119s][info][gc,heap        ] GC(81) ParOldGen: 487365K(534016K)->487365K(534016K)
[3.119s][info][gc,metaspace   ] GC(81) Metaspace: 6301K(6464K)->6301K(6464K) NonClass: 5768K(5824K)->5768K(5824K) Class: 533K(640K)->533K(640K)
[3.119s][info][gc             ] GC(81) Pause Young (Allocation Failure) 510M->510M(582M) 19.377ms
[3.119s][info][gc,cpu         ] GC(81) User=0.09s Sys=0.00s Real=0.02s
[3.138s][info][gc,start       ] GC(82) Pause Young (Allocation Failure)
[3.166s][info][gc,heap        ] GC(82) PSYoungGen: 52896K(62464K)->35488K(64000K) Eden: 17920K(17920K)->0K(17920K) From: 34976K(44544K)->35488K(46080K)
[3.166s][info][gc,heap        ] GC(82) ParOldGen: 487365K(534016K)->505029K(534016K)
[3.166s][info][gc,metaspace   ] GC(82) Metaspace: 6301K(6464K)->6301K(6464K) NonClass: 5768K(5824K)->5768K(5824K) Class: 533K(640K)->533K(640K)
[3.166s][info][gc             ] GC(82) Pause Young (Allocation Failure) 527M->527M(584M) 28.336ms
[3.166s][info][gc,cpu         ] GC(82) User=0.14s Sys=0.00s Real=0.03s
[3.186s][info][gc,start       ] GC(83) Pause Young (Allocation Failure)
[3.214s][info][gc,heap        ] GC(83) PSYoungGen: 53408K(64000K)->36032K(66560K) Eden: 17920K(17920K)->0K(18944K) From: 35488K(46080K)->36032K(47616K)
[3.214s][info][gc,heap        ] GC(83) ParOldGen: 505029K(534016K)->522693K(534016K)
[3.214s][info][gc,metaspace   ] GC(83) Metaspace: 6301K(6464K)->6301K(6464K) NonClass: 5768K(5824K)->5768K(5824K) Class: 533K(640K)->533K(640K)
[3.214s][info][gc             ] GC(83) Pause Young (Allocation Failure) 545M->545M(586M) 28.369ms
[3.214s][info][gc,cpu         ] GC(83) User=0.14s Sys=0.00s Real=0.03s
[3.214s][info][gc,start       ] GC(84) Pause Full (Ergonomics)
[3.214s][info][gc,phases,start] GC(84) Marking Phase
[3.331s][info][gc,phases      ] GC(84) Marking Phase 116.729ms
[3.331s][info][gc,phases,start] GC(84) Summary Phase
[3.331s][info][gc,phases      ] GC(84) Summary Phase 0.029ms
[3.331s][info][gc,phases,start] GC(84) Adjust Roots
[3.331s][info][gc,phases      ] GC(84) Adjust Roots 0.149ms
[3.331s][info][gc,phases,start] GC(84) Compaction Phase
[3.390s][info][gc,phases      ] GC(84) Compaction Phase 58.566ms
[3.390s][info][gc,phases,start] GC(84) Post Compact
[3.391s][info][gc,phases      ] GC(84) Post Compact 1.054ms
[3.391s][info][gc,heap        ] GC(84) PSYoungGen: 36032K(66560K)->24022K(66560K) Eden: 0K(18944K)->0K(18944K) From: 36032K(47616K)->24022K(47616K)
[3.391s][info][gc,heap        ] GC(84) ParOldGen: 522693K(534016K)->533673K(601600K)
[3.391s][info][gc,metaspace   ] GC(84) Metaspace: 6301K(6464K)->6301K(6464K) NonClass: 5768K(5824K)->5768K(5824K) Class: 533K(640K)->533K(640K)
[3.391s][info][gc             ] GC(84) Pause Full (Ergonomics) 545M->544M(652M) 177.125ms
[3.391s][info][gc,cpu         ] GC(84) User=1.14s Sys=0.02s Real=0.18s
[3.413s][info][gc,start       ] GC(85) Pause Young (Allocation Failure)
[3.457s][info][gc,heap        ] GC(85) PSYoungGen: 42966K(66560K)->31008K(67584K) Eden: 18944K(18944K)->0K(18944K) From: 24022K(47616K)->31008K(48640K)
[3.457s][info][gc,heap        ] GC(85) ParOldGen: 533673K(601600K)->545969K(601600K)
[3.457s][info][gc,metaspace   ] GC(85) Metaspace: 6301K(6464K)->6301K(6464K) NonClass: 5768K(5824K)->5768K(5824K) Class: 533K(640K)->533K(640K)
[3.457s][info][gc             ] GC(85) Pause Young (Allocation Failure) 563M->563M(653M) 43.974ms
[3.457s][info][gc,cpu         ] GC(85) User=0.25s Sys=0.00s Real=0.04s
[3.479s][info][gc,start       ] GC(86) Pause Young (Allocation Failure)
[3.505s][info][gc,heap        ] GC(86) PSYoungGen: 49952K(67584K)->47616K(62464K) Eden: 18944K(18944K)->0K(14848K) From: 31008K(48640K)->47616K(47616K)
[3.505s][info][gc,heap        ] GC(86) ParOldGen: 545969K(601600K)->548265K(601600K)
[3.505s][info][gc,metaspace   ] GC(86) Metaspace: 6301K(6464K)->6301K(6464K) NonClass: 5768K(5824K)->5768K(5824K) Class: 533K(640K)->533K(640K)
[3.505s][info][gc             ] GC(86) Pause Young (Allocation Failure) 581M->581M(648M) 26.511ms
[3.505s][info][gc,cpu         ] GC(86) User=0.14s Sys=0.00s Real=0.03s
[3.522s][info][gc,start       ] GC(87) Pause Young (Allocation Failure)
[3.558s][info][gc,heap        ] GC(87) PSYoungGen: 62464K(62464K)->33152K(68608K) Eden: 14848K(14848K)->0K(14848K) From: 47616K(47616K)->33152K(53760K)
[3.558s][info][gc,heap        ] GC(87) ParOldGen: 548265K(601600K)->578145K(601600K)
[3.558s][info][gc,metaspace   ] GC(87) Metaspace: 6301K(6464K)->6301K(6464K) NonClass: 5768K(5824K)->5768K(5824K) Class: 533K(640K)->533K(640K)
[3.558s][info][gc             ] GC(87) Pause Young (Allocation Failure) 596M->596M(654M) 35.587ms
[3.558s][info][gc,cpu         ] GC(87) User=0.16s Sys=0.03s Real=0.03s
[3.558s][info][gc,start       ] GC(88) Pause Full (Ergonomics)
[3.558s][info][gc,phases,start] GC(88) Marking Phase
[3.714s][info][gc,phases      ] GC(88) Marking Phase 155.596ms
[3.714s][info][gc,phases,start] GC(88) Summary Phase
[3.714s][info][gc,phases      ] GC(88) Summary Phase 0.041ms
[3.714s][info][gc,phases,start] GC(88) Adjust Roots
[3.714s][info][gc,phases      ] GC(88) Adjust Roots 0.286ms
[3.714s][info][gc,phases,start] GC(88) Compaction Phase
[3.786s][info][gc,phases      ] GC(88) Compaction Phase 71.614ms
[3.786s][info][gc,phases,start] GC(88) Post Compact
[3.787s][info][gc,phases      ] GC(88) Post Compact 1.135ms
[3.788s][info][gc,heap        ] GC(88) PSYoungGen: 33152K(68608K)->8880K(68608K) Eden: 0K(14848K)->0K(14848K) From: 33152K(53760K)->8880K(53760K)
[3.788s][info][gc,heap        ] GC(88) ParOldGen: 578145K(601600K)->601458K(679424K)
[3.788s][info][gc,metaspace   ] GC(88) Metaspace: 6301K(6464K)->6301K(6464K) NonClass: 5768K(5824K)->5768K(5824K) Class: 533K(640K)->533K(640K)
[3.788s][info][gc             ] GC(88) Pause Full (Ergonomics) 596M->596M(730M) 229.463ms
[3.788s][info][gc,cpu         ] GC(88) User=1.30s Sys=0.00s Real=0.23s
[3.807s][info][gc,start       ] GC(89) Pause Young (Allocation Failure)
[3.853s][info][gc,heap        ] GC(89) PSYoungGen: 23728K(68608K)->18464K(68096K) Eden: 14848K(14848K)->0K(16384K) From: 8880K(53760K)->18464K(51712K)
[3.853s][info][gc,heap        ] GC(89) ParOldGen: 601458K(679424K)->606930K(679424K)
[3.853s][info][gc,metaspace   ] GC(89) Metaspace: 6301K(6464K)->6301K(6464K) NonClass: 5768K(5824K)->5768K(5824K) Class: 533K(640K)->533K(640K)
[3.853s][info][gc             ] GC(89) Pause Young (Allocation Failure) 610M->610M(730M) 45.285ms
[3.853s][info][gc,cpu         ] GC(89) User=0.16s Sys=0.03s Real=0.05s
[3.873s][info][gc,start       ] GC(90) Pause Young (Allocation Failure)
[3.895s][info][gc,heap        ] GC(90) PSYoungGen: 34848K(68096K)->34880K(68608K) Eden: 16384K(16384K)->0K(16384K) From: 18464K(51712K)->34880K(52224K)
[3.895s][info][gc,heap        ] GC(90) ParOldGen: 606930K(679424K)->606930K(679424K)
[3.895s][info][gc,metaspace   ] GC(90) Metaspace: 6301K(6464K)->6301K(6464K) NonClass: 5768K(5824K)->5768K(5824K) Class: 533K(640K)->533K(640K)
[3.895s][info][gc             ] GC(90) Pause Young (Allocation Failure) 626M->626M(730M) 21.952ms
[3.895s][info][gc,cpu         ] GC(90) User=0.09s Sys=0.00s Real=0.02s
[3.915s][info][gc,start       ] GC(91) Pause Young (Allocation Failure)
[3.944s][info][gc,heap        ] GC(91) PSYoungGen: 51264K(68608K)->51296K(65024K) Eden: 16384K(16384K)->0K(12800K) From: 34880K(52224K)->51296K(52224K)
[3.944s][info][gc,heap        ] GC(91) ParOldGen: 606930K(679424K)->606930K(679424K)
[3.944s][info][gc,metaspace   ] GC(91) Metaspace: 6301K(6464K)->6301K(6464K) NonClass: 5768K(5824K)->5768K(5824K) Class: 533K(640K)->533K(640K)
[3.944s][info][gc             ] GC(91) Pause Young (Allocation Failure) 642M->642M(727M) 29.675ms
[3.944s][info][gc,cpu         ] GC(91) User=0.11s Sys=0.00s Real=0.03s
[3.960s][info][gc,start       ] GC(92) Pause Young (Allocation Failure)
[3.995s][info][gc,heap        ] GC(92) PSYoungGen: 64096K(65024K)->57856K(70656K) Eden: 12800K(12800K)->0K(12800K) From: 51296K(52224K)->57856K(57856K)
[3.995s][info][gc,heap        ] GC(92) ParOldGen: 606930K(679424K)->613106K(679424K)
[3.995s][info][gc,metaspace   ] GC(92) Metaspace: 6301K(6464K)->6301K(6464K) NonClass: 5768K(5824K)->5768K(5824K) Class: 533K(640K)->533K(640K)
[3.995s][info][gc             ] GC(92) Pause Young (Allocation Failure) 655M->655M(732M) 34.530ms
[3.995s][info][gc,cpu         ] GC(92) User=0.12s Sys=0.00s Real=0.03s
[4.011s][info][gc,start       ] GC(93) Pause Young (Allocation Failure)
[4.049s][info][gc,heap        ] GC(93) PSYoungGen: 70656K(70656K)->41024K(78336K) Eden: 12800K(12800K)->0K(14336K) From: 57856K(57856K)->41024K(64000K)
[4.049s][info][gc,heap        ] GC(93) ParOldGen: 613106K(679424K)->643242K(679424K)
[4.049s][info][gc,metaspace   ] GC(93) Metaspace: 6301K(6464K)->6301K(6464K) NonClass: 5768K(5824K)->5768K(5824K) Class: 533K(640K)->533K(640K)
[4.049s][info][gc             ] GC(93) Pause Young (Allocation Failure) 667M->668M(740M) 37.588ms
[4.049s][info][gc,cpu         ] GC(93) User=0.22s Sys=0.00s Real=0.04s
[4.068s][info][gc,start       ] GC(94) Pause Young (Allocation Failure)
[4.099s][info][gc,heap        ] GC(94) PSYoungGen: 55360K(78336K)->27264K(79872K) Eden: 14336K(14336K)->0K(14336K) From: 41024K(64000K)->27264K(65536K)
[4.099s][info][gc,heap        ] GC(94) ParOldGen: 643242K(679424K)->671754K(679424K)
[4.099s][info][gc,metaspace   ] GC(94) Metaspace: 6301K(6464K)->6301K(6464K) NonClass: 5768K(5824K)->5768K(5824K) Class: 533K(640K)->533K(640K)
[4.099s][info][gc             ] GC(94) Pause Young (Allocation Failure) 682M->682M(741M) 30.373ms
[4.099s][info][gc,cpu         ] GC(94) User=0.12s Sys=0.00s Real=0.03s
[4.099s][info][gc,start       ] GC(95) Pause Full (Ergonomics)
[4.099s][info][gc,phases,start] GC(95) Marking Phase
[4.256s][info][gc,phases      ] GC(95) Marking Phase 156.774ms
[4.256s][info][gc,phases,start] GC(95) Summary Phase
[4.256s][info][gc,phases      ] GC(95) Summary Phase 0.028ms
[4.256s][info][gc,phases,start] GC(95) Adjust Roots
[4.256s][info][gc,phases      ] GC(95) Adjust Roots 0.163ms
[4.256s][info][gc,phases,start] GC(95) Compaction Phase
[4.319s][info][gc,phases      ] GC(95) Compaction Phase 63.038ms
[4.319s][info][gc,phases,start] GC(95) Post Compact
[4.320s][info][gc,phases      ] GC(95) Post Compact 1.153ms
[4.321s][info][gc,heap        ] GC(95) PSYoungGen: 27264K(79872K)->18390K(79872K) Eden: 0K(14336K)->0K(14336K) From: 27264K(65536K)->18390K(65536K)
[4.321s][info][gc,heap        ] GC(95) ParOldGen: 671754K(679424K)->679319K(769024K)
[4.321s][info][gc,metaspace   ] GC(95) Metaspace: 6301K(6464K)->6301K(6464K) NonClass: 5768K(5824K)->5768K(5824K) Class: 533K(640K)->533K(640K)
[4.321s][info][gc             ] GC(95) Pause Full (Ergonomics) 682M->681M(829M) 221.938ms
[4.321s][info][gc,cpu         ] GC(95) User=1.39s Sys=0.00s Real=0.22s
[4.462s][info][gc,start       ] GC(96) Pause Young (Allocation Failure)
[4.506s][info][gc,heap        ] GC(96) PSYoungGen: 32726K(79872K)->14464K(80384K) Eden: 14336K(14336K)->0K(15872K) From: 18390K(65536K)->14464K(64512K)
[4.506s][info][gc,heap        ] GC(96) ParOldGen: 712087K(769024K)->730767K(769024K)
[4.506s][info][gc,metaspace   ] GC(96) Metaspace: 6301K(6464K)->6301K(6464K) NonClass: 5768K(5824K)->5768K(5824K) Class: 533K(640K)->533K(640K)
[4.507s][info][gc             ] GC(96) Pause Young (Allocation Failure) 727M->727M(829M) 44.652ms
[4.507s][info][gc,cpu         ] GC(96) User=0.27s Sys=0.00s Real=0.04s
[4.524s][info][gc,start       ] GC(97) Pause Young (Allocation Failure)
[4.543s][info][gc,heap        ] GC(97) PSYoungGen: 30336K(80384K)->16000K(80896K) Eden: 15872K(15872K)->0K(15872K) From: 14464K(64512K)->16000K(65024K)
[4.543s][info][gc,heap        ] GC(97) ParOldGen: 730767K(769024K)->745303K(769024K)
[4.543s][info][gc,metaspace   ] GC(97) Metaspace: 6301K(6464K)->6301K(6464K) NonClass: 5768K(5824K)->5768K(5824K) Class: 533K(640K)->533K(640K)
[4.543s][info][gc             ] GC(97) Pause Young (Allocation Failure) 743M->743M(830M) 19.120ms
[4.543s][info][gc,cpu         ] GC(97) User=0.03s Sys=0.00s Real=0.02s
[4.543s][info][gc,start       ] GC(98) Pause Full (Ergonomics)
[4.543s][info][gc,phases,start] GC(98) Marking Phase
[4.709s][info][gc,phases      ] GC(98) Marking Phase 166.332ms
[4.709s][info][gc,phases,start] GC(98) Summary Phase
[4.709s][info][gc,phases      ] GC(98) Summary Phase 0.031ms
[4.709s][info][gc,phases,start] GC(98) Adjust Roots
[4.710s][info][gc,phases      ] GC(98) Adjust Roots 0.155ms
[4.710s][info][gc,phases,start] GC(98) Compaction Phase
[4.829s][info][gc,phases      ] GC(98) Compaction Phase 119.057ms
[4.829s][info][gc,phases,start] GC(98) Post Compact
[4.830s][info][gc,phases      ] GC(98) Post Compact 1.518ms
[4.830s][info][gc,heap        ] GC(98) PSYoungGen: 16000K(80896K)->0K(82432K) Eden: 0K(15872K)->0K(17920K) From: 16000K(65024K)->0K(64512K)
[4.830s][info][gc,heap        ] GC(98) ParOldGen: 745303K(769024K)->744239K(837632K)
[4.831s][info][gc,metaspace   ] GC(98) Metaspace: 6301K(6464K)->6301K(6464K) NonClass: 5768K(5824K)->5768K(5824K) Class: 533K(640K)->533K(640K)
[4.831s][info][gc             ] GC(98) Pause Full (Ergonomics) 743M->726M(898M) 287.633ms
[4.831s][info][gc,cpu         ] GC(98) User=1.91s Sys=0.00s Real=0.29s
[4.852s][info][gc,start       ] GC(99) Pause Young (Allocation Failure)
[4.866s][info][gc,heap        ] GC(99) PSYoungGen: 17920K(82432K)->18048K(82432K) Eden: 17920K(17920K)->0K(17920K) From: 0K(64512K)->18048K(64512K)
[4.866s][info][gc,heap        ] GC(99) ParOldGen: 744239K(837632K)->744239K(837632K)
[4.866s][info][gc,metaspace   ] GC(99) Metaspace: 6301K(6464K)->6301K(6464K) NonClass: 5768K(5824K)->5768K(5824K) Class: 533K(640K)->533K(640K)
[4.866s][info][gc             ] GC(99) Pause Young (Allocation Failure) 744M->744M(898M) 14.073ms
[4.866s][info][gc,cpu         ] GC(99) User=0.02s Sys=0.00s Real=0.01s
[4.885s][info][gc,start       ] GC(100) Pause Young (Allocation Failure)
[4.905s][info][gc,heap        ] GC(100) PSYoungGen: 35968K(82432K)->35968K(81920K) Eden: 17920K(17920K)->0K(19968K) From: 18048K(64512K)->35968K(61952K)
[4.905s][info][gc,heap        ] GC(100) ParOldGen: 744239K(837632K)->744239K(837632K)
[4.906s][info][gc,metaspace   ] GC(100) Metaspace: 6301K(6464K)->6301K(6464K) NonClass: 5768K(5824K)->5768K(5824K) Class: 533K(640K)->533K(640K)
[4.906s][info][gc             ] GC(100) Pause Young (Allocation Failure) 761M->761M(898M) 20.604ms
[4.906s][info][gc,cpu         ] GC(100) User=0.03s Sys=0.00s Real=0.02s
[4.926s][info][gc,start       ] GC(101) Pause Young (Allocation Failure)
[4.953s][info][gc,heap        ] GC(101) PSYoungGen: 55936K(81920K)->55968K(82432K) Eden: 19968K(19968K)->0K(19968K) From: 35968K(61952K)->55968K(62464K)
[4.953s][info][gc,heap        ] GC(101) ParOldGen: 744239K(837632K)->744239K(837632K)
[4.953s][info][gc,metaspace   ] GC(101) Metaspace: 6301K(6464K)->6301K(6464K) NonClass: 5768K(5824K)->5768K(5824K) Class: 533K(640K)->533K(640K)
[4.953s][info][gc             ] GC(101) Pause Young (Allocation Failure) 781M->781M(898M) 26.995ms
[4.953s][info][gc,cpu         ] GC(101) User=0.12s Sys=0.00s Real=0.03s
[4.972s][info][gc,start       ] GC(102) Pause Young (Allocation Failure)
[5.008s][info][gc,heap        ] GC(102) PSYoungGen: 75936K(82432K)->68608K(78336K) Eden: 19968K(19968K)->0K(9728K) From: 55968K(62464K)->68608K(68608K)
[5.008s][info][gc,heap        ] GC(102) ParOldGen: 744239K(837632K)->751567K(837632K)
[5.009s][info][gc,metaspace   ] GC(102) Metaspace: 6301K(6464K)->6301K(6464K) NonClass: 5768K(5824K)->5768K(5824K) Class: 533K(640K)->533K(640K)
[5.009s][info][gc             ] GC(102) Pause Young (Allocation Failure) 800M->800M(894M) 36.241ms
[5.009s][info][gc,cpu         ] GC(102) User=0.20s Sys=0.05s Real=0.04s
[5.018s][info][gc,start       ] GC(103) Pause Young (Allocation Failure)
[5.054s][info][gc,heap        ] GC(103) PSYoungGen: 78336K(78336K)->45312K(90624K) Eden: 9728K(9728K)->0K(9728K) From: 68608K(68608K)->45312K(80896K)
[5.054s][info][gc,heap        ] GC(103) ParOldGen: 751567K(837632K)->785119K(837632K)
[5.054s][info][gc,metaspace   ] GC(103) Metaspace: 6301K(6464K)->6301K(6464K) NonClass: 5768K(5824K)->5768K(5824K) Class: 533K(640K)->533K(640K)
[5.054s][info][gc             ] GC(103) Pause Young (Allocation Failure) 810M->810M(906M) 36.301ms
[5.054s][info][gc,cpu         ] GC(103) User=0.25s Sys=0.00s Real=0.04s
[5.065s][info][gc,start       ] GC(104) Pause Young (Allocation Failure)
[5.092s][info][gc,heap        ] GC(104) PSYoungGen: 55040K(90624K)->19584K(89600K) Eden: 9728K(9728K)->0K(11264K) From: 45312K(80896K)->19584K(78336K)
[5.093s][info][gc,heap        ] GC(104) ParOldGen: 785119K(837632K)->821039K(837632K)
[5.093s][info][gc,metaspace   ] GC(104) Metaspace: 6301K(6464K)->6301K(6464K) NonClass: 5768K(5824K)->5768K(5824K) Class: 533K(640K)->533K(640K)
[5.093s][info][gc             ] GC(104) Pause Young (Allocation Failure) 820M->820M(905M) 27.074ms
[5.093s][info][gc,cpu         ] GC(104) User=0.12s Sys=0.00s Real=0.03s
[5.093s][info][gc,start       ] GC(105) Pause Full (Ergonomics)
[5.093s][info][gc,phases,start] GC(105) Marking Phase
[5.281s][info][gc,phases      ] GC(105) Marking Phase 188.831ms
[5.282s][info][gc,phases,start] GC(105) Summary Phase
[5.282s][info][gc,phases      ] GC(105) Summary Phase 0.024ms
[5.282s][info][gc,phases,start] GC(105) Adjust Roots
[5.282s][info][gc,phases      ] GC(105) Adjust Roots 0.159ms
[5.282s][info][gc,phases,start] GC(105) Compaction Phase
[5.369s][info][gc,phases      ] GC(105) Compaction Phase 87.538ms
[5.369s][info][gc,phases,start] GC(105) Post Compact
[5.371s][info][gc,phases      ] GC(105) Post Compact 1.458ms
[5.371s][info][gc,heap        ] GC(105) PSYoungGen: 19584K(89600K)->2026K(90112K) Eden: 0K(11264K)->0K(11776K) From: 19584K(78336K)->2026K(78336K)
[5.371s][info][gc,heap        ] GC(105) ParOldGen: 821039K(837632K)->837265K(945152K)
[5.371s][info][gc,metaspace   ] GC(105) Metaspace: 6301K(6464K)->6301K(6464K) NonClass: 5768K(5824K)->5768K(5824K) Class: 533K(640K)->533K(640K)
[5.371s][info][gc             ] GC(105) Pause Full (Ergonomics) 820M->819M(1011M) 278.692ms
[5.371s][info][gc,cpu         ] GC(105) User=2.05s Sys=0.00s Real=0.28s
[5.386s][info][gc,start       ] GC(106) Pause Young (Allocation Failure)
[5.430s][info][gc,heap        ] GC(106) PSYoungGen: 13802K(90112K)->11904K(90624K) Eden: 11776K(11776K)->0K(11776K) From: 2026K(78336K)->11904K(78848K)
[5.430s][info][gc,heap        ] GC(106) ParOldGen: 837265K(945152K)->839361K(945152K)
[5.430s][info][gc,metaspace   ] GC(106) Metaspace: 6301K(6464K)->6301K(6464K) NonClass: 5768K(5824K)->5768K(5824K) Class: 533K(640K)->533K(640K)
[5.430s][info][gc             ] GC(106) Pause Young (Allocation Failure) 831M->831M(1011M) 43.529ms
[5.430s][info][gc,cpu         ] GC(106) User=0.27s Sys=0.00s Real=0.04s
[5.443s][info][gc,start       ] GC(107) Pause Young (Allocation Failure)
[5.459s][info][gc,heap        ] GC(107) PSYoungGen: 23680K(90624K)->11872K(90112K) Eden: 11776K(11776K)->0K(13312K) From: 11904K(78848K)->11872K(76800K)
[5.459s][info][gc,heap        ] GC(107) ParOldGen: 839361K(945152K)->851305K(945152K)
[5.459s][info][gc,metaspace   ] GC(107) Metaspace: 6301K(6464K)->6301K(6464K) NonClass: 5768K(5824K)->5768K(5824K) Class: 533K(640K)->533K(640K)
[5.459s][info][gc             ] GC(107) Pause Young (Allocation Failure) 842M->842M(1011M) 16.583ms
[5.459s][info][gc,cpu         ] GC(107) User=0.02s Sys=0.00s Real=0.02s
[5.473s][info][gc,start       ] GC(108) Pause Young (Allocation Failure)
[5.490s][info][gc,heap        ] GC(108) PSYoungGen: 25184K(90112K)->13440K(91136K) Eden: 13312K(13312K)->0K(13312K) From: 11872K(76800K)->13440K(77824K)
[5.490s][info][gc,heap        ] GC(108) ParOldGen: 851305K(945152K)->863257K(945152K)
[5.490s][info][gc,metaspace   ] GC(108) Metaspace: 6301K(6464K)->6301K(6464K) NonClass: 5768K(5824K)->5768K(5824K) Class: 533K(640K)->533K(640K)
[5.490s][info][gc             ] GC(108) Pause Young (Allocation Failure) 855M->856M(1012M) 16.637ms
[5.490s][info][gc,cpu         ] GC(108) User=0.03s Sys=0.00s Real=0.02s
[5.506s][info][gc,start       ] GC(109) Pause Young (Allocation Failure)
[5.525s][info][gc,heap        ] GC(109) PSYoungGen: 26752K(91136K)->13440K(88576K) Eden: 13312K(13312K)->0K(15360K) From: 13440K(77824K)->13440K(73216K)
[5.525s][info][gc,heap        ] GC(109) ParOldGen: 863257K(945152K)->876761K(945152K)
[5.525s][info][gc,metaspace   ] GC(109) Metaspace: 6301K(6464K)->6301K(6464K) NonClass: 5768K(5824K)->5768K(5824K) Class: 533K(640K)->533K(640K)
[5.525s][info][gc             ] GC(109) Pause Young (Allocation Failure) 869M->869M(1009M) 19.020ms
[5.525s][info][gc,cpu         ] GC(109) User=0.03s Sys=0.00s Real=0.02s
[5.542s][info][gc,start       ] GC(110) Pause Young (Allocation Failure)
[5.560s][info][gc,heap        ] GC(110) PSYoungGen: 28800K(88576K)->15520K(31232K) Eden: 15360K(15360K)->0K(15360K) From: 13440K(73216K)->15520K(15872K)
[5.560s][info][gc,heap        ] GC(110) ParOldGen: 876761K(945152K)->890257K(945152K)
[5.560s][info][gc,metaspace   ] GC(110) Metaspace: 6301K(6464K)->6301K(6464K) NonClass: 5768K(5824K)->5768K(5824K) Class: 533K(640K)->533K(640K)
[5.560s][info][gc             ] GC(110) Pause Young (Allocation Failure) 884M->884M(953M) 18.279ms
[5.560s][info][gc,cpu         ] GC(110) User=0.03s Sys=0.00s Real=0.02s
[5.577s][info][gc,start       ] GC(111) Pause Young (Allocation Failure)
[5.596s][info][gc,heap        ] GC(111) PSYoungGen: 30880K(31232K)->15456K(84480K) Eden: 15360K(15360K)->0K(17408K) From: 15520K(15872K)->15456K(67072K)
[5.596s][info][gc,heap        ] GC(111) ParOldGen: 890257K(945152K)->905825K(945152K)
[5.596s][info][gc,metaspace   ] GC(111) Metaspace: 6301K(6464K)->6301K(6464K) NonClass: 5768K(5824K)->5768K(5824K) Class: 533K(640K)->533K(640K)
[5.596s][info][gc             ] GC(111) Pause Young (Allocation Failure) 899M->899M(1005M) 19.176ms
[5.596s][info][gc,cpu         ] GC(111) User=0.02s Sys=0.00s Real=0.02s
[5.615s][info][gc,start       ] GC(112) Pause Young (Allocation Failure)
[5.635s][info][gc,heap        ] GC(112) PSYoungGen: 32864K(84480K)->17536K(35328K) Eden: 17408K(17408K)->0K(17408K) From: 15456K(67072K)->17536K(17920K)
[5.635s][info][gc,heap        ] GC(112) ParOldGen: 905825K(945152K)->921401K(945152K)
[5.635s][info][gc,metaspace   ] GC(112) Metaspace: 6301K(6464K)->6301K(6464K) NonClass: 5768K(5824K)->5768K(5824K) Class: 533K(640K)->533K(640K)
[5.635s][info][gc             ] GC(112) Pause Young (Allocation Failure) 916M->916M(957M) 19.836ms
[5.635s][info][gc,cpu         ] GC(112) User=0.03s Sys=0.00s Real=0.02s
[5.635s][info][gc,start       ] GC(113) Pause Full (Ergonomics)
[5.635s][info][gc,phases,start] GC(113) Marking Phase
[5.837s][info][gc,phases      ] GC(113) Marking Phase 201.885ms
[5.837s][info][gc,phases,start] GC(113) Summary Phase
[5.837s][info][gc,phases      ] GC(113) Summary Phase 0.028ms
[5.837s][info][gc,phases,start] GC(113) Adjust Roots
[5.838s][info][gc,phases      ] GC(113) Adjust Roots 0.175ms
[5.838s][info][gc,phases,start] GC(113) Compaction Phase
[5.933s][info][gc,phases      ] GC(113) Compaction Phase 95.117ms
[5.933s][info][gc,phases,start] GC(113) Post Compact
[5.935s][info][gc,phases      ] GC(113) Post Compact 1.758ms
[5.935s][info][gc,heap        ] GC(113) PSYoungGen: 17536K(35328K)->0K(86016K) Eden: 0K(17408K)->0K(19456K) From: 17536K(17920K)->0K(66560K)
[5.935s][info][gc,heap        ] GC(113) ParOldGen: 921401K(945152K)->937378K(1040384K)
[5.935s][info][gc,metaspace   ] GC(113) Metaspace: 6301K(6464K)->6301K(6464K) NonClass: 5768K(5824K)->5768K(5824K) Class: 533K(640K)->533K(640K)
[5.935s][info][gc             ] GC(113) Pause Full (Ergonomics) 916M->915M(1100M) 299.745ms
[5.935s][info][gc,cpu         ] GC(113) User=1.92s Sys=0.02s Real=0.30s
[5.959s][info][gc,start       ] GC(114) Pause Young (Allocation Failure)
[5.973s][info][gc,heap        ] GC(114) PSYoungGen: 19456K(86016K)->19584K(39424K) Eden: 19456K(19456K)->0K(19456K) From: 0K(66560K)->19584K(19968K)
[5.974s][info][gc,heap        ] GC(114) ParOldGen: 937378K(1040384K)->937378K(1040384K)
[5.974s][info][gc,metaspace   ] GC(114) Metaspace: 6301K(6464K)->6301K(6464K) NonClass: 5768K(5824K)->5768K(5824K) Class: 533K(640K)->533K(640K)
[5.974s][info][gc             ] GC(114) Pause Young (Allocation Failure) 934M->934M(1054M) 15.056ms
[5.974s][info][gc,cpu         ] GC(114) User=0.00s Sys=0.00s Real=0.01s
[5.996s][info][gc,start       ] GC(115) Pause Young (Allocation Failure)
[6.016s][info][gc,heap        ] GC(115) PSYoungGen: 39040K(39424K)->39072K(83456K) Eden: 19456K(19456K)->0K(19968K) From: 19584K(19968K)->39072K(63488K)
[6.016s][info][gc,heap        ] GC(115) ParOldGen: 937378K(1040384K)->937378K(1040384K)
[6.016s][info][gc,metaspace   ] GC(115) Metaspace: 6301K(6464K)->6301K(6464K) NonClass: 5768K(5824K)->5768K(5824K) Class: 533K(640K)->533K(640K)
[6.016s][info][gc             ] GC(115) Pause Young (Allocation Failure) 953M->953M(1097M) 20.851ms
[6.016s][info][gc,cpu         ] GC(115) User=0.12s Sys=0.00s Real=0.02s
[6.038s][info][gc,start       ] GC(116) Pause Young (Allocation Failure)
[6.067s][info][gc,heap        ] GC(116) PSYoungGen: 59040K(83456K)->59072K(84992K) Eden: 19968K(19968K)->0K(19968K) From: 39072K(63488K)->59072K(65024K)
[6.067s][info][gc,heap        ] GC(116) ParOldGen: 937378K(1040384K)->937378K(1040384K)
[6.067s][info][gc,metaspace   ] GC(116) Metaspace: 6301K(6464K)->6301K(6464K) NonClass: 5768K(5824K)->5768K(5824K) Class: 533K(640K)->533K(640K)
[6.067s][info][gc             ] GC(116) Pause Young (Allocation Failure) 973M->973M(1099M) 29.043ms
[6.067s][info][gc,cpu         ] GC(116) User=0.14s Sys=0.00s Real=0.03s
[6.089s][info][gc,start       ] GC(117) Pause Young (Allocation Failure)
[6.127s][info][gc,heap        ] GC(117) PSYoungGen: 79040K(84992K)->73216K(80896K) Eden: 19968K(19968K)->0K(7680K) From: 59072K(65024K)->73216K(73216K)
[6.127s][info][gc,heap        ] GC(117) ParOldGen: 937378K(1040384K)->943130K(1040384K)
[6.127s][info][gc,metaspace   ] GC(117) Metaspace: 6301K(6464K)->6301K(6464K) NonClass: 5768K(5824K)->5768K(5824K) Class: 533K(640K)->533K(640K)
[6.127s][info][gc             ] GC(117) Pause Young (Allocation Failure) 992M->992M(1095M) 37.694ms
[6.127s][info][gc,cpu         ] GC(117) User=0.19s Sys=0.06s Real=0.04s
[6.136s][info][gc,start       ] GC(118) Pause Young (Allocation Failure)
[6.173s][info][gc,heap        ] GC(118) PSYoungGen: 80896K(80896K)->44192K(52224K) Eden: 7680K(7680K)->0K(7680K) From: 73216K(73216K)->44192K(44544K)
[6.173s][info][gc,heap        ] GC(118) ParOldGen: 943130K(1040384K)->980402K(1040384K)
[6.173s][info][gc,metaspace   ] GC(118) Metaspace: 6301K(6464K)->6301K(6464K) NonClass: 5768K(5824K)->5768K(5824K) Class: 533K(640K)->533K(640K)
[6.173s][info][gc             ] GC(118) Pause Young (Allocation Failure) 1000M->1000M(1067M) 37.138ms
[6.173s][info][gc,cpu         ] GC(118) User=0.25s Sys=0.00s Real=0.04s
[6.181s][info][gc,start       ] GC(119) Pause Young (Allocation Failure)
[6.208s][info][gc,heap        ] GC(119) PSYoungGen: 51872K(52224K)->15424K(90624K) Eden: 7680K(7680K)->0K(8704K) From: 44192K(44544K)->15424K(81920K)
[6.208s][info][gc,heap        ] GC(119) ParOldGen: 980402K(1040384K)->1017242K(1040384K)
[6.208s][info][gc,metaspace   ] GC(119) Metaspace: 6301K(6464K)->6301K(6464K) NonClass: 5768K(5824K)->5768K(5824K) Class: 533K(640K)->533K(640K)
[6.208s][info][gc             ] GC(119) Pause Young (Allocation Failure) 1008M->1008M(1104M) 26.616ms
[6.208s][info][gc,cpu         ] GC(119) User=0.14s Sys=0.00s Real=0.03s
[6.208s][info][gc,start       ] GC(120) Pause Full (Ergonomics)
[6.208s][info][gc,phases,start] GC(120) Marking Phase
[6.430s][info][gc,phases      ] GC(120) Marking Phase 221.958ms
[6.430s][info][gc,phases,start] GC(120) Summary Phase
[6.430s][info][gc,phases      ] GC(120) Summary Phase 0.030ms
[6.430s][info][gc,phases,start] GC(120) Adjust Roots
[6.430s][info][gc,phases      ] GC(120) Adjust Roots 0.155ms
[6.430s][info][gc,phases,start] GC(120) Compaction Phase
[6.518s][info][gc,phases      ] GC(120) Compaction Phase 88.056ms
[6.518s][info][gc,phases,start] GC(120) Post Compact
[6.520s][info][gc,phases      ] GC(120) Post Compact 1.651ms
[6.521s][info][gc,heap        ] GC(120) PSYoungGen: 15424K(90624K)->0K(92672K) Eden: 0K(8704K)->0K(8704K) From: 15424K(81920K)->0K(83968K)
[6.521s][info][gc,heap        ] GC(120) ParOldGen: 1017242K(1040384K)->1031387K(1153536K)
[6.521s][info][gc,metaspace   ] GC(120) Metaspace: 6301K(6464K)->6301K(6464K) NonClass: 5768K(5824K)->5768K(5824K) Class: 533K(640K)->533K(640K)
[6.521s][info][gc             ] GC(120) Pause Full (Ergonomics) 1008M->1007M(1217M) 312.616ms
[6.521s][info][gc,cpu         ] GC(120) User=2.23s Sys=0.00s Real=0.31s
[6.530s][info][gc,start       ] GC(121) Pause Young (Allocation Failure)
[6.542s][info][gc,heap        ] GC(121) PSYoungGen: 8704K(92672K)->8800K(92160K) Eden: 8704K(8704K)->0K(9728K) From: 0K(83968K)->8800K(82432K)
[6.542s][info][gc,heap        ] GC(121) ParOldGen: 1031387K(1153536K)->1031387K(1153536K)
[6.542s][info][gc,metaspace   ] GC(121) Metaspace: 6301K(6464K)->6301K(6464K) NonClass: 5768K(5824K)->5768K(5824K) Class: 533K(640K)->533K(640K)
[6.542s][info][gc             ] GC(121) Pause Young (Allocation Failure) 1015M->1015M(1216M) 11.360ms
[6.542s][info][gc,cpu         ] GC(121) User=0.02s Sys=0.00s Real=0.01s
[6.552s][info][gc,start       ] GC(122) Pause Young (Allocation Failure)
[6.566s][info][gc,heap        ] GC(122) PSYoungGen: 18528K(92160K)->9856K(19968K) Eden: 9728K(9728K)->0K(9728K) From: 8800K(82432K)->9856K(10240K)
[6.566s][info][gc,heap        ] GC(122) ParOldGen: 1031387K(1153536K)->1040203K(1153536K)
[6.566s][info][gc,metaspace   ] GC(122) Metaspace: 6301K(6464K)->6301K(6464K) NonClass: 5768K(5824K)->5768K(5824K) Class: 533K(640K)->533K(640K)
[6.566s][info][gc             ] GC(122) Pause Young (Allocation Failure) 1025M->1025M(1146M) 13.762ms
[6.566s][info][gc,cpu         ] GC(122) User=0.00s Sys=0.00s Real=0.01s
[6.576s][info][gc,start       ] GC(123) Pause Young (Allocation Failure)
[6.590s][info][gc,heap        ] GC(123) PSYoungGen: 19584K(19968K)->9888K(89088K) Eden: 9728K(9728K)->0K(11264K) From: 9856K(10240K)->9888K(77824K)
[6.590s][info][gc,heap        ] GC(123) ParOldGen: 1040203K(1153536K)->1050059K(1153536K)
[6.590s][info][gc,metaspace   ] GC(123) Metaspace: 6301K(6464K)->6301K(6464K) NonClass: 5768K(5824K)->5768K(5824K) Class: 533K(640K)->533K(640K)
[6.590s][info][gc             ] GC(123) Pause Young (Allocation Failure) 1034M->1035M(1213M) 14.084ms
[6.590s][info][gc,cpu         ] GC(123) User=0.02s Sys=0.00s Real=0.01s
[6.602s][info][gc,start       ] GC(124) Pause Young (Allocation Failure)
[6.617s][info][gc,heap        ] GC(124) PSYoungGen: 21152K(89088K)->11424K(23040K) Eden: 11264K(11264K)->0K(11264K) From: 9888K(77824K)->11424K(11776K)
[6.617s][info][gc,heap        ] GC(124) ParOldGen: 1050059K(1153536K)->1059923K(1153536K)
[6.617s][info][gc,metaspace   ] GC(124) Metaspace: 6301K(6464K)->6301K(6464K) NonClass: 5768K(5824K)->5768K(5824K) Class: 533K(640K)->533K(640K)
[6.617s][info][gc             ] GC(124) Pause Young (Allocation Failure) 1046M->1046M(1149M) 15.008ms
[6.617s][info][gc,cpu         ] GC(124) User=0.02s Sys=0.00s Real=0.02s
[6.630s][info][gc,start       ] GC(125) Pause Young (Allocation Failure)
[6.646s][info][gc,heap        ] GC(125) PSYoungGen: 22688K(23040K)->11424K(84480K) Eden: 11264K(11264K)->0K(12800K) From: 11424K(11776K)->11424K(71680K)
[6.646s][info][gc,heap        ] GC(125) ParOldGen: 1059923K(1153536K)->1071347K(1153536K)
[6.646s][info][gc,metaspace   ] GC(125) Metaspace: 6301K(6464K)->6301K(6464K) NonClass: 5768K(5824K)->5768K(5824K) Class: 533K(640K)->533K(640K)
[6.646s][info][gc             ] GC(125) Pause Young (Allocation Failure) 1057M->1057M(1209M) 15.994ms
[6.646s][info][gc,cpu         ] GC(125) User=0.00s Sys=0.00s Real=0.02s
[6.660s][info][gc,start       ] GC(126) Pause Young (Allocation Failure)
[6.676s][info][gc,heap        ] GC(126) PSYoungGen: 24224K(84480K)->12896K(26112K) Eden: 12800K(12800K)->0K(12800K) From: 11424K(71680K)->12896K(13312K)
[6.676s][info][gc,heap        ] GC(126) ParOldGen: 1071347K(1153536K)->1082763K(1153536K)
[6.677s][info][gc,metaspace   ] GC(126) Metaspace: 6301K(6464K)->6301K(6464K) NonClass: 5768K(5824K)->5768K(5824K) Class: 533K(640K)->533K(640K)
[6.677s][info][gc             ] GC(126) Pause Young (Allocation Failure) 1069M->1069M(1152M) 16.537ms
[6.677s][info][gc,cpu         ] GC(126) User=0.02s Sys=0.00s Real=0.02s
[6.691s][info][gc,start       ] GC(127) Pause Young (Allocation Failure)
[6.708s][info][gc,heap        ] GC(127) PSYoungGen: 25696K(26112K)->12832K(79360K) Eden: 12800K(12800K)->0K(14336K) From: 12896K(13312K)->12832K(65024K)
[6.708s][info][gc,heap        ] GC(127) ParOldGen: 1082763K(1153536K)->1095739K(1153536K)
[6.708s][info][gc,metaspace   ] GC(127) Metaspace: 6301K(6464K)->6301K(6464K) NonClass: 5768K(5824K)->5768K(5824K) Class: 533K(640K)->533K(640K)
[6.708s][info][gc             ] GC(127) Pause Young (Allocation Failure) 1082M->1082M(1204M) 17.531ms
[6.708s][info][gc,cpu         ] GC(127) User=0.03s Sys=0.00s Real=0.02s
[6.724s][info][gc,start       ] GC(128) Pause Young (Allocation Failure)
[6.741s][info][gc,heap        ] GC(128) PSYoungGen: 27168K(79360K)->14464K(29184K) Eden: 14336K(14336K)->0K(14336K) From: 12832K(65024K)->14464K(14848K)
[6.741s][info][gc,heap        ] GC(128) ParOldGen: 1095739K(1153536K)->1108715K(1153536K)
[6.741s][info][gc,metaspace   ] GC(128) Metaspace: 6301K(6464K)->6301K(6464K) NonClass: 5768K(5824K)->5768K(5824K) Class: 533K(640K)->533K(640K)
[6.741s][info][gc             ] GC(128) Pause Young (Allocation Failure) 1096M->1096M(1155M) 17.570ms
[6.741s][info][gc,cpu         ] GC(128) User=0.05s Sys=0.00s Real=0.02s
[6.756s][info][gc,start       ] GC(129) Pause Young (Allocation Failure)
[6.775s][info][gc,heap        ] GC(129) PSYoungGen: 28800K(29184K)->14464K(74752K) Eden: 14336K(14336K)->0K(16384K) From: 14464K(14848K)->14464K(58368K)
[6.775s][info][gc,heap        ] GC(129) ParOldGen: 1108715K(1153536K)->1123259K(1153536K)
[6.775s][info][gc,metaspace   ] GC(129) Metaspace: 6301K(6464K)->6301K(6464K) NonClass: 5768K(5824K)->5768K(5824K) Class: 533K(640K)->533K(640K)
[6.775s][info][gc             ] GC(129) Pause Young (Allocation Failure) 1110M->1111M(1199M) 18.613ms
[6.775s][info][gc,cpu         ] GC(129) User=0.05s Sys=0.00s Real=0.02s
[6.792s][info][gc,start       ] GC(130) Pause Young (Allocation Failure)
[6.811s][info][gc,heap        ] GC(130) PSYoungGen: 30848K(74752K)->16512K(33280K) Eden: 16384K(16384K)->0K(16384K) From: 14464K(58368K)->16512K(16896K)
[6.811s][info][gc,heap        ] GC(130) ParOldGen: 1123259K(1153536K)->1137787K(1153536K)
[6.811s][info][gc,metaspace   ] GC(130) Metaspace: 6301K(6464K)->6301K(6464K) NonClass: 5768K(5824K)->5768K(5824K) Class: 533K(640K)->533K(640K)
[6.811s][info][gc             ] GC(130) Pause Young (Allocation Failure) 1127M->1127M(1159M) 18.911ms
[6.811s][info][gc,cpu         ] GC(130) User=0.05s Sys=0.00s Real=0.02s
[6.811s][info][gc,start       ] GC(131) Pause Full (Ergonomics)
[6.811s][info][gc,phases,start] GC(131) Marking Phase
[7.052s][info][gc,phases      ] GC(131) Marking Phase 240.602ms
[7.052s][info][gc,phases,start] GC(131) Summary Phase
[7.052s][info][gc,phases      ] GC(131) Summary Phase 0.035ms
[7.052s][info][gc,phases,start] GC(131) Adjust Roots
[7.052s][info][gc,phases      ] GC(131) Adjust Roots 0.172ms
[7.052s][info][gc,phases,start] GC(131) Compaction Phase
[7.161s][info][gc,phases      ] GC(131) Compaction Phase 109.160ms
[7.161s][info][gc,phases,start] GC(131) Post Compact
[7.164s][info][gc,phases      ] GC(131) Post Compact 2.131ms
[7.164s][info][gc,heap        ] GC(131) PSYoungGen: 16512K(33280K)->0K(76288K) Eden: 0K(16384K)->0K(18432K) From: 16512K(16896K)->0K(57856K)
[7.164s][info][gc,heap        ] GC(131) ParOldGen: 1137787K(1153536K)->1152398K(1267712K)
[7.164s][info][gc,metaspace   ] GC(131) Metaspace: 6301K(6464K)->6301K(6464K) NonClass: 5768K(5824K)->5768K(5824K) Class: 533K(640K)->533K(640K)
[7.164s][info][gc             ] GC(131) Pause Full (Ergonomics) 1127M->1125M(1312M) 352.889ms
[7.164s][info][gc,cpu         ] GC(131) User=2.45s Sys=0.00s Real=0.35s
[7.186s][info][gc,start       ] GC(132) Pause Young (Allocation Failure)
[7.201s][info][gc,heap        ] GC(132) PSYoungGen: 18432K(76288K)->18528K(37376K) Eden: 18432K(18432K)->0K(18432K) From: 0K(57856K)->18528K(18944K)
[7.201s][info][gc,heap        ] GC(132) ParOldGen: 1152398K(1267712K)->1152398K(1267712K)
[7.201s][info][gc,metaspace   ] GC(132) Metaspace: 6301K(6464K)->6301K(6464K) NonClass: 5768K(5824K)->5768K(5824K) Class: 533K(640K)->533K(640K)
[7.201s][info][gc             ] GC(132) Pause Young (Allocation Failure) 1143M->1143M(1274M) 15.213ms
[7.201s][info][gc,cpu         ] GC(132) User=0.02s Sys=0.00s Real=0.02s
[7.223s][info][gc,start       ] GC(133) Pause Young (Allocation Failure)
[7.244s][info][gc,heap        ] GC(133) PSYoungGen: 36960K(37376K)->36992K(71680K) Eden: 18432K(18432K)->0K(17408K) From: 18528K(18944K)->36992K(54272K)
[7.244s][info][gc,heap        ] GC(133) ParOldGen: 1152398K(1267712K)->1152398K(1267712K)
[7.244s][info][gc,metaspace   ] GC(133) Metaspace: 6301K(6464K)->6301K(6464K) NonClass: 5768K(5824K)->5768K(5824K) Class: 533K(640K)->533K(640K)
[7.244s][info][gc             ] GC(133) Pause Young (Allocation Failure) 1161M->1161M(1308M) 21.274ms
[7.244s][info][gc,cpu         ] GC(133) User=0.12s Sys=0.00s Real=0.02s
[7.266s][info][gc,start       ] GC(134) Pause Young (Allocation Failure)
[7.295s][info][gc,heap        ] GC(134) PSYoungGen: 54400K(71680K)->54400K(74752K) Eden: 17408K(17408K)->0K(17408K) From: 36992K(54272K)->54400K(57344K)
[7.295s][info][gc,heap        ] GC(134) ParOldGen: 1152398K(1267712K)->1152398K(1267712K)
[7.295s][info][gc,metaspace   ] GC(134) Metaspace: 6301K(6464K)->6301K(6464K) NonClass: 5768K(5824K)->5768K(5824K) Class: 533K(640K)->533K(640K)
[7.295s][info][gc             ] GC(134) Pause Young (Allocation Failure) 1178M->1178M(1311M) 28.913ms
[7.295s][info][gc,cpu         ] GC(134) User=0.14s Sys=0.00s Real=0.03s
[7.315s][info][gc,start       ] GC(135) Pause Young (Allocation Failure)
[7.352s][info][gc,heap        ] GC(135) PSYoungGen: 71808K(74752K)->66048K(72192K) Eden: 17408K(17408K)->0K(6144K) From: 54400K(57344K)->66048K(66048K)
[7.352s][info][gc,heap        ] GC(135) ParOldGen: 1152398K(1267712K)->1158166K(1267712K)
[7.352s][info][gc,metaspace   ] GC(135) Metaspace: 6301K(6464K)->6301K(6464K) NonClass: 5768K(5824K)->5768K(5824K) Class: 533K(640K)->533K(640K)
[7.352s][info][gc             ] GC(135) Pause Young (Allocation Failure) 1195M->1195M(1308M) 36.334ms
[7.352s][info][gc,cpu         ] GC(135) User=0.23s Sys=0.02s Real=0.04s
[7.359s][info][gc,start       ] GC(136) Pause Young (Allocation Failure)
[7.394s][info][gc,heap        ] GC(136) PSYoungGen: 72192K(72192K)->38080K(44544K) Eden: 6144K(6144K)->0K(6144K) From: 66048K(66048K)->38080K(38400K)
[7.394s][info][gc,heap        ] GC(136) ParOldGen: 1158166K(1267712K)->1192822K(1267712K)
[7.394s][info][gc,metaspace   ] GC(136) Metaspace: 6301K(6464K)->6301K(6464K) NonClass: 5768K(5824K)->5768K(5824K) Class: 533K(640K)->533K(640K)
[7.394s][info][gc             ] GC(136) Pause Young (Allocation Failure) 1201M->1202M(1281M) 34.553ms
[7.394s][info][gc,cpu         ] GC(136) User=0.25s Sys=0.00s Real=0.03s
[7.401s][info][gc,start       ] GC(137) Pause Young (Allocation Failure)
[7.425s][info][gc,heap        ] GC(137) PSYoungGen: 44224K(44544K)->12416K(81408K) Eden: 6144K(6144K)->0K(7168K) From: 38080K(38400K)->12416K(74240K)
[7.425s][info][gc,heap        ] GC(137) ParOldGen: 1192822K(1267712K)->1225078K(1267712K)
[7.425s][info][gc,metaspace   ] GC(137) Metaspace: 6301K(6464K)->6301K(6464K) NonClass: 5768K(5824K)->5768K(5824K) Class: 533K(640K)->533K(640K)
[7.425s][info][gc             ] GC(137) Pause Young (Allocation Failure) 1208M->1208M(1317M) 23.753ms
[7.425s][info][gc,cpu         ] GC(137) User=0.05s Sys=0.09s Real=0.02s
[7.433s][info][gc,start       ] GC(138) Pause Young (Allocation Failure)
[7.448s][info][gc,heap        ] GC(138) PSYoungGen: 19584K(81408K)->7296K(82944K) Eden: 7168K(7168K)->0K(7168K) From: 12416K(74240K)->7296K(75776K)
[7.448s][info][gc,heap        ] GC(138) ParOldGen: 1225078K(1267712K)->1237518K(1267712K)
[7.448s][info][gc,metaspace   ] GC(138) Metaspace: 6301K(6464K)->6301K(6464K) NonClass: 5768K(5824K)->5768K(5824K) Class: 533K(640K)->533K(640K)
[7.448s][info][gc             ] GC(138) Pause Young (Allocation Failure) 1215M->1215M(1319M) 15.006ms
[7.448s][info][gc,cpu         ] GC(138) User=0.02s Sys=0.00s Real=0.01s
[7.448s][info][gc,start       ] GC(139) Pause Full (Ergonomics)
[7.448s][info][gc,phases,start] GC(139) Marking Phase
[7.721s][info][gc,phases      ] GC(139) Marking Phase 273.000ms
[7.721s][info][gc,phases,start] GC(139) Summary Phase
[7.721s][info][gc,phases      ] GC(139) Summary Phase 0.045ms
[7.721s][info][gc,phases,start] GC(139) Adjust Roots
[7.721s][info][gc,phases      ] GC(139) Adjust Roots 0.186ms
[7.721s][info][gc,phases,start] GC(139) Compaction Phase
[7.816s][info][gc,phases      ] GC(139) Compaction Phase 94.353ms
[7.816s][info][gc,phases,start] GC(139) Post Compact
[7.818s][info][gc,phases      ] GC(139) Post Compact 1.810ms
[7.818s][info][gc,heap        ] GC(139) PSYoungGen: 7296K(82944K)->0K(82944K) Eden: 0K(7168K)->0K(8192K) From: 7296K(75776K)->0K(74752K)
[7.818s][info][gc,heap        ] GC(139) ParOldGen: 1237518K(1267712K)->1243321K(1376256K)
[7.818s][info][gc,metaspace   ] GC(139) Metaspace: 6301K(6464K)->6301K(6464K) NonClass: 5768K(5824K)->5768K(5824K) Class: 533K(640K)->533K(640K)
[7.818s][info][gc             ] GC(139) Pause Full (Ergonomics) 1215M->1214M(1425M) 370.078ms
[7.818s][info][gc,cpu         ] GC(139) User=2.78s Sys=0.02s Real=0.37s
[7.829s][info][gc,start       ] GC(140) Pause Young (Allocation Failure)
[7.841s][info][gc,heap        ] GC(140) PSYoungGen: 8192K(82944K)->8352K(16896K) Eden: 8192K(8192K)->0K(8192K) From: 0K(74752K)->8352K(8704K)
[7.841s][info][gc,heap        ] GC(140) ParOldGen: 1243321K(1376256K)->1243321K(1376256K)
[7.841s][info][gc,metaspace   ] GC(140) Metaspace: 6301K(6464K)->6301K(6464K) NonClass: 5768K(5824K)->5768K(5824K) Class: 533K(640K)->533K(640K)
[7.841s][info][gc             ] GC(140) Pause Young (Allocation Failure) 1222M->1222M(1360M) 11.770ms
[7.841s][info][gc,cpu         ] GC(140) User=0.00s Sys=0.00s Real=0.01s
[7.851s][info][gc,start       ] GC(141) Pause Young (Allocation Failure)
[7.865s][info][gc,heap        ] GC(141) PSYoungGen: 16544K(16896K)->16512K(76288K) Eden: 8192K(8192K)->0K(9728K) From: 8352K(8704K)->16512K(66560K)
[7.865s][info][gc,heap        ] GC(141) ParOldGen: 1243321K(1376256K)->1243321K(1376256K)
[7.866s][info][gc,metaspace   ] GC(141) Metaspace: 6301K(6464K)->6301K(6464K) NonClass: 5768K(5824K)->5768K(5824K) Class: 533K(640K)->533K(640K)
[7.866s][info][gc             ] GC(141) Pause Young (Allocation Failure) 1230M->1230M(1418M) 14.674ms
[7.866s][info][gc,cpu         ] GC(141) User=0.02s Sys=0.00s Real=0.02s
[7.877s][info][gc,start       ] GC(142) Pause Young (Allocation Failure)
[7.895s][info][gc,heap        ] GC(142) PSYoungGen: 26240K(76288K)->18016K(28160K) Eden: 9728K(9728K)->0K(9728K) From: 16512K(66560K)->18016K(18432K)
[7.895s][info][gc,heap        ] GC(142) ParOldGen: 1243321K(1376256K)->1251625K(1376256K)
[7.895s][info][gc,metaspace   ] GC(142) Metaspace: 6301K(6464K)->6301K(6464K) NonClass: 5768K(5824K)->5768K(5824K) Class: 533K(640K)->533K(640K)
[7.895s][info][gc             ] GC(142) Pause Young (Allocation Failure) 1239M->1239M(1371M) 18.193ms
[7.895s][info][gc,cpu         ] GC(142) User=0.03s Sys=0.00s Real=0.02s
[7.906s][info][gc,start       ] GC(143) Pause Young (Allocation Failure)
[7.925s][info][gc,heap        ] GC(143) PSYoungGen: 27744K(28160K)->19584K(70144K) Eden: 9728K(9728K)->0K(11264K) From: 18016K(18432K)->19584K(58880K)
[7.925s][info][gc,heap        ] GC(143) ParOldGen: 1251625K(1376256K)->1259929K(1376256K)
[7.925s][info][gc,metaspace   ] GC(143) Metaspace: 6301K(6464K)->6301K(6464K) NonClass: 5768K(5824K)->5768K(5824K) Class: 533K(640K)->533K(640K)
[7.925s][info][gc             ] GC(143) Pause Young (Allocation Failure) 1249M->1249M(1412M) 18.206ms
[7.925s][info][gc,cpu         ] GC(143) User=0.03s Sys=0.00s Real=0.02s
[7.938s][info][gc,start       ] GC(144) Pause Young (Allocation Failure)
[7.957s][info][gc,heap        ] GC(144) PSYoungGen: 30848K(70144K)->21088K(32768K) Eden: 11264K(11264K)->0K(11264K) From: 19584K(58880K)->21088K(21504K)
[7.957s][info][gc,heap        ] GC(144) ParOldGen: 1259929K(1376256K)->1269801K(1376256K)
[7.957s][info][gc,metaspace   ] GC(144) Metaspace: 6301K(6464K)->6301K(6464K) NonClass: 5768K(5824K)->5768K(5824K) Class: 533K(640K)->533K(640K)
[7.957s][info][gc             ] GC(144) Pause Young (Allocation Failure) 1260M->1260M(1376M) 19.362ms
[7.957s][info][gc,cpu         ] GC(144) User=0.05s Sys=0.00s Real=0.02s
[7.973s][info][gc,start       ] GC(145) Pause Young (Allocation Failure)
[7.993s][info][gc,heap        ] GC(145) PSYoungGen: 32352K(32768K)->22464K(64512K) Eden: 11264K(11264K)->0K(12800K) From: 21088K(21504K)->22464K(51712K)
[7.993s][info][gc,heap        ] GC(145) ParOldGen: 1269801K(1376256K)->1279673K(1376256K)
[7.993s][info][gc,metaspace   ] GC(145) Metaspace: 6301K(6464K)->6301K(6464K) NonClass: 5768K(5824K)->5768K(5824K) Class: 533K(640K)->533K(640K)
[7.993s][info][gc             ] GC(145) Pause Young (Allocation Failure) 1271M->1271M(1407M) 20.170ms
[7.993s][info][gc,cpu         ] GC(145) User=0.11s Sys=0.00s Real=0.02s
[8.003s][info][gc,start       ] GC(146) Pause Young (Allocation Failure)
[8.021s][info][gc,heap        ] GC(146) PSYoungGen: 35264K(64512K)->17824K(30720K) Eden: 12800K(12800K)->0K(12800K) From: 22464K(51712K)->17824K(17920K)
[8.021s][info][gc,heap        ] GC(146) ParOldGen: 1279673K(1376256K)->1291097K(1376256K)
[8.021s][info][gc,metaspace   ] GC(146) Metaspace: 6301K(6464K)->6301K(6464K) NonClass: 5768K(5824K)->5768K(5824K) Class: 533K(640K)->533K(640K)
[8.021s][info][gc             ] GC(146) Pause Young (Allocation Failure) 1284M->1278M(1374M) 18.454ms
[8.021s][info][gc,cpu         ] GC(146) User=0.03s Sys=0.00s Real=0.02s
[8.031s][info][gc,start       ] GC(147) Pause Young (Allocation Failure)
[8.048s][info][gc,heap        ] GC(147) PSYoungGen: 30624K(30720K)->13408K(64000K) Eden: 12800K(12800K)->0K(14336K) From: 17824K(17920K)->13408K(49664K)
[8.048s][info][gc,heap        ] GC(147) ParOldGen: 1291097K(1376256K)->1302353K(1376256K)
[8.048s][info][gc,metaspace   ] GC(147) Metaspace: 6301K(6464K)->6301K(6464K) NonClass: 5768K(5824K)->5768K(5824K) Class: 533K(640K)->533K(640K)
[8.048s][info][gc             ] GC(147) Pause Young (Allocation Failure) 1290M->1284M(1406M) 17.077ms
[8.048s][info][gc,cpu         ] GC(147) User=0.03s Sys=0.00s Real=0.02s
[8.061s][info][gc,start       ] GC(148) Pause Young (Allocation Failure)
[8.078s][info][gc,heap        ] GC(148) PSYoungGen: 27744K(64000K)->15232K(65536K) Eden: 14336K(14336K)->0K(14336K) From: 13408K(49664K)->15232K(51200K)
[8.078s][info][gc,heap        ] GC(148) ParOldGen: 1302353K(1376256K)->1309089K(1376256K)
[8.078s][info][gc,metaspace   ] GC(148) Metaspace: 6301K(6464K)->6301K(6464K) NonClass: 5768K(5824K)->5768K(5824K) Class: 533K(640K)->533K(640K)
[8.078s][info][gc             ] GC(148) Pause Young (Allocation Failure) 1298M->1293M(1408M) 16.914ms
[8.078s][info][gc,cpu         ] GC(148) User=0.03s Sys=0.00s Real=0.02s
[8.096s][info][gc,start       ] GC(149) Pause Young (Allocation Failure)
[8.115s][info][gc,heap        ] GC(149) PSYoungGen: 29568K(65536K)->22976K(62464K) Eden: 14336K(14336K)->0K(16384K) From: 15232K(51200K)->22976K(46080K)
[8.115s][info][gc,heap        ] GC(149) ParOldGen: 1309089K(1376256K)->1315841K(1376256K)
[8.115s][info][gc,metaspace   ] GC(149) Metaspace: 6301K(6464K)->6301K(6464K) NonClass: 5768K(5824K)->5768K(5824K) Class: 533K(640K)->533K(640K)
[8.115s][info][gc             ] GC(149) Pause Young (Allocation Failure) 1307M->1307M(1405M) 19.156ms
[8.115s][info][gc,cpu         ] GC(149) User=0.03s Sys=0.00s Real=0.02s
[8.136s][info][gc,start       ] GC(150) Pause Young (Allocation Failure)
[8.159s][info][gc,heap        ] GC(150) PSYoungGen: 39360K(62464K)->30848K(64000K) Eden: 16384K(16384K)->0K(16384K) From: 22976K(46080K)->30848K(47616K)
[8.159s][info][gc,heap        ] GC(150) ParOldGen: 1315841K(1376256K)->1324465K(1376256K)
[8.159s][info][gc,metaspace   ] GC(150) Metaspace: 6301K(6464K)->6301K(6464K) NonClass: 5768K(5824K)->5768K(5824K) Class: 533K(640K)->533K(640K)
[8.159s][info][gc             ] GC(150) Pause Young (Allocation Failure) 1323M->1323M(1406M) 23.437ms
[8.159s][info][gc,cpu         ] GC(150) User=0.12s Sys=0.00s Real=0.02s
[8.178s][info][gc,start       ] GC(151) Pause Young (Allocation Failure)
[8.205s][info][gc,heap        ] GC(151) PSYoungGen: 47232K(64000K)->32928K(66048K) Eden: 16384K(16384K)->0K(17408K) From: 30848K(47616K)->32928K(48640K)
[8.205s][info][gc,heap        ] GC(151) ParOldGen: 1324465K(1376256K)->1339009K(1376256K)
[8.205s][info][gc,metaspace   ] GC(151) Metaspace: 6301K(6464K)->6301K(6464K) NonClass: 5768K(5824K)->5768K(5824K) Class: 533K(640K)->533K(640K)
[8.205s][info][gc             ] GC(151) Pause Young (Allocation Failure) 1339M->1339M(1408M) 27.554ms
[8.205s][info][gc,cpu         ] GC(151) User=0.12s Sys=0.00s Real=0.03s
[8.230s][info][gc,start       ] GC(152) Pause Young (Allocation Failure)
[8.258s][info][gc,heap        ] GC(152) PSYoungGen: 50336K(66048K)->33856K(67072K) Eden: 17408K(17408K)->0K(17408K) From: 32928K(48640K)->33856K(49664K)
[8.258s][info][gc,heap        ] GC(152) ParOldGen: 1339009K(1376256K)->1355633K(1376256K)
[8.258s][info][gc,metaspace   ] GC(152) Metaspace: 6301K(6464K)->6301K(6464K) NonClass: 5768K(5824K)->5768K(5824K) Class: 533K(640K)->533K(640K)
[8.258s][info][gc             ] GC(152) Pause Young (Allocation Failure) 1356M->1356M(1409M) 28.191ms
[8.258s][info][gc,cpu         ] GC(152) User=0.14s Sys=0.00s Real=0.03s
[8.258s][info][gc,start       ] GC(153) Pause Full (Ergonomics)
[8.258s][info][gc,phases,start] GC(153) Marking Phase
[8.558s][info][gc,phases      ] GC(153) Marking Phase 299.772ms
[8.558s][info][gc,phases,start] GC(153) Summary Phase
[8.558s][info][gc,phases      ] GC(153) Summary Phase 0.034ms
[8.558s][info][gc,phases,start] GC(153) Adjust Roots
[8.558s][info][gc,phases      ] GC(153) Adjust Roots 0.236ms
[8.558s][info][gc,phases,start] GC(153) Compaction Phase
[8.934s][info][gc,phases      ] GC(153) Compaction Phase 375.838ms
[8.934s][info][gc,phases,start] GC(153) Post Compact
[8.937s][info][gc,phases      ] GC(153) Post Compact 2.839ms
[8.938s][info][gc,heap        ] GC(153) PSYoungGen: 33856K(67072K)->11243K(67072K) Eden: 0K(17408K)->0K(17408K) From: 33856K(49664K)->11243K(49664K)
[8.938s][info][gc,heap        ] GC(153) ParOldGen: 1355633K(1376256K)->1376166K(1509376K)
[8.938s][info][gc,metaspace   ] GC(153) Metaspace: 6301K(6464K)->6301K(6464K) NonClass: 5768K(5824K)->5768K(5824K) Class: 533K(640K)->533K(640K)
[8.938s][info][gc             ] GC(153) Pause Full (Ergonomics) 1356M->1354M(1539M) 679.691ms
[8.938s][info][gc,cpu         ] GC(153) User=4.73s Sys=0.02s Real=0.68s
[8.961s][info][gc,start       ] GC(154) Pause Young (Allocation Failure)
[9.042s][info][gc,heap        ] GC(154) PSYoungGen: 28651K(67072K)->21984K(65536K) Eden: 17408K(17408K)->0K(19456K) From: 11243K(49664K)->21984K(46080K)
[9.042s][info][gc,heap        ] GC(154) ParOldGen: 1376166K(1509376K)->1383158K(1509376K)
[9.042s][info][gc,metaspace   ] GC(154) Metaspace: 6301K(6464K)->6301K(6464K) NonClass: 5768K(5824K)->5768K(5824K) Class: 533K(640K)->533K(640K)
[9.042s][info][gc             ] GC(154) Pause Young (Allocation Failure) 1371M->1372M(1538M) 81.171ms
[9.042s][info][gc,cpu         ] GC(154) User=0.41s Sys=0.00s Real=0.08s
[9.292s][info][gc,start       ] GC(155) Pause Young (Allocation Failure)
[9.347s][info][gc,heap        ] GC(155) PSYoungGen: 41440K(65536K)->41408K(68096K) Eden: 19456K(19456K)->0K(19456K) From: 21984K(46080K)->41408K(48640K)
[9.347s][info][gc,heap        ] GC(155) ParOldGen: 1448694K(1509376K)->1448694K(1509376K)
[9.347s][info][gc,metaspace   ] GC(155) Metaspace: 6301K(6464K)->6301K(6464K) NonClass: 5768K(5824K)->5768K(5824K) Class: 533K(640K)->533K(640K)
[9.347s][info][gc             ] GC(155) Pause Young (Allocation Failure) 1455M->1455M(1540M) 55.830ms
[9.347s][info][gc,cpu         ] GC(155) User=0.28s Sys=0.00s Real=0.06s
[9.367s][info][gc,start       ] GC(156) Pause Young (Allocation Failure)
[9.401s][info][gc,heap        ] GC(156) PSYoungGen: 60864K(68096K)->52736K(64000K) Eden: 19456K(19456K)->0K(11264K) From: 41408K(48640K)->52736K(52736K)
[9.401s][info][gc,heap        ] GC(156) ParOldGen: 1448694K(1509376K)->1456814K(1509376K)
[9.401s][info][gc,metaspace   ] GC(156) Metaspace: 6301K(6464K)->6301K(6464K) NonClass: 5768K(5824K)->5768K(5824K) Class: 533K(640K)->533K(640K)
[9.401s][info][gc             ] GC(156) Pause Young (Allocation Failure) 1474M->1474M(1536M) 33.540ms
[9.401s][info][gc,cpu         ] GC(156) User=0.11s Sys=0.00s Real=0.03s
[9.411s][info][gc,start       ] GC(157) Pause Young (Allocation Failure)
[9.446s][info][gc,heap        ] GC(157) PSYoungGen: 64000K(64000K)->46432K(74240K) Eden: 11264K(11264K)->0K(11264K) From: 52736K(52736K)->46432K(62976K)
[9.446s][info][gc,heap        ] GC(157) ParOldGen: 1456814K(1509376K)->1474702K(1509376K)
[9.446s][info][gc,metaspace   ] GC(157) Metaspace: 6301K(6464K)->6301K(6464K) NonClass: 5768K(5824K)->5768K(5824K) Class: 533K(640K)->533K(640K)
[9.446s][info][gc             ] GC(157) Pause Young (Allocation Failure) 1485M->1485M(1546M) 34.659ms
[9.446s][info][gc,cpu         ] GC(157) User=0.16s Sys=0.00s Real=0.03s
[9.457s][info][gc,start       ] GC(158) Pause Young (Allocation Failure)
[9.489s][info][gc,heap        ] GC(158) PSYoungGen: 57696K(74240K)->38464K(77824K) Eden: 11264K(11264K)->0K(12800K) From: 46432K(62976K)->38464K(65024K)
[9.489s][info][gc,heap        ] GC(158) ParOldGen: 1474702K(1509376K)->1494222K(1509376K)
[9.489s][info][gc,metaspace   ] GC(158) Metaspace: 6301K(6464K)->6301K(6464K) NonClass: 5768K(5824K)->5768K(5824K) Class: 533K(640K)->533K(640K)
[9.489s][info][gc             ] GC(158) Pause Young (Allocation Failure) 1496M->1496M(1550M) 32.326ms
[9.489s][info][gc,cpu         ] GC(158) User=0.08s Sys=0.00s Real=0.03s
[9.489s][info][gc,start       ] GC(159) Pause Full (Ergonomics)
[9.489s][info][gc,phases,start] GC(159) Marking Phase
[9.825s][info][gc,phases      ] GC(159) Marking Phase 335.983ms
[9.825s][info][gc,phases,start] GC(159) Summary Phase
[9.826s][info][gc,phases      ] GC(159) Summary Phase 0.040ms
[9.826s][info][gc,phases,start] GC(159) Adjust Roots
[9.826s][info][gc,phases      ] GC(159) Adjust Roots 0.220ms
[9.826s][info][gc,phases,start] GC(159) Compaction Phase
[10.059s][info][gc,phases      ] GC(159) Compaction Phase 233.147ms
[10.059s][info][gc,phases,start] GC(159) Post Compact
[10.062s][info][gc,phases      ] GC(159) Post Compact 2.930ms
[10.062s][info][gc,heap        ] GC(159) PSYoungGen: 38464K(77824K)->0K(78336K) Eden: 0K(12800K)->0K(12800K) From: 38464K(65024K)->0K(65536K)
[10.062s][info][gc,heap        ] GC(159) ParOldGen: 1494222K(1509376K)->1498865K(1646080K)
[10.062s][info][gc,metaspace   ] GC(159) Metaspace: 6301K(6464K)->6301K(6464K) NonClass: 5768K(5824K)->5768K(5824K) Class: 533K(640K)->533K(640K)
[10.063s][info][gc             ] GC(159) Pause Full (Ergonomics) 1496M->1463M(1684M) 573.124ms
[10.063s][info][gc,cpu         ] GC(159) User=3.84s Sys=0.06s Real=0.57s
[10.075s][info][gc,start       ] GC(160) Pause Young (Allocation Failure)
[10.094s][info][gc,heap        ] GC(160) PSYoungGen: 12800K(78336K)->12896K(79872K) Eden: 12800K(12800K)->0K(14336K) From: 0K(65536K)->12896K(65536K)
[10.094s][info][gc,heap        ] GC(160) ParOldGen: 1498865K(1646080K)->1498865K(1646080K)
[10.094s][info][gc,metaspace   ] GC(160) Metaspace: 6301K(6464K)->6301K(6464K) NonClass: 5768K(5824K)->5768K(5824K) Class: 533K(640K)->533K(640K)
[10.094s][info][gc             ] GC(160) Pause Young (Allocation Failure) 1476M->1476M(1685M) 18.569ms
[10.094s][info][gc,cpu         ] GC(160) User=0.03s Sys=0.00s Real=0.02s
[10.107s][info][gc,start       ] GC(161) Pause Young (Allocation Failure)
[10.129s][info][gc,heap        ] GC(161) PSYoungGen: 27232K(79872K)->27296K(41984K) Eden: 14336K(14336K)->0K(14336K) From: 12896K(65536K)->27296K(27648K)
[10.129s][info][gc,heap        ] GC(161) ParOldGen: 1498865K(1646080K)->1498865K(1646080K)
[10.129s][info][gc,metaspace   ] GC(161) Metaspace: 6301K(6464K)->6301K(6464K) NonClass: 5768K(5824K)->5768K(5824K) Class: 533K(640K)->533K(640K)
[10.129s][info][gc             ] GC(161) Pause Young (Allocation Failure) 1490M->1490M(1648M) 22.151ms
[10.129s][info][gc,cpu         ] GC(161) User=0.03s Sys=0.00s Real=0.02s
[10.143s][info][gc,start       ] GC(162) Pause Young (Allocation Failure)
[10.170s][info][gc,heap        ] GC(162) PSYoungGen: 41632K(41984K)->41600K(77312K) Eden: 14336K(14336K)->0K(14848K) From: 27296K(27648K)->41600K(62464K)
[10.170s][info][gc,heap        ] GC(162) ParOldGen: 1498865K(1646080K)->1498865K(1646080K)
[10.170s][info][gc,metaspace   ] GC(162) Metaspace: 6301K(6464K)->6301K(6464K) NonClass: 5768K(5824K)->5768K(5824K) Class: 533K(640K)->533K(640K)
[10.170s][info][gc             ] GC(162) Pause Young (Allocation Failure) 1504M->1504M(1683M) 27.226ms
[10.170s][info][gc,cpu         ] GC(162) User=0.03s Sys=0.00s Real=0.03s
[10.185s][info][gc,start       ] GC(163) Pause Young (Allocation Failure)
[10.217s][info][gc,heap        ] GC(163) PSYoungGen: 56448K(77312K)->56480K(78336K) Eden: 14848K(14848K)->0K(14848K) From: 41600K(62464K)->56480K(63488K)
[10.218s][info][gc,heap        ] GC(163) ParOldGen: 1498865K(1646080K)->1498865K(1646080K)
[10.218s][info][gc,metaspace   ] GC(163) Metaspace: 6301K(6464K)->6301K(6464K) NonClass: 5768K(5824K)->5768K(5824K) Class: 533K(640K)->533K(640K)
[10.218s][info][gc             ] GC(163) Pause Young (Allocation Failure) 1518M->1518M(1684M) 32.254ms
[10.218s][info][gc,cpu         ] GC(163) User=0.05s Sys=0.00s Real=0.03s
[10.232s][info][gc,start       ] GC(164) Pause Young (Allocation Failure)
[10.268s][info][gc,heap        ] GC(164) PSYoungGen: 71328K(78336K)->69632K(75776K) Eden: 14848K(14848K)->0K(6144K) From: 56480K(63488K)->69632K(69632K)
[10.268s][info][gc,heap        ] GC(164) ParOldGen: 1498865K(1646080K)->1500457K(1646080K)
[10.268s][info][gc,metaspace   ] GC(164) Metaspace: 6301K(6464K)->6301K(6464K) NonClass: 5768K(5824K)->5768K(5824K) Class: 533K(640K)->533K(640K)
[10.268s][info][gc             ] GC(164) Pause Young (Allocation Failure) 1533M->1533M(1681M) 35.826ms
[10.268s][info][gc,cpu         ] GC(164) User=0.08s Sys=0.00s Real=0.04s
[10.275s][info][gc,start       ] GC(165) Pause Young (Allocation Failure)
[10.311s][info][gc,heap        ] GC(165) PSYoungGen: 75776K(75776K)->49952K(86528K) Eden: 6144K(6144K)->0K(6144K) From: 69632K(69632K)->49952K(80384K)
[10.311s][info][gc,heap        ] GC(165) ParOldGen: 1500457K(1646080K)->1526689K(1646080K)
[10.311s][info][gc,metaspace   ] GC(165) Metaspace: 6301K(6464K)->6301K(6464K) NonClass: 5768K(5824K)->5768K(5824K) Class: 533K(640K)->533K(640K)
[10.311s][info][gc             ] GC(165) Pause Young (Allocation Failure) 1539M->1539M(1692M) 36.470ms
[10.311s][info][gc,cpu         ] GC(165) User=0.17s Sys=0.08s Real=0.04s
[10.317s][info][gc,start       ] GC(166) Pause Young (Allocation Failure)
[10.349s][info][gc,heap        ] GC(166) PSYoungGen: 56096K(86528K)->27136K(84480K) Eden: 6144K(6144K)->0K(7680K) From: 49952K(80384K)->27136K(76800K)
[10.349s][info][gc,heap        ] GC(166) ParOldGen: 1526689K(1646080K)->1555985K(1646080K)
[10.349s][info][gc,metaspace   ] GC(166) Metaspace: 6301K(6464K)->6301K(6464K) NonClass: 5768K(5824K)->5768K(5824K) Class: 533K(640K)->533K(640K)
[10.349s][info][gc             ] GC(166) Pause Young (Allocation Failure) 1545M->1546M(1690M) 31.399ms
[10.349s][info][gc,cpu         ] GC(166) User=0.03s Sys=0.00s Real=0.03s
[10.357s][info][gc,start       ] GC(167) Pause Young (Allocation Failure)
[10.382s][info][gc,heap        ] GC(167) PSYoungGen: 34816K(84480K)->13952K(86016K) Eden: 7680K(7680K)->0K(7680K) From: 27136K(76800K)->13952K(78336K)
[10.382s][info][gc,heap        ] GC(167) ParOldGen: 1555985K(1646080K)->1577153K(1646080K)
[10.382s][info][gc,metaspace   ] GC(167) Metaspace: 6301K(6464K)->6301K(6464K) NonClass: 5768K(5824K)->5768K(5824K) Class: 533K(640K)->533K(640K)
[10.382s][info][gc             ] GC(167) Pause Young (Allocation Failure) 1553M->1553M(1691M) 25.066ms
[10.382s][info][gc,cpu         ] GC(167) User=0.02s Sys=0.02s Real=0.02s
[10.390s][info][gc,start       ] GC(168) Pause Young (Allocation Failure)
[10.417s][info][gc,heap        ] GC(168) PSYoungGen: 21632K(86016K)->7808K(87552K) Eden: 7680K(7680K)->0K(9216K) From: 13952K(78336K)->7808K(78336K)
[10.417s][info][gc,heap        ] GC(168) ParOldGen: 1577153K(1646080K)->1591153K(1646080K)
[10.417s][info][gc,metaspace   ] GC(168) Metaspace: 6301K(6464K)->6301K(6464K) NonClass: 5768K(5824K)->5768K(5824K) Class: 533K(640K)->533K(640K)
[10.417s][info][gc             ] GC(168) Pause Young (Allocation Failure) 1561M->1561M(1693M) 27.370ms
[10.417s][info][gc,cpu         ] GC(168) User=0.03s Sys=0.00s Real=0.03s
[10.426s][info][gc,start       ] GC(169) Pause Young (Allocation Failure)
[10.446s][info][gc,heap        ] GC(169) PSYoungGen: 17024K(87552K)->9344K(87552K) Eden: 9216K(9216K)->0K(9216K) From: 7808K(78336K)->9344K(78336K)
[10.446s][info][gc,heap        ] GC(169) ParOldGen: 1591153K(1646080K)->1598945K(1646080K)
[10.446s][info][gc,metaspace   ] GC(169) Metaspace: 6301K(6464K)->6301K(6464K) NonClass: 5768K(5824K)->5768K(5824K) Class: 533K(640K)->533K(640K)
[10.446s][info][gc             ] GC(169) Pause Young (Allocation Failure) 1570M->1570M(1693M) 19.567ms
[10.446s][info][gc,cpu         ] GC(169) User=0.00s Sys=0.00s Real=0.02s
[10.456s][info][gc,start       ] GC(170) Pause Young (Allocation Failure)
[10.475s][info][gc,heap        ] GC(170) PSYoungGen: 18560K(87552K)->9376K(85504K) Eden: 9216K(9216K)->0K(10752K) From: 9344K(78336K)->9376K(74752K)
[10.475s][info][gc,heap        ] GC(170) ParOldGen: 1598945K(1646080K)->1608281K(1646080K)
[10.475s][info][gc,metaspace   ] GC(170) Metaspace: 6301K(6464K)->6301K(6464K) NonClass: 5768K(5824K)->5768K(5824K) Class: 533K(640K)->533K(640K)
[10.475s][info][gc             ] GC(170) Pause Young (Allocation Failure) 1579M->1579M(1691M) 19.376ms
[10.475s][info][gc,cpu         ] GC(170) User=0.03s Sys=0.00s Real=0.02s
[10.485s][info][gc,start       ] GC(171) Pause Young (Allocation Failure)
[10.516s][info][gc,heap        ] GC(171) PSYoungGen: 20128K(85504K)->10880K(87040K) Eden: 10752K(10752K)->0K(10752K) From: 9376K(74752K)->10880K(76288K)
[10.516s][info][gc,heap        ] GC(171) ParOldGen: 1608281K(1646080K)->1617641K(1646080K)
[10.516s][info][gc,metaspace   ] GC(171) Metaspace: 6301K(6464K)->6301K(6464K) NonClass: 5768K(5824K)->5768K(5824K) Class: 533K(640K)->533K(640K)
[10.516s][info][gc             ] GC(171) Pause Young (Allocation Failure) 1590M->1590M(1692M) 30.576ms
[10.516s][info][gc,cpu         ] GC(171) User=0.02s Sys=0.02s Real=0.03s
[10.528s][info][gc,start       ] GC(172) Pause Young (Allocation Failure)
[10.551s][info][gc,heap        ] GC(172) PSYoungGen: 21632K(87040K)->10880K(82432K) Eden: 10752K(10752K)->0K(12800K) From: 10880K(76288K)->10880K(69632K)
[10.551s][info][gc,heap        ] GC(172) ParOldGen: 1617641K(1646080K)->1628529K(1646080K)
[10.551s][info][gc,metaspace   ] GC(172) Metaspace: 6301K(6464K)->6301K(6464K) NonClass: 5768K(5824K)->5768K(5824K) Class: 533K(640K)->533K(640K)
[10.551s][info][gc             ] GC(172) Pause Young (Allocation Failure) 1600M->1600M(1688M) 22.913ms
[10.551s][info][gc,cpu         ] GC(172) User=0.05s Sys=0.00s Real=0.02s
[10.551s][info][gc,start       ] GC(173) Pause Full (Ergonomics)
[10.551s][info][gc,phases,start] GC(173) Marking Phase
[10.913s][info][gc,phases      ] GC(173) Marking Phase 362.649ms
[10.913s][info][gc,phases,start] GC(173) Summary Phase
[10.914s][info][gc,phases      ] GC(173) Summary Phase 0.042ms
[10.914s][info][gc,phases,start] GC(173) Adjust Roots
[10.914s][info][gc,phases      ] GC(173) Adjust Roots 0.186ms
[10.914s][info][gc,phases,start] GC(173) Compaction Phase
[11.078s][info][gc,phases      ] GC(173) Compaction Phase 164.502ms
[11.078s][info][gc,phases,start] GC(173) Post Compact
[11.081s][info][gc,phases      ] GC(173) Post Compact 2.875ms
[11.082s][info][gc,heap        ] GC(173) PSYoungGen: 10880K(82432K)->0K(84992K) Eden: 0K(12800K)->0K(12800K) From: 10880K(69632K)->0K(72192K)
[11.082s][info][gc,heap        ] GC(173) ParOldGen: 1628529K(1646080K)->1637218K(1799680K)
[11.082s][info][gc,metaspace   ] GC(173) Metaspace: 6301K(6464K)->6301K(6464K) NonClass: 5768K(5824K)->5768K(5824K) Class: 533K(640K)->533K(640K)
[11.082s][info][gc             ] GC(173) Pause Full (Ergonomics) 1600M->1598M(1840M) 531.162ms
[11.082s][info][gc,cpu         ] GC(173) User=3.61s Sys=0.02s Real=0.53s
[11.097s][info][gc,start       ] GC(174) Pause Young (Allocation Failure)
[11.118s][info][gc,heap        ] GC(174) PSYoungGen: 12800K(84992K)->12896K(80896K) Eden: 12800K(12800K)->0K(14336K) From: 0K(72192K)->12896K(66560K)
[11.118s][info][gc,heap        ] GC(174) ParOldGen: 1637218K(1799680K)->1637218K(1799680K)
[11.118s][info][gc,metaspace   ] GC(174) Metaspace: 6301K(6464K)->6301K(6464K) NonClass: 5768K(5824K)->5768K(5824K) Class: 533K(640K)->533K(640K)
[11.118s][info][gc             ] GC(174) Pause Young (Allocation Failure) 1611M->1611M(1836M) 20.991ms
[11.118s][info][gc,cpu         ] GC(174) User=0.02s Sys=0.00s Real=0.02s
[11.132s][info][gc,start       ] GC(175) Pause Young (Allocation Failure)
[11.155s][info][gc,heap        ] GC(175) PSYoungGen: 27232K(80896K)->14496K(29184K) Eden: 14336K(14336K)->0K(14336K) From: 12896K(66560K)->14496K(14848K)
[11.155s][info][gc,heap        ] GC(175) ParOldGen: 1637218K(1799680K)->1650186K(1799680K)
[11.155s][info][gc,metaspace   ] GC(175) Metaspace: 6301K(6464K)->6301K(6464K) NonClass: 5768K(5824K)->5768K(5824K) Class: 533K(640K)->533K(640K)
[11.155s][info][gc             ] GC(175) Pause Young (Allocation Failure) 1625M->1625M(1786M) 22.504ms
[11.155s][info][gc,cpu         ] GC(175) User=0.03s Sys=0.00s Real=0.02s
[11.169s][info][gc,start       ] GC(176) Pause Young (Allocation Failure)
[11.192s][info][gc,heap        ] GC(176) PSYoungGen: 28832K(29184K)->14496K(76800K) Eden: 14336K(14336K)->0K(16384K) From: 14496K(14848K)->14496K(60416K)
[11.192s][info][gc,heap        ] GC(176) ParOldGen: 1650186K(1799680K)->1664730K(1799680K)
[11.192s][info][gc,metaspace   ] GC(176) Metaspace: 6301K(6464K)->6301K(6464K) NonClass: 5768K(5824K)->5768K(5824K) Class: 533K(640K)->533K(640K)
[11.192s][info][gc             ] GC(176) Pause Young (Allocation Failure) 1639M->1639M(1832M) 22.781ms
[11.192s][info][gc,cpu         ] GC(176) User=0.05s Sys=0.00s Real=0.02s
[11.208s][info][gc,start       ] GC(177) Pause Young (Allocation Failure)
[11.235s][info][gc,heap        ] GC(177) PSYoungGen: 30880K(76800K)->16512K(33280K) Eden: 16384K(16384K)->0K(16384K) From: 14496K(60416K)->16512K(16896K)
[11.235s][info][gc,heap        ] GC(177) ParOldGen: 1664730K(1799680K)->1679250K(1799680K)
[11.235s][info][gc,metaspace   ] GC(177) Metaspace: 6301K(6464K)->6301K(6464K) NonClass: 5768K(5824K)->5768K(5824K) Class: 533K(640K)->533K(640K)
[11.235s][info][gc             ] GC(177) Pause Young (Allocation Failure) 1655M->1656M(1790M) 26.377ms
[11.235s][info][gc,cpu         ] GC(177) User=0.03s Sys=0.00s Real=0.03s
[11.251s][info][gc,start       ] GC(178) Pause Young (Allocation Failure)
[11.276s][info][gc,heap        ] GC(178) PSYoungGen: 32896K(33280K)->16512K(73728K) Eden: 16384K(16384K)->0K(18944K) From: 16512K(16896K)->16512K(54784K)
[11.276s][info][gc,heap        ] GC(178) ParOldGen: 1679250K(1799680K)->1695858K(1799680K)
[11.277s][info][gc,metaspace   ] GC(178) Metaspace: 6301K(6464K)->6301K(6464K) NonClass: 5768K(5824K)->5768K(5824K) Class: 533K(640K)->533K(640K)
[11.277s][info][gc             ] GC(178) Pause Young (Allocation Failure) 1672M->1672M(1829M) 26.022ms
[11.277s][info][gc,cpu         ] GC(178) User=0.06s Sys=0.00s Real=0.03s
[11.296s][info][gc,start       ] GC(179) Pause Young (Allocation Failure)
[11.320s][info][gc,heap        ] GC(179) PSYoungGen: 35456K(73728K)->19072K(38400K) Eden: 18944K(18944K)->0K(18944K) From: 16512K(54784K)->19072K(19456K)
[11.320s][info][gc,heap        ] GC(179) ParOldGen: 1695858K(1799680K)->1712458K(1799680K)
[11.320s][info][gc,metaspace   ] GC(179) Metaspace: 6301K(6464K)->6301K(6464K) NonClass: 5768K(5824K)->5768K(5824K) Class: 533K(640K)->533K(640K)
[11.320s][info][gc             ] GC(179) Pause Young (Allocation Failure) 1690M->1690M(1795M) 24.040ms
[11.320s][info][gc,cpu         ] GC(179) User=0.05s Sys=0.00s Real=0.02s
[11.341s][info][gc,start       ] GC(180) Pause Young (Allocation Failure)
[11.371s][info][gc,heap        ] GC(180) PSYoungGen: 38016K(38400K)->19072K(69120K) Eden: 18944K(18944K)->0K(21504K) From: 19072K(19456K)->19072K(47616K)
[11.371s][info][gc,heap        ] GC(180) ParOldGen: 1712458K(1799680K)->1731666K(1799680K)
[11.371s][info][gc,metaspace   ] GC(180) Metaspace: 6301K(6464K)->6301K(6464K) NonClass: 5768K(5824K)->5768K(5824K) Class: 533K(640K)->533K(640K)
[11.372s][info][gc             ] GC(180) Pause Young (Allocation Failure) 1709M->1709M(1825M) 30.752ms
[11.372s][info][gc,cpu         ] GC(180) User=0.02s Sys=0.02s Real=0.03s
[11.394s][info][gc,start       ] GC(181) Pause Young (Allocation Failure)
[11.423s][info][gc,heap        ] GC(181) PSYoungGen: 40576K(69120K)->21632K(72192K) Eden: 21504K(21504K)->0K(21504K) From: 19072K(47616K)->21632K(50688K)
[11.423s][info][gc,heap        ] GC(181) ParOldGen: 1731666K(1799680K)->1750890K(1799680K)
[11.423s][info][gc,metaspace   ] GC(181) Metaspace: 6301K(6464K)->6301K(6464K) NonClass: 5768K(5824K)->5768K(5824K) Class: 533K(640K)->533K(640K)
[11.423s][info][gc             ] GC(181) Pause Young (Allocation Failure) 1730M->1730M(1828M) 29.062ms
[11.423s][info][gc,cpu         ] GC(181) User=0.05s Sys=0.00s Real=0.03s
[11.447s][info][gc,start       ] GC(182) Pause Young (Allocation Failure)
[11.478s][info][gc,heap        ] GC(182) PSYoungGen: 43136K(72192K)->21664K(68608K) Eden: 21504K(21504K)->0K(24576K) From: 21632K(50688K)->21664K(44032K)
[11.478s][info][gc,heap        ] GC(182) ParOldGen: 1750890K(1799680K)->1772682K(1799680K)
[11.478s][info][gc,metaspace   ] GC(182) Metaspace: 6301K(6464K)->6301K(6464K) NonClass: 5768K(5824K)->5768K(5824K) Class: 533K(640K)->533K(640K)
[11.478s][info][gc             ] GC(182) Pause Young (Allocation Failure) 1751M->1752M(1824M) 31.185ms
[11.478s][info][gc,cpu         ] GC(182) User=0.03s Sys=0.00s Real=0.03s
[11.478s][info][gc,start       ] GC(183) Pause Full (Ergonomics)
[11.478s][info][gc,phases,start] GC(183) Marking Phase
[11.877s][info][gc,phases      ] GC(183) Marking Phase 398.326ms
[11.877s][info][gc,phases,start] GC(183) Summary Phase
[11.877s][info][gc,phases      ] GC(183) Summary Phase 0.045ms
[11.877s][info][gc,phases,start] GC(183) Adjust Roots
[11.877s][info][gc,phases      ] GC(183) Adjust Roots 0.182ms
[11.877s][info][gc,phases,start] GC(183) Compaction Phase
[12.050s][info][gc,phases      ] GC(183) Compaction Phase 172.905ms
[12.050s][info][gc,phases,start] GC(183) Post Compact
[12.053s][info][gc,phases      ] GC(183) Post Compact 3.357ms
[12.054s][info][gc,heap        ] GC(183) PSYoungGen: 21664K(68608K)->0K(70656K) Eden: 0K(24576K)->0K(24576K) From: 21664K(44032K)->0K(46080K)
[12.054s][info][gc,heap        ] GC(183) ParOldGen: 1772682K(1799680K)->1792058K(1973248K)
[12.054s][info][gc,metaspace   ] GC(183) Metaspace: 6301K(6464K)->6301K(6464K) NonClass: 5768K(5824K)->5768K(5824K) Class: 533K(640K)->533K(640K)
[12.054s][info][gc             ] GC(183) Pause Full (Ergonomics) 1752M->1750M(1996M) 575.935ms
[12.054s][info][gc,cpu         ] GC(183) User=4.11s Sys=0.02s Real=0.58s
[12.082s][info][gc,start       ] GC(184) Pause Young (Allocation Failure)
[12.107s][info][gc,heap        ] GC(184) PSYoungGen: 24576K(70656K)->24736K(70656K) Eden: 24576K(24576K)->0K(27136K) From: 0K(46080K)->24736K(43520K)
[12.107s][info][gc,heap        ] GC(184) ParOldGen: 1792058K(1973248K)->1792058K(1973248K)
[12.107s][info][gc,metaspace   ] GC(184) Metaspace: 6301K(6464K)->6301K(6464K) NonClass: 5768K(5824K)->5768K(5824K) Class: 533K(640K)->533K(640K)
[12.107s][info][gc             ] GC(184) Pause Young (Allocation Failure) 1774M->1774M(1996M) 24.750ms
[12.107s][info][gc,cpu         ] GC(184) User=0.02s Sys=0.00s Real=0.02s
[12.134s][info][gc,start       ] GC(185) Pause Young (Allocation Failure)
[12.165s][info][gc,heap        ] GC(185) PSYoungGen: 51872K(70656K)->45056K(72192K) Eden: 27136K(27136K)->0K(27136K) From: 24736K(43520K)->45056K(45056K)
[12.165s][info][gc,heap        ] GC(185) ParOldGen: 1792058K(1973248K)->1798866K(1973248K)
[12.165s][info][gc,metaspace   ] GC(185) Metaspace: 6301K(6464K)->6301K(6464K) NonClass: 5768K(5824K)->5768K(5824K) Class: 533K(640K)->533K(640K)
[12.165s][info][gc             ] GC(185) Pause Young (Allocation Failure) 1800M->1800M(1997M) 30.136ms
[12.165s][info][gc,cpu         ] GC(185) User=0.03s Sys=0.00s Real=0.03s
[12.194s][info][gc,start       ] GC(186) Pause Young (Allocation Failure)
[12.234s][info][gc,heap        ] GC(186) PSYoungGen: 72192K(72192K)->27296K(80896K) Eden: 27136K(27136K)->0K(30208K) From: 45056K(45056K)->27296K(50688K)
[12.234s][info][gc,heap        ] GC(186) ParOldGen: 1798866K(1973248K)->1844474K(1973248K)
[12.234s][info][gc,metaspace   ] GC(186) Metaspace: 6301K(6464K)->6301K(6464K) NonClass: 5768K(5824K)->5768K(5824K) Class: 533K(640K)->533K(640K)
[12.234s][info][gc             ] GC(186) Pause Young (Allocation Failure) 1827M->1827M(2006M) 40.010ms
[12.234s][info][gc,cpu         ] GC(186) User=0.19s Sys=0.06s Real=0.04s
[12.268s][info][gc,start       ] GC(187) Pause Young (Allocation Failure)
[12.302s][info][gc,heap        ] GC(187) PSYoungGen: 57504K(80896K)->52224K(82432K) Eden: 30208K(30208K)->0K(30208K) From: 27296K(50688K)->52224K(52224K)
[12.302s][info][gc,heap        ] GC(187) ParOldGen: 1844474K(1973248K)->1849738K(1973248K)
[12.302s][info][gc,metaspace   ] GC(187) Metaspace: 6301K(6464K)->6301K(6464K) NonClass: 5768K(5824K)->5768K(5824K) Class: 533K(640K)->533K(640K)
[12.302s][info][gc             ] GC(187) Pause Young (Allocation Failure) 1857M->1857M(2007M) 34.412ms
[12.302s][info][gc,cpu         ] GC(187) User=0.14s Sys=0.02s Real=0.03s
[12.334s][info][gc,start       ] GC(188) Pause Young (Allocation Failure)
[12.378s][info][gc,heap        ] GC(188) PSYoungGen: 82432K(82432K)->30304K(91648K) Eden: 30208K(30208K)->0K(33792K) From: 52224K(52224K)->30304K(57856K)
[12.378s][info][gc,heap        ] GC(188) ParOldGen: 1849738K(1973248K)->1902634K(1973248K)
[12.378s][info][gc,metaspace   ] GC(188) Metaspace: 6301K(6464K)->6301K(6464K) NonClass: 5768K(5824K)->5768K(5824K) Class: 533K(640K)->533K(640K)
[12.378s][info][gc             ] GC(188) Pause Young (Allocation Failure) 1886M->1887M(2016M) 43.806ms
[12.378s][info][gc,cpu         ] GC(188) User=0.23s Sys=0.03s Real=0.04s
[12.416s][info][gc,start       ] GC(189) Pause Young (Allocation Failure)
[12.454s][info][gc,heap        ] GC(189) PSYoungGen: 64096K(91648K)->33952K(93184K) Eden: 33792K(33792K)->0K(33792K) From: 30304K(57856K)->33952K(59392K)
[12.454s][info][gc,heap        ] GC(189) ParOldGen: 1902634K(1973248K)->1933250K(1973248K)
[12.454s][info][gc,metaspace   ] GC(189) Metaspace: 6301K(6464K)->6301K(6464K) NonClass: 5768K(5824K)->5768K(5824K) Class: 533K(640K)->533K(640K)
[12.454s][info][gc             ] GC(189) Pause Young (Allocation Failure) 1920M->1921M(2018M) 37.158ms
[12.454s][info][gc,cpu         ] GC(189) User=0.14s Sys=0.00s Real=0.04s
[12.454s][info][gc,start       ] GC(190) Pause Full (Ergonomics)
[12.454s][info][gc,phases,start] GC(190) Marking Phase
[12.891s][info][gc,phases      ] GC(190) Marking Phase 437.612ms
[12.891s][info][gc,phases,start] GC(190) Summary Phase
[12.891s][info][gc,phases      ] GC(190) Summary Phase 0.051ms
[12.891s][info][gc,phases,start] GC(190) Adjust Roots
[12.892s][info][gc,phases      ] GC(190) Adjust Roots 0.166ms
[12.892s][info][gc,phases,start] GC(190) Compaction Phase
[13.070s][info][gc,phases      ] GC(190) Compaction Phase 178.605ms
[13.070s][info][gc,phases,start] GC(190) Post Compact
[13.074s][info][gc,phases      ] GC(190) Post Compact 3.576ms
[13.075s][info][gc,heap        ] GC(190) PSYoungGen: 33952K(93184K)->0K(96256K) Eden: 0K(33792K)->0K(37888K) From: 33952K(59392K)->0K(58368K)
[13.075s][info][gc,heap        ] GC(190) ParOldGen: 1933250K(1973248K)->1964920K(2184704K)
[13.075s][info][gc,metaspace   ] GC(190) Metaspace: 6301K(6464K)->6301K(6464K) NonClass: 5768K(5824K)->5768K(5824K) Class: 533K(640K)->533K(640K)
[13.075s][info][gc             ] GC(190) Pause Full (Ergonomics) 1921M->1918M(2227M) 621.093ms
[13.075s][info][gc,cpu         ] GC(190) User=4.58s Sys=0.02s Real=0.62s
[13.121s][info][gc,start       ] GC(191) Pause Young (Allocation Failure)
[13.150s][info][gc,heap        ] GC(191) PSYoungGen: 37888K(96256K)->38080K(96256K) Eden: 37888K(37888K)->0K(37888K) From: 0K(58368K)->38080K(58368K)
[13.150s][info][gc,heap        ] GC(191) ParOldGen: 1964920K(2184704K)->1964920K(2184704K)
[13.150s][info][gc,metaspace   ] GC(191) Metaspace: 6301K(6464K)->6301K(6464K) NonClass: 5768K(5824K)->5768K(5824K) Class: 533K(640K)->533K(640K)
[13.150s][info][gc             ] GC(191) Pause Young (Allocation Failure) 1955M->1956M(2227M) 28.474ms
[13.150s][info][gc,cpu         ] GC(191) User=0.03s Sys=0.00s Real=0.03s
[13.198s][info][gc,start       ] GC(192) Pause Young (Allocation Failure)
[13.243s][info][gc,heap        ] GC(192) PSYoungGen: 75968K(96256K)->58880K(86016K) Eden: 37888K(37888K)->0K(27136K) From: 38080K(58368K)->58880K(58880K)
[13.243s][info][gc,heap        ] GC(192) ParOldGen: 1964920K(2184704K)->1982120K(2184704K)
[13.243s][info][gc,metaspace   ] GC(192) Metaspace: 6301K(6464K)->6301K(6464K) NonClass: 5768K(5824K)->5768K(5824K) Class: 533K(640K)->533K(640K)
[13.243s][info][gc             ] GC(192) Pause Young (Allocation Failure) 1993M->1993M(2217M) 45.113ms
[13.243s][info][gc,cpu         ] GC(192) User=0.23s Sys=0.03s Real=0.05s
[13.272s][info][gc,start       ] GC(193) Pause Young (Allocation Failure)
[13.318s][info][gc,heap        ] GC(193) PSYoungGen: 86016K(86016K)->27296K(100352K) Eden: 27136K(27136K)->0K(27136K) From: 58880K(58880K)->27296K(73216K)
[13.318s][info][gc,heap        ] GC(193) ParOldGen: 1982120K(2184704K)->2041760K(2184704K)
[13.318s][info][gc,metaspace   ] GC(193) Metaspace: 6301K(6464K)->6301K(6464K) NonClass: 5768K(5824K)->5768K(5824K) Class: 533K(640K)->533K(640K)
[13.319s][info][gc             ] GC(193) Pause Young (Allocation Failure) 2019M->2020M(2231M) 46.853ms
[13.319s][info][gc,cpu         ] GC(193) User=0.17s Sys=0.09s Real=0.05s
[13.347s][info][gc,start       ] GC(194) Pause Young (Allocation Failure)
[13.380s][info][gc,heap        ] GC(194) PSYoungGen: 54432K(100352K)->54464K(96768K) Eden: 27136K(27136K)->0K(26112K) From: 27296K(73216K)->54464K(70656K)
[13.380s][info][gc,heap        ] GC(194) ParOldGen: 2041760K(2184704K)->2041760K(2184704K)
[13.380s][info][gc,metaspace   ] GC(194) Metaspace: 6301K(6464K)->6301K(6464K) NonClass: 5768K(5824K)->5768K(5824K) Class: 533K(640K)->533K(640K)
[13.380s][info][gc             ] GC(194) Pause Young (Allocation Failure) 2047M->2047M(2228M) 33.825ms
[13.380s][info][gc,cpu         ] GC(194) User=0.05s Sys=0.00s Real=0.03s
[13.410s][info][gc,start       ] GC(195) Pause Young (Allocation Failure)
[13.451s][info][gc,heap        ] GC(195) PSYoungGen: 80576K(96768K)->74752K(100864K) Eden: 26112K(26112K)->0K(26112K) From: 54464K(70656K)->74752K(74752K)
[13.451s][info][gc,heap        ] GC(195) ParOldGen: 2041760K(2184704K)->2047576K(2184704K)
[13.451s][info][gc,metaspace   ] GC(195) Metaspace: 6301K(6464K)->6301K(6464K) NonClass: 5768K(5824K)->5768K(5824K) Class: 533K(640K)->533K(640K)
[13.452s][info][gc             ] GC(195) Pause Young (Allocation Failure) 2072M->2072M(2232M) 41.671ms
[13.452s][info][gc,cpu         ] GC(195) User=0.25s Sys=0.00s Real=0.04s
[13.479s][info][gc,start       ] GC(196) Pause Young (Allocation Failure)
[13.529s][info][gc,heap        ] GC(196) PSYoungGen: 100864K(100864K)->51008K(114688K) Eden: 26112K(26112K)->0K(29184K) From: 74752K(74752K)->51008K(85504K)
[13.529s][info][gc,heap        ] GC(196) ParOldGen: 2047576K(2184704K)->2098176K(2184704K)
[13.529s][info][gc,metaspace   ] GC(196) Metaspace: 6301K(6464K)->6301K(6464K) NonClass: 5768K(5824K)->5768K(5824K) Class: 533K(640K)->533K(640K)
[13.529s][info][gc             ] GC(196) Pause Young (Allocation Failure) 2098M->2098M(2245M) 50.753ms
[13.529s][info][gc,cpu         ] GC(196) User=0.30s Sys=0.06s Real=0.05s
[13.562s][info][gc,start       ] GC(197) Pause Young (Allocation Failure)
[13.604s][info][gc,heap        ] GC(197) PSYoungGen: 80192K(114688K)->55488K(115712K) Eden: 29184K(29184K)->0K(29184K) From: 51008K(85504K)->55488K(86528K)
[13.604s][info][gc,heap        ] GC(197) ParOldGen: 2098176K(2184704K)->2123248K(2184704K)
[13.604s][info][gc,metaspace   ] GC(197) Metaspace: 6301K(6464K)->6301K(6464K) NonClass: 5768K(5824K)->5768K(5824K) Class: 533K(640K)->533K(640K)
[13.604s][info][gc             ] GC(197) Pause Young (Allocation Failure) 2127M->2127M(2246M) 42.527ms
[13.604s][info][gc,cpu         ] GC(197) User=0.25s Sys=0.02s Real=0.04s
[13.639s][info][gc,start       ] GC(198) Pause Young (Allocation Failure)
[13.684s][info][gc,heap        ] GC(198) PSYoungGen: 84672K(115712K)->58528K(118784K) Eden: 29184K(29184K)->0K(31232K) From: 55488K(86528K)->58528K(87552K)
[13.684s][info][gc,heap        ] GC(198) ParOldGen: 2123248K(2184704K)->2149712K(2184704K)
[13.684s][info][gc,metaspace   ] GC(198) Metaspace: 6301K(6464K)->6301K(6464K) NonClass: 5768K(5824K)->5768K(5824K) Class: 533K(640K)->533K(640K)
[13.684s][info][gc             ] GC(198) Pause Young (Allocation Failure) 2156M->2156M(2249M) 45.329ms
[13.684s][info][gc,cpu         ] GC(198) User=0.27s Sys=0.00s Real=0.05s
[13.684s][info][gc,start       ] GC(199) Pause Full (Ergonomics)
[13.684s][info][gc,phases,start] GC(199) Marking Phase
[14.163s][info][gc,phases      ] GC(199) Marking Phase 478.319ms
[14.163s][info][gc,phases,start] GC(199) Summary Phase
[14.163s][info][gc,phases      ] GC(199) Summary Phase 0.044ms
[14.163s][info][gc,phases,start] GC(199) Adjust Roots
[14.163s][info][gc,phases      ] GC(199) Adjust Roots 0.236ms
[14.163s][info][gc,phases,start] GC(199) Compaction Phase
[14.357s][info][gc,phases      ] GC(199) Compaction Phase 193.594ms
[14.357s][info][gc,phases,start] GC(199) Post Compact
[14.361s][info][gc,phases      ] GC(199) Post Compact 4.057ms
[14.362s][info][gc,heap        ] GC(199) PSYoungGen: 58528K(118784K)->20999K(118784K) Eden: 0K(31232K)->0K(31232K) From: 58528K(87552K)->20999K(87552K)
[14.362s][info][gc,heap        ] GC(199) ParOldGen: 2149712K(2184704K)->2184313K(2430464K)
[14.362s][info][gc,metaspace   ] GC(199) Metaspace: 6301K(6464K)->6301K(6464K) NonClass: 5768K(5824K)->5768K(5824K) Class: 533K(640K)->533K(640K)
[14.362s][info][gc             ] GC(199) Pause Full (Ergonomics) 2156M->2153M(2489M) 677.418ms
[14.362s][info][gc,cpu         ] GC(199) User=5.00s Sys=0.02s Real=0.68s
[14.403s][info][gc,start       ] GC(200) Pause Young (Allocation Failure)
[14.520s][info][gc,heap        ] GC(200) PSYoungGen: 52231K(118784K)->39904K(71168K) Eden: 31232K(31232K)->0K(31232K) From: 20999K(87552K)->39904K(39936K)
[14.520s][info][gc,heap        ] GC(200) ParOldGen: 2184313K(2430464K)->2196953K(2430464K)
[14.520s][info][gc,metaspace   ] GC(200) Metaspace: 6301K(6464K)->6301K(6464K) NonClass: 5768K(5824K)->5768K(5824K) Class: 533K(640K)->533K(640K)
[14.520s][info][gc             ] GC(200) Pause Young (Allocation Failure) 2184M->2184M(2443M) 116.985ms
[14.520s][info][gc,cpu         ] GC(200) User=0.78s Sys=0.00s Real=0.12s
[14.559s][info][gc,start       ] GC(201) Pause Young (Allocation Failure)
[14.601s][info][gc,heap        ] GC(201) PSYoungGen: 71136K(71168K)->71232K(113152K) Eden: 31232K(31232K)->0K(28160K) From: 39904K(39936K)->71232K(84992K)
[14.601s][info][gc,heap        ] GC(201) ParOldGen: 2196953K(2430464K)->2196953K(2430464K)
[14.601s][info][gc,metaspace   ] GC(201) Metaspace: 6301K(6464K)->6301K(6464K) NonClass: 5768K(5824K)->5768K(5824K) Class: 533K(640K)->533K(640K)
[14.601s][info][gc             ] GC(201) Pause Young (Allocation Failure) 2214M->2215M(2484M) 42.174ms
[14.602s][info][gc,cpu         ] GC(201) User=0.22s Sys=0.02s Real=0.04s
[14.632s][info][gc,start       ] GC(202) Pause Young (Allocation Failure)
[14.684s][info][gc,heap        ] GC(202) PSYoungGen: 99392K(113152K)->91136K(119296K) Eden: 28160K(28160K)->0K(28160K) From: 71232K(84992K)->91136K(91136K)
[14.684s][info][gc,heap        ] GC(202) ParOldGen: 2196953K(2430464K)->2205217K(2430464K)
[14.684s][info][gc,metaspace   ] GC(202) Metaspace: 6301K(6464K)->6301K(6464K) NonClass: 5768K(5824K)->5768K(5824K) Class: 533K(640K)->533K(640K)
[14.684s][info][gc             ] GC(202) Pause Young (Allocation Failure) 2242M->2242M(2490M) 51.385ms
[14.684s][info][gc,cpu         ] GC(202) User=0.27s Sys=0.00s Real=0.05s
[14.717s][info][gc,start       ] GC(203) Pause Young (Allocation Failure)
[14.776s][info][gc,heap        ] GC(203) PSYoungGen: 119296K(119296K)->82688K(132096K) Eden: 28160K(28160K)->0K(25600K) From: 91136K(91136K)->82688K(106496K)
[14.776s][info][gc,heap        ] GC(203) ParOldGen: 2205217K(2430464K)->2242433K(2430464K)
[14.776s][info][gc,metaspace   ] GC(203) Metaspace: 6301K(6464K)->6301K(6464K) NonClass: 5768K(5824K)->5768K(5824K) Class: 533K(640K)->533K(640K)
[14.776s][info][gc             ] GC(203) Pause Young (Allocation Failure) 2270M->2270M(2502M) 59.475ms
[14.776s][info][gc,cpu         ] GC(203) User=0.31s Sys=0.06s Real=0.06s
[14.805s][info][gc,start       ] GC(204) Pause Young (Allocation Failure)
[14.860s][info][gc,heap        ] GC(204) PSYoungGen: 108288K(132096K)->79200K(137728K) Eden: 25600K(25600K)->0K(25600K) From: 82688K(106496K)->79200K(112128K)
[14.860s][info][gc,heap        ] GC(204) ParOldGen: 2242433K(2430464K)->2271833K(2430464K)
[14.860s][info][gc,metaspace   ] GC(204) Metaspace: 6301K(6464K)->6301K(6464K) NonClass: 5768K(5824K)->5768K(5824K) Class: 533K(640K)->533K(640K)
[14.860s][info][gc             ] GC(204) Pause Young (Allocation Failure) 2295M->2295M(2508M) 54.613ms
[14.860s][info][gc,cpu         ] GC(204) User=0.31s Sys=0.06s Real=0.05s
[14.889s][info][gc,start       ] GC(205) Pause Young (Allocation Failure)
[14.943s][info][gc,heap        ] GC(205) PSYoungGen: 104800K(137728K)->79584K(141824K) Eden: 25600K(25600K)->0K(26112K) From: 79200K(112128K)->79584K(115712K)
[14.943s][info][gc,heap        ] GC(205) ParOldGen: 2271833K(2430464K)->2297329K(2430464K)
[14.943s][info][gc,metaspace   ] GC(205) Metaspace: 6301K(6464K)->6301K(6464K) NonClass: 5768K(5824K)->5768K(5824K) Class: 533K(640K)->533K(640K)
[14.943s][info][gc             ] GC(205) Pause Young (Allocation Failure) 2320M->2321M(2512M) 53.773ms
[14.943s][info][gc,cpu         ] GC(205) User=0.36s Sys=0.03s Real=0.05s
[14.972s][info][gc,start       ] GC(206) Pause Young (Allocation Failure)
[15.026s][info][gc,heap        ] GC(206) PSYoungGen: 105696K(141824K)->77472K(144384K) Eden: 26112K(26112K)->0K(26112K) From: 79584K(115712K)->77472K(118272K)
[15.026s][info][gc,heap        ] GC(206) ParOldGen: 2297329K(2430464K)->2325737K(2430464K)
[15.026s][info][gc,metaspace   ] GC(206) Metaspace: 6301K(6464K)->6301K(6464K) NonClass: 5768K(5824K)->5768K(5824K) Class: 533K(640K)->533K(640K)
[15.027s][info][gc             ] GC(206) Pause Young (Allocation Failure) 2346M->2346M(2514M) 54.683ms
[15.027s][info][gc,cpu         ] GC(206) User=0.36s Sys=0.02s Real=0.06s
[15.058s][info][gc,start       ] GC(207) Pause Young (Allocation Failure)
[15.112s][info][gc,heap        ] GC(207) PSYoungGen: 103584K(144384K)->78016K(147968K) Eden: 26112K(26112K)->0K(29184K) From: 77472K(118272K)->78016K(118784K)
[15.112s][info][gc,heap        ] GC(207) ParOldGen: 2325737K(2430464K)->2351561K(2430464K)
[15.112s][info][gc,metaspace   ] GC(207) Metaspace: 6301K(6464K)->6301K(6464K) NonClass: 5768K(5824K)->5768K(5824K) Class: 533K(640K)->533K(640K)
[15.112s][info][gc             ] GC(207) Pause Young (Allocation Failure) 2372M->2372M(2518M) 54.271ms
[15.112s][info][gc,cpu         ] GC(207) User=0.38s Sys=0.00s Real=0.05s
[15.148s][info][gc,start       ] GC(208) Pause Young (Allocation Failure)
[15.204s][info][gc,heap        ] GC(208) PSYoungGen: 107200K(147968K)->81600K(148480K) Eden: 29184K(29184K)->0K(29184K) From: 78016K(118784K)->81600K(119296K)
[15.204s][info][gc,heap        ] GC(208) ParOldGen: 2351561K(2430464K)->2377393K(2430464K)
[15.204s][info][gc,metaspace   ] GC(208) Metaspace: 6301K(6464K)->6301K(6464K) NonClass: 5768K(5824K)->5768K(5824K) Class: 533K(640K)->533K(640K)
[15.204s][info][gc             ] GC(208) Pause Young (Allocation Failure) 2401M->2401M(2518M) 55.933ms
[15.204s][info][gc,cpu         ] GC(208) User=0.39s Sys=0.00s Real=0.06s
[15.241s][info][gc,start       ] GC(209) Pause Young (Allocation Failure)
[15.299s][info][gc,heap        ] GC(209) PSYoungGen: 110784K(148480K)->84704K(151552K) Eden: 29184K(29184K)->0K(31232K) From: 81600K(119296K)->84704K(120320K)
[15.299s][info][gc,heap        ] GC(209) ParOldGen: 2377393K(2430464K)->2403737K(2430464K)
[15.299s][info][gc,metaspace   ] GC(209) Metaspace: 6301K(6464K)->6301K(6464K) NonClass: 5768K(5824K)->5768K(5824K) Class: 533K(640K)->533K(640K)
[15.299s][info][gc             ] GC(209) Pause Young (Allocation Failure) 2429M->2430M(2521M) 58.659ms
[15.299s][info][gc,cpu         ] GC(209) User=0.36s Sys=0.03s Real=0.06s
[15.299s][info][gc,start       ] GC(210) Pause Full (Ergonomics)
[15.299s][info][gc,phases,start] GC(210) Marking Phase
[15.844s][info][gc,phases      ] GC(210) Marking Phase 544.851ms
[15.844s][info][gc,phases,start] GC(210) Summary Phase
[15.844s][info][gc,phases      ] GC(210) Summary Phase 0.043ms
[15.844s][info][gc,phases,start] GC(210) Adjust Roots
[15.844s][info][gc,phases      ] GC(210) Adjust Roots 0.161ms
[15.845s][info][gc,phases,start] GC(210) Compaction Phase
[16.070s][info][gc,phases      ] GC(210) Compaction Phase 225.016ms
[16.070s][info][gc,phases,start] GC(210) Post Compact
[16.075s][info][gc,phases      ] GC(210) Post Compact 5.046ms
[16.076s][info][gc,heap        ] GC(210) PSYoungGen: 84704K(151552K)->55246K(151552K) Eden: 0K(31232K)->0K(31232K) From: 84704K(120320K)->55246K(120320K)
[16.076s][info][gc,heap        ] GC(210) ParOldGen: 2403737K(2430464K)->2430309K(2686976K)
[16.076s][info][gc,metaspace   ] GC(210) Metaspace: 6301K(6464K)->6301K(6464K) NonClass: 5768K(5824K)->5768K(5824K) Class: 533K(640K)->533K(640K)
[16.076s][info][gc             ] GC(210) Pause Full (Ergonomics) 2430M->2427M(2772M) 776.716ms
[16.076s][info][gc,cpu         ] GC(210) User=5.61s Sys=0.06s Real=0.78s
[16.113s][info][gc,start       ] GC(211) Pause Young (Allocation Failure)
[16.263s][info][gc,heap        ] GC(211) PSYoungGen: 86478K(151552K)->69440K(100864K) Eden: 31232K(31232K)->0K(31232K) From: 55246K(120320K)->69440K(69632K)
[16.263s][info][gc,heap        ] GC(211) ParOldGen: 2430309K(2686976K)->2447829K(2686976K)
[16.263s][info][gc,metaspace   ] GC(211) Metaspace: 6301K(6464K)->6301K(6464K) NonClass: 5768K(5824K)->5768K(5824K) Class: 533K(640K)->533K(640K)
[16.263s][info][gc             ] GC(211) Pause Young (Allocation Failure) 2457M->2458M(2722M) 150.364ms
[16.263s][info][gc,cpu         ] GC(211) User=0.89s Sys=0.00s Real=0.15s
[16.301s][info][gc,start       ] GC(212) Pause Young (Allocation Failure)
[16.361s][info][gc,heap        ] GC(212) PSYoungGen: 100672K(100864K)->81216K(152576K) Eden: 31232K(31232K)->0K(34816K) From: 69440K(69632K)->81216K(117760K)
[16.362s][info][gc,heap        ] GC(212) ParOldGen: 2447829K(2686976K)->2467477K(2686976K)
[16.362s][info][gc,metaspace   ] GC(212) Metaspace: 6301K(6464K)->6301K(6464K) NonClass: 5768K(5824K)->5768K(5824K) Class: 533K(640K)->533K(640K)
[16.362s][info][gc             ] GC(212) Pause Young (Allocation Failure) 2488M->2488M(2773M) 60.152ms
[16.362s][info][gc,cpu         ] GC(212) User=0.36s Sys=0.02s Real=0.06s
[16.402s][info][gc,start       ] GC(213) Pause Young (Allocation Failure)
[16.467s][info][gc,heap        ] GC(213) PSYoungGen: 116032K(152576K)->97536K(152576K) Eden: 34816K(34816K)->0K(34816K) From: 81216K(117760K)->97536K(117760K)
[16.467s][info][gc,heap        ] GC(213) ParOldGen: 2467477K(2686976K)->2486157K(2686976K)
[16.467s][info][gc,metaspace   ] GC(213) Metaspace: 6301K(6464K)->6301K(6464K) NonClass: 5768K(5824K)->5768K(5824K) Class: 533K(640K)->533K(640K)
[16.467s][info][gc             ] GC(213) Pause Young (Allocation Failure) 2522M->2523M(2773M) 64.850ms
[16.467s][info][gc,cpu         ] GC(213) User=0.31s Sys=0.08s Real=0.06s
[16.509s][info][gc,start       ] GC(214) Pause Young (Allocation Failure)
[16.595s][info][gc,heap        ] GC(214) PSYoungGen: 132352K(152576K)->101088K(157184K) Eden: 34816K(34816K)->0K(33280K) From: 97536K(117760K)->101088K(123904K)
[16.595s][info][gc,heap        ] GC(214) ParOldGen: 2486157K(2686976K)->2517685K(2686976K)
[16.595s][info][gc,metaspace   ] GC(214) Metaspace: 6301K(6464K)->6301K(6464K) NonClass: 5768K(5824K)->5768K(5824K) Class: 533K(640K)->533K(640K)
[16.595s][info][gc             ] GC(214) Pause Young (Allocation Failure) 2557M->2557M(2777M) 86.345ms
[16.595s][info][gc,cpu         ] GC(214) User=0.39s Sys=0.14s Real=0.09s
[16.635s][info][gc,start       ] GC(215) Pause Young (Allocation Failure)
[16.712s][info][gc,heap        ] GC(215) PSYoungGen: 134368K(157184K)->103168K(162816K) Eden: 33280K(33280K)->0K(33280K) From: 101088K(123904K)->103168K(129536K)
[16.712s][info][gc,heap        ] GC(215) ParOldGen: 2517685K(2686976K)->2549205K(2686976K)
[16.712s][info][gc,metaspace   ] GC(215) Metaspace: 6301K(6464K)->6301K(6464K) NonClass: 5768K(5824K)->5768K(5824K) Class: 533K(640K)->533K(640K)
[16.712s][info][gc             ] GC(215) Pause Young (Allocation Failure) 2589M->2590M(2783M) 76.536ms
[16.712s][info][gc,cpu         ] GC(215) User=0.48s Sys=0.03s Real=0.08s
[16.753s][info][gc,start       ] GC(216) Pause Young (Allocation Failure)
[16.847s][info][gc,heap        ] GC(216) PSYoungGen: 136448K(162816K)->66720K(164864K) Eden: 33280K(33280K)->0K(37888K) From: 103168K(129536K)->66720K(126976K)
[16.847s][info][gc,heap        ] GC(216) ParOldGen: 2549205K(2686976K)->2619413K(2686976K)
[16.847s][info][gc,metaspace   ] GC(216) Metaspace: 6301K(6464K)->6301K(6464K) NonClass: 5768K(5824K)->5768K(5824K) Class: 533K(640K)->533K(640K)
[16.847s][info][gc             ] GC(216) Pause Young (Allocation Failure) 2622M->2623M(2785M) 94.629ms
[16.847s][info][gc,cpu         ] GC(216) User=0.48s Sys=0.14s Real=0.09s
[16.896s][info][gc,start       ] GC(217) Pause Young (Allocation Failure)
[16.974s][info][gc,heap        ] GC(217) PSYoungGen: 104608K(164864K)->38048K(168448K) Eden: 37888K(37888K)->0K(37888K) From: 66720K(126976K)->38048K(130560K)
[16.974s][info][gc,heap        ] GC(217) ParOldGen: 2619413K(2686976K)->2686541K(2686976K)
[16.974s][info][gc,metaspace   ] GC(217) Metaspace: 6301K(6464K)->6301K(6464K) NonClass: 5768K(5824K)->5768K(5824K) Class: 533K(640K)->533K(640K)
[16.975s][info][gc             ] GC(217) Pause Young (Allocation Failure) 2660M->2660M(2788M) 78.348ms
[16.975s][info][gc,cpu         ] GC(217) User=0.34s Sys=0.17s Real=0.08s
[16.975s][info][gc,start       ] GC(218) Pause Full (Ergonomics)
[16.975s][info][gc,phases,start] GC(218) Marking Phase
[17.593s][info][gc,phases      ] GC(218) Marking Phase 618.205ms
[17.593s][info][gc,phases,start] GC(218) Summary Phase
[17.593s][info][gc,phases      ] GC(218) Summary Phase 0.040ms
[17.593s][info][gc,phases,start] GC(218) Adjust Roots
[17.593s][info][gc,phases      ] GC(218) Adjust Roots 0.186ms
[17.593s][info][gc,phases,start] GC(218) Compaction Phase
[17.825s][info][gc,phases      ] GC(218) Compaction Phase 232.341ms
[17.826s][info][gc,phases,start] GC(218) Post Compact
[17.830s][info][gc,phases      ] GC(218) Post Compact 4.559ms
[17.832s][info][gc,heap        ] GC(218) PSYoungGen: 38048K(168448K)->35295K(168448K) Eden: 0K(37888K)->0K(37888K) From: 38048K(130560K)->35295K(130560K)
[17.832s][info][gc,heap        ] GC(218) ParOldGen: 2686541K(2686976K)->2686579K(2988544K)
[17.832s][info][gc,metaspace   ] GC(218) Metaspace: 6301K(6464K)->6301K(6464K) NonClass: 5768K(5824K)->5768K(5824K) Class: 533K(640K)->533K(640K)
[17.832s][info][gc             ] GC(218) Pause Full (Ergonomics) 2660M->2658M(3083M) 857.853ms
[17.832s][info][gc,cpu         ] GC(218) User=6.50s Sys=0.02s Real=0.86s
[17.878s][info][gc,start       ] GC(219) Pause Young (Allocation Failure)
[18.035s][info][gc,heap        ] GC(219) PSYoungGen: 73183K(168448K)->38048K(172544K) Eden: 37888K(37888K)->0K(41984K) From: 35295K(130560K)->38048K(130560K)
[18.035s][info][gc,heap        ] GC(219) ParOldGen: 2686579K(2988544K)->2722227K(2988544K)
[18.035s][info][gc,metaspace   ] GC(219) Metaspace: 6301K(6464K)->6301K(6464K) NonClass: 5768K(5824K)->5768K(5824K) Class: 533K(640K)->533K(640K)
[18.035s][info][gc             ] GC(219) Pause Young (Allocation Failure) 2695M->2695M(3087M) 157.012ms
[18.035s][info][gc,cpu         ] GC(219) User=0.91s Sys=0.14s Real=0.16s
[18.085s][info][gc,start       ] GC(220) Pause Young (Allocation Failure)
[18.142s][info][gc,heap        ] GC(220) PSYoungGen: 80032K(172544K)->42208K(173568K) Eden: 41984K(41984K)->0K(41984K) From: 38048K(130560K)->42208K(131584K)
[18.142s][info][gc,heap        ] GC(220) ParOldGen: 2722227K(2988544K)->2760459K(2988544K)
[18.142s][info][gc,metaspace   ] GC(220) Metaspace: 6301K(6464K)->6301K(6464K) NonClass: 5768K(5824K)->5768K(5824K) Class: 533K(640K)->533K(640K)
[18.143s][info][gc             ] GC(220) Pause Young (Allocation Failure) 2736M->2736M(3088M) 57.430ms
[18.143s][info][gc,cpu         ] GC(220) User=0.28s Sys=0.11s Real=0.06s
[18.796s][info][gc,start       ] GC(221) Pause Young (Allocation Failure)
[18.916s][info][gc,heap        ] GC(221) PSYoungGen: 84192K(173568K)->42176K(171520K) Eden: 41984K(41984K)->0K(46080K) From: 42208K(131584K)->42176K(125440K)
[18.916s][info][gc,heap        ] GC(221) ParOldGen: 2891531K(2988544K)->2933915K(2988544K)
[18.916s][info][gc,metaspace   ] GC(221) Metaspace: 6301K(6464K)->6301K(6464K) NonClass: 5768K(5824K)->5768K(5824K) Class: 533K(640K)->533K(640K)
[18.916s][info][gc             ] GC(221) Pause Young (Allocation Failure) 2905M->2906M(3086M) 120.444ms
[18.916s][info][gc,cpu         ] GC(221) User=0.75s Sys=0.12s Real=0.12s
[18.916s][info][gc,start       ] GC(222) Pause Full (Ergonomics)
[18.917s][info][gc,phases,start] GC(222) Marking Phase
[19.562s][info][gc,phases      ] GC(222) Marking Phase 645.910ms
[19.562s][info][gc,phases,start] GC(222) Summary Phase
[19.563s][info][gc,phases      ] GC(222) Summary Phase 0.071ms
[19.563s][info][gc,phases,start] GC(222) Adjust Roots
[19.563s][info][gc,phases      ] GC(222) Adjust Roots 0.163ms
[19.563s][info][gc,phases,start] GC(222) Compaction Phase
[20.002s][info][gc,phases      ] GC(222) Compaction Phase 439.092ms
[20.002s][info][gc,phases,start] GC(222) Post Compact
[20.009s][info][gc,phases      ] GC(222) Post Compact 7.082ms
[20.012s][info][gc,heap        ] GC(222) PSYoungGen: 42176K(171520K)->0K(174080K) Eden: 0K(46080K)->0K(46080K) From: 42176K(125440K)->0K(128000K)
[20.012s][info][gc,heap        ] GC(222) ParOldGen: 2933915K(2988544K)->2909175K(3232768K)
[20.012s][info][gc,metaspace   ] GC(222) Metaspace: 6301K(6464K)->6301K(6464K) NonClass: 5768K(5824K)->5768K(5824K) Class: 533K(640K)->533K(640K)
[20.012s][info][gc             ] GC(222) Pause Full (Ergonomics) 2906M->2840M(3327M) 1095.352ms
[20.012s][info][gc,cpu         ] GC(222) User=7.77s Sys=0.02s Real=1.10s
[20.065s][info][gc,start       ] GC(223) Pause Young (Allocation Failure)
[20.111s][info][gc,heap        ] GC(223) PSYoungGen: 46080K(174080K)->46336K(169472K) Eden: 46080K(46080K)->0K(49664K) From: 0K(128000K)->46336K(119808K)
[20.111s][info][gc,heap        ] GC(223) ParOldGen: 2909175K(3232768K)->2909175K(3232768K)
[20.111s][info][gc,metaspace   ] GC(223) Metaspace: 6301K(6464K)->6301K(6464K) NonClass: 5768K(5824K)->5768K(5824K) Class: 533K(640K)->533K(640K)
[20.111s][info][gc             ] GC(223) Pause Young (Allocation Failure) 2885M->2886M(3322M) 46.613ms
[20.111s][info][gc,cpu         ] GC(223) User=0.06s Sys=0.00s Real=0.05s
[20.165s][info][gc,start       ] GC(224) Pause Young (Allocation Failure)
[20.228s][info][gc,heap        ] GC(224) PSYoungGen: 96000K(169472K)->96032K(174080K) Eden: 49664K(49664K)->0K(49664K) From: 46336K(119808K)->96032K(124416K)
[20.228s][info][gc,heap        ] GC(224) ParOldGen: 2909175K(3232768K)->2909175K(3232768K)
[20.228s][info][gc,metaspace   ] GC(224) Metaspace: 6301K(6464K)->6301K(6464K) NonClass: 5768K(5824K)->5768K(5824K) Class: 533K(640K)->533K(640K)
[20.228s][info][gc             ] GC(224) Pause Young (Allocation Failure) 2934M->2934M(3327M) 63.151ms
[20.228s][info][gc,cpu         ] GC(224) User=0.19s Sys=0.00s Real=0.06s
[20.279s][info][gc,start       ] GC(225) Pause Young (Allocation Failure)
[20.364s][info][gc,heap        ] GC(225) PSYoungGen: 145696K(174080K)->130560K(161280K) Eden: 49664K(49664K)->0K(30720K) From: 96032K(124416K)->130560K(130560K)
[20.365s][info][gc,heap        ] GC(225) ParOldGen: 2909175K(3232768K)->2924367K(3232768K)
[20.365s][info][gc,metaspace   ] GC(225) Metaspace: 6301K(6464K)->6301K(6464K) NonClass: 5768K(5824K)->5768K(5824K) Class: 533K(640K)->533K(640K)
[20.365s][info][gc             ] GC(225) Pause Young (Allocation Failure) 2983M->2983M(3314M) 85.804ms
[20.365s][info][gc,cpu         ] GC(225) User=0.31s Sys=0.14s Real=0.09s
[20.394s][info][gc,start       ] GC(226) Pause Young (Allocation Failure)
[20.480s][info][gc,heap        ] GC(226) PSYoungGen: 161280K(161280K)->115264K(184832K) Eden: 30720K(30720K)->0K(30720K) From: 130560K(130560K)->115264K(154112K)
[20.480s][info][gc,heap        ] GC(226) ParOldGen: 2924367K(3232768K)->2970863K(3232768K)
[20.480s][info][gc,metaspace   ] GC(226) Metaspace: 6301K(6464K)->6301K(6464K) NonClass: 5768K(5824K)->5768K(5824K) Class: 533K(640K)->533K(640K)
[20.480s][info][gc             ] GC(226) Pause Young (Allocation Failure) 3013M->3013M(3337M) 86.286ms
[20.480s][info][gc,cpu         ] GC(226) User=0.38s Sys=0.12s Real=0.09s
[20.509s][info][gc,start       ] GC(227) Pause Young (Allocation Failure)
[20.592s][info][gc,heap        ] GC(227) PSYoungGen: 145984K(184832K)->99968K(195584K) Eden: 30720K(30720K)->0K(34304K) From: 115264K(154112K)->99968K(161280K)
[20.592s][info][gc,heap        ] GC(227) ParOldGen: 2970863K(3232768K)->3017327K(3232768K)
[20.592s][info][gc,metaspace   ] GC(227) Metaspace: 6301K(6464K)->6301K(6464K) NonClass: 5768K(5824K)->5768K(5824K) Class: 533K(640K)->533K(640K)
[20.592s][info][gc             ] GC(227) Pause Young (Allocation Failure) 3043M->3044M(3348M) 82.428ms
[20.592s][info][gc,cpu         ] GC(227) User=0.38s Sys=0.14s Real=0.08s
[20.625s][info][gc,start       ] GC(228) Pause Young (Allocation Failure)
[20.710s][info][gc,heap        ] GC(228) PSYoungGen: 134272K(195584K)->65216K(99840K) Eden: 34304K(34304K)->0K(34304K) From: 99968K(161280K)->65216K(65536K)
[20.710s][info][gc,heap        ] GC(228) ParOldGen: 3017327K(3232768K)->3086927K(3232768K)
[20.710s][info][gc,metaspace   ] GC(228) Metaspace: 6301K(6464K)->6301K(6464K) NonClass: 5768K(5824K)->5768K(5824K) Class: 533K(640K)->533K(640K)
[20.710s][info][gc             ] GC(228) Pause Young (Allocation Failure) 3077M->3078M(3254M) 85.637ms
[20.710s][info][gc,cpu         ] GC(228) User=0.38s Sys=0.38s Real=0.09s
[20.749s][info][gc,start       ] GC(229) Pause Young (Allocation Failure)
[20.822s][info][gc,heap        ] GC(229) PSYoungGen: 99520K(99840K)->34432K(194560K) Eden: 34304K(34304K)->0K(38912K) From: 65216K(65536K)->34432K(155648K)
[20.822s][info][gc,heap        ] GC(229) ParOldGen: 3086927K(3232768K)->3152519K(3232768K)
[20.822s][info][gc,metaspace   ] GC(229) Metaspace: 6301K(6464K)->6301K(6464K) NonClass: 5768K(5824K)->5768K(5824K) Class: 533K(640K)->533K(640K)
[20.822s][info][gc             ] GC(229) Pause Young (Allocation Failure) 3111M->3112M(3347M) 72.591ms
[20.822s][info][gc,cpu         ] GC(229) User=0.17s Sys=0.34s Real=0.07s
[20.822s][info][gc,start       ] GC(230) Pause Full (Ergonomics)
[20.822s][info][gc,phases,start] GC(230) Marking Phase
[21.538s][info][gc,phases      ] GC(230) Marking Phase 715.711ms
[21.538s][info][gc,phases,start] GC(230) Summary Phase
[21.538s][info][gc,phases      ] GC(230) Summary Phase 0.073ms
[21.538s][info][gc,phases,start] GC(230) Adjust Roots
[21.538s][info][gc,phases      ] GC(230) Adjust Roots 0.190ms
[21.538s][info][gc,phases,start] GC(230) Compaction Phase
[21.857s][info][gc,phases      ] GC(230) Compaction Phase 318.759ms
[21.857s][info][gc,phases,start] GC(230) Post Compact
[21.863s][info][gc,phases      ] GC(230) Post Compact 5.924ms
[21.866s][info][gc,heap        ] GC(230) PSYoungGen: 34432K(194560K)->0K(194560K) Eden: 0K(38912K)->0K(38912K) From: 34432K(155648K)->0K(155648K)
[21.866s][info][gc,heap        ] GC(230) ParOldGen: 3152519K(3232768K)->3184419K(3552768K)
[21.866s][info][gc,metaspace   ] GC(230) Metaspace: 6301K(6464K)->6301K(6464K) NonClass: 5768K(5824K)->5768K(5824K) Class: 533K(640K)->533K(640K)
[21.866s][info][gc             ] GC(230) Pause Full (Ergonomics) 3112M->3109M(3659M) 1043.690ms
[21.866s][info][gc,cpu         ] GC(230) User=7.36s Sys=0.08s Real=1.04s
[21.910s][info][gc,start       ] GC(231) Pause Young (Allocation Failure)
[21.950s][info][gc,heap        ] GC(231) PSYoungGen: 38912K(194560K)->39072K(192512K) Eden: 38912K(38912K)->0K(43008K) From: 0K(155648K)->39072K(149504K)
[21.950s][info][gc,heap        ] GC(231) ParOldGen: 3184419K(3552768K)->3184419K(3552768K)
[21.950s][info][gc,metaspace   ] GC(231) Metaspace: 6301K(6464K)->6301K(6464K) NonClass: 5768K(5824K)->5768K(5824K) Class: 533K(640K)->533K(640K)
[21.950s][info][gc             ] GC(231) Pause Young (Allocation Failure) 3147M->3147M(3657M) 39.987ms
[21.950s][info][gc,cpu         ] GC(231) User=0.08s Sys=0.00s Real=0.04s
[21.995s][info][gc,start       ] GC(232) Pause Young (Allocation Failure)
[22.049s][info][gc,heap        ] GC(232) PSYoungGen: 82080K(192512K)->82176K(196096K) Eden: 43008K(43008K)->0K(43008K) From: 39072K(149504K)->82176K(153088K)
[22.049s][info][gc,heap        ] GC(232) ParOldGen: 3184419K(3552768K)->3184419K(3552768K)
[22.049s][info][gc,metaspace   ] GC(232) Metaspace: 6301K(6464K)->6301K(6464K) NonClass: 5768K(5824K)->5768K(5824K) Class: 533K(640K)->533K(640K)
[22.049s][info][gc             ] GC(232) Pause Young (Allocation Failure) 3189M->3190M(3661M) 53.216ms
[22.049s][info][gc,cpu         ] GC(232) User=0.17s Sys=0.00s Real=0.05s
[22.092s][info][gc,start       ] GC(233) Pause Young (Allocation Failure)
[22.169s][info][gc,heap        ] GC(233) PSYoungGen: 125184K(196096K)->86240K(192000K) Eden: 43008K(43008K)->0K(47616K) From: 82176K(153088K)->86240K(144384K)
[22.169s][info][gc,heap        ] GC(233) ParOldGen: 3184419K(3552768K)->3223675K(3552768K)
[22.169s][info][gc,metaspace   ] GC(233) Metaspace: 6301K(6464K)->6301K(6464K) NonClass: 5768K(5824K)->5768K(5824K) Class: 533K(640K)->533K(640K)
[22.169s][info][gc             ] GC(233) Pause Young (Allocation Failure) 3232M->3232M(3657M) 76.416ms
[22.169s][info][gc,cpu         ] GC(233) User=0.31s Sys=0.09s Real=0.08s
[22.219s][info][gc,start       ] GC(234) Pause Young (Allocation Failure)
[22.299s][info][gc,heap        ] GC(234) PSYoungGen: 133856K(192000K)->90880K(194560K) Eden: 47616K(47616K)->0K(47616K) From: 86240K(144384K)->90880K(146944K)
[22.299s][info][gc,heap        ] GC(234) ParOldGen: 3223675K(3552768K)->3267075K(3552768K)
[22.299s][info][gc,metaspace   ] GC(234) Metaspace: 6301K(6464K)->6301K(6464K) NonClass: 5768K(5824K)->5768K(5824K) Class: 533K(640K)->533K(640K)
[22.299s][info][gc             ] GC(234) Pause Young (Allocation Failure) 3278M->3279M(3659M) 79.624ms
[22.299s][info][gc,cpu         ] GC(234) User=0.48s Sys=0.14s Real=0.08s
[22.351s][info][gc,start       ] GC(235) Pause Young (Allocation Failure)
[22.431s][info][gc,heap        ] GC(235) PSYoungGen: 138496K(194560K)->95520K(198656K) Eden: 47616K(47616K)->0K(52736K) From: 90880K(146944K)->95520K(145920K)
[22.431s][info][gc,heap        ] GC(235) ParOldGen: 3267075K(3552768K)->3310467K(3552768K)
[22.431s][info][gc,metaspace   ] GC(235) Metaspace: 6301K(6464K)->6301K(6464K) NonClass: 5768K(5824K)->5768K(5824K) Class: 533K(640K)->533K(640K)
[22.431s][info][gc             ] GC(235) Pause Young (Allocation Failure) 3325M->3326M(3663M) 80.186ms
[22.431s][info][gc,cpu         ] GC(235) User=0.36s Sys=0.16s Real=0.08s
[22.489s][info][gc,start       ] GC(236) Pause Young (Allocation Failure)
[22.577s][info][gc,heap        ] GC(236) PSYoungGen: 148256K(198656K)->100640K(199168K) Eden: 52736K(52736K)->0K(52736K) From: 95520K(145920K)->100640K(146432K)
[22.577s][info][gc,heap        ] GC(236) ParOldGen: 3310467K(3552768K)->3358523K(3552768K)
[22.577s][info][gc,metaspace   ] GC(236) Metaspace: 6301K(6464K)->6301K(6464K) NonClass: 5768K(5824K)->5768K(5824K) Class: 533K(640K)->533K(640K)
[22.577s][info][gc             ] GC(236) Pause Young (Allocation Failure) 3377M->3378M(3664M) 88.231ms
[22.577s][info][gc,cpu         ] GC(236) User=0.38s Sys=0.25s Real=0.09s
[22.628s][info][gc,start       ] GC(237) Pause Young (Allocation Failure)
[22.715s][info][gc,heap        ] GC(237) PSYoungGen: 153376K(199168K)->105792K(204288K) Eden: 52736K(52736K)->0K(55808K) From: 100640K(146432K)->105792K(148480K)
[22.715s][info][gc,heap        ] GC(237) ParOldGen: 3358523K(3552768K)->3406563K(3552768K)
[22.715s][info][gc,metaspace   ] GC(237) Metaspace: 6301K(6464K)->6301K(6464K) NonClass: 5768K(5824K)->5768K(5824K) Class: 533K(640K)->533K(640K)
[22.715s][info][gc             ] GC(237) Pause Young (Allocation Failure) 3429M->3430M(3669M) 87.637ms
[22.715s][info][gc,cpu         ] GC(237) User=0.42s Sys=0.09s Real=0.09s
[22.773s][info][gc,start       ] GC(238) Pause Young (Allocation Failure)
[22.890s][info][gc,heap        ] GC(238) PSYoungGen: 161600K(204288K)->56032K(207360K) Eden: 55808K(55808K)->0K(55808K) From: 105792K(148480K)->56032K(151552K)
[22.890s][info][gc,heap        ] GC(238) ParOldGen: 3406563K(3552768K)->3512939K(3552768K)
[22.890s][info][gc,metaspace   ] GC(238) Metaspace: 6301K(6464K)->6301K(6464K) NonClass: 5768K(5824K)->5768K(5824K) Class: 533K(640K)->533K(640K)
[22.890s][info][gc             ] GC(238) Pause Young (Allocation Failure) 3484M->3485M(3672M) 116.310ms
[22.890s][info][gc,cpu         ] GC(238) User=0.48s Sys=0.39s Real=0.12s
[22.890s][info][gc,start       ] GC(239) Pause Full (Ergonomics)
[22.890s][info][gc,phases,start] GC(239) Marking Phase
[23.678s][info][gc,phases      ] GC(239) Marking Phase 788.560ms
[23.678s][info][gc,phases,start] GC(239) Summary Phase
[23.678s][info][gc,phases      ] GC(239) Summary Phase 0.046ms
[23.678s][info][gc,phases,start] GC(239) Adjust Roots
[23.679s][info][gc,phases      ] GC(239) Adjust Roots 0.199ms
[23.679s][info][gc,phases,start] GC(239) Compaction Phase
[24.448s][info][gc,phases      ] GC(239) Compaction Phase 768.957ms
[24.448s][info][gc,phases,start] GC(239) Post Compact
[24.455s][info][gc,phases      ] GC(239) Post Compact 7.330ms
[24.458s][info][gc,heap        ] GC(239) PSYoungGen: 56032K(207360K)->12859K(207360K) Eden: 0K(55808K)->0K(55808K) From: 56032K(151552K)->12859K(151552K)
[24.458s][info][gc,heap        ] GC(239) ParOldGen: 3512939K(3552768K)->3552734K(3966464K)
[24.458s][info][gc,metaspace   ] GC(239) Metaspace: 6301K(6464K)->6301K(6464K) NonClass: 5768K(5824K)->5768K(5824K) Class: 533K(640K)->533K(640K)
[24.459s][info][gc             ] GC(239) Pause Full (Ergonomics) 3485M->3482M(4076M) 1568.852ms
[24.459s][info][gc,cpu         ] GC(239) User=10.89s Sys=0.16s Real=1.57s
[24.517s][info][gc,start       ] GC(240) Pause Young (Allocation Failure)
[24.701s][info][gc,heap        ] GC(240) PSYoungGen: 68667K(207360K)->56032K(202752K) Eden: 55808K(55808K)->0K(61440K) From: 12859K(151552K)->56032K(141312K)
[24.701s][info][gc,heap        ] GC(240) ParOldGen: 3552734K(3966464K)->3565750K(3966464K)
[24.701s][info][gc,metaspace   ] GC(240) Metaspace: 6301K(6464K)->6301K(6464K) NonClass: 5768K(5824K)->5768K(5824K) Class: 533K(640K)->533K(640K)
[24.701s][info][gc             ] GC(240) Pause Young (Allocation Failure) 3536M->3536M(4071M) 183.825ms
[24.701s][info][gc,cpu         ] GC(240) User=1.16s Sys=0.08s Real=0.18s
[24.768s][info][gc,start       ] GC(241) Pause Young (Allocation Failure)
[24.839s][info][gc,heap        ] GC(241) PSYoungGen: 117472K(202752K)->117568K(207360K) Eden: 61440K(61440K)->0K(61440K) From: 56032K(141312K)->117568K(145920K)
[24.839s][info][gc,heap        ] GC(241) ParOldGen: 3565750K(3966464K)->3565750K(3966464K)
[24.839s][info][gc,metaspace   ] GC(241) Metaspace: 6301K(6464K)->6301K(6464K) NonClass: 5768K(5824K)->5768K(5824K) Class: 533K(640K)->533K(640K)
[24.839s][info][gc             ] GC(241) Pause Young (Allocation Failure) 3596M->3596M(4076M) 71.029ms
[24.839s][info][gc,cpu         ] GC(241) User=0.31s Sys=0.00s Real=0.07s
[24.903s][info][gc,start       ] GC(242) Pause Young (Allocation Failure)
[25.018s][info][gc,heap        ] GC(242) PSYoungGen: 179008K(207360K)->154112K(192512K) Eden: 61440K(61440K)->0K(38400K) From: 117568K(145920K)->154112K(154112K)
[25.018s][info][gc,heap        ] GC(242) ParOldGen: 3565750K(3966464K)->3590774K(3966464K)
[25.018s][info][gc,metaspace   ] GC(242) Metaspace: 6301K(6464K)->6301K(6464K) NonClass: 5768K(5824K)->5768K(5824K) Class: 533K(640K)->533K(640K)
[25.018s][info][gc             ] GC(242) Pause Young (Allocation Failure) 3656M->3657M(4061M) 115.081ms
[25.018s][info][gc,cpu         ] GC(242) User=0.47s Sys=0.31s Real=0.12s
[25.058s][info][gc,start       ] GC(243) Pause Young (Allocation Failure)
[25.189s][info][gc,heap        ] GC(243) PSYoungGen: 192512K(192512K)->95968K(134656K) Eden: 38400K(38400K)->0K(38400K) From: 154112K(154112K)->95968K(96256K)
[25.189s][info][gc,heap        ] GC(243) ParOldGen: 3590774K(3966464K)->3688254K(3966464K)
[25.190s][info][gc,metaspace   ] GC(243) Metaspace: 6301K(6464K)->6301K(6464K) NonClass: 5768K(5824K)->5768K(5824K) Class: 533K(640K)->533K(640K)
[25.190s][info][gc             ] GC(243) Pause Young (Allocation Failure) 3694M->3695M(4005M) 131.560ms
[25.190s][info][gc,cpu         ] GC(243) User=0.66s Sys=0.36s Real=0.13s
[25.226s][info][gc,start       ] GC(244) Pause Young (Allocation Failure)
[25.317s][info][gc,heap        ] GC(244) PSYoungGen: 134368K(134656K)->77056K(208384K) Eden: 38400K(38400K)->0K(43520K) From: 95968K(96256K)->77056K(164864K)
[25.317s][info][gc,heap        ] GC(244) ParOldGen: 3688254K(3966464K)->3746030K(3966464K)
[25.317s][info][gc,metaspace   ] GC(244) Metaspace: 6301K(6464K)->6301K(6464K) NonClass: 5768K(5824K)->5768K(5824K) Class: 533K(640K)->533K(640K)
[25.317s][info][gc             ] GC(244) Pause Young (Allocation Failure) 3733M->3733M(4077M) 91.563ms
[25.317s][info][gc,cpu         ] GC(244) User=0.42s Sys=0.20s Real=0.09s
[25.363s][info][gc,start       ] GC(245) Pause Young (Allocation Failure)
[25.455s][info][gc,heap        ] GC(245) PSYoungGen: 120576K(208384K)->43712K(213504K) Eden: 43520K(43520K)->0K(43520K) From: 77056K(164864K)->43712K(169984K)
[25.455s][info][gc,heap        ] GC(245) ParOldGen: 3746030K(3966464K)->3823486K(3966464K)
[25.455s][info][gc,metaspace   ] GC(245) Metaspace: 6301K(6464K)->6301K(6464K) NonClass: 5768K(5824K)->5768K(5824K) Class: 533K(640K)->533K(640K)
[25.455s][info][gc             ] GC(245) Pause Young (Allocation Failure) 3775M->3776M(4082M) 91.940ms
[25.455s][info][gc,cpu         ] GC(245) User=0.45s Sys=0.19s Real=0.09s
[25.504s][info][gc,start       ] GC(246) Pause Young (Allocation Failure)
[25.570s][info][gc,heap        ] GC(246) PSYoungGen: 87232K(213504K)->43712K(216576K) Eden: 43520K(43520K)->0K(49152K) From: 43712K(169984K)->43712K(167424K)
[25.571s][info][gc,heap        ] GC(246) ParOldGen: 3823486K(3966464K)->3867382K(3966464K)
[25.571s][info][gc,metaspace   ] GC(246) Metaspace: 6301K(6464K)->6301K(6464K) NonClass: 5768K(5824K)->5768K(5824K) Class: 533K(640K)->533K(640K)
[25.571s][info][gc             ] GC(246) Pause Young (Allocation Failure) 3819M->3819M(4085M) 66.118ms
[25.571s][info][gc,cpu         ] GC(246) User=0.28s Sys=0.09s Real=0.07s
[25.571s][info][gc,start       ] GC(247) Pause Full (Ergonomics)
[25.571s][info][gc,phases,start] GC(247) Marking Phase
[26.469s][info][gc,phases      ] GC(247) Marking Phase 898.188ms
[26.469s][info][gc,phases,start] GC(247) Summary Phase
[26.469s][info][gc,phases      ] GC(247) Summary Phase 0.079ms
[26.469s][info][gc,phases,start] GC(247) Adjust Roots
[26.469s][info][gc,phases      ] GC(247) Adjust Roots 0.212ms
[26.469s][info][gc,phases,start] GC(247) Compaction Phase
[26.836s][info][gc,phases      ] GC(247) Compaction Phase 366.823ms
[26.836s][info][gc,phases,start] GC(247) Post Compact
[26.843s][info][gc,phases      ] GC(247) Post Compact 7.192ms
[26.847s][info][gc,heap        ] GC(247) PSYoungGen: 43712K(216576K)->0K(217600K) Eden: 0K(49152K)->0K(49152K) From: 43712K(167424K)->0K(168448K)
[26.847s][info][gc,heap        ] GC(247) ParOldGen: 3867382K(3966464K)->3907893K(4364288K)
[26.847s][info][gc,metaspace   ] GC(247) Metaspace: 6301K(6464K)->6301K(6464K) NonClass: 5768K(5824K)->5768K(5824K) Class: 533K(640K)->533K(640K)
[26.847s][info][gc             ] GC(247) Pause Full (Ergonomics) 3819M->3816M(4474M) 1276.573ms
[26.847s][info][gc,cpu         ] GC(247) User=9.31s Sys=0.11s Real=1.28s
[26.897s][info][gc,start       ] GC(248) Pause Young (Allocation Failure)
[26.945s][info][gc,heap        ] GC(248) PSYoungGen: 49152K(217600K)->49376K(214016K) Eden: 49152K(49152K)->0K(54272K) From: 0K(168448K)->49376K(159744K)
[26.945s][info][gc,heap        ] GC(248) ParOldGen: 3907893K(4364288K)->3907893K(4364288K)
[26.945s][info][gc,metaspace   ] GC(248) Metaspace: 6301K(6464K)->6301K(6464K) NonClass: 5768K(5824K)->5768K(5824K) Class: 533K(640K)->533K(640K)
[26.945s][info][gc             ] GC(248) Pause Young (Allocation Failure) 3864M->3864M(4471M) 48.720ms
[26.945s][info][gc,cpu         ] GC(248) User=0.06s Sys=0.00s Real=0.05s
[27.000s][info][gc,start       ] GC(249) Pause Young (Allocation Failure)
[27.062s][info][gc,heap        ] GC(249) PSYoungGen: 103648K(214016K)->103712K(219136K) Eden: 54272K(54272K)->0K(54272K) From: 49376K(159744K)->103712K(164864K)
[27.062s][info][gc,heap        ] GC(249) ParOldGen: 3907893K(4364288K)->3907893K(4364288K)
[27.062s][info][gc,metaspace   ] GC(249) Metaspace: 6301K(6464K)->6301K(6464K) NonClass: 5768K(5824K)->5768K(5824K) Class: 533K(640K)->533K(640K)
[27.062s][info][gc             ] GC(249) Pause Young (Allocation Failure) 3917M->3917M(4476M) 62.132ms
[27.062s][info][gc,cpu         ] GC(249) User=0.20s Sys=0.00s Real=0.06s
[27.117s][info][gc,start       ] GC(250) Pause Young (Allocation Failure)
[27.197s][info][gc,heap        ] GC(250) PSYoungGen: 157984K(219136K)->158048K(205824K) Eden: 54272K(54272K)->0K(39936K) From: 103712K(164864K)->158048K(165888K)
[27.197s][info][gc,heap        ] GC(250) ParOldGen: 3907893K(4364288K)->3907893K(4364288K)
[27.197s][info][gc,metaspace   ] GC(250) Metaspace: 6301K(6464K)->6301K(6464K) NonClass: 5768K(5824K)->5768K(5824K) Class: 533K(640K)->533K(640K)
[27.197s][info][gc             ] GC(250) Pause Young (Allocation Failure) 3970M->3970M(4463M) 80.313ms
[27.197s][info][gc,cpu         ] GC(250) User=0.41s Sys=0.00s Real=0.08s
[27.244s][info][gc,start       ] GC(251) Pause Young (Allocation Failure)
[27.354s][info][gc,heap        ] GC(251) PSYoungGen: 197984K(205824K)->148896K(225792K) Eden: 39936K(39936K)->0K(39936K) From: 158048K(165888K)->148896K(185856K)
[27.354s][info][gc,heap        ] GC(251) ParOldGen: 3907893K(4364288K)->3957493K(4364288K)
[27.354s][info][gc,metaspace   ] GC(251) Metaspace: 6301K(6464K)->6301K(6464K) NonClass: 5768K(5824K)->5768K(5824K) Class: 533K(640K)->533K(640K)
[27.354s][info][gc             ] GC(251) Pause Young (Allocation Failure) 4009M->4010M(4482M) 109.697ms
[27.354s][info][gc,cpu         ] GC(251) User=0.67s Sys=0.09s Real=0.11s
[27.398s][info][gc,start       ] GC(252) Pause Young (Allocation Failure)
[27.510s][info][gc,heap        ] GC(252) PSYoungGen: 188832K(225792K)->134464K(238592K) Eden: 39936K(39936K)->0K(39936K) From: 148896K(185856K)->134464K(198656K)
[27.510s][info][gc,heap        ] GC(252) ParOldGen: 3957493K(4364288K)->4012245K(4364288K)
[27.510s][info][gc,metaspace   ] GC(252) Metaspace: 6301K(6464K)->6301K(6464K) NonClass: 5768K(5824K)->5768K(5824K) Class: 533K(640K)->533K(640K)
[27.510s][info][gc             ] GC(252) Pause Young (Allocation Failure) 4049M->4049M(4495M) 112.251ms
[27.510s][info][gc,cpu         ] GC(252) User=0.59s Sys=0.17s Real=0.11s
[27.550s][info][gc,start       ] GC(253) Pause Young (Allocation Failure)
[27.670s][info][gc,heap        ] GC(253) PSYoungGen: 174400K(238592K)->80160K(120320K) Eden: 39936K(39936K)->0K(39936K) From: 134464K(198656K)->80160K(80384K)
[27.670s][info][gc,heap        ] GC(253) ParOldGen: 4012245K(4364288K)->4107269K(4364288K)
[27.670s][info][gc,metaspace   ] GC(253) Metaspace: 6301K(6464K)->6301K(6464K) NonClass: 5768K(5824K)->5768K(5824K) Class: 533K(640K)->533K(640K)
[27.670s][info][gc             ] GC(253) Pause Young (Allocation Failure) 4088M->4089M(4379M) 119.349ms
[27.670s][info][gc,cpu         ] GC(253) User=0.44s Sys=0.44s Real=0.12s
[27.708s][info][gc,start       ] GC(254) Pause Young (Allocation Failure)
[27.802s][info][gc,heap        ] GC(254) PSYoungGen: 120096K(120320K)->40128K(241152K) Eden: 39936K(39936K)->0K(45568K) From: 80160K(80384K)->40128K(195584K)
[27.802s][info][gc,heap        ] GC(254) ParOldGen: 4107269K(4364288K)->4187821K(4364288K)
[27.802s][info][gc,metaspace   ] GC(254) Metaspace: 6301K(6464K)->6301K(6464K) NonClass: 5768K(5824K)->5768K(5824K) Class: 533K(640K)->533K(640K)
[27.802s][info][gc             ] GC(254) Pause Young (Allocation Failure) 4128M->4128M(4497M) 93.922ms
[27.802s][info][gc,cpu         ] GC(254) User=0.30s Sys=0.31s Real=0.09s
[27.854s][info][gc,start       ] GC(255) Pause Young (Allocation Failure)
[27.920s][info][gc,heap        ] GC(255) PSYoungGen: 85696K(241152K)->45792K(241152K) Eden: 45568K(45568K)->0K(45568K) From: 40128K(195584K)->45792K(195584K)
[27.920s][info][gc,heap        ] GC(255) ParOldGen: 4187821K(4364288K)->4228117K(4364288K)
[27.920s][info][gc,metaspace   ] GC(255) Metaspace: 6301K(6464K)->6301K(6464K) NonClass: 5768K(5824K)->5768K(5824K) Class: 533K(640K)->533K(640K)
[27.920s][info][gc             ] GC(255) Pause Young (Allocation Failure) 4173M->4173M(4497M) 66.355ms
[27.920s][info][gc,cpu         ] GC(255) User=0.20s Sys=0.11s Real=0.07s
[27.975s][info][gc,start       ] GC(256) Pause Young (Allocation Failure)
[28.042s][info][gc,heap        ] GC(256) PSYoungGen: 91360K(241152K)->45760K(236032K) Eden: 45568K(45568K)->0K(51200K) From: 45792K(195584K)->45760K(184832K)
[28.042s][info][gc,heap        ] GC(256) ParOldGen: 4228117K(4364288K)->4274101K(4364288K)
[28.042s][info][gc,metaspace   ] GC(256) Metaspace: 6301K(6464K)->6301K(6464K) NonClass: 5768K(5824K)->5768K(5824K) Class: 533K(640K)->533K(640K)
[28.042s][info][gc             ] GC(256) Pause Young (Allocation Failure) 4218M->4218M(4492M) 66.835ms
[28.042s][info][gc,cpu         ] GC(256) User=0.20s Sys=0.19s Real=0.07s
[28.042s][info][gc,start       ] GC(257) Pause Full (Ergonomics)
[28.042s][info][gc,phases,start] GC(257) Marking Phase
[29.014s][info][gc,phases      ] GC(257) Marking Phase 972.537ms
[29.014s][info][gc,phases,start] GC(257) Summary Phase
[29.014s][info][gc,phases      ] GC(257) Summary Phase 0.086ms
[29.014s][info][gc,phases,start] GC(257) Adjust Roots
[29.015s][info][gc,phases      ] GC(257) Adjust Roots 0.166ms
[29.015s][info][gc,phases,start] GC(257) Compaction Phase
[29.426s][info][gc,phases      ] GC(257) Compaction Phase 411.559ms
[29.426s][info][gc,phases,start] GC(257) Post Compact
[29.433s][info][gc,phases      ] GC(257) Post Compact 6.296ms
[29.437s][info][gc,heap        ] GC(257) PSYoungGen: 45760K(236032K)->0K(240128K) Eden: 0K(51200K)->0K(51200K) From: 45760K(184832K)->0K(188928K)
[29.437s][info][gc,heap        ] GC(257) ParOldGen: 4274101K(4364288K)->4316194K(4808704K)
[29.437s][info][gc,metaspace   ] GC(257) Metaspace: 6301K(6464K)->6301K(6464K) NonClass: 5768K(5824K)->5768K(5824K) Class: 533K(640K)->533K(640K)
[29.437s][info][gc             ] GC(257) Pause Full (Ergonomics) 4218M->4215M(4930M) 1395.033ms
[29.437s][info][gc,cpu         ] GC(257) User=10.36s Sys=0.09s Real=1.39s
[29.502s][info][gc,start       ] GC(258) Pause Young (Allocation Failure)
[29.549s][info][gc,heap        ] GC(258) PSYoungGen: 51200K(240128K)->51424K(233472K) Eden: 51200K(51200K)->0K(56320K) From: 0K(188928K)->51424K(177152K)
[29.549s][info][gc,heap        ] GC(258) ParOldGen: 4316194K(4808704K)->4316194K(4808704K)
[29.549s][info][gc,metaspace   ] GC(258) Metaspace: 6301K(6464K)->6301K(6464K) NonClass: 5768K(5824K)->5768K(5824K) Class: 533K(640K)->533K(640K)
[29.549s][info][gc             ] GC(258) Pause Young (Allocation Failure) 4265M->4265M(4924M) 46.882ms
[29.549s][info][gc,cpu         ] GC(258) User=0.14s Sys=0.00s Real=0.05s
[29.605s][info][gc,start       ] GC(259) Pause Young (Allocation Failure)
[29.670s][info][gc,heap        ] GC(259) PSYoungGen: 107744K(233472K)->107840K(240128K) Eden: 56320K(56320K)->0K(56320K) From: 51424K(177152K)->107840K(183808K)
[29.670s][info][gc,heap        ] GC(259) ParOldGen: 4316194K(4808704K)->4316194K(4808704K)
[29.670s][info][gc,metaspace   ] GC(259) Metaspace: 6301K(6464K)->6301K(6464K) NonClass: 5768K(5824K)->5768K(5824K) Class: 533K(640K)->533K(640K)
[29.670s][info][gc             ] GC(259) Pause Young (Allocation Failure) 4320M->4320M(4930M) 64.891ms
[29.670s][info][gc,cpu         ] GC(259) User=0.22s Sys=0.00s Real=0.07s
[29.727s][info][gc,start       ] GC(260) Pause Young (Allocation Failure)
[29.818s][info][gc,heap        ] GC(260) PSYoungGen: 164160K(240128K)->164224K(225280K) Eden: 56320K(56320K)->0K(41472K) From: 107840K(183808K)->164224K(183808K)
[29.818s][info][gc,heap        ] GC(260) ParOldGen: 4316194K(4808704K)->4316194K(4808704K)
[29.818s][info][gc,metaspace   ] GC(260) Metaspace: 6301K(6464K)->6301K(6464K) NonClass: 5768K(5824K)->5768K(5824K) Class: 533K(640K)->533K(640K)
[29.818s][info][gc             ] GC(260) Pause Young (Allocation Failure) 4375M->4375M(4916M) 90.980ms
[29.818s][info][gc,cpu         ] GC(260) User=0.53s Sys=0.09s Real=0.09s
[29.864s][info][gc,start       ] GC(261) Pause Young (Allocation Failure)
[29.984s][info][gc,heap        ] GC(261) PSYoungGen: 205696K(225280K)->154464K(245760K) Eden: 41472K(41472K)->0K(41472K) From: 164224K(183808K)->154464K(204288K)
[29.984s][info][gc,heap        ] GC(261) ParOldGen: 4316194K(4808704K)->4367858K(4808704K)
[29.984s][info][gc,metaspace   ] GC(261) Metaspace: 6301K(6464K)->6301K(6464K) NonClass: 5768K(5824K)->5768K(5824K) Class: 533K(640K)->533K(640K)
[29.984s][info][gc             ] GC(261) Pause Young (Allocation Failure) 4415M->4416M(4936M) 120.169ms
[29.984s][info][gc,cpu         ] GC(261) User=0.75s Sys=0.12s Real=0.12s
[30.036s][info][gc,start       ] GC(262) Pause Young (Allocation Failure)
[30.154s][info][gc,heap        ] GC(262) PSYoungGen: 195936K(245760K)->139584K(259584K) Eden: 41472K(41472K)->0K(43008K) From: 154464K(204288K)->139584K(216576K)
[30.154s][info][gc,heap        ] GC(262) ParOldGen: 4367858K(4808704K)->4424682K(4808704K)
[30.154s][info][gc,metaspace   ] GC(262) Metaspace: 6301K(6464K)->6301K(6464K) NonClass: 5768K(5824K)->5768K(5824K) Class: 533K(640K)->533K(640K)
[30.154s][info][gc             ] GC(262) Pause Young (Allocation Failure) 4456M->4457M(4949M) 118.278ms
[30.154s][info][gc,cpu         ] GC(262) User=0.66s Sys=0.11s Real=0.12s
[30.206s][info][gc,start       ] GC(263) Pause Young (Allocation Failure)
[30.337s][info][gc,heap        ] GC(263) PSYoungGen: 182592K(259584K)->84704K(128000K) Eden: 43008K(43008K)->0K(43008K) From: 139584K(216576K)->84704K(84992K)
[30.337s][info][gc,heap        ] GC(263) ParOldGen: 4424682K(4808704K)->4523306K(4808704K)
[30.337s][info][gc,metaspace   ] GC(263) Metaspace: 6301K(6464K)->6301K(6464K) NonClass: 5768K(5824K)->5768K(5824K) Class: 533K(640K)->533K(640K)
[30.337s][info][gc             ] GC(263) Pause Young (Allocation Failure) 4499M->4500M(4821M) 131.181ms
[30.337s][info][gc,cpu         ] GC(263) User=0.48s Sys=0.39s Real=0.13s
[30.385s][info][gc,start       ] GC(264) Pause Young (Allocation Failure)
[30.494s][info][gc,heap        ] GC(264) PSYoungGen: 127712K(128000K)->43232K(256000K) Eden: 43008K(43008K)->0K(48640K) From: 84704K(84992K)->43232K(207360K)
[30.494s][info][gc,heap        ] GC(264) ParOldGen: 4523306K(4808704K)->4608506K(4808704K)
[30.494s][info][gc,metaspace   ] GC(264) Metaspace: 6301K(6464K)->6301K(6464K) NonClass: 5768K(5824K)->5768K(5824K) Class: 533K(640K)->533K(640K)
[30.494s][info][gc             ] GC(264) Pause Young (Allocation Failure) 4542M->4542M(4946M) 108.932ms
[30.494s][info][gc,cpu         ] GC(264) User=0.47s Sys=0.28s Real=0.11s
[30.544s][info][gc,start       ] GC(265) Pause Young (Allocation Failure)
[30.610s][info][gc,heap        ] GC(265) PSYoungGen: 91872K(256000K)->48864K(258048K) Eden: 48640K(48640K)->0K(48640K) From: 43232K(207360K)->48864K(209408K)
[30.610s][info][gc,heap        ] GC(265) ParOldGen: 4608506K(4808704K)->4651898K(4808704K)
[30.610s][info][gc,metaspace   ] GC(265) Metaspace: 6301K(6464K)->6301K(6464K) NonClass: 5768K(5824K)->5768K(5824K) Class: 533K(640K)->533K(640K)
[30.611s][info][gc             ] GC(265) Pause Young (Allocation Failure) 4590M->4590M(4948M) 66.929ms
[30.611s][info][gc,cpu         ] GC(265) User=0.28s Sys=0.12s Real=0.07s
[30.664s][info][gc,start       ] GC(266) Pause Young (Allocation Failure)
[30.733s][info][gc,heap        ] GC(266) PSYoungGen: 97504K(258048K)->48864K(250368K) Eden: 48640K(48640K)->0K(54784K) From: 48864K(209408K)->48864K(195584K)
[30.733s][info][gc,heap        ] GC(266) ParOldGen: 4651898K(4808704K)->4700978K(4808704K)
[30.733s][info][gc,metaspace   ] GC(266) Metaspace: 6301K(6464K)->6301K(6464K) NonClass: 5768K(5824K)->5768K(5824K) Class: 533K(640K)->533K(640K)
[30.733s][info][gc             ] GC(266) Pause Young (Allocation Failure) 4638M->4638M(4940M) 69.427ms
[30.733s][info][gc,cpu         ] GC(266) User=0.36s Sys=0.14s Real=0.07s
[30.733s][info][gc,start       ] GC(267) Pause Full (Ergonomics)
[30.733s][info][gc,phases,start] GC(267) Marking Phase
[31.788s][info][gc,phases      ] GC(267) Marking Phase 1055.042ms
[31.789s][info][gc,phases,start] GC(267) Summary Phase
[31.789s][info][gc,phases      ] GC(267) Summary Phase 0.095ms
[31.789s][info][gc,phases,start] GC(267) Adjust Roots
[31.789s][info][gc,phases      ] GC(267) Adjust Roots 0.164ms
[31.789s][info][gc,phases,start] GC(267) Compaction Phase
[32.186s][info][gc,phases      ] GC(267) Compaction Phase 397.210ms
[32.186s][info][gc,phases,start] GC(267) Post Compact
[32.193s][info][gc,phases      ] GC(267) Post Compact 6.705ms
[32.197s][info][gc,heap        ] GC(267) PSYoungGen: 48864K(250368K)->0K(255488K) Eden: 0K(54784K)->0K(54784K) From: 48864K(195584K)->0K(200704K)
[32.197s][info][gc,heap        ] GC(267) ParOldGen: 4700978K(4808704K)->4745990K(5282816K)
[32.197s][info][gc,metaspace   ] GC(267) Metaspace: 6301K(6464K)->6301K(6464K) NonClass: 5768K(5824K)->5768K(5824K) Class: 533K(640K)->533K(640K)
[32.197s][info][gc             ] GC(267) Pause Full (Ergonomics) 4638M->4634M(5408M) 1463.379ms
[32.197s][info][gc,cpu         ] GC(267) User=11.27s Sys=0.08s Real=1.46s
[32.265s][info][gc,start       ] GC(268) Pause Young (Allocation Failure)
[32.317s][info][gc,heap        ] GC(268) PSYoungGen: 54784K(255488K)->54976K(247296K) Eden: 54784K(54784K)->0K(60416K) From: 0K(200704K)->54976K(186880K)
[32.317s][info][gc,heap        ] GC(268) ParOldGen: 4745990K(5282816K)->4745990K(5282816K)
[32.317s][info][gc,metaspace   ] GC(268) Metaspace: 6301K(6464K)->6301K(6464K) NonClass: 5768K(5824K)->5768K(5824K) Class: 533K(640K)->533K(640K)
[32.317s][info][gc             ] GC(268) Pause Young (Allocation Failure) 4688M->4688M(5400M) 51.395ms
[32.317s][info][gc,cpu         ] GC(268) User=0.16s Sys=0.00s Real=0.05s
[32.381s][info][gc,start       ] GC(269) Pause Young (Allocation Failure)
[32.448s][info][gc,heap        ] GC(269) PSYoungGen: 115392K(247296K)->115552K(254976K) Eden: 60416K(60416K)->0K(60416K) From: 54976K(186880K)->115552K(194560K)
[32.448s][info][gc,heap        ] GC(269) ParOldGen: 4745990K(5282816K)->4745990K(5282816K)
[32.448s][info][gc,metaspace   ] GC(269) Metaspace: 6301K(6464K)->6301K(6464K) NonClass: 5768K(5824K)->5768K(5824K) Class: 533K(640K)->533K(640K)
[32.448s][info][gc             ] GC(269) Pause Young (Allocation Failure) 4747M->4747M(5408M) 66.478ms
[32.448s][info][gc,cpu         ] GC(269) User=0.28s Sys=0.00s Real=0.07s
[32.507s][info][gc,start       ] GC(270) Pause Young (Allocation Failure)
[32.606s][info][gc,heap        ] GC(270) PSYoungGen: 175968K(254976K)->175968K(239616K) Eden: 60416K(60416K)->0K(44032K) From: 115552K(194560K)->175968K(195584K)
[32.606s][info][gc,heap        ] GC(270) ParOldGen: 4745990K(5282816K)->4745990K(5282816K)
[32.606s][info][gc,metaspace   ] GC(270) Metaspace: 6301K(6464K)->6301K(6464K) NonClass: 5768K(5824K)->5768K(5824K) Class: 533K(640K)->533K(640K)
[32.606s][info][gc             ] GC(270) Pause Young (Allocation Failure) 4806M->4806M(5393M) 99.890ms
[32.606s][info][gc,cpu         ] GC(270) User=0.56s Sys=0.09s Real=0.10s
[32.653s][info][gc,start       ] GC(271) Pause Young (Allocation Failure)
[32.786s][info][gc,heap        ] GC(271) PSYoungGen: 220000K(239616K)->165248K(262144K) Eden: 44032K(44032K)->0K(44032K) From: 175968K(195584K)->165248K(218112K)
[32.786s][info][gc,heap        ] GC(271) ParOldGen: 4745990K(5282816K)->4801270K(5282816K)
[32.786s][info][gc,metaspace   ] GC(271) Metaspace: 6301K(6464K)->6301K(6464K) NonClass: 5768K(5824K)->5768K(5824K) Class: 533K(640K)->533K(640K)
[32.786s][info][gc             ] GC(271) Pause Young (Allocation Failure) 4849M->4850M(5415M) 132.965ms
[32.786s][info][gc,cpu         ] GC(271) User=0.78s Sys=0.11s Real=0.13s
[32.835s][info][gc,start       ] GC(272) Pause Young (Allocation Failure)
[32.962s][info][gc,heap        ] GC(272) PSYoungGen: 209280K(262144K)->148832K(276992K) Eden: 44032K(44032K)->0K(45056K) From: 165248K(218112K)->148832K(231936K)
[32.962s][info][gc,heap        ] GC(272) ParOldGen: 4801270K(5282816K)->4862230K(5282816K)
[32.962s][info][gc,metaspace   ] GC(272) Metaspace: 6301K(6464K)->6301K(6464K) NonClass: 5768K(5824K)->5768K(5824K) Class: 533K(640K)->533K(640K)
[32.962s][info][gc             ] GC(272) Pause Young (Allocation Failure) 4893M->4893M(5429M) 126.334ms
[32.962s][info][gc,cpu         ] GC(272) User=0.75s Sys=0.12s Real=0.13s
[33.016s][info][gc,start       ] GC(273) Pause Young (Allocation Failure)
[33.161s][info][gc,heap        ] GC(273) PSYoungGen: 193888K(276992K)->89344K(134656K) Eden: 45056K(45056K)->0K(45056K) From: 148832K(231936K)->89344K(89600K)
[33.161s][info][gc,heap        ] GC(273) ParOldGen: 4862230K(5282816K)->4967590K(5282816K)
[33.161s][info][gc,metaspace   ] GC(273) Metaspace: 6301K(6464K)->6301K(6464K) NonClass: 5768K(5824K)->5768K(5824K) Class: 533K(640K)->533K(640K)
[33.161s][info][gc             ] GC(273) Pause Young (Allocation Failure) 4937M->4938M(5290M) 144.875ms
[33.161s][info][gc,cpu         ] GC(273) User=0.72s Sys=0.42s Real=0.15s
[33.210s][info][gc,start       ] GC(274) Pause Young (Allocation Failure)
[33.317s][info][gc,heap        ] GC(274) PSYoungGen: 134400K(134656K)->45280K(273408K) Eden: 45056K(45056K)->0K(51200K) From: 89344K(89600K)->45280K(222208K)
[33.317s][info][gc,heap        ] GC(274) ParOldGen: 4967590K(5282816K)->5057446K(5282816K)
[33.317s][info][gc,metaspace   ] GC(274) Metaspace: 6301K(6464K)->6301K(6464K) NonClass: 5768K(5824K)->5768K(5824K) Class: 533K(640K)->533K(640K)
[33.317s][info][gc             ] GC(274) Pause Young (Allocation Failure) 4982M->4983M(5426M) 106.611ms
[33.317s][info][gc,cpu         ] GC(274) User=0.39s Sys=0.36s Real=0.11s
[33.372s][info][gc,start       ] GC(275) Pause Young (Allocation Failure)
[33.444s][info][gc,heap        ] GC(275) PSYoungGen: 96480K(273408K)->51424K(275456K) Eden: 51200K(51200K)->0K(51200K) From: 45280K(222208K)->51424K(224256K)
[33.444s][info][gc,heap        ] GC(275) ParOldGen: 5057446K(5282816K)->5102902K(5282816K)
[33.444s][info][gc,metaspace   ] GC(275) Metaspace: 6301K(6464K)->6301K(6464K) NonClass: 5768K(5824K)->5768K(5824K) Class: 533K(640K)->533K(640K)
[33.444s][info][gc             ] GC(275) Pause Young (Allocation Failure) 5033M->5033M(5428M) 71.806ms
[33.444s][info][gc,cpu         ] GC(275) User=0.33s Sys=0.17s Real=0.07s
[33.500s][info][gc,start       ] GC(276) Pause Young (Allocation Failure)
[33.578s][info][gc,heap        ] GC(276) PSYoungGen: 102624K(275456K)->51392K(267264K) Eden: 51200K(51200K)->0K(57856K) From: 51424K(224256K)->51392K(209408K)
[33.578s][info][gc,heap        ] GC(276) ParOldGen: 5102902K(5282816K)->5154566K(5282816K)
[33.578s][info][gc,metaspace   ] GC(276) Metaspace: 6301K(6464K)->6301K(6464K) NonClass: 5768K(5824K)->5768K(5824K) Class: 533K(640K)->533K(640K)
[33.578s][info][gc             ] GC(276) Pause Young (Allocation Failure) 5083M->5083M(5420M) 77.404ms
[33.578s][info][gc,cpu         ] GC(276) User=0.42s Sys=0.20s Real=0.08s
[33.647s][info][gc,start       ] GC(277) Pause Young (Allocation Failure)
[33.727s][info][gc,heap        ] GC(277) PSYoungGen: 109248K(267264K)->58112K(272384K) Eden: 57856K(57856K)->0K(57856K) From: 51392K(209408K)->58112K(214528K)
[33.727s][info][gc,heap        ] GC(277) ParOldGen: 5154566K(5282816K)->5206222K(5282816K)
[33.727s][info][gc,metaspace   ] GC(277) Metaspace: 6301K(6464K)->6301K(6464K) NonClass: 5768K(5824K)->5768K(5824K) Class: 533K(640K)->533K(640K)
[33.727s][info][gc             ] GC(277) Pause Young (Allocation Failure) 5140M->5140M(5425M) 79.674ms
[33.727s][info][gc,cpu         ] GC(277) User=0.22s Sys=0.30s Real=0.08s
[33.727s][info][gc,start       ] GC(278) Pause Full (Ergonomics)
[33.727s][info][gc,phases,start] GC(278) Marking Phase
[34.926s][info][gc,phases      ] GC(278) Marking Phase 1199.489ms
[34.926s][info][gc,phases,start] GC(278) Summary Phase
[34.926s][info][gc,phases      ] GC(278) Summary Phase 0.128ms
[34.926s][info][gc,phases,start] GC(278) Adjust Roots
[34.927s][info][gc,phases      ] GC(278) Adjust Roots 0.207ms
[34.927s][info][gc,phases,start] GC(278) Compaction Phase
[35.376s][info][gc,phases      ] GC(278) Compaction Phase 449.197ms
[35.376s][info][gc,phases,start] GC(278) Post Compact
[35.383s][info][gc,phases      ] GC(278) Post Compact 7.085ms
[35.384s][info][gc,heap        ] GC(278) PSYoungGen: 58112K(272384K)->0K(272384K) Eden: 0K(57856K)->0K(65024K) From: 58112K(214528K)->0K(207360K)
[35.384s][info][gc,heap        ] GC(278) ParOldGen: 5206222K(5282816K)->5259731K(5393408K)
[35.384s][info][gc,metaspace   ] GC(278) Metaspace: 6301K(6464K)->6301K(6464K) NonClass: 5768K(5824K)->5768K(5824K) Class: 533K(640K)->533K(640K)
[35.384s][info][gc             ] GC(278) Pause Full (Ergonomics) 5140M->5136M(5533M) 1657.342ms
[35.384s][info][gc,cpu         ] GC(278) User=12.67s Sys=0.20s Real=1.66s
[35.465s][info][gc,start       ] GC(279) Pause Young (Allocation Failure)
[35.520s][info][gc,heap        ] GC(279) PSYoungGen: 65024K(272384K)->65312K(130560K) Eden: 65024K(65024K)->0K(65024K) From: 0K(207360K)->65312K(65536K)
[35.520s][info][gc,heap        ] GC(279) ParOldGen: 5259731K(5393408K)->5259731K(5393408K)
[35.521s][info][gc,metaspace   ] GC(279) Metaspace: 6301K(6464K)->6301K(6464K) NonClass: 5768K(5824K)->5768K(5824K) Class: 533K(640K)->533K(640K)
[35.521s][info][gc             ] GC(279) Pause Young (Allocation Failure) 5199M->5200M(5394M) 55.166ms
[35.521s][info][gc,cpu         ] GC(279) User=0.17s Sys=0.00s Real=0.06s
[35.597s][info][gc,start       ] GC(280) Pause Young (Allocation Failure)
[35.673s][info][gc,heap        ] GC(280) PSYoungGen: 130336K(130560K)->130432K(264704K) Eden: 65024K(65024K)->0K(65536K) From: 65312K(65536K)->130432K(199168K)
[35.673s][info][gc,heap        ] GC(280) ParOldGen: 5259731K(5393408K)->5259731K(5393408K)
[35.673s][info][gc,metaspace   ] GC(280) Metaspace: 6301K(6464K)->6301K(6464K) NonClass: 5768K(5824K)->5768K(5824K) Class: 533K(640K)->533K(640K)
[35.673s][info][gc             ] GC(280) Pause Young (Allocation Failure) 5263M->5263M(5525M) 76.606ms
[35.673s][info][gc,cpu         ] GC(280) User=0.38s Sys=0.00s Real=0.08s
[35.747s][info][gc,start       ] GC(281) Pause Young (Allocation Failure)
[35.847s][info][gc,heap        ] GC(281) PSYoungGen: 195968K(264704K)->196032K(270336K) Eden: 65536K(65536K)->0K(65536K) From: 130432K(199168K)->196032K(204800K)
[35.847s][info][gc,heap        ] GC(281) ParOldGen: 5259731K(5393408K)->5259731K(5393408K)
[35.847s][info][gc,metaspace   ] GC(281) Metaspace: 6301K(6464K)->6301K(6464K) NonClass: 5768K(5824K)->5768K(5824K) Class: 533K(640K)->533K(640K)
[35.847s][info][gc             ] GC(281) Pause Young (Allocation Failure) 5327M->5327M(5531M) 99.766ms
[35.847s][info][gc,cpu         ] GC(281) User=0.64s Sys=0.00s Real=0.10s
[35.927s][info][gc,start       ] GC(282) Pause Young (Allocation Failure)
[36.103s][info][gc,heap        ] GC(282) PSYoungGen: 261568K(270336K)->196512K(282112K) Eden: 65536K(65536K)->0K(49664K) From: 196032K(204800K)->196512K(232448K)
[36.103s][info][gc,heap        ] GC(282) ParOldGen: 5259731K(5393408K)->5325347K(5393408K)
[36.103s][info][gc,metaspace   ] GC(282) Metaspace: 6301K(6464K)->6301K(6464K) NonClass: 5768K(5824K)->5768K(5824K) Class: 533K(640K)->533K(640K)
[36.103s][info][gc             ] GC(282) Pause Young (Allocation Failure) 5391M->5392M(5542M) 176.132ms
[36.103s][info][gc,cpu         ] GC(282) User=0.89s Sys=0.36s Real=0.18s
[36.103s][info][gc,start       ] GC(283) Pause Full (Ergonomics)
[36.103s][info][gc,phases,start] GC(283) Marking Phase
[37.337s][info][gc,phases      ] GC(283) Marking Phase 1233.975ms
[37.337s][info][gc,phases,start] GC(283) Summary Phase
[37.337s][info][gc,phases      ] GC(283) Summary Phase 0.061ms
[37.337s][info][gc,phases,start] GC(283) Adjust Roots
[37.337s][info][gc,phases      ] GC(283) Adjust Roots 0.159ms
[37.337s][info][gc,phases,start] GC(283) Compaction Phase
[37.985s][info][gc,phases      ] GC(283) Compaction Phase 647.959ms
[37.985s][info][gc,phases,start] GC(283) Post Compact
[37.992s][info][gc,phases      ] GC(283) Post Compact 6.999ms
[37.992s][info][gc,heap        ] GC(283) PSYoungGen: 196512K(282112K)->127505K(282112K) Eden: 0K(49664K)->0K(49664K) From: 196512K(232448K)->127505K(232448K)
[37.992s][info][gc,heap        ] GC(283) ParOldGen: 5325347K(5393408K)->5393217K(5393408K)
[37.992s][info][gc,metaspace   ] GC(283) Metaspace: 6301K(6464K)->6301K(6464K) NonClass: 5768K(5824K)->5768K(5824K) Class: 533K(640K)->533K(640K)
[37.993s][info][gc             ] GC(283) Pause Full (Ergonomics) 5392M->5391M(5542M) 1889.602ms
[37.993s][info][gc,cpu         ] GC(283) User=14.61s Sys=0.12s Real=1.89s
[38.047s][info][gc,start       ] GC(284) Pause Full (Ergonomics)
[38.047s][info][gc,phases,start] GC(284) Marking Phase
[39.302s][info][gc,phases      ] GC(284) Marking Phase 1254.748ms
[39.302s][info][gc,phases,start] GC(284) Summary Phase
[39.302s][info][gc,phases      ] GC(284) Summary Phase 0.066ms
[39.302s][info][gc,phases,start] GC(284) Adjust Roots
[39.302s][info][gc,phases      ] GC(284) Adjust Roots 0.161ms
[39.302s][info][gc,phases,start] GC(284) Compaction Phase
[39.668s][info][gc,phases      ] GC(284) Compaction Phase 365.121ms
[39.668s][info][gc,phases,start] GC(284) Post Compact
[39.676s][info][gc,phases      ] GC(284) Post Compact 8.266ms
[39.676s][info][gc,heap        ] GC(284) PSYoungGen: 177169K(282112K)->177139K(282112K) Eden: 49664K(49664K)->49633K(49664K) From: 127505K(232448K)->127505K(232448K)
[39.676s][info][gc,heap        ] GC(284) ParOldGen: 5393217K(5393408K)->5393217K(5393408K)
[39.676s][info][gc,metaspace   ] GC(284) Metaspace: 6301K(6464K)->6301K(6464K) NonClass: 5768K(5824K)->5768K(5824K) Class: 533K(640K)->533K(640K)
[39.676s][info][gc             ] GC(284) Pause Full (Ergonomics) 5439M->5439M(5542M) 1628.762ms
[39.676s][info][gc,cpu         ] GC(284) User=12.50s Sys=0.02s Real=1.63s
[39.676s][info][gc,start       ] GC(285) Pause Full (Ergonomics)
[39.676s][info][gc,phases,start] GC(285) Marking Phase
[40.927s][info][gc,phases      ] GC(285) Marking Phase 1250.811ms
[40.927s][info][gc,phases,start] GC(285) Summary Phase
[40.927s][info][gc,phases      ] GC(285) Summary Phase 0.116ms
[40.927s][info][gc,phases,start] GC(285) Adjust Roots
[40.927s][info][gc,phases      ] GC(285) Adjust Roots 0.172ms
[40.928s][info][gc,phases,start] GC(285) Compaction Phase
[41.297s][info][gc,phases      ] GC(285) Compaction Phase 369.406ms
[41.297s][info][gc,phases,start] GC(285) Post Compact
[41.305s][info][gc,phases      ] GC(285) Post Compact 7.540ms
[41.305s][info][gc,heap        ] GC(285) PSYoungGen: 177169K(282112K)->177168K(282112K) Eden: 49664K(49664K)->49663K(49664K) From: 127505K(232448K)->127505K(232448K)
[41.305s][info][gc,heap        ] GC(285) ParOldGen: 5393217K(5393408K)->5393217K(5393408K)
[41.305s][info][gc,metaspace   ] GC(285) Metaspace: 6301K(6464K)->6301K(6464K) NonClass: 5768K(5824K)->5768K(5824K) Class: 533K(640K)->533K(640K)
[41.305s][info][gc             ] GC(285) Pause Full (Ergonomics) 5439M->5439M(5542M) 1628.406ms
[41.305s][info][gc,cpu         ] GC(285) User=12.61s Sys=0.00s Real=1.63s
[41.305s][info][gc,start       ] GC(286) Pause Full (Ergonomics)
[41.305s][info][gc,phases,start] GC(286) Marking Phase
[42.563s][info][gc,phases      ] GC(286) Marking Phase 1257.753ms
[42.563s][info][gc,phases,start] GC(286) Summary Phase
[42.563s][info][gc,phases      ] GC(286) Summary Phase 0.070ms
[42.563s][info][gc,phases,start] GC(286) Adjust Roots
[42.563s][info][gc,phases      ] GC(286) Adjust Roots 0.168ms
[42.563s][info][gc,phases,start] GC(286) Compaction Phase
[42.951s][info][gc,phases      ] GC(286) Compaction Phase 388.393ms
[42.951s][info][gc,phases,start] GC(286) Post Compact
[42.960s][info][gc,phases      ] GC(286) Post Compact 8.191ms
[42.960s][info][gc,heap        ] GC(286) PSYoungGen: 177169K(282112K)->177169K(282112K) Eden: 49663K(49664K)->49663K(49664K) From: 127505K(232448K)->127505K(232448K)
[42.960s][info][gc,heap        ] GC(286) ParOldGen: 5393217K(5393408K)->5393217K(5393408K)
[42.960s][info][gc,metaspace   ] GC(286) Metaspace: 6301K(6464K)->6301K(6464K) NonClass: 5768K(5824K)->5768K(5824K) Class: 533K(640K)->533K(640K)
[42.960s][info][gc             ] GC(286) Pause Full (Ergonomics) 5439M->5439M(5542M) 1654.930ms
[42.960s][info][gc,cpu         ] GC(286) User=12.52s Sys=0.03s Real=1.65s
[42.960s][info][gc,start       ] GC(287) Pause Full (Ergonomics)
[42.960s][info][gc,phases,start] GC(287) Marking Phase
[44.222s][info][gc,phases      ] GC(287) Marking Phase 1262.411ms
[44.222s][info][gc,phases,start] GC(287) Summary Phase
[44.223s][info][gc,phases      ] GC(287) Summary Phase 0.061ms
[44.223s][info][gc,phases,start] GC(287) Adjust Roots
[44.223s][info][gc,phases      ] GC(287) Adjust Roots 0.204ms
[44.223s][info][gc,phases,start] GC(287) Compaction Phase
[44.603s][info][gc,phases      ] GC(287) Compaction Phase 380.460ms
[44.603s][info][gc,phases,start] GC(287) Post Compact
[44.612s][info][gc,phases      ] GC(287) Post Compact 8.577ms
[44.612s][info][gc,heap        ] GC(287) PSYoungGen: 177169K(282112K)->177169K(282112K) Eden: 49663K(49664K)->49663K(49664K) From: 127505K(232448K)->127505K(232448K)
[44.612s][info][gc,heap        ] GC(287) ParOldGen: 5393222K(5393408K)->5393222K(5393408K)
[44.612s][info][gc,metaspace   ] GC(287) Metaspace: 6301K(6464K)->6301K(6464K) NonClass: 5768K(5824K)->5768K(5824K) Class: 533K(640K)->533K(640K)
[44.612s][info][gc             ] GC(287) Pause Full (Ergonomics) 5439M->5439M(5542M) 1652.061ms
[44.612s][info][gc,cpu         ] GC(287) User=12.66s Sys=0.00s Real=1.65s
[44.612s][info][gc,start       ] GC(288) Pause Full (Ergonomics)
[44.612s][info][gc,phases,start] GC(288) Marking Phase
[45.887s][info][gc,phases      ] GC(288) Marking Phase 1275.104ms
[45.887s][info][gc,phases,start] GC(288) Summary Phase
[45.888s][info][gc,phases      ] GC(288) Summary Phase 0.072ms
[45.888s][info][gc,phases,start] GC(288) Adjust Roots
[45.888s][info][gc,phases      ] GC(288) Adjust Roots 0.184ms
[45.888s][info][gc,phases,start] GC(288) Compaction Phase
[46.369s][info][gc,phases      ] GC(288) Compaction Phase 481.696ms
[46.370s][info][gc,phases,start] GC(288) Post Compact
[46.378s][info][gc,phases      ] GC(288) Post Compact 8.743ms
[46.378s][info][gc,heap        ] GC(288) PSYoungGen: 177169K(282112K)->177169K(282112K) Eden: 49663K(49664K)->49663K(49664K) From: 127505K(232448K)->127505K(232448K)
[46.378s][info][gc,heap        ] GC(288) ParOldGen: 5393227K(5393408K)->5393227K(5393408K)
[46.378s][info][gc,metaspace   ] GC(288) Metaspace: 6301K(6464K)->6301K(6464K) NonClass: 5768K(5824K)->5768K(5824K) Class: 533K(640K)->533K(640K)
[46.378s][info][gc             ] GC(288) Pause Full (Ergonomics) 5439M->5439M(5542M) 1766.208ms
[46.378s][info][gc,cpu         ] GC(288) User=13.14s Sys=0.00s Real=1.77s
[46.379s][info][gc,start       ] GC(289) Pause Full (Ergonomics)
[46.379s][info][gc,phases,start] GC(289) Marking Phase
[47.652s][info][gc,phases      ] GC(289) Marking Phase 1272.920ms
[47.652s][info][gc,phases,start] GC(289) Summary Phase
[47.652s][info][gc,phases      ] GC(289) Summary Phase 0.062ms
[47.652s][info][gc,phases,start] GC(289) Adjust Roots
[47.652s][info][gc,phases      ] GC(289) Adjust Roots 0.189ms
[47.652s][info][gc,phases,start] GC(289) Compaction Phase
[48.048s][info][gc,phases      ] GC(289) Compaction Phase 395.860ms
[48.048s][info][gc,phases,start] GC(289) Post Compact
[48.057s][info][gc,phases      ] GC(289) Post Compact 8.726ms
[48.057s][info][gc,heap        ] GC(289) PSYoungGen: 177169K(282112K)->177169K(282112K) Eden: 49663K(49664K)->49663K(49664K) From: 127505K(232448K)->127505K(232448K)
[48.057s][info][gc,heap        ] GC(289) ParOldGen: 5393231K(5393408K)->5393231K(5393408K)
[48.057s][info][gc,metaspace   ] GC(289) Metaspace: 6301K(6464K)->6301K(6464K) NonClass: 5768K(5824K)->5768K(5824K) Class: 533K(640K)->533K(640K)
[48.057s][info][gc             ] GC(289) Pause Full (Ergonomics) 5439M->5439M(5542M) 1678.107ms
[48.057s][info][gc,cpu         ] GC(289) User=12.81s Sys=0.00s Real=1.68s
[48.057s][info][gc,start       ] GC(290) Pause Full (Ergonomics)
[48.057s][info][gc,phases,start] GC(290) Marking Phase
[49.316s][info][gc,phases      ] GC(290) Marking Phase 1258.967ms
[49.316s][info][gc,phases,start] GC(290) Summary Phase
[49.316s][info][gc,phases      ] GC(290) Summary Phase 0.061ms
[49.316s][info][gc,phases,start] GC(290) Adjust Roots
[49.316s][info][gc,phases      ] GC(290) Adjust Roots 0.195ms
[49.316s][info][gc,phases,start] GC(290) Compaction Phase
[49.737s][info][gc,phases      ] GC(290) Compaction Phase 420.180ms
[49.737s][info][gc,phases,start] GC(290) Post Compact
[49.746s][info][gc,phases      ] GC(290) Post Compact 9.738ms
[49.746s][info][gc,heap        ] GC(290) PSYoungGen: 177169K(282112K)->177169K(282112K) Eden: 49663K(49664K)->49663K(49664K) From: 127505K(232448K)->127505K(232448K)
[49.746s][info][gc,heap        ] GC(290) ParOldGen: 5393236K(5393408K)->5393236K(5393408K)
[49.746s][info][gc,metaspace   ] GC(290) Metaspace: 6301K(6464K)->6301K(6464K) NonClass: 5768K(5824K)->5768K(5824K) Class: 533K(640K)->533K(640K)
[49.747s][info][gc             ] GC(290) Pause Full (Ergonomics) 5439M->5439M(5542M) 1689.492ms
[49.747s][info][gc,cpu         ] GC(290) User=12.56s Sys=0.00s Real=1.69s
[49.747s][info][gc,start       ] GC(291) Pause Full (Ergonomics)
[49.747s][info][gc,phases,start] GC(291) Marking Phase
[51.026s][info][gc,phases      ] GC(291) Marking Phase 1279.570ms
[51.026s][info][gc,phases,start] GC(291) Summary Phase
[51.026s][info][gc,phases      ] GC(291) Summary Phase 0.062ms
[51.026s][info][gc,phases,start] GC(291) Adjust Roots
[51.027s][info][gc,phases      ] GC(291) Adjust Roots 0.203ms
[51.027s][info][gc,phases,start] GC(291) Compaction Phase
[51.445s][info][gc,phases      ] GC(291) Compaction Phase 417.962ms
[51.445s][info][gc,phases,start] GC(291) Post Compact
[51.454s][info][gc,phases      ] GC(291) Post Compact 9.472ms
[51.454s][info][gc,heap        ] GC(291) PSYoungGen: 177169K(282112K)->177169K(282112K) Eden: 49663K(49664K)->49663K(49664K) From: 127505K(232448K)->127505K(232448K)
[51.454s][info][gc,heap        ] GC(291) ParOldGen: 5393241K(5393408K)->5393241K(5393408K)
[51.454s][info][gc,metaspace   ] GC(291) Metaspace: 6301K(6464K)->6301K(6464K) NonClass: 5768K(5824K)->5768K(5824K) Class: 533K(640K)->533K(640K)
[51.454s][info][gc             ] GC(291) Pause Full (Ergonomics) 5439M->5439M(5542M) 1707.638ms
[51.454s][info][gc,cpu         ] GC(291) User=12.84s Sys=0.00s Real=1.71s
[51.455s][info][gc,start       ] GC(292) Pause Full (Ergonomics)
[51.455s][info][gc,phases,start] GC(292) Marking Phase
[52.730s][info][gc,phases      ] GC(292) Marking Phase 1275.695ms
[52.730s][info][gc,phases,start] GC(292) Summary Phase
[52.730s][info][gc,phases      ] GC(292) Summary Phase 0.071ms
[52.730s][info][gc,phases,start] GC(292) Adjust Roots
[52.731s][info][gc,phases      ] GC(292) Adjust Roots 0.173ms
[52.731s][info][gc,phases,start] GC(292) Compaction Phase
[53.179s][info][gc,phases      ] GC(292) Compaction Phase 448.405ms
[53.179s][info][gc,phases,start] GC(292) Post Compact
[53.189s][info][gc,phases      ] GC(292) Post Compact 9.777ms
[53.189s][info][gc,heap        ] GC(292) PSYoungGen: 177169K(282112K)->177169K(282112K) Eden: 49663K(49664K)->49663K(49664K) From: 127505K(232448K)->127505K(232448K)
[53.189s][info][gc,heap        ] GC(292) ParOldGen: 5393246K(5393408K)->5393246K(5393408K)
[53.189s][info][gc,metaspace   ] GC(292) Metaspace: 6301K(6464K)->6301K(6464K) NonClass: 5768K(5824K)->5768K(5824K) Class: 533K(640K)->533K(640K)
[53.189s][info][gc             ] GC(292) Pause Full (Ergonomics) 5439M->5439M(5542M) 1734.521ms
[53.189s][info][gc,cpu         ] GC(292) User=12.80s Sys=0.02s Real=1.73s
[53.189s][info][gc,start       ] GC(293) Pause Full (Ergonomics)
[53.189s][info][gc,phases,start] GC(293) Marking Phase
[54.479s][info][gc,phases      ] GC(293) Marking Phase 1290.002ms
[54.479s][info][gc,phases,start] GC(293) Summary Phase
[54.480s][info][gc,phases      ] GC(293) Summary Phase 0.063ms
[54.480s][info][gc,phases,start] GC(293) Adjust Roots
[54.480s][info][gc,phases      ] GC(293) Adjust Roots 0.170ms
[54.480s][info][gc,phases,start] GC(293) Compaction Phase
[54.889s][info][gc,phases      ] GC(293) Compaction Phase 409.300ms
[54.889s][info][gc,phases,start] GC(293) Post Compact
[54.898s][info][gc,phases      ] GC(293) Post Compact 8.593ms
[54.898s][info][gc,heap        ] GC(293) PSYoungGen: 177169K(282112K)->177169K(282112K) Eden: 49663K(49664K)->49663K(49664K) From: 127505K(232448K)->127505K(232448K)
[54.898s][info][gc,heap        ] GC(293) ParOldGen: 5393251K(5393408K)->5393251K(5393408K)
[54.898s][info][gc,metaspace   ] GC(293) Metaspace: 6301K(6464K)->6301K(6464K) NonClass: 5768K(5824K)->5768K(5824K) Class: 533K(640K)->533K(640K)
[54.898s][info][gc             ] GC(293) Pause Full (Ergonomics) 5439M->5439M(5542M) 1708.485ms
[54.898s][info][gc,cpu         ] GC(293) User=13.06s Sys=0.00s Real=1.71s
[54.898s][info][gc,start       ] GC(294) Pause Full (Ergonomics)
[54.898s][info][gc,phases,start] GC(294) Marking Phase
[56.164s][info][gc,phases      ] GC(294) Marking Phase 1265.684ms
[56.164s][info][gc,phases,start] GC(294) Summary Phase
[56.164s][info][gc,phases      ] GC(294) Summary Phase 0.060ms
[56.164s][info][gc,phases,start] GC(294) Adjust Roots
[56.164s][info][gc,phases      ] GC(294) Adjust Roots 0.189ms
[56.164s][info][gc,phases,start] GC(294) Compaction Phase
[56.593s][info][gc,phases      ] GC(294) Compaction Phase 429.220ms
[56.593s][info][gc,phases,start] GC(294) Post Compact
[56.602s][info][gc,phases      ] GC(294) Post Compact 8.120ms
[56.602s][info][gc,heap        ] GC(294) PSYoungGen: 177169K(282112K)->177169K(282112K) Eden: 49663K(49664K)->49663K(49664K) From: 127505K(232448K)->127505K(232448K)
[56.602s][info][gc,heap        ] GC(294) ParOldGen: 5393256K(5393408K)->5393256K(5393408K)
[56.602s][info][gc,metaspace   ] GC(294) Metaspace: 6301K(6464K)->6301K(6464K) NonClass: 5768K(5824K)->5768K(5824K) Class: 533K(640K)->533K(640K)
[56.602s][info][gc             ] GC(294) Pause Full (Ergonomics) 5439M->5439M(5542M) 1703.588ms
[56.602s][info][gc,cpu         ] GC(294) User=12.84s Sys=0.00s Real=1.70s
[56.602s][info][gc,start       ] GC(295) Pause Full (Ergonomics)
[56.602s][info][gc,phases,start] GC(295) Marking Phase
[57.884s][info][gc,phases      ] GC(295) Marking Phase 1282.308ms
[57.884s][info][gc,phases,start] GC(295) Summary Phase
[57.884s][info][gc,phases      ] GC(295) Summary Phase 0.060ms
[57.884s][info][gc,phases,start] GC(295) Adjust Roots
[57.885s][info][gc,phases      ] GC(295) Adjust Roots 0.214ms
[57.885s][info][gc,phases,start] GC(295) Compaction Phase
[58.299s][info][gc,phases      ] GC(295) Compaction Phase 413.961ms
[58.299s][info][gc,phases,start] GC(295) Post Compact
[58.307s][info][gc,phases      ] GC(295) Post Compact 8.363ms
[58.307s][info][gc,heap        ] GC(295) PSYoungGen: 177169K(282112K)->177169K(282112K) Eden: 49663K(49664K)->49663K(49664K) From: 127505K(232448K)->127505K(232448K)
[58.307s][info][gc,heap        ] GC(295) ParOldGen: 5393260K(5393408K)->5393260K(5393408K)
[58.307s][info][gc,metaspace   ] GC(295) Metaspace: 6301K(6464K)->6301K(6464K) NonClass: 5768K(5824K)->5768K(5824K) Class: 533K(640K)->533K(640K)
[58.307s][info][gc             ] GC(295) Pause Full (Ergonomics) 5439M->5439M(5542M) 1705.253ms
[58.307s][info][gc,cpu         ] GC(295) User=12.84s Sys=0.06s Real=1.70s
[58.307s][info][gc,start       ] GC(296) Pause Full (Ergonomics)
[58.307s][info][gc,phases,start] GC(296) Marking Phase
[59.573s][info][gc,phases      ] GC(296) Marking Phase 1266.028ms
[59.573s][info][gc,phases,start] GC(296) Summary Phase
[59.574s][info][gc,phases      ] GC(296) Summary Phase 0.064ms
[59.574s][info][gc,phases,start] GC(296) Adjust Roots
[59.574s][info][gc,phases      ] GC(296) Adjust Roots 0.199ms
[59.574s][info][gc,phases,start] GC(296) Compaction Phase
[59.994s][info][gc,phases      ] GC(296) Compaction Phase 420.315ms
[59.994s][info][gc,phases,start] GC(296) Post Compact
[60.002s][info][gc,phases      ] GC(296) Post Compact 8.296ms
[60.003s][info][gc,heap        ] GC(296) PSYoungGen: 177169K(282112K)->177169K(282112K) Eden: 49663K(49664K)->49663K(49664K) From: 127505K(232448K)->127505K(232448K)
[60.003s][info][gc,heap        ] GC(296) ParOldGen: 5393265K(5393408K)->5393265K(5393408K)
[60.003s][info][gc,metaspace   ] GC(296) Metaspace: 6301K(6464K)->6301K(6464K) NonClass: 5768K(5824K)->5768K(5824K) Class: 533K(640K)->533K(640K)
[60.003s][info][gc             ] GC(296) Pause Full (Ergonomics) 5439M->5439M(5542M) 1695.242ms
[60.003s][info][gc,cpu         ] GC(296) User=12.72s Sys=0.00s Real=1.70s
[60.003s][info][gc,start       ] GC(297) Pause Full (Ergonomics)
[60.003s][info][gc,phases,start] GC(297) Marking Phase
[61.284s][info][gc,phases      ] GC(297) Marking Phase 1281.546ms
[61.284s][info][gc,phases,start] GC(297) Summary Phase
[61.285s][info][gc,phases      ] GC(297) Summary Phase 0.089ms
[61.285s][info][gc,phases,start] GC(297) Adjust Roots
[61.285s][info][gc,phases      ] GC(297) Adjust Roots 0.272ms
[61.285s][info][gc,phases,start] GC(297) Compaction Phase
[61.695s][info][gc,phases      ] GC(297) Compaction Phase 410.015ms
[61.695s][info][gc,phases,start] GC(297) Post Compact
[61.703s][info][gc,phases      ] GC(297) Post Compact 8.389ms
[61.703s][info][gc,heap        ] GC(297) PSYoungGen: 177169K(282112K)->177169K(282112K) Eden: 49663K(49664K)->49663K(49664K) From: 127505K(232448K)->127505K(232448K)
[61.703s][info][gc,heap        ] GC(297) ParOldGen: 5393270K(5393408K)->5393270K(5393408K)
[61.703s][info][gc,metaspace   ] GC(297) Metaspace: 6301K(6464K)->6301K(6464K) NonClass: 5768K(5824K)->5768K(5824K) Class: 533K(640K)->533K(640K)
[61.703s][info][gc             ] GC(297) Pause Full (Ergonomics) 5439M->5439M(5542M) 1700.677ms
[61.704s][info][gc,cpu         ] GC(297) User=12.78s Sys=0.00s Real=1.70s
[61.704s][info][gc,start       ] GC(298) Pause Full (Ergonomics)
[61.704s][info][gc,phases,start] GC(298) Marking Phase
[62.990s][info][gc,phases      ] GC(298) Marking Phase 1286.346ms
[62.990s][info][gc,phases,start] GC(298) Summary Phase
[62.990s][info][gc,phases      ] GC(298) Summary Phase 0.064ms
[62.990s][info][gc,phases,start] GC(298) Adjust Roots
[62.990s][info][gc,phases      ] GC(298) Adjust Roots 0.193ms
[62.990s][info][gc,phases,start] GC(298) Compaction Phase
[63.409s][info][gc,phases      ] GC(298) Compaction Phase 418.533ms
[63.409s][info][gc,phases,start] GC(298) Post Compact
[63.417s][info][gc,phases      ] GC(298) Post Compact 8.277ms
[63.417s][info][gc,heap        ] GC(298) PSYoungGen: 177169K(282112K)->177169K(282112K) Eden: 49663K(49664K)->49663K(49664K) From: 127505K(232448K)->127505K(232448K)
[63.417s][info][gc,heap        ] GC(298) ParOldGen: 5393275K(5393408K)->5393275K(5393408K)
[63.417s][info][gc,metaspace   ] GC(298) Metaspace: 6301K(6464K)->6301K(6464K) NonClass: 5768K(5824K)->5768K(5824K) Class: 533K(640K)->533K(640K)
[63.417s][info][gc             ] GC(298) Pause Full (Ergonomics) 5439M->5439M(5542M) 1713.749ms
[63.418s][info][gc,cpu         ] GC(298) User=13.11s Sys=0.00s Real=1.71s
[63.418s][info][gc,start       ] GC(299) Pause Full (Ergonomics)
[63.418s][info][gc,phases,start] GC(299) Marking Phase
[64.713s][info][gc,phases      ] GC(299) Marking Phase 1295.259ms
[64.713s][info][gc,phases,start] GC(299) Summary Phase
[64.713s][info][gc,phases      ] GC(299) Summary Phase 0.059ms
[64.713s][info][gc,phases,start] GC(299) Adjust Roots
[64.713s][info][gc,phases      ] GC(299) Adjust Roots 0.164ms
[64.713s][info][gc,phases,start] GC(299) Compaction Phase
[65.139s][info][gc,phases      ] GC(299) Compaction Phase 425.552ms
[65.139s][info][gc,phases,start] GC(299) Post Compact
[65.147s][info][gc,phases      ] GC(299) Post Compact 8.398ms
[65.147s][info][gc,heap        ] GC(299) PSYoungGen: 177169K(282112K)->177169K(282112K) Eden: 49663K(49664K)->49663K(49664K) From: 127505K(232448K)->127505K(232448K)
[65.147s][info][gc,heap        ] GC(299) ParOldGen: 5393280K(5393408K)->5393280K(5393408K)
[65.147s][info][gc,metaspace   ] GC(299) Metaspace: 6301K(6464K)->6301K(6464K) NonClass: 5768K(5824K)->5768K(5824K) Class: 533K(640K)->533K(640K)
[65.147s][info][gc             ] GC(299) Pause Full (Ergonomics) 5439M->5439M(5542M) 1729.784ms
[65.148s][info][gc,cpu         ] GC(299) User=12.98s Sys=0.00s Real=1.73s
[65.148s][info][gc,start       ] GC(300) Pause Full (Ergonomics)
[65.148s][info][gc,phases,start] GC(300) Marking Phase
[66.421s][info][gc,phases      ] GC(300) Marking Phase 1272.997ms
[66.421s][info][gc,phases,start] GC(300) Summary Phase
[66.421s][info][gc,phases      ] GC(300) Summary Phase 0.063ms
[66.421s][info][gc,phases,start] GC(300) Adjust Roots
[66.421s][info][gc,phases      ] GC(300) Adjust Roots 0.222ms
[66.421s][info][gc,phases,start] GC(300) Compaction Phase
[66.841s][info][gc,phases      ] GC(300) Compaction Phase 419.674ms
[66.841s][info][gc,phases,start] GC(300) Post Compact
[66.849s][info][gc,phases      ] GC(300) Post Compact 8.148ms
[66.849s][info][gc,heap        ] GC(300) PSYoungGen: 177169K(282112K)->177169K(282112K) Eden: 49663K(49664K)->49663K(49664K) From: 127505K(232448K)->127505K(232448K)
[66.849s][info][gc,heap        ] GC(300) ParOldGen: 5393285K(5393408K)->5393285K(5393408K)
[66.849s][info][gc,metaspace   ] GC(300) Metaspace: 6301K(6464K)->6301K(6464K) NonClass: 5768K(5824K)->5768K(5824K) Class: 533K(640K)->533K(640K)
[66.849s][info][gc             ] GC(300) Pause Full (Ergonomics) 5439M->5439M(5542M) 1701.482ms
[66.849s][info][gc,cpu         ] GC(300) User=12.91s Sys=0.00s Real=1.70s
[66.849s][info][gc,start       ] GC(301) Pause Full (Ergonomics)
[66.849s][info][gc,phases,start] GC(301) Marking Phase
[68.162s][info][gc,phases      ] GC(301) Marking Phase 1313.014ms
[68.163s][info][gc,phases,start] GC(301) Summary Phase
[68.163s][info][gc,phases      ] GC(301) Summary Phase 0.064ms
[68.163s][info][gc,phases,start] GC(301) Adjust Roots
[68.163s][info][gc,phases      ] GC(301) Adjust Roots 0.187ms
[68.163s][info][gc,phases,start] GC(301) Compaction Phase
[68.572s][info][gc,phases      ] GC(301) Compaction Phase 409.565ms
[68.572s][info][gc,phases,start] GC(301) Post Compact
[68.581s][info][gc,phases      ] GC(301) Post Compact 8.414ms
[68.581s][info][gc,heap        ] GC(301) PSYoungGen: 177169K(282112K)->177169K(282112K) Eden: 49663K(49664K)->49663K(49664K) From: 127505K(232448K)->127505K(232448K)
[68.581s][info][gc,heap        ] GC(301) ParOldGen: 5393289K(5393408K)->5393289K(5393408K)
[68.581s][info][gc,metaspace   ] GC(301) Metaspace: 6301K(6464K)->6301K(6464K) NonClass: 5768K(5824K)->5768K(5824K) Class: 533K(640K)->533K(640K)
[68.581s][info][gc             ] GC(301) Pause Full (Ergonomics) 5439M->5439M(5542M) 1731.606ms
[68.581s][info][gc,cpu         ] GC(301) User=13.03s Sys=0.00s Real=1.73s
[68.581s][info][gc,start       ] GC(302) Pause Full (Ergonomics)
[68.581s][info][gc,phases,start] GC(302) Marking Phase
[69.869s][info][gc,phases      ] GC(302) Marking Phase 1287.823ms
[69.869s][info][gc,phases,start] GC(302) Summary Phase
[69.869s][info][gc,phases      ] GC(302) Summary Phase 0.068ms
[69.869s][info][gc,phases,start] GC(302) Adjust Roots
[69.869s][info][gc,phases      ] GC(302) Adjust Roots 0.201ms
[69.869s][info][gc,phases,start] GC(302) Compaction Phase
[70.270s][info][gc,phases      ] GC(302) Compaction Phase 400.802ms
[70.270s][info][gc,phases,start] GC(302) Post Compact
[70.279s][info][gc,phases      ] GC(302) Post Compact 8.228ms
[70.279s][info][gc,heap        ] GC(302) PSYoungGen: 177169K(282112K)->177169K(282112K) Eden: 49663K(49664K)->49663K(49664K) From: 127505K(232448K)->127505K(232448K)
[70.279s][info][gc,heap        ] GC(302) ParOldGen: 5393294K(5393408K)->5393294K(5393408K)
[70.279s][info][gc,metaspace   ] GC(302) Metaspace: 6301K(6464K)->6301K(6464K) NonClass: 5768K(5824K)->5768K(5824K) Class: 533K(640K)->533K(640K)
[70.279s][info][gc             ] GC(302) Pause Full (Ergonomics) 5439M->5439M(5542M) 1697.459ms
[70.279s][info][gc,cpu         ] GC(302) User=13.06s Sys=0.00s Real=1.70s
[70.279s][info][gc,start       ] GC(303) Pause Full (Ergonomics)
[70.279s][info][gc,phases,start] GC(303) Marking Phase
[71.572s][info][gc,phases      ] GC(303) Marking Phase 1292.755ms
[71.572s][info][gc,phases,start] GC(303) Summary Phase
[71.572s][info][gc,phases      ] GC(303) Summary Phase 0.060ms
[71.572s][info][gc,phases,start] GC(303) Adjust Roots
[71.572s][info][gc,phases      ] GC(303) Adjust Roots 0.176ms
[71.572s][info][gc,phases,start] GC(303) Compaction Phase
[71.991s][info][gc,phases      ] GC(303) Compaction Phase 418.716ms
[71.991s][info][gc,phases,start] GC(303) Post Compact
[71.999s][info][gc,phases      ] GC(303) Post Compact 8.258ms
[71.999s][info][gc,heap        ] GC(303) PSYoungGen: 177169K(282112K)->177169K(282112K) Eden: 49663K(49664K)->49663K(49664K) From: 127505K(232448K)->127505K(232448K)
[71.999s][info][gc,heap        ] GC(303) ParOldGen: 5393299K(5393408K)->5393299K(5393408K)
[71.999s][info][gc,metaspace   ] GC(303) Metaspace: 6301K(6464K)->6301K(6464K) NonClass: 5768K(5824K)->5768K(5824K) Class: 533K(640K)->533K(640K)
[71.999s][info][gc             ] GC(303) Pause Full (Ergonomics) 5439M->5439M(5542M) 1720.319ms
[71.999s][info][gc,cpu         ] GC(303) User=13.00s Sys=0.00s Real=1.72s
[71.999s][info][gc,start       ] GC(304) Pause Full (Ergonomics)
[71.999s][info][gc,phases,start] GC(304) Marking Phase
[73.284s][info][gc,phases      ] GC(304) Marking Phase 1285.015ms
[73.285s][info][gc,phases,start] GC(304) Summary Phase
[73.285s][info][gc,phases      ] GC(304) Summary Phase 0.094ms
[73.285s][info][gc,phases,start] GC(304) Adjust Roots
[73.285s][info][gc,phases      ] GC(304) Adjust Roots 0.272ms
[73.285s][info][gc,phases,start] GC(304) Compaction Phase
[73.673s][info][gc,phases      ] GC(304) Compaction Phase 388.245ms
[73.673s][info][gc,phases,start] GC(304) Post Compact
[73.682s][info][gc,phases      ] GC(304) Post Compact 8.965ms
[73.682s][info][gc,heap        ] GC(304) PSYoungGen: 177169K(282112K)->177169K(282112K) Eden: 49663K(49664K)->49663K(49664K) From: 127505K(232448K)->127505K(232448K)
[73.682s][info][gc,heap        ] GC(304) ParOldGen: 5393304K(5393408K)->5393304K(5393408K)
[73.682s][info][gc,metaspace   ] GC(304) Metaspace: 6301K(6464K)->6301K(6464K) NonClass: 5768K(5824K)->5768K(5824K) Class: 533K(640K)->533K(640K)
[73.682s][info][gc             ] GC(304) Pause Full (Ergonomics) 5439M->5439M(5542M) 1682.988ms
[73.682s][info][gc,cpu         ] GC(304) User=13.06s Sys=0.00s Real=1.68s
[73.683s][info][gc,start       ] GC(305) Pause Full (Ergonomics)
[73.683s][info][gc,phases,start] GC(305) Marking Phase
[74.989s][info][gc,phases      ] GC(305) Marking Phase 1306.356ms
[74.989s][info][gc,phases,start] GC(305) Summary Phase
[74.989s][info][gc,phases      ] GC(305) Summary Phase 0.099ms
[74.989s][info][gc,phases,start] GC(305) Adjust Roots
[74.990s][info][gc,phases      ] GC(305) Adjust Roots 0.302ms
[74.990s][info][gc,phases,start] GC(305) Compaction Phase
[75.435s][info][gc,phases      ] GC(305) Compaction Phase 445.550ms
[75.435s][info][gc,phases,start] GC(305) Post Compact
[75.445s][info][gc,phases      ] GC(305) Post Compact 9.459ms
[75.445s][info][gc,heap        ] GC(305) PSYoungGen: 177169K(282112K)->177169K(282112K) Eden: 49663K(49664K)->49663K(49664K) From: 127505K(232448K)->127505K(232448K)
[75.445s][info][gc,heap        ] GC(305) ParOldGen: 5393309K(5393408K)->5393309K(5393408K)
[75.445s][info][gc,metaspace   ] GC(305) Metaspace: 6301K(6464K)->6301K(6464K) NonClass: 5768K(5824K)->5768K(5824K) Class: 533K(640K)->533K(640K)
[75.445s][info][gc             ] GC(305) Pause Full (Ergonomics) 5439M->5439M(5542M) 1762.182ms
[75.445s][info][gc,cpu         ] GC(305) User=12.97s Sys=0.00s Real=1.76s
[75.445s][info][gc,start       ] GC(306) Pause Full (Ergonomics)
[75.445s][info][gc,phases,start] GC(306) Marking Phase
[76.758s][info][gc,phases      ] GC(306) Marking Phase 1313.306ms
[76.758s][info][gc,phases,start] GC(306) Summary Phase
[76.759s][info][gc,phases      ] GC(306) Summary Phase 0.080ms
[76.759s][info][gc,phases,start] GC(306) Adjust Roots
[76.759s][info][gc,phases      ] GC(306) Adjust Roots 0.232ms
[76.759s][info][gc,phases,start] GC(306) Compaction Phase
[77.173s][info][gc,phases      ] GC(306) Compaction Phase 414.070ms
[77.173s][info][gc,phases,start] GC(306) Post Compact
[77.182s][info][gc,phases      ] GC(306) Post Compact 9.299ms
[77.182s][info][gc,heap        ] GC(306) PSYoungGen: 177169K(282112K)->177169K(282112K) Eden: 49663K(49664K)->49663K(49664K) From: 127505K(232448K)->127505K(232448K)
[77.182s][info][gc,heap        ] GC(306) ParOldGen: 5393314K(5393408K)->5393314K(5393408K)
[77.182s][info][gc,metaspace   ] GC(306) Metaspace: 6301K(6464K)->6301K(6464K) NonClass: 5768K(5824K)->5768K(5824K) Class: 533K(640K)->533K(640K)
[77.182s][info][gc             ] GC(306) Pause Full (Ergonomics) 5439M->5439M(5542M) 1737.363ms
[77.182s][info][gc,cpu         ] GC(306) User=13.16s Sys=0.03s Real=1.74s
[77.183s][info][gc,start       ] GC(307) Pause Full (Ergonomics)
[77.183s][info][gc,phases,start] GC(307) Marking Phase
[78.470s][info][gc,phases      ] GC(307) Marking Phase 1287.663ms
[78.470s][info][gc,phases,start] GC(307) Summary Phase
[78.470s][info][gc,phases      ] GC(307) Summary Phase 0.064ms
[78.470s][info][gc,phases,start] GC(307) Adjust Roots
[78.471s][info][gc,phases      ] GC(307) Adjust Roots 0.199ms
[78.471s][info][gc,phases,start] GC(307) Compaction Phase
[78.907s][info][gc,phases      ] GC(307) Compaction Phase 436.722ms
[78.907s][info][gc,phases,start] GC(307) Post Compact
[78.916s][info][gc,phases      ] GC(307) Post Compact 8.203ms
[78.916s][info][gc,heap        ] GC(307) PSYoungGen: 177169K(282112K)->177169K(282112K) Eden: 49663K(49664K)->49663K(49664K) From: 127505K(232448K)->127505K(232448K)
[78.916s][info][gc,heap        ] GC(307) ParOldGen: 5393318K(5393408K)->5393318K(5393408K)
[78.916s][info][gc,metaspace   ] GC(307) Metaspace: 6301K(6464K)->6301K(6464K) NonClass: 5768K(5824K)->5768K(5824K) Class: 533K(640K)->533K(640K)
[78.916s][info][gc             ] GC(307) Pause Full (Ergonomics) 5439M->5439M(5542M) 1733.189ms
[78.916s][info][gc,cpu         ] GC(307) User=13.00s Sys=0.00s Real=1.73s
[78.916s][info][gc,start       ] GC(308) Pause Full (Ergonomics)
[78.916s][info][gc,phases,start] GC(308) Marking Phase
[80.223s][info][gc,phases      ] GC(308) Marking Phase 1306.462ms
[80.223s][info][gc,phases,start] GC(308) Summary Phase
[80.223s][info][gc,phases      ] GC(308) Summary Phase 0.098ms
[80.223s][info][gc,phases,start] GC(308) Adjust Roots
[80.223s][info][gc,phases      ] GC(308) Adjust Roots 0.219ms
[80.223s][info][gc,phases,start] GC(308) Compaction Phase
[80.646s][info][gc,phases      ] GC(308) Compaction Phase 422.542ms
[80.646s][info][gc,phases,start] GC(308) Post Compact
[80.654s][info][gc,phases      ] GC(308) Post Compact 8.318ms
[80.654s][info][gc,heap        ] GC(308) PSYoungGen: 177169K(282112K)->177169K(282112K) Eden: 49663K(49664K)->49663K(49664K) From: 127505K(232448K)->127505K(232448K)
[80.654s][info][gc,heap        ] GC(308) ParOldGen: 5393323K(5393408K)->5393323K(5393408K)
[80.654s][info][gc,metaspace   ] GC(308) Metaspace: 6301K(6464K)->6301K(6464K) NonClass: 5768K(5824K)->5768K(5824K) Class: 533K(640K)->533K(640K)
[80.654s][info][gc             ] GC(308) Pause Full (Ergonomics) 5439M->5439M(5542M) 1738.052ms
[80.654s][info][gc,cpu         ] GC(308) User=13.05s Sys=0.00s Real=1.74s
[80.654s][info][gc,start       ] GC(309) Pause Full (Ergonomics)
[80.654s][info][gc,phases,start] GC(309) Marking Phase
[81.939s][info][gc,phases      ] GC(309) Marking Phase 1284.471ms
[81.939s][info][gc,phases,start] GC(309) Summary Phase
[81.939s][info][gc,phases      ] GC(309) Summary Phase 0.059ms
[81.939s][info][gc,phases,start] GC(309) Adjust Roots
[81.939s][info][gc,phases      ] GC(309) Adjust Roots 0.186ms
[81.939s][info][gc,phases,start] GC(309) Compaction Phase
[82.372s][info][gc,phases      ] GC(309) Compaction Phase 433.132ms
[82.372s][info][gc,phases,start] GC(309) Post Compact
[82.381s][info][gc,phases      ] GC(309) Post Compact 8.333ms
[82.381s][info][gc,heap        ] GC(309) PSYoungGen: 177169K(282112K)->177169K(282112K) Eden: 49663K(49664K)->49663K(49664K) From: 127505K(232448K)->127505K(232448K)
[82.381s][info][gc,heap        ] GC(309) ParOldGen: 5393328K(5393408K)->5393328K(5393408K)
[82.381s][info][gc,metaspace   ] GC(309) Metaspace: 6301K(6464K)->6301K(6464K) NonClass: 5768K(5824K)->5768K(5824K) Class: 533K(640K)->533K(640K)
[82.381s][info][gc             ] GC(309) Pause Full (Ergonomics) 5439M->5439M(5542M) 1726.524ms
[82.381s][info][gc,cpu         ] GC(309) User=12.91s Sys=0.00s Real=1.73s
[82.381s][info][gc,start       ] GC(310) Pause Full (Ergonomics)
[82.381s][info][gc,phases,start] GC(310) Marking Phase
[83.695s][info][gc,phases      ] GC(310) Marking Phase 1314.117ms
[83.695s][info][gc,phases,start] GC(310) Summary Phase
[83.695s][info][gc,phases      ] GC(310) Summary Phase 0.070ms
[83.695s][info][gc,phases,start] GC(310) Adjust Roots
[83.696s][info][gc,phases      ] GC(310) Adjust Roots 0.215ms
[83.696s][info][gc,phases,start] GC(310) Compaction Phase
[84.124s][info][gc,phases      ] GC(310) Compaction Phase 427.913ms
[84.124s][info][gc,phases,start] GC(310) Post Compact
[84.132s][info][gc,phases      ] GC(310) Post Compact 8.285ms
[84.132s][info][gc,heap        ] GC(310) PSYoungGen: 177169K(282112K)->177169K(282112K) Eden: 49663K(49664K)->49663K(49664K) From: 127505K(232448K)->127505K(232448K)
[84.132s][info][gc,heap        ] GC(310) ParOldGen: 5393333K(5393408K)->5393333K(5393408K)
[84.132s][info][gc,metaspace   ] GC(310) Metaspace: 6301K(6464K)->6301K(6464K) NonClass: 5768K(5824K)->5768K(5824K) Class: 533K(640K)->533K(640K)
[84.132s][info][gc             ] GC(310) Pause Full (Ergonomics) 5439M->5439M(5542M) 1750.942ms
[84.132s][info][gc,cpu         ] GC(310) User=13.12s Sys=0.02s Real=1.75s
[84.132s][info][gc,start       ] GC(311) Pause Full (Ergonomics)
[84.132s][info][gc,phases,start] GC(311) Marking Phase
[85.446s][info][gc,phases      ] GC(311) Marking Phase 1313.875ms
[85.446s][info][gc,phases,start] GC(311) Summary Phase
[85.446s][info][gc,phases      ] GC(311) Summary Phase 0.115ms
[85.446s][info][gc,phases,start] GC(311) Adjust Roots
[85.447s][info][gc,phases      ] GC(311) Adjust Roots 0.336ms
[85.447s][info][gc,phases,start] GC(311) Compaction Phase
[85.867s][info][gc,phases      ] GC(311) Compaction Phase 420.154ms
[85.867s][info][gc,phases,start] GC(311) Post Compact
[85.875s][info][gc,phases      ] GC(311) Post Compact 8.161ms
[85.875s][info][gc,heap        ] GC(311) PSYoungGen: 177169K(282112K)->177169K(282112K) Eden: 49663K(49664K)->49663K(49664K) From: 127505K(232448K)->127505K(232448K)
[85.875s][info][gc,heap        ] GC(311) ParOldGen: 5393338K(5393408K)->5393338K(5393408K)
[85.875s][info][gc,metaspace   ] GC(311) Metaspace: 6301K(6464K)->6301K(6464K) NonClass: 5768K(5824K)->5768K(5824K) Class: 533K(640K)->533K(640K)
[85.875s][info][gc             ] GC(311) Pause Full (Ergonomics) 5439M->5439M(5542M) 1743.084ms
[85.875s][info][gc,cpu         ] GC(311) User=13.16s Sys=0.00s Real=1.74s
[85.875s][info][gc,start       ] GC(312) Pause Full (Ergonomics)
[85.876s][info][gc,phases,start] GC(312) Marking Phase
[87.130s][info][gc,phases      ] GC(312) Marking Phase 1254.329ms
[87.130s][info][gc,phases,start] GC(312) Summary Phase
[87.130s][info][gc,phases      ] GC(312) Summary Phase 0.064ms
[87.130s][info][gc,phases,start] GC(312) Adjust Roots
[87.130s][info][gc,phases      ] GC(312) Adjust Roots 0.193ms
[87.130s][info][gc,phases,start] GC(312) Compaction Phase
[87.533s][info][gc,phases      ] GC(312) Compaction Phase 403.249ms
[87.534s][info][gc,phases,start] GC(312) Post Compact
[87.542s][info][gc,phases      ] GC(312) Post Compact 8.357ms
[87.542s][info][gc,heap        ] GC(312) PSYoungGen: 177169K(282112K)->177169K(282112K) Eden: 49663K(49664K)->49663K(49664K) From: 127505K(232448K)->127505K(232448K)
[87.542s][info][gc,heap        ] GC(312) ParOldGen: 5393343K(5393408K)->5393343K(5393408K)
[87.542s][info][gc,metaspace   ] GC(312) Metaspace: 6301K(6464K)->6301K(6464K) NonClass: 5768K(5824K)->5768K(5824K) Class: 533K(640K)->533K(640K)
[87.542s][info][gc             ] GC(312) Pause Full (Ergonomics) 5439M->5439M(5542M) 1666.549ms
[87.542s][info][gc,cpu         ] GC(312) User=12.70s Sys=0.00s Real=1.67s
[87.542s][info][gc,start       ] GC(313) Pause Full (Ergonomics)
[87.542s][info][gc,phases,start] GC(313) Marking Phase
[88.861s][info][gc,phases      ] GC(313) Marking Phase 1319.028ms
[88.861s][info][gc,phases,start] GC(313) Summary Phase
[88.862s][info][gc,phases      ] GC(313) Summary Phase 0.123ms
[88.862s][info][gc,phases,start] GC(313) Adjust Roots
[88.862s][info][gc,phases      ] GC(313) Adjust Roots 0.226ms
[88.862s][info][gc,phases,start] GC(313) Compaction Phase
[89.238s][info][gc,phases      ] GC(313) Compaction Phase 375.686ms
[89.238s][info][gc,phases,start] GC(313) Post Compact
[89.246s][info][gc,phases      ] GC(313) Post Compact 8.779ms
[89.246s][info][gc,heap        ] GC(313) PSYoungGen: 177169K(282112K)->177169K(282112K) Eden: 49663K(49664K)->49663K(49664K) From: 127505K(232448K)->127505K(232448K)
[89.247s][info][gc,heap        ] GC(313) ParOldGen: 5393347K(5393408K)->5393347K(5393408K)
[89.247s][info][gc,metaspace   ] GC(313) Metaspace: 6301K(6464K)->6301K(6464K) NonClass: 5768K(5824K)->5768K(5824K) Class: 533K(640K)->533K(640K)
[89.247s][info][gc             ] GC(313) Pause Full (Ergonomics) 5439M->5439M(5542M) 1704.275ms
[89.247s][info][gc,cpu         ] GC(313) User=12.70s Sys=0.00s Real=1.70s
[89.247s][info][gc,start       ] GC(314) Pause Full (Ergonomics)
[89.247s][info][gc,phases,start] GC(314) Marking Phase
[90.542s][info][gc,phases      ] GC(314) Marking Phase 1294.830ms
[90.542s][info][gc,phases,start] GC(314) Summary Phase
[90.542s][info][gc,phases      ] GC(314) Summary Phase 0.061ms
[90.542s][info][gc,phases,start] GC(314) Adjust Roots
[90.542s][info][gc,phases      ] GC(314) Adjust Roots 0.193ms
[90.542s][info][gc,phases,start] GC(314) Compaction Phase
[90.909s][info][gc,phases      ] GC(314) Compaction Phase 366.492ms
[90.909s][info][gc,phases,start] GC(314) Post Compact
[90.917s][info][gc,phases      ] GC(314) Post Compact 8.460ms
[90.917s][info][gc,heap        ] GC(314) PSYoungGen: 177169K(282112K)->177169K(282112K) Eden: 49663K(49664K)->49663K(49664K) From: 127505K(232448K)->127505K(232448K)
[90.917s][info][gc,heap        ] GC(314) ParOldGen: 5393352K(5393408K)->5393352K(5393408K)
[90.917s][info][gc,metaspace   ] GC(314) Metaspace: 6301K(6464K)->6301K(6464K) NonClass: 5768K(5824K)->5768K(5824K) Class: 533K(640K)->533K(640K)
[90.917s][info][gc             ] GC(314) Pause Full (Ergonomics) 5439M->5439M(5542M) 1670.424ms
[90.917s][info][gc,cpu         ] GC(314) User=12.75s Sys=0.00s Real=1.67s
[90.917s][info][gc,start       ] GC(315) Pause Full (Ergonomics)
[90.917s][info][gc,phases,start] GC(315) Marking Phase
[92.187s][info][gc,phases      ] GC(315) Marking Phase 1269.287ms
[92.187s][info][gc,phases,start] GC(315) Summary Phase
[92.187s][info][gc,phases      ] GC(315) Summary Phase 0.116ms
[92.187s][info][gc,phases,start] GC(315) Adjust Roots
[92.187s][info][gc,phases      ] GC(315) Adjust Roots 0.199ms
[92.187s][info][gc,phases,start] GC(315) Compaction Phase
[92.533s][info][gc,phases      ] GC(315) Compaction Phase 345.350ms
[92.533s][info][gc,phases,start] GC(315) Post Compact
[92.541s][info][gc,phases      ] GC(315) Post Compact 8.425ms
[92.541s][info][gc,heap        ] GC(315) PSYoungGen: 177169K(282112K)->177169K(282112K) Eden: 49663K(49664K)->49663K(49664K) From: 127505K(232448K)->127505K(232448K)
[92.541s][info][gc,heap        ] GC(315) ParOldGen: 5393357K(5393408K)->5393357K(5393408K)
[92.541s][info][gc,metaspace   ] GC(315) Metaspace: 6301K(6464K)->6301K(6464K) NonClass: 5768K(5824K)->5768K(5824K) Class: 533K(640K)->533K(640K)
[92.541s][info][gc             ] GC(315) Pause Full (Ergonomics) 5439M->5439M(5542M) 1623.741ms
[92.541s][info][gc,cpu         ] GC(315) User=12.52s Sys=0.00s Real=1.62s
[92.541s][info][gc,start       ] GC(316) Pause Full (Ergonomics)
[92.541s][info][gc,phases,start] GC(316) Marking Phase
[93.821s][info][gc,phases      ] GC(316) Marking Phase 1279.403ms
[93.821s][info][gc,phases,start] GC(316) Summary Phase
[93.821s][info][gc,phases      ] GC(316) Summary Phase 0.078ms
[93.821s][info][gc,phases,start] GC(316) Adjust Roots
[93.821s][info][gc,phases      ] GC(316) Adjust Roots 0.239ms
[93.821s][info][gc,phases,start] GC(316) Compaction Phase
[94.159s][info][gc,phases      ] GC(316) Compaction Phase 338.164ms
[94.160s][info][gc,phases,start] GC(316) Post Compact
[94.167s][info][gc,phases      ] GC(316) Post Compact 7.282ms
[94.167s][info][gc,heap        ] GC(316) PSYoungGen: 177169K(282112K)->177169K(282112K) Eden: 49663K(49664K)->49663K(49664K) From: 127505K(232448K)->127505K(232448K)
[94.167s][info][gc,heap        ] GC(316) ParOldGen: 5393362K(5393408K)->5393362K(5393408K)
[94.167s][info][gc,metaspace   ] GC(316) Metaspace: 6301K(6464K)->6301K(6464K) NonClass: 5768K(5824K)->5768K(5824K) Class: 533K(640K)->533K(640K)
[94.167s][info][gc             ] GC(316) Pause Full (Ergonomics) 5439M->5439M(5542M) 1625.538ms
[94.167s][info][gc,cpu         ] GC(316) User=12.58s Sys=0.00s Real=1.62s
[94.167s][info][gc,start       ] GC(317) Pause Full (Ergonomics)
[94.167s][info][gc,phases,start] GC(317) Marking Phase
[95.476s][info][gc,phases      ] GC(317) Marking Phase 1308.987ms
[95.476s][info][gc,phases,start] GC(317) Summary Phase
[95.476s][info][gc,phases      ] GC(317) Summary Phase 0.059ms
[95.476s][info][gc,phases,start] GC(317) Adjust Roots
[95.476s][info][gc,phases      ] GC(317) Adjust Roots 0.165ms
[95.476s][info][gc,phases,start] GC(317) Compaction Phase
[95.821s][info][gc,phases      ] GC(317) Compaction Phase 344.072ms
[95.821s][info][gc,phases,start] GC(317) Post Compact
[95.829s][info][gc,phases      ] GC(317) Post Compact 8.476ms
[95.829s][info][gc,heap        ] GC(317) PSYoungGen: 177169K(282112K)->177169K(282112K) Eden: 49663K(49664K)->49663K(49664K) From: 127505K(232448K)->127505K(232448K)
[95.829s][info][gc,heap        ] GC(317) ParOldGen: 5393367K(5393408K)->5393367K(5393408K)
[95.829s][info][gc,metaspace   ] GC(317) Metaspace: 6301K(6464K)->6301K(6464K) NonClass: 5768K(5824K)->5768K(5824K) Class: 533K(640K)->533K(640K)
[95.829s][info][gc             ] GC(317) Pause Full (Ergonomics) 5439M->5439M(5542M) 1662.136ms
[95.829s][info][gc,cpu         ] GC(317) User=12.80s Sys=0.00s Real=1.66s
[95.830s][info][gc,start       ] GC(318) Pause Full (Ergonomics)
[95.830s][info][gc,phases,start] GC(318) Marking Phase
[97.110s][info][gc,phases      ] GC(318) Marking Phase 1280.137ms
[97.110s][info][gc,phases,start] GC(318) Summary Phase
[97.110s][info][gc,phases      ] GC(318) Summary Phase 0.060ms
[97.110s][info][gc,phases,start] GC(318) Adjust Roots
[97.110s][info][gc,phases      ] GC(318) Adjust Roots 0.173ms
[97.110s][info][gc,phases,start] GC(318) Compaction Phase
[97.461s][info][gc,phases      ] GC(318) Compaction Phase 350.770ms
[97.461s][info][gc,phases,start] GC(318) Post Compact
[97.468s][info][gc,phases      ] GC(318) Post Compact 7.337ms
[97.468s][info][gc,heap        ] GC(318) PSYoungGen: 177169K(282112K)->177169K(282112K) Eden: 49663K(49664K)->49663K(49664K) From: 127505K(232448K)->127505K(232448K)
[97.468s][info][gc,heap        ] GC(318) ParOldGen: 5393372K(5393408K)->5393372K(5393408K)
[97.468s][info][gc,metaspace   ] GC(318) Metaspace: 6301K(6464K)->6301K(6464K) NonClass: 5768K(5824K)->5768K(5824K) Class: 533K(640K)->533K(640K)
[97.468s][info][gc             ] GC(318) Pause Full (Ergonomics) 5439M->5439M(5542M) 1638.810ms
[97.468s][info][gc,cpu         ] GC(318) User=12.64s Sys=0.00s Real=1.64s
[97.469s][info][gc,start       ] GC(319) Pause Full (Ergonomics)
[97.469s][info][gc,phases,start] GC(319) Marking Phase
[98.752s][info][gc,phases      ] GC(319) Marking Phase 1282.955ms
[98.752s][info][gc,phases,start] GC(319) Summary Phase
[98.752s][info][gc,phases      ] GC(319) Summary Phase 0.061ms
[98.752s][info][gc,phases,start] GC(319) Adjust Roots
[98.752s][info][gc,phases      ] GC(319) Adjust Roots 0.169ms
[98.752s][info][gc,phases,start] GC(319) Compaction Phase
[99.099s][info][gc,phases      ] GC(319) Compaction Phase 346.778ms
[99.099s][info][gc,phases,start] GC(319) Post Compact
[99.106s][info][gc,phases      ] GC(319) Post Compact 7.324ms
[99.106s][info][gc,heap        ] GC(319) PSYoungGen: 177169K(282112K)->177169K(282112K) Eden: 49663K(49664K)->49663K(49664K) From: 127505K(232448K)->127505K(232448K)
[99.106s][info][gc,heap        ] GC(319) ParOldGen: 5393376K(5393408K)->5393376K(5393408K)
[99.106s][info][gc,metaspace   ] GC(319) Metaspace: 6301K(6464K)->6301K(6464K) NonClass: 5768K(5824K)->5768K(5824K) Class: 533K(640K)->533K(640K)
[99.106s][info][gc             ] GC(319) Pause Full (Ergonomics) 5439M->5439M(5542M) 1637.618ms
[99.106s][info][gc,cpu         ] GC(319) User=12.59s Sys=0.00s Real=1.64s
[99.106s][info][gc,start       ] GC(320) Pause Full (Ergonomics)
[99.106s][info][gc,phases,start] GC(320) Marking Phase
[100.383s][info][gc,phases      ] GC(320) Marking Phase 1276.541ms
[100.383s][info][gc,phases,start] GC(320) Summary Phase
[100.383s][info][gc,phases      ] GC(320) Summary Phase 0.060ms
[100.383s][info][gc,phases,start] GC(320) Adjust Roots
[100.383s][info][gc,phases      ] GC(320) Adjust Roots 0.165ms
[100.383s][info][gc,phases,start] GC(320) Compaction Phase
[100.724s][info][gc,phases      ] GC(320) Compaction Phase 340.633ms
[100.724s][info][gc,phases,start] GC(320) Post Compact
[100.732s][info][gc,phases      ] GC(320) Post Compact 7.779ms
[100.732s][info][gc,heap        ] GC(320) PSYoungGen: 177169K(282112K)->177169K(282112K) Eden: 49663K(49664K)->49663K(49664K) From: 127505K(232448K)->127505K(232448K)
[100.732s][info][gc,heap        ] GC(320) ParOldGen: 5393381K(5393408K)->5393381K(5393408K)
[100.732s][info][gc,metaspace   ] GC(320) Metaspace: 6301K(6464K)->6301K(6464K) NonClass: 5768K(5824K)->5768K(5824K) Class: 533K(640K)->533K(640K)
[100.732s][info][gc             ] GC(320) Pause Full (Ergonomics) 5439M->5439M(5542M) 1625.558ms
[100.732s][info][gc,cpu         ] GC(320) User=12.56s Sys=0.00s Real=1.62s
[100.732s][info][gc,start       ] GC(321) Pause Full (Ergonomics)
[100.732s][info][gc,phases,start] GC(321) Marking Phase
[102.033s][info][gc,phases      ] GC(321) Marking Phase 1300.547ms
[102.033s][info][gc,phases,start] GC(321) Summary Phase
[102.033s][info][gc,phases      ] GC(321) Summary Phase 0.087ms
[102.033s][info][gc,phases,start] GC(321) Adjust Roots
[102.033s][info][gc,phases      ] GC(321) Adjust Roots 0.172ms
[102.033s][info][gc,phases,start] GC(321) Compaction Phase
[102.391s][info][gc,phases      ] GC(321) Compaction Phase 357.632ms
[102.391s][info][gc,phases,start] GC(321) Post Compact
[102.399s][info][gc,phases      ] GC(321) Post Compact 7.980ms
[102.399s][info][gc,heap        ] GC(321) PSYoungGen: 177169K(282112K)->177169K(282112K) Eden: 49663K(49664K)->49663K(49664K) From: 127505K(232448K)->127505K(232448K)
[102.399s][info][gc,heap        ] GC(321) ParOldGen: 5393386K(5393408K)->5393386K(5393408K)
[102.399s][info][gc,metaspace   ] GC(321) Metaspace: 6301K(6464K)->6301K(6464K) NonClass: 5768K(5824K)->5768K(5824K) Class: 533K(640K)->533K(640K)
[102.399s][info][gc             ] GC(321) Pause Full (Ergonomics) 5439M->5439M(5542M) 1666.751ms
[102.399s][info][gc,cpu         ] GC(321) User=12.80s Sys=0.02s Real=1.67s
[102.399s][info][gc,start       ] GC(322) Pause Full (Ergonomics)
[102.399s][info][gc,phases,start] GC(322) Marking Phase
[103.687s][info][gc,phases      ] GC(322) Marking Phase 1287.986ms
[103.687s][info][gc,phases,start] GC(322) Summary Phase
[103.687s][info][gc,phases      ] GC(322) Summary Phase 0.061ms
[103.687s][info][gc,phases,start] GC(322) Adjust Roots
[103.688s][info][gc,phases      ] GC(322) Adjust Roots 0.189ms
[103.688s][info][gc,phases,start] GC(322) Compaction Phase
[104.037s][info][gc,phases      ] GC(322) Compaction Phase 349.754ms
[104.037s][info][gc,phases,start] GC(322) Post Compact
[104.046s][info][gc,phases      ] GC(322) Post Compact 8.637ms
[104.046s][info][gc,heap        ] GC(322) PSYoungGen: 177169K(282112K)->177169K(282112K) Eden: 49663K(49664K)->49663K(49664K) From: 127505K(232448K)->127505K(232448K)
[104.046s][info][gc,heap        ] GC(322) ParOldGen: 5393391K(5393408K)->5393391K(5393408K)
[104.046s][info][gc,metaspace   ] GC(322) Metaspace: 6301K(6464K)->6301K(6464K) NonClass: 5768K(5824K)->5768K(5824K) Class: 533K(640K)->533K(640K)
[104.046s][info][gc             ] GC(322) Pause Full (Ergonomics) 5440M->5440M(5542M) 1646.977ms
[104.046s][info][gc,cpu         ] GC(322) User=12.80s Sys=0.00s Real=1.65s
[104.046s][info][gc,start       ] GC(323) Pause Full (Ergonomics)
[104.046s][info][gc,phases,start] GC(323) Marking Phase
[105.346s][info][gc,phases      ] GC(323) Marking Phase 1299.777ms
[105.346s][info][gc,phases,start] GC(323) Summary Phase
[105.346s][info][gc,phases      ] GC(323) Summary Phase 0.060ms
[105.346s][info][gc,phases,start] GC(323) Adjust Roots
[105.346s][info][gc,phases      ] GC(323) Adjust Roots 0.180ms
[105.346s][info][gc,phases,start] GC(323) Compaction Phase
[105.693s][info][gc,phases      ] GC(323) Compaction Phase 346.179ms
[105.693s][info][gc,phases,start] GC(323) Post Compact
[105.701s][info][gc,phases      ] GC(323) Post Compact 7.794ms
[105.701s][info][gc,heap        ] GC(323) PSYoungGen: 177169K(282112K)->177169K(282112K) Eden: 49663K(49664K)->49663K(49664K) From: 127505K(232448K)->127505K(232448K)
[105.701s][info][gc,heap        ] GC(323) ParOldGen: 5393396K(5393408K)->5393396K(5393408K)
[105.701s][info][gc,metaspace   ] GC(323) Metaspace: 6301K(6464K)->6301K(6464K) NonClass: 5768K(5824K)->5768K(5824K) Class: 533K(640K)->533K(640K)
[105.701s][info][gc             ] GC(323) Pause Full (Ergonomics) 5440M->5440M(5542M) 1654.346ms
[105.701s][info][gc,cpu         ] GC(323) User=12.70s Sys=0.00s Real=1.65s
[105.701s][info][gc,start       ] GC(324) Pause Full (Ergonomics)
[105.701s][info][gc,phases,start] GC(324) Marking Phase
[106.983s][info][gc,phases      ] GC(324) Marking Phase 1282.106ms
[106.983s][info][gc,phases,start] GC(324) Summary Phase
[106.983s][info][gc,phases      ] GC(324) Summary Phase 0.060ms
[106.983s][info][gc,phases,start] GC(324) Adjust Roots
[106.983s][info][gc,phases      ] GC(324) Adjust Roots 0.167ms
[106.983s][info][gc,phases,start] GC(324) Compaction Phase
[107.334s][info][gc,phases      ] GC(324) Compaction Phase 350.821ms
[107.334s][info][gc,phases,start] GC(324) Post Compact
[107.342s][info][gc,phases      ] GC(324) Post Compact 7.837ms
[107.342s][info][gc,heap        ] GC(324) PSYoungGen: 177169K(282112K)->177169K(282112K) Eden: 49663K(49664K)->49663K(49664K) From: 127505K(232448K)->127505K(232448K)
[107.342s][info][gc,heap        ] GC(324) ParOldGen: 5393401K(5393408K)->5393401K(5393408K)
[107.342s][info][gc,metaspace   ] GC(324) Metaspace: 6301K(6464K)->6301K(6464K) NonClass: 5768K(5824K)->5768K(5824K) Class: 533K(640K)->533K(640K)
[107.342s][info][gc             ] GC(324) Pause Full (Ergonomics) 5440M->5440M(5542M) 1641.370ms
[107.342s][info][gc,cpu         ] GC(324) User=12.69s Sys=0.00s Real=1.64s
[107.343s][info][gc,start       ] GC(325) Pause Full (Ergonomics)
[107.343s][info][gc,phases,start] GC(325) Marking Phase
[108.649s][info][gc,phases      ] GC(325) Marking Phase 1306.758ms
[108.649s][info][gc,phases,start] GC(325) Summary Phase
[108.649s][info][gc,phases      ] GC(325) Summary Phase 0.061ms
[108.649s][info][gc,phases,start] GC(325) Adjust Roots
[108.650s][info][gc,phases      ] GC(325) Adjust Roots 0.171ms
[108.650s][info][gc,phases,start] GC(325) Compaction Phase
[109.002s][info][gc,phases      ] GC(325) Compaction Phase 351.979ms
[109.002s][info][gc,phases,start] GC(325) Post Compact
[109.010s][info][gc,phases      ] GC(325) Post Compact 7.856ms
[109.010s][info][gc,heap        ] GC(325) PSYoungGen: 177169K(282112K)->177169K(282112K) Eden: 49663K(49664K)->49663K(49664K) From: 127505K(232448K)->127505K(232448K)
[109.010s][info][gc,heap        ] GC(325) ParOldGen: 5393405K(5393408K)->5393405K(5393408K)
[109.010s][info][gc,metaspace   ] GC(325) Metaspace: 6301K(6464K)->6301K(6464K) NonClass: 5768K(5824K)->5768K(5824K) Class: 533K(640K)->533K(640K)
[109.010s][info][gc             ] GC(325) Pause Full (Ergonomics) 5440M->5440M(5542M) 1667.173ms
[109.010s][info][gc,cpu         ] GC(325) User=12.84s Sys=0.02s Real=1.67s
[109.010s][info][gc,start       ] GC(326) Pause Full (Ergonomics)
[109.010s][info][gc,phases,start] GC(326) Marking Phase
[110.278s][info][gc,phases      ] GC(326) Marking Phase 1268.581ms
[110.279s][info][gc,phases,start] GC(326) Summary Phase
[110.279s][info][gc,phases      ] GC(326) Summary Phase 0.063ms
[110.279s][info][gc,phases,start] GC(326) Adjust Roots
[110.279s][info][gc,phases      ] GC(326) Adjust Roots 0.192ms
[110.279s][info][gc,phases,start] GC(326) Compaction Phase
[110.621s][info][gc,phases      ] GC(326) Compaction Phase 342.151ms
[110.621s][info][gc,phases,start] GC(326) Post Compact
[110.628s][info][gc,phases      ] GC(326) Post Compact 7.230ms
[110.628s][info][gc,heap        ] GC(326) PSYoungGen: 177169K(282112K)->177169K(282112K) Eden: 49663K(49664K)->49663K(49664K) From: 127505K(232448K)->127505K(232448K)
[110.628s][info][gc,heap        ] GC(326) ParOldGen: 5393407K(5393408K)->5393407K(5393408K)
[110.628s][info][gc,metaspace   ] GC(326) Metaspace: 6301K(6464K)->6301K(6464K) NonClass: 5768K(5824K)->5768K(5824K) Class: 533K(640K)->533K(640K)
[110.628s][info][gc             ] GC(326) Pause Full (Ergonomics) 5440M->5440M(5542M) 1618.565ms
[110.628s][info][gc,cpu         ] GC(326) User=12.55s Sys=0.00s Real=1.62s
[110.628s][info][gc,start       ] GC(327) Pause Full (Allocation Failure)
[110.628s][info][gc,phases,start] GC(327) Marking Phase
[111.949s][info][gc,phases      ] GC(327) Marking Phase 1320.748ms
[111.949s][info][gc,phases,start] GC(327) Summary Phase
[111.949s][info][gc,phases      ] GC(327) Summary Phase 0.062ms
[111.949s][info][gc,phases,start] GC(327) Adjust Roots
[111.950s][info][gc,phases      ] GC(327) Adjust Roots 0.369ms
[111.950s][info][gc,phases,start] GC(327) Compaction Phase
[113.318s][info][gc,phases      ] GC(327) Compaction Phase 1368.683ms
[113.319s][info][gc,phases,start] GC(327) Post Compact
[113.327s][info][gc,phases      ] GC(327) Post Compact 8.328ms
[113.327s][info][gc,heap        ] GC(327) PSYoungGen: 177169K(282112K)->177169K(282112K) Eden: 49663K(49664K)->49663K(49664K) From: 127505K(232448K)->127505K(232448K)
[113.327s][info][gc,heap        ] GC(327) ParOldGen: 5393407K(5393408K)->5393403K(5393408K)
[113.327s][info][gc,metaspace   ] GC(327) Metaspace: 6301K(6464K)->6299K(6464K) NonClass: 5768K(5824K)->5766K(5824K) Class: 533K(640K)->532K(640K)
[113.327s][info][gc             ] GC(327) Pause Full (Allocation Failure) 5440M->5440M(5542M) 2698.677ms
[113.327s][info][gc,cpu         ] GC(327) User=20.19s Sys=0.03s Real=2.70s
[113.328s][info][gc,start       ] GC(328) Pause Full (Ergonomics)
[113.328s][info][gc,phases,start] GC(328) Marking Phase
[114.614s][info][gc,phases      ] GC(328) Marking Phase 1286.538ms
[114.614s][info][gc,phases,start] GC(328) Summary Phase
[114.614s][info][gc,phases      ] GC(328) Summary Phase 0.060ms
[114.614s][info][gc,phases,start] GC(328) Adjust Roots
[114.614s][info][gc,phases      ] GC(328) Adjust Roots 0.184ms
[114.614s][info][gc,phases,start] GC(328) Compaction Phase
[114.966s][info][gc,phases      ] GC(328) Compaction Phase 351.777ms
[114.966s][info][gc,phases,start] GC(328) Post Compact
[114.974s][info][gc,phases      ] GC(328) Post Compact 7.913ms
[114.974s][info][gc,heap        ] GC(328) PSYoungGen: 177169K(282112K)->177169K(282112K) Eden: 49663K(49664K)->49663K(49664K) From: 127505K(232448K)->127505K(232448K)
[114.974s][info][gc,heap        ] GC(328) ParOldGen: 5393406K(5393408K)->5393406K(5393408K)
[114.974s][info][gc,metaspace   ] GC(328) Metaspace: 6299K(6464K)->6299K(6464K) NonClass: 5766K(5824K)->5766K(5824K) Class: 532K(640K)->532K(640K)
[114.974s][info][gc             ] GC(328) Pause Full (Ergonomics) 5440M->5440M(5542M) 1646.796ms
[114.974s][info][gc,cpu         ] GC(328) User=12.62s Sys=0.00s Real=1.65s
[114.975s][info][gc,start       ] GC(329) Pause Full (Ergonomics)
[114.975s][info][gc,phases,start] GC(329) Marking Phase
[116.292s][info][gc,phases      ] GC(329) Marking Phase 1317.252ms
[116.292s][info][gc,phases,start] GC(329) Summary Phase
[116.292s][info][gc,phases      ] GC(329) Summary Phase 0.060ms
[116.292s][info][gc,phases,start] GC(329) Adjust Roots
[116.292s][info][gc,phases      ] GC(329) Adjust Roots 0.166ms
[116.292s][info][gc,phases,start] GC(329) Compaction Phase
[116.647s][info][gc,phases      ] GC(329) Compaction Phase 354.680ms
[116.647s][info][gc,phases,start] GC(329) Post Compact
[116.655s][info][gc,phases      ] GC(329) Post Compact 7.631ms
[116.655s][info][gc,heap        ] GC(329) PSYoungGen: 177169K(282112K)->177169K(282112K) Eden: 49663K(49664K)->49663K(49664K) From: 127505K(232448K)->127505K(232448K)
[116.655s][info][gc,heap        ] GC(329) ParOldGen: 5393408K(5393408K)->5393408K(5393408K)
[116.655s][info][gc,metaspace   ] GC(329) Metaspace: 6299K(6464K)->6299K(6464K) NonClass: 5766K(5824K)->5766K(5824K) Class: 532K(640K)->532K(640K)
[116.655s][info][gc             ] GC(329) Pause Full (Ergonomics) 5440M->5440M(5542M) 1680.140ms
[116.655s][info][gc,cpu         ] GC(329) User=13.02s Sys=0.00s Real=1.68s
[116.655s][info][gc,start       ] GC(330) Pause Full (Allocation Failure)
[116.655s][info][gc,phases,start] GC(330) Marking Phase
[117.944s][info][gc,phases      ] GC(330) Marking Phase 1288.762ms
[117.944s][info][gc,phases,start] GC(330) Summary Phase
[117.944s][info][gc,phases      ] GC(330) Summary Phase 0.059ms
[117.944s][info][gc,phases,start] GC(330) Adjust Roots
[117.944s][info][gc,phases      ] GC(330) Adjust Roots 0.175ms
[117.944s][info][gc,phases,start] GC(330) Compaction Phase
[118.287s][info][gc,phases      ] GC(330) Compaction Phase 342.749ms
[118.287s][info][gc,phases,start] GC(330) Post Compact
[118.295s][info][gc,phases      ] GC(330) Post Compact 7.782ms
[118.295s][info][gc,heap        ] GC(330) PSYoungGen: 177169K(282112K)->177169K(282112K) Eden: 49663K(49664K)->49663K(49664K) From: 127505K(232448K)->127505K(232448K)
[118.295s][info][gc,heap        ] GC(330) ParOldGen: 5393408K(5393408K)->5393408K(5393408K)
[118.295s][info][gc,metaspace   ] GC(330) Metaspace: 6299K(6464K)->6299K(6464K) NonClass: 5766K(5824K)->5766K(5824K) Class: 532K(640K)->532K(640K)
[118.295s][info][gc             ] GC(330) Pause Full (Allocation Failure) 5440M->5440M(5542M) 1639.848ms
[118.295s][info][gc,cpu         ] GC(330) User=12.66s Sys=0.02s Real=1.64s
[118.295s][info][gc,start       ] GC(331) Pause Full (Ergonomics)
[118.295s][info][gc,phases,start] GC(331) Marking Phase
[119.600s][info][gc,phases      ] GC(331) Marking Phase 1304.477ms
[119.600s][info][gc,phases,start] GC(331) Summary Phase
[119.600s][info][gc,phases      ] GC(331) Summary Phase 0.061ms
[119.600s][info][gc,phases,start] GC(331) Adjust Roots
[119.600s][info][gc,phases      ] GC(331) Adjust Roots 0.253ms
[119.600s][info][gc,phases,start] GC(331) Compaction Phase
[120.956s][info][gc,phases      ] GC(331) Compaction Phase 1356.138ms
[120.957s][info][gc,phases,start] GC(331) Post Compact
[120.965s][info][gc,phases      ] GC(331) Post Compact 8.419ms
[120.965s][info][gc,heap        ] GC(331) PSYoungGen: 177169K(282112K)->177169K(282112K) Eden: 49663K(49664K)->49663K(49664K) From: 127505K(232448K)->127505K(232448K)
[120.965s][info][gc,heap        ] GC(331) ParOldGen: 5393408K(5393408K)->5393406K(5393408K)
[120.965s][info][gc,metaspace   ] GC(331) Metaspace: 6299K(6464K)->6299K(6464K) NonClass: 5766K(5824K)->5766K(5824K) Class: 532K(640K)->532K(640K)
[120.965s][info][gc             ] GC(331) Pause Full (Ergonomics) 5440M->5440M(5542M) 2669.727ms
[120.965s][info][gc,cpu         ] GC(331) User=20.05s Sys=0.02s Real=2.67s
[120.966s][info][gc,start       ] GC(332) Pause Full (Ergonomics)
[120.966s][info][gc,phases,start] GC(332) Marking Phase
[122.262s][info][gc,phases      ] GC(332) Marking Phase 1295.414ms
[122.262s][info][gc,phases,start] GC(332) Summary Phase
[122.262s][info][gc,phases      ] GC(332) Summary Phase 0.068ms
[122.262s][info][gc,phases,start] GC(332) Adjust Roots
[122.262s][info][gc,phases      ] GC(332) Adjust Roots 0.464ms
[122.262s][info][gc,phases,start] GC(332) Compaction Phase
[123.626s][info][gc,phases      ] GC(332) Compaction Phase 1363.593ms
[123.626s][info][gc,phases,start] GC(332) Post Compact
[123.634s][info][gc,phases      ] GC(332) Post Compact 8.341ms
[123.634s][info][gc,heap        ] GC(332) PSYoungGen: 177169K(282112K)->177169K(282112K) Eden: 49663K(49664K)->49663K(49664K) From: 127505K(232448K)->127505K(232448K)
[123.634s][info][gc,heap        ] GC(332) ParOldGen: 5393407K(5393408K)->5393404K(5393408K)
[123.634s][info][gc,metaspace   ] GC(332) Metaspace: 6301K(6464K)->6301K(6464K) NonClass: 5767K(5824K)->5767K(5824K) Class: 533K(640K)->533K(640K)
[123.634s][info][gc             ] GC(332) Pause Full (Ergonomics) 5440M->5440M(5542M) 2668.288ms
[123.634s][info][gc,cpu         ] GC(332) User=20.03s Sys=0.00s Real=2.67s
[123.635s][info][gc,heap,exit   ] Heap
[123.635s][info][gc,heap,exit   ]  PSYoungGen      total 282112K, used 177169K [0x000000075b700000, 0x000000077df00000, 0x0000000800000000)
[123.635s][info][gc,heap,exit   ]   eden space 49664K, 99% used [0x000000075b700000,0x000000075e77fff8,0x000000075e780000)
[123.635s][info][gc,heap,exit   ]   from space 232448K, 54% used [0x000000076e080000,0x0000000775d04608,0x000000077c380000)
[123.635s][info][gc,heap,exit   ]   to   space 254976K, 0% used [0x000000075e780000,0x000000075e780000,0x000000076e080000)
[123.635s][info][gc,heap,exit   ]  ParOldGen       total 5393408K, used 5393405K [0x0000000612400000, 0x000000075b700000, 0x000000075b700000)
[123.635s][info][gc,heap,exit   ]   object space 5393408K, 99% used [0x0000000612400000,0x000000075b6ff760,0x000000075b700000)
[123.635s][info][gc,heap,exit   ]  Metaspace       used 6304K, committed 6528K, reserved 1114112K
[123.635s][info][gc,heap,exit   ]   class space    used 534K, committed 640K, reserved 1048576K
