[0.012s][info][gc,init] CardTable entry size: 512
[0.012s][info][gc     ] Using Parallel
[0.013s][info][gc,init] Version: 18.0.1+10 (release)
[0.013s][info][gc,init] CPUs: 8 total, 8 available
[0.013s][info][gc,init] Memory: 16063M
[0.013s][info][gc,init] Large Page Support: Disabled
[0.013s][info][gc,init] NUMA Support: Disabled
[0.013s][info][gc,init] Compressed Oops: Enabled (Zero based)
[0.013s][info][gc,init] Alignments: Space 512K, Generation 512K, Heap 2M
[0.013s][info][gc,init] Heap Min Capacity: 2M
[0.013s][info][gc,init] Heap Initial Capacity: 2M
[0.013s][info][gc,init] Heap Max Capacity: 15700M
[0.014s][info][gc,init] Pre-touch: Disabled
[0.014s][info][gc,init] Parallel Workers: 8
[0.014s][info][gc,metaspace] CDS archive(s) not mapped
[0.014s][info][gc,metaspace] Compressed class space mapped at: 0x0000000800000000-0x0000000840000000, reserved size: 1073741824
[0.014s][info][gc,metaspace] Narrow klass base: 0x0000000800000000, Narrow klass shift: 0, Narrow klass range: 0x40000000
[0.108s][info][gc,start    ] GC(0) Pause Young (Allocation Failure)
[0.110s][info][gc,heap     ] GC(0) PSYoungGen: 512K(1024K)->480K(1024K) Eden: 512K(512K)->0K(512K) From: 0K(512K)->480K(512K)
[0.110s][info][gc,heap     ] GC(0) ParOldGen: 0K(512K)->8K(512K)
[0.110s][info][gc,metaspace] GC(0) Metaspace: 4229K(4352K)->4229K(4352K) NonClass: 3908K(3968K)->3908K(3968K) Class: 321K(384K)->321K(384K)
[0.110s][info][gc          ] GC(0) Pause Young (Allocation Failure) 0M->0M(1M) 1.537ms
[0.110s][info][gc,cpu      ] GC(0) User=0.00s Sys=0.00s Real=0.00s
[0.172s][info][gc,start    ] GC(1) Pause Young (Allocation Failure)
[0.173s][info][gc,heap     ] GC(1) PSYoungGen: 991K(1024K)->512K(1536K) Eden: 511K(512K)->0K(1024K) From: 480K(512K)->512K(512K)
[0.173s][info][gc,heap     ] GC(1) ParOldGen: 8K(512K)->88K(512K)
[0.173s][info][gc,metaspace] GC(1) Metaspace: 5882K(6016K)->5882K(6016K) NonClass: 5385K(5504K)->5385K(5504K) Class: 496K(512K)->496K(512K)
[0.173s][info][gc          ] GC(1) Pause Young (Allocation Failure) 0M->0M(2M) 0.848ms
[0.173s][info][gc,cpu      ] GC(1) User=0.00s Sys=0.00s Real=0.00s
[0.192s][info][gc,start    ] GC(2) Pause Young (Allocation Failure)
[0.193s][info][gc,heap     ] GC(2) PSYoungGen: 1536K(1536K)->512K(1536K) Eden: 1024K(1024K)->0K(1024K) From: 512K(512K)->512K(512K)
[0.193s][info][gc,heap     ] GC(2) ParOldGen: 88K(512K)->504K(512K)
[0.193s][info][gc,metaspace] GC(2) Metaspace: 6300K(6464K)->6300K(6464K) NonClass: 5767K(5824K)->5767K(5824K) Class: 533K(640K)->533K(640K)
[0.193s][info][gc          ] GC(2) Pause Young (Allocation Failure) 1M->0M(2M) 1.117ms
[0.193s][info][gc,cpu      ] GC(2) User=0.00s Sys=0.00s Real=0.00s
[0.193s][info][gc,start    ] GC(3) Pause Full (Ergonomics)
[0.193s][info][gc,phases,start] GC(3) Marking Phase
[0.194s][info][gc,phases      ] GC(3) Marking Phase 0.915ms
[0.194s][info][gc,phases,start] GC(3) Summary Phase
[0.194s][info][gc,phases      ] GC(3) Summary Phase 0.013ms
[0.194s][info][gc,phases,start] GC(3) Adjust Roots
[0.195s][info][gc,phases      ] GC(3) Adjust Roots 0.340ms
[0.195s][info][gc,phases,start] GC(3) Compaction Phase
[0.196s][info][gc,phases      ] GC(3) Compaction Phase 1.689ms
[0.196s][info][gc,phases,start] GC(3) Post Compact
[0.196s][info][gc,phases      ] GC(3) Post Compact 0.066ms
[0.196s][info][gc,heap        ] GC(3) PSYoungGen: 512K(1536K)->506K(1536K) Eden: 0K(1024K)->0K(1024K) From: 512K(512K)->506K(512K)
[0.196s][info][gc,heap        ] GC(3) ParOldGen: 504K(512K)->474K(2048K)
[0.197s][info][gc,metaspace   ] GC(3) Metaspace: 6300K(6464K)->6300K(6464K) NonClass: 5767K(5824K)->5767K(5824K) Class: 533K(640K)->533K(640K)
[0.197s][info][gc             ] GC(3) Pause Full (Ergonomics) 0M->0M(3M) 3.253ms
[0.197s][info][gc,cpu         ] GC(3) User=0.00s Sys=0.00s Real=0.00s
[0.199s][info][gc,start       ] GC(4) Pause Young (Allocation Failure)
[0.200s][info][gc,heap        ] GC(4) PSYoungGen: 1530K(1536K)->480K(2560K) Eden: 1024K(1024K)->0K(2048K) From: 506K(512K)->480K(512K)
[0.200s][info][gc,heap        ] GC(4) ParOldGen: 474K(2048K)->1034K(2048K)
[0.200s][info][gc,metaspace   ] GC(4) Metaspace: 6300K(6464K)->6300K(6464K) NonClass: 5767K(5824K)->5767K(5824K) Class: 533K(640K)->533K(640K)
[0.200s][info][gc             ] GC(4) Pause Young (Allocation Failure) 1M->1M(4M) 1.470ms
[0.200s][info][gc,cpu         ] GC(4) User=0.00s Sys=0.00s Real=0.00s
[0.203s][info][gc,start       ] GC(5) Pause Young (Allocation Failure)
[0.204s][info][gc,heap        ] GC(5) PSYoungGen: 2528K(2560K)->480K(2560K) Eden: 2048K(2048K)->0K(2048K) From: 480K(512K)->480K(512K)
[0.204s][info][gc,heap        ] GC(5) ParOldGen: 1034K(2048K)->2098K(2560K)
[0.204s][info][gc,metaspace   ] GC(5) Metaspace: 6300K(6464K)->6300K(6464K) NonClass: 5767K(5824K)->5767K(5824K) Class: 533K(640K)->533K(640K)
[0.204s][info][gc             ] GC(5) Pause Young (Allocation Failure) 3M->2M(5M) 1.722ms
[0.204s][info][gc,cpu         ] GC(5) User=0.00s Sys=0.00s Real=0.00s
[0.204s][info][gc,start       ] GC(6) Pause Full (Ergonomics)
[0.205s][info][gc,phases,start] GC(6) Marking Phase
[0.206s][info][gc,phases      ] GC(6) Marking Phase 1.500ms
[0.206s][info][gc,phases,start] GC(6) Summary Phase
[0.206s][info][gc,phases      ] GC(6) Summary Phase 0.015ms
[0.206s][info][gc,phases,start] GC(6) Adjust Roots
[0.206s][info][gc,phases      ] GC(6) Adjust Roots 0.311ms
[0.206s][info][gc,phases,start] GC(6) Compaction Phase
[0.208s][info][gc,phases      ] GC(6) Compaction Phase 2.026ms
[0.209s][info][gc,phases,start] GC(6) Post Compact
[0.209s][info][gc,phases      ] GC(6) Post Compact 0.031ms
[0.209s][info][gc,heap        ] GC(6) PSYoungGen: 480K(2560K)->0K(4096K) Eden: 0K(2048K)->0K(3072K) From: 480K(512K)->0K(1024K)
[0.209s][info][gc,heap        ] GC(6) ParOldGen: 2098K(2560K)->2542K(6144K)
[0.209s][info][gc,metaspace   ] GC(6) Metaspace: 6300K(6464K)->6300K(6464K) NonClass: 5767K(5824K)->5767K(5824K) Class: 533K(640K)->533K(640K)
[0.209s][info][gc             ] GC(6) Pause Full (Ergonomics) 2M->2M(10M) 4.245ms
[0.209s][info][gc,cpu         ] GC(6) User=0.00s Sys=0.00s Real=0.00s
[0.213s][info][gc,start       ] GC(7) Pause Young (Allocation Failure)
[0.215s][info][gc,heap        ] GC(7) PSYoungGen: 3072K(4096K)->1664K(5120K) Eden: 3072K(3072K)->0K(3072K) From: 0K(1024K)->1664K(2048K)
[0.215s][info][gc,heap        ] GC(7) ParOldGen: 2542K(6144K)->2542K(6144K)
[0.215s][info][gc,metaspace   ] GC(7) Metaspace: 6300K(6464K)->6300K(6464K) NonClass: 5767K(5824K)->5767K(5824K) Class: 533K(640K)->533K(640K)
[0.215s][info][gc             ] GC(7) Pause Young (Allocation Failure) 5M->4M(11M) 1.897ms
[0.215s][info][gc,cpu         ] GC(7) User=0.00s Sys=0.00s Real=0.00s
[0.218s][info][gc,start       ] GC(8) Pause Young (Allocation Failure)
[0.222s][info][gc,heap        ] GC(8) PSYoungGen: 4736K(5120K)->2016K(5632K) Eden: 3072K(3072K)->0K(3584K) From: 1664K(2048K)->2016K(2048K)
[0.222s][info][gc,heap        ] GC(8) ParOldGen: 2542K(6144K)->3774K(6144K)
[0.222s][info][gc,metaspace   ] GC(8) Metaspace: 6300K(6464K)->6300K(6464K) NonClass: 5767K(5824K)->5767K(5824K) Class: 533K(640K)->533K(640K)
[0.222s][info][gc             ] GC(8) Pause Young (Allocation Failure) 7M->5M(11M) 3.698ms
[0.222s][info][gc,cpu         ] GC(8) User=0.00s Sys=0.00s Real=0.00s
[0.227s][info][gc,start       ] GC(9) Pause Young (Allocation Failure)
[0.231s][info][gc,heap        ] GC(9) PSYoungGen: 5600K(5632K)->3040K(6656K) Eden: 3584K(3584K)->0K(3584K) From: 2016K(2048K)->3040K(3072K)
[0.231s][info][gc,heap        ] GC(9) ParOldGen: 3774K(6144K)->4614K(6144K)
[0.231s][info][gc,metaspace   ] GC(9) Metaspace: 6300K(6464K)->6300K(6464K) NonClass: 5767K(5824K)->5767K(5824K) Class: 533K(640K)->533K(640K)
[0.231s][info][gc             ] GC(9) Pause Young (Allocation Failure) 9M->7M(12M) 3.498ms
[0.231s][info][gc,cpu         ] GC(9) User=0.00s Sys=0.00s Real=0.00s
[0.235s][info][gc,start       ] GC(10) Pause Young (Allocation Failure)
[0.238s][info][gc,heap        ] GC(10) PSYoungGen: 6624K(6656K)->4064K(9216K) Eden: 3584K(3584K)->0K(5120K) From: 3040K(3072K)->4064K(4096K)
[0.238s][info][gc,heap        ] GC(10) ParOldGen: 4614K(6144K)->5454K(6144K)
[0.238s][info][gc,metaspace   ] GC(10) Metaspace: 6300K(6464K)->6300K(6464K) NonClass: 5767K(5824K)->5767K(5824K) Class: 533K(640K)->533K(640K)
[0.238s][info][gc             ] GC(10) Pause Young (Allocation Failure) 10M->9M(15M) 3.508ms
[0.238s][info][gc,cpu         ] GC(10) User=0.00s Sys=0.00s Real=0.00s
[0.239s][info][gc,start       ] GC(11) Pause Full (Ergonomics)
[0.239s][info][gc,phases,start] GC(11) Marking Phase
[0.243s][info][gc,phases      ] GC(11) Marking Phase 4.326ms
[0.243s][info][gc,phases,start] GC(11) Summary Phase
[0.243s][info][gc,phases      ] GC(11) Summary Phase 0.013ms
[0.243s][info][gc,phases,start] GC(11) Adjust Roots
[0.243s][info][gc,phases      ] GC(11) Adjust Roots 0.340ms
[0.243s][info][gc,phases,start] GC(11) Compaction Phase
[0.249s][info][gc,phases      ] GC(11) Compaction Phase 5.711ms
[0.249s][info][gc,phases,start] GC(11) Post Compact
[0.249s][info][gc,phases      ] GC(11) Post Compact 0.059ms
[0.249s][info][gc,heap        ] GC(11) PSYoungGen: 4064K(9216K)->3545K(9216K) Eden: 0K(5120K)->0K(5120K) From: 4064K(4096K)->3545K(4096K)
[0.249s][info][gc,heap        ] GC(11) ParOldGen: 5454K(6144K)->5831K(10752K)
[0.249s][info][gc,metaspace   ] GC(11) Metaspace: 6300K(6464K)->6300K(6464K) NonClass: 5767K(5824K)->5767K(5824K) Class: 533K(640K)->533K(640K)
[0.249s][info][gc             ] GC(11) Pause Full (Ergonomics) 9M->9M(19M) 10.734ms
[0.249s][info][gc,cpu         ] GC(11) User=0.02s Sys=0.00s Real=0.01s
[0.256s][info][gc,start       ] GC(12) Pause Young (Allocation Failure)
[0.260s][info][gc,heap        ] GC(12) PSYoungGen: 8665K(9216K)->5088K(10240K) Eden: 5120K(5120K)->0K(5120K) From: 3545K(4096K)->5088K(5120K)
[0.260s][info][gc,heap        ] GC(12) ParOldGen: 5831K(10752K)->6951K(10752K)
[0.260s][info][gc,metaspace   ] GC(12) Metaspace: 6300K(6464K)->6300K(6464K) NonClass: 5767K(5824K)->5767K(5824K) Class: 533K(640K)->533K(640K)
[0.260s][info][gc             ] GC(12) Pause Young (Allocation Failure) 14M->11M(20M) 4.715ms
[0.260s][info][gc,cpu         ] GC(12) User=0.00s Sys=0.00s Real=0.00s
[0.264s][info][gc,start       ] GC(13) Pause Young (Allocation Failure)
[0.270s][info][gc,heap        ] GC(13) PSYoungGen: 10208K(10240K)->6464K(12800K) Eden: 5120K(5120K)->0K(6144K) From: 5088K(5120K)->6464K(6656K)
[0.270s][info][gc,heap        ] GC(13) ParOldGen: 6951K(10752K)->8239K(10752K)
[0.270s][info][gc,metaspace   ] GC(13) Metaspace: 6302K(6464K)->6302K(6464K) NonClass: 5769K(5824K)->5769K(5824K) Class: 533K(640K)->533K(640K)
[0.270s][info][gc             ] GC(13) Pause Young (Allocation Failure) 16M->14M(23M) 5.399ms
[0.270s][info][gc,cpu         ] GC(13) User=0.00s Sys=0.00s Real=0.00s
[0.274s][info][gc,start       ] GC(14) Pause Young (Allocation Failure)
[0.280s][info][gc,heap        ] GC(14) PSYoungGen: 12608K(12800K)->5792K(13824K) Eden: 6144K(6144K)->0K(6144K) From: 6464K(6656K)->5792K(7680K)
[0.280s][info][gc,heap        ] GC(14) ParOldGen: 8239K(10752K)->12111K(12288K)
[0.280s][info][gc,metaspace   ] GC(14) Metaspace: 6302K(6464K)->6302K(6464K) NonClass: 5769K(5824K)->5769K(5824K) Class: 533K(640K)->533K(640K)
[0.280s][info][gc             ] GC(14) Pause Young (Allocation Failure) 20M->17M(25M) 6.065ms
[0.280s][info][gc,cpu         ] GC(14) User=0.00s Sys=0.00s Real=0.01s
[0.280s][info][gc,start       ] GC(15) Pause Full (Ergonomics)
[0.280s][info][gc,phases,start] GC(15) Marking Phase
[0.287s][info][gc,phases      ] GC(15) Marking Phase 7.225ms
[0.287s][info][gc,phases,start] GC(15) Summary Phase
[0.288s][info][gc,phases      ] GC(15) Summary Phase 0.020ms
[0.288s][info][gc,phases,start] GC(15) Adjust Roots
[0.288s][info][gc,phases      ] GC(15) Adjust Roots 0.224ms
[0.288s][info][gc,phases,start] GC(15) Compaction Phase
[0.296s][info][gc,phases      ] GC(15) Compaction Phase 8.184ms
[0.296s][info][gc,phases,start] GC(15) Post Compact
[0.296s][info][gc,phases      ] GC(15) Post Compact 0.110ms
[0.296s][info][gc,heap        ] GC(15) PSYoungGen: 5792K(13824K)->5758K(13824K) Eden: 0K(6144K)->0K(6144K) From: 5792K(7680K)->5758K(7680K)
[0.296s][info][gc,heap        ] GC(15) ParOldGen: 12111K(12288K)->12006K(18944K)
[0.296s][info][gc,metaspace   ] GC(15) Metaspace: 6302K(6464K)->6302K(6464K) NonClass: 5769K(5824K)->5769K(5824K) Class: 533K(640K)->533K(640K)
[0.296s][info][gc             ] GC(15) Pause Full (Ergonomics) 17M->17M(32M) 16.133ms
[0.296s][info][gc,cpu         ] GC(15) User=0.00s Sys=0.00s Real=0.02s
[0.300s][info][gc,start       ] GC(16) Pause Young (Allocation Failure)
[0.308s][info][gc,heap        ] GC(16) PSYoungGen: 11902K(13824K)->3200K(15360K) Eden: 6144K(6144K)->0K(8704K) From: 5758K(7680K)->3200K(6656K)
[0.308s][info][gc,heap        ] GC(16) ParOldGen: 12006K(18944K)->17870K(18944K)
[0.308s][info][gc,metaspace   ] GC(16) Metaspace: 6302K(6464K)->6302K(6464K) NonClass: 5769K(5824K)->5769K(5824K) Class: 533K(640K)->533K(640K)
[0.308s][info][gc             ] GC(16) Pause Young (Allocation Failure) 23M->20M(33M) 7.626ms
[0.308s][info][gc,cpu         ] GC(16) User=0.00s Sys=0.00s Real=0.01s
[0.308s][info][gc,start       ] GC(17) Pause Full (Ergonomics)
[0.308s][info][gc,phases,start] GC(17) Marking Phase
[0.317s][info][gc,phases      ] GC(17) Marking Phase 8.837ms
[0.317s][info][gc,phases,start] GC(17) Summary Phase
[0.317s][info][gc,phases      ] GC(17) Summary Phase 0.016ms
[0.317s][info][gc,phases,start] GC(17) Adjust Roots
[0.317s][info][gc,phases      ] GC(17) Adjust Roots 0.229ms
[0.317s][info][gc,phases,start] GC(17) Compaction Phase
[0.323s][info][gc,phases      ] GC(17) Compaction Phase 6.281ms
[0.323s][info][gc,phases,start] GC(17) Post Compact
[0.323s][info][gc,phases      ] GC(17) Post Compact 0.106ms
[0.323s][info][gc,heap        ] GC(17) PSYoungGen: 3200K(15360K)->2146K(16384K) Eden: 0K(8704K)->0K(9728K) From: 3200K(6656K)->2146K(6656K)
[0.323s][info][gc,heap        ] GC(17) ParOldGen: 17870K(18944K)->18786K(28672K)
[0.323s][info][gc,metaspace   ] GC(17) Metaspace: 6302K(6464K)->6302K(6464K) NonClass: 5769K(5824K)->5769K(5824K) Class: 533K(640K)->533K(640K)
[0.324s][info][gc             ] GC(17) Pause Full (Ergonomics) 20M->20M(44M) 15.760ms
[0.324s][info][gc,cpu         ] GC(17) User=0.00s Sys=0.00s Real=0.02s
[0.332s][info][gc,start       ] GC(18) Pause Young (Allocation Failure)
[0.339s][info][gc,heap        ] GC(18) PSYoungGen: 11874K(16384K)->5568K(17408K) Eden: 9728K(9728K)->0K(9728K) From: 2146K(6656K)->5568K(7680K)
[0.339s][info][gc,heap        ] GC(18) ParOldGen: 18786K(28672K)->20970K(28672K)
[0.339s][info][gc,metaspace   ] GC(18) Metaspace: 6302K(6464K)->6302K(6464K) NonClass: 5769K(5824K)->5769K(5824K) Class: 533K(640K)->533K(640K)
[0.339s][info][gc             ] GC(18) Pause Young (Allocation Failure) 29M->25M(45M) 6.681ms
[0.339s][info][gc,cpu         ] GC(18) User=0.00s Sys=0.00s Real=0.01s
[0.345s][info][gc,start       ] GC(19) Pause Young (Allocation Failure)
[0.353s][info][gc,heap        ] GC(19) PSYoungGen: 15296K(17408K)->5056K(21504K) Eden: 9728K(9728K)->0K(13312K) From: 5568K(7680K)->5056K(8192K)
[0.353s][info][gc,heap        ] GC(19) ParOldGen: 20970K(28672K)->26570K(28672K)
[0.353s][info][gc,metaspace   ] GC(19) Metaspace: 6302K(6464K)->6302K(6464K) NonClass: 5769K(5824K)->5769K(5824K) Class: 533K(640K)->533K(640K)
[0.353s][info][gc             ] GC(19) Pause Young (Allocation Failure) 35M->30M(49M) 8.178ms
[0.353s][info][gc,cpu         ] GC(19) User=0.02s Sys=0.00s Real=0.01s
[0.353s][info][gc,start       ] GC(20) Pause Full (Ergonomics)
[0.353s][info][gc,phases,start] GC(20) Marking Phase
[0.367s][info][gc,phases      ] GC(20) Marking Phase 13.397ms
[0.367s][info][gc,phases,start] GC(20) Summary Phase
[0.367s][info][gc,phases      ] GC(20) Summary Phase 0.015ms
[0.367s][info][gc,phases,start] GC(20) Adjust Roots
[0.367s][info][gc,phases      ] GC(20) Adjust Roots 0.174ms
[0.367s][info][gc,phases,start] GC(20) Compaction Phase
[0.379s][info][gc,phases      ] GC(20) Compaction Phase 11.775ms
[0.379s][info][gc,phases,start] GC(20) Post Compact
[0.379s][info][gc,phases      ] GC(20) Post Compact 0.099ms
[0.379s][info][gc,heap        ] GC(20) PSYoungGen: 5056K(21504K)->2471K(21504K) Eden: 0K(13312K)->0K(13312K) From: 5056K(8192K)->2471K(8192K)
[0.379s][info][gc,heap        ] GC(20) ParOldGen: 26570K(28672K)->28497K(40448K)
[0.379s][info][gc,metaspace   ] GC(20) Metaspace: 6302K(6464K)->6302K(6464K) NonClass: 5769K(5824K)->5769K(5824K) Class: 533K(640K)->533K(640K)
[0.379s][info][gc             ] GC(20) Pause Full (Ergonomics) 30M->30M(60M) 25.818ms
[0.379s][info][gc,cpu         ] GC(20) User=0.00s Sys=0.00s Real=0.03s
[0.390s][info][gc,start       ] GC(21) Pause Young (Allocation Failure)
[0.402s][info][gc,heap        ] GC(21) PSYoungGen: 15783K(21504K)->8192K(21504K) Eden: 13312K(13312K)->0K(13312K) From: 2471K(8192K)->8192K(8192K)
[0.402s][info][gc,heap        ] GC(21) ParOldGen: 28497K(40448K)->34201K(40448K)
[0.402s][info][gc,metaspace   ] GC(21) Metaspace: 6302K(6464K)->6302K(6464K) NonClass: 5769K(5824K)->5769K(5824K) Class: 533K(640K)->533K(640K)
[0.402s][info][gc             ] GC(21) Pause Young (Allocation Failure) 43M->41M(60M) 11.715ms
[0.402s][info][gc,cpu         ] GC(21) User=0.00s Sys=0.00s Real=0.01s
[0.402s][info][gc,start       ] GC(22) Pause Full (Ergonomics)
[0.402s][info][gc,phases,start] GC(22) Marking Phase
[0.419s][info][gc,phases      ] GC(22) Marking Phase 17.416ms
[0.419s][info][gc,phases,start] GC(22) Summary Phase
[0.419s][info][gc,phases      ] GC(22) Summary Phase 0.025ms
[0.419s][info][gc,phases,start] GC(22) Adjust Roots
[0.420s][info][gc,phases      ] GC(22) Adjust Roots 0.194ms
[0.420s][info][gc,phases,start] GC(22) Compaction Phase
[0.431s][info][gc,phases      ] GC(22) Compaction Phase 11.143ms
[0.431s][info][gc,phases,start] GC(22) Post Compact
[0.431s][info][gc,phases      ] GC(22) Post Compact 0.194ms
[0.431s][info][gc,heap        ] GC(22) PSYoungGen: 8192K(21504K)->2044K(21504K) Eden: 0K(13312K)->0K(13312K) From: 8192K(8192K)->2044K(8192K)
[0.431s][info][gc,heap        ] GC(22) ParOldGen: 34201K(40448K)->40236K(54784K)
[0.431s][info][gc,metaspace   ] GC(22) Metaspace: 6302K(6464K)->6302K(6464K) NonClass: 5769K(5824K)->5769K(5824K) Class: 533K(640K)->533K(640K)
[0.431s][info][gc             ] GC(22) Pause Full (Ergonomics) 41M->41M(74M) 29.359ms
[0.431s][info][gc,cpu         ] GC(22) User=0.03s Sys=0.00s Real=0.03s
[0.448s][info][gc,start       ] GC(23) Pause Young (Allocation Failure)
[0.461s][info][gc,heap        ] GC(23) PSYoungGen: 15356K(21504K)->11744K(25088K) Eden: 13312K(13312K)->0K(13312K) From: 2044K(8192K)->11744K(11776K)
[0.462s][info][gc,heap        ] GC(23) ParOldGen: 40236K(54784K)->43908K(54784K)
[0.462s][info][gc,metaspace   ] GC(23) Metaspace: 6302K(6464K)->6302K(6464K) NonClass: 5769K(5824K)->5769K(5824K) Class: 533K(640K)->533K(640K)
[0.462s][info][gc             ] GC(23) Pause Young (Allocation Failure) 54M->54M(78M) 13.392ms
[0.462s][info][gc,cpu         ] GC(23) User=0.00s Sys=0.00s Real=0.01s
[0.475s][info][gc,start       ] GC(24) Pause Young (Allocation Failure)
[0.491s][info][gc,heap        ] GC(24) PSYoungGen: 25056K(25088K)->13312K(28160K) Eden: 13312K(13312K)->0K(13312K) From: 11744K(11776K)->13312K(14848K)
[0.491s][info][gc,heap        ] GC(24) ParOldGen: 43908K(54784K)->55796K(55808K)
[0.491s][info][gc,metaspace   ] GC(24) Metaspace: 6302K(6464K)->6302K(6464K) NonClass: 5769K(5824K)->5769K(5824K) Class: 533K(640K)->533K(640K)
[0.491s][info][gc             ] GC(24) Pause Young (Allocation Failure) 67M->67M(82M) 16.047ms
[0.491s][info][gc,cpu         ] GC(24) User=0.00s Sys=0.00s Real=0.02s
[0.491s][info][gc,start       ] GC(25) Pause Full (Ergonomics)
[0.491s][info][gc,phases,start] GC(25) Marking Phase
[0.517s][info][gc,phases      ] GC(25) Marking Phase 25.638ms
[0.517s][info][gc,phases,start] GC(25) Summary Phase
[0.517s][info][gc,phases      ] GC(25) Summary Phase 0.021ms
[0.517s][info][gc,phases,start] GC(25) Adjust Roots
[0.517s][info][gc,phases      ] GC(25) Adjust Roots 0.160ms
[0.517s][info][gc,phases,start] GC(25) Compaction Phase
[0.539s][info][gc,phases      ] GC(25) Compaction Phase 21.911ms
[0.539s][info][gc,phases,start] GC(25) Post Compact
[0.539s][info][gc,phases      ] GC(25) Post Compact 0.328ms
[0.539s][info][gc,heap        ] GC(25) PSYoungGen: 13312K(28160K)->12254K(28160K) Eden: 0K(13312K)->0K(13312K) From: 13312K(14848K)->12254K(14848K)
[0.539s][info][gc,heap        ] GC(25) ParOldGen: 55796K(55808K)->55561K(74752K)
[0.539s][info][gc,metaspace   ] GC(25) Metaspace: 6302K(6464K)->6302K(6464K) NonClass: 5769K(5824K)->5769K(5824K) Class: 533K(640K)->533K(640K)
[0.539s][info][gc             ] GC(25) Pause Full (Ergonomics) 67M->66M(100M) 48.483ms
[0.540s][info][gc,cpu         ] GC(25) User=0.03s Sys=0.00s Real=0.05s
[0.553s][info][gc,start       ] GC(26) Pause Young (Allocation Failure)
[0.574s][info][gc,heap        ] GC(26) PSYoungGen: 25566K(28160K)->13344K(31744K) Eden: 13312K(13312K)->0K(14848K) From: 12254K(14848K)->13344K(16896K)
[0.574s][info][gc,heap        ] GC(26) ParOldGen: 55561K(74752K)->68017K(74752K)
[0.574s][info][gc,metaspace   ] GC(26) Metaspace: 6302K(6464K)->6302K(6464K) NonClass: 5769K(5824K)->5769K(5824K) Class: 533K(640K)->533K(640K)
[0.574s][info][gc             ] GC(26) Pause Young (Allocation Failure) 79M->79M(104M) 21.285ms
[0.574s][info][gc,cpu         ] GC(26) User=0.02s Sys=0.02s Real=0.02s
[0.574s][info][gc,start       ] GC(27) Pause Full (Ergonomics)
[0.574s][info][gc,phases,start] GC(27) Marking Phase
[0.607s][info][gc,phases      ] GC(27) Marking Phase 32.561ms
[0.607s][info][gc,phases,start] GC(27) Summary Phase
[0.607s][info][gc,phases      ] GC(27) Summary Phase 0.019ms
[0.607s][info][gc,phases,start] GC(27) Adjust Roots
[0.607s][info][gc,phases      ] GC(27) Adjust Roots 0.162ms
[0.607s][info][gc,phases,start] GC(27) Compaction Phase
[0.627s][info][gc,phases      ] GC(27) Compaction Phase 19.572ms
[0.627s][info][gc,phases,start] GC(27) Post Compact
[0.627s][info][gc,phases      ] GC(27) Post Compact 0.434ms
[0.627s][info][gc,heap        ] GC(27) PSYoungGen: 13344K(31744K)->6639K(31744K) Eden: 0K(14848K)->0K(14848K) From: 13344K(16896K)->6639K(16896K)
[0.627s][info][gc,heap        ] GC(27) ParOldGen: 68017K(74752K)->74459K(97792K)
[0.627s][info][gc,metaspace   ] GC(27) Metaspace: 6302K(6464K)->6302K(6464K) NonClass: 5769K(5824K)->5769K(5824K) Class: 533K(640K)->533K(640K)
[0.627s][info][gc             ] GC(27) Pause Full (Ergonomics) 79M->79M(126M) 53.209ms
[0.627s][info][gc,cpu         ] GC(27) User=0.08s Sys=0.00s Real=0.05s
[0.648s][info][gc,start       ] GC(28) Pause Young (Allocation Failure)
[0.662s][info][gc,heap        ] GC(28) PSYoungGen: 21487K(31744K)->18400K(33280K) Eden: 14848K(14848K)->0K(14848K) From: 6639K(16896K)->18400K(18432K)
[0.662s][info][gc,heap        ] GC(28) ParOldGen: 74459K(97792K)->77611K(97792K)
[0.662s][info][gc,metaspace   ] GC(28) Metaspace: 6302K(6464K)->6302K(6464K) NonClass: 5769K(5824K)->5769K(5824K) Class: 533K(640K)->533K(640K)
[0.662s][info][gc             ] GC(28) Pause Young (Allocation Failure) 93M->93M(128M) 13.990ms
[0.662s][info][gc,cpu         ] GC(28) User=0.00s Sys=0.00s Real=0.01s
[0.674s][info][gc,start       ] GC(29) Pause Young (Allocation Failure)
[0.691s][info][gc,heap        ] GC(29) PSYoungGen: 33248K(33280K)->14912K(38912K) Eden: 14848K(14848K)->0K(16384K) From: 18400K(18432K)->14912K(22528K)
[0.691s][info][gc,heap        ] GC(29) ParOldGen: 77611K(97792K)->96219K(97792K)
[0.691s][info][gc,metaspace   ] GC(29) Metaspace: 6302K(6464K)->6302K(6464K) NonClass: 5769K(5824K)->5769K(5824K) Class: 533K(640K)->533K(640K)
[0.691s][info][gc             ] GC(29) Pause Young (Allocation Failure) 108M->108M(133M) 16.997ms
[0.691s][info][gc,cpu         ] GC(29) User=0.03s Sys=0.02s Real=0.02s
[0.691s][info][gc,start       ] GC(30) Pause Full (Ergonomics)
[0.691s][info][gc,phases,start] GC(30) Marking Phase
[0.721s][info][gc,phases      ] GC(30) Marking Phase 29.904ms
[0.721s][info][gc,phases,start] GC(30) Summary Phase
[0.721s][info][gc,phases      ] GC(30) Summary Phase 0.015ms
[0.721s][info][gc,phases,start] GC(30) Adjust Roots
[0.721s][info][gc,phases      ] GC(30) Adjust Roots 0.146ms
[0.721s][info][gc,phases,start] GC(30) Compaction Phase
[0.746s][info][gc,phases      ] GC(30) Compaction Phase 24.929ms
[0.746s][info][gc,phases,start] GC(30) Post Compact
[0.747s][info][gc,phases      ] GC(30) Post Compact 0.418ms
[0.747s][info][gc,heap        ] GC(30) PSYoungGen: 14912K(38912K)->11239K(38912K) Eden: 0K(16384K)->0K(16384K) From: 14912K(22528K)->11239K(22528K)
[0.747s][info][gc,heap        ] GC(30) ParOldGen: 96219K(97792K)->97450K(126976K)
[0.747s][info][gc,metaspace   ] GC(30) Metaspace: 6302K(6464K)->6302K(6464K) NonClass: 5769K(5824K)->5769K(5824K) Class: 533K(640K)->533K(640K)
[0.747s][info][gc             ] GC(30) Pause Full (Ergonomics) 108M->106M(162M) 55.811ms
[0.747s][info][gc,cpu         ] GC(30) User=0.11s Sys=0.00s Real=0.06s
[0.764s][info][gc,start       ] GC(31) Pause Young (Allocation Failure)
[0.784s][info][gc,heap        ] GC(31) PSYoungGen: 27623K(38912K)->23552K(39936K) Eden: 16384K(16384K)->0K(16384K) From: 11239K(22528K)->23552K(23552K)
[0.784s][info][gc,heap        ] GC(31) ParOldGen: 97450K(126976K)->101618K(126976K)
[0.784s][info][gc,metaspace   ] GC(31) Metaspace: 6302K(6464K)->6302K(6464K) NonClass: 5769K(5824K)->5769K(5824K) Class: 533K(640K)->533K(640K)
[0.784s][info][gc             ] GC(31) Pause Young (Allocation Failure) 122M->122M(163M) 20.177ms
[0.784s][info][gc,cpu         ] GC(31) User=0.03s Sys=0.00s Real=0.02s
[0.801s][info][gc,start       ] GC(32) Pause Young (Allocation Failure)
[0.824s][info][gc,heap        ] GC(32) PSYoungGen: 39936K(39936K)->16416K(48640K) Eden: 16384K(16384K)->0K(19456K) From: 23552K(23552K)->16416K(29184K)
[0.824s][info][gc,heap        ] GC(32) ParOldGen: 101618K(126976K)->125506K(126976K)
[0.824s][info][gc,metaspace   ] GC(32) Metaspace: 6302K(6464K)->6302K(6464K) NonClass: 5769K(5824K)->5769K(5824K) Class: 533K(640K)->533K(640K)
[0.824s][info][gc             ] GC(32) Pause Young (Allocation Failure) 138M->138M(171M) 22.514ms
[0.824s][info][gc,cpu         ] GC(32) User=0.02s Sys=0.02s Real=0.02s
[0.824s][info][gc,start       ] GC(33) Pause Full (Ergonomics)
[0.824s][info][gc,phases,start] GC(33) Marking Phase
[0.859s][info][gc,phases      ] GC(33) Marking Phase 34.464ms
[0.859s][info][gc,phases,start] GC(33) Summary Phase
[0.859s][info][gc,phases      ] GC(33) Summary Phase 0.016ms
[0.859s][info][gc,phases,start] GC(33) Adjust Roots
[0.859s][info][gc,phases      ] GC(33) Adjust Roots 0.141ms
[0.859s][info][gc,phases,start] GC(33) Compaction Phase
[0.879s][info][gc,phases      ] GC(33) Compaction Phase 19.957ms
[0.879s][info][gc,phases,start] GC(33) Post Compact
[0.880s][info][gc,phases      ] GC(33) Post Compact 0.660ms
[0.880s][info][gc,heap        ] GC(33) PSYoungGen: 16416K(48640K)->14821K(48640K) Eden: 0K(19456K)->0K(19456K) From: 16416K(29184K)->14821K(29184K)
[0.880s][info][gc,heap        ] GC(33) ParOldGen: 125506K(126976K)->126573K(162816K)
[0.880s][info][gc,metaspace   ] GC(33) Metaspace: 6302K(6464K)->6302K(6464K) NonClass: 5769K(5824K)->5769K(5824K) Class: 533K(640K)->533K(640K)
[0.880s][info][gc             ] GC(33) Pause Full (Ergonomics) 138M->138M(206M) 55.787ms
[0.880s][info][gc,cpu         ] GC(33) User=0.16s Sys=0.00s Real=0.06s
[0.899s][info][gc,start       ] GC(34) Pause Young (Allocation Failure)
[0.921s][info][gc,heap        ] GC(34) PSYoungGen: 34277K(48640K)->29184K(48640K) Eden: 19456K(19456K)->0K(19456K) From: 14821K(29184K)->29184K(29184K)
[0.921s][info][gc,heap        ] GC(34) ParOldGen: 126573K(162816K)->131789K(162816K)
[0.921s][info][gc,metaspace   ] GC(34) Metaspace: 6302K(6464K)->6302K(6464K) NonClass: 5769K(5824K)->5769K(5824K) Class: 533K(640K)->533K(640K)
[0.921s][info][gc             ] GC(34) Pause Young (Allocation Failure) 157M->157M(206M) 21.941ms
[0.921s][info][gc,cpu         ] GC(34) User=0.06s Sys=0.00s Real=0.02s
[0.937s][info][gc,start       ] GC(35) Pause Young (Allocation Failure)
[0.962s][info][gc,heap        ] GC(35) PSYoungGen: 45502K(48640K)->16064K(55808K) Eden: 16318K(19456K)->0K(22528K) From: 29184K(29184K)->16064K(33280K)
[0.962s][info][gc,heap        ] GC(35) ParOldGen: 131789K(162816K)->161389K(162816K)
[0.962s][info][gc,metaspace   ] GC(35) Metaspace: 6302K(6464K)->6302K(6464K) NonClass: 5769K(5824K)->5769K(5824K) Class: 533K(640K)->533K(640K)
[0.962s][info][gc             ] GC(35) Pause Young (Allocation Failure) 173M->173M(213M) 25.156ms
[0.962s][info][gc,cpu         ] GC(35) User=0.08s Sys=0.00s Real=0.03s
[0.962s][info][gc,start       ] GC(36) Pause Full (Ergonomics)
[0.962s][info][gc,phases,start] GC(36) Marking Phase
[0.999s][info][gc,phases      ] GC(36) Marking Phase 37.047ms
[0.999s][info][gc,phases,start] GC(36) Summary Phase
[0.999s][info][gc,phases      ] GC(36) Summary Phase 0.015ms
[1.000s][info][gc,phases,start] GC(36) Adjust Roots
[1.000s][info][gc,phases      ] GC(36) Adjust Roots 0.140ms
[1.000s][info][gc,phases,start] GC(36) Compaction Phase
[1.024s][info][gc,phases      ] GC(36) Compaction Phase 24.054ms
[1.024s][info][gc,phases,start] GC(36) Post Compact
[1.025s][info][gc,phases      ] GC(36) Post Compact 0.955ms
[1.025s][info][gc,heap        ] GC(36) PSYoungGen: 16064K(55808K)->14439K(57344K) Eden: 0K(22528K)->0K(24064K) From: 16064K(33280K)->14439K(33280K)
[1.025s][info][gc,heap        ] GC(36) ParOldGen: 161389K(162816K)->162352K(206848K)
[1.025s][info][gc,metaspace   ] GC(36) Metaspace: 6302K(6464K)->6302K(6464K) NonClass: 5769K(5824K)->5769K(5824K) Class: 533K(640K)->533K(640K)
[1.025s][info][gc             ] GC(36) Pause Full (Ergonomics) 173M->172M(258M) 62.782ms
[1.025s][info][gc,cpu         ] GC(36) User=0.20s Sys=0.00s Real=0.06s
[1.065s][info][gc,start       ] GC(37) Pause Young (Allocation Failure)
[1.092s][info][gc,heap        ] GC(37) PSYoungGen: 38503K(57344K)->34784K(58880K) Eden: 24064K(24064K)->0K(24064K) From: 14439K(33280K)->34784K(34816K)
[1.092s][info][gc,heap        ] GC(37) ParOldGen: 162352K(206848K)->166192K(206848K)
[1.092s][info][gc,metaspace   ] GC(37) Metaspace: 6302K(6464K)->6302K(6464K) NonClass: 5769K(5824K)->5769K(5824K) Class: 533K(640K)->533K(640K)
[1.092s][info][gc             ] GC(37) Pause Young (Allocation Failure) 196M->196M(259M) 26.552ms
[1.092s][info][gc,cpu         ] GC(37) User=0.02s Sys=0.00s Real=0.03s
[1.116s][info][gc,start       ] GC(38) Pause Young (Allocation Failure)
[1.146s][info][gc,heap        ] GC(38) PSYoungGen: 58848K(58880K)->24128K(68608K) Eden: 24064K(24064K)->0K(27136K) From: 34784K(34816K)->24128K(41472K)
[1.146s][info][gc,heap        ] GC(38) ParOldGen: 166192K(206848K)->201360K(206848K)
[1.146s][info][gc,metaspace   ] GC(38) Metaspace: 6302K(6464K)->6302K(6464K) NonClass: 5769K(5824K)->5769K(5824K) Class: 533K(640K)->533K(640K)
[1.146s][info][gc             ] GC(38) Pause Young (Allocation Failure) 219M->220M(269M) 30.367ms
[1.146s][info][gc,cpu         ] GC(38) User=0.02s Sys=0.02s Real=0.03s
[1.146s][info][gc,start       ] GC(39) Pause Full (Ergonomics)
[1.146s][info][gc,phases,start] GC(39) Marking Phase
[1.197s][info][gc,phases      ] GC(39) Marking Phase 51.148ms
[1.197s][info][gc,phases,start] GC(39) Summary Phase
[1.197s][info][gc,phases      ] GC(39) Summary Phase 0.017ms
[1.197s][info][gc,phases,start] GC(39) Adjust Roots
[1.198s][info][gc,phases      ] GC(39) Adjust Roots 0.143ms
[1.198s][info][gc,phases,start] GC(39) Compaction Phase
[1.243s][info][gc,phases      ] GC(39) Compaction Phase 45.207ms
[1.243s][info][gc,phases,start] GC(39) Post Compact
[1.244s][info][gc,phases      ] GC(39) Post Compact 1.156ms
[1.244s][info][gc,heap        ] GC(39) PSYoungGen: 24128K(68608K)->14325K(68608K) Eden: 0K(27136K)->0K(27136K) From: 24128K(41472K)->14325K(41472K)
[1.244s][info][gc,heap        ] GC(39) ParOldGen: 201360K(206848K)->206449K(260096K)
[1.244s][info][gc,metaspace   ] GC(39) Metaspace: 6302K(6464K)->6302K(6464K) NonClass: 5769K(5824K)->5769K(5824K) Class: 533K(640K)->533K(640K)
[1.244s][info][gc             ] GC(39) Pause Full (Ergonomics) 220M->215M(321M) 98.187ms
[1.244s][info][gc,cpu         ] GC(39) User=0.39s Sys=0.00s Real=0.10s
[1.274s][info][gc,start       ] GC(40) Pause Young (Allocation Failure)
[1.305s][info][gc,heap        ] GC(40) PSYoungGen: 41461K(68608K)->27264K(69120K) Eden: 27136K(27136K)->0K(27136K) From: 14325K(41472K)->27264K(41984K)
[1.305s][info][gc,heap        ] GC(40) ParOldGen: 206449K(260096K)->220993K(260096K)
[1.305s][info][gc,metaspace   ] GC(40) Metaspace: 6302K(6464K)->6302K(6464K) NonClass: 5769K(5824K)->5769K(5824K) Class: 533K(640K)->533K(640K)
[1.305s][info][gc             ] GC(40) Pause Young (Allocation Failure) 242M->242M(321M) 30.336ms
[1.305s][info][gc,cpu         ] GC(40) User=0.12s Sys=0.00s Real=0.03s
[1.335s][info][gc,start       ] GC(41) Pause Young (Allocation Failure)
[1.364s][info][gc,heap        ] GC(41) PSYoungGen: 54400K(69120K)->43008K(62976K) Eden: 27136K(27136K)->0K(19968K) From: 27264K(41984K)->43008K(43008K)
[1.364s][info][gc,heap        ] GC(41) ParOldGen: 220993K(260096K)->232457K(260096K)
[1.364s][info][gc,metaspace   ] GC(41) Metaspace: 6302K(6464K)->6302K(6464K) NonClass: 5769K(5824K)->5769K(5824K) Class: 533K(640K)->533K(640K)
[1.364s][info][gc             ] GC(41) Pause Young (Allocation Failure) 268M->269M(315M) 29.061ms
[1.364s][info][gc,cpu         ] GC(41) User=0.09s Sys=0.00s Real=0.03s
[1.364s][info][gc,start       ] GC(42) Pause Full (Ergonomics)
[1.364s][info][gc,phases,start] GC(42) Marking Phase
[1.433s][info][gc,phases      ] GC(42) Marking Phase 68.732ms
[1.433s][info][gc,phases,start] GC(42) Summary Phase
[1.433s][info][gc,phases      ] GC(42) Summary Phase 0.018ms
[1.433s][info][gc,phases,start] GC(42) Adjust Roots
[1.433s][info][gc,phases      ] GC(42) Adjust Roots 0.151ms
[1.433s][info][gc,phases,start] GC(42) Compaction Phase
[1.468s][info][gc,phases      ] GC(42) Compaction Phase 34.525ms
[1.468s][info][gc,phases,start] GC(42) Post Compact
[1.469s][info][gc,phases      ] GC(42) Post Compact 1.246ms
[1.469s][info][gc,heap        ] GC(42) PSYoungGen: 43008K(62976K)->15323K(62976K) Eden: 0K(19968K)->0K(19968K) From: 43008K(43008K)->15323K(43008K)
[1.469s][info][gc,heap        ] GC(42) ParOldGen: 232457K(260096K)->259661K(312832K)
[1.469s][info][gc,metaspace   ] GC(42) Metaspace: 6302K(6464K)->6302K(6464K) NonClass: 5769K(5824K)->5769K(5824K) Class: 533K(640K)->533K(640K)
[1.469s][info][gc             ] GC(42) Pause Full (Ergonomics) 269M->268M(367M) 105.283ms
[1.469s][info][gc,cpu         ] GC(42) User=0.53s Sys=0.02s Real=0.11s
[1.492s][info][gc,start       ] GC(43) Pause Young (Allocation Failure)
[1.519s][info][gc,heap        ] GC(43) PSYoungGen: 35291K(62976K)->20128K(74240K) Eden: 19968K(19968K)->0K(19968K) From: 15323K(43008K)->20128K(54272K)
[1.519s][info][gc,heap        ] GC(43) ParOldGen: 259661K(312832K)->275189K(312832K)
[1.519s][info][gc,metaspace   ] GC(43) Metaspace: 6302K(6464K)->6302K(6464K) NonClass: 5769K(5824K)->5769K(5824K) Class: 533K(640K)->533K(640K)
[1.519s][info][gc             ] GC(43) Pause Young (Allocation Failure) 288M->288M(378M) 27.221ms
[1.519s][info][gc,cpu         ] GC(43) User=0.12s Sys=0.00s Real=0.03s
[1.543s][info][gc,start       ] GC(44) Pause Young (Allocation Failure)
[1.563s][info][gc,heap        ] GC(44) PSYoungGen: 40096K(74240K)->40096K(70144K) Eden: 19968K(19968K)->0K(18944K) From: 20128K(54272K)->40096K(51200K)
[1.563s][info][gc,heap        ] GC(44) ParOldGen: 275189K(312832K)->275189K(312832K)
[1.563s][info][gc,metaspace   ] GC(44) Metaspace: 6302K(6464K)->6302K(6464K) NonClass: 5769K(5824K)->5769K(5824K) Class: 533K(640K)->533K(640K)
[1.563s][info][gc             ] GC(44) Pause Young (Allocation Failure) 307M->307M(374M) 20.299ms
[1.563s][info][gc,cpu         ] GC(44) User=0.12s Sys=0.00s Real=0.02s
[1.585s][info][gc,start       ] GC(45) Pause Young (Allocation Failure)
[1.614s][info][gc,heap        ] GC(45) PSYoungGen: 59040K(70144K)->55296K(74240K) Eden: 18944K(18944K)->0K(18944K) From: 40096K(51200K)->55296K(55296K)
[1.614s][info][gc,heap        ] GC(45) ParOldGen: 275189K(312832K)->278877K(312832K)
[1.615s][info][gc,metaspace   ] GC(45) Metaspace: 6302K(6464K)->6302K(6464K) NonClass: 5769K(5824K)->5769K(5824K) Class: 533K(640K)->533K(640K)
[1.615s][info][gc             ] GC(45) Pause Young (Allocation Failure) 326M->326M(378M) 29.489ms
[1.615s][info][gc,cpu         ] GC(45) User=0.09s Sys=0.00s Real=0.03s
[1.636s][info][gc,start       ] GC(46) Pause Young (Allocation Failure)
[1.675s][info][gc,heap        ] GC(46) PSYoungGen: 74240K(74240K)->36896K(87040K) Eden: 18944K(18944K)->0K(22016K) From: 55296K(55296K)->36896K(65024K)
[1.675s][info][gc,heap        ] GC(46) ParOldGen: 278877K(312832K)->316845K(316928K)
[1.675s][info][gc,metaspace   ] GC(46) Metaspace: 6302K(6464K)->6302K(6464K) NonClass: 5769K(5824K)->5769K(5824K) Class: 533K(640K)->533K(640K)
[1.675s][info][gc             ] GC(46) Pause Young (Allocation Failure) 344M->345M(394M) 38.859ms
[1.675s][info][gc,cpu         ] GC(46) User=0.20s Sys=0.02s Real=0.04s
[1.675s][info][gc,start       ] GC(47) Pause Full (Ergonomics)
[1.675s][info][gc,phases,start] GC(47) Marking Phase
[1.759s][info][gc,phases      ] GC(47) Marking Phase 83.680ms
[1.759s][info][gc,phases,start] GC(47) Summary Phase
[1.759s][info][gc,phases      ] GC(47) Summary Phase 0.019ms
[1.759s][info][gc,phases,start] GC(47) Adjust Roots
[1.759s][info][gc,phases      ] GC(47) Adjust Roots 0.153ms
[1.759s][info][gc,phases,start] GC(47) Compaction Phase
[1.813s][info][gc,phases      ] GC(47) Compaction Phase 53.651ms
[1.813s][info][gc,phases,start] GC(47) Post Compact
[1.815s][info][gc,phases      ] GC(47) Post Compact 1.942ms
[1.815s][info][gc,heap        ] GC(47) PSYoungGen: 36896K(87040K)->36155K(87040K) Eden: 0K(22016K)->0K(22016K) From: 36896K(65024K)->36155K(65024K)
[1.815s][info][gc,heap        ] GC(47) ParOldGen: 316845K(316928K)->316524K(377856K)
[1.815s][info][gc,metaspace   ] GC(47) Metaspace: 6302K(6464K)->6302K(6464K) NonClass: 5769K(5824K)->5769K(5824K) Class: 533K(640K)->533K(640K)
[1.815s][info][gc             ] GC(47) Pause Full (Ergonomics) 345M->344M(454M) 140.116ms
[1.815s][info][gc,cpu         ] GC(47) User=0.84s Sys=0.00s Real=0.14s
[1.879s][info][gc,start       ] GC(48) Pause Young (Allocation Failure)
[1.922s][info][gc,heap        ] GC(48) PSYoungGen: 58171K(87040K)->40864K(87040K) Eden: 22016K(22016K)->0K(22016K) From: 36155K(65024K)->40864K(65024K)
[1.922s][info][gc,heap        ] GC(48) ParOldGen: 316524K(377856K)->334340K(377856K)
[1.922s][info][gc,metaspace   ] GC(48) Metaspace: 6302K(6464K)->6302K(6464K) NonClass: 5769K(5824K)->5769K(5824K) Class: 533K(640K)->533K(640K)
[1.922s][info][gc             ] GC(48) Pause Young (Allocation Failure) 365M->366M(454M) 43.583ms
[1.922s][info][gc,cpu         ] GC(48) User=0.14s Sys=0.00s Real=0.04s
[1.943s][info][gc,start       ] GC(49) Pause Young (Allocation Failure)
[1.982s][info][gc,heap        ] GC(49) PSYoungGen: 62880K(87040K)->62848K(82432K) Eden: 22016K(22016K)->0K(16384K) From: 40864K(65024K)->62848K(66048K)
[1.982s][info][gc,heap        ] GC(49) ParOldGen: 334340K(377856K)->334340K(377856K)
[1.982s][info][gc,metaspace   ] GC(49) Metaspace: 6302K(6464K)->6302K(6464K) NonClass: 5769K(5824K)->5769K(5824K) Class: 533K(640K)->533K(640K)
[1.982s][info][gc             ] GC(49) Pause Young (Allocation Failure) 387M->387M(449M) 38.687ms
[1.982s][info][gc,cpu         ] GC(49) User=0.02s Sys=0.00s Real=0.04s
[2.000s][info][gc,start       ] GC(50) Pause Young (Allocation Failure)
[2.041s][info][gc,heap        ] GC(50) PSYoungGen: 79232K(82432K)->60576K(91136K) Eden: 16384K(16384K)->0K(16384K) From: 62848K(66048K)->60576K(74752K)
[2.041s][info][gc,heap        ] GC(50) ParOldGen: 334340K(377856K)->353308K(377856K)
[2.041s][info][gc,metaspace   ] GC(50) Metaspace: 6302K(6464K)->6302K(6464K) NonClass: 5769K(5824K)->5769K(5824K) Class: 533K(640K)->533K(640K)
[2.041s][info][gc             ] GC(50) Pause Young (Allocation Failure) 403M->404M(458M) 41.643ms
[2.041s][info][gc,cpu         ] GC(50) User=0.03s Sys=0.00s Real=0.04s
[2.041s][info][gc,start       ] GC(51) Pause Full (Ergonomics)
[2.041s][info][gc,phases,start] GC(51) Marking Phase
[2.141s][info][gc,phases      ] GC(51) Marking Phase 99.251ms
[2.141s][info][gc,phases,start] GC(51) Summary Phase
[2.141s][info][gc,phases      ] GC(51) Summary Phase 0.041ms
[2.141s][info][gc,phases,start] GC(51) Adjust Roots
[2.141s][info][gc,phases      ] GC(51) Adjust Roots 0.281ms
[2.141s][info][gc,phases,start] GC(51) Compaction Phase
[2.226s][info][gc,phases      ] GC(51) Compaction Phase 85.205ms
[2.226s][info][gc,phases,start] GC(51) Post Compact
[2.229s][info][gc,phases      ] GC(51) Post Compact 2.369ms
[2.229s][info][gc,heap        ] GC(51) PSYoungGen: 60576K(91136K)->27099K(91136K) Eden: 0K(16384K)->0K(16384K) From: 60576K(74752K)->27099K(74752K)
[2.229s][info][gc,heap        ] GC(51) ParOldGen: 353308K(377856K)->377734K(440320K)
[2.229s][info][gc,metaspace   ] GC(51) Metaspace: 6302K(6464K)->6302K(6464K) NonClass: 5769K(5824K)->5769K(5824K) Class: 533K(640K)->533K(640K)
[2.229s][info][gc             ] GC(51) Pause Full (Ergonomics) 404M->395M(519M) 187.836ms
[2.229s][info][gc,cpu         ] GC(51) User=0.88s Sys=0.03s Real=0.19s
[2.248s][info][gc,start       ] GC(52) Pause Young (Allocation Failure)
[2.290s][info][gc,heap        ] GC(52) PSYoungGen: 43483K(91136K)->27296K(92672K) Eden: 16384K(16384K)->0K(18432K) From: 27099K(74752K)->27296K(74240K)
[2.290s][info][gc,heap        ] GC(52) ParOldGen: 377734K(440320K)->394270K(440320K)
[2.290s][info][gc,metaspace   ] GC(52) Metaspace: 6302K(6464K)->6302K(6464K) NonClass: 5769K(5824K)->5769K(5824K) Class: 533K(640K)->533K(640K)
[2.290s][info][gc             ] GC(52) Pause Young (Allocation Failure) 411M->411M(520M) 42.037ms
[2.290s][info][gc,cpu         ] GC(52) User=0.22s Sys=0.00s Real=0.04s
[2.309s][info][gc,start       ] GC(53) Pause Young (Allocation Failure)
[2.335s][info][gc,heap        ] GC(53) PSYoungGen: 45728K(92672K)->34976K(53760K) Eden: 18432K(18432K)->0K(18432K) From: 27296K(74240K)->34976K(35328K)
[2.335s][info][gc,heap        ] GC(53) ParOldGen: 394270K(440320K)->405238K(440320K)
[2.335s][info][gc,metaspace   ] GC(53) Metaspace: 6302K(6464K)->6302K(6464K) NonClass: 5769K(5824K)->5769K(5824K) Class: 533K(640K)->533K(640K)
[2.335s][info][gc             ] GC(53) Pause Young (Allocation Failure) 429M->429M(482M) 25.226ms
[2.335s][info][gc,cpu         ] GC(53) User=0.12s Sys=0.00s Real=0.03s
[2.354s][info][gc,start       ] GC(54) Pause Young (Allocation Failure)
[2.383s][info][gc,heap        ] GC(54) PSYoungGen: 53408K(53760K)->36992K(88576K) Eden: 18432K(18432K)->0K(20992K) From: 34976K(35328K)->36992K(67584K)
[2.383s][info][gc,heap        ] GC(54) ParOldGen: 405238K(440320K)->421854K(440320K)
[2.383s][info][gc,metaspace   ] GC(54) Metaspace: 6302K(6464K)->6302K(6464K) NonClass: 5769K(5824K)->5769K(5824K) Class: 533K(640K)->533K(640K)
[2.383s][info][gc             ] GC(54) Pause Young (Allocation Failure) 447M->448M(516M) 28.962ms
[2.383s][info][gc,cpu         ] GC(54) User=0.11s Sys=0.00s Real=0.03s
[2.383s][info][gc,start       ] GC(55) Pause Full (Ergonomics)
[2.383s][info][gc,phases,start] GC(55) Marking Phase
[2.487s][info][gc,phases      ] GC(55) Marking Phase 103.693ms
[2.487s][info][gc,phases,start] GC(55) Summary Phase
[2.487s][info][gc,phases      ] GC(55) Summary Phase 0.029ms
[2.487s][info][gc,phases,start] GC(55) Adjust Roots
[2.487s][info][gc,phases      ] GC(55) Adjust Roots 0.193ms
[2.488s][info][gc,phases,start] GC(55) Compaction Phase
[2.552s][info][gc,phases      ] GC(55) Compaction Phase 64.616ms
[2.552s][info][gc,phases,start] GC(55) Post Compact
[2.555s][info][gc,phases      ] GC(55) Post Compact 2.875ms
[2.555s][info][gc,heap        ] GC(55) PSYoungGen: 36992K(88576K)->17900K(91648K) Eden: 0K(20992K)->0K(24064K) From: 36992K(67584K)->17900K(67584K)
[2.556s][info][gc,heap        ] GC(55) ParOldGen: 421854K(440320K)->440094K(502272K)
[2.556s][info][gc,metaspace   ] GC(55) Metaspace: 6302K(6464K)->6302K(6464K) NonClass: 5769K(5824K)->5769K(5824K) Class: 533K(640K)->533K(640K)
[2.556s][info][gc             ] GC(55) Pause Full (Ergonomics) 448M->447M(580M) 172.083ms
[2.556s][info][gc,cpu         ] GC(55) User=0.95s Sys=0.02s Real=0.17s
[2.583s][info][gc,start       ] GC(56) Pause Young (Allocation Failure)
[2.621s][info][gc,heap        ] GC(56) PSYoungGen: 41964K(91648K)->24224K(94720K) Eden: 24064K(24064K)->0K(24064K) From: 17900K(67584K)->24224K(70656K)
[2.621s][info][gc,heap        ] GC(56) ParOldGen: 440094K(502272K)->458254K(502272K)
[2.621s][info][gc,metaspace   ] GC(56) Metaspace: 6302K(6464K)->6302K(6464K) NonClass: 5769K(5824K)->5769K(5824K) Class: 533K(640K)->533K(640K)
[2.621s][info][gc             ] GC(56) Pause Young (Allocation Failure) 470M->471M(583M) 37.917ms
[2.621s][info][gc,cpu         ] GC(56) User=0.23s Sys=0.00s Real=0.04s
[2.648s][info][gc,start       ] GC(57) Pause Young (Allocation Failure)
[2.672s][info][gc,heap        ] GC(57) PSYoungGen: 48288K(94720K)->48288K(94720K) Eden: 24064K(24064K)->0K(25600K) From: 24224K(70656K)->48288K(69120K)
[2.672s][info][gc,heap        ] GC(57) ParOldGen: 458254K(502272K)->458254K(502272K)
[2.672s][info][gc,metaspace   ] GC(57) Metaspace: 6302K(6464K)->6302K(6464K) NonClass: 5769K(5824K)->5769K(5824K) Class: 533K(640K)->533K(640K)
[2.672s][info][gc             ] GC(57) Pause Young (Allocation Failure) 494M->494M(583M) 24.699ms
[2.672s][info][gc,cpu         ] GC(57) User=0.12s Sys=0.00s Real=0.03s
[2.700s][info][gc,start       ] GC(58) Pause Young (Allocation Failure)
[2.738s][info][gc,heap        ] GC(58) PSYoungGen: 73888K(94720K)->49824K(96256K) Eden: 25600K(25600K)->0K(25600K) From: 48288K(69120K)->49824K(70656K)
[2.738s][info][gc,heap        ] GC(58) ParOldGen: 458254K(502272K)->482638K(502272K)
[2.738s][info][gc,metaspace   ] GC(58) Metaspace: 6302K(6464K)->6302K(6464K) NonClass: 5769K(5824K)->5769K(5824K) Class: 533K(640K)->533K(640K)
[2.738s][info][gc             ] GC(58) Pause Young (Allocation Failure) 519M->519M(584M) 38.288ms
[2.738s][info][gc,cpu         ] GC(58) User=0.20s Sys=0.02s Real=0.04s
[2.738s][info][gc,start       ] GC(59) Pause Full (Ergonomics)
[2.738s][info][gc,phases,start] GC(59) Marking Phase
[2.857s][info][gc,phases      ] GC(59) Marking Phase 118.675ms
[2.857s][info][gc,phases,start] GC(59) Summary Phase
[2.857s][info][gc,phases      ] GC(59) Summary Phase 0.020ms
[2.857s][info][gc,phases,start] GC(59) Adjust Roots
[2.857s][info][gc,phases      ] GC(59) Adjust Roots 0.198ms
[2.857s][info][gc,phases,start] GC(59) Compaction Phase
[2.918s][info][gc,phases      ] GC(59) Compaction Phase 60.899ms
[2.918s][info][gc,phases,start] GC(59) Post Compact
[2.921s][info][gc,phases      ] GC(59) Post Compact 2.736ms
[2.922s][info][gc,heap        ] GC(59) PSYoungGen: 49824K(96256K)->29671K(96256K) Eden: 0K(25600K)->0K(25600K) From: 49824K(70656K)->29671K(70656K)
[2.922s][info][gc,heap        ] GC(59) ParOldGen: 482638K(502272K)->501958K(568832K)
[2.922s][info][gc,metaspace   ] GC(59) Metaspace: 6302K(6464K)->6302K(6464K) NonClass: 5769K(5824K)->5769K(5824K) Class: 533K(640K)->533K(640K)
[2.922s][info][gc             ] GC(59) Pause Full (Ergonomics) 519M->519M(649M) 183.169ms
[2.922s][info][gc,cpu         ] GC(59) User=1.31s Sys=0.05s Real=0.18s
[2.952s][info][gc,start       ] GC(60) Pause Young (Allocation Failure)
[3.002s][info][gc,heap        ] GC(60) PSYoungGen: 55271K(96256K)->40960K(97280K) Eden: 25600K(25600K)->0K(28672K) From: 29671K(70656K)->40960K(68608K)
[3.002s][info][gc,heap        ] GC(60) ParOldGen: 501958K(568832K)->516638K(568832K)
[3.002s][info][gc,metaspace   ] GC(60) Metaspace: 6302K(6464K)->6302K(6464K) NonClass: 5769K(5824K)->5769K(5824K) Class: 533K(640K)->533K(640K)
[3.002s][info][gc             ] GC(60) Pause Young (Allocation Failure) 544M->544M(650M) 49.771ms
[3.002s][info][gc,cpu         ] GC(60) User=0.25s Sys=0.02s Real=0.05s
[3.036s][info][gc,start       ] GC(61) Pause Young (Allocation Failure)
[3.071s][info][gc,heap        ] GC(61) PSYoungGen: 69632K(97280K)->69664K(99328K) Eden: 28672K(28672K)->0K(28672K) From: 40960K(68608K)->69664K(70656K)
[3.071s][info][gc,heap        ] GC(61) ParOldGen: 516638K(568832K)->516638K(568832K)
[3.071s][info][gc,metaspace   ] GC(61) Metaspace: 6302K(6464K)->6302K(6464K) NonClass: 5769K(5824K)->5769K(5824K) Class: 533K(640K)->533K(640K)
[3.071s][info][gc             ] GC(61) Pause Young (Allocation Failure) 572M->572M(652M) 35.093ms
[3.071s][info][gc,cpu         ] GC(61) User=0.33s Sys=0.00s Real=0.04s
[3.104s][info][gc,start       ] GC(62) Pause Young (Allocation Failure)
[3.158s][info][gc,heap        ] GC(62) PSYoungGen: 98336K(99328K)->79360K(94208K) Eden: 28672K(28672K)->0K(14848K) From: 69664K(70656K)->79360K(79360K)
[3.158s][info][gc,heap        ] GC(62) ParOldGen: 516638K(568832K)->535726K(568832K)
[3.158s][info][gc,metaspace   ] GC(62) Metaspace: 6302K(6464K)->6302K(6464K) NonClass: 5769K(5824K)->5769K(5824K) Class: 533K(640K)->533K(640K)
[3.158s][info][gc             ] GC(62) Pause Young (Allocation Failure) 600M->600M(647M) 54.797ms
[3.158s][info][gc,cpu         ] GC(62) User=0.33s Sys=0.05s Real=0.05s
[3.178s][info][gc,start       ] GC(63) Pause Young (Allocation Failure)
[3.226s][info][gc,heap        ] GC(63) PSYoungGen: 94208K(94208K)->60512K(111616K) Eden: 14848K(14848K)->0K(14848K) From: 79360K(79360K)->60512K(96768K)
[3.226s][info][gc,heap        ] GC(63) ParOldGen: 535726K(568832K)->569942K(570368K)
[3.226s][info][gc,metaspace   ] GC(63) Metaspace: 6302K(6464K)->6302K(6464K) NonClass: 5769K(5824K)->5769K(5824K) Class: 533K(640K)->533K(640K)
[3.226s][info][gc             ] GC(63) Pause Young (Allocation Failure) 615M->615M(666M) 47.870ms
[3.226s][info][gc,cpu         ] GC(63) User=0.23s Sys=0.02s Real=0.05s
[3.226s][info][gc,start       ] GC(64) Pause Full (Ergonomics)
[3.226s][info][gc,phases,start] GC(64) Marking Phase
[3.360s][info][gc,phases      ] GC(64) Marking Phase 134.322ms
[3.360s][info][gc,phases,start] GC(64) Summary Phase
[3.360s][info][gc,phases      ] GC(64) Summary Phase 0.021ms
[3.360s][info][gc,phases,start] GC(64) Adjust Roots
[3.360s][info][gc,phases      ] GC(64) Adjust Roots 0.148ms
[3.360s][info][gc,phases,start] GC(64) Compaction Phase
[3.428s][info][gc,phases      ] GC(64) Compaction Phase 68.000ms
[3.429s][info][gc,phases,start] GC(64) Post Compact
[3.430s][info][gc,phases      ] GC(64) Post Compact 1.264ms
[3.430s][info][gc,heap        ] GC(64) PSYoungGen: 60512K(111616K)->59227K(111616K) Eden: 0K(14848K)->0K(14848K) From: 60512K(96768K)->59227K(96768K)
[3.430s][info][gc,heap        ] GC(64) ParOldGen: 569942K(570368K)->570067K(643584K)
[3.430s][info][gc,metaspace   ] GC(64) Metaspace: 6302K(6464K)->6302K(6464K) NonClass: 5769K(5824K)->5769K(5824K) Class: 533K(640K)->533K(640K)
[3.430s][info][gc             ] GC(64) Pause Full (Ergonomics) 615M->614M(737M) 204.361ms
[3.430s][info][gc,cpu         ] GC(64) User=1.28s Sys=0.02s Real=0.20s
[3.448s][info][gc,start       ] GC(65) Pause Young (Allocation Failure)
[3.502s][info][gc,heap        ] GC(65) PSYoungGen: 74075K(111616K)->29568K(110080K) Eden: 14848K(14848K)->0K(16896K) From: 59227K(96768K)->29568K(93184K)
[3.502s][info][gc,heap        ] GC(65) ParOldGen: 570067K(643584K)->615403K(643584K)
[3.502s][info][gc,metaspace   ] GC(65) Metaspace: 6302K(6464K)->6302K(6464K) NonClass: 5769K(5824K)->5769K(5824K) Class: 533K(640K)->533K(640K)
[3.502s][info][gc             ] GC(65) Pause Young (Allocation Failure) 629M->629M(736M) 54.496ms
[3.502s][info][gc,cpu         ] GC(65) User=0.36s Sys=0.02s Real=0.05s
[3.502s][info][gc,start       ] GC(66) Pause Full (Ergonomics)
[3.502s][info][gc,phases,start] GC(66) Marking Phase
[3.646s][info][gc,phases      ] GC(66) Marking Phase 143.896ms
[3.646s][info][gc,phases,start] GC(66) Summary Phase
[3.646s][info][gc,phases      ] GC(66) Summary Phase 0.031ms
[3.646s][info][gc,phases,start] GC(66) Adjust Roots
[3.647s][info][gc,phases      ] GC(66) Adjust Roots 0.209ms
[3.647s][info][gc,phases,start] GC(66) Compaction Phase
[3.703s][info][gc,phases      ] GC(66) Compaction Phase 56.090ms
[3.703s][info][gc,phases,start] GC(66) Post Compact
[3.704s][info][gc,phases      ] GC(66) Post Compact 1.009ms
[3.704s][info][gc,heap        ] GC(66) PSYoungGen: 29568K(110080K)->752K(112128K) Eden: 0K(16896K)->0K(18944K) From: 29568K(93184K)->752K(93184K)
[3.704s][info][gc,heap        ] GC(66) ParOldGen: 615403K(643584K)->643362K(730624K)
[3.704s][info][gc,metaspace   ] GC(66) Metaspace: 6302K(6464K)->6302K(6464K) NonClass: 5769K(5824K)->5769K(5824K) Class: 533K(640K)->533K(640K)
[3.704s][info][gc             ] GC(66) Pause Full (Ergonomics) 629M->629M(823M) 201.908ms
[3.704s][info][gc,cpu         ] GC(66) User=1.53s Sys=0.00s Real=0.20s
[3.727s][info][gc,start       ] GC(67) Pause Young (Allocation Failure)
[3.764s][info][gc,heap        ] GC(67) PSYoungGen: 19696K(112128K)->19488K(114176K) Eden: 18944K(18944K)->0K(18944K) From: 752K(93184K)->19488K(95232K)
[3.764s][info][gc,heap        ] GC(67) ParOldGen: 643362K(730624K)->643762K(730624K)
[3.764s][info][gc,metaspace   ] GC(67) Metaspace: 6302K(6464K)->6302K(6464K) NonClass: 5769K(5824K)->5769K(5824K) Class: 533K(640K)->533K(640K)
[3.764s][info][gc             ] GC(67) Pause Young (Allocation Failure) 647M->647M(825M) 37.254ms
[3.764s][info][gc,cpu         ] GC(67) User=0.16s Sys=0.00s Real=0.04s
[3.787s][info][gc,start       ] GC(68) Pause Young (Allocation Failure)
[3.808s][info][gc,heap        ] GC(68) PSYoungGen: 38432K(114176K)->38432K(107520K) Eden: 18944K(18944K)->0K(20992K) From: 19488K(95232K)->38432K(86528K)
[3.808s][info][gc,heap        ] GC(68) ParOldGen: 643762K(730624K)->643762K(730624K)
[3.808s][info][gc,metaspace   ] GC(68) Metaspace: 6302K(6464K)->6302K(6464K) NonClass: 5769K(5824K)->5769K(5824K) Class: 533K(640K)->533K(640K)
[3.808s][info][gc             ] GC(68) Pause Young (Allocation Failure) 666M->666M(818M) 21.175ms
[3.808s][info][gc,cpu         ] GC(68) User=0.11s Sys=0.02s Real=0.02s
[3.836s][info][gc,start       ] GC(69) Pause Young (Allocation Failure)
[3.865s][info][gc,heap        ] GC(69) PSYoungGen: 59424K(107520K)->59424K(111616K) Eden: 20992K(20992K)->0K(20992K) From: 38432K(86528K)->59424K(90624K)
[3.865s][info][gc,heap        ] GC(69) ParOldGen: 643762K(730624K)->643762K(730624K)
[3.865s][info][gc,metaspace   ] GC(69) Metaspace: 6302K(6464K)->6302K(6464K) NonClass: 5769K(5824K)->5769K(5824K) Class: 533K(640K)->533K(640K)
[3.865s][info][gc             ] GC(69) Pause Young (Allocation Failure) 686M->686M(822M) 29.015ms
[3.865s][info][gc,cpu         ] GC(69) User=0.14s Sys=0.00s Real=0.03s
[4.020s][info][gc,start       ] GC(70) Pause Young (Allocation Failure)
[4.071s][info][gc,heap        ] GC(70) PSYoungGen: 80416K(111616K)->80448K(107520K) Eden: 20992K(20992K)->0K(15360K) From: 59424K(90624K)->80448K(92160K)
[4.071s][info][gc,heap        ] GC(70) ParOldGen: 676530K(730624K)->676530K(730624K)
[4.071s][info][gc,metaspace   ] GC(70) Metaspace: 6302K(6464K)->6302K(6464K) NonClass: 5769K(5824K)->5769K(5824K) Class: 533K(640K)->533K(640K)
[4.071s][info][gc             ] GC(70) Pause Young (Allocation Failure) 739M->739M(818M) 50.484ms
[4.071s][info][gc,cpu         ] GC(70) User=0.44s Sys=0.03s Real=0.05s
[4.087s][info][gc,start       ] GC(71) Pause Young (Allocation Failure)
[4.129s][info][gc,heap        ] GC(71) PSYoungGen: 95808K(107520K)->95808K(115712K) Eden: 15360K(15360K)->0K(15360K) From: 80448K(92160K)->95808K(100352K)
[4.129s][info][gc,heap        ] GC(71) ParOldGen: 676530K(730624K)->676530K(730624K)
[4.129s][info][gc,metaspace   ] GC(71) Metaspace: 6302K(6464K)->6302K(6464K) NonClass: 5769K(5824K)->5769K(5824K) Class: 533K(640K)->533K(640K)
[4.129s][info][gc             ] GC(71) Pause Young (Allocation Failure) 754M->754M(826M) 42.257ms
[4.129s][info][gc,cpu         ] GC(71) User=0.25s Sys=0.00s Real=0.04s
[4.145s][info][gc,start       ] GC(72) Pause Young (Allocation Failure)
[4.196s][info][gc,heap        ] GC(72) PSYoungGen: 111168K(115712K)->111168K(115200K) Eden: 15360K(15360K)->0K(2048K) From: 95808K(100352K)->111168K(113152K)
[4.196s][info][gc,heap        ] GC(72) ParOldGen: 676530K(730624K)->676530K(730624K)
[4.196s][info][gc,metaspace   ] GC(72) Metaspace: 6302K(6464K)->6302K(6464K) NonClass: 5769K(5824K)->5769K(5824K) Class: 533K(640K)->533K(640K)
[4.196s][info][gc             ] GC(72) Pause Young (Allocation Failure) 769M->769M(826M) 50.809ms
[4.196s][info][gc,cpu         ] GC(72) User=0.47s Sys=0.03s Real=0.05s
[4.198s][info][gc,start       ] GC(73) Pause Young (Allocation Failure)
[4.246s][info][gc,heap        ] GC(73) PSYoungGen: 113216K(115200K)->112800K(130560K) Eden: 2048K(2048K)->0K(2048K) From: 111168K(113152K)->112800K(128512K)
[4.246s][info][gc,heap        ] GC(73) ParOldGen: 676530K(730624K)->676970K(730624K)
[4.246s][info][gc,metaspace   ] GC(73) Metaspace: 6302K(6464K)->6302K(6464K) NonClass: 5769K(5824K)->5769K(5824K) Class: 533K(640K)->533K(640K)
[4.246s][info][gc             ] GC(73) Pause Young (Allocation Failure) 771M->771M(841M) 47.588ms
[4.246s][info][gc,cpu         ] GC(73) User=0.25s Sys=0.02s Real=0.05s
[4.248s][info][gc,start       ] GC(74) Pause Young (Allocation Failure)
[4.300s][info][gc,heap        ] GC(74) PSYoungGen: 114848K(130560K)->76896K(138240K) Eden: 2048K(2048K)->0K(2560K) From: 112800K(128512K)->76896K(135680K)
[4.300s][info][gc,heap        ] GC(74) ParOldGen: 676970K(730624K)->715338K(730624K)
[4.300s][info][gc,metaspace   ] GC(74) Metaspace: 6302K(6464K)->6302K(6464K) NonClass: 5769K(5824K)->5769K(5824K) Class: 533K(640K)->533K(640K)
[4.300s][info][gc             ] GC(74) Pause Young (Allocation Failure) 773M->773M(848M) 52.107ms
[4.300s][info][gc,cpu         ] GC(74) User=0.34s Sys=0.03s Real=0.05s
[4.300s][info][gc,start       ] GC(75) Pause Full (Ergonomics)
[4.300s][info][gc,phases,start] GC(75) Marking Phase
[4.471s][info][gc,phases      ] GC(75) Marking Phase 170.242ms
[4.471s][info][gc,phases,start] GC(75) Summary Phase
[4.471s][info][gc,phases      ] GC(75) Summary Phase 0.023ms
[4.471s][info][gc,phases,start] GC(75) Adjust Roots
[4.471s][info][gc,phases      ] GC(75) Adjust Roots 0.148ms
[4.471s][info][gc,phases,start] GC(75) Compaction Phase
[4.601s][info][gc,phases      ] GC(75) Compaction Phase 129.774ms
[4.601s][info][gc,phases,start] GC(75) Post Compact
[4.602s][info][gc,phases      ] GC(75) Post Compact 1.643ms
[4.603s][info][gc,heap        ] GC(75) PSYoungGen: 76896K(138240K)->44417K(139264K) Eden: 0K(2560K)->0K(3584K) From: 76896K(135680K)->44417K(135680K)
[4.603s][info][gc,heap        ] GC(75) ParOldGen: 715338K(730624K)->730516K(822272K)
[4.603s][info][gc,metaspace   ] GC(75) Metaspace: 6302K(6464K)->6302K(6464K) NonClass: 5769K(5824K)->5769K(5824K) Class: 533K(640K)->533K(640K)
[4.603s][info][gc             ] GC(75) Pause Full (Ergonomics) 773M->756M(939M) 302.492ms
[4.603s][info][gc,cpu         ] GC(75) User=1.97s Sys=0.00s Real=0.30s
[4.608s][info][gc,start       ] GC(76) Pause Young (Allocation Failure)
[4.659s][info][gc,heap        ] GC(76) PSYoungGen: 48001K(139264K)->24416K(142336K) Eden: 3584K(3584K)->0K(3584K) From: 44417K(135680K)->24416K(138752K)
[4.659s][info][gc,heap        ] GC(76) ParOldGen: 730516K(822272K)->754572K(822272K)
[4.659s][info][gc,metaspace   ] GC(76) Metaspace: 6302K(6464K)->6302K(6464K) NonClass: 5769K(5824K)->5769K(5824K) Class: 533K(640K)->533K(640K)
[4.659s][info][gc             ] GC(76) Pause Young (Allocation Failure) 760M->760M(942M) 50.467ms
[4.659s][info][gc,cpu         ] GC(76) User=0.33s Sys=0.02s Real=0.05s
[4.662s][info][gc,start       ] GC(77) Pause Young (Allocation Failure)
[4.677s][info][gc,heap        ] GC(77) PSYoungGen: 28000K(142336K)->9440K(141824K) Eden: 3584K(3584K)->0K(3584K) From: 24416K(138752K)->9440K(138240K)
[4.677s][info][gc,heap        ] GC(77) ParOldGen: 754572K(822272K)->773340K(822272K)
[4.677s][info][gc,metaspace   ] GC(77) Metaspace: 6302K(6464K)->6302K(6464K) NonClass: 5769K(5824K)->5769K(5824K) Class: 533K(640K)->533K(640K)
[4.677s][info][gc             ] GC(77) Pause Young (Allocation Failure) 764M->764M(941M) 15.025ms
[4.677s][info][gc,cpu         ] GC(77) User=0.02s Sys=0.00s Real=0.01s
[4.681s][info][gc,start       ] GC(78) Pause Young (Allocation Failure)
[4.692s][info][gc,heap        ] GC(78) PSYoungGen: 13024K(141824K)->10848K(142848K) Eden: 3584K(3584K)->0K(3584K) From: 9440K(138240K)->10848K(139264K)
[4.692s][info][gc,heap        ] GC(78) ParOldGen: 773340K(822272K)->775604K(822272K)
[4.692s][info][gc,metaspace   ] GC(78) Metaspace: 6302K(6464K)->6302K(6464K) NonClass: 5769K(5824K)->5769K(5824K) Class: 533K(640K)->533K(640K)
[4.692s][info][gc             ] GC(78) Pause Young (Allocation Failure) 767M->768M(942M) 11.291ms
[4.692s][info][gc,cpu         ] GC(78) User=0.02s Sys=0.00s Real=0.01s
[4.696s][info][gc,start       ] GC(79) Pause Young (Allocation Failure)
[4.709s][info][gc,heap        ] GC(79) PSYoungGen: 14432K(142848K)->7264K(141312K) Eden: 3584K(3584K)->0K(4608K) From: 10848K(139264K)->7264K(136704K)
[4.709s][info][gc,heap        ] GC(79) ParOldGen: 775604K(822272K)->782836K(822272K)
[4.709s][info][gc,metaspace   ] GC(79) Metaspace: 6302K(6464K)->6302K(6464K) NonClass: 5769K(5824K)->5769K(5824K) Class: 533K(640K)->533K(640K)
[4.709s][info][gc             ] GC(79) Pause Young (Allocation Failure) 771M->771M(941M) 12.758ms
[4.709s][info][gc,cpu         ] GC(79) User=0.00s Sys=0.00s Real=0.01s
[4.709s][info][gc,start       ] GC(80) Pause Full (Ergonomics)
[4.709s][info][gc,phases,start] GC(80) Marking Phase
[4.886s][info][gc,phases      ] GC(80) Marking Phase 177.191ms
[4.886s][info][gc,phases,start] GC(80) Summary Phase
[4.886s][info][gc,phases      ] GC(80) Summary Phase 0.030ms
[4.886s][info][gc,phases,start] GC(80) Adjust Roots
[4.887s][info][gc,phases      ] GC(80) Adjust Roots 0.161ms
[4.887s][info][gc,phases,start] GC(80) Compaction Phase
[4.961s][info][gc,phases      ] GC(80) Compaction Phase 74.642ms
[4.961s][info][gc,phases,start] GC(80) Post Compact
[4.963s][info][gc,phases      ] GC(80) Post Compact 1.430ms
[4.963s][info][gc,heap        ] GC(80) PSYoungGen: 7264K(141312K)->0K(142336K) Eden: 0K(4608K)->0K(4608K) From: 7264K(136704K)->0K(137728K)
[4.963s][info][gc,heap        ] GC(80) ParOldGen: 782836K(822272K)->789150K(882176K)
[4.963s][info][gc,metaspace   ] GC(80) Metaspace: 6302K(6464K)->6302K(6464K) NonClass: 5769K(5824K)->5769K(5824K) Class: 533K(640K)->533K(640K)
[4.963s][info][gc             ] GC(80) Pause Full (Ergonomics) 771M->770M(1000M) 254.096ms
[4.963s][info][gc,cpu         ] GC(80) User=1.75s Sys=0.00s Real=0.25s
[4.968s][info][gc,start       ] GC(81) Pause Young (Allocation Failure)
[4.979s][info][gc,heap        ] GC(81) PSYoungGen: 4608K(142336K)->4704K(139264K) Eden: 4608K(4608K)->0K(5632K) From: 0K(137728K)->4704K(133632K)
[4.979s][info][gc,heap        ] GC(81) ParOldGen: 789150K(882176K)->789150K(882176K)
[4.979s][info][gc,metaspace   ] GC(81) Metaspace: 6302K(6464K)->6302K(6464K) NonClass: 5769K(5824K)->5769K(5824K) Class: 533K(640K)->533K(640K)
[4.980s][info][gc             ] GC(81) Pause Young (Allocation Failure) 775M->775M(997M) 11.089ms
[4.980s][info][gc,cpu         ] GC(81) User=0.00s Sys=0.00s Real=0.01s
[4.987s][info][gc,start       ] GC(82) Pause Young (Allocation Failure)
[5.000s][info][gc,heap        ] GC(82) PSYoungGen: 10336K(139264K)->5728K(11776K) Eden: 5632K(5632K)->0K(5632K) From: 4704K(133632K)->5728K(6144K)
[5.000s][info][gc,heap        ] GC(82) ParOldGen: 789150K(882176K)->793822K(882176K)
[5.000s][info][gc,metaspace   ] GC(82) Metaspace: 6302K(6464K)->6302K(6464K) NonClass: 5769K(5824K)->5769K(5824K) Class: 533K(640K)->533K(640K)
[5.000s][info][gc             ] GC(82) Pause Young (Allocation Failure) 780M->780M(873M) 12.852ms
[5.000s][info][gc,cpu         ] GC(82) User=0.03s Sys=0.00s Real=0.01s
[5.005s][info][gc,start       ] GC(83) Pause Young (Allocation Failure)
[5.015s][info][gc,heap        ] GC(83) PSYoungGen: 11360K(11776K)->5760K(131584K) Eden: 5632K(5632K)->0K(6656K) From: 5728K(6144K)->5760K(124928K)
[5.015s][info][gc,heap        ] GC(83) ParOldGen: 793822K(882176K)->799526K(882176K)
[5.015s][info][gc,metaspace   ] GC(83) Metaspace: 6302K(6464K)->6302K(6464K) NonClass: 5769K(5824K)->5769K(5824K) Class: 533K(640K)->533K(640K)
[5.015s][info][gc             ] GC(83) Pause Young (Allocation Failure) 786M->786M(990M) 10.352ms
[5.015s][info][gc,cpu         ] GC(83) User=0.00s Sys=0.00s Real=0.01s
[5.022s][info][gc,start       ] GC(84) Pause Young (Allocation Failure)
[5.034s][info][gc,heap        ] GC(84) PSYoungGen: 12416K(131584K)->6784K(13824K) Eden: 6656K(6656K)->0K(6656K) From: 5760K(124928K)->6784K(7168K)
[5.035s][info][gc,heap        ] GC(84) ParOldGen: 799526K(882176K)->805230K(882176K)
[5.035s][info][gc,metaspace   ] GC(84) Metaspace: 6302K(6464K)->6302K(6464K) NonClass: 5769K(5824K)->5769K(5824K) Class: 533K(640K)->533K(640K)
[5.035s][info][gc             ] GC(84) Pause Young (Allocation Failure) 792M->792M(875M) 12.684ms
[5.035s][info][gc,cpu         ] GC(84) User=0.00s Sys=0.00s Real=0.01s
[5.041s][info][gc,start       ] GC(85) Pause Young (Allocation Failure)
[5.053s][info][gc,heap        ] GC(85) PSYoungGen: 13440K(13824K)->6752K(123392K) Eden: 6656K(6656K)->0K(7680K) From: 6784K(7168K)->6752K(115712K)
[5.053s][info][gc,heap        ] GC(85) ParOldGen: 805230K(882176K)->811982K(882176K)
[5.053s][info][gc,metaspace   ] GC(85) Metaspace: 6302K(6464K)->6302K(6464K) NonClass: 5769K(5824K)->5769K(5824K) Class: 533K(640K)->533K(640K)
[5.053s][info][gc             ] GC(85) Pause Young (Allocation Failure) 799M->799M(982M) 11.505ms
[5.053s][info][gc,cpu         ] GC(85) User=0.02s Sys=0.00s Real=0.01s
[5.060s][info][gc,start       ] GC(86) Pause Young (Allocation Failure)
[5.072s][info][gc,heap        ] GC(86) PSYoungGen: 14432K(123392K)->7776K(15872K) Eden: 7680K(7680K)->0K(7680K) From: 6752K(115712K)->7776K(8192K)
[5.072s][info][gc,heap        ] GC(86) ParOldGen: 811982K(882176K)->818742K(882176K)
[5.072s][info][gc,metaspace   ] GC(86) Metaspace: 6302K(6464K)->6302K(6464K) NonClass: 5769K(5824K)->5769K(5824K) Class: 533K(640K)->533K(640K)
[5.072s][info][gc             ] GC(86) Pause Young (Allocation Failure) 807M->807M(877M) 12.091ms
[5.072s][info][gc,cpu         ] GC(86) User=0.00s Sys=0.02s Real=0.01s
[5.080s][info][gc,start       ] GC(87) Pause Young (Allocation Failure)
[5.093s][info][gc,heap        ] GC(87) PSYoungGen: 15456K(15872K)->7840K(112640K) Eden: 7680K(7680K)->0K(8704K) From: 7776K(8192K)->7840K(103936K)
[5.093s][info][gc,heap        ] GC(87) ParOldGen: 818742K(882176K)->826526K(882176K)
[5.093s][info][gc,metaspace   ] GC(87) Metaspace: 6302K(6464K)->6302K(6464K) NonClass: 5769K(5824K)->5769K(5824K) Class: 533K(640K)->533K(640K)
[5.093s][info][gc             ] GC(87) Pause Young (Allocation Failure) 814M->814M(971M) 12.930ms
[5.093s][info][gc,cpu         ] GC(87) User=0.02s Sys=0.00s Real=0.01s
[5.103s][info][gc,start       ] GC(88) Pause Young (Allocation Failure)
[5.116s][info][gc,heap        ] GC(88) PSYoungGen: 16544K(112640K)->8800K(17920K) Eden: 8704K(8704K)->0K(8704K) From: 7840K(103936K)->8800K(9216K)
[5.116s][info][gc,heap        ] GC(88) ParOldGen: 826526K(882176K)->834310K(882176K)
[5.116s][info][gc,metaspace   ] GC(88) Metaspace: 6302K(6464K)->6302K(6464K) NonClass: 5769K(5824K)->5769K(5824K) Class: 533K(640K)->533K(640K)
[5.116s][info][gc             ] GC(88) Pause Young (Allocation Failure) 823M->823M(879M) 12.799ms
[5.116s][info][gc,cpu         ] GC(88) User=0.02s Sys=0.00s Real=0.01s
[5.125s][info][gc,start       ] GC(89) Pause Young (Allocation Failure)
[5.139s][info][gc,heap        ] GC(89) PSYoungGen: 17504K(17920K)->8832K(103424K) Eden: 8704K(8704K)->0K(10240K) From: 8800K(9216K)->8832K(93184K)
[5.139s][info][gc,heap        ] GC(89) ParOldGen: 834310K(882176K)->843142K(882176K)
[5.139s][info][gc,metaspace   ] GC(89) Metaspace: 6302K(6464K)->6302K(6464K) NonClass: 5769K(5824K)->5769K(5824K) Class: 533K(640K)->533K(640K)
[5.139s][info][gc             ] GC(89) Pause Young (Allocation Failure) 831M->832M(962M) 13.653ms
[5.139s][info][gc,cpu         ] GC(89) User=0.02s Sys=0.00s Real=0.01s
[5.150s][info][gc,start       ] GC(90) Pause Young (Allocation Failure)
[5.165s][info][gc,heap        ] GC(90) PSYoungGen: 19072K(103424K)->10368K(20992K) Eden: 10240K(10240K)->0K(10240K) From: 8832K(93184K)->10368K(10752K)
[5.165s][info][gc,heap        ] GC(90) ParOldGen: 843142K(882176K)->851958K(882176K)
[5.165s][info][gc,metaspace   ] GC(90) Metaspace: 6302K(6464K)->6302K(6464K) NonClass: 5769K(5824K)->5769K(5824K) Class: 533K(640K)->533K(640K)
[5.165s][info][gc             ] GC(90) Pause Young (Allocation Failure) 842M->842M(882M) 15.371ms
[5.165s][info][gc,cpu         ] GC(90) User=0.02s Sys=0.00s Real=0.02s
[5.175s][info][gc,start       ] GC(91) Pause Young (Allocation Failure)
[5.190s][info][gc,heap        ] GC(91) PSYoungGen: 20608K(20992K)->10304K(94208K) Eden: 10240K(10240K)->0K(11776K) From: 10368K(10752K)->10304K(82432K)
[5.190s][info][gc,heap        ] GC(91) ParOldGen: 851958K(882176K)->862342K(882176K)
[5.190s][info][gc,metaspace   ] GC(91) Metaspace: 6302K(6464K)->6302K(6464K) NonClass: 5769K(5824K)->5769K(5824K) Class: 533K(640K)->533K(640K)
[5.190s][info][gc             ] GC(91) Pause Young (Allocation Failure) 852M->852M(953M) 15.136ms
[5.190s][info][gc,cpu         ] GC(91) User=0.02s Sys=0.00s Real=0.02s
[5.190s][info][gc,start       ] GC(92) Pause Full (Ergonomics)
[5.190s][info][gc,phases,start] GC(92) Marking Phase
[5.380s][info][gc,phases      ] GC(92) Marking Phase 189.994ms
[5.380s][info][gc,phases,start] GC(92) Summary Phase
[5.380s][info][gc,phases      ] GC(92) Summary Phase 0.028ms
[5.380s][info][gc,phases,start] GC(92) Adjust Roots
[5.381s][info][gc,phases      ] GC(92) Adjust Roots 0.149ms
[5.381s][info][gc,phases,start] GC(92) Compaction Phase
[5.465s][info][gc,phases      ] GC(92) Compaction Phase 84.042ms
[5.465s][info][gc,phases,start] GC(92) Post Compact
[5.466s][info][gc,phases      ] GC(92) Post Compact 1.522ms
[5.467s][info][gc,heap        ] GC(92) PSYoungGen: 10304K(94208K)->0K(99840K) Eden: 0K(11776K)->0K(11776K) From: 10304K(82432K)->0K(88064K)
[5.467s][info][gc,heap        ] GC(92) ParOldGen: 862342K(882176K)->871236K(950272K)
[5.467s][info][gc,metaspace   ] GC(92) Metaspace: 6302K(6464K)->6302K(6464K) NonClass: 5769K(5824K)->5769K(5824K) Class: 533K(640K)->533K(640K)
[5.467s][info][gc             ] GC(92) Pause Full (Ergonomics) 852M->850M(1025M) 276.279ms
[5.467s][info][gc,cpu         ] GC(92) User=1.98s Sys=0.02s Real=0.28s
[5.482s][info][gc,start       ] GC(93) Pause Young (Allocation Failure)
[5.495s][info][gc,heap        ] GC(93) PSYoungGen: 11776K(99840K)->11840K(91136K) Eden: 11776K(11776K)->0K(13312K) From: 0K(88064K)->11840K(77824K)
[5.495s][info][gc,heap        ] GC(93) ParOldGen: 871236K(950272K)->871236K(950272K)
[5.495s][info][gc,metaspace   ] GC(93) Metaspace: 6302K(6464K)->6302K(6464K) NonClass: 5769K(5824K)->5769K(5824K) Class: 533K(640K)->533K(640K)
[5.495s][info][gc             ] GC(93) Pause Young (Allocation Failure) 862M->862M(1017M) 13.031ms
[5.495s][info][gc,cpu         ] GC(93) User=0.02s Sys=0.00s Real=0.01s
[5.509s][info][gc,start       ] GC(94) Pause Young (Allocation Failure)
[5.526s][info][gc,heap        ] GC(94) PSYoungGen: 25152K(91136K)->25248K(38912K) Eden: 13312K(13312K)->0K(13312K) From: 11840K(77824K)->25248K(25600K)
[5.526s][info][gc,heap        ] GC(94) ParOldGen: 871236K(950272K)->871236K(950272K)
[5.526s][info][gc,metaspace   ] GC(94) Metaspace: 6302K(6464K)->6302K(6464K) NonClass: 5769K(5824K)->5769K(5824K) Class: 533K(640K)->533K(640K)
[5.526s][info][gc             ] GC(94) Pause Young (Allocation Failure) 875M->875M(966M) 16.763ms
[5.526s][info][gc,cpu         ] GC(94) User=0.02s Sys=0.00s Real=0.02s
[5.540s][info][gc,start       ] GC(95) Pause Young (Allocation Failure)
[5.561s][info][gc,heap        ] GC(95) PSYoungGen: 38560K(38912K)->38528K(92672K) Eden: 13312K(13312K)->0K(13824K) From: 25248K(25600K)->38528K(78848K)
[5.561s][info][gc,heap        ] GC(95) ParOldGen: 871236K(950272K)->871236K(950272K)
[5.561s][info][gc,metaspace   ] GC(95) Metaspace: 6302K(6464K)->6302K(6464K) NonClass: 5769K(5824K)->5769K(5824K) Class: 533K(640K)->533K(640K)
[5.561s][info][gc             ] GC(95) Pause Young (Allocation Failure) 888M->888M(1018M) 20.314ms
[5.561s][info][gc,cpu         ] GC(95) User=0.12s Sys=0.00s Real=0.02s
[5.576s][info][gc,start       ] GC(96) Pause Young (Allocation Failure)
[5.602s][info][gc,heap        ] GC(96) PSYoungGen: 52352K(92672K)->52320K(93696K) Eden: 13824K(13824K)->0K(13824K) From: 38528K(78848K)->52320K(79872K)
[5.602s][info][gc,heap        ] GC(96) ParOldGen: 871236K(950272K)->871236K(950272K)
[5.602s][info][gc,metaspace   ] GC(96) Metaspace: 6302K(6464K)->6302K(6464K) NonClass: 5769K(5824K)->5769K(5824K) Class: 533K(640K)->533K(640K)
[5.602s][info][gc             ] GC(96) Pause Young (Allocation Failure) 901M->901M(1019M) 26.547ms
[5.602s][info][gc,cpu         ] GC(96) User=0.14s Sys=0.00s Real=0.03s
[5.617s][info][gc,start       ] GC(97) Pause Young (Allocation Failure)
[5.650s][info][gc,heap        ] GC(97) PSYoungGen: 66144K(93696K)->54336K(95744K) Eden: 13824K(13824K)->0K(10752K) From: 52320K(79872K)->54336K(84992K)
[5.650s][info][gc,heap        ] GC(97) ParOldGen: 871236K(950272K)->883180K(950272K)
[5.650s][info][gc,metaspace   ] GC(97) Metaspace: 6302K(6464K)->6302K(6464K) NonClass: 5769K(5824K)->5769K(5824K) Class: 533K(640K)->533K(640K)
[5.650s][info][gc             ] GC(97) Pause Young (Allocation Failure) 915M->915M(1021M) 33.361ms
[5.650s][info][gc,cpu         ] GC(97) User=0.14s Sys=0.00s Real=0.03s
[5.662s][info][gc,start       ] GC(98) Pause Young (Allocation Failure)
[5.694s][info][gc,heap        ] GC(98) PSYoungGen: 65088K(95744K)->51808K(100864K) Eden: 10752K(10752K)->0K(10752K) From: 54336K(84992K)->51808K(90112K)
[5.694s][info][gc,heap        ] GC(98) ParOldGen: 883180K(950272K)->896668K(950272K)
[5.694s][info][gc,metaspace   ] GC(98) Metaspace: 6302K(6464K)->6302K(6464K) NonClass: 5769K(5824K)->5769K(5824K) Class: 533K(640K)->533K(640K)
[5.694s][info][gc             ] GC(98) Pause Young (Allocation Failure) 926M->926M(1026M) 31.956ms
[5.694s][info][gc,cpu         ] GC(98) User=0.12s Sys=0.00s Real=0.03s
[5.706s][info][gc,start       ] GC(99) Pause Young (Allocation Failure)
[5.737s][info][gc,heap        ] GC(99) PSYoungGen: 62560K(100864K)->35424K(97280K) Eden: 10752K(10752K)->0K(12800K) From: 51808K(90112K)->35424K(84480K)
[5.737s][info][gc,heap        ] GC(99) ParOldGen: 896668K(950272K)->924156K(950272K)
[5.737s][info][gc,metaspace   ] GC(99) Metaspace: 6302K(6464K)->6302K(6464K) NonClass: 5769K(5824K)->5769K(5824K) Class: 533K(640K)->533K(640K)
[5.737s][info][gc             ] GC(99) Pause Young (Allocation Failure) 936M->937M(1023M) 30.919ms
[5.737s][info][gc,cpu         ] GC(99) User=0.14s Sys=0.00s Real=0.03s
[5.737s][info][gc,start       ] GC(100) Pause Full (Ergonomics)
[5.737s][info][gc,phases,start] GC(100) Marking Phase
[5.960s][info][gc,phases      ] GC(100) Marking Phase 223.476ms
[5.960s][info][gc,phases,start] GC(100) Summary Phase
[5.960s][info][gc,phases      ] GC(100) Summary Phase 0.032ms
[5.960s][info][gc,phases,start] GC(100) Adjust Roots
[5.960s][info][gc,phases      ] GC(100) Adjust Roots 0.185ms
[5.960s][info][gc,phases,start] GC(100) Compaction Phase
[6.044s][info][gc,phases      ] GC(100) Compaction Phase 83.053ms
[6.044s][info][gc,phases,start] GC(100) Post Compact
[6.045s][info][gc,phases      ] GC(100) Post Compact 1.781ms
[6.046s][info][gc,heap        ] GC(100) PSYoungGen: 35424K(97280K)->8665K(99328K) Eden: 0K(12800K)->0K(14848K) From: 35424K(84480K)->8665K(84480K)
[6.046s][info][gc,heap        ] GC(100) ParOldGen: 924156K(950272K)->949898K(1039872K)
[6.046s][info][gc,metaspace   ] GC(100) Metaspace: 6302K(6464K)->6302K(6464K) NonClass: 5769K(5824K)->5769K(5824K) Class: 533K(640K)->533K(640K)
[6.046s][info][gc             ] GC(100) Pause Full (Ergonomics) 937M->936M(1112M) 309.143ms
[6.046s][info][gc,cpu         ] GC(100) User=2.22s Sys=0.05s Real=0.31s
[6.063s][info][gc,start       ] GC(101) Pause Young (Allocation Failure)
[6.114s][info][gc,heap        ] GC(101) PSYoungGen: 23513K(99328K)->17728K(32768K) Eden: 14848K(14848K)->0K(14848K) From: 8665K(84480K)->17728K(17920K)
[6.114s][info][gc,heap        ] GC(101) ParOldGen: 949898K(1039872K)->955898K(1039872K)
[6.114s][info][gc,metaspace   ] GC(101) Metaspace: 6302K(6464K)->6302K(6464K) NonClass: 5769K(5824K)->5769K(5824K) Class: 533K(640K)->533K(640K)
[6.114s][info][gc             ] GC(101) Pause Young (Allocation Failure) 950M->950M(1047M) 50.967ms
[6.114s][info][gc,cpu         ] GC(101) User=0.30s Sys=0.00s Real=0.05s
[6.132s][info][gc,start       ] GC(102) Pause Young (Allocation Failure)
[6.151s][info][gc,heap        ] GC(102) PSYoungGen: 32576K(32768K)->29824K(90624K) Eden: 14848K(14848K)->0K(16896K) From: 17728K(17920K)->29824K(73728K)
[6.151s][info][gc,heap        ] GC(102) ParOldGen: 955898K(1039872K)->958714K(1039872K)
[6.151s][info][gc,metaspace   ] GC(102) Metaspace: 6302K(6464K)->6302K(6464K) NonClass: 5769K(5824K)->5769K(5824K) Class: 533K(640K)->533K(640K)
[6.151s][info][gc             ] GC(102) Pause Young (Allocation Failure) 965M->965M(1104M) 19.047ms
[6.151s][info][gc,cpu         ] GC(102) User=0.05s Sys=0.00s Real=0.02s
[6.170s][info][gc,start       ] GC(103) Pause Young (Allocation Failure)
[6.195s][info][gc,heap        ] GC(103) PSYoungGen: 46720K(90624K)->31872K(49152K) Eden: 16896K(16896K)->0K(16896K) From: 29824K(73728K)->31872K(32256K)
[6.195s][info][gc,heap        ] GC(103) ParOldGen: 958714K(1039872K)->973770K(1039872K)
[6.195s][info][gc,metaspace   ] GC(103) Metaspace: 6302K(6464K)->6302K(6464K) NonClass: 5769K(5824K)->5769K(5824K) Class: 533K(640K)->533K(640K)
[6.195s][info][gc             ] GC(103) Pause Young (Allocation Failure) 981M->982M(1063M) 25.168ms
[6.195s][info][gc,cpu         ] GC(103) User=0.09s Sys=0.05s Real=0.02s
[6.215s][info][gc,start       ] GC(104) Pause Young (Allocation Failure)
[6.241s][info][gc,heap        ] GC(104) PSYoungGen: 48768K(49152K)->33952K(88064K) Eden: 16896K(16896K)->0K(18944K) From: 31872K(32256K)->33952K(69120K)
[6.241s][info][gc,heap        ] GC(104) ParOldGen: 973770K(1039872K)->988810K(1039872K)
[6.241s][info][gc,metaspace   ] GC(104) Metaspace: 6302K(6464K)->6302K(6464K) NonClass: 5769K(5824K)->5769K(5824K) Class: 533K(640K)->533K(640K)
[6.241s][info][gc             ] GC(104) Pause Young (Allocation Failure) 998M->998M(1101M) 26.517ms
[6.241s][info][gc,cpu         ] GC(104) User=0.12s Sys=0.00s Real=0.03s
[6.262s][info][gc,start       ] GC(105) Pause Young (Allocation Failure)
[6.291s][info][gc,heap        ] GC(105) PSYoungGen: 52896K(88064K)->35968K(91136K) Eden: 18944K(18944K)->0K(18944K) From: 33952K(69120K)->35968K(72192K)
[6.291s][info][gc,heap        ] GC(105) ParOldGen: 988810K(1039872K)->1005938K(1039872K)
[6.291s][info][gc,metaspace   ] GC(105) Metaspace: 6302K(6464K)->6302K(6464K) NonClass: 5769K(5824K)->5769K(5824K) Class: 533K(640K)->533K(640K)
[6.291s][info][gc             ] GC(105) Pause Young (Allocation Failure) 1017M->1017M(1104M) 28.687ms
[6.291s][info][gc,cpu         ] GC(105) User=0.14s Sys=0.00s Real=0.03s
[6.311s][info][gc,start       ] GC(106) Pause Young (Allocation Failure)
[6.341s][info][gc,heap        ] GC(106) PSYoungGen: 54912K(91136K)->38016K(89600K) Eden: 18944K(18944K)->0K(21504K) From: 35968K(72192K)->38016K(68096K)
[6.341s][info][gc,heap        ] GC(106) ParOldGen: 1005938K(1039872K)->1023066K(1039872K)
[6.341s][info][gc,metaspace   ] GC(106) Metaspace: 6302K(6464K)->6302K(6464K) NonClass: 5769K(5824K)->5769K(5824K) Class: 533K(640K)->533K(640K)
[6.341s][info][gc             ] GC(106) Pause Young (Allocation Failure) 1035M->1036M(1103M) 29.546ms
[6.341s][info][gc,cpu         ] GC(106) User=0.14s Sys=0.00s Real=0.03s
[6.341s][info][gc,start       ] GC(107) Pause Full (Ergonomics)
[6.341s][info][gc,phases,start] GC(107) Marking Phase
[6.574s][info][gc,phases      ] GC(107) Marking Phase 233.267ms
[6.574s][info][gc,phases,start] GC(107) Summary Phase
[6.574s][info][gc,phases      ] GC(107) Summary Phase 0.024ms
[6.574s][info][gc,phases,start] GC(107) Adjust Roots
[6.575s][info][gc,phases      ] GC(107) Adjust Roots 0.152ms
[6.575s][info][gc,phases,start] GC(107) Compaction Phase
[6.664s][info][gc,phases      ] GC(107) Compaction Phase 89.892ms
[6.664s][info][gc,phases,start] GC(107) Post Compact
[6.666s][info][gc,phases      ] GC(107) Post Compact 1.857ms
[6.667s][info][gc,heap        ] GC(107) PSYoungGen: 38016K(89600K)->19940K(90624K) Eden: 0K(21504K)->0K(22528K) From: 38016K(68096K)->19940K(68096K)
[6.667s][info][gc,heap        ] GC(107) ParOldGen: 1023066K(1039872K)->1039809K(1138176K)
[6.667s][info][gc,metaspace   ] GC(107) Metaspace: 6302K(6464K)->6302K(6464K) NonClass: 5769K(5824K)->5769K(5824K) Class: 533K(640K)->533K(640K)
[6.667s][info][gc             ] GC(107) Pause Full (Ergonomics) 1036M->1034M(1200M) 326.087ms
[6.667s][info][gc,cpu         ] GC(107) User=2.31s Sys=0.00s Real=0.33s
[6.693s][info][gc,start       ] GC(108) Pause Young (Allocation Failure)
[6.759s][info][gc,heap        ] GC(108) PSYoungGen: 42468K(90624K)->32704K(55296K) Eden: 22528K(22528K)->0K(22528K) From: 19940K(68096K)->32704K(32768K)
[6.759s][info][gc,heap        ] GC(108) ParOldGen: 1039809K(1138176K)->1049873K(1138176K)
[6.759s][info][gc,metaspace   ] GC(108) Metaspace: 6302K(6464K)->6302K(6464K) NonClass: 5769K(5824K)->5769K(5824K) Class: 533K(640K)->533K(640K)
[6.759s][info][gc             ] GC(108) Pause Young (Allocation Failure) 1056M->1057M(1165M) 66.267ms
[6.759s][info][gc,cpu         ] GC(108) User=0.39s Sys=0.00s Real=0.07s
[6.785s][info][gc,start       ] GC(109) Pause Young (Allocation Failure)
[6.814s][info][gc,heap        ] GC(109) PSYoungGen: 55232K(55296K)->55296K(84992K) Eden: 22528K(22528K)->0K(19456K) From: 32704K(32768K)->55296K(65536K)
[6.814s][info][gc,heap        ] GC(109) ParOldGen: 1049873K(1138176K)->1049873K(1138176K)
[6.814s][info][gc,metaspace   ] GC(109) Metaspace: 6302K(6464K)->6302K(6464K) NonClass: 5769K(5824K)->5769K(5824K) Class: 533K(640K)->533K(640K)
[6.814s][info][gc             ] GC(109) Pause Young (Allocation Failure) 1079M->1079M(1194M) 29.777ms
[6.814s][info][gc,cpu         ] GC(109) User=0.14s Sys=0.00s Real=0.03s
[6.836s][info][gc,start       ] GC(110) Pause Young (Allocation Failure)
[6.873s][info][gc,heap        ] GC(110) PSYoungGen: 74752K(84992K)->71168K(90624K) Eden: 19456K(19456K)->0K(19456K) From: 55296K(65536K)->71168K(71168K)
[6.873s][info][gc,heap        ] GC(110) ParOldGen: 1049873K(1138176K)->1053401K(1138176K)
[6.873s][info][gc,metaspace   ] GC(110) Metaspace: 6302K(6464K)->6302K(6464K) NonClass: 5769K(5824K)->5769K(5824K) Class: 533K(640K)->533K(640K)
[6.873s][info][gc             ] GC(110) Pause Young (Allocation Failure) 1098M->1098M(1200M) 36.970ms
[6.873s][info][gc,cpu         ] GC(110) User=0.25s Sys=0.00s Real=0.04s
[6.894s][info][gc,start       ] GC(111) Pause Young (Allocation Failure)
[6.941s][info][gc,heap        ] GC(111) PSYoungGen: 90624K(90624K)->59488K(100864K) Eden: 19456K(19456K)->0K(18432K) From: 71168K(71168K)->59488K(82432K)
[6.941s][info][gc,heap        ] GC(111) ParOldGen: 1053401K(1138176K)->1085073K(1138176K)
[6.941s][info][gc,metaspace   ] GC(111) Metaspace: 6302K(6464K)->6302K(6464K) NonClass: 5769K(5824K)->5769K(5824K) Class: 533K(640K)->533K(640K)
[6.941s][info][gc             ] GC(111) Pause Young (Allocation Failure) 1117M->1117M(1210M) 47.193ms
[6.941s][info][gc,cpu         ] GC(111) User=0.27s Sys=0.00s Real=0.05s
[6.964s][info][gc,start       ] GC(112) Pause Young (Allocation Failure)
[7.003s][info][gc,heap        ] GC(112) PSYoungGen: 77920K(100864K)->57056K(104448K) Eden: 18432K(18432K)->0K(18432K) From: 59488K(82432K)->57056K(86016K)
[7.003s][info][gc,heap        ] GC(112) ParOldGen: 1085073K(1138176K)->1106249K(1138176K)
[7.003s][info][gc,metaspace   ] GC(112) Metaspace: 6302K(6464K)->6302K(6464K) NonClass: 5769K(5824K)->5769K(5824K) Class: 533K(640K)->533K(640K)
[7.003s][info][gc             ] GC(112) Pause Young (Allocation Failure) 1135M->1136M(1213M) 39.446ms
[7.003s][info][gc,cpu         ] GC(112) User=0.25s Sys=0.00s Real=0.04s
[7.003s][info][gc,start       ] GC(113) Pause Full (Ergonomics)
[7.003s][info][gc,phases,start] GC(113) Marking Phase
[7.276s][info][gc,phases      ] GC(113) Marking Phase 272.461ms
[7.276s][info][gc,phases,start] GC(113) Summary Phase
[7.276s][info][gc,phases      ] GC(113) Summary Phase 0.026ms
[7.276s][info][gc,phases,start] GC(113) Adjust Roots
[7.276s][info][gc,phases      ] GC(113) Adjust Roots 0.150ms
[7.276s][info][gc,phases,start] GC(113) Compaction Phase
[7.374s][info][gc,phases      ] GC(113) Compaction Phase 98.334ms
[7.374s][info][gc,phases,start] GC(113) Post Compact
[7.376s][info][gc,phases      ] GC(113) Post Compact 1.951ms
[7.377s][info][gc,heap        ] GC(113) PSYoungGen: 57056K(104448K)->24069K(104448K) Eden: 0K(18432K)->0K(18432K) From: 57056K(86016K)->24069K(86016K)
[7.377s][info][gc,heap        ] GC(113) ParOldGen: 1106249K(1138176K)->1137927K(1248768K)
[7.377s][info][gc,metaspace   ] GC(113) Metaspace: 6302K(6464K)->6302K(6464K) NonClass: 5769K(5824K)->5769K(5824K) Class: 533K(640K)->533K(640K)
[7.377s][info][gc             ] GC(113) Pause Full (Ergonomics) 1136M->1134M(1321M) 373.619ms
[7.377s][info][gc,cpu         ] GC(113) User=2.72s Sys=0.05s Real=0.37s
[7.399s][info][gc,start       ] GC(114) Pause Young (Allocation Failure)
[7.468s][info][gc,heap        ] GC(114) PSYoungGen: 42501K(104448K)->33728K(101376K) Eden: 18432K(18432K)->0K(20480K) From: 24069K(86016K)->33728K(80896K)
[7.468s][info][gc,heap        ] GC(114) ParOldGen: 1137927K(1248768K)->1146999K(1248768K)
[7.468s][info][gc,metaspace   ] GC(114) Metaspace: 6302K(6464K)->6302K(6464K) NonClass: 5769K(5824K)->5769K(5824K) Class: 533K(640K)->533K(640K)
[7.468s][info][gc             ] GC(114) Pause Young (Allocation Failure) 1152M->1153M(1318M) 68.999ms
[7.468s][info][gc,cpu         ] GC(114) User=0.39s Sys=0.00s Real=0.07s
[7.493s][info][gc,start       ] GC(115) Pause Young (Allocation Failure)
[7.522s][info][gc,heap        ] GC(115) PSYoungGen: 54208K(101376K)->54208K(104960K) Eden: 20480K(20480K)->0K(20480K) From: 33728K(80896K)->54208K(84480K)
[7.522s][info][gc,heap        ] GC(115) ParOldGen: 1146999K(1248768K)->1146999K(1248768K)
[7.522s][info][gc,metaspace   ] GC(115) Metaspace: 6302K(6464K)->6302K(6464K) NonClass: 5769K(5824K)->5769K(5824K) Class: 533K(640K)->533K(640K)
[7.522s][info][gc             ] GC(115) Pause Young (Allocation Failure) 1173M->1173M(1322M) 29.478ms
[7.522s][info][gc,cpu         ] GC(115) User=0.12s Sys=0.00s Real=0.03s
[7.546s][info][gc,start       ] GC(116) Pause Young (Allocation Failure)
[7.585s][info][gc,heap        ] GC(116) PSYoungGen: 74688K(104960K)->65568K(102912K) Eden: 20480K(20480K)->0K(17920K) From: 54208K(84480K)->65568K(84992K)
[7.585s][info][gc,heap        ] GC(116) ParOldGen: 1146999K(1248768K)->1156279K(1248768K)
[7.585s][info][gc,metaspace   ] GC(116) Metaspace: 6302K(6464K)->6302K(6464K) NonClass: 5769K(5824K)->5769K(5824K) Class: 533K(640K)->533K(640K)
[7.585s][info][gc             ] GC(116) Pause Young (Allocation Failure) 1193M->1193M(1320M) 38.633ms
[7.585s][info][gc,cpu         ] GC(116) User=0.22s Sys=0.03s Real=0.04s
[7.606s][info][gc,start       ] GC(117) Pause Young (Allocation Failure)
[7.648s][info][gc,heap        ] GC(117) PSYoungGen: 83488K(102912K)->77440K(107520K) Eden: 17920K(17920K)->0K(17920K) From: 65568K(84992K)->77440K(89600K)
[7.648s][info][gc,heap        ] GC(117) ParOldGen: 1156279K(1248768K)->1162375K(1248768K)
[7.648s][info][gc,metaspace   ] GC(117) Metaspace: 6302K(6464K)->6302K(6464K) NonClass: 5769K(5824K)->5769K(5824K) Class: 533K(640K)->533K(640K)
[7.648s][info][gc             ] GC(117) Pause Young (Allocation Failure) 1210M->1210M(1324M) 41.970ms
[7.648s][info][gc,cpu         ] GC(117) User=0.25s Sys=0.00s Real=0.04s
[7.669s][info][gc,start       ] GC(118) Pause Young (Allocation Failure)
[7.720s][info][gc,heap        ] GC(118) PSYoungGen: 95360K(107520K)->76960K(111616K) Eden: 17920K(17920K)->0K(14336K) From: 77440K(89600K)->76960K(97280K)
[7.720s][info][gc,heap        ] GC(118) ParOldGen: 1162375K(1248768K)->1181055K(1248768K)
[7.720s][info][gc,metaspace   ] GC(118) Metaspace: 6302K(6464K)->6302K(6464K) NonClass: 5769K(5824K)->5769K(5824K) Class: 533K(640K)->533K(640K)
[7.720s][info][gc             ] GC(118) Pause Young (Allocation Failure) 1228M->1228M(1328M) 51.122ms
[7.720s][info][gc,cpu         ] GC(118) User=0.27s Sys=0.02s Real=0.05s
[7.737s][info][gc,start       ] GC(119) Pause Young (Allocation Failure)
[7.787s][info][gc,heap        ] GC(119) PSYoungGen: 91296K(111616K)->50304K(65024K) Eden: 14336K(14336K)->0K(14336K) From: 76960K(97280K)->50304K(50688K)
[7.788s][info][gc,heap        ] GC(119) ParOldGen: 1181055K(1248768K)->1222543K(1248768K)
[7.788s][info][gc,metaspace   ] GC(119) Metaspace: 6302K(6464K)->6302K(6464K) NonClass: 5769K(5824K)->5769K(5824K) Class: 533K(640K)->533K(640K)
[7.788s][info][gc             ] GC(119) Pause Young (Allocation Failure) 1242M->1243M(1283M) 50.181ms
[7.788s][info][gc,cpu         ] GC(119) User=0.28s Sys=0.02s Real=0.05s
[7.788s][info][gc,start       ] GC(120) Pause Full (Ergonomics)
[7.788s][info][gc,phases,start] GC(120) Marking Phase
[8.072s][info][gc,phases      ] GC(120) Marking Phase 283.857ms
[8.072s][info][gc,phases,start] GC(120) Summary Phase
[8.072s][info][gc,phases      ] GC(120) Summary Phase 0.026ms
[8.072s][info][gc,phases,start] GC(120) Adjust Roots
[8.072s][info][gc,phases      ] GC(120) Adjust Roots 0.181ms
[8.072s][info][gc,phases,start] GC(120) Compaction Phase
[8.179s][info][gc,phases      ] GC(120) Compaction Phase 107.517ms
[8.179s][info][gc,phases,start] GC(120) Post Compact
[8.182s][info][gc,phases      ] GC(120) Post Compact 2.122ms
[8.182s][info][gc,heap        ] GC(120) PSYoungGen: 50304K(65024K)->23004K(65024K) Eden: 0K(14336K)->0K(14336K) From: 50304K(50688K)->23004K(50688K)
[8.182s][info][gc,heap        ] GC(120) ParOldGen: 1222543K(1248768K)->1248368K(1372672K)
[8.182s][info][gc,metaspace   ] GC(120) Metaspace: 6302K(6464K)->6302K(6464K) NonClass: 5769K(5824K)->5769K(5824K) Class: 533K(640K)->533K(640K)
[8.182s][info][gc             ] GC(120) Pause Full (Ergonomics) 1243M->1241M(1404M) 394.565ms
[8.182s][info][gc,cpu         ] GC(120) User=2.81s Sys=0.03s Real=0.39s
[8.200s][info][gc,start       ] GC(121) Pause Young (Allocation Failure)
[8.272s][info][gc,heap        ] GC(121) PSYoungGen: 37340K(65024K)->20800K(113664K) Eden: 14336K(14336K)->0K(15872K) From: 23004K(50688K)->20800K(97792K)
[8.272s][info][gc,heap        ] GC(121) ParOldGen: 1248368K(1372672K)->1265288K(1372672K)
[8.272s][info][gc,metaspace   ] GC(121) Metaspace: 6302K(6464K)->6302K(6464K) NonClass: 5769K(5824K)->5769K(5824K) Class: 533K(640K)->533K(640K)
[8.272s][info][gc             ] GC(121) Pause Young (Allocation Failure) 1255M->1255M(1451M) 71.833ms
[8.272s][info][gc,cpu         ] GC(121) User=0.41s Sys=0.00s Real=0.07s
[8.293s][info][gc,start       ] GC(122) Pause Young (Allocation Failure)
[8.315s][info][gc,heap        ] GC(122) PSYoungGen: 36672K(113664K)->30112K(114176K) Eden: 15872K(15872K)->0K(15872K) From: 20800K(97792K)->30112K(98304K)
[8.315s][info][gc,heap        ] GC(122) ParOldGen: 1265288K(1372672K)->1271720K(1372672K)
[8.315s][info][gc,metaspace   ] GC(122) Metaspace: 6302K(6464K)->6302K(6464K) NonClass: 5769K(5824K)->5769K(5824K) Class: 533K(640K)->533K(640K)
[8.315s][info][gc             ] GC(122) Pause Young (Allocation Failure) 1271M->1271M(1452M) 22.700ms
[8.315s][info][gc,cpu         ] GC(122) User=0.12s Sys=0.00s Real=0.02s
[8.329s][info][gc,start       ] GC(123) Pause Young (Allocation Failure)
[8.353s][info][gc,heap        ] GC(123) PSYoungGen: 45984K(114176K)->24032K(112128K) Eden: 15872K(15872K)->0K(17920K) From: 30112K(98304K)->24032K(94208K)
[8.354s][info][gc,heap        ] GC(123) ParOldGen: 1271720K(1372672K)->1286264K(1372672K)
[8.354s][info][gc,metaspace   ] GC(123) Metaspace: 6302K(6464K)->6302K(6464K) NonClass: 5769K(5824K)->5769K(5824K) Class: 533K(640K)->533K(640K)
[8.354s][info][gc             ] GC(123) Pause Young (Allocation Failure) 1286M->1279M(1450M) 24.418ms
[8.354s][info][gc,cpu         ] GC(123) User=0.14s Sys=0.00s Real=0.02s
[8.368s][info][gc,start       ] GC(124) Pause Young (Allocation Failure)
[8.389s][info][gc,heap        ] GC(124) PSYoungGen: 41952K(112128K)->17664K(113152K) Eden: 17920K(17920K)->0K(17920K) From: 24032K(94208K)->17664K(95232K)
[8.390s][info][gc,heap        ] GC(124) ParOldGen: 1286264K(1372672K)->1302184K(1372672K)
[8.390s][info][gc,metaspace   ] GC(124) Metaspace: 6302K(6464K)->6302K(6464K) NonClass: 5769K(5824K)->5769K(5824K) Class: 533K(640K)->533K(640K)
[8.390s][info][gc             ] GC(124) Pause Young (Allocation Failure) 1297M->1288M(1451M) 21.897ms
[8.390s][info][gc,cpu         ] GC(124) User=0.08s Sys=0.06s Real=0.02s
[8.410s][info][gc,start       ] GC(125) Pause Young (Allocation Failure)
[8.432s][info][gc,heap        ] GC(125) PSYoungGen: 35584K(113152K)->25472K(109056K) Eden: 17920K(17920K)->0K(19968K) From: 17664K(95232K)->25472K(89088K)
[8.432s][info][gc,heap        ] GC(125) ParOldGen: 1302184K(1372672K)->1310536K(1372672K)
[8.432s][info][gc,metaspace   ] GC(125) Metaspace: 6302K(6464K)->6302K(6464K) NonClass: 5769K(5824K)->5769K(5824K) Class: 533K(640K)->533K(640K)
[8.432s][info][gc             ] GC(125) Pause Young (Allocation Failure) 1306M->1304M(1447M) 21.942ms
[8.432s][info][gc,cpu         ] GC(125) User=0.12s Sys=0.02s Real=0.02s
[8.459s][info][gc,start       ] GC(126) Pause Young (Allocation Failure)
[8.486s][info][gc,heap        ] GC(126) PSYoungGen: 45440K(109056K)->36128K(56320K) Eden: 19968K(19968K)->0K(19968K) From: 25472K(89088K)->36128K(36352K)
[8.486s][info][gc,heap        ] GC(126) ParOldGen: 1310536K(1372672K)->1319984K(1372672K)
[8.486s][info][gc,metaspace   ] GC(126) Metaspace: 6302K(6464K)->6302K(6464K) NonClass: 5769K(5824K)->5769K(5824K) Class: 533K(640K)->533K(640K)
[8.486s][info][gc             ] GC(126) Pause Young (Allocation Failure) 1324M->1324M(1395M) 27.332ms
[8.486s][info][gc,cpu         ] GC(126) User=0.12s Sys=0.00s Real=0.03s
[8.509s][info][gc,start       ] GC(127) Pause Young (Allocation Failure)
[8.541s][info][gc,heap        ] GC(127) PSYoungGen: 56096K(56320K)->40096K(101376K) Eden: 19968K(19968K)->0K(22528K) From: 36128K(36352K)->40096K(78848K)
[8.541s][info][gc,heap        ] GC(127) ParOldGen: 1319984K(1372672K)->1336248K(1372672K)
[8.541s][info][gc,metaspace   ] GC(127) Metaspace: 6302K(6464K)->6302K(6464K) NonClass: 5769K(5824K)->5769K(5824K) Class: 533K(640K)->533K(640K)
[8.541s][info][gc             ] GC(127) Pause Young (Allocation Failure) 1343M->1344M(1439M) 32.137ms
[8.542s][info][gc,cpu         ] GC(127) User=0.12s Sys=0.02s Real=0.03s
[8.571s][info][gc,start       ] GC(128) Pause Young (Allocation Failure)
[8.606s][info][gc,heap        ] GC(128) PSYoungGen: 62624K(101376K)->42656K(65536K) Eden: 22528K(22528K)->0K(22528K) From: 40096K(78848K)->42656K(43008K)
[8.606s][info][gc,heap        ] GC(128) ParOldGen: 1336248K(1372672K)->1356504K(1372672K)
[8.606s][info][gc,metaspace   ] GC(128) Metaspace: 6302K(6464K)->6302K(6464K) NonClass: 5769K(5824K)->5769K(5824K) Class: 533K(640K)->533K(640K)
[8.606s][info][gc             ] GC(128) Pause Young (Allocation Failure) 1366M->1366M(1404M) 35.298ms
[8.606s][info][gc,cpu         ] GC(128) User=0.14s Sys=0.02s Real=0.04s
[8.606s][info][gc,start       ] GC(129) Pause Full (Ergonomics)
[8.606s][info][gc,phases,start] GC(129) Marking Phase
[8.929s][info][gc,phases      ] GC(129) Marking Phase 322.399ms
[8.929s][info][gc,phases,start] GC(129) Summary Phase
[8.929s][info][gc,phases      ] GC(129) Summary Phase 0.034ms
[8.929s][info][gc,phases,start] GC(129) Adjust Roots
[8.929s][info][gc,phases      ] GC(129) Adjust Roots 0.246ms
[8.929s][info][gc,phases,start] GC(129) Compaction Phase
[9.306s][info][gc,phases      ] GC(129) Compaction Phase 376.464ms
[9.306s][info][gc,phases,start] GC(129) Post Compact
[9.308s][info][gc,phases      ] GC(129) Post Compact 2.704ms
[9.309s][info][gc,heap        ] GC(129) PSYoungGen: 42656K(65536K)->24544K(65536K) Eden: 0K(22528K)->0K(22528K) From: 42656K(43008K)->24544K(43008K)
[9.309s][info][gc,heap        ] GC(129) ParOldGen: 1356504K(1372672K)->1372648K(1499136K)
[9.309s][info][gc,metaspace   ] GC(129) Metaspace: 6302K(6464K)->6302K(6464K) NonClass: 5769K(5824K)->5769K(5824K) Class: 533K(640K)->533K(640K)
[9.309s][info][gc             ] GC(129) Pause Full (Ergonomics) 1366M->1364M(1528M) 702.633ms
[9.309s][info][gc,cpu         ] GC(129) User=5.06s Sys=0.00s Real=0.70s
[9.593s][info][gc,start       ] GC(130) Pause Young (Allocation Failure)
[9.673s][info][gc,heap        ] GC(130) PSYoungGen: 47072K(65536K)->34816K(97280K) Eden: 22528K(22528K)->0K(24576K) From: 24544K(43008K)->34816K(72704K)
[9.673s][info][gc,heap        ] GC(130) ParOldGen: 1438184K(1499136K)->1450800K(1499136K)
[9.673s][info][gc,metaspace   ] GC(130) Metaspace: 6302K(6464K)->6302K(6464K) NonClass: 5769K(5824K)->5769K(5824K) Class: 533K(640K)->533K(640K)
[9.673s][info][gc             ] GC(130) Pause Young (Allocation Failure) 1450M->1450M(1559M) 80.132ms
[9.673s][info][gc,cpu         ] GC(130) User=0.42s Sys=0.00s Real=0.08s
[9.697s][info][gc,start       ] GC(131) Pause Young (Allocation Failure)
[9.730s][info][gc,heap        ] GC(131) PSYoungGen: 59392K(97280K)->59456K(100864K) Eden: 24576K(24576K)->0K(24576K) From: 34816K(72704K)->59456K(76288K)
[9.730s][info][gc,heap        ] GC(131) ParOldGen: 1450800K(1499136K)->1450800K(1499136K)
[9.730s][info][gc,metaspace   ] GC(131) Metaspace: 6302K(6464K)->6302K(6464K) NonClass: 5769K(5824K)->5769K(5824K) Class: 533K(640K)->533K(640K)
[9.730s][info][gc             ] GC(131) Pause Young (Allocation Failure) 1474M->1474M(1562M) 33.471ms
[9.731s][info][gc,cpu         ] GC(131) User=0.09s Sys=0.00s Real=0.03s
[9.754s][info][gc,start       ] GC(132) Pause Young (Allocation Failure)
[9.796s][info][gc,heap        ] GC(132) PSYoungGen: 84032K(100864K)->80384K(95744K) Eden: 24576K(24576K)->0K(15360K) From: 59456K(76288K)->80384K(80384K)
[9.796s][info][gc,heap        ] GC(132) ParOldGen: 1450800K(1499136K)->1454368K(1499136K)
[9.796s][info][gc,metaspace   ] GC(132) Metaspace: 6302K(6464K)->6302K(6464K) NonClass: 5769K(5824K)->5769K(5824K) Class: 533K(640K)->533K(640K)
[9.796s][info][gc             ] GC(132) Pause Young (Allocation Failure) 1498M->1498M(1557M) 41.736ms
[9.796s][info][gc,cpu         ] GC(132) User=0.36s Sys=0.00s Real=0.04s
[9.810s][info][gc,start       ] GC(133) Pause Young (Allocation Failure)
[9.856s][info][gc,heap        ] GC(133) PSYoungGen: 95744K(95744K)->62272K(107520K) Eden: 15360K(15360K)->0K(15360K) From: 80384K(80384K)->62272K(92160K)
[9.856s][info][gc,heap        ] GC(133) ParOldGen: 1454368K(1499136K)->1488352K(1499136K)
[9.856s][info][gc,metaspace   ] GC(133) Metaspace: 6302K(6464K)->6302K(6464K) NonClass: 5769K(5824K)->5769K(5824K) Class: 533K(640K)->533K(640K)
[9.856s][info][gc             ] GC(133) Pause Young (Allocation Failure) 1513M->1514M(1569M) 46.566ms
[9.856s][info][gc,cpu         ] GC(133) User=0.27s Sys=0.00s Real=0.05s
[9.856s][info][gc,start       ] GC(134) Pause Full (Ergonomics)
[9.856s][info][gc,phases,start] GC(134) Marking Phase
[10.194s][info][gc,phases      ] GC(134) Marking Phase 337.982ms
[10.194s][info][gc,phases,start] GC(134) Summary Phase
[10.194s][info][gc,phases      ] GC(134) Summary Phase 0.032ms
[10.194s][info][gc,phases,start] GC(134) Adjust Roots
[10.194s][info][gc,phases      ] GC(134) Adjust Roots 0.164ms
[10.195s][info][gc,phases,start] GC(134) Compaction Phase
[10.441s][info][gc,phases      ] GC(134) Compaction Phase 246.117ms
[10.441s][info][gc,phases,start] GC(134) Post Compact
[10.444s][info][gc,phases      ] GC(134) Post Compact 3.024ms
[10.444s][info][gc,heap        ] GC(134) PSYoungGen: 62272K(107520K)->18075K(107520K) Eden: 0K(15360K)->0K(15360K) From: 62272K(92160K)->18075K(92160K)
[10.444s][info][gc,heap        ] GC(134) ParOldGen: 1488352K(1499136K)->1498792K(1638912K)
[10.444s][info][gc,metaspace   ] GC(134) Metaspace: 6302K(6464K)->6302K(6464K) NonClass: 5769K(5824K)->5769K(5824K) Class: 533K(640K)->533K(640K)
[10.444s][info][gc             ] GC(134) Pause Full (Ergonomics) 1514M->1481M(1705M) 588.154ms
[10.444s][info][gc,cpu         ] GC(134) User=4.00s Sys=0.05s Real=0.59s
[10.460s][info][gc,start       ] GC(135) Pause Young (Allocation Failure)
[10.538s][info][gc,heap        ] GC(135) PSYoungGen: 33435K(107520K)->29152K(107008K) Eden: 15360K(15360K)->0K(16896K) From: 18075K(92160K)->29152K(90112K)
[10.538s][info][gc,heap        ] GC(135) ParOldGen: 1498792K(1638912K)->1503328K(1638912K)
[10.538s][info][gc,metaspace   ] GC(135) Metaspace: 6302K(6464K)->6302K(6464K) NonClass: 5769K(5824K)->5769K(5824K) Class: 533K(640K)->533K(640K)
[10.538s][info][gc             ] GC(135) Pause Young (Allocation Failure) 1496M->1496M(1705M) 77.549ms
[10.538s][info][gc,cpu         ] GC(135) User=0.41s Sys=0.00s Real=0.08s
[10.555s][info][gc,start       ] GC(136) Pause Young (Allocation Failure)
[10.585s][info][gc,heap        ] GC(136) PSYoungGen: 46048K(107008K)->46048K(62976K) Eden: 16896K(16896K)->0K(16896K) From: 29152K(90112K)->46048K(46080K)
[10.585s][info][gc,heap        ] GC(136) ParOldGen: 1503328K(1638912K)->1503328K(1638912K)
[10.585s][info][gc,metaspace   ] GC(136) Metaspace: 6302K(6464K)->6302K(6464K) NonClass: 5769K(5824K)->5769K(5824K) Class: 533K(640K)->533K(640K)
[10.585s][info][gc             ] GC(136) Pause Young (Allocation Failure) 1513M->1513M(1662M) 30.240ms
[10.585s][info][gc,cpu         ] GC(136) User=0.03s Sys=0.00s Real=0.03s
[10.602s][info][gc,start       ] GC(137) Pause Young (Allocation Failure)
[10.636s][info][gc,heap        ] GC(137) PSYoungGen: 62944K(62976K)->54560K(105472K) Eden: 16896K(16896K)->0K(18944K) From: 46048K(46080K)->54560K(86528K)
[10.636s][info][gc,heap        ] GC(137) ParOldGen: 1503328K(1638912K)->1511848K(1638912K)
[10.636s][info][gc,metaspace   ] GC(137) Metaspace: 6302K(6464K)->6302K(6464K) NonClass: 5769K(5824K)->5769K(5824K) Class: 533K(640K)->533K(640K)
[10.636s][info][gc             ] GC(137) Pause Young (Allocation Failure) 1529M->1529M(1703M) 34.142ms
[10.636s][info][gc,cpu         ] GC(137) User=0.06s Sys=0.00s Real=0.03s
[10.656s][info][gc,start       ] GC(138) Pause Young (Allocation Failure)
[10.694s][info][gc,heap        ] GC(138) PSYoungGen: 73504K(105472K)->68256K(105984K) Eden: 18944K(18944K)->0K(18944K) From: 54560K(86528K)->68256K(87040K)
[10.694s][info][gc,heap        ] GC(138) ParOldGen: 1511848K(1638912K)->1517152K(1638912K)
[10.694s][info][gc,metaspace   ] GC(138) Metaspace: 6302K(6464K)->6302K(6464K) NonClass: 5769K(5824K)->5769K(5824K) Class: 533K(640K)->533K(640K)
[10.694s][info][gc             ] GC(138) Pause Young (Allocation Failure) 1548M->1548M(1704M) 38.468ms
[10.694s][info][gc,cpu         ] GC(138) User=0.16s Sys=0.00s Real=0.04s
[10.713s][info][gc,start       ] GC(139) Pause Young (Allocation Failure)
[10.756s][info][gc,heap        ] GC(139) PSYoungGen: 87200K(105984K)->71872K(108544K) Eden: 18944K(18944K)->0K(17408K) From: 68256K(87040K)->71872K(91136K)
[10.756s][info][gc,heap        ] GC(139) ParOldGen: 1517152K(1638912K)->1532712K(1638912K)
[10.756s][info][gc,metaspace   ] GC(139) Metaspace: 6302K(6464K)->6302K(6464K) NonClass: 5769K(5824K)->5769K(5824K) Class: 533K(640K)->533K(640K)
[10.756s][info][gc             ] GC(139) Pause Young (Allocation Failure) 1566M->1566M(1706M) 42.860ms
[10.756s][info][gc,cpu         ] GC(139) User=0.27s Sys=0.00s Real=0.04s
[10.773s][info][gc,start       ] GC(140) Pause Young (Allocation Failure)
[10.818s][info][gc,heap        ] GC(140) PSYoungGen: 89280K(108544K)->55424K(112640K) Eden: 17408K(17408K)->0K(17408K) From: 71872K(91136K)->55424K(95232K)
[10.818s][info][gc,heap        ] GC(140) ParOldGen: 1532712K(1638912K)->1566920K(1638912K)
[10.818s][info][gc,metaspace   ] GC(140) Metaspace: 6302K(6464K)->6302K(6464K) NonClass: 5769K(5824K)->5769K(5824K) Class: 533K(640K)->533K(640K)
[10.818s][info][gc             ] GC(140) Pause Young (Allocation Failure) 1583M->1584M(1710M) 44.758ms
[10.818s][info][gc,cpu         ] GC(140) User=0.23s Sys=0.02s Real=0.05s
[10.835s][info][gc,start       ] GC(141) Pause Young (Allocation Failure)
[10.874s][info][gc,heap        ] GC(141) PSYoungGen: 72832K(112640K)->34944K(109568K) Eden: 17408K(17408K)->0K(19968K) From: 55424K(95232K)->34944K(89600K)
[10.874s][info][gc,heap        ] GC(141) ParOldGen: 1566920K(1638912K)->1605304K(1638912K)
[10.874s][info][gc,metaspace   ] GC(141) Metaspace: 6302K(6464K)->6302K(6464K) NonClass: 5769K(5824K)->5769K(5824K) Class: 533K(640K)->533K(640K)
[10.874s][info][gc             ] GC(141) Pause Young (Allocation Failure) 1601M->1601M(1707M) 39.772ms
[10.874s][info][gc,cpu         ] GC(141) User=0.14s Sys=0.02s Real=0.04s
[10.875s][info][gc,start       ] GC(142) Pause Full (Ergonomics)
[10.875s][info][gc,phases,start] GC(142) Marking Phase
[11.237s][info][gc,phases      ] GC(142) Marking Phase 361.982ms
[11.237s][info][gc,phases,start] GC(142) Summary Phase
[11.237s][info][gc,phases      ] GC(142) Summary Phase 0.046ms
[11.237s][info][gc,phases,start] GC(142) Adjust Roots
[11.237s][info][gc,phases      ] GC(142) Adjust Roots 0.197ms
[11.237s][info][gc,phases,start] GC(142) Compaction Phase
[11.401s][info][gc,phases      ] GC(142) Compaction Phase 164.348ms
[11.401s][info][gc,phases,start] GC(142) Post Compact
[11.404s][info][gc,phases      ] GC(142) Post Compact 3.098ms
[11.405s][info][gc,heap        ] GC(142) PSYoungGen: 34944K(109568K)->0K(111104K) Eden: 0K(19968K)->0K(19968K) From: 34944K(89600K)->0K(91136K)
[11.405s][info][gc,heap        ] GC(142) ParOldGen: 1605304K(1638912K)->1638507K(1799168K)
[11.405s][info][gc,metaspace   ] GC(142) Metaspace: 6302K(6464K)->6302K(6464K) NonClass: 5769K(5824K)->5769K(5824K) Class: 533K(640K)->533K(640K)
[11.405s][info][gc             ] GC(142) Pause Full (Ergonomics) 1601M->1600M(1865M) 530.773ms
[11.405s][info][gc,cpu         ] GC(142) User=3.75s Sys=0.03s Real=0.53s
[11.425s][info][gc,start       ] GC(143) Pause Young (Allocation Failure)
[11.445s][info][gc,heap        ] GC(143) PSYoungGen: 19968K(111104K)->20064K(113152K) Eden: 19968K(19968K)->0K(22016K) From: 0K(91136K)->20064K(91136K)
[11.445s][info][gc,heap        ] GC(143) ParOldGen: 1638507K(1799168K)->1638507K(1799168K)
[11.445s][info][gc,metaspace   ] GC(143) Metaspace: 6302K(6464K)->6302K(6464K) NonClass: 5769K(5824K)->5769K(5824K) Class: 533K(640K)->533K(640K)
[11.445s][info][gc             ] GC(143) Pause Young (Allocation Failure) 1619M->1619M(1867M) 20.823ms
[11.445s][info][gc,cpu         ] GC(143) User=0.03s Sys=0.00s Real=0.02s
[11.468s][info][gc,start       ] GC(144) Pause Young (Allocation Failure)
[11.497s][info][gc,heap        ] GC(144) PSYoungGen: 42080K(113152K)->22144K(114176K) Eden: 22016K(22016K)->0K(22016K) From: 20064K(91136K)->22144K(92160K)
[11.497s][info][gc,heap        ] GC(144) ParOldGen: 1638507K(1799168K)->1658755K(1799168K)
[11.497s][info][gc,metaspace   ] GC(144) Metaspace: 6302K(6464K)->6302K(6464K) NonClass: 5769K(5824K)->5769K(5824K) Class: 533K(640K)->533K(640K)
[11.497s][info][gc             ] GC(144) Pause Young (Allocation Failure) 1641M->1641M(1868M) 29.807ms
[11.497s][info][gc,cpu         ] GC(144) User=0.03s Sys=0.02s Real=0.03s
[11.521s][info][gc,start       ] GC(145) Pause Young (Allocation Failure)
[11.550s][info][gc,heap        ] GC(145) PSYoungGen: 44160K(114176K)->22176K(115200K) Eden: 22016K(22016K)->0K(24576K) From: 22144K(92160K)->22176K(90624K)
[11.550s][info][gc,heap        ] GC(145) ParOldGen: 1658755K(1799168K)->1681075K(1799168K)
[11.550s][info][gc,metaspace   ] GC(145) Metaspace: 6302K(6464K)->6302K(6464K) NonClass: 5769K(5824K)->5769K(5824K) Class: 533K(640K)->533K(640K)
[11.550s][info][gc             ] GC(145) Pause Young (Allocation Failure) 1663M->1663M(1869M) 29.133ms
[11.550s][info][gc,cpu         ] GC(145) User=0.03s Sys=0.00s Real=0.03s
[11.574s][info][gc,start       ] GC(146) Pause Young (Allocation Failure)
[11.605s][info][gc,heap        ] GC(146) PSYoungGen: 46752K(115200K)->24736K(115712K) Eden: 24576K(24576K)->0K(24576K) From: 22176K(90624K)->24736K(91136K)
[11.605s][info][gc,heap        ] GC(146) ParOldGen: 1681075K(1799168K)->1703387K(1799168K)
[11.605s][info][gc,metaspace   ] GC(146) Metaspace: 6302K(6464K)->6302K(6464K) NonClass: 5769K(5824K)->5769K(5824K) Class: 533K(640K)->533K(640K)
[11.605s][info][gc             ] GC(146) Pause Young (Allocation Failure) 1687M->1687M(1870M) 30.329ms
[11.605s][info][gc,cpu         ] GC(146) User=0.03s Sys=0.00s Real=0.03s
[11.633s][info][gc,start       ] GC(147) Pause Young (Allocation Failure)
[11.665s][info][gc,heap        ] GC(147) PSYoungGen: 49312K(115712K)->24736K(112640K) Eden: 24576K(24576K)->0K(27648K) From: 24736K(91136K)->24736K(84992K)
[11.665s][info][gc,heap        ] GC(147) ParOldGen: 1703387K(1799168K)->1728299K(1799168K)
[11.665s][info][gc,metaspace   ] GC(147) Metaspace: 6302K(6464K)->6302K(6464K) NonClass: 5769K(5824K)->5769K(5824K) Class: 533K(640K)->533K(640K)
[11.665s][info][gc             ] GC(147) Pause Young (Allocation Failure) 1711M->1711M(1867M) 31.364ms
[11.665s][info][gc,cpu         ] GC(147) User=0.12s Sys=0.00s Real=0.03s
[11.693s][info][gc,start       ] GC(148) Pause Young (Allocation Failure)
[11.727s][info][gc,heap        ] GC(148) PSYoungGen: 52384K(112640K)->27808K(114688K) Eden: 27648K(27648K)->0K(27648K) From: 24736K(84992K)->27808K(87040K)
[11.727s][info][gc,heap        ] GC(148) ParOldGen: 1728299K(1799168K)->1753211K(1799168K)
[11.727s][info][gc,metaspace   ] GC(148) Metaspace: 6302K(6464K)->6302K(6464K) NonClass: 5769K(5824K)->5769K(5824K) Class: 533K(640K)->533K(640K)
[11.727s][info][gc             ] GC(148) Pause Young (Allocation Failure) 1738M->1739M(1869M) 33.106ms
[11.727s][info][gc,cpu         ] GC(148) User=0.14s Sys=0.02s Real=0.03s
[11.756s][info][gc,start       ] GC(149) Pause Young (Allocation Failure)
[11.790s][info][gc,heap        ] GC(149) PSYoungGen: 55456K(114688K)->27776K(108544K) Eden: 27648K(27648K)->0K(30720K) From: 27808K(87040K)->27776K(77824K)
[11.790s][info][gc,heap        ] GC(149) ParOldGen: 1753211K(1799168K)->1781235K(1799168K)
[11.790s][info][gc,metaspace   ] GC(149) Metaspace: 6302K(6464K)->6302K(6464K) NonClass: 5769K(5824K)->5769K(5824K) Class: 533K(640K)->533K(640K)
[11.791s][info][gc             ] GC(149) Pause Young (Allocation Failure) 1766M->1766M(1863M) 34.284ms
[11.791s][info][gc,cpu         ] GC(149) User=0.14s Sys=0.00s Real=0.03s
[11.791s][info][gc,start       ] GC(150) Pause Full (Ergonomics)
[11.791s][info][gc,phases,start] GC(150) Marking Phase
[12.201s][info][gc,phases      ] GC(150) Marking Phase 410.664ms
[12.201s][info][gc,phases,start] GC(150) Summary Phase
[12.201s][info][gc,phases      ] GC(150) Summary Phase 0.037ms
[12.201s][info][gc,phases,start] GC(150) Adjust Roots
[12.202s][info][gc,phases      ] GC(150) Adjust Roots 0.159ms
[12.202s][info][gc,phases,start] GC(150) Compaction Phase
[12.381s][info][gc,phases      ] GC(150) Compaction Phase 179.605ms
[12.381s][info][gc,phases,start] GC(150) Post Compact
[12.384s][info][gc,phases      ] GC(150) Post Compact 3.205ms
[12.385s][info][gc,heap        ] GC(150) PSYoungGen: 27776K(108544K)->7692K(111616K) Eden: 0K(30720K)->0K(33792K) From: 27776K(77824K)->7692K(77824K)
[12.385s][info][gc,heap        ] GC(150) ParOldGen: 1781235K(1799168K)->1799057K(1973248K)
[12.385s][info][gc,metaspace   ] GC(150) Metaspace: 6302K(6464K)->6302K(6464K) NonClass: 5769K(5824K)->5769K(5824K) Class: 533K(640K)->533K(640K)
[12.385s][info][gc             ] GC(150) Pause Full (Ergonomics) 1766M->1764M(2036M) 594.821ms
[12.385s][info][gc,cpu         ] GC(150) User=4.16s Sys=0.00s Real=0.60s
[12.423s][info][gc,start       ] GC(151) Pause Young (Allocation Failure)
[12.518s][info][gc,heap        ] GC(151) PSYoungGen: 41484K(111616K)->33952K(68096K) Eden: 33792K(33792K)->0K(33792K) From: 7692K(77824K)->33952K(34304K)
[12.518s][info][gc,heap        ] GC(151) ParOldGen: 1799057K(1973248K)->1806873K(1973248K)
[12.518s][info][gc,metaspace   ] GC(151) Metaspace: 6302K(6464K)->6302K(6464K) NonClass: 5769K(5824K)->5769K(5824K) Class: 533K(640K)->533K(640K)
[12.518s][info][gc             ] GC(151) Pause Young (Allocation Failure) 1797M->1797M(1993M) 94.729ms
[12.518s][info][gc,cpu         ] GC(151) User=0.64s Sys=0.00s Real=0.09s
[12.555s][info][gc,start       ] GC(152) Pause Young (Allocation Failure)
[12.593s][info][gc,heap        ] GC(152) PSYoungGen: 67744K(68096K)->67808K(106496K) Eden: 33792K(33792K)->0K(29696K) From: 33952K(34304K)->67808K(76800K)
[12.593s][info][gc,heap        ] GC(152) ParOldGen: 1806873K(1973248K)->1806873K(1973248K)
[12.593s][info][gc,metaspace   ] GC(152) Metaspace: 6302K(6464K)->6302K(6464K) NonClass: 5769K(5824K)->5769K(5824K) Class: 533K(640K)->533K(640K)
[12.593s][info][gc             ] GC(152) Pause Young (Allocation Failure) 1830M->1830M(2031M) 38.222ms
[12.593s][info][gc,cpu         ] GC(152) User=0.16s Sys=0.00s Real=0.04s
[12.627s][info][gc,start       ] GC(153) Pause Young (Allocation Failure)
[12.676s][info][gc,heap        ] GC(153) PSYoungGen: 97504K(106496K)->84480K(114176K) Eden: 29696K(29696K)->0K(29696K) From: 67808K(76800K)->84480K(84480K)
[12.676s][info][gc,heap        ] GC(153) ParOldGen: 1806873K(1973248K)->1819953K(1973248K)
[12.676s][info][gc,metaspace   ] GC(153) Metaspace: 6302K(6464K)->6302K(6464K) NonClass: 5769K(5824K)->5769K(5824K) Class: 533K(640K)->533K(640K)
[12.676s][info][gc             ] GC(153) Pause Young (Allocation Failure) 1859M->1859M(2038M) 48.901ms
[12.676s][info][gc,cpu         ] GC(153) User=0.25s Sys=0.00s Real=0.05s
[12.707s][info][gc,start       ] GC(154) Pause Young (Allocation Failure)
[12.764s][info][gc,heap        ] GC(154) PSYoungGen: 114176K(114176K)->56128K(132096K) Eden: 29696K(29696K)->0K(33280K) From: 84480K(84480K)->56128K(98816K)
[12.764s][info][gc,heap        ] GC(154) ParOldGen: 1819953K(1973248K)->1878905K(1973248K)
[12.764s][info][gc,metaspace   ] GC(154) Metaspace: 6302K(6464K)->6302K(6464K) NonClass: 5769K(5824K)->5769K(5824K) Class: 533K(640K)->533K(640K)
[12.764s][info][gc             ] GC(154) Pause Young (Allocation Failure) 1888M->1889M(2056M) 56.743ms
[12.764s][info][gc,cpu         ] GC(154) User=0.45s Sys=0.05s Real=0.06s
[12.802s][info][gc,start       ] GC(155) Pause Young (Allocation Failure)
[12.849s][info][gc,heap        ] GC(155) PSYoungGen: 89408K(132096K)->63168K(133120K) Eden: 33280K(33280K)->0K(33280K) From: 56128K(98816K)->63168K(99840K)
[12.849s][info][gc,heap        ] GC(155) ParOldGen: 1878905K(1973248K)->1905473K(1973248K)
[12.849s][info][gc,metaspace   ] GC(155) Metaspace: 6302K(6464K)->6302K(6464K) NonClass: 5769K(5824K)->5769K(5824K) Class: 533K(640K)->533K(640K)
[12.849s][info][gc             ] GC(155) Pause Young (Allocation Failure) 1922M->1922M(2057M) 47.536ms
[12.849s][info][gc,cpu         ] GC(155) User=0.27s Sys=0.00s Real=0.05s
[12.887s][info][gc,start       ] GC(156) Pause Young (Allocation Failure)
[12.939s][info][gc,heap        ] GC(156) PSYoungGen: 96448K(133120K)->66752K(136192K) Eden: 33280K(33280K)->0K(35328K) From: 63168K(99840K)->66752K(100864K)
[12.939s][info][gc,heap        ] GC(156) ParOldGen: 1905473K(1973248K)->1935561K(1973248K)
[12.939s][info][gc,metaspace   ] GC(156) Metaspace: 6302K(6464K)->6302K(6464K) NonClass: 5769K(5824K)->5769K(5824K) Class: 533K(640K)->533K(640K)
[12.939s][info][gc             ] GC(156) Pause Young (Allocation Failure) 1955M->1955M(2060M) 52.068ms
[12.939s][info][gc,cpu         ] GC(156) User=0.31s Sys=0.00s Real=0.05s
[12.939s][info][gc,start       ] GC(157) Pause Full (Ergonomics)
[12.939s][info][gc,phases,start] GC(157) Marking Phase
[13.371s][info][gc,phases      ] GC(157) Marking Phase 431.812ms
[13.371s][info][gc,phases,start] GC(157) Summary Phase
[13.371s][info][gc,phases      ] GC(157) Summary Phase 0.041ms
[13.371s][info][gc,phases,start] GC(157) Adjust Roots
[13.371s][info][gc,phases      ] GC(157) Adjust Roots 0.160ms
[13.371s][info][gc,phases,start] GC(157) Compaction Phase
[13.563s][info][gc,phases      ] GC(157) Compaction Phase 191.814ms
[13.563s][info][gc,phases,start] GC(157) Post Compact
[13.567s][info][gc,phases      ] GC(157) Post Compact 4.007ms
[13.568s][info][gc,heap        ] GC(157) PSYoungGen: 66752K(136192K)->27158K(136192K) Eden: 0K(35328K)->0K(35328K) From: 66752K(100864K)->27158K(100864K)
[13.568s][info][gc,heap        ] GC(157) ParOldGen: 1935561K(1973248K)->1972940K(2170368K)
[13.568s][info][gc,metaspace   ] GC(157) Metaspace: 6302K(6464K)->6302K(6464K) NonClass: 5769K(5824K)->5769K(5824K) Class: 533K(640K)->533K(640K)
[13.568s][info][gc             ] GC(157) Pause Full (Ergonomics) 1955M->1953M(2252M) 628.979ms
[13.568s][info][gc,cpu         ] GC(157) User=4.48s Sys=0.00s Real=0.63s
[13.614s][info][gc,start       ] GC(158) Pause Young (Allocation Failure)
[13.727s][info][gc,heap        ] GC(158) PSYoungGen: 62486K(136192K)->49216K(84992K) Eden: 35328K(35328K)->0K(35328K) From: 27158K(100864K)->49216K(49664K)
[13.727s][info][gc,heap        ] GC(158) ParOldGen: 1972940K(2170368K)->1986580K(2170368K)
[13.727s][info][gc,metaspace   ] GC(158) Metaspace: 6302K(6464K)->6302K(6464K) NonClass: 5769K(5824K)->5769K(5824K) Class: 533K(640K)->533K(640K)
[13.727s][info][gc             ] GC(158) Pause Young (Allocation Failure) 1987M->1988M(2202M) 113.120ms
[13.727s][info][gc,cpu         ] GC(158) User=0.86s Sys=0.03s Real=0.11s
[13.763s][info][gc,start       ] GC(159) Pause Young (Allocation Failure)
[13.810s][info][gc,heap        ] GC(159) PSYoungGen: 84544K(84992K)->84640K(128000K) Eden: 35328K(35328K)->0K(30720K) From: 49216K(49664K)->84640K(97280K)
[13.810s][info][gc,heap        ] GC(159) ParOldGen: 1986580K(2170368K)->1986580K(2170368K)
[13.810s][info][gc,metaspace   ] GC(159) Metaspace: 6302K(6464K)->6302K(6464K) NonClass: 5769K(5824K)->5769K(5824K) Class: 533K(640K)->533K(640K)
[13.810s][info][gc             ] GC(159) Pause Young (Allocation Failure) 2022M->2022M(2244M) 46.646ms
[13.810s][info][gc,cpu         ] GC(159) User=0.27s Sys=0.00s Real=0.05s
[13.841s][info][gc,start       ] GC(160) Pause Young (Allocation Failure)
[13.899s][info][gc,heap        ] GC(160) PSYoungGen: 115360K(128000K)->105472K(136192K) Eden: 30720K(30720K)->0K(30720K) From: 84640K(97280K)->105472K(105472K)
[13.899s][info][gc,heap        ] GC(160) ParOldGen: 1986580K(2170368K)->1996500K(2170368K)
[13.899s][info][gc,metaspace   ] GC(160) Metaspace: 6302K(6464K)->6302K(6464K) NonClass: 5769K(5824K)->5769K(5824K) Class: 533K(640K)->533K(640K)
[13.899s][info][gc             ] GC(160) Pause Young (Allocation Failure) 2052M->2052M(2252M) 57.870ms
[13.899s][info][gc,cpu         ] GC(160) User=0.39s Sys=0.00s Real=0.06s
[13.930s][info][gc,start       ] GC(161) Pause Young (Allocation Failure)
[14.008s][info][gc,heap        ] GC(161) PSYoungGen: 136192K(136192K)->92064K(152064K) Eden: 30720K(30720K)->0K(28672K) From: 105472K(105472K)->92064K(123392K)
[14.008s][info][gc,heap        ] GC(161) ParOldGen: 1996500K(2170368K)->2041340K(2170368K)
[14.008s][info][gc,metaspace   ] GC(161) Metaspace: 6302K(6464K)->6302K(6464K) NonClass: 5769K(5824K)->5769K(5824K) Class: 533K(640K)->533K(640K)
[14.008s][info][gc             ] GC(161) Pause Young (Allocation Failure) 2082M->2083M(2268M) 77.909ms
[14.008s][info][gc,cpu         ] GC(161) User=0.41s Sys=0.06s Real=0.08s
[14.038s][info][gc,start       ] GC(162) Pause Young (Allocation Failure)
[14.099s][info][gc,heap        ] GC(162) PSYoungGen: 120736K(152064K)->87520K(157696K) Eden: 28672K(28672K)->0K(28672K) From: 92064K(123392K)->87520K(129024K)
[14.099s][info][gc,heap        ] GC(162) ParOldGen: 2041340K(2170368K)->2074988K(2170368K)
[14.099s][info][gc,metaspace   ] GC(162) Metaspace: 6302K(6464K)->6302K(6464K) NonClass: 5769K(5824K)->5769K(5824K) Class: 533K(640K)->533K(640K)
[14.099s][info][gc             ] GC(162) Pause Young (Allocation Failure) 2111M->2111M(2273M) 61.454ms
[14.099s][info][gc,cpu         ] GC(162) User=0.33s Sys=0.05s Real=0.06s
[14.130s][info][gc,start       ] GC(163) Pause Young (Allocation Failure)
[14.188s][info][gc,heap        ] GC(163) PSYoungGen: 116192K(157696K)->88320K(162304K) Eden: 28672K(28672K)->0K(30720K) From: 87520K(129024K)->88320K(131584K)
[14.189s][info][gc,heap        ] GC(163) ParOldGen: 2074988K(2170368K)->2103292K(2170368K)
[14.189s][info][gc,metaspace   ] GC(163) Metaspace: 6302K(6464K)->6302K(6464K) NonClass: 5769K(5824K)->5769K(5824K) Class: 533K(640K)->533K(640K)
[14.189s][info][gc             ] GC(163) Pause Young (Allocation Failure) 2139M->2140M(2278M) 58.524ms
[14.189s][info][gc,cpu         ] GC(163) User=0.36s Sys=0.02s Real=0.06s
[14.225s][info][gc,start       ] GC(164) Pause Young (Allocation Failure)
[14.288s][info][gc,heap        ] GC(164) PSYoungGen: 119040K(162304K)->59584K(90624K) Eden: 30720K(30720K)->0K(30720K) From: 88320K(131584K)->59584K(59904K)
[14.289s][info][gc,heap        ] GC(164) ParOldGen: 2103292K(2170368K)->2163460K(2170368K)
[14.289s][info][gc,metaspace   ] GC(164) Metaspace: 6302K(6464K)->6302K(6464K) NonClass: 5769K(5824K)->5769K(5824K) Class: 533K(640K)->533K(640K)
[14.289s][info][gc             ] GC(164) Pause Young (Allocation Failure) 2170M->2170M(2208M) 63.316ms
[14.289s][info][gc,cpu         ] GC(164) User=0.36s Sys=0.02s Real=0.06s
[14.289s][info][gc,start       ] GC(165) Pause Full (Ergonomics)
[14.289s][info][gc,phases,start] GC(165) Marking Phase
[14.786s][info][gc,phases      ] GC(165) Marking Phase 497.462ms
[14.786s][info][gc,phases,start] GC(165) Summary Phase
[14.786s][info][gc,phases      ] GC(165) Summary Phase 0.033ms
[14.786s][info][gc,phases,start] GC(165) Adjust Roots
[14.786s][info][gc,phases      ] GC(165) Adjust Roots 0.170ms
[14.786s][info][gc,phases,start] GC(165) Compaction Phase
[15.009s][info][gc,phases      ] GC(165) Compaction Phase 222.315ms
[15.009s][info][gc,phases,start] GC(165) Post Compact
[15.013s][info][gc,phases      ] GC(165) Post Compact 4.039ms
[15.014s][info][gc,heap        ] GC(165) PSYoungGen: 59584K(90624K)->50135K(90624K) Eden: 0K(30720K)->0K(30720K) From: 59584K(59904K)->50135K(59904K)
[15.014s][info][gc,heap        ] GC(165) ParOldGen: 2163460K(2170368K)->2169913K(2396160K)
[15.014s][info][gc,metaspace   ] GC(165) Metaspace: 6302K(6464K)->6302K(6464K) NonClass: 5769K(5824K)->5769K(5824K) Class: 533K(640K)->533K(640K)
[15.014s][info][gc             ] GC(165) Pause Full (Ergonomics) 2170M->2168M(2428M) 725.082ms
[15.014s][info][gc,cpu         ] GC(165) User=5.09s Sys=0.02s Real=0.72s
[15.056s][info][gc,start       ] GC(166) Pause Young (Allocation Failure)
[15.188s][info][gc,heap        ] GC(166) PSYoungGen: 80855K(90624K)->30848K(160768K) Eden: 30720K(30720K)->0K(33792K) From: 50135K(59904K)->30848K(126976K)
[15.188s][info][gc,heap        ] GC(166) ParOldGen: 2169913K(2396160K)->2220745K(2396160K)
[15.188s][info][gc,metaspace   ] GC(166) Metaspace: 6302K(6464K)->6302K(6464K) NonClass: 5769K(5824K)->5769K(5824K) Class: 533K(640K)->533K(640K)
[15.188s][info][gc             ] GC(166) Pause Young (Allocation Failure) 2198M->2198M(2497M) 131.771ms
[15.188s][info][gc,cpu         ] GC(166) User=0.88s Sys=0.00s Real=0.13s
[15.226s][info][gc,start       ] GC(167) Pause Young (Allocation Failure)
[15.266s][info][gc,heap        ] GC(167) PSYoungGen: 64640K(160768K)->33920K(161792K) Eden: 33792K(33792K)->0K(33792K) From: 30848K(126976K)->33920K(128000K)
[15.266s][info][gc,heap        ] GC(167) ParOldGen: 2220745K(2396160K)->2251913K(2396160K)
[15.266s][info][gc,metaspace   ] GC(167) Metaspace: 6302K(6464K)->6302K(6464K) NonClass: 5769K(5824K)->5769K(5824K) Class: 533K(640K)->533K(640K)
[15.266s][info][gc             ] GC(167) Pause Young (Allocation Failure) 2231M->2232M(2498M) 40.131ms
[15.266s][info][gc,cpu         ] GC(167) User=0.23s Sys=0.02s Real=0.04s
[15.305s][info][gc,start       ] GC(168) Pause Young (Allocation Failure)
[15.345s][info][gc,heap        ] GC(168) PSYoungGen: 67712K(161792K)->33952K(160256K) Eden: 33792K(33792K)->0K(37888K) From: 33920K(128000K)->33952K(122368K)
[15.345s][info][gc,heap        ] GC(168) ParOldGen: 2251913K(2396160K)->2286025K(2396160K)
[15.345s][info][gc,metaspace   ] GC(168) Metaspace: 6302K(6464K)->6302K(6464K) NonClass: 5769K(5824K)->5769K(5824K) Class: 533K(640K)->533K(640K)
[15.345s][info][gc             ] GC(168) Pause Young (Allocation Failure) 2265M->2265M(2496M) 40.284ms
[15.345s][info][gc,cpu         ] GC(168) User=0.25s Sys=0.00s Real=0.04s
[15.389s][info][gc,start       ] GC(169) Pause Young (Allocation Failure)
[15.432s][info][gc,heap        ] GC(169) PSYoungGen: 71840K(160256K)->38048K(162304K) Eden: 37888K(37888K)->0K(37888K) From: 33952K(122368K)->38048K(124416K)
[15.432s][info][gc,heap        ] GC(169) ParOldGen: 2286025K(2396160K)->2320121K(2396160K)
[15.432s][info][gc,metaspace   ] GC(169) Metaspace: 6302K(6464K)->6302K(6464K) NonClass: 5769K(5824K)->5769K(5824K) Class: 533K(640K)->533K(640K)
[15.432s][info][gc             ] GC(169) Pause Young (Allocation Failure) 2302M->2302M(2498M) 43.511ms
[15.432s][info][gc,cpu         ] GC(169) User=0.25s Sys=0.02s Real=0.04s
[15.475s][info][gc,start       ] GC(170) Pause Young (Allocation Failure)
[15.521s][info][gc,heap        ] GC(170) PSYoungGen: 75936K(162304K)->38080K(156160K) Eden: 37888K(37888K)->0K(41984K) From: 38048K(124416K)->38080K(114176K)
[15.521s][info][gc,heap        ] GC(170) ParOldGen: 2320121K(2396160K)->2358353K(2396160K)
[15.521s][info][gc,metaspace   ] GC(170) Metaspace: 6302K(6464K)->6302K(6464K) NonClass: 5769K(5824K)->5769K(5824K) Class: 533K(640K)->533K(640K)
[15.521s][info][gc             ] GC(170) Pause Young (Allocation Failure) 2339M->2340M(2492M) 45.714ms
[15.521s][info][gc,cpu         ] GC(170) User=0.27s Sys=0.00s Real=0.04s
[15.521s][info][gc,start       ] GC(171) Pause Full (Ergonomics)
[15.521s][info][gc,phases,start] GC(171) Marking Phase
[16.065s][info][gc,phases      ] GC(171) Marking Phase 543.718ms
[16.065s][info][gc,phases,start] GC(171) Summary Phase
[16.065s][info][gc,phases      ] GC(171) Summary Phase 0.055ms
[16.065s][info][gc,phases,start] GC(171) Adjust Roots
[16.065s][info][gc,phases      ] GC(171) Adjust Roots 0.158ms
[16.065s][info][gc,phases,start] GC(171) Compaction Phase
[16.268s][info][gc,phases      ] GC(171) Compaction Phase 203.056ms
[16.268s][info][gc,phases,start] GC(171) Post Compact
[16.273s][info][gc,phases      ] GC(171) Post Compact 4.450ms
[16.274s][info][gc,heap        ] GC(171) PSYoungGen: 38080K(156160K)->0K(159744K) Eden: 0K(41984K)->0K(41984K) From: 38080K(114176K)->0K(117760K)
[16.274s][info][gc,heap        ] GC(171) ParOldGen: 2358353K(2396160K)->2393968K(2636288K)
[16.274s][info][gc,metaspace   ] GC(171) Metaspace: 6302K(6464K)->6302K(6464K) NonClass: 5769K(5824K)->5769K(5824K) Class: 533K(640K)->533K(640K)
[16.274s][info][gc             ] GC(171) Pause Full (Ergonomics) 2340M->2337M(2730M) 752.629ms
[16.274s][info][gc,cpu         ] GC(171) User=5.55s Sys=0.05s Real=0.75s
[16.328s][info][gc,start       ] GC(172) Pause Young (Allocation Failure)
[16.358s][info][gc,heap        ] GC(172) PSYoungGen: 41984K(159744K)->42176K(153088K) Eden: 41984K(41984K)->0K(45568K) From: 0K(117760K)->42176K(107520K)
[16.358s][info][gc,heap        ] GC(172) ParOldGen: 2393968K(2636288K)->2393968K(2636288K)
[16.358s][info][gc,metaspace   ] GC(172) Metaspace: 6302K(6464K)->6302K(6464K) NonClass: 5769K(5824K)->5769K(5824K) Class: 533K(640K)->533K(640K)
[16.358s][info][gc             ] GC(172) Pause Young (Allocation Failure) 2378M->2379M(2724M) 30.921ms
[16.359s][info][gc,cpu         ] GC(172) User=0.14s Sys=0.00s Real=0.03s
[16.412s][info][gc,start       ] GC(173) Pause Young (Allocation Failure)
[16.459s][info][gc,heap        ] GC(173) PSYoungGen: 87744K(153088K)->87808K(158720K) Eden: 45568K(45568K)->0K(45568K) From: 42176K(107520K)->87808K(113152K)
[16.459s][info][gc,heap        ] GC(173) ParOldGen: 2393968K(2636288K)->2393968K(2636288K)
[16.459s][info][gc,metaspace   ] GC(173) Metaspace: 6302K(6464K)->6302K(6464K) NonClass: 5769K(5824K)->5769K(5824K) Class: 533K(640K)->533K(640K)
[16.459s][info][gc             ] GC(173) Pause Young (Allocation Failure) 2423M->2423M(2729M) 46.902ms
[16.459s][info][gc,cpu         ] GC(173) User=0.25s Sys=0.00s Real=0.05s
[16.515s][info][gc,start       ] GC(174) Pause Young (Allocation Failure)
[16.584s][info][gc,heap        ] GC(174) PSYoungGen: 133376K(158720K)->120320K(147968K) Eden: 45568K(45568K)->0K(27648K) From: 87808K(113152K)->120320K(120320K)
[16.585s][info][gc,heap        ] GC(174) ParOldGen: 2393968K(2636288K)->2407056K(2636288K)
[16.585s][info][gc,metaspace   ] GC(174) Metaspace: 6302K(6464K)->6302K(6464K) NonClass: 5769K(5824K)->5769K(5824K) Class: 533K(640K)->533K(640K)
[16.585s][info][gc             ] GC(174) Pause Young (Allocation Failure) 2468M->2468M(2719M) 69.674ms
[16.585s][info][gc,cpu         ] GC(174) User=0.39s Sys=0.02s Real=0.07s
[16.619s][info][gc,start       ] GC(175) Pause Young (Allocation Failure)
[16.699s][info][gc,heap        ] GC(175) PSYoungGen: 147968K(147968K)->69248K(97280K) Eden: 27648K(27648K)->0K(27648K) From: 120320K(120320K)->69248K(69632K)
[16.699s][info][gc,heap        ] GC(175) ParOldGen: 2407056K(2636288K)->2486464K(2636288K)
[16.699s][info][gc,metaspace   ] GC(175) Metaspace: 6302K(6464K)->6302K(6464K) NonClass: 5769K(5824K)->5769K(5824K) Class: 533K(640K)->533K(640K)
[16.699s][info][gc             ] GC(175) Pause Young (Allocation Failure) 2495M->2495M(2669M) 80.587ms
[16.700s][info][gc,cpu         ] GC(175) User=0.45s Sys=0.06s Real=0.08s
[16.731s][info][gc,start       ] GC(176) Pause Young (Allocation Failure)
[16.783s][info][gc,heap        ] GC(176) PSYoungGen: 96896K(97280K)->55552K(156160K) Eden: 27648K(27648K)->0K(30720K) From: 69248K(69632K)->55552K(125440K)
[16.783s][info][gc,heap        ] GC(176) ParOldGen: 2486464K(2636288K)->2528272K(2636288K)
[16.783s][info][gc,metaspace   ] GC(176) Metaspace: 6302K(6464K)->6302K(6464K) NonClass: 5769K(5824K)->5769K(5824K) Class: 533K(640K)->533K(640K)
[16.783s][info][gc             ] GC(176) Pause Young (Allocation Failure) 2522M->2523M(2727M) 51.613ms
[16.783s][info][gc,cpu         ] GC(176) User=0.30s Sys=0.00s Real=0.05s
[16.820s][info][gc,start       ] GC(177) Pause Young (Allocation Failure)
[16.867s][info][gc,heap        ] GC(177) PSYoungGen: 86272K(156160K)->58560K(89600K) Eden: 30720K(30720K)->0K(30720K) From: 55552K(125440K)->58560K(58880K)
[16.867s][info][gc,heap        ] GC(177) ParOldGen: 2528272K(2636288K)->2556168K(2636288K)
[16.867s][info][gc,metaspace   ] GC(177) Metaspace: 6302K(6464K)->6302K(6464K) NonClass: 5769K(5824K)->5769K(5824K) Class: 533K(640K)->533K(640K)
[16.867s][info][gc             ] GC(177) Pause Young (Allocation Failure) 2553M->2553M(2662M) 47.132ms
[16.867s][info][gc,cpu         ] GC(177) User=0.25s Sys=0.00s Real=0.05s
[16.906s][info][gc,start       ] GC(178) Pause Young (Allocation Failure)
[16.956s][info][gc,heap        ] GC(178) PSYoungGen: 89280K(89600K)->61632K(147968K) Eden: 30720K(30720K)->0K(34304K) From: 58560K(58880K)->61632K(113664K)
[16.956s][info][gc,heap        ] GC(178) ParOldGen: 2556168K(2636288K)->2584056K(2636288K)
[16.957s][info][gc,metaspace   ] GC(178) Metaspace: 6302K(6464K)->6302K(6464K) NonClass: 5769K(5824K)->5769K(5824K) Class: 533K(640K)->533K(640K)
[16.957s][info][gc             ] GC(178) Pause Young (Allocation Failure) 2583M->2583M(2719M) 50.910ms
[16.957s][info][gc,cpu         ] GC(178) User=0.25s Sys=0.02s Real=0.05s
[16.957s][info][gc,start       ] GC(179) Pause Full (Ergonomics)
[16.957s][info][gc,phases,start] GC(179) Marking Phase
[17.556s][info][gc,phases      ] GC(179) Marking Phase 599.738ms
[17.556s][info][gc,phases,start] GC(179) Summary Phase
[17.556s][info][gc,phases      ] GC(179) Summary Phase 0.044ms
[17.556s][info][gc,phases,start] GC(179) Adjust Roots
[17.557s][info][gc,phases      ] GC(179) Adjust Roots 0.163ms
[17.557s][info][gc,phases,start] GC(179) Compaction Phase
[17.778s][info][gc,phases      ] GC(179) Compaction Phase 221.675ms
[17.778s][info][gc,phases,start] GC(179) Post Compact
[17.783s][info][gc,phases      ] GC(179) Post Compact 5.003ms
[17.784s][info][gc,heap        ] GC(179) PSYoungGen: 61632K(147968K)->7720K(152064K) Eden: 0K(34304K)->0K(38400K) From: 61632K(113664K)->7720K(113664K)
[17.784s][info][gc,heap        ] GC(179) ParOldGen: 2584056K(2636288K)->2635878K(2900992K)
[17.784s][info][gc,metaspace   ] GC(179) Metaspace: 6302K(6464K)->6302K(6464K) NonClass: 5769K(5824K)->5769K(5824K) Class: 533K(640K)->533K(640K)
[17.784s][info][gc             ] GC(179) Pause Full (Ergonomics) 2583M->2581M(2981M) 827.873ms
[17.784s][info][gc,cpu         ] GC(179) User=6.22s Sys=0.03s Real=0.83s
[17.833s][info][gc,start       ] GC(180) Pause Young (Allocation Failure)
[17.972s][info][gc,heap        ] GC(180) PSYoungGen: 46120K(152064K)->43040K(157696K) Eden: 38400K(38400K)->0K(38400K) From: 7720K(113664K)->43040K(119296K)
[17.973s][info][gc,heap        ] GC(180) ParOldGen: 2635878K(2900992K)->2639182K(2900992K)
[17.973s][info][gc,metaspace   ] GC(180) Metaspace: 6302K(6464K)->6302K(6464K) NonClass: 5769K(5824K)->5769K(5824K) Class: 533K(640K)->533K(640K)
[17.973s][info][gc             ] GC(180) Pause Young (Allocation Failure) 2619M->2619M(2987M) 139.547ms
[17.973s][info][gc,cpu         ] GC(180) User=0.86s Sys=0.02s Real=0.14s
[18.019s][info][gc,start       ] GC(181) Pause Young (Allocation Failure)
[18.068s][info][gc,heap        ] GC(181) PSYoungGen: 81440K(157696K)->81536K(156672K) Eden: 38400K(38400K)->0K(39936K) From: 43040K(119296K)->81536K(116736K)
[18.068s][info][gc,heap        ] GC(181) ParOldGen: 2639182K(2900992K)->2639182K(2900992K)
[18.068s][info][gc,metaspace   ] GC(181) Metaspace: 6302K(6464K)->6302K(6464K) NonClass: 5769K(5824K)->5769K(5824K) Class: 533K(640K)->533K(640K)
[18.068s][info][gc             ] GC(181) Pause Young (Allocation Failure) 2656M->2656M(2986M) 49.279ms
[18.068s][info][gc,cpu         ] GC(181) User=0.28s Sys=0.00s Real=0.05s
[18.114s][info][gc,start       ] GC(182) Pause Young (Allocation Failure)
[18.178s][info][gc,heap        ] GC(182) PSYoungGen: 121472K(156672K)->118784K(158720K) Eden: 39936K(39936K)->0K(39936K) From: 81536K(116736K)->118784K(118784K)
[18.178s][info][gc,heap        ] GC(182) ParOldGen: 2639182K(2900992K)->2641814K(2900992K)
[18.178s][info][gc,metaspace   ] GC(182) Metaspace: 6302K(6464K)->6302K(6464K) NonClass: 5769K(5824K)->5769K(5824K) Class: 533K(640K)->533K(640K)
[18.178s][info][gc             ] GC(182) Pause Young (Allocation Failure) 2695M->2695M(2988M) 64.361ms
[18.178s][info][gc,cpu         ] GC(182) User=0.52s Sys=0.00s Real=0.06s
[18.225s][info][gc,start       ] GC(183) Pause Young (Allocation Failure)
[18.316s][info][gc,heap        ] GC(183) PSYoungGen: 158720K(158720K)->116928K(167936K) Eden: 39936K(39936K)->0K(32768K) From: 118784K(118784K)->116928K(135168K)
[18.316s][info][gc,heap        ] GC(183) ParOldGen: 2641814K(2900992K)->2684094K(2900992K)
[18.316s][info][gc,metaspace   ] GC(183) Metaspace: 6302K(6464K)->6302K(6464K) NonClass: 5769K(5824K)->5769K(5824K) Class: 533K(640K)->533K(640K)
[18.316s][info][gc             ] GC(183) Pause Young (Allocation Failure) 2734M->2735M(2997M) 90.811ms
[18.316s][info][gc,cpu         ] GC(183) User=0.61s Sys=0.02s Real=0.09s
[18.355s][info][gc,start       ] GC(184) Pause Young (Allocation Failure)
[18.437s][info][gc,heap        ] GC(184) PSYoungGen: 149696K(167936K)->112096K(179200K) Eden: 32768K(32768K)->0K(32768K) From: 116928K(135168K)->112096K(146432K)
[18.437s][info][gc,heap        ] GC(184) ParOldGen: 2684094K(2900992K)->2722046K(2900992K)
[18.437s][info][gc,metaspace   ] GC(184) Metaspace: 6302K(6464K)->6302K(6464K) NonClass: 5769K(5824K)->5769K(5824K) Class: 533K(640K)->533K(640K)
[18.438s][info][gc             ] GC(184) Pause Young (Allocation Failure) 2767M->2767M(3008M) 82.398ms
[18.438s][info][gc,cpu         ] GC(184) User=0.53s Sys=0.00s Real=0.08s
[19.073s][info][gc,start       ] GC(185) Pause Full (Ergonomics)
[19.073s][info][gc,phases,start] GC(185) Marking Phase
[19.734s][info][gc,phases      ] GC(185) Marking Phase 661.149ms
[19.734s][info][gc,phases,start] GC(185) Summary Phase
[19.734s][info][gc,phases      ] GC(185) Summary Phase 0.049ms
[19.734s][info][gc,phases,start] GC(185) Adjust Roots
[19.734s][info][gc,phases      ] GC(185) Adjust Roots 0.165ms
[19.734s][info][gc,phases,start] GC(185) Compaction Phase
[20.192s][info][gc,phases      ] GC(185) Compaction Phase 457.463ms
[20.192s][info][gc,phases,start] GC(185) Post Compact
[20.198s][info][gc,phases      ] GC(185) Post Compact 6.077ms
[20.199s][info][gc,heap        ] GC(185) PSYoungGen: 144864K(179200K)->30496K(179200K) Eden: 32768K(32768K)->0K(32768K) From: 112096K(146432K)->30496K(146432K)
[20.199s][info][gc,heap        ] GC(185) ParOldGen: 2853118K(2900992K)->2900647K(3189248K)
[20.199s][info][gc,metaspace   ] GC(185) Metaspace: 6302K(6464K)->6302K(6464K) NonClass: 5769K(5824K)->5769K(5824K) Class: 533K(640K)->533K(640K)
[20.199s][info][gc             ] GC(185) Pause Full (Ergonomics) 2927M->2862M(3289M) 1126.217ms
[20.199s][info][gc,cpu         ] GC(185) User=7.92s Sys=0.03s Real=1.13s
[20.235s][info][gc,start       ] GC(186) Pause Young (Allocation Failure)
[20.386s][info][gc,heap        ] GC(186) PSYoungGen: 63264K(179200K)->54176K(180736K) Eden: 32768K(32768K)->0K(35840K) From: 30496K(146432K)->54176K(144896K)
[20.386s][info][gc,heap        ] GC(186) ParOldGen: 2900647K(3189248K)->2910055K(3189248K)
[20.386s][info][gc,metaspace   ] GC(186) Metaspace: 6302K(6464K)->6302K(6464K) NonClass: 5769K(5824K)->5769K(5824K) Class: 533K(640K)->533K(640K)
[20.386s][info][gc             ] GC(186) Pause Young (Allocation Failure) 2894M->2894M(3291M) 151.515ms
[20.386s][info][gc,cpu         ] GC(186) User=0.88s Sys=0.00s Real=0.15s
[20.425s][info][gc,start       ] GC(187) Pause Young (Allocation Failure)
[20.487s][info][gc,heap        ] GC(187) PSYoungGen: 90016K(180736K)->90048K(185344K) Eden: 35840K(35840K)->0K(35840K) From: 54176K(144896K)->90048K(149504K)
[20.487s][info][gc,heap        ] GC(187) ParOldGen: 2910055K(3189248K)->2910055K(3189248K)
[20.487s][info][gc,metaspace   ] GC(187) Metaspace: 6302K(6464K)->6302K(6464K) NonClass: 5769K(5824K)->5769K(5824K) Class: 533K(640K)->533K(640K)
[20.487s][info][gc             ] GC(187) Pause Young (Allocation Failure) 2929M->2929M(3295M) 61.781ms
[20.487s][info][gc,cpu         ] GC(187) User=0.19s Sys=0.00s Real=0.06s
[20.521s][info][gc,start       ] GC(188) Pause Young (Allocation Failure)
[20.588s][info][gc,heap        ] GC(188) PSYoungGen: 125888K(185344K)->114816K(179712K) Eden: 35840K(35840K)->0K(32256K) From: 90048K(149504K)->114816K(147456K)
[20.588s][info][gc,heap        ] GC(188) ParOldGen: 2910055K(3189248K)->2921287K(3189248K)
[20.588s][info][gc,metaspace   ] GC(188) Metaspace: 6302K(6464K)->6302K(6464K) NonClass: 5769K(5824K)->5769K(5824K) Class: 533K(640K)->533K(640K)
[20.588s][info][gc             ] GC(188) Pause Young (Allocation Failure) 2964M->2964M(3290M) 66.638ms
[20.588s][info][gc,cpu         ] GC(188) User=0.30s Sys=0.00s Real=0.07s
[20.619s][info][gc,start       ] GC(189) Pause Young (Allocation Failure)
[20.694s][info][gc,heap        ] GC(189) PSYoungGen: 147072K(179712K)->136960K(186880K) Eden: 32256K(32256K)->0K(32256K) From: 114816K(147456K)->136960K(154624K)
[20.694s][info][gc,heap        ] GC(189) ParOldGen: 2921287K(3189248K)->2931535K(3189248K)
[20.694s][info][gc,metaspace   ] GC(189) Metaspace: 6302K(6464K)->6302K(6464K) NonClass: 5769K(5824K)->5769K(5824K) Class: 533K(640K)->533K(640K)
[20.694s][info][gc             ] GC(189) Pause Young (Allocation Failure) 2996M->2996M(3297M) 75.100ms
[20.694s][info][gc,cpu         ] GC(189) User=0.41s Sys=0.00s Real=0.08s
[20.725s][info][gc,start       ] GC(190) Pause Young (Allocation Failure)
[20.808s][info][gc,heap        ] GC(190) PSYoungGen: 169216K(186880K)->136512K(194560K) Eden: 32256K(32256K)->0K(26112K) From: 136960K(154624K)->136512K(168448K)
[20.808s][info][gc,heap        ] GC(190) ParOldGen: 2931535K(3189248K)->2964607K(3189248K)
[20.808s][info][gc,metaspace   ] GC(190) Metaspace: 6302K(6464K)->6302K(6464K) NonClass: 5769K(5824K)->5769K(5824K) Class: 533K(640K)->533K(640K)
[20.808s][info][gc             ] GC(190) Pause Young (Allocation Failure) 3028M->3028M(3304M) 83.008ms
[20.808s][info][gc,cpu         ] GC(190) User=0.41s Sys=0.09s Real=0.08s
[20.834s][info][gc,start       ] GC(191) Pause Young (Allocation Failure)
[20.912s][info][gc,heap        ] GC(191) PSYoungGen: 162624K(194560K)->90880K(117248K) Eden: 26112K(26112K)->0K(26112K) From: 136512K(168448K)->90880K(91136K)
[20.912s][info][gc,heap        ] GC(191) ParOldGen: 2964607K(3189248K)->3036903K(3189248K)
[20.912s][info][gc,metaspace   ] GC(191) Metaspace: 6302K(6464K)->6302K(6464K) NonClass: 5769K(5824K)->5769K(5824K) Class: 533K(640K)->533K(640K)
[20.912s][info][gc             ] GC(191) Pause Young (Allocation Failure) 3053M->3054M(3229M) 78.306ms
[20.912s][info][gc,cpu         ] GC(191) User=0.47s Sys=0.05s Real=0.08s
[20.938s][info][gc,start       ] GC(192) Pause Young (Allocation Failure)
[21.008s][info][gc,heap        ] GC(192) PSYoungGen: 116992K(117248K)->52416K(198144K) Eden: 26112K(26112K)->0K(30208K) From: 90880K(91136K)->52416K(167936K)
[21.009s][info][gc,heap        ] GC(192) ParOldGen: 3036903K(3189248K)->3101975K(3189248K)
[21.009s][info][gc,metaspace   ] GC(192) Metaspace: 6302K(6464K)->6302K(6464K) NonClass: 5769K(5824K)->5769K(5824K) Class: 533K(640K)->533K(640K)
[21.009s][info][gc             ] GC(192) Pause Young (Allocation Failure) 3079M->3080M(3308M) 71.037ms
[21.009s][info][gc,cpu         ] GC(192) User=0.20s Sys=0.00s Real=0.07s
[21.041s][info][gc,start       ] GC(193) Pause Young (Allocation Failure)
[21.100s][info][gc,heap        ] GC(193) PSYoungGen: 82624K(198144K)->30336K(199168K) Eden: 30208K(30208K)->0K(30208K) From: 52416K(167936K)->30336K(168960K)
[21.100s][info][gc,heap        ] GC(193) ParOldGen: 3101975K(3189248K)->3154639K(3189248K)
[21.100s][info][gc,metaspace   ] GC(193) Metaspace: 6302K(6464K)->6302K(6464K) NonClass: 5769K(5824K)->5769K(5824K) Class: 533K(640K)->533K(640K)
[21.100s][info][gc             ] GC(193) Pause Young (Allocation Failure) 3109M->3110M(3309M) 59.229ms
[21.100s][info][gc,cpu         ] GC(193) User=0.16s Sys=0.02s Real=0.06s
[21.100s][info][gc,start       ] GC(194) Pause Full (Ergonomics)
[21.100s][info][gc,phases,start] GC(194) Marking Phase
[21.810s][info][gc,phases      ] GC(194) Marking Phase 710.098ms
[21.811s][info][gc,phases,start] GC(194) Summary Phase
[21.811s][info][gc,phases      ] GC(194) Summary Phase 0.057ms
[21.811s][info][gc,phases,start] GC(194) Adjust Roots
[21.811s][info][gc,phases      ] GC(194) Adjust Roots 0.173ms
[21.811s][info][gc,phases,start] GC(194) Compaction Phase
[22.119s][info][gc,phases      ] GC(194) Compaction Phase 307.719ms
[22.119s][info][gc,phases,start] GC(194) Post Compact
[22.125s][info][gc,phases      ] GC(194) Post Compact 6.136ms
[22.126s][info][gc,heap        ] GC(194) PSYoungGen: 30336K(199168K)->0K(204800K) Eden: 0K(30208K)->0K(34304K) From: 30336K(168960K)->0K(170496K)
[22.126s][info][gc,heap        ] GC(194) ParOldGen: 3154639K(3189248K)->3182292K(3513856K)
[22.126s][info][gc,metaspace   ] GC(194) Metaspace: 6302K(6464K)->6302K(6464K) NonClass: 5769K(5824K)->5769K(5824K) Class: 533K(640K)->533K(640K)
[22.126s][info][gc             ] GC(194) Pause Full (Ergonomics) 3110M->3107M(3631M) 1025.746ms
[22.126s][info][gc,cpu         ] GC(194) User=7.42s Sys=0.06s Real=1.03s
[22.166s][info][gc,start       ] GC(195) Pause Young (Allocation Failure)
[22.205s][info][gc,heap        ] GC(195) PSYoungGen: 34304K(204800K)->34432K(204800K) Eden: 34304K(34304K)->0K(34304K) From: 0K(170496K)->34432K(170496K)
[22.205s][info][gc,heap        ] GC(195) ParOldGen: 3182292K(3513856K)->3182292K(3513856K)
[22.205s][info][gc,metaspace   ] GC(195) Metaspace: 6302K(6464K)->6302K(6464K) NonClass: 5769K(5824K)->5769K(5824K) Class: 533K(640K)->533K(640K)
[22.205s][info][gc             ] GC(195) Pause Young (Allocation Failure) 3141M->3141M(3631M) 38.935ms
[22.205s][info][gc,cpu         ] GC(195) User=0.08s Sys=0.00s Real=0.04s
[22.240s][info][gc,start       ] GC(196) Pause Young (Allocation Failure)
[22.293s][info][gc,heap        ] GC(196) PSYoungGen: 68736K(204800K)->34528K(203776K) Eden: 34304K(34304K)->0K(38400K) From: 34432K(170496K)->34528K(165376K)
[22.293s][info][gc,heap        ] GC(196) ParOldGen: 3182292K(3513856K)->3216908K(3513856K)
[22.293s][info][gc,metaspace   ] GC(196) Metaspace: 6302K(6464K)->6302K(6464K) NonClass: 5769K(5824K)->5769K(5824K) Class: 533K(640K)->533K(640K)
[22.293s][info][gc             ] GC(196) Pause Young (Allocation Failure) 3174M->3175M(3630M) 53.074ms
[22.293s][info][gc,cpu         ] GC(196) User=0.14s Sys=0.02s Real=0.05s
[22.330s][info][gc,start       ] GC(197) Pause Young (Allocation Failure)
[22.381s][info][gc,heap        ] GC(197) PSYoungGen: 72928K(203776K)->38592K(205824K) Eden: 38400K(38400K)->0K(38400K) From: 34528K(165376K)->38592K(167424K)
[22.381s][info][gc,heap        ] GC(197) ParOldGen: 3216908K(3513856K)->3251508K(3513856K)
[22.381s][info][gc,metaspace   ] GC(197) Metaspace: 6302K(6464K)->6302K(6464K) NonClass: 5769K(5824K)->5769K(5824K) Class: 533K(640K)->533K(640K)
[22.381s][info][gc             ] GC(197) Pause Young (Allocation Failure) 3212M->3212M(3632M) 51.640ms
[22.381s][info][gc,cpu         ] GC(197) User=0.14s Sys=0.02s Real=0.05s
[22.420s][info][gc,start       ] GC(198) Pause Young (Allocation Failure)
[22.476s][info][gc,heap        ] GC(198) PSYoungGen: 76992K(205824K)->38560K(198656K) Eden: 38400K(38400K)->0K(43008K) From: 38592K(167424K)->38560K(155648K)
[22.476s][info][gc,heap        ] GC(198) ParOldGen: 3251508K(3513856K)->3290252K(3513856K)
[22.476s][info][gc,metaspace   ] GC(198) Metaspace: 6302K(6464K)->6302K(6464K) NonClass: 5769K(5824K)->5769K(5824K) Class: 533K(640K)->533K(640K)
[22.476s][info][gc             ] GC(198) Pause Young (Allocation Failure) 3250M->3250M(3625M) 55.582ms
[22.476s][info][gc,cpu         ] GC(198) User=0.17s Sys=0.00s Real=0.06s
[22.520s][info][gc,start       ] GC(199) Pause Young (Allocation Failure)
[22.577s][info][gc,heap        ] GC(199) PSYoungGen: 81568K(198656K)->43200K(86528K) Eden: 43008K(43008K)->0K(43008K) From: 38560K(155648K)->43200K(43520K)
[22.577s][info][gc,heap        ] GC(199) ParOldGen: 3290252K(3513856K)->3329004K(3513856K)
[22.577s][info][gc,metaspace   ] GC(199) Metaspace: 6302K(6464K)->6302K(6464K) NonClass: 5769K(5824K)->5769K(5824K) Class: 533K(640K)->533K(640K)
[22.577s][info][gc             ] GC(199) Pause Young (Allocation Failure) 3292M->3293M(3516M) 56.757ms
[22.577s][info][gc,cpu         ] GC(199) User=0.23s Sys=0.03s Real=0.06s
[22.624s][info][gc,start       ] GC(200) Pause Young (Allocation Failure)
[22.681s][info][gc,heap        ] GC(200) PSYoungGen: 86208K(86528K)->43200K(190976K) Eden: 43008K(43008K)->0K(48128K) From: 43200K(43520K)->43200K(142848K)
[22.681s][info][gc,heap        ] GC(200) ParOldGen: 3329004K(3513856K)->3372404K(3513856K)
[22.681s][info][gc,metaspace   ] GC(200) Metaspace: 6302K(6464K)->6302K(6464K) NonClass: 5769K(5824K)->5769K(5824K) Class: 533K(640K)->533K(640K)
[22.681s][info][gc             ] GC(200) Pause Young (Allocation Failure) 3335M->3335M(3618M) 56.778ms
[22.681s][info][gc,cpu         ] GC(200) User=0.19s Sys=0.02s Real=0.06s
[22.734s][info][gc,start       ] GC(201) Pause Young (Allocation Failure)
[22.794s][info][gc,heap        ] GC(201) PSYoungGen: 91328K(190976K)->48320K(96768K) Eden: 48128K(48128K)->0K(48128K) From: 43200K(142848K)->48320K(48640K)
[22.794s][info][gc,heap        ] GC(201) ParOldGen: 3372404K(3513856K)->3415812K(3513856K)
[22.794s][info][gc,metaspace   ] GC(201) Metaspace: 6302K(6464K)->6302K(6464K) NonClass: 5769K(5824K)->5769K(5824K) Class: 533K(640K)->533K(640K)
[22.794s][info][gc             ] GC(201) Pause Young (Allocation Failure) 3382M->3382M(3526M) 60.423ms
[22.794s][info][gc,cpu         ] GC(201) User=0.17s Sys=0.00s Real=0.06s
[22.838s][info][gc,start       ] GC(202) Pause Young (Allocation Failure)
[22.898s][info][gc,heap        ] GC(202) PSYoungGen: 96448K(96768K)->48352K(183808K) Eden: 48128K(48128K)->0K(53760K) From: 48320K(48640K)->48352K(130048K)
[22.898s][info][gc,heap        ] GC(202) ParOldGen: 3415812K(3513856K)->3464380K(3513856K)
[22.898s][info][gc,metaspace   ] GC(202) Metaspace: 6302K(6464K)->6302K(6464K) NonClass: 5769K(5824K)->5769K(5824K) Class: 533K(640K)->533K(640K)
[22.898s][info][gc             ] GC(202) Pause Young (Allocation Failure) 3429M->3430M(3611M) 60.112ms
[22.898s][info][gc,cpu         ] GC(202) User=0.19s Sys=0.02s Real=0.06s
[22.898s][info][gc,start       ] GC(203) Pause Full (Ergonomics)
[22.898s][info][gc,phases,start] GC(203) Marking Phase
[23.701s][info][gc,phases      ] GC(203) Marking Phase 802.647ms
[23.701s][info][gc,phases,start] GC(203) Summary Phase
[23.701s][info][gc,phases      ] GC(203) Summary Phase 0.092ms
[23.701s][info][gc,phases,start] GC(203) Adjust Roots
[23.701s][info][gc,phases      ] GC(203) Adjust Roots 0.168ms
[23.701s][info][gc,phases,start] GC(203) Compaction Phase
[24.041s][info][gc,phases      ] GC(203) Compaction Phase 339.929ms
[24.041s][info][gc,phases,start] GC(203) Post Compact
[24.047s][info][gc,phases      ] GC(203) Post Compact 6.265ms
[24.048s][info][gc,heap        ] GC(203) PSYoungGen: 48352K(183808K)->0K(189952K) Eden: 0K(53760K)->0K(53760K) From: 48352K(130048K)->0K(136192K)
[24.048s][info][gc,heap        ] GC(203) ParOldGen: 3464380K(3513856K)->3509713K(3856384K)
[24.048s][info][gc,metaspace   ] GC(203) Metaspace: 6302K(6464K)->6302K(6464K) NonClass: 5769K(5824K)->5769K(5824K) Class: 533K(640K)->533K(640K)
[24.048s][info][gc             ] GC(203) Pause Full (Ergonomics) 3430M->3427M(3951M) 1150.574ms
[24.048s][info][gc,cpu         ] GC(203) User=8.28s Sys=0.03s Real=1.15s
[24.101s][info][gc,start       ] GC(204) Pause Young (Allocation Failure)
[24.146s][info][gc,heap        ] GC(204) PSYoungGen: 53760K(189952K)->54016K(180736K) Eden: 53760K(53760K)->0K(58880K) From: 0K(136192K)->54016K(121856K)
[24.146s][info][gc,heap        ] GC(204) ParOldGen: 3509713K(3856384K)->3509713K(3856384K)
[24.146s][info][gc,metaspace   ] GC(204) Metaspace: 6302K(6464K)->6302K(6464K) NonClass: 5769K(5824K)->5769K(5824K) Class: 533K(640K)->533K(640K)
[24.146s][info][gc             ] GC(204) Pause Young (Allocation Failure) 3479M->3480M(3942M) 45.189ms
[24.146s][info][gc,cpu         ] GC(204) User=0.05s Sys=0.00s Real=0.05s
[24.208s][info][gc,start       ] GC(205) Pause Young (Allocation Failure)
[24.282s][info][gc,heap        ] GC(205) PSYoungGen: 112896K(180736K)->112928K(188416K) Eden: 58880K(58880K)->0K(58880K) From: 54016K(121856K)->112928K(129536K)
[24.282s][info][gc,heap        ] GC(205) ParOldGen: 3509713K(3856384K)->3509713K(3856384K)
[24.282s][info][gc,metaspace   ] GC(205) Metaspace: 6302K(6464K)->6302K(6464K) NonClass: 5769K(5824K)->5769K(5824K) Class: 533K(640K)->533K(640K)
[24.283s][info][gc             ] GC(205) Pause Young (Allocation Failure) 3537M->3537M(3950M) 74.688ms
[24.283s][info][gc,cpu         ] GC(205) User=0.19s Sys=0.00s Real=0.07s
[24.347s][info][gc,start       ] GC(206) Pause Young (Allocation Failure)
[24.441s][info][gc,heap        ] GC(206) PSYoungGen: 171808K(188416K)->142336K(174592K) Eden: 58880K(58880K)->0K(32256K) From: 112928K(129536K)->142336K(142336K)
[24.441s][info][gc,heap        ] GC(206) ParOldGen: 3509713K(3856384K)->3539393K(3856384K)
[24.441s][info][gc,metaspace   ] GC(206) Metaspace: 6302K(6464K)->6302K(6464K) NonClass: 5769K(5824K)->5769K(5824K) Class: 533K(640K)->533K(640K)
[24.441s][info][gc             ] GC(206) Pause Young (Allocation Failure) 3595M->3595M(3936M) 93.873ms
[24.441s][info][gc,cpu         ] GC(206) User=0.56s Sys=0.05s Real=0.10s
[24.473s][info][gc,start       ] GC(207) Pause Young (Allocation Failure)
[24.566s][info][gc,heap        ] GC(207) PSYoungGen: 174592K(174592K)->76544K(109056K) Eden: 32256K(32256K)->0K(32256K) From: 142336K(142336K)->76544K(76800K)
[24.566s][info][gc,heap        ] GC(207) ParOldGen: 3539393K(3856384K)->3638337K(3856384K)
[24.566s][info][gc,metaspace   ] GC(207) Metaspace: 6302K(6464K)->6302K(6464K) NonClass: 5769K(5824K)->5769K(5824K) Class: 533K(640K)->533K(640K)
[24.566s][info][gc             ] GC(207) Pause Young (Allocation Failure) 3626M->3627M(3872M) 92.877ms
[24.566s][info][gc,cpu         ] GC(207) User=0.67s Sys=0.05s Real=0.09s
[24.596s][info][gc,start       ] GC(208) Pause Young (Allocation Failure)
[24.668s][info][gc,heap        ] GC(208) PSYoungGen: 108800K(109056K)->64736K(187392K) Eden: 32256K(32256K)->0K(36352K) From: 76544K(76800K)->64736K(151040K)
[24.668s][info][gc,heap        ] GC(208) ParOldGen: 3638337K(3856384K)->3682777K(3856384K)
[24.668s][info][gc,metaspace   ] GC(208) Metaspace: 6302K(6464K)->6302K(6464K) NonClass: 5769K(5824K)->5769K(5824K) Class: 533K(640K)->533K(640K)
[24.668s][info][gc             ] GC(208) Pause Young (Allocation Failure) 3659M->3659M(3949M) 71.640ms
[24.668s][info][gc,cpu         ] GC(208) User=0.30s Sys=0.00s Real=0.07s
[24.703s][info][gc,start       ] GC(209) Pause Young (Allocation Failure)
[24.763s][info][gc,heap        ] GC(209) PSYoungGen: 101088K(187392K)->68832K(105472K) Eden: 36352K(36352K)->0K(36352K) From: 64736K(151040K)->68832K(69120K)
[24.763s][info][gc,heap        ] GC(209) ParOldGen: 3682777K(3856384K)->3715337K(3856384K)
[24.763s][info][gc,metaspace   ] GC(209) Metaspace: 6302K(6464K)->6302K(6464K) NonClass: 5769K(5824K)->5769K(5824K) Class: 533K(640K)->533K(640K)
[24.763s][info][gc             ] GC(209) Pause Young (Allocation Failure) 3695M->3695M(3869M) 59.564ms
[24.763s][info][gc,cpu         ] GC(209) User=0.22s Sys=0.06s Real=0.06s
[24.798s][info][gc,start       ] GC(210) Pause Young (Allocation Failure)
[24.880s][info][gc,heap        ] GC(210) PSYoungGen: 105184K(105472K)->72928K(177152K) Eden: 36352K(36352K)->0K(41472K) From: 68832K(69120K)->72928K(135680K)
[24.880s][info][gc,heap        ] GC(210) ParOldGen: 3715337K(3856384K)->3747881K(3856384K)
[24.880s][info][gc,metaspace   ] GC(210) Metaspace: 6302K(6464K)->6302K(6464K) NonClass: 5769K(5824K)->5769K(5824K) Class: 533K(640K)->533K(640K)
[24.880s][info][gc             ] GC(210) Pause Young (Allocation Failure) 3730M->3731M(3939M) 81.941ms
[24.880s][info][gc,cpu         ] GC(210) User=0.20s Sys=0.02s Real=0.08s
[24.926s][info][gc,start       ] GC(211) Pause Young (Allocation Failure)
[25.005s][info][gc,heap        ] GC(211) PSYoungGen: 114400K(177152K)->41632K(184320K) Eden: 41472K(41472K)->0K(41472K) From: 72928K(135680K)->41632K(142848K)
[25.005s][info][gc,heap        ] GC(211) ParOldGen: 3747881K(3856384K)->3821193K(3856384K)
[25.005s][info][gc,metaspace   ] GC(211) Metaspace: 6302K(6464K)->6302K(6464K) NonClass: 5769K(5824K)->5769K(5824K) Class: 533K(640K)->533K(640K)
[25.005s][info][gc             ] GC(211) Pause Young (Allocation Failure) 3771M->3772M(3946M) 79.056ms
[25.005s][info][gc,cpu         ] GC(211) User=0.42s Sys=0.03s Real=0.08s
[25.005s][info][gc,start       ] GC(212) Pause Full (Ergonomics)
[25.005s][info][gc,phases,start] GC(212) Marking Phase
[25.929s][info][gc,phases      ] GC(212) Marking Phase 924.108ms
[25.929s][info][gc,phases,start] GC(212) Summary Phase
[25.929s][info][gc,phases      ] GC(212) Summary Phase 0.075ms
[25.929s][info][gc,phases,start] GC(212) Adjust Roots
[25.929s][info][gc,phases      ] GC(212) Adjust Roots 0.213ms
[25.929s][info][gc,phases,start] GC(212) Compaction Phase
[26.318s][info][gc,phases      ] GC(212) Compaction Phase 389.266ms
[26.319s][info][gc,phases,start] GC(212) Post Compact
[26.327s][info][gc,phases      ] GC(212) Post Compact 8.260ms
[26.328s][info][gc,heap        ] GC(212) PSYoungGen: 41632K(184320K)->3644K(184320K) Eden: 0K(41472K)->0K(41472K) From: 41632K(142848K)->3644K(142848K)
[26.328s][info][gc,heap        ] GC(212) ParOldGen: 3821193K(3856384K)->3856013K(4244480K)
[26.328s][info][gc,metaspace   ] GC(212) Metaspace: 6302K(6464K)->6302K(6464K) NonClass: 5769K(5824K)->5769K(5824K) Class: 533K(640K)->533K(640K)
[26.328s][info][gc             ] GC(212) Pause Full (Ergonomics) 3772M->3769M(4325M) 1323.547ms
[26.328s][info][gc,cpu         ] GC(212) User=9.19s Sys=0.03s Real=1.32s
[26.373s][info][gc,start       ] GC(213) Pause Young (Allocation Failure)
[26.569s][info][gc,heap        ] GC(213) PSYoungGen: 45116K(184320K)->41600K(182272K) Eden: 41472K(41472K)->0K(46080K) From: 3644K(142848K)->41600K(136192K)
[26.569s][info][gc,heap        ] GC(213) ParOldGen: 3856013K(4244480K)->3859717K(4244480K)
[26.569s][info][gc,metaspace   ] GC(213) Metaspace: 6302K(6464K)->6302K(6464K) NonClass: 5769K(5824K)->5769K(5824K) Class: 533K(640K)->533K(640K)
[26.569s][info][gc             ] GC(213) Pause Young (Allocation Failure) 3809M->3809M(4323M) 195.706ms
[26.569s][info][gc,cpu         ] GC(213) User=1.25s Sys=0.00s Real=0.20s
[26.614s][info][gc,start       ] GC(214) Pause Young (Allocation Failure)
[26.684s][info][gc,heap        ] GC(214) PSYoungGen: 87680K(182272K)->87776K(185344K) Eden: 46080K(46080K)->0K(46080K) From: 41600K(136192K)->87776K(139264K)
[26.684s][info][gc,heap        ] GC(214) ParOldGen: 3859717K(4244480K)->3859717K(4244480K)
[26.684s][info][gc,metaspace   ] GC(214) Metaspace: 6302K(6464K)->6302K(6464K) NonClass: 5769K(5824K)->5769K(5824K) Class: 533K(640K)->533K(640K)
[26.684s][info][gc             ] GC(214) Pause Young (Allocation Failure) 3854M->3854M(4326M) 69.632ms
[26.684s][info][gc,cpu         ] GC(214) User=0.25s Sys=0.00s Real=0.07s
[26.729s][info][gc,start       ] GC(215) Pause Young (Allocation Failure)
[26.803s][info][gc,heap        ] GC(215) PSYoungGen: 133856K(185344K)->92416K(189440K) Eden: 46080K(46080K)->0K(49664K) From: 87776K(139264K)->92416K(139776K)
[26.803s][info][gc,heap        ] GC(215) ParOldGen: 3859717K(4244480K)->3901565K(4244480K)
[26.803s][info][gc,metaspace   ] GC(215) Metaspace: 6302K(6464K)->6302K(6464K) NonClass: 5769K(5824K)->5769K(5824K) Class: 533K(640K)->533K(640K)
[26.803s][info][gc             ] GC(215) Pause Young (Allocation Failure) 3899M->3900M(4330M) 74.489ms
[26.803s][info][gc,cpu         ] GC(215) User=0.48s Sys=0.03s Real=0.07s
[26.854s][info][gc,start       ] GC(216) Pause Young (Allocation Failure)
[26.929s][info][gc,heap        ] GC(216) PSYoungGen: 142080K(189440K)->96000K(190976K) Eden: 49664K(49664K)->0K(49664K) From: 92416K(139776K)->96000K(141312K)
[26.929s][info][gc,heap        ] GC(216) ParOldGen: 3901565K(4244480K)->3948077K(4244480K)
[26.929s][info][gc,metaspace   ] GC(216) Metaspace: 6302K(6464K)->6302K(6464K) NonClass: 5769K(5824K)->5769K(5824K) Class: 533K(640K)->533K(640K)
[26.929s][info][gc             ] GC(216) Pause Young (Allocation Failure) 3948M->3949M(4331M) 75.246ms
[26.929s][info][gc,cpu         ] GC(216) User=0.52s Sys=0.00s Real=0.08s
[26.985s][info][gc,start       ] GC(217) Pause Young (Allocation Failure)
[27.066s][info][gc,heap        ] GC(217) PSYoungGen: 145664K(190976K)->99584K(196608K) Eden: 49664K(49664K)->0K(53248K) From: 96000K(141312K)->99584K(143360K)
[27.066s][info][gc,heap        ] GC(217) ParOldGen: 3948077K(4244480K)->3994573K(4244480K)
[27.066s][info][gc,metaspace   ] GC(217) Metaspace: 6302K(6464K)->6302K(6464K) NonClass: 5769K(5824K)->5769K(5824K) Class: 533K(640K)->533K(640K)
[27.066s][info][gc             ] GC(217) Pause Young (Allocation Failure) 3997M->3998M(4337M) 81.038ms
[27.066s][info][gc,cpu         ] GC(217) User=0.48s Sys=0.03s Real=0.08s
[27.127s][info][gc,start       ] GC(218) Pause Young (Allocation Failure)
[27.210s][info][gc,heap        ] GC(218) PSYoungGen: 152832K(196608K)->103168K(199168K) Eden: 53248K(53248K)->0K(53248K) From: 99584K(143360K)->103168K(145920K)
[27.210s][info][gc,heap        ] GC(218) ParOldGen: 3994573K(4244480K)->4044685K(4244480K)
[27.210s][info][gc,metaspace   ] GC(218) Metaspace: 6302K(6464K)->6302K(6464K) NonClass: 5769K(5824K)->5769K(5824K) Class: 533K(640K)->533K(640K)
[27.211s][info][gc             ] GC(218) Pause Young (Allocation Failure) 4050M->4050M(4339M) 83.681ms
[27.211s][info][gc,cpu         ] GC(218) User=0.52s Sys=0.03s Real=0.08s
[27.263s][info][gc,start       ] GC(219) Pause Young (Allocation Failure)
[27.348s][info][gc,heap        ] GC(219) PSYoungGen: 156416K(199168K)->106816K(204288K) Eden: 53248K(53248K)->0K(55808K) From: 103168K(145920K)->106816K(148480K)
[27.348s][info][gc,heap        ] GC(219) ParOldGen: 4044685K(4244480K)->4094805K(4244480K)
[27.348s][info][gc,metaspace   ] GC(219) Metaspace: 6302K(6464K)->6302K(6464K) NonClass: 5769K(5824K)->5769K(5824K) Class: 533K(640K)->533K(640K)
[27.348s][info][gc             ] GC(219) Pause Young (Allocation Failure) 4102M->4103M(4344M) 85.004ms
[27.348s][info][gc,cpu         ] GC(219) User=0.41s Sys=0.05s Real=0.09s
[27.404s][info][gc,start       ] GC(220) Pause Young (Allocation Failure)
[27.489s][info][gc,heap        ] GC(220) PSYoungGen: 162624K(204288K)->109376K(207872K) Eden: 55808K(55808K)->0K(55808K) From: 106816K(148480K)->109376K(152064K)
[27.489s][info][gc,heap        ] GC(220) ParOldGen: 4094805K(4244480K)->4148533K(4244480K)
[27.489s][info][gc,metaspace   ] GC(220) Metaspace: 6302K(6464K)->6302K(6464K) NonClass: 5769K(5824K)->5769K(5824K) Class: 533K(640K)->533K(640K)
[27.489s][info][gc             ] GC(220) Pause Young (Allocation Failure) 4157M->4158M(4348M) 84.591ms
[27.489s][info][gc,cpu         ] GC(220) User=0.42s Sys=0.11s Real=0.09s
[27.552s][info][gc,start       ] GC(221) Pause Young (Allocation Failure)
[27.639s][info][gc,heap        ] GC(221) PSYoungGen: 165184K(207872K)->111904K(214528K) Eden: 55808K(55808K)->0K(59392K) From: 109376K(152064K)->111904K(155136K)
[27.639s][info][gc,heap        ] GC(221) ParOldGen: 4148533K(4244480K)->4202261K(4244480K)
[27.639s][info][gc,metaspace   ] GC(221) Metaspace: 6302K(6464K)->6302K(6464K) NonClass: 5769K(5824K)->5769K(5824K) Class: 533K(640K)->533K(640K)
[27.639s][info][gc             ] GC(221) Pause Young (Allocation Failure) 4212M->4213M(4354M) 87.470ms
[27.639s][info][gc,cpu         ] GC(221) User=0.56s Sys=0.06s Real=0.09s
[27.640s][info][gc,start       ] GC(222) Pause Full (Ergonomics)
[27.640s][info][gc,phases,start] GC(222) Marking Phase
[28.625s][info][gc,phases      ] GC(222) Marking Phase 985.716ms
[28.625s][info][gc,phases,start] GC(222) Summary Phase
[28.625s][info][gc,phases      ] GC(222) Summary Phase 0.050ms
[28.625s][info][gc,phases,start] GC(222) Adjust Roots
[28.626s][info][gc,phases      ] GC(222) Adjust Roots 0.164ms
[28.626s][info][gc,phases,start] GC(222) Compaction Phase
[29.005s][info][gc,phases      ] GC(222) Compaction Phase 379.474ms
[29.005s][info][gc,phases,start] GC(222) Post Compact
[29.012s][info][gc,phases      ] GC(222) Post Compact 6.481ms
[29.013s][info][gc,heap        ] GC(222) PSYoungGen: 111904K(214528K)->66056K(214528K) Eden: 0K(59392K)->0K(59392K) From: 111904K(155136K)->66056K(155136K)
[29.013s][info][gc,heap        ] GC(222) ParOldGen: 4202261K(4244480K)->4244378K(4663808K)
[29.013s][info][gc,metaspace   ] GC(222) Metaspace: 6302K(6464K)->6302K(6464K) NonClass: 5769K(5824K)->5769K(5824K) Class: 533K(640K)->533K(640K)
[29.013s][info][gc             ] GC(222) Pause Full (Ergonomics) 4213M->4209M(4764M) 1373.511ms
[29.013s][info][gc,cpu         ] GC(222) User=10.31s Sys=0.08s Real=1.37s
[29.085s][info][gc,start       ] GC(223) Pause Young (Allocation Failure)
[29.347s][info][gc,heap        ] GC(223) PSYoungGen: 125448K(214528K)->89600K(148992K) Eden: 59392K(59392K)->0K(59392K) From: 66056K(155136K)->89600K(89600K)
[29.347s][info][gc,heap        ] GC(223) ParOldGen: 4244378K(4663808K)->4280874K(4663808K)
[29.347s][info][gc,metaspace   ] GC(223) Metaspace: 6302K(6464K)->6302K(6464K) NonClass: 5769K(5824K)->5769K(5824K) Class: 533K(640K)->533K(640K)
[29.347s][info][gc             ] GC(223) Pause Young (Allocation Failure) 4267M->4268M(4700M) 262.367ms
[29.347s][info][gc,cpu         ] GC(223) User=1.72s Sys=0.03s Real=0.26s
[29.408s][info][gc,start       ] GC(224) Pause Young (Allocation Failure)
[29.491s][info][gc,heap        ] GC(224) PSYoungGen: 148992K(148992K)->149088K(200704K) Eden: 59392K(59392K)->0K(49152K) From: 89600K(89600K)->149088K(151552K)
[29.491s][info][gc,heap        ] GC(224) ParOldGen: 4280874K(4663808K)->4280874K(4663808K)
[29.491s][info][gc,metaspace   ] GC(224) Metaspace: 6302K(6464K)->6302K(6464K) NonClass: 5769K(5824K)->5769K(5824K) Class: 533K(640K)->533K(640K)
[29.491s][info][gc             ] GC(224) Pause Young (Allocation Failure) 4326M->4326M(4750M) 83.026ms
[29.491s][info][gc,cpu         ] GC(224) User=0.48s Sys=0.03s Real=0.08s
[29.544s][info][gc,start       ] GC(225) Pause Young (Allocation Failure)
[29.651s][info][gc,heap        ] GC(225) PSYoungGen: 198240K(200704K)->167936K(217088K) Eden: 49152K(49152K)->0K(49152K) From: 149088K(151552K)->167936K(167936K)
[29.651s][info][gc,heap        ] GC(225) ParOldGen: 4280874K(4663808K)->4311370K(4663808K)
[29.651s][info][gc,metaspace   ] GC(225) Metaspace: 6302K(6464K)->6302K(6464K) NonClass: 5769K(5824K)->5769K(5824K) Class: 533K(640K)->533K(640K)
[29.651s][info][gc             ] GC(225) Pause Young (Allocation Failure) 4374M->4374M(4766M) 107.280ms
[29.651s][info][gc,cpu         ] GC(225) User=0.69s Sys=0.08s Real=0.11s
[29.705s][info][gc,start       ] GC(226) Pause Young (Allocation Failure)
[29.827s][info][gc,heap        ] GC(226) PSYoungGen: 217088K(217088K)->98592K(238592K) Eden: 49152K(49152K)->0K(55296K) From: 167936K(167936K)->98592K(183296K)
[29.827s][info][gc,heap        ] GC(226) ParOldGen: 4311370K(4663808K)->4430930K(4663808K)
[29.827s][info][gc,metaspace   ] GC(226) Metaspace: 6302K(6464K)->6302K(6464K) NonClass: 5769K(5824K)->5769K(5824K) Class: 533K(640K)->533K(640K)
[29.827s][info][gc             ] GC(226) Pause Young (Allocation Failure) 4422M->4423M(4787M) 122.360ms
[29.827s][info][gc,cpu         ] GC(226) User=0.75s Sys=0.11s Real=0.12s
[29.894s][info][gc,start       ] GC(227) Pause Young (Allocation Failure)
[29.983s][info][gc,heap        ] GC(227) PSYoungGen: 153888K(238592K)->104704K(160256K) Eden: 55296K(55296K)->0K(55296K) From: 98592K(183296K)->104704K(104960K)
[29.983s][info][gc,heap        ] GC(227) ParOldGen: 4430930K(4663808K)->4480538K(4663808K)
[29.983s][info][gc,metaspace   ] GC(227) Metaspace: 6302K(6464K)->6302K(6464K) NonClass: 5769K(5824K)->5769K(5824K) Class: 533K(640K)->533K(640K)
[29.983s][info][gc             ] GC(227) Pause Young (Allocation Failure) 4477M->4477M(4711M) 89.136ms
[29.984s][info][gc,cpu         ] GC(227) User=0.59s Sys=0.02s Real=0.09s
[30.045s][info][gc,start       ] GC(228) Pause Young (Allocation Failure)
[30.135s][info][gc,heap        ] GC(228) PSYoungGen: 160000K(160256K)->110912K(233472K) Eden: 55296K(55296K)->0K(61952K) From: 104704K(104960K)->110912K(171520K)
[30.135s][info][gc,heap        ] GC(228) ParOldGen: 4480538K(4663808K)->4530138K(4663808K)
[30.135s][info][gc,metaspace   ] GC(228) Metaspace: 6302K(6464K)->6302K(6464K) NonClass: 5769K(5824K)->5769K(5824K) Class: 533K(640K)->533K(640K)
[30.135s][info][gc             ] GC(228) Pause Young (Allocation Failure) 4531M->4532M(4782M) 89.299ms
[30.135s][info][gc,cpu         ] GC(228) User=0.45s Sys=0.05s Real=0.09s
[30.198s][info][gc,start       ] GC(229) Pause Young (Allocation Failure)
[30.296s][info][gc,heap        ] GC(229) PSYoungGen: 172864K(233472K)->117568K(239104K) Eden: 61952K(61952K)->0K(61952K) From: 110912K(171520K)->117568K(177152K)
[30.296s][info][gc,heap        ] GC(229) ParOldGen: 4530138K(4663808K)->4585938K(4663808K)
[30.296s][info][gc,metaspace   ] GC(229) Metaspace: 6302K(6464K)->6302K(6464K) NonClass: 5769K(5824K)->5769K(5824K) Class: 533K(640K)->533K(640K)
[30.296s][info][gc             ] GC(229) Pause Young (Allocation Failure) 4592M->4593M(4788M) 97.755ms
[30.296s][info][gc,cpu         ] GC(229) User=0.59s Sys=0.05s Real=0.10s
[30.296s][info][gc,start       ] GC(230) Pause Full (Ergonomics)
[30.296s][info][gc,phases,start] GC(230) Marking Phase
[31.348s][info][gc,phases      ] GC(230) Marking Phase 1051.893ms
[31.348s][info][gc,phases,start] GC(230) Summary Phase
[31.348s][info][gc,phases      ] GC(230) Summary Phase 0.059ms
[31.348s][info][gc,phases,start] GC(230) Adjust Roots
[31.348s][info][gc,phases      ] GC(230) Adjust Roots 0.161ms
[31.348s][info][gc,phases,start] GC(230) Compaction Phase
[31.738s][info][gc,phases      ] GC(230) Compaction Phase 389.310ms
[31.738s][info][gc,phases,start] GC(230) Post Compact
[31.746s][info][gc,phases      ] GC(230) Post Compact 7.964ms
[31.747s][info][gc,heap        ] GC(230) PSYoungGen: 117568K(239104K)->36453K(239104K) Eden: 0K(61952K)->0K(61952K) From: 117568K(177152K)->36453K(177152K)
[31.747s][info][gc,heap        ] GC(230) ParOldGen: 4585938K(4663808K)->4663407K(5127168K)
[31.747s][info][gc,metaspace   ] GC(230) Metaspace: 6302K(6464K)->6302K(6464K) NonClass: 5769K(5824K)->5769K(5824K) Class: 533K(640K)->533K(640K)
[31.747s][info][gc             ] GC(230) Pause Full (Ergonomics) 4593M->4589M(5240M) 1451.241ms
[31.747s][info][gc,cpu         ] GC(230) User=11.00s Sys=0.08s Real=1.45s
[31.818s][info][gc,start       ] GC(231) Pause Young (Allocation Failure)
[32.079s][info][gc,heap        ] GC(231) PSYoungGen: 98405K(239104K)->73920K(238592K) Eden: 61952K(61952K)->0K(68096K) From: 36453K(177152K)->73920K(170496K)
[32.079s][info][gc,heap        ] GC(231) ParOldGen: 4663407K(5127168K)->4688447K(5127168K)
[32.079s][info][gc,metaspace   ] GC(231) Metaspace: 6302K(6464K)->6302K(6464K) NonClass: 5769K(5824K)->5769K(5824K) Class: 533K(640K)->533K(640K)
[32.079s][info][gc             ] GC(231) Pause Young (Allocation Failure) 4650M->4650M(5240M) 260.987ms
[32.079s][info][gc,cpu         ] GC(231) User=1.53s Sys=0.03s Real=0.26s
[32.159s][info][gc,start       ] GC(232) Pause Young (Allocation Failure)
[32.245s][info][gc,heap        ] GC(232) PSYoungGen: 142016K(238592K)->142048K(241664K) Eden: 68096K(68096K)->0K(68096K) From: 73920K(170496K)->142048K(173568K)
[32.245s][info][gc,heap        ] GC(232) ParOldGen: 4688447K(5127168K)->4688447K(5127168K)
[32.245s][info][gc,metaspace   ] GC(232) Metaspace: 6302K(6464K)->6302K(6464K) NonClass: 5769K(5824K)->5769K(5824K) Class: 533K(640K)->533K(640K)
[32.245s][info][gc             ] GC(232) Pause Young (Allocation Failure) 4717M->4717M(5243M) 86.414ms
[32.245s][info][gc,cpu         ] GC(232) User=0.53s Sys=0.00s Real=0.09s
[32.315s][info][gc,start       ] GC(233) Pause Young (Allocation Failure)
[32.427s][info][gc,heap        ] GC(233) PSYoungGen: 210144K(241664K)->180736K(224768K) Eden: 68096K(68096K)->0K(44032K) From: 142048K(173568K)->180736K(180736K)
[32.427s][info][gc,heap        ] GC(233) ParOldGen: 4688447K(5127168K)->4718111K(5127168K)
[32.427s][info][gc,metaspace   ] GC(233) Metaspace: 6302K(6464K)->6302K(6464K) NonClass: 5769K(5824K)->5769K(5824K) Class: 533K(640K)->533K(640K)
[32.427s][info][gc             ] GC(233) Pause Young (Allocation Failure) 4783M->4784M(5226M) 111.873ms
[32.427s][info][gc,cpu         ] GC(233) User=0.73s Sys=0.14s Real=0.11s
[32.473s][info][gc,start       ] GC(234) Pause Young (Allocation Failure)
[32.597s][info][gc,heap        ] GC(234) PSYoungGen: 224768K(224768K)->165824K(256000K) Eden: 44032K(44032K)->0K(44032K) From: 180736K(180736K)->165824K(211968K)
[32.597s][info][gc,heap        ] GC(234) ParOldGen: 4718111K(5127168K)->4777671K(5127168K)
[32.597s][info][gc,metaspace   ] GC(234) Metaspace: 6302K(6464K)->6302K(6464K) NonClass: 5769K(5824K)->5769K(5824K) Class: 533K(640K)->533K(640K)
[32.597s][info][gc             ] GC(234) Pause Young (Allocation Failure) 4827M->4827M(5257M) 123.911ms
[32.597s][info][gc,cpu         ] GC(234) User=0.95s Sys=0.05s Real=0.12s
[32.644s][info][gc,start       ] GC(235) Pause Young (Allocation Failure)
[32.760s][info][gc,heap        ] GC(235) PSYoungGen: 209856K(256000K)->146944K(269312K) Eden: 44032K(44032K)->0K(49664K) From: 165824K(211968K)->146944K(219648K)
[32.760s][info][gc,heap        ] GC(235) ParOldGen: 4777671K(5127168K)->4841167K(5127168K)
[32.760s][info][gc,metaspace   ] GC(235) Metaspace: 6302K(6464K)->6302K(6464K) NonClass: 5769K(5824K)->5769K(5824K) Class: 533K(640K)->533K(640K)
[32.760s][info][gc             ] GC(235) Pause Young (Allocation Failure) 4870M->4871M(5270M) 116.378ms
[32.760s][info][gc,cpu         ] GC(235) User=0.72s Sys=0.17s Real=0.12s
[32.818s][info][gc,start       ] GC(236) Pause Young (Allocation Failure)
[32.928s][info][gc,heap        ] GC(236) PSYoungGen: 196608K(269312K)->93984K(269824K) Eden: 49664K(49664K)->0K(49664K) From: 146944K(219648K)->93984K(220160K)
[32.928s][info][gc,heap        ] GC(236) ParOldGen: 4841167K(5127168K)->4944607K(5127168K)
[32.928s][info][gc,metaspace   ] GC(236) Metaspace: 6302K(6464K)->6302K(6464K) NonClass: 5769K(5824K)->5769K(5824K) Class: 533K(640K)->533K(640K)
[32.928s][info][gc             ] GC(236) Pause Young (Allocation Failure) 4919M->4920M(5270M) 109.707ms
[32.928s][info][gc,cpu         ] GC(236) User=0.70s Sys=0.05s Real=0.11s
[32.983s][info][gc,start       ] GC(237) Pause Young (Allocation Failure)
[33.069s][info][gc,heap        ] GC(237) PSYoungGen: 143648K(269824K)->49856K(269312K) Eden: 49664K(49664K)->0K(53760K) From: 93984K(220160K)->49856K(215552K)
[33.069s][info][gc,heap        ] GC(237) ParOldGen: 4944607K(5127168K)->5039111K(5127168K)
[33.069s][info][gc,metaspace   ] GC(237) Metaspace: 6302K(6464K)->6302K(6464K) NonClass: 5769K(5824K)->5769K(5824K) Class: 533K(640K)->533K(640K)
[33.069s][info][gc             ] GC(237) Pause Young (Allocation Failure) 4968M->4969M(5270M) 86.091ms
[33.069s][info][gc,cpu         ] GC(237) User=0.52s Sys=0.03s Real=0.09s
[33.069s][info][gc,start       ] GC(238) Pause Full (Ergonomics)
[33.069s][info][gc,phases,start] GC(238) Marking Phase
[34.253s][info][gc,phases      ] GC(238) Marking Phase 1183.950ms
[34.253s][info][gc,phases,start] GC(238) Summary Phase
[34.253s][info][gc,phases      ] GC(238) Summary Phase 0.084ms
[34.253s][info][gc,phases,start] GC(238) Adjust Roots
[34.254s][info][gc,phases      ] GC(238) Adjust Roots 0.164ms
[34.254s][info][gc,phases,start] GC(238) Compaction Phase
[34.682s][info][gc,phases      ] GC(238) Compaction Phase 428.868ms
[34.682s][info][gc,phases,start] GC(238) Post Compact
[34.690s][info][gc,phases      ] GC(238) Post Compact 7.574ms
[34.692s][info][gc,heap        ] GC(238) PSYoungGen: 49856K(269312K)->0K(271872K) Eden: 0K(53760K)->0K(53760K) From: 49856K(215552K)->0K(218112K)
[34.692s][info][gc,heap        ] GC(238) ParOldGen: 5039111K(5127168K)->5085165K(5616128K)
[34.692s][info][gc,metaspace   ] GC(238) Metaspace: 6302K(6464K)->6302K(6464K) NonClass: 5769K(5824K)->5769K(5824K) Class: 533K(640K)->533K(640K)
[34.692s][info][gc             ] GC(238) Pause Full (Ergonomics) 4969M->4965M(5750M) 1622.510ms
[34.692s][info][gc,cpu         ] GC(238) User=12.28s Sys=0.00s Real=1.62s
[34.750s][info][gc,start       ] GC(239) Pause Young (Allocation Failure)
[34.802s][info][gc,heap        ] GC(239) PSYoungGen: 53760K(271872K)->53984K(275456K) Eden: 53760K(53760K)->0K(58880K) From: 0K(218112K)->53984K(216576K)
[34.803s][info][gc,heap        ] GC(239) ParOldGen: 5085165K(5616128K)->5085165K(5616128K)
[34.803s][info][gc,metaspace   ] GC(239) Metaspace: 6302K(6464K)->6302K(6464K) NonClass: 5769K(5824K)->5769K(5824K) Class: 533K(640K)->533K(640K)
[34.803s][info][gc             ] GC(239) Pause Young (Allocation Failure) 5018M->5018M(5753M) 52.435ms
[34.803s][info][gc,cpu         ] GC(239) User=0.16s Sys=0.00s Real=0.05s
[34.865s][info][gc,start       ] GC(240) Pause Young (Allocation Failure)
[34.934s][info][gc,heap        ] GC(240) PSYoungGen: 112864K(275456K)->112896K(172032K) Eden: 58880K(58880K)->0K(58880K) From: 53984K(216576K)->112896K(113152K)
[34.934s][info][gc,heap        ] GC(240) ParOldGen: 5085165K(5616128K)->5085165K(5616128K)
[34.934s][info][gc,metaspace   ] GC(240) Metaspace: 6302K(6464K)->6302K(6464K) NonClass: 5769K(5824K)->5769K(5824K) Class: 533K(640K)->533K(640K)
[34.935s][info][gc             ] GC(240) Pause Young (Allocation Failure) 5076M->5076M(5652M) 69.016ms
[34.935s][info][gc,cpu         ] GC(240) User=0.30s Sys=0.00s Real=0.07s
[35.006s][info][gc,start       ] GC(241) Pause Young (Allocation Failure)
[35.096s][info][gc,heap        ] GC(241) PSYoungGen: 171776K(172032K)->171936K(260608K) Eden: 58880K(58880K)->0K(51712K) From: 112896K(113152K)->171936K(208896K)
[35.096s][info][gc,heap        ] GC(241) ParOldGen: 5085165K(5616128K)->5085165K(5616128K)
[35.096s][info][gc,metaspace   ] GC(241) Metaspace: 6302K(6464K)->6302K(6464K) NonClass: 5769K(5824K)->5769K(5824K) Class: 533K(640K)->533K(640K)
[35.096s][info][gc             ] GC(241) Pause Young (Allocation Failure) 5133M->5133M(5739M) 89.986ms
[35.096s][info][gc,cpu         ] GC(241) User=0.59s Sys=0.03s Real=0.09s
[35.152s][info][gc,start       ] GC(242) Pause Young (Allocation Failure)
[35.268s][info][gc,heap        ] GC(242) PSYoungGen: 223648K(260608K)->169824K(273920K) Eden: 51712K(51712K)->0K(51712K) From: 171936K(208896K)->169824K(222208K)
[35.268s][info][gc,heap        ] GC(242) ParOldGen: 5085165K(5616128K)->5139413K(5616128K)
[35.268s][info][gc,metaspace   ] GC(242) Metaspace: 6302K(6464K)->6302K(6464K) NonClass: 5769K(5824K)->5769K(5824K) Class: 533K(640K)->533K(640K)
[35.268s][info][gc             ] GC(242) Pause Young (Allocation Failure) 5184M->5184M(5752M) 116.642ms
[35.268s][info][gc,cpu         ] GC(242) User=0.77s Sys=0.02s Real=0.12s
[35.327s][info][gc,start       ] GC(243) Pause Young (Allocation Failure)
[35.441s][info][gc,heap        ] GC(243) PSYoungGen: 221536K(273920K)->162720K(285184K) Eden: 51712K(51712K)->0K(53248K) From: 169824K(222208K)->162720K(231936K)
[35.442s][info][gc,heap        ] GC(243) ParOldGen: 5139413K(5616128K)->5198805K(5616128K)
[35.442s][info][gc,metaspace   ] GC(243) Metaspace: 6302K(6464K)->6302K(6464K) NonClass: 5769K(5824K)->5769K(5824K) Class: 533K(640K)->533K(640K)
[35.442s][info][gc             ] GC(243) Pause Young (Allocation Failure) 5235M->5235M(5763M) 114.611ms
[35.442s][info][gc,cpu         ] GC(243) User=0.73s Sys=0.03s Real=0.12s
[35.503s][info][gc,start       ] GC(244) Pause Young (Allocation Failure)
[35.619s][info][gc,heap        ] GC(244) PSYoungGen: 215968K(285184K)->157024K(289792K) Eden: 53248K(53248K)->0K(53248K) From: 162720K(231936K)->157024K(236544K)
[35.619s][info][gc,heap        ] GC(244) ParOldGen: 5198805K(5616128K)->5258197K(5616128K)
[35.619s][info][gc,metaspace   ] GC(244) Metaspace: 6302K(6464K)->6302K(6464K) NonClass: 5769K(5824K)->5769K(5824K) Class: 533K(640K)->533K(640K)
[35.619s][info][gc             ] GC(244) Pause Young (Allocation Failure) 5287M->5288M(5767M) 116.330ms
[35.619s][info][gc,cpu         ] GC(244) User=0.78s Sys=0.08s Real=0.12s
[35.679s][info][gc,start       ] GC(245) Pause Young (Allocation Failure)
[35.789s][info][gc,heap        ] GC(245) PSYoungGen: 210272K(289792K)->158592K(296448K) Eden: 53248K(53248K)->0K(59392K) From: 157024K(236544K)->158592K(237056K)
[35.789s][info][gc,heap        ] GC(245) ParOldGen: 5258197K(5616128K)->5310389K(5616128K)
[35.789s][info][gc,metaspace   ] GC(245) Metaspace: 6302K(6464K)->6302K(6464K) NonClass: 5769K(5824K)->5769K(5824K) Class: 533K(640K)->533K(640K)
[35.789s][info][gc             ] GC(245) Pause Young (Allocation Failure) 5340M->5340M(5774M) 110.173ms
[35.789s][info][gc,cpu         ] GC(245) User=0.72s Sys=0.03s Real=0.11s
[35.862s][info][gc,start       ] GC(246) Pause Young (Allocation Failure)
[35.986s][info][gc,heap        ] GC(246) PSYoungGen: 217984K(296448K)->112960K(296960K) Eden: 59392K(59392K)->0K(59392K) From: 158592K(237056K)->112960K(237568K)
[35.986s][info][gc,heap        ] GC(246) ParOldGen: 5310389K(5616128K)->5416253K(5616128K)
[35.986s][info][gc,metaspace   ] GC(246) Metaspace: 6302K(6464K)->6302K(6464K) NonClass: 5769K(5824K)->5769K(5824K) Class: 533K(640K)->533K(640K)
[35.986s][info][gc             ] GC(246) Pause Young (Allocation Failure) 5398M->5399M(5774M) 124.603ms
[35.986s][info][gc,cpu         ] GC(246) User=0.92s Sys=0.03s Real=0.12s
[36.050s][info][gc,start       ] GC(247) Pause Young (Allocation Failure)
[36.150s][info][gc,heap        ] GC(247) PSYoungGen: 172352K(296960K)->59616K(294912K) Eden: 59392K(59392K)->0K(65024K) From: 112960K(237568K)->59616K(229888K)
[36.150s][info][gc,heap        ] GC(247) ParOldGen: 5416253K(5616128K)->5529861K(5616128K)
[36.150s][info][gc,metaspace   ] GC(247) Metaspace: 6302K(6464K)->6302K(6464K) NonClass: 5769K(5824K)->5769K(5824K) Class: 533K(640K)->533K(640K)
[36.150s][info][gc             ] GC(247) Pause Young (Allocation Failure) 5457M->5458M(5772M) 99.673ms
[36.150s][info][gc,cpu         ] GC(247) User=0.56s Sys=0.14s Real=0.10s
[36.150s][info][gc,start       ] GC(248) Pause Full (Ergonomics)
[36.150s][info][gc,phases,start] GC(248) Marking Phase
[37.405s][info][gc,phases      ] GC(248) Marking Phase 1255.005ms
[37.405s][info][gc,phases,start] GC(248) Summary Phase
[37.405s][info][gc,phases      ] GC(248) Summary Phase 0.097ms
[37.405s][info][gc,phases,start] GC(248) Adjust Roots
[37.406s][info][gc,phases      ] GC(248) Adjust Roots 0.216ms
[37.406s][info][gc,phases,start] GC(248) Compaction Phase
[37.885s][info][gc,phases      ] GC(248) Compaction Phase 479.638ms
[37.885s][info][gc,phases,start] GC(248) Post Compact
[37.894s][info][gc,phases      ] GC(248) Post Compact 8.474ms
[37.896s][info][gc,heap        ] GC(248) PSYoungGen: 59616K(294912K)->0K(296960K) Eden: 0K(65024K)->0K(65024K) From: 59616K(229888K)->0K(231936K)
[37.896s][info][gc,heap        ] GC(248) ParOldGen: 5529861K(5616128K)->5585102K(6176256K)
[37.896s][info][gc,metaspace   ] GC(248) Metaspace: 6302K(6464K)->6302K(6464K) NonClass: 5769K(5824K)->5769K(5824K) Class: 533K(640K)->533K(640K)
[37.896s][info][gc             ] GC(248) Pause Full (Ergonomics) 5458M->5454M(6321M) 1745.528ms
[37.896s][info][gc,cpu         ] GC(248) User=13.16s Sys=0.03s Real=1.74s
[37.965s][info][gc,start       ] GC(249) Pause Young (Allocation Failure)
[38.023s][info][gc,heap        ] GC(249) PSYoungGen: 65024K(296960K)->65248K(299008K) Eden: 65024K(65024K)->0K(71680K) From: 0K(231936K)->65248K(227328K)
[38.023s][info][gc,heap        ] GC(249) ParOldGen: 5585102K(6176256K)->5585102K(6176256K)
[38.023s][info][gc,metaspace   ] GC(249) Metaspace: 6302K(6464K)->6302K(6464K) NonClass: 5769K(5824K)->5769K(5824K) Class: 533K(640K)->533K(640K)
[38.023s][info][gc             ] GC(249) Pause Young (Allocation Failure) 5517M->5517M(6323M) 58.326ms
[38.023s][info][gc,cpu         ] GC(249) User=0.17s Sys=0.00s Real=0.06s
[38.111s][info][gc,start       ] GC(250) Pause Young (Allocation Failure)
[38.190s][info][gc,heap        ] GC(250) PSYoungGen: 136928K(299008K)->137024K(302080K) Eden: 71680K(71680K)->0K(71680K) From: 65248K(227328K)->137024K(230400K)
[38.190s][info][gc,heap        ] GC(250) ParOldGen: 5585102K(6176256K)->5585102K(6176256K)
[38.190s][info][gc,metaspace   ] GC(250) Metaspace: 6302K(6464K)->6302K(6464K) NonClass: 5769K(5824K)->5769K(5824K) Class: 533K(640K)->533K(640K)
[38.190s][info][gc             ] GC(250) Pause Young (Allocation Failure) 5587M->5588M(6326M) 79.336ms
[38.191s][info][gc,cpu         ] GC(250) User=0.52s Sys=0.00s Real=0.08s
[39.453s][info][gc,start       ] GC(251) Pause Young (Allocation Failure)
[39.680s][info][gc,heap        ] GC(251) PSYoungGen: 208704K(302080K)->208928K(283136K) Eden: 71680K(71680K)->0K(56320K) From: 137024K(230400K)->208928K(226816K)
[39.680s][info][gc,heap        ] GC(251) ParOldGen: 5847246K(6176256K)->5847246K(6176256K)
[39.680s][info][gc,metaspace   ] GC(251) Metaspace: 6302K(6464K)->6302K(6464K) NonClass: 5769K(5824K)->5769K(5824K) Class: 533K(640K)->533K(640K)
[39.680s][info][gc             ] GC(251) Pause Young (Allocation Failure) 5914M->5914M(6308M) 226.983ms
[39.680s][info][gc,cpu         ] GC(251) User=1.38s Sys=0.05s Real=0.23s
[39.740s][info][gc,start       ] GC(252) Pause Young (Allocation Failure)
[39.874s][info][gc,heap        ] GC(252) PSYoungGen: 265248K(283136K)->249344K(305664K) Eden: 56320K(56320K)->0K(56320K) From: 208928K(226816K)->249344K(249344K)
[39.874s][info][gc,heap        ] GC(252) ParOldGen: 5847246K(6176256K)->5863214K(6176256K)
[39.874s][info][gc,metaspace   ] GC(252) Metaspace: 6302K(6464K)->6302K(6464K) NonClass: 5769K(5824K)->5769K(5824K) Class: 533K(640K)->533K(640K)
[39.874s][info][gc             ] GC(252) Pause Young (Allocation Failure) 5969M->5969M(6330M) 133.845ms
[39.874s][info][gc,cpu         ] GC(252) User=0.59s Sys=0.00s Real=0.13s
[39.937s][info][gc,start       ] GC(253) Pause Young (Allocation Failure)
[40.093s][info][gc,heap        ] GC(253) PSYoungGen: 305664K(305664K)->170112K(343040K) Eden: 56320K(56320K)->0K(62464K) From: 249344K(249344K)->170112K(280576K)
[40.093s][info][gc,heap        ] GC(253) ParOldGen: 5863214K(6176256K)->5999974K(6176256K)
[40.093s][info][gc,metaspace   ] GC(253) Metaspace: 6302K(6464K)->6302K(6464K) NonClass: 5769K(5824K)->5769K(5824K) Class: 533K(640K)->533K(640K)
[40.093s][info][gc             ] GC(253) Pause Young (Allocation Failure) 6024M->6025M(6366M) 156.030ms
[40.093s][info][gc,cpu         ] GC(253) User=0.78s Sys=0.06s Real=0.16s
[40.158s][info][gc,start       ] GC(254) Pause Young (Allocation Failure)
[40.289s][info][gc,heap        ] GC(254) PSYoungGen: 232576K(343040K)->174656K(346624K) Eden: 62464K(62464K)->0K(62464K) From: 170112K(280576K)->174656K(284160K)
[40.289s][info][gc,heap        ] GC(254) ParOldGen: 5999974K(6176256K)->6058430K(6176256K)
[40.289s][info][gc,metaspace   ] GC(254) Metaspace: 6302K(6464K)->6302K(6464K) NonClass: 5769K(5824K)->5769K(5824K) Class: 533K(640K)->533K(640K)
[40.289s][info][gc             ] GC(254) Pause Young (Allocation Failure) 6086M->6086M(6370M) 130.863ms
[40.289s][info][gc,cpu         ] GC(254) User=0.47s Sys=0.00s Real=0.13s
[40.289s][info][gc,start       ] GC(255) Pause Full (Ergonomics)
[40.289s][info][gc,phases,start] GC(255) Marking Phase
[41.654s][info][gc,phases      ] GC(255) Marking Phase 1364.994ms
[41.654s][info][gc,phases,start] GC(255) Summary Phase
[41.654s][info][gc,phases      ] GC(255) Summary Phase 0.143ms
[41.654s][info][gc,phases,start] GC(255) Adjust Roots
[41.654s][info][gc,phases      ] GC(255) Adjust Roots 0.164ms
[41.654s][info][gc,phases,start] GC(255) Compaction Phase
[42.579s][info][gc,phases      ] GC(255) Compaction Phase 924.392ms
[42.579s][info][gc,phases,start] GC(255) Post Compact
[42.589s][info][gc,phases      ] GC(255) Post Compact 10.012ms
[42.591s][info][gc,heap        ] GC(255) PSYoungGen: 174656K(346624K)->0K(351744K) Eden: 0K(62464K)->0K(70144K) From: 174656K(284160K)->0K(281600K)
[42.591s][info][gc,heap        ] GC(255) ParOldGen: 6058430K(6176256K)->6099475K(6743040K)
[42.591s][info][gc,metaspace   ] GC(255) Metaspace: 6302K(6464K)->6302K(6464K) NonClass: 5769K(5824K)->5769K(5824K) Class: 533K(640K)->533K(640K)
[42.591s][info][gc             ] GC(255) Pause Full (Ergonomics) 6086M->5956M(6928M) 2301.966ms
[42.591s][info][gc,cpu         ] GC(255) User=16.33s Sys=0.05s Real=2.30s
[42.662s][info][gc,start       ] GC(256) Pause Young (Allocation Failure)
[42.740s][info][gc,heap        ] GC(256) PSYoungGen: 70144K(351744K)->70432K(351744K) Eden: 70144K(70144K)->0K(70144K) From: 0K(281600K)->70432K(281600K)
[42.740s][info][gc,heap        ] GC(256) ParOldGen: 6099475K(6743040K)->6099475K(6743040K)
[42.740s][info][gc,metaspace   ] GC(256) Metaspace: 6302K(6464K)->6302K(6464K) NonClass: 5769K(5824K)->5769K(5824K) Class: 533K(640K)->533K(640K)
[42.740s][info][gc             ] GC(256) Pause Young (Allocation Failure) 6025M->6025M(6928M) 78.816ms
[42.740s][info][gc,cpu         ] GC(256) User=0.17s Sys=0.00s Real=0.08s
[42.817s][info][gc,start       ] GC(257) Pause Young (Allocation Failure)
[42.920s][info][gc,heap        ] GC(257) PSYoungGen: 140576K(351744K)->140704K(331264K) Eden: 70144K(70144K)->0K(77312K) From: 70432K(281600K)->140704K(253952K)
[42.920s][info][gc,heap        ] GC(257) ParOldGen: 6099475K(6743040K)->6099475K(6743040K)
[42.920s][info][gc,metaspace   ] GC(257) Metaspace: 6302K(6464K)->6302K(6464K) NonClass: 5769K(5824K)->5769K(5824K) Class: 533K(640K)->533K(640K)
[42.920s][info][gc             ] GC(257) Pause Young (Allocation Failure) 6093M->6093M(6908M) 103.491ms
[42.920s][info][gc,cpu         ] GC(257) User=0.45s Sys=0.02s Real=0.10s
[43.000s][info][gc,start       ] GC(258) Pause Young (Allocation Failure)
[43.126s][info][gc,heap        ] GC(258) PSYoungGen: 218016K(331264K)->218112K(344576K) Eden: 77312K(77312K)->0K(77312K) From: 140704K(253952K)->218112K(267264K)
[43.126s][info][gc,heap        ] GC(258) ParOldGen: 6099475K(6743040K)->6099475K(6743040K)
[43.126s][info][gc,metaspace   ] GC(258) Metaspace: 6302K(6464K)->6302K(6464K) NonClass: 5769K(5824K)->5769K(5824K) Class: 533K(640K)->533K(640K)
[43.126s][info][gc             ] GC(258) Pause Young (Allocation Failure) 6169M->6169M(6921M) 126.106ms
[43.126s][info][gc,cpu         ] GC(258) User=0.45s Sys=0.00s Real=0.13s
[43.207s][info][gc,start       ] GC(259) Pause Young (Allocation Failure)
[43.351s][info][gc,heap        ] GC(259) PSYoungGen: 295424K(344576K)->283648K(328192K) Eden: 77312K(77312K)->0K(44544K) From: 218112K(267264K)->283648K(283648K)
[43.351s][info][gc,heap        ] GC(259) ParOldGen: 6099475K(6743040K)->6111347K(6743040K)
[43.351s][info][gc,metaspace   ] GC(259) Metaspace: 6302K(6464K)->6302K(6464K) NonClass: 5769K(5824K)->5769K(5824K) Class: 533K(640K)->533K(640K)
[43.351s][info][gc             ] GC(259) Pause Young (Allocation Failure) 6245M->6245M(6905M) 143.951ms
[43.351s][info][gc,cpu         ] GC(259) User=0.81s Sys=0.05s Real=0.14s
[43.396s][info][gc,start       ] GC(260) Pause Young (Allocation Failure)
[43.551s][info][gc,heap        ] GC(260) PSYoungGen: 328192K(328192K)->263712K(369152K) Eden: 44544K(44544K)->0K(44544K) From: 283648K(283648K)->263712K(324608K)
[43.551s][info][gc,heap        ] GC(260) ParOldGen: 6111347K(6743040K)->6176483K(6743040K)
[43.551s][info][gc,metaspace   ] GC(260) Metaspace: 6302K(6464K)->6302K(6464K) NonClass: 5769K(5824K)->5769K(5824K) Class: 533K(640K)->533K(640K)
[43.551s][info][gc             ] GC(260) Pause Young (Allocation Failure) 6288M->6289M(6945M) 154.830ms
[43.551s][info][gc,cpu         ] GC(260) User=0.84s Sys=0.05s Real=0.15s
[43.598s][info][gc,start       ] GC(261) Pause Young (Allocation Failure)
[43.753s][info][gc,heap        ] GC(261) PSYoungGen: 308256K(369152K)->166720K(364544K) Eden: 44544K(44544K)->0K(50688K) From: 263712K(324608K)->166720K(313856K)
[43.753s][info][gc,heap        ] GC(261) ParOldGen: 6176483K(6743040K)->6319131K(6743040K)
[43.753s][info][gc,metaspace   ] GC(261) Metaspace: 6302K(6464K)->6302K(6464K) NonClass: 5769K(5824K)->5769K(5824K) Class: 533K(640K)->533K(640K)
[43.753s][info][gc             ] GC(261) Pause Young (Allocation Failure) 6332M->6333M(6941M) 154.986ms
[43.753s][info][gc,cpu         ] GC(261) User=0.88s Sys=0.06s Real=0.15s
[43.812s][info][gc,start       ] GC(262) Pause Young (Allocation Failure)
[43.940s][info][gc,heap        ] GC(262) PSYoungGen: 217408K(364544K)->95456K(380416K) Eden: 50688K(50688K)->0K(50688K) From: 166720K(313856K)->95456K(329728K)
[43.940s][info][gc,heap        ] GC(262) ParOldGen: 6319131K(6743040K)->6441955K(6743040K)
[43.940s][info][gc,metaspace   ] GC(262) Metaspace: 6302K(6464K)->6302K(6464K) NonClass: 5769K(5824K)->5769K(5824K) Class: 533K(640K)->533K(640K)
[43.940s][info][gc             ] GC(262) Pause Young (Allocation Failure) 6383M->6384M(6956M) 128.259ms
[43.940s][info][gc,cpu         ] GC(262) User=0.41s Sys=0.06s Real=0.13s
[43.989s][info][gc,start       ] GC(263) Pause Young (Allocation Failure)
[44.094s][info][gc,heap        ] GC(263) PSYoungGen: 146144K(380416K)->50944K(381440K) Eden: 50688K(50688K)->0K(54272K) From: 95456K(329728K)->50944K(327168K)
[44.094s][info][gc,heap        ] GC(263) ParOldGen: 6441955K(6743040K)->6538003K(6743040K)
[44.094s][info][gc,metaspace   ] GC(263) Metaspace: 6302K(6464K)->6302K(6464K) NonClass: 5769K(5824K)->5769K(5824K) Class: 533K(640K)->533K(640K)
[44.094s][info][gc             ] GC(263) Pause Young (Allocation Failure) 6433M->6434M(6957M) 104.644ms
[44.094s][info][gc,cpu         ] GC(263) User=0.31s Sys=0.02s Real=0.11s
[44.151s][info][gc,start       ] GC(264) Pause Young (Allocation Failure)
[44.241s][info][gc,heap        ] GC(264) PSYoungGen: 105216K(381440K)->54496K(384512K) Eden: 54272K(54272K)->0K(54272K) From: 50944K(327168K)->54496K(330240K)
[44.241s][info][gc,heap        ] GC(264) ParOldGen: 6538003K(6743040K)->6589147K(6743040K)
[44.241s][info][gc,metaspace   ] GC(264) Metaspace: 6302K(6464K)->6302K(6464K) NonClass: 5769K(5824K)->5769K(5824K) Class: 533K(640K)->533K(640K)
[44.241s][info][gc             ] GC(264) Pause Young (Allocation Failure) 6487M->6487M(6960M) 90.663ms
[44.241s][info][gc,cpu         ] GC(264) User=0.25s Sys=0.00s Real=0.09s
[44.241s][info][gc,start       ] GC(265) Pause Full (Ergonomics)
[44.241s][info][gc,phases,start] GC(265) Marking Phase
[45.728s][info][gc,phases      ] GC(265) Marking Phase 1486.866ms
[45.728s][info][gc,phases,start] GC(265) Summary Phase
[45.728s][info][gc,phases      ] GC(265) Summary Phase 0.106ms
[45.728s][info][gc,phases,start] GC(265) Adjust Roots
[45.728s][info][gc,phases      ] GC(265) Adjust Roots 0.162ms
[45.729s][info][gc,phases,start] GC(265) Compaction Phase
[46.362s][info][gc,phases      ] GC(265) Compaction Phase 633.162ms
[46.362s][info][gc,phases,start] GC(265) Post Compact
[46.371s][info][gc,phases      ] GC(265) Post Compact 9.627ms
[46.373s][info][gc,heap        ] GC(265) PSYoungGen: 54496K(384512K)->0K(391168K) Eden: 0K(54272K)->0K(61952K) From: 54496K(330240K)->0K(329216K)
[46.373s][info][gc,heap        ] GC(265) ParOldGen: 6589147K(6743040K)->6638842K(7363072K)
[46.373s][info][gc,metaspace   ] GC(265) Metaspace: 6302K(6464K)->6302K(6464K) NonClass: 5769K(5824K)->5769K(5824K) Class: 533K(640K)->533K(640K)
[46.373s][info][gc             ] GC(265) Pause Full (Ergonomics) 6487M->6483M(7572M) 2132.098ms
[46.373s][info][gc,cpu         ] GC(265) User=15.45s Sys=0.02s Real=2.13s
[46.445s][info][gc,start       ] GC(266) Pause Young (Allocation Failure)
[46.526s][info][gc,heap        ] GC(266) PSYoungGen: 61952K(391168K)->62176K(391168K) Eden: 61952K(61952K)->0K(61952K) From: 0K(329216K)->62176K(329216K)
[46.526s][info][gc,heap        ] GC(266) ParOldGen: 6638842K(7363072K)->6638842K(7363072K)
[46.526s][info][gc,metaspace   ] GC(266) Metaspace: 6302K(6464K)->6302K(6464K) NonClass: 5769K(5824K)->5769K(5824K) Class: 533K(640K)->533K(640K)
[46.526s][info][gc             ] GC(266) Pause Young (Allocation Failure) 6543M->6543M(7572M) 81.460ms
[46.526s][info][gc,cpu         ] GC(266) User=0.22s Sys=0.00s Real=0.08s
[46.600s][info][gc,start       ] GC(267) Pause Young (Allocation Failure)
[46.709s][info][gc,heap        ] GC(267) PSYoungGen: 124128K(391168K)->62144K(380416K) Eden: 61952K(61952K)->0K(68608K) From: 62176K(329216K)->62144K(311808K)
[46.709s][info][gc,heap        ] GC(267) ParOldGen: 6638842K(7363072K)->6701346K(7363072K)
[46.709s][info][gc,metaspace   ] GC(267) Metaspace: 6302K(6464K)->6302K(6464K) NonClass: 5769K(5824K)->5769K(5824K) Class: 533K(640K)->533K(640K)
[46.709s][info][gc             ] GC(267) Pause Young (Allocation Failure) 6604M->6604M(7562M) 109.198ms
[46.709s][info][gc,cpu         ] GC(267) User=0.30s Sys=0.03s Real=0.11s
[46.782s][info][gc,start       ] GC(268) Pause Young (Allocation Failure)
[46.887s][info][gc,heap        ] GC(268) PSYoungGen: 130752K(380416K)->68864K(137728K) Eden: 68608K(68608K)->0K(68608K) From: 62144K(311808K)->68864K(69120K)
[46.887s][info][gc,heap        ] GC(268) ParOldGen: 6701346K(7363072K)->6763858K(7363072K)
[46.887s][info][gc,metaspace   ] GC(268) Metaspace: 6302K(6464K)->6302K(6464K) NonClass: 5769K(5824K)->5769K(5824K) Class: 533K(640K)->533K(640K)
[46.887s][info][gc             ] GC(268) Pause Young (Allocation Failure) 6671M->6672M(7325M) 105.678ms
[46.887s][info][gc,cpu         ] GC(268) User=0.47s Sys=0.00s Real=0.11s
[46.960s][info][gc,start       ] GC(269) Pause Young (Allocation Failure)
[47.080s][info][gc,heap        ] GC(269) PSYoungGen: 137472K(137728K)->68800K(366592K) Eden: 68608K(68608K)->0K(76800K) From: 68864K(69120K)->68800K(289792K)
[47.080s][info][gc,heap        ] GC(269) ParOldGen: 6763858K(7363072K)->6833090K(7363072K)
[47.080s][info][gc,metaspace   ] GC(269) Metaspace: 6302K(6464K)->6302K(6464K) NonClass: 5769K(5824K)->5769K(5824K) Class: 533K(640K)->533K(640K)
[47.080s][info][gc             ] GC(269) Pause Young (Allocation Failure) 6739M->6740M(7548M) 120.201ms
[47.080s][info][gc,cpu         ] GC(269) User=0.33s Sys=0.00s Real=0.12s
[47.171s][info][gc,start       ] GC(270) Pause Young (Allocation Failure)
[47.281s][info][gc,heap        ] GC(270) PSYoungGen: 145600K(366592K)->77056K(154112K) Eden: 76800K(76800K)->0K(76800K) From: 68800K(289792K)->77056K(77312K)
[47.281s][info][gc,heap        ] GC(270) ParOldGen: 6833090K(7363072K)->6902322K(7363072K)
[47.281s][info][gc,metaspace   ] GC(270) Metaspace: 6302K(6464K)->6302K(6464K) NonClass: 5769K(5824K)->5769K(5824K) Class: 533K(640K)->533K(640K)
[47.281s][info][gc             ] GC(270) Pause Young (Allocation Failure) 6815M->6815M(7341M) 110.194ms
[47.281s][info][gc,cpu         ] GC(270) User=0.33s Sys=0.03s Real=0.11s
[47.356s][info][gc,start       ] GC(271) Pause Young (Allocation Failure)
[47.465s][info][gc,heap        ] GC(271) PSYoungGen: 153856K(154112K)->77088K(349696K) Eden: 76800K(76800K)->0K(85504K) From: 77056K(77312K)->77088K(264192K)
[47.465s][info][gc,heap        ] GC(271) ParOldGen: 6902322K(7363072K)->6979818K(7363072K)
[47.465s][info][gc,metaspace   ] GC(271) Metaspace: 6302K(6464K)->6302K(6464K) NonClass: 5769K(5824K)->5769K(5824K) Class: 533K(640K)->533K(640K)
[47.465s][info][gc             ] GC(271) Pause Young (Allocation Failure) 6890M->6891M(7532M) 109.013ms
[47.465s][info][gc,cpu         ] GC(271) User=0.38s Sys=0.02s Real=0.11s
[47.551s][info][gc,start       ] GC(272) Pause Young (Allocation Failure)
[47.661s][info][gc,heap        ] GC(272) PSYoungGen: 162592K(349696K)->85760K(171520K) Eden: 85504K(85504K)->0K(85504K) From: 77088K(264192K)->85760K(86016K)
[47.661s][info][gc,heap        ] GC(272) ParOldGen: 6979818K(7363072K)->7057298K(7363072K)
[47.661s][info][gc,metaspace   ] GC(272) Metaspace: 6302K(6464K)->6302K(6464K) NonClass: 5769K(5824K)->5769K(5824K) Class: 533K(640K)->533K(640K)
[47.661s][info][gc             ] GC(272) Pause Young (Allocation Failure) 6975M->6975M(7358M) 109.615ms
[47.661s][info][gc,cpu         ] GC(272) User=0.44s Sys=0.00s Real=0.11s
[47.754s][info][gc,start       ] GC(273) Pause Young (Allocation Failure)
[47.871s][info][gc,heap        ] GC(273) PSYoungGen: 171264K(171520K)->85760K(334848K) Eden: 85504K(85504K)->0K(95744K) From: 85760K(86016K)->85760K(239104K)
[47.872s][info][gc,heap        ] GC(273) ParOldGen: 7057298K(7363072K)->7143578K(7363072K)
[47.872s][info][gc,metaspace   ] GC(273) Metaspace: 6302K(6464K)->6302K(6464K) NonClass: 5769K(5824K)->5769K(5824K) Class: 533K(640K)->533K(640K)
[47.872s][info][gc             ] GC(273) Pause Young (Allocation Failure) 7059M->7059M(7517M) 117.659ms
[47.872s][info][gc,cpu         ] GC(273) User=0.58s Sys=0.00s Real=0.12s
[47.964s][info][gc,start       ] GC(274) Pause Young (Allocation Failure)
[48.082s][info][gc,heap        ] GC(274) PSYoungGen: 181504K(334848K)->96000K(192000K) Eden: 95744K(95744K)->0K(95744K) From: 85760K(239104K)->96000K(96256K)
[48.082s][info][gc,heap        ] GC(274) ParOldGen: 7143578K(7363072K)->7229842K(7363072K)
[48.082s][info][gc,metaspace   ] GC(274) Metaspace: 6302K(6464K)->6302K(6464K) NonClass: 5769K(5824K)->5769K(5824K) Class: 533K(640K)->533K(640K)
[48.082s][info][gc             ] GC(274) Pause Young (Allocation Failure) 7153M->7154M(7378M) 118.731ms
[48.082s][info][gc,cpu         ] GC(274) User=0.50s Sys=0.00s Real=0.12s
[48.082s][info][gc,start       ] GC(275) Pause Full (Ergonomics)
[48.082s][info][gc,phases,start] GC(275) Marking Phase
[49.746s][info][gc,phases      ] GC(275) Marking Phase 1664.025ms
[49.746s][info][gc,phases,start] GC(275) Summary Phase
[49.747s][info][gc,phases      ] GC(275) Summary Phase 0.121ms
[49.747s][info][gc,phases,start] GC(275) Adjust Roots
[49.747s][info][gc,phases      ] GC(275) Adjust Roots 0.164ms
[49.747s][info][gc,phases,start] GC(275) Compaction Phase
[50.423s][info][gc,phases      ] GC(275) Compaction Phase 676.456ms
[50.423s][info][gc,phases,start] GC(275) Post Compact
[50.436s][info][gc,phases      ] GC(275) Post Compact 13.004ms
[50.439s][info][gc,heap        ] GC(275) PSYoungGen: 96000K(192000K)->0K(345088K) Eden: 0K(95744K)->0K(107008K) From: 96000K(96256K)->0K(238080K)
[50.439s][info][gc,heap        ] GC(275) ParOldGen: 7229842K(7363072K)->7320024K(8080896K)
[50.439s][info][gc,metaspace   ] GC(275) Metaspace: 6302K(6464K)->6302K(6464K) NonClass: 5769K(5824K)->5769K(5824K) Class: 533K(640K)->533K(640K)
[50.439s][info][gc             ] GC(275) Pause Full (Ergonomics) 7154M->7148M(8228M) 2356.297ms
[50.439s][info][gc,cpu         ] GC(275) User=17.23s Sys=0.08s Real=2.36s
[50.560s][info][gc,start       ] GC(276) Pause Young (Allocation Failure)
[50.659s][info][gc,heap        ] GC(276) PSYoungGen: 107008K(345088K)->107296K(214528K) Eden: 107008K(107008K)->0K(107008K) From: 0K(238080K)->107296K(107520K)
[50.660s][info][gc,heap        ] GC(276) ParOldGen: 7320024K(8080896K)->7320024K(8080896K)
[50.660s][info][gc,metaspace   ] GC(276) Metaspace: 6302K(6464K)->6302K(6464K) NonClass: 5769K(5824K)->5769K(5824K) Class: 533K(640K)->533K(640K)
[50.660s][info][gc             ] GC(276) Pause Young (Allocation Failure) 7252M->7253M(8101M) 99.447ms
[50.660s][info][gc,cpu         ] GC(276) User=0.33s Sys=0.00s Real=0.10s
[50.769s][info][gc,start       ] GC(277) Pause Young (Allocation Failure)
[50.896s][info][gc,heap        ] GC(277) PSYoungGen: 214304K(214528K)->214528K(314368K) Eden: 107008K(107008K)->0K(88064K) From: 107296K(107520K)->214528K(226304K)
[50.896s][info][gc,heap        ] GC(277) ParOldGen: 7320024K(8080896K)->7320024K(8080896K)
[50.896s][info][gc,metaspace   ] GC(277) Metaspace: 6302K(6464K)->6302K(6464K) NonClass: 5769K(5824K)->5769K(5824K) Class: 533K(640K)->533K(640K)
[50.896s][info][gc             ] GC(277) Pause Young (Allocation Failure) 7357M->7357M(8198M) 126.678ms
[50.896s][info][gc,cpu         ] GC(277) User=0.77s Sys=0.00s Real=0.13s
[50.989s][info][gc,start       ] GC(278) Pause Young (Allocation Failure)
[51.143s][info][gc,heap        ] GC(278) PSYoungGen: 302592K(314368K)->254976K(343040K) Eden: 88064K(88064K)->0K(88064K) From: 214528K(226304K)->254976K(254976K)
[51.143s][info][gc,heap        ] GC(278) ParOldGen: 7320024K(8080896K)->7368040K(8080896K)
[51.143s][info][gc,metaspace   ] GC(278) Metaspace: 6302K(6464K)->6302K(6464K) NonClass: 5769K(5824K)->5769K(5824K) Class: 533K(640K)->533K(640K)
[51.143s][info][gc             ] GC(278) Pause Young (Allocation Failure) 7443M->7444M(8226M) 153.480ms
[51.143s][info][gc,cpu         ] GC(278) User=0.92s Sys=0.02s Real=0.15s
[51.239s][info][gc,start       ] GC(279) Pause Young (Allocation Failure)
[51.418s][info][gc,heap        ] GC(279) PSYoungGen: 343040K(343040K)->156384K(390144K) Eden: 88064K(88064K)->0K(97792K) From: 254976K(254976K)->156384K(292352K)
[51.418s][info][gc,heap        ] GC(279) ParOldGen: 7368040K(8080896K)->7556328K(8080896K)
[51.418s][info][gc,metaspace   ] GC(279) Metaspace: 6302K(6464K)->6302K(6464K) NonClass: 5769K(5824K)->5769K(5824K) Class: 533K(640K)->533K(640K)
[51.418s][info][gc             ] GC(279) Pause Young (Allocation Failure) 7530M->7531M(8272M) 179.262ms
[51.418s][info][gc,cpu         ] GC(279) User=1.23s Sys=0.05s Real=0.18s
[51.523s][info][gc,start       ] GC(280) Pause Young (Allocation Failure)
[51.666s][info][gc,heap        ] GC(280) PSYoungGen: 254176K(390144K)->186304K(398848K) Eden: 97792K(97792K)->0K(97792K) From: 156384K(292352K)->186304K(301056K)
[51.666s][info][gc,heap        ] GC(280) ParOldGen: 7556328K(8080896K)->7624832K(8080896K)
[51.666s][info][gc,metaspace   ] GC(280) Metaspace: 6302K(6464K)->6302K(6464K) NonClass: 5769K(5824K)->5769K(5824K) Class: 533K(640K)->533K(640K)
[51.666s][info][gc             ] GC(280) Pause Young (Allocation Failure) 7627M->7628M(8281M) 142.980ms
[51.666s][info][gc,cpu         ] GC(280) User=0.62s Sys=0.06s Real=0.14s
[51.777s][info][gc,start       ] GC(281) Pause Young (Allocation Failure)
[51.940s][info][gc,heap        ] GC(281) PSYoungGen: 284096K(398848K)->196064K(408064K) Eden: 97792K(97792K)->0K(104960K) From: 186304K(301056K)->196064K(303104K)
[51.940s][info][gc,heap        ] GC(281) ParOldGen: 7624832K(8080896K)->7713696K(8080896K)
[51.940s][info][gc,metaspace   ] GC(281) Metaspace: 6302K(6464K)->6302K(6464K) NonClass: 5769K(5824K)->5769K(5824K) Class: 533K(640K)->533K(640K)
[51.940s][info][gc             ] GC(281) Pause Young (Allocation Failure) 7723M->7724M(8290M) 163.449ms
[51.940s][info][gc,cpu         ] GC(281) User=0.84s Sys=0.06s Real=0.16s
[52.045s][info][gc,start       ] GC(282) Pause Young (Allocation Failure)
[52.233s][info][gc,heap        ] GC(282) PSYoungGen: 301024K(408064K)->203264K(412160K) Eden: 104960K(104960K)->0K(104960K) From: 196064K(303104K)->203264K(307200K)
[52.233s][info][gc,heap        ] GC(282) ParOldGen: 7713696K(8080896K)->7812360K(8080896K)
[52.233s][info][gc,metaspace   ] GC(282) Metaspace: 6302K(6464K)->6302K(6464K) NonClass: 5769K(5824K)->5769K(5824K) Class: 533K(640K)->533K(640K)
[52.233s][info][gc             ] GC(282) Pause Young (Allocation Failure) 7826M->7827M(8294M) 187.762ms
[52.233s][info][gc,cpu         ] GC(282) User=0.62s Sys=0.00s Real=0.19s
[52.348s][info][gc,start       ] GC(283) Pause Young (Allocation Failure)
[52.522s][info][gc,heap        ] GC(283) PSYoungGen: 308224K(412160K)->210432K(424448K) Eden: 104960K(104960K)->0K(112128K) From: 203264K(307200K)->210432K(312320K)
[52.522s][info][gc,heap        ] GC(283) ParOldGen: 7812360K(8080896K)->7911024K(8080896K)
[52.522s][info][gc,metaspace   ] GC(283) Metaspace: 6302K(6464K)->6302K(6464K) NonClass: 5769K(5824K)->5769K(5824K) Class: 533K(640K)->533K(640K)
[52.522s][info][gc             ] GC(283) Pause Young (Allocation Failure) 7930M->7931M(8306M) 174.825ms
[52.522s][info][gc,cpu         ] GC(283) User=1.05s Sys=0.08s Real=0.17s
[52.636s][info][gc,start       ] GC(284) Pause Young (Allocation Failure)
[52.820s][info][gc,heap        ] GC(284) PSYoungGen: 322560K(424448K)->217600K(429568K) Eden: 112128K(112128K)->0K(112128K) From: 210432K(312320K)->217600K(317440K)
[52.820s][info][gc,heap        ] GC(284) ParOldGen: 7911024K(8080896K)->8016936K(8080896K)
[52.820s][info][gc,metaspace   ] GC(284) Metaspace: 6302K(6464K)->6302K(6464K) NonClass: 5769K(5824K)->5769K(5824K) Class: 533K(640K)->533K(640K)
[52.820s][info][gc             ] GC(284) Pause Young (Allocation Failure) 8040M->8041M(8311M) 183.374ms
[52.820s][info][gc,cpu         ] GC(284) User=1.03s Sys=0.06s Real=0.18s
[52.820s][info][gc,start       ] GC(285) Pause Full (Ergonomics)
[52.820s][info][gc,phases,start] GC(285) Marking Phase
[54.844s][info][gc,phases      ] GC(285) Marking Phase 2024.185ms
[54.844s][info][gc,phases,start] GC(285) Summary Phase
[54.844s][info][gc,phases      ] GC(285) Summary Phase 0.178ms
[54.844s][info][gc,phases,start] GC(285) Adjust Roots
[54.845s][info][gc,phases      ] GC(285) Adjust Roots 0.334ms
[54.845s][info][gc,phases,start] GC(285) Compaction Phase
[55.685s][info][gc,phases      ] GC(285) Compaction Phase 840.437ms
[55.685s][info][gc,phases,start] GC(285) Post Compact
[55.698s][info][gc,phases      ] GC(285) Post Compact 12.289ms
[55.700s][info][gc,heap        ] GC(285) PSYoungGen: 217600K(429568K)->146998K(429568K) Eden: 0K(112128K)->0K(112128K) From: 217600K(317440K)->146998K(317440K)
[55.700s][info][gc,heap        ] GC(285) ParOldGen: 8016936K(8080896K)->8080528K(8932352K)
[55.700s][info][gc,metaspace   ] GC(285) Metaspace: 6302K(6464K)->6302K(6464K) NonClass: 5769K(5824K)->5769K(5824K) Class: 533K(640K)->533K(640K)
[55.700s][info][gc             ] GC(285) Pause Full (Ergonomics) 8041M->8034M(9142M) 2880.561ms
[55.700s][info][gc,cpu         ] GC(285) User=19.44s Sys=0.17s Real=2.88s
[55.823s][info][gc,start       ] GC(286) Pause Young (Allocation Failure)
[56.313s][info][gc,heap        ] GC(286) PSYoungGen: 259126K(429568K)->194752K(435200K) Eden: 112128K(112128K)->0K(123392K) From: 146998K(317440K)->194752K(311808K)
[56.313s][info][gc,heap        ] GC(286) ParOldGen: 8080528K(8932352K)->8146024K(8932352K)
[56.313s][info][gc,metaspace   ] GC(286) Metaspace: 6302K(6464K)->6302K(6464K) NonClass: 5769K(5824K)->5769K(5824K) Class: 533K(640K)->533K(640K)
[56.313s][info][gc             ] GC(286) Pause Young (Allocation Failure) 8144M->8145M(9148M) 490.553ms
[56.313s][info][gc,cpu         ] GC(286) User=3.25s Sys=0.05s Real=0.49s
[56.437s][info][gc,start       ] GC(287) Pause Young (Allocation Failure)
[56.603s][info][gc,heap        ] GC(287) PSYoungGen: 318144K(435200K)->318368K(442368K) Eden: 123392K(123392K)->0K(123392K) From: 194752K(311808K)->318368K(318976K)
[56.603s][info][gc,heap        ] GC(287) ParOldGen: 8146024K(8932352K)->8146024K(8932352K)
[56.603s][info][gc,metaspace   ] GC(287) Metaspace: 6302K(6464K)->6302K(6464K) NonClass: 5769K(5824K)->5769K(5824K) Class: 533K(640K)->533K(640K)
[56.603s][info][gc             ] GC(287) Pause Young (Allocation Failure) 8265M->8266M(9155M) 166.290ms
[56.603s][info][gc,cpu         ] GC(287) User=1.17s Sys=0.00s Real=0.17s
[56.735s][info][gc,start       ] GC(288) Pause Young (Allocation Failure)
[56.975s][info][gc,heap        ] GC(288) PSYoungGen: 441760K(442368K)->359744K(448000K) Eden: 123392K(123392K)->0K(88064K) From: 318368K(318976K)->359744K(359936K)
[56.975s][info][gc,heap        ] GC(288) ParOldGen: 8146024K(8932352K)->8228888K(8932352K)
[56.975s][info][gc,metaspace   ] GC(288) Metaspace: 6302K(6464K)->6302K(6464K) NonClass: 5769K(5824K)->5769K(5824K) Class: 533K(640K)->533K(640K)
[56.975s][info][gc             ] GC(288) Pause Young (Allocation Failure) 8386M->8387M(9160M) 240.470ms
[56.975s][info][gc,cpu         ] GC(288) User=1.72s Sys=0.14s Real=0.24s
[57.066s][info][gc,start       ] GC(289) Pause Young (Allocation Failure)
[57.312s][info][gc,heap        ] GC(289) PSYoungGen: 447808K(448000K)->335648K(496128K) Eden: 88064K(88064K)->0K(88064K) From: 359744K(359936K)->335648K(408064K)
[57.312s][info][gc,heap        ] GC(289) ParOldGen: 8228888K(8932352K)->8342008K(8932352K)
[57.312s][info][gc,metaspace   ] GC(289) Metaspace: 6302K(6464K)->6302K(6464K) NonClass: 5769K(5824K)->5769K(5824K) Class: 533K(640K)->533K(640K)
[57.312s][info][gc             ] GC(289) Pause Young (Allocation Failure) 8473M->8474M(9207M) 246.597ms
[57.312s][info][gc,cpu         ] GC(289) User=1.78s Sys=0.06s Real=0.25s
[57.406s][info][gc,start       ] GC(290) Pause Young (Allocation Failure)
[57.662s][info][gc,heap        ] GC(290) PSYoungGen: 423712K(496128K)->300160K(526336K) Eden: 88064K(88064K)->0K(89088K) From: 335648K(408064K)->300160K(437248K)
[57.662s][info][gc,heap        ] GC(290) ParOldGen: 8342008K(8932352K)->8466480K(8932352K)
[57.662s][info][gc,metaspace   ] GC(290) Metaspace: 6302K(6464K)->6302K(6464K) NonClass: 5769K(5824K)->5769K(5824K) Class: 533K(640K)->533K(640K)
[57.662s][info][gc             ] GC(290) Pause Young (Allocation Failure) 8560M->8561M(9237M) 256.207ms
[57.662s][info][gc,cpu         ] GC(290) User=1.48s Sys=0.11s Real=0.26s
[57.760s][info][gc,start       ] GC(291) Pause Young (Allocation Failure)
[58.021s][info][gc,heap        ] GC(291) PSYoungGen: 389248K(526336K)->177664K(266752K) Eden: 89088K(89088K)->0K(89088K) From: 300160K(437248K)->177664K(177664K)
[58.021s][info][gc,heap        ] GC(291) ParOldGen: 8466480K(8932352K)->8679784K(8932352K)
[58.021s][info][gc,metaspace   ] GC(291) Metaspace: 6302K(6464K)->6302K(6464K) NonClass: 5769K(5824K)->5769K(5824K) Class: 533K(640K)->533K(640K)
[58.021s][info][gc             ] GC(291) Pause Young (Allocation Failure) 8648M->8649M(8983M) 261.118ms
[58.021s][info][gc,cpu         ] GC(291) User=1.45s Sys=0.09s Real=0.26s
[58.125s][info][gc,start       ] GC(292) Pause Young (Allocation Failure)
[58.297s][info][gc,heap        ] GC(292) PSYoungGen: 266752K(266752K)->89376K(532480K) Eden: 89088K(89088K)->0K(100352K) From: 177664K(177664K)->89376K(432128K)
[58.297s][info][gc,heap        ] GC(292) ParOldGen: 8679784K(8932352K)->8858488K(8932352K)
[58.297s][info][gc,metaspace   ] GC(292) Metaspace: 6302K(6464K)->6302K(6464K) NonClass: 5769K(5824K)->5769K(5824K) Class: 533K(640K)->533K(640K)
[58.297s][info][gc             ] GC(292) Pause Young (Allocation Failure) 8736M->8738M(9243M) 172.234ms
[58.297s][info][gc,cpu         ] GC(292) User=0.97s Sys=0.02s Real=0.17s
[58.297s][info][gc,start       ] GC(293) Pause Full (Ergonomics)
[58.297s][info][gc,phases,start] GC(293) Marking Phase
[60.567s][info][gc,phases      ] GC(293) Marking Phase 2269.539ms
[60.567s][info][gc,phases,start] GC(293) Summary Phase
[60.567s][info][gc,phases      ] GC(293) Summary Phase 0.158ms
[60.567s][info][gc,phases,start] GC(293) Adjust Roots
[60.567s][info][gc,phases      ] GC(293) Adjust Roots 0.346ms
[60.567s][info][gc,phases,start] GC(293) Compaction Phase
[61.459s][info][gc,phases      ] GC(293) Compaction Phase 891.955ms
[61.459s][info][gc,phases,start] GC(293) Post Compact
[61.474s][info][gc,phases      ] GC(293) Post Compact 15.117ms
[61.477s][info][gc,heap        ] GC(293) PSYoungGen: 89376K(532480K)->8334K(532480K) Eden: 0K(100352K)->0K(100352K) From: 89376K(432128K)->8334K(432128K)
[61.477s][info][gc,heap        ] GC(293) ParOldGen: 8858488K(8932352K)->8932187K(9924096K)
[61.477s][info][gc,metaspace   ] GC(293) Metaspace: 6302K(6464K)->6302K(6464K) NonClass: 5769K(5824K)->5769K(5824K) Class: 533K(640K)->533K(640K)
[61.478s][info][gc             ] GC(293) Pause Full (Ergonomics) 8738M->8730M(10211M) 3180.540ms
[61.478s][info][gc,cpu         ] GC(293) User=21.20s Sys=0.08s Real=3.18s
[61.587s][info][gc,start       ] GC(294) Pause Young (Allocation Failure)
[62.098s][info][gc,heap        ] GC(294) PSYoungGen: 108686K(532480K)->100640K(532992K) Eden: 100352K(100352K)->0K(100352K) From: 8334K(432128K)->100640K(432640K)
[62.098s][info][gc,heap        ] GC(294) ParOldGen: 8932187K(9924096K)->8940627K(9924096K)
[62.098s][info][gc,metaspace   ] GC(294) Metaspace: 6302K(6464K)->6302K(6464K) NonClass: 5769K(5824K)->5769K(5824K) Class: 533K(640K)->533K(640K)
[62.098s][info][gc             ] GC(294) Pause Young (Allocation Failure) 8828M->8829M(10212M) 511.059ms
[62.098s][info][gc,cpu         ] GC(294) User=2.66s Sys=0.00s Real=0.51s
[62.208s][info][gc,start       ] GC(295) Pause Young (Allocation Failure)
[62.357s][info][gc,heap        ] GC(295) PSYoungGen: 200992K(532992K)->100704K(525312K) Eden: 100352K(100352K)->0K(111616K) From: 100640K(432640K)->100704K(413696K)
[62.357s][info][gc,heap        ] GC(295) ParOldGen: 8940627K(9924096K)->9041875K(9924096K)
[62.357s][info][gc,metaspace   ] GC(295) Metaspace: 6302K(6464K)->6302K(6464K) NonClass: 5769K(5824K)->5769K(5824K) Class: 533K(640K)->533K(640K)
[62.357s][info][gc             ] GC(295) Pause Young (Allocation Failure) 8927M->8928M(10204M) 149.047ms
[62.357s][info][gc,cpu         ] GC(295) User=0.55s Sys=0.02s Real=0.15s
[62.496s][info][gc,start       ] GC(296) Pause Young (Allocation Failure)
[62.646s][info][gc,heap        ] GC(296) PSYoungGen: 212320K(525312K)->111904K(531968K) Eden: 111616K(111616K)->0K(111616K) From: 100704K(413696K)->111904K(420352K)
[62.646s][info][gc,heap        ] GC(296) ParOldGen: 9041875K(9924096K)->9143123K(9924096K)
[62.647s][info][gc,metaspace   ] GC(296) Metaspace: 6302K(6464K)->6302K(6464K) NonClass: 5769K(5824K)->5769K(5824K) Class: 533K(640K)->533K(640K)
[62.647s][info][gc             ] GC(296) Pause Young (Allocation Failure) 9037M->9038M(10211M) 150.994ms
[62.647s][info][gc,cpu         ] GC(296) User=0.77s Sys=0.05s Real=0.15s
[62.762s][info][gc,start       ] GC(297) Pause Young (Allocation Failure)
[62.919s][info][gc,heap        ] GC(297) PSYoungGen: 223520K(531968K)->111936K(509440K) Eden: 111616K(111616K)->0K(123904K) From: 111904K(420352K)->111936K(385536K)
[62.919s][info][gc,heap        ] GC(297) ParOldGen: 9143123K(9924096K)->9255723K(9924096K)
[62.919s][info][gc,metaspace   ] GC(297) Metaspace: 6302K(6464K)->6302K(6464K) NonClass: 5769K(5824K)->5769K(5824K) Class: 533K(640K)->533K(640K)
[62.919s][info][gc             ] GC(297) Pause Young (Allocation Failure) 9147M->9148M(10189M) 157.093ms
[62.919s][info][gc,cpu         ] GC(297) User=0.83s Sys=0.05s Real=0.16s
[63.063s][info][gc,start       ] GC(298) Pause Young (Allocation Failure)
[63.220s][info][gc,heap        ] GC(298) PSYoungGen: 235840K(509440K)->124256K(248320K) Eden: 123904K(123904K)->0K(123904K) From: 111936K(385536K)->124256K(124416K)
[63.220s][info][gc,heap        ] GC(298) ParOldGen: 9255723K(9924096K)->9368347K(9924096K)
[63.220s][info][gc,metaspace   ] GC(298) Metaspace: 6302K(6464K)->6302K(6464K) NonClass: 5769K(5824K)->5769K(5824K) Class: 533K(640K)->533K(640K)
[63.220s][info][gc             ] GC(298) Pause Young (Allocation Failure) 9269M->9270M(9934M) 156.950ms
[63.220s][info][gc,cpu         ] GC(298) User=0.84s Sys=0.05s Real=0.16s
[63.348s][info][gc,start       ] GC(299) Pause Young (Allocation Failure)
[63.513s][info][gc,heap        ] GC(299) PSYoungGen: 248160K(248320K)->124256K(491520K) Eden: 123904K(123904K)->0K(137728K) From: 124256K(124416K)->124256K(353792K)
[63.513s][info][gc,heap        ] GC(299) ParOldGen: 9368347K(9924096K)->9493347K(9924096K)
[63.513s][info][gc,metaspace   ] GC(299) Metaspace: 6302K(6464K)->6302K(6464K) NonClass: 5769K(5824K)->5769K(5824K) Class: 533K(640K)->533K(640K)
[63.513s][info][gc             ] GC(299) Pause Young (Allocation Failure) 9391M->9392M(10171M) 164.178ms
[63.513s][info][gc,cpu         ] GC(299) User=0.75s Sys=0.05s Real=0.16s
[63.666s][info][gc,start       ] GC(300) Pause Young (Allocation Failure)
[63.836s][info][gc,heap        ] GC(300) PSYoungGen: 261984K(491520K)->138112K(275968K) Eden: 137728K(137728K)->0K(137728K) From: 124256K(353792K)->138112K(138240K)
[63.836s][info][gc,heap        ] GC(300) ParOldGen: 9493347K(9924096K)->9618363K(9924096K)
[63.836s][info][gc,metaspace   ] GC(300) Metaspace: 6302K(6464K)->6302K(6464K) NonClass: 5769K(5824K)->5769K(5824K) Class: 533K(640K)->533K(640K)
[63.836s][info][gc             ] GC(300) Pause Young (Allocation Failure) 9526M->9527M(9961M) 169.978ms
[63.836s][info][gc,cpu         ] GC(300) User=0.97s Sys=0.11s Real=0.17s
[63.982s][info][gc,start       ] GC(301) Pause Young (Allocation Failure)
[64.171s][info][gc,heap        ] GC(301) PSYoungGen: 275840K(275968K)->138080K(474624K) Eden: 137728K(137728K)->0K(153088K) From: 138112K(138240K)->138080K(321536K)
[64.171s][info][gc,heap        ] GC(301) ParOldGen: 9618363K(9924096K)->9757307K(9924096K)
[64.171s][info][gc,metaspace   ] GC(301) Metaspace: 6302K(6464K)->6302K(6464K) NonClass: 5769K(5824K)->5769K(5824K) Class: 533K(640K)->533K(640K)
[64.171s][info][gc             ] GC(301) Pause Young (Allocation Failure) 9662M->9663M(10155M) 189.051ms
[64.171s][info][gc,cpu         ] GC(301) User=0.89s Sys=0.12s Real=0.19s
[64.171s][info][gc,start       ] GC(302) Pause Full (Ergonomics)
[64.171s][info][gc,phases,start] GC(302) Marking Phase
[66.491s][info][gc,phases      ] GC(302) Marking Phase 2320.285ms
[66.491s][info][gc,phases,start] GC(302) Summary Phase
[66.492s][info][gc,phases      ] GC(302) Summary Phase 0.174ms
[66.492s][info][gc,phases,start] GC(302) Adjust Roots
[66.492s][info][gc,phases      ] GC(302) Adjust Roots 0.276ms
[66.492s][info][gc,phases,start] GC(302) Compaction Phase
[67.414s][info][gc,phases      ] GC(302) Compaction Phase 921.984ms
[67.414s][info][gc,phases,start] GC(302) Post Compact
[67.431s][info][gc,phases      ] GC(302) Post Compact 17.370ms
[67.434s][info][gc,heap        ] GC(302) PSYoungGen: 138080K(474624K)->0K(489472K) Eden: 0K(153088K)->0K(153088K) From: 138080K(321536K)->0K(336384K)
[67.434s][info][gc,heap        ] GC(302) ParOldGen: 9757307K(9924096K)->9887477K(10718208K)
[67.434s][info][gc,metaspace   ] GC(302) Metaspace: 6302K(6464K)->6302K(6464K) NonClass: 5769K(5824K)->5769K(5824K) Class: 533K(640K)->533K(640K)
[67.434s][info][gc             ] GC(302) Pause Full (Ergonomics) 9663M->9655M(10945M) 3263.024ms
[67.434s][info][gc,cpu         ] GC(302) User=23.50s Sys=0.05s Real=3.26s
[67.600s][info][gc,start       ] GC(303) Pause Young (Allocation Failure)
[67.718s][info][gc,heap        ] GC(303) PSYoungGen: 153088K(489472K)->153504K(464384K) Eden: 153088K(153088K)->0K(166400K) From: 0K(336384K)->153504K(297984K)
[67.718s][info][gc,heap        ] GC(303) ParOldGen: 9887477K(10718208K)->9887477K(10718208K)
[67.718s][info][gc,metaspace   ] GC(303) Metaspace: 6302K(6464K)->6302K(6464K) NonClass: 5769K(5824K)->5769K(5824K) Class: 533K(640K)->533K(640K)
[67.718s][info][gc             ] GC(303) Pause Young (Allocation Failure) 9805M->9805M(10920M) 118.712ms
[67.718s][info][gc,cpu         ] GC(303) User=0.52s Sys=0.00s Real=0.12s
[67.901s][info][gc,start       ] GC(304) Pause Young (Allocation Failure)
[68.102s][info][gc,heap        ] GC(304) PSYoungGen: 319904K(464384K)->318976K(485376K) Eden: 166400K(166400K)->0K(166400K) From: 153504K(297984K)->318976K(318976K)
[68.103s][info][gc,heap        ] GC(304) ParOldGen: 9887477K(10718208K)->9888637K(10718208K)
[68.103s][info][gc,metaspace   ] GC(304) Metaspace: 6302K(6464K)->6302K(6464K) NonClass: 5769K(5824K)->5769K(5824K) Class: 533K(640K)->533K(640K)
[68.103s][info][gc             ] GC(304) Pause Young (Allocation Failure) 9968M->9968M(10941M) 201.867ms
[68.103s][info][gc,cpu         ] GC(304) User=0.94s Sys=0.00s Real=0.20s
[68.292s][info][gc,start       ] GC(305) Pause Young (Allocation Failure)
[68.598s][info][gc,heap        ] GC(305) PSYoungGen: 485376K(485376K)->166880K(511488K) Eden: 166400K(166400K)->0K(182784K) From: 318976K(318976K)->166880K(328704K)
[68.598s][info][gc,heap        ] GC(305) ParOldGen: 9888637K(10718208K)->10209861K(10718208K)
[68.598s][info][gc,metaspace   ] GC(305) Metaspace: 6302K(6464K)->6302K(6464K) NonClass: 5769K(5824K)->5769K(5824K) Class: 533K(640K)->533K(640K)
[68.598s][info][gc             ] GC(305) Pause Young (Allocation Failure) 10130M->10133M(10966M) 306.440ms
[68.598s][info][gc,cpu         ] GC(305) User=1.84s Sys=0.28s Real=0.31s
[68.800s][info][gc,start       ] GC(306) Pause Young (Allocation Failure)
[69.028s][info][gc,heap        ] GC(306) PSYoungGen: 349664K(511488K)->345600K(528384K) Eden: 182784K(182784K)->0K(182784K) From: 166880K(328704K)->345600K(345600K)
[69.028s][info][gc,heap        ] GC(306) ParOldGen: 10209861K(10718208K)->10214189K(10718208K)
[69.028s][info][gc,metaspace   ] GC(306) Metaspace: 6302K(6464K)->6302K(6464K) NonClass: 5769K(5824K)->5769K(5824K) Class: 533K(640K)->533K(640K)
[69.028s][info][gc             ] GC(306) Pause Young (Allocation Failure) 10312M->10312M(10983M) 228.029ms
[69.028s][info][gc,cpu         ] GC(306) User=1.45s Sys=0.00s Real=0.23s
[69.237s][info][gc,start       ] GC(307) Pause Young (Allocation Failure)
[69.576s][info][gc,heap        ] GC(307) PSYoungGen: 528384K(528384K)->183296K(559104K) Eden: 182784K(182784K)->0K(202240K) From: 345600K(345600K)->183296K(356864K)
[69.576s][info][gc,heap        ] GC(307) ParOldGen: 10214189K(10718208K)->10562189K(10718208K)
[69.576s][info][gc,metaspace   ] GC(307) Metaspace: 6302K(6464K)->6302K(6464K) NonClass: 5769K(5824K)->5769K(5824K) Class: 533K(640K)->533K(640K)
[69.576s][info][gc             ] GC(307) Pause Young (Allocation Failure) 10490M->10493M(11013M) 338.868ms
[69.576s][info][gc,cpu         ] GC(307) User=2.23s Sys=0.27s Real=0.34s
[69.576s][info][gc,start       ] GC(308) Pause Full (Ergonomics)
[69.576s][info][gc,phases,start] GC(308) Marking Phase
[72.137s][info][gc,phases      ] GC(308) Marking Phase 2561.375ms
[72.137s][info][gc,phases,start] GC(308) Summary Phase
[72.138s][info][gc,phases      ] GC(308) Summary Phase 0.140ms
[72.138s][info][gc,phases,start] GC(308) Adjust Roots
[72.138s][info][gc,phases      ] GC(308) Adjust Roots 0.252ms
[72.138s][info][gc,phases,start] GC(308) Compaction Phase
[73.036s][info][gc,phases      ] GC(308) Compaction Phase 898.524ms
[73.036s][info][gc,phases,start] GC(308) Post Compact
[73.054s][info][gc,phases      ] GC(308) Post Compact 17.660ms
[73.054s][info][gc,heap        ] GC(308) PSYoungGen: 183296K(559104K)->20787K(577024K) Eden: 0K(202240K)->0K(220160K) From: 183296K(356864K)->20787K(356864K)
[73.054s][info][gc,heap        ] GC(308) ParOldGen: 10562189K(10718208K)->10717986K(10718208K)
[73.054s][info][gc,metaspace   ] GC(308) Metaspace: 6302K(6464K)->6302K(6464K) NonClass: 5769K(5824K)->5769K(5824K) Class: 533K(640K)->533K(640K)
[73.054s][info][gc             ] GC(308) Pause Full (Ergonomics) 10493M->10487M(11030M) 3478.418ms
[73.054s][info][gc,cpu         ] GC(308) User=25.56s Sys=0.06s Real=3.48s
[73.311s][info][gc,start       ] GC(309) Pause Full (Ergonomics)
[73.311s][info][gc,phases,start] GC(309) Marking Phase
[75.794s][info][gc,phases      ] GC(309) Marking Phase 2483.134ms
[75.794s][info][gc,phases,start] GC(309) Summary Phase
[75.794s][info][gc,phases      ] GC(309) Summary Phase 0.109ms
[75.794s][info][gc,phases,start] GC(309) Adjust Roots
[75.794s][info][gc,phases      ] GC(309) Adjust Roots 0.189ms
[75.794s][info][gc,phases,start] GC(309) Compaction Phase
[76.558s][info][gc,phases      ] GC(309) Compaction Phase 763.499ms
[76.558s][info][gc,phases,start] GC(309) Post Compact
[76.572s][info][gc,phases      ] GC(309) Post Compact 14.801ms
[76.573s][info][gc,heap        ] GC(309) PSYoungGen: 240947K(577024K)->240915K(577024K) Eden: 220160K(220160K)->220127K(220160K) From: 20787K(356864K)->20787K(356864K)
[76.573s][info][gc,heap        ] GC(309) ParOldGen: 10717986K(10718208K)->10717986K(10718208K)
[76.573s][info][gc,metaspace   ] GC(309) Metaspace: 6302K(6464K)->6302K(6464K) NonClass: 5769K(5824K)->5769K(5824K) Class: 533K(640K)->533K(640K)
[76.573s][info][gc             ] GC(309) Pause Full (Ergonomics) 10702M->10702M(11030M) 3262.198ms
[76.573s][info][gc,cpu         ] GC(309) User=24.44s Sys=0.02s Real=3.26s
[76.573s][info][gc,start       ] GC(310) Pause Full (Ergonomics)
[76.573s][info][gc,phases,start] GC(310) Marking Phase
[79.083s][info][gc,phases      ] GC(310) Marking Phase 2510.190ms
[79.083s][info][gc,phases,start] GC(310) Summary Phase
[79.083s][info][gc,phases      ] GC(310) Summary Phase 0.111ms
[79.083s][info][gc,phases,start] GC(310) Adjust Roots
[79.084s][info][gc,phases      ] GC(310) Adjust Roots 0.219ms
[79.084s][info][gc,phases,start] GC(310) Compaction Phase
[79.822s][info][gc,phases      ] GC(310) Compaction Phase 738.267ms
[79.822s][info][gc,phases,start] GC(310) Post Compact
[79.836s][info][gc,phases      ] GC(310) Post Compact 14.450ms
[79.837s][info][gc,heap        ] GC(310) PSYoungGen: 240947K(577024K)->240947K(577024K) Eden: 220160K(220160K)->220159K(220160K) From: 20787K(356864K)->20787K(356864K)
[79.837s][info][gc,heap        ] GC(310) ParOldGen: 10717986K(10718208K)->10717986K(10718208K)
[79.837s][info][gc,metaspace   ] GC(310) Metaspace: 6302K(6464K)->6302K(6464K) NonClass: 5769K(5824K)->5769K(5824K) Class: 533K(640K)->533K(640K)
[79.837s][info][gc             ] GC(310) Pause Full (Ergonomics) 10702M->10702M(11030M) 3263.597ms
[79.837s][info][gc,cpu         ] GC(310) User=24.56s Sys=0.00s Real=3.26s
[79.837s][info][gc,start       ] GC(311) Pause Full (Ergonomics)
[79.837s][info][gc,phases,start] GC(311) Marking Phase
[82.352s][info][gc,phases      ] GC(311) Marking Phase 2515.164ms
[82.352s][info][gc,phases,start] GC(311) Summary Phase
[82.352s][info][gc,phases      ] GC(311) Summary Phase 0.163ms
[82.352s][info][gc,phases,start] GC(311) Adjust Roots
[82.352s][info][gc,phases      ] GC(311) Adjust Roots 0.236ms
[82.352s][info][gc,phases,start] GC(311) Compaction Phase
[83.049s][info][gc,phases      ] GC(311) Compaction Phase 696.156ms
[83.049s][info][gc,phases,start] GC(311) Post Compact
[83.064s][info][gc,phases      ] GC(311) Post Compact 15.522ms
[83.064s][info][gc,heap        ] GC(311) PSYoungGen: 240947K(577024K)->240947K(577024K) Eden: 220159K(220160K)->220159K(220160K) From: 20787K(356864K)->20787K(356864K)
[83.064s][info][gc,heap        ] GC(311) ParOldGen: 10717986K(10718208K)->10717986K(10718208K)
[83.064s][info][gc,metaspace   ] GC(311) Metaspace: 6302K(6464K)->6302K(6464K) NonClass: 5769K(5824K)->5769K(5824K) Class: 533K(640K)->533K(640K)
[83.064s][info][gc             ] GC(311) Pause Full (Ergonomics) 10702M->10702M(11030M) 3227.639ms
[83.064s][info][gc,cpu         ] GC(311) User=24.80s Sys=0.00s Real=3.23s
[83.065s][info][gc,start       ] GC(312) Pause Full (Ergonomics)
[83.065s][info][gc,phases,start] GC(312) Marking Phase
[85.604s][info][gc,phases      ] GC(312) Marking Phase 2539.279ms
[85.604s][info][gc,phases,start] GC(312) Summary Phase
[85.604s][info][gc,phases      ] GC(312) Summary Phase 0.156ms
[85.604s][info][gc,phases,start] GC(312) Adjust Roots
[85.604s][info][gc,phases      ] GC(312) Adjust Roots 0.200ms
[85.604s][info][gc,phases,start] GC(312) Compaction Phase
[86.298s][info][gc,phases      ] GC(312) Compaction Phase 693.545ms
[86.298s][info][gc,phases,start] GC(312) Post Compact
[86.314s][info][gc,phases      ] GC(312) Post Compact 16.117ms
[86.314s][info][gc,heap        ] GC(312) PSYoungGen: 240947K(577024K)->240947K(577024K) Eden: 220160K(220160K)->220160K(220160K) From: 20787K(356864K)->20787K(356864K)
[86.314s][info][gc,heap        ] GC(312) ParOldGen: 10717991K(10718208K)->10717991K(10718208K)
[86.314s][info][gc,metaspace   ] GC(312) Metaspace: 6302K(6464K)->6302K(6464K) NonClass: 5769K(5824K)->5769K(5824K) Class: 533K(640K)->533K(640K)
[86.314s][info][gc             ] GC(312) Pause Full (Ergonomics) 10702M->10702M(11030M) 3249.636ms
[86.314s][info][gc,cpu         ] GC(312) User=24.42s Sys=0.00s Real=3.25s
[86.314s][info][gc,start       ] GC(313) Pause Full (Ergonomics)
[86.314s][info][gc,phases,start] GC(313) Marking Phase
[88.820s][info][gc,phases      ] GC(313) Marking Phase 2506.028ms
[88.821s][info][gc,phases,start] GC(313) Summary Phase
[88.821s][info][gc,phases      ] GC(313) Summary Phase 0.106ms
[88.821s][info][gc,phases,start] GC(313) Adjust Roots
[88.821s][info][gc,phases      ] GC(313) Adjust Roots 0.178ms
[88.821s][info][gc,phases,start] GC(313) Compaction Phase
[89.520s][info][gc,phases      ] GC(313) Compaction Phase 698.765ms
[89.520s][info][gc,phases,start] GC(313) Post Compact
[89.541s][info][gc,phases      ] GC(313) Post Compact 21.171ms
[89.541s][info][gc,heap        ] GC(313) PSYoungGen: 240947K(577024K)->240947K(577024K) Eden: 220160K(220160K)->220160K(220160K) From: 20787K(356864K)->20787K(356864K)
[89.541s][info][gc,heap        ] GC(313) ParOldGen: 10717996K(10718208K)->10717996K(10718208K)
[89.541s][info][gc,metaspace   ] GC(313) Metaspace: 6302K(6464K)->6302K(6464K) NonClass: 5769K(5824K)->5769K(5824K) Class: 533K(640K)->533K(640K)
[89.541s][info][gc             ] GC(313) Pause Full (Ergonomics) 10702M->10702M(11030M) 3226.675ms
[89.541s][info][gc,cpu         ] GC(313) User=24.08s Sys=0.00s Real=3.23s
[89.541s][info][gc,start       ] GC(314) Pause Full (Ergonomics)
[89.541s][info][gc,phases,start] GC(314) Marking Phase
[92.179s][info][gc,phases      ] GC(314) Marking Phase 2637.305ms
[92.179s][info][gc,phases,start] GC(314) Summary Phase
[92.179s][info][gc,phases      ] GC(314) Summary Phase 0.111ms
[92.179s][info][gc,phases,start] GC(314) Adjust Roots
[92.179s][info][gc,phases      ] GC(314) Adjust Roots 0.201ms
[92.179s][info][gc,phases,start] GC(314) Compaction Phase
[92.853s][info][gc,phases      ] GC(314) Compaction Phase 674.106ms
[92.853s][info][gc,phases,start] GC(314) Post Compact
[92.868s][info][gc,phases      ] GC(314) Post Compact 14.308ms
[92.868s][info][gc,heap        ] GC(314) PSYoungGen: 240947K(577024K)->240947K(577024K) Eden: 220160K(220160K)->220160K(220160K) From: 20787K(356864K)->20787K(356864K)
[92.868s][info][gc,heap        ] GC(314) ParOldGen: 10718001K(10718208K)->10718001K(10718208K)
[92.868s][info][gc,metaspace   ] GC(314) Metaspace: 6302K(6464K)->6302K(6464K) NonClass: 5769K(5824K)->5769K(5824K) Class: 533K(640K)->533K(640K)
[92.868s][info][gc             ] GC(314) Pause Full (Ergonomics) 10702M->10702M(11030M) 3326.378ms
[92.868s][info][gc,cpu         ] GC(314) User=24.16s Sys=0.02s Real=3.33s
[92.868s][info][gc,start       ] GC(315) Pause Full (Ergonomics)
[92.868s][info][gc,phases,start] GC(315) Marking Phase
[95.306s][info][gc,phases      ] GC(315) Marking Phase 2438.086ms
[95.306s][info][gc,phases,start] GC(315) Summary Phase
[95.306s][info][gc,phases      ] GC(315) Summary Phase 0.100ms
[95.306s][info][gc,phases,start] GC(315) Adjust Roots
[95.306s][info][gc,phases      ] GC(315) Adjust Roots 0.169ms
[95.306s][info][gc,phases,start] GC(315) Compaction Phase
[95.979s][info][gc,phases      ] GC(315) Compaction Phase 672.450ms
[95.979s][info][gc,phases,start] GC(315) Post Compact
[95.993s][info][gc,phases      ] GC(315) Post Compact 14.138ms
[95.993s][info][gc,heap        ] GC(315) PSYoungGen: 240947K(577024K)->240947K(577024K) Eden: 220160K(220160K)->220160K(220160K) From: 20787K(356864K)->20787K(356864K)
[95.993s][info][gc,heap        ] GC(315) ParOldGen: 10718006K(10718208K)->10718006K(10718208K)
[95.993s][info][gc,metaspace   ] GC(315) Metaspace: 6302K(6464K)->6302K(6464K) NonClass: 5769K(5824K)->5769K(5824K) Class: 533K(640K)->533K(640K)
[95.993s][info][gc             ] GC(315) Pause Full (Ergonomics) 10702M->10702M(11030M) 3125.286ms
[95.993s][info][gc,cpu         ] GC(315) User=24.28s Sys=0.00s Real=3.13s
[95.993s][info][gc,start       ] GC(316) Pause Full (Ergonomics)
[95.993s][info][gc,phases,start] GC(316) Marking Phase
[98.496s][info][gc,phases      ] GC(316) Marking Phase 2502.444ms
[98.496s][info][gc,phases,start] GC(316) Summary Phase
[98.496s][info][gc,phases      ] GC(316) Summary Phase 0.127ms
[98.496s][info][gc,phases,start] GC(316) Adjust Roots
[98.496s][info][gc,phases      ] GC(316) Adjust Roots 0.222ms
[98.496s][info][gc,phases,start] GC(316) Compaction Phase
[99.160s][info][gc,phases      ] GC(316) Compaction Phase 664.066ms
[99.160s][info][gc,phases,start] GC(316) Post Compact
[99.178s][info][gc,phases      ] GC(316) Post Compact 17.227ms
[99.178s][info][gc,heap        ] GC(316) PSYoungGen: 240947K(577024K)->240947K(577024K) Eden: 220160K(220160K)->220160K(220160K) From: 20787K(356864K)->20787K(356864K)
[99.178s][info][gc,heap        ] GC(316) ParOldGen: 10718010K(10718208K)->10718010K(10718208K)
[99.178s][info][gc,metaspace   ] GC(316) Metaspace: 6302K(6464K)->6302K(6464K) NonClass: 5769K(5824K)->5769K(5824K) Class: 533K(640K)->533K(640K)
[99.178s][info][gc             ] GC(316) Pause Full (Ergonomics) 10702M->10702M(11030M) 3184.462ms
[99.178s][info][gc,cpu         ] GC(316) User=24.88s Sys=0.00s Real=3.18s
[99.178s][info][gc,start       ] GC(317) Pause Full (Ergonomics)
[99.178s][info][gc,phases,start] GC(317) Marking Phase
[101.669s][info][gc,phases      ] GC(317) Marking Phase 2490.981ms
[101.669s][info][gc,phases,start] GC(317) Summary Phase
[101.669s][info][gc,phases      ] GC(317) Summary Phase 0.106ms
[101.669s][info][gc,phases,start] GC(317) Adjust Roots
[101.669s][info][gc,phases      ] GC(317) Adjust Roots 0.180ms
[101.669s][info][gc,phases,start] GC(317) Compaction Phase
[102.322s][info][gc,phases      ] GC(317) Compaction Phase 652.913ms
[102.322s][info][gc,phases,start] GC(317) Post Compact
[102.338s][info][gc,phases      ] GC(317) Post Compact 15.553ms
[102.338s][info][gc,heap        ] GC(317) PSYoungGen: 240947K(577024K)->240947K(577024K) Eden: 220160K(220160K)->220160K(220160K) From: 20787K(356864K)->20787K(356864K)
[102.338s][info][gc,heap        ] GC(317) ParOldGen: 10718015K(10718208K)->10718015K(10718208K)
[102.338s][info][gc,metaspace   ] GC(317) Metaspace: 6302K(6464K)->6302K(6464K) NonClass: 5769K(5824K)->5769K(5824K) Class: 533K(640K)->533K(640K)
[102.338s][info][gc             ] GC(317) Pause Full (Ergonomics) 10702M->10702M(11030M) 3160.055ms
[102.338s][info][gc,cpu         ] GC(317) User=24.48s Sys=0.02s Real=3.16s
[102.338s][info][gc,start       ] GC(318) Pause Full (Ergonomics)
[102.338s][info][gc,phases,start] GC(318) Marking Phase
[104.847s][info][gc,phases      ] GC(318) Marking Phase 2508.234ms
[104.847s][info][gc,phases,start] GC(318) Summary Phase
[104.847s][info][gc,phases      ] GC(318) Summary Phase 0.106ms
[104.847s][info][gc,phases,start] GC(318) Adjust Roots
[104.847s][info][gc,phases      ] GC(318) Adjust Roots 0.185ms
[104.847s][info][gc,phases,start] GC(318) Compaction Phase
[105.494s][info][gc,phases      ] GC(318) Compaction Phase 646.835ms
[105.494s][info][gc,phases,start] GC(318) Post Compact
[105.509s][info][gc,phases      ] GC(318) Post Compact 14.603ms
[105.509s][info][gc,heap        ] GC(318) PSYoungGen: 240947K(577024K)->240947K(577024K) Eden: 220160K(220160K)->220160K(220160K) From: 20787K(356864K)->20787K(356864K)
[105.509s][info][gc,heap        ] GC(318) ParOldGen: 10718020K(10718208K)->10718020K(10718208K)
[105.509s][info][gc,metaspace   ] GC(318) Metaspace: 6302K(6464K)->6302K(6464K) NonClass: 5769K(5824K)->5769K(5824K) Class: 533K(640K)->533K(640K)
[105.509s][info][gc             ] GC(318) Pause Full (Ergonomics) 10702M->10702M(11030M) 3170.299ms
[105.509s][info][gc,cpu         ] GC(318) User=24.67s Sys=0.02s Real=3.17s
[105.509s][info][gc,start       ] GC(319) Pause Full (Ergonomics)
[105.509s][info][gc,phases,start] GC(319) Marking Phase
[108.014s][info][gc,phases      ] GC(319) Marking Phase 2504.893ms
[108.014s][info][gc,phases,start] GC(319) Summary Phase
[108.014s][info][gc,phases      ] GC(319) Summary Phase 0.133ms
[108.014s][info][gc,phases,start] GC(319) Adjust Roots
[108.014s][info][gc,phases      ] GC(319) Adjust Roots 0.262ms
[108.014s][info][gc,phases,start] GC(319) Compaction Phase
[108.657s][info][gc,phases      ] GC(319) Compaction Phase 643.172ms
[108.658s][info][gc,phases,start] GC(319) Post Compact
[108.671s][info][gc,phases      ] GC(319) Post Compact 13.793ms
[108.671s][info][gc,heap        ] GC(319) PSYoungGen: 240947K(577024K)->240947K(577024K) Eden: 220160K(220160K)->220160K(220160K) From: 20787K(356864K)->20787K(356864K)
[108.671s][info][gc,heap        ] GC(319) ParOldGen: 10718025K(10718208K)->10718025K(10718208K)
[108.671s][info][gc,metaspace   ] GC(319) Metaspace: 6302K(6464K)->6302K(6464K) NonClass: 5769K(5824K)->5769K(5824K) Class: 533K(640K)->533K(640K)
[108.671s][info][gc             ] GC(319) Pause Full (Ergonomics) 10702M->10702M(11030M) 3162.609ms
[108.672s][info][gc,cpu         ] GC(319) User=24.73s Sys=0.00s Real=3.16s
[108.672s][info][gc,start       ] GC(320) Pause Full (Ergonomics)
[108.672s][info][gc,phases,start] GC(320) Marking Phase
[111.162s][info][gc,phases      ] GC(320) Marking Phase 2490.594ms
[111.162s][info][gc,phases,start] GC(320) Summary Phase
[111.163s][info][gc,phases      ] GC(320) Summary Phase 0.104ms
[111.163s][info][gc,phases,start] GC(320) Adjust Roots
[111.163s][info][gc,phases      ] GC(320) Adjust Roots 0.179ms
[111.163s][info][gc,phases,start] GC(320) Compaction Phase
[111.807s][info][gc,phases      ] GC(320) Compaction Phase 644.363ms
[111.807s][info][gc,phases,start] GC(320) Post Compact
[111.821s][info][gc,phases      ] GC(320) Post Compact 13.663ms
[111.821s][info][gc,heap        ] GC(320) PSYoungGen: 240947K(577024K)->240947K(577024K) Eden: 220160K(220160K)->220160K(220160K) From: 20787K(356864K)->20787K(356864K)
[111.821s][info][gc,heap        ] GC(320) ParOldGen: 10718030K(10718208K)->10718030K(10718208K)
[111.821s][info][gc,metaspace   ] GC(320) Metaspace: 6302K(6464K)->6302K(6464K) NonClass: 5769K(5824K)->5769K(5824K) Class: 533K(640K)->533K(640K)
[111.821s][info][gc             ] GC(320) Pause Full (Ergonomics) 10702M->10702M(11030M) 3149.260ms
[111.821s][info][gc,cpu         ] GC(320) User=24.42s Sys=0.05s Real=3.15s
[111.821s][info][gc,start       ] GC(321) Pause Full (Ergonomics)
[111.821s][info][gc,phases,start] GC(321) Marking Phase
[114.307s][info][gc,phases      ] GC(321) Marking Phase 2485.711ms
[114.307s][info][gc,phases,start] GC(321) Summary Phase
[114.307s][info][gc,phases      ] GC(321) Summary Phase 0.110ms
[114.307s][info][gc,phases,start] GC(321) Adjust Roots
[114.307s][info][gc,phases      ] GC(321) Adjust Roots 0.170ms
[114.307s][info][gc,phases,start] GC(321) Compaction Phase
[114.944s][info][gc,phases      ] GC(321) Compaction Phase 637.072ms
[114.944s][info][gc,phases,start] GC(321) Post Compact
[114.960s][info][gc,phases      ] GC(321) Post Compact 15.128ms
[114.960s][info][gc,heap        ] GC(321) PSYoungGen: 240947K(577024K)->240947K(577024K) Eden: 220160K(220160K)->220160K(220160K) From: 20787K(356864K)->20787K(356864K)
[114.960s][info][gc,heap        ] GC(321) ParOldGen: 10718035K(10718208K)->10718035K(10718208K)
[114.960s][info][gc,metaspace   ] GC(321) Metaspace: 6302K(6464K)->6302K(6464K) NonClass: 5769K(5824K)->5769K(5824K) Class: 533K(640K)->533K(640K)
[114.960s][info][gc             ] GC(321) Pause Full (Ergonomics) 10702M->10702M(11030M) 3138.570ms
[114.960s][info][gc,cpu         ] GC(321) User=24.58s Sys=0.00s Real=3.14s
[114.960s][info][gc,start       ] GC(322) Pause Full (Ergonomics)
[114.960s][info][gc,phases,start] GC(322) Marking Phase
[117.463s][info][gc,phases      ] GC(322) Marking Phase 2503.117ms
[117.463s][info][gc,phases,start] GC(322) Summary Phase
[117.463s][info][gc,phases      ] GC(322) Summary Phase 0.115ms
[117.463s][info][gc,phases,start] GC(322) Adjust Roots
[117.464s][info][gc,phases      ] GC(322) Adjust Roots 0.214ms
[117.464s][info][gc,phases,start] GC(322) Compaction Phase
[118.113s][info][gc,phases      ] GC(322) Compaction Phase 649.495ms
[118.113s][info][gc,phases,start] GC(322) Post Compact
[118.127s][info][gc,phases      ] GC(322) Post Compact 13.651ms
[118.127s][info][gc,heap        ] GC(322) PSYoungGen: 240947K(577024K)->240947K(577024K) Eden: 220160K(220160K)->220160K(220160K) From: 20787K(356864K)->20787K(356864K)
[118.127s][info][gc,heap        ] GC(322) ParOldGen: 10718039K(10718208K)->10718039K(10718208K)
[118.127s][info][gc,metaspace   ] GC(322) Metaspace: 6302K(6464K)->6302K(6464K) NonClass: 5769K(5824K)->5769K(5824K) Class: 533K(640K)->533K(640K)
[118.127s][info][gc             ] GC(322) Pause Full (Ergonomics) 10702M->10702M(11030M) 3166.949ms
[118.127s][info][gc,cpu         ] GC(322) User=24.48s Sys=0.00s Real=3.17s
[118.127s][info][gc,start       ] GC(323) Pause Full (Ergonomics)
[118.127s][info][gc,phases,start] GC(323) Marking Phase
[120.637s][info][gc,phases      ] GC(323) Marking Phase 2510.249ms
[120.637s][info][gc,phases,start] GC(323) Summary Phase
[120.638s][info][gc,phases      ] GC(323) Summary Phase 0.108ms
[120.638s][info][gc,phases,start] GC(323) Adjust Roots
[120.638s][info][gc,phases      ] GC(323) Adjust Roots 0.168ms
[120.638s][info][gc,phases,start] GC(323) Compaction Phase
[121.278s][info][gc,phases      ] GC(323) Compaction Phase 640.213ms
[121.278s][info][gc,phases,start] GC(323) Post Compact
[121.292s][info][gc,phases      ] GC(323) Post Compact 14.052ms
[121.292s][info][gc,heap        ] GC(323) PSYoungGen: 240947K(577024K)->240947K(577024K) Eden: 220160K(220160K)->220160K(220160K) From: 20787K(356864K)->20787K(356864K)
[121.292s][info][gc,heap        ] GC(323) ParOldGen: 10718044K(10718208K)->10718044K(10718208K)
[121.292s][info][gc,metaspace   ] GC(323) Metaspace: 6302K(6464K)->6302K(6464K) NonClass: 5769K(5824K)->5769K(5824K) Class: 533K(640K)->533K(640K)
[121.292s][info][gc             ] GC(323) Pause Full (Ergonomics) 10702M->10702M(11030M) 3165.140ms
[121.292s][info][gc,cpu         ] GC(323) User=24.69s Sys=0.00s Real=3.16s
[121.293s][info][gc,start       ] GC(324) Pause Full (Ergonomics)
[121.293s][info][gc,phases,start] GC(324) Marking Phase
[123.799s][info][gc,phases      ] GC(324) Marking Phase 2506.093ms
[123.799s][info][gc,phases,start] GC(324) Summary Phase
[123.799s][info][gc,phases      ] GC(324) Summary Phase 0.133ms
[123.799s][info][gc,phases,start] GC(324) Adjust Roots
[123.799s][info][gc,phases      ] GC(324) Adjust Roots 0.172ms
[123.799s][info][gc,phases,start] GC(324) Compaction Phase
[124.448s][info][gc,phases      ] GC(324) Compaction Phase 649.059ms
[124.448s][info][gc,phases,start] GC(324) Post Compact
[124.462s][info][gc,phases      ] GC(324) Post Compact 14.264ms
[124.463s][info][gc,heap        ] GC(324) PSYoungGen: 240947K(577024K)->240947K(577024K) Eden: 220160K(220160K)->220160K(220160K) From: 20787K(356864K)->20787K(356864K)
[124.463s][info][gc,heap        ] GC(324) ParOldGen: 10718049K(10718208K)->10718049K(10718208K)
[124.463s][info][gc,metaspace   ] GC(324) Metaspace: 6302K(6464K)->6302K(6464K) NonClass: 5769K(5824K)->5769K(5824K) Class: 533K(640K)->533K(640K)
[124.463s][info][gc             ] GC(324) Pause Full (Ergonomics) 10702M->10702M(11030M) 3170.088ms
[124.463s][info][gc,cpu         ] GC(324) User=24.66s Sys=0.02s Real=3.17s
[124.463s][info][gc,start       ] GC(325) Pause Full (Ergonomics)
[124.463s][info][gc,phases,start] GC(325) Marking Phase
[126.968s][info][gc,phases      ] GC(325) Marking Phase 2505.014ms
[126.968s][info][gc,phases,start] GC(325) Summary Phase
[126.968s][info][gc,phases      ] GC(325) Summary Phase 0.100ms
[126.968s][info][gc,phases,start] GC(325) Adjust Roots
[126.968s][info][gc,phases      ] GC(325) Adjust Roots 0.171ms
[126.968s][info][gc,phases,start] GC(325) Compaction Phase
[127.621s][info][gc,phases      ] GC(325) Compaction Phase 652.907ms
[127.621s][info][gc,phases,start] GC(325) Post Compact
[127.636s][info][gc,phases      ] GC(325) Post Compact 14.668ms
[127.636s][info][gc,heap        ] GC(325) PSYoungGen: 240947K(577024K)->240947K(577024K) Eden: 220160K(220160K)->220160K(220160K) From: 20787K(356864K)->20787K(356864K)
[127.636s][info][gc,heap        ] GC(325) ParOldGen: 10718054K(10718208K)->10718054K(10718208K)
[127.636s][info][gc,metaspace   ] GC(325) Metaspace: 6302K(6464K)->6302K(6464K) NonClass: 5769K(5824K)->5769K(5824K) Class: 533K(640K)->533K(640K)
[127.636s][info][gc             ] GC(325) Pause Full (Ergonomics) 10702M->10702M(11030M) 3173.200ms
[127.636s][info][gc,cpu         ] GC(325) User=24.62s Sys=0.00s Real=3.17s
[127.636s][info][gc,start       ] GC(326) Pause Full (Ergonomics)
[127.636s][info][gc,phases,start] GC(326) Marking Phase
[130.121s][info][gc,phases      ] GC(326) Marking Phase 2484.583ms
[130.121s][info][gc,phases,start] GC(326) Summary Phase
[130.121s][info][gc,phases      ] GC(326) Summary Phase 0.107ms
[130.121s][info][gc,phases,start] GC(326) Adjust Roots
[130.121s][info][gc,phases      ] GC(326) Adjust Roots 0.209ms
[130.121s][info][gc,phases,start] GC(326) Compaction Phase
[130.767s][info][gc,phases      ] GC(326) Compaction Phase 645.518ms
[130.767s][info][gc,phases,start] GC(326) Post Compact
[130.781s][info][gc,phases      ] GC(326) Post Compact 13.656ms
[130.781s][info][gc,heap        ] GC(326) PSYoungGen: 240947K(577024K)->240947K(577024K) Eden: 220160K(220160K)->220160K(220160K) From: 20787K(356864K)->20787K(356864K)
[130.781s][info][gc,heap        ] GC(326) ParOldGen: 10718059K(10718208K)->10718059K(10718208K)
[130.781s][info][gc,metaspace   ] GC(326) Metaspace: 6302K(6464K)->6302K(6464K) NonClass: 5769K(5824K)->5769K(5824K) Class: 533K(640K)->533K(640K)
[130.781s][info][gc             ] GC(326) Pause Full (Ergonomics) 10702M->10702M(11030M) 3144.411ms
[130.781s][info][gc,cpu         ] GC(326) User=24.38s Sys=0.02s Real=3.14s
[130.781s][info][gc,start       ] GC(327) Pause Full (Ergonomics)
[130.781s][info][gc,phases,start] GC(327) Marking Phase
[133.290s][info][gc,phases      ] GC(327) Marking Phase 2508.797ms
[133.290s][info][gc,phases,start] GC(327) Summary Phase
[133.290s][info][gc,phases      ] GC(327) Summary Phase 0.105ms
[133.290s][info][gc,phases,start] GC(327) Adjust Roots
[133.290s][info][gc,phases      ] GC(327) Adjust Roots 0.165ms
[133.290s][info][gc,phases,start] GC(327) Compaction Phase
[133.936s][info][gc,phases      ] GC(327) Compaction Phase 646.002ms
[133.936s][info][gc,phases,start] GC(327) Post Compact
[133.951s][info][gc,phases      ] GC(327) Post Compact 15.333ms
[133.952s][info][gc,heap        ] GC(327) PSYoungGen: 240947K(577024K)->240947K(577024K) Eden: 220160K(220160K)->220160K(220160K) From: 20787K(356864K)->20787K(356864K)
[133.952s][info][gc,heap        ] GC(327) ParOldGen: 10718064K(10718208K)->10718064K(10718208K)
[133.952s][info][gc,metaspace   ] GC(327) Metaspace: 6302K(6464K)->6302K(6464K) NonClass: 5769K(5824K)->5769K(5824K) Class: 533K(640K)->533K(640K)
[133.952s][info][gc             ] GC(327) Pause Full (Ergonomics) 10702M->10702M(11030M) 3170.758ms
[133.952s][info][gc,cpu         ] GC(327) User=24.59s Sys=0.00s Real=3.17s
[133.952s][info][gc,start       ] GC(328) Pause Full (Ergonomics)
[133.952s][info][gc,phases,start] GC(328) Marking Phase
[136.494s][info][gc,phases      ] GC(328) Marking Phase 2542.549ms
[136.494s][info][gc,phases,start] GC(328) Summary Phase
[136.495s][info][gc,phases      ] GC(328) Summary Phase 0.099ms
[136.495s][info][gc,phases,start] GC(328) Adjust Roots
[136.495s][info][gc,phases      ] GC(328) Adjust Roots 0.169ms
[136.495s][info][gc,phases,start] GC(328) Compaction Phase
[137.148s][info][gc,phases      ] GC(328) Compaction Phase 653.371ms
[137.148s][info][gc,phases,start] GC(328) Post Compact
[137.163s][info][gc,phases      ] GC(328) Post Compact 14.914ms
[137.163s][info][gc,heap        ] GC(328) PSYoungGen: 240947K(577024K)->240947K(577024K) Eden: 220160K(220160K)->220160K(220160K) From: 20787K(356864K)->20787K(356864K)
[137.163s][info][gc,heap        ] GC(328) ParOldGen: 10718068K(10718208K)->10718068K(10718208K)
[137.163s][info][gc,metaspace   ] GC(328) Metaspace: 6302K(6464K)->6302K(6464K) NonClass: 5769K(5824K)->5769K(5824K) Class: 533K(640K)->533K(640K)
[137.163s][info][gc             ] GC(328) Pause Full (Ergonomics) 10702M->10702M(11030M) 3211.425ms
[137.163s][info][gc,cpu         ] GC(328) User=24.73s Sys=0.02s Real=3.21s
[137.163s][info][gc,start       ] GC(329) Pause Full (Ergonomics)
[137.163s][info][gc,phases,start] GC(329) Marking Phase
[139.632s][info][gc,phases      ] GC(329) Marking Phase 2468.491ms
[139.632s][info][gc,phases,start] GC(329) Summary Phase
[139.632s][info][gc,phases      ] GC(329) Summary Phase 0.142ms
[139.632s][info][gc,phases,start] GC(329) Adjust Roots
[139.632s][info][gc,phases      ] GC(329) Adjust Roots 0.180ms
[139.632s][info][gc,phases,start] GC(329) Compaction Phase
[140.283s][info][gc,phases      ] GC(329) Compaction Phase 650.268ms
[140.283s][info][gc,phases,start] GC(329) Post Compact
[140.297s][info][gc,phases      ] GC(329) Post Compact 14.351ms
[140.297s][info][gc,heap        ] GC(329) PSYoungGen: 240947K(577024K)->240947K(577024K) Eden: 220160K(220160K)->220160K(220160K) From: 20787K(356864K)->20787K(356864K)
[140.297s][info][gc,heap        ] GC(329) ParOldGen: 10718073K(10718208K)->10718073K(10718208K)
[140.297s][info][gc,metaspace   ] GC(329) Metaspace: 6302K(6464K)->6302K(6464K) NonClass: 5769K(5824K)->5769K(5824K) Class: 533K(640K)->533K(640K)
[140.297s][info][gc             ] GC(329) Pause Full (Ergonomics) 10702M->10702M(11030M) 3133.814ms
[140.297s][info][gc,cpu         ] GC(329) User=24.33s Sys=0.03s Real=3.13s
[140.297s][info][gc,start       ] GC(330) Pause Full (Ergonomics)
[140.297s][info][gc,phases,start] GC(330) Marking Phase
[142.787s][info][gc,phases      ] GC(330) Marking Phase 2489.824ms
[142.787s][info][gc,phases,start] GC(330) Summary Phase
[142.787s][info][gc,phases      ] GC(330) Summary Phase 0.100ms
[142.787s][info][gc,phases,start] GC(330) Adjust Roots
[142.788s][info][gc,phases      ] GC(330) Adjust Roots 0.165ms
[142.788s][info][gc,phases,start] GC(330) Compaction Phase
[143.436s][info][gc,phases      ] GC(330) Compaction Phase 648.720ms
[143.436s][info][gc,phases,start] GC(330) Post Compact
[143.451s][info][gc,phases      ] GC(330) Post Compact 14.351ms
[143.451s][info][gc,heap        ] GC(330) PSYoungGen: 240947K(577024K)->240947K(577024K) Eden: 220160K(220160K)->220160K(220160K) From: 20787K(356864K)->20787K(356864K)
[143.451s][info][gc,heap        ] GC(330) ParOldGen: 10718078K(10718208K)->10718078K(10718208K)
[143.451s][info][gc,metaspace   ] GC(330) Metaspace: 6302K(6464K)->6302K(6464K) NonClass: 5769K(5824K)->5769K(5824K) Class: 533K(640K)->533K(640K)
[143.451s][info][gc             ] GC(330) Pause Full (Ergonomics) 10702M->10702M(11030M) 3153.503ms
[143.451s][info][gc,cpu         ] GC(330) User=24.58s Sys=0.03s Real=3.15s
[143.451s][info][gc,start       ] GC(331) Pause Full (Ergonomics)
[143.451s][info][gc,phases,start] GC(331) Marking Phase
[145.975s][info][gc,phases      ] GC(331) Marking Phase 2524.114ms
[145.975s][info][gc,phases,start] GC(331) Summary Phase
[145.975s][info][gc,phases      ] GC(331) Summary Phase 0.100ms
[145.976s][info][gc,phases,start] GC(331) Adjust Roots
[145.976s][info][gc,phases      ] GC(331) Adjust Roots 0.168ms
[145.976s][info][gc,phases,start] GC(331) Compaction Phase
[146.618s][info][gc,phases      ] GC(331) Compaction Phase 642.239ms
[146.618s][info][gc,phases,start] GC(331) Post Compact
[146.632s][info][gc,phases      ] GC(331) Post Compact 13.695ms
[146.632s][info][gc,heap        ] GC(331) PSYoungGen: 240947K(577024K)->240947K(577024K) Eden: 220160K(220160K)->220160K(220160K) From: 20787K(356864K)->20787K(356864K)
[146.632s][info][gc,heap        ] GC(331) ParOldGen: 10718083K(10718208K)->10718083K(10718208K)
[146.632s][info][gc,metaspace   ] GC(331) Metaspace: 6302K(6464K)->6302K(6464K) NonClass: 5769K(5824K)->5769K(5824K) Class: 533K(640K)->533K(640K)
[146.632s][info][gc             ] GC(331) Pause Full (Ergonomics) 10702M->10702M(11030M) 3180.655ms
[146.632s][info][gc,cpu         ] GC(331) User=24.86s Sys=0.00s Real=3.18s
[146.632s][info][gc,start       ] GC(332) Pause Full (Ergonomics)
[146.632s][info][gc,phases,start] GC(332) Marking Phase
[149.111s][info][gc,phases      ] GC(332) Marking Phase 2479.122ms
[149.111s][info][gc,phases,start] GC(332) Summary Phase
[149.111s][info][gc,phases      ] GC(332) Summary Phase 0.101ms
[149.111s][info][gc,phases,start] GC(332) Adjust Roots
[149.112s][info][gc,phases      ] GC(332) Adjust Roots 0.166ms
[149.112s][info][gc,phases,start] GC(332) Compaction Phase
[149.766s][info][gc,phases      ] GC(332) Compaction Phase 653.896ms
[149.766s][info][gc,phases,start] GC(332) Post Compact
[149.780s][info][gc,phases      ] GC(332) Post Compact 14.548ms
[149.780s][info][gc,heap        ] GC(332) PSYoungGen: 240947K(577024K)->240947K(577024K) Eden: 220160K(220160K)->220160K(220160K) From: 20787K(356864K)->20787K(356864K)
[149.780s][info][gc,heap        ] GC(332) ParOldGen: 10718088K(10718208K)->10718088K(10718208K)
[149.780s][info][gc,metaspace   ] GC(332) Metaspace: 6302K(6464K)->6302K(6464K) NonClass: 5769K(5824K)->5769K(5824K) Class: 533K(640K)->533K(640K)
[149.780s][info][gc             ] GC(332) Pause Full (Ergonomics) 10702M->10702M(11030M) 3148.200ms
[149.780s][info][gc,cpu         ] GC(332) User=24.45s Sys=0.00s Real=3.15s
[149.780s][info][gc,start       ] GC(333) Pause Full (Ergonomics)
[149.781s][info][gc,phases,start] GC(333) Marking Phase
[152.273s][info][gc,phases      ] GC(333) Marking Phase 2492.311ms
[152.273s][info][gc,phases,start] GC(333) Summary Phase
[152.273s][info][gc,phases      ] GC(333) Summary Phase 0.128ms
[152.273s][info][gc,phases,start] GC(333) Adjust Roots
[152.273s][info][gc,phases      ] GC(333) Adjust Roots 0.212ms
[152.273s][info][gc,phases,start] GC(333) Compaction Phase
[152.925s][info][gc,phases      ] GC(333) Compaction Phase 651.486ms
[152.925s][info][gc,phases,start] GC(333) Post Compact
[152.939s][info][gc,phases      ] GC(333) Post Compact 13.824ms
[152.939s][info][gc,heap        ] GC(333) PSYoungGen: 240947K(577024K)->240947K(577024K) Eden: 220160K(220160K)->220160K(220160K) From: 20787K(356864K)->20787K(356864K)
[152.939s][info][gc,heap        ] GC(333) ParOldGen: 10718093K(10718208K)->10718093K(10718208K)
[152.939s][info][gc,metaspace   ] GC(333) Metaspace: 6302K(6464K)->6302K(6464K) NonClass: 5769K(5824K)->5769K(5824K) Class: 533K(640K)->533K(640K)
[152.939s][info][gc             ] GC(333) Pause Full (Ergonomics) 10702M->10702M(11030M) 3158.322ms
[152.939s][info][gc,cpu         ] GC(333) User=24.48s Sys=0.00s Real=3.16s
[152.939s][info][gc,start       ] GC(334) Pause Full (Ergonomics)
[152.939s][info][gc,phases,start] GC(334) Marking Phase
[155.433s][info][gc,phases      ] GC(334) Marking Phase 2494.318ms
[155.433s][info][gc,phases,start] GC(334) Summary Phase
[155.433s][info][gc,phases      ] GC(334) Summary Phase 0.100ms
[155.434s][info][gc,phases,start] GC(334) Adjust Roots
[155.434s][info][gc,phases      ] GC(334) Adjust Roots 0.165ms
[155.434s][info][gc,phases,start] GC(334) Compaction Phase
[156.103s][info][gc,phases      ] GC(334) Compaction Phase 669.725ms
[156.103s][info][gc,phases,start] GC(334) Post Compact
[156.118s][info][gc,phases      ] GC(334) Post Compact 14.939ms
[156.119s][info][gc,heap        ] GC(334) PSYoungGen: 240947K(577024K)->240947K(577024K) Eden: 220160K(220160K)->220160K(220160K) From: 20787K(356864K)->20787K(356864K)
[156.119s][info][gc,heap        ] GC(334) ParOldGen: 10718097K(10718208K)->10718097K(10718208K)
[156.119s][info][gc,metaspace   ] GC(334) Metaspace: 6302K(6464K)->6302K(6464K) NonClass: 5769K(5824K)->5769K(5824K) Class: 533K(640K)->533K(640K)
[156.119s][info][gc             ] GC(334) Pause Full (Ergonomics) 10702M->10702M(11030M) 3179.629ms
[156.119s][info][gc,cpu         ] GC(334) User=24.64s Sys=0.00s Real=3.18s
[156.119s][info][gc,start       ] GC(335) Pause Full (Ergonomics)
[156.119s][info][gc,phases,start] GC(335) Marking Phase
[158.627s][info][gc,phases      ] GC(335) Marking Phase 2508.600ms
[158.627s][info][gc,phases,start] GC(335) Summary Phase
[158.628s][info][gc,phases      ] GC(335) Summary Phase 0.105ms
[158.628s][info][gc,phases,start] GC(335) Adjust Roots
[158.628s][info][gc,phases      ] GC(335) Adjust Roots 0.181ms
[158.628s][info][gc,phases,start] GC(335) Compaction Phase
[159.303s][info][gc,phases      ] GC(335) Compaction Phase 675.423ms
[159.303s][info][gc,phases,start] GC(335) Post Compact
[159.319s][info][gc,phases      ] GC(335) Post Compact 16.060ms
[159.319s][info][gc,heap        ] GC(335) PSYoungGen: 240947K(577024K)->240947K(577024K) Eden: 220160K(220160K)->220160K(220160K) From: 20787K(356864K)->20787K(356864K)
[159.320s][info][gc,heap        ] GC(335) ParOldGen: 10718102K(10718208K)->10718102K(10718208K)
[159.320s][info][gc,metaspace   ] GC(335) Metaspace: 6302K(6464K)->6302K(6464K) NonClass: 5769K(5824K)->5769K(5824K) Class: 533K(640K)->533K(640K)
[159.320s][info][gc             ] GC(335) Pause Full (Ergonomics) 10702M->10702M(11030M) 3200.727ms
[159.320s][info][gc,cpu         ] GC(335) User=24.58s Sys=0.00s Real=3.20s
[159.320s][info][gc,start       ] GC(336) Pause Full (Ergonomics)
[159.320s][info][gc,phases,start] GC(336) Marking Phase
[161.783s][info][gc,phases      ] GC(336) Marking Phase 2463.234ms
[161.783s][info][gc,phases,start] GC(336) Summary Phase
[161.783s][info][gc,phases      ] GC(336) Summary Phase 0.127ms
[161.783s][info][gc,phases,start] GC(336) Adjust Roots
[161.783s][info][gc,phases      ] GC(336) Adjust Roots 0.222ms
[161.783s][info][gc,phases,start] GC(336) Compaction Phase
[162.452s][info][gc,phases      ] GC(336) Compaction Phase 668.021ms
[162.452s][info][gc,phases,start] GC(336) Post Compact
[162.467s][info][gc,phases      ] GC(336) Post Compact 14.939ms
[162.467s][info][gc,heap        ] GC(336) PSYoungGen: 240947K(577024K)->240947K(577024K) Eden: 220160K(220160K)->220160K(220160K) From: 20787K(356864K)->20787K(356864K)
[162.467s][info][gc,heap        ] GC(336) ParOldGen: 10718107K(10718208K)->10718107K(10718208K)
[162.467s][info][gc,metaspace   ] GC(336) Metaspace: 6302K(6464K)->6302K(6464K) NonClass: 5769K(5824K)->5769K(5824K) Class: 533K(640K)->533K(640K)
[162.467s][info][gc             ] GC(336) Pause Full (Ergonomics) 10702M->10702M(11030M) 3146.917ms
[162.467s][info][gc,cpu         ] GC(336) User=24.25s Sys=0.00s Real=3.15s
[162.467s][info][gc,start       ] GC(337) Pause Full (Ergonomics)
[162.467s][info][gc,phases,start] GC(337) Marking Phase
[164.963s][info][gc,phases      ] GC(337) Marking Phase 2495.978ms
[164.963s][info][gc,phases,start] GC(337) Summary Phase
[164.963s][info][gc,phases      ] GC(337) Summary Phase 0.106ms
[164.963s][info][gc,phases,start] GC(337) Adjust Roots
[164.963s][info][gc,phases      ] GC(337) Adjust Roots 0.200ms
[164.963s][info][gc,phases,start] GC(337) Compaction Phase
[165.633s][info][gc,phases      ] GC(337) Compaction Phase 669.720ms
[165.633s][info][gc,phases,start] GC(337) Post Compact
[165.648s][info][gc,phases      ] GC(337) Post Compact 15.043ms
[165.648s][info][gc,heap        ] GC(337) PSYoungGen: 240947K(577024K)->240947K(577024K) Eden: 220160K(220160K)->220160K(220160K) From: 20787K(356864K)->20787K(356864K)
[165.648s][info][gc,heap        ] GC(337) ParOldGen: 10718112K(10718208K)->10718112K(10718208K)
[165.648s][info][gc,metaspace   ] GC(337) Metaspace: 6302K(6464K)->6302K(6464K) NonClass: 5769K(5824K)->5769K(5824K) Class: 533K(640K)->533K(640K)
[165.648s][info][gc             ] GC(337) Pause Full (Ergonomics) 10702M->10702M(11030M) 3181.368ms
[165.648s][info][gc,cpu         ] GC(337) User=24.59s Sys=0.00s Real=3.18s
[165.648s][info][gc,start       ] GC(338) Pause Full (Ergonomics)
[165.648s][info][gc,phases,start] GC(338) Marking Phase
[168.108s][info][gc,phases      ] GC(338) Marking Phase 2459.970ms
[168.109s][info][gc,phases,start] GC(338) Summary Phase
[168.109s][info][gc,phases      ] GC(338) Summary Phase 0.107ms
[168.109s][info][gc,phases,start] GC(338) Adjust Roots
[168.109s][info][gc,phases      ] GC(338) Adjust Roots 0.167ms
[168.109s][info][gc,phases,start] GC(338) Compaction Phase
[168.785s][info][gc,phases      ] GC(338) Compaction Phase 676.420ms
[168.785s][info][gc,phases,start] GC(338) Post Compact
[168.800s][info][gc,phases      ] GC(338) Post Compact 15.025ms
[168.800s][info][gc,heap        ] GC(338) PSYoungGen: 240947K(577024K)->240947K(577024K) Eden: 220160K(220160K)->220160K(220160K) From: 20787K(356864K)->20787K(356864K)
[168.800s][info][gc,heap        ] GC(338) ParOldGen: 10718117K(10718208K)->10718117K(10718208K)
[168.800s][info][gc,metaspace   ] GC(338) Metaspace: 6302K(6464K)->6302K(6464K) NonClass: 5769K(5824K)->5769K(5824K) Class: 533K(640K)->533K(640K)
[168.800s][info][gc             ] GC(338) Pause Full (Ergonomics) 10702M->10702M(11030M) 3152.035ms
[168.801s][info][gc,cpu         ] GC(338) User=24.33s Sys=0.00s Real=3.15s
[168.801s][info][gc,start       ] GC(339) Pause Full (Ergonomics)
[168.801s][info][gc,phases,start] GC(339) Marking Phase
[171.272s][info][gc,phases      ] GC(339) Marking Phase 2471.239ms
[171.272s][info][gc,phases,start] GC(339) Summary Phase
[171.272s][info][gc,phases      ] GC(339) Summary Phase 0.126ms
[171.272s][info][gc,phases,start] GC(339) Adjust Roots
[171.272s][info][gc,phases      ] GC(339) Adjust Roots 0.217ms
[171.272s][info][gc,phases,start] GC(339) Compaction Phase
[171.942s][info][gc,phases      ] GC(339) Compaction Phase 669.292ms
[171.942s][info][gc,phases,start] GC(339) Post Compact
[171.957s][info][gc,phases      ] GC(339) Post Compact 15.465ms
[171.957s][info][gc,heap        ] GC(339) PSYoungGen: 240947K(577024K)->240947K(577024K) Eden: 220160K(220160K)->220160K(220160K) From: 20787K(356864K)->20787K(356864K)
[171.957s][info][gc,heap        ] GC(339) ParOldGen: 10718122K(10718208K)->10718122K(10718208K)
[171.957s][info][gc,metaspace   ] GC(339) Metaspace: 6302K(6464K)->6302K(6464K) NonClass: 5769K(5824K)->5769K(5824K) Class: 533K(640K)->533K(640K)
[171.957s][info][gc             ] GC(339) Pause Full (Ergonomics) 10702M->10702M(11030M) 3156.732ms
[171.957s][info][gc,cpu         ] GC(339) User=24.47s Sys=0.05s Real=3.16s
[171.958s][info][gc,start       ] GC(340) Pause Full (Ergonomics)
[171.958s][info][gc,phases,start] GC(340) Marking Phase
[174.431s][info][gc,phases      ] GC(340) Marking Phase 2473.706ms
[174.431s][info][gc,phases,start] GC(340) Summary Phase
[174.432s][info][gc,phases      ] GC(340) Summary Phase 0.119ms
[174.432s][info][gc,phases,start] GC(340) Adjust Roots
[174.432s][info][gc,phases      ] GC(340) Adjust Roots 0.185ms
[174.432s][info][gc,phases,start] GC(340) Compaction Phase
[175.111s][info][gc,phases      ] GC(340) Compaction Phase 679.537ms
[175.111s][info][gc,phases,start] GC(340) Post Compact
[175.126s][info][gc,phases      ] GC(340) Post Compact 14.981ms
[175.126s][info][gc,heap        ] GC(340) PSYoungGen: 240947K(577024K)->240947K(577024K) Eden: 220160K(220160K)->220160K(220160K) From: 20787K(356864K)->20787K(356864K)
[175.126s][info][gc,heap        ] GC(340) ParOldGen: 10718126K(10718208K)->10718126K(10718208K)
[175.126s][info][gc,metaspace   ] GC(340) Metaspace: 6302K(6464K)->6302K(6464K) NonClass: 5769K(5824K)->5769K(5824K) Class: 533K(640K)->533K(640K)
[175.127s][info][gc             ] GC(340) Pause Full (Ergonomics) 10702M->10702M(11030M) 3168.858ms
[175.127s][info][gc,cpu         ] GC(340) User=24.41s Sys=0.02s Real=3.17s
[175.127s][info][gc,start       ] GC(341) Pause Full (Ergonomics)
[175.127s][info][gc,phases,start] GC(341) Marking Phase
[177.592s][info][gc,phases      ] GC(341) Marking Phase 2465.321ms
[177.592s][info][gc,phases,start] GC(341) Summary Phase
[177.592s][info][gc,phases      ] GC(341) Summary Phase 0.110ms
[177.592s][info][gc,phases,start] GC(341) Adjust Roots
[177.592s][info][gc,phases      ] GC(341) Adjust Roots 0.195ms
[177.592s][info][gc,phases,start] GC(341) Compaction Phase
[178.282s][info][gc,phases      ] GC(341) Compaction Phase 689.062ms
[178.282s][info][gc,phases,start] GC(341) Post Compact
[178.297s][info][gc,phases      ] GC(341) Post Compact 15.356ms
[178.297s][info][gc,heap        ] GC(341) PSYoungGen: 240947K(577024K)->240947K(577024K) Eden: 220160K(220160K)->220160K(220160K) From: 20787K(356864K)->20787K(356864K)
[178.297s][info][gc,heap        ] GC(341) ParOldGen: 10718131K(10718208K)->10718131K(10718208K)
[178.297s][info][gc,metaspace   ] GC(341) Metaspace: 6302K(6464K)->6302K(6464K) NonClass: 5769K(5824K)->5769K(5824K) Class: 533K(640K)->533K(640K)
[178.297s][info][gc             ] GC(341) Pause Full (Ergonomics) 10702M->10702M(11030M) 3170.378ms
[178.297s][info][gc,cpu         ] GC(341) User=24.45s Sys=0.03s Real=3.17s
[178.297s][info][gc,start       ] GC(342) Pause Full (Ergonomics)
[178.297s][info][gc,phases,start] GC(342) Marking Phase
[180.763s][info][gc,phases      ] GC(342) Marking Phase 2465.820ms
[180.763s][info][gc,phases,start] GC(342) Summary Phase
[180.763s][info][gc,phases      ] GC(342) Summary Phase 0.108ms
[180.763s][info][gc,phases,start] GC(342) Adjust Roots
[180.764s][info][gc,phases      ] GC(342) Adjust Roots 0.189ms
[180.764s][info][gc,phases,start] GC(342) Compaction Phase
[181.439s][info][gc,phases      ] GC(342) Compaction Phase 675.873ms
[181.440s][info][gc,phases,start] GC(342) Post Compact
[181.455s][info][gc,phases      ] GC(342) Post Compact 15.684ms
[181.455s][info][gc,heap        ] GC(342) PSYoungGen: 240947K(577024K)->240947K(577024K) Eden: 220160K(220160K)->220160K(220160K) From: 20787K(356864K)->20787K(356864K)
[181.455s][info][gc,heap        ] GC(342) ParOldGen: 10718136K(10718208K)->10718136K(10718208K)
[181.455s][info][gc,metaspace   ] GC(342) Metaspace: 6302K(6464K)->6302K(6464K) NonClass: 5769K(5824K)->5769K(5824K) Class: 533K(640K)->533K(640K)
[181.455s][info][gc             ] GC(342) Pause Full (Ergonomics) 10702M->10702M(11030M) 3158.043ms
[181.455s][info][gc,cpu         ] GC(342) User=24.30s Sys=0.00s Real=3.16s
[181.456s][info][gc,start       ] GC(343) Pause Full (Ergonomics)
[181.456s][info][gc,phases,start] GC(343) Marking Phase
[183.944s][info][gc,phases      ] GC(343) Marking Phase 2488.674ms
[183.944s][info][gc,phases,start] GC(343) Summary Phase
[183.944s][info][gc,phases      ] GC(343) Summary Phase 0.139ms
[183.944s][info][gc,phases,start] GC(343) Adjust Roots
[183.945s][info][gc,phases      ] GC(343) Adjust Roots 0.249ms
[183.945s][info][gc,phases,start] GC(343) Compaction Phase
[184.607s][info][gc,phases      ] GC(343) Compaction Phase 662.510ms
[184.607s][info][gc,phases,start] GC(343) Post Compact
[184.622s][info][gc,phases      ] GC(343) Post Compact 14.419ms
[184.622s][info][gc,heap        ] GC(343) PSYoungGen: 240947K(577024K)->240947K(577024K) Eden: 220160K(220160K)->220160K(220160K) From: 20787K(356864K)->20787K(356864K)
[184.622s][info][gc,heap        ] GC(343) ParOldGen: 10718141K(10718208K)->10718141K(10718208K)
[184.622s][info][gc,metaspace   ] GC(343) Metaspace: 6302K(6464K)->6302K(6464K) NonClass: 5769K(5824K)->5769K(5824K) Class: 533K(640K)->533K(640K)
[184.622s][info][gc             ] GC(343) Pause Full (Ergonomics) 10702M->10702M(11030M) 3166.356ms
[184.622s][info][gc,cpu         ] GC(343) User=24.38s Sys=0.00s Real=3.17s
[184.622s][info][gc,start       ] GC(344) Pause Full (Ergonomics)
[184.622s][info][gc,phases,start] GC(344) Marking Phase
[187.098s][info][gc,phases      ] GC(344) Marking Phase 2476.263ms
[187.099s][info][gc,phases,start] GC(344) Summary Phase
[187.099s][info][gc,phases      ] GC(344) Summary Phase 0.116ms
[187.099s][info][gc,phases,start] GC(344) Adjust Roots
[187.099s][info][gc,phases      ] GC(344) Adjust Roots 0.239ms
[187.099s][info][gc,phases,start] GC(344) Compaction Phase
[187.774s][info][gc,phases      ] GC(344) Compaction Phase 675.412ms
[187.774s][info][gc,phases,start] GC(344) Post Compact
[187.790s][info][gc,phases      ] GC(344) Post Compact 15.806ms
[187.790s][info][gc,heap        ] GC(344) PSYoungGen: 240947K(577024K)->240947K(577024K) Eden: 220160K(220160K)->220160K(220160K) From: 20787K(356864K)->20787K(356864K)
[187.790s][info][gc,heap        ] GC(344) ParOldGen: 10718146K(10718208K)->10718146K(10718208K)
[187.790s][info][gc,metaspace   ] GC(344) Metaspace: 6302K(6464K)->6302K(6464K) NonClass: 5769K(5824K)->5769K(5824K) Class: 533K(640K)->533K(640K)
[187.790s][info][gc             ] GC(344) Pause Full (Ergonomics) 10702M->10702M(11030M) 3168.206ms
[187.790s][info][gc,cpu         ] GC(344) User=24.27s Sys=0.05s Real=3.17s
[187.791s][info][gc,start       ] GC(345) Pause Full (Ergonomics)
[187.791s][info][gc,phases,start] GC(345) Marking Phase
[190.304s][info][gc,phases      ] GC(345) Marking Phase 2513.428ms
[190.304s][info][gc,phases,start] GC(345) Summary Phase
[190.304s][info][gc,phases      ] GC(345) Summary Phase 0.108ms
[190.304s][info][gc,phases,start] GC(345) Adjust Roots
[190.304s][info][gc,phases      ] GC(345) Adjust Roots 0.172ms
[190.304s][info][gc,phases,start] GC(345) Compaction Phase
[190.971s][info][gc,phases      ] GC(345) Compaction Phase 666.439ms
[190.971s][info][gc,phases,start] GC(345) Post Compact
[190.985s][info][gc,phases      ] GC(345) Post Compact 13.956ms
[190.985s][info][gc,heap        ] GC(345) PSYoungGen: 240947K(577024K)->240947K(577024K) Eden: 220160K(220160K)->220160K(220160K) From: 20787K(356864K)->20787K(356864K)
[190.985s][info][gc,heap        ] GC(345) ParOldGen: 10718151K(10718208K)->10718151K(10718208K)
[190.985s][info][gc,metaspace   ] GC(345) Metaspace: 6302K(6464K)->6302K(6464K) NonClass: 5769K(5824K)->5769K(5824K) Class: 533K(640K)->533K(640K)
[190.985s][info][gc             ] GC(345) Pause Full (Ergonomics) 10702M->10702M(11030M) 3194.473ms
[190.985s][info][gc,cpu         ] GC(345) User=24.77s Sys=0.02s Real=3.20s
[190.985s][info][gc,start       ] GC(346) Pause Full (Ergonomics)
[190.985s][info][gc,phases,start] GC(346) Marking Phase
[193.481s][info][gc,phases      ] GC(346) Marking Phase 2496.096ms
[193.481s][info][gc,phases,start] GC(346) Summary Phase
[193.482s][info][gc,phases      ] GC(346) Summary Phase 0.170ms
[193.482s][info][gc,phases,start] GC(346) Adjust Roots
[193.482s][info][gc,phases      ] GC(346) Adjust Roots 0.321ms
[193.482s][info][gc,phases,start] GC(346) Compaction Phase
[194.152s][info][gc,phases      ] GC(346) Compaction Phase 670.050ms
[194.152s][info][gc,phases,start] GC(346) Post Compact
[194.167s][info][gc,phases      ] GC(346) Post Compact 15.014ms
[194.167s][info][gc,heap        ] GC(346) PSYoungGen: 240947K(577024K)->240947K(577024K) Eden: 220160K(220160K)->220160K(220160K) From: 20787K(356864K)->20787K(356864K)
[194.167s][info][gc,heap        ] GC(346) ParOldGen: 10718155K(10718208K)->10718155K(10718208K)
[194.167s][info][gc,metaspace   ] GC(346) Metaspace: 6302K(6464K)->6302K(6464K) NonClass: 5769K(5824K)->5769K(5824K) Class: 533K(640K)->533K(640K)
[194.167s][info][gc             ] GC(346) Pause Full (Ergonomics) 10702M->10702M(11030M) 3182.051ms
[194.167s][info][gc,cpu         ] GC(346) User=24.45s Sys=0.00s Real=3.18s
[194.167s][info][gc,start       ] GC(347) Pause Full (Ergonomics)
[194.168s][info][gc,phases,start] GC(347) Marking Phase
[196.654s][info][gc,phases      ] GC(347) Marking Phase 2486.536ms
[196.654s][info][gc,phases,start] GC(347) Summary Phase
[196.654s][info][gc,phases      ] GC(347) Summary Phase 0.102ms
[196.654s][info][gc,phases,start] GC(347) Adjust Roots
[196.654s][info][gc,phases      ] GC(347) Adjust Roots 0.174ms
[196.654s][info][gc,phases,start] GC(347) Compaction Phase
[197.329s][info][gc,phases      ] GC(347) Compaction Phase 674.744ms
[197.329s][info][gc,phases,start] GC(347) Post Compact
[197.344s][info][gc,phases      ] GC(347) Post Compact 14.807ms
[197.344s][info][gc,heap        ] GC(347) PSYoungGen: 240947K(577024K)->240947K(577024K) Eden: 220160K(220160K)->220160K(220160K) From: 20787K(356864K)->20787K(356864K)
[197.344s][info][gc,heap        ] GC(347) ParOldGen: 10718160K(10718208K)->10718160K(10718208K)
[197.344s][info][gc,metaspace   ] GC(347) Metaspace: 6302K(6464K)->6302K(6464K) NonClass: 5769K(5824K)->5769K(5824K) Class: 533K(640K)->533K(640K)
[197.344s][info][gc             ] GC(347) Pause Full (Ergonomics) 10702M->10702M(11030M) 3176.705ms
[197.344s][info][gc,cpu         ] GC(347) User=24.62s Sys=0.00s Real=3.18s
[197.344s][info][gc,start       ] GC(348) Pause Full (Ergonomics)
[197.344s][info][gc,phases,start] GC(348) Marking Phase
[199.838s][info][gc,phases      ] GC(348) Marking Phase 2493.896ms
[199.838s][info][gc,phases,start] GC(348) Summary Phase
[199.839s][info][gc,phases      ] GC(348) Summary Phase 0.101ms
[199.839s][info][gc,phases,start] GC(348) Adjust Roots
[199.839s][info][gc,phases      ] GC(348) Adjust Roots 0.176ms
[199.839s][info][gc,phases,start] GC(348) Compaction Phase
[200.509s][info][gc,phases      ] GC(348) Compaction Phase 669.934ms
[200.509s][info][gc,phases,start] GC(348) Post Compact
[200.524s][info][gc,phases      ] GC(348) Post Compact 14.975ms
[200.524s][info][gc,heap        ] GC(348) PSYoungGen: 240947K(577024K)->240947K(577024K) Eden: 220160K(220160K)->220160K(220160K) From: 20787K(356864K)->20787K(356864K)
[200.524s][info][gc,heap        ] GC(348) ParOldGen: 10718165K(10718208K)->10718165K(10718208K)
[200.524s][info][gc,metaspace   ] GC(348) Metaspace: 6302K(6464K)->6302K(6464K) NonClass: 5769K(5824K)->5769K(5824K) Class: 533K(640K)->533K(640K)
[200.524s][info][gc             ] GC(348) Pause Full (Ergonomics) 10702M->10702M(11030M) 3179.419ms
[200.524s][info][gc,cpu         ] GC(348) User=24.66s Sys=0.00s Real=3.18s
[200.524s][info][gc,start       ] GC(349) Pause Full (Ergonomics)
[200.524s][info][gc,phases,start] GC(349) Marking Phase
[203.034s][info][gc,phases      ] GC(349) Marking Phase 2509.637ms
[203.034s][info][gc,phases,start] GC(349) Summary Phase
[203.034s][info][gc,phases      ] GC(349) Summary Phase 0.100ms
[203.034s][info][gc,phases,start] GC(349) Adjust Roots
[203.034s][info][gc,phases      ] GC(349) Adjust Roots 0.170ms
[203.034s][info][gc,phases,start] GC(349) Compaction Phase
[203.706s][info][gc,phases      ] GC(349) Compaction Phase 671.847ms
[203.706s][info][gc,phases,start] GC(349) Post Compact
[203.721s][info][gc,phases      ] GC(349) Post Compact 15.010ms
[203.721s][info][gc,heap        ] GC(349) PSYoungGen: 240947K(577024K)->240947K(577024K) Eden: 220160K(220160K)->220160K(220160K) From: 20787K(356864K)->20787K(356864K)
[203.721s][info][gc,heap        ] GC(349) ParOldGen: 10718170K(10718208K)->10718170K(10718208K)
[203.721s][info][gc,metaspace   ] GC(349) Metaspace: 6302K(6464K)->6302K(6464K) NonClass: 5769K(5824K)->5769K(5824K) Class: 533K(640K)->533K(640K)
[203.721s][info][gc             ] GC(349) Pause Full (Ergonomics) 10702M->10702M(11030M) 3197.117ms
[203.721s][info][gc,cpu         ] GC(349) User=24.77s Sys=0.00s Real=3.20s
[203.721s][info][gc,start       ] GC(350) Pause Full (Ergonomics)
[203.721s][info][gc,phases,start] GC(350) Marking Phase
[206.213s][info][gc,phases      ] GC(350) Marking Phase 2491.403ms
[206.213s][info][gc,phases,start] GC(350) Summary Phase
[206.213s][info][gc,phases      ] GC(350) Summary Phase 0.099ms
[206.213s][info][gc,phases,start] GC(350) Adjust Roots
[206.213s][info][gc,phases      ] GC(350) Adjust Roots 0.166ms
[206.213s][info][gc,phases,start] GC(350) Compaction Phase
[206.889s][info][gc,phases      ] GC(350) Compaction Phase 676.122ms
[206.889s][info][gc,phases,start] GC(350) Post Compact
[206.904s][info][gc,phases      ] GC(350) Post Compact 14.743ms
[206.904s][info][gc,heap        ] GC(350) PSYoungGen: 240947K(577024K)->240947K(577024K) Eden: 220160K(220160K)->220160K(220160K) From: 20787K(356864K)->20787K(356864K)
[206.904s][info][gc,heap        ] GC(350) ParOldGen: 10718175K(10718208K)->10718175K(10718208K)
[206.904s][info][gc,metaspace   ] GC(350) Metaspace: 6302K(6464K)->6302K(6464K) NonClass: 5769K(5824K)->5769K(5824K) Class: 533K(640K)->533K(640K)
[206.904s][info][gc             ] GC(350) Pause Full (Ergonomics) 10702M->10702M(11030M) 3182.881ms
[206.904s][info][gc,cpu         ] GC(350) User=24.66s Sys=0.02s Real=3.18s
[206.905s][info][gc,start       ] GC(351) Pause Full (Ergonomics)
[206.905s][info][gc,phases,start] GC(351) Marking Phase
[209.384s][info][gc,phases      ] GC(351) Marking Phase 2479.105ms
[209.384s][info][gc,phases,start] GC(351) Summary Phase
[209.384s][info][gc,phases      ] GC(351) Summary Phase 0.100ms
[209.384s][info][gc,phases,start] GC(351) Adjust Roots
[209.384s][info][gc,phases      ] GC(351) Adjust Roots 0.169ms
[209.384s][info][gc,phases,start] GC(351) Compaction Phase
[210.067s][info][gc,phases      ] GC(351) Compaction Phase 682.728ms
[210.067s][info][gc,phases,start] GC(351) Post Compact
[210.082s][info][gc,phases      ] GC(351) Post Compact 15.260ms
[210.082s][info][gc,heap        ] GC(351) PSYoungGen: 240947K(577024K)->240947K(577024K) Eden: 220160K(220160K)->220160K(220160K) From: 20787K(356864K)->20787K(356864K)
[210.082s][info][gc,heap        ] GC(351) ParOldGen: 10718180K(10718208K)->10718180K(10718208K)
[210.082s][info][gc,metaspace   ] GC(351) Metaspace: 6302K(6464K)->6302K(6464K) NonClass: 5769K(5824K)->5769K(5824K) Class: 533K(640K)->533K(640K)
[210.082s][info][gc             ] GC(351) Pause Full (Ergonomics) 10702M->10702M(11030M) 3177.710ms
[210.082s][info][gc,cpu         ] GC(351) User=24.52s Sys=0.00s Real=3.18s
[210.082s][info][gc,start       ] GC(352) Pause Full (Ergonomics)
[210.082s][info][gc,phases,start] GC(352) Marking Phase
[212.566s][info][gc,phases      ] GC(352) Marking Phase 2483.656ms
[212.566s][info][gc,phases,start] GC(352) Summary Phase
[212.566s][info][gc,phases      ] GC(352) Summary Phase 0.100ms
[212.566s][info][gc,phases,start] GC(352) Adjust Roots
[212.566s][info][gc,phases      ] GC(352) Adjust Roots 0.179ms
[212.567s][info][gc,phases,start] GC(352) Compaction Phase
[213.240s][info][gc,phases      ] GC(352) Compaction Phase 673.759ms
[213.240s][info][gc,phases,start] GC(352) Post Compact
[213.255s][info][gc,phases      ] GC(352) Post Compact 14.645ms
[213.255s][info][gc,heap        ] GC(352) PSYoungGen: 240947K(577024K)->240947K(577024K) Eden: 220160K(220160K)->220160K(220160K) From: 20787K(356864K)->20787K(356864K)
[213.255s][info][gc,heap        ] GC(352) ParOldGen: 10718184K(10718208K)->10718184K(10718208K)
[213.255s][info][gc,metaspace   ] GC(352) Metaspace: 6302K(6464K)->6302K(6464K) NonClass: 5769K(5824K)->5769K(5824K) Class: 533K(640K)->533K(640K)
[213.255s][info][gc             ] GC(352) Pause Full (Ergonomics) 10702M->10702M(11030M) 3172.698ms
[213.255s][info][gc,cpu         ] GC(352) User=24.52s Sys=0.00s Real=3.17s
[213.255s][info][gc,start       ] GC(353) Pause Full (Ergonomics)
[213.255s][info][gc,phases,start] GC(353) Marking Phase
[215.737s][info][gc,phases      ] GC(353) Marking Phase 2481.982ms
[215.737s][info][gc,phases,start] GC(353) Summary Phase
[215.738s][info][gc,phases      ] GC(353) Summary Phase 0.100ms
[215.738s][info][gc,phases,start] GC(353) Adjust Roots
[215.738s][info][gc,phases      ] GC(353) Adjust Roots 0.171ms
[215.738s][info][gc,phases,start] GC(353) Compaction Phase
[216.409s][info][gc,phases      ] GC(353) Compaction Phase 670.984ms
[216.409s][info][gc,phases,start] GC(353) Post Compact
[216.423s][info][gc,phases      ] GC(353) Post Compact 14.572ms
[216.423s][info][gc,heap        ] GC(353) PSYoungGen: 240947K(577024K)->240947K(577024K) Eden: 220160K(220160K)->220160K(220160K) From: 20787K(356864K)->20787K(356864K)
[216.423s][info][gc,heap        ] GC(353) ParOldGen: 10718189K(10718208K)->10718189K(10718208K)
[216.424s][info][gc,metaspace   ] GC(353) Metaspace: 6302K(6464K)->6302K(6464K) NonClass: 5769K(5824K)->5769K(5824K) Class: 533K(640K)->533K(640K)
[216.424s][info][gc             ] GC(353) Pause Full (Ergonomics) 10702M->10702M(11030M) 3168.191ms
[216.424s][info][gc,cpu         ] GC(353) User=24.50s Sys=0.00s Real=3.17s
[216.424s][info][gc,start       ] GC(354) Pause Full (Ergonomics)
[216.424s][info][gc,phases,start] GC(354) Marking Phase
[218.878s][info][gc,phases      ] GC(354) Marking Phase 2453.989ms
[218.878s][info][gc,phases,start] GC(354) Summary Phase
[218.878s][info][gc,phases      ] GC(354) Summary Phase 0.100ms
[218.878s][info][gc,phases,start] GC(354) Adjust Roots
[218.878s][info][gc,phases      ] GC(354) Adjust Roots 0.174ms
[218.878s][info][gc,phases,start] GC(354) Compaction Phase
[219.553s][info][gc,phases      ] GC(354) Compaction Phase 674.572ms
[219.553s][info][gc,phases,start] GC(354) Post Compact
[219.568s][info][gc,phases      ] GC(354) Post Compact 14.828ms
[219.568s][info][gc,heap        ] GC(354) PSYoungGen: 240947K(577024K)->240947K(577024K) Eden: 220160K(220160K)->220160K(220160K) From: 20787K(356864K)->20787K(356864K)
[219.568s][info][gc,heap        ] GC(354) ParOldGen: 10718194K(10718208K)->10718194K(10718208K)
[219.568s][info][gc,metaspace   ] GC(354) Metaspace: 6302K(6464K)->6302K(6464K) NonClass: 5769K(5824K)->5769K(5824K) Class: 533K(640K)->533K(640K)
[219.568s][info][gc             ] GC(354) Pause Full (Ergonomics) 10702M->10702M(11030M) 3144.015ms
[219.568s][info][gc,cpu         ] GC(354) User=24.27s Sys=0.03s Real=3.14s
[219.568s][info][gc,start       ] GC(355) Pause Full (Ergonomics)
[219.568s][info][gc,phases,start] GC(355) Marking Phase
[222.029s][info][gc,phases      ] GC(355) Marking Phase 2460.763ms
[222.029s][info][gc,phases,start] GC(355) Summary Phase
[222.029s][info][gc,phases      ] GC(355) Summary Phase 0.102ms
[222.029s][info][gc,phases,start] GC(355) Adjust Roots
[222.029s][info][gc,phases      ] GC(355) Adjust Roots 0.177ms
[222.029s][info][gc,phases,start] GC(355) Compaction Phase
[222.705s][info][gc,phases      ] GC(355) Compaction Phase 675.975ms
[222.705s][info][gc,phases,start] GC(355) Post Compact
[222.720s][info][gc,phases      ] GC(355) Post Compact 14.983ms
[222.720s][info][gc,heap        ] GC(355) PSYoungGen: 240947K(577024K)->240947K(577024K) Eden: 220160K(220160K)->220160K(220160K) From: 20787K(356864K)->20787K(356864K)
[222.720s][info][gc,heap        ] GC(355) ParOldGen: 10718199K(10718208K)->10718199K(10718208K)
[222.720s][info][gc,metaspace   ] GC(355) Metaspace: 6302K(6464K)->6302K(6464K) NonClass: 5769K(5824K)->5769K(5824K) Class: 533K(640K)->533K(640K)
[222.720s][info][gc             ] GC(355) Pause Full (Ergonomics) 10702M->10702M(11030M) 3152.372ms
[222.720s][info][gc,cpu         ] GC(355) User=24.31s Sys=0.00s Real=3.15s
[222.721s][info][gc,start       ] GC(356) Pause Full (Ergonomics)
[222.721s][info][gc,phases,start] GC(356) Marking Phase
[225.203s][info][gc,phases      ] GC(356) Marking Phase 2482.849ms
[225.204s][info][gc,phases,start] GC(356) Summary Phase
[225.204s][info][gc,phases      ] GC(356) Summary Phase 0.101ms
[225.204s][info][gc,phases,start] GC(356) Adjust Roots
[225.204s][info][gc,phases      ] GC(356) Adjust Roots 0.165ms
[225.204s][info][gc,phases,start] GC(356) Compaction Phase
[225.886s][info][gc,phases      ] GC(356) Compaction Phase 682.376ms
[225.886s][info][gc,phases,start] GC(356) Post Compact
[225.902s][info][gc,phases      ] GC(356) Post Compact 15.464ms
[225.902s][info][gc,heap        ] GC(356) PSYoungGen: 240947K(577024K)->240947K(577024K) Eden: 220160K(220160K)->220160K(220160K) From: 20787K(356864K)->20787K(356864K)
[225.902s][info][gc,heap        ] GC(356) ParOldGen: 10718204K(10718208K)->10718204K(10718208K)
[225.902s][info][gc,metaspace   ] GC(356) Metaspace: 6302K(6464K)->6302K(6464K) NonClass: 5769K(5824K)->5769K(5824K) Class: 533K(640K)->533K(640K)
[225.902s][info][gc             ] GC(356) Pause Full (Ergonomics) 10702M->10702M(11030M) 3181.318ms
[225.902s][info][gc,cpu         ] GC(356) User=24.56s Sys=0.00s Real=3.18s
[225.902s][info][gc,start       ] GC(357) Pause Full (Ergonomics)
[225.902s][info][gc,phases,start] GC(357) Marking Phase
[228.365s][info][gc,phases      ] GC(357) Marking Phase 2462.609ms
[228.365s][info][gc,phases,start] GC(357) Summary Phase
[228.365s][info][gc,phases      ] GC(357) Summary Phase 0.107ms
[228.365s][info][gc,phases,start] GC(357) Adjust Roots
[228.365s][info][gc,phases      ] GC(357) Adjust Roots 0.167ms
[228.365s][info][gc,phases,start] GC(357) Compaction Phase
[229.048s][info][gc,phases      ] GC(357) Compaction Phase 683.092ms
[229.048s][info][gc,phases,start] GC(357) Post Compact
[229.064s][info][gc,phases      ] GC(357) Post Compact 15.723ms
[229.064s][info][gc,heap        ] GC(357) PSYoungGen: 240947K(577024K)->240947K(577024K) Eden: 220160K(220160K)->220160K(220160K) From: 20787K(356864K)->20787K(356864K)
[229.064s][info][gc,heap        ] GC(357) ParOldGen: 10718207K(10718208K)->10718207K(10718208K)
[229.064s][info][gc,metaspace   ] GC(357) Metaspace: 6302K(6464K)->6302K(6464K) NonClass: 5769K(5824K)->5769K(5824K) Class: 533K(640K)->533K(640K)
[229.064s][info][gc             ] GC(357) Pause Full (Ergonomics) 10702M->10702M(11030M) 3162.085ms
[229.064s][info][gc,cpu         ] GC(357) User=24.44s Sys=0.02s Real=3.16s
[229.064s][info][gc,start       ] GC(358) Pause Full (Allocation Failure)
[229.064s][info][gc,phases,start] GC(358) Marking Phase
[231.563s][info][gc,phases      ] GC(358) Marking Phase 2498.421ms
[231.563s][info][gc,phases,start] GC(358) Summary Phase
[231.563s][info][gc,phases      ] GC(358) Summary Phase 0.109ms
[231.563s][info][gc,phases,start] GC(358) Adjust Roots
[231.563s][info][gc,phases      ] GC(358) Adjust Roots 0.424ms
[231.563s][info][gc,phases,start] GC(358) Compaction Phase
[234.254s][info][gc,phases      ] GC(358) Compaction Phase 2690.897ms
[234.254s][info][gc,phases,start] GC(358) Post Compact
[234.271s][info][gc,phases      ] GC(358) Post Compact 16.399ms
[234.271s][info][gc,heap        ] GC(358) PSYoungGen: 240947K(577024K)->240947K(577024K) Eden: 220160K(220160K)->220160K(220160K) From: 20787K(356864K)->20787K(356864K)
[234.271s][info][gc,heap        ] GC(358) ParOldGen: 10718207K(10718208K)->10718203K(10718208K)
[234.271s][info][gc,metaspace   ] GC(358) Metaspace: 6302K(6464K)->6300K(6464K) NonClass: 5769K(5824K)->5767K(5824K) Class: 533K(640K)->532K(640K)
[234.271s][info][gc             ] GC(358) Pause Full (Allocation Failure) 10702M->10702M(11030M) 5206.619ms
[234.271s][info][gc,cpu         ] GC(358) User=39.23s Sys=0.02s Real=5.21s
[234.271s][info][gc,start       ] GC(359) Pause Full (Ergonomics)
[234.271s][info][gc,phases,start] GC(359) Marking Phase
[236.751s][info][gc,phases      ] GC(359) Marking Phase 2479.713ms
[236.751s][info][gc,phases,start] GC(359) Summary Phase
[236.751s][info][gc,phases      ] GC(359) Summary Phase 0.187ms
[236.751s][info][gc,phases,start] GC(359) Adjust Roots
[236.752s][info][gc,phases      ] GC(359) Adjust Roots 0.201ms
[236.752s][info][gc,phases,start] GC(359) Compaction Phase
[237.423s][info][gc,phases      ] GC(359) Compaction Phase 671.686ms
[237.423s][info][gc,phases,start] GC(359) Post Compact
[237.438s][info][gc,phases      ] GC(359) Post Compact 14.530ms
[237.438s][info][gc,heap        ] GC(359) PSYoungGen: 240947K(577024K)->240947K(577024K) Eden: 220160K(220160K)->220160K(220160K) From: 20787K(356864K)->20787K(356864K)
[237.438s][info][gc,heap        ] GC(359) ParOldGen: 10718204K(10718208K)->10718204K(10718208K)
[237.438s][info][gc,metaspace   ] GC(359) Metaspace: 6300K(6464K)->6300K(6464K) NonClass: 5767K(5824K)->5767K(5824K) Class: 532K(640K)->532K(640K)
[237.438s][info][gc             ] GC(359) Pause Full (Ergonomics) 10702M->10702M(11030M) 3166.648ms
[237.438s][info][gc,cpu         ] GC(359) User=24.62s Sys=0.00s Real=3.17s
[237.439s][info][gc,start       ] GC(360) Pause Full (Ergonomics)
[237.439s][info][gc,phases,start] GC(360) Marking Phase
[239.937s][info][gc,phases      ] GC(360) Marking Phase 2498.718ms
[239.937s][info][gc,phases,start] GC(360) Summary Phase
[239.937s][info][gc,phases      ] GC(360) Summary Phase 0.106ms
[239.937s][info][gc,phases,start] GC(360) Adjust Roots
[239.938s][info][gc,phases      ] GC(360) Adjust Roots 0.174ms
[239.938s][info][gc,phases,start] GC(360) Compaction Phase
[240.626s][info][gc,phases      ] GC(360) Compaction Phase 688.341ms
[240.626s][info][gc,phases,start] GC(360) Post Compact
[240.641s][info][gc,phases      ] GC(360) Post Compact 15.076ms
[240.641s][info][gc,heap        ] GC(360) PSYoungGen: 240947K(577024K)->240947K(577024K) Eden: 220160K(220160K)->220160K(220160K) From: 20787K(356864K)->20787K(356864K)
[240.641s][info][gc,heap        ] GC(360) ParOldGen: 10718207K(10718208K)->10718207K(10718208K)
[240.641s][info][gc,metaspace   ] GC(360) Metaspace: 6300K(6464K)->6300K(6464K) NonClass: 5767K(5824K)->5767K(5824K) Class: 532K(640K)->532K(640K)
[240.641s][info][gc             ] GC(360) Pause Full (Ergonomics) 10702M->10702M(11030M) 3202.747ms
[240.641s][info][gc,cpu         ] GC(360) User=24.77s Sys=0.00s Real=3.20s
[240.641s][info][gc,start       ] GC(361) Pause Full (Allocation Failure)
[240.641s][info][gc,phases,start] GC(361) Marking Phase
[243.128s][info][gc,phases      ] GC(361) Marking Phase 2486.333ms
[243.128s][info][gc,phases,start] GC(361) Summary Phase
[243.128s][info][gc,phases      ] GC(361) Summary Phase 0.100ms
[243.128s][info][gc,phases,start] GC(361) Adjust Roots
[243.128s][info][gc,phases      ] GC(361) Adjust Roots 0.170ms
[243.128s][info][gc,phases,start] GC(361) Compaction Phase
[243.803s][info][gc,phases      ] GC(361) Compaction Phase 675.049ms
[243.803s][info][gc,phases,start] GC(361) Post Compact
[243.818s][info][gc,phases      ] GC(361) Post Compact 15.023ms
[243.818s][info][gc,heap        ] GC(361) PSYoungGen: 240947K(577024K)->240947K(577024K) Eden: 220160K(220160K)->220160K(220160K) From: 20787K(356864K)->20787K(356864K)
[243.818s][info][gc,heap        ] GC(361) ParOldGen: 10718207K(10718208K)->10718207K(10718208K)
[243.818s][info][gc,metaspace   ] GC(361) Metaspace: 6300K(6464K)->6300K(6464K) NonClass: 5767K(5824K)->5767K(5824K) Class: 532K(640K)->532K(640K)
[243.818s][info][gc             ] GC(361) Pause Full (Allocation Failure) 10702M->10702M(11030M) 3177.017ms
[243.818s][info][gc,cpu         ] GC(361) User=24.62s Sys=0.03s Real=3.18s
[243.819s][info][gc,start       ] GC(362) Pause Full (Ergonomics)
[243.819s][info][gc,phases,start] GC(362) Marking Phase
[246.332s][info][gc,phases      ] GC(362) Marking Phase 2512.979ms
[246.332s][info][gc,phases,start] GC(362) Summary Phase
[246.332s][info][gc,phases      ] GC(362) Summary Phase 0.102ms
[246.332s][info][gc,phases,start] GC(362) Adjust Roots
[246.332s][info][gc,phases      ] GC(362) Adjust Roots 0.249ms
[246.332s][info][gc,phases,start] GC(362) Compaction Phase
[249.041s][info][gc,phases      ] GC(362) Compaction Phase 2708.702ms
[249.041s][info][gc,phases,start] GC(362) Post Compact
[249.057s][info][gc,phases      ] GC(362) Post Compact 16.242ms
[249.057s][info][gc,heap        ] GC(362) PSYoungGen: 240947K(577024K)->240947K(577024K) Eden: 220160K(220160K)->220160K(220160K) From: 20787K(356864K)->20787K(356864K)
[249.057s][info][gc,heap        ] GC(362) ParOldGen: 10718207K(10718208K)->10718206K(10718208K)
[249.057s][info][gc,metaspace   ] GC(362) Metaspace: 6300K(6464K)->6300K(6464K) NonClass: 5767K(5824K)->5767K(5824K) Class: 532K(640K)->532K(640K)
[249.057s][info][gc             ] GC(362) Pause Full (Ergonomics) 10702M->10702M(11030M) 5238.646ms
[249.057s][info][gc,cpu         ] GC(362) User=39.61s Sys=0.02s Real=5.24s
[249.058s][info][gc,start       ] GC(363) Pause Full (Ergonomics)
[249.058s][info][gc,phases,start] GC(363) Marking Phase
[251.476s][info][gc,phases      ] GC(363) Marking Phase 2418.285ms
[251.476s][info][gc,phases,start] GC(363) Summary Phase
[251.476s][info][gc,phases      ] GC(363) Summary Phase 0.114ms
[251.476s][info][gc,phases,start] GC(363) Adjust Roots
[251.477s][info][gc,phases      ] GC(363) Adjust Roots 0.184ms
[251.477s][info][gc,phases,start] GC(363) Compaction Phase
[252.141s][info][gc,phases      ] GC(363) Compaction Phase 664.486ms
[252.141s][info][gc,phases,start] GC(363) Post Compact
[252.156s][info][gc,phases      ] GC(363) Post Compact 14.555ms
[252.156s][info][gc,heap        ] GC(363) PSYoungGen: 240947K(577024K)->240947K(577024K) Eden: 220160K(220160K)->220160K(220160K) From: 20787K(356864K)->20787K(356864K)
[252.156s][info][gc,heap        ] GC(363) ParOldGen: 10718207K(10718208K)->10718206K(10718208K)
[252.156s][info][gc,metaspace   ] GC(363) Metaspace: 6300K(6464K)->6300K(6464K) NonClass: 5767K(5824K)->5767K(5824K) Class: 532K(640K)->532K(640K)
[252.156s][info][gc             ] GC(363) Pause Full (Ergonomics) 10702M->10702M(11030M) 3097.977ms
[252.156s][info][gc,cpu         ] GC(363) User=23.98s Sys=0.00s Real=3.10s
[252.157s][info][gc,start       ] GC(364) Pause Full (Ergonomics)
[252.157s][info][gc,phases,start] GC(364) Marking Phase
[254.666s][info][gc,phases      ] GC(364) Marking Phase 2508.426ms
[254.666s][info][gc,phases,start] GC(364) Summary Phase
[254.666s][info][gc,phases      ] GC(364) Summary Phase 0.102ms
[254.666s][info][gc,phases,start] GC(364) Adjust Roots
[254.666s][info][gc,phases      ] GC(364) Adjust Roots 0.252ms
[254.666s][info][gc,phases,start] GC(364) Compaction Phase
[257.352s][info][gc,phases      ] GC(364) Compaction Phase 2686.419ms
[257.352s][info][gc,phases,start] GC(364) Post Compact
[257.369s][info][gc,phases      ] GC(364) Post Compact 16.233ms
[257.369s][info][gc,heap        ] GC(364) PSYoungGen: 240947K(577024K)->240947K(577024K) Eden: 220160K(220160K)->220160K(220160K) From: 20787K(356864K)->20787K(356864K)
[257.369s][info][gc,heap        ] GC(364) ParOldGen: 10718207K(10718208K)->10718205K(10718208K)
[257.369s][info][gc,metaspace   ] GC(364) Metaspace: 6305K(6528K)->6305K(6528K) NonClass: 5770K(5888K)->5770K(5888K) Class: 534K(640K)->534K(640K)
[257.369s][info][gc             ] GC(364) Pause Full (Ergonomics) 10702M->10702M(11030M) 5211.817ms
[257.369s][info][gc,cpu         ] GC(364) User=39.30s Sys=0.00s Real=5.21s
[257.369s][info][gc,heap,exit   ] Heap
[257.369s][info][gc,heap,exit   ]  PSYoungGen      total 577024K, used 240947K [0x00000006b8f00000, 0x00000006f5900000, 0x0000000800000000)
[257.369s][info][gc,heap,exit   ]   eden space 220160K, 100% used [0x00000006b8f00000,0x00000006c6600000,0x00000006c6600000)
[257.369s][info][gc,heap,exit   ]   from space 356864K, 5% used [0x00000006dd400000,0x00000006de84cf18,0x00000006f3080000)
[257.369s][info][gc,heap,exit   ]   to   space 374784K, 0% used [0x00000006c6600000,0x00000006c6600000,0x00000006dd400000)
[257.369s][info][gc,heap,exit   ]  ParOldGen       total 10718208K, used 10718205K [0x000000042ac00000, 0x00000006b8f00000, 0x00000006b8f00000)
[257.369s][info][gc,heap,exit   ]   object space 10718208K, 99% used [0x000000042ac00000,0x00000006b8eff5c0,0x00000006b8f00000)
[257.369s][info][gc,heap,exit   ]  Metaspace       used 6305K, committed 6528K, reserved 1114112K
[257.369s][info][gc,heap,exit   ]   class space    used 534K, committed 640K, reserved 1048576K
