[0.011s][info][gc,init] CardTable entry size: 512
[0.011s][info][gc     ] Using Parallel
[0.011s][info][gc,init] Version: 18.0.1+10 (release)
[0.011s][info][gc,init] CPUs: 8 total, 8 available
[0.011s][info][gc,init] Memory: 16063M
[0.011s][info][gc,init] Large Page Support: Disabled
[0.011s][info][gc,init] NUMA Support: Disabled
[0.011s][info][gc,init] Compressed Oops: Enabled (Zero based)
[0.012s][info][gc,init] Alignments: Space 512K, Generation 512K, Heap 2M
[0.012s][info][gc,init] Heap Min Capacity: 2M
[0.012s][info][gc,init] Heap Initial Capacity: 2M
[0.012s][info][gc,init] Heap Max Capacity: 2700M
[0.012s][info][gc,init] Pre-touch: Disabled
[0.012s][info][gc,init] Parallel Workers: 8
[0.012s][info][gc,metaspace] CDS archive(s) not mapped
[0.012s][info][gc,metaspace] Compressed class space mapped at: 0x0000000800000000-0x0000000840000000, reserved size: 1073741824
[0.012s][info][gc,metaspace] Narrow klass base: 0x0000000800000000, Narrow klass shift: 0, Narrow klass range: 0x40000000
[0.100s][info][gc,start    ] GC(0) Pause Young (Allocation Failure)
[0.102s][info][gc,heap     ] GC(0) PSYoungGen: 512K(1024K)->480K(1024K) Eden: 512K(512K)->0K(512K) From: 0K(512K)->480K(512K)
[0.102s][info][gc,heap     ] GC(0) ParOldGen: 0K(512K)->8K(512K)
[0.102s][info][gc,metaspace] GC(0) Metaspace: 4229K(4352K)->4229K(4352K) NonClass: 3908K(3968K)->3908K(3968K) Class: 321K(384K)->321K(384K)
[0.102s][info][gc          ] GC(0) Pause Young (Allocation Failure) 0M->0M(1M) 1.699ms
[0.102s][info][gc,cpu      ] GC(0) User=0.00s Sys=0.00s Real=0.00s
[0.168s][info][gc,start    ] GC(1) Pause Young (Allocation Failure)
[0.169s][info][gc,heap     ] GC(1) PSYoungGen: 991K(1024K)->512K(1536K) Eden: 511K(512K)->0K(1024K) From: 480K(512K)->512K(512K)
[0.169s][info][gc,heap     ] GC(1) ParOldGen: 8K(512K)->96K(512K)
[0.169s][info][gc,metaspace] GC(1) Metaspace: 5876K(5952K)->5876K(5952K) NonClass: 5380K(5440K)->5380K(5440K) Class: 496K(512K)->496K(512K)
[0.169s][info][gc          ] GC(1) Pause Young (Allocation Failure) 0M->0M(2M) 1.067ms
[0.169s][info][gc,cpu      ] GC(1) User=0.00s Sys=0.00s Real=0.00s
[0.190s][info][gc,start    ] GC(2) Pause Young (Allocation Failure)
[0.192s][info][gc,heap     ] GC(2) PSYoungGen: 1536K(1536K)->512K(1536K) Eden: 1024K(1024K)->0K(1024K) From: 512K(512K)->512K(512K)
[0.192s][info][gc,heap     ] GC(2) ParOldGen: 96K(512K)->512K(1024K)
[0.192s][info][gc,metaspace] GC(2) Metaspace: 6296K(6464K)->6296K(6464K) NonClass: 5762K(5824K)->5762K(5824K) Class: 533K(640K)->533K(640K)
[0.192s][info][gc          ] GC(2) Pause Young (Allocation Failure) 1M->1M(2M) 1.265ms
[0.192s][info][gc,cpu      ] GC(2) User=0.00s Sys=0.00s Real=0.00s
[0.193s][info][gc,start    ] GC(3) Pause Young (Allocation Failure)
[0.195s][info][gc,heap     ] GC(3) PSYoungGen: 1536K(1536K)->480K(2560K) Eden: 1024K(1024K)->0K(2048K) From: 512K(512K)->480K(512K)
[0.195s][info][gc,heap     ] GC(3) ParOldGen: 512K(1024K)->1064K(1536K)
[0.195s][info][gc,metaspace] GC(3) Metaspace: 6296K(6464K)->6296K(6464K) NonClass: 5762K(5824K)->5762K(5824K) Class: 533K(640K)->533K(640K)
[0.195s][info][gc          ] GC(3) Pause Young (Allocation Failure) 2M->1M(4M) 1.572ms
[0.195s][info][gc,cpu      ] GC(3) User=0.00s Sys=0.00s Real=0.00s
[0.195s][info][gc,start    ] GC(4) Pause Full (Ergonomics)
[0.195s][info][gc,phases,start] GC(4) Marking Phase
[0.196s][info][gc,phases      ] GC(4) Marking Phase 1.292ms
[0.196s][info][gc,phases,start] GC(4) Summary Phase
[0.196s][info][gc,phases      ] GC(4) Summary Phase 0.018ms
[0.196s][info][gc,phases,start] GC(4) Adjust Roots
[0.197s][info][gc,phases      ] GC(4) Adjust Roots 0.413ms
[0.197s][info][gc,phases,start] GC(4) Compaction Phase
[0.199s][info][gc,phases      ] GC(4) Compaction Phase 2.548ms
[0.200s][info][gc,phases,start] GC(4) Post Compact
[0.200s][info][gc,phases      ] GC(4) Post Compact 0.080ms
[0.200s][info][gc,heap        ] GC(4) PSYoungGen: 480K(2560K)->0K(2560K) Eden: 0K(2048K)->0K(2048K) From: 480K(512K)->0K(512K)
[0.200s][info][gc,heap        ] GC(4) ParOldGen: 1064K(1536K)->1495K(3584K)
[0.200s][info][gc,metaspace   ] GC(4) Metaspace: 6296K(6464K)->6296K(6464K) NonClass: 5762K(5824K)->5762K(5824K) Class: 533K(640K)->533K(640K)
[0.200s][info][gc             ] GC(4) Pause Full (Ergonomics) 1M->1M(6M) 4.744ms
[0.200s][info][gc,cpu         ] GC(4) User=0.00s Sys=0.00s Real=0.01s
[0.203s][info][gc,start       ] GC(5) Pause Young (Allocation Failure)
[0.204s][info][gc,heap        ] GC(5) PSYoungGen: 2048K(2560K)->480K(3584K) Eden: 2048K(2048K)->0K(3072K) From: 0K(512K)->480K(512K)
[0.204s][info][gc,heap        ] GC(5) ParOldGen: 1495K(3584K)->2111K(3584K)
[0.204s][info][gc,metaspace   ] GC(5) Metaspace: 6296K(6464K)->6296K(6464K) NonClass: 5762K(5824K)->5762K(5824K) Class: 533K(640K)->533K(640K)
[0.204s][info][gc             ] GC(5) Pause Young (Allocation Failure) 3M->2M(7M) 1.229ms
[0.204s][info][gc,cpu         ] GC(5) User=0.00s Sys=0.00s Real=0.00s
[0.210s][info][gc,start       ] GC(6) Pause Young (Allocation Failure)
[0.212s][info][gc,heap        ] GC(6) PSYoungGen: 3552K(3584K)->1504K(4608K) Eden: 3072K(3072K)->0K(3072K) From: 480K(512K)->1504K(1536K)
[0.212s][info][gc,heap        ] GC(6) ParOldGen: 2111K(3584K)->2679K(3584K)
[0.212s][info][gc,metaspace   ] GC(6) Metaspace: 6296K(6464K)->6296K(6464K) NonClass: 5762K(5824K)->5762K(5824K) Class: 533K(640K)->533K(640K)
[0.212s][info][gc             ] GC(6) Pause Young (Allocation Failure) 5M->4M(8M) 2.300ms
[0.212s][info][gc,cpu         ] GC(6) User=0.00s Sys=0.00s Real=0.00s
[0.217s][info][gc,start       ] GC(7) Pause Young (Allocation Failure)
[0.219s][info][gc,heap        ] GC(7) PSYoungGen: 4576K(4608K)->2016K(7168K) Eden: 3072K(3072K)->0K(5120K) From: 1504K(1536K)->2016K(2048K)
[0.219s][info][gc,heap        ] GC(7) ParOldGen: 2679K(3584K)->3775K(4096K)
[0.219s][info][gc,metaspace   ] GC(7) Metaspace: 6296K(6464K)->6296K(6464K) NonClass: 5762K(5824K)->5762K(5824K) Class: 533K(640K)->533K(640K)
[0.219s][info][gc             ] GC(7) Pause Young (Allocation Failure) 7M->5M(11M) 2.585ms
[0.219s][info][gc,cpu         ] GC(7) User=0.00s Sys=0.00s Real=0.00s
[0.219s][info][gc,start       ] GC(8) Pause Full (Ergonomics)
[0.219s][info][gc,phases,start] GC(8) Marking Phase
[0.222s][info][gc,phases      ] GC(8) Marking Phase 2.824ms
[0.222s][info][gc,phases,start] GC(8) Summary Phase
[0.222s][info][gc,phases      ] GC(8) Summary Phase 0.020ms
[0.222s][info][gc,phases,start] GC(8) Adjust Roots
[0.222s][info][gc,phases      ] GC(8) Adjust Roots 0.360ms
[0.222s][info][gc,phases,start] GC(8) Compaction Phase
[0.226s][info][gc,phases      ] GC(8) Compaction Phase 3.299ms
[0.226s][info][gc,phases,start] GC(8) Post Compact
[0.226s][info][gc,phases      ] GC(8) Post Compact 0.039ms
[0.226s][info][gc,heap        ] GC(8) PSYoungGen: 2016K(7168K)->2012K(7168K) Eden: 0K(5120K)->0K(5120K) From: 2016K(2048K)->2012K(2048K)
[0.226s][info][gc,heap        ] GC(8) ParOldGen: 3775K(4096K)->3682K(6656K)
[0.226s][info][gc,metaspace   ] GC(8) Metaspace: 6296K(6464K)->6296K(6464K) NonClass: 5762K(5824K)->5762K(5824K) Class: 533K(640K)->533K(640K)
[0.226s][info][gc             ] GC(8) Pause Full (Ergonomics) 5M->5M(13M) 6.856ms
[0.226s][info][gc,cpu         ] GC(8) User=0.00s Sys=0.00s Real=0.01s
[0.234s][info][gc,start       ] GC(9) Pause Young (Allocation Failure)
[0.239s][info][gc,heap        ] GC(9) PSYoungGen: 7132K(7168K)->3040K(8192K) Eden: 5120K(5120K)->0K(5120K) From: 2012K(2048K)->3040K(3072K)
[0.239s][info][gc,heap        ] GC(9) ParOldGen: 3682K(6656K)->5330K(6656K)
[0.239s][info][gc,metaspace   ] GC(9) Metaspace: 6296K(6464K)->6296K(6464K) NonClass: 5762K(5824K)->5762K(5824K) Class: 533K(640K)->533K(640K)
[0.239s][info][gc             ] GC(9) Pause Young (Allocation Failure) 10M->8M(14M) 5.090ms
[0.239s][info][gc,cpu         ] GC(9) User=0.00s Sys=0.00s Real=0.00s
[0.239s][info][gc,start       ] GC(10) Pause Full (Ergonomics)
[0.239s][info][gc,phases,start] GC(10) Marking Phase
[0.243s][info][gc,phases      ] GC(10) Marking Phase 4.296ms
[0.243s][info][gc,phases,start] GC(10) Summary Phase
[0.244s][info][gc,phases      ] GC(10) Summary Phase 0.017ms
[0.244s][info][gc,phases,start] GC(10) Adjust Roots
[0.244s][info][gc,phases      ] GC(10) Adjust Roots 0.207ms
[0.244s][info][gc,phases,start] GC(10) Compaction Phase
[0.247s][info][gc,phases      ] GC(10) Compaction Phase 2.881ms
[0.247s][info][gc,phases,start] GC(10) Post Compact
[0.247s][info][gc,phases      ] GC(10) Post Compact 0.053ms
[0.247s][info][gc,heap        ] GC(10) PSYoungGen: 3040K(8192K)->2012K(8192K) Eden: 0K(5120K)->0K(5120K) From: 3040K(3072K)->2012K(3072K)
[0.247s][info][gc,heap        ] GC(10) ParOldGen: 5330K(6656K)->6318K(10752K)
[0.247s][info][gc,metaspace   ] GC(10) Metaspace: 6296K(6464K)->6296K(6464K) NonClass: 5762K(5824K)->5762K(5824K) Class: 533K(640K)->533K(640K)
[0.247s][info][gc             ] GC(10) Pause Full (Ergonomics) 8M->8M(18M) 7.859ms
[0.247s][info][gc,cpu         ] GC(10) User=0.00s Sys=0.00s Real=0.01s
[0.253s][info][gc,start       ] GC(11) Pause Young (Allocation Failure)
[0.257s][info][gc,heap        ] GC(11) PSYoungGen: 7132K(8192K)->4192K(10752K) Eden: 5120K(5120K)->0K(6144K) From: 2012K(3072K)->4192K(4608K)
[0.257s][info][gc,heap        ] GC(11) ParOldGen: 6318K(10752K)->6846K(10752K)
[0.257s][info][gc,metaspace   ] GC(11) Metaspace: 6296K(6464K)->6296K(6464K) NonClass: 5762K(5824K)->5762K(5824K) Class: 533K(640K)->533K(640K)
[0.257s][info][gc             ] GC(11) Pause Young (Allocation Failure) 13M->10M(21M) 4.299ms
[0.257s][info][gc,cpu         ] GC(11) User=0.00s Sys=0.00s Real=0.00s
[0.264s][info][gc,start       ] GC(12) Pause Young (Allocation Failure)
[0.270s][info][gc,heap        ] GC(12) PSYoungGen: 10336K(10752K)->5088K(11264K) Eden: 6144K(6144K)->0K(6144K) From: 4192K(4608K)->5088K(5120K)
[0.270s][info][gc,heap        ] GC(12) ParOldGen: 6846K(10752K)->9366K(10752K)
[0.270s][info][gc,metaspace   ] GC(12) Metaspace: 6296K(6464K)->6296K(6464K) NonClass: 5762K(5824K)->5762K(5824K) Class: 533K(640K)->533K(640K)
[0.270s][info][gc             ] GC(12) Pause Young (Allocation Failure) 16M->14M(21M) 5.930ms
[0.270s][info][gc,cpu         ] GC(12) User=0.00s Sys=0.00s Real=0.01s
[0.270s][info][gc,start       ] GC(13) Pause Full (Ergonomics)
[0.270s][info][gc,phases,start] GC(13) Marking Phase
[0.277s][info][gc,phases      ] GC(13) Marking Phase 6.580ms
[0.277s][info][gc,phases,start] GC(13) Summary Phase
[0.277s][info][gc,phases      ] GC(13) Summary Phase 0.015ms
[0.277s][info][gc,phases,start] GC(13) Adjust Roots
[0.277s][info][gc,phases      ] GC(13) Adjust Roots 0.183ms
[0.277s][info][gc,phases,start] GC(13) Compaction Phase
[0.283s][info][gc,phases      ] GC(13) Compaction Phase 5.992ms
[0.283s][info][gc,phases,start] GC(13) Post Compact
[0.283s][info][gc,phases      ] GC(13) Post Compact 0.074ms
[0.283s][info][gc,heap        ] GC(13) PSYoungGen: 5088K(11264K)->3545K(11264K) Eden: 0K(6144K)->0K(6144K) From: 5088K(5120K)->3545K(5120K)
[0.283s][info][gc,heap        ] GC(13) ParOldGen: 9366K(10752K)->10586K(16384K)
[0.283s][info][gc,metaspace   ] GC(13) Metaspace: 6296K(6464K)->6296K(6464K) NonClass: 5762K(5824K)->5762K(5824K) Class: 533K(640K)->533K(640K)
[0.283s][info][gc             ] GC(13) Pause Full (Ergonomics) 14M->13M(27M) 13.148ms
[0.283s][info][gc,cpu         ] GC(13) User=0.00s Sys=0.00s Real=0.01s
[0.288s][info][gc,start       ] GC(14) Pause Young (Allocation Failure)
[0.294s][info][gc,heap        ] GC(14) PSYoungGen: 9689K(11264K)->4640K(15872K) Eden: 6144K(6144K)->0K(8704K) From: 3545K(5120K)->4640K(7168K)
[0.294s][info][gc,heap        ] GC(14) ParOldGen: 10586K(16384K)->12722K(16384K)
[0.294s][info][gc,metaspace   ] GC(14) Metaspace: 6298K(6464K)->6298K(6464K) NonClass: 5764K(5824K)->5764K(5824K) Class: 533K(640K)->533K(640K)
[0.294s][info][gc             ] GC(14) Pause Young (Allocation Failure) 19M->16M(31M) 6.102ms
[0.294s][info][gc,cpu         ] GC(14) User=0.00s Sys=0.00s Real=0.01s
[0.300s][info][gc,start       ] GC(15) Pause Young (Allocation Failure)
[0.306s][info][gc,heap        ] GC(15) PSYoungGen: 13344K(15872K)->7168K(15872K) Eden: 8704K(8704K)->0K(8704K) From: 4640K(7168K)->7168K(7168K)
[0.306s][info][gc,heap        ] GC(15) ParOldGen: 12722K(16384K)->14690K(16384K)
[0.306s][info][gc,metaspace   ] GC(15) Metaspace: 6298K(6464K)->6298K(6464K) NonClass: 5764K(5824K)->5764K(5824K) Class: 533K(640K)->533K(640K)
[0.306s][info][gc             ] GC(15) Pause Young (Allocation Failure) 25M->21M(31M) 6.531ms
[0.306s][info][gc,cpu         ] GC(15) User=0.00s Sys=0.00s Real=0.01s
[0.306s][info][gc,start       ] GC(16) Pause Full (Ergonomics)
[0.306s][info][gc,phases,start] GC(16) Marking Phase
[0.315s][info][gc,phases      ] GC(16) Marking Phase 8.751ms
[0.315s][info][gc,phases,start] GC(16) Summary Phase
[0.315s][info][gc,phases      ] GC(16) Summary Phase 0.019ms
[0.315s][info][gc,phases,start] GC(16) Adjust Roots
[0.315s][info][gc,phases      ] GC(16) Adjust Roots 0.237ms
[0.315s][info][gc,phases,start] GC(16) Compaction Phase
[0.322s][info][gc,phases      ] GC(16) Compaction Phase 6.502ms
[0.322s][info][gc,phases,start] GC(16) Post Compact
[0.322s][info][gc,phases      ] GC(16) Post Compact 0.150ms
[0.322s][info][gc,heap        ] GC(16) PSYoungGen: 7168K(15872K)->5620K(15872K) Eden: 0K(8704K)->0K(8704K) From: 7168K(7168K)->5620K(7168K)
[0.322s][info][gc,heap        ] GC(16) ParOldGen: 14690K(16384K)->16144K(23552K)
[0.322s][info][gc,metaspace   ] GC(16) Metaspace: 6298K(6464K)->6298K(6464K) NonClass: 5764K(5824K)->5764K(5824K) Class: 533K(640K)->533K(640K)
[0.322s][info][gc             ] GC(16) Pause Full (Ergonomics) 21M->21M(38M) 16.064ms
[0.322s][info][gc,cpu         ] GC(16) User=0.00s Sys=0.00s Real=0.02s
[0.330s][info][gc,start       ] GC(17) Pause Young (Allocation Failure)
[0.340s][info][gc,heap        ] GC(17) PSYoungGen: 14324K(15872K)->5024K(20992K) Eden: 8704K(8704K)->0K(11776K) From: 5620K(7168K)->5024K(9216K)
[0.340s][info][gc,heap        ] GC(17) ParOldGen: 16144K(23552K)->21864K(23552K)
[0.340s][info][gc,metaspace   ] GC(17) Metaspace: 6298K(6464K)->6298K(6464K) NonClass: 5764K(5824K)->5764K(5824K) Class: 533K(640K)->533K(640K)
[0.340s][info][gc             ] GC(17) Pause Young (Allocation Failure) 29M->26M(43M) 9.793ms
[0.340s][info][gc,cpu         ] GC(17) User=0.02s Sys=0.00s Real=0.01s
[0.340s][info][gc,start       ] GC(18) Pause Full (Ergonomics)
[0.340s][info][gc,phases,start] GC(18) Marking Phase
[0.352s][info][gc,phases      ] GC(18) Marking Phase 11.705ms
[0.352s][info][gc,phases,start] GC(18) Summary Phase
[0.352s][info][gc,phases      ] GC(18) Summary Phase 0.014ms
[0.352s][info][gc,phases,start] GC(18) Adjust Roots
[0.352s][info][gc,phases      ] GC(18) Adjust Roots 0.190ms
[0.352s][info][gc,phases,start] GC(18) Compaction Phase
[0.361s][info][gc,phases      ] GC(18) Compaction Phase 8.497ms
[0.361s][info][gc,phases,start] GC(18) Post Compact
[0.361s][info][gc,phases      ] GC(18) Post Compact 0.100ms
[0.361s][info][gc,heap        ] GC(18) PSYoungGen: 5024K(20992K)->2945K(20992K) Eden: 0K(11776K)->0K(11776K) From: 5024K(9216K)->2945K(9216K)
[0.361s][info][gc,heap        ] GC(18) ParOldGen: 21864K(23552K)->23299K(33792K)
[0.361s][info][gc,metaspace   ] GC(18) Metaspace: 6298K(6464K)->6298K(6464K) NonClass: 5764K(5824K)->5764K(5824K) Class: 533K(640K)->533K(640K)
[0.361s][info][gc             ] GC(18) Pause Full (Ergonomics) 26M->25M(53M) 20.804ms
[0.361s][info][gc,cpu         ] GC(18) User=0.00s Sys=0.00s Real=0.02s
[0.368s][info][gc,start       ] GC(19) Pause Young (Allocation Failure)
[0.376s][info][gc,heap        ] GC(19) PSYoungGen: 14721K(20992K)->6112K(20992K) Eden: 11776K(11776K)->0K(11776K) From: 2945K(9216K)->6112K(9216K)
[0.376s][info][gc,heap        ] GC(19) ParOldGen: 23299K(33792K)->26299K(33792K)
[0.376s][info][gc,metaspace   ] GC(19) Metaspace: 6298K(6464K)->6298K(6464K) NonClass: 5764K(5824K)->5764K(5824K) Class: 533K(640K)->533K(640K)
[0.377s][info][gc             ] GC(19) Pause Young (Allocation Failure) 37M->31M(53M) 8.438ms
[0.377s][info][gc,cpu         ] GC(19) User=0.00s Sys=0.00s Real=0.01s
[0.387s][info][gc,start       ] GC(20) Pause Young (Allocation Failure)
[0.400s][info][gc,heap        ] GC(20) PSYoungGen: 17888K(20992K)->9728K(21504K) Eden: 11776K(11776K)->0K(11776K) From: 6112K(9216K)->9728K(9728K)
[0.400s][info][gc,heap        ] GC(20) ParOldGen: 26299K(33792K)->32155K(33792K)
[0.400s][info][gc,metaspace   ] GC(20) Metaspace: 6298K(6464K)->6298K(6464K) NonClass: 5764K(5824K)->5764K(5824K) Class: 533K(640K)->533K(640K)
[0.400s][info][gc             ] GC(20) Pause Young (Allocation Failure) 43M->40M(54M) 13.118ms
[0.400s][info][gc,cpu         ] GC(20) User=0.00s Sys=0.00s Real=0.01s
[0.400s][info][gc,start       ] GC(21) Pause Full (Ergonomics)
[0.400s][info][gc,phases,start] GC(21) Marking Phase
[0.417s][info][gc,phases      ] GC(21) Marking Phase 16.864ms
[0.417s][info][gc,phases,start] GC(21) Summary Phase
[0.417s][info][gc,phases      ] GC(21) Summary Phase 0.017ms
[0.417s][info][gc,phases,start] GC(21) Adjust Roots
[0.417s][info][gc,phases      ] GC(21) Adjust Roots 0.157ms
[0.417s][info][gc,phases,start] GC(21) Compaction Phase
[0.428s][info][gc,phases      ] GC(21) Compaction Phase 11.102ms
[0.428s][info][gc,phases,start] GC(21) Post Compact
[0.428s][info][gc,phases      ] GC(21) Post Compact 0.171ms
[0.428s][info][gc,heap        ] GC(21) PSYoungGen: 9728K(21504K)->8175K(21504K) Eden: 0K(11776K)->0K(11776K) From: 9728K(9728K)->8175K(9728K)
[0.429s][info][gc,heap        ] GC(21) ParOldGen: 32155K(33792K)->33532K(47104K)
[0.429s][info][gc,metaspace   ] GC(21) Metaspace: 6298K(6464K)->6298K(6464K) NonClass: 5764K(5824K)->5764K(5824K) Class: 533K(640K)->533K(640K)
[0.429s][info][gc             ] GC(21) Pause Full (Ergonomics) 40M->40M(67M) 28.742ms
[0.429s][info][gc,cpu         ] GC(21) User=0.03s Sys=0.00s Real=0.03s
[0.443s][info][gc,start       ] GC(22) Pause Young (Allocation Failure)
[0.457s][info][gc,heap        ] GC(22) PSYoungGen: 19951K(21504K)->11808K(25088K) Eden: 11776K(11776K)->0K(11776K) From: 8175K(9728K)->11808K(13312K)
[0.457s][info][gc,heap        ] GC(22) ParOldGen: 33532K(47104K)->41844K(47104K)
[0.457s][info][gc,metaspace   ] GC(22) Metaspace: 6298K(6464K)->6298K(6464K) NonClass: 5764K(5824K)->5764K(5824K) Class: 533K(640K)->533K(640K)
[0.457s][info][gc             ] GC(22) Pause Young (Allocation Failure) 52M->52M(70M) 13.968ms
[0.457s][info][gc,cpu         ] GC(22) User=0.00s Sys=0.00s Real=0.01s
[0.457s][info][gc,start       ] GC(23) Pause Full (Ergonomics)
[0.457s][info][gc,phases,start] GC(23) Marking Phase
[0.477s][info][gc,phases      ] GC(23) Marking Phase 20.067ms
[0.477s][info][gc,phases,start] GC(23) Summary Phase
[0.477s][info][gc,phases      ] GC(23) Summary Phase 0.019ms
[0.477s][info][gc,phases,start] GC(23) Adjust Roots
[0.477s][info][gc,phases      ] GC(23) Adjust Roots 0.158ms
[0.477s][info][gc,phases,start] GC(23) Compaction Phase
[0.493s][info][gc,phases      ] GC(23) Compaction Phase 15.487ms
[0.493s][info][gc,phases,start] GC(23) Post Compact
[0.493s][info][gc,phases      ] GC(23) Post Compact 0.186ms
[0.493s][info][gc,heap        ] GC(23) PSYoungGen: 11808K(25088K)->5614K(25088K) Eden: 0K(11776K)->0K(11776K) From: 11808K(13312K)->5614K(13312K)
[0.493s][info][gc,heap        ] GC(23) ParOldGen: 41844K(47104K)->46820K(64000K)
[0.493s][info][gc,metaspace   ] GC(23) Metaspace: 6298K(6464K)->6298K(6464K) NonClass: 5764K(5824K)->5764K(5824K) Class: 533K(640K)->533K(640K)
[0.493s][info][gc             ] GC(23) Pause Full (Ergonomics) 52M->51M(87M) 36.357ms
[0.493s][info][gc,cpu         ] GC(23) User=0.03s Sys=0.00s Real=0.04s
[0.505s][info][gc,start       ] GC(24) Pause Young (Allocation Failure)
[0.520s][info][gc,heap        ] GC(24) PSYoungGen: 17390K(25088K)->15360K(26624K) Eden: 11776K(11776K)->0K(11264K) From: 5614K(13312K)->15360K(15360K)
[0.520s][info][gc,heap        ] GC(24) ParOldGen: 46820K(64000K)->48892K(64000K)
[0.520s][info][gc,metaspace   ] GC(24) Metaspace: 6298K(6464K)->6298K(6464K) NonClass: 5764K(5824K)->5764K(5824K) Class: 533K(640K)->533K(640K)
[0.520s][info][gc             ] GC(24) Pause Young (Allocation Failure) 62M->62M(88M) 14.975ms
[0.520s][info][gc,cpu         ] GC(24) User=0.00s Sys=0.00s Real=0.01s
[0.531s][info][gc,start       ] GC(25) Pause Young (Allocation Failure)
[0.548s][info][gc,heap        ] GC(25) PSYoungGen: 26624K(26624K)->11296K(29696K) Eden: 11264K(11264K)->0K(11264K) From: 15360K(15360K)->11296K(18432K)
[0.548s][info][gc,heap        ] GC(25) ParOldGen: 48892K(64000K)->64468K(64512K)
[0.548s][info][gc,metaspace   ] GC(25) Metaspace: 6298K(6464K)->6298K(6464K) NonClass: 5764K(5824K)->5764K(5824K) Class: 533K(640K)->533K(640K)
[0.548s][info][gc             ] GC(25) Pause Young (Allocation Failure) 73M->73M(92M) 17.493ms
[0.548s][info][gc,cpu         ] GC(25) User=0.03s Sys=0.00s Real=0.02s
[0.548s][info][gc,start       ] GC(26) Pause Full (Ergonomics)
[0.548s][info][gc,phases,start] GC(26) Marking Phase
[0.577s][info][gc,phases      ] GC(26) Marking Phase 29.049ms
[0.577s][info][gc,phases,start] GC(26) Summary Phase
[0.578s][info][gc,phases      ] GC(26) Summary Phase 0.015ms
[0.578s][info][gc,phases,start] GC(26) Adjust Roots
[0.578s][info][gc,phases      ] GC(26) Adjust Roots 0.155ms
[0.578s][info][gc,phases,start] GC(26) Compaction Phase
[0.597s][info][gc,phases      ] GC(26) Compaction Phase 18.819ms
[0.597s][info][gc,phases,start] GC(26) Post Compact
[0.597s][info][gc,phases      ] GC(26) Post Compact 0.558ms
[0.597s][info][gc,heap        ] GC(26) PSYoungGen: 11296K(29696K)->11235K(29696K) Eden: 0K(11264K)->0K(11264K) From: 11296K(18432K)->11235K(18432K)
[0.597s][info][gc,heap        ] GC(26) ParOldGen: 64468K(64512K)->64182K(87040K)
[0.597s][info][gc,metaspace   ] GC(26) Metaspace: 6298K(6464K)->6298K(6464K) NonClass: 5764K(5824K)->5764K(5824K) Class: 533K(640K)->533K(640K)
[0.597s][info][gc             ] GC(26) Pause Full (Ergonomics) 73M->73M(114M) 49.030ms
[0.597s][info][gc,cpu         ] GC(26) User=0.06s Sys=0.00s Real=0.05s
[0.609s][info][gc,start       ] GC(27) Pause Young (Allocation Failure)
[0.629s][info][gc,heap        ] GC(27) PSYoungGen: 22499K(29696K)->11296K(32256K) Eden: 11264K(11264K)->0K(13312K) From: 11235K(18432K)->11296K(18944K)
[0.629s][info][gc,heap        ] GC(27) ParOldGen: 64182K(87040K)->75598K(87040K)
[0.629s][info][gc,metaspace   ] GC(27) Metaspace: 6298K(6464K)->6298K(6464K) NonClass: 5764K(5824K)->5764K(5824K) Class: 533K(640K)->533K(640K)
[0.629s][info][gc             ] GC(27) Pause Young (Allocation Failure) 84M->84M(116M) 20.299ms
[0.629s][info][gc,cpu         ] GC(27) User=0.03s Sys=0.02s Real=0.02s
[0.629s][info][gc,start       ] GC(28) Pause Full (Ergonomics)
[0.629s][info][gc,phases,start] GC(28) Marking Phase
[0.662s][info][gc,phases      ] GC(28) Marking Phase 32.774ms
[0.662s][info][gc,phases,start] GC(28) Summary Phase
[0.662s][info][gc,phases      ] GC(28) Summary Phase 0.021ms
[0.662s][info][gc,phases,start] GC(28) Adjust Roots
[0.662s][info][gc,phases      ] GC(28) Adjust Roots 0.163ms
[0.662s][info][gc,phases,start] GC(28) Compaction Phase
[0.681s][info][gc,phases      ] GC(28) Compaction Phase 19.099ms
[0.682s][info][gc,phases,start] GC(28) Post Compact
[0.682s][info][gc,phases      ] GC(28) Post Compact 0.375ms
[0.682s][info][gc,heap        ] GC(28) PSYoungGen: 11296K(32256K)->0K(32768K) Eden: 0K(13312K)->0K(13312K) From: 11296K(18944K)->0K(19456K)
[0.682s][info][gc,heap        ] GC(28) ParOldGen: 75598K(87040K)->86651K(113152K)
[0.682s][info][gc,metaspace   ] GC(28) Metaspace: 6298K(6464K)->6298K(6464K) NonClass: 5764K(5824K)->5764K(5824K) Class: 533K(640K)->533K(640K)
[0.682s][info][gc             ] GC(28) Pause Full (Ergonomics) 84M->84M(142M) 52.877ms
[0.682s][info][gc,cpu         ] GC(28) User=0.09s Sys=0.00s Real=0.05s
[0.703s][info][gc,start       ] GC(29) Pause Young (Allocation Failure)
[0.713s][info][gc,heap        ] GC(29) PSYoungGen: 13312K(32768K)->13376K(34304K) Eden: 13312K(13312K)->0K(14848K) From: 0K(19456K)->13376K(19456K)
[0.713s][info][gc,heap        ] GC(29) ParOldGen: 86651K(113152K)->86651K(113152K)
[0.713s][info][gc,metaspace   ] GC(29) Metaspace: 6298K(6464K)->6298K(6464K) NonClass: 5764K(5824K)->5764K(5824K) Class: 533K(640K)->533K(640K)
[0.713s][info][gc             ] GC(29) Pause Young (Allocation Failure) 97M->97M(144M) 9.351ms
[0.713s][info][gc,cpu         ] GC(29) User=0.02s Sys=0.00s Real=0.01s
[0.725s][info][gc,start       ] GC(30) Pause Young (Allocation Failure)
[0.739s][info][gc,heap        ] GC(30) PSYoungGen: 28224K(34304K)->20448K(35328K) Eden: 14848K(14848K)->0K(14848K) From: 13376K(19456K)->20448K(20480K)
[0.739s][info][gc,heap        ] GC(30) ParOldGen: 86651K(113152K)->94475K(113152K)
[0.739s][info][gc,metaspace   ] GC(30) Metaspace: 6298K(6464K)->6298K(6464K) NonClass: 5764K(5824K)->5764K(5824K) Class: 533K(640K)->533K(640K)
[0.739s][info][gc             ] GC(30) Pause Young (Allocation Failure) 112M->112M(145M) 14.070ms
[0.739s][info][gc,cpu         ] GC(30) User=0.02s Sys=0.00s Real=0.01s
[0.754s][info][gc,start       ] GC(31) Pause Young (Allocation Failure)
[0.773s][info][gc,heap        ] GC(31) PSYoungGen: 35296K(35328K)->26432K(40448K) Eden: 14848K(14848K)->0K(13824K) From: 20448K(20480K)->26432K(26624K)
[0.773s][info][gc,heap        ] GC(31) ParOldGen: 94475K(113152K)->103491K(113152K)
[0.773s][info][gc,metaspace   ] GC(31) Metaspace: 6298K(6464K)->6298K(6464K) NonClass: 5764K(5824K)->5764K(5824K) Class: 533K(640K)->533K(640K)
[0.773s][info][gc             ] GC(31) Pause Young (Allocation Failure) 126M->126M(150M) 19.173ms
[0.773s][info][gc,cpu         ] GC(31) User=0.03s Sys=0.00s Real=0.02s
[0.773s][info][gc,start       ] GC(32) Pause Full (Ergonomics)
[0.773s][info][gc,phases,start] GC(32) Marking Phase
[0.811s][info][gc,phases      ] GC(32) Marking Phase 38.552ms
[0.811s][info][gc,phases,start] GC(32) Summary Phase
[0.811s][info][gc,phases      ] GC(32) Summary Phase 0.020ms
[0.811s][info][gc,phases,start] GC(32) Adjust Roots
[0.812s][info][gc,phases      ] GC(32) Adjust Roots 0.145ms
[0.812s][info][gc,phases,start] GC(32) Compaction Phase
[0.841s][info][gc,phases      ] GC(32) Compaction Phase 29.298ms
[0.841s][info][gc,phases,start] GC(32) Post Compact
[0.842s][info][gc,phases      ] GC(32) Post Compact 0.591ms
[0.842s][info][gc,heap        ] GC(32) PSYoungGen: 26432K(40448K)->14546K(40448K) Eden: 0K(13824K)->0K(13824K) From: 26432K(26624K)->14546K(26624K)
[0.842s][info][gc,heap        ] GC(32) ParOldGen: 103491K(113152K)->112976K(142336K)
[0.842s][info][gc,metaspace   ] GC(32) Metaspace: 6298K(6464K)->6298K(6464K) NonClass: 5764K(5824K)->5764K(5824K) Class: 533K(640K)->533K(640K)
[0.842s][info][gc             ] GC(32) Pause Full (Ergonomics) 126M->124M(178M) 69.015ms
[0.842s][info][gc,cpu         ] GC(32) User=0.11s Sys=0.00s Real=0.07s
[0.855s][info][gc,start       ] GC(33) Pause Young (Allocation Failure)
[0.875s][info][gc,heap        ] GC(33) PSYoungGen: 28370K(40448K)->28448K(44544K) Eden: 13824K(13824K)->0K(13824K) From: 14546K(26624K)->28448K(30720K)
[0.875s][info][gc,heap        ] GC(33) ParOldGen: 112976K(142336K)->112976K(142336K)
[0.875s][info][gc,metaspace   ] GC(33) Metaspace: 6298K(6464K)->6298K(6464K) NonClass: 5764K(5824K)->5764K(5824K) Class: 533K(640K)->533K(640K)
[0.875s][info][gc             ] GC(33) Pause Young (Allocation Failure) 138M->138M(182M) 19.559ms
[0.875s][info][gc,cpu         ] GC(33) User=0.06s Sys=0.00s Real=0.02s
[0.888s][info][gc,start       ] GC(34) Pause Young (Allocation Failure)
[0.910s][info][gc,heap        ] GC(34) PSYoungGen: 42272K(44544K)->35328K(43520K) Eden: 13824K(13824K)->0K(8192K) From: 28448K(30720K)->35328K(35328K)
[0.910s][info][gc,heap        ] GC(34) ParOldGen: 112976K(142336K)->119968K(142336K)
[0.910s][info][gc,metaspace   ] GC(34) Metaspace: 6298K(6464K)->6298K(6464K) NonClass: 5764K(5824K)->5764K(5824K) Class: 533K(640K)->533K(640K)
[0.910s][info][gc             ] GC(34) Pause Young (Allocation Failure) 151M->151M(181M) 21.920ms
[0.910s][info][gc,cpu         ] GC(34) User=0.03s Sys=0.02s Real=0.02s
[0.918s][info][gc,start       ] GC(35) Pause Young (Allocation Failure)
[0.937s][info][gc,heap        ] GC(35) PSYoungGen: 43520K(43520K)->32800K(51712K) Eden: 8192K(8192K)->0K(8192K) From: 35328K(35328K)->32800K(43520K)
[0.937s][info][gc,heap        ] GC(35) ParOldGen: 119968K(142336K)->130920K(142336K)
[0.937s][info][gc,metaspace   ] GC(35) Metaspace: 6298K(6464K)->6298K(6464K) NonClass: 5764K(5824K)->5764K(5824K) Class: 533K(640K)->533K(640K)
[0.937s][info][gc             ] GC(35) Pause Young (Allocation Failure) 159M->159M(189M) 18.752ms
[0.937s][info][gc,cpu         ] GC(35) User=0.05s Sys=0.02s Real=0.02s
[0.937s][info][gc,start       ] GC(36) Pause Full (Ergonomics)
[0.937s][info][gc,phases,start] GC(36) Marking Phase
[0.977s][info][gc,phases      ] GC(36) Marking Phase 40.294ms
[0.978s][info][gc,phases,start] GC(36) Summary Phase
[0.978s][info][gc,phases      ] GC(36) Summary Phase 0.017ms
[0.978s][info][gc,phases,start] GC(36) Adjust Roots
[0.978s][info][gc,phases      ] GC(36) Adjust Roots 0.144ms
[0.978s][info][gc,phases,start] GC(36) Compaction Phase
[1.001s][info][gc,phases      ] GC(36) Compaction Phase 23.358ms
[1.001s][info][gc,phases,start] GC(36) Post Compact
[1.002s][info][gc,phases      ] GC(36) Post Compact 0.816ms
[1.002s][info][gc,heap        ] GC(36) PSYoungGen: 32800K(51712K)->21388K(51712K) Eden: 0K(8192K)->0K(8192K) From: 32800K(43520K)->21388K(43520K)
[1.002s][info][gc,heap        ] GC(36) ParOldGen: 130920K(142336K)->141880K(174080K)
[1.002s][info][gc,metaspace   ] GC(36) Metaspace: 6298K(6464K)->6298K(6464K) NonClass: 5764K(5824K)->5764K(5824K) Class: 533K(640K)->533K(640K)
[1.002s][info][gc             ] GC(36) Pause Full (Ergonomics) 159M->159M(220M) 65.081ms
[1.002s][info][gc,cpu         ] GC(36) User=0.14s Sys=0.00s Real=0.07s
[1.011s][info][gc,start       ] GC(37) Pause Young (Allocation Failure)
[1.032s][info][gc,heap        ] GC(37) PSYoungGen: 29580K(51712K)->22432K(53760K) Eden: 8192K(8192K)->0K(9728K) From: 21388K(43520K)->22432K(44032K)
[1.032s][info][gc,heap        ] GC(37) ParOldGen: 141880K(174080K)->149240K(174080K)
[1.033s][info][gc,metaspace   ] GC(37) Metaspace: 6298K(6464K)->6298K(6464K) NonClass: 5764K(5824K)->5764K(5824K) Class: 533K(640K)->533K(640K)
[1.033s][info][gc             ] GC(37) Pause Young (Allocation Failure) 167M->167M(222M) 21.728ms
[1.033s][info][gc,cpu         ] GC(37) User=0.05s Sys=0.00s Real=0.02s
[1.071s][info][gc,start       ] GC(38) Pause Young (Allocation Failure)
[1.091s][info][gc,heap        ] GC(38) PSYoungGen: 32160K(53760K)->24320K(55296K) Eden: 9728K(9728K)->0K(9728K) From: 22432K(44032K)->24320K(45568K)
[1.091s][info][gc,heap        ] GC(38) ParOldGen: 157432K(174080K)->165360K(174080K)
[1.091s][info][gc,metaspace   ] GC(38) Metaspace: 6298K(6464K)->6298K(6464K) NonClass: 5764K(5824K)->5764K(5824K) Class: 533K(640K)->533K(640K)
[1.091s][info][gc             ] GC(38) Pause Young (Allocation Failure) 185M->185M(224M) 19.951ms
[1.091s][info][gc,cpu         ] GC(38) User=0.08s Sys=0.00s Real=0.02s
[1.091s][info][gc,start       ] GC(39) Pause Full (Ergonomics)
[1.091s][info][gc,phases,start] GC(39) Marking Phase
[1.133s][info][gc,phases      ] GC(39) Marking Phase 42.070ms
[1.133s][info][gc,phases,start] GC(39) Summary Phase
[1.133s][info][gc,phases      ] GC(39) Summary Phase 0.017ms
[1.133s][info][gc,phases,start] GC(39) Adjust Roots
[1.133s][info][gc,phases      ] GC(39) Adjust Roots 0.142ms
[1.134s][info][gc,phases,start] GC(39) Compaction Phase
[1.169s][info][gc,phases      ] GC(39) Compaction Phase 35.206ms
[1.169s][info][gc,phases,start] GC(39) Post Compact
[1.170s][info][gc,phases      ] GC(39) Post Compact 0.934ms
[1.170s][info][gc,heap        ] GC(39) PSYoungGen: 24320K(55296K)->11437K(55296K) Eden: 0K(9728K)->0K(9728K) From: 24320K(45568K)->11437K(45568K)
[1.170s][info][gc,heap        ] GC(39) ParOldGen: 165360K(174080K)->173788K(207872K)
[1.170s][info][gc,metaspace   ] GC(39) Metaspace: 6298K(6464K)->6298K(6464K) NonClass: 5764K(5824K)->5764K(5824K) Class: 533K(640K)->533K(640K)
[1.170s][info][gc             ] GC(39) Pause Full (Ergonomics) 185M->180M(257M) 78.838ms
[1.170s][info][gc,cpu         ] GC(39) User=0.20s Sys=0.00s Real=0.08s
[1.181s][info][gc,start       ] GC(40) Pause Young (Allocation Failure)
[1.199s][info][gc,heap        ] GC(40) PSYoungGen: 21165K(55296K)->21280K(53248K) Eden: 9728K(9728K)->0K(11264K) From: 11437K(45568K)->21280K(41984K)
[1.199s][info][gc,heap        ] GC(40) ParOldGen: 173788K(207872K)->173788K(207872K)
[1.199s][info][gc,metaspace   ] GC(40) Metaspace: 6298K(6464K)->6298K(6464K) NonClass: 5764K(5824K)->5764K(5824K) Class: 533K(640K)->533K(640K)
[1.199s][info][gc             ] GC(40) Pause Young (Allocation Failure) 190M->190M(255M) 17.972ms
[1.199s][info][gc,cpu         ] GC(40) User=0.06s Sys=0.00s Real=0.02s
[1.210s][info][gc,start       ] GC(41) Pause Young (Allocation Failure)
[1.225s][info][gc,heap        ] GC(41) PSYoungGen: 32544K(53248K)->32544K(54784K) Eden: 11264K(11264K)->0K(11264K) From: 21280K(41984K)->32544K(43520K)
[1.226s][info][gc,heap        ] GC(41) ParOldGen: 173788K(207872K)->173788K(207872K)
[1.226s][info][gc,metaspace   ] GC(41) Metaspace: 6298K(6464K)->6298K(6464K) NonClass: 5764K(5824K)->5764K(5824K) Class: 533K(640K)->533K(640K)
[1.226s][info][gc             ] GC(41) Pause Young (Allocation Failure) 201M->201M(256M) 15.530ms
[1.226s][info][gc,cpu         ] GC(41) User=0.00s Sys=0.00s Real=0.01s
[1.237s][info][gc,start       ] GC(42) Pause Young (Allocation Failure)
[1.257s][info][gc,heap        ] GC(42) PSYoungGen: 43808K(54784K)->43808K(53248K) Eden: 11264K(11264K)->0K(7168K) From: 32544K(43520K)->43808K(46080K)
[1.257s][info][gc,heap        ] GC(42) ParOldGen: 173788K(207872K)->173788K(207872K)
[1.257s][info][gc,metaspace   ] GC(42) Metaspace: 6298K(6464K)->6298K(6464K) NonClass: 5764K(5824K)->5764K(5824K) Class: 533K(640K)->533K(640K)
[1.257s][info][gc             ] GC(42) Pause Young (Allocation Failure) 212M->212M(255M) 20.197ms
[1.257s][info][gc,cpu         ] GC(42) User=0.08s Sys=0.00s Real=0.02s
[1.266s][info][gc,start       ] GC(43) Pause Young (Allocation Failure)
[1.288s][info][gc,heap        ] GC(43) PSYoungGen: 50976K(53248K)->48032K(59392K) Eden: 7168K(7168K)->0K(7168K) From: 43808K(46080K)->48032K(52224K)
[1.288s][info][gc,heap        ] GC(43) ParOldGen: 173788K(207872K)->176772K(207872K)
[1.288s][info][gc,metaspace   ] GC(43) Metaspace: 6298K(6464K)->6298K(6464K) NonClass: 5764K(5824K)->5764K(5824K) Class: 533K(640K)->533K(640K)
[1.288s][info][gc             ] GC(43) Pause Young (Allocation Failure) 219M->219M(261M) 22.017ms
[1.288s][info][gc,cpu         ] GC(43) User=0.09s Sys=0.00s Real=0.02s
[1.296s][info][gc,start       ] GC(44) Pause Young (Allocation Failure)
[1.321s][info][gc,heap        ] GC(44) PSYoungGen: 55200K(59392K)->46656K(62464K) Eden: 7168K(7168K)->0K(4096K) From: 48032K(52224K)->46656K(58368K)
[1.321s][info][gc,heap        ] GC(44) ParOldGen: 176772K(207872K)->185420K(207872K)
[1.321s][info][gc,metaspace   ] GC(44) Metaspace: 6298K(6464K)->6298K(6464K) NonClass: 5764K(5824K)->5764K(5824K) Class: 533K(640K)->533K(640K)
[1.321s][info][gc             ] GC(44) Pause Young (Allocation Failure) 226M->226M(264M) 25.130ms
[1.321s][info][gc,cpu         ] GC(44) User=0.06s Sys=0.02s Real=0.03s
[1.327s][info][gc,start       ] GC(45) Pause Young (Allocation Failure)
[1.350s][info][gc,heap        ] GC(45) PSYoungGen: 50752K(62464K)->29760K(34304K) Eden: 4096K(4096K)->0K(4096K) From: 46656K(58368K)->29760K(30208K)
[1.350s][info][gc,heap        ] GC(45) ParOldGen: 185420K(207872K)->206660K(207872K)
[1.350s][info][gc,metaspace   ] GC(45) Metaspace: 6298K(6464K)->6298K(6464K) NonClass: 5764K(5824K)->5764K(5824K) Class: 533K(640K)->533K(640K)
[1.350s][info][gc             ] GC(45) Pause Young (Allocation Failure) 230M->230M(236M) 23.173ms
[1.350s][info][gc,cpu         ] GC(45) User=0.09s Sys=0.00s Real=0.02s
[1.350s][info][gc,start       ] GC(46) Pause Full (Ergonomics)
[1.350s][info][gc,phases,start] GC(46) Marking Phase
[1.407s][info][gc,phases      ] GC(46) Marking Phase 57.451ms
[1.407s][info][gc,phases,start] GC(46) Summary Phase
[1.408s][info][gc,phases      ] GC(46) Summary Phase 0.018ms
[1.408s][info][gc,phases,start] GC(46) Adjust Roots
[1.408s][info][gc,phases      ] GC(46) Adjust Roots 0.226ms
[1.408s][info][gc,phases,start] GC(46) Compaction Phase
[1.437s][info][gc,phases      ] GC(46) Compaction Phase 29.361ms
[1.437s][info][gc,phases,start] GC(46) Post Compact
[1.438s][info][gc,phases      ] GC(46) Post Compact 1.076ms
[1.439s][info][gc,heap        ] GC(46) PSYoungGen: 29760K(34304K)->28036K(34304K) Eden: 0K(4096K)->0K(4096K) From: 29760K(30208K)->28036K(30208K)
[1.439s][info][gc,heap        ] GC(46) ParOldGen: 206660K(207872K)->207686K(247808K)
[1.439s][info][gc,metaspace   ] GC(46) Metaspace: 6298K(6464K)->6298K(6464K) NonClass: 5764K(5824K)->5764K(5824K) Class: 533K(640K)->533K(640K)
[1.439s][info][gc             ] GC(46) Pause Full (Ergonomics) 230M->230M(275M) 88.677ms
[1.439s][info][gc,cpu         ] GC(46) User=0.34s Sys=0.00s Real=0.09s
[1.444s][info][gc,start       ] GC(47) Pause Young (Allocation Failure)
[1.467s][info][gc,heap        ] GC(47) PSYoungGen: 32132K(34304K)->14816K(63488K) Eden: 4096K(4096K)->0K(5120K) From: 28036K(30208K)->14816K(58368K)
[1.467s][info][gc,heap        ] GC(47) ParOldGen: 207686K(247808K)->225390K(247808K)
[1.467s][info][gc,metaspace   ] GC(47) Metaspace: 6298K(6464K)->6298K(6464K) NonClass: 5764K(5824K)->5764K(5824K) Class: 533K(640K)->533K(640K)
[1.467s][info][gc             ] GC(47) Pause Young (Allocation Failure) 234M->234M(304M) 23.062ms
[1.467s][info][gc,cpu         ] GC(47) User=0.06s Sys=0.00s Real=0.02s
[1.473s][info][gc,start       ] GC(48) Pause Young (Allocation Failure)
[1.484s][info][gc,heap        ] GC(48) PSYoungGen: 19936K(63488K)->9280K(64512K) Eden: 5120K(5120K)->0K(5120K) From: 14816K(58368K)->9280K(59392K)
[1.484s][info][gc,heap        ] GC(48) ParOldGen: 225390K(247808K)->236190K(247808K)
[1.484s][info][gc,metaspace   ] GC(48) Metaspace: 6298K(6464K)->6298K(6464K) NonClass: 5764K(5824K)->5764K(5824K) Class: 533K(640K)->533K(640K)
[1.484s][info][gc             ] GC(48) Pause Young (Allocation Failure) 239M->239M(305M) 10.819ms
[1.484s][info][gc,cpu         ] GC(48) User=0.00s Sys=0.00s Real=0.01s
[1.484s][info][gc,start       ] GC(49) Pause Full (Ergonomics)
[1.484s][info][gc,phases,start] GC(49) Marking Phase
[1.546s][info][gc,phases      ] GC(49) Marking Phase 62.088ms
[1.546s][info][gc,phases,start] GC(49) Summary Phase
[1.546s][info][gc,phases      ] GC(49) Summary Phase 0.026ms
[1.546s][info][gc,phases,start] GC(49) Adjust Roots
[1.547s][info][gc,phases      ] GC(49) Adjust Roots 0.193ms
[1.547s][info][gc,phases,start] GC(49) Compaction Phase
[1.573s][info][gc,phases      ] GC(49) Compaction Phase 26.138ms
[1.573s][info][gc,phases,start] GC(49) Post Compact
[1.574s][info][gc,phases      ] GC(49) Post Compact 1.144ms
[1.574s][info][gc,heap        ] GC(49) PSYoungGen: 9280K(64512K)->0K(65024K) Eden: 0K(5120K)->0K(6144K) From: 9280K(59392K)->0K(58880K)
[1.574s][info][gc,heap        ] GC(49) ParOldGen: 236190K(247808K)->244875K(290304K)
[1.574s][info][gc,metaspace   ] GC(49) Metaspace: 6298K(6464K)->6298K(6464K) NonClass: 5764K(5824K)->5764K(5824K) Class: 533K(640K)->533K(640K)
[1.574s][info][gc             ] GC(49) Pause Full (Ergonomics) 239M->239M(347M) 90.098ms
[1.574s][info][gc,cpu         ] GC(49) User=0.47s Sys=0.02s Real=0.09s
[1.581s][info][gc,start       ] GC(50) Pause Young (Allocation Failure)
[1.586s][info][gc,heap        ] GC(50) PSYoungGen: 6144K(65024K)->6240K(65024K) Eden: 6144K(6144K)->0K(6144K) From: 0K(58880K)->6240K(58880K)
[1.586s][info][gc,heap        ] GC(50) ParOldGen: 244875K(290304K)->244875K(290304K)
[1.586s][info][gc,metaspace   ] GC(50) Metaspace: 6298K(6464K)->6298K(6464K) NonClass: 5764K(5824K)->5764K(5824K) Class: 533K(640K)->533K(640K)
[1.586s][info][gc             ] GC(50) Pause Young (Allocation Failure) 245M->245M(347M) 4.675ms
[1.586s][info][gc,cpu         ] GC(50) User=0.00s Sys=0.00s Real=0.00s
[1.593s][info][gc,start       ] GC(51) Pause Young (Allocation Failure)
[1.600s][info][gc,heap        ] GC(51) PSYoungGen: 12384K(65024K)->12352K(61952K) Eden: 6144K(6144K)->0K(7168K) From: 6240K(58880K)->12352K(54784K)
[1.600s][info][gc,heap        ] GC(51) ParOldGen: 244875K(290304K)->244875K(290304K)
[1.600s][info][gc,metaspace   ] GC(51) Metaspace: 6298K(6464K)->6298K(6464K) NonClass: 5764K(5824K)->5764K(5824K) Class: 533K(640K)->533K(640K)
[1.600s][info][gc             ] GC(51) Pause Young (Allocation Failure) 251M->251M(344M) 7.264ms
[1.600s][info][gc,cpu         ] GC(51) User=0.02s Sys=0.00s Real=0.01s
[1.609s][info][gc,start       ] GC(52) Pause Young (Allocation Failure)
[1.619s][info][gc,heap        ] GC(52) PSYoungGen: 19520K(61952K)->19552K(27136K) Eden: 7168K(7168K)->0K(7168K) From: 12352K(54784K)->19552K(19968K)
[1.619s][info][gc,heap        ] GC(52) ParOldGen: 244875K(290304K)->244875K(290304K)
[1.619s][info][gc,metaspace   ] GC(52) Metaspace: 6298K(6464K)->6298K(6464K) NonClass: 5764K(5824K)->5764K(5824K) Class: 533K(640K)->533K(640K)
[1.619s][info][gc             ] GC(52) Pause Young (Allocation Failure) 258M->258M(310M) 10.020ms
[1.619s][info][gc,cpu         ] GC(52) User=0.02s Sys=0.00s Real=0.01s
[1.627s][info][gc,start       ] GC(53) Pause Young (Allocation Failure)
[1.641s][info][gc,heap        ] GC(53) PSYoungGen: 26720K(27136K)->20544K(56832K) Eden: 7168K(7168K)->0K(8704K) From: 19552K(19968K)->20544K(48128K)
[1.641s][info][gc,heap        ] GC(53) ParOldGen: 244875K(290304K)->251107K(290304K)
[1.641s][info][gc,metaspace   ] GC(53) Metaspace: 6298K(6464K)->6298K(6464K) NonClass: 5764K(5824K)->5764K(5824K) Class: 533K(640K)->533K(640K)
[1.641s][info][gc             ] GC(53) Pause Young (Allocation Failure) 265M->265M(339M) 13.770ms
[1.641s][info][gc,cpu         ] GC(53) User=0.00s Sys=0.00s Real=0.02s
[1.651s][info][gc,start       ] GC(54) Pause Young (Allocation Failure)
[1.665s][info][gc,heap        ] GC(54) PSYoungGen: 29248K(56832K)->23136K(32256K) Eden: 8704K(8704K)->0K(8704K) From: 20544K(48128K)->23136K(23552K)
[1.665s][info][gc,heap        ] GC(54) ParOldGen: 251107K(290304K)->257331K(290304K)
[1.665s][info][gc,metaspace   ] GC(54) Metaspace: 6298K(6464K)->6298K(6464K) NonClass: 5764K(5824K)->5764K(5824K) Class: 533K(640K)->533K(640K)
[1.665s][info][gc             ] GC(54) Pause Young (Allocation Failure) 273M->273M(315M) 14.766ms
[1.666s][info][gc,cpu         ] GC(54) User=0.02s Sys=0.00s Real=0.01s
[1.676s][info][gc,start       ] GC(55) Pause Young (Allocation Failure)
[1.692s][info][gc,heap        ] GC(55) PSYoungGen: 31840K(32256K)->24608K(55808K) Eden: 8704K(8704K)->0K(10240K) From: 23136K(23552K)->24608K(45568K)
[1.692s][info][gc,heap        ] GC(55) ParOldGen: 257331K(290304K)->264595K(290304K)
[1.692s][info][gc,metaspace   ] GC(55) Metaspace: 6298K(6464K)->6298K(6464K) NonClass: 5764K(5824K)->5764K(5824K) Class: 533K(640K)->533K(640K)
[1.692s][info][gc             ] GC(55) Pause Young (Allocation Failure) 282M->282M(338M) 15.769ms
[1.692s][info][gc,cpu         ] GC(55) User=0.02s Sys=0.00s Real=0.02s
[1.704s][info][gc,start       ] GC(56) Pause Young (Allocation Failure)
[1.720s][info][gc,heap        ] GC(56) PSYoungGen: 34848K(55808K)->27744K(57344K) Eden: 10240K(10240K)->0K(10240K) From: 24608K(45568K)->27744K(47104K)
[1.720s][info][gc,heap        ] GC(56) ParOldGen: 264595K(290304K)->271867K(290304K)
[1.720s][info][gc,metaspace   ] GC(56) Metaspace: 6298K(6464K)->6298K(6464K) NonClass: 5764K(5824K)->5764K(5824K) Class: 533K(640K)->533K(640K)
[1.720s][info][gc             ] GC(56) Pause Young (Allocation Failure) 292M->292M(339M) 16.515ms
[1.720s][info][gc,cpu         ] GC(56) User=0.03s Sys=0.00s Real=0.02s
[1.732s][info][gc,start       ] GC(57) Pause Young (Allocation Failure)
[1.751s][info][gc,heap        ] GC(57) PSYoungGen: 37984K(57344K)->20576K(54272K) Eden: 10240K(10240K)->0K(11776K) From: 27744K(47104K)->20576K(42496K)
[1.751s][info][gc,heap        ] GC(57) ParOldGen: 271867K(290304K)->289491K(290304K)
[1.751s][info][gc,metaspace   ] GC(57) Metaspace: 6298K(6464K)->6298K(6464K) NonClass: 5764K(5824K)->5764K(5824K) Class: 533K(640K)->533K(640K)
[1.751s][info][gc             ] GC(57) Pause Young (Allocation Failure) 302M->302M(336M) 18.834ms
[1.751s][info][gc,cpu         ] GC(57) User=0.12s Sys=0.00s Real=0.02s
[1.751s][info][gc,start       ] GC(58) Pause Full (Ergonomics)
[1.751s][info][gc,phases,start] GC(58) Marking Phase
[1.811s][info][gc,phases      ] GC(58) Marking Phase 59.469ms
[1.811s][info][gc,phases,start] GC(58) Summary Phase
[1.811s][info][gc,phases      ] GC(58) Summary Phase 0.022ms
[1.811s][info][gc,phases,start] GC(58) Adjust Roots
[1.811s][info][gc,phases      ] GC(58) Adjust Roots 0.145ms
[1.811s][info][gc,phases,start] GC(58) Compaction Phase
[1.841s][info][gc,phases      ] GC(58) Compaction Phase 30.552ms
[1.841s][info][gc,phases,start] GC(58) Post Compact
[1.843s][info][gc,phases      ] GC(58) Post Compact 1.735ms
[1.844s][info][gc,heap        ] GC(58) PSYoungGen: 20576K(54272K)->18884K(56320K) Eden: 0K(11776K)->0K(13824K) From: 20576K(42496K)->18884K(42496K)
[1.844s][info][gc,heap        ] GC(58) ParOldGen: 289491K(290304K)->290249K(335872K)
[1.844s][info][gc,metaspace   ] GC(58) Metaspace: 6298K(6464K)->6298K(6464K) NonClass: 5764K(5824K)->5764K(5824K) Class: 533K(640K)->533K(640K)
[1.844s][info][gc             ] GC(58) Pause Full (Ergonomics) 302M->301M(383M) 92.675ms
[1.844s][info][gc,cpu         ] GC(58) User=0.62s Sys=0.00s Real=0.09s
[1.860s][info][gc,start       ] GC(59) Pause Young (Allocation Failure)
[1.888s][info][gc,heap        ] GC(59) PSYoungGen: 32708K(56320K)->13952K(58368K) Eden: 13824K(13824K)->0K(13824K) From: 18884K(42496K)->13952K(44544K)
[1.888s][info][gc,heap        ] GC(59) ParOldGen: 290249K(335872K)->309433K(335872K)
[1.888s][info][gc,metaspace   ] GC(59) Metaspace: 6298K(6464K)->6298K(6464K) NonClass: 5764K(5824K)->5764K(5824K) Class: 533K(640K)->533K(640K)
[1.888s][info][gc             ] GC(59) Pause Young (Allocation Failure) 315M->315M(385M) 27.895ms
[1.888s][info][gc,cpu         ] GC(59) User=0.14s Sys=0.00s Real=0.03s
[1.905s][info][gc,start       ] GC(60) Pause Young (Allocation Failure)
[1.920s][info][gc,heap        ] GC(60) PSYoungGen: 27776K(58368K)->13984K(57856K) Eden: 13824K(13824K)->0K(15872K) From: 13952K(44544K)->13984K(41984K)
[1.921s][info][gc,heap        ] GC(60) ParOldGen: 309433K(335872K)->323457K(335872K)
[1.921s][info][gc,metaspace   ] GC(60) Metaspace: 6298K(6464K)->6298K(6464K) NonClass: 5764K(5824K)->5764K(5824K) Class: 533K(640K)->533K(640K)
[1.921s][info][gc             ] GC(60) Pause Young (Allocation Failure) 329M->329M(384M) 15.247ms
[1.921s][info][gc,cpu         ] GC(60) User=0.02s Sys=0.00s Real=0.02s
[1.921s][info][gc,start       ] GC(61) Pause Full (Ergonomics)
[1.921s][info][gc,phases,start] GC(61) Marking Phase
[1.990s][info][gc,phases      ] GC(61) Marking Phase 69.290ms
[1.990s][info][gc,phases,start] GC(61) Summary Phase
[1.990s][info][gc,phases      ] GC(61) Summary Phase 0.018ms
[1.990s][info][gc,phases,start] GC(61) Adjust Roots
[1.990s][info][gc,phases      ] GC(61) Adjust Roots 0.185ms
[1.990s][info][gc,phases,start] GC(61) Compaction Phase
[2.020s][info][gc,phases      ] GC(61) Compaction Phase 29.866ms
[2.020s][info][gc,phases,start] GC(61) Post Compact
[2.022s][info][gc,phases      ] GC(61) Post Compact 1.622ms
[2.022s][info][gc,heap        ] GC(61) PSYoungGen: 13984K(57856K)->1018K(58880K) Eden: 0K(15872K)->0K(16896K) From: 13984K(41984K)->1018K(41984K)
[2.022s][info][gc,heap        ] GC(61) ParOldGen: 323457K(335872K)->335702K(388608K)
[2.022s][info][gc,metaspace   ] GC(61) Metaspace: 6298K(6464K)->6298K(6464K) NonClass: 5764K(5824K)->5764K(5824K) Class: 533K(640K)->533K(640K)
[2.022s][info][gc             ] GC(61) Pause Full (Ergonomics) 329M->328M(437M) 101.534ms
[2.022s][info][gc,cpu         ] GC(61) User=0.66s Sys=0.00s Real=0.10s
[2.104s][info][gc,start       ] GC(62) Pause Young (Allocation Failure)
[2.127s][info][gc,heap        ] GC(62) PSYoungGen: 17914K(58880K)->17024K(59904K) Eden: 16896K(16896K)->0K(16896K) From: 1018K(41984K)->17024K(43008K)
[2.127s][info][gc,heap        ] GC(62) ParOldGen: 352086K(388608K)->353166K(388608K)
[2.127s][info][gc,metaspace   ] GC(62) Metaspace: 6298K(6464K)->6298K(6464K) NonClass: 5764K(5824K)->5764K(5824K) Class: 533K(640K)->533K(640K)
[2.127s][info][gc             ] GC(62) Pause Young (Allocation Failure) 361M->361M(438M) 23.522ms
[2.127s][info][gc,cpu         ] GC(62) User=0.03s Sys=0.00s Real=0.02s
[2.143s][info][gc,start       ] GC(63) Pause Young (Allocation Failure)
[2.160s][info][gc,heap        ] GC(63) PSYoungGen: 33920K(59904K)->33888K(57856K) Eden: 16896K(16896K)->0K(16384K) From: 17024K(43008K)->33888K(41472K)
[2.160s][info][gc,heap        ] GC(63) ParOldGen: 353166K(388608K)->353166K(388608K)
[2.160s][info][gc,metaspace   ] GC(63) Metaspace: 6298K(6464K)->6298K(6464K) NonClass: 5764K(5824K)->5764K(5824K) Class: 533K(640K)->533K(640K)
[2.160s][info][gc             ] GC(63) Pause Young (Allocation Failure) 378M->377M(436M) 16.990ms
[2.160s][info][gc,cpu         ] GC(63) User=0.25s Sys=0.00s Real=0.02s
[2.176s][info][gc,start       ] GC(64) Pause Young (Allocation Failure)
[2.200s][info][gc,heap        ] GC(64) PSYoungGen: 50272K(57856K)->44032K(60416K) Eden: 16384K(16384K)->0K(16384K) From: 33888K(41472K)->44032K(44032K)
[2.200s][info][gc,heap        ] GC(64) ParOldGen: 353166K(388608K)->359422K(388608K)
[2.200s][info][gc,metaspace   ] GC(64) Metaspace: 6298K(6464K)->6298K(6464K) NonClass: 5764K(5824K)->5764K(5824K) Class: 533K(640K)->533K(640K)
[2.200s][info][gc             ] GC(64) Pause Young (Allocation Failure) 393M->393M(438M) 23.272ms
[2.200s][info][gc,cpu         ] GC(64) User=0.12s Sys=0.00s Real=0.02s
[2.216s][info][gc,start       ] GC(65) Pause Young (Allocation Failure)
[2.245s][info][gc,heap        ] GC(65) PSYoungGen: 60416K(60416K)->30336K(69120K) Eden: 16384K(16384K)->0K(18432K) From: 44032K(44032K)->30336K(50688K)
[2.245s][info][gc,heap        ] GC(65) ParOldGen: 359422K(388608K)->389998K(390144K)
[2.245s][info][gc,metaspace   ] GC(65) Metaspace: 6298K(6464K)->6298K(6464K) NonClass: 5764K(5824K)->5764K(5824K) Class: 533K(640K)->533K(640K)
[2.245s][info][gc             ] GC(65) Pause Young (Allocation Failure) 409M->410M(448M) 28.267ms
[2.245s][info][gc,cpu         ] GC(65) User=0.14s Sys=0.00s Real=0.03s
[2.245s][info][gc,start       ] GC(66) Pause Full (Ergonomics)
[2.245s][info][gc,phases,start] GC(66) Marking Phase
[2.329s][info][gc,phases      ] GC(66) Marking Phase 84.201ms
[2.329s][info][gc,phases,start] GC(66) Summary Phase
[2.329s][info][gc,phases      ] GC(66) Summary Phase 0.019ms
[2.329s][info][gc,phases,start] GC(66) Adjust Roots
[2.329s][info][gc,phases      ] GC(66) Adjust Roots 0.177ms
[2.329s][info][gc,phases,start] GC(66) Compaction Phase
[2.404s][info][gc,phases      ] GC(66) Compaction Phase 74.423ms
[2.404s][info][gc,phases,start] GC(66) Post Compact
[2.406s][info][gc,phases      ] GC(66) Post Compact 2.180ms
[2.406s][info][gc,heap        ] GC(66) PSYoungGen: 30336K(69120K)->21457K(70144K) Eden: 0K(18432K)->0K(19456K) From: 30336K(50688K)->21457K(50688K)
[2.406s][info][gc,heap        ] GC(66) ParOldGen: 389998K(390144K)->389890K(450560K)
[2.406s][info][gc,metaspace   ] GC(66) Metaspace: 6298K(6464K)->6298K(6464K) NonClass: 5764K(5824K)->5764K(5824K) Class: 533K(640K)->533K(640K)
[2.406s][info][gc             ] GC(66) Pause Full (Ergonomics) 410M->401M(508M) 161.589ms
[2.406s][info][gc,cpu         ] GC(66) User=1.02s Sys=0.00s Real=0.16s
[2.428s][info][gc,start       ] GC(67) Pause Young (Allocation Failure)
[2.462s][info][gc,heap        ] GC(67) PSYoungGen: 40913K(70144K)->31424K(71168K) Eden: 19456K(19456K)->0K(19456K) From: 21457K(50688K)->31424K(51712K)
[2.462s][info][gc,heap        ] GC(67) ParOldGen: 389890K(450560K)->399730K(450560K)
[2.462s][info][gc,metaspace   ] GC(67) Metaspace: 6298K(6464K)->6298K(6464K) NonClass: 5764K(5824K)->5764K(5824K) Class: 533K(640K)->533K(640K)
[2.462s][info][gc             ] GC(67) Pause Young (Allocation Failure) 420M->421M(509M) 34.263ms
[2.462s][info][gc,cpu         ] GC(67) User=0.23s Sys=0.02s Real=0.04s
[2.482s][info][gc,start       ] GC(68) Pause Young (Allocation Failure)
[2.507s][info][gc,heap        ] GC(68) PSYoungGen: 50880K(71168K)->50848K(66560K) Eden: 19456K(19456K)->0K(14848K) From: 31424K(51712K)->50848K(51712K)
[2.507s][info][gc,heap        ] GC(68) ParOldGen: 399730K(450560K)->399730K(450560K)
[2.507s][info][gc,metaspace   ] GC(68) Metaspace: 6298K(6464K)->6298K(6464K) NonClass: 5764K(5824K)->5764K(5824K) Class: 533K(640K)->533K(640K)
[2.507s][info][gc             ] GC(68) Pause Young (Allocation Failure) 440M->440M(505M) 24.604ms
[2.507s][info][gc,cpu         ] GC(68) User=0.11s Sys=0.03s Real=0.03s
[2.522s][info][gc,start       ] GC(69) Pause Young (Allocation Failure)
[2.552s][info][gc,heap        ] GC(69) PSYoungGen: 65696K(66560K)->53888K(73216K) Eden: 14848K(14848K)->0K(14848K) From: 50848K(51712K)->53888K(58368K)
[2.552s][info][gc,heap        ] GC(69) ParOldGen: 399730K(450560K)->411690K(450560K)
[2.552s][info][gc,metaspace   ] GC(69) Metaspace: 6298K(6464K)->6298K(6464K) NonClass: 5764K(5824K)->5764K(5824K) Class: 533K(640K)->533K(640K)
[2.552s][info][gc             ] GC(69) Pause Young (Allocation Failure) 454M->454M(511M) 29.621ms
[2.552s][info][gc,cpu         ] GC(69) User=0.14s Sys=0.00s Real=0.03s
[2.568s][info][gc,start       ] GC(70) Pause Young (Allocation Failure)
[2.599s][info][gc,heap        ] GC(70) PSYoungGen: 68736K(73216K)->49280K(78848K) Eden: 14848K(14848K)->0K(13824K) From: 53888K(58368K)->49280K(65024K)
[2.599s][info][gc,heap        ] GC(70) ParOldGen: 411690K(450560K)->431410K(450560K)
[2.599s][info][gc,metaspace   ] GC(70) Metaspace: 6298K(6464K)->6298K(6464K) NonClass: 5764K(5824K)->5764K(5824K) Class: 533K(640K)->533K(640K)
[2.599s][info][gc             ] GC(70) Pause Young (Allocation Failure) 469M->469M(517M) 31.121ms
[2.599s][info][gc,cpu         ] GC(70) User=0.11s Sys=0.03s Real=0.03s
[2.599s][info][gc,start       ] GC(71) Pause Full (Ergonomics)
[2.599s][info][gc,phases,start] GC(71) Marking Phase
[2.709s][info][gc,phases      ] GC(71) Marking Phase 109.950ms
[2.709s][info][gc,phases,start] GC(71) Summary Phase
[2.709s][info][gc,phases      ] GC(71) Summary Phase 0.020ms
[2.709s][info][gc,phases,start] GC(71) Adjust Roots
[2.709s][info][gc,phases      ] GC(71) Adjust Roots 0.151ms
[2.709s][info][gc,phases,start] GC(71) Compaction Phase
[2.764s][info][gc,phases      ] GC(71) Compaction Phase 54.607ms
[2.764s][info][gc,phases,start] GC(71) Post Compact
[2.766s][info][gc,phases      ] GC(71) Post Compact 2.281ms
[2.767s][info][gc,heap        ] GC(71) PSYoungGen: 49280K(78848K)->29640K(78848K) Eden: 0K(13824K)->0K(13824K) From: 49280K(65024K)->29640K(65024K)
[2.767s][info][gc,heap        ] GC(71) ParOldGen: 431410K(450560K)->450193K(513536K)
[2.767s][info][gc,metaspace   ] GC(71) Metaspace: 6298K(6464K)->6298K(6464K) NonClass: 5764K(5824K)->5764K(5824K) Class: 533K(640K)->533K(640K)
[2.767s][info][gc             ] GC(71) Pause Full (Ergonomics) 469M->468M(578M) 167.580ms
[2.767s][info][gc,cpu         ] GC(71) User=1.00s Sys=0.00s Real=0.17s
[2.784s][info][gc,start       ] GC(72) Pause Young (Allocation Failure)
[2.822s][info][gc,heap        ] GC(72) PSYoungGen: 43464K(78848K)->22752K(81920K) Eden: 13824K(13824K)->0K(13824K) From: 29640K(65024K)->22752K(68096K)
[2.822s][info][gc,heap        ] GC(72) ParOldGen: 450193K(513536K)->471313K(513536K)
[2.822s][info][gc,metaspace   ] GC(72) Metaspace: 6298K(6464K)->6298K(6464K) NonClass: 5764K(5824K)->5764K(5824K) Class: 533K(640K)->533K(640K)
[2.822s][info][gc             ] GC(72) Pause Young (Allocation Failure) 482M->482M(581M) 37.970ms
[2.822s][info][gc,cpu         ] GC(72) User=0.23s Sys=0.02s Real=0.04s
[2.836s][info][gc,start       ] GC(73) Pause Young (Allocation Failure)
[2.855s][info][gc,heap        ] GC(73) PSYoungGen: 36576K(81920K)->27744K(76800K) Eden: 13824K(13824K)->0K(15872K) From: 22752K(68096K)->27744K(60928K)
[2.855s][info][gc,heap        ] GC(73) ParOldGen: 471313K(513536K)->480273K(513536K)
[2.855s][info][gc,metaspace   ] GC(73) Metaspace: 6298K(6464K)->6298K(6464K) NonClass: 5764K(5824K)->5764K(5824K) Class: 533K(640K)->533K(640K)
[2.855s][info][gc             ] GC(73) Pause Young (Allocation Failure) 495M->496M(576M) 18.527ms
[2.855s][info][gc,cpu         ] GC(73) User=0.12s Sys=0.00s Real=0.02s
[2.873s][info][gc,start       ] GC(74) Pause Young (Allocation Failure)
[2.895s][info][gc,heap        ] GC(74) PSYoungGen: 43616K(76800K)->29824K(46080K) Eden: 15872K(15872K)->0K(15872K) From: 27744K(60928K)->29824K(30208K)
[2.895s][info][gc,heap        ] GC(74) ParOldGen: 480273K(513536K)->494305K(513536K)
[2.895s][info][gc,metaspace   ] GC(74) Metaspace: 6298K(6464K)->6298K(6464K) NonClass: 5764K(5824K)->5764K(5824K) Class: 533K(640K)->533K(640K)
[2.895s][info][gc             ] GC(74) Pause Young (Allocation Failure) 511M->511M(546M) 21.730ms
[2.895s][info][gc,cpu         ] GC(74) User=0.12s Sys=0.00s Real=0.02s
[2.895s][info][gc,start       ] GC(75) Pause Full (Ergonomics)
[2.895s][info][gc,phases,start] GC(75) Marking Phase
[3.013s][info][gc,phases      ] GC(75) Marking Phase 118.094ms
[3.013s][info][gc,phases,start] GC(75) Summary Phase
[3.013s][info][gc,phases      ] GC(75) Summary Phase 0.022ms
[3.013s][info][gc,phases,start] GC(75) Adjust Roots
[3.013s][info][gc,phases      ] GC(75) Adjust Roots 0.148ms
[3.013s][info][gc,phases,start] GC(75) Compaction Phase
[3.066s][info][gc,phases      ] GC(75) Compaction Phase 52.493ms
[3.066s][info][gc,phases,start] GC(75) Post Compact
[3.069s][info][gc,phases      ] GC(75) Post Compact 2.748ms
[3.069s][info][gc,heap        ] GC(75) PSYoungGen: 29824K(46080K)->10215K(46080K) Eden: 0K(15872K)->0K(15872K) From: 29824K(30208K)->10215K(30208K)
[3.069s][info][gc,heap        ] GC(75) ParOldGen: 494305K(513536K)->513044K(581120K)
[3.069s][info][gc,metaspace   ] GC(75) Metaspace: 6298K(6464K)->6298K(6464K) NonClass: 5764K(5824K)->5764K(5824K) Class: 533K(640K)->533K(640K)
[3.069s][info][gc             ] GC(75) Pause Full (Ergonomics) 511M->510M(612M) 174.131ms
[3.069s][info][gc,cpu         ] GC(75) User=1.14s Sys=0.02s Real=0.17s
[3.088s][info][gc,start       ] GC(76) Pause Young (Allocation Failure)
[3.122s][info][gc,heap        ] GC(76) PSYoungGen: 26087K(46080K)->20480K(75776K) Eden: 15872K(15872K)->0K(17920K) From: 10215K(30208K)->20480K(57856K)
[3.122s][info][gc,heap        ] GC(76) ParOldGen: 513044K(581120K)->518892K(581120K)
[3.122s][info][gc,metaspace   ] GC(76) Metaspace: 6298K(6464K)->6298K(6464K) NonClass: 5764K(5824K)->5764K(5824K) Class: 533K(640K)->533K(640K)
[3.122s][info][gc             ] GC(76) Pause Young (Allocation Failure) 526M->526M(641M) 34.300ms
[3.122s][info][gc,cpu         ] GC(76) User=0.16s Sys=0.00s Real=0.03s
[3.142s][info][gc,start       ] GC(77) Pause Young (Allocation Failure)
[3.162s][info][gc,heap        ] GC(77) PSYoungGen: 38400K(75776K)->38432K(77312K) Eden: 17920K(17920K)->0K(17920K) From: 20480K(57856K)->38432K(59392K)
[3.162s][info][gc,heap        ] GC(77) ParOldGen: 518892K(581120K)->518892K(581120K)
[3.162s][info][gc,metaspace   ] GC(77) Metaspace: 6298K(6464K)->6298K(6464K) NonClass: 5764K(5824K)->5764K(5824K) Class: 533K(640K)->533K(640K)
[3.162s][info][gc             ] GC(77) Pause Young (Allocation Failure) 544M->544M(643M) 20.123ms
[3.162s][info][gc,cpu         ] GC(77) User=0.14s Sys=0.00s Real=0.02s
[3.182s][info][gc,start       ] GC(78) Pause Young (Allocation Failure)
[3.209s][info][gc,heap        ] GC(78) PSYoungGen: 56352K(77312K)->56352K(73728K) Eden: 17920K(17920K)->0K(13824K) From: 38432K(59392K)->56352K(59904K)
[3.209s][info][gc,heap        ] GC(78) ParOldGen: 518892K(581120K)->518892K(581120K)
[3.209s][info][gc,metaspace   ] GC(78) Metaspace: 6298K(6464K)->6298K(6464K) NonClass: 5764K(5824K)->5764K(5824K) Class: 533K(640K)->533K(640K)
[3.209s][info][gc             ] GC(78) Pause Young (Allocation Failure) 561M->561M(639M) 27.117ms
[3.209s][info][gc,cpu         ] GC(78) User=0.14s Sys=0.00s Real=0.03s
[3.226s][info][gc,start       ] GC(79) Pause Young (Allocation Failure)
[3.258s][info][gc,heap        ] GC(79) PSYoungGen: 70176K(73728K)->65728K(79872K) Eden: 13824K(13824K)->0K(13824K) From: 56352K(59904K)->65728K(66048K)
[3.258s][info][gc,heap        ] GC(79) ParOldGen: 518892K(581120K)->523452K(581120K)
[3.258s][info][gc,metaspace   ] GC(79) Metaspace: 6298K(6464K)->6298K(6464K) NonClass: 5764K(5824K)->5764K(5824K) Class: 533K(640K)->533K(640K)
[3.258s][info][gc             ] GC(79) Pause Young (Allocation Failure) 575M->575M(645M) 32.324ms
[3.258s][info][gc,cpu         ] GC(79) User=0.14s Sys=0.00s Real=0.03s
[3.273s][info][gc,start       ] GC(80) Pause Young (Allocation Failure)
[3.312s][info][gc,heap        ] GC(80) PSYoungGen: 79552K(79872K)->63616K(84480K) Eden: 13824K(13824K)->0K(9728K) From: 65728K(66048K)->63616K(74752K)
[3.312s][info][gc,heap        ] GC(80) ParOldGen: 523452K(581120K)->539540K(581120K)
[3.312s][info][gc,metaspace   ] GC(80) Metaspace: 6298K(6464K)->6298K(6464K) NonClass: 5764K(5824K)->5764K(5824K) Class: 533K(640K)->533K(640K)
[3.312s][info][gc             ] GC(80) Pause Young (Allocation Failure) 588M->589M(650M) 39.362ms
[3.312s][info][gc,cpu         ] GC(80) User=0.22s Sys=0.03s Real=0.04s
[3.324s][info][gc,start       ] GC(81) Pause Young (Allocation Failure)
[3.360s][info][gc,heap        ] GC(81) PSYoungGen: 73344K(84480K)->37504K(47616K) Eden: 9728K(9728K)->0K(9728K) From: 63616K(74752K)->37504K(37888K)
[3.360s][info][gc,heap        ] GC(81) ParOldGen: 539540K(581120K)->575828K(581120K)
[3.360s][info][gc,metaspace   ] GC(81) Metaspace: 6298K(6464K)->6298K(6464K) NonClass: 5764K(5824K)->5764K(5824K) Class: 533K(640K)->533K(640K)
[3.360s][info][gc             ] GC(81) Pause Young (Allocation Failure) 598M->598M(614M) 36.562ms
[3.360s][info][gc,cpu         ] GC(81) User=0.23s Sys=0.02s Real=0.04s
[3.360s][info][gc,start       ] GC(82) Pause Full (Ergonomics)
[3.360s][info][gc,phases,start] GC(82) Marking Phase
[3.497s][info][gc,phases      ] GC(82) Marking Phase 136.542ms
[3.497s][info][gc,phases,start] GC(82) Summary Phase
[3.497s][info][gc,phases      ] GC(82) Summary Phase 0.036ms
[3.497s][info][gc,phases,start] GC(82) Adjust Roots
[3.497s][info][gc,phases      ] GC(82) Adjust Roots 0.210ms
[3.497s][info][gc,phases,start] GC(82) Compaction Phase
[3.565s][info][gc,phases      ] GC(82) Compaction Phase 67.452ms
[3.565s][info][gc,phases,start] GC(82) Post Compact
[3.566s][info][gc,phases      ] GC(82) Post Compact 0.985ms
[3.566s][info][gc,heap        ] GC(82) PSYoungGen: 37504K(47616K)->31150K(47616K) Eden: 0K(9728K)->0K(9728K) From: 37504K(37888K)->31150K(37888K)
[3.566s][info][gc,heap        ] GC(82) ParOldGen: 575828K(581120K)->581008K(658944K)
[3.566s][info][gc,metaspace   ] GC(82) Metaspace: 6298K(6464K)->6298K(6464K) NonClass: 5764K(5824K)->5764K(5824K) Class: 533K(640K)->533K(640K)
[3.566s][info][gc             ] GC(82) Pause Full (Ergonomics) 598M->597M(690M) 205.789ms
[3.566s][info][gc,cpu         ] GC(82) User=1.45s Sys=0.02s Real=0.21s
[3.580s][info][gc,start       ] GC(83) Pause Young (Allocation Failure)
[3.622s][info][gc,heap        ] GC(83) PSYoungGen: 40878K(47616K)->17920K(88576K) Eden: 9728K(9728K)->0K(11264K) From: 31150K(37888K)->17920K(77312K)
[3.622s][info][gc,heap        ] GC(83) ParOldGen: 581008K(658944K)->604424K(658944K)
[3.622s][info][gc,metaspace   ] GC(83) Metaspace: 6298K(6464K)->6298K(6464K) NonClass: 5764K(5824K)->5764K(5824K) Class: 533K(640K)->533K(640K)
[3.622s][info][gc             ] GC(83) Pause Young (Allocation Failure) 607M->607M(730M) 42.222ms
[3.623s][info][gc,cpu         ] GC(83) User=0.27s Sys=0.00s Real=0.04s
[3.638s][info][gc,start       ] GC(84) Pause Young (Allocation Failure)
[3.654s][info][gc,heap        ] GC(84) PSYoungGen: 29184K(88576K)->21088K(88576K) Eden: 11264K(11264K)->0K(11264K) From: 17920K(77312K)->21088K(77312K)
[3.654s][info][gc,heap        ] GC(84) ParOldGen: 604424K(658944K)->612664K(658944K)
[3.654s][info][gc,metaspace   ] GC(84) Metaspace: 6298K(6464K)->6298K(6464K) NonClass: 5764K(5824K)->5764K(5824K) Class: 533K(640K)->533K(640K)
[3.654s][info][gc             ] GC(84) Pause Young (Allocation Failure) 618M->618M(730M) 16.776ms
[3.654s][info][gc,cpu         ] GC(84) User=0.03s Sys=0.00s Real=0.02s
[3.668s][info][gc,start       ] GC(85) Pause Young (Allocation Failure)
[3.686s][info][gc,heap        ] GC(85) PSYoungGen: 32352K(88576K)->22624K(85504K) Eden: 11264K(11264K)->0K(12800K) From: 21088K(77312K)->22624K(72704K)
[3.686s][info][gc,heap        ] GC(85) ParOldGen: 612664K(658944K)->622528K(658944K)
[3.686s][info][gc,metaspace   ] GC(85) Metaspace: 6298K(6464K)->6298K(6464K) NonClass: 5764K(5824K)->5764K(5824K) Class: 533K(640K)->533K(640K)
[3.686s][info][gc             ] GC(85) Pause Young (Allocation Failure) 629M->630M(727M) 17.711ms
[3.686s][info][gc,cpu         ] GC(85) User=0.02s Sys=0.00s Real=0.02s
[3.701s][info][gc,start       ] GC(86) Pause Young (Allocation Failure)
[3.721s][info][gc,heap        ] GC(86) PSYoungGen: 35424K(85504K)->24160K(37376K) Eden: 12800K(12800K)->0K(12800K) From: 22624K(72704K)->24160K(24576K)
[3.721s][info][gc,heap        ] GC(86) ParOldGen: 622528K(658944K)->633952K(658944K)
[3.721s][info][gc,metaspace   ] GC(86) Metaspace: 6298K(6464K)->6298K(6464K) NonClass: 5764K(5824K)->5764K(5824K) Class: 533K(640K)->533K(640K)
[3.721s][info][gc             ] GC(86) Pause Young (Allocation Failure) 642M->642M(680M) 19.779ms
[3.721s][info][gc,cpu         ] GC(86) User=0.12s Sys=0.00s Real=0.02s
[3.721s][info][gc,start       ] GC(87) Pause Full (Ergonomics)
[3.721s][info][gc,phases,start] GC(87) Marking Phase
[3.866s][info][gc,phases      ] GC(87) Marking Phase 145.104ms
[3.866s][info][gc,phases,start] GC(87) Summary Phase
[3.866s][info][gc,phases      ] GC(87) Summary Phase 0.025ms
[3.866s][info][gc,phases,start] GC(87) Adjust Roots
[3.866s][info][gc,phases      ] GC(87) Adjust Roots 0.148ms
[3.866s][info][gc,phases,start] GC(87) Compaction Phase
[3.925s][info][gc,phases      ] GC(87) Compaction Phase 58.888ms
[3.925s][info][gc,phases,start] GC(87) Post Compact
[3.926s][info][gc,phases      ] GC(87) Post Compact 1.147ms
[3.927s][info][gc,heap        ] GC(87) PSYoungGen: 24160K(37376K)->0K(86016K) Eden: 0K(12800K)->0K(14336K) From: 24160K(24576K)->0K(71680K)
[3.927s][info][gc,heap        ] GC(87) ParOldGen: 633952K(658944K)->657089K(736768K)
[3.927s][info][gc,metaspace   ] GC(87) Metaspace: 6298K(6464K)->6298K(6464K) NonClass: 5764K(5824K)->5764K(5824K) Class: 533K(640K)->533K(640K)
[3.927s][info][gc             ] GC(87) Pause Full (Ergonomics) 642M->641M(803M) 205.915ms
[3.927s][info][gc,cpu         ] GC(87) User=1.58s Sys=0.00s Real=0.21s
[3.949s][info][gc,start       ] GC(88) Pause Young (Allocation Failure)
[3.959s][info][gc,heap        ] GC(88) PSYoungGen: 14336K(86016K)->14464K(86016K) Eden: 14336K(14336K)->0K(14336K) From: 0K(71680K)->14464K(71680K)
[3.959s][info][gc,heap        ] GC(88) ParOldGen: 657089K(736768K)->657089K(736768K)
[3.959s][info][gc,metaspace   ] GC(88) Metaspace: 6298K(6464K)->6298K(6464K) NonClass: 5764K(5824K)->5764K(5824K) Class: 533K(640K)->533K(640K)
[3.959s][info][gc             ] GC(88) Pause Young (Allocation Failure) 655M->655M(803M) 9.915ms
[3.959s][info][gc,cpu         ] GC(88) User=0.02s Sys=0.00s Real=0.01s
[3.977s][info][gc,start       ] GC(89) Pause Young (Allocation Failure)
[3.993s][info][gc,heap        ] GC(89) PSYoungGen: 28800K(86016K)->28736K(79872K) Eden: 14336K(14336K)->0K(15872K) From: 14464K(71680K)->28736K(64000K)
[3.993s][info][gc,heap        ] GC(89) ParOldGen: 657089K(736768K)->657089K(736768K)
[3.993s][info][gc,metaspace   ] GC(89) Metaspace: 6298K(6464K)->6298K(6464K) NonClass: 5764K(5824K)->5764K(5824K) Class: 533K(640K)->533K(640K)
[3.993s][info][gc             ] GC(89) Pause Young (Allocation Failure) 669M->669M(797M) 15.828ms
[3.993s][info][gc,cpu         ] GC(89) User=0.02s Sys=0.00s Real=0.02s
[4.013s][info][gc,start       ] GC(90) Pause Young (Allocation Failure)
[4.036s][info][gc,heap        ] GC(90) PSYoungGen: 44608K(79872K)->44672K(83456K) Eden: 15872K(15872K)->0K(15872K) From: 28736K(64000K)->44672K(67584K)
[4.036s][info][gc,heap        ] GC(90) ParOldGen: 657089K(736768K)->657089K(736768K)
[4.036s][info][gc,metaspace   ] GC(90) Metaspace: 6298K(6464K)->6298K(6464K) NonClass: 5764K(5824K)->5764K(5824K) Class: 533K(640K)->533K(640K)
[4.037s][info][gc             ] GC(90) Pause Young (Allocation Failure) 685M->685M(801M) 23.435ms
[4.037s][info][gc,cpu         ] GC(90) User=0.14s Sys=0.00s Real=0.02s
[4.185s][info][gc,start       ] GC(91) Pause Young (Allocation Failure)
[4.227s][info][gc,heap        ] GC(91) PSYoungGen: 60544K(83456K)->60544K(80384K) Eden: 15872K(15872K)->0K(11264K) From: 44672K(67584K)->60544K(69120K)
[4.227s][info][gc,heap        ] GC(91) ParOldGen: 689857K(736768K)->689857K(736768K)
[4.227s][info][gc,metaspace   ] GC(91) Metaspace: 6298K(6464K)->6298K(6464K) NonClass: 5764K(5824K)->5764K(5824K) Class: 533K(640K)->533K(640K)
[4.227s][info][gc             ] GC(91) Pause Young (Allocation Failure) 732M->732M(798M) 41.439ms
[4.227s][info][gc,cpu         ] GC(91) User=0.27s Sys=0.00s Real=0.04s
[4.238s][info][gc,start       ] GC(92) Pause Young (Allocation Failure)
[4.270s][info][gc,heap        ] GC(92) PSYoungGen: 71808K(80384K)->71840K(87040K) Eden: 11264K(11264K)->0K(11264K) From: 60544K(69120K)->71840K(75776K)
[4.270s][info][gc,heap        ] GC(92) ParOldGen: 689857K(736768K)->689857K(736768K)
[4.270s][info][gc,metaspace   ] GC(92) Metaspace: 6298K(6464K)->6298K(6464K) NonClass: 5764K(5824K)->5764K(5824K) Class: 533K(640K)->533K(640K)
[4.270s][info][gc             ] GC(92) Pause Young (Allocation Failure) 743M->743M(804M) 31.985ms
[4.271s][info][gc,cpu         ] GC(92) User=0.14s Sys=0.00s Real=0.03s
[4.282s][info][gc,start       ] GC(93) Pause Young (Allocation Failure)
[4.320s][info][gc,heap        ] GC(93) PSYoungGen: 83104K(87040K)->68736K(92160K) Eden: 11264K(11264K)->0K(6656K) From: 71840K(75776K)->68736K(85504K)
[4.320s][info][gc,heap        ] GC(93) ParOldGen: 689857K(736768K)->704377K(736768K)
[4.320s][info][gc,metaspace   ] GC(93) Metaspace: 6298K(6464K)->6298K(6464K) NonClass: 5764K(5824K)->5764K(5824K) Class: 533K(640K)->533K(640K)
[4.320s][info][gc             ] GC(93) Pause Young (Allocation Failure) 754M->754M(809M) 37.367ms
[4.320s][info][gc,cpu         ] GC(93) User=0.22s Sys=0.05s Real=0.04s
[4.326s][info][gc,start       ] GC(94) Pause Young (Allocation Failure)
[4.360s][info][gc,heap        ] GC(94) PSYoungGen: 75392K(92160K)->61056K(98304K) Eden: 6656K(6656K)->0K(6656K) From: 68736K(85504K)->61056K(91648K)
[4.360s][info][gc,heap        ] GC(94) ParOldGen: 704377K(736768K)->718897K(736768K)
[4.360s][info][gc,metaspace   ] GC(94) Metaspace: 6298K(6464K)->6298K(6464K) NonClass: 5764K(5824K)->5764K(5824K) Class: 533K(640K)->533K(640K)
[4.360s][info][gc             ] GC(94) Pause Young (Allocation Failure) 761M->761M(815M) 33.695ms
[4.360s][info][gc,cpu         ] GC(94) User=0.23s Sys=0.00s Real=0.03s
[4.360s][info][gc,start       ] GC(95) Pause Full (Ergonomics)
[4.360s][info][gc,phases,start] GC(95) Marking Phase
[4.525s][info][gc,phases      ] GC(95) Marking Phase 164.755ms
[4.525s][info][gc,phases,start] GC(95) Summary Phase
[4.525s][info][gc,phases      ] GC(95) Summary Phase 0.026ms
[4.525s][info][gc,phases,start] GC(95) Adjust Roots
[4.525s][info][gc,phases      ] GC(95) Adjust Roots 0.152ms
[4.525s][info][gc,phases,start] GC(95) Compaction Phase
[4.650s][info][gc,phases      ] GC(95) Compaction Phase 124.736ms
[4.650s][info][gc,phases,start] GC(95) Post Compact
[4.652s][info][gc,phases      ] GC(95) Post Compact 1.532ms
[4.652s][info][gc,heap        ] GC(95) PSYoungGen: 61056K(98304K)->26538K(98304K) Eden: 0K(6656K)->0K(6656K) From: 61056K(91648K)->26538K(91648K)
[4.652s][info][gc,heap        ] GC(95) ParOldGen: 718897K(736768K)->736311K(817152K)
[4.652s][info][gc,metaspace   ] GC(95) Metaspace: 6298K(6464K)->6298K(6464K) NonClass: 5764K(5824K)->5764K(5824K) Class: 533K(640K)->533K(640K)
[4.652s][info][gc             ] GC(95) Pause Full (Ergonomics) 761M->744M(894M) 291.793ms
[4.652s][info][gc,cpu         ] GC(95) User=2.02s Sys=0.00s Real=0.29s
[4.661s][info][gc,start       ] GC(96) Pause Young (Allocation Failure)
[4.707s][info][gc,heap        ] GC(96) PSYoungGen: 33194K(98304K)->19968K(100352K) Eden: 6656K(6656K)->0K(7680K) From: 26538K(91648K)->19968K(92672K)
[4.707s][info][gc,heap        ] GC(96) ParOldGen: 736311K(817152K)->749831K(817152K)
[4.707s][info][gc,metaspace   ] GC(96) Metaspace: 6298K(6464K)->6298K(6464K) NonClass: 5764K(5824K)->5764K(5824K) Class: 533K(640K)->533K(640K)
[4.707s][info][gc             ] GC(96) Pause Young (Allocation Failure) 751M->751M(896M) 45.576ms
[4.707s][info][gc,cpu         ] GC(96) User=0.16s Sys=0.00s Real=0.05s
[4.716s][info][gc,start       ] GC(97) Pause Young (Allocation Failure)
[4.732s][info][gc,heap        ] GC(97) PSYoungGen: 27648K(100352K)->20992K(28672K) Eden: 7680K(7680K)->0K(7680K) From: 19968K(92672K)->20992K(20992K)
[4.732s][info][gc,heap        ] GC(97) ParOldGen: 749831K(817152K)->756639K(817152K)
[4.732s][info][gc,metaspace   ] GC(97) Metaspace: 6298K(6464K)->6298K(6464K) NonClass: 5764K(5824K)->5764K(5824K) Class: 533K(640K)->533K(640K)
[4.732s][info][gc             ] GC(97) Pause Young (Allocation Failure) 759M->759M(826M) 15.947ms
[4.732s][info][gc,cpu         ] GC(97) User=0.02s Sys=0.00s Real=0.02s
[4.741s][info][gc,start       ] GC(98) Pause Young (Allocation Failure)
[4.757s][info][gc,heap        ] GC(98) PSYoungGen: 28672K(28672K)->22112K(95744K) Eden: 7680K(7680K)->0K(8704K) From: 20992K(20992K)->22112K(87040K)
[4.757s][info][gc,heap        ] GC(98) ParOldGen: 756639K(817152K)->763271K(817152K)
[4.757s][info][gc,metaspace   ] GC(98) Metaspace: 6298K(6464K)->6298K(6464K) NonClass: 5764K(5824K)->5764K(5824K) Class: 533K(640K)->533K(640K)
[4.757s][info][gc             ] GC(98) Pause Young (Allocation Failure) 766M->766M(891M) 16.447ms
[4.757s][info][gc,cpu         ] GC(98) User=0.02s Sys=0.00s Real=0.02s
[4.766s][info][gc,start       ] GC(99) Pause Young (Allocation Failure)
[4.783s][info][gc,heap        ] GC(99) PSYoungGen: 30816K(95744K)->16480K(97792K) Eden: 8704K(8704K)->0K(8704K) From: 22112K(87040K)->16480K(89088K)
[4.783s][info][gc,heap        ] GC(99) ParOldGen: 763271K(817152K)->777783K(817152K)
[4.783s][info][gc,metaspace   ] GC(99) Metaspace: 6298K(6464K)->6298K(6464K) NonClass: 5764K(5824K)->5764K(5824K) Class: 533K(640K)->533K(640K)
[4.783s][info][gc             ] GC(99) Pause Young (Allocation Failure) 775M->775M(893M) 17.131ms
[4.783s][info][gc,cpu         ] GC(99) User=0.02s Sys=0.02s Real=0.02s
[4.792s][info][gc,start       ] GC(100) Pause Young (Allocation Failure)
[4.808s][info][gc,heap        ] GC(100) PSYoungGen: 25184K(97792K)->8800K(96768K) Eden: 8704K(8704K)->0K(10240K) From: 16480K(89088K)->8800K(86528K)
[4.808s][info][gc,heap        ] GC(100) ParOldGen: 777783K(817152K)->794359K(817152K)
[4.808s][info][gc,metaspace   ] GC(100) Metaspace: 6298K(6464K)->6298K(6464K) NonClass: 5764K(5824K)->5764K(5824K) Class: 533K(640K)->533K(640K)
[4.808s][info][gc             ] GC(100) Pause Young (Allocation Failure) 784M->784M(892M) 15.826ms
[4.808s][info][gc,cpu         ] GC(100) User=0.02s Sys=0.00s Real=0.02s
[4.808s][info][gc,start       ] GC(101) Pause Full (Ergonomics)
[4.808s][info][gc,phases,start] GC(101) Marking Phase
[4.983s][info][gc,phases      ] GC(101) Marking Phase 174.570ms
[4.983s][info][gc,phases,start] GC(101) Summary Phase
[4.983s][info][gc,phases      ] GC(101) Summary Phase 0.035ms
[4.983s][info][gc,phases,start] GC(101) Adjust Roots
[4.983s][info][gc,phases      ] GC(101) Adjust Roots 0.159ms
[4.983s][info][gc,phases,start] GC(101) Compaction Phase
[5.067s][info][gc,phases      ] GC(101) Compaction Phase 84.379ms
[5.067s][info][gc,phases,start] GC(101) Post Compact
[5.069s][info][gc,phases      ] GC(101) Post Compact 1.352ms
[5.069s][info][gc,heap        ] GC(101) PSYoungGen: 8800K(96768K)->0K(97280K) Eden: 0K(10240K)->0K(10240K) From: 8800K(86528K)->0K(87040K)
[5.069s][info][gc,heap        ] GC(101) ParOldGen: 794359K(817152K)->802127K(887296K)
[5.069s][info][gc,metaspace   ] GC(101) Metaspace: 6298K(6464K)->6298K(6464K) NonClass: 5764K(5824K)->5764K(5824K) Class: 533K(640K)->533K(640K)
[5.069s][info][gc             ] GC(101) Pause Full (Ergonomics) 784M->783M(961M) 261.135ms
[5.069s][info][gc,cpu         ] GC(101) User=1.66s Sys=0.00s Real=0.26s
[5.083s][info][gc,start       ] GC(102) Pause Young (Allocation Failure)
[5.096s][info][gc,heap        ] GC(102) PSYoungGen: 10240K(97280K)->10368K(94720K) Eden: 10240K(10240K)->0K(11264K) From: 0K(87040K)->10368K(83456K)
[5.096s][info][gc,heap        ] GC(102) ParOldGen: 802127K(887296K)->802127K(887296K)
[5.096s][info][gc,metaspace   ] GC(102) Metaspace: 6298K(6464K)->6298K(6464K) NonClass: 5764K(5824K)->5764K(5824K) Class: 533K(640K)->533K(640K)
[5.096s][info][gc             ] GC(102) Pause Young (Allocation Failure) 793M->793M(959M) 12.861ms
[5.096s][info][gc,cpu         ] GC(102) User=0.00s Sys=0.00s Real=0.01s
[5.108s][info][gc,start       ] GC(103) Pause Young (Allocation Failure)
[5.122s][info][gc,heap        ] GC(103) PSYoungGen: 21632K(94720K)->21632K(33280K) Eden: 11264K(11264K)->0K(11264K) From: 10368K(83456K)->21632K(22016K)
[5.122s][info][gc,heap        ] GC(103) ParOldGen: 802127K(887296K)->802127K(887296K)
[5.122s][info][gc,metaspace   ] GC(103) Metaspace: 6298K(6464K)->6298K(6464K) NonClass: 5764K(5824K)->5764K(5824K) Class: 533K(640K)->533K(640K)
[5.122s][info][gc             ] GC(103) Pause Young (Allocation Failure) 804M->804M(899M) 14.603ms
[5.122s][info][gc,cpu         ] GC(103) User=0.02s Sys=0.00s Real=0.01s
[5.134s][info][gc,start       ] GC(104) Pause Young (Allocation Failure)
[5.152s][info][gc,heap        ] GC(104) PSYoungGen: 32896K(33280K)->22688K(86016K) Eden: 11264K(11264K)->0K(12800K) From: 21632K(22016K)->22688K(73216K)
[5.152s][info][gc,heap        ] GC(104) ParOldGen: 802127K(887296K)->812495K(887296K)
[5.152s][info][gc,metaspace   ] GC(104) Metaspace: 6298K(6464K)->6298K(6464K) NonClass: 5764K(5824K)->5764K(5824K) Class: 533K(640K)->533K(640K)
[5.152s][info][gc             ] GC(104) Pause Young (Allocation Failure) 815M->815M(950M) 18.322ms
[5.152s][info][gc,cpu         ] GC(104) User=0.03s Sys=0.00s Real=0.02s
[5.166s][info][gc,start       ] GC(105) Pause Young (Allocation Failure)
[5.185s][info][gc,heap        ] GC(105) PSYoungGen: 35488K(86016K)->24160K(37376K) Eden: 12800K(12800K)->0K(12800K) From: 22688K(73216K)->24160K(24576K)
[5.185s][info][gc,heap        ] GC(105) ParOldGen: 812495K(887296K)->823911K(887296K)
[5.185s][info][gc,metaspace   ] GC(105) Metaspace: 6298K(6464K)->6298K(6464K) NonClass: 5764K(5824K)->5764K(5824K) Class: 533K(640K)->533K(640K)
[5.185s][info][gc             ] GC(105) Pause Young (Allocation Failure) 828M->828M(903M) 19.047ms
[5.185s][info][gc,cpu         ] GC(105) User=0.11s Sys=0.02s Real=0.02s
[5.198s][info][gc,start       ] GC(106) Pause Young (Allocation Failure)
[5.218s][info][gc,heap        ] GC(106) PSYoungGen: 36960K(37376K)->25760K(79872K) Eden: 12800K(12800K)->0K(14336K) From: 24160K(24576K)->25760K(65536K)
[5.218s][info][gc,heap        ] GC(106) ParOldGen: 823911K(887296K)->835335K(887296K)
[5.218s][info][gc,metaspace   ] GC(106) Metaspace: 6298K(6464K)->6298K(6464K) NonClass: 5764K(5824K)->5764K(5824K) Class: 533K(640K)->533K(640K)
[5.218s][info][gc             ] GC(106) Pause Young (Allocation Failure) 840M->840M(944M) 19.992ms
[5.219s][info][gc,cpu         ] GC(106) User=0.02s Sys=0.00s Real=0.02s
[5.234s][info][gc,start       ] GC(107) Pause Young (Allocation Failure)
[5.255s][info][gc,heap        ] GC(107) PSYoungGen: 40096K(79872K)->27232K(41984K) Eden: 14336K(14336K)->0K(14336K) From: 25760K(65536K)->27232K(27648K)
[5.255s][info][gc,heap        ] GC(107) ParOldGen: 835335K(887296K)->848327K(887296K)
[5.255s][info][gc,metaspace   ] GC(107) Metaspace: 6298K(6464K)->6298K(6464K) NonClass: 5764K(5824K)->5764K(5824K) Class: 533K(640K)->533K(640K)
[5.255s][info][gc             ] GC(107) Pause Young (Allocation Failure) 854M->855M(907M) 21.577ms
[5.255s][info][gc,cpu         ] GC(107) User=0.03s Sys=0.00s Real=0.02s
[5.271s][info][gc,start       ] GC(108) Pause Young (Allocation Failure)
[5.293s][info][gc,heap        ] GC(108) PSYoungGen: 41568K(41984K)->28768K(74752K) Eden: 14336K(14336K)->0K(16384K) From: 27232K(27648K)->28768K(58368K)
[5.293s][info][gc,heap        ] GC(108) ParOldGen: 848327K(887296K)->861311K(887296K)
[5.293s][info][gc,metaspace   ] GC(108) Metaspace: 6298K(6464K)->6298K(6464K) NonClass: 5764K(5824K)->5764K(5824K) Class: 533K(640K)->533K(640K)
[5.293s][info][gc             ] GC(108) Pause Young (Allocation Failure) 869M->869M(939M) 22.104ms
[5.293s][info][gc,cpu         ] GC(108) User=0.08s Sys=0.05s Real=0.02s
[5.310s][info][gc,start       ] GC(109) Pause Young (Allocation Failure)
[5.334s][info][gc,heap        ] GC(109) PSYoungGen: 45152K(74752K)->30816K(78336K) Eden: 16384K(16384K)->0K(16384K) From: 28768K(58368K)->30816K(61952K)
[5.334s][info][gc,heap        ] GC(109) ParOldGen: 861311K(887296K)->875831K(887296K)
[5.334s][info][gc,metaspace   ] GC(109) Metaspace: 6298K(6464K)->6298K(6464K) NonClass: 5764K(5824K)->5764K(5824K) Class: 533K(640K)->533K(640K)
[5.334s][info][gc             ] GC(109) Pause Young (Allocation Failure) 885M->885M(943M) 24.042ms
[5.334s][info][gc,cpu         ] GC(109) User=0.14s Sys=0.00s Real=0.02s
[5.334s][info][gc,start       ] GC(110) Pause Full (Ergonomics)
[5.334s][info][gc,phases,start] GC(110) Marking Phase
[5.534s][info][gc,phases      ] GC(110) Marking Phase 199.495ms
[5.534s][info][gc,phases,start] GC(110) Summary Phase
[5.534s][info][gc,phases      ] GC(110) Summary Phase 0.023ms
[5.534s][info][gc,phases,start] GC(110) Adjust Roots
[5.534s][info][gc,phases      ] GC(110) Adjust Roots 0.148ms
[5.534s][info][gc,phases,start] GC(110) Compaction Phase
[5.639s][info][gc,phases      ] GC(110) Compaction Phase 105.229ms
[5.640s][info][gc,phases,start] GC(110) Post Compact
[5.641s][info][gc,phases      ] GC(110) Post Compact 1.565ms
[5.641s][info][gc,heap        ] GC(110) PSYoungGen: 30816K(78336K)->18387K(78336K) Eden: 0K(16384K)->0K(16384K) From: 30816K(61952K)->18387K(61952K)
[5.642s][info][gc,heap        ] GC(110) ParOldGen: 875831K(887296K)->886913K(975360K)
[5.642s][info][gc,metaspace   ] GC(110) Metaspace: 6298K(6464K)->6298K(6464K) NonClass: 5764K(5824K)->5764K(5824K) Class: 533K(640K)->533K(640K)
[5.642s][info][gc             ] GC(110) Pause Full (Ergonomics) 885M->884M(1029M) 307.118ms
[5.642s][info][gc,cpu         ] GC(110) User=1.95s Sys=0.02s Real=0.31s
[5.662s][info][gc,start       ] GC(111) Pause Young (Allocation Failure)
[5.716s][info][gc,heap        ] GC(111) PSYoungGen: 34771K(78336K)->26432K(72192K) Eden: 16384K(16384K)->0K(18432K) From: 18387K(61952K)->26432K(53760K)
[5.716s][info][gc,heap        ] GC(111) ParOldGen: 886913K(975360K)->895521K(975360K)
[5.716s][info][gc,metaspace   ] GC(111) Metaspace: 6298K(6464K)->6298K(6464K) NonClass: 5764K(5824K)->5764K(5824K) Class: 533K(640K)->533K(640K)
[5.716s][info][gc             ] GC(111) Pause Young (Allocation Failure) 900M->900M(1023M) 54.056ms
[5.716s][info][gc,cpu         ] GC(111) User=0.28s Sys=0.09s Real=0.06s
[5.736s][info][gc,start       ] GC(112) Pause Young (Allocation Failure)
[5.759s][info][gc,heap        ] GC(112) PSYoungGen: 44864K(72192K)->44928K(75264K) Eden: 18432K(18432K)->0K(18432K) From: 26432K(53760K)->44928K(56832K)
[5.759s][info][gc,heap        ] GC(112) ParOldGen: 895521K(975360K)->895521K(975360K)
[5.760s][info][gc,metaspace   ] GC(112) Metaspace: 6298K(6464K)->6298K(6464K) NonClass: 5764K(5824K)->5764K(5824K) Class: 533K(640K)->533K(640K)
[5.760s][info][gc             ] GC(112) Pause Young (Allocation Failure) 918M->918M(1026M) 23.795ms
[5.760s][info][gc,cpu         ] GC(112) User=0.14s Sys=0.00s Real=0.02s
[5.780s][info][gc,start       ] GC(113) Pause Young (Allocation Failure)
[5.812s][info][gc,heap        ] GC(113) PSYoungGen: 63360K(75264K)->53376K(75264K) Eden: 18432K(18432K)->0K(14848K) From: 44928K(56832K)->53376K(60416K)
[5.812s][info][gc,heap        ] GC(113) ParOldGen: 895521K(975360K)->905601K(975360K)
[5.812s][info][gc,metaspace   ] GC(113) Metaspace: 6298K(6464K)->6298K(6464K) NonClass: 5764K(5824K)->5764K(5824K) Class: 533K(640K)->533K(640K)
[5.812s][info][gc             ] GC(113) Pause Young (Allocation Failure) 936M->936M(1026M) 31.486ms
[5.812s][info][gc,cpu         ] GC(113) User=0.14s Sys=0.00s Real=0.03s
[5.828s][info][gc,start       ] GC(114) Pause Young (Allocation Failure)
[5.861s][info][gc,heap        ] GC(114) PSYoungGen: 68224K(75264K)->51840K(80896K) Eden: 14848K(14848K)->0K(14848K) From: 53376K(60416K)->51840K(66048K)
[5.861s][info][gc,heap        ] GC(114) ParOldGen: 905601K(975360K)->922209K(975360K)
[5.861s][info][gc,metaspace   ] GC(114) Metaspace: 6298K(6464K)->6298K(6464K) NonClass: 5764K(5824K)->5764K(5824K) Class: 533K(640K)->533K(640K)
[5.861s][info][gc             ] GC(114) Pause Young (Allocation Failure) 951M->951M(1031M) 33.221ms
[5.861s][info][gc,cpu         ] GC(114) User=0.16s Sys=0.00s Real=0.03s
[5.879s][info][gc,start       ] GC(115) Pause Young (Allocation Failure)
[5.911s][info][gc,heap        ] GC(115) PSYoungGen: 66688K(80896K)->48256K(84480K) Eden: 14848K(14848K)->0K(14848K) From: 51840K(66048K)->48256K(69632K)
[5.911s][info][gc,heap        ] GC(115) ParOldGen: 922209K(975360K)->940905K(975360K)
[5.911s][info][gc,metaspace   ] GC(115) Metaspace: 6298K(6464K)->6298K(6464K) NonClass: 5764K(5824K)->5764K(5824K) Class: 533K(640K)->533K(640K)
[5.911s][info][gc             ] GC(115) Pause Young (Allocation Failure) 965M->965M(1035M) 32.636ms
[5.911s][info][gc,cpu         ] GC(115) User=0.14s Sys=0.02s Real=0.03s
[5.928s][info][gc,start       ] GC(116) Pause Young (Allocation Failure)
[5.960s][info][gc,heap        ] GC(116) PSYoungGen: 63104K(84480K)->29792K(45056K) Eden: 14848K(14848K)->0K(14848K) From: 48256K(69632K)->29792K(30208K)
[5.960s][info][gc,heap        ] GC(116) ParOldGen: 940905K(975360K)->974617K(975360K)
[5.960s][info][gc,metaspace   ] GC(116) Metaspace: 6298K(6464K)->6298K(6464K) NonClass: 5764K(5824K)->5764K(5824K) Class: 533K(640K)->533K(640K)
[5.960s][info][gc             ] GC(116) Pause Young (Allocation Failure) 980M->980M(996M) 32.374ms
[5.960s][info][gc,cpu         ] GC(116) User=0.11s Sys=0.03s Real=0.03s
[5.961s][info][gc,start       ] GC(117) Pause Full (Ergonomics)
[5.961s][info][gc,phases,start] GC(117) Marking Phase
[6.179s][info][gc,phases      ] GC(117) Marking Phase 218.355ms
[6.179s][info][gc,phases,start] GC(117) Summary Phase
[6.179s][info][gc,phases      ] GC(117) Summary Phase 0.024ms
[6.179s][info][gc,phases,start] GC(117) Adjust Roots
[6.179s][info][gc,phases      ] GC(117) Adjust Roots 0.168ms
[6.179s][info][gc,phases,start] GC(117) Compaction Phase
[6.285s][info][gc,phases      ] GC(117) Compaction Phase 105.661ms
[6.285s][info][gc,phases,start] GC(117) Post Compact
[6.287s][info][gc,phases      ] GC(117) Post Compact 1.816ms
[6.287s][info][gc,heap        ] GC(117) PSYoungGen: 29792K(45056K)->27592K(45056K) Eden: 0K(14848K)->0K(14848K) From: 29792K(30208K)->27592K(30208K)
[6.287s][info][gc,heap        ] GC(117) ParOldGen: 974617K(975360K)->975322K(1079296K)
[6.287s][info][gc,metaspace   ] GC(117) Metaspace: 6298K(6464K)->6298K(6464K) NonClass: 5764K(5824K)->5764K(5824K) Class: 533K(640K)->533K(640K)
[6.287s][info][gc             ] GC(117) Pause Full (Ergonomics) 980M->979M(1098M) 326.868ms
[6.287s][info][gc,cpu         ] GC(117) User=2.16s Sys=0.00s Real=0.33s
[6.309s][info][gc,start       ] GC(118) Pause Young (Allocation Failure)
[6.370s][info][gc,heap        ] GC(118) PSYoungGen: 42440K(45056K)->14944K(84992K) Eden: 14848K(14848K)->0K(16384K) From: 27592K(30208K)->14944K(68608K)
[6.370s][info][gc,heap        ] GC(118) ParOldGen: 975322K(1079296K)->1003322K(1079296K)
[6.370s][info][gc,metaspace   ] GC(118) Metaspace: 6298K(6464K)->6298K(6464K) NonClass: 5764K(5824K)->5764K(5824K) Class: 533K(640K)->533K(640K)
[6.370s][info][gc             ] GC(118) Pause Young (Allocation Failure) 993M->994M(1137M) 60.934ms
[6.370s][info][gc,cpu         ] GC(118) User=0.33s Sys=0.06s Real=0.06s
[6.388s][info][gc,start       ] GC(119) Pause Young (Allocation Failure)
[6.407s][info][gc,heap        ] GC(119) PSYoungGen: 31328K(84992K)->16512K(85504K) Eden: 16384K(16384K)->0K(16384K) From: 14944K(68608K)->16512K(69120K)
[6.408s][info][gc,heap        ] GC(119) ParOldGen: 1003322K(1079296K)->1018378K(1079296K)
[6.408s][info][gc,metaspace   ] GC(119) Metaspace: 6298K(6464K)->6298K(6464K) NonClass: 5764K(5824K)->5764K(5824K) Class: 533K(640K)->533K(640K)
[6.408s][info][gc             ] GC(119) Pause Young (Allocation Failure) 1010M->1010M(1137M) 19.806ms
[6.408s][info][gc,cpu         ] GC(119) User=0.02s Sys=0.00s Real=0.02s
[6.426s][info][gc,start       ] GC(120) Pause Young (Allocation Failure)
[6.445s][info][gc,heap        ] GC(120) PSYoungGen: 32896K(85504K)->16544K(84480K) Eden: 16384K(16384K)->0K(18432K) From: 16512K(69120K)->16544K(66048K)
[6.445s][info][gc,heap        ] GC(120) ParOldGen: 1018378K(1079296K)->1034986K(1079296K)
[6.445s][info][gc,metaspace   ] GC(120) Metaspace: 6298K(6464K)->6298K(6464K) NonClass: 5764K(5824K)->5764K(5824K) Class: 533K(640K)->533K(640K)
[6.445s][info][gc             ] GC(120) Pause Young (Allocation Failure) 1026M->1026M(1136M) 19.529ms
[6.445s][info][gc,cpu         ] GC(120) User=0.11s Sys=0.02s Real=0.02s
[6.465s][info][gc,start       ] GC(121) Pause Young (Allocation Failure)
[6.486s][info][gc,heap        ] GC(121) PSYoungGen: 34976K(84480K)->18592K(85504K) Eden: 18432K(18432K)->0K(18432K) From: 16544K(66048K)->18592K(67072K)
[6.486s][info][gc,heap        ] GC(121) ParOldGen: 1034986K(1079296K)->1051610K(1079296K)
[6.486s][info][gc,metaspace   ] GC(121) Metaspace: 6298K(6464K)->6298K(6464K) NonClass: 5764K(5824K)->5764K(5824K) Class: 533K(640K)->533K(640K)
[6.486s][info][gc             ] GC(121) Pause Young (Allocation Failure) 1044M->1045M(1137M) 20.758ms
[6.486s][info][gc,cpu         ] GC(121) User=0.12s Sys=0.00s Real=0.02s
[6.486s][info][gc,start       ] GC(122) Pause Full (Ergonomics)
[6.486s][info][gc,phases,start] GC(122) Marking Phase
[6.737s][info][gc,phases      ] GC(122) Marking Phase 251.325ms
[6.737s][info][gc,phases,start] GC(122) Summary Phase
[6.737s][info][gc,phases      ] GC(122) Summary Phase 0.038ms
[6.737s][info][gc,phases,start] GC(122) Adjust Roots
[6.737s][info][gc,phases      ] GC(122) Adjust Roots 0.175ms
[6.737s][info][gc,phases,start] GC(122) Compaction Phase
[6.835s][info][gc,phases      ] GC(122) Compaction Phase 97.301ms
[6.835s][info][gc,phases,start] GC(122) Post Compact
[6.836s][info][gc,phases      ] GC(122) Post Compact 1.749ms
[6.837s][info][gc,heap        ] GC(122) PSYoungGen: 18592K(85504K)->0K(86016K) Eden: 0K(18432K)->0K(20480K) From: 18592K(67072K)->0K(65536K)
[6.837s][info][gc,heap        ] GC(122) ParOldGen: 1051610K(1079296K)->1068841K(1180672K)
[6.837s][info][gc,metaspace   ] GC(122) Metaspace: 6298K(6464K)->6298K(6464K) NonClass: 5764K(5824K)->5764K(5824K) Class: 533K(640K)->533K(640K)
[6.837s][info][gc             ] GC(122) Pause Full (Ergonomics) 1045M->1043M(1237M) 351.336ms
[6.837s][info][gc,cpu         ] GC(122) User=2.53s Sys=0.03s Real=0.35s
[6.865s][info][gc,start       ] GC(123) Pause Young (Allocation Failure)
[6.881s][info][gc,heap        ] GC(123) PSYoungGen: 20480K(86016K)->20608K(41472K) Eden: 20480K(20480K)->0K(20480K) From: 0K(65536K)->20608K(20992K)
[6.881s][info][gc,heap        ] GC(123) ParOldGen: 1068841K(1180672K)->1068841K(1180672K)
[6.881s][info][gc,metaspace   ] GC(123) Metaspace: 6298K(6464K)->6298K(6464K) NonClass: 5764K(5824K)->5764K(5824K) Class: 533K(640K)->533K(640K)
[6.881s][info][gc             ] GC(123) Pause Young (Allocation Failure) 1063M->1063M(1193M) 15.623ms
[6.881s][info][gc,cpu         ] GC(123) User=0.02s Sys=0.00s Real=0.02s
[6.904s][info][gc,start       ] GC(124) Pause Young (Allocation Failure)
[6.926s][info][gc,heap        ] GC(124) PSYoungGen: 41088K(41472K)->41152K(83968K) Eden: 20480K(20480K)->0K(20992K) From: 20608K(20992K)->41152K(62976K)
[6.926s][info][gc,heap        ] GC(124) ParOldGen: 1068841K(1180672K)->1068841K(1180672K)
[6.926s][info][gc,metaspace   ] GC(124) Metaspace: 6298K(6464K)->6298K(6464K) NonClass: 5764K(5824K)->5764K(5824K) Class: 533K(640K)->533K(640K)
[6.926s][info][gc             ] GC(124) Pause Young (Allocation Failure) 1083M->1083M(1235M) 22.282ms
[6.926s][info][gc,cpu         ] GC(124) User=0.14s Sys=0.00s Real=0.02s
[6.948s][info][gc,start       ] GC(125) Pause Young (Allocation Failure)
[6.981s][info][gc,heap        ] GC(125) PSYoungGen: 62144K(83968K)->62112K(85504K) Eden: 20992K(20992K)->0K(20992K) From: 41152K(62976K)->62112K(64512K)
[6.981s][info][gc,heap        ] GC(125) ParOldGen: 1068841K(1180672K)->1068841K(1180672K)
[6.981s][info][gc,metaspace   ] GC(125) Metaspace: 6298K(6464K)->6298K(6464K) NonClass: 5764K(5824K)->5764K(5824K) Class: 533K(640K)->533K(640K)
[6.981s][info][gc             ] GC(125) Pause Young (Allocation Failure) 1104M->1104M(1236M) 32.425ms
[6.981s][info][gc,cpu         ] GC(125) User=0.16s Sys=0.00s Real=0.03s
[7.003s][info][gc,start       ] GC(126) Pause Young (Allocation Failure)
[7.043s][info][gc,heap        ] GC(126) PSYoungGen: 83104K(85504K)->73216K(82432K) Eden: 20992K(20992K)->0K(9216K) From: 62112K(64512K)->73216K(73216K)
[7.044s][info][gc,heap        ] GC(126) ParOldGen: 1068841K(1180672K)->1078745K(1180672K)
[7.044s][info][gc,metaspace   ] GC(126) Metaspace: 6298K(6464K)->6298K(6464K) NonClass: 5764K(5824K)->5764K(5824K) Class: 533K(640K)->533K(640K)
[7.044s][info][gc             ] GC(126) Pause Young (Allocation Failure) 1124M->1124M(1233M) 40.474ms
[7.044s][info][gc,cpu         ] GC(126) User=0.22s Sys=0.03s Real=0.04s
[7.054s][info][gc,start       ] GC(127) Pause Young (Allocation Failure)
[7.093s][info][gc,heap        ] GC(127) PSYoungGen: 82432K(82432K)->46688K(96768K) Eden: 9216K(9216K)->0K(9216K) From: 73216K(73216K)->46688K(87552K)
[7.093s][info][gc,heap        ] GC(127) ParOldGen: 1078745K(1180672K)->1115081K(1180672K)
[7.093s][info][gc,metaspace   ] GC(127) Metaspace: 6298K(6464K)->6298K(6464K) NonClass: 5764K(5824K)->5764K(5824K) Class: 533K(640K)->533K(640K)
[7.093s][info][gc             ] GC(127) Pause Young (Allocation Failure) 1133M->1134M(1247M) 38.967ms
[7.093s][info][gc,cpu         ] GC(127) User=0.25s Sys=0.00s Real=0.04s
[7.104s][info][gc,start       ] GC(128) Pause Young (Allocation Failure)
[7.132s][info][gc,heap        ] GC(128) PSYoungGen: 55904K(96768K)->36928K(88576K) Eden: 9216K(9216K)->0K(10752K) From: 46688K(87552K)->36928K(77824K)
[7.132s][info][gc,heap        ] GC(128) ParOldGen: 1115081K(1180672K)->1134257K(1180672K)
[7.132s][info][gc,metaspace   ] GC(128) Metaspace: 6298K(6464K)->6298K(6464K) NonClass: 5764K(5824K)->5764K(5824K) Class: 533K(640K)->533K(640K)
[7.132s][info][gc             ] GC(128) Pause Young (Allocation Failure) 1143M->1143M(1239M) 27.828ms
[7.132s][info][gc,cpu         ] GC(128) User=0.14s Sys=0.00s Real=0.03s
[7.145s][info][gc,start       ] GC(129) Pause Young (Allocation Failure)
[7.170s][info][gc,heap        ] GC(129) PSYoungGen: 47680K(88576K)->20064K(92672K) Eden: 10752K(10752K)->0K(10752K) From: 36928K(77824K)->20064K(81920K)
[7.170s][info][gc,heap        ] GC(129) ParOldGen: 1134257K(1180672K)->1162225K(1180672K)
[7.170s][info][gc,metaspace   ] GC(129) Metaspace: 6298K(6464K)->6298K(6464K) NonClass: 5764K(5824K)->5764K(5824K) Class: 533K(640K)->533K(640K)
[7.170s][info][gc             ] GC(129) Pause Young (Allocation Failure) 1154M->1154M(1243M) 25.146ms
[7.170s][info][gc,cpu         ] GC(129) User=0.11s Sys=0.02s Real=0.03s
[7.170s][info][gc,start       ] GC(130) Pause Full (Ergonomics)
[7.170s][info][gc,phases,start] GC(130) Marking Phase
[7.438s][info][gc,phases      ] GC(130) Marking Phase 268.051ms
[7.438s][info][gc,phases,start] GC(130) Summary Phase
[7.438s][info][gc,phases      ] GC(130) Summary Phase 0.027ms
[7.438s][info][gc,phases,start] GC(130) Adjust Roots
[7.438s][info][gc,phases      ] GC(130) Adjust Roots 0.150ms
[7.439s][info][gc,phases,start] GC(130) Compaction Phase
[7.553s][info][gc,phases      ] GC(130) Compaction Phase 114.068ms
[7.553s][info][gc,phases,start] GC(130) Post Compact
[7.555s][info][gc,phases      ] GC(130) Post Compact 1.988ms
[7.555s][info][gc,heap        ] GC(130) PSYoungGen: 20064K(92672K)->79K(92672K) Eden: 0K(10752K)->0K(10752K) From: 20064K(81920K)->79K(81920K)
[7.555s][info][gc,heap        ] GC(130) ParOldGen: 1162225K(1180672K)->1180664K(1307136K)
[7.555s][info][gc,metaspace   ] GC(130) Metaspace: 6298K(6464K)->6298K(6464K) NonClass: 5764K(5824K)->5764K(5824K) Class: 533K(640K)->533K(640K)
[7.555s][info][gc             ] GC(130) Pause Full (Ergonomics) 1154M->1153M(1367M) 385.041ms
[7.555s][info][gc,cpu         ] GC(130) User=2.88s Sys=0.02s Real=0.38s
[7.571s][info][gc,start       ] GC(131) Pause Young (Allocation Failure)
[7.630s][info][gc,heap        ] GC(131) PSYoungGen: 10831K(92672K)->10880K(92160K) Eden: 10752K(10752K)->0K(12288K) From: 79K(81920K)->10880K(79872K)
[7.630s][info][gc,heap        ] GC(131) ParOldGen: 1180664K(1307136K)->1180776K(1307136K)
[7.630s][info][gc,metaspace   ] GC(131) Metaspace: 6298K(6464K)->6298K(6464K) NonClass: 5764K(5824K)->5764K(5824K) Class: 533K(640K)->533K(640K)
[7.630s][info][gc             ] GC(131) Pause Young (Allocation Failure) 1163M->1163M(1366M) 58.987ms
[7.630s][info][gc,cpu         ] GC(131) User=0.39s Sys=0.00s Real=0.06s
[7.645s][info][gc,start       ] GC(132) Pause Young (Allocation Failure)
[7.662s][info][gc,heap        ] GC(132) PSYoungGen: 23168K(92160K)->12416K(92672K) Eden: 12288K(12288K)->0K(12288K) From: 10880K(79872K)->12416K(80384K)
[7.662s][info][gc,heap        ] GC(132) ParOldGen: 1180776K(1307136K)->1191696K(1307136K)
[7.662s][info][gc,metaspace   ] GC(132) Metaspace: 6298K(6464K)->6298K(6464K) NonClass: 5764K(5824K)->5764K(5824K) Class: 533K(640K)->533K(640K)
[7.662s][info][gc             ] GC(132) Pause Young (Allocation Failure) 1175M->1175M(1367M) 16.643ms
[7.662s][info][gc,cpu         ] GC(132) User=0.02s Sys=0.00s Real=0.02s
[7.676s][info][gc,start       ] GC(133) Pause Young (Allocation Failure)
[7.694s][info][gc,heap        ] GC(133) PSYoungGen: 24704K(92672K)->12416K(90112K) Eden: 12288K(12288K)->0K(13824K) From: 12416K(80384K)->12416K(76288K)
[7.694s][info][gc,heap        ] GC(133) ParOldGen: 1191696K(1307136K)->1204152K(1307136K)
[7.694s][info][gc,metaspace   ] GC(133) Metaspace: 6298K(6464K)->6298K(6464K) NonClass: 5764K(5824K)->5764K(5824K) Class: 533K(640K)->533K(640K)
[7.694s][info][gc             ] GC(133) Pause Young (Allocation Failure) 1187M->1188M(1364M) 17.806ms
[7.694s][info][gc,cpu         ] GC(133) User=0.02s Sys=0.02s Real=0.02s
[7.711s][info][gc,start       ] GC(134) Pause Young (Allocation Failure)
[7.729s][info][gc,heap        ] GC(134) PSYoungGen: 26240K(90112K)->13952K(91648K) Eden: 13824K(13824K)->0K(13824K) From: 12416K(76288K)->13952K(77824K)
[7.729s][info][gc,heap        ] GC(134) ParOldGen: 1204152K(1307136K)->1216608K(1307136K)
[7.729s][info][gc,metaspace   ] GC(134) Metaspace: 6298K(6464K)->6298K(6464K) NonClass: 5764K(5824K)->5764K(5824K) Class: 533K(640K)->533K(640K)
[7.729s][info][gc             ] GC(134) Pause Young (Allocation Failure) 1201M->1201M(1366M) 18.240ms
[7.729s][info][gc,cpu         ] GC(134) User=0.02s Sys=0.00s Real=0.02s
[7.745s][info][gc,start       ] GC(135) Pause Young (Allocation Failure)
[7.763s][info][gc,heap        ] GC(135) PSYoungGen: 27776K(91648K)->13952K(87552K) Eden: 13824K(13824K)->0K(15872K) From: 13952K(77824K)->13952K(71680K)
[7.763s][info][gc,heap        ] GC(135) ParOldGen: 1216608K(1307136K)->1230616K(1307136K)
[7.763s][info][gc,metaspace   ] GC(135) Metaspace: 6298K(6464K)->6298K(6464K) NonClass: 5764K(5824K)->5764K(5824K) Class: 533K(640K)->533K(640K)
[7.763s][info][gc             ] GC(135) Pause Young (Allocation Failure) 1215M->1215M(1362M) 18.417ms
[7.763s][info][gc,cpu         ] GC(135) User=0.05s Sys=0.00s Real=0.02s
[7.782s][info][gc,start       ] GC(136) Pause Young (Allocation Failure)
[7.802s][info][gc,heap        ] GC(136) PSYoungGen: 29824K(87552K)->16000K(32256K) Eden: 15872K(15872K)->0K(15872K) From: 13952K(71680K)->16000K(16384K)
[7.802s][info][gc,heap        ] GC(136) ParOldGen: 1230616K(1307136K)->1244616K(1307136K)
[7.802s][info][gc,metaspace   ] GC(136) Metaspace: 6298K(6464K)->6298K(6464K) NonClass: 5764K(5824K)->5764K(5824K) Class: 533K(640K)->533K(640K)
[7.802s][info][gc             ] GC(136) Pause Young (Allocation Failure) 1230M->1231M(1308M) 19.982ms
[7.802s][info][gc,cpu         ] GC(136) User=0.03s Sys=0.00s Real=0.02s
[7.821s][info][gc,start       ] GC(137) Pause Young (Allocation Failure)
[7.841s][info][gc,heap        ] GC(137) PSYoungGen: 31872K(32256K)->16000K(83456K) Eden: 15872K(15872K)->0K(17920K) From: 16000K(16384K)->16000K(65536K)
[7.841s][info][gc,heap        ] GC(137) ParOldGen: 1244616K(1307136K)->1260704K(1307136K)
[7.841s][info][gc,metaspace   ] GC(137) Metaspace: 6298K(6464K)->6298K(6464K) NonClass: 5764K(5824K)->5764K(5824K) Class: 533K(640K)->533K(640K)
[7.841s][info][gc             ] GC(137) Pause Young (Allocation Failure) 1246M->1246M(1358M) 20.543ms
[7.841s][info][gc,cpu         ] GC(137) User=0.11s Sys=0.02s Real=0.02s
[7.864s][info][gc,start       ] GC(138) Pause Young (Allocation Failure)
[7.885s][info][gc,heap        ] GC(138) PSYoungGen: 33920K(83456K)->18048K(36352K) Eden: 17920K(17920K)->0K(17920K) From: 16000K(65536K)->18048K(18432K)
[7.885s][info][gc,heap        ] GC(138) ParOldGen: 1260704K(1307136K)->1276800K(1307136K)
[7.885s][info][gc,metaspace   ] GC(138) Metaspace: 6298K(6464K)->6298K(6464K) NonClass: 5764K(5824K)->5764K(5824K) Class: 533K(640K)->533K(640K)
[7.885s][info][gc             ] GC(138) Pause Young (Allocation Failure) 1264M->1264M(1312M) 21.940ms
[7.886s][info][gc,cpu         ] GC(138) User=0.12s Sys=0.00s Real=0.02s
[7.905s][info][gc,start       ] GC(139) Pause Young (Allocation Failure)
[7.925s][info][gc,heap        ] GC(139) PSYoungGen: 35968K(36352K)->13248K(79872K) Eden: 17920K(17920K)->0K(19968K) From: 18048K(18432K)->13248K(59904K)
[7.925s][info][gc,heap        ] GC(139) ParOldGen: 1276800K(1307136K)->1294984K(1307136K)
[7.925s][info][gc,metaspace   ] GC(139) Metaspace: 6298K(6464K)->6298K(6464K) NonClass: 5764K(5824K)->5764K(5824K) Class: 533K(640K)->533K(640K)
[7.926s][info][gc             ] GC(139) Pause Young (Allocation Failure) 1282M->1277M(1354M) 20.611ms
[7.926s][info][gc,cpu         ] GC(139) User=0.12s Sys=0.00s Real=0.02s
[7.926s][info][gc,start       ] GC(140) Pause Full (Ergonomics)
[7.926s][info][gc,phases,start] GC(140) Marking Phase
[8.224s][info][gc,phases      ] GC(140) Marking Phase 298.456ms
[8.224s][info][gc,phases,start] GC(140) Summary Phase
[8.224s][info][gc,phases      ] GC(140) Summary Phase 0.046ms
[8.224s][info][gc,phases,start] GC(140) Adjust Roots
[8.224s][info][gc,phases      ] GC(140) Adjust Roots 0.167ms
[8.224s][info][gc,phases,start] GC(140) Compaction Phase
[8.336s][info][gc,phases      ] GC(140) Compaction Phase 112.035ms
[8.336s][info][gc,phases,start] GC(140) Post Compact
[8.339s][info][gc,phases      ] GC(140) Post Compact 2.069ms
[8.339s][info][gc,heap        ] GC(140) PSYoungGen: 13248K(79872K)->0K(82432K) Eden: 0K(19968K)->0K(19968K) From: 13248K(59904K)->0K(62464K)
[8.339s][info][gc,heap        ] GC(140) ParOldGen: 1294984K(1307136K)->1306266K(1433600K)
[8.339s][info][gc,metaspace   ] GC(140) Metaspace: 6298K(6464K)->6298K(6464K) NonClass: 5764K(5824K)->5764K(5824K) Class: 533K(640K)->533K(640K)
[8.339s][info][gc             ] GC(140) Pause Full (Ergonomics) 1277M->1275M(1480M) 413.515ms
[8.339s][info][gc,cpu         ] GC(140) User=2.95s Sys=0.00s Real=0.41s
[8.355s][info][gc,start       ] GC(141) Pause Young (Allocation Failure)
[8.369s][info][gc,heap        ] GC(141) PSYoungGen: 19968K(82432K)->10496K(80896K) Eden: 19968K(19968K)->0K(22016K) From: 0K(62464K)->10496K(58880K)
[8.370s][info][gc,heap        ] GC(141) ParOldGen: 1306266K(1433600K)->1306266K(1433600K)
[8.370s][info][gc,metaspace   ] GC(141) Metaspace: 6298K(6464K)->6298K(6464K) NonClass: 5764K(5824K)->5764K(5824K) Class: 533K(640K)->533K(640K)
[8.370s][info][gc             ] GC(141) Pause Young (Allocation Failure) 1295M->1285M(1479M) 14.348ms
[8.370s][info][gc,cpu         ] GC(141) User=0.02s Sys=0.00s Real=0.01s
[8.400s][info][gc,start       ] GC(142) Pause Young (Allocation Failure)
[8.419s][info][gc,heap        ] GC(142) PSYoungGen: 32512K(80896K)->31840K(82944K) Eden: 22016K(22016K)->0K(22016K) From: 10496K(58880K)->31840K(60928K)
[8.419s][info][gc,heap        ] GC(142) ParOldGen: 1306266K(1433600K)->1306266K(1433600K)
[8.419s][info][gc,metaspace   ] GC(142) Metaspace: 6298K(6464K)->6298K(6464K) NonClass: 5764K(5824K)->5764K(5824K) Class: 533K(640K)->533K(640K)
[8.419s][info][gc             ] GC(142) Pause Young (Allocation Failure) 1307M->1306M(1481M) 19.786ms
[8.419s][info][gc,cpu         ] GC(142) User=0.12s Sys=0.00s Real=0.02s
[8.448s][info][gc,start       ] GC(143) Pause Young (Allocation Failure)
[8.478s][info][gc,heap        ] GC(143) PSYoungGen: 53856K(82944K)->53952K(77312K) Eden: 22016K(22016K)->0K(16384K) From: 31840K(60928K)->53952K(60928K)
[8.478s][info][gc,heap        ] GC(143) ParOldGen: 1306266K(1433600K)->1306266K(1433600K)
[8.478s][info][gc,metaspace   ] GC(143) Metaspace: 6298K(6464K)->6298K(6464K) NonClass: 5764K(5824K)->5764K(5824K) Class: 533K(640K)->533K(640K)
[8.478s][info][gc             ] GC(143) Pause Young (Allocation Failure) 1328M->1328M(1475M) 30.015ms
[8.478s][info][gc,cpu         ] GC(143) User=0.14s Sys=0.00s Real=0.03s
[8.498s][info][gc,start       ] GC(144) Pause Young (Allocation Failure)
[8.535s][info][gc,heap        ] GC(144) PSYoungGen: 70336K(77312K)->68608K(84992K) Eden: 16384K(16384K)->0K(16384K) From: 53952K(60928K)->68608K(68608K)
[8.535s][info][gc,heap        ] GC(144) ParOldGen: 1306266K(1433600K)->1307962K(1433600K)
[8.535s][info][gc,metaspace   ] GC(144) Metaspace: 6298K(6464K)->6298K(6464K) NonClass: 5764K(5824K)->5764K(5824K) Class: 533K(640K)->533K(640K)
[8.535s][info][gc             ] GC(144) Pause Young (Allocation Failure) 1344M->1344M(1483M) 36.809ms
[8.535s][info][gc,cpu         ] GC(144) User=0.16s Sys=0.00s Real=0.04s
[8.555s][info][gc,start       ] GC(145) Pause Young (Allocation Failure)
[8.599s][info][gc,heap        ] GC(145) PSYoungGen: 84992K(84992K)->54016K(95744K) Eden: 16384K(16384K)->0K(14848K) From: 68608K(68608K)->54016K(80896K)
[8.599s][info][gc,heap        ] GC(145) ParOldGen: 1307962K(1433600K)->1339338K(1433600K)
[8.599s][info][gc,metaspace   ] GC(145) Metaspace: 6298K(6464K)->6298K(6464K) NonClass: 5764K(5824K)->5764K(5824K) Class: 533K(640K)->533K(640K)
[8.599s][info][gc             ] GC(145) Pause Young (Allocation Failure) 1360M->1360M(1493M) 43.953ms
[8.599s][info][gc,cpu         ] GC(145) User=0.25s Sys=0.00s Real=0.04s
[8.618s][info][gc,start       ] GC(146) Pause Young (Allocation Failure)
[8.655s][info][gc,heap        ] GC(146) PSYoungGen: 68864K(95744K)->47360K(99328K) Eden: 14848K(14848K)->0K(14848K) From: 54016K(80896K)->47360K(84480K)
[8.655s][info][gc,heap        ] GC(146) ParOldGen: 1339338K(1433600K)->1361106K(1433600K)
[8.655s][info][gc,metaspace   ] GC(146) Metaspace: 6298K(6464K)->6298K(6464K) NonClass: 5764K(5824K)->5764K(5824K) Class: 533K(640K)->533K(640K)
[8.655s][info][gc             ] GC(146) Pause Young (Allocation Failure) 1375M->1375M(1497M) 37.557ms
[8.655s][info][gc,cpu         ] GC(146) User=0.22s Sys=0.00s Real=0.04s
[8.929s][info][gc,start       ] GC(147) Pause Full (Ergonomics)
[8.929s][info][gc,phases,start] GC(147) Marking Phase
[9.270s][info][gc,phases      ] GC(147) Marking Phase 340.779ms
[9.270s][info][gc,phases,start] GC(147) Summary Phase
[9.270s][info][gc,phases      ] GC(147) Summary Phase 0.047ms
[9.270s][info][gc,phases,start] GC(147) Adjust Roots
[9.271s][info][gc,phases      ] GC(147) Adjust Roots 0.280ms
[9.271s][info][gc,phases,start] GC(147) Compaction Phase
[9.621s][info][gc,phases      ] GC(147) Compaction Phase 350.208ms
[9.621s][info][gc,phases,start] GC(147) Post Compact
[9.625s][info][gc,phases      ] GC(147) Post Compact 3.879ms
[9.626s][info][gc,heap        ] GC(147) PSYoungGen: 62208K(99328K)->21626K(99328K) Eden: 14848K(14848K)->0K(14848K) From: 47360K(84480K)->21626K(84480K)
[9.626s][info][gc,heap        ] GC(147) ParOldGen: 1426642K(1433600K)->1433424K(1576448K)
[9.626s][info][gc,metaspace   ] GC(147) Metaspace: 6298K(6464K)->6298K(6464K) NonClass: 5764K(5824K)->5764K(5824K) Class: 533K(640K)->533K(640K)
[9.626s][info][gc             ] GC(147) Pause Full (Ergonomics) 1453M->1420M(1636M) 696.320ms
[9.626s][info][gc,cpu         ] GC(147) User=4.09s Sys=0.02s Real=0.70s
[9.642s][info][gc,start       ] GC(148) Pause Young (Allocation Failure)
[9.745s][info][gc,heap        ] GC(148) PSYoungGen: 36474K(99328K)->28512K(92160K) Eden: 14848K(14848K)->0K(16384K) From: 21626K(84480K)->28512K(75776K)
[9.745s][info][gc,heap        ] GC(148) ParOldGen: 1433424K(1576448K)->1441672K(1576448K)
[9.745s][info][gc,metaspace   ] GC(148) Metaspace: 6298K(6464K)->6298K(6464K) NonClass: 5764K(5824K)->5764K(5824K) Class: 533K(640K)->533K(640K)
[9.745s][info][gc             ] GC(148) Pause Young (Allocation Failure) 1435M->1435M(1629M) 103.428ms
[9.745s][info][gc,cpu         ] GC(148) User=0.47s Sys=0.00s Real=0.10s
[9.762s][info][gc,start       ] GC(149) Pause Young (Allocation Failure)
[9.802s][info][gc,heap        ] GC(149) PSYoungGen: 44896K(92160K)->44896K(96768K) Eden: 16384K(16384K)->0K(16384K) From: 28512K(75776K)->44896K(80384K)
[9.802s][info][gc,heap        ] GC(149) ParOldGen: 1441672K(1576448K)->1441672K(1576448K)
[9.802s][info][gc,metaspace   ] GC(149) Metaspace: 6298K(6464K)->6298K(6464K) NonClass: 5764K(5824K)->5764K(5824K) Class: 533K(640K)->533K(640K)
[9.802s][info][gc             ] GC(149) Pause Young (Allocation Failure) 1451M->1451M(1634M) 39.636ms
[9.802s][info][gc,cpu         ] GC(149) User=0.06s Sys=0.00s Real=0.04s
[9.818s][info][gc,start       ] GC(150) Pause Young (Allocation Failure)
[9.858s][info][gc,heap        ] GC(150) PSYoungGen: 61280K(96768K)->54048K(96256K) Eden: 16384K(16384K)->0K(15872K) From: 44896K(80384K)->54048K(80384K)
[9.858s][info][gc,heap        ] GC(150) ParOldGen: 1441672K(1576448K)->1449032K(1576448K)
[9.858s][info][gc,metaspace   ] GC(150) Metaspace: 6298K(6464K)->6298K(6464K) NonClass: 5764K(5824K)->5764K(5824K) Class: 533K(640K)->533K(640K)
[9.859s][info][gc             ] GC(150) Pause Young (Allocation Failure) 1467M->1467M(1633M) 40.697ms
[9.859s][info][gc,cpu         ] GC(150) User=0.11s Sys=0.00s Real=0.04s
[9.874s][info][gc,start       ] GC(151) Pause Young (Allocation Failure)
[9.917s][info][gc,heap        ] GC(151) PSYoungGen: 69920K(96256K)->63680K(98816K) Eden: 15872K(15872K)->0K(15872K) From: 54048K(80384K)->63680K(82944K)
[9.917s][info][gc,heap        ] GC(151) ParOldGen: 1449032K(1576448K)->1455416K(1576448K)
[9.917s][info][gc,metaspace   ] GC(151) Metaspace: 6298K(6464K)->6298K(6464K) NonClass: 5764K(5824K)->5764K(5824K) Class: 533K(640K)->533K(640K)
[9.917s][info][gc             ] GC(151) Pause Young (Allocation Failure) 1483M->1483M(1636M) 42.930ms
[9.917s][info][gc,cpu         ] GC(151) User=0.05s Sys=0.00s Real=0.04s
[9.932s][info][gc,start       ] GC(152) Pause Young (Allocation Failure)
[9.978s][info][gc,heap        ] GC(152) PSYoungGen: 79552K(98816K)->48320K(103424K) Eden: 15872K(15872K)->0K(18432K) From: 63680K(82944K)->48320K(84992K)
[9.978s][info][gc,heap        ] GC(152) ParOldGen: 1455416K(1576448K)->1487040K(1576448K)
[9.978s][info][gc,metaspace   ] GC(152) Metaspace: 6298K(6464K)->6298K(6464K) NonClass: 5764K(5824K)->5764K(5824K) Class: 533K(640K)->533K(640K)
[9.978s][info][gc             ] GC(152) Pause Young (Allocation Failure) 1498M->1499M(1640M) 45.859ms
[9.978s][info][gc,cpu         ] GC(152) User=0.20s Sys=0.00s Real=0.05s
[10.000s][info][gc,start       ] GC(153) Pause Young (Allocation Failure)
[10.037s][info][gc,heap        ] GC(153) PSYoungGen: 66752K(103424K)->34432K(53248K) Eden: 18432K(18432K)->0K(18432K) From: 48320K(84992K)->34432K(34816K)
[10.037s][info][gc,heap        ] GC(153) ParOldGen: 1487040K(1576448K)->1519696K(1576448K)
[10.037s][info][gc,metaspace   ] GC(153) Metaspace: 6298K(6464K)->6298K(6464K) NonClass: 5764K(5824K)->5764K(5824K) Class: 533K(640K)->533K(640K)
[10.037s][info][gc             ] GC(153) Pause Young (Allocation Failure) 1517M->1517M(1591M) 37.542ms
[10.037s][info][gc,cpu         ] GC(153) User=0.23s Sys=0.02s Real=0.04s
[10.058s][info][gc,start       ] GC(154) Pause Young (Allocation Failure)
[10.093s][info][gc,heap        ] GC(154) PSYoungGen: 52864K(53248K)->18592K(103424K) Eden: 18432K(18432K)->0K(21504K) From: 34432K(34816K)->18592K(81920K)
[10.093s][info][gc,heap        ] GC(154) ParOldGen: 1519696K(1576448K)->1554424K(1576448K)
[10.093s][info][gc,metaspace   ] GC(154) Metaspace: 6298K(6464K)->6298K(6464K) NonClass: 5764K(5824K)->5764K(5824K) Class: 533K(640K)->533K(640K)
[10.093s][info][gc             ] GC(154) Pause Young (Allocation Failure) 1535M->1536M(1640M) 35.193ms
[10.093s][info][gc,cpu         ] GC(154) User=0.11s Sys=0.03s Real=0.04s
[10.093s][info][gc,start       ] GC(155) Pause Full (Ergonomics)
[10.093s][info][gc,phases,start] GC(155) Marking Phase
[10.456s][info][gc,phases      ] GC(155) Marking Phase 362.623ms
[10.456s][info][gc,phases,start] GC(155) Summary Phase
[10.456s][info][gc,phases      ] GC(155) Summary Phase 0.039ms
[10.456s][info][gc,phases,start] GC(155) Adjust Roots
[10.456s][info][gc,phases      ] GC(155) Adjust Roots 0.185ms
[10.456s][info][gc,phases,start] GC(155) Compaction Phase
[10.620s][info][gc,phases      ] GC(155) Compaction Phase 163.736ms
[10.620s][info][gc,phases,start] GC(155) Post Compact
[10.623s][info][gc,phases      ] GC(155) Post Compact 2.832ms
[10.624s][info][gc,heap        ] GC(155) PSYoungGen: 18592K(103424K)->0K(103936K) Eden: 0K(21504K)->0K(21504K) From: 18592K(81920K)->0K(82432K)
[10.624s][info][gc,heap        ] GC(155) ParOldGen: 1554424K(1576448K)->1571061K(1738240K)
[10.624s][info][gc,metaspace   ] GC(155) Metaspace: 6298K(6464K)->6298K(6464K) NonClass: 5764K(5824K)->5764K(5824K) Class: 533K(640K)->533K(640K)
[10.624s][info][gc             ] GC(155) Pause Full (Ergonomics) 1536M->1534M(1799M) 530.330ms
[10.624s][info][gc,cpu         ] GC(155) User=3.62s Sys=0.03s Real=0.53s
[10.647s][info][gc,start       ] GC(156) Pause Young (Allocation Failure)
[10.669s][info][gc,heap        ] GC(156) PSYoungGen: 21504K(103936K)->21664K(101888K) Eden: 21504K(21504K)->0K(24064K) From: 0K(82432K)->21664K(77824K)
[10.670s][info][gc,heap        ] GC(156) ParOldGen: 1571061K(1738240K)->1571061K(1738240K)
[10.670s][info][gc,metaspace   ] GC(156) Metaspace: 6298K(6464K)->6298K(6464K) NonClass: 5764K(5824K)->5764K(5824K) Class: 533K(640K)->533K(640K)
[10.670s][info][gc             ] GC(156) Pause Young (Allocation Failure) 1555M->1555M(1797M) 22.129ms
[10.670s][info][gc,cpu         ] GC(156) User=0.02s Sys=0.00s Real=0.02s
[10.694s][info][gc,start       ] GC(157) Pause Young (Allocation Failure)
[10.724s][info][gc,heap        ] GC(157) PSYoungGen: 45728K(101888K)->45760K(104448K) Eden: 24064K(24064K)->0K(24064K) From: 21664K(77824K)->45760K(80384K)
[10.724s][info][gc,heap        ] GC(157) ParOldGen: 1571061K(1738240K)->1571061K(1738240K)
[10.724s][info][gc,metaspace   ] GC(157) Metaspace: 6298K(6464K)->6298K(6464K) NonClass: 5764K(5824K)->5764K(5824K) Class: 533K(640K)->533K(640K)
[10.724s][info][gc             ] GC(157) Pause Young (Allocation Failure) 1578M->1578M(1799M) 29.738ms
[10.724s][info][gc,cpu         ] GC(157) User=0.02s Sys=0.00s Real=0.03s
[10.747s][info][gc,start       ] GC(158) Pause Young (Allocation Failure)
[10.784s][info][gc,heap        ] GC(158) PSYoungGen: 69824K(104448K)->48288K(106496K) Eden: 24064K(24064K)->0K(26624K) From: 45760K(80384K)->48288K(79872K)
[10.784s][info][gc,heap        ] GC(158) ParOldGen: 1571061K(1738240K)->1592861K(1738240K)
[10.784s][info][gc,metaspace   ] GC(158) Metaspace: 6298K(6464K)->6298K(6464K) NonClass: 5764K(5824K)->5764K(5824K) Class: 533K(640K)->533K(640K)
[10.784s][info][gc             ] GC(158) Pause Young (Allocation Failure) 1602M->1602M(1801M) 36.345ms
[10.784s][info][gc,cpu         ] GC(158) User=0.23s Sys=0.02s Real=0.04s
[10.811s][info][gc,start       ] GC(159) Pause Young (Allocation Failure)
[10.849s][info][gc,heap        ] GC(159) PSYoungGen: 74912K(106496K)->50880K(106496K) Eden: 26624K(26624K)->0K(26624K) From: 48288K(79872K)->50880K(79872K)
[10.849s][info][gc,heap        ] GC(159) ParOldGen: 1592861K(1738240K)->1617229K(1738240K)
[10.849s][info][gc,metaspace   ] GC(159) Metaspace: 6298K(6464K)->6298K(6464K) NonClass: 5764K(5824K)->5764K(5824K) Class: 533K(640K)->533K(640K)
[10.849s][info][gc             ] GC(159) Pause Young (Allocation Failure) 1628M->1629M(1801M) 38.226ms
[10.849s][info][gc,cpu         ] GC(159) User=0.25s Sys=0.02s Real=0.04s
[10.879s][info][gc,start       ] GC(160) Pause Young (Allocation Failure)
[10.920s][info][gc,heap        ] GC(160) PSYoungGen: 77504K(106496K)->53440K(109056K) Eden: 26624K(26624K)->0K(28672K) From: 50880K(79872K)->53440K(80384K)
[10.920s][info][gc,heap        ] GC(160) ParOldGen: 1617229K(1738240K)->1641613K(1738240K)
[10.920s][info][gc,metaspace   ] GC(160) Metaspace: 6298K(6464K)->6298K(6464K) NonClass: 5764K(5824K)->5764K(5824K) Class: 533K(640K)->533K(640K)
[10.920s][info][gc             ] GC(160) Pause Young (Allocation Failure) 1655M->1655M(1804M) 40.424ms
[10.920s][info][gc,cpu         ] GC(160) User=0.17s Sys=0.00s Real=0.04s
[10.949s][info][gc,start       ] GC(161) Pause Young (Allocation Failure)
[10.992s][info][gc,heap        ] GC(161) PSYoungGen: 82112K(109056K)->55488K(110080K) Eden: 28672K(28672K)->0K(28672K) From: 53440K(80384K)->55488K(81408K)
[10.992s][info][gc,heap        ] GC(161) ParOldGen: 1641613K(1738240K)->1668605K(1738240K)
[10.992s][info][gc,metaspace   ] GC(161) Metaspace: 6298K(6464K)->6298K(6464K) NonClass: 5764K(5824K)->5764K(5824K) Class: 533K(640K)->533K(640K)
[10.992s][info][gc             ] GC(161) Pause Young (Allocation Failure) 1683M->1683M(1805M) 42.910ms
[10.992s][info][gc,cpu         ] GC(161) User=0.25s Sys=0.02s Real=0.04s
[11.027s][info][gc,start       ] GC(162) Pause Young (Allocation Failure)
[11.071s][info][gc,heap        ] GC(162) PSYoungGen: 84160K(110080K)->57568K(113664K) Eden: 28672K(28672K)->0K(30720K) From: 55488K(81408K)->57568K(82944K)
[11.071s][info][gc,heap        ] GC(162) ParOldGen: 1668605K(1738240K)->1695597K(1738240K)
[11.071s][info][gc,metaspace   ] GC(162) Metaspace: 6298K(6464K)->6298K(6464K) NonClass: 5764K(5824K)->5764K(5824K) Class: 533K(640K)->533K(640K)
[11.071s][info][gc             ] GC(162) Pause Young (Allocation Failure) 1711M->1712M(1808M) 44.590ms
[11.071s][info][gc,cpu         ] GC(162) User=0.14s Sys=0.03s Real=0.05s
[11.071s][info][gc,start       ] GC(163) Pause Full (Ergonomics)
[11.071s][info][gc,phases,start] GC(163) Marking Phase
[11.499s][info][gc,phases      ] GC(163) Marking Phase 427.766ms
[11.499s][info][gc,phases,start] GC(163) Summary Phase
[11.499s][info][gc,phases      ] GC(163) Summary Phase 0.037ms
[11.499s][info][gc,phases,start] GC(163) Adjust Roots
[11.499s][info][gc,phases      ] GC(163) Adjust Roots 0.166ms
[11.499s][info][gc,phases,start] GC(163) Compaction Phase
[11.705s][info][gc,phases      ] GC(163) Compaction Phase 205.213ms
[11.705s][info][gc,phases,start] GC(163) Post Compact
[11.708s][info][gc,phases      ] GC(163) Post Compact 3.475ms
[11.709s][info][gc,heap        ] GC(163) PSYoungGen: 57568K(113664K)->12830K(113664K) Eden: 0K(30720K)->0K(30720K) From: 57568K(82944K)->12830K(82944K)
[11.709s][info][gc,heap        ] GC(163) ParOldGen: 1695597K(1738240K)->1738236K(1843200K)
[11.709s][info][gc,metaspace   ] GC(163) Metaspace: 6298K(6464K)->6298K(6464K) NonClass: 5764K(5824K)->5764K(5824K) Class: 533K(640K)->533K(640K)
[11.709s][info][gc             ] GC(163) Pause Full (Ergonomics) 1712M->1710M(1911M) 637.394ms
[11.709s][info][gc,cpu         ] GC(163) User=3.94s Sys=0.06s Real=0.64s
[11.744s][info][gc,start       ] GC(164) Pause Young (Allocation Failure)
[11.859s][info][gc,heap        ] GC(164) PSYoungGen: 43550K(113664K)->37792K(115200K) Eden: 30720K(30720K)->0K(30720K) From: 12830K(82944K)->37792K(84480K)
[11.859s][info][gc,heap        ] GC(164) ParOldGen: 1738236K(1843200K)->1744212K(1843200K)
[11.859s][info][gc,metaspace   ] GC(164) Metaspace: 6298K(6464K)->6298K(6464K) NonClass: 5764K(5824K)->5764K(5824K) Class: 533K(640K)->533K(640K)
[11.859s][info][gc             ] GC(164) Pause Young (Allocation Failure) 1740M->1740M(1912M) 114.931ms
[11.859s][info][gc,cpu         ] GC(164) User=0.47s Sys=0.00s Real=0.12s
[11.894s][info][gc,start       ] GC(165) Pause Young (Allocation Failure)
[11.937s][info][gc,heap        ] GC(165) PSYoungGen: 68512K(115200K)->68576K(109568K) Eden: 30720K(30720K)->0K(28160K) From: 37792K(84480K)->68576K(81408K)
[11.937s][info][gc,heap        ] GC(165) ParOldGen: 1744212K(1843200K)->1744212K(1843200K)
[11.937s][info][gc,metaspace   ] GC(165) Metaspace: 6298K(6464K)->6298K(6464K) NonClass: 5764K(5824K)->5764K(5824K) Class: 533K(640K)->533K(640K)
[11.937s][info][gc             ] GC(165) Pause Young (Allocation Failure) 1770M->1770M(1907M) 42.710ms
[11.937s][info][gc,cpu         ] GC(165) User=0.12s Sys=0.00s Real=0.04s
[11.965s][info][gc,start       ] GC(166) Pause Young (Allocation Failure)
[12.019s][info][gc,heap        ] GC(166) PSYoungGen: 96736K(109568K)->87040K(115200K) Eden: 28160K(28160K)->0K(28160K) From: 68576K(81408K)->87040K(87040K)
[12.019s][info][gc,heap        ] GC(166) ParOldGen: 1744212K(1843200K)->1753964K(1843200K)
[12.019s][info][gc,metaspace   ] GC(166) Metaspace: 6298K(6464K)->6298K(6464K) NonClass: 5764K(5824K)->5764K(5824K) Class: 533K(640K)->533K(640K)
[12.019s][info][gc             ] GC(166) Pause Young (Allocation Failure) 1797M->1797M(1912M) 54.206ms
[12.019s][info][gc,cpu         ] GC(166) User=0.20s Sys=0.00s Real=0.05s
[12.050s][info][gc,start       ] GC(167) Pause Young (Allocation Failure)
[12.108s][info][gc,heap        ] GC(167) PSYoungGen: 115200K(115200K)->81408K(126976K) Eden: 28160K(28160K)->0K(25088K) From: 87040K(87040K)->81408K(101888K)
[12.109s][info][gc,heap        ] GC(167) ParOldGen: 1753964K(1843200K)->1788308K(1843200K)
[12.109s][info][gc,metaspace   ] GC(167) Metaspace: 6298K(6464K)->6298K(6464K) NonClass: 5764K(5824K)->5764K(5824K) Class: 533K(640K)->533K(640K)
[12.109s][info][gc             ] GC(167) Pause Young (Allocation Failure) 1825M->1825M(1924M) 58.483ms
[12.109s][info][gc,cpu         ] GC(167) User=0.31s Sys=0.06s Real=0.06s
[12.137s][info][gc,start       ] GC(168) Pause Young (Allocation Failure)
[12.194s][info][gc,heap        ] GC(168) PSYoungGen: 106496K(126976K)->80064K(133120K) Eden: 25088K(25088K)->0K(25088K) From: 81408K(101888K)->80064K(108032K)
[12.194s][info][gc,heap        ] GC(168) ParOldGen: 1788308K(1843200K)->1815124K(1843200K)
[12.194s][info][gc,metaspace   ] GC(168) Metaspace: 6298K(6464K)->6298K(6464K) NonClass: 5764K(5824K)->5764K(5824K) Class: 533K(640K)->533K(640K)
[12.194s][info][gc             ] GC(168) Pause Young (Allocation Failure) 1850M->1850M(1930M) 57.319ms
[12.194s][info][gc,cpu         ] GC(168) User=0.36s Sys=0.02s Real=0.06s
[12.194s][info][gc,start       ] GC(169) Pause Full (Ergonomics)
[12.194s][info][gc,phases,start] GC(169) Marking Phase
[12.681s][info][gc,phases      ] GC(169) Marking Phase 486.663ms
[12.681s][info][gc,phases,start] GC(169) Summary Phase
[12.681s][info][gc,phases      ] GC(169) Summary Phase 0.051ms
[12.681s][info][gc,phases,start] GC(169) Adjust Roots
[12.682s][info][gc,phases      ] GC(169) Adjust Roots 0.245ms
[12.682s][info][gc,phases,start] GC(169) Compaction Phase
[12.888s][info][gc,phases      ] GC(169) Compaction Phase 206.735ms
[12.888s][info][gc,phases,start] GC(169) Post Compact
[12.893s][info][gc,phases      ] GC(169) Post Compact 4.777ms
[12.893s][info][gc,heap        ] GC(169) PSYoungGen: 80064K(133120K)->50655K(133120K) Eden: 0K(25088K)->0K(25088K) From: 80064K(108032K)->50655K(108032K)
[12.893s][info][gc,heap        ] GC(169) ParOldGen: 1815124K(1843200K)->1843097K(1843200K)
[12.893s][info][gc,metaspace   ] GC(169) Metaspace: 6298K(6464K)->6298K(6464K) NonClass: 5764K(5824K)->5764K(5824K) Class: 533K(640K)->533K(640K)
[12.893s][info][gc             ] GC(169) Pause Full (Ergonomics) 1850M->1849M(1930M) 698.821ms
[12.893s][info][gc,cpu         ] GC(169) User=4.31s Sys=0.03s Real=0.70s
[12.923s][info][gc,start       ] GC(170) Pause Full (Ergonomics)
[12.923s][info][gc,phases,start] GC(170) Marking Phase
[13.361s][info][gc,phases      ] GC(170) Marking Phase 438.393ms
[13.361s][info][gc,phases,start] GC(170) Summary Phase
[13.361s][info][gc,phases      ] GC(170) Summary Phase 0.032ms
[13.361s][info][gc,phases,start] GC(170) Adjust Roots
[13.362s][info][gc,phases      ] GC(170) Adjust Roots 0.197ms
[13.362s][info][gc,phases,start] GC(170) Compaction Phase
[13.529s][info][gc,phases      ] GC(170) Compaction Phase 166.862ms
[13.529s][info][gc,phases,start] GC(170) Post Compact
[13.534s][info][gc,phases      ] GC(170) Post Compact 5.523ms
[13.534s][info][gc,heap        ] GC(170) PSYoungGen: 75743K(133120K)->75712K(133120K) Eden: 25088K(25088K)->25056K(25088K) From: 50655K(108032K)->50655K(108032K)
[13.534s][info][gc,heap        ] GC(170) ParOldGen: 1843097K(1843200K)->1843097K(1843200K)
[13.534s][info][gc,metaspace   ] GC(170) Metaspace: 6298K(6464K)->6298K(6464K) NonClass: 5764K(5824K)->5764K(5824K) Class: 533K(640K)->533K(640K)
[13.534s][info][gc             ] GC(170) Pause Full (Ergonomics) 1873M->1873M(1930M) 611.514ms
[13.534s][info][gc,cpu         ] GC(170) User=4.14s Sys=0.02s Real=0.61s
[13.535s][info][gc,start       ] GC(171) Pause Full (Ergonomics)
[13.535s][info][gc,phases,start] GC(171) Marking Phase
[14.068s][info][gc,phases      ] GC(171) Marking Phase 533.432ms
[14.068s][info][gc,phases,start] GC(171) Summary Phase
[14.068s][info][gc,phases      ] GC(171) Summary Phase 0.055ms
[14.068s][info][gc,phases,start] GC(171) Adjust Roots
[14.069s][info][gc,phases      ] GC(171) Adjust Roots 0.224ms
[14.069s][info][gc,phases,start] GC(171) Compaction Phase
[14.238s][info][gc,phases      ] GC(171) Compaction Phase 169.294ms
[14.238s][info][gc,phases,start] GC(171) Post Compact
[14.242s][info][gc,phases      ] GC(171) Post Compact 3.793ms
[14.242s][info][gc,heap        ] GC(171) PSYoungGen: 75743K(133120K)->75742K(133120K) Eden: 25088K(25088K)->25087K(25088K) From: 50655K(108032K)->50655K(108032K)
[14.242s][info][gc,heap        ] GC(171) ParOldGen: 1843097K(1843200K)->1843097K(1843200K)
[14.242s][info][gc,metaspace   ] GC(171) Metaspace: 6298K(6464K)->6298K(6464K) NonClass: 5764K(5824K)->5764K(5824K) Class: 533K(640K)->533K(640K)
[14.242s][info][gc             ] GC(171) Pause Full (Ergonomics) 1873M->1873M(1930M) 707.270ms
[14.242s][info][gc,cpu         ] GC(171) User=4.23s Sys=0.00s Real=0.71s
[14.242s][info][gc,start       ] GC(172) Pause Full (Ergonomics)
[14.242s][info][gc,phases,start] GC(172) Marking Phase
[14.693s][info][gc,phases      ] GC(172) Marking Phase 450.387ms
[14.693s][info][gc,phases,start] GC(172) Summary Phase
[14.693s][info][gc,phases      ] GC(172) Summary Phase 0.032ms
[14.693s][info][gc,phases,start] GC(172) Adjust Roots
[14.693s][info][gc,phases      ] GC(172) Adjust Roots 0.163ms
[14.693s][info][gc,phases,start] GC(172) Compaction Phase
[14.850s][info][gc,phases      ] GC(172) Compaction Phase 157.240ms
[14.850s][info][gc,phases,start] GC(172) Post Compact
[14.854s][info][gc,phases      ] GC(172) Post Compact 3.755ms
[14.854s][info][gc,heap        ] GC(172) PSYoungGen: 75743K(133120K)->75743K(133120K) Eden: 25088K(25088K)->25088K(25088K) From: 50655K(108032K)->50655K(108032K)
[14.854s][info][gc,heap        ] GC(172) ParOldGen: 1843097K(1843200K)->1843097K(1843200K)
[14.854s][info][gc,metaspace   ] GC(172) Metaspace: 6298K(6464K)->6298K(6464K) NonClass: 5764K(5824K)->5764K(5824K) Class: 533K(640K)->533K(640K)
[14.854s][info][gc             ] GC(172) Pause Full (Ergonomics) 1873M->1873M(1930M) 611.960ms
[14.854s][info][gc,cpu         ] GC(172) User=4.42s Sys=0.00s Real=0.61s
[14.854s][info][gc,start       ] GC(173) Pause Full (Ergonomics)
[14.854s][info][gc,phases,start] GC(173) Marking Phase
[15.297s][info][gc,phases      ] GC(173) Marking Phase 442.304ms
[15.297s][info][gc,phases,start] GC(173) Summary Phase
[15.297s][info][gc,phases      ] GC(173) Summary Phase 0.032ms
[15.297s][info][gc,phases,start] GC(173) Adjust Roots
[15.297s][info][gc,phases      ] GC(173) Adjust Roots 0.163ms
[15.297s][info][gc,phases,start] GC(173) Compaction Phase
[15.469s][info][gc,phases      ] GC(173) Compaction Phase 171.592ms
[15.469s][info][gc,phases,start] GC(173) Post Compact
[15.473s][info][gc,phases      ] GC(173) Post Compact 3.854ms
[15.473s][info][gc,heap        ] GC(173) PSYoungGen: 75743K(133120K)->75743K(133120K) Eden: 25088K(25088K)->25088K(25088K) From: 50655K(108032K)->50655K(108032K)
[15.473s][info][gc,heap        ] GC(173) ParOldGen: 1843102K(1843200K)->1843102K(1843200K)
[15.473s][info][gc,metaspace   ] GC(173) Metaspace: 6298K(6464K)->6298K(6464K) NonClass: 5764K(5824K)->5764K(5824K) Class: 533K(640K)->533K(640K)
[15.473s][info][gc             ] GC(173) Pause Full (Ergonomics) 1873M->1873M(1930M) 618.405ms
[15.473s][info][gc,cpu         ] GC(173) User=4.33s Sys=0.00s Real=0.62s
[15.473s][info][gc,start       ] GC(174) Pause Full (Ergonomics)
[15.473s][info][gc,phases,start] GC(174) Marking Phase
[15.941s][info][gc,phases      ] GC(174) Marking Phase 467.880ms
[15.941s][info][gc,phases,start] GC(174) Summary Phase
[15.941s][info][gc,phases      ] GC(174) Summary Phase 0.031ms
[15.941s][info][gc,phases,start] GC(174) Adjust Roots
[15.941s][info][gc,phases      ] GC(174) Adjust Roots 0.212ms
[15.941s][info][gc,phases,start] GC(174) Compaction Phase
[16.111s][info][gc,phases      ] GC(174) Compaction Phase 169.988ms
[16.111s][info][gc,phases,start] GC(174) Post Compact
[16.115s][info][gc,phases      ] GC(174) Post Compact 3.489ms
[16.115s][info][gc,heap        ] GC(174) PSYoungGen: 75743K(133120K)->75743K(133120K) Eden: 25088K(25088K)->25088K(25088K) From: 50655K(108032K)->50655K(108032K)
[16.115s][info][gc,heap        ] GC(174) ParOldGen: 1843107K(1843200K)->1843107K(1843200K)
[16.115s][info][gc,metaspace   ] GC(174) Metaspace: 6298K(6464K)->6298K(6464K) NonClass: 5764K(5824K)->5764K(5824K) Class: 533K(640K)->533K(640K)
[16.115s][info][gc             ] GC(174) Pause Full (Ergonomics) 1873M->1873M(1930M) 641.965ms
[16.115s][info][gc,cpu         ] GC(174) User=4.34s Sys=0.00s Real=0.64s
[16.115s][info][gc,start       ] GC(175) Pause Full (Ergonomics)
[16.115s][info][gc,phases,start] GC(175) Marking Phase
[16.610s][info][gc,phases      ] GC(175) Marking Phase 494.831ms
[16.610s][info][gc,phases,start] GC(175) Summary Phase
[16.610s][info][gc,phases      ] GC(175) Summary Phase 0.046ms
[16.610s][info][gc,phases,start] GC(175) Adjust Roots
[16.611s][info][gc,phases      ] GC(175) Adjust Roots 0.270ms
[16.611s][info][gc,phases,start] GC(175) Compaction Phase
[16.788s][info][gc,phases      ] GC(175) Compaction Phase 177.467ms
[16.788s][info][gc,phases,start] GC(175) Post Compact
[16.793s][info][gc,phases      ] GC(175) Post Compact 4.379ms
[16.793s][info][gc,heap        ] GC(175) PSYoungGen: 75743K(133120K)->75743K(133120K) Eden: 25088K(25088K)->25088K(25088K) From: 50655K(108032K)->50655K(108032K)
[16.793s][info][gc,heap        ] GC(175) ParOldGen: 1843111K(1843200K)->1843111K(1843200K)
[16.793s][info][gc,metaspace   ] GC(175) Metaspace: 6298K(6464K)->6298K(6464K) NonClass: 5764K(5824K)->5764K(5824K) Class: 533K(640K)->533K(640K)
[16.793s][info][gc             ] GC(175) Pause Full (Ergonomics) 1873M->1873M(1930M) 677.398ms
[16.793s][info][gc,cpu         ] GC(175) User=4.28s Sys=0.02s Real=0.68s
[16.793s][info][gc,start       ] GC(176) Pause Full (Ergonomics)
[16.793s][info][gc,phases,start] GC(176) Marking Phase
[17.268s][info][gc,phases      ] GC(176) Marking Phase 474.760ms
[17.268s][info][gc,phases,start] GC(176) Summary Phase
[17.268s][info][gc,phases      ] GC(176) Summary Phase 0.031ms
[17.268s][info][gc,phases,start] GC(176) Adjust Roots
[17.268s][info][gc,phases      ] GC(176) Adjust Roots 0.165ms
[17.268s][info][gc,phases,start] GC(176) Compaction Phase
[17.420s][info][gc,phases      ] GC(176) Compaction Phase 151.667ms
[17.420s][info][gc,phases,start] GC(176) Post Compact
[17.423s][info][gc,phases      ] GC(176) Post Compact 3.703ms
[17.423s][info][gc,heap        ] GC(176) PSYoungGen: 75743K(133120K)->75743K(133120K) Eden: 25088K(25088K)->25088K(25088K) From: 50655K(108032K)->50655K(108032K)
[17.424s][info][gc,heap        ] GC(176) ParOldGen: 1843116K(1843200K)->1843116K(1843200K)
[17.424s][info][gc,metaspace   ] GC(176) Metaspace: 6298K(6464K)->6298K(6464K) NonClass: 5764K(5824K)->5764K(5824K) Class: 533K(640K)->533K(640K)
[17.424s][info][gc             ] GC(176) Pause Full (Ergonomics) 1873M->1873M(1930M) 630.675ms
[17.424s][info][gc,cpu         ] GC(176) User=4.47s Sys=0.00s Real=0.63s
[17.424s][info][gc,start       ] GC(177) Pause Full (Ergonomics)
[17.424s][info][gc,phases,start] GC(177) Marking Phase
[17.872s][info][gc,phases      ] GC(177) Marking Phase 448.376ms
[17.872s][info][gc,phases,start] GC(177) Summary Phase
[17.872s][info][gc,phases      ] GC(177) Summary Phase 0.036ms
[17.872s][info][gc,phases,start] GC(177) Adjust Roots
[17.873s][info][gc,phases      ] GC(177) Adjust Roots 0.165ms
[17.873s][info][gc,phases,start] GC(177) Compaction Phase
[18.044s][info][gc,phases      ] GC(177) Compaction Phase 170.897ms
[18.044s][info][gc,phases,start] GC(177) Post Compact
[18.047s][info][gc,phases      ] GC(177) Post Compact 3.750ms
[18.047s][info][gc,heap        ] GC(177) PSYoungGen: 75743K(133120K)->75743K(133120K) Eden: 25088K(25088K)->25088K(25088K) From: 50655K(108032K)->50655K(108032K)
[18.047s][info][gc,heap        ] GC(177) ParOldGen: 1843121K(1843200K)->1843121K(1843200K)
[18.048s][info][gc,metaspace   ] GC(177) Metaspace: 6298K(6464K)->6298K(6464K) NonClass: 5764K(5824K)->5764K(5824K) Class: 533K(640K)->533K(640K)
[18.048s][info][gc             ] GC(177) Pause Full (Ergonomics) 1873M->1873M(1930M) 623.611ms
[18.048s][info][gc,cpu         ] GC(177) User=4.47s Sys=0.00s Real=0.62s
[18.048s][info][gc,start       ] GC(178) Pause Full (Ergonomics)
[18.048s][info][gc,phases,start] GC(178) Marking Phase
[18.510s][info][gc,phases      ] GC(178) Marking Phase 462.219ms
[18.510s][info][gc,phases,start] GC(178) Summary Phase
[18.510s][info][gc,phases      ] GC(178) Summary Phase 0.032ms
[18.510s][info][gc,phases,start] GC(178) Adjust Roots
[18.510s][info][gc,phases      ] GC(178) Adjust Roots 0.192ms
[18.510s][info][gc,phases,start] GC(178) Compaction Phase
[18.656s][info][gc,phases      ] GC(178) Compaction Phase 145.285ms
[18.656s][info][gc,phases,start] GC(178) Post Compact
[18.659s][info][gc,phases      ] GC(178) Post Compact 3.451ms
[18.659s][info][gc,heap        ] GC(178) PSYoungGen: 75743K(133120K)->75743K(133120K) Eden: 25088K(25088K)->25088K(25088K) From: 50655K(108032K)->50655K(108032K)
[18.659s][info][gc,heap        ] GC(178) ParOldGen: 1843125K(1843200K)->1843125K(1843200K)
[18.659s][info][gc,metaspace   ] GC(178) Metaspace: 6298K(6464K)->6298K(6464K) NonClass: 5764K(5824K)->5764K(5824K) Class: 533K(640K)->533K(640K)
[18.659s][info][gc             ] GC(178) Pause Full (Ergonomics) 1873M->1873M(1930M) 611.539ms
[18.659s][info][gc,cpu         ] GC(178) User=4.44s Sys=0.00s Real=0.61s
[18.660s][info][gc,start       ] GC(179) Pause Full (Ergonomics)
[18.660s][info][gc,phases,start] GC(179) Marking Phase
[19.150s][info][gc,phases      ] GC(179) Marking Phase 490.661ms
[19.150s][info][gc,phases,start] GC(179) Summary Phase
[19.150s][info][gc,phases      ] GC(179) Summary Phase 0.033ms
[19.150s][info][gc,phases,start] GC(179) Adjust Roots
[19.151s][info][gc,phases      ] GC(179) Adjust Roots 0.219ms
[19.151s][info][gc,phases,start] GC(179) Compaction Phase
[19.334s][info][gc,phases      ] GC(179) Compaction Phase 183.246ms
[19.334s][info][gc,phases,start] GC(179) Post Compact
[19.338s][info][gc,phases      ] GC(179) Post Compact 3.731ms
[19.338s][info][gc,heap        ] GC(179) PSYoungGen: 75743K(133120K)->75743K(133120K) Eden: 25088K(25088K)->25088K(25088K) From: 50655K(108032K)->50655K(108032K)
[19.338s][info][gc,heap        ] GC(179) ParOldGen: 1843130K(1843200K)->1843130K(1843200K)
[19.338s][info][gc,metaspace   ] GC(179) Metaspace: 6298K(6464K)->6298K(6464K) NonClass: 5764K(5824K)->5764K(5824K) Class: 533K(640K)->533K(640K)
[19.338s][info][gc             ] GC(179) Pause Full (Ergonomics) 1873M->1873M(1930M) 678.253ms
[19.338s][info][gc,cpu         ] GC(179) User=4.22s Sys=0.00s Real=0.68s
[19.338s][info][gc,start       ] GC(180) Pause Full (Ergonomics)
[19.338s][info][gc,phases,start] GC(180) Marking Phase
[19.815s][info][gc,phases      ] GC(180) Marking Phase 476.969ms
[19.815s][info][gc,phases,start] GC(180) Summary Phase
[19.815s][info][gc,phases      ] GC(180) Summary Phase 0.030ms
[19.815s][info][gc,phases,start] GC(180) Adjust Roots
[19.816s][info][gc,phases      ] GC(180) Adjust Roots 0.321ms
[19.816s][info][gc,phases,start] GC(180) Compaction Phase
[19.982s][info][gc,phases      ] GC(180) Compaction Phase 166.854ms
[19.982s][info][gc,phases,start] GC(180) Post Compact
[19.986s][info][gc,phases      ] GC(180) Post Compact 3.810ms
[19.986s][info][gc,heap        ] GC(180) PSYoungGen: 75743K(133120K)->75743K(133120K) Eden: 25088K(25088K)->25088K(25088K) From: 50655K(108032K)->50655K(108032K)
[19.986s][info][gc,heap        ] GC(180) ParOldGen: 1843135K(1843200K)->1843135K(1843200K)
[19.986s][info][gc,metaspace   ] GC(180) Metaspace: 6298K(6464K)->6298K(6464K) NonClass: 5764K(5824K)->5764K(5824K) Class: 533K(640K)->533K(640K)
[19.986s][info][gc             ] GC(180) Pause Full (Ergonomics) 1873M->1873M(1930M) 648.341ms
[19.986s][info][gc,cpu         ] GC(180) User=4.41s Sys=0.00s Real=0.65s
[19.987s][info][gc,start       ] GC(181) Pause Full (Ergonomics)
[19.987s][info][gc,phases,start] GC(181) Marking Phase
[20.450s][info][gc,phases      ] GC(181) Marking Phase 463.726ms
[20.450s][info][gc,phases,start] GC(181) Summary Phase
[20.450s][info][gc,phases      ] GC(181) Summary Phase 0.031ms
[20.451s][info][gc,phases,start] GC(181) Adjust Roots
[20.451s][info][gc,phases      ] GC(181) Adjust Roots 0.164ms
[20.451s][info][gc,phases,start] GC(181) Compaction Phase
[20.605s][info][gc,phases      ] GC(181) Compaction Phase 154.256ms
[20.605s][info][gc,phases,start] GC(181) Post Compact
[20.609s][info][gc,phases      ] GC(181) Post Compact 3.748ms
[20.609s][info][gc,heap        ] GC(181) PSYoungGen: 75743K(133120K)->75743K(133120K) Eden: 25088K(25088K)->25088K(25088K) From: 50655K(108032K)->50655K(108032K)
[20.609s][info][gc,heap        ] GC(181) ParOldGen: 1843139K(1843200K)->1843139K(1843200K)
[20.609s][info][gc,metaspace   ] GC(181) Metaspace: 6298K(6464K)->6298K(6464K) NonClass: 5764K(5824K)->5764K(5824K) Class: 533K(640K)->533K(640K)
[20.609s][info][gc             ] GC(181) Pause Full (Ergonomics) 1873M->1873M(1930M) 622.282ms
[20.609s][info][gc,cpu         ] GC(181) User=4.56s Sys=0.00s Real=0.62s
[20.609s][info][gc,start       ] GC(182) Pause Full (Ergonomics)
[20.609s][info][gc,phases,start] GC(182) Marking Phase
[21.080s][info][gc,phases      ] GC(182) Marking Phase 471.101ms
[21.080s][info][gc,phases,start] GC(182) Summary Phase
[21.080s][info][gc,phases      ] GC(182) Summary Phase 0.049ms
[21.080s][info][gc,phases,start] GC(182) Adjust Roots
[21.081s][info][gc,phases      ] GC(182) Adjust Roots 0.181ms
[21.081s][info][gc,phases,start] GC(182) Compaction Phase
[21.224s][info][gc,phases      ] GC(182) Compaction Phase 142.985ms
[21.224s][info][gc,phases,start] GC(182) Post Compact
[21.227s][info][gc,phases      ] GC(182) Post Compact 3.510ms
[21.227s][info][gc,heap        ] GC(182) PSYoungGen: 75743K(133120K)->75743K(133120K) Eden: 25088K(25088K)->25088K(25088K) From: 50655K(108032K)->50655K(108032K)
[21.227s][info][gc,heap        ] GC(182) ParOldGen: 1843144K(1843200K)->1843144K(1843200K)
[21.227s][info][gc,metaspace   ] GC(182) Metaspace: 6298K(6464K)->6298K(6464K) NonClass: 5764K(5824K)->5764K(5824K) Class: 533K(640K)->533K(640K)
[21.227s][info][gc             ] GC(182) Pause Full (Ergonomics) 1873M->1873M(1930M) 618.182ms
[21.227s][info][gc,cpu         ] GC(182) User=4.53s Sys=0.00s Real=0.62s
[21.228s][info][gc,start       ] GC(183) Pause Full (Ergonomics)
[21.228s][info][gc,phases,start] GC(183) Marking Phase
[21.684s][info][gc,phases      ] GC(183) Marking Phase 456.124ms
[21.684s][info][gc,phases,start] GC(183) Summary Phase
[21.684s][info][gc,phases      ] GC(183) Summary Phase 0.031ms
[21.684s][info][gc,phases,start] GC(183) Adjust Roots
[21.684s][info][gc,phases      ] GC(183) Adjust Roots 0.168ms
[21.684s][info][gc,phases,start] GC(183) Compaction Phase
[21.828s][info][gc,phases      ] GC(183) Compaction Phase 144.205ms
[21.828s][info][gc,phases,start] GC(183) Post Compact
[21.832s][info][gc,phases      ] GC(183) Post Compact 3.439ms
[21.832s][info][gc,heap        ] GC(183) PSYoungGen: 75743K(133120K)->75743K(133120K) Eden: 25088K(25088K)->25088K(25088K) From: 50655K(108032K)->50655K(108032K)
[21.832s][info][gc,heap        ] GC(183) ParOldGen: 1843149K(1843200K)->1843149K(1843200K)
[21.832s][info][gc,metaspace   ] GC(183) Metaspace: 6298K(6464K)->6298K(6464K) NonClass: 5764K(5824K)->5764K(5824K) Class: 533K(640K)->533K(640K)
[21.832s][info][gc             ] GC(183) Pause Full (Ergonomics) 1873M->1873M(1930M) 604.435ms
[21.832s][info][gc,cpu         ] GC(183) User=4.36s Sys=0.00s Real=0.61s
[21.832s][info][gc,start       ] GC(184) Pause Full (Ergonomics)
[21.832s][info][gc,phases,start] GC(184) Marking Phase
[22.305s][info][gc,phases      ] GC(184) Marking Phase 472.387ms
[22.305s][info][gc,phases,start] GC(184) Summary Phase
[22.305s][info][gc,phases      ] GC(184) Summary Phase 0.030ms
[22.305s][info][gc,phases,start] GC(184) Adjust Roots
[22.305s][info][gc,phases      ] GC(184) Adjust Roots 0.165ms
[22.305s][info][gc,phases,start] GC(184) Compaction Phase
[22.479s][info][gc,phases      ] GC(184) Compaction Phase 173.621ms
[22.479s][info][gc,phases,start] GC(184) Post Compact
[22.483s][info][gc,phases      ] GC(184) Post Compact 3.836ms
[22.483s][info][gc,heap        ] GC(184) PSYoungGen: 75743K(133120K)->75743K(133120K) Eden: 25088K(25088K)->25088K(25088K) From: 50655K(108032K)->50655K(108032K)
[22.483s][info][gc,heap        ] GC(184) ParOldGen: 1843153K(1843200K)->1843153K(1843200K)
[22.483s][info][gc,metaspace   ] GC(184) Metaspace: 6298K(6464K)->6298K(6464K) NonClass: 5764K(5824K)->5764K(5824K) Class: 533K(640K)->533K(640K)
[22.483s][info][gc             ] GC(184) Pause Full (Ergonomics) 1873M->1873M(1930M) 650.404ms
[22.483s][info][gc,cpu         ] GC(184) User=4.41s Sys=0.03s Real=0.65s
[22.483s][info][gc,start       ] GC(185) Pause Full (Ergonomics)
[22.483s][info][gc,phases,start] GC(185) Marking Phase
[22.948s][info][gc,phases      ] GC(185) Marking Phase 464.502ms
[22.948s][info][gc,phases,start] GC(185) Summary Phase
[22.948s][info][gc,phases      ] GC(185) Summary Phase 0.032ms
[22.948s][info][gc,phases,start] GC(185) Adjust Roots
[22.948s][info][gc,phases      ] GC(185) Adjust Roots 0.198ms
[22.948s][info][gc,phases,start] GC(185) Compaction Phase
[23.100s][info][gc,phases      ] GC(185) Compaction Phase 152.477ms
[23.100s][info][gc,phases,start] GC(185) Post Compact
[23.104s][info][gc,phases      ] GC(185) Post Compact 3.912ms
[23.104s][info][gc,heap        ] GC(185) PSYoungGen: 75743K(133120K)->75743K(133120K) Eden: 25088K(25088K)->25088K(25088K) From: 50655K(108032K)->50655K(108032K)
[23.104s][info][gc,heap        ] GC(185) ParOldGen: 1843158K(1843200K)->1843158K(1843200K)
[23.104s][info][gc,metaspace   ] GC(185) Metaspace: 6298K(6464K)->6298K(6464K) NonClass: 5764K(5824K)->5764K(5824K) Class: 533K(640K)->533K(640K)
[23.104s][info][gc             ] GC(185) Pause Full (Ergonomics) 1873M->1873M(1930M) 621.485ms
[23.105s][info][gc,cpu         ] GC(185) User=4.36s Sys=0.00s Real=0.62s
[23.105s][info][gc,start       ] GC(186) Pause Full (Ergonomics)
[23.105s][info][gc,phases,start] GC(186) Marking Phase
[23.564s][info][gc,phases      ] GC(186) Marking Phase 459.010ms
[23.564s][info][gc,phases,start] GC(186) Summary Phase
[23.564s][info][gc,phases      ] GC(186) Summary Phase 0.031ms
[23.564s][info][gc,phases,start] GC(186) Adjust Roots
[23.564s][info][gc,phases      ] GC(186) Adjust Roots 0.198ms
[23.564s][info][gc,phases,start] GC(186) Compaction Phase
[23.715s][info][gc,phases      ] GC(186) Compaction Phase 151.219ms
[23.715s][info][gc,phases,start] GC(186) Post Compact
[23.719s][info][gc,phases      ] GC(186) Post Compact 3.731ms
[23.719s][info][gc,heap        ] GC(186) PSYoungGen: 75743K(133120K)->75743K(133120K) Eden: 25088K(25088K)->25088K(25088K) From: 50655K(108032K)->50655K(108032K)
[23.719s][info][gc,heap        ] GC(186) ParOldGen: 1843163K(1843200K)->1843163K(1843200K)
[23.719s][info][gc,metaspace   ] GC(186) Metaspace: 6298K(6464K)->6298K(6464K) NonClass: 5764K(5824K)->5764K(5824K) Class: 533K(640K)->533K(640K)
[23.719s][info][gc             ] GC(186) Pause Full (Ergonomics) 1873M->1873M(1930M) 614.638ms
[23.719s][info][gc,cpu         ] GC(186) User=4.61s Sys=0.00s Real=0.62s
[23.720s][info][gc,start       ] GC(187) Pause Full (Ergonomics)
[23.720s][info][gc,phases,start] GC(187) Marking Phase
[24.190s][info][gc,phases      ] GC(187) Marking Phase 470.574ms
[24.190s][info][gc,phases,start] GC(187) Summary Phase
[24.190s][info][gc,phases      ] GC(187) Summary Phase 0.030ms
[24.190s][info][gc,phases,start] GC(187) Adjust Roots
[24.190s][info][gc,phases      ] GC(187) Adjust Roots 0.162ms
[24.190s][info][gc,phases,start] GC(187) Compaction Phase
[24.356s][info][gc,phases      ] GC(187) Compaction Phase 165.615ms
[24.356s][info][gc,phases,start] GC(187) Post Compact
[24.360s][info][gc,phases      ] GC(187) Post Compact 3.521ms
[24.360s][info][gc,heap        ] GC(187) PSYoungGen: 75743K(133120K)->75743K(133120K) Eden: 25088K(25088K)->25088K(25088K) From: 50655K(108032K)->50655K(108032K)
[24.360s][info][gc,heap        ] GC(187) ParOldGen: 1843167K(1843200K)->1843167K(1843200K)
[24.360s][info][gc,metaspace   ] GC(187) Metaspace: 6298K(6464K)->6298K(6464K) NonClass: 5764K(5824K)->5764K(5824K) Class: 533K(640K)->533K(640K)
[24.360s][info][gc             ] GC(187) Pause Full (Ergonomics) 1873M->1873M(1930M) 640.222ms
[24.360s][info][gc,cpu         ] GC(187) User=4.47s Sys=0.00s Real=0.64s
[24.360s][info][gc,start       ] GC(188) Pause Full (Ergonomics)
[24.360s][info][gc,phases,start] GC(188) Marking Phase
[24.812s][info][gc,phases      ] GC(188) Marking Phase 452.248ms
[24.812s][info][gc,phases,start] GC(188) Summary Phase
[24.812s][info][gc,phases      ] GC(188) Summary Phase 0.031ms
[24.812s][info][gc,phases,start] GC(188) Adjust Roots
[24.813s][info][gc,phases      ] GC(188) Adjust Roots 0.164ms
[24.813s][info][gc,phases,start] GC(188) Compaction Phase
[24.989s][info][gc,phases      ] GC(188) Compaction Phase 176.825ms
[24.990s][info][gc,phases,start] GC(188) Post Compact
[24.993s][info][gc,phases      ] GC(188) Post Compact 3.426ms
[24.993s][info][gc,heap        ] GC(188) PSYoungGen: 75743K(133120K)->75743K(133120K) Eden: 25088K(25088K)->25088K(25088K) From: 50655K(108032K)->50655K(108032K)
[24.993s][info][gc,heap        ] GC(188) ParOldGen: 1843172K(1843200K)->1843172K(1843200K)
[24.993s][info][gc,metaspace   ] GC(188) Metaspace: 6298K(6464K)->6298K(6464K) NonClass: 5764K(5824K)->5764K(5824K) Class: 533K(640K)->533K(640K)
[24.993s][info][gc             ] GC(188) Pause Full (Ergonomics) 1873M->1873M(1930M) 633.037ms
[24.993s][info][gc,cpu         ] GC(188) User=4.55s Sys=0.00s Real=0.63s
[24.993s][info][gc,start       ] GC(189) Pause Full (Ergonomics)
[24.993s][info][gc,phases,start] GC(189) Marking Phase
[25.438s][info][gc,phases      ] GC(189) Marking Phase 444.613ms
[25.438s][info][gc,phases,start] GC(189) Summary Phase
[25.438s][info][gc,phases      ] GC(189) Summary Phase 0.030ms
[25.438s][info][gc,phases,start] GC(189) Adjust Roots
[25.438s][info][gc,phases      ] GC(189) Adjust Roots 0.160ms
[25.438s][info][gc,phases,start] GC(189) Compaction Phase
[25.598s][info][gc,phases      ] GC(189) Compaction Phase 159.357ms
[25.598s][info][gc,phases,start] GC(189) Post Compact
[25.601s][info][gc,phases      ] GC(189) Post Compact 3.542ms
[25.601s][info][gc,heap        ] GC(189) PSYoungGen: 75743K(133120K)->75743K(133120K) Eden: 25088K(25088K)->25088K(25088K) From: 50655K(108032K)->50655K(108032K)
[25.601s][info][gc,heap        ] GC(189) ParOldGen: 1843177K(1843200K)->1843177K(1843200K)
[25.601s][info][gc,metaspace   ] GC(189) Metaspace: 6298K(6464K)->6298K(6464K) NonClass: 5764K(5824K)->5764K(5824K) Class: 533K(640K)->533K(640K)
[25.601s][info][gc             ] GC(189) Pause Full (Ergonomics) 1873M->1873M(1930M) 608.062ms
[25.601s][info][gc,cpu         ] GC(189) User=4.47s Sys=0.00s Real=0.61s
[25.602s][info][gc,start       ] GC(190) Pause Full (Ergonomics)
[25.602s][info][gc,phases,start] GC(190) Marking Phase
[26.056s][info][gc,phases      ] GC(190) Marking Phase 454.511ms
[26.056s][info][gc,phases,start] GC(190) Summary Phase
[26.056s][info][gc,phases      ] GC(190) Summary Phase 0.038ms
[26.056s][info][gc,phases,start] GC(190) Adjust Roots
[26.056s][info][gc,phases      ] GC(190) Adjust Roots 0.158ms
[26.056s][info][gc,phases,start] GC(190) Compaction Phase
[26.202s][info][gc,phases      ] GC(190) Compaction Phase 145.470ms
[26.202s][info][gc,phases,start] GC(190) Post Compact
[26.206s][info][gc,phases      ] GC(190) Post Compact 3.704ms
[26.206s][info][gc,heap        ] GC(190) PSYoungGen: 75743K(133120K)->75743K(133120K) Eden: 25088K(25088K)->25088K(25088K) From: 50655K(108032K)->50655K(108032K)
[26.206s][info][gc,heap        ] GC(190) ParOldGen: 1843181K(1843200K)->1843181K(1843200K)
[26.206s][info][gc,metaspace   ] GC(190) Metaspace: 6298K(6464K)->6298K(6464K) NonClass: 5764K(5824K)->5764K(5824K) Class: 533K(640K)->533K(640K)
[26.206s][info][gc             ] GC(190) Pause Full (Ergonomics) 1873M->1873M(1930M) 604.350ms
[26.206s][info][gc,cpu         ] GC(190) User=4.52s Sys=0.00s Real=0.61s
[26.206s][info][gc,start       ] GC(191) Pause Full (Ergonomics)
[26.206s][info][gc,phases,start] GC(191) Marking Phase
[26.683s][info][gc,phases      ] GC(191) Marking Phase 476.964ms
[26.683s][info][gc,phases,start] GC(191) Summary Phase
[26.683s][info][gc,phases      ] GC(191) Summary Phase 0.031ms
[26.683s][info][gc,phases,start] GC(191) Adjust Roots
[26.683s][info][gc,phases      ] GC(191) Adjust Roots 0.168ms
[26.683s][info][gc,phases,start] GC(191) Compaction Phase
[26.846s][info][gc,phases      ] GC(191) Compaction Phase 162.595ms
[26.846s][info][gc,phases,start] GC(191) Post Compact
[26.850s][info][gc,phases      ] GC(191) Post Compact 3.449ms
[26.850s][info][gc,heap        ] GC(191) PSYoungGen: 75743K(133120K)->75743K(133120K) Eden: 25088K(25088K)->25088K(25088K) From: 50655K(108032K)->50655K(108032K)
[26.850s][info][gc,heap        ] GC(191) ParOldGen: 1843186K(1843200K)->1843186K(1843200K)
[26.850s][info][gc,metaspace   ] GC(191) Metaspace: 6298K(6464K)->6298K(6464K) NonClass: 5764K(5824K)->5764K(5824K) Class: 533K(640K)->533K(640K)
[26.850s][info][gc             ] GC(191) Pause Full (Ergonomics) 1873M->1873M(1930M) 643.552ms
[26.850s][info][gc,cpu         ] GC(191) User=4.45s Sys=0.00s Real=0.64s
[26.850s][info][gc,start       ] GC(192) Pause Full (Ergonomics)
[26.850s][info][gc,phases,start] GC(192) Marking Phase
[27.294s][info][gc,phases      ] GC(192) Marking Phase 443.815ms
[27.294s][info][gc,phases,start] GC(192) Summary Phase
[27.294s][info][gc,phases      ] GC(192) Summary Phase 0.043ms
[27.294s][info][gc,phases,start] GC(192) Adjust Roots
[27.294s][info][gc,phases      ] GC(192) Adjust Roots 0.173ms
[27.294s][info][gc,phases,start] GC(192) Compaction Phase
[27.437s][info][gc,phases      ] GC(192) Compaction Phase 143.044ms
[27.437s][info][gc,phases,start] GC(192) Post Compact
[27.441s][info][gc,phases      ] GC(192) Post Compact 3.756ms
[27.441s][info][gc,heap        ] GC(192) PSYoungGen: 75743K(133120K)->75743K(133120K) Eden: 25088K(25088K)->25088K(25088K) From: 50655K(108032K)->50655K(108032K)
[27.441s][info][gc,heap        ] GC(192) ParOldGen: 1843191K(1843200K)->1843191K(1843200K)
[27.441s][info][gc,metaspace   ] GC(192) Metaspace: 6298K(6464K)->6298K(6464K) NonClass: 5764K(5824K)->5764K(5824K) Class: 533K(640K)->533K(640K)
[27.441s][info][gc             ] GC(192) Pause Full (Ergonomics) 1873M->1873M(1930M) 591.231ms
[27.441s][info][gc,cpu         ] GC(192) User=4.28s Sys=0.00s Real=0.59s
[27.441s][info][gc,start       ] GC(193) Pause Full (Ergonomics)
[27.442s][info][gc,phases,start] GC(193) Marking Phase
[27.917s][info][gc,phases      ] GC(193) Marking Phase 475.086ms
[27.917s][info][gc,phases,start] GC(193) Summary Phase
[27.917s][info][gc,phases      ] GC(193) Summary Phase 0.030ms
[27.917s][info][gc,phases,start] GC(193) Adjust Roots
[27.917s][info][gc,phases      ] GC(193) Adjust Roots 0.168ms
[27.917s][info][gc,phases,start] GC(193) Compaction Phase
[28.085s][info][gc,phases      ] GC(193) Compaction Phase 167.878ms
[28.085s][info][gc,phases,start] GC(193) Post Compact
[28.089s][info][gc,phases      ] GC(193) Post Compact 3.785ms
[28.089s][info][gc,heap        ] GC(193) PSYoungGen: 75743K(133120K)->75743K(133120K) Eden: 25088K(25088K)->25088K(25088K) From: 50655K(108032K)->50655K(108032K)
[28.089s][info][gc,heap        ] GC(193) ParOldGen: 1843195K(1843200K)->1843195K(1843200K)
[28.089s][info][gc,metaspace   ] GC(193) Metaspace: 6298K(6464K)->6298K(6464K) NonClass: 5764K(5824K)->5764K(5824K) Class: 533K(640K)->533K(640K)
[28.089s][info][gc             ] GC(193) Pause Full (Ergonomics) 1873M->1873M(1930M) 647.500ms
[28.089s][info][gc,cpu         ] GC(193) User=4.42s Sys=0.02s Real=0.65s
[28.089s][info][gc,start       ] GC(194) Pause Full (Ergonomics)
[28.089s][info][gc,phases,start] GC(194) Marking Phase
[28.545s][info][gc,phases      ] GC(194) Marking Phase 456.010ms
[28.545s][info][gc,phases,start] GC(194) Summary Phase
[28.545s][info][gc,phases      ] GC(194) Summary Phase 0.031ms
[28.545s][info][gc,phases,start] GC(194) Adjust Roots
[28.545s][info][gc,phases      ] GC(194) Adjust Roots 0.159ms
[28.545s][info][gc,phases,start] GC(194) Compaction Phase
[28.698s][info][gc,phases      ] GC(194) Compaction Phase 153.046ms
[28.699s][info][gc,phases,start] GC(194) Post Compact
[28.702s][info][gc,phases      ] GC(194) Post Compact 3.781ms
[28.702s][info][gc,heap        ] GC(194) PSYoungGen: 75743K(133120K)->75743K(133120K) Eden: 25088K(25088K)->25088K(25088K) From: 50655K(108032K)->50655K(108032K)
[28.702s][info][gc,heap        ] GC(194) ParOldGen: 1843200K(1843200K)->1843200K(1843200K)
[28.702s][info][gc,metaspace   ] GC(194) Metaspace: 6298K(6464K)->6298K(6464K) NonClass: 5764K(5824K)->5764K(5824K) Class: 533K(640K)->533K(640K)
[28.702s][info][gc             ] GC(194) Pause Full (Ergonomics) 1873M->1873M(1930M) 613.389ms
[28.703s][info][gc,cpu         ] GC(194) User=4.42s Sys=0.00s Real=0.61s
[28.703s][info][gc,start       ] GC(195) Pause Full (Allocation Failure)
[28.703s][info][gc,phases,start] GC(195) Marking Phase
[29.169s][info][gc,phases      ] GC(195) Marking Phase 466.368ms
[29.169s][info][gc,phases,start] GC(195) Summary Phase
[29.169s][info][gc,phases      ] GC(195) Summary Phase 0.031ms
[29.169s][info][gc,phases,start] GC(195) Adjust Roots
[29.169s][info][gc,phases      ] GC(195) Adjust Roots 0.356ms
[29.169s][info][gc,phases,start] GC(195) Compaction Phase
[29.641s][info][gc,phases      ] GC(195) Compaction Phase 471.963ms
[29.641s][info][gc,phases,start] GC(195) Post Compact
[29.645s][info][gc,phases      ] GC(195) Post Compact 3.636ms
[29.645s][info][gc,heap        ] GC(195) PSYoungGen: 75743K(133120K)->75743K(133120K) Eden: 25088K(25088K)->25088K(25088K) From: 50655K(108032K)->50655K(108032K)
[29.645s][info][gc,heap        ] GC(195) ParOldGen: 1843200K(1843200K)->1843195K(1843200K)
[29.645s][info][gc,metaspace   ] GC(195) Metaspace: 6298K(6464K)->6296K(6464K) NonClass: 5764K(5824K)->5763K(5824K) Class: 533K(640K)->532K(640K)
[29.645s][info][gc             ] GC(195) Pause Full (Allocation Failure) 1873M->1873M(1930M) 942.696ms
[29.645s][info][gc,cpu         ] GC(195) User=6.91s Sys=0.00s Real=0.94s
[29.646s][info][gc,start       ] GC(196) Pause Full (Ergonomics)
[29.646s][info][gc,phases,start] GC(196) Marking Phase
[30.094s][info][gc,phases      ] GC(196) Marking Phase 448.594ms
[30.094s][info][gc,phases,start] GC(196) Summary Phase
[30.095s][info][gc,phases      ] GC(196) Summary Phase 0.043ms
[30.095s][info][gc,phases,start] GC(196) Adjust Roots
[30.095s][info][gc,phases      ] GC(196) Adjust Roots 0.184ms
[30.095s][info][gc,phases,start] GC(196) Compaction Phase
[30.274s][info][gc,phases      ] GC(196) Compaction Phase 178.951ms
[30.274s][info][gc,phases,start] GC(196) Post Compact
[30.277s][info][gc,phases      ] GC(196) Post Compact 3.580ms
[30.277s][info][gc,heap        ] GC(196) PSYoungGen: 75743K(133120K)->75743K(133120K) Eden: 25088K(25088K)->25088K(25088K) From: 50655K(108032K)->50655K(108032K)
[30.277s][info][gc,heap        ] GC(196) ParOldGen: 1843196K(1843200K)->1843196K(1843200K)
[30.278s][info][gc,metaspace   ] GC(196) Metaspace: 6296K(6464K)->6296K(6464K) NonClass: 5763K(5824K)->5763K(5824K) Class: 532K(640K)->532K(640K)
[30.278s][info][gc             ] GC(196) Pause Full (Ergonomics) 1873M->1873M(1930M) 631.914ms
[30.278s][info][gc,cpu         ] GC(196) User=4.44s Sys=0.02s Real=0.63s
[30.278s][info][gc,start       ] GC(197) Pause Full (Ergonomics)
[30.278s][info][gc,phases,start] GC(197) Marking Phase
[30.742s][info][gc,phases      ] GC(197) Marking Phase 463.360ms
[30.742s][info][gc,phases,start] GC(197) Summary Phase
[30.742s][info][gc,phases      ] GC(197) Summary Phase 0.030ms
[30.742s][info][gc,phases,start] GC(197) Adjust Roots
[30.742s][info][gc,phases      ] GC(197) Adjust Roots 0.160ms
[30.742s][info][gc,phases,start] GC(197) Compaction Phase
[30.908s][info][gc,phases      ] GC(197) Compaction Phase 165.886ms
[30.908s][info][gc,phases,start] GC(197) Post Compact
[30.911s][info][gc,phases      ] GC(197) Post Compact 3.470ms
[30.911s][info][gc,heap        ] GC(197) PSYoungGen: 75743K(133120K)->75743K(133120K) Eden: 25088K(25088K)->25088K(25088K) From: 50655K(108032K)->50655K(108032K)
[30.911s][info][gc,heap        ] GC(197) ParOldGen: 1843199K(1843200K)->1843199K(1843200K)
[30.911s][info][gc,metaspace   ] GC(197) Metaspace: 6296K(6464K)->6296K(6464K) NonClass: 5763K(5824K)->5763K(5824K) Class: 532K(640K)->532K(640K)
[30.911s][info][gc             ] GC(197) Pause Full (Ergonomics) 1873M->1873M(1930M) 633.258ms
[30.911s][info][gc,cpu         ] GC(197) User=4.55s Sys=0.00s Real=0.63s
[30.911s][info][gc,start       ] GC(198) Pause Full (Allocation Failure)
[30.911s][info][gc,phases,start] GC(198) Marking Phase
[31.371s][info][gc,phases      ] GC(198) Marking Phase 459.053ms
[31.371s][info][gc,phases,start] GC(198) Summary Phase
[31.371s][info][gc,phases      ] GC(198) Summary Phase 0.031ms
[31.371s][info][gc,phases,start] GC(198) Adjust Roots
[31.371s][info][gc,phases      ] GC(198) Adjust Roots 0.163ms
[31.371s][info][gc,phases,start] GC(198) Compaction Phase
[31.515s][info][gc,phases      ] GC(198) Compaction Phase 144.126ms
[31.515s][info][gc,phases,start] GC(198) Post Compact
[31.519s][info][gc,phases      ] GC(198) Post Compact 3.679ms
[31.519s][info][gc,heap        ] GC(198) PSYoungGen: 75743K(133120K)->75743K(133120K) Eden: 25088K(25088K)->25088K(25088K) From: 50655K(108032K)->50655K(108032K)
[31.519s][info][gc,heap        ] GC(198) ParOldGen: 1843199K(1843200K)->1843199K(1843200K)
[31.519s][info][gc,metaspace   ] GC(198) Metaspace: 6296K(6464K)->6296K(6464K) NonClass: 5763K(5824K)->5763K(5824K) Class: 532K(640K)->532K(640K)
[31.519s][info][gc             ] GC(198) Pause Full (Allocation Failure) 1873M->1873M(1930M) 607.402ms
[31.519s][info][gc,cpu         ] GC(198) User=4.31s Sys=0.00s Real=0.61s
[31.519s][info][gc,start       ] GC(199) Pause Full (Ergonomics)
[31.519s][info][gc,phases,start] GC(199) Marking Phase
[31.990s][info][gc,phases      ] GC(199) Marking Phase 470.618ms
[31.990s][info][gc,phases,start] GC(199) Summary Phase
[31.990s][info][gc,phases      ] GC(199) Summary Phase 0.031ms
[31.990s][info][gc,phases,start] GC(199) Adjust Roots
[31.990s][info][gc,phases      ] GC(199) Adjust Roots 0.264ms
[31.990s][info][gc,phases,start] GC(199) Compaction Phase
[32.471s][info][gc,phases      ] GC(199) Compaction Phase 480.141ms
[32.471s][info][gc,phases,start] GC(199) Post Compact
[32.475s][info][gc,phases      ] GC(199) Post Compact 4.080ms
[32.475s][info][gc,heap        ] GC(199) PSYoungGen: 75743K(133120K)->75743K(133120K) Eden: 25088K(25088K)->25088K(25088K) From: 50655K(108032K)->50655K(108032K)
[32.475s][info][gc,heap        ] GC(199) ParOldGen: 1843199K(1843200K)->1843198K(1843200K)
[32.475s][info][gc,metaspace   ] GC(199) Metaspace: 6296K(6464K)->6296K(6464K) NonClass: 5763K(5824K)->5763K(5824K) Class: 532K(640K)->532K(640K)
[32.475s][info][gc             ] GC(199) Pause Full (Ergonomics) 1873M->1873M(1930M) 955.539ms
[32.475s][info][gc,cpu         ] GC(199) User=6.61s Sys=0.00s Real=0.95s
[32.476s][info][gc,start       ] GC(200) Pause Full (Ergonomics)
[32.476s][info][gc,phases,start] GC(200) Marking Phase
[32.931s][info][gc,phases      ] GC(200) Marking Phase 455.635ms
[32.931s][info][gc,phases,start] GC(200) Summary Phase
[32.931s][info][gc,phases      ] GC(200) Summary Phase 0.030ms
[32.931s][info][gc,phases,start] GC(200) Adjust Roots
[32.932s][info][gc,phases      ] GC(200) Adjust Roots 0.250ms
[32.932s][info][gc,phases,start] GC(200) Compaction Phase
[33.080s][info][gc,phases      ] GC(200) Compaction Phase 148.767ms
[33.081s][info][gc,phases,start] GC(200) Post Compact
[33.084s][info][gc,phases      ] GC(200) Post Compact 3.459ms
[33.084s][info][gc,heap        ] GC(200) PSYoungGen: 75743K(133120K)->75743K(133120K) Eden: 25088K(25088K)->25088K(25088K) From: 50655K(108032K)->50655K(108032K)
[33.084s][info][gc,heap        ] GC(200) ParOldGen: 1843198K(1843200K)->1843198K(1843200K)
[33.084s][info][gc,metaspace   ] GC(200) Metaspace: 6296K(6464K)->6296K(6464K) NonClass: 5763K(5824K)->5763K(5824K) Class: 532K(640K)->532K(640K)
[33.084s][info][gc             ] GC(200) Pause Full (Ergonomics) 1873M->1873M(1930M) 608.518ms
[33.084s][info][gc,cpu         ] GC(200) User=4.30s Sys=0.00s Real=0.61s
[33.085s][info][gc,start       ] GC(201) Pause Full (Ergonomics)
[33.085s][info][gc,phases,start] GC(201) Marking Phase
[33.564s][info][gc,phases      ] GC(201) Marking Phase 478.882ms
[33.564s][info][gc,phases,start] GC(201) Summary Phase
[33.564s][info][gc,phases      ] GC(201) Summary Phase 0.032ms
[33.564s][info][gc,phases,start] GC(201) Adjust Roots
[33.565s][info][gc,phases      ] GC(201) Adjust Roots 0.336ms
[33.565s][info][gc,phases,start] GC(201) Compaction Phase
[34.048s][info][gc,phases      ] GC(201) Compaction Phase 483.468ms
[34.048s][info][gc,phases,start] GC(201) Post Compact
[34.052s][info][gc,phases      ] GC(201) Post Compact 3.896ms
[34.052s][info][gc,heap        ] GC(201) PSYoungGen: 75743K(133120K)->75743K(133120K) Eden: 25088K(25088K)->25088K(25088K) From: 50655K(108032K)->50655K(108032K)
[34.052s][info][gc,heap        ] GC(201) ParOldGen: 1843199K(1843200K)->1843197K(1843200K)
[34.052s][info][gc,metaspace   ] GC(201) Metaspace: 6298K(6464K)->6298K(6464K) NonClass: 5764K(5824K)->5764K(5824K) Class: 533K(640K)->533K(640K)
[34.052s][info][gc             ] GC(201) Pause Full (Ergonomics) 1873M->1873M(1930M) 967.003ms
[34.052s][info][gc,cpu         ] GC(201) User=6.88s Sys=0.00s Real=0.97s
[34.053s][info][gc,heap,exit   ] Heap
[34.053s][info][gc,heap,exit   ]  PSYoungGen      total 133120K, used 75743K [0x00000007c7c00000, 0x00000007d7280000, 0x0000000800000000)
[34.053s][info][gc,heap,exit   ]   eden space 25088K, 100% used [0x00000007c7c00000,0x00000007c9480000,0x00000007c9480000)
[34.053s][info][gc,heap,exit   ]   from space 108032K, 46% used [0x00000007c9480000,0x00000007cc5f7d20,0x00000007cfe00000)
[34.053s][info][gc,heap,exit   ]   to   space 112128K, 0% used [0x00000007d0500000,0x00000007d0500000,0x00000007d7280000)
[34.053s][info][gc,heap,exit   ]  ParOldGen       total 1843200K, used 1843197K [0x0000000757400000, 0x00000007c7c00000, 0x00000007c7c00000)
[34.053s][info][gc,heap,exit   ]   object space 1843200K, 99% used [0x0000000757400000,0x00000007c7bff7b8,0x00000007c7c00000)
[34.053s][info][gc,heap,exit   ]  Metaspace       used 6301K, committed 6464K, reserved 1114112K
[34.053s][info][gc,heap,exit   ]   class space    used 534K, committed 640K, reserved 1048576K
