[0.011s][info][gc,init] CardTable entry size: 512
[0.011s][info][gc     ] Using Parallel
[0.012s][info][gc,init] Version: 18.0.1+10 (release)
[0.013s][info][gc,init] CPUs: 8 total, 8 available
[0.013s][info][gc,init] Memory: 16063M
[0.013s][info][gc,init] Large Page Support: Disabled
[0.013s][info][gc,init] NUMA Support: Disabled
[0.013s][info][gc,init] Compressed Oops: Enabled (Zero based)
[0.013s][info][gc,init] Alignments: Space 512K, Generation 512K, Heap 2M
[0.013s][info][gc,init] Heap Min Capacity: 2M
[0.013s][info][gc,init] Heap Initial Capacity: 2M
[0.013s][info][gc,init] Heap Max Capacity: 13100M
[0.013s][info][gc,init] Pre-touch: Disabled
[0.013s][info][gc,init] Parallel Workers: 8
[0.013s][info][gc,metaspace] CDS archive(s) not mapped
[0.014s][info][gc,metaspace] Compressed class space mapped at: 0x0000000800000000-0x0000000840000000, reserved size: 1073741824
[0.014s][info][gc,metaspace] Narrow klass base: 0x0000000800000000, Narrow klass shift: 0, Narrow klass range: 0x40000000
[0.108s][info][gc,start    ] GC(0) Pause Young (Allocation Failure)
[0.109s][info][gc,heap     ] GC(0) PSYoungGen: 512K(1024K)->480K(1024K) Eden: 512K(512K)->0K(512K) From: 0K(512K)->480K(512K)
[0.109s][info][gc,heap     ] GC(0) ParOldGen: 0K(512K)->8K(512K)
[0.109s][info][gc,metaspace] GC(0) Metaspace: 4229K(4352K)->4229K(4352K) NonClass: 3908K(3968K)->3908K(3968K) Class: 321K(384K)->321K(384K)
[0.109s][info][gc          ] GC(0) Pause Young (Allocation Failure) 0M->0M(1M) 1.496ms
[0.109s][info][gc,cpu      ] GC(0) User=0.00s Sys=0.00s Real=0.00s
[0.173s][info][gc,start    ] GC(1) Pause Young (Allocation Failure)
[0.174s][info][gc,heap     ] GC(1) PSYoungGen: 991K(1024K)->512K(1536K) Eden: 511K(512K)->0K(1024K) From: 480K(512K)->512K(512K)
[0.174s][info][gc,heap     ] GC(1) ParOldGen: 8K(512K)->96K(512K)
[0.174s][info][gc,metaspace] GC(1) Metaspace: 5878K(6016K)->5878K(6016K) NonClass: 5381K(5504K)->5381K(5504K) Class: 496K(512K)->496K(512K)
[0.174s][info][gc          ] GC(1) Pause Young (Allocation Failure) 0M->0M(2M) 1.004ms
[0.174s][info][gc,cpu      ] GC(1) User=0.00s Sys=0.00s Real=0.00s
[0.194s][info][gc,start    ] GC(2) Pause Young (Allocation Failure)
[0.195s][info][gc,heap     ] GC(2) PSYoungGen: 1536K(1536K)->512K(1536K) Eden: 1024K(1024K)->0K(1024K) From: 512K(512K)->512K(512K)
[0.195s][info][gc,heap     ] GC(2) ParOldGen: 96K(512K)->512K(1024K)
[0.195s][info][gc,metaspace] GC(2) Metaspace: 6296K(6464K)->6296K(6464K) NonClass: 5763K(5824K)->5763K(5824K) Class: 533K(640K)->533K(640K)
[0.195s][info][gc          ] GC(2) Pause Young (Allocation Failure) 1M->1M(2M) 1.109ms
[0.195s][info][gc,cpu      ] GC(2) User=0.00s Sys=0.00s Real=0.00s
[0.197s][info][gc,start    ] GC(3) Pause Young (Allocation Failure)
[0.198s][info][gc,heap     ] GC(3) PSYoungGen: 1536K(1536K)->480K(2560K) Eden: 1024K(1024K)->0K(2048K) From: 512K(512K)->480K(512K)
[0.198s][info][gc,heap     ] GC(3) ParOldGen: 512K(1024K)->1084K(1536K)
[0.198s][info][gc,metaspace] GC(3) Metaspace: 6296K(6464K)->6296K(6464K) NonClass: 5763K(5824K)->5763K(5824K) Class: 533K(640K)->533K(640K)
[0.198s][info][gc          ] GC(3) Pause Young (Allocation Failure) 2M->1M(4M) 1.444ms
[0.198s][info][gc,cpu      ] GC(3) User=0.00s Sys=0.00s Real=0.00s
[0.198s][info][gc,start    ] GC(4) Pause Full (Ergonomics)
[0.198s][info][gc,phases,start] GC(4) Marking Phase
[0.199s][info][gc,phases      ] GC(4) Marking Phase 1.082ms
[0.199s][info][gc,phases,start] GC(4) Summary Phase
[0.199s][info][gc,phases      ] GC(4) Summary Phase 0.015ms
[0.199s][info][gc,phases,start] GC(4) Adjust Roots
[0.200s][info][gc,phases      ] GC(4) Adjust Roots 0.322ms
[0.200s][info][gc,phases,start] GC(4) Compaction Phase
[0.202s][info][gc,phases      ] GC(4) Compaction Phase 2.565ms
[0.202s][info][gc,phases,start] GC(4) Post Compact
[0.202s][info][gc,phases      ] GC(4) Post Compact 0.071ms
[0.203s][info][gc,heap        ] GC(4) PSYoungGen: 480K(2560K)->0K(2560K) Eden: 0K(2048K)->0K(2048K) From: 480K(512K)->0K(512K)
[0.203s][info][gc,heap        ] GC(4) ParOldGen: 1084K(1536K)->1496K(3584K)
[0.203s][info][gc,metaspace   ] GC(4) Metaspace: 6296K(6464K)->6296K(6464K) NonClass: 5763K(5824K)->5763K(5824K) Class: 533K(640K)->533K(640K)
[0.203s][info][gc             ] GC(4) Pause Full (Ergonomics) 1M->1M(6M) 4.423ms
[0.203s][info][gc,cpu         ] GC(4) User=0.00s Sys=0.00s Real=0.01s
[0.205s][info][gc,start       ] GC(5) Pause Young (Allocation Failure)
[0.207s][info][gc,heap        ] GC(5) PSYoungGen: 2048K(2560K)->480K(3584K) Eden: 2048K(2048K)->0K(3072K) From: 0K(512K)->480K(512K)
[0.207s][info][gc,heap        ] GC(5) ParOldGen: 1496K(3584K)->2120K(3584K)
[0.207s][info][gc,metaspace   ] GC(5) Metaspace: 6296K(6464K)->6296K(6464K) NonClass: 5763K(5824K)->5763K(5824K) Class: 533K(640K)->533K(640K)
[0.207s][info][gc             ] GC(5) Pause Young (Allocation Failure) 3M->2M(7M) 1.247ms
[0.207s][info][gc,cpu         ] GC(5) User=0.00s Sys=0.00s Real=0.00s
[0.211s][info][gc,start       ] GC(6) Pause Young (Allocation Failure)
[0.213s][info][gc,heap        ] GC(6) PSYoungGen: 3552K(3584K)->1504K(4608K) Eden: 3072K(3072K)->0K(3072K) From: 480K(512K)->1504K(1536K)
[0.213s][info][gc,heap        ] GC(6) ParOldGen: 2120K(3584K)->2688K(3584K)
[0.213s][info][gc,metaspace   ] GC(6) Metaspace: 6296K(6464K)->6296K(6464K) NonClass: 5763K(5824K)->5763K(5824K) Class: 533K(640K)->533K(640K)
[0.213s][info][gc             ] GC(6) Pause Young (Allocation Failure) 5M->4M(8M) 2.086ms
[0.213s][info][gc,cpu         ] GC(6) User=0.00s Sys=0.00s Real=0.00s
[0.213s][info][gc,start       ] GC(7) Pause Full (Ergonomics)
[0.213s][info][gc,phases,start] GC(7) Marking Phase
[0.216s][info][gc,phases      ] GC(7) Marking Phase 2.389ms
[0.216s][info][gc,phases,start] GC(7) Summary Phase
[0.216s][info][gc,phases      ] GC(7) Summary Phase 0.015ms
[0.216s][info][gc,phases,start] GC(7) Adjust Roots
[0.216s][info][gc,phases      ] GC(7) Adjust Roots 0.416ms
[0.216s][info][gc,phases,start] GC(7) Compaction Phase
[0.219s][info][gc,phases      ] GC(7) Compaction Phase 2.594ms
[0.219s][info][gc,phases,start] GC(7) Post Compact
[0.219s][info][gc,phases      ] GC(7) Post Compact 0.035ms
[0.219s][info][gc,heap        ] GC(7) PSYoungGen: 1504K(4608K)->990K(4608K) Eden: 0K(3072K)->0K(3072K) From: 1504K(1536K)->990K(1536K)
[0.219s][info][gc,heap        ] GC(7) ParOldGen: 2688K(3584K)->3127K(6144K)
[0.219s][info][gc,metaspace   ] GC(7) Metaspace: 6296K(6464K)->6296K(6464K) NonClass: 5763K(5824K)->5763K(5824K) Class: 533K(640K)->533K(640K)
[0.219s][info][gc             ] GC(7) Pause Full (Ergonomics) 4M->4M(10M) 5.875ms
[0.219s][info][gc,cpu         ] GC(7) User=0.00s Sys=0.00s Real=0.01s
[0.224s][info][gc,start       ] GC(8) Pause Young (Allocation Failure)
[0.227s][info][gc,heap        ] GC(8) PSYoungGen: 4062K(4608K)->2048K(5632K) Eden: 3072K(3072K)->0K(3584K) From: 990K(1536K)->2048K(2048K)
[0.227s][info][gc,heap        ] GC(8) ParOldGen: 3127K(6144K)->3671K(6144K)
[0.227s][info][gc,metaspace   ] GC(8) Metaspace: 6296K(6464K)->6296K(6464K) NonClass: 5763K(5824K)->5763K(5824K) Class: 533K(640K)->533K(640K)
[0.227s][info][gc             ] GC(8) Pause Young (Allocation Failure) 7M->5M(11M) 2.807ms
[0.227s][info][gc,cpu         ] GC(8) User=0.00s Sys=0.00s Real=0.00s
[0.233s][info][gc,start       ] GC(9) Pause Young (Allocation Failure)
[0.238s][info][gc,heap        ] GC(9) PSYoungGen: 5632K(5632K)->3040K(6656K) Eden: 3584K(3584K)->0K(3584K) From: 2048K(2048K)->3040K(3072K)
[0.238s][info][gc,heap        ] GC(9) ParOldGen: 3671K(6144K)->4671K(6144K)
[0.238s][info][gc,metaspace   ] GC(9) Metaspace: 6296K(6464K)->6296K(6464K) NonClass: 5763K(5824K)->5763K(5824K) Class: 533K(640K)->533K(640K)
[0.238s][info][gc             ] GC(9) Pause Young (Allocation Failure) 9M->7M(12M) 4.458ms
[0.238s][info][gc,cpu         ] GC(9) User=0.00s Sys=0.00s Real=0.01s
[0.243s][info][gc,start       ] GC(10) Pause Young (Allocation Failure)
[0.247s][info][gc,heap        ] GC(10) PSYoungGen: 6624K(6656K)->4064K(9216K) Eden: 3584K(3584K)->0K(5120K) From: 3040K(3072K)->4064K(4096K)
[0.247s][info][gc,heap        ] GC(10) ParOldGen: 4671K(6144K)->5543K(6144K)
[0.247s][info][gc,metaspace   ] GC(10) Metaspace: 6296K(6464K)->6296K(6464K) NonClass: 5763K(5824K)->5763K(5824K) Class: 533K(640K)->533K(640K)
[0.247s][info][gc             ] GC(10) Pause Young (Allocation Failure) 11M->9M(15M) 4.192ms
[0.247s][info][gc,cpu         ] GC(10) User=0.00s Sys=0.00s Real=0.00s
[0.247s][info][gc,start       ] GC(11) Pause Full (Ergonomics)
[0.247s][info][gc,phases,start] GC(11) Marking Phase
[0.252s][info][gc,phases      ] GC(11) Marking Phase 4.660ms
[0.252s][info][gc,phases,start] GC(11) Summary Phase
[0.252s][info][gc,phases      ] GC(11) Summary Phase 0.018ms
[0.252s][info][gc,phases,start] GC(11) Adjust Roots
[0.252s][info][gc,phases      ] GC(11) Adjust Roots 0.183ms
[0.252s][info][gc,phases,start] GC(11) Compaction Phase
[0.256s][info][gc,phases      ] GC(11) Compaction Phase 4.058ms
[0.256s][info][gc,phases,start] GC(11) Post Compact
[0.256s][info][gc,phases      ] GC(11) Post Compact 0.059ms
[0.256s][info][gc,heap        ] GC(11) PSYoungGen: 4064K(9216K)->3450K(9216K) Eden: 0K(5120K)->0K(5120K) From: 4064K(4096K)->3450K(4096K)
[0.256s][info][gc,heap        ] GC(11) ParOldGen: 5543K(6144K)->5926K(10240K)
[0.256s][info][gc,metaspace   ] GC(11) Metaspace: 6296K(6464K)->6296K(6464K) NonClass: 5763K(5824K)->5763K(5824K) Class: 533K(640K)->533K(640K)
[0.256s][info][gc             ] GC(11) Pause Full (Ergonomics) 9M->9M(19M) 9.310ms
[0.256s][info][gc,cpu         ] GC(11) User=0.02s Sys=0.00s Real=0.01s
[0.264s][info][gc,start       ] GC(12) Pause Young (Allocation Failure)
[0.268s][info][gc,heap        ] GC(12) PSYoungGen: 8570K(9216K)->4576K(9728K) Eden: 5120K(5120K)->0K(5120K) From: 3450K(4096K)->4576K(4608K)
[0.268s][info][gc,heap        ] GC(12) ParOldGen: 5926K(10240K)->7734K(10240K)
[0.268s][info][gc,metaspace   ] GC(12) Metaspace: 6296K(6464K)->6296K(6464K) NonClass: 5763K(5824K)->5763K(5824K) Class: 533K(640K)->533K(640K)
[0.268s][info][gc             ] GC(12) Pause Young (Allocation Failure) 14M->12M(19M) 4.741ms
[0.268s][info][gc,cpu         ] GC(12) User=0.00s Sys=0.00s Real=0.01s
[0.273s][info][gc,start       ] GC(13) Pause Young (Allocation Failure)
[0.279s][info][gc,heap        ] GC(13) PSYoungGen: 9696K(9728K)->2656K(13312K) Eden: 5120K(5120K)->0K(7168K) From: 4576K(4608K)->2656K(6144K)
[0.279s][info][gc,heap        ] GC(13) ParOldGen: 7734K(10240K)->12374K(12800K)
[0.279s][info][gc,metaspace   ] GC(13) Metaspace: 6298K(6464K)->6298K(6464K) NonClass: 5765K(5824K)->5765K(5824K) Class: 533K(640K)->533K(640K)
[0.279s][info][gc             ] GC(13) Pause Young (Allocation Failure) 17M->14M(25M) 5.814ms
[0.279s][info][gc,cpu         ] GC(13) User=0.00s Sys=0.00s Real=0.01s
[0.279s][info][gc,start       ] GC(14) Pause Full (Ergonomics)
[0.279s][info][gc,phases,start] GC(14) Marking Phase
[0.285s][info][gc,phases      ] GC(14) Marking Phase 6.007ms
[0.285s][info][gc,phases,start] GC(14) Summary Phase
[0.285s][info][gc,phases      ] GC(14) Summary Phase 0.015ms
[0.285s][info][gc,phases,start] GC(14) Adjust Roots
[0.285s][info][gc,phases      ] GC(14) Adjust Roots 0.199ms
[0.285s][info][gc,phases,start] GC(14) Compaction Phase
[0.291s][info][gc,phases      ] GC(14) Compaction Phase 6.190ms
[0.291s][info][gc,phases,start] GC(14) Post Compact
[0.291s][info][gc,phases      ] GC(14) Post Compact 0.060ms
[0.291s][info][gc,heap        ] GC(14) PSYoungGen: 2656K(13312K)->2099K(13312K) Eden: 0K(7168K)->0K(7168K) From: 2656K(6144K)->2099K(6144K)
[0.291s][info][gc,heap        ] GC(14) ParOldGen: 12374K(12800K)->12517K(19968K)
[0.291s][info][gc,metaspace   ] GC(14) Metaspace: 6298K(6464K)->6298K(6464K) NonClass: 5765K(5824K)->5765K(5824K) Class: 533K(640K)->533K(640K)
[0.291s][info][gc             ] GC(14) Pause Full (Ergonomics) 14M->14M(32M) 12.787ms
[0.292s][info][gc,cpu         ] GC(14) User=0.02s Sys=0.00s Real=0.01s
[0.296s][info][gc,start       ] GC(15) Pause Young (Allocation Failure)
[0.301s][info][gc,heap        ] GC(15) PSYoungGen: 9267K(13312K)->3712K(13312K) Eden: 7168K(7168K)->0K(7168K) From: 2099K(6144K)->3712K(6144K)
[0.301s][info][gc,heap        ] GC(15) ParOldGen: 12517K(19968K)->14661K(19968K)
[0.301s][info][gc,metaspace   ] GC(15) Metaspace: 6298K(6464K)->6298K(6464K) NonClass: 5765K(5824K)->5765K(5824K) Class: 533K(640K)->533K(640K)
[0.302s][info][gc             ] GC(15) Pause Young (Allocation Failure) 21M->17M(32M) 5.039ms
[0.302s][info][gc,cpu         ] GC(15) User=0.00s Sys=0.00s Real=0.01s
[0.306s][info][gc,start       ] GC(16) Pause Young (Allocation Failure)
[0.312s][info][gc,heap        ] GC(16) PSYoungGen: 10880K(13312K)->3744K(15872K) Eden: 7168K(7168K)->0K(9728K) From: 3712K(6144K)->3744K(6144K)
[0.312s][info][gc,heap        ] GC(16) ParOldGen: 14661K(19968K)->18405K(19968K)
[0.312s][info][gc,metaspace   ] GC(16) Metaspace: 6298K(6464K)->6298K(6464K) NonClass: 5765K(5824K)->5765K(5824K) Class: 533K(640K)->533K(640K)
[0.312s][info][gc             ] GC(16) Pause Young (Allocation Failure) 24M->21M(35M) 6.362ms
[0.312s][info][gc,cpu         ] GC(16) User=0.00s Sys=0.00s Real=0.01s
[0.312s][info][gc,start       ] GC(17) Pause Full (Ergonomics)
[0.312s][info][gc,phases,start] GC(17) Marking Phase
[0.322s][info][gc,phases      ] GC(17) Marking Phase 9.185ms
[0.322s][info][gc,phases,start] GC(17) Summary Phase
[0.322s][info][gc,phases      ] GC(17) Summary Phase 0.014ms
[0.322s][info][gc,phases,start] GC(17) Adjust Roots
[0.322s][info][gc,phases      ] GC(17) Adjust Roots 0.213ms
[0.322s][info][gc,phases,start] GC(17) Compaction Phase
[0.328s][info][gc,phases      ] GC(17) Compaction Phase 5.934ms
[0.328s][info][gc,phases,start] GC(17) Post Compact
[0.328s][info][gc,phases      ] GC(17) Post Compact 0.152ms
[0.328s][info][gc,heap        ] GC(17) PSYoungGen: 3744K(15872K)->2165K(15872K) Eden: 0K(9728K)->0K(9728K) From: 3744K(6144K)->2165K(6144K)
[0.328s][info][gc,heap        ] GC(17) ParOldGen: 18405K(19968K)->19825K(29184K)
[0.328s][info][gc,metaspace   ] GC(17) Metaspace: 6298K(6464K)->6298K(6464K) NonClass: 5765K(5824K)->5765K(5824K) Class: 533K(640K)->533K(640K)
[0.328s][info][gc             ] GC(17) Pause Full (Ergonomics) 21M->21M(44M) 15.865ms
[0.328s][info][gc,cpu         ] GC(17) User=0.02s Sys=0.00s Real=0.02s
[0.337s][info][gc,start       ] GC(18) Pause Young (Allocation Failure)
[0.344s][info][gc,heap        ] GC(18) PSYoungGen: 11893K(15872K)->5568K(15872K) Eden: 9728K(9728K)->0K(9728K) From: 2165K(6144K)->5568K(6144K)
[0.344s][info][gc,heap        ] GC(18) ParOldGen: 19825K(29184K)->22033K(29184K)
[0.344s][info][gc,metaspace   ] GC(18) Metaspace: 6298K(6464K)->6298K(6464K) NonClass: 5765K(5824K)->5765K(5824K) Class: 533K(640K)->533K(640K)
[0.344s][info][gc             ] GC(18) Pause Young (Allocation Failure) 30M->26M(44M) 6.815ms
[0.344s][info][gc,cpu         ] GC(18) User=0.00s Sys=0.00s Real=0.01s
[0.350s][info][gc,start       ] GC(19) Pause Young (Allocation Failure)
[0.358s][info][gc,heap        ] GC(19) PSYoungGen: 15296K(15872K)->5056K(20480K) Eden: 9728K(9728K)->0K(13312K) From: 5568K(6144K)->5056K(7168K)
[0.358s][info][gc,heap        ] GC(19) ParOldGen: 22033K(29184K)->27633K(29184K)
[0.358s][info][gc,metaspace   ] GC(19) Metaspace: 6298K(6464K)->6298K(6464K) NonClass: 5765K(5824K)->5765K(5824K) Class: 533K(640K)->533K(640K)
[0.358s][info][gc             ] GC(19) Pause Young (Allocation Failure) 36M->31M(48M) 8.340ms
[0.358s][info][gc,cpu         ] GC(19) User=0.00s Sys=0.00s Real=0.01s
[0.358s][info][gc,start       ] GC(20) Pause Full (Ergonomics)
[0.358s][info][gc,phases,start] GC(20) Marking Phase
[0.371s][info][gc,phases      ] GC(20) Marking Phase 12.855ms
[0.371s][info][gc,phases,start] GC(20) Summary Phase
[0.371s][info][gc,phases      ] GC(20) Summary Phase 0.015ms
[0.371s][info][gc,phases,start] GC(20) Adjust Roots
[0.371s][info][gc,phases      ] GC(20) Adjust Roots 0.175ms
[0.371s][info][gc,phases,start] GC(20) Compaction Phase
[0.382s][info][gc,phases      ] GC(20) Compaction Phase 10.847ms
[0.382s][info][gc,phases,start] GC(20) Post Compact
[0.382s][info][gc,phases      ] GC(20) Post Compact 0.107ms
[0.382s][info][gc,heap        ] GC(20) PSYoungGen: 5056K(20480K)->2984K(20480K) Eden: 0K(13312K)->0K(13312K) From: 5056K(7168K)->2984K(7168K)
[0.383s][info][gc,heap        ] GC(20) ParOldGen: 27633K(29184K)->29044K(40960K)
[0.383s][info][gc,metaspace   ] GC(20) Metaspace: 6298K(6464K)->6298K(6464K) NonClass: 5765K(5824K)->5765K(5824K) Class: 533K(640K)->533K(640K)
[0.383s][info][gc             ] GC(20) Pause Full (Ergonomics) 31M->31M(60M) 24.401ms
[0.383s][info][gc,cpu         ] GC(20) User=0.00s Sys=0.00s Real=0.03s
[0.394s][info][gc,start       ] GC(21) Pause Young (Allocation Failure)
[0.407s][info][gc,heap        ] GC(21) PSYoungGen: 16296K(20480K)->7168K(20480K) Eden: 13312K(13312K)->0K(13312K) From: 2984K(7168K)->7168K(7168K)
[0.407s][info][gc,heap        ] GC(21) ParOldGen: 29044K(40960K)->37300K(40960K)
[0.407s][info][gc,metaspace   ] GC(21) Metaspace: 6298K(6464K)->6298K(6464K) NonClass: 5765K(5824K)->5765K(5824K) Class: 533K(640K)->533K(640K)
[0.407s][info][gc             ] GC(21) Pause Young (Allocation Failure) 44M->43M(60M) 12.576ms
[0.407s][info][gc,cpu         ] GC(21) User=0.00s Sys=0.00s Real=0.01s
[0.407s][info][gc,start       ] GC(22) Pause Full (Ergonomics)
[0.407s][info][gc,phases,start] GC(22) Marking Phase
[0.425s][info][gc,phases      ] GC(22) Marking Phase 18.109ms
[0.425s][info][gc,phases,start] GC(22) Summary Phase
[0.425s][info][gc,phases      ] GC(22) Summary Phase 0.019ms
[0.425s][info][gc,phases,start] GC(22) Adjust Roots
[0.426s][info][gc,phases      ] GC(22) Adjust Roots 0.180ms
[0.426s][info][gc,phases,start] GC(22) Compaction Phase
[0.437s][info][gc,phases      ] GC(22) Compaction Phase 11.273ms
[0.437s][info][gc,phases,start] GC(22) Post Compact
[0.437s][info][gc,phases      ] GC(22) Post Compact 0.214ms
[0.437s][info][gc,heap        ] GC(22) PSYoungGen: 7168K(20480K)->3576K(20480K) Eden: 0K(13312K)->0K(13312K) From: 7168K(7168K)->3576K(7168K)
[0.437s][info][gc,heap        ] GC(22) ParOldGen: 37300K(40960K)->40746K(55808K)
[0.437s][info][gc,metaspace   ] GC(22) Metaspace: 6298K(6464K)->6298K(6464K) NonClass: 5765K(5824K)->5765K(5824K) Class: 533K(640K)->533K(640K)
[0.437s][info][gc             ] GC(22) Pause Full (Ergonomics) 43M->43M(74M) 30.274ms
[0.437s][info][gc,cpu         ] GC(22) User=0.03s Sys=0.00s Real=0.03s
[0.455s][info][gc,start       ] GC(23) Pause Young (Allocation Failure)
[0.469s][info][gc,heap        ] GC(23) PSYoungGen: 16888K(20480K)->11744K(24576K) Eden: 13312K(13312K)->0K(12800K) From: 3576K(7168K)->11744K(11776K)
[0.469s][info][gc,heap        ] GC(23) ParOldGen: 40746K(55808K)->45978K(55808K)
[0.469s][info][gc,metaspace   ] GC(23) Metaspace: 6298K(6464K)->6298K(6464K) NonClass: 5765K(5824K)->5765K(5824K) Class: 533K(640K)->533K(640K)
[0.469s][info][gc             ] GC(23) Pause Young (Allocation Failure) 56M->56M(78M) 14.791ms
[0.469s][info][gc,cpu         ] GC(23) User=0.00s Sys=0.00s Real=0.01s
[0.482s][info][gc,start       ] GC(24) Pause Young (Allocation Failure)
[0.497s][info][gc,heap        ] GC(24) PSYoungGen: 24544K(24576K)->12832K(28160K) Eden: 12800K(12800K)->0K(12800K) From: 11744K(11776K)->12832K(15360K)
[0.497s][info][gc,heap        ] GC(24) ParOldGen: 45978K(55808K)->57866K(58368K)
[0.498s][info][gc,metaspace   ] GC(24) Metaspace: 6298K(6464K)->6298K(6464K) NonClass: 5765K(5824K)->5765K(5824K) Class: 533K(640K)->533K(640K)
[0.498s][info][gc             ] GC(24) Pause Young (Allocation Failure) 68M->69M(84M) 15.355ms
[0.498s][info][gc,cpu         ] GC(24) User=0.00s Sys=0.00s Real=0.02s
[0.498s][info][gc,start       ] GC(25) Pause Full (Ergonomics)
[0.498s][info][gc,phases,start] GC(25) Marking Phase
[0.524s][info][gc,phases      ] GC(25) Marking Phase 26.794ms
[0.524s][info][gc,phases,start] GC(25) Summary Phase
[0.525s][info][gc,phases      ] GC(25) Summary Phase 0.021ms
[0.525s][info][gc,phases,start] GC(25) Adjust Roots
[0.525s][info][gc,phases      ] GC(25) Adjust Roots 0.209ms
[0.525s][info][gc,phases,start] GC(25) Compaction Phase
[0.548s][info][gc,phases      ] GC(25) Compaction Phase 23.096ms
[0.548s][info][gc,phases,start] GC(25) Post Compact
[0.548s][info][gc,phases      ] GC(25) Post Compact 0.387ms
[0.548s][info][gc,heap        ] GC(25) PSYoungGen: 12832K(28160K)->11236K(28160K) Eden: 0K(12800K)->0K(12800K) From: 12832K(15360K)->11236K(15360K)
[0.548s][info][gc,heap        ] GC(25) ParOldGen: 57866K(58368K)->58119K(78336K)
[0.549s][info][gc,metaspace   ] GC(25) Metaspace: 6298K(6464K)->6298K(6464K) NonClass: 5765K(5824K)->5765K(5824K) Class: 533K(640K)->533K(640K)
[0.549s][info][gc             ] GC(25) Pause Full (Ergonomics) 69M->67M(104M) 50.921ms
[0.549s][info][gc,cpu         ] GC(25) User=0.06s Sys=0.00s Real=0.05s
[0.563s][info][gc,start       ] GC(26) Pause Young (Allocation Failure)
[0.587s][info][gc,heap        ] GC(26) PSYoungGen: 24036K(28160K)->12832K(31744K) Eden: 12800K(12800K)->0K(14336K) From: 11236K(15360K)->12832K(17408K)
[0.587s][info][gc,heap        ] GC(26) ParOldGen: 58119K(78336K)->69543K(78336K)
[0.587s][info][gc,metaspace   ] GC(26) Metaspace: 6298K(6464K)->6298K(6464K) NonClass: 5765K(5824K)->5765K(5824K) Class: 533K(640K)->533K(640K)
[0.587s][info][gc             ] GC(26) Pause Young (Allocation Failure) 80M->80M(107M) 24.274ms
[0.587s][info][gc,cpu         ] GC(26) User=0.02s Sys=0.03s Real=0.02s
[0.587s][info][gc,start       ] GC(27) Pause Full (Ergonomics)
[0.587s][info][gc,phases,start] GC(27) Marking Phase
[0.620s][info][gc,phases      ] GC(27) Marking Phase 32.419ms
[0.620s][info][gc,phases,start] GC(27) Summary Phase
[0.620s][info][gc,phases      ] GC(27) Summary Phase 0.015ms
[0.620s][info][gc,phases,start] GC(27) Adjust Roots
[0.620s][info][gc,phases      ] GC(27) Adjust Roots 0.162ms
[0.620s][info][gc,phases,start] GC(27) Compaction Phase
[0.639s][info][gc,phases      ] GC(27) Compaction Phase 19.161ms
[0.639s][info][gc,phases,start] GC(27) Post Compact
[0.640s][info][gc,phases      ] GC(27) Post Compact 0.383ms
[0.640s][info][gc,heap        ] GC(27) PSYoungGen: 12832K(31744K)->4083K(31744K) Eden: 0K(14336K)->0K(14336K) From: 12832K(17408K)->4083K(17408K)
[0.640s][info][gc,heap        ] GC(27) ParOldGen: 69543K(78336K)->78042K(101888K)
[0.640s][info][gc,metaspace   ] GC(27) Metaspace: 6298K(6464K)->6298K(6464K) NonClass: 5765K(5824K)->5765K(5824K) Class: 533K(640K)->533K(640K)
[0.640s][info][gc             ] GC(27) Pause Full (Ergonomics) 80M->80M(130M) 52.587ms
[0.640s][info][gc,cpu         ] GC(27) User=0.08s Sys=0.02s Real=0.05s
[0.662s][info][gc,start       ] GC(28) Pause Young (Allocation Failure)
[0.675s][info][gc,heap        ] GC(28) PSYoungGen: 18419K(31744K)->18400K(32768K) Eden: 14336K(14336K)->0K(14336K) From: 4083K(17408K)->18400K(18432K)
[0.675s][info][gc,heap        ] GC(28) ParOldGen: 78042K(101888K)->78082K(101888K)
[0.675s][info][gc,metaspace   ] GC(28) Metaspace: 6298K(6464K)->6298K(6464K) NonClass: 5765K(5824K)->5765K(5824K) Class: 533K(640K)->533K(640K)
[0.675s][info][gc             ] GC(28) Pause Young (Allocation Failure) 94M->94M(131M) 13.177ms
[0.675s][info][gc,cpu         ] GC(28) User=0.00s Sys=0.00s Real=0.01s
[0.688s][info][gc,start       ] GC(29) Pause Young (Allocation Failure)
[0.704s][info][gc,heap        ] GC(29) PSYoungGen: 32736K(32768K)->14400K(37376K) Eden: 14336K(14336K)->0K(15872K) From: 18400K(18432K)->14400K(21504K)
[0.704s][info][gc,heap        ] GC(29) ParOldGen: 78082K(101888K)->96690K(101888K)
[0.704s][info][gc,metaspace   ] GC(29) Metaspace: 6298K(6464K)->6298K(6464K) NonClass: 5765K(5824K)->5765K(5824K) Class: 533K(640K)->533K(640K)
[0.704s][info][gc             ] GC(29) Pause Young (Allocation Failure) 108M->108M(136M) 16.591ms
[0.704s][info][gc,cpu         ] GC(29) User=0.02s Sys=0.02s Real=0.02s
[0.704s][info][gc,start       ] GC(30) Pause Full (Ergonomics)
[0.704s][info][gc,phases,start] GC(30) Marking Phase
[0.735s][info][gc,phases      ] GC(30) Marking Phase 30.652ms
[0.735s][info][gc,phases,start] GC(30) Summary Phase
[0.735s][info][gc,phases      ] GC(30) Summary Phase 0.015ms
[0.735s][info][gc,phases,start] GC(30) Adjust Roots
[0.735s][info][gc,phases      ] GC(30) Adjust Roots 0.141ms
[0.735s][info][gc,phases,start] GC(30) Compaction Phase
[0.761s][info][gc,phases      ] GC(30) Compaction Phase 25.198ms
[0.761s][info][gc,phases,start] GC(30) Post Compact
[0.761s][info][gc,phases      ] GC(30) Post Compact 0.378ms
[0.761s][info][gc,heap        ] GC(30) PSYoungGen: 14400K(37376K)->7153K(37376K) Eden: 0K(15872K)->0K(15872K) From: 14400K(21504K)->7153K(21504K)
[0.761s][info][gc,heap        ] GC(30) ParOldGen: 96690K(101888K)->101546K(132096K)
[0.761s][info][gc,metaspace   ] GC(30) Metaspace: 6298K(6464K)->6298K(6464K) NonClass: 5765K(5824K)->5765K(5824K) Class: 533K(640K)->533K(640K)
[0.761s][info][gc             ] GC(30) Pause Full (Ergonomics) 108M->106M(165M) 56.835ms
[0.761s][info][gc,cpu         ] GC(30) User=0.12s Sys=0.00s Real=0.06s
[0.777s][info][gc,start       ] GC(31) Pause Young (Allocation Failure)
[0.796s][info][gc,heap        ] GC(31) PSYoungGen: 23025K(37376K)->22528K(38400K) Eden: 15872K(15872K)->0K(15872K) From: 7153K(21504K)->22528K(22528K)
[0.796s][info][gc,heap        ] GC(31) ParOldGen: 101546K(132096K)->102082K(132096K)
[0.796s][info][gc,metaspace   ] GC(31) Metaspace: 6298K(6464K)->6298K(6464K) NonClass: 5765K(5824K)->5765K(5824K) Class: 533K(640K)->533K(640K)
[0.796s][info][gc             ] GC(31) Pause Young (Allocation Failure) 121M->121M(166M) 19.709ms
[0.797s][info][gc,cpu         ] GC(31) User=0.05s Sys=0.00s Real=0.02s
[0.813s][info][gc,start       ] GC(32) Pause Young (Allocation Failure)
[0.835s][info][gc,heap        ] GC(32) PSYoungGen: 38400K(38400K)->15936K(45056K) Eden: 15872K(15872K)->0K(18432K) From: 22528K(22528K)->15936K(26624K)
[0.835s][info][gc,heap        ] GC(32) ParOldGen: 102082K(132096K)->124922K(132096K)
[0.835s][info][gc,metaspace   ] GC(32) Metaspace: 6298K(6464K)->6298K(6464K) NonClass: 5765K(5824K)->5765K(5824K) Class: 533K(640K)->533K(640K)
[0.835s][info][gc             ] GC(32) Pause Young (Allocation Failure) 137M->137M(173M) 22.177ms
[0.835s][info][gc,cpu         ] GC(32) User=0.05s Sys=0.03s Real=0.02s
[0.835s][info][gc,start       ] GC(33) Pause Full (Ergonomics)
[0.835s][info][gc,phases,start] GC(33) Marking Phase
[0.868s][info][gc,phases      ] GC(33) Marking Phase 33.191ms
[0.868s][info][gc,phases,start] GC(33) Summary Phase
[0.868s][info][gc,phases      ] GC(33) Summary Phase 0.020ms
[0.868s][info][gc,phases,start] GC(33) Adjust Roots
[0.868s][info][gc,phases      ] GC(33) Adjust Roots 0.165ms
[0.868s][info][gc,phases,start] GC(33) Compaction Phase
[0.887s][info][gc,phases      ] GC(33) Compaction Phase 18.780ms
[0.887s][info][gc,phases,start] GC(33) Post Compact
[0.888s][info][gc,phases      ] GC(33) Post Compact 0.648ms
[0.888s][info][gc,heap        ] GC(33) PSYoungGen: 15936K(45056K)->8686K(45056K) Eden: 0K(18432K)->0K(18432K) From: 15936K(26624K)->8686K(26624K)
[0.888s][info][gc,heap        ] GC(33) ParOldGen: 124922K(132096K)->131696K(168960K)
[0.888s][info][gc,metaspace   ] GC(33) Metaspace: 6298K(6464K)->6298K(6464K) NonClass: 5765K(5824K)->5765K(5824K) Class: 533K(640K)->533K(640K)
[0.888s][info][gc             ] GC(33) Pause Full (Ergonomics) 137M->137M(209M) 53.394ms
[0.888s][info][gc,cpu         ] GC(33) User=0.17s Sys=0.00s Real=0.05s
[0.906s][info][gc,start       ] GC(34) Pause Young (Allocation Failure)
[0.927s][info][gc,heap        ] GC(34) PSYoungGen: 27118K(45056K)->27136K(45568K) Eden: 18432K(18432K)->0K(18432K) From: 8686K(26624K)->27136K(27136K)
[0.927s][info][gc,heap        ] GC(34) ParOldGen: 131696K(168960K)->131744K(168960K)
[0.927s][info][gc,metaspace   ] GC(34) Metaspace: 6298K(6464K)->6298K(6464K) NonClass: 5765K(5824K)->5765K(5824K) Class: 533K(640K)->533K(640K)
[0.927s][info][gc             ] GC(34) Pause Young (Allocation Failure) 155M->155M(209M) 20.708ms
[0.927s][info][gc,cpu         ] GC(34) User=0.05s Sys=0.00s Real=0.02s
[0.945s][info][gc,start       ] GC(35) Pause Young (Allocation Failure)
[0.968s][info][gc,heap        ] GC(35) PSYoungGen: 45172K(45568K)->18112K(52736K) Eden: 18036K(18432K)->0K(21504K) From: 27136K(27136K)->18112K(31232K)
[0.968s][info][gc,heap        ] GC(35) ParOldGen: 131744K(168960K)->159224K(168960K)
[0.968s][info][gc,metaspace   ] GC(35) Metaspace: 6298K(6464K)->6298K(6464K) NonClass: 5765K(5824K)->5765K(5824K) Class: 533K(640K)->533K(640K)
[0.969s][info][gc             ] GC(35) Pause Young (Allocation Failure) 172M->173M(216M) 23.515ms
[0.969s][info][gc,cpu         ] GC(35) User=0.03s Sys=0.05s Real=0.02s
[0.969s][info][gc,start       ] GC(36) Pause Full (Ergonomics)
[0.969s][info][gc,phases,start] GC(36) Marking Phase
[1.018s][info][gc,phases      ] GC(36) Marking Phase 49.886ms
[1.019s][info][gc,phases,start] GC(36) Summary Phase
[1.019s][info][gc,phases      ] GC(36) Summary Phase 0.018ms
[1.019s][info][gc,phases,start] GC(36) Adjust Roots
[1.019s][info][gc,phases      ] GC(36) Adjust Roots 0.184ms
[1.019s][info][gc,phases,start] GC(36) Compaction Phase
[1.043s][info][gc,phases      ] GC(36) Compaction Phase 24.201ms
[1.043s][info][gc,phases,start] GC(36) Post Compact
[1.044s][info][gc,phases      ] GC(36) Post Compact 1.011ms
[1.044s][info][gc,heap        ] GC(36) PSYoungGen: 18112K(52736K)->8298K(53248K) Eden: 0K(21504K)->0K(22016K) From: 18112K(31232K)->8298K(31232K)
[1.044s][info][gc,heap        ] GC(36) ParOldGen: 159224K(168960K)->168493K(214016K)
[1.044s][info][gc,metaspace   ] GC(36) Metaspace: 6298K(6464K)->6298K(6464K) NonClass: 5765K(5824K)->5765K(5824K) Class: 533K(640K)->533K(640K)
[1.044s][info][gc             ] GC(36) Pause Full (Ergonomics) 173M->172M(261M) 75.823ms
[1.044s][info][gc,cpu         ] GC(36) User=0.28s Sys=0.00s Real=0.08s
[1.084s][info][gc,start       ] GC(37) Pause Young (Allocation Failure)
[1.109s][info][gc,heap        ] GC(37) PSYoungGen: 30314K(53248K)->31712K(53760K) Eden: 22016K(22016K)->0K(22016K) From: 8298K(31232K)->31712K(31744K)
[1.109s][info][gc,heap        ] GC(37) ParOldGen: 168493K(214016K)->175437K(214016K)
[1.109s][info][gc,metaspace   ] GC(37) Metaspace: 6298K(6464K)->6298K(6464K) NonClass: 5765K(5824K)->5765K(5824K) Class: 533K(640K)->533K(640K)
[1.109s][info][gc             ] GC(37) Pause Young (Allocation Failure) 194M->202M(261M) 25.735ms
[1.109s][info][gc,cpu         ] GC(37) User=0.03s Sys=0.00s Real=0.03s
[1.131s][info][gc,start       ] GC(38) Pause Young (Allocation Failure)
[1.158s][info][gc,heap        ] GC(38) PSYoungGen: 53728K(53760K)->22144K(64512K) Eden: 22016K(22016K)->0K(25088K) From: 31712K(31744K)->22144K(39424K)
[1.158s][info][gc,heap        ] GC(38) ParOldGen: 175437K(214016K)->199189K(214016K)
[1.158s][info][gc,metaspace   ] GC(38) Metaspace: 6298K(6464K)->6298K(6464K) NonClass: 5765K(5824K)->5765K(5824K) Class: 533K(640K)->533K(640K)
[1.158s][info][gc             ] GC(38) Pause Young (Allocation Failure) 223M->216M(272M) 27.401ms
[1.158s][info][gc,cpu         ] GC(38) User=0.00s Sys=0.00s Real=0.03s
[1.158s][info][gc,start       ] GC(39) Pause Full (Ergonomics)
[1.158s][info][gc,phases,start] GC(39) Marking Phase
[1.208s][info][gc,phases      ] GC(39) Marking Phase 49.915ms
[1.208s][info][gc,phases,start] GC(39) Summary Phase
[1.208s][info][gc,phases      ] GC(39) Summary Phase 0.025ms
[1.208s][info][gc,phases,start] GC(39) Adjust Roots
[1.209s][info][gc,phases      ] GC(39) Adjust Roots 0.149ms
[1.209s][info][gc,phases,start] GC(39) Compaction Phase
[1.251s][info][gc,phases      ] GC(39) Compaction Phase 42.706ms
[1.251s][info][gc,phases,start] GC(39) Post Compact
[1.252s][info][gc,phases      ] GC(39) Post Compact 0.967ms
[1.253s][info][gc,heap        ] GC(39) PSYoungGen: 22144K(64512K)->3081K(64512K) Eden: 0K(25088K)->0K(25088K) From: 22144K(39424K)->3081K(39424K)
[1.253s][info][gc,heap        ] GC(39) ParOldGen: 199189K(214016K)->213596K(263168K)
[1.253s][info][gc,metaspace   ] GC(39) Metaspace: 6298K(6464K)->6298K(6464K) NonClass: 5765K(5824K)->5765K(5824K) Class: 533K(640K)->533K(640K)
[1.253s][info][gc             ] GC(39) Pause Full (Ergonomics) 216M->211M(320M) 94.339ms
[1.253s][info][gc,cpu         ] GC(39) User=0.33s Sys=0.00s Real=0.09s
[1.281s][info][gc,start       ] GC(40) Pause Young (Allocation Failure)
[1.304s][info][gc,heap        ] GC(40) PSYoungGen: 28169K(64512K)->28288K(64512K) Eden: 25088K(25088K)->0K(25088K) From: 3081K(39424K)->28288K(39424K)
[1.304s][info][gc,heap        ] GC(40) ParOldGen: 213596K(263168K)->213596K(263168K)
[1.304s][info][gc,metaspace   ] GC(40) Metaspace: 6298K(6464K)->6298K(6464K) NonClass: 5765K(5824K)->5765K(5824K) Class: 533K(640K)->533K(640K)
[1.304s][info][gc             ] GC(40) Pause Young (Allocation Failure) 236M->236M(320M) 22.355ms
[1.304s][info][gc,cpu         ] GC(40) User=0.09s Sys=0.00s Real=0.02s
[1.333s][info][gc,start       ] GC(41) Pause Young (Allocation Failure)
[1.360s][info][gc,heap        ] GC(41) PSYoungGen: 53376K(64512K)->41472K(58880K) Eden: 25088K(25088K)->0K(17408K) From: 28288K(39424K)->41472K(41472K)
[1.360s][info][gc,heap        ] GC(41) ParOldGen: 213596K(263168K)->225572K(263168K)
[1.360s][info][gc,metaspace   ] GC(41) Metaspace: 6298K(6464K)->6298K(6464K) NonClass: 5765K(5824K)->5765K(5824K) Class: 533K(640K)->533K(640K)
[1.360s][info][gc             ] GC(41) Pause Young (Allocation Failure) 260M->260M(314M) 26.736ms
[1.360s][info][gc,cpu         ] GC(41) User=0.08s Sys=0.02s Real=0.03s
[1.379s][info][gc,start       ] GC(42) Pause Young (Allocation Failure)
[1.408s][info][gc,heap        ] GC(42) PSYoungGen: 58880K(58880K)->36096K(70144K) Eden: 17408K(17408K)->0K(17408K) From: 41472K(41472K)->36096K(52736K)
[1.408s][info][gc,heap        ] GC(42) ParOldGen: 225572K(263168K)->248724K(263168K)
[1.408s][info][gc,metaspace   ] GC(42) Metaspace: 6298K(6464K)->6298K(6464K) NonClass: 5765K(5824K)->5765K(5824K) Class: 533K(640K)->533K(640K)
[1.408s][info][gc             ] GC(42) Pause Young (Allocation Failure) 277M->278M(325M) 28.684ms
[1.408s][info][gc,cpu         ] GC(42) User=0.11s Sys=0.00s Real=0.03s
[1.408s][info][gc,start       ] GC(43) Pause Full (Ergonomics)
[1.408s][info][gc,phases,start] GC(43) Marking Phase
[1.477s][info][gc,phases      ] GC(43) Marking Phase 69.383ms
[1.477s][info][gc,phases,start] GC(43) Summary Phase
[1.477s][info][gc,phases      ] GC(43) Summary Phase 0.022ms
[1.477s][info][gc,phases,start] GC(43) Adjust Roots
[1.478s][info][gc,phases      ] GC(43) Adjust Roots 0.163ms
[1.478s][info][gc,phases,start] GC(43) Compaction Phase
[1.518s][info][gc,phases      ] GC(43) Compaction Phase 40.856ms
[1.518s][info][gc,phases,start] GC(43) Post Compact
[1.520s][info][gc,phases      ] GC(43) Post Compact 1.705ms
[1.521s][info][gc,heap        ] GC(43) PSYoungGen: 36096K(70144K)->21139K(70144K) Eden: 0K(17408K)->0K(17408K) From: 36096K(52736K)->21139K(52736K)
[1.521s][info][gc,heap        ] GC(43) ParOldGen: 248724K(263168K)->263023K(316416K)
[1.521s][info][gc,metaspace   ] GC(43) Metaspace: 6298K(6464K)->6298K(6464K) NonClass: 5765K(5824K)->5765K(5824K) Class: 533K(640K)->533K(640K)
[1.521s][info][gc             ] GC(43) Pause Full (Ergonomics) 278M->277M(377M) 112.690ms
[1.521s][info][gc,cpu         ] GC(43) User=0.62s Sys=0.00s Real=0.11s
[1.543s][info][gc,start       ] GC(44) Pause Young (Allocation Failure)
[1.580s][info][gc,heap        ] GC(44) PSYoungGen: 38547K(70144K)->29184K(73728K) Eden: 17408K(17408K)->0K(20480K) From: 21139K(52736K)->29184K(53248K)
[1.580s][info][gc,heap        ] GC(44) ParOldGen: 263023K(316416K)->272687K(316416K)
[1.580s][info][gc,metaspace   ] GC(44) Metaspace: 6298K(6464K)->6298K(6464K) NonClass: 5765K(5824K)->5765K(5824K) Class: 533K(640K)->533K(640K)
[1.580s][info][gc             ] GC(44) Pause Young (Allocation Failure) 294M->294M(381M) 37.245ms
[1.580s][info][gc,cpu         ] GC(44) User=0.09s Sys=0.00s Real=0.04s
[1.604s][info][gc,start       ] GC(45) Pause Young (Allocation Failure)
[1.629s][info][gc,heap        ] GC(45) PSYoungGen: 49664K(73728K)->49696K(74752K) Eden: 20480K(20480K)->0K(20480K) From: 29184K(53248K)->49696K(54272K)
[1.629s][info][gc,heap        ] GC(45) ParOldGen: 272687K(316416K)->272687K(316416K)
[1.629s][info][gc,metaspace   ] GC(45) Metaspace: 6298K(6464K)->6298K(6464K) NonClass: 5765K(5824K)->5765K(5824K) Class: 533K(640K)->533K(640K)
[1.629s][info][gc             ] GC(45) Pause Young (Allocation Failure) 314M->314M(382M) 25.365ms
[1.629s][info][gc,cpu         ] GC(45) User=0.11s Sys=0.00s Real=0.03s
[1.653s][info][gc,start       ] GC(46) Pause Young (Allocation Failure)
[1.689s][info][gc,heap        ] GC(46) PSYoungGen: 70176K(74752K)->58560K(75776K) Eden: 20480K(20480K)->0K(14848K) From: 49696K(54272K)->58560K(60928K)
[1.690s][info][gc,heap        ] GC(46) ParOldGen: 272687K(316416K)->284495K(316416K)
[1.690s][info][gc,metaspace   ] GC(46) Metaspace: 6298K(6464K)->6298K(6464K) NonClass: 5765K(5824K)->5765K(5824K) Class: 533K(640K)->533K(640K)
[1.690s][info][gc             ] GC(46) Pause Young (Allocation Failure) 334M->335M(383M) 36.681ms
[1.690s][info][gc,cpu         ] GC(46) User=0.22s Sys=0.02s Real=0.04s
[1.770s][info][gc,start       ] GC(47) Pause Full (Ergonomics)
[1.770s][info][gc,phases,start] GC(47) Marking Phase
[1.853s][info][gc,phases      ] GC(47) Marking Phase 83.323ms
[1.853s][info][gc,phases,start] GC(47) Summary Phase
[1.853s][info][gc,phases      ] GC(47) Summary Phase 0.024ms
[1.853s][info][gc,phases,start] GC(47) Adjust Roots
[1.853s][info][gc,phases      ] GC(47) Adjust Roots 0.183ms
[1.853s][info][gc,phases,start] GC(47) Compaction Phase
[1.927s][info][gc,phases      ] GC(47) Compaction Phase 74.184ms
[1.928s][info][gc,phases,start] GC(47) Post Compact
[1.929s][info][gc,phases      ] GC(47) Post Compact 1.956ms
[1.930s][info][gc,heap        ] GC(47) PSYoungGen: 73408K(75776K)->49069K(75776K) Eden: 14848K(14848K)->0K(14848K) From: 58560K(60928K)->49069K(60928K)
[1.930s][info][gc,heap        ] GC(47) ParOldGen: 300879K(316416K)->316367K(368640K)
[1.930s][info][gc,metaspace   ] GC(47) Metaspace: 6298K(6464K)->6298K(6464K) NonClass: 5765K(5824K)->5765K(5824K) Class: 533K(640K)->533K(640K)
[1.930s][info][gc             ] GC(47) Pause Full (Ergonomics) 365M->356M(434M) 160.291ms
[1.930s][info][gc,cpu         ] GC(47) User=0.88s Sys=0.00s Real=0.16s
[1.944s][info][gc,start       ] GC(48) Pause Young (Allocation Failure)
[1.986s][info][gc,heap        ] GC(48) PSYoungGen: 63917K(75776K)->49280K(84480K) Eden: 14848K(14848K)->0K(14848K) From: 49069K(60928K)->49280K(69632K)
[1.986s][info][gc,heap        ] GC(48) ParOldGen: 316367K(368640K)->331423K(368640K)
[1.986s][info][gc,metaspace   ] GC(48) Metaspace: 6298K(6464K)->6298K(6464K) NonClass: 5765K(5824K)->5765K(5824K) Class: 533K(640K)->533K(640K)
[1.986s][info][gc             ] GC(48) Pause Young (Allocation Failure) 371M->371M(442M) 41.822ms
[1.986s][info][gc,cpu         ] GC(48) User=0.22s Sys=0.00s Real=0.04s
[2.002s][info][gc,start       ] GC(49) Pause Young (Allocation Failure)
[2.031s][info][gc,heap        ] GC(49) PSYoungGen: 64128K(84480K)->64160K(82432K) Eden: 14848K(14848K)->0K(9216K) From: 49280K(69632K)->64160K(73216K)
[2.031s][info][gc,heap        ] GC(49) ParOldGen: 331423K(368640K)->331423K(368640K)
[2.031s][info][gc,metaspace   ] GC(49) Metaspace: 6298K(6464K)->6298K(6464K) NonClass: 5765K(5824K)->5765K(5824K) Class: 533K(640K)->533K(640K)
[2.031s][info][gc             ] GC(49) Pause Young (Allocation Failure) 386M->386M(440M) 29.595ms
[2.031s][info][gc,cpu         ] GC(49) User=0.14s Sys=0.00s Real=0.03s
[2.041s][info][gc,start       ] GC(50) Pause Young (Allocation Failure)
[2.073s][info][gc,heap        ] GC(50) PSYoungGen: 73376K(82432K)->56224K(90112K) Eden: 9216K(9216K)->0K(9216K) From: 64160K(73216K)->56224K(80896K)
[2.073s][info][gc,heap        ] GC(50) ParOldGen: 331423K(368640K)->348727K(368640K)
[2.073s][info][gc,metaspace   ] GC(50) Metaspace: 6298K(6464K)->6298K(6464K) NonClass: 5765K(5824K)->5765K(5824K) Class: 533K(640K)->533K(640K)
[2.073s][info][gc             ] GC(50) Pause Young (Allocation Failure) 395M->395M(448M) 31.992ms
[2.073s][info][gc,cpu         ] GC(50) User=0.06s Sys=0.08s Real=0.03s
[2.073s][info][gc,start       ] GC(51) Pause Full (Ergonomics)
[2.073s][info][gc,phases,start] GC(51) Marking Phase
[2.159s][info][gc,phases      ] GC(51) Marking Phase 86.209ms
[2.159s][info][gc,phases,start] GC(51) Summary Phase
[2.159s][info][gc,phases      ] GC(51) Summary Phase 0.029ms
[2.159s][info][gc,phases,start] GC(51) Adjust Roots
[2.159s][info][gc,phases      ] GC(51) Adjust Roots 0.153ms
[2.159s][info][gc,phases,start] GC(51) Compaction Phase
[2.209s][info][gc,phases      ] GC(51) Compaction Phase 49.295ms
[2.209s][info][gc,phases,start] GC(51) Post Compact
[2.210s][info][gc,phases      ] GC(51) Post Compact 1.881ms
[2.211s][info][gc,heap        ] GC(51) PSYoungGen: 56224K(90112K)->36082K(90112K) Eden: 0K(9216K)->0K(9216K) From: 56224K(80896K)->36082K(80896K)
[2.211s][info][gc,heap        ] GC(51) ParOldGen: 348727K(368640K)->368174K(423424K)
[2.211s][info][gc,metaspace   ] GC(51) Metaspace: 6298K(6464K)->6298K(6464K) NonClass: 5765K(5824K)->5765K(5824K) Class: 533K(640K)->533K(640K)
[2.211s][info][gc             ] GC(51) Pause Full (Ergonomics) 395M->394M(501M) 138.122ms
[2.211s][info][gc,cpu         ] GC(51) User=0.89s Sys=0.02s Real=0.14s
[2.221s][info][gc,start       ] GC(52) Pause Young (Allocation Failure)
[2.257s][info][gc,heap        ] GC(52) PSYoungGen: 45298K(90112K)->24256K(90112K) Eden: 9216K(9216K)->0K(10752K) From: 36082K(80896K)->24256K(79360K)
[2.257s][info][gc,heap        ] GC(52) ParOldGen: 368174K(423424K)->389638K(423424K)
[2.257s][info][gc,metaspace   ] GC(52) Metaspace: 6298K(6464K)->6298K(6464K) NonClass: 5765K(5824K)->5765K(5824K) Class: 533K(640K)->533K(640K)
[2.257s][info][gc             ] GC(52) Pause Young (Allocation Failure) 403M->404M(501M) 35.904ms
[2.257s][info][gc,cpu         ] GC(52) User=0.25s Sys=0.02s Real=0.04s
[2.268s][info][gc,start       ] GC(53) Pause Young (Allocation Failure)
[2.285s][info][gc,heap        ] GC(53) PSYoungGen: 35008K(90112K)->25216K(36352K) Eden: 10752K(10752K)->0K(10752K) From: 24256K(79360K)->25216K(25600K)
[2.285s][info][gc,heap        ] GC(53) ParOldGen: 389638K(423424K)->399542K(423424K)
[2.285s][info][gc,metaspace   ] GC(53) Metaspace: 6298K(6464K)->6298K(6464K) NonClass: 5765K(5824K)->5765K(5824K) Class: 533K(640K)->533K(640K)
[2.285s][info][gc             ] GC(53) Pause Young (Allocation Failure) 414M->414M(449M) 17.374ms
[2.285s][info][gc,cpu         ] GC(53) User=0.09s Sys=0.03s Real=0.02s
[2.285s][info][gc,start       ] GC(54) Pause Full (Ergonomics)
[2.285s][info][gc,phases,start] GC(54) Marking Phase
[2.381s][info][gc,phases      ] GC(54) Marking Phase 95.241ms
[2.381s][info][gc,phases,start] GC(54) Summary Phase
[2.381s][info][gc,phases      ] GC(54) Summary Phase 0.027ms
[2.381s][info][gc,phases,start] GC(54) Adjust Roots
[2.381s][info][gc,phases      ] GC(54) Adjust Roots 0.149ms
[2.381s][info][gc,phases,start] GC(54) Compaction Phase
[2.424s][info][gc,phases      ] GC(54) Compaction Phase 43.408ms
[2.424s][info][gc,phases,start] GC(54) Post Compact
[2.426s][info][gc,phases      ] GC(54) Post Compact 2.009ms
[2.427s][info][gc,heap        ] GC(54) PSYoungGen: 25216K(36352K)->1038K(36352K) Eden: 0K(10752K)->0K(10752K) From: 25216K(25600K)->1038K(25600K)
[2.427s][info][gc,heap        ] GC(54) ParOldGen: 399542K(423424K)->423120K(481792K)
[2.427s][info][gc,metaspace   ] GC(54) Metaspace: 6298K(6464K)->6298K(6464K) NonClass: 5765K(5824K)->5765K(5824K) Class: 533K(640K)->533K(640K)
[2.427s][info][gc             ] GC(54) Pause Full (Ergonomics) 414M->414M(506M) 141.502ms
[2.427s][info][gc,cpu         ] GC(54) User=0.98s Sys=0.00s Real=0.14s
[2.438s][info][gc,start       ] GC(55) Pause Young (Allocation Failure)
[2.463s][info][gc,heap        ] GC(55) PSYoungGen: 11790K(36352K)->11424K(90112K) Eden: 10752K(10752K)->0K(12288K) From: 1038K(25600K)->11424K(77824K)
[2.463s][info][gc,heap        ] GC(55) ParOldGen: 423120K(481792K)->423680K(481792K)
[2.463s][info][gc,metaspace   ] GC(55) Metaspace: 6298K(6464K)->6298K(6464K) NonClass: 5765K(5824K)->5765K(5824K) Class: 533K(640K)->533K(640K)
[2.463s][info][gc             ] GC(55) Pause Young (Allocation Failure) 424M->424M(558M) 24.798ms
[2.463s][info][gc,cpu         ] GC(55) User=0.12s Sys=0.00s Real=0.03s
[2.475s][info][gc,start       ] GC(56) Pause Young (Allocation Failure)
[2.489s][info][gc,heap        ] GC(56) PSYoungGen: 23712K(90112K)->23648K(36352K) Eden: 12288K(12288K)->0K(12288K) From: 11424K(77824K)->23648K(24064K)
[2.489s][info][gc,heap        ] GC(56) ParOldGen: 423680K(481792K)->423680K(481792K)
[2.489s][info][gc,metaspace   ] GC(56) Metaspace: 6298K(6464K)->6298K(6464K) NonClass: 5765K(5824K)->5765K(5824K) Class: 533K(640K)->533K(640K)
[2.489s][info][gc             ] GC(56) Pause Young (Allocation Failure) 436M->436M(506M) 13.473ms
[2.489s][info][gc,cpu         ] GC(56) User=0.00s Sys=0.00s Real=0.01s
[2.502s][info][gc,start       ] GC(57) Pause Young (Allocation Failure)
[2.520s][info][gc,heap        ] GC(57) PSYoungGen: 35936K(36352K)->35968K(83968K) Eden: 12288K(12288K)->0K(13824K) From: 23648K(24064K)->35968K(70144K)
[2.520s][info][gc,heap        ] GC(57) ParOldGen: 423680K(481792K)->423680K(481792K)
[2.520s][info][gc,metaspace   ] GC(57) Metaspace: 6298K(6464K)->6298K(6464K) NonClass: 5765K(5824K)->5765K(5824K) Class: 533K(640K)->533K(640K)
[2.520s][info][gc             ] GC(57) Pause Young (Allocation Failure) 448M->448M(552M) 18.490ms
[2.520s][info][gc,cpu         ] GC(57) User=0.11s Sys=0.00s Real=0.02s
[2.536s][info][gc,start       ] GC(58) Pause Young (Allocation Failure)
[2.559s][info][gc,heap        ] GC(58) PSYoungGen: 49792K(83968K)->49600K(86528K) Eden: 13824K(13824K)->0K(13824K) From: 35968K(70144K)->49600K(72704K)
[2.559s][info][gc,heap        ] GC(58) ParOldGen: 423680K(481792K)->423872K(481792K)
[2.559s][info][gc,metaspace   ] GC(58) Metaspace: 6298K(6464K)->6298K(6464K) NonClass: 5765K(5824K)->5765K(5824K) Class: 533K(640K)->533K(640K)
[2.559s][info][gc             ] GC(58) Pause Young (Allocation Failure) 462M->462M(555M) 23.631ms
[2.559s][info][gc,cpu         ] GC(58) User=0.12s Sys=0.00s Real=0.02s
[2.575s][info][gc,start       ] GC(59) Pause Young (Allocation Failure)
[2.606s][info][gc,heap        ] GC(59) PSYoungGen: 63424K(86528K)->63072K(83968K) Eden: 13824K(13824K)->0K(8704K) From: 49600K(72704K)->63072K(75264K)
[2.606s][info][gc,heap        ] GC(59) ParOldGen: 423872K(481792K)->424264K(481792K)
[2.606s][info][gc,metaspace   ] GC(59) Metaspace: 6298K(6464K)->6298K(6464K) NonClass: 5765K(5824K)->5765K(5824K) Class: 533K(640K)->533K(640K)
[2.606s][info][gc             ] GC(59) Pause Young (Allocation Failure) 475M->475M(552M) 30.991ms
[2.606s][info][gc,cpu         ] GC(59) User=0.11s Sys=0.00s Real=0.03s
[2.616s][info][gc,start       ] GC(60) Pause Young (Allocation Failure)
[2.651s][info][gc,heap        ] GC(60) PSYoungGen: 71776K(83968K)->61056K(90624K) Eden: 8704K(8704K)->0K(8704K) From: 63072K(75264K)->61056K(81920K)
[2.651s][info][gc,heap        ] GC(60) ParOldGen: 424264K(481792K)->435160K(481792K)
[2.651s][info][gc,metaspace   ] GC(60) Metaspace: 6298K(6464K)->6298K(6464K) NonClass: 5765K(5824K)->5765K(5824K) Class: 533K(640K)->533K(640K)
[2.651s][info][gc             ] GC(60) Pause Young (Allocation Failure) 484M->484M(559M) 35.235ms
[2.651s][info][gc,cpu         ] GC(60) User=0.22s Sys=0.00s Real=0.03s
[2.660s][info][gc,start       ] GC(61) Pause Young (Allocation Failure)
[2.695s][info][gc,heap        ] GC(61) PSYoungGen: 69760K(90624K)->45120K(91648K) Eden: 8704K(8704K)->0K(10240K) From: 61056K(81920K)->45120K(81408K)
[2.695s][info][gc,heap        ] GC(61) ParOldGen: 435160K(481792K)->460024K(481792K)
[2.695s][info][gc,metaspace   ] GC(61) Metaspace: 6298K(6464K)->6298K(6464K) NonClass: 5765K(5824K)->5765K(5824K) Class: 533K(640K)->533K(640K)
[2.695s][info][gc             ] GC(61) Pause Young (Allocation Failure) 493M->493M(560M) 34.596ms
[2.695s][info][gc,cpu         ] GC(61) User=0.16s Sys=0.02s Real=0.04s
[2.695s][info][gc,start       ] GC(62) Pause Full (Ergonomics)
[2.695s][info][gc,phases,start] GC(62) Marking Phase
[2.819s][info][gc,phases      ] GC(62) Marking Phase 123.959ms
[2.819s][info][gc,phases,start] GC(62) Summary Phase
[2.819s][info][gc,phases      ] GC(62) Summary Phase 0.028ms
[2.819s][info][gc,phases,start] GC(62) Adjust Roots
[2.819s][info][gc,phases      ] GC(62) Adjust Roots 0.163ms
[2.819s][info][gc,phases,start] GC(62) Compaction Phase
[2.869s][info][gc,phases      ] GC(62) Compaction Phase 50.269ms
[2.869s][info][gc,phases,start] GC(62) Post Compact
[2.872s][info][gc,phases      ] GC(62) Post Compact 2.586ms
[2.872s][info][gc,heap        ] GC(62) PSYoungGen: 45120K(91648K)->22962K(93696K) Eden: 0K(10240K)->0K(12288K) From: 45120K(81408K)->22962K(81408K)
[2.872s][info][gc,heap        ] GC(62) ParOldGen: 460024K(481792K)->481358K(544768K)
[2.872s][info][gc,metaspace   ] GC(62) Metaspace: 6298K(6464K)->6298K(6464K) NonClass: 5765K(5824K)->5765K(5824K) Class: 533K(640K)->533K(640K)
[2.872s][info][gc             ] GC(62) Pause Full (Ergonomics) 493M->492M(623M) 177.588ms
[2.872s][info][gc,cpu         ] GC(62) User=1.03s Sys=0.02s Real=0.18s
[2.886s][info][gc,start       ] GC(63) Pause Young (Allocation Failure)
[2.925s][info][gc,heap        ] GC(63) PSYoungGen: 35250K(93696K)->21280K(96256K) Eden: 12288K(12288K)->0K(12288K) From: 22962K(81408K)->21280K(83968K)
[2.925s][info][gc,heap        ] GC(63) ParOldGen: 481358K(544768K)->495702K(544768K)
[2.925s][info][gc,metaspace   ] GC(63) Metaspace: 6298K(6464K)->6298K(6464K) NonClass: 5765K(5824K)->5765K(5824K) Class: 533K(640K)->533K(640K)
[2.925s][info][gc             ] GC(63) Pause Young (Allocation Failure) 504M->504M(626M) 38.488ms
[2.925s][info][gc,cpu         ] GC(63) User=0.25s Sys=0.00s Real=0.04s
[2.938s][info][gc,start       ] GC(64) Pause Young (Allocation Failure)
[2.956s][info][gc,heap        ] GC(64) PSYoungGen: 33568K(96256K)->24704K(92160K) Eden: 12288K(12288K)->0K(14336K) From: 21280K(83968K)->24704K(77824K)
[2.956s][info][gc,heap        ] GC(64) ParOldGen: 495702K(544768K)->504678K(544768K)
[2.956s][info][gc,metaspace   ] GC(64) Metaspace: 6298K(6464K)->6298K(6464K) NonClass: 5765K(5824K)->5765K(5824K) Class: 533K(640K)->533K(640K)
[2.956s][info][gc             ] GC(64) Pause Young (Allocation Failure) 516M->516M(622M) 18.208ms
[2.956s][info][gc,cpu         ] GC(64) User=0.11s Sys=0.00s Real=0.02s
[2.972s][info][gc,start       ] GC(65) Pause Young (Allocation Failure)
[2.994s][info][gc,heap        ] GC(65) PSYoungGen: 39040K(92160K)->14432K(94720K) Eden: 14336K(14336K)->0K(14336K) From: 24704K(77824K)->14432K(80384K)
[2.994s][info][gc,heap        ] GC(65) ParOldGen: 504678K(544768K)->529566K(544768K)
[2.994s][info][gc,metaspace   ] GC(65) Metaspace: 6298K(6464K)->6298K(6464K) NonClass: 5765K(5824K)->5765K(5824K) Class: 533K(640K)->533K(640K)
[2.994s][info][gc             ] GC(65) Pause Young (Allocation Failure) 530M->531M(624M) 21.920ms
[2.994s][info][gc,cpu         ] GC(65) User=0.11s Sys=0.02s Real=0.02s
[2.994s][info][gc,start       ] GC(66) Pause Full (Ergonomics)
[2.994s][info][gc,phases,start] GC(66) Marking Phase
[3.115s][info][gc,phases      ] GC(66) Marking Phase 120.759ms
[3.115s][info][gc,phases,start] GC(66) Summary Phase
[3.115s][info][gc,phases      ] GC(66) Summary Phase 0.025ms
[3.115s][info][gc,phases,start] GC(66) Adjust Roots
[3.115s][info][gc,phases      ] GC(66) Adjust Roots 0.163ms
[3.115s][info][gc,phases,start] GC(66) Compaction Phase
[3.167s][info][gc,phases      ] GC(66) Compaction Phase 52.252ms
[3.167s][info][gc,phases,start] GC(66) Post Compact
[3.168s][info][gc,phases      ] GC(66) Post Compact 0.852ms
[3.168s][info][gc,heap        ] GC(66) PSYoungGen: 14432K(94720K)->0K(96256K) Eden: 0K(14336K)->0K(16384K) From: 14432K(80384K)->0K(79872K)
[3.168s][info][gc,heap        ] GC(66) ParOldGen: 529566K(544768K)->543137K(611840K)
[3.168s][info][gc,metaspace   ] GC(66) Metaspace: 6298K(6464K)->6298K(6464K) NonClass: 5765K(5824K)->5765K(5824K) Class: 533K(640K)->533K(640K)
[3.168s][info][gc             ] GC(66) Pause Full (Ergonomics) 531M->530M(691M) 174.585ms
[3.168s][info][gc,cpu         ] GC(66) User=1.16s Sys=0.03s Real=0.18s
[3.187s][info][gc,start       ] GC(67) Pause Young (Allocation Failure)
[3.197s][info][gc,heap        ] GC(67) PSYoungGen: 16384K(96256K)->16512K(96256K) Eden: 16384K(16384K)->0K(16384K) From: 0K(79872K)->16512K(79872K)
[3.197s][info][gc,heap        ] GC(67) ParOldGen: 543137K(611840K)->543137K(611840K)
[3.197s][info][gc,metaspace   ] GC(67) Metaspace: 6298K(6464K)->6298K(6464K) NonClass: 5765K(5824K)->5765K(5824K) Class: 533K(640K)->533K(640K)
[3.197s][info][gc             ] GC(67) Pause Young (Allocation Failure) 546M->546M(691M) 10.585ms
[3.197s][info][gc,cpu         ] GC(67) User=0.02s Sys=0.00s Real=0.01s
[3.216s][info][gc,start       ] GC(68) Pause Young (Allocation Failure)
[3.234s][info][gc,heap        ] GC(68) PSYoungGen: 32896K(96256K)->32928K(87552K) Eden: 16384K(16384K)->0K(18432K) From: 16512K(79872K)->32928K(69120K)
[3.234s][info][gc,heap        ] GC(68) ParOldGen: 543137K(611840K)->543137K(611840K)
[3.234s][info][gc,metaspace   ] GC(68) Metaspace: 6298K(6464K)->6298K(6464K) NonClass: 5765K(5824K)->5765K(5824K) Class: 533K(640K)->533K(640K)
[3.234s][info][gc             ] GC(68) Pause Young (Allocation Failure) 562M->562M(683M) 18.551ms
[3.234s][info][gc,cpu         ] GC(68) User=0.03s Sys=0.00s Real=0.02s
[3.254s][info][gc,start       ] GC(69) Pause Young (Allocation Failure)
[3.279s][info][gc,heap        ] GC(69) PSYoungGen: 51360K(87552K)->51264K(92160K) Eden: 18432K(18432K)->0K(18432K) From: 32928K(69120K)->51264K(73728K)
[3.279s][info][gc,heap        ] GC(69) ParOldGen: 543137K(611840K)->543137K(611840K)
[3.279s][info][gc,metaspace   ] GC(69) Metaspace: 6298K(6464K)->6298K(6464K) NonClass: 5765K(5824K)->5765K(5824K) Class: 533K(640K)->533K(640K)
[3.279s][info][gc             ] GC(69) Pause Young (Allocation Failure) 580M->580M(687M) 25.299ms
[3.280s][info][gc,cpu         ] GC(69) User=0.14s Sys=0.00s Real=0.03s
[3.301s][info][gc,start       ] GC(70) Pause Young (Allocation Failure)
[3.335s][info][gc,heap        ] GC(70) PSYoungGen: 69696K(92160K)->53376K(94720K) Eden: 18432K(18432K)->0K(17920K) From: 51264K(73728K)->53376K(76800K)
[3.335s][info][gc,heap        ] GC(70) ParOldGen: 543137K(611840K)->559745K(611840K)
[3.335s][info][gc,metaspace   ] GC(70) Metaspace: 6298K(6464K)->6298K(6464K) NonClass: 5765K(5824K)->5765K(5824K) Class: 533K(640K)->533K(640K)
[3.335s][info][gc             ] GC(70) Pause Young (Allocation Failure) 598M->598M(690M) 34.234ms
[3.335s][info][gc,cpu         ] GC(70) User=0.17s Sys=0.00s Real=0.03s
[3.357s][info][gc,start       ] GC(71) Pause Young (Allocation Failure)
[3.392s][info][gc,heap        ] GC(71) PSYoungGen: 71296K(94720K)->54912K(97280K) Eden: 17920K(17920K)->0K(17920K) From: 53376K(76800K)->54912K(79360K)
[3.392s][info][gc,heap        ] GC(71) ParOldGen: 559745K(611840K)->576353K(611840K)
[3.392s][info][gc,metaspace   ] GC(71) Metaspace: 6298K(6464K)->6298K(6464K) NonClass: 5765K(5824K)->5765K(5824K) Class: 533K(640K)->533K(640K)
[3.392s][info][gc             ] GC(71) Pause Young (Allocation Failure) 616M->616M(692M) 35.132ms
[3.392s][info][gc,cpu         ] GC(71) User=0.14s Sys=0.00s Real=0.03s
[3.413s][info][gc,start       ] GC(72) Pause Young (Allocation Failure)
[3.449s][info][gc,heap        ] GC(72) PSYoungGen: 72832K(97280K)->54432K(101376K) Eden: 17920K(17920K)->0K(18944K) From: 54912K(79360K)->54432K(82432K)
[3.449s][info][gc,heap        ] GC(72) ParOldGen: 576353K(611840K)->595041K(611840K)
[3.449s][info][gc,metaspace   ] GC(72) Metaspace: 6298K(6464K)->6298K(6464K) NonClass: 5765K(5824K)->5765K(5824K) Class: 533K(640K)->533K(640K)
[3.449s][info][gc             ] GC(72) Pause Young (Allocation Failure) 633M->634M(696M) 35.983ms
[3.449s][info][gc,cpu         ] GC(72) User=0.14s Sys=0.03s Real=0.04s
[3.449s][info][gc,start       ] GC(73) Pause Full (Ergonomics)
[3.449s][info][gc,phases,start] GC(73) Marking Phase
[3.589s][info][gc,phases      ] GC(73) Marking Phase 139.329ms
[3.589s][info][gc,phases,start] GC(73) Summary Phase
[3.589s][info][gc,phases      ] GC(73) Summary Phase 0.023ms
[3.589s][info][gc,phases,start] GC(73) Adjust Roots
[3.589s][info][gc,phases      ] GC(73) Adjust Roots 0.152ms
[3.589s][info][gc,phases,start] GC(73) Compaction Phase
[3.646s][info][gc,phases      ] GC(73) Compaction Phase 56.547ms
[3.646s][info][gc,phases,start] GC(73) Post Compact
[3.647s][info][gc,phases      ] GC(73) Post Compact 1.116ms
[3.647s][info][gc,heap        ] GC(73) PSYoungGen: 54432K(101376K)->36802K(101376K) Eden: 0K(18944K)->0K(18944K) From: 54432K(82432K)->36802K(82432K)
[3.647s][info][gc,heap        ] GC(73) ParOldGen: 595041K(611840K)->611609K(684544K)
[3.647s][info][gc,metaspace   ] GC(73) Metaspace: 6298K(6464K)->6298K(6464K) NonClass: 5765K(5824K)->5765K(5824K) Class: 533K(640K)->533K(640K)
[3.647s][info][gc             ] GC(73) Pause Full (Ergonomics) 634M->633M(767M) 197.702ms
[3.647s][info][gc,cpu         ] GC(73) User=1.38s Sys=0.02s Real=0.20s
[3.668s][info][gc,start       ] GC(74) Pause Young (Allocation Failure)
[3.720s][info][gc,heap        ] GC(74) PSYoungGen: 55746K(101376K)->31232K(50176K) Eden: 18944K(18944K)->0K(18944K) From: 36802K(82432K)->31232K(31232K)
[3.720s][info][gc,heap        ] GC(74) ParOldGen: 611609K(684544K)->636665K(684544K)
[3.720s][info][gc,metaspace   ] GC(74) Metaspace: 6298K(6464K)->6298K(6464K) NonClass: 5765K(5824K)->5765K(5824K) Class: 533K(640K)->533K(640K)
[3.720s][info][gc             ] GC(74) Pause Young (Allocation Failure) 651M->652M(717M) 51.340ms
[3.720s][info][gc,cpu         ] GC(74) User=0.27s Sys=0.00s Real=0.05s
[3.743s][info][gc,start       ] GC(75) Pause Young (Allocation Failure)
[3.771s][info][gc,heap        ] GC(75) PSYoungGen: 50176K(50176K)->38048K(94720K) Eden: 18944K(18944K)->0K(21504K) From: 31232K(31232K)->38048K(73216K)
[3.771s][info][gc,heap        ] GC(75) ParOldGen: 636665K(684544K)->648969K(684544K)
[3.771s][info][gc,metaspace   ] GC(75) Metaspace: 6298K(6464K)->6298K(6464K) NonClass: 5765K(5824K)->5765K(5824K) Class: 533K(640K)->533K(640K)
[3.771s][info][gc             ] GC(75) Pause Young (Allocation Failure) 670M->670M(761M) 28.095ms
[3.771s][info][gc,cpu         ] GC(75) User=0.12s Sys=0.00s Real=0.03s
[3.917s][info][gc,start       ] GC(76) Pause Full (Ergonomics)
[3.917s][info][gc,phases,start] GC(76) Marking Phase
[4.080s][info][gc,phases      ] GC(76) Marking Phase 163.414ms
[4.080s][info][gc,phases,start] GC(76) Summary Phase
[4.080s][info][gc,phases      ] GC(76) Summary Phase 0.023ms
[4.080s][info][gc,phases,start] GC(76) Adjust Roots
[4.081s][info][gc,phases      ] GC(76) Adjust Roots 0.491ms
[4.081s][info][gc,phases,start] GC(76) Compaction Phase
[4.212s][info][gc,phases      ] GC(76) Compaction Phase 131.814ms
[4.213s][info][gc,phases,start] GC(76) Post Compact
[4.214s][info][gc,phases      ] GC(76) Post Compact 1.526ms
[4.214s][info][gc,heap        ] GC(76) PSYoungGen: 59552K(94720K)->39872K(94720K) Eden: 21504K(21504K)->21462K(21504K) From: 38048K(73216K)->18410K(73216K)
[4.214s][info][gc,heap        ] GC(76) ParOldGen: 681737K(684544K)->684226K(762880K)
[4.214s][info][gc,metaspace   ] GC(76) Metaspace: 6298K(6464K)->6298K(6464K) NonClass: 5765K(5824K)->5765K(5824K) Class: 533K(640K)->533K(640K)
[4.214s][info][gc             ] GC(76) Pause Full (Ergonomics) 723M->707M(837M) 297.935ms
[4.215s][info][gc,cpu         ] GC(76) User=1.84s Sys=0.00s Real=0.30s
[4.215s][info][gc,start       ] GC(77) Pause Young (Allocation Failure)
[4.260s][info][gc,heap        ] GC(77) PSYoungGen: 39914K(94720K)->21184K(98304K) Eden: 21504K(21504K)->0K(21504K) From: 18410K(73216K)->21184K(76800K)
[4.260s][info][gc,heap        ] GC(77) ParOldGen: 684226K(762880K)->703426K(762880K)
[4.260s][info][gc,metaspace   ] GC(77) Metaspace: 6298K(6464K)->6298K(6464K) NonClass: 5765K(5824K)->5765K(5824K) Class: 533K(640K)->533K(640K)
[4.260s][info][gc             ] GC(77) Pause Young (Allocation Failure) 707M->707M(841M) 45.509ms
[4.260s][info][gc,cpu         ] GC(77) User=0.27s Sys=0.00s Real=0.04s
[4.283s][info][gc,start       ] GC(78) Pause Young (Allocation Failure)
[4.306s][info][gc,heap        ] GC(78) PSYoungGen: 42688K(98304K)->42720K(96768K) Eden: 21504K(21504K)->0K(24064K) From: 21184K(76800K)->42720K(72704K)
[4.306s][info][gc,heap        ] GC(78) ParOldGen: 703426K(762880K)->703426K(762880K)
[4.306s][info][gc,metaspace   ] GC(78) Metaspace: 6298K(6464K)->6298K(6464K) NonClass: 5765K(5824K)->5765K(5824K) Class: 533K(640K)->533K(640K)
[4.306s][info][gc             ] GC(78) Pause Young (Allocation Failure) 728M->728M(839M) 23.195ms
[4.306s][info][gc,cpu         ] GC(78) User=0.03s Sys=0.00s Real=0.02s
[4.331s][info][gc,start       ] GC(79) Pause Young (Allocation Failure)
[4.362s][info][gc,heap        ] GC(79) PSYoungGen: 66784K(96768K)->66752K(98304K) Eden: 24064K(24064K)->0K(24064K) From: 42720K(72704K)->66752K(74240K)
[4.362s][info][gc,heap        ] GC(79) ParOldGen: 703426K(762880K)->703426K(762880K)
[4.362s][info][gc,metaspace   ] GC(79) Metaspace: 6298K(6464K)->6298K(6464K) NonClass: 5765K(5824K)->5765K(5824K) Class: 533K(640K)->533K(640K)
[4.362s][info][gc             ] GC(79) Pause Young (Allocation Failure) 752M->752M(841M) 31.518ms
[4.362s][info][gc,cpu         ] GC(79) User=0.14s Sys=0.00s Real=0.03s
[4.389s][info][gc,start       ] GC(80) Pause Young (Allocation Failure)
[4.432s][info][gc,heap        ] GC(80) PSYoungGen: 90816K(98304K)->71872K(100352K) Eden: 24064K(24064K)->0K(18944K) From: 66752K(74240K)->71872K(81408K)
[4.432s][info][gc,heap        ] GC(80) ParOldGen: 703426K(762880K)->722618K(762880K)
[4.432s][info][gc,metaspace   ] GC(80) Metaspace: 6298K(6464K)->6298K(6464K) NonClass: 5765K(5824K)->5765K(5824K) Class: 533K(640K)->533K(640K)
[4.432s][info][gc             ] GC(80) Pause Young (Allocation Failure) 775M->775M(843M) 42.316ms
[4.432s][info][gc,cpu         ] GC(80) User=0.19s Sys=0.08s Real=0.04s
[4.451s][info][gc,start       ] GC(81) Pause Young (Allocation Failure)
[4.492s][info][gc,heap        ] GC(81) PSYoungGen: 90816K(100352K)->88768K(108032K) Eden: 18944K(18944K)->0K(18944K) From: 71872K(81408K)->88768K(89088K)
[4.492s][info][gc,heap        ] GC(81) ParOldGen: 722618K(762880K)->724762K(762880K)
[4.492s][info][gc,metaspace   ] GC(81) Metaspace: 6298K(6464K)->6298K(6464K) NonClass: 5765K(5824K)->5765K(5824K) Class: 533K(640K)->533K(640K)
[4.492s][info][gc             ] GC(81) Pause Young (Allocation Failure) 794M->794M(850M) 41.107ms
[4.492s][info][gc,cpu         ] GC(81) User=0.27s Sys=0.00s Real=0.04s
[4.511s][info][gc,start       ] GC(82) Pause Young (Allocation Failure)
[4.564s][info][gc,heap        ] GC(82) PSYoungGen: 107712K(108032K)->86208K(114176K) Eden: 18944K(18944K)->0K(12800K) From: 88768K(89088K)->86208K(101376K)
[4.564s][info][gc,heap        ] GC(82) ParOldGen: 724762K(762880K)->746546K(762880K)
[4.564s][info][gc,metaspace   ] GC(82) Metaspace: 6298K(6464K)->6298K(6464K) NonClass: 5765K(5824K)->5765K(5824K) Class: 533K(640K)->533K(640K)
[4.564s][info][gc             ] GC(82) Pause Young (Allocation Failure) 812M->813M(856M) 53.033ms
[4.564s][info][gc,cpu         ] GC(82) User=0.33s Sys=0.00s Real=0.05s
[4.564s][info][gc,start       ] GC(83) Pause Full (Ergonomics)
[4.564s][info][gc,phases,start] GC(83) Marking Phase
[4.750s][info][gc,phases      ] GC(83) Marking Phase 185.928ms
[4.750s][info][gc,phases,start] GC(83) Summary Phase
[4.750s][info][gc,phases      ] GC(83) Summary Phase 0.024ms
[4.750s][info][gc,phases,start] GC(83) Adjust Roots
[4.750s][info][gc,phases      ] GC(83) Adjust Roots 0.190ms
[4.750s][info][gc,phases,start] GC(83) Compaction Phase
[4.842s][info][gc,phases      ] GC(83) Compaction Phase 92.035ms
[4.842s][info][gc,phases,start] GC(83) Post Compact
[4.844s][info][gc,phases      ] GC(83) Post Compact 1.689ms
[4.845s][info][gc,heap        ] GC(83) PSYoungGen: 86208K(114176K)->69018K(114176K) Eden: 0K(12800K)->0K(12800K) From: 86208K(101376K)->69018K(101376K)
[4.845s][info][gc,heap        ] GC(83) ParOldGen: 746546K(762880K)->762463K(846336K)
[4.845s][info][gc,metaspace   ] GC(83) Metaspace: 6298K(6464K)->6298K(6464K) NonClass: 5765K(5824K)->5765K(5824K) Class: 533K(640K)->533K(640K)
[4.845s][info][gc             ] GC(83) Pause Full (Ergonomics) 813M->811M(938M) 280.661ms
[4.845s][info][gc,cpu         ] GC(83) User=1.92s Sys=0.00s Real=0.28s
[4.859s][info][gc,start       ] GC(84) Pause Young (Allocation Failure)
[4.927s][info][gc,heap        ] GC(84) PSYoungGen: 81818K(114176K)->44192K(57344K) Eden: 12800K(12800K)->0K(12800K) From: 69018K(101376K)->44192K(44544K)
[4.927s][info][gc,heap        ] GC(84) ParOldGen: 762463K(846336K)->800847K(846336K)
[4.927s][info][gc,metaspace   ] GC(84) Metaspace: 6298K(6464K)->6298K(6464K) NonClass: 5765K(5824K)->5765K(5824K) Class: 533K(640K)->533K(640K)
[4.927s][info][gc             ] GC(84) Pause Young (Allocation Failure) 824M->825M(882M) 67.967ms
[4.927s][info][gc,cpu         ] GC(84) User=0.48s Sys=0.02s Real=0.07s
[4.940s][info][gc,start       ] GC(85) Pause Young (Allocation Failure)
[4.969s][info][gc,heap        ] GC(85) PSYoungGen: 56992K(57344K)->40992K(112640K) Eden: 12800K(12800K)->0K(14336K) From: 44192K(44544K)->40992K(98304K)
[4.969s][info][gc,heap        ] GC(85) ParOldGen: 800847K(846336K)->816975K(846336K)
[4.969s][info][gc,metaspace   ] GC(85) Metaspace: 6298K(6464K)->6298K(6464K) NonClass: 5765K(5824K)->5765K(5824K) Class: 533K(640K)->533K(640K)
[4.969s][info][gc             ] GC(85) Pause Young (Allocation Failure) 837M->837M(936M) 28.419ms
[4.969s][info][gc,cpu         ] GC(85) User=0.14s Sys=0.00s Real=0.03s
[4.969s][info][gc,start       ] GC(86) Pause Full (Ergonomics)
[4.969s][info][gc,phases,start] GC(86) Marking Phase
[5.155s][info][gc,phases      ] GC(86) Marking Phase 186.165ms
[5.155s][info][gc,phases,start] GC(86) Summary Phase
[5.155s][info][gc,phases      ] GC(86) Summary Phase 0.028ms
[5.155s][info][gc,phases,start] GC(86) Adjust Roots
[5.155s][info][gc,phases      ] GC(86) Adjust Roots 0.161ms
[5.155s][info][gc,phases,start] GC(86) Compaction Phase
[5.242s][info][gc,phases      ] GC(86) Compaction Phase 86.374ms
[5.242s][info][gc,phases,start] GC(86) Post Compact
[5.243s][info][gc,phases      ] GC(86) Post Compact 1.651ms
[5.244s][info][gc,heap        ] GC(86) PSYoungGen: 40992K(112640K)->11166K(114688K) Eden: 0K(14336K)->0K(16384K) From: 40992K(98304K)->11166K(98304K)
[5.244s][info][gc,heap        ] GC(86) ParOldGen: 816975K(846336K)->845849K(941056K)
[5.244s][info][gc,metaspace   ] GC(86) Metaspace: 6298K(6464K)->6298K(6464K) NonClass: 5765K(5824K)->5765K(5824K) Class: 533K(640K)->533K(640K)
[5.244s][info][gc             ] GC(86) Pause Full (Ergonomics) 837M->836M(1031M) 275.158ms
[5.244s][info][gc,cpu         ] GC(86) User=1.81s Sys=0.02s Real=0.28s
[5.261s][info][gc,start       ] GC(87) Pause Young (Allocation Failure)
[5.311s][info][gc,heap        ] GC(87) PSYoungGen: 27550K(114688K)->21312K(118272K) Eden: 16384K(16384K)->0K(16384K) From: 11166K(98304K)->21312K(101888K)
[5.311s][info][gc,heap        ] GC(87) ParOldGen: 845849K(941056K)->852345K(941056K)
[5.311s][info][gc,metaspace   ] GC(87) Metaspace: 6298K(6464K)->6298K(6464K) NonClass: 5765K(5824K)->5765K(5824K) Class: 533K(640K)->533K(640K)
[5.311s][info][gc             ] GC(87) Pause Young (Allocation Failure) 852M->853M(1034M) 49.531ms
[5.311s][info][gc,cpu         ] GC(87) User=0.27s Sys=0.00s Real=0.05s
[5.329s][info][gc,start       ] GC(88) Pause Young (Allocation Failure)
[5.349s][info][gc,heap        ] GC(88) PSYoungGen: 37696K(118272K)->37696K(112640K) Eden: 16384K(16384K)->0K(18432K) From: 21312K(101888K)->37696K(94208K)
[5.349s][info][gc,heap        ] GC(88) ParOldGen: 852345K(941056K)->852345K(941056K)
[5.349s][info][gc,metaspace   ] GC(88) Metaspace: 6298K(6464K)->6298K(6464K) NonClass: 5765K(5824K)->5765K(5824K) Class: 533K(640K)->533K(640K)
[5.349s][info][gc             ] GC(88) Pause Young (Allocation Failure) 869M->869M(1029M) 20.809ms
[5.349s][info][gc,cpu         ] GC(88) User=0.02s Sys=0.00s Real=0.02s
[5.369s][info][gc,start       ] GC(89) Pause Young (Allocation Failure)
[5.397s][info][gc,heap        ] GC(89) PSYoungGen: 56128K(112640K)->56128K(116224K) Eden: 18432K(18432K)->0K(18432K) From: 37696K(94208K)->56128K(97792K)
[5.397s][info][gc,heap        ] GC(89) ParOldGen: 852345K(941056K)->852345K(941056K)
[5.397s][info][gc,metaspace   ] GC(89) Metaspace: 6298K(6464K)->6298K(6464K) NonClass: 5765K(5824K)->5765K(5824K) Class: 533K(640K)->533K(640K)
[5.397s][info][gc             ] GC(89) Pause Young (Allocation Failure) 887M->887M(1032M) 28.239ms
[5.398s][info][gc,cpu         ] GC(89) User=0.14s Sys=0.00s Real=0.03s
[5.417s][info][gc,start       ] GC(90) Pause Young (Allocation Failure)
[5.453s][info][gc,heap        ] GC(90) PSYoungGen: 74560K(116224K)->69824K(113152K) Eden: 18432K(18432K)->0K(16896K) From: 56128K(97792K)->69824K(96256K)
[5.454s][info][gc,heap        ] GC(90) ParOldGen: 852345K(941056K)->857209K(941056K)
[5.454s][info][gc,metaspace   ] GC(90) Metaspace: 6298K(6464K)->6298K(6464K) NonClass: 5765K(5824K)->5765K(5824K) Class: 533K(640K)->533K(640K)
[5.454s][info][gc             ] GC(90) Pause Young (Allocation Failure) 905M->905M(1029M) 36.125ms
[5.454s][info][gc,cpu         ] GC(90) User=0.25s Sys=0.00s Real=0.04s
[5.472s][info][gc,start       ] GC(91) Pause Young (Allocation Failure)
[5.512s][info][gc,heap        ] GC(91) PSYoungGen: 86720K(113152K)->70272K(116736K) Eden: 16896K(16896K)->0K(16896K) From: 69824K(96256K)->70272K(99840K)
[5.512s][info][gc,heap        ] GC(91) ParOldGen: 857209K(941056K)->873825K(941056K)
[5.512s][info][gc,metaspace   ] GC(91) Metaspace: 6298K(6464K)->6298K(6464K) NonClass: 5765K(5824K)->5765K(5824K) Class: 533K(640K)->533K(640K)
[5.513s][info][gc             ] GC(91) Pause Young (Allocation Failure) 921M->921M(1033M) 40.722ms
[5.513s][info][gc,cpu         ] GC(91) User=0.27s Sys=0.00s Real=0.04s
[5.531s][info][gc,start       ] GC(92) Pause Young (Allocation Failure)
[5.572s][info][gc,heap        ] GC(92) PSYoungGen: 87168K(116736K)->70784K(119296K) Eden: 16896K(16896K)->0K(16896K) From: 70272K(99840K)->70784K(102400K)
[5.572s][info][gc,heap        ] GC(92) ParOldGen: 873825K(941056K)->890433K(941056K)
[5.572s][info][gc,metaspace   ] GC(92) Metaspace: 6298K(6464K)->6298K(6464K) NonClass: 5765K(5824K)->5765K(5824K) Class: 533K(640K)->533K(640K)
[5.572s][info][gc             ] GC(92) Pause Young (Allocation Failure) 938M->938M(1035M) 40.680ms
[5.572s][info][gc,cpu         ] GC(92) User=0.25s Sys=0.02s Real=0.04s
[5.591s][info][gc,start       ] GC(93) Pause Young (Allocation Failure)
[5.634s][info][gc,heap        ] GC(93) PSYoungGen: 87680K(119296K)->50816K(68096K) Eden: 16896K(16896K)->0K(16896K) From: 70784K(102400K)->50816K(51200K)
[5.634s][info][gc,heap        ] GC(93) ParOldGen: 890433K(941056K)->927769K(941056K)
[5.634s][info][gc,metaspace   ] GC(93) Metaspace: 6298K(6464K)->6298K(6464K) NonClass: 5765K(5824K)->5765K(5824K) Class: 533K(640K)->533K(640K)
[5.634s][info][gc             ] GC(93) Pause Young (Allocation Failure) 955M->955M(985M) 42.844ms
[5.634s][info][gc,cpu         ] GC(93) User=0.19s Sys=0.08s Real=0.04s
[5.634s][info][gc,start       ] GC(94) Pause Full (Ergonomics)
[5.634s][info][gc,phases,start] GC(94) Marking Phase
[5.845s][info][gc,phases      ] GC(94) Marking Phase 210.809ms
[5.845s][info][gc,phases,start] GC(94) Summary Phase
[5.845s][info][gc,phases      ] GC(94) Summary Phase 0.024ms
[5.845s][info][gc,phases,start] GC(94) Adjust Roots
[5.845s][info][gc,phases      ] GC(94) Adjust Roots 0.160ms
[5.845s][info][gc,phases,start] GC(94) Compaction Phase
[5.941s][info][gc,phases      ] GC(94) Compaction Phase 96.425ms
[5.941s][info][gc,phases,start] GC(94) Post Compact
[5.943s][info][gc,phases      ] GC(94) Post Compact 1.858ms
[5.944s][info][gc,heap        ] GC(94) PSYoungGen: 50816K(68096K)->36286K(68096K) Eden: 0K(16896K)->0K(16896K) From: 50816K(51200K)->36286K(51200K)
[5.944s][info][gc,heap        ] GC(94) ParOldGen: 927769K(941056K)->940830K(1043968K)
[5.944s][info][gc,metaspace   ] GC(94) Metaspace: 6298K(6464K)->6298K(6464K) NonClass: 5765K(5824K)->5765K(5824K) Class: 533K(640K)->533K(640K)
[5.944s][info][gc             ] GC(94) Pause Full (Ergonomics) 955M->954M(1086M) 310.067ms
[5.944s][info][gc,cpu         ] GC(94) User=2.17s Sys=0.02s Real=0.31s
[5.962s][info][gc,start       ] GC(95) Pause Young (Allocation Failure)
[6.026s][info][gc,heap        ] GC(95) PSYoungGen: 53182K(68096K)->29344K(117248K) Eden: 16896K(16896K)->0K(18944K) From: 36286K(51200K)->29344K(98304K)
[6.026s][info][gc,heap        ] GC(95) ParOldGen: 940830K(1043968K)->965158K(1043968K)
[6.026s][info][gc,metaspace   ] GC(95) Metaspace: 6298K(6464K)->6298K(6464K) NonClass: 5765K(5824K)->5765K(5824K) Class: 533K(640K)->533K(640K)
[6.026s][info][gc             ] GC(95) Pause Young (Allocation Failure) 970M->971M(1134M) 63.430ms
[6.026s][info][gc,cpu         ] GC(95) User=0.36s Sys=0.02s Real=0.06s
[6.047s][info][gc,start       ] GC(96) Pause Young (Allocation Failure)
[6.073s][info][gc,heap        ] GC(96) PSYoungGen: 48288K(117248K)->35968K(118272K) Eden: 18944K(18944K)->0K(18944K) From: 29344K(98304K)->35968K(99328K)
[6.073s][info][gc,heap        ] GC(96) ParOldGen: 965158K(1043968K)->977638K(1043968K)
[6.073s][info][gc,metaspace   ] GC(96) Metaspace: 6298K(6464K)->6298K(6464K) NonClass: 5765K(5824K)->5765K(5824K) Class: 533K(640K)->533K(640K)
[6.073s][info][gc             ] GC(96) Pause Young (Allocation Failure) 989M->989M(1135M) 26.167ms
[6.073s][info][gc,cpu         ] GC(96) User=0.14s Sys=0.00s Real=0.03s
[6.094s][info][gc,start       ] GC(97) Pause Young (Allocation Failure)
[6.123s][info][gc,heap        ] GC(97) PSYoungGen: 54912K(118272K)->38048K(112640K) Eden: 18944K(18944K)->0K(21504K) From: 35968K(99328K)->38048K(91136K)
[6.123s][info][gc,heap        ] GC(97) ParOldGen: 977638K(1043968K)->994758K(1043968K)
[6.123s][info][gc,metaspace   ] GC(97) Metaspace: 6298K(6464K)->6298K(6464K) NonClass: 5765K(5824K)->5765K(5824K) Class: 533K(640K)->533K(640K)
[6.123s][info][gc             ] GC(97) Pause Young (Allocation Failure) 1008M->1008M(1129M) 29.009ms
[6.123s][info][gc,cpu         ] GC(97) User=0.11s Sys=0.03s Real=0.03s
[6.146s][info][gc,start       ] GC(98) Pause Young (Allocation Failure)
[6.177s][info][gc,heap        ] GC(98) PSYoungGen: 59552K(112640K)->40576K(62464K) Eden: 21504K(21504K)->0K(21504K) From: 38048K(91136K)->40576K(40960K)
[6.177s][info][gc,heap        ] GC(98) ParOldGen: 994758K(1043968K)->1013966K(1043968K)
[6.177s][info][gc,metaspace   ] GC(98) Metaspace: 6298K(6464K)->6298K(6464K) NonClass: 5765K(5824K)->5765K(5824K) Class: 533K(640K)->533K(640K)
[6.177s][info][gc             ] GC(98) Pause Young (Allocation Failure) 1029M->1029M(1080M) 31.082ms
[6.177s][info][gc,cpu         ] GC(98) User=0.14s Sys=0.00s Real=0.03s
[6.177s][info][gc,start       ] GC(99) Pause Full (Ergonomics)
[6.177s][info][gc,phases,start] GC(99) Marking Phase
[6.413s][info][gc,phases      ] GC(99) Marking Phase 236.057ms
[6.413s][info][gc,phases,start] GC(99) Summary Phase
[6.414s][info][gc,phases      ] GC(99) Summary Phase 0.025ms
[6.414s][info][gc,phases,start] GC(99) Adjust Roots
[6.414s][info][gc,phases      ] GC(99) Adjust Roots 0.170ms
[6.414s][info][gc,phases,start] GC(99) Compaction Phase
[6.508s][info][gc,phases      ] GC(99) Compaction Phase 94.657ms
[6.508s][info][gc,phases,start] GC(99) Post Compact
[6.510s][info][gc,phases      ] GC(99) Post Compact 1.716ms
[6.511s][info][gc,heap        ] GC(99) PSYoungGen: 40576K(62464K)->9724K(62464K) Eden: 0K(21504K)->0K(21504K) From: 40576K(40960K)->9724K(40960K)
[6.511s][info][gc,heap        ] GC(99) ParOldGen: 1013966K(1043968K)->1043552K(1149440K)
[6.511s][info][gc,metaspace   ] GC(99) Metaspace: 6298K(6464K)->6298K(6464K) NonClass: 5765K(5824K)->5765K(5824K) Class: 533K(640K)->533K(640K)
[6.511s][info][gc             ] GC(99) Pause Full (Ergonomics) 1029M->1028M(1183M) 333.338ms
[6.511s][info][gc,cpu         ] GC(99) User=2.45s Sys=0.00s Real=0.33s
[6.536s][info][gc,start       ] GC(100) Pause Young (Allocation Failure)
[6.601s][info][gc,heap        ] GC(100) PSYoungGen: 31228K(62464K)->24544K(114176K) Eden: 21504K(21504K)->0K(24064K) From: 9724K(40960K)->24544K(90112K)
[6.601s][info][gc,heap        ] GC(100) ParOldGen: 1043552K(1149440K)->1050528K(1149440K)
[6.601s][info][gc,metaspace   ] GC(100) Metaspace: 6298K(6464K)->6298K(6464K) NonClass: 5765K(5824K)->5765K(5824K) Class: 533K(640K)->533K(640K)
[6.601s][info][gc             ] GC(100) Pause Young (Allocation Failure) 1049M->1049M(1234M) 64.483ms
[6.601s][info][gc,cpu         ] GC(100) User=0.42s Sys=0.02s Real=0.07s
[6.628s][info][gc,start       ] GC(101) Pause Young (Allocation Failure)
[6.657s][info][gc,heap        ] GC(101) PSYoungGen: 48608K(114176K)->48640K(72704K) Eden: 24064K(24064K)->0K(24064K) From: 24544K(90112K)->48640K(48640K)
[6.657s][info][gc,heap        ] GC(101) ParOldGen: 1050528K(1149440K)->1050528K(1149440K)
[6.657s][info][gc,metaspace   ] GC(101) Metaspace: 6298K(6464K)->6298K(6464K) NonClass: 5765K(5824K)->5765K(5824K) Class: 533K(640K)->533K(640K)
[6.657s][info][gc             ] GC(101) Pause Young (Allocation Failure) 1073M->1073M(1193M) 29.279ms
[6.657s][info][gc,cpu         ] GC(101) User=0.12s Sys=0.00s Real=0.03s
[6.684s][info][gc,start       ] GC(102) Pause Young (Allocation Failure)
[6.722s][info][gc,heap        ] GC(102) PSYoungGen: 72704K(72704K)->72736K(108544K) Eden: 24064K(24064K)->0K(20992K) From: 48640K(48640K)->72736K(87552K)
[6.722s][info][gc,heap        ] GC(102) ParOldGen: 1050528K(1149440K)->1050528K(1149440K)
[6.722s][info][gc,metaspace   ] GC(102) Metaspace: 6298K(6464K)->6298K(6464K) NonClass: 5765K(5824K)->5765K(5824K) Class: 533K(640K)->533K(640K)
[6.722s][info][gc             ] GC(102) Pause Young (Allocation Failure) 1096M->1096M(1228M) 37.836ms
[6.722s][info][gc,cpu         ] GC(102) User=0.25s Sys=0.00s Real=0.04s
[6.745s][info][gc,start       ] GC(103) Pause Young (Allocation Failure)
[6.795s][info][gc,heap        ] GC(103) PSYoungGen: 93728K(108544K)->90816K(114176K) Eden: 20992K(20992K)->0K(20992K) From: 72736K(87552K)->90816K(93184K)
[6.796s][info][gc,heap        ] GC(103) ParOldGen: 1050528K(1149440K)->1053472K(1149440K)
[6.796s][info][gc,metaspace   ] GC(103) Metaspace: 6298K(6464K)->6298K(6464K) NonClass: 5765K(5824K)->5765K(5824K) Class: 533K(640K)->533K(640K)
[6.796s][info][gc             ] GC(103) Pause Young (Allocation Failure) 1117M->1117M(1234M) 50.606ms
[6.796s][info][gc,cpu         ] GC(103) User=0.25s Sys=0.00s Real=0.05s
[6.820s][info][gc,start       ] GC(104) Pause Young (Allocation Failure)
[6.881s][info][gc,heap        ] GC(104) PSYoungGen: 111808K(114176K)->90272K(119296K) Eden: 20992K(20992K)->0K(14848K) From: 90816K(93184K)->90272K(104448K)
[6.881s][info][gc,heap        ] GC(104) ParOldGen: 1053472K(1149440K)->1075256K(1149440K)
[6.881s][info][gc,metaspace   ] GC(104) Metaspace: 6298K(6464K)->6298K(6464K) NonClass: 5765K(5824K)->5765K(5824K) Class: 533K(640K)->533K(640K)
[6.881s][info][gc             ] GC(104) Pause Young (Allocation Failure) 1137M->1138M(1239M) 61.565ms
[6.881s][info][gc,cpu         ] GC(104) User=0.36s Sys=0.02s Real=0.06s
[6.898s][info][gc,start       ] GC(105) Pause Young (Allocation Failure)
[6.956s][info][gc,heap        ] GC(105) PSYoungGen: 105120K(119296K)->57024K(72192K) Eden: 14848K(14848K)->0K(14848K) From: 90272K(104448K)->57024K(57344K)
[6.956s][info][gc,heap        ] GC(105) ParOldGen: 1075256K(1149440K)->1123992K(1149440K)
[6.956s][info][gc,metaspace   ] GC(105) Metaspace: 6298K(6464K)->6298K(6464K) NonClass: 5765K(5824K)->5765K(5824K) Class: 533K(640K)->533K(640K)
[6.956s][info][gc             ] GC(105) Pause Young (Allocation Failure) 1152M->1153M(1193M) 58.097ms
[6.956s][info][gc,cpu         ] GC(105) User=0.38s Sys=0.00s Real=0.06s
[6.956s][info][gc,start       ] GC(106) Pause Full (Ergonomics)
[6.956s][info][gc,phases,start] GC(106) Marking Phase
[7.219s][info][gc,phases      ] GC(106) Marking Phase 262.993ms
[7.219s][info][gc,phases,start] GC(106) Summary Phase
[7.219s][info][gc,phases      ] GC(106) Summary Phase 0.027ms
[7.219s][info][gc,phases,start] GC(106) Adjust Roots
[7.219s][info][gc,phases      ] GC(106) Adjust Roots 0.155ms
[7.219s][info][gc,phases,start] GC(106) Compaction Phase
[7.323s][info][gc,phases      ] GC(106) Compaction Phase 103.554ms
[7.323s][info][gc,phases,start] GC(106) Post Compact
[7.325s][info][gc,phases      ] GC(106) Post Compact 2.254ms
[7.326s][info][gc,heap        ] GC(106) PSYoungGen: 57024K(72192K)->30155K(72192K) Eden: 0K(14848K)->0K(14848K) From: 57024K(57344K)->30155K(57344K)
[7.326s][info][gc,heap        ] GC(106) ParOldGen: 1123992K(1149440K)->1149388K(1271296K)
[7.326s][info][gc,metaspace   ] GC(106) Metaspace: 6298K(6464K)->6298K(6464K) NonClass: 5765K(5824K)->5765K(5824K) Class: 533K(640K)->533K(640K)
[7.326s][info][gc             ] GC(106) Pause Full (Ergonomics) 1153M->1151M(1312M) 369.879ms
[7.326s][info][gc,cpu         ] GC(106) User=2.66s Sys=0.05s Real=0.37s
[7.345s][info][gc,start       ] GC(107) Pause Young (Allocation Failure)
[7.417s][info][gc,heap        ] GC(107) PSYoungGen: 45003K(72192K)->23296K(124416K) Eden: 14848K(14848K)->0K(16384K) From: 30155K(57344K)->23296K(108032K)
[7.417s][info][gc,heap        ] GC(107) ParOldGen: 1149388K(1271296K)->1171572K(1271296K)
[7.417s][info][gc,metaspace   ] GC(107) Metaspace: 6298K(6464K)->6298K(6464K) NonClass: 5765K(5824K)->5765K(5824K) Class: 533K(640K)->533K(640K)
[7.418s][info][gc             ] GC(107) Pause Young (Allocation Failure) 1166M->1166M(1363M) 72.684ms
[7.418s][info][gc,cpu         ] GC(107) User=0.39s Sys=0.02s Real=0.07s
[7.437s][info][gc,start       ] GC(108) Pause Young (Allocation Failure)
[7.461s][info][gc,heap        ] GC(108) PSYoungGen: 39680K(124416K)->31328K(124928K) Eden: 16384K(16384K)->0K(16384K) From: 23296K(108032K)->31328K(108544K)
[7.461s][info][gc,heap        ] GC(108) ParOldGen: 1171572K(1271296K)->1179972K(1271296K)
[7.461s][info][gc,metaspace   ] GC(108) Metaspace: 6298K(6464K)->6298K(6464K) NonClass: 5765K(5824K)->5765K(5824K) Class: 533K(640K)->533K(640K)
[7.461s][info][gc             ] GC(108) Pause Young (Allocation Failure) 1182M->1182M(1363M) 23.600ms
[7.461s][info][gc,cpu         ] GC(108) User=0.14s Sys=0.00s Real=0.02s
[7.480s][info][gc,start       ] GC(109) Pause Young (Allocation Failure)
[7.508s][info][gc,heap        ] GC(109) PSYoungGen: 47712K(124928K)->32928K(119808K) Eden: 16384K(16384K)->0K(18432K) From: 31328K(108544K)->32928K(101376K)
[7.508s][info][gc,heap        ] GC(109) ParOldGen: 1179972K(1271296K)->1195028K(1271296K)
[7.508s][info][gc,metaspace   ] GC(109) Metaspace: 6298K(6464K)->6298K(6464K) NonClass: 5765K(5824K)->5765K(5824K) Class: 533K(640K)->533K(640K)
[7.508s][info][gc             ] GC(109) Pause Young (Allocation Failure) 1198M->1199M(1358M) 27.759ms
[7.508s][info][gc,cpu         ] GC(109) User=0.12s Sys=0.00s Real=0.03s
[7.531s][info][gc,start       ] GC(110) Pause Young (Allocation Failure)
[7.562s][info][gc,heap        ] GC(110) PSYoungGen: 51360K(119808K)->34944K(53760K) Eden: 18432K(18432K)->0K(18432K) From: 32928K(101376K)->34944K(35328K)
[7.562s][info][gc,heap        ] GC(110) ParOldGen: 1195028K(1271296K)->1211660K(1271296K)
[7.562s][info][gc,metaspace   ] GC(110) Metaspace: 6298K(6464K)->6298K(6464K) NonClass: 5765K(5824K)->5765K(5824K) Class: 533K(640K)->533K(640K)
[7.562s][info][gc             ] GC(110) Pause Young (Allocation Failure) 1217M->1217M(1294M) 30.720ms
[7.562s][info][gc,cpu         ] GC(110) User=0.14s Sys=0.00s Real=0.03s
[7.583s][info][gc,start       ] GC(111) Pause Young (Allocation Failure)
[7.616s][info][gc,heap        ] GC(111) PSYoungGen: 53376K(53760K)->37024K(114688K) Eden: 18432K(18432K)->0K(20992K) From: 34944K(35328K)->37024K(93696K)
[7.616s][info][gc,heap        ] GC(111) ParOldGen: 1211660K(1271296K)->1228292K(1271296K)
[7.616s][info][gc,metaspace   ] GC(111) Metaspace: 6298K(6464K)->6298K(6464K) NonClass: 5765K(5824K)->5765K(5824K) Class: 533K(640K)->533K(640K)
[7.616s][info][gc             ] GC(111) Pause Young (Allocation Failure) 1235M->1235M(1353M) 32.295ms
[7.616s][info][gc,cpu         ] GC(111) User=0.16s Sys=0.00s Real=0.03s
[7.642s][info][gc,start       ] GC(112) Pause Young (Allocation Failure)
[7.676s][info][gc,heap        ] GC(112) PSYoungGen: 58016K(114688K)->39520K(60928K) Eden: 20992K(20992K)->0K(20992K) From: 37024K(93696K)->39520K(39936K)
[7.676s][info][gc,heap        ] GC(112) ParOldGen: 1228292K(1271296K)->1246964K(1271296K)
[7.676s][info][gc,metaspace   ] GC(112) Metaspace: 6298K(6464K)->6298K(6464K) NonClass: 5765K(5824K)->5765K(5824K) Class: 533K(640K)->533K(640K)
[7.676s][info][gc             ] GC(112) Pause Young (Allocation Failure) 1256M->1256M(1301M) 34.132ms
[7.676s][info][gc,cpu         ] GC(112) User=0.16s Sys=0.00s Real=0.03s
[7.676s][info][gc,start       ] GC(113) Pause Full (Ergonomics)
[7.676s][info][gc,phases,start] GC(113) Marking Phase
[7.972s][info][gc,phases      ] GC(113) Marking Phase 295.671ms
[7.972s][info][gc,phases,start] GC(113) Summary Phase
[7.972s][info][gc,phases      ] GC(113) Summary Phase 0.031ms
[7.972s][info][gc,phases,start] GC(113) Adjust Roots
[7.972s][info][gc,phases      ] GC(113) Adjust Roots 0.150ms
[7.972s][info][gc,phases,start] GC(113) Compaction Phase
[8.090s][info][gc,phases      ] GC(113) Compaction Phase 117.777ms
[8.090s][info][gc,phases,start] GC(113) Post Compact
[8.092s][info][gc,phases      ] GC(113) Post Compact 2.129ms
[8.093s][info][gc,heap        ] GC(113) PSYoungGen: 39520K(60928K)->13814K(60928K) Eden: 0K(20992K)->0K(20992K) From: 39520K(39936K)->13814K(39936K)
[8.093s][info][gc,heap        ] GC(113) ParOldGen: 1246964K(1271296K)->1271016K(1391104K)
[8.093s][info][gc,metaspace   ] GC(113) Metaspace: 6298K(6464K)->6298K(6464K) NonClass: 5765K(5824K)->5765K(5824K) Class: 533K(640K)->533K(640K)
[8.093s][info][gc             ] GC(113) Pause Full (Ergonomics) 1256M->1254M(1418M) 416.580ms
[8.093s][info][gc,cpu         ] GC(113) User=3.06s Sys=0.05s Real=0.42s
[8.120s][info][gc,start       ] GC(114) Pause Young (Allocation Failure)
[8.198s][info][gc,heap        ] GC(114) PSYoungGen: 34806K(60928K)->25536K(114176K) Eden: 20992K(20992K)->0K(23552K) From: 13814K(39936K)->25536K(90624K)
[8.198s][info][gc,heap        ] GC(114) ParOldGen: 1271016K(1391104K)->1278376K(1391104K)
[8.198s][info][gc,metaspace   ] GC(114) Metaspace: 6298K(6464K)->6298K(6464K) NonClass: 5765K(5824K)->5765K(5824K) Class: 533K(640K)->533K(640K)
[8.198s][info][gc             ] GC(114) Pause Young (Allocation Failure) 1275M->1273M(1470M) 78.073ms
[8.198s][info][gc,cpu         ] GC(114) User=0.39s Sys=0.00s Real=0.08s
[8.217s][info][gc,start       ] GC(115) Pause Young (Allocation Failure)
[8.241s][info][gc,heap        ] GC(115) PSYoungGen: 49088K(114176K)->37728K(61440K) Eden: 23552K(23552K)->0K(23552K) From: 25536K(90624K)->37728K(37888K)
[8.241s][info][gc,heap        ] GC(115) ParOldGen: 1278376K(1391104K)->1278376K(1391104K)
[8.241s][info][gc,metaspace   ] GC(115) Metaspace: 6298K(6464K)->6298K(6464K) NonClass: 5765K(5824K)->5765K(5824K) Class: 533K(640K)->533K(640K)
[8.242s][info][gc             ] GC(115) Pause Young (Allocation Failure) 1296M->1285M(1418M) 24.847ms
[8.242s][info][gc,cpu         ] GC(115) User=0.14s Sys=0.00s Real=0.03s
[8.267s][info][gc,start       ] GC(116) Pause Young (Allocation Failure)
[8.299s][info][gc,heap        ] GC(116) PSYoungGen: 61280K(61440K)->49920K(110592K) Eden: 23552K(23552K)->0K(26112K) From: 37728K(37888K)->49920K(84480K)
[8.299s][info][gc,heap        ] GC(116) ParOldGen: 1278376K(1391104K)->1285088K(1391104K)
[8.299s][info][gc,metaspace   ] GC(116) Metaspace: 6298K(6464K)->6298K(6464K) NonClass: 5765K(5824K)->5765K(5824K) Class: 533K(640K)->533K(640K)
[8.299s][info][gc             ] GC(116) Pause Young (Allocation Failure) 1308M->1303M(1466M) 31.698ms
[8.299s][info][gc,cpu         ] GC(116) User=0.14s Sys=0.00s Real=0.03s
[8.332s][info][gc,start       ] GC(117) Pause Young (Allocation Failure)
[8.373s][info][gc,heap        ] GC(117) PSYoungGen: 76032K(110592K)->57312K(112640K) Eden: 26112K(26112K)->0K(26112K) From: 49920K(84480K)->57312K(86528K)
[8.373s][info][gc,heap        ] GC(117) ParOldGen: 1285088K(1391104K)->1304112K(1391104K)
[8.373s][info][gc,metaspace   ] GC(117) Metaspace: 6298K(6464K)->6298K(6464K) NonClass: 5765K(5824K)->5765K(5824K) Class: 533K(640K)->533K(640K)
[8.373s][info][gc             ] GC(117) Pause Young (Allocation Failure) 1329M->1329M(1468M) 41.262ms
[8.373s][info][gc,cpu         ] GC(117) User=0.27s Sys=0.00s Real=0.04s
[8.406s][info][gc,start       ] GC(118) Pause Young (Allocation Failure)
[8.450s][info][gc,heap        ] GC(118) PSYoungGen: 83424K(112640K)->71200K(110592K) Eden: 26112K(26112K)->0K(23552K) From: 57312K(86528K)->71200K(87040K)
[8.450s][info][gc,heap        ] GC(118) ParOldGen: 1304112K(1391104K)->1316512K(1391104K)
[8.450s][info][gc,metaspace   ] GC(118) Metaspace: 6298K(6464K)->6298K(6464K) NonClass: 5765K(5824K)->5765K(5824K) Class: 533K(640K)->533K(640K)
[8.450s][info][gc             ] GC(118) Pause Young (Allocation Failure) 1355M->1355M(1466M) 44.322ms
[8.450s][info][gc,cpu         ] GC(118) User=0.27s Sys=0.00s Real=0.04s
[8.745s][info][gc,start       ] GC(119) Pause Full (Ergonomics)
[8.745s][info][gc,phases,start] GC(119) Marking Phase
[9.059s][info][gc,phases      ] GC(119) Marking Phase 314.296ms
[9.059s][info][gc,phases,start] GC(119) Summary Phase
[9.059s][info][gc,phases      ] GC(119) Summary Phase 0.028ms
[9.059s][info][gc,phases,start] GC(119) Adjust Roots
[9.059s][info][gc,phases      ] GC(119) Adjust Roots 0.244ms
[9.059s][info][gc,phases,start] GC(119) Compaction Phase
[9.401s][info][gc,phases      ] GC(119) Compaction Phase 341.877ms
[9.401s][info][gc,phases,start] GC(119) Post Compact
[9.404s][info][gc,phases      ] GC(119) Post Compact 3.118ms
[9.405s][info][gc,heap        ] GC(119) PSYoungGen: 94752K(110592K)->52031K(110592K) Eden: 23552K(23552K)->0K(23552K) From: 71200K(87040K)->52031K(87040K)
[9.405s][info][gc,heap        ] GC(119) ParOldGen: 1382048K(1391104K)->1390946K(1515008K)
[9.405s][info][gc,metaspace   ] GC(119) Metaspace: 6298K(6464K)->6298K(6464K) NonClass: 5765K(5824K)->5765K(5824K) Class: 533K(640K)->533K(640K)
[9.405s][info][gc             ] GC(119) Pause Full (Ergonomics) 1442M->1409M(1587M) 660.407ms
[9.405s][info][gc,cpu         ] GC(119) User=4.52s Sys=0.03s Real=0.66s
[9.428s][info][gc,start       ] GC(120) Pause Young (Allocation Failure)
[9.516s][info][gc,heap        ] GC(120) PSYoungGen: 75583K(110592K)->62432K(116224K) Eden: 23552K(23552K)->0K(23552K) From: 52031K(87040K)->62432K(92672K)
[9.516s][info][gc,heap        ] GC(120) ParOldGen: 1390946K(1515008K)->1404570K(1515008K)
[9.516s][info][gc,metaspace   ] GC(120) Metaspace: 6298K(6464K)->6298K(6464K) NonClass: 5765K(5824K)->5765K(5824K) Class: 533K(640K)->533K(640K)
[9.516s][info][gc             ] GC(120) Pause Young (Allocation Failure) 1432M->1432M(1593M) 87.569ms
[9.516s][info][gc,cpu         ] GC(120) User=0.73s Sys=0.02s Real=0.09s
[9.538s][info][gc,start       ] GC(121) Pause Young (Allocation Failure)
[9.580s][info][gc,heap        ] GC(121) PSYoungGen: 85984K(116224K)->85984K(110592K) Eden: 23552K(23552K)->0K(16896K) From: 62432K(92672K)->85984K(93696K)
[9.580s][info][gc,heap        ] GC(121) ParOldGen: 1404570K(1515008K)->1404570K(1515008K)
[9.580s][info][gc,metaspace   ] GC(121) Metaspace: 6298K(6464K)->6298K(6464K) NonClass: 5765K(5824K)->5765K(5824K) Class: 533K(640K)->533K(640K)
[9.580s][info][gc             ] GC(121) Pause Young (Allocation Failure) 1455M->1455M(1587M) 42.347ms
[9.580s][info][gc,cpu         ] GC(121) User=0.16s Sys=0.00s Real=0.04s
[9.595s][info][gc,start       ] GC(122) Pause Young (Allocation Failure)
[9.643s][info][gc,heap        ] GC(122) PSYoungGen: 102880K(110592K)->83104K(119808K) Eden: 16896K(16896K)->0K(16896K) From: 85984K(93696K)->83104K(102912K)
[9.643s][info][gc,heap        ] GC(122) ParOldGen: 1404570K(1515008K)->1424626K(1515008K)
[9.643s][info][gc,metaspace   ] GC(122) Metaspace: 6298K(6464K)->6298K(6464K) NonClass: 5765K(5824K)->5765K(5824K) Class: 533K(640K)->533K(640K)
[9.643s][info][gc             ] GC(122) Pause Young (Allocation Failure) 1472M->1472M(1596M) 47.534ms
[9.643s][info][gc,cpu         ] GC(122) User=0.22s Sys=0.05s Real=0.05s
[9.658s][info][gc,start       ] GC(123) Pause Young (Allocation Failure)
[9.705s][info][gc,heap        ] GC(123) PSYoungGen: 100000K(119808K)->81088K(123904K) Eden: 16896K(16896K)->0K(14848K) From: 83104K(102912K)->81088K(109056K)
[9.705s][info][gc,heap        ] GC(123) ParOldGen: 1424626K(1515008K)->1443754K(1515008K)
[9.705s][info][gc,metaspace   ] GC(123) Metaspace: 6298K(6464K)->6298K(6464K) NonClass: 5765K(5824K)->5765K(5824K) Class: 533K(640K)->533K(640K)
[9.705s][info][gc             ] GC(123) Pause Young (Allocation Failure) 1488M->1489M(1600M) 46.631ms
[9.705s][info][gc,cpu         ] GC(123) User=0.25s Sys=0.02s Real=0.05s
[9.719s][info][gc,start       ] GC(124) Pause Young (Allocation Failure)
[9.769s][info][gc,heap        ] GC(124) PSYoungGen: 95936K(123904K)->48768K(64000K) Eden: 14848K(14848K)->0K(14848K) From: 81088K(109056K)->48768K(49152K)
[9.769s][info][gc,heap        ] GC(124) ParOldGen: 1443754K(1515008K)->1491466K(1515008K)
[9.769s][info][gc,metaspace   ] GC(124) Metaspace: 6298K(6464K)->6298K(6464K) NonClass: 5765K(5824K)->5765K(5824K) Class: 533K(640K)->533K(640K)
[9.769s][info][gc             ] GC(124) Pause Young (Allocation Failure) 1503M->1504M(1542M) 50.396ms
[9.769s][info][gc,cpu         ] GC(124) User=0.34s Sys=0.00s Real=0.05s
[9.769s][info][gc,start       ] GC(125) Pause Full (Ergonomics)
[9.769s][info][gc,phases,start] GC(125) Marking Phase
[10.111s][info][gc,phases      ] GC(125) Marking Phase 342.062ms
[10.111s][info][gc,phases,start] GC(125) Summary Phase
[10.111s][info][gc,phases      ] GC(125) Summary Phase 0.029ms
[10.111s][info][gc,phases,start] GC(125) Adjust Roots
[10.112s][info][gc,phases      ] GC(125) Adjust Roots 0.161ms
[10.112s][info][gc,phases,start] GC(125) Compaction Phase
[10.282s][info][gc,phases      ] GC(125) Compaction Phase 170.127ms
[10.282s][info][gc,phases,start] GC(125) Post Compact
[10.285s][info][gc,phases      ] GC(125) Post Compact 3.304ms
[10.286s][info][gc,heap        ] GC(125) PSYoungGen: 48768K(64000K)->24027K(64000K) Eden: 0K(14848K)->0K(14848K) From: 48768K(49152K)->24027K(49152K)
[10.286s][info][gc,heap        ] GC(125) ParOldGen: 1491466K(1515008K)->1514538K(1658368K)
[10.286s][info][gc,metaspace   ] GC(125) Metaspace: 6298K(6464K)->6298K(6464K) NonClass: 5765K(5824K)->5765K(5824K) Class: 533K(640K)->533K(640K)
[10.286s][info][gc             ] GC(125) Pause Full (Ergonomics) 1504M->1502M(1682M) 516.645ms
[10.286s][info][gc,cpu         ] GC(125) User=3.48s Sys=0.02s Real=0.52s
[10.301s][info][gc,start       ] GC(126) Pause Young (Allocation Failure)
[10.390s][info][gc,heap        ] GC(126) PSYoungGen: 38875K(64000K)->19520K(124416K) Eden: 14848K(14848K)->0K(15360K) From: 24027K(49152K)->19520K(109056K)
[10.390s][info][gc,heap        ] GC(126) ParOldGen: 1514538K(1658368K)->1534298K(1658368K)
[10.390s][info][gc,metaspace   ] GC(126) Metaspace: 6298K(6464K)->6298K(6464K) NonClass: 5765K(5824K)->5765K(5824K) Class: 533K(640K)->533K(640K)
[10.390s][info][gc             ] GC(126) Pause Young (Allocation Failure) 1517M->1517M(1741M) 88.637ms
[10.390s][info][gc,cpu         ] GC(126) User=0.38s Sys=0.02s Real=0.09s
[10.406s][info][gc,start       ] GC(127) Pause Young (Allocation Failure)
[10.434s][info][gc,heap        ] GC(127) PSYoungGen: 34880K(124416K)->30368K(125952K) Eden: 15360K(15360K)->0K(15360K) From: 19520K(109056K)->30368K(110592K)
[10.434s][info][gc,heap        ] GC(127) ParOldGen: 1534298K(1658368K)->1538930K(1658368K)
[10.434s][info][gc,metaspace   ] GC(127) Metaspace: 6298K(6464K)->6298K(6464K) NonClass: 5765K(5824K)->5765K(5824K) Class: 533K(640K)->533K(640K)
[10.434s][info][gc             ] GC(127) Pause Young (Allocation Failure) 1532M->1532M(1742M) 27.432ms
[10.434s][info][gc,cpu         ] GC(127) User=0.03s Sys=0.00s Real=0.03s
[10.450s][info][gc,start       ] GC(128) Pause Young (Allocation Failure)
[10.482s][info][gc,heap        ] GC(128) PSYoungGen: 45728K(125952K)->30848K(121344K) Eden: 15360K(15360K)->0K(17408K) From: 30368K(110592K)->30848K(103936K)
[10.482s][info][gc,heap        ] GC(128) ParOldGen: 1538930K(1658368K)->1553970K(1658368K)
[10.482s][info][gc,metaspace   ] GC(128) Metaspace: 6298K(6464K)->6298K(6464K) NonClass: 5765K(5824K)->5765K(5824K) Class: 533K(640K)->533K(640K)
[10.482s][info][gc             ] GC(128) Pause Young (Allocation Failure) 1547M->1547M(1738M) 31.512ms
[10.482s][info][gc,cpu         ] GC(128) User=0.03s Sys=0.00s Real=0.03s
[10.500s][info][gc,start       ] GC(129) Pause Young (Allocation Failure)
[10.535s][info][gc,heap        ] GC(129) PSYoungGen: 48256K(121344K)->32960K(123904K) Eden: 17408K(17408K)->0K(17408K) From: 30848K(103936K)->32960K(106496K)
[10.535s][info][gc,heap        ] GC(129) ParOldGen: 1553970K(1658368K)->1569546K(1658368K)
[10.535s][info][gc,metaspace   ] GC(129) Metaspace: 6298K(6464K)->6298K(6464K) NonClass: 5765K(5824K)->5765K(5824K) Class: 533K(640K)->533K(640K)
[10.535s][info][gc             ] GC(129) Pause Young (Allocation Failure) 1564M->1564M(1740M) 35.728ms
[10.535s][info][gc,cpu         ] GC(129) User=0.14s Sys=0.00s Real=0.04s
[10.552s][info][gc,start       ] GC(130) Pause Young (Allocation Failure)
[10.589s][info][gc,heap        ] GC(130) PSYoungGen: 50368K(123904K)->17504K(122880K) Eden: 17408K(17408K)->0K(19968K) From: 32960K(106496K)->17504K(102912K)
[10.589s][info][gc,heap        ] GC(130) ParOldGen: 1569546K(1658368K)->1602762K(1658368K)
[10.590s][info][gc,metaspace   ] GC(130) Metaspace: 6298K(6464K)->6298K(6464K) NonClass: 5765K(5824K)->5765K(5824K) Class: 533K(640K)->533K(640K)
[10.590s][info][gc             ] GC(130) Pause Young (Allocation Failure) 1581M->1582M(1739M) 37.166ms
[10.590s][info][gc,cpu         ] GC(130) User=0.06s Sys=0.00s Real=0.04s
[10.609s][info][gc,start       ] GC(131) Pause Young (Allocation Failure)
[10.637s][info][gc,heap        ] GC(131) PSYoungGen: 37472K(122880K)->20096K(123392K) Eden: 19968K(19968K)->0K(19968K) From: 17504K(102912K)->20096K(103424K)
[10.637s][info][gc,heap        ] GC(131) ParOldGen: 1602762K(1658368K)->1620394K(1658368K)
[10.638s][info][gc,metaspace   ] GC(131) Metaspace: 6298K(6464K)->6298K(6464K) NonClass: 5765K(5824K)->5765K(5824K) Class: 533K(640K)->533K(640K)
[10.638s][info][gc             ] GC(131) Pause Young (Allocation Failure) 1601M->1602M(1740M) 28.516ms
[10.638s][info][gc,cpu         ] GC(131) User=0.03s Sys=0.00s Real=0.03s
[10.657s][info][gc,start       ] GC(132) Pause Young (Allocation Failure)
[10.688s][info][gc,heap        ] GC(132) PSYoungGen: 40064K(123392K)->20096K(119808K) Eden: 19968K(19968K)->0K(22528K) From: 20096K(103424K)->20096K(97280K)
[10.688s][info][gc,heap        ] GC(132) ParOldGen: 1620394K(1658368K)->1640618K(1658368K)
[10.688s][info][gc,metaspace   ] GC(132) Metaspace: 6298K(6464K)->6298K(6464K) NonClass: 5765K(5824K)->5765K(5824K) Class: 533K(640K)->533K(640K)
[10.688s][info][gc             ] GC(132) Pause Young (Allocation Failure) 1621M->1621M(1736M) 30.212ms
[10.688s][info][gc,cpu         ] GC(132) User=0.12s Sys=0.02s Real=0.03s
[10.688s][info][gc,start       ] GC(133) Pause Full (Ergonomics)
[10.688s][info][gc,phases,start] GC(133) Marking Phase
[11.073s][info][gc,phases      ] GC(133) Marking Phase 385.366ms
[11.073s][info][gc,phases,start] GC(133) Summary Phase
[11.073s][info][gc,phases      ] GC(133) Summary Phase 0.029ms
[11.073s][info][gc,phases,start] GC(133) Adjust Roots
[11.073s][info][gc,phases      ] GC(133) Adjust Roots 0.158ms
[11.073s][info][gc,phases,start] GC(133) Compaction Phase
[11.227s][info][gc,phases      ] GC(133) Compaction Phase 153.543ms
[11.227s][info][gc,phases,start] GC(133) Post Compact
[11.230s][info][gc,phases      ] GC(133) Post Compact 3.001ms
[11.231s][info][gc,heap        ] GC(133) PSYoungGen: 20096K(119808K)->527K(121856K) Eden: 0K(22528K)->0K(24576K) From: 20096K(97280K)->527K(97280K)
[11.231s][info][gc,heap        ] GC(133) ParOldGen: 1640618K(1658368K)->1658138K(1808896K)
[11.231s][info][gc,metaspace   ] GC(133) Metaspace: 6298K(6464K)->6298K(6464K) NonClass: 5765K(5824K)->5765K(5824K) Class: 533K(640K)->533K(640K)
[11.231s][info][gc             ] GC(133) Pause Full (Ergonomics) 1621M->1619M(1885M) 542.957ms
[11.231s][info][gc,cpu         ] GC(133) User=3.69s Sys=0.02s Real=0.54s
[11.255s][info][gc,start       ] GC(134) Pause Young (Allocation Failure)
[11.351s][info][gc,heap        ] GC(134) PSYoungGen: 25103K(121856K)->24768K(49664K) Eden: 24576K(24576K)->0K(24576K) From: 527K(97280K)->24768K(25088K)
[11.351s][info][gc,heap        ] GC(134) ParOldGen: 1658138K(1808896K)->1658714K(1808896K)
[11.351s][info][gc,metaspace   ] GC(134) Metaspace: 6298K(6464K)->6298K(6464K) NonClass: 5765K(5824K)->5765K(5824K) Class: 533K(640K)->533K(640K)
[11.351s][info][gc             ] GC(134) Pause Young (Allocation Failure) 1643M->1644M(1815M) 95.984ms
[11.351s][info][gc,cpu         ] GC(134) User=0.59s Sys=0.00s Real=0.10s
[11.378s][info][gc,start       ] GC(135) Pause Young (Allocation Failure)
[11.425s][info][gc,heap        ] GC(135) PSYoungGen: 49344K(49664K)->49312K(120320K) Eden: 24576K(24576K)->0K(27648K) From: 24768K(25088K)->49312K(92672K)
[11.425s][info][gc,heap        ] GC(135) ParOldGen: 1658714K(1808896K)->1658714K(1808896K)
[11.425s][info][gc,metaspace   ] GC(135) Metaspace: 6298K(6464K)->6298K(6464K) NonClass: 5765K(5824K)->5765K(5824K) Class: 533K(640K)->533K(640K)
[11.425s][info][gc             ] GC(135) Pause Young (Allocation Failure) 1668M->1667M(1884M) 46.878ms
[11.425s][info][gc,cpu         ] GC(135) User=0.08s Sys=0.00s Real=0.05s
[11.455s][info][gc,start       ] GC(136) Pause Young (Allocation Failure)
[11.503s][info][gc,heap        ] GC(136) PSYoungGen: 76960K(120320K)->52416K(121856K) Eden: 27648K(27648K)->0K(27648K) From: 49312K(92672K)->52416K(94208K)
[11.503s][info][gc,heap        ] GC(136) ParOldGen: 1658714K(1808896K)->1683618K(1808896K)
[11.503s][info][gc,metaspace   ] GC(136) Metaspace: 6298K(6464K)->6298K(6464K) NonClass: 5765K(5824K)->5765K(5824K) Class: 533K(640K)->533K(640K)
[11.503s][info][gc             ] GC(136) Pause Young (Allocation Failure) 1694M->1695M(1885M) 47.787ms
[11.503s][info][gc,cpu         ] GC(136) User=0.14s Sys=0.02s Real=0.05s
[11.534s][info][gc,start       ] GC(137) Pause Young (Allocation Failure)
[11.581s][info][gc,heap        ] GC(137) PSYoungGen: 80064K(121856K)->55520K(124928K) Eden: 27648K(27648K)->0K(31232K) From: 52416K(94208K)->55520K(93696K)
[11.582s][info][gc,heap        ] GC(137) ParOldGen: 1683618K(1808896K)->1708514K(1808896K)
[11.582s][info][gc,metaspace   ] GC(137) Metaspace: 6298K(6464K)->6298K(6464K) NonClass: 5765K(5824K)->5765K(5824K) Class: 533K(640K)->533K(640K)
[11.582s][info][gc             ] GC(137) Pause Young (Allocation Failure) 1722M->1722M(1888M) 48.002ms
[11.582s][info][gc,cpu         ] GC(137) User=0.16s Sys=0.02s Real=0.05s
[11.615s][info][gc,start       ] GC(138) Pause Young (Allocation Failure)
[11.667s][info][gc,heap        ] GC(138) PSYoungGen: 86752K(124928K)->59104K(124928K) Eden: 31232K(31232K)->0K(31232K) From: 55520K(93696K)->59104K(93696K)
[11.667s][info][gc,heap        ] GC(138) ParOldGen: 1708514K(1808896K)->1736546K(1808896K)
[11.667s][info][gc,metaspace   ] GC(138) Metaspace: 6298K(6464K)->6298K(6464K) NonClass: 5765K(5824K)->5765K(5824K) Class: 533K(640K)->533K(640K)
[11.667s][info][gc             ] GC(138) Pause Young (Allocation Failure) 1753M->1753M(1888M) 52.313ms
[11.667s][info][gc,cpu         ] GC(138) User=0.28s Sys=0.00s Real=0.05s
[11.700s][info][gc,start       ] GC(139) Pause Young (Allocation Failure)
[11.755s][info][gc,heap        ] GC(139) PSYoungGen: 90336K(124928K)->62688K(128000K) Eden: 31232K(31232K)->0K(33280K) From: 59104K(93696K)->62688K(94720K)
[11.755s][info][gc,heap        ] GC(139) ParOldGen: 1736546K(1808896K)->1764578K(1808896K)
[11.755s][info][gc,metaspace   ] GC(139) Metaspace: 6298K(6464K)->6298K(6464K) NonClass: 5765K(5824K)->5765K(5824K) Class: 533K(640K)->533K(640K)
[11.755s][info][gc             ] GC(139) Pause Young (Allocation Failure) 1784M->1784M(1891M) 55.376ms
[11.755s][info][gc,cpu         ] GC(139) User=0.20s Sys=0.00s Real=0.06s
[11.793s][info][gc,start       ] GC(140) Pause Young (Allocation Failure)
[11.848s][info][gc,heap        ] GC(140) PSYoungGen: 95968K(128000K)->64704K(130048K) Eden: 33280K(33280K)->0K(33280K) From: 62688K(94720K)->64704K(96768K)
[11.848s][info][gc,heap        ] GC(140) ParOldGen: 1764578K(1808896K)->1796234K(1808896K)
[11.848s][info][gc,metaspace   ] GC(140) Metaspace: 6298K(6464K)->6298K(6464K) NonClass: 5765K(5824K)->5765K(5824K) Class: 533K(640K)->533K(640K)
[11.848s][info][gc             ] GC(140) Pause Young (Allocation Failure) 1816M->1817M(1893M) 55.251ms
[11.848s][info][gc,cpu         ] GC(140) User=0.31s Sys=0.00s Real=0.06s
[11.848s][info][gc,start       ] GC(141) Pause Full (Ergonomics)
[11.848s][info][gc,phases,start] GC(141) Marking Phase
[12.276s][info][gc,phases      ] GC(141) Marking Phase 427.839ms
[12.276s][info][gc,phases,start] GC(141) Summary Phase
[12.276s][info][gc,phases      ] GC(141) Summary Phase 0.052ms
[12.276s][info][gc,phases,start] GC(141) Adjust Roots
[12.277s][info][gc,phases      ] GC(141) Adjust Roots 0.310ms
[12.277s][info][gc,phases,start] GC(141) Compaction Phase
[12.461s][info][gc,phases      ] GC(141) Compaction Phase 184.687ms
[12.461s][info][gc,phases,start] GC(141) Post Compact
[12.465s][info][gc,phases      ] GC(141) Post Compact 3.705ms
[12.466s][info][gc,heap        ] GC(141) PSYoungGen: 64704K(130048K)->50138K(130048K) Eden: 0K(33280K)->0K(33280K) From: 64704K(96768K)->50138K(96768K)
[12.466s][info][gc,heap        ] GC(141) ParOldGen: 1796234K(1808896K)->1808494K(1979904K)
[12.466s][info][gc,metaspace   ] GC(141) Metaspace: 6298K(6464K)->6298K(6464K) NonClass: 5765K(5824K)->5765K(5824K) Class: 533K(640K)->533K(640K)
[12.466s][info][gc             ] GC(141) Pause Full (Ergonomics) 1817M->1815M(2060M) 617.677ms
[12.466s][info][gc,cpu         ] GC(141) User=4.41s Sys=0.05s Real=0.62s
[12.506s][info][gc,start       ] GC(142) Pause Young (Allocation Failure)
[12.621s][info][gc,heap        ] GC(142) PSYoungGen: 83418K(130048K)->59488K(133120K) Eden: 33280K(33280K)->0K(36864K) From: 50138K(96768K)->59488K(96256K)
[12.621s][info][gc,heap        ] GC(142) ParOldGen: 1808494K(1979904K)->1832998K(1979904K)
[12.621s][info][gc,metaspace   ] GC(142) Metaspace: 6298K(6464K)->6298K(6464K) NonClass: 5765K(5824K)->5765K(5824K) Class: 533K(640K)->533K(640K)
[12.621s][info][gc             ] GC(142) Pause Young (Allocation Failure) 1847M->1848M(2063M) 114.812ms
[12.621s][info][gc,cpu         ] GC(142) User=0.78s Sys=0.05s Real=0.12s
[12.662s][info][gc,start       ] GC(143) Pause Young (Allocation Failure)
[12.712s][info][gc,heap        ] GC(143) PSYoungGen: 96352K(133120K)->96384K(134656K) Eden: 36864K(36864K)->0K(36864K) From: 59488K(96256K)->96384K(97792K)
[12.712s][info][gc,heap        ] GC(143) ParOldGen: 1832998K(1979904K)->1832998K(1979904K)
[12.712s][info][gc,metaspace   ] GC(143) Metaspace: 6298K(6464K)->6298K(6464K) NonClass: 5765K(5824K)->5765K(5824K) Class: 533K(640K)->533K(640K)
[12.712s][info][gc             ] GC(143) Pause Young (Allocation Failure) 1884M->1884M(2065M) 50.682ms
[12.712s][info][gc,cpu         ] GC(143) User=0.41s Sys=0.00s Real=0.05s
[12.753s][info][gc,start       ] GC(144) Pause Young (Allocation Failure)
[12.824s][info][gc,heap        ] GC(144) PSYoungGen: 133248K(134656K)->107264K(137216K) Eden: 36864K(36864K)->0K(26624K) From: 96384K(97792K)->107264K(110592K)
[12.824s][info][gc,heap        ] GC(144) ParOldGen: 1832998K(1979904K)->1859358K(1979904K)
[12.824s][info][gc,metaspace   ] GC(144) Metaspace: 6298K(6464K)->6298K(6464K) NonClass: 5765K(5824K)->5765K(5824K) Class: 533K(640K)->533K(640K)
[12.824s][info][gc             ] GC(144) Pause Young (Allocation Failure) 1920M->1920M(2067M) 70.552ms
[12.824s][info][gc,cpu         ] GC(144) User=0.45s Sys=0.05s Real=0.07s
[12.857s][info][gc,start       ] GC(145) Pause Young (Allocation Failure)
[12.924s][info][gc,heap        ] GC(145) PSYoungGen: 133888K(137216K)->100640K(151552K) Eden: 26624K(26624K)->0K(26624K) From: 107264K(110592K)->100640K(124928K)
[12.924s][info][gc,heap        ] GC(145) ParOldGen: 1859358K(1979904K)->1893094K(1979904K)
[12.924s][info][gc,metaspace   ] GC(145) Metaspace: 6298K(6464K)->6298K(6464K) NonClass: 5765K(5824K)->5765K(5824K) Class: 533K(640K)->533K(640K)
[12.924s][info][gc             ] GC(145) Pause Young (Allocation Failure) 1946M->1947M(2081M) 66.956ms
[12.924s][info][gc,cpu         ] GC(145) User=0.39s Sys=0.00s Real=0.07s
[12.956s][info][gc,start       ] GC(146) Pause Young (Allocation Failure)
[13.022s][info][gc,heap        ] GC(146) PSYoungGen: 127264K(151552K)->90336K(160768K) Eden: 26624K(26624K)->0K(27136K) From: 100640K(124928K)->90336K(133632K)
[13.022s][info][gc,heap        ] GC(146) ParOldGen: 1893094K(1979904K)->1930446K(1979904K)
[13.022s][info][gc,metaspace   ] GC(146) Metaspace: 6298K(6464K)->6298K(6464K) NonClass: 5765K(5824K)->5765K(5824K) Class: 533K(640K)->533K(640K)
[13.022s][info][gc             ] GC(146) Pause Young (Allocation Failure) 1973M->1973M(2090M) 65.920ms
[13.022s][info][gc,cpu         ] GC(146) User=0.41s Sys=0.00s Real=0.07s
[13.054s][info][gc,start       ] GC(147) Pause Young (Allocation Failure)
[13.117s][info][gc,heap        ] GC(147) PSYoungGen: 117472K(160768K)->53984K(81408K) Eden: 27136K(27136K)->0K(27136K) From: 90336K(133632K)->53984K(54272K)
[13.118s][info][gc,heap        ] GC(147) ParOldGen: 1930446K(1979904K)->1994774K(1995264K)
[13.118s][info][gc,metaspace   ] GC(147) Metaspace: 6298K(6464K)->6298K(6464K) NonClass: 5765K(5824K)->5765K(5824K) Class: 533K(640K)->533K(640K)
[13.118s][info][gc             ] GC(147) Pause Young (Allocation Failure) 1999M->2000M(2028M) 63.139ms
[13.118s][info][gc,cpu         ] GC(147) User=0.33s Sys=0.03s Real=0.06s
[13.118s][info][gc,start       ] GC(148) Pause Full (Ergonomics)
[13.118s][info][gc,phases,start] GC(148) Marking Phase
[13.571s][info][gc,phases      ] GC(148) Marking Phase 453.796ms
[13.571s][info][gc,phases,start] GC(148) Summary Phase
[13.572s][info][gc,phases      ] GC(148) Summary Phase 0.035ms
[13.572s][info][gc,phases,start] GC(148) Adjust Roots
[13.572s][info][gc,phases      ] GC(148) Adjust Roots 0.164ms
[13.572s][info][gc,phases,start] GC(148) Compaction Phase
[13.759s][info][gc,phases      ] GC(148) Compaction Phase 187.274ms
[13.759s][info][gc,phases,start] GC(148) Post Compact
[13.763s][info][gc,phases      ] GC(148) Post Compact 3.872ms
[13.764s][info][gc,heap        ] GC(148) PSYoungGen: 53984K(81408K)->50628K(81408K) Eden: 0K(27136K)->0K(27136K) From: 53984K(54272K)->50628K(54272K)
[13.764s][info][gc,heap        ] GC(148) ParOldGen: 1994774K(1995264K)->1995205K(2197504K)
[13.764s][info][gc,metaspace   ] GC(148) Metaspace: 6298K(6464K)->6298K(6464K) NonClass: 5765K(5824K)->5765K(5824K) Class: 533K(640K)->533K(640K)
[13.764s][info][gc             ] GC(148) Pause Full (Ergonomics) 2000M->1997M(2225M) 646.180ms
[13.764s][info][gc,cpu         ] GC(148) User=4.64s Sys=0.00s Real=0.65s
[13.795s][info][gc,start       ] GC(149) Pause Young (Allocation Failure)
[13.916s][info][gc,heap        ] GC(149) PSYoungGen: 77764K(81408K)->27328K(161280K) Eden: 27136K(27136K)->0K(30208K) From: 50628K(54272K)->27328K(131072K)
[13.916s][info][gc,heap        ] GC(149) ParOldGen: 1995205K(2197504K)->2046565K(2197504K)
[13.916s][info][gc,metaspace   ] GC(149) Metaspace: 6298K(6464K)->6298K(6464K) NonClass: 5765K(5824K)->5765K(5824K) Class: 533K(640K)->533K(640K)
[13.916s][info][gc             ] GC(149) Pause Young (Allocation Failure) 2024M->2025M(2303M) 120.941ms
[13.916s][info][gc,cpu         ] GC(149) User=0.78s Sys=0.02s Real=0.12s
[13.947s][info][gc,start       ] GC(150) Pause Young (Allocation Failure)
[13.983s][info][gc,heap        ] GC(150) PSYoungGen: 57536K(161280K)->30368K(161792K) Eden: 30208K(30208K)->0K(30208K) From: 27328K(131072K)->30368K(131584K)
[13.983s][info][gc,heap        ] GC(150) ParOldGen: 2046565K(2197504K)->2074061K(2197504K)
[13.983s][info][gc,metaspace   ] GC(150) Metaspace: 6298K(6464K)->6298K(6464K) NonClass: 5765K(5824K)->5765K(5824K) Class: 533K(640K)->533K(640K)
[13.983s][info][gc             ] GC(150) Pause Young (Allocation Failure) 2054M->2055M(2304M) 36.074ms
[13.983s][info][gc,cpu         ] GC(150) User=0.11s Sys=0.03s Real=0.04s
[14.014s][info][gc,start       ] GC(151) Pause Young (Allocation Failure)
[14.051s][info][gc,heap        ] GC(151) PSYoungGen: 60576K(161792K)->30336K(158208K) Eden: 30208K(30208K)->0K(33792K) From: 30368K(131584K)->30336K(124416K)
[14.051s][info][gc,heap        ] GC(151) ParOldGen: 2074061K(2197504K)->2104693K(2197504K)
[14.051s][info][gc,metaspace   ] GC(151) Metaspace: 6298K(6464K)->6298K(6464K) NonClass: 5765K(5824K)->5765K(5824K) Class: 533K(640K)->533K(640K)
[14.051s][info][gc             ] GC(151) Pause Young (Allocation Failure) 2084M->2084M(2300M) 36.745ms
[14.051s][info][gc,cpu         ] GC(151) User=0.17s Sys=0.02s Real=0.04s
[14.086s][info][gc,start       ] GC(152) Pause Young (Allocation Failure)
[14.125s][info][gc,heap        ] GC(152) PSYoungGen: 64128K(158208K)->33952K(160768K) Eden: 33792K(33792K)->0K(33792K) From: 30336K(124416K)->33952K(126976K)
[14.125s][info][gc,heap        ] GC(152) ParOldGen: 2104693K(2197504K)->2135317K(2197504K)
[14.125s][info][gc,metaspace   ] GC(152) Metaspace: 6298K(6464K)->6298K(6464K) NonClass: 5765K(5824K)->5765K(5824K) Class: 533K(640K)->533K(640K)
[14.125s][info][gc             ] GC(152) Pause Young (Allocation Failure) 2117M->2118M(2303M) 38.874ms
[14.125s][info][gc,cpu         ] GC(152) User=0.23s Sys=0.00s Real=0.04s
[14.162s][info][gc,start       ] GC(153) Pause Young (Allocation Failure)
[14.203s][info][gc,heap        ] GC(153) PSYoungGen: 67744K(160768K)->33984K(154112K) Eden: 33792K(33792K)->0K(37888K) From: 33952K(126976K)->33984K(116224K)
[14.203s][info][gc,heap        ] GC(153) ParOldGen: 2135317K(2197504K)->2169573K(2197504K)
[14.203s][info][gc,metaspace   ] GC(153) Metaspace: 6298K(6464K)->6298K(6464K) NonClass: 5765K(5824K)->5765K(5824K) Class: 533K(640K)->533K(640K)
[14.203s][info][gc             ] GC(153) Pause Young (Allocation Failure) 2151M->2151M(2296M) 40.404ms
[14.203s][info][gc,cpu         ] GC(153) User=0.25s Sys=0.00s Real=0.04s
[14.203s][info][gc,start       ] GC(154) Pause Full (Ergonomics)
[14.203s][info][gc,phases,start] GC(154) Marking Phase
[14.700s][info][gc,phases      ] GC(154) Marking Phase 497.067ms
[14.700s][info][gc,phases,start] GC(154) Summary Phase
[14.700s][info][gc,phases      ] GC(154) Summary Phase 0.035ms
[14.700s][info][gc,phases,start] GC(154) Adjust Roots
[14.700s][info][gc,phases      ] GC(154) Adjust Roots 0.172ms
[14.700s][info][gc,phases,start] GC(154) Compaction Phase
[14.884s][info][gc,phases      ] GC(154) Compaction Phase 183.641ms
[14.884s][info][gc,phases,start] GC(154) Post Compact
[14.888s][info][gc,phases      ] GC(154) Post Compact 4.260ms
[14.889s][info][gc,heap        ] GC(154) PSYoungGen: 33984K(154112K)->3622K(157696K) Eden: 0K(37888K)->0K(41472K) From: 33984K(116224K)->3622K(116224K)
[14.889s][info][gc,heap        ] GC(154) ParOldGen: 2169573K(2197504K)->2197187K(2409984K)
[14.889s][info][gc,metaspace   ] GC(154) Metaspace: 6298K(6464K)->6298K(6464K) NonClass: 5765K(5824K)->5765K(5824K) Class: 533K(640K)->533K(640K)
[14.889s][info][gc             ] GC(154) Pause Full (Ergonomics) 2151M->2149M(2507M) 686.512ms
[14.889s][info][gc,cpu         ] GC(154) User=5.06s Sys=0.02s Real=0.69s
[14.943s][info][gc,start       ] GC(155) Pause Young (Allocation Failure)
[15.058s][info][gc,heap        ] GC(155) PSYoungGen: 45094K(157696K)->41696K(83456K) Eden: 41472K(41472K)->0K(41472K) From: 3622K(116224K)->41696K(41984K)
[15.058s][info][gc,heap        ] GC(155) ParOldGen: 2197187K(2409984K)->2200907K(2409984K)
[15.058s][info][gc,metaspace   ] GC(155) Metaspace: 6298K(6464K)->6298K(6464K) NonClass: 5765K(5824K)->5765K(5824K) Class: 533K(640K)->533K(640K)
[15.058s][info][gc             ] GC(155) Pause Young (Allocation Failure) 2189M->2190M(2435M) 115.386ms
[15.058s][info][gc,cpu         ] GC(155) User=0.84s Sys=0.00s Real=0.12s
[15.106s][info][gc,start       ] GC(156) Pause Young (Allocation Failure)
[15.152s][info][gc,heap        ] GC(156) PSYoungGen: 83168K(83456K)->83200K(154624K) Eden: 41472K(41472K)->0K(39936K) From: 41696K(41984K)->83200K(114688K)
[15.153s][info][gc,heap        ] GC(156) ParOldGen: 2200907K(2409984K)->2200907K(2409984K)
[15.153s][info][gc,metaspace   ] GC(156) Metaspace: 6298K(6464K)->6298K(6464K) NonClass: 5765K(5824K)->5765K(5824K) Class: 533K(640K)->533K(640K)
[15.153s][info][gc             ] GC(156) Pause Young (Allocation Failure) 2230M->2230M(2504M) 46.739ms
[15.153s][info][gc,cpu         ] GC(156) User=0.27s Sys=0.00s Real=0.05s
[15.200s][info][gc,start       ] GC(157) Pause Young (Allocation Failure)
[15.262s][info][gc,heap        ] GC(157) PSYoungGen: 123136K(154624K)->120320K(160256K) Eden: 39936K(39936K)->0K(39936K) From: 83200K(114688K)->120320K(120320K)
[15.262s][info][gc,heap        ] GC(157) ParOldGen: 2200907K(2409984K)->2203715K(2409984K)
[15.262s][info][gc,metaspace   ] GC(157) Metaspace: 6298K(6464K)->6298K(6464K) NonClass: 5765K(5824K)->5765K(5824K) Class: 533K(640K)->533K(640K)
[15.262s][info][gc             ] GC(157) Pause Young (Allocation Failure) 2269M->2269M(2510M) 61.564ms
[15.262s][info][gc,cpu         ] GC(157) User=0.39s Sys=0.00s Real=0.06s
[15.307s][info][gc,start       ] GC(158) Pause Young (Allocation Failure)
[15.392s][info][gc,heap        ] GC(158) PSYoungGen: 160256K(160256K)->79200K(182272K) Eden: 39936K(39936K)->0K(44544K) From: 120320K(120320K)->79200K(137728K)
[15.392s][info][gc,heap        ] GC(158) ParOldGen: 2203715K(2409984K)->2285755K(2409984K)
[15.392s][info][gc,metaspace   ] GC(158) Metaspace: 6298K(6464K)->6298K(6464K) NonClass: 5765K(5824K)->5765K(5824K) Class: 533K(640K)->533K(640K)
[15.392s][info][gc             ] GC(158) Pause Young (Allocation Failure) 2308M->2309M(2531M) 85.820ms
[15.392s][info][gc,cpu         ] GC(158) User=0.55s Sys=0.08s Real=0.08s
[15.443s][info][gc,start       ] GC(159) Pause Young (Allocation Failure)
[15.510s][info][gc,heap        ] GC(159) PSYoungGen: 123744K(182272K)->84704K(182784K) Eden: 44544K(44544K)->0K(44544K) From: 79200K(137728K)->84704K(138240K)
[15.510s][info][gc,heap        ] GC(159) ParOldGen: 2285755K(2409984K)->2325099K(2409984K)
[15.510s][info][gc,metaspace   ] GC(159) Metaspace: 6298K(6464K)->6298K(6464K) NonClass: 5765K(5824K)->5765K(5824K) Class: 533K(640K)->533K(640K)
[15.510s][info][gc             ] GC(159) Pause Young (Allocation Failure) 2353M->2353M(2532M) 67.190ms
[15.510s][info][gc,cpu         ] GC(159) User=0.52s Sys=0.00s Real=0.07s
[15.565s][info][gc,start       ] GC(160) Pause Young (Allocation Failure)
[15.635s][info][gc,heap        ] GC(160) PSYoungGen: 129248K(182784K)->89376K(187392K) Eden: 44544K(44544K)->0K(48128K) From: 84704K(138240K)->89376K(139264K)
[15.635s][info][gc,heap        ] GC(160) ParOldGen: 2325099K(2409984K)->2365387K(2409984K)
[15.635s][info][gc,metaspace   ] GC(160) Metaspace: 6298K(6464K)->6298K(6464K) NonClass: 5765K(5824K)->5765K(5824K) Class: 533K(640K)->533K(640K)
[15.635s][info][gc             ] GC(160) Pause Young (Allocation Failure) 2396M->2397M(2536M) 70.584ms
[15.635s][info][gc,cpu         ] GC(160) User=0.47s Sys=0.03s Real=0.07s
[15.635s][info][gc,start       ] GC(161) Pause Full (Ergonomics)
[15.635s][info][gc,phases,start] GC(161) Marking Phase
[16.201s][info][gc,phases      ] GC(161) Marking Phase 566.256ms
[16.202s][info][gc,phases,start] GC(161) Summary Phase
[16.202s][info][gc,phases      ] GC(161) Summary Phase 0.035ms
[16.202s][info][gc,phases,start] GC(161) Adjust Roots
[16.202s][info][gc,phases      ] GC(161) Adjust Roots 0.158ms
[16.202s][info][gc,phases,start] GC(161) Compaction Phase
[16.409s][info][gc,phases      ] GC(161) Compaction Phase 206.725ms
[16.409s][info][gc,phases,start] GC(161) Post Compact
[16.413s][info][gc,phases      ] GC(161) Post Compact 4.773ms
[16.415s][info][gc,heap        ] GC(161) PSYoungGen: 89376K(187392K)->43024K(187392K) Eden: 0K(48128K)->0K(48128K) From: 89376K(139264K)->43024K(139264K)
[16.415s][info][gc,heap        ] GC(161) ParOldGen: 2365387K(2409984K)->2409495K(2656256K)
[16.415s][info][gc,metaspace   ] GC(161) Metaspace: 6298K(6464K)->6298K(6464K) NonClass: 5765K(5824K)->5765K(5824K) Class: 533K(640K)->533K(640K)
[16.415s][info][gc             ] GC(161) Pause Full (Ergonomics) 2397M->2395M(2777M) 779.435ms
[16.415s][info][gc,cpu         ] GC(161) User=5.80s Sys=0.06s Real=0.78s
[16.473s][info][gc,start       ] GC(162) Pause Young (Allocation Failure)
[16.628s][info][gc,heap        ] GC(162) PSYoungGen: 91152K(187392K)->68960K(117248K) Eden: 48128K(48128K)->0K(48128K) From: 43024K(139264K)->68960K(69120K)
[16.628s][info][gc,heap        ] GC(162) ParOldGen: 2409495K(2656256K)->2432199K(2656256K)
[16.628s][info][gc,metaspace   ] GC(162) Metaspace: 6298K(6464K)->6298K(6464K) NonClass: 5765K(5824K)->5765K(5824K) Class: 533K(640K)->533K(640K)
[16.628s][info][gc             ] GC(162) Pause Young (Allocation Failure) 2442M->2442M(2708M) 155.469ms
[16.628s][info][gc,cpu         ] GC(162) User=1.11s Sys=0.03s Real=0.15s
[16.685s][info][gc,start       ] GC(163) Pause Young (Allocation Failure)
[16.749s][info][gc,heap        ] GC(163) PSYoungGen: 117088K(117248K)->117120K(175104K) Eden: 48128K(48128K)->0K(40960K) From: 68960K(69120K)->117120K(134144K)
[16.749s][info][gc,heap        ] GC(163) ParOldGen: 2432199K(2656256K)->2432199K(2656256K)
[16.749s][info][gc,metaspace   ] GC(163) Metaspace: 6298K(6464K)->6298K(6464K) NonClass: 5765K(5824K)->5765K(5824K) Class: 533K(640K)->533K(640K)
[16.749s][info][gc             ] GC(163) Pause Young (Allocation Failure) 2489M->2489M(2765M) 63.992ms
[16.749s][info][gc,cpu         ] GC(163) User=0.34s Sys=0.05s Real=0.06s
[16.797s][info][gc,start       ] GC(164) Pause Young (Allocation Failure)
[16.883s][info][gc,heap        ] GC(164) PSYoungGen: 158080K(175104K)->145920K(186880K) Eden: 40960K(40960K)->0K(40960K) From: 117120K(134144K)->145920K(145920K)
[16.883s][info][gc,heap        ] GC(164) ParOldGen: 2432199K(2656256K)->2444415K(2656256K)
[16.883s][info][gc,metaspace   ] GC(164) Metaspace: 6298K(6464K)->6298K(6464K) NonClass: 5765K(5824K)->5765K(5824K) Class: 533K(640K)->533K(640K)
[16.883s][info][gc             ] GC(164) Pause Young (Allocation Failure) 2529M->2529M(2776M) 86.323ms
[16.883s][info][gc,cpu         ] GC(164) User=0.52s Sys=0.00s Real=0.09s
[16.932s][info][gc,start       ] GC(165) Pause Young (Allocation Failure)
[17.036s][info][gc,heap        ] GC(165) PSYoungGen: 186880K(186880K)->124576K(208896K) Eden: 40960K(40960K)->0K(38400K) From: 145920K(145920K)->124576K(170496K)
[17.036s][info][gc,heap        ] GC(165) ParOldGen: 2444415K(2656256K)->2507319K(2656256K)
[17.036s][info][gc,metaspace   ] GC(165) Metaspace: 6298K(6464K)->6298K(6464K) NonClass: 5765K(5824K)->5765K(5824K) Class: 533K(640K)->533K(640K)
[17.036s][info][gc             ] GC(165) Pause Young (Allocation Failure) 2569M->2570M(2798M) 103.885ms
[17.036s][info][gc,cpu         ] GC(165) User=0.70s Sys=0.05s Real=0.10s
[17.084s][info][gc,start       ] GC(166) Pause Young (Allocation Failure)
[17.176s][info][gc,heap        ] GC(166) PSYoungGen: 162976K(208896K)->118112K(216064K) Eden: 38400K(38400K)->0K(38400K) From: 124576K(170496K)->118112K(177664K)
[17.176s][info][gc,heap        ] GC(166) ParOldGen: 2507319K(2656256K)->2552615K(2656256K)
[17.176s][info][gc,metaspace   ] GC(166) Metaspace: 6298K(6464K)->6298K(6464K) NonClass: 5765K(5824K)->5765K(5824K) Class: 533K(640K)->533K(640K)
[17.176s][info][gc             ] GC(166) Pause Young (Allocation Failure) 2607M->2608M(2805M) 92.891ms
[17.176s][info][gc,cpu         ] GC(166) User=0.73s Sys=0.02s Real=0.09s
[17.225s][info][gc,start       ] GC(167) Pause Young (Allocation Failure)
[17.312s][info][gc,heap        ] GC(167) PSYoungGen: 156512K(216064K)->118048K(222208K) Eden: 38400K(38400K)->0K(41472K) From: 118112K(177664K)->118048K(180736K)
[17.313s][info][gc,heap        ] GC(167) ParOldGen: 2552615K(2656256K)->2591463K(2656256K)
[17.313s][info][gc,metaspace   ] GC(167) Metaspace: 6298K(6464K)->6298K(6464K) NonClass: 5765K(5824K)->5765K(5824K) Class: 533K(640K)->533K(640K)
[17.313s][info][gc             ] GC(167) Pause Young (Allocation Failure) 2645M->2646M(2811M) 87.645ms
[17.313s][info][gc,cpu         ] GC(167) User=0.58s Sys=0.05s Real=0.09s
[17.313s][info][gc,start       ] GC(168) Pause Full (Ergonomics)
[17.313s][info][gc,phases,start] GC(168) Marking Phase
[17.945s][info][gc,phases      ] GC(168) Marking Phase 632.455ms
[17.945s][info][gc,phases,start] GC(168) Summary Phase
[17.945s][info][gc,phases      ] GC(168) Summary Phase 0.061ms
[17.945s][info][gc,phases,start] GC(168) Adjust Roots
[17.945s][info][gc,phases      ] GC(168) Adjust Roots 0.211ms
[17.945s][info][gc,phases,start] GC(168) Compaction Phase
[18.162s][info][gc,phases      ] GC(168) Compaction Phase 216.036ms
[18.162s][info][gc,phases,start] GC(168) Post Compact
[18.167s][info][gc,phases      ] GC(168) Post Compact 5.015ms
[18.168s][info][gc,heap        ] GC(168) PSYoungGen: 118048K(222208K)->51215K(222208K) Eden: 0K(41472K)->0K(41472K) From: 118048K(180736K)->51215K(180736K)
[18.168s][info][gc,heap        ] GC(168) ParOldGen: 2591463K(2656256K)->2656080K(2923008K)
[18.168s][info][gc,metaspace   ] GC(168) Metaspace: 6298K(6464K)->6298K(6464K) NonClass: 5765K(5824K)->5765K(5824K) Class: 533K(640K)->533K(640K)
[18.168s][info][gc             ] GC(168) Pause Full (Ergonomics) 2646M->2643M(3071M) 855.010ms
[18.168s][info][gc,cpu         ] GC(168) User=6.52s Sys=0.00s Real=0.86s
[18.215s][info][gc,start       ] GC(169) Pause Young (Allocation Failure)
[18.387s][info][gc,heap        ] GC(169) PSYoungGen: 92687K(222208K)->57760K(223744K) Eden: 41472K(41472K)->0K(41472K) From: 51215K(180736K)->57760K(182272K)
[18.387s][info][gc,heap        ] GC(169) ParOldGen: 2656080K(2923008K)->2691632K(2923008K)
[18.387s][info][gc,metaspace   ] GC(169) Metaspace: 6298K(6464K)->6298K(6464K) NonClass: 5765K(5824K)->5765K(5824K) Class: 533K(640K)->533K(640K)
[18.387s][info][gc             ] GC(169) Pause Young (Allocation Failure) 2684M->2684M(3073M) 172.642ms
[18.387s][info][gc,cpu         ] GC(169) User=1.03s Sys=0.00s Real=0.17s
[18.436s][info][gc,start       ] GC(170) Pause Young (Allocation Failure)
[18.491s][info][gc,heap        ] GC(170) PSYoungGen: 99232K(223744K)->83136K(208896K) Eden: 41472K(41472K)->0K(46080K) From: 57760K(182272K)->83136K(162816K)
[18.491s][info][gc,heap        ] GC(170) ParOldGen: 2691632K(2923008K)->2707856K(2923008K)
[18.491s][info][gc,metaspace   ] GC(170) Metaspace: 6298K(6464K)->6298K(6464K) NonClass: 5765K(5824K)->5765K(5824K) Class: 533K(640K)->533K(640K)
[18.491s][info][gc             ] GC(170) Pause Young (Allocation Failure) 2725M->2725M(3058M) 55.548ms
[18.491s][info][gc,cpu         ] GC(170) User=0.39s Sys=0.00s Real=0.06s
[18.547s][info][gc,start       ] GC(171) Pause Young (Allocation Failure)
[18.622s][info][gc,heap        ] GC(171) PSYoungGen: 129216K(208896K)->87776K(134144K) Eden: 46080K(46080K)->0K(46080K) From: 83136K(162816K)->87776K(88064K)
[18.622s][info][gc,heap        ] GC(171) ParOldGen: 2707856K(2923008K)->2749712K(2923008K)
[18.622s][info][gc,metaspace   ] GC(171) Metaspace: 6298K(6464K)->6298K(6464K) NonClass: 5765K(5824K)->5765K(5824K) Class: 533K(640K)->533K(640K)
[18.622s][info][gc             ] GC(171) Pause Young (Allocation Failure) 2770M->2770M(2985M) 74.649ms
[18.622s][info][gc,cpu         ] GC(171) User=0.50s Sys=0.00s Real=0.07s
[19.219s][info][gc,start       ] GC(172) Pause Full (Ergonomics)
[19.219s][info][gc,phases,start] GC(172) Marking Phase
[19.885s][info][gc,phases      ] GC(172) Marking Phase 666.443ms
[19.885s][info][gc,phases,start] GC(172) Summary Phase
[19.885s][info][gc,phases      ] GC(172) Summary Phase 0.073ms
[19.885s][info][gc,phases,start] GC(172) Adjust Roots
[19.886s][info][gc,phases      ] GC(172) Adjust Roots 0.304ms
[19.886s][info][gc,phases,start] GC(172) Compaction Phase
[20.349s][info][gc,phases      ] GC(172) Compaction Phase 463.269ms
[20.349s][info][gc,phases,start] GC(172) Post Compact
[20.355s][info][gc,phases      ] GC(172) Post Compact 6.206ms
[20.356s][info][gc,heap        ] GC(172) PSYoungGen: 133856K(134144K)->25146K(134144K) Eden: 46080K(46080K)->0K(46080K) From: 87776K(88064K)->25146K(88064K)
[20.356s][info][gc,heap        ] GC(172) ParOldGen: 2880784K(2923008K)->2922665K(3205632K)
[20.356s][info][gc,metaspace   ] GC(172) Metaspace: 6298K(6464K)->6298K(6464K) NonClass: 5765K(5824K)->5765K(5824K) Class: 533K(640K)->533K(640K)
[20.356s][info][gc             ] GC(172) Pause Full (Ergonomics) 2943M->2878M(3261M) 1137.715ms
[20.356s][info][gc,cpu         ] GC(172) User=7.80s Sys=0.05s Real=1.14s
[20.406s][info][gc,start       ] GC(173) Pause Young (Allocation Failure)
[20.561s][info][gc,heap        ] GC(173) PSYoungGen: 71226K(134144K)->60928K(205824K) Eden: 46080K(46080K)->0K(50176K) From: 25146K(88064K)->60928K(155648K)
[20.561s][info][gc,heap        ] GC(173) ParOldGen: 2922665K(3205632K)->2933321K(3205632K)
[20.561s][info][gc,metaspace   ] GC(173) Metaspace: 6298K(6464K)->6298K(6464K) NonClass: 5765K(5824K)->5765K(5824K) Class: 533K(640K)->533K(640K)
[20.561s][info][gc             ] GC(173) Pause Young (Allocation Failure) 2923M->2924M(3331M) 154.932ms
[20.561s][info][gc,cpu         ] GC(173) User=0.86s Sys=0.00s Real=0.15s
[20.609s][info][gc,start       ] GC(174) Pause Young (Allocation Failure)
[20.674s][info][gc,heap        ] GC(174) PSYoungGen: 111104K(205824K)->111168K(209920K) Eden: 50176K(50176K)->0K(50176K) From: 60928K(155648K)->111168K(159744K)
[20.674s][info][gc,heap        ] GC(174) ParOldGen: 2933321K(3205632K)->2933321K(3205632K)
[20.674s][info][gc,metaspace   ] GC(174) Metaspace: 6298K(6464K)->6298K(6464K) NonClass: 5765K(5824K)->5765K(5824K) Class: 533K(640K)->533K(640K)
[20.674s][info][gc             ] GC(174) Pause Young (Allocation Failure) 2973M->2973M(3335M) 65.129ms
[20.674s][info][gc,cpu         ] GC(174) User=0.20s Sys=0.00s Real=0.06s
[20.721s][info][gc,start       ] GC(175) Pause Young (Allocation Failure)
[20.801s][info][gc,heap        ] GC(175) PSYoungGen: 161344K(209920K)->161440K(197120K) Eden: 50176K(50176K)->0K(35328K) From: 111168K(159744K)->161440K(161792K)
[20.801s][info][gc,heap        ] GC(175) ParOldGen: 2933321K(3205632K)->2933321K(3205632K)
[20.801s][info][gc,metaspace   ] GC(175) Metaspace: 6298K(6464K)->6298K(6464K) NonClass: 5765K(5824K)->5765K(5824K) Class: 533K(640K)->533K(640K)
[20.801s][info][gc             ] GC(175) Pause Young (Allocation Failure) 3022M->3022M(3323M) 80.524ms
[20.801s][info][gc,cpu         ] GC(175) User=0.33s Sys=0.00s Real=0.08s
[20.834s][info][gc,start       ] GC(176) Pause Young (Allocation Failure)
[20.923s][info][gc,heap        ] GC(176) PSYoungGen: 196768K(197120K)->181760K(217088K) Eden: 35328K(35328K)->0K(35328K) From: 161440K(161792K)->181760K(181760K)
[20.923s][info][gc,heap        ] GC(176) ParOldGen: 2933321K(3205632K)->2948393K(3205632K)
[20.923s][info][gc,metaspace   ] GC(176) Metaspace: 6298K(6464K)->6298K(6464K) NonClass: 5765K(5824K)->5765K(5824K) Class: 533K(640K)->533K(640K)
[20.923s][info][gc             ] GC(176) Pause Young (Allocation Failure) 3056M->3056M(3342M) 89.493ms
[20.923s][info][gc,cpu         ] GC(176) User=0.66s Sys=0.00s Real=0.09s
[20.957s][info][gc,start       ] GC(177) Pause Young (Allocation Failure)
[21.058s][info][gc,heap        ] GC(177) PSYoungGen: 217088K(217088K)->121152K(242176K) Eden: 35328K(35328K)->0K(39936K) From: 181760K(181760K)->121152K(202240K)
[21.058s][info][gc,heap        ] GC(177) ParOldGen: 2948393K(3205632K)->3045201K(3205632K)
[21.058s][info][gc,metaspace   ] GC(177) Metaspace: 6298K(6464K)->6298K(6464K) NonClass: 5765K(5824K)->5765K(5824K) Class: 533K(640K)->533K(640K)
[21.058s][info][gc             ] GC(177) Pause Young (Allocation Failure) 3091M->3092M(3367M) 100.401ms
[21.058s][info][gc,cpu         ] GC(177) User=0.83s Sys=0.05s Real=0.10s
[21.102s][info][gc,start       ] GC(178) Pause Young (Allocation Failure)
[21.183s][info][gc,heap        ] GC(178) PSYoungGen: 161088K(242176K)->75488K(246272K) Eden: 39936K(39936K)->0K(39936K) From: 121152K(202240K)->75488K(206336K)
[21.183s][info][gc,heap        ] GC(178) ParOldGen: 3045201K(3205632K)->3131449K(3205632K)
[21.183s][info][gc,metaspace   ] GC(178) Metaspace: 6298K(6464K)->6298K(6464K) NonClass: 5765K(5824K)->5765K(5824K) Class: 533K(640K)->533K(640K)
[21.183s][info][gc             ] GC(178) Pause Young (Allocation Failure) 3131M->3131M(3371M) 80.596ms
[21.183s][info][gc,cpu         ] GC(178) User=0.48s Sys=0.02s Real=0.08s
[21.183s][info][gc,start       ] GC(179) Pause Full (Ergonomics)
[21.183s][info][gc,phases,start] GC(179) Marking Phase
[21.891s][info][gc,phases      ] GC(179) Marking Phase 707.562ms
[21.891s][info][gc,phases,start] GC(179) Summary Phase
[21.891s][info][gc,phases      ] GC(179) Summary Phase 0.070ms
[21.891s][info][gc,phases,start] GC(179) Adjust Roots
[21.891s][info][gc,phases      ] GC(179) Adjust Roots 0.245ms
[21.891s][info][gc,phases,start] GC(179) Compaction Phase
[22.188s][info][gc,phases      ] GC(179) Compaction Phase 296.718ms
[22.188s][info][gc,phases,start] GC(179) Post Compact
[22.194s][info][gc,phases      ] GC(179) Post Compact 5.996ms
[22.195s][info][gc,heap        ] GC(179) PSYoungGen: 75488K(246272K)->0K(246784K) Eden: 0K(39936K)->0K(45056K) From: 75488K(206336K)->0K(201728K)
[22.195s][info][gc,heap        ] GC(179) ParOldGen: 3131449K(3205632K)->3204657K(3539968K)
[22.195s][info][gc,metaspace   ] GC(179) Metaspace: 6298K(6464K)->6298K(6464K) NonClass: 5765K(5824K)->5765K(5824K) Class: 533K(640K)->533K(640K)
[22.195s][info][gc             ] GC(179) Pause Full (Ergonomics) 3131M->3129M(3698M) 1012.191ms
[22.195s][info][gc,cpu         ] GC(179) User=7.22s Sys=0.08s Real=1.01s
[22.242s][info][gc,start       ] GC(180) Pause Young (Allocation Failure)
[22.283s][info][gc,heap        ] GC(180) PSYoungGen: 45056K(246784K)->45248K(246784K) Eden: 45056K(45056K)->0K(45056K) From: 0K(201728K)->45248K(201728K)
[22.283s][info][gc,heap        ] GC(180) ParOldGen: 3204657K(3539968K)->3204657K(3539968K)
[22.283s][info][gc,metaspace   ] GC(180) Metaspace: 6298K(6464K)->6298K(6464K) NonClass: 5765K(5824K)->5765K(5824K) Class: 533K(640K)->533K(640K)
[22.283s][info][gc             ] GC(180) Pause Young (Allocation Failure) 3173M->3173M(3698M) 41.066ms
[22.283s][info][gc,cpu         ] GC(180) User=0.05s Sys=0.00s Real=0.04s
[22.328s][info][gc,start       ] GC(181) Pause Young (Allocation Failure)
[22.387s][info][gc,heap        ] GC(181) PSYoungGen: 90304K(246784K)->90368K(232960K) Eden: 45056K(45056K)->0K(49664K) From: 45248K(201728K)->90368K(183296K)
[22.387s][info][gc,heap        ] GC(181) ParOldGen: 3204657K(3539968K)->3204657K(3539968K)
[22.387s][info][gc,metaspace   ] GC(181) Metaspace: 6298K(6464K)->6298K(6464K) NonClass: 5765K(5824K)->5765K(5824K) Class: 533K(640K)->533K(640K)
[22.387s][info][gc             ] GC(181) Pause Young (Allocation Failure) 3217M->3217M(3684M) 59.381ms
[22.387s][info][gc,cpu         ] GC(181) User=0.17s Sys=0.00s Real=0.06s
[22.437s][info][gc,start       ] GC(182) Pause Young (Allocation Failure)
[22.510s][info][gc,heap        ] GC(182) PSYoungGen: 140032K(232960K)->95008K(144896K) Eden: 49664K(49664K)->0K(49664K) From: 90368K(183296K)->95008K(95232K)
[22.510s][info][gc,heap        ] GC(182) ParOldGen: 3204657K(3539968K)->3250129K(3539968K)
[22.510s][info][gc,metaspace   ] GC(182) Metaspace: 6298K(6464K)->6298K(6464K) NonClass: 5765K(5824K)->5765K(5824K) Class: 533K(640K)->533K(640K)
[22.510s][info][gc             ] GC(182) Pause Young (Allocation Failure) 3266M->3266M(3598M) 72.233ms
[22.510s][info][gc,cpu         ] GC(182) User=0.38s Sys=0.05s Real=0.07s
[22.562s][info][gc,start       ] GC(183) Pause Young (Allocation Failure)
[22.636s][info][gc,heap        ] GC(183) PSYoungGen: 144672K(144896K)->99648K(224256K) Eden: 49664K(49664K)->0K(55296K) From: 95008K(95232K)->99648K(168960K)
[22.636s][info][gc,heap        ] GC(183) ParOldGen: 3250129K(3539968K)->3295601K(3539968K)
[22.636s][info][gc,metaspace   ] GC(183) Metaspace: 6298K(6464K)->6298K(6464K) NonClass: 5765K(5824K)->5765K(5824K) Class: 533K(640K)->533K(640K)
[22.636s][info][gc             ] GC(183) Pause Young (Allocation Failure) 3315M->3315M(3676M) 74.149ms
[22.636s][info][gc,cpu         ] GC(183) User=0.34s Sys=0.06s Real=0.07s
[22.694s][info][gc,start       ] GC(184) Pause Young (Allocation Failure)
[22.773s][info][gc,heap        ] GC(184) PSYoungGen: 154944K(224256K)->105280K(231424K) Eden: 55296K(55296K)->0K(55296K) From: 99648K(168960K)->105280K(176128K)
[22.773s][info][gc,heap        ] GC(184) ParOldGen: 3295601K(3539968K)->3345697K(3539968K)
[22.773s][info][gc,metaspace   ] GC(184) Metaspace: 6298K(6464K)->6298K(6464K) NonClass: 5765K(5824K)->5765K(5824K) Class: 533K(640K)->533K(640K)
[22.773s][info][gc             ] GC(184) Pause Young (Allocation Failure) 3369M->3370M(3683M) 78.219ms
[22.773s][info][gc,cpu         ] GC(184) User=0.38s Sys=0.03s Real=0.08s
[22.824s][info][gc,start       ] GC(185) Pause Young (Allocation Failure)
[22.903s][info][gc,heap        ] GC(185) PSYoungGen: 160576K(231424K)->110944K(228352K) Eden: 55296K(55296K)->0K(61952K) From: 105280K(176128K)->110944K(166400K)
[22.903s][info][gc,heap        ] GC(185) ParOldGen: 3345697K(3539968K)->3395793K(3539968K)
[22.903s][info][gc,metaspace   ] GC(185) Metaspace: 6298K(6464K)->6298K(6464K) NonClass: 5765K(5824K)->5765K(5824K) Class: 533K(640K)->533K(640K)
[22.903s][info][gc             ] GC(185) Pause Young (Allocation Failure) 3424M->3424M(3680M) 79.491ms
[22.903s][info][gc,cpu         ] GC(185) User=0.39s Sys=0.03s Real=0.08s
[22.964s][info][gc,start       ] GC(186) Pause Young (Allocation Failure)
[23.049s][info][gc,heap        ] GC(186) PSYoungGen: 172896K(228352K)->117568K(230400K) Eden: 61952K(61952K)->0K(61952K) From: 110944K(166400K)->117568K(168448K)
[23.049s][info][gc,heap        ] GC(186) ParOldGen: 3395793K(3539968K)->3451577K(3539968K)
[23.049s][info][gc,metaspace   ] GC(186) Metaspace: 6298K(6464K)->6298K(6464K) NonClass: 5765K(5824K)->5765K(5824K) Class: 533K(640K)->533K(640K)
[23.049s][info][gc             ] GC(186) Pause Young (Allocation Failure) 3485M->3485M(3682M) 84.684ms
[23.049s][info][gc,cpu         ] GC(186) User=0.56s Sys=0.05s Real=0.09s
[23.049s][info][gc,start       ] GC(187) Pause Full (Ergonomics)
[23.049s][info][gc,phases,start] GC(187) Marking Phase
[23.857s][info][gc,phases      ] GC(187) Marking Phase 807.786ms
[23.857s][info][gc,phases,start] GC(187) Summary Phase
[23.857s][info][gc,phases      ] GC(187) Summary Phase 0.048ms
[23.857s][info][gc,phases,start] GC(187) Adjust Roots
[23.857s][info][gc,phases      ] GC(187) Adjust Roots 0.186ms
[23.857s][info][gc,phases,start] GC(187) Compaction Phase
[24.204s][info][gc,phases      ] GC(187) Compaction Phase 346.362ms
[24.204s][info][gc,phases,start] GC(187) Post Compact
[24.211s][info][gc,phases      ] GC(187) Post Compact 6.790ms
[24.212s][info][gc,heap        ] GC(187) PSYoungGen: 117568K(230400K)->26751K(230400K) Eden: 0K(61952K)->0K(61952K) From: 117568K(168448K)->26751K(168448K)
[24.212s][info][gc,heap        ] GC(187) ParOldGen: 3451577K(3539968K)->3539662K(3894272K)
[24.212s][info][gc,metaspace   ] GC(187) Metaspace: 6298K(6464K)->6298K(6464K) NonClass: 5765K(5824K)->5765K(5824K) Class: 533K(640K)->533K(640K)
[24.212s][info][gc             ] GC(187) Pause Full (Ergonomics) 3485M->3482M(4028M) 1162.680ms
[24.212s][info][gc,cpu         ] GC(187) User=8.20s Sys=0.06s Real=1.16s
[24.279s][info][gc,start       ] GC(188) Pause Young (Allocation Failure)
[24.466s][info][gc,heap        ] GC(188) PSYoungGen: 88703K(230400K)->63712K(233984K) Eden: 61952K(61952K)->0K(68096K) From: 26751K(168448K)->63712K(165888K)
[24.466s][info][gc,heap        ] GC(188) ParOldGen: 3539662K(3894272K)->3565230K(3894272K)
[24.466s][info][gc,metaspace   ] GC(188) Metaspace: 6298K(6464K)->6298K(6464K) NonClass: 5765K(5824K)->5765K(5824K) Class: 533K(640K)->533K(640K)
[24.466s][info][gc             ] GC(188) Pause Young (Allocation Failure) 3543M->3543M(4031M) 187.530ms
[24.466s][info][gc,cpu         ] GC(188) User=1.28s Sys=0.00s Real=0.19s
[24.539s][info][gc,start       ] GC(189) Pause Young (Allocation Failure)
[24.613s][info][gc,heap        ] GC(189) PSYoungGen: 131808K(233984K)->131872K(236032K) Eden: 68096K(68096K)->0K(68096K) From: 63712K(165888K)->131872K(167936K)
[24.613s][info][gc,heap        ] GC(189) ParOldGen: 3565230K(3894272K)->3565230K(3894272K)
[24.613s][info][gc,metaspace   ] GC(189) Metaspace: 6298K(6464K)->6298K(6464K) NonClass: 5765K(5824K)->5765K(5824K) Class: 533K(640K)->533K(640K)
[24.613s][info][gc             ] GC(189) Pause Young (Allocation Failure) 3610M->3610M(4033M) 74.209ms
[24.613s][info][gc,cpu         ] GC(189) User=0.31s Sys=0.00s Real=0.07s
[24.678s][info][gc,start       ] GC(190) Pause Young (Allocation Failure)
[24.778s][info][gc,heap        ] GC(190) PSYoungGen: 199968K(236032K)->174080K(219648K) Eden: 68096K(68096K)->0K(45568K) From: 131872K(167936K)->174080K(174080K)
[24.778s][info][gc,heap        ] GC(190) ParOldGen: 3565230K(3894272K)->3591286K(3894272K)
[24.778s][info][gc,metaspace   ] GC(190) Metaspace: 6298K(6464K)->6298K(6464K) NonClass: 5765K(5824K)->5765K(5824K) Class: 533K(640K)->533K(640K)
[24.778s][info][gc             ] GC(190) Pause Young (Allocation Failure) 3676M->3677M(4017M) 100.729ms
[24.778s][info][gc,cpu         ] GC(190) User=0.81s Sys=0.02s Real=0.10s
[24.821s][info][gc,start       ] GC(191) Pause Young (Allocation Failure)
[24.928s][info][gc,heap        ] GC(191) PSYoungGen: 219648K(219648K)->166048K(248832K) Eden: 45568K(45568K)->0K(45568K) From: 174080K(174080K)->166048K(203264K)
[24.928s][info][gc,heap        ] GC(191) ParOldGen: 3591286K(3894272K)->3645526K(3894272K)
[24.928s][info][gc,metaspace   ] GC(191) Metaspace: 6298K(6464K)->6298K(6464K) NonClass: 5765K(5824K)->5765K(5824K) Class: 533K(640K)->533K(640K)
[24.928s][info][gc             ] GC(191) Pause Young (Allocation Failure) 3721M->3722M(4046M) 107.530ms
[24.928s][info][gc,cpu         ] GC(191) User=0.75s Sys=0.00s Real=0.11s
[24.981s][info][gc,start       ] GC(192) Pause Young (Allocation Failure)
[25.085s][info][gc,heap        ] GC(192) PSYoungGen: 211616K(248832K)->147232K(263680K) Eden: 45568K(45568K)->0K(49152K) From: 166048K(203264K)->147232K(214528K)
[25.085s][info][gc,heap        ] GC(192) ParOldGen: 3645526K(3894272K)->3710398K(3894272K)
[25.085s][info][gc,metaspace   ] GC(192) Metaspace: 6298K(6464K)->6298K(6464K) NonClass: 5765K(5824K)->5765K(5824K) Class: 533K(640K)->533K(640K)
[25.085s][info][gc             ] GC(192) Pause Young (Allocation Failure) 3766M->3767M(4060M) 104.217ms
[25.085s][info][gc,cpu         ] GC(192) User=0.72s Sys=0.05s Real=0.11s
[25.137s][info][gc,start       ] GC(193) Pause Young (Allocation Failure)
[25.235s][info][gc,heap        ] GC(193) PSYoungGen: 196384K(263680K)->140576K(265216K) Eden: 49152K(49152K)->0K(49152K) From: 147232K(214528K)->140576K(216064K)
[25.235s][info][gc,heap        ] GC(193) ParOldGen: 3710398K(3894272K)->3766654K(3894272K)
[25.235s][info][gc,metaspace   ] GC(193) Metaspace: 6298K(6464K)->6298K(6464K) NonClass: 5765K(5824K)->5765K(5824K) Class: 533K(640K)->533K(640K)
[25.235s][info][gc             ] GC(193) Pause Young (Allocation Failure) 3815M->3815M(4062M) 98.133ms
[25.235s][info][gc,cpu         ] GC(193) User=0.62s Sys=0.02s Real=0.10s
[25.286s][info][gc,start       ] GC(194) Pause Young (Allocation Failure)
[25.382s][info][gc,heap        ] GC(194) PSYoungGen: 189728K(265216K)->98592K(259072K) Eden: 49152K(49152K)->0K(55808K) From: 140576K(216064K)->98592K(203264K)
[25.382s][info][gc,heap        ] GC(194) ParOldGen: 3766654K(3894272K)->3858582K(3894272K)
[25.382s][info][gc,metaspace   ] GC(194) Metaspace: 6298K(6464K)->6298K(6464K) NonClass: 5765K(5824K)->5765K(5824K) Class: 533K(640K)->533K(640K)
[25.382s][info][gc             ] GC(194) Pause Young (Allocation Failure) 3863M->3864M(4056M) 96.137ms
[25.382s][info][gc,cpu         ] GC(194) User=0.70s Sys=0.05s Real=0.10s
[25.382s][info][gc,start       ] GC(195) Pause Full (Ergonomics)
[25.382s][info][gc,phases,start] GC(195) Marking Phase
[26.277s][info][gc,phases      ] GC(195) Marking Phase 894.704ms
[26.277s][info][gc,phases,start] GC(195) Summary Phase
[26.277s][info][gc,phases      ] GC(195) Summary Phase 0.054ms
[26.277s][info][gc,phases,start] GC(195) Adjust Roots
[26.277s][info][gc,phases      ] GC(195) Adjust Roots 0.159ms
[26.277s][info][gc,phases,start] GC(195) Compaction Phase
[26.639s][info][gc,phases      ] GC(195) Compaction Phase 361.846ms
[26.639s][info][gc,phases,start] GC(195) Post Compact
[26.646s][info][gc,phases      ] GC(195) Post Compact 7.562ms
[26.648s][info][gc,heap        ] GC(195) PSYoungGen: 98592K(259072K)->59903K(264704K) Eden: 0K(55808K)->0K(61440K) From: 98592K(203264K)->59903K(203264K)
[26.648s][info][gc,heap        ] GC(195) ParOldGen: 3858582K(3894272K)->3893871K(4289536K)
[26.648s][info][gc,metaspace   ] GC(195) Metaspace: 6298K(6464K)->6298K(6464K) NonClass: 5765K(5824K)->5765K(5824K) Class: 533K(640K)->533K(640K)
[26.648s][info][gc             ] GC(195) Pause Full (Ergonomics) 3864M->3861M(4447M) 1266.066ms
[26.648s][info][gc,cpu         ] GC(195) User=9.08s Sys=0.03s Real=1.27s
[26.710s][info][gc,start       ] GC(196) Pause Young (Allocation Failure)
[26.944s][info][gc,heap        ] GC(196) PSYoungGen: 121343K(264704K)->61664K(270336K) Eden: 61440K(61440K)->0K(61440K) From: 59903K(203264K)->61664K(208896K)
[26.944s][info][gc,heap        ] GC(196) ParOldGen: 3893871K(4289536K)->3954351K(4289536K)
[26.944s][info][gc,metaspace   ] GC(196) Metaspace: 6298K(6464K)->6298K(6464K) NonClass: 5765K(5824K)->5765K(5824K) Class: 533K(640K)->533K(640K)
[26.944s][info][gc             ] GC(196) Pause Young (Allocation Failure) 3921M->3921M(4453M) 234.206ms
[26.944s][info][gc,cpu         ] GC(196) User=1.61s Sys=0.02s Real=0.23s
[27.007s][info][gc,start       ] GC(197) Pause Young (Allocation Failure)
[27.081s][info][gc,heap        ] GC(197) PSYoungGen: 123104K(270336K)->61632K(276480K) Eden: 61440K(61440K)->0K(68096K) From: 61664K(208896K)->61632K(208384K)
[27.081s][info][gc,heap        ] GC(197) ParOldGen: 3954351K(4289536K)->4016359K(4289536K)
[27.081s][info][gc,metaspace   ] GC(197) Metaspace: 6298K(6464K)->6298K(6464K) NonClass: 5765K(5824K)->5765K(5824K) Class: 533K(640K)->533K(640K)
[27.081s][info][gc             ] GC(197) Pause Young (Allocation Failure) 3981M->3982M(4459M) 73.787ms
[27.081s][info][gc,cpu         ] GC(197) User=0.36s Sys=0.05s Real=0.07s
[27.158s][info][gc,start       ] GC(198) Pause Young (Allocation Failure)
[27.238s][info][gc,heap        ] GC(198) PSYoungGen: 129728K(276480K)->68320K(276992K) Eden: 68096K(68096K)->0K(68096K) From: 61632K(208384K)->68320K(208896K)
[27.238s][info][gc,heap        ] GC(198) ParOldGen: 4016359K(4289536K)->4078343K(4289536K)
[27.238s][info][gc,metaspace   ] GC(198) Metaspace: 6298K(6464K)->6298K(6464K) NonClass: 5765K(5824K)->5765K(5824K) Class: 533K(640K)->533K(640K)
[27.238s][info][gc             ] GC(198) Pause Young (Allocation Failure) 4048M->4049M(4459M) 80.073ms
[27.238s][info][gc,cpu         ] GC(198) User=0.39s Sys=0.03s Real=0.08s
[27.302s][info][gc,start       ] GC(199) Pause Young (Allocation Failure)
[27.378s][info][gc,heap        ] GC(199) PSYoungGen: 136416K(276992K)->68384K(272896K) Eden: 68096K(68096K)->0K(75264K) From: 68320K(208896K)->68384K(197632K)
[27.378s][info][gc,heap        ] GC(199) ParOldGen: 4078343K(4289536K)->4147047K(4289536K)
[27.378s][info][gc,metaspace   ] GC(199) Metaspace: 6298K(6464K)->6298K(6464K) NonClass: 5765K(5824K)->5765K(5824K) Class: 533K(640K)->533K(640K)
[27.378s][info][gc             ] GC(199) Pause Young (Allocation Failure) 4115M->4116M(4455M) 76.307ms
[27.378s][info][gc,cpu         ] GC(199) User=0.48s Sys=0.02s Real=0.08s
[27.457s][info][gc,start       ] GC(200) Pause Young (Allocation Failure)
[27.537s][info][gc,heap        ] GC(200) PSYoungGen: 143648K(272896K)->75520K(276992K) Eden: 75264K(75264K)->0K(75264K) From: 68384K(197632K)->75520K(201728K)
[27.537s][info][gc,heap        ] GC(200) ParOldGen: 4147047K(4289536K)->4215759K(4289536K)
[27.537s][info][gc,metaspace   ] GC(200) Metaspace: 6298K(6464K)->6298K(6464K) NonClass: 5765K(5824K)->5765K(5824K) Class: 533K(640K)->533K(640K)
[27.537s][info][gc             ] GC(200) Pause Young (Allocation Failure) 4190M->4190M(4459M) 79.651ms
[27.537s][info][gc,cpu         ] GC(200) User=0.48s Sys=0.03s Real=0.08s
[27.537s][info][gc,start       ] GC(201) Pause Full (Ergonomics)
[27.537s][info][gc,phases,start] GC(201) Marking Phase
[28.498s][info][gc,phases      ] GC(201) Marking Phase 961.213ms
[28.498s][info][gc,phases,start] GC(201) Summary Phase
[28.498s][info][gc,phases      ] GC(201) Summary Phase 0.078ms
[28.498s][info][gc,phases,start] GC(201) Adjust Roots
[28.498s][info][gc,phases      ] GC(201) Adjust Roots 0.161ms
[28.498s][info][gc,phases,start] GC(201) Compaction Phase
[28.844s][info][gc,phases      ] GC(201) Compaction Phase 345.145ms
[28.844s][info][gc,phases,start] GC(201) Post Compact
[28.850s][info][gc,phases      ] GC(201) Post Compact 6.704ms
[28.852s][info][gc,heap        ] GC(201) PSYoungGen: 75520K(276992K)->0K(279552K) Eden: 0K(75264K)->0K(83456K) From: 75520K(201728K)->0K(196096K)
[28.852s][info][gc,heap        ] GC(201) ParOldGen: 4215759K(4289536K)->4287952K(4716544K)
[28.852s][info][gc,metaspace   ] GC(201) Metaspace: 6298K(6464K)->6298K(6464K) NonClass: 5765K(5824K)->5765K(5824K) Class: 533K(640K)->533K(640K)
[28.852s][info][gc             ] GC(201) Pause Full (Ergonomics) 4190M->4187M(4879M) 1315.118ms
[28.852s][info][gc,cpu         ] GC(201) User=9.84s Sys=0.06s Real=1.31s
[28.952s][info][gc,start       ] GC(202) Pause Young (Allocation Failure)
[29.013s][info][gc,heap        ] GC(202) PSYoungGen: 83456K(279552K)->83680K(167424K) Eden: 83456K(83456K)->0K(83456K) From: 0K(196096K)->83680K(83968K)
[29.013s][info][gc,heap        ] GC(202) ParOldGen: 4287952K(4716544K)->4287952K(4716544K)
[29.013s][info][gc,metaspace   ] GC(202) Metaspace: 6298K(6464K)->6298K(6464K) NonClass: 5765K(5824K)->5765K(5824K) Class: 533K(640K)->533K(640K)
[29.013s][info][gc             ] GC(202) Pause Young (Allocation Failure) 4268M->4269M(4769M) 61.059ms
[29.013s][info][gc,cpu         ] GC(202) User=0.28s Sys=0.00s Real=0.06s
[29.098s][info][gc,start       ] GC(203) Pause Young (Allocation Failure)
[29.185s][info][gc,heap        ] GC(203) PSYoungGen: 167136K(167424K)->167360K(261632K) Eden: 83456K(83456K)->0K(73216K) From: 83680K(83968K)->167360K(188416K)
[29.185s][info][gc,heap        ] GC(203) ParOldGen: 4287952K(4716544K)->4287952K(4716544K)
[29.185s][info][gc,metaspace   ] GC(203) Metaspace: 6298K(6464K)->6298K(6464K) NonClass: 5765K(5824K)->5765K(5824K) Class: 533K(640K)->533K(640K)
[29.185s][info][gc             ] GC(203) Pause Young (Allocation Failure) 4350M->4350M(4861M) 87.400ms
[29.185s][info][gc,cpu         ] GC(203) User=0.64s Sys=0.00s Real=0.09s
[29.262s][info][gc,start       ] GC(204) Pause Young (Allocation Failure)
[29.383s][info][gc,heap        ] GC(204) PSYoungGen: 240576K(261632K)->205824K(279040K) Eden: 73216K(73216K)->0K(73216K) From: 167360K(188416K)->205824K(205824K)
[29.383s][info][gc,heap        ] GC(204) ParOldGen: 4287952K(4716544K)->4322960K(4716544K)
[29.383s][info][gc,metaspace   ] GC(204) Metaspace: 6298K(6464K)->6298K(6464K) NonClass: 5765K(5824K)->5765K(5824K) Class: 533K(640K)->533K(640K)
[29.383s][info][gc             ] GC(204) Pause Young (Allocation Failure) 4422M->4422M(4878M) 121.310ms
[29.383s][info][gc,cpu         ] GC(204) User=0.88s Sys=0.02s Real=0.12s
[29.472s][info][gc,start       ] GC(205) Pause Young (Allocation Failure)
[29.625s][info][gc,heap        ] GC(205) PSYoungGen: 279040K(279040K)->135712K(315392K) Eden: 73216K(73216K)->0K(80896K) From: 205824K(205824K)->135712K(234496K)
[29.625s][info][gc,heap        ] GC(205) ParOldGen: 4322960K(4716544K)->4467608K(4716544K)
[29.625s][info][gc,metaspace   ] GC(205) Metaspace: 6298K(6464K)->6298K(6464K) NonClass: 5765K(5824K)->5765K(5824K) Class: 533K(640K)->533K(640K)
[29.625s][info][gc             ] GC(205) Pause Young (Allocation Failure) 4494M->4495M(4914M) 152.480ms
[29.625s][info][gc,cpu         ] GC(205) User=1.08s Sys=0.16s Real=0.15s
[29.714s][info][gc,start       ] GC(206) Pause Young (Allocation Failure)
[29.832s][info][gc,heap        ] GC(206) PSYoungGen: 216608K(315392K)->154496K(321024K) Eden: 80896K(80896K)->0K(80896K) From: 135712K(234496K)->154496K(240128K)
[29.832s][info][gc,heap        ] GC(206) ParOldGen: 4467608K(4716544K)->4530288K(4716544K)
[29.832s][info][gc,metaspace   ] GC(206) Metaspace: 6298K(6464K)->6298K(6464K) NonClass: 5765K(5824K)->5765K(5824K) Class: 533K(640K)->533K(640K)
[29.832s][info][gc             ] GC(206) Pause Young (Allocation Failure) 4574M->4574M(4919M) 117.531ms
[29.832s][info][gc,cpu         ] GC(206) User=0.73s Sys=0.03s Real=0.12s
[29.921s][info][gc,start       ] GC(207) Pause Young (Allocation Failure)
[30.048s][info][gc,heap        ] GC(207) PSYoungGen: 235392K(321024K)->162208K(328192K) Eden: 80896K(80896K)->0K(87040K) From: 154496K(240128K)->162208K(241152K)
[30.048s][info][gc,heap        ] GC(207) ParOldGen: 4530288K(4716544K)->4604176K(4716544K)
[30.048s][info][gc,metaspace   ] GC(207) Metaspace: 6298K(6464K)->6298K(6464K) NonClass: 5765K(5824K)->5765K(5824K) Class: 533K(640K)->533K(640K)
[30.048s][info][gc             ] GC(207) Pause Young (Allocation Failure) 4653M->4654M(4926M) 127.464ms
[30.048s][info][gc,cpu         ] GC(207) User=0.81s Sys=0.06s Real=0.13s
[30.048s][info][gc,start       ] GC(208) Pause Full (Ergonomics)
[30.048s][info][gc,phases,start] GC(208) Marking Phase
[31.134s][info][gc,phases      ] GC(208) Marking Phase 1085.578ms
[31.134s][info][gc,phases,start] GC(208) Summary Phase
[31.134s][info][gc,phases      ] GC(208) Summary Phase 0.069ms
[31.134s][info][gc,phases,start] GC(208) Adjust Roots
[31.134s][info][gc,phases      ] GC(208) Adjust Roots 0.179ms
[31.134s][info][gc,phases,start] GC(208) Compaction Phase
[31.508s][info][gc,phases      ] GC(208) Compaction Phase 373.591ms
[31.508s][info][gc,phases,start] GC(208) Post Compact
[31.515s][info][gc,phases      ] GC(208) Post Compact 7.608ms
[31.517s][info][gc,heap        ] GC(208) PSYoungGen: 162208K(328192K)->46759K(328192K) Eden: 0K(87040K)->0K(87040K) From: 162208K(241152K)->46759K(241152K)
[31.517s][info][gc,heap        ] GC(208) ParOldGen: 4604176K(4716544K)->4716140K(5195264K)
[31.517s][info][gc,metaspace   ] GC(208) Metaspace: 6298K(6464K)->6298K(6464K) NonClass: 5765K(5824K)->5765K(5824K) Class: 533K(640K)->533K(640K)
[31.517s][info][gc             ] GC(208) Pause Full (Ergonomics) 4654M->4651M(5394M) 1468.975ms
[31.517s][info][gc,cpu         ] GC(208) User=11.23s Sys=0.03s Real=1.47s
[31.619s][info][gc,start       ] GC(209) Pause Young (Allocation Failure)
[31.904s][info][gc,heap        ] GC(209) PSYoungGen: 133799K(328192K)->116192K(203264K) Eden: 87040K(87040K)->0K(87040K) From: 46759K(241152K)->116192K(116224K)
[31.904s][info][gc,heap        ] GC(209) ParOldGen: 4716140K(5195264K)->4734300K(5195264K)
[31.904s][info][gc,metaspace   ] GC(209) Metaspace: 6298K(6464K)->6298K(6464K) NonClass: 5765K(5824K)->5765K(5824K) Class: 533K(640K)->533K(640K)
[31.904s][info][gc             ] GC(209) Pause Young (Allocation Failure) 4736M->4736M(5272M) 285.391ms
[31.904s][info][gc,cpu         ] GC(209) User=1.91s Sys=0.00s Real=0.29s
[31.993s][info][gc,start       ] GC(210) Pause Young (Allocation Failure)
[32.106s][info][gc,heap        ] GC(210) PSYoungGen: 203232K(203264K)->203424K(311296K) Eden: 87040K(87040K)->0K(77312K) From: 116192K(116224K)->203424K(233984K)
[32.106s][info][gc,heap        ] GC(210) ParOldGen: 4734300K(5195264K)->4734300K(5195264K)
[32.106s][info][gc,metaspace   ] GC(210) Metaspace: 6298K(6464K)->6298K(6464K) NonClass: 5765K(5824K)->5765K(5824K) Class: 533K(640K)->533K(640K)
[32.106s][info][gc             ] GC(210) Pause Young (Allocation Failure) 4821M->4821M(5377M) 113.442ms
[32.106s][info][gc,cpu         ] GC(210) User=0.75s Sys=0.00s Real=0.11s
[32.188s][info][gc,start       ] GC(211) Pause Young (Allocation Failure)
[32.342s][info][gc,heap        ] GC(211) PSYoungGen: 280736K(311296K)->251904K(329216K) Eden: 77312K(77312K)->0K(77312K) From: 203424K(233984K)->251904K(251904K)
[32.342s][info][gc,heap        ] GC(211) ParOldGen: 4734300K(5195264K)->4763340K(5195264K)
[32.342s][info][gc,metaspace   ] GC(211) Metaspace: 6298K(6464K)->6298K(6464K) NonClass: 5765K(5824K)->5765K(5824K) Class: 533K(640K)->533K(640K)
[32.342s][info][gc             ] GC(211) Pause Young (Allocation Failure) 4897M->4897M(5395M) 154.235ms
[32.342s][info][gc,cpu         ] GC(211) User=1.12s Sys=0.00s Real=0.15s
[32.428s][info][gc,start       ] GC(212) Pause Young (Allocation Failure)
[32.613s][info][gc,heap        ] GC(212) PSYoungGen: 329216K(329216K)->224128K(366592K) Eden: 77312K(77312K)->0K(72192K) From: 251904K(251904K)->224128K(294400K)
[32.613s][info][gc,heap        ] GC(212) ParOldGen: 4763340K(5195264K)->4869492K(5195264K)
[32.613s][info][gc,metaspace   ] GC(212) Metaspace: 6298K(6464K)->6298K(6464K) NonClass: 5765K(5824K)->5765K(5824K) Class: 533K(640K)->533K(640K)
[32.613s][info][gc             ] GC(212) Pause Young (Allocation Failure) 4973M->4974M(5431M) 184.722ms
[32.613s][info][gc,cpu         ] GC(212) User=1.12s Sys=0.16s Real=0.19s
[32.688s][info][gc,start       ] GC(213) Pause Young (Allocation Failure)
[32.856s][info][gc,heap        ] GC(213) PSYoungGen: 296320K(366592K)->217952K(380416K) Eden: 72192K(72192K)->0K(72192K) From: 224128K(294400K)->217952K(308224K)
[32.856s][info][gc,heap        ] GC(213) ParOldGen: 4869492K(5195264K)->4948516K(5195264K)
[32.856s][info][gc,metaspace   ] GC(213) Metaspace: 6298K(6464K)->6298K(6464K) NonClass: 5765K(5824K)->5765K(5824K) Class: 533K(640K)->533K(640K)
[32.856s][info][gc             ] GC(213) Pause Young (Allocation Failure) 5044M->5045M(5445M) 168.132ms
[32.856s][info][gc,cpu         ] GC(213) User=1.12s Sys=0.05s Real=0.17s
[32.939s][info][gc,start       ] GC(214) Pause Young (Allocation Failure)
[33.101s][info][gc,heap        ] GC(214) PSYoungGen: 290144K(380416K)->222208K(390656K) Eden: 72192K(72192K)->0K(74752K) From: 217952K(308224K)->222208K(315904K)
[33.101s][info][gc,heap        ] GC(214) ParOldGen: 4948516K(5195264K)->5017084K(5195264K)
[33.101s][info][gc,metaspace   ] GC(214) Metaspace: 6298K(6464K)->6298K(6464K) NonClass: 5765K(5824K)->5765K(5824K) Class: 533K(640K)->533K(640K)
[33.101s][info][gc             ] GC(214) Pause Young (Allocation Failure) 5115M->5116M(5455M) 162.218ms
[33.101s][info][gc,cpu         ] GC(214) User=1.11s Sys=0.02s Real=0.16s
[33.181s][info][gc,start       ] GC(215) Pause Young (Allocation Failure)
[33.360s][info][gc,heap        ] GC(215) PSYoungGen: 296960K(390656K)->147296K(222208K) Eden: 74752K(74752K)->0K(74752K) From: 222208K(315904K)->147296K(147456K)
[33.360s][info][gc,heap        ] GC(215) ParOldGen: 5017084K(5195264K)->5167908K(5195264K)
[33.360s][info][gc,metaspace   ] GC(215) Metaspace: 6298K(6464K)->6298K(6464K) NonClass: 5765K(5824K)->5765K(5824K) Class: 533K(640K)->533K(640K)
[33.360s][info][gc             ] GC(215) Pause Young (Allocation Failure) 5189M->5190M(5290M) 178.978ms
[33.360s][info][gc,cpu         ] GC(215) User=1.16s Sys=0.09s Real=0.18s
[33.360s][info][gc,start       ] GC(216) Pause Full (Ergonomics)
[33.360s][info][gc,phases,start] GC(216) Marking Phase
[34.566s][info][gc,phases      ] GC(216) Marking Phase 1205.816ms
[34.566s][info][gc,phases,start] GC(216) Summary Phase
[34.566s][info][gc,phases      ] GC(216) Summary Phase 0.068ms
[34.566s][info][gc,phases,start] GC(216) Adjust Roots
[34.566s][info][gc,phases      ] GC(216) Adjust Roots 0.172ms
[34.566s][info][gc,phases,start] GC(216) Compaction Phase
[34.994s][info][gc,phases      ] GC(216) Compaction Phase 427.982ms
[34.994s][info][gc,phases,start] GC(216) Post Compact
[35.002s][info][gc,phases      ] GC(216) Post Compact 7.979ms
[35.004s][info][gc,heap        ] GC(216) PSYoungGen: 147296K(222208K)->115701K(222208K) Eden: 0K(74752K)->0K(74752K) From: 147296K(147456K)->115701K(147456K)
[35.004s][info][gc,heap        ] GC(216) ParOldGen: 5167908K(5195264K)->5194806K(5745664K)
[35.004s][info][gc,metaspace   ] GC(216) Metaspace: 6298K(6464K)->6298K(6464K) NonClass: 5765K(5824K)->5765K(5824K) Class: 533K(640K)->533K(640K)
[35.004s][info][gc             ] GC(216) Pause Full (Ergonomics) 5190M->5186M(5828M) 1644.195ms
[35.004s][info][gc,cpu         ] GC(216) User=12.61s Sys=0.06s Real=1.64s
[35.086s][info][gc,start       ] GC(217) Pause Young (Allocation Failure)
[35.428s][info][gc,heap        ] GC(217) PSYoungGen: 190453K(222208K)->75008K(393728K) Eden: 74752K(74752K)->0K(82944K) From: 115701K(147456K)->75008K(310784K)
[35.428s][info][gc,heap        ] GC(217) ParOldGen: 5194806K(5745664K)->5311598K(5745664K)
[35.428s][info][gc,metaspace   ] GC(217) Metaspace: 6298K(6464K)->6298K(6464K) NonClass: 5765K(5824K)->5765K(5824K) Class: 533K(640K)->533K(640K)
[35.428s][info][gc             ] GC(217) Pause Young (Allocation Failure) 5259M->5260M(5995M) 341.480ms
[35.428s][info][gc,cpu         ] GC(217) User=2.14s Sys=0.14s Real=0.34s
[35.523s][info][gc,start       ] GC(218) Pause Young (Allocation Failure)
[35.623s][info][gc,heap        ] GC(218) PSYoungGen: 157952K(393728K)->83200K(394752K) Eden: 82944K(82944K)->0K(82944K) From: 75008K(310784K)->83200K(311808K)
[35.623s][info][gc,heap        ] GC(218) ParOldGen: 5311598K(5745664K)->5387046K(5745664K)
[35.623s][info][gc,metaspace   ] GC(218) Metaspace: 6298K(6464K)->6298K(6464K) NonClass: 5765K(5824K)->5765K(5824K) Class: 533K(640K)->533K(640K)
[35.623s][info][gc             ] GC(218) Pause Young (Allocation Failure) 5341M->5342M(5996M) 100.056ms
[35.623s][info][gc,cpu         ] GC(218) User=0.58s Sys=0.05s Real=0.10s
[35.716s][info][gc,start       ] GC(219) Pause Young (Allocation Failure)
[35.819s][info][gc,heap        ] GC(219) PSYoungGen: 166144K(394752K)->83232K(392192K) Eden: 82944K(82944K)->0K(92160K) From: 83200K(311808K)->83232K(300032K)
[35.819s][info][gc,heap        ] GC(219) ParOldGen: 5387046K(5745664K)->5470766K(5745664K)
[35.819s][info][gc,metaspace   ] GC(219) Metaspace: 6298K(6464K)->6298K(6464K) NonClass: 5765K(5824K)->5765K(5824K) Class: 533K(640K)->533K(640K)
[35.819s][info][gc             ] GC(219) Pause Young (Allocation Failure) 5423M->5423M(5994M) 102.860ms
[35.819s][info][gc,cpu         ] GC(219) User=0.64s Sys=0.02s Real=0.10s
[35.922s][info][gc,start       ] GC(220) Pause Young (Allocation Failure)
[36.029s][info][gc,heap        ] GC(220) PSYoungGen: 175392K(392192K)->92416K(396288K) Eden: 92160K(92160K)->0K(92160K) From: 83232K(300032K)->92416K(304128K)
[36.029s][info][gc,heap        ] GC(220) ParOldGen: 5470766K(5745664K)->5554478K(5745664K)
[36.029s][info][gc,metaspace   ] GC(220) Metaspace: 6298K(6464K)->6298K(6464K) NonClass: 5765K(5824K)->5765K(5824K) Class: 533K(640K)->533K(640K)
[36.029s][info][gc             ] GC(220) Pause Young (Allocation Failure) 5513M->5514M(5998M) 106.580ms
[36.029s][info][gc,cpu         ] GC(220) User=0.64s Sys=0.02s Real=0.11s
[36.141s][info][gc,start       ] GC(221) Pause Young (Allocation Failure)
[36.253s][info][gc,heap        ] GC(221) PSYoungGen: 184576K(396288K)->92448K(382464K) Eden: 92160K(92160K)->0K(101888K) From: 92416K(304128K)->92448K(280576K)
[36.253s][info][gc,heap        ] GC(221) ParOldGen: 5554478K(5745664K)->5647486K(5745664K)
[36.253s][info][gc,metaspace   ] GC(221) Metaspace: 6298K(6464K)->6298K(6464K) NonClass: 5765K(5824K)->5765K(5824K) Class: 533K(640K)->533K(640K)
[36.253s][info][gc             ] GC(221) Pause Young (Allocation Failure) 5604M->5605M(5984M) 112.388ms
[36.253s][info][gc,cpu         ] GC(221) User=0.66s Sys=0.11s Real=0.11s
[36.254s][info][gc,start       ] GC(222) Pause Full (Ergonomics)
[36.254s][info][gc,phases,start] GC(222) Marking Phase
[37.558s][info][gc,phases      ] GC(222) Marking Phase 1304.744ms
[37.558s][info][gc,phases,start] GC(222) Summary Phase
[37.558s][info][gc,phases      ] GC(222) Summary Phase 0.104ms
[37.558s][info][gc,phases,start] GC(222) Adjust Roots
[37.559s][info][gc,phases      ] GC(222) Adjust Roots 0.163ms
[37.559s][info][gc,phases,start] GC(222) Compaction Phase
[38.007s][info][gc,phases      ] GC(222) Compaction Phase 447.972ms
[38.007s][info][gc,phases,start] GC(222) Post Compact
[38.015s][info][gc,phases      ] GC(222) Post Compact 8.408ms
[38.017s][info][gc,heap        ] GC(222) PSYoungGen: 92448K(382464K)->0K(390656K) Eden: 0K(101888K)->0K(101888K) From: 92448K(280576K)->0K(288768K)
[38.017s][info][gc,heap        ] GC(222) ParOldGen: 5647486K(5745664K)->5735304K(6322688K)
[38.017s][info][gc,metaspace   ] GC(222) Metaspace: 6298K(6464K)->6298K(6464K) NonClass: 5765K(5824K)->5765K(5824K) Class: 533K(640K)->533K(640K)
[38.017s][info][gc             ] GC(222) Pause Full (Ergonomics) 5605M->5600M(6556M) 1763.601ms
[38.017s][info][gc,cpu         ] GC(222) User=13.42s Sys=0.06s Real=1.76s
[39.315s][info][gc,start       ] GC(223) Pause Young (Allocation Failure)
[39.519s][info][gc,heap        ] GC(223) PSYoungGen: 101888K(390656K)->102208K(376832K) Eden: 101888K(101888K)->0K(110592K) From: 0K(288768K)->102208K(266240K)
[39.519s][info][gc,heap        ] GC(223) ParOldGen: 5997448K(6322688K)->5997448K(6322688K)
[39.519s][info][gc,metaspace   ] GC(223) Metaspace: 6298K(6464K)->6298K(6464K) NonClass: 5765K(5824K)->5765K(5824K) Class: 533K(640K)->533K(640K)
[39.519s][info][gc             ] GC(223) Pause Young (Allocation Failure) 5956M->5956M(6542M) 203.891ms
[39.519s][info][gc,cpu         ] GC(223) User=1.20s Sys=0.00s Real=0.20s
[39.646s][info][gc,start       ] GC(224) Pause Young (Allocation Failure)
[39.772s][info][gc,heap        ] GC(224) PSYoungGen: 212800K(376832K)->212960K(389120K) Eden: 110592K(110592K)->0K(110592K) From: 102208K(266240K)->212960K(278528K)
[39.773s][info][gc,heap        ] GC(224) ParOldGen: 5997448K(6322688K)->5997448K(6322688K)
[39.773s][info][gc,metaspace   ] GC(224) Metaspace: 6298K(6464K)->6298K(6464K) NonClass: 5765K(5824K)->5765K(5824K) Class: 533K(640K)->533K(640K)
[39.773s][info][gc             ] GC(224) Pause Young (Allocation Failure) 6064M->6064M(6554M) 126.873ms
[39.773s][info][gc,cpu         ] GC(224) User=0.61s Sys=0.00s Real=0.13s
[39.880s][info][gc,start       ] GC(225) Pause Young (Allocation Failure)
[40.036s][info][gc,heap        ] GC(225) PSYoungGen: 323552K(389120K)->294400K(362496K) Eden: 110592K(110592K)->0K(68096K) From: 212960K(278528K)->294400K(294400K)
[40.036s][info][gc,heap        ] GC(225) ParOldGen: 5997448K(6322688K)->6026968K(6322688K)
[40.036s][info][gc,metaspace   ] GC(225) Metaspace: 6298K(6464K)->6298K(6464K) NonClass: 5765K(5824K)->5765K(5824K) Class: 533K(640K)->533K(640K)
[40.036s][info][gc             ] GC(225) Pause Young (Allocation Failure) 6172M->6173M(6528M) 156.191ms
[40.036s][info][gc,cpu         ] GC(225) User=0.86s Sys=0.08s Real=0.16s
[40.108s][info][gc,start       ] GC(226) Pause Young (Allocation Failure)
[40.278s][info][gc,heap        ] GC(226) PSYoungGen: 362496K(362496K)->164512K(232960K) Eden: 68096K(68096K)->0K(68096K) From: 294400K(294400K)->164512K(164864K)
[40.278s][info][gc,heap        ] GC(226) ParOldGen: 6026968K(6322688K)->6226576K(6322688K)
[40.278s][info][gc,metaspace   ] GC(226) Metaspace: 6298K(6464K)->6298K(6464K) NonClass: 5765K(5824K)->5765K(5824K) Class: 533K(640K)->533K(640K)
[40.278s][info][gc             ] GC(226) Pause Young (Allocation Failure) 6239M->6241M(6402M) 170.099ms
[40.278s][info][gc,cpu         ] GC(226) User=1.12s Sys=0.06s Real=0.17s
[40.278s][info][gc,start       ] GC(227) Pause Full (Ergonomics)
[40.278s][info][gc,phases,start] GC(227) Marking Phase
[41.660s][info][gc,phases      ] GC(227) Marking Phase 1381.827ms
[41.660s][info][gc,phases,start] GC(227) Summary Phase
[41.660s][info][gc,phases      ] GC(227) Summary Phase 0.177ms
[41.660s][info][gc,phases,start] GC(227) Adjust Roots
[41.660s][info][gc,phases      ] GC(227) Adjust Roots 0.251ms
[41.661s][info][gc,phases,start] GC(227) Compaction Phase
[42.604s][info][gc,phases      ] GC(227) Compaction Phase 943.461ms
[42.604s][info][gc,phases,start] GC(227) Post Compact
[42.614s][info][gc,phases      ] GC(227) Post Compact 10.414ms
[42.617s][info][gc,heap        ] GC(227) PSYoungGen: 164512K(232960K)->0K(407040K) Eden: 0K(68096K)->0K(75776K) From: 164512K(164864K)->0K(331264K)
[42.617s][info][gc,heap        ] GC(227) ParOldGen: 6226576K(6322688K)->6257421K(6920192K)
[42.617s][info][gc,metaspace   ] GC(227) Metaspace: 6298K(6464K)->6298K(6464K) NonClass: 5765K(5824K)->5765K(5824K) Class: 533K(640K)->533K(640K)
[42.617s][info][gc             ] GC(227) Pause Full (Ergonomics) 6241M->6110M(7155M) 2338.913ms
[42.617s][info][gc,cpu         ] GC(227) User=16.86s Sys=0.06s Real=2.34s
[42.697s][info][gc,start       ] GC(228) Pause Young (Allocation Failure)
[42.777s][info][gc,heap        ] GC(228) PSYoungGen: 75776K(407040K)->76064K(407040K) Eden: 75776K(75776K)->0K(75776K) From: 0K(331264K)->76064K(331264K)
[42.777s][info][gc,heap        ] GC(228) ParOldGen: 6257421K(6920192K)->6257421K(6920192K)
[42.777s][info][gc,metaspace   ] GC(228) Metaspace: 6298K(6464K)->6298K(6464K) NonClass: 5765K(5824K)->5765K(5824K) Class: 533K(640K)->533K(640K)
[42.777s][info][gc             ] GC(228) Pause Young (Allocation Failure) 6184M->6185M(7155M) 80.121ms
[42.777s][info][gc,cpu         ] GC(228) User=0.17s Sys=0.00s Real=0.08s
[42.855s][info][gc,start       ] GC(229) Pause Young (Allocation Failure)
[42.962s][info][gc,heap        ] GC(229) PSYoungGen: 151840K(407040K)->151936K(377344K) Eden: 75776K(75776K)->0K(82944K) From: 76064K(331264K)->151936K(294400K)
[42.962s][info][gc,heap        ] GC(229) ParOldGen: 6257421K(6920192K)->6257421K(6920192K)
[42.962s][info][gc,metaspace   ] GC(229) Metaspace: 6298K(6464K)->6298K(6464K) NonClass: 5765K(5824K)->5765K(5824K) Class: 533K(640K)->533K(640K)
[42.962s][info][gc             ] GC(229) Pause Young (Allocation Failure) 6259M->6259M(7126M) 106.699ms
[42.962s][info][gc,cpu         ] GC(229) User=0.38s Sys=0.00s Real=0.11s
[43.047s][info][gc,start       ] GC(230) Pause Young (Allocation Failure)
[43.175s][info][gc,heap        ] GC(230) PSYoungGen: 234880K(377344K)->235040K(393728K) Eden: 82944K(82944K)->0K(82944K) From: 151936K(294400K)->235040K(310784K)
[43.175s][info][gc,heap        ] GC(230) ParOldGen: 6257421K(6920192K)->6257421K(6920192K)
[43.175s][info][gc,metaspace   ] GC(230) Metaspace: 6298K(6464K)->6298K(6464K) NonClass: 5765K(5824K)->5765K(5824K) Class: 533K(640K)->533K(640K)
[43.175s][info][gc             ] GC(230) Pause Young (Allocation Failure) 6340M->6340M(7142M) 128.413ms
[43.175s][info][gc,cpu         ] GC(230) User=0.50s Sys=0.00s Real=0.13s
[43.263s][info][gc,start       ] GC(231) Pause Young (Allocation Failure)
[43.416s][info][gc,heap        ] GC(231) PSYoungGen: 317984K(393728K)->318112K(374784K) Eden: 82944K(82944K)->0K(48640K) From: 235040K(310784K)->318112K(326144K)
[43.416s][info][gc,heap        ] GC(231) ParOldGen: 6257421K(6920192K)->6257421K(6920192K)
[43.416s][info][gc,metaspace   ] GC(231) Metaspace: 6298K(6464K)->6298K(6464K) NonClass: 5765K(5824K)->5765K(5824K) Class: 533K(640K)->533K(640K)
[43.416s][info][gc             ] GC(231) Pause Young (Allocation Failure) 6421M->6421M(7124M) 153.014ms
[43.416s][info][gc,cpu         ] GC(231) User=0.75s Sys=0.02s Real=0.15s
[43.465s][info][gc,start       ] GC(232) Pause Young (Allocation Failure)
[43.633s][info][gc,heap        ] GC(232) PSYoungGen: 366752K(374784K)->366848K(417280K) Eden: 48640K(48640K)->0K(48640K) From: 318112K(326144K)->366848K(368640K)
[43.633s][info][gc,heap        ] GC(232) ParOldGen: 6257421K(6920192K)->6257421K(6920192K)
[43.633s][info][gc,metaspace   ] GC(232) Metaspace: 6298K(6464K)->6298K(6464K) NonClass: 5765K(5824K)->5765K(5824K) Class: 533K(640K)->533K(640K)
[43.633s][info][gc             ] GC(232) Pause Young (Allocation Failure) 6468M->6469M(7165M) 168.214ms
[43.633s][info][gc,cpu         ] GC(232) User=0.69s Sys=0.00s Real=0.17s
[43.684s][info][gc,start       ] GC(233) Pause Young (Allocation Failure)
[43.866s][info][gc,heap        ] GC(233) PSYoungGen: 415488K(417280K)->339648K(443904K) Eden: 48640K(48640K)->0K(23552K) From: 366848K(368640K)->339648K(420352K)
[43.866s][info][gc,heap        ] GC(233) ParOldGen: 6257421K(6920192K)->6333869K(6920192K)
[43.866s][info][gc,metaspace   ] GC(233) Metaspace: 6298K(6464K)->6298K(6464K) NonClass: 5765K(5824K)->5765K(5824K) Class: 533K(640K)->533K(640K)
[43.866s][info][gc             ] GC(233) Pause Young (Allocation Failure) 6516M->6517M(7191M) 182.063ms
[43.866s][info][gc,cpu         ] GC(233) User=1.25s Sys=0.11s Real=0.18s
[43.893s][info][gc,start       ] GC(234) Pause Young (Allocation Failure)
[44.057s][info][gc,heap        ] GC(234) PSYoungGen: 363200K(443904K)->204192K(227840K) Eden: 23552K(23552K)->0K(23552K) From: 339648K(420352K)->204192K(204288K)
[44.057s][info][gc,heap        ] GC(234) ParOldGen: 6333869K(6920192K)->6493981K(6920192K)
[44.057s][info][gc,metaspace   ] GC(234) Metaspace: 6298K(6464K)->6298K(6464K) NonClass: 5765K(5824K)->5765K(5824K) Class: 533K(640K)->533K(640K)
[44.057s][info][gc             ] GC(234) Pause Young (Allocation Failure) 6540M->6541M(6980M) 164.546ms
[44.057s][info][gc,cpu         ] GC(234) User=0.75s Sys=0.12s Real=0.16s
[44.085s][info][gc,start       ] GC(235) Pause Young (Allocation Failure)
[44.210s][info][gc,heap        ] GC(235) PSYoungGen: 227744K(227840K)->95968K(450048K) Eden: 23552K(23552K)->0K(27648K) From: 204192K(204288K)->95968K(422400K)
[44.210s][info][gc,heap        ] GC(235) ParOldGen: 6493981K(6920192K)->6626701K(6920192K)
[44.210s][info][gc,metaspace   ] GC(235) Metaspace: 6298K(6464K)->6298K(6464K) NonClass: 5765K(5824K)->5765K(5824K) Class: 533K(640K)->533K(640K)
[44.210s][info][gc             ] GC(235) Pause Young (Allocation Failure) 6564M->6565M(7197M) 125.180ms
[44.210s][info][gc,cpu         ] GC(235) User=0.42s Sys=0.08s Real=0.12s
[44.244s][info][gc,start       ] GC(236) Pause Young (Allocation Failure)
[44.348s][info][gc,heap        ] GC(236) PSYoungGen: 123616K(450048K)->51360K(452608K) Eden: 27648K(27648K)->0K(27648K) From: 95968K(422400K)->51360K(424960K)
[44.348s][info][gc,heap        ] GC(236) ParOldGen: 6626701K(6920192K)->6699517K(6920192K)
[44.348s][info][gc,metaspace   ] GC(236) Metaspace: 6298K(6464K)->6298K(6464K) NonClass: 5765K(5824K)->5765K(5824K) Class: 533K(640K)->533K(640K)
[44.348s][info][gc             ] GC(236) Pause Young (Allocation Failure) 6592M->6592M(7200M) 103.711ms
[44.348s][info][gc,cpu         ] GC(236) User=0.30s Sys=0.03s Real=0.10s
[44.376s][info][gc,start       ] GC(237) Pause Young (Allocation Failure)
[44.466s][info][gc,heap        ] GC(237) PSYoungGen: 79008K(452608K)->27840K(457728K) Eden: 27648K(27648K)->0K(30720K) From: 51360K(424960K)->27840K(427008K)
[44.466s][info][gc,heap        ] GC(237) ParOldGen: 6699517K(6920192K)->6751133K(6920192K)
[44.466s][info][gc,metaspace   ] GC(237) Metaspace: 6298K(6464K)->6298K(6464K) NonClass: 5765K(5824K)->5765K(5824K) Class: 533K(640K)->533K(640K)
[44.466s][info][gc             ] GC(237) Pause Young (Allocation Failure) 6619M->6620M(7205M) 89.463ms
[44.466s][info][gc,cpu         ] GC(237) User=0.20s Sys=0.03s Real=0.09s
[44.466s][info][gc,start       ] GC(238) Pause Full (Ergonomics)
[44.466s][info][gc,phases,start] GC(238) Marking Phase
[45.965s][info][gc,phases      ] GC(238) Marking Phase 1498.947ms
[45.965s][info][gc,phases,start] GC(238) Summary Phase
[45.965s][info][gc,phases      ] GC(238) Summary Phase 0.124ms
[45.965s][info][gc,phases,start] GC(238) Adjust Roots
[45.965s][info][gc,phases      ] GC(238) Adjust Roots 0.184ms
[45.965s][info][gc,phases,start] GC(238) Compaction Phase
[46.592s][info][gc,phases      ] GC(238) Compaction Phase 627.173ms
[46.592s][info][gc,phases,start] GC(238) Post Compact
[46.602s][info][gc,phases      ] GC(238) Post Compact 9.610ms
[46.604s][info][gc,heap        ] GC(238) PSYoungGen: 27840K(457728K)->0K(459264K) Eden: 0K(30720K)->0K(30720K) From: 27840K(427008K)->0K(428544K)
[46.604s][info][gc,heap        ] GC(238) ParOldGen: 6751133K(6920192K)->6774220K(7488000K)
[46.604s][info][gc,metaspace   ] GC(238) Metaspace: 6298K(6464K)->6298K(6464K) NonClass: 5765K(5824K)->5765K(5824K) Class: 533K(640K)->533K(640K)
[46.604s][info][gc             ] GC(238) Pause Full (Ergonomics) 6620M->6615M(7761M) 2138.002ms
[46.604s][info][gc,cpu         ] GC(238) User=15.45s Sys=0.00s Real=2.14s
[46.635s][info][gc,start       ] GC(239) Pause Young (Allocation Failure)
[46.698s][info][gc,heap        ] GC(239) PSYoungGen: 30720K(459264K)->30880K(455680K) Eden: 30720K(30720K)->0K(34304K) From: 0K(428544K)->30880K(421376K)
[46.698s][info][gc,heap        ] GC(239) ParOldGen: 6774220K(7488000K)->6774220K(7488000K)
[46.698s][info][gc,metaspace   ] GC(239) Metaspace: 6298K(6464K)->6298K(6464K) NonClass: 5765K(5824K)->5765K(5824K) Class: 533K(640K)->533K(640K)
[46.698s][info][gc             ] GC(239) Pause Young (Allocation Failure) 6645M->6645M(7757M) 62.769ms
[46.698s][info][gc,cpu         ] GC(239) User=0.06s Sys=0.00s Real=0.06s
[46.731s][info][gc,start       ] GC(240) Pause Young (Allocation Failure)
[46.811s][info][gc,heap        ] GC(240) PSYoungGen: 65184K(455680K)->34464K(69120K) Eden: 34304K(34304K)->0K(34304K) From: 30880K(421376K)->34464K(34816K)
[46.811s][info][gc,heap        ] GC(240) ParOldGen: 6774220K(7488000K)->6805220K(7488000K)
[46.811s][info][gc,metaspace   ] GC(240) Metaspace: 6298K(6464K)->6298K(6464K) NonClass: 5765K(5824K)->5765K(5824K) Class: 533K(640K)->533K(640K)
[46.811s][info][gc             ] GC(240) Pause Young (Allocation Failure) 6679M->6679M(7380M) 79.956ms
[46.811s][info][gc,cpu         ] GC(240) User=0.19s Sys=0.02s Real=0.08s
[46.847s][info][gc,start       ] GC(241) Pause Young (Allocation Failure)
[46.926s][info][gc,heap        ] GC(241) PSYoungGen: 68768K(69120K)->34464K(438272K) Eden: 34304K(34304K)->0K(38912K) From: 34464K(34816K)->34464K(399360K)
[46.926s][info][gc,heap        ] GC(241) ParOldGen: 6805220K(7488000K)->6839836K(7488000K)
[46.926s][info][gc,metaspace   ] GC(241) Metaspace: 6298K(6464K)->6298K(6464K) NonClass: 5765K(5824K)->5765K(5824K) Class: 533K(640K)->533K(640K)
[46.926s][info][gc             ] GC(241) Pause Young (Allocation Failure) 6712M->6713M(7740M) 79.389ms
[46.926s][info][gc,cpu         ] GC(241) User=0.17s Sys=0.00s Real=0.08s
[46.971s][info][gc,start       ] GC(242) Pause Young (Allocation Failure)
[47.060s][info][gc,heap        ] GC(242) PSYoungGen: 73376K(438272K)->39072K(78336K) Eden: 38912K(38912K)->0K(38912K) From: 34464K(399360K)->39072K(39424K)
[47.060s][info][gc,heap        ] GC(242) ParOldGen: 6839836K(7488000K)->6874452K(7488000K)
[47.060s][info][gc,metaspace   ] GC(242) Metaspace: 6298K(6464K)->6298K(6464K) NonClass: 5765K(5824K)->5765K(5824K) Class: 533K(640K)->533K(640K)
[47.060s][info][gc             ] GC(242) Pause Young (Allocation Failure) 6751M->6751M(7389M) 88.897ms
[47.060s][info][gc,cpu         ] GC(242) User=0.23s Sys=0.00s Real=0.09s
[47.103s][info][gc,start       ] GC(243) Pause Young (Allocation Failure)
[47.182s][info][gc,heap        ] GC(243) PSYoungGen: 77984K(78336K)->39104K(413696K) Eden: 38912K(38912K)->0K(44544K) From: 39072K(39424K)->39104K(369152K)
[47.182s][info][gc,heap        ] GC(243) ParOldGen: 6874452K(7488000K)->6913716K(7488000K)
[47.182s][info][gc,metaspace   ] GC(243) Metaspace: 6298K(6464K)->6298K(6464K) NonClass: 5765K(5824K)->5765K(5824K) Class: 533K(640K)->533K(640K)
[47.182s][info][gc             ] GC(243) Pause Young (Allocation Failure) 6789M->6789M(7716M) 79.094ms
[47.182s][info][gc,cpu         ] GC(243) User=0.23s Sys=0.02s Real=0.08s
[47.229s][info][gc,start       ] GC(244) Pause Young (Allocation Failure)
[47.314s][info][gc,heap        ] GC(244) PSYoungGen: 83648K(413696K)->44736K(89600K) Eden: 44544K(44544K)->0K(44544K) From: 39104K(369152K)->44736K(45056K)
[47.314s][info][gc,heap        ] GC(244) ParOldGen: 6913716K(7488000K)->6952988K(7488000K)
[47.314s][info][gc,metaspace   ] GC(244) Metaspace: 6298K(6464K)->6298K(6464K) NonClass: 5765K(5824K)->5765K(5824K) Class: 533K(640K)->533K(640K)
[47.314s][info][gc             ] GC(244) Pause Young (Allocation Failure) 6833M->6833M(7400M) 85.594ms
[47.314s][info][gc,cpu         ] GC(244) User=0.17s Sys=0.02s Real=0.09s
[47.357s][info][gc,start       ] GC(245) Pause Young (Allocation Failure)
[47.438s][info][gc,heap        ] GC(245) PSYoungGen: 89280K(89600K)->44768K(387584K) Eden: 44544K(44544K)->0K(50688K) From: 44736K(45056K)->44768K(336896K)
[47.438s][info][gc,heap        ] GC(245) ParOldGen: 6952988K(7488000K)->6997940K(7488000K)
[47.438s][info][gc,metaspace   ] GC(245) Metaspace: 6298K(6464K)->6298K(6464K) NonClass: 5765K(5824K)->5765K(5824K) Class: 533K(640K)->533K(640K)
[47.438s][info][gc             ] GC(245) Pause Young (Allocation Failure) 6877M->6877M(7691M) 81.412ms
[47.438s][info][gc,cpu         ] GC(245) User=0.22s Sys=0.02s Real=0.08s
[47.487s][info][gc,start       ] GC(246) Pause Young (Allocation Failure)
[47.577s][info][gc,heap        ] GC(246) PSYoungGen: 95456K(387584K)->50880K(101888K) Eden: 50688K(50688K)->0K(50688K) From: 44768K(336896K)->50880K(51200K)
[47.577s][info][gc,heap        ] GC(246) ParOldGen: 6997940K(7488000K)->7042892K(7488000K)
[47.577s][info][gc,metaspace   ] GC(246) Metaspace: 6298K(6464K)->6298K(6464K) NonClass: 5765K(5824K)->5765K(5824K) Class: 533K(640K)->533K(640K)
[47.577s][info][gc             ] GC(246) Pause Young (Allocation Failure) 6927M->6927M(7412M) 90.158ms
[47.577s][info][gc,cpu         ] GC(246) User=0.19s Sys=0.00s Real=0.09s
[47.627s][info][gc,start       ] GC(247) Pause Young (Allocation Failure)
[47.715s][info][gc,heap        ] GC(247) PSYoungGen: 101568K(101888K)->50944K(359936K) Eden: 50688K(50688K)->0K(57344K) From: 50880K(51200K)->50944K(302592K)
[47.715s][info][gc,heap        ] GC(247) ParOldGen: 7042892K(7488000K)->7094036K(7488000K)
[47.715s][info][gc,metaspace   ] GC(247) Metaspace: 6298K(6464K)->6298K(6464K) NonClass: 5765K(5824K)->5765K(5824K) Class: 533K(640K)->533K(640K)
[47.715s][info][gc             ] GC(247) Pause Young (Allocation Failure) 6977M->6977M(7664M) 87.746ms
[47.715s][info][gc,cpu         ] GC(247) User=0.36s Sys=0.00s Real=0.09s
[47.776s][info][gc,start       ] GC(248) Pause Young (Allocation Failure)
[47.870s][info][gc,heap        ] GC(248) PSYoungGen: 108288K(359936K)->57568K(115200K) Eden: 57344K(57344K)->0K(57344K) From: 50944K(302592K)->57568K(57856K)
[47.870s][info][gc,heap        ] GC(248) ParOldGen: 7094036K(7488000K)->7145180K(7488000K)
[47.870s][info][gc,metaspace   ] GC(248) Metaspace: 6298K(6464K)->6298K(6464K) NonClass: 5765K(5824K)->5765K(5824K) Class: 533K(640K)->533K(640K)
[47.870s][info][gc             ] GC(248) Pause Young (Allocation Failure) 7033M->7033M(7425M) 93.654ms
[47.870s][info][gc,cpu         ] GC(248) User=0.23s Sys=0.00s Real=0.09s
[47.925s][info][gc,start       ] GC(249) Pause Young (Allocation Failure)
[48.019s][info][gc,heap        ] GC(249) PSYoungGen: 114912K(115200K)->57568K(334848K) Eden: 57344K(57344K)->0K(65024K) From: 57568K(57856K)->57568K(269824K)
[48.019s][info][gc,heap        ] GC(249) ParOldGen: 7145180K(7488000K)->7203044K(7488000K)
[48.019s][info][gc,metaspace   ] GC(249) Metaspace: 6298K(6464K)->6298K(6464K) NonClass: 5765K(5824K)->5765K(5824K) Class: 533K(640K)->533K(640K)
[48.019s][info][gc             ] GC(249) Pause Young (Allocation Failure) 7089M->7090M(7639M) 94.586ms
[48.019s][info][gc,cpu         ] GC(249) User=0.34s Sys=0.00s Real=0.10s
[48.084s][info][gc,start       ] GC(250) Pause Young (Allocation Failure)
[48.182s][info][gc,heap        ] GC(250) PSYoungGen: 122592K(334848K)->65248K(130560K) Eden: 65024K(65024K)->0K(65024K) From: 57568K(269824K)->65248K(65536K)
[48.182s][info][gc,heap        ] GC(250) ParOldGen: 7203044K(7488000K)->7260924K(7488000K)
[48.182s][info][gc,metaspace   ] GC(250) Metaspace: 6298K(6464K)->6298K(6464K) NonClass: 5765K(5824K)->5765K(5824K) Class: 533K(640K)->533K(640K)
[48.183s][info][gc             ] GC(250) Pause Young (Allocation Failure) 7153M->7154M(7440M) 98.561ms
[48.183s][info][gc,cpu         ] GC(250) User=0.27s Sys=0.00s Real=0.10s
[48.252s][info][gc,start       ] GC(251) Pause Young (Allocation Failure)
[48.349s][info][gc,heap        ] GC(251) PSYoungGen: 130272K(130560K)->65280K(309760K) Eden: 65024K(65024K)->0K(73216K) From: 65248K(65536K)->65280K(236544K)
[48.349s][info][gc,heap        ] GC(251) ParOldGen: 7260924K(7488000K)->7326540K(7488000K)
[48.349s][info][gc,metaspace   ] GC(251) Metaspace: 6298K(6464K)->6298K(6464K) NonClass: 5765K(5824K)->5765K(5824K) Class: 533K(640K)->533K(640K)
[48.349s][info][gc             ] GC(251) Pause Young (Allocation Failure) 7217M->7218M(7615M) 97.721ms
[48.349s][info][gc,cpu         ] GC(251) User=0.38s Sys=0.05s Real=0.10s
[48.430s][info][gc,start       ] GC(252) Pause Young (Allocation Failure)
[48.536s][info][gc,heap        ] GC(252) PSYoungGen: 138496K(309760K)->73504K(146944K) Eden: 73216K(73216K)->0K(73216K) From: 65280K(236544K)->73504K(73728K)
[48.536s][info][gc,heap        ] GC(252) ParOldGen: 7326540K(7488000K)->7392164K(7488000K)
[48.536s][info][gc,metaspace   ] GC(252) Metaspace: 6298K(6464K)->6298K(6464K) NonClass: 5765K(5824K)->5765K(5824K) Class: 533K(640K)->533K(640K)
[48.536s][info][gc             ] GC(252) Pause Young (Allocation Failure) 7290M->7290M(7456M) 105.379ms
[48.536s][info][gc,cpu         ] GC(252) User=0.45s Sys=0.00s Real=0.11s
[48.536s][info][gc,start       ] GC(253) Pause Full (Ergonomics)
[48.536s][info][gc,phases,start] GC(253) Marking Phase
[50.226s][info][gc,phases      ] GC(253) Marking Phase 1690.513ms
[50.226s][info][gc,phases,start] GC(253) Summary Phase
[50.227s][info][gc,phases      ] GC(253) Summary Phase 0.134ms
[50.227s][info][gc,phases,start] GC(253) Adjust Roots
[50.227s][info][gc,phases      ] GC(253) Adjust Roots 0.201ms
[50.227s][info][gc,phases,start] GC(253) Compaction Phase
[50.958s][info][gc,phases      ] GC(253) Compaction Phase 731.390ms
[50.958s][info][gc,phases,start] GC(253) Post Compact
[50.969s][info][gc,phases      ] GC(253) Post Compact 10.774ms
[50.971s][info][gc,heap        ] GC(253) PSYoungGen: 73504K(146944K)->0K(319488K) Eden: 0K(73216K)->0K(82432K) From: 73504K(73728K)->0K(237056K)
[50.971s][info][gc,heap        ] GC(253) ParOldGen: 7392164K(7488000K)->7459356K(8156672K)
[50.971s][info][gc,metaspace   ] GC(253) Metaspace: 6298K(6464K)->6298K(6464K) NonClass: 5765K(5824K)->5765K(5824K) Class: 533K(640K)->533K(640K)
[50.971s][info][gc             ] GC(253) Pause Full (Ergonomics) 7290M->7284M(8277M) 2435.360ms
[50.971s][info][gc,cpu         ] GC(253) User=17.64s Sys=0.06s Real=2.43s
[51.054s][info][gc,start       ] GC(254) Pause Young (Allocation Failure)
[51.134s][info][gc,heap        ] GC(254) PSYoungGen: 82432K(319488K)->82720K(165376K) Eden: 82432K(82432K)->0K(82432K) From: 0K(237056K)->82720K(82944K)
[51.134s][info][gc,heap        ] GC(254) ParOldGen: 7459356K(8156672K)->7459356K(8156672K)
[51.134s][info][gc,metaspace   ] GC(254) Metaspace: 6298K(6464K)->6298K(6464K) NonClass: 5765K(5824K)->5765K(5824K) Class: 533K(640K)->533K(640K)
[51.134s][info][gc             ] GC(254) Pause Young (Allocation Failure) 7365M->7365M(8127M) 80.308ms
[51.135s][info][gc,cpu         ] GC(254) User=0.17s Sys=0.00s Real=0.08s
[51.222s][info][gc,start       ] GC(255) Pause Young (Allocation Failure)
[51.331s][info][gc,heap        ] GC(255) PSYoungGen: 165152K(165376K)->165248K(295424K) Eden: 82432K(82432K)->0K(73216K) From: 82720K(82944K)->165248K(222208K)
[51.331s][info][gc,heap        ] GC(255) ParOldGen: 7459356K(8156672K)->7459356K(8156672K)
[51.331s][info][gc,metaspace   ] GC(255) Metaspace: 6298K(6464K)->6298K(6464K) NonClass: 5765K(5824K)->5765K(5824K) Class: 533K(640K)->533K(640K)
[51.331s][info][gc             ] GC(255) Pause Young (Allocation Failure) 7445M->7445M(8254M) 109.045ms
[51.331s][info][gc,cpu         ] GC(255) User=0.31s Sys=0.00s Real=0.11s
[51.407s][info][gc,start       ] GC(256) Pause Young (Allocation Failure)
[51.541s][info][gc,heap        ] GC(256) PSYoungGen: 238464K(295424K)->238624K(312832K) Eden: 73216K(73216K)->0K(73216K) From: 165248K(222208K)->238624K(239616K)
[51.541s][info][gc,heap        ] GC(256) ParOldGen: 7459356K(8156672K)->7459356K(8156672K)
[51.541s][info][gc,metaspace   ] GC(256) Metaspace: 6298K(6464K)->6298K(6464K) NonClass: 5765K(5824K)->5765K(5824K) Class: 533K(640K)->533K(640K)
[51.541s][info][gc             ] GC(256) Pause Young (Allocation Failure) 7517M->7517M(8271M) 133.972ms
[51.541s][info][gc,cpu         ] GC(256) User=0.52s Sys=0.00s Real=0.13s
[51.620s][info][gc,start       ] GC(257) Pause Young (Allocation Failure)
[51.771s][info][gc,heap        ] GC(257) PSYoungGen: 311840K(312832K)->229408K(332288K) Eden: 73216K(73216K)->0K(52224K) From: 238624K(239616K)->229408K(280064K)
[51.771s][info][gc,heap        ] GC(257) ParOldGen: 7459356K(8156672K)->7542540K(8156672K)
[51.771s][info][gc,metaspace   ] GC(257) Metaspace: 6298K(6464K)->6298K(6464K) NonClass: 5765K(5824K)->5765K(5824K) Class: 533K(640K)->533K(640K)
[51.771s][info][gc             ] GC(257) Pause Young (Allocation Failure) 7589M->7589M(8290M) 150.693ms
[51.771s][info][gc,cpu         ] GC(257) User=0.98s Sys=0.14s Real=0.15s
[51.830s][info][gc,start       ] GC(258) Pause Young (Allocation Failure)
[51.976s][info][gc,heap        ] GC(258) PSYoungGen: 281632K(332288K)->199168K(360960K) Eden: 52224K(52224K)->0K(52224K) From: 229408K(280064K)->199168K(308736K)
[51.976s][info][gc,heap        ] GC(258) ParOldGen: 7542540K(8156672K)->7625724K(8156672K)
[51.976s][info][gc,metaspace   ] GC(258) Metaspace: 6298K(6464K)->6298K(6464K) NonClass: 5765K(5824K)->5765K(5824K) Class: 533K(640K)->533K(640K)
[51.976s][info][gc             ] GC(258) Pause Young (Allocation Failure) 7640M->7641M(8318M) 145.965ms
[51.976s][info][gc,cpu         ] GC(258) User=0.84s Sys=0.02s Real=0.15s
[52.041s][info][gc,start       ] GC(259) Pause Young (Allocation Failure)
[52.176s][info][gc,heap        ] GC(259) PSYoungGen: 251392K(360960K)->178048K(379392K) Eden: 52224K(52224K)->0K(58880K) From: 199168K(308736K)->178048K(320512K)
[52.176s][info][gc,heap        ] GC(259) ParOldGen: 7625724K(8156672K)->7699628K(8156672K)
[52.176s][info][gc,metaspace   ] GC(259) Metaspace: 6298K(6464K)->6298K(6464K) NonClass: 5765K(5824K)->5765K(5824K) Class: 533K(640K)->533K(640K)
[52.176s][info][gc             ] GC(259) Pause Young (Allocation Failure) 7692M->7693M(8336M) 135.225ms
[52.176s][info][gc,cpu         ] GC(259) User=0.59s Sys=0.02s Real=0.13s
[52.238s][info][gc,start       ] GC(260) Pause Young (Allocation Failure)
[52.370s][info][gc,heap        ] GC(260) PSYoungGen: 236928K(379392K)->111392K(170496K) Eden: 58880K(58880K)->0K(58880K) From: 178048K(320512K)->111392K(111616K)
[52.370s][info][gc,heap        ] GC(260) ParOldGen: 7699628K(8156672K)->7826196K(8156672K)
[52.370s][info][gc,metaspace   ] GC(260) Metaspace: 6298K(6464K)->6298K(6464K) NonClass: 5765K(5824K)->5765K(5824K) Class: 533K(640K)->533K(640K)
[52.370s][info][gc             ] GC(260) Pause Young (Allocation Failure) 7750M->7751M(8132M) 132.687ms
[52.371s][info][gc,cpu         ] GC(260) User=0.66s Sys=0.05s Real=0.13s
[52.430s][info][gc,start       ] GC(261) Pause Young (Allocation Failure)
[52.548s][info][gc,heap        ] GC(261) PSYoungGen: 170272K(170496K)->59104K(358912K) Eden: 58880K(58880K)->0K(66560K) From: 111392K(111616K)->59104K(292352K)
[52.548s][info][gc,heap        ] GC(261) ParOldGen: 7826196K(8156672K)->7938292K(8156672K)
[52.548s][info][gc,metaspace   ] GC(261) Metaspace: 6298K(6464K)->6298K(6464K) NonClass: 5765K(5824K)->5765K(5824K) Class: 533K(640K)->533K(640K)
[52.548s][info][gc             ] GC(261) Pause Young (Allocation Failure) 7809M->7809M(8316M) 118.141ms
[52.548s][info][gc,cpu         ] GC(261) User=0.36s Sys=0.09s Real=0.12s
[52.619s][info][gc,start       ] GC(262) Pause Young (Allocation Failure)
[52.721s][info][gc,heap        ] GC(262) PSYoungGen: 125664K(358912K)->66752K(365056K) Eden: 66560K(66560K)->0K(66560K) From: 59104K(292352K)->66752K(298496K)
[52.721s][info][gc,heap        ] GC(262) ParOldGen: 7938292K(8156672K)->7997724K(8156672K)
[52.721s][info][gc,metaspace   ] GC(262) Metaspace: 6298K(6464K)->6298K(6464K) NonClass: 5765K(5824K)->5765K(5824K) Class: 533K(640K)->533K(640K)
[52.721s][info][gc             ] GC(262) Pause Young (Allocation Failure) 7874M->7875M(8322M) 101.489ms
[52.721s][info][gc,cpu         ] GC(262) User=0.31s Sys=0.05s Real=0.10s
[52.793s][info][gc,start       ] GC(263) Pause Young (Allocation Failure)
[52.902s][info][gc,heap        ] GC(263) PSYoungGen: 133312K(365056K)->66816K(347136K) Eden: 66560K(66560K)->0K(75264K) From: 66752K(298496K)->66816K(271872K)
[52.902s][info][gc,heap        ] GC(263) ParOldGen: 7997724K(8156672K)->8064908K(8156672K)
[52.902s][info][gc,metaspace   ] GC(263) Metaspace: 6298K(6464K)->6298K(6464K) NonClass: 5765K(5824K)->5765K(5824K) Class: 533K(640K)->533K(640K)
[52.902s][info][gc             ] GC(263) Pause Young (Allocation Failure) 7940M->7941M(8304M) 108.557ms
[52.902s][info][gc,cpu         ] GC(263) User=0.42s Sys=0.02s Real=0.11s
[52.902s][info][gc,start       ] GC(264) Pause Full (Ergonomics)
[52.902s][info][gc,phases,start] GC(264) Marking Phase
[54.776s][info][gc,phases      ] GC(264) Marking Phase 1873.793ms
[54.776s][info][gc,phases,start] GC(264) Summary Phase
[54.776s][info][gc,phases      ] GC(264) Summary Phase 0.131ms
[54.776s][info][gc,phases,start] GC(264) Adjust Roots
[54.776s][info][gc,phases      ] GC(264) Adjust Roots 0.159ms
[54.776s][info][gc,phases,start] GC(264) Compaction Phase
[55.450s][info][gc,phases      ] GC(264) Compaction Phase 673.781ms
[55.450s][info][gc,phases,start] GC(264) Post Compact
[55.462s][info][gc,phases      ] GC(264) Post Compact 11.562ms
[55.464s][info][gc,heap        ] GC(264) PSYoungGen: 66816K(347136K)->0K(356352K) Eden: 0K(75264K)->0K(75264K) From: 66816K(271872K)->0K(281088K)
[55.464s][info][gc,heap        ] GC(264) ParOldGen: 8064908K(8156672K)->8125672K(8918528K)
[55.464s][info][gc,metaspace   ] GC(264) Metaspace: 6298K(6464K)->6298K(6464K) NonClass: 5765K(5824K)->5765K(5824K) Class: 533K(640K)->533K(640K)
[55.464s][info][gc             ] GC(264) Pause Full (Ergonomics) 7941M->7935M(9057M) 2562.064ms
[55.464s][info][gc,cpu         ] GC(264) User=19.14s Sys=0.02s Real=2.56s
[55.537s][info][gc,start       ] GC(265) Pause Young (Allocation Failure)
[55.623s][info][gc,heap        ] GC(265) PSYoungGen: 75264K(356352K)->75552K(340480K) Eden: 75264K(75264K)->0K(82944K) From: 0K(281088K)->75552K(257536K)
[55.623s][info][gc,heap        ] GC(265) ParOldGen: 8125672K(8918528K)->8125672K(8918528K)
[55.623s][info][gc,metaspace   ] GC(265) Metaspace: 6298K(6464K)->6298K(6464K) NonClass: 5765K(5824K)->5765K(5824K) Class: 533K(640K)->533K(640K)
[55.623s][info][gc             ] GC(265) Pause Young (Allocation Failure) 8008M->8009M(9042M) 85.623ms
[55.623s][info][gc,cpu         ] GC(265) User=0.22s Sys=0.00s Real=0.09s
[55.710s][info][gc,start       ] GC(266) Pause Young (Allocation Failure)
[55.821s][info][gc,heap        ] GC(266) PSYoungGen: 158496K(340480K)->158624K(353280K) Eden: 82944K(82944K)->0K(82944K) From: 75552K(257536K)->158624K(270336K)
[55.821s][info][gc,heap        ] GC(266) ParOldGen: 8125672K(8918528K)->8125672K(8918528K)
[55.822s][info][gc,metaspace   ] GC(266) Metaspace: 6298K(6464K)->6298K(6464K) NonClass: 5765K(5824K)->5765K(5824K) Class: 533K(640K)->533K(640K)
[55.822s][info][gc             ] GC(266) Pause Young (Allocation Failure) 8090M->8090M(9054M) 111.339ms
[55.822s][info][gc,cpu         ] GC(266) User=0.34s Sys=0.00s Real=0.11s
[55.913s][info][gc,start       ] GC(267) Pause Young (Allocation Failure)
[56.046s][info][gc,heap        ] GC(267) PSYoungGen: 241568K(353280K)->241696K(332800K) Eden: 82944K(82944K)->0K(59904K) From: 158624K(270336K)->241696K(272896K)
[56.046s][info][gc,heap        ] GC(267) ParOldGen: 8125672K(8918528K)->8125672K(8918528K)
[56.046s][info][gc,metaspace   ] GC(267) Metaspace: 6298K(6464K)->6298K(6464K) NonClass: 5765K(5824K)->5765K(5824K) Class: 533K(640K)->533K(640K)
[56.046s][info][gc             ] GC(267) Pause Young (Allocation Failure) 8171M->8171M(9034M) 133.566ms
[56.046s][info][gc,cpu         ] GC(267) User=0.70s Sys=0.00s Real=0.13s
[56.103s][info][gc,start       ] GC(268) Pause Young (Allocation Failure)
[56.251s][info][gc,heap        ] GC(268) PSYoungGen: 301600K(332800K)->226336K(364544K) Eden: 59904K(59904K)->0K(59904K) From: 241696K(272896K)->226336K(304640K)
[56.251s][info][gc,heap        ] GC(268) ParOldGen: 8125672K(8918528K)->8201616K(8918528K)
[56.251s][info][gc,metaspace   ] GC(268) Metaspace: 6298K(6464K)->6298K(6464K) NonClass: 5765K(5824K)->5765K(5824K) Class: 533K(640K)->533K(640K)
[56.251s][info][gc             ] GC(268) Pause Young (Allocation Failure) 8229M->8230M(9065M) 147.920ms
[56.251s][info][gc,cpu         ] GC(268) User=0.75s Sys=0.05s Real=0.15s
[56.316s][info][gc,start       ] GC(269) Pause Young (Allocation Failure)
[56.458s][info][gc,heap        ] GC(269) PSYoungGen: 286240K(364544K)->203200K(385024K) Eden: 59904K(59904K)->0K(60928K) From: 226336K(304640K)->203200K(324096K)
[56.458s][info][gc,heap        ] GC(269) ParOldGen: 8201616K(8918528K)->8285320K(8918528K)
[56.459s][info][gc,metaspace   ] GC(269) Metaspace: 6298K(6464K)->6298K(6464K) NonClass: 5765K(5824K)->5765K(5824K) Class: 533K(640K)->533K(640K)
[56.459s][info][gc             ] GC(269) Pause Young (Allocation Failure) 8288M->8289M(9085M) 142.682ms
[56.459s][info][gc,cpu         ] GC(269) User=0.78s Sys=0.05s Real=0.14s
[56.525s][info][gc,start       ] GC(270) Pause Young (Allocation Failure)
[56.669s][info][gc,heap        ] GC(270) PSYoungGen: 264128K(385024K)->181184K(391168K) Eden: 60928K(60928K)->0K(60928K) From: 203200K(324096K)->181184K(330240K)
[56.669s][info][gc,heap        ] GC(270) ParOldGen: 8285320K(8918528K)->8369016K(8918528K)
[56.669s][info][gc,metaspace   ] GC(270) Metaspace: 6298K(6464K)->6298K(6464K) NonClass: 5765K(5824K)->5765K(5824K) Class: 533K(640K)->533K(640K)
[56.669s][info][gc             ] GC(270) Pause Young (Allocation Failure) 8349M->8349M(9091M) 144.844ms
[56.669s][info][gc,cpu         ] GC(270) User=0.67s Sys=0.02s Real=0.14s
[56.731s][info][gc,start       ] GC(271) Pause Young (Allocation Failure)
[56.863s][info][gc,heap        ] GC(271) PSYoungGen: 242112K(391168K)->122208K(368128K) Eden: 60928K(60928K)->0K(69120K) From: 181184K(330240K)->122208K(299008K)
[56.863s][info][gc,heap        ] GC(271) ParOldGen: 8369016K(8918528K)->8489880K(8918528K)
[56.863s][info][gc,metaspace   ] GC(271) Metaspace: 6298K(6464K)->6298K(6464K) NonClass: 5765K(5824K)->5765K(5824K) Class: 533K(640K)->533K(640K)
[56.863s][info][gc             ] GC(271) Pause Young (Allocation Failure) 8409M->8410M(9069M) 132.572ms
[56.863s][info][gc,cpu         ] GC(271) User=0.62s Sys=0.09s Real=0.13s
[56.936s][info][gc,start       ] GC(272) Pause Young (Allocation Failure)
[57.058s][info][gc,heap        ] GC(272) PSYoungGen: 191328K(368128K)->69344K(381440K) Eden: 69120K(69120K)->0K(69120K) From: 122208K(299008K)->69344K(312320K)
[57.058s][info][gc,heap        ] GC(272) ParOldGen: 8489880K(8918528K)->8612808K(8918528K)
[57.058s][info][gc,metaspace   ] GC(272) Metaspace: 6298K(6464K)->6298K(6464K) NonClass: 5765K(5824K)->5765K(5824K) Class: 533K(640K)->533K(640K)
[57.058s][info][gc             ] GC(272) Pause Young (Allocation Failure) 8477M->8478M(9082M) 122.236ms
[57.058s][info][gc,cpu         ] GC(272) User=0.58s Sys=0.03s Real=0.12s
[57.132s][info][gc,start       ] GC(273) Pause Young (Allocation Failure)
[57.239s][info][gc,heap        ] GC(273) PSYoungGen: 138464K(381440K)->69376K(373760K) Eden: 69120K(69120K)->0K(77824K) From: 69344K(312320K)->69376K(295936K)
[57.239s][info][gc,heap        ] GC(273) ParOldGen: 8612808K(8918528K)->8682552K(8918528K)
[57.239s][info][gc,metaspace   ] GC(273) Metaspace: 6298K(6464K)->6298K(6464K) NonClass: 5765K(5824K)->5765K(5824K) Class: 533K(640K)->533K(640K)
[57.239s][info][gc             ] GC(273) Pause Young (Allocation Failure) 8546M->8546M(9074M) 106.431ms
[57.239s][info][gc,cpu         ] GC(273) User=0.44s Sys=0.02s Real=0.11s
[57.327s][info][gc,start       ] GC(274) Pause Young (Allocation Failure)
[57.432s][info][gc,heap        ] GC(274) PSYoungGen: 147200K(373760K)->78080K(379904K) Eden: 77824K(77824K)->0K(77824K) From: 69376K(295936K)->78080K(302080K)
[57.432s][info][gc,heap        ] GC(274) ParOldGen: 8682552K(8918528K)->8752296K(8918528K)
[57.432s][info][gc,metaspace   ] GC(274) Metaspace: 6298K(6464K)->6298K(6464K) NonClass: 5765K(5824K)->5765K(5824K) Class: 533K(640K)->533K(640K)
[57.432s][info][gc             ] GC(274) Pause Young (Allocation Failure) 8622M->8623M(9080M) 105.111ms
[57.432s][info][gc,cpu         ] GC(274) User=0.41s Sys=0.05s Real=0.11s
[57.512s][info][gc,start       ] GC(275) Pause Young (Allocation Failure)
[57.635s][info][gc,heap        ] GC(275) PSYoungGen: 155904K(379904K)->78080K(363008K) Eden: 77824K(77824K)->0K(87552K) From: 78080K(302080K)->78080K(275456K)
[57.635s][info][gc,heap        ] GC(275) ParOldGen: 8752296K(8918528K)->8830816K(8918528K)
[57.635s][info][gc,metaspace   ] GC(275) Metaspace: 6298K(6464K)->6298K(6464K) NonClass: 5765K(5824K)->5765K(5824K) Class: 533K(640K)->533K(640K)
[57.636s][info][gc             ] GC(275) Pause Young (Allocation Failure) 8699M->8700M(9064M) 123.121ms
[57.636s][info][gc,cpu         ] GC(275) User=0.36s Sys=0.00s Real=0.12s
[57.636s][info][gc,start       ] GC(276) Pause Full (Ergonomics)
[57.636s][info][gc,phases,start] GC(276) Marking Phase
[59.673s][info][gc,phases      ] GC(276) Marking Phase 2037.570ms
[59.673s][info][gc,phases,start] GC(276) Summary Phase
[59.673s][info][gc,phases      ] GC(276) Summary Phase 0.160ms
[59.673s][info][gc,phases,start] GC(276) Adjust Roots
[59.674s][info][gc,phases      ] GC(276) Adjust Roots 0.162ms
[59.674s][info][gc,phases,start] GC(276) Compaction Phase
[60.366s][info][gc,phases      ] GC(276) Compaction Phase 692.632ms
[60.366s][info][gc,phases,start] GC(276) Post Compact
[60.379s][info][gc,phases      ] GC(276) Post Compact 12.923ms
[60.379s][info][gc,heap        ] GC(276) PSYoungGen: 78080K(363008K)->0K(372224K) Eden: 0K(87552K)->0K(87552K) From: 78080K(275456K)->0K(284672K)
[60.379s][info][gc,heap        ] GC(276) ParOldGen: 8830816K(8918528K)->8902043K(8943104K)
[60.379s][info][gc,metaspace   ] GC(276) Metaspace: 6298K(6464K)->6298K(6464K) NonClass: 5765K(5824K)->5765K(5824K) Class: 533K(640K)->533K(640K)
[60.379s][info][gc             ] GC(276) Pause Full (Ergonomics) 8700M->8693M(9097M) 2743.890ms
[60.379s][info][gc,cpu         ] GC(276) User=20.78s Sys=0.03s Real=2.74s
[60.481s][info][gc,start       ] GC(277) Pause Full (Ergonomics)
[60.481s][info][gc,phases,start] GC(277) Marking Phase
[62.525s][info][gc,phases      ] GC(277) Marking Phase 2043.769ms
[62.525s][info][gc,phases,start] GC(277) Summary Phase
[62.525s][info][gc,phases      ] GC(277) Summary Phase 0.092ms
[62.525s][info][gc,phases,start] GC(277) Adjust Roots
[62.525s][info][gc,phases      ] GC(277) Adjust Roots 0.163ms
[62.525s][info][gc,phases,start] GC(277) Compaction Phase
[63.340s][info][gc,phases      ] GC(277) Compaction Phase 814.632ms
[63.340s][info][gc,phases,start] GC(277) Post Compact
[63.351s][info][gc,phases      ] GC(277) Post Compact 11.116ms
[63.351s][info][gc,heap        ] GC(277) PSYoungGen: 87552K(372224K)->46575K(372224K) Eden: 87552K(87552K)->46575K(87552K) From: 0K(284672K)->0K(284672K)
[63.351s][info][gc,heap        ] GC(277) ParOldGen: 8902043K(8943104K)->8942989K(8943104K)
[63.351s][info][gc,metaspace   ] GC(277) Metaspace: 6298K(6464K)->6298K(6464K) NonClass: 5765K(5824K)->5765K(5824K) Class: 533K(640K)->533K(640K)
[63.351s][info][gc             ] GC(277) Pause Full (Ergonomics) 8778M->8778M(9097M) 2870.154ms
[63.351s][info][gc,cpu         ] GC(277) User=22.38s Sys=0.05s Real=2.87s
[63.398s][info][gc,start       ] GC(278) Pause Full (Ergonomics)
[63.398s][info][gc,phases,start] GC(278) Marking Phase
[65.398s][info][gc,phases      ] GC(278) Marking Phase 1999.224ms
[65.398s][info][gc,phases,start] GC(278) Summary Phase
[65.398s][info][gc,phases      ] GC(278) Summary Phase 0.085ms
[65.398s][info][gc,phases,start] GC(278) Adjust Roots
[65.398s][info][gc,phases      ] GC(278) Adjust Roots 0.164ms
[65.398s][info][gc,phases,start] GC(278) Compaction Phase
[65.917s][info][gc,phases      ] GC(278) Compaction Phase 519.350ms
[65.917s][info][gc,phases,start] GC(278) Post Compact
[65.929s][info][gc,phases      ] GC(278) Post Compact 11.887ms
[65.929s][info][gc,heap        ] GC(278) PSYoungGen: 87552K(372224K)->87537K(372224K) Eden: 87552K(87552K)->87537K(87552K) From: 0K(284672K)->0K(284672K)
[65.929s][info][gc,heap        ] GC(278) ParOldGen: 8942989K(8943104K)->8942989K(8943104K)
[65.929s][info][gc,metaspace   ] GC(278) Metaspace: 6298K(6464K)->6298K(6464K) NonClass: 5765K(5824K)->5765K(5824K) Class: 533K(640K)->533K(640K)
[65.929s][info][gc             ] GC(278) Pause Full (Ergonomics) 8818M->8818M(9097M) 2531.066ms
[65.929s][info][gc,cpu         ] GC(278) User=19.41s Sys=0.00s Real=2.53s
[65.930s][info][gc,start       ] GC(279) Pause Full (Ergonomics)
[65.930s][info][gc,phases,start] GC(279) Marking Phase
[67.967s][info][gc,phases      ] GC(279) Marking Phase 2036.899ms
[67.967s][info][gc,phases,start] GC(279) Summary Phase
[67.967s][info][gc,phases      ] GC(279) Summary Phase 0.083ms
[67.967s][info][gc,phases,start] GC(279) Adjust Roots
[67.967s][info][gc,phases      ] GC(279) Adjust Roots 0.163ms
[67.967s][info][gc,phases,start] GC(279) Compaction Phase
[68.489s][info][gc,phases      ] GC(279) Compaction Phase 521.880ms
[68.489s][info][gc,phases,start] GC(279) Post Compact
[68.501s][info][gc,phases      ] GC(279) Post Compact 12.192ms
[68.501s][info][gc,heap        ] GC(279) PSYoungGen: 87552K(372224K)->87551K(372224K) Eden: 87552K(87552K)->87551K(87552K) From: 0K(284672K)->0K(284672K)
[68.501s][info][gc,heap        ] GC(279) ParOldGen: 8942989K(8943104K)->8942989K(8943104K)
[68.501s][info][gc,metaspace   ] GC(279) Metaspace: 6298K(6464K)->6298K(6464K) NonClass: 5765K(5824K)->5765K(5824K) Class: 533K(640K)->533K(640K)
[68.501s][info][gc             ] GC(279) Pause Full (Ergonomics) 8818M->8818M(9097M) 2571.535ms
[68.501s][info][gc,cpu         ] GC(279) User=19.88s Sys=0.00s Real=2.57s
[68.501s][info][gc,start       ] GC(280) Pause Full (Ergonomics)
[68.501s][info][gc,phases,start] GC(280) Marking Phase
[70.549s][info][gc,phases      ] GC(280) Marking Phase 2048.101ms
[70.549s][info][gc,phases,start] GC(280) Summary Phase
[70.550s][info][gc,phases      ] GC(280) Summary Phase 0.084ms
[70.550s][info][gc,phases,start] GC(280) Adjust Roots
[70.550s][info][gc,phases      ] GC(280) Adjust Roots 0.161ms
[70.550s][info][gc,phases,start] GC(280) Compaction Phase
[71.067s][info][gc,phases      ] GC(280) Compaction Phase 517.165ms
[71.067s][info][gc,phases,start] GC(280) Post Compact
[71.079s][info][gc,phases      ] GC(280) Post Compact 11.824ms
[71.079s][info][gc,heap        ] GC(280) PSYoungGen: 87551K(372224K)->87551K(372224K) Eden: 87551K(87552K)->87551K(87552K) From: 0K(284672K)->0K(284672K)
[71.079s][info][gc,heap        ] GC(280) ParOldGen: 8942989K(8943104K)->8942989K(8943104K)
[71.079s][info][gc,metaspace   ] GC(280) Metaspace: 6298K(6464K)->6298K(6464K) NonClass: 5765K(5824K)->5765K(5824K) Class: 533K(640K)->533K(640K)
[71.079s][info][gc             ] GC(280) Pause Full (Ergonomics) 8818M->8818M(9097M) 2577.644ms
[71.079s][info][gc,cpu         ] GC(280) User=19.88s Sys=0.00s Real=2.58s
[71.079s][info][gc,start       ] GC(281) Pause Full (Ergonomics)
[71.079s][info][gc,phases,start] GC(281) Marking Phase
[73.102s][info][gc,phases      ] GC(281) Marking Phase 2022.677ms
[73.102s][info][gc,phases,start] GC(281) Summary Phase
[73.102s][info][gc,phases      ] GC(281) Summary Phase 0.094ms
[73.102s][info][gc,phases,start] GC(281) Adjust Roots
[73.102s][info][gc,phases      ] GC(281) Adjust Roots 0.195ms
[73.102s][info][gc,phases,start] GC(281) Compaction Phase
[73.618s][info][gc,phases      ] GC(281) Compaction Phase 515.829ms
[73.618s][info][gc,phases,start] GC(281) Post Compact
[73.630s][info][gc,phases      ] GC(281) Post Compact 12.048ms
[73.630s][info][gc,heap        ] GC(281) PSYoungGen: 87551K(372224K)->87551K(372224K) Eden: 87551K(87552K)->87551K(87552K) From: 0K(284672K)->0K(284672K)
[73.630s][info][gc,heap        ] GC(281) ParOldGen: 8942994K(8943104K)->8942994K(8943104K)
[73.630s][info][gc,metaspace   ] GC(281) Metaspace: 6298K(6464K)->6298K(6464K) NonClass: 5765K(5824K)->5765K(5824K) Class: 533K(640K)->533K(640K)
[73.630s][info][gc             ] GC(281) Pause Full (Ergonomics) 8818M->8818M(9097M) 2551.155ms
[73.630s][info][gc,cpu         ] GC(281) User=19.53s Sys=0.05s Real=2.55s
[73.630s][info][gc,start       ] GC(282) Pause Full (Ergonomics)
[73.630s][info][gc,phases,start] GC(282) Marking Phase
[75.638s][info][gc,phases      ] GC(282) Marking Phase 2007.905ms
[75.638s][info][gc,phases,start] GC(282) Summary Phase
[75.639s][info][gc,phases      ] GC(282) Summary Phase 0.105ms
[75.639s][info][gc,phases,start] GC(282) Adjust Roots
[75.639s][info][gc,phases      ] GC(282) Adjust Roots 0.176ms
[75.639s][info][gc,phases,start] GC(282) Compaction Phase
[76.142s][info][gc,phases      ] GC(282) Compaction Phase 503.149ms
[76.142s][info][gc,phases,start] GC(282) Post Compact
[76.153s][info][gc,phases      ] GC(282) Post Compact 11.071ms
[76.153s][info][gc,heap        ] GC(282) PSYoungGen: 87551K(372224K)->87551K(372224K) Eden: 87551K(87552K)->87551K(87552K) From: 0K(284672K)->0K(284672K)
[76.153s][info][gc,heap        ] GC(282) ParOldGen: 8942999K(8943104K)->8942999K(8943104K)
[76.153s][info][gc,metaspace   ] GC(282) Metaspace: 6298K(6464K)->6298K(6464K) NonClass: 5765K(5824K)->5765K(5824K) Class: 533K(640K)->533K(640K)
[76.153s][info][gc             ] GC(282) Pause Full (Ergonomics) 8818M->8818M(9097M) 2522.713ms
[76.153s][info][gc,cpu         ] GC(282) User=19.61s Sys=0.02s Real=2.52s
[76.153s][info][gc,start       ] GC(283) Pause Full (Ergonomics)
[76.153s][info][gc,phases,start] GC(283) Marking Phase
[78.198s][info][gc,phases      ] GC(283) Marking Phase 2044.407ms
[78.198s][info][gc,phases,start] GC(283) Summary Phase
[78.198s][info][gc,phases      ] GC(283) Summary Phase 0.101ms
[78.198s][info][gc,phases,start] GC(283) Adjust Roots
[78.198s][info][gc,phases      ] GC(283) Adjust Roots 0.195ms
[78.198s][info][gc,phases,start] GC(283) Compaction Phase
[78.731s][info][gc,phases      ] GC(283) Compaction Phase 532.810ms
[78.731s][info][gc,phases,start] GC(283) Post Compact
[78.744s][info][gc,phases      ] GC(283) Post Compact 12.476ms
[78.744s][info][gc,heap        ] GC(283) PSYoungGen: 87551K(372224K)->87551K(372224K) Eden: 87551K(87552K)->87551K(87552K) From: 0K(284672K)->0K(284672K)
[78.744s][info][gc,heap        ] GC(283) ParOldGen: 8943004K(8943104K)->8943004K(8943104K)
[78.744s][info][gc,metaspace   ] GC(283) Metaspace: 6298K(6464K)->6298K(6464K) NonClass: 5765K(5824K)->5765K(5824K) Class: 533K(640K)->533K(640K)
[78.744s][info][gc             ] GC(283) Pause Full (Ergonomics) 8818M->8818M(9097M) 2590.264ms
[78.744s][info][gc,cpu         ] GC(283) User=19.83s Sys=0.02s Real=2.59s
[78.744s][info][gc,start       ] GC(284) Pause Full (Ergonomics)
[78.744s][info][gc,phases,start] GC(284) Marking Phase
[80.724s][info][gc,phases      ] GC(284) Marking Phase 1980.208ms
[80.724s][info][gc,phases,start] GC(284) Summary Phase
[80.724s][info][gc,phases      ] GC(284) Summary Phase 0.088ms
[80.724s][info][gc,phases,start] GC(284) Adjust Roots
[80.724s][info][gc,phases      ] GC(284) Adjust Roots 0.173ms
[80.724s][info][gc,phases,start] GC(284) Compaction Phase
[81.250s][info][gc,phases      ] GC(284) Compaction Phase 525.454ms
[81.250s][info][gc,phases,start] GC(284) Post Compact
[81.262s][info][gc,phases      ] GC(284) Post Compact 12.458ms
[81.262s][info][gc,heap        ] GC(284) PSYoungGen: 87551K(372224K)->87551K(372224K) Eden: 87551K(87552K)->87551K(87552K) From: 0K(284672K)->0K(284672K)
[81.262s][info][gc,heap        ] GC(284) ParOldGen: 8943009K(8943104K)->8943009K(8943104K)
[81.263s][info][gc,metaspace   ] GC(284) Metaspace: 6298K(6464K)->6298K(6464K) NonClass: 5765K(5824K)->5765K(5824K) Class: 533K(640K)->533K(640K)
[81.263s][info][gc             ] GC(284) Pause Full (Ergonomics) 8818M->8818M(9097M) 2518.698ms
[81.263s][info][gc,cpu         ] GC(284) User=19.05s Sys=0.02s Real=2.52s
[81.263s][info][gc,start       ] GC(285) Pause Full (Ergonomics)
[81.263s][info][gc,phases,start] GC(285) Marking Phase
[83.277s][info][gc,phases      ] GC(285) Marking Phase 2014.122ms
[83.277s][info][gc,phases,start] GC(285) Summary Phase
[83.277s][info][gc,phases      ] GC(285) Summary Phase 0.088ms
[83.277s][info][gc,phases,start] GC(285) Adjust Roots
[83.277s][info][gc,phases      ] GC(285) Adjust Roots 0.214ms
[83.277s][info][gc,phases,start] GC(285) Compaction Phase
[83.789s][info][gc,phases      ] GC(285) Compaction Phase 511.929ms
[83.789s][info][gc,phases,start] GC(285) Post Compact
[83.801s][info][gc,phases      ] GC(285) Post Compact 11.550ms
[83.801s][info][gc,heap        ] GC(285) PSYoungGen: 87551K(372224K)->87551K(372224K) Eden: 87551K(87552K)->87551K(87552K) From: 0K(284672K)->0K(284672K)
[83.801s][info][gc,heap        ] GC(285) ParOldGen: 8943014K(8943104K)->8943014K(8943104K)
[83.801s][info][gc,metaspace   ] GC(285) Metaspace: 6298K(6464K)->6298K(6464K) NonClass: 5765K(5824K)->5765K(5824K) Class: 533K(640K)->533K(640K)
[83.801s][info][gc             ] GC(285) Pause Full (Ergonomics) 8818M->8818M(9097M) 2538.194ms
[83.801s][info][gc,cpu         ] GC(285) User=19.55s Sys=0.00s Real=2.54s
[83.801s][info][gc,start       ] GC(286) Pause Full (Ergonomics)
[83.801s][info][gc,phases,start] GC(286) Marking Phase
[85.804s][info][gc,phases      ] GC(286) Marking Phase 2002.812ms
[85.804s][info][gc,phases,start] GC(286) Summary Phase
[85.804s][info][gc,phases      ] GC(286) Summary Phase 0.085ms
[85.804s][info][gc,phases,start] GC(286) Adjust Roots
[85.804s][info][gc,phases      ] GC(286) Adjust Roots 0.163ms
[85.804s][info][gc,phases,start] GC(286) Compaction Phase
[86.338s][info][gc,phases      ] GC(286) Compaction Phase 533.789ms
[86.338s][info][gc,phases,start] GC(286) Post Compact
[86.351s][info][gc,phases      ] GC(286) Post Compact 12.665ms
[86.351s][info][gc,heap        ] GC(286) PSYoungGen: 87551K(372224K)->87551K(372224K) Eden: 87551K(87552K)->87551K(87552K) From: 0K(284672K)->0K(284672K)
[86.351s][info][gc,heap        ] GC(286) ParOldGen: 8943018K(8943104K)->8943018K(8943104K)
[86.351s][info][gc,metaspace   ] GC(286) Metaspace: 6298K(6464K)->6298K(6464K) NonClass: 5765K(5824K)->5765K(5824K) Class: 533K(640K)->533K(640K)
[86.351s][info][gc             ] GC(286) Pause Full (Ergonomics) 8818M->8818M(9097M) 2549.794ms
[86.351s][info][gc,cpu         ] GC(286) User=19.41s Sys=0.00s Real=2.55s
[86.351s][info][gc,start       ] GC(287) Pause Full (Ergonomics)
[86.351s][info][gc,phases,start] GC(287) Marking Phase
[88.374s][info][gc,phases      ] GC(287) Marking Phase 2022.668ms
[88.374s][info][gc,phases,start] GC(287) Summary Phase
[88.374s][info][gc,phases      ] GC(287) Summary Phase 0.085ms
[88.374s][info][gc,phases,start] GC(287) Adjust Roots
[88.374s][info][gc,phases      ] GC(287) Adjust Roots 0.166ms
[88.374s][info][gc,phases,start] GC(287) Compaction Phase
[88.922s][info][gc,phases      ] GC(287) Compaction Phase 547.520ms
[88.922s][info][gc,phases,start] GC(287) Post Compact
[88.935s][info][gc,phases      ] GC(287) Post Compact 13.329ms
[88.935s][info][gc,heap        ] GC(287) PSYoungGen: 87551K(372224K)->87551K(372224K) Eden: 87551K(87552K)->87551K(87552K) From: 0K(284672K)->0K(284672K)
[88.935s][info][gc,heap        ] GC(287) ParOldGen: 8943023K(8943104K)->8943023K(8943104K)
[88.935s][info][gc,metaspace   ] GC(287) Metaspace: 6298K(6464K)->6298K(6464K) NonClass: 5765K(5824K)->5765K(5824K) Class: 533K(640K)->533K(640K)
[88.935s][info][gc             ] GC(287) Pause Full (Ergonomics) 8818M->8818M(9097M) 2584.093ms
[88.935s][info][gc,cpu         ] GC(287) User=19.64s Sys=0.00s Real=2.58s
[88.935s][info][gc,start       ] GC(288) Pause Full (Ergonomics)
[88.935s][info][gc,phases,start] GC(288) Marking Phase
[90.957s][info][gc,phases      ] GC(288) Marking Phase 2021.935ms
[90.957s][info][gc,phases,start] GC(288) Summary Phase
[90.957s][info][gc,phases      ] GC(288) Summary Phase 0.085ms
[90.957s][info][gc,phases,start] GC(288) Adjust Roots
[90.958s][info][gc,phases      ] GC(288) Adjust Roots 0.160ms
[90.958s][info][gc,phases,start] GC(288) Compaction Phase
[91.474s][info][gc,phases      ] GC(288) Compaction Phase 516.298ms
[91.474s][info][gc,phases,start] GC(288) Post Compact
[91.486s][info][gc,phases      ] GC(288) Post Compact 11.888ms
[91.486s][info][gc,heap        ] GC(288) PSYoungGen: 87551K(372224K)->87551K(372224K) Eden: 87551K(87552K)->87551K(87552K) From: 0K(284672K)->0K(284672K)
[91.486s][info][gc,heap        ] GC(288) ParOldGen: 8943028K(8943104K)->8943028K(8943104K)
[91.486s][info][gc,metaspace   ] GC(288) Metaspace: 6298K(6464K)->6298K(6464K) NonClass: 5765K(5824K)->5765K(5824K) Class: 533K(640K)->533K(640K)
[91.486s][info][gc             ] GC(288) Pause Full (Ergonomics) 8818M->8818M(9097M) 2550.673ms
[91.486s][info][gc,cpu         ] GC(288) User=19.70s Sys=0.00s Real=2.55s
[91.486s][info][gc,start       ] GC(289) Pause Full (Ergonomics)
[91.486s][info][gc,phases,start] GC(289) Marking Phase
[93.508s][info][gc,phases      ] GC(289) Marking Phase 2022.116ms
[93.508s][info][gc,phases,start] GC(289) Summary Phase
[93.508s][info][gc,phases      ] GC(289) Summary Phase 0.091ms
[93.508s][info][gc,phases,start] GC(289) Adjust Roots
[93.509s][info][gc,phases      ] GC(289) Adjust Roots 0.187ms
[93.509s][info][gc,phases,start] GC(289) Compaction Phase
[94.039s][info][gc,phases      ] GC(289) Compaction Phase 530.348ms
[94.039s][info][gc,phases,start] GC(289) Post Compact
[94.052s][info][gc,phases      ] GC(289) Post Compact 12.610ms
[94.052s][info][gc,heap        ] GC(289) PSYoungGen: 87551K(372224K)->87551K(372224K) Eden: 87551K(87552K)->87551K(87552K) From: 0K(284672K)->0K(284672K)
[94.052s][info][gc,heap        ] GC(289) ParOldGen: 8943033K(8943104K)->8943033K(8943104K)
[94.052s][info][gc,metaspace   ] GC(289) Metaspace: 6298K(6464K)->6298K(6464K) NonClass: 5765K(5824K)->5765K(5824K) Class: 533K(640K)->533K(640K)
[94.052s][info][gc             ] GC(289) Pause Full (Ergonomics) 8818M->8818M(9097M) 2565.676ms
[94.052s][info][gc,cpu         ] GC(289) User=19.64s Sys=0.00s Real=2.57s
[94.052s][info][gc,start       ] GC(290) Pause Full (Ergonomics)
[94.052s][info][gc,phases,start] GC(290) Marking Phase
[96.062s][info][gc,phases      ] GC(290) Marking Phase 2009.480ms
[96.062s][info][gc,phases,start] GC(290) Summary Phase
[96.062s][info][gc,phases      ] GC(290) Summary Phase 0.095ms
[96.062s][info][gc,phases,start] GC(290) Adjust Roots
[96.062s][info][gc,phases      ] GC(290) Adjust Roots 0.188ms
[96.062s][info][gc,phases,start] GC(290) Compaction Phase
[96.588s][info][gc,phases      ] GC(290) Compaction Phase 526.292ms
[96.588s][info][gc,phases,start] GC(290) Post Compact
[96.602s][info][gc,phases      ] GC(290) Post Compact 13.421ms
[96.602s][info][gc,heap        ] GC(290) PSYoungGen: 87551K(372224K)->87551K(372224K) Eden: 87551K(87552K)->87551K(87552K) From: 0K(284672K)->0K(284672K)
[96.602s][info][gc,heap        ] GC(290) ParOldGen: 8943038K(8943104K)->8943038K(8943104K)
[96.602s][info][gc,metaspace   ] GC(290) Metaspace: 6298K(6464K)->6298K(6464K) NonClass: 5765K(5824K)->5765K(5824K) Class: 533K(640K)->533K(640K)
[96.602s][info][gc             ] GC(290) Pause Full (Ergonomics) 8818M->8818M(9097M) 2549.785ms
[96.602s][info][gc,cpu         ] GC(290) User=19.58s Sys=0.02s Real=2.55s
[96.602s][info][gc,start       ] GC(291) Pause Full (Ergonomics)
[96.602s][info][gc,phases,start] GC(291) Marking Phase
[98.622s][info][gc,phases      ] GC(291) Marking Phase 2019.454ms
[98.622s][info][gc,phases,start] GC(291) Summary Phase
[98.622s][info][gc,phases      ] GC(291) Summary Phase 0.089ms
[98.622s][info][gc,phases,start] GC(291) Adjust Roots
[98.622s][info][gc,phases      ] GC(291) Adjust Roots 0.182ms
[98.622s][info][gc,phases,start] GC(291) Compaction Phase
[99.147s][info][gc,phases      ] GC(291) Compaction Phase 525.357ms
[99.147s][info][gc,phases,start] GC(291) Post Compact
[99.160s][info][gc,phases      ] GC(291) Post Compact 12.450ms
[99.160s][info][gc,heap        ] GC(291) PSYoungGen: 87551K(372224K)->87551K(372224K) Eden: 87551K(87552K)->87551K(87552K) From: 0K(284672K)->0K(284672K)
[99.160s][info][gc,heap        ] GC(291) ParOldGen: 8943043K(8943104K)->8943043K(8943104K)
[99.160s][info][gc,metaspace   ] GC(291) Metaspace: 6298K(6464K)->6298K(6464K) NonClass: 5765K(5824K)->5765K(5824K) Class: 533K(640K)->533K(640K)
[99.160s][info][gc             ] GC(291) Pause Full (Ergonomics) 8818M->8818M(9097M) 2557.850ms
[99.160s][info][gc,cpu         ] GC(291) User=19.58s Sys=0.02s Real=2.56s
[99.160s][info][gc,start       ] GC(292) Pause Full (Ergonomics)
[99.160s][info][gc,phases,start] GC(292) Marking Phase
[101.174s][info][gc,phases      ] GC(292) Marking Phase 2013.659ms
[101.174s][info][gc,phases,start] GC(292) Summary Phase
[101.174s][info][gc,phases      ] GC(292) Summary Phase 0.097ms
[101.174s][info][gc,phases,start] GC(292) Adjust Roots
[101.174s][info][gc,phases      ] GC(292) Adjust Roots 0.224ms
[101.174s][info][gc,phases,start] GC(292) Compaction Phase
[101.698s][info][gc,phases      ] GC(292) Compaction Phase 524.282ms
[101.699s][info][gc,phases,start] GC(292) Post Compact
[101.711s][info][gc,phases      ] GC(292) Post Compact 12.340ms
[101.711s][info][gc,heap        ] GC(292) PSYoungGen: 87551K(372224K)->87551K(372224K) Eden: 87551K(87552K)->87551K(87552K) From: 0K(284672K)->0K(284672K)
[101.711s][info][gc,heap        ] GC(292) ParOldGen: 8943047K(8943104K)->8943047K(8943104K)
[101.711s][info][gc,metaspace   ] GC(292) Metaspace: 6298K(6464K)->6298K(6464K) NonClass: 5765K(5824K)->5765K(5824K) Class: 533K(640K)->533K(640K)
[101.711s][info][gc             ] GC(292) Pause Full (Ergonomics) 8818M->8818M(9097M) 2550.934ms
[101.711s][info][gc,cpu         ] GC(292) User=19.53s Sys=0.03s Real=2.55s
[101.711s][info][gc,start       ] GC(293) Pause Full (Ergonomics)
[101.711s][info][gc,phases,start] GC(293) Marking Phase
[103.729s][info][gc,phases      ] GC(293) Marking Phase 2018.049ms
[103.729s][info][gc,phases,start] GC(293) Summary Phase
[103.729s][info][gc,phases      ] GC(293) Summary Phase 0.085ms
[103.729s][info][gc,phases,start] GC(293) Adjust Roots
[103.730s][info][gc,phases      ] GC(293) Adjust Roots 0.176ms
[103.730s][info][gc,phases,start] GC(293) Compaction Phase
[104.238s][info][gc,phases      ] GC(293) Compaction Phase 508.704ms
[104.238s][info][gc,phases,start] GC(293) Post Compact
[104.250s][info][gc,phases      ] GC(293) Post Compact 11.471ms
[104.250s][info][gc,heap        ] GC(293) PSYoungGen: 87551K(372224K)->87551K(372224K) Eden: 87551K(87552K)->87551K(87552K) From: 0K(284672K)->0K(284672K)
[104.250s][info][gc,heap        ] GC(293) ParOldGen: 8943052K(8943104K)->8943052K(8943104K)
[104.250s][info][gc,metaspace   ] GC(293) Metaspace: 6298K(6464K)->6298K(6464K) NonClass: 5765K(5824K)->5765K(5824K) Class: 533K(640K)->533K(640K)
[104.250s][info][gc             ] GC(293) Pause Full (Ergonomics) 8818M->8818M(9097M) 2538.795ms
[104.250s][info][gc,cpu         ] GC(293) User=19.52s Sys=0.03s Real=2.54s
[104.250s][info][gc,start       ] GC(294) Pause Full (Ergonomics)
[104.250s][info][gc,phases,start] GC(294) Marking Phase
[106.255s][info][gc,phases      ] GC(294) Marking Phase 2004.397ms
[106.255s][info][gc,phases,start] GC(294) Summary Phase
[106.255s][info][gc,phases      ] GC(294) Summary Phase 0.086ms
[106.255s][info][gc,phases,start] GC(294) Adjust Roots
[106.255s][info][gc,phases      ] GC(294) Adjust Roots 0.160ms
[106.255s][info][gc,phases,start] GC(294) Compaction Phase
[106.780s][info][gc,phases      ] GC(294) Compaction Phase 525.399ms
[106.780s][info][gc,phases,start] GC(294) Post Compact
[106.793s][info][gc,phases      ] GC(294) Post Compact 12.478ms
[106.793s][info][gc,heap        ] GC(294) PSYoungGen: 87551K(372224K)->87551K(372224K) Eden: 87551K(87552K)->87551K(87552K) From: 0K(284672K)->0K(284672K)
[106.793s][info][gc,heap        ] GC(294) ParOldGen: 8943057K(8943104K)->8943057K(8943104K)
[106.793s][info][gc,metaspace   ] GC(294) Metaspace: 6298K(6464K)->6298K(6464K) NonClass: 5765K(5824K)->5765K(5824K) Class: 533K(640K)->533K(640K)
[106.793s][info][gc             ] GC(294) Pause Full (Ergonomics) 8818M->8818M(9097M) 2542.862ms
[106.793s][info][gc,cpu         ] GC(294) User=19.53s Sys=0.00s Real=2.54s
[106.793s][info][gc,start       ] GC(295) Pause Full (Ergonomics)
[106.793s][info][gc,phases,start] GC(295) Marking Phase
[108.782s][info][gc,phases      ] GC(295) Marking Phase 1989.172ms
[108.782s][info][gc,phases,start] GC(295) Summary Phase
[108.783s][info][gc,phases      ] GC(295) Summary Phase 0.085ms
[108.783s][info][gc,phases,start] GC(295) Adjust Roots
[108.783s][info][gc,phases      ] GC(295) Adjust Roots 0.164ms
[108.783s][info][gc,phases,start] GC(295) Compaction Phase
[109.300s][info][gc,phases      ] GC(295) Compaction Phase 517.525ms
[109.300s][info][gc,phases,start] GC(295) Post Compact
[109.312s][info][gc,phases      ] GC(295) Post Compact 11.970ms
[109.312s][info][gc,heap        ] GC(295) PSYoungGen: 87551K(372224K)->87551K(372224K) Eden: 87551K(87552K)->87551K(87552K) From: 0K(284672K)->0K(284672K)
[109.312s][info][gc,heap        ] GC(295) ParOldGen: 8943062K(8943104K)->8943062K(8943104K)
[109.312s][info][gc,metaspace   ] GC(295) Metaspace: 6298K(6464K)->6298K(6464K) NonClass: 5765K(5824K)->5765K(5824K) Class: 533K(640K)->533K(640K)
[109.312s][info][gc             ] GC(295) Pause Full (Ergonomics) 8818M->8818M(9097M) 2519.232ms
[109.312s][info][gc,cpu         ] GC(295) User=19.41s Sys=0.00s Real=2.52s
[109.313s][info][gc,start       ] GC(296) Pause Full (Ergonomics)
[109.313s][info][gc,phases,start] GC(296) Marking Phase
[111.303s][info][gc,phases      ] GC(296) Marking Phase 1990.375ms
[111.303s][info][gc,phases,start] GC(296) Summary Phase
[111.303s][info][gc,phases      ] GC(296) Summary Phase 0.091ms
[111.303s][info][gc,phases,start] GC(296) Adjust Roots
[111.303s][info][gc,phases      ] GC(296) Adjust Roots 0.162ms
[111.303s][info][gc,phases,start] GC(296) Compaction Phase
[111.814s][info][gc,phases      ] GC(296) Compaction Phase 510.593ms
[111.814s][info][gc,phases,start] GC(296) Post Compact
[111.827s][info][gc,phases      ] GC(296) Post Compact 12.838ms
[111.827s][info][gc,heap        ] GC(296) PSYoungGen: 87551K(372224K)->87551K(372224K) Eden: 87551K(87552K)->87551K(87552K) From: 0K(284672K)->0K(284672K)
[111.827s][info][gc,heap        ] GC(296) ParOldGen: 8943067K(8943104K)->8943067K(8943104K)
[111.827s][info][gc,metaspace   ] GC(296) Metaspace: 6298K(6464K)->6298K(6464K) NonClass: 5765K(5824K)->5765K(5824K) Class: 533K(640K)->533K(640K)
[111.827s][info][gc             ] GC(296) Pause Full (Ergonomics) 8818M->8818M(9097M) 2514.391ms
[111.827s][info][gc,cpu         ] GC(296) User=19.33s Sys=0.00s Real=2.51s
[111.827s][info][gc,start       ] GC(297) Pause Full (Ergonomics)
[111.827s][info][gc,phases,start] GC(297) Marking Phase
[113.861s][info][gc,phases      ] GC(297) Marking Phase 2033.675ms
[113.861s][info][gc,phases,start] GC(297) Summary Phase
[113.861s][info][gc,phases      ] GC(297) Summary Phase 0.127ms
[113.861s][info][gc,phases,start] GC(297) Adjust Roots
[113.861s][info][gc,phases      ] GC(297) Adjust Roots 0.249ms
[113.861s][info][gc,phases,start] GC(297) Compaction Phase
[114.383s][info][gc,phases      ] GC(297) Compaction Phase 521.205ms
[114.383s][info][gc,phases,start] GC(297) Post Compact
[114.394s][info][gc,phases      ] GC(297) Post Compact 11.061ms
[114.394s][info][gc,heap        ] GC(297) PSYoungGen: 87551K(372224K)->87551K(372224K) Eden: 87551K(87552K)->87551K(87552K) From: 0K(284672K)->0K(284672K)
[114.394s][info][gc,heap        ] GC(297) ParOldGen: 8943072K(8943104K)->8943072K(8943104K)
[114.394s][info][gc,metaspace   ] GC(297) Metaspace: 6298K(6464K)->6298K(6464K) NonClass: 5765K(5824K)->5765K(5824K) Class: 533K(640K)->533K(640K)
[114.394s][info][gc             ] GC(297) Pause Full (Ergonomics) 8818M->8818M(9097M) 2566.641ms
[114.394s][info][gc,cpu         ] GC(297) User=19.72s Sys=0.02s Real=2.57s
[114.394s][info][gc,start       ] GC(298) Pause Full (Ergonomics)
[114.394s][info][gc,phases,start] GC(298) Marking Phase
[116.415s][info][gc,phases      ] GC(298) Marking Phase 2020.653ms
[116.415s][info][gc,phases,start] GC(298) Summary Phase
[116.415s][info][gc,phases      ] GC(298) Summary Phase 0.090ms
[116.415s][info][gc,phases,start] GC(298) Adjust Roots
[116.415s][info][gc,phases      ] GC(298) Adjust Roots 0.206ms
[116.415s][info][gc,phases,start] GC(298) Compaction Phase
[116.931s][info][gc,phases      ] GC(298) Compaction Phase 515.423ms
[116.931s][info][gc,phases,start] GC(298) Post Compact
[116.943s][info][gc,phases      ] GC(298) Post Compact 12.138ms
[116.943s][info][gc,heap        ] GC(298) PSYoungGen: 87551K(372224K)->87551K(372224K) Eden: 87551K(87552K)->87551K(87552K) From: 0K(284672K)->0K(284672K)
[116.943s][info][gc,heap        ] GC(298) ParOldGen: 8943076K(8943104K)->8943076K(8943104K)
[116.943s][info][gc,metaspace   ] GC(298) Metaspace: 6298K(6464K)->6298K(6464K) NonClass: 5765K(5824K)->5765K(5824K) Class: 533K(640K)->533K(640K)
[116.943s][info][gc             ] GC(298) Pause Full (Ergonomics) 8818M->8818M(9097M) 2548.825ms
[116.943s][info][gc,cpu         ] GC(298) User=19.55s Sys=0.00s Real=2.55s
[116.943s][info][gc,start       ] GC(299) Pause Full (Ergonomics)
[116.943s][info][gc,phases,start] GC(299) Marking Phase
[118.979s][info][gc,phases      ] GC(299) Marking Phase 2036.112ms
[118.979s][info][gc,phases,start] GC(299) Summary Phase
[118.979s][info][gc,phases      ] GC(299) Summary Phase 0.092ms
[118.979s][info][gc,phases,start] GC(299) Adjust Roots
[118.980s][info][gc,phases      ] GC(299) Adjust Roots 0.244ms
[118.980s][info][gc,phases,start] GC(299) Compaction Phase
[119.503s][info][gc,phases      ] GC(299) Compaction Phase 523.416ms
[119.503s][info][gc,phases,start] GC(299) Post Compact
[119.516s][info][gc,phases      ] GC(299) Post Compact 12.367ms
[119.516s][info][gc,heap        ] GC(299) PSYoungGen: 87551K(372224K)->87551K(372224K) Eden: 87551K(87552K)->87551K(87552K) From: 0K(284672K)->0K(284672K)
[119.516s][info][gc,heap        ] GC(299) ParOldGen: 8943081K(8943104K)->8943081K(8943104K)
[119.516s][info][gc,metaspace   ] GC(299) Metaspace: 6298K(6464K)->6298K(6464K) NonClass: 5765K(5824K)->5765K(5824K) Class: 533K(640K)->533K(640K)
[119.516s][info][gc             ] GC(299) Pause Full (Ergonomics) 8818M->8818M(9097M) 2572.587ms
[119.516s][info][gc,cpu         ] GC(299) User=19.83s Sys=0.00s Real=2.57s
[119.516s][info][gc,start       ] GC(300) Pause Full (Ergonomics)
[119.516s][info][gc,phases,start] GC(300) Marking Phase
[121.548s][info][gc,phases      ] GC(300) Marking Phase 2032.294ms
[121.548s][info][gc,phases,start] GC(300) Summary Phase
[121.548s][info][gc,phases      ] GC(300) Summary Phase 0.114ms
[121.548s][info][gc,phases,start] GC(300) Adjust Roots
[121.549s][info][gc,phases      ] GC(300) Adjust Roots 0.269ms
[121.549s][info][gc,phases,start] GC(300) Compaction Phase
[122.075s][info][gc,phases      ] GC(300) Compaction Phase 526.747ms
[122.076s][info][gc,phases,start] GC(300) Post Compact
[122.088s][info][gc,phases      ] GC(300) Post Compact 12.579ms
[122.088s][info][gc,heap        ] GC(300) PSYoungGen: 87551K(372224K)->87551K(372224K) Eden: 87551K(87552K)->87551K(87552K) From: 0K(284672K)->0K(284672K)
[122.088s][info][gc,heap        ] GC(300) ParOldGen: 8943086K(8943104K)->8943086K(8943104K)
[122.088s][info][gc,metaspace   ] GC(300) Metaspace: 6298K(6464K)->6298K(6464K) NonClass: 5765K(5824K)->5765K(5824K) Class: 533K(640K)->533K(640K)
[122.088s][info][gc             ] GC(300) Pause Full (Ergonomics) 8818M->8818M(9097M) 2572.360ms
[122.088s][info][gc,cpu         ] GC(300) User=19.61s Sys=0.00s Real=2.57s
[122.089s][info][gc,start       ] GC(301) Pause Full (Ergonomics)
[122.089s][info][gc,phases,start] GC(301) Marking Phase
[124.117s][info][gc,phases      ] GC(301) Marking Phase 2028.382ms
[124.117s][info][gc,phases,start] GC(301) Summary Phase
[124.117s][info][gc,phases      ] GC(301) Summary Phase 0.102ms
[124.117s][info][gc,phases,start] GC(301) Adjust Roots
[124.117s][info][gc,phases      ] GC(301) Adjust Roots 0.204ms
[124.117s][info][gc,phases,start] GC(301) Compaction Phase
[124.653s][info][gc,phases      ] GC(301) Compaction Phase 536.078ms
[124.653s][info][gc,phases,start] GC(301) Post Compact
[124.667s][info][gc,phases      ] GC(301) Post Compact 13.548ms
[124.667s][info][gc,heap        ] GC(301) PSYoungGen: 87551K(372224K)->87551K(372224K) Eden: 87551K(87552K)->87551K(87552K) From: 0K(284672K)->0K(284672K)
[124.667s][info][gc,heap        ] GC(301) ParOldGen: 8943091K(8943104K)->8943091K(8943104K)
[124.667s][info][gc,metaspace   ] GC(301) Metaspace: 6298K(6464K)->6298K(6464K) NonClass: 5765K(5824K)->5765K(5824K) Class: 533K(640K)->533K(640K)
[124.667s][info][gc             ] GC(301) Pause Full (Ergonomics) 8818M->8818M(9097M) 2578.633ms
[124.667s][info][gc,cpu         ] GC(301) User=19.66s Sys=0.00s Real=2.58s
[124.667s][info][gc,start       ] GC(302) Pause Full (Ergonomics)
[124.667s][info][gc,phases,start] GC(302) Marking Phase
[126.701s][info][gc,phases      ] GC(302) Marking Phase 2034.094ms
[126.701s][info][gc,phases,start] GC(302) Summary Phase
[126.702s][info][gc,phases      ] GC(302) Summary Phase 0.103ms
[126.702s][info][gc,phases,start] GC(302) Adjust Roots
[126.702s][info][gc,phases      ] GC(302) Adjust Roots 0.237ms
[126.702s][info][gc,phases,start] GC(302) Compaction Phase
[127.224s][info][gc,phases      ] GC(302) Compaction Phase 522.343ms
[127.224s][info][gc,phases,start] GC(302) Post Compact
[127.238s][info][gc,phases      ] GC(302) Post Compact 13.629ms
[127.238s][info][gc,heap        ] GC(302) PSYoungGen: 87551K(372224K)->87551K(372224K) Eden: 87551K(87552K)->87551K(87552K) From: 0K(284672K)->0K(284672K)
[127.238s][info][gc,heap        ] GC(302) ParOldGen: 8943096K(8943104K)->8943096K(8943104K)
[127.238s][info][gc,metaspace   ] GC(302) Metaspace: 6298K(6464K)->6298K(6464K) NonClass: 5765K(5824K)->5765K(5824K) Class: 533K(640K)->533K(640K)
[127.238s][info][gc             ] GC(302) Pause Full (Ergonomics) 8818M->8818M(9097M) 2570.711ms
[127.238s][info][gc,cpu         ] GC(302) User=19.64s Sys=0.03s Real=2.57s
[127.238s][info][gc,start       ] GC(303) Pause Full (Ergonomics)
[127.238s][info][gc,phases,start] GC(303) Marking Phase
[129.297s][info][gc,phases      ] GC(303) Marking Phase 2058.296ms
[129.297s][info][gc,phases,start] GC(303) Summary Phase
[129.297s][info][gc,phases      ] GC(303) Summary Phase 0.149ms
[129.297s][info][gc,phases,start] GC(303) Adjust Roots
[129.297s][info][gc,phases      ] GC(303) Adjust Roots 0.353ms
[129.297s][info][gc,phases,start] GC(303) Compaction Phase
[129.825s][info][gc,phases      ] GC(303) Compaction Phase 527.991ms
[129.825s][info][gc,phases,start] GC(303) Post Compact
[129.838s][info][gc,phases      ] GC(303) Post Compact 12.716ms
[129.838s][info][gc,heap        ] GC(303) PSYoungGen: 87551K(372224K)->87551K(372224K) Eden: 87551K(87552K)->87551K(87552K) From: 0K(284672K)->0K(284672K)
[129.838s][info][gc,heap        ] GC(303) ParOldGen: 8943101K(8943104K)->8943101K(8943104K)
[129.838s][info][gc,metaspace   ] GC(303) Metaspace: 6298K(6464K)->6298K(6464K) NonClass: 5765K(5824K)->5765K(5824K) Class: 533K(640K)->533K(640K)
[129.838s][info][gc             ] GC(303) Pause Full (Ergonomics) 8818M->8818M(9097M) 2599.839ms
[129.838s][info][gc,cpu         ] GC(303) User=19.81s Sys=0.00s Real=2.60s
[129.838s][info][gc,start       ] GC(304) Pause Full (Ergonomics)
[129.838s][info][gc,phases,start] GC(304) Marking Phase
[131.855s][info][gc,phases      ] GC(304) Marking Phase 2016.396ms
[131.855s][info][gc,phases,start] GC(304) Summary Phase
[131.855s][info][gc,phases      ] GC(304) Summary Phase 0.109ms
[131.855s][info][gc,phases,start] GC(304) Adjust Roots
[131.855s][info][gc,phases      ] GC(304) Adjust Roots 0.217ms
[131.855s][info][gc,phases,start] GC(304) Compaction Phase
[132.373s][info][gc,phases      ] GC(304) Compaction Phase 518.323ms
[132.373s][info][gc,phases,start] GC(304) Post Compact
[132.386s][info][gc,phases      ] GC(304) Post Compact 12.057ms
[132.386s][info][gc,heap        ] GC(304) PSYoungGen: 87551K(372224K)->87551K(372224K) Eden: 87551K(87552K)->87551K(87552K) From: 0K(284672K)->0K(284672K)
[132.386s][info][gc,heap        ] GC(304) ParOldGen: 8943103K(8943104K)->8943103K(8943104K)
[132.386s][info][gc,metaspace   ] GC(304) Metaspace: 6298K(6464K)->6298K(6464K) NonClass: 5765K(5824K)->5765K(5824K) Class: 533K(640K)->533K(640K)
[132.386s][info][gc             ] GC(304) Pause Full (Ergonomics) 8818M->8818M(9097M) 2547.402ms
[132.386s][info][gc,cpu         ] GC(304) User=19.64s Sys=0.00s Real=2.55s
[132.386s][info][gc,start       ] GC(305) Pause Full (Allocation Failure)
[132.386s][info][gc,phases,start] GC(305) Marking Phase
[134.407s][info][gc,phases      ] GC(305) Marking Phase 2021.633ms
[134.407s][info][gc,phases,start] GC(305) Summary Phase
[134.408s][info][gc,phases      ] GC(305) Summary Phase 0.088ms
[134.408s][info][gc,phases,start] GC(305) Adjust Roots
[134.408s][info][gc,phases      ] GC(305) Adjust Roots 0.415ms
[134.408s][info][gc,phases,start] GC(305) Compaction Phase
[136.695s][info][gc,phases      ] GC(305) Compaction Phase 2286.692ms
[136.695s][info][gc,phases,start] GC(305) Post Compact
[136.708s][info][gc,phases      ] GC(305) Post Compact 13.611ms
[136.708s][info][gc,heap        ] GC(305) PSYoungGen: 87551K(372224K)->87551K(372224K) Eden: 87551K(87552K)->87551K(87552K) From: 0K(284672K)->0K(284672K)
[136.708s][info][gc,heap        ] GC(305) ParOldGen: 8943103K(8943104K)->8943099K(8943104K)
[136.708s][info][gc,metaspace   ] GC(305) Metaspace: 6298K(6464K)->6297K(6464K) NonClass: 5765K(5824K)->5764K(5824K) Class: 533K(640K)->532K(640K)
[136.709s][info][gc             ] GC(305) Pause Full (Allocation Failure) 8818M->8818M(9097M) 4322.797ms
[136.709s][info][gc,cpu         ] GC(305) User=32.34s Sys=0.03s Real=4.32s
[136.709s][info][gc,start       ] GC(306) Pause Full (Ergonomics)
[136.709s][info][gc,phases,start] GC(306) Marking Phase
[138.765s][info][gc,phases      ] GC(306) Marking Phase 2055.705ms
[138.765s][info][gc,phases,start] GC(306) Summary Phase
[138.765s][info][gc,phases      ] GC(306) Summary Phase 0.090ms
[138.765s][info][gc,phases,start] GC(306) Adjust Roots
[138.765s][info][gc,phases      ] GC(306) Adjust Roots 0.192ms
[138.765s][info][gc,phases,start] GC(306) Compaction Phase
[139.282s][info][gc,phases      ] GC(306) Compaction Phase 516.870ms
[139.282s][info][gc,phases,start] GC(306) Post Compact
[139.295s][info][gc,phases      ] GC(306) Post Compact 12.842ms
[139.295s][info][gc,heap        ] GC(306) PSYoungGen: 87551K(372224K)->87551K(372224K) Eden: 87551K(87552K)->87551K(87552K) From: 0K(284672K)->0K(284672K)
[139.295s][info][gc,heap        ] GC(306) ParOldGen: 8943101K(8943104K)->8943101K(8943104K)
[139.295s][info][gc,metaspace   ] GC(306) Metaspace: 6297K(6464K)->6297K(6464K) NonClass: 5764K(5824K)->5764K(5824K) Class: 532K(640K)->532K(640K)
[139.295s][info][gc             ] GC(306) Pause Full (Ergonomics) 8818M->8818M(9097M) 2586.002ms
[139.295s][info][gc,cpu         ] GC(306) User=19.95s Sys=0.00s Real=2.59s
[139.295s][info][gc,start       ] GC(307) Pause Full (Ergonomics)
[139.295s][info][gc,phases,start] GC(307) Marking Phase
[141.277s][info][gc,phases      ] GC(307) Marking Phase 1981.480ms
[141.277s][info][gc,phases,start] GC(307) Summary Phase
[141.277s][info][gc,phases      ] GC(307) Summary Phase 0.094ms
[141.277s][info][gc,phases,start] GC(307) Adjust Roots
[141.277s][info][gc,phases      ] GC(307) Adjust Roots 0.207ms
[141.277s][info][gc,phases,start] GC(307) Compaction Phase
[141.784s][info][gc,phases      ] GC(307) Compaction Phase 506.966ms
[141.784s][info][gc,phases,start] GC(307) Post Compact
[141.796s][info][gc,phases      ] GC(307) Post Compact 11.338ms
[141.796s][info][gc,heap        ] GC(307) PSYoungGen: 87551K(372224K)->87551K(372224K) Eden: 87551K(87552K)->87551K(87552K) From: 0K(284672K)->0K(284672K)
[141.796s][info][gc,heap        ] GC(307) ParOldGen: 8943103K(8943104K)->8943103K(8943104K)
[141.796s][info][gc,metaspace   ] GC(307) Metaspace: 6297K(6464K)->6297K(6464K) NonClass: 5764K(5824K)->5764K(5824K) Class: 532K(640K)->532K(640K)
[141.796s][info][gc             ] GC(307) Pause Full (Ergonomics) 8818M->8818M(9097M) 2500.401ms
[141.796s][info][gc,cpu         ] GC(307) User=19.25s Sys=0.02s Real=2.50s
[141.796s][info][gc,start       ] GC(308) Pause Full (Allocation Failure)
[141.796s][info][gc,phases,start] GC(308) Marking Phase
[143.806s][info][gc,phases      ] GC(308) Marking Phase 2010.407ms
[143.806s][info][gc,phases,start] GC(308) Summary Phase
[143.806s][info][gc,phases      ] GC(308) Summary Phase 0.088ms
[143.806s][info][gc,phases,start] GC(308) Adjust Roots
[143.807s][info][gc,phases      ] GC(308) Adjust Roots 0.171ms
[143.807s][info][gc,phases,start] GC(308) Compaction Phase
[144.317s][info][gc,phases      ] GC(308) Compaction Phase 510.342ms
[144.317s][info][gc,phases,start] GC(308) Post Compact
[144.329s][info][gc,phases      ] GC(308) Post Compact 11.740ms
[144.329s][info][gc,heap        ] GC(308) PSYoungGen: 87551K(372224K)->87551K(372224K) Eden: 87551K(87552K)->87551K(87552K) From: 0K(284672K)->0K(284672K)
[144.329s][info][gc,heap        ] GC(308) ParOldGen: 8943103K(8943104K)->8943103K(8943104K)
[144.329s][info][gc,metaspace   ] GC(308) Metaspace: 6297K(6464K)->6297K(6464K) NonClass: 5764K(5824K)->5764K(5824K) Class: 532K(640K)->532K(640K)
[144.329s][info][gc             ] GC(308) Pause Full (Allocation Failure) 8818M->8818M(9097M) 2533.016ms
[144.329s][info][gc,cpu         ] GC(308) User=19.52s Sys=0.03s Real=2.53s
[144.329s][info][gc,start       ] GC(309) Pause Full (Ergonomics)
[144.329s][info][gc,phases,start] GC(309) Marking Phase
[146.323s][info][gc,phases      ] GC(309) Marking Phase 1993.630ms
[146.323s][info][gc,phases,start] GC(309) Summary Phase
[146.323s][info][gc,phases      ] GC(309) Summary Phase 0.092ms
[146.323s][info][gc,phases,start] GC(309) Adjust Roots
[146.323s][info][gc,phases      ] GC(309) Adjust Roots 0.278ms
[146.323s][info][gc,phases,start] GC(309) Compaction Phase
[148.612s][info][gc,phases      ] GC(309) Compaction Phase 2289.035ms
[148.612s][info][gc,phases,start] GC(309) Post Compact
[148.626s][info][gc,phases      ] GC(309) Post Compact 13.124ms
[148.626s][info][gc,heap        ] GC(309) PSYoungGen: 87551K(372224K)->87551K(372224K) Eden: 87551K(87552K)->87551K(87552K) From: 0K(284672K)->0K(284672K)
[148.626s][info][gc,heap        ] GC(309) ParOldGen: 8943103K(8943104K)->8943102K(8943104K)
[148.626s][info][gc,metaspace   ] GC(309) Metaspace: 6297K(6464K)->6297K(6464K) NonClass: 5764K(5824K)->5764K(5824K) Class: 532K(640K)->532K(640K)
[148.626s][info][gc             ] GC(309) Pause Full (Ergonomics) 8818M->8818M(9097M) 4296.492ms
[148.626s][info][gc,cpu         ] GC(309) User=32.22s Sys=0.02s Real=4.30s
[148.627s][info][gc,start       ] GC(310) Pause Full (Ergonomics)
[148.627s][info][gc,phases,start] GC(310) Marking Phase
[150.679s][info][gc,phases      ] GC(310) Marking Phase 2052.266ms
[150.679s][info][gc,phases,start] GC(310) Summary Phase
[150.679s][info][gc,phases      ] GC(310) Summary Phase 0.110ms
[150.679s][info][gc,phases,start] GC(310) Adjust Roots
[150.680s][info][gc,phases      ] GC(310) Adjust Roots 0.332ms
[150.680s][info][gc,phases,start] GC(310) Compaction Phase
[152.947s][info][gc,phases      ] GC(310) Compaction Phase 2267.042ms
[152.947s][info][gc,phases,start] GC(310) Post Compact
[152.962s][info][gc,phases      ] GC(310) Post Compact 14.633ms
[152.962s][info][gc,heap        ] GC(310) PSYoungGen: 87552K(372224K)->87552K(372224K) Eden: 87552K(87552K)->87552K(87552K) From: 0K(284672K)->0K(284672K)
[152.962s][info][gc,heap        ] GC(310) ParOldGen: 8943103K(8943104K)->8943101K(8943104K)
[152.962s][info][gc,metaspace   ] GC(310) Metaspace: 6298K(6464K)->6298K(6464K) NonClass: 5764K(5824K)->5764K(5824K) Class: 533K(640K)->533K(640K)
[152.962s][info][gc             ] GC(310) Pause Full (Ergonomics) 8818M->8818M(9097M) 4334.820ms
[152.962s][info][gc,cpu         ] GC(310) User=31.70s Sys=0.02s Real=4.33s
[152.962s][info][gc,start       ] GC(311) Pause Full (Ergonomics)
[152.962s][info][gc,phases,start] GC(311) Marking Phase
[155.111s][info][gc,phases      ] GC(311) Marking Phase 2148.994ms
[155.111s][info][gc,phases,start] GC(311) Summary Phase
[155.111s][info][gc,phases      ] GC(311) Summary Phase 0.091ms
[155.111s][info][gc,phases,start] GC(311) Adjust Roots
[155.111s][info][gc,phases      ] GC(311) Adjust Roots 0.277ms
[155.111s][info][gc,phases,start] GC(311) Compaction Phase
[157.326s][info][gc,phases      ] GC(311) Compaction Phase 2214.879ms
[157.326s][info][gc,phases,start] GC(311) Post Compact
[157.342s][info][gc,phases      ] GC(311) Post Compact 15.281ms
[157.342s][info][gc,heap        ] GC(311) PSYoungGen: 87552K(372224K)->87552K(372224K) Eden: 87552K(87552K)->87552K(87552K) From: 0K(284672K)->0K(284672K)
[157.342s][info][gc,heap        ] GC(311) ParOldGen: 8943101K(8943104K)->8943101K(8943104K)
[157.342s][info][gc,metaspace   ] GC(311) Metaspace: 6298K(6464K)->6298K(6464K) NonClass: 5764K(5824K)->5764K(5824K) Class: 533K(640K)->533K(640K)
[157.342s][info][gc             ] GC(311) Pause Full (Ergonomics) 8818M->8818M(9097M) 4379.921ms
[157.342s][info][gc,cpu         ] GC(311) User=27.86s Sys=0.02s Real=4.38s
[157.342s][info][gc,heap,exit   ] Heap
[157.342s][info][gc,heap,exit   ]  PSYoungGen      total 372224K, used 87552K [0x00000006ef180000, 0x0000000717e00000, 0x0000000800000000)
[157.342s][info][gc,heap,exit   ]   eden space 87552K, 100% used [0x00000006ef180000,0x00000006f4700000,0x00000006f4700000)
[157.343s][info][gc,heap,exit   ]   from space 284672K, 0% used [0x0000000706800000,0x0000000706800000,0x0000000717e00000)
[157.343s][info][gc,heap,exit   ]   to   space 284672K, 0% used [0x00000006f4700000,0x00000006f4700000,0x0000000705d00000)
[157.343s][info][gc,heap,exit   ]  ParOldGen       total 8943104K, used 8943101K [0x00000004cd400000, 0x00000006ef180000, 0x00000006ef180000)
[157.343s][info][gc,heap,exit   ]   object space 8943104K, 99% used [0x00000004cd400000,0x00000006ef17f660,0x00000006ef180000)
[157.343s][info][gc,heap,exit   ]  Metaspace       used 6301K, committed 6464K, reserved 1114112K
[157.343s][info][gc,heap,exit   ]   class space    used 534K, committed 640K, reserved 1048576K
