[0.011s][info][gc,init] CardTable entry size: 512
[0.011s][info][gc     ] Using Parallel
[0.012s][info][gc,init] Version: 18.0.1+10 (release)
[0.013s][info][gc,init] CPUs: 8 total, 8 available
[0.013s][info][gc,init] Memory: 16063M
[0.013s][info][gc,init] Large Page Support: Disabled
[0.013s][info][gc,init] NUMA Support: Disabled
[0.013s][info][gc,init] Compressed Oops: Enabled (Zero based)
[0.013s][info][gc,init] Alignments: Space 512K, Generation 512K, Heap 2M
[0.013s][info][gc,init] Heap Min Capacity: 2M
[0.013s][info][gc,init] Heap Initial Capacity: 2M
[0.013s][info][gc,init] Heap Max Capacity: 12900M
[0.013s][info][gc,init] Pre-touch: Disabled
[0.013s][info][gc,init] Parallel Workers: 8
[0.013s][info][gc,metaspace] CDS archive(s) not mapped
[0.013s][info][gc,metaspace] Compressed class space mapped at: 0x0000000800000000-0x0000000840000000, reserved size: 1073741824
[0.013s][info][gc,metaspace] Narrow klass base: 0x0000000800000000, Narrow klass shift: 0, Narrow klass range: 0x40000000
[0.110s][info][gc,start    ] GC(0) Pause Young (Allocation Failure)
[0.112s][info][gc,heap     ] GC(0) PSYoungGen: 512K(1024K)->480K(1024K) Eden: 512K(512K)->0K(512K) From: 0K(512K)->480K(512K)
[0.112s][info][gc,heap     ] GC(0) ParOldGen: 0K(512K)->8K(512K)
[0.112s][info][gc,metaspace] GC(0) Metaspace: 4229K(4352K)->4229K(4352K) NonClass: 3908K(3968K)->3908K(3968K) Class: 321K(384K)->321K(384K)
[0.112s][info][gc          ] GC(0) Pause Young (Allocation Failure) 0M->0M(1M) 1.482ms
[0.112s][info][gc,cpu      ] GC(0) User=0.00s Sys=0.00s Real=0.00s
[0.172s][info][gc,start    ] GC(1) Pause Young (Allocation Failure)
[0.173s][info][gc,heap     ] GC(1) PSYoungGen: 991K(1024K)->512K(1536K) Eden: 511K(512K)->0K(1024K) From: 480K(512K)->512K(512K)
[0.173s][info][gc,heap     ] GC(1) ParOldGen: 8K(512K)->88K(512K)
[0.173s][info][gc,metaspace] GC(1) Metaspace: 5881K(6016K)->5881K(6016K) NonClass: 5385K(5504K)->5385K(5504K) Class: 496K(512K)->496K(512K)
[0.173s][info][gc          ] GC(1) Pause Young (Allocation Failure) 0M->0M(2M) 0.829ms
[0.173s][info][gc,cpu      ] GC(1) User=0.00s Sys=0.00s Real=0.00s
[0.192s][info][gc,start    ] GC(2) Pause Young (Allocation Failure)
[0.193s][info][gc,heap     ] GC(2) PSYoungGen: 1536K(1536K)->512K(1536K) Eden: 1024K(1024K)->0K(1024K) From: 512K(512K)->512K(512K)
[0.193s][info][gc,heap     ] GC(2) ParOldGen: 88K(512K)->512K(1024K)
[0.193s][info][gc,metaspace] GC(2) Metaspace: 6300K(6464K)->6300K(6464K) NonClass: 5766K(5824K)->5766K(5824K) Class: 533K(640K)->533K(640K)
[0.193s][info][gc          ] GC(2) Pause Young (Allocation Failure) 1M->1M(2M) 1.318ms
[0.193s][info][gc,cpu      ] GC(2) User=0.00s Sys=0.00s Real=0.00s
[0.194s][info][gc,start    ] GC(3) Pause Young (Allocation Failure)
[0.196s][info][gc,heap     ] GC(3) PSYoungGen: 1536K(1536K)->480K(2560K) Eden: 1024K(1024K)->0K(2048K) From: 512K(512K)->480K(512K)
[0.196s][info][gc,heap     ] GC(3) ParOldGen: 512K(1024K)->1076K(1536K)
[0.196s][info][gc,metaspace] GC(3) Metaspace: 6300K(6464K)->6300K(6464K) NonClass: 5766K(5824K)->5766K(5824K) Class: 533K(640K)->533K(640K)
[0.196s][info][gc          ] GC(3) Pause Young (Allocation Failure) 2M->1M(4M) 1.640ms
[0.196s][info][gc,cpu      ] GC(3) User=0.00s Sys=0.00s Real=0.00s
[0.196s][info][gc,start    ] GC(4) Pause Full (Ergonomics)
[0.196s][info][gc,phases,start] GC(4) Marking Phase
[0.197s][info][gc,phases      ] GC(4) Marking Phase 1.140ms
[0.197s][info][gc,phases,start] GC(4) Summary Phase
[0.197s][info][gc,phases      ] GC(4) Summary Phase 0.014ms
[0.197s][info][gc,phases,start] GC(4) Adjust Roots
[0.198s][info][gc,phases      ] GC(4) Adjust Roots 0.320ms
[0.198s][info][gc,phases,start] GC(4) Compaction Phase
[0.200s][info][gc,phases      ] GC(4) Compaction Phase 2.056ms
[0.200s][info][gc,phases,start] GC(4) Post Compact
[0.200s][info][gc,phases      ] GC(4) Post Compact 0.090ms
[0.200s][info][gc,heap        ] GC(4) PSYoungGen: 480K(2560K)->0K(2560K) Eden: 0K(2048K)->0K(2048K) From: 480K(512K)->0K(512K)
[0.200s][info][gc,heap        ] GC(4) ParOldGen: 1076K(1536K)->1496K(3584K)
[0.200s][info][gc,metaspace   ] GC(4) Metaspace: 6300K(6464K)->6300K(6464K) NonClass: 5766K(5824K)->5766K(5824K) Class: 533K(640K)->533K(640K)
[0.200s][info][gc             ] GC(4) Pause Full (Ergonomics) 1M->1M(6M) 3.995ms
[0.200s][info][gc,cpu         ] GC(4) User=0.00s Sys=0.00s Real=0.00s
[0.203s][info][gc,start       ] GC(5) Pause Young (Allocation Failure)
[0.204s][info][gc,heap        ] GC(5) PSYoungGen: 2048K(2560K)->480K(3584K) Eden: 2048K(2048K)->0K(3072K) From: 0K(512K)->480K(512K)
[0.204s][info][gc,heap        ] GC(5) ParOldGen: 1496K(3584K)->2112K(3584K)
[0.204s][info][gc,metaspace   ] GC(5) Metaspace: 6300K(6464K)->6300K(6464K) NonClass: 5766K(5824K)->5766K(5824K) Class: 533K(640K)->533K(640K)
[0.204s][info][gc             ] GC(5) Pause Young (Allocation Failure) 3M->2M(7M) 1.212ms
[0.204s][info][gc,cpu         ] GC(5) User=0.00s Sys=0.00s Real=0.00s
[0.208s][info][gc,start       ] GC(6) Pause Young (Allocation Failure)
[0.210s][info][gc,heap        ] GC(6) PSYoungGen: 3552K(3584K)->1504K(4608K) Eden: 3072K(3072K)->0K(3072K) From: 480K(512K)->1504K(1536K)
[0.210s][info][gc,heap        ] GC(6) ParOldGen: 2112K(3584K)->2680K(3584K)
[0.210s][info][gc,metaspace   ] GC(6) Metaspace: 6300K(6464K)->6300K(6464K) NonClass: 5766K(5824K)->5766K(5824K) Class: 533K(640K)->533K(640K)
[0.210s][info][gc             ] GC(6) Pause Young (Allocation Failure) 5M->4M(8M) 2.284ms
[0.210s][info][gc,cpu         ] GC(6) User=0.00s Sys=0.00s Real=0.00s
[0.214s][info][gc,start       ] GC(7) Pause Young (Allocation Failure)
[0.217s][info][gc,heap        ] GC(7) PSYoungGen: 4576K(4608K)->2016K(7168K) Eden: 3072K(3072K)->0K(5120K) From: 1504K(1536K)->2016K(2048K)
[0.217s][info][gc,heap        ] GC(7) ParOldGen: 2680K(3584K)->3776K(4096K)
[0.217s][info][gc,metaspace   ] GC(7) Metaspace: 6300K(6464K)->6300K(6464K) NonClass: 5766K(5824K)->5766K(5824K) Class: 533K(640K)->533K(640K)
[0.217s][info][gc             ] GC(7) Pause Young (Allocation Failure) 7M->5M(11M) 2.681ms
[0.217s][info][gc,cpu         ] GC(7) User=0.00s Sys=0.00s Real=0.00s
[0.217s][info][gc,start       ] GC(8) Pause Full (Ergonomics)
[0.217s][info][gc,phases,start] GC(8) Marking Phase
[0.220s][info][gc,phases      ] GC(8) Marking Phase 2.420ms
[0.220s][info][gc,phases,start] GC(8) Summary Phase
[0.220s][info][gc,phases      ] GC(8) Summary Phase 0.015ms
[0.220s][info][gc,phases,start] GC(8) Adjust Roots
[0.220s][info][gc,phases      ] GC(8) Adjust Roots 0.295ms
[0.220s][info][gc,phases,start] GC(8) Compaction Phase
[0.223s][info][gc,phases      ] GC(8) Compaction Phase 3.066ms
[0.223s][info][gc,phases,start] GC(8) Post Compact
[0.223s][info][gc,phases      ] GC(8) Post Compact 0.047ms
[0.223s][info][gc,heap        ] GC(8) PSYoungGen: 2016K(7168K)->2012K(7168K) Eden: 0K(5120K)->0K(5120K) From: 2016K(2048K)->2012K(2048K)
[0.223s][info][gc,heap        ] GC(8) ParOldGen: 3776K(4096K)->3682K(6656K)
[0.223s][info][gc,metaspace   ] GC(8) Metaspace: 6300K(6464K)->6300K(6464K) NonClass: 5766K(5824K)->5766K(5824K) Class: 533K(640K)->533K(640K)
[0.223s][info][gc             ] GC(8) Pause Full (Ergonomics) 5M->5M(13M) 6.139ms
[0.223s][info][gc,cpu         ] GC(8) User=0.00s Sys=0.00s Real=0.01s
[0.230s][info][gc,start       ] GC(9) Pause Young (Allocation Failure)
[0.234s][info][gc,heap        ] GC(9) PSYoungGen: 7132K(7168K)->3040K(8192K) Eden: 5120K(5120K)->0K(5120K) From: 2012K(2048K)->3040K(3072K)
[0.235s][info][gc,heap        ] GC(9) ParOldGen: 3682K(6656K)->5330K(6656K)
[0.235s][info][gc,metaspace   ] GC(9) Metaspace: 6300K(6464K)->6300K(6464K) NonClass: 5766K(5824K)->5766K(5824K) Class: 533K(640K)->533K(640K)
[0.235s][info][gc             ] GC(9) Pause Young (Allocation Failure) 10M->8M(14M) 4.881ms
[0.235s][info][gc,cpu         ] GC(9) User=0.00s Sys=0.00s Real=0.01s
[0.235s][info][gc,start       ] GC(10) Pause Full (Ergonomics)
[0.235s][info][gc,phases,start] GC(10) Marking Phase
[0.238s][info][gc,phases      ] GC(10) Marking Phase 3.773ms
[0.238s][info][gc,phases,start] GC(10) Summary Phase
[0.238s][info][gc,phases      ] GC(10) Summary Phase 0.016ms
[0.239s][info][gc,phases,start] GC(10) Adjust Roots
[0.239s][info][gc,phases      ] GC(10) Adjust Roots 0.192ms
[0.239s][info][gc,phases,start] GC(10) Compaction Phase
[0.242s][info][gc,phases      ] GC(10) Compaction Phase 3.008ms
[0.242s][info][gc,phases,start] GC(10) Post Compact
[0.242s][info][gc,phases      ] GC(10) Post Compact 0.061ms
[0.242s][info][gc,heap        ] GC(10) PSYoungGen: 3040K(8192K)->2012K(8192K) Eden: 0K(5120K)->0K(5120K) From: 3040K(3072K)->2012K(3072K)
[0.242s][info][gc,heap        ] GC(10) ParOldGen: 5330K(6656K)->6318K(10240K)
[0.242s][info][gc,metaspace   ] GC(10) Metaspace: 6300K(6464K)->6300K(6464K) NonClass: 5766K(5824K)->5766K(5824K) Class: 533K(640K)->533K(640K)
[0.242s][info][gc             ] GC(10) Pause Full (Ergonomics) 8M->8M(18M) 7.436ms
[0.242s][info][gc,cpu         ] GC(10) User=0.00s Sys=0.00s Real=0.01s
[0.248s][info][gc,start       ] GC(11) Pause Young (Allocation Failure)
[0.253s][info][gc,heap        ] GC(11) PSYoungGen: 7132K(8192K)->4224K(11264K) Eden: 5120K(5120K)->0K(6656K) From: 2012K(3072K)->4224K(4608K)
[0.253s][info][gc,heap        ] GC(11) ParOldGen: 6318K(10240K)->6814K(10240K)
[0.253s][info][gc,metaspace   ] GC(11) Metaspace: 6300K(6464K)->6300K(6464K) NonClass: 5766K(5824K)->5766K(5824K) Class: 533K(640K)->533K(640K)
[0.253s][info][gc             ] GC(11) Pause Young (Allocation Failure) 13M->10M(21M) 4.149ms
[0.253s][info][gc,cpu         ] GC(11) User=0.00s Sys=0.00s Real=0.00s
[0.260s][info][gc,start       ] GC(12) Pause Young (Allocation Failure)
[0.266s][info][gc,heap        ] GC(12) PSYoungGen: 10880K(11264K)->5088K(11776K) Eden: 6656K(6656K)->0K(6656K) From: 4224K(4608K)->5088K(5120K)
[0.266s][info][gc,heap        ] GC(12) ParOldGen: 6814K(10240K)->9638K(10240K)
[0.266s][info][gc,metaspace   ] GC(12) Metaspace: 6300K(6464K)->6300K(6464K) NonClass: 5766K(5824K)->5766K(5824K) Class: 533K(640K)->533K(640K)
[0.266s][info][gc             ] GC(12) Pause Young (Allocation Failure) 17M->14M(21M) 6.010ms
[0.266s][info][gc,cpu         ] GC(12) User=0.00s Sys=0.00s Real=0.01s
[0.266s][info][gc,start       ] GC(13) Pause Full (Ergonomics)
[0.266s][info][gc,phases,start] GC(13) Marking Phase
[0.273s][info][gc,phases      ] GC(13) Marking Phase 6.489ms
[0.273s][info][gc,phases,start] GC(13) Summary Phase
[0.273s][info][gc,phases      ] GC(13) Summary Phase 0.016ms
[0.273s][info][gc,phases,start] GC(13) Adjust Roots
[0.273s][info][gc,phases      ] GC(13) Adjust Roots 0.177ms
[0.273s][info][gc,phases,start] GC(13) Compaction Phase
[0.279s][info][gc,phases      ] GC(13) Compaction Phase 5.744ms
[0.279s][info][gc,phases,start] GC(13) Post Compact
[0.279s][info][gc,phases      ] GC(13) Post Compact 0.052ms
[0.279s][info][gc,heap        ] GC(13) PSYoungGen: 5088K(11776K)->4439K(11776K) Eden: 0K(6656K)->0K(6656K) From: 5088K(5120K)->4439K(5120K)
[0.279s][info][gc,heap        ] GC(13) ParOldGen: 9638K(10240K)->9956K(15360K)
[0.279s][info][gc,metaspace   ] GC(13) Metaspace: 6300K(6464K)->6300K(6464K) NonClass: 5766K(5824K)->5766K(5824K) Class: 533K(640K)->533K(640K)
[0.279s][info][gc             ] GC(13) Pause Full (Ergonomics) 14M->14M(26M) 12.763ms
[0.279s][info][gc,cpu         ] GC(13) User=0.02s Sys=0.00s Real=0.01s
[0.283s][info][gc,start       ] GC(14) Pause Young (Allocation Failure)
[0.290s][info][gc,heap        ] GC(14) PSYoungGen: 11095K(11776K)->5408K(15872K) Eden: 6656K(6656K)->0K(8704K) From: 4439K(5120K)->5408K(7168K)
[0.290s][info][gc,heap        ] GC(14) ParOldGen: 9956K(15360K)->12500K(15360K)
[0.290s][info][gc,metaspace   ] GC(14) Metaspace: 6301K(6464K)->6301K(6464K) NonClass: 5768K(5824K)->5768K(5824K) Class: 533K(640K)->533K(640K)
[0.290s][info][gc             ] GC(14) Pause Young (Allocation Failure) 20M->17M(30M) 6.357ms
[0.290s][info][gc,cpu         ] GC(14) User=0.02s Sys=0.00s Real=0.01s
[0.295s][info][gc,start       ] GC(15) Pause Young (Allocation Failure)
[0.303s][info][gc,heap        ] GC(15) PSYoungGen: 14112K(15872K)->4544K(16384K) Eden: 8704K(8704K)->0K(8704K) From: 5408K(7168K)->4544K(7680K)
[0.303s][info][gc,heap        ] GC(15) ParOldGen: 12500K(15360K)->17940K(18432K)
[0.303s][info][gc,metaspace   ] GC(15) Metaspace: 6301K(6464K)->6301K(6464K) NonClass: 5768K(5824K)->5768K(5824K) Class: 533K(640K)->533K(640K)
[0.303s][info][gc             ] GC(15) Pause Young (Allocation Failure) 25M->21M(34M) 7.743ms
[0.303s][info][gc,cpu         ] GC(15) User=0.00s Sys=0.00s Real=0.01s
[0.303s][info][gc,start       ] GC(16) Pause Full (Ergonomics)
[0.303s][info][gc,phases,start] GC(16) Marking Phase
[0.313s][info][gc,phases      ] GC(16) Marking Phase 9.810ms
[0.313s][info][gc,phases,start] GC(16) Summary Phase
[0.313s][info][gc,phases      ] GC(16) Summary Phase 0.017ms
[0.313s][info][gc,phases,start] GC(16) Adjust Roots
[0.313s][info][gc,phases      ] GC(16) Adjust Roots 0.234ms
[0.313s][info][gc,phases,start] GC(16) Compaction Phase
[0.321s][info][gc,phases      ] GC(16) Compaction Phase 8.405ms
[0.321s][info][gc,phases,start] GC(16) Post Compact
[0.322s][info][gc,phases      ] GC(16) Post Compact 0.095ms
[0.322s][info][gc,heap        ] GC(16) PSYoungGen: 4544K(16384K)->3984K(16384K) Eden: 0K(8704K)->0K(8704K) From: 4544K(7680K)->3984K(7680K)
[0.322s][info][gc,heap        ] GC(16) ParOldGen: 17940K(18432K)->18309K(27136K)
[0.322s][info][gc,metaspace   ] GC(16) Metaspace: 6301K(6464K)->6301K(6464K) NonClass: 5768K(5824K)->5768K(5824K) Class: 533K(640K)->533K(640K)
[0.322s][info][gc             ] GC(16) Pause Full (Ergonomics) 21M->21M(42M) 18.941ms
[0.322s][info][gc,cpu         ] GC(16) User=0.00s Sys=0.00s Real=0.02s
[0.331s][info][gc,start       ] GC(17) Pause Young (Allocation Failure)
[0.339s][info][gc,heap        ] GC(17) PSYoungGen: 12688K(16384K)->5024K(18944K) Eden: 8704K(8704K)->0K(11264K) From: 3984K(7680K)->5024K(7680K)
[0.339s][info][gc,heap        ] GC(17) ParOldGen: 18309K(27136K)->22365K(27136K)
[0.339s][info][gc,metaspace   ] GC(17) Metaspace: 6301K(6464K)->6301K(6464K) NonClass: 5768K(5824K)->5768K(5824K) Class: 533K(640K)->533K(640K)
[0.339s][info][gc             ] GC(17) Pause Young (Allocation Failure) 30M->26M(45M) 8.013ms
[0.339s][info][gc,cpu         ] GC(17) User=0.02s Sys=0.00s Real=0.01s
[0.339s][info][gc,start       ] GC(18) Pause Full (Ergonomics)
[0.339s][info][gc,phases,start] GC(18) Marking Phase
[0.351s][info][gc,phases      ] GC(18) Marking Phase 12.263ms
[0.351s][info][gc,phases,start] GC(18) Summary Phase
[0.351s][info][gc,phases      ] GC(18) Summary Phase 0.017ms
[0.351s][info][gc,phases,start] GC(18) Adjust Roots
[0.351s][info][gc,phases      ] GC(18) Adjust Roots 0.187ms
[0.351s][info][gc,phases,start] GC(18) Compaction Phase
[0.360s][info][gc,phases      ] GC(18) Compaction Phase 9.029ms
[0.361s][info][gc,phases,start] GC(18) Post Compact
[0.361s][info][gc,phases      ] GC(18) Post Compact 0.142ms
[0.361s][info][gc,heap        ] GC(18) PSYoungGen: 5024K(18944K)->0K(19456K) Eden: 0K(11264K)->0K(11264K) From: 5024K(7680K)->0K(8192K)
[0.361s][info][gc,heap        ] GC(18) ParOldGen: 22365K(27136K)->26772K(37376K)
[0.361s][info][gc,metaspace   ] GC(18) Metaspace: 6301K(6464K)->6301K(6464K) NonClass: 5768K(5824K)->5768K(5824K) Class: 533K(640K)->533K(640K)
[0.361s][info][gc             ] GC(18) Pause Full (Ergonomics) 26M->26M(55M) 22.025ms
[0.361s][info][gc,cpu         ] GC(18) User=0.00s Sys=0.00s Real=0.02s
[0.369s][info][gc,start       ] GC(19) Pause Young (Allocation Failure)
[0.374s][info][gc,heap        ] GC(19) PSYoungGen: 11264K(19456K)->5856K(22528K) Eden: 11264K(11264K)->0K(14336K) From: 0K(8192K)->5856K(8192K)
[0.374s][info][gc,heap        ] GC(19) ParOldGen: 26772K(37376K)->26772K(37376K)
[0.374s][info][gc,metaspace   ] GC(19) Metaspace: 6301K(6464K)->6301K(6464K) NonClass: 5768K(5824K)->5768K(5824K) Class: 533K(640K)->533K(640K)
[0.374s][info][gc             ] GC(19) Pause Young (Allocation Failure) 37M->31M(58M) 5.489ms
[0.374s][info][gc,cpu         ] GC(19) User=0.00s Sys=0.00s Real=0.00s
[0.387s][info][gc,start       ] GC(20) Pause Young (Allocation Failure)
[0.401s][info][gc,heap        ] GC(20) PSYoungGen: 18698K(22528K)->8704K(23040K) Eden: 12842K(14336K)->0K(14336K) From: 5856K(8192K)->8704K(8704K)
[0.401s][info][gc,heap        ] GC(20) ParOldGen: 26772K(37376K)->36164K(37376K)
[0.401s][info][gc,metaspace   ] GC(20) Metaspace: 6301K(6464K)->6301K(6464K) NonClass: 5768K(5824K)->5768K(5824K) Class: 533K(640K)->533K(640K)
[0.401s][info][gc             ] GC(20) Pause Young (Allocation Failure) 44M->43M(59M) 13.307ms
[0.401s][info][gc,cpu         ] GC(20) User=0.00s Sys=0.00s Real=0.01s
[0.401s][info][gc,start       ] GC(21) Pause Full (Ergonomics)
[0.401s][info][gc,phases,start] GC(21) Marking Phase
[0.418s][info][gc,phases      ] GC(21) Marking Phase 17.622ms
[0.419s][info][gc,phases,start] GC(21) Summary Phase
[0.419s][info][gc,phases      ] GC(21) Summary Phase 0.016ms
[0.419s][info][gc,phases,start] GC(21) Adjust Roots
[0.419s][info][gc,phases      ] GC(21) Adjust Roots 0.161ms
[0.419s][info][gc,phases,start] GC(21) Compaction Phase
[0.431s][info][gc,phases      ] GC(21) Compaction Phase 12.070ms
[0.431s][info][gc,phases,start] GC(21) Post Compact
[0.431s][info][gc,phases      ] GC(21) Post Compact 0.208ms
[0.431s][info][gc,heap        ] GC(21) PSYoungGen: 8704K(23040K)->7664K(23040K) Eden: 0K(14336K)->0K(14336K) From: 8704K(8704K)->7664K(8704K)
[0.431s][info][gc,heap        ] GC(21) ParOldGen: 36164K(37376K)->37031K(51712K)
[0.431s][info][gc,metaspace   ] GC(21) Metaspace: 6301K(6464K)->6301K(6464K) NonClass: 5768K(5824K)->5768K(5824K) Class: 533K(640K)->533K(640K)
[0.431s][info][gc             ] GC(21) Pause Full (Ergonomics) 43M->43M(73M) 30.527ms
[0.431s][info][gc,cpu         ] GC(21) User=0.05s Sys=0.00s Real=0.03s
[0.450s][info][gc,start       ] GC(22) Pause Young (Allocation Failure)
[0.468s][info][gc,heap        ] GC(22) PSYoungGen: 22000K(23040K)->13280K(26112K) Eden: 14336K(14336K)->0K(12800K) From: 7664K(8704K)->13280K(13312K)
[0.468s][info][gc,heap        ] GC(22) ParOldGen: 37031K(51712K)->45895K(51712K)
[0.468s][info][gc,metaspace   ] GC(22) Metaspace: 6301K(6464K)->6301K(6464K) NonClass: 5768K(5824K)->5768K(5824K) Class: 533K(640K)->533K(640K)
[0.468s][info][gc             ] GC(22) Pause Young (Allocation Failure) 57M->57M(76M) 18.513ms
[0.468s][info][gc,cpu         ] GC(22) User=0.02s Sys=0.02s Real=0.02s
[0.468s][info][gc,start       ] GC(23) Pause Full (Ergonomics)
[0.468s][info][gc,phases,start] GC(23) Marking Phase
[0.491s][info][gc,phases      ] GC(23) Marking Phase 23.181ms
[0.491s][info][gc,phases,start] GC(23) Summary Phase
[0.491s][info][gc,phases      ] GC(23) Summary Phase 0.020ms
[0.491s][info][gc,phases,start] GC(23) Adjust Roots
[0.492s][info][gc,phases      ] GC(23) Adjust Roots 0.161ms
[0.492s][info][gc,phases,start] GC(23) Compaction Phase
[0.511s][info][gc,phases      ] GC(23) Compaction Phase 19.521ms
[0.511s][info][gc,phases,start] GC(23) Post Compact
[0.511s][info][gc,phases      ] GC(23) Post Compact 0.194ms
[0.512s][info][gc,heap        ] GC(23) PSYoungGen: 13280K(26112K)->6611K(26112K) Eden: 0K(12800K)->0K(12800K) From: 13280K(13312K)->6611K(13312K)
[0.512s][info][gc,heap        ] GC(23) ParOldGen: 45895K(51712K)->51368K(69632K)
[0.512s][info][gc,metaspace   ] GC(23) Metaspace: 6301K(6464K)->6301K(6464K) NonClass: 5768K(5824K)->5768K(5824K) Class: 533K(640K)->533K(640K)
[0.512s][info][gc             ] GC(23) Pause Full (Ergonomics) 57M->56M(93M) 43.461ms
[0.512s][info][gc,cpu         ] GC(23) User=0.05s Sys=0.00s Real=0.04s
[0.524s][info][gc,start       ] GC(24) Pause Young (Allocation Failure)
[0.542s][info][gc,heap        ] GC(24) PSYoungGen: 19411K(26112K)->12832K(31744K) Eden: 12800K(12800K)->0K(12800K) From: 6611K(13312K)->12832K(18944K)
[0.542s][info][gc,heap        ] GC(24) ParOldGen: 51368K(69632K)->58096K(69632K)
[0.542s][info][gc,metaspace   ] GC(24) Metaspace: 6301K(6464K)->6301K(6464K) NonClass: 5768K(5824K)->5768K(5824K) Class: 533K(640K)->533K(640K)
[0.542s][info][gc             ] GC(24) Pause Young (Allocation Failure) 69M->69M(99M) 18.333ms
[0.542s][info][gc,cpu         ] GC(24) User=0.00s Sys=0.00s Real=0.02s
[0.556s][info][gc,start       ] GC(25) Pause Young (Allocation Failure)
[0.575s][info][gc,heap        ] GC(25) PSYoungGen: 25632K(31744K)->19968K(29696K) Eden: 12800K(12800K)->0K(9728K) From: 12832K(18944K)->19968K(19968K)
[0.575s][info][gc,heap        ] GC(25) ParOldGen: 58096K(69632K)->63792K(69632K)
[0.575s][info][gc,metaspace   ] GC(25) Metaspace: 6301K(6464K)->6301K(6464K) NonClass: 5768K(5824K)->5768K(5824K) Class: 533K(640K)->533K(640K)
[0.575s][info][gc             ] GC(25) Pause Young (Allocation Failure) 81M->81M(97M) 19.112ms
[0.575s][info][gc,cpu         ] GC(25) User=0.03s Sys=0.00s Real=0.02s
[0.575s][info][gc,start       ] GC(26) Pause Full (Ergonomics)
[0.575s][info][gc,phases,start] GC(26) Marking Phase
[0.607s][info][gc,phases      ] GC(26) Marking Phase 31.995ms
[0.607s][info][gc,phases,start] GC(26) Summary Phase
[0.607s][info][gc,phases      ] GC(26) Summary Phase 0.020ms
[0.607s][info][gc,phases,start] GC(26) Adjust Roots
[0.607s][info][gc,phases      ] GC(26) Adjust Roots 0.158ms
[0.607s][info][gc,phases,start] GC(26) Compaction Phase
[0.628s][info][gc,phases      ] GC(26) Compaction Phase 20.623ms
[0.628s][info][gc,phases,start] GC(26) Post Compact
[0.628s][info][gc,phases      ] GC(26) Post Compact 0.448ms
[0.629s][info][gc,heap        ] GC(26) PSYoungGen: 19968K(29696K)->14308K(29696K) Eden: 0K(9728K)->0K(9728K) From: 19968K(19968K)->14308K(19968K)
[0.629s][info][gc,heap        ] GC(26) ParOldGen: 63792K(69632K)->69206K(90112K)
[0.629s][info][gc,metaspace   ] GC(26) Metaspace: 6301K(6464K)->6301K(6464K) NonClass: 5768K(5824K)->5768K(5824K) Class: 533K(640K)->533K(640K)
[0.629s][info][gc             ] GC(26) Pause Full (Ergonomics) 81M->81M(117M) 53.714ms
[0.629s][info][gc,cpu         ] GC(26) User=0.08s Sys=0.00s Real=0.05s
[0.645s][info][gc,start       ] GC(27) Pause Young (Allocation Failure)
[0.665s][info][gc,heap        ] GC(27) PSYoungGen: 24036K(29696K)->9760K(35328K) Eden: 9728K(9728K)->0K(9728K) From: 14308K(19968K)->9760K(25600K)
[0.665s][info][gc,heap        ] GC(27) ParOldGen: 69206K(90112K)->83742K(90112K)
[0.665s][info][gc,metaspace   ] GC(27) Metaspace: 6301K(6464K)->6301K(6464K) NonClass: 5768K(5824K)->5768K(5824K) Class: 533K(640K)->533K(640K)
[0.665s][info][gc             ] GC(27) Pause Young (Allocation Failure) 91M->91M(122M) 20.163ms
[0.665s][info][gc,cpu         ] GC(27) User=0.05s Sys=0.00s Real=0.02s
[0.665s][info][gc,start       ] GC(28) Pause Full (Ergonomics)
[0.665s][info][gc,phases,start] GC(28) Marking Phase
[0.704s][info][gc,phases      ] GC(28) Marking Phase 38.950ms
[0.704s][info][gc,phases,start] GC(28) Summary Phase
[0.704s][info][gc,phases      ] GC(28) Summary Phase 0.015ms
[0.704s][info][gc,phases,start] GC(28) Adjust Roots
[0.704s][info][gc,phases      ] GC(28) Adjust Roots 0.159ms
[0.704s][info][gc,phases,start] GC(28) Compaction Phase
[0.728s][info][gc,phases      ] GC(28) Compaction Phase 23.742ms
[0.728s][info][gc,phases,start] GC(28) Post Compact
[0.728s][info][gc,phases      ] GC(28) Post Compact 0.331ms
[0.729s][info][gc,heap        ] GC(28) PSYoungGen: 9760K(35328K)->1524K(35328K) Eden: 0K(9728K)->0K(9728K) From: 9760K(25600K)->1524K(25600K)
[0.729s][info][gc,heap        ] GC(28) ParOldGen: 83742K(90112K)->89650K(115200K)
[0.729s][info][gc,metaspace   ] GC(28) Metaspace: 6301K(6464K)->6301K(6464K) NonClass: 5768K(5824K)->5768K(5824K) Class: 533K(640K)->533K(640K)
[0.729s][info][gc             ] GC(28) Pause Full (Ergonomics) 91M->89M(147M) 63.574ms
[0.729s][info][gc,cpu         ] GC(28) User=0.09s Sys=0.00s Real=0.06s
[0.737s][info][gc,start       ] GC(29) Pause Young (Allocation Failure)
[0.748s][info][gc,heap        ] GC(29) PSYoungGen: 11252K(35328K)->11296K(33792K) Eden: 9728K(9728K)->0K(11264K) From: 1524K(25600K)->11296K(22528K)
[0.748s][info][gc,heap        ] GC(29) ParOldGen: 89650K(115200K)->89650K(115200K)
[0.748s][info][gc,metaspace   ] GC(29) Metaspace: 6301K(6464K)->6301K(6464K) NonClass: 5768K(5824K)->5768K(5824K) Class: 533K(640K)->533K(640K)
[0.748s][info][gc             ] GC(29) Pause Young (Allocation Failure) 98M->98M(145M) 11.112ms
[0.748s][info][gc,cpu         ] GC(29) User=0.02s Sys=0.00s Real=0.01s
[0.759s][info][gc,start       ] GC(30) Pause Young (Allocation Failure)
[0.771s][info][gc,heap        ] GC(30) PSYoungGen: 22560K(33792K)->22560K(34816K) Eden: 11264K(11264K)->0K(11264K) From: 11296K(22528K)->22560K(23552K)
[0.771s][info][gc,heap        ] GC(30) ParOldGen: 89650K(115200K)->89650K(115200K)
[0.771s][info][gc,metaspace   ] GC(30) Metaspace: 6301K(6464K)->6301K(6464K) NonClass: 5768K(5824K)->5768K(5824K) Class: 533K(640K)->533K(640K)
[0.771s][info][gc             ] GC(30) Pause Young (Allocation Failure) 109M->109M(146M) 12.599ms
[0.771s][info][gc,cpu         ] GC(30) User=0.02s Sys=0.00s Real=0.01s
[0.782s][info][gc,start       ] GC(31) Pause Young (Allocation Failure)
[0.801s][info][gc,heap        ] GC(31) PSYoungGen: 33824K(34816K)->27136K(33792K) Eden: 11264K(11264K)->0K(6656K) From: 22560K(23552K)->27136K(27136K)
[0.801s][info][gc,heap        ] GC(31) ParOldGen: 89650K(115200K)->96370K(115200K)
[0.801s][info][gc,metaspace   ] GC(31) Metaspace: 6301K(6464K)->6301K(6464K) NonClass: 5768K(5824K)->5768K(5824K) Class: 533K(640K)->533K(640K)
[0.801s][info][gc             ] GC(31) Pause Young (Allocation Failure) 120M->120M(145M) 19.132ms
[0.801s][info][gc,cpu         ] GC(31) User=0.03s Sys=0.02s Real=0.02s
[0.807s][info][gc,start       ] GC(32) Pause Young (Allocation Failure)
[0.825s][info][gc,heap        ] GC(32) PSYoungGen: 33792K(33792K)->23264K(40448K) Eden: 6656K(6656K)->0K(6656K) From: 27136K(27136K)->23264K(33792K)
[0.825s][info][gc,heap        ] GC(32) ParOldGen: 96370K(115200K)->107066K(115200K)
[0.825s][info][gc,metaspace   ] GC(32) Metaspace: 6301K(6464K)->6301K(6464K) NonClass: 5768K(5824K)->5768K(5824K) Class: 533K(640K)->533K(640K)
[0.825s][info][gc             ] GC(32) Pause Young (Allocation Failure) 127M->127M(152M) 18.163ms
[0.825s][info][gc,cpu         ] GC(32) User=0.02s Sys=0.00s Real=0.02s
[0.825s][info][gc,start       ] GC(33) Pause Full (Ergonomics)
[0.825s][info][gc,phases,start] GC(33) Marking Phase
[0.862s][info][gc,phases      ] GC(33) Marking Phase 36.834ms
[0.862s][info][gc,phases,start] GC(33) Summary Phase
[0.862s][info][gc,phases      ] GC(33) Summary Phase 0.015ms
[0.862s][info][gc,phases,start] GC(33) Adjust Roots
[0.862s][info][gc,phases      ] GC(33) Adjust Roots 0.161ms
[0.862s][info][gc,phases,start] GC(33) Compaction Phase
[0.884s][info][gc,phases      ] GC(33) Compaction Phase 21.501ms
[0.884s][info][gc,phases,start] GC(33) Post Compact
[0.885s][info][gc,phases      ] GC(33) Post Compact 0.708ms
[0.885s][info][gc,heap        ] GC(33) PSYoungGen: 23264K(40448K)->15000K(40448K) Eden: 0K(6656K)->0K(6656K) From: 23264K(33792K)->15000K(33792K)
[0.885s][info][gc,heap        ] GC(33) ParOldGen: 107066K(115200K)->114960K(142848K)
[0.885s][info][gc,metaspace   ] GC(33) Metaspace: 6301K(6464K)->6301K(6464K) NonClass: 5768K(5824K)->5768K(5824K) Class: 533K(640K)->533K(640K)
[0.885s][info][gc             ] GC(33) Pause Full (Ergonomics) 127M->126M(179M) 59.707ms
[0.885s][info][gc,cpu         ] GC(33) User=0.16s Sys=0.00s Real=0.06s
[0.891s][info][gc,start       ] GC(34) Pause Young (Allocation Failure)
[0.909s][info][gc,heap        ] GC(34) PSYoungGen: 21656K(40448K)->16160K(40448K) Eden: 6656K(6656K)->0K(8192K) From: 15000K(33792K)->16160K(32256K)
[0.909s][info][gc,heap        ] GC(34) ParOldGen: 114960K(142848K)->120624K(142848K)
[0.909s][info][gc,metaspace   ] GC(34) Metaspace: 6301K(6464K)->6301K(6464K) NonClass: 5768K(5824K)->5768K(5824K) Class: 533K(640K)->533K(640K)
[0.909s][info][gc             ] GC(34) Pause Young (Allocation Failure) 133M->133M(179M) 17.469ms
[0.909s][info][gc,cpu         ] GC(34) User=0.05s Sys=0.00s Real=0.02s
[0.917s][info][gc,start       ] GC(35) Pause Young (Allocation Failure)
[0.929s][info][gc,heap        ] GC(35) PSYoungGen: 24352K(40448K)->19840K(42496K) Eden: 8192K(8192K)->0K(8192K) From: 16160K(32256K)->19840K(34304K)
[0.929s][info][gc,heap        ] GC(35) ParOldGen: 120624K(142848K)->125200K(142848K)
[0.929s][info][gc,metaspace   ] GC(35) Metaspace: 6301K(6464K)->6301K(6464K) NonClass: 5768K(5824K)->5768K(5824K) Class: 533K(640K)->533K(640K)
[0.929s][info][gc             ] GC(35) Pause Young (Allocation Failure) 141M->141M(181M) 12.296ms
[0.929s][info][gc,cpu         ] GC(35) User=0.02s Sys=0.00s Real=0.01s
[0.937s][info][gc,start       ] GC(36) Pause Young (Allocation Failure)
[0.951s][info][gc,heap        ] GC(36) PSYoungGen: 28032K(42496K)->23072K(43008K) Eden: 8192K(8192K)->0K(8704K) From: 19840K(34304K)->23072K(34304K)
[0.951s][info][gc,heap        ] GC(36) ParOldGen: 125200K(142848K)->130232K(142848K)
[0.951s][info][gc,metaspace   ] GC(36) Metaspace: 6301K(6464K)->6301K(6464K) NonClass: 5768K(5824K)->5768K(5824K) Class: 533K(640K)->533K(640K)
[0.951s][info][gc             ] GC(36) Pause Young (Allocation Failure) 149M->149M(181M) 13.790ms
[0.951s][info][gc,cpu         ] GC(36) User=0.00s Sys=0.00s Real=0.01s
[0.959s][info][gc,start       ] GC(37) Pause Young (Allocation Failure)
[0.975s][info][gc,heap        ] GC(37) PSYoungGen: 31776K(43008K)->16960K(44032K) Eden: 8704K(8704K)->0K(8704K) From: 23072K(34304K)->16960K(35328K)
[0.975s][info][gc,heap        ] GC(37) ParOldGen: 130232K(142848K)->145256K(145408K)
[0.975s][info][gc,metaspace   ] GC(37) Metaspace: 6301K(6464K)->6301K(6464K) NonClass: 5768K(5824K)->5768K(5824K) Class: 533K(640K)->533K(640K)
[0.975s][info][gc             ] GC(37) Pause Young (Allocation Failure) 158M->158M(185M) 16.037ms
[0.975s][info][gc,cpu         ] GC(37) User=0.00s Sys=0.00s Real=0.02s
[0.975s][info][gc,start       ] GC(38) Pause Full (Ergonomics)
[0.975s][info][gc,phases,start] GC(38) Marking Phase
[1.017s][info][gc,phases      ] GC(38) Marking Phase 41.427ms
[1.017s][info][gc,phases,start] GC(38) Summary Phase
[1.017s][info][gc,phases      ] GC(38) Summary Phase 0.017ms
[1.017s][info][gc,phases,start] GC(38) Adjust Roots
[1.017s][info][gc,phases      ] GC(38) Adjust Roots 0.153ms
[1.017s][info][gc,phases,start] GC(38) Compaction Phase
[1.046s][info][gc,phases      ] GC(38) Compaction Phase 29.326ms
[1.047s][info][gc,phases,start] GC(38) Post Compact
[1.047s][info][gc,phases      ] GC(38) Post Compact 0.908ms
[1.048s][info][gc,heap        ] GC(38) PSYoungGen: 16960K(44032K)->16324K(44032K) Eden: 0K(8704K)->0K(8704K) From: 16960K(35328K)->16324K(35328K)
[1.048s][info][gc,heap        ] GC(38) ParOldGen: 145256K(145408K)->145257K(175616K)
[1.048s][info][gc,metaspace   ] GC(38) Metaspace: 6301K(6464K)->6301K(6464K) NonClass: 5768K(5824K)->5768K(5824K) Class: 533K(640K)->533K(640K)
[1.048s][info][gc             ] GC(38) Pause Full (Ergonomics) 158M->157M(214M) 72.319ms
[1.048s][info][gc,cpu         ] GC(38) User=0.17s Sys=0.00s Real=0.07s
[1.057s][info][gc,start       ] GC(39) Pause Young (Allocation Failure)
[1.076s][info][gc,heap        ] GC(39) PSYoungGen: 25028K(44032K)->8800K(43008K) Eden: 8704K(8704K)->0K(10752K) From: 16324K(35328K)->8800K(32256K)
[1.076s][info][gc,heap        ] GC(39) ParOldGen: 145257K(175616K)->161849K(175616K)
[1.076s][info][gc,metaspace   ] GC(39) Metaspace: 6301K(6464K)->6301K(6464K) NonClass: 5768K(5824K)->5768K(5824K) Class: 533K(640K)->533K(640K)
[1.076s][info][gc             ] GC(39) Pause Young (Allocation Failure) 166M->166M(213M) 19.551ms
[1.076s][info][gc,cpu         ] GC(39) User=0.05s Sys=0.00s Real=0.02s
[1.076s][info][gc,start       ] GC(40) Pause Full (Ergonomics)
[1.076s][info][gc,phases,start] GC(40) Marking Phase
[1.118s][info][gc,phases      ] GC(40) Marking Phase 41.359ms
[1.118s][info][gc,phases,start] GC(40) Summary Phase
[1.118s][info][gc,phases      ] GC(40) Summary Phase 0.019ms
[1.118s][info][gc,phases,start] GC(40) Adjust Roots
[1.118s][info][gc,phases      ] GC(40) Adjust Roots 0.141ms
[1.118s][info][gc,phases,start] GC(40) Compaction Phase
[1.136s][info][gc,phases      ] GC(40) Compaction Phase 18.558ms
[1.136s][info][gc,phases,start] GC(40) Post Compact
[1.137s][info][gc,phases      ] GC(40) Post Compact 0.762ms
[1.137s][info][gc,heap        ] GC(40) PSYoungGen: 8800K(43008K)->0K(44032K) Eden: 0K(10752K)->0K(10752K) From: 8800K(32256K)->0K(33280K)
[1.137s][info][gc,heap        ] GC(40) ParOldGen: 161849K(175616K)->170257K(205824K)
[1.137s][info][gc,metaspace   ] GC(40) Metaspace: 6301K(6464K)->6301K(6464K) NonClass: 5768K(5824K)->5768K(5824K) Class: 533K(640K)->533K(640K)
[1.137s][info][gc             ] GC(40) Pause Full (Ergonomics) 166M->166M(244M) 61.313ms
[1.138s][info][gc,cpu         ] GC(40) User=0.22s Sys=0.00s Real=0.06s
[1.175s][info][gc,start       ] GC(41) Pause Young (Allocation Failure)
[1.186s][info][gc,heap        ] GC(41) PSYoungGen: 10752K(44032K)->10816K(43008K) Eden: 10752K(10752K)->0K(12288K) From: 0K(33280K)->10816K(30720K)
[1.186s][info][gc,heap        ] GC(41) ParOldGen: 178449K(205824K)->178449K(205824K)
[1.186s][info][gc,metaspace   ] GC(41) Metaspace: 6301K(6464K)->6301K(6464K) NonClass: 5768K(5824K)->5768K(5824K) Class: 533K(640K)->533K(640K)
[1.186s][info][gc             ] GC(41) Pause Young (Allocation Failure) 184M->184M(243M) 11.112ms
[1.186s][info][gc,cpu         ] GC(41) User=0.02s Sys=0.00s Real=0.01s
[1.197s][info][gc,start       ] GC(42) Pause Young (Allocation Failure)
[1.209s][info][gc,heap        ] GC(42) PSYoungGen: 23104K(43008K)->23136K(44544K) Eden: 12288K(12288K)->0K(12288K) From: 10816K(30720K)->23136K(32256K)
[1.209s][info][gc,heap        ] GC(42) ParOldGen: 178449K(205824K)->178449K(205824K)
[1.209s][info][gc,metaspace   ] GC(42) Metaspace: 6301K(6464K)->6301K(6464K) NonClass: 5768K(5824K)->5768K(5824K) Class: 533K(640K)->533K(640K)
[1.209s][info][gc             ] GC(42) Pause Young (Allocation Failure) 196M->196M(244M) 11.877ms
[1.209s][info][gc,cpu         ] GC(42) User=0.00s Sys=0.00s Real=0.01s
[1.222s][info][gc,start       ] GC(43) Pause Young (Allocation Failure)
[1.239s][info][gc,heap        ] GC(43) PSYoungGen: 35424K(44544K)->33792K(42496K) Eden: 12288K(12288K)->0K(8704K) From: 23136K(32256K)->33792K(33792K)
[1.239s][info][gc,heap        ] GC(43) ParOldGen: 178449K(205824K)->180017K(205824K)
[1.239s][info][gc,metaspace   ] GC(43) Metaspace: 6301K(6464K)->6301K(6464K) NonClass: 5768K(5824K)->5768K(5824K) Class: 533K(640K)->533K(640K)
[1.239s][info][gc             ] GC(43) Pause Young (Allocation Failure) 208M->208M(242M) 16.677ms
[1.239s][info][gc,cpu         ] GC(43) User=0.05s Sys=0.03s Real=0.02s
[1.247s][info][gc,start       ] GC(44) Pause Young (Allocation Failure)
[1.271s][info][gc,heap        ] GC(44) PSYoungGen: 42496K(42496K)->21088K(48128K) Eden: 8704K(8704K)->0K(8704K) From: 33792K(33792K)->21088K(39424K)
[1.271s][info][gc,heap        ] GC(44) ParOldGen: 180017K(205824K)->201809K(205824K)
[1.271s][info][gc,metaspace   ] GC(44) Metaspace: 6301K(6464K)->6301K(6464K) NonClass: 5768K(5824K)->5768K(5824K) Class: 533K(640K)->533K(640K)
[1.271s][info][gc             ] GC(44) Pause Young (Allocation Failure) 217M->217M(248M) 23.423ms
[1.271s][info][gc,cpu         ] GC(44) User=0.03s Sys=0.00s Real=0.02s
[1.271s][info][gc,start       ] GC(45) Pause Full (Ergonomics)
[1.271s][info][gc,phases,start] GC(45) Marking Phase
[1.329s][info][gc,phases      ] GC(45) Marking Phase 58.028ms
[1.329s][info][gc,phases,start] GC(45) Summary Phase
[1.329s][info][gc,phases      ] GC(45) Summary Phase 0.019ms
[1.329s][info][gc,phases,start] GC(45) Adjust Roots
[1.329s][info][gc,phases      ] GC(45) Adjust Roots 0.150ms
[1.329s][info][gc,phases,start] GC(45) Compaction Phase
[1.370s][info][gc,phases      ] GC(45) Compaction Phase 40.863ms
[1.370s][info][gc,phases,start] GC(45) Post Compact
[1.371s][info][gc,phases      ] GC(45) Post Compact 1.146ms
[1.372s][info][gc,heap        ] GC(45) PSYoungGen: 21088K(48128K)->12758K(48128K) Eden: 0K(8704K)->0K(8704K) From: 21088K(39424K)->12758K(39424K)
[1.372s][info][gc,heap        ] GC(45) ParOldGen: 201809K(205824K)->205509K(246272K)
[1.372s][info][gc,metaspace   ] GC(45) Metaspace: 6301K(6464K)->6301K(6464K) NonClass: 5768K(5824K)->5768K(5824K) Class: 533K(640K)->533K(640K)
[1.372s][info][gc             ] GC(45) Pause Full (Ergonomics) 217M->213M(287M) 100.809ms
[1.372s][info][gc,cpu         ] GC(45) User=0.36s Sys=0.00s Real=0.10s
[1.382s][info][gc,start       ] GC(46) Pause Young (Allocation Failure)
[1.403s][info][gc,heap        ] GC(46) PSYoungGen: 21462K(48128K)->13952K(45568K) Eden: 8704K(8704K)->0K(10240K) From: 12758K(39424K)->13952K(35328K)
[1.403s][info][gc,heap        ] GC(46) ParOldGen: 205509K(246272K)->213229K(246272K)
[1.403s][info][gc,metaspace   ] GC(46) Metaspace: 6301K(6464K)->6301K(6464K) NonClass: 5768K(5824K)->5768K(5824K) Class: 533K(640K)->533K(640K)
[1.403s][info][gc             ] GC(46) Pause Young (Allocation Failure) 221M->221M(285M) 20.292ms
[1.403s][info][gc,cpu         ] GC(46) User=0.08s Sys=0.00s Real=0.02s
[1.414s][info][gc,start       ] GC(47) Pause Young (Allocation Failure)
[1.427s][info][gc,heap        ] GC(47) PSYoungGen: 24192K(45568K)->24224K(47104K) Eden: 10240K(10240K)->0K(10240K) From: 13952K(35328K)->24224K(36864K)
[1.427s][info][gc,heap        ] GC(47) ParOldGen: 213229K(246272K)->213229K(246272K)
[1.427s][info][gc,metaspace   ] GC(47) Metaspace: 6301K(6464K)->6301K(6464K) NonClass: 5768K(5824K)->5768K(5824K) Class: 533K(640K)->533K(640K)
[1.427s][info][gc             ] GC(47) Pause Young (Allocation Failure) 231M->231M(286M) 13.690ms
[1.427s][info][gc,cpu         ] GC(47) User=0.00s Sys=0.00s Real=0.01s
[1.441s][info][gc,start       ] GC(48) Pause Young (Allocation Failure)
[1.461s][info][gc,heap        ] GC(48) PSYoungGen: 34464K(47104K)->29248K(47616K) Eden: 10240K(10240K)->0K(9728K) From: 24224K(36864K)->29248K(37888K)
[1.461s][info][gc,heap        ] GC(48) ParOldGen: 213229K(246272K)->218493K(246272K)
[1.461s][info][gc,metaspace   ] GC(48) Metaspace: 6301K(6464K)->6301K(6464K) NonClass: 5768K(5824K)->5768K(5824K) Class: 533K(640K)->533K(640K)
[1.461s][info][gc             ] GC(48) Pause Young (Allocation Failure) 241M->241M(287M) 19.479ms
[1.461s][info][gc,cpu         ] GC(48) User=0.08s Sys=0.00s Real=0.02s
[1.472s][info][gc,start       ] GC(49) Pause Young (Allocation Failure)
[1.492s][info][gc,heap        ] GC(49) PSYoungGen: 38976K(47616K)->30272K(49664K) Eden: 9728K(9728K)->0K(9728K) From: 29248K(37888K)->30272K(39936K)
[1.492s][info][gc,heap        ] GC(49) ParOldGen: 218493K(246272K)->227325K(246272K)
[1.492s][info][gc,metaspace   ] GC(49) Metaspace: 6301K(6464K)->6301K(6464K) NonClass: 5768K(5824K)->5768K(5824K) Class: 533K(640K)->533K(640K)
[1.492s][info][gc             ] GC(49) Pause Young (Allocation Failure) 251M->251M(289M) 20.306ms
[1.492s][info][gc,cpu         ] GC(49) User=0.09s Sys=0.02s Real=0.02s
[1.503s][info][gc,start       ] GC(50) Pause Young (Allocation Failure)
[1.525s][info][gc,heap        ] GC(50) PSYoungGen: 40000K(49664K)->29760K(52224K) Eden: 9728K(9728K)->0K(10240K) From: 30272K(39936K)->29760K(41984K)
[1.525s][info][gc,heap        ] GC(50) ParOldGen: 227325K(246272K)->237709K(246272K)
[1.525s][info][gc,metaspace   ] GC(50) Metaspace: 6301K(6464K)->6301K(6464K) NonClass: 5768K(5824K)->5768K(5824K) Class: 533K(640K)->533K(640K)
[1.525s][info][gc             ] GC(50) Pause Young (Allocation Failure) 261M->261M(291M) 21.441ms
[1.525s][info][gc,cpu         ] GC(50) User=0.11s Sys=0.00s Real=0.02s
[1.525s][info][gc,start       ] GC(51) Pause Full (Ergonomics)
[1.525s][info][gc,phases,start] GC(51) Marking Phase
[1.593s][info][gc,phases      ] GC(51) Marking Phase 68.148ms
[1.593s][info][gc,phases,start] GC(51) Summary Phase
[1.593s][info][gc,phases      ] GC(51) Summary Phase 0.027ms
[1.593s][info][gc,phases,start] GC(51) Adjust Roots
[1.594s][info][gc,phases      ] GC(51) Adjust Roots 0.258ms
[1.594s][info][gc,phases,start] GC(51) Compaction Phase
[1.634s][info][gc,phases      ] GC(51) Compaction Phase 40.466ms
[1.634s][info][gc,phases,start] GC(51) Post Compact
[1.636s][info][gc,phases      ] GC(51) Post Compact 1.685ms
[1.636s][info][gc,heap        ] GC(51) PSYoungGen: 29760K(52224K)->20921K(52224K) Eden: 0K(10240K)->0K(10240K) From: 29760K(41984K)->20921K(41984K)
[1.636s][info][gc,heap        ] GC(51) ParOldGen: 237709K(246272K)->245841K(285696K)
[1.636s][info][gc,metaspace   ] GC(51) Metaspace: 6301K(6464K)->6301K(6464K) NonClass: 5768K(5824K)->5768K(5824K) Class: 533K(640K)->533K(640K)
[1.636s][info][gc             ] GC(51) Pause Full (Ergonomics) 261M->260M(330M) 111.223ms
[1.636s][info][gc,cpu         ] GC(51) User=0.61s Sys=0.03s Real=0.11s
[1.648s][info][gc,start       ] GC(52) Pause Young (Allocation Failure)
[1.674s][info][gc,heap        ] GC(52) PSYoungGen: 31161K(52224K)->17472K(53248K) Eden: 10240K(10240K)->0K(10240K) From: 20921K(41984K)->17472K(43008K)
[1.674s][info][gc,heap        ] GC(52) ParOldGen: 245841K(285696K)->259897K(285696K)
[1.674s][info][gc,metaspace   ] GC(52) Metaspace: 6301K(6464K)->6301K(6464K) NonClass: 5768K(5824K)->5768K(5824K) Class: 533K(640K)->533K(640K)
[1.674s][info][gc             ] GC(52) Pause Young (Allocation Failure) 270M->270M(331M) 25.871ms
[1.674s][info][gc,cpu         ] GC(52) User=0.06s Sys=0.03s Real=0.03s
[1.686s][info][gc,start       ] GC(53) Pause Young (Allocation Failure)
[1.701s][info][gc,heap        ] GC(53) PSYoungGen: 27712K(53248K)->20544K(49664K) Eden: 10240K(10240K)->0K(11776K) From: 17472K(43008K)->20544K(37888K)
[1.701s][info][gc,heap        ] GC(53) ParOldGen: 259897K(285696K)->267121K(285696K)
[1.701s][info][gc,metaspace   ] GC(53) Metaspace: 6301K(6464K)->6301K(6464K) NonClass: 5768K(5824K)->5768K(5824K) Class: 533K(640K)->533K(640K)
[1.701s][info][gc             ] GC(53) Pause Young (Allocation Failure) 280M->280M(327M) 15.615ms
[1.701s][info][gc,cpu         ] GC(53) User=0.02s Sys=0.00s Real=0.02s
[1.701s][info][gc,start       ] GC(54) Pause Full (Ergonomics)
[1.701s][info][gc,phases,start] GC(54) Marking Phase
[1.768s][info][gc,phases      ] GC(54) Marking Phase 66.871ms
[1.768s][info][gc,phases,start] GC(54) Summary Phase
[1.768s][info][gc,phases      ] GC(54) Summary Phase 0.018ms
[1.768s][info][gc,phases,start] GC(54) Adjust Roots
[1.769s][info][gc,phases      ] GC(54) Adjust Roots 0.148ms
[1.769s][info][gc,phases,start] GC(54) Compaction Phase
[1.797s][info][gc,phases      ] GC(54) Compaction Phase 27.985ms
[1.797s][info][gc,phases,start] GC(54) Post Compact
[1.799s][info][gc,phases      ] GC(54) Post Compact 1.893ms
[1.799s][info][gc,heap        ] GC(54) PSYoungGen: 20544K(49664K)->1517K(51200K) Eden: 0K(11776K)->0K(13312K) From: 20544K(37888K)->1517K(37888K)
[1.799s][info][gc,heap        ] GC(54) ParOldGen: 267121K(285696K)->285667K(328192K)
[1.799s][info][gc,metaspace   ] GC(54) Metaspace: 6301K(6464K)->6301K(6464K) NonClass: 5768K(5824K)->5768K(5824K) Class: 533K(640K)->533K(640K)
[1.799s][info][gc             ] GC(54) Pause Full (Ergonomics) 280M->280M(370M) 97.423ms
[1.799s][info][gc,cpu         ] GC(54) User=0.50s Sys=0.00s Real=0.10s
[1.814s][info][gc,start       ] GC(55) Pause Young (Allocation Failure)
[1.837s][info][gc,heap        ] GC(55) PSYoungGen: 14829K(51200K)->14624K(53248K) Eden: 13312K(13312K)->0K(13312K) From: 1517K(37888K)->14624K(39936K)
[1.837s][info][gc,heap        ] GC(55) ParOldGen: 285667K(328192K)->286059K(328192K)
[1.837s][info][gc,metaspace   ] GC(55) Metaspace: 6301K(6464K)->6301K(6464K) NonClass: 5768K(5824K)->5768K(5824K) Class: 533K(640K)->533K(640K)
[1.837s][info][gc             ] GC(55) Pause Young (Allocation Failure) 293M->293M(372M) 23.198ms
[1.837s][info][gc,cpu         ] GC(55) User=0.08s Sys=0.00s Real=0.02s
[1.853s][info][gc,start       ] GC(56) Pause Young (Allocation Failure)
[1.868s][info][gc,heap        ] GC(56) PSYoungGen: 27936K(53248K)->27936K(53248K) Eden: 13312K(13312K)->0K(14336K) From: 14624K(39936K)->27936K(38912K)
[1.868s][info][gc,heap        ] GC(56) ParOldGen: 286059K(328192K)->286059K(328192K)
[1.868s][info][gc,metaspace   ] GC(56) Metaspace: 6301K(6464K)->6301K(6464K) NonClass: 5768K(5824K)->5768K(5824K) Class: 533K(640K)->533K(640K)
[1.868s][info][gc             ] GC(56) Pause Young (Allocation Failure) 306M->306M(372M) 15.264ms
[1.868s][info][gc,cpu         ] GC(56) User=0.02s Sys=0.00s Real=0.01s
[1.888s][info][gc,start       ] GC(57) Pause Young (Allocation Failure)
[1.909s][info][gc,heap        ] GC(57) PSYoungGen: 42272K(53248K)->39936K(54272K) Eden: 14336K(14336K)->0K(14336K) From: 27936K(38912K)->39936K(39936K)
[1.909s][info][gc,heap        ] GC(57) ParOldGen: 286059K(328192K)->288299K(328192K)
[1.909s][info][gc,metaspace   ] GC(57) Metaspace: 6301K(6464K)->6301K(6464K) NonClass: 5768K(5824K)->5768K(5824K) Class: 533K(640K)->533K(640K)
[1.909s][info][gc             ] GC(57) Pause Young (Allocation Failure) 320M->320M(373M) 21.135ms
[1.909s][info][gc,cpu         ] GC(57) User=0.09s Sys=0.00s Real=0.02s
[1.927s][info][gc,start       ] GC(58) Pause Young (Allocation Failure)
[1.954s][info][gc,heap        ] GC(58) PSYoungGen: 54272K(54272K)->40864K(58368K) Eden: 14336K(14336K)->0K(12288K) From: 39936K(39936K)->40864K(46080K)
[1.954s][info][gc,heap        ] GC(58) ParOldGen: 288299K(328192K)->302067K(328192K)
[1.954s][info][gc,metaspace   ] GC(58) Metaspace: 6301K(6464K)->6301K(6464K) NonClass: 5768K(5824K)->5768K(5824K) Class: 533K(640K)->533K(640K)
[1.954s][info][gc             ] GC(58) Pause Young (Allocation Failure) 334M->334M(377M) 27.600ms
[1.954s][info][gc,cpu         ] GC(58) User=0.17s Sys=0.03s Real=0.03s
[2.045s][info][gc,start       ] GC(59) Pause Full (Ergonomics)
[2.045s][info][gc,phases,start] GC(59) Marking Phase
[2.138s][info][gc,phases      ] GC(59) Marking Phase 92.290ms
[2.138s][info][gc,phases,start] GC(59) Summary Phase
[2.138s][info][gc,phases      ] GC(59) Summary Phase 0.020ms
[2.138s][info][gc,phases,start] GC(59) Adjust Roots
[2.138s][info][gc,phases      ] GC(59) Adjust Roots 0.207ms
[2.138s][info][gc,phases,start] GC(59) Compaction Phase
[2.210s][info][gc,phases      ] GC(59) Compaction Phase 71.557ms
[2.210s][info][gc,phases,start] GC(59) Post Compact
[2.212s][info][gc,phases      ] GC(59) Post Compact 1.885ms
[2.212s][info][gc,heap        ] GC(59) PSYoungGen: 53152K(58368K)->34989K(58368K) Eden: 12288K(12288K)->0K(12288K) From: 40864K(46080K)->34989K(46080K)
[2.212s][info][gc,heap        ] GC(59) ParOldGen: 318451K(328192K)->327825K(373760K)
[2.212s][info][gc,metaspace   ] GC(59) Metaspace: 6301K(6464K)->6301K(6464K) NonClass: 5768K(5824K)->5768K(5824K) Class: 533K(640K)->533K(640K)
[2.212s][info][gc             ] GC(59) Pause Full (Ergonomics) 362M->354M(422M) 166.681ms
[2.212s][info][gc,cpu         ] GC(59) User=0.89s Sys=0.00s Real=0.17s
[2.226s][info][gc,start       ] GC(60) Pause Young (Allocation Failure)
[2.260s][info][gc,heap        ] GC(60) PSYoungGen: 47277K(58368K)->36544K(62464K) Eden: 12288K(12288K)->0K(12288K) From: 34989K(46080K)->36544K(50176K)
[2.260s][info][gc,heap        ] GC(60) ParOldGen: 327825K(373760K)->338913K(373760K)
[2.260s][info][gc,metaspace   ] GC(60) Metaspace: 6301K(6464K)->6301K(6464K) NonClass: 5768K(5824K)->5768K(5824K) Class: 533K(640K)->533K(640K)
[2.260s][info][gc             ] GC(60) Pause Young (Allocation Failure) 366M->366M(426M) 34.414ms
[2.260s][info][gc,cpu         ] GC(60) User=0.20s Sys=0.00s Real=0.03s
[2.273s][info][gc,start       ] GC(61) Pause Young (Allocation Failure)
[2.298s][info][gc,heap        ] GC(61) PSYoungGen: 48832K(62464K)->48864K(60416K) Eden: 12288K(12288K)->0K(8192K) From: 36544K(50176K)->48864K(52224K)
[2.298s][info][gc,heap        ] GC(61) ParOldGen: 338913K(373760K)->338913K(373760K)
[2.298s][info][gc,metaspace   ] GC(61) Metaspace: 6301K(6464K)->6301K(6464K) NonClass: 5768K(5824K)->5768K(5824K) Class: 533K(640K)->533K(640K)
[2.298s][info][gc             ] GC(61) Pause Young (Allocation Failure) 378M->378M(424M) 24.846ms
[2.298s][info][gc,cpu         ] GC(61) User=0.03s Sys=0.00s Real=0.02s
[2.306s][info][gc,start       ] GC(62) Pause Young (Allocation Failure)
[2.333s][info][gc,heap        ] GC(62) PSYoungGen: 57056K(60416K)->45056K(66048K) Eden: 8192K(8192K)->0K(8192K) From: 48864K(52224K)->45056K(57856K)
[2.333s][info][gc,heap        ] GC(62) ParOldGen: 338913K(373760K)->351057K(373760K)
[2.333s][info][gc,metaspace   ] GC(62) Metaspace: 6301K(6464K)->6301K(6464K) NonClass: 5768K(5824K)->5768K(5824K) Class: 533K(640K)->533K(640K)
[2.333s][info][gc             ] GC(62) Pause Young (Allocation Failure) 386M->386M(429M) 26.824ms
[2.333s][info][gc,cpu         ] GC(62) User=0.09s Sys=0.00s Real=0.03s
[2.341s][info][gc,start       ] GC(63) Pause Young (Allocation Failure)
[2.368s][info][gc,heap        ] GC(63) PSYoungGen: 53248K(66048K)->28832K(65536K) Eden: 8192K(8192K)->0K(9728K) From: 45056K(57856K)->28832K(55808K)
[2.368s][info][gc,heap        ] GC(63) ParOldGen: 351057K(373760K)->375849K(376320K)
[2.368s][info][gc,metaspace   ] GC(63) Metaspace: 6301K(6464K)->6301K(6464K) NonClass: 5768K(5824K)->5768K(5824K) Class: 533K(640K)->533K(640K)
[2.368s][info][gc             ] GC(63) Pause Young (Allocation Failure) 394M->395M(431M) 26.609ms
[2.368s][info][gc,cpu         ] GC(63) User=0.12s Sys=0.00s Real=0.03s
[2.368s][info][gc,start       ] GC(64) Pause Full (Ergonomics)
[2.368s][info][gc,phases,start] GC(64) Marking Phase
[2.464s][info][gc,phases      ] GC(64) Marking Phase 95.702ms
[2.464s][info][gc,phases,start] GC(64) Summary Phase
[2.464s][info][gc,phases      ] GC(64) Summary Phase 0.026ms
[2.464s][info][gc,phases,start] GC(64) Adjust Roots
[2.464s][info][gc,phases      ] GC(64) Adjust Roots 0.160ms
[2.464s][info][gc,phases,start] GC(64) Compaction Phase
[2.509s][info][gc,phases      ] GC(64) Compaction Phase 44.608ms
[2.509s][info][gc,phases,start] GC(64) Post Compact
[2.511s][info][gc,phases      ] GC(64) Post Compact 2.041ms
[2.511s][info][gc,heap        ] GC(64) PSYoungGen: 28832K(65536K)->27560K(67072K) Eden: 0K(9728K)->0K(11264K) From: 28832K(55808K)->27560K(55808K)
[2.511s][info][gc,heap        ] GC(64) ParOldGen: 375849K(376320K)->376095K(431104K)
[2.511s][info][gc,metaspace   ] GC(64) Metaspace: 6301K(6464K)->6301K(6464K) NonClass: 5768K(5824K)->5768K(5824K) Class: 533K(640K)->533K(640K)
[2.511s][info][gc             ] GC(64) Pause Full (Ergonomics) 395M->394M(486M) 143.124ms
[2.511s][info][gc,cpu         ] GC(64) User=0.67s Sys=0.00s Real=0.14s
[2.523s][info][gc,start       ] GC(65) Pause Young (Allocation Failure)
[2.554s][info][gc,heap        ] GC(65) PSYoungGen: 38824K(67072K)->18912K(69632K) Eden: 11264K(11264K)->0K(11264K) From: 27560K(55808K)->18912K(58368K)
[2.554s][info][gc,heap        ] GC(65) ParOldGen: 376095K(431104K)->396503K(431104K)
[2.554s][info][gc,metaspace   ] GC(65) Metaspace: 6301K(6464K)->6301K(6464K) NonClass: 5768K(5824K)->5768K(5824K) Class: 533K(640K)->533K(640K)
[2.554s][info][gc             ] GC(65) Pause Young (Allocation Failure) 405M->405M(489M) 31.383ms
[2.554s][info][gc,cpu         ] GC(65) User=0.11s Sys=0.02s Real=0.03s
[2.566s][info][gc,start       ] GC(66) Pause Young (Allocation Failure)
[2.581s][info][gc,heap        ] GC(66) PSYoungGen: 30176K(69632K)->22656K(66048K) Eden: 11264K(11264K)->0K(12800K) From: 18912K(58368K)->22656K(53248K)
[2.581s][info][gc,heap        ] GC(66) ParOldGen: 396503K(431104K)->404103K(431104K)
[2.581s][info][gc,metaspace   ] GC(66) Metaspace: 6301K(6464K)->6301K(6464K) NonClass: 5768K(5824K)->5768K(5824K) Class: 533K(640K)->533K(640K)
[2.581s][info][gc             ] GC(66) Pause Young (Allocation Failure) 416M->416M(485M) 15.453ms
[2.581s][info][gc,cpu         ] GC(66) User=0.00s Sys=0.02s Real=0.02s
[2.594s][info][gc,start       ] GC(67) Pause Young (Allocation Failure)
[2.612s][info][gc,heap        ] GC(67) PSYoungGen: 35456K(66048K)->24160K(68096K) Eden: 12800K(12800K)->0K(12800K) From: 22656K(53248K)->24160K(55296K)
[2.612s][info][gc,heap        ] GC(67) ParOldGen: 404103K(431104K)->415527K(431104K)
[2.612s][info][gc,metaspace   ] GC(67) Metaspace: 6301K(6464K)->6301K(6464K) NonClass: 5768K(5824K)->5768K(5824K) Class: 533K(640K)->533K(640K)
[2.612s][info][gc             ] GC(67) Pause Young (Allocation Failure) 429M->429M(487M) 17.740ms
[2.612s][info][gc,cpu         ] GC(67) User=0.11s Sys=0.02s Real=0.02s
[2.612s][info][gc,start       ] GC(68) Pause Full (Ergonomics)
[2.612s][info][gc,phases,start] GC(68) Marking Phase
[2.707s][info][gc,phases      ] GC(68) Marking Phase 94.545ms
[2.707s][info][gc,phases,start] GC(68) Summary Phase
[2.707s][info][gc,phases      ] GC(68) Summary Phase 0.034ms
[2.707s][info][gc,phases,start] GC(68) Adjust Roots
[2.707s][info][gc,phases      ] GC(68) Adjust Roots 0.152ms
[2.707s][info][gc,phases,start] GC(68) Compaction Phase
[2.751s][info][gc,phases      ] GC(68) Compaction Phase 44.261ms
[2.751s][info][gc,phases,start] GC(68) Post Compact
[2.753s][info][gc,phases      ] GC(68) Post Compact 2.132ms
[2.754s][info][gc,heap        ] GC(68) PSYoungGen: 24160K(68096K)->8165K(68096K) Eden: 0K(12800K)->0K(12800K) From: 24160K(55296K)->8165K(55296K)
[2.754s][info][gc,heap        ] GC(68) ParOldGen: 415527K(431104K)->430728K(489472K)
[2.754s][info][gc,metaspace   ] GC(68) Metaspace: 6301K(6464K)->6301K(6464K) NonClass: 5768K(5824K)->5768K(5824K) Class: 533K(640K)->533K(640K)
[2.754s][info][gc             ] GC(68) Pause Full (Ergonomics) 429M->428M(544M) 141.704ms
[2.754s][info][gc,cpu         ] GC(68) User=0.91s Sys=0.00s Real=0.14s
[2.767s][info][gc,start       ] GC(69) Pause Young (Allocation Failure)
[2.794s][info][gc,heap        ] GC(69) PSYoungGen: 20965K(68096K)->16480K(66048K) Eden: 12800K(12800K)->0K(14336K) From: 8165K(55296K)->16480K(51712K)
[2.794s][info][gc,heap        ] GC(69) ParOldGen: 430728K(489472K)->435416K(489472K)
[2.794s][info][gc,metaspace   ] GC(69) Metaspace: 6301K(6464K)->6301K(6464K) NonClass: 5768K(5824K)->5768K(5824K) Class: 533K(640K)->533K(640K)
[2.794s][info][gc             ] GC(69) Pause Young (Allocation Failure) 441M->441M(542M) 27.761ms
[2.794s][info][gc,cpu         ] GC(69) User=0.14s Sys=0.00s Real=0.03s
[2.810s][info][gc,start       ] GC(70) Pause Young (Allocation Failure)
[2.826s][info][gc,heap        ] GC(70) PSYoungGen: 30816K(66048K)->30816K(67072K) Eden: 14336K(14336K)->0K(14336K) From: 16480K(51712K)->30816K(52736K)
[2.826s][info][gc,heap        ] GC(70) ParOldGen: 435416K(489472K)->435416K(489472K)
[2.826s][info][gc,metaspace   ] GC(70) Metaspace: 6301K(6464K)->6301K(6464K) NonClass: 5768K(5824K)->5768K(5824K) Class: 533K(640K)->533K(640K)
[2.826s][info][gc             ] GC(70) Pause Young (Allocation Failure) 455M->455M(543M) 16.356ms
[2.826s][info][gc,cpu         ] GC(70) User=0.03s Sys=0.00s Real=0.02s
[2.842s][info][gc,start       ] GC(71) Pause Young (Allocation Failure)
[2.864s][info][gc,heap        ] GC(71) PSYoungGen: 45152K(67072K)->45184K(62976K) Eden: 14336K(14336K)->0K(11264K) From: 30816K(52736K)->45184K(51712K)
[2.864s][info][gc,heap        ] GC(71) ParOldGen: 435416K(489472K)->435416K(489472K)
[2.864s][info][gc,metaspace   ] GC(71) Metaspace: 6301K(6464K)->6301K(6464K) NonClass: 5768K(5824K)->5768K(5824K) Class: 533K(640K)->533K(640K)
[2.864s][info][gc             ] GC(71) Pause Young (Allocation Failure) 469M->469M(539M) 22.323ms
[2.864s][info][gc,cpu         ] GC(71) User=0.11s Sys=0.00s Real=0.02s
[2.877s][info][gc,start       ] GC(72) Pause Young (Allocation Failure)
[2.903s][info][gc,heap        ] GC(72) PSYoungGen: 56448K(62976K)->52832K(67584K) Eden: 11264K(11264K)->0K(11264K) From: 45184K(51712K)->52832K(56320K)
[2.903s][info][gc,heap        ] GC(72) ParOldGen: 435416K(489472K)->439056K(489472K)
[2.903s][info][gc,metaspace   ] GC(72) Metaspace: 6301K(6464K)->6301K(6464K) NonClass: 5768K(5824K)->5768K(5824K) Class: 533K(640K)->533K(640K)
[2.903s][info][gc             ] GC(72) Pause Young (Allocation Failure) 480M->480M(544M) 26.372ms
[2.903s][info][gc,cpu         ] GC(72) User=0.12s Sys=0.00s Real=0.03s
[2.915s][info][gc,start       ] GC(73) Pause Young (Allocation Failure)
[2.944s][info][gc,heap        ] GC(73) PSYoungGen: 64096K(67584K)->51328K(71168K) Eden: 11264K(11264K)->0K(8704K) From: 52832K(56320K)->51328K(62464K)
[2.944s][info][gc,heap        ] GC(73) ParOldGen: 439056K(489472K)->452024K(489472K)
[2.944s][info][gc,metaspace   ] GC(73) Metaspace: 6301K(6464K)->6301K(6464K) NonClass: 5768K(5824K)->5768K(5824K) Class: 533K(640K)->533K(640K)
[2.944s][info][gc             ] GC(73) Pause Young (Allocation Failure) 491M->491M(547M) 29.850ms
[2.944s][info][gc,cpu         ] GC(73) User=0.12s Sys=0.00s Real=0.03s
[2.954s][info][gc,start       ] GC(74) Pause Young (Allocation Failure)
[2.982s][info][gc,heap        ] GC(74) PSYoungGen: 60032K(71168K)->31328K(40448K) Eden: 8704K(8704K)->0K(8704K) From: 51328K(62464K)->31328K(31744K)
[2.982s][info][gc,heap        ] GC(74) ParOldGen: 452024K(489472K)->481056K(489472K)
[2.982s][info][gc,metaspace   ] GC(74) Metaspace: 6301K(6464K)->6301K(6464K) NonClass: 5768K(5824K)->5768K(5824K) Class: 533K(640K)->533K(640K)
[2.982s][info][gc             ] GC(74) Pause Young (Allocation Failure) 500M->500M(517M) 28.394ms
[2.982s][info][gc,cpu         ] GC(74) User=0.14s Sys=0.00s Real=0.03s
[2.982s][info][gc,start       ] GC(75) Pause Full (Ergonomics)
[2.982s][info][gc,phases,start] GC(75) Marking Phase
[3.097s][info][gc,phases      ] GC(75) Marking Phase 114.976ms
[3.097s][info][gc,phases,start] GC(75) Summary Phase
[3.097s][info][gc,phases      ] GC(75) Summary Phase 0.019ms
[3.097s][info][gc,phases,start] GC(75) Adjust Roots
[3.098s][info][gc,phases      ] GC(75) Adjust Roots 0.150ms
[3.098s][info][gc,phases,start] GC(75) Compaction Phase
[3.150s][info][gc,phases      ] GC(75) Compaction Phase 52.325ms
[3.150s][info][gc,phases,start] GC(75) Post Compact
[3.153s][info][gc,phases      ] GC(75) Post Compact 2.665ms
[3.153s][info][gc,heap        ] GC(75) PSYoungGen: 31328K(40448K)->21939K(40448K) Eden: 0K(8704K)->0K(8704K) From: 31328K(31744K)->21939K(31744K)
[3.153s][info][gc,heap        ] GC(75) ParOldGen: 481056K(489472K)->489462K(555520K)
[3.153s][info][gc,metaspace   ] GC(75) Metaspace: 6301K(6464K)->6301K(6464K) NonClass: 5768K(5824K)->5768K(5824K) Class: 533K(640K)->533K(640K)
[3.153s][info][gc             ] GC(75) Pause Full (Ergonomics) 500M->499M(582M) 170.698ms
[3.153s][info][gc,cpu         ] GC(75) User=1.06s Sys=0.02s Real=0.17s
[3.163s][info][gc,start       ] GC(76) Pause Young (Allocation Failure)
[3.198s][info][gc,heap        ] GC(76) PSYoungGen: 30643K(40448K)->15136K(73728K) Eden: 8704K(8704K)->0K(10240K) From: 21939K(31744K)->15136K(63488K)
[3.198s][info][gc,heap        ] GC(76) ParOldGen: 489462K(555520K)->505318K(555520K)
[3.198s][info][gc,metaspace   ] GC(76) Metaspace: 6301K(6464K)->6301K(6464K) NonClass: 5768K(5824K)->5768K(5824K) Class: 533K(640K)->533K(640K)
[3.198s][info][gc             ] GC(76) Pause Young (Allocation Failure) 507M->508M(614M) 34.506ms
[3.198s][info][gc,cpu         ] GC(76) User=0.14s Sys=0.02s Real=0.04s
[3.208s][info][gc,start       ] GC(77) Pause Young (Allocation Failure)
[3.223s][info][gc,heap        ] GC(77) PSYoungGen: 25376K(73728K)->19040K(73728K) Eden: 10240K(10240K)->0K(10240K) From: 15136K(63488K)->19040K(63488K)
[3.223s][info][gc,heap        ] GC(77) ParOldGen: 505318K(555520K)->511774K(555520K)
[3.223s][info][gc,metaspace   ] GC(77) Metaspace: 6301K(6464K)->6301K(6464K) NonClass: 5768K(5824K)->5768K(5824K) Class: 533K(640K)->533K(640K)
[3.223s][info][gc             ] GC(77) Pause Young (Allocation Failure) 518M->518M(614M) 14.778ms
[3.223s][info][gc,cpu         ] GC(77) User=0.02s Sys=0.00s Real=0.01s
[3.235s][info][gc,start       ] GC(78) Pause Young (Allocation Failure)
[3.251s][info][gc,heap        ] GC(78) PSYoungGen: 29280K(73728K)->20608K(71168K) Eden: 10240K(10240K)->0K(11776K) From: 19040K(63488K)->20608K(59392K)
[3.251s][info][gc,heap        ] GC(78) ParOldGen: 511774K(555520K)->520606K(555520K)
[3.251s][info][gc,metaspace   ] GC(78) Metaspace: 6301K(6464K)->6301K(6464K) NonClass: 5768K(5824K)->5768K(5824K) Class: 533K(640K)->533K(640K)
[3.251s][info][gc             ] GC(78) Pause Young (Allocation Failure) 528M->528M(612M) 15.929ms
[3.251s][info][gc,cpu         ] GC(78) User=0.02s Sys=0.00s Real=0.02s
[3.264s][info][gc,start       ] GC(79) Pause Young (Allocation Failure)
[3.282s][info][gc,heap        ] GC(79) PSYoungGen: 32384K(71168K)->22112K(34304K) Eden: 11776K(11776K)->0K(11776K) From: 20608K(59392K)->22112K(22528K)
[3.282s][info][gc,heap        ] GC(79) ParOldGen: 520606K(555520K)->530982K(555520K)
[3.282s][info][gc,metaspace   ] GC(79) Metaspace: 6301K(6464K)->6301K(6464K) NonClass: 5768K(5824K)->5768K(5824K) Class: 533K(640K)->533K(640K)
[3.282s][info][gc             ] GC(79) Pause Young (Allocation Failure) 540M->540M(576M) 17.944ms
[3.282s][info][gc,cpu         ] GC(79) User=0.03s Sys=0.00s Real=0.02s
[3.282s][info][gc,start       ] GC(80) Pause Full (Ergonomics)
[3.282s][info][gc,phases,start] GC(80) Marking Phase
[3.405s][info][gc,phases      ] GC(80) Marking Phase 123.189ms
[3.405s][info][gc,phases,start] GC(80) Summary Phase
[3.405s][info][gc,phases      ] GC(80) Summary Phase 0.025ms
[3.405s][info][gc,phases,start] GC(80) Adjust Roots
[3.405s][info][gc,phases      ] GC(80) Adjust Roots 0.155ms
[3.405s][info][gc,phases,start] GC(80) Compaction Phase
[3.455s][info][gc,phases      ] GC(80) Compaction Phase 49.367ms
[3.455s][info][gc,phases,start] GC(80) Post Compact
[3.456s][info][gc,phases      ] GC(80) Post Compact 0.896ms
[3.456s][info][gc,heap        ] GC(80) PSYoungGen: 22112K(34304K)->0K(72192K) Eden: 0K(11776K)->0K(13312K) From: 22112K(22528K)->0K(58880K)
[3.456s][info][gc,heap        ] GC(80) ParOldGen: 530982K(555520K)->552232K(617984K)
[3.456s][info][gc,metaspace   ] GC(80) Metaspace: 6301K(6464K)->6301K(6464K) NonClass: 5768K(5824K)->5768K(5824K) Class: 533K(640K)->533K(640K)
[3.456s][info][gc             ] GC(80) Pause Full (Ergonomics) 540M->539M(674M) 174.141ms
[3.456s][info][gc,cpu         ] GC(80) User=1.05s Sys=0.00s Real=0.17s
[3.471s][info][gc,start       ] GC(81) Pause Young (Allocation Failure)
[3.480s][info][gc,heap        ] GC(81) PSYoungGen: 13312K(72192K)->13408K(72192K) Eden: 13312K(13312K)->0K(13312K) From: 0K(58880K)->13408K(58880K)
[3.480s][info][gc,heap        ] GC(81) ParOldGen: 552232K(617984K)->552232K(617984K)
[3.480s][info][gc,metaspace   ] GC(81) Metaspace: 6301K(6464K)->6301K(6464K) NonClass: 5768K(5824K)->5768K(5824K) Class: 533K(640K)->533K(640K)
[3.480s][info][gc             ] GC(81) Pause Young (Allocation Failure) 552M->552M(674M) 8.953ms
[3.480s][info][gc,cpu         ] GC(81) User=0.02s Sys=0.00s Real=0.01s
[3.495s][info][gc,start       ] GC(82) Pause Young (Allocation Failure)
[3.511s][info][gc,heap        ] GC(82) PSYoungGen: 26720K(72192K)->26720K(67072K) Eden: 13312K(13312K)->0K(14848K) From: 13408K(58880K)->26720K(52224K)
[3.511s][info][gc,heap        ] GC(82) ParOldGen: 552232K(617984K)->552232K(617984K)
[3.511s][info][gc,metaspace   ] GC(82) Metaspace: 6301K(6464K)->6301K(6464K) NonClass: 5768K(5824K)->5768K(5824K) Class: 533K(640K)->533K(640K)
[3.511s][info][gc             ] GC(82) Pause Young (Allocation Failure) 565M->565M(669M) 15.723ms
[3.511s][info][gc,cpu         ] GC(82) User=0.02s Sys=0.00s Real=0.02s
[3.527s][info][gc,start       ] GC(83) Pause Young (Allocation Failure)
[3.548s][info][gc,heap        ] GC(83) PSYoungGen: 41568K(67072K)->41600K(70144K) Eden: 14848K(14848K)->0K(14848K) From: 26720K(52224K)->41600K(55296K)
[3.548s][info][gc,heap        ] GC(83) ParOldGen: 552232K(617984K)->552232K(617984K)
[3.548s][info][gc,metaspace   ] GC(83) Metaspace: 6301K(6464K)->6301K(6464K) NonClass: 5768K(5824K)->5768K(5824K) Class: 533K(640K)->533K(640K)
[3.548s][info][gc             ] GC(83) Pause Young (Allocation Failure) 579M->579M(672M) 21.503ms
[3.548s][info][gc,cpu         ] GC(83) User=0.12s Sys=0.00s Real=0.02s
[3.565s][info][gc,start       ] GC(84) Pause Young (Allocation Failure)
[3.594s][info][gc,heap        ] GC(84) PSYoungGen: 56448K(70144K)->43168K(71680K) Eden: 14848K(14848K)->0K(13824K) From: 41600K(55296K)->43168K(57856K)
[3.594s][info][gc,heap        ] GC(84) ParOldGen: 552232K(617984K)->565736K(617984K)
[3.594s][info][gc,metaspace   ] GC(84) Metaspace: 6301K(6464K)->6301K(6464K) NonClass: 5768K(5824K)->5768K(5824K) Class: 533K(640K)->533K(640K)
[3.594s][info][gc             ] GC(84) Pause Young (Allocation Failure) 594M->594M(673M) 28.601ms
[3.594s][info][gc,cpu         ] GC(84) User=0.14s Sys=0.00s Real=0.03s
[3.610s][info][gc,start       ] GC(85) Pause Young (Allocation Failure)
[3.639s][info][gc,heap        ] GC(85) PSYoungGen: 56992K(71680K)->43616K(74240K) Eden: 13824K(13824K)->0K(13824K) From: 43168K(57856K)->43616K(60416K)
[3.639s][info][gc,heap        ] GC(85) ParOldGen: 565736K(617984K)->579248K(617984K)
[3.639s][info][gc,metaspace   ] GC(85) Metaspace: 6301K(6464K)->6301K(6464K) NonClass: 5768K(5824K)->5768K(5824K) Class: 533K(640K)->533K(640K)
[3.639s][info][gc             ] GC(85) Pause Young (Allocation Failure) 608M->608M(676M) 29.607ms
[3.639s][info][gc,cpu         ] GC(85) User=0.14s Sys=0.00s Real=0.03s
[3.656s][info][gc,start       ] GC(86) Pause Young (Allocation Failure)
[3.685s][info][gc,heap        ] GC(86) PSYoungGen: 57440K(74240K)->42624K(77312K) Eden: 13824K(13824K)->0K(14848K) From: 43616K(60416K)->42624K(62464K)
[3.685s][info][gc,heap        ] GC(86) ParOldGen: 579248K(617984K)->594304K(617984K)
[3.685s][info][gc,metaspace   ] GC(86) Metaspace: 6301K(6464K)->6301K(6464K) NonClass: 5768K(5824K)->5768K(5824K) Class: 533K(640K)->533K(640K)
[3.685s][info][gc             ] GC(86) Pause Young (Allocation Failure) 621M->622M(679M) 28.693ms
[3.685s][info][gc,cpu         ] GC(86) User=0.11s Sys=0.03s Real=0.03s
[3.685s][info][gc,start       ] GC(87) Pause Full (Ergonomics)
[3.685s][info][gc,phases,start] GC(87) Marking Phase
[3.825s][info][gc,phases      ] GC(87) Marking Phase 139.699ms
[3.825s][info][gc,phases,start] GC(87) Summary Phase
[3.825s][info][gc,phases      ] GC(87) Summary Phase 0.021ms
[3.825s][info][gc,phases,start] GC(87) Adjust Roots
[3.825s][info][gc,phases      ] GC(87) Adjust Roots 0.151ms
[3.825s][info][gc,phases,start] GC(87) Compaction Phase
[3.889s][info][gc,phases      ] GC(87) Compaction Phase 63.672ms
[3.889s][info][gc,phases,start] GC(87) Post Compact
[3.890s][info][gc,phases      ] GC(87) Post Compact 1.031ms
[3.890s][info][gc,heap        ] GC(87) PSYoungGen: 42624K(77312K)->18386K(77312K) Eden: 0K(14848K)->0K(14848K) From: 42624K(62464K)->18386K(62464K)
[3.890s][info][gc,heap        ] GC(87) ParOldGen: 594304K(617984K)->617626K(687104K)
[3.890s][info][gc,metaspace   ] GC(87) Metaspace: 6301K(6464K)->6301K(6464K) NonClass: 5768K(5824K)->5768K(5824K) Class: 533K(640K)->533K(640K)
[3.890s][info][gc             ] GC(87) Pause Full (Ergonomics) 622M->621M(746M) 205.116ms
[3.890s][info][gc,cpu         ] GC(87) User=1.33s Sys=0.05s Real=0.21s
[3.909s][info][gc,start       ] GC(88) Pause Young (Allocation Failure)
[3.951s][info][gc,heap        ] GC(88) PSYoungGen: 33234K(77312K)->19840K(78336K) Eden: 14848K(14848K)->0K(14848K) From: 18386K(62464K)->19840K(63488K)
[3.951s][info][gc,heap        ] GC(88) ParOldGen: 617626K(687104K)->631370K(687104K)
[3.951s][info][gc,metaspace   ] GC(88) Metaspace: 6301K(6464K)->6301K(6464K) NonClass: 5768K(5824K)->5768K(5824K) Class: 533K(640K)->533K(640K)
[3.951s][info][gc             ] GC(88) Pause Young (Allocation Failure) 635M->635M(747M) 42.136ms
[3.951s][info][gc,cpu         ] GC(88) User=0.25s Sys=0.02s Real=0.04s
[3.967s][info][gc,start       ] GC(89) Pause Young (Allocation Failure)
[3.986s][info][gc,heap        ] GC(89) PSYoungGen: 34688K(78336K)->29824K(73728K) Eden: 14848K(14848K)->0K(16384K) From: 19840K(63488K)->29824K(57344K)
[3.986s][info][gc,heap        ] GC(89) ParOldGen: 631370K(687104K)->636306K(687104K)
[3.986s][info][gc,metaspace   ] GC(89) Metaspace: 6301K(6464K)->6301K(6464K) NonClass: 5768K(5824K)->5768K(5824K) Class: 533K(640K)->533K(640K)
[3.986s][info][gc             ] GC(89) Pause Young (Allocation Failure) 650M->650M(743M) 19.374ms
[3.986s][info][gc,cpu         ] GC(89) User=0.05s Sys=0.08s Real=0.02s
[4.006s][info][gc,start       ] GC(90) Pause Young (Allocation Failure)
[4.030s][info][gc,heap        ] GC(90) PSYoungGen: 46208K(73728K)->31360K(48128K) Eden: 16384K(16384K)->0K(16384K) From: 29824K(57344K)->31360K(31744K)
[4.030s][info][gc,heap        ] GC(90) ParOldGen: 636306K(687104K)->651370K(687104K)
[4.030s][info][gc,metaspace   ] GC(90) Metaspace: 6301K(6464K)->6301K(6464K) NonClass: 5768K(5824K)->5768K(5824K) Class: 533K(640K)->533K(640K)
[4.030s][info][gc             ] GC(90) Pause Young (Allocation Failure) 666M->666M(718M) 23.748ms
[4.030s][info][gc,cpu         ] GC(90) User=0.12s Sys=0.00s Real=0.02s
[4.051s][info][gc,start       ] GC(91) Pause Young (Allocation Failure)
[4.076s][info][gc,heap        ] GC(91) PSYoungGen: 47744K(48128K)->32896K(72192K) Eden: 16384K(16384K)->0K(18432K) From: 31360K(31744K)->32896K(53760K)
[4.076s][info][gc,heap        ] GC(91) ParOldGen: 651370K(687104K)->666426K(687104K)
[4.076s][info][gc,metaspace   ] GC(91) Metaspace: 6301K(6464K)->6301K(6464K) NonClass: 5768K(5824K)->5768K(5824K) Class: 533K(640K)->533K(640K)
[4.076s][info][gc             ] GC(91) Pause Young (Allocation Failure) 682M->682M(741M) 25.088ms
[4.076s][info][gc,cpu         ] GC(91) User=0.12s Sys=0.02s Real=0.03s
[4.076s][info][gc,start       ] GC(92) Pause Full (Ergonomics)
[4.076s][info][gc,phases,start] GC(92) Marking Phase
[4.225s][info][gc,phases      ] GC(92) Marking Phase 149.231ms
[4.225s][info][gc,phases,start] GC(92) Summary Phase
[4.225s][info][gc,phases      ] GC(92) Summary Phase 0.030ms
[4.225s][info][gc,phases,start] GC(92) Adjust Roots
[4.225s][info][gc,phases      ] GC(92) Adjust Roots 0.149ms
[4.225s][info][gc,phases,start] GC(92) Compaction Phase
[4.280s][info][gc,phases      ] GC(92) Compaction Phase 54.533ms
[4.280s][info][gc,phases,start] GC(92) Post Compact
[4.281s][info][gc,phases      ] GC(92) Post Compact 1.197ms
[4.282s][info][gc,heap        ] GC(92) PSYoungGen: 32896K(72192K)->11247K(73728K) Eden: 0K(18432K)->0K(19968K) From: 32896K(53760K)->11247K(53760K)
[4.282s][info][gc,heap        ] GC(92) ParOldGen: 666426K(687104K)->687100K(762368K)
[4.282s][info][gc,metaspace   ] GC(92) Metaspace: 6301K(6464K)->6301K(6464K) NonClass: 5768K(5824K)->5768K(5824K) Class: 533K(640K)->533K(640K)
[4.282s][info][gc             ] GC(92) Pause Full (Ergonomics) 682M->681M(816M) 205.693ms
[4.282s][info][gc,cpu         ] GC(92) User=1.52s Sys=0.00s Real=0.21s
[4.436s][info][gc,start       ] GC(93) Pause Young (Allocation Failure)
[4.479s][info][gc,heap        ] GC(93) PSYoungGen: 31215K(73728K)->24384K(75264K) Eden: 19968K(19968K)->0K(19968K) From: 11247K(53760K)->24384K(55296K)
[4.479s][info][gc,heap        ] GC(93) ParOldGen: 719868K(762368K)->726972K(762368K)
[4.479s][info][gc,metaspace   ] GC(93) Metaspace: 6301K(6464K)->6301K(6464K) NonClass: 5768K(5824K)->5768K(5824K) Class: 533K(640K)->533K(640K)
[4.479s][info][gc             ] GC(93) Pause Young (Allocation Failure) 733M->733M(818M) 42.853ms
[4.479s][info][gc,cpu         ] GC(93) User=0.19s Sys=0.00s Real=0.04s
[4.499s][info][gc,start       ] GC(94) Pause Young (Allocation Failure)
[4.522s][info][gc,heap        ] GC(94) PSYoungGen: 44352K(75264K)->44384K(72704K) Eden: 19968K(19968K)->0K(18944K) From: 24384K(55296K)->44384K(53760K)
[4.522s][info][gc,heap        ] GC(94) ParOldGen: 726972K(762368K)->726972K(762368K)
[4.522s][info][gc,metaspace   ] GC(94) Metaspace: 6301K(6464K)->6301K(6464K) NonClass: 5768K(5824K)->5768K(5824K) Class: 533K(640K)->533K(640K)
[4.522s][info][gc             ] GC(94) Pause Young (Allocation Failure) 753M->753M(815M) 23.303ms
[4.522s][info][gc,cpu         ] GC(94) User=0.14s Sys=0.00s Real=0.02s
[4.542s][info][gc,start       ] GC(95) Pause Young (Allocation Failure)
[4.572s][info][gc,heap        ] GC(95) PSYoungGen: 63328K(72704K)->56832K(75776K) Eden: 18944K(18944K)->0K(18944K) From: 44384K(53760K)->56832K(56832K)
[4.572s][info][gc,heap        ] GC(95) ParOldGen: 726972K(762368K)->733428K(762368K)
[4.572s][info][gc,metaspace   ] GC(95) Metaspace: 6301K(6464K)->6301K(6464K) NonClass: 5768K(5824K)->5768K(5824K) Class: 533K(640K)->533K(640K)
[4.572s][info][gc             ] GC(95) Pause Young (Allocation Failure) 771M->771M(818M) 30.709ms
[4.572s][info][gc,cpu         ] GC(95) User=0.14s Sys=0.00s Real=0.03s
[4.593s][info][gc,start       ] GC(96) Pause Young (Allocation Failure)
[4.630s][info][gc,heap        ] GC(96) PSYoungGen: 75776K(75776K)->54976K(82944K) Eden: 18944K(18944K)->0K(16896K) From: 56832K(56832K)->54976K(66048K)
[4.630s][info][gc,heap        ] GC(96) ParOldGen: 733428K(762368K)->754628K(762368K)
[4.630s][info][gc,metaspace   ] GC(96) Metaspace: 6301K(6464K)->6301K(6464K) NonClass: 5768K(5824K)->5768K(5824K) Class: 533K(640K)->533K(640K)
[4.630s][info][gc             ] GC(96) Pause Young (Allocation Failure) 790M->790M(825M) 37.480ms
[4.630s][info][gc,cpu         ] GC(96) User=0.20s Sys=0.05s Real=0.04s
[4.630s][info][gc,start       ] GC(97) Pause Full (Ergonomics)
[4.630s][info][gc,phases,start] GC(97) Marking Phase
[4.800s][info][gc,phases      ] GC(97) Marking Phase 169.320ms
[4.800s][info][gc,phases,start] GC(97) Summary Phase
[4.800s][info][gc,phases      ] GC(97) Summary Phase 0.022ms
[4.800s][info][gc,phases,start] GC(97) Adjust Roots
[4.800s][info][gc,phases      ] GC(97) Adjust Roots 0.157ms
[4.800s][info][gc,phases,start] GC(97) Compaction Phase
[4.934s][info][gc,phases      ] GC(97) Compaction Phase 134.127ms
[4.934s][info][gc,phases,start] GC(97) Post Compact
[4.936s][info][gc,phases      ] GC(97) Post Compact 1.780ms
[4.936s][info][gc,heap        ] GC(97) PSYoungGen: 54976K(82944K)->30197K(82944K) Eden: 0K(16896K)->0K(16896K) From: 54976K(66048K)->30197K(66048K)
[4.936s][info][gc,heap        ] GC(97) ParOldGen: 754628K(762368K)->762230K(842752K)
[4.936s][info][gc,metaspace   ] GC(97) Metaspace: 6301K(6464K)->6301K(6464K) NonClass: 5768K(5824K)->5768K(5824K) Class: 533K(640K)->533K(640K)
[4.936s][info][gc             ] GC(97) Pause Full (Ergonomics) 790M->773M(904M) 306.060ms
[4.936s][info][gc,cpu         ] GC(97) User=2.02s Sys=0.02s Real=0.31s
[4.955s][info][gc,start       ] GC(98) Pause Young (Allocation Failure)
[5.006s][info][gc,heap        ] GC(98) PSYoungGen: 47093K(82944K)->37504K(54784K) Eden: 16896K(16896K)->0K(16896K) From: 30197K(66048K)->37504K(37888K)
[5.006s][info][gc,heap        ] GC(98) ParOldGen: 762230K(842752K)->772150K(842752K)
[5.006s][info][gc,metaspace   ] GC(98) Metaspace: 6301K(6464K)->6301K(6464K) NonClass: 5768K(5824K)->5768K(5824K) Class: 533K(640K)->533K(640K)
[5.006s][info][gc             ] GC(98) Pause Young (Allocation Failure) 790M->790M(876M) 51.388ms
[5.006s][info][gc,cpu         ] GC(98) User=0.33s Sys=0.05s Real=0.05s
[5.025s][info][gc,start       ] GC(99) Pause Young (Allocation Failure)
[5.051s][info][gc,heap        ] GC(99) PSYoungGen: 54400K(54784K)->54400K(82432K) Eden: 16896K(16896K)->0K(15360K) From: 37504K(37888K)->54400K(67072K)
[5.051s][info][gc,heap        ] GC(99) ParOldGen: 772150K(842752K)->772150K(842752K)
[5.051s][info][gc,metaspace   ] GC(99) Metaspace: 6301K(6464K)->6301K(6464K) NonClass: 5768K(5824K)->5768K(5824K) Class: 533K(640K)->533K(640K)
[5.051s][info][gc             ] GC(99) Pause Young (Allocation Failure) 807M->807M(903M) 26.138ms
[5.051s][info][gc,cpu         ] GC(99) User=0.12s Sys=0.00s Real=0.03s
[5.067s][info][gc,start       ] GC(100) Pause Young (Allocation Failure)
[5.099s][info][gc,heap        ] GC(100) PSYoungGen: 69760K(82432K)->61056K(86016K) Eden: 15360K(15360K)->0K(15360K) From: 54400K(67072K)->61056K(70656K)
[5.100s][info][gc,heap        ] GC(100) ParOldGen: 772150K(842752K)->780998K(842752K)
[5.100s][info][gc,metaspace   ] GC(100) Metaspace: 6301K(6464K)->6301K(6464K) NonClass: 5768K(5824K)->5768K(5824K) Class: 533K(640K)->533K(640K)
[5.100s][info][gc             ] GC(100) Pause Young (Allocation Failure) 822M->822M(907M) 32.370ms
[5.100s][info][gc,cpu         ] GC(100) User=0.23s Sys=0.03s Real=0.03s
[5.116s][info][gc,start       ] GC(101) Pause Young (Allocation Failure)
[5.152s][info][gc,heap        ] GC(101) PSYoungGen: 76416K(86016K)->64672K(88064K) Eden: 15360K(15360K)->0K(12288K) From: 61056K(70656K)->64672K(75776K)
[5.152s][info][gc,heap        ] GC(101) ParOldGen: 780998K(842752K)->792878K(842752K)
[5.152s][info][gc,metaspace   ] GC(101) Metaspace: 6301K(6464K)->6301K(6464K) NonClass: 5768K(5824K)->5768K(5824K) Class: 533K(640K)->533K(640K)
[5.152s][info][gc             ] GC(101) Pause Young (Allocation Failure) 837M->837M(909M) 35.959ms
[5.152s][info][gc,cpu         ] GC(101) User=0.25s Sys=0.00s Real=0.04s
[5.165s][info][gc,start       ] GC(102) Pause Young (Allocation Failure)
[5.201s][info][gc,heap        ] GC(102) PSYoungGen: 76960K(88064K)->43168K(55808K) Eden: 12288K(12288K)->0K(12288K) From: 64672K(75776K)->43168K(43520K)
[5.201s][info][gc,heap        ] GC(102) ParOldGen: 792878K(842752K)->827086K(842752K)
[5.201s][info][gc,metaspace   ] GC(102) Metaspace: 6301K(6464K)->6301K(6464K) NonClass: 5768K(5824K)->5768K(5824K) Class: 533K(640K)->533K(640K)
[5.201s][info][gc             ] GC(102) Pause Young (Allocation Failure) 849M->849M(877M) 36.635ms
[5.201s][info][gc,cpu         ] GC(102) User=0.23s Sys=0.02s Real=0.04s
[5.201s][info][gc,start       ] GC(103) Pause Full (Ergonomics)
[5.201s][info][gc,phases,start] GC(103) Marking Phase
[5.389s][info][gc,phases      ] GC(103) Marking Phase 187.619ms
[5.389s][info][gc,phases,start] GC(103) Summary Phase
[5.389s][info][gc,phases      ] GC(103) Summary Phase 0.031ms
[5.389s][info][gc,phases,start] GC(103) Adjust Roots
[5.389s][info][gc,phases      ] GC(103) Adjust Roots 0.151ms
[5.389s][info][gc,phases,start] GC(103) Compaction Phase
[5.478s][info][gc,phases      ] GC(103) Compaction Phase 88.914ms
[5.478s][info][gc,phases,start] GC(103) Post Compact
[5.480s][info][gc,phases      ] GC(103) Post Compact 1.649ms
[5.480s][info][gc,heap        ] GC(103) PSYoungGen: 43168K(55808K)->26561K(55808K) Eden: 0K(12288K)->0K(12288K) From: 43168K(43520K)->26561K(43520K)
[5.480s][info][gc,heap        ] GC(103) ParOldGen: 827086K(842752K)->842507K(932864K)
[5.480s][info][gc,metaspace   ] GC(103) Metaspace: 6301K(6464K)->6301K(6464K) NonClass: 5768K(5824K)->5768K(5824K) Class: 533K(640K)->533K(640K)
[5.481s][info][gc             ] GC(103) Pause Full (Ergonomics) 849M->848M(965M) 279.040ms
[5.481s][info][gc,cpu         ] GC(103) User=1.78s Sys=0.03s Real=0.28s
[5.495s][info][gc,start       ] GC(104) Pause Young (Allocation Failure)
[5.547s][info][gc,heap        ] GC(104) PSYoungGen: 38849K(55808K)->20448K(91136K) Eden: 12288K(12288K)->0K(13824K) From: 26561K(43520K)->20448K(77312K)
[5.547s][info][gc,heap        ] GC(104) ParOldGen: 842507K(932864K)->861331K(932864K)
[5.547s][info][gc,metaspace   ] GC(104) Metaspace: 6301K(6464K)->6301K(6464K) NonClass: 5768K(5824K)->5768K(5824K) Class: 533K(640K)->533K(640K)
[5.547s][info][gc             ] GC(104) Pause Young (Allocation Failure) 860M->861M(1000M) 51.771ms
[5.547s][info][gc,cpu         ] GC(104) User=0.36s Sys=0.02s Real=0.05s
[5.561s][info][gc,start       ] GC(105) Pause Young (Allocation Failure)
[5.580s][info][gc,heap        ] GC(105) PSYoungGen: 34272K(91136K)->26208K(91648K) Eden: 13824K(13824K)->0K(13824K) From: 20448K(77312K)->26208K(77824K)
[5.580s][info][gc,heap        ] GC(105) ParOldGen: 861331K(932864K)->869467K(932864K)
[5.580s][info][gc,metaspace   ] GC(105) Metaspace: 6301K(6464K)->6301K(6464K) NonClass: 5768K(5824K)->5768K(5824K) Class: 533K(640K)->533K(640K)
[5.580s][info][gc             ] GC(105) Pause Young (Allocation Failure) 874M->874M(1000M) 19.098ms
[5.581s][info][gc,cpu         ] GC(105) User=0.08s Sys=0.05s Real=0.02s
[5.596s][info][gc,start       ] GC(106) Pause Young (Allocation Failure)
[5.617s][info][gc,heap        ] GC(106) PSYoungGen: 40032K(91648K)->27744K(88576K) Eden: 13824K(13824K)->0K(15872K) From: 26208K(77824K)->27744K(72704K)
[5.617s][info][gc,heap        ] GC(106) ParOldGen: 869467K(932864K)->881923K(932864K)
[5.617s][info][gc,metaspace   ] GC(106) Metaspace: 6301K(6464K)->6301K(6464K) NonClass: 5768K(5824K)->5768K(5824K) Class: 533K(640K)->533K(640K)
[5.617s][info][gc             ] GC(106) Pause Young (Allocation Failure) 888M->888M(997M) 21.783ms
[5.617s][info][gc,cpu         ] GC(106) User=0.14s Sys=0.00s Real=0.02s
[5.634s][info][gc,start       ] GC(107) Pause Young (Allocation Failure)
[5.658s][info][gc,heap        ] GC(107) PSYoungGen: 43616K(88576K)->29824K(90624K) Eden: 15872K(15872K)->0K(15872K) From: 27744K(72704K)->29824K(74752K)
[5.658s][info][gc,heap        ] GC(107) ParOldGen: 881923K(932864K)->895931K(932864K)
[5.658s][info][gc,metaspace   ] GC(107) Metaspace: 6301K(6464K)->6301K(6464K) NonClass: 5768K(5824K)->5768K(5824K) Class: 533K(640K)->533K(640K)
[5.658s][info][gc             ] GC(107) Pause Young (Allocation Failure) 903M->904M(999M) 23.517ms
[5.658s][info][gc,cpu         ] GC(107) User=0.09s Sys=0.03s Real=0.02s
[5.675s][info][gc,start       ] GC(108) Pause Young (Allocation Failure)
[5.699s][info][gc,heap        ] GC(108) PSYoungGen: 45696K(90624K)->31904K(85504K) Eden: 15872K(15872K)->0K(17920K) From: 29824K(74752K)->31904K(67584K)
[5.699s][info][gc,heap        ] GC(108) ParOldGen: 895931K(932864K)->909955K(932864K)
[5.699s][info][gc,metaspace   ] GC(108) Metaspace: 6301K(6464K)->6301K(6464K) NonClass: 5768K(5824K)->5768K(5824K) Class: 533K(640K)->533K(640K)
[5.699s][info][gc             ] GC(108) Pause Young (Allocation Failure) 919M->919M(994M) 24.021ms
[5.699s][info][gc,cpu         ] GC(108) User=0.14s Sys=0.00s Real=0.02s
[5.699s][info][gc,start       ] GC(109) Pause Full (Ergonomics)
[5.699s][info][gc,phases,start] GC(109) Marking Phase
[5.900s][info][gc,phases      ] GC(109) Marking Phase 201.044ms
[5.900s][info][gc,phases,start] GC(109) Summary Phase
[5.900s][info][gc,phases      ] GC(109) Summary Phase 0.023ms
[5.900s][info][gc,phases,start] GC(109) Adjust Roots
[5.900s][info][gc,phases      ] GC(109) Adjust Roots 0.158ms
[5.900s][info][gc,phases,start] GC(109) Compaction Phase
[5.992s][info][gc,phases      ] GC(109) Compaction Phase 92.007ms
[5.992s][info][gc,phases,start] GC(109) Post Compact
[5.994s][info][gc,phases      ] GC(109) Post Compact 1.799ms
[5.995s][info][gc,heap        ] GC(109) PSYoungGen: 31904K(85504K)->8181K(87552K) Eden: 0K(17920K)->0K(19968K) From: 31904K(67584K)->8181K(67584K)
[5.995s][info][gc,heap        ] GC(109) ParOldGen: 909955K(932864K)->932415K(1026048K)
[5.995s][info][gc,metaspace   ] GC(109) Metaspace: 6301K(6464K)->6301K(6464K) NonClass: 5768K(5824K)->5768K(5824K) Class: 533K(640K)->533K(640K)
[5.995s][info][gc             ] GC(109) Pause Full (Ergonomics) 919M->918M(1087M) 295.846ms
[5.995s][info][gc,cpu         ] GC(109) User=2.03s Sys=0.00s Real=0.30s
[6.017s][info][gc,start       ] GC(110) Pause Young (Allocation Failure)
[6.069s][info][gc,heap        ] GC(110) PSYoungGen: 28149K(87552K)->23680K(90112K) Eden: 19968K(19968K)->0K(19968K) From: 8181K(67584K)->23680K(70144K)
[6.069s][info][gc,heap        ] GC(110) ParOldGen: 932415K(1026048K)->937103K(1026048K)
[6.069s][info][gc,metaspace   ] GC(110) Metaspace: 6301K(6464K)->6301K(6464K) NonClass: 5768K(5824K)->5768K(5824K) Class: 533K(640K)->533K(640K)
[6.069s][info][gc             ] GC(110) Pause Young (Allocation Failure) 938M->938M(1090M) 51.671ms
[6.069s][info][gc,cpu         ] GC(110) User=0.28s Sys=0.00s Real=0.05s
[6.091s][info][gc,start       ] GC(111) Pause Young (Allocation Failure)
[6.114s][info][gc,heap        ] GC(111) PSYoungGen: 43648K(90112K)->43648K(91136K) Eden: 19968K(19968K)->0K(22016K) From: 23680K(70144K)->43648K(69120K)
[6.114s][info][gc,heap        ] GC(111) ParOldGen: 937103K(1026048K)->937103K(1026048K)
[6.114s][info][gc,metaspace   ] GC(111) Metaspace: 6301K(6464K)->6301K(6464K) NonClass: 5768K(5824K)->5768K(5824K) Class: 533K(640K)->533K(640K)
[6.114s][info][gc             ] GC(111) Pause Young (Allocation Failure) 957M->957M(1091M) 23.493ms
[6.114s][info][gc,cpu         ] GC(111) User=0.12s Sys=0.00s Real=0.02s
[6.138s][info][gc,start       ] GC(112) Pause Young (Allocation Failure)
[6.171s][info][gc,heap        ] GC(112) PSYoungGen: 65664K(91136K)->65696K(91136K) Eden: 22016K(22016K)->0K(22016K) From: 43648K(69120K)->65696K(69120K)
[6.171s][info][gc,heap        ] GC(112) ParOldGen: 937103K(1026048K)->937103K(1026048K)
[6.171s][info][gc,metaspace   ] GC(112) Metaspace: 6301K(6464K)->6301K(6464K) NonClass: 5768K(5824K)->5768K(5824K) Class: 533K(640K)->533K(640K)
[6.171s][info][gc             ] GC(112) Pause Young (Allocation Failure) 979M->979M(1091M) 32.373ms
[6.171s][info][gc,cpu         ] GC(112) User=0.16s Sys=0.00s Real=0.03s
[6.196s][info][gc,start       ] GC(113) Pause Young (Allocation Failure)
[6.238s][info][gc,heap        ] GC(113) PSYoungGen: 87712K(91136K)->76288K(86528K) Eden: 22016K(22016K)->0K(10240K) From: 65696K(69120K)->76288K(76288K)
[6.238s][info][gc,heap        ] GC(113) ParOldGen: 937103K(1026048K)->948591K(1026048K)
[6.238s][info][gc,metaspace   ] GC(113) Metaspace: 6301K(6464K)->6301K(6464K) NonClass: 5768K(5824K)->5768K(5824K) Class: 533K(640K)->533K(640K)
[6.238s][info][gc             ] GC(113) Pause Young (Allocation Failure) 1000M->1000M(1086M) 42.096ms
[6.239s][info][gc,cpu         ] GC(113) User=0.25s Sys=0.00s Real=0.04s
[6.250s][info][gc,start       ] GC(114) Pause Young (Allocation Failure)
[6.290s][info][gc,heap        ] GC(114) PSYoungGen: 86528K(86528K)->50272K(60928K) Eden: 10240K(10240K)->0K(10240K) From: 76288K(76288K)->50272K(50688K)
[6.290s][info][gc,heap        ] GC(114) ParOldGen: 948591K(1026048K)->985391K(1026048K)
[6.290s][info][gc,metaspace   ] GC(114) Metaspace: 6301K(6464K)->6301K(6464K) NonClass: 5768K(5824K)->5768K(5824K) Class: 533K(640K)->533K(640K)
[6.290s][info][gc             ] GC(114) Pause Young (Allocation Failure) 1010M->1011M(1061M) 40.366ms
[6.290s][info][gc,cpu         ] GC(114) User=0.25s Sys=0.02s Real=0.04s
[6.302s][info][gc,start       ] GC(115) Pause Young (Allocation Failure)
[6.332s][info][gc,heap        ] GC(115) PSYoungGen: 60512K(60928K)->20640K(99840K) Eden: 10240K(10240K)->0K(11776K) From: 50272K(50688K)->20640K(88064K)
[6.332s][info][gc,heap        ] GC(115) ParOldGen: 985391K(1026048K)->1025855K(1026048K)
[6.332s][info][gc,metaspace   ] GC(115) Metaspace: 6301K(6464K)->6301K(6464K) NonClass: 5768K(5824K)->5768K(5824K) Class: 533K(640K)->533K(640K)
[6.332s][info][gc             ] GC(115) Pause Young (Allocation Failure) 1021M->1021M(1099M) 30.488ms
[6.332s][info][gc,cpu         ] GC(115) User=0.09s Sys=0.05s Real=0.03s
[6.332s][info][gc,start       ] GC(116) Pause Full (Ergonomics)
[6.332s][info][gc,phases,start] GC(116) Marking Phase
[6.555s][info][gc,phases      ] GC(116) Marking Phase 223.296ms
[6.556s][info][gc,phases,start] GC(116) Summary Phase
[6.556s][info][gc,phases      ] GC(116) Summary Phase 0.027ms
[6.556s][info][gc,phases,start] GC(116) Adjust Roots
[6.556s][info][gc,phases      ] GC(116) Adjust Roots 0.225ms
[6.556s][info][gc,phases,start] GC(116) Compaction Phase
[6.645s][info][gc,phases      ] GC(116) Compaction Phase 88.760ms
[6.645s][info][gc,phases,start] GC(116) Post Compact
[6.647s][info][gc,phases      ] GC(116) Post Compact 1.851ms
[6.647s][info][gc,heap        ] GC(116) PSYoungGen: 20640K(99840K)->18883K(99840K) Eden: 0K(11776K)->0K(11776K) From: 20640K(88064K)->18883K(88064K)
[6.647s][info][gc,heap        ] GC(116) ParOldGen: 1025855K(1026048K)->1025965K(1140736K)
[6.647s][info][gc,metaspace   ] GC(116) Metaspace: 6301K(6464K)->6301K(6464K) NonClass: 5768K(5824K)->5768K(5824K) Class: 533K(640K)->533K(640K)
[6.647s][info][gc             ] GC(116) Pause Full (Ergonomics) 1021M->1020M(1211M) 314.940ms
[6.647s][info][gc,cpu         ] GC(116) User=2.27s Sys=0.00s Real=0.31s
[6.660s][info][gc,start       ] GC(117) Pause Young (Allocation Failure)
[6.717s][info][gc,heap        ] GC(117) PSYoungGen: 30659K(99840K)->11904K(99840K) Eden: 11776K(11776K)->0K(11776K) From: 18883K(88064K)->11904K(88064K)
[6.717s][info][gc,heap        ] GC(117) ParOldGen: 1025965K(1140736K)->1045149K(1140736K)
[6.717s][info][gc,metaspace   ] GC(117) Metaspace: 6301K(6464K)->6301K(6464K) NonClass: 5768K(5824K)->5768K(5824K) Class: 533K(640K)->533K(640K)
[6.717s][info][gc             ] GC(117) Pause Young (Allocation Failure) 1031M->1032M(1211M) 56.492ms
[6.717s][info][gc,cpu         ] GC(117) User=0.39s Sys=0.00s Real=0.06s
[6.730s][info][gc,start       ] GC(118) Pause Young (Allocation Failure)
[6.746s][info][gc,heap        ] GC(118) PSYoungGen: 23680K(99840K)->11936K(101888K) Eden: 11776K(11776K)->0K(13312K) From: 11904K(88064K)->11936K(88576K)
[6.746s][info][gc,heap        ] GC(118) ParOldGen: 1045149K(1140736K)->1057085K(1140736K)
[6.746s][info][gc,metaspace   ] GC(118) Metaspace: 6301K(6464K)->6301K(6464K) NonClass: 5768K(5824K)->5768K(5824K) Class: 533K(640K)->533K(640K)
[6.746s][info][gc             ] GC(118) Pause Young (Allocation Failure) 1043M->1043M(1213M) 16.577ms
[6.746s][info][gc,cpu         ] GC(118) User=0.03s Sys=0.00s Real=0.02s
[6.761s][info][gc,start       ] GC(119) Pause Young (Allocation Failure)
[6.778s][info][gc,heap        ] GC(119) PSYoungGen: 25248K(101888K)->13408K(101888K) Eden: 13312K(13312K)->0K(13312K) From: 11936K(88576K)->13408K(88576K)
[6.778s][info][gc,heap        ] GC(119) ParOldGen: 1057085K(1140736K)->1069029K(1140736K)
[6.778s][info][gc,metaspace   ] GC(119) Metaspace: 6301K(6464K)->6301K(6464K) NonClass: 5768K(5824K)->5768K(5824K) Class: 533K(640K)->533K(640K)
[6.778s][info][gc             ] GC(119) Pause Young (Allocation Failure) 1056M->1057M(1213M) 17.168ms
[6.778s][info][gc,cpu         ] GC(119) User=0.03s Sys=0.00s Real=0.02s
[6.793s][info][gc,start       ] GC(120) Pause Young (Allocation Failure)
[6.810s][info][gc,heap        ] GC(120) PSYoungGen: 26720K(101888K)->13472K(99328K) Eden: 13312K(13312K)->0K(15360K) From: 13408K(88576K)->13472K(83968K)
[6.811s][info][gc,heap        ] GC(120) ParOldGen: 1069029K(1140736K)->1082525K(1140736K)
[6.811s][info][gc,metaspace   ] GC(120) Metaspace: 6301K(6464K)->6301K(6464K) NonClass: 5768K(5824K)->5768K(5824K) Class: 533K(640K)->533K(640K)
[6.811s][info][gc             ] GC(120) Pause Young (Allocation Failure) 1070M->1070M(1211M) 17.675ms
[6.811s][info][gc,cpu         ] GC(120) User=0.02s Sys=0.02s Real=0.02s
[6.827s][info][gc,start       ] GC(121) Pause Young (Allocation Failure)
[6.846s][info][gc,heap        ] GC(121) PSYoungGen: 28832K(99328K)->15488K(31232K) Eden: 15360K(15360K)->0K(15360K) From: 13472K(83968K)->15488K(15872K)
[6.846s][info][gc,heap        ] GC(121) ParOldGen: 1082525K(1140736K)->1096029K(1140736K)
[6.846s][info][gc,metaspace   ] GC(121) Metaspace: 6301K(6464K)->6301K(6464K) NonClass: 5768K(5824K)->5768K(5824K) Class: 533K(640K)->533K(640K)
[6.846s][info][gc             ] GC(121) Pause Young (Allocation Failure) 1085M->1085M(1144M) 18.878ms
[6.846s][info][gc,cpu         ] GC(121) User=0.03s Sys=0.00s Real=0.02s
[6.863s][info][gc,start       ] GC(122) Pause Young (Allocation Failure)
[6.882s][info][gc,heap        ] GC(122) PSYoungGen: 30848K(31232K)->15456K(95232K) Eden: 15360K(15360K)->0K(17408K) From: 15488K(15872K)->15456K(77824K)
[6.882s][info][gc,heap        ] GC(122) ParOldGen: 1096029K(1140736K)->1111605K(1140736K)
[6.882s][info][gc,metaspace   ] GC(122) Metaspace: 6301K(6464K)->6301K(6464K) NonClass: 5768K(5824K)->5768K(5824K) Class: 533K(640K)->533K(640K)
[6.882s][info][gc             ] GC(122) Pause Young (Allocation Failure) 1100M->1100M(1207M) 19.137ms
[6.882s][info][gc,cpu         ] GC(122) User=0.12s Sys=0.02s Real=0.02s
[6.882s][info][gc,start       ] GC(123) Pause Full (Ergonomics)
[6.882s][info][gc,phases,start] GC(123) Marking Phase
[7.146s][info][gc,phases      ] GC(123) Marking Phase 264.389ms
[7.146s][info][gc,phases,start] GC(123) Summary Phase
[7.146s][info][gc,phases      ] GC(123) Summary Phase 0.036ms
[7.146s][info][gc,phases,start] GC(123) Adjust Roots
[7.147s][info][gc,phases      ] GC(123) Adjust Roots 0.184ms
[7.147s][info][gc,phases,start] GC(123) Compaction Phase
[7.237s][info][gc,phases      ] GC(123) Compaction Phase 90.338ms
[7.237s][info][gc,phases,start] GC(123) Post Compact
[7.239s][info][gc,phases      ] GC(123) Post Compact 2.037ms
[7.240s][info][gc,heap        ] GC(123) PSYoungGen: 15456K(95232K)->0K(97792K) Eden: 0K(17408K)->0K(17408K) From: 15456K(77824K)->0K(80384K)
[7.240s][info][gc,heap        ] GC(123) ParOldGen: 1111605K(1140736K)->1125560K(1239040K)
[7.240s][info][gc,metaspace   ] GC(123) Metaspace: 6301K(6464K)->6301K(6464K) NonClass: 5768K(5824K)->5768K(5824K) Class: 533K(640K)->533K(640K)
[7.240s][info][gc             ] GC(123) Pause Full (Ergonomics) 1100M->1099M(1305M) 357.828ms
[7.240s][info][gc,cpu         ] GC(123) User=2.47s Sys=0.00s Real=0.36s
[7.258s][info][gc,start       ] GC(124) Pause Young (Allocation Failure)
[7.274s][info][gc,heap        ] GC(124) PSYoungGen: 17408K(97792K)->17472K(93696K) Eden: 17408K(17408K)->0K(19456K) From: 0K(80384K)->17472K(74240K)
[7.274s][info][gc,heap        ] GC(124) ParOldGen: 1125560K(1239040K)->1125560K(1239040K)
[7.274s][info][gc,metaspace   ] GC(124) Metaspace: 6301K(6464K)->6301K(6464K) NonClass: 5768K(5824K)->5768K(5824K) Class: 533K(640K)->533K(640K)
[7.274s][info][gc             ] GC(124) Pause Young (Allocation Failure) 1116M->1116M(1301M) 15.351ms
[7.274s][info][gc,cpu         ] GC(124) User=0.02s Sys=0.00s Real=0.02s
[7.296s][info][gc,start       ] GC(125) Pause Young (Allocation Failure)
[7.316s][info][gc,heap        ] GC(125) PSYoungGen: 36928K(93696K)->36992K(96768K) Eden: 19456K(19456K)->0K(19456K) From: 17472K(74240K)->36992K(77312K)
[7.316s][info][gc,heap        ] GC(125) ParOldGen: 1125560K(1239040K)->1125560K(1239040K)
[7.316s][info][gc,metaspace   ] GC(125) Metaspace: 6301K(6464K)->6301K(6464K) NonClass: 5768K(5824K)->5768K(5824K) Class: 533K(640K)->533K(640K)
[7.316s][info][gc             ] GC(125) Pause Young (Allocation Failure) 1135M->1135M(1304M) 20.417ms
[7.316s][info][gc,cpu         ] GC(125) User=0.12s Sys=0.00s Real=0.02s
[7.338s][info][gc,start       ] GC(126) Pause Young (Allocation Failure)
[7.366s][info][gc,heap        ] GC(126) PSYoungGen: 56448K(96768K)->56448K(91648K) Eden: 19456K(19456K)->0K(15872K) From: 36992K(77312K)->56448K(75776K)
[7.367s][info][gc,heap        ] GC(126) ParOldGen: 1125560K(1239040K)->1125560K(1239040K)
[7.367s][info][gc,metaspace   ] GC(126) Metaspace: 6301K(6464K)->6301K(6464K) NonClass: 5768K(5824K)->5768K(5824K) Class: 533K(640K)->533K(640K)
[7.367s][info][gc             ] GC(126) Pause Young (Allocation Failure) 1154M->1154M(1299M) 28.617ms
[7.367s][info][gc,cpu         ] GC(126) User=0.12s Sys=0.00s Real=0.03s
[7.385s][info][gc,start       ] GC(127) Pause Young (Allocation Failure)
[7.420s][info][gc,heap        ] GC(127) PSYoungGen: 72320K(91648K)->72320K(97280K) Eden: 15872K(15872K)->0K(15872K) From: 56448K(75776K)->72320K(81408K)
[7.420s][info][gc,heap        ] GC(127) ParOldGen: 1125560K(1239040K)->1125560K(1239040K)
[7.420s][info][gc,metaspace   ] GC(127) Metaspace: 6301K(6464K)->6301K(6464K) NonClass: 5768K(5824K)->5768K(5824K) Class: 533K(640K)->533K(640K)
[7.420s][info][gc             ] GC(127) Pause Young (Allocation Failure) 1169M->1169M(1305M) 34.855ms
[7.420s][info][gc,cpu         ] GC(127) User=0.14s Sys=0.00s Real=0.04s
[7.439s][info][gc,start       ] GC(128) Pause Young (Allocation Failure)
[7.482s][info][gc,heap        ] GC(128) PSYoungGen: 88192K(97280K)->70816K(102400K) Eden: 15872K(15872K)->0K(10752K) From: 72320K(81408K)->70816K(91648K)
[7.482s][info][gc,heap        ] GC(128) ParOldGen: 1125560K(1239040K)->1143200K(1239040K)
[7.482s][info][gc,metaspace   ] GC(128) Metaspace: 6301K(6464K)->6301K(6464K) NonClass: 5768K(5824K)->5768K(5824K) Class: 533K(640K)->533K(640K)
[7.482s][info][gc             ] GC(128) Pause Young (Allocation Failure) 1185M->1185M(1310M) 43.122ms
[7.482s][info][gc,cpu         ] GC(128) User=0.27s Sys=0.00s Real=0.04s
[7.495s][info][gc,start       ] GC(129) Pause Young (Allocation Failure)
[7.536s][info][gc,heap        ] GC(129) PSYoungGen: 81568K(102400K)->62080K(109568K) Eden: 10752K(10752K)->0K(10752K) From: 70816K(91648K)->62080K(98816K)
[7.536s][info][gc,heap        ] GC(129) ParOldGen: 1143200K(1239040K)->1162912K(1239040K)
[7.536s][info][gc,metaspace   ] GC(129) Metaspace: 6301K(6464K)->6301K(6464K) NonClass: 5768K(5824K)->5768K(5824K) Class: 533K(640K)->533K(640K)
[7.536s][info][gc             ] GC(129) Pause Young (Allocation Failure) 1196M->1196M(1317M) 40.737ms
[7.536s][info][gc,cpu         ] GC(129) User=0.23s Sys=0.02s Real=0.04s
[7.549s][info][gc,start       ] GC(130) Pause Young (Allocation Failure)
[7.585s][info][gc,heap        ] GC(130) PSYoungGen: 72832K(109568K)->37504K(103936K) Eden: 10752K(10752K)->0K(12800K) From: 62080K(98816K)->37504K(91136K)
[7.585s][info][gc,heap        ] GC(130) ParOldGen: 1162912K(1239040K)->1198688K(1239040K)
[7.586s][info][gc,metaspace   ] GC(130) Metaspace: 6301K(6464K)->6301K(6464K) NonClass: 5768K(5824K)->5768K(5824K) Class: 533K(640K)->533K(640K)
[7.586s][info][gc             ] GC(130) Pause Young (Allocation Failure) 1206M->1207M(1311M) 36.803ms
[7.586s][info][gc,cpu         ] GC(130) User=0.25s Sys=0.02s Real=0.04s
[7.602s][info][gc,start       ] GC(131) Pause Young (Allocation Failure)
[7.629s][info][gc,heap        ] GC(131) PSYoungGen: 50304K(103936K)->23648K(36864K) Eden: 12800K(12800K)->0K(12800K) From: 37504K(91136K)->23648K(24064K)
[7.629s][info][gc,heap        ] GC(131) ParOldGen: 1198688K(1239040K)->1225664K(1239040K)
[7.629s][info][gc,metaspace   ] GC(131) Metaspace: 6301K(6464K)->6301K(6464K) NonClass: 5768K(5824K)->5768K(5824K) Class: 533K(640K)->533K(640K)
[7.629s][info][gc             ] GC(131) Pause Young (Allocation Failure) 1219M->1220M(1246M) 27.116ms
[7.629s][info][gc,cpu         ] GC(131) User=0.12s Sys=0.00s Real=0.03s
[7.629s][info][gc,start       ] GC(132) Pause Full (Ergonomics)
[7.629s][info][gc,phases,start] GC(132) Marking Phase
[7.903s][info][gc,phases      ] GC(132) Marking Phase 274.545ms
[7.903s][info][gc,phases,start] GC(132) Summary Phase
[7.903s][info][gc,phases      ] GC(132) Summary Phase 0.026ms
[7.903s][info][gc,phases,start] GC(132) Adjust Roots
[7.904s][info][gc,phases      ] GC(132) Adjust Roots 0.148ms
[7.904s][info][gc,phases,start] GC(132) Compaction Phase
[8.001s][info][gc,phases      ] GC(132) Compaction Phase 97.637ms
[8.001s][info][gc,phases,start] GC(132) Post Compact
[8.003s][info][gc,phases      ] GC(132) Post Compact 1.992ms
[8.004s][info][gc,heap        ] GC(132) PSYoungGen: 23648K(36864K)->8673K(36864K) Eden: 0K(12800K)->0K(12800K) From: 23648K(24064K)->8673K(24064K)
[8.004s][info][gc,heap        ] GC(132) ParOldGen: 1225664K(1239040K)->1238992K(1369600K)
[8.004s][info][gc,metaspace   ] GC(132) Metaspace: 6301K(6464K)->6301K(6464K) NonClass: 5768K(5824K)->5768K(5824K) Class: 533K(640K)->533K(640K)
[8.004s][info][gc             ] GC(132) Pause Full (Ergonomics) 1220M->1218M(1373M) 375.077ms
[8.004s][info][gc,cpu         ] GC(132) User=2.77s Sys=0.03s Real=0.38s
[8.019s][info][gc,start       ] GC(133) Pause Young (Allocation Failure)
[8.083s][info][gc,heap        ] GC(133) PSYoungGen: 21473K(36864K)->12960K(105472K) Eden: 12800K(12800K)->0K(14336K) From: 8673K(24064K)->12960K(91136K)
[8.083s][info][gc,heap        ] GC(133) ParOldGen: 1238992K(1369600K)->1247800K(1369600K)
[8.083s][info][gc,metaspace   ] GC(133) Metaspace: 6301K(6464K)->6301K(6464K) NonClass: 5768K(5824K)->5768K(5824K) Class: 533K(640K)->533K(640K)
[8.083s][info][gc             ] GC(133) Pause Young (Allocation Failure) 1230M->1231M(1440M) 63.883ms
[8.083s][info][gc,cpu         ] GC(133) User=0.39s Sys=0.00s Real=0.06s
[8.100s][info][gc,start       ] GC(134) Pause Young (Allocation Failure)
[8.118s][info][gc,heap        ] GC(134) PSYoungGen: 27296K(105472K)->14432K(107008K) Eden: 14336K(14336K)->0K(14336K) From: 12960K(91136K)->14432K(92672K)
[8.118s][info][gc,heap        ] GC(134) ParOldGen: 1247800K(1369600K)->1260776K(1369600K)
[8.118s][info][gc,metaspace   ] GC(134) Metaspace: 6301K(6464K)->6301K(6464K) NonClass: 5768K(5824K)->5768K(5824K) Class: 533K(640K)->533K(640K)
[8.118s][info][gc             ] GC(134) Pause Young (Allocation Failure) 1245M->1245M(1442M) 18.852ms
[8.118s][info][gc,cpu         ] GC(134) User=0.00s Sys=0.02s Real=0.02s
[8.135s][info][gc,start       ] GC(135) Pause Young (Allocation Failure)
[8.155s][info][gc,heap        ] GC(135) PSYoungGen: 28768K(107008K)->14464K(102400K) Eden: 14336K(14336K)->0K(16384K) From: 14432K(92672K)->14464K(86016K)
[8.155s][info][gc,heap        ] GC(135) ParOldGen: 1260776K(1369600K)->1275304K(1369600K)
[8.155s][info][gc,metaspace   ] GC(135) Metaspace: 6301K(6464K)->6301K(6464K) NonClass: 5768K(5824K)->5768K(5824K) Class: 533K(640K)->533K(640K)
[8.155s][info][gc             ] GC(135) Pause Young (Allocation Failure) 1259M->1259M(1437M) 19.544ms
[8.155s][info][gc,cpu         ] GC(135) User=0.11s Sys=0.02s Real=0.02s
[8.175s][info][gc,start       ] GC(136) Pause Young (Allocation Failure)
[8.195s][info][gc,heap        ] GC(136) PSYoungGen: 30848K(102400K)->14496K(31232K) Eden: 16384K(16384K)->0K(16384K) From: 14464K(86016K)->14496K(14848K)
[8.195s][info][gc,heap        ] GC(136) ParOldGen: 1275304K(1369600K)->1289840K(1369600K)
[8.195s][info][gc,metaspace   ] GC(136) Metaspace: 6301K(6464K)->6301K(6464K) NonClass: 5768K(5824K)->5768K(5824K) Class: 533K(640K)->533K(640K)
[8.195s][info][gc             ] GC(136) Pause Young (Allocation Failure) 1275M->1273M(1368M) 19.688ms
[8.195s][info][gc,cpu         ] GC(136) User=0.12s Sys=0.00s Real=0.02s
[8.207s][info][gc,start       ] GC(137) Pause Young (Allocation Failure)
[8.224s][info][gc,heap        ] GC(137) PSYoungGen: 30880K(31232K)->8608K(101376K) Eden: 16384K(16384K)->0K(18432K) From: 14496K(14848K)->8608K(82944K)
[8.225s][info][gc,heap        ] GC(137) ParOldGen: 1289840K(1369600K)->1304400K(1369600K)
[8.225s][info][gc,metaspace   ] GC(137) Metaspace: 6301K(6464K)->6301K(6464K) NonClass: 5768K(5824K)->5768K(5824K) Class: 533K(640K)->533K(640K)
[8.225s][info][gc             ] GC(137) Pause Young (Allocation Failure) 1289M->1282M(1436M) 17.296ms
[8.225s][info][gc,cpu         ] GC(137) User=0.05s Sys=0.00s Real=0.02s
[8.240s][info][gc,start       ] GC(138) Pause Young (Allocation Failure)
[8.256s][info][gc,heap        ] GC(138) PSYoungGen: 27040K(101376K)->10112K(102912K) Eden: 18432K(18432K)->0K(18432K) From: 8608K(82944K)->10112K(84480K)
[8.256s][info][gc,heap        ] GC(138) ParOldGen: 1304400K(1369600K)->1313024K(1369600K)
[8.256s][info][gc,metaspace   ] GC(138) Metaspace: 6301K(6464K)->6301K(6464K) NonClass: 5768K(5824K)->5768K(5824K) Class: 533K(640K)->533K(640K)
[8.256s][info][gc             ] GC(138) Pause Young (Allocation Failure) 1300M->1292M(1438M) 16.714ms
[8.256s][info][gc,cpu         ] GC(138) User=0.05s Sys=0.00s Real=0.02s
[8.279s][info][gc,start       ] GC(139) Pause Young (Allocation Failure)
[8.300s][info][gc,heap        ] GC(139) PSYoungGen: 28544K(102912K)->18528K(94720K) Eden: 18432K(18432K)->0K(20992K) From: 10112K(84480K)->18528K(73728K)
[8.300s][info][gc,heap        ] GC(139) ParOldGen: 1313024K(1369600K)->1323208K(1369600K)
[8.300s][info][gc,metaspace   ] GC(139) Metaspace: 6301K(6464K)->6301K(6464K) NonClass: 5768K(5824K)->5768K(5824K) Class: 533K(640K)->533K(640K)
[8.300s][info][gc             ] GC(139) Pause Young (Allocation Failure) 1310M->1310M(1430M) 21.118ms
[8.300s][info][gc,cpu         ] GC(139) User=0.05s Sys=0.00s Real=0.02s
[8.327s][info][gc,start       ] GC(140) Pause Young (Allocation Failure)
[8.352s][info][gc,heap        ] GC(140) PSYoungGen: 39520K(94720K)->21184K(42496K) Eden: 20992K(20992K)->0K(20992K) From: 18528K(73728K)->21184K(21504K)
[8.352s][info][gc,heap        ] GC(140) ParOldGen: 1323208K(1369600K)->1341904K(1369600K)
[8.352s][info][gc,metaspace   ] GC(140) Metaspace: 6301K(6464K)->6301K(6464K) NonClass: 5768K(5824K)->5768K(5824K) Class: 533K(640K)->533K(640K)
[8.352s][info][gc             ] GC(140) Pause Young (Allocation Failure) 1330M->1331M(1379M) 24.985ms
[8.352s][info][gc,cpu         ] GC(140) User=0.11s Sys=0.02s Real=0.03s
[8.352s][info][gc,start       ] GC(141) Pause Full (Ergonomics)
[8.352s][info][gc,phases,start] GC(141) Marking Phase
[8.662s][info][gc,phases      ] GC(141) Marking Phase 309.890ms
[8.662s][info][gc,phases,start] GC(141) Summary Phase
[8.662s][info][gc,phases      ] GC(141) Summary Phase 0.046ms
[8.662s][info][gc,phases,start] GC(141) Adjust Roots
[8.663s][info][gc,phases      ] GC(141) Adjust Roots 0.199ms
[8.663s][info][gc,phases,start] GC(141) Compaction Phase
[8.769s][info][gc,phases      ] GC(141) Compaction Phase 106.107ms
[8.769s][info][gc,phases,start] GC(141) Post Compact
[8.771s][info][gc,phases      ] GC(141) Post Compact 2.395ms
[8.772s][info][gc,heap        ] GC(141) PSYoungGen: 21184K(42496K)->0K(96768K) Eden: 0K(20992K)->0K(23552K) From: 21184K(21504K)->0K(73216K)
[8.772s][info][gc,heap        ] GC(141) ParOldGen: 1341904K(1369600K)->1361204K(1491968K)
[8.772s][info][gc,metaspace   ] GC(141) Metaspace: 6301K(6464K)->6301K(6464K) NonClass: 5768K(5824K)->5768K(5824K) Class: 533K(640K)->533K(640K)
[8.772s][info][gc             ] GC(141) Pause Full (Ergonomics) 1331M->1329M(1551M) 419.395ms
[8.772s][info][gc,cpu         ] GC(141) User=3.14s Sys=0.00s Real=0.42s
[8.801s][info][gc,start       ] GC(142) Pause Young (Allocation Failure)
[8.818s][info][gc,heap        ] GC(142) PSYoungGen: 23552K(96768K)->23680K(47616K) Eden: 23552K(23552K)->0K(23552K) From: 0K(73216K)->23680K(24064K)
[8.818s][info][gc,heap        ] GC(142) ParOldGen: 1361204K(1491968K)->1361204K(1491968K)
[8.818s][info][gc,metaspace   ] GC(142) Metaspace: 6301K(6464K)->6301K(6464K) NonClass: 5768K(5824K)->5768K(5824K) Class: 533K(640K)->533K(640K)
[8.818s][info][gc             ] GC(142) Pause Young (Allocation Failure) 1352M->1352M(1503M) 17.058ms
[8.818s][info][gc,cpu         ] GC(142) User=0.03s Sys=0.00s Real=0.02s
[8.847s][info][gc,start       ] GC(143) Pause Young (Allocation Failure)
[8.873s][info][gc,heap        ] GC(143) PSYoungGen: 47232K(47616K)->47264K(91648K) Eden: 23552K(23552K)->0K(22528K) From: 23680K(24064K)->47264K(69120K)
[8.873s][info][gc,heap        ] GC(143) ParOldGen: 1361204K(1491968K)->1361204K(1491968K)
[8.873s][info][gc,metaspace   ] GC(143) Metaspace: 6301K(6464K)->6301K(6464K) NonClass: 5768K(5824K)->5768K(5824K) Class: 533K(640K)->533K(640K)
[8.873s][info][gc             ] GC(143) Pause Young (Allocation Failure) 1375M->1375M(1546M) 26.454ms
[8.873s][info][gc,cpu         ] GC(143) User=0.14s Sys=0.00s Real=0.03s
[9.137s][info][gc,start       ] GC(144) Pause Young (Allocation Failure)
[9.205s][info][gc,heap        ] GC(144) PSYoungGen: 69792K(91648K)->69792K(95232K) Eden: 22528K(22528K)->0K(22528K) From: 47264K(69120K)->69792K(72704K)
[9.205s][info][gc,heap        ] GC(144) ParOldGen: 1426740K(1491968K)->1426740K(1491968K)
[9.205s][info][gc,metaspace   ] GC(144) Metaspace: 6301K(6464K)->6301K(6464K) NonClass: 5768K(5824K)->5768K(5824K) Class: 533K(640K)->533K(640K)
[9.205s][info][gc             ] GC(144) Pause Young (Allocation Failure) 1461M->1461M(1550M) 67.897ms
[9.205s][info][gc,cpu         ] GC(144) User=0.34s Sys=0.00s Real=0.07s
[9.227s][info][gc,start       ] GC(145) Pause Young (Allocation Failure)
[9.272s][info][gc,heap        ] GC(145) PSYoungGen: 92320K(95232K)->83968K(91136K) Eden: 22528K(22528K)->0K(7168K) From: 69792K(72704K)->83968K(83968K)
[9.272s][info][gc,heap        ] GC(145) ParOldGen: 1426740K(1491968K)->1435132K(1491968K)
[9.272s][info][gc,metaspace   ] GC(145) Metaspace: 6301K(6464K)->6301K(6464K) NonClass: 5768K(5824K)->5768K(5824K) Class: 533K(640K)->533K(640K)
[9.272s][info][gc             ] GC(145) Pause Young (Allocation Failure) 1483M->1483M(1546M) 44.610ms
[9.272s][info][gc,cpu         ] GC(145) User=0.17s Sys=0.02s Real=0.04s
[9.279s][info][gc,start       ] GC(146) Pause Young (Allocation Failure)
[9.321s][info][gc,heap        ] GC(146) PSYoungGen: 91136K(91136K)->49344K(56832K) Eden: 7168K(7168K)->0K(7168K) From: 83968K(83968K)->49344K(49664K)
[9.321s][info][gc,heap        ] GC(146) ParOldGen: 1435132K(1491968K)->1477468K(1491968K)
[9.321s][info][gc,metaspace   ] GC(146) Metaspace: 6301K(6464K)->6301K(6464K) NonClass: 5768K(5824K)->5768K(5824K) Class: 533K(640K)->533K(640K)
[9.321s][info][gc             ] GC(146) Pause Young (Allocation Failure) 1490M->1491M(1512M) 42.644ms
[9.321s][info][gc,cpu         ] GC(146) User=0.27s Sys=0.00s Real=0.04s
[9.321s][info][gc,start       ] GC(147) Pause Full (Ergonomics)
[9.321s][info][gc,phases,start] GC(147) Marking Phase
[9.655s][info][gc,phases      ] GC(147) Marking Phase 333.753ms
[9.655s][info][gc,phases,start] GC(147) Summary Phase
[9.655s][info][gc,phases      ] GC(147) Summary Phase 0.032ms
[9.655s][info][gc,phases,start] GC(147) Adjust Roots
[9.656s][info][gc,phases      ] GC(147) Adjust Roots 0.229ms
[9.656s][info][gc,phases,start] GC(147) Compaction Phase
[9.997s][info][gc,phases      ] GC(147) Compaction Phase 341.822ms
[9.997s][info][gc,phases,start] GC(147) Post Compact
[10.000s][info][gc,phases      ] GC(147) Post Compact 2.973ms
[10.001s][info][gc,heap        ] GC(147) PSYoungGen: 49344K(56832K)->1619K(56832K) Eden: 0K(7168K)->0K(7168K) From: 49344K(49664K)->1619K(49664K)
[10.001s][info][gc,heap        ] GC(147) ParOldGen: 1477468K(1491968K)->1491530K(1639424K)
[10.001s][info][gc,metaspace   ] GC(147) Metaspace: 6301K(6464K)->6301K(6464K) NonClass: 5768K(5824K)->5768K(5824K) Class: 533K(640K)->533K(640K)
[10.001s][info][gc             ] GC(147) Pause Full (Ergonomics) 1491M->1458M(1656M) 679.646ms
[10.001s][info][gc,cpu         ] GC(147) User=4.75s Sys=0.02s Real=0.68s
[10.009s][info][gc,start       ] GC(148) Pause Young (Allocation Failure)
[10.082s][info][gc,heap        ] GC(148) PSYoungGen: 8787K(56832K)->7296K(105472K) Eden: 7168K(7168K)->0K(8192K) From: 1619K(49664K)->7296K(97280K)
[10.083s][info][gc,heap        ] GC(148) ParOldGen: 1491530K(1639424K)->1493218K(1639424K)
[10.083s][info][gc,metaspace   ] GC(148) Metaspace: 6301K(6464K)->6301K(6464K) NonClass: 5768K(5824K)->5768K(5824K) Class: 533K(640K)->533K(640K)
[10.083s][info][gc             ] GC(148) Pause Young (Allocation Failure) 1465M->1465M(1704M) 73.097ms
[10.083s][info][gc,cpu         ] GC(148) User=0.39s Sys=0.00s Real=0.07s
[10.090s][info][gc,start       ] GC(149) Pause Young (Allocation Failure)
[10.110s][info][gc,heap        ] GC(149) PSYoungGen: 15488K(105472K)->15488K(24064K) Eden: 8192K(8192K)->0K(8192K) From: 7296K(97280K)->15488K(15872K)
[10.111s][info][gc,heap        ] GC(149) ParOldGen: 1493218K(1639424K)->1493218K(1639424K)
[10.111s][info][gc,metaspace   ] GC(149) Metaspace: 6301K(6464K)->6301K(6464K) NonClass: 5768K(5824K)->5768K(5824K) Class: 533K(640K)->533K(640K)
[10.111s][info][gc             ] GC(149) Pause Young (Allocation Failure) 1473M->1473M(1624M) 20.574ms
[10.111s][info][gc,cpu         ] GC(149) User=0.03s Sys=0.00s Real=0.02s
[10.118s][info][gc,start       ] GC(150) Pause Young (Allocation Failure)
[10.142s][info][gc,heap        ] GC(150) PSYoungGen: 23680K(24064K)->23648K(96256K) Eden: 8192K(8192K)->0K(9728K) From: 15488K(15872K)->23648K(86528K)
[10.142s][info][gc,heap        ] GC(150) ParOldGen: 1493218K(1639424K)->1493218K(1639424K)
[10.142s][info][gc,metaspace   ] GC(150) Metaspace: 6301K(6464K)->6301K(6464K) NonClass: 5768K(5824K)->5768K(5824K) Class: 533K(640K)->533K(640K)
[10.142s][info][gc             ] GC(150) Pause Young (Allocation Failure) 1481M->1481M(1695M) 23.470ms
[10.142s][info][gc,cpu         ] GC(150) User=0.03s Sys=0.02s Real=0.02s
[10.151s][info][gc,start       ] GC(151) Pause Young (Allocation Failure)
[10.176s][info][gc,heap        ] GC(151) PSYoungGen: 33376K(96256K)->33440K(43520K) Eden: 9728K(9728K)->0K(9728K) From: 23648K(86528K)->33440K(33792K)
[10.176s][info][gc,heap        ] GC(151) ParOldGen: 1493218K(1639424K)->1493218K(1639424K)
[10.176s][info][gc,metaspace   ] GC(151) Metaspace: 6301K(6464K)->6301K(6464K) NonClass: 5768K(5824K)->5768K(5824K) Class: 533K(640K)->533K(640K)
[10.176s][info][gc             ] GC(151) Pause Young (Allocation Failure) 1490M->1490M(1643M) 25.112ms
[10.176s][info][gc,cpu         ] GC(151) User=0.03s Sys=0.00s Real=0.02s
[10.186s][info][gc,start       ] GC(152) Pause Young (Allocation Failure)
[10.213s][info][gc,heap        ] GC(152) PSYoungGen: 43168K(43520K)->27744K(88576K) Eden: 9728K(9728K)->0K(11264K) From: 33440K(33792K)->27744K(77312K)
[10.213s][info][gc,heap        ] GC(152) ParOldGen: 1493218K(1639424K)->1508746K(1639424K)
[10.213s][info][gc,metaspace   ] GC(152) Metaspace: 6301K(6464K)->6301K(6464K) NonClass: 5768K(5824K)->5768K(5824K) Class: 533K(640K)->533K(640K)
[10.213s][info][gc             ] GC(152) Pause Young (Allocation Failure) 1500M->1500M(1687M) 27.849ms
[10.214s][info][gc,cpu         ] GC(152) User=0.05s Sys=0.00s Real=0.03s
[10.225s][info][gc,start       ] GC(153) Pause Young (Allocation Failure)
[10.252s][info][gc,heap        ] GC(153) PSYoungGen: 39008K(88576K)->21088K(32768K) Eden: 11264K(11264K)->0K(11264K) From: 27744K(77312K)->21088K(21504K)
[10.252s][info][gc,heap        ] GC(153) ParOldGen: 1508746K(1639424K)->1526866K(1639424K)
[10.252s][info][gc,metaspace   ] GC(153) Metaspace: 6301K(6464K)->6301K(6464K) NonClass: 5768K(5824K)->5768K(5824K) Class: 533K(640K)->533K(640K)
[10.252s][info][gc             ] GC(153) Pause Young (Allocation Failure) 1511M->1511M(1633M) 27.618ms
[10.252s][info][gc,cpu         ] GC(153) User=0.02s Sys=0.00s Real=0.03s
[10.264s][info][gc,start       ] GC(154) Pause Young (Allocation Failure)
[10.288s][info][gc,heap        ] GC(154) PSYoungGen: 32352K(32768K)->11392K(88576K) Eden: 11264K(11264K)->0K(13312K) From: 21088K(21504K)->11392K(75264K)
[10.288s][info][gc,heap        ] GC(154) ParOldGen: 1526866K(1639424K)->1548130K(1639424K)
[10.288s][info][gc,metaspace   ] GC(154) Metaspace: 6301K(6464K)->6301K(6464K) NonClass: 5768K(5824K)->5768K(5824K) Class: 533K(640K)->533K(640K)
[10.288s][info][gc             ] GC(154) Pause Young (Allocation Failure) 1522M->1522M(1687M) 24.298ms
[10.288s][info][gc,cpu         ] GC(154) User=0.03s Sys=0.00s Real=0.02s
[10.302s][info][gc,start       ] GC(155) Pause Young (Allocation Failure)
[10.324s][info][gc,heap        ] GC(155) PSYoungGen: 24704K(88576K)->13472K(90112K) Eden: 13312K(13312K)->0K(13312K) From: 11392K(75264K)->13472K(76800K)
[10.324s][info][gc,heap        ] GC(155) ParOldGen: 1548130K(1639424K)->1559546K(1639424K)
[10.324s][info][gc,metaspace   ] GC(155) Metaspace: 6301K(6464K)->6301K(6464K) NonClass: 5768K(5824K)->5768K(5824K) Class: 533K(640K)->533K(640K)
[10.324s][info][gc             ] GC(155) Pause Young (Allocation Failure) 1535M->1536M(1689M) 22.677ms
[10.324s][info][gc,cpu         ] GC(155) User=0.03s Sys=0.00s Real=0.02s
[10.338s][info][gc,start       ] GC(156) Pause Young (Allocation Failure)
[10.363s][info][gc,heap        ] GC(156) PSYoungGen: 26784K(90112K)->13440K(86016K) Eden: 13312K(13312K)->0K(15360K) From: 13472K(76800K)->13440K(70656K)
[10.363s][info][gc,heap        ] GC(156) ParOldGen: 1559546K(1639424K)->1573042K(1639424K)
[10.363s][info][gc,metaspace   ] GC(156) Metaspace: 6301K(6464K)->6301K(6464K) NonClass: 5768K(5824K)->5768K(5824K) Class: 533K(640K)->533K(640K)
[10.363s][info][gc             ] GC(156) Pause Young (Allocation Failure) 1549M->1549M(1685M) 25.017ms
[10.363s][info][gc,cpu         ] GC(156) User=0.03s Sys=0.00s Real=0.03s
[10.378s][info][gc,start       ] GC(157) Pause Young (Allocation Failure)
[10.403s][info][gc,heap        ] GC(157) PSYoungGen: 28800K(86016K)->15488K(31232K) Eden: 15360K(15360K)->0K(15360K) From: 13440K(70656K)->15488K(15872K)
[10.403s][info][gc,heap        ] GC(157) ParOldGen: 1573042K(1639424K)->1586538K(1639424K)
[10.403s][info][gc,metaspace   ] GC(157) Metaspace: 6301K(6464K)->6301K(6464K) NonClass: 5768K(5824K)->5768K(5824K) Class: 533K(640K)->533K(640K)
[10.403s][info][gc             ] GC(157) Pause Young (Allocation Failure) 1564M->1564M(1631M) 24.664ms
[10.403s][info][gc,cpu         ] GC(157) User=0.05s Sys=0.00s Real=0.03s
[10.417s][info][gc,start       ] GC(158) Pause Young (Allocation Failure)
[10.442s][info][gc,heap        ] GC(158) PSYoungGen: 30848K(31232K)->15456K(81920K) Eden: 15360K(15360K)->0K(17408K) From: 15488K(15872K)->15456K(64512K)
[10.443s][info][gc,heap        ] GC(158) ParOldGen: 1586538K(1639424K)->1602106K(1639424K)
[10.443s][info][gc,metaspace   ] GC(158) Metaspace: 6301K(6464K)->6301K(6464K) NonClass: 5768K(5824K)->5768K(5824K) Class: 533K(640K)->533K(640K)
[10.443s][info][gc             ] GC(158) Pause Young (Allocation Failure) 1579M->1579M(1681M) 25.167ms
[10.443s][info][gc,cpu         ] GC(158) User=0.03s Sys=0.00s Real=0.03s
[10.459s][info][gc,start       ] GC(159) Pause Young (Allocation Failure)
[10.486s][info][gc,heap        ] GC(159) PSYoungGen: 32864K(81920K)->17568K(35328K) Eden: 17408K(17408K)->0K(17408K) From: 15456K(64512K)->17568K(17920K)
[10.486s][info][gc,heap        ] GC(159) ParOldGen: 1602106K(1639424K)->1617666K(1639424K)
[10.486s][info][gc,metaspace   ] GC(159) Metaspace: 6301K(6464K)->6301K(6464K) NonClass: 5768K(5824K)->5768K(5824K) Class: 533K(640K)->533K(640K)
[10.486s][info][gc             ] GC(159) Pause Young (Allocation Failure) 1596M->1596M(1635M) 26.816ms
[10.486s][info][gc,cpu         ] GC(159) User=0.05s Sys=0.00s Real=0.03s
[10.486s][info][gc,start       ] GC(160) Pause Full (Ergonomics)
[10.486s][info][gc,phases,start] GC(160) Marking Phase
[10.862s][info][gc,phases      ] GC(160) Marking Phase 376.104ms
[10.862s][info][gc,phases,start] GC(160) Summary Phase
[10.862s][info][gc,phases      ] GC(160) Summary Phase 0.051ms
[10.862s][info][gc,phases,start] GC(160) Adjust Roots
[10.862s][info][gc,phases      ] GC(160) Adjust Roots 0.162ms
[10.862s][info][gc,phases,start] GC(160) Compaction Phase
[11.038s][info][gc,phases      ] GC(160) Compaction Phase 175.546ms
[11.038s][info][gc,phases,start] GC(160) Post Compact
[11.041s][info][gc,phases      ] GC(160) Post Compact 2.813ms
[11.041s][info][gc,heap        ] GC(160) PSYoungGen: 17568K(35328K)->0K(83968K) Eden: 0K(17408K)->0K(19968K) From: 17568K(17920K)->0K(64000K)
[11.041s][info][gc,heap        ] GC(160) ParOldGen: 1617666K(1639424K)->1633081K(1787904K)
[11.041s][info][gc,metaspace   ] GC(160) Metaspace: 6301K(6464K)->6301K(6464K) NonClass: 5768K(5824K)->5768K(5824K) Class: 533K(640K)->533K(640K)
[11.041s][info][gc             ] GC(160) Pause Full (Ergonomics) 1596M->1594M(1828M) 555.687ms
[11.042s][info][gc,cpu         ] GC(160) User=3.70s Sys=0.00s Real=0.56s
[11.063s][info][gc,start       ] GC(161) Pause Young (Allocation Failure)
[11.084s][info][gc,heap        ] GC(161) PSYoungGen: 19968K(83968K)->20128K(40448K) Eden: 19968K(19968K)->0K(19968K) From: 0K(64000K)->20128K(20480K)
[11.084s][info][gc,heap        ] GC(161) ParOldGen: 1633081K(1787904K)->1633081K(1787904K)
[11.084s][info][gc,metaspace   ] GC(161) Metaspace: 6301K(6464K)->6301K(6464K) NonClass: 5768K(5824K)->5768K(5824K) Class: 533K(640K)->533K(640K)
[11.084s][info][gc             ] GC(161) Pause Young (Allocation Failure) 1614M->1614M(1785M) 20.914ms
[11.084s][info][gc,cpu         ] GC(161) User=0.03s Sys=0.02s Real=0.02s
[11.104s][info][gc,start       ] GC(162) Pause Young (Allocation Failure)
[11.130s][info][gc,heap        ] GC(162) PSYoungGen: 40096K(40448K)->40064K(79872K) Eden: 19968K(19968K)->0K(19456K) From: 20128K(20480K)->40064K(60416K)
[11.130s][info][gc,heap        ] GC(162) ParOldGen: 1633081K(1787904K)->1633081K(1787904K)
[11.130s][info][gc,metaspace   ] GC(162) Metaspace: 6301K(6464K)->6301K(6464K) NonClass: 5768K(5824K)->5768K(5824K) Class: 533K(640K)->533K(640K)
[11.130s][info][gc             ] GC(162) Pause Young (Allocation Failure) 1633M->1633M(1824M) 26.626ms
[11.130s][info][gc,cpu         ] GC(162) User=0.05s Sys=0.00s Real=0.03s
[11.150s][info][gc,start       ] GC(163) Pause Young (Allocation Failure)
[11.183s][info][gc,heap        ] GC(163) PSYoungGen: 59520K(79872K)->39584K(82432K) Eden: 19456K(19456K)->0K(19456K) From: 40064K(60416K)->39584K(62976K)
[11.183s][info][gc,heap        ] GC(163) ParOldGen: 1633081K(1787904K)->1653337K(1787904K)
[11.183s][info][gc,metaspace   ] GC(163) Metaspace: 6301K(6464K)->6301K(6464K) NonClass: 5768K(5824K)->5768K(5824K) Class: 533K(640K)->533K(640K)
[11.183s][info][gc             ] GC(163) Pause Young (Allocation Failure) 1652M->1653M(1826M) 33.871ms
[11.184s][info][gc,cpu         ] GC(163) User=0.14s Sys=0.00s Real=0.03s
[11.203s][info][gc,start       ] GC(164) Pause Young (Allocation Failure)
[11.237s][info][gc,heap        ] GC(164) PSYoungGen: 59040K(82432K)->39072K(85504K) Eden: 19456K(19456K)->0K(20992K) From: 39584K(62976K)->39072K(64512K)
[11.238s][info][gc,heap        ] GC(164) ParOldGen: 1653337K(1787904K)->1673585K(1787904K)
[11.238s][info][gc,metaspace   ] GC(164) Metaspace: 6301K(6464K)->6301K(6464K) NonClass: 5768K(5824K)->5768K(5824K) Class: 533K(640K)->533K(640K)
[11.238s][info][gc             ] GC(164) Pause Young (Allocation Failure) 1672M->1672M(1829M) 34.717ms
[11.238s][info][gc,cpu         ] GC(164) User=0.06s Sys=0.00s Real=0.04s
[11.261s][info][gc,start       ] GC(165) Pause Young (Allocation Failure)
[11.296s][info][gc,heap        ] GC(165) PSYoungGen: 60064K(85504K)->40576K(86528K) Eden: 20992K(20992K)->0K(20992K) From: 39072K(64512K)->40576K(65536K)
[11.296s][info][gc,heap        ] GC(165) ParOldGen: 1673585K(1787904K)->1693337K(1787904K)
[11.296s][info][gc,metaspace   ] GC(165) Metaspace: 6301K(6464K)->6301K(6464K) NonClass: 5768K(5824K)->5768K(5824K) Class: 533K(640K)->533K(640K)
[11.296s][info][gc             ] GC(165) Pause Young (Allocation Failure) 1693M->1693M(1830M) 34.541ms
[11.296s][info][gc,cpu         ] GC(165) User=0.08s Sys=0.02s Real=0.04s
[11.319s][info][gc,start       ] GC(166) Pause Young (Allocation Failure)
[11.354s][info][gc,heap        ] GC(166) PSYoungGen: 61568K(86528K)->42112K(89600K) Eden: 20992K(20992K)->0K(23040K) From: 40576K(65536K)->42112K(66560K)
[11.354s][info][gc,heap        ] GC(166) ParOldGen: 1693337K(1787904K)->1713073K(1787904K)
[11.354s][info][gc,metaspace   ] GC(166) Metaspace: 6301K(6464K)->6301K(6464K) NonClass: 5768K(5824K)->5768K(5824K) Class: 533K(640K)->533K(640K)
[11.354s][info][gc             ] GC(166) Pause Young (Allocation Failure) 1713M->1714M(1833M) 35.006ms
[11.354s][info][gc,cpu         ] GC(166) User=0.14s Sys=0.00s Real=0.04s
[11.393s][info][gc,start       ] GC(167) Pause Young (Allocation Failure)
[11.431s][info][gc,heap        ] GC(167) PSYoungGen: 65152K(89600K)->44192K(90624K) Eden: 23040K(23040K)->0K(23040K) From: 42112K(66560K)->44192K(67584K)
[11.431s][info][gc,heap        ] GC(167) ParOldGen: 1713073K(1787904K)->1734353K(1787904K)
[11.431s][info][gc,metaspace   ] GC(167) Metaspace: 6301K(6464K)->6301K(6464K) NonClass: 5768K(5824K)->5768K(5824K) Class: 533K(640K)->533K(640K)
[11.431s][info][gc             ] GC(167) Pause Young (Allocation Failure) 1736M->1736M(1834M) 38.474ms
[11.431s][info][gc,cpu         ] GC(167) User=0.19s Sys=0.00s Real=0.04s
[11.456s][info][gc,start       ] GC(168) Pause Young (Allocation Failure)
[11.494s][info][gc,heap        ] GC(168) PSYoungGen: 67232K(90624K)->46272K(93184K) Eden: 23040K(23040K)->0K(24064K) From: 44192K(67584K)->46272K(69120K)
[11.494s][info][gc,heap        ] GC(168) ParOldGen: 1734353K(1787904K)->1755665K(1787904K)
[11.494s][info][gc,metaspace   ] GC(168) Metaspace: 6301K(6464K)->6301K(6464K) NonClass: 5768K(5824K)->5768K(5824K) Class: 533K(640K)->533K(640K)
[11.494s][info][gc             ] GC(168) Pause Young (Allocation Failure) 1759M->1759M(1837M) 37.516ms
[11.494s][info][gc,cpu         ] GC(168) User=0.20s Sys=0.00s Real=0.04s
[11.494s][info][gc,start       ] GC(169) Pause Full (Ergonomics)
[11.494s][info][gc,phases,start] GC(169) Marking Phase
[11.905s][info][gc,phases      ] GC(169) Marking Phase 411.791ms
[11.906s][info][gc,phases,start] GC(169) Summary Phase
[11.906s][info][gc,phases      ] GC(169) Summary Phase 0.057ms
[11.906s][info][gc,phases,start] GC(169) Adjust Roots
[11.906s][info][gc,phases      ] GC(169) Adjust Roots 0.291ms
[11.906s][info][gc,phases,start] GC(169) Compaction Phase
[12.072s][info][gc,phases      ] GC(169) Compaction Phase 165.835ms
[12.072s][info][gc,phases,start] GC(169) Post Compact
[12.075s][info][gc,phases      ] GC(169) Post Compact 3.293ms
[12.076s][info][gc,heap        ] GC(169) PSYoungGen: 46272K(93184K)->12309K(93184K) Eden: 0K(24064K)->0K(24064K) From: 46272K(69120K)->12309K(69120K)
[12.076s][info][gc,heap        ] GC(169) ParOldGen: 1755665K(1787904K)->1787431K(1961472K)
[12.076s][info][gc,metaspace   ] GC(169) Metaspace: 6301K(6464K)->6301K(6464K) NonClass: 5768K(5824K)->5768K(5824K) Class: 533K(640K)->533K(640K)
[12.076s][info][gc             ] GC(169) Pause Full (Ergonomics) 1759M->1757M(2006M) 582.263ms
[12.076s][info][gc,cpu         ] GC(169) User=3.91s Sys=0.00s Real=0.58s
[12.104s][info][gc,start       ] GC(170) Pause Young (Allocation Failure)
[12.194s][info][gc,heap        ] GC(170) PSYoungGen: 36373K(93184K)->29248K(53760K) Eden: 24064K(24064K)->0K(24064K) From: 12309K(69120K)->29248K(29696K)
[12.194s][info][gc,heap        ] GC(170) ParOldGen: 1787431K(1961472K)->1794839K(1961472K)
[12.194s][info][gc,metaspace   ] GC(170) Metaspace: 6301K(6464K)->6301K(6464K) NonClass: 5768K(5824K)->5768K(5824K) Class: 533K(640K)->533K(640K)
[12.194s][info][gc             ] GC(170) Pause Young (Allocation Failure) 1781M->1781M(1968M) 90.070ms
[12.194s][info][gc,cpu         ] GC(170) User=0.61s Sys=0.00s Real=0.09s
[12.218s][info][gc,start       ] GC(171) Pause Young (Allocation Failure)
[12.251s][info][gc,heap        ] GC(171) PSYoungGen: 53312K(53760K)->53280K(90112K) Eden: 24064K(24064K)->0K(22528K) From: 29248K(29696K)->53280K(67584K)
[12.251s][info][gc,heap        ] GC(171) ParOldGen: 1794839K(1961472K)->1794839K(1961472K)
[12.251s][info][gc,metaspace   ] GC(171) Metaspace: 6301K(6464K)->6301K(6464K) NonClass: 5768K(5824K)->5768K(5824K) Class: 533K(640K)->533K(640K)
[12.251s][info][gc             ] GC(171) Pause Young (Allocation Failure) 1804M->1804M(2003M) 33.625ms
[12.251s][info][gc,cpu         ] GC(171) User=0.14s Sys=0.00s Real=0.03s
[12.276s][info][gc,start       ] GC(172) Pause Young (Allocation Failure)
[12.317s][info][gc,heap        ] GC(172) PSYoungGen: 75808K(90112K)->71680K(94208K) Eden: 22528K(22528K)->0K(22528K) From: 53280K(67584K)->71680K(71680K)
[12.317s][info][gc,heap        ] GC(172) ParOldGen: 1794839K(1961472K)->1798999K(1961472K)
[12.317s][info][gc,metaspace   ] GC(172) Metaspace: 6301K(6464K)->6301K(6464K) NonClass: 5768K(5824K)->5768K(5824K) Class: 533K(640K)->533K(640K)
[12.317s][info][gc             ] GC(172) Pause Young (Allocation Failure) 1826M->1826M(2007M) 40.937ms
[12.317s][info][gc,cpu         ] GC(172) User=0.16s Sys=0.00s Real=0.04s
[12.342s][info][gc,start       ] GC(173) Pause Young (Allocation Failure)
[12.390s][info][gc,heap        ] GC(173) PSYoungGen: 94208K(94208K)->67200K(102400K) Eden: 22528K(22528K)->0K(18944K) From: 71680K(71680K)->67200K(83456K)
[12.390s][info][gc,heap        ] GC(173) ParOldGen: 1798999K(1961472K)->1826519K(1961472K)
[12.390s][info][gc,metaspace   ] GC(173) Metaspace: 6301K(6464K)->6301K(6464K) NonClass: 5768K(5824K)->5768K(5824K) Class: 533K(640K)->533K(640K)
[12.390s][info][gc             ] GC(173) Pause Young (Allocation Failure) 1848M->1849M(2015M) 48.332ms
[12.390s][info][gc,cpu         ] GC(173) User=0.27s Sys=0.00s Real=0.05s
[12.411s][info][gc,start       ] GC(174) Pause Young (Allocation Failure)
[12.455s][info][gc,heap        ] GC(174) PSYoungGen: 86144K(102400K)->63456K(108544K) Eden: 18944K(18944K)->0K(18944K) From: 67200K(83456K)->63456K(89600K)
[12.455s][info][gc,heap        ] GC(174) ParOldGen: 1826519K(1961472K)->1849431K(1961472K)
[12.455s][info][gc,metaspace   ] GC(174) Metaspace: 6301K(6464K)->6301K(6464K) NonClass: 5768K(5824K)->5768K(5824K) Class: 533K(640K)->533K(640K)
[12.455s][info][gc             ] GC(174) Pause Young (Allocation Failure) 1867M->1868M(2021M) 43.815ms
[12.455s][info][gc,cpu         ] GC(174) User=0.38s Sys=0.00s Real=0.04s
[12.476s][info][gc,start       ] GC(175) Pause Young (Allocation Failure)
[12.518s][info][gc,heap        ] GC(175) PSYoungGen: 82400K(108544K)->60608K(112640K) Eden: 18944K(18944K)->0K(19968K) From: 63456K(89600K)->60608K(92672K)
[12.518s][info][gc,heap        ] GC(175) ParOldGen: 1849431K(1961472K)->1871583K(1961472K)
[12.518s][info][gc,metaspace   ] GC(175) Metaspace: 6301K(6464K)->6301K(6464K) NonClass: 5768K(5824K)->5768K(5824K) Class: 533K(640K)->533K(640K)
[12.518s][info][gc             ] GC(175) Pause Young (Allocation Failure) 1886M->1886M(2025M) 42.740ms
[12.518s][info][gc,cpu         ] GC(175) User=0.23s Sys=0.00s Real=0.04s
[12.540s][info][gc,start       ] GC(176) Pause Young (Allocation Failure)
[12.583s][info][gc,heap        ] GC(176) PSYoungGen: 80576K(112640K)->39072K(59392K) Eden: 19968K(19968K)->0K(19968K) From: 60608K(92672K)->39072K(39424K)
[12.584s][info][gc,heap        ] GC(176) ParOldGen: 1871583K(1961472K)->1913607K(1961472K)
[12.584s][info][gc,metaspace   ] GC(176) Metaspace: 6301K(6464K)->6301K(6464K) NonClass: 5768K(5824K)->5768K(5824K) Class: 533K(640K)->533K(640K)
[12.584s][info][gc             ] GC(176) Pause Young (Allocation Failure) 1906M->1906M(1973M) 43.668ms
[12.584s][info][gc,cpu         ] GC(176) User=0.25s Sys=0.00s Real=0.04s
[12.607s][info][gc,start       ] GC(177) Pause Young (Allocation Failure)
[12.643s][info][gc,heap        ] GC(177) PSYoungGen: 59040K(59392K)->20096K(112640K) Eden: 19968K(19968K)->0K(22528K) From: 39072K(39424K)->20096K(90112K)
[12.643s][info][gc,heap        ] GC(177) ParOldGen: 1913607K(1961472K)->1953031K(1961472K)
[12.643s][info][gc,metaspace   ] GC(177) Metaspace: 6301K(6464K)->6301K(6464K) NonClass: 5768K(5824K)->5768K(5824K) Class: 533K(640K)->533K(640K)
[12.643s][info][gc             ] GC(177) Pause Young (Allocation Failure) 1926M->1926M(2025M) 36.104ms
[12.643s][info][gc,cpu         ] GC(177) User=0.16s Sys=0.00s Real=0.04s
[12.643s][info][gc,start       ] GC(178) Pause Full (Ergonomics)
[12.643s][info][gc,phases,start] GC(178) Marking Phase
[13.097s][info][gc,phases      ] GC(178) Marking Phase 454.005ms
[13.097s][info][gc,phases,start] GC(178) Summary Phase
[13.097s][info][gc,phases      ] GC(178) Summary Phase 0.047ms
[13.097s][info][gc,phases,start] GC(178) Adjust Roots
[13.098s][info][gc,phases      ] GC(178) Adjust Roots 0.253ms
[13.098s][info][gc,phases,start] GC(178) Compaction Phase
[13.279s][info][gc,phases      ] GC(178) Compaction Phase 180.855ms
[13.279s][info][gc,phases,start] GC(178) Post Compact
[13.282s][info][gc,phases      ] GC(178) Post Compact 3.501ms
[13.283s][info][gc,heap        ] GC(178) PSYoungGen: 20096K(112640K)->9206K(112640K) Eden: 0K(22528K)->0K(22528K) From: 20096K(90112K)->9206K(90112K)
[13.283s][info][gc,heap        ] GC(178) ParOldGen: 1953031K(1961472K)->1961304K(2167296K)
[13.283s][info][gc,metaspace   ] GC(178) Metaspace: 6301K(6464K)->6301K(6464K) NonClass: 5768K(5824K)->5768K(5824K) Class: 533K(640K)->533K(640K)
[13.283s][info][gc             ] GC(178) Pause Full (Ergonomics) 1926M->1924M(2226M) 639.750ms
[13.283s][info][gc,cpu         ] GC(178) User=4.58s Sys=0.00s Real=0.64s
[13.309s][info][gc,start       ] GC(179) Pause Young (Allocation Failure)
[13.406s][info][gc,heap        ] GC(179) PSYoungGen: 31734K(112640K)->22656K(112640K) Eden: 22528K(22528K)->0K(22528K) From: 9206K(90112K)->22656K(90112K)
[13.406s][info][gc,heap        ] GC(179) ParOldGen: 1961304K(2167296K)->1970648K(2167296K)
[13.407s][info][gc,metaspace   ] GC(179) Metaspace: 6301K(6464K)->6301K(6464K) NonClass: 5768K(5824K)->5768K(5824K) Class: 533K(640K)->533K(640K)
[13.407s][info][gc             ] GC(179) Pause Young (Allocation Failure) 1946M->1946M(2226M) 97.476ms
[13.407s][info][gc,cpu         ] GC(179) User=0.62s Sys=0.00s Real=0.10s
[13.434s][info][gc,start       ] GC(180) Pause Young (Allocation Failure)
[13.467s][info][gc,heap        ] GC(180) PSYoungGen: 45184K(112640K)->22656K(110592K) Eden: 22528K(22528K)->0K(25088K) From: 22656K(90112K)->22656K(85504K)
[13.467s][info][gc,heap        ] GC(180) ParOldGen: 1970648K(2167296K)->1993496K(2167296K)
[13.467s][info][gc,metaspace   ] GC(180) Metaspace: 6301K(6464K)->6301K(6464K) NonClass: 5768K(5824K)->5768K(5824K) Class: 533K(640K)->533K(640K)
[13.467s][info][gc             ] GC(180) Pause Young (Allocation Failure) 1968M->1968M(2224M) 32.769ms
[13.467s][info][gc,cpu         ] GC(180) User=0.16s Sys=0.00s Real=0.03s
[13.497s][info][gc,start       ] GC(181) Pause Young (Allocation Failure)
[13.530s][info][gc,heap        ] GC(181) PSYoungGen: 47744K(110592K)->25248K(112128K) Eden: 25088K(25088K)->0K(25088K) From: 22656K(85504K)->25248K(87040K)
[13.530s][info][gc,heap        ] GC(181) ParOldGen: 1993496K(2167296K)->2016352K(2167296K)
[13.530s][info][gc,metaspace   ] GC(181) Metaspace: 6301K(6464K)->6301K(6464K) NonClass: 5768K(5824K)->5768K(5824K) Class: 533K(640K)->533K(640K)
[13.530s][info][gc             ] GC(181) Pause Young (Allocation Failure) 1993M->1993M(2226M) 33.630ms
[13.530s][info][gc,cpu         ] GC(181) User=0.16s Sys=0.00s Real=0.03s
[13.556s][info][gc,start       ] GC(182) Pause Young (Allocation Failure)
[13.590s][info][gc,heap        ] GC(182) PSYoungGen: 50336K(112128K)->25280K(107520K) Eden: 25088K(25088K)->0K(28160K) From: 25248K(87040K)->25280K(79360K)
[13.590s][info][gc,heap        ] GC(182) ParOldGen: 2016352K(2167296K)->2041792K(2167296K)
[13.590s][info][gc,metaspace   ] GC(182) Metaspace: 6301K(6464K)->6301K(6464K) NonClass: 5768K(5824K)->5768K(5824K) Class: 533K(640K)->533K(640K)
[13.590s][info][gc             ] GC(182) Pause Young (Allocation Failure) 2018M->2018M(2221M) 33.614ms
[13.590s][info][gc,cpu         ] GC(182) User=0.12s Sys=0.02s Real=0.03s
[13.619s][info][gc,start       ] GC(183) Pause Young (Allocation Failure)
[13.653s][info][gc,heap        ] GC(183) PSYoungGen: 53440K(107520K)->28320K(56832K) Eden: 28160K(28160K)->0K(28160K) From: 25280K(79360K)->28320K(28672K)
[13.653s][info][gc,heap        ] GC(183) ParOldGen: 2041792K(2167296K)->2067224K(2167296K)
[13.653s][info][gc,metaspace   ] GC(183) Metaspace: 6301K(6464K)->6301K(6464K) NonClass: 5768K(5824K)->5768K(5824K) Class: 533K(640K)->533K(640K)
[13.653s][info][gc             ] GC(183) Pause Young (Allocation Failure) 2046M->2046M(2172M) 33.898ms
[13.653s][info][gc,cpu         ] GC(183) User=0.16s Sys=0.00s Real=0.03s
[13.682s][info][gc,start       ] GC(184) Pause Young (Allocation Failure)
[13.717s][info][gc,heap        ] GC(184) PSYoungGen: 56480K(56832K)->28352K(103424K) Eden: 28160K(28160K)->0K(31232K) From: 28320K(28672K)->28352K(72192K)
[13.717s][info][gc,heap        ] GC(184) ParOldGen: 2067224K(2167296K)->2095768K(2167296K)
[13.717s][info][gc,metaspace   ] GC(184) Metaspace: 6301K(6464K)->6301K(6464K) NonClass: 5768K(5824K)->5768K(5824K) Class: 533K(640K)->533K(640K)
[13.717s][info][gc             ] GC(184) Pause Young (Allocation Failure) 2073M->2074M(2217M) 35.083ms
[13.717s][info][gc,cpu         ] GC(184) User=0.16s Sys=0.00s Real=0.03s
[13.749s][info][gc,start       ] GC(185) Pause Young (Allocation Failure)
[13.785s][info][gc,heap        ] GC(185) PSYoungGen: 59584K(103424K)->31392K(106496K) Eden: 31232K(31232K)->0K(31232K) From: 28352K(72192K)->31392K(75264K)
[13.785s][info][gc,heap        ] GC(185) ParOldGen: 2095768K(2167296K)->2124304K(2167296K)
[13.785s][info][gc,metaspace   ] GC(185) Metaspace: 6301K(6464K)->6301K(6464K) NonClass: 5768K(5824K)->5768K(5824K) Class: 533K(640K)->533K(640K)
[13.785s][info][gc             ] GC(185) Pause Young (Allocation Failure) 2104M->2105M(2220M) 36.052ms
[13.785s][info][gc,cpu         ] GC(185) User=0.17s Sys=0.00s Real=0.04s
[13.785s][info][gc,start       ] GC(186) Pause Full (Ergonomics)
[13.785s][info][gc,phases,start] GC(186) Marking Phase
[14.275s][info][gc,phases      ] GC(186) Marking Phase 489.993ms
[14.275s][info][gc,phases,start] GC(186) Summary Phase
[14.275s][info][gc,phases      ] GC(186) Summary Phase 0.049ms
[14.275s][info][gc,phases,start] GC(186) Adjust Roots
[14.275s][info][gc,phases      ] GC(186) Adjust Roots 0.173ms
[14.275s][info][gc,phases,start] GC(186) Compaction Phase
[14.463s][info][gc,phases      ] GC(186) Compaction Phase 187.106ms
[14.463s][info][gc,phases,start] GC(186) Post Compact
[14.467s][info][gc,phases      ] GC(186) Post Compact 4.138ms
[14.468s][info][gc,heap        ] GC(186) PSYoungGen: 31392K(106496K)->0K(106496K) Eden: 0K(31232K)->0K(34816K) From: 31392K(75264K)->0K(71680K)
[14.468s][info][gc,heap        ] GC(186) ParOldGen: 2124304K(2167296K)->2153078K(2371584K)
[14.468s][info][gc,metaspace   ] GC(186) Metaspace: 6301K(6464K)->6301K(6464K) NonClass: 5768K(5824K)->5768K(5824K) Class: 533K(640K)->533K(640K)
[14.468s][info][gc             ] GC(186) Pause Full (Ergonomics) 2105M->2102M(2420M) 682.936ms
[14.468s][info][gc,cpu         ] GC(186) User=4.88s Sys=0.05s Real=0.68s
[14.507s][info][gc,start       ] GC(187) Pause Young (Allocation Failure)
[14.536s][info][gc,heap        ] GC(187) PSYoungGen: 34816K(106496K)->35008K(106496K) Eden: 34816K(34816K)->0K(34816K) From: 0K(71680K)->35008K(71680K)
[14.536s][info][gc,heap        ] GC(187) ParOldGen: 2153078K(2371584K)->2153078K(2371584K)
[14.536s][info][gc,metaspace   ] GC(187) Metaspace: 6301K(6464K)->6301K(6464K) NonClass: 5768K(5824K)->5768K(5824K) Class: 533K(640K)->533K(640K)
[14.536s][info][gc             ] GC(187) Pause Young (Allocation Failure) 2136M->2136M(2420M) 28.905ms
[14.536s][info][gc,cpu         ] GC(187) User=0.02s Sys=0.00s Real=0.03s
[14.577s][info][gc,start       ] GC(188) Pause Young (Allocation Failure)
[14.618s][info][gc,heap        ] GC(188) PSYoungGen: 69824K(106496K)->68608K(96768K) Eden: 34816K(34816K)->0K(28160K) From: 35008K(71680K)->68608K(68608K)
[14.618s][info][gc,heap        ] GC(188) ParOldGen: 2153078K(2371584K)->2154310K(2371584K)
[14.618s][info][gc,metaspace   ] GC(188) Metaspace: 6301K(6464K)->6301K(6464K) NonClass: 5768K(5824K)->5768K(5824K) Class: 533K(640K)->533K(640K)
[14.618s][info][gc             ] GC(188) Pause Young (Allocation Failure) 2170M->2170M(2410M) 41.108ms
[14.618s][info][gc,cpu         ] GC(188) User=0.16s Sys=0.00s Real=0.04s
[14.654s][info][gc,start       ] GC(189) Pause Young (Allocation Failure)
[14.706s][info][gc,heap        ] GC(189) PSYoungGen: 96768K(96768K)->28288K(106496K) Eden: 28160K(28160K)->0K(28160K) From: 68608K(68608K)->28288K(78336K)
[14.706s][info][gc,heap        ] GC(189) ParOldGen: 2154310K(2371584K)->2223662K(2371584K)
[14.706s][info][gc,metaspace   ] GC(189) Metaspace: 6301K(6464K)->6301K(6464K) NonClass: 5768K(5824K)->5768K(5824K) Class: 533K(640K)->533K(640K)
[14.706s][info][gc             ] GC(189) Pause Young (Allocation Failure) 2198M->2199M(2420M) 51.739ms
[14.706s][info][gc,cpu         ] GC(189) User=0.36s Sys=0.02s Real=0.05s
[14.737s][info][gc,start       ] GC(190) Pause Young (Allocation Failure)
[14.771s][info][gc,heap        ] GC(190) PSYoungGen: 56448K(106496K)->56544K(103424K) Eden: 28160K(28160K)->0K(27648K) From: 28288K(78336K)->56544K(75776K)
[14.771s][info][gc,heap        ] GC(190) ParOldGen: 2223662K(2371584K)->2223662K(2371584K)
[14.771s][info][gc,metaspace   ] GC(190) Metaspace: 6301K(6464K)->6301K(6464K) NonClass: 5768K(5824K)->5768K(5824K) Class: 533K(640K)->533K(640K)
[14.771s][info][gc             ] GC(190) Pause Young (Allocation Failure) 2226M->2226M(2417M) 34.888ms
[14.771s][info][gc,cpu         ] GC(190) User=0.16s Sys=0.00s Real=0.04s
[14.804s][info][gc,start       ] GC(191) Pause Young (Allocation Failure)
[14.847s][info][gc,heap        ] GC(191) PSYoungGen: 84192K(103424K)->79360K(107008K) Eden: 27648K(27648K)->0K(27648K) From: 56544K(75776K)->79360K(79360K)
[14.847s][info][gc,heap        ] GC(191) ParOldGen: 2223662K(2371584K)->2228430K(2371584K)
[14.847s][info][gc,metaspace   ] GC(191) Metaspace: 6301K(6464K)->6301K(6464K) NonClass: 5768K(5824K)->5768K(5824K) Class: 533K(640K)->533K(640K)
[14.847s][info][gc             ] GC(191) Pause Young (Allocation Failure) 2253M->2253M(2420M) 42.904ms
[14.847s][info][gc,cpu         ] GC(191) User=0.25s Sys=0.00s Real=0.04s
[14.881s][info][gc,start       ] GC(192) Pause Young (Allocation Failure)
[14.934s][info][gc,heap        ] GC(192) PSYoungGen: 107008K(107008K)->53024K(119808K) Eden: 27648K(27648K)->0K(30720K) From: 79360K(79360K)->53024K(89088K)
[14.934s][info][gc,heap        ] GC(192) ParOldGen: 2228430K(2371584K)->2283046K(2371584K)
[14.934s][info][gc,metaspace   ] GC(192) Metaspace: 6301K(6464K)->6301K(6464K) NonClass: 5768K(5824K)->5768K(5824K) Class: 533K(640K)->533K(640K)
[14.934s][info][gc             ] GC(192) Pause Young (Allocation Failure) 2280M->2281M(2433M) 53.214ms
[14.934s][info][gc,cpu         ] GC(192) User=0.38s Sys=0.00s Real=0.05s
[14.968s][info][gc,start       ] GC(193) Pause Young (Allocation Failure)
[15.012s][info][gc,heap        ] GC(193) PSYoungGen: 83744K(119808K)->58528K(121344K) Eden: 30720K(30720K)->0K(30720K) From: 53024K(89088K)->58528K(90624K)
[15.012s][info][gc,heap        ] GC(193) ParOldGen: 2283046K(2371584K)->2308510K(2371584K)
[15.012s][info][gc,metaspace   ] GC(193) Metaspace: 6301K(6464K)->6301K(6464K) NonClass: 5768K(5824K)->5768K(5824K) Class: 533K(640K)->533K(640K)
[15.012s][info][gc             ] GC(193) Pause Young (Allocation Failure) 2311M->2311M(2434M) 44.190ms
[15.012s][info][gc,cpu         ] GC(193) User=0.27s Sys=0.00s Real=0.04s
[15.046s][info][gc,start       ] GC(194) Pause Young (Allocation Failure)
[15.093s][info][gc,heap        ] GC(194) PSYoungGen: 89248K(121344K)->61600K(123904K) Eden: 30720K(30720K)->0K(32768K) From: 58528K(90624K)->61600K(91136K)
[15.094s][info][gc,heap        ] GC(194) ParOldGen: 2308510K(2371584K)->2336414K(2371584K)
[15.094s][info][gc,metaspace   ] GC(194) Metaspace: 6301K(6464K)->6301K(6464K) NonClass: 5768K(5824K)->5768K(5824K) Class: 533K(640K)->533K(640K)
[15.094s][info][gc             ] GC(194) Pause Young (Allocation Failure) 2341M->2341M(2437M) 47.260ms
[15.094s][info][gc,cpu         ] GC(194) User=0.22s Sys=0.05s Real=0.05s
[15.094s][info][gc,start       ] GC(195) Pause Full (Ergonomics)
[15.094s][info][gc,phases,start] GC(195) Marking Phase
[15.622s][info][gc,phases      ] GC(195) Marking Phase 528.431ms
[15.622s][info][gc,phases,start] GC(195) Summary Phase
[15.622s][info][gc,phases      ] GC(195) Summary Phase 0.056ms
[15.622s][info][gc,phases,start] GC(195) Adjust Roots
[15.623s][info][gc,phases      ] GC(195) Adjust Roots 0.264ms
[15.623s][info][gc,phases,start] GC(195) Compaction Phase
[15.827s][info][gc,phases      ] GC(195) Compaction Phase 204.711ms
[15.827s][info][gc,phases,start] GC(195) Post Compact
[15.832s][info][gc,phases      ] GC(195) Post Compact 4.726ms
[15.833s][info][gc,heap        ] GC(195) PSYoungGen: 61600K(123904K)->24072K(123904K) Eden: 0K(32768K)->0K(32768K) From: 61600K(91136K)->24072K(91136K)
[15.833s][info][gc,heap        ] GC(195) ParOldGen: 2336414K(2371584K)->2371445K(2625024K)
[15.833s][info][gc,metaspace   ] GC(195) Metaspace: 6301K(6464K)->6301K(6464K) NonClass: 5768K(5824K)->5768K(5824K) Class: 533K(640K)->533K(640K)
[15.833s][info][gc             ] GC(195) Pause Full (Ergonomics) 2341M->2339M(2684M) 739.682ms
[15.833s][info][gc,cpu         ] GC(195) User=5.50s Sys=0.05s Real=0.74s
[15.873s][info][gc,start       ] GC(196) Pause Young (Allocation Failure)
[16.001s][info][gc,heap        ] GC(196) PSYoungGen: 56840K(123904K)->46368K(79360K) Eden: 32768K(32768K)->0K(32768K) From: 24072K(91136K)->46368K(46592K)
[16.001s][info][gc,heap        ] GC(196) ParOldGen: 2371445K(2625024K)->2382245K(2625024K)
[16.001s][info][gc,metaspace   ] GC(196) Metaspace: 6301K(6464K)->6301K(6464K) NonClass: 5768K(5824K)->5768K(5824K) Class: 533K(640K)->533K(640K)
[16.001s][info][gc             ] GC(196) Pause Young (Allocation Failure) 2371M->2371M(2641M) 128.603ms
[16.001s][info][gc,cpu         ] GC(196) User=0.78s Sys=0.00s Real=0.13s
[16.040s][info][gc,start       ] GC(197) Pause Young (Allocation Failure)
[16.085s][info][gc,heap        ] GC(197) PSYoungGen: 79136K(79360K)->79168K(115712K) Eden: 32768K(32768K)->0K(27648K) From: 46368K(46592K)->79168K(88064K)
[16.085s][info][gc,heap        ] GC(197) ParOldGen: 2382245K(2625024K)->2382245K(2625024K)
[16.085s][info][gc,metaspace   ] GC(197) Metaspace: 6301K(6464K)->6301K(6464K) NonClass: 5768K(5824K)->5768K(5824K) Class: 533K(640K)->533K(640K)
[16.085s][info][gc             ] GC(197) Pause Young (Allocation Failure) 2403M->2403M(2676M) 45.181ms
[16.085s][info][gc,cpu         ] GC(197) User=0.27s Sys=0.00s Real=0.05s
[16.120s][info][gc,start       ] GC(198) Pause Young (Allocation Failure)
[16.175s][info][gc,heap        ] GC(198) PSYoungGen: 106816K(115712K)->96256K(123904K) Eden: 27648K(27648K)->0K(27648K) From: 79168K(88064K)->96256K(96256K)
[16.175s][info][gc,heap        ] GC(198) ParOldGen: 2382245K(2625024K)->2392813K(2625024K)
[16.175s][info][gc,metaspace   ] GC(198) Metaspace: 6301K(6464K)->6301K(6464K) NonClass: 5768K(5824K)->5768K(5824K) Class: 533K(640K)->533K(640K)
[16.175s][info][gc             ] GC(198) Pause Young (Allocation Failure) 2430M->2430M(2684M) 55.002ms
[16.175s][info][gc,cpu         ] GC(198) User=0.38s Sys=0.00s Real=0.06s
[16.209s][info][gc,start       ] GC(199) Pause Young (Allocation Failure)
[16.273s][info][gc,heap        ] GC(199) PSYoungGen: 123904K(123904K)->81888K(138752K) Eden: 27648K(27648K)->0K(26624K) From: 96256K(96256K)->81888K(112128K)
[16.273s][info][gc,heap        ] GC(199) ParOldGen: 2392813K(2625024K)->2435301K(2625024K)
[16.273s][info][gc,metaspace   ] GC(199) Metaspace: 6301K(6464K)->6301K(6464K) NonClass: 5768K(5824K)->5768K(5824K) Class: 533K(640K)->533K(640K)
[16.273s][info][gc             ] GC(199) Pause Young (Allocation Failure) 2457M->2458M(2699M) 64.246ms
[16.273s][info][gc,cpu         ] GC(199) User=0.31s Sys=0.06s Real=0.06s
[16.304s][info][gc,start       ] GC(200) Pause Young (Allocation Failure)
[16.360s][info][gc,heap        ] GC(200) PSYoungGen: 108512K(138752K)->79296K(142848K) Eden: 26624K(26624K)->0K(26624K) From: 81888K(112128K)->79296K(116224K)
[16.360s][info][gc,heap        ] GC(200) ParOldGen: 2435301K(2625024K)->2464805K(2625024K)
[16.360s][info][gc,metaspace   ] GC(200) Metaspace: 6301K(6464K)->6301K(6464K) NonClass: 5768K(5824K)->5768K(5824K) Class: 533K(640K)->533K(640K)
[16.360s][info][gc             ] GC(200) Pause Young (Allocation Failure) 2484M->2484M(2703M) 56.509ms
[16.360s][info][gc,cpu         ] GC(200) User=0.33s Sys=0.05s Real=0.06s
[16.390s][info][gc,start       ] GC(201) Pause Young (Allocation Failure)
[16.445s][info][gc,heap        ] GC(201) PSYoungGen: 105920K(142848K)->81056K(146944K) Eden: 26624K(26624K)->0K(28672K) From: 79296K(116224K)->81056K(118272K)
[16.445s][info][gc,heap        ] GC(201) ParOldGen: 2464805K(2625024K)->2489861K(2625024K)
[16.445s][info][gc,metaspace   ] GC(201) Metaspace: 6301K(6464K)->6301K(6464K) NonClass: 5768K(5824K)->5768K(5824K) Class: 533K(640K)->533K(640K)
[16.445s][info][gc             ] GC(201) Pause Young (Allocation Failure) 2510M->2510M(2707M) 55.377ms
[16.445s][info][gc,cpu         ] GC(201) User=0.34s Sys=0.03s Real=0.06s
[16.480s][info][gc,start       ] GC(202) Pause Young (Allocation Failure)
[16.537s][info][gc,heap        ] GC(202) PSYoungGen: 109728K(146944K)->82048K(148480K) Eden: 28672K(28672K)->0K(28672K) From: 81056K(118272K)->82048K(119808K)
[16.537s][info][gc,heap        ] GC(202) ParOldGen: 2489861K(2625024K)->2517765K(2625024K)
[16.537s][info][gc,metaspace   ] GC(202) Metaspace: 6301K(6464K)->6301K(6464K) NonClass: 5768K(5824K)->5768K(5824K) Class: 533K(640K)->533K(640K)
[16.537s][info][gc             ] GC(202) Pause Young (Allocation Failure) 2538M->2538M(2708M) 57.596ms
[16.537s][info][gc,cpu         ] GC(202) User=0.39s Sys=0.00s Real=0.06s
[16.572s][info][gc,start       ] GC(203) Pause Young (Allocation Failure)
[16.630s][info][gc,heap        ] GC(203) PSYoungGen: 110720K(148480K)->84192K(152576K) Eden: 28672K(28672K)->0K(31232K) From: 82048K(119808K)->84192K(121344K)
[16.630s][info][gc,heap        ] GC(203) ParOldGen: 2517765K(2625024K)->2544629K(2625024K)
[16.630s][info][gc,metaspace   ] GC(203) Metaspace: 6301K(6464K)->6301K(6464K) NonClass: 5768K(5824K)->5768K(5824K) Class: 533K(640K)->533K(640K)
[16.630s][info][gc             ] GC(203) Pause Young (Allocation Failure) 2566M->2567M(2712M) 57.981ms
[16.630s][info][gc,cpu         ] GC(203) User=0.34s Sys=0.03s Real=0.06s
[16.668s][info][gc,start       ] GC(204) Pause Young (Allocation Failure)
[16.730s][info][gc,heap        ] GC(204) PSYoungGen: 115424K(152576K)->60064K(91648K) Eden: 31232K(31232K)->0K(31232K) From: 84192K(121344K)->60064K(60416K)
[16.730s][info][gc,heap        ] GC(204) ParOldGen: 2544629K(2625024K)->2600397K(2625024K)
[16.730s][info][gc,metaspace   ] GC(204) Metaspace: 6301K(6464K)->6301K(6464K) NonClass: 5768K(5824K)->5768K(5824K) Class: 533K(640K)->533K(640K)
[16.730s][info][gc             ] GC(204) Pause Young (Allocation Failure) 2597M->2598M(2653M) 62.076ms
[16.730s][info][gc,cpu         ] GC(204) User=0.34s Sys=0.05s Real=0.06s
[16.730s][info][gc,start       ] GC(205) Pause Full (Ergonomics)
[16.730s][info][gc,phases,start] GC(205) Marking Phase
[17.333s][info][gc,phases      ] GC(205) Marking Phase 602.963ms
[17.333s][info][gc,phases,start] GC(205) Summary Phase
[17.334s][info][gc,phases      ] GC(205) Summary Phase 0.043ms
[17.334s][info][gc,phases,start] GC(205) Adjust Roots
[17.334s][info][gc,phases      ] GC(205) Adjust Roots 0.168ms
[17.334s][info][gc,phases,start] GC(205) Compaction Phase
[17.546s][info][gc,phases      ] GC(205) Compaction Phase 212.373ms
[17.546s][info][gc,phases,start] GC(205) Post Compact
[17.551s][info][gc,phases      ] GC(205) Post Compact 4.528ms
[17.552s][info][gc,heap        ] GC(205) PSYoungGen: 60064K(91648K)->33261K(91648K) Eden: 0K(31232K)->0K(31232K) From: 60064K(60416K)->33261K(60416K)
[17.552s][info][gc,heap        ] GC(205) ParOldGen: 2600397K(2625024K)->2624628K(2900480K)
[17.552s][info][gc,metaspace   ] GC(205) Metaspace: 6301K(6464K)->6301K(6464K) NonClass: 5768K(5824K)->5768K(5824K) Class: 533K(640K)->533K(640K)
[17.552s][info][gc             ] GC(205) Pause Full (Ergonomics) 2598M->2595M(2922M) 821.332ms
[17.552s][info][gc,cpu         ] GC(205) User=6.20s Sys=0.00s Real=0.82s
[17.594s][info][gc,start       ] GC(206) Pause Young (Allocation Failure)
[17.738s][info][gc,heap        ] GC(206) PSYoungGen: 64493K(91648K)->31392K(152576K) Eden: 31232K(31232K)->0K(34304K) From: 33261K(60416K)->31392K(118272K)
[17.738s][info][gc,heap        ] GC(206) ParOldGen: 2624628K(2900480K)->2658236K(2900480K)
[17.738s][info][gc,metaspace   ] GC(206) Metaspace: 6301K(6464K)->6301K(6464K) NonClass: 5768K(5824K)->5768K(5824K) Class: 533K(640K)->533K(640K)
[17.738s][info][gc             ] GC(206) Pause Young (Allocation Failure) 2626M->2626M(2981M) 144.710ms
[17.738s][info][gc,cpu         ] GC(206) User=0.91s Sys=0.02s Real=0.14s
[17.779s][info][gc,start       ] GC(207) Pause Young (Allocation Failure)
[17.821s][info][gc,heap        ] GC(207) PSYoungGen: 65696K(152576K)->34432K(153600K) Eden: 34304K(34304K)->0K(34304K) From: 31392K(118272K)->34432K(119296K)
[17.821s][info][gc,heap        ] GC(207) ParOldGen: 2658236K(2900480K)->2689748K(2900480K)
[17.821s][info][gc,metaspace   ] GC(207) Metaspace: 6301K(6464K)->6301K(6464K) NonClass: 5768K(5824K)->5768K(5824K) Class: 533K(640K)->533K(640K)
[17.821s][info][gc             ] GC(207) Pause Young (Allocation Failure) 2660M->2660M(2982M) 41.961ms
[17.821s][info][gc,cpu         ] GC(207) User=0.25s Sys=0.00s Real=0.04s
[17.861s][info][gc,start       ] GC(208) Pause Young (Allocation Failure)
[17.905s][info][gc,heap        ] GC(208) PSYoungGen: 68736K(153600K)->34464K(154112K) Eden: 34304K(34304K)->0K(38400K) From: 34432K(119296K)->34464K(115712K)
[17.905s][info][gc,heap        ] GC(208) ParOldGen: 2689748K(2900480K)->2724364K(2900480K)
[17.905s][info][gc,metaspace   ] GC(208) Metaspace: 6301K(6464K)->6301K(6464K) NonClass: 5768K(5824K)->5768K(5824K) Class: 533K(640K)->533K(640K)
[17.905s][info][gc             ] GC(208) Pause Young (Allocation Failure) 2693M->2694M(2983M) 44.211ms
[17.905s][info][gc,cpu         ] GC(208) User=0.27s Sys=0.00s Real=0.04s
[17.949s][info][gc,start       ] GC(209) Pause Young (Allocation Failure)
[17.993s][info][gc,heap        ] GC(209) PSYoungGen: 72864K(154112K)->38560K(155136K) Eden: 38400K(38400K)->0K(38400K) From: 34464K(115712K)->38560K(116736K)
[17.993s][info][gc,heap        ] GC(209) ParOldGen: 2724364K(2900480K)->2758980K(2900480K)
[17.993s][info][gc,metaspace   ] GC(209) Metaspace: 6301K(6464K)->6301K(6464K) NonClass: 5768K(5824K)->5768K(5824K) Class: 533K(640K)->533K(640K)
[17.993s][info][gc             ] GC(209) Pause Young (Allocation Failure) 2731M->2731M(2984M) 44.225ms
[17.993s][info][gc,cpu         ] GC(209) User=0.25s Sys=0.00s Real=0.04s
[18.040s][info][gc,start       ] GC(210) Pause Young (Allocation Failure)
[18.086s][info][gc,heap        ] GC(210) PSYoungGen: 76960K(155136K)->38624K(150528K) Eden: 38400K(38400K)->0K(42496K) From: 38560K(116736K)->38624K(108032K)
[18.086s][info][gc,heap        ] GC(210) ParOldGen: 2758980K(2900480K)->2797740K(2900480K)
[18.086s][info][gc,metaspace   ] GC(210) Metaspace: 6301K(6464K)->6301K(6464K) NonClass: 5768K(5824K)->5768K(5824K) Class: 533K(640K)->533K(640K)
[18.086s][info][gc             ] GC(210) Pause Young (Allocation Failure) 2769M->2769M(2979M) 46.591ms
[18.087s][info][gc,cpu         ] GC(210) User=0.25s Sys=0.00s Real=0.05s
[18.744s][info][gc,start       ] GC(211) Pause Young (Allocation Failure)
[18.859s][info][gc,heap        ] GC(211) PSYoungGen: 81120K(150528K)->42688K(153600K) Eden: 42496K(42496K)->0K(42496K) From: 38624K(108032K)->42688K(111104K)
[18.859s][info][gc,heap        ] GC(211) ParOldGen: 2928812K(3032064K)->2967564K(3032064K)
[18.859s][info][gc,metaspace   ] GC(211) Metaspace: 6301K(6464K)->6301K(6464K) NonClass: 5768K(5824K)->5768K(5824K) Class: 533K(640K)->533K(640K)
[18.859s][info][gc             ] GC(211) Pause Young (Allocation Failure) 2939M->2939M(3111M) 115.127ms
[18.859s][info][gc,cpu         ] GC(211) User=0.52s Sys=0.08s Real=0.12s
[18.903s][info][gc,start       ] GC(212) Pause Young (Allocation Failure)
[18.961s][info][gc,heap        ] GC(212) PSYoungGen: 85184K(153600K)->85216K(146944K) Eden: 42496K(42496K)->0K(39936K) From: 42688K(111104K)->85216K(107008K)
[18.961s][info][gc,heap        ] GC(212) ParOldGen: 2967564K(3032064K)->2967564K(3032064K)
[18.961s][info][gc,metaspace   ] GC(212) Metaspace: 6301K(6464K)->6301K(6464K) NonClass: 5768K(5824K)->5768K(5824K) Class: 533K(640K)->533K(640K)
[18.961s][info][gc             ] GC(212) Pause Young (Allocation Failure) 2981M->2981M(3104M) 57.566ms
[18.961s][info][gc,cpu         ] GC(212) User=0.20s Sys=0.00s Real=0.06s
[19.000s][info][gc,start       ] GC(213) Pause Young (Allocation Failure)
[19.071s][info][gc,heap        ] GC(213) PSYoungGen: 125152K(146944K)->113664K(153600K) Eden: 39936K(39936K)->0K(39936K) From: 85216K(107008K)->113664K(113664K)
[19.071s][info][gc,heap        ] GC(213) ParOldGen: 2967564K(3032064K)->2979092K(3032064K)
[19.071s][info][gc,metaspace   ] GC(213) Metaspace: 6301K(6464K)->6301K(6464K) NonClass: 5768K(5824K)->5768K(5824K) Class: 533K(640K)->533K(640K)
[19.071s][info][gc             ] GC(213) Pause Young (Allocation Failure) 3020M->3020M(3111M) 70.747ms
[19.071s][info][gc,cpu         ] GC(213) User=0.27s Sys=0.00s Real=0.07s
[19.071s][info][gc,start       ] GC(214) Pause Full (Ergonomics)
[19.071s][info][gc,phases,start] GC(214) Marking Phase
[19.762s][info][gc,phases      ] GC(214) Marking Phase 690.430ms
[19.762s][info][gc,phases,start] GC(214) Summary Phase
[19.762s][info][gc,phases      ] GC(214) Summary Phase 0.109ms
[19.762s][info][gc,phases,start] GC(214) Adjust Roots
[19.762s][info][gc,phases      ] GC(214) Adjust Roots 0.375ms
[19.762s][info][gc,phases,start] GC(214) Compaction Phase
[20.250s][info][gc,phases      ] GC(214) Compaction Phase 487.362ms
[20.250s][info][gc,phases,start] GC(214) Post Compact
[20.256s][info][gc,phases      ] GC(214) Post Compact 6.281ms
[20.257s][info][gc,heap        ] GC(214) PSYoungGen: 113664K(153600K)->0K(177664K) Eden: 0K(39936K)->0K(44032K) From: 113664K(113664K)->0K(133632K)
[20.257s][info][gc,heap        ] GC(214) ParOldGen: 2979092K(3032064K)->3024737K(3316224K)
[20.257s][info][gc,metaspace   ] GC(214) Metaspace: 6301K(6464K)->6301K(6464K) NonClass: 5768K(5824K)->5768K(5824K) Class: 533K(640K)->533K(640K)
[20.257s][info][gc             ] GC(214) Pause Full (Ergonomics) 3020M->2953M(3412M) 1185.897ms
[20.257s][info][gc,cpu         ] GC(214) User=8.25s Sys=0.11s Real=1.19s
[20.301s][info][gc,start       ] GC(215) Pause Young (Allocation Failure)
[20.342s][info][gc,heap        ] GC(215) PSYoungGen: 44032K(177664K)->44224K(177664K) Eden: 44032K(44032K)->0K(44032K) From: 0K(133632K)->44224K(133632K)
[20.342s][info][gc,heap        ] GC(215) ParOldGen: 3024737K(3316224K)->3024737K(3316224K)
[20.342s][info][gc,metaspace   ] GC(215) Metaspace: 6301K(6464K)->6301K(6464K) NonClass: 5768K(5824K)->5768K(5824K) Class: 533K(640K)->533K(640K)
[20.342s][info][gc             ] GC(215) Pause Young (Allocation Failure) 2996M->2997M(3412M) 41.534ms
[20.342s][info][gc,cpu         ] GC(215) User=0.06s Sys=0.00s Real=0.04s
[20.385s][info][gc,start       ] GC(216) Pause Young (Allocation Failure)
[20.438s][info][gc,heap        ] GC(216) PSYoungGen: 88256K(177664K)->88256K(174080K) Eden: 44032K(44032K)->0K(44544K) From: 44224K(133632K)->88256K(129536K)
[20.438s][info][gc,heap        ] GC(216) ParOldGen: 3024737K(3316224K)->3024737K(3316224K)
[20.438s][info][gc,metaspace   ] GC(216) Metaspace: 6301K(6464K)->6301K(6464K) NonClass: 5768K(5824K)->5768K(5824K) Class: 533K(640K)->533K(640K)
[20.438s][info][gc             ] GC(216) Pause Young (Allocation Failure) 3040M->3040M(3408M) 53.417ms
[20.439s][info][gc,cpu         ] GC(216) User=0.09s Sys=0.00s Real=0.05s
[20.482s][info][gc,start       ] GC(217) Pause Young (Allocation Failure)
[20.556s][info][gc,heap        ] GC(217) PSYoungGen: 132800K(174080K)->132896K(177664K) Eden: 44544K(44544K)->0K(44544K) From: 88256K(129536K)->132896K(133120K)
[20.556s][info][gc,heap        ] GC(217) ParOldGen: 3024737K(3316224K)->3024737K(3316224K)
[20.556s][info][gc,metaspace   ] GC(217) Metaspace: 6301K(6464K)->6301K(6464K) NonClass: 5768K(5824K)->5768K(5824K) Class: 533K(640K)->533K(640K)
[20.556s][info][gc             ] GC(217) Pause Young (Allocation Failure) 3083M->3083M(3412M) 73.883ms
[20.556s][info][gc,cpu         ] GC(217) User=0.28s Sys=0.00s Real=0.07s
[20.609s][info][gc,start       ] GC(218) Pause Young (Allocation Failure)
[20.694s][info][gc,heap        ] GC(218) PSYoungGen: 177440K(177664K)->151552K(168960K) Eden: 44544K(44544K)->0K(17408K) From: 132896K(133120K)->151552K(151552K)
[20.695s][info][gc,heap        ] GC(218) ParOldGen: 3024737K(3316224K)->3050793K(3316224K)
[20.695s][info][gc,metaspace   ] GC(218) Metaspace: 6301K(6464K)->6301K(6464K) NonClass: 5768K(5824K)->5768K(5824K) Class: 533K(640K)->533K(640K)
[20.695s][info][gc             ] GC(218) Pause Young (Allocation Failure) 3127M->3127M(3403M) 85.839ms
[20.695s][info][gc,cpu         ] GC(218) User=0.59s Sys=0.03s Real=0.09s
[20.713s][info][gc,start       ] GC(219) Pause Young (Allocation Failure)
[20.792s][info][gc,heap        ] GC(219) PSYoungGen: 168960K(168960K)->92992K(110592K) Eden: 17408K(17408K)->0K(17408K) From: 151552K(151552K)->92992K(93184K)
[20.792s][info][gc,heap        ] GC(219) ParOldGen: 3050793K(3316224K)->3127465K(3316224K)
[20.792s][info][gc,metaspace   ] GC(219) Metaspace: 6301K(6464K)->6301K(6464K) NonClass: 5768K(5824K)->5768K(5824K) Class: 533K(640K)->533K(640K)
[20.792s][info][gc             ] GC(219) Pause Young (Allocation Failure) 3144M->3144M(3346M) 79.472ms
[20.792s][info][gc,cpu         ] GC(219) User=0.42s Sys=0.03s Real=0.08s
[20.811s][info][gc,start       ] GC(220) Pause Young (Allocation Failure)
[20.875s][info][gc,heap        ] GC(220) PSYoungGen: 110400K(110592K)->34944K(194560K) Eden: 17408K(17408K)->0K(19968K) From: 92992K(93184K)->34944K(174592K)
[20.875s][info][gc,heap        ] GC(220) ParOldGen: 3127465K(3316224K)->3203449K(3316224K)
[20.875s][info][gc,metaspace   ] GC(220) Metaspace: 6301K(6464K)->6301K(6464K) NonClass: 5768K(5824K)->5768K(5824K) Class: 533K(640K)->533K(640K)
[20.875s][info][gc             ] GC(220) Pause Young (Allocation Failure) 3161M->3162M(3428M) 64.599ms
[20.875s][info][gc,cpu         ] GC(220) User=0.27s Sys=0.03s Real=0.07s
[20.895s][info][gc,start       ] GC(221) Pause Young (Allocation Failure)
[20.942s][info][gc,heap        ] GC(221) PSYoungGen: 54912K(194560K)->20096K(196096K) Eden: 19968K(19968K)->0K(19968K) From: 34944K(174592K)->20096K(176128K)
[20.942s][info][gc,heap        ] GC(221) ParOldGen: 3203449K(3316224K)->3238545K(3316224K)
[20.942s][info][gc,metaspace   ] GC(221) Metaspace: 6301K(6464K)->6301K(6464K) NonClass: 5768K(5824K)->5768K(5824K) Class: 533K(640K)->533K(640K)
[20.942s][info][gc             ] GC(221) Pause Young (Allocation Failure) 3181M->3182M(3430M) 47.023ms
[20.942s][info][gc,cpu         ] GC(221) User=0.08s Sys=0.00s Real=0.05s
[20.942s][info][gc,start       ] GC(222) Pause Full (Ergonomics)
[20.942s][info][gc,phases,start] GC(222) Marking Phase
[21.684s][info][gc,phases      ] GC(222) Marking Phase 741.830ms
[21.684s][info][gc,phases,start] GC(222) Summary Phase
[21.684s][info][gc,phases      ] GC(222) Summary Phase 0.121ms
[21.684s][info][gc,phases,start] GC(222) Adjust Roots
[21.684s][info][gc,phases      ] GC(222) Adjust Roots 0.256ms
[21.684s][info][gc,phases,start] GC(222) Compaction Phase
[21.984s][info][gc,phases      ] GC(222) Compaction Phase 299.002ms
[21.984s][info][gc,phases,start] GC(222) Post Compact
[21.989s][info][gc,phases      ] GC(222) Post Compact 5.810ms
[21.991s][info][gc,heap        ] GC(222) PSYoungGen: 20096K(196096K)->0K(199168K) Eden: 0K(19968K)->0K(23040K) From: 20096K(176128K)->0K(176128K)
[21.991s][info][gc,heap        ] GC(222) ParOldGen: 3238545K(3316224K)->3256441K(3595264K)
[21.991s][info][gc,metaspace   ] GC(222) Metaspace: 6301K(6464K)->6301K(6464K) NonClass: 5768K(5824K)->5768K(5824K) Class: 533K(640K)->533K(640K)
[21.991s][info][gc             ] GC(222) Pause Full (Ergonomics) 3182M->3180M(3705M) 1048.565ms
[21.991s][info][gc,cpu         ] GC(222) User=7.61s Sys=0.00s Real=1.05s
[22.013s][info][gc,start       ] GC(223) Pause Young (Allocation Failure)
[22.048s][info][gc,heap        ] GC(223) PSYoungGen: 23040K(199168K)->23200K(199168K) Eden: 23040K(23040K)->0K(23040K) From: 0K(176128K)->23200K(176128K)
[22.049s][info][gc,heap        ] GC(223) ParOldGen: 3256441K(3595264K)->3256441K(3595264K)
[22.049s][info][gc,metaspace   ] GC(223) Metaspace: 6301K(6464K)->6301K(6464K) NonClass: 5768K(5824K)->5768K(5824K) Class: 533K(640K)->533K(640K)
[22.049s][info][gc             ] GC(223) Pause Young (Allocation Failure) 3202M->3202M(3705M) 35.602ms
[22.049s][info][gc,cpu         ] GC(223) User=0.05s Sys=0.00s Real=0.04s
[22.073s][info][gc,start       ] GC(224) Pause Young (Allocation Failure)
[22.118s][info][gc,heap        ] GC(224) PSYoungGen: 46240K(199168K)->23168K(192512K) Eden: 23040K(23040K)->0K(25600K) From: 23200K(176128K)->23168K(166912K)
[22.118s][info][gc,heap        ] GC(224) ParOldGen: 3256441K(3595264K)->3279689K(3595264K)
[22.118s][info][gc,metaspace   ] GC(224) Metaspace: 6301K(6464K)->6301K(6464K) NonClass: 5768K(5824K)->5768K(5824K) Class: 533K(640K)->533K(640K)
[22.118s][info][gc             ] GC(224) Pause Young (Allocation Failure) 3225M->3225M(3699M) 44.263ms
[22.118s][info][gc,cpu         ] GC(224) User=0.05s Sys=0.02s Real=0.04s
[22.145s][info][gc,start       ] GC(225) Pause Young (Allocation Failure)
[22.188s][info][gc,heap        ] GC(225) PSYoungGen: 48768K(192512K)->25792K(51712K) Eden: 25600K(25600K)->0K(25600K) From: 23168K(166912K)->25792K(26112K)
[22.188s][info][gc,heap        ] GC(225) ParOldGen: 3279689K(3595264K)->3302929K(3595264K)
[22.188s][info][gc,metaspace   ] GC(225) Metaspace: 6301K(6464K)->6301K(6464K) NonClass: 5768K(5824K)->5768K(5824K) Class: 533K(640K)->533K(640K)
[22.188s][info][gc             ] GC(225) Pause Young (Allocation Failure) 3250M->3250M(3561M) 43.656ms
[22.188s][info][gc,cpu         ] GC(225) User=0.08s Sys=0.02s Real=0.04s
[22.214s][info][gc,start       ] GC(226) Pause Young (Allocation Failure)
[22.263s][info][gc,heap        ] GC(226) PSYoungGen: 51392K(51712K)->25728K(184832K) Eden: 25600K(25600K)->0K(28672K) From: 25792K(26112K)->25728K(156160K)
[22.263s][info][gc,heap        ] GC(226) ParOldGen: 3302929K(3595264K)->3328761K(3595264K)
[22.263s][info][gc,metaspace   ] GC(226) Metaspace: 6301K(6464K)->6301K(6464K) NonClass: 5768K(5824K)->5768K(5824K) Class: 533K(640K)->533K(640K)
[22.263s][info][gc             ] GC(226) Pause Young (Allocation Failure) 3275M->3275M(3691M) 48.544ms
[22.263s][info][gc,cpu         ] GC(226) User=0.08s Sys=0.00s Real=0.05s
[22.294s][info][gc,start       ] GC(227) Pause Young (Allocation Failure)
[22.344s][info][gc,heap        ] GC(227) PSYoungGen: 54400K(184832K)->28864K(57856K) Eden: 28672K(28672K)->0K(28672K) From: 25728K(156160K)->28864K(29184K)
[22.344s][info][gc,heap        ] GC(227) ParOldGen: 3328761K(3595264K)->3354601K(3595264K)
[22.344s][info][gc,metaspace   ] GC(227) Metaspace: 6301K(6464K)->6301K(6464K) NonClass: 5768K(5824K)->5768K(5824K) Class: 533K(640K)->533K(640K)
[22.344s][info][gc             ] GC(227) Pause Young (Allocation Failure) 3303M->3304M(3567M) 50.374ms
[22.344s][info][gc,cpu         ] GC(227) User=0.08s Sys=0.02s Real=0.05s
[22.374s][info][gc,start       ] GC(228) Pause Young (Allocation Failure)
[22.423s][info][gc,heap        ] GC(228) PSYoungGen: 57536K(57856K)->28800K(175616K) Eden: 28672K(28672K)->0K(32768K) From: 28864K(29184K)->28800K(142848K)
[22.423s][info][gc,heap        ] GC(228) ParOldGen: 3354601K(3595264K)->3383529K(3595264K)
[22.423s][info][gc,metaspace   ] GC(228) Metaspace: 6301K(6464K)->6301K(6464K) NonClass: 5768K(5824K)->5768K(5824K) Class: 533K(640K)->533K(640K)
[22.423s][info][gc             ] GC(228) Pause Young (Allocation Failure) 3332M->3332M(3682M) 48.847ms
[22.423s][info][gc,cpu         ] GC(228) User=0.17s Sys=0.00s Real=0.05s
[22.457s][info][gc,start       ] GC(229) Pause Young (Allocation Failure)
[22.506s][info][gc,heap        ] GC(229) PSYoungGen: 61568K(175616K)->32896K(66048K) Eden: 32768K(32768K)->0K(32768K) From: 28800K(142848K)->32896K(33280K)
[22.506s][info][gc,heap        ] GC(229) ParOldGen: 3383529K(3595264K)->3412457K(3595264K)
[22.506s][info][gc,metaspace   ] GC(229) Metaspace: 6301K(6464K)->6301K(6464K) NonClass: 5768K(5824K)->5768K(5824K) Class: 533K(640K)->533K(640K)
[22.506s][info][gc             ] GC(229) Pause Young (Allocation Failure) 3364M->3364M(3575M) 49.638ms
[22.506s][info][gc,cpu         ] GC(229) User=0.17s Sys=0.02s Real=0.05s
[22.539s][info][gc,start       ] GC(230) Pause Young (Allocation Failure)
[22.591s][info][gc,heap        ] GC(230) PSYoungGen: 65664K(66048K)->32928K(165888K) Eden: 32768K(32768K)->0K(36864K) From: 32896K(33280K)->32928K(129024K)
[22.592s][info][gc,heap        ] GC(230) ParOldGen: 3412457K(3595264K)->3445521K(3595264K)
[22.592s][info][gc,metaspace   ] GC(230) Metaspace: 6301K(6464K)->6301K(6464K) NonClass: 5768K(5824K)->5768K(5824K) Class: 533K(640K)->533K(640K)
[22.592s][info][gc             ] GC(230) Pause Young (Allocation Failure) 3396M->3396M(3673M) 52.168ms
[22.592s][info][gc,cpu         ] GC(230) User=0.16s Sys=0.03s Real=0.05s
[22.626s][info][gc,start       ] GC(231) Pause Young (Allocation Failure)
[22.675s][info][gc,heap        ] GC(231) PSYoungGen: 69792K(165888K)->37056K(74240K) Eden: 36864K(36864K)->0K(36864K) From: 32928K(129024K)->37056K(37376K)
[22.675s][info][gc,heap        ] GC(231) ParOldGen: 3445521K(3595264K)->3478585K(3595264K)
[22.675s][info][gc,metaspace   ] GC(231) Metaspace: 6301K(6464K)->6301K(6464K) NonClass: 5768K(5824K)->5768K(5824K) Class: 533K(640K)->533K(640K)
[22.675s][info][gc             ] GC(231) Pause Young (Allocation Failure) 3432M->3433M(3583M) 49.823ms
[22.675s][info][gc,cpu         ] GC(231) User=0.08s Sys=0.00s Real=0.05s
[22.714s][info][gc,start       ] GC(232) Pause Young (Allocation Failure)
[22.769s][info][gc,heap        ] GC(232) PSYoungGen: 73920K(74240K)->37056K(156672K) Eden: 36864K(36864K)->0K(41472K) From: 37056K(37376K)->37056K(115200K)
[22.769s][info][gc,heap        ] GC(232) ParOldGen: 3478585K(3595264K)->3515793K(3595264K)
[22.769s][info][gc,metaspace   ] GC(232) Metaspace: 6301K(6464K)->6301K(6464K) NonClass: 5768K(5824K)->5768K(5824K) Class: 533K(640K)->533K(640K)
[22.769s][info][gc             ] GC(232) Pause Young (Allocation Failure) 3469M->3469M(3664M) 55.383ms
[22.769s][info][gc,cpu         ] GC(232) User=0.17s Sys=0.02s Real=0.06s
[22.812s][info][gc,start       ] GC(233) Pause Young (Allocation Failure)
[22.868s][info][gc,heap        ] GC(233) PSYoungGen: 78528K(156672K)->41664K(83456K) Eden: 41472K(41472K)->0K(41472K) From: 37056K(115200K)->41664K(41984K)
[22.868s][info][gc,heap        ] GC(233) ParOldGen: 3515793K(3595264K)->3552993K(3595264K)
[22.868s][info][gc,metaspace   ] GC(233) Metaspace: 6301K(6464K)->6301K(6464K) NonClass: 5768K(5824K)->5768K(5824K) Class: 533K(640K)->533K(640K)
[22.868s][info][gc             ] GC(233) Pause Young (Allocation Failure) 3510M->3510M(3592M) 55.180ms
[22.868s][info][gc,cpu         ] GC(233) User=0.16s Sys=0.00s Real=0.05s
[22.868s][info][gc,start       ] GC(234) Pause Full (Ergonomics)
[22.868s][info][gc,phases,start] GC(234) Marking Phase
[23.667s][info][gc,phases      ] GC(234) Marking Phase 798.888ms
[23.667s][info][gc,phases,start] GC(234) Summary Phase
[23.667s][info][gc,phases      ] GC(234) Summary Phase 0.122ms
[23.667s][info][gc,phases,start] GC(234) Adjust Roots
[23.667s][info][gc,phases      ] GC(234) Adjust Roots 0.253ms
[23.667s][info][gc,phases,start] GC(234) Compaction Phase
[24.030s][info][gc,phases      ] GC(234) Compaction Phase 363.321ms
[24.030s][info][gc,phases,start] GC(234) Post Compact
[24.038s][info][gc,phases      ] GC(234) Post Compact 7.139ms
[24.039s][info][gc,heap        ] GC(234) PSYoungGen: 41664K(83456K)->0K(161280K) Eden: 0K(41472K)->0K(46592K) From: 41664K(41984K)->0K(114688K)
[24.039s][info][gc,heap        ] GC(234) ParOldGen: 3552993K(3595264K)->3591458K(3935744K)
[24.039s][info][gc,metaspace   ] GC(234) Metaspace: 6301K(6464K)->6301K(6464K) NonClass: 5768K(5824K)->5768K(5824K) Class: 533K(640K)->533K(640K)
[24.039s][info][gc             ] GC(234) Pause Full (Ergonomics) 3510M->3507M(4001M) 1171.353ms
[24.039s][info][gc,cpu         ] GC(234) User=7.98s Sys=0.02s Real=1.17s
[24.091s][info][gc,start       ] GC(235) Pause Young (Allocation Failure)
[24.144s][info][gc,heap        ] GC(235) PSYoungGen: 46592K(161280K)->46784K(93696K) Eden: 46592K(46592K)->0K(46592K) From: 0K(114688K)->46784K(47104K)
[24.144s][info][gc,heap        ] GC(235) ParOldGen: 3591458K(3935744K)->3591458K(3935744K)
[24.144s][info][gc,metaspace   ] GC(235) Metaspace: 6301K(6464K)->6301K(6464K) NonClass: 5768K(5824K)->5768K(5824K) Class: 533K(640K)->533K(640K)
[24.144s][info][gc             ] GC(235) Pause Young (Allocation Failure) 3552M->3552M(3935M) 52.970ms
[24.144s][info][gc,cpu         ] GC(235) User=0.17s Sys=0.00s Real=0.05s
[24.195s][info][gc,start       ] GC(236) Pause Young (Allocation Failure)
[24.258s][info][gc,heap        ] GC(236) PSYoungGen: 93376K(93696K)->93472K(147968K) Eden: 46592K(46592K)->0K(39424K) From: 46784K(47104K)->93472K(108544K)
[24.258s][info][gc,heap        ] GC(236) ParOldGen: 3591458K(3935744K)->3591458K(3935744K)
[24.258s][info][gc,metaspace   ] GC(236) Metaspace: 6301K(6464K)->6301K(6464K) NonClass: 5768K(5824K)->5768K(5824K) Class: 533K(640K)->533K(640K)
[24.258s][info][gc             ] GC(236) Pause Young (Allocation Failure) 3598M->3598M(3988M) 63.369ms
[24.258s][info][gc,cpu         ] GC(236) User=0.16s Sys=0.00s Real=0.06s
[24.294s][info][gc,start       ] GC(237) Pause Young (Allocation Failure)
[24.369s][info][gc,heap        ] GC(237) PSYoungGen: 132896K(147968K)->120320K(159744K) Eden: 39424K(39424K)->0K(39424K) From: 93472K(108544K)->120320K(120320K)
[24.369s][info][gc,heap        ] GC(237) ParOldGen: 3591458K(3935744K)->3604050K(3935744K)
[24.369s][info][gc,metaspace   ] GC(237) Metaspace: 6301K(6464K)->6301K(6464K) NonClass: 5768K(5824K)->5768K(5824K) Class: 533K(640K)->533K(640K)
[24.369s][info][gc             ] GC(237) Pause Young (Allocation Failure) 3637M->3637M(3999M) 74.850ms
[24.369s][info][gc,cpu         ] GC(237) User=0.33s Sys=0.00s Real=0.08s
[24.407s][info][gc,start       ] GC(238) Pause Young (Allocation Failure)
[24.489s][info][gc,heap        ] GC(238) PSYoungGen: 159744K(159744K)->78848K(185856K) Eden: 39424K(39424K)->0K(44032K) From: 120320K(120320K)->78848K(141824K)
[24.489s][info][gc,heap        ] GC(238) ParOldGen: 3604050K(3935744K)->3685802K(3935744K)
[24.489s][info][gc,metaspace   ] GC(238) Metaspace: 6301K(6464K)->6301K(6464K) NonClass: 5768K(5824K)->5768K(5824K) Class: 533K(640K)->533K(640K)
[24.489s][info][gc             ] GC(238) Pause Young (Allocation Failure) 3675M->3676M(4025M) 81.235ms
[24.489s][info][gc,cpu         ] GC(238) User=0.48s Sys=0.02s Real=0.08s
[24.530s][info][gc,start       ] GC(239) Pause Young (Allocation Failure)
[24.600s][info][gc,heap        ] GC(239) PSYoungGen: 122880K(185856K)->83680K(186880K) Eden: 44032K(44032K)->0K(44032K) From: 78848K(141824K)->83680K(142848K)
[24.600s][info][gc,heap        ] GC(239) ParOldGen: 3685802K(3935744K)->3725274K(3935744K)
[24.600s][info][gc,metaspace   ] GC(239) Metaspace: 6301K(6464K)->6301K(6464K) NonClass: 5768K(5824K)->5768K(5824K) Class: 533K(640K)->533K(640K)
[24.600s][info][gc             ] GC(239) Pause Young (Allocation Failure) 3719M->3719M(4026M) 70.133ms
[24.600s][info][gc,cpu         ] GC(239) User=0.28s Sys=0.02s Real=0.07s
[24.650s][info][gc,start       ] GC(240) Pause Young (Allocation Failure)
[24.739s][info][gc,heap        ] GC(240) PSYoungGen: 127712K(186880K)->88288K(191488K) Eden: 44032K(44032K)->0K(48128K) From: 83680K(142848K)->88288K(143360K)
[24.739s][info][gc,heap        ] GC(240) ParOldGen: 3725274K(3935744K)->3765050K(3935744K)
[24.739s][info][gc,metaspace   ] GC(240) Metaspace: 6301K(6464K)->6301K(6464K) NonClass: 5768K(5824K)->5768K(5824K) Class: 533K(640K)->533K(640K)
[24.739s][info][gc             ] GC(240) Pause Young (Allocation Failure) 3762M->3763M(4030M) 89.162ms
[24.739s][info][gc,cpu         ] GC(240) User=0.30s Sys=0.03s Real=0.09s
[24.791s][info][gc,start       ] GC(241) Pause Young (Allocation Failure)
[24.885s][info][gc,heap        ] GC(241) PSYoungGen: 136416K(191488K)->92448K(193024K) Eden: 48128K(48128K)->0K(48128K) From: 88288K(143360K)->92448K(144896K)
[24.885s][info][gc,heap        ] GC(241) ParOldGen: 3765050K(3935744K)->3809482K(3935744K)
[24.885s][info][gc,metaspace   ] GC(241) Metaspace: 6301K(6464K)->6301K(6464K) NonClass: 5768K(5824K)->5768K(5824K) Class: 533K(640K)->533K(640K)
[24.885s][info][gc             ] GC(241) Pause Young (Allocation Failure) 3810M->3810M(4032M) 93.731ms
[24.885s][info][gc,cpu         ] GC(241) User=0.30s Sys=0.02s Real=0.09s
[24.934s][info][gc,start       ] GC(242) Pause Young (Allocation Failure)
[25.016s][info][gc,heap        ] GC(242) PSYoungGen: 140576K(193024K)->48288K(192000K) Eden: 48128K(48128K)->0K(54272K) From: 92448K(144896K)->48288K(137728K)
[25.016s][info][gc,heap        ] GC(242) ParOldGen: 3809482K(3935744K)->3902442K(3935744K)
[25.016s][info][gc,metaspace   ] GC(242) Metaspace: 6301K(6464K)->6301K(6464K) NonClass: 5768K(5824K)->5768K(5824K) Class: 533K(640K)->533K(640K)
[25.016s][info][gc             ] GC(242) Pause Young (Allocation Failure) 3857M->3858M(4031M) 82.489ms
[25.016s][info][gc,cpu         ] GC(242) User=0.25s Sys=0.09s Real=0.08s
[25.016s][info][gc,start       ] GC(243) Pause Full (Ergonomics)
[25.017s][info][gc,phases,start] GC(243) Marking Phase
[25.947s][info][gc,phases      ] GC(243) Marking Phase 930.094ms
[25.947s][info][gc,phases,start] GC(243) Summary Phase
[25.947s][info][gc,phases      ] GC(243) Summary Phase 0.070ms
[25.947s][info][gc,phases,start] GC(243) Adjust Roots
[25.947s][info][gc,phases      ] GC(243) Adjust Roots 0.247ms
[25.947s][info][gc,phases,start] GC(243) Compaction Phase
[26.786s][info][gc,phases      ] GC(243) Compaction Phase 838.838ms
[26.786s][info][gc,phases,start] GC(243) Post Compact
[26.793s][info][gc,phases      ] GC(243) Post Compact 7.319ms
[26.795s][info][gc,heap        ] GC(243) PSYoungGen: 48288K(192000K)->11833K(196608K) Eden: 0K(54272K)->0K(58880K) From: 48288K(137728K)->11833K(137728K)
[26.795s][info][gc,heap        ] GC(243) ParOldGen: 3902442K(3935744K)->3935734K(4346368K)
[26.795s][info][gc,metaspace   ] GC(243) Metaspace: 6301K(6464K)->6301K(6464K) NonClass: 5768K(5824K)->5768K(5824K) Class: 533K(640K)->533K(640K)
[26.795s][info][gc             ] GC(243) Pause Full (Ergonomics) 3858M->3855M(4436M) 1778.284ms
[26.795s][info][gc,cpu         ] GC(243) User=12.55s Sys=0.09s Real=1.78s
[26.857s][info][gc,start       ] GC(244) Pause Young (Allocation Failure)
[27.058s][info][gc,heap        ] GC(244) PSYoungGen: 70713K(196608K)->59072K(201216K) Eden: 58880K(58880K)->0K(58880K) From: 11833K(137728K)->59072K(142336K)
[27.058s][info][gc,heap        ] GC(244) ParOldGen: 3935734K(4346368K)->3947718K(4346368K)
[27.058s][info][gc,metaspace   ] GC(244) Metaspace: 6301K(6464K)->6301K(6464K) NonClass: 5768K(5824K)->5768K(5824K) Class: 533K(640K)->533K(640K)
[27.058s][info][gc             ] GC(244) Pause Young (Allocation Failure) 3912M->3912M(4441M) 201.617ms
[27.058s][info][gc,cpu         ] GC(244) User=1.38s Sys=0.00s Real=0.20s
[27.121s][info][gc,start       ] GC(245) Pause Young (Allocation Failure)
[27.192s][info][gc,heap        ] GC(245) PSYoungGen: 117952K(201216K)->118080K(188928K) Eden: 58880K(58880K)->0K(52736K) From: 59072K(142336K)->118080K(136192K)
[27.192s][info][gc,heap        ] GC(245) ParOldGen: 3947718K(4346368K)->3947718K(4346368K)
[27.192s][info][gc,metaspace   ] GC(245) Metaspace: 6301K(6464K)->6301K(6464K) NonClass: 5768K(5824K)->5768K(5824K) Class: 533K(640K)->533K(640K)
[27.192s][info][gc             ] GC(245) Pause Young (Allocation Failure) 3970M->3970M(4429M) 70.721ms
[27.192s][info][gc,cpu         ] GC(245) User=0.33s Sys=0.05s Real=0.07s
[27.253s][info][gc,start       ] GC(246) Pause Young (Allocation Failure)
[27.340s][info][gc,heap        ] GC(246) PSYoungGen: 170816K(188928K)->148480K(201216K) Eden: 52736K(52736K)->0K(52736K) From: 118080K(136192K)->148480K(148480K)
[27.340s][info][gc,heap        ] GC(246) ParOldGen: 3947718K(4346368K)->3970198K(4346368K)
[27.340s][info][gc,metaspace   ] GC(246) Metaspace: 6301K(6464K)->6301K(6464K) NonClass: 5768K(5824K)->5768K(5824K) Class: 533K(640K)->533K(640K)
[27.340s][info][gc             ] GC(246) Pause Young (Allocation Failure) 4022M->4022M(4441M) 86.640ms
[27.340s][info][gc,cpu         ] GC(246) User=0.53s Sys=0.02s Real=0.09s
[27.396s][info][gc,start       ] GC(247) Pause Young (Allocation Failure)
[27.506s][info][gc,heap        ] GC(247) PSYoungGen: 201216K(201216K)->99616K(231936K) Eden: 52736K(52736K)->0K(58880K) From: 148480K(148480K)->99616K(173056K)
[27.507s][info][gc,heap        ] GC(247) ParOldGen: 3970198K(4346368K)->4072718K(4346368K)
[27.507s][info][gc,metaspace   ] GC(247) Metaspace: 6301K(6464K)->6301K(6464K) NonClass: 5768K(5824K)->5768K(5824K) Class: 533K(640K)->533K(640K)
[27.507s][info][gc             ] GC(247) Pause Young (Allocation Failure) 4073M->4074M(4471M) 110.354ms
[27.507s][info][gc,cpu         ] GC(247) User=0.62s Sys=0.09s Real=0.11s
[27.565s][info][gc,start       ] GC(248) Pause Young (Allocation Failure)
[27.648s][info][gc,heap        ] GC(248) PSYoungGen: 158496K(231936K)->111936K(233984K) Eden: 58880K(58880K)->0K(58880K) From: 99616K(173056K)->111936K(175104K)
[27.648s][info][gc,heap        ] GC(248) ParOldGen: 4072718K(4346368K)->4119758K(4346368K)
[27.648s][info][gc,metaspace   ] GC(248) Metaspace: 6301K(6464K)->6301K(6464K) NonClass: 5768K(5824K)->5768K(5824K) Class: 533K(640K)->533K(640K)
[27.648s][info][gc             ] GC(248) Pause Young (Allocation Failure) 4132M->4132M(4473M) 83.513ms
[27.648s][info][gc,cpu         ] GC(248) User=0.55s Sys=0.02s Real=0.08s
[27.714s][info][gc,start       ] GC(249) Pause Young (Allocation Failure)
[27.803s][info][gc,heap        ] GC(249) PSYoungGen: 170816K(233984K)->118112K(239104K) Eden: 58880K(58880K)->0K(62464K) From: 111936K(175104K)->118112K(176640K)
[27.803s][info][gc,heap        ] GC(249) ParOldGen: 4119758K(4346368K)->4172974K(4346368K)
[27.803s][info][gc,metaspace   ] GC(249) Metaspace: 6301K(6464K)->6301K(6464K) NonClass: 5768K(5824K)->5768K(5824K) Class: 533K(640K)->533K(640K)
[27.803s][info][gc             ] GC(249) Pause Young (Allocation Failure) 4190M->4190M(4478M) 88.976ms
[27.803s][info][gc,cpu         ] GC(249) User=0.53s Sys=0.09s Real=0.09s
[27.879s][info][gc,start       ] GC(250) Pause Young (Allocation Failure)
[27.974s][info][gc,heap        ] GC(250) PSYoungGen: 180576K(239104K)->121664K(242176K) Eden: 62464K(62464K)->0K(62464K) From: 118112K(176640K)->121664K(179712K)
[27.974s][info][gc,heap        ] GC(250) ParOldGen: 4172974K(4346368K)->4232398K(4346368K)
[27.974s][info][gc,metaspace   ] GC(250) Metaspace: 6301K(6464K)->6301K(6464K) NonClass: 5768K(5824K)->5768K(5824K) Class: 533K(640K)->533K(640K)
[27.974s][info][gc             ] GC(250) Pause Young (Allocation Failure) 4251M->4252M(4481M) 94.296ms
[27.974s][info][gc,cpu         ] GC(250) User=0.66s Sys=0.09s Real=0.09s
[28.041s][info][gc,start       ] GC(251) Pause Young (Allocation Failure)
[28.138s][info][gc,heap        ] GC(251) PSYoungGen: 184128K(242176K)->125312K(249344K) Eden: 62464K(62464K)->0K(66560K) From: 121664K(179712K)->125312K(182784K)
[28.138s][info][gc,heap        ] GC(251) ParOldGen: 4232398K(4346368K)->4291822K(4346368K)
[28.138s][info][gc,metaspace   ] GC(251) Metaspace: 6301K(6464K)->6301K(6464K) NonClass: 5768K(5824K)->5768K(5824K) Class: 533K(640K)->533K(640K)
[28.138s][info][gc             ] GC(251) Pause Young (Allocation Failure) 4313M->4313M(4488M) 96.247ms
[28.138s][info][gc,cpu         ] GC(251) User=0.64s Sys=0.00s Real=0.10s
[28.138s][info][gc,start       ] GC(252) Pause Full (Ergonomics)
[28.138s][info][gc,phases,start] GC(252) Marking Phase
[29.149s][info][gc,phases      ] GC(252) Marking Phase 1010.837ms
[29.149s][info][gc,phases,start] GC(252) Summary Phase
[29.149s][info][gc,phases      ] GC(252) Summary Phase 0.058ms
[29.149s][info][gc,phases,start] GC(252) Adjust Roots
[29.149s][info][gc,phases      ] GC(252) Adjust Roots 0.177ms
[29.149s][info][gc,phases,start] GC(252) Compaction Phase
[29.523s][info][gc,phases      ] GC(252) Compaction Phase 373.630ms
[29.523s][info][gc,phases,start] GC(252) Post Compact
[29.531s][info][gc,phases      ] GC(252) Post Compact 8.151ms
[29.532s][info][gc,heap        ] GC(252) PSYoungGen: 125312K(249344K)->67104K(249344K) Eden: 0K(66560K)->0K(66560K) From: 125312K(182784K)->67104K(182784K)
[29.532s][info][gc,heap        ] GC(252) ParOldGen: 4291822K(4346368K)->4346136K(4804608K)
[29.532s][info][gc,metaspace   ] GC(252) Metaspace: 6301K(6464K)->6301K(6464K) NonClass: 5768K(5824K)->5768K(5824K) Class: 533K(640K)->533K(640K)
[29.532s][info][gc             ] GC(252) Pause Full (Ergonomics) 4313M->4309M(4935M) 1394.677ms
[29.532s][info][gc,cpu         ] GC(252) User=10.23s Sys=0.06s Real=1.39s
[29.596s][info][gc,start       ] GC(253) Pause Young (Allocation Failure)
[29.865s][info][gc,heap        ] GC(253) PSYoungGen: 133664K(249344K)->106048K(252928K) Eden: 66560K(66560K)->0K(66560K) From: 67104K(182784K)->106048K(186368K)
[29.865s][info][gc,heap        ] GC(253) ParOldGen: 4346136K(4804608K)->4374376K(4804608K)
[29.865s][info][gc,metaspace   ] GC(253) Metaspace: 6301K(6464K)->6301K(6464K) NonClass: 5768K(5824K)->5768K(5824K) Class: 533K(640K)->533K(640K)
[29.865s][info][gc             ] GC(253) Pause Young (Allocation Failure) 4374M->4375M(4939M) 268.486ms
[29.865s][info][gc,cpu         ] GC(253) User=1.86s Sys=0.02s Real=0.27s
[29.937s][info][gc,start       ] GC(254) Pause Young (Allocation Failure)
[30.032s][info][gc,heap        ] GC(254) PSYoungGen: 172608K(252928K)->172704K(235008K) Eden: 66560K(66560K)->0K(53760K) From: 106048K(186368K)->172704K(181248K)
[30.032s][info][gc,heap        ] GC(254) ParOldGen: 4374376K(4804608K)->4374376K(4804608K)
[30.032s][info][gc,metaspace   ] GC(254) Metaspace: 6301K(6464K)->6301K(6464K) NonClass: 5768K(5824K)->5768K(5824K) Class: 533K(640K)->533K(640K)
[30.032s][info][gc             ] GC(254) Pause Young (Allocation Failure) 4440M->4440M(4921M) 94.233ms
[30.032s][info][gc,cpu         ] GC(254) User=0.64s Sys=0.00s Real=0.09s
[30.100s][info][gc,start       ] GC(255) Pause Young (Allocation Failure)
[30.218s][info][gc,heap        ] GC(255) PSYoungGen: 226464K(235008K)->200704K(254464K) Eden: 53760K(53760K)->0K(53760K) From: 172704K(181248K)->200704K(200704K)
[30.218s][info][gc,heap        ] GC(255) ParOldGen: 4374376K(4804608K)->4400336K(4804608K)
[30.218s][info][gc,metaspace   ] GC(255) Metaspace: 6301K(6464K)->6301K(6464K) NonClass: 5768K(5824K)->5768K(5824K) Class: 533K(640K)->533K(640K)
[30.218s][info][gc             ] GC(255) Pause Young (Allocation Failure) 4493M->4493M(4940M) 118.546ms
[30.218s][info][gc,cpu         ] GC(255) User=0.75s Sys=0.02s Real=0.12s
[30.276s][info][gc,start       ] GC(256) Pause Young (Allocation Failure)
[30.415s][info][gc,heap        ] GC(256) PSYoungGen: 254464K(254464K)->162368K(291328K) Eden: 53760K(53760K)->0K(54784K) From: 200704K(200704K)->162368K(236544K)
[30.415s][info][gc,heap        ] GC(256) ParOldGen: 4400336K(4804608K)->4493312K(4804608K)
[30.415s][info][gc,metaspace   ] GC(256) Metaspace: 6301K(6464K)->6301K(6464K) NonClass: 5768K(5824K)->5768K(5824K) Class: 533K(640K)->533K(640K)
[30.415s][info][gc             ] GC(256) Pause Young (Allocation Failure) 4545M->4546M(4976M) 139.745ms
[30.415s][info][gc,cpu         ] GC(256) User=0.92s Sys=0.08s Real=0.14s
[30.471s][info][gc,start       ] GC(257) Pause Young (Allocation Failure)
[30.583s][info][gc,heap        ] GC(257) PSYoungGen: 217152K(291328K)->154528K(296448K) Eden: 54784K(54784K)->0K(54784K) From: 162368K(236544K)->154528K(241664K)
[30.583s][info][gc,heap        ] GC(257) ParOldGen: 4493312K(4804608K)->4556456K(4804608K)
[30.583s][info][gc,metaspace   ] GC(257) Metaspace: 6301K(6464K)->6301K(6464K) NonClass: 5768K(5824K)->5768K(5824K) Class: 533K(640K)->533K(640K)
[30.583s][info][gc             ] GC(257) Pause Young (Allocation Failure) 4600M->4600M(4981M) 111.976ms
[30.583s][info][gc,cpu         ] GC(257) User=0.75s Sys=0.02s Real=0.11s
[30.645s][info][gc,start       ] GC(258) Pause Young (Allocation Failure)
[30.756s][info][gc,heap        ] GC(258) PSYoungGen: 209312K(296448K)->163712K(301568K) Eden: 54784K(54784K)->0K(59392K) From: 154528K(241664K)->163712K(242176K)
[30.756s][info][gc,heap        ] GC(258) ParOldGen: 4556456K(4804608K)->4602512K(4804608K)
[30.756s][info][gc,metaspace   ] GC(258) Metaspace: 6301K(6464K)->6301K(6464K) NonClass: 5768K(5824K)->5768K(5824K) Class: 533K(640K)->533K(640K)
[30.756s][info][gc             ] GC(258) Pause Young (Allocation Failure) 4654M->4654M(4986M) 111.431ms
[30.756s][info][gc,cpu         ] GC(258) User=0.84s Sys=0.03s Real=0.11s
[30.826s][info][gc,start       ] GC(259) Pause Young (Allocation Failure)
[30.948s][info][gc,heap        ] GC(259) PSYoungGen: 223104K(301568K)->169376K(304128K) Eden: 59392K(59392K)->0K(59392K) From: 163712K(242176K)->169376K(244736K)
[30.948s][info][gc,heap        ] GC(259) ParOldGen: 4602512K(4804608K)->4656752K(4804608K)
[30.948s][info][gc,metaspace   ] GC(259) Metaspace: 6301K(6464K)->6301K(6464K) NonClass: 5768K(5824K)->5768K(5824K) Class: 533K(640K)->533K(640K)
[30.948s][info][gc             ] GC(259) Pause Young (Allocation Failure) 4712M->4713M(4989M) 121.661ms
[30.948s][info][gc,cpu         ] GC(259) User=0.72s Sys=0.00s Real=0.12s
[31.008s][info][gc,start       ] GC(260) Pause Young (Allocation Failure)
[31.133s][info][gc,heap        ] GC(260) PSYoungGen: 228768K(304128K)->119104K(297984K) Eden: 59392K(59392K)->0K(67584K) From: 169376K(244736K)->119104K(230400K)
[31.133s][info][gc,heap        ] GC(260) ParOldGen: 4656752K(4804608K)->4767288K(4804608K)
[31.133s][info][gc,metaspace   ] GC(260) Metaspace: 6301K(6464K)->6301K(6464K) NonClass: 5768K(5824K)->5768K(5824K) Class: 533K(640K)->533K(640K)
[31.133s][info][gc             ] GC(260) Pause Young (Allocation Failure) 4771M->4771M(4983M) 125.650ms
[31.133s][info][gc,cpu         ] GC(260) User=0.84s Sys=0.05s Real=0.12s
[31.133s][info][gc,start       ] GC(261) Pause Full (Ergonomics)
[31.133s][info][gc,phases,start] GC(261) Marking Phase
[32.241s][info][gc,phases      ] GC(261) Marking Phase 1107.717ms
[32.241s][info][gc,phases,start] GC(261) Summary Phase
[32.241s][info][gc,phases      ] GC(261) Summary Phase 0.080ms
[32.241s][info][gc,phases,start] GC(261) Adjust Roots
[32.241s][info][gc,phases      ] GC(261) Adjust Roots 0.257ms
[32.241s][info][gc,phases,start] GC(261) Compaction Phase
[32.635s][info][gc,phases      ] GC(261) Compaction Phase 393.530ms
[32.635s][info][gc,phases,start] GC(261) Post Compact
[32.643s][info][gc,phases      ] GC(261) Post Compact 8.243ms
[32.645s][info][gc,heap        ] GC(261) PSYoungGen: 119104K(297984K)->77829K(306688K) Eden: 0K(67584K)->0K(76288K) From: 119104K(230400K)->77829K(230400K)
[32.645s][info][gc,heap        ] GC(261) ParOldGen: 4767288K(4804608K)->4804156K(5318144K)
[32.645s][info][gc,metaspace   ] GC(261) Metaspace: 6301K(6464K)->6301K(6464K) NonClass: 5768K(5824K)->5768K(5824K) Class: 533K(640K)->533K(640K)
[32.645s][info][gc             ] GC(261) Pause Full (Ergonomics) 4771M->4767M(5493M) 1511.907ms
[32.645s][info][gc,cpu         ] GC(261) User=11.19s Sys=0.03s Real=1.51s
[32.724s][info][gc,start       ] GC(262) Pause Young (Allocation Failure)
[33.031s][info][gc,heap        ] GC(262) PSYoungGen: 154117K(306688K)->76576K(315392K) Eden: 76288K(76288K)->0K(76288K) From: 77829K(230400K)->76576K(239104K)
[33.031s][info][gc,heap        ] GC(262) ParOldGen: 4804156K(5318144K)->4882732K(5318144K)
[33.031s][info][gc,metaspace   ] GC(262) Metaspace: 6301K(6464K)->6301K(6464K) NonClass: 5768K(5824K)->5768K(5824K) Class: 533K(640K)->533K(640K)
[33.031s][info][gc             ] GC(262) Pause Young (Allocation Failure) 4842M->4843M(5501M) 307.488ms
[33.031s][info][gc,cpu         ] GC(262) User=2.05s Sys=0.05s Real=0.31s
[33.114s][info][gc,start       ] GC(263) Pause Young (Allocation Failure)
[33.207s][info][gc,heap        ] GC(263) PSYoungGen: 152864K(315392K)->76544K(315904K) Eden: 76288K(76288K)->0K(84480K) From: 76576K(239104K)->76544K(231424K)
[33.207s][info][gc,heap        ] GC(263) ParOldGen: 4882732K(5318144K)->4959740K(5318144K)
[33.207s][info][gc,metaspace   ] GC(263) Metaspace: 6301K(6464K)->6301K(6464K) NonClass: 5768K(5824K)->5768K(5824K) Class: 533K(640K)->533K(640K)
[33.207s][info][gc             ] GC(263) Pause Young (Allocation Failure) 4917M->4918M(5502M) 92.427ms
[33.207s][info][gc,cpu         ] GC(263) User=0.72s Sys=0.03s Real=0.09s
[33.298s][info][gc,start       ] GC(264) Pause Young (Allocation Failure)
[33.393s][info][gc,heap        ] GC(264) PSYoungGen: 161024K(315904K)->84768K(318976K) Eden: 84480K(84480K)->0K(84480K) From: 76544K(231424K)->84768K(234496K)
[33.393s][info][gc,heap        ] GC(264) ParOldGen: 4959740K(5318144K)->5036732K(5318144K)
[33.394s][info][gc,metaspace   ] GC(264) Metaspace: 6301K(6464K)->6301K(6464K) NonClass: 5768K(5824K)->5768K(5824K) Class: 533K(640K)->533K(640K)
[33.394s][info][gc             ] GC(264) Pause Young (Allocation Failure) 5000M->5001M(5505M) 95.535ms
[33.394s][info][gc,cpu         ] GC(264) User=0.62s Sys=0.03s Real=0.10s
[33.485s][info][gc,start       ] GC(265) Pause Young (Allocation Failure)
[33.584s][info][gc,heap        ] GC(265) PSYoungGen: 169248K(318976K)->84768K(312320K) Eden: 84480K(84480K)->0K(93696K) From: 84768K(234496K)->84768K(218624K)
[33.584s][info][gc,heap        ] GC(265) ParOldGen: 5036732K(5318144K)->5121988K(5318144K)
[33.584s][info][gc,metaspace   ] GC(265) Metaspace: 6301K(6464K)->6301K(6464K) NonClass: 5768K(5824K)->5768K(5824K) Class: 533K(640K)->533K(640K)
[33.584s][info][gc             ] GC(265) Pause Young (Allocation Failure) 5083M->5084M(5498M) 99.858ms
[33.584s][info][gc,cpu         ] GC(265) User=0.48s Sys=0.17s Real=0.10s
[33.697s][info][gc,start       ] GC(266) Pause Young (Allocation Failure)
[33.800s][info][gc,heap        ] GC(266) PSYoungGen: 178464K(312320K)->94016K(317440K) Eden: 93696K(93696K)->0K(93696K) From: 84768K(218624K)->94016K(223744K)
[33.800s][info][gc,heap        ] GC(266) ParOldGen: 5121988K(5318144K)->5207236K(5318144K)
[33.800s][info][gc,metaspace   ] GC(266) Metaspace: 6301K(6464K)->6301K(6464K) NonClass: 5768K(5824K)->5768K(5824K) Class: 533K(640K)->533K(640K)
[33.800s][info][gc             ] GC(266) Pause Young (Allocation Failure) 5176M->5177M(5503M) 103.304ms
[33.800s][info][gc,cpu         ] GC(266) User=0.52s Sys=0.12s Real=0.10s
[33.800s][info][gc,start       ] GC(267) Pause Full (Ergonomics)
[33.800s][info][gc,phases,start] GC(267) Marking Phase
[35.009s][info][gc,phases      ] GC(267) Marking Phase 1208.846ms
[35.009s][info][gc,phases,start] GC(267) Summary Phase
[35.009s][info][gc,phases      ] GC(267) Summary Phase 0.091ms
[35.009s][info][gc,phases,start] GC(267) Adjust Roots
[35.010s][info][gc,phases      ] GC(267) Adjust Roots 0.175ms
[35.010s][info][gc,phases,start] GC(267) Compaction Phase
[35.414s][info][gc,phases      ] GC(267) Compaction Phase 404.427ms
[35.414s][info][gc,phases,start] GC(267) Post Compact
[35.422s][info][gc,phases      ] GC(267) Post Compact 7.838ms
[35.424s][info][gc,heap        ] GC(267) PSYoungGen: 94016K(317440K)->0K(319488K) Eden: 0K(93696K)->0K(103424K) From: 94016K(223744K)->0K(216064K)
[35.424s][info][gc,heap        ] GC(267) ParOldGen: 5207236K(5318144K)->5297059K(5865984K)
[35.424s][info][gc,metaspace   ] GC(267) Metaspace: 6301K(6464K)->6301K(6464K) NonClass: 5768K(5824K)->5768K(5824K) Class: 533K(640K)->533K(640K)
[35.424s][info][gc             ] GC(267) Pause Full (Ergonomics) 5177M->5172M(6040M) 1623.468ms
[35.424s][info][gc,cpu         ] GC(267) User=12.41s Sys=0.05s Real=1.62s
[35.539s][info][gc,start       ] GC(268) Pause Young (Allocation Failure)
[35.609s][info][gc,heap        ] GC(268) PSYoungGen: 103424K(319488K)->103776K(319488K) Eden: 103424K(103424K)->0K(103424K) From: 0K(216064K)->103776K(216064K)
[35.609s][info][gc,heap        ] GC(268) ParOldGen: 5297059K(5865984K)->5297059K(5865984K)
[35.609s][info][gc,metaspace   ] GC(268) Metaspace: 6301K(6464K)->6301K(6464K) NonClass: 5768K(5824K)->5768K(5824K) Class: 533K(640K)->533K(640K)
[35.609s][info][gc             ] GC(268) Pause Young (Allocation Failure) 5273M->5274M(6040M) 70.243ms
[35.609s][info][gc,cpu         ] GC(268) User=0.33s Sys=0.00s Real=0.07s
[35.730s][info][gc,start       ] GC(269) Pause Young (Allocation Failure)
[35.840s][info][gc,heap        ] GC(269) PSYoungGen: 207200K(319488K)->207360K(294400K) Eden: 103424K(103424K)->0K(87040K) From: 103776K(216064K)->207360K(207360K)
[35.840s][info][gc,heap        ] GC(269) ParOldGen: 5297059K(5865984K)->5297059K(5865984K)
[35.841s][info][gc,metaspace   ] GC(269) Metaspace: 6301K(6464K)->6301K(6464K) NonClass: 5768K(5824K)->5768K(5824K) Class: 533K(640K)->533K(640K)
[35.841s][info][gc             ] GC(269) Pause Young (Allocation Failure) 5375M->5375M(6016M) 110.097ms
[35.841s][info][gc,cpu         ] GC(269) User=0.75s Sys=0.00s Real=0.11s
[35.937s][info][gc,start       ] GC(270) Pause Young (Allocation Failure)
[36.097s][info][gc,heap        ] GC(270) PSYoungGen: 294400K(294400K)->232960K(320000K) Eden: 87040K(87040K)->0K(87040K) From: 207360K(207360K)->232960K(232960K)
[36.097s][info][gc,heap        ] GC(270) ParOldGen: 5297059K(5865984K)->5358971K(5865984K)
[36.097s][info][gc,metaspace   ] GC(270) Metaspace: 6301K(6464K)->6301K(6464K) NonClass: 5768K(5824K)->5768K(5824K) Class: 533K(640K)->533K(640K)
[36.097s][info][gc             ] GC(270) Pause Young (Allocation Failure) 5460M->5460M(6041M) 160.145ms
[36.097s][info][gc,cpu         ] GC(270) User=1.09s Sys=0.05s Real=0.16s
[36.193s][info][gc,start       ] GC(271) Pause Young (Allocation Failure)
[36.375s][info][gc,heap        ] GC(271) PSYoungGen: 320000K(320000K)->153088K(365056K) Eden: 87040K(87040K)->0K(96256K) From: 232960K(232960K)->153088K(268800K)
[36.375s][info][gc,heap        ] GC(271) ParOldGen: 5358971K(5865984K)->5527387K(5865984K)
[36.375s][info][gc,metaspace   ] GC(271) Metaspace: 6301K(6464K)->6301K(6464K) NonClass: 5768K(5824K)->5768K(5824K) Class: 533K(640K)->533K(640K)
[36.375s][info][gc             ] GC(271) Pause Young (Allocation Failure) 5545M->5547M(6085M) 181.981ms
[36.375s][info][gc,cpu         ] GC(271) User=1.20s Sys=0.06s Real=0.18s
[37.692s][info][gc,start       ] GC(272) Pause Full (Ergonomics)
[37.693s][info][gc,phases,start] GC(272) Marking Phase
[39.002s][info][gc,phases      ] GC(272) Marking Phase 1309.447ms
[39.002s][info][gc,phases,start] GC(272) Summary Phase
[39.002s][info][gc,phases      ] GC(272) Summary Phase 0.072ms
[39.002s][info][gc,phases,start] GC(272) Adjust Roots
[39.002s][info][gc,phases      ] GC(272) Adjust Roots 0.175ms
[39.002s][info][gc,phases,start] GC(272) Compaction Phase
[39.879s][info][gc,phases      ] GC(272) Compaction Phase 876.888ms
[39.879s][info][gc,phases,start] GC(272) Post Compact
[39.889s][info][gc,phases      ] GC(272) Post Compact 9.903ms
[39.891s][info][gc,heap        ] GC(272) PSYoungGen: 249344K(365056K)->39205K(373248K) Eden: 96256K(96256K)->0K(104448K) From: 153088K(268800K)->39205K(268800K)
[39.891s][info][gc,heap        ] GC(272) ParOldGen: 5789531K(5865984K)->5865950K(6503936K)
[39.891s][info][gc,metaspace   ] GC(272) Metaspace: 6301K(6464K)->6301K(6464K) NonClass: 5768K(5824K)->5768K(5824K) Class: 533K(640K)->533K(640K)
[39.891s][info][gc             ] GC(272) Pause Full (Ergonomics) 5897M->5766M(6716M) 2198.898ms
[39.891s][info][gc,cpu         ] GC(272) User=15.80s Sys=0.09s Real=2.20s
[39.999s][info][gc,start       ] GC(273) Pause Young (Allocation Failure)
[40.309s][info][gc,heap        ] GC(273) PSYoungGen: 143653K(373248K)->138016K(242688K) Eden: 104448K(104448K)->0K(104448K) From: 39205K(268800K)->138016K(138240K)
[40.309s][info][gc,heap        ] GC(273) ParOldGen: 5865950K(6503936K)->5872078K(6503936K)
[40.309s][info][gc,metaspace   ] GC(273) Metaspace: 6301K(6464K)->6301K(6464K) NonClass: 5768K(5824K)->5768K(5824K) Class: 533K(640K)->533K(640K)
[40.309s][info][gc             ] GC(273) Pause Young (Allocation Failure) 5868M->5869M(6588M) 309.597ms
[40.309s][info][gc,cpu         ] GC(273) User=2.05s Sys=0.00s Real=0.31s
[40.418s][info][gc,start       ] GC(274) Pause Young (Allocation Failure)
[40.554s][info][gc,heap        ] GC(274) PSYoungGen: 242464K(242688K)->242624K(351744K) Eden: 104448K(104448K)->0K(88064K) From: 138016K(138240K)->242624K(263680K)
[40.554s][info][gc,heap        ] GC(274) ParOldGen: 5872078K(6503936K)->5872078K(6503936K)
[40.554s][info][gc,metaspace   ] GC(274) Metaspace: 6301K(6464K)->6301K(6464K) NonClass: 5768K(5824K)->5768K(5824K) Class: 533K(640K)->533K(640K)
[40.554s][info][gc             ] GC(274) Pause Young (Allocation Failure) 5971M->5971M(6695M) 136.730ms
[40.555s][info][gc,cpu         ] GC(274) User=0.50s Sys=0.02s Real=0.14s
[40.642s][info][gc,start       ] GC(275) Pause Young (Allocation Failure)
[40.804s][info][gc,heap        ] GC(275) PSYoungGen: 330688K(351744K)->289280K(377344K) Eden: 88064K(88064K)->0K(88064K) From: 242624K(263680K)->289280K(289280K)
[40.804s][info][gc,heap        ] GC(275) ParOldGen: 5872078K(6503936K)->5913878K(6503936K)
[40.804s][info][gc,metaspace   ] GC(275) Metaspace: 6301K(6464K)->6301K(6464K) NonClass: 5768K(5824K)->5768K(5824K) Class: 533K(640K)->533K(640K)
[40.804s][info][gc             ] GC(275) Pause Young (Allocation Failure) 6057M->6057M(6720M) 161.758ms
[40.804s][info][gc,cpu         ] GC(275) User=0.75s Sys=0.02s Real=0.16s
[40.899s][info][gc,start       ] GC(276) Pause Young (Allocation Failure)
[41.083s][info][gc,heap        ] GC(276) PSYoungGen: 377344K(377344K)->252256K(425984K) Eden: 88064K(88064K)->0K(83456K) From: 289280K(289280K)->252256K(342528K)
[41.083s][info][gc,heap        ] GC(276) ParOldGen: 5913878K(6503936K)->6040158K(6503936K)
[41.083s][info][gc,metaspace   ] GC(276) Metaspace: 6301K(6464K)->6301K(6464K) NonClass: 5768K(5824K)->5768K(5824K) Class: 533K(640K)->533K(640K)
[41.083s][info][gc             ] GC(276) Pause Young (Allocation Failure) 6143M->6144M(6767M) 184.066ms
[41.083s][info][gc,cpu         ] GC(276) User=1.27s Sys=0.12s Real=0.18s
[41.170s][info][gc,start       ] GC(277) Pause Young (Allocation Failure)
[41.335s][info][gc,heap        ] GC(277) PSYoungGen: 335712K(425984K)->242592K(439808K) Eden: 83456K(83456K)->0K(83456K) From: 252256K(342528K)->242592K(356352K)
[41.335s][info][gc,heap        ] GC(277) ParOldGen: 6040158K(6503936K)->6134086K(6503936K)
[41.335s][info][gc,metaspace   ] GC(277) Metaspace: 6301K(6464K)->6301K(6464K) NonClass: 5768K(5824K)->5768K(5824K) Class: 533K(640K)->533K(640K)
[41.335s][info][gc             ] GC(277) Pause Young (Allocation Failure) 6226M->6227M(6781M) 165.258ms
[41.335s][info][gc,cpu         ] GC(277) User=0.98s Sys=0.05s Real=0.17s
[41.419s][info][gc,start       ] GC(278) Pause Young (Allocation Failure)
[41.582s][info][gc,heap        ] GC(278) PSYoungGen: 326048K(439808K)->255552K(447488K) Eden: 83456K(83456K)->0K(84480K) From: 242592K(356352K)->255552K(363008K)
[41.582s][info][gc,heap        ] GC(278) ParOldGen: 6134086K(6503936K)->6205246K(6503936K)
[41.582s][info][gc,metaspace   ] GC(278) Metaspace: 6301K(6464K)->6301K(6464K) NonClass: 5768K(5824K)->5768K(5824K) Class: 533K(640K)->533K(640K)
[41.583s][info][gc             ] GC(278) Pause Young (Allocation Failure) 6308M->6309M(6788M) 163.801ms
[41.583s][info][gc,cpu         ] GC(278) User=0.89s Sys=0.05s Real=0.16s
[41.679s][info][gc,start       ] GC(279) Pause Young (Allocation Failure)
[41.857s][info][gc,heap        ] GC(279) PSYoungGen: 340032K(447488K)->168320K(252928K) Eden: 84480K(84480K)->0K(84480K) From: 255552K(363008K)->168320K(168448K)
[41.857s][info][gc,heap        ] GC(279) ParOldGen: 6205246K(6503936K)->6378286K(6503936K)
[41.857s][info][gc,metaspace   ] GC(279) Metaspace: 6301K(6464K)->6301K(6464K) NonClass: 5768K(5824K)->5768K(5824K) Class: 533K(640K)->533K(640K)
[41.857s][info][gc             ] GC(279) Pause Young (Allocation Failure) 6391M->6393M(6598M) 177.869ms
[41.857s][info][gc,cpu         ] GC(279) User=1.06s Sys=0.16s Real=0.18s
[41.857s][info][gc,start       ] GC(280) Pause Full (Ergonomics)
[41.857s][info][gc,phases,start] GC(280) Marking Phase
[43.297s][info][gc,phases      ] GC(280) Marking Phase 1440.157ms
[43.297s][info][gc,phases,start] GC(280) Summary Phase
[43.297s][info][gc,phases      ] GC(280) Summary Phase 0.076ms
[43.297s][info][gc,phases,start] GC(280) Adjust Roots
[43.297s][info][gc,phases      ] GC(280) Adjust Roots 0.178ms
[43.297s][info][gc,phases,start] GC(280) Compaction Phase
[43.887s][info][gc,phases      ] GC(280) Compaction Phase 589.682ms
[43.887s][info][gc,phases,start] GC(280) Post Compact
[43.897s][info][gc,phases      ] GC(280) Post Compact 9.920ms
[43.899s][info][gc,heap        ] GC(280) PSYoungGen: 168320K(252928K)->37573K(252928K) Eden: 0K(84480K)->0K(84480K) From: 168320K(168448K)->37573K(168448K)
[43.900s][info][gc,heap        ] GC(280) ParOldGen: 6378286K(6503936K)->6503784K(7228416K)
[43.900s][info][gc,metaspace   ] GC(280) Metaspace: 6301K(6464K)->6301K(6464K) NonClass: 5768K(5824K)->5768K(5824K) Class: 533K(640K)->533K(640K)
[43.900s][info][gc             ] GC(280) Pause Full (Ergonomics) 6393M->6388M(7306M) 2042.635ms
[43.900s][info][gc,cpu         ] GC(280) User=14.77s Sys=0.09s Real=2.04s
[43.985s][info][gc,start       ] GC(281) Pause Young (Allocation Failure)
[44.311s][info][gc,heap        ] GC(281) PSYoungGen: 122053K(252928K)->84768K(450048K) Eden: 84480K(84480K)->0K(93184K) From: 37573K(168448K)->84768K(356864K)
[44.311s][info][gc,heap        ] GC(281) ParOldGen: 6503784K(7228416K)->6541720K(7228416K)
[44.311s][info][gc,metaspace   ] GC(281) Metaspace: 6301K(6464K)->6301K(6464K) NonClass: 5768K(5824K)->5768K(5824K) Class: 533K(640K)->533K(640K)
[44.311s][info][gc             ] GC(281) Pause Young (Allocation Failure) 6470M->6471M(7498M) 325.574ms
[44.311s][info][gc,cpu         ] GC(281) User=2.17s Sys=0.00s Real=0.33s
[44.417s][info][gc,start       ] GC(282) Pause Young (Allocation Failure)
[44.540s][info][gc,heap        ] GC(282) PSYoungGen: 177952K(450048K)->93472K(451072K) Eden: 93184K(93184K)->0K(93184K) From: 84768K(356864K)->93472K(357888K)
[44.540s][info][gc,heap        ] GC(282) ParOldGen: 6541720K(7228416K)->6626960K(7228416K)
[44.540s][info][gc,metaspace   ] GC(282) Metaspace: 6301K(6464K)->6301K(6464K) NonClass: 5768K(5824K)->5768K(5824K) Class: 533K(640K)->533K(640K)
[44.540s][info][gc             ] GC(282) Pause Young (Allocation Failure) 6562M->6562M(7499M) 122.751ms
[44.540s][info][gc,cpu         ] GC(282) User=0.47s Sys=0.02s Real=0.12s
[44.639s][info][gc,start       ] GC(283) Pause Young (Allocation Failure)
[44.769s][info][gc,heap        ] GC(283) PSYoungGen: 186656K(451072K)->93440K(446976K) Eden: 93184K(93184K)->0K(103424K) From: 93472K(357888K)->93440K(343552K)
[44.769s][info][gc,heap        ] GC(283) ParOldGen: 6626960K(7228416K)->6720976K(7228416K)
[44.769s][info][gc,metaspace   ] GC(283) Metaspace: 6301K(6464K)->6301K(6464K) NonClass: 5768K(5824K)->5768K(5824K) Class: 533K(640K)->533K(640K)
[44.769s][info][gc             ] GC(283) Pause Young (Allocation Failure) 6653M->6654M(7495M) 130.754ms
[44.769s][info][gc,cpu         ] GC(283) User=0.38s Sys=0.05s Real=0.13s
[44.879s][info][gc,start       ] GC(284) Pause Young (Allocation Failure)
[45.006s][info][gc,heap        ] GC(284) PSYoungGen: 196864K(446976K)->103744K(452096K) Eden: 103424K(103424K)->0K(103424K) From: 93440K(343552K)->103744K(348672K)
[45.006s][info][gc,heap        ] GC(284) ParOldGen: 6720976K(7228416K)->6815000K(7228416K)
[45.006s][info][gc,metaspace   ] GC(284) Metaspace: 6301K(6464K)->6301K(6464K) NonClass: 5768K(5824K)->5768K(5824K) Class: 533K(640K)->533K(640K)
[45.006s][info][gc             ] GC(284) Pause Young (Allocation Failure) 6755M->6756M(7500M) 127.472ms
[45.006s][info][gc,cpu         ] GC(284) User=0.55s Sys=0.02s Real=0.13s
[45.117s][info][gc,start       ] GC(285) Pause Young (Allocation Failure)
[45.252s][info][gc,heap        ] GC(285) PSYoungGen: 207168K(452096K)->103712K(435200K) Eden: 103424K(103424K)->0K(114688K) From: 103744K(348672K)->103712K(320512K)
[45.252s][info][gc,heap        ] GC(285) ParOldGen: 6815000K(7228416K)->6919344K(7228416K)
[45.252s][info][gc,metaspace   ] GC(285) Metaspace: 6301K(6464K)->6301K(6464K) NonClass: 5768K(5824K)->5768K(5824K) Class: 533K(640K)->533K(640K)
[45.252s][info][gc             ] GC(285) Pause Young (Allocation Failure) 6857M->6858M(7484M) 134.595ms
[45.252s][info][gc,cpu         ] GC(285) User=0.62s Sys=0.05s Real=0.13s
[45.363s][info][gc,start       ] GC(286) Pause Young (Allocation Failure)
[45.495s][info][gc,heap        ] GC(286) PSYoungGen: 218400K(435200K)->115008K(444928K) Eden: 114688K(114688K)->0K(114688K) From: 103712K(320512K)->115008K(330240K)
[45.496s][info][gc,heap        ] GC(286) ParOldGen: 6919344K(7228416K)->7023688K(7228416K)
[45.496s][info][gc,metaspace   ] GC(286) Metaspace: 6301K(6464K)->6301K(6464K) NonClass: 5768K(5824K)->5768K(5824K) Class: 533K(640K)->533K(640K)
[45.496s][info][gc             ] GC(286) Pause Young (Allocation Failure) 6970M->6971M(7493M) 132.197ms
[45.496s][info][gc,cpu         ] GC(286) User=0.78s Sys=0.03s Real=0.13s
[45.616s][info][gc,start       ] GC(287) Pause Young (Allocation Failure)
[45.752s][info][gc,heap        ] GC(287) PSYoungGen: 229696K(444928K)->114976K(421888K) Eden: 114688K(114688K)->0K(126976K) From: 115008K(330240K)->114976K(294912K)
[45.752s][info][gc,heap        ] GC(287) ParOldGen: 7023688K(7228416K)->7139384K(7228416K)
[45.752s][info][gc,metaspace   ] GC(287) Metaspace: 6301K(6464K)->6301K(6464K) NonClass: 5768K(5824K)->5768K(5824K) Class: 533K(640K)->533K(640K)
[45.752s][info][gc             ] GC(287) Pause Young (Allocation Failure) 7083M->7084M(7471M) 135.999ms
[45.752s][info][gc,cpu         ] GC(287) User=0.66s Sys=0.02s Real=0.14s
[45.752s][info][gc,start       ] GC(288) Pause Full (Ergonomics)
[45.752s][info][gc,phases,start] GC(288) Marking Phase
[47.401s][info][gc,phases      ] GC(288) Marking Phase 1648.374ms
[47.401s][info][gc,phases,start] GC(288) Summary Phase
[47.401s][info][gc,phases      ] GC(288) Summary Phase 0.075ms
[47.401s][info][gc,phases,start] GC(288) Adjust Roots
[47.401s][info][gc,phases      ] GC(288) Adjust Roots 0.171ms
[47.401s][info][gc,phases,start] GC(288) Compaction Phase
[48.079s][info][gc,phases      ] GC(288) Compaction Phase 677.562ms
[48.079s][info][gc,phases,start] GC(288) Post Compact
[48.089s][info][gc,phases      ] GC(288) Post Compact 10.686ms
[48.092s][info][gc,heap        ] GC(288) PSYoungGen: 114976K(421888K)->20136K(433664K) Eden: 0K(126976K)->0K(138752K) From: 114976K(294912K)->20136K(294912K)
[48.092s][info][gc,heap        ] GC(288) ParOldGen: 7139384K(7228416K)->7228074K(8000000K)
[48.092s][info][gc,metaspace   ] GC(288) Metaspace: 6301K(6464K)->6301K(6464K) NonClass: 5768K(5824K)->5768K(5824K) Class: 533K(640K)->533K(640K)
[48.092s][info][gc             ] GC(288) Pause Full (Ergonomics) 7084M->7078M(8236M) 2339.632ms
[48.092s][info][gc,cpu         ] GC(288) User=16.89s Sys=0.05s Real=2.34s
[48.230s][info][gc,start       ] GC(289) Pause Young (Allocation Failure)
[48.606s][info][gc,heap        ] GC(289) PSYoungGen: 158888K(433664K)->139136K(278016K) Eden: 138752K(138752K)->0K(138752K) From: 20136K(294912K)->139136K(139264K)
[48.606s][info][gc,heap        ] GC(289) ParOldGen: 7228074K(8000000K)->7248434K(8000000K)
[48.606s][info][gc,metaspace   ] GC(289) Metaspace: 6301K(6464K)->6301K(6464K) NonClass: 5768K(5824K)->5768K(5824K) Class: 533K(640K)->533K(640K)
[48.606s][info][gc             ] GC(289) Pause Young (Allocation Failure) 7213M->7214M(8084M) 375.392ms
[48.606s][info][gc,cpu         ] GC(289) User=2.66s Sys=0.00s Real=0.38s
[48.751s][info][gc,start       ] GC(290) Pause Young (Allocation Failure)
[48.904s][info][gc,heap        ] GC(290) PSYoungGen: 277888K(278016K)->278144K(407552K) Eden: 138752K(138752K)->0K(116224K) From: 139136K(139264K)->278144K(291328K)
[48.904s][info][gc,heap        ] GC(290) ParOldGen: 7248434K(8000000K)->7248434K(8000000K)
[48.904s][info][gc,metaspace   ] GC(290) Metaspace: 6301K(6464K)->6301K(6464K) NonClass: 5768K(5824K)->5768K(5824K) Class: 533K(640K)->533K(640K)
[48.904s][info][gc             ] GC(290) Pause Young (Allocation Failure) 7349M->7350M(8210M) 152.902ms
[48.904s][info][gc,cpu         ] GC(290) User=0.91s Sys=0.02s Real=0.15s
[49.025s][info][gc,start       ] GC(291) Pause Young (Allocation Failure)
[49.216s][info][gc,heap        ] GC(291) PSYoungGen: 394368K(407552K)->326656K(442880K) Eden: 116224K(116224K)->0K(116224K) From: 278144K(291328K)->326656K(326656K)
[49.216s][info][gc,heap        ] GC(291) ParOldGen: 7248434K(8000000K)->7316770K(8000000K)
[49.216s][info][gc,metaspace   ] GC(291) Metaspace: 6301K(6464K)->6301K(6464K) NonClass: 5768K(5824K)->5768K(5824K) Class: 533K(640K)->533K(640K)
[49.216s][info][gc             ] GC(291) Pause Young (Allocation Failure) 7463M->7464M(8245M) 191.907ms
[49.217s][info][gc,cpu         ] GC(291) User=1.36s Sys=0.03s Real=0.19s
[49.338s][info][gc,start       ] GC(292) Pause Young (Allocation Failure)
[49.587s][info][gc,heap        ] GC(292) PSYoungGen: 442880K(442880K)->208224K(504320K) Eden: 116224K(116224K)->0K(129024K) From: 326656K(326656K)->208224K(375296K)
[49.587s][info][gc,heap        ] GC(292) ParOldGen: 7316770K(8000000K)->7553426K(8000000K)
[49.587s][info][gc,metaspace   ] GC(292) Metaspace: 6301K(6464K)->6301K(6464K) NonClass: 5768K(5824K)->5768K(5824K) Class: 533K(640K)->533K(640K)
[49.587s][info][gc             ] GC(292) Pause Young (Allocation Failure) 7577M->7579M(8305M) 248.363ms
[49.587s][info][gc,cpu         ] GC(292) User=1.44s Sys=0.11s Real=0.25s
[49.733s][info][gc,start       ] GC(293) Pause Young (Allocation Failure)
[49.912s][info][gc,heap        ] GC(293) PSYoungGen: 337248K(504320K)->245856K(515072K) Eden: 129024K(129024K)->0K(129024K) From: 208224K(375296K)->245856K(386048K)
[49.912s][info][gc,heap        ] GC(293) ParOldGen: 7553426K(8000000K)->7645746K(8000000K)
[49.912s][info][gc,metaspace   ] GC(293) Metaspace: 6301K(6464K)->6301K(6464K) NonClass: 5768K(5824K)->5768K(5824K) Class: 533K(640K)->533K(640K)
[49.912s][info][gc             ] GC(293) Pause Young (Allocation Failure) 7705M->7706M(8315M) 179.071ms
[49.912s][info][gc,cpu         ] GC(293) User=1.27s Sys=0.03s Real=0.18s
[50.039s][info][gc,start       ] GC(294) Pause Young (Allocation Failure)
[50.230s][info][gc,heap        ] GC(294) PSYoungGen: 374880K(515072K)->258624K(526848K) Eden: 129024K(129024K)->0K(137728K) From: 245856K(386048K)->258624K(389120K)
[50.230s][info][gc,heap        ] GC(294) ParOldGen: 7645746K(8000000K)->7763010K(8000000K)
[50.230s][info][gc,metaspace   ] GC(294) Metaspace: 6301K(6464K)->6301K(6464K) NonClass: 5768K(5824K)->5768K(5824K) Class: 533K(640K)->533K(640K)
[50.230s][info][gc             ] GC(294) Pause Young (Allocation Failure) 7832M->7833M(8327M) 191.120ms
[50.230s][info][gc,cpu         ] GC(294) User=1.31s Sys=0.06s Real=0.19s
[50.377s][info][gc,start       ] GC(295) Pause Young (Allocation Failure)
[50.585s][info][gc,heap        ] GC(295) PSYoungGen: 396352K(526848K)->267392K(532480K) Eden: 137728K(137728K)->0K(137728K) From: 258624K(389120K)->267392K(394752K)
[50.585s][info][gc,heap        ] GC(295) ParOldGen: 7763010K(8000000K)->7893186K(8000000K)
[50.585s][info][gc,metaspace   ] GC(295) Metaspace: 6301K(6464K)->6301K(6464K) NonClass: 5768K(5824K)->5768K(5824K) Class: 533K(640K)->533K(640K)
[50.585s][info][gc             ] GC(295) Pause Young (Allocation Failure) 7968M->7969M(8332M) 208.346ms
[50.585s][info][gc,cpu         ] GC(295) User=1.55s Sys=0.08s Real=0.21s
[50.585s][info][gc,start       ] GC(296) Pause Full (Ergonomics)
[50.585s][info][gc,phases,start] GC(296) Marking Phase
[52.430s][info][gc,phases      ] GC(296) Marking Phase 1844.957ms
[52.430s][info][gc,phases,start] GC(296) Summary Phase
[52.430s][info][gc,phases      ] GC(296) Summary Phase 0.090ms
[52.430s][info][gc,phases,start] GC(296) Adjust Roots
[52.430s][info][gc,phases      ] GC(296) Adjust Roots 0.168ms
[52.430s][info][gc,phases,start] GC(296) Compaction Phase
[53.151s][info][gc,phases      ] GC(296) Compaction Phase 720.216ms
[53.151s][info][gc,phases,start] GC(296) Post Compact
[53.163s][info][gc,phases      ] GC(296) Post Compact 12.366ms
[53.166s][info][gc,heap        ] GC(296) PSYoungGen: 267392K(532480K)->153737K(532480K) Eden: 0K(137728K)->0K(137728K) From: 267392K(394752K)->153737K(394752K)
[53.166s][info][gc,heap        ] GC(296) ParOldGen: 7893186K(8000000K)->7999981K(8806400K)
[53.166s][info][gc,metaspace   ] GC(296) Metaspace: 6301K(6464K)->6301K(6464K) NonClass: 5768K(5824K)->5768K(5824K) Class: 533K(640K)->533K(640K)
[53.166s][info][gc             ] GC(296) Pause Full (Ergonomics) 7969M->7962M(9120M) 2580.593ms
[53.166s][info][gc,cpu         ] GC(296) User=19.14s Sys=0.05s Real=2.58s
[53.307s][info][gc,start       ] GC(297) Pause Young (Allocation Failure)
[53.827s][info][gc,heap        ] GC(297) PSYoungGen: 291465K(532480K)->216384K(519680K) Eden: 137728K(137728K)->0K(151040K) From: 153737K(394752K)->216384K(368640K)
[53.827s][info][gc,heap        ] GC(297) ParOldGen: 7999981K(8806400K)->8076381K(8806400K)
[53.827s][info][gc,metaspace   ] GC(297) Metaspace: 6301K(6464K)->6301K(6464K) NonClass: 5768K(5824K)->5768K(5824K) Class: 533K(640K)->533K(640K)
[53.827s][info][gc             ] GC(297) Pause Young (Allocation Failure) 8097M->8098M(9107M) 519.702ms
[53.827s][info][gc,cpu         ] GC(297) User=3.62s Sys=0.06s Real=0.52s
[53.978s][info][gc,start       ] GC(298) Pause Young (Allocation Failure)
[54.184s][info][gc,heap        ] GC(298) PSYoungGen: 367424K(519680K)->367680K(537088K) Eden: 151040K(151040K)->0K(151040K) From: 216384K(368640K)->367680K(386048K)
[54.185s][info][gc,heap        ] GC(298) ParOldGen: 8076381K(8806400K)->8076381K(8806400K)
[54.185s][info][gc,metaspace   ] GC(298) Metaspace: 6301K(6464K)->6301K(6464K) NonClass: 5768K(5824K)->5768K(5824K) Class: 533K(640K)->533K(640K)
[54.185s][info][gc             ] GC(298) Pause Young (Allocation Failure) 8245M->8246M(9124M) 206.452ms
[54.185s][info][gc,cpu         ] GC(298) User=1.38s Sys=0.00s Real=0.21s
[54.343s][info][gc,start       ] GC(299) Pause Young (Allocation Failure)
[54.641s][info][gc,heap        ] GC(299) PSYoungGen: 518720K(537088K)->428032K(504320K) Eden: 151040K(151040K)->0K(76288K) From: 367680K(386048K)->428032K(428032K)
[54.641s][info][gc,heap        ] GC(299) ParOldGen: 8076381K(8806400K)->8167901K(8806400K)
[54.641s][info][gc,metaspace   ] GC(299) Metaspace: 6301K(6464K)->6301K(6464K) NonClass: 5768K(5824K)->5768K(5824K) Class: 533K(640K)->533K(640K)
[54.641s][info][gc             ] GC(299) Pause Young (Allocation Failure) 8393M->8394M(9092M) 298.057ms
[54.641s][info][gc,cpu         ] GC(299) User=2.02s Sys=0.25s Real=0.30s
[54.718s][info][gc,start       ] GC(300) Pause Young (Allocation Failure)
[55.005s][info][gc,heap        ] GC(300) PSYoungGen: 504320K(504320K)->223776K(300544K) Eden: 76288K(76288K)->0K(76288K) From: 428032K(428032K)->223776K(224256K)
[55.005s][info][gc,heap        ] GC(300) ParOldGen: 8167901K(8806400K)->8450685K(8806400K)
[55.005s][info][gc,metaspace   ] GC(300) Metaspace: 6301K(6464K)->6301K(6464K) NonClass: 5768K(5824K)->5768K(5824K) Class: 533K(640K)->533K(640K)
[55.005s][info][gc             ] GC(300) Pause Young (Allocation Failure) 8468M->8471M(8893M) 287.432ms
[55.005s][info][gc,cpu         ] GC(300) User=1.97s Sys=0.28s Real=0.29s
[55.087s][info][gc,start       ] GC(301) Pause Young (Allocation Failure)
[55.281s][info][gc,heap        ] GC(301) PSYoungGen: 300064K(300544K)->76576K(576512K) Eden: 76288K(76288K)->0K(80896K) From: 223776K(224256K)->76576K(495616K)
[55.281s][info][gc,heap        ] GC(301) ParOldGen: 8450685K(8806400K)->8675901K(8806400K)
[55.281s][info][gc,metaspace   ] GC(301) Metaspace: 6301K(6464K)->6301K(6464K) NonClass: 5768K(5824K)->5768K(5824K) Class: 533K(640K)->533K(640K)
[55.282s][info][gc             ] GC(301) Pause Young (Allocation Failure) 8545M->8547M(9163M) 194.437ms
[55.282s][info][gc,cpu         ] GC(301) User=0.98s Sys=0.25s Real=0.19s
[55.282s][info][gc,start       ] GC(302) Pause Full (Ergonomics)
[55.282s][info][gc,phases,start] GC(302) Marking Phase
[57.211s][info][gc,phases      ] GC(302) Marking Phase 1929.677ms
[57.211s][info][gc,phases,start] GC(302) Summary Phase
[57.212s][info][gc,phases      ] GC(302) Summary Phase 0.275ms
[57.212s][info][gc,phases,start] GC(302) Adjust Roots
[57.212s][info][gc,phases      ] GC(302) Adjust Roots 0.309ms
[57.212s][info][gc,phases,start] GC(302) Compaction Phase
[57.975s][info][gc,phases      ] GC(302) Compaction Phase 763.058ms
[57.975s][info][gc,phases,start] GC(302) Post Compact
[57.988s][info][gc,phases      ] GC(302) Post Compact 12.661ms
[57.988s][info][gc,heap        ] GC(302) PSYoungGen: 76576K(576512K)->0K(581120K) Eden: 0K(80896K)->0K(80896K) From: 76576K(495616K)->0K(500224K)
[57.988s][info][gc,heap        ] GC(302) ParOldGen: 8675901K(8806400K)->8745945K(8806400K)
[57.988s][info][gc,metaspace   ] GC(302) Metaspace: 6301K(6464K)->6301K(6464K) NonClass: 5768K(5824K)->5768K(5824K) Class: 533K(640K)->533K(640K)
[57.988s][info][gc             ] GC(302) Pause Full (Ergonomics) 8547M->8540M(9167M) 2706.329ms
[57.988s][info][gc,cpu         ] GC(302) User=19.91s Sys=0.09s Real=2.71s
[58.079s][info][gc,start       ] GC(303) Pause Full (Ergonomics)
[58.079s][info][gc,phases,start] GC(303) Marking Phase
[60.056s][info][gc,phases      ] GC(303) Marking Phase 1977.372ms
[60.056s][info][gc,phases,start] GC(303) Summary Phase
[60.056s][info][gc,phases      ] GC(303) Summary Phase 0.149ms
[60.056s][info][gc,phases,start] GC(303) Adjust Roots
[60.057s][info][gc,phases      ] GC(303) Adjust Roots 0.321ms
[60.057s][info][gc,phases,start] GC(303) Compaction Phase
[60.649s][info][gc,phases      ] GC(303) Compaction Phase 592.078ms
[60.649s][info][gc,phases,start] GC(303) Post Compact
[60.661s][info][gc,phases      ] GC(303) Post Compact 12.194ms
[60.661s][info][gc,heap        ] GC(303) PSYoungGen: 80896K(581120K)->20471K(581120K) Eden: 80896K(80896K)->20471K(80896K) From: 0K(500224K)->0K(500224K)
[60.661s][info][gc,heap        ] GC(303) ParOldGen: 8745945K(8806400K)->8806339K(8806400K)
[60.661s][info][gc,metaspace   ] GC(303) Metaspace: 6301K(6464K)->6301K(6464K) NonClass: 5768K(5824K)->5768K(5824K) Class: 533K(640K)->533K(640K)
[60.661s][info][gc             ] GC(303) Pause Full (Ergonomics) 8619M->8619M(9167M) 2582.565ms
[60.661s][info][gc,cpu         ] GC(303) User=20.05s Sys=0.03s Real=2.58s
[60.724s][info][gc,start       ] GC(304) Pause Full (Ergonomics)
[60.724s][info][gc,phases,start] GC(304) Marking Phase
[62.815s][info][gc,phases      ] GC(304) Marking Phase 2090.570ms
[62.815s][info][gc,phases,start] GC(304) Summary Phase
[62.815s][info][gc,phases      ] GC(304) Summary Phase 0.155ms
[62.815s][info][gc,phases,start] GC(304) Adjust Roots
[62.815s][info][gc,phases      ] GC(304) Adjust Roots 0.360ms
[62.815s][info][gc,phases,start] GC(304) Compaction Phase
[63.458s][info][gc,phases      ] GC(304) Compaction Phase 643.251ms
[63.459s][info][gc,phases,start] GC(304) Post Compact
[63.470s][info][gc,phases      ] GC(304) Post Compact 11.982ms
[63.471s][info][gc,heap        ] GC(304) PSYoungGen: 80896K(581120K)->80874K(581120K) Eden: 80896K(80896K)->80874K(80896K) From: 0K(500224K)->0K(500224K)
[63.471s][info][gc,heap        ] GC(304) ParOldGen: 8806339K(8806400K)->8806339K(8806400K)
[63.471s][info][gc,metaspace   ] GC(304) Metaspace: 6301K(6464K)->6301K(6464K) NonClass: 5768K(5824K)->5768K(5824K) Class: 533K(640K)->533K(640K)
[63.471s][info][gc             ] GC(304) Pause Full (Ergonomics) 8678M->8678M(9167M) 2746.683ms
[63.471s][info][gc,cpu         ] GC(304) User=19.50s Sys=0.02s Real=2.75s
[63.471s][info][gc,start       ] GC(305) Pause Full (Ergonomics)
[63.471s][info][gc,phases,start] GC(305) Marking Phase
[65.432s][info][gc,phases      ] GC(305) Marking Phase 1961.264ms
[65.432s][info][gc,phases,start] GC(305) Summary Phase
[65.432s][info][gc,phases      ] GC(305) Summary Phase 0.188ms
[65.432s][info][gc,phases,start] GC(305) Adjust Roots
[65.433s][info][gc,phases      ] GC(305) Adjust Roots 0.354ms
[65.433s][info][gc,phases,start] GC(305) Compaction Phase
[65.986s][info][gc,phases      ] GC(305) Compaction Phase 553.358ms
[65.986s][info][gc,phases,start] GC(305) Post Compact
[66.000s][info][gc,phases      ] GC(305) Post Compact 13.715ms
[66.000s][info][gc,heap        ] GC(305) PSYoungGen: 80896K(581120K)->80895K(581120K) Eden: 80896K(80896K)->80895K(80896K) From: 0K(500224K)->0K(500224K)
[66.000s][info][gc,heap        ] GC(305) ParOldGen: 8806339K(8806400K)->8806339K(8806400K)
[66.000s][info][gc,metaspace   ] GC(305) Metaspace: 6301K(6464K)->6301K(6464K) NonClass: 5768K(5824K)->5768K(5824K) Class: 533K(640K)->533K(640K)
[66.000s][info][gc             ] GC(305) Pause Full (Ergonomics) 8678M->8678M(9167M) 2529.273ms
[66.000s][info][gc,cpu         ] GC(305) User=19.08s Sys=0.00s Real=2.53s
[66.000s][info][gc,start       ] GC(306) Pause Full (Ergonomics)
[66.000s][info][gc,phases,start] GC(306) Marking Phase
[67.977s][info][gc,phases      ] GC(306) Marking Phase 1977.232ms
[67.978s][info][gc,phases,start] GC(306) Summary Phase
[67.978s][info][gc,phases      ] GC(306) Summary Phase 0.177ms
[67.978s][info][gc,phases,start] GC(306) Adjust Roots
[67.978s][info][gc,phases      ] GC(306) Adjust Roots 0.227ms
[67.978s][info][gc,phases,start] GC(306) Compaction Phase
[68.513s][info][gc,phases      ] GC(306) Compaction Phase 534.748ms
[68.513s][info][gc,phases,start] GC(306) Post Compact
[68.526s][info][gc,phases      ] GC(306) Post Compact 13.452ms
[68.526s][info][gc,heap        ] GC(306) PSYoungGen: 80895K(581120K)->80895K(581120K) Eden: 80895K(80896K)->80895K(80896K) From: 0K(500224K)->0K(500224K)
[68.526s][info][gc,heap        ] GC(306) ParOldGen: 8806339K(8806400K)->8806339K(8806400K)
[68.526s][info][gc,metaspace   ] GC(306) Metaspace: 6301K(6464K)->6301K(6464K) NonClass: 5768K(5824K)->5768K(5824K) Class: 533K(640K)->533K(640K)
[68.526s][info][gc             ] GC(306) Pause Full (Ergonomics) 8678M->8678M(9167M) 2526.187ms
[68.526s][info][gc,cpu         ] GC(306) User=19.31s Sys=0.00s Real=2.53s
[68.527s][info][gc,start       ] GC(307) Pause Full (Ergonomics)
[68.527s][info][gc,phases,start] GC(307) Marking Phase
[70.510s][info][gc,phases      ] GC(307) Marking Phase 1983.246ms
[70.510s][info][gc,phases,start] GC(307) Summary Phase
[70.510s][info][gc,phases      ] GC(307) Summary Phase 0.088ms
[70.510s][info][gc,phases,start] GC(307) Adjust Roots
[70.510s][info][gc,phases      ] GC(307) Adjust Roots 0.172ms
[70.510s][info][gc,phases,start] GC(307) Compaction Phase
[71.052s][info][gc,phases      ] GC(307) Compaction Phase 541.562ms
[71.052s][info][gc,phases,start] GC(307) Post Compact
[71.067s][info][gc,phases      ] GC(307) Post Compact 14.729ms
[71.067s][info][gc,heap        ] GC(307) PSYoungGen: 80896K(581120K)->80896K(581120K) Eden: 80896K(80896K)->80896K(80896K) From: 0K(500224K)->0K(500224K)
[71.067s][info][gc,heap        ] GC(307) ParOldGen: 8806344K(8806400K)->8806344K(8806400K)
[71.067s][info][gc,metaspace   ] GC(307) Metaspace: 6301K(6464K)->6301K(6464K) NonClass: 5768K(5824K)->5768K(5824K) Class: 533K(640K)->533K(640K)
[71.067s][info][gc             ] GC(307) Pause Full (Ergonomics) 8678M->8678M(9167M) 2540.116ms
[71.067s][info][gc,cpu         ] GC(307) User=19.36s Sys=0.00s Real=2.54s
[71.067s][info][gc,start       ] GC(308) Pause Full (Ergonomics)
[71.067s][info][gc,phases,start] GC(308) Marking Phase
[73.013s][info][gc,phases      ] GC(308) Marking Phase 1945.739ms
[73.013s][info][gc,phases,start] GC(308) Summary Phase
[73.013s][info][gc,phases      ] GC(308) Summary Phase 0.140ms
[73.013s][info][gc,phases,start] GC(308) Adjust Roots
[73.013s][info][gc,phases      ] GC(308) Adjust Roots 0.261ms
[73.013s][info][gc,phases,start] GC(308) Compaction Phase
[73.553s][info][gc,phases      ] GC(308) Compaction Phase 539.757ms
[73.553s][info][gc,phases,start] GC(308) Post Compact
[73.566s][info][gc,phases      ] GC(308) Post Compact 12.726ms
[73.566s][info][gc,heap        ] GC(308) PSYoungGen: 80896K(581120K)->80896K(581120K) Eden: 80896K(80896K)->80896K(80896K) From: 0K(500224K)->0K(500224K)
[73.566s][info][gc,heap        ] GC(308) ParOldGen: 8806349K(8806400K)->8806349K(8806400K)
[73.566s][info][gc,metaspace   ] GC(308) Metaspace: 6301K(6464K)->6301K(6464K) NonClass: 5768K(5824K)->5768K(5824K) Class: 533K(640K)->533K(640K)
[73.566s][info][gc             ] GC(308) Pause Full (Ergonomics) 8678M->8678M(9167M) 2498.958ms
[73.566s][info][gc,cpu         ] GC(308) User=19.19s Sys=0.00s Real=2.50s
[73.566s][info][gc,start       ] GC(309) Pause Full (Ergonomics)
[73.566s][info][gc,phases,start] GC(309) Marking Phase
[75.547s][info][gc,phases      ] GC(309) Marking Phase 1980.552ms
[75.547s][info][gc,phases,start] GC(309) Summary Phase
[75.547s][info][gc,phases      ] GC(309) Summary Phase 0.090ms
[75.547s][info][gc,phases,start] GC(309) Adjust Roots
[75.547s][info][gc,phases      ] GC(309) Adjust Roots 0.202ms
[75.547s][info][gc,phases,start] GC(309) Compaction Phase
[76.107s][info][gc,phases      ] GC(309) Compaction Phase 559.613ms
[76.107s][info][gc,phases,start] GC(309) Post Compact
[76.119s][info][gc,phases      ] GC(309) Post Compact 12.732ms
[76.120s][info][gc,heap        ] GC(309) PSYoungGen: 80896K(581120K)->80896K(581120K) Eden: 80896K(80896K)->80896K(80896K) From: 0K(500224K)->0K(500224K)
[76.120s][info][gc,heap        ] GC(309) ParOldGen: 8806354K(8806400K)->8806354K(8806400K)
[76.120s][info][gc,metaspace   ] GC(309) Metaspace: 6301K(6464K)->6301K(6464K) NonClass: 5768K(5824K)->5768K(5824K) Class: 533K(640K)->533K(640K)
[76.120s][info][gc             ] GC(309) Pause Full (Ergonomics) 8678M->8678M(9167M) 2553.522ms
[76.120s][info][gc,cpu         ] GC(309) User=19.58s Sys=0.00s Real=2.55s
[76.120s][info][gc,start       ] GC(310) Pause Full (Ergonomics)
[76.120s][info][gc,phases,start] GC(310) Marking Phase
[78.137s][info][gc,phases      ] GC(310) Marking Phase 2017.121ms
[78.137s][info][gc,phases,start] GC(310) Summary Phase
[78.137s][info][gc,phases      ] GC(310) Summary Phase 0.089ms
[78.137s][info][gc,phases,start] GC(310) Adjust Roots
[78.137s][info][gc,phases      ] GC(310) Adjust Roots 0.165ms
[78.137s][info][gc,phases,start] GC(310) Compaction Phase
[78.680s][info][gc,phases      ] GC(310) Compaction Phase 543.149ms
[78.681s][info][gc,phases,start] GC(310) Post Compact
[78.693s][info][gc,phases      ] GC(310) Post Compact 12.774ms
[78.693s][info][gc,heap        ] GC(310) PSYoungGen: 80896K(581120K)->80896K(581120K) Eden: 80896K(80896K)->80896K(80896K) From: 0K(500224K)->0K(500224K)
[78.693s][info][gc,heap        ] GC(310) ParOldGen: 8806359K(8806400K)->8806359K(8806400K)
[78.693s][info][gc,metaspace   ] GC(310) Metaspace: 6301K(6464K)->6301K(6464K) NonClass: 5768K(5824K)->5768K(5824K) Class: 533K(640K)->533K(640K)
[78.693s][info][gc             ] GC(310) Pause Full (Ergonomics) 8678M->8678M(9167M) 2573.619ms
[78.693s][info][gc,cpu         ] GC(310) User=19.58s Sys=0.00s Real=2.57s
[78.694s][info][gc,start       ] GC(311) Pause Full (Ergonomics)
[78.694s][info][gc,phases,start] GC(311) Marking Phase
[80.663s][info][gc,phases      ] GC(311) Marking Phase 1969.561ms
[80.663s][info][gc,phases,start] GC(311) Summary Phase
[80.663s][info][gc,phases      ] GC(311) Summary Phase 0.089ms
[80.663s][info][gc,phases,start] GC(311) Adjust Roots
[80.664s][info][gc,phases      ] GC(311) Adjust Roots 0.197ms
[80.664s][info][gc,phases,start] GC(311) Compaction Phase
[81.232s][info][gc,phases      ] GC(311) Compaction Phase 568.726ms
[81.232s][info][gc,phases,start] GC(311) Post Compact
[81.245s][info][gc,phases      ] GC(311) Post Compact 12.697ms
[81.245s][info][gc,heap        ] GC(311) PSYoungGen: 80896K(581120K)->80896K(581120K) Eden: 80896K(80896K)->80896K(80896K) From: 0K(500224K)->0K(500224K)
[81.245s][info][gc,heap        ] GC(311) ParOldGen: 8806364K(8806400K)->8806364K(8806400K)
[81.245s][info][gc,metaspace   ] GC(311) Metaspace: 6301K(6464K)->6301K(6464K) NonClass: 5768K(5824K)->5768K(5824K) Class: 533K(640K)->533K(640K)
[81.245s][info][gc             ] GC(311) Pause Full (Ergonomics) 8678M->8678M(9167M) 2551.617ms
[81.245s][info][gc,cpu         ] GC(311) User=19.02s Sys=0.00s Real=2.55s
[81.245s][info][gc,start       ] GC(312) Pause Full (Ergonomics)
[81.245s][info][gc,phases,start] GC(312) Marking Phase
[83.225s][info][gc,phases      ] GC(312) Marking Phase 1979.578ms
[83.225s][info][gc,phases,start] GC(312) Summary Phase
[83.225s][info][gc,phases      ] GC(312) Summary Phase 0.089ms
[83.225s][info][gc,phases,start] GC(312) Adjust Roots
[83.225s][info][gc,phases      ] GC(312) Adjust Roots 0.163ms
[83.225s][info][gc,phases,start] GC(312) Compaction Phase
[83.773s][info][gc,phases      ] GC(312) Compaction Phase 547.693ms
[83.773s][info][gc,phases,start] GC(312) Post Compact
[83.786s][info][gc,phases      ] GC(312) Post Compact 12.736ms
[83.786s][info][gc,heap        ] GC(312) PSYoungGen: 80896K(581120K)->80896K(581120K) Eden: 80896K(80896K)->80896K(80896K) From: 0K(500224K)->0K(500224K)
[83.786s][info][gc,heap        ] GC(312) ParOldGen: 8806369K(8806400K)->8806369K(8806400K)
[83.786s][info][gc,metaspace   ] GC(312) Metaspace: 6301K(6464K)->6301K(6464K) NonClass: 5768K(5824K)->5768K(5824K) Class: 533K(640K)->533K(640K)
[83.786s][info][gc             ] GC(312) Pause Full (Ergonomics) 8678M->8678M(9167M) 2540.563ms
[83.786s][info][gc,cpu         ] GC(312) User=19.14s Sys=0.00s Real=2.54s
[83.786s][info][gc,start       ] GC(313) Pause Full (Ergonomics)
[83.786s][info][gc,phases,start] GC(313) Marking Phase
[85.757s][info][gc,phases      ] GC(313) Marking Phase 1970.880ms
[85.757s][info][gc,phases,start] GC(313) Summary Phase
[85.757s][info][gc,phases      ] GC(313) Summary Phase 0.083ms
[85.757s][info][gc,phases,start] GC(313) Adjust Roots
[85.757s][info][gc,phases      ] GC(313) Adjust Roots 0.160ms
[85.757s][info][gc,phases,start] GC(313) Compaction Phase
[86.293s][info][gc,phases      ] GC(313) Compaction Phase 535.558ms
[86.293s][info][gc,phases,start] GC(313) Post Compact
[86.306s][info][gc,phases      ] GC(313) Post Compact 12.651ms
[86.306s][info][gc,heap        ] GC(313) PSYoungGen: 80896K(581120K)->80896K(581120K) Eden: 80896K(80896K)->80896K(80896K) From: 0K(500224K)->0K(500224K)
[86.306s][info][gc,heap        ] GC(313) ParOldGen: 8806373K(8806400K)->8806373K(8806400K)
[86.306s][info][gc,metaspace   ] GC(313) Metaspace: 6301K(6464K)->6301K(6464K) NonClass: 5768K(5824K)->5768K(5824K) Class: 533K(640K)->533K(640K)
[86.306s][info][gc             ] GC(313) Pause Full (Ergonomics) 8678M->8678M(9167M) 2519.657ms
[86.306s][info][gc,cpu         ] GC(313) User=19.22s Sys=0.02s Real=2.52s
[86.306s][info][gc,start       ] GC(314) Pause Full (Ergonomics)
[86.306s][info][gc,phases,start] GC(314) Marking Phase
[88.287s][info][gc,phases      ] GC(314) Marking Phase 1981.045ms
[88.287s][info][gc,phases,start] GC(314) Summary Phase
[88.287s][info][gc,phases      ] GC(314) Summary Phase 0.089ms
[88.287s][info][gc,phases,start] GC(314) Adjust Roots
[88.287s][info][gc,phases      ] GC(314) Adjust Roots 0.164ms
[88.287s][info][gc,phases,start] GC(314) Compaction Phase
[88.823s][info][gc,phases      ] GC(314) Compaction Phase 535.911ms
[88.823s][info][gc,phases,start] GC(314) Post Compact
[88.836s][info][gc,phases      ] GC(314) Post Compact 12.735ms
[88.836s][info][gc,heap        ] GC(314) PSYoungGen: 80896K(581120K)->80896K(581120K) Eden: 80896K(80896K)->80896K(80896K) From: 0K(500224K)->0K(500224K)
[88.836s][info][gc,heap        ] GC(314) ParOldGen: 8806378K(8806400K)->8806378K(8806400K)
[88.836s][info][gc,metaspace   ] GC(314) Metaspace: 6301K(6464K)->6301K(6464K) NonClass: 5768K(5824K)->5768K(5824K) Class: 533K(640K)->533K(640K)
[88.836s][info][gc             ] GC(314) Pause Full (Ergonomics) 8678M->8678M(9167M) 2530.273ms
[88.836s][info][gc,cpu         ] GC(314) User=19.12s Sys=0.02s Real=2.53s
[88.836s][info][gc,start       ] GC(315) Pause Full (Ergonomics)
[88.836s][info][gc,phases,start] GC(315) Marking Phase
[90.812s][info][gc,phases      ] GC(315) Marking Phase 1975.842ms
[90.812s][info][gc,phases,start] GC(315) Summary Phase
[90.812s][info][gc,phases      ] GC(315) Summary Phase 0.091ms
[90.812s][info][gc,phases,start] GC(315) Adjust Roots
[90.813s][info][gc,phases      ] GC(315) Adjust Roots 0.196ms
[90.813s][info][gc,phases,start] GC(315) Compaction Phase
[91.357s][info][gc,phases      ] GC(315) Compaction Phase 544.096ms
[91.357s][info][gc,phases,start] GC(315) Post Compact
[91.371s][info][gc,phases      ] GC(315) Post Compact 13.686ms
[91.371s][info][gc,heap        ] GC(315) PSYoungGen: 80896K(581120K)->80896K(581120K) Eden: 80896K(80896K)->80896K(80896K) From: 0K(500224K)->0K(500224K)
[91.371s][info][gc,heap        ] GC(315) ParOldGen: 8806383K(8806400K)->8806383K(8806400K)
[91.371s][info][gc,metaspace   ] GC(315) Metaspace: 6301K(6464K)->6301K(6464K) NonClass: 5768K(5824K)->5768K(5824K) Class: 533K(640K)->533K(640K)
[91.371s][info][gc             ] GC(315) Pause Full (Ergonomics) 8678M->8678M(9167M) 2534.277ms
[91.371s][info][gc,cpu         ] GC(315) User=19.44s Sys=0.00s Real=2.53s
[91.371s][info][gc,start       ] GC(316) Pause Full (Ergonomics)
[91.371s][info][gc,phases,start] GC(316) Marking Phase
[93.363s][info][gc,phases      ] GC(316) Marking Phase 1991.833ms
[93.363s][info][gc,phases,start] GC(316) Summary Phase
[93.363s][info][gc,phases      ] GC(316) Summary Phase 0.093ms
[93.363s][info][gc,phases,start] GC(316) Adjust Roots
[93.363s][info][gc,phases      ] GC(316) Adjust Roots 0.186ms
[93.363s][info][gc,phases,start] GC(316) Compaction Phase
[93.925s][info][gc,phases      ] GC(316) Compaction Phase 561.977ms
[93.925s][info][gc,phases,start] GC(316) Post Compact
[93.939s][info][gc,phases      ] GC(316) Post Compact 13.428ms
[93.939s][info][gc,heap        ] GC(316) PSYoungGen: 80896K(581120K)->80896K(581120K) Eden: 80896K(80896K)->80896K(80896K) From: 0K(500224K)->0K(500224K)
[93.939s][info][gc,heap        ] GC(316) ParOldGen: 8806388K(8806400K)->8806388K(8806400K)
[93.939s][info][gc,metaspace   ] GC(316) Metaspace: 6301K(6464K)->6301K(6464K) NonClass: 5768K(5824K)->5768K(5824K) Class: 533K(640K)->533K(640K)
[93.939s][info][gc             ] GC(316) Pause Full (Ergonomics) 8678M->8678M(9167M) 2567.866ms
[93.939s][info][gc,cpu         ] GC(316) User=19.44s Sys=0.00s Real=2.57s
[93.939s][info][gc,start       ] GC(317) Pause Full (Ergonomics)
[93.939s][info][gc,phases,start] GC(317) Marking Phase
[95.915s][info][gc,phases      ] GC(317) Marking Phase 1975.685ms
[95.915s][info][gc,phases,start] GC(317) Summary Phase
[95.915s][info][gc,phases      ] GC(317) Summary Phase 0.129ms
[95.915s][info][gc,phases,start] GC(317) Adjust Roots
[95.915s][info][gc,phases      ] GC(317) Adjust Roots 0.290ms
[95.915s][info][gc,phases,start] GC(317) Compaction Phase
[96.493s][info][gc,phases      ] GC(317) Compaction Phase 577.736ms
[96.493s][info][gc,phases,start] GC(317) Post Compact
[96.508s][info][gc,phases      ] GC(317) Post Compact 14.836ms
[96.508s][info][gc,heap        ] GC(317) PSYoungGen: 80896K(581120K)->80896K(581120K) Eden: 80896K(80896K)->80896K(80896K) From: 0K(500224K)->0K(500224K)
[96.508s][info][gc,heap        ] GC(317) ParOldGen: 8806393K(8806400K)->8806393K(8806400K)
[96.508s][info][gc,metaspace   ] GC(317) Metaspace: 6301K(6464K)->6301K(6464K) NonClass: 5768K(5824K)->5768K(5824K) Class: 533K(640K)->533K(640K)
[96.508s][info][gc             ] GC(317) Pause Full (Ergonomics) 8678M->8678M(9167M) 2569.115ms
[96.508s][info][gc,cpu         ] GC(317) User=19.42s Sys=0.00s Real=2.57s
[96.508s][info][gc,start       ] GC(318) Pause Full (Ergonomics)
[96.508s][info][gc,phases,start] GC(318) Marking Phase
[98.479s][info][gc,phases      ] GC(318) Marking Phase 1970.454ms
[98.479s][info][gc,phases,start] GC(318) Summary Phase
[98.479s][info][gc,phases      ] GC(318) Summary Phase 0.100ms
[98.479s][info][gc,phases,start] GC(318) Adjust Roots
[98.479s][info][gc,phases      ] GC(318) Adjust Roots 0.210ms
[98.479s][info][gc,phases,start] GC(318) Compaction Phase
[99.041s][info][gc,phases      ] GC(318) Compaction Phase 561.656ms
[99.041s][info][gc,phases,start] GC(318) Post Compact
[99.056s][info][gc,phases      ] GC(318) Post Compact 15.105ms
[99.056s][info][gc,heap        ] GC(318) PSYoungGen: 80896K(581120K)->80896K(581120K) Eden: 80896K(80896K)->80896K(80896K) From: 0K(500224K)->0K(500224K)
[99.056s][info][gc,heap        ] GC(318) ParOldGen: 8806398K(8806400K)->8806398K(8806400K)
[99.056s][info][gc,metaspace   ] GC(318) Metaspace: 6301K(6464K)->6301K(6464K) NonClass: 5768K(5824K)->5768K(5824K) Class: 533K(640K)->533K(640K)
[99.056s][info][gc             ] GC(318) Pause Full (Ergonomics) 8678M->8678M(9167M) 2547.916ms
[99.056s][info][gc,cpu         ] GC(318) User=19.33s Sys=0.02s Real=2.55s
[99.056s][info][gc,start       ] GC(319) Pause Full (Ergonomics)
[99.056s][info][gc,phases,start] GC(319) Marking Phase
[101.049s][info][gc,phases      ] GC(319) Marking Phase 1992.318ms
[101.049s][info][gc,phases,start] GC(319) Summary Phase
[101.049s][info][gc,phases      ] GC(319) Summary Phase 0.111ms
[101.049s][info][gc,phases,start] GC(319) Adjust Roots
[101.049s][info][gc,phases      ] GC(319) Adjust Roots 0.198ms
[101.049s][info][gc,phases,start] GC(319) Compaction Phase
[101.601s][info][gc,phases      ] GC(319) Compaction Phase 551.368ms
[101.601s][info][gc,phases,start] GC(319) Post Compact
[101.615s][info][gc,phases      ] GC(319) Post Compact 13.978ms
[101.615s][info][gc,heap        ] GC(319) PSYoungGen: 80896K(581120K)->80896K(581120K) Eden: 80896K(80896K)->80896K(80896K) From: 0K(500224K)->0K(500224K)
[101.615s][info][gc,heap        ] GC(319) ParOldGen: 8806399K(8806400K)->8806399K(8806400K)
[101.615s][info][gc,metaspace   ] GC(319) Metaspace: 6301K(6464K)->6301K(6464K) NonClass: 5768K(5824K)->5768K(5824K) Class: 533K(640K)->533K(640K)
[101.615s][info][gc             ] GC(319) Pause Full (Ergonomics) 8678M->8678M(9167M) 2558.331ms
[101.615s][info][gc,cpu         ] GC(319) User=19.48s Sys=0.00s Real=2.56s
[101.615s][info][gc,start       ] GC(320) Pause Full (Allocation Failure)
[101.615s][info][gc,phases,start] GC(320) Marking Phase
[103.602s][info][gc,phases      ] GC(320) Marking Phase 1986.865ms
[103.602s][info][gc,phases,start] GC(320) Summary Phase
[103.602s][info][gc,phases      ] GC(320) Summary Phase 0.087ms
[103.602s][info][gc,phases,start] GC(320) Adjust Roots
[103.602s][info][gc,phases      ] GC(320) Adjust Roots 0.394ms
[103.602s][info][gc,phases,start] GC(320) Compaction Phase
[105.816s][info][gc,phases      ] GC(320) Compaction Phase 2213.973ms
[105.816s][info][gc,phases,start] GC(320) Post Compact
[105.831s][info][gc,phases      ] GC(320) Post Compact 14.773ms
[105.831s][info][gc,heap        ] GC(320) PSYoungGen: 80896K(581120K)->80896K(581120K) Eden: 80896K(80896K)->80896K(80896K) From: 0K(500224K)->0K(500224K)
[105.831s][info][gc,heap        ] GC(320) ParOldGen: 8806399K(8806400K)->8806395K(8806400K)
[105.831s][info][gc,metaspace   ] GC(320) Metaspace: 6301K(6464K)->6300K(6464K) NonClass: 5768K(5824K)->5767K(5824K) Class: 533K(640K)->532K(640K)
[105.831s][info][gc             ] GC(320) Pause Full (Allocation Failure) 8678M->8678M(9167M) 4216.444ms
[105.831s][info][gc,cpu         ] GC(320) User=31.73s Sys=0.00s Real=4.22s
[105.832s][info][gc,start       ] GC(321) Pause Full (Ergonomics)
[105.832s][info][gc,phases,start] GC(321) Marking Phase
[107.825s][info][gc,phases      ] GC(321) Marking Phase 1993.033ms
[107.825s][info][gc,phases,start] GC(321) Summary Phase
[107.825s][info][gc,phases      ] GC(321) Summary Phase 0.094ms
[107.825s][info][gc,phases,start] GC(321) Adjust Roots
[107.825s][info][gc,phases      ] GC(321) Adjust Roots 0.223ms
[107.825s][info][gc,phases,start] GC(321) Compaction Phase
[108.400s][info][gc,phases      ] GC(321) Compaction Phase 574.292ms
[108.400s][info][gc,phases,start] GC(321) Post Compact
[108.413s][info][gc,phases      ] GC(321) Post Compact 13.040ms
[108.413s][info][gc,heap        ] GC(321) PSYoungGen: 80896K(581120K)->80896K(581120K) Eden: 80896K(80896K)->80896K(80896K) From: 0K(500224K)->0K(500224K)
[108.413s][info][gc,heap        ] GC(321) ParOldGen: 8806398K(8806400K)->8806398K(8806400K)
[108.413s][info][gc,metaspace   ] GC(321) Metaspace: 6300K(6464K)->6300K(6464K) NonClass: 5767K(5824K)->5767K(5824K) Class: 532K(640K)->532K(640K)
[108.413s][info][gc             ] GC(321) Pause Full (Ergonomics) 8678M->8678M(9167M) 2581.008ms
[108.413s][info][gc,cpu         ] GC(321) User=19.69s Sys=0.00s Real=2.58s
[108.413s][info][gc,start       ] GC(322) Pause Full (Ergonomics)
[108.413s][info][gc,phases,start] GC(322) Marking Phase
[110.395s][info][gc,phases      ] GC(322) Marking Phase 1981.734ms
[110.395s][info][gc,phases,start] GC(322) Summary Phase
[110.395s][info][gc,phases      ] GC(322) Summary Phase 0.083ms
[110.395s][info][gc,phases,start] GC(322) Adjust Roots
[110.395s][info][gc,phases      ] GC(322) Adjust Roots 0.167ms
[110.395s][info][gc,phases,start] GC(322) Compaction Phase
[110.944s][info][gc,phases      ] GC(322) Compaction Phase 548.479ms
[110.944s][info][gc,phases,start] GC(322) Post Compact
[110.957s][info][gc,phases      ] GC(322) Post Compact 13.137ms
[110.957s][info][gc,heap        ] GC(322) PSYoungGen: 80896K(581120K)->80896K(581120K) Eden: 80896K(80896K)->80896K(80896K) From: 0K(500224K)->0K(500224K)
[110.957s][info][gc,heap        ] GC(322) ParOldGen: 8806399K(8806400K)->8806399K(8806400K)
[110.957s][info][gc,metaspace   ] GC(322) Metaspace: 6300K(6464K)->6300K(6464K) NonClass: 5767K(5824K)->5767K(5824K) Class: 532K(640K)->532K(640K)
[110.957s][info][gc             ] GC(322) Pause Full (Ergonomics) 8678M->8678M(9167M) 2543.954ms
[110.957s][info][gc,cpu         ] GC(322) User=19.08s Sys=0.00s Real=2.54s
[110.957s][info][gc,start       ] GC(323) Pause Full (Allocation Failure)
[110.957s][info][gc,phases,start] GC(323) Marking Phase
[112.960s][info][gc,phases      ] GC(323) Marking Phase 2003.119ms
[112.960s][info][gc,phases,start] GC(323) Summary Phase
[112.961s][info][gc,phases      ] GC(323) Summary Phase 0.083ms
[112.961s][info][gc,phases,start] GC(323) Adjust Roots
[112.961s][info][gc,phases      ] GC(323) Adjust Roots 0.160ms
[112.961s][info][gc,phases,start] GC(323) Compaction Phase
[113.494s][info][gc,phases      ] GC(323) Compaction Phase 533.087ms
[113.494s][info][gc,phases,start] GC(323) Post Compact
[113.507s][info][gc,phases      ] GC(323) Post Compact 12.939ms
[113.507s][info][gc,heap        ] GC(323) PSYoungGen: 80896K(581120K)->80896K(581120K) Eden: 80896K(80896K)->80896K(80896K) From: 0K(500224K)->0K(500224K)
[113.507s][info][gc,heap        ] GC(323) ParOldGen: 8806399K(8806400K)->8806399K(8806400K)
[113.507s][info][gc,metaspace   ] GC(323) Metaspace: 6300K(6464K)->6300K(6464K) NonClass: 5767K(5824K)->5767K(5824K) Class: 532K(640K)->532K(640K)
[113.507s][info][gc             ] GC(323) Pause Full (Allocation Failure) 8678M->8678M(9167M) 2549.735ms
[113.507s][info][gc,cpu         ] GC(323) User=19.59s Sys=0.00s Real=2.55s
[113.507s][info][gc,start       ] GC(324) Pause Full (Ergonomics)
[113.507s][info][gc,phases,start] GC(324) Marking Phase
[115.492s][info][gc,phases      ] GC(324) Marking Phase 1984.620ms
[115.492s][info][gc,phases,start] GC(324) Summary Phase
[115.492s][info][gc,phases      ] GC(324) Summary Phase 0.100ms
[115.492s][info][gc,phases,start] GC(324) Adjust Roots
[115.492s][info][gc,phases      ] GC(324) Adjust Roots 0.272ms
[115.493s][info][gc,phases,start] GC(324) Compaction Phase
[117.714s][info][gc,phases      ] GC(324) Compaction Phase 2221.163ms
[117.714s][info][gc,phases,start] GC(324) Post Compact
[117.727s][info][gc,phases      ] GC(324) Post Compact 12.887ms
[117.727s][info][gc,heap        ] GC(324) PSYoungGen: 80896K(581120K)->80896K(581120K) Eden: 80896K(80896K)->80896K(80896K) From: 0K(500224K)->0K(500224K)
[117.727s][info][gc,heap        ] GC(324) ParOldGen: 8806399K(8806400K)->8806398K(8806400K)
[117.727s][info][gc,metaspace   ] GC(324) Metaspace: 6300K(6464K)->6300K(6464K) NonClass: 5767K(5824K)->5767K(5824K) Class: 532K(640K)->532K(640K)
[117.727s][info][gc             ] GC(324) Pause Full (Ergonomics) 8678M->8678M(9167M) 4219.437ms
[117.727s][info][gc,cpu         ] GC(324) User=31.64s Sys=0.05s Real=4.22s
[117.728s][info][gc,start       ] GC(325) Pause Full (Ergonomics)
[117.728s][info][gc,phases,start] GC(325) Marking Phase
[119.775s][info][gc,phases      ] GC(325) Marking Phase 2047.416ms
[119.775s][info][gc,phases,start] GC(325) Summary Phase
[119.776s][info][gc,phases      ] GC(325) Summary Phase 0.096ms
[119.776s][info][gc,phases,start] GC(325) Adjust Roots
[119.776s][info][gc,phases      ] GC(325) Adjust Roots 0.313ms
[119.776s][info][gc,phases,start] GC(325) Compaction Phase
[122.024s][info][gc,phases      ] GC(325) Compaction Phase 2247.950ms
[122.024s][info][gc,phases,start] GC(325) Post Compact
[122.037s][info][gc,phases      ] GC(325) Post Compact 12.815ms
[122.037s][info][gc,heap        ] GC(325) PSYoungGen: 80896K(581120K)->80896K(581120K) Eden: 80896K(80896K)->80896K(80896K) From: 0K(500224K)->0K(500224K)
[122.037s][info][gc,heap        ] GC(325) ParOldGen: 8806399K(8806400K)->8806397K(8806400K)
[122.037s][info][gc,metaspace   ] GC(325) Metaspace: 6301K(6464K)->6301K(6464K) NonClass: 5767K(5824K)->5767K(5824K) Class: 533K(640K)->533K(640K)
[122.037s][info][gc             ] GC(325) Pause Full (Ergonomics) 8678M->8678M(9167M) 4308.932ms
[122.037s][info][gc,cpu         ] GC(325) User=31.53s Sys=0.00s Real=4.31s
[122.037s][info][gc,heap,exit   ] Heap
[122.037s][info][gc,heap,exit   ]  PSYoungGen      total 581120K, used 80896K [0x00000006f3400000, 0x0000000735e00000, 0x0000000800000000)
[122.037s][info][gc,heap,exit   ]   eden space 80896K, 100% used [0x00000006f3400000,0x00000006f8300000,0x00000006f8300000)
[122.037s][info][gc,heap,exit   ]   from space 500224K, 0% used [0x0000000717580000,0x0000000717580000,0x0000000735e00000)
[122.037s][info][gc,heap,exit   ]   to   space 500224K, 0% used [0x00000006f8300000,0x00000006f8300000,0x0000000716b80000)
[122.037s][info][gc,heap,exit   ]  ParOldGen       total 8806400K, used 8806397K [0x00000004d9c00000, 0x00000006f3400000, 0x00000006f3400000)
[122.037s][info][gc,heap,exit   ]   object space 8806400K, 99% used [0x00000004d9c00000,0x00000006f33ff7c8,0x00000006f3400000)
[122.037s][info][gc,heap,exit   ]  Metaspace       used 6304K, committed 6528K, reserved 1114112K
[122.038s][info][gc,heap,exit   ]   class space    used 534K, committed 640K, reserved 1048576K
