[0.016s][info][gc,init] CardTable entry size: 512
[0.016s][info][gc     ] Using Parallel
[0.017s][info][gc,init] Version: 18.0.1+10 (release)
[0.017s][info][gc,init] CPUs: 8 total, 8 available
[0.017s][info][gc,init] Memory: 16063M
[0.017s][info][gc,init] Large Page Support: Disabled
[0.017s][info][gc,init] NUMA Support: Disabled
[0.017s][info][gc,init] Compressed Oops: Enabled (Zero based)
[0.018s][info][gc,init] Alignments: Space 512K, Generation 512K, Heap 2M
[0.018s][info][gc,init] Heap Min Capacity: 2M
[0.018s][info][gc,init] Heap Initial Capacity: 2M
[0.018s][info][gc,init] Heap Max Capacity: 9500M
[0.018s][info][gc,init] Pre-touch: Disabled
[0.018s][info][gc,init] Parallel Workers: 8
[0.018s][info][gc,metaspace] CDS archive(s) not mapped
[0.018s][info][gc,metaspace] Compressed class space mapped at: 0x0000000800000000-0x0000000840000000, reserved size: 1073741824
[0.018s][info][gc,metaspace] Narrow klass base: 0x0000000800000000, Narrow klass shift: 0, Narrow klass range: 0x40000000
[0.139s][info][gc,start    ] GC(0) Pause Young (Allocation Failure)
[0.141s][info][gc,heap     ] GC(0) PSYoungGen: 512K(1024K)->480K(1024K) Eden: 512K(512K)->0K(512K) From: 0K(512K)->480K(512K)
[0.141s][info][gc,heap     ] GC(0) ParOldGen: 0K(512K)->8K(512K)
[0.141s][info][gc,metaspace] GC(0) Metaspace: 4230K(4352K)->4230K(4352K) NonClass: 3909K(3968K)->3909K(3968K) Class: 321K(384K)->321K(384K)
[0.141s][info][gc          ] GC(0) Pause Young (Allocation Failure) 0M->0M(1M) 1.859ms
[0.141s][info][gc,cpu      ] GC(0) User=0.00s Sys=0.00s Real=0.00s
[0.233s][info][gc,start    ] GC(1) Pause Young (Allocation Failure)
[0.235s][info][gc,heap     ] GC(1) PSYoungGen: 991K(1024K)->512K(1536K) Eden: 511K(512K)->0K(1024K) From: 480K(512K)->512K(512K)
[0.235s][info][gc,heap     ] GC(1) ParOldGen: 8K(512K)->80K(512K)
[0.235s][info][gc,metaspace] GC(1) Metaspace: 5881K(6016K)->5881K(6016K) NonClass: 5385K(5504K)->5385K(5504K) Class: 496K(512K)->496K(512K)
[0.235s][info][gc          ] GC(1) Pause Young (Allocation Failure) 0M->0M(2M) 1.287ms
[0.235s][info][gc,cpu      ] GC(1) User=0.00s Sys=0.00s Real=0.00s
[0.269s][info][gc,start    ] GC(2) Pause Young (Allocation Failure)
[0.271s][info][gc,heap     ] GC(2) PSYoungGen: 1536K(1536K)->512K(1536K) Eden: 1024K(1024K)->0K(1024K) From: 512K(512K)->512K(512K)
[0.271s][info][gc,heap     ] GC(2) ParOldGen: 80K(512K)->488K(512K)
[0.271s][info][gc,metaspace] GC(2) Metaspace: 6300K(6464K)->6300K(6464K) NonClass: 5767K(5824K)->5767K(5824K) Class: 533K(640K)->533K(640K)
[0.271s][info][gc          ] GC(2) Pause Young (Allocation Failure) 1M->0M(2M) 2.469ms
[0.271s][info][gc,cpu      ] GC(2) User=0.00s Sys=0.00s Real=0.00s
[0.271s][info][gc,start    ] GC(3) Pause Full (Ergonomics)
[0.272s][info][gc,phases,start] GC(3) Marking Phase
[0.273s][info][gc,phases      ] GC(3) Marking Phase 1.801ms
[0.273s][info][gc,phases,start] GC(3) Summary Phase
[0.273s][info][gc,phases      ] GC(3) Summary Phase 0.021ms
[0.273s][info][gc,phases,start] GC(3) Adjust Roots
[0.274s][info][gc,phases      ] GC(3) Adjust Roots 0.509ms
[0.274s][info][gc,phases,start] GC(3) Compaction Phase
[0.277s][info][gc,phases      ] GC(3) Compaction Phase 2.760ms
[0.277s][info][gc,phases,start] GC(3) Post Compact
[0.277s][info][gc,phases      ] GC(3) Post Compact 0.173ms
[0.277s][info][gc,heap        ] GC(3) PSYoungGen: 512K(1536K)->511K(1536K) Eden: 0K(1024K)->0K(1024K) From: 512K(512K)->511K(512K)
[0.277s][info][gc,heap        ] GC(3) ParOldGen: 488K(512K)->469K(2048K)
[0.277s][info][gc,metaspace   ] GC(3) Metaspace: 6300K(6464K)->6300K(6464K) NonClass: 5767K(5824K)->5767K(5824K) Class: 533K(640K)->533K(640K)
[0.277s][info][gc             ] GC(3) Pause Full (Ergonomics) 0M->0M(3M) 5.762ms
[0.277s][info][gc,cpu         ] GC(3) User=0.00s Sys=0.00s Real=0.00s
[0.280s][info][gc,start       ] GC(4) Pause Young (Allocation Failure)
[0.283s][info][gc,heap        ] GC(4) PSYoungGen: 1535K(1536K)->480K(2560K) Eden: 1024K(1024K)->0K(2048K) From: 511K(512K)->480K(512K)
[0.283s][info][gc,heap        ] GC(4) ParOldGen: 469K(2048K)->1033K(2048K)
[0.283s][info][gc,metaspace   ] GC(4) Metaspace: 6300K(6464K)->6300K(6464K) NonClass: 5767K(5824K)->5767K(5824K) Class: 533K(640K)->533K(640K)
[0.283s][info][gc             ] GC(4) Pause Young (Allocation Failure) 1M->1M(4M) 2.397ms
[0.283s][info][gc,cpu         ] GC(4) User=0.00s Sys=0.00s Real=0.00s
[0.288s][info][gc,start       ] GC(5) Pause Young (Allocation Failure)
[0.291s][info][gc,heap        ] GC(5) PSYoungGen: 2528K(2560K)->480K(2560K) Eden: 2048K(2048K)->0K(2048K) From: 480K(512K)->480K(512K)
[0.291s][info][gc,heap        ] GC(5) ParOldGen: 1033K(2048K)->2105K(2560K)
[0.291s][info][gc,metaspace   ] GC(5) Metaspace: 6300K(6464K)->6300K(6464K) NonClass: 5767K(5824K)->5767K(5824K) Class: 533K(640K)->533K(640K)
[0.291s][info][gc             ] GC(5) Pause Young (Allocation Failure) 3M->2M(5M) 3.530ms
[0.291s][info][gc,cpu         ] GC(5) User=0.00s Sys=0.00s Real=0.00s
[0.291s][info][gc,start       ] GC(6) Pause Full (Ergonomics)
[0.291s][info][gc,phases,start] GC(6) Marking Phase
[0.294s][info][gc,phases      ] GC(6) Marking Phase 2.649ms
[0.294s][info][gc,phases,start] GC(6) Summary Phase
[0.294s][info][gc,phases      ] GC(6) Summary Phase 0.042ms
[0.294s][info][gc,phases,start] GC(6) Adjust Roots
[0.295s][info][gc,phases      ] GC(6) Adjust Roots 0.633ms
[0.295s][info][gc,phases,start] GC(6) Compaction Phase
[0.298s][info][gc,phases      ] GC(6) Compaction Phase 3.399ms
[0.298s][info][gc,phases,start] GC(6) Post Compact
[0.299s][info][gc,phases      ] GC(6) Post Compact 0.054ms
[0.299s][info][gc,heap        ] GC(6) PSYoungGen: 480K(2560K)->0K(4096K) Eden: 0K(2048K)->0K(3072K) From: 480K(512K)->0K(1024K)
[0.299s][info][gc,heap        ] GC(6) ParOldGen: 2105K(2560K)->2542K(6144K)
[0.299s][info][gc,metaspace   ] GC(6) Metaspace: 6300K(6464K)->6300K(6464K) NonClass: 5767K(5824K)->5767K(5824K) Class: 533K(640K)->533K(640K)
[0.299s][info][gc             ] GC(6) Pause Full (Ergonomics) 2M->2M(10M) 7.541ms
[0.299s][info][gc,cpu         ] GC(6) User=0.02s Sys=0.00s Real=0.01s
[0.309s][info][gc,start       ] GC(7) Pause Young (Allocation Failure)
[0.313s][info][gc,heap        ] GC(7) PSYoungGen: 3072K(4096K)->1664K(5120K) Eden: 3072K(3072K)->0K(3072K) From: 0K(1024K)->1664K(2048K)
[0.313s][info][gc,heap        ] GC(7) ParOldGen: 2542K(6144K)->2542K(6144K)
[0.313s][info][gc,metaspace   ] GC(7) Metaspace: 6300K(6464K)->6300K(6464K) NonClass: 5767K(5824K)->5767K(5824K) Class: 533K(640K)->533K(640K)
[0.313s][info][gc             ] GC(7) Pause Young (Allocation Failure) 5M->4M(11M) 3.595ms
[0.313s][info][gc,cpu         ] GC(7) User=0.00s Sys=0.00s Real=0.00s
[0.321s][info][gc,start       ] GC(8) Pause Young (Allocation Failure)
[0.327s][info][gc,heap        ] GC(8) PSYoungGen: 4736K(5120K)->2016K(5632K) Eden: 3072K(3072K)->0K(3584K) From: 1664K(2048K)->2016K(2048K)
[0.327s][info][gc,heap        ] GC(8) ParOldGen: 2542K(6144K)->3774K(6144K)
[0.327s][info][gc,metaspace   ] GC(8) Metaspace: 6300K(6464K)->6300K(6464K) NonClass: 5767K(5824K)->5767K(5824K) Class: 533K(640K)->533K(640K)
[0.327s][info][gc             ] GC(8) Pause Young (Allocation Failure) 7M->5M(11M) 5.684ms
[0.327s][info][gc,cpu         ] GC(8) User=0.00s Sys=0.00s Real=0.01s
[0.337s][info][gc,start       ] GC(9) Pause Young (Allocation Failure)
[0.344s][info][gc,heap        ] GC(9) PSYoungGen: 5600K(5632K)->3040K(6656K) Eden: 3584K(3584K)->0K(3584K) From: 2016K(2048K)->3040K(3072K)
[0.344s][info][gc,heap        ] GC(9) ParOldGen: 3774K(6144K)->4606K(6144K)
[0.344s][info][gc,metaspace   ] GC(9) Metaspace: 6300K(6464K)->6300K(6464K) NonClass: 5767K(5824K)->5767K(5824K) Class: 533K(640K)->533K(640K)
[0.344s][info][gc             ] GC(9) Pause Young (Allocation Failure) 9M->7M(12M) 6.377ms
[0.344s][info][gc,cpu         ] GC(9) User=0.00s Sys=0.00s Real=0.01s
[0.350s][info][gc,start       ] GC(10) Pause Young (Allocation Failure)
[0.356s][info][gc,heap        ] GC(10) PSYoungGen: 6624K(6656K)->4064K(9216K) Eden: 3584K(3584K)->0K(5120K) From: 3040K(3072K)->4064K(4096K)
[0.356s][info][gc,heap        ] GC(10) ParOldGen: 4606K(6144K)->5454K(6144K)
[0.356s][info][gc,metaspace   ] GC(10) Metaspace: 6300K(6464K)->6300K(6464K) NonClass: 5767K(5824K)->5767K(5824K) Class: 533K(640K)->533K(640K)
[0.356s][info][gc             ] GC(10) Pause Young (Allocation Failure) 10M->9M(15M) 6.280ms
[0.356s][info][gc,cpu         ] GC(10) User=0.00s Sys=0.00s Real=0.01s
[0.356s][info][gc,start       ] GC(11) Pause Full (Ergonomics)
[0.356s][info][gc,phases,start] GC(11) Marking Phase
[0.363s][info][gc,phases      ] GC(11) Marking Phase 6.565ms
[0.363s][info][gc,phases,start] GC(11) Summary Phase
[0.363s][info][gc,phases      ] GC(11) Summary Phase 0.020ms
[0.363s][info][gc,phases,start] GC(11) Adjust Roots
[0.364s][info][gc,phases      ] GC(11) Adjust Roots 0.701ms
[0.364s][info][gc,phases,start] GC(11) Compaction Phase
[0.375s][info][gc,phases      ] GC(11) Compaction Phase 10.889ms
[0.375s][info][gc,phases,start] GC(11) Post Compact
[0.375s][info][gc,phases      ] GC(11) Post Compact 0.085ms
[0.375s][info][gc,heap        ] GC(11) PSYoungGen: 4064K(9216K)->3545K(9216K) Eden: 0K(5120K)->0K(5120K) From: 4064K(4096K)->3545K(4096K)
[0.375s][info][gc,heap        ] GC(11) ParOldGen: 5454K(6144K)->5831K(10752K)
[0.375s][info][gc,metaspace   ] GC(11) Metaspace: 6300K(6464K)->6300K(6464K) NonClass: 5767K(5824K)->5767K(5824K) Class: 533K(640K)->533K(640K)
[0.375s][info][gc             ] GC(11) Pause Full (Ergonomics) 9M->9M(19M) 18.750ms
[0.375s][info][gc,cpu         ] GC(11) User=0.00s Sys=0.00s Real=0.02s
[0.385s][info][gc,start       ] GC(12) Pause Young (Allocation Failure)
[0.390s][info][gc,heap        ] GC(12) PSYoungGen: 8665K(9216K)->5088K(10240K) Eden: 5120K(5120K)->0K(5120K) From: 3545K(4096K)->5088K(5120K)
[0.390s][info][gc,heap        ] GC(12) ParOldGen: 5831K(10752K)->6951K(10752K)
[0.391s][info][gc,metaspace   ] GC(12) Metaspace: 6300K(6464K)->6300K(6464K) NonClass: 5767K(5824K)->5767K(5824K) Class: 533K(640K)->533K(640K)
[0.391s][info][gc             ] GC(12) Pause Young (Allocation Failure) 14M->11M(20M) 5.902ms
[0.391s][info][gc,cpu         ] GC(12) User=0.00s Sys=0.00s Real=0.01s
[0.397s][info][gc,start       ] GC(13) Pause Young (Allocation Failure)
[0.405s][info][gc,heap        ] GC(13) PSYoungGen: 10208K(10240K)->6464K(12800K) Eden: 5120K(5120K)->0K(6144K) From: 5088K(5120K)->6464K(6656K)
[0.405s][info][gc,heap        ] GC(13) ParOldGen: 6951K(10752K)->8247K(10752K)
[0.405s][info][gc,metaspace   ] GC(13) Metaspace: 6302K(6464K)->6302K(6464K) NonClass: 5768K(5824K)->5768K(5824K) Class: 533K(640K)->533K(640K)
[0.405s][info][gc             ] GC(13) Pause Young (Allocation Failure) 16M->14M(23M) 7.748ms
[0.405s][info][gc,cpu         ] GC(13) User=0.00s Sys=0.00s Real=0.01s
[0.411s][info][gc,start       ] GC(14) Pause Young (Allocation Failure)
[0.419s][info][gc,heap        ] GC(14) PSYoungGen: 12608K(12800K)->5824K(13824K) Eden: 6144K(6144K)->0K(6144K) From: 6464K(6656K)->5824K(7680K)
[0.419s][info][gc,heap        ] GC(14) ParOldGen: 8247K(10752K)->12119K(12288K)
[0.419s][info][gc,metaspace   ] GC(14) Metaspace: 6302K(6464K)->6302K(6464K) NonClass: 5768K(5824K)->5768K(5824K) Class: 533K(640K)->533K(640K)
[0.419s][info][gc             ] GC(14) Pause Young (Allocation Failure) 20M->17M(25M) 7.843ms
[0.419s][info][gc,cpu         ] GC(14) User=0.00s Sys=0.00s Real=0.01s
[0.419s][info][gc,start       ] GC(15) Pause Full (Ergonomics)
[0.419s][info][gc,phases,start] GC(15) Marking Phase
[0.429s][info][gc,phases      ] GC(15) Marking Phase 10.514ms
[0.430s][info][gc,phases,start] GC(15) Summary Phase
[0.430s][info][gc,phases      ] GC(15) Summary Phase 0.020ms
[0.430s][info][gc,phases,start] GC(15) Adjust Roots
[0.430s][info][gc,phases      ] GC(15) Adjust Roots 0.329ms
[0.430s][info][gc,phases,start] GC(15) Compaction Phase
[0.441s][info][gc,phases      ] GC(15) Compaction Phase 11.381ms
[0.441s][info][gc,phases,start] GC(15) Post Compact
[0.442s][info][gc,phases      ] GC(15) Post Compact 0.098ms
[0.442s][info][gc,heap        ] GC(15) PSYoungGen: 5824K(13824K)->5758K(13824K) Eden: 0K(6144K)->0K(6144K) From: 5824K(7680K)->5758K(7680K)
[0.442s][info][gc,heap        ] GC(15) ParOldGen: 12119K(12288K)->12006K(18944K)
[0.442s][info][gc,metaspace   ] GC(15) Metaspace: 6302K(6464K)->6302K(6464K) NonClass: 5768K(5824K)->5768K(5824K) Class: 533K(640K)->533K(640K)
[0.442s][info][gc             ] GC(15) Pause Full (Ergonomics) 17M->17M(32M) 22.922ms
[0.442s][info][gc,cpu         ] GC(15) User=0.00s Sys=0.00s Real=0.02s
[0.447s][info][gc,start       ] GC(16) Pause Young (Allocation Failure)
[0.457s][info][gc,heap        ] GC(16) PSYoungGen: 11902K(13824K)->3232K(15872K) Eden: 6144K(6144K)->0K(8704K) From: 5758K(7680K)->3232K(7168K)
[0.457s][info][gc,heap        ] GC(16) ParOldGen: 12006K(18944K)->17862K(18944K)
[0.457s][info][gc,metaspace   ] GC(16) Metaspace: 6302K(6464K)->6302K(6464K) NonClass: 5768K(5824K)->5768K(5824K) Class: 533K(640K)->533K(640K)
[0.457s][info][gc             ] GC(16) Pause Young (Allocation Failure) 23M->20M(34M) 10.785ms
[0.457s][info][gc,cpu         ] GC(16) User=0.00s Sys=0.00s Real=0.01s
[0.458s][info][gc,start       ] GC(17) Pause Full (Ergonomics)
[0.458s][info][gc,phases,start] GC(17) Marking Phase
[0.472s][info][gc,phases      ] GC(17) Marking Phase 14.648ms
[0.472s][info][gc,phases,start] GC(17) Summary Phase
[0.472s][info][gc,phases      ] GC(17) Summary Phase 0.019ms
[0.472s][info][gc,phases,start] GC(17) Adjust Roots
[0.473s][info][gc,phases      ] GC(17) Adjust Roots 0.249ms
[0.473s][info][gc,phases,start] GC(17) Compaction Phase
[0.482s][info][gc,phases      ] GC(17) Compaction Phase 9.583ms
[0.482s][info][gc,phases,start] GC(17) Post Compact
[0.482s][info][gc,phases      ] GC(17) Post Compact 0.126ms
[0.482s][info][gc,heap        ] GC(17) PSYoungGen: 3232K(15872K)->2146K(16384K) Eden: 0K(8704K)->0K(9216K) From: 3232K(7168K)->2146K(7168K)
[0.482s][info][gc,heap        ] GC(17) ParOldGen: 17862K(18944K)->18786K(28672K)
[0.482s][info][gc,metaspace   ] GC(17) Metaspace: 6302K(6464K)->6302K(6464K) NonClass: 5768K(5824K)->5768K(5824K) Class: 533K(640K)->533K(640K)
[0.483s][info][gc             ] GC(17) Pause Full (Ergonomics) 20M->20M(44M) 25.000ms
[0.483s][info][gc,cpu         ] GC(17) User=0.02s Sys=0.00s Real=0.02s
[0.493s][info][gc,start       ] GC(18) Pause Young (Allocation Failure)
[0.501s][info][gc,heap        ] GC(18) PSYoungGen: 11362K(16384K)->5312K(16896K) Eden: 9216K(9216K)->0K(9216K) From: 2146K(7168K)->5312K(7680K)
[0.501s][info][gc,heap        ] GC(18) ParOldGen: 18786K(28672K)->20970K(28672K)
[0.501s][info][gc,metaspace   ] GC(18) Metaspace: 6302K(6464K)->6302K(6464K) NonClass: 5768K(5824K)->5768K(5824K) Class: 533K(640K)->533K(640K)
[0.501s][info][gc             ] GC(18) Pause Young (Allocation Failure) 29M->25M(44M) 8.488ms
[0.502s][info][gc,cpu         ] GC(18) User=0.00s Sys=0.00s Real=0.01s
[0.510s][info][gc,start       ] GC(19) Pause Young (Allocation Failure)
[0.521s][info][gc,heap        ] GC(19) PSYoungGen: 14528K(16896K)->4800K(20480K) Eden: 9216K(9216K)->0K(12288K) From: 5312K(7680K)->4800K(8192K)
[0.521s][info][gc,heap        ] GC(19) ParOldGen: 20970K(28672K)->26306K(28672K)
[0.521s][info][gc,metaspace   ] GC(19) Metaspace: 6302K(6464K)->6302K(6464K) NonClass: 5768K(5824K)->5768K(5824K) Class: 533K(640K)->533K(640K)
[0.521s][info][gc             ] GC(19) Pause Young (Allocation Failure) 34M->30M(48M) 10.852ms
[0.521s][info][gc,cpu         ] GC(19) User=0.00s Sys=0.00s Real=0.01s
[0.521s][info][gc,start       ] GC(20) Pause Full (Ergonomics)
[0.521s][info][gc,phases,start] GC(20) Marking Phase
[0.538s][info][gc,phases      ] GC(20) Marking Phase 16.322ms
[0.538s][info][gc,phases,start] GC(20) Summary Phase
[0.538s][info][gc,phases      ] GC(20) Summary Phase 0.019ms
[0.538s][info][gc,phases,start] GC(20) Adjust Roots
[0.538s][info][gc,phases      ] GC(20) Adjust Roots 0.199ms
[0.538s][info][gc,phases,start] GC(20) Compaction Phase
[0.553s][info][gc,phases      ] GC(20) Compaction Phase 15.380ms
[0.554s][info][gc,phases,start] GC(20) Post Compact
[0.554s][info][gc,phases      ] GC(20) Post Compact 0.136ms
[0.554s][info][gc,heap        ] GC(20) PSYoungGen: 4800K(20480K)->2206K(20480K) Eden: 0K(12288K)->0K(12288K) From: 4800K(8192K)->2206K(8192K)
[0.554s][info][gc,heap        ] GC(20) ParOldGen: 26306K(28672K)->28232K(39936K)
[0.554s][info][gc,metaspace   ] GC(20) Metaspace: 6302K(6464K)->6302K(6464K) NonClass: 5768K(5824K)->5768K(5824K) Class: 533K(640K)->533K(640K)
[0.554s][info][gc             ] GC(20) Pause Full (Ergonomics) 30M->29M(59M) 32.440ms
[0.554s][info][gc,cpu         ] GC(20) User=0.02s Sys=0.00s Real=0.03s
[0.568s][info][gc,start       ] GC(21) Pause Young (Allocation Failure)
[0.582s][info][gc,heap        ] GC(21) PSYoungGen: 14494K(20480K)->8192K(20480K) Eden: 12288K(12288K)->0K(12288K) From: 2206K(8192K)->8192K(8192K)
[0.583s][info][gc,heap        ] GC(21) ParOldGen: 28232K(39936K)->33776K(39936K)
[0.583s][info][gc,metaspace   ] GC(21) Metaspace: 6302K(6464K)->6302K(6464K) NonClass: 5768K(5824K)->5768K(5824K) Class: 533K(640K)->533K(640K)
[0.583s][info][gc             ] GC(21) Pause Young (Allocation Failure) 41M->40M(59M) 14.545ms
[0.583s][info][gc,cpu         ] GC(21) User=0.00s Sys=0.00s Real=0.01s
[0.583s][info][gc,start       ] GC(22) Pause Full (Ergonomics)
[0.583s][info][gc,phases,start] GC(22) Marking Phase
[0.607s][info][gc,phases      ] GC(22) Marking Phase 24.144ms
[0.607s][info][gc,phases,start] GC(22) Summary Phase
[0.607s][info][gc,phases      ] GC(22) Summary Phase 0.017ms
[0.607s][info][gc,phases,start] GC(22) Adjust Roots
[0.607s][info][gc,phases      ] GC(22) Adjust Roots 0.186ms
[0.607s][info][gc,phases,start] GC(22) Compaction Phase
[0.626s][info][gc,phases      ] GC(22) Compaction Phase 18.561ms
[0.626s][info][gc,phases,start] GC(22) Post Compact
[0.626s][info][gc,phases      ] GC(22) Post Compact 0.183ms
[0.626s][info][gc,heap        ] GC(22) PSYoungGen: 8192K(20480K)->2044K(20480K) Eden: 0K(12288K)->0K(12288K) From: 8192K(8192K)->2044K(8192K)
[0.626s][info][gc,heap        ] GC(22) ParOldGen: 33776K(39936K)->39817K(54272K)
[0.626s][info][gc,metaspace   ] GC(22) Metaspace: 6302K(6464K)->6302K(6464K) NonClass: 5768K(5824K)->5768K(5824K) Class: 533K(640K)->533K(640K)
[0.626s][info][gc             ] GC(22) Pause Full (Ergonomics) 40M->40M(73M) 43.493ms
[0.626s][info][gc,cpu         ] GC(22) User=0.08s Sys=0.00s Real=0.04s
[0.646s][info][gc,start       ] GC(23) Pause Young (Allocation Failure)
[0.661s][info][gc,heap        ] GC(23) PSYoungGen: 14332K(20480K)->11744K(24064K) Eden: 12288K(12288K)->0K(12288K) From: 2044K(8192K)->11744K(11776K)
[0.662s][info][gc,heap        ] GC(23) ParOldGen: 39817K(54272K)->42449K(54272K)
[0.662s][info][gc,metaspace   ] GC(23) Metaspace: 6302K(6464K)->6302K(6464K) NonClass: 5768K(5824K)->5768K(5824K) Class: 533K(640K)->533K(640K)
[0.662s][info][gc             ] GC(23) Pause Young (Allocation Failure) 52M->52M(76M) 15.218ms
[0.662s][info][gc,cpu         ] GC(23) User=0.00s Sys=0.00s Real=0.02s
[0.676s][info][gc,start       ] GC(24) Pause Young (Allocation Failure)
[0.697s][info][gc,heap        ] GC(24) PSYoungGen: 24032K(24064K)->12288K(26624K) Eden: 12288K(12288K)->0K(12288K) From: 11744K(11776K)->12288K(14336K)
[0.697s][info][gc,heap        ] GC(24) ParOldGen: 42449K(54272K)->54337K(54784K)
[0.697s][info][gc,metaspace   ] GC(24) Metaspace: 6302K(6464K)->6302K(6464K) NonClass: 5768K(5824K)->5768K(5824K) Class: 533K(640K)->533K(640K)
[0.697s][info][gc             ] GC(24) Pause Young (Allocation Failure) 64M->65M(79M) 21.474ms
[0.697s][info][gc,cpu         ] GC(24) User=0.03s Sys=0.00s Real=0.02s
[0.697s][info][gc,start       ] GC(25) Pause Full (Ergonomics)
[0.697s][info][gc,phases,start] GC(25) Marking Phase
[0.729s][info][gc,phases      ] GC(25) Marking Phase 31.752ms
[0.729s][info][gc,phases,start] GC(25) Summary Phase
[0.729s][info][gc,phases      ] GC(25) Summary Phase 0.018ms
[0.729s][info][gc,phases,start] GC(25) Adjust Roots
[0.729s][info][gc,phases      ] GC(25) Adjust Roots 0.200ms
[0.729s][info][gc,phases,start] GC(25) Compaction Phase
[0.760s][info][gc,phases      ] GC(25) Compaction Phase 30.511ms
[0.760s][info][gc,phases,start] GC(25) Post Compact
[0.760s][info][gc,phases      ] GC(25) Post Compact 0.235ms
[0.760s][info][gc,heap        ] GC(25) PSYoungGen: 12288K(26624K)->10723K(26624K) Eden: 0K(12288K)->0K(12288K) From: 12288K(14336K)->10723K(14336K)
[0.760s][info][gc,heap        ] GC(25) ParOldGen: 54337K(54784K)->54632K(73216K)
[0.760s][info][gc,metaspace   ] GC(25) Metaspace: 6302K(6464K)->6302K(6464K) NonClass: 5768K(5824K)->5768K(5824K) Class: 533K(640K)->533K(640K)
[0.760s][info][gc             ] GC(25) Pause Full (Ergonomics) 65M->63M(97M) 63.111ms
[0.760s][info][gc,cpu         ] GC(25) User=0.08s Sys=0.00s Real=0.06s
[0.775s][info][gc,start       ] GC(26) Pause Young (Allocation Failure)
[0.803s][info][gc,heap        ] GC(26) PSYoungGen: 23011K(26624K)->16384K(26112K) Eden: 12288K(12288K)->0K(9728K) From: 10723K(14336K)->16384K(16384K)
[0.803s][info][gc,heap        ] GC(26) ParOldGen: 54632K(73216K)->61368K(73216K)
[0.803s][info][gc,metaspace   ] GC(26) Metaspace: 6302K(6464K)->6302K(6464K) NonClass: 5768K(5824K)->5768K(5824K) Class: 533K(640K)->533K(640K)
[0.803s][info][gc             ] GC(26) Pause Young (Allocation Failure) 75M->75M(97M) 28.217ms
[0.803s][info][gc,cpu         ] GC(26) User=0.02s Sys=0.02s Real=0.03s
[0.816s][info][gc,start       ] GC(27) Pause Young (Allocation Failure)
[0.847s][info][gc,heap        ] GC(27) PSYoungGen: 26112K(26112K)->9760K(31232K) Eden: 9728K(9728K)->0K(9728K) From: 16384K(16384K)->9760K(21504K)
[0.847s][info][gc,heap        ] GC(27) ParOldGen: 61368K(73216K)->77984K(78336K)
[0.847s][info][gc,metaspace   ] GC(27) Metaspace: 6302K(6464K)->6302K(6464K) NonClass: 5768K(5824K)->5768K(5824K) Class: 533K(640K)->533K(640K)
[0.847s][info][gc             ] GC(27) Pause Young (Allocation Failure) 85M->85M(107M) 30.615ms
[0.847s][info][gc,cpu         ] GC(27) User=0.03s Sys=0.00s Real=0.03s
[0.847s][info][gc,start       ] GC(28) Pause Full (Ergonomics)
[0.847s][info][gc,phases,start] GC(28) Marking Phase
[0.897s][info][gc,phases      ] GC(28) Marking Phase 50.698ms
[0.898s][info][gc,phases,start] GC(28) Summary Phase
[0.898s][info][gc,phases      ] GC(28) Summary Phase 0.018ms
[0.898s][info][gc,phases,start] GC(28) Adjust Roots
[0.898s][info][gc,phases      ] GC(28) Adjust Roots 0.224ms
[0.898s][info][gc,phases,start] GC(28) Compaction Phase
[0.929s][info][gc,phases      ] GC(28) Compaction Phase 31.190ms
[0.929s][info][gc,phases,start] GC(28) Post Compact
[0.930s][info][gc,phases      ] GC(28) Post Compact 0.416ms
[0.930s][info][gc,heap        ] GC(28) PSYoungGen: 9760K(31232K)->9187K(31232K) Eden: 0K(9728K)->0K(9728K) From: 9760K(21504K)->9187K(21504K)
[0.930s][info][gc,heap        ] GC(28) ParOldGen: 77984K(78336K)->78125K(103424K)
[0.930s][info][gc,metaspace   ] GC(28) Metaspace: 6302K(6464K)->6302K(6464K) NonClass: 5768K(5824K)->5768K(5824K) Class: 533K(640K)->533K(640K)
[0.930s][info][gc             ] GC(28) Pause Full (Ergonomics) 85M->85M(131M) 83.143ms
[0.930s][info][gc,cpu         ] GC(28) User=0.09s Sys=0.00s Real=0.08s
[0.952s][info][gc,start       ] GC(29) Pause Young (Allocation Failure)
[0.970s][info][gc,heap        ] GC(29) PSYoungGen: 18915K(31232K)->9792K(30720K) Eden: 9728K(9728K)->0K(11776K) From: 9187K(21504K)->9792K(18944K)
[0.970s][info][gc,heap        ] GC(29) ParOldGen: 78125K(103424K)->87469K(103424K)
[0.970s][info][gc,metaspace   ] GC(29) Metaspace: 6302K(6464K)->6302K(6464K) NonClass: 5768K(5824K)->5768K(5824K) Class: 533K(640K)->533K(640K)
[0.970s][info][gc             ] GC(29) Pause Young (Allocation Failure) 94M->94M(131M) 18.500ms
[0.970s][info][gc,cpu         ] GC(29) User=0.05s Sys=0.00s Real=0.02s
[0.982s][info][gc,start       ] GC(30) Pause Young (Allocation Failure)
[0.996s][info][gc,heap        ] GC(30) PSYoungGen: 21568K(30720K)->19936K(31744K) Eden: 11776K(11776K)->0K(11776K) From: 9792K(18944K)->19936K(19968K)
[0.996s][info][gc,heap        ] GC(30) ParOldGen: 87469K(103424K)->89061K(103424K)
[0.996s][info][gc,metaspace   ] GC(30) Metaspace: 6302K(6464K)->6302K(6464K) NonClass: 5768K(5824K)->5768K(5824K) Class: 533K(640K)->533K(640K)
[0.996s][info][gc             ] GC(30) Pause Young (Allocation Failure) 106M->106M(132M) 13.623ms
[0.996s][info][gc,cpu         ] GC(30) User=0.00s Sys=0.00s Real=0.01s
[0.996s][info][gc,start       ] GC(31) Pause Full (Ergonomics)
[0.996s][info][gc,phases,start] GC(31) Marking Phase
[1.037s][info][gc,phases      ] GC(31) Marking Phase 40.554ms
[1.037s][info][gc,phases,start] GC(31) Summary Phase
[1.037s][info][gc,phases      ] GC(31) Summary Phase 0.019ms
[1.037s][info][gc,phases,start] GC(31) Adjust Roots
[1.037s][info][gc,phases      ] GC(31) Adjust Roots 0.201ms
[1.037s][info][gc,phases,start] GC(31) Compaction Phase
[1.072s][info][gc,phases      ] GC(31) Compaction Phase 34.663ms
[1.072s][info][gc,phases,start] GC(31) Post Compact
[1.072s][info][gc,phases      ] GC(31) Post Compact 0.502ms
[1.072s][info][gc,heap        ] GC(31) PSYoungGen: 19936K(31744K)->3545K(31744K) Eden: 0K(11776K)->0K(11776K) From: 19936K(19968K)->3545K(19968K)
[1.073s][info][gc,heap        ] GC(31) ParOldGen: 89061K(103424K)->103177K(131072K)
[1.073s][info][gc,metaspace   ] GC(31) Metaspace: 6302K(6464K)->6302K(6464K) NonClass: 5768K(5824K)->5768K(5824K) Class: 533K(640K)->533K(640K)
[1.073s][info][gc             ] GC(31) Pause Full (Ergonomics) 106M->104M(159M) 76.546ms
[1.073s][info][gc,cpu         ] GC(31) User=0.17s Sys=0.00s Real=0.08s
[1.086s][info][gc,start       ] GC(32) Pause Young (Allocation Failure)
[1.107s][info][gc,heap        ] GC(32) PSYoungGen: 15321K(31744K)->11808K(37376K) Eden: 11776K(11776K)->0K(14336K) From: 3545K(19968K)->11808K(23040K)
[1.107s][info][gc,heap        ] GC(32) ParOldGen: 103177K(131072K)->106793K(131072K)
[1.107s][info][gc,metaspace   ] GC(32) Metaspace: 6302K(6464K)->6302K(6464K) NonClass: 5768K(5824K)->5768K(5824K) Class: 533K(640K)->533K(640K)
[1.107s][info][gc             ] GC(32) Pause Young (Allocation Failure) 115M->115M(164M) 20.799ms
[1.107s][info][gc,cpu         ] GC(32) User=0.05s Sys=0.00s Real=0.02s
[1.123s][info][gc,start       ] GC(33) Pause Young (Allocation Failure)
[1.141s][info][gc,heap        ] GC(33) PSYoungGen: 26144K(37376K)->23552K(37888K) Eden: 14336K(14336K)->0K(14336K) From: 11808K(23040K)->23552K(23552K)
[1.141s][info][gc,heap        ] GC(33) ParOldGen: 106793K(131072K)->109385K(131072K)
[1.141s][info][gc,metaspace   ] GC(33) Metaspace: 6302K(6464K)->6302K(6464K) NonClass: 5768K(5824K)->5768K(5824K) Class: 533K(640K)->533K(640K)
[1.141s][info][gc             ] GC(33) Pause Young (Allocation Failure) 129M->129M(165M) 18.038ms
[1.142s][info][gc,cpu         ] GC(33) User=0.02s Sys=0.00s Real=0.02s
[1.158s][info][gc,start       ] GC(34) Pause Young (Allocation Failure)
[1.185s][info][gc,heap        ] GC(34) PSYoungGen: 37888K(37888K)->14400K(43520K) Eden: 14336K(14336K)->0K(16896K) From: 23552K(23552K)->14400K(26624K)
[1.185s][info][gc,heap        ] GC(34) ParOldGen: 109385K(131072K)->133265K(133632K)
[1.185s][info][gc,metaspace   ] GC(34) Metaspace: 6302K(6464K)->6302K(6464K) NonClass: 5768K(5824K)->5768K(5824K) Class: 533K(640K)->533K(640K)
[1.185s][info][gc             ] GC(34) Pause Young (Allocation Failure) 143M->144M(173M) 27.455ms
[1.185s][info][gc,cpu         ] GC(34) User=0.05s Sys=0.00s Real=0.03s
[1.185s][info][gc,start       ] GC(35) Pause Full (Ergonomics)
[1.185s][info][gc,phases,start] GC(35) Marking Phase
[1.232s][info][gc,phases      ] GC(35) Marking Phase 46.947ms
[1.232s][info][gc,phases,start] GC(35) Summary Phase
[1.232s][info][gc,phases      ] GC(35) Summary Phase 0.019ms
[1.233s][info][gc,phases,start] GC(35) Adjust Roots
[1.233s][info][gc,phases      ] GC(35) Adjust Roots 0.199ms
[1.233s][info][gc,phases,start] GC(35) Compaction Phase
[1.266s][info][gc,phases      ] GC(35) Compaction Phase 33.099ms
[1.266s][info][gc,phases,start] GC(35) Post Compact
[1.267s][info][gc,phases      ] GC(35) Post Compact 0.841ms
[1.267s][info][gc,heap        ] GC(35) PSYoungGen: 14400K(43520K)->13789K(44544K) Eden: 0K(16896K)->0K(17920K) From: 14400K(26624K)->13789K(26624K)
[1.267s][info][gc,heap        ] GC(35) ParOldGen: 133265K(133632K)->133281K(167936K)
[1.267s][info][gc,metaspace   ] GC(35) Metaspace: 6302K(6464K)->6302K(6464K) NonClass: 5768K(5824K)->5768K(5824K) Class: 533K(640K)->533K(640K)
[1.267s][info][gc             ] GC(35) Pause Full (Ergonomics) 144M->143M(207M) 81.660ms
[1.267s][info][gc,cpu         ] GC(35) User=0.16s Sys=0.02s Real=0.08s
[1.289s][info][gc,start       ] GC(36) Pause Young (Allocation Failure)
[1.315s][info][gc,heap        ] GC(36) PSYoungGen: 31709K(44544K)->17984K(45568K) Eden: 17920K(17920K)->0K(17920K) From: 13789K(26624K)->17984K(27648K)
[1.316s][info][gc,heap        ] GC(36) ParOldGen: 133281K(167936K)->147305K(167936K)
[1.316s][info][gc,metaspace   ] GC(36) Metaspace: 6302K(6464K)->6302K(6464K) NonClass: 5768K(5824K)->5768K(5824K) Class: 533K(640K)->533K(640K)
[1.316s][info][gc             ] GC(36) Pause Young (Allocation Failure) 161M->161M(208M) 26.737ms
[1.316s][info][gc,cpu         ] GC(36) User=0.06s Sys=0.00s Real=0.03s
[1.316s][info][gc,start       ] GC(37) Pause Full (Ergonomics)
[1.316s][info][gc,phases,start] GC(37) Marking Phase
[1.367s][info][gc,phases      ] GC(37) Marking Phase 50.818ms
[1.367s][info][gc,phases,start] GC(37) Summary Phase
[1.367s][info][gc,phases      ] GC(37) Summary Phase 0.031ms
[1.367s][info][gc,phases,start] GC(37) Adjust Roots
[1.367s][info][gc,phases      ] GC(37) Adjust Roots 0.192ms
[1.367s][info][gc,phases,start] GC(37) Compaction Phase
[1.391s][info][gc,phases      ] GC(37) Compaction Phase 24.132ms
[1.391s][info][gc,phases,start] GC(37) Post Compact
[1.392s][info][gc,phases      ] GC(37) Post Compact 0.916ms
[1.392s][info][gc,heap        ] GC(37) PSYoungGen: 17984K(45568K)->0K(48128K) Eden: 0K(17920K)->0K(20480K) From: 17984K(27648K)->0K(27648K)
[1.392s][info][gc,heap        ] GC(37) ParOldGen: 147305K(167936K)->164956K(203264K)
[1.392s][info][gc,metaspace   ] GC(37) Metaspace: 6302K(6464K)->6302K(6464K) NonClass: 5768K(5824K)->5768K(5824K) Class: 533K(640K)->533K(640K)
[1.392s][info][gc             ] GC(37) Pause Full (Ergonomics) 161M->161M(245M) 76.711ms
[1.393s][info][gc,cpu         ] GC(37) User=0.27s Sys=0.03s Real=0.08s
[1.433s][info][gc,start       ] GC(38) Pause Young (Allocation Failure)
[1.450s][info][gc,heap        ] GC(38) PSYoungGen: 20480K(48128K)->20576K(48640K) Eden: 20480K(20480K)->0K(20480K) From: 0K(27648K)->20576K(28160K)
[1.450s][info][gc,heap        ] GC(38) ParOldGen: 164956K(203264K)->164956K(203264K)
[1.450s][info][gc,metaspace   ] GC(38) Metaspace: 6302K(6464K)->6302K(6464K) NonClass: 5768K(5824K)->5768K(5824K) Class: 533K(640K)->533K(640K)
[1.450s][info][gc             ] GC(38) Pause Young (Allocation Failure) 181M->181M(246M) 16.991ms
[1.451s][info][gc,cpu         ] GC(38) User=0.03s Sys=0.00s Real=0.02s
[1.474s][info][gc,start       ] GC(39) Pause Young (Allocation Failure)
[1.501s][info][gc,heap        ] GC(39) PSYoungGen: 41056K(48640K)->29664K(44032K) Eden: 20480K(20480K)->0K(14336K) From: 20576K(28160K)->29664K(29696K)
[1.501s][info][gc,heap        ] GC(39) ParOldGen: 164956K(203264K)->176436K(203264K)
[1.501s][info][gc,metaspace   ] GC(39) Metaspace: 6302K(6464K)->6302K(6464K) NonClass: 5768K(5824K)->5768K(5824K) Class: 533K(640K)->533K(640K)
[1.501s][info][gc             ] GC(39) Pause Young (Allocation Failure) 201M->201M(241M) 26.917ms
[1.501s][info][gc,cpu         ] GC(39) User=0.03s Sys=0.00s Real=0.03s
[1.518s][info][gc,start       ] GC(40) Pause Young (Allocation Failure)
[1.545s][info][gc,heap        ] GC(40) PSYoungGen: 44000K(44032K)->28288K(52736K) Eden: 14336K(14336K)->0K(14336K) From: 29664K(29696K)->28288K(38400K)
[1.545s][info][gc,heap        ] GC(40) ParOldGen: 176436K(203264K)->192308K(203264K)
[1.545s][info][gc,metaspace   ] GC(40) Metaspace: 6302K(6464K)->6302K(6464K) NonClass: 5768K(5824K)->5768K(5824K) Class: 533K(640K)->533K(640K)
[1.545s][info][gc             ] GC(40) Pause Young (Allocation Failure) 215M->215M(250M) 26.891ms
[1.545s][info][gc,cpu         ] GC(40) User=0.03s Sys=0.02s Real=0.03s
[1.545s][info][gc,start       ] GC(41) Pause Full (Ergonomics)
[1.545s][info][gc,phases,start] GC(41) Marking Phase
[1.599s][info][gc,phases      ] GC(41) Marking Phase 53.765ms
[1.599s][info][gc,phases,start] GC(41) Summary Phase
[1.599s][info][gc,phases      ] GC(41) Summary Phase 0.020ms
[1.599s][info][gc,phases,start] GC(41) Adjust Roots
[1.599s][info][gc,phases      ] GC(41) Adjust Roots 0.179ms
[1.599s][info][gc,phases,start] GC(41) Compaction Phase
[1.647s][info][gc,phases      ] GC(41) Compaction Phase 47.057ms
[1.647s][info][gc,phases,start] GC(41) Post Compact
[1.648s][info][gc,phases      ] GC(41) Post Compact 1.231ms
[1.648s][info][gc,heap        ] GC(41) PSYoungGen: 28288K(52736K)->12846K(52736K) Eden: 0K(14336K)->0K(14336K) From: 28288K(38400K)->12846K(38400K)
[1.648s][info][gc,heap        ] GC(41) ParOldGen: 192308K(203264K)->203222K(245248K)
[1.648s][info][gc,metaspace   ] GC(41) Metaspace: 6302K(6464K)->6302K(6464K) NonClass: 5768K(5824K)->5768K(5824K) Class: 533K(640K)->533K(640K)
[1.648s][info][gc             ] GC(41) Pause Full (Ergonomics) 215M->211M(291M) 102.908ms
[1.648s][info][gc,cpu         ] GC(41) User=0.41s Sys=0.00s Real=0.10s
[1.667s][info][gc,start       ] GC(42) Pause Young (Allocation Failure)
[1.690s][info][gc,heap        ] GC(42) PSYoungGen: 27182K(52736K)->27264K(56832K) Eden: 14336K(14336K)->0K(15872K) From: 12846K(38400K)->27264K(40960K)
[1.690s][info][gc,heap        ] GC(42) ParOldGen: 203222K(245248K)->203222K(245248K)
[1.690s][info][gc,metaspace   ] GC(42) Metaspace: 6302K(6464K)->6302K(6464K) NonClass: 5768K(5824K)->5768K(5824K) Class: 533K(640K)->533K(640K)
[1.690s][info][gc             ] GC(42) Pause Young (Allocation Failure) 225M->225M(295M) 23.573ms
[1.691s][info][gc,cpu         ] GC(42) User=0.06s Sys=0.00s Real=0.02s
[1.712s][info][gc,start       ] GC(43) Pause Young (Allocation Failure)
[1.732s][info][gc,heap        ] GC(43) PSYoungGen: 43136K(56832K)->41984K(57856K) Eden: 15872K(15872K)->0K(15872K) From: 27264K(40960K)->41984K(41984K)
[1.733s][info][gc,heap        ] GC(43) ParOldGen: 203222K(245248K)->204358K(245248K)
[1.733s][info][gc,metaspace   ] GC(43) Metaspace: 6302K(6464K)->6302K(6464K) NonClass: 5768K(5824K)->5768K(5824K) Class: 533K(640K)->533K(640K)
[1.733s][info][gc             ] GC(43) Pause Young (Allocation Failure) 240M->240M(296M) 20.700ms
[1.733s][info][gc,cpu         ] GC(43) User=0.11s Sys=0.00s Real=0.02s
[1.754s][info][gc,start       ] GC(44) Pause Young (Allocation Failure)
[1.782s][info][gc,heap        ] GC(44) PSYoungGen: 57856K(57856K)->45632K(61440K) Eden: 15872K(15872K)->0K(12288K) From: 41984K(41984K)->45632K(49152K)
[1.782s][info][gc,heap        ] GC(44) ParOldGen: 204358K(245248K)->216886K(245248K)
[1.782s][info][gc,metaspace   ] GC(44) Metaspace: 6302K(6464K)->6302K(6464K) NonClass: 5768K(5824K)->5768K(5824K) Class: 533K(640K)->533K(640K)
[1.782s][info][gc             ] GC(44) Pause Young (Allocation Failure) 256M->256M(299M) 28.241ms
[1.782s][info][gc,cpu         ] GC(44) User=0.12s Sys=0.02s Real=0.03s
[1.798s][info][gc,start       ] GC(45) Pause Young (Allocation Failure)
[1.825s][info][gc,heap        ] GC(45) PSYoungGen: 57920K(61440K)->43904K(67584K) Eden: 12288K(12288K)->0K(12288K) From: 45632K(49152K)->43904K(55296K)
[1.825s][info][gc,heap        ] GC(45) ParOldGen: 216886K(245248K)->231086K(245248K)
[1.825s][info][gc,metaspace   ] GC(45) Metaspace: 6302K(6464K)->6302K(6464K) NonClass: 5768K(5824K)->5768K(5824K) Class: 533K(640K)->533K(640K)
[1.825s][info][gc             ] GC(45) Pause Young (Allocation Failure) 268M->268M(305M) 26.759ms
[1.825s][info][gc,cpu         ] GC(45) User=0.11s Sys=0.00s Real=0.03s
[1.825s][info][gc,start       ] GC(46) Pause Full (Ergonomics)
[1.825s][info][gc,phases,start] GC(46) Marking Phase
[1.892s][info][gc,phases      ] GC(46) Marking Phase 67.499ms
[1.893s][info][gc,phases,start] GC(46) Summary Phase
[1.893s][info][gc,phases      ] GC(46) Summary Phase 0.022ms
[1.893s][info][gc,phases,start] GC(46) Adjust Roots
[1.893s][info][gc,phases      ] GC(46) Adjust Roots 0.168ms
[1.893s][info][gc,phases,start] GC(46) Compaction Phase
[1.928s][info][gc,phases      ] GC(46) Compaction Phase 35.183ms
[1.928s][info][gc,phases,start] GC(46) Post Compact
[1.929s][info][gc,phases      ] GC(46) Post Compact 1.333ms
[1.930s][info][gc,heap        ] GC(46) PSYoungGen: 43904K(67584K)->29362K(67584K) Eden: 0K(12288K)->0K(12288K) From: 43904K(55296K)->29362K(55296K)
[1.930s][info][gc,heap        ] GC(46) ParOldGen: 231086K(245248K)->244945K(289280K)
[1.930s][info][gc,metaspace   ] GC(46) Metaspace: 6302K(6464K)->6302K(6464K) NonClass: 5768K(5824K)->5768K(5824K) Class: 533K(640K)->533K(640K)
[1.930s][info][gc             ] GC(46) Pause Full (Ergonomics) 268M->267M(348M) 104.813ms
[1.930s][info][gc,cpu         ] GC(46) User=0.55s Sys=0.03s Real=0.11s
[1.947s][info][gc,start       ] GC(47) Pause Young (Allocation Failure)
[1.975s][info][gc,heap        ] GC(47) PSYoungGen: 41650K(67584K)->31904K(71168K) Eden: 12288K(12288K)->0K(13824K) From: 29362K(55296K)->31904K(57344K)
[1.975s][info][gc,heap        ] GC(47) ParOldGen: 244945K(289280K)->255001K(289280K)
[1.975s][info][gc,metaspace   ] GC(47) Metaspace: 6302K(6464K)->6302K(6464K) NonClass: 5768K(5824K)->5768K(5824K) Class: 533K(640K)->533K(640K)
[1.975s][info][gc             ] GC(47) Pause Young (Allocation Failure) 279M->280M(352M) 28.598ms
[1.975s][info][gc,cpu         ] GC(47) User=0.14s Sys=0.02s Real=0.03s
[1.993s][info][gc,start       ] GC(48) Pause Young (Allocation Failure)
[2.016s][info][gc,heap        ] GC(48) PSYoungGen: 45728K(71168K)->34464K(72704K) Eden: 13824K(13824K)->0K(13824K) From: 31904K(57344K)->34464K(58880K)
[2.016s][info][gc,heap        ] GC(48) ParOldGen: 255001K(289280K)->266425K(289280K)
[2.016s][info][gc,metaspace   ] GC(48) Metaspace: 6302K(6464K)->6302K(6464K) NonClass: 5768K(5824K)->5768K(5824K) Class: 533K(640K)->533K(640K)
[2.016s][info][gc             ] GC(48) Pause Young (Allocation Failure) 293M->293M(353M) 22.925ms
[2.016s][info][gc,cpu         ] GC(48) User=0.12s Sys=0.02s Real=0.02s
[2.035s][info][gc,start       ] GC(49) Pause Young (Allocation Failure)
[2.059s][info][gc,heap        ] GC(49) PSYoungGen: 48288K(72704K)->40032K(73216K) Eden: 13824K(13824K)->0K(14336K) From: 34464K(58880K)->40032K(58880K)
[2.059s][info][gc,heap        ] GC(49) ParOldGen: 266425K(289280K)->274793K(289280K)
[2.059s][info][gc,metaspace   ] GC(49) Metaspace: 6302K(6464K)->6302K(6464K) NonClass: 5768K(5824K)->5768K(5824K) Class: 533K(640K)->533K(640K)
[2.059s][info][gc             ] GC(49) Pause Young (Allocation Failure) 307M->307M(354M) 23.530ms
[2.059s][info][gc,cpu         ] GC(49) User=0.12s Sys=0.00s Real=0.02s
[2.059s][info][gc,start       ] GC(50) Pause Full (Ergonomics)
[2.059s][info][gc,phases,start] GC(50) Marking Phase
[2.133s][info][gc,phases      ] GC(50) Marking Phase 74.719ms
[2.134s][info][gc,phases,start] GC(50) Summary Phase
[2.134s][info][gc,phases      ] GC(50) Summary Phase 0.025ms
[2.134s][info][gc,phases,start] GC(50) Adjust Roots
[2.134s][info][gc,phases      ] GC(50) Adjust Roots 0.190ms
[2.134s][info][gc,phases,start] GC(50) Compaction Phase
[2.174s][info][gc,phases      ] GC(50) Compaction Phase 40.672ms
[2.175s][info][gc,phases,start] GC(50) Post Compact
[2.176s][info][gc,phases      ] GC(50) Post Compact 1.597ms
[2.176s][info][gc,heap        ] GC(50) PSYoungGen: 40032K(73216K)->25025K(73216K) Eden: 0K(14336K)->0K(14336K) From: 40032K(58880K)->25025K(58880K)
[2.176s][info][gc,heap        ] GC(50) ParOldGen: 274793K(289280K)->289127K(333824K)
[2.176s][info][gc,metaspace   ] GC(50) Metaspace: 6302K(6464K)->6302K(6464K) NonClass: 5768K(5824K)->5768K(5824K) Class: 533K(640K)->533K(640K)
[2.177s][info][gc             ] GC(50) Pause Full (Ergonomics) 307M->306M(397M) 117.801ms
[2.177s][info][gc,cpu         ] GC(50) User=0.75s Sys=0.02s Real=0.12s
[2.197s][info][gc,start       ] GC(51) Pause Young (Allocation Failure)
[2.226s][info][gc,heap        ] GC(51) PSYoungGen: 39361K(73216K)->32608K(74752K) Eden: 14336K(14336K)->0K(14336K) From: 25025K(58880K)->32608K(60416K)
[2.226s][info][gc,heap        ] GC(51) ParOldGen: 289127K(333824K)->296247K(333824K)
[2.226s][info][gc,metaspace   ] GC(51) Metaspace: 6302K(6464K)->6302K(6464K) NonClass: 5768K(5824K)->5768K(5824K) Class: 533K(640K)->533K(640K)
[2.226s][info][gc             ] GC(51) Pause Young (Allocation Failure) 320M->321M(399M) 29.955ms
[2.227s][info][gc,cpu         ] GC(51) User=0.14s Sys=0.00s Real=0.03s
[2.246s][info][gc,start       ] GC(52) Pause Young (Allocation Failure)
[2.269s][info][gc,heap        ] GC(52) PSYoungGen: 46944K(74752K)->46848K(71168K) Eden: 14336K(14336K)->0K(12288K) From: 32608K(60416K)->46848K(58880K)
[2.269s][info][gc,heap        ] GC(52) ParOldGen: 296247K(333824K)->296247K(333824K)
[2.269s][info][gc,metaspace   ] GC(52) Metaspace: 6302K(6464K)->6302K(6464K) NonClass: 5768K(5824K)->5768K(5824K) Class: 533K(640K)->533K(640K)
[2.269s][info][gc             ] GC(52) Pause Young (Allocation Failure) 335M->335M(395M) 23.557ms
[2.269s][info][gc,cpu         ] GC(52) User=0.23s Sys=0.00s Real=0.02s
[2.346s][info][gc,start       ] GC(53) Pause Young (Allocation Failure)
[2.380s][info][gc,heap        ] GC(53) PSYoungGen: 59136K(71168K)->49792K(75264K) Eden: 12288K(12288K)->0K(12288K) From: 46848K(58880K)->49792K(62976K)
[2.380s][info][gc,heap        ] GC(53) ParOldGen: 312631K(333824K)->322143K(333824K)
[2.380s][info][gc,metaspace   ] GC(53) Metaspace: 6302K(6464K)->6302K(6464K) NonClass: 5768K(5824K)->5768K(5824K) Class: 533K(640K)->533K(640K)
[2.380s][info][gc             ] GC(53) Pause Young (Allocation Failure) 363M->363M(399M) 34.516ms
[2.380s][info][gc,cpu         ] GC(53) User=0.23s Sys=0.02s Real=0.03s
[2.380s][info][gc,start       ] GC(54) Pause Full (Ergonomics)
[2.380s][info][gc,phases,start] GC(54) Marking Phase
[2.462s][info][gc,phases      ] GC(54) Marking Phase 81.885ms
[2.462s][info][gc,phases,start] GC(54) Summary Phase
[2.462s][info][gc,phases      ] GC(54) Summary Phase 0.027ms
[2.462s][info][gc,phases,start] GC(54) Adjust Roots
[2.463s][info][gc,phases      ] GC(54) Adjust Roots 0.175ms
[2.463s][info][gc,phases,start] GC(54) Compaction Phase
[2.528s][info][gc,phases      ] GC(54) Compaction Phase 65.721ms
[2.528s][info][gc,phases,start] GC(54) Post Compact
[2.532s][info][gc,phases      ] GC(54) Post Compact 3.146ms
[2.532s][info][gc,heap        ] GC(54) PSYoungGen: 49792K(75264K)->29620K(75264K) Eden: 0K(12288K)->0K(12288K) From: 49792K(62976K)->29620K(62976K)
[2.532s][info][gc,heap        ] GC(54) ParOldGen: 322143K(333824K)->333594K(379392K)
[2.532s][info][gc,metaspace   ] GC(54) Metaspace: 6302K(6464K)->6302K(6464K) NonClass: 5768K(5824K)->5768K(5824K) Class: 533K(640K)->533K(640K)
[2.532s][info][gc             ] GC(54) Pause Full (Ergonomics) 363M->354M(444M) 151.786ms
[2.532s][info][gc,cpu         ] GC(54) User=0.92s Sys=0.00s Real=0.15s
[2.549s][info][gc,start       ] GC(55) Pause Young (Allocation Failure)
[2.586s][info][gc,heap        ] GC(55) PSYoungGen: 41908K(75264K)->42112K(79872K) Eden: 12288K(12288K)->0K(13312K) From: 29620K(62976K)->42112K(66560K)
[2.586s][info][gc,heap        ] GC(55) ParOldGen: 333594K(379392K)->333594K(379392K)
[2.586s][info][gc,metaspace   ] GC(55) Metaspace: 6302K(6464K)->6302K(6464K) NonClass: 5768K(5824K)->5768K(5824K) Class: 533K(640K)->533K(640K)
[2.586s][info][gc             ] GC(55) Pause Young (Allocation Failure) 366M->366M(448M) 37.341ms
[2.586s][info][gc,cpu         ] GC(55) User=0.23s Sys=0.00s Real=0.04s
[2.605s][info][gc,start       ] GC(56) Pause Young (Allocation Failure)
[2.632s][info][gc,heap        ] GC(56) PSYoungGen: 55424K(79872K)->55392K(80384K) Eden: 13312K(13312K)->0K(13312K) From: 42112K(66560K)->55392K(67072K)
[2.632s][info][gc,heap        ] GC(56) ParOldGen: 333594K(379392K)->333594K(379392K)
[2.632s][info][gc,metaspace   ] GC(56) Metaspace: 6302K(6464K)->6302K(6464K) NonClass: 5768K(5824K)->5768K(5824K) Class: 533K(640K)->533K(640K)
[2.632s][info][gc             ] GC(56) Pause Young (Allocation Failure) 379M->379M(449M) 26.604ms
[2.632s][info][gc,cpu         ] GC(56) User=0.16s Sys=0.00s Real=0.03s
[2.649s][info][gc,start       ] GC(57) Pause Young (Allocation Failure)
[2.682s][info][gc,heap        ] GC(57) PSYoungGen: 68704K(80384K)->68736K(77824K) Eden: 13312K(13312K)->0K(6144K) From: 55392K(67072K)->68736K(71680K)
[2.682s][info][gc,heap        ] GC(57) ParOldGen: 333594K(379392K)->333594K(379392K)
[2.682s][info][gc,metaspace   ] GC(57) Metaspace: 6302K(6464K)->6302K(6464K) NonClass: 5768K(5824K)->5768K(5824K) Class: 533K(640K)->533K(640K)
[2.682s][info][gc             ] GC(57) Pause Young (Allocation Failure) 392M->392M(446M) 33.350ms
[2.682s][info][gc,cpu         ] GC(57) User=0.23s Sys=0.02s Real=0.03s
[2.691s][info][gc,start       ] GC(58) Pause Young (Allocation Failure)
[2.727s][info][gc,heap        ] GC(58) PSYoungGen: 74880K(77824K)->68864K(86528K) Eden: 6144K(6144K)->0K(6144K) From: 68736K(71680K)->68864K(80384K)
[2.727s][info][gc,heap        ] GC(58) ParOldGen: 333594K(379392K)->339642K(379392K)
[2.727s][info][gc,metaspace   ] GC(58) Metaspace: 6302K(6464K)->6302K(6464K) NonClass: 5768K(5824K)->5768K(5824K) Class: 533K(640K)->533K(640K)
[2.727s][info][gc             ] GC(58) Pause Young (Allocation Failure) 398M->398M(455M) 35.382ms
[2.727s][info][gc,cpu         ] GC(58) User=0.23s Sys=0.02s Real=0.04s
[2.735s][info][gc,start       ] GC(59) Pause Young (Allocation Failure)
[2.770s][info][gc,heap        ] GC(59) PSYoungGen: 75008K(86528K)->59200K(93184K) Eden: 6144K(6144K)->0K(5632K) From: 68864K(80384K)->59200K(87552K)
[2.770s][info][gc,heap        ] GC(59) ParOldGen: 339642K(379392K)->355642K(379392K)
[2.770s][info][gc,metaspace   ] GC(59) Metaspace: 6302K(6464K)->6302K(6464K) NonClass: 5768K(5824K)->5768K(5824K) Class: 533K(640K)->533K(640K)
[2.770s][info][gc             ] GC(59) Pause Young (Allocation Failure) 404M->405M(461M) 35.620ms
[2.770s][info][gc,cpu         ] GC(59) User=0.23s Sys=0.02s Real=0.04s
[2.778s][info][gc,start       ] GC(60) Pause Young (Allocation Failure)
[2.809s][info][gc,heap        ] GC(60) PSYoungGen: 64832K(93184K)->44640K(50688K) Eden: 5632K(5632K)->0K(5632K) From: 59200K(87552K)->44640K(45056K)
[2.809s][info][gc,heap        ] GC(60) ParOldGen: 355642K(379392K)->376074K(379392K)
[2.809s][info][gc,metaspace   ] GC(60) Metaspace: 6302K(6464K)->6302K(6464K) NonClass: 5768K(5824K)->5768K(5824K) Class: 533K(640K)->533K(640K)
[2.809s][info][gc             ] GC(60) Pause Young (Allocation Failure) 410M->410M(420M) 31.233ms
[2.809s][info][gc,cpu         ] GC(60) User=0.12s Sys=0.02s Real=0.03s
[2.809s][info][gc,start       ] GC(61) Pause Full (Ergonomics)
[2.809s][info][gc,phases,start] GC(61) Marking Phase
[2.904s][info][gc,phases      ] GC(61) Marking Phase 94.676ms
[2.904s][info][gc,phases,start] GC(61) Summary Phase
[2.904s][info][gc,phases      ] GC(61) Summary Phase 0.032ms
[2.904s][info][gc,phases,start] GC(61) Adjust Roots
[2.904s][info][gc,phases      ] GC(61) Adjust Roots 0.231ms
[2.904s][info][gc,phases,start] GC(61) Compaction Phase
[2.966s][info][gc,phases      ] GC(61) Compaction Phase 61.677ms
[2.966s][info][gc,phases,start] GC(61) Post Compact
[2.969s][info][gc,phases      ] GC(61) Post Compact 3.080ms
[2.970s][info][gc,heap        ] GC(61) PSYoungGen: 44640K(50688K)->40815K(50688K) Eden: 0K(5632K)->0K(5632K) From: 44640K(45056K)->40815K(45056K)
[2.970s][info][gc,heap        ] GC(61) ParOldGen: 376074K(379392K)->379050K(431104K)
[2.970s][info][gc,metaspace   ] GC(61) Metaspace: 6302K(6464K)->6302K(6464K) NonClass: 5768K(5824K)->5768K(5824K) Class: 533K(640K)->533K(640K)
[2.970s][info][gc             ] GC(61) Pause Full (Ergonomics) 410M->410M(470M) 160.544ms
[2.970s][info][gc,cpu         ] GC(61) User=0.94s Sys=0.00s Real=0.16s
[2.977s][info][gc,start       ] GC(62) Pause Young (Allocation Failure)
[3.014s][info][gc,heap        ] GC(62) PSYoungGen: 46447K(50688K)->22176K(90624K) Eden: 5632K(5632K)->0K(6656K) From: 40815K(45056K)->22176K(83968K)
[3.014s][info][gc,heap        ] GC(62) ParOldGen: 379050K(431104K)->403858K(431104K)
[3.014s][info][gc,metaspace   ] GC(62) Metaspace: 6302K(6464K)->6302K(6464K) NonClass: 5768K(5824K)->5768K(5824K) Class: 533K(640K)->533K(640K)
[3.014s][info][gc             ] GC(62) Pause Young (Allocation Failure) 415M->416M(509M) 36.324ms
[3.014s][info][gc,cpu         ] GC(62) User=0.23s Sys=0.02s Real=0.04s
[3.023s][info][gc,start       ] GC(63) Pause Young (Allocation Failure)
[3.039s][info][gc,heap        ] GC(63) PSYoungGen: 28832K(90624K)->17856K(91136K) Eden: 6656K(6656K)->0K(6656K) From: 22176K(83968K)->17856K(84480K)
[3.039s][info][gc,heap        ] GC(63) ParOldGen: 403858K(431104K)->414994K(431104K)
[3.039s][info][gc,metaspace   ] GC(63) Metaspace: 6302K(6464K)->6302K(6464K) NonClass: 5768K(5824K)->5768K(5824K) Class: 533K(640K)->533K(640K)
[3.039s][info][gc             ] GC(63) Pause Young (Allocation Failure) 422M->422M(510M) 15.787ms
[3.039s][info][gc,cpu         ] GC(63) User=0.03s Sys=0.00s Real=0.02s
[3.039s][info][gc,start       ] GC(64) Pause Full (Ergonomics)
[3.039s][info][gc,phases,start] GC(64) Marking Phase
[3.147s][info][gc,phases      ] GC(64) Marking Phase 107.448ms
[3.147s][info][gc,phases,start] GC(64) Summary Phase
[3.147s][info][gc,phases      ] GC(64) Summary Phase 0.050ms
[3.147s][info][gc,phases,start] GC(64) Adjust Roots
[3.147s][info][gc,phases      ] GC(64) Adjust Roots 0.228ms
[3.147s][info][gc,phases,start] GC(64) Compaction Phase
[3.194s][info][gc,phases      ] GC(64) Compaction Phase 46.533ms
[3.194s][info][gc,phases,start] GC(64) Post Compact
[3.196s][info][gc,phases      ] GC(64) Post Compact 2.005ms
[3.196s][info][gc,heap        ] GC(64) PSYoungGen: 17856K(91136K)->1283K(91136K) Eden: 0K(6656K)->0K(6656K) From: 17856K(84480K)->1283K(84480K)
[3.196s][info][gc,heap        ] GC(64) ParOldGen: 414994K(431104K)->430812K(489472K)
[3.196s][info][gc,metaspace   ] GC(64) Metaspace: 6302K(6464K)->6302K(6464K) NonClass: 5768K(5824K)->5768K(5824K) Class: 533K(640K)->533K(640K)
[3.196s][info][gc             ] GC(64) Pause Full (Ergonomics) 422M->421M(567M) 156.889ms
[3.196s][info][gc,cpu         ] GC(64) User=1.03s Sys=0.00s Real=0.16s
[3.204s][info][gc,start       ] GC(65) Pause Young (Allocation Failure)
[3.227s][info][gc,heap        ] GC(65) PSYoungGen: 7939K(91136K)->6912K(91136K) Eden: 6656K(6656K)->0K(6656K) From: 1283K(84480K)->6912K(84480K)
[3.227s][info][gc,heap        ] GC(65) ParOldGen: 430812K(489472K)->431996K(489472K)
[3.227s][info][gc,metaspace   ] GC(65) Metaspace: 6302K(6464K)->6302K(6464K) NonClass: 5768K(5824K)->5768K(5824K) Class: 533K(640K)->533K(640K)
[3.227s][info][gc             ] GC(65) Pause Young (Allocation Failure) 428M->428M(567M) 23.144ms
[3.227s][info][gc,cpu         ] GC(65) User=0.12s Sys=0.00s Real=0.02s
[3.235s][info][gc,start       ] GC(66) Pause Young (Allocation Failure)
[3.243s][info][gc,heap        ] GC(66) PSYoungGen: 13568K(91136K)->13600K(92160K) Eden: 6656K(6656K)->0K(6656K) From: 6912K(84480K)->13600K(85504K)
[3.243s][info][gc,heap        ] GC(66) ParOldGen: 431996K(489472K)->431996K(489472K)
[3.243s][info][gc,metaspace   ] GC(66) Metaspace: 6302K(6464K)->6302K(6464K) NonClass: 5768K(5824K)->5768K(5824K) Class: 533K(640K)->533K(640K)
[3.243s][info][gc             ] GC(66) Pause Young (Allocation Failure) 435M->435M(568M) 8.639ms
[3.243s][info][gc,cpu         ] GC(66) User=0.00s Sys=0.00s Real=0.01s
[3.250s][info][gc,start       ] GC(67) Pause Young (Allocation Failure)
[3.262s][info][gc,heap        ] GC(67) PSYoungGen: 20256K(92160K)->20064K(86016K) Eden: 6656K(6656K)->0K(7680K) From: 13600K(85504K)->20064K(78336K)
[3.262s][info][gc,heap        ] GC(67) ParOldGen: 431996K(489472K)->432188K(489472K)
[3.262s][info][gc,metaspace   ] GC(67) Metaspace: 6302K(6464K)->6302K(6464K) NonClass: 5768K(5824K)->5768K(5824K) Class: 533K(640K)->533K(640K)
[3.262s][info][gc             ] GC(67) Pause Young (Allocation Failure) 441M->441M(562M) 11.589ms
[3.262s][info][gc,cpu         ] GC(67) User=0.00s Sys=0.00s Real=0.01s
[3.270s][info][gc,start       ] GC(68) Pause Young (Allocation Failure)
[3.285s][info][gc,heap        ] GC(68) PSYoungGen: 27744K(86016K)->21056K(29184K) Eden: 7680K(7680K)->0K(7680K) From: 20064K(78336K)->21056K(21504K)
[3.285s][info][gc,heap        ] GC(68) ParOldGen: 432188K(489472K)->438932K(489472K)
[3.285s][info][gc,metaspace   ] GC(68) Metaspace: 6302K(6464K)->6302K(6464K) NonClass: 5768K(5824K)->5768K(5824K) Class: 533K(640K)->533K(640K)
[3.285s][info][gc             ] GC(68) Pause Young (Allocation Failure) 449M->449M(506M) 14.808ms
[3.285s][info][gc,cpu         ] GC(68) User=0.02s Sys=0.00s Real=0.02s
[3.293s][info][gc,start       ] GC(69) Pause Young (Allocation Failure)
[3.309s][info][gc,heap        ] GC(69) PSYoungGen: 28736K(29184K)->22080K(80896K) Eden: 7680K(7680K)->0K(9216K) From: 21056K(21504K)->22080K(71680K)
[3.309s][info][gc,heap        ] GC(69) ParOldGen: 438932K(489472K)->445684K(489472K)
[3.309s][info][gc,metaspace   ] GC(69) Metaspace: 6302K(6464K)->6302K(6464K) NonClass: 5768K(5824K)->5768K(5824K) Class: 533K(640K)->533K(640K)
[3.309s][info][gc             ] GC(69) Pause Young (Allocation Failure) 456M->456M(557M) 15.262ms
[3.309s][info][gc,cpu         ] GC(69) User=0.00s Sys=0.00s Real=0.01s
[3.318s][info][gc,start       ] GC(70) Pause Young (Allocation Failure)
[3.335s][info][gc,heap        ] GC(70) PSYoungGen: 31296K(80896K)->16928K(26624K) Eden: 9216K(9216K)->0K(9216K) From: 22080K(71680K)->16928K(17408K)
[3.335s][info][gc,heap        ] GC(70) ParOldGen: 445684K(489472K)->460180K(489472K)
[3.335s][info][gc,metaspace   ] GC(70) Metaspace: 6302K(6464K)->6302K(6464K) NonClass: 5768K(5824K)->5768K(5824K) Class: 533K(640K)->533K(640K)
[3.335s][info][gc             ] GC(70) Pause Young (Allocation Failure) 465M->465M(504M) 16.986ms
[3.335s][info][gc,cpu         ] GC(70) User=0.03s Sys=0.00s Real=0.02s
[3.348s][info][gc,start       ] GC(71) Pause Young (Allocation Failure)
[3.363s][info][gc,heap        ] GC(71) PSYoungGen: 26144K(26624K)->9376K(81920K) Eden: 9216K(9216K)->0K(10752K) From: 16928K(17408K)->9376K(71168K)
[3.363s][info][gc,heap        ] GC(71) ParOldGen: 460180K(489472K)->477268K(489472K)
[3.363s][info][gc,metaspace   ] GC(71) Metaspace: 6302K(6464K)->6302K(6464K) NonClass: 5768K(5824K)->5768K(5824K) Class: 533K(640K)->533K(640K)
[3.363s][info][gc             ] GC(71) Pause Young (Allocation Failure) 474M->475M(558M) 15.021ms
[3.363s][info][gc,cpu         ] GC(71) User=0.02s Sys=0.00s Real=0.01s
[3.363s][info][gc,start       ] GC(72) Pause Full (Ergonomics)
[3.363s][info][gc,phases,start] GC(72) Marking Phase
[3.480s][info][gc,phases      ] GC(72) Marking Phase 116.557ms
[3.480s][info][gc,phases,start] GC(72) Summary Phase
[3.480s][info][gc,phases      ] GC(72) Summary Phase 0.027ms
[3.480s][info][gc,phases,start] GC(72) Adjust Roots
[3.480s][info][gc,phases      ] GC(72) Adjust Roots 0.189ms
[3.480s][info][gc,phases,start] GC(72) Compaction Phase
[3.533s][info][gc,phases      ] GC(72) Compaction Phase 52.740ms
[3.533s][info][gc,phases,start] GC(72) Post Compact
[3.535s][info][gc,phases      ] GC(72) Post Compact 2.384ms
[3.536s][info][gc,heap        ] GC(72) PSYoungGen: 9376K(81920K)->0K(82944K) Eden: 0K(10752K)->0K(10752K) From: 9376K(71168K)->0K(72192K)
[3.536s][info][gc,heap        ] GC(72) ParOldGen: 477268K(489472K)->485638K(546304K)
[3.536s][info][gc,metaspace   ] GC(72) Metaspace: 6302K(6464K)->6302K(6464K) NonClass: 5768K(5824K)->5768K(5824K) Class: 533K(640K)->533K(640K)
[3.536s][info][gc             ] GC(72) Pause Full (Ergonomics) 475M->474M(614M) 172.559ms
[3.536s][info][gc,cpu         ] GC(72) User=1.22s Sys=0.02s Real=0.17s
[3.548s][info][gc,start       ] GC(73) Pause Young (Allocation Failure)
[3.558s][info][gc,heap        ] GC(73) PSYoungGen: 10752K(82944K)->10912K(80384K) Eden: 10752K(10752K)->0K(12288K) From: 0K(72192K)->10912K(68096K)
[3.558s][info][gc,heap        ] GC(73) ParOldGen: 485638K(546304K)->485638K(546304K)
[3.558s][info][gc,metaspace   ] GC(73) Metaspace: 6302K(6464K)->6302K(6464K) NonClass: 5768K(5824K)->5768K(5824K) Class: 533K(640K)->533K(640K)
[3.558s][info][gc             ] GC(73) Pause Young (Allocation Failure) 484M->484M(612M) 9.794ms
[3.558s][info][gc,cpu         ] GC(73) User=0.00s Sys=0.00s Real=0.01s
[3.571s][info][gc,start       ] GC(74) Pause Young (Allocation Failure)
[3.584s][info][gc,heap        ] GC(74) PSYoungGen: 23200K(80384K)->23168K(35840K) Eden: 12288K(12288K)->0K(12288K) From: 10912K(68096K)->23168K(23552K)
[3.584s][info][gc,heap        ] GC(74) ParOldGen: 485638K(546304K)->485638K(546304K)
[3.584s][info][gc,metaspace   ] GC(74) Metaspace: 6302K(6464K)->6302K(6464K) NonClass: 5768K(5824K)->5768K(5824K) Class: 533K(640K)->533K(640K)
[3.584s][info][gc             ] GC(74) Pause Young (Allocation Failure) 496M->496M(568M) 13.236ms
[3.584s][info][gc,cpu         ] GC(74) User=0.02s Sys=0.00s Real=0.01s
[3.598s][info][gc,start       ] GC(75) Pause Young (Allocation Failure)
[3.617s][info][gc,heap        ] GC(75) PSYoungGen: 35456K(35840K)->35424K(79872K) Eden: 12288K(12288K)->0K(13824K) From: 23168K(23552K)->35424K(66048K)
[3.617s][info][gc,heap        ] GC(75) ParOldGen: 485638K(546304K)->485638K(546304K)
[3.617s][info][gc,metaspace   ] GC(75) Metaspace: 6302K(6464K)->6302K(6464K) NonClass: 5768K(5824K)->5768K(5824K) Class: 533K(640K)->533K(640K)
[3.617s][info][gc             ] GC(75) Pause Young (Allocation Failure) 508M->508M(611M) 19.297ms
[3.617s][info][gc,cpu         ] GC(75) User=0.12s Sys=0.00s Real=0.02s
[3.633s][info][gc,start       ] GC(76) Pause Young (Allocation Failure)
[3.657s][info][gc,heap        ] GC(76) PSYoungGen: 49248K(79872K)->38560K(79872K) Eden: 13824K(13824K)->0K(13824K) From: 35424K(66048K)->38560K(66048K)
[3.657s][info][gc,heap        ] GC(76) ParOldGen: 485638K(546304K)->496542K(546304K)
[3.657s][info][gc,metaspace   ] GC(76) Metaspace: 6302K(6464K)->6302K(6464K) NonClass: 5768K(5824K)->5768K(5824K) Class: 533K(640K)->533K(640K)
[3.657s][info][gc             ] GC(76) Pause Young (Allocation Failure) 522M->522M(611M) 24.341ms
[3.657s][info][gc,cpu         ] GC(76) User=0.12s Sys=0.02s Real=0.02s
[3.672s][info][gc,start       ] GC(77) Pause Young (Allocation Failure)
[3.698s][info][gc,heap        ] GC(77) PSYoungGen: 52384K(79872K)->40032K(81408K) Eden: 13824K(13824K)->0K(14848K) From: 38560K(66048K)->40032K(66560K)
[3.698s][info][gc,heap        ] GC(77) ParOldGen: 496542K(546304K)->508990K(546304K)
[3.698s][info][gc,metaspace   ] GC(77) Metaspace: 6302K(6464K)->6302K(6464K) NonClass: 5768K(5824K)->5768K(5824K) Class: 533K(640K)->533K(640K)
[3.698s][info][gc             ] GC(77) Pause Young (Allocation Failure) 536M->536M(613M) 26.247ms
[3.698s][info][gc,cpu         ] GC(77) User=0.12s Sys=0.00s Real=0.03s
[3.714s][info][gc,start       ] GC(78) Pause Young (Allocation Failure)
[3.741s][info][gc,heap        ] GC(78) PSYoungGen: 54880K(81408K)->42624K(82432K) Eden: 14848K(14848K)->0K(14848K) From: 40032K(66560K)->42624K(67584K)
[3.741s][info][gc,heap        ] GC(78) ParOldGen: 508990K(546304K)->521454K(546304K)
[3.741s][info][gc,metaspace   ] GC(78) Metaspace: 6302K(6464K)->6302K(6464K) NonClass: 5768K(5824K)->5768K(5824K) Class: 533K(640K)->533K(640K)
[3.741s][info][gc             ] GC(78) Pause Young (Allocation Failure) 550M->550M(614M) 27.076ms
[3.741s][info][gc,cpu         ] GC(78) User=0.14s Sys=0.00s Real=0.03s
[3.758s][info][gc,start       ] GC(79) Pause Young (Allocation Failure)
[3.787s][info][gc,heap        ] GC(79) PSYoungGen: 57472K(82432K)->29760K(78336K) Eden: 14848K(14848K)->0K(16896K) From: 42624K(67584K)->29760K(61440K)
[3.787s][info][gc,heap        ] GC(79) ParOldGen: 521454K(546304K)->549454K(549888K)
[3.787s][info][gc,metaspace   ] GC(79) Metaspace: 6302K(6464K)->6302K(6464K) NonClass: 5768K(5824K)->5768K(5824K) Class: 533K(640K)->533K(640K)
[3.787s][info][gc             ] GC(79) Pause Young (Allocation Failure) 565M->565M(613M) 29.323ms
[3.787s][info][gc,cpu         ] GC(79) User=0.14s Sys=0.00s Real=0.03s
[3.787s][info][gc,start       ] GC(80) Pause Full (Ergonomics)
[3.787s][info][gc,phases,start] GC(80) Marking Phase
[3.928s][info][gc,phases      ] GC(80) Marking Phase 141.175ms
[3.928s][info][gc,phases,start] GC(80) Summary Phase
[3.928s][info][gc,phases      ] GC(80) Summary Phase 0.024ms
[3.928s][info][gc,phases,start] GC(80) Adjust Roots
[3.929s][info][gc,phases      ] GC(80) Adjust Roots 0.228ms
[3.929s][info][gc,phases,start] GC(80) Compaction Phase
[3.989s][info][gc,phases      ] GC(80) Compaction Phase 59.942ms
[3.989s][info][gc,phases,start] GC(80) Post Compact
[3.990s][info][gc,phases      ] GC(80) Post Compact 1.041ms
[3.990s][info][gc,heap        ] GC(80) PSYoungGen: 29760K(78336K)->28611K(80896K) Eden: 0K(16896K)->0K(19456K) From: 29760K(61440K)->28611K(61440K)
[3.990s][info][gc,heap        ] GC(80) ParOldGen: 549454K(549888K)->549471K(617984K)
[3.990s][info][gc,metaspace   ] GC(80) Metaspace: 6302K(6464K)->6302K(6464K) NonClass: 5768K(5824K)->5768K(5824K) Class: 533K(640K)->533K(640K)
[3.990s][info][gc             ] GC(80) Pause Full (Ergonomics) 565M->564M(682M) 203.036ms
[3.990s][info][gc,cpu         ] GC(80) User=1.36s Sys=0.00s Real=0.20s
[4.011s][info][gc,start       ] GC(81) Pause Young (Allocation Failure)
[4.058s][info][gc,heap        ] GC(81) PSYoungGen: 48067K(80896K)->19552K(84480K) Eden: 19456K(19456K)->0K(19456K) From: 28611K(61440K)->19552K(65024K)
[4.058s][info][gc,heap        ] GC(81) ParOldGen: 549471K(617984K)->578519K(617984K)
[4.058s][info][gc,metaspace   ] GC(81) Metaspace: 6302K(6464K)->6302K(6464K) NonClass: 5768K(5824K)->5768K(5824K) Class: 533K(640K)->533K(640K)
[4.058s][info][gc             ] GC(81) Pause Young (Allocation Failure) 583M->584M(686M) 46.534ms
[4.058s][info][gc,cpu         ] GC(81) User=0.34s Sys=0.03s Real=0.05s
[4.083s][info][gc,start       ] GC(82) Pause Young (Allocation Failure)
[4.107s][info][gc,heap        ] GC(82) PSYoungGen: 39008K(84480K)->19616K(80896K) Eden: 19456K(19456K)->0K(21504K) From: 19552K(65024K)->19616K(59392K)
[4.107s][info][gc,heap        ] GC(82) ParOldGen: 578519K(617984K)->598247K(617984K)
[4.107s][info][gc,metaspace   ] GC(82) Metaspace: 6302K(6464K)->6302K(6464K) NonClass: 5768K(5824K)->5768K(5824K) Class: 533K(640K)->533K(640K)
[4.107s][info][gc             ] GC(82) Pause Young (Allocation Failure) 603M->603M(682M) 23.304ms
[4.107s][info][gc,cpu         ] GC(82) User=0.12s Sys=0.00s Real=0.02s
[4.107s][info][gc,start       ] GC(83) Pause Full (Ergonomics)
[4.107s][info][gc,phases,start] GC(83) Marking Phase
[4.257s][info][gc,phases      ] GC(83) Marking Phase 150.312ms
[4.257s][info][gc,phases,start] GC(83) Summary Phase
[4.257s][info][gc,phases      ] GC(83) Summary Phase 0.031ms
[4.257s][info][gc,phases,start] GC(83) Adjust Roots
[4.257s][info][gc,phases      ] GC(83) Adjust Roots 0.181ms
[4.258s][info][gc,phases,start] GC(83) Compaction Phase
[4.312s][info][gc,phases      ] GC(83) Compaction Phase 54.747ms
[4.312s][info][gc,phases,start] GC(83) Post Compact
[4.313s][info][gc,phases      ] GC(83) Post Compact 1.146ms
[4.314s][info][gc,heap        ] GC(83) PSYoungGen: 19616K(80896K)->0K(82944K) Eden: 0K(21504K)->0K(21504K) From: 19616K(59392K)->0K(61440K)
[4.314s][info][gc,heap        ] GC(83) ParOldGen: 598247K(617984K)->616933K(696320K)
[4.314s][info][gc,metaspace   ] GC(83) Metaspace: 6302K(6464K)->6302K(6464K) NonClass: 5768K(5824K)->5768K(5824K) Class: 533K(640K)->533K(640K)
[4.314s][info][gc             ] GC(83) Pause Full (Ergonomics) 603M->602M(761M) 207.086ms
[4.314s][info][gc,cpu         ] GC(83) User=1.50s Sys=0.00s Real=0.21s
[4.342s][info][gc,start       ] GC(84) Pause Young (Allocation Failure)
[4.357s][info][gc,heap        ] GC(84) PSYoungGen: 21504K(82944K)->21632K(80384K) Eden: 21504K(21504K)->0K(23552K) From: 0K(61440K)->21632K(56832K)
[4.357s][info][gc,heap        ] GC(84) ParOldGen: 616933K(696320K)->616933K(696320K)
[4.357s][info][gc,metaspace   ] GC(84) Metaspace: 6302K(6464K)->6302K(6464K) NonClass: 5768K(5824K)->5768K(5824K) Class: 533K(640K)->533K(640K)
[4.357s][info][gc             ] GC(84) Pause Young (Allocation Failure) 623M->623M(758M) 15.182ms
[4.357s][info][gc,cpu         ] GC(84) User=0.02s Sys=0.00s Real=0.02s
[4.386s][info][gc,start       ] GC(85) Pause Young (Allocation Failure)
[4.409s][info][gc,heap        ] GC(85) PSYoungGen: 45184K(80384K)->45216K(82944K) Eden: 23552K(23552K)->0K(23552K) From: 21632K(56832K)->45216K(59392K)
[4.409s][info][gc,heap        ] GC(85) ParOldGen: 616933K(696320K)->616933K(696320K)
[4.410s][info][gc,metaspace   ] GC(85) Metaspace: 6302K(6464K)->6302K(6464K) NonClass: 5768K(5824K)->5768K(5824K) Class: 533K(640K)->533K(640K)
[4.410s][info][gc             ] GC(85) Pause Young (Allocation Failure) 646M->646M(761M) 23.940ms
[4.410s][info][gc,cpu         ] GC(85) User=0.14s Sys=0.00s Real=0.02s
[4.438s][info][gc,start       ] GC(86) Pause Young (Allocation Failure)
[4.474s][info][gc,heap        ] GC(86) PSYoungGen: 68768K(82944K)->62464K(77312K) Eden: 23552K(23552K)->0K(14848K) From: 45216K(59392K)->62464K(62464K)
[4.474s][info][gc,heap        ] GC(86) ParOldGen: 616933K(696320K)->623229K(696320K)
[4.474s][info][gc,metaspace   ] GC(86) Metaspace: 6302K(6464K)->6302K(6464K) NonClass: 5768K(5824K)->5768K(5824K) Class: 533K(640K)->533K(640K)
[4.474s][info][gc             ] GC(86) Pause Young (Allocation Failure) 669M->669M(755M) 35.512ms
[4.474s][info][gc,cpu         ] GC(86) User=0.16s Sys=0.00s Real=0.04s
[4.494s][info][gc,start       ] GC(87) Pause Young (Allocation Failure)
[4.531s][info][gc,heap        ] GC(87) PSYoungGen: 77312K(77312K)->35808K(50688K) Eden: 14848K(14848K)->0K(14848K) From: 62464K(62464K)->35808K(35840K)
[4.532s][info][gc,heap        ] GC(87) ParOldGen: 623229K(696320K)->665413K(696320K)
[4.532s][info][gc,metaspace   ] GC(87) Metaspace: 6302K(6464K)->6302K(6464K) NonClass: 5768K(5824K)->5768K(5824K) Class: 533K(640K)->533K(640K)
[4.532s][info][gc             ] GC(87) Pause Young (Allocation Failure) 684M->684M(729M) 38.026ms
[4.532s][info][gc,cpu         ] GC(87) User=0.23s Sys=0.03s Real=0.04s
[4.532s][info][gc,start       ] GC(88) Pause Full (Ergonomics)
[4.532s][info][gc,phases,start] GC(88) Marking Phase
[4.698s][info][gc,phases      ] GC(88) Marking Phase 166.292ms
[4.698s][info][gc,phases,start] GC(88) Summary Phase
[4.698s][info][gc,phases      ] GC(88) Summary Phase 0.028ms
[4.698s][info][gc,phases,start] GC(88) Adjust Roots
[4.698s][info][gc,phases      ] GC(88) Adjust Roots 0.173ms
[4.698s][info][gc,phases,start] GC(88) Compaction Phase
[4.761s][info][gc,phases      ] GC(88) Compaction Phase 62.560ms
[4.761s][info][gc,phases,start] GC(88) Post Compact
[4.762s][info][gc,phases      ] GC(88) Post Compact 1.345ms
[4.763s][info][gc,heap        ] GC(88) PSYoungGen: 35808K(50688K)->4409K(50688K) Eden: 0K(14848K)->0K(14848K) From: 35808K(35840K)->4409K(35840K)
[4.763s][info][gc,heap        ] GC(88) ParOldGen: 665413K(696320K)->695845K(785920K)
[4.763s][info][gc,metaspace   ] GC(88) Metaspace: 6302K(6464K)->6302K(6464K) NonClass: 5768K(5824K)->5768K(5824K) Class: 533K(640K)->533K(640K)
[4.763s][info][gc             ] GC(88) Pause Full (Ergonomics) 684M->683M(817M) 231.124ms
[4.763s][info][gc,cpu         ] GC(88) User=1.73s Sys=0.00s Real=0.23s
[4.891s][info][gc,start       ] GC(89) Pause Young (Allocation Failure)
[4.931s][info][gc,heap        ] GC(89) PSYoungGen: 19257K(50688K)->16960K(86016K) Eden: 14848K(14848K)->0K(16384K) From: 4409K(35840K)->16960K(69632K)
[4.931s][info][gc,heap        ] GC(89) ParOldGen: 728613K(785920K)->731077K(785920K)
[4.931s][info][gc,metaspace   ] GC(89) Metaspace: 6302K(6464K)->6302K(6464K) NonClass: 5768K(5824K)->5768K(5824K) Class: 533K(640K)->533K(640K)
[4.931s][info][gc             ] GC(89) Pause Young (Allocation Failure) 730M->730M(851M) 40.149ms
[4.931s][info][gc,cpu         ] GC(89) User=0.16s Sys=0.00s Real=0.04s
[4.948s][info][gc,start       ] GC(90) Pause Young (Allocation Failure)
[4.970s][info][gc,heap        ] GC(90) PSYoungGen: 33344K(86016K)->33376K(50176K) Eden: 16384K(16384K)->0K(16384K) From: 16960K(69632K)->33376K(33792K)
[4.970s][info][gc,heap        ] GC(90) ParOldGen: 731077K(785920K)->731077K(785920K)
[4.970s][info][gc,metaspace   ] GC(90) Metaspace: 6302K(6464K)->6302K(6464K) NonClass: 5768K(5824K)->5768K(5824K) Class: 533K(640K)->533K(640K)
[4.970s][info][gc             ] GC(90) Pause Young (Allocation Failure) 746M->746M(816M) 21.625ms
[4.970s][info][gc,cpu         ] GC(90) User=0.05s Sys=0.00s Real=0.02s
[4.990s][info][gc,start       ] GC(91) Pause Young (Allocation Failure)
[5.015s][info][gc,heap        ] GC(91) PSYoungGen: 49760K(50176K)->49728K(81408K) Eden: 16384K(16384K)->0K(14848K) From: 33376K(33792K)->49728K(66560K)
[5.015s][info][gc,heap        ] GC(91) ParOldGen: 731077K(785920K)->731077K(785920K)
[5.015s][info][gc,metaspace   ] GC(91) Metaspace: 6302K(6464K)->6302K(6464K) NonClass: 5768K(5824K)->5768K(5824K) Class: 533K(640K)->533K(640K)
[5.015s][info][gc             ] GC(91) Pause Young (Allocation Failure) 762M->762M(847M) 25.913ms
[5.015s][info][gc,cpu         ] GC(91) User=0.09s Sys=0.00s Real=0.03s
[5.033s][info][gc,start       ] GC(92) Pause Young (Allocation Failure)
[5.064s][info][gc,heap        ] GC(92) PSYoungGen: 64576K(81408K)->64576K(84992K) Eden: 14848K(14848K)->0K(14848K) From: 49728K(66560K)->64576K(70144K)
[5.064s][info][gc,heap        ] GC(92) ParOldGen: 731077K(785920K)->731077K(785920K)
[5.064s][info][gc,metaspace   ] GC(92) Metaspace: 6302K(6464K)->6302K(6464K) NonClass: 5768K(5824K)->5768K(5824K) Class: 533K(640K)->533K(640K)
[5.064s][info][gc             ] GC(92) Pause Young (Allocation Failure) 777M->777M(850M) 31.026ms
[5.064s][info][gc,cpu         ] GC(92) User=0.11s Sys=0.00s Real=0.03s
[5.079s][info][gc,start       ] GC(93) Pause Young (Allocation Failure)
[5.117s][info][gc,heap        ] GC(93) PSYoungGen: 79424K(84992K)->77440K(83968K) Eden: 14848K(14848K)->0K(6144K) From: 64576K(70144K)->77440K(77824K)
[5.117s][info][gc,heap        ] GC(93) ParOldGen: 731077K(785920K)->733133K(785920K)
[5.117s][info][gc,metaspace   ] GC(93) Metaspace: 6302K(6464K)->6302K(6464K) NonClass: 5768K(5824K)->5768K(5824K) Class: 533K(640K)->533K(640K)
[5.117s][info][gc             ] GC(93) Pause Young (Allocation Failure) 791M->791M(849M) 38.091ms
[5.117s][info][gc,cpu         ] GC(93) User=0.22s Sys=0.03s Real=0.04s
[5.123s][info][gc,start       ] GC(94) Pause Young (Allocation Failure)
[5.163s][info][gc,heap        ] GC(94) PSYoungGen: 83584K(83968K)->68736K(94720K) Eden: 6144K(6144K)->0K(6144K) From: 77440K(77824K)->68736K(88576K)
[5.163s][info][gc,heap        ] GC(94) ParOldGen: 733133K(785920K)->748173K(785920K)
[5.163s][info][gc,metaspace   ] GC(94) Metaspace: 6302K(6464K)->6302K(6464K) NonClass: 5768K(5824K)->5768K(5824K) Class: 533K(640K)->533K(640K)
[5.163s][info][gc             ] GC(94) Pause Young (Allocation Failure) 797M->797M(860M) 40.025ms
[5.163s][info][gc,cpu         ] GC(94) User=0.25s Sys=0.00s Real=0.04s
[5.169s][info][gc,start       ] GC(95) Pause Young (Allocation Failure)
[5.207s][info][gc,heap        ] GC(95) PSYoungGen: 74880K(94720K)->42080K(93184K) Eden: 6144K(6144K)->0K(7680K) From: 68736K(88576K)->42080K(85504K)
[5.207s][info][gc,heap        ] GC(95) ParOldGen: 748173K(785920K)->781357K(785920K)
[5.207s][info][gc,metaspace   ] GC(95) Metaspace: 6302K(6464K)->6302K(6464K) NonClass: 5768K(5824K)->5768K(5824K) Class: 533K(640K)->533K(640K)
[5.207s][info][gc             ] GC(95) Pause Young (Allocation Failure) 803M->804M(858M) 37.774ms
[5.207s][info][gc,cpu         ] GC(95) User=0.25s Sys=0.00s Real=0.04s
[5.207s][info][gc,start       ] GC(96) Pause Full (Ergonomics)
[5.207s][info][gc,phases,start] GC(96) Marking Phase
[5.386s][info][gc,phases      ] GC(96) Marking Phase 178.905ms
[5.386s][info][gc,phases,start] GC(96) Summary Phase
[5.386s][info][gc,phases      ] GC(96) Summary Phase 0.023ms
[5.386s][info][gc,phases,start] GC(96) Adjust Roots
[5.387s][info][gc,phases      ] GC(96) Adjust Roots 0.190ms
[5.387s][info][gc,phases,start] GC(96) Compaction Phase
[5.527s][info][gc,phases      ] GC(96) Compaction Phase 140.156ms
[5.527s][info][gc,phases,start] GC(96) Post Compact
[5.528s][info][gc,phases      ] GC(96) Post Compact 1.678ms
[5.529s][info][gc,heap        ] GC(96) PSYoungGen: 42080K(93184K)->20397K(94720K) Eden: 0K(7680K)->0K(9216K) From: 42080K(85504K)->20397K(85504K)
[5.529s][info][gc,heap        ] GC(96) ParOldGen: 781357K(785920K)->785621K(881152K)
[5.529s][info][gc,metaspace   ] GC(96) Metaspace: 6302K(6464K)->6302K(6464K) NonClass: 5768K(5824K)->5768K(5824K) Class: 533K(640K)->533K(640K)
[5.529s][info][gc             ] GC(96) Pause Full (Ergonomics) 804M->787M(953M) 321.654ms
[5.529s][info][gc,cpu         ] GC(96) User=2.23s Sys=0.00s Real=0.32s
[5.542s][info][gc,start       ] GC(97) Pause Young (Allocation Failure)
[5.588s][info][gc,heap        ] GC(97) PSYoungGen: 29613K(94720K)->14848K(98816K) Eden: 9216K(9216K)->0K(9216K) From: 20397K(85504K)->14848K(89600K)
[5.588s][info][gc,heap        ] GC(97) ParOldGen: 785621K(881152K)->800725K(881152K)
[5.588s][info][gc,metaspace   ] GC(97) Metaspace: 6302K(6464K)->6302K(6464K) NonClass: 5768K(5824K)->5768K(5824K) Class: 533K(640K)->533K(640K)
[5.588s][info][gc             ] GC(97) Pause Young (Allocation Failure) 796M->796M(957M) 46.304ms
[5.588s][info][gc,cpu         ] GC(97) User=0.27s Sys=0.00s Real=0.05s
[5.598s][info][gc,start       ] GC(98) Pause Young (Allocation Failure)
[5.614s][info][gc,heap        ] GC(98) PSYoungGen: 24064K(98816K)->18592K(98304K) Eden: 9216K(9216K)->0K(10752K) From: 14848K(89600K)->18592K(87552K)
[5.615s][info][gc,heap        ] GC(98) ParOldGen: 800725K(881152K)->806333K(881152K)
[5.615s][info][gc,metaspace   ] GC(98) Metaspace: 6302K(6464K)->6302K(6464K) NonClass: 5768K(5824K)->5768K(5824K) Class: 533K(640K)->533K(640K)
[5.615s][info][gc             ] GC(98) Pause Young (Allocation Failure) 805M->805M(956M) 16.532ms
[5.615s][info][gc,cpu         ] GC(98) User=0.03s Sys=0.00s Real=0.02s
[5.626s][info][gc,start       ] GC(99) Pause Young (Allocation Failure)
[5.645s][info][gc,heap        ] GC(99) PSYoungGen: 29344K(98304K)->10848K(99328K) Eden: 10752K(10752K)->0K(10752K) From: 18592K(87552K)->10848K(88576K)
[5.645s][info][gc,heap        ] GC(99) ParOldGen: 806333K(881152K)->824973K(881152K)
[5.645s][info][gc,metaspace   ] GC(99) Metaspace: 6302K(6464K)->6302K(6464K) NonClass: 5768K(5824K)->5768K(5824K) Class: 533K(640K)->533K(640K)
[5.645s][info][gc             ] GC(99) Pause Young (Allocation Failure) 816M->816M(957M) 19.073ms
[5.645s][info][gc,cpu         ] GC(99) User=0.03s Sys=0.00s Real=0.02s
[5.657s][info][gc,start       ] GC(100) Pause Young (Allocation Failure)
[5.673s][info][gc,heap        ] GC(100) PSYoungGen: 21600K(99328K)->10848K(98816K) Eden: 10752K(10752K)->0K(12288K) From: 10848K(88576K)->10848K(86528K)
[5.673s][info][gc,heap        ] GC(100) ParOldGen: 824973K(881152K)->835877K(881152K)
[5.673s][info][gc,metaspace   ] GC(100) Metaspace: 6302K(6464K)->6302K(6464K) NonClass: 5768K(5824K)->5768K(5824K) Class: 533K(640K)->533K(640K)
[5.673s][info][gc             ] GC(100) Pause Young (Allocation Failure) 826M->826M(957M) 16.741ms
[5.673s][info][gc,cpu         ] GC(100) User=0.03s Sys=0.00s Real=0.02s
[5.687s][info][gc,start       ] GC(101) Pause Young (Allocation Failure)
[5.704s][info][gc,heap        ] GC(101) PSYoungGen: 23136K(98816K)->12416K(25088K) Eden: 12288K(12288K)->0K(12288K) From: 10848K(86528K)->12416K(12800K)
[5.704s][info][gc,heap        ] GC(101) ParOldGen: 835877K(881152K)->846781K(881152K)
[5.704s][info][gc,metaspace   ] GC(101) Metaspace: 6302K(6464K)->6302K(6464K) NonClass: 5768K(5824K)->5768K(5824K) Class: 533K(640K)->533K(640K)
[5.704s][info][gc             ] GC(101) Pause Young (Allocation Failure) 838M->839M(885M) 17.416ms
[5.704s][info][gc,cpu         ] GC(101) User=0.03s Sys=0.00s Real=0.02s
[5.717s][info][gc,start       ] GC(102) Pause Young (Allocation Failure)
[5.735s][info][gc,heap        ] GC(102) PSYoungGen: 24704K(25088K)->12384K(95232K) Eden: 12288K(12288K)->0K(13824K) From: 12416K(12800K)->12384K(81408K)
[5.735s][info][gc,heap        ] GC(102) ParOldGen: 846781K(881152K)->859245K(881152K)
[5.735s][info][gc,metaspace   ] GC(102) Metaspace: 6302K(6464K)->6302K(6464K) NonClass: 5768K(5824K)->5768K(5824K) Class: 533K(640K)->533K(640K)
[5.735s][info][gc             ] GC(102) Pause Young (Allocation Failure) 851M->851M(953M) 18.080ms
[5.735s][info][gc,cpu         ] GC(102) User=0.03s Sys=0.00s Real=0.02s
[5.735s][info][gc,start       ] GC(103) Pause Full (Ergonomics)
[5.735s][info][gc,phases,start] GC(103) Marking Phase
[5.945s][info][gc,phases      ] GC(103) Marking Phase 209.912ms
[5.945s][info][gc,phases,start] GC(103) Summary Phase
[5.945s][info][gc,phases      ] GC(103) Summary Phase 0.033ms
[5.945s][info][gc,phases,start] GC(103) Adjust Roots
[5.945s][info][gc,phases      ] GC(103) Adjust Roots 0.178ms
[5.945s][info][gc,phases,start] GC(103) Compaction Phase
[6.040s][info][gc,phases      ] GC(103) Compaction Phase 94.742ms
[6.040s][info][gc,phases,start] GC(103) Post Compact
[6.042s][info][gc,phases      ] GC(103) Post Compact 1.460ms
[6.042s][info][gc,heap        ] GC(103) PSYoungGen: 12384K(95232K)->0K(97280K) Eden: 0K(13824K)->0K(13824K) From: 12384K(81408K)->0K(83456K)
[6.042s][info][gc,heap        ] GC(103) ParOldGen: 859245K(881152K)->870349K(962560K)
[6.042s][info][gc,metaspace   ] GC(103) Metaspace: 6302K(6464K)->6302K(6464K) NonClass: 5768K(5824K)->5768K(5824K) Class: 533K(640K)->533K(640K)
[6.042s][info][gc             ] GC(103) Pause Full (Ergonomics) 851M->849M(1035M) 306.931ms
[6.042s][info][gc,cpu         ] GC(103) User=2.09s Sys=0.03s Real=0.31s
[6.060s][info][gc,start       ] GC(104) Pause Young (Allocation Failure)
[6.074s][info][gc,heap        ] GC(104) PSYoungGen: 13824K(97280K)->13952K(92160K) Eden: 13824K(13824K)->0K(15360K) From: 0K(83456K)->13952K(76800K)
[6.074s][info][gc,heap        ] GC(104) ParOldGen: 870349K(962560K)->870349K(962560K)
[6.074s][info][gc,metaspace   ] GC(104) Metaspace: 6302K(6464K)->6302K(6464K) NonClass: 5768K(5824K)->5768K(5824K) Class: 533K(640K)->533K(640K)
[6.074s][info][gc             ] GC(104) Pause Young (Allocation Failure) 863M->863M(1030M) 14.151ms
[6.074s][info][gc,cpu         ] GC(104) User=0.00s Sys=0.00s Real=0.01s
[6.089s][info][gc,start       ] GC(105) Pause Young (Allocation Failure)
[6.108s][info][gc,heap        ] GC(105) PSYoungGen: 29312K(92160K)->29312K(45056K) Eden: 15360K(15360K)->0K(15360K) From: 13952K(76800K)->29312K(29696K)
[6.109s][info][gc,heap        ] GC(105) ParOldGen: 870349K(962560K)->870349K(962560K)
[6.109s][info][gc,metaspace   ] GC(105) Metaspace: 6302K(6464K)->6302K(6464K) NonClass: 5768K(5824K)->5768K(5824K) Class: 533K(640K)->533K(640K)
[6.109s][info][gc             ] GC(105) Pause Young (Allocation Failure) 878M->878M(984M) 19.076ms
[6.109s][info][gc,cpu         ] GC(105) User=0.05s Sys=0.00s Real=0.02s
[6.127s][info][gc,start       ] GC(106) Pause Young (Allocation Failure)
[6.151s][info][gc,heap        ] GC(106) PSYoungGen: 44672K(45056K)->44640K(91136K) Eden: 15360K(15360K)->0K(15360K) From: 29312K(29696K)->44640K(75776K)
[6.151s][info][gc,heap        ] GC(106) ParOldGen: 870349K(962560K)->870349K(962560K)
[6.151s][info][gc,metaspace   ] GC(106) Metaspace: 6302K(6464K)->6302K(6464K) NonClass: 5768K(5824K)->5768K(5824K) Class: 533K(640K)->533K(640K)
[6.151s][info][gc             ] GC(106) Pause Young (Allocation Failure) 893M->893M(1029M) 24.139ms
[6.151s][info][gc,cpu         ] GC(106) User=0.11s Sys=0.00s Real=0.02s
[6.168s][info][gc,start       ] GC(107) Pause Young (Allocation Failure)
[6.199s][info][gc,heap        ] GC(107) PSYoungGen: 60000K(91136K)->46176K(92672K) Eden: 15360K(15360K)->0K(15360K) From: 44640K(75776K)->46176K(77312K)
[6.199s][info][gc,heap        ] GC(107) ParOldGen: 870349K(962560K)->884357K(962560K)
[6.199s][info][gc,metaspace   ] GC(107) Metaspace: 6302K(6464K)->6302K(6464K) NonClass: 5768K(5824K)->5768K(5824K) Class: 533K(640K)->533K(640K)
[6.199s][info][gc             ] GC(107) Pause Young (Allocation Failure) 908M->908M(1030M) 31.241ms
[6.199s][info][gc,cpu         ] GC(107) User=0.22s Sys=0.02s Real=0.03s
[6.216s][info][gc,start       ] GC(108) Pause Young (Allocation Failure)
[6.248s][info][gc,heap        ] GC(108) PSYoungGen: 61536K(92672K)->46208K(95744K) Eden: 15360K(15360K)->0K(16896K) From: 46176K(77312K)->46208K(78848K)
[6.248s][info][gc,heap        ] GC(108) ParOldGen: 884357K(962560K)->899917K(962560K)
[6.248s][info][gc,metaspace   ] GC(108) Metaspace: 6302K(6464K)->6302K(6464K) NonClass: 5768K(5824K)->5768K(5824K) Class: 533K(640K)->533K(640K)
[6.248s][info][gc             ] GC(108) Pause Young (Allocation Failure) 923M->923M(1033M) 31.577ms
[6.248s][info][gc,cpu         ] GC(108) User=0.12s Sys=0.02s Real=0.03s
[6.267s][info][gc,start       ] GC(109) Pause Young (Allocation Failure)
[6.299s][info][gc,heap        ] GC(109) PSYoungGen: 63104K(95744K)->47776K(96256K) Eden: 16896K(16896K)->0K(16896K) From: 46208K(78848K)->47776K(79360K)
[6.299s][info][gc,heap        ] GC(109) ParOldGen: 899917K(962560K)->915501K(962560K)
[6.299s][info][gc,metaspace   ] GC(109) Metaspace: 6302K(6464K)->6302K(6464K) NonClass: 5768K(5824K)->5768K(5824K) Class: 533K(640K)->533K(640K)
[6.299s][info][gc             ] GC(109) Pause Young (Allocation Failure) 940M->940M(1034M) 32.319ms
[6.299s][info][gc,cpu         ] GC(109) User=0.14s Sys=0.00s Real=0.03s
[6.319s][info][gc,start       ] GC(110) Pause Young (Allocation Failure)
[6.353s][info][gc,heap        ] GC(110) PSYoungGen: 64672K(96256K)->33984K(90624K) Eden: 16896K(16896K)->0K(19456K) From: 47776K(79360K)->33984K(71168K)
[6.353s][info][gc,heap        ] GC(110) ParOldGen: 915501K(962560K)->946613K(962560K)
[6.354s][info][gc,metaspace   ] GC(110) Metaspace: 6302K(6464K)->6302K(6464K) NonClass: 5768K(5824K)->5768K(5824K) Class: 533K(640K)->533K(640K)
[6.354s][info][gc             ] GC(110) Pause Young (Allocation Failure) 957M->957M(1028M) 34.602ms
[6.354s][info][gc,cpu         ] GC(110) User=0.22s Sys=0.02s Real=0.04s
[6.354s][info][gc,start       ] GC(111) Pause Full (Ergonomics)
[6.354s][info][gc,phases,start] GC(111) Marking Phase
[6.590s][info][gc,phases      ] GC(111) Marking Phase 236.302ms
[6.590s][info][gc,phases,start] GC(111) Summary Phase
[6.590s][info][gc,phases      ] GC(111) Summary Phase 0.026ms
[6.590s][info][gc,phases,start] GC(111) Adjust Roots
[6.590s][info][gc,phases      ] GC(111) Adjust Roots 0.174ms
[6.590s][info][gc,phases,start] GC(111) Compaction Phase
[6.689s][info][gc,phases      ] GC(111) Compaction Phase 98.302ms
[6.689s][info][gc,phases,start] GC(111) Post Compact
[6.690s][info][gc,phases      ] GC(111) Post Compact 1.651ms
[6.691s][info][gc,heap        ] GC(111) PSYoungGen: 33984K(90624K)->16866K(93184K) Eden: 0K(19456K)->0K(22016K) From: 33984K(71168K)->16866K(71168K)
[6.691s][info][gc,heap        ] GC(111) ParOldGen: 946613K(962560K)->962316K(1064448K)
[6.691s][info][gc,metaspace   ] GC(111) Metaspace: 6302K(6464K)->6302K(6464K) NonClass: 5768K(5824K)->5768K(5824K) Class: 533K(640K)->533K(640K)
[6.691s][info][gc             ] GC(111) Pause Full (Ergonomics) 957M->956M(1130M) 337.197ms
[6.691s][info][gc,cpu         ] GC(111) User=2.47s Sys=0.00s Real=0.34s
[6.717s][info][gc,start       ] GC(112) Pause Young (Allocation Failure)
[6.777s][info][gc,heap        ] GC(112) PSYoungGen: 38882K(93184K)->22176K(97792K) Eden: 22016K(22016K)->0K(22016K) From: 16866K(71168K)->22176K(75776K)
[6.777s][info][gc,heap        ] GC(112) ParOldGen: 962316K(1064448K)->979388K(1064448K)
[6.777s][info][gc,metaspace   ] GC(112) Metaspace: 6302K(6464K)->6302K(6464K) NonClass: 5768K(5824K)->5768K(5824K) Class: 533K(640K)->533K(640K)
[6.777s][info][gc             ] GC(112) Pause Young (Allocation Failure) 977M->978M(1135M) 59.966ms
[6.777s][info][gc,cpu         ] GC(112) User=0.36s Sys=0.02s Real=0.06s
[6.803s][info][gc,start       ] GC(113) Pause Young (Allocation Failure)
[6.829s][info][gc,heap        ] GC(113) PSYoungGen: 44192K(97792K)->22176K(94208K) Eden: 22016K(22016K)->0K(24576K) From: 22176K(75776K)->22176K(69632K)
[6.829s][info][gc,heap        ] GC(113) ParOldGen: 979388K(1064448K)->1001708K(1064448K)
[6.829s][info][gc,metaspace   ] GC(113) Metaspace: 6302K(6464K)->6302K(6464K) NonClass: 5768K(5824K)->5768K(5824K) Class: 533K(640K)->533K(640K)
[6.829s][info][gc             ] GC(113) Pause Young (Allocation Failure) 999M->999M(1131M) 26.374ms
[6.829s][info][gc,cpu         ] GC(113) User=0.06s Sys=0.08s Real=0.03s
[6.856s][info][gc,start       ] GC(114) Pause Young (Allocation Failure)
[6.884s][info][gc,heap        ] GC(114) PSYoungGen: 46752K(94208K)->24704K(49664K) Eden: 24576K(24576K)->0K(24576K) From: 22176K(69632K)->24704K(25088K)
[6.884s][info][gc,heap        ] GC(114) ParOldGen: 1001708K(1064448K)->1024044K(1064448K)
[6.884s][info][gc,metaspace   ] GC(114) Metaspace: 6302K(6464K)->6302K(6464K) NonClass: 5768K(5824K)->5768K(5824K) Class: 533K(640K)->533K(640K)
[6.884s][info][gc             ] GC(114) Pause Young (Allocation Failure) 1023M->1024M(1088M) 27.955ms
[6.884s][info][gc,cpu         ] GC(114) User=0.12s Sys=0.00s Real=0.03s
[6.915s][info][gc,start       ] GC(115) Pause Young (Allocation Failure)
[6.944s][info][gc,heap        ] GC(115) PSYoungGen: 49280K(49664K)->24736K(90624K) Eden: 24576K(24576K)->0K(27136K) From: 24704K(25088K)->24736K(63488K)
[6.944s][info][gc,heap        ] GC(115) ParOldGen: 1024044K(1064448K)->1048956K(1064448K)
[6.944s][info][gc,metaspace   ] GC(115) Metaspace: 6302K(6464K)->6302K(6464K) NonClass: 5768K(5824K)->5768K(5824K) Class: 533K(640K)->533K(640K)
[6.944s][info][gc             ] GC(115) Pause Young (Allocation Failure) 1048M->1048M(1128M) 29.642ms
[6.944s][info][gc,cpu         ] GC(115) User=0.14s Sys=0.00s Real=0.03s
[6.944s][info][gc,start       ] GC(116) Pause Full (Ergonomics)
[6.944s][info][gc,phases,start] GC(116) Marking Phase
[7.197s][info][gc,phases      ] GC(116) Marking Phase 252.683ms
[7.197s][info][gc,phases,start] GC(116) Summary Phase
[7.197s][info][gc,phases      ] GC(116) Summary Phase 0.029ms
[7.197s][info][gc,phases,start] GC(116) Adjust Roots
[7.197s][info][gc,phases      ] GC(116) Adjust Roots 0.192ms
[7.197s][info][gc,phases,start] GC(116) Compaction Phase
[7.309s][info][gc,phases      ] GC(116) Compaction Phase 111.149ms
[7.309s][info][gc,phases,start] GC(116) Post Compact
[7.311s][info][gc,phases      ] GC(116) Post Compact 1.987ms
[7.311s][info][gc,heap        ] GC(116) PSYoungGen: 24736K(90624K)->8191K(93184K) Eden: 0K(27136K)->0K(29696K) From: 24736K(63488K)->8191K(63488K)
[7.311s][info][gc,heap        ] GC(116) ParOldGen: 1048956K(1064448K)->1064044K(1177088K)
[7.311s][info][gc,metaspace   ] GC(116) Metaspace: 6302K(6464K)->6302K(6464K) NonClass: 5768K(5824K)->5768K(5824K) Class: 533K(640K)->533K(640K)
[7.311s][info][gc             ] GC(116) Pause Full (Ergonomics) 1048M->1047M(1240M) 366.901ms
[7.311s][info][gc,cpu         ] GC(116) User=2.67s Sys=0.03s Real=0.37s
[7.347s][info][gc,start       ] GC(117) Pause Young (Allocation Failure)
[7.413s][info][gc,heap        ] GC(117) PSYoungGen: 37887K(93184K)->29856K(95744K) Eden: 29696K(29696K)->0K(29696K) From: 8191K(63488K)->29856K(66048K)
[7.413s][info][gc,heap        ] GC(117) ParOldGen: 1064044K(1177088K)->1072364K(1177088K)
[7.413s][info][gc,metaspace   ] GC(117) Metaspace: 6302K(6464K)->6302K(6464K) NonClass: 5768K(5824K)->5768K(5824K) Class: 533K(640K)->533K(640K)
[7.414s][info][gc             ] GC(117) Pause Young (Allocation Failure) 1076M->1076M(1243M) 66.093ms
[7.414s][info][gc,cpu         ] GC(117) User=0.39s Sys=0.00s Real=0.07s
[7.449s][info][gc,start       ] GC(118) Pause Young (Allocation Failure)
[7.482s][info][gc,heap        ] GC(118) PSYoungGen: 59552K(95744K)->59616K(88576K) Eden: 29696K(29696K)->0K(25600K) From: 29856K(66048K)->59616K(62976K)
[7.482s][info][gc,heap        ] GC(118) ParOldGen: 1072364K(1177088K)->1072364K(1177088K)
[7.482s][info][gc,metaspace   ] GC(118) Metaspace: 6302K(6464K)->6302K(6464K) NonClass: 5768K(5824K)->5768K(5824K) Class: 533K(640K)->533K(640K)
[7.482s][info][gc             ] GC(118) Pause Young (Allocation Failure) 1105M->1105M(1236M) 33.691ms
[7.482s][info][gc,cpu         ] GC(118) User=0.28s Sys=0.00s Real=0.03s
[7.511s][info][gc,start       ] GC(119) Pause Young (Allocation Failure)
[7.556s][info][gc,heap        ] GC(119) PSYoungGen: 85216K(88576K)->70144K(95744K) Eden: 25600K(25600K)->0K(25600K) From: 59616K(62976K)->70144K(70144K)
[7.556s][info][gc,heap        ] GC(119) ParOldGen: 1072364K(1177088K)->1087484K(1177088K)
[7.556s][info][gc,metaspace   ] GC(119) Metaspace: 6302K(6464K)->6302K(6464K) NonClass: 5768K(5824K)->5768K(5824K) Class: 533K(640K)->533K(640K)
[7.556s][info][gc             ] GC(119) Pause Young (Allocation Failure) 1130M->1130M(1243M) 45.013ms
[7.556s][info][gc,cpu         ] GC(119) User=0.27s Sys=0.00s Real=0.05s
[7.586s][info][gc,start       ] GC(120) Pause Young (Allocation Failure)
[7.639s][info][gc,heap        ] GC(120) PSYoungGen: 95744K(95744K)->45376K(110080K) Eden: 25600K(25600K)->0K(28672K) From: 70144K(70144K)->45376K(81408K)
[7.639s][info][gc,heap        ] GC(120) ParOldGen: 1087484K(1177088K)->1138652K(1177088K)
[7.639s][info][gc,metaspace   ] GC(120) Metaspace: 6302K(6464K)->6302K(6464K) NonClass: 5768K(5824K)->5768K(5824K) Class: 533K(640K)->533K(640K)
[7.639s][info][gc             ] GC(120) Pause Young (Allocation Failure) 1155M->1156M(1257M) 53.097ms
[7.639s][info][gc,cpu         ] GC(120) User=0.38s Sys=0.02s Real=0.05s
[7.639s][info][gc,start       ] GC(121) Pause Full (Ergonomics)
[7.639s][info][gc,phases,start] GC(121) Marking Phase
[7.918s][info][gc,phases      ] GC(121) Marking Phase 279.348ms
[7.918s][info][gc,phases,start] GC(121) Summary Phase
[7.918s][info][gc,phases      ] GC(121) Summary Phase 0.038ms
[7.918s][info][gc,phases,start] GC(121) Adjust Roots
[7.919s][info][gc,phases      ] GC(121) Adjust Roots 0.191ms
[7.919s][info][gc,phases,start] GC(121) Compaction Phase
[8.036s][info][gc,phases      ] GC(121) Compaction Phase 117.932ms
[8.037s][info][gc,phases,start] GC(121) Post Compact
[8.039s][info][gc,phases      ] GC(121) Post Compact 2.339ms
[8.039s][info][gc,heap        ] GC(121) PSYoungGen: 45376K(110080K)->5795K(112128K) Eden: 0K(28672K)->0K(30720K) From: 45376K(81408K)->5795K(81408K)
[8.039s][info][gc,heap        ] GC(121) ParOldGen: 1138652K(1177088K)->1176907K(1306624K)
[8.039s][info][gc,metaspace   ] GC(121) Metaspace: 6302K(6464K)->6302K(6464K) NonClass: 5768K(5824K)->5768K(5824K) Class: 533K(640K)->533K(640K)
[8.040s][info][gc             ] GC(121) Pause Full (Ergonomics) 1156M->1154M(1385M) 400.693ms
[8.040s][info][gc,cpu         ] GC(121) User=2.77s Sys=0.03s Real=0.40s
[8.077s][info][gc,start       ] GC(122) Pause Young (Allocation Failure)
[8.150s][info][gc,heap        ] GC(122) PSYoungGen: 36515K(112128K)->34240K(65024K) Eden: 30720K(30720K)->0K(30720K) From: 5795K(81408K)->34240K(34304K)
[8.150s][info][gc,heap        ] GC(122) ParOldGen: 1176907K(1306624K)->1179435K(1306624K)
[8.150s][info][gc,metaspace   ] GC(122) Metaspace: 6302K(6464K)->6302K(6464K) NonClass: 5768K(5824K)->5768K(5824K) Class: 533K(640K)->533K(640K)
[8.150s][info][gc             ] GC(122) Pause Young (Allocation Failure) 1184M->1185M(1339M) 72.395ms
[8.150s][info][gc,cpu         ] GC(122) User=0.38s Sys=0.00s Real=0.07s
[8.189s][info][gc,start       ] GC(123) Pause Young (Allocation Failure)
[8.229s][info][gc,heap        ] GC(123) PSYoungGen: 64960K(65024K)->64960K(108032K) Eden: 30720K(30720K)->0K(28160K) From: 34240K(34304K)->64960K(79872K)
[8.229s][info][gc,heap        ] GC(123) ParOldGen: 1179435K(1306624K)->1179435K(1306624K)
[8.229s][info][gc,metaspace   ] GC(123) Metaspace: 6302K(6464K)->6302K(6464K) NonClass: 5768K(5824K)->5768K(5824K) Class: 533K(640K)->533K(640K)
[8.229s][info][gc             ] GC(123) Pause Young (Allocation Failure) 1215M->1215M(1381M) 39.769ms
[8.229s][info][gc,cpu         ] GC(123) User=0.20s Sys=0.02s Real=0.04s
[8.266s][info][gc,start       ] GC(124) Pause Young (Allocation Failure)
[8.318s][info][gc,heap        ] GC(124) PSYoungGen: 93120K(108032K)->85504K(113664K) Eden: 28160K(28160K)->0K(28160K) From: 64960K(79872K)->85504K(85504K)
[8.318s][info][gc,heap        ] GC(124) ParOldGen: 1179435K(1306624K)->1187099K(1306624K)
[8.318s][info][gc,metaspace   ] GC(124) Metaspace: 6302K(6464K)->6302K(6464K) NonClass: 5768K(5824K)->5768K(5824K) Class: 533K(640K)->533K(640K)
[8.318s][info][gc             ] GC(124) Pause Young (Allocation Failure) 1242M->1242M(1387M) 51.707ms
[8.318s][info][gc,cpu         ] GC(124) User=0.22s Sys=0.00s Real=0.05s
[8.355s][info][gc,start       ] GC(125) Pause Young (Allocation Failure)
[8.427s][info][gc,heap        ] GC(125) PSYoungGen: 113664K(113664K)->83488K(123392K) Eden: 28160K(28160K)->0K(23040K) From: 85504K(85504K)->83488K(100352K)
[8.427s][info][gc,heap        ] GC(125) ParOldGen: 1187099K(1306624K)->1217851K(1306624K)
[8.427s][info][gc,metaspace   ] GC(125) Metaspace: 6302K(6464K)->6302K(6464K) NonClass: 5768K(5824K)->5768K(5824K) Class: 533K(640K)->533K(640K)
[8.427s][info][gc             ] GC(125) Pause Young (Allocation Failure) 1270M->1270M(1396M) 71.992ms
[8.427s][info][gc,cpu         ] GC(125) User=0.48s Sys=0.09s Real=0.07s
[8.449s][info][gc,start       ] GC(126) Pause Young (Allocation Failure)
[8.502s][info][gc,heap        ] GC(126) PSYoungGen: 106528K(123392K)->66592K(131584K) Eden: 23040K(23040K)->0K(23040K) From: 83488K(100352K)->66592K(108544K)
[8.502s][info][gc,heap        ] GC(126) ParOldGen: 1217851K(1306624K)->1247459K(1306624K)
[8.502s][info][gc,metaspace   ] GC(126) Metaspace: 6302K(6464K)->6302K(6464K) NonClass: 5768K(5824K)->5768K(5824K) Class: 533K(640K)->533K(640K)
[8.502s][info][gc             ] GC(126) Pause Young (Allocation Failure) 1293M->1283M(1404M) 53.717ms
[8.502s][info][gc,cpu         ] GC(126) User=0.42s Sys=0.02s Real=0.05s
[8.526s][info][gc,start       ] GC(127) Pause Young (Allocation Failure)
[8.572s][info][gc,heap        ] GC(127) PSYoungGen: 89632K(131584K)->56128K(126976K) Eden: 23040K(23040K)->0K(26112K) From: 66592K(108544K)->56128K(100864K)
[8.572s][info][gc,heap        ] GC(127) ParOldGen: 1247459K(1306624K)->1273739K(1306624K)
[8.572s][info][gc,metaspace   ] GC(127) Metaspace: 6302K(6464K)->6302K(6464K) NonClass: 5768K(5824K)->5768K(5824K) Class: 533K(640K)->533K(640K)
[8.572s][info][gc             ] GC(127) Pause Young (Allocation Failure) 1305M->1298M(1400M) 45.834ms
[8.572s][info][gc,cpu         ] GC(127) User=0.27s Sys=0.00s Real=0.05s
[8.572s][info][gc,start       ] GC(128) Pause Full (Ergonomics)
[8.572s][info][gc,phases,start] GC(128) Marking Phase
[8.915s][info][gc,phases      ] GC(128) Marking Phase 342.887ms
[8.915s][info][gc,phases,start] GC(128) Summary Phase
[8.915s][info][gc,phases      ] GC(128) Summary Phase 0.041ms
[8.915s][info][gc,phases,start] GC(128) Adjust Roots
[8.915s][info][gc,phases      ] GC(128) Adjust Roots 0.317ms
[8.915s][info][gc,phases,start] GC(128) Compaction Phase
[9.276s][info][gc,phases      ] GC(128) Compaction Phase 360.929ms
[9.276s][info][gc,phases,start] GC(128) Post Compact
[9.280s][info][gc,phases      ] GC(128) Post Compact 3.510ms
[9.281s][info][gc,heap        ] GC(128) PSYoungGen: 56128K(126976K)->21609K(130560K) Eden: 0K(26112K)->0K(29696K) From: 56128K(100864K)->21609K(100864K)
[9.281s][info][gc,heap        ] GC(128) ParOldGen: 1273739K(1306624K)->1306440K(1448448K)
[9.281s][info][gc,metaspace   ] GC(128) Metaspace: 6302K(6464K)->6302K(6464K) NonClass: 5768K(5824K)->5768K(5824K) Class: 533K(640K)->533K(640K)
[9.281s][info][gc             ] GC(128) Pause Full (Ergonomics) 1298M->1296M(1542M) 708.822ms
[9.281s][info][gc,cpu         ] GC(128) User=4.72s Sys=0.02s Real=0.71s
[9.326s][info][gc,start       ] GC(129) Pause Young (Allocation Failure)
[9.420s][info][gc,heap        ] GC(129) PSYoungGen: 51305K(130560K)->40384K(134656K) Eden: 29696K(29696K)->0K(29696K) From: 21609K(100864K)->40384K(104960K)
[9.420s][info][gc,heap        ] GC(129) ParOldGen: 1306440K(1448448K)->1317720K(1448448K)
[9.420s][info][gc,metaspace   ] GC(129) Metaspace: 6302K(6464K)->6302K(6464K) NonClass: 5768K(5824K)->5768K(5824K) Class: 533K(640K)->533K(640K)
[9.420s][info][gc             ] GC(129) Pause Young (Allocation Failure) 1325M->1326M(1546M) 93.943ms
[9.420s][info][gc,cpu         ] GC(129) User=0.47s Sys=0.00s Real=0.09s
[9.459s][info][gc,start       ] GC(130) Pause Young (Allocation Failure)
[9.507s][info][gc,heap        ] GC(130) PSYoungGen: 70080K(134656K)->70112K(133120K) Eden: 29696K(29696K)->0K(31232K) From: 40384K(104960K)->70112K(101888K)
[9.507s][info][gc,heap        ] GC(130) ParOldGen: 1317720K(1448448K)->1317720K(1448448K)
[9.507s][info][gc,metaspace   ] GC(130) Metaspace: 6302K(6464K)->6302K(6464K) NonClass: 5768K(5824K)->5768K(5824K) Class: 533K(640K)->533K(640K)
[9.507s][info][gc             ] GC(130) Pause Young (Allocation Failure) 1355M->1355M(1544M) 48.584ms
[9.507s][info][gc,cpu         ] GC(130) User=0.25s Sys=0.00s Real=0.05s
[9.802s][info][gc,start       ] GC(131) Pause Young (Allocation Failure)
[9.890s][info][gc,heap        ] GC(131) PSYoungGen: 101344K(133120K)->101408K(134656K) Eden: 31232K(31232K)->0K(31232K) From: 70112K(101888K)->101408K(103424K)
[9.890s][info][gc,heap        ] GC(131) ParOldGen: 1383256K(1448448K)->1383256K(1448448K)
[9.890s][info][gc,metaspace   ] GC(131) Metaspace: 6302K(6464K)->6302K(6464K) NonClass: 5768K(5824K)->5768K(5824K) Class: 533K(640K)->533K(640K)
[9.890s][info][gc             ] GC(131) Pause Young (Allocation Failure) 1449M->1449M(1546M) 88.156ms
[9.890s][info][gc,cpu         ] GC(131) User=0.41s Sys=0.00s Real=0.09s
[9.920s][info][gc,start       ] GC(132) Pause Young (Allocation Failure)
[9.990s][info][gc,heap        ] GC(132) PSYoungGen: 132640K(134656K)->116736K(129536K) Eden: 31232K(31232K)->0K(12800K) From: 101408K(103424K)->116736K(116736K)
[9.990s][info][gc,heap        ] GC(132) ParOldGen: 1383256K(1448448K)->1399272K(1448448K)
[9.990s][info][gc,metaspace   ] GC(132) Metaspace: 6302K(6464K)->6302K(6464K) NonClass: 5768K(5824K)->5768K(5824K) Class: 533K(640K)->533K(640K)
[9.990s][info][gc             ] GC(132) Pause Young (Allocation Failure) 1480M->1480M(1541M) 70.043ms
[9.990s][info][gc,cpu         ] GC(132) User=0.42s Sys=0.05s Real=0.07s
[10.002s][info][gc,start       ] GC(133) Pause Young (Allocation Failure)
[10.068s][info][gc,heap        ] GC(133) PSYoungGen: 129535K(129536K)->120832K(151040K) Eden: 12799K(12800K)->0K(12800K) From: 116736K(116736K)->120832K(138240K)
[10.068s][info][gc,heap        ] GC(133) ParOldGen: 1399272K(1448448K)->1408216K(1448448K)
[10.068s][info][gc,metaspace   ] GC(133) Metaspace: 6302K(6464K)->6302K(6464K) NonClass: 5768K(5824K)->5768K(5824K) Class: 533K(640K)->533K(640K)
[10.068s][info][gc             ] GC(133) Pause Young (Allocation Failure) 1492M->1493M(1562M) 66.407ms
[10.068s][info][gc,cpu         ] GC(133) User=0.48s Sys=0.00s Real=0.07s
[10.080s][info][gc,start       ] GC(134) Pause Young (Allocation Failure)
[10.158s][info][gc,heap        ] GC(134) PSYoungGen: 133632K(151040K)->105216K(161280K) Eden: 12800K(12800K)->0K(9728K) From: 120832K(138240K)->105216K(151552K)
[10.158s][info][gc,heap        ] GC(134) ParOldGen: 1408216K(1448448K)->1437000K(1448448K)
[10.158s][info][gc,metaspace   ] GC(134) Metaspace: 6302K(6464K)->6302K(6464K) NonClass: 5768K(5824K)->5768K(5824K) Class: 533K(640K)->533K(640K)
[10.158s][info][gc             ] GC(134) Pause Young (Allocation Failure) 1505M->1506M(1572M) 78.369ms
[10.158s][info][gc,cpu         ] GC(134) User=0.50s Sys=0.02s Real=0.08s
[10.158s][info][gc,start       ] GC(135) Pause Full (Ergonomics)
[10.158s][info][gc,phases,start] GC(135) Marking Phase
[10.527s][info][gc,phases      ] GC(135) Marking Phase 368.436ms
[10.527s][info][gc,phases,start] GC(135) Summary Phase
[10.527s][info][gc,phases      ] GC(135) Summary Phase 0.037ms
[10.527s][info][gc,phases,start] GC(135) Adjust Roots
[10.527s][info][gc,phases      ] GC(135) Adjust Roots 0.226ms
[10.527s][info][gc,phases,start] GC(135) Compaction Phase
[10.778s][info][gc,phases      ] GC(135) Compaction Phase 250.885ms
[10.778s][info][gc,phases,start] GC(135) Post Compact
[10.781s][info][gc,phases      ] GC(135) Post Compact 3.115ms
[10.782s][info][gc,heap        ] GC(135) PSYoungGen: 105216K(161280K)->59868K(161280K) Eden: 0K(9728K)->0K(9728K) From: 105216K(151552K)->59868K(151552K)
[10.782s][info][gc,heap        ] GC(135) ParOldGen: 1437000K(1448448K)->1448218K(1594368K)
[10.782s][info][gc,metaspace   ] GC(135) Metaspace: 6302K(6464K)->6302K(6464K) NonClass: 5768K(5824K)->5768K(5824K) Class: 533K(640K)->533K(640K)
[10.782s][info][gc             ] GC(135) Pause Full (Ergonomics) 1506M->1472M(1714M) 623.602ms
[10.782s][info][gc,cpu         ] GC(135) User=3.67s Sys=0.05s Real=0.62s
[10.793s][info][gc,start       ] GC(136) Pause Young (Allocation Failure)
[10.886s][info][gc,heap        ] GC(136) PSYoungGen: 69596K(161280K)->38624K(48640K) Eden: 9728K(9728K)->0K(9728K) From: 59868K(151552K)->38624K(38912K)
[10.886s][info][gc,heap        ] GC(136) ParOldGen: 1448218K(1594368K)->1479770K(1594368K)
[10.886s][info][gc,metaspace   ] GC(136) Metaspace: 6302K(6464K)->6302K(6464K) NonClass: 5768K(5824K)->5768K(5824K) Class: 533K(640K)->533K(640K)
[10.887s][info][gc             ] GC(136) Pause Young (Allocation Failure) 1482M->1482M(1604M) 93.371ms
[10.887s][info][gc,cpu         ] GC(136) User=0.73s Sys=0.00s Real=0.09s
[10.896s][info][gc,start       ] GC(137) Pause Young (Allocation Failure)
[10.926s][info][gc,heap        ] GC(137) PSYoungGen: 48352K(48640K)->33248K(161280K) Eden: 9728K(9728K)->0K(11264K) From: 38624K(38912K)->33248K(150016K)
[10.926s][info][gc,heap        ] GC(137) ParOldGen: 1479770K(1594368K)->1495042K(1594368K)
[10.926s][info][gc,metaspace   ] GC(137) Metaspace: 6302K(6464K)->6302K(6464K) NonClass: 5768K(5824K)->5768K(5824K) Class: 533K(640K)->533K(640K)
[10.926s][info][gc             ] GC(137) Pause Young (Allocation Failure) 1492M->1492M(1714M) 30.609ms
[10.926s][info][gc,cpu         ] GC(137) User=0.06s Sys=0.00s Real=0.03s
[10.937s][info][gc,start       ] GC(138) Pause Young (Allocation Failure)
[10.966s][info][gc,heap        ] GC(138) PSYoungGen: 44512K(161280K)->30848K(163328K) Eden: 11264K(11264K)->0K(11264K) From: 33248K(150016K)->30848K(152064K)
[10.966s][info][gc,heap        ] GC(138) ParOldGen: 1495042K(1594368K)->1508874K(1594368K)
[10.966s][info][gc,metaspace   ] GC(138) Metaspace: 6302K(6464K)->6302K(6464K) NonClass: 5768K(5824K)->5768K(5824K) Class: 533K(640K)->533K(640K)
[10.966s][info][gc             ] GC(138) Pause Young (Allocation Failure) 1503M->1503M(1716M) 28.458ms
[10.966s][info][gc,cpu         ] GC(138) User=0.02s Sys=0.00s Real=0.03s
[10.977s][info][gc,start       ] GC(139) Pause Young (Allocation Failure)
[11.007s][info][gc,heap        ] GC(139) PSYoungGen: 42112K(163328K)->22656K(159232K) Eden: 11264K(11264K)->0K(13312K) From: 30848K(152064K)->22656K(145920K)
[11.007s][info][gc,heap        ] GC(139) ParOldGen: 1508874K(1594368K)->1528554K(1594368K)
[11.007s][info][gc,metaspace   ] GC(139) Metaspace: 6302K(6464K)->6302K(6464K) NonClass: 5768K(5824K)->5768K(5824K) Class: 533K(640K)->533K(640K)
[11.007s][info][gc             ] GC(139) Pause Young (Allocation Failure) 1514M->1514M(1712M) 29.413ms
[11.007s][info][gc,cpu         ] GC(139) User=0.05s Sys=0.00s Real=0.03s
[11.021s][info][gc,start       ] GC(140) Pause Young (Allocation Failure)
[11.049s][info][gc,heap        ] GC(140) PSYoungGen: 35968K(159232K)->13408K(161280K) Eden: 13312K(13312K)->0K(13312K) From: 22656K(145920K)->13408K(147968K)
[11.049s][info][gc,heap        ] GC(140) ParOldGen: 1528554K(1594368K)->1551338K(1594368K)
[11.049s][info][gc,metaspace   ] GC(140) Metaspace: 6302K(6464K)->6302K(6464K) NonClass: 5768K(5824K)->5768K(5824K) Class: 533K(640K)->533K(640K)
[11.049s][info][gc             ] GC(140) Pause Young (Allocation Failure) 1527M->1528M(1714M) 28.349ms
[11.049s][info][gc,cpu         ] GC(140) User=0.03s Sys=0.02s Real=0.03s
[11.063s][info][gc,start       ] GC(141) Pause Young (Allocation Failure)
[11.088s][info][gc,heap        ] GC(141) PSYoungGen: 26720K(161280K)->13440K(158208K) Eden: 13312K(13312K)->0K(15360K) From: 13408K(147968K)->13440K(142848K)
[11.088s][info][gc,heap        ] GC(141) ParOldGen: 1551338K(1594368K)->1564826K(1594368K)
[11.088s][info][gc,metaspace   ] GC(141) Metaspace: 6302K(6464K)->6302K(6464K) NonClass: 5768K(5824K)->5768K(5824K) Class: 533K(640K)->533K(640K)
[11.088s][info][gc             ] GC(141) Pause Young (Allocation Failure) 1541M->1541M(1711M) 25.216ms
[11.088s][info][gc,cpu         ] GC(141) User=0.03s Sys=0.00s Real=0.03s
[11.088s][info][gc,start       ] GC(142) Pause Full (Ergonomics)
[11.088s][info][gc,phases,start] GC(142) Marking Phase
[11.492s][info][gc,phases      ] GC(142) Marking Phase 403.785ms
[11.492s][info][gc,phases,start] GC(142) Summary Phase
[11.492s][info][gc,phases      ] GC(142) Summary Phase 0.055ms
[11.492s][info][gc,phases,start] GC(142) Adjust Roots
[11.492s][info][gc,phases      ] GC(142) Adjust Roots 0.189ms
[11.492s][info][gc,phases,start] GC(142) Compaction Phase
[11.670s][info][gc,phases      ] GC(142) Compaction Phase 178.092ms
[11.670s][info][gc,phases,start] GC(142) Post Compact
[11.673s][info][gc,phases      ] GC(142) Post Compact 2.987ms
[11.674s][info][gc,heap        ] GC(142) PSYoungGen: 13440K(158208K)->0K(160256K) Eden: 0K(15360K)->0K(15360K) From: 13440K(142848K)->0K(144896K)
[11.674s][info][gc,heap        ] GC(142) ParOldGen: 1564826K(1594368K)->1576510K(1730048K)
[11.674s][info][gc,metaspace   ] GC(142) Metaspace: 6302K(6464K)->6302K(6464K) NonClass: 5768K(5824K)->5768K(5824K) Class: 533K(640K)->533K(640K)
[11.674s][info][gc             ] GC(142) Pause Full (Ergonomics) 1541M->1539M(1846M) 586.093ms
[11.674s][info][gc,cpu         ] GC(142) User=3.94s Sys=0.02s Real=0.59s
[11.691s][info][gc,start       ] GC(143) Pause Young (Allocation Failure)
[11.713s][info][gc,heap        ] GC(143) PSYoungGen: 15360K(160256K)->15488K(154112K) Eden: 15360K(15360K)->0K(16896K) From: 0K(144896K)->15488K(137216K)
[11.713s][info][gc,heap        ] GC(143) ParOldGen: 1576510K(1730048K)->1576510K(1730048K)
[11.713s][info][gc,metaspace   ] GC(143) Metaspace: 6302K(6464K)->6302K(6464K) NonClass: 5768K(5824K)->5768K(5824K) Class: 533K(640K)->533K(640K)
[11.713s][info][gc             ] GC(143) Pause Young (Allocation Failure) 1554M->1554M(1840M) 22.322ms
[11.713s][info][gc,cpu         ] GC(143) User=0.02s Sys=0.00s Real=0.02s
[11.730s][info][gc,start       ] GC(144) Pause Young (Allocation Failure)
[11.755s][info][gc,heap        ] GC(144) PSYoungGen: 32384K(154112K)->32352K(49664K) Eden: 16896K(16896K)->0K(16896K) From: 15488K(137216K)->32352K(32768K)
[11.755s][info][gc,heap        ] GC(144) ParOldGen: 1576510K(1730048K)->1576510K(1730048K)
[11.755s][info][gc,metaspace   ] GC(144) Metaspace: 6302K(6464K)->6302K(6464K) NonClass: 5768K(5824K)->5768K(5824K) Class: 533K(640K)->533K(640K)
[11.755s][info][gc             ] GC(144) Pause Young (Allocation Failure) 1571M->1571M(1738M) 25.464ms
[11.755s][info][gc,cpu         ] GC(144) User=0.05s Sys=0.00s Real=0.03s
[11.773s][info][gc,start       ] GC(145) Pause Young (Allocation Failure)
[11.806s][info][gc,heap        ] GC(145) PSYoungGen: 49248K(49664K)->33920K(139264K) Eden: 16896K(16896K)->0K(18944K) From: 32352K(32768K)->33920K(120320K)
[11.806s][info][gc,heap        ] GC(145) ParOldGen: 1576510K(1730048K)->1592078K(1730048K)
[11.806s][info][gc,metaspace   ] GC(145) Metaspace: 6302K(6464K)->6302K(6464K) NonClass: 5768K(5824K)->5768K(5824K) Class: 533K(640K)->533K(640K)
[11.806s][info][gc             ] GC(145) Pause Young (Allocation Failure) 1587M->1587M(1825M) 32.833ms
[11.806s][info][gc,cpu         ] GC(145) User=0.14s Sys=0.00s Real=0.03s
[11.825s][info][gc,start       ] GC(146) Pause Young (Allocation Failure)
[11.858s][info][gc,heap        ] GC(146) PSYoungGen: 52864K(139264K)->36000K(55296K) Eden: 18944K(18944K)->0K(18944K) From: 33920K(120320K)->36000K(36352K)
[11.859s][info][gc,heap        ] GC(146) ParOldGen: 1592078K(1730048K)->1609206K(1730048K)
[11.859s][info][gc,metaspace   ] GC(146) Metaspace: 6302K(6464K)->6302K(6464K) NonClass: 5768K(5824K)->5768K(5824K) Class: 533K(640K)->533K(640K)
[11.859s][info][gc             ] GC(146) Pause Young (Allocation Failure) 1606M->1606M(1743M) 33.813ms
[11.859s][info][gc,cpu         ] GC(146) User=0.05s Sys=0.00s Real=0.03s
[11.877s][info][gc,start       ] GC(147) Pause Young (Allocation Failure)
[11.914s][info][gc,heap        ] GC(147) PSYoungGen: 54944K(55296K)->38080K(129024K) Eden: 18944K(18944K)->0K(21504K) From: 36000K(36352K)->38080K(107520K)
[11.914s][info][gc,heap        ] GC(147) ParOldGen: 1609206K(1730048K)->1626318K(1730048K)
[11.914s][info][gc,metaspace   ] GC(147) Metaspace: 6302K(6464K)->6302K(6464K) NonClass: 5768K(5824K)->5768K(5824K) Class: 533K(640K)->533K(640K)
[11.914s][info][gc             ] GC(147) Pause Young (Allocation Failure) 1625M->1625M(1815M) 36.406ms
[11.914s][info][gc,cpu         ] GC(147) User=0.03s Sys=0.02s Real=0.04s
[11.936s][info][gc,start       ] GC(148) Pause Young (Allocation Failure)
[11.974s][info][gc,heap        ] GC(148) PSYoungGen: 59584K(129024K)->40608K(62464K) Eden: 21504K(21504K)->0K(21504K) From: 38080K(107520K)->40608K(40960K)
[11.974s][info][gc,heap        ] GC(148) ParOldGen: 1626318K(1730048K)->1645502K(1730048K)
[11.974s][info][gc,metaspace   ] GC(148) Metaspace: 6302K(6464K)->6302K(6464K) NonClass: 5768K(5824K)->5768K(5824K) Class: 533K(640K)->533K(640K)
[11.974s][info][gc             ] GC(148) Pause Young (Allocation Failure) 1646M->1646M(1750M) 38.585ms
[11.974s][info][gc,cpu         ] GC(148) User=0.05s Sys=0.00s Real=0.04s
[11.996s][info][gc,start       ] GC(149) Pause Young (Allocation Failure)
[12.034s][info][gc,heap        ] GC(149) PSYoungGen: 62112K(62464K)->43168K(118784K) Eden: 21504K(21504K)->0K(24576K) From: 40608K(40960K)->43168K(94208K)
[12.034s][info][gc,heap        ] GC(149) ParOldGen: 1645502K(1730048K)->1664710K(1730048K)
[12.034s][info][gc,metaspace   ] GC(149) Metaspace: 6302K(6464K)->6302K(6464K) NonClass: 5768K(5824K)->5768K(5824K) Class: 533K(640K)->533K(640K)
[12.034s][info][gc             ] GC(149) Pause Young (Allocation Failure) 1667M->1667M(1805M) 37.931ms
[12.034s][info][gc,cpu         ] GC(149) User=0.06s Sys=0.00s Real=0.04s
[12.059s][info][gc,start       ] GC(150) Pause Young (Allocation Failure)
[12.098s][info][gc,heap        ] GC(150) PSYoungGen: 67744K(118784K)->46272K(71168K) Eden: 24576K(24576K)->0K(24576K) From: 43168K(94208K)->46272K(46592K)
[12.098s][info][gc,heap        ] GC(150) ParOldGen: 1664710K(1730048K)->1686494K(1730048K)
[12.098s][info][gc,metaspace   ] GC(150) Metaspace: 6302K(6464K)->6302K(6464K) NonClass: 5768K(5824K)->5768K(5824K) Class: 533K(640K)->533K(640K)
[12.098s][info][gc             ] GC(150) Pause Young (Allocation Failure) 1691M->1692M(1759M) 38.582ms
[12.098s][info][gc,cpu         ] GC(150) User=0.14s Sys=0.02s Real=0.04s
[12.126s][info][gc,start       ] GC(151) Pause Young (Allocation Failure)
[12.168s][info][gc,heap        ] GC(151) PSYoungGen: 70848K(71168K)->49344K(118272K) Eden: 24576K(24576K)->0K(27648K) From: 46272K(46592K)->49344K(90624K)
[12.168s][info][gc,heap        ] GC(151) ParOldGen: 1686494K(1730048K)->1708294K(1730048K)
[12.168s][info][gc,metaspace   ] GC(151) Metaspace: 6302K(6464K)->6302K(6464K) NonClass: 5768K(5824K)->5768K(5824K) Class: 533K(640K)->533K(640K)
[12.168s][info][gc             ] GC(151) Pause Young (Allocation Failure) 1716M->1716M(1805M) 41.800ms
[12.168s][info][gc,cpu         ] GC(151) User=0.16s Sys=0.00s Real=0.04s
[12.168s][info][gc,start       ] GC(152) Pause Full (Ergonomics)
[12.168s][info][gc,phases,start] GC(152) Marking Phase
[12.574s][info][gc,phases      ] GC(152) Marking Phase 406.110ms
[12.574s][info][gc,phases,start] GC(152) Summary Phase
[12.574s][info][gc,phases      ] GC(152) Summary Phase 0.033ms
[12.574s][info][gc,phases,start] GC(152) Adjust Roots
[12.574s][info][gc,phases      ] GC(152) Adjust Roots 0.250ms
[12.574s][info][gc,phases,start] GC(152) Compaction Phase
[12.785s][info][gc,phases      ] GC(152) Compaction Phase 210.623ms
[12.785s][info][gc,phases,start] GC(152) Post Compact
[12.789s][info][gc,phases      ] GC(152) Post Compact 3.513ms
[12.789s][info][gc,heap        ] GC(152) PSYoungGen: 49344K(118272K)->25576K(121344K) Eden: 0K(27648K)->0K(30720K) From: 49344K(90624K)->25576K(90624K)
[12.789s][info][gc,heap        ] GC(152) ParOldGen: 1708294K(1730048K)->1729839K(1891328K)
[12.789s][info][gc,metaspace   ] GC(152) Metaspace: 6302K(6464K)->6302K(6464K) NonClass: 5768K(5824K)->5768K(5824K) Class: 533K(640K)->533K(640K)
[12.789s][info][gc             ] GC(152) Pause Full (Ergonomics) 1716M->1714M(1965M) 621.519ms
[12.790s][info][gc,cpu         ] GC(152) User=4.12s Sys=0.08s Real=0.62s
[12.827s][info][gc,start       ] GC(153) Pause Young (Allocation Failure)
[12.937s][info][gc,heap        ] GC(153) PSYoungGen: 56296K(121344K)->42624K(73728K) Eden: 30720K(30720K)->0K(30720K) From: 25576K(90624K)->42624K(43008K)
[12.937s][info][gc,heap        ] GC(153) ParOldGen: 1729839K(1891328K)->1743935K(1891328K)
[12.937s][info][gc,metaspace   ] GC(153) Metaspace: 6302K(6464K)->6302K(6464K) NonClass: 5768K(5824K)->5768K(5824K) Class: 533K(640K)->533K(640K)
[12.937s][info][gc             ] GC(153) Pause Young (Allocation Failure) 1744M->1744M(1919M) 109.746ms
[12.937s][info][gc,cpu         ] GC(153) User=0.62s Sys=0.00s Real=0.11s
[12.971s][info][gc,start       ] GC(154) Pause Young (Allocation Failure)
[13.018s][info][gc,heap        ] GC(154) PSYoungGen: 73344K(73728K)->73376K(115712K) Eden: 30720K(30720K)->0K(27136K) From: 42624K(43008K)->73376K(88576K)
[13.018s][info][gc,heap        ] GC(154) ParOldGen: 1743935K(1891328K)->1743935K(1891328K)
[13.018s][info][gc,metaspace   ] GC(154) Metaspace: 6302K(6464K)->6302K(6464K) NonClass: 5768K(5824K)->5768K(5824K) Class: 533K(640K)->533K(640K)
[13.018s][info][gc             ] GC(154) Pause Young (Allocation Failure) 1774M->1774M(1960M) 46.860ms
[13.018s][info][gc,cpu         ] GC(154) User=0.17s Sys=0.00s Real=0.05s
[13.046s][info][gc,start       ] GC(155) Pause Young (Allocation Failure)
[13.102s][info][gc,heap        ] GC(155) PSYoungGen: 100512K(115712K)->88800K(122368K) Eden: 27136K(27136K)->0K(27136K) From: 73376K(88576K)->88800K(95232K)
[13.102s][info][gc,heap        ] GC(155) ParOldGen: 1743935K(1891328K)->1755839K(1891328K)
[13.102s][info][gc,metaspace   ] GC(155) Metaspace: 6302K(6464K)->6302K(6464K) NonClass: 5768K(5824K)->5768K(5824K) Class: 533K(640K)->533K(640K)
[13.102s][info][gc             ] GC(155) Pause Young (Allocation Failure) 1801M->1801M(1966M) 55.897ms
[13.102s][info][gc,cpu         ] GC(155) User=0.31s Sys=0.02s Real=0.06s
[13.134s][info][gc,start       ] GC(156) Pause Young (Allocation Failure)
[13.198s][info][gc,heap        ] GC(156) PSYoungGen: 115936K(122368K)->85184K(129024K) Eden: 27136K(27136K)->0K(23040K) From: 88800K(95232K)->85184K(105984K)
[13.198s][info][gc,heap        ] GC(156) ParOldGen: 1755839K(1891328K)->1786975K(1891328K)
[13.198s][info][gc,metaspace   ] GC(156) Metaspace: 6302K(6464K)->6302K(6464K) NonClass: 5768K(5824K)->5768K(5824K) Class: 533K(640K)->533K(640K)
[13.198s][info][gc             ] GC(156) Pause Young (Allocation Failure) 1827M->1828M(1973M) 64.451ms
[13.198s][info][gc,cpu         ] GC(156) User=0.33s Sys=0.05s Real=0.06s
[13.225s][info][gc,start       ] GC(157) Pause Young (Allocation Failure)
[13.285s][info][gc,heap        ] GC(157) PSYoungGen: 108224K(129024K)->77440K(136192K) Eden: 23040K(23040K)->0K(23040K) From: 85184K(105984K)->77440K(113152K)
[13.285s][info][gc,heap        ] GC(157) ParOldGen: 1786975K(1891328K)->1818119K(1891328K)
[13.285s][info][gc,metaspace   ] GC(157) Metaspace: 6302K(6464K)->6302K(6464K) NonClass: 5768K(5824K)->5768K(5824K) Class: 533K(640K)->533K(640K)
[13.285s][info][gc             ] GC(157) Pause Young (Allocation Failure) 1850M->1851M(1980M) 60.030ms
[13.285s][info][gc,cpu         ] GC(157) User=0.33s Sys=0.00s Real=0.06s
[13.313s][info][gc,start       ] GC(158) Pause Young (Allocation Failure)
[13.371s][info][gc,heap        ] GC(158) PSYoungGen: 100480K(136192K)->73408K(141312K) Eden: 23040K(23040K)->0K(25600K) From: 77440K(113152K)->73408K(115712K)
[13.371s][info][gc,heap        ] GC(158) ParOldGen: 1818119K(1891328K)->1845623K(1891328K)
[13.371s][info][gc,metaspace   ] GC(158) Metaspace: 6302K(6464K)->6302K(6464K) NonClass: 5768K(5824K)->5768K(5824K) Class: 533K(640K)->533K(640K)
[13.371s][info][gc             ] GC(158) Pause Young (Allocation Failure) 1873M->1874M(1985M) 57.913ms
[13.371s][info][gc,cpu         ] GC(158) User=0.25s Sys=0.00s Real=0.06s
[13.399s][info][gc,start       ] GC(159) Pause Young (Allocation Failure)
[13.454s][info][gc,heap        ] GC(159) PSYoungGen: 99008K(141312K)->48832K(74752K) Eden: 25600K(25600K)->0K(25600K) From: 73408K(115712K)->48832K(49152K)
[13.454s][info][gc,heap        ] GC(159) ParOldGen: 1845623K(1891328K)->1896471K(1896960K)
[13.454s][info][gc,metaspace   ] GC(159) Metaspace: 6302K(6464K)->6302K(6464K) NonClass: 5768K(5824K)->5768K(5824K) Class: 533K(640K)->533K(640K)
[13.454s][info][gc             ] GC(159) Pause Young (Allocation Failure) 1899M->1899M(1925M) 55.681ms
[13.454s][info][gc,cpu         ] GC(159) User=0.30s Sys=0.06s Real=0.06s
[13.454s][info][gc,start       ] GC(160) Pause Full (Ergonomics)
[13.454s][info][gc,phases,start] GC(160) Marking Phase
[13.925s][info][gc,phases      ] GC(160) Marking Phase 470.846ms
[13.925s][info][gc,phases,start] GC(160) Summary Phase
[13.925s][info][gc,phases      ] GC(160) Summary Phase 0.039ms
[13.925s][info][gc,phases,start] GC(160) Adjust Roots
[13.926s][info][gc,phases      ] GC(160) Adjust Roots 0.259ms
[13.926s][info][gc,phases,start] GC(160) Compaction Phase
[14.126s][info][gc,phases      ] GC(160) Compaction Phase 200.316ms
[14.126s][info][gc,phases,start] GC(160) Post Compact
[14.130s][info][gc,phases      ] GC(160) Post Compact 3.697ms
[14.131s][info][gc,heap        ] GC(160) PSYoungGen: 48832K(74752K)->46025K(74752K) Eden: 0K(25600K)->0K(25600K) From: 48832K(49152K)->46025K(49152K)
[14.131s][info][gc,heap        ] GC(160) ParOldGen: 1896471K(1896960K)->1896565K(2087936K)
[14.131s][info][gc,metaspace   ] GC(160) Metaspace: 6302K(6464K)->6302K(6464K) NonClass: 5768K(5824K)->5768K(5824K) Class: 533K(640K)->533K(640K)
[14.131s][info][gc             ] GC(160) Pause Full (Ergonomics) 1899M->1897M(2112M) 676.400ms
[14.131s][info][gc,cpu         ] GC(160) User=4.83s Sys=0.00s Real=0.68s
[14.162s][info][gc,start       ] GC(161) Pause Young (Allocation Failure)
[14.282s][info][gc,heap        ] GC(161) PSYoungGen: 71625K(74752K)->25696K(140288K) Eden: 25600K(25600K)->0K(28672K) From: 46025K(49152K)->25696K(111616K)
[14.282s][info][gc,heap        ] GC(161) ParOldGen: 1896565K(2087936K)->1943269K(2087936K)
[14.282s][info][gc,metaspace   ] GC(161) Metaspace: 6302K(6464K)->6302K(6464K) NonClass: 5768K(5824K)->5768K(5824K) Class: 533K(640K)->533K(640K)
[14.283s][info][gc             ] GC(161) Pause Young (Allocation Failure) 1922M->1922M(2176M) 120.226ms
[14.283s][info][gc,cpu         ] GC(161) User=0.75s Sys=0.02s Real=0.12s
[14.315s][info][gc,start       ] GC(162) Pause Young (Allocation Failure)
[14.353s][info][gc,heap        ] GC(162) PSYoungGen: 54368K(140288K)->28832K(140800K) Eden: 28672K(28672K)->0K(28672K) From: 25696K(111616K)->28832K(112128K)
[14.353s][info][gc,heap        ] GC(162) ParOldGen: 1943269K(2087936K)->1969253K(2087936K)
[14.353s][info][gc,metaspace   ] GC(162) Metaspace: 6302K(6464K)->6302K(6464K) NonClass: 5768K(5824K)->5768K(5824K) Class: 533K(640K)->533K(640K)
[14.353s][info][gc             ] GC(162) Pause Young (Allocation Failure) 1950M->1951M(2176M) 37.883ms
[14.353s][info][gc,cpu         ] GC(162) User=0.14s Sys=0.02s Real=0.04s
[14.393s][info][gc,start       ] GC(163) Pause Young (Allocation Failure)
[14.433s][info][gc,heap        ] GC(163) PSYoungGen: 57504K(140800K)->28864K(138752K) Eden: 28672K(28672K)->0K(32256K) From: 28832K(112128K)->28864K(106496K)
[14.433s][info][gc,heap        ] GC(163) ParOldGen: 1969253K(2087936K)->1998333K(2087936K)
[14.433s][info][gc,metaspace   ] GC(163) Metaspace: 6302K(6464K)->6302K(6464K) NonClass: 5768K(5824K)->5768K(5824K) Class: 533K(640K)->533K(640K)
[14.433s][info][gc             ] GC(163) Pause Young (Allocation Failure) 1979M->1979M(2174M) 39.745ms
[14.433s][info][gc,cpu         ] GC(163) User=0.20s Sys=0.03s Real=0.04s
[14.471s][info][gc,start       ] GC(164) Pause Young (Allocation Failure)
[14.513s][info][gc,heap        ] GC(164) PSYoungGen: 61120K(138752K)->32384K(140800K) Eden: 32256K(32256K)->0K(32256K) From: 28864K(106496K)->32384K(108544K)
[14.513s][info][gc,heap        ] GC(164) ParOldGen: 1998333K(2087936K)->2027421K(2087936K)
[14.513s][info][gc,metaspace   ] GC(164) Metaspace: 6302K(6464K)->6302K(6464K) NonClass: 5768K(5824K)->5768K(5824K) Class: 533K(640K)->533K(640K)
[14.513s][info][gc             ] GC(164) Pause Young (Allocation Failure) 2011M->2011M(2176M) 41.396ms
[14.513s][info][gc,cpu         ] GC(164) User=0.25s Sys=0.00s Real=0.04s
[14.547s][info][gc,start       ] GC(165) Pause Young (Allocation Failure)
[14.587s][info][gc,heap        ] GC(165) PSYoungGen: 64640K(140800K)->32384K(135168K) Eden: 32256K(32256K)->0K(35840K) From: 32384K(108544K)->32384K(99328K)
[14.587s][info][gc,heap        ] GC(165) ParOldGen: 2027421K(2087936K)->2060117K(2087936K)
[14.587s][info][gc,metaspace   ] GC(165) Metaspace: 6302K(6464K)->6302K(6464K) NonClass: 5768K(5824K)->5768K(5824K) Class: 533K(640K)->533K(640K)
[14.587s][info][gc             ] GC(165) Pause Young (Allocation Failure) 2043M->2043M(2171M) 40.573ms
[14.587s][info][gc,cpu         ] GC(165) User=0.20s Sys=0.05s Real=0.04s
[14.587s][info][gc,start       ] GC(166) Pause Full (Ergonomics)
[14.587s][info][gc,phases,start] GC(166) Marking Phase
[15.082s][info][gc,phases      ] GC(166) Marking Phase 494.932ms
[15.082s][info][gc,phases,start] GC(166) Summary Phase
[15.082s][info][gc,phases      ] GC(166) Summary Phase 0.033ms
[15.082s][info][gc,phases,start] GC(166) Adjust Roots
[15.083s][info][gc,phases      ] GC(166) Adjust Roots 0.172ms
[15.083s][info][gc,phases,start] GC(166) Compaction Phase
[15.283s][info][gc,phases      ] GC(166) Compaction Phase 200.056ms
[15.283s][info][gc,phases,start] GC(166) Post Compact
[15.287s][info][gc,phases      ] GC(166) Post Compact 4.291ms
[15.288s][info][gc,heap        ] GC(166) PSYoungGen: 32384K(135168K)->2084K(138240K) Eden: 0K(35840K)->0K(38912K) From: 32384K(99328K)->2084K(99328K)
[15.288s][info][gc,heap        ] GC(166) ParOldGen: 2060117K(2087936K)->2087806K(2297344K)
[15.288s][info][gc,metaspace   ] GC(166) Metaspace: 6302K(6464K)->6302K(6464K) NonClass: 5768K(5824K)->5768K(5824K) Class: 533K(640K)->533K(640K)
[15.288s][info][gc             ] GC(166) Pause Full (Ergonomics) 2043M->2040M(2378M) 700.799ms
[15.288s][info][gc,cpu         ] GC(166) User=4.94s Sys=0.05s Real=0.70s
[15.329s][info][gc,start       ] GC(167) Pause Young (Allocation Failure)
[15.447s][info][gc,heap        ] GC(167) PSYoungGen: 40996K(138240K)->39168K(78336K) Eden: 38912K(38912K)->0K(38912K) From: 2084K(99328K)->39168K(39424K)
[15.447s][info][gc,heap        ] GC(167) ParOldGen: 2087806K(2297344K)->2089950K(2297344K)
[15.447s][info][gc,metaspace   ] GC(167) Metaspace: 6302K(6464K)->6302K(6464K) NonClass: 5768K(5824K)->5768K(5824K) Class: 533K(640K)->533K(640K)
[15.447s][info][gc             ] GC(167) Pause Young (Allocation Failure) 2078M->2079M(2320M) 118.057ms
[15.447s][info][gc,cpu         ] GC(167) User=0.62s Sys=0.00s Real=0.12s
[15.491s][info][gc,start       ] GC(168) Pause Young (Allocation Failure)
[15.549s][info][gc,heap        ] GC(168) PSYoungGen: 78080K(78336K)->78080K(133120K) Eden: 38912K(38912K)->0K(35328K) From: 39168K(39424K)->78080K(97792K)
[15.549s][info][gc,heap        ] GC(168) ParOldGen: 2089950K(2297344K)->2089950K(2297344K)
[15.549s][info][gc,metaspace   ] GC(168) Metaspace: 6302K(6464K)->6302K(6464K) NonClass: 5768K(5824K)->5768K(5824K) Class: 533K(640K)->533K(640K)
[15.549s][info][gc             ] GC(168) Pause Young (Allocation Failure) 2117M->2117M(2373M) 58.042ms
[15.549s][info][gc,cpu         ] GC(168) User=0.22s Sys=0.00s Real=0.06s
[15.592s][info][gc,start       ] GC(169) Pause Young (Allocation Failure)
[15.675s][info][gc,heap        ] GC(169) PSYoungGen: 113408K(133120K)->104960K(140288K) Eden: 35328K(35328K)->0K(35328K) From: 78080K(97792K)->104960K(104960K)
[15.675s][info][gc,heap        ] GC(169) ParOldGen: 2089950K(2297344K)->2098430K(2297344K)
[15.675s][info][gc,metaspace   ] GC(169) Metaspace: 6302K(6464K)->6302K(6464K) NonClass: 5768K(5824K)->5768K(5824K) Class: 533K(640K)->533K(640K)
[15.675s][info][gc             ] GC(169) Pause Young (Allocation Failure) 2151M->2151M(2380M) 83.165ms
[15.675s][info][gc,cpu         ] GC(169) User=0.36s Sys=0.00s Real=0.08s
[15.724s][info][gc,start       ] GC(170) Pause Young (Allocation Failure)
[15.814s][info][gc,heap        ] GC(170) PSYoungGen: 140288K(140288K)->66784K(157696K) Eden: 35328K(35328K)->0K(39424K) From: 104960K(104960K)->66784K(118272K)
[15.814s][info][gc,heap        ] GC(170) ParOldGen: 2098430K(2297344K)->2172966K(2297344K)
[15.814s][info][gc,metaspace   ] GC(170) Metaspace: 6302K(6464K)->6302K(6464K) NonClass: 5768K(5824K)->5768K(5824K) Class: 533K(640K)->533K(640K)
[15.814s][info][gc             ] GC(170) Pause Young (Allocation Failure) 2186M->2187M(2397M) 89.612ms
[15.814s][info][gc,cpu         ] GC(170) User=0.50s Sys=0.06s Real=0.09s
[15.864s][info][gc,start       ] GC(171) Pause Young (Allocation Failure)
[15.929s][info][gc,heap        ] GC(171) PSYoungGen: 106208K(157696K)->74976K(160256K) Eden: 39424K(39424K)->0K(39424K) From: 66784K(118272K)->74976K(120832K)
[15.929s][info][gc,heap        ] GC(171) ParOldGen: 2172966K(2297344K)->2204662K(2297344K)
[15.929s][info][gc,metaspace   ] GC(171) Metaspace: 6302K(6464K)->6302K(6464K) NonClass: 5768K(5824K)->5768K(5824K) Class: 533K(640K)->533K(640K)
[15.929s][info][gc             ] GC(171) Pause Young (Allocation Failure) 2225M->2226M(2400M) 65.056ms
[15.929s][info][gc,cpu         ] GC(171) User=0.30s Sys=0.00s Real=0.06s
[15.980s][info][gc,start       ] GC(172) Pause Young (Allocation Failure)
[16.048s][info][gc,heap        ] GC(172) PSYoungGen: 114400K(160256K)->79104K(163840K) Eden: 39424K(39424K)->0K(42496K) From: 74976K(120832K)->79104K(121344K)
[16.048s][info][gc,heap        ] GC(172) ParOldGen: 2204662K(2297344K)->2240510K(2297344K)
[16.048s][info][gc,metaspace   ] GC(172) Metaspace: 6302K(6464K)->6302K(6464K) NonClass: 5768K(5824K)->5768K(5824K) Class: 533K(640K)->533K(640K)
[16.048s][info][gc             ] GC(172) Pause Young (Allocation Failure) 2264M->2265M(2403M) 68.053ms
[16.048s][info][gc,cpu         ] GC(172) User=0.44s Sys=0.05s Real=0.07s
[16.048s][info][gc,start       ] GC(173) Pause Full (Ergonomics)
[16.048s][info][gc,phases,start] GC(173) Marking Phase
[16.629s][info][gc,phases      ] GC(173) Marking Phase 580.603ms
[16.629s][info][gc,phases,start] GC(173) Summary Phase
[16.629s][info][gc,phases      ] GC(173) Summary Phase 0.043ms
[16.629s][info][gc,phases,start] GC(173) Adjust Roots
[16.629s][info][gc,phases      ] GC(173) Adjust Roots 0.206ms
[16.629s][info][gc,phases,start] GC(173) Compaction Phase
[16.845s][info][gc,phases      ] GC(173) Compaction Phase 215.844ms
[16.845s][info][gc,phases,start] GC(173) Post Compact
[16.850s][info][gc,phases      ] GC(173) Post Compact 4.579ms
[16.851s][info][gc,heap        ] GC(173) PSYoungGen: 79104K(163840K)->20040K(163840K) Eden: 0K(42496K)->0K(42496K) From: 79104K(121344K)->20040K(121344K)
[16.851s][info][gc,heap        ] GC(173) ParOldGen: 2240510K(2297344K)->2296985K(2537472K)
[16.851s][info][gc,metaspace   ] GC(173) Metaspace: 6302K(6464K)->6302K(6464K) NonClass: 5768K(5824K)->5768K(5824K) Class: 533K(640K)->533K(640K)
[16.851s][info][gc             ] GC(173) Pause Full (Ergonomics) 2265M->2262M(2638M) 802.493ms
[16.851s][info][gc,cpu         ] GC(173) User=5.66s Sys=0.00s Real=0.80s
[16.901s][info][gc,start       ] GC(174) Pause Young (Allocation Failure)
[17.042s][info][gc,heap        ] GC(174) PSYoungGen: 62536K(163840K)->55264K(97792K) Eden: 42496K(42496K)->0K(42496K) From: 20040K(121344K)->55264K(55296K)
[17.042s][info][gc,heap        ] GC(174) ParOldGen: 2296985K(2537472K)->2304569K(2537472K)
[17.042s][info][gc,metaspace   ] GC(174) Metaspace: 6302K(6464K)->6302K(6464K) NonClass: 5768K(5824K)->5768K(5824K) Class: 533K(640K)->533K(640K)
[17.042s][info][gc             ] GC(174) Pause Young (Allocation Failure) 2304M->2304M(2573M) 140.790ms
[17.042s][info][gc,cpu         ] GC(174) User=0.94s Sys=0.00s Real=0.14s
[17.098s][info][gc,start       ] GC(175) Pause Young (Allocation Failure)
[17.154s][info][gc,heap        ] GC(175) PSYoungGen: 97760K(97792K)->97792K(155648K) Eden: 42496K(42496K)->0K(38400K) From: 55264K(55296K)->97792K(117248K)
[17.154s][info][gc,heap        ] GC(175) ParOldGen: 2304569K(2537472K)->2304569K(2537472K)
[17.154s][info][gc,metaspace   ] GC(175) Metaspace: 6302K(6464K)->6302K(6464K) NonClass: 5768K(5824K)->5768K(5824K) Class: 533K(640K)->533K(640K)
[17.154s][info][gc             ] GC(175) Pause Young (Allocation Failure) 2346M->2346M(2630M) 56.062ms
[17.154s][info][gc,cpu         ] GC(175) User=0.36s Sys=0.02s Real=0.06s
[17.202s][info][gc,start       ] GC(176) Pause Young (Allocation Failure)
[17.278s][info][gc,heap        ] GC(176) PSYoungGen: 136192K(155648K)->125440K(163840K) Eden: 38400K(38400K)->0K(38400K) From: 97792K(117248K)->125440K(125440K)
[17.278s][info][gc,heap        ] GC(176) ParOldGen: 2304569K(2537472K)->2315409K(2537472K)
[17.278s][info][gc,metaspace   ] GC(176) Metaspace: 6302K(6464K)->6302K(6464K) NonClass: 5768K(5824K)->5768K(5824K) Class: 533K(640K)->533K(640K)
[17.279s][info][gc             ] GC(176) Pause Young (Allocation Failure) 2383M->2383M(2638M) 76.883ms
[17.279s][info][gc,cpu         ] GC(176) User=0.52s Sys=0.00s Real=0.08s
[17.327s][info][gc,start       ] GC(177) Pause Young (Allocation Failure)
[17.425s][info][gc,heap        ] GC(177) PSYoungGen: 163840K(163840K)->113152K(180736K) Eden: 38400K(38400K)->0K(34304K) From: 125440K(125440K)->113152K(146432K)
[17.426s][info][gc,heap        ] GC(177) ParOldGen: 2315409K(2537472K)->2366689K(2537472K)
[17.426s][info][gc,metaspace   ] GC(177) Metaspace: 6302K(6464K)->6302K(6464K) NonClass: 5768K(5824K)->5768K(5824K) Class: 533K(640K)->533K(640K)
[17.426s][info][gc             ] GC(177) Pause Young (Allocation Failure) 2421M->2421M(2654M) 98.903ms
[17.426s][info][gc,cpu         ] GC(177) User=0.56s Sys=0.03s Real=0.10s
[17.470s][info][gc,start       ] GC(178) Pause Young (Allocation Failure)
[17.553s][info][gc,heap        ] GC(178) PSYoungGen: 147456K(180736K)->108032K(188928K) Eden: 34304K(34304K)->0K(34304K) From: 113152K(146432K)->108032K(154624K)
[17.553s][info][gc,heap        ] GC(178) ParOldGen: 2366689K(2537472K)->2406353K(2537472K)
[17.553s][info][gc,metaspace   ] GC(178) Metaspace: 6302K(6464K)->6302K(6464K) NonClass: 5768K(5824K)->5768K(5824K) Class: 533K(640K)->533K(640K)
[17.553s][info][gc             ] GC(178) Pause Young (Allocation Failure) 2455M->2455M(2662M) 82.955ms
[17.553s][info][gc,cpu         ] GC(178) User=0.52s Sys=0.02s Real=0.08s
[17.593s][info][gc,start       ] GC(179) Pause Young (Allocation Failure)
[17.672s][info][gc,heap        ] GC(179) PSYoungGen: 142336K(188928K)->107232K(194560K) Eden: 34304K(34304K)->0K(35840K) From: 108032K(154624K)->107232K(158720K)
[17.672s][info][gc,heap        ] GC(179) ParOldGen: 2406353K(2537472K)->2441825K(2537472K)
[17.672s][info][gc,metaspace   ] GC(179) Metaspace: 6302K(6464K)->6302K(6464K) NonClass: 5768K(5824K)->5768K(5824K) Class: 533K(640K)->533K(640K)
[17.672s][info][gc             ] GC(179) Pause Young (Allocation Failure) 2488M->2489M(2668M) 79.553ms
[17.672s][info][gc,cpu         ] GC(179) User=0.50s Sys=0.00s Real=0.08s
[17.715s][info][gc,start       ] GC(180) Pause Young (Allocation Failure)
[17.793s][info][gc,heap        ] GC(180) PSYoungGen: 143072K(194560K)->104704K(197120K) Eden: 35840K(35840K)->0K(35840K) From: 107232K(158720K)->104704K(161280K)
[17.793s][info][gc,heap        ] GC(180) ParOldGen: 2441825K(2537472K)->2480585K(2537472K)
[17.793s][info][gc,metaspace   ] GC(180) Metaspace: 6302K(6464K)->6302K(6464K) NonClass: 5768K(5824K)->5768K(5824K) Class: 533K(640K)->533K(640K)
[17.793s][info][gc             ] GC(180) Pause Young (Allocation Failure) 2524M->2524M(2670M) 78.050ms
[17.793s][info][gc,cpu         ] GC(180) User=0.62s Sys=0.00s Real=0.08s
[17.793s][info][gc,start       ] GC(181) Pause Full (Ergonomics)
[17.793s][info][gc,phases,start] GC(181) Marking Phase
[18.395s][info][gc,phases      ] GC(181) Marking Phase 601.674ms
[18.395s][info][gc,phases,start] GC(181) Summary Phase
[18.395s][info][gc,phases      ] GC(181) Summary Phase 0.048ms
[18.395s][info][gc,phases,start] GC(181) Adjust Roots
[18.395s][info][gc,phases      ] GC(181) Adjust Roots 0.161ms
[18.395s][info][gc,phases,start] GC(181) Compaction Phase
[18.634s][info][gc,phases      ] GC(181) Compaction Phase 239.023ms
[18.634s][info][gc,phases,start] GC(181) Post Compact
[18.639s][info][gc,phases      ] GC(181) Post Compact 5.108ms
[18.640s][info][gc,heap        ] GC(181) PSYoungGen: 104704K(197120K)->45579K(197120K) Eden: 0K(35840K)->0K(35840K) From: 104704K(161280K)->45579K(161280K)
[18.640s][info][gc,heap        ] GC(181) ParOldGen: 2480585K(2537472K)->2537462K(2800128K)
[18.640s][info][gc,metaspace   ] GC(181) Metaspace: 6302K(6464K)->6302K(6464K) NonClass: 5768K(5824K)->5768K(5824K) Class: 533K(640K)->533K(640K)
[18.640s][info][gc             ] GC(181) Pause Full (Ergonomics) 2524M->2522M(2927M) 847.290ms
[18.640s][info][gc,cpu         ] GC(181) User=6.22s Sys=0.09s Real=0.85s
[18.689s][info][gc,start       ] GC(182) Pause Young (Allocation Failure)
[18.851s][info][gc,heap        ] GC(182) PSYoungGen: 81419K(197120K)->51776K(195584K) Eden: 35840K(35840K)->0K(39424K) From: 45579K(161280K)->51776K(156160K)
[18.851s][info][gc,heap        ] GC(182) ParOldGen: 2537462K(2800128K)->2567686K(2800128K)
[18.851s][info][gc,metaspace   ] GC(182) Metaspace: 6302K(6464K)->6302K(6464K) NonClass: 5768K(5824K)->5768K(5824K) Class: 533K(640K)->533K(640K)
[18.851s][info][gc             ] GC(182) Pause Young (Allocation Failure) 2557M->2558M(2925M) 161.907ms
[18.851s][info][gc,cpu         ] GC(182) User=1.02s Sys=0.00s Real=0.16s
[18.901s][info][gc,start       ] GC(183) Pause Young (Allocation Failure)
[18.956s][info][gc,heap        ] GC(183) PSYoungGen: 91200K(195584K)->75424K(115200K) Eden: 39424K(39424K)->0K(39424K) From: 51776K(156160K)->75424K(75776K)
[18.956s][info][gc,heap        ] GC(183) ParOldGen: 2567686K(2800128K)->2583534K(2800128K)
[18.957s][info][gc,metaspace   ] GC(183) Metaspace: 6302K(6464K)->6302K(6464K) NonClass: 5768K(5824K)->5768K(5824K) Class: 533K(640K)->533K(640K)
[18.957s][info][gc             ] GC(183) Pause Young (Allocation Failure) 2596M->2596M(2847M) 55.032ms
[18.957s][info][gc,cpu         ] GC(183) User=0.38s Sys=0.03s Real=0.06s
[19.008s][info][gc,start       ] GC(184) Pause Young (Allocation Failure)
[19.073s][info][gc,heap        ] GC(184) PSYoungGen: 114848K(115200K)->79104K(182784K) Eden: 39424K(39424K)->0K(44032K) From: 75424K(75776K)->79104K(138752K)
[19.073s][info][gc,heap        ] GC(184) ParOldGen: 2583534K(2800128K)->2619694K(2800128K)
[19.073s][info][gc,metaspace   ] GC(184) Metaspace: 6302K(6464K)->6302K(6464K) NonClass: 5768K(5824K)->5768K(5824K) Class: 533K(640K)->533K(640K)
[19.073s][info][gc             ] GC(184) Pause Young (Allocation Failure) 2635M->2635M(2913M) 64.980ms
[19.073s][info][gc,cpu         ] GC(184) User=0.34s Sys=0.05s Real=0.07s
[19.128s][info][gc,start       ] GC(185) Pause Young (Allocation Failure)
[19.197s][info][gc,heap        ] GC(185) PSYoungGen: 123136K(182784K)->83680K(189440K) Eden: 44032K(44032K)->0K(44032K) From: 79104K(138752K)->83680K(145408K)
[19.197s][info][gc,heap        ] GC(185) ParOldGen: 2619694K(2800128K)->2659478K(2800128K)
[19.197s][info][gc,metaspace   ] GC(185) Metaspace: 6302K(6464K)->6302K(6464K) NonClass: 5768K(5824K)->5768K(5824K) Class: 533K(640K)->533K(640K)
[19.197s][info][gc             ] GC(185) Pause Young (Allocation Failure) 2678M->2678M(2919M) 68.976ms
[19.197s][info][gc,cpu         ] GC(185) User=0.39s Sys=0.02s Real=0.07s
[19.246s][info][gc,start       ] GC(186) Pause Young (Allocation Failure)
[19.322s][info][gc,heap        ] GC(186) PSYoungGen: 127712K(189440K)->88384K(183296K) Eden: 44032K(44032K)->0K(49152K) From: 83680K(145408K)->88384K(134144K)
[19.322s][info][gc,heap        ] GC(186) ParOldGen: 2659478K(2800128K)->2699262K(2800128K)
[19.322s][info][gc,metaspace   ] GC(186) Metaspace: 6302K(6464K)->6302K(6464K) NonClass: 5768K(5824K)->5768K(5824K) Class: 533K(640K)->533K(640K)
[19.322s][info][gc             ] GC(186) Pause Young (Allocation Failure) 2721M->2722M(2913M) 75.497ms
[19.322s][info][gc,cpu         ] GC(186) User=0.53s Sys=0.09s Real=0.08s
[19.383s][info][gc,start       ] GC(187) Pause Young (Allocation Failure)
[19.471s][info][gc,heap        ] GC(187) PSYoungGen: 137536K(183296K)->93504K(186368K) Eden: 49152K(49152K)->0K(49152K) From: 88384K(134144K)->93504K(137216K)
[19.471s][info][gc,heap        ] GC(187) ParOldGen: 2699262K(2800128K)->2743686K(2800128K)
[19.471s][info][gc,metaspace   ] GC(187) Metaspace: 6302K(6464K)->6302K(6464K) NonClass: 5768K(5824K)->5768K(5824K) Class: 533K(640K)->533K(640K)
[19.471s][info][gc             ] GC(187) Pause Young (Allocation Failure) 2770M->2770M(2916M) 87.875ms
[19.471s][info][gc,cpu         ] GC(187) User=0.52s Sys=0.03s Real=0.09s
[19.471s][info][gc,start       ] GC(188) Pause Full (Ergonomics)
[19.471s][info][gc,phases,start] GC(188) Marking Phase
[20.121s][info][gc,phases      ] GC(188) Marking Phase 649.904ms
[20.121s][info][gc,phases,start] GC(188) Summary Phase
[20.121s][info][gc,phases      ] GC(188) Summary Phase 0.046ms
[20.121s][info][gc,phases,start] GC(188) Adjust Roots
[20.121s][info][gc,phases      ] GC(188) Adjust Roots 0.172ms
[20.121s][info][gc,phases,start] GC(188) Compaction Phase
[20.367s][info][gc,phases      ] GC(188) Compaction Phase 245.900ms
[20.367s][info][gc,phases,start] GC(188) Post Compact
[20.372s][info][gc,phases      ] GC(188) Post Compact 5.042ms
[20.373s][info][gc,heap        ] GC(188) PSYoungGen: 93504K(186368K)->34865K(186368K) Eden: 0K(49152K)->0K(49152K) From: 93504K(137216K)->34865K(137216K)
[20.374s][info][gc,heap        ] GC(188) ParOldGen: 2743686K(2800128K)->2799892K(3081216K)
[20.374s][info][gc,metaspace   ] GC(188) Metaspace: 6302K(6464K)->6302K(6464K) NonClass: 5768K(5824K)->5768K(5824K) Class: 533K(640K)->533K(640K)
[20.374s][info][gc             ] GC(188) Pause Full (Ergonomics) 2770M->2768M(3191M) 902.327ms
[20.374s][info][gc,cpu         ] GC(188) User=6.78s Sys=0.08s Real=0.90s
[20.952s][info][gc,start       ] GC(189) Pause Young (Allocation Failure)
[21.114s][info][gc,heap        ] GC(189) PSYoungGen: 84017K(186368K)->67936K(184320K) Eden: 49152K(49152K)->0K(54272K) From: 34865K(137216K)->67936K(130048K)
[21.114s][info][gc,heap        ] GC(189) ParOldGen: 2930964K(3081216K)->2947468K(3081216K)
[21.114s][info][gc,metaspace   ] GC(189) Metaspace: 6302K(6464K)->6302K(6464K) NonClass: 5768K(5824K)->5768K(5824K) Class: 533K(640K)->533K(640K)
[21.114s][info][gc             ] GC(189) Pause Young (Allocation Failure) 2944M->2944M(3189M) 161.655ms
[21.114s][info][gc,cpu         ] GC(189) User=0.97s Sys=0.00s Real=0.16s
[21.173s][info][gc,start       ] GC(190) Pause Young (Allocation Failure)
[21.245s][info][gc,heap        ] GC(190) PSYoungGen: 122208K(184320K)->122304K(187904K) Eden: 54272K(54272K)->0K(54272K) From: 67936K(130048K)->122304K(133632K)
[21.245s][info][gc,heap        ] GC(190) ParOldGen: 2947468K(3081216K)->2947468K(3081216K)
[21.245s][info][gc,metaspace   ] GC(190) Metaspace: 6302K(6464K)->6302K(6464K) NonClass: 5768K(5824K)->5768K(5824K) Class: 533K(640K)->533K(640K)
[21.245s][info][gc             ] GC(190) Pause Young (Allocation Failure) 2997M->2997M(3192M) 72.370ms
[21.245s][info][gc,cpu         ] GC(190) User=0.31s Sys=0.00s Real=0.07s
[21.296s][info][gc,start       ] GC(191) Pause Young (Allocation Failure)
[21.389s][info][gc,heap        ] GC(191) PSYoungGen: 176576K(187904K)->143360K(175104K) Eden: 54272K(54272K)->0K(31744K) From: 122304K(133632K)->143360K(143360K)
[21.389s][info][gc,heap        ] GC(191) ParOldGen: 2947468K(3081216K)->2980892K(3081216K)
[21.389s][info][gc,metaspace   ] GC(191) Metaspace: 6302K(6464K)->6302K(6464K) NonClass: 5768K(5824K)->5768K(5824K) Class: 533K(640K)->533K(640K)
[21.389s][info][gc             ] GC(191) Pause Young (Allocation Failure) 3050M->3051M(3180M) 93.157ms
[21.389s][info][gc,cpu         ] GC(191) User=0.41s Sys=0.05s Real=0.09s
[21.419s][info][gc,start       ] GC(192) Pause Young (Allocation Failure)
[21.512s][info][gc,heap        ] GC(192) PSYoungGen: 175104K(175104K)->121248K(203264K) Eden: 31744K(31744K)->0K(31744K) From: 143360K(143360K)->121248K(171520K)
[21.512s][info][gc,heap        ] GC(192) ParOldGen: 2980892K(3081216K)->3035316K(3081216K)
[21.512s][info][gc,metaspace   ] GC(192) Metaspace: 6302K(6464K)->6302K(6464K) NonClass: 5768K(5824K)->5768K(5824K) Class: 533K(640K)->533K(640K)
[21.512s][info][gc             ] GC(192) Pause Young (Allocation Failure) 3082M->3082M(3207M) 93.340ms
[21.512s][info][gc,cpu         ] GC(192) User=0.41s Sys=0.02s Real=0.09s
[21.512s][info][gc,start       ] GC(193) Pause Full (Ergonomics)
[21.512s][info][gc,phases,start] GC(193) Marking Phase
[22.217s][info][gc,phases      ] GC(193) Marking Phase 705.214ms
[22.217s][info][gc,phases,start] GC(193) Summary Phase
[22.217s][info][gc,phases      ] GC(193) Summary Phase 0.048ms
[22.218s][info][gc,phases,start] GC(193) Adjust Roots
[22.218s][info][gc,phases      ] GC(193) Adjust Roots 0.167ms
[22.218s][info][gc,phases,start] GC(193) Compaction Phase
[22.722s][info][gc,phases      ] GC(193) Compaction Phase 504.386ms
[22.722s][info][gc,phases,start] GC(193) Post Compact
[22.728s][info][gc,phases      ] GC(193) Post Compact 6.298ms
[22.730s][info][gc,heap        ] GC(193) PSYoungGen: 121248K(203264K)->8497K(203264K) Eden: 0K(31744K)->0K(31744K) From: 121248K(171520K)->8497K(171520K)
[22.730s][info][gc,heap        ] GC(193) ParOldGen: 3035316K(3081216K)->3081115K(3386368K)
[22.730s][info][gc,metaspace   ] GC(193) Metaspace: 6302K(6464K)->6302K(6464K) NonClass: 5768K(5824K)->5768K(5824K) Class: 533K(640K)->533K(640K)
[22.730s][info][gc             ] GC(193) Pause Full (Ergonomics) 3082M->3017M(3505M) 1217.500ms
[22.730s][info][gc,cpu         ] GC(193) User=8.48s Sys=0.03s Real=1.22s
[22.764s][info][gc,start       ] GC(194) Pause Young (Allocation Failure)
[22.928s][info][gc,heap        ] GC(194) PSYoungGen: 40241K(203264K)->40416K(207872K) Eden: 31744K(31744K)->0K(33792K) From: 8497K(171520K)->40416K(174080K)
[22.928s][info][gc,heap        ] GC(194) ParOldGen: 3081115K(3386368K)->3081115K(3386368K)
[22.928s][info][gc,metaspace   ] GC(194) Metaspace: 6302K(6464K)->6302K(6464K) NonClass: 5768K(5824K)->5768K(5824K) Class: 533K(640K)->533K(640K)
[22.928s][info][gc             ] GC(194) Pause Young (Allocation Failure) 3048M->3048M(3510M) 163.269ms
[22.928s][info][gc,cpu         ] GC(194) User=0.91s Sys=0.00s Real=0.16s
[22.964s][info][gc,start       ] GC(195) Pause Young (Allocation Failure)
[23.020s][info][gc,heap        ] GC(195) PSYoungGen: 74208K(207872K)->74304K(108544K) Eden: 33792K(33792K)->0K(33792K) From: 40416K(174080K)->74304K(74752K)
[23.020s][info][gc,heap        ] GC(195) ParOldGen: 3081115K(3386368K)->3081115K(3386368K)
[23.020s][info][gc,metaspace   ] GC(195) Metaspace: 6302K(6464K)->6302K(6464K) NonClass: 5768K(5824K)->5768K(5824K) Class: 533K(640K)->533K(640K)
[23.020s][info][gc             ] GC(195) Pause Young (Allocation Failure) 3081M->3081M(3413M) 55.141ms
[23.020s][info][gc,cpu         ] GC(195) User=0.28s Sys=0.00s Real=0.06s
[23.057s][info][gc,start       ] GC(196) Pause Young (Allocation Failure)
[23.119s][info][gc,heap        ] GC(196) PSYoungGen: 108096K(108544K)->106112K(204800K) Eden: 33792K(33792K)->0K(37888K) From: 74304K(74752K)->106112K(166912K)
[23.119s][info][gc,heap        ] GC(196) ParOldGen: 3081115K(3386368K)->3083131K(3386368K)
[23.119s][info][gc,metaspace   ] GC(196) Metaspace: 6302K(6464K)->6302K(6464K) NonClass: 5768K(5824K)->5768K(5824K) Class: 533K(640K)->533K(640K)
[23.119s][info][gc             ] GC(196) Pause Young (Allocation Failure) 3114M->3114M(3507M) 61.903ms
[23.119s][info][gc,cpu         ] GC(196) User=0.28s Sys=0.00s Real=0.06s
[23.161s][info][gc,start       ] GC(197) Pause Young (Allocation Failure)
[23.237s][info][gc,heap        ] GC(197) PSYoungGen: 144000K(204800K)->137504K(206336K) Eden: 37888K(37888K)->0K(37888K) From: 106112K(166912K)->137504K(168448K)
[23.237s][info][gc,heap        ] GC(197) ParOldGen: 3083131K(3386368K)->3089755K(3386368K)
[23.237s][info][gc,metaspace   ] GC(197) Metaspace: 6302K(6464K)->6302K(6464K) NonClass: 5768K(5824K)->5768K(5824K) Class: 533K(640K)->533K(640K)
[23.237s][info][gc             ] GC(197) Pause Young (Allocation Failure) 3151M->3151M(3508M) 75.425ms
[23.237s][info][gc,cpu         ] GC(197) User=0.30s Sys=0.00s Real=0.08s
[23.275s][info][gc,start       ] GC(198) Pause Young (Allocation Failure)
[23.361s][info][gc,heap        ] GC(198) PSYoungGen: 175392K(206336K)->143712K(210432K) Eden: 37888K(37888K)->0K(32768K) From: 137504K(168448K)->143712K(177664K)
[23.361s][info][gc,heap        ] GC(198) ParOldGen: 3089755K(3386368K)->3121787K(3386368K)
[23.361s][info][gc,metaspace   ] GC(198) Metaspace: 6302K(6464K)->6302K(6464K) NonClass: 5768K(5824K)->5768K(5824K) Class: 533K(640K)->533K(640K)
[23.361s][info][gc             ] GC(198) Pause Young (Allocation Failure) 3188M->3188M(3512M) 86.152ms
[23.361s][info][gc,cpu         ] GC(198) User=0.50s Sys=0.02s Real=0.09s
[23.394s][info][gc,start       ] GC(199) Pause Young (Allocation Failure)
[23.479s][info][gc,heap        ] GC(199) PSYoungGen: 176480K(210432K)->108768K(141824K) Eden: 32768K(32768K)->0K(32768K) From: 143712K(177664K)->108768K(109056K)
[23.479s][info][gc,heap        ] GC(199) ParOldGen: 3121787K(3386368K)->3189963K(3386368K)
[23.479s][info][gc,metaspace   ] GC(199) Metaspace: 6302K(6464K)->6302K(6464K) NonClass: 5768K(5824K)->5768K(5824K) Class: 533K(640K)->533K(640K)
[23.479s][info][gc             ] GC(199) Pause Young (Allocation Failure) 3220M->3221M(3445M) 85.869ms
[23.480s][info][gc,cpu         ] GC(199) User=0.58s Sys=0.03s Real=0.09s
[23.513s][info][gc,start       ] GC(200) Pause Young (Allocation Failure)
[23.589s][info][gc,heap        ] GC(200) PSYoungGen: 141536K(141824K)->65728K(215040K) Eden: 32768K(32768K)->0K(37376K) From: 108768K(109056K)->65728K(177664K)
[23.589s][info][gc,heap        ] GC(200) ParOldGen: 3189963K(3386368K)->3266395K(3386368K)
[23.589s][info][gc,metaspace   ] GC(200) Metaspace: 6302K(6464K)->6302K(6464K) NonClass: 5768K(5824K)->5768K(5824K) Class: 533K(640K)->533K(640K)
[23.589s][info][gc             ] GC(200) Pause Young (Allocation Failure) 3253M->3254M(3517M) 76.321ms
[23.589s][info][gc,cpu         ] GC(200) User=0.36s Sys=0.03s Real=0.08s
[23.628s][info][gc,start       ] GC(201) Pause Young (Allocation Failure)
[23.695s][info][gc,heap        ] GC(201) PSYoungGen: 103104K(215040K)->37568K(217088K) Eden: 37376K(37376K)->0K(37376K) From: 65728K(177664K)->37568K(179712K)
[23.695s][info][gc,heap        ] GC(201) ParOldGen: 3266395K(3386368K)->3332491K(3386368K)
[23.695s][info][gc,metaspace   ] GC(201) Metaspace: 6302K(6464K)->6302K(6464K) NonClass: 5768K(5824K)->5768K(5824K) Class: 533K(640K)->533K(640K)
[23.695s][info][gc             ] GC(201) Pause Young (Allocation Failure) 3290M->3291M(3519M) 66.811ms
[23.695s][info][gc,cpu         ] GC(201) User=0.22s Sys=0.05s Real=0.07s
[23.695s][info][gc,start       ] GC(202) Pause Full (Ergonomics)
[23.695s][info][gc,phases,start] GC(202) Marking Phase
[24.474s][info][gc,phases      ] GC(202) Marking Phase 778.525ms
[24.474s][info][gc,phases,start] GC(202) Summary Phase
[24.474s][info][gc,phases      ] GC(202) Summary Phase 0.095ms
[24.474s][info][gc,phases,start] GC(202) Adjust Roots
[24.474s][info][gc,phases      ] GC(202) Adjust Roots 0.204ms
[24.474s][info][gc,phases,start] GC(202) Compaction Phase
[24.812s][info][gc,phases      ] GC(202) Compaction Phase 337.406ms
[24.812s][info][gc,phases,start] GC(202) Post Compact
[24.818s][info][gc,phases      ] GC(202) Post Compact 6.288ms
[24.819s][info][gc,heap        ] GC(202) PSYoungGen: 37568K(217088K)->0K(224256K) Eden: 0K(37376K)->0K(42496K) From: 37568K(179712K)->0K(181760K)
[24.819s][info][gc,heap        ] GC(202) ParOldGen: 3332491K(3386368K)->3367378K(3725312K)
[24.819s][info][gc,metaspace   ] GC(202) Metaspace: 6302K(6464K)->6302K(6464K) NonClass: 5768K(5824K)->5768K(5824K) Class: 533K(640K)->533K(640K)
[24.819s][info][gc             ] GC(202) Pause Full (Ergonomics) 3291M->3288M(3857M) 1124.126ms
[24.819s][info][gc,cpu         ] GC(202) User=8.14s Sys=0.02s Real=1.12s
[24.869s][info][gc,start       ] GC(203) Pause Young (Allocation Failure)
[24.916s][info][gc,heap        ] GC(203) PSYoungGen: 42496K(224256K)->42688K(224256K) Eden: 42496K(42496K)->0K(42496K) From: 0K(181760K)->42688K(181760K)
[24.916s][info][gc,heap        ] GC(203) ParOldGen: 3367378K(3725312K)->3367378K(3725312K)
[24.916s][info][gc,metaspace   ] GC(203) Metaspace: 6302K(6464K)->6302K(6464K) NonClass: 5768K(5824K)->5768K(5824K) Class: 533K(640K)->533K(640K)
[24.916s][info][gc             ] GC(203) Pause Young (Allocation Failure) 3329M->3330M(3857M) 46.491ms
[24.916s][info][gc,cpu         ] GC(203) User=0.17s Sys=0.00s Real=0.05s
[24.967s][info][gc,start       ] GC(204) Pause Young (Allocation Failure)
[25.023s][info][gc,heap        ] GC(204) PSYoungGen: 85184K(224256K)->42688K(224256K) Eden: 42496K(42496K)->0K(47104K) From: 42688K(181760K)->42688K(177152K)
[25.023s][info][gc,heap        ] GC(204) ParOldGen: 3367378K(3725312K)->3410250K(3725312K)
[25.023s][info][gc,metaspace   ] GC(204) Metaspace: 6302K(6464K)->6302K(6464K) NonClass: 5768K(5824K)->5768K(5824K) Class: 533K(640K)->533K(640K)
[25.023s][info][gc             ] GC(204) Pause Young (Allocation Failure) 3371M->3372M(3857M) 56.293ms
[25.023s][info][gc,cpu         ] GC(204) User=0.16s Sys=0.03s Real=0.06s
[25.068s][info][gc,start       ] GC(205) Pause Young (Allocation Failure)
[25.126s][info][gc,heap        ] GC(205) PSYoungGen: 89792K(224256K)->47328K(226304K) Eden: 47104K(47104K)->0K(47104K) From: 42688K(177152K)->47328K(179200K)
[25.126s][info][gc,heap        ] GC(205) ParOldGen: 3410250K(3725312K)->3453130K(3725312K)
[25.126s][info][gc,metaspace   ] GC(205) Metaspace: 6302K(6464K)->6302K(6464K) NonClass: 5768K(5824K)->5768K(5824K) Class: 533K(640K)->533K(640K)
[25.126s][info][gc             ] GC(205) Pause Young (Allocation Failure) 3418M->3418M(3859M) 57.761ms
[25.126s][info][gc,cpu         ] GC(205) User=0.16s Sys=0.02s Real=0.06s
[25.172s][info][gc,start       ] GC(206) Pause Young (Allocation Failure)
[25.232s][info][gc,heap        ] GC(206) PSYoungGen: 94432K(226304K)->47264K(219648K) Eden: 47104K(47104K)->0K(52224K) From: 47328K(179200K)->47264K(167424K)
[25.232s][info][gc,heap        ] GC(206) ParOldGen: 3453130K(3725312K)->3500674K(3725312K)
[25.232s][info][gc,metaspace   ] GC(206) Metaspace: 6302K(6464K)->6302K(6464K) NonClass: 5768K(5824K)->5768K(5824K) Class: 533K(640K)->533K(640K)
[25.232s][info][gc             ] GC(206) Pause Young (Allocation Failure) 3464M->3464M(3852M) 59.871ms
[25.232s][info][gc,cpu         ] GC(206) User=0.23s Sys=0.02s Real=0.06s
[25.287s][info][gc,start       ] GC(207) Pause Young (Allocation Failure)
[25.349s][info][gc,heap        ] GC(207) PSYoungGen: 99488K(219648K)->52384K(223744K) Eden: 52224K(52224K)->0K(52224K) From: 47264K(167424K)->52384K(171520K)
[25.349s][info][gc,heap        ] GC(207) ParOldGen: 3500674K(3725312K)->3548202K(3725312K)
[25.349s][info][gc,metaspace   ] GC(207) Metaspace: 6302K(6464K)->6302K(6464K) NonClass: 5768K(5824K)->5768K(5824K) Class: 533K(640K)->533K(640K)
[25.349s][info][gc             ] GC(207) Pause Young (Allocation Failure) 3515M->3516M(3856M) 62.460ms
[25.349s][info][gc,cpu         ] GC(207) User=0.19s Sys=0.00s Real=0.06s
[25.407s][info][gc,start       ] GC(208) Pause Young (Allocation Failure)
[25.470s][info][gc,heap        ] GC(208) PSYoungGen: 104608K(223744K)->52352K(211968K) Eden: 52224K(52224K)->0K(57856K) From: 52384K(171520K)->52352K(154112K)
[25.471s][info][gc,heap        ] GC(208) ParOldGen: 3548202K(3725312K)->3600898K(3725312K)
[25.471s][info][gc,metaspace   ] GC(208) Metaspace: 6302K(6464K)->6302K(6464K) NonClass: 5768K(5824K)->5768K(5824K) Class: 533K(640K)->533K(640K)
[25.471s][info][gc             ] GC(208) Pause Young (Allocation Failure) 3567M->3567M(3845M) 63.193ms
[25.471s][info][gc,cpu         ] GC(208) User=0.28s Sys=0.02s Real=0.06s
[25.532s][info][gc,start       ] GC(209) Pause Young (Allocation Failure)
[25.598s][info][gc,heap        ] GC(209) PSYoungGen: 110208K(211968K)->58112K(116224K) Eden: 57856K(57856K)->0K(57856K) From: 52352K(154112K)->58112K(58368K)
[25.598s][info][gc,heap        ] GC(209) ParOldGen: 3600898K(3725312K)->3653594K(3725312K)
[25.598s][info][gc,metaspace   ] GC(209) Metaspace: 6302K(6464K)->6302K(6464K) NonClass: 5768K(5824K)->5768K(5824K) Class: 533K(640K)->533K(640K)
[25.598s][info][gc             ] GC(209) Pause Young (Allocation Failure) 3624M->3624M(3751M) 66.586ms
[25.598s][info][gc,cpu         ] GC(209) User=0.30s Sys=0.02s Real=0.07s
[25.598s][info][gc,start       ] GC(210) Pause Full (Ergonomics)
[25.599s][info][gc,phases,start] GC(210) Marking Phase
[26.436s][info][gc,phases      ] GC(210) Marking Phase 837.955ms
[26.437s][info][gc,phases,start] GC(210) Summary Phase
[26.437s][info][gc,phases      ] GC(210) Summary Phase 0.074ms
[26.437s][info][gc,phases,start] GC(210) Adjust Roots
[26.437s][info][gc,phases      ] GC(210) Adjust Roots 0.220ms
[26.437s][info][gc,phases,start] GC(210) Compaction Phase
[26.808s][info][gc,phases      ] GC(210) Compaction Phase 371.335ms
[26.808s][info][gc,phases,start] GC(210) Post Compact
[26.815s][info][gc,phases      ] GC(210) Post Compact 6.821ms
[26.816s][info][gc,heap        ] GC(210) PSYoungGen: 58112K(116224K)->0K(217600K) Eden: 0K(57856K)->0K(64000K) From: 58112K(58368K)->0K(153600K)
[26.816s][info][gc,heap        ] GC(210) ParOldGen: 3653594K(3725312K)->3708665K(4089344K)
[26.816s][info][gc,metaspace   ] GC(210) Metaspace: 6302K(6464K)->6302K(6464K) NonClass: 5768K(5824K)->5768K(5824K) Class: 533K(640K)->533K(640K)
[26.816s][info][gc             ] GC(210) Pause Full (Ergonomics) 3624M->3621M(4206M) 1217.984ms
[26.817s][info][gc,cpu         ] GC(210) User=8.81s Sys=0.02s Real=1.22s
[26.880s][info][gc,start       ] GC(211) Pause Young (Allocation Failure)
[26.938s][info][gc,heap        ] GC(211) PSYoungGen: 64000K(217600K)->64256K(128512K) Eden: 64000K(64000K)->0K(64000K) From: 0K(153600K)->64256K(64512K)
[26.938s][info][gc,heap        ] GC(211) ParOldGen: 3708665K(4089344K)->3708665K(4089344K)
[26.938s][info][gc,metaspace   ] GC(211) Metaspace: 6302K(6464K)->6302K(6464K) NonClass: 5768K(5824K)->5768K(5824K) Class: 533K(640K)->533K(640K)
[26.938s][info][gc             ] GC(211) Pause Young (Allocation Failure) 3684M->3684M(4119M) 58.674ms
[26.938s][info][gc,cpu         ] GC(211) User=0.19s Sys=0.00s Real=0.06s
[27.001s][info][gc,start       ] GC(212) Pause Young (Allocation Failure)
[27.070s][info][gc,heap        ] GC(212) PSYoungGen: 128256K(128512K)->128352K(202240K) Eden: 64000K(64000K)->0K(55808K) From: 64256K(64512K)->128352K(146432K)
[27.070s][info][gc,heap        ] GC(212) ParOldGen: 3708665K(4089344K)->3708665K(4089344K)
[27.070s][info][gc,metaspace   ] GC(212) Metaspace: 6302K(6464K)->6302K(6464K) NonClass: 5768K(5824K)->5768K(5824K) Class: 533K(640K)->533K(640K)
[27.070s][info][gc             ] GC(212) Pause Young (Allocation Failure) 3746M->3747M(4191M) 69.405ms
[27.070s][info][gc,cpu         ] GC(212) User=0.30s Sys=0.00s Real=0.07s
[27.134s][info][gc,start       ] GC(213) Pause Young (Allocation Failure)
[27.222s][info][gc,heap        ] GC(213) PSYoungGen: 184160K(202240K)->160256K(216064K) Eden: 55808K(55808K)->0K(55808K) From: 128352K(146432K)->160256K(160256K)
[27.222s][info][gc,heap        ] GC(213) ParOldGen: 3708665K(4089344K)->3732729K(4089344K)
[27.222s][info][gc,metaspace   ] GC(213) Metaspace: 6302K(6464K)->6302K(6464K) NonClass: 5768K(5824K)->5768K(5824K) Class: 533K(640K)->533K(640K)
[27.222s][info][gc             ] GC(213) Pause Young (Allocation Failure) 3801M->3801M(4204M) 87.523ms
[27.222s][info][gc,cpu         ] GC(213) User=0.62s Sys=0.02s Real=0.09s
[27.280s][info][gc,start       ] GC(214) Pause Young (Allocation Failure)
[27.391s][info][gc,heap        ] GC(214) PSYoungGen: 216064K(216064K)->105600K(247808K) Eden: 55808K(55808K)->0K(61952K) From: 160256K(160256K)->105600K(185856K)
[27.391s][info][gc,heap        ] GC(214) ParOldGen: 3732729K(4089344K)->3844233K(4089344K)
[27.391s][info][gc,metaspace   ] GC(214) Metaspace: 6302K(6464K)->6302K(6464K) NonClass: 5768K(5824K)->5768K(5824K) Class: 533K(640K)->533K(640K)
[27.391s][info][gc             ] GC(214) Pause Young (Allocation Failure) 3856M->3857M(4235M) 111.055ms
[27.391s][info][gc,cpu         ] GC(214) User=0.72s Sys=0.02s Real=0.11s
[27.457s][info][gc,start       ] GC(215) Pause Young (Allocation Failure)
[27.542s][info][gc,heap        ] GC(215) PSYoungGen: 167552K(247808K)->118080K(250880K) Eden: 61952K(61952K)->0K(61952K) From: 105600K(185856K)->118080K(188928K)
[27.542s][info][gc,heap        ] GC(215) ParOldGen: 3844233K(4089344K)->3894137K(4089344K)
[27.542s][info][gc,metaspace   ] GC(215) Metaspace: 6302K(6464K)->6302K(6464K) NonClass: 5768K(5824K)->5768K(5824K) Class: 533K(640K)->533K(640K)
[27.542s][info][gc             ] GC(215) Pause Young (Allocation Failure) 3917M->3918M(4238M) 84.666ms
[27.542s][info][gc,cpu         ] GC(215) User=0.58s Sys=0.05s Real=0.09s
[27.609s][info][gc,start       ] GC(216) Pause Young (Allocation Failure)
[27.700s][info][gc,heap        ] GC(216) PSYoungGen: 180032K(250880K)->124192K(257024K) Eden: 61952K(61952K)->0K(67072K) From: 118080K(188928K)->124192K(189952K)
[27.700s][info][gc,heap        ] GC(216) ParOldGen: 3894137K(4089344K)->3950465K(4089344K)
[27.700s][info][gc,metaspace   ] GC(216) Metaspace: 6302K(6464K)->6302K(6464K) NonClass: 5768K(5824K)->5768K(5824K) Class: 533K(640K)->533K(640K)
[27.700s][info][gc             ] GC(216) Pause Young (Allocation Failure) 3978M->3979M(4244M) 90.819ms
[27.700s][info][gc,cpu         ] GC(216) User=0.61s Sys=0.02s Real=0.09s
[27.781s][info][gc,start       ] GC(217) Pause Young (Allocation Failure)
[27.876s][info][gc,heap        ] GC(217) PSYoungGen: 191264K(257024K)->129376K(259072K) Eden: 67072K(67072K)->0K(67072K) From: 124192K(189952K)->129376K(192000K)
[27.876s][info][gc,heap        ] GC(217) ParOldGen: 3950465K(4089344K)->4012977K(4089344K)
[27.876s][info][gc,metaspace   ] GC(217) Metaspace: 6302K(6464K)->6302K(6464K) NonClass: 5768K(5824K)->5768K(5824K) Class: 533K(640K)->533K(640K)
[27.876s][info][gc             ] GC(217) Pause Young (Allocation Failure) 4044M->4045M(4246M) 94.947ms
[27.876s][info][gc,cpu         ] GC(217) User=0.64s Sys=0.00s Real=0.10s
[27.876s][info][gc,start       ] GC(218) Pause Full (Ergonomics)
[27.876s][info][gc,phases,start] GC(218) Marking Phase
[28.815s][info][gc,phases      ] GC(218) Marking Phase 939.280ms
[28.815s][info][gc,phases,start] GC(218) Summary Phase
[28.815s][info][gc,phases      ] GC(218) Summary Phase 0.055ms
[28.815s][info][gc,phases,start] GC(218) Adjust Roots
[28.816s][info][gc,phases      ] GC(218) Adjust Roots 0.229ms
[28.816s][info][gc,phases,start] GC(218) Compaction Phase
[29.251s][info][gc,phases      ] GC(218) Compaction Phase 435.598ms
[29.251s][info][gc,phases,start] GC(218) Post Compact
[29.258s][info][gc,phases      ] GC(218) Post Compact 6.423ms
[29.259s][info][gc,heap        ] GC(218) PSYoungGen: 129376K(259072K)->49749K(259072K) Eden: 0K(67072K)->0K(67072K) From: 129376K(192000K)->49749K(192000K)
[29.260s][info][gc,heap        ] GC(218) ParOldGen: 4012977K(4089344K)->4089288K(4515328K)
[29.260s][info][gc,metaspace   ] GC(218) Metaspace: 6302K(6464K)->6302K(6464K) NonClass: 5768K(5824K)->5768K(5824K) Class: 533K(640K)->533K(640K)
[29.260s][info][gc             ] GC(218) Pause Full (Ergonomics) 4045M->4042M(4662M) 1383.530ms
[29.260s][info][gc,cpu         ] GC(218) User=10.22s Sys=0.06s Real=1.38s
[29.328s][info][gc,start       ] GC(219) Pause Young (Allocation Failure)
[29.566s][info][gc,heap        ] GC(219) PSYoungGen: 116821K(259072K)->94432K(248832K) Eden: 67072K(67072K)->0K(73216K) From: 49749K(192000K)->94432K(175616K)
[29.566s][info][gc,heap        ] GC(219) ParOldGen: 4089288K(4515328K)->4112248K(4515328K)
[29.566s][info][gc,metaspace   ] GC(219) Metaspace: 6302K(6464K)->6302K(6464K) NonClass: 5768K(5824K)->5768K(5824K) Class: 533K(640K)->533K(640K)
[29.566s][info][gc             ] GC(219) Pause Young (Allocation Failure) 4107M->4108M(4652M) 238.077ms
[29.566s][info][gc,cpu         ] GC(219) User=1.55s Sys=0.05s Real=0.24s
[29.647s][info][gc,start       ] GC(220) Pause Young (Allocation Failure)
[29.736s][info][gc,heap        ] GC(220) PSYoungGen: 167648K(248832K)->167744K(259584K) Eden: 73216K(73216K)->0K(73216K) From: 94432K(175616K)->167744K(186368K)
[29.736s][info][gc,heap        ] GC(220) ParOldGen: 4112248K(4515328K)->4112248K(4515328K)
[29.736s][info][gc,metaspace   ] GC(220) Metaspace: 6302K(6464K)->6302K(6464K) NonClass: 5768K(5824K)->5768K(5824K) Class: 533K(640K)->533K(640K)
[29.736s][info][gc             ] GC(220) Pause Young (Allocation Failure) 4179M->4179M(4663M) 89.668ms
[29.736s][info][gc,cpu         ] GC(220) User=0.64s Sys=0.00s Real=0.09s
[29.831s][info][gc,start       ] GC(221) Pause Young (Allocation Failure)
[29.964s][info][gc,heap        ] GC(221) PSYoungGen: 240960K(259584K)->203264K(242688K) Eden: 73216K(73216K)->0K(39424K) From: 167744K(186368K)->203264K(203264K)
[29.964s][info][gc,heap        ] GC(221) ParOldGen: 4112248K(4515328K)->4150240K(4515328K)
[29.964s][info][gc,metaspace   ] GC(221) Metaspace: 6302K(6464K)->6302K(6464K) NonClass: 5768K(5824K)->5768K(5824K) Class: 533K(640K)->533K(640K)
[29.964s][info][gc             ] GC(221) Pause Young (Allocation Failure) 4251M->4251M(4646M) 133.063ms
[29.964s][info][gc,cpu         ] GC(221) User=0.88s Sys=0.02s Real=0.13s
[30.006s][info][gc,start       ] GC(222) Pause Young (Allocation Failure)
[30.132s][info][gc,heap        ] GC(222) PSYoungGen: 242688K(242688K)->165792K(283648K) Eden: 39424K(39424K)->0K(39424K) From: 203264K(203264K)->165792K(244224K)
[30.132s][info][gc,heap        ] GC(222) ParOldGen: 4150240K(4515328K)->4227912K(4515328K)
[30.132s][info][gc,metaspace   ] GC(222) Metaspace: 6302K(6464K)->6302K(6464K) NonClass: 5768K(5824K)->5768K(5824K) Class: 533K(640K)->533K(640K)
[30.132s][info][gc             ] GC(222) Pause Young (Allocation Failure) 4289M->4290M(4686M) 125.655ms
[30.132s][info][gc,cpu         ] GC(222) User=0.86s Sys=0.03s Real=0.13s
[30.174s][info][gc,start       ] GC(223) Pause Young (Allocation Failure)
[30.286s][info][gc,heap        ] GC(223) PSYoungGen: 205216K(283648K)->143392K(284160K) Eden: 39424K(39424K)->0K(44544K) From: 165792K(244224K)->143392K(239616K)
[30.286s][info][gc,heap        ] GC(223) ParOldGen: 4227912K(4515328K)->4290200K(4515328K)
[30.286s][info][gc,metaspace   ] GC(223) Metaspace: 6302K(6464K)->6302K(6464K) NonClass: 5768K(5824K)->5768K(5824K) Class: 533K(640K)->533K(640K)
[30.286s][info][gc             ] GC(223) Pause Young (Allocation Failure) 4329M->4329M(4687M) 111.511ms
[30.286s][info][gc,cpu         ] GC(223) User=0.77s Sys=0.00s Real=0.11s
[30.333s][info][gc,start       ] GC(224) Pause Young (Allocation Failure)
[30.445s][info][gc,heap        ] GC(224) PSYoungGen: 187936K(284160K)->123712K(168448K) Eden: 44544K(44544K)->0K(44544K) From: 143392K(239616K)->123712K(123904K)
[30.445s][info][gc,heap        ] GC(224) ParOldGen: 4290200K(4515328K)->4355024K(4515328K)
[30.445s][info][gc,metaspace   ] GC(224) Metaspace: 6302K(6464K)->6302K(6464K) NonClass: 5768K(5824K)->5768K(5824K) Class: 533K(640K)->533K(640K)
[30.445s][info][gc             ] GC(224) Pause Young (Allocation Failure) 4373M->4373M(4574M) 112.089ms
[30.445s][info][gc,cpu         ] GC(224) User=0.69s Sys=0.02s Real=0.11s
[30.496s][info][gc,start       ] GC(225) Pause Young (Allocation Failure)
[30.588s][info][gc,heap        ] GC(225) PSYoungGen: 168256K(168448K)->89312K(273920K) Eden: 44544K(44544K)->0K(50688K) From: 123712K(123904K)->89312K(223232K)
[30.588s][info][gc,heap        ] GC(225) ParOldGen: 4355024K(4515328K)->4434552K(4515328K)
[30.588s][info][gc,metaspace   ] GC(225) Metaspace: 6302K(6464K)->6302K(6464K) NonClass: 5768K(5824K)->5768K(5824K) Class: 533K(640K)->533K(640K)
[30.588s][info][gc             ] GC(225) Pause Young (Allocation Failure) 4417M->4417M(4677M) 91.400ms
[30.588s][info][gc,cpu         ] GC(225) User=0.72s Sys=0.03s Real=0.09s
[30.588s][info][gc,start       ] GC(226) Pause Full (Ergonomics)
[30.588s][info][gc,phases,start] GC(226) Marking Phase
[31.623s][info][gc,phases      ] GC(226) Marking Phase 1035.231ms
[31.623s][info][gc,phases,start] GC(226) Summary Phase
[31.623s][info][gc,phases      ] GC(226) Summary Phase 0.060ms
[31.623s][info][gc,phases,start] GC(226) Adjust Roots
[31.623s][info][gc,phases      ] GC(226) Adjust Roots 0.163ms
[31.623s][info][gc,phases,start] GC(226) Compaction Phase
[32.039s][info][gc,phases      ] GC(226) Compaction Phase 415.509ms
[32.039s][info][gc,phases,start] GC(226) Post Compact
[32.046s][info][gc,phases      ] GC(226) Post Compact 6.736ms
[32.047s][info][gc,heap        ] GC(226) PSYoungGen: 89312K(273920K)->5243K(278528K) Eden: 0K(50688K)->0K(55296K) From: 89312K(223232K)->5243K(223232K)
[32.047s][info][gc,heap        ] GC(226) ParOldGen: 4434552K(4515328K)->4515014K(4985344K)
[32.047s][info][gc,metaspace   ] GC(226) Metaspace: 6302K(6464K)->6302K(6464K) NonClass: 5768K(5824K)->5768K(5824K) Class: 533K(640K)->533K(640K)
[32.047s][info][gc             ] GC(226) Pause Full (Ergonomics) 4417M->4414M(5140M) 1459.714ms
[32.047s][info][gc,cpu         ] GC(226) User=10.80s Sys=0.05s Real=1.46s
[32.119s][info][gc,start       ] GC(227) Pause Young (Allocation Failure)
[32.347s][info][gc,heap        ] GC(227) PSYoungGen: 60539K(278528K)->55456K(283136K) Eden: 55296K(55296K)->0K(55296K) From: 5243K(223232K)->55456K(227840K)
[32.347s][info][gc,heap        ] GC(227) ParOldGen: 4515014K(4985344K)->4520342K(4985344K)
[32.347s][info][gc,metaspace   ] GC(227) Metaspace: 6302K(6464K)->6302K(6464K) NonClass: 5768K(5824K)->5768K(5824K) Class: 533K(640K)->533K(640K)
[32.347s][info][gc             ] GC(227) Pause Young (Allocation Failure) 4468M->4468M(5145M) 227.869ms
[32.347s][info][gc,cpu         ] GC(227) User=1.61s Sys=0.00s Real=0.23s
[32.409s][info][gc,start       ] GC(228) Pause Young (Allocation Failure)
[32.488s][info][gc,heap        ] GC(228) PSYoungGen: 110752K(283136K)->55552K(287744K) Eden: 55296K(55296K)->0K(61440K) From: 55456K(227840K)->55552K(226304K)
[32.488s][info][gc,heap        ] GC(228) ParOldGen: 4520342K(4985344K)->4576142K(4985344K)
[32.488s][info][gc,metaspace   ] GC(228) Metaspace: 6302K(6464K)->6302K(6464K) NonClass: 5768K(5824K)->5768K(5824K) Class: 533K(640K)->533K(640K)
[32.488s][info][gc             ] GC(228) Pause Young (Allocation Failure) 4522M->4523M(5149M) 79.666ms
[32.489s][info][gc,cpu         ] GC(228) User=0.38s Sys=0.02s Real=0.08s
[32.556s][info][gc,start       ] GC(229) Pause Young (Allocation Failure)
[32.632s][info][gc,heap        ] GC(229) PSYoungGen: 116992K(287744K)->61664K(288768K) Eden: 61440K(61440K)->0K(61440K) From: 55552K(226304K)->61664K(227328K)
[32.632s][info][gc,heap        ] GC(229) ParOldGen: 4576142K(4985344K)->4631942K(4985344K)
[32.632s][info][gc,metaspace   ] GC(229) Metaspace: 6302K(6464K)->6302K(6464K) NonClass: 5768K(5824K)->5768K(5824K) Class: 533K(640K)->533K(640K)
[32.632s][info][gc             ] GC(229) Pause Young (Allocation Failure) 4583M->4583M(5150M) 76.015ms
[32.632s][info][gc,cpu         ] GC(229) User=0.41s Sys=0.00s Real=0.08s
[32.701s][info][gc,start       ] GC(230) Pause Young (Allocation Failure)
[32.776s][info][gc,heap        ] GC(230) PSYoungGen: 123104K(288768K)->61696K(282112K) Eden: 61440K(61440K)->0K(68096K) From: 61664K(227328K)->61696K(214016K)
[32.776s][info][gc,heap        ] GC(230) ParOldGen: 4631942K(4985344K)->4693950K(4985344K)
[32.776s][info][gc,metaspace   ] GC(230) Metaspace: 6302K(6464K)->6302K(6464K) NonClass: 5768K(5824K)->5768K(5824K) Class: 533K(640K)->533K(640K)
[32.776s][info][gc             ] GC(230) Pause Young (Allocation Failure) 4643M->4644M(5144M) 74.973ms
[32.776s][info][gc,cpu         ] GC(230) User=0.31s Sys=0.08s Real=0.08s
[32.860s][info][gc,start       ] GC(231) Pause Young (Allocation Failure)
[32.940s][info][gc,heap        ] GC(231) PSYoungGen: 129792K(282112K)->68384K(286720K) Eden: 68096K(68096K)->0K(68096K) From: 61696K(214016K)->68384K(218624K)
[32.940s][info][gc,heap        ] GC(231) ParOldGen: 4693950K(4985344K)->4755950K(4985344K)
[32.940s][info][gc,metaspace   ] GC(231) Metaspace: 6302K(6464K)->6302K(6464K) NonClass: 5768K(5824K)->5768K(5824K) Class: 533K(640K)->533K(640K)
[32.940s][info][gc             ] GC(231) Pause Young (Allocation Failure) 4710M->4711M(5148M) 79.879ms
[32.940s][info][gc,cpu         ] GC(231) User=0.38s Sys=0.02s Real=0.08s
[33.011s][info][gc,start       ] GC(232) Pause Young (Allocation Failure)
[33.091s][info][gc,heap        ] GC(232) PSYoungGen: 136480K(286720K)->68384K(273920K) Eden: 68096K(68096K)->0K(75264K) From: 68384K(218624K)->68384K(198656K)
[33.091s][info][gc,heap        ] GC(232) ParOldGen: 4755950K(4985344K)->4824670K(4985344K)
[33.091s][info][gc,metaspace   ] GC(232) Metaspace: 6302K(6464K)->6302K(6464K) NonClass: 5768K(5824K)->5768K(5824K) Class: 533K(640K)->533K(640K)
[33.091s][info][gc             ] GC(232) Pause Young (Allocation Failure) 4777M->4778M(5136M) 80.056ms
[33.091s][info][gc,cpu         ] GC(232) User=0.44s Sys=0.19s Real=0.08s
[33.169s][info][gc,start       ] GC(233) Pause Young (Allocation Failure)
[33.253s][info][gc,heap        ] GC(233) PSYoungGen: 143648K(273920K)->75520K(280576K) Eden: 75264K(75264K)->0K(75264K) From: 68384K(198656K)->75520K(205312K)
[33.253s][info][gc,heap        ] GC(233) ParOldGen: 4824670K(4985344K)->4893398K(4985344K)
[33.253s][info][gc,metaspace   ] GC(233) Metaspace: 6302K(6464K)->6302K(6464K) NonClass: 5768K(5824K)->5768K(5824K) Class: 533K(640K)->533K(640K)
[33.253s][info][gc             ] GC(233) Pause Young (Allocation Failure) 4851M->4852M(5142M) 84.521ms
[33.253s][info][gc,cpu         ] GC(233) User=0.48s Sys=0.02s Real=0.09s
[33.253s][info][gc,start       ] GC(234) Pause Full (Ergonomics)
[33.253s][info][gc,phases,start] GC(234) Marking Phase
[34.441s][info][gc,phases      ] GC(234) Marking Phase 1187.795ms
[34.441s][info][gc,phases,start] GC(234) Summary Phase
[34.441s][info][gc,phases      ] GC(234) Summary Phase 0.101ms
[34.441s][info][gc,phases,start] GC(234) Adjust Roots
[34.442s][info][gc,phases      ] GC(234) Adjust Roots 0.192ms
[34.442s][info][gc,phases,start] GC(234) Compaction Phase
[34.868s][info][gc,phases      ] GC(234) Compaction Phase 426.453ms
[34.868s][info][gc,phases,start] GC(234) Post Compact
[34.876s][info][gc,phases      ] GC(234) Post Compact 7.673ms
[34.878s][info][gc,heap        ] GC(234) PSYoungGen: 75520K(280576K)->0K(281088K) Eden: 0K(75264K)->0K(83456K) From: 75520K(205312K)->0K(197632K)
[34.878s][info][gc,heap        ] GC(234) ParOldGen: 4893398K(4985344K)->4964963K(5472256K)
[34.878s][info][gc,metaspace   ] GC(234) Metaspace: 6302K(6464K)->6302K(6464K) NonClass: 5768K(5824K)->5768K(5824K) Class: 533K(640K)->533K(640K)
[34.878s][info][gc             ] GC(234) Pause Full (Ergonomics) 4852M->4848M(5618M) 1624.297ms
[34.878s][info][gc,cpu         ] GC(234) User=12.17s Sys=0.09s Real=1.62s
[34.981s][info][gc,start       ] GC(235) Pause Young (Allocation Failure)
[35.046s][info][gc,heap        ] GC(235) PSYoungGen: 83456K(281088K)->83712K(167424K) Eden: 83456K(83456K)->0K(83456K) From: 0K(197632K)->83712K(83968K)
[35.047s][info][gc,heap        ] GC(235) ParOldGen: 4964963K(5472256K)->4964963K(5472256K)
[35.047s][info][gc,metaspace   ] GC(235) Metaspace: 6302K(6464K)->6302K(6464K) NonClass: 5768K(5824K)->5768K(5824K) Class: 533K(640K)->533K(640K)
[35.047s][info][gc             ] GC(235) Pause Young (Allocation Failure) 4930M->4930M(5507M) 65.692ms
[35.047s][info][gc,cpu         ] GC(235) User=0.30s Sys=0.00s Real=0.07s
[35.138s][info][gc,start       ] GC(236) Pause Young (Allocation Failure)
[35.229s][info][gc,heap        ] GC(236) PSYoungGen: 167168K(167424K)->167296K(260608K) Eden: 83456K(83456K)->0K(72192K) From: 83712K(83968K)->167296K(188416K)
[35.229s][info][gc,heap        ] GC(236) ParOldGen: 4964963K(5472256K)->4964963K(5472256K)
[35.229s][info][gc,metaspace   ] GC(236) Metaspace: 6302K(6464K)->6302K(6464K) NonClass: 5768K(5824K)->5768K(5824K) Class: 533K(640K)->533K(640K)
[35.229s][info][gc             ] GC(236) Pause Young (Allocation Failure) 5011M->5011M(5598M) 90.579ms
[35.229s][info][gc,cpu         ] GC(236) User=0.62s Sys=0.00s Real=0.09s
[35.309s][info][gc,start       ] GC(237) Pause Young (Allocation Failure)
[35.438s][info][gc,heap        ] GC(237) PSYoungGen: 239488K(260608K)->206848K(279040K) Eden: 72192K(72192K)->0K(72192K) From: 167296K(188416K)->206848K(206848K)
[35.438s][info][gc,heap        ] GC(237) ParOldGen: 4964963K(5472256K)->4997891K(5472256K)
[35.438s][info][gc,metaspace   ] GC(237) Metaspace: 6302K(6464K)->6302K(6464K) NonClass: 5768K(5824K)->5768K(5824K) Class: 533K(640K)->533K(640K)
[35.438s][info][gc             ] GC(237) Pause Young (Allocation Failure) 5082M->5082M(5616M) 128.291ms
[35.438s][info][gc,cpu         ] GC(237) User=0.84s Sys=0.00s Real=0.13s
[35.523s][info][gc,start       ] GC(238) Pause Young (Allocation Failure)
[35.683s][info][gc,heap        ] GC(238) PSYoungGen: 279040K(279040K)->134208K(317440K) Eden: 72192K(72192K)->0K(79872K) From: 206848K(206848K)->134208K(237568K)
[35.683s][info][gc,heap        ] GC(238) ParOldGen: 4997891K(5472256K)->5144027K(5472256K)
[35.683s][info][gc,metaspace   ] GC(238) Metaspace: 6302K(6464K)->6302K(6464K) NonClass: 5768K(5824K)->5768K(5824K) Class: 533K(640K)->533K(640K)
[35.683s][info][gc             ] GC(238) Pause Young (Allocation Failure) 5153M->5154M(5654M) 160.150ms
[35.683s][info][gc,cpu         ] GC(238) User=1.05s Sys=0.09s Real=0.16s
[35.770s][info][gc,start       ] GC(239) Pause Young (Allocation Failure)
[35.890s][info][gc,heap        ] GC(239) PSYoungGen: 214080K(317440K)->152448K(322560K) Eden: 79872K(79872K)->0K(79872K) From: 134208K(237568K)->152448K(242688K)
[35.890s][info][gc,heap        ] GC(239) ParOldGen: 5144027K(5472256K)->5206227K(5472256K)
[35.890s][info][gc,metaspace   ] GC(239) Metaspace: 6302K(6464K)->6302K(6464K) NonClass: 5768K(5824K)->5768K(5824K) Class: 533K(640K)->533K(640K)
[35.890s][info][gc             ] GC(239) Pause Young (Allocation Failure) 5232M->5233M(5659M) 120.206ms
[35.890s][info][gc,cpu         ] GC(239) User=0.84s Sys=0.05s Real=0.12s
[35.979s][info][gc,start       ] GC(240) Pause Young (Allocation Failure)
[36.106s][info][gc,heap        ] GC(240) PSYoungGen: 232320K(322560K)->160224K(329216K) Eden: 79872K(79872K)->0K(85504K) From: 152448K(242688K)->160224K(243712K)
[36.106s][info][gc,heap        ] GC(240) ParOldGen: 5206227K(5472256K)->5279067K(5472256K)
[36.106s][info][gc,metaspace   ] GC(240) Metaspace: 6302K(6464K)->6302K(6464K) NonClass: 5768K(5824K)->5768K(5824K) Class: 533K(640K)->533K(640K)
[36.106s][info][gc             ] GC(240) Pause Young (Allocation Failure) 5311M->5311M(5665M) 126.388ms
[36.106s][info][gc,cpu         ] GC(240) User=0.97s Sys=0.03s Real=0.13s
[36.208s][info][gc,start       ] GC(241) Pause Young (Allocation Failure)
[36.348s][info][gc,heap        ] GC(241) PSYoungGen: 245728K(329216K)->165792K(332288K) Eden: 85504K(85504K)->0K(85504K) From: 160224K(243712K)->165792K(246784K)
[36.348s][info][gc,heap        ] GC(241) ParOldGen: 5279067K(5472256K)->5359667K(5472256K)
[36.348s][info][gc,metaspace   ] GC(241) Metaspace: 6302K(6464K)->6302K(6464K) NonClass: 5768K(5824K)->5768K(5824K) Class: 533K(640K)->533K(640K)
[36.348s][info][gc             ] GC(241) Pause Young (Allocation Failure) 5395M->5395M(5668M) 139.578ms
[36.348s][info][gc,cpu         ] GC(241) User=0.92s Sys=0.08s Real=0.14s
[36.348s][info][gc,start       ] GC(242) Pause Full (Ergonomics)
[36.348s][info][gc,phases,start] GC(242) Marking Phase
[37.619s][info][gc,phases      ] GC(242) Marking Phase 1271.031ms
[37.619s][info][gc,phases,start] GC(242) Summary Phase
[37.619s][info][gc,phases      ] GC(242) Summary Phase 0.070ms
[37.619s][info][gc,phases,start] GC(242) Adjust Roots
[37.619s][info][gc,phases      ] GC(242) Adjust Roots 0.197ms
[37.619s][info][gc,phases,start] GC(242) Compaction Phase
[38.107s][info][gc,phases      ] GC(242) Compaction Phase 487.997ms
[38.107s][info][gc,phases,start] GC(242) Post Compact
[38.117s][info][gc,phases      ] GC(242) Post Compact 9.325ms
[38.119s][info][gc,heap        ] GC(242) PSYoungGen: 165792K(332288K)->49316K(332288K) Eden: 0K(85504K)->0K(85504K) From: 165792K(246784K)->49316K(246784K)
[38.119s][info][gc,heap        ] GC(242) ParOldGen: 5359667K(5472256K)->5471971K(6042624K)
[38.119s][info][gc,metaspace   ] GC(242) Metaspace: 6302K(6464K)->6302K(6464K) NonClass: 5768K(5824K)->5768K(5824K) Class: 533K(640K)->533K(640K)
[38.119s][info][gc             ] GC(242) Pause Full (Ergonomics) 5395M->5391M(6225M) 1771.258ms
[38.119s][info][gc,cpu         ] GC(242) User=13.50s Sys=0.03s Real=1.77s
[38.215s][info][gc,start       ] GC(243) Pause Young (Allocation Failure)
[38.560s][info][gc,heap        ] GC(243) PSYoungGen: 134820K(332288K)->111712K(323584K) Eden: 85504K(85504K)->0K(93696K) From: 49316K(246784K)->111712K(229888K)
[38.560s][info][gc,heap        ] GC(243) ParOldGen: 5471971K(6042624K)->5495683K(6042624K)
[38.560s][info][gc,metaspace   ] GC(243) Metaspace: 6302K(6464K)->6302K(6464K) NonClass: 5768K(5824K)->5768K(5824K) Class: 533K(640K)->533K(640K)
[38.560s][info][gc             ] GC(243) Pause Young (Allocation Failure) 5475M->5475M(6217M) 344.687ms
[38.560s][info][gc,cpu         ] GC(243) User=2.09s Sys=0.05s Real=0.35s
[38.679s][info][gc,start       ] GC(244) Pause Young (Allocation Failure)
[38.799s][info][gc,heap        ] GC(244) PSYoungGen: 205408K(323584K)->205600K(334336K) Eden: 93696K(93696K)->0K(93696K) From: 111712K(229888K)->205600K(240640K)
[38.799s][info][gc,heap        ] GC(244) ParOldGen: 5495683K(6042624K)->5495683K(6042624K)
[38.799s][info][gc,metaspace   ] GC(244) Metaspace: 6302K(6464K)->6302K(6464K) NonClass: 5768K(5824K)->5768K(5824K) Class: 533K(640K)->533K(640K)
[38.799s][info][gc             ] GC(244) Pause Young (Allocation Failure) 5567M->5567M(6227M) 120.538ms
[38.799s][info][gc,cpu         ] GC(244) User=0.78s Sys=0.00s Real=0.12s
[40.059s][info][gc,start       ] GC(245) Pause Young (Allocation Failure)
[40.322s][info][gc,heap        ] GC(245) PSYoungGen: 299296K(334336K)->258560K(312320K) Eden: 93696K(93696K)->0K(53760K) From: 205600K(240640K)->258560K(258560K)
[40.322s][info][gc,heap        ] GC(245) ParOldGen: 5757827K(6042624K)->5798899K(6042624K)
[40.322s][info][gc,metaspace   ] GC(245) Metaspace: 6302K(6464K)->6302K(6464K) NonClass: 5768K(5824K)->5768K(5824K) Class: 533K(640K)->533K(640K)
[40.322s][info][gc             ] GC(245) Pause Young (Allocation Failure) 5915M->5915M(6206M) 262.951ms
[40.322s][info][gc,cpu         ] GC(245) User=1.73s Sys=0.11s Real=0.26s
[40.376s][info][gc,start       ] GC(246) Pause Young (Allocation Failure)
[40.540s][info][gc,heap        ] GC(246) PSYoungGen: 312320K(312320K)->219520K(361472K) Eden: 53760K(53760K)->0K(53760K) From: 258560K(258560K)->219520K(307712K)
[40.540s][info][gc,heap        ] GC(246) ParOldGen: 5798899K(6042624K)->5892579K(6042624K)
[40.540s][info][gc,metaspace   ] GC(246) Metaspace: 6302K(6464K)->6302K(6464K) NonClass: 5768K(5824K)->5768K(5824K) Class: 533K(640K)->533K(640K)
[40.540s][info][gc             ] GC(246) Pause Young (Allocation Failure) 5967M->5968M(6254M) 163.976ms
[40.540s][info][gc,cpu         ] GC(246) User=1.14s Sys=0.00s Real=0.16s
[40.602s][info][gc,start       ] GC(247) Pause Young (Allocation Failure)
[40.747s][info][gc,heap        ] GC(247) PSYoungGen: 273280K(361472K)->273344K(349696K) Eden: 53760K(53760K)->0K(32256K) From: 219520K(307712K)->273344K(317440K)
[40.747s][info][gc,heap        ] GC(247) ParOldGen: 5892579K(6042624K)->5892579K(6042624K)
[40.747s][info][gc,metaspace   ] GC(247) Metaspace: 6302K(6464K)->6302K(6464K) NonClass: 5768K(5824K)->5768K(5824K) Class: 533K(640K)->533K(640K)
[40.747s][info][gc             ] GC(247) Pause Young (Allocation Failure) 6021M->6021M(6242M) 144.791ms
[40.747s][info][gc,cpu         ] GC(247) User=0.73s Sys=0.00s Real=0.14s
[40.783s][info][gc,start       ] GC(248) Pause Young (Allocation Failure)
[40.937s][info][gc,heap        ] GC(248) PSYoungGen: 305600K(349696K)->217152K(376832K) Eden: 32256K(32256K)->0K(32256K) From: 273344K(317440K)->217152K(344576K)
[40.937s][info][gc,heap        ] GC(248) ParOldGen: 5892579K(6042624K)->5981651K(6042624K)
[40.937s][info][gc,metaspace   ] GC(248) Metaspace: 6302K(6464K)->6302K(6464K) NonClass: 5768K(5824K)->5768K(5824K) Class: 533K(640K)->533K(640K)
[40.937s][info][gc             ] GC(248) Pause Young (Allocation Failure) 6052M->6053M(6269M) 154.242ms
[40.937s][info][gc,cpu         ] GC(248) User=0.77s Sys=0.02s Real=0.15s
[40.937s][info][gc,start       ] GC(249) Pause Full (Ergonomics)
[40.937s][info][gc,phases,start] GC(249) Marking Phase
[42.294s][info][gc,phases      ] GC(249) Marking Phase 1356.837ms
[42.294s][info][gc,phases,start] GC(249) Summary Phase
[42.294s][info][gc,phases      ] GC(249) Summary Phase 0.071ms
[42.294s][info][gc,phases,start] GC(249) Adjust Roots
[42.295s][info][gc,phases      ] GC(249) Adjust Roots 0.166ms
[42.295s][info][gc,phases,start] GC(249) Compaction Phase
[43.252s][info][gc,phases      ] GC(249) Compaction Phase 957.477ms
[43.252s][info][gc,phases,start] GC(249) Post Compact
[43.262s][info][gc,phases      ] GC(249) Post Compact 10.221ms
[43.264s][info][gc,heap        ] GC(249) PSYoungGen: 217152K(376832K)->22457K(376832K) Eden: 0K(32256K)->0K(32256K) From: 217152K(344576K)->22457K(344576K)
[43.264s][info][gc,heap        ] GC(249) ParOldGen: 5981651K(6042624K)->6042382K(6485504K)
[43.264s][info][gc,metaspace   ] GC(249) Metaspace: 6302K(6464K)->6302K(6464K) NonClass: 5768K(5824K)->5768K(5824K) Class: 533K(640K)->533K(640K)
[43.264s][info][gc             ] GC(249) Pause Full (Ergonomics) 6053M->5922M(6701M) 2326.521ms
[43.264s][info][gc,cpu         ] GC(249) User=16.28s Sys=0.08s Real=2.33s
[43.297s][info][gc,start       ] GC(250) Pause Young (Allocation Failure)
[43.586s][info][gc,heap        ] GC(250) PSYoungGen: 54713K(376832K)->44032K(375808K) Eden: 32256K(32256K)->0K(31232K) From: 22457K(344576K)->44032K(344576K)
[43.587s][info][gc,heap        ] GC(250) ParOldGen: 6042382K(6485504K)->6053406K(6485504K)
[43.587s][info][gc,metaspace   ] GC(250) Metaspace: 6302K(6464K)->6302K(6464K) NonClass: 5768K(5824K)->5768K(5824K) Class: 533K(640K)->533K(640K)
[43.587s][info][gc             ] GC(250) Pause Young (Allocation Failure) 5954M->5954M(6700M) 290.036ms
[43.587s][info][gc,cpu         ] GC(250) User=1.75s Sys=0.02s Real=0.29s
[43.616s][info][gc,start       ] GC(251) Pause Young (Allocation Failure)
[43.706s][info][gc,heap        ] GC(251) PSYoungGen: 75264K(375808K)->74432K(380928K) Eden: 31232K(31232K)->0K(31232K) From: 44032K(344576K)->74432K(349696K)
[43.706s][info][gc,heap        ] GC(251) ParOldGen: 6053406K(6485504K)->6054302K(6485504K)
[43.706s][info][gc,metaspace   ] GC(251) Metaspace: 6302K(6464K)->6302K(6464K) NonClass: 5768K(5824K)->5768K(5824K) Class: 533K(640K)->533K(640K)
[43.706s][info][gc             ] GC(251) Pause Young (Allocation Failure) 5985M->5985M(6705M) 89.609ms
[43.706s][info][gc,cpu         ] GC(251) User=0.25s Sys=0.00s Real=0.09s
[43.736s][info][gc,start       ] GC(252) Pause Young (Allocation Failure)
[43.831s][info][gc,heap        ] GC(252) PSYoungGen: 105664K(380928K)->94976K(361472K) Eden: 31232K(31232K)->0K(35328K) From: 74432K(349696K)->94976K(326144K)
[43.831s][info][gc,heap        ] GC(252) ParOldGen: 6054302K(6485504K)->6065126K(6485504K)
[43.831s][info][gc,metaspace   ] GC(252) Metaspace: 6302K(6464K)->6302K(6464K) NonClass: 5768K(5824K)->5768K(5824K) Class: 533K(640K)->533K(640K)
[43.831s][info][gc             ] GC(252) Pause Young (Allocation Failure) 6015M->6015M(6686M) 94.479ms
[43.831s][info][gc,cpu         ] GC(252) User=0.23s Sys=0.00s Real=0.10s
[43.867s][info][gc,start       ] GC(253) Pause Young (Allocation Failure)
[43.969s][info][gc,heap        ] GC(253) PSYoungGen: 130304K(361472K)->98016K(133632K) Eden: 35328K(35328K)->0K(35328K) From: 94976K(326144K)->98016K(98304K)
[43.969s][info][gc,heap        ] GC(253) ParOldGen: 6065126K(6485504K)->6097670K(6485504K)
[43.969s][info][gc,metaspace   ] GC(253) Metaspace: 6302K(6464K)->6302K(6464K) NonClass: 5768K(5824K)->5768K(5824K) Class: 533K(640K)->533K(640K)
[43.969s][info][gc             ] GC(253) Pause Young (Allocation Failure) 6050M->6050M(6464M) 101.652ms
[43.969s][info][gc,cpu         ] GC(253) User=0.27s Sys=0.00s Real=0.10s
[44.007s][info][gc,start       ] GC(254) Pause Young (Allocation Failure)
[44.111s][info][gc,heap        ] GC(254) PSYoungGen: 133344K(133632K)->70912K(353792K) Eden: 35328K(35328K)->0K(40448K) From: 98016K(98304K)->70912K(313344K)
[44.112s][info][gc,heap        ] GC(254) ParOldGen: 6097670K(6485504K)->6160670K(6485504K)
[44.112s][info][gc,metaspace   ] GC(254) Metaspace: 6302K(6464K)->6302K(6464K) NonClass: 5768K(5824K)->5768K(5824K) Class: 533K(640K)->533K(640K)
[44.112s][info][gc             ] GC(254) Pause Young (Allocation Failure) 6084M->6085M(6679M) 104.824ms
[44.112s][info][gc,cpu         ] GC(254) User=0.33s Sys=0.00s Real=0.11s
[44.156s][info][gc,start       ] GC(255) Pause Young (Allocation Failure)
[44.253s][info][gc,heap        ] GC(255) PSYoungGen: 111360K(353792K)->40640K(359424K) Eden: 40448K(40448K)->0K(40448K) From: 70912K(313344K)->40640K(318976K)
[44.253s][info][gc,heap        ] GC(255) ParOldGen: 6160670K(6485504K)->6231942K(6485504K)
[44.253s][info][gc,metaspace   ] GC(255) Metaspace: 6302K(6464K)->6302K(6464K) NonClass: 5768K(5824K)->5768K(5824K) Class: 533K(640K)->533K(640K)
[44.253s][info][gc             ] GC(255) Pause Young (Allocation Failure) 6125M->6125M(6684M) 97.664ms
[44.253s][info][gc,cpu         ] GC(255) User=0.34s Sys=0.00s Real=0.10s
[44.298s][info][gc,start       ] GC(256) Pause Young (Allocation Failure)
[44.401s][info][gc,heap        ] GC(256) PSYoungGen: 81088K(359424K)->40640K(353280K) Eden: 40448K(40448K)->0K(46080K) From: 40640K(318976K)->40640K(307200K)
[44.401s][info][gc,heap        ] GC(256) ParOldGen: 6231942K(6485504K)->6272758K(6485504K)
[44.401s][info][gc,metaspace   ] GC(256) Metaspace: 6302K(6464K)->6302K(6464K) NonClass: 5768K(5824K)->5768K(5824K) Class: 533K(640K)->533K(640K)
[44.401s][info][gc             ] GC(256) Pause Young (Allocation Failure) 6165M->6165M(6678M) 102.897ms
[44.401s][info][gc,cpu         ] GC(256) User=0.22s Sys=0.02s Real=0.10s
[44.450s][info][gc,start       ] GC(257) Pause Young (Allocation Failure)
[44.541s][info][gc,heap        ] GC(257) PSYoungGen: 86720K(353280K)->46272K(92672K) Eden: 46080K(46080K)->0K(46080K) From: 40640K(307200K)->46272K(46592K)
[44.541s][info][gc,heap        ] GC(257) ParOldGen: 6272758K(6485504K)->6313582K(6485504K)
[44.541s][info][gc,metaspace   ] GC(257) Metaspace: 6302K(6464K)->6302K(6464K) NonClass: 5768K(5824K)->5768K(5824K) Class: 533K(640K)->533K(640K)
[44.541s][info][gc             ] GC(257) Pause Young (Allocation Failure) 6210M->6210M(6424M) 91.360ms
[44.541s][info][gc,cpu         ] GC(257) User=0.25s Sys=0.00s Real=0.09s
[44.589s][info][gc,start       ] GC(258) Pause Young (Allocation Failure)
[44.684s][info][gc,heap        ] GC(258) PSYoungGen: 92352K(92672K)->46272K(338432K) Eden: 46080K(46080K)->0K(52224K) From: 46272K(46592K)->46272K(286208K)
[44.684s][info][gc,heap        ] GC(258) ParOldGen: 6313582K(6485504K)->6360078K(6485504K)
[44.684s][info][gc,metaspace   ] GC(258) Metaspace: 6302K(6464K)->6302K(6464K) NonClass: 5768K(5824K)->5768K(5824K) Class: 533K(640K)->533K(640K)
[44.684s][info][gc             ] GC(258) Pause Young (Allocation Failure) 6255M->6256M(6664M) 94.316ms
[44.684s][info][gc,cpu         ] GC(258) User=0.28s Sys=0.02s Real=0.10s
[44.744s][info][gc,start       ] GC(259) Pause Young (Allocation Failure)
[44.845s][info][gc,heap        ] GC(259) PSYoungGen: 98496K(338432K)->52448K(104960K) Eden: 52224K(52224K)->0K(52224K) From: 46272K(286208K)->52448K(52736K)
[44.845s][info][gc,heap        ] GC(259) ParOldGen: 6360078K(6485504K)->6406574K(6485504K)
[44.845s][info][gc,metaspace   ] GC(259) Metaspace: 6302K(6464K)->6302K(6464K) NonClass: 5768K(5824K)->5768K(5824K) Class: 533K(640K)->533K(640K)
[44.845s][info][gc             ] GC(259) Pause Young (Allocation Failure) 6307M->6307M(6436M) 101.949ms
[44.846s][info][gc,cpu         ] GC(259) User=0.25s Sys=0.00s Real=0.10s
[44.846s][info][gc,start       ] GC(260) Pause Full (Ergonomics)
[44.846s][info][gc,phases,start] GC(260) Marking Phase
[46.315s][info][gc,phases      ] GC(260) Marking Phase 1469.413ms
[46.315s][info][gc,phases,start] GC(260) Summary Phase
[46.315s][info][gc,phases      ] GC(260) Summary Phase 0.155ms
[46.315s][info][gc,phases,start] GC(260) Adjust Roots
[46.316s][info][gc,phases      ] GC(260) Adjust Roots 0.258ms
[46.316s][info][gc,phases,start] GC(260) Compaction Phase
[46.913s][info][gc,phases      ] GC(260) Compaction Phase 597.010ms
[46.913s][info][gc,phases,start] GC(260) Post Compact
[46.922s][info][gc,phases      ] GC(260) Post Compact 9.539ms
[46.922s][info][gc,heap        ] GC(260) PSYoungGen: 52448K(104960K)->0K(344064K) Eden: 0K(52224K)->0K(59392K) From: 52448K(52736K)->0K(284672K)
[46.922s][info][gc,heap        ] GC(260) ParOldGen: 6406574K(6485504K)->6455197K(6485504K)
[46.922s][info][gc,metaspace   ] GC(260) Metaspace: 6302K(6464K)->6302K(6464K) NonClass: 5768K(5824K)->5768K(5824K) Class: 533K(640K)->533K(640K)
[46.922s][info][gc             ] GC(260) Pause Full (Ergonomics) 6307M->6303M(6669M) 2076.727ms
[46.922s][info][gc,cpu         ] GC(260) User=14.86s Sys=0.06s Real=2.08s
[46.993s][info][gc,start       ] GC(261) Pause Full (Ergonomics)
[46.993s][info][gc,phases,start] GC(261) Marking Phase
[48.461s][info][gc,phases      ] GC(261) Marking Phase 1467.846ms
[48.461s][info][gc,phases,start] GC(261) Summary Phase
[48.461s][info][gc,phases      ] GC(261) Summary Phase 0.066ms
[48.461s][info][gc,phases,start] GC(261) Adjust Roots
[48.461s][info][gc,phases      ] GC(261) Adjust Roots 0.165ms
[48.461s][info][gc,phases,start] GC(261) Compaction Phase
[48.977s][info][gc,phases      ] GC(261) Compaction Phase 515.481ms
[48.977s][info][gc,phases,start] GC(261) Post Compact
[48.987s][info][gc,phases      ] GC(261) Post Compact 10.268ms
[48.987s][info][gc,heap        ] GC(261) PSYoungGen: 59392K(344064K)->29169K(344064K) Eden: 59392K(59392K)->29169K(59392K) From: 0K(284672K)->0K(284672K)
[48.987s][info][gc,heap        ] GC(261) ParOldGen: 6455197K(6485504K)->6485391K(6485504K)
[48.987s][info][gc,metaspace   ] GC(261) Metaspace: 6302K(6464K)->6302K(6464K) NonClass: 5768K(5824K)->5768K(5824K) Class: 533K(640K)->533K(640K)
[48.987s][info][gc             ] GC(261) Pause Full (Ergonomics) 6361M->6361M(6669M) 1994.250ms
[48.987s][info][gc,cpu         ] GC(261) User=14.44s Sys=0.03s Real=1.99s
[49.020s][info][gc,start       ] GC(262) Pause Full (Ergonomics)
[49.021s][info][gc,phases,start] GC(262) Marking Phase
[50.503s][info][gc,phases      ] GC(262) Marking Phase 1482.463ms
[50.503s][info][gc,phases,start] GC(262) Summary Phase
[50.503s][info][gc,phases      ] GC(262) Summary Phase 0.070ms
[50.503s][info][gc,phases,start] GC(262) Adjust Roots
[50.503s][info][gc,phases      ] GC(262) Adjust Roots 0.172ms
[50.503s][info][gc,phases,start] GC(262) Compaction Phase
[51.003s][info][gc,phases      ] GC(262) Compaction Phase 499.534ms
[51.003s][info][gc,phases,start] GC(262) Post Compact
[51.013s][info][gc,phases      ] GC(262) Post Compact 9.590ms
[51.013s][info][gc,heap        ] GC(262) PSYoungGen: 59392K(344064K)->59377K(344064K) Eden: 59392K(59392K)->59377K(59392K) From: 0K(284672K)->0K(284672K)
[51.013s][info][gc,heap        ] GC(262) ParOldGen: 6485391K(6485504K)->6485391K(6485504K)
[51.013s][info][gc,metaspace   ] GC(262) Metaspace: 6302K(6464K)->6302K(6464K) NonClass: 5768K(5824K)->5768K(5824K) Class: 533K(640K)->533K(640K)
[51.013s][info][gc             ] GC(262) Pause Full (Ergonomics) 6391M->6391M(6669M) 1992.124ms
[51.013s][info][gc,cpu         ] GC(262) User=14.55s Sys=0.02s Real=1.99s
[51.013s][info][gc,start       ] GC(263) Pause Full (Ergonomics)
[51.013s][info][gc,phases,start] GC(263) Marking Phase
[52.510s][info][gc,phases      ] GC(263) Marking Phase 1497.041ms
[52.510s][info][gc,phases,start] GC(263) Summary Phase
[52.510s][info][gc,phases      ] GC(263) Summary Phase 0.067ms
[52.510s][info][gc,phases,start] GC(263) Adjust Roots
[52.510s][info][gc,phases      ] GC(263) Adjust Roots 0.163ms
[52.510s][info][gc,phases,start] GC(263) Compaction Phase
[53.011s][info][gc,phases      ] GC(263) Compaction Phase 500.861ms
[53.011s][info][gc,phases,start] GC(263) Post Compact
[53.021s][info][gc,phases      ] GC(263) Post Compact 9.670ms
[53.021s][info][gc,heap        ] GC(263) PSYoungGen: 59392K(344064K)->59391K(344064K) Eden: 59392K(59392K)->59391K(59392K) From: 0K(284672K)->0K(284672K)
[53.021s][info][gc,heap        ] GC(263) ParOldGen: 6485391K(6485504K)->6485391K(6485504K)
[53.021s][info][gc,metaspace   ] GC(263) Metaspace: 6302K(6464K)->6302K(6464K) NonClass: 5768K(5824K)->5768K(5824K) Class: 533K(640K)->533K(640K)
[53.021s][info][gc             ] GC(263) Pause Full (Ergonomics) 6391M->6391M(6669M) 2008.114ms
[53.021s][info][gc,cpu         ] GC(263) User=14.41s Sys=0.00s Real=2.01s
[53.021s][info][gc,start       ] GC(264) Pause Full (Ergonomics)
[53.021s][info][gc,phases,start] GC(264) Marking Phase
[54.517s][info][gc,phases      ] GC(264) Marking Phase 1495.801ms
[54.517s][info][gc,phases,start] GC(264) Summary Phase
[54.517s][info][gc,phases      ] GC(264) Summary Phase 0.077ms
[54.517s][info][gc,phases,start] GC(264) Adjust Roots
[54.517s][info][gc,phases      ] GC(264) Adjust Roots 0.279ms
[54.517s][info][gc,phases,start] GC(264) Compaction Phase
[55.024s][info][gc,phases      ] GC(264) Compaction Phase 506.341ms
[55.024s][info][gc,phases,start] GC(264) Post Compact
[55.033s][info][gc,phases      ] GC(264) Post Compact 9.636ms
[55.033s][info][gc,heap        ] GC(264) PSYoungGen: 59392K(344064K)->59392K(344064K) Eden: 59392K(59392K)->59392K(59392K) From: 0K(284672K)->0K(284672K)
[55.033s][info][gc,heap        ] GC(264) ParOldGen: 6485391K(6485504K)->6485391K(6485504K)
[55.033s][info][gc,metaspace   ] GC(264) Metaspace: 6302K(6464K)->6302K(6464K) NonClass: 5768K(5824K)->5768K(5824K) Class: 533K(640K)->533K(640K)
[55.033s][info][gc             ] GC(264) Pause Full (Ergonomics) 6391M->6391M(6669M) 2012.447ms
[55.034s][info][gc,cpu         ] GC(264) User=14.50s Sys=0.03s Real=2.01s
[55.034s][info][gc,start       ] GC(265) Pause Full (Ergonomics)
[55.034s][info][gc,phases,start] GC(265) Marking Phase
[56.521s][info][gc,phases      ] GC(265) Marking Phase 1487.328ms
[56.521s][info][gc,phases,start] GC(265) Summary Phase
[56.521s][info][gc,phases      ] GC(265) Summary Phase 0.107ms
[56.521s][info][gc,phases,start] GC(265) Adjust Roots
[56.521s][info][gc,phases      ] GC(265) Adjust Roots 0.245ms
[56.521s][info][gc,phases,start] GC(265) Compaction Phase
[57.024s][info][gc,phases      ] GC(265) Compaction Phase 502.372ms
[57.024s][info][gc,phases,start] GC(265) Post Compact
[57.034s][info][gc,phases      ] GC(265) Post Compact 9.589ms
[57.034s][info][gc,heap        ] GC(265) PSYoungGen: 59392K(344064K)->59392K(344064K) Eden: 59392K(59392K)->59392K(59392K) From: 0K(284672K)->0K(284672K)
[57.034s][info][gc,heap        ] GC(265) ParOldGen: 6485396K(6485504K)->6485396K(6485504K)
[57.034s][info][gc,metaspace   ] GC(265) Metaspace: 6302K(6464K)->6302K(6464K) NonClass: 5768K(5824K)->5768K(5824K) Class: 533K(640K)->533K(640K)
[57.034s][info][gc             ] GC(265) Pause Full (Ergonomics) 6391M->6391M(6669M) 1999.957ms
[57.034s][info][gc,cpu         ] GC(265) User=14.61s Sys=0.00s Real=2.00s
[57.034s][info][gc,start       ] GC(266) Pause Full (Ergonomics)
[57.034s][info][gc,phases,start] GC(266) Marking Phase
[58.517s][info][gc,phases      ] GC(266) Marking Phase 1483.668ms
[58.518s][info][gc,phases,start] GC(266) Summary Phase
[58.518s][info][gc,phases      ] GC(266) Summary Phase 0.075ms
[58.518s][info][gc,phases,start] GC(266) Adjust Roots
[58.518s][info][gc,phases      ] GC(266) Adjust Roots 0.177ms
[58.518s][info][gc,phases,start] GC(266) Compaction Phase
[59.029s][info][gc,phases      ] GC(266) Compaction Phase 510.815ms
[59.029s][info][gc,phases,start] GC(266) Post Compact
[59.038s][info][gc,phases      ] GC(266) Post Compact 9.537ms
[59.038s][info][gc,heap        ] GC(266) PSYoungGen: 59392K(344064K)->59392K(344064K) Eden: 59392K(59392K)->59392K(59392K) From: 0K(284672K)->0K(284672K)
[59.038s][info][gc,heap        ] GC(266) ParOldGen: 6485400K(6485504K)->6485400K(6485504K)
[59.038s][info][gc,metaspace   ] GC(266) Metaspace: 6302K(6464K)->6302K(6464K) NonClass: 5768K(5824K)->5768K(5824K) Class: 533K(640K)->533K(640K)
[59.038s][info][gc             ] GC(266) Pause Full (Ergonomics) 6391M->6391M(6669M) 2004.561ms
[59.038s][info][gc,cpu         ] GC(266) User=14.44s Sys=0.00s Real=2.01s
[59.039s][info][gc,start       ] GC(267) Pause Full (Ergonomics)
[59.039s][info][gc,phases,start] GC(267) Marking Phase
[60.538s][info][gc,phases      ] GC(267) Marking Phase 1499.284ms
[60.538s][info][gc,phases,start] GC(267) Summary Phase
[60.538s][info][gc,phases      ] GC(267) Summary Phase 0.067ms
[60.538s][info][gc,phases,start] GC(267) Adjust Roots
[60.538s][info][gc,phases      ] GC(267) Adjust Roots 0.168ms
[60.538s][info][gc,phases,start] GC(267) Compaction Phase
[61.048s][info][gc,phases      ] GC(267) Compaction Phase 509.385ms
[61.048s][info][gc,phases,start] GC(267) Post Compact
[61.057s][info][gc,phases      ] GC(267) Post Compact 9.582ms
[61.057s][info][gc,heap        ] GC(267) PSYoungGen: 59392K(344064K)->59392K(344064K) Eden: 59392K(59392K)->59392K(59392K) From: 0K(284672K)->0K(284672K)
[61.057s][info][gc,heap        ] GC(267) ParOldGen: 6485405K(6485504K)->6485405K(6485504K)
[61.057s][info][gc,metaspace   ] GC(267) Metaspace: 6302K(6464K)->6302K(6464K) NonClass: 5768K(5824K)->5768K(5824K) Class: 533K(640K)->533K(640K)
[61.057s][info][gc             ] GC(267) Pause Full (Ergonomics) 6391M->6391M(6669M) 2018.753ms
[61.057s][info][gc,cpu         ] GC(267) User=14.69s Sys=0.00s Real=2.02s
[61.057s][info][gc,start       ] GC(268) Pause Full (Ergonomics)
[61.057s][info][gc,phases,start] GC(268) Marking Phase
[62.575s][info][gc,phases      ] GC(268) Marking Phase 1517.072ms
[62.575s][info][gc,phases,start] GC(268) Summary Phase
[62.575s][info][gc,phases      ] GC(268) Summary Phase 0.068ms
[62.575s][info][gc,phases,start] GC(268) Adjust Roots
[62.575s][info][gc,phases      ] GC(268) Adjust Roots 0.166ms
[62.575s][info][gc,phases,start] GC(268) Compaction Phase
[63.090s][info][gc,phases      ] GC(268) Compaction Phase 515.085ms
[63.090s][info][gc,phases,start] GC(268) Post Compact
[63.100s][info][gc,phases      ] GC(268) Post Compact 9.668ms
[63.100s][info][gc,heap        ] GC(268) PSYoungGen: 59392K(344064K)->59392K(344064K) Eden: 59392K(59392K)->59392K(59392K) From: 0K(284672K)->0K(284672K)
[63.100s][info][gc,heap        ] GC(268) ParOldGen: 6485410K(6485504K)->6485410K(6485504K)
[63.100s][info][gc,metaspace   ] GC(268) Metaspace: 6302K(6464K)->6302K(6464K) NonClass: 5768K(5824K)->5768K(5824K) Class: 533K(640K)->533K(640K)
[63.100s][info][gc             ] GC(268) Pause Full (Ergonomics) 6391M->6391M(6669M) 2042.362ms
[63.100s][info][gc,cpu         ] GC(268) User=14.47s Sys=0.02s Real=2.04s
[63.100s][info][gc,start       ] GC(269) Pause Full (Ergonomics)
[63.100s][info][gc,phases,start] GC(269) Marking Phase
[64.576s][info][gc,phases      ] GC(269) Marking Phase 1476.474ms
[64.577s][info][gc,phases,start] GC(269) Summary Phase
[64.577s][info][gc,phases      ] GC(269) Summary Phase 0.068ms
[64.577s][info][gc,phases,start] GC(269) Adjust Roots
[64.577s][info][gc,phases      ] GC(269) Adjust Roots 0.178ms
[64.577s][info][gc,phases,start] GC(269) Compaction Phase
[65.078s][info][gc,phases      ] GC(269) Compaction Phase 500.766ms
[65.078s][info][gc,phases,start] GC(269) Post Compact
[65.087s][info][gc,phases      ] GC(269) Post Compact 9.671ms
[65.087s][info][gc,heap        ] GC(269) PSYoungGen: 59392K(344064K)->59392K(344064K) Eden: 59392K(59392K)->59392K(59392K) From: 0K(284672K)->0K(284672K)
[65.087s][info][gc,heap        ] GC(269) ParOldGen: 6485415K(6485504K)->6485415K(6485504K)
[65.087s][info][gc,metaspace   ] GC(269) Metaspace: 6302K(6464K)->6302K(6464K) NonClass: 5768K(5824K)->5768K(5824K) Class: 533K(640K)->533K(640K)
[65.087s][info][gc             ] GC(269) Pause Full (Ergonomics) 6391M->6391M(6669M) 1987.461ms
[65.087s][info][gc,cpu         ] GC(269) User=14.58s Sys=0.00s Real=1.99s
[65.088s][info][gc,start       ] GC(270) Pause Full (Ergonomics)
[65.088s][info][gc,phases,start] GC(270) Marking Phase
[66.578s][info][gc,phases      ] GC(270) Marking Phase 1490.653ms
[66.578s][info][gc,phases,start] GC(270) Summary Phase
[66.578s][info][gc,phases      ] GC(270) Summary Phase 0.068ms
[66.578s][info][gc,phases,start] GC(270) Adjust Roots
[66.579s][info][gc,phases      ] GC(270) Adjust Roots 0.185ms
[66.579s][info][gc,phases,start] GC(270) Compaction Phase
[67.081s][info][gc,phases      ] GC(270) Compaction Phase 502.640ms
[67.081s][info][gc,phases,start] GC(270) Post Compact
[67.091s][info][gc,phases      ] GC(270) Post Compact 9.717ms
[67.091s][info][gc,heap        ] GC(270) PSYoungGen: 59392K(344064K)->59392K(344064K) Eden: 59392K(59392K)->59392K(59392K) From: 0K(284672K)->0K(284672K)
[67.091s][info][gc,heap        ] GC(270) ParOldGen: 6485420K(6485504K)->6485420K(6485504K)
[67.091s][info][gc,metaspace   ] GC(270) Metaspace: 6302K(6464K)->6302K(6464K) NonClass: 5768K(5824K)->5768K(5824K) Class: 533K(640K)->533K(640K)
[67.091s][info][gc             ] GC(270) Pause Full (Ergonomics) 6391M->6391M(6669M) 2003.585ms
[67.091s][info][gc,cpu         ] GC(270) User=14.48s Sys=0.00s Real=2.00s
[67.091s][info][gc,start       ] GC(271) Pause Full (Ergonomics)
[67.091s][info][gc,phases,start] GC(271) Marking Phase
[68.552s][info][gc,phases      ] GC(271) Marking Phase 1460.176ms
[68.552s][info][gc,phases,start] GC(271) Summary Phase
[68.552s][info][gc,phases      ] GC(271) Summary Phase 0.105ms
[68.552s][info][gc,phases,start] GC(271) Adjust Roots
[68.552s][info][gc,phases      ] GC(271) Adjust Roots 0.281ms
[68.552s][info][gc,phases,start] GC(271) Compaction Phase
[69.050s][info][gc,phases      ] GC(271) Compaction Phase 497.964ms
[69.050s][info][gc,phases,start] GC(271) Post Compact
[69.060s][info][gc,phases      ] GC(271) Post Compact 9.693ms
[69.060s][info][gc,heap        ] GC(271) PSYoungGen: 59392K(344064K)->59392K(344064K) Eden: 59392K(59392K)->59392K(59392K) From: 0K(284672K)->0K(284672K)
[69.060s][info][gc,heap        ] GC(271) ParOldGen: 6485425K(6485504K)->6485425K(6485504K)
[69.060s][info][gc,metaspace   ] GC(271) Metaspace: 6302K(6464K)->6302K(6464K) NonClass: 5768K(5824K)->5768K(5824K) Class: 533K(640K)->533K(640K)
[69.060s][info][gc             ] GC(271) Pause Full (Ergonomics) 6391M->6391M(6669M) 1968.562ms
[69.060s][info][gc,cpu         ] GC(271) User=14.36s Sys=0.00s Real=1.97s
[69.060s][info][gc,start       ] GC(272) Pause Full (Ergonomics)
[69.060s][info][gc,phases,start] GC(272) Marking Phase
[70.519s][info][gc,phases      ] GC(272) Marking Phase 1459.051ms
[70.519s][info][gc,phases,start] GC(272) Summary Phase
[70.519s][info][gc,phases      ] GC(272) Summary Phase 0.067ms
[70.519s][info][gc,phases,start] GC(272) Adjust Roots
[70.520s][info][gc,phases      ] GC(272) Adjust Roots 0.220ms
[70.520s][info][gc,phases,start] GC(272) Compaction Phase
[71.027s][info][gc,phases      ] GC(272) Compaction Phase 507.376ms
[71.027s][info][gc,phases,start] GC(272) Post Compact
[71.037s][info][gc,phases      ] GC(272) Post Compact 9.562ms
[71.037s][info][gc,heap        ] GC(272) PSYoungGen: 59392K(344064K)->59392K(344064K) Eden: 59392K(59392K)->59392K(59392K) From: 0K(284672K)->0K(284672K)
[71.037s][info][gc,heap        ] GC(272) ParOldGen: 6485429K(6485504K)->6485429K(6485504K)
[71.037s][info][gc,metaspace   ] GC(272) Metaspace: 6302K(6464K)->6302K(6464K) NonClass: 5768K(5824K)->5768K(5824K) Class: 533K(640K)->533K(640K)
[71.037s][info][gc             ] GC(272) Pause Full (Ergonomics) 6391M->6391M(6669M) 1976.559ms
[71.037s][info][gc,cpu         ] GC(272) User=14.33s Sys=0.00s Real=1.98s
[71.037s][info][gc,start       ] GC(273) Pause Full (Ergonomics)
[71.037s][info][gc,phases,start] GC(273) Marking Phase
[72.500s][info][gc,phases      ] GC(273) Marking Phase 1462.791ms
[72.500s][info][gc,phases,start] GC(273) Summary Phase
[72.500s][info][gc,phases      ] GC(273) Summary Phase 0.067ms
[72.500s][info][gc,phases,start] GC(273) Adjust Roots
[72.500s][info][gc,phases      ] GC(273) Adjust Roots 0.166ms
[72.500s][info][gc,phases,start] GC(273) Compaction Phase
[73.011s][info][gc,phases      ] GC(273) Compaction Phase 510.796ms
[73.011s][info][gc,phases,start] GC(273) Post Compact
[73.021s][info][gc,phases      ] GC(273) Post Compact 9.680ms
[73.021s][info][gc,heap        ] GC(273) PSYoungGen: 59392K(344064K)->59392K(344064K) Eden: 59392K(59392K)->59392K(59392K) From: 0K(284672K)->0K(284672K)
[73.021s][info][gc,heap        ] GC(273) ParOldGen: 6485434K(6485504K)->6485434K(6485504K)
[73.021s][info][gc,metaspace   ] GC(273) Metaspace: 6302K(6464K)->6302K(6464K) NonClass: 5768K(5824K)->5768K(5824K) Class: 533K(640K)->533K(640K)
[73.021s][info][gc             ] GC(273) Pause Full (Ergonomics) 6391M->6391M(6669M) 1983.823ms
[73.021s][info][gc,cpu         ] GC(273) User=14.38s Sys=0.02s Real=1.98s
[73.021s][info][gc,start       ] GC(274) Pause Full (Ergonomics)
[73.021s][info][gc,phases,start] GC(274) Marking Phase
[74.539s][info][gc,phases      ] GC(274) Marking Phase 1518.566ms
[74.539s][info][gc,phases,start] GC(274) Summary Phase
[74.540s][info][gc,phases      ] GC(274) Summary Phase 0.071ms
[74.540s][info][gc,phases,start] GC(274) Adjust Roots
[74.540s][info][gc,phases      ] GC(274) Adjust Roots 0.188ms
[74.540s][info][gc,phases,start] GC(274) Compaction Phase
[75.049s][info][gc,phases      ] GC(274) Compaction Phase 509.584ms
[75.049s][info][gc,phases,start] GC(274) Post Compact
[75.059s][info][gc,phases      ] GC(274) Post Compact 9.887ms
[75.059s][info][gc,heap        ] GC(274) PSYoungGen: 59392K(344064K)->59392K(344064K) Eden: 59392K(59392K)->59392K(59392K) From: 0K(284672K)->0K(284672K)
[75.059s][info][gc,heap        ] GC(274) ParOldGen: 6485439K(6485504K)->6485439K(6485504K)
[75.059s][info][gc,metaspace   ] GC(274) Metaspace: 6302K(6464K)->6302K(6464K) NonClass: 5768K(5824K)->5768K(5824K) Class: 533K(640K)->533K(640K)
[75.059s][info][gc             ] GC(274) Pause Full (Ergonomics) 6391M->6391M(6669M) 2038.588ms
[75.059s][info][gc,cpu         ] GC(274) User=14.91s Sys=0.02s Real=2.04s
[75.060s][info][gc,start       ] GC(275) Pause Full (Ergonomics)
[75.060s][info][gc,phases,start] GC(275) Marking Phase
[76.557s][info][gc,phases      ] GC(275) Marking Phase 1497.783ms
[76.557s][info][gc,phases,start] GC(275) Summary Phase
[76.558s][info][gc,phases      ] GC(275) Summary Phase 0.067ms
[76.558s][info][gc,phases,start] GC(275) Adjust Roots
[76.558s][info][gc,phases      ] GC(275) Adjust Roots 0.173ms
[76.558s][info][gc,phases,start] GC(275) Compaction Phase
[77.064s][info][gc,phases      ] GC(275) Compaction Phase 506.497ms
[77.064s][info][gc,phases,start] GC(275) Post Compact
[77.074s][info][gc,phases      ] GC(275) Post Compact 10.099ms
[77.075s][info][gc,heap        ] GC(275) PSYoungGen: 59392K(344064K)->59392K(344064K) Eden: 59392K(59392K)->59392K(59392K) From: 0K(284672K)->0K(284672K)
[77.075s][info][gc,heap        ] GC(275) ParOldGen: 6485444K(6485504K)->6485444K(6485504K)
[77.075s][info][gc,metaspace   ] GC(275) Metaspace: 6302K(6464K)->6302K(6464K) NonClass: 5768K(5824K)->5768K(5824K) Class: 533K(640K)->533K(640K)
[77.075s][info][gc             ] GC(275) Pause Full (Ergonomics) 6391M->6391M(6669M) 2014.960ms
[77.075s][info][gc,cpu         ] GC(275) User=14.67s Sys=0.00s Real=2.02s
[77.075s][info][gc,start       ] GC(276) Pause Full (Ergonomics)
[77.075s][info][gc,phases,start] GC(276) Marking Phase
[78.552s][info][gc,phases      ] GC(276) Marking Phase 1477.514ms
[78.552s][info][gc,phases,start] GC(276) Summary Phase
[78.552s][info][gc,phases      ] GC(276) Summary Phase 0.080ms
[78.552s][info][gc,phases,start] GC(276) Adjust Roots
[78.553s][info][gc,phases      ] GC(276) Adjust Roots 0.240ms
[78.553s][info][gc,phases,start] GC(276) Compaction Phase
[79.057s][info][gc,phases      ] GC(276) Compaction Phase 504.453ms
[79.057s][info][gc,phases,start] GC(276) Post Compact
[79.067s][info][gc,phases      ] GC(276) Post Compact 9.586ms
[79.067s][info][gc,heap        ] GC(276) PSYoungGen: 59392K(344064K)->59392K(344064K) Eden: 59392K(59392K)->59392K(59392K) From: 0K(284672K)->0K(284672K)
[79.067s][info][gc,heap        ] GC(276) ParOldGen: 6485449K(6485504K)->6485449K(6485504K)
[79.067s][info][gc,metaspace   ] GC(276) Metaspace: 6302K(6464K)->6302K(6464K) NonClass: 5768K(5824K)->5768K(5824K) Class: 533K(640K)->533K(640K)
[79.067s][info][gc             ] GC(276) Pause Full (Ergonomics) 6391M->6391M(6669M) 1992.178ms
[79.067s][info][gc,cpu         ] GC(276) User=14.53s Sys=0.00s Real=1.99s
[79.067s][info][gc,start       ] GC(277) Pause Full (Ergonomics)
[79.067s][info][gc,phases,start] GC(277) Marking Phase
[80.572s][info][gc,phases      ] GC(277) Marking Phase 1504.812ms
[80.572s][info][gc,phases,start] GC(277) Summary Phase
[80.572s][info][gc,phases      ] GC(277) Summary Phase 0.072ms
[80.572s][info][gc,phases,start] GC(277) Adjust Roots
[80.572s][info][gc,phases      ] GC(277) Adjust Roots 0.204ms
[80.572s][info][gc,phases,start] GC(277) Compaction Phase
[81.080s][info][gc,phases      ] GC(277) Compaction Phase 507.897ms
[81.080s][info][gc,phases,start] GC(277) Post Compact
[81.090s][info][gc,phases      ] GC(277) Post Compact 9.527ms
[81.090s][info][gc,heap        ] GC(277) PSYoungGen: 59392K(344064K)->59392K(344064K) Eden: 59392K(59392K)->59392K(59392K) From: 0K(284672K)->0K(284672K)
[81.090s][info][gc,heap        ] GC(277) ParOldGen: 6485454K(6485504K)->6485454K(6485504K)
[81.090s][info][gc,metaspace   ] GC(277) Metaspace: 6302K(6464K)->6302K(6464K) NonClass: 5768K(5824K)->5768K(5824K) Class: 533K(640K)->533K(640K)
[81.090s][info][gc             ] GC(277) Pause Full (Ergonomics) 6391M->6391M(6669M) 2022.802ms
[81.090s][info][gc,cpu         ] GC(277) User=14.58s Sys=0.00s Real=2.02s
[81.090s][info][gc,start       ] GC(278) Pause Full (Ergonomics)
[81.090s][info][gc,phases,start] GC(278) Marking Phase
[82.577s][info][gc,phases      ] GC(278) Marking Phase 1487.185ms
[82.577s][info][gc,phases,start] GC(278) Summary Phase
[82.577s][info][gc,phases      ] GC(278) Summary Phase 0.070ms
[82.577s][info][gc,phases,start] GC(278) Adjust Roots
[82.578s][info][gc,phases      ] GC(278) Adjust Roots 0.191ms
[82.578s][info][gc,phases,start] GC(278) Compaction Phase
[83.100s][info][gc,phases      ] GC(278) Compaction Phase 522.499ms
[83.100s][info][gc,phases,start] GC(278) Post Compact
[83.111s][info][gc,phases      ] GC(278) Post Compact 11.031ms
[83.111s][info][gc,heap        ] GC(278) PSYoungGen: 59392K(344064K)->59392K(344064K) Eden: 59392K(59392K)->59392K(59392K) From: 0K(284672K)->0K(284672K)
[83.111s][info][gc,heap        ] GC(278) ParOldGen: 6485458K(6485504K)->6485458K(6485504K)
[83.111s][info][gc,metaspace   ] GC(278) Metaspace: 6302K(6464K)->6302K(6464K) NonClass: 5768K(5824K)->5768K(5824K) Class: 533K(640K)->533K(640K)
[83.111s][info][gc             ] GC(278) Pause Full (Ergonomics) 6391M->6391M(6669M) 2021.305ms
[83.111s][info][gc,cpu         ] GC(278) User=14.31s Sys=0.00s Real=2.02s
[83.112s][info][gc,start       ] GC(279) Pause Full (Ergonomics)
[83.112s][info][gc,phases,start] GC(279) Marking Phase
[84.579s][info][gc,phases      ] GC(279) Marking Phase 1467.278ms
[84.579s][info][gc,phases,start] GC(279) Summary Phase
[84.579s][info][gc,phases      ] GC(279) Summary Phase 0.068ms
[84.579s][info][gc,phases,start] GC(279) Adjust Roots
[84.579s][info][gc,phases      ] GC(279) Adjust Roots 0.179ms
[84.579s][info][gc,phases,start] GC(279) Compaction Phase
[85.095s][info][gc,phases      ] GC(279) Compaction Phase 516.041ms
[85.095s][info][gc,phases,start] GC(279) Post Compact
[85.105s][info][gc,phases      ] GC(279) Post Compact 9.660ms
[85.105s][info][gc,heap        ] GC(279) PSYoungGen: 59392K(344064K)->59392K(344064K) Eden: 59392K(59392K)->59392K(59392K) From: 0K(284672K)->0K(284672K)
[85.105s][info][gc,heap        ] GC(279) ParOldGen: 6485463K(6485504K)->6485463K(6485504K)
[85.105s][info][gc,metaspace   ] GC(279) Metaspace: 6302K(6464K)->6302K(6464K) NonClass: 5768K(5824K)->5768K(5824K) Class: 533K(640K)->533K(640K)
[85.105s][info][gc             ] GC(279) Pause Full (Ergonomics) 6391M->6391M(6669M) 1993.531ms
[85.105s][info][gc,cpu         ] GC(279) User=14.34s Sys=0.02s Real=1.99s
[85.105s][info][gc,start       ] GC(280) Pause Full (Ergonomics)
[85.105s][info][gc,phases,start] GC(280) Marking Phase
[86.590s][info][gc,phases      ] GC(280) Marking Phase 1484.595ms
[86.590s][info][gc,phases,start] GC(280) Summary Phase
[86.590s][info][gc,phases      ] GC(280) Summary Phase 0.092ms
[86.590s][info][gc,phases,start] GC(280) Adjust Roots
[86.590s][info][gc,phases      ] GC(280) Adjust Roots 0.226ms
[86.590s][info][gc,phases,start] GC(280) Compaction Phase
[87.088s][info][gc,phases      ] GC(280) Compaction Phase 497.665ms
[87.088s][info][gc,phases,start] GC(280) Post Compact
[87.098s][info][gc,phases      ] GC(280) Post Compact 9.571ms
[87.098s][info][gc,heap        ] GC(280) PSYoungGen: 59392K(344064K)->59392K(344064K) Eden: 59392K(59392K)->59392K(59392K) From: 0K(284672K)->0K(284672K)
[87.098s][info][gc,heap        ] GC(280) ParOldGen: 6485468K(6485504K)->6485468K(6485504K)
[87.098s][info][gc,metaspace   ] GC(280) Metaspace: 6302K(6464K)->6302K(6464K) NonClass: 5768K(5824K)->5768K(5824K) Class: 533K(640K)->533K(640K)
[87.098s][info][gc             ] GC(280) Pause Full (Ergonomics) 6391M->6391M(6669M) 1992.452ms
[87.098s][info][gc,cpu         ] GC(280) User=14.52s Sys=0.00s Real=1.99s
[87.098s][info][gc,start       ] GC(281) Pause Full (Ergonomics)
[87.098s][info][gc,phases,start] GC(281) Marking Phase
[88.565s][info][gc,phases      ] GC(281) Marking Phase 1467.302ms
[88.565s][info][gc,phases,start] GC(281) Summary Phase
[88.565s][info][gc,phases      ] GC(281) Summary Phase 0.076ms
[88.565s][info][gc,phases,start] GC(281) Adjust Roots
[88.566s][info][gc,phases      ] GC(281) Adjust Roots 0.241ms
[88.566s][info][gc,phases,start] GC(281) Compaction Phase
[89.059s][info][gc,phases      ] GC(281) Compaction Phase 493.799ms
[89.060s][info][gc,phases,start] GC(281) Post Compact
[89.069s][info][gc,phases      ] GC(281) Post Compact 9.566ms
[89.069s][info][gc,heap        ] GC(281) PSYoungGen: 59392K(344064K)->59392K(344064K) Eden: 59392K(59392K)->59392K(59392K) From: 0K(284672K)->0K(284672K)
[89.069s][info][gc,heap        ] GC(281) ParOldGen: 6485473K(6485504K)->6485473K(6485504K)
[89.069s][info][gc,metaspace   ] GC(281) Metaspace: 6302K(6464K)->6302K(6464K) NonClass: 5768K(5824K)->5768K(5824K) Class: 533K(640K)->533K(640K)
[89.069s][info][gc             ] GC(281) Pause Full (Ergonomics) 6391M->6391M(6669M) 1971.263ms
[89.069s][info][gc,cpu         ] GC(281) User=14.39s Sys=0.00s Real=1.97s
[89.069s][info][gc,start       ] GC(282) Pause Full (Ergonomics)
[89.069s][info][gc,phases,start] GC(282) Marking Phase
[90.579s][info][gc,phases      ] GC(282) Marking Phase 1509.617ms
[90.579s][info][gc,phases,start] GC(282) Summary Phase
[90.579s][info][gc,phases      ] GC(282) Summary Phase 0.067ms
[90.579s][info][gc,phases,start] GC(282) Adjust Roots
[90.579s][info][gc,phases      ] GC(282) Adjust Roots 0.165ms
[90.579s][info][gc,phases,start] GC(282) Compaction Phase
[91.092s][info][gc,phases      ] GC(282) Compaction Phase 512.648ms
[91.092s][info][gc,phases,start] GC(282) Post Compact
[91.102s][info][gc,phases      ] GC(282) Post Compact 9.638ms
[91.102s][info][gc,heap        ] GC(282) PSYoungGen: 59392K(344064K)->59392K(344064K) Eden: 59392K(59392K)->59392K(59392K) From: 0K(284672K)->0K(284672K)
[91.102s][info][gc,heap        ] GC(282) ParOldGen: 6485478K(6485504K)->6485478K(6485504K)
[91.102s][info][gc,metaspace   ] GC(282) Metaspace: 6302K(6464K)->6302K(6464K) NonClass: 5768K(5824K)->5768K(5824K) Class: 533K(640K)->533K(640K)
[91.102s][info][gc             ] GC(282) Pause Full (Ergonomics) 6391M->6391M(6669M) 2032.423ms
[91.102s][info][gc,cpu         ] GC(282) User=14.77s Sys=0.00s Real=2.03s
[91.102s][info][gc,start       ] GC(283) Pause Full (Ergonomics)
[91.102s][info][gc,phases,start] GC(283) Marking Phase
[92.601s][info][gc,phases      ] GC(283) Marking Phase 1498.765ms
[92.601s][info][gc,phases,start] GC(283) Summary Phase
[92.601s][info][gc,phases      ] GC(283) Summary Phase 0.066ms
[92.601s][info][gc,phases,start] GC(283) Adjust Roots
[92.601s][info][gc,phases      ] GC(283) Adjust Roots 0.166ms
[92.601s][info][gc,phases,start] GC(283) Compaction Phase
[93.118s][info][gc,phases      ] GC(283) Compaction Phase 516.621ms
[93.118s][info][gc,phases,start] GC(283) Post Compact
[93.127s][info][gc,phases      ] GC(283) Post Compact 9.615ms
[93.127s][info][gc,heap        ] GC(283) PSYoungGen: 59392K(344064K)->59392K(344064K) Eden: 59392K(59392K)->59392K(59392K) From: 0K(284672K)->0K(284672K)
[93.127s][info][gc,heap        ] GC(283) ParOldGen: 6485483K(6485504K)->6485483K(6485504K)
[93.127s][info][gc,metaspace   ] GC(283) Metaspace: 6302K(6464K)->6302K(6464K) NonClass: 5768K(5824K)->5768K(5824K) Class: 533K(640K)->533K(640K)
[93.128s][info][gc             ] GC(283) Pause Full (Ergonomics) 6391M->6391M(6669M) 2025.560ms
[93.128s][info][gc,cpu         ] GC(283) User=14.78s Sys=0.00s Real=2.03s
[93.128s][info][gc,start       ] GC(284) Pause Full (Ergonomics)
[93.128s][info][gc,phases,start] GC(284) Marking Phase
[94.634s][info][gc,phases      ] GC(284) Marking Phase 1506.393ms
[94.634s][info][gc,phases,start] GC(284) Summary Phase
[94.634s][info][gc,phases      ] GC(284) Summary Phase 0.067ms
[94.634s][info][gc,phases,start] GC(284) Adjust Roots
[94.634s][info][gc,phases      ] GC(284) Adjust Roots 0.168ms
[94.634s][info][gc,phases,start] GC(284) Compaction Phase
[95.135s][info][gc,phases      ] GC(284) Compaction Phase 500.939ms
[95.135s][info][gc,phases,start] GC(284) Post Compact
[95.145s][info][gc,phases      ] GC(284) Post Compact 9.569ms
[95.145s][info][gc,heap        ] GC(284) PSYoungGen: 59392K(344064K)->59392K(344064K) Eden: 59392K(59392K)->59392K(59392K) From: 0K(284672K)->0K(284672K)
[95.145s][info][gc,heap        ] GC(284) ParOldGen: 6485487K(6485504K)->6485487K(6485504K)
[95.145s][info][gc,metaspace   ] GC(284) Metaspace: 6302K(6464K)->6302K(6464K) NonClass: 5768K(5824K)->5768K(5824K) Class: 533K(640K)->533K(640K)
[95.145s][info][gc             ] GC(284) Pause Full (Ergonomics) 6391M->6391M(6669M) 2017.410ms
[95.145s][info][gc,cpu         ] GC(284) User=14.84s Sys=0.00s Real=2.02s
[95.145s][info][gc,start       ] GC(285) Pause Full (Ergonomics)
[95.145s][info][gc,phases,start] GC(285) Marking Phase
[96.631s][info][gc,phases      ] GC(285) Marking Phase 1486.037ms
[96.631s][info][gc,phases,start] GC(285) Summary Phase
[96.631s][info][gc,phases      ] GC(285) Summary Phase 0.072ms
[96.631s][info][gc,phases,start] GC(285) Adjust Roots
[96.632s][info][gc,phases      ] GC(285) Adjust Roots 0.165ms
[96.632s][info][gc,phases,start] GC(285) Compaction Phase
[97.152s][info][gc,phases      ] GC(285) Compaction Phase 520.499ms
[97.152s][info][gc,phases,start] GC(285) Post Compact
[97.162s][info][gc,phases      ] GC(285) Post Compact 9.633ms
[97.162s][info][gc,heap        ] GC(285) PSYoungGen: 59392K(344064K)->59392K(344064K) Eden: 59392K(59392K)->59392K(59392K) From: 0K(284672K)->0K(284672K)
[97.162s][info][gc,heap        ] GC(285) ParOldGen: 6485492K(6485504K)->6485492K(6485504K)
[97.162s][info][gc,metaspace   ] GC(285) Metaspace: 6302K(6464K)->6302K(6464K) NonClass: 5768K(5824K)->5768K(5824K) Class: 533K(640K)->533K(640K)
[97.162s][info][gc             ] GC(285) Pause Full (Ergonomics) 6391M->6391M(6669M) 2016.692ms
[97.162s][info][gc,cpu         ] GC(285) User=14.53s Sys=0.03s Real=2.02s
[97.162s][info][gc,start       ] GC(286) Pause Full (Ergonomics)
[97.162s][info][gc,phases,start] GC(286) Marking Phase
[98.642s][info][gc,phases      ] GC(286) Marking Phase 1479.722ms
[98.642s][info][gc,phases,start] GC(286) Summary Phase
[98.642s][info][gc,phases      ] GC(286) Summary Phase 0.068ms
[98.642s][info][gc,phases,start] GC(286) Adjust Roots
[98.642s][info][gc,phases      ] GC(286) Adjust Roots 0.168ms
[98.642s][info][gc,phases,start] GC(286) Compaction Phase
[99.155s][info][gc,phases      ] GC(286) Compaction Phase 513.038ms
[99.155s][info][gc,phases,start] GC(286) Post Compact
[99.165s][info][gc,phases      ] GC(286) Post Compact 9.451ms
[99.165s][info][gc,heap        ] GC(286) PSYoungGen: 59392K(344064K)->59392K(344064K) Eden: 59392K(59392K)->59392K(59392K) From: 0K(284672K)->0K(284672K)
[99.165s][info][gc,heap        ] GC(286) ParOldGen: 6485497K(6485504K)->6485497K(6485504K)
[99.165s][info][gc,metaspace   ] GC(286) Metaspace: 6302K(6464K)->6302K(6464K) NonClass: 5768K(5824K)->5768K(5824K) Class: 533K(640K)->533K(640K)
[99.165s][info][gc             ] GC(286) Pause Full (Ergonomics) 6391M->6391M(6669M) 2002.729ms
[99.165s][info][gc,cpu         ] GC(286) User=14.56s Sys=0.00s Real=2.00s
[99.165s][info][gc,start       ] GC(287) Pause Full (Ergonomics)
[99.165s][info][gc,phases,start] GC(287) Marking Phase
[100.628s][info][gc,phases      ] GC(287) Marking Phase 1463.290ms
[100.628s][info][gc,phases,start] GC(287) Summary Phase
[100.628s][info][gc,phases      ] GC(287) Summary Phase 0.068ms
[100.628s][info][gc,phases,start] GC(287) Adjust Roots
[100.629s][info][gc,phases      ] GC(287) Adjust Roots 0.171ms
[100.629s][info][gc,phases,start] GC(287) Compaction Phase
[101.128s][info][gc,phases      ] GC(287) Compaction Phase 499.238ms
[101.128s][info][gc,phases,start] GC(287) Post Compact
[101.138s][info][gc,phases      ] GC(287) Post Compact 9.535ms
[101.138s][info][gc,heap        ] GC(287) PSYoungGen: 59392K(344064K)->59392K(344064K) Eden: 59392K(59392K)->59392K(59392K) From: 0K(284672K)->0K(284672K)
[101.138s][info][gc,heap        ] GC(287) ParOldGen: 6485502K(6485504K)->6485502K(6485504K)
[101.138s][info][gc,metaspace   ] GC(287) Metaspace: 6302K(6464K)->6302K(6464K) NonClass: 5768K(5824K)->5768K(5824K) Class: 533K(640K)->533K(640K)
[101.138s][info][gc             ] GC(287) Pause Full (Ergonomics) 6391M->6391M(6669M) 1972.612ms
[101.138s][info][gc,cpu         ] GC(287) User=14.58s Sys=0.02s Real=1.97s
[101.138s][info][gc,start       ] GC(288) Pause Full (Ergonomics)
[101.138s][info][gc,phases,start] GC(288) Marking Phase
[102.631s][info][gc,phases      ] GC(288) Marking Phase 1493.530ms
[102.631s][info][gc,phases,start] GC(288) Summary Phase
[102.631s][info][gc,phases      ] GC(288) Summary Phase 0.066ms
[102.632s][info][gc,phases,start] GC(288) Adjust Roots
[102.632s][info][gc,phases      ] GC(288) Adjust Roots 0.180ms
[102.632s][info][gc,phases,start] GC(288) Compaction Phase
[103.142s][info][gc,phases      ] GC(288) Compaction Phase 510.666ms
[103.142s][info][gc,phases,start] GC(288) Post Compact
[103.152s][info][gc,phases      ] GC(288) Post Compact 9.674ms
[103.152s][info][gc,heap        ] GC(288) PSYoungGen: 59392K(344064K)->59392K(344064K) Eden: 59392K(59392K)->59392K(59392K) From: 0K(284672K)->0K(284672K)
[103.152s][info][gc,heap        ] GC(288) ParOldGen: 6485503K(6485504K)->6485503K(6485504K)
[103.152s][info][gc,metaspace   ] GC(288) Metaspace: 6302K(6464K)->6302K(6464K) NonClass: 5768K(5824K)->5768K(5824K) Class: 533K(640K)->533K(640K)
[103.152s][info][gc             ] GC(288) Pause Full (Ergonomics) 6391M->6391M(6669M) 2014.424ms
[103.152s][info][gc,cpu         ] GC(288) User=14.73s Sys=0.00s Real=2.01s
[103.152s][info][gc,start       ] GC(289) Pause Full (Allocation Failure)
[103.152s][info][gc,phases,start] GC(289) Marking Phase
[104.631s][info][gc,phases      ] GC(289) Marking Phase 1479.032ms
[104.631s][info][gc,phases,start] GC(289) Summary Phase
[104.631s][info][gc,phases      ] GC(289) Summary Phase 0.083ms
[104.631s][info][gc,phases,start] GC(289) Adjust Roots
[104.632s][info][gc,phases      ] GC(289) Adjust Roots 0.382ms
[104.632s][info][gc,phases,start] GC(289) Compaction Phase
[106.301s][info][gc,phases      ] GC(289) Compaction Phase 1668.795ms
[106.301s][info][gc,phases,start] GC(289) Post Compact
[106.310s][info][gc,phases      ] GC(289) Post Compact 9.584ms
[106.310s][info][gc,heap        ] GC(289) PSYoungGen: 59392K(344064K)->59392K(344064K) Eden: 59392K(59392K)->59392K(59392K) From: 0K(284672K)->0K(284672K)
[106.310s][info][gc,heap        ] GC(289) ParOldGen: 6485503K(6485504K)->6485499K(6485504K)
[106.310s][info][gc,metaspace   ] GC(289) Metaspace: 6302K(6464K)->6300K(6464K) NonClass: 5768K(5824K)->5767K(5824K) Class: 533K(640K)->532K(640K)
[106.310s][info][gc             ] GC(289) Pause Full (Allocation Failure) 6391M->6391M(6669M) 3158.178ms
[106.310s][info][gc,cpu         ] GC(289) User=23.67s Sys=0.03s Real=3.16s
[106.311s][info][gc,start       ] GC(290) Pause Full (Ergonomics)
[106.311s][info][gc,phases,start] GC(290) Marking Phase
[107.787s][info][gc,phases      ] GC(290) Marking Phase 1476.292ms
[107.787s][info][gc,phases,start] GC(290) Summary Phase
[107.787s][info][gc,phases      ] GC(290) Summary Phase 0.071ms
[107.787s][info][gc,phases,start] GC(290) Adjust Roots
[107.788s][info][gc,phases      ] GC(290) Adjust Roots 0.166ms
[107.788s][info][gc,phases,start] GC(290) Compaction Phase
[108.301s][info][gc,phases      ] GC(290) Compaction Phase 513.705ms
[108.301s][info][gc,phases,start] GC(290) Post Compact
[108.311s][info][gc,phases      ] GC(290) Post Compact 9.689ms
[108.311s][info][gc,heap        ] GC(290) PSYoungGen: 59392K(344064K)->59392K(344064K) Eden: 59392K(59392K)->59392K(59392K) From: 0K(284672K)->0K(284672K)
[108.311s][info][gc,heap        ] GC(290) ParOldGen: 6485502K(6485504K)->6485502K(6485504K)
[108.311s][info][gc,metaspace   ] GC(290) Metaspace: 6300K(6464K)->6300K(6464K) NonClass: 5767K(5824K)->5767K(5824K) Class: 532K(640K)->532K(640K)
[108.311s][info][gc             ] GC(290) Pause Full (Ergonomics) 6391M->6391M(6669M) 2000.258ms
[108.311s][info][gc,cpu         ] GC(290) User=14.69s Sys=0.02s Real=2.00s
[108.311s][info][gc,start       ] GC(291) Pause Full (Ergonomics)
[108.312s][info][gc,phases,start] GC(291) Marking Phase
[109.811s][info][gc,phases      ] GC(291) Marking Phase 1499.885ms
[109.811s][info][gc,phases,start] GC(291) Summary Phase
[109.812s][info][gc,phases      ] GC(291) Summary Phase 0.070ms
[109.812s][info][gc,phases,start] GC(291) Adjust Roots
[109.812s][info][gc,phases      ] GC(291) Adjust Roots 0.195ms
[109.812s][info][gc,phases,start] GC(291) Compaction Phase
[110.310s][info][gc,phases      ] GC(291) Compaction Phase 498.200ms
[110.310s][info][gc,phases,start] GC(291) Post Compact
[110.320s][info][gc,phases      ] GC(291) Post Compact 9.584ms
[110.320s][info][gc,heap        ] GC(291) PSYoungGen: 59392K(344064K)->59392K(344064K) Eden: 59392K(59392K)->59392K(59392K) From: 0K(284672K)->0K(284672K)
[110.320s][info][gc,heap        ] GC(291) ParOldGen: 6485503K(6485504K)->6485503K(6485504K)
[110.320s][info][gc,metaspace   ] GC(291) Metaspace: 6300K(6464K)->6300K(6464K) NonClass: 5767K(5824K)->5767K(5824K) Class: 532K(640K)->532K(640K)
[110.320s][info][gc             ] GC(291) Pause Full (Ergonomics) 6391M->6391M(6669M) 2008.239ms
[110.320s][info][gc,cpu         ] GC(291) User=14.62s Sys=0.00s Real=2.01s
[110.320s][info][gc,start       ] GC(292) Pause Full (Allocation Failure)
[110.320s][info][gc,phases,start] GC(292) Marking Phase
[111.820s][info][gc,phases      ] GC(292) Marking Phase 1499.799ms
[111.820s][info][gc,phases,start] GC(292) Summary Phase
[111.820s][info][gc,phases      ] GC(292) Summary Phase 0.069ms
[111.820s][info][gc,phases,start] GC(292) Adjust Roots
[111.820s][info][gc,phases      ] GC(292) Adjust Roots 0.172ms
[111.820s][info][gc,phases,start] GC(292) Compaction Phase
[112.323s][info][gc,phases      ] GC(292) Compaction Phase 502.534ms
[112.323s][info][gc,phases,start] GC(292) Post Compact
[112.333s][info][gc,phases      ] GC(292) Post Compact 10.027ms
[112.333s][info][gc,heap        ] GC(292) PSYoungGen: 59392K(344064K)->59392K(344064K) Eden: 59392K(59392K)->59392K(59392K) From: 0K(284672K)->0K(284672K)
[112.333s][info][gc,heap        ] GC(292) ParOldGen: 6485503K(6485504K)->6485503K(6485504K)
[112.333s][info][gc,metaspace   ] GC(292) Metaspace: 6300K(6464K)->6300K(6464K) NonClass: 5767K(5824K)->5767K(5824K) Class: 532K(640K)->532K(640K)
[112.333s][info][gc             ] GC(292) Pause Full (Allocation Failure) 6391M->6391M(6669M) 2012.887ms
[112.333s][info][gc,cpu         ] GC(292) User=14.88s Sys=0.00s Real=2.01s
[112.333s][info][gc,start       ] GC(293) Pause Full (Ergonomics)
[112.333s][info][gc,phases,start] GC(293) Marking Phase
[113.829s][info][gc,phases      ] GC(293) Marking Phase 1495.905ms
[113.829s][info][gc,phases,start] GC(293) Summary Phase
[113.829s][info][gc,phases      ] GC(293) Summary Phase 0.075ms
[113.829s][info][gc,phases,start] GC(293) Adjust Roots
[113.829s][info][gc,phases      ] GC(293) Adjust Roots 0.288ms
[113.829s][info][gc,phases,start] GC(293) Compaction Phase
[115.521s][info][gc,phases      ] GC(293) Compaction Phase 1691.555ms
[115.521s][info][gc,phases,start] GC(293) Post Compact
[115.531s][info][gc,phases      ] GC(293) Post Compact 9.825ms
[115.531s][info][gc,heap        ] GC(293) PSYoungGen: 59392K(344064K)->59392K(344064K) Eden: 59392K(59392K)->59392K(59392K) From: 0K(284672K)->0K(284672K)
[115.531s][info][gc,heap        ] GC(293) ParOldGen: 6485503K(6485504K)->6485502K(6485504K)
[115.531s][info][gc,metaspace   ] GC(293) Metaspace: 6300K(6464K)->6300K(6464K) NonClass: 5767K(5824K)->5767K(5824K) Class: 532K(640K)->532K(640K)
[115.531s][info][gc             ] GC(293) Pause Full (Ergonomics) 6391M->6391M(6669M) 3197.996ms
[115.531s][info][gc,cpu         ] GC(293) User=23.55s Sys=0.00s Real=3.20s
[115.532s][info][gc,start       ] GC(294) Pause Full (Ergonomics)
[115.532s][info][gc,phases,start] GC(294) Marking Phase
[117.001s][info][gc,phases      ] GC(294) Marking Phase 1468.688ms
[117.001s][info][gc,phases,start] GC(294) Summary Phase
[117.001s][info][gc,phases      ] GC(294) Summary Phase 0.069ms
[117.001s][info][gc,phases,start] GC(294) Adjust Roots
[117.001s][info][gc,phases      ] GC(294) Adjust Roots 0.262ms
[117.001s][info][gc,phases,start] GC(294) Compaction Phase
[118.702s][info][gc,phases      ] GC(294) Compaction Phase 1700.263ms
[118.702s][info][gc,phases,start] GC(294) Post Compact
[118.712s][info][gc,phases      ] GC(294) Post Compact 9.834ms
[118.712s][info][gc,heap        ] GC(294) PSYoungGen: 59392K(344064K)->59392K(344064K) Eden: 59392K(59392K)->59392K(59392K) From: 0K(284672K)->0K(284672K)
[118.712s][info][gc,heap        ] GC(294) ParOldGen: 6485503K(6485504K)->6485501K(6485504K)
[118.712s][info][gc,metaspace   ] GC(294) Metaspace: 6302K(6528K)->6302K(6528K) NonClass: 5768K(5888K)->5768K(5888K) Class: 533K(640K)->533K(640K)
[118.712s][info][gc             ] GC(294) Pause Full (Ergonomics) 6391M->6391M(6669M) 3179.479ms
[118.712s][info][gc,cpu         ] GC(294) User=23.58s Sys=0.00s Real=3.18s
[118.712s][info][gc,heap,exit   ] Heap
[118.712s][info][gc,heap,exit   ]  PSYoungGen      total 344064K, used 59392K [0x000000073a180000, 0x0000000760f80000, 0x0000000800000000)
[118.712s][info][gc,heap,exit   ]   eden space 59392K, 100% used [0x000000073a180000,0x000000073db80000,0x000000073db80000)
[118.712s][info][gc,heap,exit   ]   from space 284672K, 0% used [0x000000074f180000,0x000000074f180000,0x0000000760780000)
[118.712s][info][gc,heap,exit   ]   to   space 284672K, 0% used [0x000000073db80000,0x000000073db80000,0x000000074f180000)
[118.712s][info][gc,heap,exit   ]  ParOldGen       total 6485504K, used 6485502K [0x00000005ae400000, 0x000000073a180000, 0x000000073a180000)
[118.712s][info][gc,heap,exit   ]   object space 6485504K, 99% used [0x00000005ae400000,0x000000073a17f800,0x000000073a180000)
[118.712s][info][gc,heap,exit   ]  Metaspace       used 6305K, committed 6528K, reserved 1114112K
[118.712s][info][gc,heap,exit   ]   class space    used 534K, committed 640K, reserved 1048576K
