[0.012s][info][gc,init] CardTable entry size: 512
[0.012s][info][gc     ] Using Parallel
[0.013s][info][gc,init] Version: 18.0.1+10 (release)
[0.013s][info][gc,init] CPUs: 8 total, 8 available
[0.013s][info][gc,init] Memory: 16063M
[0.013s][info][gc,init] Large Page Support: Disabled
[0.013s][info][gc,init] NUMA Support: Disabled
[0.013s][info][gc,init] Compressed Oops: Enabled (Zero based)
[0.013s][info][gc,init] Alignments: Space 512K, Generation 512K, Heap 2M
[0.013s][info][gc,init] Heap Min Capacity: 2M
[0.013s][info][gc,init] Heap Initial Capacity: 2M
[0.013s][info][gc,init] Heap Max Capacity: 5400M
[0.014s][info][gc,init] Pre-touch: Disabled
[0.014s][info][gc,init] Parallel Workers: 8
[0.014s][info][gc,metaspace] CDS archive(s) not mapped
[0.014s][info][gc,metaspace] Compressed class space mapped at: 0x0000000800000000-0x0000000840000000, reserved size: 1073741824
[0.014s][info][gc,metaspace] Narrow klass base: 0x0000000800000000, Narrow klass shift: 0, Narrow klass range: 0x40000000
[0.111s][info][gc,start    ] GC(0) Pause Young (Allocation Failure)
[0.112s][info][gc,heap     ] GC(0) PSYoungGen: 512K(1024K)->480K(1024K) Eden: 512K(512K)->0K(512K) From: 0K(512K)->480K(512K)
[0.112s][info][gc,heap     ] GC(0) ParOldGen: 0K(512K)->8K(512K)
[0.112s][info][gc,metaspace] GC(0) Metaspace: 4228K(4352K)->4228K(4352K) NonClass: 3907K(3968K)->3907K(3968K) Class: 321K(384K)->321K(384K)
[0.112s][info][gc          ] GC(0) Pause Young (Allocation Failure) 0M->0M(1M) 1.556ms
[0.112s][info][gc,cpu      ] GC(0) User=0.00s Sys=0.00s Real=0.00s
[0.185s][info][gc,start    ] GC(1) Pause Young (Allocation Failure)
[0.186s][info][gc,heap     ] GC(1) PSYoungGen: 991K(1024K)->512K(1536K) Eden: 511K(512K)->0K(1024K) From: 480K(512K)->512K(512K)
[0.186s][info][gc,heap     ] GC(1) ParOldGen: 8K(512K)->88K(512K)
[0.186s][info][gc,metaspace] GC(1) Metaspace: 5879K(6016K)->5879K(6016K) NonClass: 5383K(5504K)->5383K(5504K) Class: 496K(512K)->496K(512K)
[0.186s][info][gc          ] GC(1) Pause Young (Allocation Failure) 0M->0M(2M) 1.133ms
[0.186s][info][gc,cpu      ] GC(1) User=0.00s Sys=0.00s Real=0.00s
[0.206s][info][gc,start    ] GC(2) Pause Young (Allocation Failure)
[0.208s][info][gc,heap     ] GC(2) PSYoungGen: 1536K(1536K)->512K(1536K) Eden: 1024K(1024K)->0K(1024K) From: 512K(512K)->512K(512K)
[0.208s][info][gc,heap     ] GC(2) ParOldGen: 88K(512K)->504K(512K)
[0.208s][info][gc,metaspace] GC(2) Metaspace: 6299K(6464K)->6299K(6464K) NonClass: 5766K(5824K)->5766K(5824K) Class: 533K(640K)->533K(640K)
[0.208s][info][gc          ] GC(2) Pause Young (Allocation Failure) 1M->0M(2M) 1.446ms
[0.208s][info][gc,cpu      ] GC(2) User=0.00s Sys=0.00s Real=0.00s
[0.208s][info][gc,start    ] GC(3) Pause Full (Ergonomics)
[0.208s][info][gc,phases,start] GC(3) Marking Phase
[0.209s][info][gc,phases      ] GC(3) Marking Phase 1.071ms
[0.209s][info][gc,phases,start] GC(3) Summary Phase
[0.209s][info][gc,phases      ] GC(3) Summary Phase 0.013ms
[0.209s][info][gc,phases,start] GC(3) Adjust Roots
[0.209s][info][gc,phases      ] GC(3) Adjust Roots 0.328ms
[0.209s][info][gc,phases,start] GC(3) Compaction Phase
[0.211s][info][gc,phases      ] GC(3) Compaction Phase 1.499ms
[0.211s][info][gc,phases,start] GC(3) Post Compact
[0.211s][info][gc,phases      ] GC(3) Post Compact 0.063ms
[0.211s][info][gc,heap        ] GC(3) PSYoungGen: 512K(1536K)->509K(1536K) Eden: 0K(1024K)->0K(1024K) From: 512K(512K)->509K(512K)
[0.211s][info][gc,heap        ] GC(3) ParOldGen: 504K(512K)->471K(2048K)
[0.211s][info][gc,metaspace   ] GC(3) Metaspace: 6299K(6464K)->6299K(6464K) NonClass: 5766K(5824K)->5766K(5824K) Class: 533K(640K)->533K(640K)
[0.211s][info][gc             ] GC(3) Pause Full (Ergonomics) 0M->0M(3M) 3.192ms
[0.211s][info][gc,cpu         ] GC(3) User=0.00s Sys=0.00s Real=0.00s
[0.213s][info][gc,start       ] GC(4) Pause Young (Allocation Failure)
[0.214s][info][gc,heap        ] GC(4) PSYoungGen: 1533K(1536K)->480K(2560K) Eden: 1024K(1024K)->0K(2048K) From: 509K(512K)->480K(512K)
[0.214s][info][gc,heap        ] GC(4) ParOldGen: 471K(2048K)->1036K(2048K)
[0.214s][info][gc,metaspace   ] GC(4) Metaspace: 6299K(6464K)->6299K(6464K) NonClass: 5766K(5824K)->5766K(5824K) Class: 533K(640K)->533K(640K)
[0.214s][info][gc             ] GC(4) Pause Young (Allocation Failure) 1M->1M(4M) 1.322ms
[0.214s][info][gc,cpu         ] GC(4) User=0.00s Sys=0.00s Real=0.00s
[0.217s][info][gc,start       ] GC(5) Pause Young (Allocation Failure)
[0.219s][info][gc,heap        ] GC(5) PSYoungGen: 2528K(2560K)->480K(2560K) Eden: 2048K(2048K)->0K(2048K) From: 480K(512K)->480K(512K)
[0.219s][info][gc,heap        ] GC(5) ParOldGen: 1036K(2048K)->2108K(2560K)
[0.219s][info][gc,metaspace   ] GC(5) Metaspace: 6299K(6464K)->6299K(6464K) NonClass: 5766K(5824K)->5766K(5824K) Class: 533K(640K)->533K(640K)
[0.219s][info][gc             ] GC(5) Pause Young (Allocation Failure) 3M->2M(5M) 1.934ms
[0.219s][info][gc,cpu         ] GC(5) User=0.00s Sys=0.00s Real=0.00s
[0.219s][info][gc,start       ] GC(6) Pause Full (Ergonomics)
[0.219s][info][gc,phases,start] GC(6) Marking Phase
[0.221s][info][gc,phases      ] GC(6) Marking Phase 1.651ms
[0.221s][info][gc,phases,start] GC(6) Summary Phase
[0.221s][info][gc,phases      ] GC(6) Summary Phase 0.015ms
[0.221s][info][gc,phases,start] GC(6) Adjust Roots
[0.221s][info][gc,phases      ] GC(6) Adjust Roots 0.389ms
[0.221s][info][gc,phases,start] GC(6) Compaction Phase
[0.224s][info][gc,phases      ] GC(6) Compaction Phase 2.610ms
[0.224s][info][gc,phases,start] GC(6) Post Compact
[0.224s][info][gc,phases      ] GC(6) Post Compact 0.036ms
[0.224s][info][gc,heap        ] GC(6) PSYoungGen: 480K(2560K)->0K(4096K) Eden: 0K(2048K)->0K(3072K) From: 480K(512K)->0K(1024K)
[0.224s][info][gc,heap        ] GC(6) ParOldGen: 2108K(2560K)->2542K(6144K)
[0.224s][info][gc,metaspace   ] GC(6) Metaspace: 6299K(6464K)->6299K(6464K) NonClass: 5766K(5824K)->5766K(5824K) Class: 533K(640K)->533K(640K)
[0.224s][info][gc             ] GC(6) Pause Full (Ergonomics) 2M->2M(10M) 5.070ms
[0.224s][info][gc,cpu         ] GC(6) User=0.00s Sys=0.00s Real=0.00s
[0.229s][info][gc,start       ] GC(7) Pause Young (Allocation Failure)
[0.231s][info][gc,heap        ] GC(7) PSYoungGen: 3072K(4096K)->1696K(5120K) Eden: 3072K(3072K)->0K(3072K) From: 0K(1024K)->1696K(2048K)
[0.231s][info][gc,heap        ] GC(7) ParOldGen: 2542K(6144K)->2542K(6144K)
[0.231s][info][gc,metaspace   ] GC(7) Metaspace: 6299K(6464K)->6299K(6464K) NonClass: 5766K(5824K)->5766K(5824K) Class: 533K(640K)->533K(640K)
[0.231s][info][gc             ] GC(7) Pause Young (Allocation Failure) 5M->4M(11M) 1.850ms
[0.231s][info][gc,cpu         ] GC(7) User=0.00s Sys=0.00s Real=0.00s
[0.235s][info][gc,start       ] GC(8) Pause Young (Allocation Failure)
[0.238s][info][gc,heap        ] GC(8) PSYoungGen: 4768K(5120K)->2016K(5632K) Eden: 3072K(3072K)->0K(3584K) From: 1696K(2048K)->2016K(2048K)
[0.238s][info][gc,heap        ] GC(8) ParOldGen: 2542K(6144K)->3774K(6144K)
[0.238s][info][gc,metaspace   ] GC(8) Metaspace: 6299K(6464K)->6299K(6464K) NonClass: 5766K(5824K)->5766K(5824K) Class: 533K(640K)->533K(640K)
[0.238s][info][gc             ] GC(8) Pause Young (Allocation Failure) 7M->5M(11M) 2.998ms
[0.238s][info][gc,cpu         ] GC(8) User=0.00s Sys=0.00s Real=0.00s
[0.243s][info][gc,start       ] GC(9) Pause Young (Allocation Failure)
[0.246s][info][gc,heap        ] GC(9) PSYoungGen: 5600K(5632K)->3040K(6656K) Eden: 3584K(3584K)->0K(3584K) From: 2016K(2048K)->3040K(3072K)
[0.246s][info][gc,heap        ] GC(9) ParOldGen: 3774K(6144K)->4606K(6144K)
[0.246s][info][gc,metaspace   ] GC(9) Metaspace: 6299K(6464K)->6299K(6464K) NonClass: 5766K(5824K)->5766K(5824K) Class: 533K(640K)->533K(640K)
[0.246s][info][gc             ] GC(9) Pause Young (Allocation Failure) 9M->7M(12M) 3.445ms
[0.246s][info][gc,cpu         ] GC(9) User=0.00s Sys=0.00s Real=0.00s
[0.250s][info][gc,start       ] GC(10) Pause Young (Allocation Failure)
[0.254s][info][gc,heap        ] GC(10) PSYoungGen: 6624K(6656K)->4064K(8704K) Eden: 3584K(3584K)->0K(4608K) From: 3040K(3072K)->4064K(4096K)
[0.254s][info][gc,heap        ] GC(10) ParOldGen: 4606K(6144K)->5454K(6144K)
[0.254s][info][gc,metaspace   ] GC(10) Metaspace: 6299K(6464K)->6299K(6464K) NonClass: 5766K(5824K)->5766K(5824K) Class: 533K(640K)->533K(640K)
[0.254s][info][gc             ] GC(10) Pause Young (Allocation Failure) 10M->9M(14M) 3.745ms
[0.254s][info][gc,cpu         ] GC(10) User=0.00s Sys=0.00s Real=0.00s
[0.254s][info][gc,start       ] GC(11) Pause Full (Ergonomics)
[0.254s][info][gc,phases,start] GC(11) Marking Phase
[0.259s][info][gc,phases      ] GC(11) Marking Phase 4.909ms
[0.259s][info][gc,phases,start] GC(11) Summary Phase
[0.259s][info][gc,phases      ] GC(11) Summary Phase 0.019ms
[0.259s][info][gc,phases,start] GC(11) Adjust Roots
[0.259s][info][gc,phases      ] GC(11) Adjust Roots 0.271ms
[0.259s][info][gc,phases,start] GC(11) Compaction Phase
[0.266s][info][gc,phases      ] GC(11) Compaction Phase 6.408ms
[0.266s][info][gc,phases,start] GC(11) Post Compact
[0.266s][info][gc,phases      ] GC(11) Post Compact 0.042ms
[0.266s][info][gc,heap        ] GC(11) PSYoungGen: 4064K(8704K)->3545K(8704K) Eden: 0K(4608K)->0K(4608K) From: 4064K(4096K)->3545K(4096K)
[0.266s][info][gc,heap        ] GC(11) ParOldGen: 5454K(6144K)->5831K(10752K)
[0.266s][info][gc,metaspace   ] GC(11) Metaspace: 6299K(6464K)->6299K(6464K) NonClass: 5766K(5824K)->5766K(5824K) Class: 533K(640K)->533K(640K)
[0.266s][info][gc             ] GC(11) Pause Full (Ergonomics) 9M->9M(19M) 11.947ms
[0.266s][info][gc,cpu         ] GC(11) User=0.00s Sys=0.00s Real=0.01s
[0.272s][info][gc,start       ] GC(12) Pause Young (Allocation Failure)
[0.275s][info][gc,heap        ] GC(12) PSYoungGen: 8013K(8704K)->5088K(9728K) Eden: 4468K(4608K)->0K(4608K) From: 3545K(4096K)->5088K(5120K)
[0.275s][info][gc,heap        ] GC(12) ParOldGen: 5831K(10752K)->6615K(10752K)
[0.276s][info][gc,metaspace   ] GC(12) Metaspace: 6299K(6464K)->6299K(6464K) NonClass: 5766K(5824K)->5766K(5824K) Class: 533K(640K)->533K(640K)
[0.276s][info][gc             ] GC(12) Pause Young (Allocation Failure) 13M->11M(20M) 3.828ms
[0.276s][info][gc,cpu         ] GC(12) User=0.00s Sys=0.00s Real=0.00s
[0.281s][info][gc,start       ] GC(13) Pause Young (Allocation Failure)
[0.287s][info][gc,heap        ] GC(13) PSYoungGen: 9696K(9728K)->6112K(11264K) Eden: 4608K(4608K)->0K(5120K) From: 5088K(5120K)->6112K(6144K)
[0.287s][info][gc,heap        ] GC(13) ParOldGen: 6615K(10752K)->7983K(10752K)
[0.287s][info][gc,metaspace   ] GC(13) Metaspace: 6299K(6464K)->6299K(6464K) NonClass: 5766K(5824K)->5766K(5824K) Class: 533K(640K)->533K(640K)
[0.287s][info][gc             ] GC(13) Pause Young (Allocation Failure) 15M->13M(21M) 5.829ms
[0.287s][info][gc,cpu         ] GC(13) User=0.00s Sys=0.00s Real=0.01s
[0.291s][info][gc,start       ] GC(14) Pause Young (Allocation Failure)
[0.297s][info][gc,heap        ] GC(14) PSYoungGen: 11232K(11264K)->5248K(12800K) Eden: 5120K(5120K)->0K(5120K) From: 6112K(6144K)->5248K(7680K)
[0.297s][info][gc,heap        ] GC(14) ParOldGen: 7983K(10752K)->11575K(11776K)
[0.297s][info][gc,metaspace   ] GC(14) Metaspace: 6301K(6464K)->6301K(6464K) NonClass: 5768K(5824K)->5768K(5824K) Class: 533K(640K)->533K(640K)
[0.297s][info][gc             ] GC(14) Pause Young (Allocation Failure) 18M->16M(24M) 5.679ms
[0.297s][info][gc,cpu         ] GC(14) User=0.00s Sys=0.00s Real=0.00s
[0.297s][info][gc,start       ] GC(15) Pause Full (Ergonomics)
[0.297s][info][gc,phases,start] GC(15) Marking Phase
[0.304s][info][gc,phases      ] GC(15) Marking Phase 7.304ms
[0.304s][info][gc,phases,start] GC(15) Summary Phase
[0.304s][info][gc,phases      ] GC(15) Summary Phase 0.017ms
[0.304s][info][gc,phases,start] GC(15) Adjust Roots
[0.305s][info][gc,phases      ] GC(15) Adjust Roots 0.209ms
[0.305s][info][gc,phases,start] GC(15) Compaction Phase
[0.311s][info][gc,phases      ] GC(15) Compaction Phase 6.685ms
[0.311s][info][gc,phases,start] GC(15) Post Compact
[0.311s][info][gc,phases      ] GC(15) Post Compact 0.086ms
[0.312s][info][gc,heap        ] GC(15) PSYoungGen: 5248K(12800K)->5189K(12800K) Eden: 0K(5120K)->0K(5120K) From: 5248K(7680K)->5189K(7680K)
[0.312s][info][gc,heap        ] GC(15) ParOldGen: 11575K(11776K)->11461K(18432K)
[0.312s][info][gc,metaspace   ] GC(15) Metaspace: 6301K(6464K)->6301K(6464K) NonClass: 5768K(5824K)->5768K(5824K) Class: 533K(640K)->533K(640K)
[0.312s][info][gc             ] GC(15) Pause Full (Ergonomics) 16M->16M(30M) 14.630ms
[0.312s][info][gc,cpu         ] GC(15) User=0.00s Sys=0.00s Real=0.02s
[0.315s][info][gc,start       ] GC(16) Pause Young (Allocation Failure)
[0.321s][info][gc,heap        ] GC(16) PSYoungGen: 10309K(12800K)->2656K(14336K) Eden: 5120K(5120K)->0K(7168K) From: 5189K(7680K)->2656K(7168K)
[0.321s][info][gc,heap        ] GC(16) ParOldGen: 11461K(18432K)->16733K(18432K)
[0.321s][info][gc,metaspace   ] GC(16) Metaspace: 6301K(6464K)->6301K(6464K) NonClass: 5768K(5824K)->5768K(5824K) Class: 533K(640K)->533K(640K)
[0.321s][info][gc             ] GC(16) Pause Young (Allocation Failure) 21M->18M(32M) 6.215ms
[0.321s][info][gc,cpu         ] GC(16) User=0.00s Sys=0.00s Real=0.01s
[0.321s][info][gc,start       ] GC(17) Pause Full (Ergonomics)
[0.321s][info][gc,phases,start] GC(17) Marking Phase
[0.330s][info][gc,phases      ] GC(17) Marking Phase 9.182ms
[0.330s][info][gc,phases,start] GC(17) Summary Phase
[0.330s][info][gc,phases      ] GC(17) Summary Phase 0.020ms
[0.330s][info][gc,phases,start] GC(17) Adjust Roots
[0.331s][info][gc,phases      ] GC(17) Adjust Roots 0.209ms
[0.331s][info][gc,phases,start] GC(17) Compaction Phase
[0.336s][info][gc,phases      ] GC(17) Compaction Phase 5.700ms
[0.336s][info][gc,phases,start] GC(17) Post Compact
[0.336s][info][gc,phases      ] GC(17) Post Compact 0.085ms
[0.337s][info][gc,heap        ] GC(17) PSYoungGen: 2656K(14336K)->1105K(14848K) Eden: 0K(7168K)->0K(7680K) From: 2656K(7168K)->1105K(7168K)
[0.337s][info][gc,heap        ] GC(17) ParOldGen: 16733K(18432K)->18183K(27648K)
[0.337s][info][gc,metaspace   ] GC(17) Metaspace: 6301K(6464K)->6301K(6464K) NonClass: 5768K(5824K)->5768K(5824K) Class: 533K(640K)->533K(640K)
[0.337s][info][gc             ] GC(17) Pause Full (Ergonomics) 18M->18M(41M) 15.518ms
[0.337s][info][gc,cpu         ] GC(17) User=0.00s Sys=0.00s Real=0.02s
[0.341s][info][gc,start       ] GC(18) Pause Young (Allocation Failure)
[0.345s][info][gc,heap        ] GC(18) PSYoungGen: 7799K(14848K)->3424K(15360K) Eden: 6694K(7680K)->0K(7680K) From: 1105K(7168K)->3424K(7680K)
[0.345s][info][gc,heap        ] GC(18) ParOldGen: 18183K(27648K)->19319K(27648K)
[0.345s][info][gc,metaspace   ] GC(18) Metaspace: 6301K(6464K)->6301K(6464K) NonClass: 5768K(5824K)->5768K(5824K) Class: 533K(640K)->533K(640K)
[0.345s][info][gc             ] GC(18) Pause Young (Allocation Failure) 25M->22M(42M) 4.519ms
[0.345s][info][gc,cpu         ] GC(18) User=0.00s Sys=0.00s Real=0.00s
[0.353s][info][gc,start       ] GC(19) Pause Young (Allocation Failure)
[0.361s][info][gc,heap        ] GC(19) PSYoungGen: 11103K(15360K)->7648K(16896K) Eden: 7679K(7680K)->0K(9216K) From: 3424K(7680K)->7648K(7680K)
[0.361s][info][gc,heap        ] GC(19) ParOldGen: 19319K(27648K)->19551K(27648K)
[0.361s][info][gc,metaspace   ] GC(19) Metaspace: 6301K(6464K)->6301K(6464K) NonClass: 5768K(5824K)->5768K(5824K) Class: 533K(640K)->533K(640K)
[0.361s][info][gc             ] GC(19) Pause Young (Allocation Failure) 29M->26M(43M) 7.965ms
[0.361s][info][gc,cpu         ] GC(19) User=0.00s Sys=0.00s Real=0.01s
[0.367s][info][gc,start       ] GC(20) Pause Young (Allocation Failure)
[0.377s][info][gc,heap        ] GC(20) PSYoungGen: 16864K(16896K)->4800K(17920K) Eden: 9216K(9216K)->0K(9216K) From: 7648K(7680K)->4800K(8704K)
[0.377s][info][gc,heap        ] GC(20) ParOldGen: 19551K(27648K)->27303K(27648K)
[0.377s][info][gc,metaspace   ] GC(20) Metaspace: 6301K(6464K)->6301K(6464K) NonClass: 5768K(5824K)->5768K(5824K) Class: 533K(640K)->533K(640K)
[0.377s][info][gc             ] GC(20) Pause Young (Allocation Failure) 35M->31M(44M) 10.177ms
[0.377s][info][gc,cpu         ] GC(20) User=0.00s Sys=0.00s Real=0.01s
[0.377s][info][gc,start       ] GC(21) Pause Full (Ergonomics)
[0.377s][info][gc,phases,start] GC(21) Marking Phase
[0.390s][info][gc,phases      ] GC(21) Marking Phase 12.440ms
[0.390s][info][gc,phases,start] GC(21) Summary Phase
[0.390s][info][gc,phases      ] GC(21) Summary Phase 0.015ms
[0.390s][info][gc,phases,start] GC(21) Adjust Roots
[0.390s][info][gc,phases      ] GC(21) Adjust Roots 0.181ms
[0.390s][info][gc,phases,start] GC(21) Compaction Phase
[0.401s][info][gc,phases      ] GC(21) Compaction Phase 11.156ms
[0.401s][info][gc,phases,start] GC(21) Post Compact
[0.401s][info][gc,phases      ] GC(21) Post Compact 0.107ms
[0.402s][info][gc,heap        ] GC(21) PSYoungGen: 4800K(17920K)->4249K(17920K) Eden: 0K(9216K)->0K(9216K) From: 4800K(8704K)->4249K(8704K)
[0.402s][info][gc,heap        ] GC(21) ParOldGen: 27303K(27648K)->27140K(39424K)
[0.402s][info][gc,metaspace   ] GC(21) Metaspace: 6301K(6464K)->6301K(6464K) NonClass: 5768K(5824K)->5768K(5824K) Class: 533K(640K)->533K(640K)
[0.402s][info][gc             ] GC(21) Pause Full (Ergonomics) 31M->30M(56M) 24.353ms
[0.402s][info][gc,cpu         ] GC(21) User=0.00s Sys=0.00s Real=0.02s
[0.408s][info][gc,start       ] GC(22) Pause Young (Allocation Failure)
[0.416s][info][gc,heap        ] GC(22) PSYoungGen: 13465K(17920K)->4800K(20480K) Eden: 9216K(9216K)->0K(11776K) From: 4249K(8704K)->4800K(8704K)
[0.416s][info][gc,heap        ] GC(22) ParOldGen: 27140K(39424K)->31468K(39424K)
[0.416s][info][gc,metaspace   ] GC(22) Metaspace: 6301K(6464K)->6301K(6464K) NonClass: 5768K(5824K)->5768K(5824K) Class: 533K(640K)->533K(640K)
[0.416s][info][gc             ] GC(22) Pause Young (Allocation Failure) 39M->35M(58M) 8.096ms
[0.416s][info][gc,cpu         ] GC(22) User=0.00s Sys=0.00s Real=0.01s
[0.432s][info][gc,start       ] GC(23) Pause Young (Allocation Failure)
[0.444s][info][gc,heap        ] GC(23) PSYoungGen: 16576K(20480K)->8672K(20480K) Eden: 11776K(11776K)->0K(11776K) From: 4800K(8704K)->8672K(8704K)
[0.444s][info][gc,heap        ] GC(23) ParOldGen: 31468K(39424K)->38964K(39424K)
[0.444s][info][gc,metaspace   ] GC(23) Metaspace: 6301K(6464K)->6301K(6464K) NonClass: 5768K(5824K)->5768K(5824K) Class: 533K(640K)->533K(640K)
[0.444s][info][gc             ] GC(23) Pause Young (Allocation Failure) 46M->46M(58M) 11.610ms
[0.444s][info][gc,cpu         ] GC(23) User=0.00s Sys=0.00s Real=0.01s
[0.444s][info][gc,start       ] GC(24) Pause Full (Ergonomics)
[0.444s][info][gc,phases,start] GC(24) Marking Phase
[0.462s][info][gc,phases      ] GC(24) Marking Phase 18.301ms
[0.462s][info][gc,phases,start] GC(24) Summary Phase
[0.462s][info][gc,phases      ] GC(24) Summary Phase 0.019ms
[0.462s][info][gc,phases,start] GC(24) Adjust Roots
[0.462s][info][gc,phases      ] GC(24) Adjust Roots 0.164ms
[0.462s][info][gc,phases,start] GC(24) Compaction Phase
[0.477s][info][gc,phases      ] GC(24) Compaction Phase 14.636ms
[0.477s][info][gc,phases,start] GC(24) Post Compact
[0.477s][info][gc,phases      ] GC(24) Post Compact 0.156ms
[0.477s][info][gc,heap        ] GC(24) PSYoungGen: 8672K(20480K)->7637K(20480K) Eden: 0K(11776K)->0K(11776K) From: 8672K(8704K)->7637K(8704K)
[0.477s][info][gc,heap        ] GC(24) ParOldGen: 38964K(39424K)->38754K(54272K)
[0.477s][info][gc,metaspace   ] GC(24) Metaspace: 6301K(6464K)->6301K(6464K) NonClass: 5768K(5824K)->5768K(5824K) Class: 533K(640K)->533K(640K)
[0.477s][info][gc             ] GC(24) Pause Full (Ergonomics) 46M->45M(73M) 33.590ms
[0.477s][info][gc,cpu         ] GC(24) User=0.03s Sys=0.00s Real=0.03s
[0.489s][info][gc,start       ] GC(25) Pause Young (Allocation Failure)
[0.504s][info][gc,heap        ] GC(25) PSYoungGen: 19413K(20480K)->11776K(26112K) Eden: 11776K(11776K)->0K(13312K) From: 7637K(8704K)->11776K(12800K)
[0.504s][info][gc,heap        ] GC(25) ParOldGen: 38754K(54272K)->48538K(54272K)
[0.504s][info][gc,metaspace   ] GC(25) Metaspace: 6301K(6464K)->6301K(6464K) NonClass: 5768K(5824K)->5768K(5824K) Class: 533K(640K)->533K(640K)
[0.504s][info][gc             ] GC(25) Pause Young (Allocation Failure) 56M->58M(78M) 15.952ms
[0.505s][info][gc,cpu         ] GC(25) User=0.00s Sys=0.00s Real=0.02s
[0.505s][info][gc,start       ] GC(26) Pause Full (Ergonomics)
[0.505s][info][gc,phases,start] GC(26) Marking Phase
[0.527s][info][gc,phases      ] GC(26) Marking Phase 22.573ms
[0.527s][info][gc,phases,start] GC(26) Summary Phase
[0.527s][info][gc,phases      ] GC(26) Summary Phase 0.025ms
[0.527s][info][gc,phases,start] GC(26) Adjust Roots
[0.527s][info][gc,phases      ] GC(26) Adjust Roots 0.195ms
[0.527s][info][gc,phases,start] GC(26) Compaction Phase
[0.545s][info][gc,phases      ] GC(26) Compaction Phase 17.183ms
[0.545s][info][gc,phases,start] GC(26) Post Compact
[0.545s][info][gc,phases      ] GC(26) Post Compact 0.241ms
[0.545s][info][gc,heap        ] GC(26) PSYoungGen: 11776K(26112K)->4076K(26112K) Eden: 0K(13312K)->0K(13312K) From: 11776K(12800K)->4076K(12800K)
[0.545s][info][gc,heap        ] GC(26) ParOldGen: 48538K(54272K)->54056K(73216K)
[0.545s][info][gc,metaspace   ] GC(26) Metaspace: 6301K(6464K)->6301K(6464K) NonClass: 5768K(5824K)->5768K(5824K) Class: 533K(640K)->533K(640K)
[0.545s][info][gc             ] GC(26) Pause Full (Ergonomics) 58M->56M(97M) 40.642ms
[0.545s][info][gc,cpu         ] GC(26) User=0.02s Sys=0.00s Real=0.04s
[0.559s][info][gc,start       ] GC(27) Pause Young (Allocation Failure)
[0.574s][info][gc,heap        ] GC(27) PSYoungGen: 17388K(26112K)->13344K(27648K) Eden: 13312K(13312K)->0K(13312K) From: 4076K(12800K)->13344K(14336K)
[0.574s][info][gc,heap        ] GC(27) ParOldGen: 54056K(73216K)->58200K(73216K)
[0.574s][info][gc,metaspace   ] GC(27) Metaspace: 6301K(6464K)->6301K(6464K) NonClass: 5768K(5824K)->5768K(5824K) Class: 533K(640K)->533K(640K)
[0.574s][info][gc             ] GC(27) Pause Young (Allocation Failure) 69M->69M(98M) 15.147ms
[0.574s][info][gc,cpu         ] GC(27) User=0.00s Sys=0.00s Real=0.01s
[0.589s][info][gc,start       ] GC(28) Pause Young (Allocation Failure)
[0.610s][info][gc,heap        ] GC(28) PSYoungGen: 26656K(27648K)->16384K(25600K) Eden: 13312K(13312K)->0K(9216K) From: 13344K(14336K)->16384K(16384K)
[0.610s][info][gc,heap        ] GC(28) ParOldGen: 58200K(73216K)->68584K(73216K)
[0.610s][info][gc,metaspace   ] GC(28) Metaspace: 6301K(6464K)->6301K(6464K) NonClass: 5768K(5824K)->5768K(5824K) Class: 533K(640K)->533K(640K)
[0.610s][info][gc             ] GC(28) Pause Young (Allocation Failure) 82M->82M(96M) 21.247ms
[0.610s][info][gc,cpu         ] GC(28) User=0.02s Sys=0.02s Real=0.02s
[0.610s][info][gc,start       ] GC(29) Pause Full (Ergonomics)
[0.610s][info][gc,phases,start] GC(29) Marking Phase
[0.644s][info][gc,phases      ] GC(29) Marking Phase 33.858ms
[0.644s][info][gc,phases,start] GC(29) Summary Phase
[0.644s][info][gc,phases      ] GC(29) Summary Phase 0.015ms
[0.644s][info][gc,phases,start] GC(29) Adjust Roots
[0.644s][info][gc,phases      ] GC(29) Adjust Roots 0.183ms
[0.644s][info][gc,phases,start] GC(29) Compaction Phase
[0.665s][info][gc,phases      ] GC(29) Compaction Phase 21.276ms
[0.665s][info][gc,phases,start] GC(29) Post Compact
[0.666s][info][gc,phases      ] GC(29) Post Compact 0.489ms
[0.666s][info][gc,heap        ] GC(29) PSYoungGen: 16384K(25600K)->11752K(25600K) Eden: 0K(9216K)->0K(9216K) From: 16384K(16384K)->11752K(16384K)
[0.666s][info][gc,heap        ] GC(29) ParOldGen: 68584K(73216K)->72943K(95232K)
[0.666s][info][gc,metaspace   ] GC(29) Metaspace: 6301K(6464K)->6301K(6464K) NonClass: 5768K(5824K)->5768K(5824K) Class: 533K(640K)->533K(640K)
[0.666s][info][gc             ] GC(29) Pause Full (Ergonomics) 82M->82M(118M) 56.276ms
[0.666s][info][gc,cpu         ] GC(29) User=0.06s Sys=0.02s Real=0.06s
[0.684s][info][gc,start       ] GC(30) Pause Young (Allocation Failure)
[0.702s][info][gc,heap        ] GC(30) PSYoungGen: 20968K(25600K)->9248K(32256K) Eden: 9216K(9216K)->0K(9216K) From: 11752K(16384K)->9248K(23040K)
[0.702s][info][gc,heap        ] GC(30) ParOldGen: 72943K(95232K)->84895K(95232K)
[0.702s][info][gc,metaspace   ] GC(30) Metaspace: 6301K(6464K)->6301K(6464K) NonClass: 5768K(5824K)->5768K(5824K) Class: 533K(640K)->533K(640K)
[0.702s][info][gc             ] GC(30) Pause Young (Allocation Failure) 91M->91M(124M) 18.039ms
[0.703s][info][gc,cpu         ] GC(30) User=0.03s Sys=0.00s Real=0.02s
[0.703s][info][gc,start       ] GC(31) Pause Full (Ergonomics)
[0.703s][info][gc,phases,start] GC(31) Marking Phase
[0.740s][info][gc,phases      ] GC(31) Marking Phase 37.093ms
[0.740s][info][gc,phases,start] GC(31) Summary Phase
[0.740s][info][gc,phases      ] GC(31) Summary Phase 0.022ms
[0.740s][info][gc,phases,start] GC(31) Adjust Roots
[0.740s][info][gc,phases      ] GC(31) Adjust Roots 0.164ms
[0.740s][info][gc,phases,start] GC(31) Compaction Phase
[0.766s][info][gc,phases      ] GC(31) Compaction Phase 25.619ms
[0.766s][info][gc,phases,start] GC(31) Post Compact
[0.766s][info][gc,phases      ] GC(31) Post Compact 0.268ms
[0.766s][info][gc,heap        ] GC(31) PSYoungGen: 9248K(32256K)->0K(33280K) Eden: 0K(9216K)->0K(11264K) From: 9248K(23040K)->0K(22016K)
[0.766s][info][gc,heap        ] GC(31) ParOldGen: 84895K(95232K)->91846K(117760K)
[0.766s][info][gc,metaspace   ] GC(31) Metaspace: 6301K(6464K)->6301K(6464K) NonClass: 5768K(5824K)->5768K(5824K) Class: 533K(640K)->533K(640K)
[0.766s][info][gc             ] GC(31) Pause Full (Ergonomics) 91M->89M(147M) 63.552ms
[0.766s][info][gc,cpu         ] GC(31) User=0.08s Sys=0.00s Real=0.06s
[0.775s][info][gc,start       ] GC(32) Pause Young (Allocation Failure)
[0.782s][info][gc,heap        ] GC(32) PSYoungGen: 11264K(33280K)->11328K(33280K) Eden: 11264K(11264K)->0K(11264K) From: 0K(22016K)->11328K(22016K)
[0.783s][info][gc,heap        ] GC(32) ParOldGen: 91846K(117760K)->91846K(117760K)
[0.783s][info][gc,metaspace   ] GC(32) Metaspace: 6301K(6464K)->6301K(6464K) NonClass: 5768K(5824K)->5768K(5824K) Class: 533K(640K)->533K(640K)
[0.783s][info][gc             ] GC(32) Pause Young (Allocation Failure) 100M->100M(147M) 7.258ms
[0.783s][info][gc,cpu         ] GC(32) User=0.00s Sys=0.00s Real=0.01s
[0.792s][info][gc,start       ] GC(33) Pause Young (Allocation Failure)
[0.806s][info][gc,heap        ] GC(33) PSYoungGen: 22592K(33280K)->21504K(30720K) Eden: 11264K(11264K)->0K(9216K) From: 11328K(22016K)->21504K(21504K)
[0.806s][info][gc,heap        ] GC(33) ParOldGen: 91846K(117760K)->92878K(117760K)
[0.806s][info][gc,metaspace   ] GC(33) Metaspace: 6301K(6464K)->6301K(6464K) NonClass: 5768K(5824K)->5768K(5824K) Class: 533K(640K)->533K(640K)
[0.806s][info][gc             ] GC(33) Pause Young (Allocation Failure) 111M->111M(145M) 13.561ms
[0.806s][info][gc,cpu         ] GC(33) User=0.00s Sys=0.00s Real=0.01s
[0.815s][info][gc,start       ] GC(34) Pause Young (Allocation Failure)
[0.834s][info][gc,heap        ] GC(34) PSYoungGen: 30720K(30720K)->19744K(34816K) Eden: 9216K(9216K)->0K(9216K) From: 21504K(21504K)->19744K(25600K)
[0.834s][info][gc,heap        ] GC(34) ParOldGen: 92878K(117760K)->104078K(117760K)
[0.834s][info][gc,metaspace   ] GC(34) Metaspace: 6301K(6464K)->6301K(6464K) NonClass: 5768K(5824K)->5768K(5824K) Class: 533K(640K)->533K(640K)
[0.834s][info][gc             ] GC(34) Pause Young (Allocation Failure) 120M->120M(149M) 19.179ms
[0.834s][info][gc,cpu         ] GC(34) User=0.02s Sys=0.00s Real=0.02s
[0.834s][info][gc,start       ] GC(35) Pause Full (Ergonomics)
[0.834s][info][gc,phases,start] GC(35) Marking Phase
[0.870s][info][gc,phases      ] GC(35) Marking Phase 35.693ms
[0.870s][info][gc,phases,start] GC(35) Summary Phase
[0.870s][info][gc,phases      ] GC(35) Summary Phase 0.020ms
[0.870s][info][gc,phases,start] GC(35) Adjust Roots
[0.870s][info][gc,phases      ] GC(35) Adjust Roots 0.155ms
[0.870s][info][gc,phases,start] GC(35) Compaction Phase
[0.890s][info][gc,phases      ] GC(35) Compaction Phase 20.422ms
[0.890s][info][gc,phases,start] GC(35) Post Compact
[0.891s][info][gc,phases      ] GC(35) Post Compact 0.682ms
[0.891s][info][gc,heap        ] GC(35) PSYoungGen: 19744K(34816K)->5824K(34816K) Eden: 0K(9216K)->0K(9216K) From: 19744K(25600K)->5824K(25600K)
[0.891s][info][gc,heap        ] GC(35) ParOldGen: 104078K(117760K)->117670K(146432K)
[0.891s][info][gc,metaspace   ] GC(35) Metaspace: 6301K(6464K)->6301K(6464K) NonClass: 5768K(5824K)->5768K(5824K) Class: 533K(640K)->533K(640K)
[0.891s][info][gc             ] GC(35) Pause Full (Ergonomics) 120M->120M(177M) 57.425ms
[0.891s][info][gc,cpu         ] GC(35) User=0.11s Sys=0.00s Real=0.06s
[0.900s][info][gc,start       ] GC(36) Pause Young (Allocation Failure)
[0.916s][info][gc,heap        ] GC(36) PSYoungGen: 15040K(34816K)->15136K(37376K) Eden: 9216K(9216K)->0K(10752K) From: 5824K(25600K)->15136K(26624K)
[0.916s][info][gc,heap        ] GC(36) ParOldGen: 117670K(146432K)->117670K(146432K)
[0.916s][info][gc,metaspace   ] GC(36) Metaspace: 6301K(6464K)->6301K(6464K) NonClass: 5768K(5824K)->5768K(5824K) Class: 533K(640K)->533K(640K)
[0.916s][info][gc             ] GC(36) Pause Young (Allocation Failure) 129M->129M(179M) 16.432ms
[0.916s][info][gc,cpu         ] GC(36) User=0.02s Sys=0.00s Real=0.02s
[0.927s][info][gc,start       ] GC(37) Pause Young (Allocation Failure)
[0.940s][info][gc,heap        ] GC(37) PSYoungGen: 25888K(37376K)->25824K(37888K) Eden: 10752K(10752K)->0K(10752K) From: 15136K(26624K)->25824K(27136K)
[0.940s][info][gc,heap        ] GC(37) ParOldGen: 117670K(146432K)->117670K(146432K)
[0.940s][info][gc,metaspace   ] GC(37) Metaspace: 6301K(6464K)->6301K(6464K) NonClass: 5768K(5824K)->5768K(5824K) Class: 533K(640K)->533K(640K)
[0.940s][info][gc             ] GC(37) Pause Young (Allocation Failure) 140M->140M(180M) 13.792ms
[0.940s][info][gc,cpu         ] GC(37) User=0.00s Sys=0.00s Real=0.01s
[0.952s][info][gc,start       ] GC(38) Pause Young (Allocation Failure)
[0.972s][info][gc,heap        ] GC(38) PSYoungGen: 36576K(37888K)->31232K(37376K) Eden: 10752K(10752K)->0K(6144K) From: 25824K(27136K)->31232K(31232K)
[0.972s][info][gc,heap        ] GC(38) ParOldGen: 117670K(146432K)->123062K(146432K)
[0.972s][info][gc,metaspace   ] GC(38) Metaspace: 6301K(6464K)->6301K(6464K) NonClass: 5768K(5824K)->5768K(5824K) Class: 533K(640K)->533K(640K)
[0.972s][info][gc             ] GC(38) Pause Young (Allocation Failure) 150M->150M(179M) 20.251ms
[0.972s][info][gc,cpu         ] GC(38) User=0.05s Sys=0.03s Real=0.02s
[0.978s][info][gc,start       ] GC(39) Pause Young (Allocation Failure)
[0.996s][info][gc,heap        ] GC(39) PSYoungGen: 37376K(37376K)->32864K(44032K) Eden: 6144K(6144K)->0K(6144K) From: 31232K(31232K)->32864K(37888K)
[0.996s][info][gc,heap        ] GC(39) ParOldGen: 123062K(146432K)->127734K(146432K)
[0.996s][info][gc,metaspace   ] GC(39) Metaspace: 6301K(6464K)->6301K(6464K) NonClass: 5768K(5824K)->5768K(5824K) Class: 533K(640K)->533K(640K)
[0.996s][info][gc             ] GC(39) Pause Young (Allocation Failure) 156M->156M(186M) 18.014ms
[0.996s][info][gc,cpu         ] GC(39) User=0.05s Sys=0.02s Real=0.02s
[1.002s][info][gc,start       ] GC(40) Pause Young (Allocation Failure)
[1.024s][info][gc,heap        ] GC(40) PSYoungGen: 39008K(44032K)->21760K(48640K) Eden: 6144K(6144K)->0K(7680K) From: 32864K(37888K)->21760K(40960K)
[1.024s][info][gc,heap        ] GC(40) ParOldGen: 127734K(146432K)->145190K(146432K)
[1.024s][info][gc,metaspace   ] GC(40) Metaspace: 6301K(6464K)->6301K(6464K) NonClass: 5768K(5824K)->5768K(5824K) Class: 533K(640K)->533K(640K)
[1.024s][info][gc             ] GC(40) Pause Young (Allocation Failure) 162M->163M(190M) 21.854ms
[1.024s][info][gc,cpu         ] GC(40) User=0.05s Sys=0.02s Real=0.02s
[1.024s][info][gc,start       ] GC(41) Pause Full (Ergonomics)
[1.024s][info][gc,phases,start] GC(41) Marking Phase
[1.076s][info][gc,phases      ] GC(41) Marking Phase 52.422ms
[1.076s][info][gc,phases,start] GC(41) Summary Phase
[1.077s][info][gc,phases      ] GC(41) Summary Phase 0.016ms
[1.077s][info][gc,phases,start] GC(41) Adjust Roots
[1.077s][info][gc,phases      ] GC(41) Adjust Roots 0.180ms
[1.077s][info][gc,phases,start] GC(41) Compaction Phase
[1.101s][info][gc,phases      ] GC(41) Compaction Phase 24.703ms
[1.101s][info][gc,phases,start] GC(41) Post Compact
[1.102s][info][gc,phases      ] GC(41) Post Compact 0.759ms
[1.103s][info][gc,heap        ] GC(41) PSYoungGen: 21760K(48640K)->20109K(49152K) Eden: 0K(7680K)->0K(8192K) From: 21760K(40960K)->20109K(40960K)
[1.103s][info][gc,heap        ] GC(41) ParOldGen: 145190K(146432K)->146240K(178688K)
[1.103s][info][gc,metaspace   ] GC(41) Metaspace: 6301K(6464K)->6301K(6464K) NonClass: 5768K(5824K)->5768K(5824K) Class: 533K(640K)->533K(640K)
[1.103s][info][gc             ] GC(41) Pause Full (Ergonomics) 163M->162M(222M) 78.691ms
[1.103s][info][gc,cpu         ] GC(41) User=0.22s Sys=0.00s Real=0.08s
[1.112s][info][gc,start       ] GC(42) Pause Young (Allocation Failure)
[1.132s][info][gc,heap        ] GC(42) PSYoungGen: 28301K(49152K)->14176K(22528K) Eden: 8192K(8192K)->0K(8192K) From: 20109K(40960K)->14176K(14336K)
[1.132s][info][gc,heap        ] GC(42) ParOldGen: 146240K(178688K)->160656K(178688K)
[1.132s][info][gc,metaspace   ] GC(42) Metaspace: 6301K(6464K)->6301K(6464K) NonClass: 5768K(5824K)->5768K(5824K) Class: 533K(640K)->533K(640K)
[1.132s][info][gc             ] GC(42) Pause Young (Allocation Failure) 170M->170M(196M) 20.070ms
[1.132s][info][gc,cpu         ] GC(42) User=0.03s Sys=0.02s Real=0.02s
[1.132s][info][gc,start       ] GC(43) Pause Full (Ergonomics)
[1.132s][info][gc,phases,start] GC(43) Marking Phase
[1.178s][info][gc,phases      ] GC(43) Marking Phase 45.806ms
[1.178s][info][gc,phases,start] GC(43) Summary Phase
[1.178s][info][gc,phases      ] GC(43) Summary Phase 0.019ms
[1.178s][info][gc,phases,start] GC(43) Adjust Roots
[1.178s][info][gc,phases      ] GC(43) Adjust Roots 0.150ms
[1.178s][info][gc,phases,start] GC(43) Compaction Phase
[1.201s][info][gc,phases      ] GC(43) Compaction Phase 23.483ms
[1.202s][info][gc,phases,start] GC(43) Post Compact
[1.203s][info][gc,phases      ] GC(43) Post Compact 1.085ms
[1.203s][info][gc,heap        ] GC(43) PSYoungGen: 14176K(22528K)->0K(49152K) Eden: 0K(8192K)->0K(9728K) From: 14176K(14336K)->0K(39424K)
[1.203s][info][gc,heap        ] GC(43) ParOldGen: 160656K(178688K)->174512K(210944K)
[1.203s][info][gc,metaspace   ] GC(43) Metaspace: 6301K(6464K)->6301K(6464K) NonClass: 5768K(5824K)->5768K(5824K) Class: 533K(640K)->533K(640K)
[1.203s][info][gc             ] GC(43) Pause Full (Ergonomics) 170M->170M(254M) 71.013ms
[1.203s][info][gc,cpu         ] GC(43) User=0.17s Sys=0.02s Real=0.07s
[1.245s][info][gc,start       ] GC(44) Pause Young (Allocation Failure)
[1.255s][info][gc,heap        ] GC(44) PSYoungGen: 9728K(49152K)->9824K(49152K) Eden: 9728K(9728K)->0K(9728K) From: 0K(39424K)->9824K(39424K)
[1.255s][info][gc,heap        ] GC(44) ParOldGen: 182704K(210944K)->182704K(210944K)
[1.255s][info][gc,metaspace   ] GC(44) Metaspace: 6301K(6464K)->6301K(6464K) NonClass: 5768K(5824K)->5768K(5824K) Class: 533K(640K)->533K(640K)
[1.255s][info][gc             ] GC(44) Pause Young (Allocation Failure) 187M->188M(254M) 10.617ms
[1.255s][info][gc,cpu         ] GC(44) User=0.02s Sys=0.00s Real=0.01s
[1.266s][info][gc,start       ] GC(45) Pause Young (Allocation Failure)
[1.276s][info][gc,heap        ] GC(45) PSYoungGen: 19552K(49152K)->19520K(48128K) Eden: 9728K(9728K)->0K(11264K) From: 9824K(39424K)->19520K(36864K)
[1.277s][info][gc,heap        ] GC(45) ParOldGen: 182704K(210944K)->182704K(210944K)
[1.277s][info][gc,metaspace   ] GC(45) Metaspace: 6301K(6464K)->6301K(6464K) NonClass: 5768K(5824K)->5768K(5824K) Class: 533K(640K)->533K(640K)
[1.277s][info][gc             ] GC(45) Pause Young (Allocation Failure) 197M->197M(253M) 10.780ms
[1.277s][info][gc,cpu         ] GC(45) User=0.02s Sys=0.00s Real=0.01s
[1.290s][info][gc,start       ] GC(46) Pause Young (Allocation Failure)
[1.305s][info][gc,heap        ] GC(46) PSYoungGen: 30784K(48128K)->30752K(49152K) Eden: 11264K(11264K)->0K(11264K) From: 19520K(36864K)->30752K(37888K)
[1.305s][info][gc,heap        ] GC(46) ParOldGen: 182704K(210944K)->182704K(210944K)
[1.305s][info][gc,metaspace   ] GC(46) Metaspace: 6301K(6464K)->6301K(6464K) NonClass: 5768K(5824K)->5768K(5824K) Class: 533K(640K)->533K(640K)
[1.305s][info][gc             ] GC(46) Pause Young (Allocation Failure) 208M->208M(254M) 15.713ms
[1.306s][info][gc,cpu         ] GC(46) User=0.02s Sys=0.00s Real=0.02s
[1.320s][info][gc,start       ] GC(47) Pause Young (Allocation Failure)
[1.342s][info][gc,heap        ] GC(47) PSYoungGen: 42016K(49152K)->40960K(47616K) Eden: 11264K(11264K)->0K(6656K) From: 30752K(37888K)->40960K(40960K)
[1.342s][info][gc,heap        ] GC(47) ParOldGen: 182704K(210944K)->183736K(210944K)
[1.342s][info][gc,metaspace   ] GC(47) Metaspace: 6301K(6464K)->6301K(6464K) NonClass: 5768K(5824K)->5768K(5824K) Class: 533K(640K)->533K(640K)
[1.342s][info][gc             ] GC(47) Pause Young (Allocation Failure) 219M->219M(252M) 21.997ms
[1.342s][info][gc,cpu         ] GC(47) User=0.08s Sys=0.02s Real=0.02s
[1.351s][info][gc,start       ] GC(48) Pause Young (Allocation Failure)
[1.374s][info][gc,heap        ] GC(48) PSYoungGen: 47616K(47616K)->38432K(53760K) Eden: 6656K(6656K)->0K(6656K) From: 40960K(40960K)->38432K(47104K)
[1.374s][info][gc,heap        ] GC(48) ParOldGen: 183736K(210944K)->193072K(210944K)
[1.374s][info][gc,metaspace   ] GC(48) Metaspace: 6301K(6464K)->6301K(6464K) NonClass: 5768K(5824K)->5768K(5824K) Class: 533K(640K)->533K(640K)
[1.374s][info][gc             ] GC(48) Pause Young (Allocation Failure) 225M->226M(258M) 23.271ms
[1.374s][info][gc,cpu         ] GC(48) User=0.11s Sys=0.02s Real=0.02s
[1.382s][info][gc,start       ] GC(49) Pause Young (Allocation Failure)
[1.405s][info][gc,heap        ] GC(49) PSYoungGen: 45088K(53760K)->35424K(57344K) Eden: 6656K(6656K)->0K(6144K) From: 38432K(47104K)->35424K(51200K)
[1.405s][info][gc,heap        ] GC(49) ParOldGen: 193072K(210944K)->202928K(210944K)
[1.405s][info][gc,metaspace   ] GC(49) Metaspace: 6301K(6464K)->6301K(6464K) NonClass: 5768K(5824K)->5768K(5824K) Class: 533K(640K)->533K(640K)
[1.405s][info][gc             ] GC(49) Pause Young (Allocation Failure) 232M->232M(262M) 22.472ms
[1.405s][info][gc,cpu         ] GC(49) User=0.09s Sys=0.00s Real=0.02s
[1.405s][info][gc,start       ] GC(50) Pause Full (Ergonomics)
[1.405s][info][gc,phases,start] GC(50) Marking Phase
[1.465s][info][gc,phases      ] GC(50) Marking Phase 60.093ms
[1.465s][info][gc,phases,start] GC(50) Summary Phase
[1.465s][info][gc,phases      ] GC(50) Summary Phase 0.029ms
[1.465s][info][gc,phases,start] GC(50) Adjust Roots
[1.465s][info][gc,phases      ] GC(50) Adjust Roots 0.253ms
[1.466s][info][gc,phases,start] GC(50) Compaction Phase
[1.519s][info][gc,phases      ] GC(50) Compaction Phase 53.061ms
[1.519s][info][gc,phases,start] GC(50) Post Compact
[1.520s][info][gc,phases      ] GC(50) Post Compact 1.449ms
[1.520s][info][gc,heap        ] GC(50) PSYoungGen: 35424K(57344K)->22976K(57344K) Eden: 0K(6144K)->0K(6144K) From: 35424K(51200K)->22976K(51200K)
[1.521s][info][gc,heap        ] GC(50) ParOldGen: 202928K(210944K)->210746K(248320K)
[1.521s][info][gc,metaspace   ] GC(50) Metaspace: 6301K(6464K)->6301K(6464K) NonClass: 5768K(5824K)->5768K(5824K) Class: 533K(640K)->533K(640K)
[1.521s][info][gc             ] GC(50) Pause Full (Ergonomics) 232M->228M(298M) 115.570ms
[1.521s][info][gc,cpu         ] GC(50) User=0.50s Sys=0.00s Real=0.12s
[1.529s][info][gc,start       ] GC(51) Pause Young (Allocation Failure)
[1.553s][info][gc,heap        ] GC(51) PSYoungGen: 29120K(57344K)->15200K(21504K) Eden: 6144K(6144K)->0K(6144K) From: 22976K(51200K)->15200K(15360K)
[1.553s][info][gc,heap        ] GC(51) ParOldGen: 210746K(248320K)->225018K(248320K)
[1.553s][info][gc,metaspace   ] GC(51) Metaspace: 6301K(6464K)->6301K(6464K) NonClass: 5768K(5824K)->5768K(5824K) Class: 533K(640K)->533K(640K)
[1.553s][info][gc             ] GC(51) Pause Young (Allocation Failure) 234M->234M(263M) 23.606ms
[1.553s][info][gc,cpu         ] GC(51) User=0.06s Sys=0.05s Real=0.02s
[1.561s][info][gc,start       ] GC(52) Pause Young (Allocation Failure)
[1.574s][info][gc,heap        ] GC(52) PSYoungGen: 21344K(21504K)->16864K(54784K) Eden: 6144K(6144K)->0K(7168K) From: 15200K(15360K)->16864K(47616K)
[1.574s][info][gc,heap        ] GC(52) ParOldGen: 225018K(248320K)->229514K(248320K)
[1.574s][info][gc,metaspace   ] GC(52) Metaspace: 6301K(6464K)->6301K(6464K) NonClass: 5768K(5824K)->5768K(5824K) Class: 533K(640K)->533K(640K)
[1.574s][info][gc             ] GC(52) Pause Young (Allocation Failure) 240M->240M(296M) 12.697ms
[1.574s][info][gc,cpu         ] GC(52) User=0.02s Sys=0.00s Real=0.01s
[1.574s][info][gc,start       ] GC(53) Pause Full (Ergonomics)
[1.574s][info][gc,phases,start] GC(53) Marking Phase
[1.631s][info][gc,phases      ] GC(53) Marking Phase 56.746ms
[1.631s][info][gc,phases,start] GC(53) Summary Phase
[1.631s][info][gc,phases      ] GC(53) Summary Phase 0.025ms
[1.631s][info][gc,phases,start] GC(53) Adjust Roots
[1.631s][info][gc,phases      ] GC(53) Adjust Roots 0.193ms
[1.631s][info][gc,phases,start] GC(53) Compaction Phase
[1.662s][info][gc,phases      ] GC(53) Compaction Phase 30.710ms
[1.662s][info][gc,phases,start] GC(53) Post Compact
[1.664s][info][gc,phases      ] GC(53) Post Compact 1.627ms
[1.664s][info][gc,heap        ] GC(53) PSYoungGen: 16864K(54784K)->0K(56832K) Eden: 0K(7168K)->0K(7168K) From: 16864K(47616K)->0K(49664K)
[1.664s][info][gc,heap        ] GC(53) ParOldGen: 229514K(248320K)->245946K(287232K)
[1.664s][info][gc,metaspace   ] GC(53) Metaspace: 6301K(6464K)->6301K(6464K) NonClass: 5768K(5824K)->5768K(5824K) Class: 533K(640K)->533K(640K)
[1.664s][info][gc             ] GC(53) Pause Full (Ergonomics) 240M->240M(336M) 89.929ms
[1.664s][info][gc,cpu         ] GC(53) User=0.50s Sys=0.00s Real=0.09s
[1.677s][info][gc,start       ] GC(54) Pause Young (Allocation Failure)
[1.684s][info][gc,heap        ] GC(54) PSYoungGen: 7168K(56832K)->7296K(57344K) Eden: 7168K(7168K)->0K(8192K) From: 0K(49664K)->7296K(49152K)
[1.684s][info][gc,heap        ] GC(54) ParOldGen: 245946K(287232K)->245946K(287232K)
[1.684s][info][gc,metaspace   ] GC(54) Metaspace: 6301K(6464K)->6301K(6464K) NonClass: 5768K(5824K)->5768K(5824K) Class: 533K(640K)->533K(640K)
[1.684s][info][gc             ] GC(54) Pause Young (Allocation Failure) 247M->247M(336M) 7.295ms
[1.684s][info][gc,cpu         ] GC(54) User=0.00s Sys=0.00s Real=0.01s
[1.694s][info][gc,start       ] GC(55) Pause Young (Allocation Failure)
[1.703s][info][gc,heap        ] GC(55) PSYoungGen: 15488K(57344K)->15456K(24064K) Eden: 8192K(8192K)->0K(8192K) From: 7296K(49152K)->15456K(15872K)
[1.703s][info][gc,heap        ] GC(55) ParOldGen: 245946K(287232K)->245946K(287232K)
[1.703s][info][gc,metaspace   ] GC(55) Metaspace: 6301K(6464K)->6301K(6464K) NonClass: 5768K(5824K)->5768K(5824K) Class: 533K(640K)->533K(640K)
[1.703s][info][gc             ] GC(55) Pause Young (Allocation Failure) 255M->255M(304M) 8.627ms
[1.703s][info][gc,cpu         ] GC(55) User=0.02s Sys=0.00s Real=0.01s
[1.712s][info][gc,start       ] GC(56) Pause Young (Allocation Failure)
[1.725s][info][gc,heap        ] GC(56) PSYoungGen: 23648K(24064K)->23648K(53760K) Eden: 8192K(8192K)->0K(9216K) From: 15456K(15872K)->23648K(44544K)
[1.725s][info][gc,heap        ] GC(56) ParOldGen: 245946K(287232K)->245946K(287232K)
[1.725s][info][gc,metaspace   ] GC(56) Metaspace: 6301K(6464K)->6301K(6464K) NonClass: 5768K(5824K)->5768K(5824K) Class: 533K(640K)->533K(640K)
[1.725s][info][gc             ] GC(56) Pause Young (Allocation Failure) 263M->263M(333M) 12.628ms
[1.725s][info][gc,cpu         ] GC(56) User=0.02s Sys=0.00s Real=0.01s
[1.736s][info][gc,start       ] GC(57) Pause Young (Allocation Failure)
[1.752s][info][gc,heap        ] GC(57) PSYoungGen: 32864K(53760K)->32832K(55296K) Eden: 9216K(9216K)->0K(9216K) From: 23648K(44544K)->32832K(46080K)
[1.752s][info][gc,heap        ] GC(57) ParOldGen: 245946K(287232K)->245946K(287232K)
[1.752s][info][gc,metaspace   ] GC(57) Metaspace: 6301K(6464K)->6301K(6464K) NonClass: 5768K(5824K)->5768K(5824K) Class: 533K(640K)->533K(640K)
[1.752s][info][gc             ] GC(57) Pause Young (Allocation Failure) 272M->272M(334M) 16.019ms
[1.752s][info][gc,cpu         ] GC(57) User=0.02s Sys=0.00s Real=0.02s
[1.763s][info][gc,start       ] GC(58) Pause Young (Allocation Failure)
[1.783s][info][gc,heap        ] GC(58) PSYoungGen: 42048K(55296K)->42080K(53248K) Eden: 9216K(9216K)->0K(5120K) From: 32832K(46080K)->42080K(48128K)
[1.783s][info][gc,heap        ] GC(58) ParOldGen: 245946K(287232K)->245946K(287232K)
[1.783s][info][gc,metaspace   ] GC(58) Metaspace: 6301K(6464K)->6301K(6464K) NonClass: 5768K(5824K)->5768K(5824K) Class: 533K(640K)->533K(640K)
[1.783s][info][gc             ] GC(58) Pause Young (Allocation Failure) 281M->281M(332M) 19.548ms
[1.783s][info][gc,cpu         ] GC(58) User=0.22s Sys=0.00s Real=0.02s
[1.789s][info][gc,start       ] GC(59) Pause Young (Allocation Failure)
[1.811s][info][gc,heap        ] GC(59) PSYoungGen: 47200K(53248K)->47136K(58368K) Eden: 5120K(5120K)->0K(5120K) From: 42080K(48128K)->47136K(53248K)
[1.811s][info][gc,heap        ] GC(59) ParOldGen: 245946K(287232K)->245946K(287232K)
[1.811s][info][gc,metaspace   ] GC(59) Metaspace: 6301K(6464K)->6301K(6464K) NonClass: 5768K(5824K)->5768K(5824K) Class: 533K(640K)->533K(640K)
[1.811s][info][gc             ] GC(59) Pause Young (Allocation Failure) 286M->286M(337M) 22.139ms
[1.811s][info][gc,cpu         ] GC(59) User=0.12s Sys=0.00s Real=0.02s
[1.817s][info][gc,start       ] GC(60) Pause Young (Allocation Failure)
[1.841s][info][gc,heap        ] GC(60) PSYoungGen: 52256K(58368K)->36928K(64512K) Eden: 5120K(5120K)->0K(5632K) From: 47136K(53248K)->36928K(58880K)
[1.841s][info][gc,heap        ] GC(60) ParOldGen: 245946K(287232K)->261506K(287232K)
[1.841s][info][gc,metaspace   ] GC(60) Metaspace: 6301K(6464K)->6301K(6464K) NonClass: 5768K(5824K)->5768K(5824K) Class: 533K(640K)->533K(640K)
[1.841s][info][gc             ] GC(60) Pause Young (Allocation Failure) 291M->291M(343M) 23.589ms
[1.841s][info][gc,cpu         ] GC(60) User=0.09s Sys=0.03s Real=0.02s
[1.848s][info][gc,start       ] GC(61) Pause Young (Allocation Failure)
[1.868s][info][gc,heap        ] GC(61) PSYoungGen: 42560K(64512K)->25152K(31232K) Eden: 5632K(5632K)->0K(5632K) From: 36928K(58880K)->25152K(25600K)
[1.868s][info][gc,heap        ] GC(61) ParOldGen: 261506K(287232K)->279122K(287232K)
[1.868s][info][gc,metaspace   ] GC(61) Metaspace: 6301K(6464K)->6301K(6464K) NonClass: 5768K(5824K)->5768K(5824K) Class: 533K(640K)->533K(640K)
[1.868s][info][gc             ] GC(61) Pause Young (Allocation Failure) 296M->297M(311M) 20.292ms
[1.868s][info][gc,cpu         ] GC(61) User=0.12s Sys=0.00s Real=0.02s
[1.868s][info][gc,start       ] GC(62) Pause Full (Ergonomics)
[1.868s][info][gc,phases,start] GC(62) Marking Phase
[1.935s][info][gc,phases      ] GC(62) Marking Phase 67.216ms
[1.935s][info][gc,phases,start] GC(62) Summary Phase
[1.935s][info][gc,phases      ] GC(62) Summary Phase 0.020ms
[1.935s][info][gc,phases,start] GC(62) Adjust Roots
[1.935s][info][gc,phases      ] GC(62) Adjust Roots 0.227ms
[1.936s][info][gc,phases,start] GC(62) Compaction Phase
[1.970s][info][gc,phases      ] GC(62) Compaction Phase 34.406ms
[1.970s][info][gc,phases,start] GC(62) Post Compact
[1.972s][info][gc,phases      ] GC(62) Post Compact 1.569ms
[1.972s][info][gc,heap        ] GC(62) PSYoungGen: 25152K(31232K)->16780K(31232K) Eden: 0K(5632K)->0K(5632K) From: 25152K(25600K)->16780K(25600K)
[1.972s][info][gc,heap        ] GC(62) ParOldGen: 279122K(287232K)->286765K(334336K)
[1.972s][info][gc,metaspace   ] GC(62) Metaspace: 6301K(6464K)->6301K(6464K) NonClass: 5768K(5824K)->5768K(5824K) Class: 533K(640K)->533K(640K)
[1.972s][info][gc             ] GC(62) Pause Full (Ergonomics) 297M->296M(357M) 103.982ms
[1.972s][info][gc,cpu         ] GC(62) User=0.66s Sys=0.00s Real=0.10s
[1.979s][info][gc,start       ] GC(63) Pause Young (Allocation Failure)
[2.002s][info][gc,heap        ] GC(63) PSYoungGen: 22412K(31232K)->13568K(62464K) Eden: 5632K(5632K)->0K(6656K) From: 16780K(25600K)->13568K(55808K)
[2.002s][info][gc,heap        ] GC(63) ParOldGen: 286765K(334336K)->295917K(334336K)
[2.002s][info][gc,metaspace   ] GC(63) Metaspace: 6301K(6464K)->6301K(6464K) NonClass: 5768K(5824K)->5768K(5824K) Class: 533K(640K)->533K(640K)
[2.002s][info][gc             ] GC(63) Pause Young (Allocation Failure) 301M->302M(387M) 23.231ms
[2.002s][info][gc,cpu         ] GC(63) User=0.11s Sys=0.03s Real=0.02s
[2.010s][info][gc,start       ] GC(64) Pause Young (Allocation Failure)
[2.021s][info][gc,heap        ] GC(64) PSYoungGen: 20224K(62464K)->12352K(62976K) Eden: 6656K(6656K)->0K(6656K) From: 13568K(55808K)->12352K(56320K)
[2.021s][info][gc,heap        ] GC(64) ParOldGen: 295917K(334336K)->303829K(334336K)
[2.021s][info][gc,metaspace   ] GC(64) Metaspace: 6301K(6464K)->6301K(6464K) NonClass: 5768K(5824K)->5768K(5824K) Class: 533K(640K)->533K(640K)
[2.021s][info][gc             ] GC(64) Pause Young (Allocation Failure) 308M->308M(388M) 11.144ms
[2.021s][info][gc,cpu         ] GC(64) User=0.02s Sys=0.00s Real=0.01s
[2.031s][info][gc,start       ] GC(65) Pause Young (Allocation Failure)
[2.041s][info][gc,heap        ] GC(65) PSYoungGen: 19008K(62976K)->6752K(62976K) Eden: 6656K(6656K)->0K(7680K) From: 12352K(56320K)->6752K(55296K)
[2.041s][info][gc,heap        ] GC(65) ParOldGen: 303829K(334336K)->316269K(334336K)
[2.041s][info][gc,metaspace   ] GC(65) Metaspace: 6301K(6464K)->6301K(6464K) NonClass: 5768K(5824K)->5768K(5824K) Class: 533K(640K)->533K(640K)
[2.041s][info][gc             ] GC(65) Pause Young (Allocation Failure) 315M->315M(388M) 10.678ms
[2.041s][info][gc,cpu         ] GC(65) User=0.00s Sys=0.00s Real=0.01s
[2.041s][info][gc,start       ] GC(66) Pause Full (Ergonomics)
[2.041s][info][gc,phases,start] GC(66) Marking Phase
[2.110s][info][gc,phases      ] GC(66) Marking Phase 68.802ms
[2.110s][info][gc,phases,start] GC(66) Summary Phase
[2.110s][info][gc,phases      ] GC(66) Summary Phase 0.025ms
[2.110s][info][gc,phases,start] GC(66) Adjust Roots
[2.110s][info][gc,phases      ] GC(66) Adjust Roots 0.229ms
[2.110s][info][gc,phases,start] GC(66) Compaction Phase
[2.141s][info][gc,phases      ] GC(66) Compaction Phase 30.419ms
[2.141s][info][gc,phases,start] GC(66) Post Compact
[2.143s][info][gc,phases      ] GC(66) Post Compact 1.773ms
[2.143s][info][gc,heap        ] GC(66) PSYoungGen: 6752K(62976K)->0K(62976K) Eden: 0K(7680K)->0K(7680K) From: 6752K(55296K)->0K(55296K)
[2.143s][info][gc,heap        ] GC(66) ParOldGen: 316269K(334336K)->322391K(372224K)
[2.143s][info][gc,metaspace   ] GC(66) Metaspace: 6301K(6464K)->6301K(6464K) NonClass: 5768K(5824K)->5768K(5824K) Class: 533K(640K)->533K(640K)
[2.143s][info][gc             ] GC(66) Pause Full (Ergonomics) 315M->314M(425M) 101.750ms
[2.143s][info][gc,cpu         ] GC(66) User=0.62s Sys=0.00s Real=0.10s
[2.152s][info][gc,start       ] GC(67) Pause Young (Allocation Failure)
[2.158s][info][gc,heap        ] GC(67) PSYoungGen: 7680K(62976K)->7808K(61440K) Eden: 7680K(7680K)->0K(8704K) From: 0K(55296K)->7808K(52736K)
[2.158s][info][gc,heap        ] GC(67) ParOldGen: 322391K(372224K)->322391K(372224K)
[2.158s][info][gc,metaspace   ] GC(67) Metaspace: 6301K(6464K)->6301K(6464K) NonClass: 5768K(5824K)->5768K(5824K) Class: 533K(640K)->533K(640K)
[2.158s][info][gc             ] GC(67) Pause Young (Allocation Failure) 322M->322M(423M) 5.590ms
[2.158s][info][gc,cpu         ] GC(67) User=0.02s Sys=0.00s Real=0.01s
[2.168s][info][gc,start       ] GC(68) Pause Young (Allocation Failure)
[2.178s][info][gc,heap        ] GC(68) PSYoungGen: 16512K(61440K)->16480K(25600K) Eden: 8704K(8704K)->0K(8704K) From: 7808K(52736K)->16480K(16896K)
[2.178s][info][gc,heap        ] GC(68) ParOldGen: 322391K(372224K)->322391K(372224K)
[2.178s][info][gc,metaspace   ] GC(68) Metaspace: 6301K(6464K)->6301K(6464K) NonClass: 5768K(5824K)->5768K(5824K) Class: 533K(640K)->533K(640K)
[2.178s][info][gc             ] GC(68) Pause Young (Allocation Failure) 330M->330M(388M) 9.382ms
[2.178s][info][gc,cpu         ] GC(68) User=0.02s Sys=0.00s Real=0.01s
[2.188s][info][gc,start       ] GC(69) Pause Young (Allocation Failure)
[2.201s][info][gc,heap        ] GC(69) PSYoungGen: 25184K(25600K)->25184K(58880K) Eden: 8704K(8704K)->0K(9728K) From: 16480K(16896K)->25184K(49152K)
[2.201s][info][gc,heap        ] GC(69) ParOldGen: 322391K(372224K)->322391K(372224K)
[2.201s][info][gc,metaspace   ] GC(69) Metaspace: 6301K(6464K)->6301K(6464K) NonClass: 5768K(5824K)->5768K(5824K) Class: 533K(640K)->533K(640K)
[2.201s][info][gc             ] GC(69) Pause Young (Allocation Failure) 339M->339M(421M) 13.063ms
[2.201s][info][gc,cpu         ] GC(69) User=0.00s Sys=0.00s Real=0.01s
[2.285s][info][gc,start       ] GC(70) Pause Young (Allocation Failure)
[2.309s][info][gc,heap        ] GC(70) PSYoungGen: 34912K(58880K)->27264K(60416K) Eden: 9728K(9728K)->0K(9728K) From: 25184K(49152K)->27264K(50688K)
[2.309s][info][gc,heap        ] GC(70) ParOldGen: 338775K(372224K)->346575K(372224K)
[2.309s][info][gc,metaspace   ] GC(70) Metaspace: 6301K(6464K)->6301K(6464K) NonClass: 5768K(5824K)->5768K(5824K) Class: 533K(640K)->533K(640K)
[2.309s][info][gc             ] GC(70) Pause Young (Allocation Failure) 364M->365M(422M) 24.554ms
[2.309s][info][gc,cpu         ] GC(70) User=0.12s Sys=0.00s Real=0.02s
[2.320s][info][gc,start       ] GC(71) Pause Young (Allocation Failure)
[2.337s][info][gc,heap        ] GC(71) PSYoungGen: 36992K(60416K)->36960K(58368K) Eden: 9728K(9728K)->0K(8192K) From: 27264K(50688K)->36960K(50176K)
[2.337s][info][gc,heap        ] GC(71) ParOldGen: 346575K(372224K)->346575K(372224K)
[2.337s][info][gc,metaspace   ] GC(71) Metaspace: 6301K(6464K)->6301K(6464K) NonClass: 5768K(5824K)->5768K(5824K) Class: 533K(640K)->533K(640K)
[2.337s][info][gc             ] GC(71) Pause Young (Allocation Failure) 374M->374M(420M) 17.165ms
[2.337s][info][gc,cpu         ] GC(71) User=0.12s Sys=0.00s Real=0.02s
[2.346s][info][gc,start       ] GC(72) Pause Young (Allocation Failure)
[2.366s][info][gc,heap        ] GC(72) PSYoungGen: 45152K(58368K)->45152K(60928K) Eden: 8192K(8192K)->0K(8192K) From: 36960K(50176K)->45152K(52736K)
[2.366s][info][gc,heap        ] GC(72) ParOldGen: 346575K(372224K)->346575K(372224K)
[2.366s][info][gc,metaspace   ] GC(72) Metaspace: 6301K(6464K)->6301K(6464K) NonClass: 5768K(5824K)->5768K(5824K) Class: 533K(640K)->533K(640K)
[2.366s][info][gc             ] GC(72) Pause Young (Allocation Failure) 382M->382M(423M) 20.204ms
[2.366s][info][gc,cpu         ] GC(72) User=0.12s Sys=0.00s Real=0.02s
[2.376s][info][gc,start       ] GC(73) Pause Young (Allocation Failure)
[2.400s][info][gc,heap        ] GC(73) PSYoungGen: 53344K(60928K)->44608K(63488K) Eden: 8192K(8192K)->0K(5632K) From: 45152K(52736K)->44608K(57856K)
[2.400s][info][gc,heap        ] GC(73) ParOldGen: 346575K(372224K)->355415K(372224K)
[2.400s][info][gc,metaspace   ] GC(73) Metaspace: 6301K(6464K)->6301K(6464K) NonClass: 5768K(5824K)->5768K(5824K) Class: 533K(640K)->533K(640K)
[2.400s][info][gc             ] GC(73) Pause Young (Allocation Failure) 390M->390M(425M) 24.626ms
[2.400s][info][gc,cpu         ] GC(73) User=0.11s Sys=0.00s Real=0.02s
[2.400s][info][gc,start       ] GC(74) Pause Full (Ergonomics)
[2.400s][info][gc,phases,start] GC(74) Marking Phase
[2.485s][info][gc,phases      ] GC(74) Marking Phase 84.650ms
[2.485s][info][gc,phases,start] GC(74) Summary Phase
[2.485s][info][gc,phases      ] GC(74) Summary Phase 0.058ms
[2.485s][info][gc,phases,start] GC(74) Adjust Roots
[2.486s][info][gc,phases      ] GC(74) Adjust Roots 0.269ms
[2.486s][info][gc,phases,start] GC(74) Compaction Phase
[2.556s][info][gc,phases      ] GC(74) Compaction Phase 70.597ms
[2.556s][info][gc,phases,start] GC(74) Post Compact
[2.559s][info][gc,phases      ] GC(74) Post Compact 2.326ms
[2.559s][info][gc,heap        ] GC(74) PSYoungGen: 44608K(63488K)->19357K(63488K) Eden: 0K(5632K)->0K(5632K) From: 44608K(57856K)->19357K(57856K)
[2.559s][info][gc,heap        ] GC(74) ParOldGen: 355415K(372224K)->371941K(421888K)
[2.559s][info][gc,metaspace   ] GC(74) Metaspace: 6301K(6464K)->6301K(6464K) NonClass: 5768K(5824K)->5768K(5824K) Class: 533K(640K)->533K(640K)
[2.559s][info][gc             ] GC(74) Pause Full (Ergonomics) 390M->382M(474M) 158.673ms
[2.559s][info][gc,cpu         ] GC(74) User=1.02s Sys=0.02s Real=0.16s
[2.564s][info][gc,start       ] GC(75) Pause Young (Allocation Failure)
[2.591s][info][gc,heap        ] GC(75) PSYoungGen: 24989K(63488K)->17376K(23040K) Eden: 5632K(5632K)->0K(5632K) From: 19357K(57856K)->17376K(17408K)
[2.592s][info][gc,heap        ] GC(75) ParOldGen: 371941K(421888K)->379821K(421888K)
[2.592s][info][gc,metaspace   ] GC(75) Metaspace: 6301K(6464K)->6301K(6464K) NonClass: 5768K(5824K)->5768K(5824K) Class: 533K(640K)->533K(640K)
[2.592s][info][gc             ] GC(75) Pause Young (Allocation Failure) 387M->387M(434M) 27.192ms
[2.592s][info][gc,cpu         ] GC(75) User=0.12s Sys=0.00s Real=0.03s
[2.597s][info][gc,start       ] GC(76) Pause Young (Allocation Failure)
[2.610s][info][gc,heap        ] GC(76) PSYoungGen: 23008K(23040K)->20192K(62464K) Eden: 5632K(5632K)->0K(6656K) From: 17376K(17408K)->20192K(55808K)
[2.610s][info][gc,heap        ] GC(76) ParOldGen: 379821K(421888K)->382669K(421888K)
[2.610s][info][gc,metaspace   ] GC(76) Metaspace: 6301K(6464K)->6301K(6464K) NonClass: 5768K(5824K)->5768K(5824K) Class: 533K(640K)->533K(640K)
[2.610s][info][gc             ] GC(76) Pause Young (Allocation Failure) 393M->393M(473M) 12.643ms
[2.610s][info][gc,cpu         ] GC(76) User=0.02s Sys=0.00s Real=0.01s
[2.618s][info][gc,start       ] GC(77) Pause Young (Allocation Failure)
[2.632s][info][gc,heap        ] GC(77) PSYoungGen: 26848K(62464K)->22720K(29696K) Eden: 6656K(6656K)->0K(6656K) From: 20192K(55808K)->22720K(23040K)
[2.632s][info][gc,heap        ] GC(77) ParOldGen: 382669K(421888K)->386885K(421888K)
[2.632s][info][gc,metaspace   ] GC(77) Metaspace: 6301K(6464K)->6301K(6464K) NonClass: 5768K(5824K)->5768K(5824K) Class: 533K(640K)->533K(640K)
[2.632s][info][gc             ] GC(77) Pause Young (Allocation Failure) 399M->400M(441M) 14.264ms
[2.632s][info][gc,cpu         ] GC(77) User=0.03s Sys=0.00s Real=0.01s
[2.641s][info][gc,start       ] GC(78) Pause Young (Allocation Failure)
[2.656s][info][gc,heap        ] GC(78) PSYoungGen: 29376K(29696K)->19040K(58880K) Eden: 6656K(6656K)->0K(7680K) From: 22720K(23040K)->19040K(51200K)
[2.656s][info][gc,heap        ] GC(78) ParOldGen: 386885K(421888K)->397357K(421888K)
[2.656s][info][gc,metaspace   ] GC(78) Metaspace: 6301K(6464K)->6301K(6464K) NonClass: 5768K(5824K)->5768K(5824K) Class: 533K(640K)->533K(640K)
[2.656s][info][gc             ] GC(78) Pause Young (Allocation Failure) 406M->406M(469M) 15.055ms
[2.656s][info][gc,cpu         ] GC(78) User=0.02s Sys=0.00s Real=0.02s
[2.664s][info][gc,start       ] GC(79) Pause Young (Allocation Failure)
[2.677s][info][gc,heap        ] GC(79) PSYoungGen: 26720K(58880K)->14496K(60928K) Eden: 7680K(7680K)->0K(7680K) From: 19040K(51200K)->14496K(53248K)
[2.678s][info][gc,heap        ] GC(79) ParOldGen: 397357K(421888K)->409781K(421888K)
[2.678s][info][gc,metaspace   ] GC(79) Metaspace: 6301K(6464K)->6301K(6464K) NonClass: 5768K(5824K)->5768K(5824K) Class: 533K(640K)->533K(640K)
[2.678s][info][gc             ] GC(79) Pause Young (Allocation Failure) 414M->414M(471M) 13.951ms
[2.678s][info][gc,cpu         ] GC(79) User=0.02s Sys=0.00s Real=0.01s
[2.678s][info][gc,start       ] GC(80) Pause Full (Ergonomics)
[2.678s][info][gc,phases,start] GC(80) Marking Phase
[2.773s][info][gc,phases      ] GC(80) Marking Phase 95.761ms
[2.774s][info][gc,phases,start] GC(80) Summary Phase
[2.774s][info][gc,phases      ] GC(80) Summary Phase 0.043ms
[2.774s][info][gc,phases,start] GC(80) Adjust Roots
[2.774s][info][gc,phases      ] GC(80) Adjust Roots 0.367ms
[2.774s][info][gc,phases,start] GC(80) Compaction Phase
[2.825s][info][gc,phases      ] GC(80) Compaction Phase 50.962ms
[2.825s][info][gc,phases,start] GC(80) Post Compact
[2.827s][info][gc,phases      ] GC(80) Post Compact 2.319ms
[2.828s][info][gc,heap        ] GC(80) PSYoungGen: 14496K(60928K)->2014K(60928K) Eden: 0K(7680K)->0K(7680K) From: 14496K(53248K)->2014K(53248K)
[2.828s][info][gc,heap        ] GC(80) ParOldGen: 409781K(421888K)->421387K(474112K)
[2.828s][info][gc,metaspace   ] GC(80) Metaspace: 6301K(6464K)->6301K(6464K) NonClass: 5768K(5824K)->5768K(5824K) Class: 533K(640K)->533K(640K)
[2.828s][info][gc             ] GC(80) Pause Full (Ergonomics) 414M->413M(522M) 150.084ms
[2.828s][info][gc,cpu         ] GC(80) User=0.91s Sys=0.00s Real=0.15s
[2.836s][info][gc,start       ] GC(81) Pause Young (Allocation Failure)
[2.860s][info][gc,heap        ] GC(81) PSYoungGen: 9694K(60928K)->7776K(60928K) Eden: 7680K(7680K)->0K(8704K) From: 2014K(53248K)->7776K(52224K)
[2.860s][info][gc,heap        ] GC(81) ParOldGen: 421387K(474112K)->423459K(474112K)
[2.860s][info][gc,metaspace   ] GC(81) Metaspace: 6301K(6464K)->6301K(6464K) NonClass: 5768K(5824K)->5768K(5824K) Class: 533K(640K)->533K(640K)
[2.860s][info][gc             ] GC(81) Pause Young (Allocation Failure) 420M->421M(522M) 23.802ms
[2.860s][info][gc,cpu         ] GC(81) User=0.12s Sys=0.00s Real=0.02s
[2.870s][info][gc,start       ] GC(82) Pause Young (Allocation Failure)
[2.879s][info][gc,heap        ] GC(82) PSYoungGen: 16480K(60928K)->8832K(60928K) Eden: 8704K(8704K)->0K(8704K) From: 7776K(52224K)->8832K(52224K)
[2.879s][info][gc,heap        ] GC(82) ParOldGen: 423459K(474112K)->431251K(474112K)
[2.879s][info][gc,metaspace   ] GC(82) Metaspace: 6301K(6464K)->6301K(6464K) NonClass: 5768K(5824K)->5768K(5824K) Class: 533K(640K)->533K(640K)
[2.879s][info][gc             ] GC(82) Pause Young (Allocation Failure) 429M->429M(522M) 9.600ms
[2.879s][info][gc,cpu         ] GC(82) User=0.02s Sys=0.00s Real=0.01s
[2.888s][info][gc,start       ] GC(83) Pause Young (Allocation Failure)
[2.899s][info][gc,heap        ] GC(83) PSYoungGen: 17536K(60928K)->8800K(58880K) Eden: 8704K(8704K)->0K(9728K) From: 8832K(52224K)->8800K(49152K)
[2.899s][info][gc,heap        ] GC(83) ParOldGen: 431251K(474112K)->440067K(474112K)
[2.899s][info][gc,metaspace   ] GC(83) Metaspace: 6301K(6464K)->6301K(6464K) NonClass: 5768K(5824K)->5768K(5824K) Class: 533K(640K)->533K(640K)
[2.899s][info][gc             ] GC(83) Pause Young (Allocation Failure) 438M->438M(520M) 10.436ms
[2.899s][info][gc,cpu         ] GC(83) User=0.02s Sys=0.00s Real=0.01s
[2.910s][info][gc,start       ] GC(84) Pause Young (Allocation Failure)
[2.920s][info][gc,heap        ] GC(84) PSYoungGen: 18528K(58880K)->9824K(59904K) Eden: 9728K(9728K)->0K(9728K) From: 8800K(49152K)->9824K(50176K)
[2.920s][info][gc,heap        ] GC(84) ParOldGen: 440067K(474112K)->448899K(474112K)
[2.920s][info][gc,metaspace   ] GC(84) Metaspace: 6301K(6464K)->6301K(6464K) NonClass: 5768K(5824K)->5768K(5824K) Class: 533K(640K)->533K(640K)
[2.920s][info][gc             ] GC(84) Pause Young (Allocation Failure) 447M->447M(521M) 10.647ms
[2.920s][info][gc,cpu         ] GC(84) User=0.00s Sys=0.00s Real=0.01s
[2.931s][info][gc,start       ] GC(85) Pause Young (Allocation Failure)
[2.942s][info][gc,heap        ] GC(85) PSYoungGen: 19552K(59904K)->9888K(56832K) Eden: 9728K(9728K)->0K(10752K) From: 9824K(50176K)->9888K(46080K)
[2.942s][info][gc,heap        ] GC(85) ParOldGen: 448899K(474112K)->458771K(474112K)
[2.942s][info][gc,metaspace   ] GC(85) Metaspace: 6301K(6464K)->6301K(6464K) NonClass: 5768K(5824K)->5768K(5824K) Class: 533K(640K)->533K(640K)
[2.942s][info][gc             ] GC(85) Pause Young (Allocation Failure) 457M->457M(518M) 11.751ms
[2.942s][info][gc,cpu         ] GC(85) User=0.02s Sys=0.00s Real=0.01s
[2.943s][info][gc,start       ] GC(86) Pause Full (Ergonomics)
[2.943s][info][gc,phases,start] GC(86) Marking Phase
[3.041s][info][gc,phases      ] GC(86) Marking Phase 98.349ms
[3.041s][info][gc,phases,start] GC(86) Summary Phase
[3.041s][info][gc,phases      ] GC(86) Summary Phase 0.032ms
[3.041s][info][gc,phases,start] GC(86) Adjust Roots
[3.041s][info][gc,phases      ] GC(86) Adjust Roots 0.233ms
[3.041s][info][gc,phases,start] GC(86) Compaction Phase
[3.086s][info][gc,phases      ] GC(86) Compaction Phase 44.337ms
[3.086s][info][gc,phases,start] GC(86) Post Compact
[3.088s][info][gc,phases      ] GC(86) Post Compact 2.512ms
[3.089s][info][gc,heap        ] GC(86) PSYoungGen: 9888K(56832K)->0K(58368K) Eden: 0K(10752K)->0K(10752K) From: 9888K(46080K)->0K(47616K)
[3.089s][info][gc,heap        ] GC(86) ParOldGen: 458771K(474112K)->467782K(523776K)
[3.089s][info][gc,metaspace   ] GC(86) Metaspace: 6301K(6464K)->6301K(6464K) NonClass: 5768K(5824K)->5768K(5824K) Class: 533K(640K)->533K(640K)
[3.089s][info][gc             ] GC(86) Pause Full (Ergonomics) 457M->456M(568M) 146.168ms
[3.089s][info][gc,cpu         ] GC(86) User=1.00s Sys=0.00s Real=0.15s
[3.102s][info][gc,start       ] GC(87) Pause Young (Allocation Failure)
[3.110s][info][gc,heap        ] GC(87) PSYoungGen: 10752K(58368K)->10912K(55808K) Eden: 10752K(10752K)->0K(12288K) From: 0K(47616K)->10912K(43520K)
[3.110s][info][gc,heap        ] GC(87) ParOldGen: 467782K(523776K)->467782K(523776K)
[3.110s][info][gc,metaspace   ] GC(87) Metaspace: 6301K(6464K)->6301K(6464K) NonClass: 5768K(5824K)->5768K(5824K) Class: 533K(640K)->533K(640K)
[3.110s][info][gc             ] GC(87) Pause Young (Allocation Failure) 467M->467M(566M) 8.180ms
[3.110s][info][gc,cpu         ] GC(87) User=0.02s Sys=0.00s Real=0.01s
[3.124s][info][gc,start       ] GC(88) Pause Young (Allocation Failure)
[3.137s][info][gc,heap        ] GC(88) PSYoungGen: 23200K(55808K)->23136K(57856K) Eden: 12288K(12288K)->0K(12288K) From: 10912K(43520K)->23136K(45568K)
[3.137s][info][gc,heap        ] GC(88) ParOldGen: 467782K(523776K)->467782K(523776K)
[3.137s][info][gc,metaspace   ] GC(88) Metaspace: 6301K(6464K)->6301K(6464K) NonClass: 5768K(5824K)->5768K(5824K) Class: 533K(640K)->533K(640K)
[3.137s][info][gc             ] GC(88) Pause Young (Allocation Failure) 479M->479M(568M) 12.734ms
[3.137s][info][gc,cpu         ] GC(88) User=0.00s Sys=0.00s Real=0.01s
[3.152s][info][gc,start       ] GC(89) Pause Young (Allocation Failure)
[3.170s][info][gc,heap        ] GC(89) PSYoungGen: 35424K(57856K)->35456K(54784K) Eden: 12288K(12288K)->0K(9728K) From: 23136K(45568K)->35456K(45056K)
[3.170s][info][gc,heap        ] GC(89) ParOldGen: 467782K(523776K)->467782K(523776K)
[3.170s][info][gc,metaspace   ] GC(89) Metaspace: 6301K(6464K)->6301K(6464K) NonClass: 5768K(5824K)->5768K(5824K) Class: 533K(640K)->533K(640K)
[3.170s][info][gc             ] GC(89) Pause Young (Allocation Failure) 491M->491M(565M) 17.701ms
[3.170s][info][gc,cpu         ] GC(89) User=0.12s Sys=0.00s Real=0.02s
[3.181s][info][gc,start       ] GC(90) Pause Young (Allocation Failure)
[3.203s][info][gc,heap        ] GC(90) PSYoungGen: 45184K(54784K)->45184K(58880K) Eden: 9728K(9728K)->0K(9728K) From: 35456K(45056K)->45184K(49152K)
[3.203s][info][gc,heap        ] GC(90) ParOldGen: 467782K(523776K)->467782K(523776K)
[3.203s][info][gc,metaspace   ] GC(90) Metaspace: 6301K(6464K)->6301K(6464K) NonClass: 5768K(5824K)->5768K(5824K) Class: 533K(640K)->533K(640K)
[3.203s][info][gc             ] GC(90) Pause Young (Allocation Failure) 500M->500M(569M) 22.210ms
[3.203s][info][gc,cpu         ] GC(90) User=0.12s Sys=0.00s Real=0.02s
[3.214s][info][gc,start       ] GC(91) Pause Young (Allocation Failure)
[3.241s][info][gc,heap        ] GC(91) PSYoungGen: 54912K(58880K)->44160K(61952K) Eden: 9728K(9728K)->0K(6144K) From: 45184K(49152K)->44160K(55808K)
[3.241s][info][gc,heap        ] GC(91) ParOldGen: 467782K(523776K)->478678K(523776K)
[3.241s][info][gc,metaspace   ] GC(91) Metaspace: 6301K(6464K)->6301K(6464K) NonClass: 5768K(5824K)->5768K(5824K) Class: 533K(640K)->533K(640K)
[3.241s][info][gc             ] GC(91) Pause Young (Allocation Failure) 510M->510M(572M) 26.708ms
[3.241s][info][gc,cpu         ] GC(91) User=0.14s Sys=0.00s Real=0.03s
[3.248s][info][gc,start       ] GC(92) Pause Young (Allocation Failure)
[3.272s][info][gc,heap        ] GC(92) PSYoungGen: 50304K(61952K)->37952K(66560K) Eden: 6144K(6144K)->0K(6144K) From: 44160K(55808K)->37952K(60416K)
[3.272s][info][gc,heap        ] GC(92) ParOldGen: 478678K(523776K)->491150K(523776K)
[3.272s][info][gc,metaspace   ] GC(92) Metaspace: 6301K(6464K)->6301K(6464K) NonClass: 5768K(5824K)->5768K(5824K) Class: 533K(640K)->533K(640K)
[3.272s][info][gc             ] GC(92) Pause Young (Allocation Failure) 516M->516M(576M) 24.404ms
[3.272s][info][gc,cpu         ] GC(92) User=0.14s Sys=0.00s Real=0.02s
[3.279s][info][gc,start       ] GC(93) Pause Young (Allocation Failure)
[3.301s][info][gc,heap        ] GC(93) PSYoungGen: 44096K(66560K)->22112K(62976K) Eden: 6144K(6144K)->0K(7168K) From: 37952K(60416K)->22112K(55808K)
[3.301s][info][gc,heap        ] GC(93) ParOldGen: 491150K(523776K)->513438K(523776K)
[3.301s][info][gc,metaspace   ] GC(93) Metaspace: 6301K(6464K)->6301K(6464K) NonClass: 5768K(5824K)->5768K(5824K) Class: 533K(640K)->533K(640K)
[3.301s][info][gc             ] GC(93) Pause Young (Allocation Failure) 522M->522M(573M) 21.842ms
[3.301s][info][gc,cpu         ] GC(93) User=0.22s Sys=0.02s Real=0.02s
[3.301s][info][gc,start       ] GC(94) Pause Full (Ergonomics)
[3.301s][info][gc,phases,start] GC(94) Marking Phase
[3.418s][info][gc,phases      ] GC(94) Marking Phase 116.987ms
[3.418s][info][gc,phases,start] GC(94) Summary Phase
[3.418s][info][gc,phases      ] GC(94) Summary Phase 0.040ms
[3.418s][info][gc,phases,start] GC(94) Adjust Roots
[3.418s][info][gc,phases      ] GC(94) Adjust Roots 0.296ms
[3.418s][info][gc,phases,start] GC(94) Compaction Phase
[3.472s][info][gc,phases      ] GC(94) Compaction Phase 53.956ms
[3.472s][info][gc,phases,start] GC(94) Post Compact
[3.474s][info][gc,phases      ] GC(94) Post Compact 1.179ms
[3.474s][info][gc,heap        ] GC(94) PSYoungGen: 22112K(62976K)->11195K(64000K) Eden: 0K(7168K)->0K(8192K) From: 22112K(55808K)->11195K(55808K)
[3.474s][info][gc,heap        ] GC(94) ParOldGen: 513438K(523776K)->523443K(588800K)
[3.474s][info][gc,metaspace   ] GC(94) Metaspace: 6301K(6464K)->6301K(6464K) NonClass: 5768K(5824K)->5768K(5824K) Class: 533K(640K)->533K(640K)
[3.474s][info][gc             ] GC(94) Pause Full (Ergonomics) 522M->522M(637M) 173.181ms
[3.474s][info][gc,cpu         ] GC(94) User=1.16s Sys=0.00s Real=0.17s
[3.483s][info][gc,start       ] GC(95) Pause Young (Allocation Failure)
[3.515s][info][gc,heap        ] GC(95) PSYoungGen: 19387K(64000K)->10752K(67072K) Eden: 8192K(8192K)->0K(8192K) From: 11195K(55808K)->10752K(58880K)
[3.515s][info][gc,heap        ] GC(95) ParOldGen: 523443K(588800K)->532307K(588800K)
[3.515s][info][gc,metaspace   ] GC(95) Metaspace: 6301K(6464K)->6301K(6464K) NonClass: 5768K(5824K)->5768K(5824K) Class: 533K(640K)->533K(640K)
[3.515s][info][gc             ] GC(95) Pause Young (Allocation Failure) 530M->530M(640M) 32.252ms
[3.515s][info][gc,cpu         ] GC(95) User=0.14s Sys=0.02s Real=0.03s
[3.524s][info][gc,start       ] GC(96) Pause Young (Allocation Failure)
[3.536s][info][gc,heap        ] GC(96) PSYoungGen: 18944K(67072K)->16448K(63488K) Eden: 8192K(8192K)->0K(9728K) From: 10752K(58880K)->16448K(53760K)
[3.536s][info][gc,heap        ] GC(96) ParOldGen: 532307K(588800K)->534851K(588800K)
[3.536s][info][gc,metaspace   ] GC(96) Metaspace: 6301K(6464K)->6301K(6464K) NonClass: 5768K(5824K)->5768K(5824K) Class: 533K(640K)->533K(640K)
[3.536s][info][gc             ] GC(96) Pause Young (Allocation Failure) 538M->538M(637M) 11.863ms
[3.536s][info][gc,cpu         ] GC(96) User=0.02s Sys=0.00s Real=0.01s
[3.547s][info][gc,start       ] GC(97) Pause Young (Allocation Failure)
[3.563s][info][gc,heap        ] GC(97) PSYoungGen: 26176K(63488K)->18048K(28160K) Eden: 9728K(9728K)->0K(9728K) From: 16448K(53760K)->18048K(18432K)
[3.563s][info][gc,heap        ] GC(97) ParOldGen: 534851K(588800K)->543171K(588800K)
[3.563s][info][gc,metaspace   ] GC(97) Metaspace: 6301K(6464K)->6301K(6464K) NonClass: 5768K(5824K)->5768K(5824K) Class: 533K(640K)->533K(640K)
[3.563s][info][gc             ] GC(97) Pause Young (Allocation Failure) 547M->548M(602M) 15.394ms
[3.563s][info][gc,cpu         ] GC(97) User=0.00s Sys=0.00s Real=0.01s
[3.574s][info][gc,start       ] GC(98) Pause Young (Allocation Failure)
[3.589s][info][gc,heap        ] GC(98) PSYoungGen: 27776K(28160K)->19584K(59392K) Eden: 9728K(9728K)->0K(11264K) From: 18048K(18432K)->19584K(48128K)
[3.590s][info][gc,heap        ] GC(98) ParOldGen: 543171K(588800K)->551483K(588800K)
[3.590s][info][gc,metaspace   ] GC(98) Metaspace: 6301K(6464K)->6301K(6464K) NonClass: 5768K(5824K)->5768K(5824K) Class: 533K(640K)->533K(640K)
[3.590s][info][gc             ] GC(98) Pause Young (Allocation Failure) 557M->557M(633M) 15.512ms
[3.590s][info][gc,cpu         ] GC(98) User=0.02s Sys=0.00s Real=0.02s
[3.603s][info][gc,start       ] GC(99) Pause Young (Allocation Failure)
[3.621s][info][gc,heap        ] GC(99) PSYoungGen: 30848K(59392K)->11360K(61952K) Eden: 11264K(11264K)->0K(11264K) From: 19584K(48128K)->11360K(50688K)
[3.621s][info][gc,heap        ] GC(99) ParOldGen: 551483K(588800K)->571171K(588800K)
[3.621s][info][gc,metaspace   ] GC(99) Metaspace: 6301K(6464K)->6301K(6464K) NonClass: 5768K(5824K)->5768K(5824K) Class: 533K(640K)->533K(640K)
[3.621s][info][gc             ] GC(99) Pause Young (Allocation Failure) 568M->568M(635M) 18.080ms
[3.621s][info][gc,cpu         ] GC(99) User=0.03s Sys=0.00s Real=0.02s
[3.621s][info][gc,start       ] GC(100) Pause Full (Ergonomics)
[3.621s][info][gc,phases,start] GC(100) Marking Phase
[3.749s][info][gc,phases      ] GC(100) Marking Phase 127.988ms
[3.749s][info][gc,phases,start] GC(100) Summary Phase
[3.749s][info][gc,phases      ] GC(100) Summary Phase 0.046ms
[3.750s][info][gc,phases,start] GC(100) Adjust Roots
[3.750s][info][gc,phases      ] GC(100) Adjust Roots 0.218ms
[3.750s][info][gc,phases,start] GC(100) Compaction Phase
[3.805s][info][gc,phases      ] GC(100) Compaction Phase 55.693ms
[3.806s][info][gc,phases,start] GC(100) Post Compact
[3.807s][info][gc,phases      ] GC(100) Post Compact 1.207ms
[3.807s][info][gc,heap        ] GC(100) PSYoungGen: 11360K(61952K)->0K(62976K) Eden: 0K(11264K)->0K(12800K) From: 11360K(50688K)->0K(50176K)
[3.807s][info][gc,heap        ] GC(100) ParOldGen: 571171K(588800K)->581586K(651264K)
[3.807s][info][gc,metaspace   ] GC(100) Metaspace: 6301K(6464K)->6301K(6464K) NonClass: 5768K(5824K)->5768K(5824K) Class: 533K(640K)->533K(640K)
[3.807s][info][gc             ] GC(100) Pause Full (Ergonomics) 568M->567M(697M) 185.734ms
[3.807s][info][gc,cpu         ] GC(100) User=1.30s Sys=0.02s Real=0.19s
[3.822s][info][gc,start       ] GC(101) Pause Young (Allocation Failure)
[3.830s][info][gc,heap        ] GC(101) PSYoungGen: 12800K(62976K)->12928K(62976K) Eden: 12800K(12800K)->0K(12800K) From: 0K(50176K)->12928K(50176K)
[3.830s][info][gc,heap        ] GC(101) ParOldGen: 581586K(651264K)->581586K(651264K)
[3.830s][info][gc,metaspace   ] GC(101) Metaspace: 6301K(6464K)->6301K(6464K) NonClass: 5768K(5824K)->5768K(5824K) Class: 533K(640K)->533K(640K)
[3.830s][info][gc             ] GC(101) Pause Young (Allocation Failure) 580M->580M(697M) 8.497ms
[3.830s][info][gc,cpu         ] GC(101) User=0.02s Sys=0.00s Real=0.01s
[3.845s][info][gc,start       ] GC(102) Pause Young (Allocation Failure)
[3.860s][info][gc,heap        ] GC(102) PSYoungGen: 25728K(62976K)->25792K(60928K) Eden: 12800K(12800K)->0K(14336K) From: 12928K(50176K)->25792K(46592K)
[3.860s][info][gc,heap        ] GC(102) ParOldGen: 581586K(651264K)->581586K(651264K)
[3.860s][info][gc,metaspace   ] GC(102) Metaspace: 6301K(6464K)->6301K(6464K) NonClass: 5768K(5824K)->5768K(5824K) Class: 533K(640K)->533K(640K)
[3.860s][info][gc             ] GC(102) Pause Young (Allocation Failure) 593M->593M(695M) 15.032ms
[3.860s][info][gc,cpu         ] GC(102) User=0.02s Sys=0.00s Real=0.02s
[3.877s][info][gc,start       ] GC(103) Pause Young (Allocation Failure)
[3.898s][info][gc,heap        ] GC(103) PSYoungGen: 40128K(60928K)->40096K(61952K) Eden: 14336K(14336K)->0K(14336K) From: 25792K(46592K)->40096K(47616K)
[3.898s][info][gc,heap        ] GC(103) ParOldGen: 581586K(651264K)->581586K(651264K)
[3.898s][info][gc,metaspace   ] GC(103) Metaspace: 6301K(6464K)->6301K(6464K) NonClass: 5768K(5824K)->5768K(5824K) Class: 533K(640K)->533K(640K)
[3.898s][info][gc             ] GC(103) Pause Young (Allocation Failure) 607M->607M(696M) 21.107ms
[3.898s][info][gc,cpu         ] GC(103) User=0.11s Sys=0.00s Real=0.02s
[3.916s][info][gc,start       ] GC(104) Pause Young (Allocation Failure)
[3.944s][info][gc,heap        ] GC(104) PSYoungGen: 54432K(61952K)->41632K(64000K) Eden: 14336K(14336K)->0K(11776K) From: 40096K(47616K)->41632K(52224K)
[3.944s][info][gc,heap        ] GC(104) ParOldGen: 581586K(651264K)->594554K(651264K)
[3.944s][info][gc,metaspace   ] GC(104) Metaspace: 6301K(6464K)->6301K(6464K) NonClass: 5768K(5824K)->5768K(5824K) Class: 533K(640K)->533K(640K)
[3.944s][info][gc             ] GC(104) Pause Young (Allocation Failure) 621M->621M(698M) 28.687ms
[3.944s][info][gc,cpu         ] GC(104) User=0.14s Sys=0.00s Real=0.03s
[3.959s][info][gc,start       ] GC(105) Pause Young (Allocation Failure)
[3.986s][info][gc,heap        ] GC(105) PSYoungGen: 53408K(64000K)->40544K(68096K) Eden: 11776K(11776K)->0K(11776K) From: 41632K(52224K)->40544K(56320K)
[3.987s][info][gc,heap        ] GC(105) ParOldGen: 594554K(651264K)->607538K(651264K)
[3.987s][info][gc,metaspace   ] GC(105) Metaspace: 6301K(6464K)->6301K(6464K) NonClass: 5768K(5824K)->5768K(5824K) Class: 533K(640K)->533K(640K)
[3.987s][info][gc             ] GC(105) Pause Young (Allocation Failure) 632M->632M(702M) 27.474ms
[3.987s][info][gc,cpu         ] GC(105) User=0.12s Sys=0.00s Real=0.03s
[4.000s][info][gc,start       ] GC(106) Pause Young (Allocation Failure)
[4.028s][info][gc,heap        ] GC(106) PSYoungGen: 52320K(68096K)->38016K(71168K) Eden: 11776K(11776K)->0K(12288K) From: 40544K(56320K)->38016K(58880K)
[4.028s][info][gc,heap        ] GC(106) ParOldGen: 607538K(651264K)->622082K(651264K)
[4.028s][info][gc,metaspace   ] GC(106) Metaspace: 6301K(6464K)->6301K(6464K) NonClass: 5768K(5824K)->5768K(5824K) Class: 533K(640K)->533K(640K)
[4.028s][info][gc             ] GC(106) Pause Young (Allocation Failure) 644M->644M(705M) 27.736ms
[4.028s][info][gc,cpu         ] GC(106) User=0.11s Sys=0.00s Real=0.03s
[4.042s][info][gc,start       ] GC(107) Pause Young (Allocation Failure)
[4.069s][info][gc,heap        ] GC(107) PSYoungGen: 50304K(71168K)->24160K(36864K) Eden: 12288K(12288K)->0K(12288K) From: 38016K(58880K)->24160K(24576K)
[4.069s][info][gc,heap        ] GC(107) ParOldGen: 622082K(651264K)->648546K(651264K)
[4.070s][info][gc,metaspace   ] GC(107) Metaspace: 6301K(6464K)->6301K(6464K) NonClass: 5768K(5824K)->5768K(5824K) Class: 533K(640K)->533K(640K)
[4.070s][info][gc             ] GC(107) Pause Young (Allocation Failure) 656M->656M(672M) 27.059ms
[4.070s][info][gc,cpu         ] GC(107) User=0.08s Sys=0.06s Real=0.03s
[4.070s][info][gc,start       ] GC(108) Pause Full (Ergonomics)
[4.070s][info][gc,phases,start] GC(108) Marking Phase
[4.221s][info][gc,phases      ] GC(108) Marking Phase 151.604ms
[4.221s][info][gc,phases,start] GC(108) Summary Phase
[4.221s][info][gc,phases      ] GC(108) Summary Phase 0.032ms
[4.221s][info][gc,phases,start] GC(108) Adjust Roots
[4.222s][info][gc,phases      ] GC(108) Adjust Roots 0.266ms
[4.222s][info][gc,phases,start] GC(108) Compaction Phase
[4.284s][info][gc,phases      ] GC(108) Compaction Phase 62.074ms
[4.284s][info][gc,phases,start] GC(108) Post Compact
[4.285s][info][gc,phases      ] GC(108) Post Compact 1.342ms
[4.286s][info][gc,heap        ] GC(108) PSYoungGen: 24160K(36864K)->20427K(36864K) Eden: 0K(12288K)->0K(12288K) From: 24160K(24576K)->20427K(24576K)
[4.286s][info][gc,heap        ] GC(108) ParOldGen: 648546K(651264K)->651052K(731648K)
[4.286s][info][gc,metaspace   ] GC(108) Metaspace: 6301K(6464K)->6301K(6464K) NonClass: 5768K(5824K)->5768K(5824K) Class: 533K(640K)->533K(640K)
[4.286s][info][gc             ] GC(108) Pause Full (Ergonomics) 656M->655M(750M) 216.026ms
[4.286s][info][gc,cpu         ] GC(108) User=1.44s Sys=0.00s Real=0.22s
[4.302s][info][gc,start       ] GC(109) Pause Young (Allocation Failure)
[4.347s][info][gc,heap        ] GC(109) PSYoungGen: 32715K(36864K)->12384K(70144K) Eden: 12288K(12288K)->0K(13824K) From: 20427K(24576K)->12384K(56320K)
[4.347s][info][gc,heap        ] GC(109) ParOldGen: 651052K(731648K)->671828K(731648K)
[4.347s][info][gc,metaspace   ] GC(109) Metaspace: 6301K(6464K)->6301K(6464K) NonClass: 5768K(5824K)->5768K(5824K) Class: 533K(640K)->533K(640K)
[4.347s][info][gc             ] GC(109) Pause Young (Allocation Failure) 667M->668M(783M) 45.360ms
[4.347s][info][gc,cpu         ] GC(109) User=0.25s Sys=0.00s Real=0.04s
[4.365s][info][gc,start       ] GC(110) Pause Young (Allocation Failure)
[4.382s][info][gc,heap        ] GC(110) PSYoungGen: 26208K(70144K)->13920K(70656K) Eden: 13824K(13824K)->0K(13824K) From: 12384K(56320K)->13920K(56832K)
[4.382s][info][gc,heap        ] GC(110) ParOldGen: 671828K(731648K)->684300K(731648K)
[4.382s][info][gc,metaspace   ] GC(110) Metaspace: 6301K(6464K)->6301K(6464K) NonClass: 5768K(5824K)->5768K(5824K) Class: 533K(640K)->533K(640K)
[4.382s][info][gc             ] GC(110) Pause Young (Allocation Failure) 681M->681M(783M) 16.803ms
[4.382s][info][gc,cpu         ] GC(110) User=0.02s Sys=0.00s Real=0.02s
[4.529s][info][gc,start       ] GC(111) Pause Full (Ergonomics)
[4.529s][info][gc,phases,start] GC(111) Marking Phase
[4.688s][info][gc,phases      ] GC(111) Marking Phase 158.955ms
[4.688s][info][gc,phases,start] GC(111) Summary Phase
[4.688s][info][gc,phases      ] GC(111) Summary Phase 0.054ms
[4.688s][info][gc,phases,start] GC(111) Adjust Roots
[4.688s][info][gc,phases      ] GC(111) Adjust Roots 0.283ms
[4.688s][info][gc,phases,start] GC(111) Compaction Phase
[4.812s][info][gc,phases      ] GC(111) Compaction Phase 123.605ms
[4.812s][info][gc,phases,start] GC(111) Post Compact
[4.813s][info][gc,phases      ] GC(111) Post Compact 1.413ms
[4.814s][info][gc,heap        ] GC(111) PSYoungGen: 27744K(70656K)->0K(71168K) Eden: 13824K(13824K)->0K(15360K) From: 13920K(56832K)->0K(55808K)
[4.814s][info][gc,heap        ] GC(111) ParOldGen: 717068K(731648K)->727710K(814592K)
[4.814s][info][gc,metaspace   ] GC(111) Metaspace: 6301K(6464K)->6301K(6464K) NonClass: 5768K(5824K)->5768K(5824K) Class: 533K(640K)->533K(640K)
[4.814s][info][gc             ] GC(111) Pause Full (Ergonomics) 727M->710M(865M) 285.054ms
[4.814s][info][gc,cpu         ] GC(111) User=1.95s Sys=0.00s Real=0.29s
[4.830s][info][gc,start       ] GC(112) Pause Young (Allocation Failure)
[4.844s][info][gc,heap        ] GC(112) PSYoungGen: 15360K(71168K)->15488K(71168K) Eden: 15360K(15360K)->0K(15360K) From: 0K(55808K)->15488K(55808K)
[4.844s][info][gc,heap        ] GC(112) ParOldGen: 727710K(814592K)->727710K(814592K)
[4.844s][info][gc,metaspace   ] GC(112) Metaspace: 6301K(6464K)->6301K(6464K) NonClass: 5768K(5824K)->5768K(5824K) Class: 533K(640K)->533K(640K)
[4.844s][info][gc             ] GC(112) Pause Young (Allocation Failure) 725M->725M(865M) 13.979ms
[4.844s][info][gc,cpu         ] GC(112) User=0.02s Sys=0.00s Real=0.01s
[4.860s][info][gc,start       ] GC(113) Pause Young (Allocation Failure)
[4.878s][info][gc,heap        ] GC(113) PSYoungGen: 30848K(71168K)->30880K(70144K) Eden: 15360K(15360K)->0K(16896K) From: 15488K(55808K)->30880K(53248K)
[4.879s][info][gc,heap        ] GC(113) ParOldGen: 727710K(814592K)->727710K(814592K)
[4.879s][info][gc,metaspace   ] GC(113) Metaspace: 6301K(6464K)->6301K(6464K) NonClass: 5768K(5824K)->5768K(5824K) Class: 533K(640K)->533K(640K)
[4.879s][info][gc             ] GC(113) Pause Young (Allocation Failure) 740M->740M(864M) 18.625ms
[4.879s][info][gc,cpu         ] GC(113) User=0.02s Sys=0.00s Real=0.02s
[4.897s][info][gc,start       ] GC(114) Pause Young (Allocation Failure)
[4.921s][info][gc,heap        ] GC(114) PSYoungGen: 47776K(70144K)->47744K(70656K) Eden: 16896K(16896K)->0K(16896K) From: 30880K(53248K)->47744K(53760K)
[4.921s][info][gc,heap        ] GC(114) ParOldGen: 727710K(814592K)->727710K(814592K)
[4.921s][info][gc,metaspace   ] GC(114) Metaspace: 6301K(6464K)->6301K(6464K) NonClass: 5768K(5824K)->5768K(5824K) Class: 533K(640K)->533K(640K)
[4.921s][info][gc             ] GC(114) Pause Young (Allocation Failure) 757M->757M(864M) 23.981ms
[4.921s][info][gc,cpu         ] GC(114) User=0.12s Sys=0.00s Real=0.02s
[4.939s][info][gc,start       ] GC(115) Pause Young (Allocation Failure)
[4.970s][info][gc,heap        ] GC(115) PSYoungGen: 64640K(70656K)->59392K(67584K) Eden: 16896K(16896K)->0K(8192K) From: 47744K(53760K)->59392K(59392K)
[4.970s][info][gc,heap        ] GC(115) ParOldGen: 727710K(814592K)->732926K(814592K)
[4.970s][info][gc,metaspace   ] GC(115) Metaspace: 6301K(6464K)->6301K(6464K) NonClass: 5768K(5824K)->5768K(5824K) Class: 533K(640K)->533K(640K)
[4.970s][info][gc             ] GC(115) Pause Young (Allocation Failure) 773M->773M(861M) 31.573ms
[4.970s][info][gc,cpu         ] GC(115) User=0.06s Sys=0.08s Real=0.03s
[4.979s][info][gc,start       ] GC(116) Pause Young (Allocation Failure)
[5.011s][info][gc,heap        ] GC(116) PSYoungGen: 67584K(67584K)->40128K(78336K) Eden: 8192K(8192K)->0K(8192K) From: 59392K(59392K)->40128K(70144K)
[5.011s][info][gc,heap        ] GC(116) ParOldGen: 732926K(814592K)->760830K(814592K)
[5.011s][info][gc,metaspace   ] GC(116) Metaspace: 6301K(6464K)->6301K(6464K) NonClass: 5768K(5824K)->5768K(5824K) Class: 533K(640K)->533K(640K)
[5.011s][info][gc             ] GC(116) Pause Young (Allocation Failure) 781M->782M(872M) 32.256ms
[5.011s][info][gc,cpu         ] GC(116) User=0.14s Sys=0.02s Real=0.03s
[5.019s][info][gc,start       ] GC(117) Pause Young (Allocation Failure)
[5.044s][info][gc,heap        ] GC(117) PSYoungGen: 48320K(78336K)->16448K(76800K) Eden: 8192K(8192K)->0K(9728K) From: 40128K(70144K)->16448K(67072K)
[5.044s][info][gc,heap        ] GC(117) ParOldGen: 760830K(814592K)->793070K(814592K)
[5.044s][info][gc,metaspace   ] GC(117) Metaspace: 6301K(6464K)->6301K(6464K) NonClass: 5768K(5824K)->5768K(5824K) Class: 533K(640K)->533K(640K)
[5.044s][info][gc             ] GC(117) Pause Young (Allocation Failure) 790M->790M(870M) 24.384ms
[5.044s][info][gc,cpu         ] GC(117) User=0.09s Sys=0.02s Real=0.02s
[5.044s][info][gc,start       ] GC(118) Pause Full (Ergonomics)
[5.044s][info][gc,phases,start] GC(118) Marking Phase
[5.218s][info][gc,phases      ] GC(118) Marking Phase 173.976ms
[5.218s][info][gc,phases,start] GC(118) Summary Phase
[5.218s][info][gc,phases      ] GC(118) Summary Phase 0.027ms
[5.218s][info][gc,phases,start] GC(118) Adjust Roots
[5.218s][info][gc,phases      ] GC(118) Adjust Roots 0.195ms
[5.218s][info][gc,phases,start] GC(118) Compaction Phase
[5.299s][info][gc,phases      ] GC(118) Compaction Phase 81.123ms
[5.299s][info][gc,phases,start] GC(118) Post Compact
[5.301s][info][gc,phases      ] GC(118) Post Compact 1.598ms
[5.301s][info][gc,heap        ] GC(118) PSYoungGen: 16448K(76800K)->0K(78336K) Eden: 0K(9728K)->0K(9728K) From: 16448K(67072K)->0K(68608K)
[5.301s][info][gc,heap        ] GC(118) ParOldGen: 793070K(814592K)->808422K(908800K)
[5.301s][info][gc,metaspace   ] GC(118) Metaspace: 6301K(6464K)->6301K(6464K) NonClass: 5768K(5824K)->5768K(5824K) Class: 533K(640K)->533K(640K)
[5.301s][info][gc             ] GC(118) Pause Full (Ergonomics) 790M->789M(964M) 257.556ms
[5.301s][info][gc,cpu         ] GC(118) User=1.69s Sys=0.00s Real=0.26s
[5.312s][info][gc,start       ] GC(119) Pause Young (Allocation Failure)
[5.324s][info][gc,heap        ] GC(119) PSYoungGen: 9728K(78336K)->9856K(77824K) Eden: 9728K(9728K)->0K(10752K) From: 0K(68608K)->9856K(67072K)
[5.324s][info][gc,heap        ] GC(119) ParOldGen: 808422K(908800K)->808422K(908800K)
[5.324s][info][gc,metaspace   ] GC(119) Metaspace: 6301K(6464K)->6301K(6464K) NonClass: 5768K(5824K)->5768K(5824K) Class: 533K(640K)->533K(640K)
[5.324s][info][gc             ] GC(119) Pause Young (Allocation Failure) 798M->799M(963M) 11.405ms
[5.324s][info][gc,cpu         ] GC(119) User=0.00s Sys=0.00s Real=0.01s
[5.335s][info][gc,start       ] GC(120) Pause Young (Allocation Failure)
[5.349s][info][gc,heap        ] GC(120) PSYoungGen: 20608K(77824K)->10848K(78848K) Eden: 10752K(10752K)->0K(10752K) From: 9856K(67072K)->10848K(68096K)
[5.349s][info][gc,heap        ] GC(120) ParOldGen: 808422K(908800K)->818278K(908800K)
[5.349s][info][gc,metaspace   ] GC(120) Metaspace: 6301K(6464K)->6301K(6464K) NonClass: 5768K(5824K)->5768K(5824K) Class: 533K(640K)->533K(640K)
[5.349s][info][gc             ] GC(120) Pause Young (Allocation Failure) 809M->809M(964M) 14.463ms
[5.349s][info][gc,cpu         ] GC(120) User=0.03s Sys=0.00s Real=0.01s
[5.361s][info][gc,start       ] GC(121) Pause Young (Allocation Failure)
[5.377s][info][gc,heap        ] GC(121) PSYoungGen: 21600K(78848K)->10880K(76288K) Eden: 10752K(10752K)->0K(12288K) From: 10848K(68096K)->10880K(64000K)
[5.377s][info][gc,heap        ] GC(121) ParOldGen: 818278K(908800K)->829182K(908800K)
[5.377s][info][gc,metaspace   ] GC(121) Metaspace: 6301K(6464K)->6301K(6464K) NonClass: 5768K(5824K)->5768K(5824K) Class: 533K(640K)->533K(640K)
[5.377s][info][gc             ] GC(121) Pause Young (Allocation Failure) 820M->820M(962M) 15.821ms
[5.377s][info][gc,cpu         ] GC(121) User=0.02s Sys=0.00s Real=0.02s
[5.390s][info][gc,start       ] GC(122) Pause Young (Allocation Failure)
[5.405s][info][gc,heap        ] GC(122) PSYoungGen: 23168K(76288K)->12416K(25088K) Eden: 12288K(12288K)->0K(12288K) From: 10880K(64000K)->12416K(12800K)
[5.405s][info][gc,heap        ] GC(122) ParOldGen: 829182K(908800K)->840078K(908800K)
[5.405s][info][gc,metaspace   ] GC(122) Metaspace: 6301K(6464K)->6301K(6464K) NonClass: 5768K(5824K)->5768K(5824K) Class: 533K(640K)->533K(640K)
[5.405s][info][gc             ] GC(122) Pause Young (Allocation Failure) 832M->832M(912M) 15.073ms
[5.405s][info][gc,cpu         ] GC(122) User=0.00s Sys=0.00s Real=0.01s
[5.419s][info][gc,start       ] GC(123) Pause Young (Allocation Failure)
[5.435s][info][gc,heap        ] GC(123) PSYoungGen: 24704K(25088K)->12384K(73216K) Eden: 12288K(12288K)->0K(13824K) From: 12416K(12800K)->12384K(59392K)
[5.435s][info][gc,heap        ] GC(123) ParOldGen: 840078K(908800K)->852534K(908800K)
[5.435s][info][gc,metaspace   ] GC(123) Metaspace: 6301K(6464K)->6301K(6464K) NonClass: 5768K(5824K)->5768K(5824K) Class: 533K(640K)->533K(640K)
[5.435s][info][gc             ] GC(123) Pause Young (Allocation Failure) 844M->844M(959M) 16.513ms
[5.435s][info][gc,cpu         ] GC(123) User=0.03s Sys=0.00s Real=0.02s
[5.450s][info][gc,start       ] GC(124) Pause Young (Allocation Failure)
[5.467s][info][gc,heap        ] GC(124) PSYoungGen: 26208K(73216K)->13920K(28160K) Eden: 13824K(13824K)->0K(13824K) From: 12384K(59392K)->13920K(14336K)
[5.467s][info][gc,heap        ] GC(124) ParOldGen: 852534K(908800K)->864982K(908800K)
[5.467s][info][gc,metaspace   ] GC(124) Metaspace: 6301K(6464K)->6301K(6464K) NonClass: 5768K(5824K)->5768K(5824K) Class: 533K(640K)->533K(640K)
[5.467s][info][gc             ] GC(124) Pause Young (Allocation Failure) 858M->858M(915M) 17.021ms
[5.467s][info][gc,cpu         ] GC(124) User=0.03s Sys=0.00s Real=0.02s
[5.482s][info][gc,start       ] GC(125) Pause Young (Allocation Failure)
[5.500s][info][gc,heap        ] GC(125) PSYoungGen: 27744K(28160K)->13952K(70656K) Eden: 13824K(13824K)->0K(15872K) From: 13920K(14336K)->13952K(54784K)
[5.500s][info][gc,heap        ] GC(125) ParOldGen: 864982K(908800K)->878998K(908800K)
[5.500s][info][gc,metaspace   ] GC(125) Metaspace: 6301K(6464K)->6301K(6464K) NonClass: 5768K(5824K)->5768K(5824K) Class: 533K(640K)->533K(640K)
[5.500s][info][gc             ] GC(125) Pause Young (Allocation Failure) 871M->872M(956M) 17.902ms
[5.500s][info][gc,cpu         ] GC(125) User=0.06s Sys=0.06s Real=0.02s
[5.518s][info][gc,start       ] GC(126) Pause Young (Allocation Failure)
[5.536s][info][gc,heap        ] GC(126) PSYoungGen: 29824K(70656K)->16032K(32256K) Eden: 15872K(15872K)->0K(15872K) From: 13952K(54784K)->16032K(16384K)
[5.536s][info][gc,heap        ] GC(126) ParOldGen: 878998K(908800K)->893014K(908800K)
[5.536s][info][gc,metaspace   ] GC(126) Metaspace: 6301K(6464K)->6301K(6464K) NonClass: 5768K(5824K)->5768K(5824K) Class: 533K(640K)->533K(640K)
[5.536s][info][gc             ] GC(126) Pause Young (Allocation Failure) 887M->887M(919M) 18.596ms
[5.536s][info][gc,cpu         ] GC(126) User=0.03s Sys=0.00s Real=0.02s
[5.536s][info][gc,start       ] GC(127) Pause Full (Ergonomics)
[5.536s][info][gc,phases,start] GC(127) Marking Phase
[5.734s][info][gc,phases      ] GC(127) Marking Phase 198.109ms
[5.734s][info][gc,phases,start] GC(127) Summary Phase
[5.734s][info][gc,phases      ] GC(127) Summary Phase 0.055ms
[5.734s][info][gc,phases,start] GC(127) Adjust Roots
[5.735s][info][gc,phases      ] GC(127) Adjust Roots 0.315ms
[5.735s][info][gc,phases,start] GC(127) Compaction Phase
[5.826s][info][gc,phases      ] GC(127) Compaction Phase 91.617ms
[5.827s][info][gc,phases,start] GC(127) Post Compact
[5.828s][info][gc,phases      ] GC(127) Post Compact 1.635ms
[5.829s][info][gc,heap        ] GC(127) PSYoungGen: 16032K(32256K)->0K(71680K) Eden: 0K(15872K)->0K(17920K) From: 16032K(16384K)->0K(53760K)
[5.829s][info][gc,heap        ] GC(127) ParOldGen: 893014K(908800K)->907498K(1004032K)
[5.829s][info][gc,metaspace   ] GC(127) Metaspace: 6301K(6464K)->6301K(6464K) NonClass: 5768K(5824K)->5768K(5824K) Class: 533K(640K)->533K(640K)
[5.829s][info][gc             ] GC(127) Pause Full (Ergonomics) 887M->886M(1050M) 292.652ms
[5.829s][info][gc,cpu         ] GC(127) User=1.95s Sys=0.00s Real=0.29s
[5.849s][info][gc,start       ] GC(128) Pause Young (Allocation Failure)
[5.864s][info][gc,heap        ] GC(128) PSYoungGen: 17920K(71680K)->18016K(36352K) Eden: 17920K(17920K)->0K(17920K) From: 0K(53760K)->18016K(18432K)
[5.864s][info][gc,heap        ] GC(128) ParOldGen: 907498K(1004032K)->907498K(1004032K)
[5.864s][info][gc,metaspace   ] GC(128) Metaspace: 6301K(6464K)->6301K(6464K) NonClass: 5768K(5824K)->5768K(5824K) Class: 533K(640K)->533K(640K)
[5.864s][info][gc             ] GC(128) Pause Young (Allocation Failure) 903M->903M(1016M) 14.875ms
[5.864s][info][gc,cpu         ] GC(128) User=0.00s Sys=0.00s Real=0.02s
[5.885s][info][gc,start       ] GC(129) Pause Young (Allocation Failure)
[5.905s][info][gc,heap        ] GC(129) PSYoungGen: 35936K(36352K)->36000K(68608K) Eden: 17920K(17920K)->0K(17408K) From: 18016K(18432K)->36000K(51200K)
[5.906s][info][gc,heap        ] GC(129) ParOldGen: 907498K(1004032K)->907498K(1004032K)
[5.906s][info][gc,metaspace   ] GC(129) Metaspace: 6301K(6464K)->6301K(6464K) NonClass: 5768K(5824K)->5768K(5824K) Class: 533K(640K)->533K(640K)
[5.906s][info][gc             ] GC(129) Pause Young (Allocation Failure) 921M->921M(1047M) 20.128ms
[5.906s][info][gc,cpu         ] GC(129) User=0.05s Sys=0.00s Real=0.02s
[5.925s][info][gc,start       ] GC(130) Pause Young (Allocation Failure)
[5.953s][info][gc,heap        ] GC(130) PSYoungGen: 53408K(68608K)->53440K(71168K) Eden: 17408K(17408K)->0K(17408K) From: 36000K(51200K)->53440K(53760K)
[5.953s][info][gc,heap        ] GC(130) ParOldGen: 907498K(1004032K)->907498K(1004032K)
[5.953s][info][gc,metaspace   ] GC(130) Metaspace: 6301K(6464K)->6301K(6464K) NonClass: 5768K(5824K)->5768K(5824K) Class: 533K(640K)->533K(640K)
[5.953s][info][gc             ] GC(130) Pause Young (Allocation Failure) 938M->938M(1050M) 27.394ms
[5.953s][info][gc,cpu         ] GC(130) User=0.14s Sys=0.00s Real=0.03s
[5.972s][info][gc,start       ] GC(131) Pause Young (Allocation Failure)
[6.008s][info][gc,heap        ] GC(131) PSYoungGen: 70848K(71168K)->62464K(68608K) Eden: 17408K(17408K)->0K(6144K) From: 53440K(53760K)->62464K(62464K)
[6.008s][info][gc,heap        ] GC(131) ParOldGen: 907498K(1004032K)->915850K(1004032K)
[6.008s][info][gc,metaspace   ] GC(131) Metaspace: 6301K(6464K)->6301K(6464K) NonClass: 5768K(5824K)->5768K(5824K) Class: 533K(640K)->533K(640K)
[6.008s][info][gc             ] GC(131) Pause Young (Allocation Failure) 955M->955M(1047M) 35.746ms
[6.008s][info][gc,cpu         ] GC(131) User=0.23s Sys=0.00s Real=0.04s
[6.015s][info][gc,start       ] GC(132) Pause Young (Allocation Failure)
[6.048s][info][gc,heap        ] GC(132) PSYoungGen: 68608K(68608K)->37760K(44032K) Eden: 6144K(6144K)->0K(6144K) From: 62464K(62464K)->37760K(37888K)
[6.048s][info][gc,heap        ] GC(132) ParOldGen: 915850K(1004032K)->947282K(1004032K)
[6.048s][info][gc,metaspace   ] GC(132) Metaspace: 6301K(6464K)->6301K(6464K) NonClass: 5768K(5824K)->5768K(5824K) Class: 533K(640K)->533K(640K)
[6.048s][info][gc             ] GC(132) Pause Young (Allocation Failure) 961M->961M(1023M) 33.384ms
[6.048s][info][gc,cpu         ] GC(132) User=0.25s Sys=0.00s Real=0.03s
[6.055s][info][gc,start       ] GC(133) Pause Young (Allocation Failure)
[6.078s][info][gc,heap        ] GC(133) PSYoungGen: 43904K(44032K)->12384K(78336K) Eden: 6144K(6144K)->0K(7168K) From: 37760K(37888K)->12384K(71168K)
[6.078s][info][gc,heap        ] GC(133) ParOldGen: 947282K(1004032K)->979138K(1004032K)
[6.078s][info][gc,metaspace   ] GC(133) Metaspace: 6301K(6464K)->6301K(6464K) NonClass: 5768K(5824K)->5768K(5824K) Class: 533K(640K)->533K(640K)
[6.078s][info][gc             ] GC(133) Pause Young (Allocation Failure) 967M->968M(1057M) 23.414ms
[6.078s][info][gc,cpu         ] GC(133) User=0.11s Sys=0.03s Real=0.02s
[6.078s][info][gc,start       ] GC(134) Pause Full (Ergonomics)
[6.078s][info][gc,phases,start] GC(134) Marking Phase
[6.303s][info][gc,phases      ] GC(134) Marking Phase 224.747ms
[6.303s][info][gc,phases,start] GC(134) Summary Phase
[6.303s][info][gc,phases      ] GC(134) Summary Phase 0.046ms
[6.303s][info][gc,phases,start] GC(134) Adjust Roots
[6.303s][info][gc,phases      ] GC(134) Adjust Roots 0.216ms
[6.304s][info][gc,phases,start] GC(134) Compaction Phase
[6.394s][info][gc,phases      ] GC(134) Compaction Phase 90.909ms
[6.395s][info][gc,phases,start] GC(134) Post Compact
[6.396s][info][gc,phases      ] GC(134) Post Compact 1.676ms
[6.397s][info][gc,heap        ] GC(134) PSYoungGen: 12384K(78336K)->0K(79872K) Eden: 0K(7168K)->0K(7168K) From: 12384K(71168K)->0K(72704K)
[6.397s][info][gc,heap        ] GC(134) ParOldGen: 979138K(1004032K)->990261K(1103360K)
[6.397s][info][gc,metaspace   ] GC(134) Metaspace: 6301K(6464K)->6301K(6464K) NonClass: 5768K(5824K)->5768K(5824K) Class: 533K(640K)->533K(640K)
[6.397s][info][gc             ] GC(134) Pause Full (Ergonomics) 968M->967M(1155M) 318.264ms
[6.397s][info][gc,cpu         ] GC(134) User=2.05s Sys=0.00s Real=0.32s
[6.406s][info][gc,start       ] GC(135) Pause Young (Allocation Failure)
[6.417s][info][gc,heap        ] GC(135) PSYoungGen: 7168K(79872K)->7264K(79872K) Eden: 7168K(7168K)->0K(8192K) From: 0K(72704K)->7264K(71680K)
[6.417s][info][gc,heap        ] GC(135) ParOldGen: 990261K(1103360K)->990261K(1103360K)
[6.417s][info][gc,metaspace   ] GC(135) Metaspace: 6301K(6464K)->6301K(6464K) NonClass: 5768K(5824K)->5768K(5824K) Class: 533K(640K)->533K(640K)
[6.417s][info][gc             ] GC(135) Pause Young (Allocation Failure) 974M->974M(1155M) 11.285ms
[6.417s][info][gc,cpu         ] GC(135) User=0.00s Sys=0.00s Real=0.01s
[6.427s][info][gc,start       ] GC(136) Pause Young (Allocation Failure)
[6.440s][info][gc,heap        ] GC(136) PSYoungGen: 15456K(79872K)->15488K(24064K) Eden: 8192K(8192K)->0K(8192K) From: 7264K(71680K)->15488K(15872K)
[6.441s][info][gc,heap        ] GC(136) ParOldGen: 990261K(1103360K)->990261K(1103360K)
[6.441s][info][gc,metaspace   ] GC(136) Metaspace: 6301K(6464K)->6301K(6464K) NonClass: 5768K(5824K)->5768K(5824K) Class: 533K(640K)->533K(640K)
[6.441s][info][gc             ] GC(136) Pause Young (Allocation Failure) 982M->982M(1101M) 13.974ms
[6.441s][info][gc,cpu         ] GC(136) User=0.02s Sys=0.00s Real=0.02s
[6.450s][info][gc,start       ] GC(137) Pause Young (Allocation Failure)
[6.465s][info][gc,heap        ] GC(137) PSYoungGen: 23680K(24064K)->16448K(73728K) Eden: 8192K(8192K)->0K(9728K) From: 15488K(15872K)->16448K(64000K)
[6.465s][info][gc,heap        ] GC(137) ParOldGen: 990261K(1103360K)->997533K(1103360K)
[6.465s][info][gc,metaspace   ] GC(137) Metaspace: 6301K(6464K)->6301K(6464K) NonClass: 5768K(5824K)->5768K(5824K) Class: 533K(640K)->533K(640K)
[6.465s][info][gc             ] GC(137) Pause Young (Allocation Failure) 990M->990M(1149M) 15.279ms
[6.466s][info][gc,cpu         ] GC(137) User=0.02s Sys=0.00s Real=0.02s
[6.476s][info][gc,start       ] GC(138) Pause Young (Allocation Failure)
[6.493s][info][gc,heap        ] GC(138) PSYoungGen: 26176K(73728K)->18016K(28160K) Eden: 9728K(9728K)->0K(9728K) From: 16448K(64000K)->18016K(18432K)
[6.493s][info][gc,heap        ] GC(138) ParOldGen: 997533K(1103360K)->1005837K(1103360K)
[6.493s][info][gc,metaspace   ] GC(138) Metaspace: 6301K(6464K)->6301K(6464K) NonClass: 5768K(5824K)->5768K(5824K) Class: 533K(640K)->533K(640K)
[6.493s][info][gc             ] GC(138) Pause Young (Allocation Failure) 999M->999M(1105M) 17.106ms
[6.493s][info][gc,cpu         ] GC(138) User=0.03s Sys=0.00s Real=0.02s
[6.504s][info][gc,start       ] GC(139) Pause Young (Allocation Failure)
[6.522s][info][gc,heap        ] GC(139) PSYoungGen: 27744K(28160K)->19520K(67584K) Eden: 9728K(9728K)->0K(11264K) From: 18016K(18432K)->19520K(56320K)
[6.522s][info][gc,heap        ] GC(139) ParOldGen: 1005837K(1103360K)->1014141K(1103360K)
[6.522s][info][gc,metaspace   ] GC(139) Metaspace: 6301K(6464K)->6301K(6464K) NonClass: 5768K(5824K)->5768K(5824K) Class: 533K(640K)->533K(640K)
[6.522s][info][gc             ] GC(139) Pause Young (Allocation Failure) 1009M->1009M(1143M) 18.290ms
[6.522s][info][gc,cpu         ] GC(139) User=0.03s Sys=0.00s Real=0.02s
[6.534s][info][gc,start       ] GC(140) Pause Young (Allocation Failure)
[6.553s][info][gc,heap        ] GC(140) PSYoungGen: 30784K(67584K)->21088K(32768K) Eden: 11264K(11264K)->0K(11264K) From: 19520K(56320K)->21088K(21504K)
[6.553s][info][gc,heap        ] GC(140) ParOldGen: 1014141K(1103360K)->1024013K(1103360K)
[6.553s][info][gc,metaspace   ] GC(140) Metaspace: 6301K(6464K)->6301K(6464K) NonClass: 5768K(5824K)->5768K(5824K) Class: 533K(640K)->533K(640K)
[6.553s][info][gc             ] GC(140) Pause Young (Allocation Failure) 1020M->1020M(1109M) 19.064ms
[6.553s][info][gc,cpu         ] GC(140) User=0.02s Sys=0.00s Real=0.02s
[6.565s][info][gc,start       ] GC(141) Pause Young (Allocation Failure)
[6.585s][info][gc,heap        ] GC(141) PSYoungGen: 32352K(32768K)->22656K(63488K) Eden: 11264K(11264K)->0K(12800K) From: 21088K(21504K)->22656K(50688K)
[6.585s][info][gc,heap        ] GC(141) ParOldGen: 1024013K(1103360K)->1033877K(1103360K)
[6.585s][info][gc,metaspace   ] GC(141) Metaspace: 6301K(6464K)->6301K(6464K) NonClass: 5768K(5824K)->5768K(5824K) Class: 533K(640K)->533K(640K)
[6.585s][info][gc             ] GC(141) Pause Young (Allocation Failure) 1031M->1031M(1139M) 19.751ms
[6.585s][info][gc,cpu         ] GC(141) User=0.02s Sys=0.00s Real=0.02s
[6.599s][info][gc,start       ] GC(142) Pause Young (Allocation Failure)
[6.620s][info][gc,heap        ] GC(142) PSYoungGen: 35456K(63488K)->24160K(37376K) Eden: 12800K(12800K)->0K(12800K) From: 22656K(50688K)->24160K(24576K)
[6.620s][info][gc,heap        ] GC(142) ParOldGen: 1033877K(1103360K)->1045309K(1103360K)
[6.620s][info][gc,metaspace   ] GC(142) Metaspace: 6301K(6464K)->6301K(6464K) NonClass: 5768K(5824K)->5768K(5824K) Class: 533K(640K)->533K(640K)
[6.620s][info][gc             ] GC(142) Pause Young (Allocation Failure) 1044M->1044M(1114M) 20.656ms
[6.620s][info][gc,cpu         ] GC(142) User=0.12s Sys=0.00s Real=0.02s
[6.635s][info][gc,start       ] GC(143) Pause Young (Allocation Failure)
[6.656s][info][gc,heap        ] GC(143) PSYoungGen: 36960K(37376K)->25728K(61440K) Eden: 12800K(12800K)->0K(14336K) From: 24160K(24576K)->25728K(47104K)
[6.656s][info][gc,heap        ] GC(143) ParOldGen: 1045309K(1103360K)->1056725K(1103360K)
[6.656s][info][gc,metaspace   ] GC(143) Metaspace: 6301K(6464K)->6301K(6464K) NonClass: 5768K(5824K)->5768K(5824K) Class: 533K(640K)->533K(640K)
[6.656s][info][gc             ] GC(143) Pause Young (Allocation Failure) 1056M->1057M(1137M) 21.411ms
[6.656s][info][gc,cpu         ] GC(143) User=0.11s Sys=0.00s Real=0.02s
[6.673s][info][gc,start       ] GC(144) Pause Young (Allocation Failure)
[6.696s][info][gc,heap        ] GC(144) PSYoungGen: 40064K(61440K)->27264K(63488K) Eden: 14336K(14336K)->0K(14336K) From: 25728K(47104K)->27264K(49152K)
[6.696s][info][gc,heap        ] GC(144) ParOldGen: 1056725K(1103360K)->1069693K(1103360K)
[6.696s][info][gc,metaspace   ] GC(144) Metaspace: 6301K(6464K)->6301K(6464K) NonClass: 5768K(5824K)->5768K(5824K) Class: 533K(640K)->533K(640K)
[6.696s][info][gc             ] GC(144) Pause Young (Allocation Failure) 1071M->1071M(1139M) 23.217ms
[6.696s][info][gc,cpu         ] GC(144) User=0.11s Sys=0.00s Real=0.02s
[6.712s][info][gc,start       ] GC(145) Pause Young (Allocation Failure)
[6.736s][info][gc,heap        ] GC(145) PSYoungGen: 41600K(63488K)->28832K(63488K) Eden: 14336K(14336K)->0K(16384K) From: 27264K(49152K)->28832K(47104K)
[6.736s][info][gc,heap        ] GC(145) ParOldGen: 1069693K(1103360K)->1082693K(1103360K)
[6.736s][info][gc,metaspace   ] GC(145) Metaspace: 6301K(6464K)->6301K(6464K) NonClass: 5768K(5824K)->5768K(5824K) Class: 533K(640K)->533K(640K)
[6.736s][info][gc             ] GC(145) Pause Young (Allocation Failure) 1085M->1085M(1139M) 23.530ms
[6.736s][info][gc,cpu         ] GC(145) User=0.12s Sys=0.00s Real=0.02s
[6.736s][info][gc,start       ] GC(146) Pause Full (Ergonomics)
[6.736s][info][gc,phases,start] GC(146) Marking Phase
[6.991s][info][gc,phases      ] GC(146) Marking Phase 255.703ms
[6.992s][info][gc,phases,start] GC(146) Summary Phase
[6.992s][info][gc,phases      ] GC(146) Summary Phase 0.044ms
[6.992s][info][gc,phases,start] GC(146) Adjust Roots
[6.992s][info][gc,phases      ] GC(146) Adjust Roots 0.265ms
[6.992s][info][gc,phases,start] GC(146) Compaction Phase
[7.098s][info][gc,phases      ] GC(146) Compaction Phase 106.061ms
[7.098s][info][gc,phases,start] GC(146) Post Compact
[7.100s][info][gc,phases      ] GC(146) Post Compact 2.003ms
[7.101s][info][gc,heap        ] GC(146) PSYoungGen: 28832K(63488K)->6639K(64000K) Eden: 0K(16384K)->0K(16896K) From: 28832K(47104K)->6639K(47104K)
[7.101s][info][gc,heap        ] GC(146) ParOldGen: 1082693K(1103360K)->1103074K(1212416K)
[7.101s][info][gc,metaspace   ] GC(146) Metaspace: 6301K(6464K)->6301K(6464K) NonClass: 5768K(5824K)->5768K(5824K) Class: 533K(640K)->533K(640K)
[7.101s][info][gc             ] GC(146) Pause Full (Ergonomics) 1085M->1083M(1246M) 364.876ms
[7.101s][info][gc,cpu         ] GC(146) User=2.41s Sys=0.02s Real=0.36s
[7.121s][info][gc,start       ] GC(147) Pause Young (Allocation Failure)
[7.182s][info][gc,heap        ] GC(147) PSYoungGen: 23535K(64000K)->18560K(64512K) Eden: 16896K(16896K)->0K(16896K) From: 6639K(47104K)->18560K(47616K)
[7.182s][info][gc,heap        ] GC(147) ParOldGen: 1103074K(1212416K)->1108266K(1212416K)
[7.182s][info][gc,metaspace   ] GC(147) Metaspace: 6301K(6464K)->6301K(6464K) NonClass: 5768K(5824K)->5768K(5824K) Class: 533K(640K)->533K(640K)
[7.182s][info][gc             ] GC(147) Pause Young (Allocation Failure) 1100M->1100M(1247M) 60.807ms
[7.182s][info][gc,cpu         ] GC(147) User=0.38s Sys=0.00s Real=0.06s
[7.200s][info][gc,start       ] GC(148) Pause Young (Allocation Failure)
[7.221s][info][gc,heap        ] GC(148) PSYoungGen: 35456K(64512K)->35488K(62976K) Eden: 16896K(16896K)->0K(16896K) From: 18560K(47616K)->35488K(46080K)
[7.221s][info][gc,heap        ] GC(148) ParOldGen: 1108266K(1212416K)->1108266K(1212416K)
[7.221s][info][gc,metaspace   ] GC(148) Metaspace: 6301K(6464K)->6301K(6464K) NonClass: 5768K(5824K)->5768K(5824K) Class: 533K(640K)->533K(640K)
[7.221s][info][gc             ] GC(148) Pause Young (Allocation Failure) 1116M->1116M(1245M) 21.086ms
[7.222s][info][gc,cpu         ] GC(148) User=0.12s Sys=0.00s Real=0.02s
[7.241s][info][gc,start       ] GC(149) Pause Young (Allocation Failure)
[7.269s][info][gc,heap        ] GC(149) PSYoungGen: 52384K(62976K)->48128K(65024K) Eden: 16896K(16896K)->0K(16896K) From: 35488K(46080K)->48128K(48128K)
[7.270s][info][gc,heap        ] GC(149) ParOldGen: 1108266K(1212416K)->1112490K(1212416K)
[7.270s][info][gc,metaspace   ] GC(149) Metaspace: 6301K(6464K)->6301K(6464K) NonClass: 5768K(5824K)->5768K(5824K) Class: 533K(640K)->533K(640K)
[7.270s][info][gc             ] GC(149) Pause Young (Allocation Failure) 1133M->1133M(1247M) 28.926ms
[7.270s][info][gc,cpu         ] GC(149) User=0.14s Sys=0.00s Real=0.03s
[7.290s][info][gc,start       ] GC(150) Pause Young (Allocation Failure)
[7.324s][info][gc,heap        ] GC(150) PSYoungGen: 65024K(65024K)->32672K(73216K) Eden: 16896K(16896K)->0K(18944K) From: 48128K(48128K)->32672K(54272K)
[7.324s][info][gc,heap        ] GC(150) ParOldGen: 1112490K(1212416K)->1145378K(1212416K)
[7.324s][info][gc,metaspace   ] GC(150) Metaspace: 6301K(6464K)->6301K(6464K) NonClass: 5768K(5824K)->5768K(5824K) Class: 533K(640K)->533K(640K)
[7.325s][info][gc             ] GC(150) Pause Young (Allocation Failure) 1149M->1150M(1255M) 34.910ms
[7.325s][info][gc,cpu         ] GC(150) User=0.23s Sys=0.00s Real=0.04s
[7.346s][info][gc,start       ] GC(151) Pause Young (Allocation Failure)
[7.375s][info][gc,heap        ] GC(151) PSYoungGen: 51616K(73216K)->36000K(74240K) Eden: 18944K(18944K)->0K(18944K) From: 32672K(54272K)->36000K(55296K)
[7.375s][info][gc,heap        ] GC(151) ParOldGen: 1145378K(1212416K)->1161266K(1212416K)
[7.375s][info][gc,metaspace   ] GC(151) Metaspace: 6301K(6464K)->6301K(6464K) NonClass: 5768K(5824K)->5768K(5824K) Class: 533K(640K)->533K(640K)
[7.375s][info][gc             ] GC(151) Pause Young (Allocation Failure) 1168M->1169M(1256M) 28.964ms
[7.375s][info][gc,cpu         ] GC(151) User=0.14s Sys=0.00s Real=0.03s
[7.399s][info][gc,start       ] GC(152) Pause Young (Allocation Failure)
[7.434s][info][gc,heap        ] GC(152) PSYoungGen: 54944K(74240K)->38112K(75776K) Eden: 18944K(18944K)->0K(20480K) From: 36000K(55296K)->38112K(55296K)
[7.434s][info][gc,heap        ] GC(152) ParOldGen: 1161266K(1212416K)->1178426K(1212416K)
[7.434s][info][gc,metaspace   ] GC(152) Metaspace: 6301K(6464K)->6301K(6464K) NonClass: 5768K(5824K)->5768K(5824K) Class: 533K(640K)->533K(640K)
[7.434s][info][gc             ] GC(152) Pause Young (Allocation Failure) 1187M->1188M(1258M) 35.366ms
[7.434s][info][gc,cpu         ] GC(152) User=0.09s Sys=0.03s Real=0.03s
[7.459s][info][gc,start       ] GC(153) Pause Young (Allocation Failure)
[7.497s][info][gc,heap        ] GC(153) PSYoungGen: 58592K(75776K)->39552K(76800K) Eden: 20480K(20480K)->0K(20480K) From: 38112K(55296K)->39552K(56320K)
[7.497s][info][gc,heap        ] GC(153) ParOldGen: 1178426K(1212416K)->1197658K(1212416K)
[7.497s][info][gc,metaspace   ] GC(153) Metaspace: 6301K(6464K)->6301K(6464K) NonClass: 5768K(5824K)->5768K(5824K) Class: 533K(640K)->533K(640K)
[7.497s][info][gc             ] GC(153) Pause Young (Allocation Failure) 1208M->1208M(1259M) 37.860ms
[7.497s][info][gc,cpu         ] GC(153) User=0.23s Sys=0.00s Real=0.04s
[7.497s][info][gc,start       ] GC(154) Pause Full (Ergonomics)
[7.497s][info][gc,phases,start] GC(154) Marking Phase
[7.774s][info][gc,phases      ] GC(154) Marking Phase 276.979ms
[7.774s][info][gc,phases,start] GC(154) Summary Phase
[7.774s][info][gc,phases      ] GC(154) Summary Phase 0.044ms
[7.774s][info][gc,phases,start] GC(154) Adjust Roots
[7.775s][info][gc,phases      ] GC(154) Adjust Roots 0.253ms
[7.775s][info][gc,phases,start] GC(154) Compaction Phase
[7.884s][info][gc,phases      ] GC(154) Compaction Phase 109.132ms
[7.884s][info][gc,phases,start] GC(154) Post Compact
[7.886s][info][gc,phases      ] GC(154) Post Compact 2.046ms
[7.887s][info][gc,heap        ] GC(154) PSYoungGen: 39552K(76800K)->23520K(76800K) Eden: 0K(20480K)->0K(20480K) From: 39552K(56320K)->23520K(56320K)
[7.887s][info][gc,heap        ] GC(154) ParOldGen: 1197658K(1212416K)->1211927K(1337856K)
[7.887s][info][gc,metaspace   ] GC(154) Metaspace: 6301K(6464K)->6301K(6464K) NonClass: 5768K(5824K)->5768K(5824K) Class: 533K(640K)->533K(640K)
[7.887s][info][gc             ] GC(154) Pause Full (Ergonomics) 1208M->1206M(1381M) 389.718ms
[7.887s][info][gc,cpu         ] GC(154) User=2.81s Sys=0.08s Real=0.39s
[7.913s][info][gc,start       ] GC(155) Pause Young (Allocation Failure)
[7.991s][info][gc,heap        ] GC(155) PSYoungGen: 44000K(76800K)->32576K(75264K) Eden: 20480K(20480K)->0K(22528K) From: 23520K(56320K)->32576K(52736K)
[7.991s][info][gc,heap        ] GC(155) ParOldGen: 1211927K(1337856K)->1223719K(1337856K)
[7.991s][info][gc,metaspace   ] GC(155) Metaspace: 6301K(6464K)->6301K(6464K) NonClass: 5768K(5824K)->5768K(5824K) Class: 533K(640K)->533K(640K)
[7.991s][info][gc             ] GC(155) Pause Young (Allocation Failure) 1226M->1226M(1380M) 77.677ms
[7.991s][info][gc,cpu         ] GC(155) User=0.47s Sys=0.02s Real=0.08s
[8.019s][info][gc,start       ] GC(156) Pause Young (Allocation Failure)
[8.051s][info][gc,heap        ] GC(156) PSYoungGen: 55104K(75264K)->55136K(77824K) Eden: 22528K(22528K)->0K(22528K) From: 32576K(52736K)->55136K(55296K)
[8.051s][info][gc,heap        ] GC(156) ParOldGen: 1223719K(1337856K)->1223719K(1337856K)
[8.051s][info][gc,metaspace   ] GC(156) Metaspace: 6301K(6464K)->6301K(6464K) NonClass: 5768K(5824K)->5768K(5824K) Class: 533K(640K)->533K(640K)
[8.051s][info][gc             ] GC(156) Pause Young (Allocation Failure) 1248M->1248M(1382M) 31.647ms
[8.051s][info][gc,cpu         ] GC(156) User=0.16s Sys=0.00s Real=0.03s
[8.080s][info][gc,start       ] GC(157) Pause Young (Allocation Failure)
[8.136s][info][gc,heap        ] GC(157) PSYoungGen: 77664K(77824K)->61952K(73728K) Eden: 22528K(22528K)->0K(11776K) From: 55136K(55296K)->61952K(61952K)
[8.136s][info][gc,heap        ] GC(157) ParOldGen: 1223719K(1337856K)->1239511K(1337856K)
[8.136s][info][gc,metaspace   ] GC(157) Metaspace: 6301K(6464K)->6301K(6464K) NonClass: 5768K(5824K)->5768K(5824K) Class: 533K(640K)->533K(640K)
[8.136s][info][gc             ] GC(157) Pause Young (Allocation Failure) 1270M->1270M(1378M) 56.062ms
[8.136s][info][gc,cpu         ] GC(157) User=0.22s Sys=0.14s Real=0.06s
[8.147s][info][gc,start       ] GC(158) Pause Young (Allocation Failure)
[8.194s][info][gc,heap        ] GC(158) PSYoungGen: 73728K(73728K)->27680K(39936K) Eden: 11776K(11776K)->0K(11776K) From: 61952K(61952K)->27680K(28160K)
[8.194s][info][gc,heap        ] GC(158) ParOldGen: 1239511K(1337856K)->1280735K(1337856K)
[8.194s][info][gc,metaspace   ] GC(158) Metaspace: 6301K(6464K)->6301K(6464K) NonClass: 5768K(5824K)->5768K(5824K) Class: 533K(640K)->533K(640K)
[8.194s][info][gc             ] GC(158) Pause Young (Allocation Failure) 1282M->1277M(1345M) 47.116ms
[8.194s][info][gc,cpu         ] GC(158) User=0.12s Sys=0.14s Real=0.05s
[8.204s][info][gc,start       ] GC(159) Pause Young (Allocation Failure)
[8.235s][info][gc,heap        ] GC(159) PSYoungGen: 39456K(39936K)->6208K(84992K) Eden: 11776K(11776K)->0K(11776K) From: 27680K(28160K)->6208K(73216K)
[8.235s][info][gc,heap        ] GC(159) ParOldGen: 1280735K(1337856K)->1308679K(1337856K)
[8.235s][info][gc,metaspace   ] GC(159) Metaspace: 6301K(6464K)->6301K(6464K) NonClass: 5768K(5824K)->5768K(5824K) Class: 533K(640K)->533K(640K)
[8.235s][info][gc             ] GC(159) Pause Young (Allocation Failure) 1289M->1284M(1389M) 31.865ms
[8.235s][info][gc,cpu         ] GC(159) User=0.08s Sys=0.06s Real=0.03s
[8.236s][info][gc,start       ] GC(160) Pause Full (Ergonomics)
[8.236s][info][gc,phases,start] GC(160) Marking Phase
[8.539s][info][gc,phases      ] GC(160) Marking Phase 303.933ms
[8.540s][info][gc,phases,start] GC(160) Summary Phase
[8.540s][info][gc,phases      ] GC(160) Summary Phase 0.059ms
[8.540s][info][gc,phases,start] GC(160) Adjust Roots
[8.540s][info][gc,phases      ] GC(160) Adjust Roots 0.207ms
[8.540s][info][gc,phases,start] GC(160) Compaction Phase
[8.656s][info][gc,phases      ] GC(160) Compaction Phase 116.297ms
[8.656s][info][gc,phases,start] GC(160) Post Compact
[8.659s][info][gc,phases      ] GC(160) Post Compact 2.726ms
[8.660s][info][gc,heap        ] GC(160) PSYoungGen: 6208K(84992K)->0K(86528K) Eden: 0K(11776K)->0K(11776K) From: 6208K(73216K)->0K(74752K)
[8.660s][info][gc,heap        ] GC(160) ParOldGen: 1308679K(1337856K)->1313189K(1459712K)
[8.660s][info][gc,metaspace   ] GC(160) Metaspace: 6301K(6464K)->6301K(6464K) NonClass: 5768K(5824K)->5768K(5824K) Class: 533K(640K)->533K(640K)
[8.660s][info][gc             ] GC(160) Pause Full (Ergonomics) 1284M->1282M(1510M) 424.745ms
[8.660s][info][gc,cpu         ] GC(160) User=2.84s Sys=0.00s Real=0.42s
[8.672s][info][gc,start       ] GC(161) Pause Young (Allocation Failure)
[8.686s][info][gc,heap        ] GC(161) PSYoungGen: 11776K(86528K)->6240K(88064K) Eden: 11776K(11776K)->0K(13312K) From: 0K(74752K)->6240K(74752K)
[8.686s][info][gc,heap        ] GC(161) ParOldGen: 1313189K(1459712K)->1313189K(1459712K)
[8.686s][info][gc,metaspace   ] GC(161) Metaspace: 6301K(6464K)->6301K(6464K) NonClass: 5768K(5824K)->5768K(5824K) Class: 533K(640K)->533K(640K)
[8.686s][info][gc             ] GC(161) Pause Young (Allocation Failure) 1293M->1288M(1511M) 14.061ms
[8.686s][info][gc,cpu         ] GC(161) User=0.00s Sys=0.00s Real=0.01s
[8.702s][info][gc,start       ] GC(162) Pause Young (Allocation Failure)
[8.718s][info][gc,heap        ] GC(162) PSYoungGen: 19552K(88064K)->11936K(88576K) Eden: 13312K(13312K)->0K(13312K) From: 6240K(74752K)->11936K(75264K)
[8.718s][info][gc,heap        ] GC(162) ParOldGen: 1313189K(1459712K)->1319405K(1459712K)
[8.718s][info][gc,metaspace   ] GC(162) Metaspace: 6301K(6464K)->6301K(6464K) NonClass: 5768K(5824K)->5768K(5824K) Class: 533K(640K)->533K(640K)
[8.718s][info][gc             ] GC(162) Pause Young (Allocation Failure) 1301M->1300M(1512M) 16.225ms
[8.718s][info][gc,cpu         ] GC(162) User=0.00s Sys=0.00s Real=0.02s
[8.735s][info][gc,start       ] GC(163) Pause Young (Allocation Failure)
[8.756s][info][gc,heap        ] GC(163) PSYoungGen: 25248K(88576K)->13408K(87040K) Eden: 13312K(13312K)->0K(15360K) From: 11936K(75264K)->13408K(71680K)
[8.756s][info][gc,heap        ] GC(163) ParOldGen: 1319405K(1459712K)->1331437K(1459712K)
[8.756s][info][gc,metaspace   ] GC(163) Metaspace: 6301K(6464K)->6301K(6464K) NonClass: 5768K(5824K)->5768K(5824K) Class: 533K(640K)->533K(640K)
[8.756s][info][gc             ] GC(163) Pause Young (Allocation Failure) 1313M->1313M(1510M) 20.604ms
[8.756s][info][gc,cpu         ] GC(163) User=0.11s Sys=0.00s Real=0.02s
[8.774s][info][gc,start       ] GC(164) Pause Young (Allocation Failure)
[8.796s][info][gc,heap        ] GC(164) PSYoungGen: 28768K(87040K)->15520K(31232K) Eden: 15360K(15360K)->0K(15360K) From: 13408K(71680K)->15520K(15872K)
[8.796s][info][gc,heap        ] GC(164) ParOldGen: 1331437K(1459712K)->1344949K(1459712K)
[8.796s][info][gc,metaspace   ] GC(164) Metaspace: 6301K(6464K)->6301K(6464K) NonClass: 5768K(5824K)->5768K(5824K) Class: 533K(640K)->533K(640K)
[8.796s][info][gc             ] GC(164) Pause Young (Allocation Failure) 1328M->1328M(1456M) 21.593ms
[8.796s][info][gc,cpu         ] GC(164) User=0.12s Sys=0.00s Real=0.02s
[8.814s][info][gc,start       ] GC(165) Pause Young (Allocation Failure)
[8.837s][info][gc,heap        ] GC(165) PSYoungGen: 30880K(31232K)->15456K(82432K) Eden: 15360K(15360K)->0K(17408K) From: 15520K(15872K)->15456K(65024K)
[8.837s][info][gc,heap        ] GC(165) ParOldGen: 1344949K(1459712K)->1360557K(1459712K)
[8.837s][info][gc,metaspace   ] GC(165) Metaspace: 6301K(6464K)->6301K(6464K) NonClass: 5768K(5824K)->5768K(5824K) Class: 533K(640K)->533K(640K)
[8.837s][info][gc             ] GC(165) Pause Young (Allocation Failure) 1343M->1343M(1506M) 23.050ms
[8.837s][info][gc,cpu         ] GC(165) User=0.09s Sys=0.03s Real=0.02s
[8.859s][info][gc,start       ] GC(166) Pause Young (Allocation Failure)
[8.884s][info][gc,heap        ] GC(166) PSYoungGen: 32864K(82432K)->17568K(35328K) Eden: 17408K(17408K)->0K(17408K) From: 15456K(65024K)->17568K(17920K)
[8.884s][info][gc,heap        ] GC(166) ParOldGen: 1360557K(1459712K)->1376165K(1459712K)
[8.884s][info][gc,metaspace   ] GC(166) Metaspace: 6301K(6464K)->6301K(6464K) NonClass: 5768K(5824K)->5768K(5824K) Class: 533K(640K)->533K(640K)
[8.884s][info][gc             ] GC(166) Pause Young (Allocation Failure) 1360M->1361M(1460M) 25.079ms
[8.884s][info][gc,cpu         ] GC(166) User=0.06s Sys=0.05s Real=0.03s
[9.193s][info][gc,start       ] GC(167) Pause Full (Ergonomics)
[9.193s][info][gc,phases,start] GC(167) Marking Phase
[9.520s][info][gc,phases      ] GC(167) Marking Phase 327.568ms
[9.520s][info][gc,phases,start] GC(167) Summary Phase
[9.520s][info][gc,phases      ] GC(167) Summary Phase 0.053ms
[9.520s][info][gc,phases,start] GC(167) Adjust Roots
[9.521s][info][gc,phases      ] GC(167) Adjust Roots 0.223ms
[9.521s][info][gc,phases,start] GC(167) Compaction Phase
[9.755s][info][gc,phases      ] GC(167) Compaction Phase 234.472ms
[9.755s][info][gc,phases,start] GC(167) Post Compact
[9.759s][info][gc,phases      ] GC(167) Post Compact 3.700ms
[9.760s][info][gc,heap        ] GC(167) PSYoungGen: 34976K(35328K)->0K(83968K) Eden: 17408K(17408K)->0K(19456K) From: 17568K(17920K)->0K(64512K)
[9.760s][info][gc,heap        ] GC(167) ParOldGen: 1441701K(1459712K)->1442546K(1591296K)
[9.760s][info][gc,metaspace   ] GC(167) Metaspace: 6301K(6464K)->6301K(6464K) NonClass: 5768K(5824K)->5768K(5824K) Class: 533K(640K)->533K(640K)
[9.760s][info][gc             ] GC(167) Pause Full (Ergonomics) 1442M->1408M(1636M) 567.753ms
[9.760s][info][gc,cpu         ] GC(167) User=3.69s Sys=0.00s Real=0.57s
[9.781s][info][gc,start       ] GC(168) Pause Young (Allocation Failure)
[9.802s][info][gc,heap        ] GC(168) PSYoungGen: 19456K(83968K)->19584K(39424K) Eden: 19456K(19456K)->0K(19456K) From: 0K(64512K)->19584K(19968K)
[9.802s][info][gc,heap        ] GC(168) ParOldGen: 1442546K(1591296K)->1442546K(1591296K)
[9.802s][info][gc,metaspace   ] GC(168) Metaspace: 6301K(6464K)->6301K(6464K) NonClass: 5768K(5824K)->5768K(5824K) Class: 533K(640K)->533K(640K)
[9.802s][info][gc             ] GC(168) Pause Young (Allocation Failure) 1427M->1427M(1592M) 20.874ms
[9.802s][info][gc,cpu         ] GC(168) User=0.00s Sys=0.00s Real=0.02s
[9.821s][info][gc,start       ] GC(169) Pause Young (Allocation Failure)
[9.849s][info][gc,heap        ] GC(169) PSYoungGen: 39040K(39424K)->39104K(80896K) Eden: 19456K(19456K)->0K(19456K) From: 19584K(19968K)->39104K(61440K)
[9.849s][info][gc,heap        ] GC(169) ParOldGen: 1442546K(1591296K)->1442546K(1591296K)
[9.849s][info][gc,metaspace   ] GC(169) Metaspace: 6301K(6464K)->6301K(6464K) NonClass: 5768K(5824K)->5768K(5824K) Class: 533K(640K)->533K(640K)
[9.849s][info][gc             ] GC(169) Pause Young (Allocation Failure) 1446M->1446M(1633M) 27.921ms
[9.849s][info][gc,cpu         ] GC(169) User=0.03s Sys=0.00s Real=0.03s
[9.868s][info][gc,start       ] GC(170) Pause Young (Allocation Failure)
[9.902s][info][gc,heap        ] GC(170) PSYoungGen: 58560K(80896K)->58496K(82944K) Eden: 19456K(19456K)->0K(19456K) From: 39104K(61440K)->58496K(63488K)
[9.902s][info][gc,heap        ] GC(170) ParOldGen: 1442546K(1591296K)->1442546K(1591296K)
[9.902s][info][gc,metaspace   ] GC(170) Metaspace: 6301K(6464K)->6301K(6464K) NonClass: 5768K(5824K)->5768K(5824K) Class: 533K(640K)->533K(640K)
[9.902s][info][gc             ] GC(170) Pause Young (Allocation Failure) 1465M->1465M(1635M) 34.499ms
[9.902s][info][gc,cpu         ] GC(170) User=0.09s Sys=0.00s Real=0.03s
[9.920s][info][gc,start       ] GC(171) Pause Young (Allocation Failure)
[9.966s][info][gc,heap        ] GC(171) PSYoungGen: 77952K(82944K)->58528K(86528K) Eden: 19456K(19456K)->0K(14848K) From: 58496K(63488K)->58528K(71680K)
[9.966s][info][gc,heap        ] GC(171) ParOldGen: 1442546K(1591296K)->1462306K(1591296K)
[9.966s][info][gc,metaspace   ] GC(171) Metaspace: 6301K(6464K)->6301K(6464K) NonClass: 5768K(5824K)->5768K(5824K) Class: 533K(640K)->533K(640K)
[9.966s][info][gc             ] GC(171) Pause Young (Allocation Failure) 1484M->1485M(1638M) 45.765ms
[9.966s][info][gc,cpu         ] GC(171) User=0.17s Sys=0.06s Real=0.05s
[9.981s][info][gc,start       ] GC(172) Pause Young (Allocation Failure)
[10.022s][info][gc,heap        ] GC(172) PSYoungGen: 73376K(86528K)->53888K(93184K) Eden: 14848K(14848K)->0K(14848K) From: 58528K(71680K)->53888K(78336K)
[10.022s][info][gc,heap        ] GC(172) ParOldGen: 1462306K(1591296K)->1482058K(1591296K)
[10.022s][info][gc,metaspace   ] GC(172) Metaspace: 6301K(6464K)->6301K(6464K) NonClass: 5768K(5824K)->5768K(5824K) Class: 533K(640K)->533K(640K)
[10.022s][info][gc             ] GC(172) Pause Young (Allocation Failure) 1499M->1499M(1645M) 41.801ms
[10.022s][info][gc,cpu         ] GC(172) User=0.09s Sys=0.17s Real=0.04s
[10.038s][info][gc,start       ] GC(173) Pause Young (Allocation Failure)
[10.083s][info][gc,heap        ] GC(173) PSYoungGen: 68736K(93184K)->29792K(90624K) Eden: 14848K(14848K)->0K(16896K) From: 53888K(78336K)->29792K(73728K)
[10.084s][info][gc,heap        ] GC(173) ParOldGen: 1482058K(1591296K)->1521538K(1591296K)
[10.084s][info][gc,metaspace   ] GC(173) Metaspace: 6301K(6464K)->6301K(6464K) NonClass: 5768K(5824K)->5768K(5824K) Class: 533K(640K)->533K(640K)
[10.084s][info][gc             ] GC(173) Pause Young (Allocation Failure) 1514M->1514M(1642M) 46.120ms
[10.084s][info][gc,cpu         ] GC(173) User=0.23s Sys=0.02s Real=0.05s
[10.103s][info][gc,start       ] GC(174) Pause Young (Allocation Failure)
[10.138s][info][gc,heap        ] GC(174) PSYoungGen: 46688K(90624K)->17088K(94720K) Eden: 16896K(16896K)->0K(16896K) From: 29792K(73728K)->17088K(77824K)
[10.138s][info][gc,heap        ] GC(174) ParOldGen: 1521538K(1591296K)->1551666K(1591296K)
[10.138s][info][gc,metaspace   ] GC(174) Metaspace: 6301K(6464K)->6301K(6464K) NonClass: 5768K(5824K)->5768K(5824K) Class: 533K(640K)->533K(640K)
[10.138s][info][gc             ] GC(174) Pause Young (Allocation Failure) 1531M->1531M(1646M) 34.934ms
[10.138s][info][gc,cpu         ] GC(174) User=0.22s Sys=0.03s Real=0.04s
[10.138s][info][gc,start       ] GC(175) Pause Full (Ergonomics)
[10.138s][info][gc,phases,start] GC(175) Marking Phase
[10.495s][info][gc,phases      ] GC(175) Marking Phase 357.156ms
[10.495s][info][gc,phases,start] GC(175) Summary Phase
[10.496s][info][gc,phases      ] GC(175) Summary Phase 0.077ms
[10.496s][info][gc,phases,start] GC(175) Adjust Roots
[10.496s][info][gc,phases      ] GC(175) Adjust Roots 0.273ms
[10.496s][info][gc,phases,start] GC(175) Compaction Phase
[10.683s][info][gc,phases      ] GC(175) Compaction Phase 187.353ms
[10.683s][info][gc,phases,start] GC(175) Post Compact
[10.686s][info][gc,phases      ] GC(175) Post Compact 2.844ms
[10.688s][info][gc,heap        ] GC(175) PSYoungGen: 17088K(94720K)->0K(95744K) Eden: 0K(16896K)->0K(19456K) From: 17088K(77824K)->0K(76288K)
[10.688s][info][gc,heap        ] GC(175) ParOldGen: 1551666K(1591296K)->1566736K(1740288K)
[10.688s][info][gc,metaspace   ] GC(175) Metaspace: 6301K(6464K)->6301K(6464K) NonClass: 5768K(5824K)->5768K(5824K) Class: 533K(640K)->533K(640K)
[10.688s][info][gc             ] GC(175) Pause Full (Ergonomics) 1531M->1530M(1793M) 549.406ms
[10.688s][info][gc,cpu         ] GC(175) User=3.62s Sys=0.02s Real=0.55s
[10.709s][info][gc,start       ] GC(176) Pause Young (Allocation Failure)
[10.729s][info][gc,heap        ] GC(176) PSYoungGen: 19456K(95744K)->19616K(95744K) Eden: 19456K(19456K)->0K(19456K) From: 0K(76288K)->19616K(76288K)
[10.729s][info][gc,heap        ] GC(176) ParOldGen: 1566736K(1740288K)->1566736K(1740288K)
[10.729s][info][gc,metaspace   ] GC(176) Metaspace: 6301K(6464K)->6301K(6464K) NonClass: 5768K(5824K)->5768K(5824K) Class: 533K(640K)->533K(640K)
[10.729s][info][gc             ] GC(176) Pause Young (Allocation Failure) 1549M->1549M(1793M) 19.927ms
[10.729s][info][gc,cpu         ] GC(176) User=0.02s Sys=0.00s Real=0.02s
[10.748s][info][gc,start       ] GC(177) Pause Young (Allocation Failure)
[10.775s][info][gc,heap        ] GC(177) PSYoungGen: 39072K(95744K)->39040K(93696K) Eden: 19456K(19456K)->0K(22016K) From: 19616K(76288K)->39040K(71680K)
[10.775s][info][gc,heap        ] GC(177) ParOldGen: 1566736K(1740288K)->1566736K(1740288K)
[10.775s][info][gc,metaspace   ] GC(177) Metaspace: 6301K(6464K)->6301K(6464K) NonClass: 5768K(5824K)->5768K(5824K) Class: 533K(640K)->533K(640K)
[10.775s][info][gc             ] GC(177) Pause Young (Allocation Failure) 1568M->1568M(1791M) 26.981ms
[10.775s][info][gc,cpu         ] GC(177) User=0.02s Sys=0.00s Real=0.03s
[10.797s][info][gc,start       ] GC(178) Pause Young (Allocation Failure)
[10.835s][info][gc,heap        ] GC(178) PSYoungGen: 61056K(93696K)->41632K(94720K) Eden: 22016K(22016K)->0K(22016K) From: 39040K(71680K)->41632K(72704K)
[10.835s][info][gc,heap        ] GC(178) ParOldGen: 1566736K(1740288K)->1586504K(1740288K)
[10.835s][info][gc,metaspace   ] GC(178) Metaspace: 6301K(6464K)->6301K(6464K) NonClass: 5768K(5824K)->5768K(5824K) Class: 533K(640K)->533K(640K)
[10.835s][info][gc             ] GC(178) Pause Young (Allocation Failure) 1589M->1589M(1792M) 37.738ms
[10.835s][info][gc,cpu         ] GC(178) User=0.20s Sys=0.03s Real=0.04s
[10.857s][info][gc,start       ] GC(179) Pause Young (Allocation Failure)
[10.896s][info][gc,heap        ] GC(179) PSYoungGen: 63648K(94720K)->44192K(97280K) Eden: 22016K(22016K)->0K(24576K) From: 41632K(72704K)->44192K(72704K)
[10.896s][info][gc,heap        ] GC(179) ParOldGen: 1586504K(1740288K)->1606256K(1740288K)
[10.896s][info][gc,metaspace   ] GC(179) Metaspace: 6301K(6464K)->6301K(6464K) NonClass: 5768K(5824K)->5768K(5824K) Class: 533K(640K)->533K(640K)
[10.896s][info][gc             ] GC(179) Pause Young (Allocation Failure) 1611M->1611M(1794M) 38.745ms
[10.896s][info][gc,cpu         ] GC(179) User=0.34s Sys=0.00s Real=0.04s
[10.922s][info][gc,start       ] GC(180) Pause Young (Allocation Failure)
[10.963s][info][gc,heap        ] GC(180) PSYoungGen: 68768K(97280K)->46752K(97280K) Eden: 24576K(24576K)->0K(24576K) From: 44192K(72704K)->46752K(72704K)
[10.963s][info][gc,heap        ] GC(180) ParOldGen: 1606256K(1740288K)->1628608K(1740288K)
[10.963s][info][gc,metaspace   ] GC(180) Metaspace: 6301K(6464K)->6301K(6464K) NonClass: 5768K(5824K)->5768K(5824K) Class: 533K(640K)->533K(640K)
[10.963s][info][gc             ] GC(180) Pause Young (Allocation Failure) 1635M->1636M(1794M) 41.107ms
[10.963s][info][gc,cpu         ] GC(180) User=0.23s Sys=0.00s Real=0.04s
[10.989s][info][gc,start       ] GC(181) Pause Young (Allocation Failure)
[11.030s][info][gc,heap        ] GC(181) PSYoungGen: 71328K(97280K)->49344K(99840K) Eden: 24576K(24576K)->0K(26112K) From: 46752K(72704K)->49344K(73728K)
[11.031s][info][gc,heap        ] GC(181) ParOldGen: 1628608K(1740288K)->1650960K(1740288K)
[11.031s][info][gc,metaspace   ] GC(181) Metaspace: 6301K(6464K)->6301K(6464K) NonClass: 5768K(5824K)->5768K(5824K) Class: 533K(640K)->533K(640K)
[11.031s][info][gc             ] GC(181) Pause Young (Allocation Failure) 1660M->1660M(1797M) 41.959ms
[11.031s][info][gc,cpu         ] GC(181) User=0.23s Sys=0.03s Real=0.04s
[11.057s][info][gc,start       ] GC(182) Pause Young (Allocation Failure)
[11.102s][info][gc,heap        ] GC(182) PSYoungGen: 75456K(99840K)->50880K(101376K) Eden: 26112K(26112K)->0K(26112K) From: 49344K(73728K)->50880K(75264K)
[11.102s][info][gc,heap        ] GC(182) ParOldGen: 1650960K(1740288K)->1675912K(1740288K)
[11.102s][info][gc,metaspace   ] GC(182) Metaspace: 6301K(6464K)->6301K(6464K) NonClass: 5768K(5824K)->5768K(5824K) Class: 533K(640K)->533K(640K)
[11.102s][info][gc             ] GC(182) Pause Young (Allocation Failure) 1685M->1686M(1798M) 45.223ms
[11.102s][info][gc,cpu         ] GC(182) User=0.19s Sys=0.08s Real=0.05s
[11.131s][info][gc,start       ] GC(183) Pause Young (Allocation Failure)
[11.186s][info][gc,heap        ] GC(183) PSYoungGen: 76992K(101376K)->26240K(102400K) Eden: 26112K(26112K)->0K(29696K) From: 50880K(75264K)->26240K(72704K)
[11.186s][info][gc,heap        ] GC(183) ParOldGen: 1675912K(1740288K)->1727352K(1740288K)
[11.186s][info][gc,metaspace   ] GC(183) Metaspace: 6301K(6464K)->6301K(6464K) NonClass: 5768K(5824K)->5768K(5824K) Class: 533K(640K)->533K(640K)
[11.186s][info][gc             ] GC(183) Pause Young (Allocation Failure) 1711M->1712M(1799M) 55.101ms
[11.186s][info][gc,cpu         ] GC(183) User=0.20s Sys=0.17s Real=0.06s
[11.186s][info][gc,start       ] GC(184) Pause Full (Ergonomics)
[11.186s][info][gc,phases,start] GC(184) Marking Phase
[11.582s][info][gc,phases      ] GC(184) Marking Phase 395.316ms
[11.582s][info][gc,phases,start] GC(184) Summary Phase
[11.582s][info][gc,phases      ] GC(184) Summary Phase 0.039ms
[11.582s][info][gc,phases,start] GC(184) Adjust Roots
[11.582s][info][gc,phases      ] GC(184) Adjust Roots 0.279ms
[11.582s][info][gc,phases,start] GC(184) Compaction Phase
[12.074s][info][gc,phases      ] GC(184) Compaction Phase 491.837ms
[12.074s][info][gc,phases,start] GC(184) Post Compact
[12.078s][info][gc,phases      ] GC(184) Post Compact 3.611ms
[12.079s][info][gc,heap        ] GC(184) PSYoungGen: 26240K(102400K)->10749K(104448K) Eden: 0K(29696K)->0K(31744K) From: 26240K(72704K)->10749K(72704K)
[12.079s][info][gc,heap        ] GC(184) ParOldGen: 1727352K(1740288K)->1740064K(1937920K)
[12.080s][info][gc,metaspace   ] GC(184) Metaspace: 6301K(6464K)->6301K(6464K) NonClass: 5768K(5824K)->5768K(5824K) Class: 533K(640K)->533K(640K)
[12.080s][info][gc             ] GC(184) Pause Full (Ergonomics) 1712M->1709M(1994M) 893.072ms
[12.080s][info][gc,cpu         ] GC(184) User=5.84s Sys=0.02s Real=0.89s
[12.114s][info][gc,start       ] GC(185) Pause Young (Allocation Failure)
[12.215s][info][gc,heap        ] GC(185) PSYoungGen: 42493K(104448K)->31936K(106496K) Eden: 31744K(31744K)->0K(31744K) From: 10749K(72704K)->31936K(74752K)
[12.215s][info][gc,heap        ] GC(185) ParOldGen: 1740064K(1937920K)->1751016K(1937920K)
[12.215s][info][gc,metaspace   ] GC(185) Metaspace: 6301K(6464K)->6301K(6464K) NonClass: 5768K(5824K)->5768K(5824K) Class: 533K(640K)->533K(640K)
[12.215s][info][gc             ] GC(185) Pause Young (Allocation Failure) 1740M->1741M(1996M) 100.852ms
[12.215s][info][gc,cpu         ] GC(185) User=0.59s Sys=0.03s Real=0.10s
[12.250s][info][gc,start       ] GC(186) Pause Young (Allocation Failure)
[12.291s][info][gc,heap        ] GC(186) PSYoungGen: 63680K(106496K)->63712K(100352K) Eden: 31744K(31744K)->0K(28672K) From: 31936K(74752K)->63712K(71680K)
[12.291s][info][gc,heap        ] GC(186) ParOldGen: 1751016K(1937920K)->1751016K(1937920K)
[12.291s][info][gc,metaspace   ] GC(186) Metaspace: 6301K(6464K)->6301K(6464K) NonClass: 5768K(5824K)->5768K(5824K) Class: 533K(640K)->533K(640K)
[12.291s][info][gc             ] GC(186) Pause Young (Allocation Failure) 1772M->1772M(1990M) 41.379ms
[12.291s][info][gc,cpu         ] GC(186) User=0.16s Sys=0.08s Real=0.04s
[12.319s][info][gc,start       ] GC(187) Pause Young (Allocation Failure)
[12.372s][info][gc,heap        ] GC(187) PSYoungGen: 92384K(100352K)->78336K(107008K) Eden: 28672K(28672K)->0K(28672K) From: 63712K(71680K)->78336K(78336K)
[12.372s][info][gc,heap        ] GC(187) ParOldGen: 1751016K(1937920K)->1765184K(1937920K)
[12.372s][info][gc,metaspace   ] GC(187) Metaspace: 6301K(6464K)->6301K(6464K) NonClass: 5768K(5824K)->5768K(5824K) Class: 533K(640K)->533K(640K)
[12.372s][info][gc             ] GC(187) Pause Young (Allocation Failure) 1800M->1800M(1997M) 53.230ms
[12.372s][info][gc,cpu         ] GC(187) User=0.30s Sys=0.06s Real=0.05s
[12.405s][info][gc,start       ] GC(188) Pause Young (Allocation Failure)
[12.480s][info][gc,heap        ] GC(188) PSYoungGen: 107008K(107008K)->53440K(123392K) Eden: 28672K(28672K)->0K(32256K) From: 78336K(78336K)->53440K(91136K)
[12.480s][info][gc,heap        ] GC(188) ParOldGen: 1765184K(1937920K)->1819664K(1937920K)
[12.480s][info][gc,metaspace   ] GC(188) Metaspace: 6301K(6464K)->6301K(6464K) NonClass: 5768K(5824K)->5768K(5824K) Class: 533K(640K)->533K(640K)
[12.480s][info][gc             ] GC(188) Pause Young (Allocation Failure) 1828M->1829M(2013M) 74.924ms
[12.480s][info][gc,cpu         ] GC(188) User=0.27s Sys=0.23s Real=0.08s
[12.520s][info][gc,start       ] GC(189) Pause Young (Allocation Failure)
[12.572s][info][gc,heap        ] GC(189) PSYoungGen: 85696K(123392K)->61120K(124928K) Eden: 32256K(32256K)->0K(32256K) From: 53440K(91136K)->61120K(92672K)
[12.572s][info][gc,heap        ] GC(189) ParOldGen: 1819664K(1937920K)->1844616K(1937920K)
[12.572s][info][gc,metaspace   ] GC(189) Metaspace: 6301K(6464K)->6301K(6464K) NonClass: 5768K(5824K)->5768K(5824K) Class: 533K(640K)->533K(640K)
[12.572s][info][gc             ] GC(189) Pause Young (Allocation Failure) 1860M->1861M(2014M) 51.671ms
[12.572s][info][gc,cpu         ] GC(189) User=0.25s Sys=0.11s Real=0.05s
[12.606s][info][gc,start       ] GC(190) Pause Young (Allocation Failure)
[12.667s][info][gc,heap        ] GC(190) PSYoungGen: 93376K(124928K)->64704K(128000K) Eden: 32256K(32256K)->0K(34304K) From: 61120K(92672K)->64704K(93696K)
[12.667s][info][gc,heap        ] GC(190) ParOldGen: 1844616K(1937920K)->1873728K(1937920K)
[12.667s][info][gc,metaspace   ] GC(190) Metaspace: 6301K(6464K)->6301K(6464K) NonClass: 5768K(5824K)->5768K(5824K) Class: 533K(640K)->533K(640K)
[12.667s][info][gc             ] GC(190) Pause Young (Allocation Failure) 1892M->1893M(2017M) 61.756ms
[12.667s][info][gc,cpu         ] GC(190) User=0.27s Sys=0.12s Real=0.06s
[12.710s][info][gc,start       ] GC(191) Pause Young (Allocation Failure)
[12.771s][info][gc,heap        ] GC(191) PSYoungGen: 99008K(128000K)->66752K(130048K) Eden: 34304K(34304K)->0K(34304K) From: 64704K(93696K)->66752K(95744K)
[12.771s][info][gc,heap        ] GC(191) ParOldGen: 1873728K(1937920K)->1906480K(1937920K)
[12.771s][info][gc,metaspace   ] GC(191) Metaspace: 6301K(6464K)->6301K(6464K) NonClass: 5768K(5824K)->5768K(5824K) Class: 533K(640K)->533K(640K)
[12.771s][info][gc             ] GC(191) Pause Young (Allocation Failure) 1926M->1926M(2019M) 61.393ms
[12.771s][info][gc,cpu         ] GC(191) User=0.34s Sys=0.03s Real=0.06s
[12.771s][info][gc,start       ] GC(192) Pause Full (Ergonomics)
[12.771s][info][gc,phases,start] GC(192) Marking Phase
[13.211s][info][gc,phases      ] GC(192) Marking Phase 440.012ms
[13.211s][info][gc,phases,start] GC(192) Summary Phase
[13.211s][info][gc,phases      ] GC(192) Summary Phase 0.059ms
[13.211s][info][gc,phases,start] GC(192) Adjust Roots
[13.212s][info][gc,phases      ] GC(192) Adjust Roots 0.230ms
[13.212s][info][gc,phases,start] GC(192) Compaction Phase
[13.426s][info][gc,phases      ] GC(192) Compaction Phase 214.312ms
[13.426s][info][gc,phases,start] GC(192) Post Compact
[13.430s][info][gc,phases      ] GC(192) Post Compact 4.210ms
[13.432s][info][gc,heap        ] GC(192) PSYoungGen: 66752K(130048K)->32770K(130048K) Eden: 0K(34304K)->0K(34304K) From: 66752K(95744K)->32770K(95744K)
[13.432s][info][gc,heap        ] GC(192) ParOldGen: 1906480K(1937920K)->1937477K(2155520K)
[13.432s][info][gc,metaspace   ] GC(192) Metaspace: 6301K(6464K)->6301K(6464K) NonClass: 5768K(5824K)->5768K(5824K) Class: 533K(640K)->533K(640K)
[13.432s][info][gc             ] GC(192) Pause Full (Ergonomics) 1926M->1924M(2232M) 661.350ms
[13.433s][info][gc,cpu         ] GC(192) User=4.53s Sys=0.05s Real=0.66s
[13.475s][info][gc,start       ] GC(193) Pause Young (Allocation Failure)
[13.597s][info][gc,heap        ] GC(193) PSYoungGen: 67074K(130048K)->49664K(125440K) Eden: 34304K(34304K)->0K(37888K) From: 32770K(95744K)->49664K(87552K)
[13.597s][info][gc,heap        ] GC(193) ParOldGen: 1937477K(2155520K)->1955405K(2155520K)
[13.597s][info][gc,metaspace   ] GC(193) Metaspace: 6301K(6464K)->6301K(6464K) NonClass: 5768K(5824K)->5768K(5824K) Class: 533K(640K)->533K(640K)
[13.597s][info][gc             ] GC(193) Pause Young (Allocation Failure) 1957M->1958M(2227M) 122.154ms
[13.597s][info][gc,cpu         ] GC(193) User=0.64s Sys=0.11s Real=0.12s
[13.643s][info][gc,start       ] GC(194) Pause Young (Allocation Failure)
[13.693s][info][gc,heap        ] GC(194) PSYoungGen: 87552K(125440K)->87616K(131072K) Eden: 37888K(37888K)->0K(37888K) From: 49664K(87552K)->87616K(93184K)
[13.693s][info][gc,heap        ] GC(194) ParOldGen: 1955405K(2155520K)->1955405K(2155520K)
[13.693s][info][gc,metaspace   ] GC(194) Metaspace: 6301K(6464K)->6301K(6464K) NonClass: 5768K(5824K)->5768K(5824K) Class: 533K(640K)->533K(640K)
[13.693s][info][gc             ] GC(194) Pause Young (Allocation Failure) 1995M->1995M(2233M) 49.967ms
[13.693s][info][gc,cpu         ] GC(194) User=0.25s Sys=0.00s Real=0.05s
[13.733s][info][gc,start       ] GC(195) Pause Young (Allocation Failure)
[13.827s][info][gc,heap        ] GC(195) PSYoungGen: 125504K(131072K)->102912K(123392K) Eden: 37888K(37888K)->0K(20480K) From: 87616K(93184K)->102912K(102912K)
[13.827s][info][gc,heap        ] GC(195) ParOldGen: 1955405K(2155520K)->1978165K(2155520K)
[13.827s][info][gc,metaspace   ] GC(195) Metaspace: 6301K(6464K)->6301K(6464K) NonClass: 5768K(5824K)->5768K(5824K) Class: 533K(640K)->533K(640K)
[13.827s][info][gc             ] GC(195) Pause Young (Allocation Failure) 2032M->2032M(2225M) 93.755ms
[13.827s][info][gc,cpu         ] GC(195) User=0.28s Sys=0.31s Real=0.10s
[13.850s][info][gc,start       ] GC(196) Pause Young (Allocation Failure)
[13.927s][info][gc,heap        ] GC(196) PSYoungGen: 123392K(123392K)->84160K(144896K) Eden: 20480K(20480K)->0K(20480K) From: 102912K(102912K)->84160K(124416K)
[13.927s][info][gc,heap        ] GC(196) ParOldGen: 1978165K(2155520K)->2018061K(2155520K)
[13.927s][info][gc,metaspace   ] GC(196) Metaspace: 6301K(6464K)->6301K(6464K) NonClass: 5768K(5824K)->5768K(5824K) Class: 533K(640K)->533K(640K)
[13.927s][info][gc             ] GC(196) Pause Young (Allocation Failure) 2052M->2052M(2246M) 77.326ms
[13.927s][info][gc,cpu         ] GC(196) User=0.38s Sys=0.11s Real=0.08s
[13.949s][info][gc,start       ] GC(197) Pause Young (Allocation Failure)
[14.013s][info][gc,heap        ] GC(197) PSYoungGen: 104640K(144896K)->72192K(144384K) Eden: 20480K(20480K)->0K(23552K) From: 84160K(124416K)->72192K(120832K)
[14.013s][info][gc,heap        ] GC(197) ParOldGen: 2018061K(2155520K)->2050989K(2155520K)
[14.013s][info][gc,metaspace   ] GC(197) Metaspace: 6301K(6464K)->6301K(6464K) NonClass: 5768K(5824K)->5768K(5824K) Class: 533K(640K)->533K(640K)
[14.013s][info][gc             ] GC(197) Pause Young (Allocation Failure) 2072M->2073M(2246M) 63.996ms
[14.013s][info][gc,cpu         ] GC(197) User=0.23s Sys=0.16s Real=0.06s
[14.039s][info][gc,start       ] GC(198) Pause Young (Allocation Failure)
[14.106s][info][gc,heap        ] GC(198) PSYoungGen: 95744K(144384K)->44160K(146944K) Eden: 23552K(23552K)->0K(23552K) From: 72192K(120832K)->44160K(123392K)
[14.106s][info][gc,heap        ] GC(198) ParOldGen: 2050989K(2155520K)->2103253K(2155520K)
[14.106s][info][gc,metaspace   ] GC(198) Metaspace: 6301K(6464K)->6301K(6464K) NonClass: 5768K(5824K)->5768K(5824K) Class: 533K(640K)->533K(640K)
[14.106s][info][gc             ] GC(198) Pause Young (Allocation Failure) 2096M->2097M(2248M) 67.089ms
[14.106s][info][gc,cpu         ] GC(198) User=0.19s Sys=0.19s Real=0.07s
[14.106s][info][gc,start       ] GC(199) Pause Full (Ergonomics)
[14.106s][info][gc,phases,start] GC(199) Marking Phase
[14.602s][info][gc,phases      ] GC(199) Marking Phase 495.723ms
[14.602s][info][gc,phases,start] GC(199) Summary Phase
[14.602s][info][gc,phases      ] GC(199) Summary Phase 0.049ms
[14.602s][info][gc,phases,start] GC(199) Adjust Roots
[14.602s][info][gc,phases      ] GC(199) Adjust Roots 0.227ms
[14.602s][info][gc,phases,start] GC(199) Compaction Phase
[14.832s][info][gc,phases      ] GC(199) Compaction Phase 230.172ms
[14.833s][info][gc,phases,start] GC(199) Post Compact
[14.837s][info][gc,phases      ] GC(199) Post Compact 4.608ms
[14.839s][info][gc,heap        ] GC(199) PSYoungGen: 44160K(146944K)->0K(147968K) Eden: 0K(23552K)->0K(27136K) From: 44160K(123392K)->0K(120832K)
[14.840s][info][gc,heap        ] GC(199) ParOldGen: 2103253K(2155520K)->2144660K(2386944K)
[14.840s][info][gc,metaspace   ] GC(199) Metaspace: 6301K(6464K)->6301K(6464K) NonClass: 5768K(5824K)->5768K(5824K) Class: 533K(640K)->533K(640K)
[14.840s][info][gc             ] GC(199) Pause Full (Ergonomics) 2097M->2094M(2475M) 733.399ms
[14.840s][info][gc,cpu         ] GC(199) User=4.94s Sys=0.09s Real=0.74s
[14.870s][info][gc,start       ] GC(200) Pause Young (Allocation Failure)
[14.895s][info][gc,heap        ] GC(200) PSYoungGen: 27136K(147968K)->27328K(147968K) Eden: 27136K(27136K)->0K(27136K) From: 0K(120832K)->27328K(120832K)
[14.895s][info][gc,heap        ] GC(200) ParOldGen: 2144660K(2386944K)->2144660K(2386944K)
[14.895s][info][gc,metaspace   ] GC(200) Metaspace: 6301K(6464K)->6301K(6464K) NonClass: 5768K(5824K)->5768K(5824K) Class: 533K(640K)->533K(640K)
[14.895s][info][gc             ] GC(200) Pause Young (Allocation Failure) 2120M->2121M(2475M) 24.318ms
[14.895s][info][gc,cpu         ] GC(200) User=0.03s Sys=0.00s Real=0.02s
[14.926s][info][gc,start       ] GC(201) Pause Young (Allocation Failure)
[14.966s][info][gc,heap        ] GC(201) PSYoungGen: 54464K(147968K)->27328K(149504K) Eden: 27136K(27136K)->0K(30208K) From: 27328K(120832K)->27328K(119296K)
[14.966s][info][gc,heap        ] GC(201) ParOldGen: 2144660K(2386944K)->2172220K(2386944K)
[14.966s][info][gc,metaspace   ] GC(201) Metaspace: 6301K(6464K)->6301K(6464K) NonClass: 5768K(5824K)->5768K(5824K) Class: 533K(640K)->533K(640K)
[14.966s][info][gc             ] GC(201) Pause Young (Allocation Failure) 2147M->2147M(2477M) 40.740ms
[14.966s][info][gc,cpu         ] GC(201) User=0.16s Sys=0.09s Real=0.04s
[15.006s][info][gc,start       ] GC(202) Pause Young (Allocation Failure)
[15.047s][info][gc,heap        ] GC(202) PSYoungGen: 57536K(149504K)->30432K(150528K) Eden: 30208K(30208K)->0K(30208K) From: 27328K(119296K)->30432K(120320K)
[15.047s][info][gc,heap        ] GC(202) ParOldGen: 2172220K(2386944K)->2199780K(2386944K)
[15.048s][info][gc,metaspace   ] GC(202) Metaspace: 6301K(6464K)->6301K(6464K) NonClass: 5768K(5824K)->5768K(5824K) Class: 533K(640K)->533K(640K)
[15.048s][info][gc             ] GC(202) Pause Young (Allocation Failure) 2177M->2177M(2478M) 41.905ms
[15.048s][info][gc,cpu         ] GC(202) User=0.23s Sys=0.02s Real=0.04s
[15.085s][info][gc,start       ] GC(203) Pause Young (Allocation Failure)
[15.131s][info][gc,heap        ] GC(203) PSYoungGen: 60640K(150528K)->30400K(146944K) Eden: 30208K(30208K)->0K(33792K) From: 30432K(120320K)->30400K(113152K)
[15.131s][info][gc,heap        ] GC(203) ParOldGen: 2199780K(2386944K)->2230476K(2386944K)
[15.131s][info][gc,metaspace   ] GC(203) Metaspace: 6301K(6464K)->6301K(6464K) NonClass: 5768K(5824K)->5768K(5824K) Class: 533K(640K)->533K(640K)
[15.131s][info][gc             ] GC(203) Pause Young (Allocation Failure) 2207M->2207M(2474M) 45.272ms
[15.131s][info][gc,cpu         ] GC(203) User=0.20s Sys=0.06s Real=0.05s
[15.168s][info][gc,start       ] GC(204) Pause Young (Allocation Failure)
[15.214s][info][gc,heap        ] GC(204) PSYoungGen: 64192K(146944K)->33952K(149504K) Eden: 33792K(33792K)->0K(33792K) From: 30400K(113152K)->33952K(115712K)
[15.214s][info][gc,heap        ] GC(204) ParOldGen: 2230476K(2386944K)->2261116K(2386944K)
[15.214s][info][gc,metaspace   ] GC(204) Metaspace: 6301K(6464K)->6301K(6464K) NonClass: 5768K(5824K)->5768K(5824K) Class: 533K(640K)->533K(640K)
[15.214s][info][gc             ] GC(204) Pause Young (Allocation Failure) 2240M->2241M(2477M) 45.617ms
[15.214s][info][gc,cpu         ] GC(204) User=0.22s Sys=0.05s Real=0.05s
[15.253s][info][gc,start       ] GC(205) Pause Young (Allocation Failure)
[15.300s][info][gc,heap        ] GC(205) PSYoungGen: 67744K(149504K)->33952K(142848K) Eden: 33792K(33792K)->0K(37888K) From: 33952K(115712K)->33952K(104960K)
[15.300s][info][gc,heap        ] GC(205) ParOldGen: 2261116K(2386944K)->2295212K(2386944K)
[15.300s][info][gc,metaspace   ] GC(205) Metaspace: 6301K(6464K)->6301K(6464K) NonClass: 5768K(5824K)->5768K(5824K) Class: 533K(640K)->533K(640K)
[15.300s][info][gc             ] GC(205) Pause Young (Allocation Failure) 2274M->2274M(2470M) 46.913ms
[15.300s][info][gc,cpu         ] GC(205) User=0.14s Sys=0.12s Real=0.05s
[15.345s][info][gc,start       ] GC(206) Pause Young (Allocation Failure)
[15.397s][info][gc,heap        ] GC(206) PSYoungGen: 71840K(142848K)->38048K(76288K) Eden: 37888K(37888K)->0K(37888K) From: 33952K(104960K)->38048K(38400K)
[15.397s][info][gc,heap        ] GC(206) ParOldGen: 2295212K(2386944K)->2329292K(2386944K)
[15.397s][info][gc,metaspace   ] GC(206) Metaspace: 6301K(6464K)->6301K(6464K) NonClass: 5768K(5824K)->5768K(5824K) Class: 533K(640K)->533K(640K)
[15.397s][info][gc             ] GC(206) Pause Young (Allocation Failure) 2311M->2311M(2405M) 51.756ms
[15.397s][info][gc,cpu         ] GC(206) User=0.14s Sys=0.11s Real=0.05s
[15.442s][info][gc,start       ] GC(207) Pause Young (Allocation Failure)
[15.497s][info][gc,heap        ] GC(207) PSYoungGen: 75936K(76288K)->38112K(138752K) Eden: 37888K(37888K)->0K(42496K) From: 38048K(38400K)->38112K(96256K)
[15.497s][info][gc,heap        ] GC(207) ParOldGen: 2329292K(2386944K)->2367524K(2386944K)
[15.497s][info][gc,metaspace   ] GC(207) Metaspace: 6301K(6464K)->6301K(6464K) NonClass: 5768K(5824K)->5768K(5824K) Class: 533K(640K)->533K(640K)
[15.497s][info][gc             ] GC(207) Pause Young (Allocation Failure) 2348M->2349M(2466M) 55.225ms
[15.497s][info][gc,cpu         ] GC(207) User=0.25s Sys=0.12s Real=0.05s
[15.497s][info][gc,start       ] GC(208) Pause Full (Ergonomics)
[15.497s][info][gc,phases,start] GC(208) Marking Phase
[16.108s][info][gc,phases      ] GC(208) Marking Phase 610.757ms
[16.108s][info][gc,phases,start] GC(208) Summary Phase
[16.108s][info][gc,phases      ] GC(208) Summary Phase 0.036ms
[16.108s][info][gc,phases,start] GC(208) Adjust Roots
[16.108s][info][gc,phases      ] GC(208) Adjust Roots 0.212ms
[16.108s][info][gc,phases,start] GC(208) Compaction Phase
[16.347s][info][gc,phases      ] GC(208) Compaction Phase 238.487ms
[16.347s][info][gc,phases,start] GC(208) Post Compact
[16.352s][info][gc,phases      ] GC(208) Post Compact 5.061ms
[16.354s][info][gc,heap        ] GC(208) PSYoungGen: 38112K(138752K)->15875K(142336K) Eden: 0K(42496K)->0K(46080K) From: 38112K(96256K)->15875K(96256K)
[16.354s][info][gc,heap        ] GC(208) ParOldGen: 2367524K(2386944K)->2386579K(2642944K)
[16.354s][info][gc,metaspace   ] GC(208) Metaspace: 6301K(6464K)->6301K(6464K) NonClass: 5768K(5824K)->5768K(5824K) Class: 533K(640K)->533K(640K)
[16.354s][info][gc             ] GC(208) Pause Full (Ergonomics) 2349M->2346M(2720M) 856.869ms
[16.354s][info][gc,cpu         ] GC(208) User=5.55s Sys=0.02s Real=0.86s
[16.414s][info][gc,start       ] GC(209) Pause Young (Allocation Failure)
[16.569s][info][gc,heap        ] GC(209) PSYoungGen: 61955K(142336K)->46304K(92672K) Eden: 46080K(46080K)->0K(46080K) From: 15875K(96256K)->46304K(46592K)
[16.569s][info][gc,heap        ] GC(209) ParOldGen: 2386579K(2642944K)->2402627K(2642944K)
[16.569s][info][gc,metaspace   ] GC(209) Metaspace: 6301K(6464K)->6301K(6464K) NonClass: 5768K(5824K)->5768K(5824K) Class: 533K(640K)->533K(640K)
[16.569s][info][gc             ] GC(209) Pause Young (Allocation Failure) 2391M->2391M(2671M) 155.050ms
[16.569s][info][gc,cpu         ] GC(209) User=0.94s Sys=0.00s Real=0.15s
[16.629s][info][gc,start       ] GC(210) Pause Young (Allocation Failure)
[16.692s][info][gc,heap        ] GC(210) PSYoungGen: 92384K(92672K)->92448K(133120K) Eden: 46080K(46080K)->0K(38400K) From: 46304K(46592K)->92448K(94720K)
[16.693s][info][gc,heap        ] GC(210) ParOldGen: 2402627K(2642944K)->2402627K(2642944K)
[16.693s][info][gc,metaspace   ] GC(210) Metaspace: 6301K(6464K)->6301K(6464K) NonClass: 5768K(5824K)->5768K(5824K) Class: 533K(640K)->533K(640K)
[16.693s][info][gc             ] GC(210) Pause Young (Allocation Failure) 2436M->2436M(2711M) 63.657ms
[16.693s][info][gc,cpu         ] GC(210) User=0.33s Sys=0.00s Real=0.06s
[16.743s][info][gc,start       ] GC(211) Pause Young (Allocation Failure)
[16.834s][info][gc,heap        ] GC(211) PSYoungGen: 130848K(133120K)->107008K(145408K) Eden: 38400K(38400K)->0K(38400K) From: 92448K(94720K)->107008K(107008K)
[16.834s][info][gc,heap        ] GC(211) ParOldGen: 2402627K(2642944K)->2426571K(2642944K)
[16.834s][info][gc,metaspace   ] GC(211) Metaspace: 6301K(6464K)->6301K(6464K) NonClass: 5768K(5824K)->5768K(5824K) Class: 533K(640K)->533K(640K)
[16.834s][info][gc             ] GC(211) Pause Young (Allocation Failure) 2474M->2474M(2723M) 91.410ms
[16.834s][info][gc,cpu         ] GC(211) User=0.42s Sys=0.09s Real=0.09s
[16.880s][info][gc,start       ] GC(212) Pause Young (Allocation Failure)
[16.998s][info][gc,heap        ] GC(212) PSYoungGen: 145408K(145408K)->70976K(169472K) Eden: 38400K(38400K)->0K(43008K) From: 107008K(107008K)->70976K(126464K)
[16.998s][info][gc,heap        ] GC(212) ParOldGen: 2426571K(2642944K)->2501763K(2642944K)
[16.998s][info][gc,metaspace   ] GC(212) Metaspace: 6301K(6464K)->6301K(6464K) NonClass: 5768K(5824K)->5768K(5824K) Class: 533K(640K)->533K(640K)
[16.998s][info][gc             ] GC(212) Pause Young (Allocation Failure) 2511M->2512M(2746M) 117.760ms
[16.998s][info][gc,cpu         ] GC(212) User=0.53s Sys=0.23s Real=0.12s
[17.054s][info][gc,start       ] GC(213) Pause Young (Allocation Failure)
[17.130s][info][gc,heap        ] GC(213) PSYoungGen: 113984K(169472K)->81696K(171520K) Eden: 43008K(43008K)->0K(43008K) From: 70976K(126464K)->81696K(128512K)
[17.130s][info][gc,heap        ] GC(213) ParOldGen: 2501763K(2642944K)->2534403K(2642944K)
[17.130s][info][gc,metaspace   ] GC(213) Metaspace: 6301K(6464K)->6301K(6464K) NonClass: 5768K(5824K)->5768K(5824K) Class: 533K(640K)->533K(640K)
[17.130s][info][gc             ] GC(213) Pause Young (Allocation Failure) 2554M->2554M(2748M) 75.825ms
[17.130s][info][gc,cpu         ] GC(213) User=0.42s Sys=0.05s Real=0.08s
[17.183s][info][gc,start       ] GC(214) Pause Young (Allocation Failure)
[17.278s][info][gc,heap        ] GC(214) PSYoungGen: 124704K(171520K)->86240K(175104K) Eden: 43008K(43008K)->0K(45568K) From: 81696K(128512K)->86240K(129536K)
[17.278s][info][gc,heap        ] GC(214) ParOldGen: 2534403K(2642944K)->2573147K(2642944K)
[17.278s][info][gc,metaspace   ] GC(214) Metaspace: 6301K(6464K)->6301K(6464K) NonClass: 5768K(5824K)->5768K(5824K) Class: 533K(640K)->533K(640K)
[17.278s][info][gc             ] GC(214) Pause Young (Allocation Failure) 2596M->2597M(2752M) 95.131ms
[17.278s][info][gc,cpu         ] GC(214) User=0.42s Sys=0.11s Real=0.09s
[17.335s][info][gc,start       ] GC(215) Pause Young (Allocation Failure)
[17.431s][info][gc,heap        ] GC(215) PSYoungGen: 131808K(175104K)->88832K(177664K) Eden: 45568K(45568K)->0K(45568K) From: 86240K(129536K)->88832K(132096K)
[17.431s][info][gc,heap        ] GC(215) ParOldGen: 2573147K(2642944K)->2616555K(2642944K)
[17.431s][info][gc,metaspace   ] GC(215) Metaspace: 6301K(6464K)->6301K(6464K) NonClass: 5768K(5824K)->5768K(5824K) Class: 533K(640K)->533K(640K)
[17.431s][info][gc             ] GC(215) Pause Young (Allocation Failure) 2641M->2641M(2754M) 95.290ms
[17.431s][info][gc,cpu         ] GC(215) User=0.50s Sys=0.08s Real=0.10s
[17.431s][info][gc,start       ] GC(216) Pause Full (Ergonomics)
[17.431s][info][gc,phases,start] GC(216) Marking Phase
[18.090s][info][gc,phases      ] GC(216) Marking Phase 658.957ms
[18.090s][info][gc,phases,start] GC(216) Summary Phase
[18.090s][info][gc,phases      ] GC(216) Summary Phase 0.063ms
[18.090s][info][gc,phases,start] GC(216) Adjust Roots
[18.090s][info][gc,phases      ] GC(216) Adjust Roots 0.357ms
[18.090s][info][gc,phases,start] GC(216) Compaction Phase
[18.432s][info][gc,phases      ] GC(216) Compaction Phase 341.752ms
[18.432s][info][gc,phases,start] GC(216) Post Compact
[18.439s][info][gc,phases      ] GC(216) Post Compact 7.208ms
[18.443s][info][gc,heap        ] GC(216) PSYoungGen: 88832K(177664K)->59893K(177664K) Eden: 0K(45568K)->0K(45568K) From: 88832K(132096K)->59893K(132096K)
[18.443s][info][gc,heap        ] GC(216) ParOldGen: 2616555K(2642944K)->2642888K(2930176K)
[18.443s][info][gc,metaspace   ] GC(216) Metaspace: 6301K(6464K)->6301K(6464K) NonClass: 5768K(5824K)->5768K(5824K) Class: 533K(640K)->533K(640K)
[18.443s][info][gc             ] GC(216) Pause Full (Ergonomics) 2641M->2639M(3035M) 1012.481ms
[18.443s][info][gc,cpu         ] GC(216) User=6.33s Sys=0.08s Real=1.01s
[18.505s][info][gc,start       ] GC(217) Pause Young (Allocation Failure)
[18.703s][info][gc,heap        ] GC(217) PSYoungGen: 105461K(177664K)->76928K(177152K) Eden: 45568K(45568K)->0K(50176K) From: 59893K(132096K)->76928K(126976K)
[18.703s][info][gc,heap        ] GC(217) ParOldGen: 2642888K(2930176K)->2671952K(2930176K)
[18.703s][info][gc,metaspace   ] GC(217) Metaspace: 6301K(6464K)->6301K(6464K) NonClass: 5768K(5824K)->5768K(5824K) Class: 533K(640K)->533K(640K)
[18.703s][info][gc             ] GC(217) Pause Young (Allocation Failure) 2683M->2684M(3034M) 197.816ms
[18.703s][info][gc,cpu         ] GC(217) User=0.95s Sys=0.09s Real=0.20s
[18.770s][info][gc,start       ] GC(218) Pause Young (Allocation Failure)
[18.862s][info][gc,heap        ] GC(218) PSYoungGen: 127104K(177152K)->96032K(181248K) Eden: 50176K(50176K)->0K(50176K) From: 76928K(126976K)->96032K(131072K)
[18.862s][info][gc,heap        ] GC(218) ParOldGen: 2671952K(2930176K)->2703392K(2930176K)
[18.862s][info][gc,metaspace   ] GC(218) Metaspace: 6301K(6464K)->6301K(6464K) NonClass: 5768K(5824K)->5768K(5824K) Class: 533K(640K)->533K(640K)
[18.862s][info][gc             ] GC(218) Pause Young (Allocation Failure) 2733M->2733M(3038M) 91.441ms
[18.862s][info][gc,cpu         ] GC(218) User=0.58s Sys=0.02s Real=0.09s
[19.557s][info][gc,start       ] GC(219) Pause Young (Allocation Failure)
[19.714s][info][gc,heap        ] GC(219) PSYoungGen: 146208K(181248K)->100640K(186368K) Eden: 50176K(50176K)->0K(51200K) From: 96032K(131072K)->100640K(135168K)
[19.714s][info][gc,heap        ] GC(219) ParOldGen: 2834464K(2930176K)->2880432K(2930176K)
[19.714s][info][gc,metaspace   ] GC(219) Metaspace: 6301K(6464K)->6301K(6464K) NonClass: 5768K(5824K)->5768K(5824K) Class: 533K(640K)->533K(640K)
[19.714s][info][gc             ] GC(219) Pause Young (Allocation Failure) 2910M->2911M(3043M) 157.188ms
[19.714s][info][gc,cpu         ] GC(219) User=0.72s Sys=0.30s Real=0.16s
[19.714s][info][gc,start       ] GC(220) Pause Full (Ergonomics)
[19.714s][info][gc,phases,start] GC(220) Marking Phase
[20.411s][info][gc,phases      ] GC(220) Marking Phase 696.973ms
[20.411s][info][gc,phases,start] GC(220) Summary Phase
[20.411s][info][gc,phases      ] GC(220) Summary Phase 0.129ms
[20.411s][info][gc,phases,start] GC(220) Adjust Roots
[20.412s][info][gc,phases      ] GC(220) Adjust Roots 0.312ms
[20.412s][info][gc,phases,start] GC(220) Compaction Phase
[20.897s][info][gc,phases      ] GC(220) Compaction Phase 485.337ms
[20.897s][info][gc,phases,start] GC(220) Post Compact
[20.905s][info][gc,phases      ] GC(220) Post Compact 8.462ms
[20.908s][info][gc,heap        ] GC(220) PSYoungGen: 100640K(186368K)->0K(190976K) Eden: 0K(51200K)->0K(51200K) From: 100640K(135168K)->0K(139776K)
[20.908s][info][gc,heap        ] GC(220) ParOldGen: 2880432K(2930176K)->2914137K(3223040K)
[20.908s][info][gc,metaspace   ] GC(220) Metaspace: 6301K(6464K)->6301K(6464K) NonClass: 5768K(5824K)->5768K(5824K) Class: 533K(640K)->533K(640K)
[20.908s][info][gc             ] GC(220) Pause Full (Ergonomics) 2911M->2845M(3334M) 1193.833ms
[20.908s][info][gc,cpu         ] GC(220) User=7.17s Sys=0.12s Real=1.19s
[20.963s][info][gc,start       ] GC(221) Pause Young (Allocation Failure)
[21.018s][info][gc,heap        ] GC(221) PSYoungGen: 51200K(190976K)->51424K(188928K) Eden: 51200K(51200K)->0K(55296K) From: 0K(139776K)->51424K(133632K)
[21.018s][info][gc,heap        ] GC(221) ParOldGen: 2914137K(3223040K)->2914137K(3223040K)
[21.018s][info][gc,metaspace   ] GC(221) Metaspace: 6301K(6464K)->6301K(6464K) NonClass: 5768K(5824K)->5768K(5824K) Class: 533K(640K)->533K(640K)
[21.018s][info][gc             ] GC(221) Pause Young (Allocation Failure) 2895M->2896M(3332M) 54.567ms
[21.018s][info][gc,cpu         ] GC(221) User=0.14s Sys=0.00s Real=0.06s
[21.075s][info][gc,start       ] GC(222) Pause Young (Allocation Failure)
[21.146s][info][gc,heap        ] GC(222) PSYoungGen: 106720K(188928K)->106816K(192512K) Eden: 55296K(55296K)->0K(55296K) From: 51424K(133632K)->106816K(137216K)
[21.146s][info][gc,heap        ] GC(222) ParOldGen: 2914137K(3223040K)->2914137K(3223040K)
[21.146s][info][gc,metaspace   ] GC(222) Metaspace: 6301K(6464K)->6301K(6464K) NonClass: 5768K(5824K)->5768K(5824K) Class: 533K(640K)->533K(640K)
[21.146s][info][gc             ] GC(222) Pause Young (Allocation Failure) 2950M->2950M(3335M) 70.973ms
[21.146s][info][gc,cpu         ] GC(222) User=0.20s Sys=0.00s Real=0.07s
[21.199s][info][gc,start       ] GC(223) Pause Young (Allocation Failure)
[21.310s][info][gc,heap        ] GC(223) PSYoungGen: 162112K(192512K)->143872K(179200K) Eden: 55296K(55296K)->0K(35328K) From: 106816K(137216K)->143872K(143872K)
[21.310s][info][gc,heap        ] GC(223) ParOldGen: 2914137K(3223040K)->2932449K(3223040K)
[21.310s][info][gc,metaspace   ] GC(223) Metaspace: 6301K(6464K)->6301K(6464K) NonClass: 5768K(5824K)->5768K(5824K) Class: 533K(640K)->533K(640K)
[21.310s][info][gc             ] GC(223) Pause Young (Allocation Failure) 3004M->3004M(3322M) 111.178ms
[21.310s][info][gc,cpu         ] GC(223) User=0.39s Sys=0.25s Real=0.11s
[21.343s][info][gc,start       ] GC(224) Pause Young (Allocation Failure)
[21.442s][info][gc,heap        ] GC(224) PSYoungGen: 179200K(179200K)->168960K(204288K) Eden: 35328K(35328K)->0K(35328K) From: 143872K(143872K)->168960K(168960K)
[21.442s][info][gc,heap        ] GC(224) ParOldGen: 2932449K(3223040K)->2942865K(3223040K)
[21.442s][info][gc,metaspace   ] GC(224) Metaspace: 6301K(6464K)->6301K(6464K) NonClass: 5768K(5824K)->5768K(5824K) Class: 533K(640K)->533K(640K)
[21.442s][info][gc             ] GC(224) Pause Young (Allocation Failure) 3038M->3038M(3347M) 99.324ms
[21.442s][info][gc,cpu         ] GC(224) User=0.44s Sys=0.02s Real=0.10s
[21.478s][info][gc,start       ] GC(225) Pause Young (Allocation Failure)
[21.620s][info][gc,heap        ] GC(225) PSYoungGen: 204288K(204288K)->107904K(226304K) Eden: 35328K(35328K)->0K(39936K) From: 168960K(168960K)->107904K(186368K)
[21.620s][info][gc,heap        ] GC(225) ParOldGen: 2942865K(3223040K)->3040153K(3223040K)
[21.620s][info][gc,metaspace   ] GC(225) Metaspace: 6301K(6464K)->6301K(6464K) NonClass: 5768K(5824K)->5768K(5824K) Class: 533K(640K)->533K(640K)
[21.620s][info][gc             ] GC(225) Pause Young (Allocation Failure) 3073M->3074M(3368M) 141.512ms
[21.620s][info][gc,cpu         ] GC(225) User=0.77s Sys=0.25s Real=0.14s
[21.661s][info][gc,start       ] GC(226) Pause Young (Allocation Failure)
[21.759s][info][gc,heap        ] GC(226) PSYoungGen: 147840K(226304K)->75488K(115712K) Eden: 39936K(39936K)->0K(39936K) From: 107904K(186368K)->75488K(75776K)
[21.759s][info][gc,heap        ] GC(226) ParOldGen: 3040153K(3223040K)->3113049K(3223040K)
[21.759s][info][gc,metaspace   ] GC(226) Metaspace: 6301K(6464K)->6301K(6464K) NonClass: 5768K(5824K)->5768K(5824K) Class: 533K(640K)->533K(640K)
[21.760s][info][gc             ] GC(226) Pause Young (Allocation Failure) 3113M->3113M(3260M) 98.576ms
[21.760s][info][gc,cpu         ] GC(226) User=0.28s Sys=0.34s Real=0.10s
[21.808s][info][gc,start       ] GC(227) Pause Young (Allocation Failure)
[21.895s][info][gc,heap        ] GC(227) PSYoungGen: 115424K(115712K)->40128K(229888K) Eden: 39936K(39936K)->0K(45056K) From: 75488K(75776K)->40128K(184832K)
[21.895s][info][gc,heap        ] GC(227) ParOldGen: 3113049K(3223040K)->3188953K(3223040K)
[21.895s][info][gc,metaspace   ] GC(227) Metaspace: 6301K(6464K)->6301K(6464K) NonClass: 5768K(5824K)->5768K(5824K) Class: 533K(640K)->533K(640K)
[21.895s][info][gc             ] GC(227) Pause Young (Allocation Failure) 3152M->3153M(3372M) 87.286ms
[21.895s][info][gc,cpu         ] GC(227) User=0.36s Sys=0.27s Real=0.09s
[21.895s][info][gc,start       ] GC(228) Pause Full (Ergonomics)
[21.895s][info][gc,phases,start] GC(228) Marking Phase
[22.678s][info][gc,phases      ] GC(228) Marking Phase 782.407ms
[22.678s][info][gc,phases,start] GC(228) Summary Phase
[22.678s][info][gc,phases      ] GC(228) Summary Phase 0.096ms
[22.678s][info][gc,phases,start] GC(228) Adjust Roots
[22.678s][info][gc,phases      ] GC(228) Adjust Roots 0.353ms
[22.679s][info][gc,phases,start] GC(228) Compaction Phase
[23.372s][info][gc,phases      ] GC(228) Compaction Phase 693.725ms
[23.372s][info][gc,phases,start] GC(228) Post Compact
[23.379s][info][gc,phases      ] GC(228) Post Compact 6.700ms
[23.381s][info][gc,heap        ] GC(228) PSYoungGen: 40128K(229888K)->3632K(229888K) Eden: 0K(45056K)->0K(45056K) From: 40128K(184832K)->3632K(184832K)
[23.381s][info][gc,heap        ] GC(228) ParOldGen: 3188953K(3223040K)->3222613K(3595264K)
[23.381s][info][gc,metaspace   ] GC(228) Metaspace: 6301K(6464K)->6301K(6464K) NonClass: 5768K(5824K)->5768K(5824K) Class: 533K(640K)->533K(640K)
[23.381s][info][gc             ] GC(228) Pause Full (Ergonomics) 3153M->3150M(3735M) 1485.194ms
[23.381s][info][gc,cpu         ] GC(228) User=8.89s Sys=0.11s Real=1.49s
[23.429s][info][gc,start       ] GC(229) Pause Young (Allocation Failure)
[23.618s][info][gc,heap        ] GC(229) PSYoungGen: 48688K(229888K)->45248K(229888K) Eden: 45056K(45056K)->0K(45056K) From: 3632K(184832K)->45248K(184832K)
[23.618s][info][gc,heap        ] GC(229) ParOldGen: 3222613K(3595264K)->3226309K(3595264K)
[23.618s][info][gc,metaspace   ] GC(229) Metaspace: 6301K(6464K)->6301K(6464K) NonClass: 5768K(5824K)->5768K(5824K) Class: 533K(640K)->533K(640K)
[23.618s][info][gc             ] GC(229) Pause Young (Allocation Failure) 3194M->3194M(3735M) 189.286ms
[23.618s][info][gc,cpu         ] GC(229) User=0.97s Sys=0.00s Real=0.19s
[23.663s][info][gc,start       ] GC(230) Pause Young (Allocation Failure)
[23.732s][info][gc,heap        ] GC(230) PSYoungGen: 90304K(229888K)->45248K(225792K) Eden: 45056K(45056K)->0K(50176K) From: 45248K(184832K)->45248K(175616K)
[23.732s][info][gc,heap        ] GC(230) ParOldGen: 3226309K(3595264K)->3271773K(3595264K)
[23.732s][info][gc,metaspace   ] GC(230) Metaspace: 6301K(6464K)->6301K(6464K) NonClass: 5768K(5824K)->5768K(5824K) Class: 533K(640K)->533K(640K)
[23.732s][info][gc             ] GC(230) Pause Young (Allocation Failure) 3238M->3239M(3731M) 69.572ms
[23.732s][info][gc,cpu         ] GC(230) User=0.27s Sys=0.12s Real=0.07s
[23.787s][info][gc,start       ] GC(231) Pause Young (Allocation Failure)
[23.864s][info][gc,heap        ] GC(231) PSYoungGen: 95424K(225792K)->50400K(228864K) Eden: 50176K(50176K)->0K(50176K) From: 45248K(175616K)->50400K(178688K)
[23.865s][info][gc,heap        ] GC(231) ParOldGen: 3271773K(3595264K)->3317237K(3595264K)
[23.865s][info][gc,metaspace   ] GC(231) Metaspace: 6301K(6464K)->6301K(6464K) NonClass: 5768K(5824K)->5768K(5824K) Class: 533K(640K)->533K(640K)
[23.865s][info][gc             ] GC(231) Pause Young (Allocation Failure) 3288M->3288M(3734M) 77.400ms
[23.865s][info][gc,cpu         ] GC(231) User=0.27s Sys=0.08s Real=0.08s
[23.920s][info][gc,start       ] GC(232) Pause Young (Allocation Failure)
[24.000s][info][gc,heap        ] GC(232) PSYoungGen: 100576K(228864K)->50336K(220160K) Eden: 50176K(50176K)->0K(56320K) From: 50400K(178688K)->50336K(163840K)
[24.000s][info][gc,heap        ] GC(232) ParOldGen: 3317237K(3595264K)->3367853K(3595264K)
[24.000s][info][gc,metaspace   ] GC(232) Metaspace: 6301K(6464K)->6301K(6464K) NonClass: 5768K(5824K)->5768K(5824K) Class: 533K(640K)->533K(640K)
[24.000s][info][gc             ] GC(232) Pause Young (Allocation Failure) 3337M->3338M(3726M) 79.989ms
[24.000s][info][gc,cpu         ] GC(232) User=0.25s Sys=0.14s Real=0.08s
[24.064s][info][gc,start       ] GC(233) Pause Young (Allocation Failure)
[24.150s][info][gc,heap        ] GC(233) PSYoungGen: 106656K(220160K)->56544K(224768K) Eden: 56320K(56320K)->0K(56320K) From: 50336K(163840K)->56544K(168448K)
[24.150s][info][gc,heap        ] GC(233) ParOldGen: 3367853K(3595264K)->3418461K(3595264K)
[24.150s][info][gc,metaspace   ] GC(233) Metaspace: 6301K(6464K)->6301K(6464K) NonClass: 5768K(5824K)->5768K(5824K) Class: 533K(640K)->533K(640K)
[24.150s][info][gc             ] GC(233) Pause Young (Allocation Failure) 3393M->3393M(3730M) 85.739ms
[24.150s][info][gc,cpu         ] GC(233) User=0.33s Sys=0.06s Real=0.08s
[24.206s][info][gc,start       ] GC(234) Pause Young (Allocation Failure)
[24.290s][info][gc,heap        ] GC(234) PSYoungGen: 112864K(224768K)->56544K(211968K) Eden: 56320K(56320K)->0K(62976K) From: 56544K(168448K)->56544K(148992K)
[24.290s][info][gc,heap        ] GC(234) ParOldGen: 3418461K(3595264K)->3475285K(3595264K)
[24.290s][info][gc,metaspace   ] GC(234) Metaspace: 6301K(6464K)->6301K(6464K) NonClass: 5768K(5824K)->5768K(5824K) Class: 533K(640K)->533K(640K)
[24.290s][info][gc             ] GC(234) Pause Young (Allocation Failure) 3448M->3449M(3718M) 84.103ms
[24.290s][info][gc,cpu         ] GC(234) User=0.42s Sys=0.17s Real=0.08s
[24.356s][info][gc,start       ] GC(235) Pause Young (Allocation Failure)
[24.458s][info][gc,heap        ] GC(235) PSYoungGen: 119520K(211968K)->63168K(218624K) Eden: 62976K(62976K)->0K(62976K) From: 56544K(148992K)->63168K(155648K)
[24.459s][info][gc,heap        ] GC(235) ParOldGen: 3475285K(3595264K)->3532109K(3595264K)
[24.459s][info][gc,metaspace   ] GC(235) Metaspace: 6301K(6464K)->6301K(6464K) NonClass: 5768K(5824K)->5768K(5824K) Class: 533K(640K)->533K(640K)
[24.459s][info][gc             ] GC(235) Pause Young (Allocation Failure) 3510M->3511M(3724M) 102.479ms
[24.459s][info][gc,cpu         ] GC(235) User=0.27s Sys=0.27s Real=0.10s
[24.459s][info][gc,start       ] GC(236) Pause Full (Ergonomics)
[24.459s][info][gc,phases,start] GC(236) Marking Phase
[25.294s][info][gc,phases      ] GC(236) Marking Phase 835.260ms
[25.294s][info][gc,phases,start] GC(236) Summary Phase
[25.294s][info][gc,phases      ] GC(236) Summary Phase 0.107ms
[25.294s][info][gc,phases,start] GC(236) Adjust Roots
[25.294s][info][gc,phases      ] GC(236) Adjust Roots 0.276ms
[25.295s][info][gc,phases,start] GC(236) Compaction Phase
[25.710s][info][gc,phases      ] GC(236) Compaction Phase 415.702ms
[25.710s][info][gc,phases,start] GC(236) Post Compact
[25.717s][info][gc,phases      ] GC(236) Post Compact 6.550ms
[25.717s][info][gc,heap        ] GC(236) PSYoungGen: 63168K(218624K)->0K(219136K) Eden: 0K(62976K)->0K(70656K) From: 63168K(155648K)->0K(148480K)
[25.717s][info][gc,heap        ] GC(236) ParOldGen: 3532109K(3595264K)->3592103K(3686400K)
[25.717s][info][gc,metaspace   ] GC(236) Metaspace: 6301K(6464K)->6301K(6464K) NonClass: 5768K(5824K)->5768K(5824K) Class: 533K(640K)->533K(640K)
[25.717s][info][gc             ] GC(236) Pause Full (Ergonomics) 3511M->3507M(3814M) 1258.690ms
[25.717s][info][gc,cpu         ] GC(236) User=8.06s Sys=0.20s Real=1.26s
[25.798s][info][gc,start       ] GC(237) Pause Young (Allocation Failure)
[25.856s][info][gc,heap        ] GC(237) PSYoungGen: 70656K(219136K)->70880K(141824K) Eden: 70656K(70656K)->0K(70656K) From: 0K(148480K)->70880K(71168K)
[25.856s][info][gc,heap        ] GC(237) ParOldGen: 3592103K(3686400K)->3592103K(3686400K)
[25.856s][info][gc,metaspace   ] GC(237) Metaspace: 6301K(6464K)->6301K(6464K) NonClass: 5768K(5824K)->5768K(5824K) Class: 533K(640K)->533K(640K)
[25.856s][info][gc             ] GC(237) Pause Young (Allocation Failure) 3576M->3577M(3738M) 57.972ms
[25.856s][info][gc,cpu         ] GC(237) User=0.14s Sys=0.00s Real=0.06s
[25.926s][info][gc,start       ] GC(238) Pause Young (Allocation Failure)
[26.012s][info][gc,heap        ] GC(238) PSYoungGen: 141536K(141824K)->141312K(199680K) Eden: 70656K(70656K)->0K(58368K) From: 70880K(71168K)->141312K(141312K)
[26.012s][info][gc,heap        ] GC(238) ParOldGen: 3592103K(3686400K)->3592375K(3686400K)
[26.012s][info][gc,metaspace   ] GC(238) Metaspace: 6301K(6464K)->6301K(6464K) NonClass: 5768K(5824K)->5768K(5824K) Class: 533K(640K)->533K(640K)
[26.012s][info][gc             ] GC(238) Pause Young (Allocation Failure) 3646M->3646M(3795M) 85.680ms
[26.012s][info][gc,cpu         ] GC(238) User=0.38s Sys=0.00s Real=0.09s
[26.069s][info][gc,start       ] GC(239) Pause Young (Allocation Failure)
[26.268s][info][gc,promotion   ] GC(239) Promotion failed
[26.268s][info][gc,heap        ] GC(239) PSYoungGen: 199680K(199680K)->199680K(199680K) Eden: 58368K(58368K)->58368K(58368K) From: 141312K(141312K)->141312K(141312K)
[26.268s][info][gc,heap        ] GC(239) ParOldGen: 3592375K(3686400K)->3686399K(3686400K)
[26.268s][info][gc,metaspace   ] GC(239) Metaspace: 6301K(6464K)->6301K(6464K) NonClass: 5768K(5824K)->5768K(5824K) Class: 533K(640K)->533K(640K)
[26.268s][info][gc             ] GC(239) Pause Young (Allocation Failure) 3703M->3794M(3795M) 198.829ms
[26.268s][info][gc,cpu         ] GC(239) User=0.64s Sys=0.31s Real=0.20s
[26.268s][info][gc,start       ] GC(240) Pause Full (Ergonomics)
[26.268s][info][gc,phases,start] GC(240) Marking Phase
[27.179s][info][gc,phases      ] GC(240) Marking Phase 910.840ms
[27.179s][info][gc,phases,start] GC(240) Summary Phase
[27.179s][info][gc,phases      ] GC(240) Summary Phase 0.080ms
[27.179s][info][gc,phases,start] GC(240) Adjust Roots
[27.179s][info][gc,phases      ] GC(240) Adjust Roots 0.308ms
[27.179s][info][gc,phases,start] GC(240) Compaction Phase
[27.577s][info][gc,phases      ] GC(240) Compaction Phase 398.201ms
[27.577s][info][gc,phases,start] GC(240) Post Compact
[27.588s][info][gc,phases      ] GC(240) Post Compact 10.254ms
[27.588s][info][gc,heap        ] GC(240) PSYoungGen: 199680K(199680K)->105367K(199680K) Eden: 58368K(58368K)->0K(58368K) From: 141312K(141312K)->105367K(141312K)
[27.588s][info][gc,heap        ] GC(240) ParOldGen: 3686399K(3686400K)->3686323K(3686400K)
[27.588s][info][gc,metaspace   ] GC(240) Metaspace: 6301K(6464K)->6301K(6464K) NonClass: 5768K(5824K)->5768K(5824K) Class: 533K(640K)->533K(640K)
[27.588s][info][gc             ] GC(240) Pause Full (Ergonomics) 3794M->3702M(3795M) 1320.232ms
[27.588s][info][gc,cpu         ] GC(240) User=8.19s Sys=0.05s Real=1.32s
[27.650s][info][gc,start       ] GC(241) Pause Full (Ergonomics)
[27.650s][info][gc,phases,start] GC(241) Marking Phase
[28.553s][info][gc,phases      ] GC(241) Marking Phase 903.681ms
[28.553s][info][gc,phases,start] GC(241) Summary Phase
[28.554s][info][gc,phases      ] GC(241) Summary Phase 0.111ms
[28.554s][info][gc,phases,start] GC(241) Adjust Roots
[28.554s][info][gc,phases      ] GC(241) Adjust Roots 0.276ms
[28.554s][info][gc,phases,start] GC(241) Compaction Phase
[28.910s][info][gc,phases      ] GC(241) Compaction Phase 356.385ms
[28.910s][info][gc,phases,start] GC(241) Post Compact
[28.918s][info][gc,phases      ] GC(241) Post Compact 8.099ms
[28.919s][info][gc,heap        ] GC(241) PSYoungGen: 163735K(199680K)->163704K(199680K) Eden: 58368K(58368K)->58337K(58368K) From: 105367K(141312K)->105367K(141312K)
[28.919s][info][gc,heap        ] GC(241) ParOldGen: 3686323K(3686400K)->3686323K(3686400K)
[28.919s][info][gc,metaspace   ] GC(241) Metaspace: 6301K(6464K)->6301K(6464K) NonClass: 5768K(5824K)->5768K(5824K) Class: 533K(640K)->533K(640K)
[28.919s][info][gc             ] GC(241) Pause Full (Ergonomics) 3759M->3759M(3795M) 1269.039ms
[28.919s][info][gc,cpu         ] GC(241) User=8.30s Sys=0.02s Real=1.27s
[28.919s][info][gc,start       ] GC(242) Pause Full (Ergonomics)
[28.919s][info][gc,phases,start] GC(242) Marking Phase
[29.821s][info][gc,phases      ] GC(242) Marking Phase 901.648ms
[29.821s][info][gc,phases,start] GC(242) Summary Phase
[29.821s][info][gc,phases      ] GC(242) Summary Phase 0.062ms
[29.821s][info][gc,phases,start] GC(242) Adjust Roots
[29.821s][info][gc,phases      ] GC(242) Adjust Roots 0.286ms
[29.821s][info][gc,phases,start] GC(242) Compaction Phase
[30.139s][info][gc,phases      ] GC(242) Compaction Phase 317.598ms
[30.139s][info][gc,phases,start] GC(242) Post Compact
[30.147s][info][gc,phases      ] GC(242) Post Compact 7.768ms
[30.147s][info][gc,heap        ] GC(242) PSYoungGen: 163735K(199680K)->163734K(199680K) Eden: 58368K(58368K)->58367K(58368K) From: 105367K(141312K)->105367K(141312K)
[30.147s][info][gc,heap        ] GC(242) ParOldGen: 3686323K(3686400K)->3686323K(3686400K)
[30.147s][info][gc,metaspace   ] GC(242) Metaspace: 6301K(6464K)->6301K(6464K) NonClass: 5768K(5824K)->5768K(5824K) Class: 533K(640K)->533K(640K)
[30.147s][info][gc             ] GC(242) Pause Full (Ergonomics) 3759M->3759M(3795M) 1227.797ms
[30.147s][info][gc,cpu         ] GC(242) User=8.62s Sys=0.00s Real=1.23s
[30.147s][info][gc,start       ] GC(243) Pause Full (Ergonomics)
[30.147s][info][gc,phases,start] GC(243) Marking Phase
[31.034s][info][gc,phases      ] GC(243) Marking Phase 886.761ms
[31.034s][info][gc,phases,start] GC(243) Summary Phase
[31.034s][info][gc,phases      ] GC(243) Summary Phase 0.054ms
[31.034s][info][gc,phases,start] GC(243) Adjust Roots
[31.034s][info][gc,phases      ] GC(243) Adjust Roots 0.274ms
[31.034s][info][gc,phases,start] GC(243) Compaction Phase
[31.321s][info][gc,phases      ] GC(243) Compaction Phase 286.518ms
[31.321s][info][gc,phases,start] GC(243) Post Compact
[31.329s][info][gc,phases      ] GC(243) Post Compact 8.042ms
[31.329s][info][gc,heap        ] GC(243) PSYoungGen: 163735K(199680K)->163735K(199680K) Eden: 58367K(58368K)->58367K(58368K) From: 105367K(141312K)->105367K(141312K)
[31.329s][info][gc,heap        ] GC(243) ParOldGen: 3686323K(3686400K)->3686323K(3686400K)
[31.329s][info][gc,metaspace   ] GC(243) Metaspace: 6301K(6464K)->6301K(6464K) NonClass: 5768K(5824K)->5768K(5824K) Class: 533K(640K)->533K(640K)
[31.329s][info][gc             ] GC(243) Pause Full (Ergonomics) 3759M->3759M(3795M) 1182.096ms
[31.329s][info][gc,cpu         ] GC(243) User=8.38s Sys=0.00s Real=1.18s
[31.329s][info][gc,start       ] GC(244) Pause Full (Ergonomics)
[31.329s][info][gc,phases,start] GC(244) Marking Phase
[32.209s][info][gc,phases      ] GC(244) Marking Phase 879.107ms
[32.209s][info][gc,phases,start] GC(244) Summary Phase
[32.209s][info][gc,phases      ] GC(244) Summary Phase 0.078ms
[32.209s][info][gc,phases,start] GC(244) Adjust Roots
[32.209s][info][gc,phases      ] GC(244) Adjust Roots 0.274ms
[32.209s][info][gc,phases,start] GC(244) Compaction Phase
[32.504s][info][gc,phases      ] GC(244) Compaction Phase 294.898ms
[32.504s][info][gc,phases,start] GC(244) Post Compact
[32.513s][info][gc,phases      ] GC(244) Post Compact 8.473ms
[32.513s][info][gc,heap        ] GC(244) PSYoungGen: 163735K(199680K)->163735K(199680K) Eden: 58367K(58368K)->58367K(58368K) From: 105367K(141312K)->105367K(141312K)
[32.513s][info][gc,heap        ] GC(244) ParOldGen: 3686328K(3686400K)->3686328K(3686400K)
[32.513s][info][gc,metaspace   ] GC(244) Metaspace: 6301K(6464K)->6301K(6464K) NonClass: 5768K(5824K)->5768K(5824K) Class: 533K(640K)->533K(640K)
[32.513s][info][gc             ] GC(244) Pause Full (Ergonomics) 3759M->3759M(3795M) 1183.270ms
[32.513s][info][gc,cpu         ] GC(244) User=8.36s Sys=0.00s Real=1.18s
[32.513s][info][gc,start       ] GC(245) Pause Full (Ergonomics)
[32.513s][info][gc,phases,start] GC(245) Marking Phase
[33.389s][info][gc,phases      ] GC(245) Marking Phase 875.768ms
[33.389s][info][gc,phases,start] GC(245) Summary Phase
[33.389s][info][gc,phases      ] GC(245) Summary Phase 0.050ms
[33.389s][info][gc,phases,start] GC(245) Adjust Roots
[33.389s][info][gc,phases      ] GC(245) Adjust Roots 0.204ms
[33.389s][info][gc,phases,start] GC(245) Compaction Phase
[33.717s][info][gc,phases      ] GC(245) Compaction Phase 327.588ms
[33.717s][info][gc,phases,start] GC(245) Post Compact
[33.724s][info][gc,phases      ] GC(245) Post Compact 7.548ms
[33.724s][info][gc,heap        ] GC(245) PSYoungGen: 163735K(199680K)->163735K(199680K) Eden: 58367K(58368K)->58367K(58368K) From: 105367K(141312K)->105367K(141312K)
[33.724s][info][gc,heap        ] GC(245) ParOldGen: 3686333K(3686400K)->3686333K(3686400K)
[33.724s][info][gc,metaspace   ] GC(245) Metaspace: 6301K(6464K)->6301K(6464K) NonClass: 5768K(5824K)->5768K(5824K) Class: 533K(640K)->533K(640K)
[33.724s][info][gc             ] GC(245) Pause Full (Ergonomics) 3759M->3759M(3795M) 1211.504ms
[33.724s][info][gc,cpu         ] GC(245) User=8.20s Sys=0.00s Real=1.21s
[33.725s][info][gc,start       ] GC(246) Pause Full (Ergonomics)
[33.725s][info][gc,phases,start] GC(246) Marking Phase
[34.620s][info][gc,phases      ] GC(246) Marking Phase 895.261ms
[34.620s][info][gc,phases,start] GC(246) Summary Phase
[34.620s][info][gc,phases      ] GC(246) Summary Phase 0.070ms
[34.620s][info][gc,phases,start] GC(246) Adjust Roots
[34.620s][info][gc,phases      ] GC(246) Adjust Roots 0.221ms
[34.620s][info][gc,phases,start] GC(246) Compaction Phase
[34.928s][info][gc,phases      ] GC(246) Compaction Phase 307.338ms
[34.928s][info][gc,phases,start] GC(246) Post Compact
[34.935s][info][gc,phases      ] GC(246) Post Compact 7.696ms
[34.936s][info][gc,heap        ] GC(246) PSYoungGen: 163735K(199680K)->163735K(199680K) Eden: 58367K(58368K)->58367K(58368K) From: 105367K(141312K)->105367K(141312K)
[34.936s][info][gc,heap        ] GC(246) ParOldGen: 3686337K(3686400K)->3686337K(3686400K)
[34.936s][info][gc,metaspace   ] GC(246) Metaspace: 6301K(6464K)->6301K(6464K) NonClass: 5768K(5824K)->5768K(5824K) Class: 533K(640K)->533K(640K)
[34.936s][info][gc             ] GC(246) Pause Full (Ergonomics) 3759M->3759M(3795M) 1211.003ms
[34.936s][info][gc,cpu         ] GC(246) User=8.62s Sys=0.02s Real=1.21s
[34.936s][info][gc,start       ] GC(247) Pause Full (Ergonomics)
[34.936s][info][gc,phases,start] GC(247) Marking Phase
[35.816s][info][gc,phases      ] GC(247) Marking Phase 879.779ms
[35.816s][info][gc,phases,start] GC(247) Summary Phase
[35.816s][info][gc,phases      ] GC(247) Summary Phase 0.049ms
[35.816s][info][gc,phases,start] GC(247) Adjust Roots
[35.816s][info][gc,phases      ] GC(247) Adjust Roots 0.273ms
[35.816s][info][gc,phases,start] GC(247) Compaction Phase
[36.128s][info][gc,phases      ] GC(247) Compaction Phase 312.258ms
[36.128s][info][gc,phases,start] GC(247) Post Compact
[36.136s][info][gc,phases      ] GC(247) Post Compact 7.605ms
[36.136s][info][gc,heap        ] GC(247) PSYoungGen: 163735K(199680K)->163735K(199680K) Eden: 58367K(58368K)->58367K(58368K) From: 105367K(141312K)->105367K(141312K)
[36.136s][info][gc,heap        ] GC(247) ParOldGen: 3686342K(3686400K)->3686342K(3686400K)
[36.136s][info][gc,metaspace   ] GC(247) Metaspace: 6301K(6464K)->6301K(6464K) NonClass: 5768K(5824K)->5768K(5824K) Class: 533K(640K)->533K(640K)
[36.136s][info][gc             ] GC(247) Pause Full (Ergonomics) 3759M->3759M(3795M) 1200.349ms
[36.136s][info][gc,cpu         ] GC(247) User=8.22s Sys=0.02s Real=1.20s
[36.136s][info][gc,start       ] GC(248) Pause Full (Ergonomics)
[36.136s][info][gc,phases,start] GC(248) Marking Phase
[37.018s][info][gc,phases      ] GC(248) Marking Phase 881.193ms
[37.018s][info][gc,phases,start] GC(248) Summary Phase
[37.018s][info][gc,phases      ] GC(248) Summary Phase 0.073ms
[37.018s][info][gc,phases,start] GC(248) Adjust Roots
[37.018s][info][gc,phases      ] GC(248) Adjust Roots 0.357ms
[37.018s][info][gc,phases,start] GC(248) Compaction Phase
[37.317s][info][gc,phases      ] GC(248) Compaction Phase 299.068ms
[37.317s][info][gc,phases,start] GC(248) Post Compact
[37.325s][info][gc,phases      ] GC(248) Post Compact 7.562ms
[37.325s][info][gc,heap        ] GC(248) PSYoungGen: 163735K(199680K)->163735K(199680K) Eden: 58367K(58368K)->58367K(58368K) From: 105367K(141312K)->105367K(141312K)
[37.325s][info][gc,heap        ] GC(248) ParOldGen: 3686347K(3686400K)->3686347K(3686400K)
[37.325s][info][gc,metaspace   ] GC(248) Metaspace: 6301K(6464K)->6301K(6464K) NonClass: 5768K(5824K)->5768K(5824K) Class: 533K(640K)->533K(640K)
[37.325s][info][gc             ] GC(248) Pause Full (Ergonomics) 3759M->3759M(3795M) 1188.663ms
[37.325s][info][gc,cpu         ] GC(248) User=8.39s Sys=0.00s Real=1.19s
[37.325s][info][gc,start       ] GC(249) Pause Full (Ergonomics)
[37.325s][info][gc,phases,start] GC(249) Marking Phase
[38.221s][info][gc,phases      ] GC(249) Marking Phase 895.997ms
[38.221s][info][gc,phases,start] GC(249) Summary Phase
[38.221s][info][gc,phases      ] GC(249) Summary Phase 0.046ms
[38.221s][info][gc,phases,start] GC(249) Adjust Roots
[38.222s][info][gc,phases      ] GC(249) Adjust Roots 0.175ms
[38.222s][info][gc,phases,start] GC(249) Compaction Phase
[38.535s][info][gc,phases      ] GC(249) Compaction Phase 313.792ms
[38.536s][info][gc,phases,start] GC(249) Post Compact
[38.544s][info][gc,phases      ] GC(249) Post Compact 8.082ms
[38.544s][info][gc,heap        ] GC(249) PSYoungGen: 163735K(199680K)->163735K(199680K) Eden: 58367K(58368K)->58367K(58368K) From: 105367K(141312K)->105367K(141312K)
[38.544s][info][gc,heap        ] GC(249) ParOldGen: 3686352K(3686400K)->3686352K(3686400K)
[38.544s][info][gc,metaspace   ] GC(249) Metaspace: 6301K(6464K)->6301K(6464K) NonClass: 5768K(5824K)->5768K(5824K) Class: 533K(640K)->533K(640K)
[38.544s][info][gc             ] GC(249) Pause Full (Ergonomics) 3759M->3759M(3795M) 1218.447ms
[38.544s][info][gc,cpu         ] GC(249) User=8.41s Sys=0.00s Real=1.22s
[38.544s][info][gc,start       ] GC(250) Pause Full (Ergonomics)
[38.544s][info][gc,phases,start] GC(250) Marking Phase
[39.433s][info][gc,phases      ] GC(250) Marking Phase 889.231ms
[39.433s][info][gc,phases,start] GC(250) Summary Phase
[39.433s][info][gc,phases      ] GC(250) Summary Phase 0.076ms
[39.433s][info][gc,phases,start] GC(250) Adjust Roots
[39.434s][info][gc,phases      ] GC(250) Adjust Roots 0.277ms
[39.434s][info][gc,phases,start] GC(250) Compaction Phase
[39.760s][info][gc,phases      ] GC(250) Compaction Phase 326.408ms
[39.760s][info][gc,phases,start] GC(250) Post Compact
[39.768s][info][gc,phases      ] GC(250) Post Compact 7.639ms
[39.768s][info][gc,heap        ] GC(250) PSYoungGen: 163735K(199680K)->163735K(199680K) Eden: 58367K(58368K)->58367K(58368K) From: 105367K(141312K)->105367K(141312K)
[39.768s][info][gc,heap        ] GC(250) ParOldGen: 3686357K(3686400K)->3686357K(3686400K)
[39.768s][info][gc,metaspace   ] GC(250) Metaspace: 6301K(6464K)->6301K(6464K) NonClass: 5768K(5824K)->5768K(5824K) Class: 533K(640K)->533K(640K)
[39.768s][info][gc             ] GC(250) Pause Full (Ergonomics) 3759M->3759M(3795M) 1224.055ms
[39.768s][info][gc,cpu         ] GC(250) User=8.59s Sys=0.00s Real=1.22s
[39.768s][info][gc,start       ] GC(251) Pause Full (Ergonomics)
[39.768s][info][gc,phases,start] GC(251) Marking Phase
[40.667s][info][gc,phases      ] GC(251) Marking Phase 898.616ms
[40.667s][info][gc,phases,start] GC(251) Summary Phase
[40.667s][info][gc,phases      ] GC(251) Summary Phase 0.061ms
[40.667s][info][gc,phases,start] GC(251) Adjust Roots
[40.667s][info][gc,phases      ] GC(251) Adjust Roots 0.238ms
[40.667s][info][gc,phases,start] GC(251) Compaction Phase
[40.986s][info][gc,phases      ] GC(251) Compaction Phase 318.638ms
[40.986s][info][gc,phases,start] GC(251) Post Compact
[40.995s][info][gc,phases      ] GC(251) Post Compact 8.454ms
[40.995s][info][gc,heap        ] GC(251) PSYoungGen: 163735K(199680K)->163735K(199680K) Eden: 58367K(58368K)->58367K(58368K) From: 105367K(141312K)->105367K(141312K)
[40.995s][info][gc,heap        ] GC(251) ParOldGen: 3686362K(3686400K)->3686362K(3686400K)
[40.995s][info][gc,metaspace   ] GC(251) Metaspace: 6301K(6464K)->6301K(6464K) NonClass: 5768K(5824K)->5768K(5824K) Class: 533K(640K)->533K(640K)
[40.995s][info][gc             ] GC(251) Pause Full (Ergonomics) 3759M->3759M(3795M) 1226.425ms
[40.995s][info][gc,cpu         ] GC(251) User=8.58s Sys=0.02s Real=1.23s
[40.995s][info][gc,start       ] GC(252) Pause Full (Ergonomics)
[40.995s][info][gc,phases,start] GC(252) Marking Phase
[41.893s][info][gc,phases      ] GC(252) Marking Phase 897.781ms
[41.893s][info][gc,phases,start] GC(252) Summary Phase
[41.893s][info][gc,phases      ] GC(252) Summary Phase 0.098ms
[41.893s][info][gc,phases,start] GC(252) Adjust Roots
[41.893s][info][gc,phases      ] GC(252) Adjust Roots 0.225ms
[41.893s][info][gc,phases,start] GC(252) Compaction Phase
[42.193s][info][gc,phases      ] GC(252) Compaction Phase 299.496ms
[42.193s][info][gc,phases,start] GC(252) Post Compact
[42.200s][info][gc,phases      ] GC(252) Post Compact 7.570ms
[42.200s][info][gc,heap        ] GC(252) PSYoungGen: 163735K(199680K)->163735K(199680K) Eden: 58367K(58368K)->58367K(58368K) From: 105367K(141312K)->105367K(141312K)
[42.200s][info][gc,heap        ] GC(252) ParOldGen: 3686366K(3686400K)->3686366K(3686400K)
[42.201s][info][gc,metaspace   ] GC(252) Metaspace: 6301K(6464K)->6301K(6464K) NonClass: 5768K(5824K)->5768K(5824K) Class: 533K(640K)->533K(640K)
[42.201s][info][gc             ] GC(252) Pause Full (Ergonomics) 3759M->3759M(3795M) 1205.585ms
[42.201s][info][gc,cpu         ] GC(252) User=8.58s Sys=0.02s Real=1.20s
[42.201s][info][gc,start       ] GC(253) Pause Full (Ergonomics)
[42.201s][info][gc,phases,start] GC(253) Marking Phase
[43.080s][info][gc,phases      ] GC(253) Marking Phase 878.798ms
[43.080s][info][gc,phases,start] GC(253) Summary Phase
[43.080s][info][gc,phases      ] GC(253) Summary Phase 0.057ms
[43.080s][info][gc,phases,start] GC(253) Adjust Roots
[43.080s][info][gc,phases      ] GC(253) Adjust Roots 0.250ms
[43.080s][info][gc,phases,start] GC(253) Compaction Phase
[43.375s][info][gc,phases      ] GC(253) Compaction Phase 294.929ms
[43.375s][info][gc,phases,start] GC(253) Post Compact
[43.383s][info][gc,phases      ] GC(253) Post Compact 8.096ms
[43.383s][info][gc,heap        ] GC(253) PSYoungGen: 163735K(199680K)->163735K(199680K) Eden: 58367K(58368K)->58367K(58368K) From: 105367K(141312K)->105367K(141312K)
[43.383s][info][gc,heap        ] GC(253) ParOldGen: 3686371K(3686400K)->3686371K(3686400K)
[43.383s][info][gc,metaspace   ] GC(253) Metaspace: 6301K(6464K)->6301K(6464K) NonClass: 5768K(5824K)->5768K(5824K) Class: 533K(640K)->533K(640K)
[43.383s][info][gc             ] GC(253) Pause Full (Ergonomics) 3759M->3759M(3795M) 1182.517ms
[43.383s][info][gc,cpu         ] GC(253) User=8.42s Sys=0.00s Real=1.18s
[43.383s][info][gc,start       ] GC(254) Pause Full (Ergonomics)
[43.384s][info][gc,phases,start] GC(254) Marking Phase
[44.261s][info][gc,phases      ] GC(254) Marking Phase 877.498ms
[44.261s][info][gc,phases,start] GC(254) Summary Phase
[44.261s][info][gc,phases      ] GC(254) Summary Phase 0.051ms
[44.261s][info][gc,phases,start] GC(254) Adjust Roots
[44.261s][info][gc,phases      ] GC(254) Adjust Roots 0.197ms
[44.261s][info][gc,phases,start] GC(254) Compaction Phase
[44.575s][info][gc,phases      ] GC(254) Compaction Phase 313.536ms
[44.575s][info][gc,phases,start] GC(254) Post Compact
[44.583s][info][gc,phases      ] GC(254) Post Compact 8.379ms
[44.583s][info][gc,heap        ] GC(254) PSYoungGen: 163735K(199680K)->163735K(199680K) Eden: 58367K(58368K)->58367K(58368K) From: 105367K(141312K)->105367K(141312K)
[44.583s][info][gc,heap        ] GC(254) ParOldGen: 3686376K(3686400K)->3686376K(3686400K)
[44.583s][info][gc,metaspace   ] GC(254) Metaspace: 6301K(6464K)->6301K(6464K) NonClass: 5768K(5824K)->5768K(5824K) Class: 533K(640K)->533K(640K)
[44.584s][info][gc             ] GC(254) Pause Full (Ergonomics) 3759M->3759M(3795M) 1200.026ms
[44.584s][info][gc,cpu         ] GC(254) User=8.33s Sys=0.00s Real=1.20s
[44.584s][info][gc,start       ] GC(255) Pause Full (Ergonomics)
[44.584s][info][gc,phases,start] GC(255) Marking Phase
[45.457s][info][gc,phases      ] GC(255) Marking Phase 873.568ms
[45.457s][info][gc,phases,start] GC(255) Summary Phase
[45.457s][info][gc,phases      ] GC(255) Summary Phase 0.086ms
[45.458s][info][gc,phases,start] GC(255) Adjust Roots
[45.458s][info][gc,phases      ] GC(255) Adjust Roots 0.304ms
[45.458s][info][gc,phases,start] GC(255) Compaction Phase
[45.756s][info][gc,phases      ] GC(255) Compaction Phase 297.961ms
[45.756s][info][gc,phases,start] GC(255) Post Compact
[45.764s][info][gc,phases      ] GC(255) Post Compact 7.832ms
[45.764s][info][gc,heap        ] GC(255) PSYoungGen: 163735K(199680K)->163735K(199680K) Eden: 58367K(58368K)->58367K(58368K) From: 105367K(141312K)->105367K(141312K)
[45.764s][info][gc,heap        ] GC(255) ParOldGen: 3686381K(3686400K)->3686381K(3686400K)
[45.764s][info][gc,metaspace   ] GC(255) Metaspace: 6301K(6464K)->6301K(6464K) NonClass: 5768K(5824K)->5768K(5824K) Class: 533K(640K)->533K(640K)
[45.764s][info][gc             ] GC(255) Pause Full (Ergonomics) 3759M->3759M(3795M) 1180.160ms
[45.764s][info][gc,cpu         ] GC(255) User=8.34s Sys=0.00s Real=1.18s
[45.764s][info][gc,start       ] GC(256) Pause Full (Ergonomics)
[45.764s][info][gc,phases,start] GC(256) Marking Phase
[46.647s][info][gc,phases      ] GC(256) Marking Phase 883.268ms
[46.647s][info][gc,phases,start] GC(256) Summary Phase
[46.648s][info][gc,phases      ] GC(256) Summary Phase 0.071ms
[46.648s][info][gc,phases,start] GC(256) Adjust Roots
[46.648s][info][gc,phases      ] GC(256) Adjust Roots 0.289ms
[46.648s][info][gc,phases,start] GC(256) Compaction Phase
[46.950s][info][gc,phases      ] GC(256) Compaction Phase 302.381ms
[46.950s][info][gc,phases,start] GC(256) Post Compact
[46.958s][info][gc,phases      ] GC(256) Post Compact 7.744ms
[46.958s][info][gc,heap        ] GC(256) PSYoungGen: 163735K(199680K)->163735K(199680K) Eden: 58367K(58368K)->58367K(58368K) From: 105367K(141312K)->105367K(141312K)
[46.958s][info][gc,heap        ] GC(256) ParOldGen: 3686386K(3686400K)->3686386K(3686400K)
[46.958s][info][gc,metaspace   ] GC(256) Metaspace: 6301K(6464K)->6301K(6464K) NonClass: 5768K(5824K)->5768K(5824K) Class: 533K(640K)->533K(640K)
[46.958s][info][gc             ] GC(256) Pause Full (Ergonomics) 3759M->3759M(3795M) 1194.216ms
[46.958s][info][gc,cpu         ] GC(256) User=8.19s Sys=0.02s Real=1.19s
[46.959s][info][gc,start       ] GC(257) Pause Full (Ergonomics)
[46.959s][info][gc,phases,start] GC(257) Marking Phase
[47.828s][info][gc,phases      ] GC(257) Marking Phase 869.010ms
[47.828s][info][gc,phases,start] GC(257) Summary Phase
[47.828s][info][gc,phases      ] GC(257) Summary Phase 0.054ms
[47.828s][info][gc,phases,start] GC(257) Adjust Roots
[47.828s][info][gc,phases      ] GC(257) Adjust Roots 0.210ms
[47.828s][info][gc,phases,start] GC(257) Compaction Phase
[48.154s][info][gc,phases      ] GC(257) Compaction Phase 325.746ms
[48.154s][info][gc,phases,start] GC(257) Post Compact
[48.161s][info][gc,phases      ] GC(257) Post Compact 7.586ms
[48.161s][info][gc,heap        ] GC(257) PSYoungGen: 163735K(199680K)->163735K(199680K) Eden: 58367K(58368K)->58367K(58368K) From: 105367K(141312K)->105367K(141312K)
[48.162s][info][gc,heap        ] GC(257) ParOldGen: 3686391K(3686400K)->3686391K(3686400K)
[48.162s][info][gc,metaspace   ] GC(257) Metaspace: 6301K(6464K)->6301K(6464K) NonClass: 5768K(5824K)->5768K(5824K) Class: 533K(640K)->533K(640K)
[48.162s][info][gc             ] GC(257) Pause Full (Ergonomics) 3759M->3759M(3795M) 1202.957ms
[48.162s][info][gc,cpu         ] GC(257) User=8.20s Sys=0.00s Real=1.20s
[48.162s][info][gc,start       ] GC(258) Pause Full (Ergonomics)
[48.162s][info][gc,phases,start] GC(258) Marking Phase
[49.048s][info][gc,phases      ] GC(258) Marking Phase 885.737ms
[49.048s][info][gc,phases,start] GC(258) Summary Phase
[49.048s][info][gc,phases      ] GC(258) Summary Phase 0.070ms
[49.048s][info][gc,phases,start] GC(258) Adjust Roots
[49.048s][info][gc,phases      ] GC(258) Adjust Roots 0.306ms
[49.048s][info][gc,phases,start] GC(258) Compaction Phase
[49.371s][info][gc,phases      ] GC(258) Compaction Phase 322.399ms
[49.371s][info][gc,phases,start] GC(258) Post Compact
[49.379s][info][gc,phases      ] GC(258) Post Compact 8.476ms
[49.379s][info][gc,heap        ] GC(258) PSYoungGen: 163735K(199680K)->163735K(199680K) Eden: 58367K(58368K)->58367K(58368K) From: 105367K(141312K)->105367K(141312K)
[49.379s][info][gc,heap        ] GC(258) ParOldGen: 3686395K(3686400K)->3686395K(3686400K)
[49.379s][info][gc,metaspace   ] GC(258) Metaspace: 6301K(6464K)->6301K(6464K) NonClass: 5768K(5824K)->5768K(5824K) Class: 533K(640K)->533K(640K)
[49.379s][info][gc             ] GC(258) Pause Full (Ergonomics) 3759M->3759M(3795M) 1217.456ms
[49.379s][info][gc,cpu         ] GC(258) User=8.27s Sys=0.00s Real=1.22s
[49.379s][info][gc,start       ] GC(259) Pause Full (Ergonomics)
[49.380s][info][gc,phases,start] GC(259) Marking Phase
[50.273s][info][gc,phases      ] GC(259) Marking Phase 893.932ms
[50.274s][info][gc,phases,start] GC(259) Summary Phase
[50.274s][info][gc,phases      ] GC(259) Summary Phase 0.049ms
[50.274s][info][gc,phases,start] GC(259) Adjust Roots
[50.274s][info][gc,phases      ] GC(259) Adjust Roots 0.176ms
[50.274s][info][gc,phases,start] GC(259) Compaction Phase
[50.582s][info][gc,phases      ] GC(259) Compaction Phase 307.772ms
[50.582s][info][gc,phases,start] GC(259) Post Compact
[50.590s][info][gc,phases      ] GC(259) Post Compact 8.272ms
[50.590s][info][gc,heap        ] GC(259) PSYoungGen: 163735K(199680K)->163735K(199680K) Eden: 58367K(58368K)->58367K(58368K) From: 105367K(141312K)->105367K(141312K)
[50.590s][info][gc,heap        ] GC(259) ParOldGen: 3686399K(3686400K)->3686399K(3686400K)
[50.590s][info][gc,metaspace   ] GC(259) Metaspace: 6301K(6464K)->6301K(6464K) NonClass: 5768K(5824K)->5768K(5824K) Class: 533K(640K)->533K(640K)
[50.590s][info][gc             ] GC(259) Pause Full (Ergonomics) 3759M->3759M(3795M) 1210.613ms
[50.590s][info][gc,cpu         ] GC(259) User=8.61s Sys=0.00s Real=1.21s
[50.590s][info][gc,start       ] GC(260) Pause Full (Allocation Failure)
[50.590s][info][gc,phases,start] GC(260) Marking Phase
[51.471s][info][gc,phases      ] GC(260) Marking Phase 880.413ms
[51.471s][info][gc,phases,start] GC(260) Summary Phase
[51.471s][info][gc,phases      ] GC(260) Summary Phase 0.081ms
[51.471s][info][gc,phases,start] GC(260) Adjust Roots
[51.471s][info][gc,phases      ] GC(260) Adjust Roots 0.521ms
[51.471s][info][gc,phases,start] GC(260) Compaction Phase
[52.377s][info][gc,phases      ] GC(260) Compaction Phase 905.126ms
[52.377s][info][gc,phases,start] GC(260) Post Compact
[52.384s][info][gc,phases      ] GC(260) Post Compact 7.712ms
[52.384s][info][gc,heap        ] GC(260) PSYoungGen: 163735K(199680K)->163735K(199680K) Eden: 58367K(58368K)->58367K(58368K) From: 105367K(141312K)->105367K(141312K)
[52.384s][info][gc,heap        ] GC(260) ParOldGen: 3686399K(3686400K)->3686395K(3686400K)
[52.384s][info][gc,metaspace   ] GC(260) Metaspace: 6301K(6464K)->6299K(6464K) NonClass: 5768K(5824K)->5766K(5824K) Class: 533K(640K)->532K(640K)
[52.384s][info][gc             ] GC(260) Pause Full (Allocation Failure) 3759M->3759M(3795M) 1794.274ms
[52.384s][info][gc,cpu         ] GC(260) User=11.86s Sys=0.00s Real=1.79s
[52.385s][info][gc,start       ] GC(261) Pause Full (Ergonomics)
[52.385s][info][gc,phases,start] GC(261) Marking Phase
[53.263s][info][gc,phases      ] GC(261) Marking Phase 878.132ms
[53.263s][info][gc,phases,start] GC(261) Summary Phase
[53.263s][info][gc,phases      ] GC(261) Summary Phase 0.065ms
[53.263s][info][gc,phases,start] GC(261) Adjust Roots
[53.263s][info][gc,phases      ] GC(261) Adjust Roots 0.247ms
[53.263s][info][gc,phases,start] GC(261) Compaction Phase
[53.572s][info][gc,phases      ] GC(261) Compaction Phase 308.770ms
[53.572s][info][gc,phases,start] GC(261) Post Compact
[53.581s][info][gc,phases      ] GC(261) Post Compact 8.550ms
[53.581s][info][gc,heap        ] GC(261) PSYoungGen: 163735K(199680K)->163735K(199680K) Eden: 58367K(58368K)->58367K(58368K) From: 105367K(141312K)->105367K(141312K)
[53.581s][info][gc,heap        ] GC(261) ParOldGen: 3686396K(3686400K)->3686396K(3686400K)
[53.581s][info][gc,metaspace   ] GC(261) Metaspace: 6299K(6464K)->6299K(6464K) NonClass: 5766K(5824K)->5766K(5824K) Class: 532K(640K)->532K(640K)
[53.581s][info][gc             ] GC(261) Pause Full (Ergonomics) 3759M->3759M(3795M) 1196.162ms
[53.581s][info][gc,cpu         ] GC(261) User=8.33s Sys=0.00s Real=1.20s
[53.582s][info][gc,start       ] GC(262) Pause Full (Ergonomics)
[53.582s][info][gc,phases,start] GC(262) Marking Phase
[54.462s][info][gc,phases      ] GC(262) Marking Phase 880.518ms
[54.462s][info][gc,phases,start] GC(262) Summary Phase
[54.462s][info][gc,phases      ] GC(262) Summary Phase 0.053ms
[54.462s][info][gc,phases,start] GC(262) Adjust Roots
[54.462s][info][gc,phases      ] GC(262) Adjust Roots 0.189ms
[54.462s][info][gc,phases,start] GC(262) Compaction Phase
[54.764s][info][gc,phases      ] GC(262) Compaction Phase 301.412ms
[54.764s][info][gc,phases,start] GC(262) Post Compact
[54.772s][info][gc,phases      ] GC(262) Post Compact 8.197ms
[54.772s][info][gc,heap        ] GC(262) PSYoungGen: 163735K(199680K)->163735K(199680K) Eden: 58367K(58368K)->58367K(58368K) From: 105367K(141312K)->105367K(141312K)
[54.772s][info][gc,heap        ] GC(262) ParOldGen: 3686399K(3686400K)->3686399K(3686400K)
[54.772s][info][gc,metaspace   ] GC(262) Metaspace: 6299K(6464K)->6299K(6464K) NonClass: 5766K(5824K)->5766K(5824K) Class: 532K(640K)->532K(640K)
[54.772s][info][gc             ] GC(262) Pause Full (Ergonomics) 3759M->3759M(3795M) 1190.746ms
[54.772s][info][gc,cpu         ] GC(262) User=8.41s Sys=0.02s Real=1.19s
[54.772s][info][gc,start       ] GC(263) Pause Full (Allocation Failure)
[54.772s][info][gc,phases,start] GC(263) Marking Phase
[55.670s][info][gc,phases      ] GC(263) Marking Phase 898.022ms
[55.670s][info][gc,phases,start] GC(263) Summary Phase
[55.671s][info][gc,phases      ] GC(263) Summary Phase 0.049ms
[55.671s][info][gc,phases,start] GC(263) Adjust Roots
[55.671s][info][gc,phases      ] GC(263) Adjust Roots 0.197ms
[55.671s][info][gc,phases,start] GC(263) Compaction Phase
[55.978s][info][gc,phases      ] GC(263) Compaction Phase 307.272ms
[55.978s][info][gc,phases,start] GC(263) Post Compact
[55.986s][info][gc,phases      ] GC(263) Post Compact 7.955ms
[55.986s][info][gc,heap        ] GC(263) PSYoungGen: 163735K(199680K)->163735K(199680K) Eden: 58367K(58368K)->58367K(58368K) From: 105367K(141312K)->105367K(141312K)
[55.986s][info][gc,heap        ] GC(263) ParOldGen: 3686399K(3686400K)->3686399K(3686400K)
[55.986s][info][gc,metaspace   ] GC(263) Metaspace: 6299K(6464K)->6299K(6464K) NonClass: 5766K(5824K)->5766K(5824K) Class: 532K(640K)->532K(640K)
[55.986s][info][gc             ] GC(263) Pause Full (Allocation Failure) 3759M->3759M(3795M) 1213.861ms
[55.986s][info][gc,cpu         ] GC(263) User=8.58s Sys=0.00s Real=1.21s
[55.987s][info][gc,start       ] GC(264) Pause Full (Ergonomics)
[55.987s][info][gc,phases,start] GC(264) Marking Phase
[56.871s][info][gc,phases      ] GC(264) Marking Phase 883.793ms
[56.871s][info][gc,phases,start] GC(264) Summary Phase
[56.871s][info][gc,phases      ] GC(264) Summary Phase 0.051ms
[56.871s][info][gc,phases,start] GC(264) Adjust Roots
[56.871s][info][gc,phases      ] GC(264) Adjust Roots 0.329ms
[56.871s][info][gc,phases,start] GC(264) Compaction Phase
[57.815s][info][gc,phases      ] GC(264) Compaction Phase 944.365ms
[57.815s][info][gc,phases,start] GC(264) Post Compact
[57.824s][info][gc,phases      ] GC(264) Post Compact 8.048ms
[57.824s][info][gc,heap        ] GC(264) PSYoungGen: 163735K(199680K)->163735K(199680K) Eden: 58367K(58368K)->58367K(58368K) From: 105367K(141312K)->105367K(141312K)
[57.824s][info][gc,heap        ] GC(264) ParOldGen: 3686400K(3686400K)->3686398K(3686400K)
[57.824s][info][gc,metaspace   ] GC(264) Metaspace: 6299K(6464K)->6299K(6464K) NonClass: 5766K(5824K)->5766K(5824K) Class: 532K(640K)->532K(640K)
[57.824s][info][gc             ] GC(264) Pause Full (Ergonomics) 3759M->3759M(3795M) 1836.988ms
[57.824s][info][gc,cpu         ] GC(264) User=12.41s Sys=0.00s Real=1.84s
[57.824s][info][gc,start       ] GC(265) Pause Full (Ergonomics)
[57.824s][info][gc,phases,start] GC(265) Marking Phase
[58.705s][info][gc,phases      ] GC(265) Marking Phase 880.981ms
[58.705s][info][gc,phases,start] GC(265) Summary Phase
[58.705s][info][gc,phases      ] GC(265) Summary Phase 0.050ms
[58.705s][info][gc,phases,start] GC(265) Adjust Roots
[58.706s][info][gc,phases      ] GC(265) Adjust Roots 0.200ms
[58.706s][info][gc,phases,start] GC(265) Compaction Phase
[59.021s][info][gc,phases      ] GC(265) Compaction Phase 315.714ms
[59.021s][info][gc,phases,start] GC(265) Post Compact
[59.029s][info][gc,phases      ] GC(265) Post Compact 7.794ms
[59.029s][info][gc,heap        ] GC(265) PSYoungGen: 163735K(199680K)->163735K(199680K) Eden: 58367K(58368K)->58367K(58368K) From: 105367K(141312K)->105367K(141312K)
[59.029s][info][gc,heap        ] GC(265) ParOldGen: 3686399K(3686400K)->3686398K(3686400K)
[59.029s][info][gc,metaspace   ] GC(265) Metaspace: 6299K(6464K)->6299K(6464K) NonClass: 5766K(5824K)->5766K(5824K) Class: 532K(640K)->532K(640K)
[59.029s][info][gc             ] GC(265) Pause Full (Ergonomics) 3759M->3759M(3795M) 1205.098ms
[59.029s][info][gc,cpu         ] GC(265) User=8.47s Sys=0.00s Real=1.20s
[59.030s][info][gc,start       ] GC(266) Pause Full (Ergonomics)
[59.030s][info][gc,phases,start] GC(266) Marking Phase
[59.924s][info][gc,phases      ] GC(266) Marking Phase 893.625ms
[59.924s][info][gc,phases,start] GC(266) Summary Phase
[59.924s][info][gc,phases      ] GC(266) Summary Phase 0.055ms
[59.924s][info][gc,phases,start] GC(266) Adjust Roots
[59.924s][info][gc,phases      ] GC(266) Adjust Roots 0.315ms
[59.924s][info][gc,phases,start] GC(266) Compaction Phase
[60.872s][info][gc,phases      ] GC(266) Compaction Phase 947.492ms
[60.872s][info][gc,phases,start] GC(266) Post Compact
[60.880s][info][gc,phases      ] GC(266) Post Compact 8.110ms
[60.880s][info][gc,heap        ] GC(266) PSYoungGen: 163735K(199680K)->163735K(199680K) Eden: 58367K(58368K)->58367K(58368K) From: 105367K(141312K)->105367K(141312K)
[60.880s][info][gc,heap        ] GC(266) ParOldGen: 3686399K(3686400K)->3686397K(3686400K)
[60.880s][info][gc,metaspace   ] GC(266) Metaspace: 6301K(6464K)->6301K(6464K) NonClass: 5767K(5824K)->5767K(5824K) Class: 533K(640K)->533K(640K)
[60.880s][info][gc             ] GC(266) Pause Full (Ergonomics) 3759M->3759M(3795M) 1850.056ms
[60.880s][info][gc,cpu         ] GC(266) User=12.72s Sys=0.03s Real=1.85s
[60.881s][info][gc,heap,exit   ] Heap
[60.881s][info][gc,heap,exit   ]  PSYoungGen      total 199680K, used 163735K [0x000000078f800000, 0x00000007a7080000, 0x0000000800000000)
[60.881s][info][gc,heap,exit   ]   eden space 58368K, 99% used [0x000000078f800000,0x00000007930ffff8,0x0000000793100000)
[60.881s][info][gc,heap,exit   ]   from space 141312K, 74% used [0x000000079cd80000,0x00000007a3465d60,0x00000007a5780000)
[60.881s][info][gc,heap,exit   ]   to   space 160256K, 0% used [0x0000000793100000,0x0000000793100000,0x000000079cd80000)
[60.881s][info][gc,heap,exit   ]  ParOldGen       total 3686400K, used 3686397K [0x00000006ae800000, 0x000000078f800000, 0x000000078f800000)
[60.881s][info][gc,heap,exit   ]   object space 3686400K, 99% used [0x00000006ae800000,0x000000078f7ff7e0,0x000000078f800000)
[60.881s][info][gc,heap,exit   ]  Metaspace       used 6304K, committed 6528K, reserved 1114112K
[60.881s][info][gc,heap,exit   ]   class space    used 534K, committed 640K, reserved 1048576K
