[0.026s][info][gc,init] CardTable entry size: 512
[0.026s][info][gc     ] Using Parallel
[0.027s][info][gc,init] Version: 18.0.1+10 (release)
[0.027s][info][gc,init] CPUs: 8 total, 8 available
[0.027s][info][gc,init] Memory: 16063M
[0.027s][info][gc,init] Large Page Support: Disabled
[0.028s][info][gc,init] NUMA Support: Disabled
[0.028s][info][gc,init] Compressed Oops: Enabled (Zero based)
[0.028s][info][gc,init] Alignments: Space 512K, Generation 512K, Heap 2M
[0.028s][info][gc,init] Heap Min Capacity: 2M
[0.028s][info][gc,init] Heap Initial Capacity: 2M
[0.028s][info][gc,init] Heap Max Capacity: 10100M
[0.028s][info][gc,init] Pre-touch: Disabled
[0.028s][info][gc,init] Parallel Workers: 8
[0.028s][info][gc,metaspace] CDS archive(s) not mapped
[0.028s][info][gc,metaspace] Compressed class space mapped at: 0x0000000800000000-0x0000000840000000, reserved size: 1073741824
[0.028s][info][gc,metaspace] Narrow klass base: 0x0000000800000000, Narrow klass shift: 0, Narrow klass range: 0x40000000
[0.136s][info][gc,start    ] GC(0) Pause Young (Allocation Failure)
[0.137s][info][gc,heap     ] GC(0) PSYoungGen: 512K(1024K)->480K(1024K) Eden: 512K(512K)->0K(512K) From: 0K(512K)->480K(512K)
[0.137s][info][gc,heap     ] GC(0) ParOldGen: 0K(512K)->8K(512K)
[0.137s][info][gc,metaspace] GC(0) Metaspace: 4230K(4352K)->4230K(4352K) NonClass: 3909K(3968K)->3909K(3968K) Class: 321K(384K)->321K(384K)
[0.137s][info][gc          ] GC(0) Pause Young (Allocation Failure) 0M->0M(1M) 1.323ms
[0.137s][info][gc,cpu      ] GC(0) User=0.00s Sys=0.00s Real=0.00s
[0.214s][info][gc,start    ] GC(1) Pause Young (Allocation Failure)
[0.215s][info][gc,heap     ] GC(1) PSYoungGen: 991K(1024K)->512K(1536K) Eden: 511K(512K)->0K(1024K) From: 480K(512K)->512K(512K)
[0.215s][info][gc,heap     ] GC(1) ParOldGen: 8K(512K)->96K(512K)
[0.215s][info][gc,metaspace] GC(1) Metaspace: 5878K(6016K)->5878K(6016K) NonClass: 5381K(5504K)->5381K(5504K) Class: 496K(512K)->496K(512K)
[0.215s][info][gc          ] GC(1) Pause Young (Allocation Failure) 0M->0M(2M) 0.980ms
[0.215s][info][gc,cpu      ] GC(1) User=0.00s Sys=0.00s Real=0.00s
[0.239s][info][gc,start    ] GC(2) Pause Young (Allocation Failure)
[0.241s][info][gc,heap     ] GC(2) PSYoungGen: 1536K(1536K)->512K(1536K) Eden: 1024K(1024K)->0K(1024K) From: 512K(512K)->512K(512K)
[0.241s][info][gc,heap     ] GC(2) ParOldGen: 96K(512K)->520K(1024K)
[0.241s][info][gc,metaspace] GC(2) Metaspace: 6297K(6464K)->6297K(6464K) NonClass: 5763K(5824K)->5763K(5824K) Class: 533K(640K)->533K(640K)
[0.242s][info][gc          ] GC(2) Pause Young (Allocation Failure) 1M->1M(2M) 2.163ms
[0.242s][info][gc,cpu      ] GC(2) User=0.00s Sys=0.00s Real=0.00s
[0.243s][info][gc,start    ] GC(3) Pause Young (Allocation Failure)
[0.245s][info][gc,heap     ] GC(3) PSYoungGen: 1536K(1536K)->480K(2560K) Eden: 1024K(1024K)->0K(2048K) From: 512K(512K)->480K(512K)
[0.245s][info][gc,heap     ] GC(3) ParOldGen: 520K(1024K)->1076K(1536K)
[0.245s][info][gc,metaspace] GC(3) Metaspace: 6297K(6464K)->6297K(6464K) NonClass: 5763K(5824K)->5763K(5824K) Class: 533K(640K)->533K(640K)
[0.245s][info][gc          ] GC(3) Pause Young (Allocation Failure) 2M->1M(4M) 1.493ms
[0.245s][info][gc,cpu      ] GC(3) User=0.00s Sys=0.00s Real=0.00s
[0.245s][info][gc,start    ] GC(4) Pause Full (Ergonomics)
[0.245s][info][gc,phases,start] GC(4) Marking Phase
[0.247s][info][gc,phases      ] GC(4) Marking Phase 1.707ms
[0.247s][info][gc,phases,start] GC(4) Summary Phase
[0.247s][info][gc,phases      ] GC(4) Summary Phase 0.025ms
[0.247s][info][gc,phases,start] GC(4) Adjust Roots
[0.247s][info][gc,phases      ] GC(4) Adjust Roots 0.497ms
[0.247s][info][gc,phases,start] GC(4) Compaction Phase
[0.250s][info][gc,phases      ] GC(4) Compaction Phase 3.240ms
[0.251s][info][gc,phases,start] GC(4) Post Compact
[0.251s][info][gc,phases      ] GC(4) Post Compact 0.117ms
[0.251s][info][gc,heap        ] GC(4) PSYoungGen: 480K(2560K)->0K(2560K) Eden: 0K(2048K)->0K(2048K) From: 480K(512K)->0K(512K)
[0.251s][info][gc,heap        ] GC(4) ParOldGen: 1076K(1536K)->1495K(3584K)
[0.251s][info][gc,metaspace   ] GC(4) Metaspace: 6297K(6464K)->6297K(6464K) NonClass: 5763K(5824K)->5763K(5824K) Class: 533K(640K)->533K(640K)
[0.251s][info][gc             ] GC(4) Pause Full (Ergonomics) 1M->1M(6M) 5.986ms
[0.251s][info][gc,cpu         ] GC(4) User=0.00s Sys=0.00s Real=0.01s
[0.253s][info][gc,start       ] GC(5) Pause Young (Allocation Failure)
[0.255s][info][gc,heap        ] GC(5) PSYoungGen: 2048K(2560K)->480K(3584K) Eden: 2048K(2048K)->0K(3072K) From: 0K(512K)->480K(512K)
[0.255s][info][gc,heap        ] GC(5) ParOldGen: 1495K(3584K)->2119K(3584K)
[0.255s][info][gc,metaspace   ] GC(5) Metaspace: 6297K(6464K)->6297K(6464K) NonClass: 5763K(5824K)->5763K(5824K) Class: 533K(640K)->533K(640K)
[0.255s][info][gc             ] GC(5) Pause Young (Allocation Failure) 3M->2M(7M) 1.442ms
[0.255s][info][gc,cpu         ] GC(5) User=0.00s Sys=0.00s Real=0.00s
[0.261s][info][gc,start       ] GC(6) Pause Young (Allocation Failure)
[0.264s][info][gc,heap        ] GC(6) PSYoungGen: 3552K(3584K)->1504K(4608K) Eden: 3072K(3072K)->0K(3072K) From: 480K(512K)->1504K(1536K)
[0.264s][info][gc,heap        ] GC(6) ParOldGen: 2119K(3584K)->2695K(3584K)
[0.264s][info][gc,metaspace   ] GC(6) Metaspace: 6297K(6464K)->6297K(6464K) NonClass: 5763K(5824K)->5763K(5824K) Class: 533K(640K)->533K(640K)
[0.264s][info][gc             ] GC(6) Pause Young (Allocation Failure) 5M->4M(8M) 2.578ms
[0.264s][info][gc,cpu         ] GC(6) User=0.00s Sys=0.00s Real=0.00s
[0.264s][info][gc,start       ] GC(7) Pause Full (Ergonomics)
[0.264s][info][gc,phases,start] GC(7) Marking Phase
[0.267s][info][gc,phases      ] GC(7) Marking Phase 2.461ms
[0.267s][info][gc,phases,start] GC(7) Summary Phase
[0.267s][info][gc,phases      ] GC(7) Summary Phase 0.015ms
[0.267s][info][gc,phases,start] GC(7) Adjust Roots
[0.267s][info][gc,phases      ] GC(7) Adjust Roots 0.373ms
[0.267s][info][gc,phases,start] GC(7) Compaction Phase
[0.270s][info][gc,phases      ] GC(7) Compaction Phase 2.944ms
[0.270s][info][gc,phases,start] GC(7) Post Compact
[0.270s][info][gc,phases      ] GC(7) Post Compact 0.037ms
[0.270s][info][gc,heap        ] GC(7) PSYoungGen: 1504K(4608K)->990K(4608K) Eden: 0K(3072K)->0K(3072K) From: 1504K(1536K)->990K(1536K)
[0.270s][info][gc,heap        ] GC(7) ParOldGen: 2695K(3584K)->3127K(6144K)
[0.270s][info][gc,metaspace   ] GC(7) Metaspace: 6297K(6464K)->6297K(6464K) NonClass: 5763K(5824K)->5763K(5824K) Class: 533K(640K)->533K(640K)
[0.270s][info][gc             ] GC(7) Pause Full (Ergonomics) 4M->4M(10M) 6.195ms
[0.270s][info][gc,cpu         ] GC(7) User=0.00s Sys=0.00s Real=0.01s
[0.276s][info][gc,start       ] GC(8) Pause Young (Allocation Failure)
[0.279s][info][gc,heap        ] GC(8) PSYoungGen: 4062K(4608K)->2048K(5632K) Eden: 3072K(3072K)->0K(3584K) From: 990K(1536K)->2048K(2048K)
[0.279s][info][gc,heap        ] GC(8) ParOldGen: 3127K(6144K)->3671K(6144K)
[0.279s][info][gc,metaspace   ] GC(8) Metaspace: 6297K(6464K)->6297K(6464K) NonClass: 5763K(5824K)->5763K(5824K) Class: 533K(640K)->533K(640K)
[0.279s][info][gc             ] GC(8) Pause Young (Allocation Failure) 7M->5M(11M) 3.530ms
[0.279s][info][gc,cpu         ] GC(8) User=0.00s Sys=0.00s Real=0.00s
[0.287s][info][gc,start       ] GC(9) Pause Young (Allocation Failure)
[0.292s][info][gc,heap        ] GC(9) PSYoungGen: 5632K(5632K)->3040K(6656K) Eden: 3584K(3584K)->0K(3584K) From: 2048K(2048K)->3040K(3072K)
[0.292s][info][gc,heap        ] GC(9) ParOldGen: 3671K(6144K)->4671K(6144K)
[0.292s][info][gc,metaspace   ] GC(9) Metaspace: 6297K(6464K)->6297K(6464K) NonClass: 5763K(5824K)->5763K(5824K) Class: 533K(640K)->533K(640K)
[0.292s][info][gc             ] GC(9) Pause Young (Allocation Failure) 9M->7M(12M) 4.532ms
[0.292s][info][gc,cpu         ] GC(9) User=0.00s Sys=0.00s Real=0.00s
[0.296s][info][gc,start       ] GC(10) Pause Young (Allocation Failure)
[0.301s][info][gc,heap        ] GC(10) PSYoungGen: 6624K(6656K)->4064K(8704K) Eden: 3584K(3584K)->0K(4608K) From: 3040K(3072K)->4064K(4096K)
[0.301s][info][gc,heap        ] GC(10) ParOldGen: 4671K(6144K)->5543K(6144K)
[0.301s][info][gc,metaspace   ] GC(10) Metaspace: 6297K(6464K)->6297K(6464K) NonClass: 5763K(5824K)->5763K(5824K) Class: 533K(640K)->533K(640K)
[0.301s][info][gc             ] GC(10) Pause Young (Allocation Failure) 11M->9M(14M) 4.617ms
[0.301s][info][gc,cpu         ] GC(10) User=0.00s Sys=0.00s Real=0.00s
[0.301s][info][gc,start       ] GC(11) Pause Full (Ergonomics)
[0.301s][info][gc,phases,start] GC(11) Marking Phase
[0.307s][info][gc,phases      ] GC(11) Marking Phase 6.413ms
[0.307s][info][gc,phases,start] GC(11) Summary Phase
[0.308s][info][gc,phases      ] GC(11) Summary Phase 0.021ms
[0.308s][info][gc,phases,start] GC(11) Adjust Roots
[0.308s][info][gc,phases      ] GC(11) Adjust Roots 0.241ms
[0.308s][info][gc,phases,start] GC(11) Compaction Phase
[0.314s][info][gc,phases      ] GC(11) Compaction Phase 6.605ms
[0.314s][info][gc,phases,start] GC(11) Post Compact
[0.315s][info][gc,phases      ] GC(11) Post Compact 0.047ms
[0.315s][info][gc,heap        ] GC(11) PSYoungGen: 4064K(8704K)->3455K(8704K) Eden: 0K(4608K)->0K(4608K) From: 4064K(4096K)->3455K(4096K)
[0.315s][info][gc,heap        ] GC(11) ParOldGen: 5543K(6144K)->5921K(10240K)
[0.315s][info][gc,metaspace   ] GC(11) Metaspace: 6297K(6464K)->6297K(6464K) NonClass: 5763K(5824K)->5763K(5824K) Class: 533K(640K)->533K(640K)
[0.315s][info][gc             ] GC(11) Pause Full (Ergonomics) 9M->9M(18M) 13.678ms
[0.315s][info][gc,cpu         ] GC(11) User=0.02s Sys=0.00s Real=0.01s
[0.320s][info][gc,start       ] GC(12) Pause Young (Allocation Failure)
[0.325s][info][gc,heap        ] GC(12) PSYoungGen: 7923K(8704K)->4096K(9728K) Eden: 4468K(4608K)->0K(4608K) From: 3455K(4096K)->4096K(5120K)
[0.325s][info][gc,heap        ] GC(12) ParOldGen: 5921K(10240K)->7665K(10240K)
[0.325s][info][gc,metaspace   ] GC(12) Metaspace: 6297K(6464K)->6297K(6464K) NonClass: 5763K(5824K)->5763K(5824K) Class: 533K(640K)->533K(640K)
[0.325s][info][gc             ] GC(12) Pause Young (Allocation Failure) 13M->11M(19M) 5.058ms
[0.325s][info][gc,cpu         ] GC(12) User=0.00s Sys=0.00s Real=0.00s
[0.332s][info][gc,start       ] GC(13) Pause Young (Allocation Failure)
[0.339s][info][gc,heap        ] GC(13) PSYoungGen: 8704K(9728K)->2656K(12288K) Eden: 4608K(4608K)->0K(6656K) From: 4096K(5120K)->2656K(5632K)
[0.339s][info][gc,heap        ] GC(13) ParOldGen: 7665K(10240K)->11777K(12288K)
[0.339s][info][gc,metaspace   ] GC(13) Metaspace: 6297K(6464K)->6297K(6464K) NonClass: 5763K(5824K)->5763K(5824K) Class: 533K(640K)->533K(640K)
[0.339s][info][gc             ] GC(13) Pause Young (Allocation Failure) 15M->14M(24M) 6.547ms
[0.339s][info][gc,cpu         ] GC(13) User=0.00s Sys=0.00s Real=0.01s
[0.339s][info][gc,start       ] GC(14) Pause Full (Ergonomics)
[0.339s][info][gc,phases,start] GC(14) Marking Phase
[0.347s][info][gc,phases      ] GC(14) Marking Phase 8.393ms
[0.347s][info][gc,phases,start] GC(14) Summary Phase
[0.347s][info][gc,phases      ] GC(14) Summary Phase 0.033ms
[0.347s][info][gc,phases,start] GC(14) Adjust Roots
[0.348s][info][gc,phases      ] GC(14) Adjust Roots 0.221ms
[0.348s][info][gc,phases,start] GC(14) Compaction Phase
[0.356s][info][gc,phases      ] GC(14) Compaction Phase 7.928ms
[0.356s][info][gc,phases,start] GC(14) Post Compact
[0.356s][info][gc,phases      ] GC(14) Post Compact 0.095ms
[0.356s][info][gc,heap        ] GC(14) PSYoungGen: 2656K(12288K)->2045K(12288K) Eden: 0K(6656K)->0K(6656K) From: 2656K(5632K)->2045K(5632K)
[0.356s][info][gc,heap        ] GC(14) ParOldGen: 11777K(12288K)->11991K(18944K)
[0.356s][info][gc,metaspace   ] GC(14) Metaspace: 6297K(6464K)->6297K(6464K) NonClass: 5763K(5824K)->5763K(5824K) Class: 533K(640K)->533K(640K)
[0.356s][info][gc             ] GC(14) Pause Full (Ergonomics) 14M->13M(30M) 17.083ms
[0.356s][info][gc,cpu         ] GC(14) User=0.00s Sys=0.00s Real=0.02s
[0.362s][info][gc,start       ] GC(15) Pause Young (Allocation Failure)
[0.369s][info][gc,heap        ] GC(15) PSYoungGen: 8701K(12288K)->3456K(12288K) Eden: 6656K(6656K)->0K(6656K) From: 2045K(5632K)->3456K(5632K)
[0.369s][info][gc,heap        ] GC(15) ParOldGen: 11991K(18944K)->14079K(18944K)
[0.369s][info][gc,metaspace   ] GC(15) Metaspace: 6299K(6464K)->6299K(6464K) NonClass: 5765K(5824K)->5765K(5824K) Class: 533K(640K)->533K(640K)
[0.369s][info][gc             ] GC(15) Pause Young (Allocation Failure) 20M->17M(30M) 6.452ms
[0.369s][info][gc,cpu         ] GC(15) User=0.00s Sys=0.00s Real=0.01s
[0.374s][info][gc,start       ] GC(16) Pause Young (Allocation Failure)
[0.382s][info][gc,heap        ] GC(16) PSYoungGen: 10112K(12288K)->3488K(14848K) Eden: 6656K(6656K)->0K(9216K) From: 3456K(5632K)->3488K(5632K)
[0.382s][info][gc,heap        ] GC(16) ParOldGen: 14079K(18944K)->17543K(18944K)
[0.382s][info][gc,metaspace   ] GC(16) Metaspace: 6299K(6464K)->6299K(6464K) NonClass: 5765K(5824K)->5765K(5824K) Class: 533K(640K)->533K(640K)
[0.382s][info][gc             ] GC(16) Pause Young (Allocation Failure) 23M->20M(33M) 7.477ms
[0.382s][info][gc,cpu         ] GC(16) User=0.00s Sys=0.00s Real=0.01s
[0.382s][info][gc,start       ] GC(17) Pause Full (Ergonomics)
[0.382s][info][gc,phases,start] GC(17) Marking Phase
[0.393s][info][gc,phases      ] GC(17) Marking Phase 11.561ms
[0.393s][info][gc,phases,start] GC(17) Summary Phase
[0.393s][info][gc,phases      ] GC(17) Summary Phase 0.018ms
[0.394s][info][gc,phases,start] GC(17) Adjust Roots
[0.394s][info][gc,phases      ] GC(17) Adjust Roots 0.224ms
[0.394s][info][gc,phases,start] GC(17) Compaction Phase
[0.400s][info][gc,phases      ] GC(17) Compaction Phase 6.270ms
[0.400s][info][gc,phases,start] GC(17) Post Compact
[0.400s][info][gc,phases      ] GC(17) Post Compact 0.125ms
[0.400s][info][gc,heap        ] GC(17) PSYoungGen: 3488K(14848K)->2412K(14848K) Eden: 0K(9216K)->0K(9216K) From: 3488K(5632K)->2412K(5632K)
[0.400s][info][gc,heap        ] GC(17) ParOldGen: 17543K(18944K)->18460K(27648K)
[0.400s][info][gc,metaspace   ] GC(17) Metaspace: 6299K(6464K)->6299K(6464K) NonClass: 5765K(5824K)->5765K(5824K) Class: 533K(640K)->533K(640K)
[0.400s][info][gc             ] GC(17) Pause Full (Ergonomics) 20M->20M(41M) 18.544ms
[0.400s][info][gc,cpu         ] GC(17) User=0.00s Sys=0.00s Real=0.02s
[0.423s][info][gc,start       ] GC(18) Pause Young (Allocation Failure)
[0.430s][info][gc,heap        ] GC(18) PSYoungGen: 11628K(14848K)->5312K(14848K) Eden: 9216K(9216K)->0K(9216K) From: 2412K(5632K)->5312K(5632K)
[0.431s][info][gc,heap        ] GC(18) ParOldGen: 18460K(27648K)->20916K(27648K)
[0.431s][info][gc,metaspace   ] GC(18) Metaspace: 6299K(6464K)->6299K(6464K) NonClass: 5765K(5824K)->5765K(5824K) Class: 533K(640K)->533K(640K)
[0.431s][info][gc             ] GC(18) Pause Young (Allocation Failure) 29M->25M(41M) 7.883ms
[0.431s][info][gc,cpu         ] GC(18) User=0.02s Sys=0.00s Real=0.01s
[0.438s][info][gc,start       ] GC(19) Pause Young (Allocation Failure)
[0.448s][info][gc,heap        ] GC(19) PSYoungGen: 14528K(14848K)->4800K(18944K) Eden: 9216K(9216K)->0K(12288K) From: 5312K(5632K)->4800K(6656K)
[0.448s][info][gc,heap        ] GC(19) ParOldGen: 20916K(27648K)->26252K(27648K)
[0.448s][info][gc,metaspace   ] GC(19) Metaspace: 6299K(6464K)->6299K(6464K) NonClass: 5765K(5824K)->5765K(5824K) Class: 533K(640K)->533K(640K)
[0.448s][info][gc             ] GC(19) Pause Young (Allocation Failure) 34M->30M(45M) 10.043ms
[0.448s][info][gc,cpu         ] GC(19) User=0.02s Sys=0.00s Real=0.01s
[0.448s][info][gc,start       ] GC(20) Pause Full (Ergonomics)
[0.448s][info][gc,phases,start] GC(20) Marking Phase
[0.464s][info][gc,phases      ] GC(20) Marking Phase 15.861ms
[0.464s][info][gc,phases,start] GC(20) Summary Phase
[0.464s][info][gc,phases      ] GC(20) Summary Phase 0.019ms
[0.464s][info][gc,phases,start] GC(20) Adjust Roots
[0.464s][info][gc,phases      ] GC(20) Adjust Roots 0.266ms
[0.464s][info][gc,phases,start] GC(20) Compaction Phase
[0.478s][info][gc,phases      ] GC(20) Compaction Phase 13.748ms
[0.478s][info][gc,phases,start] GC(20) Post Compact
[0.478s][info][gc,phases      ] GC(20) Post Compact 0.142ms
[0.478s][info][gc,heap        ] GC(20) PSYoungGen: 4800K(18944K)->3228K(18944K) Eden: 0K(12288K)->0K(12288K) From: 4800K(6656K)->3228K(6656K)
[0.478s][info][gc,heap        ] GC(20) ParOldGen: 26252K(27648K)->27151K(38400K)
[0.478s][info][gc,metaspace   ] GC(20) Metaspace: 6299K(6464K)->6299K(6464K) NonClass: 5765K(5824K)->5765K(5824K) Class: 533K(640K)->533K(640K)
[0.478s][info][gc             ] GC(20) Pause Full (Ergonomics) 30M->29M(56M) 30.469ms
[0.478s][info][gc,cpu         ] GC(20) User=0.02s Sys=0.00s Real=0.03s
[0.492s][info][gc,start       ] GC(21) Pause Young (Allocation Failure)
[0.509s][info][gc,heap        ] GC(21) PSYoungGen: 15516K(18944K)->6656K(18944K) Eden: 12288K(12288K)->0K(12288K) From: 3228K(6656K)->6656K(6656K)
[0.510s][info][gc,heap        ] GC(21) ParOldGen: 27151K(38400K)->35271K(38400K)
[0.510s][info][gc,metaspace   ] GC(21) Metaspace: 6299K(6464K)->6299K(6464K) NonClass: 5765K(5824K)->5765K(5824K) Class: 533K(640K)->533K(640K)
[0.510s][info][gc             ] GC(21) Pause Young (Allocation Failure) 41M->40M(56M) 17.591ms
[0.510s][info][gc,cpu         ] GC(21) User=0.00s Sys=0.00s Real=0.02s
[0.510s][info][gc,start       ] GC(22) Pause Full (Ergonomics)
[0.510s][info][gc,phases,start] GC(22) Marking Phase
[0.534s][info][gc,phases      ] GC(22) Marking Phase 24.090ms
[0.534s][info][gc,phases,start] GC(22) Summary Phase
[0.534s][info][gc,phases      ] GC(22) Summary Phase 0.024ms
[0.534s][info][gc,phases,start] GC(22) Adjust Roots
[0.534s][info][gc,phases      ] GC(22) Adjust Roots 0.267ms
[0.534s][info][gc,phases,start] GC(22) Compaction Phase
[0.549s][info][gc,phases      ] GC(22) Compaction Phase 15.030ms
[0.549s][info][gc,phases,start] GC(22) Post Compact
[0.550s][info][gc,phases      ] GC(22) Post Compact 0.404ms
[0.550s][info][gc,heap        ] GC(22) PSYoungGen: 6656K(18944K)->3577K(18944K) Eden: 0K(12288K)->0K(12288K) From: 6656K(6656K)->3577K(6656K)
[0.550s][info][gc,heap        ] GC(22) ParOldGen: 35271K(38400K)->38200K(53248K)
[0.550s][info][gc,metaspace   ] GC(22) Metaspace: 6299K(6464K)->6299K(6464K) NonClass: 5765K(5824K)->5765K(5824K) Class: 533K(640K)->533K(640K)
[0.550s][info][gc             ] GC(22) Pause Full (Ergonomics) 40M->40M(70M) 40.357ms
[0.550s][info][gc,cpu         ] GC(22) User=0.00s Sys=0.00s Real=0.04s
[0.570s][info][gc,start       ] GC(23) Pause Young (Allocation Failure)
[0.590s][info][gc,heap        ] GC(23) PSYoungGen: 15865K(18944K)->10720K(21504K) Eden: 12288K(12288K)->0K(10752K) From: 3577K(6656K)->10720K(10752K)
[0.590s][info][gc,heap        ] GC(23) ParOldGen: 38200K(53248K)->43424K(53248K)
[0.590s][info][gc,metaspace   ] GC(23) Metaspace: 6299K(6464K)->6299K(6464K) NonClass: 5765K(5824K)->5765K(5824K) Class: 533K(640K)->533K(640K)
[0.590s][info][gc             ] GC(23) Pause Young (Allocation Failure) 52M->52M(73M) 19.852ms
[0.590s][info][gc,cpu         ] GC(23) User=0.00s Sys=0.00s Real=0.02s
[0.604s][info][gc,start       ] GC(24) Pause Young (Allocation Failure)
[0.625s][info][gc,heap        ] GC(24) PSYoungGen: 21472K(21504K)->10784K(25600K) Eden: 10752K(10752K)->0K(10752K) From: 10720K(10752K)->10784K(14848K)
[0.626s][info][gc,heap        ] GC(24) ParOldGen: 43424K(53248K)->54272K(54784K)
[0.626s][info][gc,metaspace   ] GC(24) Metaspace: 6299K(6464K)->6299K(6464K) NonClass: 5765K(5824K)->5765K(5824K) Class: 533K(640K)->533K(640K)
[0.626s][info][gc             ] GC(24) Pause Young (Allocation Failure) 63M->63M(78M) 21.359ms
[0.626s][info][gc,cpu         ] GC(24) User=0.02s Sys=0.00s Real=0.02s
[0.626s][info][gc,start       ] GC(25) Pause Full (Ergonomics)
[0.626s][info][gc,phases,start] GC(25) Marking Phase
[0.662s][info][gc,phases      ] GC(25) Marking Phase 36.636ms
[0.662s][info][gc,phases,start] GC(25) Summary Phase
[0.662s][info][gc,phases      ] GC(25) Summary Phase 0.019ms
[0.662s][info][gc,phases,start] GC(25) Adjust Roots
[0.663s][info][gc,phases      ] GC(25) Adjust Roots 0.189ms
[0.663s][info][gc,phases,start] GC(25) Compaction Phase
[0.690s][info][gc,phases      ] GC(25) Compaction Phase 27.508ms
[0.690s][info][gc,phases,start] GC(25) Post Compact
[0.691s][info][gc,phases      ] GC(25) Post Compact 0.311ms
[0.691s][info][gc,heap        ] GC(25) PSYoungGen: 10784K(25600K)->9185K(25600K) Eden: 0K(10752K)->0K(10752K) From: 10784K(14848K)->9185K(14848K)
[0.691s][info][gc,heap        ] GC(25) ParOldGen: 54272K(54784K)->54548K(74240K)
[0.691s][info][gc,metaspace   ] GC(25) Metaspace: 6299K(6464K)->6299K(6464K) NonClass: 5765K(5824K)->5765K(5824K) Class: 533K(640K)->533K(640K)
[0.691s][info][gc             ] GC(25) Pause Full (Ergonomics) 63M->62M(97M) 65.085ms
[0.691s][info][gc,cpu         ] GC(25) User=0.05s Sys=0.00s Real=0.07s
[0.706s][info][gc,start       ] GC(26) Pause Young (Allocation Failure)
[0.727s][info][gc,heap        ] GC(26) PSYoungGen: 19937K(25600K)->10784K(28672K) Eden: 10752K(10752K)->0K(12800K) From: 9185K(14848K)->10784K(15872K)
[0.727s][info][gc,heap        ] GC(26) ParOldGen: 54548K(74240K)->63884K(74240K)
[0.727s][info][gc,metaspace   ] GC(26) Metaspace: 6299K(6464K)->6299K(6464K) NonClass: 5765K(5824K)->5765K(5824K) Class: 533K(640K)->533K(640K)
[0.727s][info][gc             ] GC(26) Pause Young (Allocation Failure) 72M->72M(100M) 21.882ms
[0.727s][info][gc,cpu         ] GC(26) User=0.02s Sys=0.00s Real=0.02s
[0.727s][info][gc,start       ] GC(27) Pause Full (Ergonomics)
[0.727s][info][gc,phases,start] GC(27) Marking Phase
[0.762s][info][gc,phases      ] GC(27) Marking Phase 34.142ms
[0.762s][info][gc,phases,start] GC(27) Summary Phase
[0.762s][info][gc,phases      ] GC(27) Summary Phase 0.020ms
[0.762s][info][gc,phases,start] GC(27) Adjust Roots
[0.762s][info][gc,phases      ] GC(27) Adjust Roots 0.191ms
[0.762s][info][gc,phases,start] GC(27) Compaction Phase
[0.782s][info][gc,phases      ] GC(27) Compaction Phase 19.851ms
[0.782s][info][gc,phases,start] GC(27) Post Compact
[0.782s][info][gc,phases      ] GC(27) Post Compact 0.285ms
[0.782s][info][gc,heap        ] GC(27) PSYoungGen: 10784K(28672K)->502K(28672K) Eden: 0K(12800K)->0K(12800K) From: 10784K(15872K)->502K(15872K)
[0.782s][info][gc,heap        ] GC(27) ParOldGen: 63884K(74240K)->73954K(96768K)
[0.782s][info][gc,metaspace   ] GC(27) Metaspace: 6299K(6464K)->6299K(6464K) NonClass: 5765K(5824K)->5765K(5824K) Class: 533K(640K)->533K(640K)
[0.782s][info][gc             ] GC(27) Pause Full (Ergonomics) 72M->72M(122M) 54.854ms
[0.782s][info][gc,cpu         ] GC(27) User=0.05s Sys=0.00s Real=0.06s
[0.796s][info][gc,start       ] GC(28) Pause Young (Allocation Failure)
[0.813s][info][gc,heap        ] GC(28) PSYoungGen: 13302K(28672K)->13344K(29184K) Eden: 12800K(12800K)->0K(12800K) From: 502K(15872K)->13344K(16384K)
[0.813s][info][gc,heap        ] GC(28) ParOldGen: 73954K(96768K)->73954K(96768K)
[0.813s][info][gc,metaspace   ] GC(28) Metaspace: 6299K(6464K)->6299K(6464K) NonClass: 5765K(5824K)->5765K(5824K) Class: 533K(640K)->533K(640K)
[0.813s][info][gc             ] GC(28) Pause Young (Allocation Failure) 85M->85M(123M) 17.736ms
[0.813s][info][gc,cpu         ] GC(28) User=0.03s Sys=0.00s Real=0.02s
[0.832s][info][gc,start       ] GC(29) Pause Young (Allocation Failure)
[0.854s][info][gc,heap        ] GC(29) PSYoungGen: 26144K(29184K)->18400K(28160K) Eden: 12800K(12800K)->0K(9728K) From: 13344K(16384K)->18400K(18432K)
[0.854s][info][gc,heap        ] GC(29) ParOldGen: 73954K(96768K)->81762K(96768K)
[0.854s][info][gc,metaspace   ] GC(29) Metaspace: 6299K(6464K)->6299K(6464K) NonClass: 5765K(5824K)->5765K(5824K) Class: 533K(640K)->533K(640K)
[0.854s][info][gc             ] GC(29) Pause Young (Allocation Failure) 97M->97M(122M) 21.836ms
[0.854s][info][gc,cpu         ] GC(29) User=0.03s Sys=0.00s Real=0.02s
[0.862s][info][gc,start       ] GC(30) Pause Young (Allocation Failure)
[0.879s][info][gc,heap        ] GC(30) PSYoungGen: 28128K(28160K)->18336K(33792K) Eden: 9728K(9728K)->0K(9728K) From: 18400K(18432K)->18336K(24064K)
[0.879s][info][gc,heap        ] GC(30) ParOldGen: 81762K(96768K)->91746K(96768K)
[0.879s][info][gc,metaspace   ] GC(30) Metaspace: 6299K(6464K)->6299K(6464K) NonClass: 5765K(5824K)->5765K(5824K) Class: 533K(640K)->533K(640K)
[0.879s][info][gc             ] GC(30) Pause Young (Allocation Failure) 107M->107M(127M) 16.904ms
[0.879s][info][gc,cpu         ] GC(30) User=0.03s Sys=0.00s Real=0.02s
[0.879s][info][gc,start       ] GC(31) Pause Full (Ergonomics)
[0.879s][info][gc,phases,start] GC(31) Marking Phase
[0.911s][info][gc,phases      ] GC(31) Marking Phase 31.913ms
[0.911s][info][gc,phases,start] GC(31) Summary Phase
[0.911s][info][gc,phases      ] GC(31) Summary Phase 0.017ms
[0.911s][info][gc,phases,start] GC(31) Adjust Roots
[0.911s][info][gc,phases      ] GC(31) Adjust Roots 0.146ms
[0.911s][info][gc,phases,start] GC(31) Compaction Phase
[0.939s][info][gc,phases      ] GC(31) Compaction Phase 27.801ms
[0.939s][info][gc,phases,start] GC(31) Post Compact
[0.940s][info][gc,phases      ] GC(31) Post Compact 0.608ms
[0.940s][info][gc,heap        ] GC(31) PSYoungGen: 18336K(33792K)->11087K(33792K) Eden: 0K(9728K)->0K(9728K) From: 18336K(24064K)->11087K(24064K)
[0.940s][info][gc,heap        ] GC(31) ParOldGen: 91746K(96768K)->96561K(122368K)
[0.940s][info][gc,metaspace   ] GC(31) Metaspace: 6299K(6464K)->6299K(6464K) NonClass: 5765K(5824K)->5765K(5824K) Class: 533K(640K)->533K(640K)
[0.940s][info][gc             ] GC(31) Pause Full (Ergonomics) 107M->105M(152M) 60.946ms
[0.940s][info][gc,cpu         ] GC(31) User=0.08s Sys=0.00s Real=0.06s
[0.949s][info][gc,start       ] GC(32) Pause Young (Allocation Failure)
[0.969s][info][gc,heap        ] GC(32) PSYoungGen: 20815K(33792K)->17248K(37376K) Eden: 9728K(9728K)->0K(11264K) From: 11087K(24064K)->17248K(26112K)
[0.969s][info][gc,heap        ] GC(32) ParOldGen: 96561K(122368K)->100257K(122368K)
[0.969s][info][gc,metaspace   ] GC(32) Metaspace: 6299K(6464K)->6299K(6464K) NonClass: 5765K(5824K)->5765K(5824K) Class: 533K(640K)->533K(640K)
[0.969s][info][gc             ] GC(32) Pause Young (Allocation Failure) 114M->114M(156M) 19.560ms
[0.969s][info][gc,cpu         ] GC(32) User=0.03s Sys=0.02s Real=0.02s
[0.980s][info][gc,start       ] GC(33) Pause Young (Allocation Failure)
[0.996s][info][gc,heap        ] GC(33) PSYoungGen: 28512K(37376K)->27136K(38400K) Eden: 11264K(11264K)->0K(11264K) From: 17248K(26112K)->27136K(27136K)
[0.996s][info][gc,heap        ] GC(33) ParOldGen: 100257K(122368K)->101609K(122368K)
[0.996s][info][gc,metaspace   ] GC(33) Metaspace: 6299K(6464K)->6299K(6464K) NonClass: 5765K(5824K)->5765K(5824K) Class: 533K(640K)->533K(640K)
[0.996s][info][gc             ] GC(33) Pause Young (Allocation Failure) 125M->125M(157M) 16.527ms
[0.996s][info][gc,cpu         ] GC(33) User=0.05s Sys=0.00s Real=0.02s
[1.007s][info][gc,start       ] GC(34) Pause Young (Allocation Failure)
[1.032s][info][gc,heap        ] GC(34) PSYoungGen: 38400K(38400K)->22144K(44544K) Eden: 11264K(11264K)->0K(12288K) From: 27136K(27136K)->22144K(32256K)
[1.032s][info][gc,heap        ] GC(34) ParOldGen: 101609K(122368K)->118145K(122368K)
[1.032s][info][gc,metaspace   ] GC(34) Metaspace: 6299K(6464K)->6299K(6464K) NonClass: 5765K(5824K)->5765K(5824K) Class: 533K(640K)->533K(640K)
[1.032s][info][gc             ] GC(34) Pause Young (Allocation Failure) 136M->137M(163M) 25.048ms
[1.032s][info][gc,cpu         ] GC(34) User=0.05s Sys=0.00s Real=0.03s
[1.032s][info][gc,start       ] GC(35) Pause Full (Ergonomics)
[1.032s][info][gc,phases,start] GC(35) Marking Phase
[1.074s][info][gc,phases      ] GC(35) Marking Phase 41.996ms
[1.074s][info][gc,phases,start] GC(35) Summary Phase
[1.074s][info][gc,phases      ] GC(35) Summary Phase 0.018ms
[1.074s][info][gc,phases,start] GC(35) Adjust Roots
[1.075s][info][gc,phases      ] GC(35) Adjust Roots 0.170ms
[1.075s][info][gc,phases,start] GC(35) Compaction Phase
[1.097s][info][gc,phases      ] GC(35) Compaction Phase 22.744ms
[1.097s][info][gc,phases,start] GC(35) Post Compact
[1.098s][info][gc,phases      ] GC(35) Post Compact 0.651ms
[1.098s][info][gc,heap        ] GC(35) PSYoungGen: 22144K(44544K)->17948K(44544K) Eden: 0K(12288K)->0K(12288K) From: 22144K(32256K)->17948K(32256K)
[1.098s][info][gc,heap        ] GC(35) ParOldGen: 118145K(122368K)->121868K(152064K)
[1.098s][info][gc,metaspace   ] GC(35) Metaspace: 6299K(6464K)->6299K(6464K) NonClass: 5765K(5824K)->5765K(5824K) Class: 533K(640K)->533K(640K)
[1.098s][info][gc             ] GC(35) Pause Full (Ergonomics) 137M->136M(192M) 66.002ms
[1.098s][info][gc,cpu         ] GC(35) User=0.12s Sys=0.00s Real=0.07s
[1.111s][info][gc,start       ] GC(36) Pause Young (Allocation Failure)
[1.134s][info][gc,heap        ] GC(36) PSYoungGen: 30236K(44544K)->12352K(46080K) Eden: 12288K(12288K)->0K(12288K) From: 17948K(32256K)->12352K(33792K)
[1.134s][info][gc,heap        ] GC(36) ParOldGen: 121868K(152064K)->140100K(152064K)
[1.134s][info][gc,metaspace   ] GC(36) Metaspace: 6299K(6464K)->6299K(6464K) NonClass: 5765K(5824K)->5765K(5824K) Class: 533K(640K)->533K(640K)
[1.134s][info][gc             ] GC(36) Pause Young (Allocation Failure) 148M->148M(193M) 23.483ms
[1.134s][info][gc,cpu         ] GC(36) User=0.05s Sys=0.00s Real=0.02s
[1.135s][info][gc,start       ] GC(37) Pause Full (Ergonomics)
[1.135s][info][gc,phases,start] GC(37) Marking Phase
[1.176s][info][gc,phases      ] GC(37) Marking Phase 41.968ms
[1.177s][info][gc,phases,start] GC(37) Summary Phase
[1.177s][info][gc,phases      ] GC(37) Summary Phase 0.018ms
[1.177s][info][gc,phases,start] GC(37) Adjust Roots
[1.177s][info][gc,phases      ] GC(37) Adjust Roots 0.149ms
[1.177s][info][gc,phases,start] GC(37) Compaction Phase
[1.196s][info][gc,phases      ] GC(37) Compaction Phase 19.219ms
[1.196s][info][gc,phases,start] GC(37) Post Compact
[1.197s][info][gc,phases      ] GC(37) Post Compact 0.741ms
[1.197s][info][gc,heap        ] GC(37) PSYoungGen: 12352K(46080K)->25K(46080K) Eden: 0K(12288K)->0K(12288K) From: 12352K(33792K)->25K(33792K)
[1.197s][info][gc,heap        ] GC(37) ParOldGen: 140100K(152064K)->152044K(187904K)
[1.197s][info][gc,metaspace   ] GC(37) Metaspace: 6299K(6464K)->6299K(6464K) NonClass: 5765K(5824K)->5765K(5824K) Class: 533K(640K)->533K(640K)
[1.197s][info][gc             ] GC(37) Pause Full (Ergonomics) 148M->148M(228M) 62.699ms
[1.197s][info][gc,cpu         ] GC(37) User=0.17s Sys=0.00s Real=0.06s
[1.210s][info][gc,start       ] GC(38) Pause Young (Allocation Failure)
[1.225s][info][gc,heap        ] GC(38) PSYoungGen: 12313K(46080K)->12352K(42496K) Eden: 12288K(12288K)->0K(14336K) From: 25K(33792K)->12352K(28160K)
[1.225s][info][gc,heap        ] GC(38) ParOldGen: 152044K(187904K)->152092K(187904K)
[1.225s][info][gc,metaspace   ] GC(38) Metaspace: 6299K(6464K)->6299K(6464K) NonClass: 5765K(5824K)->5765K(5824K) Class: 533K(640K)->533K(640K)
[1.225s][info][gc             ] GC(38) Pause Young (Allocation Failure) 160M->160M(225M) 15.311ms
[1.225s][info][gc,cpu         ] GC(38) User=0.02s Sys=0.00s Real=0.02s
[1.268s][info][gc,start       ] GC(39) Pause Young (Allocation Failure)
[1.286s][info][gc,heap        ] GC(39) PSYoungGen: 26688K(42496K)->26720K(44544K) Eden: 14336K(14336K)->0K(14336K) From: 12352K(28160K)->26720K(30208K)
[1.286s][info][gc,heap        ] GC(39) ParOldGen: 160284K(187904K)->160284K(187904K)
[1.286s][info][gc,metaspace   ] GC(39) Metaspace: 6299K(6464K)->6299K(6464K) NonClass: 5765K(5824K)->5765K(5824K) Class: 533K(640K)->533K(640K)
[1.286s][info][gc             ] GC(39) Pause Young (Allocation Failure) 182M->182M(227M) 18.031ms
[1.286s][info][gc,cpu         ] GC(39) User=0.05s Sys=0.00s Real=0.02s
[1.300s][info][gc,start       ] GC(40) Pause Young (Allocation Failure)
[1.322s][info][gc,heap        ] GC(40) PSYoungGen: 41056K(44544K)->33792K(42496K) Eden: 14336K(14336K)->0K(8704K) From: 26720K(30208K)->33792K(33792K)
[1.322s][info][gc,heap        ] GC(40) ParOldGen: 160284K(187904K)->167556K(187904K)
[1.322s][info][gc,metaspace   ] GC(40) Metaspace: 6299K(6464K)->6299K(6464K) NonClass: 5765K(5824K)->5765K(5824K) Class: 533K(640K)->533K(640K)
[1.322s][info][gc             ] GC(40) Pause Young (Allocation Failure) 196M->196M(225M) 21.832ms
[1.322s][info][gc,cpu         ] GC(40) User=0.06s Sys=0.00s Real=0.02s
[1.330s][info][gc,start       ] GC(41) Pause Young (Allocation Failure)
[1.353s][info][gc,heap        ] GC(41) PSYoungGen: 42496K(42496K)->20352K(50176K) Eden: 8704K(8704K)->0K(8704K) From: 33792K(33792K)->20352K(41472K)
[1.353s][info][gc,heap        ] GC(41) ParOldGen: 167556K(187904K)->190100K(190464K)
[1.353s][info][gc,metaspace   ] GC(41) Metaspace: 6299K(6464K)->6299K(6464K) NonClass: 5765K(5824K)->5765K(5824K) Class: 533K(640K)->533K(640K)
[1.353s][info][gc             ] GC(41) Pause Young (Allocation Failure) 205M->205M(235M) 22.912ms
[1.353s][info][gc,cpu         ] GC(41) User=0.03s Sys=0.00s Real=0.02s
[1.353s][info][gc,start       ] GC(42) Pause Full (Ergonomics)
[1.353s][info][gc,phases,start] GC(42) Marking Phase
[1.409s][info][gc,phases      ] GC(42) Marking Phase 55.980ms
[1.409s][info][gc,phases,start] GC(42) Summary Phase
[1.409s][info][gc,phases      ] GC(42) Summary Phase 0.018ms
[1.409s][info][gc,phases,start] GC(42) Adjust Roots
[1.410s][info][gc,phases      ] GC(42) Adjust Roots 0.148ms
[1.410s][info][gc,phases,start] GC(42) Compaction Phase
[1.449s][info][gc,phases      ] GC(42) Compaction Phase 39.855ms
[1.450s][info][gc,phases,start] GC(42) Post Compact
[1.451s][info][gc,phases      ] GC(42) Post Compact 0.994ms
[1.451s][info][gc,heap        ] GC(42) PSYoungGen: 20352K(50176K)->15614K(50176K) Eden: 0K(8704K)->0K(8704K) From: 20352K(41472K)->15614K(41472K)
[1.451s][info][gc,heap        ] GC(42) ParOldGen: 190100K(190464K)->190082K(231424K)
[1.451s][info][gc,metaspace   ] GC(42) Metaspace: 6299K(6464K)->6299K(6464K) NonClass: 5765K(5824K)->5765K(5824K) Class: 533K(640K)->533K(640K)
[1.451s][info][gc             ] GC(42) Pause Full (Ergonomics) 205M->200M(275M) 97.450ms
[1.451s][info][gc,cpu         ] GC(42) User=0.28s Sys=0.00s Real=0.10s
[1.461s][info][gc,start       ] GC(43) Pause Young (Allocation Failure)
[1.482s][info][gc,heap        ] GC(43) PSYoungGen: 24318K(50176K)->15968K(46080K) Eden: 8704K(8704K)->0K(10240K) From: 15614K(41472K)->15968K(35840K)
[1.482s][info][gc,heap        ] GC(43) ParOldGen: 190082K(231424K)->198674K(231424K)
[1.482s][info][gc,metaspace   ] GC(43) Metaspace: 6299K(6464K)->6299K(6464K) NonClass: 5765K(5824K)->5765K(5824K) Class: 533K(640K)->533K(640K)
[1.482s][info][gc             ] GC(43) Pause Young (Allocation Failure) 209M->209M(271M) 20.883ms
[1.482s][info][gc,cpu         ] GC(43) User=0.09s Sys=0.00s Real=0.02s
[1.492s][info][gc,start       ] GC(44) Pause Young (Allocation Failure)
[1.506s][info][gc,heap        ] GC(44) PSYoungGen: 26208K(46080K)->26208K(48640K) Eden: 10240K(10240K)->0K(10240K) From: 15968K(35840K)->26208K(38400K)
[1.506s][info][gc,heap        ] GC(44) ParOldGen: 198674K(231424K)->198674K(231424K)
[1.506s][info][gc,metaspace   ] GC(44) Metaspace: 6299K(6464K)->6299K(6464K) NonClass: 5765K(5824K)->5765K(5824K) Class: 533K(640K)->533K(640K)
[1.506s][info][gc             ] GC(44) Pause Young (Allocation Failure) 219M->219M(273M) 13.492ms
[1.506s][info][gc,cpu         ] GC(44) User=0.02s Sys=0.00s Real=0.01s
[1.517s][info][gc,start       ] GC(45) Pause Young (Allocation Failure)
[1.536s][info][gc,heap        ] GC(45) PSYoungGen: 36448K(48640K)->29280K(49152K) Eden: 10240K(10240K)->0K(9728K) From: 26208K(38400K)->29280K(39424K)
[1.536s][info][gc,heap        ] GC(45) ParOldGen: 198674K(231424K)->205986K(231424K)
[1.536s][info][gc,metaspace   ] GC(45) Metaspace: 6299K(6464K)->6299K(6464K) NonClass: 5765K(5824K)->5765K(5824K) Class: 533K(640K)->533K(640K)
[1.536s][info][gc             ] GC(45) Pause Young (Allocation Failure) 229M->229M(274M) 19.126ms
[1.536s][info][gc,cpu         ] GC(45) User=0.09s Sys=0.00s Real=0.02s
[1.547s][info][gc,start       ] GC(46) Pause Young (Allocation Failure)
[1.567s][info][gc,heap        ] GC(46) PSYoungGen: 39008K(49152K)->30240K(51200K) Eden: 9728K(9728K)->0K(9728K) From: 29280K(39424K)->30240K(41472K)
[1.567s][info][gc,heap        ] GC(46) ParOldGen: 205986K(231424K)->214818K(231424K)
[1.567s][info][gc,metaspace   ] GC(46) Metaspace: 6299K(6464K)->6299K(6464K) NonClass: 5765K(5824K)->5765K(5824K) Class: 533K(640K)->533K(640K)
[1.567s][info][gc             ] GC(46) Pause Young (Allocation Failure) 239M->239M(276M) 19.529ms
[1.567s][info][gc,cpu         ] GC(46) User=0.19s Sys=0.00s Real=0.02s
[1.567s][info][gc,start       ] GC(47) Pause Full (Ergonomics)
[1.567s][info][gc,phases,start] GC(47) Marking Phase
[1.630s][info][gc,phases      ] GC(47) Marking Phase 62.819ms
[1.630s][info][gc,phases,start] GC(47) Summary Phase
[1.630s][info][gc,phases      ] GC(47) Summary Phase 0.019ms
[1.630s][info][gc,phases,start] GC(47) Adjust Roots
[1.630s][info][gc,phases      ] GC(47) Adjust Roots 0.191ms
[1.630s][info][gc,phases,start] GC(47) Compaction Phase
[1.662s][info][gc,phases      ] GC(47) Compaction Phase 32.316ms
[1.662s][info][gc,phases,start] GC(47) Post Compact
[1.663s][info][gc,phases      ] GC(47) Post Compact 1.056ms
[1.664s][info][gc,heap        ] GC(47) PSYoungGen: 30240K(51200K)->13257K(51200K) Eden: 0K(9728K)->0K(9728K) From: 30240K(41472K)->13257K(41472K)
[1.664s][info][gc,heap        ] GC(47) ParOldGen: 214818K(231424K)->231234K(270848K)
[1.664s][info][gc,metaspace   ] GC(47) Metaspace: 6299K(6464K)->6299K(6464K) NonClass: 5765K(5824K)->5765K(5824K) Class: 533K(640K)->533K(640K)
[1.664s][info][gc             ] GC(47) Pause Full (Ergonomics) 239M->238M(314M) 96.872ms
[1.664s][info][gc,cpu         ] GC(47) User=0.41s Sys=0.00s Real=0.10s
[1.675s][info][gc,start       ] GC(48) Pause Young (Allocation Failure)
[1.696s][info][gc,heap        ] GC(48) PSYoungGen: 22985K(51200K)->13952K(51712K) Eden: 9728K(9728K)->0K(11264K) From: 13257K(41472K)->13952K(40448K)
[1.696s][info][gc,heap        ] GC(48) ParOldGen: 231234K(270848K)->240562K(270848K)
[1.696s][info][gc,metaspace   ] GC(48) Metaspace: 6299K(6464K)->6299K(6464K) NonClass: 5765K(5824K)->5765K(5824K) Class: 533K(640K)->533K(640K)
[1.696s][info][gc             ] GC(48) Pause Young (Allocation Failure) 248M->248M(315M) 21.505ms
[1.696s][info][gc,cpu         ] GC(48) User=0.09s Sys=0.00s Real=0.02s
[1.710s][info][gc,start       ] GC(49) Pause Young (Allocation Failure)
[1.723s][info][gc,heap        ] GC(49) PSYoungGen: 25216K(51712K)->21088K(53248K) Eden: 11264K(11264K)->0K(11264K) From: 13952K(40448K)->21088K(41984K)
[1.723s][info][gc,heap        ] GC(49) ParOldGen: 240562K(270848K)->244722K(270848K)
[1.723s][info][gc,metaspace   ] GC(49) Metaspace: 6299K(6464K)->6299K(6464K) NonClass: 5765K(5824K)->5765K(5824K) Class: 533K(640K)->533K(640K)
[1.723s][info][gc             ] GC(49) Pause Young (Allocation Failure) 259M->259M(316M) 12.868ms
[1.723s][info][gc,cpu         ] GC(49) User=0.03s Sys=0.00s Real=0.01s
[1.735s][info][gc,start       ] GC(50) Pause Young (Allocation Failure)
[1.751s][info][gc,heap        ] GC(50) PSYoungGen: 32352K(53248K)->22624K(52224K) Eden: 11264K(11264K)->0K(13312K) From: 21088K(41984K)->22624K(38912K)
[1.751s][info][gc,heap        ] GC(50) ParOldGen: 244722K(270848K)->254586K(270848K)
[1.751s][info][gc,metaspace   ] GC(50) Metaspace: 6299K(6464K)->6299K(6464K) NonClass: 5765K(5824K)->5765K(5824K) Class: 533K(640K)->533K(640K)
[1.751s][info][gc             ] GC(50) Pause Young (Allocation Failure) 270M->270M(315M) 16.306ms
[1.751s][info][gc,cpu         ] GC(50) User=0.06s Sys=0.03s Real=0.02s
[1.751s][info][gc,start       ] GC(51) Pause Full (Ergonomics)
[1.751s][info][gc,phases,start] GC(51) Marking Phase
[1.815s][info][gc,phases      ] GC(51) Marking Phase 64.033ms
[1.815s][info][gc,phases,start] GC(51) Summary Phase
[1.815s][info][gc,phases      ] GC(51) Summary Phase 0.025ms
[1.815s][info][gc,phases,start] GC(51) Adjust Roots
[1.815s][info][gc,phases      ] GC(51) Adjust Roots 0.147ms
[1.815s][info][gc,phases,start] GC(51) Compaction Phase
[1.841s][info][gc,phases      ] GC(51) Compaction Phase 25.471ms
[1.841s][info][gc,phases,start] GC(51) Post Compact
[1.843s][info][gc,phases      ] GC(51) Post Compact 1.537ms
[1.843s][info][gc,heap        ] GC(51) PSYoungGen: 22624K(52224K)->6118K(52736K) Eden: 0K(13312K)->0K(13824K) From: 22624K(38912K)->6118K(38912K)
[1.843s][info][gc,heap        ] GC(51) ParOldGen: 254586K(270848K)->270541K(311296K)
[1.843s][info][gc,metaspace   ] GC(51) Metaspace: 6299K(6464K)->6299K(6464K) NonClass: 5765K(5824K)->5765K(5824K) Class: 533K(640K)->533K(640K)
[1.843s][info][gc             ] GC(51) Pause Full (Ergonomics) 270M->270M(355M) 91.717ms
[1.843s][info][gc,cpu         ] GC(51) User=0.39s Sys=0.03s Real=0.09s
[1.859s][info][gc,start       ] GC(52) Pause Young (Allocation Failure)
[1.880s][info][gc,heap        ] GC(52) PSYoungGen: 19942K(52736K)->17280K(53248K) Eden: 13824K(13824K)->0K(13824K) From: 6118K(38912K)->17280K(39424K)
[1.881s][info][gc,heap        ] GC(52) ParOldGen: 270541K(311296K)->273453K(311296K)
[1.881s][info][gc,metaspace   ] GC(52) Metaspace: 6299K(6464K)->6299K(6464K) NonClass: 5765K(5824K)->5765K(5824K) Class: 533K(640K)->533K(640K)
[1.881s][info][gc             ] GC(52) Pause Young (Allocation Failure) 283M->283M(356M) 21.613ms
[1.881s][info][gc,cpu         ] GC(52) User=0.14s Sys=0.00s Real=0.02s
[1.896s][info][gc,start       ] GC(53) Pause Young (Allocation Failure)
[1.911s][info][gc,heap        ] GC(53) PSYoungGen: 31104K(53248K)->31040K(51200K) Eden: 13824K(13824K)->0K(13312K) From: 17280K(39424K)->31040K(37888K)
[1.911s][info][gc,heap        ] GC(53) ParOldGen: 273453K(311296K)->273453K(311296K)
[1.911s][info][gc,metaspace   ] GC(53) Metaspace: 6299K(6464K)->6299K(6464K) NonClass: 5765K(5824K)->5765K(5824K) Class: 533K(640K)->533K(640K)
[1.911s][info][gc             ] GC(53) Pause Young (Allocation Failure) 297M->297M(354M) 15.243ms
[1.911s][info][gc,cpu         ] GC(53) User=0.02s Sys=0.00s Real=0.02s
[1.926s][info][gc,start       ] GC(54) Pause Young (Allocation Failure)
[1.947s][info][gc,heap        ] GC(54) PSYoungGen: 44352K(51200K)->40448K(53760K) Eden: 13312K(13312K)->0K(13312K) From: 31040K(37888K)->40448K(40448K)
[1.947s][info][gc,heap        ] GC(54) ParOldGen: 273453K(311296K)->277309K(311296K)
[1.947s][info][gc,metaspace   ] GC(54) Metaspace: 6299K(6464K)->6299K(6464K) NonClass: 5765K(5824K)->5765K(5824K) Class: 533K(640K)->533K(640K)
[1.947s][info][gc             ] GC(54) Pause Young (Allocation Failure) 310M->310M(356M) 20.979ms
[1.947s][info][gc,cpu         ] GC(54) User=0.12s Sys=0.00s Real=0.02s
[1.962s][info][gc,start       ] GC(55) Pause Young (Allocation Failure)
[1.987s][info][gc,heap        ] GC(55) PSYoungGen: 53760K(53760K)->37920K(59392K) Eden: 13312K(13312K)->0K(12288K) From: 40448K(40448K)->37920K(47104K)
[1.987s][info][gc,heap        ] GC(55) ParOldGen: 277309K(311296K)->293525K(311296K)
[1.987s][info][gc,metaspace   ] GC(55) Metaspace: 6299K(6464K)->6299K(6464K) NonClass: 5765K(5824K)->5765K(5824K) Class: 533K(640K)->533K(640K)
[1.987s][info][gc             ] GC(55) Pause Young (Allocation Failure) 323M->323M(362M) 24.343ms
[1.987s][info][gc,cpu         ] GC(55) User=0.14s Sys=0.00s Real=0.03s
[1.987s][info][gc,start       ] GC(56) Pause Full (Ergonomics)
[1.987s][info][gc,phases,start] GC(56) Marking Phase
[2.062s][info][gc,phases      ] GC(56) Marking Phase 74.952ms
[2.062s][info][gc,phases,start] GC(56) Summary Phase
[2.062s][info][gc,phases      ] GC(56) Summary Phase 0.019ms
[2.062s][info][gc,phases,start] GC(56) Adjust Roots
[2.062s][info][gc,phases      ] GC(56) Adjust Roots 0.159ms
[2.062s][info][gc,phases,start] GC(56) Compaction Phase
[2.094s][info][gc,phases      ] GC(56) Compaction Phase 31.417ms
[2.094s][info][gc,phases,start] GC(56) Post Compact
[2.095s][info][gc,phases      ] GC(56) Post Compact 1.581ms
[2.096s][info][gc,heap        ] GC(56) PSYoungGen: 37920K(59392K)->19786K(59392K) Eden: 0K(12288K)->0K(12288K) From: 37920K(47104K)->19786K(47104K)
[2.096s][info][gc,heap        ] GC(56) ParOldGen: 293525K(311296K)->311017K(355328K)
[2.096s][info][gc,metaspace   ] GC(56) Metaspace: 6299K(6464K)->6299K(6464K) NonClass: 5765K(5824K)->5765K(5824K) Class: 533K(640K)->533K(640K)
[2.096s][info][gc             ] GC(56) Pause Full (Ergonomics) 323M->323M(405M) 108.765ms
[2.096s][info][gc,cpu         ] GC(56) User=0.56s Sys=0.02s Real=0.11s
[2.109s][info][gc,start       ] GC(57) Pause Young (Allocation Failure)
[2.137s][info][gc,heap        ] GC(57) PSYoungGen: 32074K(59392K)->25312K(37888K) Eden: 12288K(12288K)->0K(12288K) From: 19786K(47104K)->25312K(25600K)
[2.138s][info][gc,heap        ] GC(57) ParOldGen: 311017K(355328K)->318073K(355328K)
[2.138s][info][gc,metaspace   ] GC(57) Metaspace: 6299K(6464K)->6299K(6464K) NonClass: 5765K(5824K)->5765K(5824K) Class: 533K(640K)->533K(640K)
[2.138s][info][gc             ] GC(57) Pause Young (Allocation Failure) 335M->335M(384M) 28.331ms
[2.138s][info][gc,cpu         ] GC(57) User=0.14s Sys=0.00s Real=0.03s
[2.213s][info][gc,start       ] GC(58) Pause Young (Allocation Failure)
[2.239s][info][gc,heap        ] GC(58) PSYoungGen: 37600K(37888K)->32480K(60928K) Eden: 12288K(12288K)->0K(13312K) From: 25312K(25600K)->32480K(47616K)
[2.239s][info][gc,heap        ] GC(58) ParOldGen: 334457K(355328K)->339617K(355328K)
[2.239s][info][gc,metaspace   ] GC(58) Metaspace: 6299K(6464K)->6299K(6464K) NonClass: 5765K(5824K)->5765K(5824K) Class: 533K(640K)->533K(640K)
[2.239s][info][gc             ] GC(58) Pause Young (Allocation Failure) 363M->363M(406M) 25.642ms
[2.239s][info][gc,cpu         ] GC(58) User=0.14s Sys=0.00s Real=0.03s
[2.239s][info][gc,start       ] GC(59) Pause Full (Ergonomics)
[2.239s][info][gc,phases,start] GC(59) Marking Phase
[2.316s][info][gc,phases      ] GC(59) Marking Phase 76.791ms
[2.316s][info][gc,phases,start] GC(59) Summary Phase
[2.316s][info][gc,phases      ] GC(59) Summary Phase 0.023ms
[2.316s][info][gc,phases,start] GC(59) Adjust Roots
[2.316s][info][gc,phases      ] GC(59) Adjust Roots 0.157ms
[2.316s][info][gc,phases,start] GC(59) Compaction Phase
[2.379s][info][gc,phases      ] GC(59) Compaction Phase 63.520ms
[2.379s][info][gc,phases,start] GC(59) Post Compact
[2.381s][info][gc,phases      ] GC(59) Post Compact 1.881ms
[2.382s][info][gc,heap        ] GC(59) PSYoungGen: 32480K(60928K)->8284K(60928K) Eden: 0K(13312K)->0K(13312K) From: 32480K(47616K)->8284K(47616K)
[2.382s][info][gc,heap        ] GC(59) ParOldGen: 339617K(355328K)->355227K(400384K)
[2.382s][info][gc,metaspace   ] GC(59) Metaspace: 6299K(6464K)->6299K(6464K) NonClass: 5765K(5824K)->5765K(5824K) Class: 533K(640K)->533K(640K)
[2.382s][info][gc             ] GC(59) Pause Full (Ergonomics) 363M->354M(450M) 142.894ms
[2.382s][info][gc,cpu         ] GC(59) User=0.80s Sys=0.00s Real=0.14s
[2.397s][info][gc,start       ] GC(60) Pause Young (Allocation Failure)
[2.421s][info][gc,heap        ] GC(60) PSYoungGen: 21596K(60928K)->21728K(61440K) Eden: 13312K(13312K)->0K(13312K) From: 8284K(47616K)->21728K(48128K)
[2.421s][info][gc,heap        ] GC(60) ParOldGen: 355227K(400384K)->355227K(400384K)
[2.421s][info][gc,metaspace   ] GC(60) Metaspace: 6299K(6464K)->6299K(6464K) NonClass: 5765K(5824K)->5765K(5824K) Class: 533K(640K)->533K(640K)
[2.421s][info][gc             ] GC(60) Pause Young (Allocation Failure) 367M->368M(451M) 24.877ms
[2.421s][info][gc,cpu         ] GC(60) User=0.12s Sys=0.00s Real=0.03s
[2.436s][info][gc,start       ] GC(61) Pause Young (Allocation Failure)
[2.453s][info][gc,heap        ] GC(61) PSYoungGen: 35040K(61440K)->35040K(59904K) Eden: 13312K(13312K)->0K(13312K) From: 21728K(48128K)->35040K(46592K)
[2.453s][info][gc,heap        ] GC(61) ParOldGen: 355227K(400384K)->355227K(400384K)
[2.453s][info][gc,metaspace   ] GC(61) Metaspace: 6299K(6464K)->6299K(6464K) NonClass: 5765K(5824K)->5765K(5824K) Class: 533K(640K)->533K(640K)
[2.453s][info][gc             ] GC(61) Pause Young (Allocation Failure) 381M->381M(449M) 16.567ms
[2.453s][info][gc,cpu         ] GC(61) User=0.05s Sys=0.05s Real=0.02s
[2.466s][info][gc,start       ] GC(62) Pause Young (Allocation Failure)
[2.488s][info][gc,heap        ] GC(62) PSYoungGen: 48352K(59904K)->48128K(61440K) Eden: 13312K(13312K)->0K(13312K) From: 35040K(46592K)->48128K(48128K)
[2.488s][info][gc,heap        ] GC(62) ParOldGen: 355227K(400384K)->355371K(400384K)
[2.488s][info][gc,metaspace   ] GC(62) Metaspace: 6299K(6464K)->6299K(6464K) NonClass: 5765K(5824K)->5765K(5824K) Class: 533K(640K)->533K(640K)
[2.488s][info][gc             ] GC(62) Pause Young (Allocation Failure) 394M->394M(451M) 21.887ms
[2.488s][info][gc,cpu         ] GC(62) User=0.12s Sys=0.00s Real=0.02s
[2.502s][info][gc,start       ] GC(63) Pause Young (Allocation Failure)
[2.531s][info][gc,heap        ] GC(63) PSYoungGen: 61440K(61440K)->54272K(59392K) Eden: 13312K(13312K)->0K(5120K) From: 48128K(48128K)->54272K(54272K)
[2.531s][info][gc,heap        ] GC(63) ParOldGen: 355371K(400384K)->362659K(400384K)
[2.531s][info][gc,metaspace   ] GC(63) Metaspace: 6299K(6464K)->6299K(6464K) NonClass: 5765K(5824K)->5765K(5824K) Class: 533K(640K)->533K(640K)
[2.531s][info][gc             ] GC(63) Pause Young (Allocation Failure) 407M->407M(449M) 29.053ms
[2.531s][info][gc,cpu         ] GC(63) User=0.11s Sys=0.00s Real=0.03s
[2.536s][info][gc,start       ] GC(64) Pause Young (Allocation Failure)
[2.562s][info][gc,heap        ] GC(64) PSYoungGen: 59392K(59392K)->43456K(69120K) Eden: 5120K(5120K)->0K(5120K) From: 54272K(54272K)->43456K(64000K)
[2.562s][info][gc,heap        ] GC(64) ParOldGen: 362659K(400384K)->378907K(400384K)
[2.562s][info][gc,metaspace   ] GC(64) Metaspace: 6299K(6464K)->6299K(6464K) NonClass: 5765K(5824K)->5765K(5824K) Class: 533K(640K)->533K(640K)
[2.562s][info][gc             ] GC(64) Pause Young (Allocation Failure) 412M->412M(458M) 25.862ms
[2.562s][info][gc,cpu         ] GC(64) User=0.12s Sys=0.00s Real=0.03s
[2.567s][info][gc,start       ] GC(65) Pause Young (Allocation Failure)
[2.590s][info][gc,heap        ] GC(65) PSYoungGen: 48576K(69120K)->23296K(68096K) Eden: 5120K(5120K)->0K(6144K) From: 43456K(64000K)->23296K(61952K)
[2.590s][info][gc,heap        ] GC(65) ParOldGen: 378907K(400384K)->404491K(404992K)
[2.590s][info][gc,metaspace   ] GC(65) Metaspace: 6299K(6464K)->6299K(6464K) NonClass: 5765K(5824K)->5765K(5824K) Class: 533K(640K)->533K(640K)
[2.590s][info][gc             ] GC(65) Pause Young (Allocation Failure) 417M->417M(462M) 22.565ms
[2.590s][info][gc,cpu         ] GC(65) User=0.11s Sys=0.02s Real=0.02s
[2.590s][info][gc,start       ] GC(66) Pause Full (Ergonomics)
[2.590s][info][gc,phases,start] GC(66) Marking Phase
[2.679s][info][gc,phases      ] GC(66) Marking Phase 89.307ms
[2.679s][info][gc,phases,start] GC(66) Summary Phase
[2.679s][info][gc,phases      ] GC(66) Summary Phase 0.019ms
[2.679s][info][gc,phases,start] GC(66) Adjust Roots
[2.680s][info][gc,phases      ] GC(66) Adjust Roots 0.156ms
[2.680s][info][gc,phases,start] GC(66) Compaction Phase
[2.726s][info][gc,phases      ] GC(66) Compaction Phase 46.271ms
[2.726s][info][gc,phases,start] GC(66) Post Compact
[2.728s][info][gc,phases      ] GC(66) Post Compact 2.170ms
[2.728s][info][gc,heap        ] GC(66) PSYoungGen: 23296K(68096K)->22070K(69120K) Eden: 0K(6144K)->0K(7168K) From: 23296K(61952K)->22070K(61952K)
[2.728s][info][gc,heap        ] GC(66) ParOldGen: 404491K(404992K)->404735K(459776K)
[2.729s][info][gc,metaspace   ] GC(66) Metaspace: 6299K(6464K)->6299K(6464K) NonClass: 5765K(5824K)->5765K(5824K) Class: 533K(640K)->533K(640K)
[2.729s][info][gc             ] GC(66) Pause Full (Ergonomics) 417M->416M(516M) 138.551ms
[2.729s][info][gc,cpu         ] GC(66) User=0.86s Sys=0.00s Real=0.14s
[2.736s][info][gc,start       ] GC(67) Pause Young (Allocation Failure)
[2.765s][info][gc,heap        ] GC(67) PSYoungGen: 29238K(69120K)->12192K(70656K) Eden: 7168K(7168K)->0K(7168K) From: 22070K(61952K)->12192K(63488K)
[2.765s][info][gc,heap        ] GC(67) ParOldGen: 404735K(459776K)->422159K(459776K)
[2.765s][info][gc,metaspace   ] GC(67) Metaspace: 6299K(6464K)->6299K(6464K) NonClass: 5765K(5824K)->5765K(5824K) Class: 533K(640K)->533K(640K)
[2.765s][info][gc             ] GC(67) Pause Young (Allocation Failure) 423M->424M(518M) 29.310ms
[2.765s][info][gc,cpu         ] GC(67) User=0.09s Sys=0.03s Real=0.03s
[2.773s][info][gc,start       ] GC(68) Pause Young (Allocation Failure)
[2.783s][info][gc,heap        ] GC(68) PSYoungGen: 19360K(70656K)->7296K(71680K) Eden: 7168K(7168K)->0K(7680K) From: 12192K(63488K)->7296K(64000K)
[2.783s][info][gc,heap        ] GC(68) ParOldGen: 422159K(459776K)->434375K(459776K)
[2.783s][info][gc,metaspace   ] GC(68) Metaspace: 6299K(6464K)->6299K(6464K) NonClass: 5765K(5824K)->5765K(5824K) Class: 533K(640K)->533K(640K)
[2.783s][info][gc             ] GC(68) Pause Young (Allocation Failure) 431M->431M(519M) 10.889ms
[2.783s][info][gc,cpu         ] GC(68) User=0.02s Sys=0.00s Real=0.01s
[2.784s][info][gc,start       ] GC(69) Pause Full (Ergonomics)
[2.784s][info][gc,phases,start] GC(69) Marking Phase
[2.877s][info][gc,phases      ] GC(69) Marking Phase 93.893ms
[2.877s][info][gc,phases,start] GC(69) Summary Phase
[2.877s][info][gc,phases      ] GC(69) Summary Phase 0.023ms
[2.878s][info][gc,phases,start] GC(69) Adjust Roots
[2.878s][info][gc,phases      ] GC(69) Adjust Roots 0.149ms
[2.878s][info][gc,phases,start] GC(69) Compaction Phase
[2.917s][info][gc,phases      ] GC(69) Compaction Phase 38.885ms
[2.917s][info][gc,phases,start] GC(69) Post Compact
[2.919s][info][gc,phases      ] GC(69) Post Compact 2.099ms
[2.919s][info][gc,heap        ] GC(69) PSYoungGen: 7296K(71680K)->0K(72192K) Eden: 0K(7680K)->0K(7680K) From: 7296K(64000K)->0K(64512K)
[2.919s][info][gc,heap        ] GC(69) ParOldGen: 434375K(459776K)->441075K(500736K)
[2.919s][info][gc,metaspace   ] GC(69) Metaspace: 6299K(6464K)->6299K(6464K) NonClass: 5765K(5824K)->5765K(5824K) Class: 533K(640K)->533K(640K)
[2.919s][info][gc             ] GC(69) Pause Full (Ergonomics) 431M->430M(559M) 135.560ms
[2.919s][info][gc,cpu         ] GC(69) User=0.78s Sys=0.00s Real=0.14s
[2.927s][info][gc,start       ] GC(70) Pause Young (Allocation Failure)
[2.934s][info][gc,heap        ] GC(70) PSYoungGen: 7680K(72192K)->7808K(71680K) Eden: 7680K(7680K)->0K(8704K) From: 0K(64512K)->7808K(62976K)
[2.934s][info][gc,heap        ] GC(70) ParOldGen: 441075K(500736K)->441075K(500736K)
[2.934s][info][gc,metaspace   ] GC(70) Metaspace: 6299K(6464K)->6299K(6464K) NonClass: 5765K(5824K)->5765K(5824K) Class: 533K(640K)->533K(640K)
[2.934s][info][gc             ] GC(70) Pause Young (Allocation Failure) 438M->438M(559M) 6.842ms
[2.934s][info][gc,cpu         ] GC(70) User=0.00s Sys=0.00s Real=0.01s
[2.943s][info][gc,start       ] GC(71) Pause Young (Allocation Failure)
[2.952s][info][gc,heap        ] GC(71) PSYoungGen: 16512K(71680K)->16512K(25600K) Eden: 8704K(8704K)->0K(8704K) From: 7808K(62976K)->16512K(16896K)
[2.953s][info][gc,heap        ] GC(71) ParOldGen: 441075K(500736K)->441075K(500736K)
[2.953s][info][gc,metaspace   ] GC(71) Metaspace: 6299K(6464K)->6299K(6464K) NonClass: 5765K(5824K)->5765K(5824K) Class: 533K(640K)->533K(640K)
[2.953s][info][gc             ] GC(71) Pause Young (Allocation Failure) 446M->446M(514M) 9.165ms
[2.953s][info][gc,cpu         ] GC(71) User=0.00s Sys=0.00s Real=0.01s
[2.962s][info][gc,start       ] GC(72) Pause Young (Allocation Failure)
[2.974s][info][gc,heap        ] GC(72) PSYoungGen: 25216K(25600K)->25120K(64512K) Eden: 8704K(8704K)->0K(9728K) From: 16512K(16896K)->25120K(54784K)
[2.974s][info][gc,heap        ] GC(72) ParOldGen: 441075K(500736K)->441075K(500736K)
[2.974s][info][gc,metaspace   ] GC(72) Metaspace: 6299K(6464K)->6299K(6464K) NonClass: 5765K(5824K)->5765K(5824K) Class: 533K(640K)->533K(640K)
[2.974s][info][gc             ] GC(72) Pause Young (Allocation Failure) 455M->455M(552M) 12.398ms
[2.974s][info][gc,cpu         ] GC(72) User=0.02s Sys=0.00s Real=0.01s
[2.984s][info][gc,start       ] GC(73) Pause Young (Allocation Failure)
[3.001s][info][gc,heap        ] GC(73) PSYoungGen: 34848K(64512K)->34912K(68096K) Eden: 9728K(9728K)->0K(9728K) From: 25120K(54784K)->34912K(58368K)
[3.001s][info][gc,heap        ] GC(73) ParOldGen: 441075K(500736K)->441075K(500736K)
[3.001s][info][gc,metaspace   ] GC(73) Metaspace: 6299K(6464K)->6299K(6464K) NonClass: 5765K(5824K)->5765K(5824K) Class: 533K(640K)->533K(640K)
[3.001s][info][gc             ] GC(73) Pause Young (Allocation Failure) 464M->464M(555M) 16.598ms
[3.001s][info][gc,cpu         ] GC(73) User=0.03s Sys=0.00s Real=0.02s
[3.012s][info][gc,start       ] GC(74) Pause Young (Allocation Failure)
[3.033s][info][gc,heap        ] GC(74) PSYoungGen: 44640K(68096K)->36960K(69632K) Eden: 9728K(9728K)->0K(10752K) From: 34912K(58368K)->36960K(58880K)
[3.033s][info][gc,heap        ] GC(74) ParOldGen: 441075K(500736K)->448867K(500736K)
[3.033s][info][gc,metaspace   ] GC(74) Metaspace: 6299K(6464K)->6299K(6464K) NonClass: 5765K(5824K)->5765K(5824K) Class: 533K(640K)->533K(640K)
[3.033s][info][gc             ] GC(74) Pause Young (Allocation Failure) 474M->474M(557M) 21.374ms
[3.033s][info][gc,cpu         ] GC(74) User=0.12s Sys=0.02s Real=0.02s
[3.045s][info][gc,start       ] GC(75) Pause Young (Allocation Failure)
[3.068s][info][gc,heap        ] GC(75) PSYoungGen: 47712K(69632K)->39008K(70144K) Eden: 10752K(10752K)->0K(10752K) From: 36960K(58880K)->39008K(59392K)
[3.068s][info][gc,heap        ] GC(75) ParOldGen: 448867K(500736K)->457683K(500736K)
[3.068s][info][gc,metaspace   ] GC(75) Metaspace: 6299K(6464K)->6299K(6464K) NonClass: 5765K(5824K)->5765K(5824K) Class: 533K(640K)->533K(640K)
[3.068s][info][gc             ] GC(75) Pause Young (Allocation Failure) 484M->485M(557M) 22.683ms
[3.068s][info][gc,cpu         ] GC(75) User=0.14s Sys=0.00s Real=0.02s
[3.080s][info][gc,start       ] GC(76) Pause Young (Allocation Failure)
[3.103s][info][gc,heap        ] GC(76) PSYoungGen: 49760K(70144K)->41056K(71680K) Eden: 10752K(10752K)->0K(10752K) From: 39008K(59392K)->41056K(60928K)
[3.103s][info][gc,heap        ] GC(76) ParOldGen: 457683K(500736K)->466499K(500736K)
[3.103s][info][gc,metaspace   ] GC(76) Metaspace: 6299K(6464K)->6299K(6464K) NonClass: 5765K(5824K)->5765K(5824K) Class: 533K(640K)->533K(640K)
[3.103s][info][gc             ] GC(76) Pause Young (Allocation Failure) 495M->495M(559M) 23.669ms
[3.103s][info][gc,cpu         ] GC(76) User=0.09s Sys=0.03s Real=0.02s
[3.116s][info][gc,start       ] GC(77) Pause Young (Allocation Failure)
[3.140s][info][gc,heap        ] GC(77) PSYoungGen: 51808K(71680K)->32320K(43520K) Eden: 10752K(10752K)->0K(10752K) From: 41056K(60928K)->32320K(32768K)
[3.141s][info][gc,heap        ] GC(77) ParOldGen: 466499K(500736K)->486179K(500736K)
[3.141s][info][gc,metaspace   ] GC(77) Metaspace: 6299K(6464K)->6299K(6464K) NonClass: 5765K(5824K)->5765K(5824K) Class: 533K(640K)->533K(640K)
[3.141s][info][gc             ] GC(77) Pause Young (Allocation Failure) 506M->506M(531M) 24.985ms
[3.141s][info][gc,cpu         ] GC(77) User=0.09s Sys=0.03s Real=0.02s
[3.141s][info][gc,start       ] GC(78) Pause Full (Ergonomics)
[3.141s][info][gc,phases,start] GC(78) Marking Phase
[3.249s][info][gc,phases      ] GC(78) Marking Phase 108.372ms
[3.249s][info][gc,phases,start] GC(78) Summary Phase
[3.249s][info][gc,phases      ] GC(78) Summary Phase 0.020ms
[3.249s][info][gc,phases,start] GC(78) Adjust Roots
[3.249s][info][gc,phases      ] GC(78) Adjust Roots 0.149ms
[3.249s][info][gc,phases,start] GC(78) Compaction Phase
[3.298s][info][gc,phases      ] GC(78) Compaction Phase 48.395ms
[3.298s][info][gc,phases,start] GC(78) Post Compact
[3.300s][info][gc,phases      ] GC(78) Post Compact 2.457ms
[3.301s][info][gc,heap        ] GC(78) PSYoungGen: 32320K(43520K)->17343K(43520K) Eden: 0K(10752K)->0K(10752K) From: 32320K(32768K)->17343K(32768K)
[3.301s][info][gc,heap        ] GC(78) ParOldGen: 486179K(500736K)->500278K(561664K)
[3.301s][info][gc,metaspace   ] GC(78) Metaspace: 6299K(6464K)->6299K(6464K) NonClass: 5765K(5824K)->5765K(5824K) Class: 533K(640K)->533K(640K)
[3.301s][info][gc             ] GC(78) Pause Full (Ergonomics) 506M->505M(591M) 159.930ms
[3.301s][info][gc,cpu         ] GC(78) User=1.16s Sys=0.00s Real=0.16s
[3.312s][info][gc,start       ] GC(79) Pause Young (Allocation Failure)
[3.346s][info][gc,heap        ] GC(79) PSYoungGen: 28095K(43520K)->15520K(70656K) Eden: 10752K(10752K)->0K(12288K) From: 17343K(32768K)->15520K(58368K)
[3.347s][info][gc,heap        ] GC(79) ParOldGen: 500278K(561664K)->513150K(561664K)
[3.347s][info][gc,metaspace   ] GC(79) Metaspace: 6299K(6464K)->6299K(6464K) NonClass: 5765K(5824K)->5765K(5824K) Class: 533K(640K)->533K(640K)
[3.347s][info][gc             ] GC(79) Pause Young (Allocation Failure) 515M->516M(617M) 34.705ms
[3.347s][info][gc,cpu         ] GC(79) User=0.16s Sys=0.00s Real=0.04s
[3.360s][info][gc,start       ] GC(80) Pause Young (Allocation Failure)
[3.376s][info][gc,heap        ] GC(80) PSYoungGen: 27808K(70656K)->23168K(35840K) Eden: 12288K(12288K)->0K(12288K) From: 15520K(58368K)->23168K(23552K)
[3.376s][info][gc,heap        ] GC(80) ParOldGen: 513150K(561664K)->517886K(561664K)
[3.376s][info][gc,metaspace   ] GC(80) Metaspace: 6299K(6464K)->6299K(6464K) NonClass: 5765K(5824K)->5765K(5824K) Class: 533K(640K)->533K(640K)
[3.376s][info][gc             ] GC(80) Pause Young (Allocation Failure) 528M->528M(583M) 15.554ms
[3.376s][info][gc,cpu         ] GC(80) User=0.00s Sys=0.00s Real=0.02s
[3.390s][info][gc,start       ] GC(81) Pause Young (Allocation Failure)
[3.408s][info][gc,heap        ] GC(81) PSYoungGen: 35456K(35840K)->24672K(66048K) Eden: 12288K(12288K)->0K(13824K) From: 23168K(23552K)->24672K(52224K)
[3.409s][info][gc,heap        ] GC(81) ParOldGen: 517886K(561664K)->528798K(561664K)
[3.409s][info][gc,metaspace   ] GC(81) Metaspace: 6299K(6464K)->6299K(6464K) NonClass: 5765K(5824K)->5765K(5824K) Class: 533K(640K)->533K(640K)
[3.409s][info][gc             ] GC(81) Pause Young (Allocation Failure) 540M->540M(613M) 18.539ms
[3.409s][info][gc,cpu         ] GC(81) User=0.12s Sys=0.00s Real=0.02s
[3.424s][info][gc,start       ] GC(82) Pause Young (Allocation Failure)
[3.445s][info][gc,heap        ] GC(82) PSYoungGen: 38496K(66048K)->26208K(40448K) Eden: 13824K(13824K)->0K(13824K) From: 24672K(52224K)->26208K(26624K)
[3.445s][info][gc,heap        ] GC(82) ParOldGen: 528798K(561664K)->541270K(561664K)
[3.445s][info][gc,metaspace   ] GC(82) Metaspace: 6299K(6464K)->6299K(6464K) NonClass: 5765K(5824K)->5765K(5824K) Class: 533K(640K)->533K(640K)
[3.445s][info][gc             ] GC(82) Pause Young (Allocation Failure) 553M->554M(588M) 20.846ms
[3.445s][info][gc,cpu         ] GC(82) User=0.12s Sys=0.00s Real=0.02s
[3.445s][info][gc,start       ] GC(83) Pause Full (Ergonomics)
[3.445s][info][gc,phases,start] GC(83) Marking Phase
[3.564s][info][gc,phases      ] GC(83) Marking Phase 118.434ms
[3.564s][info][gc,phases,start] GC(83) Summary Phase
[3.564s][info][gc,phases      ] GC(83) Summary Phase 0.028ms
[3.564s][info][gc,phases,start] GC(83) Adjust Roots
[3.564s][info][gc,phases      ] GC(83) Adjust Roots 0.171ms
[3.564s][info][gc,phases,start] GC(83) Compaction Phase
[3.616s][info][gc,phases      ] GC(83) Compaction Phase 52.242ms
[3.616s][info][gc,phases,start] GC(83) Post Compact
[3.617s][info][gc,phases      ] GC(83) Post Compact 0.919ms
[3.618s][info][gc,heap        ] GC(83) PSYoungGen: 26208K(40448K)->5096K(40448K) Eden: 0K(13824K)->0K(13824K) From: 26208K(26624K)->5096K(26624K)
[3.618s][info][gc,heap        ] GC(83) ParOldGen: 541270K(561664K)->561546K(625664K)
[3.618s][info][gc,metaspace   ] GC(83) Metaspace: 6299K(6464K)->6299K(6464K) NonClass: 5765K(5824K)->5765K(5824K) Class: 533K(640K)->533K(640K)
[3.618s][info][gc             ] GC(83) Pause Full (Ergonomics) 554M->553M(650M) 172.290ms
[3.618s][info][gc,cpu         ] GC(83) User=1.11s Sys=0.02s Real=0.17s
[3.634s][info][gc,start       ] GC(84) Pause Young (Allocation Failure)
[3.668s][info][gc,heap        ] GC(84) PSYoungGen: 18920K(40448K)->16704K(66048K) Eden: 13824K(13824K)->0K(15360K) From: 5096K(26624K)->16704K(50688K)
[3.668s][info][gc,heap        ] GC(84) ParOldGen: 561546K(625664K)->563978K(625664K)
[3.668s][info][gc,metaspace   ] GC(84) Metaspace: 6299K(6464K)->6299K(6464K) NonClass: 5765K(5824K)->5765K(5824K) Class: 533K(640K)->533K(640K)
[3.668s][info][gc             ] GC(84) Pause Young (Allocation Failure) 566M->567M(675M) 33.598ms
[3.668s][info][gc,cpu         ] GC(84) User=0.16s Sys=0.00s Real=0.03s
[3.684s][info][gc,start       ] GC(85) Pause Young (Allocation Failure)
[3.702s][info][gc,heap        ] GC(85) PSYoungGen: 32064K(66048K)->32064K(67072K) Eden: 15360K(15360K)->0K(15360K) From: 16704K(50688K)->32064K(51712K)
[3.702s][info][gc,heap        ] GC(85) ParOldGen: 563978K(625664K)->563978K(625664K)
[3.702s][info][gc,metaspace   ] GC(85) Metaspace: 6299K(6464K)->6299K(6464K) NonClass: 5765K(5824K)->5765K(5824K) Class: 533K(640K)->533K(640K)
[3.703s][info][gc             ] GC(85) Pause Young (Allocation Failure) 582M->582M(676M) 18.306ms
[3.703s][info][gc,cpu         ] GC(85) User=0.03s Sys=0.00s Real=0.02s
[3.720s][info][gc,start       ] GC(86) Pause Young (Allocation Failure)
[3.744s][info][gc,heap        ] GC(86) PSYoungGen: 47424K(67072K)->47392K(62976K) Eden: 15360K(15360K)->0K(11776K) From: 32064K(51712K)->47392K(51200K)
[3.744s][info][gc,heap        ] GC(86) ParOldGen: 563978K(625664K)->563978K(625664K)
[3.745s][info][gc,metaspace   ] GC(86) Metaspace: 6299K(6464K)->6299K(6464K) NonClass: 5765K(5824K)->5765K(5824K) Class: 533K(640K)->533K(640K)
[3.745s][info][gc             ] GC(86) Pause Young (Allocation Failure) 597M->597M(672M) 24.223ms
[3.745s][info][gc,cpu         ] GC(86) User=0.12s Sys=0.00s Real=0.02s
[3.758s][info][gc,start       ] GC(87) Pause Young (Allocation Failure)
[3.786s][info][gc,heap        ] GC(87) PSYoungGen: 59168K(62976K)->56320K(68096K) Eden: 11776K(11776K)->0K(11776K) From: 47392K(51200K)->56320K(56320K)
[3.786s][info][gc,heap        ] GC(87) ParOldGen: 563978K(625664K)->566826K(625664K)
[3.786s][info][gc,metaspace   ] GC(87) Metaspace: 6299K(6464K)->6299K(6464K) NonClass: 5765K(5824K)->5765K(5824K) Class: 533K(640K)->533K(640K)
[3.786s][info][gc             ] GC(87) Pause Young (Allocation Failure) 608M->608M(677M) 28.176ms
[3.786s][info][gc,cpu         ] GC(87) User=0.14s Sys=0.00s Real=0.03s
[3.801s][info][gc,start       ] GC(88) Pause Young (Allocation Failure)
[3.834s][info][gc,heap        ] GC(88) PSYoungGen: 68096K(68096K)->38944K(77312K) Eden: 11776K(11776K)->0K(13312K) From: 56320K(56320K)->38944K(64000K)
[3.834s][info][gc,heap        ] GC(88) ParOldGen: 566826K(625664K)->596378K(625664K)
[3.834s][info][gc,metaspace   ] GC(88) Metaspace: 6299K(6464K)->6299K(6464K) NonClass: 5765K(5824K)->5765K(5824K) Class: 533K(640K)->533K(640K)
[3.835s][info][gc             ] GC(88) Pause Young (Allocation Failure) 620M->620M(686M) 33.684ms
[3.835s][info][gc,cpu         ] GC(88) User=0.14s Sys=0.00s Real=0.03s
[3.851s][info][gc,start       ] GC(89) Pause Young (Allocation Failure)
[3.878s][info][gc,heap        ] GC(89) PSYoungGen: 52256K(77312K)->25184K(77824K) Eden: 13312K(13312K)->0K(13312K) From: 38944K(64000K)->25184K(64512K)
[3.878s][info][gc,heap        ] GC(89) ParOldGen: 596378K(625664K)->623810K(625664K)
[3.878s][info][gc,metaspace   ] GC(89) Metaspace: 6299K(6464K)->6299K(6464K) NonClass: 5765K(5824K)->5765K(5824K) Class: 533K(640K)->533K(640K)
[3.878s][info][gc             ] GC(89) Pause Young (Allocation Failure) 633M->633M(687M) 27.273ms
[3.878s][info][gc,cpu         ] GC(89) User=0.14s Sys=0.00s Real=0.03s
[3.878s][info][gc,start       ] GC(90) Pause Full (Ergonomics)
[3.878s][info][gc,phases,start] GC(90) Marking Phase
[4.023s][info][gc,phases      ] GC(90) Marking Phase 144.293ms
[4.023s][info][gc,phases,start] GC(90) Summary Phase
[4.023s][info][gc,phases      ] GC(90) Summary Phase 0.022ms
[4.023s][info][gc,phases,start] GC(90) Adjust Roots
[4.023s][info][gc,phases      ] GC(90) Adjust Roots 0.155ms
[4.023s][info][gc,phases,start] GC(90) Compaction Phase
[4.081s][info][gc,phases      ] GC(90) Compaction Phase 58.227ms
[4.081s][info][gc,phases,start] GC(90) Post Compact
[4.082s][info][gc,phases      ] GC(90) Post Compact 0.974ms
[4.082s][info][gc,heap        ] GC(90) PSYoungGen: 25184K(77824K)->22470K(77824K) Eden: 0K(13312K)->0K(13312K) From: 25184K(64512K)->22470K(64512K)
[4.082s][info][gc,heap        ] GC(90) ParOldGen: 623810K(625664K)->625394K(704000K)
[4.083s][info][gc,metaspace   ] GC(90) Metaspace: 6299K(6464K)->6299K(6464K) NonClass: 5765K(5824K)->5765K(5824K) Class: 533K(640K)->533K(640K)
[4.083s][info][gc             ] GC(90) Pause Full (Ergonomics) 633M->632M(763M) 204.205ms
[4.083s][info][gc,cpu         ] GC(90) User=1.42s Sys=0.00s Real=0.20s
[4.097s][info][gc,start       ] GC(91) Pause Young (Allocation Failure)
[4.140s][info][gc,heap        ] GC(91) PSYoungGen: 35782K(77824K)->13472K(76800K) Eden: 13312K(13312K)->0K(14848K) From: 22470K(64512K)->13472K(61952K)
[4.140s][info][gc,heap        ] GC(91) ParOldGen: 625394K(704000K)->648226K(704000K)
[4.140s][info][gc,metaspace   ] GC(91) Metaspace: 6299K(6464K)->6299K(6464K) NonClass: 5765K(5824K)->5765K(5824K) Class: 533K(640K)->533K(640K)
[4.140s][info][gc             ] GC(91) Pause Young (Allocation Failure) 645M->646M(762M) 43.055ms
[4.140s][info][gc,cpu         ] GC(91) User=0.25s Sys=0.00s Real=0.04s
[4.158s][info][gc,start       ] GC(92) Pause Young (Allocation Failure)
[4.175s][info][gc,heap        ] GC(92) PSYoungGen: 28320K(76800K)->14976K(77312K) Eden: 14848K(14848K)->0K(14848K) From: 13472K(61952K)->14976K(62464K)
[4.175s][info][gc,heap        ] GC(92) ParOldGen: 648226K(704000K)->661738K(704000K)
[4.175s][info][gc,metaspace   ] GC(92) Metaspace: 6299K(6464K)->6299K(6464K) NonClass: 5765K(5824K)->5765K(5824K) Class: 533K(640K)->533K(640K)
[4.175s][info][gc             ] GC(92) Pause Young (Allocation Failure) 660M->660M(763M) 16.849ms
[4.175s][info][gc,cpu         ] GC(92) User=0.02s Sys=0.00s Real=0.02s
[4.194s][info][gc,start       ] GC(93) Pause Young (Allocation Failure)
[4.211s][info][gc,heap        ] GC(93) PSYoungGen: 29824K(77312K)->14944K(76288K) Eden: 14848K(14848K)->0K(16384K) From: 14976K(62464K)->14944K(59904K)
[4.211s][info][gc,heap        ] GC(93) ParOldGen: 661738K(704000K)->676818K(704000K)
[4.211s][info][gc,metaspace   ] GC(93) Metaspace: 6299K(6464K)->6299K(6464K) NonClass: 5765K(5824K)->5765K(5824K) Class: 533K(640K)->533K(640K)
[4.211s][info][gc             ] GC(93) Pause Young (Allocation Failure) 675M->675M(762M) 17.766ms
[4.211s][info][gc,cpu         ] GC(93) User=0.02s Sys=0.00s Real=0.02s
[4.212s][info][gc,start       ] GC(94) Pause Full (Ergonomics)
[4.212s][info][gc,phases,start] GC(94) Marking Phase
[4.352s][info][gc,phases      ] GC(94) Marking Phase 140.069ms
[4.352s][info][gc,phases,start] GC(94) Summary Phase
[4.352s][info][gc,phases      ] GC(94) Summary Phase 0.042ms
[4.352s][info][gc,phases,start] GC(94) Adjust Roots
[4.352s][info][gc,phases      ] GC(94) Adjust Roots 0.218ms
[4.352s][info][gc,phases,start] GC(94) Compaction Phase
[4.408s][info][gc,phases      ] GC(94) Compaction Phase 55.546ms
[4.408s][info][gc,phases,start] GC(94) Post Compact
[4.409s][info][gc,phases      ] GC(94) Post Compact 1.041ms
[4.409s][info][gc,heap        ] GC(94) PSYoungGen: 14944K(76288K)->0K(77312K) Eden: 0K(16384K)->0K(16384K) From: 14944K(59904K)->0K(60928K)
[4.409s][info][gc,heap        ] GC(94) ParOldGen: 676818K(704000K)->690773K(774144K)
[4.409s][info][gc,metaspace   ] GC(94) Metaspace: 6299K(6464K)->6299K(6464K) NonClass: 5765K(5824K)->5765K(5824K) Class: 533K(640K)->533K(640K)
[4.409s][info][gc             ] GC(94) Pause Full (Ergonomics) 675M->674M(831M) 197.457ms
[4.409s][info][gc,cpu         ] GC(94) User=1.39s Sys=0.00s Real=0.20s
[4.567s][info][gc,start       ] GC(95) Pause Young (Allocation Failure)
[4.593s][info][gc,heap        ] GC(95) PSYoungGen: 16384K(77312K)->16480K(75264K) Eden: 16384K(16384K)->0K(17920K) From: 0K(60928K)->16480K(57344K)
[4.593s][info][gc,heap        ] GC(95) ParOldGen: 723541K(774144K)->723541K(774144K)
[4.593s][info][gc,metaspace   ] GC(95) Metaspace: 6299K(6464K)->6299K(6464K) NonClass: 5765K(5824K)->5765K(5824K) Class: 533K(640K)->533K(640K)
[4.593s][info][gc             ] GC(95) Pause Young (Allocation Failure) 722M->722M(829M) 26.476ms
[4.593s][info][gc,cpu         ] GC(95) User=0.12s Sys=0.00s Real=0.03s
[4.612s][info][gc,start       ] GC(96) Pause Young (Allocation Failure)
[4.631s][info][gc,heap        ] GC(96) PSYoungGen: 34400K(75264K)->34432K(77312K) Eden: 17920K(17920K)->0K(17920K) From: 16480K(57344K)->34432K(59392K)
[4.631s][info][gc,heap        ] GC(96) ParOldGen: 723541K(774144K)->723541K(774144K)
[4.631s][info][gc,metaspace   ] GC(96) Metaspace: 6299K(6464K)->6299K(6464K) NonClass: 5765K(5824K)->5765K(5824K) Class: 533K(640K)->533K(640K)
[4.631s][info][gc             ] GC(96) Pause Young (Allocation Failure) 740M->740M(831M) 19.016ms
[4.631s][info][gc,cpu         ] GC(96) User=0.03s Sys=0.00s Real=0.02s
[4.650s][info][gc,start       ] GC(97) Pause Young (Allocation Failure)
[4.675s][info][gc,heap        ] GC(97) PSYoungGen: 52352K(77312K)->52352K(72192K) Eden: 17920K(17920K)->0K(13312K) From: 34432K(59392K)->52352K(58880K)
[4.675s][info][gc,heap        ] GC(97) ParOldGen: 723541K(774144K)->723541K(774144K)
[4.675s][info][gc,metaspace   ] GC(97) Metaspace: 6299K(6464K)->6299K(6464K) NonClass: 5765K(5824K)->5765K(5824K) Class: 533K(640K)->533K(640K)
[4.675s][info][gc             ] GC(97) Pause Young (Allocation Failure) 757M->757M(826M) 25.655ms
[4.675s][info][gc,cpu         ] GC(97) User=0.05s Sys=0.02s Real=0.03s
[4.689s][info][gc,start       ] GC(98) Pause Young (Allocation Failure)
[4.719s][info][gc,heap        ] GC(98) PSYoungGen: 65664K(72192K)->65536K(78848K) Eden: 13312K(13312K)->0K(13312K) From: 52352K(58880K)->65536K(65536K)
[4.719s][info][gc,heap        ] GC(98) ParOldGen: 723541K(774144K)->723605K(774144K)
[4.719s][info][gc,metaspace   ] GC(98) Metaspace: 6299K(6464K)->6299K(6464K) NonClass: 5765K(5824K)->5765K(5824K) Class: 533K(640K)->533K(640K)
[4.719s][info][gc             ] GC(98) Pause Young (Allocation Failure) 770M->770M(833M) 29.756ms
[4.719s][info][gc,cpu         ] GC(98) User=0.12s Sys=0.00s Real=0.03s
[4.733s][info][gc,start       ] GC(99) Pause Young (Allocation Failure)
[4.769s][info][gc,heap        ] GC(99) PSYoungGen: 78848K(78848K)->44736K(90624K) Eden: 13312K(13312K)->0K(15360K) From: 65536K(65536K)->44736K(75264K)
[4.770s][info][gc,heap        ] GC(99) ParOldGen: 723605K(774144K)->758333K(774144K)
[4.770s][info][gc,metaspace   ] GC(99) Metaspace: 6299K(6464K)->6299K(6464K) NonClass: 5765K(5824K)->5765K(5824K) Class: 533K(640K)->533K(640K)
[4.770s][info][gc             ] GC(99) Pause Young (Allocation Failure) 783M->784M(844M) 36.645ms
[4.770s][info][gc,cpu         ] GC(99) User=0.25s Sys=0.02s Real=0.04s
[4.770s][info][gc,start       ] GC(100) Pause Full (Ergonomics)
[4.770s][info][gc,phases,start] GC(100) Marking Phase
[4.937s][info][gc,phases      ] GC(100) Marking Phase 167.264ms
[4.937s][info][gc,phases,start] GC(100) Summary Phase
[4.937s][info][gc,phases      ] GC(100) Summary Phase 0.022ms
[4.937s][info][gc,phases,start] GC(100) Adjust Roots
[4.937s][info][gc,phases      ] GC(100) Adjust Roots 0.162ms
[4.937s][info][gc,phases,start] GC(100) Compaction Phase
[5.066s][info][gc,phases      ] GC(100) Compaction Phase 128.793ms
[5.066s][info][gc,phases,start] GC(100) Post Compact
[5.068s][info][gc,phases      ] GC(100) Post Compact 1.757ms
[5.068s][info][gc,heap        ] GC(100) PSYoungGen: 44736K(90624K)->11753K(90624K) Eden: 0K(15360K)->0K(15360K) From: 44736K(75264K)->11753K(75264K)
[5.069s][info][gc,heap        ] GC(100) ParOldGen: 758333K(774144K)->774096K(867328K)
[5.069s][info][gc,metaspace   ] GC(100) Metaspace: 6299K(6464K)->6299K(6464K) NonClass: 5765K(5824K)->5765K(5824K) Class: 533K(640K)->533K(640K)
[5.069s][info][gc             ] GC(100) Pause Full (Ergonomics) 784M->767M(935M) 298.908ms
[5.069s][info][gc,cpu         ] GC(100) User=2.05s Sys=0.05s Real=0.30s
[5.088s][info][gc,start       ] GC(101) Pause Young (Allocation Failure)
[5.133s][info][gc,heap        ] GC(101) PSYoungGen: 27113K(90624K)->21856K(37376K) Eden: 15360K(15360K)->0K(15360K) From: 11753K(75264K)->21856K(22016K)
[5.133s][info][gc,heap        ] GC(101) ParOldGen: 774096K(867328K)->779592K(867328K)
[5.133s][info][gc,metaspace   ] GC(101) Metaspace: 6299K(6464K)->6299K(6464K) NonClass: 5765K(5824K)->5765K(5824K) Class: 533K(640K)->533K(640K)
[5.133s][info][gc             ] GC(101) Pause Young (Allocation Failure) 782M->782M(883M) 44.850ms
[5.133s][info][gc,cpu         ] GC(101) User=0.27s Sys=0.00s Real=0.04s
[5.149s][info][gc,start       ] GC(102) Pause Young (Allocation Failure)
[5.169s][info][gc,heap        ] GC(102) PSYoungGen: 37216K(37376K)->37248K(84992K) Eden: 15360K(15360K)->0K(16896K) From: 21856K(22016K)->37248K(68096K)
[5.169s][info][gc,heap        ] GC(102) ParOldGen: 779592K(867328K)->779592K(867328K)
[5.169s][info][gc,metaspace   ] GC(102) Metaspace: 6299K(6464K)->6299K(6464K) NonClass: 5765K(5824K)->5765K(5824K) Class: 533K(640K)->533K(640K)
[5.169s][info][gc             ] GC(102) Pause Young (Allocation Failure) 797M->797M(930M) 20.394ms
[5.169s][info][gc,cpu         ] GC(102) User=0.03s Sys=0.00s Real=0.02s
[5.187s][info][gc,start       ] GC(103) Pause Young (Allocation Failure)
[5.213s][info][gc,heap        ] GC(103) PSYoungGen: 54144K(84992K)->51488K(87552K) Eden: 16896K(16896K)->0K(16896K) From: 37248K(68096K)->51488K(70656K)
[5.213s][info][gc,heap        ] GC(103) ParOldGen: 779592K(867328K)->782312K(867328K)
[5.213s][info][gc,metaspace   ] GC(103) Metaspace: 6299K(6464K)->6299K(6464K) NonClass: 5765K(5824K)->5765K(5824K) Class: 533K(640K)->533K(640K)
[5.213s][info][gc             ] GC(103) Pause Young (Allocation Failure) 814M->814M(932M) 26.254ms
[5.213s][info][gc,cpu         ] GC(103) User=0.14s Sys=0.00s Real=0.03s
[5.231s][info][gc,start       ] GC(104) Pause Young (Allocation Failure)
[5.264s][info][gc,heap        ] GC(104) PSYoungGen: 68384K(87552K)->64672K(85504K) Eden: 16896K(16896K)->0K(11776K) From: 51488K(70656K)->64672K(73728K)
[5.264s][info][gc,heap        ] GC(104) ParOldGen: 782312K(867328K)->786072K(867328K)
[5.264s][info][gc,metaspace   ] GC(104) Metaspace: 6299K(6464K)->6299K(6464K) NonClass: 5765K(5824K)->5765K(5824K) Class: 533K(640K)->533K(640K)
[5.264s][info][gc             ] GC(104) Pause Young (Allocation Failure) 830M->830M(930M) 32.505ms
[5.264s][info][gc,cpu         ] GC(104) User=0.14s Sys=0.00s Real=0.03s
[5.277s][info][gc,start       ] GC(105) Pause Young (Allocation Failure)
[5.312s][info][gc,heap        ] GC(105) PSYoungGen: 76448K(85504K)->61088K(92672K) Eden: 11776K(11776K)->0K(11776K) From: 64672K(73728K)->61088K(80896K)
[5.312s][info][gc,heap        ] GC(105) ParOldGen: 786072K(867328K)->801648K(867328K)
[5.313s][info][gc,metaspace   ] GC(105) Metaspace: 6299K(6464K)->6299K(6464K) NonClass: 5765K(5824K)->5765K(5824K) Class: 533K(640K)->533K(640K)
[5.313s][info][gc             ] GC(105) Pause Young (Allocation Failure) 842M->842M(937M) 35.463ms
[5.313s][info][gc,cpu         ] GC(105) User=0.25s Sys=0.00s Real=0.04s
[5.326s][info][gc,start       ] GC(106) Pause Young (Allocation Failure)
[5.360s][info][gc,heap        ] GC(106) PSYoungGen: 72864K(92672K)->40576K(91136K) Eden: 11776K(11776K)->0K(13824K) From: 61088K(80896K)->40576K(77312K)
[5.360s][info][gc,heap        ] GC(106) ParOldGen: 801648K(867328K)->834320K(867328K)
[5.360s][info][gc,metaspace   ] GC(106) Metaspace: 6299K(6464K)->6299K(6464K) NonClass: 5765K(5824K)->5765K(5824K) Class: 533K(640K)->533K(640K)
[5.360s][info][gc             ] GC(106) Pause Young (Allocation Failure) 854M->854M(936M) 34.408ms
[5.360s][info][gc,cpu         ] GC(106) User=0.22s Sys=0.03s Real=0.03s
[5.360s][info][gc,start       ] GC(107) Pause Full (Ergonomics)
[5.360s][info][gc,phases,start] GC(107) Marking Phase
[5.547s][info][gc,phases      ] GC(107) Marking Phase 187.155ms
[5.547s][info][gc,phases,start] GC(107) Summary Phase
[5.547s][info][gc,phases      ] GC(107) Summary Phase 0.030ms
[5.547s][info][gc,phases,start] GC(107) Adjust Roots
[5.548s][info][gc,phases      ] GC(107) Adjust Roots 0.194ms
[5.548s][info][gc,phases,start] GC(107) Compaction Phase
[5.633s][info][gc,phases      ] GC(107) Compaction Phase 85.056ms
[5.633s][info][gc,phases,start] GC(107) Post Compact
[5.634s][info][gc,phases      ] GC(107) Post Compact 1.560ms
[5.635s][info][gc,heap        ] GC(107) PSYoungGen: 40576K(91136K)->6633K(93184K) Eden: 0K(13824K)->0K(15872K) From: 40576K(77312K)->6633K(77312K)
[5.635s][info][gc,heap        ] GC(107) ParOldGen: 834320K(867328K)->867097K(968192K)
[5.635s][info][gc,metaspace   ] GC(107) Metaspace: 6299K(6464K)->6299K(6464K) NonClass: 5765K(5824K)->5765K(5824K) Class: 533K(640K)->533K(640K)
[5.635s][info][gc             ] GC(107) Pause Full (Ergonomics) 854M->853M(1036M) 274.686ms
[5.635s][info][gc,cpu         ] GC(107) User=1.84s Sys=0.05s Real=0.27s
[5.652s][info][gc,start       ] GC(108) Pause Young (Allocation Failure)
[5.699s][info][gc,heap        ] GC(108) PSYoungGen: 22505K(93184K)->18240K(96768K) Eden: 15872K(15872K)->0K(15872K) From: 6633K(77312K)->18240K(80896K)
[5.699s][info][gc,heap        ] GC(108) ParOldGen: 867097K(968192K)->871561K(968192K)
[5.699s][info][gc,metaspace   ] GC(108) Metaspace: 6299K(6464K)->6299K(6464K) NonClass: 5765K(5824K)->5765K(5824K) Class: 533K(640K)->533K(640K)
[5.699s][info][gc             ] GC(108) Pause Young (Allocation Failure) 868M->868M(1040M) 46.651ms
[5.699s][info][gc,cpu         ] GC(108) User=0.27s Sys=0.00s Real=0.05s
[5.716s][info][gc,start       ] GC(109) Pause Young (Allocation Failure)
[5.736s][info][gc,heap        ] GC(109) PSYoungGen: 34112K(96768K)->31872K(92160K) Eden: 15872K(15872K)->0K(17920K) From: 18240K(80896K)->31872K(74240K)
[5.736s][info][gc,heap        ] GC(109) ParOldGen: 871561K(968192K)->873865K(968192K)
[5.736s][info][gc,metaspace   ] GC(109) Metaspace: 6299K(6464K)->6299K(6464K) NonClass: 5765K(5824K)->5765K(5824K) Class: 533K(640K)->533K(640K)
[5.736s][info][gc             ] GC(109) Pause Young (Allocation Failure) 884M->884M(1035M) 19.634ms
[5.736s][info][gc,cpu         ] GC(109) User=0.03s Sys=0.00s Real=0.02s
[5.756s][info][gc,start       ] GC(110) Pause Young (Allocation Failure)
[5.782s][info][gc,heap        ] GC(110) PSYoungGen: 49792K(92160K)->33920K(52224K) Eden: 17920K(17920K)->0K(17920K) From: 31872K(74240K)->33920K(34304K)
[5.782s][info][gc,heap        ] GC(110) ParOldGen: 873865K(968192K)->889961K(968192K)
[5.782s][info][gc,metaspace   ] GC(110) Metaspace: 6299K(6464K)->6299K(6464K) NonClass: 5765K(5824K)->5765K(5824K) Class: 533K(640K)->533K(640K)
[5.782s][info][gc             ] GC(110) Pause Young (Allocation Failure) 902M->902M(996M) 25.966ms
[5.782s][info][gc,cpu         ] GC(110) User=0.12s Sys=0.00s Real=0.03s
[5.801s][info][gc,start       ] GC(111) Pause Young (Allocation Failure)
[5.828s][info][gc,heap        ] GC(111) PSYoungGen: 51840K(52224K)->35968K(87040K) Eden: 17920K(17920K)->0K(19968K) From: 33920K(34304K)->35968K(67072K)
[5.828s][info][gc,heap        ] GC(111) ParOldGen: 889961K(968192K)->906041K(968192K)
[5.828s][info][gc,metaspace   ] GC(111) Metaspace: 6299K(6464K)->6299K(6464K) NonClass: 5765K(5824K)->5765K(5824K) Class: 533K(640K)->533K(640K)
[5.828s][info][gc             ] GC(111) Pause Young (Allocation Failure) 919M->919M(1030M) 26.761ms
[5.828s][info][gc,cpu         ] GC(111) User=0.12s Sys=0.00s Real=0.03s
[5.850s][info][gc,start       ] GC(112) Pause Young (Allocation Failure)
[5.879s][info][gc,heap        ] GC(112) PSYoungGen: 55936K(87040K)->38048K(58368K) Eden: 19968K(19968K)->0K(19968K) From: 35968K(67072K)->38048K(38400K)
[5.879s][info][gc,heap        ] GC(112) ParOldGen: 906041K(968192K)->924217K(968192K)
[5.879s][info][gc,metaspace   ] GC(112) Metaspace: 6299K(6464K)->6299K(6464K) NonClass: 5765K(5824K)->5765K(5824K) Class: 533K(640K)->533K(640K)
[5.879s][info][gc             ] GC(112) Pause Young (Allocation Failure) 939M->939M(1002M) 28.793ms
[5.879s][info][gc,cpu         ] GC(112) User=0.14s Sys=0.00s Real=0.03s
[5.900s][info][gc,start       ] GC(113) Pause Young (Allocation Failure)
[5.931s][info][gc,heap        ] GC(113) PSYoungGen: 58016K(58368K)->40064K(86016K) Eden: 19968K(19968K)->0K(22528K) From: 38048K(38400K)->40064K(63488K)
[5.931s][info][gc,heap        ] GC(113) ParOldGen: 924217K(968192K)->942385K(968192K)
[5.931s][info][gc,metaspace   ] GC(113) Metaspace: 6299K(6464K)->6299K(6464K) NonClass: 5765K(5824K)->5765K(5824K) Class: 533K(640K)->533K(640K)
[5.931s][info][gc             ] GC(113) Pause Young (Allocation Failure) 959M->959M(1029M) 30.124ms
[5.931s][info][gc,cpu         ] GC(113) User=0.14s Sys=0.00s Real=0.03s
[5.931s][info][gc,start       ] GC(114) Pause Full (Ergonomics)
[5.931s][info][gc,phases,start] GC(114) Marking Phase
[6.150s][info][gc,phases      ] GC(114) Marking Phase 219.079ms
[6.150s][info][gc,phases,start] GC(114) Summary Phase
[6.150s][info][gc,phases      ] GC(114) Summary Phase 0.034ms
[6.150s][info][gc,phases,start] GC(114) Adjust Roots
[6.150s][info][gc,phases      ] GC(114) Adjust Roots 0.166ms
[6.150s][info][gc,phases,start] GC(114) Compaction Phase
[6.244s][info][gc,phases      ] GC(114) Compaction Phase 93.834ms
[6.244s][info][gc,phases,start] GC(114) Post Compact
[6.246s][info][gc,phases      ] GC(114) Post Compact 1.584ms
[6.246s][info][gc,heap        ] GC(114) PSYoungGen: 40064K(86016K)->13299K(88064K) Eden: 0K(22528K)->0K(24576K) From: 40064K(63488K)->13299K(63488K)
[6.246s][info][gc,heap        ] GC(114) ParOldGen: 942385K(968192K)->967762K(1072640K)
[6.246s][info][gc,metaspace   ] GC(114) Metaspace: 6299K(6464K)->6299K(6464K) NonClass: 5765K(5824K)->5765K(5824K) Class: 533K(640K)->533K(640K)
[6.246s][info][gc             ] GC(114) Pause Full (Ergonomics) 959M->958M(1133M) 315.397ms
[6.246s][info][gc,cpu         ] GC(114) User=2.19s Sys=0.00s Real=0.32s
[6.277s][info][gc,start       ] GC(115) Pause Young (Allocation Failure)
[6.335s][info][gc,heap        ] GC(115) PSYoungGen: 37875K(88064K)->24736K(90112K) Eden: 24576K(24576K)->0K(24576K) From: 13299K(63488K)->24736K(65536K)
[6.335s][info][gc,heap        ] GC(115) ParOldGen: 967762K(1072640K)->981266K(1072640K)
[6.335s][info][gc,metaspace   ] GC(115) Metaspace: 6299K(6464K)->6299K(6464K) NonClass: 5765K(5824K)->5765K(5824K) Class: 533K(640K)->533K(640K)
[6.335s][info][gc             ] GC(115) Pause Young (Allocation Failure) 982M->982M(1135M) 58.334ms
[6.335s][info][gc,cpu         ] GC(115) User=0.36s Sys=0.00s Real=0.06s
[6.363s][info][gc,start       ] GC(116) Pause Young (Allocation Failure)
[6.389s][info][gc,heap        ] GC(116) PSYoungGen: 49312K(90112K)->49312K(90112K) Eden: 24576K(24576K)->0K(25088K) From: 24736K(65536K)->49312K(65024K)
[6.389s][info][gc,heap        ] GC(116) ParOldGen: 981266K(1072640K)->981266K(1072640K)
[6.389s][info][gc,metaspace   ] GC(116) Metaspace: 6299K(6464K)->6299K(6464K) NonClass: 5765K(5824K)->5765K(5824K) Class: 533K(640K)->533K(640K)
[6.389s][info][gc             ] GC(116) Pause Young (Allocation Failure) 1006M->1006M(1135M) 26.370ms
[6.389s][info][gc,cpu         ] GC(116) User=0.12s Sys=0.00s Real=0.03s
[6.416s][info][gc,start       ] GC(117) Pause Young (Allocation Failure)
[6.454s][info][gc,heap        ] GC(117) PSYoungGen: 74400K(90112K)->49856K(92160K) Eden: 25088K(25088K)->0K(25088K) From: 49312K(65024K)->49856K(67072K)
[6.454s][info][gc,heap        ] GC(117) ParOldGen: 981266K(1072640K)->1006186K(1072640K)
[6.454s][info][gc,metaspace   ] GC(117) Metaspace: 6299K(6464K)->6299K(6464K) NonClass: 5765K(5824K)->5765K(5824K) Class: 533K(640K)->533K(640K)
[6.454s][info][gc             ] GC(117) Pause Young (Allocation Failure) 1030M->1031M(1137M) 37.311ms
[6.454s][info][gc,cpu         ] GC(117) User=0.23s Sys=0.02s Real=0.04s
[6.482s][info][gc,start       ] GC(118) Pause Young (Allocation Failure)
[6.520s][info][gc,heap        ] GC(118) PSYoungGen: 74944K(92160K)->50368K(94720K) Eden: 25088K(25088K)->0K(26112K) From: 49856K(67072K)->50368K(68608K)
[6.520s][info][gc,heap        ] GC(118) ParOldGen: 1006186K(1072640K)->1031106K(1072640K)
[6.520s][info][gc,metaspace   ] GC(118) Metaspace: 6299K(6464K)->6299K(6464K) NonClass: 5765K(5824K)->5765K(5824K) Class: 533K(640K)->533K(640K)
[6.520s][info][gc             ] GC(118) Pause Young (Allocation Failure) 1055M->1056M(1140M) 38.331ms
[6.520s][info][gc,cpu         ] GC(118) User=0.23s Sys=0.02s Real=0.04s
[6.549s][info][gc,start       ] GC(119) Pause Young (Allocation Failure)
[6.588s][info][gc,heap        ] GC(119) PSYoungGen: 76480K(94720K)->51360K(96256K) Eden: 26112K(26112K)->0K(26112K) From: 50368K(68608K)->51360K(70144K)
[6.589s][info][gc,heap        ] GC(119) ParOldGen: 1031106K(1072640K)->1056546K(1072640K)
[6.589s][info][gc,metaspace   ] GC(119) Metaspace: 6299K(6464K)->6299K(6464K) NonClass: 5765K(5824K)->5765K(5824K) Class: 533K(640K)->533K(640K)
[6.589s][info][gc             ] GC(119) Pause Young (Allocation Failure) 1081M->1081M(1141M) 39.194ms
[6.589s][info][gc,cpu         ] GC(119) User=0.25s Sys=0.00s Real=0.04s
[6.589s][info][gc,start       ] GC(120) Pause Full (Ergonomics)
[6.589s][info][gc,phases,start] GC(120) Marking Phase
[6.840s][info][gc,phases      ] GC(120) Marking Phase 251.723ms
[6.840s][info][gc,phases,start] GC(120) Summary Phase
[6.840s][info][gc,phases      ] GC(120) Summary Phase 0.025ms
[6.840s][info][gc,phases,start] GC(120) Adjust Roots
[6.841s][info][gc,phases      ] GC(120) Adjust Roots 0.150ms
[6.841s][info][gc,phases,start] GC(120) Compaction Phase
[6.943s][info][gc,phases      ] GC(120) Compaction Phase 102.730ms
[6.943s][info][gc,phases,start] GC(120) Post Compact
[6.945s][info][gc,phases      ] GC(120) Post Compact 1.851ms
[6.946s][info][gc,heap        ] GC(120) PSYoungGen: 51360K(96256K)->33760K(96256K) Eden: 0K(26112K)->0K(26112K) From: 51360K(70144K)->33760K(70144K)
[6.946s][info][gc,heap        ] GC(120) ParOldGen: 1056546K(1072640K)->1072578K(1189376K)
[6.946s][info][gc,metaspace   ] GC(120) Metaspace: 6299K(6464K)->6299K(6464K) NonClass: 5765K(5824K)->5765K(5824K) Class: 533K(640K)->533K(640K)
[6.946s][info][gc             ] GC(120) Pause Full (Ergonomics) 1081M->1080M(1255M) 357.169ms
[6.946s][info][gc,cpu         ] GC(120) User=2.55s Sys=0.00s Real=0.36s
[6.975s][info][gc,start       ] GC(121) Pause Young (Allocation Failure)
[7.052s][info][gc,heap        ] GC(121) PSYoungGen: 59872K(96256K)->43232K(96256K) Eden: 26112K(26112K)->0K(29184K) From: 33760K(70144K)->43232K(67072K)
[7.052s][info][gc,heap        ] GC(121) ParOldGen: 1072578K(1189376K)->1089698K(1189376K)
[7.052s][info][gc,metaspace   ] GC(121) Metaspace: 6299K(6464K)->6299K(6464K) NonClass: 5765K(5824K)->5765K(5824K) Class: 533K(640K)->533K(640K)
[7.052s][info][gc             ] GC(121) Pause Young (Allocation Failure) 1105M->1106M(1255M) 77.106ms
[7.052s][info][gc,cpu         ] GC(121) User=0.52s Sys=0.00s Real=0.08s
[7.086s][info][gc,start       ] GC(122) Pause Young (Allocation Failure)
[7.124s][info][gc,heap        ] GC(122) PSYoungGen: 72416K(96256K)->69120K(98304K) Eden: 29184K(29184K)->0K(29184K) From: 43232K(67072K)->69120K(69120K)
[7.124s][info][gc,heap        ] GC(122) ParOldGen: 1089698K(1189376K)->1092930K(1189376K)
[7.124s][info][gc,metaspace   ] GC(122) Metaspace: 6299K(6464K)->6299K(6464K) NonClass: 5765K(5824K)->5765K(5824K) Class: 533K(640K)->533K(640K)
[7.124s][info][gc             ] GC(122) Pause Young (Allocation Failure) 1134M->1134M(1257M) 37.406ms
[7.124s][info][gc,cpu         ] GC(122) User=0.25s Sys=0.00s Real=0.04s
[7.159s][info][gc,start       ] GC(123) Pause Young (Allocation Failure)
[7.216s][info][gc,heap        ] GC(123) PSYoungGen: 98304K(98304K)->57280K(108544K) Eden: 29184K(29184K)->0K(30720K) From: 69120K(69120K)->57280K(77824K)
[7.216s][info][gc,heap        ] GC(123) ParOldGen: 1092930K(1189376K)->1134618K(1189376K)
[7.216s][info][gc,metaspace   ] GC(123) Metaspace: 6299K(6464K)->6299K(6464K) NonClass: 5765K(5824K)->5765K(5824K) Class: 533K(640K)->533K(640K)
[7.216s][info][gc             ] GC(123) Pause Young (Allocation Failure) 1163M->1163M(1267M) 56.307ms
[7.216s][info][gc,cpu         ] GC(123) User=0.34s Sys=0.03s Real=0.06s
[7.254s][info][gc,start       ] GC(124) Pause Young (Allocation Failure)
[7.301s][info][gc,heap        ] GC(124) PSYoungGen: 88000K(108544K)->60128K(110080K) Eden: 30720K(30720K)->0K(30720K) From: 57280K(77824K)->60128K(79360K)
[7.301s][info][gc,heap        ] GC(124) ParOldGen: 1134618K(1189376K)->1162906K(1189376K)
[7.301s][info][gc,metaspace   ] GC(124) Metaspace: 6299K(6464K)->6299K(6464K) NonClass: 5765K(5824K)->5765K(5824K) Class: 533K(640K)->533K(640K)
[7.301s][info][gc             ] GC(124) Pause Young (Allocation Failure) 1193M->1194M(1269M) 47.329ms
[7.301s][info][gc,cpu         ] GC(124) User=0.27s Sys=0.00s Real=0.05s
[7.301s][info][gc,start       ] GC(125) Pause Full (Ergonomics)
[7.301s][info][gc,phases,start] GC(125) Marking Phase
[7.587s][info][gc,phases      ] GC(125) Marking Phase 285.785ms
[7.587s][info][gc,phases,start] GC(125) Summary Phase
[7.587s][info][gc,phases      ] GC(125) Summary Phase 0.027ms
[7.587s][info][gc,phases,start] GC(125) Adjust Roots
[7.587s][info][gc,phases      ] GC(125) Adjust Roots 0.184ms
[7.587s][info][gc,phases,start] GC(125) Compaction Phase
[7.693s][info][gc,phases      ] GC(125) Compaction Phase 105.524ms
[7.693s][info][gc,phases,start] GC(125) Post Compact
[7.695s][info][gc,phases      ] GC(125) Post Compact 2.066ms
[7.696s][info][gc,heap        ] GC(125) PSYoungGen: 60128K(110080K)->32243K(110080K) Eden: 0K(30720K)->0K(30720K) From: 60128K(79360K)->32243K(79360K)
[7.696s][info][gc,heap        ] GC(125) ParOldGen: 1162906K(1189376K)->1189166K(1321472K)
[7.696s][info][gc,metaspace   ] GC(125) Metaspace: 6299K(6464K)->6299K(6464K) NonClass: 5765K(5824K)->5765K(5824K) Class: 533K(640K)->533K(640K)
[7.696s][info][gc             ] GC(125) Pause Full (Ergonomics) 1194M->1192M(1398M) 394.364ms
[7.696s][info][gc,cpu         ] GC(125) User=2.73s Sys=0.03s Real=0.39s
[7.736s][info][gc,start       ] GC(126) Pause Young (Allocation Failure)
[7.819s][info][gc,heap        ] GC(126) PSYoungGen: 62963K(110080K)->47072K(107520K) Eden: 30720K(30720K)->0K(33792K) From: 32243K(79360K)->47072K(73728K)
[7.819s][info][gc,heap        ] GC(126) ParOldGen: 1189166K(1321472K)->1205502K(1321472K)
[7.819s][info][gc,metaspace   ] GC(126) Metaspace: 6299K(6464K)->6299K(6464K) NonClass: 5765K(5824K)->5765K(5824K) Class: 533K(640K)->533K(640K)
[7.819s][info][gc             ] GC(126) Pause Young (Allocation Failure) 1222M->1223M(1395M) 83.699ms
[7.819s][info][gc,cpu         ] GC(126) User=0.52s Sys=0.02s Real=0.08s
[7.859s][info][gc,start       ] GC(127) Pause Young (Allocation Failure)
[7.902s][info][gc,heap        ] GC(127) PSYoungGen: 80864K(107520K)->77824K(111616K) Eden: 33792K(33792K)->0K(33792K) From: 47072K(73728K)->77824K(77824K)
[7.902s][info][gc,heap        ] GC(127) ParOldGen: 1205502K(1321472K)->1208518K(1321472K)
[7.902s][info][gc,metaspace   ] GC(127) Metaspace: 6299K(6464K)->6299K(6464K) NonClass: 5765K(5824K)->5765K(5824K) Class: 533K(640K)->533K(640K)
[7.902s][info][gc             ] GC(127) Pause Young (Allocation Failure) 1256M->1256M(1399M) 42.515ms
[7.902s][info][gc,cpu         ] GC(127) User=0.27s Sys=0.00s Real=0.04s
[7.937s][info][gc,start       ] GC(128) Pause Young (Allocation Failure)
[7.995s][info][gc,heap        ] GC(128) PSYoungGen: 111616K(111616K)->57824K(122880K) Eden: 33792K(33792K)->0K(37376K) From: 77824K(77824K)->57824K(85504K)
[7.995s][info][gc,heap        ] GC(128) ParOldGen: 1208518K(1321472K)->1254062K(1321472K)
[7.995s][info][gc,metaspace   ] GC(128) Metaspace: 6299K(6464K)->6299K(6464K) NonClass: 5765K(5824K)->5765K(5824K) Class: 533K(640K)->533K(640K)
[7.995s][info][gc             ] GC(128) Pause Young (Allocation Failure) 1289M->1281M(1410M) 58.010ms
[7.995s][info][gc,cpu         ] GC(128) User=0.39s Sys=0.11s Real=0.06s
[8.031s][info][gc,start       ] GC(129) Pause Young (Allocation Failure)
[8.077s][info][gc,heap        ] GC(129) PSYoungGen: 95200K(122880K)->51392K(123904K) Eden: 37376K(37376K)->0K(37376K) From: 57824K(85504K)->51392K(86528K)
[8.077s][info][gc,heap        ] GC(129) ParOldGen: 1254062K(1321472K)->1287302K(1321472K)
[8.077s][info][gc,metaspace   ] GC(129) Metaspace: 6299K(6464K)->6299K(6464K) NonClass: 5765K(5824K)->5765K(5824K) Class: 533K(640K)->533K(640K)
[8.077s][info][gc             ] GC(129) Pause Young (Allocation Failure) 1317M->1307M(1411M) 45.836ms
[8.077s][info][gc,cpu         ] GC(129) User=0.31s Sys=0.06s Real=0.05s
[8.077s][info][gc,start       ] GC(130) Pause Full (Ergonomics)
[8.077s][info][gc,phases,start] GC(130) Marking Phase
[8.395s][info][gc,phases      ] GC(130) Marking Phase 317.670ms
[8.395s][info][gc,phases,start] GC(130) Summary Phase
[8.395s][info][gc,phases      ] GC(130) Summary Phase 0.039ms
[8.395s][info][gc,phases,start] GC(130) Adjust Roots
[8.395s][info][gc,phases      ] GC(130) Adjust Roots 0.284ms
[8.395s][info][gc,phases,start] GC(130) Compaction Phase
[8.751s][info][gc,phases      ] GC(130) Compaction Phase 355.691ms
[8.751s][info][gc,phases,start] GC(130) Post Compact
[8.754s][info][gc,phases      ] GC(130) Post Compact 2.824ms
[8.755s][info][gc,heap        ] GC(130) PSYoungGen: 51392K(123904K)->15878K(123904K) Eden: 0K(37376K)->0K(37376K) From: 51392K(86528K)->15878K(86528K)
[8.755s][info][gc,heap        ] GC(130) ParOldGen: 1287302K(1321472K)->1321112K(1470464K)
[8.755s][info][gc,metaspace   ] GC(130) Metaspace: 6299K(6464K)->6299K(6464K) NonClass: 5765K(5824K)->5765K(5824K) Class: 533K(640K)->533K(640K)
[8.755s][info][gc             ] GC(130) Pause Full (Ergonomics) 1307M->1305M(1557M) 677.412ms
[8.755s][info][gc,cpu         ] GC(130) User=3.92s Sys=0.05s Real=0.68s
[8.801s][info][gc,start       ] GC(131) Pause Young (Allocation Failure)
[8.891s][info][gc,heap        ] GC(131) PSYoungGen: 53254K(123904K)->44064K(119296K) Eden: 37376K(37376K)->0K(40960K) From: 15878K(86528K)->44064K(78336K)
[8.891s][info][gc,heap        ] GC(131) ParOldGen: 1321112K(1470464K)->1330640K(1470464K)
[8.891s][info][gc,metaspace   ] GC(131) Metaspace: 6299K(6464K)->6299K(6464K) NonClass: 5765K(5824K)->5765K(5824K) Class: 533K(640K)->533K(640K)
[8.891s][info][gc             ] GC(131) Pause Young (Allocation Failure) 1342M->1342M(1552M) 90.766ms
[8.891s][info][gc,cpu         ] GC(131) User=0.44s Sys=0.00s Real=0.09s
[9.177s][info][gc,start       ] GC(132) Pause Young (Allocation Failure)
[9.259s][info][gc,heap        ] GC(132) PSYoungGen: 85024K(119296K)->80896K(121856K) Eden: 40960K(40960K)->0K(40960K) From: 44064K(78336K)->80896K(80896K)
[9.259s][info][gc,heap        ] GC(132) ParOldGen: 1396176K(1470464K)->1400312K(1470464K)
[9.259s][info][gc,metaspace   ] GC(132) Metaspace: 6299K(6464K)->6299K(6464K) NonClass: 5765K(5824K)->5765K(5824K) Class: 533K(640K)->533K(640K)
[9.259s][info][gc             ] GC(132) Pause Young (Allocation Failure) 1446M->1446M(1555M) 81.946ms
[9.259s][info][gc,cpu         ] GC(132) User=0.38s Sys=0.00s Real=0.08s
[9.298s][info][gc,start       ] GC(133) Pause Young (Allocation Failure)
[9.375s][info][gc,heap        ] GC(133) PSYoungGen: 121856K(121856K)->80416K(129024K) Eden: 40960K(40960K)->0K(38400K) From: 80896K(80896K)->80416K(90624K)
[9.375s][info][gc,heap        ] GC(133) ParOldGen: 1400312K(1470464K)->1442456K(1470464K)
[9.375s][info][gc,metaspace   ] GC(133) Metaspace: 6299K(6464K)->6299K(6464K) NonClass: 5765K(5824K)->5765K(5824K) Class: 533K(640K)->533K(640K)
[9.375s][info][gc             ] GC(133) Pause Young (Allocation Failure) 1486M->1487M(1562M) 76.777ms
[9.375s][info][gc,cpu         ] GC(133) User=0.34s Sys=0.06s Real=0.08s
[9.375s][info][gc,start       ] GC(134) Pause Full (Ergonomics)
[9.375s][info][gc,phases,start] GC(134) Marking Phase
[9.733s][info][gc,phases      ] GC(134) Marking Phase 358.229ms
[9.733s][info][gc,phases,start] GC(134) Summary Phase
[9.733s][info][gc,phases      ] GC(134) Summary Phase 0.046ms
[9.733s][info][gc,phases,start] GC(134) Adjust Roots
[9.734s][info][gc,phases      ] GC(134) Adjust Roots 0.244ms
[9.734s][info][gc,phases,start] GC(134) Compaction Phase
[9.979s][info][gc,phases      ] GC(134) Compaction Phase 245.141ms
[9.979s][info][gc,phases,start] GC(134) Post Compact
[9.982s][info][gc,phases      ] GC(134) Post Compact 3.232ms
[9.983s][info][gc,heap        ] GC(134) PSYoungGen: 80416K(129024K)->18824K(129024K) Eden: 0K(38400K)->0K(38400K) From: 80416K(90624K)->18824K(90624K)
[9.983s][info][gc,heap        ] GC(134) ParOldGen: 1442456K(1470464K)->1470135K(1633792K)
[9.983s][info][gc,metaspace   ] GC(134) Metaspace: 6299K(6464K)->6299K(6464K) NonClass: 5765K(5824K)->5765K(5824K) Class: 533K(640K)->533K(640K)
[9.983s][info][gc             ] GC(134) Pause Full (Ergonomics) 1487M->1454M(1721M) 608.100ms
[9.983s][info][gc,cpu         ] GC(134) User=3.92s Sys=0.06s Real=0.61s
[10.019s][info][gc,start       ] GC(135) Pause Young (Allocation Failure)
[10.107s][info][gc,heap        ] GC(135) PSYoungGen: 57224K(129024K)->57472K(135168K) Eden: 38400K(38400K)->0K(38400K) From: 18824K(90624K)->57472K(96768K)
[10.107s][info][gc,heap        ] GC(135) ParOldGen: 1470135K(1633792K)->1470135K(1633792K)
[10.107s][info][gc,metaspace   ] GC(135) Metaspace: 6299K(6464K)->6299K(6464K) NonClass: 5765K(5824K)->5765K(5824K) Class: 533K(640K)->533K(640K)
[10.107s][info][gc             ] GC(135) Pause Young (Allocation Failure) 1491M->1491M(1727M) 88.698ms
[10.107s][info][gc,cpu         ] GC(135) User=0.52s Sys=0.00s Real=0.09s
[10.150s][info][gc,start       ] GC(136) Pause Young (Allocation Failure)
[10.200s][info][gc,heap        ] GC(136) PSYoungGen: 95872K(135168K)->93184K(124416K) Eden: 38400K(38400K)->0K(31232K) From: 57472K(96768K)->93184K(93184K)
[10.200s][info][gc,heap        ] GC(136) ParOldGen: 1470135K(1633792K)->1472799K(1633792K)
[10.200s][info][gc,metaspace   ] GC(136) Metaspace: 6299K(6464K)->6299K(6464K) NonClass: 5765K(5824K)->5765K(5824K) Class: 533K(640K)->533K(640K)
[10.200s][info][gc             ] GC(136) Pause Young (Allocation Failure) 1529M->1529M(1717M) 50.130ms
[10.200s][info][gc,cpu         ] GC(136) User=0.30s Sys=0.06s Real=0.05s
[10.232s][info][gc,start       ] GC(137) Pause Young (Allocation Failure)
[10.294s][info][gc,heap        ] GC(137) PSYoungGen: 124416K(124416K)->103936K(135168K) Eden: 31232K(31232K)->0K(31232K) From: 93184K(93184K)->103936K(103936K)
[10.294s][info][gc,heap        ] GC(137) ParOldGen: 1472799K(1633792K)->1493559K(1633792K)
[10.294s][info][gc,metaspace   ] GC(137) Metaspace: 6299K(6464K)->6299K(6464K) NonClass: 5765K(5824K)->5765K(5824K) Class: 533K(640K)->533K(640K)
[10.294s][info][gc             ] GC(137) Pause Young (Allocation Failure) 1559M->1560M(1727M) 61.747ms
[10.294s][info][gc,cpu         ] GC(137) User=0.39s Sys=0.00s Real=0.06s
[10.326s][info][gc,start       ] GC(138) Pause Young (Allocation Failure)
[10.398s][info][gc,heap        ] GC(138) PSYoungGen: 135168K(135168K)->61344K(148992K) Eden: 31232K(31232K)->0K(34816K) From: 103936K(103936K)->61344K(114176K)
[10.398s][info][gc,heap        ] GC(138) ParOldGen: 1493559K(1633792K)->1568383K(1633792K)
[10.398s][info][gc,metaspace   ] GC(138) Metaspace: 6299K(6464K)->6299K(6464K) NonClass: 5765K(5824K)->5765K(5824K) Class: 533K(640K)->533K(640K)
[10.398s][info][gc             ] GC(138) Pause Young (Allocation Failure) 1590M->1591M(1741M) 71.993ms
[10.398s][info][gc,cpu         ] GC(138) User=0.45s Sys=0.06s Real=0.07s
[10.398s][info][gc,start       ] GC(139) Pause Full (Ergonomics)
[10.398s][info][gc,phases,start] GC(139) Marking Phase
[10.754s][info][gc,phases      ] GC(139) Marking Phase 355.886ms
[10.754s][info][gc,phases,start] GC(139) Summary Phase
[10.754s][info][gc,phases      ] GC(139) Summary Phase 0.062ms
[10.754s][info][gc,phases,start] GC(139) Adjust Roots
[10.755s][info][gc,phases      ] GC(139) Adjust Roots 0.182ms
[10.755s][info][gc,phases,start] GC(139) Compaction Phase
[10.922s][info][gc,phases      ] GC(139) Compaction Phase 167.431ms
[10.922s][info][gc,phases,start] GC(139) Post Compact
[10.925s][info][gc,phases      ] GC(139) Post Compact 2.987ms
[10.926s][info][gc,heap        ] GC(139) PSYoungGen: 61344K(148992K)->0K(153600K) Eden: 0K(34816K)->0K(34816K) From: 61344K(114176K)->0K(118784K)
[10.926s][info][gc,heap        ] GC(139) ParOldGen: 1568383K(1633792K)->1628103K(1816064K)
[10.926s][info][gc,metaspace   ] GC(139) Metaspace: 6299K(6464K)->6299K(6464K) NonClass: 5765K(5824K)->5765K(5824K) Class: 533K(640K)->533K(640K)
[10.926s][info][gc             ] GC(139) Pause Full (Ergonomics) 1591M->1589M(1923M) 527.501ms
[10.926s][info][gc,cpu         ] GC(139) User=3.67s Sys=0.03s Real=0.53s
[10.963s][info][gc,start       ] GC(140) Pause Young (Allocation Failure)
[10.990s][info][gc,heap        ] GC(140) PSYoungGen: 34816K(153600K)->35008K(155648K) Eden: 34816K(34816K)->0K(37888K) From: 0K(118784K)->35008K(117760K)
[10.990s][info][gc,heap        ] GC(140) ParOldGen: 1628103K(1816064K)->1628103K(1816064K)
[10.990s][info][gc,metaspace   ] GC(140) Metaspace: 6299K(6464K)->6299K(6464K) NonClass: 5765K(5824K)->5765K(5824K) Class: 533K(640K)->533K(640K)
[10.990s][info][gc             ] GC(140) Pause Young (Allocation Failure) 1623M->1624M(1925M) 26.773ms
[10.990s][info][gc,cpu         ] GC(140) User=0.05s Sys=0.00s Real=0.03s
[11.028s][info][gc,start       ] GC(141) Pause Young (Allocation Failure)
[11.069s][info][gc,heap        ] GC(141) PSYoungGen: 72896K(155648K)->72928K(156672K) Eden: 37888K(37888K)->0K(37888K) From: 35008K(117760K)->72928K(118784K)
[11.069s][info][gc,heap        ] GC(141) ParOldGen: 1628103K(1816064K)->1628103K(1816064K)
[11.069s][info][gc,metaspace   ] GC(141) Metaspace: 6299K(6464K)->6299K(6464K) NonClass: 5765K(5824K)->5765K(5824K) Class: 533K(640K)->533K(640K)
[11.069s][info][gc             ] GC(141) Pause Young (Allocation Failure) 1661M->1661M(1926M) 41.309ms
[11.069s][info][gc,cpu         ] GC(141) User=0.14s Sys=0.00s Real=0.04s
[11.108s][info][gc,start       ] GC(142) Pause Young (Allocation Failure)
[11.169s][info][gc,heap        ] GC(142) PSYoungGen: 110816K(156672K)->110880K(145920K) Eden: 37888K(37888K)->0K(29184K) From: 72928K(118784K)->110880K(116736K)
[11.169s][info][gc,heap        ] GC(142) ParOldGen: 1628103K(1816064K)->1628103K(1816064K)
[11.169s][info][gc,metaspace   ] GC(142) Metaspace: 6299K(6464K)->6299K(6464K) NonClass: 5765K(5824K)->5765K(5824K) Class: 533K(640K)->533K(640K)
[11.169s][info][gc             ] GC(142) Pause Young (Allocation Failure) 1698M->1698M(1916M) 60.520ms
[11.169s][info][gc,cpu         ] GC(142) User=0.25s Sys=0.05s Real=0.06s
[11.202s][info][gc,start       ] GC(143) Pause Young (Allocation Failure)
[11.267s][info][gc,heap        ] GC(143) PSYoungGen: 140064K(145920K)->129024K(158208K) Eden: 29184K(29184K)->0K(29184K) From: 110880K(116736K)->129024K(129024K)
[11.267s][info][gc,heap        ] GC(143) ParOldGen: 1628103K(1816064K)->1639191K(1816064K)
[11.267s][info][gc,metaspace   ] GC(143) Metaspace: 6299K(6464K)->6299K(6464K) NonClass: 5765K(5824K)->5765K(5824K) Class: 533K(640K)->533K(640K)
[11.267s][info][gc             ] GC(143) Pause Young (Allocation Failure) 1726M->1726M(1928M) 64.791ms
[11.267s][info][gc,cpu         ] GC(143) User=0.48s Sys=0.00s Real=0.07s
[11.298s][info][gc,start       ] GC(144) Pause Young (Allocation Failure)
[11.376s][info][gc,heap        ] GC(144) PSYoungGen: 158208K(158208K)->126784K(171008K) Eden: 29184K(29184K)->0K(21504K) From: 129024K(129024K)->126784K(149504K)
[11.376s][info][gc,heap        ] GC(144) ParOldGen: 1639191K(1816064K)->1671215K(1816064K)
[11.376s][info][gc,metaspace   ] GC(144) Metaspace: 6299K(6464K)->6299K(6464K) NonClass: 5765K(5824K)->5765K(5824K) Class: 533K(640K)->533K(640K)
[11.376s][info][gc             ] GC(144) Pause Young (Allocation Failure) 1755M->1755M(1940M) 77.806ms
[11.376s][info][gc,cpu         ] GC(144) User=0.41s Sys=0.09s Real=0.08s
[11.399s][info][gc,start       ] GC(145) Pause Young (Allocation Failure)
[11.467s][info][gc,heap        ] GC(145) PSYoungGen: 148288K(171008K)->113600K(182272K) Eden: 21504K(21504K)->0K(21504K) From: 126784K(149504K)->113600K(160768K)
[11.467s][info][gc,heap        ] GC(145) ParOldGen: 1671215K(1816064K)->1706271K(1816064K)
[11.467s][info][gc,metaspace   ] GC(145) Metaspace: 6299K(6464K)->6299K(6464K) NonClass: 5765K(5824K)->5765K(5824K) Class: 533K(640K)->533K(640K)
[11.467s][info][gc             ] GC(145) Pause Young (Allocation Failure) 1776M->1777M(1951M) 67.994ms
[11.467s][info][gc,cpu         ] GC(145) User=0.47s Sys=0.03s Real=0.07s
[11.489s][info][gc,start       ] GC(146) Pause Young (Allocation Failure)
[11.555s][info][gc,heap        ] GC(146) PSYoungGen: 135104K(182272K)->72384K(177152K) Eden: 21504K(21504K)->0K(24576K) From: 113600K(160768K)->72384K(152576K)
[11.555s][info][gc,heap        ] GC(146) ParOldGen: 1706271K(1816064K)->1769807K(1816064K)
[11.555s][info][gc,metaspace   ] GC(146) Metaspace: 6299K(6464K)->6299K(6464K) NonClass: 5765K(5824K)->5765K(5824K) Class: 533K(640K)->533K(640K)
[11.555s][info][gc             ] GC(146) Pause Young (Allocation Failure) 1798M->1799M(1946M) 65.312ms
[11.555s][info][gc,cpu         ] GC(146) User=0.31s Sys=0.06s Real=0.07s
[11.555s][info][gc,start       ] GC(147) Pause Full (Ergonomics)
[11.555s][info][gc,phases,start] GC(147) Marking Phase
[11.977s][info][gc,phases      ] GC(147) Marking Phase 422.717ms
[11.977s][info][gc,phases,start] GC(147) Summary Phase
[11.978s][info][gc,phases      ] GC(147) Summary Phase 0.043ms
[11.978s][info][gc,phases,start] GC(147) Adjust Roots
[11.978s][info][gc,phases      ] GC(147) Adjust Roots 0.163ms
[11.978s][info][gc,phases,start] GC(147) Compaction Phase
[12.171s][info][gc,phases      ] GC(147) Compaction Phase 192.935ms
[12.171s][info][gc,phases,start] GC(147) Post Compact
[12.175s][info][gc,phases      ] GC(147) Post Compact 3.875ms
[12.176s][info][gc,heap        ] GC(147) PSYoungGen: 72384K(177152K)->24072K(180736K) Eden: 0K(24576K)->0K(28160K) From: 72384K(152576K)->24072K(152576K)
[12.176s][info][gc,heap        ] GC(147) ParOldGen: 1769807K(1816064K)->1815780K(2021888K)
[12.176s][info][gc,metaspace   ] GC(147) Metaspace: 6299K(6464K)->6299K(6464K) NonClass: 5765K(5824K)->5765K(5824K) Class: 533K(640K)->533K(640K)
[12.176s][info][gc             ] GC(147) Pause Full (Ergonomics) 1799M->1796M(2151M) 621.027ms
[12.176s][info][gc,cpu         ] GC(147) User=4.33s Sys=0.03s Real=0.62s
[12.207s][info][gc,start       ] GC(148) Pause Young (Allocation Failure)
[12.320s][info][gc,heap        ] GC(148) PSYoungGen: 52232K(180736K)->40416K(186880K) Eden: 28160K(28160K)->0K(28160K) From: 24072K(152576K)->40416K(158720K)
[12.320s][info][gc,heap        ] GC(148) ParOldGen: 1815780K(2021888K)->1827972K(2021888K)
[12.320s][info][gc,metaspace   ] GC(148) Metaspace: 6299K(6464K)->6299K(6464K) NonClass: 5765K(5824K)->5765K(5824K) Class: 533K(640K)->533K(640K)
[12.320s][info][gc             ] GC(148) Pause Young (Allocation Failure) 1824M->1824M(2157M) 113.677ms
[12.320s][info][gc,cpu         ] GC(148) User=0.58s Sys=0.03s Real=0.11s
[12.354s][info][gc,start       ] GC(149) Pause Young (Allocation Failure)
[12.396s][info][gc,heap        ] GC(149) PSYoungGen: 68576K(186880K)->56512K(181760K) Eden: 28160K(28160K)->0K(31232K) From: 40416K(158720K)->56512K(150528K)
[12.396s][info][gc,heap        ] GC(149) ParOldGen: 1827972K(2021888K)->1840252K(2021888K)
[12.396s][info][gc,metaspace   ] GC(149) Metaspace: 6299K(6464K)->6299K(6464K) NonClass: 5765K(5824K)->5765K(5824K) Class: 533K(640K)->533K(640K)
[12.396s][info][gc             ] GC(149) Pause Young (Allocation Failure) 1852M->1852M(2152M) 42.740ms
[12.396s][info][gc,cpu         ] GC(149) User=0.19s Sys=0.02s Real=0.04s
[12.431s][info][gc,start       ] GC(150) Pause Young (Allocation Failure)
[12.482s][info][gc,heap        ] GC(150) PSYoungGen: 87744K(181760K)->59584K(91136K) Eden: 31232K(31232K)->0K(31232K) From: 56512K(150528K)->59584K(59904K)
[12.482s][info][gc,heap        ] GC(150) ParOldGen: 1840252K(2021888K)->1868804K(2021888K)
[12.482s][info][gc,metaspace   ] GC(150) Metaspace: 6299K(6464K)->6299K(6464K) NonClass: 5765K(5824K)->5765K(5824K) Class: 533K(640K)->533K(640K)
[12.482s][info][gc             ] GC(150) Pause Young (Allocation Failure) 1882M->1883M(2063M) 51.535ms
[12.482s][info][gc,cpu         ] GC(150) User=0.33s Sys=0.00s Real=0.05s
[12.517s][info][gc,start       ] GC(151) Pause Young (Allocation Failure)
[12.570s][info][gc,heap        ] GC(151) PSYoungGen: 90816K(91136K)->62656K(174592K) Eden: 31232K(31232K)->0K(35328K) From: 59584K(59904K)->62656K(139264K)
[12.570s][info][gc,heap        ] GC(151) ParOldGen: 1868804K(2021888K)->1897364K(2021888K)
[12.570s][info][gc,metaspace   ] GC(151) Metaspace: 6299K(6464K)->6299K(6464K) NonClass: 5765K(5824K)->5765K(5824K) Class: 533K(640K)->533K(640K)
[12.570s][info][gc             ] GC(151) Pause Young (Allocation Failure) 1913M->1914M(2145M) 52.570ms
[12.570s][info][gc,cpu         ] GC(151) User=0.36s Sys=0.02s Real=0.05s
[12.612s][info][gc,start       ] GC(152) Pause Young (Allocation Failure)
[12.665s][info][gc,heap        ] GC(152) PSYoungGen: 97984K(174592K)->66784K(102400K) Eden: 35328K(35328K)->0K(35328K) From: 62656K(139264K)->66784K(67072K)
[12.665s][info][gc,heap        ] GC(152) ParOldGen: 1897364K(2021888K)->1929020K(2021888K)
[12.665s][info][gc,metaspace   ] GC(152) Metaspace: 6299K(6464K)->6299K(6464K) NonClass: 5765K(5824K)->5765K(5824K) Class: 533K(640K)->533K(640K)
[12.665s][info][gc             ] GC(152) Pause Young (Allocation Failure) 1948M->1949M(2074M) 53.054ms
[12.665s][info][gc,cpu         ] GC(152) User=0.38s Sys=0.00s Real=0.05s
[12.712s][info][gc,start       ] GC(153) Pause Young (Allocation Failure)
[12.770s][info][gc,heap        ] GC(153) PSYoungGen: 102112K(102400K)->70848K(165376K) Eden: 35328K(35328K)->0K(39424K) From: 66784K(67072K)->70848K(125952K)
[12.770s][info][gc,heap        ] GC(153) ParOldGen: 1929020K(2021888K)->1960692K(2021888K)
[12.770s][info][gc,metaspace   ] GC(153) Metaspace: 6299K(6464K)->6299K(6464K) NonClass: 5765K(5824K)->5765K(5824K) Class: 533K(640K)->533K(640K)
[12.770s][info][gc             ] GC(153) Pause Young (Allocation Failure) 1983M->1983M(2136M) 57.998ms
[12.770s][info][gc,cpu         ] GC(153) User=0.31s Sys=0.06s Real=0.06s
[12.770s][info][gc,start       ] GC(154) Pause Full (Ergonomics)
[12.770s][info][gc,phases,start] GC(154) Marking Phase
[13.249s][info][gc,phases      ] GC(154) Marking Phase 478.168ms
[13.249s][info][gc,phases,start] GC(154) Summary Phase
[13.249s][info][gc,phases      ] GC(154) Summary Phase 0.040ms
[13.249s][info][gc,phases,start] GC(154) Adjust Roots
[13.249s][info][gc,phases      ] GC(154) Adjust Roots 0.162ms
[13.249s][info][gc,phases,start] GC(154) Compaction Phase
[13.437s][info][gc,phases      ] GC(154) Compaction Phase 187.607ms
[13.437s][info][gc,phases,start] GC(154) Post Compact
[13.440s][info][gc,phases      ] GC(154) Post Compact 3.871ms
[13.441s][info][gc,heap        ] GC(154) PSYoungGen: 70848K(165376K)->7239K(169984K) Eden: 0K(39424K)->0K(44032K) From: 70848K(125952K)->7239K(125952K)
[13.441s][info][gc,heap        ] GC(154) ParOldGen: 1960692K(2021888K)->2021855K(2229248K)
[13.441s][info][gc,metaspace   ] GC(154) Metaspace: 6299K(6464K)->6299K(6464K) NonClass: 5765K(5824K)->5765K(5824K) Class: 533K(640K)->533K(640K)
[13.441s][info][gc             ] GC(154) Pause Full (Ergonomics) 1983M->1981M(2343M) 670.921ms
[13.441s][info][gc,cpu         ] GC(154) User=4.83s Sys=0.02s Real=0.67s
[13.491s][info][gc,start       ] GC(155) Pause Young (Allocation Failure)
[13.605s][info][gc,heap        ] GC(155) PSYoungGen: 51271K(169984K)->47424K(176128K) Eden: 44032K(44032K)->0K(44032K) From: 7239K(125952K)->47424K(132096K)
[13.605s][info][gc,heap        ] GC(155) ParOldGen: 2021855K(2229248K)->2025967K(2229248K)
[13.605s][info][gc,metaspace   ] GC(155) Metaspace: 6299K(6464K)->6299K(6464K) NonClass: 5765K(5824K)->5765K(5824K) Class: 533K(640K)->533K(640K)
[13.605s][info][gc             ] GC(155) Pause Young (Allocation Failure) 2024M->2024M(2349M) 113.221ms
[13.605s][info][gc,cpu         ] GC(155) User=0.72s Sys=0.00s Real=0.11s
[13.653s][info][gc,start       ] GC(156) Pause Young (Allocation Failure)
[13.706s][info][gc,heap        ] GC(156) PSYoungGen: 91456K(176128K)->91520K(177152K) Eden: 44032K(44032K)->0K(46592K) From: 47424K(132096K)->91520K(130560K)
[13.706s][info][gc,heap        ] GC(156) ParOldGen: 2025967K(2229248K)->2025967K(2229248K)
[13.706s][info][gc,metaspace   ] GC(156) Metaspace: 6299K(6464K)->6299K(6464K) NonClass: 5765K(5824K)->5765K(5824K) Class: 533K(640K)->533K(640K)
[13.706s][info][gc             ] GC(156) Pause Young (Allocation Failure) 2067M->2067M(2350M) 52.457ms
[13.706s][info][gc,cpu         ] GC(156) User=0.30s Sys=0.00s Real=0.05s
[13.758s][info][gc,start       ] GC(157) Pause Young (Allocation Failure)
[13.829s][info][gc,heap        ] GC(157) PSYoungGen: 138112K(177152K)->132608K(179200K) Eden: 46592K(46592K)->0K(46592K) From: 91520K(130560K)->132608K(132608K)
[13.829s][info][gc,heap        ] GC(157) ParOldGen: 2025967K(2229248K)->2031527K(2229248K)
[13.829s][info][gc,metaspace   ] GC(157) Metaspace: 6299K(6464K)->6299K(6464K) NonClass: 5765K(5824K)->5765K(5824K) Class: 533K(640K)->533K(640K)
[13.829s][info][gc             ] GC(157) Pause Young (Allocation Failure) 2113M->2113M(2352M) 71.085ms
[13.829s][info][gc,cpu         ] GC(157) User=0.50s Sys=0.00s Real=0.07s
[13.883s][info][gc,start       ] GC(158) Pause Young (Allocation Failure)
[13.983s][info][gc,heap        ] GC(158) PSYoungGen: 179200K(179200K)->134592K(189440K) Eden: 46592K(46592K)->0K(38400K) From: 132608K(132608K)->134592K(151040K)
[13.983s][info][gc,heap        ] GC(158) ParOldGen: 2031527K(2229248K)->2076895K(2229248K)
[13.983s][info][gc,metaspace   ] GC(158) Metaspace: 6299K(6464K)->6299K(6464K) NonClass: 5765K(5824K)->5765K(5824K) Class: 533K(640K)->533K(640K)
[13.983s][info][gc             ] GC(158) Pause Young (Allocation Failure) 2158M->2159M(2362M) 99.602ms
[13.983s][info][gc,cpu         ] GC(158) User=0.67s Sys=0.08s Real=0.10s
[14.033s][info][gc,start       ] GC(159) Pause Young (Allocation Failure)
[14.123s][info][gc,heap        ] GC(159) PSYoungGen: 172992K(189440K)->129984K(202752K) Eden: 38400K(38400K)->0K(38400K) From: 134592K(151040K)->129984K(164352K)
[14.123s][info][gc,heap        ] GC(159) ParOldGen: 2076895K(2229248K)->2120423K(2229248K)
[14.123s][info][gc,metaspace   ] GC(159) Metaspace: 6299K(6464K)->6299K(6464K) NonClass: 5765K(5824K)->5765K(5824K) Class: 533K(640K)->533K(640K)
[14.123s][info][gc             ] GC(159) Pause Young (Allocation Failure) 2197M->2197M(2375M) 89.715ms
[14.123s][info][gc,cpu         ] GC(159) User=0.62s Sys=0.00s Real=0.09s
[14.167s][info][gc,start       ] GC(160) Pause Young (Allocation Failure)
[14.262s][info][gc,heap        ] GC(160) PSYoungGen: 168384K(202752K)->123712K(211456K) Eden: 38400K(38400K)->0K(38400K) From: 129984K(164352K)->123712K(173056K)
[14.262s][info][gc,heap        ] GC(160) ParOldGen: 2120423K(2229248K)->2165735K(2229248K)
[14.262s][info][gc,metaspace   ] GC(160) Metaspace: 6299K(6464K)->6299K(6464K) NonClass: 5765K(5824K)->5765K(5824K) Class: 533K(640K)->533K(640K)
[14.262s][info][gc             ] GC(160) Pause Young (Allocation Failure) 2235M->2235M(2383M) 95.600ms
[14.262s][info][gc,cpu         ] GC(160) User=0.64s Sys=0.00s Real=0.09s
[14.263s][info][gc,start       ] GC(161) Pause Full (Ergonomics)
[14.263s][info][gc,phases,start] GC(161) Marking Phase
[14.808s][info][gc,phases      ] GC(161) Marking Phase 545.759ms
[14.808s][info][gc,phases,start] GC(161) Summary Phase
[14.808s][info][gc,phases      ] GC(161) Summary Phase 0.051ms
[14.808s][info][gc,phases,start] GC(161) Adjust Roots
[14.809s][info][gc,phases      ] GC(161) Adjust Roots 0.176ms
[14.809s][info][gc,phases,start] GC(161) Compaction Phase
[15.043s][info][gc,phases      ] GC(161) Compaction Phase 234.684ms
[15.043s][info][gc,phases,start] GC(161) Post Compact
[15.049s][info][gc,phases      ] GC(161) Post Compact 5.893ms
[15.050s][info][gc,heap        ] GC(161) PSYoungGen: 123712K(211456K)->57897K(211456K) Eden: 0K(38400K)->0K(38400K) From: 123712K(173056K)->57897K(173056K)
[15.050s][info][gc,heap        ] GC(161) ParOldGen: 2165735K(2229248K)->2229049K(2460672K)
[15.050s][info][gc,metaspace   ] GC(161) Metaspace: 6299K(6464K)->6299K(6464K) NonClass: 5765K(5824K)->5765K(5824K) Class: 533K(640K)->533K(640K)
[15.050s][info][gc             ] GC(161) Pause Full (Ergonomics) 2235M->2233M(2609M) 787.916ms
[15.050s][info][gc,cpu         ] GC(161) User=5.45s Sys=0.06s Real=0.79s
[15.097s][info][gc,start       ] GC(162) Pause Young (Allocation Failure)
[15.287s][info][gc,heap        ] GC(162) PSYoungGen: 96297K(211456K)->57536K(216064K) Eden: 38400K(38400K)->0K(38400K) From: 57897K(173056K)->57536K(177664K)
[15.287s][info][gc,heap        ] GC(162) ParOldGen: 2229049K(2460672K)->2268537K(2460672K)
[15.287s][info][gc,metaspace   ] GC(162) Metaspace: 6299K(6464K)->6299K(6464K) NonClass: 5765K(5824K)->5765K(5824K) Class: 533K(640K)->533K(640K)
[15.287s][info][gc             ] GC(162) Pause Young (Allocation Failure) 2270M->2271M(2614M) 190.207ms
[15.287s][info][gc,cpu         ] GC(162) User=1.03s Sys=0.02s Real=0.19s
[15.331s][info][gc,start       ] GC(163) Pause Young (Allocation Failure)
[15.390s][info][gc,heap        ] GC(163) PSYoungGen: 95936K(216064K)->77056K(204288K) Eden: 38400K(38400K)->0K(42496K) From: 57536K(177664K)->77056K(161792K)
[15.390s][info][gc,heap        ] GC(163) ParOldGen: 2268537K(2460672K)->2287697K(2460672K)
[15.390s][info][gc,metaspace   ] GC(163) Metaspace: 6299K(6464K)->6299K(6464K) NonClass: 5765K(5824K)->5765K(5824K) Class: 533K(640K)->533K(640K)
[15.390s][info][gc             ] GC(163) Pause Young (Allocation Failure) 2309M->2309M(2602M) 59.186ms
[15.390s][info][gc,cpu         ] GC(163) User=0.34s Sys=0.02s Real=0.06s
[15.440s][info][gc,start       ] GC(164) Pause Young (Allocation Failure)
[15.511s][info][gc,heap        ] GC(164) PSYoungGen: 119552K(204288K)->81120K(123904K) Eden: 42496K(42496K)->0K(42496K) From: 77056K(161792K)->81120K(81408K)
[15.511s][info][gc,heap        ] GC(164) ParOldGen: 2287697K(2460672K)->2326433K(2460672K)
[15.511s][info][gc,metaspace   ] GC(164) Metaspace: 6299K(6464K)->6299K(6464K) NonClass: 5765K(5824K)->5765K(5824K) Class: 533K(640K)->533K(640K)
[15.511s][info][gc             ] GC(164) Pause Young (Allocation Failure) 2350M->2351M(2524M) 71.467ms
[15.511s][info][gc,cpu         ] GC(164) User=0.45s Sys=0.00s Real=0.07s
[15.567s][info][gc,start       ] GC(165) Pause Young (Allocation Failure)
[15.636s][info][gc,heap        ] GC(165) PSYoungGen: 123616K(123904K)->85216K(195584K) Eden: 42496K(42496K)->0K(47616K) From: 81120K(81408K)->85216K(147968K)
[15.636s][info][gc,heap        ] GC(165) ParOldGen: 2326433K(2460672K)->2365185K(2460672K)
[15.636s][info][gc,metaspace   ] GC(165) Metaspace: 6299K(6464K)->6299K(6464K) NonClass: 5765K(5824K)->5765K(5824K) Class: 533K(640K)->533K(640K)
[15.636s][info][gc             ] GC(165) Pause Young (Allocation Failure) 2392M->2392M(2594M) 69.432ms
[15.636s][info][gc,cpu         ] GC(165) User=0.36s Sys=0.03s Real=0.07s
[15.695s][info][gc,start       ] GC(166) Pause Young (Allocation Failure)
[15.767s][info][gc,heap        ] GC(166) PSYoungGen: 132832K(195584K)->90400K(202240K) Eden: 47616K(47616K)->0K(47616K) From: 85216K(147968K)->90400K(154624K)
[15.767s][info][gc,heap        ] GC(166) ParOldGen: 2365185K(2460672K)->2408073K(2460672K)
[15.767s][info][gc,metaspace   ] GC(166) Metaspace: 6299K(6464K)->6299K(6464K) NonClass: 5765K(5824K)->5765K(5824K) Class: 533K(640K)->533K(640K)
[15.767s][info][gc             ] GC(166) Pause Young (Allocation Failure) 2439M->2439M(2600M) 72.076ms
[15.767s][info][gc,cpu         ] GC(166) User=0.48s Sys=0.02s Real=0.07s
[15.767s][info][gc,start       ] GC(167) Pause Full (Ergonomics)
[15.767s][info][gc,phases,start] GC(167) Marking Phase
[16.318s][info][gc,phases      ] GC(167) Marking Phase 550.013ms
[16.318s][info][gc,phases,start] GC(167) Summary Phase
[16.318s][info][gc,phases      ] GC(167) Summary Phase 0.044ms
[16.318s][info][gc,phases,start] GC(167) Adjust Roots
[16.318s][info][gc,phases      ] GC(167) Adjust Roots 0.157ms
[16.318s][info][gc,phases,start] GC(167) Compaction Phase
[16.539s][info][gc,phases      ] GC(167) Compaction Phase 221.446ms
[16.539s][info][gc,phases,start] GC(167) Post Compact
[16.544s][info][gc,phases      ] GC(167) Post Compact 4.635ms
[16.545s][info][gc,heap        ] GC(167) PSYoungGen: 90400K(202240K)->35873K(202240K) Eden: 0K(47616K)->0K(47616K) From: 90400K(154624K)->35873K(154624K)
[16.545s][info][gc,heap        ] GC(167) ParOldGen: 2408073K(2460672K)->2460317K(2707968K)
[16.545s][info][gc,metaspace   ] GC(167) Metaspace: 6299K(6464K)->6299K(6464K) NonClass: 5765K(5824K)->5765K(5824K) Class: 533K(640K)->533K(640K)
[16.545s][info][gc             ] GC(167) Pause Full (Ergonomics) 2439M->2437M(2842M) 777.508ms
[16.545s][info][gc,cpu         ] GC(167) User=5.62s Sys=0.03s Real=0.78s
[16.600s][info][gc,start       ] GC(168) Pause Young (Allocation Failure)
[16.753s][info][gc,heap        ] GC(168) PSYoungGen: 83489K(202240K)->66048K(195072K) Eden: 47616K(47616K)->0K(52224K) From: 35873K(154624K)->66048K(142848K)
[16.753s][info][gc,heap        ] GC(168) ParOldGen: 2460317K(2707968K)->2478189K(2707968K)
[16.753s][info][gc,metaspace   ] GC(168) Metaspace: 6299K(6464K)->6299K(6464K) NonClass: 5765K(5824K)->5765K(5824K) Class: 533K(640K)->533K(640K)
[16.753s][info][gc             ] GC(168) Pause Young (Allocation Failure) 2484M->2484M(2835M) 152.967ms
[16.753s][info][gc,cpu         ] GC(168) User=1.00s Sys=0.02s Real=0.15s
[16.813s][info][gc,start       ] GC(169) Pause Young (Allocation Failure)
[16.879s][info][gc,heap        ] GC(169) PSYoungGen: 118272K(195072K)->118400K(198656K) Eden: 52224K(52224K)->0K(52224K) From: 66048K(142848K)->118400K(146432K)
[16.880s][info][gc,heap        ] GC(169) ParOldGen: 2478189K(2707968K)->2478189K(2707968K)
[16.880s][info][gc,metaspace   ] GC(169) Metaspace: 6299K(6464K)->6299K(6464K) NonClass: 5765K(5824K)->5765K(5824K) Class: 533K(640K)->533K(640K)
[16.880s][info][gc             ] GC(169) Pause Young (Allocation Failure) 2535M->2535M(2838M) 66.084ms
[16.880s][info][gc,cpu         ] GC(169) User=0.52s Sys=0.00s Real=0.07s
[16.946s][info][gc,start       ] GC(170) Pause Young (Allocation Failure)
[17.042s][info][gc,heap        ] GC(170) PSYoungGen: 170624K(198656K)->152576K(185856K) Eden: 52224K(52224K)->0K(33280K) From: 118400K(146432K)->152576K(152576K)
[17.042s][info][gc,heap        ] GC(170) ParOldGen: 2478189K(2707968K)->2496301K(2707968K)
[17.042s][info][gc,metaspace   ] GC(170) Metaspace: 6299K(6464K)->6299K(6464K) NonClass: 5765K(5824K)->5765K(5824K) Class: 533K(640K)->533K(640K)
[17.042s][info][gc             ] GC(170) Pause Young (Allocation Failure) 2586M->2586M(2826M) 96.034ms
[17.042s][info][gc,cpu         ] GC(170) User=0.61s Sys=0.03s Real=0.10s
[17.085s][info][gc,start       ] GC(171) Pause Young (Allocation Failure)
[17.184s][info][gc,heap        ] GC(171) PSYoungGen: 185856K(185856K)->128928K(209920K) Eden: 33280K(33280K)->0K(33280K) From: 152576K(152576K)->128928K(176640K)
[17.184s][info][gc,heap        ] GC(171) ParOldGen: 2496301K(2707968K)->2553829K(2707968K)
[17.184s][info][gc,metaspace   ] GC(171) Metaspace: 6299K(6464K)->6299K(6464K) NonClass: 5765K(5824K)->5765K(5824K) Class: 533K(640K)->533K(640K)
[17.184s][info][gc             ] GC(171) Pause Young (Allocation Failure) 2619M->2619M(2849M) 99.601ms
[17.184s][info][gc,cpu         ] GC(171) User=0.61s Sys=0.03s Real=0.10s
[17.227s][info][gc,start       ] GC(172) Pause Young (Allocation Failure)
[17.317s][info][gc,heap        ] GC(172) PSYoungGen: 162208K(209920K)->115360K(212992K) Eden: 33280K(33280K)->0K(37376K) From: 128928K(176640K)->115360K(175616K)
[17.317s][info][gc,heap        ] GC(172) ParOldGen: 2553829K(2707968K)->2601101K(2707968K)
[17.317s][info][gc,metaspace   ] GC(172) Metaspace: 6299K(6464K)->6299K(6464K) NonClass: 5765K(5824K)->5765K(5824K) Class: 533K(640K)->533K(640K)
[17.317s][info][gc             ] GC(172) Pause Young (Allocation Failure) 2652M->2652M(2852M) 90.153ms
[17.317s][info][gc,cpu         ] GC(172) User=0.64s Sys=0.00s Real=0.09s
[17.357s][info][gc,start       ] GC(173) Pause Young (Allocation Failure)
[17.446s][info][gc,heap        ] GC(173) PSYoungGen: 152736K(212992K)->70848K(215552K) Eden: 37376K(37376K)->0K(37376K) From: 115360K(175616K)->70848K(178176K)
[17.446s][info][gc,heap        ] GC(173) ParOldGen: 2601101K(2707968K)->2683597K(2707968K)
[17.446s][info][gc,metaspace   ] GC(173) Metaspace: 6299K(6464K)->6299K(6464K) NonClass: 5765K(5824K)->5765K(5824K) Class: 533K(640K)->533K(640K)
[17.446s][info][gc             ] GC(173) Pause Young (Allocation Failure) 2689M->2689M(2855M) 89.696ms
[17.446s][info][gc,cpu         ] GC(173) User=0.59s Sys=0.03s Real=0.09s
[17.446s][info][gc,start       ] GC(174) Pause Full (Ergonomics)
[17.446s][info][gc,phases,start] GC(174) Marking Phase
[18.067s][info][gc,phases      ] GC(174) Marking Phase 620.718ms
[18.067s][info][gc,phases,start] GC(174) Summary Phase
[18.067s][info][gc,phases      ] GC(174) Summary Phase 0.042ms
[18.067s][info][gc,phases,start] GC(174) Adjust Roots
[18.067s][info][gc,phases      ] GC(174) Adjust Roots 0.187ms
[18.067s][info][gc,phases,start] GC(174) Compaction Phase
[18.305s][info][gc,phases      ] GC(174) Compaction Phase 237.927ms
[18.305s][info][gc,phases,start] GC(174) Post Compact
[18.310s][info][gc,phases      ] GC(174) Post Compact 4.810ms
[18.311s][info][gc,heap        ] GC(174) PSYoungGen: 70848K(215552K)->44529K(215552K) Eden: 0K(37376K)->0K(37376K) From: 70848K(178176K)->44529K(178176K)
[18.311s][info][gc,heap        ] GC(174) ParOldGen: 2683597K(2707968K)->2707477K(2991616K)
[18.311s][info][gc,metaspace   ] GC(174) Metaspace: 6299K(6464K)->6299K(6464K) NonClass: 5765K(5824K)->5765K(5824K) Class: 533K(640K)->533K(640K)
[18.311s][info][gc             ] GC(174) Pause Full (Ergonomics) 2689M->2687M(3132M) 864.953ms
[18.311s][info][gc,cpu         ] GC(174) User=6.41s Sys=0.02s Real=0.87s
[18.356s][info][gc,start       ] GC(175) Pause Young (Allocation Failure)
[18.519s][info][gc,heap        ] GC(175) PSYoungGen: 81905K(215552K)->37568K(215040K) Eden: 37376K(37376K)->0K(39424K) From: 44529K(178176K)->37568K(175616K)
[18.519s][info][gc,heap        ] GC(175) ParOldGen: 2707477K(2991616K)->2752453K(2991616K)
[18.519s][info][gc,metaspace   ] GC(175) Metaspace: 6299K(6464K)->6299K(6464K) NonClass: 5765K(5824K)->5765K(5824K) Class: 533K(640K)->533K(640K)
[18.519s][info][gc             ] GC(175) Pause Young (Allocation Failure) 2724M->2724M(3131M) 162.819ms
[18.519s][info][gc,cpu         ] GC(175) User=1.09s Sys=0.02s Real=0.16s
[18.566s][info][gc,start       ] GC(176) Pause Young (Allocation Failure)
[18.614s][info][gc,heap        ] GC(176) PSYoungGen: 76992K(215040K)->39616K(218112K) Eden: 39424K(39424K)->0K(39424K) From: 37568K(175616K)->39616K(178688K)
[18.614s][info][gc,heap        ] GC(176) ParOldGen: 2752453K(2991616K)->2790165K(2991616K)
[18.614s][info][gc,metaspace   ] GC(176) Metaspace: 6299K(6464K)->6299K(6464K) NonClass: 5765K(5824K)->5765K(5824K) Class: 533K(640K)->533K(640K)
[18.614s][info][gc             ] GC(176) Pause Young (Allocation Failure) 2763M->2763M(3134M) 47.220ms
[18.614s][info][gc,cpu         ] GC(176) User=0.23s Sys=0.02s Real=0.05s
[19.182s][info][gc,start       ] GC(177) Pause Full (Ergonomics)
[19.182s][info][gc,phases,start] GC(177) Marking Phase
[19.833s][info][gc,phases      ] GC(177) Marking Phase 650.703ms
[19.833s][info][gc,phases,start] GC(177) Summary Phase
[19.833s][info][gc,phases      ] GC(177) Summary Phase 0.069ms
[19.833s][info][gc,phases,start] GC(177) Adjust Roots
[19.834s][info][gc,phases      ] GC(177) Adjust Roots 0.158ms
[19.834s][info][gc,phases,start] GC(177) Compaction Phase
[20.289s][info][gc,phases      ] GC(177) Compaction Phase 455.178ms
[20.289s][info][gc,phases,start] GC(177) Post Compact
[20.295s][info][gc,phases      ] GC(177) Post Compact 6.083ms
[20.296s][info][gc,heap        ] GC(177) PSYoungGen: 79040K(218112K)->0K(222208K) Eden: 39424K(39424K)->0K(43520K) From: 39616K(178688K)->0K(178688K)
[20.296s][info][gc,heap        ] GC(177) ParOldGen: 2921237K(2991616K)->2933679K(3232256K)
[20.296s][info][gc,metaspace   ] GC(177) Metaspace: 6299K(6464K)->6299K(6464K) NonClass: 5765K(5824K)->5765K(5824K) Class: 533K(640K)->533K(640K)
[20.296s][info][gc             ] GC(177) Pause Full (Ergonomics) 2929M->2864M(3373M) 1113.437ms
[20.296s][info][gc,cpu         ] GC(177) User=7.59s Sys=0.03s Real=1.11s
[20.341s][info][gc,start       ] GC(178) Pause Young (Allocation Failure)
[20.386s][info][gc,heap        ] GC(178) PSYoungGen: 43520K(222208K)->43712K(222208K) Eden: 43520K(43520K)->0K(43520K) From: 0K(178688K)->43712K(178688K)
[20.386s][info][gc,heap        ] GC(178) ParOldGen: 2933679K(3232256K)->2933679K(3232256K)
[20.386s][info][gc,metaspace   ] GC(178) Metaspace: 6299K(6464K)->6299K(6464K) NonClass: 5765K(5824K)->5765K(5824K) Class: 533K(640K)->533K(640K)
[20.386s][info][gc             ] GC(178) Pause Young (Allocation Failure) 2907M->2907M(3373M) 44.236ms
[20.386s][info][gc,cpu         ] GC(178) User=0.06s Sys=0.00s Real=0.04s
[20.435s][info][gc,start       ] GC(179) Pause Young (Allocation Failure)
[20.492s][info][gc,heap        ] GC(179) PSYoungGen: 87232K(222208K)->87296K(209408K) Eden: 43520K(43520K)->0K(47616K) From: 43712K(178688K)->87296K(161792K)
[20.492s][info][gc,heap        ] GC(179) ParOldGen: 2933679K(3232256K)->2933679K(3232256K)
[20.492s][info][gc,metaspace   ] GC(179) Metaspace: 6299K(6464K)->6299K(6464K) NonClass: 5765K(5824K)->5765K(5824K) Class: 533K(640K)->533K(640K)
[20.492s][info][gc             ] GC(179) Pause Young (Allocation Failure) 2950M->2950M(3361M) 57.002ms
[20.492s][info][gc,cpu         ] GC(179) User=0.19s Sys=0.00s Real=0.06s
[20.538s][info][gc,start       ] GC(180) Pause Young (Allocation Failure)
[20.611s][info][gc,heap        ] GC(180) PSYoungGen: 134912K(209408K)->135008K(217088K) Eden: 47616K(47616K)->0K(47616K) From: 87296K(161792K)->135008K(169472K)
[20.611s][info][gc,heap        ] GC(180) ParOldGen: 2933679K(3232256K)->2933679K(3232256K)
[20.611s][info][gc,metaspace   ] GC(180) Metaspace: 6299K(6464K)->6299K(6464K) NonClass: 5765K(5824K)->5765K(5824K) Class: 533K(640K)->533K(640K)
[20.611s][info][gc             ] GC(180) Pause Young (Allocation Failure) 2996M->2996M(3368M) 73.235ms
[20.611s][info][gc,cpu         ] GC(180) User=0.19s Sys=0.00s Real=0.07s
[20.658s][info][gc,start       ] GC(181) Pause Young (Allocation Failure)
[20.744s][info][gc,heap        ] GC(181) PSYoungGen: 182624K(217088K)->179712K(205824K) Eden: 47616K(47616K)->0K(26112K) From: 135008K(169472K)->179712K(179712K)
[20.744s][info][gc,heap        ] GC(181) ParOldGen: 2933679K(3232256K)->2936567K(3232256K)
[20.744s][info][gc,metaspace   ] GC(181) Metaspace: 6299K(6464K)->6299K(6464K) NonClass: 5765K(5824K)->5765K(5824K) Class: 533K(640K)->533K(640K)
[20.744s][info][gc             ] GC(181) Pause Young (Allocation Failure) 3043M->3043M(3357M) 86.169ms
[20.744s][info][gc,cpu         ] GC(181) User=0.48s Sys=0.03s Real=0.09s
[20.769s][info][gc,start       ] GC(182) Pause Young (Allocation Failure)
[20.866s][info][gc,heap        ] GC(182) PSYoungGen: 205824K(205824K)->119936K(231936K) Eden: 26112K(26112K)->0K(26112K) From: 179712K(179712K)->119936K(205824K)
[20.866s][info][gc,heap        ] GC(182) ParOldGen: 2936567K(3232256K)->3023223K(3232256K)
[20.866s][info][gc,metaspace   ] GC(182) Metaspace: 6299K(6464K)->6299K(6464K) NonClass: 5765K(5824K)->5765K(5824K) Class: 533K(640K)->533K(640K)
[20.866s][info][gc             ] GC(182) Pause Young (Allocation Failure) 3068M->3069M(3383M) 96.514ms
[20.866s][info][gc,cpu         ] GC(182) User=0.52s Sys=0.03s Real=0.10s
[20.893s][info][gc,start       ] GC(183) Pause Young (Allocation Failure)
[20.966s][info][gc,heap        ] GC(183) PSYoungGen: 146048K(231936K)->52384K(227840K) Eden: 26112K(26112K)->0K(29696K) From: 119936K(205824K)->52384K(198144K)
[20.966s][info][gc,heap        ] GC(183) ParOldGen: 3023223K(3232256K)->3117559K(3232256K)
[20.966s][info][gc,metaspace   ] GC(183) Metaspace: 6299K(6464K)->6299K(6464K) NonClass: 5765K(5824K)->5765K(5824K) Class: 533K(640K)->533K(640K)
[20.966s][info][gc             ] GC(183) Pause Young (Allocation Failure) 3094M->3095M(3379M) 73.520ms
[20.966s][info][gc,cpu         ] GC(183) User=0.31s Sys=0.06s Real=0.07s
[21.002s][info][gc,start       ] GC(184) Pause Young (Allocation Failure)
[21.064s][info][gc,heap        ] GC(184) PSYoungGen: 82080K(227840K)->29856K(230400K) Eden: 29696K(29696K)->0K(29696K) From: 52384K(198144K)->29856K(200704K)
[21.064s][info][gc,heap        ] GC(184) ParOldGen: 3117559K(3232256K)->3170223K(3232256K)
[21.064s][info][gc,metaspace   ] GC(184) Metaspace: 6299K(6464K)->6299K(6464K) NonClass: 5765K(5824K)->5765K(5824K) Class: 533K(640K)->533K(640K)
[21.064s][info][gc             ] GC(184) Pause Young (Allocation Failure) 3124M->3125M(3381M) 62.287ms
[21.064s][info][gc,cpu         ] GC(184) User=0.23s Sys=0.05s Real=0.06s
[21.064s][info][gc,start       ] GC(185) Pause Full (Ergonomics)
[21.064s][info][gc,phases,start] GC(185) Marking Phase
[21.770s][info][gc,phases      ] GC(185) Marking Phase 705.301ms
[21.770s][info][gc,phases,start] GC(185) Summary Phase
[21.770s][info][gc,phases      ] GC(185) Summary Phase 0.113ms
[21.770s][info][gc,phases,start] GC(185) Adjust Roots
[21.770s][info][gc,phases      ] GC(185) Adjust Roots 0.276ms
[21.770s][info][gc,phases,start] GC(185) Compaction Phase
[22.090s][info][gc,phases      ] GC(185) Compaction Phase 319.812ms
[22.090s][info][gc,phases,start] GC(185) Post Compact
[22.096s][info][gc,phases      ] GC(185) Post Compact 5.717ms
[22.097s][info][gc,heap        ] GC(185) PSYoungGen: 29856K(230400K)->0K(235520K) Eden: 0K(29696K)->0K(33792K) From: 29856K(200704K)->0K(201728K)
[22.097s][info][gc,heap        ] GC(185) ParOldGen: 3170223K(3232256K)->3197659K(3544064K)
[22.097s][info][gc,metaspace   ] GC(185) Metaspace: 6299K(6464K)->6299K(6464K) NonClass: 5765K(5824K)->5765K(5824K) Class: 533K(640K)->533K(640K)
[22.097s][info][gc             ] GC(185) Pause Full (Ergonomics) 3125M->3122M(3691M) 1032.746ms
[22.097s][info][gc,cpu         ] GC(185) User=7.23s Sys=0.00s Real=1.03s
[22.138s][info][gc,start       ] GC(186) Pause Young (Allocation Failure)
[22.176s][info][gc,heap        ] GC(186) PSYoungGen: 33792K(235520K)->33952K(235520K) Eden: 33792K(33792K)->0K(33792K) From: 0K(201728K)->33952K(201728K)
[22.176s][info][gc,heap        ] GC(186) ParOldGen: 3197659K(3544064K)->3197659K(3544064K)
[22.176s][info][gc,metaspace   ] GC(186) Metaspace: 6299K(6464K)->6299K(6464K) NonClass: 5765K(5824K)->5765K(5824K) Class: 533K(640K)->533K(640K)
[22.176s][info][gc             ] GC(186) Pause Young (Allocation Failure) 3155M->3155M(3691M) 38.126ms
[22.176s][info][gc,cpu         ] GC(186) User=0.08s Sys=0.00s Real=0.04s
[22.209s][info][gc,start       ] GC(187) Pause Young (Allocation Failure)
[22.257s][info][gc,heap        ] GC(187) PSYoungGen: 67744K(235520K)->67808K(219648K) Eden: 33792K(33792K)->0K(37888K) From: 33952K(201728K)->67808K(181760K)
[22.257s][info][gc,heap        ] GC(187) ParOldGen: 3197659K(3544064K)->3197659K(3544064K)
[22.257s][info][gc,metaspace   ] GC(187) Metaspace: 6299K(6464K)->6299K(6464K) NonClass: 5765K(5824K)->5765K(5824K) Class: 533K(640K)->533K(640K)
[22.257s][info][gc             ] GC(187) Pause Young (Allocation Failure) 3188M->3188M(3675M) 47.769ms
[22.257s][info][gc,cpu         ] GC(187) User=0.05s Sys=0.00s Real=0.05s
[22.294s][info][gc,start       ] GC(188) Pause Young (Allocation Failure)
[22.357s][info][gc,heap        ] GC(188) PSYoungGen: 105696K(219648K)->71872K(110080K) Eden: 37888K(37888K)->0K(37888K) From: 67808K(181760K)->71872K(72192K)
[22.357s][info][gc,heap        ] GC(188) ParOldGen: 3197659K(3544064K)->3231763K(3544064K)
[22.357s][info][gc,metaspace   ] GC(188) Metaspace: 6299K(6464K)->6299K(6464K) NonClass: 5765K(5824K)->5765K(5824K) Class: 533K(640K)->533K(640K)
[22.357s][info][gc             ] GC(188) Pause Young (Allocation Failure) 3225M->3226M(3568M) 62.784ms
[22.357s][info][gc,cpu         ] GC(188) User=0.20s Sys=0.00s Real=0.06s
[22.397s][info][gc,start       ] GC(189) Pause Young (Allocation Failure)
[22.461s][info][gc,heap        ] GC(189) PSYoungGen: 109760K(110080K)->76032K(205824K) Eden: 37888K(37888K)->0K(42496K) From: 71872K(72192K)->76032K(163328K)
[22.461s][info][gc,heap        ] GC(189) ParOldGen: 3231763K(3544064K)->3265851K(3544064K)
[22.461s][info][gc,metaspace   ] GC(189) Metaspace: 6299K(6464K)->6299K(6464K) NonClass: 5765K(5824K)->5765K(5824K) Class: 533K(640K)->533K(640K)
[22.461s][info][gc             ] GC(189) Pause Young (Allocation Failure) 3263M->3263M(3662M) 64.200ms
[22.461s][info][gc,cpu         ] GC(189) User=0.28s Sys=0.00s Real=0.06s
[22.509s][info][gc,start       ] GC(190) Pause Young (Allocation Failure)
[22.577s][info][gc,heap        ] GC(190) PSYoungGen: 118528K(205824K)->80576K(123392K) Eden: 42496K(42496K)->0K(42496K) From: 76032K(163328K)->80576K(80896K)
[22.577s][info][gc,heap        ] GC(190) ParOldGen: 3265851K(3544064K)->3304075K(3544064K)
[22.577s][info][gc,metaspace   ] GC(190) Metaspace: 6299K(6464K)->6299K(6464K) NonClass: 5765K(5824K)->5765K(5824K) Class: 533K(640K)->533K(640K)
[22.577s][info][gc             ] GC(190) Pause Young (Allocation Failure) 3305M->3305M(3581M) 68.626ms
[22.577s][info][gc,cpu         ] GC(190) User=0.34s Sys=0.03s Real=0.07s
[22.624s][info][gc,start       ] GC(191) Pause Young (Allocation Failure)
[22.692s][info][gc,heap        ] GC(191) PSYoungGen: 123072K(123392K)->85216K(197632K) Eden: 42496K(42496K)->0K(47616K) From: 80576K(80896K)->85216K(150016K)
[22.692s][info][gc,heap        ] GC(191) ParOldGen: 3304075K(3544064K)->3342307K(3544064K)
[22.692s][info][gc,metaspace   ] GC(191) Metaspace: 6299K(6464K)->6299K(6464K) NonClass: 5765K(5824K)->5765K(5824K) Class: 533K(640K)->533K(640K)
[22.692s][info][gc             ] GC(191) Pause Young (Allocation Failure) 3346M->3347M(3654M) 68.516ms
[22.692s][info][gc,cpu         ] GC(191) User=0.39s Sys=0.02s Real=0.07s
[22.745s][info][gc,start       ] GC(192) Pause Young (Allocation Failure)
[22.817s][info][gc,heap        ] GC(192) PSYoungGen: 132832K(197632K)->90400K(204288K) Eden: 47616K(47616K)->0K(47616K) From: 85216K(150016K)->90400K(156672K)
[22.817s][info][gc,heap        ] GC(192) ParOldGen: 3342307K(3544064K)->3385179K(3544064K)
[22.817s][info][gc,metaspace   ] GC(192) Metaspace: 6299K(6464K)->6299K(6464K) NonClass: 5765K(5824K)->5765K(5824K) Class: 533K(640K)->533K(640K)
[22.817s][info][gc             ] GC(192) Pause Young (Allocation Failure) 3393M->3394M(3660M) 72.123ms
[22.817s][info][gc,cpu         ] GC(192) User=0.31s Sys=0.02s Real=0.07s
[22.862s][info][gc,start       ] GC(193) Pause Young (Allocation Failure)
[22.933s][info][gc,heap        ] GC(193) PSYoungGen: 138016K(204288K)->95520K(201728K) Eden: 47616K(47616K)->0K(53248K) From: 90400K(156672K)->95520K(148480K)
[22.933s][info][gc,heap        ] GC(193) ParOldGen: 3385179K(3544064K)->3428059K(3544064K)
[22.933s][info][gc,metaspace   ] GC(193) Metaspace: 6299K(6464K)->6299K(6464K) NonClass: 5765K(5824K)->5765K(5824K) Class: 533K(640K)->533K(640K)
[22.933s][info][gc             ] GC(193) Pause Young (Allocation Failure) 3440M->3440M(3658M) 71.764ms
[22.933s][info][gc,cpu         ] GC(193) User=0.31s Sys=0.00s Real=0.07s
[22.990s][info][gc,start       ] GC(194) Pause Young (Allocation Failure)
[23.066s][info][gc,heap        ] GC(194) PSYoungGen: 148768K(201728K)->101184K(203776K) Eden: 53248K(53248K)->0K(53248K) From: 95520K(148480K)->101184K(150528K)
[23.066s][info][gc,heap        ] GC(194) ParOldGen: 3428059K(3544064K)->3476123K(3544064K)
[23.066s][info][gc,metaspace   ] GC(194) Metaspace: 6299K(6464K)->6299K(6464K) NonClass: 5765K(5824K)->5765K(5824K) Class: 533K(640K)->533K(640K)
[23.066s][info][gc             ] GC(194) Pause Young (Allocation Failure) 3492M->3493M(3660M) 75.592ms
[23.066s][info][gc,cpu         ] GC(194) User=0.48s Sys=0.00s Real=0.08s
[23.066s][info][gc,start       ] GC(195) Pause Full (Ergonomics)
[23.066s][info][gc,phases,start] GC(195) Marking Phase
[23.865s][info][gc,phases      ] GC(195) Marking Phase 798.898ms
[23.865s][info][gc,phases,start] GC(195) Summary Phase
[23.865s][info][gc,phases      ] GC(195) Summary Phase 0.073ms
[23.865s][info][gc,phases,start] GC(195) Adjust Roots
[23.865s][info][gc,phases      ] GC(195) Adjust Roots 0.244ms
[23.865s][info][gc,phases,start] GC(195) Compaction Phase
[24.632s][info][gc,phases      ] GC(195) Compaction Phase 767.027ms
[24.632s][info][gc,phases,start] GC(195) Post Compact
[24.639s][info][gc,phases      ] GC(195) Post Compact 6.998ms
[24.640s][info][gc,heap        ] GC(195) PSYoungGen: 101184K(203776K)->30305K(203776K) Eden: 0K(53248K)->0K(53248K) From: 101184K(150528K)->30305K(150528K)
[24.640s][info][gc,heap        ] GC(195) ParOldGen: 3476123K(3544064K)->3543893K(3890688K)
[24.640s][info][gc,metaspace   ] GC(195) Metaspace: 6299K(6464K)->6299K(6464K) NonClass: 5765K(5824K)->5765K(5824K) Class: 533K(640K)->533K(640K)
[24.640s][info][gc             ] GC(195) Pause Full (Ergonomics) 3493M->3490M(3998M) 1574.764ms
[24.641s][info][gc,cpu         ] GC(195) User=11.03s Sys=0.09s Real=1.57s
[24.699s][info][gc,start       ] GC(196) Pause Young (Allocation Failure)
[24.887s][info][gc,heap        ] GC(196) PSYoungGen: 83553K(203776K)->54560K(205312K) Eden: 53248K(53248K)->0K(58368K) From: 30305K(150528K)->54560K(146944K)
[24.887s][info][gc,heap        ] GC(196) ParOldGen: 3543893K(3890688K)->3573389K(3890688K)
[24.887s][info][gc,metaspace   ] GC(196) Metaspace: 6299K(6464K)->6299K(6464K) NonClass: 5765K(5824K)->5765K(5824K) Class: 533K(640K)->533K(640K)
[24.887s][info][gc             ] GC(196) Pause Young (Allocation Failure) 3542M->3542M(4000M) 187.625ms
[24.887s][info][gc,cpu         ] GC(196) User=1.31s Sys=0.08s Real=0.19s
[24.950s][info][gc,start       ] GC(197) Pause Young (Allocation Failure)
[25.017s][info][gc,heap        ] GC(197) PSYoungGen: 112928K(205312K)->113024K(207872K) Eden: 58368K(58368K)->0K(58368K) From: 54560K(146944K)->113024K(149504K)
[25.017s][info][gc,heap        ] GC(197) ParOldGen: 3573389K(3890688K)->3573389K(3890688K)
[25.017s][info][gc,metaspace   ] GC(197) Metaspace: 6299K(6464K)->6299K(6464K) NonClass: 5765K(5824K)->5765K(5824K) Class: 533K(640K)->533K(640K)
[25.017s][info][gc             ] GC(197) Pause Young (Allocation Failure) 3599M->3600M(4002M) 67.280ms
[25.017s][info][gc,cpu         ] GC(197) User=0.27s Sys=0.00s Real=0.07s
[25.078s][info][gc,start       ] GC(198) Pause Young (Allocation Failure)
[25.163s][info][gc,heap        ] GC(198) PSYoungGen: 171392K(207872K)->154112K(193024K) Eden: 58368K(58368K)->0K(38912K) From: 113024K(149504K)->154112K(154112K)
[25.163s][info][gc,heap        ] GC(198) ParOldGen: 3573389K(3890688K)->3590789K(3890688K)
[25.163s][info][gc,metaspace   ] GC(198) Metaspace: 6299K(6464K)->6299K(6464K) NonClass: 5765K(5824K)->5765K(5824K) Class: 533K(640K)->533K(640K)
[25.163s][info][gc             ] GC(198) Pause Young (Allocation Failure) 3657M->3657M(3988M) 85.629ms
[25.163s][info][gc,cpu         ] GC(198) User=0.64s Sys=0.00s Real=0.09s
[25.202s][info][gc,start       ] GC(199) Pause Young (Allocation Failure)
[25.294s][info][gc,heap        ] GC(199) PSYoungGen: 193024K(193024K)->148000K(218112K) Eden: 38912K(38912K)->0K(38912K) From: 154112K(154112K)->148000K(179200K)
[25.294s][info][gc,heap        ] GC(199) ParOldGen: 3590789K(3890688K)->3636357K(3890688K)
[25.294s][info][gc,metaspace   ] GC(199) Metaspace: 6299K(6464K)->6299K(6464K) NonClass: 5765K(5824K)->5765K(5824K) Class: 533K(640K)->533K(640K)
[25.294s][info][gc             ] GC(199) Pause Young (Allocation Failure) 3695M->3695M(4012M) 92.159ms
[25.295s][info][gc,cpu         ] GC(199) User=0.72s Sys=0.02s Real=0.09s
[25.334s][info][gc,start       ] GC(200) Pause Young (Allocation Failure)
[25.424s][info][gc,heap        ] GC(200) PSYoungGen: 186912K(218112K)->132224K(231424K) Eden: 38912K(38912K)->0K(40448K) From: 148000K(179200K)->132224K(190976K)
[25.424s][info][gc,heap        ] GC(200) ParOldGen: 3636357K(3890688K)->3691509K(3890688K)
[25.424s][info][gc,metaspace   ] GC(200) Metaspace: 6299K(6464K)->6299K(6464K) NonClass: 5765K(5824K)->5765K(5824K) Class: 533K(640K)->533K(640K)
[25.424s][info][gc             ] GC(200) Pause Young (Allocation Failure) 3733M->3734M(4025M) 90.286ms
[25.424s][info][gc,cpu         ] GC(200) User=0.58s Sys=0.06s Real=0.09s
[25.471s][info][gc,start       ] GC(201) Pause Young (Allocation Failure)
[25.559s][info][gc,heap        ] GC(201) PSYoungGen: 172672K(231424K)->118560K(234496K) Eden: 40448K(40448K)->0K(40448K) From: 132224K(190976K)->118560K(194048K)
[25.559s][info][gc,heap        ] GC(201) ParOldGen: 3691509K(3890688K)->3746061K(3890688K)
[25.559s][info][gc,metaspace   ] GC(201) Metaspace: 6299K(6464K)->6299K(6464K) NonClass: 5765K(5824K)->5765K(5824K) Class: 533K(640K)->533K(640K)
[25.559s][info][gc             ] GC(201) Pause Young (Allocation Failure) 3773M->3774M(4028M) 88.091ms
[25.559s][info][gc,cpu         ] GC(201) User=0.47s Sys=0.00s Real=0.09s
[25.605s][info][gc,start       ] GC(202) Pause Young (Allocation Failure)
[25.685s][info][gc,heap        ] GC(202) PSYoungGen: 159008K(234496K)->120128K(230400K) Eden: 40448K(40448K)->0K(45568K) From: 118560K(194048K)->120128K(184832K)
[25.685s][info][gc,heap        ] GC(202) ParOldGen: 3746061K(3890688K)->3785325K(3890688K)
[25.685s][info][gc,metaspace   ] GC(202) Metaspace: 6299K(6464K)->6299K(6464K) NonClass: 5765K(5824K)->5765K(5824K) Class: 533K(640K)->533K(640K)
[25.685s][info][gc             ] GC(202) Pause Young (Allocation Failure) 3813M->3813M(4024M) 80.727ms
[25.685s][info][gc,cpu         ] GC(202) User=0.52s Sys=0.00s Real=0.08s
[25.730s][info][gc,start       ] GC(203) Pause Young (Allocation Failure)
[25.814s][info][gc,heap        ] GC(203) PSYoungGen: 165696K(230400K)->126784K(233472K) Eden: 45568K(45568K)->0K(45568K) From: 120128K(184832K)->126784K(187904K)
[25.814s][info][gc,heap        ] GC(203) ParOldGen: 3785325K(3890688K)->3824613K(3890688K)
[25.814s][info][gc,metaspace   ] GC(203) Metaspace: 6299K(6464K)->6299K(6464K) NonClass: 5765K(5824K)->5765K(5824K) Class: 533K(640K)->533K(640K)
[25.814s][info][gc             ] GC(203) Pause Young (Allocation Failure) 3858M->3858M(4027M) 83.276ms
[25.814s][info][gc,cpu         ] GC(203) User=0.52s Sys=0.02s Real=0.08s
[25.814s][info][gc,start       ] GC(204) Pause Full (Ergonomics)
[25.814s][info][gc,phases,start] GC(204) Marking Phase
[26.698s][info][gc,phases      ] GC(204) Marking Phase 884.158ms
[26.698s][info][gc,phases,start] GC(204) Summary Phase
[26.698s][info][gc,phases      ] GC(204) Summary Phase 0.053ms
[26.698s][info][gc,phases,start] GC(204) Adjust Roots
[26.698s][info][gc,phases      ] GC(204) Adjust Roots 0.165ms
[26.698s][info][gc,phases,start] GC(204) Compaction Phase
[27.103s][info][gc,phases      ] GC(204) Compaction Phase 404.533ms
[27.103s][info][gc,phases,start] GC(204) Post Compact
[27.110s][info][gc,phases      ] GC(204) Post Compact 7.512ms
[27.112s][info][gc,heap        ] GC(204) PSYoungGen: 126784K(233472K)->57891K(233472K) Eden: 0K(45568K)->0K(45568K) From: 126784K(187904K)->57891K(187904K)
[27.112s][info][gc,heap        ] GC(204) ParOldGen: 3824613K(3890688K)->3890325K(4261376K)
[27.112s][info][gc,metaspace   ] GC(204) Metaspace: 6299K(6464K)->6299K(6464K) NonClass: 5765K(5824K)->5765K(5824K) Class: 533K(640K)->533K(640K)
[27.112s][info][gc             ] GC(204) Pause Full (Ergonomics) 3858M->3855M(4389M) 1297.892ms
[27.112s][info][gc,cpu         ] GC(204) User=9.33s Sys=0.05s Real=1.30s
[27.157s][info][gc,start       ] GC(205) Pause Young (Allocation Failure)
[27.381s][info][gc,heap        ] GC(205) PSYoungGen: 103459K(233472K)->74816K(232448K) Eden: 45568K(45568K)->0K(50688K) From: 57891K(187904K)->74816K(181760K)
[27.381s][info][gc,heap        ] GC(205) ParOldGen: 3890325K(4261376K)->3919525K(4261376K)
[27.381s][info][gc,metaspace   ] GC(205) Metaspace: 6299K(6464K)->6299K(6464K) NonClass: 5765K(5824K)->5765K(5824K) Class: 533K(640K)->533K(640K)
[27.381s][info][gc             ] GC(205) Pause Young (Allocation Failure) 3900M->3900M(4388M) 223.987ms
[27.381s][info][gc,cpu         ] GC(205) User=1.47s Sys=0.03s Real=0.22s
[27.435s][info][gc,start       ] GC(206) Pause Young (Allocation Failure)
[27.506s][info][gc,heap        ] GC(206) PSYoungGen: 125504K(232448K)->96544K(147456K) Eden: 50688K(50688K)->0K(50688K) From: 74816K(181760K)->96544K(96768K)
[27.506s][info][gc,heap        ] GC(206) ParOldGen: 3919525K(4261376K)->3948813K(4261376K)
[27.506s][info][gc,metaspace   ] GC(206) Metaspace: 6299K(6464K)->6299K(6464K) NonClass: 5765K(5824K)->5765K(5824K) Class: 533K(640K)->533K(640K)
[27.506s][info][gc             ] GC(206) Pause Young (Allocation Failure) 3950M->3950M(4305M) 70.961ms
[27.506s][info][gc,cpu         ] GC(206) User=0.44s Sys=0.00s Real=0.07s
[27.565s][info][gc,start       ] GC(207) Pause Young (Allocation Failure)
[27.643s][info][gc,heap        ] GC(207) PSYoungGen: 147232K(147456K)->101664K(220672K) Eden: 50688K(50688K)->0K(56320K) From: 96544K(96768K)->101664K(164352K)
[27.643s][info][gc,heap        ] GC(207) ParOldGen: 3948813K(4261376K)->3994789K(4261376K)
[27.643s][info][gc,metaspace   ] GC(207) Metaspace: 6299K(6464K)->6299K(6464K) NonClass: 5765K(5824K)->5765K(5824K) Class: 533K(640K)->533K(640K)
[27.643s][info][gc             ] GC(207) Pause Young (Allocation Failure) 4000M->4000M(4377M) 78.423ms
[27.643s][info][gc,cpu         ] GC(207) User=0.42s Sys=0.09s Real=0.08s
[27.705s][info][gc,start       ] GC(208) Pause Young (Allocation Failure)
[27.788s][info][gc,heap        ] GC(208) PSYoungGen: 157984K(220672K)->107296K(227840K) Eden: 56320K(56320K)->0K(56320K) From: 101664K(164352K)->107296K(171520K)
[27.788s][info][gc,heap        ] GC(208) ParOldGen: 3994789K(4261376K)->4045925K(4261376K)
[27.788s][info][gc,metaspace   ] GC(208) Metaspace: 6299K(6464K)->6299K(6464K) NonClass: 5765K(5824K)->5765K(5824K) Class: 533K(640K)->533K(640K)
[27.788s][info][gc             ] GC(208) Pause Young (Allocation Failure) 4055M->4055M(4384M) 83.732ms
[27.788s][info][gc,cpu         ] GC(208) User=0.53s Sys=0.00s Real=0.08s
[27.841s][info][gc,start       ] GC(209) Pause Young (Allocation Failure)
[27.927s][info][gc,heap        ] GC(209) PSYoungGen: 163616K(227840K)->112960K(224256K) Eden: 56320K(56320K)->0K(62976K) From: 107296K(171520K)->112960K(161280K)
[27.927s][info][gc,heap        ] GC(209) ParOldGen: 4045925K(4261376K)->4097069K(4261376K)
[27.927s][info][gc,metaspace   ] GC(209) Metaspace: 6299K(6464K)->6299K(6464K) NonClass: 5765K(5824K)->5765K(5824K) Class: 533K(640K)->533K(640K)
[27.927s][info][gc             ] GC(209) Pause Young (Allocation Failure) 4110M->4111M(4380M) 86.025ms
[27.927s][info][gc,cpu         ] GC(209) User=0.42s Sys=0.00s Real=0.09s
[27.995s][info][gc,start       ] GC(210) Pause Young (Allocation Failure)
[28.086s][info][gc,heap        ] GC(210) PSYoungGen: 175936K(224256K)->119616K(226304K) Eden: 62976K(62976K)->0K(62976K) From: 112960K(161280K)->119616K(163328K)
[28.086s][info][gc,heap        ] GC(210) ParOldGen: 4097069K(4261376K)->4153917K(4261376K)
[28.086s][info][gc,metaspace   ] GC(210) Metaspace: 6299K(6464K)->6299K(6464K) NonClass: 5765K(5824K)->5765K(5824K) Class: 533K(640K)->533K(640K)
[28.086s][info][gc             ] GC(210) Pause Young (Allocation Failure) 4172M->4173M(4382M) 91.247ms
[28.086s][info][gc,cpu         ] GC(210) User=0.61s Sys=0.03s Real=0.09s
[28.164s][info][gc,start       ] GC(211) Pause Young (Allocation Failure)
[28.258s][info][gc,heap        ] GC(211) PSYoungGen: 182592K(226304K)->126272K(231424K) Eden: 62976K(62976K)->0K(68608K) From: 119616K(163328K)->126272K(162816K)
[28.258s][info][gc,heap        ] GC(211) ParOldGen: 4153917K(4261376K)->4210757K(4261376K)
[28.259s][info][gc,metaspace   ] GC(211) Metaspace: 6299K(6464K)->6299K(6464K) NonClass: 5765K(5824K)->5765K(5824K) Class: 533K(640K)->533K(640K)
[28.259s][info][gc             ] GC(211) Pause Young (Allocation Failure) 4234M->4235M(4387M) 94.300ms
[28.259s][info][gc,cpu         ] GC(211) User=0.64s Sys=0.00s Real=0.09s
[28.259s][info][gc,start       ] GC(212) Pause Full (Ergonomics)
[28.259s][info][gc,phases,start] GC(212) Marking Phase
[29.220s][info][gc,phases      ] GC(212) Marking Phase 961.043ms
[29.220s][info][gc,phases,start] GC(212) Summary Phase
[29.220s][info][gc,phases      ] GC(212) Summary Phase 0.076ms
[29.220s][info][gc,phases,start] GC(212) Adjust Roots
[29.220s][info][gc,phases      ] GC(212) Adjust Roots 0.245ms
[29.220s][info][gc,phases,start] GC(212) Compaction Phase
[29.651s][info][gc,phases      ] GC(212) Compaction Phase 430.512ms
[29.651s][info][gc,phases,start] GC(212) Post Compact
[29.657s][info][gc,phases      ] GC(212) Post Compact 6.584ms
[29.659s][info][gc,heap        ] GC(212) PSYoungGen: 126272K(231424K)->72216K(231424K) Eden: 0K(68608K)->0K(68608K) From: 126272K(162816K)->72216K(162816K)
[29.659s][info][gc,heap        ] GC(212) ParOldGen: 4210757K(4261376K)->4261322K(4669440K)
[29.659s][info][gc,metaspace   ] GC(212) Metaspace: 6299K(6464K)->6299K(6464K) NonClass: 5765K(5824K)->5765K(5824K) Class: 533K(640K)->533K(640K)
[29.659s][info][gc             ] GC(212) Pause Full (Ergonomics) 4235M->4231M(4786M) 1400.064ms
[29.659s][info][gc,cpu         ] GC(212) User=10.06s Sys=0.03s Real=1.40s
[29.742s][info][gc,start       ] GC(213) Pause Young (Allocation Failure)
[30.013s][info][gc,heap        ] GC(213) PSYoungGen: 140824K(231424K)->100704K(233472K) Eden: 68608K(68608K)->0K(68608K) From: 72216K(162816K)->100704K(164864K)
[30.013s][info][gc,heap        ] GC(213) ParOldGen: 4261322K(4669440K)->4302178K(4669440K)
[30.013s][info][gc,metaspace   ] GC(213) Metaspace: 6299K(6464K)->6299K(6464K) NonClass: 5765K(5824K)->5765K(5824K) Class: 533K(640K)->533K(640K)
[30.013s][info][gc             ] GC(213) Pause Young (Allocation Failure) 4298M->4299M(4788M) 270.539ms
[30.013s][info][gc,cpu         ] GC(213) User=1.78s Sys=0.03s Real=0.27s
[30.080s][info][gc,start       ] GC(214) Pause Young (Allocation Failure)
[30.176s][info][gc,heap        ] GC(214) PSYoungGen: 169312K(233472K)->160256K(217600K) Eden: 68608K(68608K)->0K(57344K) From: 100704K(164864K)->160256K(160256K)
[30.176s][info][gc,heap        ] GC(214) ParOldGen: 4302178K(4669440K)->4311306K(4669440K)
[30.176s][info][gc,metaspace   ] GC(214) Metaspace: 6299K(6464K)->6299K(6464K) NonClass: 5765K(5824K)->5765K(5824K) Class: 533K(640K)->533K(640K)
[30.176s][info][gc             ] GC(214) Pause Young (Allocation Failure) 4366M->4366M(4772M) 95.583ms
[30.176s][info][gc,cpu         ] GC(214) User=0.61s Sys=0.03s Real=0.10s
[30.236s][info][gc,start       ] GC(215) Pause Young (Allocation Failure)
[30.353s][info][gc,heap        ] GC(215) PSYoungGen: 217600K(217600K)->121280K(235520K) Eden: 57344K(57344K)->0K(57344K) From: 160256K(160256K)->121280K(178176K)
[30.353s][info][gc,heap        ] GC(215) ParOldGen: 4311306K(4669440K)->4408498K(4669440K)
[30.353s][info][gc,metaspace   ] GC(215) Metaspace: 6299K(6464K)->6299K(6464K) NonClass: 5765K(5824K)->5765K(5824K) Class: 533K(640K)->533K(640K)
[30.353s][info][gc             ] GC(215) Pause Young (Allocation Failure) 4422M->4423M(4790M) 116.905ms
[30.353s][info][gc,cpu         ] GC(215) User=0.78s Sys=0.05s Real=0.12s
[30.427s][info][gc,start       ] GC(216) Pause Young (Allocation Failure)
[30.525s][info][gc,heap        ] GC(216) PSYoungGen: 178624K(235520K)->115040K(226304K) Eden: 57344K(57344K)->0K(64000K) From: 121280K(178176K)->115040K(162304K)
[30.525s][info][gc,heap        ] GC(216) ParOldGen: 4408498K(4669440K)->4472722K(4669440K)
[30.525s][info][gc,metaspace   ] GC(216) Metaspace: 6299K(6464K)->6299K(6464K) NonClass: 5765K(5824K)->5765K(5824K) Class: 533K(640K)->533K(640K)
[30.525s][info][gc             ] GC(216) Pause Young (Allocation Failure) 4479M->4480M(4781M) 98.536ms
[30.525s][info][gc,cpu         ] GC(216) User=0.59s Sys=0.05s Real=0.10s
[30.597s][info][gc,start       ] GC(217) Pause Young (Allocation Failure)
[30.694s][info][gc,heap        ] GC(217) PSYoungGen: 179040K(226304K)->121632K(232448K) Eden: 64000K(64000K)->0K(64000K) From: 115040K(162304K)->121632K(168448K)
[30.694s][info][gc,heap        ] GC(217) ParOldGen: 4472722K(4669440K)->4530594K(4669440K)
[30.694s][info][gc,metaspace   ] GC(217) Metaspace: 6299K(6464K)->6299K(6464K) NonClass: 5765K(5824K)->5765K(5824K) Class: 533K(640K)->533K(640K)
[30.694s][info][gc             ] GC(217) Pause Young (Allocation Failure) 4542M->4543M(4787M) 96.786ms
[30.694s][info][gc,cpu         ] GC(217) User=0.59s Sys=0.05s Real=0.10s
[30.759s][info][gc,start       ] GC(218) Pause Young (Allocation Failure)
[30.861s][info][gc,heap        ] GC(218) PSYoungGen: 185632K(232448K)->128384K(237056K) Eden: 64000K(64000K)->0K(71168K) From: 121632K(168448K)->128384K(165888K)
[30.861s][info][gc,heap        ] GC(218) ParOldGen: 4530594K(4669440K)->4588466K(4669440K)
[30.861s][info][gc,metaspace   ] GC(218) Metaspace: 6299K(6464K)->6299K(6464K) NonClass: 5765K(5824K)->5765K(5824K) Class: 533K(640K)->533K(640K)
[30.861s][info][gc             ] GC(218) Pause Young (Allocation Failure) 4605M->4606M(4791M) 101.681ms
[30.861s][info][gc,cpu         ] GC(218) User=0.64s Sys=0.02s Real=0.10s
[30.861s][info][gc,start       ] GC(219) Pause Full (Ergonomics)
[30.861s][info][gc,phases,start] GC(219) Marking Phase
[31.926s][info][gc,phases      ] GC(219) Marking Phase 1065.413ms
[31.926s][info][gc,phases,start] GC(219) Summary Phase
[31.926s][info][gc,phases      ] GC(219) Summary Phase 0.063ms
[31.926s][info][gc,phases,start] GC(219) Adjust Roots
[31.927s][info][gc,phases      ] GC(219) Adjust Roots 0.170ms
[31.927s][info][gc,phases,start] GC(219) Compaction Phase
[32.350s][info][gc,phases      ] GC(219) Compaction Phase 423.545ms
[32.350s][info][gc,phases,start] GC(219) Post Compact
[32.357s][info][gc,phases      ] GC(219) Post Compact 7.088ms
[32.359s][info][gc,heap        ] GC(219) PSYoungGen: 128384K(237056K)->44142K(237056K) Eden: 0K(71168K)->0K(71168K) From: 128384K(165888K)->44142K(165888K)
[32.359s][info][gc,heap        ] GC(219) ParOldGen: 4588466K(4669440K)->4669115K(5130240K)
[32.359s][info][gc,metaspace   ] GC(219) Metaspace: 6299K(6464K)->6299K(6464K) NonClass: 5765K(5824K)->5765K(5824K) Class: 533K(640K)->533K(640K)
[32.359s][info][gc             ] GC(219) Pause Full (Ergonomics) 4606M->4602M(5241M) 1498.040ms
[32.359s][info][gc,cpu         ] GC(219) User=10.86s Sys=0.11s Real=1.50s
[32.448s][info][gc,start       ] GC(220) Pause Young (Allocation Failure)
[32.723s][info][gc,heap        ] GC(220) PSYoungGen: 115310K(237056K)->89312K(237056K) Eden: 71168K(71168K)->0K(71168K) From: 44142K(165888K)->89312K(165888K)
[32.723s][info][gc,heap        ] GC(220) ParOldGen: 4669115K(5130240K)->4695627K(5130240K)
[32.723s][info][gc,metaspace   ] GC(220) Metaspace: 6299K(6464K)->6299K(6464K) NonClass: 5765K(5824K)->5765K(5824K) Class: 533K(640K)->533K(640K)
[32.723s][info][gc             ] GC(220) Pause Young (Allocation Failure) 4672M->4672M(5241M) 275.678ms
[32.723s][info][gc,cpu         ] GC(220) User=1.73s Sys=0.00s Real=0.28s
[32.802s][info][gc,start       ] GC(221) Pause Young (Allocation Failure)
[32.893s][info][gc,heap        ] GC(221) PSYoungGen: 160480K(237056K)->160608K(230912K) Eden: 71168K(71168K)->0K(65536K) From: 89312K(165888K)->160608K(165376K)
[32.893s][info][gc,heap        ] GC(221) ParOldGen: 4695627K(5130240K)->4695627K(5130240K)
[32.893s][info][gc,metaspace   ] GC(221) Metaspace: 6299K(6464K)->6299K(6464K) NonClass: 5765K(5824K)->5765K(5824K) Class: 533K(640K)->533K(640K)
[32.893s][info][gc             ] GC(221) Pause Young (Allocation Failure) 4742M->4742M(5235M) 91.076ms
[32.893s][info][gc,cpu         ] GC(221) User=0.62s Sys=0.00s Real=0.09s
[32.960s][info][gc,start       ] GC(222) Pause Young (Allocation Failure)
[33.078s][info][gc,heap        ] GC(222) PSYoungGen: 226144K(230912K)->177664K(243200K) Eden: 65536K(65536K)->0K(65536K) From: 160608K(165376K)->177664K(177664K)
[33.078s][info][gc,heap        ] GC(222) ParOldGen: 4695627K(5130240K)->4744507K(5130240K)
[33.078s][info][gc,metaspace   ] GC(222) Metaspace: 6299K(6464K)->6299K(6464K) NonClass: 5765K(5824K)->5765K(5824K) Class: 533K(640K)->533K(640K)
[33.078s][info][gc             ] GC(222) Pause Young (Allocation Failure) 4806M->4806M(5247M) 117.739ms
[33.078s][info][gc,cpu         ] GC(222) User=0.78s Sys=0.00s Real=0.12s
[33.150s][info][gc,start       ] GC(223) Pause Young (Allocation Failure)
[33.288s][info][gc,heap        ] GC(223) PSYoungGen: 243200K(243200K)->178048K(274944K) Eden: 65536K(65536K)->0K(62976K) From: 177664K(177664K)->178048K(211968K)
[33.288s][info][gc,heap        ] GC(223) ParOldGen: 4744507K(5130240K)->4810379K(5130240K)
[33.288s][info][gc,metaspace   ] GC(223) Metaspace: 6299K(6464K)->6299K(6464K) NonClass: 5765K(5824K)->5765K(5824K) Class: 533K(640K)->533K(640K)
[33.288s][info][gc             ] GC(223) Pause Young (Allocation Failure) 4870M->4871M(5278M) 138.439ms
[33.288s][info][gc,cpu         ] GC(223) User=0.97s Sys=0.05s Real=0.14s
[33.365s][info][gc,start       ] GC(224) Pause Young (Allocation Failure)
[33.499s][info][gc,heap        ] GC(224) PSYoungGen: 241024K(274944K)->186272K(284672K) Eden: 62976K(62976K)->0K(62976K) From: 178048K(211968K)->186272K(221696K)
[33.499s][info][gc,heap        ] GC(224) ParOldGen: 4810379K(5130240K)->4865619K(5130240K)
[33.499s][info][gc,metaspace   ] GC(224) Metaspace: 6299K(6464K)->6299K(6464K) NonClass: 5765K(5824K)->5765K(5824K) Class: 533K(640K)->533K(640K)
[33.499s][info][gc             ] GC(224) Pause Young (Allocation Failure) 4933M->4933M(5288M) 134.563ms
[33.499s][info][gc,cpu         ] GC(224) User=0.91s Sys=0.02s Real=0.13s
[33.571s][info][gc,start       ] GC(225) Pause Young (Allocation Failure)
[33.709s][info][gc,heap        ] GC(225) PSYoungGen: 249248K(284672K)->191936K(292352K) Eden: 62976K(62976K)->0K(60416K) From: 186272K(221696K)->191936K(231936K)
[33.709s][info][gc,heap        ] GC(225) ParOldGen: 4865619K(5130240K)->4923467K(5130240K)
[33.709s][info][gc,metaspace   ] GC(225) Metaspace: 6299K(6464K)->6299K(6464K) NonClass: 5765K(5824K)->5765K(5824K) Class: 533K(640K)->533K(640K)
[33.709s][info][gc             ] GC(225) Pause Young (Allocation Failure) 4994M->4995M(5295M) 138.338ms
[33.709s][info][gc,cpu         ] GC(225) User=0.88s Sys=0.12s Real=0.14s
[33.776s][info][gc,start       ] GC(226) Pause Young (Allocation Failure)
[33.916s][info][gc,heap        ] GC(226) PSYoungGen: 252352K(292352K)->186816K(302592K) Eden: 60416K(60416K)->0K(60416K) From: 191936K(231936K)->186816K(242176K)
[33.916s][info][gc,heap        ] GC(226) ParOldGen: 4923467K(5130240K)->4989611K(5130240K)
[33.916s][info][gc,metaspace   ] GC(226) Metaspace: 6299K(6464K)->6299K(6464K) NonClass: 5765K(5824K)->5765K(5824K) Class: 533K(640K)->533K(640K)
[33.916s][info][gc             ] GC(226) Pause Young (Allocation Failure) 5054M->5055M(5305M) 140.033ms
[33.916s][info][gc,cpu         ] GC(226) User=0.97s Sys=0.05s Real=0.14s
[33.987s][info][gc,start       ] GC(227) Pause Young (Allocation Failure)
[34.132s][info][gc,heap        ] GC(227) PSYoungGen: 247232K(302592K)->121152K(307200K) Eden: 60416K(60416K)->0K(68608K) From: 186816K(242176K)->121152K(238592K)
[34.132s][info][gc,heap        ] GC(227) ParOldGen: 4989611K(5130240K)->5116667K(5130240K)
[34.132s][info][gc,metaspace   ] GC(227) Metaspace: 6299K(6464K)->6299K(6464K) NonClass: 5765K(5824K)->5765K(5824K) Class: 533K(640K)->533K(640K)
[34.132s][info][gc             ] GC(227) Pause Young (Allocation Failure) 5114M->5115M(5310M) 144.310ms
[34.132s][info][gc,cpu         ] GC(227) User=0.97s Sys=0.05s Real=0.14s
[34.132s][info][gc,start       ] GC(228) Pause Full (Ergonomics)
[34.132s][info][gc,phases,start] GC(228) Marking Phase
[35.332s][info][gc,phases      ] GC(228) Marking Phase 1200.537ms
[35.332s][info][gc,phases,start] GC(228) Summary Phase
[35.333s][info][gc,phases      ] GC(228) Summary Phase 0.056ms
[35.333s][info][gc,phases,start] GC(228) Adjust Roots
[35.333s][info][gc,phases      ] GC(228) Adjust Roots 0.184ms
[35.333s][info][gc,phases,start] GC(228) Compaction Phase
[35.818s][info][gc,phases      ] GC(228) Compaction Phase 485.316ms
[35.818s][info][gc,phases,start] GC(228) Post Compact
[35.826s][info][gc,phases      ] GC(228) Post Compact 7.888ms
[35.828s][info][gc,heap        ] GC(228) PSYoungGen: 121152K(307200K)->103395K(311808K) Eden: 0K(68608K)->0K(73216K) From: 121152K(238592K)->103395K(238592K)
[35.828s][info][gc,heap        ] GC(228) ParOldGen: 5116667K(5130240K)->5129806K(5652992K)
[35.828s][info][gc,metaspace   ] GC(228) Metaspace: 6299K(6464K)->6299K(6464K) NonClass: 5765K(5824K)->5765K(5824K) Class: 533K(640K)->533K(640K)
[35.828s][info][gc             ] GC(228) Pause Full (Ergonomics) 5115M->5110M(5825M) 1695.965ms
[35.828s][info][gc,cpu         ] GC(228) User=12.64s Sys=0.02s Real=1.69s
[35.913s][info][gc,start       ] GC(229) Pause Young (Allocation Failure)
[36.246s][info][gc,heap        ] GC(229) PSYoungGen: 176611K(311808K)->73472K(316416K) Eden: 73216K(73216K)->0K(73216K) From: 103395K(238592K)->73472K(243200K)
[36.246s][info][gc,heap        ] GC(229) ParOldGen: 5129806K(5652992K)->5234166K(5652992K)
[36.246s][info][gc,metaspace   ] GC(229) Metaspace: 6299K(6464K)->6299K(6464K) NonClass: 5765K(5824K)->5765K(5824K) Class: 533K(640K)->533K(640K)
[36.246s][info][gc             ] GC(229) Pause Young (Allocation Failure) 5182M->5183M(5829M) 333.753ms
[36.246s][info][gc,cpu         ] GC(229) User=2.03s Sys=0.14s Real=0.33s
[36.329s][info][gc,start       ] GC(230) Pause Young (Allocation Failure)
[36.418s][info][gc,heap        ] GC(230) PSYoungGen: 146688K(316416K)->73472K(326144K) Eden: 73216K(73216K)->0K(80384K) From: 73472K(243200K)->73472K(245760K)
[36.418s][info][gc,heap        ] GC(230) ParOldGen: 5234166K(5652992K)->5308046K(5652992K)
[36.418s][info][gc,metaspace   ] GC(230) Metaspace: 6299K(6464K)->6299K(6464K) NonClass: 5765K(5824K)->5765K(5824K) Class: 533K(640K)->533K(640K)
[36.418s][info][gc             ] GC(230) Pause Young (Allocation Failure) 5254M->5255M(5839M) 88.922ms
[36.418s][info][gc,cpu         ] GC(230) User=0.59s Sys=0.03s Real=0.09s
[36.511s][info][gc,start       ] GC(231) Pause Young (Allocation Failure)
[36.612s][info][gc,heap        ] GC(231) PSYoungGen: 153856K(326144K)->80640K(326656K) Eden: 80384K(80384K)->0K(80384K) From: 73472K(245760K)->80640K(246272K)
[36.612s][info][gc,heap        ] GC(231) ParOldGen: 5308046K(5652992K)->5381934K(5652992K)
[36.612s][info][gc,metaspace   ] GC(231) Metaspace: 6299K(6464K)->6299K(6464K) NonClass: 5765K(5824K)->5765K(5824K) Class: 533K(640K)->533K(640K)
[36.612s][info][gc             ] GC(231) Pause Young (Allocation Failure) 5333M->5334M(5839M) 101.101ms
[36.612s][info][gc,cpu         ] GC(231) User=0.30s Sys=0.05s Real=0.10s
[36.707s][info][gc,start       ] GC(232) Pause Young (Allocation Failure)
[36.807s][info][gc,heap        ] GC(232) PSYoungGen: 161024K(326656K)->80672K(324608K) Eden: 80384K(80384K)->0K(89088K) From: 80640K(246272K)->80672K(235520K)
[36.807s][info][gc,heap        ] GC(232) ParOldGen: 5381934K(5652992K)->5463046K(5652992K)
[36.807s][info][gc,metaspace   ] GC(232) Metaspace: 6299K(6464K)->6299K(6464K) NonClass: 5765K(5824K)->5765K(5824K) Class: 533K(640K)->533K(640K)
[36.807s][info][gc             ] GC(232) Pause Young (Allocation Failure) 5413M->5413M(5837M) 100.106ms
[36.807s][info][gc,cpu         ] GC(232) User=0.56s Sys=0.08s Real=0.10s
[36.908s][info][gc,start       ] GC(233) Pause Young (Allocation Failure)
[37.011s][info][gc,heap        ] GC(233) PSYoungGen: 169760K(324608K)->89344K(328704K) Eden: 89088K(89088K)->0K(89088K) From: 80672K(235520K)->89344K(239616K)
[37.011s][info][gc,heap        ] GC(233) ParOldGen: 5463046K(5652992K)->5544158K(5652992K)
[37.011s][info][gc,metaspace   ] GC(233) Metaspace: 6299K(6464K)->6299K(6464K) NonClass: 5765K(5824K)->5765K(5824K) Class: 533K(640K)->533K(640K)
[37.011s][info][gc             ] GC(233) Pause Young (Allocation Failure) 5500M->5501M(5841M) 103.600ms
[37.011s][info][gc,cpu         ] GC(233) User=0.64s Sys=0.02s Real=0.10s
[37.011s][info][gc,start       ] GC(234) Pause Full (Ergonomics)
[37.011s][info][gc,phases,start] GC(234) Marking Phase
[38.287s][info][gc,phases      ] GC(234) Marking Phase 1275.608ms
[38.287s][info][gc,phases,start] GC(234) Summary Phase
[38.287s][info][gc,phases      ] GC(234) Summary Phase 0.136ms
[38.287s][info][gc,phases,start] GC(234) Adjust Roots
[38.288s][info][gc,phases      ] GC(234) Adjust Roots 0.278ms
[38.288s][info][gc,phases,start] GC(234) Compaction Phase
[38.796s][info][gc,phases      ] GC(234) Compaction Phase 508.815ms
[38.797s][info][gc,phases,start] GC(234) Post Compact
[38.805s][info][gc,phases      ] GC(234) Post Compact 8.888ms
[38.807s][info][gc,heap        ] GC(234) PSYoungGen: 89344K(328704K)->0K(332288K) Eden: 0K(89088K)->0K(98304K) From: 89344K(239616K)->0K(233984K)
[38.807s][info][gc,heap        ] GC(234) ParOldGen: 5544158K(5652992K)->5629331K(6204416K)
[38.807s][info][gc,metaspace   ] GC(234) Metaspace: 6299K(6464K)->6299K(6464K) NonClass: 5765K(5824K)->5765K(5824K) Class: 533K(640K)->533K(640K)
[38.807s][info][gc             ] GC(234) Pause Full (Ergonomics) 5501M->5497M(6383M) 1795.937ms
[38.807s][info][gc,cpu         ] GC(234) User=13.62s Sys=0.03s Real=1.80s
[38.935s][info][gc,start       ] GC(235) Pause Young (Allocation Failure)
[39.007s][info][gc,heap        ] GC(235) PSYoungGen: 98304K(332288K)->98592K(332288K) Eden: 98304K(98304K)->0K(98304K) From: 0K(233984K)->98592K(233984K)
[39.007s][info][gc,heap        ] GC(235) ParOldGen: 5629331K(6204416K)->5629331K(6204416K)
[39.007s][info][gc,metaspace   ] GC(235) Metaspace: 6299K(6464K)->6299K(6464K) NonClass: 5765K(5824K)->5765K(5824K) Class: 533K(640K)->533K(640K)
[39.007s][info][gc             ] GC(235) Pause Young (Allocation Failure) 5593M->5593M(6383M) 72.386ms
[39.007s][info][gc,cpu         ] GC(235) User=0.41s Sys=0.00s Real=0.07s
[40.157s][info][gc,start       ] GC(236) Pause Young (Allocation Failure)
[40.378s][info][gc,heap        ] GC(236) PSYoungGen: 196896K(332288K)->197120K(313856K) Eden: 98304K(98304K)->0K(88064K) From: 98592K(233984K)->197120K(225792K)
[40.379s][info][gc,heap        ] GC(236) ParOldGen: 5891475K(6204416K)->5891475K(6204416K)
[40.379s][info][gc,metaspace   ] GC(236) Metaspace: 6299K(6464K)->6299K(6464K) NonClass: 5765K(5824K)->5765K(5824K) Class: 533K(640K)->533K(640K)
[40.379s][info][gc             ] GC(236) Pause Young (Allocation Failure) 5945M->5945M(6365M) 221.892ms
[40.379s][info][gc,cpu         ] GC(236) User=1.55s Sys=0.00s Real=0.22s
[40.478s][info][gc,start       ] GC(237) Pause Young (Allocation Failure)
[40.628s][info][gc,heap        ] GC(237) PSYoungGen: 285184K(313856K)->244736K(332800K) Eden: 88064K(88064K)->0K(88064K) From: 197120K(225792K)->244736K(244736K)
[40.628s][info][gc,heap        ] GC(237) ParOldGen: 5891475K(6204416K)->5932243K(6204416K)
[40.628s][info][gc,metaspace   ] GC(237) Metaspace: 6299K(6464K)->6299K(6464K) NonClass: 5765K(5824K)->5765K(5824K) Class: 533K(640K)->533K(640K)
[40.628s][info][gc             ] GC(237) Pause Young (Allocation Failure) 6031M->6032M(6384M) 150.649ms
[40.628s][info][gc,cpu         ] GC(237) User=0.69s Sys=0.00s Real=0.15s
[40.723s][info][gc,start       ] GC(238) Pause Young (Allocation Failure)
[40.888s][info][gc,heap        ] GC(238) PSYoungGen: 332800K(332800K)->163520K(376320K) Eden: 88064K(88064K)->0K(96768K) From: 244736K(244736K)->163520K(279552K)
[40.888s][info][gc,heap        ] GC(238) ParOldGen: 5932243K(6204416K)->6103019K(6204416K)
[40.888s][info][gc,metaspace   ] GC(238) Metaspace: 6299K(6464K)->6299K(6464K) NonClass: 5765K(5824K)->5765K(5824K) Class: 533K(640K)->533K(640K)
[40.888s][info][gc             ] GC(238) Pause Young (Allocation Failure) 6118M->6119M(6426M) 164.316ms
[40.888s][info][gc,cpu         ] GC(238) User=1.00s Sys=0.12s Real=0.16s
[40.888s][info][gc,start       ] GC(239) Pause Full (Ergonomics)
[40.888s][info][gc,phases,start] GC(239) Marking Phase
[42.272s][info][gc,phases      ] GC(239) Marking Phase 1384.651ms
[42.272s][info][gc,phases,start] GC(239) Summary Phase
[42.273s][info][gc,phases      ] GC(239) Summary Phase 0.130ms
[42.273s][info][gc,phases,start] GC(239) Adjust Roots
[42.273s][info][gc,phases      ] GC(239) Adjust Roots 0.164ms
[42.273s][info][gc,phases,start] GC(239) Compaction Phase
[43.211s][info][gc,phases      ] GC(239) Compaction Phase 938.559ms
[43.211s][info][gc,phases,start] GC(239) Post Compact
[43.222s][info][gc,phases      ] GC(239) Post Compact 10.303ms
[43.224s][info][gc,heap        ] GC(239) PSYoungGen: 163520K(376320K)->0K(381952K) Eden: 0K(96768K)->0K(96768K) From: 163520K(279552K)->0K(285184K)
[43.224s][info][gc,heap        ] GC(239) ParOldGen: 6103019K(6204416K)->6133019K(6779392K)
[43.224s][info][gc,metaspace   ] GC(239) Metaspace: 6299K(6464K)->6299K(6464K) NonClass: 5765K(5824K)->5765K(5824K) Class: 533K(640K)->533K(640K)
[43.224s][info][gc             ] GC(239) Pause Full (Ergonomics) 6119M->5989M(6993M) 2335.944ms
[43.224s][info][gc,cpu         ] GC(239) User=16.69s Sys=0.03s Real=2.34s
[43.329s][info][gc,start       ] GC(240) Pause Young (Allocation Failure)
[43.421s][info][gc,heap        ] GC(240) PSYoungGen: 96768K(381952K)->97088K(375808K) Eden: 96768K(96768K)->0K(104448K) From: 0K(285184K)->97088K(271360K)
[43.421s][info][gc,heap        ] GC(240) ParOldGen: 6133019K(6779392K)->6133019K(6779392K)
[43.421s][info][gc,metaspace   ] GC(240) Metaspace: 6299K(6464K)->6299K(6464K) NonClass: 5765K(5824K)->5765K(5824K) Class: 533K(640K)->533K(640K)
[43.421s][info][gc             ] GC(240) Pause Young (Allocation Failure) 6083M->6084M(6987M) 92.134ms
[43.421s][info][gc,cpu         ] GC(240) User=0.17s Sys=0.00s Real=0.09s
[43.531s][info][gc,start       ] GC(241) Pause Young (Allocation Failure)
[43.655s][info][gc,heap        ] GC(241) PSYoungGen: 201536K(375808K)->201696K(383488K) Eden: 104448K(104448K)->0K(104448K) From: 97088K(271360K)->201696K(279040K)
[43.655s][info][gc,heap        ] GC(241) ParOldGen: 6133019K(6779392K)->6133019K(6779392K)
[43.656s][info][gc,metaspace   ] GC(241) Metaspace: 6299K(6464K)->6299K(6464K) NonClass: 5765K(5824K)->5765K(5824K) Class: 533K(640K)->533K(640K)
[43.656s][info][gc             ] GC(241) Pause Young (Allocation Failure) 6186M->6186M(6995M) 124.052ms
[43.656s][info][gc,cpu         ] GC(241) User=0.53s Sys=0.00s Real=0.12s
[43.764s][info][gc,start       ] GC(242) Pause Young (Allocation Failure)
[43.915s][info][gc,heap        ] GC(242) PSYoungGen: 306144K(383488K)->288256K(356352K) Eden: 104448K(104448K)->0K(68096K) From: 201696K(279040K)->288256K(288256K)
[43.915s][info][gc,heap        ] GC(242) ParOldGen: 6133019K(6779392K)->6151147K(6779392K)
[43.915s][info][gc,metaspace   ] GC(242) Metaspace: 6299K(6464K)->6299K(6464K) NonClass: 5765K(5824K)->5765K(5824K) Class: 533K(640K)->533K(640K)
[43.915s][info][gc             ] GC(242) Pause Young (Allocation Failure) 6288M->6288M(6968M) 151.361ms
[43.915s][info][gc,cpu         ] GC(242) User=1.05s Sys=0.19s Real=0.15s
[43.995s][info][gc,start       ] GC(243) Pause Young (Allocation Failure)
[44.166s][info][gc,heap        ] GC(243) PSYoungGen: 356352K(356352K)->333824K(401920K) Eden: 68096K(68096K)->0K(68096K) From: 288256K(288256K)->333824K(333824K)
[44.166s][info][gc,heap        ] GC(243) ParOldGen: 6151147K(6779392K)->6173979K(6779392K)
[44.166s][info][gc,metaspace   ] GC(243) Metaspace: 6299K(6464K)->6299K(6464K) NonClass: 5765K(5824K)->5765K(5824K) Class: 533K(640K)->533K(640K)
[44.166s][info][gc             ] GC(243) Pause Young (Allocation Failure) 6354M->6355M(7013M) 170.357ms
[44.166s][info][gc,cpu         ] GC(243) User=0.92s Sys=0.03s Real=0.17s
[44.239s][info][gc,start       ] GC(244) Pause Young (Allocation Failure)
[44.433s][info][gc,heap        ] GC(244) PSYoungGen: 401920K(401920K)->219296K(453632K) Eden: 68096K(68096K)->0K(76288K) From: 333824K(333824K)->219296K(377344K)
[44.433s][info][gc,heap        ] GC(244) ParOldGen: 6173979K(6779392K)->6358107K(6779392K)
[44.433s][info][gc,metaspace   ] GC(244) Metaspace: 6299K(6464K)->6299K(6464K) NonClass: 5765K(5824K)->5765K(5824K) Class: 533K(640K)->533K(640K)
[44.433s][info][gc             ] GC(244) Pause Young (Allocation Failure) 6421M->6423M(7063M) 193.875ms
[44.433s][info][gc,cpu         ] GC(244) User=1.31s Sys=0.08s Real=0.19s
[44.516s][info][gc,start       ] GC(245) Pause Young (Allocation Failure)
[44.684s][info][gc,heap        ] GC(245) PSYoungGen: 295584K(453632K)->197152K(273920K) Eden: 76288K(76288K)->0K(76288K) From: 219296K(377344K)->197152K(197632K)
[44.684s][info][gc,heap        ] GC(245) ParOldGen: 6358107K(6779392K)->6457435K(6779392K)
[44.684s][info][gc,metaspace   ] GC(245) Metaspace: 6299K(6464K)->6299K(6464K) NonClass: 5765K(5824K)->5765K(5824K) Class: 533K(640K)->533K(640K)
[44.684s][info][gc             ] GC(245) Pause Young (Allocation Failure) 6497M->6498M(6888M) 167.441ms
[44.684s][info][gc,cpu         ] GC(245) User=0.61s Sys=0.02s Real=0.17s
[44.776s][info][gc,start       ] GC(246) Pause Young (Allocation Failure)
[44.924s][info][gc,heap        ] GC(246) PSYoungGen: 273440K(273920K)->221152K(442368K) Eden: 76288K(76288K)->0K(85504K) From: 197152K(197632K)->221152K(356864K)
[44.924s][info][gc,heap        ] GC(246) ParOldGen: 6457435K(6779392K)->6510179K(6779392K)
[44.925s][info][gc,metaspace   ] GC(246) Metaspace: 6299K(6464K)->6299K(6464K) NonClass: 5765K(5824K)->5765K(5824K) Class: 533K(640K)->533K(640K)
[44.925s][info][gc             ] GC(246) Pause Young (Allocation Failure) 6573M->6573M(7052M) 148.067ms
[44.925s][info][gc,cpu         ] GC(246) User=0.56s Sys=0.03s Real=0.15s
[45.022s][info][gc,start       ] GC(247) Pause Young (Allocation Failure)
[45.178s][info][gc,heap        ] GC(247) PSYoungGen: 306656K(442368K)->238624K(447488K) Eden: 85504K(85504K)->0K(85504K) From: 221152K(356864K)->238624K(361984K)
[45.178s][info][gc,heap        ] GC(247) ParOldGen: 6510179K(6779392K)->6578883K(6779392K)
[45.178s][info][gc,metaspace   ] GC(247) Metaspace: 6299K(6464K)->6299K(6464K) NonClass: 5765K(5824K)->5765K(5824K) Class: 533K(640K)->533K(640K)
[45.178s][info][gc             ] GC(247) Pause Young (Allocation Failure) 6657M->6657M(7057M) 155.958ms
[45.178s][info][gc,cpu         ] GC(247) User=0.73s Sys=0.00s Real=0.16s
[45.268s][info][gc,start       ] GC(248) Pause Young (Allocation Failure)
[45.428s][info][gc,heap        ] GC(248) PSYoungGen: 324128K(447488K)->247904K(456192K) Eden: 85504K(85504K)->0K(93184K) From: 238624K(361984K)->247904K(363008K)
[45.429s][info][gc,heap        ] GC(248) ParOldGen: 6578883K(6779392K)->6655843K(6779392K)
[45.429s][info][gc,metaspace   ] GC(248) Metaspace: 6299K(6464K)->6299K(6464K) NonClass: 5765K(5824K)->5765K(5824K) Class: 533K(640K)->533K(640K)
[45.429s][info][gc             ] GC(248) Pause Young (Allocation Failure) 6741M->6741M(7066M) 160.256ms
[45.429s][info][gc,cpu         ] GC(248) User=0.83s Sys=0.11s Real=0.16s
[45.429s][info][gc,start       ] GC(249) Pause Full (Ergonomics)
[45.429s][info][gc,phases,start] GC(249) Marking Phase
[46.991s][info][gc,phases      ] GC(249) Marking Phase 1562.186ms
[46.991s][info][gc,phases,start] GC(249) Summary Phase
[46.991s][info][gc,phases      ] GC(249) Summary Phase 0.077ms
[46.991s][info][gc,phases,start] GC(249) Adjust Roots
[46.991s][info][gc,phases      ] GC(249) Adjust Roots 0.164ms
[46.991s][info][gc,phases,start] GC(249) Compaction Phase
[47.763s][info][gc,phases      ] GC(249) Compaction Phase 772.059ms
[47.763s][info][gc,phases,start] GC(249) Post Compact
[47.774s][info][gc,phases      ] GC(249) Post Compact 10.652ms
[47.774s][info][gc,heap        ] GC(249) PSYoungGen: 247904K(456192K)->118919K(456192K) Eden: 0K(93184K)->0K(93184K) From: 247904K(363008K)->118919K(363008K)
[47.774s][info][gc,heap        ] GC(249) ParOldGen: 6655843K(6779392K)->6779267K(6895104K)
[47.774s][info][gc,metaspace   ] GC(249) Metaspace: 6299K(6464K)->6299K(6464K) NonClass: 5765K(5824K)->5765K(5824K) Class: 533K(640K)->533K(640K)
[47.774s][info][gc             ] GC(249) Pause Full (Ergonomics) 6741M->6736M(7179M) 2345.876ms
[47.775s][info][gc,cpu         ] GC(249) User=16.45s Sys=0.12s Real=2.35s
[47.880s][info][gc,start       ] GC(250) Pause Full (Ergonomics)
[47.880s][info][gc,phases,start] GC(250) Marking Phase
[49.467s][info][gc,phases      ] GC(250) Marking Phase 1587.296ms
[49.467s][info][gc,phases,start] GC(250) Summary Phase
[49.467s][info][gc,phases      ] GC(250) Summary Phase 0.073ms
[49.467s][info][gc,phases,start] GC(250) Adjust Roots
[49.467s][info][gc,phases      ] GC(250) Adjust Roots 0.167ms
[49.467s][info][gc,phases,start] GC(250) Compaction Phase
[50.014s][info][gc,phases      ] GC(250) Compaction Phase 546.592ms
[50.014s][info][gc,phases,start] GC(250) Post Compact
[50.024s][info][gc,phases      ] GC(250) Post Compact 10.578ms
[50.025s][info][gc,heap        ] GC(250) PSYoungGen: 212103K(456192K)->96391K(456192K) Eden: 93184K(93184K)->0K(93184K) From: 118919K(363008K)->96391K(363008K)
[50.025s][info][gc,heap        ] GC(250) ParOldGen: 6779267K(6895104K)->6894950K(6895104K)
[50.025s][info][gc,metaspace   ] GC(250) Metaspace: 6299K(6464K)->6299K(6464K) NonClass: 5765K(5824K)->5765K(5824K) Class: 533K(640K)->533K(640K)
[50.025s][info][gc             ] GC(250) Pause Full (Ergonomics) 6827M->6827M(7179M) 2145.078ms
[50.025s][info][gc,cpu         ] GC(250) User=16.05s Sys=0.11s Real=2.14s
[50.121s][info][gc,start       ] GC(251) Pause Full (Ergonomics)
[50.121s][info][gc,phases,start] GC(251) Marking Phase
[51.731s][info][gc,phases      ] GC(251) Marking Phase 1609.978ms
[51.731s][info][gc,phases,start] GC(251) Summary Phase
[51.731s][info][gc,phases      ] GC(251) Summary Phase 0.071ms
[51.731s][info][gc,phases,start] GC(251) Adjust Roots
[51.731s][info][gc,phases      ] GC(251) Adjust Roots 0.163ms
[51.731s][info][gc,phases,start] GC(251) Compaction Phase
[52.289s][info][gc,phases      ] GC(251) Compaction Phase 558.333ms
[52.289s][info][gc,phases,start] GC(251) Post Compact
[52.300s][info][gc,phases      ] GC(251) Post Compact 10.647ms
[52.300s][info][gc,heap        ] GC(251) PSYoungGen: 189575K(456192K)->189544K(456192K) Eden: 93184K(93184K)->93152K(93184K) From: 96391K(363008K)->96391K(363008K)
[52.300s][info][gc,heap        ] GC(251) ParOldGen: 6894950K(6895104K)->6894950K(6895104K)
[52.300s][info][gc,metaspace   ] GC(251) Metaspace: 6299K(6464K)->6299K(6464K) NonClass: 5765K(5824K)->5765K(5824K) Class: 533K(640K)->533K(640K)
[52.300s][info][gc             ] GC(251) Pause Full (Ergonomics) 6918M->6918M(7179M) 2179.576ms
[52.300s][info][gc,cpu         ] GC(251) User=16.06s Sys=0.03s Real=2.18s
[52.301s][info][gc,start       ] GC(252) Pause Full (Ergonomics)
[52.301s][info][gc,phases,start] GC(252) Marking Phase
[53.912s][info][gc,phases      ] GC(252) Marking Phase 1611.119ms
[53.912s][info][gc,phases,start] GC(252) Summary Phase
[53.912s][info][gc,phases      ] GC(252) Summary Phase 0.072ms
[53.912s][info][gc,phases,start] GC(252) Adjust Roots
[53.912s][info][gc,phases      ] GC(252) Adjust Roots 0.186ms
[53.912s][info][gc,phases,start] GC(252) Compaction Phase
[54.452s][info][gc,phases      ] GC(252) Compaction Phase 540.142ms
[54.452s][info][gc,phases,start] GC(252) Post Compact
[54.463s][info][gc,phases      ] GC(252) Post Compact 10.971ms
[54.463s][info][gc,heap        ] GC(252) PSYoungGen: 189575K(456192K)->189575K(456192K) Eden: 93184K(93184K)->93183K(93184K) From: 96391K(363008K)->96391K(363008K)
[54.463s][info][gc,heap        ] GC(252) ParOldGen: 6894950K(6895104K)->6894950K(6895104K)
[54.463s][info][gc,metaspace   ] GC(252) Metaspace: 6299K(6464K)->6299K(6464K) NonClass: 5765K(5824K)->5765K(5824K) Class: 533K(640K)->533K(640K)
[54.463s][info][gc             ] GC(252) Pause Full (Ergonomics) 6918M->6918M(7179M) 2162.847ms
[54.463s][info][gc,cpu         ] GC(252) User=16.11s Sys=0.00s Real=2.16s
[54.464s][info][gc,start       ] GC(253) Pause Full (Ergonomics)
[54.464s][info][gc,phases,start] GC(253) Marking Phase
[56.067s][info][gc,phases      ] GC(253) Marking Phase 1603.180ms
[56.067s][info][gc,phases,start] GC(253) Summary Phase
[56.067s][info][gc,phases      ] GC(253) Summary Phase 0.071ms
[56.067s][info][gc,phases,start] GC(253) Adjust Roots
[56.067s][info][gc,phases      ] GC(253) Adjust Roots 0.177ms
[56.067s][info][gc,phases,start] GC(253) Compaction Phase
[56.636s][info][gc,phases      ] GC(253) Compaction Phase 568.893ms
[56.636s][info][gc,phases,start] GC(253) Post Compact
[56.647s][info][gc,phases      ] GC(253) Post Compact 10.803ms
[56.647s][info][gc,heap        ] GC(253) PSYoungGen: 189575K(456192K)->189575K(456192K) Eden: 93183K(93184K)->93183K(93184K) From: 96391K(363008K)->96391K(363008K)
[56.647s][info][gc,heap        ] GC(253) ParOldGen: 6894950K(6895104K)->6894950K(6895104K)
[56.647s][info][gc,metaspace   ] GC(253) Metaspace: 6299K(6464K)->6299K(6464K) NonClass: 5765K(5824K)->5765K(5824K) Class: 533K(640K)->533K(640K)
[56.647s][info][gc             ] GC(253) Pause Full (Ergonomics) 6918M->6918M(7179M) 2183.474ms
[56.647s][info][gc,cpu         ] GC(253) User=16.05s Sys=0.00s Real=2.18s
[56.647s][info][gc,start       ] GC(254) Pause Full (Ergonomics)
[56.647s][info][gc,phases,start] GC(254) Marking Phase
[58.283s][info][gc,phases      ] GC(254) Marking Phase 1635.863ms
[58.283s][info][gc,phases,start] GC(254) Summary Phase
[58.283s][info][gc,phases      ] GC(254) Summary Phase 0.076ms
[58.283s][info][gc,phases,start] GC(254) Adjust Roots
[58.283s][info][gc,phases      ] GC(254) Adjust Roots 0.193ms
[58.284s][info][gc,phases,start] GC(254) Compaction Phase
[58.848s][info][gc,phases      ] GC(254) Compaction Phase 564.812ms
[58.848s][info][gc,phases,start] GC(254) Post Compact
[58.859s][info][gc,phases      ] GC(254) Post Compact 10.738ms
[58.859s][info][gc,heap        ] GC(254) PSYoungGen: 189575K(456192K)->189575K(456192K) Eden: 93183K(93184K)->93183K(93184K) From: 96391K(363008K)->96391K(363008K)
[58.859s][info][gc,heap        ] GC(254) ParOldGen: 6894954K(6895104K)->6894954K(6895104K)
[58.859s][info][gc,metaspace   ] GC(254) Metaspace: 6299K(6464K)->6299K(6464K) NonClass: 5765K(5824K)->5765K(5824K) Class: 533K(640K)->533K(640K)
[58.859s][info][gc             ] GC(254) Pause Full (Ergonomics) 6918M->6918M(7179M) 2212.054ms
[58.859s][info][gc,cpu         ] GC(254) User=16.20s Sys=0.06s Real=2.21s
[58.859s][info][gc,start       ] GC(255) Pause Full (Ergonomics)
[58.860s][info][gc,phases,start] GC(255) Marking Phase
[60.517s][info][gc,phases      ] GC(255) Marking Phase 1657.658ms
[60.517s][info][gc,phases,start] GC(255) Summary Phase
[60.517s][info][gc,phases      ] GC(255) Summary Phase 0.104ms
[60.517s][info][gc,phases,start] GC(255) Adjust Roots
[60.518s][info][gc,phases      ] GC(255) Adjust Roots 0.249ms
[60.518s][info][gc,phases,start] GC(255) Compaction Phase
[61.105s][info][gc,phases      ] GC(255) Compaction Phase 587.338ms
[61.105s][info][gc,phases,start] GC(255) Post Compact
[61.116s][info][gc,phases      ] GC(255) Post Compact 10.619ms
[61.116s][info][gc,heap        ] GC(255) PSYoungGen: 189575K(456192K)->189575K(456192K) Eden: 93183K(93184K)->93183K(93184K) From: 96391K(363008K)->96391K(363008K)
[61.116s][info][gc,heap        ] GC(255) ParOldGen: 6894959K(6895104K)->6894959K(6895104K)
[61.116s][info][gc,metaspace   ] GC(255) Metaspace: 6299K(6464K)->6299K(6464K) NonClass: 5765K(5824K)->5765K(5824K) Class: 533K(640K)->533K(640K)
[61.116s][info][gc             ] GC(255) Pause Full (Ergonomics) 6918M->6918M(7179M) 2256.340ms
[61.116s][info][gc,cpu         ] GC(255) User=16.64s Sys=0.00s Real=2.26s
[61.116s][info][gc,start       ] GC(256) Pause Full (Ergonomics)
[61.116s][info][gc,phases,start] GC(256) Marking Phase
[62.767s][info][gc,phases      ] GC(256) Marking Phase 1650.633ms
[62.767s][info][gc,phases,start] GC(256) Summary Phase
[62.767s][info][gc,phases      ] GC(256) Summary Phase 0.072ms
[62.767s][info][gc,phases,start] GC(256) Adjust Roots
[62.767s][info][gc,phases      ] GC(256) Adjust Roots 0.187ms
[62.767s][info][gc,phases,start] GC(256) Compaction Phase
[63.329s][info][gc,phases      ] GC(256) Compaction Phase 561.928ms
[63.329s][info][gc,phases,start] GC(256) Post Compact
[63.340s][info][gc,phases      ] GC(256) Post Compact 10.633ms
[63.340s][info][gc,heap        ] GC(256) PSYoungGen: 189575K(456192K)->189575K(456192K) Eden: 93183K(93184K)->93183K(93184K) From: 96391K(363008K)->96391K(363008K)
[63.340s][info][gc,heap        ] GC(256) ParOldGen: 6894964K(6895104K)->6894964K(6895104K)
[63.340s][info][gc,metaspace   ] GC(256) Metaspace: 6299K(6464K)->6299K(6464K) NonClass: 5765K(5824K)->5765K(5824K) Class: 533K(640K)->533K(640K)
[63.340s][info][gc             ] GC(256) Pause Full (Ergonomics) 6918M->6918M(7179M) 2223.844ms
[63.340s][info][gc,cpu         ] GC(256) User=16.45s Sys=0.00s Real=2.22s
[63.340s][info][gc,start       ] GC(257) Pause Full (Ergonomics)
[63.340s][info][gc,phases,start] GC(257) Marking Phase
[64.982s][info][gc,phases      ] GC(257) Marking Phase 1641.768ms
[64.982s][info][gc,phases,start] GC(257) Summary Phase
[64.982s][info][gc,phases      ] GC(257) Summary Phase 0.080ms
[64.982s][info][gc,phases,start] GC(257) Adjust Roots
[64.982s][info][gc,phases      ] GC(257) Adjust Roots 0.206ms
[64.982s][info][gc,phases,start] GC(257) Compaction Phase
[65.562s][info][gc,phases      ] GC(257) Compaction Phase 579.314ms
[65.562s][info][gc,phases,start] GC(257) Post Compact
[65.572s][info][gc,phases      ] GC(257) Post Compact 10.656ms
[65.572s][info][gc,heap        ] GC(257) PSYoungGen: 189575K(456192K)->189575K(456192K) Eden: 93183K(93184K)->93183K(93184K) From: 96391K(363008K)->96391K(363008K)
[65.572s][info][gc,heap        ] GC(257) ParOldGen: 6894969K(6895104K)->6894969K(6895104K)
[65.572s][info][gc,metaspace   ] GC(257) Metaspace: 6299K(6464K)->6299K(6464K) NonClass: 5765K(5824K)->5765K(5824K) Class: 533K(640K)->533K(640K)
[65.573s][info][gc             ] GC(257) Pause Full (Ergonomics) 6918M->6918M(7179M) 2232.368ms
[65.573s][info][gc,cpu         ] GC(257) User=16.55s Sys=0.03s Real=2.23s
[65.573s][info][gc,start       ] GC(258) Pause Full (Ergonomics)
[65.573s][info][gc,phases,start] GC(258) Marking Phase
[67.211s][info][gc,phases      ] GC(258) Marking Phase 1638.413ms
[67.211s][info][gc,phases,start] GC(258) Summary Phase
[67.211s][info][gc,phases      ] GC(258) Summary Phase 0.096ms
[67.211s][info][gc,phases,start] GC(258) Adjust Roots
[67.212s][info][gc,phases      ] GC(258) Adjust Roots 0.307ms
[67.212s][info][gc,phases,start] GC(258) Compaction Phase
[67.818s][info][gc,phases      ] GC(258) Compaction Phase 605.786ms
[67.818s][info][gc,phases,start] GC(258) Post Compact
[67.830s][info][gc,phases      ] GC(258) Post Compact 11.890ms
[67.830s][info][gc,heap        ] GC(258) PSYoungGen: 189575K(456192K)->189575K(456192K) Eden: 93183K(93184K)->93183K(93184K) From: 96391K(363008K)->96391K(363008K)
[67.830s][info][gc,heap        ] GC(258) ParOldGen: 6894974K(6895104K)->6894974K(6895104K)
[67.830s][info][gc,metaspace   ] GC(258) Metaspace: 6299K(6464K)->6299K(6464K) NonClass: 5765K(5824K)->5765K(5824K) Class: 533K(640K)->533K(640K)
[67.830s][info][gc             ] GC(258) Pause Full (Ergonomics) 6918M->6918M(7179M) 2256.856ms
[67.830s][info][gc,cpu         ] GC(258) User=16.42s Sys=0.00s Real=2.26s
[67.830s][info][gc,start       ] GC(259) Pause Full (Ergonomics)
[67.830s][info][gc,phases,start] GC(259) Marking Phase
[69.500s][info][gc,phases      ] GC(259) Marking Phase 1670.379ms
[69.500s][info][gc,phases,start] GC(259) Summary Phase
[69.500s][info][gc,phases      ] GC(259) Summary Phase 0.129ms
[69.501s][info][gc,phases,start] GC(259) Adjust Roots
[69.501s][info][gc,phases      ] GC(259) Adjust Roots 0.417ms
[69.501s][info][gc,phases,start] GC(259) Compaction Phase
[70.116s][info][gc,phases      ] GC(259) Compaction Phase 615.384ms
[70.116s][info][gc,phases,start] GC(259) Post Compact
[70.127s][info][gc,phases      ] GC(259) Post Compact 10.633ms
[70.127s][info][gc,heap        ] GC(259) PSYoungGen: 189575K(456192K)->189575K(456192K) Eden: 93183K(93184K)->93183K(93184K) From: 96391K(363008K)->96391K(363008K)
[70.127s][info][gc,heap        ] GC(259) ParOldGen: 6894979K(6895104K)->6894979K(6895104K)
[70.127s][info][gc,metaspace   ] GC(259) Metaspace: 6299K(6464K)->6299K(6464K) NonClass: 5765K(5824K)->5765K(5824K) Class: 533K(640K)->533K(640K)
[70.127s][info][gc             ] GC(259) Pause Full (Ergonomics) 6918M->6918M(7179M) 2297.384ms
[70.127s][info][gc,cpu         ] GC(259) User=16.78s Sys=0.03s Real=2.30s
[70.128s][info][gc,start       ] GC(260) Pause Full (Ergonomics)
[70.128s][info][gc,phases,start] GC(260) Marking Phase
[71.736s][info][gc,phases      ] GC(260) Marking Phase 1608.608ms
[71.736s][info][gc,phases,start] GC(260) Summary Phase
[71.736s][info][gc,phases      ] GC(260) Summary Phase 0.071ms
[71.736s][info][gc,phases,start] GC(260) Adjust Roots
[71.736s][info][gc,phases      ] GC(260) Adjust Roots 0.180ms
[71.737s][info][gc,phases,start] GC(260) Compaction Phase
[72.303s][info][gc,phases      ] GC(260) Compaction Phase 566.091ms
[72.303s][info][gc,phases,start] GC(260) Post Compact
[72.313s][info][gc,phases      ] GC(260) Post Compact 10.625ms
[72.313s][info][gc,heap        ] GC(260) PSYoungGen: 189575K(456192K)->189575K(456192K) Eden: 93183K(93184K)->93183K(93184K) From: 96391K(363008K)->96391K(363008K)
[72.313s][info][gc,heap        ] GC(260) ParOldGen: 6894983K(6895104K)->6894983K(6895104K)
[72.313s][info][gc,metaspace   ] GC(260) Metaspace: 6299K(6464K)->6299K(6464K) NonClass: 5765K(5824K)->5765K(5824K) Class: 533K(640K)->533K(640K)
[72.313s][info][gc             ] GC(260) Pause Full (Ergonomics) 6918M->6918M(7179M) 2185.894ms
[72.313s][info][gc,cpu         ] GC(260) User=16.16s Sys=0.00s Real=2.19s
[72.314s][info][gc,start       ] GC(261) Pause Full (Ergonomics)
[72.314s][info][gc,phases,start] GC(261) Marking Phase
[73.967s][info][gc,phases      ] GC(261) Marking Phase 1653.346ms
[73.967s][info][gc,phases,start] GC(261) Summary Phase
[73.967s][info][gc,phases      ] GC(261) Summary Phase 0.133ms
[73.967s][info][gc,phases,start] GC(261) Adjust Roots
[73.968s][info][gc,phases      ] GC(261) Adjust Roots 0.326ms
[73.968s][info][gc,phases,start] GC(261) Compaction Phase
[74.547s][info][gc,phases      ] GC(261) Compaction Phase 579.136ms
[74.547s][info][gc,phases,start] GC(261) Post Compact
[74.557s][info][gc,phases      ] GC(261) Post Compact 10.380ms
[74.557s][info][gc,heap        ] GC(261) PSYoungGen: 189575K(456192K)->189575K(456192K) Eden: 93183K(93184K)->93183K(93184K) From: 96391K(363008K)->96391K(363008K)
[74.557s][info][gc,heap        ] GC(261) ParOldGen: 6894988K(6895104K)->6894988K(6895104K)
[74.557s][info][gc,metaspace   ] GC(261) Metaspace: 6299K(6464K)->6299K(6464K) NonClass: 5765K(5824K)->5765K(5824K) Class: 533K(640K)->533K(640K)
[74.557s][info][gc             ] GC(261) Pause Full (Ergonomics) 6918M->6918M(7179M) 2243.716ms
[74.557s][info][gc,cpu         ] GC(261) User=16.66s Sys=0.00s Real=2.24s
[74.558s][info][gc,start       ] GC(262) Pause Full (Ergonomics)
[74.558s][info][gc,phases,start] GC(262) Marking Phase
[76.197s][info][gc,phases      ] GC(262) Marking Phase 1639.333ms
[76.197s][info][gc,phases,start] GC(262) Summary Phase
[76.197s][info][gc,phases      ] GC(262) Summary Phase 0.124ms
[76.197s][info][gc,phases,start] GC(262) Adjust Roots
[76.197s][info][gc,phases      ] GC(262) Adjust Roots 0.249ms
[76.197s][info][gc,phases,start] GC(262) Compaction Phase
[76.801s][info][gc,phases      ] GC(262) Compaction Phase 603.258ms
[76.801s][info][gc,phases,start] GC(262) Post Compact
[76.812s][info][gc,phases      ] GC(262) Post Compact 11.138ms
[76.812s][info][gc,heap        ] GC(262) PSYoungGen: 189575K(456192K)->189575K(456192K) Eden: 93183K(93184K)->93183K(93184K) From: 96391K(363008K)->96391K(363008K)
[76.812s][info][gc,heap        ] GC(262) ParOldGen: 6894993K(6895104K)->6894993K(6895104K)
[76.812s][info][gc,metaspace   ] GC(262) Metaspace: 6299K(6464K)->6299K(6464K) NonClass: 5765K(5824K)->5765K(5824K) Class: 533K(640K)->533K(640K)
[76.812s][info][gc             ] GC(262) Pause Full (Ergonomics) 6918M->6918M(7179M) 2254.533ms
[76.812s][info][gc,cpu         ] GC(262) User=16.42s Sys=0.00s Real=2.26s
[76.812s][info][gc,start       ] GC(263) Pause Full (Ergonomics)
[76.812s][info][gc,phases,start] GC(263) Marking Phase
[78.457s][info][gc,phases      ] GC(263) Marking Phase 1644.447ms
[78.457s][info][gc,phases,start] GC(263) Summary Phase
[78.457s][info][gc,phases      ] GC(263) Summary Phase 0.073ms
[78.457s][info][gc,phases,start] GC(263) Adjust Roots
[78.457s][info][gc,phases      ] GC(263) Adjust Roots 0.199ms
[78.457s][info][gc,phases,start] GC(263) Compaction Phase
[79.064s][info][gc,phases      ] GC(263) Compaction Phase 607.237ms
[79.064s][info][gc,phases,start] GC(263) Post Compact
[79.075s][info][gc,phases      ] GC(263) Post Compact 10.562ms
[79.075s][info][gc,heap        ] GC(263) PSYoungGen: 189575K(456192K)->189575K(456192K) Eden: 93183K(93184K)->93183K(93184K) From: 96391K(363008K)->96391K(363008K)
[79.075s][info][gc,heap        ] GC(263) ParOldGen: 6894998K(6895104K)->6894998K(6895104K)
[79.075s][info][gc,metaspace   ] GC(263) Metaspace: 6299K(6464K)->6299K(6464K) NonClass: 5765K(5824K)->5765K(5824K) Class: 533K(640K)->533K(640K)
[79.075s][info][gc             ] GC(263) Pause Full (Ergonomics) 6918M->6918M(7179M) 2262.874ms
[79.075s][info][gc,cpu         ] GC(263) User=16.38s Sys=0.00s Real=2.26s
[79.075s][info][gc,start       ] GC(264) Pause Full (Ergonomics)
[79.075s][info][gc,phases,start] GC(264) Marking Phase
[80.738s][info][gc,phases      ] GC(264) Marking Phase 1662.316ms
[80.738s][info][gc,phases,start] GC(264) Summary Phase
[80.738s][info][gc,phases      ] GC(264) Summary Phase 0.084ms
[80.738s][info][gc,phases,start] GC(264) Adjust Roots
[80.738s][info][gc,phases      ] GC(264) Adjust Roots 0.337ms
[80.738s][info][gc,phases,start] GC(264) Compaction Phase
[81.317s][info][gc,phases      ] GC(264) Compaction Phase 578.300ms
[81.317s][info][gc,phases,start] GC(264) Post Compact
[81.327s][info][gc,phases      ] GC(264) Post Compact 10.694ms
[81.328s][info][gc,heap        ] GC(264) PSYoungGen: 189575K(456192K)->189575K(456192K) Eden: 93183K(93184K)->93183K(93184K) From: 96391K(363008K)->96391K(363008K)
[81.328s][info][gc,heap        ] GC(264) ParOldGen: 6895003K(6895104K)->6895003K(6895104K)
[81.328s][info][gc,metaspace   ] GC(264) Metaspace: 6299K(6464K)->6299K(6464K) NonClass: 5765K(5824K)->5765K(5824K) Class: 533K(640K)->533K(640K)
[81.328s][info][gc             ] GC(264) Pause Full (Ergonomics) 6918M->6918M(7179M) 2252.123ms
[81.328s][info][gc,cpu         ] GC(264) User=16.56s Sys=0.00s Real=2.25s
[81.328s][info][gc,start       ] GC(265) Pause Full (Ergonomics)
[81.328s][info][gc,phases,start] GC(265) Marking Phase
[82.962s][info][gc,phases      ] GC(265) Marking Phase 1634.363ms
[82.962s][info][gc,phases,start] GC(265) Summary Phase
[82.962s][info][gc,phases      ] GC(265) Summary Phase 0.082ms
[82.962s][info][gc,phases,start] GC(265) Adjust Roots
[82.963s][info][gc,phases      ] GC(265) Adjust Roots 0.262ms
[82.963s][info][gc,phases,start] GC(265) Compaction Phase
[83.557s][info][gc,phases      ] GC(265) Compaction Phase 594.375ms
[83.557s][info][gc,phases,start] GC(265) Post Compact
[83.568s][info][gc,phases      ] GC(265) Post Compact 10.533ms
[83.568s][info][gc,heap        ] GC(265) PSYoungGen: 189575K(456192K)->189575K(456192K) Eden: 93183K(93184K)->93183K(93184K) From: 96391K(363008K)->96391K(363008K)
[83.568s][info][gc,heap        ] GC(265) ParOldGen: 6895008K(6895104K)->6895008K(6895104K)
[83.568s][info][gc,metaspace   ] GC(265) Metaspace: 6299K(6464K)->6299K(6464K) NonClass: 5765K(5824K)->5765K(5824K) Class: 533K(640K)->533K(640K)
[83.568s][info][gc             ] GC(265) Pause Full (Ergonomics) 6918M->6918M(7179M) 2239.956ms
[83.568s][info][gc,cpu         ] GC(265) User=16.61s Sys=0.00s Real=2.24s
[83.568s][info][gc,start       ] GC(266) Pause Full (Ergonomics)
[83.568s][info][gc,phases,start] GC(266) Marking Phase
[85.241s][info][gc,phases      ] GC(266) Marking Phase 1673.361ms
[85.241s][info][gc,phases,start] GC(266) Summary Phase
[85.242s][info][gc,phases      ] GC(266) Summary Phase 0.097ms
[85.242s][info][gc,phases,start] GC(266) Adjust Roots
[85.242s][info][gc,phases      ] GC(266) Adjust Roots 0.214ms
[85.242s][info][gc,phases,start] GC(266) Compaction Phase
[85.829s][info][gc,phases      ] GC(266) Compaction Phase 586.885ms
[85.829s][info][gc,phases,start] GC(266) Post Compact
[85.840s][info][gc,phases      ] GC(266) Post Compact 11.073ms
[85.840s][info][gc,heap        ] GC(266) PSYoungGen: 189575K(456192K)->189575K(456192K) Eden: 93183K(93184K)->93183K(93184K) From: 96391K(363008K)->96391K(363008K)
[85.840s][info][gc,heap        ] GC(266) ParOldGen: 6895012K(6895104K)->6895012K(6895104K)
[85.840s][info][gc,metaspace   ] GC(266) Metaspace: 6299K(6464K)->6299K(6464K) NonClass: 5765K(5824K)->5765K(5824K) Class: 533K(640K)->533K(640K)
[85.840s][info][gc             ] GC(266) Pause Full (Ergonomics) 6918M->6918M(7179M) 2272.011ms
[85.840s][info][gc,cpu         ] GC(266) User=16.75s Sys=0.03s Real=2.27s
[85.840s][info][gc,start       ] GC(267) Pause Full (Ergonomics)
[85.840s][info][gc,phases,start] GC(267) Marking Phase
[87.485s][info][gc,phases      ] GC(267) Marking Phase 1644.318ms
[87.485s][info][gc,phases,start] GC(267) Summary Phase
[87.485s][info][gc,phases      ] GC(267) Summary Phase 0.101ms
[87.485s][info][gc,phases,start] GC(267) Adjust Roots
[87.485s][info][gc,phases      ] GC(267) Adjust Roots 0.203ms
[87.485s][info][gc,phases,start] GC(267) Compaction Phase
[88.060s][info][gc,phases      ] GC(267) Compaction Phase 574.890ms
[88.060s][info][gc,phases,start] GC(267) Post Compact
[88.071s][info][gc,phases      ] GC(267) Post Compact 10.628ms
[88.071s][info][gc,heap        ] GC(267) PSYoungGen: 189575K(456192K)->189575K(456192K) Eden: 93183K(93184K)->93183K(93184K) From: 96391K(363008K)->96391K(363008K)
[88.071s][info][gc,heap        ] GC(267) ParOldGen: 6895017K(6895104K)->6895017K(6895104K)
[88.071s][info][gc,metaspace   ] GC(267) Metaspace: 6299K(6464K)->6299K(6464K) NonClass: 5765K(5824K)->5765K(5824K) Class: 533K(640K)->533K(640K)
[88.071s][info][gc             ] GC(267) Pause Full (Ergonomics) 6918M->6918M(7179M) 2230.540ms
[88.071s][info][gc,cpu         ] GC(267) User=16.55s Sys=0.00s Real=2.23s
[88.071s][info][gc,start       ] GC(268) Pause Full (Ergonomics)
[88.071s][info][gc,phases,start] GC(268) Marking Phase
[89.703s][info][gc,phases      ] GC(268) Marking Phase 1632.094ms
[89.703s][info][gc,phases,start] GC(268) Summary Phase
[89.703s][info][gc,phases      ] GC(268) Summary Phase 0.070ms
[89.703s][info][gc,phases,start] GC(268) Adjust Roots
[89.703s][info][gc,phases      ] GC(268) Adjust Roots 0.162ms
[89.703s][info][gc,phases,start] GC(268) Compaction Phase
[90.307s][info][gc,phases      ] GC(268) Compaction Phase 603.546ms
[90.307s][info][gc,phases,start] GC(268) Post Compact
[90.318s][info][gc,phases      ] GC(268) Post Compact 10.928ms
[90.318s][info][gc,heap        ] GC(268) PSYoungGen: 189575K(456192K)->189575K(456192K) Eden: 93183K(93184K)->93183K(93184K) From: 96391K(363008K)->96391K(363008K)
[90.318s][info][gc,heap        ] GC(268) ParOldGen: 6895022K(6895104K)->6895022K(6895104K)
[90.318s][info][gc,metaspace   ] GC(268) Metaspace: 6299K(6464K)->6299K(6464K) NonClass: 5765K(5824K)->5765K(5824K) Class: 533K(640K)->533K(640K)
[90.318s][info][gc             ] GC(268) Pause Full (Ergonomics) 6918M->6918M(7179M) 2247.152ms
[90.318s][info][gc,cpu         ] GC(268) User=16.31s Sys=0.02s Real=2.25s
[90.318s][info][gc,start       ] GC(269) Pause Full (Ergonomics)
[90.318s][info][gc,phases,start] GC(269) Marking Phase
[91.988s][info][gc,phases      ] GC(269) Marking Phase 1669.799ms
[91.988s][info][gc,phases,start] GC(269) Summary Phase
[91.988s][info][gc,phases      ] GC(269) Summary Phase 0.099ms
[91.988s][info][gc,phases,start] GC(269) Adjust Roots
[91.989s][info][gc,phases      ] GC(269) Adjust Roots 0.220ms
[91.989s][info][gc,phases,start] GC(269) Compaction Phase
[92.554s][info][gc,phases      ] GC(269) Compaction Phase 565.644ms
[92.554s][info][gc,phases,start] GC(269) Post Compact
[92.565s][info][gc,phases      ] GC(269) Post Compact 10.625ms
[92.565s][info][gc,heap        ] GC(269) PSYoungGen: 189575K(456192K)->189575K(456192K) Eden: 93183K(93184K)->93183K(93184K) From: 96391K(363008K)->96391K(363008K)
[92.565s][info][gc,heap        ] GC(269) ParOldGen: 6895027K(6895104K)->6895027K(6895104K)
[92.565s][info][gc,metaspace   ] GC(269) Metaspace: 6299K(6464K)->6299K(6464K) NonClass: 5765K(5824K)->5765K(5824K) Class: 533K(640K)->533K(640K)
[92.565s][info][gc             ] GC(269) Pause Full (Ergonomics) 6918M->6918M(7179M) 2246.755ms
[92.565s][info][gc,cpu         ] GC(269) User=16.59s Sys=0.00s Real=2.25s
[92.565s][info][gc,start       ] GC(270) Pause Full (Ergonomics)
[92.565s][info][gc,phases,start] GC(270) Marking Phase
[94.195s][info][gc,phases      ] GC(270) Marking Phase 1629.938ms
[94.195s][info][gc,phases,start] GC(270) Summary Phase
[94.195s][info][gc,phases      ] GC(270) Summary Phase 0.096ms
[94.195s][info][gc,phases,start] GC(270) Adjust Roots
[94.196s][info][gc,phases      ] GC(270) Adjust Roots 0.162ms
[94.196s][info][gc,phases,start] GC(270) Compaction Phase
[94.771s][info][gc,phases      ] GC(270) Compaction Phase 575.418ms
[94.771s][info][gc,phases,start] GC(270) Post Compact
[94.782s][info][gc,phases      ] GC(270) Post Compact 10.622ms
[94.782s][info][gc,heap        ] GC(270) PSYoungGen: 189575K(456192K)->189575K(456192K) Eden: 93183K(93184K)->93183K(93184K) From: 96391K(363008K)->96391K(363008K)
[94.782s][info][gc,heap        ] GC(270) ParOldGen: 6895032K(6895104K)->6895032K(6895104K)
[94.782s][info][gc,metaspace   ] GC(270) Metaspace: 6299K(6464K)->6299K(6464K) NonClass: 5765K(5824K)->5765K(5824K) Class: 533K(640K)->533K(640K)
[94.782s][info][gc             ] GC(270) Pause Full (Ergonomics) 6918M->6918M(7179M) 2216.571ms
[94.782s][info][gc,cpu         ] GC(270) User=16.25s Sys=0.00s Real=2.22s
[94.782s][info][gc,start       ] GC(271) Pause Full (Ergonomics)
[94.782s][info][gc,phases,start] GC(271) Marking Phase
[96.410s][info][gc,phases      ] GC(271) Marking Phase 1627.992ms
[96.410s][info][gc,phases,start] GC(271) Summary Phase
[96.410s][info][gc,phases      ] GC(271) Summary Phase 0.070ms
[96.410s][info][gc,phases,start] GC(271) Adjust Roots
[96.410s][info][gc,phases      ] GC(271) Adjust Roots 0.171ms
[96.410s][info][gc,phases,start] GC(271) Compaction Phase
[96.988s][info][gc,phases      ] GC(271) Compaction Phase 577.478ms
[96.988s][info][gc,phases,start] GC(271) Post Compact
[96.998s][info][gc,phases      ] GC(271) Post Compact 10.479ms
[96.999s][info][gc,heap        ] GC(271) PSYoungGen: 189575K(456192K)->189575K(456192K) Eden: 93183K(93184K)->93183K(93184K) From: 96391K(363008K)->96391K(363008K)
[96.999s][info][gc,heap        ] GC(271) ParOldGen: 6895037K(6895104K)->6895037K(6895104K)
[96.999s][info][gc,metaspace   ] GC(271) Metaspace: 6299K(6464K)->6299K(6464K) NonClass: 5765K(5824K)->5765K(5824K) Class: 533K(640K)->533K(640K)
[96.999s][info][gc             ] GC(271) Pause Full (Ergonomics) 6918M->6918M(7179M) 2216.530ms
[96.999s][info][gc,cpu         ] GC(271) User=16.22s Sys=0.00s Real=2.22s
[96.999s][info][gc,start       ] GC(272) Pause Full (Ergonomics)
[96.999s][info][gc,phases,start] GC(272) Marking Phase
[98.656s][info][gc,phases      ] GC(272) Marking Phase 1657.382ms
[98.656s][info][gc,phases,start] GC(272) Summary Phase
[98.656s][info][gc,phases      ] GC(272) Summary Phase 0.070ms
[98.656s][info][gc,phases,start] GC(272) Adjust Roots
[98.657s][info][gc,phases      ] GC(272) Adjust Roots 0.161ms
[98.657s][info][gc,phases,start] GC(272) Compaction Phase
[99.204s][info][gc,phases      ] GC(272) Compaction Phase 546.883ms
[99.204s][info][gc,phases,start] GC(272) Post Compact
[99.214s][info][gc,phases      ] GC(272) Post Compact 10.691ms
[99.214s][info][gc,heap        ] GC(272) PSYoungGen: 189575K(456192K)->189575K(456192K) Eden: 93183K(93184K)->93183K(93184K) From: 96391K(363008K)->96391K(363008K)
[99.214s][info][gc,heap        ] GC(272) ParOldGen: 6895041K(6895104K)->6895041K(6895104K)
[99.214s][info][gc,metaspace   ] GC(272) Metaspace: 6299K(6464K)->6299K(6464K) NonClass: 5765K(5824K)->5765K(5824K) Class: 533K(640K)->533K(640K)
[99.214s][info][gc             ] GC(272) Pause Full (Ergonomics) 6918M->6918M(7179M) 2215.541ms
[99.214s][info][gc,cpu         ] GC(272) User=16.66s Sys=0.00s Real=2.22s
[99.215s][info][gc,start       ] GC(273) Pause Full (Ergonomics)
[99.215s][info][gc,phases,start] GC(273) Marking Phase
[100.842s][info][gc,phases      ] GC(273) Marking Phase 1627.469ms
[100.842s][info][gc,phases,start] GC(273) Summary Phase
[100.842s][info][gc,phases      ] GC(273) Summary Phase 0.070ms
[100.842s][info][gc,phases,start] GC(273) Adjust Roots
[100.842s][info][gc,phases      ] GC(273) Adjust Roots 0.163ms
[100.842s][info][gc,phases,start] GC(273) Compaction Phase
[101.409s][info][gc,phases      ] GC(273) Compaction Phase 566.325ms
[101.409s][info][gc,phases,start] GC(273) Post Compact
[101.420s][info][gc,phases      ] GC(273) Post Compact 10.672ms
[101.420s][info][gc,heap        ] GC(273) PSYoungGen: 189575K(456192K)->189575K(456192K) Eden: 93183K(93184K)->93183K(93184K) From: 96391K(363008K)->96391K(363008K)
[101.420s][info][gc,heap        ] GC(273) ParOldGen: 6895046K(6895104K)->6895046K(6895104K)
[101.420s][info][gc,metaspace   ] GC(273) Metaspace: 6299K(6464K)->6299K(6464K) NonClass: 5765K(5824K)->5765K(5824K) Class: 533K(640K)->533K(640K)
[101.420s][info][gc             ] GC(273) Pause Full (Ergonomics) 6918M->6918M(7179M) 2205.040ms
[101.420s][info][gc,cpu         ] GC(273) User=16.42s Sys=0.00s Real=2.20s
[101.420s][info][gc,start       ] GC(274) Pause Full (Ergonomics)
[101.420s][info][gc,phases,start] GC(274) Marking Phase
[103.060s][info][gc,phases      ] GC(274) Marking Phase 1640.159ms
[103.060s][info][gc,phases,start] GC(274) Summary Phase
[103.060s][info][gc,phases      ] GC(274) Summary Phase 0.071ms
[103.060s][info][gc,phases,start] GC(274) Adjust Roots
[103.060s][info][gc,phases      ] GC(274) Adjust Roots 0.176ms
[103.060s][info][gc,phases,start] GC(274) Compaction Phase
[103.658s][info][gc,phases      ] GC(274) Compaction Phase 597.304ms
[103.658s][info][gc,phases,start] GC(274) Post Compact
[103.668s][info][gc,phases      ] GC(274) Post Compact 10.522ms
[103.668s][info][gc,heap        ] GC(274) PSYoungGen: 189575K(456192K)->189575K(456192K) Eden: 93183K(93184K)->93183K(93184K) From: 96391K(363008K)->96391K(363008K)
[103.668s][info][gc,heap        ] GC(274) ParOldGen: 6895051K(6895104K)->6895051K(6895104K)
[103.668s][info][gc,metaspace   ] GC(274) Metaspace: 6299K(6464K)->6299K(6464K) NonClass: 5765K(5824K)->5765K(5824K) Class: 533K(640K)->533K(640K)
[103.668s][info][gc             ] GC(274) Pause Full (Ergonomics) 6918M->6918M(7179M) 2248.581ms
[103.668s][info][gc,cpu         ] GC(274) User=16.48s Sys=0.02s Real=2.25s
[103.669s][info][gc,start       ] GC(275) Pause Full (Ergonomics)
[103.669s][info][gc,phases,start] GC(275) Marking Phase
[105.309s][info][gc,phases      ] GC(275) Marking Phase 1640.269ms
[105.309s][info][gc,phases,start] GC(275) Summary Phase
[105.309s][info][gc,phases      ] GC(275) Summary Phase 0.071ms
[105.309s][info][gc,phases,start] GC(275) Adjust Roots
[105.309s][info][gc,phases      ] GC(275) Adjust Roots 0.167ms
[105.309s][info][gc,phases,start] GC(275) Compaction Phase
[105.885s][info][gc,phases      ] GC(275) Compaction Phase 576.046ms
[105.885s][info][gc,phases,start] GC(275) Post Compact
[105.896s][info][gc,phases      ] GC(275) Post Compact 10.578ms
[105.896s][info][gc,heap        ] GC(275) PSYoungGen: 189575K(456192K)->189575K(456192K) Eden: 93183K(93184K)->93183K(93184K) From: 96391K(363008K)->96391K(363008K)
[105.896s][info][gc,heap        ] GC(275) ParOldGen: 6895056K(6895104K)->6895056K(6895104K)
[105.896s][info][gc,metaspace   ] GC(275) Metaspace: 6299K(6464K)->6299K(6464K) NonClass: 5765K(5824K)->5765K(5824K) Class: 533K(640K)->533K(640K)
[105.896s][info][gc             ] GC(275) Pause Full (Ergonomics) 6918M->6918M(7179M) 2227.476ms
[105.896s][info][gc,cpu         ] GC(275) User=16.50s Sys=0.00s Real=2.23s
[105.896s][info][gc,start       ] GC(276) Pause Full (Ergonomics)
[105.896s][info][gc,phases,start] GC(276) Marking Phase
[107.511s][info][gc,phases      ] GC(276) Marking Phase 1614.547ms
[107.511s][info][gc,phases,start] GC(276) Summary Phase
[107.511s][info][gc,phases      ] GC(276) Summary Phase 0.070ms
[107.511s][info][gc,phases,start] GC(276) Adjust Roots
[107.511s][info][gc,phases      ] GC(276) Adjust Roots 0.173ms
[107.511s][info][gc,phases,start] GC(276) Compaction Phase
[108.078s][info][gc,phases      ] GC(276) Compaction Phase 566.737ms
[108.078s][info][gc,phases,start] GC(276) Post Compact
[108.089s][info][gc,phases      ] GC(276) Post Compact 10.541ms
[108.089s][info][gc,heap        ] GC(276) PSYoungGen: 189575K(456192K)->189575K(456192K) Eden: 93183K(93184K)->93183K(93184K) From: 96391K(363008K)->96391K(363008K)
[108.089s][info][gc,heap        ] GC(276) ParOldGen: 6895061K(6895104K)->6895061K(6895104K)
[108.089s][info][gc,metaspace   ] GC(276) Metaspace: 6299K(6464K)->6299K(6464K) NonClass: 5765K(5824K)->5765K(5824K) Class: 533K(640K)->533K(640K)
[108.089s][info][gc             ] GC(276) Pause Full (Ergonomics) 6918M->6918M(7179M) 2192.416ms
[108.089s][info][gc,cpu         ] GC(276) User=16.12s Sys=0.05s Real=2.19s
[108.089s][info][gc,start       ] GC(277) Pause Full (Ergonomics)
[108.089s][info][gc,phases,start] GC(277) Marking Phase
[109.710s][info][gc,phases      ] GC(277) Marking Phase 1620.837ms
[109.710s][info][gc,phases,start] GC(277) Summary Phase
[109.710s][info][gc,phases      ] GC(277) Summary Phase 0.070ms
[109.710s][info][gc,phases,start] GC(277) Adjust Roots
[109.710s][info][gc,phases      ] GC(277) Adjust Roots 0.170ms
[109.710s][info][gc,phases,start] GC(277) Compaction Phase
[110.280s][info][gc,phases      ] GC(277) Compaction Phase 569.911ms
[110.280s][info][gc,phases,start] GC(277) Post Compact
[110.291s][info][gc,phases      ] GC(277) Post Compact 10.669ms
[110.291s][info][gc,heap        ] GC(277) PSYoungGen: 189575K(456192K)->189575K(456192K) Eden: 93183K(93184K)->93183K(93184K) From: 96391K(363008K)->96391K(363008K)
[110.291s][info][gc,heap        ] GC(277) ParOldGen: 6895066K(6895104K)->6895066K(6895104K)
[110.291s][info][gc,metaspace   ] GC(277) Metaspace: 6299K(6464K)->6299K(6464K) NonClass: 5765K(5824K)->5765K(5824K) Class: 533K(640K)->533K(640K)
[110.291s][info][gc             ] GC(277) Pause Full (Ergonomics) 6918M->6918M(7179M) 2202.023ms
[110.291s][info][gc,cpu         ] GC(277) User=16.42s Sys=0.02s Real=2.20s
[110.291s][info][gc,start       ] GC(278) Pause Full (Ergonomics)
[110.291s][info][gc,phases,start] GC(278) Marking Phase
[111.922s][info][gc,phases      ] GC(278) Marking Phase 1630.309ms
[111.922s][info][gc,phases,start] GC(278) Summary Phase
[111.922s][info][gc,phases      ] GC(278) Summary Phase 0.097ms
[111.922s][info][gc,phases,start] GC(278) Adjust Roots
[111.922s][info][gc,phases      ] GC(278) Adjust Roots 0.170ms
[111.922s][info][gc,phases,start] GC(278) Compaction Phase
[112.546s][info][gc,phases      ] GC(278) Compaction Phase 624.159ms
[112.546s][info][gc,phases,start] GC(278) Post Compact
[112.557s][info][gc,phases      ] GC(278) Post Compact 10.508ms
[112.557s][info][gc,heap        ] GC(278) PSYoungGen: 189575K(456192K)->189575K(456192K) Eden: 93183K(93184K)->93183K(93184K) From: 96391K(363008K)->96391K(363008K)
[112.557s][info][gc,heap        ] GC(278) ParOldGen: 6895070K(6895104K)->6895070K(6895104K)
[112.557s][info][gc,metaspace   ] GC(278) Metaspace: 6299K(6464K)->6299K(6464K) NonClass: 5765K(5824K)->5765K(5824K) Class: 533K(640K)->533K(640K)
[112.557s][info][gc             ] GC(278) Pause Full (Ergonomics) 6918M->6918M(7179M) 2265.603ms
[112.557s][info][gc,cpu         ] GC(278) User=16.48s Sys=0.00s Real=2.27s
[112.557s][info][gc,start       ] GC(279) Pause Full (Ergonomics)
[112.557s][info][gc,phases,start] GC(279) Marking Phase
[114.164s][info][gc,phases      ] GC(279) Marking Phase 1606.798ms
[114.164s][info][gc,phases,start] GC(279) Summary Phase
[114.164s][info][gc,phases      ] GC(279) Summary Phase 0.070ms
[114.164s][info][gc,phases,start] GC(279) Adjust Roots
[114.164s][info][gc,phases      ] GC(279) Adjust Roots 0.175ms
[114.164s][info][gc,phases,start] GC(279) Compaction Phase
[114.722s][info][gc,phases      ] GC(279) Compaction Phase 557.642ms
[114.722s][info][gc,phases,start] GC(279) Post Compact
[114.733s][info][gc,phases      ] GC(279) Post Compact 10.668ms
[114.733s][info][gc,heap        ] GC(279) PSYoungGen: 189575K(456192K)->189575K(456192K) Eden: 93183K(93184K)->93183K(93184K) From: 96391K(363008K)->96391K(363008K)
[114.733s][info][gc,heap        ] GC(279) ParOldGen: 6895075K(6895104K)->6895075K(6895104K)
[114.733s][info][gc,metaspace   ] GC(279) Metaspace: 6299K(6464K)->6299K(6464K) NonClass: 5765K(5824K)->5765K(5824K) Class: 533K(640K)->533K(640K)
[114.733s][info][gc             ] GC(279) Pause Full (Ergonomics) 6918M->6918M(7179M) 2175.691ms
[114.733s][info][gc,cpu         ] GC(279) User=16.25s Sys=0.02s Real=2.18s
[114.733s][info][gc,start       ] GC(280) Pause Full (Ergonomics)
[114.733s][info][gc,phases,start] GC(280) Marking Phase
[116.371s][info][gc,phases      ] GC(280) Marking Phase 1637.840ms
[116.371s][info][gc,phases,start] GC(280) Summary Phase
[116.371s][info][gc,phases      ] GC(280) Summary Phase 0.073ms
[116.371s][info][gc,phases,start] GC(280) Adjust Roots
[116.371s][info][gc,phases      ] GC(280) Adjust Roots 0.170ms
[116.371s][info][gc,phases,start] GC(280) Compaction Phase
[116.931s][info][gc,phases      ] GC(280) Compaction Phase 560.289ms
[116.932s][info][gc,phases,start] GC(280) Post Compact
[116.942s][info][gc,phases      ] GC(280) Post Compact 10.707ms
[116.942s][info][gc,heap        ] GC(280) PSYoungGen: 189575K(456192K)->189575K(456192K) Eden: 93183K(93184K)->93183K(93184K) From: 96391K(363008K)->96391K(363008K)
[116.942s][info][gc,heap        ] GC(280) ParOldGen: 6895080K(6895104K)->6895080K(6895104K)
[116.942s][info][gc,metaspace   ] GC(280) Metaspace: 6299K(6464K)->6299K(6464K) NonClass: 5765K(5824K)->5765K(5824K) Class: 533K(640K)->533K(640K)
[116.942s][info][gc             ] GC(280) Pause Full (Ergonomics) 6918M->6918M(7179M) 2209.420ms
[116.942s][info][gc,cpu         ] GC(280) User=16.61s Sys=0.00s Real=2.21s
[116.943s][info][gc,start       ] GC(281) Pause Full (Ergonomics)
[116.943s][info][gc,phases,start] GC(281) Marking Phase
[118.580s][info][gc,phases      ] GC(281) Marking Phase 1637.492ms
[118.580s][info][gc,phases,start] GC(281) Summary Phase
[118.580s][info][gc,phases      ] GC(281) Summary Phase 0.093ms
[118.580s][info][gc,phases,start] GC(281) Adjust Roots
[118.581s][info][gc,phases      ] GC(281) Adjust Roots 0.205ms
[118.581s][info][gc,phases,start] GC(281) Compaction Phase
[119.163s][info][gc,phases      ] GC(281) Compaction Phase 582.779ms
[119.163s][info][gc,phases,start] GC(281) Post Compact
[119.174s][info][gc,phases      ] GC(281) Post Compact 10.587ms
[119.174s][info][gc,heap        ] GC(281) PSYoungGen: 189575K(456192K)->189575K(456192K) Eden: 93183K(93184K)->93183K(93184K) From: 96391K(363008K)->96391K(363008K)
[119.174s][info][gc,heap        ] GC(281) ParOldGen: 6895085K(6895104K)->6895085K(6895104K)
[119.174s][info][gc,metaspace   ] GC(281) Metaspace: 6299K(6464K)->6299K(6464K) NonClass: 5765K(5824K)->5765K(5824K) Class: 533K(640K)->533K(640K)
[119.174s][info][gc             ] GC(281) Pause Full (Ergonomics) 6918M->6918M(7179M) 2231.526ms
[119.174s][info][gc,cpu         ] GC(281) User=16.25s Sys=0.02s Real=2.23s
[119.174s][info][gc,start       ] GC(282) Pause Full (Ergonomics)
[119.174s][info][gc,phases,start] GC(282) Marking Phase
[120.780s][info][gc,phases      ] GC(282) Marking Phase 1605.544ms
[120.780s][info][gc,phases,start] GC(282) Summary Phase
[120.780s][info][gc,phases      ] GC(282) Summary Phase 0.070ms
[120.780s][info][gc,phases,start] GC(282) Adjust Roots
[120.780s][info][gc,phases      ] GC(282) Adjust Roots 0.175ms
[120.780s][info][gc,phases,start] GC(282) Compaction Phase
[121.345s][info][gc,phases      ] GC(282) Compaction Phase 564.881ms
[121.345s][info][gc,phases,start] GC(282) Post Compact
[121.356s][info][gc,phases      ] GC(282) Post Compact 10.736ms
[121.356s][info][gc,heap        ] GC(282) PSYoungGen: 189575K(456192K)->189575K(456192K) Eden: 93183K(93184K)->93183K(93184K) From: 96391K(363008K)->96391K(363008K)
[121.356s][info][gc,heap        ] GC(282) ParOldGen: 6895090K(6895104K)->6895090K(6895104K)
[121.356s][info][gc,metaspace   ] GC(282) Metaspace: 6299K(6464K)->6299K(6464K) NonClass: 5765K(5824K)->5765K(5824K) Class: 533K(640K)->533K(640K)
[121.356s][info][gc             ] GC(282) Pause Full (Ergonomics) 6918M->6918M(7179M) 2181.771ms
[121.356s][info][gc,cpu         ] GC(282) User=16.03s Sys=0.00s Real=2.18s
[121.356s][info][gc,start       ] GC(283) Pause Full (Ergonomics)
[121.356s][info][gc,phases,start] GC(283) Marking Phase
[122.994s][info][gc,phases      ] GC(283) Marking Phase 1637.921ms
[122.994s][info][gc,phases,start] GC(283) Summary Phase
[122.995s][info][gc,phases      ] GC(283) Summary Phase 0.114ms
[122.995s][info][gc,phases,start] GC(283) Adjust Roots
[122.995s][info][gc,phases      ] GC(283) Adjust Roots 0.245ms
[122.995s][info][gc,phases,start] GC(283) Compaction Phase
[123.562s][info][gc,phases      ] GC(283) Compaction Phase 567.522ms
[123.562s][info][gc,phases,start] GC(283) Post Compact
[123.573s][info][gc,phases      ] GC(283) Post Compact 10.524ms
[123.573s][info][gc,heap        ] GC(283) PSYoungGen: 189575K(456192K)->189575K(456192K) Eden: 93183K(93184K)->93183K(93184K) From: 96391K(363008K)->96391K(363008K)
[123.573s][info][gc,heap        ] GC(283) ParOldGen: 6895095K(6895104K)->6895095K(6895104K)
[123.573s][info][gc,metaspace   ] GC(283) Metaspace: 6299K(6464K)->6299K(6464K) NonClass: 5765K(5824K)->5765K(5824K) Class: 533K(640K)->533K(640K)
[123.573s][info][gc             ] GC(283) Pause Full (Ergonomics) 6918M->6918M(7179M) 2216.711ms
[123.573s][info][gc,cpu         ] GC(283) User=16.42s Sys=0.00s Real=2.22s
[123.573s][info][gc,start       ] GC(284) Pause Full (Ergonomics)
[123.573s][info][gc,phases,start] GC(284) Marking Phase
[125.206s][info][gc,phases      ] GC(284) Marking Phase 1632.290ms
[125.206s][info][gc,phases,start] GC(284) Summary Phase
[125.206s][info][gc,phases      ] GC(284) Summary Phase 0.110ms
[125.206s][info][gc,phases,start] GC(284) Adjust Roots
[125.206s][info][gc,phases      ] GC(284) Adjust Roots 0.252ms
[125.206s][info][gc,phases,start] GC(284) Compaction Phase
[125.767s][info][gc,phases      ] GC(284) Compaction Phase 561.122ms
[125.767s][info][gc,phases,start] GC(284) Post Compact
[125.778s][info][gc,phases      ] GC(284) Post Compact 10.686ms
[125.778s][info][gc,heap        ] GC(284) PSYoungGen: 189575K(456192K)->189575K(456192K) Eden: 93183K(93184K)->93183K(93184K) From: 96391K(363008K)->96391K(363008K)
[125.778s][info][gc,heap        ] GC(284) ParOldGen: 6895099K(6895104K)->6895099K(6895104K)
[125.778s][info][gc,metaspace   ] GC(284) Metaspace: 6299K(6464K)->6299K(6464K) NonClass: 5765K(5824K)->5765K(5824K) Class: 533K(640K)->533K(640K)
[125.778s][info][gc             ] GC(284) Pause Full (Ergonomics) 6918M->6918M(7179M) 2204.864ms
[125.778s][info][gc,cpu         ] GC(284) User=16.22s Sys=0.00s Real=2.20s
[125.778s][info][gc,start       ] GC(285) Pause Full (Ergonomics)
[125.778s][info][gc,phases,start] GC(285) Marking Phase
[127.381s][info][gc,phases      ] GC(285) Marking Phase 1602.938ms
[127.381s][info][gc,phases,start] GC(285) Summary Phase
[127.382s][info][gc,phases      ] GC(285) Summary Phase 0.072ms
[127.382s][info][gc,phases,start] GC(285) Adjust Roots
[127.382s][info][gc,phases      ] GC(285) Adjust Roots 0.214ms
[127.382s][info][gc,phases,start] GC(285) Compaction Phase
[127.948s][info][gc,phases      ] GC(285) Compaction Phase 566.081ms
[127.948s][info][gc,phases,start] GC(285) Post Compact
[127.959s][info][gc,phases      ] GC(285) Post Compact 10.671ms
[127.959s][info][gc,heap        ] GC(285) PSYoungGen: 189575K(456192K)->189575K(456192K) Eden: 93183K(93184K)->93183K(93184K) From: 96391K(363008K)->96391K(363008K)
[127.959s][info][gc,heap        ] GC(285) ParOldGen: 6895104K(6895104K)->6895104K(6895104K)
[127.959s][info][gc,metaspace   ] GC(285) Metaspace: 6299K(6464K)->6299K(6464K) NonClass: 5765K(5824K)->5765K(5824K) Class: 533K(640K)->533K(640K)
[127.959s][info][gc             ] GC(285) Pause Full (Ergonomics) 6918M->6918M(7179M) 2180.314ms
[127.959s][info][gc,cpu         ] GC(285) User=16.05s Sys=0.00s Real=2.18s
[127.959s][info][gc,start       ] GC(286) Pause Full (Allocation Failure)
[127.959s][info][gc,phases,start] GC(286) Marking Phase
[129.576s][info][gc,phases      ] GC(286) Marking Phase 1617.575ms
[129.576s][info][gc,phases,start] GC(286) Summary Phase
[129.577s][info][gc,phases      ] GC(286) Summary Phase 0.072ms
[129.577s][info][gc,phases,start] GC(286) Adjust Roots
[129.577s][info][gc,phases      ] GC(286) Adjust Roots 0.395ms
[129.577s][info][gc,phases,start] GC(286) Compaction Phase
[131.364s][info][gc,phases      ] GC(286) Compaction Phase 1786.871ms
[131.364s][info][gc,phases,start] GC(286) Post Compact
[131.375s][info][gc,phases      ] GC(286) Post Compact 10.872ms
[131.375s][info][gc,heap        ] GC(286) PSYoungGen: 189575K(456192K)->189575K(456192K) Eden: 93183K(93184K)->93183K(93184K) From: 96391K(363008K)->96391K(363008K)
[131.375s][info][gc,heap        ] GC(286) ParOldGen: 6895104K(6895104K)->6895099K(6895104K)
[131.375s][info][gc,metaspace   ] GC(286) Metaspace: 6299K(6464K)->6297K(6464K) NonClass: 5765K(5824K)->5764K(5824K) Class: 533K(640K)->532K(640K)
[131.375s][info][gc             ] GC(286) Pause Full (Allocation Failure) 6918M->6918M(7179M) 3416.129ms
[131.375s][info][gc,cpu         ] GC(286) User=24.97s Sys=0.08s Real=3.41s
[131.375s][info][gc,start       ] GC(287) Pause Full (Ergonomics)
[131.375s][info][gc,phases,start] GC(287) Marking Phase
[132.981s][info][gc,phases      ] GC(287) Marking Phase 1605.955ms
[132.981s][info][gc,phases,start] GC(287) Summary Phase
[132.982s][info][gc,phases      ] GC(287) Summary Phase 0.099ms
[132.982s][info][gc,phases,start] GC(287) Adjust Roots
[132.982s][info][gc,phases      ] GC(287) Adjust Roots 0.222ms
[132.982s][info][gc,phases,start] GC(287) Compaction Phase
[133.529s][info][gc,phases      ] GC(287) Compaction Phase 546.790ms
[133.529s][info][gc,phases,start] GC(287) Post Compact
[133.539s][info][gc,phases      ] GC(287) Post Compact 10.592ms
[133.539s][info][gc,heap        ] GC(287) PSYoungGen: 189575K(456192K)->189575K(456192K) Eden: 93183K(93184K)->93183K(93184K) From: 96391K(363008K)->96391K(363008K)
[133.539s][info][gc,heap        ] GC(287) ParOldGen: 6895100K(6895104K)->6895100K(6895104K)
[133.539s][info][gc,metaspace   ] GC(287) Metaspace: 6297K(6464K)->6297K(6464K) NonClass: 5764K(5824K)->5764K(5824K) Class: 532K(640K)->532K(640K)
[133.539s][info][gc             ] GC(287) Pause Full (Ergonomics) 6918M->6918M(7179M) 2164.011ms
[133.539s][info][gc,cpu         ] GC(287) User=16.03s Sys=0.02s Real=2.16s
[133.540s][info][gc,start       ] GC(288) Pause Full (Ergonomics)
[133.540s][info][gc,phases,start] GC(288) Marking Phase
[135.168s][info][gc,phases      ] GC(288) Marking Phase 1627.851ms
[135.168s][info][gc,phases,start] GC(288) Summary Phase
[135.168s][info][gc,phases      ] GC(288) Summary Phase 0.088ms
[135.168s][info][gc,phases,start] GC(288) Adjust Roots
[135.168s][info][gc,phases      ] GC(288) Adjust Roots 0.170ms
[135.168s][info][gc,phases,start] GC(288) Compaction Phase
[135.698s][info][gc,phases      ] GC(288) Compaction Phase 529.601ms
[135.698s][info][gc,phases,start] GC(288) Post Compact
[135.708s][info][gc,phases      ] GC(288) Post Compact 10.679ms
[135.709s][info][gc,heap        ] GC(288) PSYoungGen: 189575K(456192K)->189575K(456192K) Eden: 93183K(93184K)->93183K(93184K) From: 96391K(363008K)->96391K(363008K)
[135.709s][info][gc,heap        ] GC(288) ParOldGen: 6895103K(6895104K)->6895103K(6895104K)
[135.709s][info][gc,metaspace   ] GC(288) Metaspace: 6297K(6464K)->6297K(6464K) NonClass: 5764K(5824K)->5764K(5824K) Class: 532K(640K)->532K(640K)
[135.709s][info][gc             ] GC(288) Pause Full (Ergonomics) 6918M->6918M(7179M) 2168.722ms
[135.709s][info][gc,cpu         ] GC(288) User=16.16s Sys=0.00s Real=2.17s
[135.709s][info][gc,start       ] GC(289) Pause Full (Allocation Failure)
[135.709s][info][gc,phases,start] GC(289) Marking Phase
[137.320s][info][gc,phases      ] GC(289) Marking Phase 1611.592ms
[137.320s][info][gc,phases,start] GC(289) Summary Phase
[137.320s][info][gc,phases      ] GC(289) Summary Phase 0.082ms
[137.320s][info][gc,phases,start] GC(289) Adjust Roots
[137.321s][info][gc,phases      ] GC(289) Adjust Roots 0.169ms
[137.321s][info][gc,phases,start] GC(289) Compaction Phase
[137.858s][info][gc,phases      ] GC(289) Compaction Phase 537.643ms
[137.858s][info][gc,phases,start] GC(289) Post Compact
[137.869s][info][gc,phases      ] GC(289) Post Compact 10.750ms
[137.869s][info][gc,heap        ] GC(289) PSYoungGen: 189575K(456192K)->189575K(456192K) Eden: 93183K(93184K)->93183K(93184K) From: 96391K(363008K)->96391K(363008K)
[137.869s][info][gc,heap        ] GC(289) ParOldGen: 6895103K(6895104K)->6895103K(6895104K)
[137.869s][info][gc,metaspace   ] GC(289) Metaspace: 6297K(6464K)->6297K(6464K) NonClass: 5764K(5824K)->5764K(5824K) Class: 532K(640K)->532K(640K)
[137.869s][info][gc             ] GC(289) Pause Full (Allocation Failure) 6918M->6918M(7179M) 2160.571ms
[137.869s][info][gc,cpu         ] GC(289) User=15.69s Sys=0.02s Real=2.16s
[137.870s][info][gc,start       ] GC(290) Pause Full (Ergonomics)
[137.870s][info][gc,phases,start] GC(290) Marking Phase
[139.469s][info][gc,phases      ] GC(290) Marking Phase 1599.742ms
[139.470s][info][gc,phases,start] GC(290) Summary Phase
[139.470s][info][gc,phases      ] GC(290) Summary Phase 0.093ms
[139.470s][info][gc,phases,start] GC(290) Adjust Roots
[139.470s][info][gc,phases      ] GC(290) Adjust Roots 0.278ms
[139.470s][info][gc,phases,start] GC(290) Compaction Phase
[141.255s][info][gc,phases      ] GC(290) Compaction Phase 1785.419ms
[141.255s][info][gc,phases,start] GC(290) Post Compact
[141.266s][info][gc,phases      ] GC(290) Post Compact 10.755ms
[141.266s][info][gc,heap        ] GC(290) PSYoungGen: 189575K(456192K)->189575K(456192K) Eden: 93183K(93184K)->93183K(93184K) From: 96391K(363008K)->96391K(363008K)
[141.266s][info][gc,heap        ] GC(290) ParOldGen: 6895103K(6895104K)->6895102K(6895104K)
[141.266s][info][gc,metaspace   ] GC(290) Metaspace: 6297K(6464K)->6297K(6464K) NonClass: 5764K(5824K)->5764K(5824K) Class: 532K(640K)->532K(640K)
[141.266s][info][gc             ] GC(290) Pause Full (Ergonomics) 6918M->6918M(7179M) 3396.682ms
[141.266s][info][gc,cpu         ] GC(290) User=24.92s Sys=0.02s Real=3.40s
[141.267s][info][gc,start       ] GC(291) Pause Full (Ergonomics)
[141.267s][info][gc,phases,start] GC(291) Marking Phase
[142.870s][info][gc,phases      ] GC(291) Marking Phase 1603.450ms
[142.870s][info][gc,phases,start] GC(291) Summary Phase
[142.870s][info][gc,phases      ] GC(291) Summary Phase 0.077ms
[142.870s][info][gc,phases,start] GC(291) Adjust Roots
[142.871s][info][gc,phases      ] GC(291) Adjust Roots 0.216ms
[142.871s][info][gc,phases,start] GC(291) Compaction Phase
[143.408s][info][gc,phases      ] GC(291) Compaction Phase 537.620ms
[143.408s][info][gc,phases,start] GC(291) Post Compact
[143.419s][info][gc,phases      ] GC(291) Post Compact 10.565ms
[143.419s][info][gc,heap        ] GC(291) PSYoungGen: 189575K(456192K)->189575K(456192K) Eden: 93183K(93184K)->93183K(93184K) From: 96391K(363008K)->96391K(363008K)
[143.419s][info][gc,heap        ] GC(291) ParOldGen: 6895102K(6895104K)->6895102K(6895104K)
[143.419s][info][gc,metaspace   ] GC(291) Metaspace: 6297K(6464K)->6297K(6464K) NonClass: 5764K(5824K)->5764K(5824K) Class: 532K(640K)->532K(640K)
[143.419s][info][gc             ] GC(291) Pause Full (Ergonomics) 6918M->6918M(7179M) 2152.263ms
[143.419s][info][gc,cpu         ] GC(291) User=15.75s Sys=0.05s Real=2.15s
[143.420s][info][gc,start       ] GC(292) Pause Full (Ergonomics)
[143.420s][info][gc,phases,start] GC(292) Marking Phase
[145.021s][info][gc,phases      ] GC(292) Marking Phase 1601.215ms
[145.021s][info][gc,phases,start] GC(292) Summary Phase
[145.022s][info][gc,phases      ] GC(292) Summary Phase 0.074ms
[145.022s][info][gc,phases,start] GC(292) Adjust Roots
[145.022s][info][gc,phases      ] GC(292) Adjust Roots 0.249ms
[145.022s][info][gc,phases,start] GC(292) Compaction Phase
[146.814s][info][gc,phases      ] GC(292) Compaction Phase 1792.131ms
[146.814s][info][gc,phases,start] GC(292) Post Compact
[146.825s][info][gc,phases      ] GC(292) Post Compact 10.881ms
[146.825s][info][gc,heap        ] GC(292) PSYoungGen: 189575K(456192K)->189575K(456192K) Eden: 93183K(93184K)->93183K(93184K) From: 96391K(363008K)->96391K(363008K)
[146.825s][info][gc,heap        ] GC(292) ParOldGen: 6895104K(6895104K)->6895101K(6895104K)
[146.825s][info][gc,metaspace   ] GC(292) Metaspace: 6299K(6464K)->6299K(6464K) NonClass: 5765K(5824K)->5765K(5824K) Class: 533K(640K)->533K(640K)
[146.825s][info][gc             ] GC(292) Pause Full (Ergonomics) 6918M->6918M(7179M) 3404.954ms
[146.825s][info][gc,cpu         ] GC(292) User=25.50s Sys=0.03s Real=3.41s
[146.826s][info][gc,heap,exit   ] Heap
[146.826s][info][gc,heap,exit   ]  PSYoungGen      total 456192K, used 189575K [0x000000072d980000, 0x0000000760b00000, 0x0000000800000000)
[146.826s][info][gc,heap,exit   ]   eden space 93184K, 99% used [0x000000072d980000,0x000000073347fff8,0x0000000733480000)
[146.826s][info][gc,heap,exit   ]   from space 363008K, 26% used [0x0000000749a00000,0x000000074f821eb8,0x000000075fc80000)
[146.826s][info][gc,heap,exit   ]   to   space 366080K, 0% used [0x0000000733480000,0x0000000733480000,0x0000000749a00000)
[146.826s][info][gc,heap,exit   ]  ParOldGen       total 6895104K, used 6895101K [0x0000000588c00000, 0x000000072d980000, 0x000000072d980000)
[146.826s][info][gc,heap,exit   ]   object space 6895104K, 99% used [0x0000000588c00000,0x000000072d97f750,0x000000072d980000)
[146.826s][info][gc,heap,exit   ]  Metaspace       used 6302K, committed 6464K, reserved 1114112K
[146.826s][info][gc,heap,exit   ]   class space    used 534K, committed 640K, reserved 1048576K
