[0.014s][info][gc,init] CardTable entry size: 512
[0.014s][info][gc     ] Using Parallel
[0.015s][info][gc,init] Version: 18.0.1+10 (release)
[0.015s][info][gc,init] CPUs: 8 total, 8 available
[0.015s][info][gc,init] Memory: 16063M
[0.015s][info][gc,init] Large Page Support: Disabled
[0.015s][info][gc,init] NUMA Support: Disabled
[0.015s][info][gc,init] Compressed Oops: Enabled (Zero based)
[0.015s][info][gc,init] Alignments: Space 512K, Generation 512K, Heap 2M
[0.015s][info][gc,init] Heap Min Capacity: 2M
[0.015s][info][gc,init] Heap Initial Capacity: 2M
[0.015s][info][gc,init] Heap Max Capacity: 9200M
[0.015s][info][gc,init] Pre-touch: Disabled
[0.015s][info][gc,init] Parallel Workers: 8
[0.016s][info][gc,metaspace] CDS archive(s) not mapped
[0.016s][info][gc,metaspace] Compressed class space mapped at: 0x0000000800000000-0x0000000840000000, reserved size: 1073741824
[0.016s][info][gc,metaspace] Narrow klass base: 0x0000000800000000, Narrow klass shift: 0, Narrow klass range: 0x40000000
[0.140s][info][gc,start    ] GC(0) Pause Young (Allocation Failure)
[0.142s][info][gc,heap     ] GC(0) PSYoungGen: 512K(1024K)->480K(1024K) Eden: 512K(512K)->0K(512K) From: 0K(512K)->480K(512K)
[0.142s][info][gc,heap     ] GC(0) ParOldGen: 0K(512K)->8K(512K)
[0.142s][info][gc,metaspace] GC(0) Metaspace: 4229K(4352K)->4229K(4352K) NonClass: 3908K(3968K)->3908K(3968K) Class: 321K(384K)->321K(384K)
[0.142s][info][gc          ] GC(0) Pause Young (Allocation Failure) 0M->0M(1M) 1.874ms
[0.142s][info][gc,cpu      ] GC(0) User=0.00s Sys=0.00s Real=0.00s
[0.239s][info][gc,start    ] GC(1) Pause Young (Allocation Failure)
[0.240s][info][gc,heap     ] GC(1) PSYoungGen: 991K(1024K)->512K(1536K) Eden: 511K(512K)->0K(1024K) From: 480K(512K)->512K(512K)
[0.240s][info][gc,heap     ] GC(1) ParOldGen: 8K(512K)->96K(512K)
[0.240s][info][gc,metaspace] GC(1) Metaspace: 5877K(6016K)->5877K(6016K) NonClass: 5380K(5504K)->5380K(5504K) Class: 496K(512K)->496K(512K)
[0.240s][info][gc          ] GC(1) Pause Young (Allocation Failure) 0M->0M(2M) 1.458ms
[0.240s][info][gc,cpu      ] GC(1) User=0.00s Sys=0.00s Real=0.00s
[0.279s][info][gc,start    ] GC(2) Pause Young (Allocation Failure)
[0.280s][info][gc,heap     ] GC(2) PSYoungGen: 1536K(1536K)->496K(1536K) Eden: 1024K(1024K)->0K(1024K) From: 512K(512K)->496K(512K)
[0.280s][info][gc,heap     ] GC(2) ParOldGen: 96K(512K)->520K(1024K)
[0.280s][info][gc,metaspace] GC(2) Metaspace: 6296K(6464K)->6296K(6464K) NonClass: 5763K(5824K)->5763K(5824K) Class: 533K(640K)->533K(640K)
[0.280s][info][gc          ] GC(2) Pause Young (Allocation Failure) 1M->0M(2M) 1.798ms
[0.280s][info][gc,cpu      ] GC(2) User=0.00s Sys=0.00s Real=0.00s
[0.283s][info][gc,start    ] GC(3) Pause Young (Allocation Failure)
[0.285s][info][gc,heap     ] GC(3) PSYoungGen: 1520K(1536K)->480K(2560K) Eden: 1024K(1024K)->0K(2048K) From: 496K(512K)->480K(512K)
[0.285s][info][gc,heap     ] GC(3) ParOldGen: 520K(1024K)->1068K(1536K)
[0.285s][info][gc,metaspace] GC(3) Metaspace: 6296K(6464K)->6296K(6464K) NonClass: 5763K(5824K)->5763K(5824K) Class: 533K(640K)->533K(640K)
[0.285s][info][gc          ] GC(3) Pause Young (Allocation Failure) 1M->1M(4M) 2.032ms
[0.285s][info][gc,cpu      ] GC(3) User=0.00s Sys=0.00s Real=0.00s
[0.285s][info][gc,start    ] GC(4) Pause Full (Ergonomics)
[0.285s][info][gc,phases,start] GC(4) Marking Phase
[0.286s][info][gc,phases      ] GC(4) Marking Phase 1.474ms
[0.286s][info][gc,phases,start] GC(4) Summary Phase
[0.286s][info][gc,phases      ] GC(4) Summary Phase 0.015ms
[0.286s][info][gc,phases,start] GC(4) Adjust Roots
[0.287s][info][gc,phases      ] GC(4) Adjust Roots 0.440ms
[0.287s][info][gc,phases,start] GC(4) Compaction Phase
[0.290s][info][gc,phases      ] GC(4) Compaction Phase 3.158ms
[0.290s][info][gc,phases,start] GC(4) Post Compact
[0.290s][info][gc,phases      ] GC(4) Post Compact 0.134ms
[0.290s][info][gc,heap        ] GC(4) PSYoungGen: 480K(2560K)->0K(2560K) Eden: 0K(2048K)->0K(2048K) From: 480K(512K)->0K(512K)
[0.290s][info][gc,heap        ] GC(4) ParOldGen: 1068K(1536K)->1495K(3584K)
[0.290s][info][gc,metaspace   ] GC(4) Metaspace: 6296K(6464K)->6296K(6464K) NonClass: 5763K(5824K)->5763K(5824K) Class: 533K(640K)->533K(640K)
[0.290s][info][gc             ] GC(4) Pause Full (Ergonomics) 1M->1M(6M) 5.680ms
[0.290s][info][gc,cpu         ] GC(4) User=0.00s Sys=0.00s Real=0.01s
[0.296s][info][gc,start       ] GC(5) Pause Young (Allocation Failure)
[0.297s][info][gc,heap        ] GC(5) PSYoungGen: 2048K(2560K)->480K(3584K) Eden: 2048K(2048K)->0K(3072K) From: 0K(512K)->480K(512K)
[0.298s][info][gc,heap        ] GC(5) ParOldGen: 1495K(3584K)->2111K(3584K)
[0.298s][info][gc,metaspace   ] GC(5) Metaspace: 6296K(6464K)->6296K(6464K) NonClass: 5763K(5824K)->5763K(5824K) Class: 533K(640K)->533K(640K)
[0.298s][info][gc             ] GC(5) Pause Young (Allocation Failure) 3M->2M(7M) 1.667ms
[0.298s][info][gc,cpu         ] GC(5) User=0.02s Sys=0.00s Real=0.00s
[0.305s][info][gc,start       ] GC(6) Pause Young (Allocation Failure)
[0.308s][info][gc,heap        ] GC(6) PSYoungGen: 3552K(3584K)->1504K(4608K) Eden: 3072K(3072K)->0K(3072K) From: 480K(512K)->1504K(1536K)
[0.308s][info][gc,heap        ] GC(6) ParOldGen: 2111K(3584K)->2679K(3584K)
[0.308s][info][gc,metaspace   ] GC(6) Metaspace: 6296K(6464K)->6296K(6464K) NonClass: 5763K(5824K)->5763K(5824K) Class: 533K(640K)->533K(640K)
[0.308s][info][gc             ] GC(6) Pause Young (Allocation Failure) 5M->4M(8M) 3.419ms
[0.308s][info][gc,cpu         ] GC(6) User=0.00s Sys=0.00s Real=0.00s
[0.314s][info][gc,start       ] GC(7) Pause Young (Allocation Failure)
[0.318s][info][gc,heap        ] GC(7) PSYoungGen: 4576K(4608K)->2016K(7168K) Eden: 3072K(3072K)->0K(5120K) From: 1504K(1536K)->2016K(2048K)
[0.318s][info][gc,heap        ] GC(7) ParOldGen: 2679K(3584K)->3767K(4096K)
[0.318s][info][gc,metaspace   ] GC(7) Metaspace: 6296K(6464K)->6296K(6464K) NonClass: 5763K(5824K)->5763K(5824K) Class: 533K(640K)->533K(640K)
[0.318s][info][gc             ] GC(7) Pause Young (Allocation Failure) 7M->5M(11M) 3.906ms
[0.318s][info][gc,cpu         ] GC(7) User=0.00s Sys=0.00s Real=0.00s
[0.318s][info][gc,start       ] GC(8) Pause Full (Ergonomics)
[0.318s][info][gc,phases,start] GC(8) Marking Phase
[0.322s][info][gc,phases      ] GC(8) Marking Phase 3.656ms
[0.322s][info][gc,phases,start] GC(8) Summary Phase
[0.322s][info][gc,phases      ] GC(8) Summary Phase 0.016ms
[0.322s][info][gc,phases,start] GC(8) Adjust Roots
[0.322s][info][gc,phases      ] GC(8) Adjust Roots 0.437ms
[0.322s][info][gc,phases,start] GC(8) Compaction Phase
[0.327s][info][gc,phases      ] GC(8) Compaction Phase 4.449ms
[0.327s][info][gc,phases,start] GC(8) Post Compact
[0.327s][info][gc,phases      ] GC(8) Post Compact 0.053ms
[0.327s][info][gc,heap        ] GC(8) PSYoungGen: 2016K(7168K)->2012K(7168K) Eden: 0K(5120K)->0K(5120K) From: 2016K(2048K)->2012K(2048K)
[0.327s][info][gc,heap        ] GC(8) ParOldGen: 3767K(4096K)->3682K(6656K)
[0.327s][info][gc,metaspace   ] GC(8) Metaspace: 6296K(6464K)->6296K(6464K) NonClass: 5763K(5824K)->5763K(5824K) Class: 533K(640K)->533K(640K)
[0.327s][info][gc             ] GC(8) Pause Full (Ergonomics) 5M->5M(13M) 9.016ms
[0.327s][info][gc,cpu         ] GC(8) User=0.00s Sys=0.00s Real=0.01s
[0.336s][info][gc,start       ] GC(9) Pause Young (Allocation Failure)
[0.342s][info][gc,heap        ] GC(9) PSYoungGen: 7132K(7168K)->3040K(8192K) Eden: 5120K(5120K)->0K(5120K) From: 2012K(2048K)->3040K(3072K)
[0.342s][info][gc,heap        ] GC(9) ParOldGen: 3682K(6656K)->5330K(6656K)
[0.342s][info][gc,metaspace   ] GC(9) Metaspace: 6296K(6464K)->6296K(6464K) NonClass: 5763K(5824K)->5763K(5824K) Class: 533K(640K)->533K(640K)
[0.342s][info][gc             ] GC(9) Pause Young (Allocation Failure) 10M->8M(14M) 5.775ms
[0.342s][info][gc,cpu         ] GC(9) User=0.00s Sys=0.00s Real=0.01s
[0.342s][info][gc,start       ] GC(10) Pause Full (Ergonomics)
[0.342s][info][gc,phases,start] GC(10) Marking Phase
[0.347s][info][gc,phases      ] GC(10) Marking Phase 5.347ms
[0.347s][info][gc,phases,start] GC(10) Summary Phase
[0.347s][info][gc,phases      ] GC(10) Summary Phase 0.017ms
[0.347s][info][gc,phases,start] GC(10) Adjust Roots
[0.348s][info][gc,phases      ] GC(10) Adjust Roots 0.277ms
[0.348s][info][gc,phases,start] GC(10) Compaction Phase
[0.353s][info][gc,phases      ] GC(10) Compaction Phase 5.729ms
[0.354s][info][gc,phases,start] GC(10) Post Compact
[0.354s][info][gc,phases      ] GC(10) Post Compact 0.076ms
[0.354s][info][gc,heap        ] GC(10) PSYoungGen: 3040K(8192K)->2012K(8192K) Eden: 0K(5120K)->0K(5120K) From: 3040K(3072K)->2012K(3072K)
[0.354s][info][gc,heap        ] GC(10) ParOldGen: 5330K(6656K)->6318K(10752K)
[0.354s][info][gc,metaspace   ] GC(10) Metaspace: 6296K(6464K)->6296K(6464K) NonClass: 5763K(5824K)->5763K(5824K) Class: 533K(640K)->533K(640K)
[0.354s][info][gc             ] GC(10) Pause Full (Ergonomics) 8M->8M(18M) 12.259ms
[0.354s][info][gc,cpu         ] GC(10) User=0.00s Sys=0.00s Real=0.01s
[0.360s][info][gc,start       ] GC(11) Pause Young (Allocation Failure)
[0.364s][info][gc,heap        ] GC(11) PSYoungGen: 7132K(8192K)->4256K(10752K) Eden: 5120K(5120K)->0K(6144K) From: 2012K(3072K)->4256K(4608K)
[0.364s][info][gc,heap        ] GC(11) ParOldGen: 6318K(10752K)->6790K(10752K)
[0.364s][info][gc,metaspace   ] GC(11) Metaspace: 6296K(6464K)->6296K(6464K) NonClass: 5763K(5824K)->5763K(5824K) Class: 533K(640K)->533K(640K)
[0.365s][info][gc             ] GC(11) Pause Young (Allocation Failure) 13M->10M(21M) 4.573ms
[0.365s][info][gc,cpu         ] GC(11) User=0.00s Sys=0.00s Real=0.01s
[0.372s][info][gc,start       ] GC(12) Pause Young (Allocation Failure)
[0.378s][info][gc,heap        ] GC(12) PSYoungGen: 10400K(10752K)->5088K(11264K) Eden: 6144K(6144K)->0K(6144K) From: 4256K(4608K)->5088K(5120K)
[0.378s][info][gc,heap        ] GC(12) ParOldGen: 6790K(10752K)->9374K(10752K)
[0.378s][info][gc,metaspace   ] GC(12) Metaspace: 6296K(6464K)->6296K(6464K) NonClass: 5763K(5824K)->5763K(5824K) Class: 533K(640K)->533K(640K)
[0.378s][info][gc             ] GC(12) Pause Young (Allocation Failure) 16M->14M(21M) 6.101ms
[0.378s][info][gc,cpu         ] GC(12) User=0.00s Sys=0.00s Real=0.01s
[0.378s][info][gc,start       ] GC(13) Pause Full (Ergonomics)
[0.378s][info][gc,phases,start] GC(13) Marking Phase
[0.386s][info][gc,phases      ] GC(13) Marking Phase 7.276ms
[0.386s][info][gc,phases,start] GC(13) Summary Phase
[0.386s][info][gc,phases      ] GC(13) Summary Phase 0.016ms
[0.386s][info][gc,phases,start] GC(13) Adjust Roots
[0.386s][info][gc,phases      ] GC(13) Adjust Roots 0.176ms
[0.386s][info][gc,phases,start] GC(13) Compaction Phase
[0.392s][info][gc,phases      ] GC(13) Compaction Phase 6.226ms
[0.392s][info][gc,phases,start] GC(13) Post Compact
[0.392s][info][gc,phases      ] GC(13) Post Compact 0.070ms
[0.392s][info][gc,heap        ] GC(13) PSYoungGen: 5088K(11264K)->3545K(11264K) Eden: 0K(6144K)->0K(6144K) From: 5088K(5120K)->3545K(5120K)
[0.392s][info][gc,heap        ] GC(13) ParOldGen: 9374K(10752K)->10586K(16384K)
[0.392s][info][gc,metaspace   ] GC(13) Metaspace: 6296K(6464K)->6296K(6464K) NonClass: 5763K(5824K)->5763K(5824K) Class: 533K(640K)->533K(640K)
[0.392s][info][gc             ] GC(13) Pause Full (Ergonomics) 14M->13M(27M) 14.047ms
[0.392s][info][gc,cpu         ] GC(13) User=0.00s Sys=0.00s Real=0.01s
[0.397s][info][gc,start       ] GC(14) Pause Young (Allocation Failure)
[0.404s][info][gc,heap        ] GC(14) PSYoungGen: 9689K(11264K)->4608K(14848K) Eden: 6144K(6144K)->0K(8192K) From: 3545K(5120K)->4608K(6656K)
[0.404s][info][gc,heap        ] GC(14) ParOldGen: 10586K(16384K)->12738K(16384K)
[0.404s][info][gc,metaspace   ] GC(14) Metaspace: 6298K(6464K)->6298K(6464K) NonClass: 5764K(5824K)->5764K(5824K) Class: 533K(640K)->533K(640K)
[0.404s][info][gc             ] GC(14) Pause Young (Allocation Failure) 19M->16M(30M) 6.709ms
[0.404s][info][gc,cpu         ] GC(14) User=0.00s Sys=0.00s Real=0.01s
[0.409s][info][gc,start       ] GC(15) Pause Young (Allocation Failure)
[0.416s][info][gc,heap        ] GC(15) PSYoungGen: 12800K(14848K)->7168K(15360K) Eden: 8192K(8192K)->0K(8192K) From: 4608K(6656K)->7168K(7168K)
[0.416s][info][gc,heap        ] GC(15) ParOldGen: 12738K(16384K)->14418K(16384K)
[0.416s][info][gc,metaspace   ] GC(15) Metaspace: 6298K(6464K)->6298K(6464K) NonClass: 5764K(5824K)->5764K(5824K) Class: 533K(640K)->533K(640K)
[0.416s][info][gc             ] GC(15) Pause Young (Allocation Failure) 24M->21M(31M) 7.474ms
[0.416s][info][gc,cpu         ] GC(15) User=0.00s Sys=0.00s Real=0.01s
[0.416s][info][gc,start       ] GC(16) Pause Full (Ergonomics)
[0.416s][info][gc,phases,start] GC(16) Marking Phase
[0.426s][info][gc,phases      ] GC(16) Marking Phase 9.536ms
[0.426s][info][gc,phases,start] GC(16) Summary Phase
[0.426s][info][gc,phases      ] GC(16) Summary Phase 0.016ms
[0.426s][info][gc,phases,start] GC(16) Adjust Roots
[0.426s][info][gc,phases      ] GC(16) Adjust Roots 0.260ms
[0.426s][info][gc,phases,start] GC(16) Compaction Phase
[0.434s][info][gc,phases      ] GC(16) Compaction Phase 7.289ms
[0.434s][info][gc,phases,start] GC(16) Post Compact
[0.434s][info][gc,phases      ] GC(16) Post Compact 0.117ms
[0.434s][info][gc,heap        ] GC(16) PSYoungGen: 7168K(15360K)->5620K(15360K) Eden: 0K(8192K)->0K(8192K) From: 7168K(7168K)->5620K(7168K)
[0.434s][info][gc,heap        ] GC(16) ParOldGen: 14418K(16384K)->15879K(23552K)
[0.434s][info][gc,metaspace   ] GC(16) Metaspace: 6298K(6464K)->6298K(6464K) NonClass: 5764K(5824K)->5764K(5824K) Class: 533K(640K)->533K(640K)
[0.434s][info][gc             ] GC(16) Pause Full (Ergonomics) 21M->20M(38M) 17.536ms
[0.434s][info][gc,cpu         ] GC(16) User=0.02s Sys=0.00s Real=0.02s
[0.443s][info][gc,start       ] GC(17) Pause Young (Allocation Failure)
[0.452s][info][gc,heap        ] GC(17) PSYoungGen: 13812K(15360K)->4768K(20480K) Eden: 8192K(8192K)->0K(11264K) From: 5620K(7168K)->4768K(9216K)
[0.452s][info][gc,heap        ] GC(17) ParOldGen: 15879K(23552K)->21599K(23552K)
[0.452s][info][gc,metaspace   ] GC(17) Metaspace: 6298K(6464K)->6298K(6464K) NonClass: 5764K(5824K)->5764K(5824K) Class: 533K(640K)->533K(640K)
[0.452s][info][gc             ] GC(17) Pause Young (Allocation Failure) 28M->25M(43M) 9.030ms
[0.452s][info][gc,cpu         ] GC(17) User=0.00s Sys=0.00s Real=0.01s
[0.452s][info][gc,start       ] GC(18) Pause Full (Ergonomics)
[0.452s][info][gc,phases,start] GC(18) Marking Phase
[0.462s][info][gc,phases      ] GC(18) Marking Phase 10.472ms
[0.463s][info][gc,phases,start] GC(18) Summary Phase
[0.463s][info][gc,phases      ] GC(18) Summary Phase 0.014ms
[0.463s][info][gc,phases,start] GC(18) Adjust Roots
[0.463s][info][gc,phases      ] GC(18) Adjust Roots 0.187ms
[0.463s][info][gc,phases,start] GC(18) Compaction Phase
[0.473s][info][gc,phases      ] GC(18) Compaction Phase 9.999ms
[0.473s][info][gc,phases,start] GC(18) Post Compact
[0.473s][info][gc,phases      ] GC(18) Post Compact 0.091ms
[0.473s][info][gc,heap        ] GC(18) PSYoungGen: 4768K(20480K)->2169K(20480K) Eden: 0K(11264K)->0K(11264K) From: 4768K(9216K)->2169K(9216K)
[0.473s][info][gc,heap        ] GC(18) ParOldGen: 21599K(23552K)->23544K(34304K)
[0.473s][info][gc,metaspace   ] GC(18) Metaspace: 6298K(6464K)->6298K(6464K) NonClass: 5764K(5824K)->5764K(5824K) Class: 533K(640K)->533K(640K)
[0.473s][info][gc             ] GC(18) Pause Full (Ergonomics) 25M->25M(53M) 21.080ms
[0.473s][info][gc,cpu         ] GC(18) User=0.03s Sys=0.00s Real=0.02s
[0.480s][info][gc,start       ] GC(19) Pause Young (Allocation Failure)
[0.489s][info][gc,heap        ] GC(19) PSYoungGen: 13433K(20480K)->5888K(20480K) Eden: 11264K(11264K)->0K(11264K) From: 2169K(9216K)->5888K(9216K)
[0.489s][info][gc,heap        ] GC(19) ParOldGen: 23544K(34304K)->25760K(34304K)
[0.489s][info][gc,metaspace   ] GC(19) Metaspace: 6298K(6464K)->6298K(6464K) NonClass: 5764K(5824K)->5764K(5824K) Class: 533K(640K)->533K(640K)
[0.489s][info][gc             ] GC(19) Pause Young (Allocation Failure) 36M->30M(53M) 9.405ms
[0.489s][info][gc,cpu         ] GC(19) User=0.00s Sys=0.00s Real=0.01s
[0.501s][info][gc,start       ] GC(20) Pause Young (Allocation Failure)
[0.514s][info][gc,heap        ] GC(20) PSYoungGen: 17152K(20480K)->9216K(19968K) Eden: 11264K(11264K)->0K(10752K) From: 5888K(9216K)->9216K(9216K)
[0.515s][info][gc,heap        ] GC(20) ParOldGen: 25760K(34304K)->32288K(34304K)
[0.515s][info][gc,metaspace   ] GC(20) Metaspace: 6298K(6464K)->6298K(6464K) NonClass: 5764K(5824K)->5764K(5824K) Class: 533K(640K)->533K(640K)
[0.515s][info][gc             ] GC(20) Pause Young (Allocation Failure) 41M->40M(53M) 13.912ms
[0.515s][info][gc,cpu         ] GC(20) User=0.00s Sys=0.00s Real=0.01s
[0.515s][info][gc,start       ] GC(21) Pause Full (Ergonomics)
[0.515s][info][gc,phases,start] GC(21) Marking Phase
[0.531s][info][gc,phases      ] GC(21) Marking Phase 16.512ms
[0.531s][info][gc,phases,start] GC(21) Summary Phase
[0.531s][info][gc,phases      ] GC(21) Summary Phase 0.018ms
[0.531s][info][gc,phases,start] GC(21) Adjust Roots
[0.531s][info][gc,phases      ] GC(21) Adjust Roots 0.157ms
[0.532s][info][gc,phases,start] GC(21) Compaction Phase
[0.543s][info][gc,phases      ] GC(21) Compaction Phase 11.618ms
[0.543s][info][gc,phases,start] GC(21) Post Compact
[0.543s][info][gc,phases      ] GC(21) Post Compact 0.242ms
[0.544s][info][gc,heap        ] GC(21) PSYoungGen: 9216K(19968K)->7153K(19968K) Eden: 0K(10752K)->0K(10752K) From: 9216K(9216K)->7153K(9216K)
[0.544s][info][gc,heap        ] GC(21) ParOldGen: 32288K(34304K)->34175K(48128K)
[0.544s][info][gc,metaspace   ] GC(21) Metaspace: 6298K(6464K)->6298K(6464K) NonClass: 5764K(5824K)->5764K(5824K) Class: 533K(640K)->533K(640K)
[0.544s][info][gc             ] GC(21) Pause Full (Ergonomics) 40M->40M(66M) 28.919ms
[0.544s][info][gc,cpu         ] GC(21) User=0.03s Sys=0.00s Real=0.03s
[0.557s][info][gc,start       ] GC(22) Pause Young (Allocation Failure)
[0.570s][info][gc,heap        ] GC(22) PSYoungGen: 17905K(19968K)->10784K(24064K) Eden: 10752K(10752K)->0K(10752K) From: 7153K(9216K)->10784K(13312K)
[0.570s][info][gc,heap        ] GC(22) ParOldGen: 34175K(48128K)->41455K(48128K)
[0.570s][info][gc,metaspace   ] GC(22) Metaspace: 6298K(6464K)->6298K(6464K) NonClass: 5764K(5824K)->5764K(5824K) Class: 533K(640K)->533K(640K)
[0.570s][info][gc             ] GC(22) Pause Young (Allocation Failure) 50M->51M(70M) 13.717ms
[0.570s][info][gc,cpu         ] GC(22) User=0.00s Sys=0.00s Real=0.01s
[0.571s][info][gc,start       ] GC(23) Pause Full (Ergonomics)
[0.571s][info][gc,phases,start] GC(23) Marking Phase
[0.591s][info][gc,phases      ] GC(23) Marking Phase 20.332ms
[0.591s][info][gc,phases,start] GC(23) Summary Phase
[0.591s][info][gc,phases      ] GC(23) Summary Phase 0.016ms
[0.591s][info][gc,phases,start] GC(23) Adjust Roots
[0.591s][info][gc,phases      ] GC(23) Adjust Roots 0.165ms
[0.591s][info][gc,phases,start] GC(23) Compaction Phase
[0.607s][info][gc,phases      ] GC(23) Compaction Phase 15.843ms
[0.607s][info][gc,phases,start] GC(23) Post Compact
[0.607s][info][gc,phases      ] GC(23) Post Compact 0.205ms
[0.607s][info][gc,heap        ] GC(23) PSYoungGen: 10784K(24064K)->3059K(24064K) Eden: 0K(10752K)->0K(10752K) From: 10784K(13312K)->3059K(13312K)
[0.607s][info][gc,heap        ] GC(23) ParOldGen: 41455K(48128K)->47974K(65024K)
[0.607s][info][gc,metaspace   ] GC(23) Metaspace: 6298K(6464K)->6298K(6464K) NonClass: 5764K(5824K)->5764K(5824K) Class: 533K(640K)->533K(640K)
[0.607s][info][gc             ] GC(23) Pause Full (Ergonomics) 51M->49M(87M) 36.933ms
[0.607s][info][gc,cpu         ] GC(23) User=0.05s Sys=0.00s Real=0.04s
[0.618s][info][gc,start       ] GC(24) Pause Young (Allocation Failure)
[0.632s][info][gc,heap        ] GC(24) PSYoungGen: 13811K(24064K)->13824K(25600K) Eden: 10752K(10752K)->0K(10752K) From: 3059K(13312K)->13824K(14848K)
[0.632s][info][gc,heap        ] GC(24) ParOldGen: 47974K(65024K)->47974K(65024K)
[0.632s][info][gc,metaspace   ] GC(24) Metaspace: 6298K(6464K)->6298K(6464K) NonClass: 5764K(5824K)->5764K(5824K) Class: 533K(640K)->533K(640K)
[0.632s][info][gc             ] GC(24) Pause Young (Allocation Failure) 60M->60M(88M) 14.031ms
[0.632s][info][gc,cpu         ] GC(24) User=0.02s Sys=0.00s Real=0.01s
[0.643s][info][gc,start       ] GC(25) Pause Young (Allocation Failure)
[0.659s][info][gc,heap        ] GC(25) PSYoungGen: 24576K(25600K)->16896K(27648K) Eden: 10752K(10752K)->0K(10752K) From: 13824K(14848K)->16896K(16896K)
[0.659s][info][gc,heap        ] GC(25) ParOldGen: 47974K(65024K)->55734K(65024K)
[0.659s][info][gc,metaspace   ] GC(25) Metaspace: 6298K(6464K)->6298K(6464K) NonClass: 5764K(5824K)->5764K(5824K) Class: 533K(640K)->533K(640K)
[0.659s][info][gc             ] GC(25) Pause Young (Allocation Failure) 70M->70M(90M) 16.143ms
[0.659s][info][gc,cpu         ] GC(25) User=0.00s Sys=0.02s Real=0.02s
[0.670s][info][gc,start       ] GC(26) Pause Young (Allocation Failure)
[0.689s][info][gc,heap        ] GC(26) PSYoungGen: 27648K(27648K)->18880K(33280K) Eden: 10752K(10752K)->0K(10752K) From: 16896K(16896K)->18880K(22528K)
[0.689s][info][gc,heap        ] GC(26) ParOldGen: 55734K(65024K)->64662K(65024K)
[0.689s][info][gc,metaspace   ] GC(26) Metaspace: 6298K(6464K)->6298K(6464K) NonClass: 5764K(5824K)->5764K(5824K) Class: 533K(640K)->533K(640K)
[0.689s][info][gc             ] GC(26) Pause Young (Allocation Failure) 81M->81M(96M) 18.960ms
[0.689s][info][gc,cpu         ] GC(26) User=0.02s Sys=0.02s Real=0.02s
[0.689s][info][gc,start       ] GC(27) Pause Full (Ergonomics)
[0.689s][info][gc,phases,start] GC(27) Marking Phase
[0.720s][info][gc,phases      ] GC(27) Marking Phase 31.123ms
[0.720s][info][gc,phases,start] GC(27) Summary Phase
[0.720s][info][gc,phases      ] GC(27) Summary Phase 0.020ms
[0.720s][info][gc,phases,start] GC(27) Adjust Roots
[0.720s][info][gc,phases      ] GC(27) Adjust Roots 0.179ms
[0.720s][info][gc,phases,start] GC(27) Compaction Phase
[0.744s][info][gc,phases      ] GC(27) Compaction Phase 24.249ms
[0.745s][info][gc,phases,start] GC(27) Post Compact
[0.745s][info][gc,phases      ] GC(27) Post Compact 0.367ms
[0.745s][info][gc,heap        ] GC(27) PSYoungGen: 18880K(33280K)->18289K(33280K) Eden: 0K(10752K)->0K(10752K) From: 18880K(22528K)->18289K(22528K)
[0.745s][info][gc,heap        ] GC(27) ParOldGen: 64662K(65024K)->64908K(86016K)
[0.745s][info][gc,metaspace   ] GC(27) Metaspace: 6298K(6464K)->6298K(6464K) NonClass: 5764K(5824K)->5764K(5824K) Class: 533K(640K)->533K(640K)
[0.745s][info][gc             ] GC(27) Pause Full (Ergonomics) 81M->81M(116M) 56.356ms
[0.745s][info][gc,cpu         ] GC(27) User=0.06s Sys=0.00s Real=0.06s
[0.765s][info][gc,start       ] GC(28) Pause Young (Allocation Failure)
[0.786s][info][gc,heap        ] GC(28) PSYoungGen: 29041K(33280K)->21248K(35840K) Eden: 10752K(10752K)->0K(10752K) From: 18289K(22528K)->21248K(25088K)
[0.786s][info][gc,heap        ] GC(28) ParOldGen: 64908K(86016K)->72884K(86016K)
[0.786s][info][gc,metaspace   ] GC(28) Metaspace: 6298K(6464K)->6298K(6464K) NonClass: 5764K(5824K)->5764K(5824K) Class: 533K(640K)->533K(640K)
[0.786s][info][gc             ] GC(28) Pause Young (Allocation Failure) 91M->91M(119M) 21.505ms
[0.786s][info][gc,cpu         ] GC(28) User=0.05s Sys=0.00s Real=0.02s
[0.796s][info][gc,start       ] GC(29) Pause Young (Allocation Failure)
[0.814s][info][gc,heap        ] GC(29) PSYoungGen: 32000K(35840K)->21504K(39424K) Eden: 10752K(10752K)->0K(11264K) From: 21248K(25088K)->21504K(28160K)
[0.814s][info][gc,heap        ] GC(29) ParOldGen: 72884K(86016K)->83508K(86016K)
[0.814s][info][gc,metaspace   ] GC(29) Metaspace: 6298K(6464K)->6298K(6464K) NonClass: 5764K(5824K)->5764K(5824K) Class: 533K(640K)->533K(640K)
[0.814s][info][gc             ] GC(29) Pause Young (Allocation Failure) 102M->102M(122M) 18.773ms
[0.814s][info][gc,cpu         ] GC(29) User=0.03s Sys=0.00s Real=0.02s
[0.814s][info][gc,start       ] GC(30) Pause Full (Ergonomics)
[0.814s][info][gc,phases,start] GC(30) Marking Phase
[0.853s][info][gc,phases      ] GC(30) Marking Phase 38.632ms
[0.853s][info][gc,phases,start] GC(30) Summary Phase
[0.853s][info][gc,phases      ] GC(30) Summary Phase 0.028ms
[0.853s][info][gc,phases,start] GC(30) Adjust Roots
[0.853s][info][gc,phases      ] GC(30) Adjust Roots 0.156ms
[0.853s][info][gc,phases,start] GC(30) Compaction Phase
[0.884s][info][gc,phases      ] GC(30) Compaction Phase 30.930ms
[0.884s][info][gc,phases,start] GC(30) Post Compact
[0.885s][info][gc,phases      ] GC(30) Post Compact 0.340ms
[0.885s][info][gc,heap        ] GC(30) PSYoungGen: 21504K(39424K)->17871K(39424K) Eden: 0K(11264K)->0K(11264K) From: 21504K(28160K)->17871K(28160K)
[0.885s][info][gc,heap        ] GC(30) ParOldGen: 83508K(86016K)->84726K(110080K)
[0.885s][info][gc,metaspace   ] GC(30) Metaspace: 6298K(6464K)->6298K(6464K) NonClass: 5764K(5824K)->5764K(5824K) Class: 533K(640K)->533K(640K)
[0.885s][info][gc             ] GC(30) Pause Full (Ergonomics) 102M->100M(146M) 70.462ms
[0.885s][info][gc,cpu         ] GC(30) User=0.09s Sys=0.00s Real=0.07s
[0.896s][info][gc,start       ] GC(31) Pause Young (Allocation Failure)
[0.916s][info][gc,heap        ] GC(31) PSYoungGen: 29135K(39424K)->19904K(41472K) Eden: 11264K(11264K)->0K(11264K) From: 17871K(28160K)->19904K(30208K)
[0.916s][info][gc,heap        ] GC(31) ParOldGen: 84726K(110080K)->94078K(110080K)
[0.916s][info][gc,metaspace   ] GC(31) Metaspace: 6298K(6464K)->6298K(6464K) NonClass: 5764K(5824K)->5764K(5824K) Class: 533K(640K)->533K(640K)
[0.916s][info][gc             ] GC(31) Pause Young (Allocation Failure) 111M->111M(148M) 19.475ms
[0.916s][info][gc,cpu         ] GC(31) User=0.03s Sys=0.00s Real=0.02s
[0.926s][info][gc,start       ] GC(32) Pause Young (Allocation Failure)
[0.943s][info][gc,heap        ] GC(32) PSYoungGen: 31168K(41472K)->31200K(40448K) Eden: 11264K(11264K)->0K(8704K) From: 19904K(30208K)->31200K(31744K)
[0.943s][info][gc,heap        ] GC(32) ParOldGen: 94078K(110080K)->94078K(110080K)
[0.943s][info][gc,metaspace   ] GC(32) Metaspace: 6298K(6464K)->6298K(6464K) NonClass: 5764K(5824K)->5764K(5824K) Class: 533K(640K)->533K(640K)
[0.943s][info][gc             ] GC(32) Pause Young (Allocation Failure) 122M->122M(147M) 16.741ms
[0.943s][info][gc,cpu         ] GC(32) User=0.00s Sys=0.02s Real=0.02s
[0.951s][info][gc,start       ] GC(33) Pause Young (Allocation Failure)
[0.970s][info][gc,heap        ] GC(33) PSYoungGen: 39904K(40448K)->31264K(45568K) Eden: 8704K(8704K)->0K(8704K) From: 31200K(31744K)->31264K(36864K)
[0.970s][info][gc,heap        ] GC(33) ParOldGen: 94078K(110080K)->102838K(110080K)
[0.970s][info][gc,metaspace   ] GC(33) Metaspace: 6298K(6464K)->6298K(6464K) NonClass: 5764K(5824K)->5764K(5824K) Class: 533K(640K)->533K(640K)
[0.970s][info][gc             ] GC(33) Pause Young (Allocation Failure) 130M->130M(152M) 18.866ms
[0.970s][info][gc,cpu         ] GC(33) User=0.06s Sys=0.00s Real=0.02s
[0.970s][info][gc,start       ] GC(34) Pause Full (Ergonomics)
[0.970s][info][gc,phases,start] GC(34) Marking Phase
[1.006s][info][gc,phases      ] GC(34) Marking Phase 36.175ms
[1.006s][info][gc,phases,start] GC(34) Summary Phase
[1.007s][info][gc,phases      ] GC(34) Summary Phase 0.028ms
[1.007s][info][gc,phases,start] GC(34) Adjust Roots
[1.007s][info][gc,phases      ] GC(34) Adjust Roots 0.147ms
[1.007s][info][gc,phases,start] GC(34) Compaction Phase
[1.036s][info][gc,phases      ] GC(34) Compaction Phase 29.663ms
[1.036s][info][gc,phases,start] GC(34) Post Compact
[1.037s][info][gc,phases      ] GC(34) Post Compact 0.443ms
[1.037s][info][gc,heap        ] GC(34) PSYoungGen: 31264K(45568K)->23989K(45568K) Eden: 0K(8704K)->0K(8704K) From: 31264K(36864K)->23989K(36864K)
[1.037s][info][gc,heap        ] GC(34) ParOldGen: 102838K(110080K)->109751K(137728K)
[1.037s][info][gc,metaspace   ] GC(34) Metaspace: 6298K(6464K)->6298K(6464K) NonClass: 5764K(5824K)->5764K(5824K) Class: 533K(640K)->533K(640K)
[1.037s][info][gc             ] GC(34) Pause Full (Ergonomics) 130M->130M(179M) 66.859ms
[1.037s][info][gc,cpu         ] GC(34) User=0.14s Sys=0.00s Real=0.07s
[1.047s][info][gc,start       ] GC(35) Pause Young (Allocation Failure)
[1.068s][info][gc,heap        ] GC(35) PSYoungGen: 32693K(45568K)->15712K(45568K) Eden: 8704K(8704K)->0K(10240K) From: 23989K(36864K)->15712K(35328K)
[1.068s][info][gc,heap        ] GC(35) ParOldGen: 109751K(137728K)->127031K(137728K)
[1.068s][info][gc,metaspace   ] GC(35) Metaspace: 6298K(6464K)->6298K(6464K) NonClass: 5764K(5824K)->5764K(5824K) Class: 533K(640K)->533K(640K)
[1.068s][info][gc             ] GC(35) Pause Young (Allocation Failure) 139M->139M(179M) 21.246ms
[1.068s][info][gc,cpu         ] GC(35) User=0.06s Sys=0.00s Real=0.02s
[1.068s][info][gc,start       ] GC(36) Pause Full (Ergonomics)
[1.068s][info][gc,phases,start] GC(36) Marking Phase
[1.105s][info][gc,phases      ] GC(36) Marking Phase 37.268ms
[1.105s][info][gc,phases,start] GC(36) Summary Phase
[1.105s][info][gc,phases      ] GC(36) Summary Phase 0.017ms
[1.105s][info][gc,phases,start] GC(36) Adjust Roots
[1.106s][info][gc,phases      ] GC(36) Adjust Roots 0.181ms
[1.106s][info][gc,phases,start] GC(36) Compaction Phase
[1.125s][info][gc,phases      ] GC(36) Compaction Phase 19.121ms
[1.125s][info][gc,phases,start] GC(36) Post Compact
[1.126s][info][gc,phases      ] GC(36) Post Compact 0.713ms
[1.126s][info][gc,heap        ] GC(36) PSYoungGen: 15712K(45568K)->4921K(47104K) Eden: 0K(10240K)->0K(11776K) From: 15712K(35328K)->4921K(35328K)
[1.126s][info][gc,heap        ] GC(36) ParOldGen: 127031K(137728K)->137488K(171520K)
[1.126s][info][gc,metaspace   ] GC(36) Metaspace: 6298K(6464K)->6298K(6464K) NonClass: 5764K(5824K)->5764K(5824K) Class: 533K(640K)->533K(640K)
[1.126s][info][gc             ] GC(36) Pause Full (Ergonomics) 139M->139M(213M) 57.774ms
[1.126s][info][gc,cpu         ] GC(36) User=0.16s Sys=0.00s Real=0.06s
[1.138s][info][gc,start       ] GC(37) Pause Young (Allocation Failure)
[1.154s][info][gc,heap        ] GC(37) PSYoungGen: 16697K(47104K)->14752K(50176K) Eden: 11776K(11776K)->0K(11776K) From: 4921K(35328K)->14752K(38400K)
[1.154s][info][gc,heap        ] GC(37) ParOldGen: 137488K(171520K)->139568K(171520K)
[1.154s][info][gc,metaspace   ] GC(37) Metaspace: 6298K(6464K)->6298K(6464K) NonClass: 5764K(5824K)->5764K(5824K) Class: 533K(640K)->533K(640K)
[1.154s][info][gc             ] GC(37) Pause Young (Allocation Failure) 150M->150M(216M) 16.192ms
[1.154s][info][gc,cpu         ] GC(37) User=0.02s Sys=0.00s Real=0.02s
[1.166s][info][gc,start       ] GC(38) Pause Young (Allocation Failure)
[1.179s][info][gc,heap        ] GC(38) PSYoungGen: 26528K(50176K)->26496K(48128K) Eden: 11776K(11776K)->0K(11776K) From: 14752K(38400K)->26496K(36352K)
[1.179s][info][gc,heap        ] GC(38) ParOldGen: 139568K(171520K)->139568K(171520K)
[1.179s][info][gc,metaspace   ] GC(38) Metaspace: 6298K(6464K)->6298K(6464K) NonClass: 5764K(5824K)->5764K(5824K) Class: 533K(640K)->533K(640K)
[1.179s][info][gc             ] GC(38) Pause Young (Allocation Failure) 162M->162M(214M) 13.199ms
[1.179s][info][gc,cpu         ] GC(38) User=0.02s Sys=0.00s Real=0.01s
[1.215s][info][gc,start       ] GC(39) Pause Young (Allocation Failure)
[1.235s][info][gc,heap        ] GC(39) PSYoungGen: 38272K(48128K)->38304K(50176K) Eden: 11776K(11776K)->0K(11776K) From: 26496K(36352K)->38304K(38400K)
[1.235s][info][gc,heap        ] GC(39) ParOldGen: 147760K(171520K)->147760K(171520K)
[1.235s][info][gc,metaspace   ] GC(39) Metaspace: 6298K(6464K)->6298K(6464K) NonClass: 5764K(5824K)->5764K(5824K) Class: 533K(640K)->533K(640K)
[1.235s][info][gc             ] GC(39) Pause Young (Allocation Failure) 181M->181M(216M) 20.020ms
[1.235s][info][gc,cpu         ] GC(39) User=0.08s Sys=0.00s Real=0.02s
[1.246s][info][gc,start       ] GC(40) Pause Young (Allocation Failure)
[1.269s][info][gc,heap        ] GC(40) PSYoungGen: 50080K(50176K)->44032K(48640K) Eden: 11776K(11776K)->0K(4608K) From: 38304K(38400K)->44032K(44032K)
[1.269s][info][gc,heap        ] GC(40) ParOldGen: 147760K(171520K)->153800K(171520K)
[1.269s][info][gc,metaspace   ] GC(40) Metaspace: 6298K(6464K)->6298K(6464K) NonClass: 5764K(5824K)->5764K(5824K) Class: 533K(640K)->533K(640K)
[1.269s][info][gc             ] GC(40) Pause Young (Allocation Failure) 193M->193M(215M) 22.812ms
[1.269s][info][gc,cpu         ] GC(40) User=0.09s Sys=0.00s Real=0.02s
[1.274s][info][gc,start       ] GC(41) Pause Young (Allocation Failure)
[1.294s][info][gc,heap        ] GC(41) PSYoungGen: 48639K(48640K)->35520K(57856K) Eden: 4607K(4608K)->0K(4608K) From: 44032K(44032K)->35520K(53248K)
[1.294s][info][gc,heap        ] GC(41) ParOldGen: 153800K(171520K)->167152K(171520K)
[1.294s][info][gc,metaspace   ] GC(41) Metaspace: 6298K(6464K)->6298K(6464K) NonClass: 5764K(5824K)->5764K(5824K) Class: 533K(640K)->533K(640K)
[1.294s][info][gc             ] GC(41) Pause Young (Allocation Failure) 197M->197M(224M) 20.711ms
[1.294s][info][gc,cpu         ] GC(41) User=0.06s Sys=0.02s Real=0.02s
[1.294s][info][gc,start       ] GC(42) Pause Full (Ergonomics)
[1.294s][info][gc,phases,start] GC(42) Marking Phase
[1.335s][info][gc,phases      ] GC(42) Marking Phase 40.185ms
[1.335s][info][gc,phases,start] GC(42) Summary Phase
[1.335s][info][gc,phases      ] GC(42) Summary Phase 0.017ms
[1.335s][info][gc,phases,start] GC(42) Adjust Roots
[1.335s][info][gc,phases      ] GC(42) Adjust Roots 0.146ms
[1.335s][info][gc,phases,start] GC(42) Compaction Phase
[1.374s][info][gc,phases      ] GC(42) Compaction Phase 39.130ms
[1.374s][info][gc,phases,start] GC(42) Post Compact
[1.375s][info][gc,phases      ] GC(42) Post Compact 0.866ms
[1.375s][info][gc,heap        ] GC(42) PSYoungGen: 35520K(57856K)->26678K(57856K) Eden: 0K(4608K)->0K(4608K) From: 35520K(53248K)->26678K(53248K)
[1.375s][info][gc,heap        ] GC(42) ParOldGen: 167152K(171520K)->171375K(207360K)
[1.375s][info][gc,metaspace   ] GC(42) Metaspace: 6298K(6464K)->6298K(6464K) NonClass: 5764K(5824K)->5764K(5824K) Class: 533K(640K)->533K(640K)
[1.375s][info][gc             ] GC(42) Pause Full (Ergonomics) 197M->193M(259M) 80.797ms
[1.375s][info][gc,cpu         ] GC(42) User=0.27s Sys=0.00s Real=0.08s
[1.381s][info][gc,start       ] GC(43) Pause Young (Allocation Failure)
[1.404s][info][gc,heap        ] GC(43) PSYoungGen: 31286K(57856K)->14944K(57344K) Eden: 4608K(4608K)->0K(5632K) From: 26678K(53248K)->14944K(51712K)
[1.404s][info][gc,heap        ] GC(43) ParOldGen: 171375K(207360K)->188039K(207360K)
[1.404s][info][gc,metaspace   ] GC(43) Metaspace: 6298K(6464K)->6298K(6464K) NonClass: 5764K(5824K)->5764K(5824K) Class: 533K(640K)->533K(640K)
[1.404s][info][gc             ] GC(43) Pause Young (Allocation Failure) 197M->198M(258M) 22.536ms
[1.404s][info][gc,cpu         ] GC(43) User=0.08s Sys=0.00s Real=0.02s
[1.404s][info][gc,start       ] GC(44) Pause Full (Ergonomics)
[1.404s][info][gc,phases,start] GC(44) Marking Phase
[1.454s][info][gc,phases      ] GC(44) Marking Phase 50.127ms
[1.454s][info][gc,phases,start] GC(44) Summary Phase
[1.454s][info][gc,phases      ] GC(44) Summary Phase 0.019ms
[1.454s][info][gc,phases,start] GC(44) Adjust Roots
[1.454s][info][gc,phases      ] GC(44) Adjust Roots 0.146ms
[1.454s][info][gc,phases,start] GC(44) Compaction Phase
[1.475s][info][gc,phases      ] GC(44) Compaction Phase 20.115ms
[1.475s][info][gc,phases,start] GC(44) Post Compact
[1.476s][info][gc,phases      ] GC(44) Post Compact 1.028ms
[1.476s][info][gc,heap        ] GC(44) PSYoungGen: 14944K(57344K)->0K(58880K) Eden: 0K(5632K)->0K(5632K) From: 14944K(51712K)->0K(53248K)
[1.476s][info][gc,heap        ] GC(44) ParOldGen: 188039K(207360K)->202632K(243712K)
[1.476s][info][gc,metaspace   ] GC(44) Metaspace: 6298K(6464K)->6298K(6464K) NonClass: 5764K(5824K)->5764K(5824K) Class: 533K(640K)->533K(640K)
[1.476s][info][gc             ] GC(44) Pause Full (Ergonomics) 198M->197M(295M) 71.952ms
[1.476s][info][gc,cpu         ] GC(44) User=0.34s Sys=0.00s Real=0.07s
[1.482s][info][gc,start       ] GC(45) Pause Young (Allocation Failure)
[1.486s][info][gc,heap        ] GC(45) PSYoungGen: 5632K(58880K)->5728K(59904K) Eden: 5632K(5632K)->0K(6656K) From: 0K(53248K)->5728K(53248K)
[1.486s][info][gc,heap        ] GC(45) ParOldGen: 202632K(243712K)->202632K(243712K)
[1.486s][info][gc,metaspace   ] GC(45) Metaspace: 6298K(6464K)->6298K(6464K) NonClass: 5764K(5824K)->5764K(5824K) Class: 533K(640K)->533K(640K)
[1.486s][info][gc             ] GC(45) Pause Young (Allocation Failure) 203M->203M(296M) 4.273ms
[1.486s][info][gc,cpu         ] GC(45) User=0.02s Sys=0.00s Real=0.00s
[1.494s][info][gc,start       ] GC(46) Pause Young (Allocation Failure)
[1.500s][info][gc,heap        ] GC(46) PSYoungGen: 12384K(59904K)->12352K(19456K) Eden: 6656K(6656K)->0K(6656K) From: 5728K(53248K)->12352K(12800K)
[1.500s][info][gc,heap        ] GC(46) ParOldGen: 202632K(243712K)->202632K(243712K)
[1.500s][info][gc,metaspace   ] GC(46) Metaspace: 6298K(6464K)->6298K(6464K) NonClass: 5764K(5824K)->5764K(5824K) Class: 533K(640K)->533K(640K)
[1.500s][info][gc             ] GC(46) Pause Young (Allocation Failure) 209M->209M(257M) 6.706ms
[1.500s][info][gc,cpu         ] GC(46) User=0.02s Sys=0.00s Real=0.01s
[1.507s][info][gc,start       ] GC(47) Pause Young (Allocation Failure)
[1.517s][info][gc,heap        ] GC(47) PSYoungGen: 19008K(19456K)->19008K(53760K) Eden: 6656K(6656K)->0K(7680K) From: 12352K(12800K)->19008K(46080K)
[1.517s][info][gc,heap        ] GC(47) ParOldGen: 202632K(243712K)->202632K(243712K)
[1.517s][info][gc,metaspace   ] GC(47) Metaspace: 6298K(6464K)->6298K(6464K) NonClass: 5764K(5824K)->5764K(5824K) Class: 533K(640K)->533K(640K)
[1.517s][info][gc             ] GC(47) Pause Young (Allocation Failure) 216M->216M(290M) 9.655ms
[1.517s][info][gc,cpu         ] GC(47) User=0.02s Sys=0.00s Real=0.01s
[1.525s][info][gc,start       ] GC(48) Pause Young (Allocation Failure)
[1.538s][info][gc,heap        ] GC(48) PSYoungGen: 26688K(53760K)->26624K(56320K) Eden: 7680K(7680K)->0K(7680K) From: 19008K(46080K)->26624K(48640K)
[1.538s][info][gc,heap        ] GC(48) ParOldGen: 202632K(243712K)->202632K(243712K)
[1.538s][info][gc,metaspace   ] GC(48) Metaspace: 6298K(6464K)->6298K(6464K) NonClass: 5764K(5824K)->5764K(5824K) Class: 533K(640K)->533K(640K)
[1.538s][info][gc             ] GC(48) Pause Young (Allocation Failure) 223M->223M(293M) 12.636ms
[1.538s][info][gc,cpu         ] GC(48) User=0.00s Sys=0.00s Real=0.01s
[1.547s][info][gc,start       ] GC(49) Pause Young (Allocation Failure)
[1.562s][info][gc,heap        ] GC(49) PSYoungGen: 34304K(56320K)->34336K(54272K) Eden: 7680K(7680K)->0K(6144K) From: 26624K(48640K)->34336K(48128K)
[1.562s][info][gc,heap        ] GC(49) ParOldGen: 202632K(243712K)->202632K(243712K)
[1.562s][info][gc,metaspace   ] GC(49) Metaspace: 6298K(6464K)->6298K(6464K) NonClass: 5764K(5824K)->5764K(5824K) Class: 533K(640K)->533K(640K)
[1.562s][info][gc             ] GC(49) Pause Young (Allocation Failure) 231M->231M(291M) 15.464ms
[1.562s][info][gc,cpu         ] GC(49) User=0.02s Sys=0.00s Real=0.02s
[1.569s][info][gc,start       ] GC(50) Pause Young (Allocation Failure)
[1.587s][info][gc,heap        ] GC(50) PSYoungGen: 40480K(54272K)->40448K(56832K) Eden: 6144K(6144K)->0K(6144K) From: 34336K(48128K)->40448K(50688K)
[1.587s][info][gc,heap        ] GC(50) ParOldGen: 202632K(243712K)->202632K(243712K)
[1.587s][info][gc,metaspace   ] GC(50) Metaspace: 6298K(6464K)->6298K(6464K) NonClass: 5764K(5824K)->5764K(5824K) Class: 533K(640K)->533K(640K)
[1.587s][info][gc             ] GC(50) Pause Young (Allocation Failure) 237M->237M(293M) 18.028ms
[1.587s][info][gc,cpu         ] GC(50) User=0.09s Sys=0.00s Real=0.02s
[1.595s][info][gc,start       ] GC(51) Pause Young (Allocation Failure)
[1.615s][info][gc,heap        ] GC(51) PSYoungGen: 46592K(56832K)->40992K(57856K) Eden: 6144K(6144K)->0K(3584K) From: 40448K(50688K)->40992K(54272K)
[1.615s][info][gc,heap        ] GC(51) ParOldGen: 202632K(243712K)->208344K(243712K)
[1.615s][info][gc,metaspace   ] GC(51) Metaspace: 6298K(6464K)->6298K(6464K) NonClass: 5764K(5824K)->5764K(5824K) Class: 533K(640K)->533K(640K)
[1.615s][info][gc             ] GC(51) Pause Young (Allocation Failure) 243M->243M(294M) 20.435ms
[1.615s][info][gc,cpu         ] GC(51) User=0.09s Sys=0.00s Real=0.02s
[1.619s][info][gc,start       ] GC(52) Pause Young (Allocation Failure)
[1.639s][info][gc,heap        ] GC(52) PSYoungGen: 44576K(57856K)->31264K(61440K) Eden: 3584K(3584K)->0K(3584K) From: 40992K(54272K)->31264K(57856K)
[1.639s][info][gc,heap        ] GC(52) ParOldGen: 208344K(243712K)->221800K(243712K)
[1.639s][info][gc,metaspace   ] GC(52) Metaspace: 6298K(6464K)->6298K(6464K) NonClass: 5764K(5824K)->5764K(5824K) Class: 533K(640K)->533K(640K)
[1.639s][info][gc             ] GC(52) Pause Young (Allocation Failure) 246M->247M(298M) 20.014ms
[1.639s][info][gc,cpu         ] GC(52) User=0.09s Sys=0.02s Real=0.02s
[1.643s][info][gc,start       ] GC(53) Pause Young (Allocation Failure)
[1.659s][info][gc,heap        ] GC(53) PSYoungGen: 34848K(61440K)->19456K(57344K) Eden: 3584K(3584K)->0K(4608K) From: 31264K(57856K)->19456K(52736K)
[1.659s][info][gc,heap        ] GC(53) ParOldGen: 221800K(243712K)->237360K(243712K)
[1.659s][info][gc,metaspace   ] GC(53) Metaspace: 6298K(6464K)->6298K(6464K) NonClass: 5764K(5824K)->5764K(5824K) Class: 533K(640K)->533K(640K)
[1.659s][info][gc             ] GC(53) Pause Young (Allocation Failure) 250M->250M(294M) 16.081ms
[1.659s][info][gc,cpu         ] GC(53) User=0.02s Sys=0.00s Real=0.02s
[1.659s][info][gc,start       ] GC(54) Pause Full (Ergonomics)
[1.659s][info][gc,phases,start] GC(54) Marking Phase
[1.713s][info][gc,phases      ] GC(54) Marking Phase 53.724ms
[1.713s][info][gc,phases,start] GC(54) Summary Phase
[1.713s][info][gc,phases      ] GC(54) Summary Phase 0.017ms
[1.713s][info][gc,phases,start] GC(54) Adjust Roots
[1.713s][info][gc,phases      ] GC(54) Adjust Roots 0.143ms
[1.713s][info][gc,phases,start] GC(54) Compaction Phase
[1.742s][info][gc,phases      ] GC(54) Compaction Phase 28.187ms
[1.742s][info][gc,phases,start] GC(54) Post Compact
[1.743s][info][gc,phases      ] GC(54) Post Compact 1.091ms
[1.743s][info][gc,heap        ] GC(54) PSYoungGen: 19456K(57344K)->12687K(58368K) Eden: 0K(4608K)->0K(5632K) From: 19456K(52736K)->12687K(52736K)
[1.743s][info][gc,heap        ] GC(54) ParOldGen: 237360K(243712K)->243417K(287744K)
[1.743s][info][gc,metaspace   ] GC(54) Metaspace: 6298K(6464K)->6298K(6464K) NonClass: 5764K(5824K)->5764K(5824K) Class: 533K(640K)->533K(640K)
[1.743s][info][gc             ] GC(54) Pause Full (Ergonomics) 250M->250M(338M) 83.644ms
[1.743s][info][gc,cpu         ] GC(54) User=0.39s Sys=0.00s Real=0.08s
[1.750s][info][gc,start       ] GC(55) Pause Young (Allocation Failure)
[1.769s][info][gc,heap        ] GC(55) PSYoungGen: 18319K(58368K)->10720K(60416K) Eden: 5632K(5632K)->0K(5632K) From: 12687K(52736K)->10720K(54784K)
[1.769s][info][gc,heap        ] GC(55) ParOldGen: 243417K(287744K)->251289K(287744K)
[1.769s][info][gc,metaspace   ] GC(55) Metaspace: 6298K(6464K)->6298K(6464K) NonClass: 5764K(5824K)->5764K(5824K) Class: 533K(640K)->533K(640K)
[1.769s][info][gc             ] GC(55) Pause Young (Allocation Failure) 255M->255M(340M) 18.895ms
[1.769s][info][gc,cpu         ] GC(55) User=0.12s Sys=0.00s Real=0.02s
[1.775s][info][gc,start       ] GC(56) Pause Young (Allocation Failure)
[1.784s][info][gc,heap        ] GC(56) PSYoungGen: 16352K(60416K)->11392K(59904K) Eden: 5632K(5632K)->0K(6656K) From: 10720K(54784K)->11392K(53248K)
[1.784s][info][gc,heap        ] GC(56) ParOldGen: 251289K(287744K)->256353K(287744K)
[1.784s][info][gc,metaspace   ] GC(56) Metaspace: 6298K(6464K)->6298K(6464K) NonClass: 5764K(5824K)->5764K(5824K) Class: 533K(640K)->533K(640K)
[1.784s][info][gc             ] GC(56) Pause Young (Allocation Failure) 261M->261M(339M) 8.791ms
[1.784s][info][gc,cpu         ] GC(56) User=0.02s Sys=0.00s Real=0.01s
[1.791s][info][gc,start       ] GC(57) Pause Young (Allocation Failure)
[1.800s][info][gc,heap        ] GC(57) PSYoungGen: 18048K(59904K)->6784K(60416K) Eden: 6656K(6656K)->0K(6656K) From: 11392K(53248K)->6784K(53760K)
[1.800s][info][gc,heap        ] GC(57) ParOldGen: 256353K(287744K)->267753K(287744K)
[1.800s][info][gc,metaspace   ] GC(57) Metaspace: 6298K(6464K)->6298K(6464K) NonClass: 5764K(5824K)->5764K(5824K) Class: 533K(640K)->533K(640K)
[1.800s][info][gc             ] GC(57) Pause Young (Allocation Failure) 267M->268M(340M) 9.451ms
[1.800s][info][gc,cpu         ] GC(57) User=0.02s Sys=0.00s Real=0.01s
[1.800s][info][gc,start       ] GC(58) Pause Full (Ergonomics)
[1.801s][info][gc,phases,start] GC(58) Marking Phase
[1.859s][info][gc,phases      ] GC(58) Marking Phase 58.406ms
[1.859s][info][gc,phases,start] GC(58) Summary Phase
[1.859s][info][gc,phases      ] GC(58) Summary Phase 0.025ms
[1.859s][info][gc,phases,start] GC(58) Adjust Roots
[1.859s][info][gc,phases      ] GC(58) Adjust Roots 0.153ms
[1.859s][info][gc,phases,start] GC(58) Compaction Phase
[1.885s][info][gc,phases      ] GC(58) Compaction Phase 25.673ms
[1.885s][info][gc,phases,start] GC(58) Post Compact
[1.886s][info][gc,phases      ] GC(58) Post Compact 1.144ms
[1.886s][info][gc,heap        ] GC(58) PSYoungGen: 6784K(60416K)->0K(60928K) Eden: 0K(6656K)->0K(7680K) From: 6784K(53760K)->0K(53248K)
[1.886s][info][gc,heap        ] GC(58) ParOldGen: 267753K(287744K)->273932K(319488K)
[1.886s][info][gc,metaspace   ] GC(58) Metaspace: 6298K(6464K)->6298K(6464K) NonClass: 5764K(5824K)->5764K(5824K) Class: 533K(640K)->533K(640K)
[1.886s][info][gc             ] GC(58) Pause Full (Ergonomics) 268M->267M(371M) 85.843ms
[1.886s][info][gc,cpu         ] GC(58) User=0.50s Sys=0.02s Real=0.09s
[1.896s][info][gc,start       ] GC(59) Pause Young (Allocation Failure)
[1.901s][info][gc,heap        ] GC(59) PSYoungGen: 7680K(60928K)->7776K(60928K) Eden: 7680K(7680K)->0K(7680K) From: 0K(53248K)->7776K(53248K)
[1.901s][info][gc,heap        ] GC(59) ParOldGen: 273932K(319488K)->273932K(319488K)
[1.901s][info][gc,metaspace   ] GC(59) Metaspace: 6298K(6464K)->6298K(6464K) NonClass: 5764K(5824K)->5764K(5824K) Class: 533K(640K)->533K(640K)
[1.901s][info][gc             ] GC(59) Pause Young (Allocation Failure) 275M->275M(371M) 5.932ms
[1.901s][info][gc,cpu         ] GC(59) User=0.00s Sys=0.00s Real=0.01s
[1.910s][info][gc,start       ] GC(60) Pause Young (Allocation Failure)
[1.919s][info][gc,heap        ] GC(60) PSYoungGen: 15456K(60928K)->15488K(55808K) Eden: 7680K(7680K)->0K(8704K) From: 7776K(53248K)->15488K(47104K)
[1.919s][info][gc,heap        ] GC(60) ParOldGen: 273932K(319488K)->273932K(319488K)
[1.919s][info][gc,metaspace   ] GC(60) Metaspace: 6298K(6464K)->6298K(6464K) NonClass: 5764K(5824K)->5764K(5824K) Class: 533K(640K)->533K(640K)
[1.919s][info][gc             ] GC(60) Pause Young (Allocation Failure) 282M->282M(366M) 8.318ms
[1.919s][info][gc,cpu         ] GC(60) User=0.00s Sys=0.00s Real=0.01s
[1.928s][info][gc,start       ] GC(61) Pause Young (Allocation Failure)
[1.940s][info][gc,heap        ] GC(61) PSYoungGen: 24192K(55808K)->24128K(58368K) Eden: 8704K(8704K)->0K(8704K) From: 15488K(47104K)->24128K(49664K)
[1.940s][info][gc,heap        ] GC(61) ParOldGen: 273932K(319488K)->273932K(319488K)
[1.940s][info][gc,metaspace   ] GC(61) Metaspace: 6298K(6464K)->6298K(6464K) NonClass: 5764K(5824K)->5764K(5824K) Class: 533K(640K)->533K(640K)
[1.940s][info][gc             ] GC(61) Pause Young (Allocation Failure) 291M->291M(369M) 11.934ms
[1.940s][info][gc,cpu         ] GC(61) User=0.02s Sys=0.00s Real=0.01s
[1.950s][info][gc,start       ] GC(62) Pause Young (Allocation Failure)
[1.965s][info][gc,heap        ] GC(62) PSYoungGen: 32832K(58368K)->25184K(57344K) Eden: 8704K(8704K)->0K(10240K) From: 24128K(49664K)->25184K(47104K)
[1.965s][info][gc,heap        ] GC(62) ParOldGen: 273932K(319488K)->281716K(319488K)
[1.965s][info][gc,metaspace   ] GC(62) Metaspace: 6298K(6464K)->6298K(6464K) NonClass: 5764K(5824K)->5764K(5824K) Class: 533K(640K)->533K(640K)
[1.965s][info][gc             ] GC(62) Pause Young (Allocation Failure) 299M->299M(368M) 15.648ms
[1.965s][info][gc,cpu         ] GC(62) User=0.02s Sys=0.00s Real=0.02s
[1.978s][info][gc,start       ] GC(63) Pause Young (Allocation Failure)
[1.995s][info][gc,heap        ] GC(63) PSYoungGen: 35424K(57344K)->27744K(57856K) Eden: 10240K(10240K)->0K(10240K) From: 25184K(47104K)->27744K(47616K)
[1.995s][info][gc,heap        ] GC(63) ParOldGen: 281716K(319488K)->289500K(319488K)
[1.995s][info][gc,metaspace   ] GC(63) Metaspace: 6298K(6464K)->6298K(6464K) NonClass: 5764K(5824K)->5764K(5824K) Class: 533K(640K)->533K(640K)
[1.995s][info][gc             ] GC(63) Pause Young (Allocation Failure) 309M->309M(368M) 16.817ms
[1.995s][info][gc,cpu         ] GC(63) User=0.03s Sys=0.00s Real=0.02s
[2.006s][info][gc,start       ] GC(64) Pause Young (Allocation Failure)
[2.025s][info][gc,heap        ] GC(64) PSYoungGen: 37984K(57856K)->29280K(58880K) Eden: 10240K(10240K)->0K(11264K) From: 27744K(47616K)->29280K(47616K)
[2.025s][info][gc,heap        ] GC(64) ParOldGen: 289500K(319488K)->298340K(319488K)
[2.025s][info][gc,metaspace   ] GC(64) Metaspace: 6298K(6464K)->6298K(6464K) NonClass: 5764K(5824K)->5764K(5824K) Class: 533K(640K)->533K(640K)
[2.025s][info][gc             ] GC(64) Pause Young (Allocation Failure) 319M->319M(369M) 18.106ms
[2.025s][info][gc,cpu         ] GC(64) User=0.12s Sys=0.00s Real=0.02s
[2.038s][info][gc,start       ] GC(65) Pause Young (Allocation Failure)
[2.057s][info][gc,heap        ] GC(65) PSYoungGen: 40544K(58880K)->31872K(59392K) Eden: 11264K(11264K)->0K(11264K) From: 29280K(47616K)->31872K(48128K)
[2.057s][info][gc,heap        ] GC(65) ParOldGen: 298340K(319488K)->307172K(319488K)
[2.057s][info][gc,metaspace   ] GC(65) Metaspace: 6298K(6464K)->6298K(6464K) NonClass: 5764K(5824K)->5764K(5824K) Class: 533K(640K)->533K(640K)
[2.058s][info][gc             ] GC(65) Pause Young (Allocation Failure) 330M->331M(370M) 19.821ms
[2.058s][info][gc,cpu         ] GC(65) User=0.12s Sys=0.00s Real=0.02s
[2.058s][info][gc,start       ] GC(66) Pause Full (Ergonomics)
[2.058s][info][gc,phases,start] GC(66) Marking Phase
[2.129s][info][gc,phases      ] GC(66) Marking Phase 71.767ms
[2.129s][info][gc,phases,start] GC(66) Summary Phase
[2.129s][info][gc,phases      ] GC(66) Summary Phase 0.024ms
[2.129s][info][gc,phases,start] GC(66) Adjust Roots
[2.130s][info][gc,phases      ] GC(66) Adjust Roots 0.162ms
[2.130s][info][gc,phases,start] GC(66) Compaction Phase
[2.161s][info][gc,phases      ] GC(66) Compaction Phase 31.789ms
[2.162s][info][gc,phases,start] GC(66) Post Compact
[2.163s][info][gc,phases      ] GC(66) Post Compact 1.603ms
[2.163s][info][gc,heap        ] GC(66) PSYoungGen: 31872K(59392K)->18872K(59392K) Eden: 0K(11264K)->0K(11264K) From: 31872K(48128K)->18872K(48128K)
[2.163s][info][gc,heap        ] GC(66) ParOldGen: 307172K(319488K)->319347K(365056K)
[2.163s][info][gc,metaspace   ] GC(66) Metaspace: 6298K(6464K)->6298K(6464K) NonClass: 5764K(5824K)->5764K(5824K) Class: 533K(640K)->533K(640K)
[2.163s][info][gc             ] GC(66) Pause Full (Ergonomics) 331M->330M(414M) 105.850ms
[2.163s][info][gc,cpu         ] GC(66) User=0.66s Sys=0.00s Real=0.11s
[2.176s][info][gc,start       ] GC(67) Pause Young (Allocation Failure)
[2.204s][info][gc,heap        ] GC(67) PSYoungGen: 30136K(59392K)->17824K(58880K) Eden: 11264K(11264K)->0K(12800K) From: 18872K(48128K)->17824K(46080K)
[2.204s][info][gc,heap        ] GC(67) ParOldGen: 319347K(365056K)->332019K(365056K)
[2.204s][info][gc,metaspace   ] GC(67) Metaspace: 6298K(6464K)->6298K(6464K) NonClass: 5764K(5824K)->5764K(5824K) Class: 533K(640K)->533K(640K)
[2.204s][info][gc             ] GC(67) Pause Young (Allocation Failure) 341M->341M(414M) 27.835ms
[2.204s][info][gc,cpu         ] GC(67) User=0.12s Sys=0.00s Real=0.03s
[2.276s][info][gc,start       ] GC(68) Pause Full (Ergonomics)
[2.276s][info][gc,phases,start] GC(68) Marking Phase
[2.356s][info][gc,phases      ] GC(68) Marking Phase 79.666ms
[2.356s][info][gc,phases,start] GC(68) Summary Phase
[2.356s][info][gc,phases      ] GC(68) Summary Phase 0.020ms
[2.356s][info][gc,phases,start] GC(68) Adjust Roots
[2.356s][info][gc,phases      ] GC(68) Adjust Roots 0.187ms
[2.356s][info][gc,phases,start] GC(68) Compaction Phase
[2.421s][info][gc,phases      ] GC(68) Compaction Phase 65.231ms
[2.422s][info][gc,phases,start] GC(68) Post Compact
[2.423s][info][gc,phases      ] GC(68) Post Compact 1.907ms
[2.424s][info][gc,heap        ] GC(68) PSYoungGen: 30624K(58880K)->5372K(60416K) Eden: 12800K(12800K)->0K(14336K) From: 17824K(46080K)->5372K(46080K)
[2.424s][info][gc,heap        ] GC(68) ParOldGen: 348403K(365056K)->365032K(415232K)
[2.424s][info][gc,metaspace   ] GC(68) Metaspace: 6298K(6464K)->6298K(6464K) NonClass: 5764K(5824K)->5764K(5824K) Class: 533K(640K)->533K(640K)
[2.424s][info][gc             ] GC(68) Pause Full (Ergonomics) 370M->361M(464M) 147.610ms
[2.424s][info][gc,cpu         ] GC(68) User=0.81s Sys=0.00s Real=0.15s
[2.440s][info][gc,start       ] GC(69) Pause Young (Allocation Failure)
[2.466s][info][gc,heap        ] GC(69) PSYoungGen: 19708K(60416K)->17536K(32256K) Eden: 14336K(14336K)->0K(14336K) From: 5372K(46080K)->17536K(17920K)
[2.466s][info][gc,heap        ] GC(69) ParOldGen: 365032K(415232K)->367424K(415232K)
[2.466s][info][gc,metaspace   ] GC(69) Metaspace: 6298K(6464K)->6298K(6464K) NonClass: 5764K(5824K)->5764K(5824K) Class: 533K(640K)->533K(640K)
[2.466s][info][gc             ] GC(69) Pause Young (Allocation Failure) 375M->375M(437M) 26.066ms
[2.466s][info][gc,cpu         ] GC(69) User=0.12s Sys=0.00s Real=0.03s
[2.481s][info][gc,start       ] GC(70) Pause Young (Allocation Failure)
[2.497s][info][gc,heap        ] GC(70) PSYoungGen: 31872K(32256K)->31840K(59904K) Eden: 14336K(14336K)->0K(14336K) From: 17536K(17920K)->31840K(45568K)
[2.497s][info][gc,heap        ] GC(70) ParOldGen: 367424K(415232K)->367424K(415232K)
[2.497s][info][gc,metaspace   ] GC(70) Metaspace: 6298K(6464K)->6298K(6464K) NonClass: 5764K(5824K)->5764K(5824K) Class: 533K(640K)->533K(640K)
[2.497s][info][gc             ] GC(70) Pause Young (Allocation Failure) 389M->389M(464M) 16.418ms
[2.497s][info][gc,cpu         ] GC(70) User=0.02s Sys=0.00s Real=0.02s
[2.512s][info][gc,start       ] GC(71) Pause Young (Allocation Failure)
[2.534s][info][gc,heap        ] GC(71) PSYoungGen: 46176K(59904K)->46240K(61440K) Eden: 14336K(14336K)->0K(14336K) From: 31840K(45568K)->46240K(47104K)
[2.534s][info][gc,heap        ] GC(71) ParOldGen: 367424K(415232K)->367424K(415232K)
[2.534s][info][gc,metaspace   ] GC(71) Metaspace: 6298K(6464K)->6298K(6464K) NonClass: 5764K(5824K)->5764K(5824K) Class: 533K(640K)->533K(640K)
[2.534s][info][gc             ] GC(71) Pause Young (Allocation Failure) 403M->403M(465M) 22.169ms
[2.534s][info][gc,cpu         ] GC(71) User=0.12s Sys=0.00s Real=0.02s
[2.549s][info][gc,start       ] GC(72) Pause Young (Allocation Failure)
[2.578s][info][gc,heap        ] GC(72) PSYoungGen: 60576K(61440K)->53248K(58880K) Eden: 14336K(14336K)->0K(5632K) From: 46240K(47104K)->53248K(53248K)
[2.578s][info][gc,heap        ] GC(72) ParOldGen: 367424K(415232K)->374688K(415232K)
[2.578s][info][gc,metaspace   ] GC(72) Metaspace: 6298K(6464K)->6298K(6464K) NonClass: 5764K(5824K)->5764K(5824K) Class: 533K(640K)->533K(640K)
[2.578s][info][gc             ] GC(72) Pause Young (Allocation Failure) 417M->417M(463M) 29.214ms
[2.578s][info][gc,cpu         ] GC(72) User=0.11s Sys=0.00s Real=0.03s
[2.584s][info][gc,start       ] GC(73) Pause Young (Allocation Failure)
[2.611s][info][gc,heap        ] GC(73) PSYoungGen: 58880K(58880K)->32768K(38400K) Eden: 5632K(5632K)->0K(5632K) From: 53248K(53248K)->32768K(32768K)
[2.611s][info][gc,heap        ] GC(73) ParOldGen: 374688K(415232K)->401240K(415232K)
[2.611s][info][gc,metaspace   ] GC(73) Metaspace: 6298K(6464K)->6298K(6464K) NonClass: 5764K(5824K)->5764K(5824K) Class: 533K(640K)->533K(640K)
[2.611s][info][gc             ] GC(73) Pause Young (Allocation Failure) 423M->423M(443M) 27.677ms
[2.611s][info][gc,cpu         ] GC(73) User=0.12s Sys=0.00s Real=0.03s
[2.612s][info][gc,start       ] GC(74) Pause Full (Ergonomics)
[2.612s][info][gc,phases,start] GC(74) Marking Phase
[2.712s][info][gc,phases      ] GC(74) Marking Phase 100.000ms
[2.712s][info][gc,phases,start] GC(74) Summary Phase
[2.712s][info][gc,phases      ] GC(74) Summary Phase 0.020ms
[2.712s][info][gc,phases,start] GC(74) Adjust Roots
[2.712s][info][gc,phases      ] GC(74) Adjust Roots 0.163ms
[2.712s][info][gc,phases,start] GC(74) Compaction Phase
[2.762s][info][gc,phases      ] GC(74) Compaction Phase 50.476ms
[2.762s][info][gc,phases,start] GC(74) Post Compact
[2.764s][info][gc,phases      ] GC(74) Post Compact 2.055ms
[2.765s][info][gc,heap        ] GC(74) PSYoungGen: 32768K(38400K)->18267K(38400K) Eden: 0K(5632K)->0K(5632K) From: 32768K(32768K)->18267K(32768K)
[2.765s][info][gc,heap        ] GC(74) ParOldGen: 401240K(415232K)->414964K(472576K)
[2.765s][info][gc,metaspace   ] GC(74) Metaspace: 6298K(6464K)->6298K(6464K) NonClass: 5764K(5824K)->5764K(5824K) Class: 533K(640K)->533K(640K)
[2.765s][info][gc             ] GC(74) Pause Full (Ergonomics) 423M->423M(499M) 153.314ms
[2.765s][info][gc,cpu         ] GC(74) User=0.97s Sys=0.00s Real=0.15s
[2.771s][info][gc,start       ] GC(75) Pause Young (Allocation Failure)
[2.800s][info][gc,heap        ] GC(75) PSYoungGen: 23899K(38400K)->8864K(67584K) Eden: 5632K(5632K)->0K(6144K) From: 18267K(32768K)->8864K(61440K)
[2.800s][info][gc,heap        ] GC(75) ParOldGen: 414964K(472576K)->430300K(472576K)
[2.800s][info][gc,metaspace   ] GC(75) Metaspace: 6298K(6464K)->6298K(6464K) NonClass: 5764K(5824K)->5764K(5824K) Class: 533K(640K)->533K(640K)
[2.800s][info][gc             ] GC(75) Pause Young (Allocation Failure) 428M->428M(527M) 28.840ms
[2.800s][info][gc,cpu         ] GC(75) User=0.12s Sys=0.00s Real=0.03s
[2.806s][info][gc,start       ] GC(76) Pause Young (Allocation Failure)
[2.815s][info][gc,heap        ] GC(76) PSYoungGen: 15008K(67584K)->11872K(68096K) Eden: 6144K(6144K)->0K(6144K) From: 8864K(61440K)->11872K(61952K)
[2.815s][info][gc,heap        ] GC(76) ParOldGen: 430300K(472576K)->433524K(472576K)
[2.815s][info][gc,metaspace   ] GC(76) Metaspace: 6298K(6464K)->6298K(6464K) NonClass: 5764K(5824K)->5764K(5824K) Class: 533K(640K)->533K(640K)
[2.815s][info][gc             ] GC(76) Pause Young (Allocation Failure) 434M->434M(528M) 8.814ms
[2.815s][info][gc,cpu         ] GC(76) User=0.02s Sys=0.00s Real=0.01s
[2.822s][info][gc,start       ] GC(77) Pause Young (Allocation Failure)
[2.832s][info][gc,heap        ] GC(77) PSYoungGen: 18016K(68096K)->12384K(66048K) Eden: 6144K(6144K)->0K(7168K) From: 11872K(61952K)->12384K(58880K)
[2.832s][info][gc,heap        ] GC(77) ParOldGen: 433524K(472576K)->439228K(472576K)
[2.832s][info][gc,metaspace   ] GC(77) Metaspace: 6298K(6464K)->6298K(6464K) NonClass: 5764K(5824K)->5764K(5824K) Class: 533K(640K)->533K(640K)
[2.832s][info][gc             ] GC(77) Pause Young (Allocation Failure) 440M->441M(526M) 10.128ms
[2.832s][info][gc,cpu         ] GC(77) User=0.02s Sys=0.00s Real=0.01s
[2.840s][info][gc,start       ] GC(78) Pause Young (Allocation Failure)
[2.852s][info][gc,heap        ] GC(78) PSYoungGen: 19552K(66048K)->13408K(20992K) Eden: 7168K(7168K)->0K(7168K) From: 12384K(58880K)->13408K(13824K)
[2.852s][info][gc,heap        ] GC(78) ParOldGen: 439228K(472576K)->445468K(472576K)
[2.852s][info][gc,metaspace   ] GC(78) Metaspace: 6298K(6464K)->6298K(6464K) NonClass: 5764K(5824K)->5764K(5824K) Class: 533K(640K)->533K(640K)
[2.852s][info][gc             ] GC(78) Pause Young (Allocation Failure) 448M->448M(482M) 11.468ms
[2.852s][info][gc,cpu         ] GC(78) User=0.00s Sys=0.00s Real=0.01s
[2.860s][info][gc,start       ] GC(79) Pause Young (Allocation Failure)
[2.872s][info][gc,heap        ] GC(79) PSYoungGen: 20576K(20992K)->7296K(65024K) Eden: 7168K(7168K)->0K(8192K) From: 13408K(13824K)->7296K(56832K)
[2.872s][info][gc,heap        ] GC(79) ParOldGen: 445468K(472576K)->458924K(472576K)
[2.872s][info][gc,metaspace   ] GC(79) Metaspace: 6298K(6464K)->6298K(6464K) NonClass: 5764K(5824K)->5764K(5824K) Class: 533K(640K)->533K(640K)
[2.872s][info][gc             ] GC(79) Pause Young (Allocation Failure) 455M->455M(525M) 12.493ms
[2.872s][info][gc,cpu         ] GC(79) User=0.00s Sys=0.00s Real=0.01s
[2.872s][info][gc,start       ] GC(80) Pause Full (Ergonomics)
[2.872s][info][gc,phases,start] GC(80) Marking Phase
[2.979s][info][gc,phases      ] GC(80) Marking Phase 106.145ms
[2.979s][info][gc,phases,start] GC(80) Summary Phase
[2.979s][info][gc,phases      ] GC(80) Summary Phase 0.029ms
[2.979s][info][gc,phases,start] GC(80) Adjust Roots
[2.979s][info][gc,phases      ] GC(80) Adjust Roots 0.162ms
[2.979s][info][gc,phases,start] GC(80) Compaction Phase
[3.026s][info][gc,phases      ] GC(80) Compaction Phase 46.795ms
[3.026s][info][gc,phases,start] GC(80) Post Compact
[3.028s][info][gc,phases      ] GC(80) Post Compact 2.178ms
[3.028s][info][gc,heap        ] GC(80) PSYoungGen: 7296K(65024K)->0K(65536K) Eden: 0K(8192K)->0K(8192K) From: 7296K(56832K)->0K(57344K)
[3.028s][info][gc,heap        ] GC(80) ParOldGen: 458924K(472576K)->465321K(525824K)
[3.028s][info][gc,metaspace   ] GC(80) Metaspace: 6298K(6464K)->6298K(6464K) NonClass: 5764K(5824K)->5764K(5824K) Class: 533K(640K)->533K(640K)
[3.028s][info][gc             ] GC(80) Pause Full (Ergonomics) 455M->454M(577M) 155.888ms
[3.028s][info][gc,cpu         ] GC(80) User=1.05s Sys=0.00s Real=0.16s
[3.038s][info][gc,start       ] GC(81) Pause Young (Allocation Failure)
[3.046s][info][gc,heap        ] GC(81) PSYoungGen: 8192K(65536K)->8352K(62976K) Eden: 8192K(8192K)->0K(9216K) From: 0K(57344K)->8352K(53760K)
[3.046s][info][gc,heap        ] GC(81) ParOldGen: 465321K(525824K)->465321K(525824K)
[3.046s][info][gc,metaspace   ] GC(81) Metaspace: 6298K(6464K)->6298K(6464K) NonClass: 5764K(5824K)->5764K(5824K) Class: 533K(640K)->533K(640K)
[3.046s][info][gc             ] GC(81) Pause Young (Allocation Failure) 462M->462M(575M) 7.438ms
[3.046s][info][gc,cpu         ] GC(81) User=0.00s Sys=0.00s Real=0.01s
[3.056s][info][gc,start       ] GC(82) Pause Young (Allocation Failure)
[3.067s][info][gc,heap        ] GC(82) PSYoungGen: 17568K(62976K)->17536K(27136K) Eden: 9216K(9216K)->0K(9216K) From: 8352K(53760K)->17536K(17920K)
[3.067s][info][gc,heap        ] GC(82) ParOldGen: 465321K(525824K)->465321K(525824K)
[3.067s][info][gc,metaspace   ] GC(82) Metaspace: 6298K(6464K)->6298K(6464K) NonClass: 5764K(5824K)->5764K(5824K) Class: 533K(640K)->533K(640K)
[3.067s][info][gc             ] GC(82) Pause Young (Allocation Failure) 471M->471M(540M) 10.418ms
[3.067s][info][gc,cpu         ] GC(82) User=0.02s Sys=0.00s Real=0.01s
[3.078s][info][gc,start       ] GC(83) Pause Young (Allocation Failure)
[3.092s][info][gc,heap        ] GC(83) PSYoungGen: 26752K(27136K)->26656K(61952K) Eden: 9216K(9216K)->0K(10240K) From: 17536K(17920K)->26656K(51712K)
[3.092s][info][gc,heap        ] GC(83) ParOldGen: 465321K(525824K)->465321K(525824K)
[3.092s][info][gc,metaspace   ] GC(83) Metaspace: 6298K(6464K)->6298K(6464K) NonClass: 5764K(5824K)->5764K(5824K) Class: 533K(640K)->533K(640K)
[3.092s][info][gc             ] GC(83) Pause Young (Allocation Failure) 480M->480M(574M) 14.082ms
[3.092s][info][gc,cpu         ] GC(83) User=0.00s Sys=0.00s Real=0.01s
[3.103s][info][gc,start       ] GC(84) Pause Young (Allocation Failure)
[3.130s][info][gc,heap        ] GC(84) PSYoungGen: 36896K(61952K)->28768K(62464K) Eden: 10240K(10240K)->0K(10240K) From: 26656K(51712K)->28768K(52224K)
[3.131s][info][gc,heap        ] GC(84) ParOldGen: 465321K(525824K)->473633K(525824K)
[3.131s][info][gc,metaspace   ] GC(84) Metaspace: 6298K(6464K)->6298K(6464K) NonClass: 5764K(5824K)->5764K(5824K) Class: 533K(640K)->533K(640K)
[3.131s][info][gc             ] GC(84) Pause Young (Allocation Failure) 490M->490M(574M) 27.394ms
[3.131s][info][gc,cpu         ] GC(84) User=0.08s Sys=0.00s Real=0.03s
[3.143s][info][gc,start       ] GC(85) Pause Young (Allocation Failure)
[3.177s][info][gc,heap        ] GC(85) PSYoungGen: 39008K(62464K)->29760K(64000K) Eden: 10240K(10240K)->0K(11776K) From: 28768K(52224K)->29760K(52224K)
[3.177s][info][gc,heap        ] GC(85) ParOldGen: 473633K(525824K)->482985K(525824K)
[3.177s][info][gc,metaspace   ] GC(85) Metaspace: 6298K(6464K)->6298K(6464K) NonClass: 5764K(5824K)->5764K(5824K) Class: 533K(640K)->533K(640K)
[3.177s][info][gc             ] GC(85) Pause Young (Allocation Failure) 500M->500M(576M) 34.161ms
[3.178s][info][gc,cpu         ] GC(85) User=0.11s Sys=0.00s Real=0.04s
[3.194s][info][gc,start       ] GC(86) Pause Young (Allocation Failure)
[3.224s][info][gc,heap        ] GC(86) PSYoungGen: 41536K(64000K)->22112K(34304K) Eden: 11776K(11776K)->0K(11776K) From: 29760K(52224K)->22112K(22528K)
[3.225s][info][gc,heap        ] GC(86) ParOldGen: 482985K(525824K)->502713K(525824K)
[3.225s][info][gc,metaspace   ] GC(86) Metaspace: 6298K(6464K)->6298K(6464K) NonClass: 5764K(5824K)->5764K(5824K) Class: 533K(640K)->533K(640K)
[3.225s][info][gc             ] GC(86) Pause Young (Allocation Failure) 512M->512M(547M) 31.071ms
[3.225s][info][gc,cpu         ] GC(86) User=0.08s Sys=0.00s Real=0.03s
[3.225s][info][gc,start       ] GC(87) Pause Full (Ergonomics)
[3.225s][info][gc,phases,start] GC(87) Marking Phase
[3.365s][info][gc,phases      ] GC(87) Marking Phase 140.492ms
[3.365s][info][gc,phases,start] GC(87) Summary Phase
[3.365s][info][gc,phases      ] GC(87) Summary Phase 0.029ms
[3.365s][info][gc,phases,start] GC(87) Adjust Roots
[3.366s][info][gc,phases      ] GC(87) Adjust Roots 0.225ms
[3.366s][info][gc,phases,start] GC(87) Compaction Phase
[3.420s][info][gc,phases      ] GC(87) Compaction Phase 54.149ms
[3.420s][info][gc,phases,start] GC(87) Post Compact
[3.423s][info][gc,phases      ] GC(87) Post Compact 2.753ms
[3.423s][info][gc,heap        ] GC(87) PSYoungGen: 22112K(34304K)->0K(62464K) Eden: 0K(11776K)->0K(13312K) From: 22112K(22528K)->0K(49152K)
[3.423s][info][gc,heap        ] GC(87) ParOldGen: 502713K(525824K)->524014K(589312K)
[3.423s][info][gc,metaspace   ] GC(87) Metaspace: 6298K(6464K)->6298K(6464K) NonClass: 5764K(5824K)->5764K(5824K) Class: 533K(640K)->533K(640K)
[3.423s][info][gc             ] GC(87) Pause Full (Ergonomics) 512M->511M(636M) 198.316ms
[3.423s][info][gc,cpu         ] GC(87) User=1.00s Sys=0.03s Real=0.20s
[3.437s][info][gc,start       ] GC(88) Pause Young (Allocation Failure)
[3.447s][info][gc,heap        ] GC(88) PSYoungGen: 13312K(62464K)->13408K(62464K) Eden: 13312K(13312K)->0K(13312K) From: 0K(49152K)->13408K(49152K)
[3.447s][info][gc,heap        ] GC(88) ParOldGen: 524014K(589312K)->524014K(589312K)
[3.447s][info][gc,metaspace   ] GC(88) Metaspace: 6298K(6464K)->6298K(6464K) NonClass: 5764K(5824K)->5764K(5824K) Class: 533K(640K)->533K(640K)
[3.447s][info][gc             ] GC(88) Pause Young (Allocation Failure) 524M->524M(636M) 9.341ms
[3.447s][info][gc,cpu         ] GC(88) User=0.00s Sys=0.00s Real=0.01s
[3.461s][info][gc,start       ] GC(89) Pause Young (Allocation Failure)
[3.475s][info][gc,heap        ] GC(89) PSYoungGen: 26720K(62464K)->26720K(60928K) Eden: 13312K(13312K)->0K(14848K) From: 13408K(49152K)->26720K(46080K)
[3.475s][info][gc,heap        ] GC(89) ParOldGen: 524014K(589312K)->524014K(589312K)
[3.475s][info][gc,metaspace   ] GC(89) Metaspace: 6298K(6464K)->6298K(6464K) NonClass: 5764K(5824K)->5764K(5824K) Class: 533K(640K)->533K(640K)
[3.475s][info][gc             ] GC(89) Pause Young (Allocation Failure) 537M->537M(635M) 14.214ms
[3.475s][info][gc,cpu         ] GC(89) User=0.02s Sys=0.00s Real=0.01s
[3.492s][info][gc,start       ] GC(90) Pause Young (Allocation Failure)
[3.513s][info][gc,heap        ] GC(90) PSYoungGen: 41568K(60928K)->28256K(61952K) Eden: 14848K(14848K)->0K(14848K) From: 26720K(46080K)->28256K(47104K)
[3.513s][info][gc,heap        ] GC(90) ParOldGen: 524014K(589312K)->537502K(589312K)
[3.513s][info][gc,metaspace   ] GC(90) Metaspace: 6298K(6464K)->6298K(6464K) NonClass: 5764K(5824K)->5764K(5824K) Class: 533K(640K)->533K(640K)
[3.513s][info][gc             ] GC(90) Pause Young (Allocation Failure) 552M->552M(636M) 21.202ms
[3.513s][info][gc,cpu         ] GC(90) User=0.09s Sys=0.03s Real=0.02s
[3.530s][info][gc,start       ] GC(91) Pause Young (Allocation Failure)
[3.552s][info][gc,heap        ] GC(91) PSYoungGen: 43104K(61952K)->29824K(62976K) Eden: 14848K(14848K)->0K(15872K) From: 28256K(47104K)->29824K(47104K)
[3.552s][info][gc,heap        ] GC(91) ParOldGen: 537502K(589312K)->551006K(589312K)
[3.552s][info][gc,metaspace   ] GC(91) Metaspace: 6298K(6464K)->6298K(6464K) NonClass: 5764K(5824K)->5764K(5824K) Class: 533K(640K)->533K(640K)
[3.552s][info][gc             ] GC(91) Pause Young (Allocation Failure) 566M->567M(637M) 22.191ms
[3.552s][info][gc,cpu         ] GC(91) User=0.25s Sys=0.00s Real=0.02s
[3.569s][info][gc,start       ] GC(92) Pause Young (Allocation Failure)
[3.593s][info][gc,heap        ] GC(92) PSYoungGen: 45696K(62976K)->30848K(63488K) Eden: 15872K(15872K)->0K(15872K) From: 29824K(47104K)->30848K(47616K)
[3.594s][info][gc,heap        ] GC(92) ParOldGen: 551006K(589312K)->566062K(589312K)
[3.594s][info][gc,metaspace   ] GC(92) Metaspace: 6298K(6464K)->6298K(6464K) NonClass: 5764K(5824K)->5764K(5824K) Class: 533K(640K)->533K(640K)
[3.594s][info][gc             ] GC(92) Pause Young (Allocation Failure) 582M->582M(637M) 24.375ms
[3.594s][info][gc,cpu         ] GC(92) User=0.11s Sys=0.00s Real=0.02s
[3.594s][info][gc,start       ] GC(93) Pause Full (Ergonomics)
[3.594s][info][gc,phases,start] GC(93) Marking Phase
[3.724s][info][gc,phases      ] GC(93) Marking Phase 129.855ms
[3.724s][info][gc,phases,start] GC(93) Summary Phase
[3.724s][info][gc,phases      ] GC(93) Summary Phase 0.047ms
[3.724s][info][gc,phases,start] GC(93) Adjust Roots
[3.724s][info][gc,phases      ] GC(93) Adjust Roots 0.261ms
[3.724s][info][gc,phases,start] GC(93) Compaction Phase
[3.775s][info][gc,phases      ] GC(93) Compaction Phase 51.319ms
[3.775s][info][gc,phases,start] GC(93) Post Compact
[3.776s][info][gc,phases      ] GC(93) Post Compact 1.056ms
[3.777s][info][gc,heap        ] GC(93) PSYoungGen: 30848K(63488K)->7154K(63488K) Eden: 0K(15872K)->0K(15872K) From: 30848K(47616K)->7154K(47616K)
[3.777s][info][gc,heap        ] GC(93) ParOldGen: 566062K(589312K)->588895K(660480K)
[3.777s][info][gc,metaspace   ] GC(93) Metaspace: 6298K(6464K)->6298K(6464K) NonClass: 5764K(5824K)->5764K(5824K) Class: 533K(640K)->533K(640K)
[3.777s][info][gc             ] GC(93) Pause Full (Ergonomics) 582M->582M(707M) 183.164ms
[3.777s][info][gc,cpu         ] GC(93) User=1.28s Sys=0.02s Real=0.18s
[3.795s][info][gc,start       ] GC(94) Pause Young (Allocation Failure)
[3.833s][info][gc,heap        ] GC(94) PSYoungGen: 23026K(63488K)->19808K(62464K) Eden: 15872K(15872K)->0K(17920K) From: 7154K(47616K)->19808K(44544K)
[3.833s][info][gc,heap        ] GC(94) ParOldGen: 588895K(660480K)->592359K(660480K)
[3.833s][info][gc,metaspace   ] GC(94) Metaspace: 6298K(6464K)->6298K(6464K) NonClass: 5764K(5824K)->5764K(5824K) Class: 533K(640K)->533K(640K)
[3.833s][info][gc             ] GC(94) Pause Young (Allocation Failure) 597M->597M(706M) 37.866ms
[3.833s][info][gc,cpu         ] GC(94) User=0.17s Sys=0.00s Real=0.04s
[3.855s][info][gc,start       ] GC(95) Pause Young (Allocation Failure)
[3.876s][info][gc,heap        ] GC(95) PSYoungGen: 37728K(62464K)->37728K(64000K) Eden: 17920K(17920K)->0K(17920K) From: 19808K(44544K)->37728K(46080K)
[3.876s][info][gc,heap        ] GC(95) ParOldGen: 592359K(660480K)->592359K(660480K)
[3.876s][info][gc,metaspace   ] GC(95) Metaspace: 6298K(6464K)->6298K(6464K) NonClass: 5764K(5824K)->5764K(5824K) Class: 533K(640K)->533K(640K)
[3.876s][info][gc             ] GC(95) Pause Young (Allocation Failure) 615M->615M(707M) 21.315ms
[3.876s][info][gc,cpu         ] GC(95) User=0.12s Sys=0.00s Real=0.02s
[3.898s][info][gc,start       ] GC(96) Pause Young (Allocation Failure)
[3.928s][info][gc,heap        ] GC(96) PSYoungGen: 55648K(64000K)->49152K(60416K) Eden: 17920K(17920K)->0K(11264K) From: 37728K(46080K)->49152K(49152K)
[3.928s][info][gc,heap        ] GC(96) ParOldGen: 592359K(660480K)->598815K(660480K)
[3.928s][info][gc,metaspace   ] GC(96) Metaspace: 6298K(6464K)->6298K(6464K) NonClass: 5764K(5824K)->5764K(5824K) Class: 533K(640K)->533K(640K)
[3.928s][info][gc             ] GC(96) Pause Young (Allocation Failure) 632M->632M(704M) 29.660ms
[3.928s][info][gc,cpu         ] GC(96) User=0.14s Sys=0.00s Real=0.03s
[3.941s][info][gc,start       ] GC(97) Pause Young (Allocation Failure)
[3.969s][info][gc,heap        ] GC(97) PSYoungGen: 60416K(60416K)->43232K(69120K) Eden: 11264K(11264K)->0K(11264K) From: 49152K(49152K)->43232K(57856K)
[3.969s][info][gc,heap        ] GC(97) ParOldGen: 598815K(660480K)->616399K(660480K)
[3.969s][info][gc,metaspace   ] GC(97) Metaspace: 6298K(6464K)->6298K(6464K) NonClass: 5764K(5824K)->5764K(5824K) Class: 533K(640K)->533K(640K)
[3.970s][info][gc             ] GC(97) Pause Young (Allocation Failure) 643M->644M(712M) 28.885ms
[3.970s][info][gc,cpu         ] GC(97) User=0.12s Sys=0.00s Real=0.03s
[3.983s][info][gc,start       ] GC(98) Pause Young (Allocation Failure)
[4.012s][info][gc,heap        ] GC(98) PSYoungGen: 54496K(69120K)->38560K(73728K) Eden: 11264K(11264K)->0K(12800K) From: 43232K(57856K)->38560K(60928K)
[4.012s][info][gc,heap        ] GC(98) ParOldGen: 616399K(660480K)->632503K(660480K)
[4.012s][info][gc,metaspace   ] GC(98) Metaspace: 6298K(6464K)->6298K(6464K) NonClass: 5764K(5824K)->5764K(5824K) Class: 533K(640K)->533K(640K)
[4.012s][info][gc             ] GC(98) Pause Young (Allocation Failure) 655M->655M(717M) 29.411ms
[4.012s][info][gc,cpu         ] GC(98) User=0.08s Sys=0.03s Real=0.03s
[4.029s][info][gc,start       ] GC(99) Pause Young (Allocation Failure)
[4.056s][info][gc,heap        ] GC(99) PSYoungGen: 51360K(73728K)->24192K(37376K) Eden: 12800K(12800K)->0K(12800K) From: 38560K(60928K)->24192K(24576K)
[4.056s][info][gc,heap        ] GC(99) ParOldGen: 632503K(660480K)->660055K(660480K)
[4.056s][info][gc,metaspace   ] GC(99) Metaspace: 6298K(6464K)->6298K(6464K) NonClass: 5764K(5824K)->5764K(5824K) Class: 533K(640K)->533K(640K)
[4.056s][info][gc             ] GC(99) Pause Young (Allocation Failure) 667M->668M(681M) 26.951ms
[4.056s][info][gc,cpu         ] GC(99) User=0.12s Sys=0.02s Real=0.03s
[4.056s][info][gc,start       ] GC(100) Pause Full (Ergonomics)
[4.056s][info][gc,phases,start] GC(100) Marking Phase
[4.202s][info][gc,phases      ] GC(100) Marking Phase 146.372ms
[4.202s][info][gc,phases,start] GC(100) Summary Phase
[4.202s][info][gc,phases      ] GC(100) Summary Phase 0.026ms
[4.202s][info][gc,phases,start] GC(100) Adjust Roots
[4.202s][info][gc,phases      ] GC(100) Adjust Roots 0.162ms
[4.203s][info][gc,phases,start] GC(100) Compaction Phase
[4.264s][info][gc,phases      ] GC(100) Compaction Phase 61.514ms
[4.264s][info][gc,phases,start] GC(100) Post Compact
[4.265s][info][gc,phases      ] GC(100) Post Compact 1.014ms
[4.265s][info][gc,heap        ] GC(100) PSYoungGen: 24192K(37376K)->22472K(37376K) Eden: 0K(12800K)->0K(12800K) From: 24192K(24576K)->22472K(24576K)
[4.265s][info][gc,heap        ] GC(100) ParOldGen: 660055K(660480K)->660437K(742912K)
[4.265s][info][gc,metaspace   ] GC(100) Metaspace: 6298K(6464K)->6298K(6464K) NonClass: 5764K(5824K)->5764K(5824K) Class: 533K(640K)->533K(640K)
[4.265s][info][gc             ] GC(100) Pause Full (Ergonomics) 668M->666M(762M) 209.658ms
[4.265s][info][gc,cpu         ] GC(100) User=1.58s Sys=0.02s Real=0.21s
[4.283s][info][gc,start       ] GC(101) Pause Young (Allocation Failure)
[4.329s][info][gc,heap        ] GC(101) PSYoungGen: 35272K(37376K)->12928K(73216K) Eden: 12800K(12800K)->0K(14336K) From: 22472K(24576K)->12928K(58880K)
[4.329s][info][gc,heap        ] GC(101) ParOldGen: 660437K(742912K)->683269K(742912K)
[4.329s][info][gc,metaspace   ] GC(101) Metaspace: 6298K(6464K)->6298K(6464K) NonClass: 5764K(5824K)->5764K(5824K) Class: 533K(640K)->533K(640K)
[4.329s][info][gc             ] GC(101) Pause Young (Allocation Failure) 679M->679M(797M) 45.691ms
[4.329s][info][gc,cpu         ] GC(101) User=0.23s Sys=0.02s Real=0.05s
[4.469s][info][gc,start       ] GC(102) Pause Full (Ergonomics)
[4.469s][info][gc,phases,start] GC(102) Marking Phase
[4.632s][info][gc,phases      ] GC(102) Marking Phase 163.218ms
[4.632s][info][gc,phases,start] GC(102) Summary Phase
[4.632s][info][gc,phases      ] GC(102) Summary Phase 0.033ms
[4.632s][info][gc,phases,start] GC(102) Adjust Roots
[4.632s][info][gc,phases      ] GC(102) Adjust Roots 0.182ms
[4.633s][info][gc,phases,start] GC(102) Compaction Phase
[4.750s][info][gc,phases      ] GC(102) Compaction Phase 117.477ms
[4.750s][info][gc,phases,start] GC(102) Post Compact
[4.751s][info][gc,phases      ] GC(102) Post Compact 1.435ms
[4.752s][info][gc,heap        ] GC(102) PSYoungGen: 27264K(73216K)->0K(73216K) Eden: 14336K(14336K)->0K(14336K) From: 12928K(58880K)->0K(58880K)
[4.752s][info][gc,heap        ] GC(102) ParOldGen: 716037K(742912K)->726370K(817152K)
[4.752s][info][gc,metaspace   ] GC(102) Metaspace: 6298K(6464K)->6298K(6464K) NonClass: 5764K(5824K)->5764K(5824K) Class: 533K(640K)->533K(640K)
[4.752s][info][gc             ] GC(102) Pause Full (Ergonomics) 725M->709M(869M) 283.000ms
[4.752s][info][gc,cpu         ] GC(102) User=1.75s Sys=0.00s Real=0.28s
[4.768s][info][gc,start       ] GC(103) Pause Young (Allocation Failure)
[4.782s][info][gc,heap        ] GC(103) PSYoungGen: 14336K(73216K)->14496K(73728K) Eden: 14336K(14336K)->0K(15872K) From: 0K(58880K)->14496K(57856K)
[4.782s][info][gc,heap        ] GC(103) ParOldGen: 726370K(817152K)->726370K(817152K)
[4.782s][info][gc,metaspace   ] GC(103) Metaspace: 6298K(6464K)->6298K(6464K) NonClass: 5764K(5824K)->5764K(5824K) Class: 533K(640K)->533K(640K)
[4.782s][info][gc             ] GC(103) Pause Young (Allocation Failure) 723M->723M(870M) 13.833ms
[4.782s][info][gc,cpu         ] GC(103) User=0.02s Sys=0.00s Real=0.01s
[4.799s][info][gc,start       ] GC(104) Pause Young (Allocation Failure)
[4.818s][info][gc,heap        ] GC(104) PSYoungGen: 30368K(73728K)->30336K(74240K) Eden: 15872K(15872K)->0K(15872K) From: 14496K(57856K)->30336K(58368K)
[4.818s][info][gc,heap        ] GC(104) ParOldGen: 726370K(817152K)->726370K(817152K)
[4.818s][info][gc,metaspace   ] GC(104) Metaspace: 6298K(6464K)->6298K(6464K) NonClass: 5764K(5824K)->5764K(5824K) Class: 533K(640K)->533K(640K)
[4.818s][info][gc             ] GC(104) Pause Young (Allocation Failure) 739M->738M(870M) 19.203ms
[4.818s][info][gc,cpu         ] GC(104) User=0.00s Sys=0.00s Real=0.02s
[4.835s][info][gc,start       ] GC(105) Pause Young (Allocation Failure)
[4.859s][info][gc,heap        ] GC(105) PSYoungGen: 46208K(74240K)->46240K(70144K) Eden: 15872K(15872K)->0K(13824K) From: 30336K(58368K)->46240K(56320K)
[4.859s][info][gc,heap        ] GC(105) ParOldGen: 726370K(817152K)->726370K(817152K)
[4.859s][info][gc,metaspace   ] GC(105) Metaspace: 6298K(6464K)->6298K(6464K) NonClass: 5764K(5824K)->5764K(5824K) Class: 533K(640K)->533K(640K)
[4.859s][info][gc             ] GC(105) Pause Young (Allocation Failure) 754M->754M(866M) 23.567ms
[4.859s][info][gc,cpu         ] GC(105) User=0.08s Sys=0.00s Real=0.02s
[4.873s][info][gc,start       ] GC(106) Pause Young (Allocation Failure)
[4.902s][info][gc,heap        ] GC(106) PSYoungGen: 60064K(70144K)->60000K(74240K) Eden: 13824K(13824K)->0K(13824K) From: 46240K(56320K)->60000K(60416K)
[4.902s][info][gc,heap        ] GC(106) ParOldGen: 726370K(817152K)->726370K(817152K)
[4.902s][info][gc,metaspace   ] GC(106) Metaspace: 6298K(6464K)->6298K(6464K) NonClass: 5764K(5824K)->5764K(5824K) Class: 533K(640K)->533K(640K)
[4.902s][info][gc             ] GC(106) Pause Young (Allocation Failure) 768M->767M(870M) 29.535ms
[4.902s][info][gc,cpu         ] GC(106) User=0.14s Sys=0.00s Real=0.03s
[4.917s][info][gc,start       ] GC(107) Pause Young (Allocation Failure)
[4.954s][info][gc,heap        ] GC(107) PSYoungGen: 73824K(74240K)->59520K(78848K) Eden: 13824K(13824K)->0K(9728K) From: 60000K(60416K)->59520K(69120K)
[4.954s][info][gc,heap        ] GC(107) ParOldGen: 726370K(817152K)->740898K(817152K)
[4.954s][info][gc,metaspace   ] GC(107) Metaspace: 6298K(6464K)->6298K(6464K) NonClass: 5764K(5824K)->5764K(5824K) Class: 533K(640K)->533K(640K)
[4.954s][info][gc             ] GC(107) Pause Young (Allocation Failure) 781M->781M(875M) 36.802ms
[4.954s][info][gc,cpu         ] GC(107) User=0.12s Sys=0.06s Real=0.04s
[4.964s][info][gc,start       ] GC(108) Pause Young (Allocation Failure)
[4.996s][info][gc,heap        ] GC(108) PSYoungGen: 69248K(78848K)->53408K(84992K) Eden: 9728K(9728K)->0K(9728K) From: 59520K(69120K)->53408K(75264K)
[4.996s][info][gc,heap        ] GC(108) ParOldGen: 740898K(817152K)->756994K(817152K)
[4.996s][info][gc,metaspace   ] GC(108) Metaspace: 6298K(6464K)->6298K(6464K) NonClass: 5764K(5824K)->5764K(5824K) Class: 533K(640K)->533K(640K)
[4.996s][info][gc             ] GC(108) Pause Young (Allocation Failure) 791M->791M(881M) 32.737ms
[4.996s][info][gc,cpu         ] GC(108) User=0.23s Sys=0.02s Real=0.03s
[5.007s][info][gc,start       ] GC(109) Pause Young (Allocation Failure)
[5.038s][info][gc,heap        ] GC(109) PSYoungGen: 63136K(84992K)->33408K(82432K) Eden: 9728K(9728K)->0K(11264K) From: 53408K(75264K)->33408K(71168K)
[5.038s][info][gc,heap        ] GC(109) ParOldGen: 756994K(817152K)->787082K(817152K)
[5.038s][info][gc,metaspace   ] GC(109) Metaspace: 6298K(6464K)->6298K(6464K) NonClass: 5764K(5824K)->5764K(5824K) Class: 533K(640K)->533K(640K)
[5.038s][info][gc             ] GC(109) Pause Young (Allocation Failure) 800M->801M(878M) 31.353ms
[5.038s][info][gc,cpu         ] GC(109) User=0.09s Sys=0.00s Real=0.03s
[5.038s][info][gc,start       ] GC(110) Pause Full (Ergonomics)
[5.038s][info][gc,phases,start] GC(110) Marking Phase
[5.227s][info][gc,phases      ] GC(110) Marking Phase 188.397ms
[5.227s][info][gc,phases,start] GC(110) Summary Phase
[5.227s][info][gc,phases      ] GC(110) Summary Phase 0.024ms
[5.227s][info][gc,phases,start] GC(110) Adjust Roots
[5.227s][info][gc,phases      ] GC(110) Adjust Roots 0.161ms
[5.227s][info][gc,phases,start] GC(110) Compaction Phase
[5.318s][info][gc,phases      ] GC(110) Compaction Phase 91.334ms
[5.318s][info][gc,phases,start] GC(110) Post Compact
[5.320s][info][gc,phases      ] GC(110) Post Compact 1.654ms
[5.321s][info][gc,heap        ] GC(110) PSYoungGen: 33408K(82432K)->2533K(84480K) Eden: 0K(11264K)->0K(13312K) From: 33408K(71168K)->2533K(71168K)
[5.321s][info][gc,heap        ] GC(110) ParOldGen: 787082K(817152K)->816810K(916480K)
[5.321s][info][gc,metaspace   ] GC(110) Metaspace: 6298K(6464K)->6298K(6464K) NonClass: 5764K(5824K)->5764K(5824K) Class: 533K(640K)->533K(640K)
[5.321s][info][gc             ] GC(110) Pause Full (Ergonomics) 801M->800M(977M) 282.418ms
[5.321s][info][gc,cpu         ] GC(110) User=1.77s Sys=0.05s Real=0.28s
[5.334s][info][gc,start       ] GC(111) Pause Young (Allocation Failure)
[5.379s][info][gc,heap        ] GC(111) PSYoungGen: 15845K(84480K)->13472K(88064K) Eden: 13312K(13312K)->0K(13312K) From: 2533K(71168K)->13472K(74752K)
[5.379s][info][gc,heap        ] GC(111) ParOldGen: 816810K(916480K)->819370K(916480K)
[5.379s][info][gc,metaspace   ] GC(111) Metaspace: 6298K(6464K)->6298K(6464K) NonClass: 5764K(5824K)->5764K(5824K) Class: 533K(640K)->533K(640K)
[5.379s][info][gc             ] GC(111) Pause Young (Allocation Failure) 813M->813M(981M) 44.909ms
[5.379s][info][gc,cpu         ] GC(111) User=0.22s Sys=0.00s Real=0.04s
[5.394s][info][gc,start       ] GC(112) Pause Young (Allocation Failure)
[5.412s][info][gc,heap        ] GC(112) PSYoungGen: 26784K(88064K)->26752K(84992K) Eden: 13312K(13312K)->0K(15360K) From: 13472K(74752K)->26752K(69632K)
[5.412s][info][gc,heap        ] GC(112) ParOldGen: 819370K(916480K)->819442K(916480K)
[5.412s][info][gc,metaspace   ] GC(112) Metaspace: 6298K(6464K)->6298K(6464K) NonClass: 5764K(5824K)->5764K(5824K) Class: 533K(640K)->533K(640K)
[5.412s][info][gc             ] GC(112) Pause Young (Allocation Failure) 826M->826M(978M) 17.471ms
[5.412s][info][gc,cpu         ] GC(112) User=0.03s Sys=0.00s Real=0.02s
[5.429s][info][gc,start       ] GC(113) Pause Young (Allocation Failure)
[5.453s][info][gc,heap        ] GC(113) PSYoungGen: 42112K(84992K)->28768K(44544K) Eden: 15360K(15360K)->0K(15360K) From: 26752K(69632K)->28768K(29184K)
[5.453s][info][gc,heap        ] GC(113) ParOldGen: 819442K(916480K)->832954K(916480K)
[5.453s][info][gc,metaspace   ] GC(113) Metaspace: 6298K(6464K)->6298K(6464K) NonClass: 5764K(5824K)->5764K(5824K) Class: 533K(640K)->533K(640K)
[5.453s][info][gc             ] GC(113) Pause Young (Allocation Failure) 841M->841M(938M) 24.001ms
[5.453s][info][gc,cpu         ] GC(113) User=0.11s Sys=0.00s Real=0.02s
[5.469s][info][gc,start       ] GC(114) Pause Young (Allocation Failure)
[5.492s][info][gc,heap        ] GC(114) PSYoungGen: 44128K(44544K)->30880K(79360K) Eden: 15360K(15360K)->0K(17408K) From: 28768K(29184K)->30880K(61952K)
[5.492s][info][gc,heap        ] GC(114) ParOldGen: 832954K(916480K)->846450K(916480K)
[5.492s][info][gc,metaspace   ] GC(114) Metaspace: 6298K(6464K)->6298K(6464K) NonClass: 5764K(5824K)->5764K(5824K) Class: 533K(640K)->533K(640K)
[5.492s][info][gc             ] GC(114) Pause Young (Allocation Failure) 856M->856M(972M) 23.475ms
[5.492s][info][gc,cpu         ] GC(114) User=0.09s Sys=0.03s Real=0.02s
[5.511s][info][gc,start       ] GC(115) Pause Young (Allocation Failure)
[5.536s][info][gc,heap        ] GC(115) PSYoungGen: 48288K(79360K)->32896K(50688K) Eden: 17408K(17408K)->0K(17408K) From: 30880K(61952K)->32896K(33280K)
[5.536s][info][gc,heap        ] GC(115) ParOldGen: 846450K(916480K)->862034K(916480K)
[5.536s][info][gc,metaspace   ] GC(115) Metaspace: 6298K(6464K)->6298K(6464K) NonClass: 5764K(5824K)->5764K(5824K) Class: 533K(640K)->533K(640K)
[5.536s][info][gc             ] GC(115) Pause Young (Allocation Failure) 873M->873M(944M) 25.447ms
[5.536s][info][gc,cpu         ] GC(115) User=0.14s Sys=0.00s Real=0.03s
[5.555s][info][gc,start       ] GC(116) Pause Young (Allocation Failure)
[5.582s][info][gc,heap        ] GC(116) PSYoungGen: 50304K(50688K)->34912K(77824K) Eden: 17408K(17408K)->0K(19456K) From: 32896K(33280K)->34912K(58368K)
[5.582s][info][gc,heap        ] GC(116) ParOldGen: 862034K(916480K)->877602K(916480K)
[5.582s][info][gc,metaspace   ] GC(116) Metaspace: 6298K(6464K)->6298K(6464K) NonClass: 5764K(5824K)->5764K(5824K) Class: 533K(640K)->533K(640K)
[5.582s][info][gc             ] GC(116) Pause Young (Allocation Failure) 890M->891M(971M) 26.548ms
[5.582s][info][gc,cpu         ] GC(116) User=0.12s Sys=0.02s Real=0.03s
[5.603s][info][gc,start       ] GC(117) Pause Young (Allocation Failure)
[5.634s][info][gc,heap        ] GC(117) PSYoungGen: 54368K(77824K)->19584K(79872K) Eden: 19456K(19456K)->0K(19456K) From: 34912K(58368K)->19584K(60416K)
[5.634s][info][gc,heap        ] GC(117) ParOldGen: 877602K(916480K)->912858K(916480K)
[5.634s][info][gc,metaspace   ] GC(117) Metaspace: 6298K(6464K)->6298K(6464K) NonClass: 5764K(5824K)->5764K(5824K) Class: 533K(640K)->533K(640K)
[5.634s][info][gc             ] GC(117) Pause Young (Allocation Failure) 910M->910M(973M) 30.305ms
[5.634s][info][gc,cpu         ] GC(117) User=0.14s Sys=0.00s Real=0.03s
[5.634s][info][gc,start       ] GC(118) Pause Full (Ergonomics)
[5.634s][info][gc,phases,start] GC(118) Marking Phase
[5.835s][info][gc,phases      ] GC(118) Marking Phase 201.352ms
[5.835s][info][gc,phases,start] GC(118) Summary Phase
[5.835s][info][gc,phases      ] GC(118) Summary Phase 0.025ms
[5.835s][info][gc,phases,start] GC(118) Adjust Roots
[5.835s][info][gc,phases      ] GC(118) Adjust Roots 0.175ms
[5.835s][info][gc,phases,start] GC(118) Compaction Phase
[5.939s][info][gc,phases      ] GC(118) Compaction Phase 103.433ms
[5.939s][info][gc,phases,start] GC(118) Post Compact
[5.940s][info][gc,phases      ] GC(118) Post Compact 1.543ms
[5.941s][info][gc,heap        ] GC(118) PSYoungGen: 19584K(79872K)->14312K(79872K) Eden: 0K(19456K)->0K(19456K) From: 19584K(60416K)->14312K(60416K)
[5.941s][info][gc,heap        ] GC(118) ParOldGen: 912858K(916480K)->916427K(1025536K)
[5.941s][info][gc,metaspace   ] GC(118) Metaspace: 6298K(6464K)->6298K(6464K) NonClass: 5764K(5824K)->5764K(5824K) Class: 533K(640K)->533K(640K)
[5.941s][info][gc             ] GC(118) Pause Full (Ergonomics) 910M->908M(1079M) 307.212ms
[5.941s][info][gc,cpu         ] GC(118) User=2.05s Sys=0.00s Real=0.31s
[5.965s][info][gc,start       ] GC(119) Pause Young (Allocation Failure)
[6.021s][info][gc,heap        ] GC(119) PSYoungGen: 33768K(79872K)->19584K(79872K) Eden: 19456K(19456K)->0K(21504K) From: 14312K(60416K)->19584K(58368K)
[6.021s][info][gc,heap        ] GC(119) ParOldGen: 916427K(1025536K)->930955K(1025536K)
[6.021s][info][gc,metaspace   ] GC(119) Metaspace: 6298K(6464K)->6298K(6464K) NonClass: 5764K(5824K)->5764K(5824K) Class: 533K(640K)->533K(640K)
[6.021s][info][gc             ] GC(119) Pause Young (Allocation Failure) 927M->928M(1079M) 56.403ms
[6.021s][info][gc,cpu         ] GC(119) User=0.34s Sys=0.02s Real=0.06s
[6.045s][info][gc,start       ] GC(120) Pause Young (Allocation Failure)
[6.069s][info][gc,heap        ] GC(120) PSYoungGen: 41088K(79872K)->21664K(80896K) Eden: 21504K(21504K)->0K(21504K) From: 19584K(58368K)->21664K(59392K)
[6.069s][info][gc,heap        ] GC(120) ParOldGen: 930955K(1025536K)->950675K(1025536K)
[6.069s][info][gc,metaspace   ] GC(120) Metaspace: 6298K(6464K)->6298K(6464K) NonClass: 5764K(5824K)->5764K(5824K) Class: 533K(640K)->533K(640K)
[6.069s][info][gc             ] GC(120) Pause Young (Allocation Failure) 949M->949M(1080M) 23.865ms
[6.069s][info][gc,cpu         ] GC(120) User=0.14s Sys=0.00s Real=0.02s
[6.093s][info][gc,start       ] GC(121) Pause Young (Allocation Failure)
[6.118s][info][gc,heap        ] GC(121) PSYoungGen: 43168K(80896K)->21632K(78848K) Eden: 21504K(21504K)->0K(24064K) From: 21664K(59392K)->21632K(54784K)
[6.118s][info][gc,heap        ] GC(121) ParOldGen: 950675K(1025536K)->972491K(1025536K)
[6.118s][info][gc,metaspace   ] GC(121) Metaspace: 6298K(6464K)->6298K(6464K) NonClass: 5764K(5824K)->5764K(5824K) Class: 533K(640K)->533K(640K)
[6.118s][info][gc             ] GC(121) Pause Young (Allocation Failure) 970M->970M(1078M) 25.281ms
[6.118s][info][gc,cpu         ] GC(121) User=0.12s Sys=0.00s Real=0.02s
[6.145s][info][gc,start       ] GC(122) Pause Young (Allocation Failure)
[6.171s][info][gc,heap        ] GC(122) PSYoungGen: 45696K(78848K)->24256K(80384K) Eden: 24064K(24064K)->0K(24064K) From: 21632K(54784K)->24256K(56320K)
[6.171s][info][gc,heap        ] GC(122) ParOldGen: 972491K(1025536K)->994299K(1025536K)
[6.171s][info][gc,metaspace   ] GC(122) Metaspace: 6298K(6464K)->6298K(6464K) NonClass: 5764K(5824K)->5764K(5824K) Class: 533K(640K)->533K(640K)
[6.171s][info][gc             ] GC(122) Pause Young (Allocation Failure) 994M->994M(1080M) 25.954ms
[6.171s][info][gc,cpu         ] GC(122) User=0.06s Sys=0.05s Real=0.03s
[6.171s][info][gc,start       ] GC(123) Pause Full (Ergonomics)
[6.171s][info][gc,phases,start] GC(123) Marking Phase
[6.398s][info][gc,phases      ] GC(123) Marking Phase 227.040ms
[6.398s][info][gc,phases,start] GC(123) Summary Phase
[6.399s][info][gc,phases      ] GC(123) Summary Phase 0.038ms
[6.399s][info][gc,phases,start] GC(123) Adjust Roots
[6.399s][info][gc,phases      ] GC(123) Adjust Roots 0.238ms
[6.399s][info][gc,phases,start] GC(123) Compaction Phase
[6.522s][info][gc,phases      ] GC(123) Compaction Phase 123.137ms
[6.522s][info][gc,phases,start] GC(123) Post Compact
[6.524s][info][gc,phases      ] GC(123) Post Compact 2.091ms
[6.525s][info][gc,heap        ] GC(123) PSYoungGen: 24256K(80384K)->0K(80896K) Eden: 0K(24064K)->0K(26624K) From: 24256K(56320K)->0K(54272K)
[6.525s][info][gc,heap        ] GC(123) ParOldGen: 994299K(1025536K)->1017150K(1132544K)
[6.525s][info][gc,metaspace   ] GC(123) Metaspace: 6298K(6464K)->6298K(6464K) NonClass: 5764K(5824K)->5764K(5824K) Class: 533K(640K)->533K(640K)
[6.525s][info][gc             ] GC(123) Pause Full (Ergonomics) 994M->993M(1185M) 353.293ms
[6.525s][info][gc,cpu         ] GC(123) User=2.23s Sys=0.02s Real=0.35s
[6.555s][info][gc,start       ] GC(124) Pause Young (Allocation Failure)
[6.577s][info][gc,heap        ] GC(124) PSYoungGen: 26624K(80896K)->26816K(80896K) Eden: 26624K(26624K)->0K(26624K) From: 0K(54272K)->26816K(54272K)
[6.577s][info][gc,heap        ] GC(124) ParOldGen: 1017150K(1132544K)->1017150K(1132544K)
[6.577s][info][gc,metaspace   ] GC(124) Metaspace: 6298K(6464K)->6298K(6464K) NonClass: 5764K(5824K)->5764K(5824K) Class: 533K(640K)->533K(640K)
[6.577s][info][gc             ] GC(124) Pause Young (Allocation Failure) 1019M->1019M(1185M) 22.496ms
[6.577s][info][gc,cpu         ] GC(124) User=0.02s Sys=0.00s Real=0.02s
[6.608s][info][gc,start       ] GC(125) Pause Young (Allocation Failure)
[6.636s][info][gc,heap        ] GC(125) PSYoungGen: 53440K(80896K)->52224K(74752K) Eden: 26624K(26624K)->0K(22528K) From: 26816K(54272K)->52224K(52224K)
[6.636s][info][gc,heap        ] GC(125) ParOldGen: 1017150K(1132544K)->1018278K(1132544K)
[6.636s][info][gc,metaspace   ] GC(125) Metaspace: 6298K(6464K)->6298K(6464K) NonClass: 5764K(5824K)->5764K(5824K) Class: 533K(640K)->533K(640K)
[6.636s][info][gc             ] GC(125) Pause Young (Allocation Failure) 1045M->1045M(1179M) 28.430ms
[6.636s][info][gc,cpu         ] GC(125) User=0.14s Sys=0.00s Real=0.03s
[6.662s][info][gc,start       ] GC(126) Pause Young (Allocation Failure)
[6.701s][info][gc,heap        ] GC(126) PSYoungGen: 74752K(74752K)->22656K(81408K) Eden: 22528K(22528K)->0K(22528K) From: 52224K(52224K)->22656K(58880K)
[6.702s][info][gc,heap        ] GC(126) ParOldGen: 1018278K(1132544K)->1071134K(1132544K)
[6.702s][info][gc,metaspace   ] GC(126) Metaspace: 6298K(6464K)->6298K(6464K) NonClass: 5764K(5824K)->5764K(5824K) Class: 533K(640K)->533K(640K)
[6.702s][info][gc             ] GC(126) Pause Young (Allocation Failure) 1067M->1068M(1185M) 39.114ms
[6.702s][info][gc,cpu         ] GC(126) User=0.25s Sys=0.00s Real=0.04s
[6.728s][info][gc,start       ] GC(127) Pause Young (Allocation Failure)
[6.753s][info][gc,heap        ] GC(127) PSYoungGen: 45184K(81408K)->45184K(79360K) Eden: 22528K(22528K)->0K(22016K) From: 22656K(58880K)->45184K(57344K)
[6.753s][info][gc,heap        ] GC(127) ParOldGen: 1071134K(1132544K)->1071134K(1132544K)
[6.753s][info][gc,metaspace   ] GC(127) Metaspace: 6298K(6464K)->6298K(6464K) NonClass: 5764K(5824K)->5764K(5824K) Class: 533K(640K)->533K(640K)
[6.754s][info][gc             ] GC(127) Pause Young (Allocation Failure) 1090M->1090M(1183M) 25.699ms
[6.754s][info][gc,cpu         ] GC(127) User=0.14s Sys=0.00s Real=0.03s
[6.778s][info][gc,start       ] GC(128) Pause Young (Allocation Failure)
[6.814s][info][gc,heap        ] GC(128) PSYoungGen: 67200K(79360K)->60416K(82432K) Eden: 22016K(22016K)->0K(22016K) From: 45184K(57344K)->60416K(60416K)
[6.814s][info][gc,heap        ] GC(128) ParOldGen: 1071134K(1132544K)->1077950K(1132544K)
[6.814s][info][gc,metaspace   ] GC(128) Metaspace: 6298K(6464K)->6298K(6464K) NonClass: 5764K(5824K)->5764K(5824K) Class: 533K(640K)->533K(640K)
[6.814s][info][gc             ] GC(128) Pause Young (Allocation Failure) 1111M->1111M(1186M) 35.856ms
[6.814s][info][gc,cpu         ] GC(128) User=0.23s Sys=0.00s Real=0.04s
[6.838s][info][gc,start       ] GC(129) Pause Young (Allocation Failure)
[6.883s][info][gc,heap        ] GC(129) PSYoungGen: 82432K(82432K)->42464K(94208K) Eden: 22016K(22016K)->0K(24576K) From: 60416K(60416K)->42464K(69632K)
[6.883s][info][gc,heap        ] GC(129) ParOldGen: 1077950K(1132544K)->1118598K(1132544K)
[6.883s][info][gc,metaspace   ] GC(129) Metaspace: 6298K(6464K)->6298K(6464K) NonClass: 5764K(5824K)->5764K(5824K) Class: 533K(640K)->533K(640K)
[6.883s][info][gc             ] GC(129) Pause Young (Allocation Failure) 1133M->1133M(1198M) 45.048ms
[6.883s][info][gc,cpu         ] GC(129) User=0.12s Sys=0.12s Real=0.04s
[6.883s][info][gc,start       ] GC(130) Pause Full (Ergonomics)
[6.883s][info][gc,phases,start] GC(130) Marking Phase
[7.237s][info][gc,phases      ] GC(130) Marking Phase 353.191ms
[7.237s][info][gc,phases,start] GC(130) Summary Phase
[7.237s][info][gc,phases      ] GC(130) Summary Phase 0.046ms
[7.237s][info][gc,phases,start] GC(130) Adjust Roots
[7.237s][info][gc,phases      ] GC(130) Adjust Roots 0.265ms
[7.237s][info][gc,phases,start] GC(130) Compaction Phase
[7.435s][info][gc,phases      ] GC(130) Compaction Phase 197.535ms
[7.435s][info][gc,phases,start] GC(130) Post Compact
[7.438s][info][gc,phases      ] GC(130) Post Compact 2.753ms
[7.438s][info][gc,heap        ] GC(130) PSYoungGen: 42464K(94208K)->26902K(94720K) Eden: 0K(24576K)->0K(25088K) From: 42464K(69632K)->26902K(69632K)
[7.438s][info][gc,heap        ] GC(130) ParOldGen: 1118598K(1132544K)->1132397K(1271296K)
[7.438s][info][gc,metaspace   ] GC(130) Metaspace: 6298K(6464K)->6298K(6464K) NonClass: 5764K(5824K)->5764K(5824K) Class: 533K(640K)->533K(640K)
[7.438s][info][gc             ] GC(130) Pause Full (Ergonomics) 1133M->1132M(1334M) 555.024ms
[7.439s][info][gc,cpu         ] GC(130) User=2.59s Sys=0.03s Real=0.56s
[7.489s][info][gc,start       ] GC(131) Pause Young (Allocation Failure)
[7.587s][info][gc,heap        ] GC(131) PSYoungGen: 51990K(94720K)->39456K(95232K) Eden: 25088K(25088K)->0K(25088K) From: 26902K(69632K)->39456K(70144K)
[7.587s][info][gc,heap        ] GC(131) ParOldGen: 1132397K(1271296K)->1145413K(1271296K)
[7.587s][info][gc,metaspace   ] GC(131) Metaspace: 6298K(6464K)->6298K(6464K) NonClass: 5764K(5824K)->5764K(5824K) Class: 533K(640K)->533K(640K)
[7.587s][info][gc             ] GC(131) Pause Young (Allocation Failure) 1156M->1157M(1334M) 98.258ms
[7.587s][info][gc,cpu         ] GC(131) User=0.41s Sys=0.02s Real=0.10s
[7.628s][info][gc,start       ] GC(132) Pause Young (Allocation Failure)
[7.684s][info][gc,heap        ] GC(132) PSYoungGen: 64544K(95232K)->64544K(88576K) Eden: 25088K(25088K)->0K(20480K) From: 39456K(70144K)->64544K(68096K)
[7.684s][info][gc,heap        ] GC(132) ParOldGen: 1145413K(1271296K)->1145413K(1271296K)
[7.684s][info][gc,metaspace   ] GC(132) Metaspace: 6298K(6464K)->6298K(6464K) NonClass: 5764K(5824K)->5764K(5824K) Class: 533K(640K)->533K(640K)
[7.684s][info][gc             ] GC(132) Pause Young (Allocation Failure) 1181M->1181M(1328M) 56.243ms
[7.684s][info][gc,cpu         ] GC(132) User=0.19s Sys=0.02s Real=0.06s
[7.711s][info][gc,start       ] GC(133) Pause Young (Allocation Failure)
[7.762s][info][gc,heap        ] GC(133) PSYoungGen: 85024K(88576K)->75264K(95744K) Eden: 20480K(20480K)->0K(20480K) From: 64544K(68096K)->75264K(75264K)
[7.763s][info][gc,heap        ] GC(133) ParOldGen: 1145413K(1271296K)->1155149K(1271296K)
[7.763s][info][gc,metaspace   ] GC(133) Metaspace: 6298K(6464K)->6298K(6464K) NonClass: 5764K(5824K)->5764K(5824K) Class: 533K(640K)->533K(640K)
[7.763s][info][gc             ] GC(133) Pause Young (Allocation Failure) 1201M->1201M(1335M) 51.903ms
[7.763s][info][gc,cpu         ] GC(133) User=0.20s Sys=0.02s Real=0.05s
[7.788s][info][gc,start       ] GC(134) Pause Young (Allocation Failure)
[7.842s][info][gc,heap        ] GC(134) PSYoungGen: 95744K(95744K)->60640K(109568K) Eden: 20480K(20480K)->0K(20992K) From: 75264K(75264K)->60640K(88576K)
[7.842s][info][gc,heap        ] GC(134) ParOldGen: 1155149K(1271296K)->1190861K(1271296K)
[7.842s][info][gc,metaspace   ] GC(134) Metaspace: 6298K(6464K)->6298K(6464K) NonClass: 5764K(5824K)->5764K(5824K) Class: 533K(640K)->533K(640K)
[7.842s][info][gc             ] GC(134) Pause Young (Allocation Failure) 1221M->1222M(1348M) 54.785ms
[7.842s][info][gc,cpu         ] GC(134) User=0.30s Sys=0.00s Real=0.06s
[7.867s][info][gc,start       ] GC(135) Pause Young (Allocation Failure)
[7.914s][info][gc,heap        ] GC(135) PSYoungGen: 81632K(109568K)->60224K(111616K) Eden: 20992K(20992K)->0K(20992K) From: 60640K(88576K)->60224K(90624K)
[7.914s][info][gc,heap        ] GC(135) ParOldGen: 1190861K(1271296K)->1212525K(1271296K)
[7.914s][info][gc,metaspace   ] GC(135) Metaspace: 6298K(6464K)->6298K(6464K) NonClass: 5764K(5824K)->5764K(5824K) Class: 533K(640K)->533K(640K)
[7.914s][info][gc             ] GC(135) Pause Young (Allocation Failure) 1242M->1242M(1350M) 46.396ms
[7.914s][info][gc,cpu         ] GC(135) User=0.19s Sys=0.03s Real=0.05s
[7.942s][info][gc,start       ] GC(136) Pause Young (Allocation Failure)
[7.986s][info][gc,heap        ] GC(136) PSYoungGen: 81216K(111616K)->62624K(114176K) Eden: 20992K(20992K)->0K(22528K) From: 60224K(90624K)->62624K(91648K)
[7.986s][info][gc,heap        ] GC(136) ParOldGen: 1212525K(1271296K)->1231421K(1271296K)
[7.986s][info][gc,metaspace   ] GC(136) Metaspace: 6298K(6464K)->6298K(6464K) NonClass: 5764K(5824K)->5764K(5824K) Class: 533K(640K)->533K(640K)
[7.986s][info][gc             ] GC(136) Pause Young (Allocation Failure) 1263M->1263M(1353M) 44.646ms
[7.986s][info][gc,cpu         ] GC(136) User=0.23s Sys=0.00s Real=0.05s
[7.986s][info][gc,start       ] GC(137) Pause Full (Ergonomics)
[7.986s][info][gc,phases,start] GC(137) Marking Phase
[8.288s][info][gc,phases      ] GC(137) Marking Phase 301.406ms
[8.288s][info][gc,phases,start] GC(137) Summary Phase
[8.288s][info][gc,phases      ] GC(137) Summary Phase 0.055ms
[8.288s][info][gc,phases,start] GC(137) Adjust Roots
[8.288s][info][gc,phases      ] GC(137) Adjust Roots 0.215ms
[8.288s][info][gc,phases,start] GC(137) Compaction Phase
[8.408s][info][gc,phases      ] GC(137) Compaction Phase 119.347ms
[8.408s][info][gc,phases,start] GC(137) Post Compact
[8.410s][info][gc,phases      ] GC(137) Post Compact 2.459ms
[8.411s][info][gc,heap        ] GC(137) PSYoungGen: 62624K(114176K)->20990K(114176K) Eden: 0K(22528K)->0K(22528K) From: 62624K(91648K)->20990K(91648K)
[8.411s][info][gc,heap        ] GC(137) ParOldGen: 1231421K(1271296K)->1271251K(1413632K)
[8.411s][info][gc,metaspace   ] GC(137) Metaspace: 6298K(6464K)->6298K(6464K) NonClass: 5764K(5824K)->5764K(5824K) Class: 533K(640K)->533K(640K)
[8.411s][info][gc             ] GC(137) Pause Full (Ergonomics) 1263M->1261M(1492M) 424.419ms
[8.411s][info][gc,cpu         ] GC(137) User=2.89s Sys=0.00s Real=0.42s
[8.435s][info][gc,start       ] GC(138) Pause Young (Allocation Failure)
[8.515s][info][gc,heap        ] GC(138) PSYoungGen: 43518K(114176K)->28704K(115712K) Eden: 22528K(22528K)->0K(22528K) From: 20990K(91648K)->28704K(93184K)
[8.515s][info][gc,heap        ] GC(138) ParOldGen: 1271251K(1413632K)->1279795K(1413632K)
[8.515s][info][gc,metaspace   ] GC(138) Metaspace: 6298K(6464K)->6298K(6464K) NonClass: 5764K(5824K)->5764K(5824K) Class: 533K(640K)->533K(640K)
[8.515s][info][gc             ] GC(138) Pause Young (Allocation Failure) 1283M->1277M(1493M) 79.515ms
[8.515s][info][gc,cpu         ] GC(138) User=0.42s Sys=0.05s Real=0.08s
[8.534s][info][gc,start       ] GC(139) Pause Young (Allocation Failure)
[8.559s][info][gc,heap        ] GC(139) PSYoungGen: 51232K(115712K)->34080K(112128K) Eden: 22528K(22528K)->0K(25088K) From: 28704K(93184K)->34080K(87040K)
[8.559s][info][gc,heap        ] GC(139) ParOldGen: 1279795K(1413632K)->1286211K(1413632K)
[8.559s][info][gc,metaspace   ] GC(139) Metaspace: 6298K(6464K)->6298K(6464K) NonClass: 5764K(5824K)->5764K(5824K) Class: 533K(640K)->533K(640K)
[8.559s][info][gc             ] GC(139) Pause Young (Allocation Failure) 1299M->1289M(1490M) 25.293ms
[8.559s][info][gc,cpu         ] GC(139) User=0.12s Sys=0.00s Real=0.03s
[8.592s][info][gc,start       ] GC(140) Pause Young (Allocation Failure)
[8.626s][info][gc,heap        ] GC(140) PSYoungGen: 59168K(112128K)->52000K(114688K) Eden: 25088K(25088K)->0K(25088K) From: 34080K(87040K)->52000K(89600K)
[8.626s][info][gc,heap        ] GC(140) ParOldGen: 1286211K(1413632K)->1292603K(1413632K)
[8.626s][info][gc,metaspace   ] GC(140) Metaspace: 6298K(6464K)->6298K(6464K) NonClass: 5764K(5824K)->5764K(5824K) Class: 533K(640K)->533K(640K)
[8.626s][info][gc             ] GC(140) Pause Young (Allocation Failure) 1313M->1313M(1492M) 34.053ms
[8.626s][info][gc,cpu         ] GC(140) User=0.16s Sys=0.00s Real=0.03s
[8.656s][info][gc,start       ] GC(141) Pause Young (Allocation Failure)
[8.698s][info][gc,heap        ] GC(141) PSYoungGen: 77088K(114688K)->61120K(114176K) Eden: 25088K(25088K)->0K(26624K) From: 52000K(89600K)->61120K(87552K)
[8.698s][info][gc,heap        ] GC(141) ParOldGen: 1292603K(1413632K)->1308803K(1413632K)
[8.698s][info][gc,metaspace   ] GC(141) Metaspace: 6298K(6464K)->6298K(6464K) NonClass: 5764K(5824K)->5764K(5824K) Class: 533K(640K)->533K(640K)
[8.698s][info][gc             ] GC(141) Pause Young (Allocation Failure) 1337M->1337M(1492M) 41.337ms
[8.698s][info][gc,cpu         ] GC(141) User=0.25s Sys=0.00s Real=0.04s
[8.731s][info][gc,start       ] GC(142) Pause Young (Allocation Failure)
[8.779s][info][gc,heap        ] GC(142) PSYoungGen: 87744K(114176K)->76096K(115712K) Eden: 26624K(26624K)->0K(26624K) From: 61120K(87552K)->76096K(89088K)
[8.779s][info][gc,heap        ] GC(142) ParOldGen: 1308803K(1413632K)->1320675K(1413632K)
[8.779s][info][gc,metaspace   ] GC(142) Metaspace: 6298K(6464K)->6298K(6464K) NonClass: 5764K(5824K)->5764K(5824K) Class: 533K(640K)->533K(640K)
[8.779s][info][gc             ] GC(142) Pause Young (Allocation Failure) 1363M->1364M(1493M) 47.737ms
[8.779s][info][gc,cpu         ] GC(142) User=0.27s Sys=0.00s Real=0.05s
[9.039s][info][gc,start       ] GC(143) Pause Full (Ergonomics)
[9.039s][info][gc,phases,start] GC(143) Marking Phase
[9.389s][info][gc,phases      ] GC(143) Marking Phase 350.154ms
[9.389s][info][gc,phases,start] GC(143) Summary Phase
[9.389s][info][gc,phases      ] GC(143) Summary Phase 0.030ms
[9.389s][info][gc,phases,start] GC(143) Adjust Roots
[9.389s][info][gc,phases      ] GC(143) Adjust Roots 0.275ms
[9.389s][info][gc,phases,start] GC(143) Compaction Phase
[9.738s][info][gc,phases      ] GC(143) Compaction Phase 348.601ms
[9.738s][info][gc,phases,start] GC(143) Post Compact
[9.741s][info][gc,phases      ] GC(143) Post Compact 3.057ms
[9.742s][info][gc,heap        ] GC(143) PSYoungGen: 102720K(115712K)->41543K(115712K) Eden: 26624K(26624K)->0K(26624K) From: 76096K(89088K)->41543K(89088K)
[9.742s][info][gc,heap        ] GC(143) ParOldGen: 1386211K(1413632K)->1413456K(1558016K)
[9.742s][info][gc,metaspace   ] GC(143) Metaspace: 6298K(6464K)->6298K(6464K) NonClass: 5764K(5824K)->5764K(5824K) Class: 533K(640K)->533K(640K)
[9.742s][info][gc             ] GC(143) Pause Full (Ergonomics) 1454M->1420M(1634M) 703.095ms
[9.742s][info][gc,cpu         ] GC(143) User=4.19s Sys=0.03s Real=0.70s
[9.769s][info][gc,start       ] GC(144) Pause Young (Allocation Failure)
[9.861s][info][gc,heap        ] GC(144) PSYoungGen: 68167K(115712K)->56608K(120320K) Eden: 26624K(26624K)->0K(29184K) From: 41543K(89088K)->56608K(91136K)
[9.861s][info][gc,heap        ] GC(144) ParOldGen: 1413456K(1558016K)->1425456K(1558016K)
[9.861s][info][gc,metaspace   ] GC(144) Metaspace: 6298K(6464K)->6298K(6464K) NonClass: 5764K(5824K)->5764K(5824K) Class: 533K(640K)->533K(640K)
[9.861s][info][gc             ] GC(144) Pause Young (Allocation Failure) 1446M->1447M(1639M) 91.910ms
[9.861s][info][gc,cpu         ] GC(144) User=0.44s Sys=0.00s Real=0.09s
[9.887s][info][gc,start       ] GC(145) Pause Young (Allocation Failure)
[9.934s][info][gc,heap        ] GC(145) PSYoungGen: 85792K(120320K)->85792K(122880K) Eden: 29184K(29184K)->0K(29184K) From: 56608K(91136K)->85792K(93696K)
[9.934s][info][gc,heap        ] GC(145) ParOldGen: 1425456K(1558016K)->1425456K(1558016K)
[9.934s][info][gc,metaspace   ] GC(145) Metaspace: 6298K(6464K)->6298K(6464K) NonClass: 5764K(5824K)->5764K(5824K) Class: 533K(640K)->533K(640K)
[9.934s][info][gc             ] GC(145) Pause Young (Allocation Failure) 1475M->1475M(1641M) 46.528ms
[9.934s][info][gc,cpu         ] GC(145) User=0.17s Sys=0.00s Real=0.05s
[9.963s][info][gc,start       ] GC(146) Pause Young (Allocation Failure)
[10.019s][info][gc,heap        ] GC(146) PSYoungGen: 114976K(122880K)->99520K(122880K) Eden: 29184K(29184K)->0K(20480K) From: 85792K(93696K)->99520K(102400K)
[10.019s][info][gc,heap        ] GC(146) ParOldGen: 1425456K(1558016K)->1441136K(1558016K)
[10.019s][info][gc,metaspace   ] GC(146) Metaspace: 6298K(6464K)->6298K(6464K) NonClass: 5764K(5824K)->5764K(5824K) Class: 533K(640K)->533K(640K)
[10.019s][info][gc             ] GC(146) Pause Young (Allocation Failure) 1504M->1504M(1641M) 56.752ms
[10.020s][info][gc,cpu         ] GC(146) User=0.20s Sys=0.05s Real=0.06s
[10.041s][info][gc,start       ] GC(147) Pause Young (Allocation Failure)
[10.097s][info][gc,heap        ] GC(147) PSYoungGen: 120000K(122880K)->105632K(134656K) Eden: 20480K(20480K)->0K(20480K) From: 99520K(102400K)->105632K(114176K)
[10.097s][info][gc,heap        ] GC(147) ParOldGen: 1441136K(1558016K)->1455584K(1558016K)
[10.097s][info][gc,metaspace   ] GC(147) Metaspace: 6298K(6464K)->6298K(6464K) NonClass: 5764K(5824K)->5764K(5824K) Class: 533K(640K)->533K(640K)
[10.097s][info][gc             ] GC(147) Pause Young (Allocation Failure) 1524M->1524M(1653M) 56.781ms
[10.097s][info][gc,cpu         ] GC(147) User=0.39s Sys=0.00s Real=0.06s
[10.118s][info][gc,start       ] GC(148) Pause Young (Allocation Failure)
[10.178s][info][gc,heap        ] GC(148) PSYoungGen: 126112K(134656K)->99584K(141824K) Eden: 20480K(20480K)->0K(15872K) From: 105632K(114176K)->99584K(125952K)
[10.178s][info][gc,heap        ] GC(148) ParOldGen: 1455584K(1558016K)->1482544K(1558016K)
[10.178s][info][gc,metaspace   ] GC(148) Metaspace: 6298K(6464K)->6298K(6464K) NonClass: 5764K(5824K)->5764K(5824K) Class: 533K(640K)->533K(640K)
[10.178s][info][gc             ] GC(148) Pause Young (Allocation Failure) 1544M->1545M(1660M) 59.708ms
[10.178s][info][gc,cpu         ] GC(148) User=0.34s Sys=0.05s Real=0.06s
[10.194s][info][gc,start       ] GC(149) Pause Young (Allocation Failure)
[10.250s][info][gc,heap        ] GC(149) PSYoungGen: 115456K(141824K)->56960K(73216K) Eden: 15872K(15872K)->0K(15872K) From: 99584K(125952K)->56960K(57344K)
[10.250s][info][gc,heap        ] GC(149) ParOldGen: 1482544K(1558016K)->1541624K(1558016K)
[10.250s][info][gc,metaspace   ] GC(149) Metaspace: 6298K(6464K)->6298K(6464K) NonClass: 5764K(5824K)->5764K(5824K) Class: 533K(640K)->533K(640K)
[10.250s][info][gc             ] GC(149) Pause Young (Allocation Failure) 1560M->1561M(1593M) 55.851ms
[10.250s][info][gc,cpu         ] GC(149) User=0.33s Sys=0.05s Real=0.06s
[10.250s][info][gc,start       ] GC(150) Pause Full (Ergonomics)
[10.250s][info][gc,phases,start] GC(150) Marking Phase
[10.615s][info][gc,phases      ] GC(150) Marking Phase 364.935ms
[10.615s][info][gc,phases,start] GC(150) Summary Phase
[10.615s][info][gc,phases      ] GC(150) Summary Phase 0.028ms
[10.615s][info][gc,phases,start] GC(150) Adjust Roots
[10.615s][info][gc,phases      ] GC(150) Adjust Roots 0.184ms
[10.615s][info][gc,phases,start] GC(150) Compaction Phase
[10.801s][info][gc,phases      ] GC(150) Compaction Phase 186.286ms
[10.801s][info][gc,phases,start] GC(150) Post Compact
[10.805s][info][gc,phases      ] GC(150) Post Compact 3.110ms
[10.806s][info][gc,heap        ] GC(150) PSYoungGen: 56960K(73216K)->38850K(73216K) Eden: 0K(15872K)->0K(15872K) From: 56960K(57344K)->38850K(57344K)
[10.806s][info][gc,heap        ] GC(150) ParOldGen: 1541624K(1558016K)->1557786K(1725440K)
[10.806s][info][gc,metaspace   ] GC(150) Metaspace: 6298K(6464K)->6298K(6464K) NonClass: 5764K(5824K)->5764K(5824K) Class: 533K(640K)->533K(640K)
[10.806s][info][gc             ] GC(150) Pause Full (Ergonomics) 1561M->1559M(1756M) 555.751ms
[10.806s][info][gc,cpu         ] GC(150) User=3.55s Sys=0.02s Real=0.56s
[10.821s][info][gc,start       ] GC(151) Pause Young (Allocation Failure)
[10.913s][info][gc,heap        ] GC(151) PSYoungGen: 54722K(73216K)->26624K(145920K) Eden: 15872K(15872K)->0K(17920K) From: 38850K(57344K)->26624K(128000K)
[10.913s][info][gc,heap        ] GC(151) ParOldGen: 1557786K(1725440K)->1586434K(1725440K)
[10.913s][info][gc,metaspace   ] GC(151) Metaspace: 6298K(6464K)->6298K(6464K) NonClass: 5764K(5824K)->5764K(5824K) Class: 533K(640K)->533K(640K)
[10.913s][info][gc             ] GC(151) Pause Young (Allocation Failure) 1574M->1575M(1827M) 91.243ms
[10.913s][info][gc,cpu         ] GC(151) User=0.56s Sys=0.03s Real=0.09s
[10.931s][info][gc,start       ] GC(152) Pause Young (Allocation Failure)
[10.961s][info][gc,heap        ] GC(152) PSYoungGen: 44544K(145920K)->33920K(146432K) Eden: 17920K(17920K)->0K(17920K) From: 26624K(128000K)->33920K(128512K)
[10.961s][info][gc,heap        ] GC(152) ParOldGen: 1586434K(1725440K)->1597202K(1725440K)
[10.961s][info][gc,metaspace   ] GC(152) Metaspace: 6298K(6464K)->6298K(6464K) NonClass: 5764K(5824K)->5764K(5824K) Class: 533K(640K)->533K(640K)
[10.961s][info][gc             ] GC(152) Pause Young (Allocation Failure) 1592M->1592M(1828M) 29.880ms
[10.961s][info][gc,cpu         ] GC(152) User=0.12s Sys=0.00s Real=0.03s
[10.979s][info][gc,start       ] GC(153) Pause Young (Allocation Failure)
[11.011s][info][gc,heap        ] GC(153) PSYoungGen: 51840K(146432K)->35968K(141824K) Eden: 17920K(17920K)->0K(20480K) From: 33920K(128512K)->35968K(121344K)
[11.011s][info][gc,heap        ] GC(153) ParOldGen: 1597202K(1725440K)->1613282K(1725440K)
[11.011s][info][gc,metaspace   ] GC(153) Metaspace: 6298K(6464K)->6298K(6464K) NonClass: 5764K(5824K)->5764K(5824K) Class: 533K(640K)->533K(640K)
[11.011s][info][gc             ] GC(153) Pause Young (Allocation Failure) 1610M->1610M(1823M) 32.881ms
[11.011s][info][gc,cpu         ] GC(153) User=0.03s Sys=0.00s Real=0.03s
[11.031s][info][gc,start       ] GC(154) Pause Young (Allocation Failure)
[11.067s][info][gc,heap        ] GC(154) PSYoungGen: 56448K(141824K)->38560K(59392K) Eden: 20480K(20480K)->0K(20480K) From: 35968K(121344K)->38560K(38912K)
[11.067s][info][gc,heap        ] GC(154) ParOldGen: 1613282K(1725440K)->1631458K(1725440K)
[11.067s][info][gc,metaspace   ] GC(154) Metaspace: 6298K(6464K)->6298K(6464K) NonClass: 5764K(5824K)->5764K(5824K) Class: 533K(640K)->533K(640K)
[11.067s][info][gc             ] GC(154) Pause Young (Allocation Failure) 1630M->1630M(1743M) 35.741ms
[11.067s][info][gc,cpu         ] GC(154) User=0.11s Sys=0.00s Real=0.04s
[11.088s][info][gc,start       ] GC(155) Pause Young (Allocation Failure)
[11.125s][info][gc,heap        ] GC(155) PSYoungGen: 59040K(59392K)->20608K(141824K) Eden: 20480K(20480K)->0K(23040K) From: 38560K(38912K)->20608K(118784K)
[11.125s][info][gc,heap        ] GC(155) ParOldGen: 1631458K(1725440K)->1670362K(1725440K)
[11.125s][info][gc,metaspace   ] GC(155) Metaspace: 6298K(6464K)->6298K(6464K) NonClass: 5764K(5824K)->5764K(5824K) Class: 533K(640K)->533K(640K)
[11.125s][info][gc             ] GC(155) Pause Young (Allocation Failure) 1650M->1651M(1823M) 36.620ms
[11.125s][info][gc,cpu         ] GC(155) User=0.12s Sys=0.03s Real=0.04s
[11.150s][info][gc,start       ] GC(156) Pause Young (Allocation Failure)
[11.181s][info][gc,heap        ] GC(156) PSYoungGen: 43648K(141824K)->23200K(142848K) Eden: 23040K(23040K)->0K(23040K) From: 20608K(118784K)->23200K(119808K)
[11.181s][info][gc,heap        ] GC(156) ParOldGen: 1670362K(1725440K)->1691122K(1725440K)
[11.181s][info][gc,metaspace   ] GC(156) Metaspace: 6298K(6464K)->6298K(6464K) NonClass: 5764K(5824K)->5764K(5824K) Class: 533K(640K)->533K(640K)
[11.181s][info][gc             ] GC(156) Pause Young (Allocation Failure) 1673M->1674M(1824M) 31.389ms
[11.181s][info][gc,cpu         ] GC(156) User=0.02s Sys=0.00s Real=0.03s
[11.181s][info][gc,start       ] GC(157) Pause Full (Ergonomics)
[11.181s][info][gc,phases,start] GC(157) Marking Phase
[11.587s][info][gc,phases      ] GC(157) Marking Phase 405.842ms
[11.587s][info][gc,phases,start] GC(157) Summary Phase
[11.587s][info][gc,phases      ] GC(157) Summary Phase 0.040ms
[11.587s][info][gc,phases,start] GC(157) Adjust Roots
[11.588s][info][gc,phases      ] GC(157) Adjust Roots 0.179ms
[11.588s][info][gc,phases,start] GC(157) Compaction Phase
[11.760s][info][gc,phases      ] GC(157) Compaction Phase 172.845ms
[11.761s][info][gc,phases,start] GC(157) Post Compact
[11.764s][info][gc,phases      ] GC(157) Post Compact 3.292ms
[11.764s][info][gc,heap        ] GC(157) PSYoungGen: 23200K(142848K)->0K(144384K) Eden: 0K(23040K)->0K(26112K) From: 23200K(119808K)->0K(118272K)
[11.764s][info][gc,heap        ] GC(157) ParOldGen: 1691122K(1725440K)->1712161K(1888768K)
[11.765s][info][gc,metaspace   ] GC(157) Metaspace: 6298K(6464K)->6298K(6464K) NonClass: 5764K(5824K)->5764K(5824K) Class: 533K(640K)->533K(640K)
[11.765s][info][gc             ] GC(157) Pause Full (Ergonomics) 1674M->1672M(1985M) 583.113ms
[11.765s][info][gc,cpu         ] GC(157) User=4.05s Sys=0.00s Real=0.58s
[11.795s][info][gc,start       ] GC(158) Pause Young (Allocation Failure)
[11.820s][info][gc,heap        ] GC(158) PSYoungGen: 26112K(144384K)->26272K(52736K) Eden: 26112K(26112K)->0K(26112K) From: 0K(118272K)->26272K(26624K)
[11.820s][info][gc,heap        ] GC(158) ParOldGen: 1712161K(1888768K)->1712161K(1888768K)
[11.820s][info][gc,metaspace   ] GC(158) Metaspace: 6298K(6464K)->6298K(6464K) NonClass: 5764K(5824K)->5764K(5824K) Class: 533K(640K)->533K(640K)
[11.820s][info][gc             ] GC(158) Pause Young (Allocation Failure) 1697M->1697M(1896M) 24.969ms
[11.820s][info][gc,cpu         ] GC(158) User=0.03s Sys=0.00s Real=0.03s
[11.850s][info][gc,start       ] GC(159) Pause Young (Allocation Failure)
[11.886s][info][gc,heap        ] GC(159) PSYoungGen: 52384K(52736K)->52384K(134656K) Eden: 26112K(26112K)->0K(29184K) From: 26272K(26624K)->52384K(105472K)
[11.886s][info][gc,heap        ] GC(159) ParOldGen: 1712161K(1888768K)->1712161K(1888768K)
[11.886s][info][gc,metaspace   ] GC(159) Metaspace: 6298K(6464K)->6298K(6464K) NonClass: 5764K(5824K)->5764K(5824K) Class: 533K(640K)->533K(640K)
[11.886s][info][gc             ] GC(159) Pause Young (Allocation Failure) 1723M->1723M(1976M) 35.998ms
[11.886s][info][gc,cpu         ] GC(159) User=0.11s Sys=0.00s Real=0.04s
[11.917s][info][gc,start       ] GC(160) Pause Young (Allocation Failure)
[11.959s][info][gc,heap        ] GC(160) PSYoungGen: 81568K(134656K)->81664K(139264K) Eden: 29184K(29184K)->0K(29184K) From: 52384K(105472K)->81664K(110080K)
[11.959s][info][gc,heap        ] GC(160) ParOldGen: 1712161K(1888768K)->1712161K(1888768K)
[11.959s][info][gc,metaspace   ] GC(160) Metaspace: 6298K(6464K)->6298K(6464K) NonClass: 5764K(5824K)->5764K(5824K) Class: 533K(640K)->533K(640K)
[11.959s][info][gc             ] GC(160) Pause Young (Allocation Failure) 1751M->1751M(1980M) 41.804ms
[11.959s][info][gc,cpu         ] GC(160) User=0.27s Sys=0.00s Real=0.04s
[11.991s][info][gc,start       ] GC(161) Pause Young (Allocation Failure)
[12.045s][info][gc,heap        ] GC(161) PSYoungGen: 110848K(139264K)->84736K(142848K) Eden: 29184K(29184K)->0K(26112K) From: 81664K(110080K)->84736K(116736K)
[12.045s][info][gc,heap        ] GC(161) ParOldGen: 1712161K(1888768K)->1738641K(1888768K)
[12.045s][info][gc,metaspace   ] GC(161) Metaspace: 6298K(6464K)->6298K(6464K) NonClass: 5764K(5824K)->5764K(5824K) Class: 533K(640K)->533K(640K)
[12.045s][info][gc             ] GC(161) Pause Young (Allocation Failure) 1780M->1780M(1984M) 54.224ms
[12.045s][info][gc,cpu         ] GC(161) User=0.30s Sys=0.05s Real=0.06s
[12.073s][info][gc,start       ] GC(162) Pause Young (Allocation Failure)
[12.127s][info][gc,heap        ] GC(162) PSYoungGen: 110848K(142848K)->84704K(148992K) Eden: 26112K(26112K)->0K(26112K) From: 84736K(116736K)->84704K(122880K)
[12.127s][info][gc,heap        ] GC(162) ParOldGen: 1738641K(1888768K)->1765113K(1888768K)
[12.127s][info][gc,metaspace   ] GC(162) Metaspace: 6298K(6464K)->6298K(6464K) NonClass: 5764K(5824K)->5764K(5824K) Class: 533K(640K)->533K(640K)
[12.127s][info][gc             ] GC(162) Pause Young (Allocation Failure) 1806M->1806M(1990M) 54.302ms
[12.127s][info][gc,cpu         ] GC(162) User=0.34s Sys=0.02s Real=0.05s
[12.157s][info][gc,start       ] GC(163) Pause Young (Allocation Failure)
[12.211s][info][gc,heap        ] GC(163) PSYoungGen: 110816K(148992K)->81664K(155136K) Eden: 26112K(26112K)->0K(27648K) From: 84704K(122880K)->81664K(127488K)
[12.211s][info][gc,heap        ] GC(163) ParOldGen: 1765113K(1888768K)->1794689K(1888768K)
[12.212s][info][gc,metaspace   ] GC(163) Metaspace: 6298K(6464K)->6298K(6464K) NonClass: 5764K(5824K)->5764K(5824K) Class: 533K(640K)->533K(640K)
[12.212s][info][gc             ] GC(163) Pause Young (Allocation Failure) 1831M->1832M(1996M) 54.809ms
[12.212s][info][gc,cpu         ] GC(163) User=0.36s Sys=0.02s Real=0.06s
[12.246s][info][gc,start       ] GC(164) Pause Young (Allocation Failure)
[12.300s][info][gc,heap        ] GC(164) PSYoungGen: 109312K(155136K)->80064K(157184K) Eden: 27648K(27648K)->0K(27648K) From: 81664K(127488K)->80064K(129536K)
[12.300s][info][gc,heap        ] GC(164) ParOldGen: 1794689K(1888768K)->1824273K(1888768K)
[12.300s][info][gc,metaspace   ] GC(164) Metaspace: 6298K(6464K)->6298K(6464K) NonClass: 5764K(5824K)->5764K(5824K) Class: 533K(640K)->533K(640K)
[12.300s][info][gc             ] GC(164) Pause Young (Allocation Failure) 1859M->1859M(1998M) 53.631ms
[12.300s][info][gc,cpu         ] GC(164) User=0.38s Sys=0.02s Real=0.05s
[12.329s][info][gc,start       ] GC(165) Pause Young (Allocation Failure)
[12.382s][info][gc,heap        ] GC(165) PSYoungGen: 107712K(157184K)->81632K(160768K) Eden: 27648K(27648K)->0K(30720K) From: 80064K(129536K)->81632K(130048K)
[12.382s][info][gc,heap        ] GC(165) ParOldGen: 1824273K(1888768K)->1850713K(1888768K)
[12.382s][info][gc,metaspace   ] GC(165) Metaspace: 6298K(6464K)->6298K(6464K) NonClass: 5764K(5824K)->5764K(5824K) Class: 533K(640K)->533K(640K)
[12.382s][info][gc             ] GC(165) Pause Young (Allocation Failure) 1886M->1887M(2001M) 52.625ms
[12.382s][info][gc,cpu         ] GC(165) User=0.34s Sys=0.03s Real=0.05s
[12.382s][info][gc,start       ] GC(166) Pause Full (Ergonomics)
[12.382s][info][gc,phases,start] GC(166) Marking Phase
[12.891s][info][gc,phases      ] GC(166) Marking Phase 509.057ms
[12.891s][info][gc,phases,start] GC(166) Summary Phase
[12.891s][info][gc,phases      ] GC(166) Summary Phase 0.047ms
[12.891s][info][gc,phases,start] GC(166) Adjust Roots
[12.891s][info][gc,phases      ] GC(166) Adjust Roots 0.289ms
[12.891s][info][gc,phases,start] GC(166) Compaction Phase
[13.111s][info][gc,phases      ] GC(166) Compaction Phase 219.942ms
[13.111s][info][gc,phases,start] GC(166) Post Compact
[13.115s][info][gc,phases      ] GC(166) Post Compact 3.913ms
[13.116s][info][gc,heap        ] GC(166) PSYoungGen: 81632K(160768K)->41462K(160768K) Eden: 0K(30720K)->0K(30720K) From: 81632K(130048K)->41462K(130048K)
[13.116s][info][gc,heap        ] GC(166) ParOldGen: 1850713K(1888768K)->1888571K(2080256K)
[13.116s][info][gc,metaspace   ] GC(166) Metaspace: 6298K(6464K)->6298K(6464K) NonClass: 5764K(5824K)->5764K(5824K) Class: 533K(640K)->533K(640K)
[13.116s][info][gc             ] GC(166) Pause Full (Ergonomics) 1887M->1884M(2188M) 734.371ms
[13.116s][info][gc,cpu         ] GC(166) User=4.39s Sys=0.00s Real=0.73s
[13.150s][info][gc,start       ] GC(167) Pause Young (Allocation Failure)
[13.279s][info][gc,heap        ] GC(167) PSYoungGen: 72182K(160768K)->46528K(77312K) Eden: 30720K(30720K)->0K(30720K) From: 41462K(130048K)->46528K(46592K)
[13.279s][info][gc,heap        ] GC(167) ParOldGen: 1888571K(2080256K)->1914795K(2080256K)
[13.279s][info][gc,metaspace   ] GC(167) Metaspace: 6298K(6464K)->6298K(6464K) NonClass: 5764K(5824K)->5764K(5824K) Class: 533K(640K)->533K(640K)
[13.279s][info][gc             ] GC(167) Pause Young (Allocation Failure) 1914M->1915M(2107M) 128.982ms
[13.279s][info][gc,cpu         ] GC(167) User=0.77s Sys=0.00s Real=0.13s
[13.318s][info][gc,start       ] GC(168) Pause Young (Allocation Failure)
[13.365s][info][gc,heap        ] GC(168) PSYoungGen: 77248K(77312K)->77280K(159744K) Eden: 30720K(30720K)->0K(34304K) From: 46528K(46592K)->77280K(125440K)
[13.365s][info][gc,heap        ] GC(168) ParOldGen: 1914795K(2080256K)->1914795K(2080256K)
[13.365s][info][gc,metaspace   ] GC(168) Metaspace: 6298K(6464K)->6298K(6464K) NonClass: 5764K(5824K)->5764K(5824K) Class: 533K(640K)->533K(640K)
[13.365s][info][gc             ] GC(168) Pause Young (Allocation Failure) 1945M->1945M(2187M) 46.840ms
[13.365s][info][gc,cpu         ] GC(168) User=0.25s Sys=0.00s Real=0.05s
[13.407s][info][gc,start       ] GC(169) Pause Young (Allocation Failure)
[13.472s][info][gc,heap        ] GC(169) PSYoungGen: 111584K(159744K)->95968K(160256K) Eden: 34304K(34304K)->0K(34304K) From: 77280K(125440K)->95968K(125952K)
[13.472s][info][gc,heap        ] GC(169) ParOldGen: 1914795K(2080256K)->1930651K(2080256K)
[13.472s][info][gc,metaspace   ] GC(169) Metaspace: 6298K(6464K)->6298K(6464K) NonClass: 5764K(5824K)->5764K(5824K) Class: 533K(640K)->533K(640K)
[13.472s][info][gc             ] GC(169) Pause Young (Allocation Failure) 1978M->1979M(2188M) 65.914ms
[13.472s][info][gc,cpu         ] GC(169) User=0.28s Sys=0.00s Real=0.07s
[13.513s][info][gc,start       ] GC(170) Pause Young (Allocation Failure)
[13.586s][info][gc,heap        ] GC(170) PSYoungGen: 130272K(160256K)->99584K(164864K) Eden: 34304K(34304K)->0K(32768K) From: 95968K(125952K)->99584K(132096K)
[13.586s][info][gc,heap        ] GC(170) ParOldGen: 1930651K(2080256K)->1961803K(2080256K)
[13.586s][info][gc,metaspace   ] GC(170) Metaspace: 6298K(6464K)->6298K(6464K) NonClass: 5764K(5824K)->5764K(5824K) Class: 533K(640K)->533K(640K)
[13.586s][info][gc             ] GC(170) Pause Young (Allocation Failure) 2012M->2013M(2192M) 73.197ms
[13.586s][info][gc,cpu         ] GC(170) User=0.47s Sys=0.02s Real=0.07s
[13.620s][info][gc,start       ] GC(171) Pause Young (Allocation Failure)
[13.691s][info][gc,heap        ] GC(171) PSYoungGen: 132352K(164864K)->101632K(170496K) Eden: 32768K(32768K)->0K(32768K) From: 99584K(132096K)->101632K(137728K)
[13.691s][info][gc,heap        ] GC(171) ParOldGen: 1961803K(2080256K)->1992947K(2080256K)
[13.691s][info][gc,metaspace   ] GC(171) Metaspace: 6298K(6464K)->6298K(6464K) NonClass: 5764K(5824K)->5764K(5824K) Class: 533K(640K)->533K(640K)
[13.691s][info][gc             ] GC(171) Pause Young (Allocation Failure) 2045M->2045M(2198M) 71.458ms
[13.691s][info][gc,cpu         ] GC(171) User=0.45s Sys=0.03s Real=0.07s
[13.727s][info][gc,start       ] GC(172) Pause Young (Allocation Failure)
[13.802s][info][gc,heap        ] GC(172) PSYoungGen: 134400K(170496K)->100128K(176128K) Eden: 32768K(32768K)->0K(33792K) From: 101632K(137728K)->100128K(142336K)
[13.802s][info][gc,heap        ] GC(172) ParOldGen: 1992947K(2080256K)->2027723K(2080256K)
[13.802s][info][gc,metaspace   ] GC(172) Metaspace: 6298K(6464K)->6298K(6464K) NonClass: 5764K(5824K)->5764K(5824K) Class: 533K(640K)->533K(640K)
[13.802s][info][gc             ] GC(172) Pause Young (Allocation Failure) 2077M->2077M(2203M) 75.536ms
[13.802s][info][gc,cpu         ] GC(172) User=0.47s Sys=0.02s Real=0.08s
[13.837s][info][gc,start       ] GC(173) Pause Young (Allocation Failure)
[13.910s][info][gc,heap        ] GC(173) PSYoungGen: 133920K(176128K)->66784K(100864K) Eden: 33792K(33792K)->0K(33792K) From: 100128K(142336K)->66784K(67072K)
[13.910s][info][gc,heap        ] GC(173) ParOldGen: 2027723K(2080256K)->2095667K(2096128K)
[13.910s][info][gc,metaspace   ] GC(173) Metaspace: 6298K(6464K)->6298K(6464K) NonClass: 5764K(5824K)->5764K(5824K) Class: 533K(640K)->533K(640K)
[13.910s][info][gc             ] GC(173) Pause Young (Allocation Failure) 2110M->2111M(2145M) 72.948ms
[13.910s][info][gc,cpu         ] GC(173) User=0.44s Sys=0.05s Real=0.07s
[13.910s][info][gc,start       ] GC(174) Pause Full (Ergonomics)
[13.910s][info][gc,phases,start] GC(174) Marking Phase
[14.415s][info][gc,phases      ] GC(174) Marking Phase 504.760ms
[14.415s][info][gc,phases,start] GC(174) Summary Phase
[14.415s][info][gc,phases      ] GC(174) Summary Phase 0.033ms
[14.415s][info][gc,phases,start] GC(174) Adjust Roots
[14.415s][info][gc,phases      ] GC(174) Adjust Roots 0.166ms
[14.416s][info][gc,phases,start] GC(174) Compaction Phase
[14.643s][info][gc,phases      ] GC(174) Compaction Phase 227.400ms
[14.643s][info][gc,phases,start] GC(174) Post Compact
[14.647s][info][gc,phases      ] GC(174) Post Compact 4.060ms
[14.648s][info][gc,heap        ] GC(174) PSYoungGen: 66784K(100864K)->63433K(100864K) Eden: 0K(33792K)->0K(33792K) From: 66784K(67072K)->63433K(67072K)
[14.648s][info][gc,heap        ] GC(174) ParOldGen: 2095667K(2096128K)->2095762K(2319872K)
[14.648s][info][gc,metaspace   ] GC(174) Metaspace: 6298K(6464K)->6298K(6464K) NonClass: 5764K(5824K)->5764K(5824K) Class: 533K(640K)->533K(640K)
[14.648s][info][gc             ] GC(174) Pause Full (Ergonomics) 2111M->2108M(2364M) 737.574ms
[14.648s][info][gc,cpu         ] GC(174) User=5.11s Sys=0.02s Real=0.74s
[14.688s][info][gc,start       ] GC(175) Pause Young (Allocation Failure)
[14.835s][info][gc,heap        ] GC(175) PSYoungGen: 97225K(100864K)->33984K(178176K) Eden: 33792K(33792K)->0K(37888K) From: 63433K(67072K)->33984K(140288K)
[14.835s][info][gc,heap        ] GC(175) ParOldGen: 2095762K(2319872K)->2160074K(2319872K)
[14.835s][info][gc,metaspace   ] GC(175) Metaspace: 6298K(6464K)->6298K(6464K) NonClass: 5764K(5824K)->5764K(5824K) Class: 533K(640K)->533K(640K)
[14.835s][info][gc             ] GC(175) Pause Young (Allocation Failure) 2141M->2142M(2439M) 146.340ms
[14.835s][info][gc,cpu         ] GC(175) User=0.94s Sys=0.03s Real=0.15s
[14.886s][info][gc,start       ] GC(176) Pause Young (Allocation Failure)
[14.933s][info][gc,heap        ] GC(176) PSYoungGen: 71872K(178176K)->38080K(178688K) Eden: 37888K(37888K)->0K(37888K) From: 33984K(140288K)->38080K(140800K)
[14.933s][info][gc,heap        ] GC(176) ParOldGen: 2160074K(2319872K)->2194362K(2319872K)
[14.933s][info][gc,metaspace   ] GC(176) Metaspace: 6298K(6464K)->6298K(6464K) NonClass: 5764K(5824K)->5764K(5824K) Class: 533K(640K)->533K(640K)
[14.933s][info][gc             ] GC(176) Pause Young (Allocation Failure) 2179M->2180M(2440M) 47.106ms
[14.933s][info][gc,cpu         ] GC(176) User=0.22s Sys=0.02s Real=0.05s
[14.981s][info][gc,start       ] GC(177) Pause Young (Allocation Failure)
[15.026s][info][gc,heap        ] GC(177) PSYoungGen: 75968K(178688K)->38048K(177152K) Eden: 37888K(37888K)->0K(41984K) From: 38080K(140800K)->38048K(135168K)
[15.026s][info][gc,heap        ] GC(177) ParOldGen: 2194362K(2319872K)->2232802K(2319872K)
[15.026s][info][gc,metaspace   ] GC(177) Metaspace: 6298K(6464K)->6298K(6464K) NonClass: 5764K(5824K)->5764K(5824K) Class: 533K(640K)->533K(640K)
[15.027s][info][gc             ] GC(177) Pause Young (Allocation Failure) 2217M->2217M(2438M) 45.222ms
[15.027s][info][gc,cpu         ] GC(177) User=0.25s Sys=0.02s Real=0.05s
[15.074s][info][gc,start       ] GC(178) Pause Young (Allocation Failure)
[15.121s][info][gc,heap        ] GC(178) PSYoungGen: 80032K(177152K)->42176K(179200K) Eden: 41984K(41984K)->0K(41984K) From: 38048K(135168K)->42176K(137216K)
[15.121s][info][gc,heap        ] GC(178) ParOldGen: 2232802K(2319872K)->2271122K(2319872K)
[15.121s][info][gc,metaspace   ] GC(178) Metaspace: 6298K(6464K)->6298K(6464K) NonClass: 5764K(5824K)->5764K(5824K) Class: 533K(640K)->533K(640K)
[15.121s][info][gc             ] GC(178) Pause Young (Allocation Failure) 2258M->2259M(2440M) 46.949ms
[15.121s][info][gc,cpu         ] GC(178) User=0.22s Sys=0.03s Real=0.05s
[15.121s][info][gc,start       ] GC(179) Pause Full (Ergonomics)
[15.121s][info][gc,phases,start] GC(179) Marking Phase
[15.662s][info][gc,phases      ] GC(179) Marking Phase 540.720ms
[15.662s][info][gc,phases,start] GC(179) Summary Phase
[15.662s][info][gc,phases      ] GC(179) Summary Phase 0.053ms
[15.662s][info][gc,phases,start] GC(179) Adjust Roots
[15.662s][info][gc,phases      ] GC(179) Adjust Roots 0.228ms
[15.662s][info][gc,phases,start] GC(179) Compaction Phase
[15.871s][info][gc,phases      ] GC(179) Compaction Phase 208.996ms
[15.871s][info][gc,phases,start] GC(179) Post Compact
[15.876s][info][gc,phases      ] GC(179) Post Compact 4.433ms
[15.877s][info][gc,heap        ] GC(179) PSYoungGen: 42176K(179200K)->0K(180224K) Eden: 0K(41984K)->0K(46592K) From: 42176K(137216K)->0K(133632K)
[15.877s][info][gc,heap        ] GC(179) ParOldGen: 2271122K(2319872K)->2310625K(2557440K)
[15.877s][info][gc,metaspace   ] GC(179) Metaspace: 6298K(6464K)->6298K(6464K) NonClass: 5764K(5824K)->5764K(5824K) Class: 533K(640K)->533K(640K)
[15.877s][info][gc             ] GC(179) Pause Full (Ergonomics) 2259M->2256M(2673M) 755.572ms
[15.877s][info][gc,cpu         ] GC(179) User=5.31s Sys=0.03s Real=0.75s
[15.932s][info][gc,start       ] GC(180) Pause Young (Allocation Failure)
[15.965s][info][gc,heap        ] GC(180) PSYoungGen: 46592K(180224K)->46784K(93696K) Eden: 46592K(46592K)->0K(46592K) From: 0K(133632K)->46784K(47104K)
[15.965s][info][gc,heap        ] GC(180) ParOldGen: 2310625K(2557440K)->2310625K(2557440K)
[15.965s][info][gc,metaspace   ] GC(180) Metaspace: 6298K(6464K)->6298K(6464K) NonClass: 5764K(5824K)->5764K(5824K) Class: 533K(640K)->533K(640K)
[15.965s][info][gc             ] GC(180) Pause Young (Allocation Failure) 2301M->2302M(2589M) 33.626ms
[15.965s][info][gc,cpu         ] GC(180) User=0.14s Sys=0.00s Real=0.03s
[16.018s][info][gc,start       ] GC(181) Pause Young (Allocation Failure)
[16.069s][info][gc,heap        ] GC(181) PSYoungGen: 93376K(93696K)->93472K(174080K) Eden: 46592K(46592K)->0K(45056K) From: 46784K(47104K)->93472K(129024K)
[16.069s][info][gc,heap        ] GC(181) ParOldGen: 2310625K(2557440K)->2310625K(2557440K)
[16.069s][info][gc,metaspace   ] GC(181) Metaspace: 6298K(6464K)->6298K(6464K) NonClass: 5764K(5824K)->5764K(5824K) Class: 533K(640K)->533K(640K)
[16.069s][info][gc             ] GC(181) Pause Young (Allocation Failure) 2347M->2347M(2667M) 51.957ms
[16.070s][info][gc,cpu         ] GC(181) User=0.28s Sys=0.00s Real=0.05s
[16.126s][info][gc,start       ] GC(182) Pause Young (Allocation Failure)
[16.203s][info][gc,heap        ] GC(182) PSYoungGen: 138528K(174080K)->134656K(179712K) Eden: 45056K(45056K)->0K(45056K) From: 93472K(129024K)->134656K(134656K)
[16.203s][info][gc,heap        ] GC(182) ParOldGen: 2310625K(2557440K)->2314537K(2557440K)
[16.203s][info][gc,metaspace   ] GC(182) Metaspace: 6298K(6464K)->6298K(6464K) NonClass: 5764K(5824K)->5764K(5824K) Class: 533K(640K)->533K(640K)
[16.203s][info][gc             ] GC(182) Pause Young (Allocation Failure) 2391M->2391M(2673M) 77.383ms
[16.203s][info][gc,cpu         ] GC(182) User=0.45s Sys=0.00s Real=0.08s
[16.258s][info][gc,start       ] GC(183) Pause Young (Allocation Failure)
[16.366s][info][gc,heap        ] GC(183) PSYoungGen: 179712K(179712K)->89120K(201728K) Eden: 45056K(45056K)->0K(50176K) From: 134656K(134656K)->89120K(151552K)
[16.366s][info][gc,heap        ] GC(183) ParOldGen: 2314537K(2557440K)->2405897K(2557440K)
[16.366s][info][gc,metaspace   ] GC(183) Metaspace: 6298K(6464K)->6298K(6464K) NonClass: 5764K(5824K)->5764K(5824K) Class: 533K(640K)->533K(640K)
[16.366s][info][gc             ] GC(183) Pause Young (Allocation Failure) 2435M->2436M(2694M) 107.770ms
[16.366s][info][gc,cpu         ] GC(183) User=0.66s Sys=0.06s Real=0.11s
[16.426s][info][gc,start       ] GC(184) Pause Young (Allocation Failure)
[16.505s][info][gc,heap        ] GC(184) PSYoungGen: 139296K(201728K)->95488K(203264K) Eden: 50176K(50176K)->0K(50176K) From: 89120K(151552K)->95488K(153088K)
[16.505s][info][gc,heap        ] GC(184) ParOldGen: 2405897K(2557440K)->2450121K(2557440K)
[16.505s][info][gc,metaspace   ] GC(184) Metaspace: 6298K(6464K)->6298K(6464K) NonClass: 5764K(5824K)->5764K(5824K) Class: 533K(640K)->533K(640K)
[16.505s][info][gc             ] GC(184) Pause Young (Allocation Failure) 2485M->2485M(2696M) 78.451ms
[16.505s][info][gc,cpu         ] GC(184) User=0.48s Sys=0.00s Real=0.08s
[16.567s][info][gc,start       ] GC(185) Pause Young (Allocation Failure)
[16.648s][info][gc,heap        ] GC(185) PSYoungGen: 145664K(203264K)->100608K(207872K) Eden: 50176K(50176K)->0K(54272K) From: 95488K(153088K)->100608K(153600K)
[16.648s][info][gc,heap        ] GC(185) ParOldGen: 2450121K(2557440K)->2495585K(2557440K)
[16.648s][info][gc,metaspace   ] GC(185) Metaspace: 6298K(6464K)->6298K(6464K) NonClass: 5764K(5824K)->5764K(5824K) Class: 533K(640K)->533K(640K)
[16.648s][info][gc             ] GC(185) Pause Young (Allocation Failure) 2534M->2535M(2700M) 80.747ms
[16.648s][info][gc,cpu         ] GC(185) User=0.45s Sys=0.05s Real=0.08s
[16.648s][info][gc,start       ] GC(186) Pause Full (Ergonomics)
[16.648s][info][gc,phases,start] GC(186) Marking Phase
[17.282s][info][gc,phases      ] GC(186) Marking Phase 633.617ms
[17.282s][info][gc,phases,start] GC(186) Summary Phase
[17.282s][info][gc,phases      ] GC(186) Summary Phase 0.062ms
[17.282s][info][gc,phases,start] GC(186) Adjust Roots
[17.282s][info][gc,phases      ] GC(186) Adjust Roots 0.290ms
[17.282s][info][gc,phases,start] GC(186) Compaction Phase
[17.546s][info][gc,phases      ] GC(186) Compaction Phase 263.551ms
[17.546s][info][gc,phases,start] GC(186) Post Compact
[17.552s][info][gc,phases      ] GC(186) Post Compact 5.976ms
[17.553s][info][gc,heap        ] GC(186) PSYoungGen: 100608K(207872K)->36912K(207872K) Eden: 0K(54272K)->0K(54272K) From: 100608K(153600K)->36912K(153600K)
[17.553s][info][gc,heap        ] GC(186) ParOldGen: 2495585K(2557440K)->2557172K(2838528K)
[17.553s][info][gc,metaspace   ] GC(186) Metaspace: 6298K(6464K)->6298K(6464K) NonClass: 5764K(5824K)->5764K(5824K) Class: 533K(640K)->533K(640K)
[17.553s][info][gc             ] GC(186) Pause Full (Ergonomics) 2535M->2533M(2975M) 905.097ms
[17.553s][info][gc,cpu         ] GC(186) User=6.05s Sys=0.11s Real=0.91s
[17.621s][info][gc,start       ] GC(187) Pause Young (Allocation Failure)
[17.792s][info][gc,heap        ] GC(187) PSYoungGen: 91184K(207872K)->69824K(124416K) Eden: 54272K(54272K)->0K(54272K) From: 36912K(153600K)->69824K(70144K)
[17.792s][info][gc,heap        ] GC(187) ParOldGen: 2557172K(2838528K)->2579044K(2838528K)
[17.792s][info][gc,metaspace   ] GC(187) Metaspace: 6298K(6464K)->6298K(6464K) NonClass: 5764K(5824K)->5764K(5824K) Class: 533K(640K)->533K(640K)
[17.793s][info][gc             ] GC(187) Pause Young (Allocation Failure) 2586M->2586M(2893M) 171.933ms
[17.793s][info][gc,cpu         ] GC(187) User=0.94s Sys=0.02s Real=0.17s
[17.858s][info][gc,start       ] GC(188) Pause Young (Allocation Failure)
[17.932s][info][gc,heap        ] GC(188) PSYoungGen: 124096K(124416K)->124160K(197632K) Eden: 54272K(54272K)->0K(49152K) From: 69824K(70144K)->124160K(148480K)
[17.932s][info][gc,heap        ] GC(188) ParOldGen: 2579044K(2838528K)->2579044K(2838528K)
[17.932s][info][gc,metaspace   ] GC(188) Metaspace: 6298K(6464K)->6298K(6464K) NonClass: 5764K(5824K)->5764K(5824K) Class: 533K(640K)->533K(640K)
[17.932s][info][gc             ] GC(188) Pause Young (Allocation Failure) 2639M->2639M(2965M) 74.318ms
[17.932s][info][gc,cpu         ] GC(188) User=0.56s Sys=0.00s Real=0.07s
[17.986s][info][gc,start       ] GC(189) Pause Young (Allocation Failure)
[18.081s][info][gc,heap        ] GC(189) PSYoungGen: 173312K(197632K)->158720K(207872K) Eden: 49152K(49152K)->0K(49152K) From: 124160K(148480K)->158720K(158720K)
[18.082s][info][gc,heap        ] GC(189) ParOldGen: 2579044K(2838528K)->2593716K(2838528K)
[18.082s][info][gc,metaspace   ] GC(189) Metaspace: 6298K(6464K)->6298K(6464K) NonClass: 5764K(5824K)->5764K(5824K) Class: 533K(640K)->533K(640K)
[18.082s][info][gc             ] GC(189) Pause Young (Allocation Failure) 2687M->2687M(2975M) 95.849ms
[18.082s][info][gc,cpu         ] GC(189) User=0.61s Sys=0.00s Real=0.10s
[18.137s][info][gc,start       ] GC(190) Pause Young (Allocation Failure)
[18.255s][info][gc,heap        ] GC(190) PSYoungGen: 207872K(207872K)->146560K(229376K) Eden: 49152K(49152K)->0K(44032K) From: 158720K(158720K)->146560K(185344K)
[18.255s][info][gc,heap        ] GC(190) ParOldGen: 2593716K(2838528K)->2655700K(2838528K)
[18.255s][info][gc,metaspace   ] GC(190) Metaspace: 6298K(6464K)->6298K(6464K) NonClass: 5764K(5824K)->5764K(5824K) Class: 533K(640K)->533K(640K)
[18.255s][info][gc             ] GC(190) Pause Young (Allocation Failure) 2735M->2736M(2996M) 118.440ms
[18.255s][info][gc,cpu         ] GC(190) User=0.86s Sys=0.02s Real=0.12s
[18.842s][info][gc,start       ] GC(191) Pause Full (Ergonomics)
[18.842s][info][gc,phases,start] GC(191) Marking Phase
[19.518s][info][gc,phases      ] GC(191) Marking Phase 676.151ms
[19.518s][info][gc,phases,start] GC(191) Summary Phase
[19.518s][info][gc,phases      ] GC(191) Summary Phase 0.051ms
[19.518s][info][gc,phases,start] GC(191) Adjust Roots
[19.519s][info][gc,phases      ] GC(191) Adjust Roots 0.174ms
[19.519s][info][gc,phases,start] GC(191) Compaction Phase
[19.994s][info][gc,phases      ] GC(191) Compaction Phase 474.925ms
[19.994s][info][gc,phases,start] GC(191) Post Compact
[20.001s][info][gc,phases      ] GC(191) Post Compact 6.884ms
[20.002s][info][gc,heap        ] GC(191) PSYoungGen: 190592K(229376K)->72005K(229376K) Eden: 44032K(44032K)->0K(44032K) From: 146560K(185344K)->72005K(185344K)
[20.002s][info][gc,heap        ] GC(191) ParOldGen: 2786772K(2838528K)->2838338K(3141120K)
[20.002s][info][gc,metaspace   ] GC(191) Metaspace: 6298K(6464K)->6298K(6464K) NonClass: 5764K(5824K)->5764K(5824K) Class: 533K(640K)->533K(640K)
[20.002s][info][gc             ] GC(191) Pause Full (Ergonomics) 2907M->2842M(3291M) 1159.753ms
[20.002s][info][gc,cpu         ] GC(191) User=7.52s Sys=0.08s Real=1.16s
[20.051s][info][gc,start       ] GC(192) Pause Young (Allocation Failure)
[20.226s][info][gc,heap        ] GC(192) PSYoungGen: 116037K(229376K)->96480K(140800K) Eden: 44032K(44032K)->0K(44032K) From: 72005K(185344K)->96480K(96768K)
[20.226s][info][gc,heap        ] GC(192) ParOldGen: 2838338K(3141120K)->2858466K(3141120K)
[20.226s][info][gc,metaspace   ] GC(192) Metaspace: 6298K(6464K)->6298K(6464K) NonClass: 5764K(5824K)->5764K(5824K) Class: 533K(640K)->533K(640K)
[20.226s][info][gc             ] GC(192) Pause Young (Allocation Failure) 2885M->2885M(3205M) 174.230ms
[20.226s][info][gc,cpu         ] GC(192) User=1.12s Sys=0.00s Real=0.17s
[20.274s][info][gc,start       ] GC(193) Pause Young (Allocation Failure)
[20.350s][info][gc,heap        ] GC(193) PSYoungGen: 140512K(140800K)->140608K(227840K) Eden: 44032K(44032K)->0K(41472K) From: 96480K(96768K)->140608K(186368K)
[20.350s][info][gc,heap        ] GC(193) ParOldGen: 2858466K(3141120K)->2858466K(3141120K)
[20.350s][info][gc,metaspace   ] GC(193) Metaspace: 6298K(6464K)->6298K(6464K) NonClass: 5764K(5824K)->5764K(5824K) Class: 533K(640K)->533K(640K)
[20.350s][info][gc             ] GC(193) Pause Young (Allocation Failure) 2928M->2928M(3290M) 75.616ms
[20.350s][info][gc,cpu         ] GC(193) User=0.41s Sys=0.00s Real=0.08s
[20.389s][info][gc,start       ] GC(194) Pause Young (Allocation Failure)
[20.475s][info][gc,heap        ] GC(194) PSYoungGen: 182080K(227840K)->182016K(235008K) Eden: 41472K(41472K)->0K(41472K) From: 140608K(186368K)->182016K(193536K)
[20.475s][info][gc,heap        ] GC(194) ParOldGen: 2858466K(3141120K)->2858466K(3141120K)
[20.475s][info][gc,metaspace   ] GC(194) Metaspace: 6298K(6464K)->6298K(6464K) NonClass: 5764K(5824K)->5764K(5824K) Class: 533K(640K)->533K(640K)
[20.475s][info][gc             ] GC(194) Pause Young (Allocation Failure) 2969M->2969M(3297M) 85.909ms
[20.475s][info][gc,cpu         ] GC(194) User=0.47s Sys=0.00s Real=0.09s
[20.515s][info][gc,start       ] GC(195) Pause Young (Allocation Failure)
[20.620s][info][gc,heap        ] GC(195) PSYoungGen: 223488K(235008K)->198880K(238080K) Eden: 41472K(41472K)->0K(23552K) From: 182016K(193536K)->198880K(214528K)
[20.620s][info][gc,heap        ] GC(195) ParOldGen: 2858466K(3141120K)->2883370K(3141120K)
[20.620s][info][gc,metaspace   ] GC(195) Metaspace: 6298K(6464K)->6298K(6464K) NonClass: 5764K(5824K)->5764K(5824K) Class: 533K(640K)->533K(640K)
[20.620s][info][gc             ] GC(195) Pause Young (Allocation Failure) 3009M->3010M(3300M) 105.774ms
[20.620s][info][gc,cpu         ] GC(195) User=0.78s Sys=0.03s Real=0.11s
[20.643s][info][gc,start       ] GC(196) Pause Young (Allocation Failure)
[20.744s][info][gc,heap        ] GC(196) PSYoungGen: 222432K(238080K)->194976K(260608K) Eden: 23552K(23552K)->0K(23552K) From: 198880K(214528K)->194976K(237056K)
[20.744s][info][gc,heap        ] GC(196) ParOldGen: 2883370K(3141120K)->2911106K(3141120K)
[20.744s][info][gc,metaspace   ] GC(196) Metaspace: 6298K(6464K)->6298K(6464K) NonClass: 5764K(5824K)->5764K(5824K) Class: 533K(640K)->533K(640K)
[20.744s][info][gc             ] GC(196) Pause Young (Allocation Failure) 3033M->3033M(3322M) 101.060ms
[20.744s][info][gc,cpu         ] GC(196) User=0.70s Sys=0.02s Real=0.10s
[20.766s][info][gc,start       ] GC(197) Pause Young (Allocation Failure)
[20.886s][info][gc,heap        ] GC(197) PSYoungGen: 218528K(260608K)->130432K(258560K) Eden: 23552K(23552K)->0K(27136K) From: 194976K(237056K)->130432K(231424K)
[20.886s][info][gc,heap        ] GC(197) ParOldGen: 2911106K(3141120K)->2999922K(3141120K)
[20.886s][info][gc,metaspace   ] GC(197) Metaspace: 6298K(6464K)->6298K(6464K) NonClass: 5764K(5824K)->5764K(5824K) Class: 533K(640K)->533K(640K)
[20.887s][info][gc             ] GC(197) Pause Young (Allocation Failure) 3056M->3056M(3320M) 120.799ms
[20.887s][info][gc,cpu         ] GC(197) User=0.69s Sys=0.05s Real=0.12s
[20.918s][info][gc,start       ] GC(198) Pause Young (Allocation Failure)
[21.009s][info][gc,heap        ] GC(198) PSYoungGen: 157568K(258560K)->74496K(269824K) Eden: 27136K(27136K)->0K(27136K) From: 130432K(231424K)->74496K(242688K)
[21.009s][info][gc,heap        ] GC(198) ParOldGen: 2999922K(3141120K)->3083602K(3141120K)
[21.009s][info][gc,metaspace   ] GC(198) Metaspace: 6298K(6464K)->6298K(6464K) NonClass: 5764K(5824K)->5764K(5824K) Class: 533K(640K)->533K(640K)
[21.009s][info][gc             ] GC(198) Pause Young (Allocation Failure) 3083M->3084M(3331M) 91.329ms
[21.009s][info][gc,cpu         ] GC(198) User=0.23s Sys=0.02s Real=0.09s
[21.009s][info][gc,start       ] GC(199) Pause Full (Ergonomics)
[21.009s][info][gc,phases,start] GC(199) Marking Phase
[21.763s][info][gc,phases      ] GC(199) Marking Phase 754.204ms
[21.764s][info][gc,phases,start] GC(199) Summary Phase
[21.764s][info][gc,phases      ] GC(199) Summary Phase 0.045ms
[21.764s][info][gc,phases,start] GC(199) Adjust Roots
[21.764s][info][gc,phases      ] GC(199) Adjust Roots 0.167ms
[21.764s][info][gc,phases,start] GC(199) Compaction Phase
[22.104s][info][gc,phases      ] GC(199) Compaction Phase 340.167ms
[22.104s][info][gc,phases,start] GC(199) Post Compact
[22.111s][info][gc,phases      ] GC(199) Post Compact 7.119ms
[22.112s][info][gc,heap        ] GC(199) PSYoungGen: 74496K(269824K)->14377K(269824K) Eden: 0K(27136K)->0K(27136K) From: 74496K(242688K)->14377K(242688K)
[22.112s][info][gc,heap        ] GC(199) ParOldGen: 3083602K(3141120K)->3140995K(3484160K)
[22.112s][info][gc,metaspace   ] GC(199) Metaspace: 6298K(6464K)->6298K(6464K) NonClass: 5764K(5824K)->5764K(5824K) Class: 533K(640K)->533K(640K)
[22.112s][info][gc             ] GC(199) Pause Full (Ergonomics) 3084M->3081M(3666M) 1103.165ms
[22.112s][info][gc,cpu         ] GC(199) User=7.64s Sys=0.09s Real=1.10s
[22.141s][info][gc,start       ] GC(200) Pause Young (Allocation Failure)
[22.311s][info][gc,heap        ] GC(200) PSYoungGen: 41513K(269824K)->27936K(266752K) Eden: 27136K(27136K)->0K(27136K) From: 14377K(242688K)->27936K(239616K)
[22.311s][info][gc,heap        ] GC(200) ParOldGen: 3140995K(3484160K)->3154859K(3484160K)
[22.311s][info][gc,metaspace   ] GC(200) Metaspace: 6298K(6464K)->6298K(6464K) NonClass: 5764K(5824K)->5764K(5824K) Class: 533K(640K)->533K(640K)
[22.311s][info][gc             ] GC(200) Pause Young (Allocation Failure) 3107M->3108M(3663M) 169.611ms
[22.311s][info][gc,cpu         ] GC(200) User=0.88s Sys=0.02s Real=0.17s
[22.341s][info][gc,start       ] GC(201) Pause Young (Allocation Failure)
[22.394s][info][gc,heap        ] GC(201) PSYoungGen: 55072K(266752K)->54432K(270848K) Eden: 27136K(27136K)->0K(27136K) From: 27936K(239616K)->54432K(243712K)
[22.394s][info][gc,heap        ] GC(201) ParOldGen: 3154859K(3484160K)->3155587K(3484160K)
[22.394s][info][gc,metaspace   ] GC(201) Metaspace: 6298K(6464K)->6298K(6464K) NonClass: 5764K(5824K)->5764K(5824K) Class: 533K(640K)->533K(640K)
[22.394s][info][gc             ] GC(201) Pause Young (Allocation Failure) 3134M->3134M(3667M) 52.532ms
[22.394s][info][gc,cpu         ] GC(201) User=0.19s Sys=0.00s Real=0.05s
[22.425s][info][gc,start       ] GC(202) Pause Young (Allocation Failure)
[22.485s][info][gc,heap        ] GC(202) PSYoungGen: 81568K(270848K)->54432K(261120K) Eden: 27136K(27136K)->0K(30720K) From: 54432K(243712K)->54432K(230400K)
[22.485s][info][gc,heap        ] GC(202) ParOldGen: 3155587K(3484160K)->3182971K(3484160K)
[22.485s][info][gc,metaspace   ] GC(202) Metaspace: 6298K(6464K)->6298K(6464K) NonClass: 5764K(5824K)->5764K(5824K) Class: 533K(640K)->533K(640K)
[22.485s][info][gc             ] GC(202) Pause Young (Allocation Failure) 3161M->3161M(3657M) 60.234ms
[22.485s][info][gc,cpu         ] GC(202) User=0.17s Sys=0.00s Real=0.06s
[22.517s][info][gc,start       ] GC(203) Pause Young (Allocation Failure)
[22.578s][info][gc,heap        ] GC(203) PSYoungGen: 85152K(261120K)->30912K(266240K) Eden: 30720K(30720K)->0K(30720K) From: 54432K(230400K)->30912K(235520K)
[22.578s][info][gc,heap        ] GC(203) ParOldGen: 3182971K(3484160K)->3237699K(3484160K)
[22.578s][info][gc,metaspace   ] GC(203) Metaspace: 6298K(6464K)->6298K(6464K) NonClass: 5764K(5824K)->5764K(5824K) Class: 533K(640K)->533K(640K)
[22.578s][info][gc             ] GC(203) Pause Young (Allocation Failure) 3191M->3192M(3662M) 61.008ms
[22.578s][info][gc,cpu         ] GC(203) User=0.14s Sys=0.03s Real=0.06s
[22.611s][info][gc,start       ] GC(204) Pause Young (Allocation Failure)
[22.665s][info][gc,heap        ] GC(204) PSYoungGen: 61632K(266240K)->30880K(262656K) Eden: 30720K(30720K)->0K(34816K) From: 30912K(235520K)->30880K(227840K)
[22.665s][info][gc,heap        ] GC(204) ParOldGen: 3237699K(3484160K)->3268707K(3484160K)
[22.665s][info][gc,metaspace   ] GC(204) Metaspace: 6298K(6464K)->6298K(6464K) NonClass: 5764K(5824K)->5764K(5824K) Class: 533K(640K)->533K(640K)
[22.665s][info][gc             ] GC(204) Pause Young (Allocation Failure) 3222M->3222M(3659M) 54.523ms
[22.665s][info][gc,cpu         ] GC(204) User=0.12s Sys=0.00s Real=0.06s
[22.701s][info][gc,start       ] GC(205) Pause Young (Allocation Failure)
[22.764s][info][gc,heap        ] GC(205) PSYoungGen: 65696K(262656K)->34976K(70144K) Eden: 34816K(34816K)->0K(34816K) From: 30880K(227840K)->34976K(35328K)
[22.764s][info][gc,heap        ] GC(205) ParOldGen: 3268707K(3484160K)->3299715K(3484160K)
[22.764s][info][gc,metaspace   ] GC(205) Metaspace: 6298K(6464K)->6298K(6464K) NonClass: 5764K(5824K)->5764K(5824K) Class: 533K(640K)->533K(640K)
[22.764s][info][gc             ] GC(205) Pause Young (Allocation Failure) 3256M->3256M(3471M) 63.197ms
[22.764s][info][gc,cpu         ] GC(205) User=0.17s Sys=0.00s Real=0.06s
[22.799s][info][gc,start       ] GC(206) Pause Young (Allocation Failure)
[22.853s][info][gc,heap        ] GC(206) PSYoungGen: 69792K(70144K)->34944K(252416K) Eden: 34816K(34816K)->0K(39424K) From: 34976K(35328K)->34944K(212992K)
[22.853s][info][gc,heap        ] GC(206) ParOldGen: 3299715K(3484160K)->3334851K(3484160K)
[22.853s][info][gc,metaspace   ] GC(206) Metaspace: 6298K(6464K)->6298K(6464K) NonClass: 5764K(5824K)->5764K(5824K) Class: 533K(640K)->533K(640K)
[22.853s][info][gc             ] GC(206) Pause Young (Allocation Failure) 3290M->3290M(3649M) 54.291ms
[22.853s][info][gc,cpu         ] GC(206) User=0.14s Sys=0.03s Real=0.05s
[22.894s][info][gc,start       ] GC(207) Pause Young (Allocation Failure)
[22.965s][info][gc,heap        ] GC(207) PSYoungGen: 74368K(252416K)->39616K(79360K) Eden: 39424K(39424K)->0K(39424K) From: 34944K(212992K)->39616K(39936K)
[22.965s][info][gc,heap        ] GC(207) ParOldGen: 3334851K(3484160K)->3369963K(3484160K)
[22.965s][info][gc,metaspace   ] GC(207) Metaspace: 6298K(6464K)->6298K(6464K) NonClass: 5764K(5824K)->5764K(5824K) Class: 533K(640K)->533K(640K)
[22.965s][info][gc             ] GC(207) Pause Young (Allocation Failure) 3329M->3329M(3480M) 70.975ms
[22.965s][info][gc,cpu         ] GC(207) User=0.16s Sys=0.02s Real=0.07s
[23.006s][info][gc,start       ] GC(208) Pause Young (Allocation Failure)
[23.066s][info][gc,heap        ] GC(208) PSYoungGen: 79040K(79360K)->39616K(240640K) Eden: 39424K(39424K)->0K(44544K) From: 39616K(39936K)->39616K(196096K)
[23.066s][info][gc,heap        ] GC(208) ParOldGen: 3369963K(3484160K)->3409747K(3484160K)
[23.066s][info][gc,metaspace   ] GC(208) Metaspace: 6298K(6464K)->6298K(6464K) NonClass: 5764K(5824K)->5764K(5824K) Class: 533K(640K)->533K(640K)
[23.066s][info][gc             ] GC(208) Pause Young (Allocation Failure) 3368M->3368M(3637M) 59.408ms
[23.066s][info][gc,cpu         ] GC(208) User=0.22s Sys=0.03s Real=0.06s
[23.110s][info][gc,start       ] GC(209) Pause Young (Allocation Failure)
[23.173s][info][gc,heap        ] GC(209) PSYoungGen: 84160K(240640K)->44736K(89600K) Eden: 44544K(44544K)->0K(44544K) From: 39616K(196096K)->44736K(45056K)
[23.173s][info][gc,heap        ] GC(209) ParOldGen: 3409747K(3484160K)->3449523K(3484160K)
[23.173s][info][gc,metaspace   ] GC(209) Metaspace: 6298K(6464K)->6298K(6464K) NonClass: 5764K(5824K)->5764K(5824K) Class: 533K(640K)->533K(640K)
[23.173s][info][gc             ] GC(209) Pause Young (Allocation Failure) 3412M->3412M(3490M) 62.461ms
[23.173s][info][gc,cpu         ] GC(209) User=0.25s Sys=0.02s Real=0.06s
[23.173s][info][gc,start       ] GC(210) Pause Full (Ergonomics)
[23.173s][info][gc,phases,start] GC(210) Marking Phase
[23.981s][info][gc,phases      ] GC(210) Marking Phase 808.649ms
[23.981s][info][gc,phases,start] GC(210) Summary Phase
[23.982s][info][gc,phases      ] GC(210) Summary Phase 0.087ms
[23.982s][info][gc,phases,start] GC(210) Adjust Roots
[23.982s][info][gc,phases      ] GC(210) Adjust Roots 0.306ms
[23.982s][info][gc,phases,start] GC(210) Compaction Phase
[24.358s][info][gc,phases      ] GC(210) Compaction Phase 375.689ms
[24.358s][info][gc,phases,start] GC(210) Post Compact
[24.364s][info][gc,phases      ] GC(210) Post Compact 6.629ms
[24.366s][info][gc,heap        ] GC(210) PSYoungGen: 44736K(89600K)->7218K(89600K) Eden: 0K(44544K)->0K(44544K) From: 44736K(45056K)->7218K(45056K)
[24.366s][info][gc,heap        ] GC(210) ParOldGen: 3449523K(3484160K)->3483714K(3825152K)
[24.366s][info][gc,metaspace   ] GC(210) Metaspace: 6298K(6464K)->6298K(6464K) NonClass: 5764K(5824K)->5764K(5824K) Class: 533K(640K)->533K(640K)
[24.366s][info][gc             ] GC(210) Pause Full (Ergonomics) 3412M->3409M(3823M) 1192.927ms
[24.366s][info][gc,cpu         ] GC(210) User=8.31s Sys=0.03s Real=1.19s
[24.408s][info][gc,start       ] GC(211) Pause Young (Allocation Failure)
[24.584s][info][gc,heap        ] GC(211) PSYoungGen: 51762K(89600K)->44736K(225280K) Eden: 44544K(44544K)->0K(49152K) From: 7218K(45056K)->44736K(176128K)
[24.584s][info][gc,heap        ] GC(211) ParOldGen: 3483714K(3825152K)->3491034K(3825152K)
[24.584s][info][gc,metaspace   ] GC(211) Metaspace: 6298K(6464K)->6298K(6464K) NonClass: 5764K(5824K)->5764K(5824K) Class: 533K(640K)->533K(640K)
[24.584s][info][gc             ] GC(211) Pause Young (Allocation Failure) 3452M->3452M(3955M) 175.726ms
[24.584s][info][gc,cpu         ] GC(211) User=1.14s Sys=0.00s Real=0.17s
[24.634s][info][gc,start       ] GC(212) Pause Young (Allocation Failure)
[24.699s][info][gc,heap        ] GC(212) PSYoungGen: 93888K(225280K)->49344K(98816K) Eden: 49152K(49152K)->0K(49152K) From: 44736K(176128K)->49344K(49664K)
[24.699s][info][gc,heap        ] GC(212) ParOldGen: 3491034K(3825152K)->3535970K(3825152K)
[24.699s][info][gc,metaspace   ] GC(212) Metaspace: 6298K(6464K)->6298K(6464K) NonClass: 5764K(5824K)->5764K(5824K) Class: 533K(640K)->533K(640K)
[24.699s][info][gc             ] GC(212) Pause Young (Allocation Failure) 3500M->3501M(3832M) 64.986ms
[24.699s][info][gc,cpu         ] GC(212) User=0.17s Sys=0.02s Real=0.07s
[24.752s][info][gc,start       ] GC(213) Pause Young (Allocation Failure)
[24.817s][info][gc,heap        ] GC(213) PSYoungGen: 98496K(98816K)->49344K(214016K) Eden: 49152K(49152K)->0K(54784K) From: 49344K(49664K)->49344K(159232K)
[24.817s][info][gc,heap        ] GC(213) ParOldGen: 3535970K(3825152K)->3585554K(3825152K)
[24.817s][info][gc,metaspace   ] GC(213) Metaspace: 6298K(6464K)->6298K(6464K) NonClass: 5764K(5824K)->5764K(5824K) Class: 533K(640K)->533K(640K)
[24.817s][info][gc             ] GC(213) Pause Young (Allocation Failure) 3549M->3549M(3944M) 65.495ms
[24.817s][info][gc,cpu         ] GC(213) User=0.31s Sys=0.00s Real=0.07s
[24.876s][info][gc,start       ] GC(214) Pause Young (Allocation Failure)
[24.945s][info][gc,heap        ] GC(214) PSYoungGen: 104128K(214016K)->55008K(110080K) Eden: 54784K(54784K)->0K(54784K) From: 49344K(159232K)->55008K(55296K)
[24.945s][info][gc,heap        ] GC(214) ParOldGen: 3585554K(3825152K)->3635146K(3825152K)
[24.945s][info][gc,metaspace   ] GC(214) Metaspace: 6298K(6464K)->6298K(6464K) NonClass: 5764K(5824K)->5764K(5824K) Class: 533K(640K)->533K(640K)
[24.945s][info][gc             ] GC(214) Pause Young (Allocation Failure) 3603M->3603M(3843M) 69.640ms
[24.945s][info][gc,cpu         ] GC(214) User=0.23s Sys=0.03s Real=0.07s
[24.997s][info][gc,start       ] GC(215) Pause Young (Allocation Failure)
[25.070s][info][gc,heap        ] GC(215) PSYoungGen: 109792K(110080K)->55040K(202240K) Eden: 54784K(54784K)->0K(60928K) From: 55008K(55296K)->55040K(141312K)
[25.070s][info][gc,heap        ] GC(215) ParOldGen: 3635146K(3825152K)->3690426K(3825152K)
[25.070s][info][gc,metaspace   ] GC(215) Metaspace: 6298K(6464K)->6298K(6464K) NonClass: 5764K(5824K)->5764K(5824K) Class: 533K(640K)->533K(640K)
[25.070s][info][gc             ] GC(215) Pause Young (Allocation Failure) 3657M->3657M(3933M) 73.546ms
[25.070s][info][gc,cpu         ] GC(215) User=0.19s Sys=0.00s Real=0.07s
[25.130s][info][gc,start       ] GC(216) Pause Young (Allocation Failure)
[25.201s][info][gc,heap        ] GC(216) PSYoungGen: 115968K(202240K)->61216K(122368K) Eden: 60928K(60928K)->0K(60928K) From: 55040K(141312K)->61216K(61440K)
[25.201s][info][gc,heap        ] GC(216) ParOldGen: 3690426K(3825152K)->3745698K(3825152K)
[25.201s][info][gc,metaspace   ] GC(216) Metaspace: 6298K(6464K)->6298K(6464K) NonClass: 5764K(5824K)->5764K(5824K) Class: 533K(640K)->533K(640K)
[25.201s][info][gc             ] GC(216) Pause Young (Allocation Failure) 3717M->3717M(3855M) 71.362ms
[25.201s][info][gc,cpu         ] GC(216) User=0.25s Sys=0.03s Real=0.07s
[25.201s][info][gc,start       ] GC(217) Pause Full (Ergonomics)
[25.201s][info][gc,phases,start] GC(217) Marking Phase
[26.085s][info][gc,phases      ] GC(217) Marking Phase 883.502ms
[26.085s][info][gc,phases,start] GC(217) Summary Phase
[26.085s][info][gc,phases      ] GC(217) Summary Phase 0.102ms
[26.085s][info][gc,phases,start] GC(217) Adjust Roots
[26.085s][info][gc,phases      ] GC(217) Adjust Roots 0.180ms
[26.085s][info][gc,phases,start] GC(217) Compaction Phase
[26.505s][info][gc,phases      ] GC(217) Compaction Phase 419.296ms
[26.505s][info][gc,phases,start] GC(217) Post Compact
[26.514s][info][gc,phases      ] GC(217) Post Compact 9.039ms
[26.515s][info][gc,heap        ] GC(217) PSYoungGen: 61216K(122368K)->0K(208896K) Eden: 0K(60928K)->0K(67584K) From: 61216K(61440K)->0K(141312K)
[26.515s][info][gc,heap        ] GC(217) ParOldGen: 3745698K(3825152K)->3804090K(4186112K)
[26.515s][info][gc,metaspace   ] GC(217) Metaspace: 6298K(6464K)->6298K(6464K) NonClass: 5764K(5824K)->5764K(5824K) Class: 533K(640K)->533K(640K)
[26.515s][info][gc             ] GC(217) Pause Full (Ergonomics) 3717M->3714M(4292M) 1313.731ms
[26.515s][info][gc,cpu         ] GC(217) User=9.42s Sys=0.03s Real=1.31s
[26.585s][info][gc,start       ] GC(218) Pause Young (Allocation Failure)
[26.645s][info][gc,heap        ] GC(218) PSYoungGen: 67584K(208896K)->67776K(208896K) Eden: 67584K(67584K)->0K(67584K) From: 0K(141312K)->67776K(141312K)
[26.645s][info][gc,heap        ] GC(218) ParOldGen: 3804090K(4186112K)->3804090K(4186112K)
[26.645s][info][gc,metaspace   ] GC(218) Metaspace: 6298K(6464K)->6298K(6464K) NonClass: 5764K(5824K)->5764K(5824K) Class: 533K(640K)->533K(640K)
[26.645s][info][gc             ] GC(218) Pause Young (Allocation Failure) 3780M->3781M(4292M) 59.698ms
[26.645s][info][gc,cpu         ] GC(218) User=0.16s Sys=0.00s Real=0.06s
[26.714s][info][gc,start       ] GC(219) Pause Young (Allocation Failure)
[26.795s][info][gc,heap        ] GC(219) PSYoungGen: 135360K(208896K)->135520K(189440K) Eden: 67584K(67584K)->0K(53760K) From: 67776K(141312K)->135520K(135680K)
[26.795s][info][gc,heap        ] GC(219) ParOldGen: 3804090K(4186112K)->3804090K(4186112K)
[26.795s][info][gc,metaspace   ] GC(219) Metaspace: 6298K(6464K)->6298K(6464K) NonClass: 5764K(5824K)->5764K(5824K) Class: 533K(640K)->533K(640K)
[26.795s][info][gc             ] GC(219) Pause Young (Allocation Failure) 3847M->3847M(4273M) 80.682ms
[26.795s][info][gc,cpu         ] GC(219) User=0.28s Sys=0.00s Real=0.08s
[26.847s][info][gc,start       ] GC(220) Pause Young (Allocation Failure)
[26.942s][info][gc,heap        ] GC(220) PSYoungGen: 189280K(189440K)->155648K(209408K) Eden: 53760K(53760K)->0K(53760K) From: 135520K(135680K)->155648K(155648K)
[26.942s][info][gc,heap        ] GC(220) ParOldGen: 3804090K(4186112K)->3837954K(4186112K)
[26.942s][info][gc,metaspace   ] GC(220) Metaspace: 6298K(6464K)->6298K(6464K) NonClass: 5764K(5824K)->5764K(5824K) Class: 533K(640K)->533K(640K)
[26.942s][info][gc             ] GC(220) Pause Young (Allocation Failure) 3899M->3900M(4292M) 95.357ms
[26.942s][info][gc,cpu         ] GC(220) User=0.59s Sys=0.00s Real=0.10s
[26.997s][info][gc,start       ] GC(221) Pause Young (Allocation Failure)
[27.115s][info][gc,heap        ] GC(221) PSYoungGen: 209408K(209408K)->101216K(244736K) Eden: 53760K(53760K)->0K(59904K) From: 155648K(155648K)->101216K(184832K)
[27.115s][info][gc,heap        ] GC(221) ParOldGen: 3837954K(4186112K)->3947170K(4186112K)
[27.115s][info][gc,metaspace   ] GC(221) Metaspace: 6298K(6464K)->6298K(6464K) NonClass: 5764K(5824K)->5764K(5824K) Class: 533K(640K)->533K(640K)
[27.115s][info][gc             ] GC(221) Pause Young (Allocation Failure) 3952M->3953M(4327M) 118.535ms
[27.115s][info][gc,cpu         ] GC(221) User=0.81s Sys=0.03s Real=0.12s
[27.185s][info][gc,start       ] GC(222) Pause Young (Allocation Failure)
[27.269s][info][gc,heap        ] GC(222) PSYoungGen: 161120K(244736K)->113984K(247808K) Eden: 59904K(59904K)->0K(59904K) From: 101216K(184832K)->113984K(187904K)
[27.269s][info][gc,heap        ] GC(222) ParOldGen: 3947170K(4186112K)->3994746K(4186112K)
[27.269s][info][gc,metaspace   ] GC(222) Metaspace: 6298K(6464K)->6298K(6464K) NonClass: 5764K(5824K)->5764K(5824K) Class: 533K(640K)->533K(640K)
[27.269s][info][gc             ] GC(222) Pause Young (Allocation Failure) 4012M->4012M(4330M) 83.834ms
[27.269s][info][gc,cpu         ] GC(222) User=0.45s Sys=0.06s Real=0.08s
[27.332s][info][gc,start       ] GC(223) Pause Young (Allocation Failure)
[27.422s][info][gc,heap        ] GC(223) PSYoungGen: 173888K(247808K)->120128K(253440K) Eden: 59904K(59904K)->0K(64512K) From: 113984K(187904K)->120128K(188928K)
[27.422s][info][gc,heap        ] GC(223) ParOldGen: 3994746K(4186112K)->4048994K(4186112K)
[27.422s][info][gc,metaspace   ] GC(223) Metaspace: 6298K(6464K)->6298K(6464K) NonClass: 5764K(5824K)->5764K(5824K) Class: 533K(640K)->533K(640K)
[27.422s][info][gc             ] GC(223) Pause Young (Allocation Failure) 4070M->4071M(4335M) 89.992ms
[27.422s][info][gc,cpu         ] GC(223) User=0.61s Sys=0.02s Real=0.09s
[27.485s][info][gc,start       ] GC(224) Pause Young (Allocation Failure)
[27.576s][info][gc,heap        ] GC(224) PSYoungGen: 184640K(253440K)->124800K(256000K) Eden: 64512K(64512K)->0K(64512K) From: 120128K(188928K)->124800K(191488K)
[27.576s][info][gc,heap        ] GC(224) ParOldGen: 4048994K(4186112K)->4109442K(4186112K)
[27.576s][info][gc,metaspace   ] GC(224) Metaspace: 6298K(6464K)->6298K(6464K) NonClass: 5764K(5824K)->5764K(5824K) Class: 533K(640K)->533K(640K)
[27.576s][info][gc             ] GC(224) Pause Young (Allocation Failure) 4134M->4135M(4338M) 91.368ms
[27.576s][info][gc,cpu         ] GC(224) User=0.53s Sys=0.09s Real=0.09s
[27.576s][info][gc,start       ] GC(225) Pause Full (Ergonomics)
[27.576s][info][gc,phases,start] GC(225) Marking Phase
[28.570s][info][gc,phases      ] GC(225) Marking Phase 994.153ms
[28.570s][info][gc,phases,start] GC(225) Summary Phase
[28.570s][info][gc,phases      ] GC(225) Summary Phase 0.060ms
[28.570s][info][gc,phases,start] GC(225) Adjust Roots
[28.571s][info][gc,phases      ] GC(225) Adjust Roots 0.225ms
[28.571s][info][gc,phases,start] GC(225) Compaction Phase
[29.083s][info][gc,phases      ] GC(225) Compaction Phase 512.076ms
[29.083s][info][gc,phases,start] GC(225) Post Compact
[29.090s][info][gc,phases      ] GC(225) Post Compact 6.946ms
[29.091s][info][gc,heap        ] GC(225) PSYoungGen: 124800K(256000K)->45156K(256000K) Eden: 0K(64512K)->0K(64512K) From: 124800K(191488K)->45156K(191488K)
[29.091s][info][gc,heap        ] GC(225) ParOldGen: 4109442K(4186112K)->4185720K(4614144K)
[29.091s][info][gc,metaspace   ] GC(225) Metaspace: 6298K(6464K)->6298K(6464K) NonClass: 5764K(5824K)->5764K(5824K) Class: 533K(640K)->533K(640K)
[29.091s][info][gc             ] GC(225) Pause Full (Ergonomics) 4135M->4131M(4756M) 1515.342ms
[29.091s][info][gc,cpu         ] GC(225) User=10.55s Sys=0.05s Real=1.52s
[29.163s][info][gc,start       ] GC(226) Pause Young (Allocation Failure)
[29.420s][info][gc,heap        ] GC(226) PSYoungGen: 109668K(256000K)->96032K(245760K) Eden: 64512K(64512K)->0K(70656K) From: 45156K(191488K)->96032K(175104K)
[29.420s][info][gc,heap        ] GC(226) ParOldGen: 4185720K(4614144K)->4199832K(4614144K)
[29.420s][info][gc,metaspace   ] GC(226) Metaspace: 6298K(6464K)->6298K(6464K) NonClass: 5764K(5824K)->5764K(5824K) Class: 533K(640K)->533K(640K)
[29.420s][info][gc             ] GC(226) Pause Young (Allocation Failure) 4194M->4195M(4746M) 257.579ms
[29.420s][info][gc,cpu         ] GC(226) User=1.75s Sys=0.00s Real=0.26s
[29.507s][info][gc,start       ] GC(227) Pause Young (Allocation Failure)
[29.602s][info][gc,heap        ] GC(227) PSYoungGen: 166688K(245760K)->166816K(256000K) Eden: 70656K(70656K)->0K(70656K) From: 96032K(175104K)->166816K(185344K)
[29.602s][info][gc,heap        ] GC(227) ParOldGen: 4199832K(4614144K)->4199832K(4614144K)
[29.602s][info][gc,metaspace   ] GC(227) Metaspace: 6298K(6464K)->6298K(6464K) NonClass: 5764K(5824K)->5764K(5824K) Class: 533K(640K)->533K(640K)
[29.602s][info][gc             ] GC(227) Pause Young (Allocation Failure) 4264M->4264M(4756M) 95.027ms
[29.602s][info][gc,cpu         ] GC(227) User=0.52s Sys=0.00s Real=0.09s
[29.676s][info][gc,start       ] GC(228) Pause Young (Allocation Failure)
[29.813s][info][gc,heap        ] GC(228) PSYoungGen: 237472K(256000K)->203264K(240640K) Eden: 70656K(70656K)->0K(37376K) From: 166816K(185344K)->203264K(203264K)
[29.813s][info][gc,heap        ] GC(228) ParOldGen: 4199832K(4614144K)->4234304K(4614144K)
[29.813s][info][gc,metaspace   ] GC(228) Metaspace: 6298K(6464K)->6298K(6464K) NonClass: 5764K(5824K)->5764K(5824K) Class: 533K(640K)->533K(640K)
[29.813s][info][gc             ] GC(228) Pause Young (Allocation Failure) 4333M->4333M(4741M) 137.322ms
[29.813s][info][gc,cpu         ] GC(228) User=0.83s Sys=0.08s Real=0.14s
[29.849s][info][gc,start       ] GC(229) Pause Young (Allocation Failure)
[29.986s][info][gc,heap        ] GC(229) PSYoungGen: 240640K(240640K)->158848K(281088K) Eden: 37376K(37376K)->0K(37376K) From: 203264K(203264K)->158848K(243712K)
[29.986s][info][gc,heap        ] GC(229) ParOldGen: 4234304K(4614144K)->4316872K(4614144K)
[29.986s][info][gc,metaspace   ] GC(229) Metaspace: 6298K(6464K)->6298K(6464K) NonClass: 5764K(5824K)->5764K(5824K) Class: 533K(640K)->533K(640K)
[29.986s][info][gc             ] GC(229) Pause Young (Allocation Failure) 4370M->4370M(4780M) 136.596ms
[29.986s][info][gc,cpu         ] GC(229) User=0.88s Sys=0.03s Real=0.14s
[30.024s][info][gc,start       ] GC(230) Pause Young (Allocation Failure)
[30.134s][info][gc,heap        ] GC(230) PSYoungGen: 196224K(281088K)->129600K(271872K) Eden: 37376K(37376K)->0K(42496K) From: 158848K(243712K)->129600K(229376K)
[30.134s][info][gc,heap        ] GC(230) ParOldGen: 4316872K(4614144K)->4384072K(4614144K)
[30.134s][info][gc,metaspace   ] GC(230) Metaspace: 6298K(6464K)->6298K(6464K) NonClass: 5764K(5824K)->5764K(5824K) Class: 533K(640K)->533K(640K)
[30.134s][info][gc             ] GC(230) Pause Young (Allocation Failure) 4407M->4407M(4771M) 110.662ms
[30.134s][info][gc,cpu         ] GC(230) User=0.72s Sys=0.02s Real=0.11s
[30.186s][info][gc,start       ] GC(231) Pause Young (Allocation Failure)
[30.286s][info][gc,heap        ] GC(231) PSYoungGen: 172096K(271872K)->80128K(280576K) Eden: 42496K(42496K)->0K(42496K) From: 129600K(229376K)->80128K(238080K)
[30.287s][info][gc,heap        ] GC(231) ParOldGen: 4384072K(4614144K)->4476752K(4614144K)
[30.287s][info][gc,metaspace   ] GC(231) Metaspace: 6298K(6464K)->6298K(6464K) NonClass: 5764K(5824K)->5764K(5824K) Class: 533K(640K)->533K(640K)
[30.287s][info][gc             ] GC(231) Pause Young (Allocation Failure) 4449M->4450M(4780M) 100.938ms
[30.287s][info][gc,cpu         ] GC(231) User=0.62s Sys=0.08s Real=0.10s
[30.336s][info][gc,start       ] GC(232) Pause Young (Allocation Failure)
[30.416s][info][gc,heap        ] GC(232) PSYoungGen: 122624K(280576K)->42656K(281088K) Eden: 42496K(42496K)->0K(47616K) From: 80128K(238080K)->42656K(233472K)
[30.416s][info][gc,heap        ] GC(232) ParOldGen: 4476752K(4614144K)->4557304K(4614144K)
[30.416s][info][gc,metaspace   ] GC(232) Metaspace: 6298K(6464K)->6298K(6464K) NonClass: 5764K(5824K)->5764K(5824K) Class: 533K(640K)->533K(640K)
[30.416s][info][gc             ] GC(232) Pause Young (Allocation Failure) 4491M->4492M(4780M) 80.467ms
[30.416s][info][gc,cpu         ] GC(232) User=0.39s Sys=0.00s Real=0.08s
[30.417s][info][gc,start       ] GC(233) Pause Full (Ergonomics)
[30.417s][info][gc,phases,start] GC(233) Marking Phase
[31.538s][info][gc,phases      ] GC(233) Marking Phase 1121.227ms
[31.538s][info][gc,phases,start] GC(233) Summary Phase
[31.538s][info][gc,phases      ] GC(233) Summary Phase 0.124ms
[31.538s][info][gc,phases,start] GC(233) Adjust Roots
[31.538s][info][gc,phases      ] GC(233) Adjust Roots 0.275ms
[31.538s][info][gc,phases,start] GC(233) Compaction Phase
[32.071s][info][gc,phases      ] GC(233) Compaction Phase 532.797ms
[32.071s][info][gc,phases,start] GC(233) Post Compact
[32.079s][info][gc,phases      ] GC(233) Post Compact 7.542ms
[32.080s][info][gc,heap        ] GC(233) PSYoungGen: 42656K(281088K)->0K(281600K) Eden: 0K(47616K)->0K(47616K) From: 42656K(233472K)->0K(233984K)
[32.081s][info][gc,heap        ] GC(233) ParOldGen: 4557304K(4614144K)->4596229K(5087232K)
[32.081s][info][gc,metaspace   ] GC(233) Metaspace: 6298K(6464K)->6298K(6464K) NonClass: 5764K(5824K)->5764K(5824K) Class: 533K(640K)->533K(640K)
[32.081s][info][gc             ] GC(233) Pause Full (Ergonomics) 4492M->4488M(5243M) 1664.057ms
[32.081s][info][gc,cpu         ] GC(233) User=11.33s Sys=0.06s Real=1.66s
[32.131s][info][gc,start       ] GC(234) Pause Young (Allocation Failure)
[32.185s][info][gc,heap        ] GC(234) PSYoungGen: 47616K(281600K)->47840K(281600K) Eden: 47616K(47616K)->0K(52736K) From: 0K(233984K)->47840K(228864K)
[32.186s][info][gc,heap        ] GC(234) ParOldGen: 4596229K(5087232K)->4596229K(5087232K)
[32.186s][info][gc,metaspace   ] GC(234) Metaspace: 6298K(6464K)->6298K(6464K) NonClass: 5764K(5824K)->5764K(5824K) Class: 533K(640K)->533K(640K)
[32.186s][info][gc             ] GC(234) Pause Young (Allocation Failure) 4535M->4535M(5243M) 54.305ms
[32.186s][info][gc,cpu         ] GC(234) User=0.12s Sys=0.00s Real=0.06s
[32.239s][info][gc,start       ] GC(235) Pause Young (Allocation Failure)
[32.311s][info][gc,heap        ] GC(235) PSYoungGen: 100576K(281600K)->100640K(153600K) Eden: 52736K(52736K)->0K(52736K) From: 47840K(228864K)->100640K(100864K)
[32.311s][info][gc,heap        ] GC(235) ParOldGen: 4596229K(5087232K)->4596229K(5087232K)
[32.311s][info][gc,metaspace   ] GC(235) Metaspace: 6298K(6464K)->6298K(6464K) NonClass: 5764K(5824K)->5764K(5824K) Class: 533K(640K)->533K(640K)
[32.311s][info][gc             ] GC(235) Pause Young (Allocation Failure) 4586M->4586M(5118M) 72.074ms
[32.311s][info][gc,cpu         ] GC(235) User=0.23s Sys=0.00s Real=0.07s
[32.372s][info][gc,start       ] GC(236) Pause Young (Allocation Failure)
[32.460s][info][gc,heap        ] GC(236) PSYoungGen: 153376K(153600K)->153472K(270336K) Eden: 52736K(52736K)->0K(51200K) From: 100640K(100864K)->153472K(219136K)
[32.460s][info][gc,heap        ] GC(236) ParOldGen: 4596229K(5087232K)->4596229K(5087232K)
[32.460s][info][gc,metaspace   ] GC(236) Metaspace: 6298K(6464K)->6298K(6464K) NonClass: 5764K(5824K)->5764K(5824K) Class: 533K(640K)->533K(640K)
[32.460s][info][gc             ] GC(236) Pause Young (Allocation Failure) 4638M->4638M(5232M) 87.807ms
[32.460s][info][gc,cpu         ] GC(236) User=0.39s Sys=0.00s Real=0.09s
[32.524s][info][gc,start       ] GC(237) Pause Young (Allocation Failure)
[32.630s][info][gc,heap        ] GC(237) PSYoungGen: 204672K(270336K)->157088K(277504K) Eden: 51200K(51200K)->0K(51200K) From: 153472K(219136K)->157088K(226304K)
[32.630s][info][gc,heap        ] GC(237) ParOldGen: 4596229K(5087232K)->4644285K(5087232K)
[32.630s][info][gc,metaspace   ] GC(237) Metaspace: 6298K(6464K)->6298K(6464K) NonClass: 5764K(5824K)->5764K(5824K) Class: 533K(640K)->533K(640K)
[32.631s][info][gc             ] GC(237) Pause Young (Allocation Failure) 4688M->4688M(5239M) 106.400ms
[32.631s][info][gc,cpu         ] GC(237) User=0.73s Sys=0.03s Real=0.11s
[32.686s][info][gc,start       ] GC(238) Pause Young (Allocation Failure)
[32.794s][info][gc,heap        ] GC(238) PSYoungGen: 208288K(277504K)->155456K(285696K) Eden: 51200K(51200K)->0K(52736K) From: 157088K(226304K)->155456K(232960K)
[32.794s][info][gc,heap        ] GC(238) ParOldGen: 4644285K(5087232K)->4697501K(5087232K)
[32.794s][info][gc,metaspace   ] GC(238) Metaspace: 6298K(6464K)->6298K(6464K) NonClass: 5764K(5824K)->5764K(5824K) Class: 533K(640K)->533K(640K)
[32.794s][info][gc             ] GC(238) Pause Young (Allocation Failure) 4738M->4739M(5247M) 108.061ms
[32.794s][info][gc,cpu         ] GC(238) User=0.88s Sys=0.00s Real=0.11s
[32.849s][info][gc,start       ] GC(239) Pause Young (Allocation Failure)
[32.962s][info][gc,heap        ] GC(239) PSYoungGen: 208192K(285696K)->155488K(289792K) Eden: 52736K(52736K)->0K(52736K) From: 155456K(232960K)->155488K(237056K)
[32.962s][info][gc,heap        ] GC(239) ParOldGen: 4697501K(5087232K)->4750701K(5087232K)
[32.962s][info][gc,metaspace   ] GC(239) Metaspace: 6298K(6464K)->6298K(6464K) NonClass: 5764K(5824K)->5764K(5824K) Class: 533K(640K)->533K(640K)
[32.962s][info][gc             ] GC(239) Pause Young (Allocation Failure) 4790M->4791M(5251M) 113.073ms
[32.962s][info][gc,cpu         ] GC(239) User=0.61s Sys=0.02s Real=0.11s
[33.017s][info][gc,start       ] GC(240) Pause Young (Allocation Failure)
[33.130s][info][gc,heap        ] GC(240) PSYoungGen: 208224K(289792K)->157056K(296960K) Eden: 52736K(52736K)->0K(57856K) From: 155488K(237056K)->157056K(239104K)
[33.130s][info][gc,heap        ] GC(240) ParOldGen: 4750701K(5087232K)->4802365K(5087232K)
[33.130s][info][gc,metaspace   ] GC(240) Metaspace: 6298K(6464K)->6298K(6464K) NonClass: 5764K(5824K)->5764K(5824K) Class: 533K(640K)->533K(640K)
[33.130s][info][gc             ] GC(240) Pause Young (Allocation Failure) 4842M->4843M(5258M) 113.606ms
[33.130s][info][gc,cpu         ] GC(240) User=0.70s Sys=0.03s Real=0.11s
[33.194s][info][gc,start       ] GC(241) Pause Young (Allocation Failure)
[33.314s][info][gc,heap        ] GC(241) PSYoungGen: 214912K(296960K)->110912K(168960K) Eden: 57856K(57856K)->0K(57856K) From: 157056K(239104K)->110912K(111104K)
[33.314s][info][gc,heap        ] GC(241) ParOldGen: 4802365K(5087232K)->4907213K(5087232K)
[33.314s][info][gc,metaspace   ] GC(241) Metaspace: 6298K(6464K)->6298K(6464K) NonClass: 5764K(5824K)->5764K(5824K) Class: 533K(640K)->533K(640K)
[33.314s][info][gc             ] GC(241) Pause Young (Allocation Failure) 4899M->4900M(5133M) 119.537ms
[33.314s][info][gc,cpu         ] GC(241) User=0.67s Sys=0.09s Real=0.12s
[33.384s][info][gc,start       ] GC(242) Pause Young (Allocation Failure)
[33.488s][info][gc,heap        ] GC(242) PSYoungGen: 168768K(168960K)->58048K(296448K) Eden: 57856K(57856K)->0K(65024K) From: 110912K(111104K)->58048K(231424K)
[33.488s][info][gc,heap        ] GC(242) ParOldGen: 4907213K(5087232K)->5018773K(5087232K)
[33.488s][info][gc,metaspace   ] GC(242) Metaspace: 6298K(6464K)->6298K(6464K) NonClass: 5764K(5824K)->5764K(5824K) Class: 533K(640K)->533K(640K)
[33.488s][info][gc             ] GC(242) Pause Young (Allocation Failure) 4957M->4957M(5257M) 104.423ms
[33.488s][info][gc,cpu         ] GC(242) User=0.53s Sys=0.12s Real=0.10s
[33.488s][info][gc,start       ] GC(243) Pause Full (Ergonomics)
[33.488s][info][gc,phases,start] GC(243) Marking Phase
[34.679s][info][gc,phases      ] GC(243) Marking Phase 1191.099ms
[34.680s][info][gc,phases,start] GC(243) Summary Phase
[34.680s][info][gc,phases      ] GC(243) Summary Phase 0.155ms
[34.680s][info][gc,phases,start] GC(243) Adjust Roots
[34.680s][info][gc,phases      ] GC(243) Adjust Roots 0.322ms
[34.680s][info][gc,phases,start] GC(243) Compaction Phase
[35.160s][info][gc,phases      ] GC(243) Compaction Phase 480.351ms
[35.161s][info][gc,phases,start] GC(243) Post Compact
[35.168s][info][gc,phases      ] GC(243) Post Compact 7.235ms
[35.170s][info][gc,heap        ] GC(243) PSYoungGen: 58048K(296448K)->0K(296960K) Eden: 0K(65024K)->0K(65024K) From: 58048K(231424K)->0K(231936K)
[35.170s][info][gc,heap        ] GC(243) ParOldGen: 5018773K(5087232K)->5072607K(5617664K)
[35.170s][info][gc,metaspace   ] GC(243) Metaspace: 6298K(6464K)->6298K(6464K) NonClass: 5764K(5824K)->5764K(5824K) Class: 533K(640K)->533K(640K)
[35.170s][info][gc             ] GC(243) Pause Full (Ergonomics) 4957M->4953M(5776M) 1681.386ms
[35.170s][info][gc,cpu         ] GC(243) User=12.75s Sys=0.02s Real=1.68s
[35.241s][info][gc,start       ] GC(244) Pause Young (Allocation Failure)
[35.298s][info][gc,heap        ] GC(244) PSYoungGen: 65024K(296960K)->65280K(295424K) Eden: 65024K(65024K)->0K(71680K) From: 0K(231936K)->65280K(223744K)
[35.299s][info][gc,heap        ] GC(244) ParOldGen: 5072607K(5617664K)->5072607K(5617664K)
[35.299s][info][gc,metaspace   ] GC(244) Metaspace: 6298K(6464K)->6298K(6464K) NonClass: 5764K(5824K)->5764K(5824K) Class: 533K(640K)->533K(640K)
[35.299s][info][gc             ] GC(244) Pause Young (Allocation Failure) 5017M->5017M(5774M) 57.112ms
[35.299s][info][gc,cpu         ] GC(244) User=0.27s Sys=0.00s Real=0.06s
[35.381s][info][gc,start       ] GC(245) Pause Young (Allocation Failure)
[35.458s][info][gc,heap        ] GC(245) PSYoungGen: 136960K(295424K)->137024K(300544K) Eden: 71680K(71680K)->0K(71680K) From: 65280K(223744K)->137024K(228864K)
[35.458s][info][gc,heap        ] GC(245) ParOldGen: 5072607K(5617664K)->5072607K(5617664K)
[35.458s][info][gc,metaspace   ] GC(245) Metaspace: 6298K(6464K)->6298K(6464K) NonClass: 5764K(5824K)->5764K(5824K) Class: 533K(640K)->533K(640K)
[35.458s][info][gc             ] GC(245) Pause Young (Allocation Failure) 5087M->5087M(5779M) 77.174ms
[35.458s][info][gc,cpu         ] GC(245) User=0.42s Sys=0.00s Real=0.08s
[35.542s][info][gc,start       ] GC(246) Pause Young (Allocation Failure)
[35.656s][info][gc,heap        ] GC(246) PSYoungGen: 208704K(300544K)->208864K(282112K) Eden: 71680K(71680K)->0K(55296K) From: 137024K(228864K)->208864K(226816K)
[35.656s][info][gc,heap        ] GC(246) ParOldGen: 5072607K(5617664K)->5072607K(5617664K)
[35.656s][info][gc,metaspace   ] GC(246) Metaspace: 6298K(6464K)->6298K(6464K) NonClass: 5764K(5824K)->5764K(5824K) Class: 533K(640K)->533K(640K)
[35.656s][info][gc             ] GC(246) Pause Young (Allocation Failure) 5157M->5157M(5761M) 113.711ms
[35.656s][info][gc,cpu         ] GC(246) User=0.78s Sys=0.00s Real=0.11s
[35.722s][info][gc,start       ] GC(247) Pause Young (Allocation Failure)
[35.863s][info][gc,heap        ] GC(247) PSYoungGen: 264160K(282112K)->250368K(305664K) Eden: 55296K(55296K)->0K(55296K) From: 208864K(226816K)->250368K(250368K)
[35.863s][info][gc,heap        ] GC(247) ParOldGen: 5072607K(5617664K)->5086503K(5617664K)
[35.863s][info][gc,metaspace   ] GC(247) Metaspace: 6298K(6464K)->6298K(6464K) NonClass: 5764K(5824K)->5764K(5824K) Class: 533K(640K)->533K(640K)
[35.863s][info][gc             ] GC(247) Pause Young (Allocation Failure) 5211M->5211M(5784M) 140.561ms
[35.863s][info][gc,cpu         ] GC(247) User=0.88s Sys=0.05s Real=0.14s
[35.922s][info][gc,start       ] GC(248) Pause Young (Allocation Failure)
[36.095s][info][gc,heap        ] GC(248) PSYoungGen: 305664K(305664K)->174528K(350208K) Eden: 55296K(55296K)->0K(62464K) From: 250368K(250368K)->174528K(287744K)
[36.095s][info][gc,heap        ] GC(248) ParOldGen: 5086503K(5617664K)->5218783K(5617664K)
[36.095s][info][gc,metaspace   ] GC(248) Metaspace: 6298K(6464K)->6298K(6464K) NonClass: 5764K(5824K)->5764K(5824K) Class: 533K(640K)->533K(640K)
[36.095s][info][gc             ] GC(248) Pause Young (Allocation Failure) 5265M->5266M(5828M) 172.217ms
[36.095s][info][gc,cpu         ] GC(248) User=1.09s Sys=0.06s Real=0.17s
[36.168s][info][gc,start       ] GC(249) Pause Young (Allocation Failure)
[36.311s][info][gc,heap        ] GC(249) PSYoungGen: 236992K(350208K)->172224K(350720K) Eden: 62464K(62464K)->0K(62464K) From: 174528K(287744K)->172224K(288256K)
[36.311s][info][gc,heap        ] GC(249) ParOldGen: 5218783K(5617664K)->5284135K(5617664K)
[36.311s][info][gc,metaspace   ] GC(249) Metaspace: 6298K(6464K)->6298K(6464K) NonClass: 5764K(5824K)->5764K(5824K) Class: 533K(640K)->533K(640K)
[36.311s][info][gc             ] GC(249) Pause Young (Allocation Failure) 5327M->5328M(5828M) 142.453ms
[36.311s][info][gc,cpu         ] GC(249) User=1.03s Sys=0.02s Real=0.14s
[36.387s][info][gc,start       ] GC(250) Pause Young (Allocation Failure)
[36.525s][info][gc,heap        ] GC(250) PSYoungGen: 234688K(350720K)->125280K(334336K) Eden: 62464K(62464K)->0K(70656K) From: 172224K(288256K)->125280K(263680K)
[36.525s][info][gc,heap        ] GC(250) ParOldGen: 5284135K(5617664K)->5394447K(5617664K)
[36.525s][info][gc,metaspace   ] GC(250) Metaspace: 6298K(6464K)->6298K(6464K) NonClass: 5764K(5824K)->5764K(5824K) Class: 533K(640K)->533K(640K)
[36.525s][info][gc             ] GC(250) Pause Young (Allocation Failure) 5389M->5390M(5812M) 138.299ms
[36.525s][info][gc,cpu         ] GC(250) User=0.84s Sys=0.06s Real=0.14s
[36.605s][info][gc,start       ] GC(251) Pause Young (Allocation Failure)
[36.730s][info][gc,heap        ] GC(251) PSYoungGen: 195936K(334336K)->70944K(345088K) Eden: 70656K(70656K)->0K(70656K) From: 125280K(263680K)->70944K(274432K)
[36.730s][info][gc,heap        ] GC(251) ParOldGen: 5394447K(5617664K)->5520463K(5617664K)
[36.730s][info][gc,metaspace   ] GC(251) Metaspace: 6298K(6464K)->6298K(6464K) NonClass: 5764K(5824K)->5764K(5824K) Class: 533K(640K)->533K(640K)
[36.730s][info][gc             ] GC(251) Pause Young (Allocation Failure) 5459M->5460M(5823M) 125.861ms
[36.730s][info][gc,cpu         ] GC(251) User=0.67s Sys=0.05s Real=0.13s
[36.731s][info][gc,start       ] GC(252) Pause Full (Ergonomics)
[36.731s][info][gc,phases,start] GC(252) Marking Phase
[38.060s][info][gc,phases      ] GC(252) Marking Phase 1329.211ms
[38.060s][info][gc,phases,start] GC(252) Summary Phase
[38.060s][info][gc,phases      ] GC(252) Summary Phase 0.112ms
[38.060s][info][gc,phases,start] GC(252) Adjust Roots
[38.060s][info][gc,phases      ] GC(252) Adjust Roots 0.207ms
[38.060s][info][gc,phases,start] GC(252) Compaction Phase
[38.566s][info][gc,phases      ] GC(252) Compaction Phase 506.209ms
[38.566s][info][gc,phases,start] GC(252) Post Compact
[38.574s][info][gc,phases      ] GC(252) Post Compact 7.570ms
[38.576s][info][gc,heap        ] GC(252) PSYoungGen: 70944K(345088K)->0K(353280K) Eden: 0K(70656K)->0K(79872K) From: 70944K(274432K)->0K(273408K)
[38.576s][info][gc,heap        ] GC(252) ParOldGen: 5520463K(5617664K)->5586912K(6215168K)
[38.576s][info][gc,metaspace   ] GC(252) Metaspace: 6298K(6464K)->6298K(6464K) NonClass: 5764K(5824K)->5764K(5824K) Class: 533K(640K)->533K(640K)
[38.576s][info][gc             ] GC(252) Pause Full (Ergonomics) 5460M->5455M(6414M) 1845.536ms
[38.576s][info][gc,cpu         ] GC(252) User=14.02s Sys=0.09s Real=1.85s
[38.668s][info][gc,start       ] GC(253) Pause Young (Allocation Failure)
[38.728s][info][gc,heap        ] GC(253) PSYoungGen: 79872K(353280K)->80128K(353280K) Eden: 79872K(79872K)->0K(79872K) From: 0K(273408K)->80128K(273408K)
[38.728s][info][gc,heap        ] GC(253) ParOldGen: 5586912K(6215168K)->5586912K(6215168K)
[38.728s][info][gc,metaspace   ] GC(253) Metaspace: 6298K(6464K)->6298K(6464K) NonClass: 5764K(5824K)->5764K(5824K) Class: 533K(640K)->533K(640K)
[38.728s][info][gc             ] GC(253) Pause Young (Allocation Failure) 5533M->5534M(6414M) 59.960ms
[38.728s][info][gc,cpu         ] GC(253) User=0.19s Sys=0.02s Real=0.06s
[38.822s][info][gc,start       ] GC(254) Pause Young (Allocation Failure)
[38.913s][info][gc,heap        ] GC(254) PSYoungGen: 160000K(353280K)->160128K(351744K) Eden: 79872K(79872K)->0K(88064K) From: 80128K(273408K)->160128K(263680K)
[38.913s][info][gc,heap        ] GC(254) ParOldGen: 5586912K(6215168K)->5586912K(6215168K)
[38.913s][info][gc,metaspace   ] GC(254) Metaspace: 6298K(6464K)->6298K(6464K) NonClass: 5764K(5824K)->5764K(5824K) Class: 533K(640K)->533K(640K)
[38.913s][info][gc             ] GC(254) Pause Young (Allocation Failure) 5612M->5612M(6413M) 90.910ms
[38.913s][info][gc,cpu         ] GC(254) User=0.53s Sys=0.00s Real=0.09s
[40.015s][info][gc,start       ] GC(255) Pause Young (Allocation Failure)
[40.286s][info][gc,heap        ] GC(255) PSYoungGen: 248192K(351744K)->248384K(354304K) Eden: 88064K(88064K)->0K(88064K) From: 160128K(263680K)->248384K(266240K)
[40.286s][info][gc,heap        ] GC(255) ParOldGen: 5849056K(6215168K)->5849056K(6215168K)
[40.286s][info][gc,metaspace   ] GC(255) Metaspace: 6298K(6464K)->6298K(6464K) NonClass: 5764K(5824K)->5764K(5824K) Class: 533K(640K)->533K(640K)
[40.286s][info][gc             ] GC(255) Pause Young (Allocation Failure) 5954M->5954M(6415M) 271.231ms
[40.286s][info][gc,cpu         ] GC(255) User=1.33s Sys=0.00s Real=0.27s
[40.386s][info][gc,start       ] GC(256) Pause Young (Allocation Failure)
[40.552s][info][gc,heap        ] GC(256) PSYoungGen: 336448K(354304K)->295936K(335872K) Eden: 88064K(88064K)->0K(39936K) From: 248384K(266240K)->295936K(295936K)
[40.553s][info][gc,heap        ] GC(256) ParOldGen: 5849056K(6215168K)->5889896K(6215168K)
[40.553s][info][gc,metaspace   ] GC(256) Metaspace: 6298K(6464K)->6298K(6464K) NonClass: 5764K(5824K)->5764K(5824K) Class: 533K(640K)->533K(640K)
[40.553s][info][gc             ] GC(256) Pause Young (Allocation Failure) 6040M->6040M(6397M) 166.921ms
[40.553s][info][gc,cpu         ] GC(256) User=0.80s Sys=0.05s Real=0.17s
[40.599s][info][gc,start       ] GC(257) Pause Young (Allocation Failure)
[40.762s][info][gc,heap        ] GC(257) PSYoungGen: 335872K(335872K)->202304K(391680K) Eden: 39936K(39936K)->0K(39936K) From: 295936K(295936K)->202304K(351744K)
[40.762s][info][gc,heap        ] GC(257) ParOldGen: 5889896K(6215168K)->6024592K(6215168K)
[40.762s][info][gc,metaspace   ] GC(257) Metaspace: 6298K(6464K)->6298K(6464K) NonClass: 5764K(5824K)->5764K(5824K) Class: 533K(640K)->533K(640K)
[40.762s][info][gc             ] GC(257) Pause Young (Allocation Failure) 6079M->6080M(6452M) 162.872ms
[40.762s][info][gc,cpu         ] GC(257) User=0.98s Sys=0.16s Real=0.16s
[40.804s][info][gc,start       ] GC(258) Pause Young (Allocation Failure)
[40.948s][info][gc,heap        ] GC(258) PSYoungGen: 242240K(391680K)->156192K(360960K) Eden: 39936K(39936K)->0K(45056K) From: 202304K(351744K)->156192K(315904K)
[40.948s][info][gc,heap        ] GC(258) ParOldGen: 6024592K(6215168K)->6111320K(6215168K)
[40.948s][info][gc,metaspace   ] GC(258) Metaspace: 6298K(6464K)->6298K(6464K) NonClass: 5764K(5824K)->5764K(5824K) Class: 533K(640K)->533K(640K)
[40.948s][info][gc             ] GC(258) Pause Young (Allocation Failure) 6119M->6120M(6422M) 144.474ms
[40.948s][info][gc,cpu         ] GC(258) User=0.45s Sys=0.02s Real=0.14s
[40.948s][info][gc,start       ] GC(259) Pause Full (Ergonomics)
[40.948s][info][gc,phases,start] GC(259) Marking Phase
[42.378s][info][gc,phases      ] GC(259) Marking Phase 1429.635ms
[42.378s][info][gc,phases,start] GC(259) Summary Phase
[42.378s][info][gc,phases      ] GC(259) Summary Phase 0.144ms
[42.378s][info][gc,phases,start] GC(259) Adjust Roots
[42.378s][info][gc,phases      ] GC(259) Adjust Roots 0.259ms
[42.378s][info][gc,phases,start] GC(259) Compaction Phase
[43.358s][info][gc,phases      ] GC(259) Compaction Phase 979.215ms
[43.358s][info][gc,phases,start] GC(259) Post Compact
[43.368s][info][gc,phases      ] GC(259) Post Compact 10.255ms
[43.368s][info][gc,heap        ] GC(259) PSYoungGen: 156192K(360960K)->0K(376320K) Eden: 0K(45056K)->0K(45056K) From: 156192K(315904K)->0K(331264K)
[43.368s][info][gc,heap        ] GC(259) ParOldGen: 6111320K(6215168K)->6133528K(6280704K)
[43.368s][info][gc,metaspace   ] GC(259) Metaspace: 6298K(6464K)->6298K(6464K) NonClass: 5764K(5824K)->5764K(5824K) Class: 533K(640K)->533K(640K)
[43.368s][info][gc             ] GC(259) Pause Full (Ergonomics) 6120M->5989M(6501M) 2420.106ms
[43.368s][info][gc,cpu         ] GC(259) User=16.53s Sys=0.08s Real=2.42s
[43.414s][info][gc,start       ] GC(260) Pause Young (Allocation Failure)
[43.486s][info][gc,heap        ] GC(260) PSYoungGen: 45056K(376320K)->45248K(377856K) Eden: 45056K(45056K)->0K(46592K) From: 0K(331264K)->45248K(331264K)
[43.486s][info][gc,heap        ] GC(260) ParOldGen: 6133528K(6280704K)->6133528K(6280704K)
[43.486s][info][gc,metaspace   ] GC(260) Metaspace: 6298K(6464K)->6298K(6464K) NonClass: 5764K(5824K)->5764K(5824K) Class: 533K(640K)->533K(640K)
[43.486s][info][gc             ] GC(260) Pause Young (Allocation Failure) 6033M->6033M(6502M) 71.998ms
[43.486s][info][gc,cpu         ] GC(260) User=0.17s Sys=0.00s Real=0.07s
[43.486s][info][gc,start       ] GC(261) Pause Full (Ergonomics)
[43.486s][info][gc,phases,start] GC(261) Marking Phase
[44.924s][info][gc,phases      ] GC(261) Marking Phase 1438.750ms
[44.924s][info][gc,phases,start] GC(261) Summary Phase
[44.925s][info][gc,phases      ] GC(261) Summary Phase 0.102ms
[44.925s][info][gc,phases,start] GC(261) Adjust Roots
[44.925s][info][gc,phases      ] GC(261) Adjust Roots 0.199ms
[44.925s][info][gc,phases,start] GC(261) Compaction Phase
[45.516s][info][gc,phases      ] GC(261) Compaction Phase 591.497ms
[45.516s][info][gc,phases,start] GC(261) Post Compact
[45.525s][info][gc,phases      ] GC(261) Post Compact 9.010ms
[45.525s][info][gc,heap        ] GC(261) PSYoungGen: 45248K(377856K)->0K(381952K) Eden: 0K(46592K)->0K(46592K) From: 45248K(331264K)->0K(335360K)
[45.526s][info][gc,heap        ] GC(261) ParOldGen: 6133528K(6280704K)->6178552K(6280704K)
[45.526s][info][gc,metaspace   ] GC(261) Metaspace: 6298K(6464K)->6298K(6464K) NonClass: 5764K(5824K)->5764K(5824K) Class: 533K(640K)->533K(640K)
[45.526s][info][gc             ] GC(261) Pause Full (Ergonomics) 6033M->6033M(6506M) 2039.866ms
[45.526s][info][gc,cpu         ] GC(261) User=14.39s Sys=0.00s Real=2.04s
[45.577s][info][gc,start       ] GC(262) Pause Young (Allocation Failure)
[45.650s][info][gc,heap        ] GC(262) PSYoungGen: 46592K(381952K)->46816K(384512K) Eden: 46592K(46592K)->0K(50176K) From: 0K(335360K)->46816K(334336K)
[45.650s][info][gc,heap        ] GC(262) ParOldGen: 6178552K(6280704K)->6178552K(6280704K)
[45.650s][info][gc,metaspace   ] GC(262) Metaspace: 6298K(6464K)->6298K(6464K) NonClass: 5764K(5824K)->5764K(5824K) Class: 533K(640K)->533K(640K)
[45.650s][info][gc             ] GC(262) Pause Young (Allocation Failure) 6079M->6079M(6509M) 72.271ms
[45.650s][info][gc,cpu         ] GC(262) User=0.31s Sys=0.00s Real=0.07s
[45.650s][info][gc,start       ] GC(263) Pause Full (Ergonomics)
[45.650s][info][gc,phases,start] GC(263) Marking Phase
[47.083s][info][gc,phases      ] GC(263) Marking Phase 1432.798ms
[47.083s][info][gc,phases,start] GC(263) Summary Phase
[47.083s][info][gc,phases      ] GC(263) Summary Phase 0.094ms
[47.083s][info][gc,phases,start] GC(263) Adjust Roots
[47.083s][info][gc,phases      ] GC(263) Adjust Roots 0.159ms
[47.083s][info][gc,phases,start] GC(263) Compaction Phase
[47.678s][info][gc,phases      ] GC(263) Compaction Phase 595.222ms
[47.678s][info][gc,phases,start] GC(263) Post Compact
[47.688s][info][gc,phases      ] GC(263) Post Compact 10.232ms
[47.689s][info][gc,heap        ] GC(263) PSYoungGen: 46816K(384512K)->0K(385536K) Eden: 0K(50176K)->0K(50176K) From: 46816K(334336K)->0K(335360K)
[47.689s][info][gc,heap        ] GC(263) ParOldGen: 6178552K(6280704K)->6225108K(6280704K)
[47.689s][info][gc,metaspace   ] GC(263) Metaspace: 6298K(6464K)->6298K(6464K) NonClass: 5764K(5824K)->5764K(5824K) Class: 533K(640K)->533K(640K)
[47.689s][info][gc             ] GC(263) Pause Full (Ergonomics) 6079M->6079M(6510M) 2038.844ms
[47.689s][info][gc,cpu         ] GC(263) User=14.45s Sys=0.06s Real=2.04s
[47.745s][info][gc,start       ] GC(264) Pause Young (Allocation Failure)
[47.818s][info][gc,heap        ] GC(264) PSYoungGen: 50176K(385536K)->50368K(381952K) Eden: 50176K(50176K)->0K(53248K) From: 0K(335360K)->50368K(328704K)
[47.818s][info][gc,heap        ] GC(264) ParOldGen: 6225108K(6280704K)->6225108K(6280704K)
[47.818s][info][gc,metaspace   ] GC(264) Metaspace: 6298K(6464K)->6298K(6464K) NonClass: 5764K(5824K)->5764K(5824K) Class: 533K(640K)->533K(640K)
[47.818s][info][gc             ] GC(264) Pause Young (Allocation Failure) 6128M->6128M(6506M) 72.859ms
[47.818s][info][gc,cpu         ] GC(264) User=0.17s Sys=0.00s Real=0.07s
[47.818s][info][gc,start       ] GC(265) Pause Full (Ergonomics)
[47.818s][info][gc,phases,start] GC(265) Marking Phase
[49.315s][info][gc,phases      ] GC(265) Marking Phase 1496.718ms
[49.315s][info][gc,phases,start] GC(265) Summary Phase
[49.315s][info][gc,phases      ] GC(265) Summary Phase 0.113ms
[49.315s][info][gc,phases,start] GC(265) Adjust Roots
[49.315s][info][gc,phases      ] GC(265) Adjust Roots 0.251ms
[49.315s][info][gc,phases,start] GC(265) Compaction Phase
[49.943s][info][gc,phases      ] GC(265) Compaction Phase 627.904ms
[49.943s][info][gc,phases,start] GC(265) Post Compact
[49.954s][info][gc,phases      ] GC(265) Post Compact 10.872ms
[49.954s][info][gc,heap        ] GC(265) PSYoungGen: 50368K(381952K)->0K(385536K) Eden: 0K(53248K)->0K(53248K) From: 50368K(328704K)->0K(332288K)
[49.954s][info][gc,heap        ] GC(265) ParOldGen: 6225108K(6280704K)->6275249K(6280704K)
[49.954s][info][gc,metaspace   ] GC(265) Metaspace: 6298K(6464K)->6298K(6464K) NonClass: 5764K(5824K)->5764K(5824K) Class: 533K(640K)->533K(640K)
[49.954s][info][gc             ] GC(265) Pause Full (Ergonomics) 6128M->6128M(6510M) 2136.213ms
[49.954s][info][gc,cpu         ] GC(265) User=14.30s Sys=0.02s Real=2.14s
[50.008s][info][gc,start       ] GC(266) Pause Full (Ergonomics)
[50.008s][info][gc,phases,start] GC(266) Marking Phase
[51.585s][info][gc,phases      ] GC(266) Marking Phase 1576.956ms
[51.585s][info][gc,phases,start] GC(266) Summary Phase
[51.585s][info][gc,phases      ] GC(266) Summary Phase 0.081ms
[51.585s][info][gc,phases,start] GC(266) Adjust Roots
[51.585s][info][gc,phases      ] GC(266) Adjust Roots 0.222ms
[51.585s][info][gc,phases,start] GC(266) Compaction Phase
[52.190s][info][gc,phases      ] GC(266) Compaction Phase 605.032ms
[52.191s][info][gc,phases,start] GC(266) Post Compact
[52.200s][info][gc,phases      ] GC(266) Post Compact 9.326ms
[52.200s][info][gc,heap        ] GC(266) PSYoungGen: 53248K(385536K)->48095K(385536K) Eden: 53248K(53248K)->48095K(53248K) From: 0K(332288K)->0K(332288K)
[52.200s][info][gc,heap        ] GC(266) ParOldGen: 6275249K(6280704K)->6280366K(6280704K)
[52.200s][info][gc,metaspace   ] GC(266) Metaspace: 6298K(6464K)->6298K(6464K) NonClass: 5764K(5824K)->5764K(5824K) Class: 533K(640K)->533K(640K)
[52.200s][info][gc             ] GC(266) Pause Full (Ergonomics) 6180M->6180M(6510M) 2191.952ms
[52.200s][info][gc,cpu         ] GC(266) User=14.75s Sys=0.02s Real=2.19s
[52.207s][info][gc,start       ] GC(267) Pause Full (Ergonomics)
[52.207s][info][gc,phases,start] GC(267) Marking Phase
[53.755s][info][gc,phases      ] GC(267) Marking Phase 1547.838ms
[53.755s][info][gc,phases,start] GC(267) Summary Phase
[53.755s][info][gc,phases      ] GC(267) Summary Phase 0.075ms
[53.755s][info][gc,phases,start] GC(267) Adjust Roots
[53.755s][info][gc,phases      ] GC(267) Adjust Roots 0.202ms
[53.755s][info][gc,phases,start] GC(267) Compaction Phase
[54.370s][info][gc,phases      ] GC(267) Compaction Phase 614.556ms
[54.370s][info][gc,phases,start] GC(267) Post Compact
[54.379s][info][gc,phases      ] GC(267) Post Compact 9.460ms
[54.379s][info][gc,heap        ] GC(267) PSYoungGen: 53248K(385536K)->53244K(385536K) Eden: 53248K(53248K)->53244K(53248K) From: 0K(332288K)->0K(332288K)
[54.380s][info][gc,heap        ] GC(267) ParOldGen: 6280366K(6280704K)->6280366K(6280704K)
[54.380s][info][gc,metaspace   ] GC(267) Metaspace: 6298K(6464K)->6298K(6464K) NonClass: 5764K(5824K)->5764K(5824K) Class: 533K(640K)->533K(640K)
[54.380s][info][gc             ] GC(267) Pause Full (Ergonomics) 6185M->6185M(6510M) 2172.470ms
[54.380s][info][gc,cpu         ] GC(267) User=15.14s Sys=0.03s Real=2.17s
[54.380s][info][gc,start       ] GC(268) Pause Full (Ergonomics)
[54.380s][info][gc,phases,start] GC(268) Marking Phase
[55.955s][info][gc,phases      ] GC(268) Marking Phase 1575.168ms
[55.955s][info][gc,phases,start] GC(268) Summary Phase
[55.955s][info][gc,phases      ] GC(268) Summary Phase 0.081ms
[55.955s][info][gc,phases,start] GC(268) Adjust Roots
[55.955s][info][gc,phases      ] GC(268) Adjust Roots 0.303ms
[55.955s][info][gc,phases,start] GC(268) Compaction Phase
[56.580s][info][gc,phases      ] GC(268) Compaction Phase 624.035ms
[56.580s][info][gc,phases,start] GC(268) Post Compact
[56.589s][info][gc,phases      ] GC(268) Post Compact 9.493ms
[56.589s][info][gc,heap        ] GC(268) PSYoungGen: 53248K(385536K)->53247K(385536K) Eden: 53248K(53248K)->53247K(53248K) From: 0K(332288K)->0K(332288K)
[56.589s][info][gc,heap        ] GC(268) ParOldGen: 6280366K(6280704K)->6280366K(6280704K)
[56.589s][info][gc,metaspace   ] GC(268) Metaspace: 6298K(6464K)->6298K(6464K) NonClass: 5764K(5824K)->5764K(5824K) Class: 533K(640K)->533K(640K)
[56.589s][info][gc             ] GC(268) Pause Full (Ergonomics) 6185M->6185M(6510M) 2209.505ms
[56.589s][info][gc,cpu         ] GC(268) User=15.44s Sys=0.03s Real=2.21s
[56.589s][info][gc,start       ] GC(269) Pause Full (Ergonomics)
[56.589s][info][gc,phases,start] GC(269) Marking Phase
[58.162s][info][gc,phases      ] GC(269) Marking Phase 1573.038ms
[58.163s][info][gc,phases,start] GC(269) Summary Phase
[58.163s][info][gc,phases      ] GC(269) Summary Phase 0.076ms
[58.163s][info][gc,phases,start] GC(269) Adjust Roots
[58.163s][info][gc,phases      ] GC(269) Adjust Roots 0.202ms
[58.163s][info][gc,phases,start] GC(269) Compaction Phase
[58.780s][info][gc,phases      ] GC(269) Compaction Phase 617.297ms
[58.780s][info][gc,phases,start] GC(269) Post Compact
[58.790s][info][gc,phases      ] GC(269) Post Compact 9.353ms
[58.790s][info][gc,heap        ] GC(269) PSYoungGen: 53247K(385536K)->53247K(385536K) Eden: 53247K(53248K)->53247K(53248K) From: 0K(332288K)->0K(332288K)
[58.790s][info][gc,heap        ] GC(269) ParOldGen: 6280366K(6280704K)->6280366K(6280704K)
[58.790s][info][gc,metaspace   ] GC(269) Metaspace: 6298K(6464K)->6298K(6464K) NonClass: 5764K(5824K)->5764K(5824K) Class: 533K(640K)->533K(640K)
[58.790s][info][gc             ] GC(269) Pause Full (Ergonomics) 6185M->6185M(6510M) 2200.299ms
[58.790s][info][gc,cpu         ] GC(269) User=15.86s Sys=0.00s Real=2.20s
[58.790s][info][gc,start       ] GC(270) Pause Full (Ergonomics)
[58.790s][info][gc,phases,start] GC(270) Marking Phase
[60.374s][info][gc,phases      ] GC(270) Marking Phase 1584.507ms
[60.374s][info][gc,phases,start] GC(270) Summary Phase
[60.375s][info][gc,phases      ] GC(270) Summary Phase 0.063ms
[60.375s][info][gc,phases,start] GC(270) Adjust Roots
[60.375s][info][gc,phases      ] GC(270) Adjust Roots 0.170ms
[60.375s][info][gc,phases,start] GC(270) Compaction Phase
[60.994s][info][gc,phases      ] GC(270) Compaction Phase 619.665ms
[60.994s][info][gc,phases,start] GC(270) Post Compact
[61.004s][info][gc,phases      ] GC(270) Post Compact 9.349ms
[61.004s][info][gc,heap        ] GC(270) PSYoungGen: 53247K(385536K)->53247K(385536K) Eden: 53247K(53248K)->53247K(53248K) From: 0K(332288K)->0K(332288K)
[61.004s][info][gc,heap        ] GC(270) ParOldGen: 6280371K(6280704K)->6280371K(6280704K)
[61.004s][info][gc,metaspace   ] GC(270) Metaspace: 6298K(6464K)->6298K(6464K) NonClass: 5764K(5824K)->5764K(5824K) Class: 533K(640K)->533K(640K)
[61.004s][info][gc             ] GC(270) Pause Full (Ergonomics) 6185M->6185M(6510M) 2214.061ms
[61.004s][info][gc,cpu         ] GC(270) User=15.84s Sys=0.00s Real=2.21s
[61.004s][info][gc,start       ] GC(271) Pause Full (Ergonomics)
[61.004s][info][gc,phases,start] GC(271) Marking Phase
[62.535s][info][gc,phases      ] GC(271) Marking Phase 1530.485ms
[62.535s][info][gc,phases,start] GC(271) Summary Phase
[62.535s][info][gc,phases      ] GC(271) Summary Phase 0.072ms
[62.535s][info][gc,phases,start] GC(271) Adjust Roots
[62.535s][info][gc,phases      ] GC(271) Adjust Roots 0.260ms
[62.535s][info][gc,phases,start] GC(271) Compaction Phase
[63.126s][info][gc,phases      ] GC(271) Compaction Phase 590.457ms
[63.126s][info][gc,phases,start] GC(271) Post Compact
[63.135s][info][gc,phases      ] GC(271) Post Compact 9.736ms
[63.135s][info][gc,heap        ] GC(271) PSYoungGen: 53247K(385536K)->53247K(385536K) Eden: 53247K(53248K)->53247K(53248K) From: 0K(332288K)->0K(332288K)
[63.135s][info][gc,heap        ] GC(271) ParOldGen: 6280376K(6280704K)->6280376K(6280704K)
[63.135s][info][gc,metaspace   ] GC(271) Metaspace: 6298K(6464K)->6298K(6464K) NonClass: 5764K(5824K)->5764K(5824K) Class: 533K(640K)->533K(640K)
[63.135s][info][gc             ] GC(271) Pause Full (Ergonomics) 6185M->6185M(6510M) 2131.355ms
[63.135s][info][gc,cpu         ] GC(271) User=15.45s Sys=0.00s Real=2.13s
[63.136s][info][gc,start       ] GC(272) Pause Full (Ergonomics)
[63.136s][info][gc,phases,start] GC(272) Marking Phase
[64.689s][info][gc,phases      ] GC(272) Marking Phase 1553.534ms
[64.689s][info][gc,phases,start] GC(272) Summary Phase
[64.689s][info][gc,phases      ] GC(272) Summary Phase 0.063ms
[64.689s][info][gc,phases,start] GC(272) Adjust Roots
[64.690s][info][gc,phases      ] GC(272) Adjust Roots 0.158ms
[64.690s][info][gc,phases,start] GC(272) Compaction Phase
[65.295s][info][gc,phases      ] GC(272) Compaction Phase 605.845ms
[65.295s][info][gc,phases,start] GC(272) Post Compact
[65.305s][info][gc,phases      ] GC(272) Post Compact 9.221ms
[65.305s][info][gc,heap        ] GC(272) PSYoungGen: 53247K(385536K)->53247K(385536K) Eden: 53247K(53248K)->53247K(53248K) From: 0K(332288K)->0K(332288K)
[65.305s][info][gc,heap        ] GC(272) ParOldGen: 6280381K(6280704K)->6280381K(6280704K)
[65.305s][info][gc,metaspace   ] GC(272) Metaspace: 6298K(6464K)->6298K(6464K) NonClass: 5764K(5824K)->5764K(5824K) Class: 533K(640K)->533K(640K)
[65.305s][info][gc             ] GC(272) Pause Full (Ergonomics) 6185M->6185M(6510M) 2169.128ms
[65.305s][info][gc,cpu         ] GC(272) User=15.61s Sys=0.03s Real=2.17s
[65.305s][info][gc,start       ] GC(273) Pause Full (Ergonomics)
[65.305s][info][gc,phases,start] GC(273) Marking Phase
[66.879s][info][gc,phases      ] GC(273) Marking Phase 1573.863ms
[66.879s][info][gc,phases,start] GC(273) Summary Phase
[66.879s][info][gc,phases      ] GC(273) Summary Phase 0.065ms
[66.879s][info][gc,phases,start] GC(273) Adjust Roots
[66.879s][info][gc,phases      ] GC(273) Adjust Roots 0.191ms
[66.879s][info][gc,phases,start] GC(273) Compaction Phase
[67.500s][info][gc,phases      ] GC(273) Compaction Phase 620.777ms
[67.500s][info][gc,phases,start] GC(273) Post Compact
[67.510s][info][gc,phases      ] GC(273) Post Compact 9.537ms
[67.510s][info][gc,heap        ] GC(273) PSYoungGen: 53247K(385536K)->53247K(385536K) Eden: 53247K(53248K)->53247K(53248K) From: 0K(332288K)->0K(332288K)
[67.510s][info][gc,heap        ] GC(273) ParOldGen: 6280386K(6280704K)->6280386K(6280704K)
[67.510s][info][gc,metaspace   ] GC(273) Metaspace: 6298K(6464K)->6298K(6464K) NonClass: 5764K(5824K)->5764K(5824K) Class: 533K(640K)->533K(640K)
[67.510s][info][gc             ] GC(273) Pause Full (Ergonomics) 6185M->6185M(6510M) 2204.838ms
[67.510s][info][gc,cpu         ] GC(273) User=15.83s Sys=0.00s Real=2.21s
[67.510s][info][gc,start       ] GC(274) Pause Full (Ergonomics)
[67.510s][info][gc,phases,start] GC(274) Marking Phase
[69.136s][info][gc,phases      ] GC(274) Marking Phase 1625.590ms
[69.136s][info][gc,phases,start] GC(274) Summary Phase
[69.136s][info][gc,phases      ] GC(274) Summary Phase 0.067ms
[69.136s][info][gc,phases,start] GC(274) Adjust Roots
[69.136s][info][gc,phases      ] GC(274) Adjust Roots 0.172ms
[69.136s][info][gc,phases,start] GC(274) Compaction Phase
[69.749s][info][gc,phases      ] GC(274) Compaction Phase 612.861ms
[69.749s][info][gc,phases,start] GC(274) Post Compact
[69.759s][info][gc,phases      ] GC(274) Post Compact 9.934ms
[69.759s][info][gc,heap        ] GC(274) PSYoungGen: 53247K(385536K)->53247K(385536K) Eden: 53247K(53248K)->53247K(53248K) From: 0K(332288K)->0K(332288K)
[69.759s][info][gc,heap        ] GC(274) ParOldGen: 6280390K(6280704K)->6280390K(6280704K)
[69.759s][info][gc,metaspace   ] GC(274) Metaspace: 6298K(6464K)->6298K(6464K) NonClass: 5764K(5824K)->5764K(5824K) Class: 533K(640K)->533K(640K)
[69.759s][info][gc             ] GC(274) Pause Full (Ergonomics) 6185M->6185M(6510M) 2248.963ms
[69.759s][info][gc,cpu         ] GC(274) User=15.45s Sys=0.02s Real=2.25s
[69.759s][info][gc,start       ] GC(275) Pause Full (Ergonomics)
[69.759s][info][gc,phases,start] GC(275) Marking Phase
[71.325s][info][gc,phases      ] GC(275) Marking Phase 1565.702ms
[71.325s][info][gc,phases,start] GC(275) Summary Phase
[71.325s][info][gc,phases      ] GC(275) Summary Phase 0.102ms
[71.325s][info][gc,phases,start] GC(275) Adjust Roots
[71.325s][info][gc,phases      ] GC(275) Adjust Roots 0.237ms
[71.325s][info][gc,phases,start] GC(275) Compaction Phase
[71.929s][info][gc,phases      ] GC(275) Compaction Phase 603.111ms
[71.929s][info][gc,phases,start] GC(275) Post Compact
[71.938s][info][gc,phases      ] GC(275) Post Compact 9.370ms
[71.938s][info][gc,heap        ] GC(275) PSYoungGen: 53247K(385536K)->53247K(385536K) Eden: 53247K(53248K)->53247K(53248K) From: 0K(332288K)->0K(332288K)
[71.938s][info][gc,heap        ] GC(275) ParOldGen: 6280395K(6280704K)->6280395K(6280704K)
[71.938s][info][gc,metaspace   ] GC(275) Metaspace: 6298K(6464K)->6298K(6464K) NonClass: 5764K(5824K)->5764K(5824K) Class: 533K(640K)->533K(640K)
[71.938s][info][gc             ] GC(275) Pause Full (Ergonomics) 6185M->6185M(6510M) 2178.856ms
[71.938s][info][gc,cpu         ] GC(275) User=15.58s Sys=0.02s Real=2.18s
[71.938s][info][gc,start       ] GC(276) Pause Full (Ergonomics)
[71.938s][info][gc,phases,start] GC(276) Marking Phase
[73.487s][info][gc,phases      ] GC(276) Marking Phase 1548.809ms
[73.487s][info][gc,phases,start] GC(276) Summary Phase
[73.487s][info][gc,phases      ] GC(276) Summary Phase 0.110ms
[73.487s][info][gc,phases,start] GC(276) Adjust Roots
[73.487s][info][gc,phases      ] GC(276) Adjust Roots 0.236ms
[73.488s][info][gc,phases,start] GC(276) Compaction Phase
[74.135s][info][gc,phases      ] GC(276) Compaction Phase 647.343ms
[74.135s][info][gc,phases,start] GC(276) Post Compact
[74.144s][info][gc,phases      ] GC(276) Post Compact 9.225ms
[74.144s][info][gc,heap        ] GC(276) PSYoungGen: 53247K(385536K)->53247K(385536K) Eden: 53247K(53248K)->53247K(53248K) From: 0K(332288K)->0K(332288K)
[74.144s][info][gc,heap        ] GC(276) ParOldGen: 6280400K(6280704K)->6280400K(6280704K)
[74.144s][info][gc,metaspace   ] GC(276) Metaspace: 6298K(6464K)->6298K(6464K) NonClass: 5764K(5824K)->5764K(5824K) Class: 533K(640K)->533K(640K)
[74.144s][info][gc             ] GC(276) Pause Full (Ergonomics) 6185M->6185M(6510M) 2206.010ms
[74.144s][info][gc,cpu         ] GC(276) User=15.55s Sys=0.03s Real=2.21s
[74.144s][info][gc,start       ] GC(277) Pause Full (Ergonomics)
[74.144s][info][gc,phases,start] GC(277) Marking Phase
[75.690s][info][gc,phases      ] GC(277) Marking Phase 1545.775ms
[75.690s][info][gc,phases,start] GC(277) Summary Phase
[75.690s][info][gc,phases      ] GC(277) Summary Phase 0.084ms
[75.690s][info][gc,phases,start] GC(277) Adjust Roots
[75.691s][info][gc,phases      ] GC(277) Adjust Roots 0.249ms
[75.691s][info][gc,phases,start] GC(277) Compaction Phase
[76.304s][info][gc,phases      ] GC(277) Compaction Phase 613.555ms
[76.304s][info][gc,phases,start] GC(277) Post Compact
[76.314s][info][gc,phases      ] GC(277) Post Compact 9.222ms
[76.314s][info][gc,heap        ] GC(277) PSYoungGen: 53247K(385536K)->53247K(385536K) Eden: 53247K(53248K)->53247K(53248K) From: 0K(332288K)->0K(332288K)
[76.314s][info][gc,heap        ] GC(277) ParOldGen: 6280405K(6280704K)->6280405K(6280704K)
[76.314s][info][gc,metaspace   ] GC(277) Metaspace: 6298K(6464K)->6298K(6464K) NonClass: 5764K(5824K)->5764K(5824K) Class: 533K(640K)->533K(640K)
[76.314s][info][gc             ] GC(277) Pause Full (Ergonomics) 6185M->6185M(6510M) 2169.203ms
[76.314s][info][gc,cpu         ] GC(277) User=15.39s Sys=0.00s Real=2.17s
[76.314s][info][gc,start       ] GC(278) Pause Full (Ergonomics)
[76.314s][info][gc,phases,start] GC(278) Marking Phase
[77.860s][info][gc,phases      ] GC(278) Marking Phase 1545.755ms
[77.860s][info][gc,phases,start] GC(278) Summary Phase
[77.860s][info][gc,phases      ] GC(278) Summary Phase 0.081ms
[77.860s][info][gc,phases,start] GC(278) Adjust Roots
[77.860s][info][gc,phases      ] GC(278) Adjust Roots 0.167ms
[77.860s][info][gc,phases,start] GC(278) Compaction Phase
[78.465s][info][gc,phases      ] GC(278) Compaction Phase 604.742ms
[78.465s][info][gc,phases,start] GC(278) Post Compact
[78.474s][info][gc,phases      ] GC(278) Post Compact 9.402ms
[78.474s][info][gc,heap        ] GC(278) PSYoungGen: 53247K(385536K)->53247K(385536K) Eden: 53247K(53248K)->53247K(53248K) From: 0K(332288K)->0K(332288K)
[78.474s][info][gc,heap        ] GC(278) ParOldGen: 6280410K(6280704K)->6280410K(6280704K)
[78.474s][info][gc,metaspace   ] GC(278) Metaspace: 6298K(6464K)->6298K(6464K) NonClass: 5764K(5824K)->5764K(5824K) Class: 533K(640K)->533K(640K)
[78.474s][info][gc             ] GC(278) Pause Full (Ergonomics) 6185M->6185M(6510M) 2160.476ms
[78.474s][info][gc,cpu         ] GC(278) User=15.14s Sys=0.00s Real=2.16s
[78.474s][info][gc,start       ] GC(279) Pause Full (Ergonomics)
[78.474s][info][gc,phases,start] GC(279) Marking Phase
[80.034s][info][gc,phases      ] GC(279) Marking Phase 1559.490ms
[80.034s][info][gc,phases,start] GC(279) Summary Phase
[80.034s][info][gc,phases      ] GC(279) Summary Phase 0.073ms
[80.034s][info][gc,phases,start] GC(279) Adjust Roots
[80.034s][info][gc,phases      ] GC(279) Adjust Roots 0.222ms
[80.034s][info][gc,phases,start] GC(279) Compaction Phase
[80.616s][info][gc,phases      ] GC(279) Compaction Phase 581.848ms
[80.616s][info][gc,phases,start] GC(279) Post Compact
[80.625s][info][gc,phases      ] GC(279) Post Compact 9.188ms
[80.626s][info][gc,heap        ] GC(279) PSYoungGen: 53247K(385536K)->53247K(385536K) Eden: 53247K(53248K)->53247K(53248K) From: 0K(332288K)->0K(332288K)
[80.626s][info][gc,heap        ] GC(279) ParOldGen: 6280415K(6280704K)->6280415K(6280704K)
[80.626s][info][gc,metaspace   ] GC(279) Metaspace: 6298K(6464K)->6298K(6464K) NonClass: 5764K(5824K)->5764K(5824K) Class: 533K(640K)->533K(640K)
[80.626s][info][gc             ] GC(279) Pause Full (Ergonomics) 6185M->6185M(6510M) 2151.138ms
[80.626s][info][gc,cpu         ] GC(279) User=15.50s Sys=0.00s Real=2.15s
[80.626s][info][gc,start       ] GC(280) Pause Full (Ergonomics)
[80.626s][info][gc,phases,start] GC(280) Marking Phase
[82.154s][info][gc,phases      ] GC(280) Marking Phase 1528.551ms
[82.154s][info][gc,phases,start] GC(280) Summary Phase
[82.154s][info][gc,phases      ] GC(280) Summary Phase 0.063ms
[82.154s][info][gc,phases,start] GC(280) Adjust Roots
[82.155s][info][gc,phases      ] GC(280) Adjust Roots 0.181ms
[82.155s][info][gc,phases,start] GC(280) Compaction Phase
[82.749s][info][gc,phases      ] GC(280) Compaction Phase 593.929ms
[82.749s][info][gc,phases,start] GC(280) Post Compact
[82.759s][info][gc,phases      ] GC(280) Post Compact 10.039ms
[82.759s][info][gc,heap        ] GC(280) PSYoungGen: 53247K(385536K)->53247K(385536K) Eden: 53247K(53248K)->53247K(53248K) From: 0K(332288K)->0K(332288K)
[82.759s][info][gc,heap        ] GC(280) ParOldGen: 6280419K(6280704K)->6280419K(6280704K)
[82.759s][info][gc,metaspace   ] GC(280) Metaspace: 6298K(6464K)->6298K(6464K) NonClass: 5764K(5824K)->5764K(5824K) Class: 533K(640K)->533K(640K)
[82.759s][info][gc             ] GC(280) Pause Full (Ergonomics) 6185M->6185M(6510M) 2133.102ms
[82.759s][info][gc,cpu         ] GC(280) User=15.31s Sys=0.00s Real=2.13s
[82.759s][info][gc,start       ] GC(281) Pause Full (Ergonomics)
[82.759s][info][gc,phases,start] GC(281) Marking Phase
[84.328s][info][gc,phases      ] GC(281) Marking Phase 1569.081ms
[84.328s][info][gc,phases,start] GC(281) Summary Phase
[84.328s][info][gc,phases      ] GC(281) Summary Phase 0.106ms
[84.328s][info][gc,phases,start] GC(281) Adjust Roots
[84.329s][info][gc,phases      ] GC(281) Adjust Roots 0.422ms
[84.329s][info][gc,phases,start] GC(281) Compaction Phase
[84.903s][info][gc,phases      ] GC(281) Compaction Phase 573.674ms
[84.903s][info][gc,phases,start] GC(281) Post Compact
[84.912s][info][gc,phases      ] GC(281) Post Compact 9.479ms
[84.912s][info][gc,heap        ] GC(281) PSYoungGen: 53247K(385536K)->53247K(385536K) Eden: 53247K(53248K)->53247K(53248K) From: 0K(332288K)->0K(332288K)
[84.912s][info][gc,heap        ] GC(281) ParOldGen: 6280424K(6280704K)->6280424K(6280704K)
[84.912s][info][gc,metaspace   ] GC(281) Metaspace: 6298K(6464K)->6298K(6464K) NonClass: 5764K(5824K)->5764K(5824K) Class: 533K(640K)->533K(640K)
[84.912s][info][gc             ] GC(281) Pause Full (Ergonomics) 6185M->6185M(6510M) 2153.149ms
[84.912s][info][gc,cpu         ] GC(281) User=15.47s Sys=0.02s Real=2.15s
[84.912s][info][gc,start       ] GC(282) Pause Full (Ergonomics)
[84.912s][info][gc,phases,start] GC(282) Marking Phase
[86.423s][info][gc,phases      ] GC(282) Marking Phase 1510.765ms
[86.423s][info][gc,phases,start] GC(282) Summary Phase
[86.423s][info][gc,phases      ] GC(282) Summary Phase 0.065ms
[86.423s][info][gc,phases,start] GC(282) Adjust Roots
[86.424s][info][gc,phases      ] GC(282) Adjust Roots 0.169ms
[86.424s][info][gc,phases,start] GC(282) Compaction Phase
[87.010s][info][gc,phases      ] GC(282) Compaction Phase 586.573ms
[87.010s][info][gc,phases,start] GC(282) Post Compact
[87.020s][info][gc,phases      ] GC(282) Post Compact 9.383ms
[87.020s][info][gc,heap        ] GC(282) PSYoungGen: 53247K(385536K)->53247K(385536K) Eden: 53247K(53248K)->53247K(53248K) From: 0K(332288K)->0K(332288K)
[87.020s][info][gc,heap        ] GC(282) ParOldGen: 6280429K(6280704K)->6280429K(6280704K)
[87.020s][info][gc,metaspace   ] GC(282) Metaspace: 6298K(6464K)->6298K(6464K) NonClass: 5764K(5824K)->5764K(5824K) Class: 533K(640K)->533K(640K)
[87.020s][info][gc             ] GC(282) Pause Full (Ergonomics) 6185M->6185M(6510M) 2107.287ms
[87.020s][info][gc,cpu         ] GC(282) User=15.22s Sys=0.00s Real=2.11s
[87.020s][info][gc,start       ] GC(283) Pause Full (Ergonomics)
[87.020s][info][gc,phases,start] GC(283) Marking Phase
[88.553s][info][gc,phases      ] GC(283) Marking Phase 1533.274ms
[88.553s][info][gc,phases,start] GC(283) Summary Phase
[88.553s][info][gc,phases      ] GC(283) Summary Phase 0.068ms
[88.553s][info][gc,phases,start] GC(283) Adjust Roots
[88.554s][info][gc,phases      ] GC(283) Adjust Roots 0.184ms
[88.554s][info][gc,phases,start] GC(283) Compaction Phase
[89.171s][info][gc,phases      ] GC(283) Compaction Phase 617.049ms
[89.171s][info][gc,phases,start] GC(283) Post Compact
[89.181s][info][gc,phases      ] GC(283) Post Compact 10.780ms
[89.182s][info][gc,heap        ] GC(283) PSYoungGen: 53247K(385536K)->53247K(385536K) Eden: 53247K(53248K)->53247K(53248K) From: 0K(332288K)->0K(332288K)
[89.182s][info][gc,heap        ] GC(283) ParOldGen: 6280434K(6280704K)->6280434K(6280704K)
[89.182s][info][gc,metaspace   ] GC(283) Metaspace: 6298K(6464K)->6298K(6464K) NonClass: 5764K(5824K)->5764K(5824K) Class: 533K(640K)->533K(640K)
[89.182s][info][gc             ] GC(283) Pause Full (Ergonomics) 6185M->6185M(6510M) 2161.710ms
[89.182s][info][gc,cpu         ] GC(283) User=15.45s Sys=0.02s Real=2.16s
[89.182s][info][gc,start       ] GC(284) Pause Full (Ergonomics)
[89.182s][info][gc,phases,start] GC(284) Marking Phase
[90.703s][info][gc,phases      ] GC(284) Marking Phase 1520.857ms
[90.703s][info][gc,phases,start] GC(284) Summary Phase
[90.703s][info][gc,phases      ] GC(284) Summary Phase 0.075ms
[90.703s][info][gc,phases,start] GC(284) Adjust Roots
[90.703s][info][gc,phases      ] GC(284) Adjust Roots 0.199ms
[90.703s][info][gc,phases,start] GC(284) Compaction Phase
[91.294s][info][gc,phases      ] GC(284) Compaction Phase 591.060ms
[91.294s][info][gc,phases,start] GC(284) Post Compact
[91.303s][info][gc,phases      ] GC(284) Post Compact 9.244ms
[91.303s][info][gc,heap        ] GC(284) PSYoungGen: 53247K(385536K)->53247K(385536K) Eden: 53247K(53248K)->53247K(53248K) From: 0K(332288K)->0K(332288K)
[91.304s][info][gc,heap        ] GC(284) ParOldGen: 6280439K(6280704K)->6280439K(6280704K)
[91.304s][info][gc,metaspace   ] GC(284) Metaspace: 6298K(6464K)->6298K(6464K) NonClass: 5764K(5824K)->5764K(5824K) Class: 533K(640K)->533K(640K)
[91.304s][info][gc             ] GC(284) Pause Full (Ergonomics) 6185M->6185M(6510M) 2121.763ms
[91.304s][info][gc,cpu         ] GC(284) User=15.30s Sys=0.00s Real=2.12s
[91.304s][info][gc,start       ] GC(285) Pause Full (Ergonomics)
[91.304s][info][gc,phases,start] GC(285) Marking Phase
[92.827s][info][gc,phases      ] GC(285) Marking Phase 1523.416ms
[92.827s][info][gc,phases,start] GC(285) Summary Phase
[92.827s][info][gc,phases      ] GC(285) Summary Phase 0.064ms
[92.827s][info][gc,phases,start] GC(285) Adjust Roots
[92.828s][info][gc,phases      ] GC(285) Adjust Roots 0.172ms
[92.828s][info][gc,phases,start] GC(285) Compaction Phase
[93.400s][info][gc,phases      ] GC(285) Compaction Phase 572.664ms
[93.400s][info][gc,phases,start] GC(285) Post Compact
[93.410s][info][gc,phases      ] GC(285) Post Compact 9.228ms
[93.410s][info][gc,heap        ] GC(285) PSYoungGen: 53247K(385536K)->53247K(385536K) Eden: 53247K(53248K)->53247K(53248K) From: 0K(332288K)->0K(332288K)
[93.410s][info][gc,heap        ] GC(285) ParOldGen: 6280444K(6280704K)->6280444K(6280704K)
[93.410s][info][gc,metaspace   ] GC(285) Metaspace: 6298K(6464K)->6298K(6464K) NonClass: 5764K(5824K)->5764K(5824K) Class: 533K(640K)->533K(640K)
[93.410s][info][gc             ] GC(285) Pause Full (Ergonomics) 6185M->6185M(6510M) 2105.842ms
[93.410s][info][gc,cpu         ] GC(285) User=15.17s Sys=0.00s Real=2.11s
[93.410s][info][gc,start       ] GC(286) Pause Full (Ergonomics)
[93.410s][info][gc,phases,start] GC(286) Marking Phase
[94.907s][info][gc,phases      ] GC(286) Marking Phase 1497.556ms
[94.907s][info][gc,phases,start] GC(286) Summary Phase
[94.907s][info][gc,phases      ] GC(286) Summary Phase 0.064ms
[94.907s][info][gc,phases,start] GC(286) Adjust Roots
[94.908s][info][gc,phases      ] GC(286) Adjust Roots 0.167ms
[94.908s][info][gc,phases,start] GC(286) Compaction Phase
[95.489s][info][gc,phases      ] GC(286) Compaction Phase 581.008ms
[95.489s][info][gc,phases,start] GC(286) Post Compact
[95.498s][info][gc,phases      ] GC(286) Post Compact 9.234ms
[95.498s][info][gc,heap        ] GC(286) PSYoungGen: 53247K(385536K)->53247K(385536K) Eden: 53247K(53248K)->53247K(53248K) From: 0K(332288K)->0K(332288K)
[95.498s][info][gc,heap        ] GC(286) ParOldGen: 6280448K(6280704K)->6280448K(6280704K)
[95.498s][info][gc,metaspace   ] GC(286) Metaspace: 6298K(6464K)->6298K(6464K) NonClass: 5764K(5824K)->5764K(5824K) Class: 533K(640K)->533K(640K)
[95.498s][info][gc             ] GC(286) Pause Full (Ergonomics) 6185M->6185M(6510M) 2088.301ms
[95.498s][info][gc,cpu         ] GC(286) User=14.95s Sys=0.00s Real=2.09s
[95.498s][info][gc,start       ] GC(287) Pause Full (Ergonomics)
[95.498s][info][gc,phases,start] GC(287) Marking Phase
[97.005s][info][gc,phases      ] GC(287) Marking Phase 1507.019ms
[97.005s][info][gc,phases,start] GC(287) Summary Phase
[97.005s][info][gc,phases      ] GC(287) Summary Phase 0.067ms
[97.005s][info][gc,phases,start] GC(287) Adjust Roots
[97.006s][info][gc,phases      ] GC(287) Adjust Roots 0.161ms
[97.006s][info][gc,phases,start] GC(287) Compaction Phase
[97.592s][info][gc,phases      ] GC(287) Compaction Phase 586.170ms
[97.592s][info][gc,phases,start] GC(287) Post Compact
[97.601s][info][gc,phases      ] GC(287) Post Compact 9.131ms
[97.601s][info][gc,heap        ] GC(287) PSYoungGen: 53247K(385536K)->53247K(385536K) Eden: 53247K(53248K)->53247K(53248K) From: 0K(332288K)->0K(332288K)
[97.601s][info][gc,heap        ] GC(287) ParOldGen: 6280453K(6280704K)->6280453K(6280704K)
[97.601s][info][gc,metaspace   ] GC(287) Metaspace: 6298K(6464K)->6298K(6464K) NonClass: 5764K(5824K)->5764K(5824K) Class: 533K(640K)->533K(640K)
[97.601s][info][gc             ] GC(287) Pause Full (Ergonomics) 6185M->6185M(6510M) 2102.832ms
[97.601s][info][gc,cpu         ] GC(287) User=15.20s Sys=0.00s Real=2.10s
[97.601s][info][gc,start       ] GC(288) Pause Full (Ergonomics)
[97.601s][info][gc,phases,start] GC(288) Marking Phase
[99.133s][info][gc,phases      ] GC(288) Marking Phase 1531.408ms
[99.133s][info][gc,phases,start] GC(288) Summary Phase
[99.133s][info][gc,phases      ] GC(288) Summary Phase 0.112ms
[99.133s][info][gc,phases,start] GC(288) Adjust Roots
[99.133s][info][gc,phases      ] GC(288) Adjust Roots 0.328ms
[99.133s][info][gc,phases,start] GC(288) Compaction Phase
[99.778s][info][gc,phases      ] GC(288) Compaction Phase 644.739ms
[99.778s][info][gc,phases,start] GC(288) Post Compact
[99.788s][info][gc,phases      ] GC(288) Post Compact 10.062ms
[99.788s][info][gc,heap        ] GC(288) PSYoungGen: 53247K(385536K)->53247K(385536K) Eden: 53247K(53248K)->53247K(53248K) From: 0K(332288K)->0K(332288K)
[99.788s][info][gc,heap        ] GC(288) ParOldGen: 6280458K(6280704K)->6280458K(6280704K)
[99.788s][info][gc,metaspace   ] GC(288) Metaspace: 6298K(6464K)->6298K(6464K) NonClass: 5764K(5824K)->5764K(5824K) Class: 533K(640K)->533K(640K)
[99.788s][info][gc             ] GC(288) Pause Full (Ergonomics) 6185M->6185M(6510M) 2186.992ms
[99.788s][info][gc,cpu         ] GC(288) User=15.22s Sys=0.00s Real=2.19s
[99.788s][info][gc,start       ] GC(289) Pause Full (Ergonomics)
[99.788s][info][gc,phases,start] GC(289) Marking Phase
[101.301s][info][gc,phases      ] GC(289) Marking Phase 1512.670ms
[101.301s][info][gc,phases,start] GC(289) Summary Phase
[101.301s][info][gc,phases      ] GC(289) Summary Phase 0.131ms
[101.301s][info][gc,phases,start] GC(289) Adjust Roots
[101.302s][info][gc,phases      ] GC(289) Adjust Roots 0.270ms
[101.302s][info][gc,phases,start] GC(289) Compaction Phase
[101.883s][info][gc,phases      ] GC(289) Compaction Phase 581.609ms
[101.883s][info][gc,phases,start] GC(289) Post Compact
[101.894s][info][gc,phases      ] GC(289) Post Compact 10.799ms
[101.894s][info][gc,heap        ] GC(289) PSYoungGen: 53247K(385536K)->53247K(385536K) Eden: 53247K(53248K)->53247K(53248K) From: 0K(332288K)->0K(332288K)
[101.894s][info][gc,heap        ] GC(289) ParOldGen: 6280463K(6280704K)->6280463K(6280704K)
[101.894s][info][gc,metaspace   ] GC(289) Metaspace: 6298K(6464K)->6298K(6464K) NonClass: 5764K(5824K)->5764K(5824K) Class: 533K(640K)->533K(640K)
[101.894s][info][gc             ] GC(289) Pause Full (Ergonomics) 6185M->6185M(6510M) 2105.892ms
[101.894s][info][gc,cpu         ] GC(289) User=15.22s Sys=0.00s Real=2.11s
[101.895s][info][gc,start       ] GC(290) Pause Full (Ergonomics)
[101.895s][info][gc,phases,start] GC(290) Marking Phase
[103.408s][info][gc,phases      ] GC(290) Marking Phase 1513.244ms
[103.408s][info][gc,phases,start] GC(290) Summary Phase
[103.408s][info][gc,phases      ] GC(290) Summary Phase 0.112ms
[103.408s][info][gc,phases,start] GC(290) Adjust Roots
[103.408s][info][gc,phases      ] GC(290) Adjust Roots 0.266ms
[103.408s][info][gc,phases,start] GC(290) Compaction Phase
[104.006s][info][gc,phases      ] GC(290) Compaction Phase 597.763ms
[104.006s][info][gc,phases,start] GC(290) Post Compact
[104.016s][info][gc,phases      ] GC(290) Post Compact 10.268ms
[104.016s][info][gc,heap        ] GC(290) PSYoungGen: 53247K(385536K)->53247K(385536K) Eden: 53247K(53248K)->53247K(53248K) From: 0K(332288K)->0K(332288K)
[104.016s][info][gc,heap        ] GC(290) ParOldGen: 6280468K(6280704K)->6280468K(6280704K)
[104.016s][info][gc,metaspace   ] GC(290) Metaspace: 6298K(6464K)->6298K(6464K) NonClass: 5764K(5824K)->5764K(5824K) Class: 533K(640K)->533K(640K)
[104.016s][info][gc             ] GC(290) Pause Full (Ergonomics) 6185M->6185M(6510M) 2121.950ms
[104.017s][info][gc,cpu         ] GC(290) User=14.98s Sys=0.02s Real=2.12s
[104.017s][info][gc,start       ] GC(291) Pause Full (Ergonomics)
[104.017s][info][gc,phases,start] GC(291) Marking Phase
[105.493s][info][gc,phases      ] GC(291) Marking Phase 1475.864ms
[105.493s][info][gc,phases,start] GC(291) Summary Phase
[105.493s][info][gc,phases      ] GC(291) Summary Phase 0.072ms
[105.493s][info][gc,phases,start] GC(291) Adjust Roots
[105.493s][info][gc,phases      ] GC(291) Adjust Roots 0.197ms
[105.493s][info][gc,phases,start] GC(291) Compaction Phase
[106.071s][info][gc,phases      ] GC(291) Compaction Phase 577.923ms
[106.071s][info][gc,phases,start] GC(291) Post Compact
[106.081s][info][gc,phases      ] GC(291) Post Compact 10.257ms
[106.081s][info][gc,heap        ] GC(291) PSYoungGen: 53247K(385536K)->53247K(385536K) Eden: 53247K(53248K)->53247K(53248K) From: 0K(332288K)->0K(332288K)
[106.081s][info][gc,heap        ] GC(291) ParOldGen: 6280473K(6280704K)->6280473K(6280704K)
[106.081s][info][gc,metaspace   ] GC(291) Metaspace: 6298K(6464K)->6298K(6464K) NonClass: 5764K(5824K)->5764K(5824K) Class: 533K(640K)->533K(640K)
[106.081s][info][gc             ] GC(291) Pause Full (Ergonomics) 6185M->6185M(6510M) 2064.649ms
[106.081s][info][gc,cpu         ] GC(291) User=14.77s Sys=0.02s Real=2.07s
[106.082s][info][gc,start       ] GC(292) Pause Full (Ergonomics)
[106.082s][info][gc,phases,start] GC(292) Marking Phase
[107.577s][info][gc,phases      ] GC(292) Marking Phase 1495.371ms
[107.577s][info][gc,phases,start] GC(292) Summary Phase
[107.577s][info][gc,phases      ] GC(292) Summary Phase 0.076ms
[107.577s][info][gc,phases,start] GC(292) Adjust Roots
[107.577s][info][gc,phases      ] GC(292) Adjust Roots 0.200ms
[107.577s][info][gc,phases,start] GC(292) Compaction Phase
[108.159s][info][gc,phases      ] GC(292) Compaction Phase 581.478ms
[108.159s][info][gc,phases,start] GC(292) Post Compact
[108.168s][info][gc,phases      ] GC(292) Post Compact 9.515ms
[108.169s][info][gc,heap        ] GC(292) PSYoungGen: 53247K(385536K)->53247K(385536K) Eden: 53247K(53248K)->53247K(53248K) From: 0K(332288K)->0K(332288K)
[108.169s][info][gc,heap        ] GC(292) ParOldGen: 6280477K(6280704K)->6280477K(6280704K)
[108.169s][info][gc,metaspace   ] GC(292) Metaspace: 6298K(6464K)->6298K(6464K) NonClass: 5764K(5824K)->5764K(5824K) Class: 533K(640K)->533K(640K)
[108.169s][info][gc             ] GC(292) Pause Full (Ergonomics) 6185M->6185M(6510M) 2087.059ms
[108.169s][info][gc,cpu         ] GC(292) User=14.80s Sys=0.00s Real=2.09s
[108.169s][info][gc,start       ] GC(293) Pause Full (Ergonomics)
[108.169s][info][gc,phases,start] GC(293) Marking Phase
[109.687s][info][gc,phases      ] GC(293) Marking Phase 1518.336ms
[109.687s][info][gc,phases,start] GC(293) Summary Phase
[109.687s][info][gc,phases      ] GC(293) Summary Phase 0.064ms
[109.687s][info][gc,phases,start] GC(293) Adjust Roots
[109.687s][info][gc,phases      ] GC(293) Adjust Roots 0.169ms
[109.687s][info][gc,phases,start] GC(293) Compaction Phase
[110.242s][info][gc,phases      ] GC(293) Compaction Phase 554.577ms
[110.242s][info][gc,phases,start] GC(293) Post Compact
[110.251s][info][gc,phases      ] GC(293) Post Compact 9.315ms
[110.252s][info][gc,heap        ] GC(293) PSYoungGen: 53247K(385536K)->53247K(385536K) Eden: 53247K(53248K)->53247K(53248K) From: 0K(332288K)->0K(332288K)
[110.252s][info][gc,heap        ] GC(293) ParOldGen: 6280482K(6280704K)->6280482K(6280704K)
[110.252s][info][gc,metaspace   ] GC(293) Metaspace: 6298K(6464K)->6298K(6464K) NonClass: 5764K(5824K)->5764K(5824K) Class: 533K(640K)->533K(640K)
[110.252s][info][gc             ] GC(293) Pause Full (Ergonomics) 6185M->6185M(6510M) 2082.775ms
[110.252s][info][gc,cpu         ] GC(293) User=15.17s Sys=0.02s Real=2.08s
[110.252s][info][gc,start       ] GC(294) Pause Full (Ergonomics)
[110.252s][info][gc,phases,start] GC(294) Marking Phase
[111.764s][info][gc,phases      ] GC(294) Marking Phase 1512.268ms
[111.764s][info][gc,phases,start] GC(294) Summary Phase
[111.764s][info][gc,phases      ] GC(294) Summary Phase 0.067ms
[111.764s][info][gc,phases,start] GC(294) Adjust Roots
[111.764s][info][gc,phases      ] GC(294) Adjust Roots 0.168ms
[111.764s][info][gc,phases,start] GC(294) Compaction Phase
[112.317s][info][gc,phases      ] GC(294) Compaction Phase 552.414ms
[112.317s][info][gc,phases,start] GC(294) Post Compact
[112.326s][info][gc,phases      ] GC(294) Post Compact 9.285ms
[112.326s][info][gc,heap        ] GC(294) PSYoungGen: 53247K(385536K)->53247K(385536K) Eden: 53247K(53248K)->53247K(53248K) From: 0K(332288K)->0K(332288K)
[112.326s][info][gc,heap        ] GC(294) ParOldGen: 6280487K(6280704K)->6280487K(6280704K)
[112.326s][info][gc,metaspace   ] GC(294) Metaspace: 6298K(6464K)->6298K(6464K) NonClass: 5764K(5824K)->5764K(5824K) Class: 533K(640K)->533K(640K)
[112.326s][info][gc             ] GC(294) Pause Full (Ergonomics) 6185M->6185M(6510M) 2074.513ms
[112.326s][info][gc,cpu         ] GC(294) User=15.11s Sys=0.00s Real=2.07s
[112.326s][info][gc,start       ] GC(295) Pause Full (Ergonomics)
[112.326s][info][gc,phases,start] GC(295) Marking Phase
[113.831s][info][gc,phases      ] GC(295) Marking Phase 1504.143ms
[113.831s][info][gc,phases,start] GC(295) Summary Phase
[113.831s][info][gc,phases      ] GC(295) Summary Phase 0.072ms
[113.831s][info][gc,phases,start] GC(295) Adjust Roots
[113.831s][info][gc,phases      ] GC(295) Adjust Roots 0.175ms
[113.831s][info][gc,phases,start] GC(295) Compaction Phase
[114.434s][info][gc,phases      ] GC(295) Compaction Phase 602.920ms
[114.434s][info][gc,phases,start] GC(295) Post Compact
[114.444s][info][gc,phases      ] GC(295) Post Compact 10.029ms
[114.444s][info][gc,heap        ] GC(295) PSYoungGen: 53247K(385536K)->53247K(385536K) Eden: 53247K(53248K)->53247K(53248K) From: 0K(332288K)->0K(332288K)
[114.444s][info][gc,heap        ] GC(295) ParOldGen: 6280492K(6280704K)->6280492K(6280704K)
[114.444s][info][gc,metaspace   ] GC(295) Metaspace: 6298K(6464K)->6298K(6464K) NonClass: 5764K(5824K)->5764K(5824K) Class: 533K(640K)->533K(640K)
[114.444s][info][gc             ] GC(295) Pause Full (Ergonomics) 6185M->6185M(6510M) 2117.667ms
[114.444s][info][gc,cpu         ] GC(295) User=14.98s Sys=0.00s Real=2.12s
[114.444s][info][gc,start       ] GC(296) Pause Full (Ergonomics)
[114.444s][info][gc,phases,start] GC(296) Marking Phase
[115.907s][info][gc,phases      ] GC(296) Marking Phase 1462.654ms
[115.907s][info][gc,phases,start] GC(296) Summary Phase
[115.907s][info][gc,phases      ] GC(296) Summary Phase 0.071ms
[115.907s][info][gc,phases,start] GC(296) Adjust Roots
[115.907s][info][gc,phases      ] GC(296) Adjust Roots 0.187ms
[115.907s][info][gc,phases,start] GC(296) Compaction Phase
[116.487s][info][gc,phases      ] GC(296) Compaction Phase 579.690ms
[116.487s][info][gc,phases,start] GC(296) Post Compact
[116.497s][info][gc,phases      ] GC(296) Post Compact 9.820ms
[116.497s][info][gc,heap        ] GC(296) PSYoungGen: 53247K(385536K)->53247K(385536K) Eden: 53247K(53248K)->53247K(53248K) From: 0K(332288K)->0K(332288K)
[116.497s][info][gc,heap        ] GC(296) ParOldGen: 6280497K(6280704K)->6280497K(6280704K)
[116.497s][info][gc,metaspace   ] GC(296) Metaspace: 6298K(6464K)->6298K(6464K) NonClass: 5764K(5824K)->5764K(5824K) Class: 533K(640K)->533K(640K)
[116.497s][info][gc             ] GC(296) Pause Full (Ergonomics) 6185M->6185M(6510M) 2052.713ms
[116.497s][info][gc,cpu         ] GC(296) User=14.52s Sys=0.00s Real=2.05s
[116.497s][info][gc,start       ] GC(297) Pause Full (Ergonomics)
[116.497s][info][gc,phases,start] GC(297) Marking Phase
[117.993s][info][gc,phases      ] GC(297) Marking Phase 1495.373ms
[117.993s][info][gc,phases,start] GC(297) Summary Phase
[117.993s][info][gc,phases      ] GC(297) Summary Phase 0.110ms
[117.993s][info][gc,phases,start] GC(297) Adjust Roots
[117.993s][info][gc,phases      ] GC(297) Adjust Roots 0.212ms
[117.993s][info][gc,phases,start] GC(297) Compaction Phase
[118.575s][info][gc,phases      ] GC(297) Compaction Phase 582.262ms
[118.575s][info][gc,phases,start] GC(297) Post Compact
[118.585s][info][gc,phases      ] GC(297) Post Compact 10.088ms
[118.586s][info][gc,heap        ] GC(297) PSYoungGen: 53247K(385536K)->53247K(385536K) Eden: 53247K(53248K)->53247K(53248K) From: 0K(332288K)->0K(332288K)
[118.586s][info][gc,heap        ] GC(297) ParOldGen: 6280502K(6280704K)->6280502K(6280704K)
[118.586s][info][gc,metaspace   ] GC(297) Metaspace: 6298K(6464K)->6298K(6464K) NonClass: 5764K(5824K)->5764K(5824K) Class: 533K(640K)->533K(640K)
[118.586s][info][gc             ] GC(297) Pause Full (Ergonomics) 6185M->6185M(6510M) 2088.388ms
[118.586s][info][gc,cpu         ] GC(297) User=15.12s Sys=0.00s Real=2.09s
[118.586s][info][gc,start       ] GC(298) Pause Full (Ergonomics)
[118.586s][info][gc,phases,start] GC(298) Marking Phase
[120.067s][info][gc,phases      ] GC(298) Marking Phase 1480.971ms
[120.067s][info][gc,phases,start] GC(298) Summary Phase
[120.067s][info][gc,phases      ] GC(298) Summary Phase 0.077ms
[120.067s][info][gc,phases,start] GC(298) Adjust Roots
[120.067s][info][gc,phases      ] GC(298) Adjust Roots 0.169ms
[120.067s][info][gc,phases,start] GC(298) Compaction Phase
[120.613s][info][gc,phases      ] GC(298) Compaction Phase 546.170ms
[120.613s][info][gc,phases,start] GC(298) Post Compact
[120.623s][info][gc,phases      ] GC(298) Post Compact 9.438ms
[120.623s][info][gc,heap        ] GC(298) PSYoungGen: 53247K(385536K)->53247K(385536K) Eden: 53247K(53248K)->53247K(53248K) From: 0K(332288K)->0K(332288K)
[120.623s][info][gc,heap        ] GC(298) ParOldGen: 6280506K(6280704K)->6280506K(6280704K)
[120.623s][info][gc,metaspace   ] GC(298) Metaspace: 6298K(6464K)->6298K(6464K) NonClass: 5764K(5824K)->5764K(5824K) Class: 533K(640K)->533K(640K)
[120.623s][info][gc             ] GC(298) Pause Full (Ergonomics) 6185M->6185M(6510M) 2037.108ms
[120.623s][info][gc,cpu         ] GC(298) User=14.83s Sys=0.00s Real=2.04s
[120.623s][info][gc,start       ] GC(299) Pause Full (Ergonomics)
[120.623s][info][gc,phases,start] GC(299) Marking Phase
[122.103s][info][gc,phases      ] GC(299) Marking Phase 1480.376ms
[122.103s][info][gc,phases,start] GC(299) Summary Phase
[122.104s][info][gc,phases      ] GC(299) Summary Phase 0.091ms
[122.104s][info][gc,phases,start] GC(299) Adjust Roots
[122.104s][info][gc,phases      ] GC(299) Adjust Roots 0.176ms
[122.104s][info][gc,phases,start] GC(299) Compaction Phase
[122.659s][info][gc,phases      ] GC(299) Compaction Phase 554.821ms
[122.659s][info][gc,phases,start] GC(299) Post Compact
[122.668s][info][gc,phases      ] GC(299) Post Compact 9.297ms
[122.668s][info][gc,heap        ] GC(299) PSYoungGen: 53247K(385536K)->53247K(385536K) Eden: 53247K(53248K)->53247K(53248K) From: 0K(332288K)->0K(332288K)
[122.668s][info][gc,heap        ] GC(299) ParOldGen: 6280511K(6280704K)->6280511K(6280704K)
[122.668s][info][gc,metaspace   ] GC(299) Metaspace: 6298K(6464K)->6298K(6464K) NonClass: 5764K(5824K)->5764K(5824K) Class: 533K(640K)->533K(640K)
[122.668s][info][gc             ] GC(299) Pause Full (Ergonomics) 6185M->6185M(6510M) 2045.054ms
[122.668s][info][gc,cpu         ] GC(299) User=14.94s Sys=0.00s Real=2.05s
[122.668s][info][gc,start       ] GC(300) Pause Full (Ergonomics)
[122.668s][info][gc,phases,start] GC(300) Marking Phase
[124.147s][info][gc,phases      ] GC(300) Marking Phase 1478.704ms
[124.147s][info][gc,phases,start] GC(300) Summary Phase
[124.147s][info][gc,phases      ] GC(300) Summary Phase 0.063ms
[124.147s][info][gc,phases,start] GC(300) Adjust Roots
[124.147s][info][gc,phases      ] GC(300) Adjust Roots 0.165ms
[124.147s][info][gc,phases,start] GC(300) Compaction Phase
[124.719s][info][gc,phases      ] GC(300) Compaction Phase 572.190ms
[124.720s][info][gc,phases,start] GC(300) Post Compact
[124.729s][info][gc,phases      ] GC(300) Post Compact 9.146ms
[124.729s][info][gc,heap        ] GC(300) PSYoungGen: 53247K(385536K)->53247K(385536K) Eden: 53247K(53248K)->53247K(53248K) From: 0K(332288K)->0K(332288K)
[124.729s][info][gc,heap        ] GC(300) ParOldGen: 6280516K(6280704K)->6280516K(6280704K)
[124.729s][info][gc,metaspace   ] GC(300) Metaspace: 6298K(6464K)->6298K(6464K) NonClass: 5764K(5824K)->5764K(5824K) Class: 533K(640K)->533K(640K)
[124.729s][info][gc             ] GC(300) Pause Full (Ergonomics) 6185M->6185M(6510M) 2060.540ms
[124.729s][info][gc,cpu         ] GC(300) User=14.89s Sys=0.00s Real=2.06s
[124.729s][info][gc,start       ] GC(301) Pause Full (Ergonomics)
[124.729s][info][gc,phases,start] GC(301) Marking Phase
[126.210s][info][gc,phases      ] GC(301) Marking Phase 1481.189ms
[126.210s][info][gc,phases,start] GC(301) Summary Phase
[126.210s][info][gc,phases      ] GC(301) Summary Phase 0.067ms
[126.210s][info][gc,phases,start] GC(301) Adjust Roots
[126.211s][info][gc,phases      ] GC(301) Adjust Roots 0.210ms
[126.211s][info][gc,phases,start] GC(301) Compaction Phase
[126.756s][info][gc,phases      ] GC(301) Compaction Phase 544.906ms
[126.756s][info][gc,phases,start] GC(301) Post Compact
[126.765s][info][gc,phases      ] GC(301) Post Compact 9.258ms
[126.765s][info][gc,heap        ] GC(301) PSYoungGen: 53247K(385536K)->53247K(385536K) Eden: 53247K(53248K)->53247K(53248K) From: 0K(332288K)->0K(332288K)
[126.765s][info][gc,heap        ] GC(301) ParOldGen: 6280521K(6280704K)->6280521K(6280704K)
[126.765s][info][gc,metaspace   ] GC(301) Metaspace: 6298K(6464K)->6298K(6464K) NonClass: 5764K(5824K)->5764K(5824K) Class: 533K(640K)->533K(640K)
[126.765s][info][gc             ] GC(301) Pause Full (Ergonomics) 6185M->6185M(6510M) 2035.931ms
[126.765s][info][gc,cpu         ] GC(301) User=14.80s Sys=0.02s Real=2.04s
[126.765s][info][gc,start       ] GC(302) Pause Full (Ergonomics)
[126.765s][info][gc,phases,start] GC(302) Marking Phase
[128.223s][info][gc,phases      ] GC(302) Marking Phase 1457.684ms
[128.223s][info][gc,phases,start] GC(302) Summary Phase
[128.223s][info][gc,phases      ] GC(302) Summary Phase 0.064ms
[128.223s][info][gc,phases,start] GC(302) Adjust Roots
[128.223s][info][gc,phases      ] GC(302) Adjust Roots 0.156ms
[128.223s][info][gc,phases,start] GC(302) Compaction Phase
[128.799s][info][gc,phases      ] GC(302) Compaction Phase 575.942ms
[128.799s][info][gc,phases,start] GC(302) Post Compact
[128.808s][info][gc,phases      ] GC(302) Post Compact 9.265ms
[128.809s][info][gc,heap        ] GC(302) PSYoungGen: 53247K(385536K)->53247K(385536K) Eden: 53247K(53248K)->53247K(53248K) From: 0K(332288K)->0K(332288K)
[128.809s][info][gc,heap        ] GC(302) ParOldGen: 6280526K(6280704K)->6280526K(6280704K)
[128.809s][info][gc,metaspace   ] GC(302) Metaspace: 6298K(6464K)->6298K(6464K) NonClass: 5764K(5824K)->5764K(5824K) Class: 533K(640K)->533K(640K)
[128.809s][info][gc             ] GC(302) Pause Full (Ergonomics) 6185M->6185M(6510M) 2043.402ms
[128.809s][info][gc,cpu         ] GC(302) User=14.41s Sys=0.00s Real=2.04s
[128.809s][info][gc,start       ] GC(303) Pause Full (Ergonomics)
[128.809s][info][gc,phases,start] GC(303) Marking Phase
[130.269s][info][gc,phases      ] GC(303) Marking Phase 1459.983ms
[130.269s][info][gc,phases,start] GC(303) Summary Phase
[130.269s][info][gc,phases      ] GC(303) Summary Phase 0.074ms
[130.269s][info][gc,phases,start] GC(303) Adjust Roots
[130.269s][info][gc,phases      ] GC(303) Adjust Roots 0.161ms
[130.269s][info][gc,phases,start] GC(303) Compaction Phase
[130.811s][info][gc,phases      ] GC(303) Compaction Phase 541.920ms
[130.811s][info][gc,phases,start] GC(303) Post Compact
[130.820s][info][gc,phases      ] GC(303) Post Compact 9.143ms
[130.820s][info][gc,heap        ] GC(303) PSYoungGen: 53247K(385536K)->53247K(385536K) Eden: 53247K(53248K)->53247K(53248K) From: 0K(332288K)->0K(332288K)
[130.820s][info][gc,heap        ] GC(303) ParOldGen: 6280531K(6280704K)->6280531K(6280704K)
[130.820s][info][gc,metaspace   ] GC(303) Metaspace: 6298K(6464K)->6298K(6464K) NonClass: 5764K(5824K)->5764K(5824K) Class: 533K(640K)->533K(640K)
[130.820s][info][gc             ] GC(303) Pause Full (Ergonomics) 6185M->6185M(6510M) 2011.564ms
[130.820s][info][gc,cpu         ] GC(303) User=14.72s Sys=0.02s Real=2.01s
[130.820s][info][gc,start       ] GC(304) Pause Full (Ergonomics)
[130.821s][info][gc,phases,start] GC(304) Marking Phase
[132.270s][info][gc,phases      ] GC(304) Marking Phase 1448.973ms
[132.270s][info][gc,phases,start] GC(304) Summary Phase
[132.270s][info][gc,phases      ] GC(304) Summary Phase 0.063ms
[132.270s][info][gc,phases,start] GC(304) Adjust Roots
[132.270s][info][gc,phases      ] GC(304) Adjust Roots 0.187ms
[132.270s][info][gc,phases,start] GC(304) Compaction Phase
[132.822s][info][gc,phases      ] GC(304) Compaction Phase 551.956ms
[132.822s][info][gc,phases,start] GC(304) Post Compact
[132.831s][info][gc,phases      ] GC(304) Post Compact 9.480ms
[132.831s][info][gc,heap        ] GC(304) PSYoungGen: 53247K(385536K)->53247K(385536K) Eden: 53247K(53248K)->53247K(53248K) From: 0K(332288K)->0K(332288K)
[132.831s][info][gc,heap        ] GC(304) ParOldGen: 6280535K(6280704K)->6280535K(6280704K)
[132.831s][info][gc,metaspace   ] GC(304) Metaspace: 6298K(6464K)->6298K(6464K) NonClass: 5764K(5824K)->5764K(5824K) Class: 533K(640K)->533K(640K)
[132.832s][info][gc             ] GC(304) Pause Full (Ergonomics) 6185M->6185M(6510M) 2011.011ms
[132.832s][info][gc,cpu         ] GC(304) User=14.19s Sys=0.00s Real=2.01s
[132.832s][info][gc,start       ] GC(305) Pause Full (Ergonomics)
[132.832s][info][gc,phases,start] GC(305) Marking Phase
[134.302s][info][gc,phases      ] GC(305) Marking Phase 1470.330ms
[134.302s][info][gc,phases,start] GC(305) Summary Phase
[134.302s][info][gc,phases      ] GC(305) Summary Phase 0.107ms
[134.302s][info][gc,phases,start] GC(305) Adjust Roots
[134.303s][info][gc,phases      ] GC(305) Adjust Roots 0.239ms
[134.303s][info][gc,phases,start] GC(305) Compaction Phase
[134.842s][info][gc,phases      ] GC(305) Compaction Phase 539.673ms
[134.842s][info][gc,phases,start] GC(305) Post Compact
[134.852s][info][gc,phases      ] GC(305) Post Compact 9.312ms
[134.852s][info][gc,heap        ] GC(305) PSYoungGen: 53247K(385536K)->53247K(385536K) Eden: 53247K(53248K)->53247K(53248K) From: 0K(332288K)->0K(332288K)
[134.852s][info][gc,heap        ] GC(305) ParOldGen: 6280540K(6280704K)->6280540K(6280704K)
[134.852s][info][gc,metaspace   ] GC(305) Metaspace: 6298K(6464K)->6298K(6464K) NonClass: 5764K(5824K)->5764K(5824K) Class: 533K(640K)->533K(640K)
[134.852s][info][gc             ] GC(305) Pause Full (Ergonomics) 6185M->6185M(6510M) 2020.008ms
[134.852s][info][gc,cpu         ] GC(305) User=14.55s Sys=0.00s Real=2.02s
[134.852s][info][gc,start       ] GC(306) Pause Full (Ergonomics)
[134.852s][info][gc,phases,start] GC(306) Marking Phase
[136.310s][info][gc,phases      ] GC(306) Marking Phase 1458.225ms
[136.310s][info][gc,phases,start] GC(306) Summary Phase
[136.310s][info][gc,phases      ] GC(306) Summary Phase 0.097ms
[136.310s][info][gc,phases,start] GC(306) Adjust Roots
[136.311s][info][gc,phases      ] GC(306) Adjust Roots 0.293ms
[136.311s][info][gc,phases,start] GC(306) Compaction Phase
[136.888s][info][gc,phases      ] GC(306) Compaction Phase 577.782ms
[136.889s][info][gc,phases,start] GC(306) Post Compact
[136.899s][info][gc,phases      ] GC(306) Post Compact 10.857ms
[136.899s][info][gc,heap        ] GC(306) PSYoungGen: 53247K(385536K)->53247K(385536K) Eden: 53247K(53248K)->53247K(53248K) From: 0K(332288K)->0K(332288K)
[136.899s][info][gc,heap        ] GC(306) ParOldGen: 6280545K(6280704K)->6280545K(6280704K)
[136.900s][info][gc,metaspace   ] GC(306) Metaspace: 6298K(6464K)->6298K(6464K) NonClass: 5764K(5824K)->5764K(5824K) Class: 533K(640K)->533K(640K)
[136.900s][info][gc             ] GC(306) Pause Full (Ergonomics) 6185M->6185M(6510M) 2047.609ms
[136.900s][info][gc,cpu         ] GC(306) User=14.56s Sys=0.00s Real=2.05s
[136.900s][info][gc,start       ] GC(307) Pause Full (Ergonomics)
[136.900s][info][gc,phases,start] GC(307) Marking Phase
[138.379s][info][gc,phases      ] GC(307) Marking Phase 1478.920ms
[138.379s][info][gc,phases,start] GC(307) Summary Phase
[138.379s][info][gc,phases      ] GC(307) Summary Phase 0.064ms
[138.379s][info][gc,phases,start] GC(307) Adjust Roots
[138.379s][info][gc,phases      ] GC(307) Adjust Roots 0.204ms
[138.379s][info][gc,phases,start] GC(307) Compaction Phase
[138.935s][info][gc,phases      ] GC(307) Compaction Phase 555.958ms
[138.935s][info][gc,phases,start] GC(307) Post Compact
[138.944s][info][gc,phases      ] GC(307) Post Compact 9.437ms
[138.945s][info][gc,heap        ] GC(307) PSYoungGen: 53247K(385536K)->53247K(385536K) Eden: 53247K(53248K)->53247K(53248K) From: 0K(332288K)->0K(332288K)
[138.945s][info][gc,heap        ] GC(307) ParOldGen: 6280550K(6280704K)->6280550K(6280704K)
[138.945s][info][gc,metaspace   ] GC(307) Metaspace: 6298K(6464K)->6298K(6464K) NonClass: 5764K(5824K)->5764K(5824K) Class: 533K(640K)->533K(640K)
[138.945s][info][gc             ] GC(307) Pause Full (Ergonomics) 6185M->6185M(6510M) 2044.920ms
[138.945s][info][gc,cpu         ] GC(307) User=14.61s Sys=0.00s Real=2.05s
[138.945s][info][gc,start       ] GC(308) Pause Full (Ergonomics)
[138.945s][info][gc,phases,start] GC(308) Marking Phase
[140.404s][info][gc,phases      ] GC(308) Marking Phase 1459.464ms
[140.404s][info][gc,phases,start] GC(308) Summary Phase
[140.404s][info][gc,phases      ] GC(308) Summary Phase 0.069ms
[140.404s][info][gc,phases,start] GC(308) Adjust Roots
[140.405s][info][gc,phases      ] GC(308) Adjust Roots 0.186ms
[140.405s][info][gc,phases,start] GC(308) Compaction Phase
[140.943s][info][gc,phases      ] GC(308) Compaction Phase 537.902ms
[140.943s][info][gc,phases,start] GC(308) Post Compact
[140.952s][info][gc,phases      ] GC(308) Post Compact 9.573ms
[140.952s][info][gc,heap        ] GC(308) PSYoungGen: 53247K(385536K)->53247K(385536K) Eden: 53247K(53248K)->53247K(53248K) From: 0K(332288K)->0K(332288K)
[140.952s][info][gc,heap        ] GC(308) ParOldGen: 6280555K(6280704K)->6280555K(6280704K)
[140.952s][info][gc,metaspace   ] GC(308) Metaspace: 6298K(6464K)->6298K(6464K) NonClass: 5764K(5824K)->5764K(5824K) Class: 533K(640K)->533K(640K)
[140.952s][info][gc             ] GC(308) Pause Full (Ergonomics) 6185M->6185M(6510M) 2007.509ms
[140.952s][info][gc,cpu         ] GC(308) User=14.39s Sys=0.03s Real=2.01s
[140.953s][info][gc,start       ] GC(309) Pause Full (Ergonomics)
[140.953s][info][gc,phases,start] GC(309) Marking Phase
[142.426s][info][gc,phases      ] GC(309) Marking Phase 1473.147ms
[142.426s][info][gc,phases,start] GC(309) Summary Phase
[142.426s][info][gc,phases      ] GC(309) Summary Phase 0.063ms
[142.426s][info][gc,phases,start] GC(309) Adjust Roots
[142.426s][info][gc,phases      ] GC(309) Adjust Roots 0.160ms
[142.426s][info][gc,phases,start] GC(309) Compaction Phase
[142.978s][info][gc,phases      ] GC(309) Compaction Phase 551.755ms
[142.978s][info][gc,phases,start] GC(309) Post Compact
[142.987s][info][gc,phases      ] GC(309) Post Compact 9.340ms
[142.987s][info][gc,heap        ] GC(309) PSYoungGen: 53247K(385536K)->53247K(385536K) Eden: 53247K(53248K)->53247K(53248K) From: 0K(332288K)->0K(332288K)
[142.987s][info][gc,heap        ] GC(309) ParOldGen: 6280560K(6280704K)->6280560K(6280704K)
[142.987s][info][gc,metaspace   ] GC(309) Metaspace: 6298K(6464K)->6298K(6464K) NonClass: 5764K(5824K)->5764K(5824K) Class: 533K(640K)->533K(640K)
[142.987s][info][gc             ] GC(309) Pause Full (Ergonomics) 6185M->6185M(6510M) 2034.757ms
[142.987s][info][gc,cpu         ] GC(309) User=14.47s Sys=0.02s Real=2.04s
[142.987s][info][gc,start       ] GC(310) Pause Full (Ergonomics)
[142.987s][info][gc,phases,start] GC(310) Marking Phase
[144.460s][info][gc,phases      ] GC(310) Marking Phase 1472.297ms
[144.460s][info][gc,phases,start] GC(310) Summary Phase
[144.460s][info][gc,phases      ] GC(310) Summary Phase 0.103ms
[144.460s][info][gc,phases,start] GC(310) Adjust Roots
[144.460s][info][gc,phases      ] GC(310) Adjust Roots 0.238ms
[144.460s][info][gc,phases,start] GC(310) Compaction Phase
[145.005s][info][gc,phases      ] GC(310) Compaction Phase 544.242ms
[145.005s][info][gc,phases,start] GC(310) Post Compact
[145.014s][info][gc,phases      ] GC(310) Post Compact 9.284ms
[145.014s][info][gc,heap        ] GC(310) PSYoungGen: 53247K(385536K)->53247K(385536K) Eden: 53247K(53248K)->53247K(53248K) From: 0K(332288K)->0K(332288K)
[145.014s][info][gc,heap        ] GC(310) ParOldGen: 6280564K(6280704K)->6280564K(6280704K)
[145.014s][info][gc,metaspace   ] GC(310) Metaspace: 6298K(6464K)->6298K(6464K) NonClass: 5764K(5824K)->5764K(5824K) Class: 533K(640K)->533K(640K)
[145.014s][info][gc             ] GC(310) Pause Full (Ergonomics) 6185M->6185M(6510M) 2026.490ms
[145.014s][info][gc,cpu         ] GC(310) User=14.38s Sys=0.00s Real=2.03s
[145.014s][info][gc,start       ] GC(311) Pause Full (Ergonomics)
[145.014s][info][gc,phases,start] GC(311) Marking Phase
[146.484s][info][gc,phases      ] GC(311) Marking Phase 1469.431ms
[146.484s][info][gc,phases,start] GC(311) Summary Phase
[146.484s][info][gc,phases      ] GC(311) Summary Phase 0.073ms
[146.484s][info][gc,phases,start] GC(311) Adjust Roots
[146.484s][info][gc,phases      ] GC(311) Adjust Roots 0.175ms
[146.484s][info][gc,phases,start] GC(311) Compaction Phase
[147.016s][info][gc,phases      ] GC(311) Compaction Phase 532.106ms
[147.016s][info][gc,phases,start] GC(311) Post Compact
[147.026s][info][gc,phases      ] GC(311) Post Compact 9.368ms
[147.026s][info][gc,heap        ] GC(311) PSYoungGen: 53247K(385536K)->53247K(385536K) Eden: 53247K(53248K)->53247K(53248K) From: 0K(332288K)->0K(332288K)
[147.026s][info][gc,heap        ] GC(311) ParOldGen: 6280569K(6280704K)->6280569K(6280704K)
[147.026s][info][gc,metaspace   ] GC(311) Metaspace: 6298K(6464K)->6298K(6464K) NonClass: 5764K(5824K)->5764K(5824K) Class: 533K(640K)->533K(640K)
[147.026s][info][gc             ] GC(311) Pause Full (Ergonomics) 6185M->6185M(6510M) 2011.482ms
[147.026s][info][gc,cpu         ] GC(311) User=14.62s Sys=0.02s Real=2.01s
[147.026s][info][gc,start       ] GC(312) Pause Full (Ergonomics)
[147.026s][info][gc,phases,start] GC(312) Marking Phase
[148.473s][info][gc,phases      ] GC(312) Marking Phase 1447.533ms
[148.473s][info][gc,phases,start] GC(312) Summary Phase
[148.474s][info][gc,phases      ] GC(312) Summary Phase 0.096ms
[148.474s][info][gc,phases,start] GC(312) Adjust Roots
[148.474s][info][gc,phases      ] GC(312) Adjust Roots 0.220ms
[148.474s][info][gc,phases,start] GC(312) Compaction Phase
[149.025s][info][gc,phases      ] GC(312) Compaction Phase 551.207ms
[149.025s][info][gc,phases,start] GC(312) Post Compact
[149.034s][info][gc,phases      ] GC(312) Post Compact 9.225ms
[149.034s][info][gc,heap        ] GC(312) PSYoungGen: 53247K(385536K)->53247K(385536K) Eden: 53247K(53248K)->53247K(53248K) From: 0K(332288K)->0K(332288K)
[149.034s][info][gc,heap        ] GC(312) ParOldGen: 6280574K(6280704K)->6280574K(6280704K)
[149.034s][info][gc,metaspace   ] GC(312) Metaspace: 6298K(6464K)->6298K(6464K) NonClass: 5764K(5824K)->5764K(5824K) Class: 533K(640K)->533K(640K)
[149.034s][info][gc             ] GC(312) Pause Full (Ergonomics) 6185M->6185M(6510M) 2008.618ms
[149.034s][info][gc,cpu         ] GC(312) User=14.45s Sys=0.00s Real=2.01s
[149.035s][info][gc,start       ] GC(313) Pause Full (Ergonomics)
[149.035s][info][gc,phases,start] GC(313) Marking Phase
[150.472s][info][gc,phases      ] GC(313) Marking Phase 1437.561ms
[150.472s][info][gc,phases,start] GC(313) Summary Phase
[150.472s][info][gc,phases      ] GC(313) Summary Phase 0.069ms
[150.472s][info][gc,phases,start] GC(313) Adjust Roots
[150.473s][info][gc,phases      ] GC(313) Adjust Roots 0.179ms
[150.473s][info][gc,phases,start] GC(313) Compaction Phase
[151.038s][info][gc,phases      ] GC(313) Compaction Phase 565.465ms
[151.038s][info][gc,phases,start] GC(313) Post Compact
[151.048s][info][gc,phases      ] GC(313) Post Compact 10.016ms
[151.048s][info][gc,heap        ] GC(313) PSYoungGen: 53247K(385536K)->53247K(385536K) Eden: 53247K(53248K)->53247K(53248K) From: 0K(332288K)->0K(332288K)
[151.048s][info][gc,heap        ] GC(313) ParOldGen: 6280579K(6280704K)->6280579K(6280704K)
[151.048s][info][gc,metaspace   ] GC(313) Metaspace: 6298K(6464K)->6298K(6464K) NonClass: 5764K(5824K)->5764K(5824K) Class: 533K(640K)->533K(640K)
[151.048s][info][gc             ] GC(313) Pause Full (Ergonomics) 6185M->6185M(6510M) 2013.714ms
[151.048s][info][gc,cpu         ] GC(313) User=14.28s Sys=0.02s Real=2.01s
[151.049s][info][gc,start       ] GC(314) Pause Full (Ergonomics)
[151.049s][info][gc,phases,start] GC(314) Marking Phase
[152.472s][info][gc,phases      ] GC(314) Marking Phase 1423.151ms
[152.472s][info][gc,phases,start] GC(314) Summary Phase
[152.472s][info][gc,phases      ] GC(314) Summary Phase 0.080ms
[152.472s][info][gc,phases,start] GC(314) Adjust Roots
[152.472s][info][gc,phases      ] GC(314) Adjust Roots 0.334ms
[152.472s][info][gc,phases,start] GC(314) Compaction Phase
[153.046s][info][gc,phases      ] GC(314) Compaction Phase 573.567ms
[153.046s][info][gc,phases,start] GC(314) Post Compact
[153.055s][info][gc,phases      ] GC(314) Post Compact 9.368ms
[153.055s][info][gc,heap        ] GC(314) PSYoungGen: 53247K(385536K)->53247K(385536K) Eden: 53247K(53248K)->53247K(53248K) From: 0K(332288K)->0K(332288K)
[153.055s][info][gc,heap        ] GC(314) ParOldGen: 6280584K(6280704K)->6280584K(6280704K)
[153.055s][info][gc,metaspace   ] GC(314) Metaspace: 6298K(6464K)->6298K(6464K) NonClass: 5764K(5824K)->5764K(5824K) Class: 533K(640K)->533K(640K)
[153.055s][info][gc             ] GC(314) Pause Full (Ergonomics) 6185M->6185M(6510M) 2006.836ms
[153.055s][info][gc,cpu         ] GC(314) User=14.08s Sys=0.00s Real=2.01s
[153.056s][info][gc,start       ] GC(315) Pause Full (Ergonomics)
[153.056s][info][gc,phases,start] GC(315) Marking Phase
[154.505s][info][gc,phases      ] GC(315) Marking Phase 1448.833ms
[154.505s][info][gc,phases,start] GC(315) Summary Phase
[154.505s][info][gc,phases      ] GC(315) Summary Phase 0.070ms
[154.505s][info][gc,phases,start] GC(315) Adjust Roots
[154.505s][info][gc,phases      ] GC(315) Adjust Roots 0.254ms
[154.505s][info][gc,phases,start] GC(315) Compaction Phase
[155.131s][info][gc,phases      ] GC(315) Compaction Phase 625.662ms
[155.131s][info][gc,phases,start] GC(315) Post Compact
[155.141s][info][gc,phases      ] GC(315) Post Compact 10.637ms
[155.141s][info][gc,heap        ] GC(315) PSYoungGen: 53247K(385536K)->53247K(385536K) Eden: 53247K(53248K)->53247K(53248K) From: 0K(332288K)->0K(332288K)
[155.141s][info][gc,heap        ] GC(315) ParOldGen: 6280589K(6280704K)->6280589K(6280704K)
[155.141s][info][gc,metaspace   ] GC(315) Metaspace: 6298K(6464K)->6298K(6464K) NonClass: 5764K(5824K)->5764K(5824K) Class: 533K(640K)->533K(640K)
[155.141s][info][gc             ] GC(315) Pause Full (Ergonomics) 6185M->6185M(6510M) 2085.742ms
[155.141s][info][gc,cpu         ] GC(315) User=14.52s Sys=0.02s Real=2.09s
[155.142s][info][gc,start       ] GC(316) Pause Full (Ergonomics)
[155.142s][info][gc,phases,start] GC(316) Marking Phase
[156.716s][info][gc,phases      ] GC(316) Marking Phase 1574.313ms
[156.716s][info][gc,phases,start] GC(316) Summary Phase
[156.716s][info][gc,phases      ] GC(316) Summary Phase 0.097ms
[156.716s][info][gc,phases,start] GC(316) Adjust Roots
[156.716s][info][gc,phases      ] GC(316) Adjust Roots 0.249ms
[156.716s][info][gc,phases,start] GC(316) Compaction Phase
[157.259s][info][gc,phases      ] GC(316) Compaction Phase 542.283ms
[157.259s][info][gc,phases,start] GC(316) Post Compact
[157.270s][info][gc,phases      ] GC(316) Post Compact 11.380ms
[157.270s][info][gc,heap        ] GC(316) PSYoungGen: 53247K(385536K)->53247K(385536K) Eden: 53247K(53248K)->53247K(53248K) From: 0K(332288K)->0K(332288K)
[157.270s][info][gc,heap        ] GC(316) ParOldGen: 6280593K(6280704K)->6280593K(6280704K)
[157.270s][info][gc,metaspace   ] GC(316) Metaspace: 6298K(6464K)->6298K(6464K) NonClass: 5764K(5824K)->5764K(5824K) Class: 533K(640K)->533K(640K)
[157.270s][info][gc             ] GC(316) Pause Full (Ergonomics) 6185M->6185M(6510M) 2128.771ms
[157.270s][info][gc,cpu         ] GC(316) User=14.55s Sys=0.02s Real=2.13s
[157.271s][info][gc,start       ] GC(317) Pause Full (Ergonomics)
[157.271s][info][gc,phases,start] GC(317) Marking Phase
[158.702s][info][gc,phases      ] GC(317) Marking Phase 1431.079ms
[158.702s][info][gc,phases,start] GC(317) Summary Phase
[158.702s][info][gc,phases      ] GC(317) Summary Phase 0.071ms
[158.702s][info][gc,phases,start] GC(317) Adjust Roots
[158.702s][info][gc,phases      ] GC(317) Adjust Roots 0.264ms
[158.702s][info][gc,phases,start] GC(317) Compaction Phase
[159.279s][info][gc,phases      ] GC(317) Compaction Phase 576.520ms
[159.279s][info][gc,phases,start] GC(317) Post Compact
[159.288s][info][gc,phases      ] GC(317) Post Compact 9.613ms
[159.288s][info][gc,heap        ] GC(317) PSYoungGen: 53247K(385536K)->53247K(385536K) Eden: 53247K(53248K)->53247K(53248K) From: 0K(332288K)->0K(332288K)
[159.288s][info][gc,heap        ] GC(317) ParOldGen: 6280598K(6280704K)->6280598K(6280704K)
[159.288s][info][gc,metaspace   ] GC(317) Metaspace: 6298K(6464K)->6298K(6464K) NonClass: 5764K(5824K)->5764K(5824K) Class: 533K(640K)->533K(640K)
[159.289s][info][gc             ] GC(317) Pause Full (Ergonomics) 6185M->6185M(6510M) 2017.867ms
[159.289s][info][gc,cpu         ] GC(317) User=14.28s Sys=0.00s Real=2.02s
[159.289s][info][gc,start       ] GC(318) Pause Full (Ergonomics)
[159.289s][info][gc,phases,start] GC(318) Marking Phase
[160.736s][info][gc,phases      ] GC(318) Marking Phase 1447.754ms
[160.737s][info][gc,phases,start] GC(318) Summary Phase
[160.737s][info][gc,phases      ] GC(318) Summary Phase 0.071ms
[160.737s][info][gc,phases,start] GC(318) Adjust Roots
[160.737s][info][gc,phases      ] GC(318) Adjust Roots 0.169ms
[160.737s][info][gc,phases,start] GC(318) Compaction Phase
[161.278s][info][gc,phases      ] GC(318) Compaction Phase 540.794ms
[161.278s][info][gc,phases,start] GC(318) Post Compact
[161.287s][info][gc,phases      ] GC(318) Post Compact 9.127ms
[161.287s][info][gc,heap        ] GC(318) PSYoungGen: 53247K(385536K)->53247K(385536K) Eden: 53247K(53248K)->53247K(53248K) From: 0K(332288K)->0K(332288K)
[161.287s][info][gc,heap        ] GC(318) ParOldGen: 6280603K(6280704K)->6280603K(6280704K)
[161.287s][info][gc,metaspace   ] GC(318) Metaspace: 6298K(6464K)->6298K(6464K) NonClass: 5764K(5824K)->5764K(5824K) Class: 533K(640K)->533K(640K)
[161.287s][info][gc             ] GC(318) Pause Full (Ergonomics) 6185M->6185M(6510M) 1998.248ms
[161.287s][info][gc,cpu         ] GC(318) User=14.38s Sys=0.02s Real=2.00s
[161.287s][info][gc,start       ] GC(319) Pause Full (Ergonomics)
[161.287s][info][gc,phases,start] GC(319) Marking Phase
[162.752s][info][gc,phases      ] GC(319) Marking Phase 1465.239ms
[162.753s][info][gc,phases,start] GC(319) Summary Phase
[162.753s][info][gc,phases      ] GC(319) Summary Phase 0.072ms
[162.753s][info][gc,phases,start] GC(319) Adjust Roots
[162.753s][info][gc,phases      ] GC(319) Adjust Roots 0.178ms
[162.753s][info][gc,phases,start] GC(319) Compaction Phase
[163.425s][info][gc,phases      ] GC(319) Compaction Phase 672.154ms
[163.425s][info][gc,phases,start] GC(319) Post Compact
[163.435s][info][gc,phases      ] GC(319) Post Compact 9.928ms
[163.435s][info][gc,heap        ] GC(319) PSYoungGen: 53247K(385536K)->53247K(385536K) Eden: 53247K(53248K)->53247K(53248K) From: 0K(332288K)->0K(332288K)
[163.435s][info][gc,heap        ] GC(319) ParOldGen: 6280608K(6280704K)->6280608K(6280704K)
[163.435s][info][gc,metaspace   ] GC(319) Metaspace: 6298K(6464K)->6298K(6464K) NonClass: 5764K(5824K)->5764K(5824K) Class: 533K(640K)->533K(640K)
[163.435s][info][gc             ] GC(319) Pause Full (Ergonomics) 6185M->6185M(6510M) 2147.867ms
[163.435s][info][gc,cpu         ] GC(319) User=14.58s Sys=0.00s Real=2.15s
[163.435s][info][gc,start       ] GC(320) Pause Full (Ergonomics)
[163.435s][info][gc,phases,start] GC(320) Marking Phase
[165.012s][info][gc,phases      ] GC(320) Marking Phase 1576.534ms
[165.012s][info][gc,phases,start] GC(320) Summary Phase
[165.012s][info][gc,phases      ] GC(320) Summary Phase 0.069ms
[165.012s][info][gc,phases,start] GC(320) Adjust Roots
[165.012s][info][gc,phases      ] GC(320) Adjust Roots 0.218ms
[165.012s][info][gc,phases,start] GC(320) Compaction Phase
[165.709s][info][gc,phases      ] GC(320) Compaction Phase 696.327ms
[165.709s][info][gc,phases,start] GC(320) Post Compact
[165.720s][info][gc,phases      ] GC(320) Post Compact 10.982ms
[165.720s][info][gc,heap        ] GC(320) PSYoungGen: 53247K(385536K)->53247K(385536K) Eden: 53247K(53248K)->53247K(53248K) From: 0K(332288K)->0K(332288K)
[165.720s][info][gc,heap        ] GC(320) ParOldGen: 6280613K(6280704K)->6280613K(6280704K)
[165.720s][info][gc,metaspace   ] GC(320) Metaspace: 6298K(6464K)->6298K(6464K) NonClass: 5764K(5824K)->5764K(5824K) Class: 533K(640K)->533K(640K)
[165.720s][info][gc             ] GC(320) Pause Full (Ergonomics) 6185M->6185M(6510M) 2284.531ms
[165.720s][info][gc,cpu         ] GC(320) User=15.12s Sys=0.00s Real=2.28s
[165.720s][info][gc,start       ] GC(321) Pause Full (Ergonomics)
[165.720s][info][gc,phases,start] GC(321) Marking Phase
[167.196s][info][gc,phases      ] GC(321) Marking Phase 1475.882ms
[167.196s][info][gc,phases,start] GC(321) Summary Phase
[167.196s][info][gc,phases      ] GC(321) Summary Phase 0.119ms
[167.196s][info][gc,phases,start] GC(321) Adjust Roots
[167.197s][info][gc,phases      ] GC(321) Adjust Roots 0.281ms
[167.197s][info][gc,phases,start] GC(321) Compaction Phase
[167.758s][info][gc,phases      ] GC(321) Compaction Phase 561.111ms
[167.758s][info][gc,phases,start] GC(321) Post Compact
[167.767s][info][gc,phases      ] GC(321) Post Compact 9.391ms
[167.767s][info][gc,heap        ] GC(321) PSYoungGen: 53247K(385536K)->53247K(385536K) Eden: 53247K(53248K)->53247K(53248K) From: 0K(332288K)->0K(332288K)
[167.767s][info][gc,heap        ] GC(321) ParOldGen: 6280618K(6280704K)->6280618K(6280704K)
[167.767s][info][gc,metaspace   ] GC(321) Metaspace: 6298K(6464K)->6298K(6464K) NonClass: 5764K(5824K)->5764K(5824K) Class: 533K(640K)->533K(640K)
[167.767s][info][gc             ] GC(321) Pause Full (Ergonomics) 6185M->6185M(6510M) 2047.155ms
[167.767s][info][gc,cpu         ] GC(321) User=14.64s Sys=0.05s Real=2.05s
[167.767s][info][gc,start       ] GC(322) Pause Full (Ergonomics)
[167.767s][info][gc,phases,start] GC(322) Marking Phase
[169.378s][info][gc,phases      ] GC(322) Marking Phase 1610.313ms
[169.378s][info][gc,phases,start] GC(322) Summary Phase
[169.378s][info][gc,phases      ] GC(322) Summary Phase 0.083ms
[169.378s][info][gc,phases,start] GC(322) Adjust Roots
[169.378s][info][gc,phases      ] GC(322) Adjust Roots 0.208ms
[169.378s][info][gc,phases,start] GC(322) Compaction Phase
[169.932s][info][gc,phases      ] GC(322) Compaction Phase 554.126ms
[169.932s][info][gc,phases,start] GC(322) Post Compact
[169.943s][info][gc,phases      ] GC(322) Post Compact 10.378ms
[169.943s][info][gc,heap        ] GC(322) PSYoungGen: 53247K(385536K)->53247K(385536K) Eden: 53247K(53248K)->53247K(53248K) From: 0K(332288K)->0K(332288K)
[169.943s][info][gc,heap        ] GC(322) ParOldGen: 6280622K(6280704K)->6280622K(6280704K)
[169.943s][info][gc,metaspace   ] GC(322) Metaspace: 6298K(6464K)->6298K(6464K) NonClass: 5764K(5824K)->5764K(5824K) Class: 533K(640K)->533K(640K)
[169.943s][info][gc             ] GC(322) Pause Full (Ergonomics) 6185M->6185M(6510M) 2175.442ms
[169.943s][info][gc,cpu         ] GC(322) User=14.11s Sys=0.02s Real=2.18s
[169.943s][info][gc,start       ] GC(323) Pause Full (Ergonomics)
[169.943s][info][gc,phases,start] GC(323) Marking Phase
[171.381s][info][gc,phases      ] GC(323) Marking Phase 1438.289ms
[171.381s][info][gc,phases,start] GC(323) Summary Phase
[171.382s][info][gc,phases      ] GC(323) Summary Phase 0.107ms
[171.382s][info][gc,phases,start] GC(323) Adjust Roots
[171.382s][info][gc,phases      ] GC(323) Adjust Roots 0.345ms
[171.382s][info][gc,phases,start] GC(323) Compaction Phase
[171.953s][info][gc,phases      ] GC(323) Compaction Phase 570.598ms
[171.953s][info][gc,phases,start] GC(323) Post Compact
[171.962s][info][gc,phases      ] GC(323) Post Compact 9.241ms
[171.962s][info][gc,heap        ] GC(323) PSYoungGen: 53247K(385536K)->53247K(385536K) Eden: 53247K(53248K)->53247K(53248K) From: 0K(332288K)->0K(332288K)
[171.962s][info][gc,heap        ] GC(323) ParOldGen: 6280627K(6280704K)->6280627K(6280704K)
[171.962s][info][gc,metaspace   ] GC(323) Metaspace: 6298K(6464K)->6298K(6464K) NonClass: 5764K(5824K)->5764K(5824K) Class: 533K(640K)->533K(640K)
[171.962s][info][gc             ] GC(323) Pause Full (Ergonomics) 6185M->6185M(6510M) 2018.931ms
[171.962s][info][gc,cpu         ] GC(323) User=14.45s Sys=0.00s Real=2.02s
[171.962s][info][gc,start       ] GC(324) Pause Full (Ergonomics)
[171.962s][info][gc,phases,start] GC(324) Marking Phase
[173.445s][info][gc,phases      ] GC(324) Marking Phase 1483.191ms
[173.446s][info][gc,phases,start] GC(324) Summary Phase
[173.446s][info][gc,phases      ] GC(324) Summary Phase 0.069ms
[173.446s][info][gc,phases,start] GC(324) Adjust Roots
[173.446s][info][gc,phases      ] GC(324) Adjust Roots 0.197ms
[173.446s][info][gc,phases,start] GC(324) Compaction Phase
[174.024s][info][gc,phases      ] GC(324) Compaction Phase 578.419ms
[174.024s][info][gc,phases,start] GC(324) Post Compact
[174.035s][info][gc,phases      ] GC(324) Post Compact 10.332ms
[174.035s][info][gc,heap        ] GC(324) PSYoungGen: 53247K(385536K)->53247K(385536K) Eden: 53247K(53248K)->53247K(53248K) From: 0K(332288K)->0K(332288K)
[174.035s][info][gc,heap        ] GC(324) ParOldGen: 6280632K(6280704K)->6280632K(6280704K)
[174.035s][info][gc,metaspace   ] GC(324) Metaspace: 6298K(6464K)->6298K(6464K) NonClass: 5764K(5824K)->5764K(5824K) Class: 533K(640K)->533K(640K)
[174.035s][info][gc             ] GC(324) Pause Full (Ergonomics) 6185M->6185M(6510M) 2072.547ms
[174.035s][info][gc,cpu         ] GC(324) User=14.81s Sys=0.02s Real=2.07s
[174.035s][info][gc,start       ] GC(325) Pause Full (Ergonomics)
[174.035s][info][gc,phases,start] GC(325) Marking Phase
[175.623s][info][gc,phases      ] GC(325) Marking Phase 1587.961ms
[175.623s][info][gc,phases,start] GC(325) Summary Phase
[175.623s][info][gc,phases      ] GC(325) Summary Phase 0.072ms
[175.623s][info][gc,phases,start] GC(325) Adjust Roots
[175.623s][info][gc,phases      ] GC(325) Adjust Roots 0.200ms
[175.623s][info][gc,phases,start] GC(325) Compaction Phase
[176.307s][info][gc,phases      ] GC(325) Compaction Phase 683.285ms
[176.307s][info][gc,phases,start] GC(325) Post Compact
[176.317s][info][gc,phases      ] GC(325) Post Compact 10.081ms
[176.317s][info][gc,heap        ] GC(325) PSYoungGen: 53247K(385536K)->53247K(385536K) Eden: 53247K(53248K)->53247K(53248K) From: 0K(332288K)->0K(332288K)
[176.317s][info][gc,heap        ] GC(325) ParOldGen: 6280637K(6280704K)->6280637K(6280704K)
[176.317s][info][gc,metaspace   ] GC(325) Metaspace: 6298K(6464K)->6298K(6464K) NonClass: 5764K(5824K)->5764K(5824K) Class: 533K(640K)->533K(640K)
[176.317s][info][gc             ] GC(325) Pause Full (Ergonomics) 6185M->6185M(6510M) 2281.901ms
[176.317s][info][gc,cpu         ] GC(325) User=14.61s Sys=0.02s Real=2.28s
[176.317s][info][gc,start       ] GC(326) Pause Full (Ergonomics)
[176.317s][info][gc,phases,start] GC(326) Marking Phase
[177.761s][info][gc,phases      ] GC(326) Marking Phase 1444.095ms
[177.761s][info][gc,phases,start] GC(326) Summary Phase
[177.761s][info][gc,phases      ] GC(326) Summary Phase 0.078ms
[177.761s][info][gc,phases,start] GC(326) Adjust Roots
[177.762s][info][gc,phases      ] GC(326) Adjust Roots 0.182ms
[177.762s][info][gc,phases,start] GC(326) Compaction Phase
[178.314s][info][gc,phases      ] GC(326) Compaction Phase 552.848ms
[178.315s][info][gc,phases,start] GC(326) Post Compact
[178.326s][info][gc,phases      ] GC(326) Post Compact 10.939ms
[178.326s][info][gc,heap        ] GC(326) PSYoungGen: 53247K(385536K)->53247K(385536K) Eden: 53247K(53248K)->53247K(53248K) From: 0K(332288K)->0K(332288K)
[178.327s][info][gc,heap        ] GC(326) ParOldGen: 6280642K(6280704K)->6280642K(6280704K)
[178.327s][info][gc,metaspace   ] GC(326) Metaspace: 6298K(6464K)->6298K(6464K) NonClass: 5764K(5824K)->5764K(5824K) Class: 533K(640K)->533K(640K)
[178.328s][info][gc             ] GC(326) Pause Full (Ergonomics) 6185M->6185M(6510M) 2010.697ms
[178.329s][info][gc,cpu         ] GC(326) User=14.61s Sys=0.00s Real=2.01s
[178.330s][info][gc,start       ] GC(327) Pause Full (Ergonomics)
[178.330s][info][gc,phases,start] GC(327) Marking Phase
[179.789s][info][gc,phases      ] GC(327) Marking Phase 1458.371ms
[179.789s][info][gc,phases,start] GC(327) Summary Phase
[179.789s][info][gc,phases      ] GC(327) Summary Phase 0.101ms
[179.789s][info][gc,phases,start] GC(327) Adjust Roots
[179.789s][info][gc,phases      ] GC(327) Adjust Roots 0.620ms
[179.789s][info][gc,phases,start] GC(327) Compaction Phase
[180.400s][info][gc,phases      ] GC(327) Compaction Phase 610.594ms
[180.400s][info][gc,phases,start] GC(327) Post Compact
[180.410s][info][gc,phases      ] GC(327) Post Compact 10.023ms
[180.410s][info][gc,heap        ] GC(327) PSYoungGen: 53247K(385536K)->53247K(385536K) Eden: 53247K(53248K)->53247K(53248K) From: 0K(332288K)->0K(332288K)
[180.410s][info][gc,heap        ] GC(327) ParOldGen: 6280647K(6280704K)->6280647K(6280704K)
[180.410s][info][gc,metaspace   ] GC(327) Metaspace: 6298K(6464K)->6298K(6464K) NonClass: 5764K(5824K)->5764K(5824K) Class: 533K(640K)->533K(640K)
[180.410s][info][gc             ] GC(327) Pause Full (Ergonomics) 6185M->6185M(6510M) 2080.027ms
[180.410s][info][gc,cpu         ] GC(327) User=14.72s Sys=0.00s Real=2.08s
[180.410s][info][gc,start       ] GC(328) Pause Full (Ergonomics)
[180.410s][info][gc,phases,start] GC(328) Marking Phase
[181.873s][info][gc,phases      ] GC(328) Marking Phase 1462.126ms
[181.873s][info][gc,phases,start] GC(328) Summary Phase
[181.873s][info][gc,phases      ] GC(328) Summary Phase 0.070ms
[181.873s][info][gc,phases,start] GC(328) Adjust Roots
[181.873s][info][gc,phases      ] GC(328) Adjust Roots 0.193ms
[181.873s][info][gc,phases,start] GC(328) Compaction Phase
[182.446s][info][gc,phases      ] GC(328) Compaction Phase 573.094ms
[182.446s][info][gc,phases,start] GC(328) Post Compact
[182.456s][info][gc,phases      ] GC(328) Post Compact 10.011ms
[182.456s][info][gc,heap        ] GC(328) PSYoungGen: 53247K(385536K)->53247K(385536K) Eden: 53247K(53248K)->53247K(53248K) From: 0K(332288K)->0K(332288K)
[182.456s][info][gc,heap        ] GC(328) ParOldGen: 6280651K(6280704K)->6280651K(6280704K)
[182.456s][info][gc,metaspace   ] GC(328) Metaspace: 6298K(6464K)->6298K(6464K) NonClass: 5764K(5824K)->5764K(5824K) Class: 533K(640K)->533K(640K)
[182.456s][info][gc             ] GC(328) Pause Full (Ergonomics) 6185M->6185M(6510M) 2045.775ms
[182.456s][info][gc,cpu         ] GC(328) User=14.59s Sys=0.00s Real=2.04s
[182.456s][info][gc,start       ] GC(329) Pause Full (Ergonomics)
[182.456s][info][gc,phases,start] GC(329) Marking Phase
[183.916s][info][gc,phases      ] GC(329) Marking Phase 1459.512ms
[183.916s][info][gc,phases,start] GC(329) Summary Phase
[183.916s][info][gc,phases      ] GC(329) Summary Phase 0.074ms
[183.916s][info][gc,phases,start] GC(329) Adjust Roots
[183.916s][info][gc,phases      ] GC(329) Adjust Roots 0.174ms
[183.916s][info][gc,phases,start] GC(329) Compaction Phase
[184.604s][info][gc,phases      ] GC(329) Compaction Phase 687.259ms
[184.604s][info][gc,phases,start] GC(329) Post Compact
[184.614s][info][gc,phases      ] GC(329) Post Compact 10.023ms
[184.614s][info][gc,heap        ] GC(329) PSYoungGen: 53247K(385536K)->53247K(385536K) Eden: 53247K(53248K)->53247K(53248K) From: 0K(332288K)->0K(332288K)
[184.614s][info][gc,heap        ] GC(329) ParOldGen: 6280656K(6280704K)->6280656K(6280704K)
[184.614s][info][gc,metaspace   ] GC(329) Metaspace: 6298K(6464K)->6298K(6464K) NonClass: 5764K(5824K)->5764K(5824K) Class: 533K(640K)->533K(640K)
[184.614s][info][gc             ] GC(329) Pause Full (Ergonomics) 6185M->6185M(6510M) 2157.330ms
[184.614s][info][gc,cpu         ] GC(329) User=14.86s Sys=0.00s Real=2.16s
[184.615s][info][gc,start       ] GC(330) Pause Full (Ergonomics)
[184.615s][info][gc,phases,start] GC(330) Marking Phase
[186.113s][info][gc,phases      ] GC(330) Marking Phase 1498.296ms
[186.113s][info][gc,phases,start] GC(330) Summary Phase
[186.113s][info][gc,phases      ] GC(330) Summary Phase 0.081ms
[186.113s][info][gc,phases,start] GC(330) Adjust Roots
[186.114s][info][gc,phases      ] GC(330) Adjust Roots 0.190ms
[186.114s][info][gc,phases,start] GC(330) Compaction Phase
[186.673s][info][gc,phases      ] GC(330) Compaction Phase 559.428ms
[186.673s][info][gc,phases,start] GC(330) Post Compact
[186.683s][info][gc,phases      ] GC(330) Post Compact 10.048ms
[186.683s][info][gc,heap        ] GC(330) PSYoungGen: 53247K(385536K)->53247K(385536K) Eden: 53247K(53248K)->53247K(53248K) From: 0K(332288K)->0K(332288K)
[186.683s][info][gc,heap        ] GC(330) ParOldGen: 6280661K(6280704K)->6280661K(6280704K)
[186.683s][info][gc,metaspace   ] GC(330) Metaspace: 6298K(6464K)->6298K(6464K) NonClass: 5764K(5824K)->5764K(5824K) Class: 533K(640K)->533K(640K)
[186.683s][info][gc             ] GC(330) Pause Full (Ergonomics) 6185M->6185M(6510M) 2068.377ms
[186.683s][info][gc,cpu         ] GC(330) User=14.61s Sys=0.02s Real=2.07s
[186.683s][info][gc,start       ] GC(331) Pause Full (Ergonomics)
[186.684s][info][gc,phases,start] GC(331) Marking Phase
[188.139s][info][gc,phases      ] GC(331) Marking Phase 1455.590ms
[188.139s][info][gc,phases,start] GC(331) Summary Phase
[188.139s][info][gc,phases      ] GC(331) Summary Phase 0.076ms
[188.139s][info][gc,phases,start] GC(331) Adjust Roots
[188.139s][info][gc,phases      ] GC(331) Adjust Roots 0.174ms
[188.139s][info][gc,phases,start] GC(331) Compaction Phase
[188.695s][info][gc,phases      ] GC(331) Compaction Phase 555.447ms
[188.695s][info][gc,phases,start] GC(331) Post Compact
[188.705s][info][gc,phases      ] GC(331) Post Compact 9.970ms
[188.705s][info][gc,heap        ] GC(331) PSYoungGen: 53247K(385536K)->53247K(385536K) Eden: 53247K(53248K)->53247K(53248K) From: 0K(332288K)->0K(332288K)
[188.705s][info][gc,heap        ] GC(331) ParOldGen: 6280666K(6280704K)->6280666K(6280704K)
[188.705s][info][gc,metaspace   ] GC(331) Metaspace: 6298K(6464K)->6298K(6464K) NonClass: 5764K(5824K)->5764K(5824K) Class: 533K(640K)->533K(640K)
[188.705s][info][gc             ] GC(331) Pause Full (Ergonomics) 6185M->6185M(6510M) 2021.560ms
[188.705s][info][gc,cpu         ] GC(331) User=14.58s Sys=0.00s Real=2.02s
[188.705s][info][gc,start       ] GC(332) Pause Full (Ergonomics)
[188.705s][info][gc,phases,start] GC(332) Marking Phase
[190.416s][info][gc,phases      ] GC(332) Marking Phase 1710.996ms
[190.417s][info][gc,phases,start] GC(332) Summary Phase
[190.417s][info][gc,phases      ] GC(332) Summary Phase 0.226ms
[190.417s][info][gc,phases,start] GC(332) Adjust Roots
[190.417s][info][gc,phases      ] GC(332) Adjust Roots 0.577ms
[190.417s][info][gc,phases,start] GC(332) Compaction Phase
[190.973s][info][gc,phases      ] GC(332) Compaction Phase 555.452ms
[190.973s][info][gc,phases,start] GC(332) Post Compact
[190.997s][info][gc,phases      ] GC(332) Post Compact 23.971ms
[190.997s][info][gc,heap        ] GC(332) PSYoungGen: 53247K(385536K)->53247K(385536K) Eden: 53247K(53248K)->53247K(53248K) From: 0K(332288K)->0K(332288K)
[190.997s][info][gc,heap        ] GC(332) ParOldGen: 6280671K(6280704K)->6280671K(6280704K)
[190.997s][info][gc,metaspace   ] GC(332) Metaspace: 6298K(6464K)->6298K(6464K) NonClass: 5764K(5824K)->5764K(5824K) Class: 533K(640K)->533K(640K)
[190.997s][info][gc             ] GC(332) Pause Full (Ergonomics) 6185M->6185M(6510M) 2291.790ms
[190.997s][info][gc,cpu         ] GC(332) User=14.84s Sys=0.05s Real=2.29s
[190.997s][info][gc,start       ] GC(333) Pause Full (Ergonomics)
[190.997s][info][gc,phases,start] GC(333) Marking Phase
[192.447s][info][gc,phases      ] GC(333) Marking Phase 1449.814ms
[192.447s][info][gc,phases,start] GC(333) Summary Phase
[192.447s][info][gc,phases      ] GC(333) Summary Phase 0.075ms
[192.447s][info][gc,phases,start] GC(333) Adjust Roots
[192.448s][info][gc,phases      ] GC(333) Adjust Roots 0.186ms
[192.448s][info][gc,phases,start] GC(333) Compaction Phase
[192.993s][info][gc,phases      ] GC(333) Compaction Phase 545.506ms
[192.993s][info][gc,phases,start] GC(333) Post Compact
[193.003s][info][gc,phases      ] GC(333) Post Compact 9.668ms
[193.003s][info][gc,heap        ] GC(333) PSYoungGen: 53247K(385536K)->53247K(385536K) Eden: 53247K(53248K)->53247K(53248K) From: 0K(332288K)->0K(332288K)
[193.003s][info][gc,heap        ] GC(333) ParOldGen: 6280676K(6280704K)->6280676K(6280704K)
[193.003s][info][gc,metaspace   ] GC(333) Metaspace: 6298K(6464K)->6298K(6464K) NonClass: 5764K(5824K)->5764K(5824K) Class: 533K(640K)->533K(640K)
[193.003s][info][gc             ] GC(333) Pause Full (Ergonomics) 6185M->6185M(6510M) 2005.584ms
[193.003s][info][gc,cpu         ] GC(333) User=14.50s Sys=0.03s Real=2.01s
[193.003s][info][gc,start       ] GC(334) Pause Full (Ergonomics)
[193.003s][info][gc,phases,start] GC(334) Marking Phase
[194.459s][info][gc,phases      ] GC(334) Marking Phase 1455.920ms
[194.459s][info][gc,phases,start] GC(334) Summary Phase
[194.459s][info][gc,phases      ] GC(334) Summary Phase 0.112ms
[194.459s][info][gc,phases,start] GC(334) Adjust Roots
[194.459s][info][gc,phases      ] GC(334) Adjust Roots 0.170ms
[194.459s][info][gc,phases,start] GC(334) Compaction Phase
[195.007s][info][gc,phases      ] GC(334) Compaction Phase 547.581ms
[195.007s][info][gc,phases,start] GC(334) Post Compact
[195.017s][info][gc,phases      ] GC(334) Post Compact 9.919ms
[195.017s][info][gc,heap        ] GC(334) PSYoungGen: 53247K(385536K)->53247K(385536K) Eden: 53247K(53248K)->53247K(53248K) From: 0K(332288K)->0K(332288K)
[195.017s][info][gc,heap        ] GC(334) ParOldGen: 6280680K(6280704K)->6280680K(6280704K)
[195.017s][info][gc,metaspace   ] GC(334) Metaspace: 6298K(6464K)->6298K(6464K) NonClass: 5764K(5824K)->5764K(5824K) Class: 533K(640K)->533K(640K)
[195.017s][info][gc             ] GC(334) Pause Full (Ergonomics) 6185M->6185M(6510M) 2014.014ms
[195.017s][info][gc,cpu         ] GC(334) User=14.31s Sys=0.00s Real=2.01s
[195.017s][info][gc,start       ] GC(335) Pause Full (Ergonomics)
[195.017s][info][gc,phases,start] GC(335) Marking Phase
[196.481s][info][gc,phases      ] GC(335) Marking Phase 1463.927ms
[196.481s][info][gc,phases,start] GC(335) Summary Phase
[196.481s][info][gc,phases      ] GC(335) Summary Phase 0.065ms
[196.481s][info][gc,phases,start] GC(335) Adjust Roots
[196.482s][info][gc,phases      ] GC(335) Adjust Roots 0.164ms
[196.482s][info][gc,phases,start] GC(335) Compaction Phase
[197.039s][info][gc,phases      ] GC(335) Compaction Phase 557.824ms
[197.039s][info][gc,phases,start] GC(335) Post Compact
[197.050s][info][gc,phases      ] GC(335) Post Compact 10.400ms
[197.050s][info][gc,heap        ] GC(335) PSYoungGen: 53247K(385536K)->53247K(385536K) Eden: 53247K(53248K)->53247K(53248K) From: 0K(332288K)->0K(332288K)
[197.050s][info][gc,heap        ] GC(335) ParOldGen: 6280685K(6280704K)->6280685K(6280704K)
[197.050s][info][gc,metaspace   ] GC(335) Metaspace: 6298K(6464K)->6298K(6464K) NonClass: 5764K(5824K)->5764K(5824K) Class: 533K(640K)->533K(640K)
[197.050s][info][gc             ] GC(335) Pause Full (Ergonomics) 6185M->6185M(6510M) 2032.706ms
[197.050s][info][gc,cpu         ] GC(335) User=14.38s Sys=0.03s Real=2.03s
[197.050s][info][gc,start       ] GC(336) Pause Full (Ergonomics)
[197.050s][info][gc,phases,start] GC(336) Marking Phase
[198.757s][info][gc,phases      ] GC(336) Marking Phase 1706.920ms
[198.757s][info][gc,phases,start] GC(336) Summary Phase
[198.757s][info][gc,phases      ] GC(336) Summary Phase 0.119ms
[198.757s][info][gc,phases,start] GC(336) Adjust Roots
[198.758s][info][gc,phases      ] GC(336) Adjust Roots 0.439ms
[198.758s][info][gc,phases,start] GC(336) Compaction Phase
[199.322s][info][gc,phases      ] GC(336) Compaction Phase 564.235ms
[199.322s][info][gc,phases,start] GC(336) Post Compact
[199.331s][info][gc,phases      ] GC(336) Post Compact 9.302ms
[199.331s][info][gc,heap        ] GC(336) PSYoungGen: 53247K(385536K)->53247K(385536K) Eden: 53247K(53248K)->53247K(53248K) From: 0K(332288K)->0K(332288K)
[199.332s][info][gc,heap        ] GC(336) ParOldGen: 6280690K(6280704K)->6280690K(6280704K)
[199.332s][info][gc,metaspace   ] GC(336) Metaspace: 6298K(6464K)->6298K(6464K) NonClass: 5764K(5824K)->5764K(5824K) Class: 533K(640K)->533K(640K)
[199.332s][info][gc             ] GC(336) Pause Full (Ergonomics) 6185M->6185M(6510M) 2281.365ms
[199.332s][info][gc,cpu         ] GC(336) User=14.30s Sys=0.00s Real=2.28s
[199.332s][info][gc,start       ] GC(337) Pause Full (Ergonomics)
[199.332s][info][gc,phases,start] GC(337) Marking Phase
[200.811s][info][gc,phases      ] GC(337) Marking Phase 1479.700ms
[200.812s][info][gc,phases,start] GC(337) Summary Phase
[200.812s][info][gc,phases      ] GC(337) Summary Phase 0.064ms
[200.812s][info][gc,phases,start] GC(337) Adjust Roots
[200.812s][info][gc,phases      ] GC(337) Adjust Roots 0.163ms
[200.812s][info][gc,phases,start] GC(337) Compaction Phase
[201.364s][info][gc,phases      ] GC(337) Compaction Phase 552.092ms
[201.364s][info][gc,phases,start] GC(337) Post Compact
[201.374s][info][gc,phases      ] GC(337) Post Compact 9.639ms
[201.374s][info][gc,heap        ] GC(337) PSYoungGen: 53247K(385536K)->53247K(385536K) Eden: 53247K(53248K)->53247K(53248K) From: 0K(332288K)->0K(332288K)
[201.374s][info][gc,heap        ] GC(337) ParOldGen: 6280695K(6280704K)->6280695K(6280704K)
[201.374s][info][gc,metaspace   ] GC(337) Metaspace: 6298K(6464K)->6298K(6464K) NonClass: 5764K(5824K)->5764K(5824K) Class: 533K(640K)->533K(640K)
[201.374s][info][gc             ] GC(337) Pause Full (Ergonomics) 6185M->6185M(6510M) 2041.983ms
[201.374s][info][gc,cpu         ] GC(337) User=14.48s Sys=0.00s Real=2.04s
[201.374s][info][gc,start       ] GC(338) Pause Full (Ergonomics)
[201.374s][info][gc,phases,start] GC(338) Marking Phase
[202.832s][info][gc,phases      ] GC(338) Marking Phase 1458.382ms
[202.832s][info][gc,phases,start] GC(338) Summary Phase
[202.832s][info][gc,phases      ] GC(338) Summary Phase 0.093ms
[202.832s][info][gc,phases,start] GC(338) Adjust Roots
[202.833s][info][gc,phases      ] GC(338) Adjust Roots 0.200ms
[202.833s][info][gc,phases,start] GC(338) Compaction Phase
[203.352s][info][gc,phases      ] GC(338) Compaction Phase 519.023ms
[203.352s][info][gc,phases,start] GC(338) Post Compact
[203.361s][info][gc,phases      ] GC(338) Post Compact 9.503ms
[203.361s][info][gc,heap        ] GC(338) PSYoungGen: 53247K(385536K)->53247K(385536K) Eden: 53247K(53248K)->53247K(53248K) From: 0K(332288K)->0K(332288K)
[203.361s][info][gc,heap        ] GC(338) ParOldGen: 6280700K(6280704K)->6280700K(6280704K)
[203.361s][info][gc,metaspace   ] GC(338) Metaspace: 6298K(6464K)->6298K(6464K) NonClass: 5764K(5824K)->5764K(5824K) Class: 533K(640K)->533K(640K)
[203.361s][info][gc             ] GC(338) Pause Full (Ergonomics) 6185M->6185M(6510M) 1987.529ms
[203.361s][info][gc,cpu         ] GC(338) User=14.39s Sys=0.00s Real=1.99s
[203.362s][info][gc,start       ] GC(339) Pause Full (Ergonomics)
[203.362s][info][gc,phases,start] GC(339) Marking Phase
[204.821s][info][gc,phases      ] GC(339) Marking Phase 1458.916ms
[204.821s][info][gc,phases,start] GC(339) Summary Phase
[204.821s][info][gc,phases      ] GC(339) Summary Phase 0.167ms
[204.821s][info][gc,phases,start] GC(339) Adjust Roots
[204.821s][info][gc,phases      ] GC(339) Adjust Roots 0.235ms
[204.821s][info][gc,phases,start] GC(339) Compaction Phase
[205.377s][info][gc,phases      ] GC(339) Compaction Phase 555.639ms
[205.377s][info][gc,phases,start] GC(339) Post Compact
[205.387s][info][gc,phases      ] GC(339) Post Compact 9.780ms
[205.387s][info][gc,heap        ] GC(339) PSYoungGen: 53247K(385536K)->53247K(385536K) Eden: 53247K(53248K)->53247K(53248K) From: 0K(332288K)->0K(332288K)
[205.387s][info][gc,heap        ] GC(339) ParOldGen: 6280703K(6280704K)->6280703K(6280704K)
[205.387s][info][gc,metaspace   ] GC(339) Metaspace: 6298K(6464K)->6298K(6464K) NonClass: 5764K(5824K)->5764K(5824K) Class: 533K(640K)->533K(640K)
[205.387s][info][gc             ] GC(339) Pause Full (Ergonomics) 6185M->6185M(6510M) 2025.065ms
[205.387s][info][gc,cpu         ] GC(339) User=14.33s Sys=0.02s Real=2.02s
[205.387s][info][gc,start       ] GC(340) Pause Full (Allocation Failure)
[205.387s][info][gc,phases,start] GC(340) Marking Phase
[206.862s][info][gc,phases      ] GC(340) Marking Phase 1475.366ms
[206.862s][info][gc,phases,start] GC(340) Summary Phase
[206.862s][info][gc,phases      ] GC(340) Summary Phase 0.068ms
[206.862s][info][gc,phases,start] GC(340) Adjust Roots
[206.863s][info][gc,phases      ] GC(340) Adjust Roots 0.374ms
[206.863s][info][gc,phases,start] GC(340) Compaction Phase
[208.452s][info][gc,phases      ] GC(340) Compaction Phase 1588.935ms
[208.452s][info][gc,phases,start] GC(340) Post Compact
[208.461s][info][gc,phases      ] GC(340) Post Compact 9.510ms
[208.461s][info][gc,heap        ] GC(340) PSYoungGen: 53247K(385536K)->53247K(385536K) Eden: 53247K(53248K)->53247K(53248K) From: 0K(332288K)->0K(332288K)
[208.461s][info][gc,heap        ] GC(340) ParOldGen: 6280703K(6280704K)->6280699K(6280704K)
[208.461s][info][gc,metaspace   ] GC(340) Metaspace: 6298K(6464K)->6296K(6464K) NonClass: 5764K(5824K)->5763K(5824K) Class: 533K(640K)->532K(640K)
[208.461s][info][gc             ] GC(340) Pause Full (Allocation Failure) 6185M->6185M(6510M) 3074.560ms
[208.461s][info][gc,cpu         ] GC(340) User=21.69s Sys=0.05s Real=3.08s
[208.462s][info][gc,start       ] GC(341) Pause Full (Ergonomics)
[208.462s][info][gc,phases,start] GC(341) Marking Phase
[209.910s][info][gc,phases      ] GC(341) Marking Phase 1448.092ms
[209.910s][info][gc,phases,start] GC(341) Summary Phase
[209.910s][info][gc,phases      ] GC(341) Summary Phase 0.064ms
[209.910s][info][gc,phases,start] GC(341) Adjust Roots
[209.910s][info][gc,phases      ] GC(341) Adjust Roots 0.161ms
[209.910s][info][gc,phases,start] GC(341) Compaction Phase
[210.448s][info][gc,phases      ] GC(341) Compaction Phase 537.420ms
[210.448s][info][gc,phases,start] GC(341) Post Compact
[210.458s][info][gc,phases      ] GC(341) Post Compact 9.941ms
[210.458s][info][gc,heap        ] GC(341) PSYoungGen: 53247K(385536K)->53247K(385536K) Eden: 53247K(53248K)->53247K(53248K) From: 0K(332288K)->0K(332288K)
[210.458s][info][gc,heap        ] GC(341) ParOldGen: 6280700K(6280704K)->6280700K(6280704K)
[210.458s][info][gc,metaspace   ] GC(341) Metaspace: 6296K(6464K)->6296K(6464K) NonClass: 5763K(5824K)->5763K(5824K) Class: 532K(640K)->532K(640K)
[210.458s][info][gc             ] GC(341) Pause Full (Ergonomics) 6185M->6185M(6510M) 1996.028ms
[210.458s][info][gc,cpu         ] GC(341) User=14.42s Sys=0.00s Real=2.00s
[210.458s][info][gc,start       ] GC(342) Pause Full (Ergonomics)
[210.458s][info][gc,phases,start] GC(342) Marking Phase
[211.909s][info][gc,phases      ] GC(342) Marking Phase 1450.983ms
[211.909s][info][gc,phases,start] GC(342) Summary Phase
[211.909s][info][gc,phases      ] GC(342) Summary Phase 0.076ms
[211.909s][info][gc,phases,start] GC(342) Adjust Roots
[211.909s][info][gc,phases      ] GC(342) Adjust Roots 0.183ms
[211.909s][info][gc,phases,start] GC(342) Compaction Phase
[212.430s][info][gc,phases      ] GC(342) Compaction Phase 520.851ms
[212.430s][info][gc,phases,start] GC(342) Post Compact
[212.440s][info][gc,phases      ] GC(342) Post Compact 9.209ms
[212.440s][info][gc,heap        ] GC(342) PSYoungGen: 53247K(385536K)->53247K(385536K) Eden: 53247K(53248K)->53247K(53248K) From: 0K(332288K)->0K(332288K)
[212.440s][info][gc,heap        ] GC(342) ParOldGen: 6280703K(6280704K)->6280703K(6280704K)
[212.440s][info][gc,metaspace   ] GC(342) Metaspace: 6296K(6464K)->6296K(6464K) NonClass: 5763K(5824K)->5763K(5824K) Class: 532K(640K)->532K(640K)
[212.440s][info][gc             ] GC(342) Pause Full (Ergonomics) 6185M->6185M(6510M) 1981.611ms
[212.440s][info][gc,cpu         ] GC(342) User=14.28s Sys=0.00s Real=1.98s
[212.440s][info][gc,start       ] GC(343) Pause Full (Allocation Failure)
[212.440s][info][gc,phases,start] GC(343) Marking Phase
[213.898s][info][gc,phases      ] GC(343) Marking Phase 1457.957ms
[213.898s][info][gc,phases,start] GC(343) Summary Phase
[213.898s][info][gc,phases      ] GC(343) Summary Phase 0.064ms
[213.898s][info][gc,phases,start] GC(343) Adjust Roots
[213.898s][info][gc,phases      ] GC(343) Adjust Roots 0.189ms
[213.898s][info][gc,phases,start] GC(343) Compaction Phase
[214.432s][info][gc,phases      ] GC(343) Compaction Phase 533.447ms
[214.432s][info][gc,phases,start] GC(343) Post Compact
[214.441s][info][gc,phases      ] GC(343) Post Compact 9.334ms
[214.441s][info][gc,heap        ] GC(343) PSYoungGen: 53247K(385536K)->53247K(385536K) Eden: 53247K(53248K)->53247K(53248K) From: 0K(332288K)->0K(332288K)
[214.441s][info][gc,heap        ] GC(343) ParOldGen: 6280703K(6280704K)->6280703K(6280704K)
[214.441s][info][gc,metaspace   ] GC(343) Metaspace: 6296K(6464K)->6296K(6464K) NonClass: 5763K(5824K)->5763K(5824K) Class: 532K(640K)->532K(640K)
[214.441s][info][gc             ] GC(343) Pause Full (Allocation Failure) 6185M->6185M(6510M) 2001.304ms
[214.441s][info][gc,cpu         ] GC(343) User=14.44s Sys=0.00s Real=2.00s
[214.441s][info][gc,start       ] GC(344) Pause Full (Ergonomics)
[214.441s][info][gc,phases,start] GC(344) Marking Phase
[215.884s][info][gc,phases      ] GC(344) Marking Phase 1442.842ms
[215.884s][info][gc,phases,start] GC(344) Summary Phase
[215.884s][info][gc,phases      ] GC(344) Summary Phase 0.071ms
[215.884s][info][gc,phases,start] GC(344) Adjust Roots
[215.885s][info][gc,phases      ] GC(344) Adjust Roots 0.259ms
[215.885s][info][gc,phases,start] GC(344) Compaction Phase
[217.483s][info][gc,phases      ] GC(344) Compaction Phase 1598.512ms
[217.483s][info][gc,phases,start] GC(344) Post Compact
[217.493s][info][gc,phases      ] GC(344) Post Compact 9.590ms
[217.493s][info][gc,heap        ] GC(344) PSYoungGen: 53248K(385536K)->53248K(385536K) Eden: 53248K(53248K)->53248K(53248K) From: 0K(332288K)->0K(332288K)
[217.493s][info][gc,heap        ] GC(344) ParOldGen: 6280703K(6280704K)->6280702K(6280704K)
[217.493s][info][gc,metaspace   ] GC(344) Metaspace: 6296K(6464K)->6296K(6464K) NonClass: 5763K(5824K)->5763K(5824K) Class: 532K(640K)->532K(640K)
[217.493s][info][gc             ] GC(344) Pause Full (Ergonomics) 6185M->6185M(6510M) 3051.637ms
[217.493s][info][gc,cpu         ] GC(344) User=22.16s Sys=0.00s Real=3.05s
[217.494s][info][gc,start       ] GC(345) Pause Full (Ergonomics)
[217.494s][info][gc,phases,start] GC(345) Marking Phase
[218.918s][info][gc,phases      ] GC(345) Marking Phase 1424.237ms
[218.918s][info][gc,phases,start] GC(345) Summary Phase
[218.918s][info][gc,phases      ] GC(345) Summary Phase 0.067ms
[218.918s][info][gc,phases,start] GC(345) Adjust Roots
[218.918s][info][gc,phases      ] GC(345) Adjust Roots 0.264ms
[218.918s][info][gc,phases,start] GC(345) Compaction Phase
[220.514s][info][gc,phases      ] GC(345) Compaction Phase 1595.416ms
[220.514s][info][gc,phases,start] GC(345) Post Compact
[220.524s][info][gc,phases      ] GC(345) Post Compact 9.584ms
[220.524s][info][gc,heap        ] GC(345) PSYoungGen: 53248K(385536K)->53248K(385536K) Eden: 53248K(53248K)->53248K(53248K) From: 0K(332288K)->0K(332288K)
[220.524s][info][gc,heap        ] GC(345) ParOldGen: 6280703K(6280704K)->6280701K(6280704K)
[220.524s][info][gc,metaspace   ] GC(345) Metaspace: 6296K(6464K)->6296K(6464K) NonClass: 5763K(5824K)->5763K(5824K) Class: 532K(640K)->532K(640K)
[220.524s][info][gc             ] GC(345) Pause Full (Ergonomics) 6185M->6185M(6510M) 3029.979ms
[220.524s][info][gc,cpu         ] GC(345) User=21.75s Sys=0.00s Real=3.03s
[220.525s][info][gc,heap,exit   ] Heap
[220.525s][info][gc,heap,exit   ]  PSYoungGen      total 385536K, used 53248K [0x0000000740580000, 0x000000076c580000, 0x0000000800000000)
[220.525s][info][gc,heap,exit   ]   eden space 53248K, 100% used [0x0000000740580000,0x0000000743980000,0x0000000743980000)
[220.525s][info][gc,heap,exit   ]   from space 332288K, 0% used [0x0000000743980000,0x0000000743980000,0x0000000757e00000)
[220.525s][info][gc,heap,exit   ]   to   space 332288K, 0% used [0x0000000758100000,0x0000000758100000,0x000000076c580000)
[220.526s][info][gc,heap,exit   ]  ParOldGen       total 6280704K, used 6280703K [0x00000005c1000000, 0x0000000740580000, 0x0000000740580000)
[220.526s][info][gc,heap,exit   ]   object space 6280704K, 99% used [0x00000005c1000000,0x000000074057fce0,0x0000000740580000)
[220.526s][info][gc,heap,exit   ]  Metaspace       used 6301K, committed 6464K, reserved 1114112K
[220.526s][info][gc,heap,exit   ]   class space    used 534K, committed 640K, reserved 1048576K
