[0.011s][info][gc,init] CardTable entry size: 512
[0.011s][info][gc     ] Using Parallel
[0.012s][info][gc,init] Version: 18.0.1+10 (release)
[0.012s][info][gc,init] CPUs: 8 total, 8 available
[0.012s][info][gc,init] Memory: 16063M
[0.012s][info][gc,init] Large Page Support: Disabled
[0.012s][info][gc,init] NUMA Support: Disabled
[0.012s][info][gc,init] Compressed Oops: Enabled (Zero based)
[0.012s][info][gc,init] Alignments: Space 512K, Generation 512K, Heap 2M
[0.012s][info][gc,init] Heap Min Capacity: 2M
[0.012s][info][gc,init] Heap Initial Capacity: 2M
[0.012s][info][gc,init] Heap Max Capacity: 4600M
[0.012s][info][gc,init] Pre-touch: Disabled
[0.012s][info][gc,init] Parallel Workers: 8
[0.012s][info][gc,metaspace] CDS archive(s) not mapped
[0.012s][info][gc,metaspace] Compressed class space mapped at: 0x0000000800000000-0x0000000840000000, reserved size: 1073741824
[0.012s][info][gc,metaspace] Narrow klass base: 0x0000000800000000, Narrow klass shift: 0, Narrow klass range: 0x40000000
[0.108s][info][gc,start    ] GC(0) Pause Young (Allocation Failure)
[0.109s][info][gc,heap     ] GC(0) PSYoungGen: 512K(1024K)->480K(1024K) Eden: 512K(512K)->0K(512K) From: 0K(512K)->480K(512K)
[0.109s][info][gc,heap     ] GC(0) ParOldGen: 0K(512K)->8K(512K)
[0.109s][info][gc,metaspace] GC(0) Metaspace: 4230K(4352K)->4230K(4352K) NonClass: 3909K(3968K)->3909K(3968K) Class: 321K(384K)->321K(384K)
[0.109s][info][gc          ] GC(0) Pause Young (Allocation Failure) 0M->0M(1M) 1.496ms
[0.109s][info][gc,cpu      ] GC(0) User=0.00s Sys=0.00s Real=0.00s
[0.167s][info][gc,start    ] GC(1) Pause Young (Allocation Failure)
[0.167s][info][gc,heap     ] GC(1) PSYoungGen: 991K(1024K)->512K(1536K) Eden: 511K(512K)->0K(1024K) From: 480K(512K)->512K(512K)
[0.167s][info][gc,heap     ] GC(1) ParOldGen: 8K(512K)->88K(512K)
[0.167s][info][gc,metaspace] GC(1) Metaspace: 5882K(6016K)->5882K(6016K) NonClass: 5385K(5504K)->5385K(5504K) Class: 496K(512K)->496K(512K)
[0.167s][info][gc          ] GC(1) Pause Young (Allocation Failure) 0M->0M(2M) 0.846ms
[0.167s][info][gc,cpu      ] GC(1) User=0.00s Sys=0.00s Real=0.00s
[0.187s][info][gc,start    ] GC(2) Pause Young (Allocation Failure)
[0.188s][info][gc,heap     ] GC(2) PSYoungGen: 1536K(1536K)->512K(1536K) Eden: 1024K(1024K)->0K(1024K) From: 512K(512K)->512K(512K)
[0.188s][info][gc,heap     ] GC(2) ParOldGen: 88K(512K)->504K(512K)
[0.188s][info][gc,metaspace] GC(2) Metaspace: 6300K(6528K)->6300K(6528K) NonClass: 5767K(5888K)->5767K(5888K) Class: 533K(640K)->533K(640K)
[0.188s][info][gc          ] GC(2) Pause Young (Allocation Failure) 1M->0M(2M) 1.114ms
[0.188s][info][gc,cpu      ] GC(2) User=0.00s Sys=0.00s Real=0.00s
[0.188s][info][gc,start    ] GC(3) Pause Full (Ergonomics)
[0.188s][info][gc,phases,start] GC(3) Marking Phase
[0.189s][info][gc,phases      ] GC(3) Marking Phase 0.877ms
[0.189s][info][gc,phases,start] GC(3) Summary Phase
[0.189s][info][gc,phases      ] GC(3) Summary Phase 0.016ms
[0.189s][info][gc,phases,start] GC(3) Adjust Roots
[0.189s][info][gc,phases      ] GC(3) Adjust Roots 0.340ms
[0.189s][info][gc,phases,start] GC(3) Compaction Phase
[0.191s][info][gc,phases      ] GC(3) Compaction Phase 2.024ms
[0.191s][info][gc,phases,start] GC(3) Post Compact
[0.192s][info][gc,phases      ] GC(3) Post Compact 0.086ms
[0.192s][info][gc,heap        ] GC(3) PSYoungGen: 512K(1536K)->508K(1536K) Eden: 0K(1024K)->0K(1024K) From: 512K(512K)->508K(512K)
[0.192s][info][gc,heap        ] GC(3) ParOldGen: 504K(512K)->472K(2048K)
[0.192s][info][gc,metaspace   ] GC(3) Metaspace: 6300K(6528K)->6300K(6528K) NonClass: 5767K(5888K)->5767K(5888K) Class: 533K(640K)->533K(640K)
[0.192s][info][gc             ] GC(3) Pause Full (Ergonomics) 0M->0M(3M) 3.588ms
[0.192s][info][gc,cpu         ] GC(3) User=0.00s Sys=0.00s Real=0.00s
[0.193s][info][gc,start       ] GC(4) Pause Young (Allocation Failure)
[0.194s][info][gc,heap        ] GC(4) PSYoungGen: 1532K(1536K)->480K(2560K) Eden: 1024K(1024K)->0K(2048K) From: 508K(512K)->480K(512K)
[0.194s][info][gc,heap        ] GC(4) ParOldGen: 472K(2048K)->1036K(2048K)
[0.194s][info][gc,metaspace   ] GC(4) Metaspace: 6300K(6528K)->6300K(6528K) NonClass: 5767K(5888K)->5767K(5888K) Class: 533K(640K)->533K(640K)
[0.194s][info][gc             ] GC(4) Pause Young (Allocation Failure) 1M->1M(4M) 1.296ms
[0.194s][info][gc,cpu         ] GC(4) User=0.00s Sys=0.00s Real=0.00s
[0.197s][info][gc,start       ] GC(5) Pause Young (Allocation Failure)
[0.199s][info][gc,heap        ] GC(5) PSYoungGen: 2528K(2560K)->480K(2560K) Eden: 2048K(2048K)->0K(2048K) From: 480K(512K)->480K(512K)
[0.199s][info][gc,heap        ] GC(5) ParOldGen: 1036K(2048K)->2108K(2560K)
[0.199s][info][gc,metaspace   ] GC(5) Metaspace: 6300K(6528K)->6300K(6528K) NonClass: 5767K(5888K)->5767K(5888K) Class: 533K(640K)->533K(640K)
[0.199s][info][gc             ] GC(5) Pause Young (Allocation Failure) 3M->2M(5M) 1.857ms
[0.199s][info][gc,cpu         ] GC(5) User=0.00s Sys=0.00s Real=0.00s
[0.199s][info][gc,start       ] GC(6) Pause Full (Ergonomics)
[0.199s][info][gc,phases,start] GC(6) Marking Phase
[0.201s][info][gc,phases      ] GC(6) Marking Phase 1.400ms
[0.201s][info][gc,phases,start] GC(6) Summary Phase
[0.201s][info][gc,phases      ] GC(6) Summary Phase 0.015ms
[0.201s][info][gc,phases,start] GC(6) Adjust Roots
[0.201s][info][gc,phases      ] GC(6) Adjust Roots 0.294ms
[0.201s][info][gc,phases,start] GC(6) Compaction Phase
[0.203s][info][gc,phases      ] GC(6) Compaction Phase 2.030ms
[0.203s][info][gc,phases,start] GC(6) Post Compact
[0.203s][info][gc,phases      ] GC(6) Post Compact 0.035ms
[0.203s][info][gc,heap        ] GC(6) PSYoungGen: 480K(2560K)->0K(4096K) Eden: 0K(2048K)->0K(3072K) From: 480K(512K)->0K(1024K)
[0.203s][info][gc,heap        ] GC(6) ParOldGen: 2108K(2560K)->2542K(6144K)
[0.203s][info][gc,metaspace   ] GC(6) Metaspace: 6300K(6528K)->6300K(6528K) NonClass: 5767K(5888K)->5767K(5888K) Class: 533K(640K)->533K(640K)
[0.203s][info][gc             ] GC(6) Pause Full (Ergonomics) 2M->2M(10M) 4.230ms
[0.203s][info][gc,cpu         ] GC(6) User=0.02s Sys=0.00s Real=0.00s
[0.207s][info][gc,start       ] GC(7) Pause Young (Allocation Failure)
[0.209s][info][gc,heap        ] GC(7) PSYoungGen: 3072K(4096K)->1664K(5120K) Eden: 3072K(3072K)->0K(3072K) From: 0K(1024K)->1664K(2048K)
[0.209s][info][gc,heap        ] GC(7) ParOldGen: 2542K(6144K)->2542K(6144K)
[0.209s][info][gc,metaspace   ] GC(7) Metaspace: 6300K(6528K)->6300K(6528K) NonClass: 5767K(5888K)->5767K(5888K) Class: 533K(640K)->533K(640K)
[0.209s][info][gc             ] GC(7) Pause Young (Allocation Failure) 5M->4M(11M) 1.688ms
[0.209s][info][gc,cpu         ] GC(7) User=0.00s Sys=0.00s Real=0.00s
[0.213s][info][gc,start       ] GC(8) Pause Young (Allocation Failure)
[0.216s][info][gc,heap        ] GC(8) PSYoungGen: 4736K(5120K)->2016K(5632K) Eden: 3072K(3072K)->0K(3584K) From: 1664K(2048K)->2016K(2048K)
[0.216s][info][gc,heap        ] GC(8) ParOldGen: 2542K(6144K)->3774K(6144K)
[0.216s][info][gc,metaspace   ] GC(8) Metaspace: 6300K(6528K)->6300K(6528K) NonClass: 5767K(5888K)->5767K(5888K) Class: 533K(640K)->533K(640K)
[0.216s][info][gc             ] GC(8) Pause Young (Allocation Failure) 7M->5M(11M) 2.851ms
[0.216s][info][gc,cpu         ] GC(8) User=0.00s Sys=0.00s Real=0.00s
[0.222s][info][gc,start       ] GC(9) Pause Young (Allocation Failure)
[0.225s][info][gc,heap        ] GC(9) PSYoungGen: 5600K(5632K)->3040K(6656K) Eden: 3584K(3584K)->0K(3584K) From: 2016K(2048K)->3040K(3072K)
[0.225s][info][gc,heap        ] GC(9) ParOldGen: 3774K(6144K)->4614K(6144K)
[0.225s][info][gc,metaspace   ] GC(9) Metaspace: 6300K(6528K)->6300K(6528K) NonClass: 5767K(5888K)->5767K(5888K) Class: 533K(640K)->533K(640K)
[0.225s][info][gc             ] GC(9) Pause Young (Allocation Failure) 9M->7M(12M) 3.264ms
[0.225s][info][gc,cpu         ] GC(9) User=0.00s Sys=0.00s Real=0.00s
[0.228s][info][gc,start       ] GC(10) Pause Young (Allocation Failure)
[0.232s][info][gc,heap        ] GC(10) PSYoungGen: 6624K(6656K)->4064K(8704K) Eden: 3584K(3584K)->0K(4608K) From: 3040K(3072K)->4064K(4096K)
[0.232s][info][gc,heap        ] GC(10) ParOldGen: 4614K(6144K)->5454K(6144K)
[0.232s][info][gc,metaspace   ] GC(10) Metaspace: 6300K(6528K)->6300K(6528K) NonClass: 5767K(5888K)->5767K(5888K) Class: 533K(640K)->533K(640K)
[0.232s][info][gc             ] GC(10) Pause Young (Allocation Failure) 10M->9M(14M) 3.554ms
[0.232s][info][gc,cpu         ] GC(10) User=0.02s Sys=0.00s Real=0.00s
[0.232s][info][gc,start       ] GC(11) Pause Full (Ergonomics)
[0.232s][info][gc,phases,start] GC(11) Marking Phase
[0.236s][info][gc,phases      ] GC(11) Marking Phase 4.207ms
[0.236s][info][gc,phases,start] GC(11) Summary Phase
[0.236s][info][gc,phases      ] GC(11) Summary Phase 0.016ms
[0.236s][info][gc,phases,start] GC(11) Adjust Roots
[0.237s][info][gc,phases      ] GC(11) Adjust Roots 0.348ms
[0.237s][info][gc,phases,start] GC(11) Compaction Phase
[0.242s][info][gc,phases      ] GC(11) Compaction Phase 5.566ms
[0.242s][info][gc,phases,start] GC(11) Post Compact
[0.242s][info][gc,phases      ] GC(11) Post Compact 0.140ms
[0.243s][info][gc,heap        ] GC(11) PSYoungGen: 4064K(8704K)->3545K(8704K) Eden: 0K(4608K)->0K(4608K) From: 4064K(4096K)->3545K(4096K)
[0.243s][info][gc,heap        ] GC(11) ParOldGen: 5454K(6144K)->5831K(10752K)
[0.243s][info][gc,metaspace   ] GC(11) Metaspace: 6300K(6528K)->6300K(6528K) NonClass: 5767K(5888K)->5767K(5888K) Class: 533K(640K)->533K(640K)
[0.243s][info][gc             ] GC(11) Pause Full (Ergonomics) 9M->9M(19M) 10.701ms
[0.243s][info][gc,cpu         ] GC(11) User=0.00s Sys=0.00s Real=0.01s
[0.247s][info][gc,start       ] GC(12) Pause Young (Allocation Failure)
[0.251s][info][gc,heap        ] GC(12) PSYoungGen: 8013K(8704K)->5088K(9728K) Eden: 4468K(4608K)->0K(4608K) From: 3545K(4096K)->5088K(5120K)
[0.251s][info][gc,heap        ] GC(12) ParOldGen: 5831K(10752K)->6615K(10752K)
[0.251s][info][gc,metaspace   ] GC(12) Metaspace: 6300K(6528K)->6300K(6528K) NonClass: 5767K(5888K)->5767K(5888K) Class: 533K(640K)->533K(640K)
[0.251s][info][gc             ] GC(12) Pause Young (Allocation Failure) 13M->11M(20M) 3.694ms
[0.251s][info][gc,cpu         ] GC(12) User=0.00s Sys=0.00s Real=0.00s
[0.257s][info][gc,start       ] GC(13) Pause Young (Allocation Failure)
[0.262s][info][gc,heap        ] GC(13) PSYoungGen: 9696K(9728K)->6112K(11264K) Eden: 4608K(4608K)->0K(5120K) From: 5088K(5120K)->6112K(6144K)
[0.263s][info][gc,heap        ] GC(13) ParOldGen: 6615K(10752K)->7991K(10752K)
[0.263s][info][gc,metaspace   ] GC(13) Metaspace: 6300K(6528K)->6300K(6528K) NonClass: 5767K(5888K)->5767K(5888K) Class: 533K(640K)->533K(640K)
[0.263s][info][gc             ] GC(13) Pause Young (Allocation Failure) 15M->13M(21M) 5.613ms
[0.263s][info][gc,cpu         ] GC(13) User=0.02s Sys=0.00s Real=0.01s
[0.266s][info][gc,start       ] GC(14) Pause Young (Allocation Failure)
[0.272s][info][gc,heap        ] GC(14) PSYoungGen: 11232K(11264K)->5216K(12800K) Eden: 5120K(5120K)->0K(5120K) From: 6112K(6144K)->5216K(7680K)
[0.272s][info][gc,heap        ] GC(14) ParOldGen: 7991K(10752K)->11583K(11776K)
[0.272s][info][gc,metaspace   ] GC(14) Metaspace: 6302K(6528K)->6302K(6528K) NonClass: 5769K(5888K)->5769K(5888K) Class: 533K(640K)->533K(640K)
[0.272s][info][gc             ] GC(14) Pause Young (Allocation Failure) 18M->16M(24M) 5.581ms
[0.272s][info][gc,cpu         ] GC(14) User=0.00s Sys=0.00s Real=0.01s
[0.272s][info][gc,start       ] GC(15) Pause Full (Ergonomics)
[0.272s][info][gc,phases,start] GC(15) Marking Phase
[0.279s][info][gc,phases      ] GC(15) Marking Phase 7.254ms
[0.279s][info][gc,phases,start] GC(15) Summary Phase
[0.279s][info][gc,phases      ] GC(15) Summary Phase 0.015ms
[0.279s][info][gc,phases,start] GC(15) Adjust Roots
[0.280s][info][gc,phases      ] GC(15) Adjust Roots 0.182ms
[0.280s][info][gc,phases,start] GC(15) Compaction Phase
[0.286s][info][gc,phases      ] GC(15) Compaction Phase 6.405ms
[0.286s][info][gc,phases,start] GC(15) Post Compact
[0.286s][info][gc,phases      ] GC(15) Post Compact 0.074ms
[0.286s][info][gc,heap        ] GC(15) PSYoungGen: 5216K(12800K)->5191K(12800K) Eden: 0K(5120K)->0K(5120K) From: 5216K(7680K)->5191K(7680K)
[0.286s][info][gc,heap        ] GC(15) ParOldGen: 11583K(11776K)->11459K(18432K)
[0.286s][info][gc,metaspace   ] GC(15) Metaspace: 6302K(6528K)->6302K(6528K) NonClass: 5769K(5888K)->5769K(5888K) Class: 533K(640K)->533K(640K)
[0.286s][info][gc             ] GC(15) Pause Full (Ergonomics) 16M->16M(30M) 14.250ms
[0.286s][info][gc,cpu         ] GC(15) User=0.02s Sys=0.00s Real=0.01s
[0.290s][info][gc,start       ] GC(16) Pause Young (Allocation Failure)
[0.296s][info][gc,heap        ] GC(16) PSYoungGen: 10311K(12800K)->2688K(14336K) Eden: 5120K(5120K)->0K(7168K) From: 5191K(7680K)->2688K(7168K)
[0.296s][info][gc,heap        ] GC(16) ParOldGen: 11459K(18432K)->16731K(18432K)
[0.296s][info][gc,metaspace   ] GC(16) Metaspace: 6302K(6528K)->6302K(6528K) NonClass: 5769K(5888K)->5769K(5888K) Class: 533K(640K)->533K(640K)
[0.296s][info][gc             ] GC(16) Pause Young (Allocation Failure) 21M->18M(32M) 6.132ms
[0.296s][info][gc,cpu         ] GC(16) User=0.00s Sys=0.00s Real=0.01s
[0.296s][info][gc,start       ] GC(17) Pause Full (Ergonomics)
[0.296s][info][gc,phases,start] GC(17) Marking Phase
[0.304s][info][gc,phases      ] GC(17) Marking Phase 7.874ms
[0.304s][info][gc,phases,start] GC(17) Summary Phase
[0.304s][info][gc,phases      ] GC(17) Summary Phase 0.015ms
[0.304s][info][gc,phases,start] GC(17) Adjust Roots
[0.304s][info][gc,phases      ] GC(17) Adjust Roots 0.181ms
[0.304s][info][gc,phases,start] GC(17) Compaction Phase
[0.309s][info][gc,phases      ] GC(17) Compaction Phase 5.498ms
[0.310s][info][gc,phases,start] GC(17) Post Compact
[0.310s][info][gc,phases      ] GC(17) Post Compact 0.093ms
[0.310s][info][gc,heap        ] GC(17) PSYoungGen: 2688K(14336K)->1105K(14848K) Eden: 0K(7168K)->0K(7680K) From: 2688K(7168K)->1105K(7168K)
[0.310s][info][gc,heap        ] GC(17) ParOldGen: 16731K(18432K)->18183K(27648K)
[0.310s][info][gc,metaspace   ] GC(17) Metaspace: 6302K(6528K)->6302K(6528K) NonClass: 5769K(5888K)->5769K(5888K) Class: 533K(640K)->533K(640K)
[0.310s][info][gc             ] GC(17) Pause Full (Ergonomics) 18M->18M(41M) 13.992ms
[0.310s][info][gc,cpu         ] GC(17) User=0.00s Sys=0.00s Real=0.01s
[0.314s][info][gc,start       ] GC(18) Pause Young (Allocation Failure)
[0.319s][info][gc,heap        ] GC(18) PSYoungGen: 7799K(14848K)->3424K(15360K) Eden: 6694K(7680K)->0K(7680K) From: 1105K(7168K)->3424K(7680K)
[0.319s][info][gc,heap        ] GC(18) ParOldGen: 18183K(27648K)->19311K(27648K)
[0.319s][info][gc,metaspace   ] GC(18) Metaspace: 6302K(6528K)->6302K(6528K) NonClass: 5769K(5888K)->5769K(5888K) Class: 533K(640K)->533K(640K)
[0.319s][info][gc             ] GC(18) Pause Young (Allocation Failure) 25M->22M(42M) 4.839ms
[0.319s][info][gc,cpu         ] GC(18) User=0.00s Sys=0.00s Real=0.00s
[0.326s][info][gc,start       ] GC(19) Pause Young (Allocation Failure)
[0.333s][info][gc,heap        ] GC(19) PSYoungGen: 11103K(15360K)->4512K(17920K) Eden: 7679K(7680K)->0K(10240K) From: 3424K(7680K)->4512K(7680K)
[0.333s][info][gc,heap        ] GC(19) ParOldGen: 19311K(27648K)->22759K(27648K)
[0.333s][info][gc,metaspace   ] GC(19) Metaspace: 6302K(6528K)->6302K(6528K) NonClass: 5769K(5888K)->5769K(5888K) Class: 533K(640K)->533K(640K)
[0.333s][info][gc             ] GC(19) Pause Young (Allocation Failure) 29M->26M(44M) 6.941ms
[0.333s][info][gc,cpu         ] GC(19) User=0.00s Sys=0.00s Real=0.01s
[0.339s][info][gc,start       ] GC(20) Pause Young (Allocation Failure)
[0.346s][info][gc,heap        ] GC(20) PSYoungGen: 14752K(17920K)->5344K(17920K) Eden: 10240K(10240K)->0K(10240K) From: 4512K(7680K)->5344K(7680K)
[0.346s][info][gc,heap        ] GC(20) ParOldGen: 22759K(27648K)->27279K(27648K)
[0.346s][info][gc,metaspace   ] GC(20) Metaspace: 6302K(6528K)->6302K(6528K) NonClass: 5769K(5888K)->5769K(5888K) Class: 533K(640K)->533K(640K)
[0.346s][info][gc             ] GC(20) Pause Young (Allocation Failure) 36M->31M(44M) 7.071ms
[0.346s][info][gc,cpu         ] GC(20) User=0.00s Sys=0.00s Real=0.01s
[0.346s][info][gc,start       ] GC(21) Pause Full (Ergonomics)
[0.346s][info][gc,phases,start] GC(21) Marking Phase
[0.360s][info][gc,phases      ] GC(21) Marking Phase 13.259ms
[0.360s][info][gc,phases,start] GC(21) Summary Phase
[0.360s][info][gc,phases      ] GC(21) Summary Phase 0.015ms
[0.360s][info][gc,phases,start] GC(21) Adjust Roots
[0.360s][info][gc,phases      ] GC(21) Adjust Roots 0.173ms
[0.360s][info][gc,phases,start] GC(21) Compaction Phase
[0.372s][info][gc,phases      ] GC(21) Compaction Phase 11.767ms
[0.372s][info][gc,phases,start] GC(21) Post Compact
[0.372s][info][gc,phases      ] GC(21) Post Compact 0.116ms
[0.372s][info][gc,heap        ] GC(21) PSYoungGen: 5344K(17920K)->4779K(17920K) Eden: 0K(10240K)->0K(10240K) From: 5344K(7680K)->4779K(7680K)
[0.372s][info][gc,heap        ] GC(21) ParOldGen: 27279K(27648K)->27140K(38912K)
[0.372s][info][gc,metaspace   ] GC(21) Metaspace: 6302K(6528K)->6302K(6528K) NonClass: 5769K(5888K)->5769K(5888K) Class: 533K(640K)->533K(640K)
[0.372s][info][gc             ] GC(21) Pause Full (Ergonomics) 31M->31M(55M) 25.806ms
[0.372s][info][gc,cpu         ] GC(21) User=0.00s Sys=0.00s Real=0.03s
[0.381s][info][gc,start       ] GC(22) Pause Young (Allocation Failure)
[0.393s][info][gc,heap        ] GC(22) PSYoungGen: 15019K(17920K)->8192K(17920K) Eden: 10240K(10240K)->0K(9728K) From: 4779K(7680K)->8192K(8192K)
[0.393s][info][gc,heap        ] GC(22) ParOldGen: 27140K(38912K)->32948K(38912K)
[0.393s][info][gc,metaspace   ] GC(22) Metaspace: 6302K(6528K)->6302K(6528K) NonClass: 5769K(5888K)->5769K(5888K) Class: 533K(640K)->533K(640K)
[0.393s][info][gc             ] GC(22) Pause Young (Allocation Failure) 41M->40M(55M) 12.184ms
[0.393s][info][gc,cpu         ] GC(22) User=0.00s Sys=0.00s Real=0.01s
[0.393s][info][gc,start       ] GC(23) Pause Full (Ergonomics)
[0.393s][info][gc,phases,start] GC(23) Marking Phase
[0.411s][info][gc,phases      ] GC(23) Marking Phase 17.776ms
[0.411s][info][gc,phases,start] GC(23) Summary Phase
[0.411s][info][gc,phases      ] GC(23) Summary Phase 0.017ms
[0.411s][info][gc,phases,start] GC(23) Adjust Roots
[0.411s][info][gc,phases      ] GC(23) Adjust Roots 0.177ms
[0.411s][info][gc,phases,start] GC(23) Compaction Phase
[0.422s][info][gc,phases      ] GC(23) Compaction Phase 10.184ms
[0.422s][info][gc,phases,start] GC(23) Post Compact
[0.422s][info][gc,phases      ] GC(23) Post Compact 0.171ms
[0.422s][info][gc,heap        ] GC(23) PSYoungGen: 8192K(17920K)->2555K(17920K) Eden: 0K(9728K)->0K(9728K) From: 8192K(8192K)->2555K(8192K)
[0.422s][info][gc,heap        ] GC(23) ParOldGen: 32948K(38912K)->38475K(52736K)
[0.422s][info][gc,metaspace   ] GC(23) Metaspace: 6302K(6528K)->6302K(6528K) NonClass: 5769K(5888K)->5769K(5888K) Class: 533K(640K)->533K(640K)
[0.422s][info][gc             ] GC(23) Pause Full (Ergonomics) 40M->40M(69M) 28.658ms
[0.422s][info][gc,cpu         ] GC(23) User=0.03s Sys=0.00s Real=0.03s
[0.436s][info][gc,start       ] GC(24) Pause Young (Allocation Failure)
[0.445s][info][gc,heap        ] GC(24) PSYoungGen: 12283K(17920K)->9760K(20992K) Eden: 9728K(9728K)->0K(9728K) From: 2555K(8192K)->9760K(11264K)
[0.446s][info][gc,heap        ] GC(24) ParOldGen: 38475K(52736K)->41083K(52736K)
[0.446s][info][gc,metaspace   ] GC(24) Metaspace: 6302K(6528K)->6302K(6528K) NonClass: 5769K(5888K)->5769K(5888K) Class: 533K(640K)->533K(640K)
[0.446s][info][gc             ] GC(24) Pause Young (Allocation Failure) 49M->49M(72M) 9.983ms
[0.446s][info][gc,cpu         ] GC(24) User=0.00s Sys=0.00s Real=0.01s
[0.455s][info][gc,start       ] GC(25) Pause Young (Allocation Failure)
[0.468s][info][gc,heap        ] GC(25) PSYoungGen: 19488K(20992K)->12768K(19968K) Eden: 9728K(9728K)->0K(7168K) From: 9760K(11264K)->12768K(12800K)
[0.468s][info][gc,heap        ] GC(25) ParOldGen: 41083K(52736K)->47851K(52736K)
[0.468s][info][gc,metaspace   ] GC(25) Metaspace: 6302K(6528K)->6302K(6528K) NonClass: 5769K(5888K)->5769K(5888K) Class: 533K(640K)->533K(640K)
[0.469s][info][gc             ] GC(25) Pause Young (Allocation Failure) 59M->59M(71M) 13.560ms
[0.469s][info][gc,cpu         ] GC(25) User=0.00s Sys=0.00s Real=0.01s
[0.469s][info][gc,start       ] GC(26) Pause Full (Ergonomics)
[0.469s][info][gc,phases,start] GC(26) Marking Phase
[0.492s][info][gc,phases      ] GC(26) Marking Phase 23.013ms
[0.492s][info][gc,phases,start] GC(26) Summary Phase
[0.492s][info][gc,phases      ] GC(26) Summary Phase 0.021ms
[0.492s][info][gc,phases,start] GC(26) Adjust Roots
[0.492s][info][gc,phases      ] GC(26) Adjust Roots 0.162ms
[0.492s][info][gc,phases,start] GC(26) Compaction Phase
[0.510s][info][gc,phases      ] GC(26) Compaction Phase 18.385ms
[0.510s][info][gc,phases,start] GC(26) Post Compact
[0.511s][info][gc,phases      ] GC(26) Post Compact 0.183ms
[0.511s][info][gc,heap        ] GC(26) PSYoungGen: 12768K(19968K)->7122K(19968K) Eden: 0K(7168K)->0K(7168K) From: 12768K(12800K)->7122K(12800K)
[0.511s][info][gc,heap        ] GC(26) ParOldGen: 47851K(52736K)->52288K(69120K)
[0.511s][info][gc,metaspace   ] GC(26) Metaspace: 6302K(6528K)->6302K(6528K) NonClass: 5769K(5888K)->5769K(5888K) Class: 533K(640K)->533K(640K)
[0.511s][info][gc             ] GC(26) Pause Full (Ergonomics) 59M->58M(87M) 42.206ms
[0.511s][info][gc,cpu         ] GC(26) User=0.03s Sys=0.00s Real=0.04s
[0.518s][info][gc,start       ] GC(27) Pause Young (Allocation Failure)
[0.532s][info][gc,heap        ] GC(27) PSYoungGen: 14290K(19968K)->7200K(24576K) Eden: 7168K(7168K)->0K(7168K) From: 7122K(12800K)->7200K(17408K)
[0.532s][info][gc,heap        ] GC(27) ParOldGen: 52288K(69120K)->59536K(69120K)
[0.532s][info][gc,metaspace   ] GC(27) Metaspace: 6302K(6528K)->6302K(6528K) NonClass: 5769K(5888K)->5769K(5888K) Class: 533K(640K)->533K(640K)
[0.532s][info][gc             ] GC(27) Pause Young (Allocation Failure) 65M->65M(91M) 13.638ms
[0.532s][info][gc,cpu         ] GC(27) User=0.00s Sys=0.00s Real=0.01s
[0.539s][info][gc,start       ] GC(28) Pause Young (Allocation Failure)
[0.548s][info][gc,heap        ] GC(28) PSYoungGen: 14368K(24576K)->14336K(23040K) Eden: 7168K(7168K)->0K(6656K) From: 7200K(17408K)->14336K(16384K)
[0.549s][info][gc,heap        ] GC(28) ParOldGen: 59536K(69120K)->59536K(69120K)
[0.549s][info][gc,metaspace   ] GC(28) Metaspace: 6302K(6528K)->6302K(6528K) NonClass: 5769K(5888K)->5769K(5888K) Class: 533K(640K)->533K(640K)
[0.549s][info][gc             ] GC(28) Pause Young (Allocation Failure) 72M->72M(90M) 9.932ms
[0.549s][info][gc,cpu         ] GC(28) User=0.02s Sys=0.00s Real=0.01s
[0.556s][info][gc,start       ] GC(29) Pause Young (Allocation Failure)
[0.569s][info][gc,heap        ] GC(29) PSYoungGen: 20992K(23040K)->13824K(25088K) Eden: 6656K(6656K)->0K(6656K) From: 14336K(16384K)->13824K(18432K)
[0.569s][info][gc,heap        ] GC(29) ParOldGen: 59536K(69120K)->66792K(69120K)
[0.569s][info][gc,metaspace   ] GC(29) Metaspace: 6302K(6528K)->6302K(6528K) NonClass: 5769K(5888K)->5769K(5888K) Class: 533K(640K)->533K(640K)
[0.569s][info][gc             ] GC(29) Pause Young (Allocation Failure) 78M->78M(92M) 13.394ms
[0.569s][info][gc,cpu         ] GC(29) User=0.00s Sys=0.00s Real=0.01s
[0.569s][info][gc,start       ] GC(30) Pause Full (Ergonomics)
[0.569s][info][gc,phases,start] GC(30) Marking Phase
[0.600s][info][gc,phases      ] GC(30) Marking Phase 31.297ms
[0.600s][info][gc,phases,start] GC(30) Summary Phase
[0.600s][info][gc,phases      ] GC(30) Summary Phase 0.016ms
[0.600s][info][gc,phases,start] GC(30) Adjust Roots
[0.601s][info][gc,phases      ] GC(30) Adjust Roots 0.156ms
[0.601s][info][gc,phases,start] GC(30) Compaction Phase
[0.619s][info][gc,phases      ] GC(30) Compaction Phase 18.746ms
[0.619s][info][gc,phases,start] GC(30) Post Compact
[0.620s][info][gc,phases      ] GC(30) Post Compact 0.282ms
[0.620s][info][gc,heap        ] GC(30) PSYoungGen: 13824K(25088K)->11209K(25088K) Eden: 0K(6656K)->0K(6656K) From: 13824K(18432K)->11209K(18432K)
[0.620s][info][gc,heap        ] GC(30) ParOldGen: 66792K(69120K)->69104K(89600K)
[0.620s][info][gc,metaspace   ] GC(30) Metaspace: 6302K(6528K)->6302K(6528K) NonClass: 5769K(5888K)->5769K(5888K) Class: 533K(640K)->533K(640K)
[0.620s][info][gc             ] GC(30) Pause Full (Ergonomics) 78M->78M(112M) 50.859ms
[0.620s][info][gc,cpu         ] GC(30) User=0.06s Sys=0.00s Real=0.05s
[0.627s][info][gc,start       ] GC(31) Pause Young (Allocation Failure)
[0.643s][info][gc,heap        ] GC(31) PSYoungGen: 17865K(25088K)->11968K(27648K) Eden: 6656K(6656K)->0K(8192K) From: 11209K(18432K)->11968K(19456K)
[0.643s][info][gc,heap        ] GC(31) ParOldGen: 69104K(89600K)->75136K(89600K)
[0.643s][info][gc,metaspace   ] GC(31) Metaspace: 6302K(6528K)->6302K(6528K) NonClass: 5769K(5888K)->5769K(5888K) Class: 533K(640K)->533K(640K)
[0.643s][info][gc             ] GC(31) Pause Young (Allocation Failure) 84M->85M(114M) 15.652ms
[0.643s][info][gc,cpu         ] GC(31) User=0.02s Sys=0.00s Real=0.02s
[0.661s][info][gc,start       ] GC(32) Pause Young (Allocation Failure)
[0.674s][info][gc,heap        ] GC(32) PSYoungGen: 20160K(27648K)->14848K(28160K) Eden: 8192K(8192K)->0K(8192K) From: 11968K(19456K)->14848K(19968K)
[0.674s][info][gc,heap        ] GC(32) ParOldGen: 75136K(89600K)->80512K(89600K)
[0.674s][info][gc,metaspace   ] GC(32) Metaspace: 6302K(6528K)->6302K(6528K) NonClass: 5769K(5888K)->5769K(5888K) Class: 533K(640K)->533K(640K)
[0.674s][info][gc             ] GC(32) Pause Young (Allocation Failure) 93M->93M(115M) 13.639ms
[0.674s][info][gc,cpu         ] GC(32) User=0.00s Sys=0.00s Real=0.01s
[0.674s][info][gc,start       ] GC(33) Pause Full (Ergonomics)
[0.674s][info][gc,phases,start] GC(33) Marking Phase
[0.710s][info][gc,phases      ] GC(33) Marking Phase 35.780ms
[0.710s][info][gc,phases,start] GC(33) Summary Phase
[0.710s][info][gc,phases      ] GC(33) Summary Phase 0.015ms
[0.710s][info][gc,phases,start] GC(33) Adjust Roots
[0.710s][info][gc,phases      ] GC(33) Adjust Roots 0.153ms
[0.710s][info][gc,phases,start] GC(33) Compaction Phase
[0.736s][info][gc,phases      ] GC(33) Compaction Phase 25.180ms
[0.736s][info][gc,phases,start] GC(33) Post Compact
[0.736s][info][gc,phases      ] GC(33) Post Compact 0.375ms
[0.736s][info][gc,heap        ] GC(33) PSYoungGen: 14848K(28160K)->3552K(28160K) Eden: 0K(8192K)->0K(8192K) From: 14848K(19968K)->3552K(19968K)
[0.736s][info][gc,heap        ] GC(33) ParOldGen: 80512K(89600K)->89515K(112128K)
[0.736s][info][gc,metaspace   ] GC(33) Metaspace: 6302K(6528K)->6302K(6528K) NonClass: 5769K(5888K)->5769K(5888K) Class: 533K(640K)->533K(640K)
[0.736s][info][gc             ] GC(33) Pause Full (Ergonomics) 93M->90M(137M) 62.038ms
[0.736s][info][gc,cpu         ] GC(33) User=0.06s Sys=0.00s Real=0.06s
[0.744s][info][gc,start       ] GC(34) Pause Young (Allocation Failure)
[0.756s][info][gc,heap        ] GC(34) PSYoungGen: 11744K(28160K)->10176K(29184K) Eden: 8192K(8192K)->0K(9728K) From: 3552K(19968K)->10176K(19456K)
[0.756s][info][gc,heap        ] GC(34) ParOldGen: 89515K(112128K)->91163K(112128K)
[0.756s][info][gc,metaspace   ] GC(34) Metaspace: 6302K(6528K)->6302K(6528K) NonClass: 5769K(5888K)->5769K(5888K) Class: 533K(640K)->533K(640K)
[0.756s][info][gc             ] GC(34) Pause Young (Allocation Failure) 98M->98M(138M) 12.514ms
[0.756s][info][gc,cpu         ] GC(34) User=0.00s Sys=0.00s Real=0.01s
[0.765s][info][gc,start       ] GC(35) Pause Young (Allocation Failure)
[0.775s][info][gc,heap        ] GC(35) PSYoungGen: 19904K(29184K)->19872K(30208K) Eden: 9728K(9728K)->0K(9728K) From: 10176K(19456K)->19872K(20480K)
[0.775s][info][gc,heap        ] GC(35) ParOldGen: 91163K(112128K)->91163K(112128K)
[0.776s][info][gc,metaspace   ] GC(35) Metaspace: 6302K(6528K)->6302K(6528K) NonClass: 5769K(5888K)->5769K(5888K) Class: 533K(640K)->533K(640K)
[0.776s][info][gc             ] GC(35) Pause Young (Allocation Failure) 108M->108M(139M) 10.681ms
[0.776s][info][gc,cpu         ] GC(35) User=0.00s Sys=0.00s Real=0.01s
[0.784s][info][gc,start       ] GC(36) Pause Young (Allocation Failure)
[0.802s][info][gc,heap        ] GC(36) PSYoungGen: 29600K(30208K)->23552K(29184K) Eden: 9728K(9728K)->0K(5632K) From: 19872K(20480K)->23552K(23552K)
[0.802s][info][gc,heap        ] GC(36) ParOldGen: 91163K(112128K)->97259K(112128K)
[0.802s][info][gc,metaspace   ] GC(36) Metaspace: 6302K(6528K)->6302K(6528K) NonClass: 5769K(5888K)->5769K(5888K) Class: 533K(640K)->533K(640K)
[0.803s][info][gc             ] GC(36) Pause Young (Allocation Failure) 117M->117M(138M) 18.058ms
[0.803s][info][gc,cpu         ] GC(36) User=0.02s Sys=0.02s Real=0.02s
[0.808s][info][gc,start       ] GC(37) Pause Young (Allocation Failure)
[0.823s][info][gc,heap        ] GC(37) PSYoungGen: 29184K(29184K)->19648K(34816K) Eden: 5632K(5632K)->0K(5632K) From: 23552K(23552K)->19648K(29184K)
[0.823s][info][gc,heap        ] GC(37) ParOldGen: 97259K(112128K)->106955K(112128K)
[0.823s][info][gc,metaspace   ] GC(37) Metaspace: 6302K(6528K)->6302K(6528K) NonClass: 5769K(5888K)->5769K(5888K) Class: 533K(640K)->533K(640K)
[0.823s][info][gc             ] GC(37) Pause Young (Allocation Failure) 123M->123M(143M) 15.198ms
[0.823s][info][gc,cpu         ] GC(37) User=0.02s Sys=0.00s Real=0.01s
[0.823s][info][gc,start       ] GC(38) Pause Full (Ergonomics)
[0.823s][info][gc,phases,start] GC(38) Marking Phase
[0.858s][info][gc,phases      ] GC(38) Marking Phase 35.084ms
[0.858s][info][gc,phases,start] GC(38) Summary Phase
[0.858s][info][gc,phases      ] GC(38) Summary Phase 0.016ms
[0.858s][info][gc,phases,start] GC(38) Adjust Roots
[0.859s][info][gc,phases      ] GC(38) Adjust Roots 0.145ms
[0.859s][info][gc,phases,start] GC(38) Compaction Phase
[0.878s][info][gc,phases      ] GC(38) Compaction Phase 19.413ms
[0.878s][info][gc,phases,start] GC(38) Post Compact
[0.879s][info][gc,phases      ] GC(38) Post Compact 0.701ms
[0.879s][info][gc,heap        ] GC(38) PSYoungGen: 19648K(34816K)->14464K(34816K) Eden: 0K(5632K)->0K(5632K) From: 19648K(29184K)->14464K(29184K)
[0.879s][info][gc,heap        ] GC(38) ParOldGen: 106955K(112128K)->111752K(137728K)
[0.879s][info][gc,metaspace   ] GC(38) Metaspace: 6302K(6528K)->6302K(6528K) NonClass: 5769K(5888K)->5769K(5888K) Class: 533K(640K)->533K(640K)
[0.879s][info][gc             ] GC(38) Pause Full (Ergonomics) 123M->123M(168M) 55.899ms
[0.879s][info][gc,cpu         ] GC(38) User=0.08s Sys=0.00s Real=0.06s
[0.885s][info][gc,start       ] GC(39) Pause Young (Allocation Failure)
[0.902s][info][gc,heap        ] GC(39) PSYoungGen: 20096K(34816K)->10144K(35328K) Eden: 5632K(5632K)->0K(7168K) From: 14464K(29184K)->10144K(28160K)
[0.902s][info][gc,heap        ] GC(39) ParOldGen: 111752K(137728K)->121936K(137728K)
[0.902s][info][gc,metaspace   ] GC(39) Metaspace: 6302K(6528K)->6302K(6528K) NonClass: 5769K(5888K)->5769K(5888K) Class: 533K(640K)->533K(640K)
[0.902s][info][gc             ] GC(39) Pause Young (Allocation Failure) 128M->128M(169M) 17.345ms
[0.902s][info][gc,cpu         ] GC(39) User=0.02s Sys=0.00s Real=0.02s
[0.909s][info][gc,start       ] GC(40) Pause Young (Allocation Failure)
[0.918s][info][gc,heap        ] GC(40) PSYoungGen: 17312K(35328K)->12800K(36352K) Eden: 7168K(7168K)->0K(7168K) From: 10144K(28160K)->12800K(29184K)
[0.918s][info][gc,heap        ] GC(40) ParOldGen: 121936K(137728K)->126472K(137728K)
[0.918s][info][gc,metaspace   ] GC(40) Metaspace: 6302K(6528K)->6302K(6528K) NonClass: 5769K(5888K)->5769K(5888K) Class: 533K(640K)->533K(640K)
[0.918s][info][gc             ] GC(40) Pause Young (Allocation Failure) 135M->136M(170M) 8.966ms
[0.918s][info][gc,cpu         ] GC(40) User=0.00s Sys=0.00s Real=0.01s
[0.918s][info][gc,start       ] GC(41) Pause Full (Ergonomics)
[0.918s][info][gc,phases,start] GC(41) Marking Phase
[0.955s][info][gc,phases      ] GC(41) Marking Phase 37.344ms
[0.955s][info][gc,phases,start] GC(41) Summary Phase
[0.955s][info][gc,phases      ] GC(41) Summary Phase 0.017ms
[0.955s][info][gc,phases,start] GC(41) Adjust Roots
[0.955s][info][gc,phases      ] GC(41) Adjust Roots 0.195ms
[0.955s][info][gc,phases,start] GC(41) Compaction Phase
[0.972s][info][gc,phases      ] GC(41) Compaction Phase 16.593ms
[0.972s][info][gc,phases,start] GC(41) Post Compact
[0.973s][info][gc,phases      ] GC(41) Post Compact 0.563ms
[0.973s][info][gc,heap        ] GC(41) PSYoungGen: 12800K(36352K)->1495K(36352K) Eden: 0K(7168K)->0K(7168K) From: 12800K(29184K)->1495K(29184K)
[0.973s][info][gc,heap        ] GC(41) ParOldGen: 126472K(137728K)->137458K(166400K)
[0.973s][info][gc,metaspace   ] GC(41) Metaspace: 6302K(6528K)->6302K(6528K) NonClass: 5769K(5888K)->5769K(5888K) Class: 533K(640K)->533K(640K)
[0.973s][info][gc             ] GC(41) Pause Full (Ergonomics) 136M->135M(198M) 55.215ms
[0.973s][info][gc,cpu         ] GC(41) User=0.16s Sys=0.02s Real=0.06s
[0.980s][info][gc,start       ] GC(42) Pause Young (Allocation Failure)
[0.995s][info][gc,heap        ] GC(42) PSYoungGen: 8663K(36352K)->8256K(34304K) Eden: 7168K(7168K)->0K(8704K) From: 1495K(29184K)->8256K(25600K)
[0.995s][info][gc,heap        ] GC(42) ParOldGen: 137458K(166400K)->137914K(166400K)
[0.995s][info][gc,metaspace   ] GC(42) Metaspace: 6302K(6528K)->6302K(6528K) NonClass: 5769K(5888K)->5769K(5888K) Class: 533K(640K)->533K(640K)
[0.995s][info][gc             ] GC(42) Pause Young (Allocation Failure) 142M->142M(196M) 14.289ms
[0.995s][info][gc,cpu         ] GC(42) User=0.02s Sys=0.00s Real=0.01s
[1.004s][info][gc,start       ] GC(43) Pause Young (Allocation Failure)
[1.016s][info][gc,heap        ] GC(43) PSYoungGen: 16960K(34304K)->16992K(35328K) Eden: 8704K(8704K)->0K(8704K) From: 8256K(25600K)->16992K(26624K)
[1.016s][info][gc,heap        ] GC(43) ParOldGen: 137914K(166400K)->137914K(166400K)
[1.016s][info][gc,metaspace   ] GC(43) Metaspace: 6302K(6528K)->6302K(6528K) NonClass: 5769K(5888K)->5769K(5888K) Class: 533K(640K)->533K(640K)
[1.016s][info][gc             ] GC(43) Pause Young (Allocation Failure) 151M->151M(197M) 11.639ms
[1.016s][info][gc,cpu         ] GC(43) User=0.02s Sys=0.00s Real=0.01s
[1.024s][info][gc,start       ] GC(44) Pause Young (Allocation Failure)
[1.038s][info][gc,heap        ] GC(44) PSYoungGen: 25696K(35328K)->24608K(34304K) Eden: 8704K(8704K)->0K(7168K) From: 16992K(26624K)->24608K(27136K)
[1.038s][info][gc,heap        ] GC(44) ParOldGen: 137914K(166400K)->139018K(166400K)
[1.038s][info][gc,metaspace   ] GC(44) Metaspace: 6302K(6528K)->6302K(6528K) NonClass: 5769K(5888K)->5769K(5888K) Class: 533K(640K)->533K(640K)
[1.038s][info][gc             ] GC(44) Pause Young (Allocation Failure) 159M->159M(196M) 13.702ms
[1.038s][info][gc,cpu         ] GC(44) User=0.02s Sys=0.00s Real=0.01s
[1.045s][info][gc,start       ] GC(45) Pause Young (Allocation Failure)
[1.060s][info][gc,heap        ] GC(45) PSYoungGen: 31776K(34304K)->24576K(37376K) Eden: 7168K(7168K)->0K(7168K) From: 24608K(27136K)->24576K(30208K)
[1.060s][info][gc,heap        ] GC(45) ParOldGen: 139018K(166400K)->146274K(166400K)
[1.060s][info][gc,metaspace   ] GC(45) Metaspace: 6302K(6528K)->6302K(6528K) NonClass: 5769K(5888K)->5769K(5888K) Class: 533K(640K)->533K(640K)
[1.060s][info][gc             ] GC(45) Pause Young (Allocation Failure) 166M->166M(199M) 15.396ms
[1.060s][info][gc,cpu         ] GC(45) User=0.00s Sys=0.00s Real=0.01s
[1.098s][info][gc,start       ] GC(46) Pause Young (Allocation Failure)
[1.118s][info][gc,heap        ] GC(46) PSYoungGen: 31744K(37376K)->14368K(37376K) Eden: 7168K(7168K)->0K(8704K) From: 24576K(30208K)->14368K(28672K)
[1.118s][info][gc,heap        ] GC(46) ParOldGen: 154466K(166400K)->172090K(172544K)
[1.118s][info][gc,metaspace   ] GC(46) Metaspace: 6302K(6528K)->6302K(6528K) NonClass: 5769K(5888K)->5769K(5888K) Class: 533K(640K)->533K(640K)
[1.118s][info][gc             ] GC(46) Pause Young (Allocation Failure) 181M->182M(205M) 19.852ms
[1.118s][info][gc,cpu         ] GC(46) User=0.05s Sys=0.00s Real=0.02s
[1.118s][info][gc,start       ] GC(47) Pause Full (Ergonomics)
[1.118s][info][gc,phases,start] GC(47) Marking Phase
[1.168s][info][gc,phases      ] GC(47) Marking Phase 50.314ms
[1.168s][info][gc,phases,start] GC(47) Summary Phase
[1.168s][info][gc,phases      ] GC(47) Summary Phase 0.020ms
[1.168s][info][gc,phases,start] GC(47) Adjust Roots
[1.168s][info][gc,phases      ] GC(47) Adjust Roots 0.166ms
[1.168s][info][gc,phases,start] GC(47) Compaction Phase
[1.206s][info][gc,phases      ] GC(47) Compaction Phase 37.261ms
[1.206s][info][gc,phases,start] GC(47) Post Compact
[1.206s][info][gc,phases      ] GC(47) Post Compact 0.722ms
[1.207s][info][gc,heap        ] GC(47) PSYoungGen: 14368K(37376K)->9678K(38912K) Eden: 0K(8704K)->0K(10240K) From: 14368K(28672K)->9678K(28672K)
[1.207s][info][gc,heap        ] GC(47) ParOldGen: 172090K(172544K)->172125K(206848K)
[1.207s][info][gc,metaspace   ] GC(47) Metaspace: 6302K(6528K)->6302K(6528K) NonClass: 5769K(5888K)->5769K(5888K) Class: 533K(640K)->533K(640K)
[1.207s][info][gc             ] GC(47) Pause Full (Ergonomics) 182M->177M(240M) 88.957ms
[1.207s][info][gc,cpu         ] GC(47) User=0.14s Sys=0.02s Real=0.09s
[1.217s][info][gc,start       ] GC(48) Pause Young (Allocation Failure)
[1.234s][info][gc,heap        ] GC(48) PSYoungGen: 19918K(38912K)->15040K(40960K) Eden: 10240K(10240K)->0K(10240K) From: 9678K(28672K)->15040K(30720K)
[1.234s][info][gc,heap        ] GC(48) ParOldGen: 172125K(206848K)->177173K(206848K)
[1.234s][info][gc,metaspace   ] GC(48) Metaspace: 6302K(6528K)->6302K(6528K) NonClass: 5769K(5888K)->5769K(5888K) Class: 533K(640K)->533K(640K)
[1.234s][info][gc             ] GC(48) Pause Young (Allocation Failure) 187M->187M(242M) 17.425ms
[1.234s][info][gc,cpu         ] GC(48) User=0.06s Sys=0.02s Real=0.02s
[1.243s][info][gc,start       ] GC(49) Pause Young (Allocation Failure)
[1.256s][info][gc,heap        ] GC(49) PSYoungGen: 25280K(40960K)->25280K(38400K) Eden: 10240K(10240K)->0K(9216K) From: 15040K(30720K)->25280K(29184K)
[1.256s][info][gc,heap        ] GC(49) ParOldGen: 177173K(206848K)->177173K(206848K)
[1.256s][info][gc,metaspace   ] GC(49) Metaspace: 6302K(6528K)->6302K(6528K) NonClass: 5769K(5888K)->5769K(5888K) Class: 533K(640K)->533K(640K)
[1.256s][info][gc             ] GC(49) Pause Young (Allocation Failure) 197M->197M(239M) 12.643ms
[1.256s][info][gc,cpu         ] GC(49) User=0.02s Sys=0.00s Real=0.01s
[1.265s][info][gc,start       ] GC(50) Pause Young (Allocation Failure)
[1.281s][info][gc,heap        ] GC(50) PSYoungGen: 34496K(38400K)->29728K(40960K) Eden: 9216K(9216K)->0K(9216K) From: 25280K(29184K)->29728K(31744K)
[1.281s][info][gc,heap        ] GC(50) ParOldGen: 177173K(206848K)->181989K(206848K)
[1.281s][info][gc,metaspace   ] GC(50) Metaspace: 6302K(6528K)->6302K(6528K) NonClass: 5769K(5888K)->5769K(5888K) Class: 533K(640K)->533K(640K)
[1.281s][info][gc             ] GC(50) Pause Young (Allocation Failure) 206M->206M(242M) 15.914ms
[1.281s][info][gc,cpu         ] GC(50) User=0.02s Sys=0.00s Real=0.02s
[1.290s][info][gc,start       ] GC(51) Pause Young (Allocation Failure)
[1.309s][info][gc,heap        ] GC(51) PSYoungGen: 38944K(40960K)->28704K(43520K) Eden: 9216K(9216K)->0K(8192K) From: 29728K(31744K)->28704K(35328K)
[1.309s][info][gc,heap        ] GC(51) ParOldGen: 181989K(206848K)->192373K(206848K)
[1.309s][info][gc,metaspace   ] GC(51) Metaspace: 6302K(6528K)->6302K(6528K) NonClass: 5769K(5888K)->5769K(5888K) Class: 533K(640K)->533K(640K)
[1.309s][info][gc             ] GC(51) Pause Young (Allocation Failure) 215M->215M(244M) 18.479ms
[1.309s][info][gc,cpu         ] GC(51) User=0.05s Sys=0.03s Real=0.02s
[1.309s][info][gc,start       ] GC(52) Pause Full (Ergonomics)
[1.309s][info][gc,phases,start] GC(52) Marking Phase
[1.363s][info][gc,phases      ] GC(52) Marking Phase 53.713ms
[1.363s][info][gc,phases,start] GC(52) Summary Phase
[1.363s][info][gc,phases      ] GC(52) Summary Phase 0.018ms
[1.363s][info][gc,phases,start] GC(52) Adjust Roots
[1.363s][info][gc,phases      ] GC(52) Adjust Roots 0.154ms
[1.363s][info][gc,phases,start] GC(52) Compaction Phase
[1.392s][info][gc,phases      ] GC(52) Compaction Phase 28.562ms
[1.392s][info][gc,phases,start] GC(52) Post Compact
[1.393s][info][gc,phases      ] GC(52) Post Compact 0.984ms
[1.393s][info][gc,heap        ] GC(52) PSYoungGen: 28704K(43520K)->13760K(43520K) Eden: 0K(8192K)->0K(8192K) From: 28704K(35328K)->13760K(35328K)
[1.393s][info][gc,heap        ] GC(52) ParOldGen: 192373K(206848K)->206832K(242176K)
[1.393s][info][gc,metaspace   ] GC(52) Metaspace: 6302K(6528K)->6302K(6528K) NonClass: 5769K(5888K)->5769K(5888K) Class: 533K(640K)->533K(640K)
[1.393s][info][gc             ] GC(52) Pause Full (Ergonomics) 215M->215M(279M) 83.923ms
[1.393s][info][gc,cpu         ] GC(52) User=0.23s Sys=0.02s Real=0.08s
[1.402s][info][gc,start       ] GC(53) Pause Young (Allocation Failure)
[1.421s][info][gc,heap        ] GC(53) PSYoungGen: 21952K(43520K)->13376K(46080K) Eden: 8192K(8192K)->0K(8192K) From: 13760K(35328K)->13376K(37888K)
[1.421s][info][gc,heap        ] GC(53) ParOldGen: 206832K(242176K)->215624K(242176K)
[1.421s][info][gc,metaspace   ] GC(53) Metaspace: 6302K(6528K)->6302K(6528K) NonClass: 5769K(5888K)->5769K(5888K) Class: 533K(640K)->533K(640K)
[1.421s][info][gc             ] GC(53) Pause Young (Allocation Failure) 223M->223M(281M) 18.599ms
[1.421s][info][gc,cpu         ] GC(53) User=0.16s Sys=0.03s Real=0.02s
[1.430s][info][gc,start       ] GC(54) Pause Young (Allocation Failure)
[1.441s][info][gc,heap        ] GC(54) PSYoungGen: 21568K(46080K)->16448K(44032K) Eden: 8192K(8192K)->0K(9728K) From: 13376K(37888K)->16448K(34304K)
[1.441s][info][gc,heap        ] GC(54) ParOldGen: 215624K(242176K)->220824K(242176K)
[1.441s][info][gc,metaspace   ] GC(54) Metaspace: 6302K(6528K)->6302K(6528K) NonClass: 5769K(5888K)->5769K(5888K) Class: 533K(640K)->533K(640K)
[1.441s][info][gc             ] GC(54) Pause Young (Allocation Failure) 231M->231M(279M) 11.281ms
[1.441s][info][gc,cpu         ] GC(54) User=0.02s Sys=0.00s Real=0.01s
[1.452s][info][gc,start       ] GC(55) Pause Young (Allocation Failure)
[1.465s][info][gc,heap        ] GC(55) PSYoungGen: 26176K(44032K)->17984K(28160K) Eden: 9728K(9728K)->0K(9728K) From: 16448K(34304K)->17984K(18432K)
[1.465s][info][gc,heap        ] GC(55) ParOldGen: 220824K(242176K)->229144K(242176K)
[1.465s][info][gc,metaspace   ] GC(55) Metaspace: 6302K(6528K)->6302K(6528K) NonClass: 5769K(5888K)->5769K(5888K) Class: 533K(640K)->533K(640K)
[1.465s][info][gc             ] GC(55) Pause Young (Allocation Failure) 241M->241M(264M) 13.334ms
[1.465s][info][gc,cpu         ] GC(55) User=0.00s Sys=0.00s Real=0.01s
[1.465s][info][gc,start       ] GC(56) Pause Full (Ergonomics)
[1.465s][info][gc,phases,start] GC(56) Marking Phase
[1.526s][info][gc,phases      ] GC(56) Marking Phase 60.873ms
[1.526s][info][gc,phases,start] GC(56) Summary Phase
[1.526s][info][gc,phases      ] GC(56) Summary Phase 0.018ms
[1.526s][info][gc,phases,start] GC(56) Adjust Roots
[1.526s][info][gc,phases      ] GC(56) Adjust Roots 0.155ms
[1.526s][info][gc,phases,start] GC(56) Compaction Phase
[1.554s][info][gc,phases      ] GC(56) Compaction Phase 27.671ms
[1.554s][info][gc,phases,start] GC(56) Post Compact
[1.555s][info][gc,phases      ] GC(56) Post Compact 1.120ms
[1.555s][info][gc,heap        ] GC(56) PSYoungGen: 17984K(28160K)->4570K(28160K) Eden: 0K(9728K)->0K(9728K) From: 17984K(18432K)->4570K(18432K)
[1.556s][info][gc,heap        ] GC(56) ParOldGen: 229144K(242176K)->242041K(279040K)
[1.556s][info][gc,metaspace   ] GC(56) Metaspace: 6302K(6528K)->6302K(6528K) NonClass: 5769K(5888K)->5769K(5888K) Class: 533K(640K)->533K(640K)
[1.556s][info][gc             ] GC(56) Pause Full (Ergonomics) 241M->240M(300M) 90.297ms
[1.556s][info][gc,cpu         ] GC(56) User=0.31s Sys=0.00s Real=0.09s
[1.567s][info][gc,start       ] GC(57) Pause Young (Allocation Failure)
[1.587s][info][gc,heap        ] GC(57) PSYoungGen: 14298K(28160K)->12288K(43520K) Eden: 9728K(9728K)->0K(11264K) From: 4570K(18432K)->12288K(32256K)
[1.587s][info][gc,heap        ] GC(57) ParOldGen: 242041K(279040K)->244217K(279040K)
[1.587s][info][gc,metaspace   ] GC(57) Metaspace: 6302K(6528K)->6302K(6528K) NonClass: 5769K(5888K)->5769K(5888K) Class: 533K(640K)->533K(640K)
[1.587s][info][gc             ] GC(57) Pause Young (Allocation Failure) 250M->250M(315M) 20.208ms
[1.587s][info][gc,cpu         ] GC(57) User=0.11s Sys=0.00s Real=0.02s
[1.600s][info][gc,start       ] GC(58) Pause Young (Allocation Failure)
[1.612s][info][gc,heap        ] GC(58) PSYoungGen: 23552K(43520K)->23552K(44032K) Eden: 11264K(11264K)->0K(11264K) From: 12288K(32256K)->23552K(32768K)
[1.612s][info][gc,heap        ] GC(58) ParOldGen: 244217K(279040K)->244217K(279040K)
[1.612s][info][gc,metaspace   ] GC(58) Metaspace: 6302K(6528K)->6302K(6528K) NonClass: 5769K(5888K)->5769K(5888K) Class: 533K(640K)->533K(640K)
[1.612s][info][gc             ] GC(58) Pause Young (Allocation Failure) 261M->261M(315M) 12.213ms
[1.612s][info][gc,cpu         ] GC(58) User=0.02s Sys=0.00s Real=0.01s
[1.624s][info][gc,start       ] GC(59) Pause Young (Allocation Failure)
[1.641s][info][gc,heap        ] GC(59) PSYoungGen: 34816K(44032K)->33792K(41984K) Eden: 11264K(11264K)->0K(8192K) From: 23552K(32768K)->33792K(33792K)
[1.641s][info][gc,heap        ] GC(59) ParOldGen: 244217K(279040K)->245169K(279040K)
[1.641s][info][gc,metaspace   ] GC(59) Metaspace: 6302K(6528K)->6302K(6528K) NonClass: 5769K(5888K)->5769K(5888K) Class: 533K(640K)->533K(640K)
[1.641s][info][gc             ] GC(59) Pause Young (Allocation Failure) 272M->272M(313M) 16.951ms
[1.641s][info][gc,cpu         ] GC(59) User=0.00s Sys=0.00s Real=0.02s
[1.651s][info][gc,start       ] GC(60) Pause Young (Allocation Failure)
[1.678s][info][gc,heap        ] GC(60) PSYoungGen: 41984K(41984K)->30080K(46592K) Eden: 8192K(8192K)->0K(8192K) From: 33792K(33792K)->30080K(38400K)
[1.678s][info][gc,heap        ] GC(60) ParOldGen: 245169K(279040K)->257321K(279040K)
[1.678s][info][gc,metaspace   ] GC(60) Metaspace: 6302K(6528K)->6302K(6528K) NonClass: 5769K(5888K)->5769K(5888K) Class: 533K(640K)->533K(640K)
[1.678s][info][gc             ] GC(60) Pause Young (Allocation Failure) 280M->280M(318M) 27.298ms
[1.678s][info][gc,cpu         ] GC(60) User=0.05s Sys=0.00s Real=0.03s
[1.689s][info][gc,start       ] GC(61) Pause Young (Allocation Failure)
[1.709s][info][gc,heap        ] GC(61) PSYoungGen: 38272K(46592K)->16448K(47104K) Eden: 8192K(8192K)->0K(9728K) From: 30080K(38400K)->16448K(37376K)
[1.709s][info][gc,heap        ] GC(61) ParOldGen: 257321K(279040K)->279425K(279552K)
[1.709s][info][gc,metaspace   ] GC(61) Metaspace: 6302K(6528K)->6302K(6528K) NonClass: 5769K(5888K)->5769K(5888K) Class: 533K(640K)->533K(640K)
[1.709s][info][gc             ] GC(61) Pause Young (Allocation Failure) 288M->288M(319M) 20.224ms
[1.709s][info][gc,cpu         ] GC(61) User=0.06s Sys=0.05s Real=0.02s
[1.709s][info][gc,start       ] GC(62) Pause Full (Ergonomics)
[1.709s][info][gc,phases,start] GC(62) Marking Phase
[1.785s][info][gc,phases      ] GC(62) Marking Phase 75.870ms
[1.785s][info][gc,phases,start] GC(62) Summary Phase
[1.785s][info][gc,phases      ] GC(62) Summary Phase 0.020ms
[1.785s][info][gc,phases,start] GC(62) Adjust Roots
[1.785s][info][gc,phases      ] GC(62) Adjust Roots 0.184ms
[1.785s][info][gc,phases,start] GC(62) Compaction Phase
[1.827s][info][gc,phases      ] GC(62) Compaction Phase 41.837ms
[1.827s][info][gc,phases,start] GC(62) Post Compact
[1.829s][info][gc,phases      ] GC(62) Post Compact 1.957ms
[1.830s][info][gc,heap        ] GC(62) PSYoungGen: 16448K(47104K)->15803K(48640K) Eden: 0K(9728K)->0K(11264K) From: 16448K(37376K)->15803K(37376K)
[1.830s][info][gc,heap        ] GC(62) ParOldGen: 279425K(279552K)->279275K(325120K)
[1.830s][info][gc,metaspace   ] GC(62) Metaspace: 6302K(6528K)->6302K(6528K) NonClass: 5769K(5888K)->5769K(5888K) Class: 533K(640K)->533K(640K)
[1.830s][info][gc             ] GC(62) Pause Full (Ergonomics) 288M->288M(365M) 120.455ms
[1.830s][info][gc,cpu         ] GC(62) User=0.55s Sys=0.00s Real=0.12s
[1.843s][info][gc,start       ] GC(63) Pause Young (Allocation Failure)
[1.872s][info][gc,heap        ] GC(63) PSYoungGen: 27067K(48640K)->11424K(50176K) Eden: 11264K(11264K)->0K(11264K) From: 15803K(37376K)->11424K(38912K)
[1.872s][info][gc,heap        ] GC(63) ParOldGen: 279275K(325120K)->295347K(325120K)
[1.872s][info][gc,metaspace   ] GC(63) Metaspace: 6302K(6528K)->6302K(6528K) NonClass: 5769K(5888K)->5769K(5888K) Class: 533K(640K)->533K(640K)
[1.872s][info][gc             ] GC(63) Pause Young (Allocation Failure) 299M->299M(366M) 28.983ms
[1.872s][info][gc,cpu         ] GC(63) User=0.03s Sys=0.05s Real=0.03s
[1.885s][info][gc,start       ] GC(64) Pause Young (Allocation Failure)
[1.901s][info][gc,heap        ] GC(64) PSYoungGen: 22688K(50176K)->11392K(50688K) Eden: 11264K(11264K)->0K(12800K) From: 11424K(38912K)->11392K(37888K)
[1.901s][info][gc,heap        ] GC(64) ParOldGen: 295347K(325120K)->306779K(325120K)
[1.901s][info][gc,metaspace   ] GC(64) Metaspace: 6302K(6528K)->6302K(6528K) NonClass: 5769K(5888K)->5769K(5888K) Class: 533K(640K)->533K(640K)
[1.901s][info][gc             ] GC(64) Pause Young (Allocation Failure) 310M->310M(367M) 15.832ms
[1.901s][info][gc,cpu         ] GC(64) User=0.02s Sys=0.00s Real=0.02s
[1.901s][info][gc,start       ] GC(65) Pause Full (Ergonomics)
[1.901s][info][gc,phases,start] GC(65) Marking Phase
[1.981s][info][gc,phases      ] GC(65) Marking Phase 79.475ms
[1.981s][info][gc,phases,start] GC(65) Summary Phase
[1.981s][info][gc,phases      ] GC(65) Summary Phase 0.048ms
[1.981s][info][gc,phases,start] GC(65) Adjust Roots
[1.981s][info][gc,phases      ] GC(65) Adjust Roots 0.305ms
[1.981s][info][gc,phases,start] GC(65) Compaction Phase
[2.014s][info][gc,phases      ] GC(65) Compaction Phase 32.560ms
[2.014s][info][gc,phases,start] GC(65) Post Compact
[2.016s][info][gc,phases      ] GC(65) Post Compact 1.873ms
[2.016s][info][gc,heap        ] GC(65) PSYoungGen: 11392K(50688K)->0K(51200K) Eden: 0K(12800K)->0K(12800K) From: 11392K(37888K)->0K(38400K)
[2.016s][info][gc,heap        ] GC(65) ParOldGen: 306779K(325120K)->317542K(368128K)
[2.016s][info][gc,metaspace   ] GC(65) Metaspace: 6302K(6528K)->6302K(6528K) NonClass: 5769K(5888K)->5769K(5888K) Class: 533K(640K)->533K(640K)
[2.016s][info][gc             ] GC(65) Pause Full (Ergonomics) 310M->310M(409M) 114.875ms
[2.016s][info][gc,cpu         ] GC(65) User=0.66s Sys=0.02s Real=0.12s
[2.032s][info][gc,start       ] GC(66) Pause Young (Allocation Failure)
[2.041s][info][gc,heap        ] GC(66) PSYoungGen: 12800K(51200K)->12896K(50688K) Eden: 12800K(12800K)->0K(14336K) From: 0K(38400K)->12896K(36352K)
[2.041s][info][gc,heap        ] GC(66) ParOldGen: 317542K(368128K)->317542K(368128K)
[2.041s][info][gc,metaspace   ] GC(66) Metaspace: 6302K(6528K)->6302K(6528K) NonClass: 5769K(5888K)->5769K(5888K) Class: 533K(640K)->533K(640K)
[2.041s][info][gc             ] GC(66) Pause Young (Allocation Failure) 322M->322M(409M) 8.964ms
[2.041s][info][gc,cpu         ] GC(66) User=0.00s Sys=0.00s Real=0.01s
[2.057s][info][gc,start       ] GC(67) Pause Young (Allocation Failure)
[2.075s][info][gc,heap        ] GC(67) PSYoungGen: 27232K(50688K)->27296K(51712K) Eden: 14336K(14336K)->0K(14336K) From: 12896K(36352K)->27296K(37376K)
[2.075s][info][gc,heap        ] GC(67) ParOldGen: 317542K(368128K)->317542K(368128K)
[2.075s][info][gc,metaspace   ] GC(67) Metaspace: 6302K(6528K)->6302K(6528K) NonClass: 5769K(5888K)->5769K(5888K) Class: 533K(640K)->533K(640K)
[2.075s][info][gc             ] GC(67) Pause Young (Allocation Failure) 336M->336M(410M) 17.968ms
[2.075s][info][gc,cpu         ] GC(67) User=0.06s Sys=0.00s Real=0.02s
[2.171s][info][gc,start       ] GC(68) Pause Young (Allocation Failure)
[2.198s][info][gc,heap        ] GC(68) PSYoungGen: 41632K(51712K)->38912K(48640K) Eden: 14336K(14336K)->0K(9728K) From: 27296K(37376K)->38912K(38912K)
[2.198s][info][gc,heap        ] GC(68) ParOldGen: 333926K(368128K)->336550K(368128K)
[2.198s][info][gc,metaspace   ] GC(68) Metaspace: 6302K(6528K)->6302K(6528K) NonClass: 5769K(5888K)->5769K(5888K) Class: 533K(640K)->533K(640K)
[2.198s][info][gc             ] GC(68) Pause Young (Allocation Failure) 366M->366M(407M) 27.605ms
[2.198s][info][gc,cpu         ] GC(68) User=0.12s Sys=0.00s Real=0.03s
[2.207s][info][gc,start       ] GC(69) Pause Young (Allocation Failure)
[2.231s][info][gc,heap        ] GC(69) PSYoungGen: 48640K(48640K)->23072K(33280K) Eden: 9728K(9728K)->0K(9728K) From: 38912K(38912K)->23072K(23552K)
[2.231s][info][gc,heap        ] GC(69) ParOldGen: 336550K(368128K)->362646K(368128K)
[2.231s][info][gc,metaspace   ] GC(69) Metaspace: 6302K(6528K)->6302K(6528K) NonClass: 5769K(5888K)->5769K(5888K) Class: 533K(640K)->533K(640K)
[2.231s][info][gc             ] GC(69) Pause Young (Allocation Failure) 376M->376M(392M) 23.429ms
[2.231s][info][gc,cpu         ] GC(69) User=0.12s Sys=0.00s Real=0.02s
[2.231s][info][gc,start       ] GC(70) Pause Full (Ergonomics)
[2.231s][info][gc,phases,start] GC(70) Marking Phase
[2.315s][info][gc,phases      ] GC(70) Marking Phase 83.802ms
[2.315s][info][gc,phases,start] GC(70) Summary Phase
[2.315s][info][gc,phases      ] GC(70) Summary Phase 0.028ms
[2.315s][info][gc,phases,start] GC(70) Adjust Roots
[2.315s][info][gc,phases      ] GC(70) Adjust Roots 0.160ms
[2.315s][info][gc,phases,start] GC(70) Compaction Phase
[2.384s][info][gc,phases      ] GC(70) Compaction Phase 68.784ms
[2.384s][info][gc,phases,start] GC(70) Post Compact
[2.386s][info][gc,phases      ] GC(70) Post Compact 2.045ms
[2.386s][info][gc,heap        ] GC(70) PSYoungGen: 23072K(33280K)->9035K(33280K) Eden: 0K(9728K)->0K(9728K) From: 23072K(23552K)->9035K(23552K)
[2.386s][info][gc,heap        ] GC(70) ParOldGen: 362646K(368128K)->367773K(425472K)
[2.386s][info][gc,metaspace   ] GC(70) Metaspace: 6302K(6528K)->6302K(6528K) NonClass: 5769K(5888K)->5769K(5888K) Class: 533K(640K)->533K(640K)
[2.386s][info][gc             ] GC(70) Pause Full (Ergonomics) 376M->367M(448M) 155.393ms
[2.386s][info][gc,cpu         ] GC(70) User=0.97s Sys=0.00s Real=0.16s
[2.397s][info][gc,start       ] GC(71) Pause Young (Allocation Failure)
[2.424s][info][gc,heap        ] GC(71) PSYoungGen: 18763K(33280K)->18912K(51200K) Eden: 9728K(9728K)->0K(10752K) From: 9035K(23552K)->18912K(40448K)
[2.424s][info][gc,heap        ] GC(71) ParOldGen: 367773K(425472K)->367773K(425472K)
[2.424s][info][gc,metaspace   ] GC(71) Metaspace: 6302K(6528K)->6302K(6528K) NonClass: 5769K(5888K)->5769K(5888K) Class: 533K(640K)->533K(640K)
[2.424s][info][gc             ] GC(71) Pause Young (Allocation Failure) 377M->377M(465M) 26.269ms
[2.424s][info][gc,cpu         ] GC(71) User=0.11s Sys=0.00s Real=0.03s
[2.434s][info][gc,start       ] GC(72) Pause Young (Allocation Failure)
[2.450s][info][gc,heap        ] GC(72) PSYoungGen: 29664K(51200K)->29696K(52736K) Eden: 10752K(10752K)->0K(10752K) From: 18912K(40448K)->29696K(41984K)
[2.450s][info][gc,heap        ] GC(72) ParOldGen: 367773K(425472K)->367773K(425472K)
[2.450s][info][gc,metaspace   ] GC(72) Metaspace: 6302K(6528K)->6302K(6528K) NonClass: 5769K(5888K)->5769K(5888K) Class: 533K(640K)->533K(640K)
[2.450s][info][gc             ] GC(72) Pause Young (Allocation Failure) 388M->388M(467M) 15.807ms
[2.450s][info][gc,cpu         ] GC(72) User=0.02s Sys=0.00s Real=0.02s
[2.462s][info][gc,start       ] GC(73) Pause Young (Allocation Failure)
[2.483s][info][gc,heap        ] GC(73) PSYoungGen: 40448K(52736K)->40352K(50688K) Eden: 10752K(10752K)->0K(7680K) From: 29696K(41984K)->40352K(43008K)
[2.483s][info][gc,heap        ] GC(73) ParOldGen: 367773K(425472K)->367773K(425472K)
[2.483s][info][gc,metaspace   ] GC(73) Metaspace: 6302K(6528K)->6302K(6528K) NonClass: 5769K(5888K)->5769K(5888K) Class: 533K(640K)->533K(640K)
[2.483s][info][gc             ] GC(73) Pause Young (Allocation Failure) 398M->398M(465M) 21.842ms
[2.483s][info][gc,cpu         ] GC(73) User=0.11s Sys=0.02s Real=0.02s
[2.492s][info][gc,start       ] GC(74) Pause Young (Allocation Failure)
[2.515s][info][gc,heap        ] GC(74) PSYoungGen: 48032K(50688K)->43168K(55296K) Eden: 7680K(7680K)->0K(7680K) From: 40352K(43008K)->43168K(47616K)
[2.515s][info][gc,heap        ] GC(74) ParOldGen: 367773K(425472K)->372725K(425472K)
[2.515s][info][gc,metaspace   ] GC(74) Metaspace: 6302K(6528K)->6302K(6528K) NonClass: 5769K(5888K)->5769K(5888K) Class: 533K(640K)->533K(640K)
[2.515s][info][gc             ] GC(74) Pause Young (Allocation Failure) 406M->406M(469M) 23.144ms
[2.515s][info][gc,cpu         ] GC(74) User=0.11s Sys=0.00s Real=0.02s
[2.522s][info][gc,start       ] GC(75) Pause Young (Allocation Failure)
[2.546s][info][gc,heap        ] GC(75) PSYoungGen: 50848K(55296K)->36896K(59392K) Eden: 7680K(7680K)->0K(7168K) From: 43168K(47616K)->36896K(52224K)
[2.546s][info][gc,heap        ] GC(75) ParOldGen: 372725K(425472K)->386805K(425472K)
[2.546s][info][gc,metaspace   ] GC(75) Metaspace: 6302K(6528K)->6302K(6528K) NonClass: 5769K(5888K)->5769K(5888K) Class: 533K(640K)->533K(640K)
[2.546s][info][gc             ] GC(75) Pause Young (Allocation Failure) 413M->413M(473M) 23.576ms
[2.546s][info][gc,cpu         ] GC(75) User=0.14s Sys=0.00s Real=0.02s
[2.554s][info][gc,start       ] GC(76) Pause Young (Allocation Failure)
[2.575s][info][gc,heap        ] GC(76) PSYoungGen: 44064K(59392K)->22592K(30208K) Eden: 7168K(7168K)->0K(7168K) From: 36896K(52224K)->22592K(23040K)
[2.575s][info][gc,heap        ] GC(76) ParOldGen: 386805K(425472K)->408573K(425472K)
[2.575s][info][gc,metaspace   ] GC(76) Metaspace: 6302K(6528K)->6302K(6528K) NonClass: 5769K(5888K)->5769K(5888K) Class: 533K(640K)->533K(640K)
[2.575s][info][gc             ] GC(76) Pause Young (Allocation Failure) 420M->421M(445M) 20.970ms
[2.575s][info][gc,cpu         ] GC(76) User=0.11s Sys=0.02s Real=0.02s
[2.575s][info][gc,start       ] GC(77) Pause Full (Ergonomics)
[2.575s][info][gc,phases,start] GC(77) Marking Phase
[2.669s][info][gc,phases      ] GC(77) Marking Phase 94.032ms
[2.669s][info][gc,phases,start] GC(77) Summary Phase
[2.669s][info][gc,phases      ] GC(77) Summary Phase 0.024ms
[2.669s][info][gc,phases,start] GC(77) Adjust Roots
[2.669s][info][gc,phases      ] GC(77) Adjust Roots 0.165ms
[2.669s][info][gc,phases,start] GC(77) Compaction Phase
[2.716s][info][gc,phases      ] GC(77) Compaction Phase 47.413ms
[2.717s][info][gc,phases,start] GC(77) Post Compact
[2.719s][info][gc,phases      ] GC(77) Post Compact 2.014ms
[2.719s][info][gc,heap        ] GC(77) PSYoungGen: 22592K(30208K)->5061K(30208K) Eden: 0K(7168K)->0K(7168K) From: 22592K(23040K)->5061K(23040K)
[2.719s][info][gc,heap        ] GC(77) ParOldGen: 408573K(425472K)->425325K(487936K)
[2.719s][info][gc,metaspace   ] GC(77) Metaspace: 6302K(6528K)->6302K(6528K) NonClass: 5769K(5888K)->5769K(5888K) Class: 533K(640K)->533K(640K)
[2.719s][info][gc             ] GC(77) Pause Full (Ergonomics) 421M->420M(506M) 144.225ms
[2.719s][info][gc,cpu         ] GC(77) User=0.95s Sys=0.00s Real=0.14s
[2.728s][info][gc,start       ] GC(78) Pause Young (Allocation Failure)
[2.751s][info][gc,heap        ] GC(78) PSYoungGen: 12229K(30208K)->9024K(59392K) Eden: 7168K(7168K)->0K(7680K) From: 5061K(23040K)->9024K(51712K)
[2.751s][info][gc,heap        ] GC(78) ParOldGen: 425325K(487936K)->428685K(487936K)
[2.752s][info][gc,metaspace   ] GC(78) Metaspace: 6302K(6528K)->6302K(6528K) NonClass: 5769K(5888K)->5769K(5888K) Class: 533K(640K)->533K(640K)
[2.752s][info][gc             ] GC(78) Pause Young (Allocation Failure) 427M->427M(534M) 23.810ms
[2.752s][info][gc,cpu         ] GC(78) User=0.14s Sys=0.00s Real=0.02s
[2.759s][info][gc,start       ] GC(79) Pause Young (Allocation Failure)
[2.769s][info][gc,heap        ] GC(79) PSYoungGen: 16704K(59392K)->14944K(59904K) Eden: 7680K(7680K)->0K(7680K) From: 9024K(51712K)->14944K(52224K)
[2.769s][info][gc,heap        ] GC(79) ParOldGen: 428685K(487936K)->430509K(487936K)
[2.769s][info][gc,metaspace   ] GC(79) Metaspace: 6302K(6528K)->6302K(6528K) NonClass: 5769K(5888K)->5769K(5888K) Class: 533K(640K)->533K(640K)
[2.769s][info][gc             ] GC(79) Pause Young (Allocation Failure) 434M->435M(535M) 9.606ms
[2.769s][info][gc,cpu         ] GC(79) User=0.02s Sys=0.00s Real=0.01s
[2.777s][info][gc,start       ] GC(80) Pause Young (Allocation Failure)
[2.789s][info][gc,heap        ] GC(80) PSYoungGen: 22624K(59904K)->15424K(57856K) Eden: 7680K(7680K)->0K(8704K) From: 14944K(52224K)->15424K(49152K)
[2.789s][info][gc,heap        ] GC(80) ParOldGen: 430509K(487936K)->437773K(487936K)
[2.789s][info][gc,metaspace   ] GC(80) Metaspace: 6302K(6528K)->6302K(6528K) NonClass: 5769K(5888K)->5769K(5888K) Class: 533K(640K)->533K(640K)
[2.789s][info][gc             ] GC(80) Pause Young (Allocation Failure) 442M->442M(533M) 11.926ms
[2.789s][info][gc,cpu         ] GC(80) User=0.02s Sys=0.00s Real=0.01s
[2.798s][info][gc,start       ] GC(81) Pause Young (Allocation Failure)
[2.812s][info][gc,heap        ] GC(81) PSYoungGen: 24128K(57856K)->8800K(58880K) Eden: 8704K(8704K)->0K(8704K) From: 15424K(49152K)->8800K(50176K)
[2.812s][info][gc,heap        ] GC(81) ParOldGen: 437773K(487936K)->453325K(487936K)
[2.812s][info][gc,metaspace   ] GC(81) Metaspace: 6302K(6528K)->6302K(6528K) NonClass: 5769K(5888K)->5769K(5888K) Class: 533K(640K)->533K(640K)
[2.812s][info][gc             ] GC(81) Pause Young (Allocation Failure) 451M->451M(534M) 13.555ms
[2.812s][info][gc,cpu         ] GC(81) User=0.00s Sys=0.00s Real=0.01s
[2.821s][info][gc,start       ] GC(82) Pause Young (Allocation Failure)
[2.831s][info][gc,heap        ] GC(82) PSYoungGen: 17504K(58880K)->8864K(58880K) Eden: 8704K(8704K)->0K(10240K) From: 8800K(50176K)->8864K(48640K)
[2.831s][info][gc,heap        ] GC(82) ParOldGen: 453325K(487936K)->462157K(487936K)
[2.831s][info][gc,metaspace   ] GC(82) Metaspace: 6302K(6528K)->6302K(6528K) NonClass: 5769K(5888K)->5769K(5888K) Class: 533K(640K)->533K(640K)
[2.831s][info][gc             ] GC(82) Pause Young (Allocation Failure) 459M->459M(534M) 10.477ms
[2.831s][info][gc,cpu         ] GC(82) User=0.02s Sys=0.00s Real=0.01s
[2.843s][info][gc,start       ] GC(83) Pause Young (Allocation Failure)
[2.855s][info][gc,heap        ] GC(83) PSYoungGen: 19104K(58880K)->10336K(59392K) Eden: 10240K(10240K)->0K(10240K) From: 8864K(48640K)->10336K(49152K)
[2.855s][info][gc,heap        ] GC(83) ParOldGen: 462157K(487936K)->470997K(487936K)
[2.855s][info][gc,metaspace   ] GC(83) Metaspace: 6302K(6528K)->6302K(6528K) NonClass: 5769K(5888K)->5769K(5888K) Class: 533K(640K)->533K(640K)
[2.855s][info][gc             ] GC(83) Pause Young (Allocation Failure) 469M->470M(534M) 11.513ms
[2.855s][info][gc,cpu         ] GC(83) User=0.00s Sys=0.00s Real=0.01s
[2.855s][info][gc,start       ] GC(84) Pause Full (Ergonomics)
[2.855s][info][gc,phases,start] GC(84) Marking Phase
[2.959s][info][gc,phases      ] GC(84) Marking Phase 104.475ms
[2.959s][info][gc,phases,start] GC(84) Summary Phase
[2.959s][info][gc,phases      ] GC(84) Summary Phase 0.029ms
[2.959s][info][gc,phases,start] GC(84) Adjust Roots
[2.960s][info][gc,phases      ] GC(84) Adjust Roots 0.179ms
[2.960s][info][gc,phases,start] GC(84) Compaction Phase
[3.008s][info][gc,phases      ] GC(84) Compaction Phase 48.454ms
[3.008s][info][gc,phases,start] GC(84) Post Compact
[3.011s][info][gc,phases      ] GC(84) Post Compact 2.465ms
[3.011s][info][gc,heap        ] GC(84) PSYoungGen: 10336K(59392K)->0K(59392K) Eden: 0K(10240K)->0K(11776K) From: 10336K(49152K)->0K(47616K)
[3.011s][info][gc,heap        ] GC(84) ParOldGen: 470997K(487936K)->480371K(541696K)
[3.011s][info][gc,metaspace   ] GC(84) Metaspace: 6302K(6528K)->6302K(6528K) NonClass: 5769K(5888K)->5769K(5888K) Class: 533K(640K)->533K(640K)
[3.011s][info][gc             ] GC(84) Pause Full (Ergonomics) 470M->469M(587M) 156.122ms
[3.011s][info][gc,cpu         ] GC(84) User=1.12s Sys=0.00s Real=0.16s
[3.024s][info][gc,start       ] GC(85) Pause Young (Allocation Failure)
[3.033s][info][gc,heap        ] GC(85) PSYoungGen: 11776K(59392K)->11904K(59392K) Eden: 11776K(11776K)->0K(11776K) From: 0K(47616K)->11904K(47616K)
[3.033s][info][gc,heap        ] GC(85) ParOldGen: 480371K(541696K)->480371K(541696K)
[3.033s][info][gc,metaspace   ] GC(85) Metaspace: 6302K(6528K)->6302K(6528K) NonClass: 5769K(5888K)->5769K(5888K) Class: 533K(640K)->533K(640K)
[3.033s][info][gc             ] GC(85) Pause Young (Allocation Failure) 480M->480M(587M) 8.484ms
[3.033s][info][gc,cpu         ] GC(85) User=0.02s Sys=0.00s Real=0.01s
[3.045s][info][gc,start       ] GC(86) Pause Young (Allocation Failure)
[3.058s][info][gc,heap        ] GC(86) PSYoungGen: 23680K(59392K)->23680K(58368K) Eden: 11776K(11776K)->0K(13312K) From: 11904K(47616K)->23680K(45056K)
[3.058s][info][gc,heap        ] GC(86) ParOldGen: 480371K(541696K)->480371K(541696K)
[3.058s][info][gc,metaspace   ] GC(86) Metaspace: 6302K(6528K)->6302K(6528K) NonClass: 5769K(5888K)->5769K(5888K) Class: 533K(640K)->533K(640K)
[3.058s][info][gc             ] GC(86) Pause Young (Allocation Failure) 492M->492M(586M) 13.367ms
[3.058s][info][gc,cpu         ] GC(86) User=0.00s Sys=0.00s Real=0.01s
[3.073s][info][gc,start       ] GC(87) Pause Young (Allocation Failure)
[3.092s][info][gc,heap        ] GC(87) PSYoungGen: 36992K(58368K)->36960K(58880K) Eden: 13312K(13312K)->0K(13312K) From: 23680K(45056K)->36960K(45568K)
[3.093s][info][gc,heap        ] GC(87) ParOldGen: 480371K(541696K)->480371K(541696K)
[3.093s][info][gc,metaspace   ] GC(87) Metaspace: 6302K(6528K)->6302K(6528K) NonClass: 5769K(5888K)->5769K(5888K) Class: 533K(640K)->533K(640K)
[3.093s][info][gc             ] GC(87) Pause Young (Allocation Failure) 505M->505M(586M) 19.665ms
[3.093s][info][gc,cpu         ] GC(87) User=0.08s Sys=0.00s Real=0.02s
[3.106s][info][gc,start       ] GC(88) Pause Young (Allocation Failure)
[3.132s][info][gc,heap        ] GC(88) PSYoungGen: 50272K(58880K)->38464K(60928K) Eden: 13312K(13312K)->0K(11264K) From: 36960K(45568K)->38464K(49664K)
[3.132s][info][gc,heap        ] GC(88) ParOldGen: 480371K(541696K)->492315K(541696K)
[3.132s][info][gc,metaspace   ] GC(88) Metaspace: 6302K(6528K)->6302K(6528K) NonClass: 5769K(5888K)->5769K(5888K) Class: 533K(640K)->533K(640K)
[3.132s][info][gc             ] GC(88) Pause Young (Allocation Failure) 518M->518M(588M) 26.005ms
[3.132s][info][gc,cpu         ] GC(88) User=0.20s Sys=0.02s Real=0.03s
[3.145s][info][gc,start       ] GC(89) Pause Young (Allocation Failure)
[3.170s][info][gc,heap        ] GC(89) PSYoungGen: 49728K(60928K)->37952K(64512K) Eden: 11264K(11264K)->0K(11264K) From: 38464K(49664K)->37952K(53248K)
[3.170s][info][gc,heap        ] GC(89) ParOldGen: 492315K(541696K)->504267K(541696K)
[3.170s][info][gc,metaspace   ] GC(89) Metaspace: 6302K(6528K)->6302K(6528K) NonClass: 5769K(5888K)->5769K(5888K) Class: 533K(640K)->533K(640K)
[3.170s][info][gc             ] GC(89) Pause Young (Allocation Failure) 529M->529M(592M) 25.729ms
[3.170s][info][gc,cpu         ] GC(89) User=0.09s Sys=0.00s Real=0.03s
[3.183s][info][gc,start       ] GC(90) Pause Young (Allocation Failure)
[3.211s][info][gc,heap        ] GC(90) PSYoungGen: 49216K(64512K)->22656K(62464K) Eden: 11264K(11264K)->0K(12800K) From: 37952K(53248K)->22656K(49664K)
[3.211s][info][gc,heap        ] GC(90) ParOldGen: 504267K(541696K)->531243K(541696K)
[3.211s][info][gc,metaspace   ] GC(90) Metaspace: 6302K(6528K)->6302K(6528K) NonClass: 5769K(5888K)->5769K(5888K) Class: 533K(640K)->533K(640K)
[3.211s][info][gc             ] GC(90) Pause Young (Allocation Failure) 540M->540M(590M) 27.554ms
[3.211s][info][gc,cpu         ] GC(90) User=0.08s Sys=0.03s Real=0.03s
[3.211s][info][gc,start       ] GC(91) Pause Full (Ergonomics)
[3.211s][info][gc,phases,start] GC(91) Marking Phase
[3.336s][info][gc,phases      ] GC(91) Marking Phase 124.687ms
[3.336s][info][gc,phases,start] GC(91) Summary Phase
[3.336s][info][gc,phases      ] GC(91) Summary Phase 0.027ms
[3.336s][info][gc,phases,start] GC(91) Adjust Roots
[3.336s][info][gc,phases      ] GC(91) Adjust Roots 0.252ms
[3.336s][info][gc,phases,start] GC(91) Compaction Phase
[3.393s][info][gc,phases      ] GC(91) Compaction Phase 57.164ms
[3.393s][info][gc,phases,start] GC(91) Post Compact
[3.394s][info][gc,phases      ] GC(91) Post Compact 0.901ms
[3.394s][info][gc,heap        ] GC(91) PSYoungGen: 22656K(62464K)->11223K(64000K) Eden: 0K(12800K)->0K(14336K) From: 22656K(49664K)->11223K(49664K)
[3.394s][info][gc,heap        ] GC(91) ParOldGen: 531243K(541696K)->541662K(611840K)
[3.394s][info][gc,metaspace   ] GC(91) Metaspace: 6302K(6528K)->6302K(6528K) NonClass: 5769K(5888K)->5769K(5888K) Class: 533K(640K)->533K(640K)
[3.394s][info][gc             ] GC(91) Pause Full (Ergonomics) 540M->539M(660M) 183.615ms
[3.394s][info][gc,cpu         ] GC(91) User=1.19s Sys=0.03s Real=0.18s
[3.411s][info][gc,start       ] GC(92) Pause Young (Allocation Failure)
[3.447s][info][gc,heap        ] GC(92) PSYoungGen: 25559K(64000K)->14464K(67072K) Eden: 14336K(14336K)->0K(14336K) From: 11223K(49664K)->14464K(52736K)
[3.447s][info][gc,heap        ] GC(92) ParOldGen: 541662K(611840K)->553062K(611840K)
[3.447s][info][gc,metaspace   ] GC(92) Metaspace: 6302K(6528K)->6302K(6528K) NonClass: 5769K(5888K)->5769K(5888K) Class: 533K(640K)->533K(640K)
[3.448s][info][gc             ] GC(92) Pause Young (Allocation Failure) 553M->554M(663M) 36.987ms
[3.448s][info][gc,cpu         ] GC(92) User=0.16s Sys=0.00s Real=0.04s
[3.464s][info][gc,start       ] GC(93) Pause Young (Allocation Failure)
[3.482s][info][gc,heap        ] GC(93) PSYoungGen: 28800K(67072K)->14464K(65536K) Eden: 14336K(14336K)->0K(16384K) From: 14464K(52736K)->14464K(49152K)
[3.482s][info][gc,heap        ] GC(93) ParOldGen: 553062K(611840K)->567590K(611840K)
[3.482s][info][gc,metaspace   ] GC(93) Metaspace: 6302K(6528K)->6302K(6528K) NonClass: 5769K(5888K)->5769K(5888K) Class: 533K(640K)->533K(640K)
[3.482s][info][gc             ] GC(93) Pause Young (Allocation Failure) 568M->568M(661M) 18.099ms
[3.482s][info][gc,cpu         ] GC(93) User=0.03s Sys=0.00s Real=0.02s
[3.500s][info][gc,start       ] GC(94) Pause Young (Allocation Failure)
[3.519s][info][gc,heap        ] GC(94) PSYoungGen: 30848K(65536K)->16480K(66560K) Eden: 16384K(16384K)->0K(16384K) From: 14464K(49152K)->16480K(50176K)
[3.519s][info][gc,heap        ] GC(94) ParOldGen: 567590K(611840K)->582118K(611840K)
[3.519s][info][gc,metaspace   ] GC(94) Metaspace: 6302K(6528K)->6302K(6528K) NonClass: 5769K(5888K)->5769K(5888K) Class: 533K(640K)->533K(640K)
[3.519s][info][gc             ] GC(94) Pause Young (Allocation Failure) 584M->584M(662M) 18.853ms
[3.519s][info][gc,cpu         ] GC(94) User=0.09s Sys=0.02s Real=0.02s
[3.537s][info][gc,start       ] GC(95) Pause Young (Allocation Failure)
[3.557s][info][gc,heap        ] GC(95) PSYoungGen: 32864K(66560K)->16480K(62976K) Eden: 16384K(16384K)->0K(18432K) From: 16480K(50176K)->16480K(44544K)
[3.557s][info][gc,heap        ] GC(95) ParOldGen: 582118K(611840K)->598726K(611840K)
[3.557s][info][gc,metaspace   ] GC(95) Metaspace: 6302K(6528K)->6302K(6528K) NonClass: 5769K(5888K)->5769K(5888K) Class: 533K(640K)->533K(640K)
[3.557s][info][gc             ] GC(95) Pause Young (Allocation Failure) 600M->600M(659M) 19.809ms
[3.557s][info][gc,cpu         ] GC(95) User=0.11s Sys=0.00s Real=0.02s
[3.557s][info][gc,start       ] GC(96) Pause Full (Ergonomics)
[3.557s][info][gc,phases,start] GC(96) Marking Phase
[3.697s][info][gc,phases      ] GC(96) Marking Phase 139.587ms
[3.697s][info][gc,phases,start] GC(96) Summary Phase
[3.697s][info][gc,phases      ] GC(96) Summary Phase 0.021ms
[3.697s][info][gc,phases,start] GC(96) Adjust Roots
[3.697s][info][gc,phases      ] GC(96) Adjust Roots 0.178ms
[3.697s][info][gc,phases,start] GC(96) Compaction Phase
[3.753s][info][gc,phases      ] GC(96) Compaction Phase 55.333ms
[3.753s][info][gc,phases,start] GC(96) Post Compact
[3.754s][info][gc,phases      ] GC(96) Post Compact 1.123ms
[3.754s][info][gc,heap        ] GC(96) PSYoungGen: 16480K(62976K)->2560K(65024K) Eden: 0K(18432K)->0K(20480K) From: 16480K(44544K)->2560K(44544K)
[3.754s][info][gc,heap        ] GC(96) ParOldGen: 598726K(611840K)->611637K(686592K)
[3.754s][info][gc,metaspace   ] GC(96) Metaspace: 6302K(6528K)->6302K(6528K) NonClass: 5769K(5888K)->5769K(5888K) Class: 533K(640K)->533K(640K)
[3.754s][info][gc             ] GC(96) Pause Full (Ergonomics) 600M->599M(734M) 196.891ms
[3.754s][info][gc,cpu         ] GC(96) User=1.42s Sys=0.00s Real=0.20s
[3.781s][info][gc,start       ] GC(97) Pause Young (Allocation Failure)
[3.819s][info][gc,heap        ] GC(97) PSYoungGen: 23040K(65024K)->20640K(41472K) Eden: 20480K(20480K)->0K(20480K) From: 2560K(44544K)->20640K(20992K)
[3.819s][info][gc,heap        ] GC(97) ParOldGen: 611637K(686592K)->614269K(686592K)
[3.819s][info][gc,metaspace   ] GC(97) Metaspace: 6302K(6528K)->6302K(6528K) NonClass: 5769K(5888K)->5769K(5888K) Class: 533K(640K)->533K(640K)
[3.819s][info][gc             ] GC(97) Pause Young (Allocation Failure) 619M->620M(711M) 37.762ms
[3.819s][info][gc,cpu         ] GC(97) User=0.14s Sys=0.00s Real=0.04s
[3.845s][info][gc,start       ] GC(98) Pause Young (Allocation Failure)
[3.868s][info][gc,heap        ] GC(98) PSYoungGen: 41120K(41472K)->41152K(61440K) Eden: 20480K(20480K)->0K(17408K) From: 20640K(20992K)->41152K(44032K)
[3.868s][info][gc,heap        ] GC(98) ParOldGen: 614269K(686592K)->614269K(686592K)
[3.868s][info][gc,metaspace   ] GC(98) Metaspace: 6302K(6528K)->6302K(6528K) NonClass: 5769K(5888K)->5769K(5888K) Class: 533K(640K)->533K(640K)
[3.868s][info][gc             ] GC(98) Pause Young (Allocation Failure) 640M->640M(730M) 22.887ms
[3.868s][info][gc,cpu         ] GC(98) User=0.12s Sys=0.00s Real=0.02s
[3.888s][info][gc,start       ] GC(99) Pause Young (Allocation Failure)
[3.920s][info][gc,heap        ] GC(99) PSYoungGen: 58560K(61440K)->49152K(66560K) Eden: 17408K(17408K)->0K(17408K) From: 41152K(44032K)->49152K(49152K)
[3.920s][info][gc,heap        ] GC(99) ParOldGen: 614269K(686592K)->623645K(686592K)
[3.920s][info][gc,metaspace   ] GC(99) Metaspace: 6302K(6528K)->6302K(6528K) NonClass: 5769K(5888K)->5769K(5888K) Class: 533K(640K)->533K(640K)
[3.920s][info][gc             ] GC(99) Pause Young (Allocation Failure) 657M->657M(735M) 31.603ms
[3.920s][info][gc,cpu         ] GC(99) User=0.09s Sys=0.00s Real=0.03s
[3.943s][info][gc,start       ] GC(100) Pause Young (Allocation Failure)
[3.980s][info][gc,heap        ] GC(100) PSYoungGen: 66560K(66560K)->31520K(76288K) Eden: 17408K(17408K)->0K(19456K) From: 49152K(49152K)->31520K(56832K)
[3.980s][info][gc,heap        ] GC(100) ParOldGen: 623645K(686592K)->659301K(686592K)
[3.980s][info][gc,metaspace   ] GC(100) Metaspace: 6302K(6528K)->6302K(6528K) NonClass: 5769K(5888K)->5769K(5888K) Class: 533K(640K)->533K(640K)
[3.980s][info][gc             ] GC(100) Pause Young (Allocation Failure) 674M->674M(745M) 36.925ms
[3.980s][info][gc,cpu         ] GC(100) User=0.17s Sys=0.03s Real=0.04s
[3.980s][info][gc,start       ] GC(101) Pause Full (Ergonomics)
[3.980s][info][gc,phases,start] GC(101) Marking Phase
[4.161s][info][gc,phases      ] GC(101) Marking Phase 180.413ms
[4.161s][info][gc,phases,start] GC(101) Summary Phase
[4.161s][info][gc,phases      ] GC(101) Summary Phase 0.065ms
[4.161s][info][gc,phases,start] GC(101) Adjust Roots
[4.161s][info][gc,phases      ] GC(101) Adjust Roots 0.326ms
[4.161s][info][gc,phases,start] GC(101) Compaction Phase
[4.225s][info][gc,phases      ] GC(101) Compaction Phase 64.056ms
[4.225s][info][gc,phases,start] GC(101) Post Compact
[4.227s][info][gc,phases      ] GC(101) Post Compact 1.913ms
[4.228s][info][gc,heap        ] GC(101) PSYoungGen: 31520K(76288K)->3752K(77824K) Eden: 0K(19456K)->0K(20992K) From: 31520K(56832K)->3752K(56832K)
[4.228s][info][gc,heap        ] GC(101) ParOldGen: 659301K(686592K)->686105K(771584K)
[4.228s][info][gc,metaspace   ] GC(101) Metaspace: 6302K(6528K)->6302K(6528K) NonClass: 5769K(5888K)->5769K(5888K) Class: 533K(640K)->533K(640K)
[4.228s][info][gc             ] GC(101) Pause Full (Ergonomics) 674M->673M(829M) 247.708ms
[4.228s][info][gc,cpu         ] GC(101) User=1.67s Sys=0.00s Real=0.25s
[4.369s][info][gc,start       ] GC(102) Pause Young (Allocation Failure)
[4.413s][info][gc,heap        ] GC(102) PSYoungGen: 24744K(77824K)->23392K(44544K) Eden: 20992K(20992K)->0K(20992K) From: 3752K(56832K)->23392K(23552K)
[4.413s][info][gc,heap        ] GC(102) ParOldGen: 718873K(771584K)->720417K(771584K)
[4.413s][info][gc,metaspace   ] GC(102) Metaspace: 6302K(6528K)->6302K(6528K) NonClass: 5769K(5888K)->5769K(5888K) Class: 533K(640K)->533K(640K)
[4.413s][info][gc             ] GC(102) Pause Young (Allocation Failure) 726M->726M(797M) 43.733ms
[4.413s][info][gc,cpu         ] GC(102) User=0.22s Sys=0.00s Real=0.04s
[4.435s][info][gc,start       ] GC(103) Pause Young (Allocation Failure)
[4.460s][info][gc,heap        ] GC(103) PSYoungGen: 44384K(44544K)->44384K(75264K) Eden: 20992K(20992K)->0K(19456K) From: 23392K(23552K)->44384K(55808K)
[4.461s][info][gc,heap        ] GC(103) ParOldGen: 720417K(771584K)->720417K(771584K)
[4.461s][info][gc,metaspace   ] GC(103) Metaspace: 6302K(6528K)->6302K(6528K) NonClass: 5769K(5888K)->5769K(5888K) Class: 533K(640K)->533K(640K)
[4.461s][info][gc             ] GC(103) Pause Young (Allocation Failure) 746M->746M(827M) 25.351ms
[4.461s][info][gc,cpu         ] GC(103) User=0.06s Sys=0.00s Real=0.03s
[4.482s][info][gc,start       ] GC(104) Pause Young (Allocation Failure)
[4.514s][info][gc,heap        ] GC(104) PSYoungGen: 63840K(75264K)->59392K(78848K) Eden: 19456K(19456K)->0K(19456K) From: 44384K(55808K)->59392K(59392K)
[4.514s][info][gc,heap        ] GC(104) ParOldGen: 720417K(771584K)->724865K(771584K)
[4.514s][info][gc,metaspace   ] GC(104) Metaspace: 6302K(6528K)->6302K(6528K) NonClass: 5769K(5888K)->5769K(5888K) Class: 533K(640K)->533K(640K)
[4.515s][info][gc             ] GC(104) Pause Young (Allocation Failure) 765M->765M(830M) 32.043ms
[4.515s][info][gc,cpu         ] GC(104) User=0.12s Sys=0.00s Real=0.03s
[4.535s][info][gc,start       ] GC(105) Pause Young (Allocation Failure)
[4.575s][info][gc,heap        ] GC(105) PSYoungGen: 78848K(78848K)->56736K(86016K) Eden: 19456K(19456K)->0K(16384K) From: 59392K(59392K)->56736K(69632K)
[4.576s][info][gc,heap        ] GC(105) ParOldGen: 724865K(771584K)->747361K(771584K)
[4.576s][info][gc,metaspace   ] GC(105) Metaspace: 6302K(6528K)->6302K(6528K) NonClass: 5769K(5888K)->5769K(5888K) Class: 533K(640K)->533K(640K)
[4.576s][info][gc             ] GC(105) Pause Young (Allocation Failure) 784M->785M(837M) 40.096ms
[4.576s][info][gc,cpu         ] GC(105) User=0.19s Sys=0.05s Real=0.04s
[4.576s][info][gc,start       ] GC(106) Pause Full (Ergonomics)
[4.576s][info][gc,phases,start] GC(106) Marking Phase
[4.748s][info][gc,phases      ] GC(106) Marking Phase 172.370ms
[4.748s][info][gc,phases,start] GC(106) Summary Phase
[4.748s][info][gc,phases      ] GC(106) Summary Phase 0.022ms
[4.748s][info][gc,phases,start] GC(106) Adjust Roots
[4.748s][info][gc,phases      ] GC(106) Adjust Roots 0.160ms
[4.748s][info][gc,phases,start] GC(106) Compaction Phase
[4.883s][info][gc,phases      ] GC(106) Compaction Phase 134.262ms
[4.883s][info][gc,phases,start] GC(106) Post Compact
[4.884s][info][gc,phases      ] GC(106) Post Compact 1.767ms
[4.885s][info][gc,heap        ] GC(106) PSYoungGen: 56736K(86016K)->15653K(86016K) Eden: 0K(16384K)->0K(16384K) From: 56736K(69632K)->15653K(69632K)
[4.885s][info][gc,heap        ] GC(106) ParOldGen: 747361K(771584K)->771356K(862208K)
[4.885s][info][gc,metaspace   ] GC(106) Metaspace: 6302K(6528K)->6302K(6528K) NonClass: 5769K(5888K)->5769K(5888K) Class: 533K(640K)->533K(640K)
[4.885s][info][gc             ] GC(106) Pause Full (Ergonomics) 785M->768M(926M) 309.385ms
[4.885s][info][gc,cpu         ] GC(106) User=1.92s Sys=0.02s Real=0.31s
[4.904s][info][gc,start       ] GC(107) Pause Young (Allocation Failure)
[4.951s][info][gc,heap        ] GC(107) PSYoungGen: 32037K(86016K)->24736K(91136K) Eden: 16384K(16384K)->0K(16384K) From: 15653K(69632K)->24736K(74752K)
[4.951s][info][gc,heap        ] GC(107) ParOldGen: 771356K(862208K)->778940K(862208K)
[4.951s][info][gc,metaspace   ] GC(107) Metaspace: 6302K(6528K)->6302K(6528K) NonClass: 5769K(5888K)->5769K(5888K) Class: 533K(640K)->533K(640K)
[4.951s][info][gc             ] GC(107) Pause Young (Allocation Failure) 784M->784M(931M) 47.461ms
[4.951s][info][gc,cpu         ] GC(107) User=0.23s Sys=0.00s Real=0.05s
[4.969s][info][gc,start       ] GC(108) Pause Young (Allocation Failure)
[4.991s][info][gc,heap        ] GC(108) PSYoungGen: 41120K(91136K)->41088K(89088K) Eden: 16384K(16384K)->0K(18432K) From: 24736K(74752K)->41088K(70656K)
[4.991s][info][gc,heap        ] GC(108) ParOldGen: 778940K(862208K)->778940K(862208K)
[4.991s][info][gc,metaspace   ] GC(108) Metaspace: 6302K(6528K)->6302K(6528K) NonClass: 5769K(5888K)->5769K(5888K) Class: 533K(640K)->533K(640K)
[4.991s][info][gc             ] GC(108) Pause Young (Allocation Failure) 800M->800M(929M) 22.334ms
[4.991s][info][gc,cpu         ] GC(108) User=0.02s Sys=0.00s Real=0.02s
[5.011s][info][gc,start       ] GC(109) Pause Young (Allocation Failure)
[5.040s][info][gc,heap        ] GC(109) PSYoungGen: 59520K(89088K)->57408K(90112K) Eden: 18432K(18432K)->0K(18432K) From: 41088K(70656K)->57408K(71680K)
[5.040s][info][gc,heap        ] GC(109) ParOldGen: 778940K(862208K)->781116K(862208K)
[5.040s][info][gc,metaspace   ] GC(109) Metaspace: 6302K(6528K)->6302K(6528K) NonClass: 5769K(5888K)->5769K(5888K) Class: 533K(640K)->533K(640K)
[5.040s][info][gc             ] GC(109) Pause Young (Allocation Failure) 818M->818M(930M) 28.969ms
[5.040s][info][gc,cpu         ] GC(109) User=0.14s Sys=0.00s Real=0.03s
[5.060s][info][gc,start       ] GC(110) Pause Young (Allocation Failure)
[5.096s][info][gc,heap        ] GC(110) PSYoungGen: 75840K(90112K)->69824K(88576K) Eden: 18432K(18432K)->0K(12288K) From: 57408K(71680K)->69824K(76288K)
[5.096s][info][gc,heap        ] GC(110) ParOldGen: 781116K(862208K)->787292K(862208K)
[5.096s][info][gc,metaspace   ] GC(110) Metaspace: 6302K(6528K)->6302K(6528K) NonClass: 5769K(5888K)->5769K(5888K) Class: 533K(640K)->533K(640K)
[5.096s][info][gc             ] GC(110) Pause Young (Allocation Failure) 836M->837M(928M) 35.626ms
[5.096s][info][gc,cpu         ] GC(110) User=0.23s Sys=0.02s Real=0.04s
[5.110s][info][gc,start       ] GC(111) Pause Young (Allocation Failure)
[5.147s][info][gc,heap        ] GC(111) PSYoungGen: 82112K(88576K)->65664K(96768K) Eden: 12288K(12288K)->0K(12288K) From: 69824K(76288K)->65664K(84480K)
[5.147s][info][gc,heap        ] GC(111) ParOldGen: 787292K(862208K)->803892K(862208K)
[5.147s][info][gc,metaspace   ] GC(111) Metaspace: 6302K(6528K)->6302K(6528K) NonClass: 5769K(5888K)->5769K(5888K) Class: 533K(640K)->533K(640K)
[5.147s][info][gc             ] GC(111) Pause Young (Allocation Failure) 849M->849M(936M) 37.580ms
[5.147s][info][gc,cpu         ] GC(111) User=0.25s Sys=0.00s Real=0.04s
[5.161s][info][gc,start       ] GC(112) Pause Young (Allocation Failure)
[5.199s][info][gc,heap        ] GC(112) PSYoungGen: 77952K(96768K)->43168K(96256K) Eden: 12288K(12288K)->0K(14336K) From: 65664K(84480K)->43168K(81920K)
[5.199s][info][gc,heap        ] GC(112) ParOldGen: 803892K(862208K)->839140K(862208K)
[5.199s][info][gc,metaspace   ] GC(112) Metaspace: 6302K(6528K)->6302K(6528K) NonClass: 5769K(5888K)->5769K(5888K) Class: 533K(640K)->533K(640K)
[5.199s][info][gc             ] GC(112) Pause Young (Allocation Failure) 861M->861M(936M) 37.581ms
[5.199s][info][gc,cpu         ] GC(112) User=0.22s Sys=0.03s Real=0.04s
[5.199s][info][gc,start       ] GC(113) Pause Full (Ergonomics)
[5.199s][info][gc,phases,start] GC(113) Marking Phase
[5.394s][info][gc,phases      ] GC(113) Marking Phase 195.347ms
[5.394s][info][gc,phases,start] GC(113) Summary Phase
[5.394s][info][gc,phases      ] GC(113) Summary Phase 0.031ms
[5.394s][info][gc,phases,start] GC(113) Adjust Roots
[5.395s][info][gc,phases      ] GC(113) Adjust Roots 0.208ms
[5.395s][info][gc,phases,start] GC(113) Compaction Phase
[5.488s][info][gc,phases      ] GC(113) Compaction Phase 93.594ms
[5.488s][info][gc,phases,start] GC(113) Post Compact
[5.490s][info][gc,phases      ] GC(113) Post Compact 1.615ms
[5.490s][info][gc,heap        ] GC(113) PSYoungGen: 43168K(96256K)->18891K(98304K) Eden: 0K(14336K)->0K(16384K) From: 43168K(81920K)->18891K(81920K)
[5.490s][info][gc,heap        ] GC(113) ParOldGen: 839140K(862208K)->862132K(963072K)
[5.490s][info][gc,metaspace   ] GC(113) Metaspace: 6302K(6528K)->6302K(6528K) NonClass: 5769K(5888K)->5769K(5888K) Class: 533K(640K)->533K(640K)
[5.490s][info][gc             ] GC(113) Pause Full (Ergonomics) 861M->860M(1036M) 291.488ms
[5.490s][info][gc,cpu         ] GC(113) User=2.16s Sys=0.00s Real=0.29s
[5.511s][info][gc,start       ] GC(114) Pause Young (Allocation Failure)
[5.563s][info][gc,heap        ] GC(114) PSYoungGen: 35275K(98304K)->20896K(101888K) Eden: 16384K(16384K)->0K(16384K) From: 18891K(81920K)->20896K(85504K)
[5.563s][info][gc,heap        ] GC(114) ParOldGen: 862132K(963072K)->876884K(963072K)
[5.563s][info][gc,metaspace   ] GC(114) Metaspace: 6302K(6528K)->6302K(6528K) NonClass: 5769K(5888K)->5769K(5888K) Class: 533K(640K)->533K(640K)
[5.563s][info][gc             ] GC(114) Pause Young (Allocation Failure) 876M->876M(1040M) 52.215ms
[5.563s][info][gc,cpu         ] GC(114) User=0.42s Sys=0.00s Real=0.05s
[5.581s][info][gc,start       ] GC(115) Pause Young (Allocation Failure)
[5.602s][info][gc,heap        ] GC(115) PSYoungGen: 37280K(101888K)->32896K(96256K) Eden: 16384K(16384K)->0K(18432K) From: 20896K(85504K)->32896K(77824K)
[5.602s][info][gc,heap        ] GC(115) ParOldGen: 876884K(963072K)->881316K(963072K)
[5.602s][info][gc,metaspace   ] GC(115) Metaspace: 6302K(6528K)->6302K(6528K) NonClass: 5769K(5888K)->5769K(5888K) Class: 533K(640K)->533K(640K)
[5.602s][info][gc             ] GC(115) Pause Young (Allocation Failure) 892M->892M(1034M) 20.775ms
[5.602s][info][gc,cpu         ] GC(115) User=0.08s Sys=0.05s Real=0.02s
[5.622s][info][gc,start       ] GC(116) Pause Young (Allocation Failure)
[5.649s][info][gc,heap        ] GC(116) PSYoungGen: 51328K(96256K)->34944K(53760K) Eden: 18432K(18432K)->0K(18432K) From: 32896K(77824K)->34944K(35328K)
[5.649s][info][gc,heap        ] GC(116) ParOldGen: 881316K(963072K)->897916K(963072K)
[5.649s][info][gc,metaspace   ] GC(116) Metaspace: 6302K(6528K)->6302K(6528K) NonClass: 5769K(5888K)->5769K(5888K) Class: 533K(640K)->533K(640K)
[5.649s][info][gc             ] GC(116) Pause Young (Allocation Failure) 910M->910M(993M) 27.176ms
[5.649s][info][gc,cpu         ] GC(116) User=0.12s Sys=0.00s Real=0.03s
[5.670s][info][gc,start       ] GC(117) Pause Young (Allocation Failure)
[5.698s][info][gc,heap        ] GC(117) PSYoungGen: 53376K(53760K)->37024K(92160K) Eden: 18432K(18432K)->0K(20992K) From: 34944K(35328K)->37024K(71168K)
[5.698s][info][gc,heap        ] GC(117) ParOldGen: 897916K(963072K)->914516K(963072K)
[5.698s][info][gc,metaspace   ] GC(117) Metaspace: 6302K(6528K)->6302K(6528K) NonClass: 5769K(5888K)->5769K(5888K) Class: 533K(640K)->533K(640K)
[5.698s][info][gc             ] GC(117) Pause Young (Allocation Failure) 928M->929M(1030M) 27.946ms
[5.698s][info][gc,cpu         ] GC(117) User=0.12s Sys=0.00s Real=0.03s
[5.723s][info][gc,start       ] GC(118) Pause Young (Allocation Failure)
[5.753s][info][gc,heap        ] GC(118) PSYoungGen: 58016K(92160K)->39552K(60928K) Eden: 20992K(20992K)->0K(20992K) From: 37024K(71168K)->39552K(39936K)
[5.753s][info][gc,heap        ] GC(118) ParOldGen: 914516K(963072K)->933204K(963072K)
[5.753s][info][gc,metaspace   ] GC(118) Metaspace: 6302K(6528K)->6302K(6528K) NonClass: 5769K(5888K)->5769K(5888K) Class: 533K(640K)->533K(640K)
[5.753s][info][gc             ] GC(118) Pause Young (Allocation Failure) 949M->949M(1000M) 30.152ms
[5.753s][info][gc,cpu         ] GC(118) User=0.11s Sys=0.03s Real=0.03s
[5.753s][info][gc,start       ] GC(119) Pause Full (Ergonomics)
[5.753s][info][gc,phases,start] GC(119) Marking Phase
[5.964s][info][gc,phases      ] GC(119) Marking Phase 210.825ms
[5.964s][info][gc,phases,start] GC(119) Summary Phase
[5.964s][info][gc,phases      ] GC(119) Summary Phase 0.055ms
[5.964s][info][gc,phases,start] GC(119) Adjust Roots
[5.965s][info][gc,phases      ] GC(119) Adjust Roots 0.322ms
[5.965s][info][gc,phases,start] GC(119) Compaction Phase
[6.057s][info][gc,phases      ] GC(119) Compaction Phase 91.876ms
[6.057s][info][gc,phases,start] GC(119) Post Compact
[6.058s][info][gc,phases      ] GC(119) Post Compact 1.591ms
[6.059s][info][gc,heap        ] GC(119) PSYoungGen: 39552K(60928K)->8709K(60928K) Eden: 0K(20992K)->0K(20992K) From: 39552K(39936K)->8709K(39936K)
[6.059s][info][gc,heap        ] GC(119) ParOldGen: 933204K(963072K)->962787K(1067520K)
[6.059s][info][gc,metaspace   ] GC(119) Metaspace: 6302K(6528K)->6302K(6528K) NonClass: 5769K(5888K)->5769K(5888K) Class: 533K(640K)->533K(640K)
[6.059s][info][gc             ] GC(119) Pause Full (Ergonomics) 949M->948M(1102M) 305.404ms
[6.059s][info][gc,cpu         ] GC(119) User=2.23s Sys=0.00s Real=0.31s
[6.083s][info][gc,start       ] GC(120) Pause Young (Allocation Failure)
[6.138s][info][gc,heap        ] GC(120) PSYoungGen: 29701K(60928K)->26400K(92672K) Eden: 20992K(20992K)->0K(23552K) From: 8709K(39936K)->26400K(69120K)
[6.138s][info][gc,heap        ] GC(120) ParOldGen: 962787K(1067520K)->966283K(1067520K)
[6.138s][info][gc,metaspace   ] GC(120) Metaspace: 6302K(6528K)->6302K(6528K) NonClass: 5769K(5888K)->5769K(5888K) Class: 533K(640K)->533K(640K)
[6.138s][info][gc             ] GC(120) Pause Young (Allocation Failure) 969M->969M(1133M) 54.250ms
[6.138s][info][gc,cpu         ] GC(120) User=0.28s Sys=0.00s Real=0.05s
[6.166s][info][gc,start       ] GC(121) Pause Young (Allocation Failure)
[6.193s][info][gc,heap        ] GC(121) PSYoungGen: 49952K(92672K)->49984K(93696K) Eden: 23552K(23552K)->0K(23552K) From: 26400K(69120K)->49984K(70144K)
[6.193s][info][gc,heap        ] GC(121) ParOldGen: 966283K(1067520K)->966283K(1067520K)
[6.193s][info][gc,metaspace   ] GC(121) Metaspace: 6302K(6528K)->6302K(6528K) NonClass: 5769K(5888K)->5769K(5888K) Class: 533K(640K)->533K(640K)
[6.193s][info][gc             ] GC(121) Pause Young (Allocation Failure) 992M->992M(1134M) 27.214ms
[6.193s][info][gc,cpu         ] GC(121) User=0.14s Sys=0.00s Real=0.03s
[6.219s][info][gc,start       ] GC(122) Pause Young (Allocation Failure)
[6.256s][info][gc,heap        ] GC(122) PSYoungGen: 73536K(93696K)->71680K(88064K) Eden: 23552K(23552K)->0K(16384K) From: 49984K(70144K)->71680K(71680K)
[6.256s][info][gc,heap        ] GC(122) ParOldGen: 966283K(1067520K)->968091K(1067520K)
[6.256s][info][gc,metaspace   ] GC(122) Metaspace: 6302K(6528K)->6302K(6528K) NonClass: 5769K(5888K)->5769K(5888K) Class: 533K(640K)->533K(640K)
[6.256s][info][gc             ] GC(122) Pause Young (Allocation Failure) 1015M->1015M(1128M) 36.931ms
[6.256s][info][gc,cpu         ] GC(122) User=0.22s Sys=0.03s Real=0.04s
[6.274s][info][gc,start       ] GC(123) Pause Young (Allocation Failure)
[6.315s][info][gc,heap        ] GC(123) PSYoungGen: 88064K(88064K)->62624K(97792K) Eden: 16384K(16384K)->0K(16384K) From: 71680K(71680K)->62624K(81408K)
[6.315s][info][gc,heap        ] GC(123) ParOldGen: 968091K(1067520K)->993939K(1067520K)
[6.316s][info][gc,metaspace   ] GC(123) Metaspace: 6302K(6528K)->6302K(6528K) NonClass: 5769K(5888K)->5769K(5888K) Class: 533K(640K)->533K(640K)
[6.316s][info][gc             ] GC(123) Pause Young (Allocation Failure) 1031M->1031M(1138M) 41.937ms
[6.316s][info][gc,cpu         ] GC(123) User=0.23s Sys=0.03s Real=0.04s
[6.334s][info][gc,start       ] GC(124) Pause Young (Allocation Failure)
[6.372s][info][gc,heap        ] GC(124) PSYoungGen: 79008K(97792K)->56000K(103424K) Eden: 16384K(16384K)->0K(18432K) From: 62624K(81408K)->56000K(84992K)
[6.372s][info][gc,heap        ] GC(124) ParOldGen: 993939K(1067520K)->1017331K(1067520K)
[6.372s][info][gc,metaspace   ] GC(124) Metaspace: 6302K(6528K)->6302K(6528K) NonClass: 5769K(5888K)->5769K(5888K) Class: 533K(640K)->533K(640K)
[6.372s][info][gc             ] GC(124) Pause Young (Allocation Failure) 1047M->1048M(1143M) 38.203ms
[6.372s][info][gc,cpu         ] GC(124) User=0.27s Sys=0.00s Real=0.04s
[6.393s][info][gc,start       ] GC(125) Pause Young (Allocation Failure)
[6.430s][info][gc,heap        ] GC(125) PSYoungGen: 74432K(103424K)->34944K(103424K) Eden: 18432K(18432K)->0K(18432K) From: 56000K(84992K)->34944K(84992K)
[6.430s][info][gc,heap        ] GC(125) ParOldGen: 1017331K(1067520K)->1057267K(1067520K)
[6.430s][info][gc,metaspace   ] GC(125) Metaspace: 6302K(6528K)->6302K(6528K) NonClass: 5769K(5888K)->5769K(5888K) Class: 533K(640K)->533K(640K)
[6.430s][info][gc             ] GC(125) Pause Young (Allocation Failure) 1066M->1066M(1143M) 37.567ms
[6.430s][info][gc,cpu         ] GC(125) User=0.23s Sys=0.00s Real=0.04s
[6.430s][info][gc,start       ] GC(126) Pause Full (Ergonomics)
[6.430s][info][gc,phases,start] GC(126) Marking Phase
[6.678s][info][gc,phases      ] GC(126) Marking Phase 247.547ms
[6.678s][info][gc,phases,start] GC(126) Summary Phase
[6.678s][info][gc,phases      ] GC(126) Summary Phase 0.039ms
[6.678s][info][gc,phases,start] GC(126) Adjust Roots
[6.678s][info][gc,phases      ] GC(126) Adjust Roots 0.217ms
[6.678s][info][gc,phases,start] GC(126) Compaction Phase
[6.784s][info][gc,phases      ] GC(126) Compaction Phase 105.911ms
[6.784s][info][gc,phases,start] GC(126) Post Compact
[6.786s][info][gc,phases      ] GC(126) Post Compact 2.044ms
[6.787s][info][gc,heap        ] GC(126) PSYoungGen: 34944K(103424K)->23509K(103424K) Eden: 0K(18432K)->0K(18432K) From: 34944K(84992K)->23509K(84992K)
[6.787s][info][gc,heap        ] GC(126) ParOldGen: 1057267K(1067520K)->1067096K(1189888K)
[6.787s][info][gc,metaspace   ] GC(126) Metaspace: 6302K(6528K)->6302K(6528K) NonClass: 5769K(5888K)->5769K(5888K) Class: 533K(640K)->533K(640K)
[6.787s][info][gc             ] GC(126) Pause Full (Ergonomics) 1066M->1065M(1263M) 356.685ms
[6.787s][info][gc,cpu         ] GC(126) User=2.56s Sys=0.03s Real=0.36s
[6.810s][info][gc,start       ] GC(127) Pause Young (Allocation Failure)
[6.874s][info][gc,heap        ] GC(127) PSYoungGen: 41941K(103424K)->18560K(103424K) Eden: 18432K(18432K)->0K(20480K) From: 23509K(84992K)->18560K(82944K)
[6.874s][info][gc,heap        ] GC(127) ParOldGen: 1067096K(1189888K)->1090952K(1189888K)
[6.874s][info][gc,metaspace   ] GC(127) Metaspace: 6302K(6528K)->6302K(6528K) NonClass: 5769K(5888K)->5769K(5888K) Class: 533K(640K)->533K(640K)
[6.874s][info][gc             ] GC(127) Pause Young (Allocation Failure) 1083M->1083M(1263M) 64.339ms
[6.874s][info][gc,cpu         ] GC(127) User=0.38s Sys=0.02s Real=0.07s
[6.897s][info][gc,start       ] GC(128) Pause Young (Allocation Failure)
[6.921s][info][gc,heap        ] GC(128) PSYoungGen: 39040K(103424K)->20576K(103936K) Eden: 20480K(20480K)->0K(20480K) From: 18560K(82944K)->20576K(83456K)
[6.921s][info][gc,heap        ] GC(128) ParOldGen: 1090952K(1189888K)->1109632K(1189888K)
[6.921s][info][gc,metaspace   ] GC(128) Metaspace: 6302K(6528K)->6302K(6528K) NonClass: 5769K(5888K)->5769K(5888K) Class: 533K(640K)->533K(640K)
[6.921s][info][gc             ] GC(128) Pause Young (Allocation Failure) 1103M->1103M(1263M) 23.286ms
[6.921s][info][gc,cpu         ] GC(128) User=0.14s Sys=0.00s Real=0.02s
[6.943s][info][gc,start       ] GC(129) Pause Young (Allocation Failure)
[6.967s][info][gc,heap        ] GC(129) PSYoungGen: 41056K(103936K)->20608K(103424K) Eden: 20480K(20480K)->0K(22528K) From: 20576K(83456K)->20608K(80896K)
[6.967s][info][gc,heap        ] GC(129) ParOldGen: 1109632K(1189888K)->1130400K(1189888K)
[6.967s][info][gc,metaspace   ] GC(129) Metaspace: 6302K(6528K)->6302K(6528K) NonClass: 5769K(5888K)->5769K(5888K) Class: 533K(640K)->533K(640K)
[6.967s][info][gc             ] GC(129) Pause Young (Allocation Failure) 1123M->1124M(1263M) 23.954ms
[6.967s][info][gc,cpu         ] GC(129) User=0.14s Sys=0.00s Real=0.02s
[6.995s][info][gc,start       ] GC(130) Pause Young (Allocation Failure)
[7.020s][info][gc,heap        ] GC(130) PSYoungGen: 43136K(103424K)->22656K(104448K) Eden: 22528K(22528K)->0K(22528K) From: 20608K(80896K)->22656K(81920K)
[7.020s][info][gc,heap        ] GC(130) ParOldGen: 1130400K(1189888K)->1151160K(1189888K)
[7.020s][info][gc,metaspace   ] GC(130) Metaspace: 6302K(6528K)->6302K(6528K) NonClass: 5769K(5888K)->5769K(5888K) Class: 533K(640K)->533K(640K)
[7.020s][info][gc             ] GC(130) Pause Young (Allocation Failure) 1146M->1146M(1264M) 24.999ms
[7.020s][info][gc,cpu         ] GC(130) User=0.14s Sys=0.00s Real=0.02s
[7.020s][info][gc,start       ] GC(131) Pause Full (Ergonomics)
[7.020s][info][gc,phases,start] GC(131) Marking Phase
[7.274s][info][gc,phases      ] GC(131) Marking Phase 254.402ms
[7.274s][info][gc,phases,start] GC(131) Summary Phase
[7.274s][info][gc,phases      ] GC(131) Summary Phase 0.040ms
[7.274s][info][gc,phases,start] GC(131) Adjust Roots
[7.275s][info][gc,phases      ] GC(131) Adjust Roots 0.349ms
[7.275s][info][gc,phases,start] GC(131) Compaction Phase
[7.369s][info][gc,phases      ] GC(131) Compaction Phase 94.367ms
[7.369s][info][gc,phases,start] GC(131) Post Compact
[7.371s][info][gc,phases      ] GC(131) Post Compact 1.850ms
[7.371s][info][gc,heap        ] GC(131) PSYoungGen: 22656K(104448K)->0K(105472K) Eden: 0K(22528K)->0K(25088K) From: 22656K(81920K)->0K(80384K)
[7.372s][info][gc,heap        ] GC(131) ParOldGen: 1151160K(1189888K)->1172393K(1299968K)
[7.372s][info][gc,metaspace   ] GC(131) Metaspace: 6302K(6528K)->6302K(6528K) NonClass: 5769K(5888K)->5769K(5888K) Class: 533K(640K)->533K(640K)
[7.372s][info][gc             ] GC(131) Pause Full (Ergonomics) 1146M->1144M(1372M) 351.716ms
[7.372s][info][gc,cpu         ] GC(131) User=2.52s Sys=0.03s Real=0.35s
[7.402s][info][gc,start       ] GC(132) Pause Young (Allocation Failure)
[7.419s][info][gc,heap        ] GC(132) PSYoungGen: 25088K(105472K)->25216K(105472K) Eden: 25088K(25088K)->0K(25088K) From: 0K(80384K)->25216K(80384K)
[7.419s][info][gc,heap        ] GC(132) ParOldGen: 1172393K(1299968K)->1172393K(1299968K)
[7.419s][info][gc,metaspace   ] GC(132) Metaspace: 6302K(6528K)->6302K(6528K) NonClass: 5769K(5888K)->5769K(5888K) Class: 533K(640K)->533K(640K)
[7.419s][info][gc             ] GC(132) Pause Young (Allocation Failure) 1169M->1169M(1372M) 17.102ms
[7.419s][info][gc,cpu         ] GC(132) User=0.05s Sys=0.00s Real=0.02s
[7.449s][info][gc,start       ] GC(133) Pause Young (Allocation Failure)
[7.476s][info][gc,heap        ] GC(133) PSYoungGen: 50304K(105472K)->50304K(104448K) Eden: 25088K(25088K)->0K(26624K) From: 25216K(80384K)->50304K(77824K)
[7.476s][info][gc,heap        ] GC(133) ParOldGen: 1172393K(1299968K)->1172393K(1299968K)
[7.476s][info][gc,metaspace   ] GC(133) Metaspace: 6302K(6528K)->6302K(6528K) NonClass: 5769K(5888K)->5769K(5888K) Class: 533K(640K)->533K(640K)
[7.476s][info][gc             ] GC(133) Pause Young (Allocation Failure) 1194M->1194M(1371M) 27.077ms
[7.476s][info][gc,cpu         ] GC(133) User=0.25s Sys=0.00s Real=0.03s
[7.508s][info][gc,start       ] GC(134) Pause Young (Allocation Failure)
[7.546s][info][gc,heap        ] GC(134) PSYoungGen: 76928K(104448K)->77024K(105472K) Eden: 26624K(26624K)->0K(26624K) From: 50304K(77824K)->77024K(78848K)
[7.546s][info][gc,heap        ] GC(134) ParOldGen: 1172393K(1299968K)->1172393K(1299968K)
[7.546s][info][gc,metaspace   ] GC(134) Metaspace: 6302K(6528K)->6302K(6528K) NonClass: 5769K(5888K)->5769K(5888K) Class: 533K(640K)->533K(640K)
[7.546s][info][gc             ] GC(134) Pause Young (Allocation Failure) 1220M->1220M(1372M) 37.877ms
[7.546s][info][gc,cpu         ] GC(134) User=0.25s Sys=0.00s Real=0.04s
[7.578s][info][gc,start       ] GC(135) Pause Young (Allocation Failure)
[7.633s][info][gc,heap        ] GC(135) PSYoungGen: 103648K(105472K)->89600K(100352K) Eden: 26624K(26624K)->0K(10752K) From: 77024K(78848K)->89600K(89600K)
[7.633s][info][gc,heap        ] GC(135) ParOldGen: 1172393K(1299968K)->1186497K(1299968K)
[7.633s][info][gc,metaspace   ] GC(135) Metaspace: 6302K(6528K)->6302K(6528K) NonClass: 5769K(5888K)->5769K(5888K) Class: 533K(640K)->533K(640K)
[7.633s][info][gc             ] GC(135) Pause Young (Allocation Failure) 1246M->1246M(1367M) 54.721ms
[7.633s][info][gc,cpu         ] GC(135) User=0.33s Sys=0.05s Real=0.05s
[7.646s][info][gc,start       ] GC(136) Pause Young (Allocation Failure)
[7.696s][info][gc,heap        ] GC(136) PSYoungGen: 100352K(100352K)->57056K(68096K) Eden: 10752K(10752K)->0K(10752K) From: 89600K(89600K)->57056K(57344K)
[7.696s][info][gc,heap        ] GC(136) ParOldGen: 1186497K(1299968K)->1230449K(1299968K)
[7.697s][info][gc,metaspace   ] GC(136) Metaspace: 6302K(6528K)->6302K(6528K) NonClass: 5769K(5888K)->5769K(5888K) Class: 533K(640K)->533K(640K)
[7.697s][info][gc             ] GC(136) Pause Young (Allocation Failure) 1256M->1257M(1336M) 50.800ms
[7.697s][info][gc,cpu         ] GC(136) User=0.36s Sys=0.02s Real=0.05s
[7.710s][info][gc,start       ] GC(137) Pause Young (Allocation Failure)
[7.745s][info][gc,heap        ] GC(137) PSYoungGen: 67808K(68096K)->44256K(108032K) Eden: 10752K(10752K)->0K(12288K) From: 57056K(57344K)->44256K(95744K)
[7.745s][info][gc,heap        ] GC(137) ParOldGen: 1230449K(1299968K)->1254305K(1299968K)
[7.745s][info][gc,metaspace   ] GC(137) Metaspace: 6302K(6528K)->6302K(6528K) NonClass: 5769K(5888K)->5769K(5888K) Class: 533K(640K)->533K(640K)
[7.745s][info][gc             ] GC(137) Pause Young (Allocation Failure) 1267M->1268M(1375M) 34.599ms
[7.745s][info][gc,cpu         ] GC(137) User=0.25s Sys=0.00s Real=0.04s
[7.758s][info][gc,start       ] GC(138) Pause Young (Allocation Failure)
[7.787s][info][gc,heap        ] GC(138) PSYoungGen: 56544K(108032K)->19200K(113152K) Eden: 12288K(12288K)->0K(12288K) From: 44256K(95744K)->19200K(100864K)
[7.787s][info][gc,heap        ] GC(138) ParOldGen: 1254305K(1299968K)->1288129K(1299968K)
[7.787s][info][gc,metaspace   ] GC(138) Metaspace: 6302K(6528K)->6302K(6528K) NonClass: 5769K(5888K)->5769K(5888K) Class: 533K(640K)->533K(640K)
[7.787s][info][gc             ] GC(138) Pause Young (Allocation Failure) 1280M->1276M(1380M) 29.497ms
[7.787s][info][gc,cpu         ] GC(138) User=0.12s Sys=0.02s Real=0.03s
[7.787s][info][gc,start       ] GC(139) Pause Full (Ergonomics)
[7.787s][info][gc,phases,start] GC(139) Marking Phase
[8.078s][info][gc,phases      ] GC(139) Marking Phase 290.846ms
[8.078s][info][gc,phases,start] GC(139) Summary Phase
[8.078s][info][gc,phases      ] GC(139) Summary Phase 0.029ms
[8.078s][info][gc,phases,start] GC(139) Adjust Roots
[8.079s][info][gc,phases      ] GC(139) Adjust Roots 0.277ms
[8.079s][info][gc,phases,start] GC(139) Compaction Phase
[8.429s][info][gc,phases      ] GC(139) Compaction Phase 349.730ms
[8.429s][info][gc,phases,start] GC(139) Post Compact
[8.431s][info][gc,phases      ] GC(139) Post Compact 2.691ms
[8.432s][info][gc,heap        ] GC(139) PSYoungGen: 19200K(113152K)->5721K(113152K) Eden: 0K(12288K)->0K(12288K) From: 19200K(100864K)->5721K(100864K)
[8.432s][info][gc,heap        ] GC(139) ParOldGen: 1288129K(1299968K)->1299697K(1443840K)
[8.432s][info][gc,metaspace   ] GC(139) Metaspace: 6302K(6528K)->6302K(6528K) NonClass: 5769K(5888K)->5769K(5888K) Class: 533K(640K)->533K(640K)
[8.432s][info][gc             ] GC(139) Pause Full (Ergonomics) 1276M->1274M(1520M) 644.611ms
[8.432s][info][gc,cpu         ] GC(139) User=4.56s Sys=0.02s Real=0.64s
[8.444s][info][gc,start       ] GC(140) Pause Young (Allocation Failure)
[8.508s][info][gc,heap        ] GC(140) PSYoungGen: 18009K(113152K)->6528K(113664K) Eden: 12288K(12288K)->0K(13312K) From: 5721K(100864K)->6528K(100352K)
[8.508s][info][gc,heap        ] GC(140) ParOldGen: 1299697K(1443840K)->1305545K(1443840K)
[8.508s][info][gc,metaspace   ] GC(140) Metaspace: 6302K(6528K)->6302K(6528K) NonClass: 5769K(5888K)->5769K(5888K) Class: 533K(640K)->533K(640K)
[8.508s][info][gc             ] GC(140) Pause Young (Allocation Failure) 1286M->1281M(1521M) 64.900ms
[8.508s][info][gc,cpu         ] GC(140) User=0.36s Sys=0.02s Real=0.07s
[8.519s][info][gc,start       ] GC(141) Pause Young (Allocation Failure)
[8.534s][info][gc,heap        ] GC(141) PSYoungGen: 19840K(113664K)->13344K(114688K) Eden: 13312K(13312K)->0K(13312K) From: 6528K(100352K)->13344K(101376K)
[8.534s][info][gc,heap        ] GC(141) ParOldGen: 1305545K(1443840K)->1305545K(1443840K)
[8.534s][info][gc,metaspace   ] GC(141) Metaspace: 6302K(6528K)->6302K(6528K) NonClass: 5769K(5888K)->5769K(5888K) Class: 533K(640K)->533K(640K)
[8.534s][info][gc             ] GC(141) Pause Young (Allocation Failure) 1294M->1287M(1522M) 14.573ms
[8.534s][info][gc,cpu         ] GC(141) User=0.02s Sys=0.00s Real=0.01s
[8.549s][info][gc,start       ] GC(142) Pause Young (Allocation Failure)
[8.566s][info][gc,heap        ] GC(142) PSYoungGen: 26656K(114688K)->18272K(110080K) Eden: 13312K(13312K)->0K(15360K) From: 13344K(101376K)->18272K(94720K)
[8.566s][info][gc,heap        ] GC(142) ParOldGen: 1305545K(1443840K)->1312017K(1443840K)
[8.566s][info][gc,metaspace   ] GC(142) Metaspace: 6302K(6528K)->6302K(6528K) NonClass: 5769K(5888K)->5769K(5888K) Class: 533K(640K)->533K(640K)
[8.566s][info][gc             ] GC(142) Pause Young (Allocation Failure) 1300M->1299M(1517M) 17.809ms
[8.566s][info][gc,cpu         ] GC(142) User=0.03s Sys=0.00s Real=0.02s
[8.587s][info][gc,start       ] GC(143) Pause Young (Allocation Failure)
[8.608s][info][gc,heap        ] GC(143) PSYoungGen: 33632K(110080K)->26752K(42496K) Eden: 15360K(15360K)->0K(15360K) From: 18272K(94720K)->26752K(27136K)
[8.608s][info][gc,heap        ] GC(143) ParOldGen: 1312017K(1443840K)->1319049K(1443840K)
[8.608s][info][gc,metaspace   ] GC(143) Metaspace: 6302K(6528K)->6302K(6528K) NonClass: 5769K(5888K)->5769K(5888K) Class: 533K(640K)->533K(640K)
[8.608s][info][gc             ] GC(143) Pause Young (Allocation Failure) 1314M->1314M(1451M) 21.471ms
[8.609s][info][gc,cpu         ] GC(143) User=0.12s Sys=0.00s Real=0.02s
[8.627s][info][gc,start       ] GC(144) Pause Young (Allocation Failure)
[8.652s][info][gc,heap        ] GC(144) PSYoungGen: 42112K(42496K)->30816K(99840K) Eden: 15360K(15360K)->0K(17408K) From: 26752K(27136K)->30816K(82432K)
[8.652s][info][gc,heap        ] GC(144) ParOldGen: 1319049K(1443840K)->1330489K(1443840K)
[8.652s][info][gc,metaspace   ] GC(144) Metaspace: 6302K(6528K)->6302K(6528K) NonClass: 5769K(5888K)->5769K(5888K) Class: 533K(640K)->533K(640K)
[8.652s][info][gc             ] GC(144) Pause Young (Allocation Failure) 1329M->1329M(1507M) 25.493ms
[8.652s][info][gc,cpu         ] GC(144) User=0.12s Sys=0.00s Real=0.02s
[8.674s][info][gc,start       ] GC(145) Pause Young (Allocation Failure)
[8.702s][info][gc,heap        ] GC(145) PSYoungGen: 48224K(99840K)->32864K(50688K) Eden: 17408K(17408K)->0K(17408K) From: 30816K(82432K)->32864K(33280K)
[8.702s][info][gc,heap        ] GC(145) ParOldGen: 1330489K(1443840K)->1346065K(1443840K)
[8.702s][info][gc,metaspace   ] GC(145) Metaspace: 6302K(6528K)->6302K(6528K) NonClass: 5769K(5888K)->5769K(5888K) Class: 533K(640K)->533K(640K)
[8.702s][info][gc             ] GC(145) Pause Young (Allocation Failure) 1346M->1346M(1459M) 28.079ms
[8.702s][info][gc,cpu         ] GC(145) User=0.12s Sys=0.00s Real=0.03s
[8.724s][info][gc,start       ] GC(146) Pause Young (Allocation Failure)
[8.754s][info][gc,heap        ] GC(146) PSYoungGen: 50272K(50688K)->34944K(93184K) Eden: 17408K(17408K)->0K(19456K) From: 32864K(33280K)->34944K(73728K)
[8.754s][info][gc,heap        ] GC(146) ParOldGen: 1346065K(1443840K)->1361633K(1443840K)
[8.754s][info][gc,metaspace   ] GC(146) Metaspace: 6302K(6528K)->6302K(6528K) NonClass: 5769K(5888K)->5769K(5888K) Class: 533K(640K)->533K(640K)
[8.754s][info][gc             ] GC(146) Pause Young (Allocation Failure) 1363M->1363M(1501M) 29.864ms
[8.754s][info][gc,cpu         ] GC(146) User=0.14s Sys=0.00s Real=0.03s
[9.052s][info][gc,start       ] GC(147) Pause Full (Ergonomics)
[9.052s][info][gc,phases,start] GC(147) Marking Phase
[9.367s][info][gc,phases      ] GC(147) Marking Phase 314.832ms
[9.367s][info][gc,phases,start] GC(147) Summary Phase
[9.367s][info][gc,phases      ] GC(147) Summary Phase 0.029ms
[9.367s][info][gc,phases,start] GC(147) Adjust Roots
[9.367s][info][gc,phases      ] GC(147) Adjust Roots 0.170ms
[9.367s][info][gc,phases,start] GC(147) Compaction Phase
[9.596s][info][gc,phases      ] GC(147) Compaction Phase 228.715ms
[9.596s][info][gc,phases,start] GC(147) Post Compact
[9.599s][info][gc,phases      ] GC(147) Post Compact 2.963ms
[9.600s][info][gc,heap        ] GC(147) PSYoungGen: 54400K(93184K)->4096K(95744K) Eden: 19456K(19456K)->0K(22016K) From: 34944K(73728K)->4096K(73728K)
[9.600s][info][gc,heap        ] GC(147) ParOldGen: 1427169K(1443840K)->1443401K(1586688K)
[9.600s][info][gc,metaspace   ] GC(147) Metaspace: 6302K(6528K)->6302K(6528K) NonClass: 5769K(5888K)->5769K(5888K) Class: 533K(640K)->533K(640K)
[9.600s][info][gc             ] GC(147) Pause Full (Ergonomics) 1446M->1413M(1643M) 547.747ms
[9.600s][info][gc,cpu         ] GC(147) User=3.78s Sys=0.03s Real=0.55s
[9.624s][info][gc,start       ] GC(148) Pause Young (Allocation Failure)
[9.699s][info][gc,heap        ] GC(148) PSYoungGen: 26112K(95744K)->24672K(100352K) Eden: 22016K(22016K)->0K(22016K) From: 4096K(73728K)->24672K(78336K)
[9.699s][info][gc,heap        ] GC(148) ParOldGen: 1443401K(1586688K)->1445001K(1586688K)
[9.699s][info][gc,metaspace   ] GC(148) Metaspace: 6302K(6528K)->6302K(6528K) NonClass: 5769K(5888K)->5769K(5888K) Class: 533K(640K)->533K(640K)
[9.699s][info][gc             ] GC(148) Pause Young (Allocation Failure) 1435M->1435M(1647M) 74.929ms
[9.699s][info][gc,cpu         ] GC(148) User=0.39s Sys=0.00s Real=0.08s
[9.721s][info][gc,start       ] GC(149) Pause Young (Allocation Failure)
[9.750s][info][gc,heap        ] GC(149) PSYoungGen: 46688K(100352K)->46720K(99840K) Eden: 22016K(22016K)->0K(24064K) From: 24672K(78336K)->46720K(75776K)
[9.751s][info][gc,heap        ] GC(149) ParOldGen: 1445001K(1586688K)->1445001K(1586688K)
[9.751s][info][gc,metaspace   ] GC(149) Metaspace: 6302K(6528K)->6302K(6528K) NonClass: 5769K(5888K)->5769K(5888K) Class: 533K(640K)->533K(640K)
[9.751s][info][gc             ] GC(149) Pause Young (Allocation Failure) 1456M->1456M(1647M) 29.448ms
[9.751s][info][gc,cpu         ] GC(149) User=0.05s Sys=0.00s Real=0.03s
[9.774s][info][gc,start       ] GC(150) Pause Young (Allocation Failure)
[9.810s][info][gc,heap        ] GC(150) PSYoungGen: 70784K(99840K)->70816K(100352K) Eden: 24064K(24064K)->0K(24064K) From: 46720K(75776K)->70816K(76288K)
[9.810s][info][gc,heap        ] GC(150) ParOldGen: 1445001K(1586688K)->1445001K(1586688K)
[9.810s][info][gc,metaspace   ] GC(150) Metaspace: 6302K(6528K)->6302K(6528K) NonClass: 5769K(5888K)->5769K(5888K) Class: 533K(640K)->533K(640K)
[9.810s][info][gc             ] GC(150) Pause Young (Allocation Failure) 1480M->1480M(1647M) 35.973ms
[9.810s][info][gc,cpu         ] GC(150) User=0.16s Sys=0.00s Real=0.03s
[9.836s][info][gc,start       ] GC(151) Pause Young (Allocation Failure)
[9.881s][info][gc,heap        ] GC(151) PSYoungGen: 94880K(100352K)->85504K(96256K) Eden: 24064K(24064K)->0K(10752K) From: 70816K(76288K)->85504K(85504K)
[9.881s][info][gc,heap        ] GC(151) ParOldGen: 1445001K(1586688K)->1454401K(1586688K)
[9.881s][info][gc,metaspace   ] GC(151) Metaspace: 6302K(6528K)->6302K(6528K) NonClass: 5769K(5888K)->5769K(5888K) Class: 533K(640K)->533K(640K)
[9.881s][info][gc             ] GC(151) Pause Young (Allocation Failure) 1503M->1503M(1643M) 45.386ms
[9.881s][info][gc,cpu         ] GC(151) User=0.27s Sys=0.00s Real=0.05s
[9.892s][info][gc,start       ] GC(152) Pause Young (Allocation Failure)
[9.938s][info][gc,heap        ] GC(152) PSYoungGen: 96256K(96256K)->55776K(112128K) Eden: 10752K(10752K)->0K(10752K) From: 85504K(85504K)->55776K(101376K)
[9.938s][info][gc,heap        ] GC(152) ParOldGen: 1454401K(1586688K)->1495521K(1586688K)
[9.938s][info][gc,metaspace   ] GC(152) Metaspace: 6302K(6528K)->6302K(6528K) NonClass: 5769K(5888K)->5769K(5888K) Class: 533K(640K)->533K(640K)
[9.938s][info][gc             ] GC(152) Pause Young (Allocation Failure) 1514M->1514M(1659M) 45.448ms
[9.938s][info][gc,cpu         ] GC(152) User=0.23s Sys=0.03s Real=0.05s
[9.949s][info][gc,start       ] GC(153) Pause Young (Allocation Failure)
[9.983s][info][gc,heap        ] GC(153) PSYoungGen: 66528K(112128K)->21632K(110592K) Eden: 10752K(10752K)->0K(12800K) From: 55776K(101376K)->21632K(97792K)
[9.984s][info][gc,heap        ] GC(153) ParOldGen: 1495521K(1586688K)->1540905K(1586688K)
[9.984s][info][gc,metaspace   ] GC(153) Metaspace: 6302K(6528K)->6302K(6528K) NonClass: 5769K(5888K)->5769K(5888K) Class: 533K(640K)->533K(640K)
[9.984s][info][gc             ] GC(153) Pause Young (Allocation Failure) 1525M->1525M(1657M) 34.525ms
[9.984s][info][gc,cpu         ] GC(153) User=0.22s Sys=0.14s Real=0.03s
[9.984s][info][gc,start       ] GC(154) Pause Full (Ergonomics)
[9.984s][info][gc,phases,start] GC(154) Marking Phase
[10.331s][info][gc,phases      ] GC(154) Marking Phase 347.620ms
[10.331s][info][gc,phases,start] GC(154) Summary Phase
[10.331s][info][gc,phases      ] GC(154) Summary Phase 0.037ms
[10.331s][info][gc,phases,start] GC(154) Adjust Roots
[10.332s][info][gc,phases      ] GC(154) Adjust Roots 0.226ms
[10.332s][info][gc,phases,start] GC(154) Compaction Phase
[10.483s][info][gc,phases      ] GC(154) Compaction Phase 151.825ms
[10.483s][info][gc,phases,start] GC(154) Post Compact
[10.486s][info][gc,phases      ] GC(154) Post Compact 2.749ms
[10.487s][info][gc,heap        ] GC(154) PSYoungGen: 21632K(110592K)->0K(111616K) Eden: 0K(12800K)->0K(12800K) From: 21632K(97792K)->0K(98816K)
[10.487s][info][gc,heap        ] GC(154) ParOldGen: 1540905K(1586688K)->1560971K(1729536K)
[10.487s][info][gc,metaspace   ] GC(154) Metaspace: 6302K(6528K)->6302K(6528K) NonClass: 5769K(5888K)->5769K(5888K) Class: 533K(640K)->533K(640K)
[10.487s][info][gc             ] GC(154) Pause Full (Ergonomics) 1525M->1524M(1798M) 503.304ms
[10.487s][info][gc,cpu         ] GC(154) User=3.34s Sys=0.03s Real=0.50s
[10.501s][info][gc,start       ] GC(155) Pause Young (Allocation Failure)
[10.519s][info][gc,heap        ] GC(155) PSYoungGen: 12800K(111616K)->12896K(111616K) Eden: 12800K(12800K)->0K(14336K) From: 0K(98816K)->12896K(97280K)
[10.519s][info][gc,heap        ] GC(155) ParOldGen: 1560971K(1729536K)->1560971K(1729536K)
[10.519s][info][gc,metaspace   ] GC(155) Metaspace: 6302K(6528K)->6302K(6528K) NonClass: 5769K(5888K)->5769K(5888K) Class: 533K(640K)->533K(640K)
[10.519s][info][gc             ] GC(155) Pause Young (Allocation Failure) 1536M->1536M(1798M) 18.216ms
[10.519s][info][gc,cpu         ] GC(155) User=0.02s Sys=0.00s Real=0.02s
[10.534s][info][gc,start       ] GC(156) Pause Young (Allocation Failure)
[10.557s][info][gc,heap        ] GC(156) PSYoungGen: 27232K(111616K)->27264K(41984K) Eden: 14336K(14336K)->0K(14336K) From: 12896K(97280K)->27264K(27648K)
[10.557s][info][gc,heap        ] GC(156) ParOldGen: 1560971K(1729536K)->1560971K(1729536K)
[10.557s][info][gc,metaspace   ] GC(156) Metaspace: 6302K(6528K)->6302K(6528K) NonClass: 5769K(5888K)->5769K(5888K) Class: 533K(640K)->533K(640K)
[10.557s][info][gc             ] GC(156) Pause Young (Allocation Failure) 1550M->1551M(1730M) 23.117ms
[10.557s][info][gc,cpu         ] GC(156) User=0.02s Sys=0.00s Real=0.02s
[10.572s][info][gc,start       ] GC(157) Pause Young (Allocation Failure)
[10.599s][info][gc,heap        ] GC(157) PSYoungGen: 41600K(41984K)->28832K(102912K) Eden: 14336K(14336K)->0K(16384K) From: 27264K(27648K)->28832K(86528K)
[10.600s][info][gc,heap        ] GC(157) ParOldGen: 1560971K(1729536K)->1573939K(1729536K)
[10.600s][info][gc,metaspace   ] GC(157) Metaspace: 6302K(6528K)->6302K(6528K) NonClass: 5769K(5888K)->5769K(5888K) Class: 533K(640K)->533K(640K)
[10.600s][info][gc             ] GC(157) Pause Young (Allocation Failure) 1565M->1565M(1789M) 27.948ms
[10.600s][info][gc,cpu         ] GC(157) User=0.03s Sys=0.02s Real=0.03s
[10.615s][info][gc,start       ] GC(158) Pause Young (Allocation Failure)
[10.644s][info][gc,heap        ] GC(158) PSYoungGen: 45216K(102912K)->30848K(47616K) Eden: 16384K(16384K)->0K(16384K) From: 28832K(86528K)->30848K(31232K)
[10.644s][info][gc,heap        ] GC(158) ParOldGen: 1573939K(1729536K)->1588475K(1729536K)
[10.644s][info][gc,metaspace   ] GC(158) Metaspace: 6302K(6528K)->6302K(6528K) NonClass: 5769K(5888K)->5769K(5888K) Class: 533K(640K)->533K(640K)
[10.644s][info][gc             ] GC(158) Pause Young (Allocation Failure) 1581M->1581M(1735M) 29.045ms
[10.644s][info][gc,cpu         ] GC(158) User=0.03s Sys=0.00s Real=0.03s
[10.662s][info][gc,start       ] GC(159) Pause Young (Allocation Failure)
[10.691s][info][gc,heap        ] GC(159) PSYoungGen: 47232K(47616K)->32896K(97280K) Eden: 16384K(16384K)->0K(18944K) From: 30848K(31232K)->32896K(78336K)
[10.691s][info][gc,heap        ] GC(159) ParOldGen: 1588475K(1729536K)->1602995K(1729536K)
[10.691s][info][gc,metaspace   ] GC(159) Metaspace: 6302K(6528K)->6302K(6528K) NonClass: 5769K(5888K)->5769K(5888K) Class: 533K(640K)->533K(640K)
[10.691s][info][gc             ] GC(159) Pause Young (Allocation Failure) 1597M->1597M(1784M) 29.716ms
[10.691s][info][gc,cpu         ] GC(159) User=0.03s Sys=0.00s Real=0.03s
[10.710s][info][gc,start       ] GC(160) Pause Young (Allocation Failure)
[10.741s][info][gc,heap        ] GC(160) PSYoungGen: 51840K(97280K)->35520K(54784K) Eden: 18944K(18944K)->0K(18944K) From: 32896K(78336K)->35520K(35840K)
[10.741s][info][gc,heap        ] GC(160) ParOldGen: 1602995K(1729536K)->1619603K(1729536K)
[10.741s][info][gc,metaspace   ] GC(160) Metaspace: 6302K(6528K)->6302K(6528K) NonClass: 5769K(5888K)->5769K(5888K) Class: 533K(640K)->533K(640K)
[10.741s][info][gc             ] GC(160) Pause Young (Allocation Failure) 1616M->1616M(1742M) 31.300ms
[10.741s][info][gc,cpu         ] GC(160) User=0.05s Sys=0.00s Real=0.03s
[10.760s][info][gc,start       ] GC(161) Pause Young (Allocation Failure)
[10.792s][info][gc,heap        ] GC(161) PSYoungGen: 54464K(54784K)->19104K(97280K) Eden: 18944K(18944K)->0K(21504K) From: 35520K(35840K)->19104K(75776K)
[10.792s][info][gc,heap        ] GC(161) ParOldGen: 1619603K(1729536K)->1655387K(1729536K)
[10.792s][info][gc,metaspace   ] GC(161) Metaspace: 6302K(6528K)->6302K(6528K) NonClass: 5769K(5888K)->5769K(5888K) Class: 533K(640K)->533K(640K)
[10.792s][info][gc             ] GC(161) Pause Young (Allocation Failure) 1634M->1635M(1784M) 31.525ms
[10.792s][info][gc,cpu         ] GC(161) User=0.14s Sys=0.00s Real=0.03s
[10.814s][info][gc,start       ] GC(162) Pause Young (Allocation Failure)
[10.842s][info][gc,heap        ] GC(162) PSYoungGen: 40608K(97280K)->21664K(98304K) Eden: 21504K(21504K)->0K(21504K) From: 19104K(75776K)->21664K(76800K)
[10.842s][info][gc,heap        ] GC(162) ParOldGen: 1655387K(1729536K)->1674579K(1729536K)
[10.842s][info][gc,metaspace   ] GC(162) Metaspace: 6302K(6528K)->6302K(6528K) NonClass: 5769K(5888K)->5769K(5888K) Class: 533K(640K)->533K(640K)
[10.842s][info][gc             ] GC(162) Pause Young (Allocation Failure) 1656M->1656M(1785M) 28.318ms
[10.842s][info][gc,cpu         ] GC(162) User=0.05s Sys=0.00s Real=0.03s
[10.864s][info][gc,start       ] GC(163) Pause Young (Allocation Failure)
[10.893s][info][gc,heap        ] GC(163) PSYoungGen: 43168K(98304K)->21664K(95232K) Eden: 21504K(21504K)->0K(24576K) From: 21664K(76800K)->21664K(70656K)
[10.893s][info][gc,heap        ] GC(163) ParOldGen: 1674579K(1729536K)->1696371K(1729536K)
[10.893s][info][gc,metaspace   ] GC(163) Metaspace: 6302K(6528K)->6302K(6528K) NonClass: 5769K(5888K)->5769K(5888K) Class: 533K(640K)->533K(640K)
[10.893s][info][gc             ] GC(163) Pause Young (Allocation Failure) 1677M->1677M(1782M) 29.016ms
[10.893s][info][gc,cpu         ] GC(163) User=0.05s Sys=0.00s Real=0.03s
[10.893s][info][gc,start       ] GC(164) Pause Full (Ergonomics)
[10.893s][info][gc,phases,start] GC(164) Marking Phase
[11.287s][info][gc,phases      ] GC(164) Marking Phase 393.411ms
[11.287s][info][gc,phases,start] GC(164) Summary Phase
[11.287s][info][gc,phases      ] GC(164) Summary Phase 0.040ms
[11.287s][info][gc,phases,start] GC(164) Adjust Roots
[11.287s][info][gc,phases      ] GC(164) Adjust Roots 0.166ms
[11.287s][info][gc,phases,start] GC(164) Compaction Phase
[11.457s][info][gc,phases      ] GC(164) Compaction Phase 170.174ms
[11.457s][info][gc,phases,start] GC(164) Post Compact
[11.460s][info][gc,phases      ] GC(164) Post Compact 3.021ms
[11.461s][info][gc,heap        ] GC(164) PSYoungGen: 21664K(95232K)->0K(97280K) Eden: 0K(24576K)->0K(24576K) From: 21664K(70656K)->0K(72704K)
[11.461s][info][gc,heap        ] GC(164) ParOldGen: 1696371K(1729536K)->1715842K(1889280K)
[11.461s][info][gc,metaspace   ] GC(164) Metaspace: 6302K(6528K)->6302K(6528K) NonClass: 5769K(5888K)->5769K(5888K) Class: 533K(640K)->533K(640K)
[11.461s][info][gc             ] GC(164) Pause Full (Ergonomics) 1677M->1675M(1940M) 567.711ms
[11.461s][info][gc,cpu         ] GC(164) User=3.91s Sys=0.03s Real=0.57s
[11.489s][info][gc,start       ] GC(165) Pause Young (Allocation Failure)
[11.514s][info][gc,heap        ] GC(165) PSYoungGen: 24576K(97280K)->24736K(94208K) Eden: 24576K(24576K)->0K(27136K) From: 0K(72704K)->24736K(67072K)
[11.514s][info][gc,heap        ] GC(165) ParOldGen: 1715842K(1889280K)->1715842K(1889280K)
[11.514s][info][gc,metaspace   ] GC(165) Metaspace: 6302K(6528K)->6302K(6528K) NonClass: 5769K(5888K)->5769K(5888K) Class: 533K(640K)->533K(640K)
[11.514s][info][gc             ] GC(165) Pause Young (Allocation Failure) 1699M->1699M(1937M) 25.176ms
[11.514s][info][gc,cpu         ] GC(165) User=0.03s Sys=0.00s Real=0.02s
[11.543s][info][gc,start       ] GC(166) Pause Young (Allocation Failure)
[11.576s][info][gc,heap        ] GC(166) PSYoungGen: 51872K(94208K)->51904K(97280K) Eden: 27136K(27136K)->0K(27136K) From: 24736K(67072K)->51904K(70144K)
[11.576s][info][gc,heap        ] GC(166) ParOldGen: 1715842K(1889280K)->1715842K(1889280K)
[11.576s][info][gc,metaspace   ] GC(166) Metaspace: 6302K(6528K)->6302K(6528K) NonClass: 5769K(5888K)->5769K(5888K) Class: 533K(640K)->533K(640K)
[11.576s][info][gc             ] GC(166) Pause Young (Allocation Failure) 1726M->1726M(1940M) 32.432ms
[11.576s][info][gc,cpu         ] GC(166) User=0.06s Sys=0.00s Real=0.03s
[11.605s][info][gc,start       ] GC(167) Pause Young (Allocation Failure)
[11.647s][info][gc,heap        ] GC(167) PSYoungGen: 79040K(97280K)->73728K(91136K) Eden: 27136K(27136K)->0K(17408K) From: 51904K(70144K)->73728K(73728K)
[11.647s][info][gc,heap        ] GC(167) ParOldGen: 1715842K(1889280K)->1721154K(1889280K)
[11.647s][info][gc,metaspace   ] GC(167) Metaspace: 6302K(6528K)->6302K(6528K) NonClass: 5769K(5888K)->5769K(5888K) Class: 533K(640K)->533K(640K)
[11.647s][info][gc             ] GC(167) Pause Young (Allocation Failure) 1752M->1752M(1934M) 41.803ms
[11.647s][info][gc,cpu         ] GC(167) User=0.34s Sys=0.02s Real=0.04s
[11.666s][info][gc,start       ] GC(168) Pause Young (Allocation Failure)
[11.711s][info][gc,heap        ] GC(168) PSYoungGen: 91136K(91136K)->43264K(60928K) Eden: 17408K(17408K)->0K(17408K) From: 73728K(73728K)->43264K(43520K)
[11.711s][info][gc,heap        ] GC(168) ParOldGen: 1721154K(1889280K)->1769778K(1889280K)
[11.711s][info][gc,metaspace   ] GC(168) Metaspace: 6302K(6528K)->6302K(6528K) NonClass: 5769K(5888K)->5769K(5888K) Class: 533K(640K)->533K(640K)
[11.711s][info][gc             ] GC(168) Pause Young (Allocation Failure) 1769M->1770M(1904M) 44.701ms
[11.711s][info][gc,cpu         ] GC(168) User=0.22s Sys=0.05s Real=0.04s
[11.728s][info][gc,start       ] GC(169) Pause Young (Allocation Failure)
[11.761s][info][gc,heap        ] GC(169) PSYoungGen: 60672K(60928K)->34944K(96768K) Eden: 17408K(17408K)->0K(19968K) From: 43264K(43520K)->34944K(76800K)
[11.761s][info][gc,heap        ] GC(169) ParOldGen: 1769778K(1889280K)->1795810K(1889280K)
[11.762s][info][gc,metaspace   ] GC(169) Metaspace: 6302K(6528K)->6302K(6528K) NonClass: 5769K(5888K)->5769K(5888K) Class: 533K(640K)->533K(640K)
[11.762s][info][gc             ] GC(169) Pause Young (Allocation Failure) 1787M->1787M(1939M) 33.653ms
[11.762s][info][gc,cpu         ] GC(169) User=0.16s Sys=0.00s Real=0.03s
[11.782s][info][gc,start       ] GC(170) Pause Young (Allocation Failure)
[11.814s][info][gc,heap        ] GC(170) PSYoungGen: 54912K(96768K)->37536K(57856K) Eden: 19968K(19968K)->0K(19968K) From: 34944K(76800K)->37536K(37888K)
[11.814s][info][gc,heap        ] GC(170) ParOldGen: 1795810K(1889280K)->1813474K(1889280K)
[11.814s][info][gc,metaspace   ] GC(170) Metaspace: 6302K(6528K)->6302K(6528K) NonClass: 5769K(5888K)->5769K(5888K) Class: 533K(640K)->533K(640K)
[11.814s][info][gc             ] GC(170) Pause Young (Allocation Failure) 1807M->1807M(1901M) 32.219ms
[11.814s][info][gc,cpu         ] GC(170) User=0.12s Sys=0.02s Real=0.03s
[11.836s][info][gc,start       ] GC(171) Pause Young (Allocation Failure)
[11.871s][info][gc,heap        ] GC(171) PSYoungGen: 57504K(57856K)->40064K(92160K) Eden: 19968K(19968K)->0K(22528K) From: 37536K(37888K)->40064K(69632K)
[11.871s][info][gc,heap        ] GC(171) ParOldGen: 1813474K(1889280K)->1831114K(1889280K)
[11.871s][info][gc,metaspace   ] GC(171) Metaspace: 6302K(6528K)->6302K(6528K) NonClass: 5769K(5888K)->5769K(5888K) Class: 533K(640K)->533K(640K)
[11.871s][info][gc             ] GC(171) Pause Young (Allocation Failure) 1827M->1827M(1935M) 35.088ms
[11.871s][info][gc,cpu         ] GC(171) User=0.06s Sys=0.00s Real=0.04s
[11.896s][info][gc,start       ] GC(172) Pause Young (Allocation Failure)
[11.933s][info][gc,heap        ] GC(172) PSYoungGen: 62592K(92160K)->42656K(95232K) Eden: 22528K(22528K)->0K(22528K) From: 40064K(69632K)->42656K(72704K)
[11.933s][info][gc,heap        ] GC(172) ParOldGen: 1831114K(1889280K)->1851346K(1889280K)
[11.933s][info][gc,metaspace   ] GC(172) Metaspace: 6302K(6528K)->6302K(6528K) NonClass: 5769K(5888K)->5769K(5888K) Class: 533K(640K)->533K(640K)
[11.933s][info][gc             ] GC(172) Pause Young (Allocation Failure) 1849M->1849M(1938M) 36.599ms
[11.933s][info][gc,cpu         ] GC(172) User=0.12s Sys=0.02s Real=0.04s
[11.933s][info][gc,start       ] GC(173) Pause Full (Ergonomics)
[11.933s][info][gc,phases,start] GC(173) Marking Phase
[12.356s][info][gc,phases      ] GC(173) Marking Phase 423.378ms
[12.356s][info][gc,phases,start] GC(173) Summary Phase
[12.356s][info][gc,phases      ] GC(173) Summary Phase 0.038ms
[12.356s][info][gc,phases,start] GC(173) Adjust Roots
[12.356s][info][gc,phases      ] GC(173) Adjust Roots 0.177ms
[12.357s][info][gc,phases,start] GC(173) Compaction Phase
[12.539s][info][gc,phases      ] GC(173) Compaction Phase 182.051ms
[12.539s][info][gc,phases,start] GC(173) Post Compact
[12.542s][info][gc,phases      ] GC(173) Post Compact 3.621ms
[12.543s][info][gc,heap        ] GC(173) PSYoungGen: 42656K(95232K)->2578K(95232K) Eden: 0K(22528K)->0K(22528K) From: 42656K(72704K)->2578K(72704K)
[12.543s][info][gc,heap        ] GC(173) ParOldGen: 1851346K(1889280K)->1889142K(2077184K)
[12.543s][info][gc,metaspace   ] GC(173) Metaspace: 6302K(6528K)->6302K(6528K) NonClass: 5769K(5888K)->5769K(5888K) Class: 533K(640K)->533K(640K)
[12.543s][info][gc             ] GC(173) Pause Full (Ergonomics) 1849M->1847M(2121M) 610.246ms
[12.543s][info][gc,cpu         ] GC(173) User=4.38s Sys=0.02s Real=0.61s
[12.572s][info][gc,start       ] GC(174) Pause Young (Allocation Failure)
[12.666s][info][gc,heap        ] GC(174) PSYoungGen: 25106K(95232K)->24992K(93696K) Eden: 22528K(22528K)->0K(25088K) From: 2578K(72704K)->24992K(68608K)
[12.666s][info][gc,heap        ] GC(174) ParOldGen: 1889142K(2077184K)->1889422K(2077184K)
[12.666s][info][gc,metaspace   ] GC(174) Metaspace: 6302K(6528K)->6302K(6528K) NonClass: 5769K(5888K)->5769K(5888K) Class: 533K(640K)->533K(640K)
[12.666s][info][gc             ] GC(174) Pause Young (Allocation Failure) 1869M->1869M(2120M) 94.025ms
[12.666s][info][gc,cpu         ] GC(174) User=0.55s Sys=0.00s Real=0.09s
[12.695s][info][gc,start       ] GC(175) Pause Young (Allocation Failure)
[12.729s][info][gc,heap        ] GC(175) PSYoungGen: 50080K(93696K)->50144K(95232K) Eden: 25088K(25088K)->0K(25088K) From: 24992K(68608K)->50144K(70144K)
[12.729s][info][gc,heap        ] GC(175) ParOldGen: 1889422K(2077184K)->1889422K(2077184K)
[12.729s][info][gc,metaspace   ] GC(175) Metaspace: 6302K(6528K)->6302K(6528K) NonClass: 5769K(5888K)->5769K(5888K) Class: 533K(640K)->533K(640K)
[12.729s][info][gc             ] GC(175) Pause Young (Allocation Failure) 1894M->1894M(2121M) 34.646ms
[12.729s][info][gc,cpu         ] GC(175) User=0.14s Sys=0.00s Real=0.03s
[12.758s][info][gc,start       ] GC(176) Pause Young (Allocation Failure)
[12.798s][info][gc,heap        ] GC(176) PSYoungGen: 75232K(95232K)->71680K(89088K) Eden: 25088K(25088K)->0K(17408K) From: 50144K(70144K)->71680K(71680K)
[12.798s][info][gc,heap        ] GC(176) ParOldGen: 1889422K(2077184K)->1892902K(2077184K)
[12.798s][info][gc,metaspace   ] GC(176) Metaspace: 6302K(6528K)->6302K(6528K) NonClass: 5769K(5888K)->5769K(5888K) Class: 533K(640K)->533K(640K)
[12.798s][info][gc             ] GC(176) Pause Young (Allocation Failure) 1918M->1918M(2115M) 40.387ms
[12.798s][info][gc,cpu         ] GC(176) User=0.17s Sys=0.00s Real=0.04s
[12.818s][info][gc,start       ] GC(177) Pause Young (Allocation Failure)
[12.863s][info][gc,heap        ] GC(177) PSYoungGen: 89088K(89088K)->65600K(99328K) Eden: 17408K(17408K)->0K(17408K) From: 71680K(71680K)->65600K(81920K)
[12.863s][info][gc,heap        ] GC(177) ParOldGen: 1892902K(2077184K)->1916798K(2077184K)
[12.863s][info][gc,metaspace   ] GC(177) Metaspace: 6302K(6528K)->6302K(6528K) NonClass: 5769K(5888K)->5769K(5888K) Class: 533K(640K)->533K(640K)
[12.863s][info][gc             ] GC(177) Pause Young (Allocation Failure) 1935M->1935M(2125M) 44.851ms
[12.863s][info][gc,cpu         ] GC(177) User=0.27s Sys=0.00s Real=0.05s
[12.885s][info][gc,start       ] GC(178) Pause Young (Allocation Failure)
[12.928s][info][gc,heap        ] GC(178) PSYoungGen: 83008K(99328K)->59680K(104448K) Eden: 17408K(17408K)->0K(17920K) From: 65600K(81920K)->59680K(86528K)
[12.928s][info][gc,heap        ] GC(178) ParOldGen: 1916798K(2077184K)->1940478K(2077184K)
[12.928s][info][gc,metaspace   ] GC(178) Metaspace: 6302K(6528K)->6302K(6528K) NonClass: 5769K(5888K)->5769K(5888K) Class: 533K(640K)->533K(640K)
[12.928s][info][gc             ] GC(178) Pause Young (Allocation Failure) 1952M->1953M(2130M) 43.159ms
[12.928s][info][gc,cpu         ] GC(178) User=0.27s Sys=0.00s Real=0.04s
[12.952s][info][gc,start       ] GC(179) Pause Young (Allocation Failure)
[12.994s][info][gc,heap        ] GC(179) PSYoungGen: 77600K(104448K)->52864K(105984K) Eden: 17920K(17920K)->0K(17920K) From: 59680K(86528K)->52864K(88064K)
[12.994s][info][gc,heap        ] GC(179) ParOldGen: 1940478K(2077184K)->1965494K(2077184K)
[12.994s][info][gc,metaspace   ] GC(179) Metaspace: 6302K(6528K)->6302K(6528K) NonClass: 5769K(5888K)->5769K(5888K) Class: 533K(640K)->533K(640K)
[12.994s][info][gc             ] GC(179) Pause Young (Allocation Failure) 1970M->1971M(2132M) 42.146ms
[12.994s][info][gc,cpu         ] GC(179) User=0.20s Sys=0.03s Real=0.04s
[13.017s][info][gc,start       ] GC(180) Pause Young (Allocation Failure)
[13.057s][info][gc,heap        ] GC(180) PSYoungGen: 70784K(105984K)->53408K(104448K) Eden: 17920K(17920K)->0K(20480K) From: 52864K(88064K)->53408K(83968K)
[13.057s][info][gc,heap        ] GC(180) ParOldGen: 1965494K(2077184K)->1983150K(2077184K)
[13.057s][info][gc,metaspace   ] GC(180) Metaspace: 6302K(6528K)->6302K(6528K) NonClass: 5769K(5888K)->5769K(5888K) Class: 533K(640K)->533K(640K)
[13.057s][info][gc             ] GC(180) Pause Young (Allocation Failure) 1988M->1988M(2130M) 40.457ms
[13.057s][info][gc,cpu         ] GC(180) User=0.17s Sys=0.03s Real=0.04s
[13.078s][info][gc,start       ] GC(181) Pause Young (Allocation Failure)
[13.119s][info][gc,heap        ] GC(181) PSYoungGen: 73888K(104448K)->56512K(105472K) Eden: 20480K(20480K)->0K(20480K) From: 53408K(83968K)->56512K(84992K)
[13.119s][info][gc,heap        ] GC(181) ParOldGen: 1983150K(2077184K)->2000806K(2077184K)
[13.119s][info][gc,metaspace   ] GC(181) Metaspace: 6302K(6528K)->6302K(6528K) NonClass: 5769K(5888K)->5769K(5888K) Class: 533K(640K)->533K(640K)
[13.119s][info][gc             ] GC(181) Pause Young (Allocation Failure) 2008M->2009M(2131M) 40.844ms
[13.119s][info][gc,cpu         ] GC(181) User=0.22s Sys=0.03s Real=0.04s
[13.141s][info][gc,start       ] GC(182) Pause Young (Allocation Failure)
[13.183s][info][gc,heap        ] GC(182) PSYoungGen: 76992K(105472K)->41120K(103424K) Eden: 20480K(20480K)->0K(23552K) From: 56512K(84992K)->41120K(79872K)
[13.183s][info][gc,heap        ] GC(182) ParOldGen: 2000806K(2077184K)->2037134K(2077184K)
[13.183s][info][gc,metaspace   ] GC(182) Metaspace: 6302K(6528K)->6302K(6528K) NonClass: 5769K(5888K)->5769K(5888K) Class: 533K(640K)->533K(640K)
[13.183s][info][gc             ] GC(182) Pause Young (Allocation Failure) 2029M->2029M(2129M) 42.846ms
[13.184s][info][gc,cpu         ] GC(182) User=0.25s Sys=0.00s Real=0.04s
[13.184s][info][gc,start       ] GC(183) Pause Full (Ergonomics)
[13.184s][info][gc,phases,start] GC(183) Marking Phase
[13.661s][info][gc,phases      ] GC(183) Marking Phase 477.546ms
[13.661s][info][gc,phases,start] GC(183) Summary Phase
[13.661s][info][gc,phases      ] GC(183) Summary Phase 0.051ms
[13.661s][info][gc,phases,start] GC(183) Adjust Roots
[13.661s][info][gc,phases      ] GC(183) Adjust Roots 0.167ms
[13.661s][info][gc,phases,start] GC(183) Compaction Phase
[13.850s][info][gc,phases      ] GC(183) Compaction Phase 188.790ms
[13.850s][info][gc,phases,start] GC(183) Post Compact
[13.854s][info][gc,phases      ] GC(183) Post Compact 3.819ms
[13.855s][info][gc,heap        ] GC(183) PSYoungGen: 41120K(103424K)->0K(105472K) Eden: 0K(23552K)->0K(23552K) From: 41120K(79872K)->0K(81920K)
[13.855s][info][gc,heap        ] GC(183) ParOldGen: 2037134K(2077184K)->2075746K(2283008K)
[13.855s][info][gc,metaspace   ] GC(183) Metaspace: 6302K(6528K)->6302K(6528K) NonClass: 5769K(5888K)->5769K(5888K) Class: 533K(640K)->533K(640K)
[13.855s][info][gc             ] GC(183) Pause Full (Ergonomics) 2029M->2027M(2332M) 671.423ms
[13.855s][info][gc,cpu         ] GC(183) User=4.91s Sys=0.00s Real=0.67s
[13.881s][info][gc,start       ] GC(184) Pause Young (Allocation Failure)
[13.903s][info][gc,heap        ] GC(184) PSYoungGen: 23552K(105472K)->23744K(108032K) Eden: 23552K(23552K)->0K(26112K) From: 0K(81920K)->23744K(81920K)
[13.904s][info][gc,heap        ] GC(184) ParOldGen: 2075746K(2283008K)->2075746K(2283008K)
[13.904s][info][gc,metaspace   ] GC(184) Metaspace: 6302K(6528K)->6302K(6528K) NonClass: 5769K(5888K)->5769K(5888K) Class: 533K(640K)->533K(640K)
[13.904s][info][gc             ] GC(184) Pause Young (Allocation Failure) 2050M->2050M(2335M) 22.385ms
[13.904s][info][gc,cpu         ] GC(184) User=0.05s Sys=0.00s Real=0.02s
[13.931s][info][gc,start       ] GC(185) Pause Young (Allocation Failure)
[13.963s][info][gc,heap        ] GC(185) PSYoungGen: 49856K(108032K)->49824K(109056K) Eden: 26112K(26112K)->0K(26112K) From: 23744K(81920K)->49824K(82944K)
[13.963s][info][gc,heap        ] GC(185) ParOldGen: 2075746K(2283008K)->2075746K(2283008K)
[13.963s][info][gc,metaspace   ] GC(185) Metaspace: 6302K(6528K)->6302K(6528K) NonClass: 5769K(5888K)->5769K(5888K) Class: 533K(640K)->533K(640K)
[13.963s][info][gc             ] GC(185) Pause Young (Allocation Failure) 2075M->2075M(2336M) 31.965ms
[13.963s][info][gc,cpu         ] GC(185) User=0.05s Sys=0.00s Real=0.03s
[13.989s][info][gc,start       ] GC(186) Pause Young (Allocation Failure)
[14.029s][info][gc,heap        ] GC(186) PSYoungGen: 75936K(109056K)->52416K(108032K) Eden: 26112K(26112K)->0K(29184K) From: 49824K(82944K)->52416K(78848K)
[14.029s][info][gc,heap        ] GC(186) ParOldGen: 2075746K(2283008K)->2099626K(2283008K)
[14.029s][info][gc,metaspace   ] GC(186) Metaspace: 6302K(6528K)->6302K(6528K) NonClass: 5769K(5888K)->5769K(5888K) Class: 533K(640K)->533K(640K)
[14.029s][info][gc             ] GC(186) Pause Young (Allocation Failure) 2101M->2101M(2335M) 39.782ms
[14.029s][info][gc,cpu         ] GC(186) User=0.25s Sys=0.02s Real=0.04s
[14.062s][info][gc,start       ] GC(187) Pause Young (Allocation Failure)
[14.108s][info][gc,heap        ] GC(187) PSYoungGen: 81600K(108032K)->55456K(109056K) Eden: 29184K(29184K)->0K(29184K) From: 52416K(78848K)->55456K(79872K)
[14.108s][info][gc,heap        ] GC(187) ParOldGen: 2099626K(2283008K)->2126122K(2283008K)
[14.108s][info][gc,metaspace   ] GC(187) Metaspace: 6302K(6528K)->6302K(6528K) NonClass: 5769K(5888K)->5769K(5888K) Class: 533K(640K)->533K(640K)
[14.108s][info][gc             ] GC(187) Pause Young (Allocation Failure) 2130M->2130M(2336M) 45.738ms
[14.108s][info][gc,cpu         ] GC(187) User=0.23s Sys=0.02s Real=0.05s
[14.143s][info][gc,start       ] GC(188) Pause Young (Allocation Failure)
[14.189s][info][gc,heap        ] GC(188) PSYoungGen: 84640K(109056K)->58560K(111616K) Eden: 29184K(29184K)->0K(31744K) From: 55456K(79872K)->58560K(79872K)
[14.189s][info][gc,heap        ] GC(188) ParOldGen: 2126122K(2283008K)->2152578K(2283008K)
[14.189s][info][gc,metaspace   ] GC(188) Metaspace: 6302K(6528K)->6302K(6528K) NonClass: 5769K(5888K)->5769K(5888K) Class: 533K(640K)->533K(640K)
[14.189s][info][gc             ] GC(188) Pause Young (Allocation Failure) 2158M->2159M(2338M) 45.945ms
[14.189s][info][gc,cpu         ] GC(188) User=0.27s Sys=0.00s Real=0.05s
[14.230s][info][gc,start       ] GC(189) Pause Young (Allocation Failure)
[14.282s][info][gc,heap        ] GC(189) PSYoungGen: 90304K(111616K)->61152K(112640K) Eden: 31744K(31744K)->0K(31744K) From: 58560K(79872K)->61152K(80896K)
[14.282s][info][gc,heap        ] GC(189) ParOldGen: 2152578K(2283008K)->2182178K(2283008K)
[14.282s][info][gc,metaspace   ] GC(189) Metaspace: 6302K(6528K)->6302K(6528K) NonClass: 5769K(5888K)->5769K(5888K) Class: 533K(640K)->533K(640K)
[14.282s][info][gc             ] GC(189) Pause Young (Allocation Failure) 2190M->2190M(2339M) 51.987ms
[14.282s][info][gc,cpu         ] GC(189) User=0.44s Sys=0.03s Real=0.05s
[14.320s][info][gc,start       ] GC(190) Pause Young (Allocation Failure)
[14.374s][info][gc,heap        ] GC(190) PSYoungGen: 92896K(112640K)->63712K(115712K) Eden: 31744K(31744K)->0K(33792K) From: 61152K(80896K)->63712K(81920K)
[14.374s][info][gc,heap        ] GC(190) ParOldGen: 2182178K(2283008K)->2211786K(2283008K)
[14.374s][info][gc,metaspace   ] GC(190) Metaspace: 6302K(6528K)->6302K(6528K) NonClass: 5769K(5888K)->5769K(5888K) Class: 533K(640K)->533K(640K)
[14.374s][info][gc             ] GC(190) Pause Young (Allocation Failure) 2221M->2222M(2342M) 54.490ms
[14.374s][info][gc,cpu         ] GC(190) User=0.31s Sys=0.03s Real=0.06s
[14.413s][info][gc,start       ] GC(191) Pause Young (Allocation Failure)
[14.468s][info][gc,heap        ] GC(191) PSYoungGen: 97504K(115712K)->65792K(117760K) Eden: 33792K(33792K)->0K(33792K) From: 63712K(81920K)->65792K(83968K)
[14.468s][info][gc,heap        ] GC(191) ParOldGen: 2211786K(2283008K)->2243994K(2283008K)
[14.468s][info][gc,metaspace   ] GC(191) Metaspace: 6302K(6528K)->6302K(6528K) NonClass: 5769K(5888K)->5769K(5888K) Class: 533K(640K)->533K(640K)
[14.468s][info][gc             ] GC(191) Pause Young (Allocation Failure) 2255M->2255M(2344M) 55.215ms
[14.468s][info][gc,cpu         ] GC(191) User=0.36s Sys=0.00s Real=0.06s
[14.469s][info][gc,start       ] GC(192) Pause Full (Ergonomics)
[14.469s][info][gc,phases,start] GC(192) Marking Phase
[14.995s][info][gc,phases      ] GC(192) Marking Phase 526.673ms
[14.995s][info][gc,phases,start] GC(192) Summary Phase
[14.995s][info][gc,phases      ] GC(192) Summary Phase 0.042ms
[14.995s][info][gc,phases,start] GC(192) Adjust Roots
[14.996s][info][gc,phases      ] GC(192) Adjust Roots 0.205ms
[14.996s][info][gc,phases,start] GC(192) Compaction Phase
[15.209s][info][gc,phases      ] GC(192) Compaction Phase 213.755ms
[15.209s][info][gc,phases,start] GC(192) Post Compact
[15.214s][info][gc,phases      ] GC(192) Post Compact 4.666ms
[15.215s][info][gc,heap        ] GC(192) PSYoungGen: 65792K(117760K)->24099K(117760K) Eden: 0K(33792K)->0K(33792K) From: 65792K(83968K)->24099K(83968K)
[15.215s][info][gc,heap        ] GC(192) ParOldGen: 2243994K(2283008K)->2282827K(2512384K)
[15.215s][info][gc,metaspace   ] GC(192) Metaspace: 6302K(6528K)->6302K(6528K) NonClass: 5769K(5888K)->5769K(5888K) Class: 533K(640K)->533K(640K)
[15.215s][info][gc             ] GC(192) Pause Full (Ergonomics) 2255M->2252M(2568M) 746.698ms
[15.215s][info][gc,cpu         ] GC(192) User=5.38s Sys=0.05s Real=0.75s
[15.255s][info][gc,start       ] GC(193) Pause Young (Allocation Failure)
[15.384s][info][gc,heap        ] GC(193) PSYoungGen: 57891K(117760K)->46944K(118272K) Eden: 33792K(33792K)->0K(37376K) From: 24099K(83968K)->46944K(80896K)
[15.384s][info][gc,heap        ] GC(193) ParOldGen: 2282827K(2512384K)->2294187K(2512384K)
[15.384s][info][gc,metaspace   ] GC(193) Metaspace: 6302K(6528K)->6302K(6528K) NonClass: 5769K(5888K)->5769K(5888K) Class: 533K(640K)->533K(640K)
[15.384s][info][gc             ] GC(193) Pause Young (Allocation Failure) 2285M->2286M(2569M) 128.901ms
[15.384s][info][gc,cpu         ] GC(193) User=0.78s Sys=0.00s Real=0.13s
[15.432s][info][gc,start       ] GC(194) Pause Young (Allocation Failure)
[15.480s][info][gc,heap        ] GC(194) PSYoungGen: 84320K(118272K)->83968K(121344K) Eden: 37376K(37376K)->0K(37376K) From: 46944K(80896K)->83968K(83968K)
[15.480s][info][gc,heap        ] GC(194) ParOldGen: 2294187K(2512384K)->2294459K(2512384K)
[15.480s][info][gc,metaspace   ] GC(194) Metaspace: 6302K(6528K)->6302K(6528K) NonClass: 5769K(5888K)->5769K(5888K) Class: 533K(640K)->533K(640K)
[15.480s][info][gc             ] GC(194) Pause Young (Allocation Failure) 2322M->2322M(2572M) 47.713ms
[15.480s][info][gc,cpu         ] GC(194) User=0.25s Sys=0.00s Real=0.05s
[15.527s][info][gc,start       ] GC(195) Pause Young (Allocation Failure)
[15.592s][info][gc,heap        ] GC(195) PSYoungGen: 121344K(121344K)->74848K(130560K) Eden: 37376K(37376K)->0K(37888K) From: 83968K(83968K)->74848K(92672K)
[15.592s][info][gc,heap        ] GC(195) ParOldGen: 2294459K(2512384K)->2341451K(2512384K)
[15.592s][info][gc,metaspace   ] GC(195) Metaspace: 6302K(6528K)->6302K(6528K) NonClass: 5769K(5888K)->5769K(5888K) Class: 533K(640K)->533K(640K)
[15.592s][info][gc             ] GC(195) Pause Young (Allocation Failure) 2359M->2359M(2581M) 64.362ms
[15.592s][info][gc,cpu         ] GC(195) User=0.44s Sys=0.06s Real=0.07s
[15.641s][info][gc,start       ] GC(196) Pause Young (Allocation Failure)
[15.700s][info][gc,heap        ] GC(196) PSYoungGen: 112736K(130560K)->96256K(134144K) Eden: 37888K(37888K)->0K(37888K) From: 74848K(92672K)->96256K(96256K)
[15.700s][info][gc,heap        ] GC(196) ParOldGen: 2341451K(2512384K)->2357971K(2512384K)
[15.700s][info][gc,metaspace   ] GC(196) Metaspace: 6302K(6528K)->6302K(6528K) NonClass: 5769K(5888K)->5769K(5888K) Class: 533K(640K)->533K(640K)
[15.700s][info][gc             ] GC(196) Pause Young (Allocation Failure) 2396M->2396M(2584M) 59.701ms
[15.700s][info][gc,cpu         ] GC(196) User=0.38s Sys=0.00s Real=0.06s
[15.751s][info][gc,start       ] GC(197) Pause Young (Allocation Failure)
[15.824s][info][gc,heap        ] GC(197) PSYoungGen: 134144K(134144K)->69504K(150528K) Eden: 37888K(37888K)->0K(41984K) From: 96256K(96256K)->69504K(108544K)
[15.824s][info][gc,heap        ] GC(197) ParOldGen: 2357971K(2512384K)->2423331K(2512384K)
[15.824s][info][gc,metaspace   ] GC(197) Metaspace: 6302K(6528K)->6302K(6528K) NonClass: 5769K(5888K)->5769K(5888K) Class: 533K(640K)->533K(640K)
[15.824s][info][gc             ] GC(197) Pause Young (Allocation Failure) 2433M->2434M(2600M) 73.838ms
[15.824s][info][gc,cpu         ] GC(197) User=0.48s Sys=0.02s Real=0.07s
[15.878s][info][gc,start       ] GC(198) Pause Young (Allocation Failure)
[15.938s][info][gc,heap        ] GC(198) PSYoungGen: 111488K(150528K)->80096K(152576K) Eden: 41984K(41984K)->0K(41984K) From: 69504K(108544K)->80096K(110592K)
[15.938s][info][gc,heap        ] GC(198) ParOldGen: 2423331K(2512384K)->2454971K(2512384K)
[15.938s][info][gc,metaspace   ] GC(198) Metaspace: 6302K(6528K)->6302K(6528K) NonClass: 5769K(5888K)->5769K(5888K) Class: 533K(640K)->533K(640K)
[15.938s][info][gc             ] GC(198) Pause Young (Allocation Failure) 2475M->2475M(2602M) 60.125ms
[15.938s][info][gc,cpu         ] GC(198) User=0.36s Sys=0.02s Real=0.06s
[15.938s][info][gc,start       ] GC(199) Pause Full (Ergonomics)
[15.938s][info][gc,phases,start] GC(199) Marking Phase
[16.494s][info][gc,phases      ] GC(199) Marking Phase 555.974ms
[16.494s][info][gc,phases,start] GC(199) Summary Phase
[16.494s][info][gc,phases      ] GC(199) Summary Phase 0.040ms
[16.494s][info][gc,phases,start] GC(199) Adjust Roots
[16.495s][info][gc,phases      ] GC(199) Adjust Roots 0.202ms
[16.495s][info][gc,phases,start] GC(199) Compaction Phase
[16.710s][info][gc,phases      ] GC(199) Compaction Phase 215.641ms
[16.710s][info][gc,phases,start] GC(199) Post Compact
[16.715s][info][gc,phases      ] GC(199) Post Compact 4.761ms
[16.716s][info][gc,heap        ] GC(199) PSYoungGen: 80096K(152576K)->21044K(152576K) Eden: 0K(41984K)->0K(41984K) From: 80096K(110592K)->21044K(110592K)
[16.716s][info][gc,heap        ] GC(199) ParOldGen: 2454971K(2512384K)->2511995K(2778112K)
[16.716s][info][gc,metaspace   ] GC(199) Metaspace: 6302K(6528K)->6302K(6528K) NonClass: 5769K(5888K)->5769K(5888K) Class: 533K(640K)->533K(640K)
[16.716s][info][gc             ] GC(199) Pause Full (Ergonomics) 2475M->2473M(2862M) 777.820ms
[16.716s][info][gc,cpu         ] GC(199) User=5.95s Sys=0.03s Real=0.78s
[16.769s][info][gc,start       ] GC(200) Pause Young (Allocation Failure)
[16.908s][info][gc,heap        ] GC(200) PSYoungGen: 63028K(152576K)->52384K(152576K) Eden: 41984K(41984K)->0K(46080K) From: 21044K(110592K)->52384K(106496K)
[16.908s][info][gc,heap        ] GC(200) ParOldGen: 2511995K(2778112K)->2522963K(2778112K)
[16.908s][info][gc,metaspace   ] GC(200) Metaspace: 6302K(6528K)->6302K(6528K) NonClass: 5769K(5888K)->5769K(5888K) Class: 533K(640K)->533K(640K)
[16.908s][info][gc             ] GC(200) Pause Young (Allocation Failure) 2514M->2514M(2862M) 138.842ms
[16.908s][info][gc,cpu         ] GC(200) User=0.81s Sys=0.06s Real=0.14s
[16.967s][info][gc,start       ] GC(201) Pause Young (Allocation Failure)
[17.023s][info][gc,heap        ] GC(201) PSYoungGen: 98464K(152576K)->98528K(155648K) Eden: 46080K(46080K)->0K(46080K) From: 52384K(106496K)->98528K(109568K)
[17.023s][info][gc,heap        ] GC(201) ParOldGen: 2522963K(2778112K)->2522963K(2778112K)
[17.023s][info][gc,metaspace   ] GC(201) Metaspace: 6302K(6528K)->6302K(6528K) NonClass: 5769K(5888K)->5769K(5888K) Class: 533K(640K)->533K(640K)
[17.023s][info][gc             ] GC(201) Pause Young (Allocation Failure) 2559M->2560M(2865M) 56.190ms
[17.023s][info][gc,cpu         ] GC(201) User=0.36s Sys=0.00s Real=0.06s
[17.083s][info][gc,start       ] GC(202) Pause Young (Allocation Failure)
[17.165s][info][gc,heap        ] GC(202) PSYoungGen: 144608K(155648K)->117760K(144896K) Eden: 46080K(46080K)->0K(27136K) From: 98528K(109568K)->117760K(117760K)
[17.165s][info][gc,heap        ] GC(202) ParOldGen: 2522963K(2778112K)->2549995K(2778112K)
[17.165s][info][gc,metaspace   ] GC(202) Metaspace: 6302K(6528K)->6302K(6528K) NonClass: 5769K(5888K)->5769K(5888K) Class: 533K(640K)->533K(640K)
[17.165s][info][gc             ] GC(202) Pause Young (Allocation Failure) 2605M->2605M(2854M) 82.445ms
[17.165s][info][gc,cpu         ] GC(202) User=0.48s Sys=0.05s Real=0.08s
[17.199s][info][gc,start       ] GC(203) Pause Young (Allocation Failure)
[17.274s][info][gc,heap        ] GC(203) PSYoungGen: 144896K(144896K)->103968K(168448K) Eden: 27136K(27136K)->0K(27136K) From: 117760K(117760K)->103968K(141312K)
[17.274s][info][gc,heap        ] GC(203) ParOldGen: 2549995K(2778112K)->2591427K(2778112K)
[17.274s][info][gc,metaspace   ] GC(203) Metaspace: 6302K(6528K)->6302K(6528K) NonClass: 5769K(5888K)->5769K(5888K) Class: 533K(640K)->533K(640K)
[17.274s][info][gc             ] GC(203) Pause Young (Allocation Failure) 2631M->2632M(2877M) 74.819ms
[17.274s][info][gc,cpu         ] GC(203) User=0.59s Sys=0.00s Real=0.07s
[17.306s][info][gc,start       ] GC(204) Pause Young (Allocation Failure)
[17.372s][info][gc,heap        ] GC(204) PSYoungGen: 131104K(168448K)->92544K(174592K) Eden: 27136K(27136K)->0K(30720K) From: 103968K(141312K)->92544K(143872K)
[17.372s][info][gc,heap        ] GC(204) ParOldGen: 2591427K(2778112K)->2630259K(2778112K)
[17.372s][info][gc,metaspace   ] GC(204) Metaspace: 6302K(6528K)->6302K(6528K) NonClass: 5769K(5888K)->5769K(5888K) Class: 533K(640K)->533K(640K)
[17.372s][info][gc             ] GC(204) Pause Young (Allocation Failure) 2658M->2658M(2883M) 66.954ms
[17.373s][info][gc,cpu         ] GC(204) User=0.34s Sys=0.05s Real=0.07s
[17.407s][info][gc,start       ] GC(205) Pause Young (Allocation Failure)
[17.474s][info][gc,heap        ] GC(205) PSYoungGen: 123264K(174592K)->85216K(116224K) Eden: 30720K(30720K)->0K(30720K) From: 92544K(143872K)->85216K(85504K)
[17.474s][info][gc,heap        ] GC(205) ParOldGen: 2630259K(2778112K)->2668667K(2778112K)
[17.474s][info][gc,metaspace   ] GC(205) Metaspace: 6302K(6528K)->6302K(6528K) NonClass: 5769K(5888K)->5769K(5888K) Class: 533K(640K)->533K(640K)
[17.474s][info][gc             ] GC(205) Pause Young (Allocation Failure) 2688M->2689M(2826M) 66.388ms
[17.474s][info][gc,cpu         ] GC(205) User=0.38s Sys=0.02s Real=0.07s
[17.511s][info][gc,start       ] GC(206) Pause Young (Allocation Failure)
[17.571s][info][gc,heap        ] GC(206) PSYoungGen: 115936K(116224K)->88768K(169472K) Eden: 30720K(30720K)->0K(34816K) From: 85216K(85504K)->88768K(134656K)
[17.571s][info][gc,heap        ] GC(206) ParOldGen: 2668667K(2778112K)->2696051K(2778112K)
[17.571s][info][gc,metaspace   ] GC(206) Metaspace: 6302K(6528K)->6302K(6528K) NonClass: 5769K(5888K)->5769K(5888K) Class: 533K(640K)->533K(640K)
[17.571s][info][gc             ] GC(206) Pause Young (Allocation Failure) 2719M->2719M(2878M) 60.849ms
[17.571s][info][gc,cpu         ] GC(206) User=0.39s Sys=0.00s Real=0.06s
[17.613s][info][gc,start       ] GC(207) Pause Young (Allocation Failure)
[17.680s][info][gc,heap        ] GC(207) PSYoungGen: 123584K(169472K)->65760K(172032K) Eden: 34816K(34816K)->0K(34816K) From: 88768K(134656K)->65760K(137216K)
[17.680s][info][gc,heap        ] GC(207) ParOldGen: 2696051K(2778112K)->2754387K(2778112K)
[17.680s][info][gc,metaspace   ] GC(207) Metaspace: 6302K(6528K)->6302K(6528K) NonClass: 5769K(5888K)->5769K(5888K) Class: 533K(640K)->533K(640K)
[17.680s][info][gc             ] GC(207) Pause Young (Allocation Failure) 2753M->2754M(2881M) 67.811ms
[17.680s][info][gc,cpu         ] GC(207) User=0.38s Sys=0.02s Real=0.07s
[17.681s][info][gc,start       ] GC(208) Pause Full (Ergonomics)
[17.681s][info][gc,phases,start] GC(208) Marking Phase
[18.328s][info][gc,phases      ] GC(208) Marking Phase 647.391ms
[18.328s][info][gc,phases,start] GC(208) Summary Phase
[18.328s][info][gc,phases      ] GC(208) Summary Phase 0.038ms
[18.328s][info][gc,phases,start] GC(208) Adjust Roots
[18.328s][info][gc,phases      ] GC(208) Adjust Roots 0.169ms
[18.328s][info][gc,phases,start] GC(208) Compaction Phase
[18.583s][info][gc,phases      ] GC(208) Compaction Phase 254.647ms
[18.583s][info][gc,phases,start] GC(208) Post Compact
[18.588s][info][gc,phases      ] GC(208) Post Compact 5.359ms
[18.589s][info][gc,heap        ] GC(208) PSYoungGen: 65760K(172032K)->39401K(172032K) Eden: 0K(34816K)->0K(34816K) From: 65760K(137216K)->39401K(137216K)
[18.589s][info][gc,heap        ] GC(208) ParOldGen: 2754387K(2778112K)->2778052K(3069952K)
[18.589s][info][gc,metaspace   ] GC(208) Metaspace: 6302K(6528K)->6302K(6528K) NonClass: 5769K(5888K)->5769K(5888K) Class: 533K(640K)->533K(640K)
[18.589s][info][gc             ] GC(208) Pause Full (Ergonomics) 2754M->2751M(3166M) 908.909ms
[18.589s][info][gc,cpu         ] GC(208) User=6.84s Sys=0.00s Real=0.91s
[19.133s][info][gc,start       ] GC(209) Pause Young (Allocation Failure)
[19.281s][info][gc,heap        ] GC(209) PSYoungGen: 74217K(172032K)->34976K(171520K) Eden: 34816K(34816K)->0K(37376K) From: 39401K(137216K)->34976K(134144K)
[19.281s][info][gc,heap        ] GC(209) ParOldGen: 2909124K(3069952K)->2948916K(3069952K)
[19.281s][info][gc,metaspace   ] GC(209) Metaspace: 6302K(6528K)->6302K(6528K) NonClass: 5769K(5888K)->5769K(5888K) Class: 533K(640K)->533K(640K)
[19.281s][info][gc             ] GC(209) Pause Young (Allocation Failure) 2913M->2913M(3165M) 148.691ms
[19.281s][info][gc,cpu         ] GC(209) User=0.83s Sys=0.03s Real=0.15s
[19.324s][info][gc,start       ] GC(210) Pause Young (Allocation Failure)
[19.380s][info][gc,heap        ] GC(210) PSYoungGen: 72352K(171520K)->72384K(110080K) Eden: 37376K(37376K)->0K(37376K) From: 34976K(134144K)->72384K(72704K)
[19.380s][info][gc,heap        ] GC(210) ParOldGen: 2948916K(3069952K)->2948916K(3069952K)
[19.380s][info][gc,metaspace   ] GC(210) Metaspace: 6302K(6528K)->6302K(6528K) NonClass: 5769K(5888K)->5769K(5888K) Class: 533K(640K)->533K(640K)
[19.380s][info][gc             ] GC(210) Pause Young (Allocation Failure) 2950M->2950M(3105M) 55.708ms
[19.380s][info][gc,cpu         ] GC(210) User=0.23s Sys=0.00s Real=0.06s
[19.422s][info][gc,start       ] GC(211) Pause Young (Allocation Failure)
[19.494s][info][gc,heap        ] GC(211) PSYoungGen: 109760K(110080K)->74944K(160768K) Eden: 37376K(37376K)->0K(41472K) From: 72384K(72704K)->74944K(119296K)
[19.494s][info][gc,heap        ] GC(211) ParOldGen: 2948916K(3069952K)->2984052K(3069952K)
[19.494s][info][gc,metaspace   ] GC(211) Metaspace: 6302K(6528K)->6302K(6528K) NonClass: 5769K(5888K)->5769K(5888K) Class: 533K(640K)->533K(640K)
[19.494s][info][gc             ] GC(211) Pause Young (Allocation Failure) 2986M->2987M(3155M) 72.064ms
[19.494s][info][gc,cpu         ] GC(211) User=0.20s Sys=0.00s Real=0.07s
[19.538s][info][gc,start       ] GC(212) Pause Young (Allocation Failure)
[19.607s][info][gc,heap        ] GC(212) PSYoungGen: 116416K(160768K)->79072K(166400K) Eden: 41472K(41472K)->0K(41472K) From: 74944K(119296K)->79072K(124928K)
[19.607s][info][gc,heap        ] GC(212) ParOldGen: 2984052K(3069952K)->3021756K(3069952K)
[19.607s][info][gc,metaspace   ] GC(212) Metaspace: 6302K(6528K)->6302K(6528K) NonClass: 5769K(5888K)->5769K(5888K) Class: 533K(640K)->533K(640K)
[19.607s][info][gc             ] GC(212) Pause Young (Allocation Failure) 3027M->3028M(3160M) 68.783ms
[19.607s][info][gc,cpu         ] GC(212) User=0.20s Sys=0.03s Real=0.07s
[19.607s][info][gc,start       ] GC(213) Pause Full (Ergonomics)
[19.607s][info][gc,phases,start] GC(213) Marking Phase
[20.296s][info][gc,phases      ] GC(213) Marking Phase 689.501ms
[20.296s][info][gc,phases,start] GC(213) Summary Phase
[20.297s][info][gc,phases      ] GC(213) Summary Phase 0.079ms
[20.297s][info][gc,phases,start] GC(213) Adjust Roots
[20.297s][info][gc,phases      ] GC(213) Adjust Roots 0.220ms
[20.297s][info][gc,phases,start] GC(213) Compaction Phase
[20.767s][info][gc,phases      ] GC(213) Compaction Phase 470.008ms
[20.767s][info][gc,phases,start] GC(213) Post Compact
[20.773s][info][gc,phases      ] GC(213) Post Compact 6.172ms
[20.774s][info][gc,heap        ] GC(213) PSYoungGen: 79072K(166400K)->0K(168448K) Eden: 0K(41472K)->0K(46592K) From: 79072K(124928K)->0K(121856K)
[20.774s][info][gc,heap        ] GC(213) ParOldGen: 3021756K(3069952K)->3033897K(3140608K)
[20.774s][info][gc,metaspace   ] GC(213) Metaspace: 6302K(6528K)->6302K(6528K) NonClass: 5769K(5888K)->5769K(5888K) Class: 533K(640K)->533K(640K)
[20.774s][info][gc             ] GC(213) Pause Full (Ergonomics) 3028M->2962M(3231M) 1166.695ms
[20.774s][info][gc,cpu         ] GC(213) User=8.00s Sys=0.02s Real=1.17s
[20.820s][info][gc,start       ] GC(214) Pause Young (Allocation Failure)
[20.865s][info][gc,heap        ] GC(214) PSYoungGen: 46592K(168448K)->46784K(168448K) Eden: 46592K(46592K)->0K(46592K) From: 0K(121856K)->46784K(121856K)
[20.865s][info][gc,heap        ] GC(214) ParOldGen: 3033897K(3140608K)->3033897K(3140608K)
[20.865s][info][gc,metaspace   ] GC(214) Metaspace: 6302K(6528K)->6302K(6528K) NonClass: 5769K(5888K)->5769K(5888K) Class: 533K(640K)->533K(640K)
[20.865s][info][gc             ] GC(214) Pause Young (Allocation Failure) 3008M->3008M(3231M) 45.067ms
[20.865s][info][gc,cpu         ] GC(214) User=0.05s Sys=0.00s Real=0.05s
[20.910s][info][gc,start       ] GC(215) Pause Young (Allocation Failure)
[20.965s][info][gc,heap        ] GC(215) PSYoungGen: 93376K(168448K)->93472K(169984K) Eden: 46592K(46592K)->0K(48128K) From: 46784K(121856K)->93472K(121856K)
[20.966s][info][gc,heap        ] GC(215) ParOldGen: 3033897K(3140608K)->3033897K(3140608K)
[20.966s][info][gc,metaspace   ] GC(215) Metaspace: 6302K(6528K)->6302K(6528K) NonClass: 5769K(5888K)->5769K(5888K) Class: 533K(640K)->533K(640K)
[20.966s][info][gc             ] GC(215) Pause Young (Allocation Failure) 3053M->3054M(3233M) 55.511ms
[20.966s][info][gc,cpu         ] GC(215) User=0.14s Sys=0.00s Real=0.06s
[21.014s][info][gc,start       ] GC(216) Pause Young (Allocation Failure)
[21.087s][info][gc,heap        ] GC(216) PSYoungGen: 141600K(169984K)->124928K(173056K) Eden: 48128K(48128K)->0K(48128K) From: 93472K(121856K)->124928K(124928K)
[21.087s][info][gc,heap        ] GC(216) ParOldGen: 3033897K(3140608K)->3050657K(3140608K)
[21.087s][info][gc,metaspace   ] GC(216) Metaspace: 6302K(6528K)->6302K(6528K) NonClass: 5769K(5888K)->5769K(5888K) Class: 533K(640K)->533K(640K)
[21.087s][info][gc             ] GC(216) Pause Young (Allocation Failure) 3101M->3101M(3236M) 73.053ms
[21.087s][info][gc,cpu         ] GC(216) User=0.19s Sys=0.00s Real=0.07s
[21.142s][info][gc,start       ] GC(217) Pause Young (Allocation Failure)
[21.225s][info][gc,heap        ] GC(217) PSYoungGen: 173056K(173056K)->136096K(184320K) Eden: 48128K(48128K)->0K(39424K) From: 124928K(124928K)->136096K(144896K)
[21.225s][info][gc,heap        ] GC(217) ParOldGen: 3050657K(3140608K)->3088137K(3140608K)
[21.225s][info][gc,metaspace   ] GC(217) Metaspace: 6302K(6528K)->6302K(6528K) NonClass: 5769K(5888K)->5769K(5888K) Class: 533K(640K)->533K(640K)
[21.225s][info][gc             ] GC(217) Pause Young (Allocation Failure) 3148M->3148M(3247M) 82.502ms
[21.225s][info][gc,cpu         ] GC(217) User=0.44s Sys=0.08s Real=0.08s
[21.225s][info][gc,start       ] GC(218) Pause Full (Ergonomics)
[21.225s][info][gc,phases,start] GC(218) Marking Phase
[21.938s][info][gc,phases      ] GC(218) Marking Phase 713.013ms
[21.938s][info][gc,phases,start] GC(218) Summary Phase
[21.938s][info][gc,phases      ] GC(218) Summary Phase 0.046ms
[21.938s][info][gc,phases,start] GC(218) Adjust Roots
[21.938s][info][gc,phases      ] GC(218) Adjust Roots 0.247ms
[21.938s][info][gc,phases,start] GC(218) Compaction Phase
[22.575s][info][gc,phases      ] GC(218) Compaction Phase 636.861ms
[22.575s][info][gc,phases,start] GC(218) Post Compact
[22.581s][info][gc,phases      ] GC(218) Post Compact 6.013ms
[22.581s][info][gc,heap        ] GC(218) PSYoungGen: 136096K(184320K)->82981K(184320K) Eden: 0K(39424K)->0K(39424K) From: 136096K(144896K)->82981K(144896K)
[22.581s][info][gc,heap        ] GC(218) ParOldGen: 3088137K(3140608K)->3140234K(3140608K)
[22.581s][info][gc,metaspace   ] GC(218) Metaspace: 6302K(6528K)->6302K(6528K) NonClass: 5769K(5888K)->5769K(5888K) Class: 533K(640K)->533K(640K)
[22.581s][info][gc             ] GC(218) Pause Full (Ergonomics) 3148M->3147M(3247M) 1356.596ms
[22.581s][info][gc,cpu         ] GC(218) User=9.73s Sys=0.05s Real=1.36s
[22.627s][info][gc,start       ] GC(219) Pause Full (Ergonomics)
[22.627s][info][gc,phases,start] GC(219) Marking Phase
[23.373s][info][gc,phases      ] GC(219) Marking Phase 746.444ms
[23.373s][info][gc,phases,start] GC(219) Summary Phase
[23.374s][info][gc,phases      ] GC(219) Summary Phase 0.043ms
[23.374s][info][gc,phases,start] GC(219) Adjust Roots
[23.374s][info][gc,phases      ] GC(219) Adjust Roots 0.212ms
[23.374s][info][gc,phases,start] GC(219) Compaction Phase
[23.634s][info][gc,phases      ] GC(219) Compaction Phase 260.472ms
[23.634s][info][gc,phases,start] GC(219) Post Compact
[23.640s][info][gc,phases      ] GC(219) Post Compact 6.171ms
[23.641s][info][gc,heap        ] GC(219) PSYoungGen: 122405K(184320K)->122375K(184320K) Eden: 39424K(39424K)->39393K(39424K) From: 82981K(144896K)->82981K(144896K)
[23.641s][info][gc,heap        ] GC(219) ParOldGen: 3140234K(3140608K)->3140234K(3140608K)
[23.641s][info][gc,metaspace   ] GC(219) Metaspace: 6302K(6528K)->6302K(6528K) NonClass: 5769K(5888K)->5769K(5888K) Class: 533K(640K)->533K(640K)
[23.641s][info][gc             ] GC(219) Pause Full (Ergonomics) 3186M->3186M(3247M) 1013.725ms
[23.641s][info][gc,cpu         ] GC(219) User=7.12s Sys=0.00s Real=1.02s
[23.641s][info][gc,start       ] GC(220) Pause Full (Ergonomics)
[23.641s][info][gc,phases,start] GC(220) Marking Phase
[24.400s][info][gc,phases      ] GC(220) Marking Phase 759.264ms
[24.400s][info][gc,phases,start] GC(220) Summary Phase
[24.400s][info][gc,phases      ] GC(220) Summary Phase 0.064ms
[24.400s][info][gc,phases,start] GC(220) Adjust Roots
[24.401s][info][gc,phases      ] GC(220) Adjust Roots 0.237ms
[24.401s][info][gc,phases,start] GC(220) Compaction Phase
[24.667s][info][gc,phases      ] GC(220) Compaction Phase 266.335ms
[24.667s][info][gc,phases,start] GC(220) Post Compact
[24.674s][info][gc,phases      ] GC(220) Post Compact 6.612ms
[24.674s][info][gc,heap        ] GC(220) PSYoungGen: 122405K(184320K)->122405K(184320K) Eden: 39424K(39424K)->39423K(39424K) From: 82981K(144896K)->82981K(144896K)
[24.674s][info][gc,heap        ] GC(220) ParOldGen: 3140234K(3140608K)->3140234K(3140608K)
[24.674s][info][gc,metaspace   ] GC(220) Metaspace: 6302K(6528K)->6302K(6528K) NonClass: 5769K(5888K)->5769K(5888K) Class: 533K(640K)->533K(640K)
[24.674s][info][gc             ] GC(220) Pause Full (Ergonomics) 3186M->3186M(3247M) 1032.916ms
[24.674s][info][gc,cpu         ] GC(220) User=7.48s Sys=0.00s Real=1.03s
[24.674s][info][gc,start       ] GC(221) Pause Full (Ergonomics)
[24.674s][info][gc,phases,start] GC(221) Marking Phase
[25.410s][info][gc,phases      ] GC(221) Marking Phase 735.858ms
[25.410s][info][gc,phases,start] GC(221) Summary Phase
[25.410s][info][gc,phases      ] GC(221) Summary Phase 0.043ms
[25.410s][info][gc,phases,start] GC(221) Adjust Roots
[25.410s][info][gc,phases      ] GC(221) Adjust Roots 0.186ms
[25.410s][info][gc,phases,start] GC(221) Compaction Phase
[25.660s][info][gc,phases      ] GC(221) Compaction Phase 249.939ms
[25.660s][info][gc,phases,start] GC(221) Post Compact
[25.667s][info][gc,phases      ] GC(221) Post Compact 6.853ms
[25.667s][info][gc,heap        ] GC(221) PSYoungGen: 122405K(184320K)->122405K(184320K) Eden: 39423K(39424K)->39423K(39424K) From: 82981K(144896K)->82981K(144896K)
[25.667s][info][gc,heap        ] GC(221) ParOldGen: 3140234K(3140608K)->3140234K(3140608K)
[25.667s][info][gc,metaspace   ] GC(221) Metaspace: 6302K(6528K)->6302K(6528K) NonClass: 5769K(5888K)->5769K(5888K) Class: 533K(640K)->533K(640K)
[25.667s][info][gc             ] GC(221) Pause Full (Ergonomics) 3186M->3186M(3247M) 993.226ms
[25.667s][info][gc,cpu         ] GC(221) User=7.09s Sys=0.00s Real=0.99s
[25.667s][info][gc,start       ] GC(222) Pause Full (Ergonomics)
[25.667s][info][gc,phases,start] GC(222) Marking Phase
[26.407s][info][gc,phases      ] GC(222) Marking Phase 739.329ms
[26.407s][info][gc,phases,start] GC(222) Summary Phase
[26.407s][info][gc,phases      ] GC(222) Summary Phase 0.076ms
[26.407s][info][gc,phases,start] GC(222) Adjust Roots
[26.407s][info][gc,phases      ] GC(222) Adjust Roots 0.294ms
[26.407s][info][gc,phases,start] GC(222) Compaction Phase
[26.668s][info][gc,phases      ] GC(222) Compaction Phase 260.252ms
[26.668s][info][gc,phases,start] GC(222) Post Compact
[26.675s][info][gc,phases      ] GC(222) Post Compact 7.642ms
[26.675s][info][gc,heap        ] GC(222) PSYoungGen: 122405K(184320K)->122405K(184320K) Eden: 39423K(39424K)->39423K(39424K) From: 82981K(144896K)->82981K(144896K)
[26.675s][info][gc,heap        ] GC(222) ParOldGen: 3140239K(3140608K)->3140239K(3140608K)
[26.675s][info][gc,metaspace   ] GC(222) Metaspace: 6302K(6528K)->6302K(6528K) NonClass: 5769K(5888K)->5769K(5888K) Class: 533K(640K)->533K(640K)
[26.675s][info][gc             ] GC(222) Pause Full (Ergonomics) 3186M->3186M(3247M) 1008.021ms
[26.675s][info][gc,cpu         ] GC(222) User=7.31s Sys=0.00s Real=1.01s
[26.676s][info][gc,start       ] GC(223) Pause Full (Ergonomics)
[26.676s][info][gc,phases,start] GC(223) Marking Phase
[27.422s][info][gc,phases      ] GC(223) Marking Phase 746.588ms
[27.422s][info][gc,phases,start] GC(223) Summary Phase
[27.422s][info][gc,phases      ] GC(223) Summary Phase 0.051ms
[27.422s][info][gc,phases,start] GC(223) Adjust Roots
[27.423s][info][gc,phases      ] GC(223) Adjust Roots 0.193ms
[27.423s][info][gc,phases,start] GC(223) Compaction Phase
[27.700s][info][gc,phases      ] GC(223) Compaction Phase 277.522ms
[27.700s][info][gc,phases,start] GC(223) Post Compact
[27.708s][info][gc,phases      ] GC(223) Post Compact 7.392ms
[27.708s][info][gc,heap        ] GC(223) PSYoungGen: 122405K(184320K)->122405K(184320K) Eden: 39423K(39424K)->39423K(39424K) From: 82981K(144896K)->82981K(144896K)
[27.708s][info][gc,heap        ] GC(223) ParOldGen: 3140244K(3140608K)->3140244K(3140608K)
[27.708s][info][gc,metaspace   ] GC(223) Metaspace: 6302K(6528K)->6302K(6528K) NonClass: 5769K(5888K)->5769K(5888K) Class: 533K(640K)->533K(640K)
[27.708s][info][gc             ] GC(223) Pause Full (Ergonomics) 3186M->3186M(3247M) 1032.106ms
[27.708s][info][gc,cpu         ] GC(223) User=7.30s Sys=0.00s Real=1.03s
[27.708s][info][gc,start       ] GC(224) Pause Full (Ergonomics)
[27.708s][info][gc,phases,start] GC(224) Marking Phase
[28.451s][info][gc,phases      ] GC(224) Marking Phase 742.765ms
[28.451s][info][gc,phases,start] GC(224) Summary Phase
[28.451s][info][gc,phases      ] GC(224) Summary Phase 0.058ms
[28.451s][info][gc,phases,start] GC(224) Adjust Roots
[28.451s][info][gc,phases      ] GC(224) Adjust Roots 0.265ms
[28.451s][info][gc,phases,start] GC(224) Compaction Phase
[28.729s][info][gc,phases      ] GC(224) Compaction Phase 277.437ms
[28.729s][info][gc,phases,start] GC(224) Post Compact
[28.736s][info][gc,phases      ] GC(224) Post Compact 7.071ms
[28.736s][info][gc,heap        ] GC(224) PSYoungGen: 122405K(184320K)->122405K(184320K) Eden: 39423K(39424K)->39423K(39424K) From: 82981K(144896K)->82981K(144896K)
[28.736s][info][gc,heap        ] GC(224) ParOldGen: 3140249K(3140608K)->3140249K(3140608K)
[28.736s][info][gc,metaspace   ] GC(224) Metaspace: 6302K(6528K)->6302K(6528K) NonClass: 5769K(5888K)->5769K(5888K) Class: 533K(640K)->533K(640K)
[28.736s][info][gc             ] GC(224) Pause Full (Ergonomics) 3186M->3186M(3247M) 1027.975ms
[28.736s][info][gc,cpu         ] GC(224) User=7.25s Sys=0.00s Real=1.03s
[28.736s][info][gc,start       ] GC(225) Pause Full (Ergonomics)
[28.736s][info][gc,phases,start] GC(225) Marking Phase
[29.459s][info][gc,phases      ] GC(225) Marking Phase 723.222ms
[29.460s][info][gc,phases,start] GC(225) Summary Phase
[29.460s][info][gc,phases      ] GC(225) Summary Phase 0.053ms
[29.460s][info][gc,phases,start] GC(225) Adjust Roots
[29.460s][info][gc,phases      ] GC(225) Adjust Roots 0.257ms
[29.460s][info][gc,phases,start] GC(225) Compaction Phase
[29.740s][info][gc,phases      ] GC(225) Compaction Phase 279.973ms
[29.740s][info][gc,phases,start] GC(225) Post Compact
[29.746s][info][gc,phases      ] GC(225) Post Compact 6.345ms
[29.746s][info][gc,heap        ] GC(225) PSYoungGen: 122405K(184320K)->122405K(184320K) Eden: 39423K(39424K)->39423K(39424K) From: 82981K(144896K)->82981K(144896K)
[29.746s][info][gc,heap        ] GC(225) ParOldGen: 3140254K(3140608K)->3140254K(3140608K)
[29.746s][info][gc,metaspace   ] GC(225) Metaspace: 6302K(6528K)->6302K(6528K) NonClass: 5769K(5888K)->5769K(5888K) Class: 533K(640K)->533K(640K)
[29.746s][info][gc             ] GC(225) Pause Full (Ergonomics) 3186M->3186M(3247M) 1010.212ms
[29.746s][info][gc,cpu         ] GC(225) User=7.17s Sys=0.00s Real=1.01s
[29.747s][info][gc,start       ] GC(226) Pause Full (Ergonomics)
[29.747s][info][gc,phases,start] GC(226) Marking Phase
[30.484s][info][gc,phases      ] GC(226) Marking Phase 737.095ms
[30.484s][info][gc,phases,start] GC(226) Summary Phase
[30.484s][info][gc,phases      ] GC(226) Summary Phase 0.044ms
[30.484s][info][gc,phases,start] GC(226) Adjust Roots
[30.484s][info][gc,phases      ] GC(226) Adjust Roots 0.187ms
[30.484s][info][gc,phases,start] GC(226) Compaction Phase
[30.746s][info][gc,phases      ] GC(226) Compaction Phase 262.168ms
[30.746s][info][gc,phases,start] GC(226) Post Compact
[30.753s][info][gc,phases      ] GC(226) Post Compact 6.567ms
[30.753s][info][gc,heap        ] GC(226) PSYoungGen: 122405K(184320K)->122405K(184320K) Eden: 39423K(39424K)->39423K(39424K) From: 82981K(144896K)->82981K(144896K)
[30.753s][info][gc,heap        ] GC(226) ParOldGen: 3140258K(3140608K)->3140258K(3140608K)
[30.753s][info][gc,metaspace   ] GC(226) Metaspace: 6302K(6528K)->6302K(6528K) NonClass: 5769K(5888K)->5769K(5888K) Class: 533K(640K)->533K(640K)
[30.753s][info][gc             ] GC(226) Pause Full (Ergonomics) 3186M->3186M(3247M) 1006.404ms
[30.753s][info][gc,cpu         ] GC(226) User=7.17s Sys=0.00s Real=1.01s
[30.753s][info][gc,start       ] GC(227) Pause Full (Ergonomics)
[30.753s][info][gc,phases,start] GC(227) Marking Phase
[31.495s][info][gc,phases      ] GC(227) Marking Phase 741.986ms
[31.495s][info][gc,phases,start] GC(227) Summary Phase
[31.495s][info][gc,phases      ] GC(227) Summary Phase 0.042ms
[31.495s][info][gc,phases,start] GC(227) Adjust Roots
[31.496s][info][gc,phases      ] GC(227) Adjust Roots 0.213ms
[31.496s][info][gc,phases,start] GC(227) Compaction Phase
[31.783s][info][gc,phases      ] GC(227) Compaction Phase 286.849ms
[31.783s][info][gc,phases,start] GC(227) Post Compact
[31.789s][info][gc,phases      ] GC(227) Post Compact 6.307ms
[31.789s][info][gc,heap        ] GC(227) PSYoungGen: 122405K(184320K)->122405K(184320K) Eden: 39423K(39424K)->39423K(39424K) From: 82981K(144896K)->82981K(144896K)
[31.789s][info][gc,heap        ] GC(227) ParOldGen: 3140263K(3140608K)->3140263K(3140608K)
[31.789s][info][gc,metaspace   ] GC(227) Metaspace: 6302K(6528K)->6302K(6528K) NonClass: 5769K(5888K)->5769K(5888K) Class: 533K(640K)->533K(640K)
[31.789s][info][gc             ] GC(227) Pause Full (Ergonomics) 3186M->3186M(3247M) 1035.767ms
[31.789s][info][gc,cpu         ] GC(227) User=7.38s Sys=0.02s Real=1.04s
[31.789s][info][gc,start       ] GC(228) Pause Full (Ergonomics)
[31.789s][info][gc,phases,start] GC(228) Marking Phase
[32.538s][info][gc,phases      ] GC(228) Marking Phase 749.190ms
[32.539s][info][gc,phases,start] GC(228) Summary Phase
[32.539s][info][gc,phases      ] GC(228) Summary Phase 0.045ms
[32.539s][info][gc,phases,start] GC(228) Adjust Roots
[32.539s][info][gc,phases      ] GC(228) Adjust Roots 0.216ms
[32.539s][info][gc,phases,start] GC(228) Compaction Phase
[32.815s][info][gc,phases      ] GC(228) Compaction Phase 276.476ms
[32.815s][info][gc,phases,start] GC(228) Post Compact
[32.823s][info][gc,phases      ] GC(228) Post Compact 7.294ms
[32.823s][info][gc,heap        ] GC(228) PSYoungGen: 122405K(184320K)->122405K(184320K) Eden: 39423K(39424K)->39423K(39424K) From: 82981K(144896K)->82981K(144896K)
[32.823s][info][gc,heap        ] GC(228) ParOldGen: 3140268K(3140608K)->3140268K(3140608K)
[32.823s][info][gc,metaspace   ] GC(228) Metaspace: 6302K(6528K)->6302K(6528K) NonClass: 5769K(5888K)->5769K(5888K) Class: 533K(640K)->533K(640K)
[32.823s][info][gc             ] GC(228) Pause Full (Ergonomics) 3186M->3186M(3247M) 1033.608ms
[32.823s][info][gc,cpu         ] GC(228) User=7.28s Sys=0.00s Real=1.03s
[32.823s][info][gc,start       ] GC(229) Pause Full (Ergonomics)
[32.823s][info][gc,phases,start] GC(229) Marking Phase
[33.569s][info][gc,phases      ] GC(229) Marking Phase 746.285ms
[33.569s][info][gc,phases,start] GC(229) Summary Phase
[33.570s][info][gc,phases      ] GC(229) Summary Phase 0.046ms
[33.570s][info][gc,phases,start] GC(229) Adjust Roots
[33.570s][info][gc,phases      ] GC(229) Adjust Roots 0.207ms
[33.570s][info][gc,phases,start] GC(229) Compaction Phase
[33.846s][info][gc,phases      ] GC(229) Compaction Phase 276.340ms
[33.846s][info][gc,phases,start] GC(229) Post Compact
[33.853s][info][gc,phases      ] GC(229) Post Compact 6.929ms
[33.853s][info][gc,heap        ] GC(229) PSYoungGen: 122405K(184320K)->122405K(184320K) Eden: 39423K(39424K)->39423K(39424K) From: 82981K(144896K)->82981K(144896K)
[33.853s][info][gc,heap        ] GC(229) ParOldGen: 3140273K(3140608K)->3140273K(3140608K)
[33.853s][info][gc,metaspace   ] GC(229) Metaspace: 6302K(6528K)->6302K(6528K) NonClass: 5769K(5888K)->5769K(5888K) Class: 533K(640K)->533K(640K)
[33.853s][info][gc             ] GC(229) Pause Full (Ergonomics) 3186M->3186M(3247M) 1030.165ms
[33.853s][info][gc,cpu         ] GC(229) User=7.52s Sys=0.00s Real=1.03s
[33.853s][info][gc,start       ] GC(230) Pause Full (Ergonomics)
[33.853s][info][gc,phases,start] GC(230) Marking Phase
[34.605s][info][gc,phases      ] GC(230) Marking Phase 751.987ms
[34.606s][info][gc,phases,start] GC(230) Summary Phase
[34.606s][info][gc,phases      ] GC(230) Summary Phase 0.074ms
[34.606s][info][gc,phases,start] GC(230) Adjust Roots
[34.606s][info][gc,phases      ] GC(230) Adjust Roots 0.259ms
[34.606s][info][gc,phases,start] GC(230) Compaction Phase
[34.877s][info][gc,phases      ] GC(230) Compaction Phase 271.512ms
[34.878s][info][gc,phases,start] GC(230) Post Compact
[34.884s][info][gc,phases      ] GC(230) Post Compact 6.158ms
[34.884s][info][gc,heap        ] GC(230) PSYoungGen: 122405K(184320K)->122405K(184320K) Eden: 39423K(39424K)->39423K(39424K) From: 82981K(144896K)->82981K(144896K)
[34.884s][info][gc,heap        ] GC(230) ParOldGen: 3140278K(3140608K)->3140278K(3140608K)
[34.884s][info][gc,metaspace   ] GC(230) Metaspace: 6302K(6528K)->6302K(6528K) NonClass: 5769K(5888K)->5769K(5888K) Class: 533K(640K)->533K(640K)
[34.884s][info][gc             ] GC(230) Pause Full (Ergonomics) 3186M->3186M(3247M) 1030.412ms
[34.884s][info][gc,cpu         ] GC(230) User=7.42s Sys=0.00s Real=1.03s
[34.884s][info][gc,start       ] GC(231) Pause Full (Ergonomics)
[34.884s][info][gc,phases,start] GC(231) Marking Phase
[35.638s][info][gc,phases      ] GC(231) Marking Phase 753.790ms
[35.638s][info][gc,phases,start] GC(231) Summary Phase
[35.638s][info][gc,phases      ] GC(231) Summary Phase 0.042ms
[35.638s][info][gc,phases,start] GC(231) Adjust Roots
[35.638s][info][gc,phases      ] GC(231) Adjust Roots 0.168ms
[35.638s][info][gc,phases,start] GC(231) Compaction Phase
[35.905s][info][gc,phases      ] GC(231) Compaction Phase 266.659ms
[35.905s][info][gc,phases,start] GC(231) Post Compact
[35.911s][info][gc,phases      ] GC(231) Post Compact 6.047ms
[35.911s][info][gc,heap        ] GC(231) PSYoungGen: 122405K(184320K)->122405K(184320K) Eden: 39423K(39424K)->39423K(39424K) From: 82981K(144896K)->82981K(144896K)
[35.911s][info][gc,heap        ] GC(231) ParOldGen: 3140283K(3140608K)->3140283K(3140608K)
[35.911s][info][gc,metaspace   ] GC(231) Metaspace: 6302K(6528K)->6302K(6528K) NonClass: 5769K(5888K)->5769K(5888K) Class: 533K(640K)->533K(640K)
[35.911s][info][gc             ] GC(231) Pause Full (Ergonomics) 3186M->3186M(3247M) 1027.064ms
[35.911s][info][gc,cpu         ] GC(231) User=7.38s Sys=0.00s Real=1.03s
[35.911s][info][gc,start       ] GC(232) Pause Full (Ergonomics)
[35.911s][info][gc,phases,start] GC(232) Marking Phase
[36.661s][info][gc,phases      ] GC(232) Marking Phase 750.046ms
[36.662s][info][gc,phases,start] GC(232) Summary Phase
[36.662s][info][gc,phases      ] GC(232) Summary Phase 0.053ms
[36.662s][info][gc,phases,start] GC(232) Adjust Roots
[36.662s][info][gc,phases      ] GC(232) Adjust Roots 0.287ms
[36.662s][info][gc,phases,start] GC(232) Compaction Phase
[36.930s][info][gc,phases      ] GC(232) Compaction Phase 267.930ms
[36.930s][info][gc,phases,start] GC(232) Post Compact
[36.936s][info][gc,phases      ] GC(232) Post Compact 6.379ms
[36.936s][info][gc,heap        ] GC(232) PSYoungGen: 122405K(184320K)->122405K(184320K) Eden: 39423K(39424K)->39423K(39424K) From: 82981K(144896K)->82981K(144896K)
[36.936s][info][gc,heap        ] GC(232) ParOldGen: 3140287K(3140608K)->3140287K(3140608K)
[36.936s][info][gc,metaspace   ] GC(232) Metaspace: 6302K(6528K)->6302K(6528K) NonClass: 5769K(5888K)->5769K(5888K) Class: 533K(640K)->533K(640K)
[36.936s][info][gc             ] GC(232) Pause Full (Ergonomics) 3186M->3186M(3247M) 1025.056ms
[36.936s][info][gc,cpu         ] GC(232) User=7.34s Sys=0.00s Real=1.03s
[36.937s][info][gc,start       ] GC(233) Pause Full (Ergonomics)
[36.937s][info][gc,phases,start] GC(233) Marking Phase
[37.689s][info][gc,phases      ] GC(233) Marking Phase 752.595ms
[37.689s][info][gc,phases,start] GC(233) Summary Phase
[37.689s][info][gc,phases      ] GC(233) Summary Phase 0.042ms
[37.689s][info][gc,phases,start] GC(233) Adjust Roots
[37.690s][info][gc,phases      ] GC(233) Adjust Roots 0.203ms
[37.690s][info][gc,phases,start] GC(233) Compaction Phase
[37.969s][info][gc,phases      ] GC(233) Compaction Phase 278.997ms
[37.969s][info][gc,phases,start] GC(233) Post Compact
[37.975s][info][gc,phases      ] GC(233) Post Compact 6.003ms
[37.975s][info][gc,heap        ] GC(233) PSYoungGen: 122405K(184320K)->122405K(184320K) Eden: 39423K(39424K)->39423K(39424K) From: 82981K(144896K)->82981K(144896K)
[37.975s][info][gc,heap        ] GC(233) ParOldGen: 3140292K(3140608K)->3140292K(3140608K)
[37.975s][info][gc,metaspace   ] GC(233) Metaspace: 6302K(6528K)->6302K(6528K) NonClass: 5769K(5888K)->5769K(5888K) Class: 533K(640K)->533K(640K)
[37.975s][info][gc             ] GC(233) Pause Full (Ergonomics) 3186M->3186M(3247M) 1038.188ms
[37.975s][info][gc,cpu         ] GC(233) User=7.27s Sys=0.00s Real=1.04s
[37.975s][info][gc,start       ] GC(234) Pause Full (Ergonomics)
[37.975s][info][gc,phases,start] GC(234) Marking Phase
[38.713s][info][gc,phases      ] GC(234) Marking Phase 737.533ms
[38.713s][info][gc,phases,start] GC(234) Summary Phase
[38.713s][info][gc,phases      ] GC(234) Summary Phase 0.043ms
[38.713s][info][gc,phases,start] GC(234) Adjust Roots
[38.713s][info][gc,phases      ] GC(234) Adjust Roots 0.218ms
[38.713s][info][gc,phases,start] GC(234) Compaction Phase
[38.977s][info][gc,phases      ] GC(234) Compaction Phase 264.387ms
[38.977s][info][gc,phases,start] GC(234) Post Compact
[38.984s][info][gc,phases      ] GC(234) Post Compact 6.682ms
[38.984s][info][gc,heap        ] GC(234) PSYoungGen: 122405K(184320K)->122405K(184320K) Eden: 39423K(39424K)->39423K(39424K) From: 82981K(144896K)->82981K(144896K)
[38.984s][info][gc,heap        ] GC(234) ParOldGen: 3140297K(3140608K)->3140297K(3140608K)
[38.984s][info][gc,metaspace   ] GC(234) Metaspace: 6302K(6528K)->6302K(6528K) NonClass: 5769K(5888K)->5769K(5888K) Class: 533K(640K)->533K(640K)
[38.984s][info][gc             ] GC(234) Pause Full (Ergonomics) 3186M->3186M(3247M) 1009.255ms
[38.984s][info][gc,cpu         ] GC(234) User=7.42s Sys=0.00s Real=1.01s
[38.985s][info][gc,start       ] GC(235) Pause Full (Ergonomics)
[38.985s][info][gc,phases,start] GC(235) Marking Phase
[39.729s][info][gc,phases      ] GC(235) Marking Phase 744.249ms
[39.729s][info][gc,phases,start] GC(235) Summary Phase
[39.729s][info][gc,phases      ] GC(235) Summary Phase 0.043ms
[39.729s][info][gc,phases,start] GC(235) Adjust Roots
[39.729s][info][gc,phases      ] GC(235) Adjust Roots 0.215ms
[39.729s][info][gc,phases,start] GC(235) Compaction Phase
[40.007s][info][gc,phases      ] GC(235) Compaction Phase 278.039ms
[40.007s][info][gc,phases,start] GC(235) Post Compact
[40.014s][info][gc,phases      ] GC(235) Post Compact 6.620ms
[40.014s][info][gc,heap        ] GC(235) PSYoungGen: 122405K(184320K)->122405K(184320K) Eden: 39423K(39424K)->39423K(39424K) From: 82981K(144896K)->82981K(144896K)
[40.014s][info][gc,heap        ] GC(235) ParOldGen: 3140302K(3140608K)->3140302K(3140608K)
[40.014s][info][gc,metaspace   ] GC(235) Metaspace: 6302K(6528K)->6302K(6528K) NonClass: 5769K(5888K)->5769K(5888K) Class: 533K(640K)->533K(640K)
[40.014s][info][gc             ] GC(235) Pause Full (Ergonomics) 3186M->3186M(3247M) 1029.548ms
[40.014s][info][gc,cpu         ] GC(235) User=7.38s Sys=0.00s Real=1.03s
[40.014s][info][gc,start       ] GC(236) Pause Full (Ergonomics)
[40.014s][info][gc,phases,start] GC(236) Marking Phase
[40.759s][info][gc,phases      ] GC(236) Marking Phase 744.736ms
[40.759s][info][gc,phases,start] GC(236) Summary Phase
[40.759s][info][gc,phases      ] GC(236) Summary Phase 0.050ms
[40.759s][info][gc,phases,start] GC(236) Adjust Roots
[40.760s][info][gc,phases      ] GC(236) Adjust Roots 0.204ms
[40.760s][info][gc,phases,start] GC(236) Compaction Phase
[41.027s][info][gc,phases      ] GC(236) Compaction Phase 267.711ms
[41.027s][info][gc,phases,start] GC(236) Post Compact
[41.034s][info][gc,phases      ] GC(236) Post Compact 6.550ms
[41.034s][info][gc,heap        ] GC(236) PSYoungGen: 122405K(184320K)->122405K(184320K) Eden: 39423K(39424K)->39423K(39424K) From: 82981K(144896K)->82981K(144896K)
[41.034s][info][gc,heap        ] GC(236) ParOldGen: 3140307K(3140608K)->3140307K(3140608K)
[41.034s][info][gc,metaspace   ] GC(236) Metaspace: 6302K(6528K)->6302K(6528K) NonClass: 5769K(5888K)->5769K(5888K) Class: 533K(640K)->533K(640K)
[41.034s][info][gc             ] GC(236) Pause Full (Ergonomics) 3186M->3186M(3247M) 1019.603ms
[41.034s][info][gc,cpu         ] GC(236) User=7.50s Sys=0.00s Real=1.02s
[41.034s][info][gc,start       ] GC(237) Pause Full (Ergonomics)
[41.034s][info][gc,phases,start] GC(237) Marking Phase
[41.816s][info][gc,phases      ] GC(237) Marking Phase 782.118ms
[41.816s][info][gc,phases,start] GC(237) Summary Phase
[41.816s][info][gc,phases      ] GC(237) Summary Phase 0.067ms
[41.817s][info][gc,phases,start] GC(237) Adjust Roots
[41.817s][info][gc,phases      ] GC(237) Adjust Roots 0.287ms
[41.817s][info][gc,phases,start] GC(237) Compaction Phase
[42.114s][info][gc,phases      ] GC(237) Compaction Phase 296.841ms
[42.114s][info][gc,phases,start] GC(237) Post Compact
[42.120s][info][gc,phases      ] GC(237) Post Compact 6.270ms
[42.120s][info][gc,heap        ] GC(237) PSYoungGen: 122405K(184320K)->122405K(184320K) Eden: 39423K(39424K)->39423K(39424K) From: 82981K(144896K)->82981K(144896K)
[42.120s][info][gc,heap        ] GC(237) ParOldGen: 3140312K(3140608K)->3140312K(3140608K)
[42.120s][info][gc,metaspace   ] GC(237) Metaspace: 6302K(6528K)->6302K(6528K) NonClass: 5769K(5888K)->5769K(5888K) Class: 533K(640K)->533K(640K)
[42.120s][info][gc             ] GC(237) Pause Full (Ergonomics) 3186M->3186M(3247M) 1085.971ms
[42.120s][info][gc,cpu         ] GC(237) User=7.38s Sys=0.00s Real=1.09s
[42.120s][info][gc,start       ] GC(238) Pause Full (Ergonomics)
[42.120s][info][gc,phases,start] GC(238) Marking Phase
[42.923s][info][gc,phases      ] GC(238) Marking Phase 802.586ms
[42.923s][info][gc,phases,start] GC(238) Summary Phase
[42.923s][info][gc,phases      ] GC(238) Summary Phase 0.086ms
[42.923s][info][gc,phases,start] GC(238) Adjust Roots
[42.923s][info][gc,phases      ] GC(238) Adjust Roots 0.297ms
[42.924s][info][gc,phases,start] GC(238) Compaction Phase
[43.290s][info][gc,phases      ] GC(238) Compaction Phase 366.567ms
[43.290s][info][gc,phases,start] GC(238) Post Compact
[43.296s][info][gc,phases      ] GC(238) Post Compact 6.014ms
[43.296s][info][gc,heap        ] GC(238) PSYoungGen: 122405K(184320K)->122405K(184320K) Eden: 39423K(39424K)->39423K(39424K) From: 82981K(144896K)->82981K(144896K)
[43.296s][info][gc,heap        ] GC(238) ParOldGen: 3140316K(3140608K)->3140316K(3140608K)
[43.296s][info][gc,metaspace   ] GC(238) Metaspace: 6302K(6528K)->6302K(6528K) NonClass: 5769K(5888K)->5769K(5888K) Class: 533K(640K)->533K(640K)
[43.296s][info][gc             ] GC(238) Pause Full (Ergonomics) 3186M->3186M(3247M) 1175.923ms
[43.296s][info][gc,cpu         ] GC(238) User=6.81s Sys=0.02s Real=1.18s
[43.296s][info][gc,start       ] GC(239) Pause Full (Ergonomics)
[43.296s][info][gc,phases,start] GC(239) Marking Phase
[44.099s][info][gc,phases      ] GC(239) Marking Phase 802.038ms
[44.099s][info][gc,phases,start] GC(239) Summary Phase
[44.099s][info][gc,phases      ] GC(239) Summary Phase 0.110ms
[44.099s][info][gc,phases,start] GC(239) Adjust Roots
[44.099s][info][gc,phases      ] GC(239) Adjust Roots 0.378ms
[44.099s][info][gc,phases,start] GC(239) Compaction Phase
[44.424s][info][gc,phases      ] GC(239) Compaction Phase 324.440ms
[44.424s][info][gc,phases,start] GC(239) Post Compact
[44.431s][info][gc,phases      ] GC(239) Post Compact 7.650ms
[44.432s][info][gc,heap        ] GC(239) PSYoungGen: 122405K(184320K)->122405K(184320K) Eden: 39423K(39424K)->39423K(39424K) From: 82981K(144896K)->82981K(144896K)
[44.432s][info][gc,heap        ] GC(239) ParOldGen: 3140321K(3140608K)->3140321K(3140608K)
[44.432s][info][gc,metaspace   ] GC(239) Metaspace: 6302K(6528K)->6302K(6528K) NonClass: 5769K(5888K)->5769K(5888K) Class: 533K(640K)->533K(640K)
[44.432s][info][gc             ] GC(239) Pause Full (Ergonomics) 3186M->3186M(3247M) 1135.232ms
[44.432s][info][gc,cpu         ] GC(239) User=7.44s Sys=0.02s Real=1.13s
[44.432s][info][gc,start       ] GC(240) Pause Full (Ergonomics)
[44.432s][info][gc,phases,start] GC(240) Marking Phase
[45.230s][info][gc,phases      ] GC(240) Marking Phase 797.747ms
[45.230s][info][gc,phases,start] GC(240) Summary Phase
[45.230s][info][gc,phases      ] GC(240) Summary Phase 0.057ms
[45.230s][info][gc,phases,start] GC(240) Adjust Roots
[45.230s][info][gc,phases      ] GC(240) Adjust Roots 0.256ms
[45.230s][info][gc,phases,start] GC(240) Compaction Phase
[45.534s][info][gc,phases      ] GC(240) Compaction Phase 303.828ms
[45.534s][info][gc,phases,start] GC(240) Post Compact
[45.540s][info][gc,phases      ] GC(240) Post Compact 6.414ms
[45.541s][info][gc,heap        ] GC(240) PSYoungGen: 122405K(184320K)->122405K(184320K) Eden: 39423K(39424K)->39423K(39424K) From: 82981K(144896K)->82981K(144896K)
[45.541s][info][gc,heap        ] GC(240) ParOldGen: 3140326K(3140608K)->3140326K(3140608K)
[45.541s][info][gc,metaspace   ] GC(240) Metaspace: 6302K(6528K)->6302K(6528K) NonClass: 5769K(5888K)->5769K(5888K) Class: 533K(640K)->533K(640K)
[45.541s][info][gc             ] GC(240) Pause Full (Ergonomics) 3186M->3186M(3247M) 1108.704ms
[45.541s][info][gc,cpu         ] GC(240) User=7.50s Sys=0.00s Real=1.11s
[45.541s][info][gc,start       ] GC(241) Pause Full (Ergonomics)
[45.541s][info][gc,phases,start] GC(241) Marking Phase
[46.310s][info][gc,phases      ] GC(241) Marking Phase 769.601ms
[46.311s][info][gc,phases,start] GC(241) Summary Phase
[46.311s][info][gc,phases      ] GC(241) Summary Phase 0.069ms
[46.311s][info][gc,phases,start] GC(241) Adjust Roots
[46.311s][info][gc,phases      ] GC(241) Adjust Roots 0.298ms
[46.311s][info][gc,phases,start] GC(241) Compaction Phase
[46.595s][info][gc,phases      ] GC(241) Compaction Phase 283.778ms
[46.595s][info][gc,phases,start] GC(241) Post Compact
[46.601s][info][gc,phases      ] GC(241) Post Compact 6.208ms
[46.601s][info][gc,heap        ] GC(241) PSYoungGen: 122405K(184320K)->122405K(184320K) Eden: 39423K(39424K)->39423K(39424K) From: 82981K(144896K)->82981K(144896K)
[46.601s][info][gc,heap        ] GC(241) ParOldGen: 3140331K(3140608K)->3140331K(3140608K)
[46.601s][info][gc,metaspace   ] GC(241) Metaspace: 6302K(6528K)->6302K(6528K) NonClass: 5769K(5888K)->5769K(5888K) Class: 533K(640K)->533K(640K)
[46.601s][info][gc             ] GC(241) Pause Full (Ergonomics) 3186M->3186M(3247M) 1060.387ms
[46.601s][info][gc,cpu         ] GC(241) User=7.59s Sys=0.00s Real=1.06s
[46.601s][info][gc,start       ] GC(242) Pause Full (Ergonomics)
[46.601s][info][gc,phases,start] GC(242) Marking Phase
[47.386s][info][gc,phases      ] GC(242) Marking Phase 784.742ms
[47.386s][info][gc,phases,start] GC(242) Summary Phase
[47.386s][info][gc,phases      ] GC(242) Summary Phase 0.062ms
[47.386s][info][gc,phases,start] GC(242) Adjust Roots
[47.387s][info][gc,phases      ] GC(242) Adjust Roots 0.256ms
[47.387s][info][gc,phases,start] GC(242) Compaction Phase
[47.653s][info][gc,phases      ] GC(242) Compaction Phase 266.386ms
[47.653s][info][gc,phases,start] GC(242) Post Compact
[47.659s][info][gc,phases      ] GC(242) Post Compact 6.361ms
[47.660s][info][gc,heap        ] GC(242) PSYoungGen: 122405K(184320K)->122405K(184320K) Eden: 39423K(39424K)->39423K(39424K) From: 82981K(144896K)->82981K(144896K)
[47.660s][info][gc,heap        ] GC(242) ParOldGen: 3140336K(3140608K)->3140336K(3140608K)
[47.660s][info][gc,metaspace   ] GC(242) Metaspace: 6302K(6528K)->6302K(6528K) NonClass: 5769K(5888K)->5769K(5888K) Class: 533K(640K)->533K(640K)
[47.660s][info][gc             ] GC(242) Pause Full (Ergonomics) 3186M->3186M(3247M) 1058.183ms
[47.660s][info][gc,cpu         ] GC(242) User=7.61s Sys=0.00s Real=1.06s
[47.660s][info][gc,start       ] GC(243) Pause Full (Ergonomics)
[47.660s][info][gc,phases,start] GC(243) Marking Phase
[48.433s][info][gc,phases      ] GC(243) Marking Phase 773.075ms
[48.433s][info][gc,phases,start] GC(243) Summary Phase
[48.433s][info][gc,phases      ] GC(243) Summary Phase 0.041ms
[48.433s][info][gc,phases,start] GC(243) Adjust Roots
[48.433s][info][gc,phases      ] GC(243) Adjust Roots 0.172ms
[48.433s][info][gc,phases,start] GC(243) Compaction Phase
[48.705s][info][gc,phases      ] GC(243) Compaction Phase 271.501ms
[48.705s][info][gc,phases,start] GC(243) Post Compact
[48.711s][info][gc,phases      ] GC(243) Post Compact 5.983ms
[48.711s][info][gc,heap        ] GC(243) PSYoungGen: 122405K(184320K)->122405K(184320K) Eden: 39423K(39424K)->39423K(39424K) From: 82981K(144896K)->82981K(144896K)
[48.711s][info][gc,heap        ] GC(243) ParOldGen: 3140341K(3140608K)->3140341K(3140608K)
[48.711s][info][gc,metaspace   ] GC(243) Metaspace: 6302K(6528K)->6302K(6528K) NonClass: 5769K(5888K)->5769K(5888K) Class: 533K(640K)->533K(640K)
[48.711s][info][gc             ] GC(243) Pause Full (Ergonomics) 3186M->3186M(3247M) 1051.117ms
[48.711s][info][gc,cpu         ] GC(243) User=7.73s Sys=0.00s Real=1.05s
[48.711s][info][gc,start       ] GC(244) Pause Full (Ergonomics)
[48.711s][info][gc,phases,start] GC(244) Marking Phase
[49.491s][info][gc,phases      ] GC(244) Marking Phase 779.631ms
[49.491s][info][gc,phases,start] GC(244) Summary Phase
[49.491s][info][gc,phases      ] GC(244) Summary Phase 0.061ms
[49.491s][info][gc,phases,start] GC(244) Adjust Roots
[49.491s][info][gc,phases      ] GC(244) Adjust Roots 0.192ms
[49.491s][info][gc,phases,start] GC(244) Compaction Phase
[49.767s][info][gc,phases      ] GC(244) Compaction Phase 276.023ms
[49.767s][info][gc,phases,start] GC(244) Post Compact
[49.773s][info][gc,phases      ] GC(244) Post Compact 5.865ms
[49.773s][info][gc,heap        ] GC(244) PSYoungGen: 122405K(184320K)->122405K(184320K) Eden: 39423K(39424K)->39423K(39424K) From: 82981K(144896K)->82981K(144896K)
[49.773s][info][gc,heap        ] GC(244) ParOldGen: 3140345K(3140608K)->3140345K(3140608K)
[49.773s][info][gc,metaspace   ] GC(244) Metaspace: 6302K(6528K)->6302K(6528K) NonClass: 5769K(5888K)->5769K(5888K) Class: 533K(640K)->533K(640K)
[49.773s][info][gc             ] GC(244) Pause Full (Ergonomics) 3186M->3186M(3247M) 1062.124ms
[49.773s][info][gc,cpu         ] GC(244) User=7.53s Sys=0.03s Real=1.06s
[49.774s][info][gc,start       ] GC(245) Pause Full (Ergonomics)
[49.774s][info][gc,phases,start] GC(245) Marking Phase
[50.549s][info][gc,phases      ] GC(245) Marking Phase 775.516ms
[50.549s][info][gc,phases,start] GC(245) Summary Phase
[50.549s][info][gc,phases      ] GC(245) Summary Phase 0.046ms
[50.549s][info][gc,phases,start] GC(245) Adjust Roots
[50.549s][info][gc,phases      ] GC(245) Adjust Roots 0.207ms
[50.549s][info][gc,phases,start] GC(245) Compaction Phase
[50.864s][info][gc,phases      ] GC(245) Compaction Phase 314.715ms
[50.864s][info][gc,phases,start] GC(245) Post Compact
[50.870s][info][gc,phases      ] GC(245) Post Compact 5.987ms
[50.870s][info][gc,heap        ] GC(245) PSYoungGen: 122405K(184320K)->122405K(184320K) Eden: 39423K(39424K)->39423K(39424K) From: 82981K(144896K)->82981K(144896K)
[50.870s][info][gc,heap        ] GC(245) ParOldGen: 3140350K(3140608K)->3140350K(3140608K)
[50.870s][info][gc,metaspace   ] GC(245) Metaspace: 6302K(6528K)->6302K(6528K) NonClass: 5769K(5888K)->5769K(5888K) Class: 533K(640K)->533K(640K)
[50.870s][info][gc             ] GC(245) Pause Full (Ergonomics) 3186M->3186M(3247M) 1096.855ms
[50.870s][info][gc,cpu         ] GC(245) User=7.61s Sys=0.00s Real=1.10s
[50.871s][info][gc,start       ] GC(246) Pause Full (Ergonomics)
[50.871s][info][gc,phases,start] GC(246) Marking Phase
[51.659s][info][gc,phases      ] GC(246) Marking Phase 788.842ms
[51.660s][info][gc,phases,start] GC(246) Summary Phase
[51.660s][info][gc,phases      ] GC(246) Summary Phase 0.069ms
[51.660s][info][gc,phases,start] GC(246) Adjust Roots
[51.660s][info][gc,phases      ] GC(246) Adjust Roots 0.358ms
[51.660s][info][gc,phases,start] GC(246) Compaction Phase
[51.961s][info][gc,phases      ] GC(246) Compaction Phase 300.721ms
[51.961s][info][gc,phases,start] GC(246) Post Compact
[51.967s][info][gc,phases      ] GC(246) Post Compact 6.488ms
[51.967s][info][gc,heap        ] GC(246) PSYoungGen: 122405K(184320K)->122405K(184320K) Eden: 39423K(39424K)->39423K(39424K) From: 82981K(144896K)->82981K(144896K)
[51.967s][info][gc,heap        ] GC(246) ParOldGen: 3140355K(3140608K)->3140355K(3140608K)
[51.967s][info][gc,metaspace   ] GC(246) Metaspace: 6302K(6528K)->6302K(6528K) NonClass: 5769K(5888K)->5769K(5888K) Class: 533K(640K)->533K(640K)
[51.967s][info][gc             ] GC(246) Pause Full (Ergonomics) 3186M->3186M(3247M) 1096.890ms
[51.968s][info][gc,cpu         ] GC(246) User=7.52s Sys=0.02s Real=1.10s
[51.968s][info][gc,start       ] GC(247) Pause Full (Ergonomics)
[51.968s][info][gc,phases,start] GC(247) Marking Phase
[52.741s][info][gc,phases      ] GC(247) Marking Phase 773.313ms
[52.741s][info][gc,phases,start] GC(247) Summary Phase
[52.741s][info][gc,phases      ] GC(247) Summary Phase 0.045ms
[52.741s][info][gc,phases,start] GC(247) Adjust Roots
[52.741s][info][gc,phases      ] GC(247) Adjust Roots 0.192ms
[52.742s][info][gc,phases,start] GC(247) Compaction Phase
[53.037s][info][gc,phases      ] GC(247) Compaction Phase 295.297ms
[53.037s][info][gc,phases,start] GC(247) Post Compact
[53.044s][info][gc,phases      ] GC(247) Post Compact 7.344ms
[53.044s][info][gc,heap        ] GC(247) PSYoungGen: 122405K(184320K)->122405K(184320K) Eden: 39423K(39424K)->39423K(39424K) From: 82981K(144896K)->82981K(144896K)
[53.044s][info][gc,heap        ] GC(247) ParOldGen: 3140360K(3140608K)->3140360K(3140608K)
[53.044s][info][gc,metaspace   ] GC(247) Metaspace: 6302K(6528K)->6302K(6528K) NonClass: 5769K(5888K)->5769K(5888K) Class: 533K(640K)->533K(640K)
[53.044s][info][gc             ] GC(247) Pause Full (Ergonomics) 3186M->3186M(3247M) 1076.562ms
[53.044s][info][gc,cpu         ] GC(247) User=7.66s Sys=0.02s Real=1.08s
[53.045s][info][gc,start       ] GC(248) Pause Full (Ergonomics)
[53.045s][info][gc,phases,start] GC(248) Marking Phase
[53.819s][info][gc,phases      ] GC(248) Marking Phase 774.628ms
[53.819s][info][gc,phases,start] GC(248) Summary Phase
[53.819s][info][gc,phases      ] GC(248) Summary Phase 0.043ms
[53.819s][info][gc,phases,start] GC(248) Adjust Roots
[53.820s][info][gc,phases      ] GC(248) Adjust Roots 0.183ms
[53.820s][info][gc,phases,start] GC(248) Compaction Phase
[54.144s][info][gc,phases      ] GC(248) Compaction Phase 324.864ms
[54.145s][info][gc,phases,start] GC(248) Post Compact
[54.152s][info][gc,phases      ] GC(248) Post Compact 7.605ms
[54.152s][info][gc,heap        ] GC(248) PSYoungGen: 122405K(184320K)->122405K(184320K) Eden: 39423K(39424K)->39423K(39424K) From: 82981K(144896K)->82981K(144896K)
[54.152s][info][gc,heap        ] GC(248) ParOldGen: 3140365K(3140608K)->3140365K(3140608K)
[54.152s][info][gc,metaspace   ] GC(248) Metaspace: 6302K(6528K)->6302K(6528K) NonClass: 5769K(5888K)->5769K(5888K) Class: 533K(640K)->533K(640K)
[54.152s][info][gc             ] GC(248) Pause Full (Ergonomics) 3186M->3186M(3247M) 1107.686ms
[54.152s][info][gc,cpu         ] GC(248) User=7.70s Sys=0.02s Real=1.11s
[54.153s][info][gc,start       ] GC(249) Pause Full (Ergonomics)
[54.153s][info][gc,phases,start] GC(249) Marking Phase
[55.039s][info][gc,phases      ] GC(249) Marking Phase 885.938ms
[55.039s][info][gc,phases,start] GC(249) Summary Phase
[55.039s][info][gc,phases      ] GC(249) Summary Phase 0.070ms
[55.039s][info][gc,phases,start] GC(249) Adjust Roots
[55.039s][info][gc,phases      ] GC(249) Adjust Roots 0.431ms
[55.039s][info][gc,phases,start] GC(249) Compaction Phase
[55.368s][info][gc,phases      ] GC(249) Compaction Phase 329.195ms
[55.368s][info][gc,phases,start] GC(249) Post Compact
[55.376s][info][gc,phases      ] GC(249) Post Compact 7.934ms
[55.377s][info][gc,heap        ] GC(249) PSYoungGen: 122405K(184320K)->122405K(184320K) Eden: 39423K(39424K)->39423K(39424K) From: 82981K(144896K)->82981K(144896K)
[55.377s][info][gc,heap        ] GC(249) ParOldGen: 3140370K(3140608K)->3140370K(3140608K)
[55.377s][info][gc,metaspace   ] GC(249) Metaspace: 6302K(6528K)->6302K(6528K) NonClass: 5769K(5888K)->5769K(5888K) Class: 533K(640K)->533K(640K)
[55.377s][info][gc             ] GC(249) Pause Full (Ergonomics) 3186M->3186M(3247M) 1224.036ms
[55.377s][info][gc,cpu         ] GC(249) User=7.62s Sys=0.00s Real=1.22s
[55.377s][info][gc,start       ] GC(250) Pause Full (Ergonomics)
[55.377s][info][gc,phases,start] GC(250) Marking Phase
[56.185s][info][gc,phases      ] GC(250) Marking Phase 808.460ms
[56.185s][info][gc,phases,start] GC(250) Summary Phase
[56.185s][info][gc,phases      ] GC(250) Summary Phase 0.074ms
[56.185s][info][gc,phases,start] GC(250) Adjust Roots
[56.186s][info][gc,phases      ] GC(250) Adjust Roots 0.380ms
[56.186s][info][gc,phases,start] GC(250) Compaction Phase
[56.507s][info][gc,phases      ] GC(250) Compaction Phase 321.239ms
[56.507s][info][gc,phases,start] GC(250) Post Compact
[56.515s][info][gc,phases      ] GC(250) Post Compact 7.352ms
[56.515s][info][gc,heap        ] GC(250) PSYoungGen: 122405K(184320K)->122405K(184320K) Eden: 39423K(39424K)->39423K(39424K) From: 82981K(144896K)->82981K(144896K)
[56.515s][info][gc,heap        ] GC(250) ParOldGen: 3140374K(3140608K)->3140374K(3140608K)
[56.515s][info][gc,metaspace   ] GC(250) Metaspace: 6302K(6528K)->6302K(6528K) NonClass: 5769K(5888K)->5769K(5888K) Class: 533K(640K)->533K(640K)
[56.515s][info][gc             ] GC(250) Pause Full (Ergonomics) 3186M->3186M(3247M) 1137.912ms
[56.515s][info][gc,cpu         ] GC(250) User=7.58s Sys=0.00s Real=1.14s
[56.515s][info][gc,start       ] GC(251) Pause Full (Ergonomics)
[56.515s][info][gc,phases,start] GC(251) Marking Phase
[57.294s][info][gc,phases      ] GC(251) Marking Phase 779.311ms
[57.294s][info][gc,phases,start] GC(251) Summary Phase
[57.294s][info][gc,phases      ] GC(251) Summary Phase 0.090ms
[57.295s][info][gc,phases,start] GC(251) Adjust Roots
[57.295s][info][gc,phases      ] GC(251) Adjust Roots 0.350ms
[57.295s][info][gc,phases,start] GC(251) Compaction Phase
[57.620s][info][gc,phases      ] GC(251) Compaction Phase 325.410ms
[57.620s][info][gc,phases,start] GC(251) Post Compact
[57.628s][info][gc,phases      ] GC(251) Post Compact 7.173ms
[57.628s][info][gc,heap        ] GC(251) PSYoungGen: 122405K(184320K)->122405K(184320K) Eden: 39423K(39424K)->39423K(39424K) From: 82981K(144896K)->82981K(144896K)
[57.628s][info][gc,heap        ] GC(251) ParOldGen: 3140379K(3140608K)->3140379K(3140608K)
[57.628s][info][gc,metaspace   ] GC(251) Metaspace: 6302K(6528K)->6302K(6528K) NonClass: 5769K(5888K)->5769K(5888K) Class: 533K(640K)->533K(640K)
[57.628s][info][gc             ] GC(251) Pause Full (Ergonomics) 3186M->3186M(3247M) 1112.799ms
[57.628s][info][gc,cpu         ] GC(251) User=7.39s Sys=0.02s Real=1.11s
[57.628s][info][gc,start       ] GC(252) Pause Full (Ergonomics)
[57.628s][info][gc,phases,start] GC(252) Marking Phase
[58.420s][info][gc,phases      ] GC(252) Marking Phase 791.397ms
[58.420s][info][gc,phases,start] GC(252) Summary Phase
[58.420s][info][gc,phases      ] GC(252) Summary Phase 0.079ms
[58.420s][info][gc,phases,start] GC(252) Adjust Roots
[58.420s][info][gc,phases      ] GC(252) Adjust Roots 0.367ms
[58.420s][info][gc,phases,start] GC(252) Compaction Phase
[58.741s][info][gc,phases      ] GC(252) Compaction Phase 321.003ms
[58.741s][info][gc,phases,start] GC(252) Post Compact
[58.751s][info][gc,phases      ] GC(252) Post Compact 9.669ms
[58.751s][info][gc,heap        ] GC(252) PSYoungGen: 122405K(184320K)->122405K(184320K) Eden: 39423K(39424K)->39423K(39424K) From: 82981K(144896K)->82981K(144896K)
[58.751s][info][gc,heap        ] GC(252) ParOldGen: 3140384K(3140608K)->3140384K(3140608K)
[58.751s][info][gc,metaspace   ] GC(252) Metaspace: 6302K(6528K)->6302K(6528K) NonClass: 5769K(5888K)->5769K(5888K) Class: 533K(640K)->533K(640K)
[58.751s][info][gc             ] GC(252) Pause Full (Ergonomics) 3186M->3186M(3247M) 1123.165ms
[58.751s][info][gc,cpu         ] GC(252) User=7.55s Sys=0.00s Real=1.12s
[58.752s][info][gc,start       ] GC(253) Pause Full (Ergonomics)
[58.752s][info][gc,phases,start] GC(253) Marking Phase
[59.599s][info][gc,phases      ] GC(253) Marking Phase 847.386ms
[59.599s][info][gc,phases,start] GC(253) Summary Phase
[59.599s][info][gc,phases      ] GC(253) Summary Phase 0.075ms
[59.599s][info][gc,phases,start] GC(253) Adjust Roots
[59.600s][info][gc,phases      ] GC(253) Adjust Roots 0.376ms
[59.600s][info][gc,phases,start] GC(253) Compaction Phase
[59.911s][info][gc,phases      ] GC(253) Compaction Phase 310.952ms
[59.911s][info][gc,phases,start] GC(253) Post Compact
[59.917s][info][gc,phases      ] GC(253) Post Compact 6.706ms
[59.917s][info][gc,heap        ] GC(253) PSYoungGen: 122405K(184320K)->122405K(184320K) Eden: 39423K(39424K)->39423K(39424K) From: 82981K(144896K)->82981K(144896K)
[59.917s][info][gc,heap        ] GC(253) ParOldGen: 3140389K(3140608K)->3140389K(3140608K)
[59.917s][info][gc,metaspace   ] GC(253) Metaspace: 6302K(6528K)->6302K(6528K) NonClass: 5769K(5888K)->5769K(5888K) Class: 533K(640K)->533K(640K)
[59.918s][info][gc             ] GC(253) Pause Full (Ergonomics) 3186M->3186M(3247M) 1165.957ms
[59.918s][info][gc,cpu         ] GC(253) User=8.05s Sys=0.03s Real=1.17s
[59.918s][info][gc,start       ] GC(254) Pause Full (Ergonomics)
[59.918s][info][gc,phases,start] GC(254) Marking Phase
[60.765s][info][gc,phases      ] GC(254) Marking Phase 846.898ms
[60.765s][info][gc,phases,start] GC(254) Summary Phase
[60.765s][info][gc,phases      ] GC(254) Summary Phase 0.072ms
[60.765s][info][gc,phases,start] GC(254) Adjust Roots
[60.765s][info][gc,phases      ] GC(254) Adjust Roots 0.422ms
[60.765s][info][gc,phases,start] GC(254) Compaction Phase
[61.075s][info][gc,phases      ] GC(254) Compaction Phase 309.946ms
[61.075s][info][gc,phases,start] GC(254) Post Compact
[61.082s][info][gc,phases      ] GC(254) Post Compact 6.689ms
[61.082s][info][gc,heap        ] GC(254) PSYoungGen: 122405K(184320K)->122405K(184320K) Eden: 39423K(39424K)->39423K(39424K) From: 82981K(144896K)->82981K(144896K)
[61.082s][info][gc,heap        ] GC(254) ParOldGen: 3140394K(3140608K)->3140394K(3140608K)
[61.082s][info][gc,metaspace   ] GC(254) Metaspace: 6302K(6528K)->6302K(6528K) NonClass: 5769K(5888K)->5769K(5888K) Class: 533K(640K)->533K(640K)
[61.082s][info][gc             ] GC(254) Pause Full (Ergonomics) 3186M->3186M(3247M) 1164.479ms
[61.082s][info][gc,cpu         ] GC(254) User=7.78s Sys=0.02s Real=1.16s
[61.082s][info][gc,start       ] GC(255) Pause Full (Ergonomics)
[61.082s][info][gc,phases,start] GC(255) Marking Phase
[61.894s][info][gc,phases      ] GC(255) Marking Phase 811.067ms
[61.894s][info][gc,phases,start] GC(255) Summary Phase
[61.894s][info][gc,phases      ] GC(255) Summary Phase 0.075ms
[61.894s][info][gc,phases,start] GC(255) Adjust Roots
[61.894s][info][gc,phases      ] GC(255) Adjust Roots 0.340ms
[61.894s][info][gc,phases,start] GC(255) Compaction Phase
[62.227s][info][gc,phases      ] GC(255) Compaction Phase 332.977ms
[62.227s][info][gc,phases,start] GC(255) Post Compact
[62.234s][info][gc,phases      ] GC(255) Post Compact 6.481ms
[62.234s][info][gc,heap        ] GC(255) PSYoungGen: 122405K(184320K)->122405K(184320K) Eden: 39423K(39424K)->39423K(39424K) From: 82981K(144896K)->82981K(144896K)
[62.234s][info][gc,heap        ] GC(255) ParOldGen: 3140399K(3140608K)->3140399K(3140608K)
[62.234s][info][gc,metaspace   ] GC(255) Metaspace: 6302K(6528K)->6302K(6528K) NonClass: 5769K(5888K)->5769K(5888K) Class: 533K(640K)->533K(640K)
[62.234s][info][gc             ] GC(255) Pause Full (Ergonomics) 3186M->3186M(3247M) 1151.447ms
[62.234s][info][gc,cpu         ] GC(255) User=7.92s Sys=0.00s Real=1.15s
[62.234s][info][gc,start       ] GC(256) Pause Full (Ergonomics)
[62.234s][info][gc,phases,start] GC(256) Marking Phase
[63.069s][info][gc,phases      ] GC(256) Marking Phase 835.347ms
[63.069s][info][gc,phases,start] GC(256) Summary Phase
[63.070s][info][gc,phases      ] GC(256) Summary Phase 0.044ms
[63.070s][info][gc,phases,start] GC(256) Adjust Roots
[63.070s][info][gc,phases      ] GC(256) Adjust Roots 0.199ms
[63.070s][info][gc,phases,start] GC(256) Compaction Phase
[63.353s][info][gc,phases      ] GC(256) Compaction Phase 283.476ms
[63.353s][info][gc,phases,start] GC(256) Post Compact
[63.360s][info][gc,phases      ] GC(256) Post Compact 6.812ms
[63.360s][info][gc,heap        ] GC(256) PSYoungGen: 122405K(184320K)->122405K(184320K) Eden: 39423K(39424K)->39423K(39424K) From: 82981K(144896K)->82981K(144896K)
[63.360s][info][gc,heap        ] GC(256) ParOldGen: 3140403K(3140608K)->3140403K(3140608K)
[63.360s][info][gc,metaspace   ] GC(256) Metaspace: 6302K(6528K)->6302K(6528K) NonClass: 5769K(5888K)->5769K(5888K) Class: 533K(640K)->533K(640K)
[63.360s][info][gc             ] GC(256) Pause Full (Ergonomics) 3186M->3186M(3247M) 1126.264ms
[63.360s][info][gc,cpu         ] GC(256) User=7.84s Sys=0.00s Real=1.13s
[63.361s][info][gc,start       ] GC(257) Pause Full (Ergonomics)
[63.361s][info][gc,phases,start] GC(257) Marking Phase
[64.172s][info][gc,phases      ] GC(257) Marking Phase 811.789ms
[64.172s][info][gc,phases,start] GC(257) Summary Phase
[64.173s][info][gc,phases      ] GC(257) Summary Phase 0.072ms
[64.173s][info][gc,phases,start] GC(257) Adjust Roots
[64.173s][info][gc,phases      ] GC(257) Adjust Roots 0.239ms
[64.173s][info][gc,phases,start] GC(257) Compaction Phase
[64.522s][info][gc,phases      ] GC(257) Compaction Phase 349.151ms
[64.522s][info][gc,phases,start] GC(257) Post Compact
[64.532s][info][gc,phases      ] GC(257) Post Compact 9.564ms
[64.532s][info][gc,heap        ] GC(257) PSYoungGen: 122405K(184320K)->122405K(184320K) Eden: 39423K(39424K)->39423K(39424K) From: 82981K(144896K)->82981K(144896K)
[64.532s][info][gc,heap        ] GC(257) ParOldGen: 3140408K(3140608K)->3140408K(3140608K)
[64.532s][info][gc,metaspace   ] GC(257) Metaspace: 6302K(6528K)->6302K(6528K) NonClass: 5769K(5888K)->5769K(5888K) Class: 533K(640K)->533K(640K)
[64.532s][info][gc             ] GC(257) Pause Full (Ergonomics) 3186M->3186M(3247M) 1171.312ms
[64.532s][info][gc,cpu         ] GC(257) User=7.77s Sys=0.02s Real=1.17s
[64.541s][info][gc,start       ] GC(258) Pause Full (Ergonomics)
[64.541s][info][gc,phases,start] GC(258) Marking Phase
[65.433s][info][gc,phases      ] GC(258) Marking Phase 892.154ms
[65.433s][info][gc,phases,start] GC(258) Summary Phase
[65.433s][info][gc,phases      ] GC(258) Summary Phase 0.072ms
[65.433s][info][gc,phases,start] GC(258) Adjust Roots
[65.433s][info][gc,phases      ] GC(258) Adjust Roots 0.335ms
[65.433s][info][gc,phases,start] GC(258) Compaction Phase
[65.842s][info][gc,phases      ] GC(258) Compaction Phase 408.620ms
[65.842s][info][gc,phases,start] GC(258) Post Compact
[65.849s][info][gc,phases      ] GC(258) Post Compact 6.628ms
[65.849s][info][gc,heap        ] GC(258) PSYoungGen: 122405K(184320K)->122405K(184320K) Eden: 39423K(39424K)->39423K(39424K) From: 82981K(144896K)->82981K(144896K)
[65.849s][info][gc,heap        ] GC(258) ParOldGen: 3140413K(3140608K)->3140413K(3140608K)
[65.849s][info][gc,metaspace   ] GC(258) Metaspace: 6302K(6528K)->6302K(6528K) NonClass: 5769K(5888K)->5769K(5888K) Class: 533K(640K)->533K(640K)
[65.849s][info][gc             ] GC(258) Pause Full (Ergonomics) 3186M->3186M(3247M) 1308.306ms
[65.849s][info][gc,cpu         ] GC(258) User=7.95s Sys=0.02s Real=1.31s
[65.849s][info][gc,start       ] GC(259) Pause Full (Ergonomics)
[65.849s][info][gc,phases,start] GC(259) Marking Phase
[66.723s][info][gc,phases      ] GC(259) Marking Phase 873.544ms
[66.723s][info][gc,phases,start] GC(259) Summary Phase
[66.723s][info][gc,phases      ] GC(259) Summary Phase 0.067ms
[66.723s][info][gc,phases,start] GC(259) Adjust Roots
[66.723s][info][gc,phases      ] GC(259) Adjust Roots 0.490ms
[66.724s][info][gc,phases,start] GC(259) Compaction Phase
[67.077s][info][gc,phases      ] GC(259) Compaction Phase 352.983ms
[67.077s][info][gc,phases,start] GC(259) Post Compact
[67.086s][info][gc,phases      ] GC(259) Post Compact 9.342ms
[67.086s][info][gc,heap        ] GC(259) PSYoungGen: 122405K(184320K)->122405K(184320K) Eden: 39423K(39424K)->39423K(39424K) From: 82981K(144896K)->82981K(144896K)
[67.086s][info][gc,heap        ] GC(259) ParOldGen: 3140418K(3140608K)->3140418K(3140608K)
[67.086s][info][gc,metaspace   ] GC(259) Metaspace: 6302K(6528K)->6302K(6528K) NonClass: 5769K(5888K)->5769K(5888K) Class: 533K(640K)->533K(640K)
[67.086s][info][gc             ] GC(259) Pause Full (Ergonomics) 3186M->3186M(3247M) 1237.065ms
[67.086s][info][gc,cpu         ] GC(259) User=8.11s Sys=0.00s Real=1.24s
[67.088s][info][gc,start       ] GC(260) Pause Full (Ergonomics)
[67.088s][info][gc,phases,start] GC(260) Marking Phase
[67.979s][info][gc,phases      ] GC(260) Marking Phase 890.694ms
[67.979s][info][gc,phases,start] GC(260) Summary Phase
[67.979s][info][gc,phases      ] GC(260) Summary Phase 0.095ms
[67.979s][info][gc,phases,start] GC(260) Adjust Roots
[67.979s][info][gc,phases      ] GC(260) Adjust Roots 0.346ms
[67.979s][info][gc,phases,start] GC(260) Compaction Phase
[68.333s][info][gc,phases      ] GC(260) Compaction Phase 354.033ms
[68.333s][info][gc,phases,start] GC(260) Post Compact
[68.343s][info][gc,phases      ] GC(260) Post Compact 9.700ms
[68.343s][info][gc,heap        ] GC(260) PSYoungGen: 122405K(184320K)->122405K(184320K) Eden: 39423K(39424K)->39423K(39424K) From: 82981K(144896K)->82981K(144896K)
[68.343s][info][gc,heap        ] GC(260) ParOldGen: 3140423K(3140608K)->3140423K(3140608K)
[68.343s][info][gc,metaspace   ] GC(260) Metaspace: 6302K(6528K)->6302K(6528K) NonClass: 5769K(5888K)->5769K(5888K) Class: 533K(640K)->533K(640K)
[68.343s][info][gc             ] GC(260) Pause Full (Ergonomics) 3186M->3186M(3247M) 1255.507ms
[68.343s][info][gc,cpu         ] GC(260) User=7.80s Sys=0.06s Real=1.26s
[68.344s][info][gc,start       ] GC(261) Pause Full (Ergonomics)
[68.344s][info][gc,phases,start] GC(261) Marking Phase
[69.188s][info][gc,phases      ] GC(261) Marking Phase 844.038ms
[69.188s][info][gc,phases,start] GC(261) Summary Phase
[69.188s][info][gc,phases      ] GC(261) Summary Phase 0.074ms
[69.188s][info][gc,phases,start] GC(261) Adjust Roots
[69.188s][info][gc,phases      ] GC(261) Adjust Roots 0.333ms
[69.188s][info][gc,phases,start] GC(261) Compaction Phase
[69.526s][info][gc,phases      ] GC(261) Compaction Phase 337.843ms
[69.526s][info][gc,phases,start] GC(261) Post Compact
[69.535s][info][gc,phases      ] GC(261) Post Compact 8.286ms
[69.535s][info][gc,heap        ] GC(261) PSYoungGen: 122405K(184320K)->122405K(184320K) Eden: 39423K(39424K)->39423K(39424K) From: 82981K(144896K)->82981K(144896K)
[69.535s][info][gc,heap        ] GC(261) ParOldGen: 3140428K(3140608K)->3140428K(3140608K)
[69.535s][info][gc,metaspace   ] GC(261) Metaspace: 6302K(6528K)->6302K(6528K) NonClass: 5769K(5888K)->5769K(5888K) Class: 533K(640K)->533K(640K)
[69.535s][info][gc             ] GC(261) Pause Full (Ergonomics) 3186M->3186M(3247M) 1191.079ms
[69.535s][info][gc,cpu         ] GC(261) User=7.80s Sys=0.02s Real=1.19s
[69.535s][info][gc,start       ] GC(262) Pause Full (Ergonomics)
[69.535s][info][gc,phases,start] GC(262) Marking Phase
[70.352s][info][gc,phases      ] GC(262) Marking Phase 816.948ms
[70.352s][info][gc,phases,start] GC(262) Summary Phase
[70.352s][info][gc,phases      ] GC(262) Summary Phase 0.067ms
[70.352s][info][gc,phases,start] GC(262) Adjust Roots
[70.352s][info][gc,phases      ] GC(262) Adjust Roots 0.279ms
[70.352s][info][gc,phases,start] GC(262) Compaction Phase
[70.688s][info][gc,phases      ] GC(262) Compaction Phase 335.755ms
[70.688s][info][gc,phases,start] GC(262) Post Compact
[70.695s][info][gc,phases      ] GC(262) Post Compact 6.964ms
[70.695s][info][gc,heap        ] GC(262) PSYoungGen: 122405K(184320K)->122405K(184320K) Eden: 39423K(39424K)->39423K(39424K) From: 82981K(144896K)->82981K(144896K)
[70.695s][info][gc,heap        ] GC(262) ParOldGen: 3140432K(3140608K)->3140432K(3140608K)
[70.695s][info][gc,metaspace   ] GC(262) Metaspace: 6302K(6528K)->6302K(6528K) NonClass: 5769K(5888K)->5769K(5888K) Class: 533K(640K)->533K(640K)
[70.695s][info][gc             ] GC(262) Pause Full (Ergonomics) 3186M->3186M(3247M) 1160.443ms
[70.695s][info][gc,cpu         ] GC(262) User=7.94s Sys=0.00s Real=1.16s
[70.696s][info][gc,start       ] GC(263) Pause Full (Ergonomics)
[70.696s][info][gc,phases,start] GC(263) Marking Phase
[71.596s][info][gc,phases      ] GC(263) Marking Phase 900.284ms
[71.596s][info][gc,phases,start] GC(263) Summary Phase
[71.596s][info][gc,phases      ] GC(263) Summary Phase 0.068ms
[71.596s][info][gc,phases,start] GC(263) Adjust Roots
[71.596s][info][gc,phases      ] GC(263) Adjust Roots 0.314ms
[71.597s][info][gc,phases,start] GC(263) Compaction Phase
[71.937s][info][gc,phases      ] GC(263) Compaction Phase 340.713ms
[71.937s][info][gc,phases,start] GC(263) Post Compact
[71.946s][info][gc,phases      ] GC(263) Post Compact 8.428ms
[71.946s][info][gc,heap        ] GC(263) PSYoungGen: 122405K(184320K)->122405K(184320K) Eden: 39423K(39424K)->39423K(39424K) From: 82981K(144896K)->82981K(144896K)
[71.946s][info][gc,heap        ] GC(263) ParOldGen: 3140437K(3140608K)->3140437K(3140608K)
[71.946s][info][gc,metaspace   ] GC(263) Metaspace: 6302K(6528K)->6302K(6528K) NonClass: 5769K(5888K)->5769K(5888K) Class: 533K(640K)->533K(640K)
[71.946s][info][gc             ] GC(263) Pause Full (Ergonomics) 3186M->3186M(3247M) 1250.284ms
[71.946s][info][gc,cpu         ] GC(263) User=7.88s Sys=0.03s Real=1.25s
[71.947s][info][gc,start       ] GC(264) Pause Full (Ergonomics)
[71.948s][info][gc,phases,start] GC(264) Marking Phase
[72.781s][info][gc,phases      ] GC(264) Marking Phase 833.179ms
[72.781s][info][gc,phases,start] GC(264) Summary Phase
[72.781s][info][gc,phases      ] GC(264) Summary Phase 0.070ms
[72.781s][info][gc,phases,start] GC(264) Adjust Roots
[72.781s][info][gc,phases      ] GC(264) Adjust Roots 0.300ms
[72.781s][info][gc,phases,start] GC(264) Compaction Phase
[73.128s][info][gc,phases      ] GC(264) Compaction Phase 346.807ms
[73.128s][info][gc,phases,start] GC(264) Post Compact
[73.134s][info][gc,phases      ] GC(264) Post Compact 5.865ms
[73.134s][info][gc,heap        ] GC(264) PSYoungGen: 122405K(184320K)->122405K(184320K) Eden: 39423K(39424K)->39423K(39424K) From: 82981K(144896K)->82981K(144896K)
[73.134s][info][gc,heap        ] GC(264) ParOldGen: 3140442K(3140608K)->3140442K(3140608K)
[73.134s][info][gc,metaspace   ] GC(264) Metaspace: 6302K(6528K)->6302K(6528K) NonClass: 5769K(5888K)->5769K(5888K) Class: 533K(640K)->533K(640K)
[73.134s][info][gc             ] GC(264) Pause Full (Ergonomics) 3186M->3186M(3247M) 1186.635ms
[73.134s][info][gc,cpu         ] GC(264) User=7.94s Sys=0.02s Real=1.19s
[73.134s][info][gc,start       ] GC(265) Pause Full (Ergonomics)
[73.134s][info][gc,phases,start] GC(265) Marking Phase
[73.954s][info][gc,phases      ] GC(265) Marking Phase 819.672ms
[73.954s][info][gc,phases,start] GC(265) Summary Phase
[73.954s][info][gc,phases      ] GC(265) Summary Phase 0.068ms
[73.954s][info][gc,phases,start] GC(265) Adjust Roots
[73.955s][info][gc,phases      ] GC(265) Adjust Roots 0.288ms
[73.955s][info][gc,phases,start] GC(265) Compaction Phase
[74.266s][info][gc,phases      ] GC(265) Compaction Phase 311.061ms
[74.266s][info][gc,phases,start] GC(265) Post Compact
[74.272s][info][gc,phases      ] GC(265) Post Compact 6.507ms
[74.272s][info][gc,heap        ] GC(265) PSYoungGen: 122405K(184320K)->122405K(184320K) Eden: 39423K(39424K)->39423K(39424K) From: 82981K(144896K)->82981K(144896K)
[74.272s][info][gc,heap        ] GC(265) ParOldGen: 3140447K(3140608K)->3140447K(3140608K)
[74.272s][info][gc,metaspace   ] GC(265) Metaspace: 6302K(6528K)->6302K(6528K) NonClass: 5769K(5888K)->5769K(5888K) Class: 533K(640K)->533K(640K)
[74.272s][info][gc             ] GC(265) Pause Full (Ergonomics) 3186M->3186M(3247M) 1138.000ms
[74.272s][info][gc,cpu         ] GC(265) User=7.58s Sys=0.02s Real=1.14s
[74.273s][info][gc,start       ] GC(266) Pause Full (Ergonomics)
[74.273s][info][gc,phases,start] GC(266) Marking Phase
[75.093s][info][gc,phases      ] GC(266) Marking Phase 819.893ms
[75.093s][info][gc,phases,start] GC(266) Summary Phase
[75.093s][info][gc,phases      ] GC(266) Summary Phase 0.066ms
[75.093s][info][gc,phases,start] GC(266) Adjust Roots
[75.093s][info][gc,phases      ] GC(266) Adjust Roots 0.313ms
[75.093s][info][gc,phases,start] GC(266) Compaction Phase
[75.385s][info][gc,phases      ] GC(266) Compaction Phase 292.117ms
[75.385s][info][gc,phases,start] GC(266) Post Compact
[75.393s][info][gc,phases      ] GC(266) Post Compact 7.313ms
[75.393s][info][gc,heap        ] GC(266) PSYoungGen: 122405K(184320K)->122405K(184320K) Eden: 39423K(39424K)->39423K(39424K) From: 82981K(144896K)->82981K(144896K)
[75.393s][info][gc,heap        ] GC(266) ParOldGen: 3140452K(3140608K)->3140452K(3140608K)
[75.393s][info][gc,metaspace   ] GC(266) Metaspace: 6302K(6528K)->6302K(6528K) NonClass: 5769K(5888K)->5769K(5888K) Class: 533K(640K)->533K(640K)
[75.393s][info][gc             ] GC(266) Pause Full (Ergonomics) 3186M->3186M(3247M) 1120.135ms
[75.393s][info][gc,cpu         ] GC(266) User=7.95s Sys=0.00s Real=1.12s
[75.393s][info][gc,start       ] GC(267) Pause Full (Ergonomics)
[75.393s][info][gc,phases,start] GC(267) Marking Phase
[76.198s][info][gc,phases      ] GC(267) Marking Phase 804.778ms
[76.198s][info][gc,phases,start] GC(267) Summary Phase
[76.198s][info][gc,phases      ] GC(267) Summary Phase 0.073ms
[76.198s][info][gc,phases,start] GC(267) Adjust Roots
[76.198s][info][gc,phases      ] GC(267) Adjust Roots 0.281ms
[76.198s][info][gc,phases,start] GC(267) Compaction Phase
[76.501s][info][gc,phases      ] GC(267) Compaction Phase 303.210ms
[76.502s][info][gc,phases,start] GC(267) Post Compact
[76.509s][info][gc,phases      ] GC(267) Post Compact 7.169ms
[76.509s][info][gc,heap        ] GC(267) PSYoungGen: 122405K(184320K)->122405K(184320K) Eden: 39423K(39424K)->39423K(39424K) From: 82981K(144896K)->82981K(144896K)
[76.509s][info][gc,heap        ] GC(267) ParOldGen: 3140457K(3140608K)->3140457K(3140608K)
[76.509s][info][gc,metaspace   ] GC(267) Metaspace: 6302K(6528K)->6302K(6528K) NonClass: 5769K(5888K)->5769K(5888K) Class: 533K(640K)->533K(640K)
[76.509s][info][gc             ] GC(267) Pause Full (Ergonomics) 3186M->3186M(3247M) 1115.946ms
[76.509s][info][gc,cpu         ] GC(267) User=7.89s Sys=0.02s Real=1.12s
[76.509s][info][gc,start       ] GC(268) Pause Full (Ergonomics)
[76.509s][info][gc,phases,start] GC(268) Marking Phase
[77.350s][info][gc,phases      ] GC(268) Marking Phase 840.928ms
[77.350s][info][gc,phases,start] GC(268) Summary Phase
[77.350s][info][gc,phases      ] GC(268) Summary Phase 0.067ms
[77.350s][info][gc,phases,start] GC(268) Adjust Roots
[77.351s][info][gc,phases      ] GC(268) Adjust Roots 0.325ms
[77.351s][info][gc,phases,start] GC(268) Compaction Phase
[77.696s][info][gc,phases      ] GC(268) Compaction Phase 345.336ms
[77.696s][info][gc,phases,start] GC(268) Post Compact
[77.703s][info][gc,phases      ] GC(268) Post Compact 7.274ms
[77.703s][info][gc,heap        ] GC(268) PSYoungGen: 122405K(184320K)->122405K(184320K) Eden: 39423K(39424K)->39423K(39424K) From: 82981K(144896K)->82981K(144896K)
[77.703s][info][gc,heap        ] GC(268) ParOldGen: 3140461K(3140608K)->3140461K(3140608K)
[77.703s][info][gc,metaspace   ] GC(268) Metaspace: 6302K(6528K)->6302K(6528K) NonClass: 5769K(5888K)->5769K(5888K) Class: 533K(640K)->533K(640K)
[77.704s][info][gc             ] GC(268) Pause Full (Ergonomics) 3186M->3186M(3247M) 1194.343ms
[77.704s][info][gc,cpu         ] GC(268) User=7.78s Sys=0.00s Real=1.19s
[77.704s][info][gc,start       ] GC(269) Pause Full (Ergonomics)
[77.704s][info][gc,phases,start] GC(269) Marking Phase
[78.615s][info][gc,phases      ] GC(269) Marking Phase 910.930ms
[78.615s][info][gc,phases,start] GC(269) Summary Phase
[78.615s][info][gc,phases      ] GC(269) Summary Phase 0.060ms
[78.615s][info][gc,phases,start] GC(269) Adjust Roots
[78.615s][info][gc,phases      ] GC(269) Adjust Roots 0.379ms
[78.615s][info][gc,phases,start] GC(269) Compaction Phase
[78.925s][info][gc,phases      ] GC(269) Compaction Phase 309.521ms
[78.925s][info][gc,phases,start] GC(269) Post Compact
[78.932s][info][gc,phases      ] GC(269) Post Compact 7.175ms
[78.932s][info][gc,heap        ] GC(269) PSYoungGen: 122405K(184320K)->122405K(184320K) Eden: 39423K(39424K)->39423K(39424K) From: 82981K(144896K)->82981K(144896K)
[78.932s][info][gc,heap        ] GC(269) ParOldGen: 3140466K(3140608K)->3140466K(3140608K)
[78.932s][info][gc,metaspace   ] GC(269) Metaspace: 6302K(6528K)->6302K(6528K) NonClass: 5769K(5888K)->5769K(5888K) Class: 533K(640K)->533K(640K)
[78.932s][info][gc             ] GC(269) Pause Full (Ergonomics) 3186M->3186M(3247M) 1228.485ms
[78.932s][info][gc,cpu         ] GC(269) User=7.97s Sys=0.00s Real=1.23s
[78.932s][info][gc,start       ] GC(270) Pause Full (Ergonomics)
[78.933s][info][gc,phases,start] GC(270) Marking Phase
[79.742s][info][gc,phases      ] GC(270) Marking Phase 809.266ms
[79.742s][info][gc,phases,start] GC(270) Summary Phase
[79.742s][info][gc,phases      ] GC(270) Summary Phase 0.077ms
[79.742s][info][gc,phases,start] GC(270) Adjust Roots
[79.742s][info][gc,phases      ] GC(270) Adjust Roots 0.355ms
[79.742s][info][gc,phases,start] GC(270) Compaction Phase
[80.051s][info][gc,phases      ] GC(270) Compaction Phase 308.257ms
[80.051s][info][gc,phases,start] GC(270) Post Compact
[80.058s][info][gc,phases      ] GC(270) Post Compact 7.297ms
[80.058s][info][gc,heap        ] GC(270) PSYoungGen: 122405K(184320K)->122405K(184320K) Eden: 39423K(39424K)->39423K(39424K) From: 82981K(144896K)->82981K(144896K)
[80.058s][info][gc,heap        ] GC(270) ParOldGen: 3140471K(3140608K)->3140471K(3140608K)
[80.058s][info][gc,metaspace   ] GC(270) Metaspace: 6302K(6528K)->6302K(6528K) NonClass: 5769K(5888K)->5769K(5888K) Class: 533K(640K)->533K(640K)
[80.058s][info][gc             ] GC(270) Pause Full (Ergonomics) 3186M->3186M(3247M) 1125.736ms
[80.058s][info][gc,cpu         ] GC(270) User=8.00s Sys=0.00s Real=1.13s
[80.058s][info][gc,start       ] GC(271) Pause Full (Ergonomics)
[80.058s][info][gc,phases,start] GC(271) Marking Phase
[80.922s][info][gc,phases      ] GC(271) Marking Phase 863.089ms
[80.922s][info][gc,phases,start] GC(271) Summary Phase
[80.922s][info][gc,phases      ] GC(271) Summary Phase 0.071ms
[80.922s][info][gc,phases,start] GC(271) Adjust Roots
[80.922s][info][gc,phases      ] GC(271) Adjust Roots 0.414ms
[80.922s][info][gc,phases,start] GC(271) Compaction Phase
[81.265s][info][gc,phases      ] GC(271) Compaction Phase 343.031ms
[81.265s][info][gc,phases,start] GC(271) Post Compact
[81.273s][info][gc,phases      ] GC(271) Post Compact 7.890ms
[81.273s][info][gc,heap        ] GC(271) PSYoungGen: 122405K(184320K)->122405K(184320K) Eden: 39423K(39424K)->39423K(39424K) From: 82981K(144896K)->82981K(144896K)
[81.273s][info][gc,heap        ] GC(271) ParOldGen: 3140476K(3140608K)->3140476K(3140608K)
[81.273s][info][gc,metaspace   ] GC(271) Metaspace: 6302K(6528K)->6302K(6528K) NonClass: 5769K(5888K)->5769K(5888K) Class: 533K(640K)->533K(640K)
[81.273s][info][gc             ] GC(271) Pause Full (Ergonomics) 3186M->3186M(3247M) 1215.012ms
[81.273s][info][gc,cpu         ] GC(271) User=7.58s Sys=0.00s Real=1.21s
[81.274s][info][gc,start       ] GC(272) Pause Full (Ergonomics)
[81.274s][info][gc,phases,start] GC(272) Marking Phase
[82.131s][info][gc,phases      ] GC(272) Marking Phase 856.849ms
[82.131s][info][gc,phases,start] GC(272) Summary Phase
[82.131s][info][gc,phases      ] GC(272) Summary Phase 0.058ms
[82.131s][info][gc,phases,start] GC(272) Adjust Roots
[82.131s][info][gc,phases      ] GC(272) Adjust Roots 0.322ms
[82.131s][info][gc,phases,start] GC(272) Compaction Phase
[82.484s][info][gc,phases      ] GC(272) Compaction Phase 353.066ms
[82.484s][info][gc,phases,start] GC(272) Post Compact
[82.492s][info][gc,phases      ] GC(272) Post Compact 7.957ms
[82.492s][info][gc,heap        ] GC(272) PSYoungGen: 122405K(184320K)->122405K(184320K) Eden: 39423K(39424K)->39423K(39424K) From: 82981K(144896K)->82981K(144896K)
[82.492s][info][gc,heap        ] GC(272) ParOldGen: 3140481K(3140608K)->3140481K(3140608K)
[82.493s][info][gc,metaspace   ] GC(272) Metaspace: 6302K(6528K)->6302K(6528K) NonClass: 5769K(5888K)->5769K(5888K) Class: 533K(640K)->533K(640K)
[82.493s][info][gc             ] GC(272) Pause Full (Ergonomics) 3186M->3186M(3247M) 1218.787ms
[82.493s][info][gc,cpu         ] GC(272) User=7.77s Sys=0.00s Real=1.22s
[82.493s][info][gc,start       ] GC(273) Pause Full (Ergonomics)
[82.493s][info][gc,phases,start] GC(273) Marking Phase
[83.316s][info][gc,phases      ] GC(273) Marking Phase 823.385ms
[83.316s][info][gc,phases,start] GC(273) Summary Phase
[83.316s][info][gc,phases      ] GC(273) Summary Phase 0.076ms
[83.316s][info][gc,phases,start] GC(273) Adjust Roots
[83.317s][info][gc,phases      ] GC(273) Adjust Roots 0.298ms
[83.317s][info][gc,phases,start] GC(273) Compaction Phase
[83.626s][info][gc,phases      ] GC(273) Compaction Phase 309.143ms
[83.626s][info][gc,phases,start] GC(273) Post Compact
[83.636s][info][gc,phases      ] GC(273) Post Compact 9.696ms
[83.636s][info][gc,heap        ] GC(273) PSYoungGen: 122405K(184320K)->122405K(184320K) Eden: 39423K(39424K)->39423K(39424K) From: 82981K(144896K)->82981K(144896K)
[83.636s][info][gc,heap        ] GC(273) ParOldGen: 3140486K(3140608K)->3140486K(3140608K)
[83.636s][info][gc,metaspace   ] GC(273) Metaspace: 6302K(6528K)->6302K(6528K) NonClass: 5769K(5888K)->5769K(5888K) Class: 533K(640K)->533K(640K)
[83.636s][info][gc             ] GC(273) Pause Full (Ergonomics) 3186M->3186M(3247M) 1143.147ms
[83.636s][info][gc,cpu         ] GC(273) User=7.77s Sys=0.00s Real=1.14s
[83.636s][info][gc,start       ] GC(274) Pause Full (Ergonomics)
[83.636s][info][gc,phases,start] GC(274) Marking Phase
[84.484s][info][gc,phases      ] GC(274) Marking Phase 847.485ms
[84.484s][info][gc,phases,start] GC(274) Summary Phase
[84.484s][info][gc,phases      ] GC(274) Summary Phase 0.082ms
[84.484s][info][gc,phases,start] GC(274) Adjust Roots
[84.484s][info][gc,phases      ] GC(274) Adjust Roots 0.324ms
[84.484s][info][gc,phases,start] GC(274) Compaction Phase
[84.812s][info][gc,phases      ] GC(274) Compaction Phase 327.628ms
[84.812s][info][gc,phases,start] GC(274) Post Compact
[84.820s][info][gc,phases      ] GC(274) Post Compact 7.675ms
[84.820s][info][gc,heap        ] GC(274) PSYoungGen: 122405K(184320K)->122405K(184320K) Eden: 39423K(39424K)->39423K(39424K) From: 82981K(144896K)->82981K(144896K)
[84.820s][info][gc,heap        ] GC(274) ParOldGen: 3140490K(3140608K)->3140490K(3140608K)
[84.820s][info][gc,metaspace   ] GC(274) Metaspace: 6302K(6528K)->6302K(6528K) NonClass: 5769K(5888K)->5769K(5888K) Class: 533K(640K)->533K(640K)
[84.820s][info][gc             ] GC(274) Pause Full (Ergonomics) 3186M->3186M(3247M) 1183.683ms
[84.820s][info][gc,cpu         ] GC(274) User=7.89s Sys=0.00s Real=1.18s
[84.820s][info][gc,start       ] GC(275) Pause Full (Ergonomics)
[84.820s][info][gc,phases,start] GC(275) Marking Phase
[85.721s][info][gc,phases      ] GC(275) Marking Phase 900.758ms
[85.721s][info][gc,phases,start] GC(275) Summary Phase
[85.721s][info][gc,phases      ] GC(275) Summary Phase 0.067ms
[85.721s][info][gc,phases,start] GC(275) Adjust Roots
[85.722s][info][gc,phases      ] GC(275) Adjust Roots 0.294ms
[85.722s][info][gc,phases,start] GC(275) Compaction Phase
[86.086s][info][gc,phases      ] GC(275) Compaction Phase 364.735ms
[86.086s][info][gc,phases,start] GC(275) Post Compact
[86.097s][info][gc,phases      ] GC(275) Post Compact 10.680ms
[86.097s][info][gc,heap        ] GC(275) PSYoungGen: 122405K(184320K)->122405K(184320K) Eden: 39423K(39424K)->39423K(39424K) From: 82981K(144896K)->82981K(144896K)
[86.097s][info][gc,heap        ] GC(275) ParOldGen: 3140495K(3140608K)->3140495K(3140608K)
[86.097s][info][gc,metaspace   ] GC(275) Metaspace: 6302K(6528K)->6302K(6528K) NonClass: 5769K(5888K)->5769K(5888K) Class: 533K(640K)->533K(640K)
[86.097s][info][gc             ] GC(275) Pause Full (Ergonomics) 3186M->3186M(3247M) 1277.112ms
[86.097s][info][gc,cpu         ] GC(275) User=7.39s Sys=0.00s Real=1.28s
[86.102s][info][gc,start       ] GC(276) Pause Full (Ergonomics)
[86.102s][info][gc,phases,start] GC(276) Marking Phase
[87.022s][info][gc,phases      ] GC(276) Marking Phase 919.428ms
[87.022s][info][gc,phases,start] GC(276) Summary Phase
[87.022s][info][gc,phases      ] GC(276) Summary Phase 0.076ms
[87.022s][info][gc,phases,start] GC(276) Adjust Roots
[87.022s][info][gc,phases      ] GC(276) Adjust Roots 0.464ms
[87.022s][info][gc,phases,start] GC(276) Compaction Phase
[87.382s][info][gc,phases      ] GC(276) Compaction Phase 359.838ms
[87.382s][info][gc,phases,start] GC(276) Post Compact
[87.393s][info][gc,phases      ] GC(276) Post Compact 10.587ms
[87.393s][info][gc,heap        ] GC(276) PSYoungGen: 122405K(184320K)->122405K(184320K) Eden: 39423K(39424K)->39423K(39424K) From: 82981K(144896K)->82981K(144896K)
[87.393s][info][gc,heap        ] GC(276) ParOldGen: 3140500K(3140608K)->3140500K(3140608K)
[87.393s][info][gc,metaspace   ] GC(276) Metaspace: 6302K(6528K)->6302K(6528K) NonClass: 5769K(5888K)->5769K(5888K) Class: 533K(640K)->533K(640K)
[87.393s][info][gc             ] GC(276) Pause Full (Ergonomics) 3186M->3186M(3247M) 1291.045ms
[87.393s][info][gc,cpu         ] GC(276) User=7.77s Sys=0.03s Real=1.29s
[87.395s][info][gc,start       ] GC(277) Pause Full (Ergonomics)
[87.395s][info][gc,phases,start] GC(277) Marking Phase
[88.231s][info][gc,phases      ] GC(277) Marking Phase 836.358ms
[88.231s][info][gc,phases,start] GC(277) Summary Phase
[88.231s][info][gc,phases      ] GC(277) Summary Phase 0.080ms
[88.231s][info][gc,phases,start] GC(277) Adjust Roots
[88.232s][info][gc,phases      ] GC(277) Adjust Roots 0.464ms
[88.232s][info][gc,phases,start] GC(277) Compaction Phase
[88.651s][info][gc,phases      ] GC(277) Compaction Phase 419.165ms
[88.651s][info][gc,phases,start] GC(277) Post Compact
[88.663s][info][gc,phases      ] GC(277) Post Compact 11.950ms
[88.663s][info][gc,heap        ] GC(277) PSYoungGen: 122405K(184320K)->122405K(184320K) Eden: 39423K(39424K)->39423K(39424K) From: 82981K(144896K)->82981K(144896K)
[88.663s][info][gc,heap        ] GC(277) ParOldGen: 3140505K(3140608K)->3140505K(3140608K)
[88.663s][info][gc,metaspace   ] GC(277) Metaspace: 6302K(6528K)->6302K(6528K) NonClass: 5769K(5888K)->5769K(5888K) Class: 533K(640K)->533K(640K)
[88.663s][info][gc             ] GC(277) Pause Full (Ergonomics) 3186M->3186M(3247M) 1268.529ms
[88.663s][info][gc,cpu         ] GC(277) User=7.69s Sys=0.02s Real=1.27s
[88.663s][info][gc,start       ] GC(278) Pause Full (Ergonomics)
[88.663s][info][gc,phases,start] GC(278) Marking Phase
[89.601s][info][gc,phases      ] GC(278) Marking Phase 937.497ms
[89.601s][info][gc,phases,start] GC(278) Summary Phase
[89.601s][info][gc,phases      ] GC(278) Summary Phase 0.077ms
[89.601s][info][gc,phases,start] GC(278) Adjust Roots
[89.601s][info][gc,phases      ] GC(278) Adjust Roots 0.310ms
[89.601s][info][gc,phases,start] GC(278) Compaction Phase
[89.957s][info][gc,phases      ] GC(278) Compaction Phase 355.896ms
[89.957s][info][gc,phases,start] GC(278) Post Compact
[89.968s][info][gc,phases      ] GC(278) Post Compact 10.211ms
[89.968s][info][gc,heap        ] GC(278) PSYoungGen: 122405K(184320K)->122405K(184320K) Eden: 39423K(39424K)->39423K(39424K) From: 82981K(144896K)->82981K(144896K)
[89.968s][info][gc,heap        ] GC(278) ParOldGen: 3140510K(3140608K)->3140510K(3140608K)
[89.968s][info][gc,metaspace   ] GC(278) Metaspace: 6302K(6528K)->6302K(6528K) NonClass: 5769K(5888K)->5769K(5888K) Class: 533K(640K)->533K(640K)
[89.968s][info][gc             ] GC(278) Pause Full (Ergonomics) 3186M->3186M(3247M) 1304.484ms
[89.968s][info][gc,cpu         ] GC(278) User=7.81s Sys=0.00s Real=1.30s
[89.968s][info][gc,start       ] GC(279) Pause Full (Ergonomics)
[89.968s][info][gc,phases,start] GC(279) Marking Phase
[90.860s][info][gc,phases      ] GC(279) Marking Phase 891.579ms
[90.860s][info][gc,phases,start] GC(279) Summary Phase
[90.860s][info][gc,phases      ] GC(279) Summary Phase 0.077ms
[90.860s][info][gc,phases,start] GC(279) Adjust Roots
[90.860s][info][gc,phases      ] GC(279) Adjust Roots 0.605ms
[90.861s][info][gc,phases,start] GC(279) Compaction Phase
[91.225s][info][gc,phases      ] GC(279) Compaction Phase 364.274ms
[91.225s][info][gc,phases,start] GC(279) Post Compact
[91.235s][info][gc,phases      ] GC(279) Post Compact 9.803ms
[91.235s][info][gc,heap        ] GC(279) PSYoungGen: 122405K(184320K)->122405K(184320K) Eden: 39423K(39424K)->39423K(39424K) From: 82981K(144896K)->82981K(144896K)
[91.235s][info][gc,heap        ] GC(279) ParOldGen: 3140515K(3140608K)->3140515K(3140608K)
[91.235s][info][gc,metaspace   ] GC(279) Metaspace: 6302K(6528K)->6302K(6528K) NonClass: 5769K(5888K)->5769K(5888K) Class: 533K(640K)->533K(640K)
[91.235s][info][gc             ] GC(279) Pause Full (Ergonomics) 3186M->3186M(3247M) 1266.918ms
[91.235s][info][gc,cpu         ] GC(279) User=7.84s Sys=0.05s Real=1.27s
[91.235s][info][gc,start       ] GC(280) Pause Full (Ergonomics)
[91.236s][info][gc,phases,start] GC(280) Marking Phase
[92.156s][info][gc,phases      ] GC(280) Marking Phase 920.367ms
[92.156s][info][gc,phases,start] GC(280) Summary Phase
[92.156s][info][gc,phases      ] GC(280) Summary Phase 0.075ms
[92.156s][info][gc,phases,start] GC(280) Adjust Roots
[92.158s][info][gc,phases      ] GC(280) Adjust Roots 1.558ms
[92.158s][info][gc,phases,start] GC(280) Compaction Phase
[92.489s][info][gc,phases      ] GC(280) Compaction Phase 330.928ms
[92.489s][info][gc,phases,start] GC(280) Post Compact
[92.500s][info][gc,phases      ] GC(280) Post Compact 10.894ms
[92.500s][info][gc,heap        ] GC(280) PSYoungGen: 122405K(184320K)->122405K(184320K) Eden: 39423K(39424K)->39423K(39424K) From: 82981K(144896K)->82981K(144896K)
[92.500s][info][gc,heap        ] GC(280) ParOldGen: 3140519K(3140608K)->3140519K(3140608K)
[92.500s][info][gc,metaspace   ] GC(280) Metaspace: 6302K(6528K)->6302K(6528K) NonClass: 5769K(5888K)->5769K(5888K) Class: 533K(640K)->533K(640K)
[92.500s][info][gc             ] GC(280) Pause Full (Ergonomics) 3186M->3186M(3247M) 1264.565ms
[92.500s][info][gc,cpu         ] GC(280) User=7.81s Sys=0.02s Real=1.26s
[92.500s][info][gc,start       ] GC(281) Pause Full (Ergonomics)
[92.500s][info][gc,phases,start] GC(281) Marking Phase
[93.402s][info][gc,phases      ] GC(281) Marking Phase 901.632ms
[93.402s][info][gc,phases,start] GC(281) Summary Phase
[93.402s][info][gc,phases      ] GC(281) Summary Phase 0.111ms
[93.402s][info][gc,phases,start] GC(281) Adjust Roots
[93.403s][info][gc,phases      ] GC(281) Adjust Roots 0.567ms
[93.403s][info][gc,phases,start] GC(281) Compaction Phase
[93.766s][info][gc,phases      ] GC(281) Compaction Phase 363.249ms
[93.766s][info][gc,phases,start] GC(281) Post Compact
[93.777s][info][gc,phases      ] GC(281) Post Compact 10.959ms
[93.777s][info][gc,heap        ] GC(281) PSYoungGen: 122405K(184320K)->122405K(184320K) Eden: 39423K(39424K)->39423K(39424K) From: 82981K(144896K)->82981K(144896K)
[93.777s][info][gc,heap        ] GC(281) ParOldGen: 3140524K(3140608K)->3140524K(3140608K)
[93.778s][info][gc,metaspace   ] GC(281) Metaspace: 6302K(6528K)->6302K(6528K) NonClass: 5769K(5888K)->5769K(5888K) Class: 533K(640K)->533K(640K)
[93.778s][info][gc             ] GC(281) Pause Full (Ergonomics) 3186M->3186M(3247M) 1277.205ms
[93.778s][info][gc,cpu         ] GC(281) User=7.86s Sys=0.03s Real=1.28s
[93.778s][info][gc,start       ] GC(282) Pause Full (Ergonomics)
[93.778s][info][gc,phases,start] GC(282) Marking Phase
[94.692s][info][gc,phases      ] GC(282) Marking Phase 914.020ms
[94.692s][info][gc,phases,start] GC(282) Summary Phase
[94.692s][info][gc,phases      ] GC(282) Summary Phase 0.087ms
[94.692s][info][gc,phases,start] GC(282) Adjust Roots
[94.693s][info][gc,phases      ] GC(282) Adjust Roots 0.331ms
[94.693s][info][gc,phases,start] GC(282) Compaction Phase
[95.065s][info][gc,phases      ] GC(282) Compaction Phase 372.624ms
[95.065s][info][gc,phases,start] GC(282) Post Compact
[95.075s][info][gc,phases      ] GC(282) Post Compact 9.685ms
[95.075s][info][gc,heap        ] GC(282) PSYoungGen: 122405K(184320K)->122405K(184320K) Eden: 39423K(39424K)->39423K(39424K) From: 82981K(144896K)->82981K(144896K)
[95.076s][info][gc,heap        ] GC(282) ParOldGen: 3140529K(3140608K)->3140529K(3140608K)
[95.076s][info][gc,metaspace   ] GC(282) Metaspace: 6302K(6528K)->6302K(6528K) NonClass: 5769K(5888K)->5769K(5888K) Class: 533K(640K)->533K(640K)
[95.076s][info][gc             ] GC(282) Pause Full (Ergonomics) 3186M->3186M(3247M) 1297.637ms
[95.076s][info][gc,cpu         ] GC(282) User=7.56s Sys=0.00s Real=1.30s
[95.076s][info][gc,start       ] GC(283) Pause Full (Ergonomics)
[95.076s][info][gc,phases,start] GC(283) Marking Phase
[96.041s][info][gc,phases      ] GC(283) Marking Phase 965.208ms
[96.042s][info][gc,phases,start] GC(283) Summary Phase
[96.042s][info][gc,phases      ] GC(283) Summary Phase 0.064ms
[96.042s][info][gc,phases,start] GC(283) Adjust Roots
[96.042s][info][gc,phases      ] GC(283) Adjust Roots 0.355ms
[96.042s][info][gc,phases,start] GC(283) Compaction Phase
[96.427s][info][gc,phases      ] GC(283) Compaction Phase 384.641ms
[96.427s][info][gc,phases,start] GC(283) Post Compact
[96.437s][info][gc,phases      ] GC(283) Post Compact 10.347ms
[96.437s][info][gc,heap        ] GC(283) PSYoungGen: 122405K(184320K)->122405K(184320K) Eden: 39423K(39424K)->39423K(39424K) From: 82981K(144896K)->82981K(144896K)
[96.437s][info][gc,heap        ] GC(283) ParOldGen: 3140534K(3140608K)->3140534K(3140608K)
[96.437s][info][gc,metaspace   ] GC(283) Metaspace: 6302K(6528K)->6302K(6528K) NonClass: 5769K(5888K)->5769K(5888K) Class: 533K(640K)->533K(640K)
[96.437s][info][gc             ] GC(283) Pause Full (Ergonomics) 3186M->3186M(3247M) 1361.253ms
[96.438s][info][gc,cpu         ] GC(283) User=7.66s Sys=0.05s Real=1.36s
[96.438s][info][gc,start       ] GC(284) Pause Full (Ergonomics)
[96.438s][info][gc,phases,start] GC(284) Marking Phase
[97.450s][info][gc,phases      ] GC(284) Marking Phase 1012.619ms
[97.451s][info][gc,phases,start] GC(284) Summary Phase
[97.451s][info][gc,phases      ] GC(284) Summary Phase 0.073ms
[97.451s][info][gc,phases,start] GC(284) Adjust Roots
[97.451s][info][gc,phases      ] GC(284) Adjust Roots 0.318ms
[97.451s][info][gc,phases,start] GC(284) Compaction Phase
[97.868s][info][gc,phases      ] GC(284) Compaction Phase 417.339ms
[97.868s][info][gc,phases,start] GC(284) Post Compact
[97.876s][info][gc,phases      ] GC(284) Post Compact 7.845ms
[97.876s][info][gc,heap        ] GC(284) PSYoungGen: 122405K(184320K)->122405K(184320K) Eden: 39423K(39424K)->39423K(39424K) From: 82981K(144896K)->82981K(144896K)
[97.876s][info][gc,heap        ] GC(284) ParOldGen: 3140539K(3140608K)->3140539K(3140608K)
[97.876s][info][gc,metaspace   ] GC(284) Metaspace: 6302K(6528K)->6302K(6528K) NonClass: 5769K(5888K)->5769K(5888K) Class: 533K(640K)->533K(640K)
[97.877s][info][gc             ] GC(284) Pause Full (Ergonomics) 3186M->3186M(3247M) 1438.751ms
[97.877s][info][gc,cpu         ] GC(284) User=7.83s Sys=0.03s Real=1.44s
[97.877s][info][gc,start       ] GC(285) Pause Full (Ergonomics)
[97.877s][info][gc,phases,start] GC(285) Marking Phase
[98.712s][info][gc,phases      ] GC(285) Marking Phase 834.665ms
[98.712s][info][gc,phases,start] GC(285) Summary Phase
[98.712s][info][gc,phases      ] GC(285) Summary Phase 0.064ms
[98.712s][info][gc,phases,start] GC(285) Adjust Roots
[98.712s][info][gc,phases      ] GC(285) Adjust Roots 0.308ms
[98.712s][info][gc,phases,start] GC(285) Compaction Phase
[99.087s][info][gc,phases      ] GC(285) Compaction Phase 374.700ms
[99.087s][info][gc,phases,start] GC(285) Post Compact
[99.094s][info][gc,phases      ] GC(285) Post Compact 7.608ms
[99.095s][info][gc,heap        ] GC(285) PSYoungGen: 122405K(184320K)->122405K(184320K) Eden: 39423K(39424K)->39423K(39424K) From: 82981K(144896K)->82981K(144896K)
[99.095s][info][gc,heap        ] GC(285) ParOldGen: 3140544K(3140608K)->3140544K(3140608K)
[99.095s][info][gc,metaspace   ] GC(285) Metaspace: 6302K(6528K)->6302K(6528K) NonClass: 5769K(5888K)->5769K(5888K) Class: 533K(640K)->533K(640K)
[99.095s][info][gc             ] GC(285) Pause Full (Ergonomics) 3186M->3186M(3247M) 1217.800ms
[99.095s][info][gc,cpu         ] GC(285) User=7.86s Sys=0.03s Real=1.22s
[99.095s][info][gc,start       ] GC(286) Pause Full (Ergonomics)
[99.095s][info][gc,phases,start] GC(286) Marking Phase
[99.946s][info][gc,phases      ] GC(286) Marking Phase 851.138ms
[99.946s][info][gc,phases,start] GC(286) Summary Phase
[99.946s][info][gc,phases      ] GC(286) Summary Phase 0.057ms
[99.946s][info][gc,phases,start] GC(286) Adjust Roots
[99.946s][info][gc,phases      ] GC(286) Adjust Roots 0.292ms
[99.947s][info][gc,phases,start] GC(286) Compaction Phase
[100.306s][info][gc,phases      ] GC(286) Compaction Phase 359.323ms
[100.306s][info][gc,phases,start] GC(286) Post Compact
[100.313s][info][gc,phases      ] GC(286) Post Compact 7.487ms
[100.314s][info][gc,heap        ] GC(286) PSYoungGen: 122405K(184320K)->122405K(184320K) Eden: 39423K(39424K)->39423K(39424K) From: 82981K(144896K)->82981K(144896K)
[100.314s][info][gc,heap        ] GC(286) ParOldGen: 3140548K(3140608K)->3140548K(3140608K)
[100.314s][info][gc,metaspace   ] GC(286) Metaspace: 6302K(6528K)->6302K(6528K) NonClass: 5769K(5888K)->5769K(5888K) Class: 533K(640K)->533K(640K)
[100.314s][info][gc             ] GC(286) Pause Full (Ergonomics) 3186M->3186M(3247M) 1218.777ms
[100.314s][info][gc,cpu         ] GC(286) User=7.84s Sys=0.02s Real=1.22s
[100.314s][info][gc,start       ] GC(287) Pause Full (Ergonomics)
[100.314s][info][gc,phases,start] GC(287) Marking Phase
[101.116s][info][gc,phases      ] GC(287) Marking Phase 801.876ms
[101.116s][info][gc,phases,start] GC(287) Summary Phase
[101.116s][info][gc,phases      ] GC(287) Summary Phase 0.074ms
[101.116s][info][gc,phases,start] GC(287) Adjust Roots
[101.116s][info][gc,phases      ] GC(287) Adjust Roots 0.218ms
[101.116s][info][gc,phases,start] GC(287) Compaction Phase
[101.438s][info][gc,phases      ] GC(287) Compaction Phase 321.493ms
[101.438s][info][gc,phases,start] GC(287) Post Compact
[101.444s][info][gc,phases      ] GC(287) Post Compact 6.611ms
[101.445s][info][gc,heap        ] GC(287) PSYoungGen: 122405K(184320K)->122405K(184320K) Eden: 39423K(39424K)->39423K(39424K) From: 82981K(144896K)->82981K(144896K)
[101.445s][info][gc,heap        ] GC(287) ParOldGen: 3140553K(3140608K)->3140553K(3140608K)
[101.445s][info][gc,metaspace   ] GC(287) Metaspace: 6302K(6528K)->6302K(6528K) NonClass: 5769K(5888K)->5769K(5888K) Class: 533K(640K)->533K(640K)
[101.445s][info][gc             ] GC(287) Pause Full (Ergonomics) 3186M->3186M(3247M) 1130.660ms
[101.445s][info][gc,cpu         ] GC(287) User=8.00s Sys=0.00s Real=1.13s
[101.445s][info][gc,start       ] GC(288) Pause Full (Ergonomics)
[101.445s][info][gc,phases,start] GC(288) Marking Phase
[102.303s][info][gc,phases      ] GC(288) Marking Phase 858.441ms
[102.304s][info][gc,phases,start] GC(288) Summary Phase
[102.304s][info][gc,phases      ] GC(288) Summary Phase 0.093ms
[102.304s][info][gc,phases,start] GC(288) Adjust Roots
[102.304s][info][gc,phases      ] GC(288) Adjust Roots 0.343ms
[102.304s][info][gc,phases,start] GC(288) Compaction Phase
[102.627s][info][gc,phases      ] GC(288) Compaction Phase 323.254ms
[102.627s][info][gc,phases,start] GC(288) Post Compact
[102.634s][info][gc,phases      ] GC(288) Post Compact 6.509ms
[102.634s][info][gc,heap        ] GC(288) PSYoungGen: 122405K(184320K)->122405K(184320K) Eden: 39423K(39424K)->39423K(39424K) From: 82981K(144896K)->82981K(144896K)
[102.634s][info][gc,heap        ] GC(288) ParOldGen: 3140558K(3140608K)->3140558K(3140608K)
[102.634s][info][gc,metaspace   ] GC(288) Metaspace: 6302K(6528K)->6302K(6528K) NonClass: 5769K(5888K)->5769K(5888K) Class: 533K(640K)->533K(640K)
[102.634s][info][gc             ] GC(288) Pause Full (Ergonomics) 3186M->3186M(3247M) 1189.123ms
[102.634s][info][gc,cpu         ] GC(288) User=7.58s Sys=0.00s Real=1.19s
[102.634s][info][gc,start       ] GC(289) Pause Full (Ergonomics)
[102.634s][info][gc,phases,start] GC(289) Marking Phase
[103.437s][info][gc,phases      ] GC(289) Marking Phase 802.397ms
[103.437s][info][gc,phases,start] GC(289) Summary Phase
[103.437s][info][gc,phases      ] GC(289) Summary Phase 0.068ms
[103.437s][info][gc,phases,start] GC(289) Adjust Roots
[103.437s][info][gc,phases      ] GC(289) Adjust Roots 0.228ms
[103.437s][info][gc,phases,start] GC(289) Compaction Phase
[103.780s][info][gc,phases      ] GC(289) Compaction Phase 342.904ms
[103.780s][info][gc,phases,start] GC(289) Post Compact
[103.789s][info][gc,phases      ] GC(289) Post Compact 9.148ms
[103.789s][info][gc,heap        ] GC(289) PSYoungGen: 122405K(184320K)->122405K(184320K) Eden: 39423K(39424K)->39423K(39424K) From: 82981K(144896K)->82981K(144896K)
[103.789s][info][gc,heap        ] GC(289) ParOldGen: 3140563K(3140608K)->3140563K(3140608K)
[103.789s][info][gc,metaspace   ] GC(289) Metaspace: 6302K(6528K)->6302K(6528K) NonClass: 5769K(5888K)->5769K(5888K) Class: 533K(640K)->533K(640K)
[103.790s][info][gc             ] GC(289) Pause Full (Ergonomics) 3186M->3186M(3247M) 1155.286ms
[103.790s][info][gc,cpu         ] GC(289) User=8.05s Sys=0.00s Real=1.15s
[103.793s][info][gc,start       ] GC(290) Pause Full (Ergonomics)
[103.793s][info][gc,phases,start] GC(290) Marking Phase
[104.633s][info][gc,phases      ] GC(290) Marking Phase 839.758ms
[104.633s][info][gc,phases,start] GC(290) Summary Phase
[104.633s][info][gc,phases      ] GC(290) Summary Phase 0.067ms
[104.633s][info][gc,phases,start] GC(290) Adjust Roots
[104.633s][info][gc,phases      ] GC(290) Adjust Roots 0.349ms
[104.633s][info][gc,phases,start] GC(290) Compaction Phase
[104.952s][info][gc,phases      ] GC(290) Compaction Phase 318.560ms
[104.952s][info][gc,phases,start] GC(290) Post Compact
[104.959s][info][gc,phases      ] GC(290) Post Compact 6.782ms
[104.959s][info][gc,heap        ] GC(290) PSYoungGen: 122405K(184320K)->122405K(184320K) Eden: 39423K(39424K)->39423K(39424K) From: 82981K(144896K)->82981K(144896K)
[104.959s][info][gc,heap        ] GC(290) ParOldGen: 3140568K(3140608K)->3140568K(3140608K)
[104.959s][info][gc,metaspace   ] GC(290) Metaspace: 6302K(6528K)->6302K(6528K) NonClass: 5769K(5888K)->5769K(5888K) Class: 533K(640K)->533K(640K)
[104.959s][info][gc             ] GC(290) Pause Full (Ergonomics) 3186M->3186M(3247M) 1165.989ms
[104.959s][info][gc,cpu         ] GC(290) User=8.16s Sys=0.00s Real=1.17s
[104.959s][info][gc,start       ] GC(291) Pause Full (Ergonomics)
[104.959s][info][gc,phases,start] GC(291) Marking Phase
[105.828s][info][gc,phases      ] GC(291) Marking Phase 869.064ms
[105.828s][info][gc,phases,start] GC(291) Summary Phase
[105.828s][info][gc,phases      ] GC(291) Summary Phase 0.067ms
[105.828s][info][gc,phases,start] GC(291) Adjust Roots
[105.829s][info][gc,phases      ] GC(291) Adjust Roots 0.296ms
[105.829s][info][gc,phases,start] GC(291) Compaction Phase
[106.214s][info][gc,phases      ] GC(291) Compaction Phase 385.203ms
[106.214s][info][gc,phases,start] GC(291) Post Compact
[106.221s][info][gc,phases      ] GC(291) Post Compact 7.016ms
[106.221s][info][gc,heap        ] GC(291) PSYoungGen: 122405K(184320K)->122405K(184320K) Eden: 39423K(39424K)->39423K(39424K) From: 82981K(144896K)->82981K(144896K)
[106.221s][info][gc,heap        ] GC(291) ParOldGen: 3140573K(3140608K)->3140573K(3140608K)
[106.221s][info][gc,metaspace   ] GC(291) Metaspace: 6302K(6528K)->6302K(6528K) NonClass: 5769K(5888K)->5769K(5888K) Class: 533K(640K)->533K(640K)
[106.221s][info][gc             ] GC(291) Pause Full (Ergonomics) 3186M->3186M(3247M) 1262.133ms
[106.221s][info][gc,cpu         ] GC(291) User=8.09s Sys=0.00s Real=1.26s
[106.222s][info][gc,start       ] GC(292) Pause Full (Ergonomics)
[106.222s][info][gc,phases,start] GC(292) Marking Phase
[107.012s][info][gc,phases      ] GC(292) Marking Phase 790.799ms
[107.012s][info][gc,phases,start] GC(292) Summary Phase
[107.013s][info][gc,phases      ] GC(292) Summary Phase 0.068ms
[107.013s][info][gc,phases,start] GC(292) Adjust Roots
[107.013s][info][gc,phases      ] GC(292) Adjust Roots 0.282ms
[107.013s][info][gc,phases,start] GC(292) Compaction Phase
[107.328s][info][gc,phases      ] GC(292) Compaction Phase 315.068ms
[107.328s][info][gc,phases,start] GC(292) Post Compact
[107.335s][info][gc,phases      ] GC(292) Post Compact 6.637ms
[107.335s][info][gc,heap        ] GC(292) PSYoungGen: 122405K(184320K)->122405K(184320K) Eden: 39423K(39424K)->39423K(39424K) From: 82981K(144896K)->82981K(144896K)
[107.335s][info][gc,heap        ] GC(292) ParOldGen: 3140577K(3140608K)->3140577K(3140608K)
[107.335s][info][gc,metaspace   ] GC(292) Metaspace: 6302K(6528K)->6302K(6528K) NonClass: 5769K(5888K)->5769K(5888K) Class: 533K(640K)->533K(640K)
[107.335s][info][gc             ] GC(292) Pause Full (Ergonomics) 3186M->3186M(3247M) 1113.271ms
[107.335s][info][gc,cpu         ] GC(292) User=7.84s Sys=0.00s Real=1.11s
[107.335s][info][gc,start       ] GC(293) Pause Full (Ergonomics)
[107.335s][info][gc,phases,start] GC(293) Marking Phase
[108.160s][info][gc,phases      ] GC(293) Marking Phase 824.981ms
[108.160s][info][gc,phases,start] GC(293) Summary Phase
[108.160s][info][gc,phases      ] GC(293) Summary Phase 0.063ms
[108.160s][info][gc,phases,start] GC(293) Adjust Roots
[108.161s][info][gc,phases      ] GC(293) Adjust Roots 0.234ms
[108.161s][info][gc,phases,start] GC(293) Compaction Phase
[108.486s][info][gc,phases      ] GC(293) Compaction Phase 325.305ms
[108.486s][info][gc,phases,start] GC(293) Post Compact
[108.492s][info][gc,phases      ] GC(293) Post Compact 6.117ms
[108.492s][info][gc,heap        ] GC(293) PSYoungGen: 122405K(184320K)->122405K(184320K) Eden: 39423K(39424K)->39423K(39424K) From: 82981K(144896K)->82981K(144896K)
[108.492s][info][gc,heap        ] GC(293) ParOldGen: 3140582K(3140608K)->3140582K(3140608K)
[108.492s][info][gc,metaspace   ] GC(293) Metaspace: 6302K(6528K)->6302K(6528K) NonClass: 5769K(5888K)->5769K(5888K) Class: 533K(640K)->533K(640K)
[108.492s][info][gc             ] GC(293) Pause Full (Ergonomics) 3186M->3186M(3247M) 1157.073ms
[108.492s][info][gc,cpu         ] GC(293) User=8.03s Sys=0.00s Real=1.16s
[108.492s][info][gc,start       ] GC(294) Pause Full (Ergonomics)
[108.493s][info][gc,phases,start] GC(294) Marking Phase
[109.297s][info][gc,phases      ] GC(294) Marking Phase 804.121ms
[109.297s][info][gc,phases,start] GC(294) Summary Phase
[109.297s][info][gc,phases      ] GC(294) Summary Phase 0.105ms
[109.297s][info][gc,phases,start] GC(294) Adjust Roots
[109.297s][info][gc,phases      ] GC(294) Adjust Roots 0.366ms
[109.297s][info][gc,phases,start] GC(294) Compaction Phase
[109.640s][info][gc,phases      ] GC(294) Compaction Phase 342.771ms
[109.640s][info][gc,phases,start] GC(294) Post Compact
[109.650s][info][gc,phases      ] GC(294) Post Compact 9.475ms
[109.650s][info][gc,heap        ] GC(294) PSYoungGen: 122405K(184320K)->122405K(184320K) Eden: 39423K(39424K)->39423K(39424K) From: 82981K(144896K)->82981K(144896K)
[109.650s][info][gc,heap        ] GC(294) ParOldGen: 3140587K(3140608K)->3140587K(3140608K)
[109.650s][info][gc,metaspace   ] GC(294) Metaspace: 6302K(6528K)->6302K(6528K) NonClass: 5769K(5888K)->5769K(5888K) Class: 533K(640K)->533K(640K)
[109.650s][info][gc             ] GC(294) Pause Full (Ergonomics) 3186M->3186M(3247M) 1157.438ms
[109.650s][info][gc,cpu         ] GC(294) User=7.81s Sys=0.00s Real=1.16s
[109.650s][info][gc,start       ] GC(295) Pause Full (Ergonomics)
[109.650s][info][gc,phases,start] GC(295) Marking Phase
[110.527s][info][gc,phases      ] GC(295) Marking Phase 877.159ms
[110.528s][info][gc,phases,start] GC(295) Summary Phase
[110.528s][info][gc,phases      ] GC(295) Summary Phase 0.072ms
[110.528s][info][gc,phases,start] GC(295) Adjust Roots
[110.528s][info][gc,phases      ] GC(295) Adjust Roots 0.298ms
[110.528s][info][gc,phases,start] GC(295) Compaction Phase
[110.855s][info][gc,phases      ] GC(295) Compaction Phase 327.414ms
[110.855s][info][gc,phases,start] GC(295) Post Compact
[110.864s][info][gc,phases      ] GC(295) Post Compact 8.393ms
[110.864s][info][gc,heap        ] GC(295) PSYoungGen: 122405K(184320K)->122405K(184320K) Eden: 39423K(39424K)->39423K(39424K) From: 82981K(144896K)->82981K(144896K)
[110.864s][info][gc,heap        ] GC(295) ParOldGen: 3140592K(3140608K)->3140592K(3140608K)
[110.864s][info][gc,metaspace   ] GC(295) Metaspace: 6302K(6528K)->6302K(6528K) NonClass: 5769K(5888K)->5769K(5888K) Class: 533K(640K)->533K(640K)
[110.864s][info][gc             ] GC(295) Pause Full (Ergonomics) 3186M->3186M(3247M) 1213.868ms
[110.864s][info][gc,cpu         ] GC(295) User=7.53s Sys=0.03s Real=1.21s
[110.864s][info][gc,start       ] GC(296) Pause Full (Ergonomics)
[110.864s][info][gc,phases,start] GC(296) Marking Phase
[111.775s][info][gc,phases      ] GC(296) Marking Phase 910.892ms
[111.775s][info][gc,phases,start] GC(296) Summary Phase
[111.775s][info][gc,phases      ] GC(296) Summary Phase 0.066ms
[111.775s][info][gc,phases,start] GC(296) Adjust Roots
[111.776s][info][gc,phases      ] GC(296) Adjust Roots 0.277ms
[111.776s][info][gc,phases,start] GC(296) Compaction Phase
[112.138s][info][gc,phases      ] GC(296) Compaction Phase 362.606ms
[112.138s][info][gc,phases,start] GC(296) Post Compact
[112.146s][info][gc,phases      ] GC(296) Post Compact 7.256ms
[112.146s][info][gc,heap        ] GC(296) PSYoungGen: 122405K(184320K)->122405K(184320K) Eden: 39423K(39424K)->39423K(39424K) From: 82981K(144896K)->82981K(144896K)
[112.146s][info][gc,heap        ] GC(296) ParOldGen: 3140597K(3140608K)->3140597K(3140608K)
[112.146s][info][gc,metaspace   ] GC(296) Metaspace: 6302K(6528K)->6302K(6528K) NonClass: 5769K(5888K)->5769K(5888K) Class: 533K(640K)->533K(640K)
[112.146s][info][gc             ] GC(296) Pause Full (Ergonomics) 3186M->3186M(3247M) 1281.471ms
[112.146s][info][gc,cpu         ] GC(296) User=7.83s Sys=0.00s Real=1.28s
[112.146s][info][gc,start       ] GC(297) Pause Full (Ergonomics)
[112.146s][info][gc,phases,start] GC(297) Marking Phase
[113.000s][info][gc,phases      ] GC(297) Marking Phase 853.817ms
[113.000s][info][gc,phases,start] GC(297) Summary Phase
[113.000s][info][gc,phases      ] GC(297) Summary Phase 0.066ms
[113.000s][info][gc,phases,start] GC(297) Adjust Roots
[113.000s][info][gc,phases      ] GC(297) Adjust Roots 0.290ms
[113.000s][info][gc,phases,start] GC(297) Compaction Phase
[113.351s][info][gc,phases      ] GC(297) Compaction Phase 350.063ms
[113.351s][info][gc,phases,start] GC(297) Post Compact
[113.358s][info][gc,phases      ] GC(297) Post Compact 7.782ms
[113.358s][info][gc,heap        ] GC(297) PSYoungGen: 122405K(184320K)->122405K(184320K) Eden: 39423K(39424K)->39423K(39424K) From: 82981K(144896K)->82981K(144896K)
[113.358s][info][gc,heap        ] GC(297) ParOldGen: 3140602K(3140608K)->3140602K(3140608K)
[113.358s][info][gc,metaspace   ] GC(297) Metaspace: 6302K(6528K)->6302K(6528K) NonClass: 5769K(5888K)->5769K(5888K) Class: 533K(640K)->533K(640K)
[113.359s][info][gc             ] GC(297) Pause Full (Ergonomics) 3186M->3186M(3247M) 1212.391ms
[113.359s][info][gc,cpu         ] GC(297) User=7.94s Sys=0.00s Real=1.21s
[113.359s][info][gc,start       ] GC(298) Pause Full (Ergonomics)
[113.359s][info][gc,phases,start] GC(298) Marking Phase
[114.193s][info][gc,phases      ] GC(298) Marking Phase 834.433ms
[114.193s][info][gc,phases,start] GC(298) Summary Phase
[114.193s][info][gc,phases      ] GC(298) Summary Phase 0.098ms
[114.193s][info][gc,phases,start] GC(298) Adjust Roots
[114.194s][info][gc,phases      ] GC(298) Adjust Roots 0.321ms
[114.194s][info][gc,phases,start] GC(298) Compaction Phase
[114.534s][info][gc,phases      ] GC(298) Compaction Phase 339.784ms
[114.534s][info][gc,phases,start] GC(298) Post Compact
[114.541s][info][gc,phases      ] GC(298) Post Compact 7.539ms
[114.541s][info][gc,heap        ] GC(298) PSYoungGen: 122405K(184320K)->122405K(184320K) Eden: 39423K(39424K)->39423K(39424K) From: 82981K(144896K)->82981K(144896K)
[114.541s][info][gc,heap        ] GC(298) ParOldGen: 3140606K(3140608K)->3140606K(3140608K)
[114.541s][info][gc,metaspace   ] GC(298) Metaspace: 6302K(6528K)->6302K(6528K) NonClass: 5769K(5888K)->5769K(5888K) Class: 533K(640K)->533K(640K)
[114.541s][info][gc             ] GC(298) Pause Full (Ergonomics) 3186M->3186M(3247M) 1182.703ms
[114.541s][info][gc,cpu         ] GC(298) User=7.48s Sys=0.02s Real=1.18s
[114.542s][info][gc,start       ] GC(299) Pause Full (Ergonomics)
[114.542s][info][gc,phases,start] GC(299) Marking Phase
[115.360s][info][gc,phases      ] GC(299) Marking Phase 818.702ms
[115.360s][info][gc,phases,start] GC(299) Summary Phase
[115.361s][info][gc,phases      ] GC(299) Summary Phase 0.067ms
[115.361s][info][gc,phases,start] GC(299) Adjust Roots
[115.361s][info][gc,phases      ] GC(299) Adjust Roots 0.402ms
[115.361s][info][gc,phases,start] GC(299) Compaction Phase
[115.663s][info][gc,phases      ] GC(299) Compaction Phase 301.528ms
[115.663s][info][gc,phases,start] GC(299) Post Compact
[115.670s][info][gc,phases      ] GC(299) Post Compact 7.399ms
[115.670s][info][gc,heap        ] GC(299) PSYoungGen: 122405K(184320K)->122405K(184320K) Eden: 39423K(39424K)->39423K(39424K) From: 82981K(144896K)->82981K(144896K)
[115.670s][info][gc,heap        ] GC(299) ParOldGen: 3140607K(3140608K)->3140607K(3140608K)
[115.670s][info][gc,metaspace   ] GC(299) Metaspace: 6302K(6528K)->6302K(6528K) NonClass: 5769K(5888K)->5769K(5888K) Class: 533K(640K)->533K(640K)
[115.670s][info][gc             ] GC(299) Pause Full (Ergonomics) 3186M->3186M(3247M) 1128.561ms
[115.670s][info][gc,cpu         ] GC(299) User=7.77s Sys=0.00s Real=1.13s
[115.670s][info][gc,start       ] GC(300) Pause Full (Allocation Failure)
[115.670s][info][gc,phases,start] GC(300) Marking Phase
[116.490s][info][gc,phases      ] GC(300) Marking Phase 820.130ms
[116.491s][info][gc,phases,start] GC(300) Summary Phase
[116.491s][info][gc,phases      ] GC(300) Summary Phase 0.046ms
[116.491s][info][gc,phases,start] GC(300) Adjust Roots
[116.491s][info][gc,phases      ] GC(300) Adjust Roots 0.446ms
[116.491s][info][gc,phases,start] GC(300) Compaction Phase
[117.315s][info][gc,phases      ] GC(300) Compaction Phase 823.515ms
[117.315s][info][gc,phases,start] GC(300) Post Compact
[117.323s][info][gc,phases      ] GC(300) Post Compact 7.841ms
[117.323s][info][gc,heap        ] GC(300) PSYoungGen: 122405K(184320K)->122405K(184320K) Eden: 39423K(39424K)->39423K(39424K) From: 82981K(144896K)->82981K(144896K)
[117.323s][info][gc,heap        ] GC(300) ParOldGen: 3140607K(3140608K)->3140603K(3140608K)
[117.323s][info][gc,metaspace   ] GC(300) Metaspace: 6302K(6528K)->6300K(6528K) NonClass: 5769K(5888K)->5768K(5888K) Class: 533K(640K)->532K(640K)
[117.323s][info][gc             ] GC(300) Pause Full (Allocation Failure) 3186M->3186M(3247M) 1652.341ms
[117.323s][info][gc,cpu         ] GC(300) User=10.91s Sys=0.03s Real=1.65s
[117.323s][info][gc,start       ] GC(301) Pause Full (Ergonomics)
[117.323s][info][gc,phases,start] GC(301) Marking Phase
[118.146s][info][gc,phases      ] GC(301) Marking Phase 822.346ms
[118.146s][info][gc,phases,start] GC(301) Summary Phase
[118.146s][info][gc,phases      ] GC(301) Summary Phase 0.060ms
[118.146s][info][gc,phases,start] GC(301) Adjust Roots
[118.146s][info][gc,phases      ] GC(301) Adjust Roots 0.282ms
[118.146s][info][gc,phases,start] GC(301) Compaction Phase
[118.466s][info][gc,phases      ] GC(301) Compaction Phase 319.943ms
[118.466s][info][gc,phases,start] GC(301) Post Compact
[118.474s][info][gc,phases      ] GC(301) Post Compact 7.692ms
[118.474s][info][gc,heap        ] GC(301) PSYoungGen: 122405K(184320K)->122405K(184320K) Eden: 39423K(39424K)->39423K(39424K) From: 82981K(144896K)->82981K(144896K)
[118.474s][info][gc,heap        ] GC(301) ParOldGen: 3140607K(3140608K)->3140607K(3140608K)
[118.474s][info][gc,metaspace   ] GC(301) Metaspace: 6300K(6528K)->6300K(6528K) NonClass: 5768K(5888K)->5768K(5888K) Class: 532K(640K)->532K(640K)
[118.474s][info][gc             ] GC(301) Pause Full (Ergonomics) 3186M->3186M(3247M) 1150.730ms
[118.474s][info][gc,cpu         ] GC(301) User=7.94s Sys=0.00s Real=1.15s
[118.474s][info][gc,start       ] GC(302) Pause Full (Ergonomics)
[118.475s][info][gc,phases,start] GC(302) Marking Phase
[119.283s][info][gc,phases      ] GC(302) Marking Phase 807.970ms
[119.283s][info][gc,phases,start] GC(302) Summary Phase
[119.283s][info][gc,phases      ] GC(302) Summary Phase 0.090ms
[119.283s][info][gc,phases,start] GC(302) Adjust Roots
[119.283s][info][gc,phases      ] GC(302) Adjust Roots 0.321ms
[119.283s][info][gc,phases,start] GC(302) Compaction Phase
[119.582s][info][gc,phases      ] GC(302) Compaction Phase 298.619ms
[119.582s][info][gc,phases,start] GC(302) Post Compact
[119.590s][info][gc,phases      ] GC(302) Post Compact 7.875ms
[119.590s][info][gc,heap        ] GC(302) PSYoungGen: 122405K(184320K)->122405K(184320K) Eden: 39423K(39424K)->39423K(39424K) From: 82981K(144896K)->82981K(144896K)
[119.590s][info][gc,heap        ] GC(302) ParOldGen: 3140607K(3140608K)->3140607K(3140608K)
[119.590s][info][gc,metaspace   ] GC(302) Metaspace: 6300K(6528K)->6300K(6528K) NonClass: 5768K(5888K)->5768K(5888K) Class: 532K(640K)->532K(640K)
[119.590s][info][gc             ] GC(302) Pause Full (Ergonomics) 3186M->3186M(3247M) 1115.512ms
[119.590s][info][gc,cpu         ] GC(302) User=7.70s Sys=0.00s Real=1.12s
[119.590s][info][gc,start       ] GC(303) Pause Full (Allocation Failure)
[119.590s][info][gc,phases,start] GC(303) Marking Phase
[120.422s][info][gc,phases      ] GC(303) Marking Phase 831.866ms
[120.422s][info][gc,phases,start] GC(303) Summary Phase
[120.422s][info][gc,phases      ] GC(303) Summary Phase 0.052ms
[120.422s][info][gc,phases,start] GC(303) Adjust Roots
[120.422s][info][gc,phases      ] GC(303) Adjust Roots 0.275ms
[120.422s][info][gc,phases,start] GC(303) Compaction Phase
[120.737s][info][gc,phases      ] GC(303) Compaction Phase 314.338ms
[120.737s][info][gc,phases,start] GC(303) Post Compact
[120.745s][info][gc,phases      ] GC(303) Post Compact 7.885ms
[120.745s][info][gc,heap        ] GC(303) PSYoungGen: 122405K(184320K)->122405K(184320K) Eden: 39423K(39424K)->39423K(39424K) From: 82981K(144896K)->82981K(144896K)
[120.745s][info][gc,heap        ] GC(303) ParOldGen: 3140607K(3140608K)->3140607K(3140608K)
[120.745s][info][gc,metaspace   ] GC(303) Metaspace: 6300K(6528K)->6300K(6528K) NonClass: 5768K(5888K)->5768K(5888K) Class: 532K(640K)->532K(640K)
[120.745s][info][gc             ] GC(303) Pause Full (Allocation Failure) 3186M->3186M(3247M) 1154.848ms
[120.745s][info][gc,cpu         ] GC(303) User=7.28s Sys=0.00s Real=1.15s
[120.746s][info][gc,start       ] GC(304) Pause Full (Ergonomics)
[120.746s][info][gc,phases,start] GC(304) Marking Phase
[121.567s][info][gc,phases      ] GC(304) Marking Phase 821.067ms
[121.567s][info][gc,phases,start] GC(304) Summary Phase
[121.567s][info][gc,phases      ] GC(304) Summary Phase 0.049ms
[121.567s][info][gc,phases,start] GC(304) Adjust Roots
[121.567s][info][gc,phases      ] GC(304) Adjust Roots 0.323ms
[121.567s][info][gc,phases,start] GC(304) Compaction Phase
[122.396s][info][gc,phases      ] GC(304) Compaction Phase 828.863ms
[122.396s][info][gc,phases,start] GC(304) Post Compact
[122.405s][info][gc,phases      ] GC(304) Post Compact 8.699ms
[122.405s][info][gc,heap        ] GC(304) PSYoungGen: 122405K(184320K)->122405K(184320K) Eden: 39423K(39424K)->39423K(39424K) From: 82981K(144896K)->82981K(144896K)
[122.405s][info][gc,heap        ] GC(304) ParOldGen: 3140607K(3140608K)->3140606K(3140608K)
[122.405s][info][gc,metaspace   ] GC(304) Metaspace: 6300K(6528K)->6300K(6528K) NonClass: 5768K(5888K)->5768K(5888K) Class: 532K(640K)->532K(640K)
[122.405s][info][gc             ] GC(304) Pause Full (Ergonomics) 3186M->3186M(3247M) 1659.516ms
[122.405s][info][gc,cpu         ] GC(304) User=10.33s Sys=0.02s Real=1.66s
[122.407s][info][gc,start       ] GC(305) Pause Full (Ergonomics)
[122.407s][info][gc,phases,start] GC(305) Marking Phase
[123.272s][info][gc,phases      ] GC(305) Marking Phase 865.152ms
[123.272s][info][gc,phases,start] GC(305) Summary Phase
[123.272s][info][gc,phases      ] GC(305) Summary Phase 0.064ms
[123.272s][info][gc,phases,start] GC(305) Adjust Roots
[123.272s][info][gc,phases      ] GC(305) Adjust Roots 0.386ms
[123.273s][info][gc,phases,start] GC(305) Compaction Phase
[124.106s][info][gc,phases      ] GC(305) Compaction Phase 833.139ms
[124.106s][info][gc,phases,start] GC(305) Post Compact
[124.115s][info][gc,phases      ] GC(305) Post Compact 9.293ms
[124.115s][info][gc,heap        ] GC(305) PSYoungGen: 122405K(184320K)->122405K(184320K) Eden: 39423K(39424K)->39423K(39424K) From: 82981K(144896K)->82981K(144896K)
[124.115s][info][gc,heap        ] GC(305) ParOldGen: 3140607K(3140608K)->3140605K(3140608K)
[124.115s][info][gc,metaspace   ] GC(305) Metaspace: 6302K(6528K)->6302K(6528K) NonClass: 5768K(5888K)->5768K(5888K) Class: 533K(640K)->533K(640K)
[124.115s][info][gc             ] GC(305) Pause Full (Ergonomics) 3186M->3186M(3247M) 1708.619ms
[124.115s][info][gc,cpu         ] GC(305) User=9.14s Sys=0.02s Real=1.71s
[124.116s][info][gc,heap,exit   ] Heap
[124.116s][info][gc,heap,exit   ]  PSYoungGen      total 184320K, used 122405K [0x00000007a0300000, 0x00000007b6400000, 0x0000000800000000)
[124.116s][info][gc,heap,exit   ]   eden space 39424K, 99% used [0x00000007a0300000,0x00000007a297fff8,0x00000007a2980000)
[124.116s][info][gc,heap,exit   ]   from space 144896K, 57% used [0x00000007ac480000,0x00000007b15897c8,0x00000007b5200000)
[124.116s][info][gc,heap,exit   ]   to   space 158720K, 0% used [0x00000007a2980000,0x00000007a2980000,0x00000007ac480000)
[124.116s][info][gc,heap,exit   ]  ParOldGen       total 3140608K, used 3140605K [0x00000006e0800000, 0x00000007a0300000, 0x00000007a0300000)
[124.116s][info][gc,heap,exit   ]   object space 3140608K, 99% used [0x00000006e0800000,0x00000007a02ff7c0,0x00000007a0300000)
[124.116s][info][gc,heap,exit   ]  Metaspace       used 6305K, committed 6528K, reserved 1114112K
[124.116s][info][gc,heap,exit   ]   class space    used 534K, committed 640K, reserved 1048576K
