[0.012s][info][gc,init] CardTable entry size: 512
[0.012s][info][gc     ] Using Parallel
[0.013s][info][gc,init] Version: 18.0.1+10 (release)
[0.013s][info][gc,init] CPUs: 8 total, 8 available
[0.013s][info][gc,init] Memory: 16063M
[0.013s][info][gc,init] Large Page Support: Disabled
[0.013s][info][gc,init] NUMA Support: Disabled
[0.013s][info][gc,init] Compressed Oops: Enabled (Zero based)
[0.013s][info][gc,init] Alignments: Space 512K, Generation 512K, Heap 2M
[0.013s][info][gc,init] Heap Min Capacity: 2M
[0.013s][info][gc,init] Heap Initial Capacity: 2M
[0.013s][info][gc,init] Heap Max Capacity: 7700M
[0.013s][info][gc,init] Pre-touch: Disabled
[0.013s][info][gc,init] Parallel Workers: 8
[0.013s][info][gc,metaspace] CDS archive(s) not mapped
[0.013s][info][gc,metaspace] Compressed class space mapped at: 0x0000000800000000-0x0000000840000000, reserved size: 1073741824
[0.013s][info][gc,metaspace] Narrow klass base: 0x0000000800000000, Narrow klass shift: 0, Narrow klass range: 0x40000000
[0.103s][info][gc,start    ] GC(0) Pause Young (Allocation Failure)
[0.104s][info][gc,heap     ] GC(0) PSYoungGen: 512K(1024K)->448K(1024K) Eden: 512K(512K)->0K(512K) From: 0K(512K)->448K(512K)
[0.104s][info][gc,heap     ] GC(0) ParOldGen: 0K(512K)->8K(512K)
[0.104s][info][gc,metaspace] GC(0) Metaspace: 4229K(4352K)->4229K(4352K) NonClass: 3908K(3968K)->3908K(3968K) Class: 321K(384K)->321K(384K)
[0.104s][info][gc          ] GC(0) Pause Young (Allocation Failure) 0M->0M(1M) 1.469ms
[0.104s][info][gc,cpu      ] GC(0) User=0.00s Sys=0.00s Real=0.00s
[0.163s][info][gc,start    ] GC(1) Pause Young (Allocation Failure)
[0.164s][info][gc,heap     ] GC(1) PSYoungGen: 959K(1024K)->512K(1536K) Eden: 511K(512K)->0K(1024K) From: 448K(512K)->512K(512K)
[0.164s][info][gc,heap     ] GC(1) ParOldGen: 8K(512K)->88K(512K)
[0.164s][info][gc,metaspace] GC(1) Metaspace: 5878K(6016K)->5878K(6016K) NonClass: 5382K(5504K)->5382K(5504K) Class: 496K(512K)->496K(512K)
[0.164s][info][gc          ] GC(1) Pause Young (Allocation Failure) 0M->0M(2M) 0.863ms
[0.164s][info][gc,cpu      ] GC(1) User=0.00s Sys=0.00s Real=0.00s
[0.183s][info][gc,start    ] GC(2) Pause Young (Allocation Failure)
[0.184s][info][gc,heap     ] GC(2) PSYoungGen: 1536K(1536K)->512K(1536K) Eden: 1024K(1024K)->0K(1024K) From: 512K(512K)->512K(512K)
[0.184s][info][gc,heap     ] GC(2) ParOldGen: 88K(512K)->504K(512K)
[0.184s][info][gc,metaspace] GC(2) Metaspace: 6297K(6464K)->6297K(6464K) NonClass: 5763K(5824K)->5763K(5824K) Class: 533K(640K)->533K(640K)
[0.184s][info][gc          ] GC(2) Pause Young (Allocation Failure) 1M->0M(2M) 1.076ms
[0.184s][info][gc,cpu      ] GC(2) User=0.00s Sys=0.00s Real=0.00s
[0.184s][info][gc,start    ] GC(3) Pause Full (Ergonomics)
[0.184s][info][gc,phases,start] GC(3) Marking Phase
[0.185s][info][gc,phases      ] GC(3) Marking Phase 0.856ms
[0.185s][info][gc,phases,start] GC(3) Summary Phase
[0.185s][info][gc,phases      ] GC(3) Summary Phase 0.013ms
[0.185s][info][gc,phases,start] GC(3) Adjust Roots
[0.185s][info][gc,phases      ] GC(3) Adjust Roots 0.315ms
[0.185s][info][gc,phases,start] GC(3) Compaction Phase
[0.187s][info][gc,phases      ] GC(3) Compaction Phase 1.507ms
[0.187s][info][gc,phases,start] GC(3) Post Compact
[0.187s][info][gc,phases      ] GC(3) Post Compact 0.071ms
[0.187s][info][gc,heap        ] GC(3) PSYoungGen: 512K(1536K)->506K(1536K) Eden: 0K(1024K)->0K(1024K) From: 512K(512K)->506K(512K)
[0.187s][info][gc,heap        ] GC(3) ParOldGen: 504K(512K)->474K(2048K)
[0.187s][info][gc,metaspace   ] GC(3) Metaspace: 6297K(6464K)->6297K(6464K) NonClass: 5763K(5824K)->5763K(5824K) Class: 533K(640K)->533K(640K)
[0.187s][info][gc             ] GC(3) Pause Full (Ergonomics) 0M->0M(3M) 2.970ms
[0.187s][info][gc,cpu         ] GC(3) User=0.00s Sys=0.00s Real=0.00s
[0.189s][info][gc,start       ] GC(4) Pause Young (Allocation Failure)
[0.190s][info][gc,heap        ] GC(4) PSYoungGen: 1530K(1536K)->480K(2560K) Eden: 1024K(1024K)->0K(2048K) From: 506K(512K)->480K(512K)
[0.190s][info][gc,heap        ] GC(4) ParOldGen: 474K(2048K)->1030K(2048K)
[0.190s][info][gc,metaspace   ] GC(4) Metaspace: 6297K(6464K)->6297K(6464K) NonClass: 5763K(5824K)->5763K(5824K) Class: 533K(640K)->533K(640K)
[0.190s][info][gc             ] GC(4) Pause Young (Allocation Failure) 1M->1M(4M) 1.317ms
[0.190s][info][gc,cpu         ] GC(4) User=0.00s Sys=0.00s Real=0.00s
[0.193s][info][gc,start       ] GC(5) Pause Young (Allocation Failure)
[0.195s][info][gc,heap        ] GC(5) PSYoungGen: 2528K(2560K)->480K(2560K) Eden: 2048K(2048K)->0K(2048K) From: 480K(512K)->480K(512K)
[0.195s][info][gc,heap        ] GC(5) ParOldGen: 1030K(2048K)->2102K(2560K)
[0.195s][info][gc,metaspace   ] GC(5) Metaspace: 6297K(6464K)->6297K(6464K) NonClass: 5763K(5824K)->5763K(5824K) Class: 533K(640K)->533K(640K)
[0.195s][info][gc             ] GC(5) Pause Young (Allocation Failure) 3M->2M(5M) 1.906ms
[0.195s][info][gc,cpu         ] GC(5) User=0.00s Sys=0.00s Real=0.00s
[0.195s][info][gc,start       ] GC(6) Pause Full (Ergonomics)
[0.195s][info][gc,phases,start] GC(6) Marking Phase
[0.197s][info][gc,phases      ] GC(6) Marking Phase 1.482ms
[0.197s][info][gc,phases,start] GC(6) Summary Phase
[0.197s][info][gc,phases      ] GC(6) Summary Phase 0.169ms
[0.197s][info][gc,phases,start] GC(6) Adjust Roots
[0.197s][info][gc,phases      ] GC(6) Adjust Roots 0.316ms
[0.197s][info][gc,phases,start] GC(6) Compaction Phase
[0.199s][info][gc,phases      ] GC(6) Compaction Phase 2.266ms
[0.199s][info][gc,phases,start] GC(6) Post Compact
[0.199s][info][gc,phases      ] GC(6) Post Compact 0.034ms
[0.200s][info][gc,heap        ] GC(6) PSYoungGen: 480K(2560K)->0K(4096K) Eden: 0K(2048K)->0K(3072K) From: 480K(512K)->0K(1024K)
[0.200s][info][gc,heap        ] GC(6) ParOldGen: 2102K(2560K)->2542K(6144K)
[0.200s][info][gc,metaspace   ] GC(6) Metaspace: 6297K(6464K)->6297K(6464K) NonClass: 5763K(5824K)->5763K(5824K) Class: 533K(640K)->533K(640K)
[0.200s][info][gc             ] GC(6) Pause Full (Ergonomics) 2M->2M(10M) 4.650ms
[0.200s][info][gc,cpu         ] GC(6) User=0.00s Sys=0.00s Real=0.00s
[0.204s][info][gc,start       ] GC(7) Pause Young (Allocation Failure)
[0.206s][info][gc,heap        ] GC(7) PSYoungGen: 3072K(4096K)->1664K(5120K) Eden: 3072K(3072K)->0K(3072K) From: 0K(1024K)->1664K(2048K)
[0.206s][info][gc,heap        ] GC(7) ParOldGen: 2542K(6144K)->2542K(6144K)
[0.206s][info][gc,metaspace   ] GC(7) Metaspace: 6297K(6464K)->6297K(6464K) NonClass: 5763K(5824K)->5763K(5824K) Class: 533K(640K)->533K(640K)
[0.206s][info][gc             ] GC(7) Pause Young (Allocation Failure) 5M->4M(11M) 1.699ms
[0.206s][info][gc,cpu         ] GC(7) User=0.00s Sys=0.00s Real=0.00s
[0.211s][info][gc,start       ] GC(8) Pause Young (Allocation Failure)
[0.214s][info][gc,heap        ] GC(8) PSYoungGen: 4736K(5120K)->2016K(5632K) Eden: 3072K(3072K)->0K(3584K) From: 1664K(2048K)->2016K(2048K)
[0.214s][info][gc,heap        ] GC(8) ParOldGen: 2542K(6144K)->3774K(6144K)
[0.214s][info][gc,metaspace   ] GC(8) Metaspace: 6297K(6464K)->6297K(6464K) NonClass: 5763K(5824K)->5763K(5824K) Class: 533K(640K)->533K(640K)
[0.214s][info][gc             ] GC(8) Pause Young (Allocation Failure) 7M->5M(11M) 2.572ms
[0.214s][info][gc,cpu         ] GC(8) User=0.00s Sys=0.00s Real=0.00s
[0.220s][info][gc,start       ] GC(9) Pause Young (Allocation Failure)
[0.224s][info][gc,heap        ] GC(9) PSYoungGen: 5600K(5632K)->3040K(6656K) Eden: 3584K(3584K)->0K(3584K) From: 2016K(2048K)->3040K(3072K)
[0.224s][info][gc,heap        ] GC(9) ParOldGen: 3774K(6144K)->4614K(6144K)
[0.224s][info][gc,metaspace   ] GC(9) Metaspace: 6297K(6464K)->6297K(6464K) NonClass: 5763K(5824K)->5763K(5824K) Class: 533K(640K)->533K(640K)
[0.224s][info][gc             ] GC(9) Pause Young (Allocation Failure) 9M->7M(12M) 4.217ms
[0.224s][info][gc,cpu         ] GC(9) User=0.00s Sys=0.00s Real=0.00s
[0.227s][info][gc,start       ] GC(10) Pause Young (Allocation Failure)
[0.231s][info][gc,heap        ] GC(10) PSYoungGen: 6624K(6656K)->4064K(8704K) Eden: 3584K(3584K)->0K(4608K) From: 3040K(3072K)->4064K(4096K)
[0.231s][info][gc,heap        ] GC(10) ParOldGen: 4614K(6144K)->5462K(6144K)
[0.231s][info][gc,metaspace   ] GC(10) Metaspace: 6297K(6464K)->6297K(6464K) NonClass: 5763K(5824K)->5763K(5824K) Class: 533K(640K)->533K(640K)
[0.231s][info][gc             ] GC(10) Pause Young (Allocation Failure) 10M->9M(14M) 3.962ms
[0.231s][info][gc,cpu         ] GC(10) User=0.00s Sys=0.00s Real=0.00s
[0.231s][info][gc,start       ] GC(11) Pause Full (Ergonomics)
[0.231s][info][gc,phases,start] GC(11) Marking Phase
[0.235s][info][gc,phases      ] GC(11) Marking Phase 4.103ms
[0.235s][info][gc,phases,start] GC(11) Summary Phase
[0.235s][info][gc,phases      ] GC(11) Summary Phase 0.013ms
[0.235s][info][gc,phases,start] GC(11) Adjust Roots
[0.236s][info][gc,phases      ] GC(11) Adjust Roots 0.318ms
[0.236s][info][gc,phases,start] GC(11) Compaction Phase
[0.242s][info][gc,phases      ] GC(11) Compaction Phase 5.772ms
[0.242s][info][gc,phases,start] GC(11) Post Compact
[0.242s][info][gc,phases      ] GC(11) Post Compact 0.049ms
[0.242s][info][gc,heap        ] GC(11) PSYoungGen: 4064K(8704K)->3545K(8704K) Eden: 0K(4608K)->0K(4608K) From: 4064K(4096K)->3545K(4096K)
[0.242s][info][gc,heap        ] GC(11) ParOldGen: 5462K(6144K)->5831K(10752K)
[0.242s][info][gc,metaspace   ] GC(11) Metaspace: 6297K(6464K)->6297K(6464K) NonClass: 5763K(5824K)->5763K(5824K) Class: 533K(640K)->533K(640K)
[0.242s][info][gc             ] GC(11) Pause Full (Ergonomics) 9M->9M(19M) 10.518ms
[0.242s][info][gc,cpu         ] GC(11) User=0.00s Sys=0.00s Real=0.01s
[0.246s][info][gc,start       ] GC(12) Pause Young (Allocation Failure)
[0.249s][info][gc,heap        ] GC(12) PSYoungGen: 8013K(8704K)->5088K(9728K) Eden: 4468K(4608K)->0K(4608K) From: 3545K(4096K)->5088K(5120K)
[0.249s][info][gc,heap        ] GC(12) ParOldGen: 5831K(10752K)->6615K(10752K)
[0.249s][info][gc,metaspace   ] GC(12) Metaspace: 6297K(6464K)->6297K(6464K) NonClass: 5763K(5824K)->5763K(5824K) Class: 533K(640K)->533K(640K)
[0.249s][info][gc             ] GC(12) Pause Young (Allocation Failure) 13M->11M(20M) 3.461ms
[0.249s][info][gc,cpu         ] GC(12) User=0.00s Sys=0.00s Real=0.00s
[0.256s][info][gc,start       ] GC(13) Pause Young (Allocation Failure)
[0.262s][info][gc,heap        ] GC(13) PSYoungGen: 9696K(9728K)->6112K(11264K) Eden: 4608K(4608K)->0K(5120K) From: 5088K(5120K)->6112K(6144K)
[0.262s][info][gc,heap        ] GC(13) ParOldGen: 6615K(10752K)->7991K(10752K)
[0.262s][info][gc,metaspace   ] GC(13) Metaspace: 6297K(6464K)->6297K(6464K) NonClass: 5763K(5824K)->5763K(5824K) Class: 533K(640K)->533K(640K)
[0.262s][info][gc             ] GC(13) Pause Young (Allocation Failure) 15M->13M(21M) 6.145ms
[0.262s][info][gc,cpu         ] GC(13) User=0.02s Sys=0.00s Real=0.01s
[0.266s][info][gc,start       ] GC(14) Pause Young (Allocation Failure)
[0.272s][info][gc,heap        ] GC(14) PSYoungGen: 11232K(11264K)->5248K(12800K) Eden: 5120K(5120K)->0K(5120K) From: 6112K(6144K)->5248K(7680K)
[0.272s][info][gc,heap        ] GC(14) ParOldGen: 7991K(10752K)->11575K(11776K)
[0.272s][info][gc,metaspace   ] GC(14) Metaspace: 6299K(6464K)->6299K(6464K) NonClass: 5765K(5824K)->5765K(5824K) Class: 533K(640K)->533K(640K)
[0.272s][info][gc             ] GC(14) Pause Young (Allocation Failure) 18M->16M(24M) 5.816ms
[0.272s][info][gc,cpu         ] GC(14) User=0.00s Sys=0.00s Real=0.01s
[0.272s][info][gc,start       ] GC(15) Pause Full (Ergonomics)
[0.272s][info][gc,phases,start] GC(15) Marking Phase
[0.280s][info][gc,phases      ] GC(15) Marking Phase 7.606ms
[0.280s][info][gc,phases,start] GC(15) Summary Phase
[0.280s][info][gc,phases      ] GC(15) Summary Phase 0.017ms
[0.280s][info][gc,phases,start] GC(15) Adjust Roots
[0.280s][info][gc,phases      ] GC(15) Adjust Roots 0.212ms
[0.280s][info][gc,phases,start] GC(15) Compaction Phase
[0.288s][info][gc,phases      ] GC(15) Compaction Phase 7.269ms
[0.288s][info][gc,phases,start] GC(15) Post Compact
[0.288s][info][gc,phases      ] GC(15) Post Compact 0.087ms
[0.288s][info][gc,heap        ] GC(15) PSYoungGen: 5248K(12800K)->5191K(12800K) Eden: 0K(5120K)->0K(5120K) From: 5248K(7680K)->5191K(7680K)
[0.288s][info][gc,heap        ] GC(15) ParOldGen: 11575K(11776K)->11459K(18432K)
[0.288s][info][gc,metaspace   ] GC(15) Metaspace: 6299K(6464K)->6299K(6464K) NonClass: 5765K(5824K)->5765K(5824K) Class: 533K(640K)->533K(640K)
[0.288s][info][gc             ] GC(15) Pause Full (Ergonomics) 16M->16M(30M) 15.544ms
[0.288s][info][gc,cpu         ] GC(15) User=0.00s Sys=0.00s Real=0.02s
[0.291s][info][gc,start       ] GC(16) Pause Young (Allocation Failure)
[0.297s][info][gc,heap        ] GC(16) PSYoungGen: 10311K(12800K)->2688K(14336K) Eden: 5120K(5120K)->0K(7168K) From: 5191K(7680K)->2688K(7168K)
[0.297s][info][gc,heap        ] GC(16) ParOldGen: 11459K(18432K)->16731K(18432K)
[0.297s][info][gc,metaspace   ] GC(16) Metaspace: 6299K(6464K)->6299K(6464K) NonClass: 5765K(5824K)->5765K(5824K) Class: 533K(640K)->533K(640K)
[0.297s][info][gc             ] GC(16) Pause Young (Allocation Failure) 21M->18M(32M) 5.878ms
[0.297s][info][gc,cpu         ] GC(16) User=0.00s Sys=0.00s Real=0.01s
[0.297s][info][gc,start       ] GC(17) Pause Full (Ergonomics)
[0.297s][info][gc,phases,start] GC(17) Marking Phase
[0.306s][info][gc,phases      ] GC(17) Marking Phase 8.711ms
[0.306s][info][gc,phases,start] GC(17) Summary Phase
[0.306s][info][gc,phases      ] GC(17) Summary Phase 0.019ms
[0.306s][info][gc,phases,start] GC(17) Adjust Roots
[0.306s][info][gc,phases      ] GC(17) Adjust Roots 0.218ms
[0.306s][info][gc,phases,start] GC(17) Compaction Phase
[0.313s][info][gc,phases      ] GC(17) Compaction Phase 6.587ms
[0.313s][info][gc,phases,start] GC(17) Post Compact
[0.313s][info][gc,phases      ] GC(17) Post Compact 0.091ms
[0.313s][info][gc,heap        ] GC(17) PSYoungGen: 2688K(14336K)->1105K(14848K) Eden: 0K(7168K)->0K(7680K) From: 2688K(7168K)->1105K(7168K)
[0.313s][info][gc,heap        ] GC(17) ParOldGen: 16731K(18432K)->18183K(27648K)
[0.313s][info][gc,metaspace   ] GC(17) Metaspace: 6299K(6464K)->6299K(6464K) NonClass: 5765K(5824K)->5765K(5824K) Class: 533K(640K)->533K(640K)
[0.313s][info][gc             ] GC(17) Pause Full (Ergonomics) 18M->18M(41M) 15.989ms
[0.313s][info][gc,cpu         ] GC(17) User=0.02s Sys=0.00s Real=0.02s
[0.317s][info][gc,start       ] GC(18) Pause Young (Allocation Failure)
[0.322s][info][gc,heap        ] GC(18) PSYoungGen: 7799K(14848K)->3424K(15360K) Eden: 6694K(7680K)->0K(7680K) From: 1105K(7168K)->3424K(7680K)
[0.322s][info][gc,heap        ] GC(18) ParOldGen: 18183K(27648K)->19319K(27648K)
[0.322s][info][gc,metaspace   ] GC(18) Metaspace: 6299K(6464K)->6299K(6464K) NonClass: 5765K(5824K)->5765K(5824K) Class: 533K(640K)->533K(640K)
[0.322s][info][gc             ] GC(18) Pause Young (Allocation Failure) 25M->22M(42M) 4.607ms
[0.322s][info][gc,cpu         ] GC(18) User=0.00s Sys=0.00s Real=0.00s
[0.330s][info][gc,start       ] GC(19) Pause Young (Allocation Failure)
[0.337s][info][gc,heap        ] GC(19) PSYoungGen: 11103K(15360K)->7648K(16896K) Eden: 7679K(7680K)->0K(9216K) From: 3424K(7680K)->7648K(7680K)
[0.337s][info][gc,heap        ] GC(19) ParOldGen: 19319K(27648K)->19543K(27648K)
[0.337s][info][gc,metaspace   ] GC(19) Metaspace: 6299K(6464K)->6299K(6464K) NonClass: 5765K(5824K)->5765K(5824K) Class: 533K(640K)->533K(640K)
[0.337s][info][gc             ] GC(19) Pause Young (Allocation Failure) 29M->26M(43M) 6.955ms
[0.337s][info][gc,cpu         ] GC(19) User=0.00s Sys=0.00s Real=0.01s
[0.343s][info][gc,start       ] GC(20) Pause Young (Allocation Failure)
[0.351s][info][gc,heap        ] GC(20) PSYoungGen: 16864K(16896K)->4800K(17920K) Eden: 9216K(9216K)->0K(9216K) From: 7648K(7680K)->4800K(8704K)
[0.351s][info][gc,heap        ] GC(20) ParOldGen: 19543K(27648K)->27295K(27648K)
[0.351s][info][gc,metaspace   ] GC(20) Metaspace: 6299K(6464K)->6299K(6464K) NonClass: 5765K(5824K)->5765K(5824K) Class: 533K(640K)->533K(640K)
[0.351s][info][gc             ] GC(20) Pause Young (Allocation Failure) 35M->31M(44M) 8.060ms
[0.351s][info][gc,cpu         ] GC(20) User=0.00s Sys=0.00s Real=0.01s
[0.351s][info][gc,start       ] GC(21) Pause Full (Ergonomics)
[0.351s][info][gc,phases,start] GC(21) Marking Phase
[0.365s][info][gc,phases      ] GC(21) Marking Phase 13.282ms
[0.365s][info][gc,phases,start] GC(21) Summary Phase
[0.365s][info][gc,phases      ] GC(21) Summary Phase 0.014ms
[0.365s][info][gc,phases,start] GC(21) Adjust Roots
[0.365s][info][gc,phases      ] GC(21) Adjust Roots 0.198ms
[0.365s][info][gc,phases,start] GC(21) Compaction Phase
[0.379s][info][gc,phases      ] GC(21) Compaction Phase 13.609ms
[0.379s][info][gc,phases,start] GC(21) Post Compact
[0.379s][info][gc,phases      ] GC(21) Post Compact 0.123ms
[0.379s][info][gc,heap        ] GC(21) PSYoungGen: 4800K(17920K)->4249K(17920K) Eden: 0K(9216K)->0K(9216K) From: 4800K(8704K)->4249K(8704K)
[0.379s][info][gc,heap        ] GC(21) ParOldGen: 27295K(27648K)->27140K(39424K)
[0.379s][info][gc,metaspace   ] GC(21) Metaspace: 6299K(6464K)->6299K(6464K) NonClass: 5765K(5824K)->5765K(5824K) Class: 533K(640K)->533K(640K)
[0.379s][info][gc             ] GC(21) Pause Full (Ergonomics) 31M->30M(56M) 27.710ms
[0.379s][info][gc,cpu         ] GC(21) User=0.02s Sys=0.00s Real=0.03s
[0.387s][info][gc,start       ] GC(22) Pause Young (Allocation Failure)
[0.398s][info][gc,heap        ] GC(22) PSYoungGen: 13465K(17920K)->7648K(19456K) Eden: 9216K(9216K)->0K(10752K) From: 4249K(8704K)->7648K(8704K)
[0.398s][info][gc,heap        ] GC(22) ParOldGen: 27140K(39424K)->31460K(39424K)
[0.398s][info][gc,metaspace   ] GC(22) Metaspace: 6299K(6464K)->6299K(6464K) NonClass: 5765K(5824K)->5765K(5824K) Class: 533K(640K)->533K(640K)
[0.398s][info][gc             ] GC(22) Pause Young (Allocation Failure) 39M->38M(57M) 10.938ms
[0.398s][info][gc,cpu         ] GC(22) User=0.00s Sys=0.00s Real=0.01s
[0.413s][info][gc,start       ] GC(23) Pause Young (Allocation Failure)
[0.426s][info][gc,heap        ] GC(23) PSYoungGen: 18400K(19456K)->9696K(20480K) Eden: 10752K(10752K)->0K(10752K) From: 7648K(8704K)->9696K(9728K)
[0.426s][info][gc,heap        ] GC(23) ParOldGen: 31460K(39424K)->40268K(40448K)
[0.426s][info][gc,metaspace   ] GC(23) Metaspace: 6299K(6464K)->6299K(6464K) NonClass: 5765K(5824K)->5765K(5824K) Class: 533K(640K)->533K(640K)
[0.426s][info][gc             ] GC(23) Pause Young (Allocation Failure) 48M->48M(59M) 13.186ms
[0.426s][info][gc,cpu         ] GC(23) User=0.00s Sys=0.00s Real=0.01s
[0.427s][info][gc,start       ] GC(24) Pause Full (Ergonomics)
[0.427s][info][gc,phases,start] GC(24) Marking Phase
[0.445s][info][gc,phases      ] GC(24) Marking Phase 18.731ms
[0.445s][info][gc,phases,start] GC(24) Summary Phase
[0.445s][info][gc,phases      ] GC(24) Summary Phase 0.020ms
[0.445s][info][gc,phases,start] GC(24) Adjust Roots
[0.446s][info][gc,phases      ] GC(24) Adjust Roots 0.163ms
[0.446s][info][gc,phases,start] GC(24) Compaction Phase
[0.460s][info][gc,phases      ] GC(24) Compaction Phase 14.147ms
[0.460s][info][gc,phases,start] GC(24) Post Compact
[0.460s][info][gc,phases      ] GC(24) Post Compact 0.160ms
[0.460s][info][gc,heap        ] GC(24) PSYoungGen: 9696K(20480K)->9681K(20480K) Eden: 0K(10752K)->0K(10752K) From: 9696K(9728K)->9681K(9728K)
[0.460s][info][gc,heap        ] GC(24) ParOldGen: 40268K(40448K)->39022K(54784K)
[0.460s][info][gc,metaspace   ] GC(24) Metaspace: 6299K(6464K)->6299K(6464K) NonClass: 5765K(5824K)->5765K(5824K) Class: 533K(640K)->533K(640K)
[0.460s][info][gc             ] GC(24) Pause Full (Ergonomics) 48M->47M(73M) 33.541ms
[0.460s][info][gc,cpu         ] GC(24) User=0.03s Sys=0.00s Real=0.03s
[0.472s][info][gc,start       ] GC(25) Pause Young (Allocation Failure)
[0.488s][info][gc,heap        ] GC(25) PSYoungGen: 20433K(20480K)->10752K(26624K) Eden: 10752K(10752K)->0K(12288K) From: 9681K(9728K)->10752K(14336K)
[0.489s][info][gc,heap        ] GC(25) ParOldGen: 39022K(54784K)->48838K(54784K)
[0.489s][info][gc,metaspace   ] GC(25) Metaspace: 6299K(6464K)->6299K(6464K) NonClass: 5765K(5824K)->5765K(5824K) Class: 533K(640K)->533K(640K)
[0.489s][info][gc             ] GC(25) Pause Young (Allocation Failure) 58M->58M(79M) 16.717ms
[0.489s][info][gc,cpu         ] GC(25) User=0.00s Sys=0.00s Real=0.02s
[0.489s][info][gc,start       ] GC(26) Pause Full (Ergonomics)
[0.489s][info][gc,phases,start] GC(26) Marking Phase
[0.511s][info][gc,phases      ] GC(26) Marking Phase 22.606ms
[0.511s][info][gc,phases,start] GC(26) Summary Phase
[0.511s][info][gc,phases      ] GC(26) Summary Phase 0.028ms
[0.511s][info][gc,phases,start] GC(26) Adjust Roots
[0.512s][info][gc,phases      ] GC(26) Adjust Roots 0.169ms
[0.512s][info][gc,phases,start] GC(26) Compaction Phase
[0.531s][info][gc,phases      ] GC(26) Compaction Phase 19.110ms
[0.531s][info][gc,phases,start] GC(26) Post Compact
[0.531s][info][gc,phases      ] GC(26) Post Compact 0.206ms
[0.531s][info][gc,heap        ] GC(26) PSYoungGen: 10752K(26624K)->5098K(26624K) Eden: 0K(12288K)->0K(12288K) From: 10752K(14336K)->5098K(14336K)
[0.531s][info][gc,heap        ] GC(26) ParOldGen: 48838K(54784K)->54325K(73728K)
[0.531s][info][gc,metaspace   ] GC(26) Metaspace: 6299K(6464K)->6299K(6464K) NonClass: 5765K(5824K)->5765K(5824K) Class: 533K(640K)->533K(640K)
[0.531s][info][gc             ] GC(26) Pause Full (Ergonomics) 58M->58M(98M) 42.516ms
[0.531s][info][gc,cpu         ] GC(26) User=0.03s Sys=0.00s Real=0.04s
[0.544s][info][gc,start       ] GC(27) Pause Young (Allocation Failure)
[0.559s][info][gc,heap        ] GC(27) PSYoungGen: 17386K(26624K)->12320K(27648K) Eden: 12288K(12288K)->0K(12288K) From: 5098K(14336K)->12320K(15360K)
[0.559s][info][gc,heap        ] GC(27) ParOldGen: 54325K(73728K)->59517K(73728K)
[0.559s][info][gc,metaspace   ] GC(27) Metaspace: 6299K(6464K)->6299K(6464K) NonClass: 5765K(5824K)->5765K(5824K) Class: 533K(640K)->533K(640K)
[0.559s][info][gc             ] GC(27) Pause Young (Allocation Failure) 70M->70M(99M) 15.223ms
[0.559s][info][gc,cpu         ] GC(27) User=0.00s Sys=0.00s Real=0.02s
[0.572s][info][gc,start       ] GC(28) Pause Young (Allocation Failure)
[0.592s][info][gc,heap        ] GC(28) PSYoungGen: 24608K(27648K)->16896K(26112K) Eden: 12288K(12288K)->0K(9216K) From: 12320K(15360K)->16896K(16896K)
[0.592s][info][gc,heap        ] GC(28) ParOldGen: 59517K(73728K)->67293K(73728K)
[0.592s][info][gc,metaspace   ] GC(28) Metaspace: 6299K(6464K)->6299K(6464K) NonClass: 5765K(5824K)->5765K(5824K) Class: 533K(640K)->533K(640K)
[0.592s][info][gc             ] GC(28) Pause Young (Allocation Failure) 82M->82M(97M) 20.121ms
[0.592s][info][gc,cpu         ] GC(28) User=0.02s Sys=0.00s Real=0.02s
[0.592s][info][gc,start       ] GC(29) Pause Full (Ergonomics)
[0.593s][info][gc,phases,start] GC(29) Marking Phase
[0.624s][info][gc,phases      ] GC(29) Marking Phase 31.501ms
[0.624s][info][gc,phases,start] GC(29) Summary Phase
[0.624s][info][gc,phases      ] GC(29) Summary Phase 0.020ms
[0.624s][info][gc,phases,start] GC(29) Adjust Roots
[0.624s][info][gc,phases      ] GC(29) Adjust Roots 0.186ms
[0.624s][info][gc,phases,start] GC(29) Compaction Phase
[0.645s][info][gc,phases      ] GC(29) Compaction Phase 20.220ms
[0.645s][info][gc,phases,start] GC(29) Post Compact
[0.645s][info][gc,phases      ] GC(29) Post Compact 0.393ms
[0.645s][info][gc,heap        ] GC(29) PSYoungGen: 16896K(26112K)->10219K(26112K) Eden: 0K(9216K)->0K(9216K) From: 16896K(16896K)->10219K(16896K)
[0.645s][info][gc,heap        ] GC(29) ParOldGen: 67293K(73728K)->73715K(95232K)
[0.645s][info][gc,metaspace   ] GC(29) Metaspace: 6299K(6464K)->6299K(6464K) NonClass: 5765K(5824K)->5765K(5824K) Class: 533K(640K)->533K(640K)
[0.645s][info][gc             ] GC(29) Pause Full (Ergonomics) 82M->81M(118M) 52.784ms
[0.645s][info][gc,cpu         ] GC(29) User=0.08s Sys=0.00s Real=0.05s
[0.661s][info][gc,start       ] GC(30) Pause Young (Allocation Failure)
[0.678s][info][gc,heap        ] GC(30) PSYoungGen: 19435K(26112K)->9248K(31744K) Eden: 9216K(9216K)->0K(9216K) From: 10219K(16896K)->9248K(22528K)
[0.678s][info][gc,heap        ] GC(30) ParOldGen: 73715K(95232K)->84099K(95232K)
[0.678s][info][gc,metaspace   ] GC(30) Metaspace: 6299K(6464K)->6299K(6464K) NonClass: 5765K(5824K)->5765K(5824K) Class: 533K(640K)->533K(640K)
[0.678s][info][gc             ] GC(30) Pause Young (Allocation Failure) 90M->91M(124M) 17.356ms
[0.678s][info][gc,cpu         ] GC(30) User=0.03s Sys=0.00s Real=0.02s
[0.678s][info][gc,start       ] GC(31) Pause Full (Ergonomics)
[0.678s][info][gc,phases,start] GC(31) Marking Phase
[0.720s][info][gc,phases      ] GC(31) Marking Phase 41.669ms
[0.720s][info][gc,phases,start] GC(31) Summary Phase
[0.720s][info][gc,phases      ] GC(31) Summary Phase 0.023ms
[0.720s][info][gc,phases,start] GC(31) Adjust Roots
[0.720s][info][gc,phases      ] GC(31) Adjust Roots 0.162ms
[0.720s][info][gc,phases,start] GC(31) Compaction Phase
[0.749s][info][gc,phases      ] GC(31) Compaction Phase 28.834ms
[0.749s][info][gc,phases,start] GC(31) Post Compact
[0.750s][info][gc,phases      ] GC(31) Post Compact 0.384ms
[0.750s][info][gc,heap        ] GC(31) PSYoungGen: 9248K(31744K)->0K(32768K) Eden: 0K(9216K)->0K(11264K) From: 9248K(22528K)->0K(21504K)
[0.750s][info][gc,heap        ] GC(31) ParOldGen: 84099K(95232K)->91087K(116224K)
[0.750s][info][gc,metaspace   ] GC(31) Metaspace: 6299K(6464K)->6299K(6464K) NonClass: 5765K(5824K)->5765K(5824K) Class: 533K(640K)->533K(640K)
[0.750s][info][gc             ] GC(31) Pause Full (Ergonomics) 91M->88M(145M) 71.432ms
[0.750s][info][gc,cpu         ] GC(31) User=0.09s Sys=0.00s Real=0.07s
[0.761s][info][gc,start       ] GC(32) Pause Young (Allocation Failure)
[0.768s][info][gc,heap        ] GC(32) PSYoungGen: 11264K(32768K)->11296K(32768K) Eden: 11264K(11264K)->0K(11264K) From: 0K(21504K)->11296K(21504K)
[0.768s][info][gc,heap        ] GC(32) ParOldGen: 91087K(116224K)->91087K(116224K)
[0.768s][info][gc,metaspace   ] GC(32) Metaspace: 6299K(6464K)->6299K(6464K) NonClass: 5765K(5824K)->5765K(5824K) Class: 533K(640K)->533K(640K)
[0.768s][info][gc             ] GC(32) Pause Young (Allocation Failure) 99M->99M(145M) 6.732ms
[0.768s][info][gc,cpu         ] GC(32) User=0.00s Sys=0.00s Real=0.01s
[0.778s][info][gc,start       ] GC(33) Pause Young (Allocation Failure)
[0.789s][info][gc,heap        ] GC(33) PSYoungGen: 22560K(32768K)->21504K(31232K) Eden: 11264K(11264K)->0K(9728K) From: 11296K(21504K)->21504K(21504K)
[0.789s][info][gc,heap        ] GC(33) ParOldGen: 91087K(116224K)->92119K(116224K)
[0.789s][info][gc,metaspace   ] GC(33) Metaspace: 6299K(6464K)->6299K(6464K) NonClass: 5765K(5824K)->5765K(5824K) Class: 533K(640K)->533K(640K)
[0.789s][info][gc             ] GC(33) Pause Young (Allocation Failure) 110M->110M(144M) 11.731ms
[0.789s][info][gc,cpu         ] GC(33) User=0.02s Sys=0.00s Real=0.01s
[0.798s][info][gc,start       ] GC(34) Pause Young (Allocation Failure)
[0.813s][info][gc,heap        ] GC(34) PSYoungGen: 31232K(31232K)->20064K(34816K) Eden: 9728K(9728K)->0K(9728K) From: 21504K(21504K)->20064K(25088K)
[0.814s][info][gc,heap        ] GC(34) ParOldGen: 92119K(116224K)->103503K(116224K)
[0.814s][info][gc,metaspace   ] GC(34) Metaspace: 6299K(6464K)->6299K(6464K) NonClass: 5765K(5824K)->5765K(5824K) Class: 533K(640K)->533K(640K)
[0.814s][info][gc             ] GC(34) Pause Young (Allocation Failure) 120M->120M(147M) 15.420ms
[0.814s][info][gc,cpu         ] GC(34) User=0.00s Sys=0.02s Real=0.02s
[0.814s][info][gc,start       ] GC(35) Pause Full (Ergonomics)
[0.814s][info][gc,phases,start] GC(35) Marking Phase
[0.849s][info][gc,phases      ] GC(35) Marking Phase 35.134ms
[0.849s][info][gc,phases,start] GC(35) Summary Phase
[0.849s][info][gc,phases      ] GC(35) Summary Phase 0.029ms
[0.849s][info][gc,phases,start] GC(35) Adjust Roots
[0.849s][info][gc,phases      ] GC(35) Adjust Roots 0.158ms
[0.849s][info][gc,phases,start] GC(35) Compaction Phase
[0.868s][info][gc,phases      ] GC(35) Compaction Phase 18.438ms
[0.868s][info][gc,phases,start] GC(35) Post Compact
[0.868s][info][gc,phases      ] GC(35) Post Compact 0.567ms
[0.868s][info][gc,heap        ] GC(35) PSYoungGen: 20064K(34816K)->7187K(34816K) Eden: 0K(9728K)->0K(9728K) From: 20064K(25088K)->7187K(25088K)
[0.868s][info][gc,heap        ] GC(35) ParOldGen: 103503K(116224K)->116064K(144384K)
[0.868s][info][gc,metaspace   ] GC(35) Metaspace: 6299K(6464K)->6299K(6464K) NonClass: 5765K(5824K)->5765K(5824K) Class: 533K(640K)->533K(640K)
[0.868s][info][gc             ] GC(35) Pause Full (Ergonomics) 120M->120M(175M) 54.815ms
[0.868s][info][gc,cpu         ] GC(35) User=0.12s Sys=0.02s Real=0.05s
[0.878s][info][gc,start       ] GC(36) Pause Young (Allocation Failure)
[0.892s][info][gc,heap        ] GC(36) PSYoungGen: 16915K(34816K)->16992K(37888K) Eden: 9728K(9728K)->0K(10752K) From: 7187K(25088K)->16992K(27136K)
[0.892s][info][gc,heap        ] GC(36) ParOldGen: 116064K(144384K)->116064K(144384K)
[0.892s][info][gc,metaspace   ] GC(36) Metaspace: 6299K(6464K)->6299K(6464K) NonClass: 5765K(5824K)->5765K(5824K) Class: 533K(640K)->533K(640K)
[0.892s][info][gc             ] GC(36) Pause Young (Allocation Failure) 129M->129M(178M) 14.308ms
[0.892s][info][gc,cpu         ] GC(36) User=0.00s Sys=0.00s Real=0.02s
[0.902s][info][gc,start       ] GC(37) Pause Young (Allocation Failure)
[0.915s][info][gc,heap        ] GC(37) PSYoungGen: 27744K(37888K)->27648K(38400K) Eden: 10752K(10752K)->0K(10752K) From: 16992K(27136K)->27648K(27648K)
[0.915s][info][gc,heap        ] GC(37) ParOldGen: 116064K(144384K)->116120K(144384K)
[0.915s][info][gc,metaspace   ] GC(37) Metaspace: 6299K(6464K)->6299K(6464K) NonClass: 5765K(5824K)->5765K(5824K) Class: 533K(640K)->533K(640K)
[0.915s][info][gc             ] GC(37) Pause Young (Allocation Failure) 140M->140M(178M) 12.822ms
[0.915s][info][gc,cpu         ] GC(37) User=0.02s Sys=0.00s Real=0.01s
[0.926s][info][gc,start       ] GC(38) Pause Young (Allocation Failure)
[0.945s][info][gc,heap        ] GC(38) PSYoungGen: 38400K(38400K)->31232K(40448K) Eden: 10752K(10752K)->0K(8192K) From: 27648K(27648K)->31232K(32256K)
[0.945s][info][gc,heap        ] GC(38) ParOldGen: 116120K(144384K)->123432K(144384K)
[0.945s][info][gc,metaspace   ] GC(38) Metaspace: 6299K(6464K)->6299K(6464K) NonClass: 5765K(5824K)->5765K(5824K) Class: 533K(640K)->533K(640K)
[0.945s][info][gc             ] GC(38) Pause Young (Allocation Failure) 150M->151M(180M) 19.321ms
[0.945s][info][gc,cpu         ] GC(38) User=0.06s Sys=0.00s Real=0.02s
[0.953s][info][gc,start       ] GC(39) Pause Young (Allocation Failure)
[0.971s][info][gc,heap        ] GC(39) PSYoungGen: 39424K(40448K)->29728K(45056K) Eden: 8192K(8192K)->0K(8192K) From: 31232K(32256K)->29728K(36864K)
[0.971s][info][gc,heap        ] GC(39) ParOldGen: 123432K(144384K)->133288K(144384K)
[0.971s][info][gc,metaspace   ] GC(39) Metaspace: 6299K(6464K)->6299K(6464K) NonClass: 5765K(5824K)->5765K(5824K) Class: 533K(640K)->533K(640K)
[0.971s][info][gc             ] GC(39) Pause Young (Allocation Failure) 159M->159M(185M) 17.567ms
[0.971s][info][gc,cpu         ] GC(39) User=0.06s Sys=0.00s Real=0.02s
[0.971s][info][gc,start       ] GC(40) Pause Full (Ergonomics)
[0.971s][info][gc,phases,start] GC(40) Marking Phase
[1.015s][info][gc,phases      ] GC(40) Marking Phase 44.279ms
[1.015s][info][gc,phases,start] GC(40) Summary Phase
[1.015s][info][gc,phases      ] GC(40) Summary Phase 0.018ms
[1.015s][info][gc,phases,start] GC(40) Adjust Roots
[1.015s][info][gc,phases      ] GC(40) Adjust Roots 0.153ms
[1.015s][info][gc,phases,start] GC(40) Compaction Phase
[1.042s][info][gc,phases      ] GC(40) Compaction Phase 26.895ms
[1.042s][info][gc,phases,start] GC(40) Post Compact
[1.043s][info][gc,phases      ] GC(40) Post Compact 0.865ms
[1.043s][info][gc,heap        ] GC(40) PSYoungGen: 29728K(45056K)->18324K(45056K) Eden: 0K(8192K)->0K(8192K) From: 29728K(36864K)->18324K(36864K)
[1.043s][info][gc,heap        ] GC(40) ParOldGen: 133288K(144384K)->144228K(174592K)
[1.043s][info][gc,metaspace   ] GC(40) Metaspace: 6299K(6464K)->6299K(6464K) NonClass: 5765K(5824K)->5765K(5824K) Class: 533K(640K)->533K(640K)
[1.043s][info][gc             ] GC(40) Pause Full (Ergonomics) 159M->158M(214M) 72.677ms
[1.044s][info][gc,cpu         ] GC(40) User=0.14s Sys=0.02s Real=0.07s
[1.051s][info][gc,start       ] GC(41) Pause Young (Allocation Failure)
[1.072s][info][gc,heap        ] GC(41) PSYoungGen: 26516K(45056K)->20000K(47616K) Eden: 8192K(8192K)->0K(9728K) From: 18324K(36864K)->20000K(37888K)
[1.072s][info][gc,heap        ] GC(41) ParOldGen: 144228K(174592K)->150956K(174592K)
[1.072s][info][gc,metaspace   ] GC(41) Metaspace: 6299K(6464K)->6299K(6464K) NonClass: 5765K(5824K)->5765K(5824K) Class: 533K(640K)->533K(640K)
[1.073s][info][gc             ] GC(41) Pause Young (Allocation Failure) 166M->166M(217M) 21.017ms
[1.073s][info][gc,cpu         ] GC(41) User=0.06s Sys=0.00s Real=0.02s
[1.102s][info][gc,start       ] GC(42) Pause Young (Allocation Failure)
[1.119s][info][gc,heap        ] GC(42) PSYoungGen: 29728K(47616K)->23136K(48640K) Eden: 9728K(9728K)->0K(9728K) From: 20000K(37888K)->23136K(38912K)
[1.120s][info][gc,heap        ] GC(42) ParOldGen: 159148K(174592K)->165812K(174592K)
[1.120s][info][gc,metaspace   ] GC(42) Metaspace: 6299K(6464K)->6299K(6464K) NonClass: 5765K(5824K)->5765K(5824K) Class: 533K(640K)->533K(640K)
[1.120s][info][gc             ] GC(42) Pause Young (Allocation Failure) 184M->184M(218M) 17.525ms
[1.120s][info][gc,cpu         ] GC(42) User=0.06s Sys=0.00s Real=0.02s
[1.120s][info][gc,start       ] GC(43) Pause Full (Ergonomics)
[1.120s][info][gc,phases,start] GC(43) Marking Phase
[1.164s][info][gc,phases      ] GC(43) Marking Phase 44.010ms
[1.164s][info][gc,phases,start] GC(43) Summary Phase
[1.164s][info][gc,phases      ] GC(43) Summary Phase 0.016ms
[1.164s][info][gc,phases,start] GC(43) Adjust Roots
[1.164s][info][gc,phases      ] GC(43) Adjust Roots 0.142ms
[1.164s][info][gc,phases,start] GC(43) Compaction Phase
[1.199s][info][gc,phases      ] GC(43) Compaction Phase 35.293ms
[1.199s][info][gc,phases,start] GC(43) Post Compact
[1.200s][info][gc,phases      ] GC(43) Post Compact 0.759ms
[1.200s][info][gc,heap        ] GC(43) PSYoungGen: 23136K(48640K)->10251K(48640K) Eden: 0K(9728K)->0K(9728K) From: 23136K(38912K)->10251K(38912K)
[1.200s][info][gc,heap        ] GC(43) ParOldGen: 165812K(174592K)->174252K(206336K)
[1.200s][info][gc,metaspace   ] GC(43) Metaspace: 6299K(6464K)->6299K(6464K) NonClass: 5765K(5824K)->5765K(5824K) Class: 533K(640K)->533K(640K)
[1.200s][info][gc             ] GC(43) Pause Full (Ergonomics) 184M->180M(249M) 80.753ms
[1.200s][info][gc,cpu         ] GC(43) User=0.25s Sys=0.00s Real=0.08s
[1.211s][info][gc,start       ] GC(44) Pause Young (Allocation Failure)
[1.231s][info][gc,heap        ] GC(44) PSYoungGen: 19979K(48640K)->20096K(47616K) Eden: 9728K(9728K)->0K(11264K) From: 10251K(38912K)->20096K(36352K)
[1.231s][info][gc,heap        ] GC(44) ParOldGen: 174252K(206336K)->174252K(206336K)
[1.231s][info][gc,metaspace   ] GC(44) Metaspace: 6299K(6464K)->6299K(6464K) NonClass: 5765K(5824K)->5765K(5824K) Class: 533K(640K)->533K(640K)
[1.231s][info][gc             ] GC(44) Pause Young (Allocation Failure) 189M->189M(248M) 19.978ms
[1.231s][info][gc,cpu         ] GC(44) User=0.08s Sys=0.00s Real=0.02s
[1.243s][info][gc,start       ] GC(45) Pause Young (Allocation Failure)
[1.258s][info][gc,heap        ] GC(45) PSYoungGen: 31360K(47616K)->31328K(49152K) Eden: 11264K(11264K)->0K(11264K) From: 20096K(36352K)->31328K(37888K)
[1.258s][info][gc,heap        ] GC(45) ParOldGen: 174252K(206336K)->174252K(206336K)
[1.258s][info][gc,metaspace   ] GC(45) Metaspace: 6299K(6464K)->6299K(6464K) NonClass: 5765K(5824K)->5765K(5824K) Class: 533K(640K)->533K(640K)
[1.258s][info][gc             ] GC(45) Pause Young (Allocation Failure) 200M->200M(249M) 15.596ms
[1.258s][info][gc,cpu         ] GC(45) User=0.02s Sys=0.00s Real=0.02s
[1.270s][info][gc,start       ] GC(46) Pause Young (Allocation Failure)
[1.290s][info][gc,heap        ] GC(46) PSYoungGen: 42592K(49152K)->40960K(47104K) Eden: 11264K(11264K)->0K(6144K) From: 31328K(37888K)->40960K(40960K)
[1.290s][info][gc,heap        ] GC(46) ParOldGen: 174252K(206336K)->175844K(206336K)
[1.290s][info][gc,metaspace   ] GC(46) Metaspace: 6299K(6464K)->6299K(6464K) NonClass: 5765K(5824K)->5765K(5824K) Class: 533K(640K)->533K(640K)
[1.290s][info][gc             ] GC(46) Pause Young (Allocation Failure) 211M->211M(247M) 20.117ms
[1.290s][info][gc,cpu         ] GC(46) User=0.05s Sys=0.03s Real=0.02s
[1.296s][info][gc,start       ] GC(47) Pause Young (Allocation Failure)
[1.318s][info][gc,heap        ] GC(47) PSYoungGen: 47104K(47104K)->41280K(53760K) Eden: 6144K(6144K)->0K(6144K) From: 40960K(40960K)->41280K(47616K)
[1.318s][info][gc,heap        ] GC(47) ParOldGen: 175844K(206336K)->181828K(206336K)
[1.318s][info][gc,metaspace   ] GC(47) Metaspace: 6299K(6464K)->6299K(6464K) NonClass: 5765K(5824K)->5765K(5824K) Class: 533K(640K)->533K(640K)
[1.318s][info][gc             ] GC(47) Pause Young (Allocation Failure) 217M->217M(254M) 21.674ms
[1.318s][info][gc,cpu         ] GC(47) User=0.03s Sys=0.00s Real=0.02s
[1.324s][info][gc,start       ] GC(48) Pause Young (Allocation Failure)
[1.346s][info][gc,heap        ] GC(48) PSYoungGen: 47424K(53760K)->34208K(58368K) Eden: 6144K(6144K)->0K(6144K) From: 41280K(47616K)->34208K(52224K)
[1.346s][info][gc,heap        ] GC(48) ParOldGen: 181828K(206336K)->195196K(206336K)
[1.346s][info][gc,metaspace   ] GC(48) Metaspace: 6299K(6464K)->6299K(6464K) NonClass: 5765K(5824K)->5765K(5824K) Class: 533K(640K)->533K(640K)
[1.346s][info][gc             ] GC(48) Pause Young (Allocation Failure) 223M->224M(258M) 21.453ms
[1.346s][info][gc,cpu         ] GC(48) User=0.08s Sys=0.00s Real=0.02s
[1.346s][info][gc,start       ] GC(49) Pause Full (Ergonomics)
[1.346s][info][gc,phases,start] GC(49) Marking Phase
[1.394s][info][gc,phases      ] GC(49) Marking Phase 47.960ms
[1.394s][info][gc,phases,start] GC(49) Summary Phase
[1.394s][info][gc,phases      ] GC(49) Summary Phase 0.017ms
[1.394s][info][gc,phases,start] GC(49) Adjust Roots
[1.394s][info][gc,phases      ] GC(49) Adjust Roots 0.158ms
[1.394s][info][gc,phases,start] GC(49) Compaction Phase
[1.419s][info][gc,phases      ] GC(49) Compaction Phase 24.429ms
[1.419s][info][gc,phases,start] GC(49) Post Compact
[1.420s][info][gc,phases      ] GC(49) Post Compact 1.066ms
[1.420s][info][gc,heap        ] GC(49) PSYoungGen: 34208K(58368K)->22793K(58368K) Eden: 0K(6144K)->0K(6144K) From: 34208K(52224K)->22793K(52224K)
[1.420s][info][gc,heap        ] GC(49) ParOldGen: 195196K(206336K)->206097K(241152K)
[1.420s][info][gc,metaspace   ] GC(49) Metaspace: 6299K(6464K)->6299K(6464K) NonClass: 5765K(5824K)->5765K(5824K) Class: 533K(640K)->533K(640K)
[1.420s][info][gc             ] GC(49) Pause Full (Ergonomics) 224M->223M(292M) 74.079ms
[1.420s][info][gc,cpu         ] GC(49) User=0.31s Sys=0.00s Real=0.07s
[1.427s][info][gc,start       ] GC(50) Pause Young (Allocation Failure)
[1.448s][info][gc,heap        ] GC(50) PSYoungGen: 28937K(58368K)->14240K(59392K) Eden: 6144K(6144K)->0K(6144K) From: 22793K(52224K)->14240K(53248K)
[1.448s][info][gc,heap        ] GC(50) ParOldGen: 206097K(241152K)->221153K(241152K)
[1.448s][info][gc,metaspace   ] GC(50) Metaspace: 6299K(6464K)->6299K(6464K) NonClass: 5765K(5824K)->5765K(5824K) Class: 533K(640K)->533K(640K)
[1.448s][info][gc             ] GC(50) Pause Young (Allocation Failure) 229M->229M(293M) 21.825ms
[1.448s][info][gc,cpu         ] GC(50) User=0.12s Sys=0.00s Real=0.02s
[1.455s][info][gc,start       ] GC(51) Pause Young (Allocation Failure)
[1.465s][info][gc,heap        ] GC(51) PSYoungGen: 20384K(59392K)->12352K(57344K) Eden: 6144K(6144K)->0K(7168K) From: 14240K(53248K)->12352K(50176K)
[1.465s][info][gc,heap        ] GC(51) ParOldGen: 221153K(241152K)->229257K(241152K)
[1.465s][info][gc,metaspace   ] GC(51) Metaspace: 6299K(6464K)->6299K(6464K) NonClass: 5765K(5824K)->5765K(5824K) Class: 533K(640K)->533K(640K)
[1.465s][info][gc             ] GC(51) Pause Young (Allocation Failure) 235M->235M(291M) 10.390ms
[1.466s][info][gc,cpu         ] GC(51) User=0.02s Sys=0.00s Real=0.01s
[1.466s][info][gc,start       ] GC(52) Pause Full (Ergonomics)
[1.466s][info][gc,phases,start] GC(52) Marking Phase
[1.522s][info][gc,phases      ] GC(52) Marking Phase 56.589ms
[1.522s][info][gc,phases,start] GC(52) Summary Phase
[1.522s][info][gc,phases      ] GC(52) Summary Phase 0.026ms
[1.522s][info][gc,phases,start] GC(52) Adjust Roots
[1.522s][info][gc,phases      ] GC(52) Adjust Roots 0.180ms
[1.522s][info][gc,phases,start] GC(52) Compaction Phase
[1.549s][info][gc,phases      ] GC(52) Compaction Phase 26.397ms
[1.549s][info][gc,phases,start] GC(52) Post Compact
[1.550s][info][gc,phases      ] GC(52) Post Compact 1.172ms
[1.550s][info][gc,heap        ] GC(52) PSYoungGen: 12352K(57344K)->0K(58368K) Eden: 0K(7168K)->0K(7168K) From: 12352K(50176K)->0K(51200K)
[1.550s][info][gc,heap        ] GC(52) ParOldGen: 229257K(241152K)->241115K(280576K)
[1.550s][info][gc,metaspace   ] GC(52) Metaspace: 6299K(6464K)->6299K(6464K) NonClass: 5765K(5824K)->5765K(5824K) Class: 533K(640K)->533K(640K)
[1.550s][info][gc             ] GC(52) Pause Full (Ergonomics) 235M->235M(331M) 84.853ms
[1.550s][info][gc,cpu         ] GC(52) User=0.38s Sys=0.02s Real=0.09s
[1.560s][info][gc,start       ] GC(53) Pause Young (Allocation Failure)
[1.564s][info][gc,heap        ] GC(53) PSYoungGen: 7168K(58368K)->7232K(58880K) Eden: 7168K(7168K)->0K(8192K) From: 0K(51200K)->7232K(50688K)
[1.564s][info][gc,heap        ] GC(53) ParOldGen: 241115K(280576K)->241115K(280576K)
[1.564s][info][gc,metaspace   ] GC(53) Metaspace: 6299K(6464K)->6299K(6464K) NonClass: 5765K(5824K)->5765K(5824K) Class: 533K(640K)->533K(640K)
[1.564s][info][gc             ] GC(53) Pause Young (Allocation Failure) 242M->242M(331M) 4.869ms
[1.564s][info][gc,cpu         ] GC(53) User=0.00s Sys=0.00s Real=0.01s
[1.574s][info][gc,start       ] GC(54) Pause Young (Allocation Failure)
[1.582s][info][gc,heap        ] GC(54) PSYoungGen: 15424K(58880K)->15424K(24064K) Eden: 8192K(8192K)->0K(8192K) From: 7232K(50688K)->15424K(15872K)
[1.582s][info][gc,heap        ] GC(54) ParOldGen: 241115K(280576K)->241115K(280576K)
[1.582s][info][gc,metaspace   ] GC(54) Metaspace: 6299K(6464K)->6299K(6464K) NonClass: 5765K(5824K)->5765K(5824K) Class: 533K(640K)->533K(640K)
[1.582s][info][gc             ] GC(54) Pause Young (Allocation Failure) 250M->250M(297M) 7.980ms
[1.582s][info][gc,cpu         ] GC(54) User=0.00s Sys=0.00s Real=0.01s
[1.591s][info][gc,start       ] GC(55) Pause Young (Allocation Failure)
[1.603s][info][gc,heap        ] GC(55) PSYoungGen: 23616K(24064K)->23584K(54272K) Eden: 8192K(8192K)->0K(9216K) From: 15424K(15872K)->23584K(45056K)
[1.603s][info][gc,heap        ] GC(55) ParOldGen: 241115K(280576K)->241115K(280576K)
[1.603s][info][gc,metaspace   ] GC(55) Metaspace: 6299K(6464K)->6299K(6464K) NonClass: 5765K(5824K)->5765K(5824K) Class: 533K(640K)->533K(640K)
[1.603s][info][gc             ] GC(55) Pause Young (Allocation Failure) 258M->258M(327M) 11.762ms
[1.603s][info][gc,cpu         ] GC(55) User=0.02s Sys=0.00s Real=0.01s
[1.613s][info][gc,start       ] GC(56) Pause Young (Allocation Failure)
[1.629s][info][gc,heap        ] GC(56) PSYoungGen: 32800K(54272K)->32832K(56320K) Eden: 9216K(9216K)->0K(9216K) From: 23584K(45056K)->32832K(47104K)
[1.629s][info][gc,heap        ] GC(56) ParOldGen: 241115K(280576K)->241115K(280576K)
[1.629s][info][gc,metaspace   ] GC(56) Metaspace: 6299K(6464K)->6299K(6464K) NonClass: 5765K(5824K)->5765K(5824K) Class: 533K(640K)->533K(640K)
[1.629s][info][gc             ] GC(56) Pause Young (Allocation Failure) 267M->267M(329M) 16.491ms
[1.629s][info][gc,cpu         ] GC(56) User=0.03s Sys=0.00s Real=0.02s
[1.640s][info][gc,start       ] GC(57) Pause Young (Allocation Failure)
[1.659s][info][gc,heap        ] GC(57) PSYoungGen: 42048K(56320K)->34848K(57344K) Eden: 9216K(9216K)->0K(8192K) From: 32832K(47104K)->34848K(49152K)
[1.659s][info][gc,heap        ] GC(57) ParOldGen: 241115K(280576K)->248379K(280576K)
[1.659s][info][gc,metaspace   ] GC(57) Metaspace: 6299K(6464K)->6299K(6464K) NonClass: 5765K(5824K)->5765K(5824K) Class: 533K(640K)->533K(640K)
[1.659s][info][gc             ] GC(57) Pause Young (Allocation Failure) 276M->276M(330M) 19.727ms
[1.659s][info][gc,cpu         ] GC(57) User=0.09s Sys=0.00s Real=0.02s
[1.669s][info][gc,start       ] GC(58) Pause Young (Allocation Failure)
[1.689s][info][gc,heap        ] GC(58) PSYoungGen: 43040K(57344K)->34880K(59392K) Eden: 8192K(8192K)->0K(8192K) From: 34848K(49152K)->34880K(51200K)
[1.689s][info][gc,heap        ] GC(58) ParOldGen: 248379K(280576K)->256667K(280576K)
[1.689s][info][gc,metaspace   ] GC(58) Metaspace: 6299K(6464K)->6299K(6464K) NonClass: 5765K(5824K)->5765K(5824K) Class: 533K(640K)->533K(640K)
[1.689s][info][gc             ] GC(58) Pause Young (Allocation Failure) 284M->284M(332M) 19.774ms
[1.689s][info][gc,cpu         ] GC(58) User=0.11s Sys=0.00s Real=0.02s
[1.698s][info][gc,start       ] GC(59) Pause Young (Allocation Failure)
[1.718s][info][gc,heap        ] GC(59) PSYoungGen: 43072K(59392K)->25696K(58368K) Eden: 8192K(8192K)->0K(9728K) From: 34880K(51200K)->25696K(48640K)
[1.718s][info][gc,heap        ] GC(59) ParOldGen: 256667K(280576K)->274291K(280576K)
[1.718s][info][gc,metaspace   ] GC(59) Metaspace: 6299K(6464K)->6299K(6464K) NonClass: 5765K(5824K)->5765K(5824K) Class: 533K(640K)->533K(640K)
[1.718s][info][gc             ] GC(59) Pause Young (Allocation Failure) 292M->292M(331M) 20.047ms
[1.718s][info][gc,cpu         ] GC(59) User=0.11s Sys=0.00s Real=0.02s
[1.718s][info][gc,start       ] GC(60) Pause Full (Ergonomics)
[1.718s][info][gc,phases,start] GC(60) Marking Phase
[1.780s][info][gc,phases      ] GC(60) Marking Phase 61.401ms
[1.780s][info][gc,phases,start] GC(60) Summary Phase
[1.780s][info][gc,phases      ] GC(60) Summary Phase 0.018ms
[1.780s][info][gc,phases,start] GC(60) Adjust Roots
[1.780s][info][gc,phases      ] GC(60) Adjust Roots 0.145ms
[1.780s][info][gc,phases,start] GC(60) Compaction Phase
[1.811s][info][gc,phases      ] GC(60) Compaction Phase 31.182ms
[1.811s][info][gc,phases,start] GC(60) Post Compact
[1.812s][info][gc,phases      ] GC(60) Post Compact 1.361ms
[1.813s][info][gc,heap        ] GC(60) PSYoungGen: 25696K(58368K)->18859K(59904K) Eden: 0K(9728K)->0K(11264K) From: 25696K(48640K)->18859K(48640K)
[1.813s][info][gc,heap        ] GC(60) ParOldGen: 274291K(280576K)->280397K(324096K)
[1.813s][info][gc,metaspace   ] GC(60) Metaspace: 6299K(6464K)->6299K(6464K) NonClass: 5765K(5824K)->5765K(5824K) Class: 533K(640K)->533K(640K)
[1.813s][info][gc             ] GC(60) Pause Full (Ergonomics) 292M->292M(375M) 94.714ms
[1.813s][info][gc,cpu         ] GC(60) User=0.42s Sys=0.00s Real=0.10s
[1.825s][info][gc,start       ] GC(61) Pause Young (Allocation Failure)
[1.851s][info][gc,heap        ] GC(61) PSYoungGen: 30123K(59904K)->17856K(61952K) Eden: 11264K(11264K)->0K(11264K) From: 18859K(48640K)->17856K(50688K)
[1.851s][info][gc,heap        ] GC(61) ParOldGen: 280397K(324096K)->293037K(324096K)
[1.851s][info][gc,metaspace   ] GC(61) Metaspace: 6299K(6464K)->6299K(6464K) NonClass: 5765K(5824K)->5765K(5824K) Class: 533K(640K)->533K(640K)
[1.851s][info][gc             ] GC(61) Pause Young (Allocation Failure) 303M->303M(377M) 25.369ms
[1.851s][info][gc,cpu         ] GC(61) User=0.12s Sys=0.00s Real=0.03s
[1.863s][info][gc,start       ] GC(62) Pause Young (Allocation Failure)
[1.878s][info][gc,heap        ] GC(62) PSYoungGen: 29120K(61952K)->22624K(56832K) Eden: 11264K(11264K)->0K(12800K) From: 17856K(50688K)->22624K(44032K)
[1.878s][info][gc,heap        ] GC(62) ParOldGen: 293037K(324096K)->299581K(324096K)
[1.878s][info][gc,metaspace   ] GC(62) Metaspace: 6299K(6464K)->6299K(6464K) NonClass: 5765K(5824K)->5765K(5824K) Class: 533K(640K)->533K(640K)
[1.878s][info][gc             ] GC(62) Pause Young (Allocation Failure) 314M->314M(372M) 14.986ms
[1.878s][info][gc,cpu         ] GC(62) User=0.00s Sys=0.02s Real=0.01s
[1.893s][info][gc,start       ] GC(63) Pause Young (Allocation Failure)
[1.910s][info][gc,heap        ] GC(63) PSYoungGen: 35424K(56832K)->24192K(59392K) Eden: 12800K(12800K)->0K(12800K) From: 22624K(44032K)->24192K(46592K)
[1.910s][info][gc,heap        ] GC(63) ParOldGen: 299581K(324096K)->311013K(324096K)
[1.910s][info][gc,metaspace   ] GC(63) Metaspace: 6299K(6464K)->6299K(6464K) NonClass: 5765K(5824K)->5765K(5824K) Class: 533K(640K)->533K(640K)
[1.910s][info][gc             ] GC(63) Pause Young (Allocation Failure) 327M->327M(374M) 17.621ms
[1.910s][info][gc,cpu         ] GC(63) User=0.03s Sys=0.00s Real=0.02s
[1.910s][info][gc,start       ] GC(64) Pause Full (Ergonomics)
[1.910s][info][gc,phases,start] GC(64) Marking Phase
[1.982s][info][gc,phases      ] GC(64) Marking Phase 71.252ms
[1.982s][info][gc,phases,start] GC(64) Summary Phase
[1.982s][info][gc,phases      ] GC(64) Summary Phase 0.026ms
[1.982s][info][gc,phases,start] GC(64) Adjust Roots
[1.982s][info][gc,phases      ] GC(64) Adjust Roots 0.171ms
[1.982s][info][gc,phases,start] GC(64) Compaction Phase
[2.015s][info][gc,phases      ] GC(64) Compaction Phase 33.362ms
[2.015s][info][gc,phases,start] GC(64) Post Compact
[2.017s][info][gc,phases      ] GC(64) Post Compact 1.517ms
[2.017s][info][gc,heap        ] GC(64) PSYoungGen: 24192K(59392K)->10708K(59392K) Eden: 0K(12800K)->0K(12800K) From: 24192K(46592K)->10708K(46592K)
[2.017s][info][gc,heap        ] GC(64) ParOldGen: 311013K(324096K)->323777K(370176K)
[2.017s][info][gc,metaspace   ] GC(64) Metaspace: 6299K(6464K)->6299K(6464K) NonClass: 5765K(5824K)->5765K(5824K) Class: 533K(640K)->533K(640K)
[2.017s][info][gc             ] GC(64) Pause Full (Ergonomics) 327M->326M(419M) 106.814ms
[2.017s][info][gc,cpu         ] GC(64) User=0.75s Sys=0.00s Real=0.11s
[2.031s][info][gc,start       ] GC(65) Pause Young (Allocation Failure)
[2.057s][info][gc,heap        ] GC(65) PSYoungGen: 23508K(59392K)->12928K(58368K) Eden: 12800K(12800K)->0K(14336K) From: 10708K(46592K)->12928K(44032K)
[2.057s][info][gc,heap        ] GC(65) ParOldGen: 323777K(370176K)->334649K(370176K)
[2.057s][info][gc,metaspace   ] GC(65) Metaspace: 6299K(6464K)->6299K(6464K) NonClass: 5765K(5824K)->5765K(5824K) Class: 533K(640K)->533K(640K)
[2.057s][info][gc             ] GC(65) Pause Young (Allocation Failure) 339M->339M(418M) 26.228ms
[2.058s][info][gc,cpu         ] GC(65) User=0.12s Sys=0.00s Real=0.03s
[2.134s][info][gc,start       ] GC(66) Pause Full (Ergonomics)
[2.134s][info][gc,phases,start] GC(66) Marking Phase
[2.214s][info][gc,phases      ] GC(66) Marking Phase 79.983ms
[2.214s][info][gc,phases,start] GC(66) Summary Phase
[2.214s][info][gc,phases      ] GC(66) Summary Phase 0.041ms
[2.214s][info][gc,phases,start] GC(66) Adjust Roots
[2.214s][info][gc,phases      ] GC(66) Adjust Roots 0.227ms
[2.214s][info][gc,phases,start] GC(66) Compaction Phase
[2.279s][info][gc,phases      ] GC(66) Compaction Phase 64.588ms
[2.279s][info][gc,phases,start] GC(66) Post Compact
[2.281s][info][gc,phases      ] GC(66) Post Compact 1.863ms
[2.281s][info][gc,heap        ] GC(66) PSYoungGen: 27264K(58368K)->0K(58880K) Eden: 14336K(14336K)->0K(14336K) From: 12928K(44032K)->0K(44544K)
[2.281s][info][gc,heap        ] GC(66) ParOldGen: 351033K(370176K)->369754K(419328K)
[2.281s][info][gc,metaspace   ] GC(66) Metaspace: 6299K(6464K)->6299K(6464K) NonClass: 5765K(5824K)->5765K(5824K) Class: 533K(640K)->533K(640K)
[2.281s][info][gc             ] GC(66) Pause Full (Ergonomics) 369M->361M(467M) 147.290ms
[2.281s][info][gc,cpu         ] GC(66) User=0.83s Sys=0.03s Real=0.15s
[2.299s][info][gc,start       ] GC(67) Pause Young (Allocation Failure)
[2.309s][info][gc,heap        ] GC(67) PSYoungGen: 14336K(58880K)->14432K(58368K) Eden: 14336K(14336K)->0K(15872K) From: 0K(44544K)->14432K(42496K)
[2.309s][info][gc,heap        ] GC(67) ParOldGen: 369754K(419328K)->369754K(419328K)
[2.309s][info][gc,metaspace   ] GC(67) Metaspace: 6299K(6464K)->6299K(6464K) NonClass: 5765K(5824K)->5765K(5824K) Class: 533K(640K)->533K(640K)
[2.309s][info][gc             ] GC(67) Pause Young (Allocation Failure) 375M->375M(466M) 9.827ms
[2.309s][info][gc,cpu         ] GC(67) User=0.02s Sys=0.00s Real=0.01s
[2.325s][info][gc,start       ] GC(68) Pause Young (Allocation Failure)
[2.340s][info][gc,heap        ] GC(68) PSYoungGen: 30304K(58368K)->30304K(59392K) Eden: 15872K(15872K)->0K(15872K) From: 14432K(42496K)->30304K(43520K)
[2.340s][info][gc,heap        ] GC(68) ParOldGen: 369754K(419328K)->369754K(419328K)
[2.340s][info][gc,metaspace   ] GC(68) Metaspace: 6299K(6464K)->6299K(6464K) NonClass: 5765K(5824K)->5765K(5824K) Class: 533K(640K)->533K(640K)
[2.340s][info][gc             ] GC(68) Pause Young (Allocation Failure) 390M->390M(467M) 15.153ms
[2.340s][info][gc,cpu         ] GC(68) User=0.02s Sys=0.00s Real=0.01s
[2.356s][info][gc,start       ] GC(69) Pause Young (Allocation Failure)
[2.378s][info][gc,heap        ] GC(69) PSYoungGen: 46176K(59392K)->44544K(55296K) Eden: 15872K(15872K)->0K(10752K) From: 30304K(43520K)->44544K(44544K)
[2.378s][info][gc,heap        ] GC(69) ParOldGen: 369754K(419328K)->371338K(419328K)
[2.378s][info][gc,metaspace   ] GC(69) Metaspace: 6299K(6464K)->6299K(6464K) NonClass: 5765K(5824K)->5765K(5824K) Class: 533K(640K)->533K(640K)
[2.378s][info][gc             ] GC(69) Pause Young (Allocation Failure) 406M->406M(463M) 21.761ms
[2.378s][info][gc,cpu         ] GC(69) User=0.09s Sys=0.03s Real=0.02s
[2.389s][info][gc,start       ] GC(70) Pause Young (Allocation Failure)
[2.413s][info][gc,heap        ] GC(70) PSYoungGen: 55296K(55296K)->41248K(61952K) Eden: 10752K(10752K)->0K(10752K) From: 44544K(44544K)->41248K(51200K)
[2.413s][info][gc,heap        ] GC(70) ParOldGen: 371338K(419328K)->385658K(419328K)
[2.413s][info][gc,metaspace   ] GC(70) Metaspace: 6299K(6464K)->6299K(6464K) NonClass: 5765K(5824K)->5765K(5824K) Class: 533K(640K)->533K(640K)
[2.413s][info][gc             ] GC(70) Pause Young (Allocation Failure) 416M->416M(470M) 24.749ms
[2.413s][info][gc,cpu         ] GC(70) User=0.14s Sys=0.00s Real=0.03s
[2.424s][info][gc,start       ] GC(71) Pause Young (Allocation Failure)
[2.448s][info][gc,heap        ] GC(71) PSYoungGen: 52000K(61952K)->37120K(66048K) Eden: 10752K(10752K)->0K(11264K) From: 41248K(51200K)->37120K(54784K)
[2.448s][info][gc,heap        ] GC(71) ParOldGen: 385658K(419328K)->400754K(419328K)
[2.448s][info][gc,metaspace   ] GC(71) Metaspace: 6299K(6464K)->6299K(6464K) NonClass: 5765K(5824K)->5765K(5824K) Class: 533K(640K)->533K(640K)
[2.448s][info][gc             ] GC(71) Pause Young (Allocation Failure) 427M->427M(474M) 23.571ms
[2.448s][info][gc,cpu         ] GC(71) User=0.12s Sys=0.00s Real=0.02s
[2.448s][info][gc,start       ] GC(72) Pause Full (Ergonomics)
[2.448s][info][gc,phases,start] GC(72) Marking Phase
[2.533s][info][gc,phases      ] GC(72) Marking Phase 85.296ms
[2.533s][info][gc,phases,start] GC(72) Summary Phase
[2.533s][info][gc,phases      ] GC(72) Summary Phase 0.018ms
[2.533s][info][gc,phases,start] GC(72) Adjust Roots
[2.534s][info][gc,phases      ] GC(72) Adjust Roots 0.150ms
[2.534s][info][gc,phases,start] GC(72) Compaction Phase
[2.584s][info][gc,phases      ] GC(72) Compaction Phase 50.029ms
[2.584s][info][gc,phases,start] GC(72) Post Compact
[2.586s][info][gc,phases      ] GC(72) Post Compact 2.121ms
[2.586s][info][gc,heap        ] GC(72) PSYoungGen: 37120K(66048K)->17990K(66048K) Eden: 0K(11264K)->0K(11264K) From: 37120K(54784K)->17990K(54784K)
[2.586s][info][gc,heap        ] GC(72) ParOldGen: 400754K(419328K)->419188K(474112K)
[2.586s][info][gc,metaspace   ] GC(72) Metaspace: 6299K(6464K)->6299K(6464K) NonClass: 5765K(5824K)->5765K(5824K) Class: 533K(640K)->533K(640K)
[2.586s][info][gc             ] GC(72) Pause Full (Ergonomics) 427M->426M(527M) 138.162ms
[2.586s][info][gc,cpu         ] GC(72) User=0.88s Sys=0.00s Real=0.14s
[2.599s][info][gc,start       ] GC(73) Pause Young (Allocation Failure)
[2.630s][info][gc,heap        ] GC(73) PSYoungGen: 29254K(66048K)->22240K(33792K) Eden: 11264K(11264K)->0K(11264K) From: 17990K(54784K)->22240K(22528K)
[2.631s][info][gc,heap        ] GC(73) ParOldGen: 419188K(474112K)->426452K(474112K)
[2.631s][info][gc,metaspace   ] GC(73) Metaspace: 6299K(6464K)->6299K(6464K) NonClass: 5765K(5824K)->5765K(5824K) Class: 533K(640K)->533K(640K)
[2.631s][info][gc             ] GC(73) Pause Young (Allocation Failure) 437M->438M(496M) 31.088ms
[2.631s][info][gc,cpu         ] GC(73) User=0.14s Sys=0.00s Real=0.03s
[2.643s][info][gc,start       ] GC(74) Pause Young (Allocation Failure)
[2.659s][info][gc,heap        ] GC(74) PSYoungGen: 33504K(33792K)->27808K(61440K) Eden: 11264K(11264K)->0K(12800K) From: 22240K(22528K)->27808K(48640K)
[2.659s][info][gc,heap        ] GC(74) ParOldGen: 426452K(474112K)->432268K(474112K)
[2.659s][info][gc,metaspace   ] GC(74) Metaspace: 6299K(6464K)->6299K(6464K) NonClass: 5765K(5824K)->5765K(5824K) Class: 533K(640K)->533K(640K)
[2.659s][info][gc             ] GC(74) Pause Young (Allocation Failure) 449M->449M(523M) 16.336ms
[2.659s][info][gc,cpu         ] GC(74) User=0.03s Sys=0.00s Real=0.02s
[2.672s][info][gc,start       ] GC(75) Pause Young (Allocation Failure)
[2.692s][info][gc,heap        ] GC(75) PSYoungGen: 40608K(61440K)->35456K(64000K) Eden: 12800K(12800K)->0K(12800K) From: 27808K(48640K)->35456K(51200K)
[2.692s][info][gc,heap        ] GC(75) ParOldGen: 432268K(474112K)->437500K(474112K)
[2.692s][info][gc,metaspace   ] GC(75) Metaspace: 6299K(6464K)->6299K(6464K) NonClass: 5765K(5824K)->5765K(5824K) Class: 533K(640K)->533K(640K)
[2.692s][info][gc             ] GC(75) Pause Young (Allocation Failure) 461M->461M(525M) 19.551ms
[2.692s][info][gc,cpu         ] GC(75) User=0.12s Sys=0.00s Real=0.02s
[2.707s][info][gc,start       ] GC(76) Pause Young (Allocation Failure)
[2.729s][info][gc,heap        ] GC(76) PSYoungGen: 48256K(64000K)->36928K(66048K) Eden: 12800K(12800K)->0K(13824K) From: 35456K(51200K)->36928K(52224K)
[2.729s][info][gc,heap        ] GC(76) ParOldGen: 437500K(474112K)->448908K(474112K)
[2.729s][info][gc,metaspace   ] GC(76) Metaspace: 6299K(6464K)->6299K(6464K) NonClass: 5765K(5824K)->5765K(5824K) Class: 533K(640K)->533K(640K)
[2.729s][info][gc             ] GC(76) Pause Young (Allocation Failure) 474M->474M(527M) 22.656ms
[2.729s][info][gc,cpu         ] GC(76) User=0.14s Sys=0.00s Real=0.02s
[2.744s][info][gc,start       ] GC(77) Pause Young (Allocation Failure)
[2.768s][info][gc,heap        ] GC(77) PSYoungGen: 50752K(66048K)->39520K(66560K) Eden: 13824K(13824K)->0K(13824K) From: 36928K(52224K)->39520K(52736K)
[2.768s][info][gc,heap        ] GC(77) ParOldGen: 448908K(474112K)->460316K(474112K)
[2.769s][info][gc,metaspace   ] GC(77) Metaspace: 6299K(6464K)->6299K(6464K) NonClass: 5765K(5824K)->5765K(5824K) Class: 533K(640K)->533K(640K)
[2.769s][info][gc             ] GC(77) Pause Young (Allocation Failure) 487M->488M(528M) 24.445ms
[2.769s][info][gc,cpu         ] GC(77) User=0.12s Sys=0.00s Real=0.03s
[2.769s][info][gc,start       ] GC(78) Pause Full (Ergonomics)
[2.769s][info][gc,phases,start] GC(78) Marking Phase
[2.878s][info][gc,phases      ] GC(78) Marking Phase 108.915ms
[2.878s][info][gc,phases,start] GC(78) Summary Phase
[2.878s][info][gc,phases      ] GC(78) Summary Phase 0.024ms
[2.878s][info][gc,phases,start] GC(78) Adjust Roots
[2.878s][info][gc,phases      ] GC(78) Adjust Roots 0.154ms
[2.878s][info][gc,phases,start] GC(78) Compaction Phase
[2.933s][info][gc,phases      ] GC(78) Compaction Phase 54.928ms
[2.933s][info][gc,phases,start] GC(78) Post Compact
[2.935s][info][gc,phases      ] GC(78) Post Compact 2.611ms
[2.936s][info][gc,heap        ] GC(78) PSYoungGen: 39520K(66560K)->25022K(66560K) Eden: 0K(13824K)->0K(13824K) From: 39520K(52736K)->25022K(52736K)
[2.936s][info][gc,heap        ] GC(78) ParOldGen: 460316K(474112K)->473948K(529920K)
[2.936s][info][gc,metaspace   ] GC(78) Metaspace: 6299K(6464K)->6299K(6464K) NonClass: 5765K(5824K)->5765K(5824K) Class: 533K(640K)->533K(640K)
[2.936s][info][gc             ] GC(78) Pause Full (Ergonomics) 488M->487M(582M) 167.202ms
[2.936s][info][gc,cpu         ] GC(78) User=1.03s Sys=0.02s Real=0.17s
[2.953s][info][gc,start       ] GC(79) Pause Young (Allocation Failure)
[2.990s][info][gc,heap        ] GC(79) PSYoungGen: 38846K(66560K)->22752K(67072K) Eden: 13824K(13824K)->0K(15360K) From: 25022K(52736K)->22752K(51712K)
[2.990s][info][gc,heap        ] GC(79) ParOldGen: 473948K(529920K)->490428K(529920K)
[2.990s][info][gc,metaspace   ] GC(79) Metaspace: 6299K(6464K)->6299K(6464K) NonClass: 5765K(5824K)->5765K(5824K) Class: 533K(640K)->533K(640K)
[2.990s][info][gc             ] GC(79) Pause Young (Allocation Failure) 500M->501M(583M) 37.863ms
[2.991s][info][gc,cpu         ] GC(79) User=0.25s Sys=0.00s Real=0.04s
[3.007s][info][gc,start       ] GC(80) Pause Young (Allocation Failure)
[3.026s][info][gc,heap        ] GC(80) PSYoungGen: 38112K(67072K)->29280K(45056K) Eden: 15360K(15360K)->0K(15360K) From: 22752K(51712K)->29280K(29696K)
[3.027s][info][gc,heap        ] GC(80) ParOldGen: 490428K(529920K)->499356K(529920K)
[3.027s][info][gc,metaspace   ] GC(80) Metaspace: 6299K(6464K)->6299K(6464K) NonClass: 5765K(5824K)->5765K(5824K) Class: 533K(640K)->533K(640K)
[3.027s][info][gc             ] GC(80) Pause Young (Allocation Failure) 516M->516M(561M) 19.776ms
[3.027s][info][gc,cpu         ] GC(80) User=0.08s Sys=0.05s Real=0.02s
[3.043s][info][gc,start       ] GC(81) Pause Young (Allocation Failure)
[3.065s][info][gc,heap        ] GC(81) PSYoungGen: 44640K(45056K)->30912K(66048K) Eden: 15360K(15360K)->0K(17408K) From: 29280K(29696K)->30912K(48640K)
[3.065s][info][gc,heap        ] GC(81) ParOldGen: 499356K(529920K)->513364K(529920K)
[3.065s][info][gc,metaspace   ] GC(81) Metaspace: 6299K(6464K)->6299K(6464K) NonClass: 5765K(5824K)->5765K(5824K) Class: 533K(640K)->533K(640K)
[3.065s][info][gc             ] GC(81) Pause Young (Allocation Failure) 531M->531M(582M) 22.274ms
[3.065s][info][gc,cpu         ] GC(81) User=0.12s Sys=0.00s Real=0.02s
[3.065s][info][gc,start       ] GC(82) Pause Full (Ergonomics)
[3.065s][info][gc,phases,start] GC(82) Marking Phase
[3.181s][info][gc,phases      ] GC(82) Marking Phase 115.487ms
[3.181s][info][gc,phases,start] GC(82) Summary Phase
[3.181s][info][gc,phases      ] GC(82) Summary Phase 0.029ms
[3.181s][info][gc,phases,start] GC(82) Adjust Roots
[3.181s][info][gc,phases      ] GC(82) Adjust Roots 0.184ms
[3.181s][info][gc,phases,start] GC(82) Compaction Phase
[3.235s][info][gc,phases      ] GC(82) Compaction Phase 53.796ms
[3.235s][info][gc,phases,start] GC(82) Post Compact
[3.236s][info][gc,phases      ] GC(82) Post Compact 0.987ms
[3.236s][info][gc,heap        ] GC(82) PSYoungGen: 30912K(66048K)->13793K(67072K) Eden: 0K(17408K)->0K(18432K) From: 30912K(48640K)->13793K(48640K)
[3.236s][info][gc,heap        ] GC(82) ParOldGen: 513364K(529920K)->529628K(591360K)
[3.237s][info][gc,metaspace   ] GC(82) Metaspace: 6299K(6464K)->6299K(6464K) NonClass: 5765K(5824K)->5765K(5824K) Class: 533K(640K)->533K(640K)
[3.237s][info][gc             ] GC(82) Pause Full (Ergonomics) 531M->530M(643M) 171.131ms
[3.237s][info][gc,cpu         ] GC(82) User=1.22s Sys=0.00s Real=0.17s
[3.258s][info][gc,start       ] GC(83) Pause Young (Allocation Failure)
[3.296s][info][gc,heap        ] GC(83) PSYoungGen: 32225K(67072K)->25984K(68096K) Eden: 18432K(18432K)->0K(18432K) From: 13793K(48640K)->25984K(49664K)
[3.296s][info][gc,heap        ] GC(83) ParOldGen: 529628K(591360K)->536188K(591360K)
[3.296s][info][gc,metaspace   ] GC(83) Metaspace: 6299K(6464K)->6299K(6464K) NonClass: 5765K(5824K)->5765K(5824K) Class: 533K(640K)->533K(640K)
[3.296s][info][gc             ] GC(83) Pause Young (Allocation Failure) 548M->548M(644M) 37.876ms
[3.296s][info][gc,cpu         ] GC(83) User=0.25s Sys=0.00s Real=0.04s
[3.317s][info][gc,start       ] GC(84) Pause Young (Allocation Failure)
[3.340s][info][gc,heap        ] GC(84) PSYoungGen: 44416K(68096K)->44352K(65024K) Eden: 18432K(18432K)->0K(16896K) From: 25984K(49664K)->44352K(48128K)
[3.340s][info][gc,heap        ] GC(84) ParOldGen: 536188K(591360K)->536188K(591360K)
[3.340s][info][gc,metaspace   ] GC(84) Metaspace: 6299K(6464K)->6299K(6464K) NonClass: 5765K(5824K)->5765K(5824K) Class: 533K(640K)->533K(640K)
[3.340s][info][gc             ] GC(84) Pause Young (Allocation Failure) 566M->566M(641M) 23.105ms
[3.340s][info][gc,cpu         ] GC(84) User=0.14s Sys=0.00s Real=0.02s
[3.358s][info][gc,start       ] GC(85) Pause Young (Allocation Failure)
[3.388s][info][gc,heap        ] GC(85) PSYoungGen: 61248K(65024K)->51712K(68608K) Eden: 16896K(16896K)->0K(16896K) From: 44352K(48128K)->51712K(51712K)
[3.388s][info][gc,heap        ] GC(85) ParOldGen: 536188K(591360K)->545772K(591360K)
[3.388s][info][gc,metaspace   ] GC(85) Metaspace: 6299K(6464K)->6299K(6464K) NonClass: 5765K(5824K)->5765K(5824K) Class: 533K(640K)->533K(640K)
[3.388s][info][gc             ] GC(85) Pause Young (Allocation Failure) 583M->583M(644M) 29.846ms
[3.388s][info][gc,cpu         ] GC(85) User=0.12s Sys=0.02s Real=0.03s
[3.407s][info][gc,start       ] GC(86) Pause Young (Allocation Failure)
[3.440s][info][gc,heap        ] GC(86) PSYoungGen: 68608K(68608K)->47520K(77312K) Eden: 16896K(16896K)->0K(16384K) From: 51712K(51712K)->47520K(60928K)
[3.440s][info][gc,heap        ] GC(86) ParOldGen: 545772K(591360K)->567260K(591360K)
[3.440s][info][gc,metaspace   ] GC(86) Metaspace: 6299K(6464K)->6299K(6464K) NonClass: 5765K(5824K)->5765K(5824K) Class: 533K(640K)->533K(640K)
[3.440s][info][gc             ] GC(86) Pause Young (Allocation Failure) 599M->600M(653M) 32.946ms
[3.440s][info][gc,cpu         ] GC(86) User=0.14s Sys=0.02s Real=0.03s
[3.460s][info][gc,start       ] GC(87) Pause Young (Allocation Failure)
[3.490s][info][gc,heap        ] GC(87) PSYoungGen: 63904K(77312K)->49280K(79872K) Eden: 16384K(16384K)->0K(16384K) From: 47520K(60928K)->49280K(63488K)
[3.491s][info][gc,heap        ] GC(87) ParOldGen: 567260K(591360K)->582044K(591360K)
[3.491s][info][gc,metaspace   ] GC(87) Metaspace: 6299K(6464K)->6299K(6464K) NonClass: 5765K(5824K)->5765K(5824K) Class: 533K(640K)->533K(640K)
[3.491s][info][gc             ] GC(87) Pause Young (Allocation Failure) 616M->616M(655M) 30.878ms
[3.491s][info][gc,cpu         ] GC(87) User=0.12s Sys=0.00s Real=0.03s
[3.491s][info][gc,start       ] GC(88) Pause Full (Ergonomics)
[3.491s][info][gc,phases,start] GC(88) Marking Phase
[3.631s][info][gc,phases      ] GC(88) Marking Phase 139.935ms
[3.631s][info][gc,phases,start] GC(88) Summary Phase
[3.631s][info][gc,phases      ] GC(88) Summary Phase 0.021ms
[3.631s][info][gc,phases,start] GC(88) Adjust Roots
[3.631s][info][gc,phases      ] GC(88) Adjust Roots 0.152ms
[3.631s][info][gc,phases,start] GC(88) Compaction Phase
[3.692s][info][gc,phases      ] GC(88) Compaction Phase 61.235ms
[3.692s][info][gc,phases,start] GC(88) Post Compact
[3.693s][info][gc,phases      ] GC(88) Post Compact 1.058ms
[3.693s][info][gc,heap        ] GC(88) PSYoungGen: 49280K(79872K)->39369K(79872K) Eden: 0K(16384K)->0K(16384K) From: 49280K(63488K)->39369K(63488K)
[3.694s][info][gc,heap        ] GC(88) ParOldGen: 582044K(591360K)->590939K(658944K)
[3.694s][info][gc,metaspace   ] GC(88) Metaspace: 6299K(6464K)->6299K(6464K) NonClass: 5765K(5824K)->5765K(5824K) Class: 533K(640K)->533K(640K)
[3.694s][info][gc             ] GC(88) Pause Full (Ergonomics) 616M->615M(721M) 202.920ms
[3.694s][info][gc,cpu         ] GC(88) User=1.53s Sys=0.02s Real=0.20s
[3.713s][info][gc,start       ] GC(89) Pause Young (Allocation Failure)
[3.762s][info][gc,heap        ] GC(89) PSYoungGen: 55753K(79872K)->43072K(83456K) Eden: 16384K(16384K)->0K(18432K) From: 39369K(63488K)->43072K(65024K)
[3.762s][info][gc,heap        ] GC(89) ParOldGen: 590939K(658944K)->604035K(658944K)
[3.762s][info][gc,metaspace   ] GC(89) Metaspace: 6299K(6464K)->6299K(6464K) NonClass: 5765K(5824K)->5765K(5824K) Class: 533K(640K)->533K(640K)
[3.762s][info][gc             ] GC(89) Pause Young (Allocation Failure) 631M->631M(725M) 48.454ms
[3.762s][info][gc,cpu         ] GC(89) User=0.23s Sys=0.02s Real=0.05s
[3.782s][info][gc,start       ] GC(90) Pause Young (Allocation Failure)
[3.813s][info][gc,heap        ] GC(90) PSYoungGen: 61504K(83456K)->47808K(83968K) Eden: 18432K(18432K)->0K(18432K) From: 43072K(65024K)->47808K(65536K)
[3.813s][info][gc,heap        ] GC(90) ParOldGen: 604035K(658944K)->617939K(658944K)
[3.813s][info][gc,metaspace   ] GC(90) Metaspace: 6299K(6464K)->6299K(6464K) NonClass: 5765K(5824K)->5765K(5824K) Class: 533K(640K)->533K(640K)
[3.813s][info][gc             ] GC(90) Pause Young (Allocation Failure) 649M->650M(725M) 31.089ms
[3.813s][info][gc,cpu         ] GC(90) User=0.14s Sys=0.00s Real=0.03s
[3.835s][info][gc,start       ] GC(91) Pause Young (Allocation Failure)
[3.868s][info][gc,heap        ] GC(91) PSYoungGen: 66240K(83968K)->53408K(83968K) Eden: 18432K(18432K)->0K(17408K) From: 47808K(65536K)->53408K(66560K)
[3.868s][info][gc,heap        ] GC(91) ParOldGen: 617939K(658944K)->630947K(658944K)
[3.868s][info][gc,metaspace   ] GC(91) Metaspace: 6299K(6464K)->6299K(6464K) NonClass: 5765K(5824K)->5765K(5824K) Class: 533K(640K)->533K(640K)
[3.868s][info][gc             ] GC(91) Pause Young (Allocation Failure) 668M->668M(725M) 33.093ms
[3.868s][info][gc,cpu         ] GC(91) User=0.27s Sys=0.00s Real=0.03s
[3.891s][info][gc,start       ] GC(92) Pause Young (Allocation Failure)
[3.925s][info][gc,heap        ] GC(92) PSYoungGen: 70816K(83968K)->54432K(87040K) Eden: 17408K(17408K)->0K(17408K) From: 53408K(66560K)->54432K(69632K)
[3.925s][info][gc,heap        ] GC(92) ParOldGen: 630947K(658944K)->647579K(658944K)
[3.925s][info][gc,metaspace   ] GC(92) Metaspace: 6299K(6464K)->6299K(6464K) NonClass: 5765K(5824K)->5765K(5824K) Class: 533K(640K)->533K(640K)
[3.925s][info][gc             ] GC(92) Pause Young (Allocation Failure) 685M->685M(728M) 33.960ms
[3.925s][info][gc,cpu         ] GC(92) User=0.16s Sys=0.00s Real=0.03s
[3.925s][info][gc,start       ] GC(93) Pause Full (Ergonomics)
[3.925s][info][gc,phases,start] GC(93) Marking Phase
[4.082s][info][gc,phases      ] GC(93) Marking Phase 157.131ms
[4.082s][info][gc,phases,start] GC(93) Summary Phase
[4.082s][info][gc,phases      ] GC(93) Summary Phase 0.031ms
[4.082s][info][gc,phases,start] GC(93) Adjust Roots
[4.083s][info][gc,phases      ] GC(93) Adjust Roots 0.208ms
[4.083s][info][gc,phases,start] GC(93) Compaction Phase
[4.146s][info][gc,phases      ] GC(93) Compaction Phase 63.547ms
[4.146s][info][gc,phases,start] GC(93) Post Compact
[4.147s][info][gc,phases      ] GC(93) Post Compact 1.232ms
[4.148s][info][gc,heap        ] GC(93) PSYoungGen: 54432K(87040K)->41915K(87040K) Eden: 0K(17408K)->0K(17408K) From: 54432K(69632K)->41915K(69632K)
[4.148s][info][gc,heap        ] GC(93) ParOldGen: 647579K(658944K)->658926K(732160K)
[4.148s][info][gc,metaspace   ] GC(93) Metaspace: 6299K(6464K)->6299K(6464K) NonClass: 5765K(5824K)->5765K(5824K) Class: 533K(640K)->533K(640K)
[4.148s][info][gc             ] GC(93) Pause Full (Ergonomics) 685M->684M(800M) 222.716ms
[4.148s][info][gc,cpu         ] GC(93) User=1.52s Sys=0.00s Real=0.22s
[4.297s][info][gc,start       ] GC(94) Pause Young (Allocation Failure)
[4.352s][info][gc,heap        ] GC(94) PSYoungGen: 59323K(87040K)->44416K(88064K) Eden: 17408K(17408K)->0K(19456K) From: 41915K(69632K)->44416K(68608K)
[4.352s][info][gc,heap        ] GC(94) ParOldGen: 691694K(732160K)->707070K(732160K)
[4.352s][info][gc,metaspace   ] GC(94) Metaspace: 6299K(6464K)->6299K(6464K) NonClass: 5765K(5824K)->5765K(5824K) Class: 533K(640K)->533K(640K)
[4.352s][info][gc             ] GC(94) Pause Young (Allocation Failure) 733M->733M(801M) 54.410ms
[4.352s][info][gc,cpu         ] GC(94) User=0.39s Sys=0.00s Real=0.05s
[4.373s][info][gc,start       ] GC(95) Pause Young (Allocation Failure)
[4.404s][info][gc,heap        ] GC(95) PSYoungGen: 63872K(88064K)->63872K(89600K) Eden: 19456K(19456K)->0K(19456K) From: 44416K(68608K)->63872K(70144K)
[4.404s][info][gc,heap        ] GC(95) ParOldGen: 707070K(732160K)->707070K(732160K)
[4.404s][info][gc,metaspace   ] GC(95) Metaspace: 6299K(6464K)->6299K(6464K) NonClass: 5765K(5824K)->5765K(5824K) Class: 533K(640K)->533K(640K)
[4.404s][info][gc             ] GC(95) Pause Young (Allocation Failure) 752M->752M(802M) 31.311ms
[4.404s][info][gc,cpu         ] GC(95) User=0.14s Sys=0.00s Real=0.03s
[4.425s][info][gc,start       ] GC(96) Pause Young (Allocation Failure)
[4.464s][info][gc,heap        ] GC(96) PSYoungGen: 83328K(89600K)->68576K(90624K) Eden: 19456K(19456K)->0K(15360K) From: 63872K(70144K)->68576K(75264K)
[4.464s][info][gc,heap        ] GC(96) ParOldGen: 707070K(732160K)->721998K(732160K)
[4.464s][info][gc,metaspace   ] GC(96) Metaspace: 6299K(6464K)->6299K(6464K) NonClass: 5765K(5824K)->5765K(5824K) Class: 533K(640K)->533K(640K)
[4.464s][info][gc             ] GC(96) Pause Young (Allocation Failure) 771M->772M(803M) 39.373ms
[4.464s][info][gc,cpu         ] GC(96) User=0.22s Sys=0.03s Real=0.04s
[4.464s][info][gc,start       ] GC(97) Pause Full (Ergonomics)
[4.464s][info][gc,phases,start] GC(97) Marking Phase
[4.632s][info][gc,phases      ] GC(97) Marking Phase 167.709ms
[4.632s][info][gc,phases,start] GC(97) Summary Phase
[4.632s][info][gc,phases      ] GC(97) Summary Phase 0.022ms
[4.632s][info][gc,phases,start] GC(97) Adjust Roots
[4.632s][info][gc,phases      ] GC(97) Adjust Roots 0.151ms
[4.632s][info][gc,phases,start] GC(97) Compaction Phase
[4.762s][info][gc,phases      ] GC(97) Compaction Phase 130.049ms
[4.762s][info][gc,phases,start] GC(97) Post Compact
[4.764s][info][gc,phases      ] GC(97) Post Compact 1.880ms
[4.764s][info][gc,heap        ] GC(97) PSYoungGen: 68576K(90624K)->41719K(90624K) Eden: 0K(15360K)->0K(15360K) From: 68576K(75264K)->41719K(75264K)
[4.764s][info][gc,heap        ] GC(97) ParOldGen: 721998K(732160K)->731735K(809472K)
[4.764s][info][gc,metaspace   ] GC(97) Metaspace: 6299K(6464K)->6299K(6464K) NonClass: 5765K(5824K)->5765K(5824K) Class: 533K(640K)->533K(640K)
[4.764s][info][gc             ] GC(97) Pause Full (Ergonomics) 772M->755M(879M) 300.507ms
[4.764s][info][gc,cpu         ] GC(97) User=1.89s Sys=0.00s Real=0.30s
[4.782s][info][gc,start       ] GC(98) Pause Young (Allocation Failure)
[4.837s][info][gc,heap        ] GC(98) PSYoungGen: 57079K(90624K)->49280K(65024K) Eden: 15360K(15360K)->0K(15360K) From: 41719K(75264K)->49280K(49664K)
[4.837s][info][gc,heap        ] GC(98) ParOldGen: 731735K(809472K)->739863K(809472K)
[4.837s][info][gc,metaspace   ] GC(98) Metaspace: 6299K(6464K)->6299K(6464K) NonClass: 5765K(5824K)->5765K(5824K) Class: 533K(640K)->533K(640K)
[4.837s][info][gc             ] GC(98) Pause Young (Allocation Failure) 770M->770M(854M) 54.903ms
[4.837s][info][gc,cpu         ] GC(98) User=0.38s Sys=0.02s Real=0.06s
[4.852s][info][gc,start       ] GC(99) Pause Young (Allocation Failure)
[4.882s][info][gc,heap        ] GC(99) PSYoungGen: 64640K(65024K)->64672K(93184K) Eden: 15360K(15360K)->0K(13824K) From: 49280K(49664K)->64672K(79360K)
[4.882s][info][gc,heap        ] GC(99) ParOldGen: 739863K(809472K)->739863K(809472K)
[4.883s][info][gc,metaspace   ] GC(99) Metaspace: 6299K(6464K)->6299K(6464K) NonClass: 5765K(5824K)->5765K(5824K) Class: 533K(640K)->533K(640K)
[4.883s][info][gc             ] GC(99) Pause Young (Allocation Failure) 785M->785M(881M) 30.205ms
[4.883s][info][gc,cpu         ] GC(99) User=0.12s Sys=0.02s Real=0.03s
[4.897s][info][gc,start       ] GC(100) Pause Young (Allocation Failure)
[4.932s][info][gc,heap        ] GC(100) PSYoungGen: 78496K(93184K)->68256K(96256K) Eden: 13824K(13824K)->0K(13824K) From: 64672K(79360K)->68256K(82432K)
[4.932s][info][gc,heap        ] GC(100) ParOldGen: 739863K(809472K)->750215K(809472K)
[4.932s][info][gc,metaspace   ] GC(100) Metaspace: 6299K(6464K)->6299K(6464K) NonClass: 5765K(5824K)->5765K(5824K) Class: 533K(640K)->533K(640K)
[4.932s][info][gc             ] GC(100) Pause Young (Allocation Failure) 799M->799M(884M) 35.750ms
[4.932s][info][gc,cpu         ] GC(100) User=0.22s Sys=0.05s Real=0.04s
[4.946s][info][gc,start       ] GC(101) Pause Young (Allocation Failure)
[4.984s][info][gc,heap        ] GC(101) PSYoungGen: 82080K(96256K)->58496K(101376K) Eden: 13824K(13824K)->0K(15872K) From: 68256K(82432K)->58496K(85504K)
[4.984s][info][gc,heap        ] GC(101) ParOldGen: 750215K(809472K)->774063K(809472K)
[4.984s][info][gc,metaspace   ] GC(101) Metaspace: 6299K(6464K)->6299K(6464K) NonClass: 5765K(5824K)->5765K(5824K) Class: 533K(640K)->533K(640K)
[4.984s][info][gc             ] GC(101) Pause Young (Allocation Failure) 812M->813M(889M) 38.052ms
[4.984s][info][gc,cpu         ] GC(101) User=0.22s Sys=0.02s Real=0.04s
[5.001s][info][gc,start       ] GC(102) Pause Young (Allocation Failure)
[5.036s][info][gc,heap        ] GC(102) PSYoungGen: 74368K(101376K)->43616K(101888K) Eden: 15872K(15872K)->0K(15872K) From: 58496K(85504K)->43616K(86016K)
[5.036s][info][gc,heap        ] GC(102) ParOldGen: 774063K(809472K)->805159K(809472K)
[5.037s][info][gc,metaspace   ] GC(102) Metaspace: 6299K(6464K)->6299K(6464K) NonClass: 5765K(5824K)->5765K(5824K) Class: 533K(640K)->533K(640K)
[5.037s][info][gc             ] GC(102) Pause Young (Allocation Failure) 828M->828M(890M) 35.511ms
[5.037s][info][gc,cpu         ] GC(102) User=0.25s Sys=0.00s Real=0.03s
[5.037s][info][gc,start       ] GC(103) Pause Full (Ergonomics)
[5.037s][info][gc,phases,start] GC(103) Marking Phase
[5.224s][info][gc,phases      ] GC(103) Marking Phase 187.302ms
[5.224s][info][gc,phases,start] GC(103) Summary Phase
[5.224s][info][gc,phases      ] GC(103) Summary Phase 0.022ms
[5.224s][info][gc,phases,start] GC(103) Adjust Roots
[5.224s][info][gc,phases      ] GC(103) Adjust Roots 0.166ms
[5.224s][info][gc,phases,start] GC(103) Compaction Phase
[5.323s][info][gc,phases      ] GC(103) Compaction Phase 98.931ms
[5.323s][info][gc,phases,start] GC(103) Post Compact
[5.325s][info][gc,phases      ] GC(103) Post Compact 1.506ms
[5.325s][info][gc,heap        ] GC(103) PSYoungGen: 43616K(101888K)->38317K(101888K) Eden: 0K(15872K)->0K(15872K) From: 43616K(86016K)->38317K(86016K)
[5.325s][info][gc,heap        ] GC(103) ParOldGen: 805159K(809472K)->809220K(900096K)
[5.325s][info][gc,metaspace   ] GC(103) Metaspace: 6299K(6464K)->6299K(6464K) NonClass: 5765K(5824K)->5765K(5824K) Class: 533K(640K)->533K(640K)
[5.325s][info][gc             ] GC(103) Pause Full (Ergonomics) 828M->827M(978M) 288.531ms
[5.325s][info][gc,cpu         ] GC(103) User=2.00s Sys=0.02s Real=0.29s
[5.345s][info][gc,start       ] GC(104) Pause Young (Allocation Failure)
[5.402s][info][gc,heap        ] GC(104) PSYoungGen: 54189K(101888K)->29600K(101376K) Eden: 15872K(15872K)->0K(17920K) From: 38317K(86016K)->29600K(83456K)
[5.402s][info][gc,heap        ] GC(104) ParOldGen: 809220K(900096K)->834324K(900096K)
[5.402s][info][gc,metaspace   ] GC(104) Metaspace: 6299K(6464K)->6299K(6464K) NonClass: 5765K(5824K)->5765K(5824K) Class: 533K(640K)->533K(640K)
[5.402s][info][gc             ] GC(104) Pause Young (Allocation Failure) 843M->843M(978M) 56.859ms
[5.402s][info][gc,cpu         ] GC(104) User=0.39s Sys=0.00s Real=0.06s
[5.421s][info][gc,start       ] GC(105) Pause Young (Allocation Failure)
[5.446s][info][gc,heap        ] GC(105) PSYoungGen: 47520K(101376K)->33920K(101888K) Eden: 17920K(17920K)->0K(17920K) From: 29600K(83456K)->33920K(83968K)
[5.446s][info][gc,heap        ] GC(105) ParOldGen: 834324K(900096K)->848092K(900096K)
[5.446s][info][gc,metaspace   ] GC(105) Metaspace: 6299K(6464K)->6299K(6464K) NonClass: 5765K(5824K)->5765K(5824K) Class: 533K(640K)->533K(640K)
[5.446s][info][gc             ] GC(105) Pause Young (Allocation Failure) 861M->861M(978M) 25.040ms
[5.446s][info][gc,cpu         ] GC(105) User=0.14s Sys=0.00s Real=0.03s
[5.465s][info][gc,start       ] GC(106) Pause Young (Allocation Failure)
[5.492s][info][gc,heap        ] GC(106) PSYoungGen: 51840K(101888K)->35968K(99840K) Eden: 17920K(17920K)->0K(19968K) From: 33920K(83968K)->35968K(79872K)
[5.492s][info][gc,heap        ] GC(106) ParOldGen: 848092K(900096K)->864180K(900096K)
[5.492s][info][gc,metaspace   ] GC(106) Metaspace: 6299K(6464K)->6299K(6464K) NonClass: 5765K(5824K)->5765K(5824K) Class: 533K(640K)->533K(640K)
[5.492s][info][gc             ] GC(106) Pause Young (Allocation Failure) 878M->879M(976M) 27.108ms
[5.492s][info][gc,cpu         ] GC(106) User=0.12s Sys=0.00s Real=0.03s
[5.514s][info][gc,start       ] GC(107) Pause Young (Allocation Failure)
[5.544s][info][gc,heap        ] GC(107) PSYoungGen: 55936K(99840K)->38016K(101376K) Eden: 19968K(19968K)->0K(19968K) From: 35968K(79872K)->38016K(81408K)
[5.544s][info][gc,heap        ] GC(107) ParOldGen: 864180K(900096K)->882348K(900096K)
[5.544s][info][gc,metaspace   ] GC(107) Metaspace: 6299K(6464K)->6299K(6464K) NonClass: 5765K(5824K)->5765K(5824K) Class: 533K(640K)->533K(640K)
[5.544s][info][gc             ] GC(107) Pause Young (Allocation Failure) 898M->898M(978M) 29.251ms
[5.544s][info][gc,cpu         ] GC(107) User=0.14s Sys=0.00s Real=0.03s
[5.544s][info][gc,start       ] GC(108) Pause Full (Ergonomics)
[5.544s][info][gc,phases,start] GC(108) Marking Phase
[5.749s][info][gc,phases      ] GC(108) Marking Phase 205.549ms
[5.749s][info][gc,phases,start] GC(108) Summary Phase
[5.750s][info][gc,phases      ] GC(108) Summary Phase 0.045ms
[5.750s][info][gc,phases,start] GC(108) Adjust Roots
[5.750s][info][gc,phases      ] GC(108) Adjust Roots 0.209ms
[5.750s][info][gc,phases,start] GC(108) Compaction Phase
[5.841s][info][gc,phases      ] GC(108) Compaction Phase 91.658ms
[5.842s][info][gc,phases,start] GC(108) Post Compact
[5.843s][info][gc,phases      ] GC(108) Post Compact 1.713ms
[5.844s][info][gc,heap        ] GC(108) PSYoungGen: 38016K(101376K)->19427K(101376K) Eden: 0K(19968K)->0K(19968K) From: 38016K(81408K)->19427K(81408K)
[5.844s][info][gc,heap        ] GC(108) ParOldGen: 882348K(900096K)->899661K(996352K)
[5.844s][info][gc,metaspace   ] GC(108) Metaspace: 6299K(6464K)->6299K(6464K) NonClass: 5765K(5824K)->5765K(5824K) Class: 533K(640K)->533K(640K)
[5.844s][info][gc             ] GC(108) Pause Full (Ergonomics) 898M->897M(1072M) 299.973ms
[5.844s][info][gc,cpu         ] GC(108) User=2.05s Sys=0.00s Real=0.30s
[5.868s][info][gc,start       ] GC(109) Pause Young (Allocation Failure)
[5.923s][info][gc,heap        ] GC(109) PSYoungGen: 39395K(101376K)->28480K(99328K) Eden: 19968K(19968K)->0K(22016K) From: 19427K(81408K)->28480K(77312K)
[5.923s][info][gc,heap        ] GC(109) ParOldGen: 899661K(996352K)->910885K(996352K)
[5.923s][info][gc,metaspace   ] GC(109) Metaspace: 6299K(6464K)->6299K(6464K) NonClass: 5765K(5824K)->5765K(5824K) Class: 533K(640K)->533K(640K)
[5.923s][info][gc             ] GC(109) Pause Young (Allocation Failure) 917M->917M(1070M) 55.554ms
[5.923s][info][gc,cpu         ] GC(109) User=0.34s Sys=0.03s Real=0.06s
[5.951s][info][gc,start       ] GC(110) Pause Young (Allocation Failure)
[5.977s][info][gc,heap        ] GC(110) PSYoungGen: 50496K(99328K)->50528K(100352K) Eden: 22016K(22016K)->0K(22016K) From: 28480K(77312K)->50528K(78336K)
[5.977s][info][gc,heap        ] GC(110) ParOldGen: 910885K(996352K)->910885K(996352K)
[5.977s][info][gc,metaspace   ] GC(110) Metaspace: 6299K(6464K)->6299K(6464K) NonClass: 5765K(5824K)->5765K(5824K) Class: 533K(640K)->533K(640K)
[5.977s][info][gc             ] GC(110) Pause Young (Allocation Failure) 938M->938M(1071M) 26.150ms
[5.977s][info][gc,cpu         ] GC(110) User=0.12s Sys=0.00s Real=0.03s
[6.001s][info][gc,start       ] GC(111) Pause Young (Allocation Failure)
[6.036s][info][gc,heap        ] GC(111) PSYoungGen: 72544K(100352K)->72544K(95232K) Eden: 22016K(22016K)->0K(17408K) From: 50528K(78336K)->72544K(77824K)
[6.036s][info][gc,heap        ] GC(111) ParOldGen: 910885K(996352K)->910885K(996352K)
[6.036s][info][gc,metaspace   ] GC(111) Metaspace: 6299K(6464K)->6299K(6464K) NonClass: 5765K(5824K)->5765K(5824K) Class: 533K(640K)->533K(640K)
[6.036s][info][gc             ] GC(111) Pause Young (Allocation Failure) 960M->960M(1066M) 35.226ms
[6.036s][info][gc,cpu         ] GC(111) User=0.22s Sys=0.03s Real=0.03s
[6.055s][info][gc,start       ] GC(112) Pause Young (Allocation Failure)
[6.097s][info][gc,heap        ] GC(112) PSYoungGen: 89952K(95232K)->81568K(102400K) Eden: 17408K(17408K)->0K(17408K) From: 72544K(77824K)->81568K(84992K)
[6.097s][info][gc,heap        ] GC(112) ParOldGen: 910885K(996352K)->919365K(996352K)
[6.097s][info][gc,metaspace   ] GC(112) Metaspace: 6299K(6464K)->6299K(6464K) NonClass: 5765K(5824K)->5765K(5824K) Class: 533K(640K)->533K(640K)
[6.097s][info][gc             ] GC(112) Pause Young (Allocation Failure) 977M->977M(1073M) 41.876ms
[6.097s][info][gc,cpu         ] GC(112) User=0.23s Sys=0.02s Real=0.04s
[6.116s][info][gc,start       ] GC(113) Pause Young (Allocation Failure)
[6.165s][info][gc,heap        ] GC(113) PSYoungGen: 98976K(102400K)->79008K(106496K) Eden: 17408K(17408K)->0K(12800K) From: 81568K(84992K)->79008K(93696K)
[6.165s][info][gc,heap        ] GC(113) ParOldGen: 919365K(996352K)->939621K(996352K)
[6.165s][info][gc,metaspace   ] GC(113) Metaspace: 6299K(6464K)->6299K(6464K) NonClass: 5765K(5824K)->5765K(5824K) Class: 533K(640K)->533K(640K)
[6.165s][info][gc             ] GC(113) Pause Young (Allocation Failure) 994M->994M(1077M) 48.932ms
[6.165s][info][gc,cpu         ] GC(113) User=0.27s Sys=0.02s Real=0.05s
[6.179s][info][gc,start       ] GC(114) Pause Young (Allocation Failure)
[6.225s][info][gc,heap        ] GC(114) PSYoungGen: 91808K(106496K)->47744K(60928K) Eden: 12800K(12800K)->0K(12800K) From: 79008K(93696K)->47744K(48128K)
[6.225s][info][gc,heap        ] GC(114) ParOldGen: 939621K(996352K)->984221K(996352K)
[6.225s][info][gc,metaspace   ] GC(114) Metaspace: 6299K(6464K)->6299K(6464K) NonClass: 5765K(5824K)->5765K(5824K) Class: 533K(640K)->533K(640K)
[6.225s][info][gc             ] GC(114) Pause Young (Allocation Failure) 1007M->1007M(1032M) 45.466ms
[6.225s][info][gc,cpu         ] GC(114) User=0.23s Sys=0.02s Real=0.04s
[6.225s][info][gc,start       ] GC(115) Pause Full (Ergonomics)
[6.225s][info][gc,phases,start] GC(115) Marking Phase
[6.451s][info][gc,phases      ] GC(115) Marking Phase 226.270ms
[6.451s][info][gc,phases,start] GC(115) Summary Phase
[6.451s][info][gc,phases      ] GC(115) Summary Phase 0.024ms
[6.451s][info][gc,phases,start] GC(115) Adjust Roots
[6.451s][info][gc,phases      ] GC(115) Adjust Roots 0.153ms
[6.451s][info][gc,phases,start] GC(115) Compaction Phase
[6.549s][info][gc,phases      ] GC(115) Compaction Phase 97.938ms
[6.549s][info][gc,phases,start] GC(115) Post Compact
[6.551s][info][gc,phases      ] GC(115) Post Compact 1.711ms
[6.551s][info][gc,heap        ] GC(115) PSYoungGen: 47744K(60928K)->34233K(60928K) Eden: 0K(12800K)->0K(12800K) From: 47744K(48128K)->34233K(48128K)
[6.552s][info][gc,heap        ] GC(115) ParOldGen: 984221K(996352K)->996277K(1107968K)
[6.552s][info][gc,metaspace   ] GC(115) Metaspace: 6299K(6464K)->6299K(6464K) NonClass: 5765K(5824K)->5765K(5824K) Class: 533K(640K)->533K(640K)
[6.552s][info][gc             ] GC(115) Pause Full (Ergonomics) 1007M->1006M(1141M) 326.785ms
[6.552s][info][gc,cpu         ] GC(115) User=2.45s Sys=0.00s Real=0.33s
[6.565s][info][gc,start       ] GC(116) Pause Young (Allocation Failure)
[6.629s][info][gc,heap        ] GC(116) PSYoungGen: 47033K(60928K)->22208K(110080K) Eden: 12800K(12800K)->0K(13824K) From: 34233K(48128K)->22208K(96256K)
[6.629s][info][gc,heap        ] GC(116) ParOldGen: 996277K(1107968K)->1021597K(1107968K)
[6.629s][info][gc,metaspace   ] GC(116) Metaspace: 6299K(6464K)->6299K(6464K) NonClass: 5765K(5824K)->5765K(5824K) Class: 533K(640K)->533K(640K)
[6.629s][info][gc             ] GC(116) Pause Young (Allocation Failure) 1018M->1019M(1189M) 63.618ms
[6.629s][info][gc,cpu         ] GC(116) User=0.38s Sys=0.00s Real=0.06s
[6.644s][info][gc,start       ] GC(117) Pause Young (Allocation Failure)
[6.665s][info][gc,heap        ] GC(117) PSYoungGen: 36032K(110080K)->26752K(111104K) Eden: 13824K(13824K)->0K(13824K) From: 22208K(96256K)->26752K(97280K)
[6.665s][info][gc,heap        ] GC(117) ParOldGen: 1021597K(1107968K)->1031037K(1107968K)
[6.665s][info][gc,metaspace   ] GC(117) Metaspace: 6299K(6464K)->6299K(6464K) NonClass: 5765K(5824K)->5765K(5824K) Class: 533K(640K)->533K(640K)
[6.665s][info][gc             ] GC(117) Pause Young (Allocation Failure) 1032M->1032M(1190M) 20.919ms
[6.665s][info][gc,cpu         ] GC(117) User=0.12s Sys=0.02s Real=0.02s
[6.680s][info][gc,start       ] GC(118) Pause Young (Allocation Failure)
[6.702s][info][gc,heap        ] GC(118) PSYoungGen: 40576K(111104K)->27776K(109056K) Eden: 13824K(13824K)->0K(15872K) From: 26752K(97280K)->27776K(93184K)
[6.702s][info][gc,heap        ] GC(118) ParOldGen: 1031037K(1107968K)->1043997K(1107968K)
[6.702s][info][gc,metaspace   ] GC(118) Metaspace: 6299K(6464K)->6299K(6464K) NonClass: 5765K(5824K)->5765K(5824K) Class: 533K(640K)->533K(640K)
[6.703s][info][gc             ] GC(118) Pause Young (Allocation Failure) 1046M->1046M(1188M) 22.519ms
[6.703s][info][gc,cpu         ] GC(118) User=0.12s Sys=0.00s Real=0.02s
[6.720s][info][gc,start       ] GC(119) Pause Young (Allocation Failure)
[6.744s][info][gc,heap        ] GC(119) PSYoungGen: 43648K(109056K)->29824K(110592K) Eden: 15872K(15872K)->0K(15872K) From: 27776K(93184K)->29824K(94720K)
[6.744s][info][gc,heap        ] GC(119) ParOldGen: 1043997K(1107968K)->1058005K(1107968K)
[6.744s][info][gc,metaspace   ] GC(119) Metaspace: 6299K(6464K)->6299K(6464K) NonClass: 5765K(5824K)->5765K(5824K) Class: 533K(640K)->533K(640K)
[6.744s][info][gc             ] GC(119) Pause Young (Allocation Failure) 1062M->1062M(1190M) 24.438ms
[6.744s][info][gc,cpu         ] GC(119) User=0.12s Sys=0.02s Real=0.02s
[6.764s][info][gc,start       ] GC(120) Pause Young (Allocation Failure)
[6.790s][info][gc,heap        ] GC(120) PSYoungGen: 45696K(110592K)->31904K(104448K) Eden: 15872K(15872K)->0K(17920K) From: 29824K(94720K)->31904K(86528K)
[6.790s][info][gc,heap        ] GC(120) ParOldGen: 1058005K(1107968K)->1072013K(1107968K)
[6.790s][info][gc,metaspace   ] GC(120) Metaspace: 6299K(6464K)->6299K(6464K) NonClass: 5765K(5824K)->5765K(5824K) Class: 533K(640K)->533K(640K)
[6.790s][info][gc             ] GC(120) Pause Young (Allocation Failure) 1077M->1078M(1184M) 25.839ms
[6.790s][info][gc,cpu         ] GC(120) User=0.12s Sys=0.02s Real=0.03s
[6.809s][info][gc,start       ] GC(121) Pause Young (Allocation Failure)
[6.837s][info][gc,heap        ] GC(121) PSYoungGen: 49824K(104448K)->18048K(107520K) Eden: 17920K(17920K)->0K(17920K) From: 31904K(86528K)->18048K(89600K)
[6.837s][info][gc,heap        ] GC(121) ParOldGen: 1072013K(1107968K)->1104173K(1107968K)
[6.837s][info][gc,metaspace   ] GC(121) Metaspace: 6299K(6464K)->6299K(6464K) NonClass: 5765K(5824K)->5765K(5824K) Class: 533K(640K)->533K(640K)
[6.837s][info][gc             ] GC(121) Pause Young (Allocation Failure) 1095M->1095M(1187M) 28.174ms
[6.837s][info][gc,cpu         ] GC(121) User=0.11s Sys=0.02s Real=0.03s
[6.837s][info][gc,start       ] GC(122) Pause Full (Ergonomics)
[6.837s][info][gc,phases,start] GC(122) Marking Phase
[7.080s][info][gc,phases      ] GC(122) Marking Phase 242.396ms
[7.080s][info][gc,phases,start] GC(122) Summary Phase
[7.080s][info][gc,phases      ] GC(122) Summary Phase 0.043ms
[7.080s][info][gc,phases,start] GC(122) Adjust Roots
[7.080s][info][gc,phases      ] GC(122) Adjust Roots 0.283ms
[7.080s][info][gc,phases,start] GC(122) Compaction Phase
[7.188s][info][gc,phases      ] GC(122) Compaction Phase 108.281ms
[7.188s][info][gc,phases,start] GC(122) Post Compact
[7.190s][info][gc,phases      ] GC(122) Post Compact 1.738ms
[7.191s][info][gc,heap        ] GC(122) PSYoungGen: 18048K(107520K)->12785K(107520K) Eden: 0K(17920K)->0K(17920K) From: 18048K(89600K)->12785K(89600K)
[7.191s][info][gc,heap        ] GC(122) ParOldGen: 1104173K(1107968K)->1107652K(1226752K)
[7.191s][info][gc,metaspace   ] GC(122) Metaspace: 6299K(6464K)->6299K(6464K) NonClass: 5765K(5824K)->5765K(5824K) Class: 533K(640K)->533K(640K)
[7.191s][info][gc             ] GC(122) Pause Full (Ergonomics) 1095M->1094M(1303M) 353.486ms
[7.191s][info][gc,cpu         ] GC(122) User=2.52s Sys=0.02s Real=0.35s
[7.210s][info][gc,start       ] GC(123) Pause Young (Allocation Failure)
[7.273s][info][gc,heap        ] GC(123) PSYoungGen: 30705K(107520K)->18048K(107008K) Eden: 17920K(17920K)->0K(19968K) From: 12785K(89600K)->18048K(87040K)
[7.273s][info][gc,heap        ] GC(123) ParOldGen: 1107652K(1226752K)->1120636K(1226752K)
[7.273s][info][gc,metaspace   ] GC(123) Metaspace: 6299K(6464K)->6299K(6464K) NonClass: 5765K(5824K)->5765K(5824K) Class: 533K(640K)->533K(640K)
[7.273s][info][gc             ] GC(123) Pause Young (Allocation Failure) 1111M->1111M(1302M) 62.728ms
[7.273s][info][gc,cpu         ] GC(123) User=0.34s Sys=0.03s Real=0.06s
[7.295s][info][gc,start       ] GC(124) Pause Young (Allocation Failure)
[7.317s][info][gc,heap        ] GC(124) PSYoungGen: 38016K(107008K)->38016K(58368K) Eden: 19968K(19968K)->0K(19968K) From: 18048K(87040K)->38016K(38400K)
[7.317s][info][gc,heap        ] GC(124) ParOldGen: 1120636K(1226752K)->1120636K(1226752K)
[7.317s][info][gc,metaspace   ] GC(124) Metaspace: 6299K(6464K)->6299K(6464K) NonClass: 5765K(5824K)->5765K(5824K) Class: 533K(640K)->533K(640K)
[7.317s][info][gc             ] GC(124) Pause Young (Allocation Failure) 1131M->1131M(1255M) 22.117ms
[7.317s][info][gc,cpu         ] GC(124) User=0.12s Sys=0.00s Real=0.02s
[7.340s][info][gc,start       ] GC(125) Pause Young (Allocation Failure)
[7.370s][info][gc,heap        ] GC(125) PSYoungGen: 57984K(58368K)->58048K(101888K) Eden: 19968K(19968K)->0K(18944K) From: 38016K(38400K)->58048K(82944K)
[7.370s][info][gc,heap        ] GC(125) ParOldGen: 1120636K(1226752K)->1120636K(1226752K)
[7.370s][info][gc,metaspace   ] GC(125) Metaspace: 6299K(6464K)->6299K(6464K) NonClass: 5765K(5824K)->5765K(5824K) Class: 533K(640K)->533K(640K)
[7.370s][info][gc             ] GC(125) Pause Young (Allocation Failure) 1150M->1151M(1297M) 30.562ms
[7.370s][info][gc,cpu         ] GC(125) User=0.14s Sys=0.00s Real=0.03s
[7.392s][info][gc,start       ] GC(126) Pause Young (Allocation Failure)
[7.431s][info][gc,heap        ] GC(126) PSYoungGen: 76992K(101888K)->59072K(104960K) Eden: 18944K(18944K)->0K(18944K) From: 58048K(82944K)->59072K(86016K)
[7.431s][info][gc,heap        ] GC(126) ParOldGen: 1120636K(1226752K)->1138796K(1226752K)
[7.431s][info][gc,metaspace   ] GC(126) Metaspace: 6299K(6464K)->6299K(6464K) NonClass: 5765K(5824K)->5765K(5824K) Class: 533K(640K)->533K(640K)
[7.431s][info][gc             ] GC(126) Pause Young (Allocation Failure) 1169M->1169M(1300M) 38.837ms
[7.431s][info][gc,cpu         ] GC(126) User=0.27s Sys=0.00s Real=0.04s
[7.453s][info][gc,start       ] GC(127) Pause Young (Allocation Failure)
[7.493s][info][gc,heap        ] GC(127) PSYoungGen: 78016K(104960K)->58016K(108544K) Eden: 18944K(18944K)->0K(19968K) From: 59072K(86016K)->58016K(88576K)
[7.493s][info][gc,heap        ] GC(127) ParOldGen: 1138796K(1226752K)->1159028K(1226752K)
[7.493s][info][gc,metaspace   ] GC(127) Metaspace: 6299K(6464K)->6299K(6464K) NonClass: 5765K(5824K)->5765K(5824K) Class: 533K(640K)->533K(640K)
[7.493s][info][gc             ] GC(127) Pause Young (Allocation Failure) 1188M->1188M(1304M) 39.841ms
[7.493s][info][gc,cpu         ] GC(127) User=0.27s Sys=0.00s Real=0.04s
[7.519s][info][gc,start       ] GC(128) Pause Young (Allocation Failure)
[7.559s][info][gc,heap        ] GC(128) PSYoungGen: 77984K(108544K)->58016K(110080K) Eden: 19968K(19968K)->0K(19968K) From: 58016K(88576K)->58016K(90112K)
[7.559s][info][gc,heap        ] GC(128) ParOldGen: 1159028K(1226752K)->1179284K(1226752K)
[7.559s][info][gc,metaspace   ] GC(128) Metaspace: 6299K(6464K)->6299K(6464K) NonClass: 5765K(5824K)->5765K(5824K) Class: 533K(640K)->533K(640K)
[7.559s][info][gc             ] GC(128) Pause Young (Allocation Failure) 1208M->1208M(1305M) 40.700ms
[7.559s][info][gc,cpu         ] GC(128) User=0.27s Sys=0.00s Real=0.04s
[7.582s][info][gc,start       ] GC(129) Pause Young (Allocation Failure)
[7.624s][info][gc,heap        ] GC(129) PSYoungGen: 77984K(110080K)->40064K(105984K) Eden: 19968K(19968K)->0K(22528K) From: 58016K(90112K)->40064K(83456K)
[7.624s][info][gc,heap        ] GC(129) ParOldGen: 1179284K(1226752K)->1217684K(1226752K)
[7.624s][info][gc,metaspace   ] GC(129) Metaspace: 6299K(6464K)->6299K(6464K) NonClass: 5765K(5824K)->5765K(5824K) Class: 533K(640K)->533K(640K)
[7.624s][info][gc             ] GC(129) Pause Young (Allocation Failure) 1227M->1228M(1301M) 41.355ms
[7.624s][info][gc,cpu         ] GC(129) User=0.22s Sys=0.05s Real=0.04s
[7.624s][info][gc,start       ] GC(130) Pause Full (Ergonomics)
[7.624s][info][gc,phases,start] GC(130) Marking Phase
[7.910s][info][gc,phases      ] GC(130) Marking Phase 286.202ms
[7.910s][info][gc,phases,start] GC(130) Summary Phase
[7.910s][info][gc,phases      ] GC(130) Summary Phase 0.028ms
[7.910s][info][gc,phases,start] GC(130) Adjust Roots
[7.910s][info][gc,phases      ] GC(130) Adjust Roots 0.164ms
[7.910s][info][gc,phases,start] GC(130) Compaction Phase
[8.022s][info][gc,phases      ] GC(130) Compaction Phase 111.502ms
[8.022s][info][gc,phases,start] GC(130) Post Compact
[8.024s][info][gc,phases      ] GC(130) Post Compact 2.036ms
[8.025s][info][gc,heap        ] GC(130) PSYoungGen: 40064K(105984K)->29657K(109056K) Eden: 0K(22528K)->0K(25600K) From: 40064K(83456K)->29657K(83456K)
[8.025s][info][gc,heap        ] GC(130) ParOldGen: 1217684K(1226752K)->1226241K(1356800K)
[8.025s][info][gc,metaspace   ] GC(130) Metaspace: 6299K(6464K)->6299K(6464K) NonClass: 5765K(5824K)->5765K(5824K) Class: 533K(640K)->533K(640K)
[8.025s][info][gc             ] GC(130) Pause Full (Ergonomics) 1228M->1226M(1431M) 400.689ms
[8.025s][info][gc,cpu         ] GC(130) User=2.94s Sys=0.02s Real=0.40s
[8.058s][info][gc,start       ] GC(131) Pause Young (Allocation Failure)
[8.137s][info][gc,heap        ] GC(131) PSYoungGen: 55257K(109056K)->25728K(112640K) Eden: 25600K(25600K)->0K(25600K) From: 29657K(83456K)->25728K(87040K)
[8.137s][info][gc,heap        ] GC(131) ParOldGen: 1226241K(1356800K)->1256329K(1356800K)
[8.137s][info][gc,metaspace   ] GC(131) Metaspace: 6299K(6464K)->6299K(6464K) NonClass: 5765K(5824K)->5765K(5824K) Class: 533K(640K)->533K(640K)
[8.137s][info][gc             ] GC(131) Pause Young (Allocation Failure) 1251M->1252M(1435M) 78.933ms
[8.137s][info][gc,cpu         ] GC(131) User=0.48s Sys=0.03s Real=0.08s
[8.169s][info][gc,start       ] GC(132) Pause Young (Allocation Failure)
[8.199s][info][gc,heap        ] GC(132) PSYoungGen: 51328K(112640K)->22912K(112128K) Eden: 25600K(25600K)->0K(28160K) From: 25728K(87040K)->22912K(83968K)
[8.199s][info][gc,heap        ] GC(132) ParOldGen: 1256329K(1356800K)->1282289K(1356800K)
[8.199s][info][gc,metaspace   ] GC(132) Metaspace: 6299K(6464K)->6299K(6464K) NonClass: 5765K(5824K)->5765K(5824K) Class: 533K(640K)->533K(640K)
[8.199s][info][gc             ] GC(132) Pause Young (Allocation Failure) 1277M->1274M(1434M) 29.589ms
[8.199s][info][gc,cpu         ] GC(132) User=0.14s Sys=0.00s Real=0.03s
[8.221s][info][gc,start       ] GC(133) Pause Young (Allocation Failure)
[8.246s][info][gc,heap        ] GC(133) PSYoungGen: 51072K(112128K)->14720K(113152K) Eden: 28160K(28160K)->0K(28160K) From: 22912K(83968K)->14720K(84992K)
[8.246s][info][gc,heap        ] GC(133) ParOldGen: 1282289K(1356800K)->1305385K(1356800K)
[8.246s][info][gc,metaspace   ] GC(133) Metaspace: 6299K(6464K)->6299K(6464K) NonClass: 5765K(5824K)->5765K(5824K) Class: 533K(640K)->533K(640K)
[8.246s][info][gc             ] GC(133) Pause Young (Allocation Failure) 1302M->1289M(1435M) 25.476ms
[8.246s][info][gc,cpu         ] GC(133) User=0.14s Sys=0.00s Real=0.02s
[8.280s][info][gc,start       ] GC(134) Pause Young (Allocation Failure)
[8.307s][info][gc,heap        ] GC(134) PSYoungGen: 42880K(113152K)->26400K(111104K) Eden: 28160K(28160K)->0K(31232K) From: 14720K(84992K)->26400K(79872K)
[8.307s][info][gc,heap        ] GC(134) ParOldGen: 1305385K(1356800K)->1320209K(1356800K)
[8.307s][info][gc,metaspace   ] GC(134) Metaspace: 6299K(6464K)->6299K(6464K) NonClass: 5765K(5824K)->5765K(5824K) Class: 533K(640K)->533K(640K)
[8.307s][info][gc             ] GC(134) Pause Young (Allocation Failure) 1316M->1315M(1433M) 26.928ms
[8.307s][info][gc,cpu         ] GC(134) User=0.14s Sys=0.00s Real=0.03s
[8.307s][info][gc,start       ] GC(135) Pause Full (Ergonomics)
[8.307s][info][gc,phases,start] GC(135) Marking Phase
[8.614s][info][gc,phases      ] GC(135) Marking Phase 306.600ms
[8.614s][info][gc,phases,start] GC(135) Summary Phase
[8.614s][info][gc,phases      ] GC(135) Summary Phase 0.045ms
[8.614s][info][gc,phases,start] GC(135) Adjust Roots
[8.614s][info][gc,phases      ] GC(135) Adjust Roots 0.177ms
[8.614s][info][gc,phases,start] GC(135) Compaction Phase
[8.725s][info][gc,phases      ] GC(135) Compaction Phase 111.053ms
[8.725s][info][gc,phases,start] GC(135) Post Compact
[8.728s][info][gc,phases      ] GC(135) Post Compact 2.173ms
[8.728s][info][gc,heap        ] GC(135) PSYoungGen: 26400K(111104K)->0K(113664K) Eden: 0K(31232K)->0K(31232K) From: 26400K(79872K)->0K(82432K)
[8.728s][info][gc,heap        ] GC(135) ParOldGen: 1320209K(1356800K)->1344985K(1486336K)
[8.728s][info][gc,metaspace   ] GC(135) Metaspace: 6299K(6464K)->6299K(6464K) NonClass: 5765K(5824K)->5765K(5824K) Class: 533K(640K)->533K(640K)
[8.728s][info][gc             ] GC(135) Pause Full (Ergonomics) 1315M->1313M(1562M) 420.903ms
[8.728s][info][gc,cpu         ] GC(135) User=3.16s Sys=0.02s Real=0.42s
[8.766s][info][gc,start       ] GC(136) Pause Young (Allocation Failure)
[8.786s][info][gc,heap        ] GC(136) PSYoungGen: 31232K(113664K)->31392K(109056K) Eden: 31232K(31232K)->0K(34304K) From: 0K(82432K)->31392K(74752K)
[8.786s][info][gc,heap        ] GC(136) ParOldGen: 1344985K(1486336K)->1344985K(1486336K)
[8.786s][info][gc,metaspace   ] GC(136) Metaspace: 6299K(6464K)->6299K(6464K) NonClass: 5765K(5824K)->5765K(5824K) Class: 533K(640K)->533K(640K)
[8.786s][info][gc             ] GC(136) Pause Young (Allocation Failure) 1343M->1344M(1558M) 19.760ms
[8.786s][info][gc,cpu         ] GC(136) User=0.12s Sys=0.00s Real=0.02s
[9.071s][info][gc,start       ] GC(137) Pause Young (Allocation Failure)
[9.140s][info][gc,heap        ] GC(137) PSYoungGen: 65696K(109056K)->65824K(113152K) Eden: 34304K(34304K)->0K(34304K) From: 31392K(74752K)->65824K(78848K)
[9.140s][info][gc,heap        ] GC(137) ParOldGen: 1410521K(1486336K)->1410521K(1486336K)
[9.140s][info][gc,metaspace   ] GC(137) Metaspace: 6299K(6464K)->6299K(6464K) NonClass: 5765K(5824K)->5765K(5824K) Class: 533K(640K)->533K(640K)
[9.141s][info][gc             ] GC(137) Pause Young (Allocation Failure) 1441M->1441M(1562M) 69.253ms
[9.141s][info][gc,cpu         ] GC(137) User=0.30s Sys=0.00s Real=0.07s
[9.173s][info][gc,start       ] GC(138) Pause Young (Allocation Failure)
[9.226s][info][gc,heap        ] GC(138) PSYoungGen: 100128K(113152K)->85504K(104960K) Eden: 34304K(34304K)->0K(19456K) From: 65824K(78848K)->85504K(85504K)
[9.226s][info][gc,heap        ] GC(138) ParOldGen: 1410521K(1486336K)->1425153K(1486336K)
[9.226s][info][gc,metaspace   ] GC(138) Metaspace: 6299K(6464K)->6299K(6464K) NonClass: 5765K(5824K)->5765K(5824K) Class: 533K(640K)->533K(640K)
[9.226s][info][gc             ] GC(138) Pause Young (Allocation Failure) 1475M->1475M(1554M) 52.772ms
[9.226s][info][gc,cpu         ] GC(138) User=0.17s Sys=0.05s Real=0.05s
[9.244s][info][gc,start       ] GC(139) Pause Young (Allocation Failure)
[9.300s][info][gc,heap        ] GC(139) PSYoungGen: 104960K(104960K)->48704K(68608K) Eden: 19456K(19456K)->0K(19456K) From: 85504K(85504K)->48704K(49152K)
[9.300s][info][gc,heap        ] GC(139) ParOldGen: 1425153K(1486336K)->1482209K(1486336K)
[9.300s][info][gc,metaspace   ] GC(139) Metaspace: 6299K(6464K)->6299K(6464K) NonClass: 5765K(5824K)->5765K(5824K) Class: 533K(640K)->533K(640K)
[9.300s][info][gc             ] GC(139) Pause Young (Allocation Failure) 1494M->1495M(1518M) 55.887ms
[9.300s][info][gc,cpu         ] GC(139) User=0.28s Sys=0.00s Real=0.06s
[9.300s][info][gc,start       ] GC(140) Pause Full (Ergonomics)
[9.300s][info][gc,phases,start] GC(140) Marking Phase
[9.637s][info][gc,phases      ] GC(140) Marking Phase 337.435ms
[9.637s][info][gc,phases,start] GC(140) Summary Phase
[9.637s][info][gc,phases      ] GC(140) Summary Phase 0.028ms
[9.637s][info][gc,phases,start] GC(140) Adjust Roots
[9.638s][info][gc,phases      ] GC(140) Adjust Roots 0.245ms
[9.638s][info][gc,phases,start] GC(140) Compaction Phase
[9.984s][info][gc,phases      ] GC(140) Compaction Phase 345.989ms
[9.984s][info][gc,phases,start] GC(140) Post Compact
[9.987s][info][gc,phases      ] GC(140) Post Compact 3.128ms
[9.988s][info][gc,heap        ] GC(140) PSYoungGen: 48704K(68608K)->10633K(68608K) Eden: 0K(19456K)->0K(19456K) From: 48704K(49152K)->10633K(49152K)
[9.988s][info][gc,heap        ] GC(140) ParOldGen: 1482209K(1486336K)->1486289K(1646592K)
[9.988s][info][gc,metaspace   ] GC(140) Metaspace: 6299K(6464K)->6299K(6464K) NonClass: 5765K(5824K)->5765K(5824K) Class: 533K(640K)->533K(640K)
[9.988s][info][gc             ] GC(140) Pause Full (Ergonomics) 1495M->1461M(1675M) 687.726ms
[9.988s][info][gc,cpu         ] GC(140) User=4.86s Sys=0.00s Real=0.69s
[10.007s][info][gc,start       ] GC(141) Pause Young (Allocation Failure)
[10.084s][info][gc,heap        ] GC(141) PSYoungGen: 30089K(68608K)->24928K(117248K) Eden: 19456K(19456K)->0K(21504K) From: 10633K(49152K)->24928K(95744K)
[10.084s][info][gc,heap        ] GC(141) ParOldGen: 1486289K(1646592K)->1491649K(1646592K)
[10.084s][info][gc,metaspace   ] GC(141) Metaspace: 6299K(6464K)->6299K(6464K) NonClass: 5765K(5824K)->5765K(5824K) Class: 533K(640K)->533K(640K)
[10.084s][info][gc             ] GC(141) Pause Young (Allocation Failure) 1480M->1481M(1722M) 77.692ms
[10.084s][info][gc,cpu         ] GC(141) User=0.52s Sys=0.00s Real=0.08s
[10.105s][info][gc,start       ] GC(142) Pause Young (Allocation Failure)
[10.134s][info][gc,heap        ] GC(142) PSYoungGen: 46432K(117248K)->46496K(68096K) Eden: 21504K(21504K)->0K(21504K) From: 24928K(95744K)->46496K(46592K)
[10.134s][info][gc,heap        ] GC(142) ParOldGen: 1491649K(1646592K)->1491649K(1646592K)
[10.134s][info][gc,metaspace   ] GC(142) Metaspace: 6299K(6464K)->6299K(6464K) NonClass: 5765K(5824K)->5765K(5824K) Class: 533K(640K)->533K(640K)
[10.134s][info][gc             ] GC(142) Pause Young (Allocation Failure) 1502M->1502M(1674M) 29.524ms
[10.134s][info][gc,cpu         ] GC(142) User=0.02s Sys=0.00s Real=0.03s
[10.156s][info][gc,start       ] GC(143) Pause Young (Allocation Failure)
[10.192s][info][gc,heap        ] GC(143) PSYoungGen: 68000K(68096K)->68032K(112640K) Eden: 21504K(21504K)->0K(19968K) From: 46496K(46592K)->68032K(92672K)
[10.193s][info][gc,heap        ] GC(143) ParOldGen: 1491649K(1646592K)->1491649K(1646592K)
[10.193s][info][gc,metaspace   ] GC(143) Metaspace: 6299K(6464K)->6299K(6464K) NonClass: 5765K(5824K)->5765K(5824K) Class: 533K(640K)->533K(640K)
[10.193s][info][gc             ] GC(143) Pause Young (Allocation Failure) 1523M->1523M(1718M) 36.603ms
[10.193s][info][gc,cpu         ] GC(143) User=0.12s Sys=0.00s Real=0.04s
[10.213s][info][gc,start       ] GC(144) Pause Young (Allocation Failure)
[10.255s][info][gc,heap        ] GC(144) PSYoungGen: 88000K(112640K)->87968K(116736K) Eden: 19968K(19968K)->0K(19968K) From: 68032K(92672K)->87968K(96768K)
[10.255s][info][gc,heap        ] GC(144) ParOldGen: 1491649K(1646592K)->1491649K(1646592K)
[10.256s][info][gc,metaspace   ] GC(144) Metaspace: 6299K(6464K)->6299K(6464K) NonClass: 5765K(5824K)->5765K(5824K) Class: 533K(640K)->533K(640K)
[10.256s][info][gc             ] GC(144) Pause Young (Allocation Failure) 1542M->1542M(1722M) 42.671ms
[10.256s][info][gc,cpu         ] GC(144) User=0.25s Sys=0.00s Real=0.04s
[10.276s][info][gc,start       ] GC(145) Pause Young (Allocation Failure)
[10.327s][info][gc,heap        ] GC(145) PSYoungGen: 107936K(116736K)->102592K(115712K) Eden: 19968K(19968K)->0K(8704K) From: 87968K(96768K)->102592K(107008K)
[10.327s][info][gc,heap        ] GC(145) ParOldGen: 1491649K(1646592K)->1497121K(1646592K)
[10.327s][info][gc,metaspace   ] GC(145) Metaspace: 6299K(6464K)->6299K(6464K) NonClass: 5765K(5824K)->5765K(5824K) Class: 533K(640K)->533K(640K)
[10.327s][info][gc             ] GC(145) Pause Young (Allocation Failure) 1562M->1562M(1721M) 51.618ms
[10.327s][info][gc,cpu         ] GC(145) User=0.36s Sys=0.02s Real=0.05s
[10.336s][info][gc,start       ] GC(146) Pause Young (Allocation Failure)
[10.387s][info][gc,heap        ] GC(146) PSYoungGen: 111296K(115712K)->91808K(129536K) Eden: 8704K(8704K)->0K(8704K) From: 102592K(107008K)->91808K(120832K)
[10.387s][info][gc,heap        ] GC(146) ParOldGen: 1497121K(1646592K)->1516833K(1646592K)
[10.387s][info][gc,metaspace   ] GC(146) Metaspace: 6299K(6464K)->6299K(6464K) NonClass: 5765K(5824K)->5765K(5824K) Class: 533K(640K)->533K(640K)
[10.387s][info][gc             ] GC(146) Pause Young (Allocation Failure) 1570M->1570M(1734M) 51.302ms
[10.387s][info][gc,cpu         ] GC(146) User=0.38s Sys=0.00s Real=0.05s
[10.396s][info][gc,start       ] GC(147) Pause Young (Allocation Failure)
[10.444s][info][gc,heap        ] GC(147) PSYoungGen: 100512K(129536K)->57440K(125440K) Eden: 8704K(8704K)->0K(10240K) From: 91808K(120832K)->57440K(115200K)
[10.444s][info][gc,heap        ] GC(147) ParOldGen: 1516833K(1646592K)->1560393K(1646592K)
[10.444s][info][gc,metaspace   ] GC(147) Metaspace: 6299K(6464K)->6299K(6464K) NonClass: 5765K(5824K)->5765K(5824K) Class: 533K(640K)->533K(640K)
[10.444s][info][gc             ] GC(147) Pause Young (Allocation Failure) 1579M->1579M(1730M) 48.541ms
[10.444s][info][gc,cpu         ] GC(147) User=0.27s Sys=0.00s Real=0.05s
[10.455s][info][gc,start       ] GC(148) Pause Young (Allocation Failure)
[10.490s][info][gc,heap        ] GC(148) PSYoungGen: 67680K(125440K)->27744K(131584K) Eden: 10240K(10240K)->0K(10240K) From: 57440K(115200K)->27744K(121344K)
[10.490s][info][gc,heap        ] GC(148) ParOldGen: 1560393K(1646592K)->1600825K(1646592K)
[10.490s][info][gc,metaspace   ] GC(148) Metaspace: 6299K(6464K)->6299K(6464K) NonClass: 5765K(5824K)->5765K(5824K) Class: 533K(640K)->533K(640K)
[10.490s][info][gc             ] GC(148) Pause Young (Allocation Failure) 1589M->1590M(1736M) 35.556ms
[10.490s][info][gc,cpu         ] GC(148) User=0.25s Sys=0.00s Real=0.04s
[10.490s][info][gc,start       ] GC(149) Pause Full (Ergonomics)
[10.490s][info][gc,phases,start] GC(149) Marking Phase
[10.847s][info][gc,phases      ] GC(149) Marking Phase 356.859ms
[10.847s][info][gc,phases,start] GC(149) Summary Phase
[10.847s][info][gc,phases      ] GC(149) Summary Phase 0.043ms
[10.847s][info][gc,phases,start] GC(149) Adjust Roots
[10.848s][info][gc,phases      ] GC(149) Adjust Roots 0.171ms
[10.848s][info][gc,phases,start] GC(149) Compaction Phase
[11.003s][info][gc,phases      ] GC(149) Compaction Phase 155.575ms
[11.003s][info][gc,phases,start] GC(149) Post Compact
[11.006s][info][gc,phases      ] GC(149) Post Compact 3.125ms
[11.007s][info][gc,heap        ] GC(149) PSYoungGen: 27744K(131584K)->0K(132096K) Eden: 0K(10240K)->0K(11776K) From: 27744K(121344K)->0K(120320K)
[11.007s][info][gc,heap        ] GC(149) ParOldGen: 1600825K(1646592K)->1626729K(1805824K)
[11.007s][info][gc,metaspace   ] GC(149) Metaspace: 6299K(6464K)->6299K(6464K) NonClass: 5765K(5824K)->5765K(5824K) Class: 533K(640K)->533K(640K)
[11.007s][info][gc             ] GC(149) Pause Full (Ergonomics) 1590M->1588M(1892M) 516.854ms
[11.007s][info][gc,cpu         ] GC(149) User=3.84s Sys=0.02s Real=0.52s
[11.021s][info][gc,start       ] GC(150) Pause Young (Allocation Failure)
[11.040s][info][gc,heap        ] GC(150) PSYoungGen: 11776K(132096K)->11904K(132096K) Eden: 11776K(11776K)->0K(11776K) From: 0K(120320K)->11904K(120320K)
[11.040s][info][gc,heap        ] GC(150) ParOldGen: 1626729K(1805824K)->1626729K(1805824K)
[11.041s][info][gc,metaspace   ] GC(150) Metaspace: 6299K(6464K)->6299K(6464K) NonClass: 5765K(5824K)->5765K(5824K) Class: 533K(640K)->533K(640K)
[11.041s][info][gc             ] GC(150) Pause Young (Allocation Failure) 1600M->1600M(1892M) 19.844ms
[11.041s][info][gc,cpu         ] GC(150) User=0.03s Sys=0.00s Real=0.02s
[11.052s][info][gc,start       ] GC(151) Pause Young (Allocation Failure)
[11.073s][info][gc,heap        ] GC(151) PSYoungGen: 23680K(132096K)->23680K(130560K) Eden: 11776K(11776K)->0K(13312K) From: 11904K(120320K)->23680K(117248K)
[11.073s][info][gc,heap        ] GC(151) ParOldGen: 1626729K(1805824K)->1626729K(1805824K)
[11.073s][info][gc,metaspace   ] GC(151) Metaspace: 6299K(6464K)->6299K(6464K) NonClass: 5765K(5824K)->5765K(5824K) Class: 533K(640K)->533K(640K)
[11.073s][info][gc             ] GC(151) Pause Young (Allocation Failure) 1611M->1611M(1891M) 21.029ms
[11.073s][info][gc,cpu         ] GC(151) User=0.05s Sys=0.00s Real=0.02s
[11.087s][info][gc,start       ] GC(152) Pause Young (Allocation Failure)
[11.114s][info][gc,heap        ] GC(152) PSYoungGen: 36992K(130560K)->25184K(38912K) Eden: 13312K(13312K)->0K(13312K) From: 23680K(117248K)->25184K(25600K)
[11.114s][info][gc,heap        ] GC(152) ParOldGen: 1626729K(1805824K)->1638665K(1805824K)
[11.114s][info][gc,metaspace   ] GC(152) Metaspace: 6299K(6464K)->6299K(6464K) NonClass: 5765K(5824K)->5765K(5824K) Class: 533K(640K)->533K(640K)
[11.114s][info][gc             ] GC(152) Pause Young (Allocation Failure) 1624M->1624M(1801M) 27.004ms
[11.114s][info][gc,cpu         ] GC(152) User=0.03s Sys=0.00s Real=0.03s
[11.127s][info][gc,start       ] GC(153) Pause Young (Allocation Failure)
[11.155s][info][gc,heap        ] GC(153) PSYoungGen: 38496K(38912K)->13408K(128512K) Eden: 13312K(13312K)->0K(15360K) From: 25184K(25600K)->13408K(113152K)
[11.155s][info][gc,heap        ] GC(153) ParOldGen: 1638665K(1805824K)->1664065K(1805824K)
[11.155s][info][gc,metaspace   ] GC(153) Metaspace: 6299K(6464K)->6299K(6464K) NonClass: 5765K(5824K)->5765K(5824K) Class: 533K(640K)->533K(640K)
[11.156s][info][gc             ] GC(153) Pause Young (Allocation Failure) 1637M->1638M(1889M) 28.305ms
[11.156s][info][gc,cpu         ] GC(153) User=0.05s Sys=0.00s Real=0.03s
[11.171s][info][gc,start       ] GC(154) Pause Young (Allocation Failure)
[11.196s][info][gc,heap        ] GC(154) PSYoungGen: 28768K(128512K)->15488K(130048K) Eden: 15360K(15360K)->0K(15360K) From: 13408K(113152K)->15488K(114688K)
[11.196s][info][gc,heap        ] GC(154) ParOldGen: 1664065K(1805824K)->1677569K(1805824K)
[11.196s][info][gc,metaspace   ] GC(154) Metaspace: 6299K(6464K)->6299K(6464K) NonClass: 5765K(5824K)->5765K(5824K) Class: 533K(640K)->533K(640K)
[11.196s][info][gc             ] GC(154) Pause Young (Allocation Failure) 1653M->1653M(1890M) 25.570ms
[11.196s][info][gc,cpu         ] GC(154) User=0.02s Sys=0.00s Real=0.03s
[11.211s][info][gc,start       ] GC(155) Pause Young (Allocation Failure)
[11.235s][info][gc,heap        ] GC(155) PSYoungGen: 30848K(130048K)->15456K(123904K) Eden: 15360K(15360K)->0K(17408K) From: 15488K(114688K)->15456K(106496K)
[11.235s][info][gc,heap        ] GC(155) ParOldGen: 1677569K(1805824K)->1693129K(1805824K)
[11.235s][info][gc,metaspace   ] GC(155) Metaspace: 6299K(6464K)->6299K(6464K) NonClass: 5765K(5824K)->5765K(5824K) Class: 533K(640K)->533K(640K)
[11.235s][info][gc             ] GC(155) Pause Young (Allocation Failure) 1668M->1668M(1884M) 24.218ms
[11.235s][info][gc,cpu         ] GC(155) User=0.03s Sys=0.00s Real=0.02s
[11.252s][info][gc,start       ] GC(156) Pause Young (Allocation Failure)
[11.278s][info][gc,heap        ] GC(156) PSYoungGen: 32864K(123904K)->17536K(35328K) Eden: 17408K(17408K)->0K(17408K) From: 15456K(106496K)->17536K(17920K)
[11.278s][info][gc,heap        ] GC(156) ParOldGen: 1693129K(1805824K)->1708689K(1805824K)
[11.278s][info][gc,metaspace   ] GC(156) Metaspace: 6299K(6464K)->6299K(6464K) NonClass: 5765K(5824K)->5765K(5824K) Class: 533K(640K)->533K(640K)
[11.278s][info][gc             ] GC(156) Pause Young (Allocation Failure) 1685M->1685M(1798M) 25.690ms
[11.278s][info][gc,cpu         ] GC(156) User=0.05s Sys=0.00s Real=0.03s
[11.297s][info][gc,start       ] GC(157) Pause Young (Allocation Failure)
[11.324s][info][gc,heap        ] GC(157) PSYoungGen: 34944K(35328K)->17504K(117760K) Eden: 17408K(17408K)->0K(19968K) From: 17536K(17920K)->17504K(97792K)
[11.324s][info][gc,heap        ] GC(157) ParOldGen: 1708689K(1805824K)->1726337K(1805824K)
[11.324s][info][gc,metaspace   ] GC(157) Metaspace: 6299K(6464K)->6299K(6464K) NonClass: 5765K(5824K)->5765K(5824K) Class: 533K(640K)->533K(640K)
[11.324s][info][gc             ] GC(157) Pause Young (Allocation Failure) 1702M->1702M(1878M) 27.261ms
[11.324s][info][gc,cpu         ] GC(157) User=0.03s Sys=0.00s Real=0.03s
[11.345s][info][gc,start       ] GC(158) Pause Young (Allocation Failure)
[11.373s][info][gc,heap        ] GC(158) PSYoungGen: 37472K(117760K)->20096K(40448K) Eden: 19968K(19968K)->0K(19968K) From: 17504K(97792K)->20096K(20480K)
[11.373s][info][gc,heap        ] GC(158) ParOldGen: 1726337K(1805824K)->1743985K(1805824K)
[11.373s][info][gc,metaspace   ] GC(158) Metaspace: 6299K(6464K)->6299K(6464K) NonClass: 5765K(5824K)->5765K(5824K) Class: 533K(640K)->533K(640K)
[11.373s][info][gc             ] GC(158) Pause Young (Allocation Failure) 1722M->1722M(1803M) 28.660ms
[11.373s][info][gc,cpu         ] GC(158) User=0.05s Sys=0.00s Real=0.03s
[11.394s][info][gc,start       ] GC(159) Pause Young (Allocation Failure)
[11.423s][info][gc,heap        ] GC(159) PSYoungGen: 40064K(40448K)->20096K(111104K) Eden: 19968K(19968K)->0K(22528K) From: 20096K(20480K)->20096K(88576K)
[11.423s][info][gc,heap        ] GC(159) ParOldGen: 1743985K(1805824K)->1764233K(1805824K)
[11.423s][info][gc,metaspace   ] GC(159) Metaspace: 6299K(6464K)->6299K(6464K) NonClass: 5765K(5824K)->5765K(5824K) Class: 533K(640K)->533K(640K)
[11.423s][info][gc             ] GC(159) Pause Young (Allocation Failure) 1742M->1742M(1872M) 29.296ms
[11.423s][info][gc,cpu         ] GC(159) User=0.03s Sys=0.00s Real=0.03s
[11.449s][info][gc,start       ] GC(160) Pause Young (Allocation Failure)
[11.479s][info][gc,heap        ] GC(160) PSYoungGen: 42624K(111104K)->22656K(45568K) Eden: 22528K(22528K)->0K(22528K) From: 20096K(88576K)->22656K(23040K)
[11.479s][info][gc,heap        ] GC(160) ParOldGen: 1764233K(1805824K)->1784481K(1805824K)
[11.479s][info][gc,metaspace   ] GC(160) Metaspace: 6299K(6464K)->6299K(6464K) NonClass: 5765K(5824K)->5765K(5824K) Class: 533K(640K)->533K(640K)
[11.479s][info][gc             ] GC(160) Pause Young (Allocation Failure) 1764M->1764M(1808M) 30.083ms
[11.479s][info][gc,cpu         ] GC(160) User=0.03s Sys=0.00s Real=0.03s
[11.479s][info][gc,start       ] GC(161) Pause Full (Ergonomics)
[11.479s][info][gc,phases,start] GC(161) Marking Phase
[11.869s][info][gc,phases      ] GC(161) Marking Phase 390.595ms
[11.869s][info][gc,phases,start] GC(161) Summary Phase
[11.869s][info][gc,phases      ] GC(161) Summary Phase 0.040ms
[11.869s][info][gc,phases,start] GC(161) Adjust Roots
[11.870s][info][gc,phases      ] GC(161) Adjust Roots 0.161ms
[11.870s][info][gc,phases,start] GC(161) Compaction Phase
[12.045s][info][gc,phases      ] GC(161) Compaction Phase 175.232ms
[12.045s][info][gc,phases,start] GC(161) Post Compact
[12.049s][info][gc,phases      ] GC(161) Post Compact 3.863ms
[12.049s][info][gc,heap        ] GC(161) PSYoungGen: 22656K(45568K)->0K(114176K) Eden: 0K(22528K)->0K(25600K) From: 22656K(23040K)->0K(88576K)
[12.049s][info][gc,heap        ] GC(161) ParOldGen: 1784481K(1805824K)->1804563K(1978368K)
[12.049s][info][gc,metaspace   ] GC(161) Metaspace: 6299K(6464K)->6299K(6464K) NonClass: 5765K(5824K)->5765K(5824K) Class: 533K(640K)->533K(640K)
[12.050s][info][gc             ] GC(161) Pause Full (Ergonomics) 1764M->1762M(2043M) 570.832ms
[12.050s][info][gc,cpu         ] GC(161) User=3.98s Sys=0.03s Real=0.57s
[12.075s][info][gc,start       ] GC(162) Pause Young (Allocation Failure)
[12.099s][info][gc,heap        ] GC(162) PSYoungGen: 25600K(114176K)->25792K(51712K) Eden: 25600K(25600K)->0K(25600K) From: 0K(88576K)->25792K(26112K)
[12.099s][info][gc,heap        ] GC(162) ParOldGen: 1804563K(1978368K)->1804563K(1978368K)
[12.099s][info][gc,metaspace   ] GC(162) Metaspace: 6299K(6464K)->6299K(6464K) NonClass: 5765K(5824K)->5765K(5824K) Class: 533K(640K)->533K(640K)
[12.099s][info][gc             ] GC(162) Pause Young (Allocation Failure) 1787M->1787M(1982M) 23.760ms
[12.099s][info][gc,cpu         ] GC(162) User=0.02s Sys=0.00s Real=0.02s
[12.125s][info][gc,start       ] GC(163) Pause Young (Allocation Failure)
[12.158s][info][gc,heap        ] GC(163) PSYoungGen: 51392K(51712K)->51392K(109056K) Eden: 25600K(25600K)->0K(25600K) From: 25792K(26112K)->51392K(83456K)
[12.158s][info][gc,heap        ] GC(163) ParOldGen: 1804563K(1978368K)->1804563K(1978368K)
[12.158s][info][gc,metaspace   ] GC(163) Metaspace: 6299K(6464K)->6299K(6464K) NonClass: 5765K(5824K)->5765K(5824K) Class: 533K(640K)->533K(640K)
[12.158s][info][gc             ] GC(163) Pause Young (Allocation Failure) 1812M->1812M(2038M) 33.279ms
[12.158s][info][gc,cpu         ] GC(163) User=0.14s Sys=0.00s Real=0.03s
[12.188s][info][gc,start       ] GC(164) Pause Young (Allocation Failure)
[12.228s][info][gc,heap        ] GC(164) PSYoungGen: 76992K(109056K)->76992K(111616K) Eden: 25600K(25600K)->0K(25600K) From: 51392K(83456K)->76992K(86016K)
[12.228s][info][gc,heap        ] GC(164) ParOldGen: 1804563K(1978368K)->1804563K(1978368K)
[12.228s][info][gc,metaspace   ] GC(164) Metaspace: 6299K(6464K)->6299K(6464K) NonClass: 5765K(5824K)->5765K(5824K) Class: 533K(640K)->533K(640K)
[12.228s][info][gc             ] GC(164) Pause Young (Allocation Failure) 1837M->1837M(2041M) 39.998ms
[12.228s][info][gc,cpu         ] GC(164) User=0.27s Sys=0.00s Real=0.04s
[12.257s][info][gc,start       ] GC(165) Pause Young (Allocation Failure)
[12.307s][info][gc,heap        ] GC(165) PSYoungGen: 102592K(111616K)->76992K(116736K) Eden: 25600K(25600K)->0K(19456K) From: 76992K(86016K)->76992K(97280K)
[12.307s][info][gc,heap        ] GC(165) ParOldGen: 1804563K(1978368K)->1830491K(1978368K)
[12.307s][info][gc,metaspace   ] GC(165) Metaspace: 6299K(6464K)->6299K(6464K) NonClass: 5765K(5824K)->5765K(5824K) Class: 533K(640K)->533K(640K)
[12.307s][info][gc             ] GC(165) Pause Young (Allocation Failure) 1862M->1862M(2046M) 50.335ms
[12.307s][info][gc,cpu         ] GC(165) User=0.45s Sys=0.05s Real=0.05s
[12.328s][info][gc,start       ] GC(166) Pause Young (Allocation Failure)
[12.375s][info][gc,heap        ] GC(166) PSYoungGen: 96448K(116736K)->70816K(125440K) Eden: 19456K(19456K)->0K(19456K) From: 76992K(97280K)->70816K(105984K)
[12.375s][info][gc,heap        ] GC(166) ParOldGen: 1830491K(1978368K)->1856427K(1978368K)
[12.375s][info][gc,metaspace   ] GC(166) Metaspace: 6299K(6464K)->6299K(6464K) NonClass: 5765K(5824K)->5765K(5824K) Class: 533K(640K)->533K(640K)
[12.375s][info][gc             ] GC(166) Pause Young (Allocation Failure) 1881M->1882M(2054M) 46.972ms
[12.375s][info][gc,cpu         ] GC(166) User=0.27s Sys=0.00s Real=0.05s
[12.395s][info][gc,start       ] GC(167) Pause Young (Allocation Failure)
[12.440s][info][gc,heap        ] GC(167) PSYoungGen: 90272K(125440K)->64672K(132096K) Eden: 19456K(19456K)->0K(20992K) From: 70816K(105984K)->64672K(111104K)
[12.440s][info][gc,heap        ] GC(167) ParOldGen: 1856427K(1978368K)->1882387K(1978368K)
[12.440s][info][gc,metaspace   ] GC(167) Metaspace: 6299K(6464K)->6299K(6464K) NonClass: 5765K(5824K)->5765K(5824K) Class: 533K(640K)->533K(640K)
[12.440s][info][gc             ] GC(167) Pause Young (Allocation Failure) 1901M->1901M(2061M) 45.042ms
[12.440s][info][gc,cpu         ] GC(167) User=0.23s Sys=0.03s Real=0.05s
[12.464s][info][gc,start       ] GC(168) Pause Young (Allocation Failure)
[12.509s][info][gc,heap        ] GC(168) PSYoungGen: 85664K(132096K)->40608K(61952K) Eden: 20992K(20992K)->0K(20992K) From: 64672K(111104K)->40608K(40960K)
[12.509s][info][gc,heap        ] GC(168) ParOldGen: 1882387K(1978368K)->1928011K(1978368K)
[12.509s][info][gc,metaspace   ] GC(168) Metaspace: 6299K(6464K)->6299K(6464K) NonClass: 5765K(5824K)->5765K(5824K) Class: 533K(640K)->533K(640K)
[12.509s][info][gc             ] GC(168) Pause Young (Allocation Failure) 1921M->1922M(1992M) 44.722ms
[12.509s][info][gc,cpu         ] GC(168) User=0.19s Sys=0.06s Real=0.05s
[12.534s][info][gc,start       ] GC(169) Pause Young (Allocation Failure)
[12.572s][info][gc,heap        ] GC(169) PSYoungGen: 61600K(61952K)->21152K(126976K) Eden: 20992K(20992K)->0K(24064K) From: 40608K(40960K)->21152K(102912K)
[12.572s][info][gc,heap        ] GC(169) ParOldGen: 1928011K(1978368K)->1968963K(1978368K)
[12.572s][info][gc,metaspace   ] GC(169) Metaspace: 6299K(6464K)->6299K(6464K) NonClass: 5765K(5824K)->5765K(5824K) Class: 533K(640K)->533K(640K)
[12.572s][info][gc             ] GC(169) Pause Young (Allocation Failure) 1942M->1943M(2056M) 37.276ms
[12.572s][info][gc,cpu         ] GC(169) User=0.17s Sys=0.00s Real=0.04s
[12.572s][info][gc,start       ] GC(170) Pause Full (Ergonomics)
[12.572s][info][gc,phases,start] GC(170) Marking Phase
[13.004s][info][gc,phases      ] GC(170) Marking Phase 432.478ms
[13.004s][info][gc,phases,start] GC(170) Summary Phase
[13.004s][info][gc,phases      ] GC(170) Summary Phase 0.033ms
[13.004s][info][gc,phases,start] GC(170) Adjust Roots
[13.004s][info][gc,phases      ] GC(170) Adjust Roots 0.190ms
[13.004s][info][gc,phases,start] GC(170) Compaction Phase
[13.184s][info][gc,phases      ] GC(170) Compaction Phase 179.534ms
[13.184s][info][gc,phases,start] GC(170) Post Compact
[13.188s][info][gc,phases      ] GC(170) Post Compact 3.715ms
[13.189s][info][gc,heap        ] GC(170) PSYoungGen: 21152K(126976K)->9716K(128512K) Eden: 0K(24064K)->0K(25600K) From: 21152K(102912K)->9716K(102912K)
[13.189s][info][gc,heap        ] GC(170) ParOldGen: 1968963K(1978368K)->1977878K(2183680K)
[13.189s][info][gc,metaspace   ] GC(170) Metaspace: 6299K(6464K)->6299K(6464K) NonClass: 5765K(5824K)->5765K(5824K) Class: 533K(640K)->533K(640K)
[13.189s][info][gc             ] GC(170) Pause Full (Ergonomics) 1943M->1941M(2258M) 617.231ms
[13.189s][info][gc,cpu         ] GC(170) User=4.50s Sys=0.00s Real=0.62s
[13.221s][info][gc,start       ] GC(171) Pause Young (Allocation Failure)
[13.320s][info][gc,heap        ] GC(171) PSYoungGen: 35316K(128512K)->25760K(51712K) Eden: 25600K(25600K)->0K(25600K) From: 9716K(102912K)->25760K(26112K)
[13.320s][info][gc,heap        ] GC(171) ParOldGen: 1977878K(2183680K)->1987734K(2183680K)
[13.320s][info][gc,metaspace   ] GC(171) Metaspace: 6299K(6464K)->6299K(6464K) NonClass: 5765K(5824K)->5765K(5824K) Class: 533K(640K)->533K(640K)
[13.320s][info][gc             ] GC(171) Pause Young (Allocation Failure) 1966M->1966M(2183M) 99.455ms
[13.320s][info][gc,cpu         ] GC(171) User=0.64s Sys=0.00s Real=0.10s
[13.350s][info][gc,start       ] GC(172) Pause Young (Allocation Failure)
[13.386s][info][gc,heap        ] GC(172) PSYoungGen: 51360K(51712K)->25728K(122880K) Eden: 25600K(25600K)->0K(28160K) From: 25760K(26112K)->25728K(94720K)
[13.386s][info][gc,heap        ] GC(172) ParOldGen: 1987734K(2183680K)->2013718K(2183680K)
[13.386s][info][gc,metaspace   ] GC(172) Metaspace: 6299K(6464K)->6299K(6464K) NonClass: 5765K(5824K)->5765K(5824K) Class: 533K(640K)->533K(640K)
[13.386s][info][gc             ] GC(172) Pause Young (Allocation Failure) 1991M->1991M(2252M) 35.334ms
[13.386s][info][gc,cpu         ] GC(172) User=0.16s Sys=0.00s Real=0.03s
[13.415s][info][gc,start       ] GC(173) Pause Young (Allocation Failure)
[13.450s][info][gc,heap        ] GC(173) PSYoungGen: 53888K(122880K)->28320K(56832K) Eden: 28160K(28160K)->0K(28160K) From: 25728K(94720K)->28320K(28672K)
[13.450s][info][gc,heap        ] GC(173) ParOldGen: 2013718K(2183680K)->2039686K(2183680K)
[13.450s][info][gc,metaspace   ] GC(173) Metaspace: 6299K(6464K)->6299K(6464K) NonClass: 5765K(5824K)->5765K(5824K) Class: 533K(640K)->533K(640K)
[13.450s][info][gc             ] GC(173) Pause Young (Allocation Failure) 2019M->2019M(2188M) 35.144ms
[13.450s][info][gc,cpu         ] GC(173) User=0.12s Sys=0.02s Real=0.04s
[13.479s][info][gc,start       ] GC(174) Pause Young (Allocation Failure)
[13.514s][info][gc,heap        ] GC(174) PSYoungGen: 56480K(56832K)->28320K(117760K) Eden: 28160K(28160K)->0K(31232K) From: 28320K(28672K)->28320K(86528K)
[13.515s][info][gc,heap        ] GC(174) ParOldGen: 2039686K(2183680K)->2068246K(2183680K)
[13.515s][info][gc,metaspace   ] GC(174) Metaspace: 6299K(6464K)->6299K(6464K) NonClass: 5765K(5824K)->5765K(5824K) Class: 533K(640K)->533K(640K)
[13.515s][info][gc             ] GC(174) Pause Young (Allocation Failure) 2047M->2047M(2247M) 35.314ms
[13.515s][info][gc,cpu         ] GC(174) User=0.14s Sys=0.02s Real=0.04s
[13.550s][info][gc,start       ] GC(175) Pause Young (Allocation Failure)
[13.586s][info][gc,heap        ] GC(175) PSYoungGen: 59552K(117760K)->31360K(62976K) Eden: 31232K(31232K)->0K(31232K) From: 28320K(86528K)->31360K(31744K)
[13.586s][info][gc,heap        ] GC(175) ParOldGen: 2068246K(2183680K)->2096782K(2183680K)
[13.586s][info][gc,metaspace   ] GC(175) Metaspace: 6299K(6464K)->6299K(6464K) NonClass: 5765K(5824K)->5765K(5824K) Class: 533K(640K)->533K(640K)
[13.586s][info][gc             ] GC(175) Pause Young (Allocation Failure) 2077M->2078M(2194M) 36.525ms
[13.586s][info][gc,cpu         ] GC(175) User=0.14s Sys=0.02s Real=0.04s
[13.619s][info][gc,start       ] GC(176) Pause Young (Allocation Failure)
[13.657s][info][gc,heap        ] GC(176) PSYoungGen: 62592K(62976K)->31424K(112640K) Eden: 31232K(31232K)->0K(34816K) From: 31360K(31744K)->31424K(77824K)
[13.657s][info][gc,heap        ] GC(176) ParOldGen: 2096782K(2183680K)->2128430K(2183680K)
[13.657s][info][gc,metaspace   ] GC(176) Metaspace: 6299K(6464K)->6299K(6464K) NonClass: 5765K(5824K)->5765K(5824K) Class: 533K(640K)->533K(640K)
[13.657s][info][gc             ] GC(176) Pause Young (Allocation Failure) 2108M->2109M(2242M) 37.315ms
[13.657s][info][gc,cpu         ] GC(176) User=0.22s Sys=0.03s Real=0.04s
[13.697s][info][gc,start       ] GC(177) Pause Young (Allocation Failure)
[13.737s][info][gc,heap        ] GC(177) PSYoungGen: 66240K(112640K)->35008K(116736K) Eden: 34816K(34816K)->0K(34816K) From: 31424K(77824K)->35008K(81920K)
[13.737s][info][gc,heap        ] GC(177) ParOldGen: 2128430K(2183680K)->2160086K(2183680K)
[13.737s][info][gc,metaspace   ] GC(177) Metaspace: 6299K(6464K)->6299K(6464K) NonClass: 5765K(5824K)->5765K(5824K) Class: 533K(640K)->533K(640K)
[13.737s][info][gc             ] GC(177) Pause Young (Allocation Failure) 2143M->2143M(2246M) 40.040ms
[13.737s][info][gc,cpu         ] GC(177) User=0.20s Sys=0.03s Real=0.04s
[13.737s][info][gc,start       ] GC(178) Pause Full (Ergonomics)
[13.737s][info][gc,phases,start] GC(178) Marking Phase
[14.218s][info][gc,phases      ] GC(178) Marking Phase 480.992ms
[14.218s][info][gc,phases,start] GC(178) Summary Phase
[14.218s][info][gc,phases      ] GC(178) Summary Phase 0.042ms
[14.218s][info][gc,phases,start] GC(178) Adjust Roots
[14.218s][info][gc,phases      ] GC(178) Adjust Roots 0.217ms
[14.218s][info][gc,phases,start] GC(178) Compaction Phase
[14.410s][info][gc,phases      ] GC(178) Compaction Phase 191.466ms
[14.410s][info][gc,phases,start] GC(178) Post Compact
[14.414s][info][gc,phases      ] GC(178) Post Compact 4.178ms
[14.415s][info][gc,heap        ] GC(178) PSYoungGen: 35008K(116736K)->8729K(116736K) Eden: 0K(34816K)->0K(34816K) From: 35008K(81920K)->8729K(81920K)
[14.415s][info][gc,heap        ] GC(178) ParOldGen: 2160086K(2183680K)->2183446K(2403328K)
[14.415s][info][gc,metaspace   ] GC(178) Metaspace: 6299K(6464K)->6299K(6464K) NonClass: 5765K(5824K)->5765K(5824K) Class: 533K(640K)->533K(640K)
[14.415s][info][gc             ] GC(178) Pause Full (Ergonomics) 2143M->2140M(2461M) 677.965ms
[14.415s][info][gc,cpu         ] GC(178) User=5.02s Sys=0.02s Real=0.68s
[14.458s][info][gc,start       ] GC(179) Pause Young (Allocation Failure)
[14.571s][info][gc,heap        ] GC(179) PSYoungGen: 43545K(116736K)->34976K(107520K) Eden: 34816K(34816K)->0K(38400K) From: 8729K(81920K)->34976K(69120K)
[14.571s][info][gc,heap        ] GC(179) ParOldGen: 2183446K(2403328K)->2192318K(2403328K)
[14.571s][info][gc,metaspace   ] GC(179) Metaspace: 6299K(6464K)->6299K(6464K) NonClass: 5765K(5824K)->5765K(5824K) Class: 533K(640K)->533K(640K)
[14.571s][info][gc             ] GC(179) Pause Young (Allocation Failure) 2174M->2175M(2452M) 112.812ms
[14.571s][info][gc,cpu         ] GC(179) User=0.81s Sys=0.00s Real=0.11s
[14.617s][info][gc,start       ] GC(180) Pause Young (Allocation Failure)
[14.661s][info][gc,heap        ] GC(180) PSYoungGen: 73376K(107520K)->73408K(112128K) Eden: 38400K(38400K)->0K(38400K) From: 34976K(69120K)->73408K(73728K)
[14.661s][info][gc,heap        ] GC(180) ParOldGen: 2192318K(2403328K)->2192318K(2403328K)
[14.661s][info][gc,metaspace   ] GC(180) Metaspace: 6299K(6464K)->6299K(6464K) NonClass: 5765K(5824K)->5765K(5824K) Class: 533K(640K)->533K(640K)
[14.661s][info][gc             ] GC(180) Pause Young (Allocation Failure) 2212M->2212M(2456M) 43.442ms
[14.661s][info][gc,cpu         ] GC(180) User=0.25s Sys=0.00s Real=0.04s
[14.704s][info][gc,start       ] GC(181) Pause Young (Allocation Failure)
[14.763s][info][gc,heap        ] GC(181) PSYoungGen: 111808K(112128K)->83968K(103936K) Eden: 38400K(38400K)->0K(19968K) From: 73408K(73728K)->83968K(83968K)
[14.763s][info][gc,heap        ] GC(181) ParOldGen: 2192318K(2403328K)->2220398K(2403328K)
[14.763s][info][gc,metaspace   ] GC(181) Metaspace: 6299K(6464K)->6299K(6464K) NonClass: 5765K(5824K)->5765K(5824K) Class: 533K(640K)->533K(640K)
[14.763s][info][gc             ] GC(181) Pause Young (Allocation Failure) 2250M->2250M(2448M) 58.693ms
[14.763s][info][gc,cpu         ] GC(181) User=0.36s Sys=0.03s Real=0.06s
[14.786s][info][gc,start       ] GC(182) Pause Young (Allocation Failure)
[14.840s][info][gc,heap        ] GC(182) PSYoungGen: 103936K(103936K)->46592K(66560K) Eden: 19968K(19968K)->0K(19968K) From: 83968K(83968K)->46592K(46592K)
[14.840s][info][gc,heap        ] GC(182) ParOldGen: 2220398K(2403328K)->2278494K(2403328K)
[14.840s][info][gc,metaspace   ] GC(182) Metaspace: 6299K(6464K)->6299K(6464K) NonClass: 5765K(5824K)->5765K(5824K) Class: 533K(640K)->533K(640K)
[14.840s][info][gc             ] GC(182) Pause Young (Allocation Failure) 2269M->2270M(2412M) 54.238ms
[14.840s][info][gc,cpu         ] GC(182) User=0.30s Sys=0.09s Real=0.05s
[14.862s][info][gc,start       ] GC(183) Pause Young (Allocation Failure)
[14.902s][info][gc,heap        ] GC(183) PSYoungGen: 66560K(66560K)->40064K(114688K) Eden: 19968K(19968K)->0K(22528K) From: 46592K(46592K)->40064K(92160K)
[14.902s][info][gc,heap        ] GC(183) ParOldGen: 2278494K(2403328K)->2305230K(2403328K)
[14.902s][info][gc,metaspace   ] GC(183) Metaspace: 6299K(6464K)->6299K(6464K) NonClass: 5765K(5824K)->5765K(5824K) Class: 533K(640K)->533K(640K)
[14.902s][info][gc             ] GC(183) Pause Young (Allocation Failure) 2290M->2290M(2459M) 40.480ms
[14.902s][info][gc,cpu         ] GC(183) User=0.27s Sys=0.00s Real=0.04s
[14.928s][info][gc,start       ] GC(184) Pause Young (Allocation Failure)
[14.969s][info][gc,heap        ] GC(184) PSYoungGen: 62592K(114688K)->42656K(65536K) Eden: 22528K(22528K)->0K(22528K) From: 40064K(92160K)->42656K(43008K)
[14.970s][info][gc,heap        ] GC(184) ParOldGen: 2305230K(2403328K)->2325366K(2403328K)
[14.970s][info][gc,metaspace   ] GC(184) Metaspace: 6299K(6464K)->6299K(6464K) NonClass: 5765K(5824K)->5765K(5824K) Class: 533K(640K)->533K(640K)
[14.970s][info][gc             ] GC(184) Pause Young (Allocation Failure) 2312M->2312M(2411M) 41.347ms
[14.970s][info][gc,cpu         ] GC(184) User=0.22s Sys=0.16s Real=0.04s
[14.995s][info][gc,start       ] GC(185) Pause Young (Allocation Failure)
[15.038s][info][gc,heap        ] GC(185) PSYoungGen: 65184K(65536K)->45184K(109056K) Eden: 22528K(22528K)->0K(25600K) From: 42656K(43008K)->45184K(83456K)
[15.038s][info][gc,heap        ] GC(185) ParOldGen: 2325366K(2403328K)->2345510K(2403328K)
[15.038s][info][gc,metaspace   ] GC(185) Metaspace: 6299K(6464K)->6299K(6464K) NonClass: 5765K(5824K)->5765K(5824K) Class: 533K(640K)->533K(640K)
[15.038s][info][gc             ] GC(185) Pause Young (Allocation Failure) 2334M->2334M(2453M) 43.278ms
[15.039s][info][gc,cpu         ] GC(185) User=0.22s Sys=0.03s Real=0.04s
[15.068s][info][gc,start       ] GC(186) Pause Young (Allocation Failure)
[15.113s][info][gc,heap        ] GC(186) PSYoungGen: 70784K(109056K)->48320K(74240K) Eden: 25600K(25600K)->0K(25600K) From: 45184K(83456K)->48320K(48640K)
[15.114s][info][gc,heap        ] GC(186) ParOldGen: 2345510K(2403328K)->2368222K(2403328K)
[15.114s][info][gc,metaspace   ] GC(186) Metaspace: 6299K(6464K)->6299K(6464K) NonClass: 5765K(5824K)->5765K(5824K) Class: 533K(640K)->533K(640K)
[15.114s][info][gc             ] GC(186) Pause Young (Allocation Failure) 2359M->2359M(2419M) 45.738ms
[15.114s][info][gc,cpu         ] GC(186) User=0.27s Sys=0.00s Real=0.05s
[15.114s][info][gc,start       ] GC(187) Pause Full (Ergonomics)
[15.114s][info][gc,phases,start] GC(187) Marking Phase
[15.635s][info][gc,phases      ] GC(187) Marking Phase 521.049ms
[15.635s][info][gc,phases,start] GC(187) Summary Phase
[15.635s][info][gc,phases      ] GC(187) Summary Phase 0.034ms
[15.635s][info][gc,phases,start] GC(187) Adjust Roots
[15.635s][info][gc,phases      ] GC(187) Adjust Roots 0.161ms
[15.635s][info][gc,phases,start] GC(187) Compaction Phase
[15.836s][info][gc,phases      ] GC(187) Compaction Phase 200.726ms
[15.836s][info][gc,phases,start] GC(187) Post Compact
[15.840s][info][gc,phases      ] GC(187) Post Compact 4.265ms
[15.842s][info][gc,heap        ] GC(187) PSYoungGen: 48320K(74240K)->11275K(74240K) Eden: 0K(25600K)->0K(25600K) From: 48320K(48640K)->11275K(48640K)
[15.842s][info][gc,heap        ] GC(187) ParOldGen: 2368222K(2403328K)->2402857K(2640384K)
[15.842s][info][gc,metaspace   ] GC(187) Metaspace: 6299K(6464K)->6299K(6464K) NonClass: 5765K(5824K)->5765K(5824K) Class: 533K(640K)->533K(640K)
[15.842s][info][gc             ] GC(187) Pause Full (Ergonomics) 2359M->2357M(2651M) 728.477ms
[15.842s][info][gc,cpu         ] GC(187) User=5.53s Sys=0.03s Real=0.73s
[15.878s][info][gc,start       ] GC(188) Pause Young (Allocation Failure)
[16.000s][info][gc,heap        ] GC(188) PSYoungGen: 36875K(74240K)->29824K(109568K) Eden: 25600K(25600K)->0K(28160K) From: 11275K(48640K)->29824K(81408K)
[16.000s][info][gc,heap        ] GC(188) ParOldGen: 2402857K(2640384K)->2410153K(2640384K)
[16.000s][info][gc,metaspace   ] GC(188) Metaspace: 6299K(6464K)->6299K(6464K) NonClass: 5765K(5824K)->5765K(5824K) Class: 533K(640K)->533K(640K)
[16.000s][info][gc             ] GC(188) Pause Young (Allocation Failure) 2382M->2382M(2685M) 122.267ms
[16.000s][info][gc,cpu         ] GC(188) User=0.73s Sys=0.03s Real=0.12s
[16.036s][info][gc,start       ] GC(189) Pause Young (Allocation Failure)
[16.075s][info][gc,heap        ] GC(189) PSYoungGen: 57984K(109568K)->58016K(111104K) Eden: 28160K(28160K)->0K(28160K) From: 29824K(81408K)->58016K(82944K)
[16.075s][info][gc,heap        ] GC(189) ParOldGen: 2410153K(2640384K)->2410153K(2640384K)
[16.075s][info][gc,metaspace   ] GC(189) Metaspace: 6299K(6464K)->6299K(6464K) NonClass: 5765K(5824K)->5765K(5824K) Class: 533K(640K)->533K(640K)
[16.075s][info][gc             ] GC(189) Pause Young (Allocation Failure) 2410M->2410M(2687M) 38.911ms
[16.075s][info][gc,cpu         ] GC(189) User=0.17s Sys=0.00s Real=0.04s
[16.108s][info][gc,start       ] GC(190) Pause Young (Allocation Failure)
[16.159s][info][gc,heap        ] GC(190) PSYoungGen: 86176K(111104K)->82144K(106496K) Eden: 28160K(28160K)->0K(22016K) From: 58016K(82944K)->82144K(84480K)
[16.159s][info][gc,heap        ] GC(190) ParOldGen: 2410153K(2640384K)->2414313K(2640384K)
[16.159s][info][gc,metaspace   ] GC(190) Metaspace: 6299K(6464K)->6299K(6464K) NonClass: 5765K(5824K)->5765K(5824K) Class: 533K(640K)->533K(640K)
[16.159s][info][gc             ] GC(190) Pause Young (Allocation Failure) 2437M->2437M(2682M) 50.536ms
[16.159s][info][gc,cpu         ] GC(190) User=0.27s Sys=0.00s Real=0.05s
[16.185s][info][gc,start       ] GC(191) Pause Young (Allocation Failure)
[16.245s][info][gc,heap        ] GC(191) PSYoungGen: 104160K(106496K)->78528K(115712K) Eden: 22016K(22016K)->0K(22016K) From: 82144K(84480K)->78528K(93696K)
[16.245s][info][gc,heap        ] GC(191) ParOldGen: 2414313K(2640384K)->2440137K(2640384K)
[16.246s][info][gc,metaspace   ] GC(191) Metaspace: 6299K(6464K)->6299K(6464K) NonClass: 5765K(5824K)->5765K(5824K) Class: 533K(640K)->533K(640K)
[16.246s][info][gc             ] GC(191) Pause Young (Allocation Failure) 2459M->2459M(2691M) 60.755ms
[16.246s][info][gc,cpu         ] GC(191) User=0.28s Sys=0.09s Real=0.06s
[16.271s][info][gc,start       ] GC(192) Pause Young (Allocation Failure)
[16.331s][info][gc,heap        ] GC(192) PSYoungGen: 100544K(115712K)->72384K(122880K) Eden: 22016K(22016K)->0K(22528K) From: 78528K(93696K)->72384K(100352K)
[16.331s][info][gc,heap        ] GC(192) ParOldGen: 2440137K(2640384K)->2468545K(2640384K)
[16.331s][info][gc,metaspace   ] GC(192) Metaspace: 6299K(6464K)->6299K(6464K) NonClass: 5765K(5824K)->5765K(5824K) Class: 533K(640K)->533K(640K)
[16.331s][info][gc             ] GC(192) Pause Young (Allocation Failure) 2481M->2481M(2698M) 60.050ms
[16.331s][info][gc,cpu         ] GC(192) User=0.39s Sys=0.00s Real=0.06s
[16.358s][info][gc,start       ] GC(193) Pause Young (Allocation Failure)
[16.423s][info][gc,heap        ] GC(193) PSYoungGen: 94912K(122880K)->44704K(125440K) Eden: 22528K(22528K)->0K(22528K) From: 72384K(100352K)->44704K(102912K)
[16.423s][info][gc,heap        ] GC(193) ParOldGen: 2468545K(2640384K)->2519137K(2640384K)
[16.423s][info][gc,metaspace   ] GC(193) Metaspace: 6299K(6464K)->6299K(6464K) NonClass: 5765K(5824K)->5765K(5824K) Class: 533K(640K)->533K(640K)
[16.423s][info][gc             ] GC(193) Pause Young (Allocation Failure) 2503M->2503M(2701M) 65.171ms
[16.423s][info][gc,cpu         ] GC(193) User=0.28s Sys=0.11s Real=0.07s
[16.449s][info][gc,start       ] GC(194) Pause Young (Allocation Failure)
[16.503s][info][gc,heap        ] GC(194) PSYoungGen: 67232K(125440K)->22656K(124928K) Eden: 22528K(22528K)->0K(25088K) From: 44704K(102912K)->22656K(99840K)
[16.503s][info][gc,heap        ] GC(194) ParOldGen: 2519137K(2640384K)->2564033K(2640384K)
[16.503s][info][gc,metaspace   ] GC(194) Metaspace: 6299K(6464K)->6299K(6464K) NonClass: 5765K(5824K)->5765K(5824K) Class: 533K(640K)->533K(640K)
[16.503s][info][gc             ] GC(194) Pause Young (Allocation Failure) 2525M->2526M(2700M) 53.456ms
[16.503s][info][gc,cpu         ] GC(194) User=0.27s Sys=0.11s Real=0.05s
[16.533s][info][gc,start       ] GC(195) Pause Young (Allocation Failure)
[16.570s][info][gc,heap        ] GC(195) PSYoungGen: 47744K(124928K)->25216K(125440K) Eden: 25088K(25088K)->0K(25088K) From: 22656K(99840K)->25216K(100352K)
[16.570s][info][gc,heap        ] GC(195) ParOldGen: 2564033K(2640384K)->2586769K(2640384K)
[16.570s][info][gc,metaspace   ] GC(195) Metaspace: 6299K(6464K)->6299K(6464K) NonClass: 5765K(5824K)->5765K(5824K) Class: 533K(640K)->533K(640K)
[16.570s][info][gc             ] GC(195) Pause Young (Allocation Failure) 2550M->2550M(2701M) 37.143ms
[16.570s][info][gc,cpu         ] GC(195) User=0.16s Sys=0.11s Real=0.04s
[16.570s][info][gc,start       ] GC(196) Pause Full (Ergonomics)
[16.570s][info][gc,phases,start] GC(196) Marking Phase
[17.143s][info][gc,phases      ] GC(196) Marking Phase 573.072ms
[17.143s][info][gc,phases,start] GC(196) Summary Phase
[17.143s][info][gc,phases      ] GC(196) Summary Phase 0.072ms
[17.143s][info][gc,phases,start] GC(196) Adjust Roots
[17.144s][info][gc,phases      ] GC(196) Adjust Roots 0.302ms
[17.144s][info][gc,phases,start] GC(196) Compaction Phase
[17.353s][info][gc,phases      ] GC(196) Compaction Phase 209.467ms
[17.353s][info][gc,phases,start] GC(196) Post Compact
[17.358s][info][gc,phases      ] GC(196) Post Compact 4.407ms
[17.359s][info][gc,heap        ] GC(196) PSYoungGen: 25216K(125440K)->0K(128512K) Eden: 0K(25088K)->0K(28672K) From: 25216K(100352K)->0K(99840K)
[17.359s][info][gc,heap        ] GC(196) ParOldGen: 2586769K(2640384K)->2609978K(2876416K)
[17.359s][info][gc,metaspace   ] GC(196) Metaspace: 6299K(6464K)->6299K(6464K) NonClass: 5765K(5824K)->5765K(5824K) Class: 533K(640K)->533K(640K)
[17.359s][info][gc             ] GC(196) Pause Full (Ergonomics) 2550M->2548M(2934M) 789.213ms
[17.359s][info][gc,cpu         ] GC(196) User=6.03s Sys=0.05s Real=0.79s
[17.395s][info][gc,start       ] GC(197) Pause Young (Allocation Failure)
[17.422s][info][gc,heap        ] GC(197) PSYoungGen: 28672K(128512K)->28864K(128512K) Eden: 28672K(28672K)->0K(28672K) From: 0K(99840K)->28864K(99840K)
[17.422s][info][gc,heap        ] GC(197) ParOldGen: 2609978K(2876416K)->2609978K(2876416K)
[17.422s][info][gc,metaspace   ] GC(197) Metaspace: 6299K(6464K)->6299K(6464K) NonClass: 5765K(5824K)->5765K(5824K) Class: 533K(640K)->533K(640K)
[17.422s][info][gc             ] GC(197) Pause Young (Allocation Failure) 2576M->2576M(2934M) 27.187ms
[17.422s][info][gc,cpu         ] GC(197) User=0.03s Sys=0.00s Real=0.03s
[17.458s][info][gc,start       ] GC(198) Pause Young (Allocation Failure)
[17.495s][info][gc,heap        ] GC(198) PSYoungGen: 57536K(128512K)->57536K(127488K) Eden: 28672K(28672K)->0K(31744K) From: 28864K(99840K)->57536K(95744K)
[17.495s][info][gc,heap        ] GC(198) ParOldGen: 2609978K(2876416K)->2609978K(2876416K)
[17.495s][info][gc,metaspace   ] GC(198) Metaspace: 6299K(6464K)->6299K(6464K) NonClass: 5765K(5824K)->5765K(5824K) Class: 533K(640K)->533K(640K)
[17.495s][info][gc             ] GC(198) Pause Young (Allocation Failure) 2604M->2604M(2933M) 37.150ms
[17.495s][info][gc,cpu         ] GC(198) User=0.16s Sys=0.00s Real=0.04s
[17.537s][info][gc,start       ] GC(199) Pause Young (Allocation Failure)
[17.584s][info][gc,heap        ] GC(199) PSYoungGen: 89280K(127488K)->89312K(128512K) Eden: 31744K(31744K)->0K(31744K) From: 57536K(95744K)->89312K(96768K)
[17.584s][info][gc,heap        ] GC(199) ParOldGen: 2609978K(2876416K)->2609978K(2876416K)
[17.584s][info][gc,metaspace   ] GC(199) Metaspace: 6299K(6464K)->6299K(6464K) NonClass: 5765K(5824K)->5765K(5824K) Class: 533K(640K)->533K(640K)
[17.584s][info][gc             ] GC(199) Pause Young (Allocation Failure) 2635M->2636M(2934M) 47.361ms
[17.584s][info][gc,cpu         ] GC(199) User=0.27s Sys=0.00s Real=0.05s
[17.623s][info][gc,start       ] GC(200) Pause Young (Allocation Failure)
[17.704s][info][gc,heap        ] GC(200) PSYoungGen: 121056K(128512K)->92352K(133120K) Eden: 31744K(31744K)->0K(25600K) From: 89312K(96768K)->92352K(107520K)
[17.704s][info][gc,heap        ] GC(200) ParOldGen: 2609978K(2876416K)->2638890K(2876416K)
[17.704s][info][gc,metaspace   ] GC(200) Metaspace: 6299K(6464K)->6299K(6464K) NonClass: 5765K(5824K)->5765K(5824K) Class: 533K(640K)->533K(640K)
[17.705s][info][gc             ] GC(200) Pause Young (Allocation Failure) 2667M->2667M(2939M) 81.601ms
[17.705s][info][gc,cpu         ] GC(200) User=0.38s Sys=0.14s Real=0.08s
[17.733s][info][gc,start       ] GC(201) Pause Young (Allocation Failure)
[17.802s][info][gc,heap        ] GC(201) PSYoungGen: 117952K(133120K)->89344K(142848K) Eden: 25600K(25600K)->0K(25600K) From: 92352K(107520K)->89344K(117248K)
[17.802s][info][gc,heap        ] GC(201) ParOldGen: 2638890K(2876416K)->2667818K(2876416K)
[17.802s][info][gc,metaspace   ] GC(201) Metaspace: 6299K(6464K)->6299K(6464K) NonClass: 5765K(5824K)->5765K(5824K) Class: 533K(640K)->533K(640K)
[17.802s][info][gc             ] GC(201) Pause Young (Allocation Failure) 2692M->2692M(2948M) 68.232ms
[17.802s][info][gc,cpu         ] GC(201) User=0.31s Sys=0.08s Real=0.07s
[17.830s][info][gc,start       ] GC(202) Pause Young (Allocation Failure)
[17.896s][info][gc,heap        ] GC(202) PSYoungGen: 114944K(142848K)->83168K(149504K) Eden: 25600K(25600K)->0K(26112K) From: 89344K(117248K)->83168K(123392K)
[17.896s][info][gc,heap        ] GC(202) ParOldGen: 2667818K(2876416K)->2699842K(2876416K)
[17.896s][info][gc,metaspace   ] GC(202) Metaspace: 6299K(6464K)->6299K(6464K) NonClass: 5765K(5824K)->5765K(5824K) Class: 533K(640K)->533K(640K)
[17.896s][info][gc             ] GC(202) Pause Young (Allocation Failure) 2717M->2717M(2955M) 65.820ms
[17.896s][info][gc,cpu         ] GC(202) User=0.33s Sys=0.08s Real=0.07s
[17.926s][info][gc,start       ] GC(203) Pause Young (Allocation Failure)
[18.002s][info][gc,heap        ] GC(203) PSYoungGen: 109280K(149504K)->51840K(78336K) Eden: 26112K(26112K)->0K(26112K) From: 83168K(123392K)->51840K(52224K)
[18.002s][info][gc,heap        ] GC(203) ParOldGen: 2699842K(2876416K)->2757674K(2876416K)
[18.002s][info][gc,metaspace   ] GC(203) Metaspace: 6299K(6464K)->6299K(6464K) NonClass: 5765K(5824K)->5765K(5824K) Class: 533K(640K)->533K(640K)
[18.002s][info][gc             ] GC(203) Pause Young (Allocation Failure) 2743M->2743M(2885M) 76.344ms
[18.003s][info][gc,cpu         ] GC(203) User=0.30s Sys=0.22s Real=0.08s
[18.033s][info][gc,start       ] GC(204) Pause Young (Allocation Failure)
[18.092s][info][gc,heap        ] GC(204) PSYoungGen: 77952K(78336K)->26240K(151040K) Eden: 26112K(26112K)->0K(30208K) From: 51840K(52224K)->26240K(120832K)
[18.092s][info][gc,heap        ] GC(204) ParOldGen: 2757674K(2876416K)->2809810K(2876416K)
[18.092s][info][gc,metaspace   ] GC(204) Metaspace: 6299K(6464K)->6299K(6464K) NonClass: 5765K(5824K)->5765K(5824K) Class: 533K(640K)->533K(640K)
[18.092s][info][gc             ] GC(204) Pause Young (Allocation Failure) 2769M->2769M(2956M) 58.745ms
[18.092s][info][gc,cpu         ] GC(204) User=0.28s Sys=0.11s Real=0.06s
[18.092s][info][gc,start       ] GC(205) Pause Full (Ergonomics)
[18.092s][info][gc,phases,start] GC(205) Marking Phase
[18.740s][info][gc,phases      ] GC(205) Marking Phase 647.638ms
[18.740s][info][gc,phases,start] GC(205) Summary Phase
[18.740s][info][gc,phases      ] GC(205) Summary Phase 0.090ms
[18.740s][info][gc,phases,start] GC(205) Adjust Roots
[18.740s][info][gc,phases      ] GC(205) Adjust Roots 0.200ms
[18.740s][info][gc,phases,start] GC(205) Compaction Phase
[18.959s][info][gc,phases      ] GC(205) Compaction Phase 219.011ms
[18.959s][info][gc,phases,start] GC(205) Post Compact
[18.964s][info][gc,phases      ] GC(205) Post Compact 4.663ms
[18.966s][info][gc,heap        ] GC(205) PSYoungGen: 26240K(151040K)->0K(151040K) Eden: 0K(30208K)->0K(30208K) From: 26240K(120832K)->0K(120832K)
[18.966s][info][gc,heap        ] GC(205) ParOldGen: 2809810K(2876416K)->2833976K(3134976K)
[18.966s][info][gc,metaspace   ] GC(205) Metaspace: 6299K(6464K)->6299K(6464K) NonClass: 5765K(5824K)->5765K(5824K) Class: 533K(640K)->533K(640K)
[18.966s][info][gc             ] GC(205) Pause Full (Ergonomics) 2769M->2767M(3209M) 873.982ms
[18.966s][info][gc,cpu         ] GC(205) User=6.69s Sys=0.08s Real=0.87s
[19.599s][info][gc,start       ] GC(206) Pause Young (Allocation Failure)
[19.695s][info][gc,heap        ] GC(206) PSYoungGen: 30208K(151040K)->30368K(150016K) Eden: 30208K(30208K)->0K(33280K) From: 0K(120832K)->30368K(116736K)
[19.695s][info][gc,heap        ] GC(206) ParOldGen: 2965048K(3134976K)->2965048K(3134976K)
[19.695s][info][gc,metaspace   ] GC(206) Metaspace: 6299K(6464K)->6299K(6464K) NonClass: 5765K(5824K)->5765K(5824K) Class: 533K(640K)->533K(640K)
[19.695s][info][gc             ] GC(206) Pause Young (Allocation Failure) 2925M->2925M(3208M) 95.690ms
[19.695s][info][gc,cpu         ] GC(206) User=0.62s Sys=0.00s Real=0.10s
[19.733s][info][gc,start       ] GC(207) Pause Young (Allocation Failure)
[19.792s][info][gc,heap        ] GC(207) PSYoungGen: 63648K(150016K)->33472K(152576K) Eden: 33280K(33280K)->0K(33280K) From: 30368K(116736K)->33472K(119296K)
[19.792s][info][gc,heap        ] GC(207) ParOldGen: 2965048K(3134976K)->2995528K(3134976K)
[19.792s][info][gc,metaspace   ] GC(207) Metaspace: 6299K(6464K)->6299K(6464K) NonClass: 5765K(5824K)->5765K(5824K) Class: 533K(640K)->533K(640K)
[19.792s][info][gc             ] GC(207) Pause Young (Allocation Failure) 2957M->2958M(3210M) 59.158ms
[19.792s][info][gc,cpu         ] GC(207) User=0.19s Sys=0.05s Real=0.06s
[19.828s][info][gc,start       ] GC(208) Pause Young (Allocation Failure)
[19.888s][info][gc,heap        ] GC(208) PSYoungGen: 66752K(152576K)->33408K(147968K) Eden: 33280K(33280K)->0K(37376K) From: 33472K(119296K)->33408K(110592K)
[19.888s][info][gc,heap        ] GC(208) ParOldGen: 2995528K(3134976K)->3029120K(3134976K)
[19.888s][info][gc,metaspace   ] GC(208) Metaspace: 6299K(6464K)->6299K(6464K) NonClass: 5765K(5824K)->5765K(5824K) Class: 533K(640K)->533K(640K)
[19.888s][info][gc             ] GC(208) Pause Young (Allocation Failure) 2990M->2990M(3206M) 60.256ms
[19.888s][info][gc,cpu         ] GC(208) User=0.22s Sys=0.03s Real=0.06s
[19.926s][info][gc,start       ] GC(209) Pause Young (Allocation Failure)
[19.985s][info][gc,heap        ] GC(209) PSYoungGen: 70784K(147968K)->37568K(150528K) Eden: 37376K(37376K)->0K(37376K) From: 33408K(110592K)->37568K(113152K)
[19.985s][info][gc,heap        ] GC(209) ParOldGen: 3029120K(3134976K)->3062704K(3134976K)
[19.985s][info][gc,metaspace   ] GC(209) Metaspace: 6299K(6464K)->6299K(6464K) NonClass: 5765K(5824K)->5765K(5824K) Class: 533K(640K)->533K(640K)
[19.985s][info][gc             ] GC(209) Pause Young (Allocation Failure) 3027M->3027M(3208M) 59.146ms
[19.985s][info][gc,cpu         ] GC(209) User=0.22s Sys=0.06s Real=0.06s
[20.023s][info][gc,start       ] GC(210) Pause Young (Allocation Failure)
[20.085s][info][gc,heap        ] GC(210) PSYoungGen: 74944K(150528K)->37568K(142848K) Eden: 37376K(37376K)->0K(41984K) From: 37568K(113152K)->37568K(100864K)
[20.085s][info][gc,heap        ] GC(210) ParOldGen: 3062704K(3134976K)->3100408K(3134976K)
[20.085s][info][gc,metaspace   ] GC(210) Metaspace: 6299K(6464K)->6299K(6464K) NonClass: 5765K(5824K)->5765K(5824K) Class: 533K(640K)->533K(640K)
[20.085s][info][gc             ] GC(210) Pause Young (Allocation Failure) 3064M->3064M(3201M) 62.786ms
[20.085s][info][gc,cpu         ] GC(210) User=0.22s Sys=0.06s Real=0.06s
[20.085s][info][gc,start       ] GC(211) Pause Full (Ergonomics)
[20.085s][info][gc,phases,start] GC(211) Marking Phase
[20.763s][info][gc,phases      ] GC(211) Marking Phase 677.595ms
[20.763s][info][gc,phases,start] GC(211) Summary Phase
[20.763s][info][gc,phases      ] GC(211) Summary Phase 0.063ms
[20.763s][info][gc,phases,start] GC(211) Adjust Roots
[20.763s][info][gc,phases      ] GC(211) Adjust Roots 0.211ms
[20.763s][info][gc,phases,start] GC(211) Compaction Phase
[21.233s][info][gc,phases      ] GC(211) Compaction Phase 469.167ms
[21.233s][info][gc,phases,start] GC(211) Post Compact
[21.239s][info][gc,phases      ] GC(211) Post Compact 6.692ms
[21.241s][info][gc,heap        ] GC(211) PSYoungGen: 37568K(142848K)->0K(146944K) Eden: 0K(41984K)->0K(41984K) From: 37568K(100864K)->0K(104960K)
[21.241s][info][gc,heap        ] GC(211) ParOldGen: 3100408K(3134976K)->3070862K(3389440K)
[21.241s][info][gc,metaspace   ] GC(211) Metaspace: 6299K(6464K)->6299K(6464K) NonClass: 5765K(5824K)->5765K(5824K) Class: 533K(640K)->533K(640K)
[21.241s][info][gc             ] GC(211) Pause Full (Ergonomics) 3064M->2998M(3453M) 1155.903ms
[21.241s][info][gc,cpu         ] GC(211) User=8.20s Sys=0.06s Real=1.16s
[21.283s][info][gc,start       ] GC(212) Pause Young (Allocation Failure)
[21.322s][info][gc,heap        ] GC(212) PSYoungGen: 41984K(146944K)->42176K(140800K) Eden: 41984K(41984K)->0K(46080K) From: 0K(104960K)->42176K(94720K)
[21.322s][info][gc,heap        ] GC(212) ParOldGen: 3070862K(3389440K)->3070862K(3389440K)
[21.322s][info][gc,metaspace   ] GC(212) Metaspace: 6299K(6464K)->6299K(6464K) NonClass: 5765K(5824K)->5765K(5824K) Class: 533K(640K)->533K(640K)
[21.322s][info][gc             ] GC(212) Pause Young (Allocation Failure) 3039M->3040M(3447M) 39.606ms
[21.322s][info][gc,cpu         ] GC(212) User=0.05s Sys=0.00s Real=0.04s
[21.369s][info][gc,start       ] GC(213) Pause Young (Allocation Failure)
[21.427s][info][gc,heap        ] GC(213) PSYoungGen: 88256K(140800K)->88320K(146432K) Eden: 46080K(46080K)->0K(46080K) From: 42176K(94720K)->88320K(100352K)
[21.427s][info][gc,heap        ] GC(213) ParOldGen: 3070862K(3389440K)->3070862K(3389440K)
[21.427s][info][gc,metaspace   ] GC(213) Metaspace: 6299K(6464K)->6299K(6464K) NonClass: 5765K(5824K)->5765K(5824K) Class: 533K(640K)->533K(640K)
[21.427s][info][gc             ] GC(213) Pause Young (Allocation Failure) 3085M->3085M(3453M) 57.208ms
[21.427s][info][gc,cpu         ] GC(213) User=0.17s Sys=0.00s Real=0.06s
[21.480s][info][gc,start       ] GC(214) Pause Young (Allocation Failure)
[21.558s][info][gc,heap        ] GC(214) PSYoungGen: 134400K(146432K)->110080K(135680K) Eden: 46080K(46080K)->0K(25600K) From: 88320K(100352K)->110080K(110080K)
[21.558s][info][gc,heap        ] GC(214) ParOldGen: 3070862K(3389440K)->3095310K(3389440K)
[21.558s][info][gc,metaspace   ] GC(214) Metaspace: 6299K(6464K)->6299K(6464K) NonClass: 5765K(5824K)->5765K(5824K) Class: 533K(640K)->533K(640K)
[21.558s][info][gc             ] GC(214) Pause Young (Allocation Failure) 3130M->3130M(3442M) 78.706ms
[21.558s][info][gc,cpu         ] GC(214) User=0.36s Sys=0.06s Real=0.08s
[21.585s][info][gc,start       ] GC(215) Pause Young (Allocation Failure)
[21.673s][info][gc,heap        ] GC(215) PSYoungGen: 135680K(135680K)->54016K(79872K) Eden: 25600K(25600K)->0K(25600K) From: 110080K(110080K)->54016K(54272K)
[21.673s][info][gc,heap        ] GC(215) ParOldGen: 3095310K(3389440K)->3177718K(3389440K)
[21.673s][info][gc,metaspace   ] GC(215) Metaspace: 6299K(6464K)->6299K(6464K) NonClass: 5765K(5824K)->5765K(5824K) Class: 533K(640K)->533K(640K)
[21.673s][info][gc             ] GC(215) Pause Young (Allocation Failure) 3155M->3155M(3388M) 87.650ms
[21.673s][info][gc,cpu         ] GC(215) User=0.42s Sys=0.22s Real=0.09s
[21.698s][info][gc,start       ] GC(216) Pause Young (Allocation Failure)
[21.759s][info][gc,heap        ] GC(216) PSYoungGen: 79616K(79872K)->51360K(145920K) Eden: 25600K(25600K)->0K(28672K) From: 54016K(54272K)->51360K(117248K)
[21.759s][info][gc,heap        ] GC(216) ParOldGen: 3177718K(3389440K)->3206222K(3389440K)
[21.759s][info][gc,metaspace   ] GC(216) Metaspace: 6299K(6464K)->6299K(6464K) NonClass: 5765K(5824K)->5765K(5824K) Class: 533K(640K)->533K(640K)
[21.759s][info][gc             ] GC(216) Pause Young (Allocation Failure) 3180M->3181M(3452M) 60.745ms
[21.759s][info][gc,cpu         ] GC(216) User=0.11s Sys=0.16s Real=0.06s
[21.787s][info][gc,start       ] GC(217) Pause Young (Allocation Failure)
[21.849s][info][gc,heap        ] GC(217) PSYoungGen: 80032K(145920K)->28832K(151552K) Eden: 28672K(28672K)->0K(28672K) From: 51360K(117248K)->28832K(122880K)
[21.849s][info][gc,heap        ] GC(217) ParOldGen: 3206222K(3389440K)->3257846K(3389440K)
[21.849s][info][gc,metaspace   ] GC(217) Metaspace: 6299K(6464K)->6299K(6464K) NonClass: 5765K(5824K)->5765K(5824K) Class: 533K(640K)->533K(640K)
[21.849s][info][gc             ] GC(217) Pause Young (Allocation Failure) 3209M->3209M(3458M) 61.434ms
[21.849s][info][gc,cpu         ] GC(217) User=0.19s Sys=0.12s Real=0.06s
[21.876s][info][gc,start       ] GC(218) Pause Young (Allocation Failure)
[21.930s][info][gc,heap        ] GC(218) PSYoungGen: 57504K(151552K)->28768K(150016K) Eden: 28672K(28672K)->0K(32768K) From: 28832K(122880K)->28768K(117248K)
[21.930s][info][gc,heap        ] GC(218) ParOldGen: 3257846K(3389440K)->3286782K(3389440K)
[21.930s][info][gc,metaspace   ] GC(218) Metaspace: 6299K(6464K)->6299K(6464K) NonClass: 5765K(5824K)->5765K(5824K) Class: 533K(640K)->533K(640K)
[21.930s][info][gc             ] GC(218) Pause Young (Allocation Failure) 3237M->3237M(3456M) 53.908ms
[21.930s][info][gc,cpu         ] GC(218) User=0.14s Sys=0.14s Real=0.05s
[21.965s][info][gc,start       ] GC(219) Pause Young (Allocation Failure)
[22.017s][info][gc,heap        ] GC(219) PSYoungGen: 61536K(150016K)->32928K(152064K) Eden: 32768K(32768K)->0K(32768K) From: 28768K(117248K)->32928K(119296K)
[22.017s][info][gc,heap        ] GC(219) ParOldGen: 3286782K(3389440K)->3315718K(3389440K)
[22.017s][info][gc,metaspace   ] GC(219) Metaspace: 6299K(6464K)->6299K(6464K) NonClass: 5765K(5824K)->5765K(5824K) Class: 533K(640K)->533K(640K)
[22.017s][info][gc             ] GC(219) Pause Young (Allocation Failure) 3269M->3270M(3458M) 52.156ms
[22.017s][info][gc,cpu         ] GC(219) User=0.19s Sys=0.00s Real=0.05s
[22.054s][info][gc,start       ] GC(220) Pause Young (Allocation Failure)
[22.110s][info][gc,heap        ] GC(220) PSYoungGen: 65696K(152064K)->32928K(146432K) Eden: 32768K(32768K)->0K(37376K) From: 32928K(119296K)->32928K(109056K)
[22.110s][info][gc,heap        ] GC(220) ParOldGen: 3315718K(3389440K)->3348766K(3389440K)
[22.110s][info][gc,metaspace   ] GC(220) Metaspace: 6299K(6464K)->6299K(6464K) NonClass: 5765K(5824K)->5765K(5824K) Class: 533K(640K)->533K(640K)
[22.110s][info][gc             ] GC(220) Pause Young (Allocation Failure) 3302M->3302M(3453M) 56.279ms
[22.110s][info][gc,cpu         ] GC(220) User=0.19s Sys=0.09s Real=0.06s
[22.110s][info][gc,start       ] GC(221) Pause Full (Ergonomics)
[22.110s][info][gc,phases,start] GC(221) Marking Phase
[22.868s][info][gc,phases      ] GC(221) Marking Phase 757.505ms
[22.868s][info][gc,phases,start] GC(221) Summary Phase
[22.868s][info][gc,phases      ] GC(221) Summary Phase 0.084ms
[22.868s][info][gc,phases,start] GC(221) Adjust Roots
[22.868s][info][gc,phases      ] GC(221) Adjust Roots 0.158ms
[22.868s][info][gc,phases,start] GC(221) Compaction Phase
[23.202s][info][gc,phases      ] GC(221) Compaction Phase 333.405ms
[23.202s][info][gc,phases,start] GC(221) Post Compact
[23.208s][info][gc,phases      ] GC(221) Post Compact 6.071ms
[23.210s][info][gc,heap        ] GC(221) PSYoungGen: 32928K(146432K)->0K(150016K) Eden: 0K(37376K)->0K(37376K) From: 32928K(109056K)->0K(112640K)
[23.210s][info][gc,heap        ] GC(221) ParOldGen: 3348766K(3389440K)->3378793K(3725824K)
[23.210s][info][gc,metaspace   ] GC(221) Metaspace: 6299K(6464K)->6299K(6464K) NonClass: 5765K(5824K)->5765K(5824K) Class: 533K(640K)->533K(640K)
[23.210s][info][gc             ] GC(221) Pause Full (Ergonomics) 3302M->3299M(3785M) 1100.135ms
[23.211s][info][gc,cpu         ] GC(221) User=7.83s Sys=0.08s Real=1.10s
[23.253s][info][gc,start       ] GC(222) Pause Young (Allocation Failure)
[23.292s][info][gc,heap        ] GC(222) PSYoungGen: 37376K(150016K)->37568K(143872K) Eden: 37376K(37376K)->0K(41472K) From: 0K(112640K)->37568K(102400K)
[23.292s][info][gc,heap        ] GC(222) ParOldGen: 3378793K(3725824K)->3378793K(3725824K)
[23.292s][info][gc,metaspace   ] GC(222) Metaspace: 6299K(6464K)->6299K(6464K) NonClass: 5765K(5824K)->5765K(5824K) Class: 533K(640K)->533K(640K)
[23.292s][info][gc             ] GC(222) Pause Young (Allocation Failure) 3336M->3336M(3779M) 39.419ms
[23.292s][info][gc,cpu         ] GC(222) User=0.08s Sys=0.00s Real=0.04s
[23.339s][info][gc,start       ] GC(223) Pause Young (Allocation Failure)
[23.398s][info][gc,heap        ] GC(223) PSYoungGen: 79040K(143872K)->79072K(149504K) Eden: 41472K(41472K)->0K(41472K) From: 37568K(102400K)->79072K(108032K)
[23.398s][info][gc,heap        ] GC(223) ParOldGen: 3378793K(3725824K)->3378793K(3725824K)
[23.398s][info][gc,metaspace   ] GC(223) Metaspace: 6299K(6464K)->6299K(6464K) NonClass: 5765K(5824K)->5765K(5824K) Class: 533K(640K)->533K(640K)
[23.398s][info][gc             ] GC(223) Pause Young (Allocation Failure) 3376M->3376M(3784M) 59.038ms
[23.398s][info][gc,cpu         ] GC(223) User=0.17s Sys=0.00s Real=0.06s
[23.436s][info][gc,start       ] GC(224) Pause Young (Allocation Failure)
[23.506s][info][gc,heap        ] GC(224) PSYoungGen: 120544K(149504K)->83168K(154112K) Eden: 41472K(41472K)->0K(40448K) From: 79072K(108032K)->83168K(113664K)
[23.506s][info][gc,heap        ] GC(224) ParOldGen: 3378793K(3725824K)->3416505K(3725824K)
[23.506s][info][gc,metaspace   ] GC(224) Metaspace: 6299K(6464K)->6299K(6464K) NonClass: 5765K(5824K)->5765K(5824K) Class: 533K(640K)->533K(640K)
[23.506s][info][gc             ] GC(224) Pause Young (Allocation Failure) 3417M->3417M(3789M) 70.334ms
[23.506s][info][gc,cpu         ] GC(224) User=0.33s Sys=0.08s Real=0.07s
[23.546s][info][gc,start       ] GC(225) Pause Young (Allocation Failure)
[23.620s][info][gc,heap        ] GC(225) PSYoungGen: 123616K(154112K)->82208K(159744K) Eden: 40448K(40448K)->0K(40448K) From: 83168K(113664K)->82208K(119296K)
[23.620s][info][gc,heap        ] GC(225) ParOldGen: 3416505K(3725824K)->3458361K(3725824K)
[23.620s][info][gc,metaspace   ] GC(225) Metaspace: 6299K(6464K)->6299K(6464K) NonClass: 5765K(5824K)->5765K(5824K) Class: 533K(640K)->533K(640K)
[23.620s][info][gc             ] GC(225) Pause Young (Allocation Failure) 3457M->3457M(3794M) 73.978ms
[23.620s][info][gc,cpu         ] GC(225) User=0.38s Sys=0.14s Real=0.07s
[23.663s][info][gc,start       ] GC(226) Pause Young (Allocation Failure)
[23.738s][info][gc,heap        ] GC(226) PSYoungGen: 122656K(159744K)->81152K(166400K) Eden: 40448K(40448K)->0K(43008K) From: 82208K(119296K)->81152K(123392K)
[23.738s][info][gc,heap        ] GC(226) ParOldGen: 3458361K(3725824K)->3500209K(3725824K)
[23.738s][info][gc,metaspace   ] GC(226) Metaspace: 6299K(6464K)->6299K(6464K) NonClass: 5765K(5824K)->5765K(5824K) Class: 533K(640K)->533K(640K)
[23.738s][info][gc             ] GC(226) Pause Young (Allocation Failure) 3497M->3497M(3801M) 75.113ms
[23.738s][info][gc,cpu         ] GC(226) User=0.31s Sys=0.09s Real=0.08s
[23.784s][info][gc,start       ] GC(227) Pause Young (Allocation Failure)
[23.857s][info][gc,heap        ] GC(227) PSYoungGen: 124160K(166400K)->83712K(168448K) Eden: 43008K(43008K)->0K(43008K) From: 81152K(123392K)->83712K(125440K)
[23.857s][info][gc,heap        ] GC(227) ParOldGen: 3500209K(3725824K)->3541025K(3725824K)
[23.857s][info][gc,metaspace   ] GC(227) Metaspace: 6299K(6464K)->6299K(6464K) NonClass: 5765K(5824K)->5765K(5824K) Class: 533K(640K)->533K(640K)
[23.857s][info][gc             ] GC(227) Pause Young (Allocation Failure) 3539M->3539M(3803M) 73.541ms
[23.857s][info][gc,cpu         ] GC(227) User=0.38s Sys=0.14s Real=0.07s
[23.902s][info][gc,start       ] GC(228) Pause Young (Allocation Failure)
[23.994s][info][gc,heap        ] GC(228) PSYoungGen: 126720K(168448K)->43200K(169984K) Eden: 43008K(43008K)->0K(48640K) From: 83712K(125440K)->43200K(121344K)
[23.994s][info][gc,heap        ] GC(228) ParOldGen: 3541025K(3725824K)->3625193K(3725824K)
[23.994s][info][gc,metaspace   ] GC(228) Metaspace: 6299K(6464K)->6299K(6464K) NonClass: 5765K(5824K)->5765K(5824K) Class: 533K(640K)->533K(640K)
[23.994s][info][gc             ] GC(228) Pause Young (Allocation Failure) 3581M->3582M(3804M) 91.535ms
[23.994s][info][gc,cpu         ] GC(228) User=0.31s Sys=0.33s Real=0.09s
[24.043s][info][gc,start       ] GC(229) Pause Young (Allocation Failure)
[24.109s][info][gc,heap        ] GC(229) PSYoungGen: 91840K(169984K)->48800K(173056K) Eden: 48640K(48640K)->0K(48640K) From: 43200K(121344K)->48800K(124416K)
[24.110s][info][gc,heap        ] GC(229) ParOldGen: 3625193K(3725824K)->3668585K(3725824K)
[24.110s][info][gc,metaspace   ] GC(229) Metaspace: 6299K(6464K)->6299K(6464K) NonClass: 5765K(5824K)->5765K(5824K) Class: 533K(640K)->533K(640K)
[24.110s][info][gc             ] GC(229) Pause Young (Allocation Failure) 3629M->3630M(3807M) 66.794ms
[24.110s][info][gc,cpu         ] GC(229) User=0.27s Sys=0.12s Real=0.07s
[24.110s][info][gc,start       ] GC(230) Pause Full (Ergonomics)
[24.110s][info][gc,phases,start] GC(230) Marking Phase
[24.921s][info][gc,phases      ] GC(230) Marking Phase 810.967ms
[24.921s][info][gc,phases,start] GC(230) Summary Phase
[24.921s][info][gc,phases      ] GC(230) Summary Phase 0.116ms
[24.921s][info][gc,phases,start] GC(230) Adjust Roots
[24.921s][info][gc,phases      ] GC(230) Adjust Roots 0.220ms
[24.921s][info][gc,phases,start] GC(230) Compaction Phase
[25.282s][info][gc,phases      ] GC(230) Compaction Phase 360.776ms
[25.282s][info][gc,phases,start] GC(230) Post Compact
[25.289s][info][gc,phases      ] GC(230) Post Compact 6.790ms
[25.292s][info][gc,heap        ] GC(230) PSYoungGen: 48800K(173056K)->0K(175104K) Eden: 0K(48640K)->0K(54784K) From: 48800K(124416K)->0K(120320K)
[25.292s][info][gc,heap        ] GC(230) ParOldGen: 3668585K(3725824K)->3714427K(4108288K)
[25.292s][info][gc,metaspace   ] GC(230) Metaspace: 6299K(6464K)->6299K(6464K) NonClass: 5765K(5824K)->5765K(5824K) Class: 533K(640K)->533K(640K)
[25.292s][info][gc             ] GC(230) Pause Full (Ergonomics) 3630M->3627M(4183M) 1182.381ms
[25.292s][info][gc,cpu         ] GC(230) User=8.33s Sys=0.12s Real=1.18s
[25.346s][info][gc,start       ] GC(231) Pause Young (Allocation Failure)
[25.395s][info][gc,heap        ] GC(231) PSYoungGen: 54784K(175104K)->55008K(175104K) Eden: 54784K(54784K)->0K(54784K) From: 0K(120320K)->55008K(120320K)
[25.396s][info][gc,heap        ] GC(231) ParOldGen: 3714427K(4108288K)->3714427K(4108288K)
[25.396s][info][gc,metaspace   ] GC(231) Metaspace: 6299K(6464K)->6299K(6464K) NonClass: 5765K(5824K)->5765K(5824K) Class: 533K(640K)->533K(640K)
[25.396s][info][gc             ] GC(231) Pause Young (Allocation Failure) 3680M->3681M(4183M) 49.833ms
[25.396s][info][gc,cpu         ] GC(231) User=0.14s Sys=0.00s Real=0.05s
[25.449s][info][gc,start       ] GC(232) Pause Young (Allocation Failure)
[25.521s][info][gc,heap        ] GC(232) PSYoungGen: 109792K(175104K)->109856K(161792K) Eden: 54784K(54784K)->0K(47104K) From: 55008K(120320K)->109856K(114688K)
[25.521s][info][gc,heap        ] GC(232) ParOldGen: 3714427K(4108288K)->3714427K(4108288K)
[25.521s][info][gc,metaspace   ] GC(232) Metaspace: 6299K(6464K)->6299K(6464K) NonClass: 5765K(5824K)->5765K(5824K) Class: 533K(640K)->533K(640K)
[25.521s][info][gc             ] GC(232) Pause Young (Allocation Failure) 3734M->3734M(4170M) 72.116ms
[25.521s][info][gc,cpu         ] GC(232) User=0.20s Sys=0.06s Real=0.07s
[25.573s][info][gc,start       ] GC(233) Pause Young (Allocation Failure)
[25.660s][info][gc,heap        ] GC(233) PSYoungGen: 156960K(161792K)->128000K(175104K) Eden: 47104K(47104K)->0K(47104K) From: 109856K(114688K)->128000K(128000K)
[25.660s][info][gc,heap        ] GC(233) ParOldGen: 3714427K(4108288K)->3743579K(4108288K)
[25.660s][info][gc,metaspace   ] GC(233) Metaspace: 6299K(6464K)->6299K(6464K) NonClass: 5765K(5824K)->5765K(5824K) Class: 533K(640K)->533K(640K)
[25.660s][info][gc             ] GC(233) Pause Young (Allocation Failure) 3780M->3780M(4183M) 86.494ms
[25.660s][info][gc,cpu         ] GC(233) User=0.42s Sys=0.09s Real=0.09s
[25.709s][info][gc,start       ] GC(234) Pause Young (Allocation Failure)
[25.825s][info][gc,heap        ] GC(234) PSYoungGen: 175104K(175104K)->93536K(208384K) Eden: 47104K(47104K)->0K(52736K) From: 128000K(128000K)->93536K(155648K)
[25.825s][info][gc,heap        ] GC(234) ParOldGen: 3743579K(4108288K)->3825899K(4108288K)
[25.825s][info][gc,metaspace   ] GC(234) Metaspace: 6299K(6464K)->6299K(6464K) NonClass: 5765K(5824K)->5765K(5824K) Class: 533K(640K)->533K(640K)
[25.825s][info][gc             ] GC(234) Pause Young (Allocation Failure) 3826M->3827M(4215M) 115.750ms
[25.825s][info][gc,cpu         ] GC(234) User=0.67s Sys=0.33s Real=0.12s
[25.878s][info][gc,start       ] GC(235) Pause Young (Allocation Failure)
[25.966s][info][gc,heap        ] GC(235) PSYoungGen: 146272K(208384K)->100160K(208384K) Eden: 52736K(52736K)->0K(52736K) From: 93536K(155648K)->100160K(155648K)
[25.966s][info][gc,heap        ] GC(235) ParOldGen: 3825899K(4108288K)->3872515K(4108288K)
[25.966s][info][gc,metaspace   ] GC(235) Metaspace: 6299K(6464K)->6299K(6464K) NonClass: 5765K(5824K)->5765K(5824K) Class: 533K(640K)->533K(640K)
[25.966s][info][gc             ] GC(235) Pause Young (Allocation Failure) 3879M->3879M(4215M) 87.961ms
[25.966s][info][gc,cpu         ] GC(235) User=0.52s Sys=0.12s Real=0.09s
[26.021s][info][gc,start       ] GC(236) Pause Young (Allocation Failure)
[26.121s][info][gc,heap        ] GC(236) PSYoungGen: 152896K(208384K)->105728K(213504K) Eden: 52736K(52736K)->0K(56832K) From: 100160K(155648K)->105728K(156672K)
[26.121s][info][gc,heap        ] GC(236) ParOldGen: 3872515K(4108288K)->3920043K(4108288K)
[26.121s][info][gc,metaspace   ] GC(236) Metaspace: 6299K(6464K)->6299K(6464K) NonClass: 5765K(5824K)->5765K(5824K) Class: 533K(640K)->533K(640K)
[26.121s][info][gc             ] GC(236) Pause Young (Allocation Failure) 3931M->3931M(4220M) 100.968ms
[26.121s][info][gc,cpu         ] GC(236) User=0.53s Sys=0.34s Real=0.10s
[26.187s][info][gc,start       ] GC(237) Pause Young (Allocation Failure)
[26.311s][info][gc,heap        ] GC(237) PSYoungGen: 162560K(213504K)->57024K(216064K) Eden: 56832K(56832K)->0K(56832K) From: 105728K(156672K)->57024K(159232K)
[26.311s][info][gc,heap        ] GC(237) ParOldGen: 3920043K(4108288K)->4026419K(4108288K)
[26.311s][info][gc,metaspace   ] GC(237) Metaspace: 6299K(6464K)->6299K(6464K) NonClass: 5765K(5824K)->5765K(5824K) Class: 533K(640K)->533K(640K)
[26.311s][info][gc             ] GC(237) Pause Young (Allocation Failure) 3986M->3987M(4223M) 123.873ms
[26.311s][info][gc,cpu         ] GC(237) User=0.38s Sys=0.50s Real=0.12s
[26.311s][info][gc,start       ] GC(238) Pause Full (Ergonomics)
[26.311s][info][gc,phases,start] GC(238) Marking Phase
[27.226s][info][gc,phases      ] GC(238) Marking Phase 914.692ms
[27.226s][info][gc,phases,start] GC(238) Summary Phase
[27.226s][info][gc,phases      ] GC(238) Summary Phase 0.169ms
[27.226s][info][gc,phases,start] GC(238) Adjust Roots
[27.226s][info][gc,phases      ] GC(238) Adjust Roots 0.211ms
[27.226s][info][gc,phases,start] GC(238) Compaction Phase
[27.646s][info][gc,phases      ] GC(238) Compaction Phase 419.577ms
[27.646s][info][gc,phases,start] GC(238) Post Compact
[27.653s][info][gc,phases      ] GC(238) Post Compact 7.066ms
[27.655s][info][gc,heap        ] GC(238) PSYoungGen: 57024K(216064K)->0K(220160K) Eden: 0K(56832K)->0K(64512K) From: 57024K(159232K)->0K(155648K)
[27.655s][info][gc,heap        ] GC(238) ParOldGen: 4026419K(4108288K)->4080297K(4533248K)
[27.655s][info][gc,metaspace   ] GC(238) Metaspace: 6299K(6464K)->6299K(6464K) NonClass: 5765K(5824K)->5765K(5824K) Class: 533K(640K)->533K(640K)
[27.655s][info][gc             ] GC(238) Pause Full (Ergonomics) 3987M->3984M(4642M) 1344.376ms
[27.655s][info][gc,cpu         ] GC(238) User=9.56s Sys=0.11s Real=1.34s
[27.729s][info][gc,start       ] GC(239) Pause Young (Allocation Failure)
[27.784s][info][gc,heap        ] GC(239) PSYoungGen: 64512K(220160K)->64736K(220160K) Eden: 64512K(64512K)->0K(64512K) From: 0K(155648K)->64736K(155648K)
[27.784s][info][gc,heap        ] GC(239) ParOldGen: 4080297K(4533248K)->4080297K(4533248K)
[27.784s][info][gc,metaspace   ] GC(239) Metaspace: 6299K(6464K)->6299K(6464K) NonClass: 5765K(5824K)->5765K(5824K) Class: 533K(640K)->533K(640K)
[27.784s][info][gc             ] GC(239) Pause Young (Allocation Failure) 4047M->4047M(4642M) 55.810ms
[27.785s][info][gc,cpu         ] GC(239) User=0.16s Sys=0.00s Real=0.06s
[27.847s][info][gc,start       ] GC(240) Pause Young (Allocation Failure)
[27.924s][info][gc,heap        ] GC(240) PSYoungGen: 129248K(220160K)->129376K(208896K) Eden: 64512K(64512K)->0K(58880K) From: 64736K(155648K)->129376K(150016K)
[27.924s][info][gc,heap        ] GC(240) ParOldGen: 4080297K(4533248K)->4080297K(4533248K)
[27.924s][info][gc,metaspace   ] GC(240) Metaspace: 6299K(6464K)->6299K(6464K) NonClass: 5765K(5824K)->5765K(5824K) Class: 533K(640K)->533K(640K)
[27.924s][info][gc             ] GC(240) Pause Young (Allocation Failure) 4110M->4111M(4631M) 76.752ms
[27.924s][info][gc,cpu         ] GC(240) User=0.31s Sys=0.09s Real=0.08s
[27.987s][info][gc,start       ] GC(241) Pause Young (Allocation Failure)
[28.085s][info][gc,heap        ] GC(241) PSYoungGen: 188256K(208896K)->162304K(221184K) Eden: 58880K(58880K)->0K(58880K) From: 129376K(150016K)->162304K(162304K)
[28.085s][info][gc,heap        ] GC(241) ParOldGen: 4080297K(4533248K)->4106417K(4533248K)
[28.085s][info][gc,metaspace   ] GC(241) Metaspace: 6299K(6464K)->6299K(6464K) NonClass: 5765K(5824K)->5765K(5824K) Class: 533K(640K)->533K(640K)
[28.085s][info][gc             ] GC(241) Pause Young (Allocation Failure) 4168M->4168M(4643M) 98.608ms
[28.085s][info][gc,cpu         ] GC(241) User=0.56s Sys=0.09s Real=0.10s
[28.159s][info][gc,start       ] GC(242) Pause Young (Allocation Failure)
[28.317s][info][gc,heap        ] GC(242) PSYoungGen: 221184K(221184K)->108608K(251392K) Eden: 58880K(58880K)->0K(65536K) From: 162304K(162304K)->108608K(185856K)
[28.317s][info][gc,heap        ] GC(242) ParOldGen: 4106417K(4533248K)->4220049K(4533248K)
[28.317s][info][gc,metaspace   ] GC(242) Metaspace: 6299K(6464K)->6299K(6464K) NonClass: 5765K(5824K)->5765K(5824K) Class: 533K(640K)->533K(640K)
[28.317s][info][gc             ] GC(242) Pause Young (Allocation Failure) 4226M->4227M(4672M) 157.611ms
[28.317s][info][gc,cpu         ] GC(242) User=0.80s Sys=0.34s Real=0.16s
[28.392s][info][gc,start       ] GC(243) Pause Young (Allocation Failure)
[28.496s][info][gc,heap        ] GC(243) PSYoungGen: 174144K(251392K)->124768K(254976K) Eden: 65536K(65536K)->0K(65536K) From: 108608K(185856K)->124768K(189440K)
[28.496s][info][gc,heap        ] GC(243) ParOldGen: 4220049K(4533248K)->4269889K(4533248K)
[28.496s][info][gc,metaspace   ] GC(243) Metaspace: 6299K(6464K)->6299K(6464K) NonClass: 5765K(5824K)->5765K(5824K) Class: 533K(640K)->533K(640K)
[28.496s][info][gc             ] GC(243) Pause Young (Allocation Failure) 4291M->4291M(4676M) 103.484ms
[28.496s][info][gc,cpu         ] GC(243) User=0.42s Sys=0.33s Real=0.10s
[28.566s][info][gc,start       ] GC(244) Pause Young (Allocation Failure)
[28.690s][info][gc,heap        ] GC(244) PSYoungGen: 190304K(254976K)->131456K(261632K) Eden: 65536K(65536K)->0K(70144K) From: 124768K(189440K)->131456K(191488K)
[28.690s][info][gc,heap        ] GC(244) ParOldGen: 4269889K(4533248K)->4329297K(4533248K)
[28.690s][info][gc,metaspace   ] GC(244) Metaspace: 6299K(6464K)->6299K(6464K) NonClass: 5765K(5824K)->5765K(5824K) Class: 533K(640K)->533K(640K)
[28.690s][info][gc             ] GC(244) Pause Young (Allocation Failure) 4355M->4356M(4682M) 124.067ms
[28.690s][info][gc,cpu         ] GC(244) User=0.62s Sys=0.34s Real=0.12s
[28.767s][info][gc,start       ] GC(245) Pause Young (Allocation Failure)
[28.893s][info][gc,heap        ] GC(245) PSYoungGen: 201600K(261632K)->136064K(264704K) Eden: 70144K(70144K)->0K(70144K) From: 131456K(191488K)->136064K(194560K)
[28.893s][info][gc,heap        ] GC(245) ParOldGen: 4329297K(4533248K)->4395425K(4533248K)
[28.893s][info][gc,metaspace   ] GC(245) Metaspace: 6299K(6464K)->6299K(6464K) NonClass: 5765K(5824K)->5765K(5824K) Class: 533K(640K)->533K(640K)
[28.893s][info][gc             ] GC(245) Pause Young (Allocation Failure) 4424M->4425M(4685M) 126.562ms
[28.893s][info][gc,cpu         ] GC(245) User=0.73s Sys=0.14s Real=0.13s
[28.981s][info][gc,start       ] GC(246) Pause Young (Allocation Failure)
[29.115s][info][gc,heap        ] GC(246) PSYoungGen: 206208K(264704K)->140640K(272896K) Eden: 70144K(70144K)->0K(74752K) From: 136064K(194560K)->140640K(198144K)
[29.115s][info][gc,heap        ] GC(246) ParOldGen: 4395425K(4533248K)->4461553K(4533248K)
[29.115s][info][gc,metaspace   ] GC(246) Metaspace: 6299K(6464K)->6299K(6464K) NonClass: 5765K(5824K)->5765K(5824K) Class: 533K(640K)->533K(640K)
[29.115s][info][gc             ] GC(246) Pause Young (Allocation Failure) 4493M->4494M(4693M) 133.911ms
[29.115s][info][gc,cpu         ] GC(246) User=0.78s Sys=0.11s Real=0.13s
[29.115s][info][gc,start       ] GC(247) Pause Full (Ergonomics)
[29.115s][info][gc,phases,start] GC(247) Marking Phase
[30.152s][info][gc,phases      ] GC(247) Marking Phase 1037.093ms
[30.152s][info][gc,phases,start] GC(247) Summary Phase
[30.152s][info][gc,phases      ] GC(247) Summary Phase 0.069ms
[30.152s][info][gc,phases,start] GC(247) Adjust Roots
[30.153s][info][gc,phases      ] GC(247) Adjust Roots 0.187ms
[30.153s][info][gc,phases,start] GC(247) Compaction Phase
[31.163s][info][gc,phases      ] GC(247) Compaction Phase 1010.006ms
[31.163s][info][gc,phases,start] GC(247) Post Compact
[31.170s][info][gc,phases      ] GC(247) Post Compact 6.938ms
[31.173s][info][gc,heap        ] GC(247) PSYoungGen: 140640K(272896K)->65099K(272896K) Eden: 0K(74752K)->0K(74752K) From: 140640K(198144K)->65099K(198144K)
[31.173s][info][gc,heap        ] GC(247) ParOldGen: 4461553K(4533248K)->4533088K(5033472K)
[31.173s][info][gc,metaspace   ] GC(247) Metaspace: 6299K(6464K)->6299K(6464K) NonClass: 5765K(5824K)->5765K(5824K) Class: 533K(640K)->533K(640K)
[31.174s][info][gc             ] GC(247) Pause Full (Ergonomics) 4494M->4490M(5182M) 2058.345ms
[31.174s][info][gc,cpu         ] GC(247) User=14.86s Sys=0.14s Real=2.06s
[31.258s][info][gc,start       ] GC(248) Pause Young (Allocation Failure)
[31.551s][info][gc,heap        ] GC(248) PSYoungGen: 139851K(272896K)->109056K(183808K) Eden: 74752K(74752K)->0K(74752K) From: 65099K(198144K)->109056K(109056K)
[31.551s][info][gc,heap        ] GC(248) ParOldGen: 4533088K(5033472K)->4564552K(5033472K)
[31.551s][info][gc,metaspace   ] GC(248) Metaspace: 6299K(6464K)->6299K(6464K) NonClass: 5765K(5824K)->5765K(5824K) Class: 533K(640K)->533K(640K)
[31.551s][info][gc             ] GC(248) Pause Young (Allocation Failure) 4563M->4564M(5095M) 292.934ms
[31.551s][info][gc,cpu         ] GC(248) User=1.80s Sys=0.16s Real=0.29s
[31.635s][info][gc,start       ] GC(249) Pause Young (Allocation Failure)
[31.749s][info][gc,heap        ] GC(249) PSYoungGen: 183808K(183808K)->183872K(256512K) Eden: 74752K(74752K)->0K(62976K) From: 109056K(109056K)->183872K(193536K)
[31.749s][info][gc,heap        ] GC(249) ParOldGen: 4564552K(5033472K)->4564552K(5033472K)
[31.749s][info][gc,metaspace   ] GC(249) Metaspace: 6299K(6464K)->6299K(6464K) NonClass: 5765K(5824K)->5765K(5824K) Class: 533K(640K)->533K(640K)
[31.749s][info][gc             ] GC(249) Pause Young (Allocation Failure) 4637M->4637M(5166M) 114.154ms
[31.749s][info][gc,cpu         ] GC(249) User=0.61s Sys=0.17s Real=0.12s
[31.826s][info][gc,start       ] GC(250) Pause Young (Allocation Failure)
[31.965s][info][gc,heap        ] GC(250) PSYoungGen: 246848K(256512K)->212992K(275968K) Eden: 62976K(62976K)->0K(62976K) From: 183872K(193536K)->212992K(212992K)
[31.965s][info][gc,heap        ] GC(250) ParOldGen: 4564552K(5033472K)->4598728K(5033472K)
[31.965s][info][gc,metaspace   ] GC(250) Metaspace: 6299K(6464K)->6299K(6464K) NonClass: 5765K(5824K)->5765K(5824K) Class: 533K(640K)->533K(640K)
[31.966s][info][gc             ] GC(250) Pause Young (Allocation Failure) 4698M->4698M(5185M) 139.721ms
[31.966s][info][gc,cpu         ] GC(250) User=0.89s Sys=0.11s Real=0.14s
[32.032s][info][gc,start       ] GC(251) Pause Young (Allocation Failure)
[32.230s][info][gc,heap        ] GC(251) PSYoungGen: 275968K(275968K)->186560K(312832K) Eden: 62976K(62976K)->0K(60928K) From: 212992K(212992K)->186560K(251904K)
[32.230s][info][gc,heap        ] GC(251) ParOldGen: 4598728K(5033472K)->4689024K(5033472K)
[32.230s][info][gc,metaspace   ] GC(251) Metaspace: 6299K(6464K)->6299K(6464K) NonClass: 5765K(5824K)->5765K(5824K) Class: 533K(640K)->533K(640K)
[32.230s][info][gc             ] GC(251) Pause Young (Allocation Failure) 4760M->4761M(5221M) 198.258ms
[32.230s][info][gc,cpu         ] GC(251) User=0.89s Sys=0.30s Real=0.20s
[32.291s][info][gc,start       ] GC(252) Pause Young (Allocation Failure)
[32.449s][info][gc,heap        ] GC(252) PSYoungGen: 247488K(312832K)->175392K(322048K) Eden: 60928K(60928K)->0K(60928K) From: 186560K(251904K)->175392K(261120K)
[32.449s][info][gc,heap        ] GC(252) ParOldGen: 4689024K(5033472K)->4761792K(5033472K)
[32.449s][info][gc,metaspace   ] GC(252) Metaspace: 6299K(6464K)->6299K(6464K) NonClass: 5765K(5824K)->5765K(5824K) Class: 533K(640K)->533K(640K)
[32.449s][info][gc             ] GC(252) Pause Young (Allocation Failure) 4820M->4821M(5230M) 158.149ms
[32.449s][info][gc,cpu         ] GC(252) User=1.05s Sys=0.08s Real=0.16s
[32.516s][info][gc,start       ] GC(253) Pause Young (Allocation Failure)
[32.688s][info][gc,heap        ] GC(253) PSYoungGen: 236320K(322048K)->122208K(313856K) Eden: 60928K(60928K)->0K(69120K) From: 175392K(261120K)->122208K(244736K)
[32.688s][info][gc,heap        ] GC(253) ParOldGen: 4761792K(5033472K)->4876792K(5033472K)
[32.688s][info][gc,metaspace   ] GC(253) Metaspace: 6299K(6464K)->6299K(6464K) NonClass: 5765K(5824K)->5765K(5824K) Class: 533K(640K)->533K(640K)
[32.688s][info][gc             ] GC(253) Pause Young (Allocation Failure) 4880M->4881M(5222M) 171.182ms
[32.688s][info][gc,cpu         ] GC(253) User=0.95s Sys=0.22s Real=0.17s
[32.768s][info][gc,start       ] GC(254) Pause Young (Allocation Failure)
[32.918s][info][gc,heap        ] GC(254) PSYoungGen: 191328K(313856K)->69344K(323072K) Eden: 69120K(69120K)->0K(69120K) From: 122208K(244736K)->69344K(253952K)
[32.918s][info][gc,heap        ] GC(254) ParOldGen: 4876792K(5033472K)->4999704K(5033472K)
[32.918s][info][gc,metaspace   ] GC(254) Metaspace: 6299K(6464K)->6299K(6464K) NonClass: 5765K(5824K)->5765K(5824K) Class: 533K(640K)->533K(640K)
[32.918s][info][gc             ] GC(254) Pause Young (Allocation Failure) 4949M->4950M(5231M) 150.204ms
[32.918s][info][gc,cpu         ] GC(254) User=0.67s Sys=0.36s Real=0.15s
[32.919s][info][gc,start       ] GC(255) Pause Full (Ergonomics)
[32.919s][info][gc,phases,start] GC(255) Marking Phase
[34.055s][info][gc,phases      ] GC(255) Marking Phase 1136.701ms
[34.055s][info][gc,phases,start] GC(255) Summary Phase
[34.055s][info][gc,phases      ] GC(255) Summary Phase 0.055ms
[34.055s][info][gc,phases,start] GC(255) Adjust Roots
[34.056s][info][gc,phases      ] GC(255) Adjust Roots 0.161ms
[34.056s][info][gc,phases,start] GC(255) Compaction Phase
[34.502s][info][gc,phases      ] GC(255) Compaction Phase 446.397ms
[34.502s][info][gc,phases,start] GC(255) Post Compact
[34.509s][info][gc,phases      ] GC(255) Post Compact 7.380ms
[34.511s][info][gc,heap        ] GC(255) PSYoungGen: 69344K(323072K)->31268K(323072K) Eden: 0K(69120K)->0K(69120K) From: 69344K(253952K)->31268K(253952K)
[34.511s][info][gc,heap        ] GC(255) ParOldGen: 4999704K(5033472K)->5033139K(5256704K)
[34.511s][info][gc,metaspace   ] GC(255) Metaspace: 6299K(6464K)->6299K(6464K) NonClass: 5765K(5824K)->5765K(5824K) Class: 533K(640K)->533K(640K)
[34.511s][info][gc             ] GC(255) Pause Full (Ergonomics) 4950M->4945M(5449M) 1592.649ms
[34.511s][info][gc,cpu         ] GC(255) User=12.00s Sys=0.12s Real=1.59s
[34.585s][info][gc,start       ] GC(256) Pause Young (Allocation Failure)
[34.873s][info][gc,heap        ] GC(256) PSYoungGen: 100388K(323072K)->69312K(325632K) Eden: 69120K(69120K)->0K(76800K) From: 31268K(253952K)->69312K(248832K)
[34.873s][info][gc,heap        ] GC(256) ParOldGen: 5033139K(5256704K)->5064723K(5256704K)
[34.873s][info][gc,metaspace   ] GC(256) Metaspace: 6299K(6464K)->6299K(6464K) NonClass: 5765K(5824K)->5765K(5824K) Class: 533K(640K)->533K(640K)
[34.873s][info][gc             ] GC(256) Pause Young (Allocation Failure) 5013M->5013M(5451M) 287.775ms
[34.873s][info][gc,cpu         ] GC(256) User=1.98s Sys=0.05s Real=0.29s
[34.957s][info][gc,start       ] GC(257) Pause Young (Allocation Failure)
[35.064s][info][gc,heap        ] GC(257) PSYoungGen: 146112K(325632K)->77056K(328704K) Eden: 76800K(76800K)->0K(76800K) From: 69312K(248832K)->77056K(251904K)
[35.064s][info][gc,heap        ] GC(257) ParOldGen: 5064723K(5256704K)->5134475K(5256704K)
[35.064s][info][gc,metaspace   ] GC(257) Metaspace: 6299K(6464K)->6299K(6464K) NonClass: 5765K(5824K)->5765K(5824K) Class: 533K(640K)->533K(640K)
[35.064s][info][gc             ] GC(257) Pause Young (Allocation Failure) 5088M->5089M(5454M) 107.309ms
[35.064s][info][gc,cpu         ] GC(257) User=0.56s Sys=0.19s Real=0.11s
[35.064s][info][gc,start       ] GC(258) Pause Full (Ergonomics)
[35.065s][info][gc,phases,start] GC(258) Marking Phase
[36.224s][info][gc,phases      ] GC(258) Marking Phase 1159.808ms
[36.224s][info][gc,phases,start] GC(258) Summary Phase
[36.224s][info][gc,phases      ] GC(258) Summary Phase 0.093ms
[36.224s][info][gc,phases,start] GC(258) Adjust Roots
[36.225s][info][gc,phases      ] GC(258) Adjust Roots 0.196ms
[36.225s][info][gc,phases,start] GC(258) Compaction Phase
[36.604s][info][gc,phases      ] GC(258) Compaction Phase 379.375ms
[36.604s][info][gc,phases,start] GC(258) Post Compact
[36.612s][info][gc,phases      ] GC(258) Post Compact 7.689ms
[36.612s][info][gc,heap        ] GC(258) PSYoungGen: 77056K(328704K)->0K(331776K) Eden: 0K(76800K)->0K(84992K) From: 77056K(251904K)->0K(246784K)
[36.612s][info][gc,heap        ] GC(258) ParOldGen: 5134475K(5256704K)->5210269K(5256704K)
[36.612s][info][gc,metaspace   ] GC(258) Metaspace: 6299K(6464K)->6299K(6464K) NonClass: 5765K(5824K)->5765K(5824K) Class: 533K(640K)->533K(640K)
[36.612s][info][gc             ] GC(258) Pause Full (Ergonomics) 5089M->5088M(5457M) 1547.456ms
[36.612s][info][gc,cpu         ] GC(258) User=12.05s Sys=0.09s Real=1.55s
[36.708s][info][gc,start       ] GC(259) Pause Full (Ergonomics)
[36.708s][info][gc,phases,start] GC(259) Marking Phase
[37.882s][info][gc,phases      ] GC(259) Marking Phase 1173.899ms
[37.882s][info][gc,phases,start] GC(259) Summary Phase
[37.882s][info][gc,phases      ] GC(259) Summary Phase 0.058ms
[37.882s][info][gc,phases,start] GC(259) Adjust Roots
[37.882s][info][gc,phases      ] GC(259) Adjust Roots 0.163ms
[37.882s][info][gc,phases,start] GC(259) Compaction Phase
[38.232s][info][gc,phases      ] GC(259) Compaction Phase 349.373ms
[38.232s][info][gc,phases,start] GC(259) Post Compact
[38.238s][info][gc,phases      ] GC(259) Post Compact 6.482ms
[38.238s][info][gc,heap        ] GC(259) PSYoungGen: 84992K(331776K)->38898K(331776K) Eden: 84992K(84992K)->38898K(84992K) From: 0K(246784K)->0K(246784K)
[38.238s][info][gc,heap        ] GC(259) ParOldGen: 5210269K(5256704K)->5256334K(5256704K)
[38.238s][info][gc,metaspace   ] GC(259) Metaspace: 6299K(6464K)->6299K(6464K) NonClass: 5765K(5824K)->5765K(5824K) Class: 533K(640K)->533K(640K)
[38.239s][info][gc             ] GC(259) Pause Full (Ergonomics) 5171M->5171M(5457M) 1530.388ms
[38.239s][info][gc,cpu         ] GC(259) User=11.80s Sys=0.08s Real=1.53s
[38.295s][info][gc,start       ] GC(260) Pause Full (Ergonomics)
[38.295s][info][gc,phases,start] GC(260) Marking Phase
[39.492s][info][gc,phases      ] GC(260) Marking Phase 1197.170ms
[39.493s][info][gc,phases,start] GC(260) Summary Phase
[39.493s][info][gc,phases      ] GC(260) Summary Phase 0.120ms
[39.493s][info][gc,phases,start] GC(260) Adjust Roots
[39.493s][info][gc,phases      ] GC(260) Adjust Roots 0.239ms
[39.493s][info][gc,phases,start] GC(260) Compaction Phase
[39.858s][info][gc,phases      ] GC(260) Compaction Phase 365.133ms
[39.858s][info][gc,phases,start] GC(260) Post Compact
[39.866s][info][gc,phases      ] GC(260) Post Compact 7.615ms
[39.866s][info][gc,heap        ] GC(260) PSYoungGen: 84992K(331776K)->84975K(331776K) Eden: 84992K(84992K)->84975K(84992K) From: 0K(246784K)->0K(246784K)
[39.866s][info][gc,heap        ] GC(260) ParOldGen: 5256334K(5256704K)->5256334K(5256704K)
[39.866s][info][gc,metaspace   ] GC(260) Metaspace: 6299K(6464K)->6299K(6464K) NonClass: 5765K(5824K)->5765K(5824K) Class: 533K(640K)->533K(640K)
[39.866s][info][gc             ] GC(260) Pause Full (Ergonomics) 5216M->5216M(5457M) 1570.656ms
[39.866s][info][gc,cpu         ] GC(260) User=11.75s Sys=0.00s Real=1.57s
[39.866s][info][gc,start       ] GC(261) Pause Full (Ergonomics)
[39.866s][info][gc,phases,start] GC(261) Marking Phase
[41.054s][info][gc,phases      ] GC(261) Marking Phase 1187.434ms
[41.054s][info][gc,phases,start] GC(261) Summary Phase
[41.054s][info][gc,phases      ] GC(261) Summary Phase 0.059ms
[41.054s][info][gc,phases,start] GC(261) Adjust Roots
[41.054s][info][gc,phases      ] GC(261) Adjust Roots 0.192ms
[41.054s][info][gc,phases,start] GC(261) Compaction Phase
[41.429s][info][gc,phases      ] GC(261) Compaction Phase 374.980ms
[41.429s][info][gc,phases,start] GC(261) Post Compact
[41.437s][info][gc,phases      ] GC(261) Post Compact 7.854ms
[41.437s][info][gc,heap        ] GC(261) PSYoungGen: 84992K(331776K)->84991K(331776K) Eden: 84992K(84992K)->84991K(84992K) From: 0K(246784K)->0K(246784K)
[41.437s][info][gc,heap        ] GC(261) ParOldGen: 5256334K(5256704K)->5256334K(5256704K)
[41.437s][info][gc,metaspace   ] GC(261) Metaspace: 6299K(6464K)->6299K(6464K) NonClass: 5765K(5824K)->5765K(5824K) Class: 533K(640K)->533K(640K)
[41.437s][info][gc             ] GC(261) Pause Full (Ergonomics) 5216M->5216M(5457M) 1570.819ms
[41.437s][info][gc,cpu         ] GC(261) User=11.62s Sys=0.02s Real=1.57s
[41.437s][info][gc,start       ] GC(262) Pause Full (Ergonomics)
[41.437s][info][gc,phases,start] GC(262) Marking Phase
[42.617s][info][gc,phases      ] GC(262) Marking Phase 1179.610ms
[42.617s][info][gc,phases,start] GC(262) Summary Phase
[42.617s][info][gc,phases      ] GC(262) Summary Phase 0.059ms
[42.617s][info][gc,phases,start] GC(262) Adjust Roots
[42.617s][info][gc,phases      ] GC(262) Adjust Roots 0.163ms
[42.617s][info][gc,phases,start] GC(262) Compaction Phase
[42.966s][info][gc,phases      ] GC(262) Compaction Phase 348.896ms
[42.966s][info][gc,phases,start] GC(262) Post Compact
[42.974s][info][gc,phases      ] GC(262) Post Compact 7.682ms
[42.974s][info][gc,heap        ] GC(262) PSYoungGen: 84992K(331776K)->84992K(331776K) Eden: 84992K(84992K)->84992K(84992K) From: 0K(246784K)->0K(246784K)
[42.974s][info][gc,heap        ] GC(262) ParOldGen: 5256334K(5256704K)->5256334K(5256704K)
[42.974s][info][gc,metaspace   ] GC(262) Metaspace: 6299K(6464K)->6299K(6464K) NonClass: 5765K(5824K)->5765K(5824K) Class: 533K(640K)->533K(640K)
[42.974s][info][gc             ] GC(262) Pause Full (Ergonomics) 5216M->5216M(5457M) 1536.704ms
[42.974s][info][gc,cpu         ] GC(262) User=11.55s Sys=0.00s Real=1.54s
[42.974s][info][gc,start       ] GC(263) Pause Full (Ergonomics)
[42.974s][info][gc,phases,start] GC(263) Marking Phase
[44.182s][info][gc,phases      ] GC(263) Marking Phase 1208.226ms
[44.182s][info][gc,phases,start] GC(263) Summary Phase
[44.182s][info][gc,phases      ] GC(263) Summary Phase 0.057ms
[44.182s][info][gc,phases,start] GC(263) Adjust Roots
[44.183s][info][gc,phases      ] GC(263) Adjust Roots 0.169ms
[44.183s][info][gc,phases,start] GC(263) Compaction Phase
[44.545s][info][gc,phases      ] GC(263) Compaction Phase 362.762ms
[44.545s][info][gc,phases,start] GC(263) Post Compact
[44.553s][info][gc,phases      ] GC(263) Post Compact 7.679ms
[44.553s][info][gc,heap        ] GC(263) PSYoungGen: 84992K(331776K)->84992K(331776K) Eden: 84992K(84992K)->84992K(84992K) From: 0K(246784K)->0K(246784K)
[44.553s][info][gc,heap        ] GC(263) ParOldGen: 5256339K(5256704K)->5256339K(5256704K)
[44.553s][info][gc,metaspace   ] GC(263) Metaspace: 6299K(6464K)->6299K(6464K) NonClass: 5765K(5824K)->5765K(5824K) Class: 533K(640K)->533K(640K)
[44.553s][info][gc             ] GC(263) Pause Full (Ergonomics) 5216M->5216M(5457M) 1579.230ms
[44.553s][info][gc,cpu         ] GC(263) User=11.97s Sys=0.00s Real=1.58s
[44.553s][info][gc,start       ] GC(264) Pause Full (Ergonomics)
[44.553s][info][gc,phases,start] GC(264) Marking Phase
[45.734s][info][gc,phases      ] GC(264) Marking Phase 1180.773ms
[45.734s][info][gc,phases,start] GC(264) Summary Phase
[45.734s][info][gc,phases      ] GC(264) Summary Phase 0.062ms
[45.734s][info][gc,phases,start] GC(264) Adjust Roots
[45.735s][info][gc,phases      ] GC(264) Adjust Roots 0.190ms
[45.735s][info][gc,phases,start] GC(264) Compaction Phase
[46.103s][info][gc,phases      ] GC(264) Compaction Phase 367.999ms
[46.103s][info][gc,phases,start] GC(264) Post Compact
[46.110s][info][gc,phases      ] GC(264) Post Compact 7.688ms
[46.110s][info][gc,heap        ] GC(264) PSYoungGen: 84992K(331776K)->84992K(331776K) Eden: 84992K(84992K)->84992K(84992K) From: 0K(246784K)->0K(246784K)
[46.110s][info][gc,heap        ] GC(264) ParOldGen: 5256344K(5256704K)->5256344K(5256704K)
[46.110s][info][gc,metaspace   ] GC(264) Metaspace: 6299K(6464K)->6299K(6464K) NonClass: 5765K(5824K)->5765K(5824K) Class: 533K(640K)->533K(640K)
[46.110s][info][gc             ] GC(264) Pause Full (Ergonomics) 5216M->5216M(5457M) 1557.021ms
[46.110s][info][gc,cpu         ] GC(264) User=11.88s Sys=0.03s Real=1.56s
[46.111s][info][gc,start       ] GC(265) Pause Full (Ergonomics)
[46.111s][info][gc,phases,start] GC(265) Marking Phase
[47.313s][info][gc,phases      ] GC(265) Marking Phase 1202.032ms
[47.313s][info][gc,phases,start] GC(265) Summary Phase
[47.313s][info][gc,phases      ] GC(265) Summary Phase 0.058ms
[47.313s][info][gc,phases,start] GC(265) Adjust Roots
[47.313s][info][gc,phases      ] GC(265) Adjust Roots 0.166ms
[47.313s][info][gc,phases,start] GC(265) Compaction Phase
[47.669s][info][gc,phases      ] GC(265) Compaction Phase 355.857ms
[47.669s][info][gc,phases,start] GC(265) Post Compact
[47.676s][info][gc,phases      ] GC(265) Post Compact 6.675ms
[47.676s][info][gc,heap        ] GC(265) PSYoungGen: 84992K(331776K)->84992K(331776K) Eden: 84992K(84992K)->84992K(84992K) From: 0K(246784K)->0K(246784K)
[47.676s][info][gc,heap        ] GC(265) ParOldGen: 5256348K(5256704K)->5256348K(5256704K)
[47.676s][info][gc,metaspace   ] GC(265) Metaspace: 6299K(6464K)->6299K(6464K) NonClass: 5765K(5824K)->5765K(5824K) Class: 533K(640K)->533K(640K)
[47.676s][info][gc             ] GC(265) Pause Full (Ergonomics) 5216M->5216M(5457M) 1565.071ms
[47.676s][info][gc,cpu         ] GC(265) User=11.98s Sys=0.00s Real=1.57s
[47.676s][info][gc,start       ] GC(266) Pause Full (Ergonomics)
[47.676s][info][gc,phases,start] GC(266) Marking Phase
[48.889s][info][gc,phases      ] GC(266) Marking Phase 1212.775ms
[48.889s][info][gc,phases,start] GC(266) Summary Phase
[48.889s][info][gc,phases      ] GC(266) Summary Phase 0.056ms
[48.889s][info][gc,phases,start] GC(266) Adjust Roots
[48.889s][info][gc,phases      ] GC(266) Adjust Roots 0.162ms
[48.889s][info][gc,phases,start] GC(266) Compaction Phase
[49.271s][info][gc,phases      ] GC(266) Compaction Phase 382.209ms
[49.271s][info][gc,phases,start] GC(266) Post Compact
[49.279s][info][gc,phases      ] GC(266) Post Compact 7.907ms
[49.279s][info][gc,heap        ] GC(266) PSYoungGen: 84992K(331776K)->84992K(331776K) Eden: 84992K(84992K)->84992K(84992K) From: 0K(246784K)->0K(246784K)
[49.279s][info][gc,heap        ] GC(266) ParOldGen: 5256353K(5256704K)->5256353K(5256704K)
[49.279s][info][gc,metaspace   ] GC(266) Metaspace: 6299K(6464K)->6299K(6464K) NonClass: 5765K(5824K)->5765K(5824K) Class: 533K(640K)->533K(640K)
[49.279s][info][gc             ] GC(266) Pause Full (Ergonomics) 5216M->5216M(5457M) 1603.410ms
[49.279s][info][gc,cpu         ] GC(266) User=12.08s Sys=0.00s Real=1.60s
[49.279s][info][gc,start       ] GC(267) Pause Full (Ergonomics)
[49.279s][info][gc,phases,start] GC(267) Marking Phase
[50.483s][info][gc,phases      ] GC(267) Marking Phase 1203.232ms
[50.483s][info][gc,phases,start] GC(267) Summary Phase
[50.483s][info][gc,phases      ] GC(267) Summary Phase 0.058ms
[50.483s][info][gc,phases,start] GC(267) Adjust Roots
[50.483s][info][gc,phases      ] GC(267) Adjust Roots 0.162ms
[50.483s][info][gc,phases,start] GC(267) Compaction Phase
[50.867s][info][gc,phases      ] GC(267) Compaction Phase 383.850ms
[50.867s][info][gc,phases,start] GC(267) Post Compact
[50.875s][info][gc,phases      ] GC(267) Post Compact 7.637ms
[50.875s][info][gc,heap        ] GC(267) PSYoungGen: 84992K(331776K)->84992K(331776K) Eden: 84992K(84992K)->84992K(84992K) From: 0K(246784K)->0K(246784K)
[50.875s][info][gc,heap        ] GC(267) ParOldGen: 5256358K(5256704K)->5256358K(5256704K)
[50.875s][info][gc,metaspace   ] GC(267) Metaspace: 6299K(6464K)->6299K(6464K) NonClass: 5765K(5824K)->5765K(5824K) Class: 533K(640K)->533K(640K)
[50.875s][info][gc             ] GC(267) Pause Full (Ergonomics) 5216M->5216M(5457M) 1595.228ms
[50.875s][info][gc,cpu         ] GC(267) User=12.14s Sys=0.02s Real=1.60s
[50.875s][info][gc,start       ] GC(268) Pause Full (Ergonomics)
[50.875s][info][gc,phases,start] GC(268) Marking Phase
[52.092s][info][gc,phases      ] GC(268) Marking Phase 1217.202ms
[52.092s][info][gc,phases,start] GC(268) Summary Phase
[52.092s][info][gc,phases      ] GC(268) Summary Phase 0.060ms
[52.092s][info][gc,phases,start] GC(268) Adjust Roots
[52.092s][info][gc,phases      ] GC(268) Adjust Roots 0.200ms
[52.092s][info][gc,phases,start] GC(268) Compaction Phase
[52.460s][info][gc,phases      ] GC(268) Compaction Phase 368.023ms
[52.460s][info][gc,phases,start] GC(268) Post Compact
[52.467s][info][gc,phases      ] GC(268) Post Compact 6.990ms
[52.468s][info][gc,heap        ] GC(268) PSYoungGen: 84992K(331776K)->84992K(331776K) Eden: 84992K(84992K)->84992K(84992K) From: 0K(246784K)->0K(246784K)
[52.468s][info][gc,heap        ] GC(268) ParOldGen: 5256363K(5256704K)->5256363K(5256704K)
[52.468s][info][gc,metaspace   ] GC(268) Metaspace: 6299K(6464K)->6299K(6464K) NonClass: 5765K(5824K)->5765K(5824K) Class: 533K(640K)->533K(640K)
[52.468s][info][gc             ] GC(268) Pause Full (Ergonomics) 5216M->5216M(5457M) 1592.795ms
[52.468s][info][gc,cpu         ] GC(268) User=12.28s Sys=0.00s Real=1.59s
[52.468s][info][gc,start       ] GC(269) Pause Full (Ergonomics)
[52.468s][info][gc,phases,start] GC(269) Marking Phase
[53.690s][info][gc,phases      ] GC(269) Marking Phase 1222.337ms
[53.690s][info][gc,phases,start] GC(269) Summary Phase
[53.690s][info][gc,phases      ] GC(269) Summary Phase 0.056ms
[53.690s][info][gc,phases,start] GC(269) Adjust Roots
[53.690s][info][gc,phases      ] GC(269) Adjust Roots 0.181ms
[53.690s][info][gc,phases,start] GC(269) Compaction Phase
[54.066s][info][gc,phases      ] GC(269) Compaction Phase 375.197ms
[54.066s][info][gc,phases,start] GC(269) Post Compact
[54.073s][info][gc,phases      ] GC(269) Post Compact 7.083ms
[54.073s][info][gc,heap        ] GC(269) PSYoungGen: 84992K(331776K)->84992K(331776K) Eden: 84992K(84992K)->84992K(84992K) From: 0K(246784K)->0K(246784K)
[54.073s][info][gc,heap        ] GC(269) ParOldGen: 5256368K(5256704K)->5256368K(5256704K)
[54.073s][info][gc,metaspace   ] GC(269) Metaspace: 6299K(6464K)->6299K(6464K) NonClass: 5765K(5824K)->5765K(5824K) Class: 533K(640K)->533K(640K)
[54.073s][info][gc             ] GC(269) Pause Full (Ergonomics) 5216M->5216M(5457M) 1605.177ms
[54.073s][info][gc,cpu         ] GC(269) User=12.36s Sys=0.00s Real=1.61s
[54.073s][info][gc,start       ] GC(270) Pause Full (Ergonomics)
[54.073s][info][gc,phases,start] GC(270) Marking Phase
[55.275s][info][gc,phases      ] GC(270) Marking Phase 1201.995ms
[55.275s][info][gc,phases,start] GC(270) Summary Phase
[55.275s][info][gc,phases      ] GC(270) Summary Phase 0.059ms
[55.275s][info][gc,phases,start] GC(270) Adjust Roots
[55.276s][info][gc,phases      ] GC(270) Adjust Roots 0.261ms
[55.276s][info][gc,phases,start] GC(270) Compaction Phase
[55.650s][info][gc,phases      ] GC(270) Compaction Phase 374.892ms
[55.651s][info][gc,phases,start] GC(270) Post Compact
[55.658s][info][gc,phases      ] GC(270) Post Compact 7.684ms
[55.658s][info][gc,heap        ] GC(270) PSYoungGen: 84992K(331776K)->84992K(331776K) Eden: 84992K(84992K)->84992K(84992K) From: 0K(246784K)->0K(246784K)
[55.658s][info][gc,heap        ] GC(270) ParOldGen: 5256373K(5256704K)->5256373K(5256704K)
[55.658s][info][gc,metaspace   ] GC(270) Metaspace: 6299K(6464K)->6299K(6464K) NonClass: 5765K(5824K)->5765K(5824K) Class: 533K(640K)->533K(640K)
[55.658s][info][gc             ] GC(270) Pause Full (Ergonomics) 5216M->5216M(5457M) 1585.212ms
[55.658s][info][gc,cpu         ] GC(270) User=11.98s Sys=0.00s Real=1.58s
[55.659s][info][gc,start       ] GC(271) Pause Full (Ergonomics)
[55.659s][info][gc,phases,start] GC(271) Marking Phase
[56.850s][info][gc,phases      ] GC(271) Marking Phase 1191.531ms
[56.850s][info][gc,phases,start] GC(271) Summary Phase
[56.850s][info][gc,phases      ] GC(271) Summary Phase 0.067ms
[56.850s][info][gc,phases,start] GC(271) Adjust Roots
[56.850s][info][gc,phases      ] GC(271) Adjust Roots 0.192ms
[56.850s][info][gc,phases,start] GC(271) Compaction Phase
[57.224s][info][gc,phases      ] GC(271) Compaction Phase 373.849ms
[57.224s][info][gc,phases,start] GC(271) Post Compact
[57.236s][info][gc,phases      ] GC(271) Post Compact 11.909ms
[57.236s][info][gc,heap        ] GC(271) PSYoungGen: 84992K(331776K)->84992K(331776K) Eden: 84992K(84992K)->84992K(84992K) From: 0K(246784K)->0K(246784K)
[57.236s][info][gc,heap        ] GC(271) ParOldGen: 5256377K(5256704K)->5256377K(5256704K)
[57.236s][info][gc,metaspace   ] GC(271) Metaspace: 6299K(6464K)->6299K(6464K) NonClass: 5765K(5824K)->5765K(5824K) Class: 533K(640K)->533K(640K)
[57.236s][info][gc             ] GC(271) Pause Full (Ergonomics) 5216M->5216M(5457M) 1577.931ms
[57.237s][info][gc,cpu         ] GC(271) User=12.00s Sys=0.00s Real=1.58s
[57.237s][info][gc,start       ] GC(272) Pause Full (Ergonomics)
[57.237s][info][gc,phases,start] GC(272) Marking Phase
[58.464s][info][gc,phases      ] GC(272) Marking Phase 1227.550ms
[58.464s][info][gc,phases,start] GC(272) Summary Phase
[58.464s][info][gc,phases      ] GC(272) Summary Phase 0.058ms
[58.464s][info][gc,phases,start] GC(272) Adjust Roots
[58.465s][info][gc,phases      ] GC(272) Adjust Roots 0.194ms
[58.465s][info][gc,phases,start] GC(272) Compaction Phase
[58.840s][info][gc,phases      ] GC(272) Compaction Phase 374.880ms
[58.840s][info][gc,phases,start] GC(272) Post Compact
[58.848s][info][gc,phases      ] GC(272) Post Compact 8.224ms
[58.848s][info][gc,heap        ] GC(272) PSYoungGen: 84992K(331776K)->84992K(331776K) Eden: 84992K(84992K)->84992K(84992K) From: 0K(246784K)->0K(246784K)
[58.848s][info][gc,heap        ] GC(272) ParOldGen: 5256382K(5256704K)->5256382K(5256704K)
[58.848s][info][gc,metaspace   ] GC(272) Metaspace: 6299K(6464K)->6299K(6464K) NonClass: 5765K(5824K)->5765K(5824K) Class: 533K(640K)->533K(640K)
[58.848s][info][gc             ] GC(272) Pause Full (Ergonomics) 5216M->5216M(5457M) 1611.281ms
[58.848s][info][gc,cpu         ] GC(272) User=12.23s Sys=0.00s Real=1.61s
[58.848s][info][gc,start       ] GC(273) Pause Full (Ergonomics)
[58.848s][info][gc,phases,start] GC(273) Marking Phase
[60.066s][info][gc,phases      ] GC(273) Marking Phase 1217.368ms
[60.066s][info][gc,phases,start] GC(273) Summary Phase
[60.066s][info][gc,phases      ] GC(273) Summary Phase 0.055ms
[60.066s][info][gc,phases,start] GC(273) Adjust Roots
[60.066s][info][gc,phases      ] GC(273) Adjust Roots 0.192ms
[60.066s][info][gc,phases,start] GC(273) Compaction Phase
[60.434s][info][gc,phases      ] GC(273) Compaction Phase 367.858ms
[60.434s][info][gc,phases,start] GC(273) Post Compact
[60.442s][info][gc,phases      ] GC(273) Post Compact 7.625ms
[60.442s][info][gc,heap        ] GC(273) PSYoungGen: 84992K(331776K)->84992K(331776K) Eden: 84992K(84992K)->84992K(84992K) From: 0K(246784K)->0K(246784K)
[60.442s][info][gc,heap        ] GC(273) ParOldGen: 5256387K(5256704K)->5256387K(5256704K)
[60.442s][info][gc,metaspace   ] GC(273) Metaspace: 6299K(6464K)->6299K(6464K) NonClass: 5765K(5824K)->5765K(5824K) Class: 533K(640K)->533K(640K)
[60.442s][info][gc             ] GC(273) Pause Full (Ergonomics) 5216M->5216M(5457M) 1593.416ms
[60.442s][info][gc,cpu         ] GC(273) User=12.28s Sys=0.02s Real=1.59s
[60.442s][info][gc,start       ] GC(274) Pause Full (Ergonomics)
[60.442s][info][gc,phases,start] GC(274) Marking Phase
[61.669s][info][gc,phases      ] GC(274) Marking Phase 1227.036ms
[61.669s][info][gc,phases,start] GC(274) Summary Phase
[61.669s][info][gc,phases      ] GC(274) Summary Phase 0.069ms
[61.669s][info][gc,phases,start] GC(274) Adjust Roots
[61.669s][info][gc,phases      ] GC(274) Adjust Roots 0.212ms
[61.669s][info][gc,phases,start] GC(274) Compaction Phase
[62.036s][info][gc,phases      ] GC(274) Compaction Phase 366.202ms
[62.036s][info][gc,phases,start] GC(274) Post Compact
[62.044s][info][gc,phases      ] GC(274) Post Compact 8.054ms
[62.044s][info][gc,heap        ] GC(274) PSYoungGen: 84992K(331776K)->84992K(331776K) Eden: 84992K(84992K)->84992K(84992K) From: 0K(246784K)->0K(246784K)
[62.044s][info][gc,heap        ] GC(274) ParOldGen: 5256392K(5256704K)->5256392K(5256704K)
[62.044s][info][gc,metaspace   ] GC(274) Metaspace: 6299K(6464K)->6299K(6464K) NonClass: 5765K(5824K)->5765K(5824K) Class: 533K(640K)->533K(640K)
[62.044s][info][gc             ] GC(274) Pause Full (Ergonomics) 5216M->5216M(5457M) 1601.893ms
[62.044s][info][gc,cpu         ] GC(274) User=12.22s Sys=0.00s Real=1.60s
[62.044s][info][gc,start       ] GC(275) Pause Full (Ergonomics)
[62.044s][info][gc,phases,start] GC(275) Marking Phase
[63.251s][info][gc,phases      ] GC(275) Marking Phase 1206.599ms
[63.251s][info][gc,phases,start] GC(275) Summary Phase
[63.251s][info][gc,phases      ] GC(275) Summary Phase 0.057ms
[63.251s][info][gc,phases,start] GC(275) Adjust Roots
[63.251s][info][gc,phases      ] GC(275) Adjust Roots 0.172ms
[63.251s][info][gc,phases,start] GC(275) Compaction Phase
[63.612s][info][gc,phases      ] GC(275) Compaction Phase 361.015ms
[63.612s][info][gc,phases,start] GC(275) Post Compact
[63.620s][info][gc,phases      ] GC(275) Post Compact 7.623ms
[63.620s][info][gc,heap        ] GC(275) PSYoungGen: 84992K(331776K)->84992K(331776K) Eden: 84992K(84992K)->84992K(84992K) From: 0K(246784K)->0K(246784K)
[63.620s][info][gc,heap        ] GC(275) ParOldGen: 5256397K(5256704K)->5256397K(5256704K)
[63.620s][info][gc,metaspace   ] GC(275) Metaspace: 6299K(6464K)->6299K(6464K) NonClass: 5765K(5824K)->5765K(5824K) Class: 533K(640K)->533K(640K)
[63.620s][info][gc             ] GC(275) Pause Full (Ergonomics) 5216M->5216M(5457M) 1575.754ms
[63.620s][info][gc,cpu         ] GC(275) User=12.06s Sys=0.00s Real=1.58s
[63.620s][info][gc,start       ] GC(276) Pause Full (Ergonomics)
[63.620s][info][gc,phases,start] GC(276) Marking Phase
[64.840s][info][gc,phases      ] GC(276) Marking Phase 1219.855ms
[64.840s][info][gc,phases,start] GC(276) Summary Phase
[64.840s][info][gc,phases      ] GC(276) Summary Phase 0.057ms
[64.840s][info][gc,phases,start] GC(276) Adjust Roots
[64.840s][info][gc,phases      ] GC(276) Adjust Roots 0.169ms
[64.840s][info][gc,phases,start] GC(276) Compaction Phase
[65.198s][info][gc,phases      ] GC(276) Compaction Phase 358.319ms
[65.198s][info][gc,phases,start] GC(276) Post Compact
[65.206s][info][gc,phases      ] GC(276) Post Compact 7.822ms
[65.206s][info][gc,heap        ] GC(276) PSYoungGen: 84992K(331776K)->84992K(331776K) Eden: 84992K(84992K)->84992K(84992K) From: 0K(246784K)->0K(246784K)
[65.206s][info][gc,heap        ] GC(276) ParOldGen: 5256402K(5256704K)->5256402K(5256704K)
[65.206s][info][gc,metaspace   ] GC(276) Metaspace: 6299K(6464K)->6299K(6464K) NonClass: 5765K(5824K)->5765K(5824K) Class: 533K(640K)->533K(640K)
[65.206s][info][gc             ] GC(276) Pause Full (Ergonomics) 5216M->5216M(5457M) 1586.554ms
[65.206s][info][gc,cpu         ] GC(276) User=11.98s Sys=0.02s Real=1.59s
[65.207s][info][gc,start       ] GC(277) Pause Full (Ergonomics)
[65.207s][info][gc,phases,start] GC(277) Marking Phase
[66.445s][info][gc,phases      ] GC(277) Marking Phase 1238.186ms
[66.445s][info][gc,phases,start] GC(277) Summary Phase
[66.445s][info][gc,phases      ] GC(277) Summary Phase 0.055ms
[66.445s][info][gc,phases,start] GC(277) Adjust Roots
[66.445s][info][gc,phases      ] GC(277) Adjust Roots 0.160ms
[66.445s][info][gc,phases,start] GC(277) Compaction Phase
[66.806s][info][gc,phases      ] GC(277) Compaction Phase 360.616ms
[66.806s][info][gc,phases,start] GC(277) Post Compact
[66.813s][info][gc,phases      ] GC(277) Post Compact 7.605ms
[66.813s][info][gc,heap        ] GC(277) PSYoungGen: 84992K(331776K)->84992K(331776K) Eden: 84992K(84992K)->84992K(84992K) From: 0K(246784K)->0K(246784K)
[66.813s][info][gc,heap        ] GC(277) ParOldGen: 5256406K(5256704K)->5256406K(5256704K)
[66.813s][info][gc,metaspace   ] GC(277) Metaspace: 6299K(6464K)->6299K(6464K) NonClass: 5765K(5824K)->5765K(5824K) Class: 533K(640K)->533K(640K)
[66.814s][info][gc             ] GC(277) Pause Full (Ergonomics) 5216M->5216M(5457M) 1606.901ms
[66.814s][info][gc,cpu         ] GC(277) User=12.08s Sys=0.00s Real=1.61s
[66.814s][info][gc,start       ] GC(278) Pause Full (Ergonomics)
[66.814s][info][gc,phases,start] GC(278) Marking Phase
[68.029s][info][gc,phases      ] GC(278) Marking Phase 1215.268ms
[68.029s][info][gc,phases,start] GC(278) Summary Phase
[68.029s][info][gc,phases      ] GC(278) Summary Phase 0.056ms
[68.029s][info][gc,phases,start] GC(278) Adjust Roots
[68.029s][info][gc,phases      ] GC(278) Adjust Roots 0.196ms
[68.029s][info][gc,phases,start] GC(278) Compaction Phase
[68.391s][info][gc,phases      ] GC(278) Compaction Phase 361.603ms
[68.391s][info][gc,phases,start] GC(278) Post Compact
[68.399s][info][gc,phases      ] GC(278) Post Compact 7.744ms
[68.399s][info][gc,heap        ] GC(278) PSYoungGen: 84992K(331776K)->84992K(331776K) Eden: 84992K(84992K)->84992K(84992K) From: 0K(246784K)->0K(246784K)
[68.399s][info][gc,heap        ] GC(278) ParOldGen: 5256411K(5256704K)->5256411K(5256704K)
[68.399s][info][gc,metaspace   ] GC(278) Metaspace: 6299K(6464K)->6299K(6464K) NonClass: 5765K(5824K)->5765K(5824K) Class: 533K(640K)->533K(640K)
[68.399s][info][gc             ] GC(278) Pause Full (Ergonomics) 5216M->5216M(5457M) 1585.187ms
[68.399s][info][gc,cpu         ] GC(278) User=11.88s Sys=0.00s Real=1.59s
[68.399s][info][gc,start       ] GC(279) Pause Full (Ergonomics)
[68.399s][info][gc,phases,start] GC(279) Marking Phase
[69.594s][info][gc,phases      ] GC(279) Marking Phase 1194.672ms
[69.594s][info][gc,phases,start] GC(279) Summary Phase
[69.594s][info][gc,phases      ] GC(279) Summary Phase 0.057ms
[69.594s][info][gc,phases,start] GC(279) Adjust Roots
[69.594s][info][gc,phases      ] GC(279) Adjust Roots 0.187ms
[69.594s][info][gc,phases,start] GC(279) Compaction Phase
[69.944s][info][gc,phases      ] GC(279) Compaction Phase 349.760ms
[69.944s][info][gc,phases,start] GC(279) Post Compact
[69.952s][info][gc,phases      ] GC(279) Post Compact 7.658ms
[69.952s][info][gc,heap        ] GC(279) PSYoungGen: 84992K(331776K)->84992K(331776K) Eden: 84992K(84992K)->84992K(84992K) From: 0K(246784K)->0K(246784K)
[69.952s][info][gc,heap        ] GC(279) ParOldGen: 5256416K(5256704K)->5256416K(5256704K)
[69.952s][info][gc,metaspace   ] GC(279) Metaspace: 6299K(6464K)->6299K(6464K) NonClass: 5765K(5824K)->5765K(5824K) Class: 533K(640K)->533K(640K)
[69.952s][info][gc             ] GC(279) Pause Full (Ergonomics) 5216M->5216M(5457M) 1552.629ms
[69.952s][info][gc,cpu         ] GC(279) User=11.83s Sys=0.00s Real=1.55s
[69.952s][info][gc,start       ] GC(280) Pause Full (Ergonomics)
[69.952s][info][gc,phases,start] GC(280) Marking Phase
[71.193s][info][gc,phases      ] GC(280) Marking Phase 1240.801ms
[71.193s][info][gc,phases,start] GC(280) Summary Phase
[71.193s][info][gc,phases      ] GC(280) Summary Phase 0.059ms
[71.193s][info][gc,phases,start] GC(280) Adjust Roots
[71.193s][info][gc,phases      ] GC(280) Adjust Roots 0.188ms
[71.193s][info][gc,phases,start] GC(280) Compaction Phase
[71.553s][info][gc,phases      ] GC(280) Compaction Phase 359.751ms
[71.553s][info][gc,phases,start] GC(280) Post Compact
[71.561s][info][gc,phases      ] GC(280) Post Compact 7.793ms
[71.561s][info][gc,heap        ] GC(280) PSYoungGen: 84992K(331776K)->84992K(331776K) Eden: 84992K(84992K)->84992K(84992K) From: 0K(246784K)->0K(246784K)
[71.561s][info][gc,heap        ] GC(280) ParOldGen: 5256421K(5256704K)->5256421K(5256704K)
[71.561s][info][gc,metaspace   ] GC(280) Metaspace: 6299K(6464K)->6299K(6464K) NonClass: 5765K(5824K)->5765K(5824K) Class: 533K(640K)->533K(640K)
[71.561s][info][gc             ] GC(280) Pause Full (Ergonomics) 5216M->5216M(5457M) 1608.899ms
[71.561s][info][gc,cpu         ] GC(280) User=12.23s Sys=0.02s Real=1.61s
[71.561s][info][gc,start       ] GC(281) Pause Full (Ergonomics)
[71.561s][info][gc,phases,start] GC(281) Marking Phase
[72.800s][info][gc,phases      ] GC(281) Marking Phase 1238.753ms
[72.800s][info][gc,phases,start] GC(281) Summary Phase
[72.800s][info][gc,phases      ] GC(281) Summary Phase 0.058ms
[72.800s][info][gc,phases,start] GC(281) Adjust Roots
[72.800s][info][gc,phases      ] GC(281) Adjust Roots 0.167ms
[72.800s][info][gc,phases,start] GC(281) Compaction Phase
[73.163s][info][gc,phases      ] GC(281) Compaction Phase 363.015ms
[73.163s][info][gc,phases,start] GC(281) Post Compact
[73.171s][info][gc,phases      ] GC(281) Post Compact 7.839ms
[73.171s][info][gc,heap        ] GC(281) PSYoungGen: 84992K(331776K)->84992K(331776K) Eden: 84992K(84992K)->84992K(84992K) From: 0K(246784K)->0K(246784K)
[73.171s][info][gc,heap        ] GC(281) ParOldGen: 5256426K(5256704K)->5256426K(5256704K)
[73.171s][info][gc,metaspace   ] GC(281) Metaspace: 6299K(6464K)->6299K(6464K) NonClass: 5765K(5824K)->5765K(5824K) Class: 533K(640K)->533K(640K)
[73.171s][info][gc             ] GC(281) Pause Full (Ergonomics) 5216M->5216M(5457M) 1610.146ms
[73.171s][info][gc,cpu         ] GC(281) User=12.30s Sys=0.00s Real=1.61s
[73.171s][info][gc,start       ] GC(282) Pause Full (Ergonomics)
[73.171s][info][gc,phases,start] GC(282) Marking Phase
[74.382s][info][gc,phases      ] GC(282) Marking Phase 1211.165ms
[74.383s][info][gc,phases,start] GC(282) Summary Phase
[74.383s][info][gc,phases      ] GC(282) Summary Phase 0.058ms
[74.383s][info][gc,phases,start] GC(282) Adjust Roots
[74.383s][info][gc,phases      ] GC(282) Adjust Roots 0.162ms
[74.383s][info][gc,phases,start] GC(282) Compaction Phase
[74.749s][info][gc,phases      ] GC(282) Compaction Phase 366.225ms
[74.749s][info][gc,phases,start] GC(282) Post Compact
[74.757s][info][gc,phases      ] GC(282) Post Compact 7.751ms
[74.757s][info][gc,heap        ] GC(282) PSYoungGen: 84992K(331776K)->84992K(331776K) Eden: 84992K(84992K)->84992K(84992K) From: 0K(246784K)->0K(246784K)
[74.757s][info][gc,heap        ] GC(282) ParOldGen: 5256431K(5256704K)->5256431K(5256704K)
[74.757s][info][gc,metaspace   ] GC(282) Metaspace: 6299K(6464K)->6299K(6464K) NonClass: 5765K(5824K)->5765K(5824K) Class: 533K(640K)->533K(640K)
[74.757s][info][gc             ] GC(282) Pause Full (Ergonomics) 5216M->5216M(5457M) 1585.689ms
[74.757s][info][gc,cpu         ] GC(282) User=11.95s Sys=0.00s Real=1.59s
[74.757s][info][gc,start       ] GC(283) Pause Full (Ergonomics)
[74.757s][info][gc,phases,start] GC(283) Marking Phase
[76.010s][info][gc,phases      ] GC(283) Marking Phase 1252.788ms
[76.010s][info][gc,phases,start] GC(283) Summary Phase
[76.010s][info][gc,phases      ] GC(283) Summary Phase 0.070ms
[76.010s][info][gc,phases,start] GC(283) Adjust Roots
[76.010s][info][gc,phases      ] GC(283) Adjust Roots 0.214ms
[76.010s][info][gc,phases,start] GC(283) Compaction Phase
[76.388s][info][gc,phases      ] GC(283) Compaction Phase 377.392ms
[76.388s][info][gc,phases,start] GC(283) Post Compact
[76.398s][info][gc,phases      ] GC(283) Post Compact 9.724ms
[76.398s][info][gc,heap        ] GC(283) PSYoungGen: 84992K(331776K)->84992K(331776K) Eden: 84992K(84992K)->84992K(84992K) From: 0K(246784K)->0K(246784K)
[76.398s][info][gc,heap        ] GC(283) ParOldGen: 5256435K(5256704K)->5256435K(5256704K)
[76.398s][info][gc,metaspace   ] GC(283) Metaspace: 6299K(6464K)->6299K(6464K) NonClass: 5765K(5824K)->5765K(5824K) Class: 533K(640K)->533K(640K)
[76.398s][info][gc             ] GC(283) Pause Full (Ergonomics) 5216M->5216M(5457M) 1640.559ms
[76.398s][info][gc,cpu         ] GC(283) User=11.78s Sys=0.00s Real=1.64s
[76.398s][info][gc,start       ] GC(284) Pause Full (Ergonomics)
[76.398s][info][gc,phases,start] GC(284) Marking Phase
[77.732s][info][gc,phases      ] GC(284) Marking Phase 1333.957ms
[77.732s][info][gc,phases,start] GC(284) Summary Phase
[77.732s][info][gc,phases      ] GC(284) Summary Phase 0.122ms
[77.732s][info][gc,phases,start] GC(284) Adjust Roots
[77.732s][info][gc,phases      ] GC(284) Adjust Roots 0.248ms
[77.732s][info][gc,phases,start] GC(284) Compaction Phase
[78.142s][info][gc,phases      ] GC(284) Compaction Phase 409.666ms
[78.142s][info][gc,phases,start] GC(284) Post Compact
[78.151s][info][gc,phases      ] GC(284) Post Compact 8.441ms
[78.151s][info][gc,heap        ] GC(284) PSYoungGen: 84992K(331776K)->84992K(331776K) Eden: 84992K(84992K)->84992K(84992K) From: 0K(246784K)->0K(246784K)
[78.151s][info][gc,heap        ] GC(284) ParOldGen: 5256440K(5256704K)->5256440K(5256704K)
[78.151s][info][gc,metaspace   ] GC(284) Metaspace: 6299K(6464K)->6299K(6464K) NonClass: 5765K(5824K)->5765K(5824K) Class: 533K(640K)->533K(640K)
[78.151s][info][gc             ] GC(284) Pause Full (Ergonomics) 5216M->5216M(5457M) 1752.840ms
[78.151s][info][gc,cpu         ] GC(284) User=11.84s Sys=0.03s Real=1.75s
[78.151s][info][gc,start       ] GC(285) Pause Full (Ergonomics)
[78.151s][info][gc,phases,start] GC(285) Marking Phase
[79.416s][info][gc,phases      ] GC(285) Marking Phase 1264.466ms
[79.416s][info][gc,phases,start] GC(285) Summary Phase
[79.416s][info][gc,phases      ] GC(285) Summary Phase 0.058ms
[79.416s][info][gc,phases,start] GC(285) Adjust Roots
[79.416s][info][gc,phases      ] GC(285) Adjust Roots 0.174ms
[79.416s][info][gc,phases,start] GC(285) Compaction Phase
[79.778s][info][gc,phases      ] GC(285) Compaction Phase 362.579ms
[79.779s][info][gc,phases,start] GC(285) Post Compact
[79.786s][info][gc,phases      ] GC(285) Post Compact 7.618ms
[79.786s][info][gc,heap        ] GC(285) PSYoungGen: 84992K(331776K)->84992K(331776K) Eden: 84992K(84992K)->84992K(84992K) From: 0K(246784K)->0K(246784K)
[79.786s][info][gc,heap        ] GC(285) ParOldGen: 5256445K(5256704K)->5256445K(5256704K)
[79.786s][info][gc,metaspace   ] GC(285) Metaspace: 6299K(6464K)->6299K(6464K) NonClass: 5765K(5824K)->5765K(5824K) Class: 533K(640K)->533K(640K)
[79.786s][info][gc             ] GC(285) Pause Full (Ergonomics) 5216M->5216M(5457M) 1635.320ms
[79.786s][info][gc,cpu         ] GC(285) User=11.94s Sys=0.02s Real=1.63s
[79.787s][info][gc,start       ] GC(286) Pause Full (Ergonomics)
[79.787s][info][gc,phases,start] GC(286) Marking Phase
[81.104s][info][gc,phases      ] GC(286) Marking Phase 1317.069ms
[81.104s][info][gc,phases,start] GC(286) Summary Phase
[81.104s][info][gc,phases      ] GC(286) Summary Phase 0.061ms
[81.104s][info][gc,phases,start] GC(286) Adjust Roots
[81.104s][info][gc,phases      ] GC(286) Adjust Roots 0.195ms
[81.104s][info][gc,phases,start] GC(286) Compaction Phase
[81.471s][info][gc,phases      ] GC(286) Compaction Phase 367.438ms
[81.472s][info][gc,phases,start] GC(286) Post Compact
[81.479s][info][gc,phases      ] GC(286) Post Compact 7.967ms
[81.480s][info][gc,heap        ] GC(286) PSYoungGen: 84992K(331776K)->84992K(331776K) Eden: 84992K(84992K)->84992K(84992K) From: 0K(246784K)->0K(246784K)
[81.480s][info][gc,heap        ] GC(286) ParOldGen: 5256450K(5256704K)->5256450K(5256704K)
[81.480s][info][gc,metaspace   ] GC(286) Metaspace: 6299K(6464K)->6299K(6464K) NonClass: 5765K(5824K)->5765K(5824K) Class: 533K(640K)->533K(640K)
[81.480s][info][gc             ] GC(286) Pause Full (Ergonomics) 5216M->5216M(5457M) 1693.070ms
[81.480s][info][gc,cpu         ] GC(286) User=12.05s Sys=0.00s Real=1.69s
[81.480s][info][gc,start       ] GC(287) Pause Full (Ergonomics)
[81.480s][info][gc,phases,start] GC(287) Marking Phase
[82.804s][info][gc,phases      ] GC(287) Marking Phase 1323.957ms
[82.804s][info][gc,phases,start] GC(287) Summary Phase
[82.804s][info][gc,phases      ] GC(287) Summary Phase 0.109ms
[82.804s][info][gc,phases,start] GC(287) Adjust Roots
[82.804s][info][gc,phases      ] GC(287) Adjust Roots 0.319ms
[82.804s][info][gc,phases,start] GC(287) Compaction Phase
[83.168s][info][gc,phases      ] GC(287) Compaction Phase 363.557ms
[83.168s][info][gc,phases,start] GC(287) Post Compact
[83.176s][info][gc,phases      ] GC(287) Post Compact 7.879ms
[83.176s][info][gc,heap        ] GC(287) PSYoungGen: 84992K(331776K)->84992K(331776K) Eden: 84992K(84992K)->84992K(84992K) From: 0K(246784K)->0K(246784K)
[83.176s][info][gc,heap        ] GC(287) ParOldGen: 5256455K(5256704K)->5256455K(5256704K)
[83.176s][info][gc,metaspace   ] GC(287) Metaspace: 6299K(6464K)->6299K(6464K) NonClass: 5765K(5824K)->5765K(5824K) Class: 533K(640K)->533K(640K)
[83.176s][info][gc             ] GC(287) Pause Full (Ergonomics) 5216M->5216M(5457M) 1696.193ms
[83.176s][info][gc,cpu         ] GC(287) User=12.05s Sys=0.02s Real=1.70s
[83.176s][info][gc,start       ] GC(288) Pause Full (Ergonomics)
[83.176s][info][gc,phases,start] GC(288) Marking Phase
[84.434s][info][gc,phases      ] GC(288) Marking Phase 1257.726ms
[84.434s][info][gc,phases,start] GC(288) Summary Phase
[84.434s][info][gc,phases      ] GC(288) Summary Phase 0.058ms
[84.434s][info][gc,phases,start] GC(288) Adjust Roots
[84.434s][info][gc,phases      ] GC(288) Adjust Roots 0.180ms
[84.434s][info][gc,phases,start] GC(288) Compaction Phase
[84.803s][info][gc,phases      ] GC(288) Compaction Phase 368.401ms
[84.803s][info][gc,phases,start] GC(288) Post Compact
[84.810s][info][gc,phases      ] GC(288) Post Compact 7.695ms
[84.811s][info][gc,heap        ] GC(288) PSYoungGen: 84992K(331776K)->84992K(331776K) Eden: 84992K(84992K)->84992K(84992K) From: 0K(246784K)->0K(246784K)
[84.811s][info][gc,heap        ] GC(288) ParOldGen: 5256460K(5256704K)->5256460K(5256704K)
[84.811s][info][gc,metaspace   ] GC(288) Metaspace: 6299K(6464K)->6299K(6464K) NonClass: 5765K(5824K)->5765K(5824K) Class: 533K(640K)->533K(640K)
[84.811s][info][gc             ] GC(288) Pause Full (Ergonomics) 5216M->5216M(5457M) 1634.373ms
[84.811s][info][gc,cpu         ] GC(288) User=12.14s Sys=0.00s Real=1.63s
[84.811s][info][gc,start       ] GC(289) Pause Full (Ergonomics)
[84.811s][info][gc,phases,start] GC(289) Marking Phase
[86.032s][info][gc,phases      ] GC(289) Marking Phase 1221.374ms
[86.032s][info][gc,phases,start] GC(289) Summary Phase
[86.032s][info][gc,phases      ] GC(289) Summary Phase 0.059ms
[86.032s][info][gc,phases,start] GC(289) Adjust Roots
[86.033s][info][gc,phases      ] GC(289) Adjust Roots 0.232ms
[86.033s][info][gc,phases,start] GC(289) Compaction Phase
[86.402s][info][gc,phases      ] GC(289) Compaction Phase 368.902ms
[86.402s][info][gc,phases,start] GC(289) Post Compact
[86.410s][info][gc,phases      ] GC(289) Post Compact 7.932ms
[86.410s][info][gc,heap        ] GC(289) PSYoungGen: 84992K(331776K)->84992K(331776K) Eden: 84992K(84992K)->84992K(84992K) From: 0K(246784K)->0K(246784K)
[86.410s][info][gc,heap        ] GC(289) ParOldGen: 5256464K(5256704K)->5256464K(5256704K)
[86.410s][info][gc,metaspace   ] GC(289) Metaspace: 6299K(6464K)->6299K(6464K) NonClass: 5765K(5824K)->5765K(5824K) Class: 533K(640K)->533K(640K)
[86.410s][info][gc             ] GC(289) Pause Full (Ergonomics) 5216M->5216M(5457M) 1598.888ms
[86.410s][info][gc,cpu         ] GC(289) User=12.11s Sys=0.03s Real=1.60s
[86.410s][info][gc,start       ] GC(290) Pause Full (Ergonomics)
[86.410s][info][gc,phases,start] GC(290) Marking Phase
[87.647s][info][gc,phases      ] GC(290) Marking Phase 1236.872ms
[87.647s][info][gc,phases,start] GC(290) Summary Phase
[87.647s][info][gc,phases      ] GC(290) Summary Phase 0.064ms
[87.647s][info][gc,phases,start] GC(290) Adjust Roots
[87.647s][info][gc,phases      ] GC(290) Adjust Roots 0.231ms
[87.647s][info][gc,phases,start] GC(290) Compaction Phase
[88.012s][info][gc,phases      ] GC(290) Compaction Phase 364.496ms
[88.012s][info][gc,phases,start] GC(290) Post Compact
[88.019s][info][gc,phases      ] GC(290) Post Compact 7.665ms
[88.020s][info][gc,heap        ] GC(290) PSYoungGen: 84992K(331776K)->84992K(331776K) Eden: 84992K(84992K)->84992K(84992K) From: 0K(246784K)->0K(246784K)
[88.020s][info][gc,heap        ] GC(290) ParOldGen: 5256469K(5256704K)->5256469K(5256704K)
[88.020s][info][gc,metaspace   ] GC(290) Metaspace: 6299K(6464K)->6299K(6464K) NonClass: 5765K(5824K)->5765K(5824K) Class: 533K(640K)->533K(640K)
[88.020s][info][gc             ] GC(290) Pause Full (Ergonomics) 5216M->5216M(5457M) 1609.651ms
[88.020s][info][gc,cpu         ] GC(290) User=12.06s Sys=0.00s Real=1.61s
[88.020s][info][gc,start       ] GC(291) Pause Full (Ergonomics)
[88.020s][info][gc,phases,start] GC(291) Marking Phase
[89.229s][info][gc,phases      ] GC(291) Marking Phase 1209.602ms
[89.229s][info][gc,phases,start] GC(291) Summary Phase
[89.230s][info][gc,phases      ] GC(291) Summary Phase 0.057ms
[89.230s][info][gc,phases,start] GC(291) Adjust Roots
[89.230s][info][gc,phases      ] GC(291) Adjust Roots 0.170ms
[89.230s][info][gc,phases,start] GC(291) Compaction Phase
[89.593s][info][gc,phases      ] GC(291) Compaction Phase 363.586ms
[89.593s][info][gc,phases,start] GC(291) Post Compact
[89.601s][info][gc,phases      ] GC(291) Post Compact 7.854ms
[89.601s][info][gc,heap        ] GC(291) PSYoungGen: 84992K(331776K)->84992K(331776K) Eden: 84992K(84992K)->84992K(84992K) From: 0K(246784K)->0K(246784K)
[89.601s][info][gc,heap        ] GC(291) ParOldGen: 5256474K(5256704K)->5256474K(5256704K)
[89.601s][info][gc,metaspace   ] GC(291) Metaspace: 6299K(6464K)->6299K(6464K) NonClass: 5765K(5824K)->5765K(5824K) Class: 533K(640K)->533K(640K)
[89.601s][info][gc             ] GC(291) Pause Full (Ergonomics) 5216M->5216M(5457M) 1581.574ms
[89.601s][info][gc,cpu         ] GC(291) User=11.81s Sys=0.00s Real=1.58s
[89.602s][info][gc,start       ] GC(292) Pause Full (Ergonomics)
[89.602s][info][gc,phases,start] GC(292) Marking Phase
[90.836s][info][gc,phases      ] GC(292) Marking Phase 1234.658ms
[90.836s][info][gc,phases,start] GC(292) Summary Phase
[90.836s][info][gc,phases      ] GC(292) Summary Phase 0.058ms
[90.836s][info][gc,phases,start] GC(292) Adjust Roots
[90.837s][info][gc,phases      ] GC(292) Adjust Roots 0.166ms
[90.837s][info][gc,phases,start] GC(292) Compaction Phase
[91.199s][info][gc,phases      ] GC(292) Compaction Phase 362.750ms
[91.199s][info][gc,phases,start] GC(292) Post Compact
[91.207s][info][gc,phases      ] GC(292) Post Compact 7.627ms
[91.207s][info][gc,heap        ] GC(292) PSYoungGen: 84992K(331776K)->84992K(331776K) Eden: 84992K(84992K)->84992K(84992K) From: 0K(246784K)->0K(246784K)
[91.207s][info][gc,heap        ] GC(292) ParOldGen: 5256479K(5256704K)->5256479K(5256704K)
[91.207s][info][gc,metaspace   ] GC(292) Metaspace: 6299K(6464K)->6299K(6464K) NonClass: 5765K(5824K)->5765K(5824K) Class: 533K(640K)->533K(640K)
[91.207s][info][gc             ] GC(292) Pause Full (Ergonomics) 5216M->5216M(5457M) 1605.570ms
[91.207s][info][gc,cpu         ] GC(292) User=12.08s Sys=0.00s Real=1.61s
[91.207s][info][gc,start       ] GC(293) Pause Full (Ergonomics)
[91.207s][info][gc,phases,start] GC(293) Marking Phase
[92.421s][info][gc,phases      ] GC(293) Marking Phase 1213.752ms
[92.421s][info][gc,phases,start] GC(293) Summary Phase
[92.421s][info][gc,phases      ] GC(293) Summary Phase 0.065ms
[92.421s][info][gc,phases,start] GC(293) Adjust Roots
[92.422s][info][gc,phases      ] GC(293) Adjust Roots 0.206ms
[92.422s][info][gc,phases,start] GC(293) Compaction Phase
[92.786s][info][gc,phases      ] GC(293) Compaction Phase 364.538ms
[92.786s][info][gc,phases,start] GC(293) Post Compact
[92.794s][info][gc,phases      ] GC(293) Post Compact 7.614ms
[92.794s][info][gc,heap        ] GC(293) PSYoungGen: 84992K(331776K)->84992K(331776K) Eden: 84992K(84992K)->84992K(84992K) From: 0K(246784K)->0K(246784K)
[92.794s][info][gc,heap        ] GC(293) ParOldGen: 5256484K(5256704K)->5256484K(5256704K)
[92.794s][info][gc,metaspace   ] GC(293) Metaspace: 6299K(6464K)->6299K(6464K) NonClass: 5765K(5824K)->5765K(5824K) Class: 533K(640K)->533K(640K)
[92.794s][info][gc             ] GC(293) Pause Full (Ergonomics) 5216M->5216M(5457M) 1586.493ms
[92.794s][info][gc,cpu         ] GC(293) User=12.05s Sys=0.00s Real=1.59s
[92.794s][info][gc,start       ] GC(294) Pause Full (Ergonomics)
[92.794s][info][gc,phases,start] GC(294) Marking Phase
[94.023s][info][gc,phases      ] GC(294) Marking Phase 1229.339ms
[94.023s][info][gc,phases,start] GC(294) Summary Phase
[94.024s][info][gc,phases      ] GC(294) Summary Phase 0.058ms
[94.024s][info][gc,phases,start] GC(294) Adjust Roots
[94.024s][info][gc,phases      ] GC(294) Adjust Roots 0.163ms
[94.024s][info][gc,phases,start] GC(294) Compaction Phase
[94.400s][info][gc,phases      ] GC(294) Compaction Phase 376.608ms
[94.400s][info][gc,phases,start] GC(294) Post Compact
[94.409s][info][gc,phases      ] GC(294) Post Compact 8.208ms
[94.409s][info][gc,heap        ] GC(294) PSYoungGen: 84992K(331776K)->84992K(331776K) Eden: 84992K(84992K)->84992K(84992K) From: 0K(246784K)->0K(246784K)
[94.409s][info][gc,heap        ] GC(294) ParOldGen: 5256489K(5256704K)->5256489K(5256704K)
[94.409s][info][gc,metaspace   ] GC(294) Metaspace: 6299K(6464K)->6299K(6464K) NonClass: 5765K(5824K)->5765K(5824K) Class: 533K(640K)->533K(640K)
[94.409s][info][gc             ] GC(294) Pause Full (Ergonomics) 5216M->5216M(5457M) 1614.710ms
[94.409s][info][gc,cpu         ] GC(294) User=12.05s Sys=0.02s Real=1.62s
[94.409s][info][gc,start       ] GC(295) Pause Full (Ergonomics)
[94.409s][info][gc,phases,start] GC(295) Marking Phase
[95.625s][info][gc,phases      ] GC(295) Marking Phase 1216.200ms
[95.625s][info][gc,phases,start] GC(295) Summary Phase
[95.625s][info][gc,phases      ] GC(295) Summary Phase 0.060ms
[95.625s][info][gc,phases,start] GC(295) Adjust Roots
[95.626s][info][gc,phases      ] GC(295) Adjust Roots 0.181ms
[95.626s][info][gc,phases,start] GC(295) Compaction Phase
[95.994s][info][gc,phases      ] GC(295) Compaction Phase 368.240ms
[95.994s][info][gc,phases,start] GC(295) Post Compact
[96.002s][info][gc,phases      ] GC(295) Post Compact 7.668ms
[96.002s][info][gc,heap        ] GC(295) PSYoungGen: 84992K(331776K)->84992K(331776K) Eden: 84992K(84992K)->84992K(84992K) From: 0K(246784K)->0K(246784K)
[96.002s][info][gc,heap        ] GC(295) ParOldGen: 5256493K(5256704K)->5256493K(5256704K)
[96.002s][info][gc,metaspace   ] GC(295) Metaspace: 6299K(6464K)->6299K(6464K) NonClass: 5765K(5824K)->5765K(5824K) Class: 533K(640K)->533K(640K)
[96.002s][info][gc             ] GC(295) Pause Full (Ergonomics) 5216M->5216M(5457M) 1592.674ms
[96.002s][info][gc,cpu         ] GC(295) User=12.08s Sys=0.00s Real=1.59s
[96.002s][info][gc,start       ] GC(296) Pause Full (Ergonomics)
[96.002s][info][gc,phases,start] GC(296) Marking Phase
[97.224s][info][gc,phases      ] GC(296) Marking Phase 1221.917ms
[97.224s][info][gc,phases,start] GC(296) Summary Phase
[97.224s][info][gc,phases      ] GC(296) Summary Phase 0.060ms
[97.224s][info][gc,phases,start] GC(296) Adjust Roots
[97.224s][info][gc,phases      ] GC(296) Adjust Roots 0.167ms
[97.224s][info][gc,phases,start] GC(296) Compaction Phase
[97.588s][info][gc,phases      ] GC(296) Compaction Phase 364.302ms
[97.588s][info][gc,phases,start] GC(296) Post Compact
[97.596s][info][gc,phases      ] GC(296) Post Compact 7.718ms
[97.596s][info][gc,heap        ] GC(296) PSYoungGen: 84992K(331776K)->84992K(331776K) Eden: 84992K(84992K)->84992K(84992K) From: 0K(246784K)->0K(246784K)
[97.596s][info][gc,heap        ] GC(296) ParOldGen: 5256498K(5256704K)->5256498K(5256704K)
[97.596s][info][gc,metaspace   ] GC(296) Metaspace: 6299K(6464K)->6299K(6464K) NonClass: 5765K(5824K)->5765K(5824K) Class: 533K(640K)->533K(640K)
[97.596s][info][gc             ] GC(296) Pause Full (Ergonomics) 5216M->5216M(5457M) 1594.509ms
[97.596s][info][gc,cpu         ] GC(296) User=12.12s Sys=0.00s Real=1.59s
[97.597s][info][gc,start       ] GC(297) Pause Full (Ergonomics)
[97.597s][info][gc,phases,start] GC(297) Marking Phase
[98.839s][info][gc,phases      ] GC(297) Marking Phase 1242.776ms
[98.839s][info][gc,phases,start] GC(297) Summary Phase
[98.839s][info][gc,phases      ] GC(297) Summary Phase 0.060ms
[98.839s][info][gc,phases,start] GC(297) Adjust Roots
[98.840s][info][gc,phases      ] GC(297) Adjust Roots 0.178ms
[98.840s][info][gc,phases,start] GC(297) Compaction Phase
[99.212s][info][gc,phases      ] GC(297) Compaction Phase 372.015ms
[99.212s][info][gc,phases,start] GC(297) Post Compact
[99.220s][info][gc,phases      ] GC(297) Post Compact 8.499ms
[99.220s][info][gc,heap        ] GC(297) PSYoungGen: 84992K(331776K)->84992K(331776K) Eden: 84992K(84992K)->84992K(84992K) From: 0K(246784K)->0K(246784K)
[99.220s][info][gc,heap        ] GC(297) ParOldGen: 5256503K(5256704K)->5256503K(5256704K)
[99.220s][info][gc,metaspace   ] GC(297) Metaspace: 6299K(6464K)->6299K(6464K) NonClass: 5765K(5824K)->5765K(5824K) Class: 533K(640K)->533K(640K)
[99.220s][info][gc             ] GC(297) Pause Full (Ergonomics) 5216M->5216M(5457M) 1623.895ms
[99.220s][info][gc,cpu         ] GC(297) User=12.17s Sys=0.02s Real=1.62s
[99.221s][info][gc,start       ] GC(298) Pause Full (Ergonomics)
[99.221s][info][gc,phases,start] GC(298) Marking Phase
[100.435s][info][gc,phases      ] GC(298) Marking Phase 1214.613ms
[100.435s][info][gc,phases,start] GC(298) Summary Phase
[100.435s][info][gc,phases      ] GC(298) Summary Phase 0.059ms
[100.435s][info][gc,phases,start] GC(298) Adjust Roots
[100.436s][info][gc,phases      ] GC(298) Adjust Roots 0.191ms
[100.436s][info][gc,phases,start] GC(298) Compaction Phase
[100.799s][info][gc,phases      ] GC(298) Compaction Phase 363.337ms
[100.799s][info][gc,phases,start] GC(298) Post Compact
[100.807s][info][gc,phases      ] GC(298) Post Compact 8.017ms
[100.807s][info][gc,heap        ] GC(298) PSYoungGen: 84992K(331776K)->84992K(331776K) Eden: 84992K(84992K)->84992K(84992K) From: 0K(246784K)->0K(246784K)
[100.807s][info][gc,heap        ] GC(298) ParOldGen: 5256508K(5256704K)->5256508K(5256704K)
[100.807s][info][gc,metaspace   ] GC(298) Metaspace: 6299K(6464K)->6299K(6464K) NonClass: 5765K(5824K)->5765K(5824K) Class: 533K(640K)->533K(640K)
[100.807s][info][gc             ] GC(298) Pause Full (Ergonomics) 5216M->5216M(5457M) 1586.630ms
[100.807s][info][gc,cpu         ] GC(298) User=11.83s Sys=0.00s Real=1.59s
[100.807s][info][gc,start       ] GC(299) Pause Full (Ergonomics)
[100.807s][info][gc,phases,start] GC(299) Marking Phase
[102.057s][info][gc,phases      ] GC(299) Marking Phase 1249.096ms
[102.057s][info][gc,phases,start] GC(299) Summary Phase
[102.057s][info][gc,phases      ] GC(299) Summary Phase 0.058ms
[102.057s][info][gc,phases,start] GC(299) Adjust Roots
[102.057s][info][gc,phases      ] GC(299) Adjust Roots 0.213ms
[102.057s][info][gc,phases,start] GC(299) Compaction Phase
[102.419s][info][gc,phases      ] GC(299) Compaction Phase 361.876ms
[102.419s][info][gc,phases,start] GC(299) Post Compact
[102.427s][info][gc,phases      ] GC(299) Post Compact 7.600ms
[102.427s][info][gc,heap        ] GC(299) PSYoungGen: 84992K(331776K)->84992K(331776K) Eden: 84992K(84992K)->84992K(84992K) From: 0K(246784K)->0K(246784K)
[102.427s][info][gc,heap        ] GC(299) ParOldGen: 5256513K(5256704K)->5256513K(5256704K)
[102.427s][info][gc,metaspace   ] GC(299) Metaspace: 6299K(6464K)->6299K(6464K) NonClass: 5765K(5824K)->5765K(5824K) Class: 533K(640K)->533K(640K)
[102.427s][info][gc             ] GC(299) Pause Full (Ergonomics) 5216M->5216M(5457M) 1619.136ms
[102.427s][info][gc,cpu         ] GC(299) User=12.20s Sys=0.00s Real=1.62s
[102.427s][info][gc,start       ] GC(300) Pause Full (Ergonomics)
[102.427s][info][gc,phases,start] GC(300) Marking Phase
[103.662s][info][gc,phases      ] GC(300) Marking Phase 1235.027ms
[103.662s][info][gc,phases,start] GC(300) Summary Phase
[103.662s][info][gc,phases      ] GC(300) Summary Phase 0.062ms
[103.662s][info][gc,phases,start] GC(300) Adjust Roots
[103.662s][info][gc,phases      ] GC(300) Adjust Roots 0.217ms
[103.662s][info][gc,phases,start] GC(300) Compaction Phase
[104.018s][info][gc,phases      ] GC(300) Compaction Phase 355.930ms
[104.018s][info][gc,phases,start] GC(300) Post Compact
[104.026s][info][gc,phases      ] GC(300) Post Compact 7.772ms
[104.026s][info][gc,heap        ] GC(300) PSYoungGen: 84992K(331776K)->84992K(331776K) Eden: 84992K(84992K)->84992K(84992K) From: 0K(246784K)->0K(246784K)
[104.026s][info][gc,heap        ] GC(300) ParOldGen: 5256518K(5256704K)->5256518K(5256704K)
[104.026s][info][gc,metaspace   ] GC(300) Metaspace: 6299K(6464K)->6299K(6464K) NonClass: 5765K(5824K)->5765K(5824K) Class: 533K(640K)->533K(640K)
[104.026s][info][gc             ] GC(300) Pause Full (Ergonomics) 5216M->5216M(5457M) 1599.358ms
[104.026s][info][gc,cpu         ] GC(300) User=12.22s Sys=0.00s Real=1.60s
[104.026s][info][gc,start       ] GC(301) Pause Full (Ergonomics)
[104.026s][info][gc,phases,start] GC(301) Marking Phase
[105.254s][info][gc,phases      ] GC(301) Marking Phase 1227.540ms
[105.254s][info][gc,phases,start] GC(301) Summary Phase
[105.254s][info][gc,phases      ] GC(301) Summary Phase 0.058ms
[105.254s][info][gc,phases,start] GC(301) Adjust Roots
[105.254s][info][gc,phases      ] GC(301) Adjust Roots 0.165ms
[105.254s][info][gc,phases,start] GC(301) Compaction Phase
[105.614s][info][gc,phases      ] GC(301) Compaction Phase 359.746ms
[105.614s][info][gc,phases,start] GC(301) Post Compact
[105.622s][info][gc,phases      ] GC(301) Post Compact 7.665ms
[105.622s][info][gc,heap        ] GC(301) PSYoungGen: 84992K(331776K)->84992K(331776K) Eden: 84992K(84992K)->84992K(84992K) From: 0K(246784K)->0K(246784K)
[105.622s][info][gc,heap        ] GC(301) ParOldGen: 5256522K(5256704K)->5256522K(5256704K)
[105.622s][info][gc,metaspace   ] GC(301) Metaspace: 6299K(6464K)->6299K(6464K) NonClass: 5765K(5824K)->5765K(5824K) Class: 533K(640K)->533K(640K)
[105.622s][info][gc             ] GC(301) Pause Full (Ergonomics) 5216M->5216M(5457M) 1595.474ms
[105.622s][info][gc,cpu         ] GC(301) User=12.05s Sys=0.00s Real=1.60s
[105.622s][info][gc,start       ] GC(302) Pause Full (Ergonomics)
[105.622s][info][gc,phases,start] GC(302) Marking Phase
[106.882s][info][gc,phases      ] GC(302) Marking Phase 1260.305ms
[106.882s][info][gc,phases,start] GC(302) Summary Phase
[106.882s][info][gc,phases      ] GC(302) Summary Phase 0.072ms
[106.883s][info][gc,phases,start] GC(302) Adjust Roots
[106.883s][info][gc,phases      ] GC(302) Adjust Roots 0.190ms
[106.883s][info][gc,phases,start] GC(302) Compaction Phase
[107.245s][info][gc,phases      ] GC(302) Compaction Phase 362.646ms
[107.245s][info][gc,phases,start] GC(302) Post Compact
[107.253s][info][gc,phases      ] GC(302) Post Compact 7.708ms
[107.253s][info][gc,heap        ] GC(302) PSYoungGen: 84992K(331776K)->84992K(331776K) Eden: 84992K(84992K)->84992K(84992K) From: 0K(246784K)->0K(246784K)
[107.253s][info][gc,heap        ] GC(302) ParOldGen: 5256527K(5256704K)->5256527K(5256704K)
[107.253s][info][gc,metaspace   ] GC(302) Metaspace: 6299K(6464K)->6299K(6464K) NonClass: 5765K(5824K)->5765K(5824K) Class: 533K(640K)->533K(640K)
[107.253s][info][gc             ] GC(302) Pause Full (Ergonomics) 5216M->5216M(5457M) 1631.278ms
[107.253s][info][gc,cpu         ] GC(302) User=12.22s Sys=0.00s Real=1.63s
[107.253s][info][gc,start       ] GC(303) Pause Full (Ergonomics)
[107.254s][info][gc,phases,start] GC(303) Marking Phase
[108.471s][info][gc,phases      ] GC(303) Marking Phase 1217.185ms
[108.471s][info][gc,phases,start] GC(303) Summary Phase
[108.471s][info][gc,phases      ] GC(303) Summary Phase 0.057ms
[108.471s][info][gc,phases,start] GC(303) Adjust Roots
[108.471s][info][gc,phases      ] GC(303) Adjust Roots 0.168ms
[108.471s][info][gc,phases,start] GC(303) Compaction Phase
[108.840s][info][gc,phases      ] GC(303) Compaction Phase 368.648ms
[108.840s][info][gc,phases,start] GC(303) Post Compact
[108.847s][info][gc,phases      ] GC(303) Post Compact 7.662ms
[108.847s][info][gc,heap        ] GC(303) PSYoungGen: 84992K(331776K)->84992K(331776K) Eden: 84992K(84992K)->84992K(84992K) From: 0K(246784K)->0K(246784K)
[108.847s][info][gc,heap        ] GC(303) ParOldGen: 5256532K(5256704K)->5256532K(5256704K)
[108.847s][info][gc,metaspace   ] GC(303) Metaspace: 6299K(6464K)->6299K(6464K) NonClass: 5765K(5824K)->5765K(5824K) Class: 533K(640K)->533K(640K)
[108.848s][info][gc             ] GC(303) Pause Full (Ergonomics) 5216M->5216M(5457M) 1594.027ms
[108.848s][info][gc,cpu         ] GC(303) User=12.03s Sys=0.00s Real=1.59s
[108.848s][info][gc,start       ] GC(304) Pause Full (Ergonomics)
[108.848s][info][gc,phases,start] GC(304) Marking Phase
[110.085s][info][gc,phases      ] GC(304) Marking Phase 1237.475ms
[110.085s][info][gc,phases,start] GC(304) Summary Phase
[110.085s][info][gc,phases      ] GC(304) Summary Phase 0.059ms
[110.085s][info][gc,phases,start] GC(304) Adjust Roots
[110.086s][info][gc,phases      ] GC(304) Adjust Roots 0.165ms
[110.086s][info][gc,phases,start] GC(304) Compaction Phase
[110.456s][info][gc,phases      ] GC(304) Compaction Phase 370.790ms
[110.456s][info][gc,phases,start] GC(304) Post Compact
[110.464s][info][gc,phases      ] GC(304) Post Compact 7.837ms
[110.464s][info][gc,heap        ] GC(304) PSYoungGen: 84992K(331776K)->84992K(331776K) Eden: 84992K(84992K)->84992K(84992K) From: 0K(246784K)->0K(246784K)
[110.464s][info][gc,heap        ] GC(304) ParOldGen: 5256537K(5256704K)->5256537K(5256704K)
[110.464s][info][gc,metaspace   ] GC(304) Metaspace: 6299K(6464K)->6299K(6464K) NonClass: 5765K(5824K)->5765K(5824K) Class: 533K(640K)->533K(640K)
[110.464s][info][gc             ] GC(304) Pause Full (Ergonomics) 5216M->5216M(5457M) 1616.628ms
[110.464s][info][gc,cpu         ] GC(304) User=12.19s Sys=0.00s Real=1.62s
[110.465s][info][gc,start       ] GC(305) Pause Full (Ergonomics)
[110.465s][info][gc,phases,start] GC(305) Marking Phase
[111.714s][info][gc,phases      ] GC(305) Marking Phase 1249.943ms
[111.715s][info][gc,phases,start] GC(305) Summary Phase
[111.715s][info][gc,phases      ] GC(305) Summary Phase 0.058ms
[111.715s][info][gc,phases,start] GC(305) Adjust Roots
[111.715s][info][gc,phases      ] GC(305) Adjust Roots 0.169ms
[111.715s][info][gc,phases,start] GC(305) Compaction Phase
[112.080s][info][gc,phases      ] GC(305) Compaction Phase 364.873ms
[112.080s][info][gc,phases,start] GC(305) Post Compact
[112.088s][info][gc,phases      ] GC(305) Post Compact 7.710ms
[112.088s][info][gc,heap        ] GC(305) PSYoungGen: 84992K(331776K)->84992K(331776K) Eden: 84992K(84992K)->84992K(84992K) From: 0K(246784K)->0K(246784K)
[112.088s][info][gc,heap        ] GC(305) ParOldGen: 5256542K(5256704K)->5256542K(5256704K)
[112.088s][info][gc,metaspace   ] GC(305) Metaspace: 6299K(6464K)->6299K(6464K) NonClass: 5765K(5824K)->5765K(5824K) Class: 533K(640K)->533K(640K)
[112.088s][info][gc             ] GC(305) Pause Full (Ergonomics) 5216M->5216M(5457M) 1623.081ms
[112.088s][info][gc,cpu         ] GC(305) User=12.12s Sys=0.00s Real=1.62s
[112.088s][info][gc,start       ] GC(306) Pause Full (Ergonomics)
[112.088s][info][gc,phases,start] GC(306) Marking Phase
[113.313s][info][gc,phases      ] GC(306) Marking Phase 1225.297ms
[113.313s][info][gc,phases,start] GC(306) Summary Phase
[113.313s][info][gc,phases      ] GC(306) Summary Phase 0.069ms
[113.313s][info][gc,phases,start] GC(306) Adjust Roots
[113.314s][info][gc,phases      ] GC(306) Adjust Roots 0.316ms
[113.314s][info][gc,phases,start] GC(306) Compaction Phase
[113.680s][info][gc,phases      ] GC(306) Compaction Phase 366.273ms
[113.680s][info][gc,phases,start] GC(306) Post Compact
[113.688s][info][gc,phases      ] GC(306) Post Compact 7.619ms
[113.688s][info][gc,heap        ] GC(306) PSYoungGen: 84992K(331776K)->84992K(331776K) Eden: 84992K(84992K)->84992K(84992K) From: 0K(246784K)->0K(246784K)
[113.688s][info][gc,heap        ] GC(306) ParOldGen: 5256547K(5256704K)->5256547K(5256704K)
[113.688s][info][gc,metaspace   ] GC(306) Metaspace: 6299K(6464K)->6299K(6464K) NonClass: 5765K(5824K)->5765K(5824K) Class: 533K(640K)->533K(640K)
[113.688s][info][gc             ] GC(306) Pause Full (Ergonomics) 5216M->5216M(5457M) 1599.891ms
[113.688s][info][gc,cpu         ] GC(306) User=12.06s Sys=0.00s Real=1.60s
[113.688s][info][gc,start       ] GC(307) Pause Full (Ergonomics)
[113.688s][info][gc,phases,start] GC(307) Marking Phase
[114.905s][info][gc,phases      ] GC(307) Marking Phase 1217.545ms
[114.905s][info][gc,phases,start] GC(307) Summary Phase
[114.906s][info][gc,phases      ] GC(307) Summary Phase 0.065ms
[114.906s][info][gc,phases,start] GC(307) Adjust Roots
[114.906s][info][gc,phases      ] GC(307) Adjust Roots 0.198ms
[114.906s][info][gc,phases,start] GC(307) Compaction Phase
[115.275s][info][gc,phases      ] GC(307) Compaction Phase 369.178ms
[115.275s][info][gc,phases,start] GC(307) Post Compact
[115.283s][info][gc,phases      ] GC(307) Post Compact 7.649ms
[115.283s][info][gc,heap        ] GC(307) PSYoungGen: 84992K(331776K)->84992K(331776K) Eden: 84992K(84992K)->84992K(84992K) From: 0K(246784K)->0K(246784K)
[115.283s][info][gc,heap        ] GC(307) ParOldGen: 5256551K(5256704K)->5256551K(5256704K)
[115.283s][info][gc,metaspace   ] GC(307) Metaspace: 6299K(6464K)->6299K(6464K) NonClass: 5765K(5824K)->5765K(5824K) Class: 533K(640K)->533K(640K)
[115.283s][info][gc             ] GC(307) Pause Full (Ergonomics) 5216M->5216M(5457M) 1594.942ms
[115.283s][info][gc,cpu         ] GC(307) User=11.92s Sys=0.00s Real=1.60s
[115.283s][info][gc,start       ] GC(308) Pause Full (Ergonomics)
[115.283s][info][gc,phases,start] GC(308) Marking Phase
[116.528s][info][gc,phases      ] GC(308) Marking Phase 1245.435ms
[116.529s][info][gc,phases,start] GC(308) Summary Phase
[116.529s][info][gc,phases      ] GC(308) Summary Phase 0.058ms
[116.529s][info][gc,phases,start] GC(308) Adjust Roots
[116.529s][info][gc,phases      ] GC(308) Adjust Roots 0.177ms
[116.529s][info][gc,phases,start] GC(308) Compaction Phase
[116.895s][info][gc,phases      ] GC(308) Compaction Phase 366.180ms
[116.895s][info][gc,phases,start] GC(308) Post Compact
[116.903s][info][gc,phases      ] GC(308) Post Compact 7.652ms
[116.903s][info][gc,heap        ] GC(308) PSYoungGen: 84992K(331776K)->84992K(331776K) Eden: 84992K(84992K)->84992K(84992K) From: 0K(246784K)->0K(246784K)
[116.903s][info][gc,heap        ] GC(308) ParOldGen: 5256556K(5256704K)->5256556K(5256704K)
[116.903s][info][gc,metaspace   ] GC(308) Metaspace: 6299K(6464K)->6299K(6464K) NonClass: 5765K(5824K)->5765K(5824K) Class: 533K(640K)->533K(640K)
[116.903s][info][gc             ] GC(308) Pause Full (Ergonomics) 5216M->5216M(5457M) 1619.805ms
[116.903s][info][gc,cpu         ] GC(308) User=12.14s Sys=0.03s Real=1.62s
[116.903s][info][gc,start       ] GC(309) Pause Full (Ergonomics)
[116.903s][info][gc,phases,start] GC(309) Marking Phase
[118.137s][info][gc,phases      ] GC(309) Marking Phase 1233.607ms
[118.137s][info][gc,phases,start] GC(309) Summary Phase
[118.137s][info][gc,phases      ] GC(309) Summary Phase 0.058ms
[118.137s][info][gc,phases,start] GC(309) Adjust Roots
[118.137s][info][gc,phases      ] GC(309) Adjust Roots 0.174ms
[118.137s][info][gc,phases,start] GC(309) Compaction Phase
[118.509s][info][gc,phases      ] GC(309) Compaction Phase 372.523ms
[118.510s][info][gc,phases,start] GC(309) Post Compact
[118.518s][info][gc,phases      ] GC(309) Post Compact 8.073ms
[118.518s][info][gc,heap        ] GC(309) PSYoungGen: 84992K(331776K)->84992K(331776K) Eden: 84992K(84992K)->84992K(84992K) From: 0K(246784K)->0K(246784K)
[118.518s][info][gc,heap        ] GC(309) ParOldGen: 5256561K(5256704K)->5256561K(5256704K)
[118.518s][info][gc,metaspace   ] GC(309) Metaspace: 6299K(6464K)->6299K(6464K) NonClass: 5765K(5824K)->5765K(5824K) Class: 533K(640K)->533K(640K)
[118.518s][info][gc             ] GC(309) Pause Full (Ergonomics) 5216M->5216M(5457M) 1614.777ms
[118.518s][info][gc,cpu         ] GC(309) User=12.09s Sys=0.02s Real=1.62s
[118.518s][info][gc,start       ] GC(310) Pause Full (Ergonomics)
[118.518s][info][gc,phases,start] GC(310) Marking Phase
[119.732s][info][gc,phases      ] GC(310) Marking Phase 1213.882ms
[119.732s][info][gc,phases,start] GC(310) Summary Phase
[119.732s][info][gc,phases      ] GC(310) Summary Phase 0.060ms
[119.732s][info][gc,phases,start] GC(310) Adjust Roots
[119.732s][info][gc,phases      ] GC(310) Adjust Roots 0.194ms
[119.732s][info][gc,phases,start] GC(310) Compaction Phase
[120.102s][info][gc,phases      ] GC(310) Compaction Phase 369.335ms
[120.102s][info][gc,phases,start] GC(310) Post Compact
[120.109s][info][gc,phases      ] GC(310) Post Compact 7.723ms
[120.109s][info][gc,heap        ] GC(310) PSYoungGen: 84992K(331776K)->84992K(331776K) Eden: 84992K(84992K)->84992K(84992K) From: 0K(246784K)->0K(246784K)
[120.109s][info][gc,heap        ] GC(310) ParOldGen: 5256566K(5256704K)->5256566K(5256704K)
[120.109s][info][gc,metaspace   ] GC(310) Metaspace: 6299K(6464K)->6299K(6464K) NonClass: 5765K(5824K)->5765K(5824K) Class: 533K(640K)->533K(640K)
[120.109s][info][gc             ] GC(310) Pause Full (Ergonomics) 5216M->5216M(5457M) 1591.506ms
[120.109s][info][gc,cpu         ] GC(310) User=11.83s Sys=0.02s Real=1.59s
[120.110s][info][gc,start       ] GC(311) Pause Full (Ergonomics)
[120.110s][info][gc,phases,start] GC(311) Marking Phase
[121.378s][info][gc,phases      ] GC(311) Marking Phase 1268.266ms
[121.378s][info][gc,phases,start] GC(311) Summary Phase
[121.378s][info][gc,phases      ] GC(311) Summary Phase 0.058ms
[121.378s][info][gc,phases,start] GC(311) Adjust Roots
[121.378s][info][gc,phases      ] GC(311) Adjust Roots 0.165ms
[121.378s][info][gc,phases,start] GC(311) Compaction Phase
[121.750s][info][gc,phases      ] GC(311) Compaction Phase 371.770ms
[121.750s][info][gc,phases,start] GC(311) Post Compact
[121.758s][info][gc,phases      ] GC(311) Post Compact 7.760ms
[121.758s][info][gc,heap        ] GC(311) PSYoungGen: 84992K(331776K)->84992K(331776K) Eden: 84992K(84992K)->84992K(84992K) From: 0K(246784K)->0K(246784K)
[121.758s][info][gc,heap        ] GC(311) ParOldGen: 5256571K(5256704K)->5256571K(5256704K)
[121.758s][info][gc,metaspace   ] GC(311) Metaspace: 6299K(6464K)->6299K(6464K) NonClass: 5765K(5824K)->5765K(5824K) Class: 533K(640K)->533K(640K)
[121.758s][info][gc             ] GC(311) Pause Full (Ergonomics) 5216M->5216M(5457M) 1648.328ms
[121.758s][info][gc,cpu         ] GC(311) User=12.47s Sys=0.00s Real=1.65s
[121.758s][info][gc,start       ] GC(312) Pause Full (Ergonomics)
[121.758s][info][gc,phases,start] GC(312) Marking Phase
[122.998s][info][gc,phases      ] GC(312) Marking Phase 1239.335ms
[122.998s][info][gc,phases,start] GC(312) Summary Phase
[122.998s][info][gc,phases      ] GC(312) Summary Phase 0.064ms
[122.998s][info][gc,phases,start] GC(312) Adjust Roots
[122.998s][info][gc,phases      ] GC(312) Adjust Roots 0.166ms
[122.998s][info][gc,phases,start] GC(312) Compaction Phase
[123.371s][info][gc,phases      ] GC(312) Compaction Phase 372.955ms
[123.371s][info][gc,phases,start] GC(312) Post Compact
[123.379s][info][gc,phases      ] GC(312) Post Compact 7.750ms
[123.379s][info][gc,heap        ] GC(312) PSYoungGen: 84992K(331776K)->84992K(331776K) Eden: 84992K(84992K)->84992K(84992K) From: 0K(246784K)->0K(246784K)
[123.379s][info][gc,heap        ] GC(312) ParOldGen: 5256576K(5256704K)->5256576K(5256704K)
[123.379s][info][gc,metaspace   ] GC(312) Metaspace: 6299K(6464K)->6299K(6464K) NonClass: 5765K(5824K)->5765K(5824K) Class: 533K(640K)->533K(640K)
[123.379s][info][gc             ] GC(312) Pause Full (Ergonomics) 5216M->5216M(5457M) 1620.578ms
[123.379s][info][gc,cpu         ] GC(312) User=12.12s Sys=0.00s Real=1.62s
[123.379s][info][gc,start       ] GC(313) Pause Full (Ergonomics)
[123.379s][info][gc,phases,start] GC(313) Marking Phase
[124.611s][info][gc,phases      ] GC(313) Marking Phase 1232.508ms
[124.612s][info][gc,phases,start] GC(313) Summary Phase
[124.612s][info][gc,phases      ] GC(313) Summary Phase 0.058ms
[124.612s][info][gc,phases,start] GC(313) Adjust Roots
[124.612s][info][gc,phases      ] GC(313) Adjust Roots 0.166ms
[124.612s][info][gc,phases,start] GC(313) Compaction Phase
[124.971s][info][gc,phases      ] GC(313) Compaction Phase 358.907ms
[124.971s][info][gc,phases,start] GC(313) Post Compact
[124.979s][info][gc,phases      ] GC(313) Post Compact 7.973ms
[124.979s][info][gc,heap        ] GC(313) PSYoungGen: 84992K(331776K)->84992K(331776K) Eden: 84992K(84992K)->84992K(84992K) From: 0K(246784K)->0K(246784K)
[124.979s][info][gc,heap        ] GC(313) ParOldGen: 5256580K(5256704K)->5256580K(5256704K)
[124.979s][info][gc,metaspace   ] GC(313) Metaspace: 6299K(6464K)->6299K(6464K) NonClass: 5765K(5824K)->5765K(5824K) Class: 533K(640K)->533K(640K)
[124.979s][info][gc             ] GC(313) Pause Full (Ergonomics) 5216M->5216M(5457M) 1599.934ms
[124.979s][info][gc,cpu         ] GC(313) User=12.03s Sys=0.00s Real=1.60s
[124.979s][info][gc,start       ] GC(314) Pause Full (Ergonomics)
[124.979s][info][gc,phases,start] GC(314) Marking Phase
[126.206s][info][gc,phases      ] GC(314) Marking Phase 1227.249ms
[126.206s][info][gc,phases,start] GC(314) Summary Phase
[126.206s][info][gc,phases      ] GC(314) Summary Phase 0.059ms
[126.206s][info][gc,phases,start] GC(314) Adjust Roots
[126.207s][info][gc,phases      ] GC(314) Adjust Roots 0.173ms
[126.207s][info][gc,phases,start] GC(314) Compaction Phase
[126.573s][info][gc,phases      ] GC(314) Compaction Phase 366.218ms
[126.573s][info][gc,phases,start] GC(314) Post Compact
[126.581s][info][gc,phases      ] GC(314) Post Compact 7.702ms
[126.581s][info][gc,heap        ] GC(314) PSYoungGen: 84992K(331776K)->84992K(331776K) Eden: 84992K(84992K)->84992K(84992K) From: 0K(246784K)->0K(246784K)
[126.581s][info][gc,heap        ] GC(314) ParOldGen: 5256585K(5256704K)->5256585K(5256704K)
[126.581s][info][gc,metaspace   ] GC(314) Metaspace: 6299K(6464K)->6299K(6464K) NonClass: 5765K(5824K)->5765K(5824K) Class: 533K(640K)->533K(640K)
[126.581s][info][gc             ] GC(314) Pause Full (Ergonomics) 5216M->5216M(5457M) 1601.744ms
[126.581s][info][gc,cpu         ] GC(314) User=12.17s Sys=0.00s Real=1.60s
[126.581s][info][gc,start       ] GC(315) Pause Full (Ergonomics)
[126.581s][info][gc,phases,start] GC(315) Marking Phase
[127.811s][info][gc,phases      ] GC(315) Marking Phase 1230.203ms
[127.811s][info][gc,phases,start] GC(315) Summary Phase
[127.811s][info][gc,phases      ] GC(315) Summary Phase 0.058ms
[127.811s][info][gc,phases,start] GC(315) Adjust Roots
[127.812s][info][gc,phases      ] GC(315) Adjust Roots 0.167ms
[127.812s][info][gc,phases,start] GC(315) Compaction Phase
[128.182s][info][gc,phases      ] GC(315) Compaction Phase 370.242ms
[128.182s][info][gc,phases,start] GC(315) Post Compact
[128.190s][info][gc,phases      ] GC(315) Post Compact 7.770ms
[128.190s][info][gc,heap        ] GC(315) PSYoungGen: 84992K(331776K)->84992K(331776K) Eden: 84992K(84992K)->84992K(84992K) From: 0K(246784K)->0K(246784K)
[128.190s][info][gc,heap        ] GC(315) ParOldGen: 5256590K(5256704K)->5256590K(5256704K)
[128.190s][info][gc,metaspace   ] GC(315) Metaspace: 6299K(6464K)->6299K(6464K) NonClass: 5765K(5824K)->5765K(5824K) Class: 533K(640K)->533K(640K)
[128.190s][info][gc             ] GC(315) Pause Full (Ergonomics) 5216M->5216M(5457M) 1608.921ms
[128.190s][info][gc,cpu         ] GC(315) User=12.23s Sys=0.02s Real=1.61s
[128.190s][info][gc,start       ] GC(316) Pause Full (Ergonomics)
[128.190s][info][gc,phases,start] GC(316) Marking Phase
[129.421s][info][gc,phases      ] GC(316) Marking Phase 1230.419ms
[129.421s][info][gc,phases,start] GC(316) Summary Phase
[129.421s][info][gc,phases      ] GC(316) Summary Phase 0.076ms
[129.421s][info][gc,phases,start] GC(316) Adjust Roots
[129.421s][info][gc,phases      ] GC(316) Adjust Roots 0.239ms
[129.421s][info][gc,phases,start] GC(316) Compaction Phase
[129.783s][info][gc,phases      ] GC(316) Compaction Phase 362.117ms
[129.783s][info][gc,phases,start] GC(316) Post Compact
[129.791s][info][gc,phases      ] GC(316) Post Compact 7.609ms
[129.791s][info][gc,heap        ] GC(316) PSYoungGen: 84992K(331776K)->84992K(331776K) Eden: 84992K(84992K)->84992K(84992K) From: 0K(246784K)->0K(246784K)
[129.791s][info][gc,heap        ] GC(316) ParOldGen: 5256595K(5256704K)->5256595K(5256704K)
[129.791s][info][gc,metaspace   ] GC(316) Metaspace: 6299K(6464K)->6299K(6464K) NonClass: 5765K(5824K)->5765K(5824K) Class: 533K(640K)->533K(640K)
[129.791s][info][gc             ] GC(316) Pause Full (Ergonomics) 5216M->5216M(5457M) 1600.751ms
[129.791s][info][gc,cpu         ] GC(316) User=12.06s Sys=0.00s Real=1.60s
[129.791s][info][gc,start       ] GC(317) Pause Full (Ergonomics)
[129.791s][info][gc,phases,start] GC(317) Marking Phase
[131.019s][info][gc,phases      ] GC(317) Marking Phase 1228.392ms
[131.020s][info][gc,phases,start] GC(317) Summary Phase
[131.020s][info][gc,phases      ] GC(317) Summary Phase 0.061ms
[131.020s][info][gc,phases,start] GC(317) Adjust Roots
[131.020s][info][gc,phases      ] GC(317) Adjust Roots 0.188ms
[131.020s][info][gc,phases,start] GC(317) Compaction Phase
[131.382s][info][gc,phases      ] GC(317) Compaction Phase 361.945ms
[131.382s][info][gc,phases,start] GC(317) Post Compact
[131.390s][info][gc,phases      ] GC(317) Post Compact 7.709ms
[131.390s][info][gc,heap        ] GC(317) PSYoungGen: 84992K(331776K)->84992K(331776K) Eden: 84992K(84992K)->84992K(84992K) From: 0K(246784K)->0K(246784K)
[131.390s][info][gc,heap        ] GC(317) ParOldGen: 5256600K(5256704K)->5256600K(5256704K)
[131.390s][info][gc,metaspace   ] GC(317) Metaspace: 6299K(6464K)->6299K(6464K) NonClass: 5765K(5824K)->5765K(5824K) Class: 533K(640K)->533K(640K)
[131.390s][info][gc             ] GC(317) Pause Full (Ergonomics) 5216M->5216M(5457M) 1598.639ms
[131.390s][info][gc,cpu         ] GC(317) User=12.09s Sys=0.02s Real=1.60s
[131.390s][info][gc,start       ] GC(318) Pause Full (Ergonomics)
[131.390s][info][gc,phases,start] GC(318) Marking Phase
[132.620s][info][gc,phases      ] GC(318) Marking Phase 1230.007ms
[132.620s][info][gc,phases,start] GC(318) Summary Phase
[132.620s][info][gc,phases      ] GC(318) Summary Phase 0.063ms
[132.620s][info][gc,phases,start] GC(318) Adjust Roots
[132.620s][info][gc,phases      ] GC(318) Adjust Roots 0.176ms
[132.620s][info][gc,phases,start] GC(318) Compaction Phase
[132.989s][info][gc,phases      ] GC(318) Compaction Phase 368.819ms
[132.989s][info][gc,phases,start] GC(318) Post Compact
[132.997s][info][gc,phases      ] GC(318) Post Compact 7.635ms
[132.997s][info][gc,heap        ] GC(318) PSYoungGen: 84992K(331776K)->84992K(331776K) Eden: 84992K(84992K)->84992K(84992K) From: 0K(246784K)->0K(246784K)
[132.997s][info][gc,heap        ] GC(318) ParOldGen: 5256605K(5256704K)->5256605K(5256704K)
[132.997s][info][gc,metaspace   ] GC(318) Metaspace: 6299K(6464K)->6299K(6464K) NonClass: 5765K(5824K)->5765K(5824K) Class: 533K(640K)->533K(640K)
[132.997s][info][gc             ] GC(318) Pause Full (Ergonomics) 5216M->5216M(5457M) 1606.993ms
[132.997s][info][gc,cpu         ] GC(318) User=12.00s Sys=0.00s Real=1.61s
[132.997s][info][gc,start       ] GC(319) Pause Full (Ergonomics)
[132.997s][info][gc,phases,start] GC(319) Marking Phase
[134.243s][info][gc,phases      ] GC(319) Marking Phase 1245.834ms
[134.243s][info][gc,phases,start] GC(319) Summary Phase
[134.243s][info][gc,phases      ] GC(319) Summary Phase 0.057ms
[134.243s][info][gc,phases,start] GC(319) Adjust Roots
[134.243s][info][gc,phases      ] GC(319) Adjust Roots 0.205ms
[134.243s][info][gc,phases,start] GC(319) Compaction Phase
[134.624s][info][gc,phases      ] GC(319) Compaction Phase 380.425ms
[134.624s][info][gc,phases,start] GC(319) Post Compact
[134.633s][info][gc,phases      ] GC(319) Post Compact 8.704ms
[134.633s][info][gc,heap        ] GC(319) PSYoungGen: 84992K(331776K)->84992K(331776K) Eden: 84992K(84992K)->84992K(84992K) From: 0K(246784K)->0K(246784K)
[134.633s][info][gc,heap        ] GC(319) ParOldGen: 5256609K(5256704K)->5256609K(5256704K)
[134.633s][info][gc,metaspace   ] GC(319) Metaspace: 6299K(6464K)->6299K(6464K) NonClass: 5765K(5824K)->5765K(5824K) Class: 533K(640K)->533K(640K)
[134.633s][info][gc             ] GC(319) Pause Full (Ergonomics) 5216M->5216M(5457M) 1635.602ms
[134.633s][info][gc,cpu         ] GC(319) User=12.03s Sys=0.00s Real=1.64s
[134.633s][info][gc,start       ] GC(320) Pause Full (Ergonomics)
[134.633s][info][gc,phases,start] GC(320) Marking Phase
[135.865s][info][gc,phases      ] GC(320) Marking Phase 1232.250ms
[135.865s][info][gc,phases,start] GC(320) Summary Phase
[135.865s][info][gc,phases      ] GC(320) Summary Phase 0.064ms
[135.865s][info][gc,phases,start] GC(320) Adjust Roots
[135.866s][info][gc,phases      ] GC(320) Adjust Roots 0.219ms
[135.866s][info][gc,phases,start] GC(320) Compaction Phase
[136.249s][info][gc,phases      ] GC(320) Compaction Phase 383.111ms
[136.249s][info][gc,phases,start] GC(320) Post Compact
[136.257s][info][gc,phases      ] GC(320) Post Compact 8.145ms
[136.257s][info][gc,heap        ] GC(320) PSYoungGen: 84992K(331776K)->84992K(331776K) Eden: 84992K(84992K)->84992K(84992K) From: 0K(246784K)->0K(246784K)
[136.257s][info][gc,heap        ] GC(320) ParOldGen: 5256614K(5256704K)->5256614K(5256704K)
[136.257s][info][gc,metaspace   ] GC(320) Metaspace: 6299K(6464K)->6299K(6464K) NonClass: 5765K(5824K)->5765K(5824K) Class: 533K(640K)->533K(640K)
[136.257s][info][gc             ] GC(320) Pause Full (Ergonomics) 5216M->5216M(5457M) 1624.123ms
[136.257s][info][gc,cpu         ] GC(320) User=11.78s Sys=0.00s Real=1.62s
[136.257s][info][gc,start       ] GC(321) Pause Full (Ergonomics)
[136.257s][info][gc,phases,start] GC(321) Marking Phase
[137.495s][info][gc,phases      ] GC(321) Marking Phase 1237.144ms
[137.495s][info][gc,phases,start] GC(321) Summary Phase
[137.495s][info][gc,phases      ] GC(321) Summary Phase 0.058ms
[137.495s][info][gc,phases,start] GC(321) Adjust Roots
[137.495s][info][gc,phases      ] GC(321) Adjust Roots 0.165ms
[137.495s][info][gc,phases,start] GC(321) Compaction Phase
[137.858s][info][gc,phases      ] GC(321) Compaction Phase 362.924ms
[137.858s][info][gc,phases,start] GC(321) Post Compact
[137.867s][info][gc,phases      ] GC(321) Post Compact 8.977ms
[137.867s][info][gc,heap        ] GC(321) PSYoungGen: 84992K(331776K)->84992K(331776K) Eden: 84992K(84992K)->84992K(84992K) From: 0K(246784K)->0K(246784K)
[137.867s][info][gc,heap        ] GC(321) ParOldGen: 5256619K(5256704K)->5256619K(5256704K)
[137.867s][info][gc,metaspace   ] GC(321) Metaspace: 6299K(6464K)->6299K(6464K) NonClass: 5765K(5824K)->5765K(5824K) Class: 533K(640K)->533K(640K)
[137.867s][info][gc             ] GC(321) Pause Full (Ergonomics) 5216M->5216M(5457M) 1609.647ms
[137.867s][info][gc,cpu         ] GC(321) User=12.16s Sys=0.00s Real=1.61s
[137.867s][info][gc,start       ] GC(322) Pause Full (Ergonomics)
[137.867s][info][gc,phases,start] GC(322) Marking Phase
[139.096s][info][gc,phases      ] GC(322) Marking Phase 1228.985ms
[139.096s][info][gc,phases,start] GC(322) Summary Phase
[139.096s][info][gc,phases      ] GC(322) Summary Phase 0.095ms
[139.096s][info][gc,phases,start] GC(322) Adjust Roots
[139.097s][info][gc,phases      ] GC(322) Adjust Roots 0.188ms
[139.097s][info][gc,phases,start] GC(322) Compaction Phase
[139.461s][info][gc,phases      ] GC(322) Compaction Phase 364.538ms
[139.461s][info][gc,phases,start] GC(322) Post Compact
[139.470s][info][gc,phases      ] GC(322) Post Compact 8.361ms
[139.470s][info][gc,heap        ] GC(322) PSYoungGen: 84992K(331776K)->84992K(331776K) Eden: 84992K(84992K)->84992K(84992K) From: 0K(246784K)->0K(246784K)
[139.470s][info][gc,heap        ] GC(322) ParOldGen: 5256624K(5256704K)->5256624K(5256704K)
[139.470s][info][gc,metaspace   ] GC(322) Metaspace: 6299K(6464K)->6299K(6464K) NonClass: 5765K(5824K)->5765K(5824K) Class: 533K(640K)->533K(640K)
[139.470s][info][gc             ] GC(322) Pause Full (Ergonomics) 5216M->5216M(5457M) 1602.493ms
[139.470s][info][gc,cpu         ] GC(322) User=12.20s Sys=0.00s Real=1.60s
[139.470s][info][gc,start       ] GC(323) Pause Full (Ergonomics)
[139.470s][info][gc,phases,start] GC(323) Marking Phase
[140.711s][info][gc,phases      ] GC(323) Marking Phase 1240.824ms
[140.711s][info][gc,phases,start] GC(323) Summary Phase
[140.711s][info][gc,phases      ] GC(323) Summary Phase 0.059ms
[140.711s][info][gc,phases,start] GC(323) Adjust Roots
[140.711s][info][gc,phases      ] GC(323) Adjust Roots 0.168ms
[140.711s][info][gc,phases,start] GC(323) Compaction Phase
[141.078s][info][gc,phases      ] GC(323) Compaction Phase 367.286ms
[141.078s][info][gc,phases,start] GC(323) Post Compact
[141.087s][info][gc,phases      ] GC(323) Post Compact 8.221ms
[141.087s][info][gc,heap        ] GC(323) PSYoungGen: 84992K(331776K)->84992K(331776K) Eden: 84992K(84992K)->84992K(84992K) From: 0K(246784K)->0K(246784K)
[141.087s][info][gc,heap        ] GC(323) ParOldGen: 5256629K(5256704K)->5256629K(5256704K)
[141.087s][info][gc,metaspace   ] GC(323) Metaspace: 6299K(6464K)->6299K(6464K) NonClass: 5765K(5824K)->5765K(5824K) Class: 533K(640K)->533K(640K)
[141.087s][info][gc             ] GC(323) Pause Full (Ergonomics) 5216M->5216M(5457M) 1616.853ms
[141.087s][info][gc,cpu         ] GC(323) User=12.20s Sys=0.00s Real=1.62s
[141.087s][info][gc,start       ] GC(324) Pause Full (Ergonomics)
[141.087s][info][gc,phases,start] GC(324) Marking Phase
[142.345s][info][gc,phases      ] GC(324) Marking Phase 1257.943ms
[142.345s][info][gc,phases,start] GC(324) Summary Phase
[142.345s][info][gc,phases      ] GC(324) Summary Phase 0.059ms
[142.345s][info][gc,phases,start] GC(324) Adjust Roots
[142.345s][info][gc,phases      ] GC(324) Adjust Roots 0.166ms
[142.345s][info][gc,phases,start] GC(324) Compaction Phase
[142.718s][info][gc,phases      ] GC(324) Compaction Phase 372.273ms
[142.718s][info][gc,phases,start] GC(324) Post Compact
[142.726s][info][gc,phases      ] GC(324) Post Compact 8.413ms
[142.726s][info][gc,heap        ] GC(324) PSYoungGen: 84992K(331776K)->84992K(331776K) Eden: 84992K(84992K)->84992K(84992K) From: 0K(246784K)->0K(246784K)
[142.726s][info][gc,heap        ] GC(324) ParOldGen: 5256634K(5256704K)->5256634K(5256704K)
[142.726s][info][gc,metaspace   ] GC(324) Metaspace: 6299K(6464K)->6299K(6464K) NonClass: 5765K(5824K)->5765K(5824K) Class: 533K(640K)->533K(640K)
[142.726s][info][gc             ] GC(324) Pause Full (Ergonomics) 5216M->5216M(5457M) 1639.216ms
[142.726s][info][gc,cpu         ] GC(324) User=12.41s Sys=0.00s Real=1.64s
[142.726s][info][gc,start       ] GC(325) Pause Full (Ergonomics)
[142.726s][info][gc,phases,start] GC(325) Marking Phase
[143.952s][info][gc,phases      ] GC(325) Marking Phase 1225.954ms
[143.952s][info][gc,phases,start] GC(325) Summary Phase
[143.952s][info][gc,phases      ] GC(325) Summary Phase 0.060ms
[143.953s][info][gc,phases,start] GC(325) Adjust Roots
[143.953s][info][gc,phases      ] GC(325) Adjust Roots 0.184ms
[143.953s][info][gc,phases,start] GC(325) Compaction Phase
[144.318s][info][gc,phases      ] GC(325) Compaction Phase 365.095ms
[144.318s][info][gc,phases,start] GC(325) Post Compact
[144.326s][info][gc,phases      ] GC(325) Post Compact 8.418ms
[144.326s][info][gc,heap        ] GC(325) PSYoungGen: 84992K(331776K)->84992K(331776K) Eden: 84992K(84992K)->84992K(84992K) From: 0K(246784K)->0K(246784K)
[144.326s][info][gc,heap        ] GC(325) ParOldGen: 5256638K(5256704K)->5256638K(5256704K)
[144.326s][info][gc,metaspace   ] GC(325) Metaspace: 6299K(6464K)->6299K(6464K) NonClass: 5765K(5824K)->5765K(5824K) Class: 533K(640K)->533K(640K)
[144.326s][info][gc             ] GC(325) Pause Full (Ergonomics) 5216M->5216M(5457M) 1600.047ms
[144.326s][info][gc,cpu         ] GC(325) User=12.06s Sys=0.00s Real=1.60s
[144.327s][info][gc,start       ] GC(326) Pause Full (Ergonomics)
[144.327s][info][gc,phases,start] GC(326) Marking Phase
[145.542s][info][gc,phases      ] GC(326) Marking Phase 1215.477ms
[145.542s][info][gc,phases,start] GC(326) Summary Phase
[145.542s][info][gc,phases      ] GC(326) Summary Phase 0.078ms
[145.542s][info][gc,phases,start] GC(326) Adjust Roots
[145.543s][info][gc,phases      ] GC(326) Adjust Roots 0.188ms
[145.543s][info][gc,phases,start] GC(326) Compaction Phase
[145.906s][info][gc,phases      ] GC(326) Compaction Phase 363.861ms
[145.906s][info][gc,phases,start] GC(326) Post Compact
[145.915s][info][gc,phases      ] GC(326) Post Compact 8.402ms
[145.915s][info][gc,heap        ] GC(326) PSYoungGen: 84992K(331776K)->84992K(331776K) Eden: 84992K(84992K)->84992K(84992K) From: 0K(246784K)->0K(246784K)
[145.915s][info][gc,heap        ] GC(326) ParOldGen: 5256643K(5256704K)->5256643K(5256704K)
[145.915s][info][gc,metaspace   ] GC(326) Metaspace: 6299K(6464K)->6299K(6464K) NonClass: 5765K(5824K)->5765K(5824K) Class: 533K(640K)->533K(640K)
[145.915s][info][gc             ] GC(326) Pause Full (Ergonomics) 5216M->5216M(5457M) 1588.360ms
[145.915s][info][gc,cpu         ] GC(326) User=11.86s Sys=0.02s Real=1.59s
[145.915s][info][gc,start       ] GC(327) Pause Full (Ergonomics)
[145.915s][info][gc,phases,start] GC(327) Marking Phase
[147.151s][info][gc,phases      ] GC(327) Marking Phase 1235.849ms
[147.151s][info][gc,phases,start] GC(327) Summary Phase
[147.151s][info][gc,phases      ] GC(327) Summary Phase 0.107ms
[147.151s][info][gc,phases,start] GC(327) Adjust Roots
[147.152s][info][gc,phases      ] GC(327) Adjust Roots 0.199ms
[147.152s][info][gc,phases,start] GC(327) Compaction Phase
[147.517s][info][gc,phases      ] GC(327) Compaction Phase 365.140ms
[147.517s][info][gc,phases,start] GC(327) Post Compact
[147.525s][info][gc,phases      ] GC(327) Post Compact 8.385ms
[147.525s][info][gc,heap        ] GC(327) PSYoungGen: 84992K(331776K)->84992K(331776K) Eden: 84992K(84992K)->84992K(84992K) From: 0K(246784K)->0K(246784K)
[147.525s][info][gc,heap        ] GC(327) ParOldGen: 5256648K(5256704K)->5256648K(5256704K)
[147.525s][info][gc,metaspace   ] GC(327) Metaspace: 6299K(6464K)->6299K(6464K) NonClass: 5765K(5824K)->5765K(5824K) Class: 533K(640K)->533K(640K)
[147.525s][info][gc             ] GC(327) Pause Full (Ergonomics) 5216M->5216M(5457M) 1610.028ms
[147.525s][info][gc,cpu         ] GC(327) User=12.08s Sys=0.00s Real=1.61s
[147.525s][info][gc,start       ] GC(328) Pause Full (Ergonomics)
[147.525s][info][gc,phases,start] GC(328) Marking Phase
[148.763s][info][gc,phases      ] GC(328) Marking Phase 1237.738ms
[148.763s][info][gc,phases,start] GC(328) Summary Phase
[148.763s][info][gc,phases      ] GC(328) Summary Phase 0.107ms
[148.763s][info][gc,phases,start] GC(328) Adjust Roots
[148.764s][info][gc,phases      ] GC(328) Adjust Roots 0.247ms
[148.764s][info][gc,phases,start] GC(328) Compaction Phase
[149.135s][info][gc,phases      ] GC(328) Compaction Phase 370.819ms
[149.135s][info][gc,phases,start] GC(328) Post Compact
[149.144s][info][gc,phases      ] GC(328) Post Compact 9.010ms
[149.144s][info][gc,heap        ] GC(328) PSYoungGen: 84992K(331776K)->84992K(331776K) Eden: 84992K(84992K)->84992K(84992K) From: 0K(246784K)->0K(246784K)
[149.144s][info][gc,heap        ] GC(328) ParOldGen: 5256653K(5256704K)->5256653K(5256704K)
[149.144s][info][gc,metaspace   ] GC(328) Metaspace: 6299K(6464K)->6299K(6464K) NonClass: 5765K(5824K)->5765K(5824K) Class: 533K(640K)->533K(640K)
[149.144s][info][gc             ] GC(328) Pause Full (Ergonomics) 5216M->5216M(5457M) 1618.308ms
[149.144s][info][gc,cpu         ] GC(328) User=12.17s Sys=0.00s Real=1.62s
[149.144s][info][gc,start       ] GC(329) Pause Full (Ergonomics)
[149.144s][info][gc,phases,start] GC(329) Marking Phase
[150.364s][info][gc,phases      ] GC(329) Marking Phase 1219.864ms
[150.364s][info][gc,phases,start] GC(329) Summary Phase
[150.364s][info][gc,phases      ] GC(329) Summary Phase 0.058ms
[150.364s][info][gc,phases,start] GC(329) Adjust Roots
[150.364s][info][gc,phases      ] GC(329) Adjust Roots 0.198ms
[150.364s][info][gc,phases,start] GC(329) Compaction Phase
[150.728s][info][gc,phases      ] GC(329) Compaction Phase 364.078ms
[150.728s][info][gc,phases,start] GC(329) Post Compact
[150.737s][info][gc,phases      ] GC(329) Post Compact 8.897ms
[150.737s][info][gc,heap        ] GC(329) PSYoungGen: 84992K(331776K)->84992K(331776K) Eden: 84992K(84992K)->84992K(84992K) From: 0K(246784K)->0K(246784K)
[150.737s][info][gc,heap        ] GC(329) ParOldGen: 5256658K(5256704K)->5256658K(5256704K)
[150.737s][info][gc,metaspace   ] GC(329) Metaspace: 6299K(6464K)->6299K(6464K) NonClass: 5765K(5824K)->5765K(5824K) Class: 533K(640K)->533K(640K)
[150.737s][info][gc             ] GC(329) Pause Full (Ergonomics) 5216M->5216M(5457M) 1593.505ms
[150.737s][info][gc,cpu         ] GC(329) User=12.16s Sys=0.00s Real=1.59s
[150.738s][info][gc,start       ] GC(330) Pause Full (Ergonomics)
[150.738s][info][gc,phases,start] GC(330) Marking Phase
[151.975s][info][gc,phases      ] GC(330) Marking Phase 1236.861ms
[151.975s][info][gc,phases,start] GC(330) Summary Phase
[151.975s][info][gc,phases      ] GC(330) Summary Phase 0.061ms
[151.975s][info][gc,phases,start] GC(330) Adjust Roots
[151.975s][info][gc,phases      ] GC(330) Adjust Roots 0.168ms
[151.975s][info][gc,phases,start] GC(330) Compaction Phase
[152.342s][info][gc,phases      ] GC(330) Compaction Phase 367.168ms
[152.342s][info][gc,phases,start] GC(330) Post Compact
[152.351s][info][gc,phases      ] GC(330) Post Compact 8.768ms
[152.351s][info][gc,heap        ] GC(330) PSYoungGen: 84992K(331776K)->84992K(331776K) Eden: 84992K(84992K)->84992K(84992K) From: 0K(246784K)->0K(246784K)
[152.351s][info][gc,heap        ] GC(330) ParOldGen: 5256663K(5256704K)->5256663K(5256704K)
[152.351s][info][gc,metaspace   ] GC(330) Metaspace: 6299K(6464K)->6299K(6464K) NonClass: 5765K(5824K)->5765K(5824K) Class: 533K(640K)->533K(640K)
[152.351s][info][gc             ] GC(330) Pause Full (Ergonomics) 5216M->5216M(5457M) 1613.369ms
[152.351s][info][gc,cpu         ] GC(330) User=12.23s Sys=0.00s Real=1.61s
[152.351s][info][gc,start       ] GC(331) Pause Full (Ergonomics)
[152.351s][info][gc,phases,start] GC(331) Marking Phase
[153.586s][info][gc,phases      ] GC(331) Marking Phase 1234.313ms
[153.586s][info][gc,phases,start] GC(331) Summary Phase
[153.586s][info][gc,phases      ] GC(331) Summary Phase 0.058ms
[153.586s][info][gc,phases,start] GC(331) Adjust Roots
[153.586s][info][gc,phases      ] GC(331) Adjust Roots 0.193ms
[153.586s][info][gc,phases,start] GC(331) Compaction Phase
[153.956s][info][gc,phases      ] GC(331) Compaction Phase 369.715ms
[153.956s][info][gc,phases,start] GC(331) Post Compact
[153.965s][info][gc,phases      ] GC(331) Post Compact 8.941ms
[153.965s][info][gc,heap        ] GC(331) PSYoungGen: 84992K(331776K)->84992K(331776K) Eden: 84992K(84992K)->84992K(84992K) From: 0K(246784K)->0K(246784K)
[153.965s][info][gc,heap        ] GC(331) ParOldGen: 5256667K(5256704K)->5256667K(5256704K)
[153.965s][info][gc,metaspace   ] GC(331) Metaspace: 6299K(6464K)->6299K(6464K) NonClass: 5765K(5824K)->5765K(5824K) Class: 533K(640K)->533K(640K)
[153.965s][info][gc             ] GC(331) Pause Full (Ergonomics) 5216M->5216M(5457M) 1613.604ms
[153.965s][info][gc,cpu         ] GC(331) User=12.03s Sys=0.00s Real=1.61s
[153.965s][info][gc,start       ] GC(332) Pause Full (Ergonomics)
[153.965s][info][gc,phases,start] GC(332) Marking Phase
[155.207s][info][gc,phases      ] GC(332) Marking Phase 1241.790ms
[155.207s][info][gc,phases,start] GC(332) Summary Phase
[155.207s][info][gc,phases      ] GC(332) Summary Phase 0.060ms
[155.207s][info][gc,phases,start] GC(332) Adjust Roots
[155.207s][info][gc,phases      ] GC(332) Adjust Roots 0.195ms
[155.207s][info][gc,phases,start] GC(332) Compaction Phase
[155.570s][info][gc,phases      ] GC(332) Compaction Phase 362.736ms
[155.570s][info][gc,phases,start] GC(332) Post Compact
[155.578s][info][gc,phases      ] GC(332) Post Compact 7.762ms
[155.578s][info][gc,heap        ] GC(332) PSYoungGen: 84992K(331776K)->84992K(331776K) Eden: 84992K(84992K)->84992K(84992K) From: 0K(246784K)->0K(246784K)
[155.578s][info][gc,heap        ] GC(332) ParOldGen: 5256672K(5256704K)->5256672K(5256704K)
[155.578s][info][gc,metaspace   ] GC(332) Metaspace: 6299K(6464K)->6299K(6464K) NonClass: 5765K(5824K)->5765K(5824K) Class: 533K(640K)->533K(640K)
[155.578s][info][gc             ] GC(332) Pause Full (Ergonomics) 5216M->5216M(5457M) 1612.856ms
[155.578s][info][gc,cpu         ] GC(332) User=12.08s Sys=0.02s Real=1.61s
[155.578s][info][gc,start       ] GC(333) Pause Full (Ergonomics)
[155.578s][info][gc,phases,start] GC(333) Marking Phase
[156.790s][info][gc,phases      ] GC(333) Marking Phase 1211.858ms
[156.790s][info][gc,phases,start] GC(333) Summary Phase
[156.790s][info][gc,phases      ] GC(333) Summary Phase 0.058ms
[156.790s][info][gc,phases,start] GC(333) Adjust Roots
[156.790s][info][gc,phases      ] GC(333) Adjust Roots 0.166ms
[156.790s][info][gc,phases,start] GC(333) Compaction Phase
[157.160s][info][gc,phases      ] GC(333) Compaction Phase 369.812ms
[157.160s][info][gc,phases,start] GC(333) Post Compact
[157.168s][info][gc,phases      ] GC(333) Post Compact 7.691ms
[157.168s][info][gc,heap        ] GC(333) PSYoungGen: 84992K(331776K)->84992K(331776K) Eden: 84992K(84992K)->84992K(84992K) From: 0K(246784K)->0K(246784K)
[157.168s][info][gc,heap        ] GC(333) ParOldGen: 5256677K(5256704K)->5256677K(5256704K)
[157.168s][info][gc,metaspace   ] GC(333) Metaspace: 6299K(6464K)->6299K(6464K) NonClass: 5765K(5824K)->5765K(5824K) Class: 533K(640K)->533K(640K)
[157.168s][info][gc             ] GC(333) Pause Full (Ergonomics) 5216M->5216M(5457M) 1589.934ms
[157.168s][info][gc,cpu         ] GC(333) User=11.88s Sys=0.00s Real=1.59s
[157.168s][info][gc,start       ] GC(334) Pause Full (Ergonomics)
[157.168s][info][gc,phases,start] GC(334) Marking Phase
[158.395s][info][gc,phases      ] GC(334) Marking Phase 1226.622ms
[158.395s][info][gc,phases,start] GC(334) Summary Phase
[158.395s][info][gc,phases      ] GC(334) Summary Phase 0.058ms
[158.395s][info][gc,phases,start] GC(334) Adjust Roots
[158.395s][info][gc,phases      ] GC(334) Adjust Roots 0.171ms
[158.395s][info][gc,phases,start] GC(334) Compaction Phase
[158.766s][info][gc,phases      ] GC(334) Compaction Phase 371.057ms
[158.766s][info][gc,phases,start] GC(334) Post Compact
[158.774s][info][gc,phases      ] GC(334) Post Compact 7.854ms
[158.774s][info][gc,heap        ] GC(334) PSYoungGen: 84992K(331776K)->84992K(331776K) Eden: 84992K(84992K)->84992K(84992K) From: 0K(246784K)->0K(246784K)
[158.774s][info][gc,heap        ] GC(334) ParOldGen: 5256682K(5256704K)->5256682K(5256704K)
[158.774s][info][gc,metaspace   ] GC(334) Metaspace: 6299K(6464K)->6299K(6464K) NonClass: 5765K(5824K)->5765K(5824K) Class: 533K(640K)->533K(640K)
[158.774s][info][gc             ] GC(334) Pause Full (Ergonomics) 5216M->5216M(5457M) 1606.088ms
[158.774s][info][gc,cpu         ] GC(334) User=12.14s Sys=0.00s Real=1.61s
[158.775s][info][gc,start       ] GC(335) Pause Full (Ergonomics)
[158.775s][info][gc,phases,start] GC(335) Marking Phase
[159.999s][info][gc,phases      ] GC(335) Marking Phase 1224.411ms
[159.999s][info][gc,phases,start] GC(335) Summary Phase
[159.999s][info][gc,phases      ] GC(335) Summary Phase 0.065ms
[159.999s][info][gc,phases,start] GC(335) Adjust Roots
[159.999s][info][gc,phases      ] GC(335) Adjust Roots 0.235ms
[159.999s][info][gc,phases,start] GC(335) Compaction Phase
[160.365s][info][gc,phases      ] GC(335) Compaction Phase 365.717ms
[160.365s][info][gc,phases,start] GC(335) Post Compact
[160.374s][info][gc,phases      ] GC(335) Post Compact 8.291ms
[160.374s][info][gc,heap        ] GC(335) PSYoungGen: 84992K(331776K)->84992K(331776K) Eden: 84992K(84992K)->84992K(84992K) From: 0K(246784K)->0K(246784K)
[160.374s][info][gc,heap        ] GC(335) ParOldGen: 5256687K(5256704K)->5256687K(5256704K)
[160.374s][info][gc,metaspace   ] GC(335) Metaspace: 6299K(6464K)->6299K(6464K) NonClass: 5765K(5824K)->5765K(5824K) Class: 533K(640K)->533K(640K)
[160.374s][info][gc             ] GC(335) Pause Full (Ergonomics) 5216M->5216M(5457M) 1599.048ms
[160.374s][info][gc,cpu         ] GC(335) User=11.91s Sys=0.00s Real=1.60s
[160.374s][info][gc,start       ] GC(336) Pause Full (Ergonomics)
[160.374s][info][gc,phases,start] GC(336) Marking Phase
[161.601s][info][gc,phases      ] GC(336) Marking Phase 1226.895ms
[161.601s][info][gc,phases,start] GC(336) Summary Phase
[161.601s][info][gc,phases      ] GC(336) Summary Phase 0.074ms
[161.601s][info][gc,phases,start] GC(336) Adjust Roots
[161.601s][info][gc,phases      ] GC(336) Adjust Roots 0.263ms
[161.601s][info][gc,phases,start] GC(336) Compaction Phase
[161.968s][info][gc,phases      ] GC(336) Compaction Phase 367.195ms
[161.969s][info][gc,phases,start] GC(336) Post Compact
[161.977s][info][gc,phases      ] GC(336) Post Compact 8.776ms
[161.977s][info][gc,heap        ] GC(336) PSYoungGen: 84992K(331776K)->84992K(331776K) Eden: 84992K(84992K)->84992K(84992K) From: 0K(246784K)->0K(246784K)
[161.977s][info][gc,heap        ] GC(336) ParOldGen: 5256692K(5256704K)->5256692K(5256704K)
[161.977s][info][gc,metaspace   ] GC(336) Metaspace: 6299K(6464K)->6299K(6464K) NonClass: 5765K(5824K)->5765K(5824K) Class: 533K(640K)->533K(640K)
[161.977s][info][gc             ] GC(336) Pause Full (Ergonomics) 5216M->5216M(5457M) 1603.549ms
[161.977s][info][gc,cpu         ] GC(336) User=11.98s Sys=0.00s Real=1.60s
[161.978s][info][gc,start       ] GC(337) Pause Full (Ergonomics)
[161.978s][info][gc,phases,start] GC(337) Marking Phase
[163.223s][info][gc,phases      ] GC(337) Marking Phase 1245.275ms
[163.223s][info][gc,phases,start] GC(337) Summary Phase
[163.223s][info][gc,phases      ] GC(337) Summary Phase 0.065ms
[163.223s][info][gc,phases,start] GC(337) Adjust Roots
[163.223s][info][gc,phases      ] GC(337) Adjust Roots 0.181ms
[163.223s][info][gc,phases,start] GC(337) Compaction Phase
[163.592s][info][gc,phases      ] GC(337) Compaction Phase 368.757ms
[163.592s][info][gc,phases,start] GC(337) Post Compact
[163.601s][info][gc,phases      ] GC(337) Post Compact 8.740ms
[163.601s][info][gc,heap        ] GC(337) PSYoungGen: 84992K(331776K)->84992K(331776K) Eden: 84992K(84992K)->84992K(84992K) From: 0K(246784K)->0K(246784K)
[163.601s][info][gc,heap        ] GC(337) ParOldGen: 5256696K(5256704K)->5256696K(5256704K)
[163.601s][info][gc,metaspace   ] GC(337) Metaspace: 6299K(6464K)->6299K(6464K) NonClass: 5765K(5824K)->5765K(5824K) Class: 533K(640K)->533K(640K)
[163.601s][info][gc             ] GC(337) Pause Full (Ergonomics) 5216M->5216M(5457M) 1623.342ms
[163.601s][info][gc,cpu         ] GC(337) User=12.17s Sys=0.00s Real=1.62s
[163.601s][info][gc,start       ] GC(338) Pause Full (Ergonomics)
[163.601s][info][gc,phases,start] GC(338) Marking Phase
[164.787s][info][gc,phases      ] GC(338) Marking Phase 1185.561ms
[164.787s][info][gc,phases,start] GC(338) Summary Phase
[164.787s][info][gc,phases      ] GC(338) Summary Phase 0.076ms
[164.787s][info][gc,phases,start] GC(338) Adjust Roots
[164.787s][info][gc,phases      ] GC(338) Adjust Roots 0.240ms
[164.787s][info][gc,phases,start] GC(338) Compaction Phase
[165.150s][info][gc,phases      ] GC(338) Compaction Phase 363.058ms
[165.150s][info][gc,phases,start] GC(338) Post Compact
[165.158s][info][gc,phases      ] GC(338) Post Compact 7.747ms
[165.158s][info][gc,heap        ] GC(338) PSYoungGen: 84992K(331776K)->84992K(331776K) Eden: 84992K(84992K)->84992K(84992K) From: 0K(246784K)->0K(246784K)
[165.158s][info][gc,heap        ] GC(338) ParOldGen: 5256701K(5256704K)->5256701K(5256704K)
[165.158s][info][gc,metaspace   ] GC(338) Metaspace: 6299K(6464K)->6299K(6464K) NonClass: 5765K(5824K)->5765K(5824K) Class: 533K(640K)->533K(640K)
[165.158s][info][gc             ] GC(338) Pause Full (Ergonomics) 5216M->5216M(5457M) 1557.014ms
[165.158s][info][gc,cpu         ] GC(338) User=11.70s Sys=0.00s Real=1.56s
[165.158s][info][gc,start       ] GC(339) Pause Full (Ergonomics)
[165.158s][info][gc,phases,start] GC(339) Marking Phase
[166.409s][info][gc,phases      ] GC(339) Marking Phase 1250.485ms
[166.409s][info][gc,phases,start] GC(339) Summary Phase
[166.409s][info][gc,phases      ] GC(339) Summary Phase 0.058ms
[166.409s][info][gc,phases,start] GC(339) Adjust Roots
[166.409s][info][gc,phases      ] GC(339) Adjust Roots 0.168ms
[166.409s][info][gc,phases,start] GC(339) Compaction Phase
[166.777s][info][gc,phases      ] GC(339) Compaction Phase 367.720ms
[166.777s][info][gc,phases,start] GC(339) Post Compact
[166.785s][info][gc,phases      ] GC(339) Post Compact 7.689ms
[166.785s][info][gc,heap        ] GC(339) PSYoungGen: 84992K(331776K)->84992K(331776K) Eden: 84992K(84992K)->84992K(84992K) From: 0K(246784K)->0K(246784K)
[166.785s][info][gc,heap        ] GC(339) ParOldGen: 5256703K(5256704K)->5256703K(5256704K)
[166.785s][info][gc,metaspace   ] GC(339) Metaspace: 6299K(6464K)->6299K(6464K) NonClass: 5765K(5824K)->5765K(5824K) Class: 533K(640K)->533K(640K)
[166.785s][info][gc             ] GC(339) Pause Full (Ergonomics) 5216M->5216M(5457M) 1626.401ms
[166.785s][info][gc,cpu         ] GC(339) User=12.38s Sys=0.00s Real=1.63s
[166.785s][info][gc,start       ] GC(340) Pause Full (Allocation Failure)
[166.785s][info][gc,phases,start] GC(340) Marking Phase
[168.022s][info][gc,phases      ] GC(340) Marking Phase 1237.365ms
[168.022s][info][gc,phases,start] GC(340) Summary Phase
[168.022s][info][gc,phases      ] GC(340) Summary Phase 0.060ms
[168.022s][info][gc,phases,start] GC(340) Adjust Roots
[168.023s][info][gc,phases      ] GC(340) Adjust Roots 0.402ms
[168.023s][info][gc,phases,start] GC(340) Compaction Phase
[169.361s][info][gc,phases      ] GC(340) Compaction Phase 1338.521ms
[169.361s][info][gc,phases,start] GC(340) Post Compact
[169.369s][info][gc,phases      ] GC(340) Post Compact 7.801ms
[169.369s][info][gc,heap        ] GC(340) PSYoungGen: 84992K(331776K)->84992K(331776K) Eden: 84992K(84992K)->84992K(84992K) From: 0K(246784K)->0K(246784K)
[169.369s][info][gc,heap        ] GC(340) ParOldGen: 5256703K(5256704K)->5256699K(5256704K)
[169.369s][info][gc,metaspace   ] GC(340) Metaspace: 6299K(6464K)->6297K(6464K) NonClass: 5765K(5824K)->5764K(5824K) Class: 533K(640K)->532K(640K)
[169.369s][info][gc             ] GC(340) Pause Full (Allocation Failure) 5216M->5216M(5457M) 2584.445ms
[169.369s][info][gc,cpu         ] GC(340) User=19.19s Sys=0.05s Real=2.59s
[169.370s][info][gc,start       ] GC(341) Pause Full (Ergonomics)
[169.370s][info][gc,phases,start] GC(341) Marking Phase
[170.609s][info][gc,phases      ] GC(341) Marking Phase 1239.698ms
[170.610s][info][gc,phases,start] GC(341) Summary Phase
[170.610s][info][gc,phases      ] GC(341) Summary Phase 0.058ms
[170.610s][info][gc,phases,start] GC(341) Adjust Roots
[170.610s][info][gc,phases      ] GC(341) Adjust Roots 0.163ms
[170.610s][info][gc,phases,start] GC(341) Compaction Phase
[170.976s][info][gc,phases      ] GC(341) Compaction Phase 366.635ms
[170.976s][info][gc,phases,start] GC(341) Post Compact
[170.984s][info][gc,phases      ] GC(341) Post Compact 7.776ms
[170.984s][info][gc,heap        ] GC(341) PSYoungGen: 84992K(331776K)->84992K(331776K) Eden: 84992K(84992K)->84992K(84992K) From: 0K(246784K)->0K(246784K)
[170.984s][info][gc,heap        ] GC(341) ParOldGen: 5256702K(5256704K)->5256702K(5256704K)
[170.984s][info][gc,metaspace   ] GC(341) Metaspace: 6297K(6464K)->6297K(6464K) NonClass: 5764K(5824K)->5764K(5824K) Class: 532K(640K)->532K(640K)
[170.984s][info][gc             ] GC(341) Pause Full (Ergonomics) 5216M->5216M(5457M) 1614.674ms
[170.984s][info][gc,cpu         ] GC(341) User=12.38s Sys=0.00s Real=1.62s
[170.985s][info][gc,start       ] GC(342) Pause Full (Ergonomics)
[170.985s][info][gc,phases,start] GC(342) Marking Phase
[172.184s][info][gc,phases      ] GC(342) Marking Phase 1199.001ms
[172.184s][info][gc,phases,start] GC(342) Summary Phase
[172.184s][info][gc,phases      ] GC(342) Summary Phase 0.060ms
[172.184s][info][gc,phases,start] GC(342) Adjust Roots
[172.184s][info][gc,phases      ] GC(342) Adjust Roots 0.174ms
[172.184s][info][gc,phases,start] GC(342) Compaction Phase
[172.543s][info][gc,phases      ] GC(342) Compaction Phase 359.307ms
[172.544s][info][gc,phases,start] GC(342) Post Compact
[172.551s][info][gc,phases      ] GC(342) Post Compact 7.609ms
[172.551s][info][gc,heap        ] GC(342) PSYoungGen: 84992K(331776K)->84992K(331776K) Eden: 84992K(84992K)->84992K(84992K) From: 0K(246784K)->0K(246784K)
[172.551s][info][gc,heap        ] GC(342) ParOldGen: 5256703K(5256704K)->5256703K(5256704K)
[172.551s][info][gc,metaspace   ] GC(342) Metaspace: 6297K(6464K)->6297K(6464K) NonClass: 5764K(5824K)->5764K(5824K) Class: 532K(640K)->532K(640K)
[172.551s][info][gc             ] GC(342) Pause Full (Ergonomics) 5216M->5216M(5457M) 1566.446ms
[172.551s][info][gc,cpu         ] GC(342) User=11.81s Sys=0.02s Real=1.57s
[172.551s][info][gc,start       ] GC(343) Pause Full (Allocation Failure)
[172.551s][info][gc,phases,start] GC(343) Marking Phase
[173.798s][info][gc,phases      ] GC(343) Marking Phase 1246.673ms
[173.798s][info][gc,phases,start] GC(343) Summary Phase
[173.798s][info][gc,phases      ] GC(343) Summary Phase 0.075ms
[173.798s][info][gc,phases,start] GC(343) Adjust Roots
[173.798s][info][gc,phases      ] GC(343) Adjust Roots 0.197ms
[173.798s][info][gc,phases,start] GC(343) Compaction Phase
[174.162s][info][gc,phases      ] GC(343) Compaction Phase 363.391ms
[174.162s][info][gc,phases,start] GC(343) Post Compact
[174.170s][info][gc,phases      ] GC(343) Post Compact 7.696ms
[174.170s][info][gc,heap        ] GC(343) PSYoungGen: 84992K(331776K)->84992K(331776K) Eden: 84992K(84992K)->84992K(84992K) From: 0K(246784K)->0K(246784K)
[174.170s][info][gc,heap        ] GC(343) ParOldGen: 5256703K(5256704K)->5256703K(5256704K)
[174.170s][info][gc,metaspace   ] GC(343) Metaspace: 6297K(6464K)->6297K(6464K) NonClass: 5764K(5824K)->5764K(5824K) Class: 532K(640K)->532K(640K)
[174.170s][info][gc             ] GC(343) Pause Full (Allocation Failure) 5216M->5216M(5457M) 1618.367ms
[174.170s][info][gc,cpu         ] GC(343) User=12.28s Sys=0.00s Real=1.62s
[174.170s][info][gc,start       ] GC(344) Pause Full (Ergonomics)
[174.170s][info][gc,phases,start] GC(344) Marking Phase
[175.420s][info][gc,phases      ] GC(344) Marking Phase 1250.063ms
[175.420s][info][gc,phases,start] GC(344) Summary Phase
[175.420s][info][gc,phases      ] GC(344) Summary Phase 0.062ms
[175.420s][info][gc,phases,start] GC(344) Adjust Roots
[175.421s][info][gc,phases      ] GC(344) Adjust Roots 0.298ms
[175.421s][info][gc,phases,start] GC(344) Compaction Phase
[176.759s][info][gc,phases      ] GC(344) Compaction Phase 1337.927ms
[176.759s][info][gc,phases,start] GC(344) Post Compact
[176.766s][info][gc,phases      ] GC(344) Post Compact 7.831ms
[176.767s][info][gc,heap        ] GC(344) PSYoungGen: 84992K(331776K)->84992K(331776K) Eden: 84992K(84992K)->84992K(84992K) From: 0K(246784K)->0K(246784K)
[176.767s][info][gc,heap        ] GC(344) ParOldGen: 5256704K(5256704K)->5256702K(5256704K)
[176.767s][info][gc,metaspace   ] GC(344) Metaspace: 6297K(6464K)->6297K(6464K) NonClass: 5764K(5824K)->5764K(5824K) Class: 532K(640K)->532K(640K)
[176.767s][info][gc             ] GC(344) Pause Full (Ergonomics) 5216M->5216M(5457M) 2596.524ms
[176.767s][info][gc,cpu         ] GC(344) User=19.45s Sys=0.02s Real=2.60s
[176.768s][info][gc,start       ] GC(345) Pause Full (Ergonomics)
[176.768s][info][gc,phases,start] GC(345) Marking Phase
[177.993s][info][gc,phases      ] GC(345) Marking Phase 1225.650ms
[177.993s][info][gc,phases,start] GC(345) Summary Phase
[177.993s][info][gc,phases      ] GC(345) Summary Phase 0.060ms
[177.993s][info][gc,phases,start] GC(345) Adjust Roots
[177.994s][info][gc,phases      ] GC(345) Adjust Roots 0.251ms
[177.994s][info][gc,phases,start] GC(345) Compaction Phase
[179.339s][info][gc,phases      ] GC(345) Compaction Phase 1345.390ms
[179.339s][info][gc,phases,start] GC(345) Post Compact
[179.347s][info][gc,phases      ] GC(345) Post Compact 7.738ms
[179.347s][info][gc,heap        ] GC(345) PSYoungGen: 84992K(331776K)->84992K(331776K) Eden: 84992K(84992K)->84992K(84992K) From: 0K(246784K)->0K(246784K)
[179.347s][info][gc,heap        ] GC(345) ParOldGen: 5256703K(5256704K)->5256701K(5256704K)
[179.347s][info][gc,metaspace   ] GC(345) Metaspace: 6299K(6464K)->6299K(6464K) NonClass: 5765K(5824K)->5765K(5824K) Class: 533K(640K)->533K(640K)
[179.347s][info][gc             ] GC(345) Pause Full (Ergonomics) 5216M->5216M(5457M) 2579.438ms
[179.347s][info][gc,cpu         ] GC(345) User=19.28s Sys=0.00s Real=2.58s
[179.348s][info][gc,start       ] GC(346) Pause Full (Ergonomics)
[179.348s][info][gc,phases,start] GC(346) Marking Phase
[180.553s][info][gc,phases      ] GC(346) Marking Phase 1205.315ms
[180.553s][info][gc,phases,start] GC(346) Summary Phase
[180.553s][info][gc,phases      ] GC(346) Summary Phase 0.063ms
[180.553s][info][gc,phases,start] GC(346) Adjust Roots
[180.553s][info][gc,phases      ] GC(346) Adjust Roots 0.252ms
[180.553s][info][gc,phases,start] GC(346) Compaction Phase
[181.887s][info][gc,phases      ] GC(346) Compaction Phase 1333.608ms
[181.887s][info][gc,phases,start] GC(346) Post Compact
[181.895s][info][gc,phases      ] GC(346) Post Compact 7.749ms
[181.895s][info][gc,heap        ] GC(346) PSYoungGen: 84992K(331776K)->84992K(331776K) Eden: 84992K(84992K)->84992K(84992K) From: 0K(246784K)->0K(246784K)
[181.895s][info][gc,heap        ] GC(346) ParOldGen: 5256701K(5256704K)->5256701K(5256704K)
[181.895s][info][gc,metaspace   ] GC(346) Metaspace: 6301K(6464K)->6301K(6464K) NonClass: 5766K(5824K)->5766K(5824K) Class: 534K(640K)->534K(640K)
[181.895s][info][gc             ] GC(346) Pause Full (Ergonomics) 5216M->5216M(5457M) 2547.302ms
[181.895s][info][gc,cpu         ] GC(346) User=19.02s Sys=0.02s Real=2.55s
[181.895s][info][gc,heap,exit   ] Heap
[181.895s][info][gc,heap,exit   ]  PSYoungGen      total 331776K, used 84992K [0x000000075f980000, 0x0000000783800000, 0x0000000800000000)
[181.895s][info][gc,heap,exit   ]   eden space 84992K, 100% used [0x000000075f980000,0x0000000764c80000,0x0000000764c80000)
[181.895s][info][gc,heap,exit   ]   from space 246784K, 0% used [0x0000000773d80000,0x0000000773d80000,0x0000000782e80000)
[181.895s][info][gc,heap,exit   ]   to   space 246784K, 0% used [0x0000000764c80000,0x0000000764c80000,0x0000000773d80000)
[181.895s][info][gc,heap,exit   ]  ParOldGen       total 5256704K, used 5256701K [0x000000061ec00000, 0x000000075f980000, 0x000000075f980000)
[181.895s][info][gc,heap,exit   ]   object space 5256704K, 99% used [0x000000061ec00000,0x000000075f97f630,0x000000075f980000)
[181.895s][info][gc,heap,exit   ]  Metaspace       used 6302K, committed 6464K, reserved 1114112K
[181.895s][info][gc,heap,exit   ]   class space    used 534K, committed 640K, reserved 1048576K
