[0.015s][info][gc,init] CardTable entry size: 512
[0.015s][info][gc     ] Using Parallel
[0.016s][info][gc,init] Version: 18.0.1+10 (release)
[0.016s][info][gc,init] CPUs: 8 total, 8 available
[0.016s][info][gc,init] Memory: 16063M
[0.016s][info][gc,init] Large Page Support: Disabled
[0.016s][info][gc,init] NUMA Support: Disabled
[0.016s][info][gc,init] Compressed Oops: Enabled (32-bit)
[0.016s][info][gc,init] Alignments: Space 512K, Generation 512K, Heap 2M
[0.016s][info][gc,init] Heap Min Capacity: 2M
[0.016s][info][gc,init] Heap Initial Capacity: 2M
[0.016s][info][gc,init] Heap Max Capacity: 900M
[0.016s][info][gc,init] Pre-touch: Disabled
[0.016s][info][gc,init] Parallel Workers: 8
[0.016s][info][gc,metaspace] CDS archive(s) not mapped
[0.016s][info][gc,metaspace] Compressed class space mapped at: 0x0000000100000000-0x0000000140000000, reserved size: 1073741824
[0.016s][info][gc,metaspace] Narrow klass base: 0x0000000000000000, Narrow klass shift: 3, Narrow klass range: 0x140000000
[0.116s][info][gc,start    ] GC(0) Pause Young (Allocation Failure)
[0.117s][info][gc,heap     ] GC(0) PSYoungGen: 512K(1024K)->480K(1024K) Eden: 512K(512K)->0K(512K) From: 0K(512K)->480K(512K)
[0.117s][info][gc,heap     ] GC(0) ParOldGen: 0K(512K)->8K(512K)
[0.117s][info][gc,metaspace] GC(0) Metaspace: 4229K(4352K)->4229K(4352K) NonClass: 3908K(3968K)->3908K(3968K) Class: 321K(384K)->321K(384K)
[0.117s][info][gc          ] GC(0) Pause Young (Allocation Failure) 0M->0M(1M) 1.225ms
[0.117s][info][gc,cpu      ] GC(0) User=0.00s Sys=0.00s Real=0.00s
[0.173s][info][gc,start    ] GC(1) Pause Young (Allocation Failure)
[0.174s][info][gc,heap     ] GC(1) PSYoungGen: 991K(1024K)->496K(1536K) Eden: 511K(512K)->0K(1024K) From: 480K(512K)->496K(512K)
[0.174s][info][gc,heap     ] GC(1) ParOldGen: 8K(512K)->96K(512K)
[0.174s][info][gc,metaspace] GC(1) Metaspace: 5878K(6016K)->5878K(6016K) NonClass: 5381K(5504K)->5381K(5504K) Class: 496K(512K)->496K(512K)
[0.174s][info][gc          ] GC(1) Pause Young (Allocation Failure) 0M->0M(2M) 1.041ms
[0.174s][info][gc,cpu      ] GC(1) User=0.00s Sys=0.00s Real=0.00s
[0.195s][info][gc,start    ] GC(2) Pause Young (Allocation Failure)
[0.196s][info][gc,heap     ] GC(2) PSYoungGen: 1520K(1536K)->512K(1536K) Eden: 1024K(1024K)->0K(1024K) From: 496K(512K)->512K(512K)
[0.196s][info][gc,heap     ] GC(2) ParOldGen: 96K(512K)->504K(512K)
[0.196s][info][gc,metaspace] GC(2) Metaspace: 6296K(6464K)->6296K(6464K) NonClass: 5763K(5824K)->5763K(5824K) Class: 533K(640K)->533K(640K)
[0.196s][info][gc          ] GC(2) Pause Young (Allocation Failure) 1M->0M(2M) 1.354ms
[0.196s][info][gc,cpu      ] GC(2) User=0.00s Sys=0.00s Real=0.00s
[0.196s][info][gc,start    ] GC(3) Pause Full (Ergonomics)
[0.197s][info][gc,phases,start] GC(3) Marking Phase
[0.198s][info][gc,phases      ] GC(3) Marking Phase 1.056ms
[0.198s][info][gc,phases,start] GC(3) Summary Phase
[0.198s][info][gc,phases      ] GC(3) Summary Phase 0.015ms
[0.198s][info][gc,phases,start] GC(3) Adjust Roots
[0.198s][info][gc,phases      ] GC(3) Adjust Roots 0.379ms
[0.198s][info][gc,phases,start] GC(3) Compaction Phase
[0.200s][info][gc,phases      ] GC(3) Compaction Phase 1.556ms
[0.200s][info][gc,phases,start] GC(3) Post Compact
[0.200s][info][gc,phases      ] GC(3) Post Compact 0.090ms
[0.200s][info][gc,heap        ] GC(3) PSYoungGen: 512K(1536K)->510K(1536K) Eden: 0K(1024K)->0K(1024K) From: 512K(512K)->510K(512K)
[0.200s][info][gc,heap        ] GC(3) ParOldGen: 504K(512K)->470K(2048K)
[0.200s][info][gc,metaspace   ] GC(3) Metaspace: 6296K(6464K)->6296K(6464K) NonClass: 5763K(5824K)->5763K(5824K) Class: 533K(640K)->533K(640K)
[0.200s][info][gc             ] GC(3) Pause Full (Ergonomics) 0M->0M(3M) 3.375ms
[0.200s][info][gc,cpu         ] GC(3) User=0.00s Sys=0.00s Real=0.00s
[0.201s][info][gc,start       ] GC(4) Pause Young (Allocation Failure)
[0.203s][info][gc,heap        ] GC(4) PSYoungGen: 1534K(1536K)->480K(2560K) Eden: 1024K(1024K)->0K(2048K) From: 510K(512K)->480K(512K)
[0.203s][info][gc,heap        ] GC(4) ParOldGen: 470K(2048K)->1035K(2048K)
[0.203s][info][gc,metaspace   ] GC(4) Metaspace: 6296K(6464K)->6296K(6464K) NonClass: 5763K(5824K)->5763K(5824K) Class: 533K(640K)->533K(640K)
[0.203s][info][gc             ] GC(4) Pause Young (Allocation Failure) 1M->1M(4M) 1.687ms
[0.203s][info][gc,cpu         ] GC(4) User=0.00s Sys=0.00s Real=0.00s
[0.207s][info][gc,start       ] GC(5) Pause Young (Allocation Failure)
[0.209s][info][gc,heap        ] GC(5) PSYoungGen: 2528K(2560K)->480K(2560K) Eden: 2048K(2048K)->0K(2048K) From: 480K(512K)->480K(512K)
[0.209s][info][gc,heap        ] GC(5) ParOldGen: 1035K(2048K)->2099K(2560K)
[0.209s][info][gc,metaspace   ] GC(5) Metaspace: 6296K(6464K)->6296K(6464K) NonClass: 5763K(5824K)->5763K(5824K) Class: 533K(640K)->533K(640K)
[0.209s][info][gc             ] GC(5) Pause Young (Allocation Failure) 3M->2M(5M) 1.919ms
[0.209s][info][gc,cpu         ] GC(5) User=0.00s Sys=0.00s Real=0.00s
[0.209s][info][gc,start       ] GC(6) Pause Full (Ergonomics)
[0.209s][info][gc,phases,start] GC(6) Marking Phase
[0.211s][info][gc,phases      ] GC(6) Marking Phase 1.831ms
[0.211s][info][gc,phases,start] GC(6) Summary Phase
[0.211s][info][gc,phases      ] GC(6) Summary Phase 0.019ms
[0.211s][info][gc,phases,start] GC(6) Adjust Roots
[0.211s][info][gc,phases      ] GC(6) Adjust Roots 0.314ms
[0.211s][info][gc,phases,start] GC(6) Compaction Phase
[0.213s][info][gc,phases      ] GC(6) Compaction Phase 2.099ms
[0.213s][info][gc,phases,start] GC(6) Post Compact
[0.213s][info][gc,phases      ] GC(6) Post Compact 0.034ms
[0.213s][info][gc,heap        ] GC(6) PSYoungGen: 480K(2560K)->0K(4096K) Eden: 0K(2048K)->0K(3072K) From: 480K(512K)->0K(1024K)
[0.213s][info][gc,heap        ] GC(6) ParOldGen: 2099K(2560K)->2542K(6144K)
[0.213s][info][gc,metaspace   ] GC(6) Metaspace: 6296K(6464K)->6296K(6464K) NonClass: 5763K(5824K)->5763K(5824K) Class: 533K(640K)->533K(640K)
[0.213s][info][gc             ] GC(6) Pause Full (Ergonomics) 2M->2M(10M) 4.702ms
[0.214s][info][gc,cpu         ] GC(6) User=0.02s Sys=0.00s Real=0.00s
[0.218s][info][gc,start       ] GC(7) Pause Young (Allocation Failure)
[0.220s][info][gc,heap        ] GC(7) PSYoungGen: 3072K(4096K)->1664K(5120K) Eden: 3072K(3072K)->0K(3072K) From: 0K(1024K)->1664K(2048K)
[0.220s][info][gc,heap        ] GC(7) ParOldGen: 2542K(6144K)->2542K(6144K)
[0.220s][info][gc,metaspace   ] GC(7) Metaspace: 6296K(6464K)->6296K(6464K) NonClass: 5763K(5824K)->5763K(5824K) Class: 533K(640K)->533K(640K)
[0.220s][info][gc             ] GC(7) Pause Young (Allocation Failure) 5M->4M(11M) 1.860ms
[0.220s][info][gc,cpu         ] GC(7) User=0.00s Sys=0.00s Real=0.00s
[0.225s][info][gc,start       ] GC(8) Pause Young (Allocation Failure)
[0.228s][info][gc,heap        ] GC(8) PSYoungGen: 4736K(5120K)->2016K(5632K) Eden: 3072K(3072K)->0K(3584K) From: 1664K(2048K)->2016K(2048K)
[0.228s][info][gc,heap        ] GC(8) ParOldGen: 2542K(6144K)->3766K(6144K)
[0.228s][info][gc,metaspace   ] GC(8) Metaspace: 6296K(6464K)->6296K(6464K) NonClass: 5763K(5824K)->5763K(5824K) Class: 533K(640K)->533K(640K)
[0.228s][info][gc             ] GC(8) Pause Young (Allocation Failure) 7M->5M(11M) 3.083ms
[0.228s][info][gc,cpu         ] GC(8) User=0.00s Sys=0.00s Real=0.00s
[0.235s][info][gc,start       ] GC(9) Pause Young (Allocation Failure)
[0.240s][info][gc,heap        ] GC(9) PSYoungGen: 5600K(5632K)->3040K(6656K) Eden: 3584K(3584K)->0K(3584K) From: 2016K(2048K)->3040K(3072K)
[0.240s][info][gc,heap        ] GC(9) ParOldGen: 3766K(6144K)->4606K(6144K)
[0.240s][info][gc,metaspace   ] GC(9) Metaspace: 6296K(6464K)->6296K(6464K) NonClass: 5763K(5824K)->5763K(5824K) Class: 533K(640K)->533K(640K)
[0.240s][info][gc             ] GC(9) Pause Young (Allocation Failure) 9M->7M(12M) 4.555ms
[0.240s][info][gc,cpu         ] GC(9) User=0.00s Sys=0.00s Real=0.01s
[0.244s][info][gc,start       ] GC(10) Pause Young (Allocation Failure)
[0.249s][info][gc,heap        ] GC(10) PSYoungGen: 6624K(6656K)->4064K(9216K) Eden: 3584K(3584K)->0K(5120K) From: 3040K(3072K)->4064K(4096K)
[0.249s][info][gc,heap        ] GC(10) ParOldGen: 4606K(6144K)->5438K(6144K)
[0.249s][info][gc,metaspace   ] GC(10) Metaspace: 6296K(6464K)->6296K(6464K) NonClass: 5763K(5824K)->5763K(5824K) Class: 533K(640K)->533K(640K)
[0.249s][info][gc             ] GC(10) Pause Young (Allocation Failure) 10M->9M(15M) 4.639ms
[0.249s][info][gc,cpu         ] GC(10) User=0.00s Sys=0.00s Real=0.00s
[0.249s][info][gc,start       ] GC(11) Pause Full (Ergonomics)
[0.249s][info][gc,phases,start] GC(11) Marking Phase
[0.253s][info][gc,phases      ] GC(11) Marking Phase 4.548ms
[0.253s][info][gc,phases,start] GC(11) Summary Phase
[0.253s][info][gc,phases      ] GC(11) Summary Phase 0.016ms
[0.253s][info][gc,phases,start] GC(11) Adjust Roots
[0.254s][info][gc,phases      ] GC(11) Adjust Roots 0.306ms
[0.254s][info][gc,phases,start] GC(11) Compaction Phase
[0.259s][info][gc,phases      ] GC(11) Compaction Phase 5.267ms
[0.259s][info][gc,phases,start] GC(11) Post Compact
[0.259s][info][gc,phases      ] GC(11) Post Compact 0.063ms
[0.259s][info][gc,heap        ] GC(11) PSYoungGen: 4064K(9216K)->3545K(9216K) Eden: 0K(5120K)->0K(5120K) From: 4064K(4096K)->3545K(4096K)
[0.259s][info][gc,heap        ] GC(11) ParOldGen: 5438K(6144K)->5820K(10752K)
[0.259s][info][gc,metaspace   ] GC(11) Metaspace: 6296K(6464K)->6296K(6464K) NonClass: 5763K(5824K)->5763K(5824K) Class: 533K(640K)->533K(640K)
[0.259s][info][gc             ] GC(11) Pause Full (Ergonomics) 9M->9M(19M) 10.515ms
[0.259s][info][gc,cpu         ] GC(11) User=0.00s Sys=0.00s Real=0.01s
[0.265s][info][gc,start       ] GC(12) Pause Young (Allocation Failure)
[0.270s][info][gc,heap        ] GC(12) PSYoungGen: 8665K(9216K)->5088K(10240K) Eden: 5120K(5120K)->0K(5120K) From: 3545K(4096K)->5088K(5120K)
[0.270s][info][gc,heap        ] GC(12) ParOldGen: 5820K(10752K)->6940K(10752K)
[0.270s][info][gc,metaspace   ] GC(12) Metaspace: 6296K(6464K)->6296K(6464K) NonClass: 5763K(5824K)->5763K(5824K) Class: 533K(640K)->533K(640K)
[0.270s][info][gc             ] GC(12) Pause Young (Allocation Failure) 14M->11M(20M) 4.830ms
[0.270s][info][gc,cpu         ] GC(12) User=0.00s Sys=0.00s Real=0.00s
[0.275s][info][gc,start       ] GC(13) Pause Young (Allocation Failure)
[0.280s][info][gc,heap        ] GC(13) PSYoungGen: 10208K(10240K)->6496K(12800K) Eden: 5120K(5120K)->0K(6144K) From: 5088K(5120K)->6496K(6656K)
[0.280s][info][gc,heap        ] GC(13) ParOldGen: 6940K(10752K)->8228K(10752K)
[0.280s][info][gc,metaspace   ] GC(13) Metaspace: 6298K(6464K)->6298K(6464K) NonClass: 5765K(5824K)->5765K(5824K) Class: 533K(640K)->533K(640K)
[0.280s][info][gc             ] GC(13) Pause Young (Allocation Failure) 16M->14M(23M) 5.115ms
[0.280s][info][gc,cpu         ] GC(13) User=0.00s Sys=0.00s Real=0.01s
[0.285s][info][gc,start       ] GC(14) Pause Young (Allocation Failure)
[0.290s][info][gc,heap        ] GC(14) PSYoungGen: 12640K(12800K)->5792K(13824K) Eden: 6144K(6144K)->0K(6144K) From: 6496K(6656K)->5792K(7680K)
[0.290s][info][gc,heap        ] GC(14) ParOldGen: 8228K(10752K)->12108K(12288K)
[0.290s][info][gc,metaspace   ] GC(14) Metaspace: 6298K(6464K)->6298K(6464K) NonClass: 5765K(5824K)->5765K(5824K) Class: 533K(640K)->533K(640K)
[0.290s][info][gc             ] GC(14) Pause Young (Allocation Failure) 20M->17M(25M) 5.813ms
[0.291s][info][gc,cpu         ] GC(14) User=0.00s Sys=0.00s Real=0.01s
[0.291s][info][gc,start       ] GC(15) Pause Full (Ergonomics)
[0.291s][info][gc,phases,start] GC(15) Marking Phase
[0.298s][info][gc,phases      ] GC(15) Marking Phase 7.006ms
[0.298s][info][gc,phases,start] GC(15) Summary Phase
[0.298s][info][gc,phases      ] GC(15) Summary Phase 0.015ms
[0.298s][info][gc,phases,start] GC(15) Adjust Roots
[0.298s][info][gc,phases      ] GC(15) Adjust Roots 0.230ms
[0.298s][info][gc,phases,start] GC(15) Compaction Phase
[0.306s][info][gc,phases      ] GC(15) Compaction Phase 7.684ms
[0.306s][info][gc,phases,start] GC(15) Post Compact
[0.306s][info][gc,phases      ] GC(15) Post Compact 0.091ms
[0.306s][info][gc,heap        ] GC(15) PSYoungGen: 5792K(13824K)->5760K(13824K) Eden: 0K(6144K)->0K(6144K) From: 5792K(7680K)->5760K(7680K)
[0.306s][info][gc,heap        ] GC(15) ParOldGen: 12108K(12288K)->11997K(18944K)
[0.306s][info][gc,metaspace   ] GC(15) Metaspace: 6298K(6464K)->6298K(6464K) NonClass: 5765K(5824K)->5765K(5824K) Class: 533K(640K)->533K(640K)
[0.306s][info][gc             ] GC(15) Pause Full (Ergonomics) 17M->17M(32M) 15.396ms
[0.306s][info][gc,cpu         ] GC(15) User=0.00s Sys=0.00s Real=0.01s
[0.310s][info][gc,start       ] GC(16) Pause Young (Allocation Failure)
[0.317s][info][gc,heap        ] GC(16) PSYoungGen: 11904K(13824K)->3200K(15360K) Eden: 6144K(6144K)->0K(8704K) From: 5760K(7680K)->3200K(6656K)
[0.318s][info][gc,heap        ] GC(16) ParOldGen: 11997K(18944K)->17861K(18944K)
[0.318s][info][gc,metaspace   ] GC(16) Metaspace: 6298K(6464K)->6298K(6464K) NonClass: 5765K(5824K)->5765K(5824K) Class: 533K(640K)->533K(640K)
[0.318s][info][gc             ] GC(16) Pause Young (Allocation Failure) 23M->20M(33M) 7.716ms
[0.318s][info][gc,cpu         ] GC(16) User=0.00s Sys=0.00s Real=0.01s
[0.318s][info][gc,start       ] GC(17) Pause Full (Ergonomics)
[0.318s][info][gc,phases,start] GC(17) Marking Phase
[0.326s][info][gc,phases      ] GC(17) Marking Phase 8.550ms
[0.326s][info][gc,phases,start] GC(17) Summary Phase
[0.326s][info][gc,phases      ] GC(17) Summary Phase 0.019ms
[0.326s][info][gc,phases,start] GC(17) Adjust Roots
[0.326s][info][gc,phases      ] GC(17) Adjust Roots 0.197ms
[0.327s][info][gc,phases,start] GC(17) Compaction Phase
[0.332s][info][gc,phases      ] GC(17) Compaction Phase 5.644ms
[0.332s][info][gc,phases,start] GC(17) Post Compact
[0.332s][info][gc,phases      ] GC(17) Post Compact 0.129ms
[0.332s][info][gc,heap        ] GC(17) PSYoungGen: 3200K(15360K)->2146K(16384K) Eden: 0K(8704K)->0K(9728K) From: 3200K(6656K)->2146K(6656K)
[0.332s][info][gc,heap        ] GC(17) ParOldGen: 17861K(18944K)->18779K(28672K)
[0.333s][info][gc,metaspace   ] GC(17) Metaspace: 6298K(6464K)->6298K(6464K) NonClass: 5765K(5824K)->5765K(5824K) Class: 533K(640K)->533K(640K)
[0.333s][info][gc             ] GC(17) Pause Full (Ergonomics) 20M->20M(44M) 14.884ms
[0.333s][info][gc,cpu         ] GC(17) User=0.00s Sys=0.00s Real=0.01s
[0.341s][info][gc,start       ] GC(18) Pause Young (Allocation Failure)
[0.347s][info][gc,heap        ] GC(18) PSYoungGen: 11874K(16384K)->5568K(17408K) Eden: 9728K(9728K)->0K(9728K) From: 2146K(6656K)->5568K(7680K)
[0.347s][info][gc,heap        ] GC(18) ParOldGen: 18779K(28672K)->20963K(28672K)
[0.347s][info][gc,metaspace   ] GC(18) Metaspace: 6298K(6464K)->6298K(6464K) NonClass: 5765K(5824K)->5765K(5824K) Class: 533K(640K)->533K(640K)
[0.347s][info][gc             ] GC(18) Pause Young (Allocation Failure) 29M->25M(45M) 6.209ms
[0.348s][info][gc,cpu         ] GC(18) User=0.00s Sys=0.00s Real=0.01s
[0.353s][info][gc,start       ] GC(19) Pause Young (Allocation Failure)
[0.362s][info][gc,heap        ] GC(19) PSYoungGen: 15296K(17408K)->5088K(21504K) Eden: 9728K(9728K)->0K(13312K) From: 5568K(7680K)->5088K(8192K)
[0.362s][info][gc,heap        ] GC(19) ParOldGen: 20963K(28672K)->26563K(28672K)
[0.362s][info][gc,metaspace   ] GC(19) Metaspace: 6298K(6464K)->6298K(6464K) NonClass: 5765K(5824K)->5765K(5824K) Class: 533K(640K)->533K(640K)
[0.362s][info][gc             ] GC(19) Pause Young (Allocation Failure) 35M->30M(49M) 8.389ms
[0.362s][info][gc,cpu         ] GC(19) User=0.00s Sys=0.00s Real=0.01s
[0.362s][info][gc,start       ] GC(20) Pause Full (Ergonomics)
[0.362s][info][gc,phases,start] GC(20) Marking Phase
[0.375s][info][gc,phases      ] GC(20) Marking Phase 13.038ms
[0.375s][info][gc,phases,start] GC(20) Summary Phase
[0.375s][info][gc,phases      ] GC(20) Summary Phase 0.019ms
[0.375s][info][gc,phases,start] GC(20) Adjust Roots
[0.375s][info][gc,phases      ] GC(20) Adjust Roots 0.191ms
[0.375s][info][gc,phases,start] GC(20) Compaction Phase
[0.386s][info][gc,phases      ] GC(20) Compaction Phase 10.917ms
[0.386s][info][gc,phases,start] GC(20) Post Compact
[0.386s][info][gc,phases      ] GC(20) Post Compact 0.132ms
[0.386s][info][gc,heap        ] GC(20) PSYoungGen: 5088K(21504K)->2471K(21504K) Eden: 0K(13312K)->0K(13312K) From: 5088K(8192K)->2471K(8192K)
[0.386s][info][gc,heap        ] GC(20) ParOldGen: 26563K(28672K)->28490K(40448K)
[0.387s][info][gc,metaspace   ] GC(20) Metaspace: 6298K(6464K)->6298K(6464K) NonClass: 5765K(5824K)->5765K(5824K) Class: 533K(640K)->533K(640K)
[0.387s][info][gc             ] GC(20) Pause Full (Ergonomics) 30M->30M(60M) 24.727ms
[0.387s][info][gc,cpu         ] GC(20) User=0.00s Sys=0.00s Real=0.03s
[0.398s][info][gc,start       ] GC(21) Pause Young (Allocation Failure)
[0.410s][info][gc,heap        ] GC(21) PSYoungGen: 15783K(21504K)->8192K(21504K) Eden: 13312K(13312K)->0K(13312K) From: 2471K(8192K)->8192K(8192K)
[0.410s][info][gc,heap        ] GC(21) ParOldGen: 28490K(40448K)->34186K(40448K)
[0.410s][info][gc,metaspace   ] GC(21) Metaspace: 6298K(6464K)->6298K(6464K) NonClass: 5765K(5824K)->5765K(5824K) Class: 533K(640K)->533K(640K)
[0.410s][info][gc             ] GC(21) Pause Young (Allocation Failure) 43M->41M(60M) 12.124ms
[0.411s][info][gc,cpu         ] GC(21) User=0.00s Sys=0.00s Real=0.01s
[0.411s][info][gc,start       ] GC(22) Pause Full (Ergonomics)
[0.411s][info][gc,phases,start] GC(22) Marking Phase
[0.428s][info][gc,phases      ] GC(22) Marking Phase 17.727ms
[0.428s][info][gc,phases,start] GC(22) Summary Phase
[0.428s][info][gc,phases      ] GC(22) Summary Phase 0.018ms
[0.428s][info][gc,phases,start] GC(22) Adjust Roots
[0.429s][info][gc,phases      ] GC(22) Adjust Roots 0.155ms
[0.429s][info][gc,phases,start] GC(22) Compaction Phase
[0.441s][info][gc,phases      ] GC(22) Compaction Phase 12.333ms
[0.441s][info][gc,phases,start] GC(22) Post Compact
[0.441s][info][gc,phases      ] GC(22) Post Compact 0.214ms
[0.441s][info][gc,heap        ] GC(22) PSYoungGen: 8192K(21504K)->2044K(21504K) Eden: 0K(13312K)->0K(13312K) From: 8192K(8192K)->2044K(8192K)
[0.441s][info][gc,heap        ] GC(22) ParOldGen: 34186K(40448K)->40224K(54784K)
[0.441s][info][gc,metaspace   ] GC(22) Metaspace: 6298K(6464K)->6298K(6464K) NonClass: 5765K(5824K)->5765K(5824K) Class: 533K(640K)->533K(640K)
[0.441s][info][gc             ] GC(22) Pause Full (Ergonomics) 41M->41M(74M) 30.887ms
[0.441s][info][gc,cpu         ] GC(22) User=0.06s Sys=0.00s Real=0.03s
[0.461s][info][gc,start       ] GC(23) Pause Young (Allocation Failure)
[0.473s][info][gc,heap        ] GC(23) PSYoungGen: 15356K(21504K)->11744K(25088K) Eden: 13312K(13312K)->0K(13312K) From: 2044K(8192K)->11744K(11776K)
[0.473s][info][gc,heap        ] GC(23) ParOldGen: 40224K(54784K)->43896K(54784K)
[0.474s][info][gc,metaspace   ] GC(23) Metaspace: 6298K(6464K)->6298K(6464K) NonClass: 5765K(5824K)->5765K(5824K) Class: 533K(640K)->533K(640K)
[0.474s][info][gc             ] GC(23) Pause Young (Allocation Failure) 54M->54M(78M) 12.873ms
[0.474s][info][gc,cpu         ] GC(23) User=0.00s Sys=0.00s Real=0.01s
[0.487s][info][gc,start       ] GC(24) Pause Young (Allocation Failure)
[0.503s][info][gc,heap        ] GC(24) PSYoungGen: 25056K(25088K)->13344K(28160K) Eden: 13312K(13312K)->0K(13312K) From: 11744K(11776K)->13344K(14848K)
[0.503s][info][gc,heap        ] GC(24) ParOldGen: 43896K(54784K)->55784K(55808K)
[0.503s][info][gc,metaspace   ] GC(24) Metaspace: 6298K(6464K)->6298K(6464K) NonClass: 5765K(5824K)->5765K(5824K) Class: 533K(640K)->533K(640K)
[0.503s][info][gc             ] GC(24) Pause Young (Allocation Failure) 67M->67M(82M) 15.820ms
[0.503s][info][gc,cpu         ] GC(24) User=0.00s Sys=0.00s Real=0.02s
[0.503s][info][gc,start       ] GC(25) Pause Full (Ergonomics)
[0.503s][info][gc,phases,start] GC(25) Marking Phase
[0.529s][info][gc,phases      ] GC(25) Marking Phase 25.692ms
[0.529s][info][gc,phases,start] GC(25) Summary Phase
[0.529s][info][gc,phases      ] GC(25) Summary Phase 0.020ms
[0.529s][info][gc,phases,start] GC(25) Adjust Roots
[0.529s][info][gc,phases      ] GC(25) Adjust Roots 0.160ms
[0.529s][info][gc,phases,start] GC(25) Compaction Phase
[0.552s][info][gc,phases      ] GC(25) Compaction Phase 22.809ms
[0.552s][info][gc,phases,start] GC(25) Post Compact
[0.552s][info][gc,phases      ] GC(25) Post Compact 0.268ms
[0.552s][info][gc,heap        ] GC(25) PSYoungGen: 13344K(28160K)->12254K(28160K) Eden: 0K(13312K)->0K(13312K) From: 13344K(14848K)->12254K(14848K)
[0.552s][info][gc,heap        ] GC(25) ParOldGen: 55784K(55808K)->55550K(74752K)
[0.552s][info][gc,metaspace   ] GC(25) Metaspace: 6298K(6464K)->6298K(6464K) NonClass: 5765K(5824K)->5765K(5824K) Class: 533K(640K)->533K(640K)
[0.552s][info][gc             ] GC(25) Pause Full (Ergonomics) 67M->66M(100M) 49.331ms
[0.552s][info][gc,cpu         ] GC(25) User=0.05s Sys=0.00s Real=0.05s
[0.567s][info][gc,start       ] GC(26) Pause Young (Allocation Failure)
[0.588s][info][gc,heap        ] GC(26) PSYoungGen: 25566K(28160K)->13344K(31744K) Eden: 13312K(13312K)->0K(14848K) From: 12254K(14848K)->13344K(16896K)
[0.588s][info][gc,heap        ] GC(26) ParOldGen: 55550K(74752K)->68014K(74752K)
[0.588s][info][gc,metaspace   ] GC(26) Metaspace: 6298K(6464K)->6298K(6464K) NonClass: 5765K(5824K)->5765K(5824K) Class: 533K(640K)->533K(640K)
[0.589s][info][gc             ] GC(26) Pause Young (Allocation Failure) 79M->79M(104M) 21.251ms
[0.589s][info][gc,cpu         ] GC(26) User=0.02s Sys=0.02s Real=0.02s
[0.589s][info][gc,start       ] GC(27) Pause Full (Ergonomics)
[0.589s][info][gc,phases,start] GC(27) Marking Phase
[0.620s][info][gc,phases      ] GC(27) Marking Phase 30.976ms
[0.620s][info][gc,phases,start] GC(27) Summary Phase
[0.620s][info][gc,phases      ] GC(27) Summary Phase 0.019ms
[0.620s][info][gc,phases,start] GC(27) Adjust Roots
[0.620s][info][gc,phases      ] GC(27) Adjust Roots 0.157ms
[0.620s][info][gc,phases,start] GC(27) Compaction Phase
[0.639s][info][gc,phases      ] GC(27) Compaction Phase 19.015ms
[0.639s][info][gc,phases,start] GC(27) Post Compact
[0.639s][info][gc,phases      ] GC(27) Post Compact 0.370ms
[0.639s][info][gc,heap        ] GC(27) PSYoungGen: 13344K(31744K)->6639K(31744K) Eden: 0K(14848K)->0K(14848K) From: 13344K(16896K)->6639K(16896K)
[0.640s][info][gc,heap        ] GC(27) ParOldGen: 68014K(74752K)->74448K(97792K)
[0.640s][info][gc,metaspace   ] GC(27) Metaspace: 6298K(6464K)->6298K(6464K) NonClass: 5765K(5824K)->5765K(5824K) Class: 533K(640K)->533K(640K)
[0.640s][info][gc             ] GC(27) Pause Full (Ergonomics) 79M->79M(126M) 50.964ms
[0.640s][info][gc,cpu         ] GC(27) User=0.06s Sys=0.00s Real=0.05s
[0.665s][info][gc,start       ] GC(28) Pause Young (Allocation Failure)
[0.678s][info][gc,heap        ] GC(28) PSYoungGen: 21487K(31744K)->18400K(33280K) Eden: 14848K(14848K)->0K(14848K) From: 6639K(16896K)->18400K(18432K)
[0.678s][info][gc,heap        ] GC(28) ParOldGen: 74448K(97792K)->77600K(97792K)
[0.678s][info][gc,metaspace   ] GC(28) Metaspace: 6298K(6464K)->6298K(6464K) NonClass: 5765K(5824K)->5765K(5824K) Class: 533K(640K)->533K(640K)
[0.678s][info][gc             ] GC(28) Pause Young (Allocation Failure) 93M->93M(128M) 13.548ms
[0.679s][info][gc,cpu         ] GC(28) User=0.00s Sys=0.00s Real=0.01s
[0.691s][info][gc,start       ] GC(29) Pause Young (Allocation Failure)
[0.709s][info][gc,heap        ] GC(29) PSYoungGen: 33248K(33280K)->14880K(38912K) Eden: 14848K(14848K)->0K(16384K) From: 18400K(18432K)->14880K(22528K)
[0.709s][info][gc,heap        ] GC(29) ParOldGen: 77600K(97792K)->96208K(97792K)
[0.709s][info][gc,metaspace   ] GC(29) Metaspace: 6298K(6464K)->6298K(6464K) NonClass: 5765K(5824K)->5765K(5824K) Class: 533K(640K)->533K(640K)
[0.709s][info][gc             ] GC(29) Pause Young (Allocation Failure) 108M->108M(133M) 17.691ms
[0.709s][info][gc,cpu         ] GC(29) User=0.05s Sys=0.00s Real=0.02s
[0.709s][info][gc,start       ] GC(30) Pause Full (Ergonomics)
[0.709s][info][gc,phases,start] GC(30) Marking Phase
[0.740s][info][gc,phases      ] GC(30) Marking Phase 30.564ms
[0.740s][info][gc,phases,start] GC(30) Summary Phase
[0.740s][info][gc,phases      ] GC(30) Summary Phase 0.019ms
[0.740s][info][gc,phases,start] GC(30) Adjust Roots
[0.740s][info][gc,phases      ] GC(30) Adjust Roots 0.150ms
[0.740s][info][gc,phases,start] GC(30) Compaction Phase
[0.766s][info][gc,phases      ] GC(30) Compaction Phase 26.118ms
[0.766s][info][gc,phases,start] GC(30) Post Compact
[0.767s][info][gc,phases      ] GC(30) Post Compact 0.414ms
[0.767s][info][gc,heap        ] GC(30) PSYoungGen: 14880K(38912K)->11239K(38912K) Eden: 0K(16384K)->0K(16384K) From: 14880K(22528K)->11239K(22528K)
[0.767s][info][gc,heap        ] GC(30) ParOldGen: 96208K(97792K)->97439K(126976K)
[0.767s][info][gc,metaspace   ] GC(30) Metaspace: 6298K(6464K)->6298K(6464K) NonClass: 5765K(5824K)->5765K(5824K) Class: 533K(640K)->533K(640K)
[0.767s][info][gc             ] GC(30) Pause Full (Ergonomics) 108M->106M(162M) 57.675ms
[0.767s][info][gc,cpu         ] GC(30) User=0.11s Sys=0.00s Real=0.06s
[0.783s][info][gc,start       ] GC(31) Pause Young (Allocation Failure)
[0.806s][info][gc,heap        ] GC(31) PSYoungGen: 27623K(38912K)->23552K(39936K) Eden: 16384K(16384K)->0K(16384K) From: 11239K(22528K)->23552K(23552K)
[0.806s][info][gc,heap        ] GC(31) ParOldGen: 97439K(126976K)->101607K(126976K)
[0.806s][info][gc,metaspace   ] GC(31) Metaspace: 6298K(6464K)->6298K(6464K) NonClass: 5765K(5824K)->5765K(5824K) Class: 533K(640K)->533K(640K)
[0.806s][info][gc             ] GC(31) Pause Young (Allocation Failure) 122M->122M(163M) 23.303ms
[0.806s][info][gc,cpu         ] GC(31) User=0.06s Sys=0.00s Real=0.02s
[0.822s][info][gc,start       ] GC(32) Pause Young (Allocation Failure)
[0.846s][info][gc,heap        ] GC(32) PSYoungGen: 39936K(39936K)->16448K(48640K) Eden: 16384K(16384K)->0K(19456K) From: 23552K(23552K)->16448K(29184K)
[0.846s][info][gc,heap        ] GC(32) ParOldGen: 101607K(126976K)->125487K(126976K)
[0.846s][info][gc,metaspace   ] GC(32) Metaspace: 6298K(6464K)->6298K(6464K) NonClass: 5765K(5824K)->5765K(5824K) Class: 533K(640K)->533K(640K)
[0.847s][info][gc             ] GC(32) Pause Young (Allocation Failure) 138M->138M(171M) 24.767ms
[0.847s][info][gc,cpu         ] GC(32) User=0.02s Sys=0.02s Real=0.03s
[0.847s][info][gc,start       ] GC(33) Pause Full (Ergonomics)
[0.847s][info][gc,phases,start] GC(33) Marking Phase
[0.879s][info][gc,phases      ] GC(33) Marking Phase 32.033ms
[0.879s][info][gc,phases,start] GC(33) Summary Phase
[0.879s][info][gc,phases      ] GC(33) Summary Phase 0.016ms
[0.879s][info][gc,phases,start] GC(33) Adjust Roots
[0.879s][info][gc,phases      ] GC(33) Adjust Roots 0.140ms
[0.879s][info][gc,phases,start] GC(33) Compaction Phase
[0.900s][info][gc,phases      ] GC(33) Compaction Phase 20.549ms
[0.900s][info][gc,phases,start] GC(33) Post Compact
[0.900s][info][gc,phases      ] GC(33) Post Compact 0.604ms
[0.900s][info][gc,heap        ] GC(33) PSYoungGen: 16448K(48640K)->14821K(48640K) Eden: 0K(19456K)->0K(19456K) From: 16448K(29184K)->14821K(29184K)
[0.900s][info][gc,heap        ] GC(33) ParOldGen: 125487K(126976K)->126562K(162816K)
[0.900s][info][gc,metaspace   ] GC(33) Metaspace: 6298K(6464K)->6298K(6464K) NonClass: 5765K(5824K)->5765K(5824K) Class: 533K(640K)->533K(640K)
[0.900s][info][gc             ] GC(33) Pause Full (Ergonomics) 138M->138M(206M) 53.808ms
[0.901s][info][gc,cpu         ] GC(33) User=0.16s Sys=0.00s Real=0.05s
[0.919s][info][gc,start       ] GC(34) Pause Young (Allocation Failure)
[0.944s][info][gc,heap        ] GC(34) PSYoungGen: 34277K(48640K)->29184K(48640K) Eden: 19456K(19456K)->0K(19456K) From: 14821K(29184K)->29184K(29184K)
[0.944s][info][gc,heap        ] GC(34) ParOldGen: 126562K(162816K)->131778K(162816K)
[0.944s][info][gc,metaspace   ] GC(34) Metaspace: 6298K(6464K)->6298K(6464K) NonClass: 5765K(5824K)->5765K(5824K) Class: 533K(640K)->533K(640K)
[0.944s][info][gc             ] GC(34) Pause Young (Allocation Failure) 157M->157M(206M) 24.176ms
[0.944s][info][gc,cpu         ] GC(34) User=0.06s Sys=0.00s Real=0.02s
[0.960s][info][gc,start       ] GC(35) Pause Young (Allocation Failure)
[0.984s][info][gc,heap        ] GC(35) PSYoungGen: 45502K(48640K)->16064K(55296K) Eden: 16318K(19456K)->0K(22528K) From: 29184K(29184K)->16064K(32768K)
[0.984s][info][gc,heap        ] GC(35) ParOldGen: 131778K(162816K)->161370K(162816K)
[0.984s][info][gc,metaspace   ] GC(35) Metaspace: 6298K(6464K)->6298K(6464K) NonClass: 5765K(5824K)->5765K(5824K) Class: 533K(640K)->533K(640K)
[0.984s][info][gc             ] GC(35) Pause Young (Allocation Failure) 173M->173M(213M) 23.996ms
[0.984s][info][gc,cpu         ] GC(35) User=0.03s Sys=0.02s Real=0.02s
[0.984s][info][gc,start       ] GC(36) Pause Full (Ergonomics)
[0.984s][info][gc,phases,start] GC(36) Marking Phase
[1.025s][info][gc,phases      ] GC(36) Marking Phase 40.996ms
[1.026s][info][gc,phases,start] GC(36) Summary Phase
[1.026s][info][gc,phases      ] GC(36) Summary Phase 0.017ms
[1.026s][info][gc,phases,start] GC(36) Adjust Roots
[1.026s][info][gc,phases      ] GC(36) Adjust Roots 0.146ms
[1.026s][info][gc,phases,start] GC(36) Compaction Phase
[1.050s][info][gc,phases      ] GC(36) Compaction Phase 23.855ms
[1.050s][info][gc,phases,start] GC(36) Post Compact
[1.051s][info][gc,phases      ] GC(36) Post Compact 0.825ms
[1.051s][info][gc,heap        ] GC(36) PSYoungGen: 16064K(55296K)->14450K(57344K) Eden: 0K(22528K)->0K(24576K) From: 16064K(32768K)->14450K(32768K)
[1.051s][info][gc,heap        ] GC(36) ParOldGen: 161370K(162816K)->162341K(206848K)
[1.051s][info][gc,metaspace   ] GC(36) Metaspace: 6298K(6464K)->6298K(6464K) NonClass: 5765K(5824K)->5765K(5824K) Class: 533K(640K)->533K(640K)
[1.051s][info][gc             ] GC(36) Pause Full (Ergonomics) 173M->172M(258M) 66.388ms
[1.051s][info][gc,cpu         ] GC(36) User=0.23s Sys=0.00s Real=0.07s
[1.095s][info][gc,start       ] GC(37) Pause Young (Allocation Failure)
[1.125s][info][gc,heap        ] GC(37) PSYoungGen: 39026K(57344K)->24704K(59392K) Eden: 24576K(24576K)->0K(24576K) From: 14450K(32768K)->24704K(34816K)
[1.125s][info][gc,heap        ] GC(37) ParOldGen: 162341K(206848K)->177037K(206848K)
[1.125s][info][gc,metaspace   ] GC(37) Metaspace: 6298K(6464K)->6298K(6464K) NonClass: 5765K(5824K)->5765K(5824K) Class: 533K(640K)->533K(640K)
[1.125s][info][gc             ] GC(37) Pause Young (Allocation Failure) 196M->197M(260M) 29.448ms
[1.125s][info][gc,cpu         ] GC(37) User=0.03s Sys=0.00s Real=0.03s
[1.149s][info][gc,start       ] GC(38) Pause Young (Allocation Failure)
[1.175s][info][gc,heap        ] GC(38) PSYoungGen: 49280K(59392K)->36320K(53760K) Eden: 24576K(24576K)->0K(17408K) From: 24704K(34816K)->36320K(36352K)
[1.175s][info][gc,heap        ] GC(38) ParOldGen: 177037K(206848K)->190101K(206848K)
[1.175s][info][gc,metaspace   ] GC(38) Metaspace: 6298K(6464K)->6298K(6464K) NonClass: 5765K(5824K)->5765K(5824K) Class: 533K(640K)->533K(640K)
[1.175s][info][gc             ] GC(38) Pause Young (Allocation Failure) 221M->221M(254M) 26.264ms
[1.175s][info][gc,cpu         ] GC(38) User=0.00s Sys=0.00s Real=0.03s
[1.175s][info][gc,start       ] GC(39) Pause Full (Ergonomics)
[1.175s][info][gc,phases,start] GC(39) Marking Phase
[1.233s][info][gc,phases      ] GC(39) Marking Phase 57.366ms
[1.233s][info][gc,phases,start] GC(39) Summary Phase
[1.233s][info][gc,phases      ] GC(39) Summary Phase 0.021ms
[1.233s][info][gc,phases,start] GC(39) Adjust Roots
[1.233s][info][gc,phases      ] GC(39) Adjust Roots 0.167ms
[1.233s][info][gc,phases,start] GC(39) Compaction Phase
[1.281s][info][gc,phases      ] GC(39) Compaction Phase 48.154ms
[1.281s][info][gc,phases,start] GC(39) Post Compact
[1.282s][info][gc,phases      ] GC(39) Post Compact 1.116ms
[1.283s][info][gc,heap        ] GC(39) PSYoungGen: 36320K(53760K)->15295K(53760K) Eden: 0K(17408K)->0K(17408K) From: 36320K(36352K)->15295K(36352K)
[1.283s][info][gc,heap        ] GC(39) ParOldGen: 190101K(206848K)->206497K(252416K)
[1.283s][info][gc,metaspace   ] GC(39) Metaspace: 6298K(6464K)->6298K(6464K) NonClass: 5765K(5824K)->5765K(5824K) Class: 533K(640K)->533K(640K)
[1.283s][info][gc             ] GC(39) Pause Full (Ergonomics) 221M->216M(299M) 107.448ms
[1.283s][info][gc,cpu         ] GC(39) User=0.36s Sys=0.02s Real=0.11s
[1.302s][info][gc,start       ] GC(40) Pause Young (Allocation Failure)
[1.327s][info][gc,heap        ] GC(40) PSYoungGen: 32703K(53760K)->17536K(64512K) Eden: 17408K(17408K)->0K(17408K) From: 15295K(36352K)->17536K(47104K)
[1.328s][info][gc,heap        ] GC(40) ParOldGen: 206497K(252416K)->222041K(252416K)
[1.328s][info][gc,metaspace   ] GC(40) Metaspace: 6298K(6464K)->6298K(6464K) NonClass: 5765K(5824K)->5765K(5824K) Class: 533K(640K)->533K(640K)
[1.328s][info][gc             ] GC(40) Pause Young (Allocation Failure) 233M->233M(309M) 25.549ms
[1.328s][info][gc,cpu         ] GC(40) User=0.05s Sys=0.00s Real=0.03s
[1.346s][info][gc,start       ] GC(41) Pause Young (Allocation Failure)
[1.364s][info][gc,heap        ] GC(41) PSYoungGen: 34944K(64512K)->34976K(60928K) Eden: 17408K(17408K)->0K(16384K) From: 17536K(47104K)->34976K(44544K)
[1.364s][info][gc,heap        ] GC(41) ParOldGen: 222041K(252416K)->222041K(252416K)
[1.364s][info][gc,metaspace   ] GC(41) Metaspace: 6298K(6464K)->6298K(6464K) NonClass: 5765K(5824K)->5765K(5824K) Class: 533K(640K)->533K(640K)
[1.364s][info][gc             ] GC(41) Pause Young (Allocation Failure) 250M->250M(306M) 17.915ms
[1.364s][info][gc,cpu         ] GC(41) User=0.08s Sys=0.00s Real=0.02s
[1.382s][info][gc,start       ] GC(42) Pause Young (Allocation Failure)
[1.406s][info][gc,heap        ] GC(42) PSYoungGen: 51360K(60928K)->48128K(64512K) Eden: 16384K(16384K)->0K(16384K) From: 34976K(44544K)->48128K(48128K)
[1.406s][info][gc,heap        ] GC(42) ParOldGen: 222041K(252416K)->225193K(252416K)
[1.406s][info][gc,metaspace   ] GC(42) Metaspace: 6298K(6464K)->6298K(6464K) NonClass: 5765K(5824K)->5765K(5824K) Class: 533K(640K)->533K(640K)
[1.406s][info][gc             ] GC(42) Pause Young (Allocation Failure) 266M->266M(309M) 24.322ms
[1.406s][info][gc,cpu         ] GC(42) User=0.09s Sys=0.00s Real=0.02s
[1.424s][info][gc,start       ] GC(43) Pause Young (Allocation Failure)
[1.455s][info][gc,heap        ] GC(43) PSYoungGen: 64512K(64512K)->32160K(75776K) Eden: 16384K(16384K)->0K(18944K) From: 48128K(48128K)->32160K(56832K)
[1.455s][info][gc,heap        ] GC(43) ParOldGen: 225193K(252416K)->258105K(258560K)
[1.455s][info][gc,metaspace   ] GC(43) Metaspace: 6298K(6464K)->6298K(6464K) NonClass: 5765K(5824K)->5765K(5824K) Class: 533K(640K)->533K(640K)
[1.455s][info][gc             ] GC(43) Pause Young (Allocation Failure) 282M->283M(326M) 30.709ms
[1.455s][info][gc,cpu         ] GC(43) User=0.09s Sys=0.00s Real=0.03s
[1.455s][info][gc,start       ] GC(44) Pause Full (Ergonomics)
[1.455s][info][gc,phases,start] GC(44) Marking Phase
[1.520s][info][gc,phases      ] GC(44) Marking Phase 65.271ms
[1.520s][info][gc,phases,start] GC(44) Summary Phase
[1.520s][info][gc,phases      ] GC(44) Summary Phase 0.019ms
[1.520s][info][gc,phases,start] GC(44) Adjust Roots
[1.521s][info][gc,phases      ] GC(44) Adjust Roots 0.157ms
[1.521s][info][gc,phases,start] GC(44) Compaction Phase
[1.562s][info][gc,phases      ] GC(44) Compaction Phase 41.553ms
[1.562s][info][gc,phases,start] GC(44) Post Compact
[1.564s][info][gc,phases      ] GC(44) Post Compact 1.340ms
[1.564s][info][gc,heap        ] GC(44) PSYoungGen: 32160K(75776K)->30942K(75776K) Eden: 0K(18944K)->0K(18944K) From: 32160K(56832K)->30942K(56832K)
[1.564s][info][gc,heap        ] GC(44) ParOldGen: 258105K(258560K)->258312K(312320K)
[1.564s][info][gc,metaspace   ] GC(44) Metaspace: 6298K(6464K)->6298K(6464K) NonClass: 5765K(5824K)->5765K(5824K) Class: 533K(640K)->533K(640K)
[1.564s][info][gc             ] GC(44) Pause Full (Ergonomics) 283M->282M(379M) 108.870ms
[1.564s][info][gc,cpu         ] GC(44) User=0.48s Sys=0.00s Real=0.11s
[1.586s][info][gc,start       ] GC(45) Pause Young (Allocation Failure)
[1.618s][info][gc,heap        ] GC(45) PSYoungGen: 49886K(75776K)->34848K(75776K) Eden: 18944K(18944K)->0K(18944K) From: 30942K(56832K)->34848K(56832K)
[1.618s][info][gc,heap        ] GC(45) ParOldGen: 258312K(312320K)->273736K(312320K)
[1.618s][info][gc,metaspace   ] GC(45) Metaspace: 6298K(6464K)->6298K(6464K) NonClass: 5765K(5824K)->5765K(5824K) Class: 533K(640K)->533K(640K)
[1.618s][info][gc             ] GC(45) Pause Young (Allocation Failure) 300M->301M(379M) 31.287ms
[1.618s][info][gc,cpu         ] GC(45) User=0.11s Sys=0.03s Real=0.03s
[1.639s][info][gc,start       ] GC(46) Pause Young (Allocation Failure)
[1.667s][info][gc,heap        ] GC(46) PSYoungGen: 53792K(75776K)->38048K(77824K) Eden: 18944K(18944K)->0K(20480K) From: 34848K(56832K)->38048K(57344K)
[1.667s][info][gc,heap        ] GC(46) ParOldGen: 273736K(312320K)->289760K(312320K)
[1.667s][info][gc,metaspace   ] GC(46) Metaspace: 6298K(6464K)->6298K(6464K) NonClass: 5765K(5824K)->5765K(5824K) Class: 533K(640K)->533K(640K)
[1.667s][info][gc             ] GC(46) Pause Young (Allocation Failure) 319M->320M(381M) 27.343ms
[1.667s][info][gc,cpu         ] GC(46) User=0.11s Sys=0.02s Real=0.03s
[1.667s][info][gc,start       ] GC(47) Pause Full (Ergonomics)
[1.667s][info][gc,phases,start] GC(47) Marking Phase
[1.735s][info][gc,phases      ] GC(47) Marking Phase 68.075ms
[1.735s][info][gc,phases,start] GC(47) Summary Phase
[1.735s][info][gc,phases      ] GC(47) Summary Phase 0.027ms
[1.735s][info][gc,phases,start] GC(47) Adjust Roots
[1.735s][info][gc,phases      ] GC(47) Adjust Roots 0.186ms
[1.735s][info][gc,phases,start] GC(47) Compaction Phase
[1.769s][info][gc,phases      ] GC(47) Compaction Phase 34.008ms
[1.769s][info][gc,phases,start] GC(47) Post Compact
[1.771s][info][gc,phases      ] GC(47) Post Compact 1.461ms
[1.771s][info][gc,heap        ] GC(47) PSYoungGen: 38048K(77824K)->14830K(77824K) Eden: 0K(20480K)->0K(20480K) From: 38048K(57344K)->14830K(57344K)
[1.771s][info][gc,heap        ] GC(47) ParOldGen: 289760K(312320K)->312247K(367616K)
[1.771s][info][gc,metaspace   ] GC(47) Metaspace: 6298K(6464K)->6298K(6464K) NonClass: 5765K(5824K)->5765K(5824K) Class: 533K(640K)->533K(640K)
[1.771s][info][gc             ] GC(47) Pause Full (Ergonomics) 320M->319M(435M) 104.278ms
[1.771s][info][gc,cpu         ] GC(47) User=0.62s Sys=0.00s Real=0.10s
[1.794s][info][gc,start       ] GC(48) Pause Young (Allocation Failure)
[1.823s][info][gc,heap        ] GC(48) PSYoungGen: 35310K(77824K)->28704K(79360K) Eden: 20480K(20480K)->0K(20480K) From: 14830K(57344K)->28704K(58880K)
[1.823s][info][gc,heap        ] GC(48) ParOldGen: 312247K(367616K)->319127K(367616K)
[1.823s][info][gc,metaspace   ] GC(48) Metaspace: 6298K(6464K)->6298K(6464K) NonClass: 5765K(5824K)->5765K(5824K) Class: 533K(640K)->533K(640K)
[1.823s][info][gc             ] GC(48) Pause Young (Allocation Failure) 339M->339M(436M) 28.968ms
[1.823s][info][gc,cpu         ] GC(48) User=0.14s Sys=0.00s Real=0.03s
[1.905s][info][gc,start       ] GC(49) Pause Young (Allocation Failure)
[1.936s][info][gc,heap        ] GC(49) PSYoungGen: 49184K(79360K)->49184K(74752K) Eden: 20480K(20480K)->0K(17920K) From: 28704K(58880K)->49184K(56832K)
[1.936s][info][gc,heap        ] GC(49) ParOldGen: 335511K(367616K)->335511K(367616K)
[1.936s][info][gc,metaspace   ] GC(49) Metaspace: 6298K(6464K)->6298K(6464K) NonClass: 5765K(5824K)->5765K(5824K) Class: 533K(640K)->533K(640K)
[1.936s][info][gc             ] GC(49) Pause Young (Allocation Failure) 375M->375M(432M) 31.095ms
[1.936s][info][gc,cpu         ] GC(49) User=0.14s Sys=0.00s Real=0.03s
[1.954s][info][gc,start       ] GC(50) Pause Young (Allocation Failure)
[1.984s][info][gc,heap        ] GC(50) PSYoungGen: 67104K(74752K)->61952K(79872K) Eden: 17920K(17920K)->0K(17920K) From: 49184K(56832K)->61952K(61952K)
[1.984s][info][gc,heap        ] GC(50) ParOldGen: 335511K(367616K)->340663K(367616K)
[1.984s][info][gc,metaspace   ] GC(50) Metaspace: 6298K(6464K)->6298K(6464K) NonClass: 5765K(5824K)->5765K(5824K) Class: 533K(640K)->533K(640K)
[1.984s][info][gc             ] GC(50) Pause Young (Allocation Failure) 393M->393M(437M) 29.838ms
[1.984s][info][gc,cpu         ] GC(50) User=0.14s Sys=0.00s Real=0.03s
[1.984s][info][gc,start       ] GC(51) Pause Full (Ergonomics)
[1.984s][info][gc,phases,start] GC(51) Marking Phase
[2.067s][info][gc,phases      ] GC(51) Marking Phase 82.774ms
[2.067s][info][gc,phases,start] GC(51) Summary Phase
[2.067s][info][gc,phases      ] GC(51) Summary Phase 0.031ms
[2.067s][info][gc,phases,start] GC(51) Adjust Roots
[2.067s][info][gc,phases      ] GC(51) Adjust Roots 0.151ms
[2.067s][info][gc,phases,start] GC(51) Compaction Phase
[2.136s][info][gc,phases      ] GC(51) Compaction Phase 68.525ms
[2.136s][info][gc,phases,start] GC(51) Post Compact
[2.138s][info][gc,phases      ] GC(51) Post Compact 2.052ms
[2.138s][info][gc,heap        ] GC(51) PSYoungGen: 61952K(79872K)->26561K(79872K) Eden: 0K(17920K)->0K(17920K) From: 61952K(61952K)->26561K(61952K)
[2.138s][info][gc,heap        ] GC(51) ParOldGen: 340663K(367616K)->367500K(422912K)
[2.138s][info][gc,metaspace   ] GC(51) Metaspace: 6298K(6464K)->6298K(6464K) NonClass: 5765K(5824K)->5765K(5824K) Class: 533K(640K)->533K(640K)
[2.138s][info][gc             ] GC(51) Pause Full (Ergonomics) 393M->384M(491M) 154.070ms
[2.138s][info][gc,cpu         ] GC(51) User=0.77s Sys=0.00s Real=0.15s
[2.159s][info][gc,start       ] GC(52) Pause Young (Allocation Failure)
[2.198s][info][gc,heap        ] GC(52) PSYoungGen: 44481K(79872K)->33632K(86016K) Eden: 17920K(17920K)->0K(20480K) From: 26561K(61952K)->33632K(65536K)
[2.198s][info][gc,heap        ] GC(52) ParOldGen: 367500K(422912K)->378668K(422912K)
[2.198s][info][gc,metaspace   ] GC(52) Metaspace: 6298K(6464K)->6298K(6464K) NonClass: 5765K(5824K)->5765K(5824K) Class: 533K(640K)->533K(640K)
[2.198s][info][gc             ] GC(52) Pause Young (Allocation Failure) 402M->402M(497M) 39.005ms
[2.198s][info][gc,cpu         ] GC(52) User=0.22s Sys=0.00s Real=0.04s
[2.219s][info][gc,start       ] GC(53) Pause Young (Allocation Failure)
[2.246s][info][gc,heap        ] GC(53) PSYoungGen: 54112K(86016K)->54112K(89600K) Eden: 20480K(20480K)->0K(20480K) From: 33632K(65536K)->54112K(69120K)
[2.246s][info][gc,heap        ] GC(53) ParOldGen: 378668K(422912K)->378668K(422912K)
[2.246s][info][gc,metaspace   ] GC(53) Metaspace: 6298K(6464K)->6298K(6464K) NonClass: 5765K(5824K)->5765K(5824K) Class: 533K(640K)->533K(640K)
[2.246s][info][gc             ] GC(53) Pause Young (Allocation Failure) 422M->422M(500M) 26.623ms
[2.246s][info][gc,cpu         ] GC(53) User=0.14s Sys=0.00s Real=0.03s
[2.267s][info][gc,start       ] GC(54) Pause Young (Allocation Failure)
[2.303s][info][gc,heap        ] GC(54) PSYoungGen: 74592K(89600K)->67008K(88064K) Eden: 20480K(20480K)->0K(14848K) From: 54112K(69120K)->67008K(73216K)
[2.303s][info][gc,heap        ] GC(54) ParOldGen: 378668K(422912K)->386380K(422912K)
[2.303s][info][gc,metaspace   ] GC(54) Metaspace: 6298K(6464K)->6298K(6464K) NonClass: 5765K(5824K)->5765K(5824K) Class: 533K(640K)->533K(640K)
[2.303s][info][gc             ] GC(54) Pause Young (Allocation Failure) 442M->442M(499M) 35.510ms
[2.303s][info][gc,cpu         ] GC(54) User=0.22s Sys=0.03s Real=0.03s
[2.318s][info][gc,start       ] GC(55) Pause Young (Allocation Failure)
[2.356s][info][gc,heap        ] GC(55) PSYoungGen: 81856K(88064K)->73888K(96256K) Eden: 14848K(14848K)->0K(14848K) From: 67008K(73216K)->73888K(81408K)
[2.356s][info][gc,heap        ] GC(55) ParOldGen: 386380K(422912K)->394468K(422912K)
[2.356s][info][gc,metaspace   ] GC(55) Metaspace: 6298K(6464K)->6298K(6464K) NonClass: 5765K(5824K)->5765K(5824K) Class: 533K(640K)->533K(640K)
[2.356s][info][gc             ] GC(55) Pause Young (Allocation Failure) 457M->457M(507M) 37.611ms
[2.356s][info][gc,cpu         ] GC(55) User=0.38s Sys=0.00s Real=0.04s
[2.372s][info][gc,start       ] GC(56) Pause Young (Allocation Failure)
[2.416s][info][gc,heap        ] GC(56) PSYoungGen: 88736K(96256K)->50368K(104448K) Eden: 14848K(14848K)->0K(17408K) From: 73888K(81408K)->50368K(87040K)
[2.416s][info][gc,heap        ] GC(56) ParOldGen: 394468K(422912K)->433324K(433664K)
[2.416s][info][gc,metaspace   ] GC(56) Metaspace: 6298K(6464K)->6298K(6464K) NonClass: 5765K(5824K)->5765K(5824K) Class: 533K(640K)->533K(640K)
[2.416s][info][gc             ] GC(56) Pause Young (Allocation Failure) 471M->472M(525M) 43.926ms
[2.416s][info][gc,cpu         ] GC(56) User=0.25s Sys=0.02s Real=0.04s
[2.416s][info][gc,start       ] GC(57) Pause Full (Ergonomics)
[2.416s][info][gc,phases,start] GC(57) Marking Phase
[2.523s][info][gc,phases      ] GC(57) Marking Phase 106.895ms
[2.523s][info][gc,phases,start] GC(57) Summary Phase
[2.523s][info][gc,phases      ] GC(57) Summary Phase 0.022ms
[2.523s][info][gc,phases,start] GC(57) Adjust Roots
[2.523s][info][gc,phases      ] GC(57) Adjust Roots 0.171ms
[2.523s][info][gc,phases,start] GC(57) Compaction Phase
[2.583s][info][gc,phases      ] GC(57) Compaction Phase 59.780ms
[2.583s][info][gc,phases,start] GC(57) Post Compact
[2.585s][info][gc,phases      ] GC(57) Post Compact 2.286ms
[2.586s][info][gc,heap        ] GC(57) PSYoungGen: 50368K(104448K)->49056K(105984K) Eden: 0K(17408K)->0K(18944K) From: 50368K(87040K)->49056K(87040K)
[2.586s][info][gc,heap        ] GC(57) ParOldGen: 433324K(433664K)->433421K(495616K)
[2.586s][info][gc,metaspace   ] GC(57) Metaspace: 6298K(6464K)->6298K(6464K) NonClass: 5765K(5824K)->5765K(5824K) Class: 533K(640K)->533K(640K)
[2.586s][info][gc             ] GC(57) Pause Full (Ergonomics) 472M->471M(587M) 169.736ms
[2.586s][info][gc,cpu         ] GC(57) User=1.05s Sys=0.02s Real=0.17s
[2.608s][info][gc,start       ] GC(58) Pause Young (Allocation Failure)
[2.656s][info][gc,heap        ] GC(58) PSYoungGen: 68000K(105984K)->33280K(52224K) Eden: 18944K(18944K)->0K(18944K) From: 49056K(87040K)->33280K(33280K)
[2.656s][info][gc,heap        ] GC(58) ParOldGen: 433421K(495616K)->468797K(495616K)
[2.656s][info][gc,metaspace   ] GC(58) Metaspace: 6298K(6464K)->6298K(6464K) NonClass: 5765K(5824K)->5765K(5824K) Class: 533K(640K)->533K(640K)
[2.656s][info][gc             ] GC(58) Pause Young (Allocation Failure) 489M->490M(535M) 48.170ms
[2.656s][info][gc,cpu         ] GC(58) User=0.19s Sys=0.08s Real=0.05s
[2.656s][info][gc,start       ] GC(59) Pause Full (Ergonomics)
[2.656s][info][gc,phases,start] GC(59) Marking Phase
[2.768s][info][gc,phases      ] GC(59) Marking Phase 111.641ms
[2.768s][info][gc,phases,start] GC(59) Summary Phase
[2.768s][info][gc,phases      ] GC(59) Summary Phase 0.027ms
[2.768s][info][gc,phases,start] GC(59) Adjust Roots
[2.768s][info][gc,phases      ] GC(59) Adjust Roots 0.153ms
[2.768s][info][gc,phases,start] GC(59) Compaction Phase
[2.814s][info][gc,phases      ] GC(59) Compaction Phase 46.231ms
[2.814s][info][gc,phases,start] GC(59) Post Compact
[2.817s][info][gc,phases      ] GC(59) Post Compact 2.454ms
[2.817s][info][gc,heap        ] GC(59) PSYoungGen: 33280K(52224K)->5998K(52224K) Eden: 0K(18944K)->0K(18944K) From: 33280K(33280K)->5998K(33280K)
[2.817s][info][gc,heap        ] GC(59) ParOldGen: 468797K(495616K)->495393K(567808K)
[2.817s][info][gc,metaspace   ] GC(59) Metaspace: 6298K(6464K)->6298K(6464K) NonClass: 5765K(5824K)->5765K(5824K) Class: 533K(640K)->533K(640K)
[2.817s][info][gc             ] GC(59) Pause Full (Ergonomics) 490M->489M(605M) 161.137ms
[2.817s][info][gc,cpu         ] GC(59) User=1.03s Sys=0.00s Real=0.16s
[2.839s][info][gc,start       ] GC(60) Pause Young (Allocation Failure)
[2.871s][info][gc,heap        ] GC(60) PSYoungGen: 24942K(52224K)->19072K(105984K) Eden: 18944K(18944K)->0K(21504K) From: 5998K(33280K)->19072K(84480K)
[2.871s][info][gc,heap        ] GC(60) ParOldGen: 495393K(567808K)->501497K(567808K)
[2.871s][info][gc,metaspace   ] GC(60) Metaspace: 6298K(6464K)->6298K(6464K) NonClass: 5765K(5824K)->5765K(5824K) Class: 533K(640K)->533K(640K)
[2.871s][info][gc             ] GC(60) Pause Young (Allocation Failure) 508M->508M(658M) 32.148ms
[2.871s][info][gc,cpu         ] GC(60) User=0.14s Sys=0.00s Real=0.03s
[2.894s][info][gc,start       ] GC(61) Pause Young (Allocation Failure)
[2.915s][info][gc,heap        ] GC(61) PSYoungGen: 40576K(105984K)->40576K(62464K) Eden: 21504K(21504K)->0K(21504K) From: 19072K(84480K)->40576K(40960K)
[2.915s][info][gc,heap        ] GC(61) ParOldGen: 501497K(567808K)->501497K(567808K)
[2.915s][info][gc,metaspace   ] GC(61) Metaspace: 6298K(6464K)->6298K(6464K) NonClass: 5765K(5824K)->5765K(5824K) Class: 533K(640K)->533K(640K)
[2.915s][info][gc             ] GC(61) Pause Young (Allocation Failure) 529M->529M(615M) 21.287ms
[2.915s][info][gc,cpu         ] GC(61) User=0.14s Sys=0.00s Real=0.02s
[2.939s][info][gc,start       ] GC(62) Pause Young (Allocation Failure)
[2.969s][info][gc,heap        ] GC(62) PSYoungGen: 62080K(62464K)->62144K(100352K) Eden: 21504K(21504K)->0K(19456K) From: 40576K(40960K)->62144K(80896K)
[2.969s][info][gc,heap        ] GC(62) ParOldGen: 501497K(567808K)->501497K(567808K)
[2.969s][info][gc,metaspace   ] GC(62) Metaspace: 6298K(6464K)->6298K(6464K) NonClass: 5765K(5824K)->5765K(5824K) Class: 533K(640K)->533K(640K)
[2.969s][info][gc             ] GC(62) Pause Young (Allocation Failure) 550M->550M(652M) 29.577ms
[2.969s][info][gc,cpu         ] GC(62) User=0.14s Sys=0.00s Real=0.03s
[2.990s][info][gc,start       ] GC(63) Pause Young (Allocation Failure)
[3.033s][info][gc,heap        ] GC(63) PSYoungGen: 81600K(100352K)->62656K(104960K) Eden: 19456K(19456K)->0K(19456K) From: 62144K(80896K)->62656K(85504K)
[3.033s][info][gc,heap        ] GC(63) ParOldGen: 501497K(567808K)->520705K(567808K)
[3.033s][info][gc,metaspace   ] GC(63) Metaspace: 6298K(6464K)->6298K(6464K) NonClass: 5765K(5824K)->5765K(5824K) Class: 533K(640K)->533K(640K)
[3.033s][info][gc             ] GC(63) Pause Young (Allocation Failure) 569M->569M(657M) 42.605ms
[3.033s][info][gc,cpu         ] GC(63) User=0.36s Sys=0.02s Real=0.04s
[3.054s][info][gc,start       ] GC(64) Pause Young (Allocation Failure)
[3.098s][info][gc,heap        ] GC(64) PSYoungGen: 82112K(104960K)->60608K(108544K) Eden: 19456K(19456K)->0K(19968K) From: 62656K(85504K)->60608K(88576K)
[3.098s][info][gc,heap        ] GC(64) ParOldGen: 520705K(567808K)->542473K(567808K)
[3.098s][info][gc,metaspace   ] GC(64) Metaspace: 6298K(6464K)->6298K(6464K) NonClass: 5765K(5824K)->5765K(5824K) Class: 533K(640K)->533K(640K)
[3.098s][info][gc             ] GC(64) Pause Young (Allocation Failure) 588M->588M(660M) 44.259ms
[3.098s][info][gc,cpu         ] GC(64) User=0.25s Sys=0.00s Real=0.04s
[3.098s][info][gc,start       ] GC(65) Pause Full (Ergonomics)
[3.098s][info][gc,phases,start] GC(65) Marking Phase
[3.238s][info][gc,phases      ] GC(65) Marking Phase 139.439ms
[3.238s][info][gc,phases,start] GC(65) Summary Phase
[3.238s][info][gc,phases      ] GC(65) Summary Phase 0.024ms
[3.238s][info][gc,phases,start] GC(65) Adjust Roots
[3.238s][info][gc,phases      ] GC(65) Adjust Roots 0.198ms
[3.238s][info][gc,phases,start] GC(65) Compaction Phase
[3.295s][info][gc,phases      ] GC(65) Compaction Phase 56.979ms
[3.295s][info][gc,phases,start] GC(65) Post Compact
[3.296s][info][gc,phases      ] GC(65) Post Compact 0.929ms
[3.296s][info][gc,heap        ] GC(65) PSYoungGen: 60608K(108544K)->34772K(108544K) Eden: 0K(19968K)->0K(19968K) From: 60608K(88576K)->34772K(88576K)
[3.296s][info][gc,heap        ] GC(65) ParOldGen: 542473K(567808K)->567331K(614400K)
[3.296s][info][gc,metaspace   ] GC(65) Metaspace: 6298K(6464K)->6298K(6464K) NonClass: 5765K(5824K)->5765K(5824K) Class: 533K(640K)->533K(640K)
[3.296s][info][gc             ] GC(65) Pause Full (Ergonomics) 588M->587M(706M) 198.033ms
[3.296s][info][gc,cpu         ] GC(65) User=1.47s Sys=0.03s Real=0.20s
[3.320s][info][gc,start       ] GC(66) Pause Young (Allocation Failure)
[3.370s][info][gc,heap        ] GC(66) PSYoungGen: 54740K(108544K)->32640K(110592K) Eden: 19968K(19968K)->0K(19968K) From: 34772K(88576K)->32640K(90624K)
[3.371s][info][gc,heap        ] GC(66) ParOldGen: 567331K(614400K)->589907K(614400K)
[3.371s][info][gc,metaspace   ] GC(66) Metaspace: 6298K(6464K)->6298K(6464K) NonClass: 5765K(5824K)->5765K(5824K) Class: 533K(640K)->533K(640K)
[3.371s][info][gc             ] GC(66) Pause Young (Allocation Failure) 607M->607M(708M) 50.997ms
[3.371s][info][gc,cpu         ] GC(66) User=0.25s Sys=0.00s Real=0.05s
[3.371s][info][gc,start       ] GC(67) Pause Full (Ergonomics)
[3.371s][info][gc,phases,start] GC(67) Marking Phase
[3.505s][info][gc,phases      ] GC(67) Marking Phase 134.478ms
[3.505s][info][gc,phases,start] GC(67) Summary Phase
[3.505s][info][gc,phases      ] GC(67) Summary Phase 0.032ms
[3.505s][info][gc,phases,start] GC(67) Adjust Roots
[3.505s][info][gc,phases      ] GC(67) Adjust Roots 0.161ms
[3.505s][info][gc,phases,start] GC(67) Compaction Phase
[3.555s][info][gc,phases      ] GC(67) Compaction Phase 49.399ms
[3.555s][info][gc,phases,start] GC(67) Post Compact
[3.556s][info][gc,phases      ] GC(67) Post Compact 0.960ms
[3.556s][info][gc,heap        ] GC(67) PSYoungGen: 32640K(110592K)->7896K(110592K) Eden: 0K(19968K)->0K(19968K) From: 32640K(90624K)->7896K(90624K)
[3.556s][info][gc,heap        ] GC(67) ParOldGen: 589907K(614400K)->614145K(614400K)
[3.556s][info][gc,metaspace   ] GC(67) Metaspace: 6298K(6464K)->6298K(6464K) NonClass: 5765K(5824K)->5765K(5824K) Class: 533K(640K)->533K(640K)
[3.556s][info][gc             ] GC(67) Pause Full (Ergonomics) 607M->607M(708M) 185.314ms
[3.556s][info][gc,cpu         ] GC(67) User=1.27s Sys=0.02s Real=0.18s
[3.581s][info][gc,start       ] GC(68) Pause Full (Ergonomics)
[3.581s][info][gc,phases,start] GC(68) Marking Phase
[3.728s][info][gc,phases      ] GC(68) Marking Phase 147.482ms
[3.728s][info][gc,phases,start] GC(68) Summary Phase
[3.728s][info][gc,phases      ] GC(68) Summary Phase 0.021ms
[3.728s][info][gc,phases,start] GC(68) Adjust Roots
[3.729s][info][gc,phases      ] GC(68) Adjust Roots 0.153ms
[3.729s][info][gc,phases,start] GC(68) Compaction Phase
[3.772s][info][gc,phases      ] GC(68) Compaction Phase 43.329ms
[3.772s][info][gc,phases,start] GC(68) Post Compact
[3.773s][info][gc,phases      ] GC(68) Post Compact 1.141ms
[3.773s][info][gc,heap        ] GC(68) PSYoungGen: 27864K(110592K)->27834K(110592K) Eden: 19968K(19968K)->19937K(19968K) From: 7896K(90624K)->7896K(90624K)
[3.773s][info][gc,heap        ] GC(68) ParOldGen: 614145K(614400K)->614145K(614400K)
[3.773s][info][gc,metaspace   ] GC(68) Metaspace: 6298K(6464K)->6298K(6464K) NonClass: 5765K(5824K)->5765K(5824K) Class: 533K(640K)->533K(640K)
[3.773s][info][gc             ] GC(68) Pause Full (Ergonomics) 626M->626M(708M) 192.573ms
[3.773s][info][gc,cpu         ] GC(68) User=1.38s Sys=0.00s Real=0.19s
[3.774s][info][gc,start       ] GC(69) Pause Full (Ergonomics)
[3.774s][info][gc,phases,start] GC(69) Marking Phase
[3.917s][info][gc,phases      ] GC(69) Marking Phase 143.239ms
[3.917s][info][gc,phases,start] GC(69) Summary Phase
[3.917s][info][gc,phases      ] GC(69) Summary Phase 0.021ms
[3.917s][info][gc,phases,start] GC(69) Adjust Roots
[3.917s][info][gc,phases      ] GC(69) Adjust Roots 0.182ms
[3.917s][info][gc,phases,start] GC(69) Compaction Phase
[3.954s][info][gc,phases      ] GC(69) Compaction Phase 36.815ms
[3.954s][info][gc,phases,start] GC(69) Post Compact
[3.955s][info][gc,phases      ] GC(69) Post Compact 0.845ms
[3.955s][info][gc,heap        ] GC(69) PSYoungGen: 27864K(110592K)->27864K(110592K) Eden: 19968K(19968K)->19967K(19968K) From: 7896K(90624K)->7896K(90624K)
[3.955s][info][gc,heap        ] GC(69) ParOldGen: 614145K(614400K)->614145K(614400K)
[3.955s][info][gc,metaspace   ] GC(69) Metaspace: 6298K(6464K)->6298K(6464K) NonClass: 5765K(5824K)->5765K(5824K) Class: 533K(640K)->533K(640K)
[3.955s][info][gc             ] GC(69) Pause Full (Ergonomics) 626M->626M(708M) 181.395ms
[3.955s][info][gc,cpu         ] GC(69) User=1.30s Sys=0.00s Real=0.18s
[3.955s][info][gc,start       ] GC(70) Pause Full (Ergonomics)
[3.955s][info][gc,phases,start] GC(70) Marking Phase
[4.099s][info][gc,phases      ] GC(70) Marking Phase 144.370ms
[4.100s][info][gc,phases,start] GC(70) Summary Phase
[4.100s][info][gc,phases      ] GC(70) Summary Phase 0.022ms
[4.100s][info][gc,phases,start] GC(70) Adjust Roots
[4.100s][info][gc,phases      ] GC(70) Adjust Roots 0.157ms
[4.100s][info][gc,phases,start] GC(70) Compaction Phase
[4.136s][info][gc,phases      ] GC(70) Compaction Phase 36.360ms
[4.136s][info][gc,phases,start] GC(70) Post Compact
[4.137s][info][gc,phases      ] GC(70) Post Compact 0.838ms
[4.137s][info][gc,heap        ] GC(70) PSYoungGen: 27864K(110592K)->27864K(110592K) Eden: 19967K(19968K)->19967K(19968K) From: 7896K(90624K)->7896K(90624K)
[4.137s][info][gc,heap        ] GC(70) ParOldGen: 614145K(614400K)->614145K(614400K)
[4.137s][info][gc,metaspace   ] GC(70) Metaspace: 6298K(6464K)->6298K(6464K) NonClass: 5765K(5824K)->5765K(5824K) Class: 533K(640K)->533K(640K)
[4.137s][info][gc             ] GC(70) Pause Full (Ergonomics) 626M->626M(708M) 182.036ms
[4.137s][info][gc,cpu         ] GC(70) User=1.34s Sys=0.00s Real=0.18s
[4.137s][info][gc,start       ] GC(71) Pause Full (Ergonomics)
[4.137s][info][gc,phases,start] GC(71) Marking Phase
[4.283s][info][gc,phases      ] GC(71) Marking Phase 146.038ms
[4.283s][info][gc,phases,start] GC(71) Summary Phase
[4.283s][info][gc,phases      ] GC(71) Summary Phase 0.022ms
[4.283s][info][gc,phases,start] GC(71) Adjust Roots
[4.284s][info][gc,phases      ] GC(71) Adjust Roots 0.148ms
[4.284s][info][gc,phases,start] GC(71) Compaction Phase
[4.320s][info][gc,phases      ] GC(71) Compaction Phase 36.486ms
[4.320s][info][gc,phases,start] GC(71) Post Compact
[4.321s][info][gc,phases      ] GC(71) Post Compact 0.842ms
[4.321s][info][gc,heap        ] GC(71) PSYoungGen: 27864K(110592K)->27864K(110592K) Eden: 19967K(19968K)->19967K(19968K) From: 7896K(90624K)->7896K(90624K)
[4.321s][info][gc,heap        ] GC(71) ParOldGen: 614150K(614400K)->614150K(614400K)
[4.321s][info][gc,metaspace   ] GC(71) Metaspace: 6298K(6464K)->6298K(6464K) NonClass: 5765K(5824K)->5765K(5824K) Class: 533K(640K)->533K(640K)
[4.321s][info][gc             ] GC(71) Pause Full (Ergonomics) 626M->626M(708M) 183.808ms
[4.321s][info][gc,cpu         ] GC(71) User=1.38s Sys=0.00s Real=0.18s
[4.321s][info][gc,start       ] GC(72) Pause Full (Ergonomics)
[4.321s][info][gc,phases,start] GC(72) Marking Phase
[4.456s][info][gc,phases      ] GC(72) Marking Phase 134.428ms
[4.456s][info][gc,phases,start] GC(72) Summary Phase
[4.456s][info][gc,phases      ] GC(72) Summary Phase 0.024ms
[4.456s][info][gc,phases,start] GC(72) Adjust Roots
[4.456s][info][gc,phases      ] GC(72) Adjust Roots 0.199ms
[4.456s][info][gc,phases,start] GC(72) Compaction Phase
[4.493s][info][gc,phases      ] GC(72) Compaction Phase 37.466ms
[4.494s][info][gc,phases,start] GC(72) Post Compact
[4.495s][info][gc,phases      ] GC(72) Post Compact 1.045ms
[4.495s][info][gc,heap        ] GC(72) PSYoungGen: 27864K(110592K)->27864K(110592K) Eden: 19967K(19968K)->19967K(19968K) From: 7896K(90624K)->7896K(90624K)
[4.495s][info][gc,heap        ] GC(72) ParOldGen: 614154K(614400K)->614154K(614400K)
[4.495s][info][gc,metaspace   ] GC(72) Metaspace: 6298K(6464K)->6298K(6464K) NonClass: 5765K(5824K)->5765K(5824K) Class: 533K(640K)->533K(640K)
[4.495s][info][gc             ] GC(72) Pause Full (Ergonomics) 626M->626M(708M) 173.465ms
[4.495s][info][gc,cpu         ] GC(72) User=1.22s Sys=0.00s Real=0.17s
[4.495s][info][gc,start       ] GC(73) Pause Full (Ergonomics)
[4.495s][info][gc,phases,start] GC(73) Marking Phase
[4.630s][info][gc,phases      ] GC(73) Marking Phase 134.774ms
[4.630s][info][gc,phases,start] GC(73) Summary Phase
[4.630s][info][gc,phases      ] GC(73) Summary Phase 0.021ms
[4.630s][info][gc,phases,start] GC(73) Adjust Roots
[4.630s][info][gc,phases      ] GC(73) Adjust Roots 0.191ms
[4.630s][info][gc,phases,start] GC(73) Compaction Phase
[4.668s][info][gc,phases      ] GC(73) Compaction Phase 37.648ms
[4.668s][info][gc,phases,start] GC(73) Post Compact
[4.669s][info][gc,phases      ] GC(73) Post Compact 1.069ms
[4.669s][info][gc,heap        ] GC(73) PSYoungGen: 27864K(110592K)->27864K(110592K) Eden: 19967K(19968K)->19967K(19968K) From: 7896K(90624K)->7896K(90624K)
[4.669s][info][gc,heap        ] GC(73) ParOldGen: 614159K(614400K)->614159K(614400K)
[4.669s][info][gc,metaspace   ] GC(73) Metaspace: 6298K(6464K)->6298K(6464K) NonClass: 5765K(5824K)->5765K(5824K) Class: 533K(640K)->533K(640K)
[4.669s][info][gc             ] GC(73) Pause Full (Ergonomics) 626M->626M(708M) 173.987ms
[4.669s][info][gc,cpu         ] GC(73) User=1.25s Sys=0.00s Real=0.17s
[4.669s][info][gc,start       ] GC(74) Pause Full (Ergonomics)
[4.669s][info][gc,phases,start] GC(74) Marking Phase
[4.815s][info][gc,phases      ] GC(74) Marking Phase 146.305ms
[4.815s][info][gc,phases,start] GC(74) Summary Phase
[4.815s][info][gc,phases      ] GC(74) Summary Phase 0.021ms
[4.816s][info][gc,phases,start] GC(74) Adjust Roots
[4.816s][info][gc,phases      ] GC(74) Adjust Roots 0.149ms
[4.816s][info][gc,phases,start] GC(74) Compaction Phase
[4.852s][info][gc,phases      ] GC(74) Compaction Phase 36.360ms
[4.852s][info][gc,phases,start] GC(74) Post Compact
[4.853s][info][gc,phases      ] GC(74) Post Compact 1.030ms
[4.853s][info][gc,heap        ] GC(74) PSYoungGen: 27864K(110592K)->27864K(110592K) Eden: 19967K(19968K)->19967K(19968K) From: 7896K(90624K)->7896K(90624K)
[4.853s][info][gc,heap        ] GC(74) ParOldGen: 614164K(614400K)->614164K(614400K)
[4.853s][info][gc,metaspace   ] GC(74) Metaspace: 6298K(6464K)->6298K(6464K) NonClass: 5765K(5824K)->5765K(5824K) Class: 533K(640K)->533K(640K)
[4.853s][info][gc             ] GC(74) Pause Full (Ergonomics) 626M->626M(708M) 184.159ms
[4.853s][info][gc,cpu         ] GC(74) User=1.17s Sys=0.00s Real=0.18s
[4.853s][info][gc,start       ] GC(75) Pause Full (Ergonomics)
[4.853s][info][gc,phases,start] GC(75) Marking Phase
[4.999s][info][gc,phases      ] GC(75) Marking Phase 145.343ms
[4.999s][info][gc,phases,start] GC(75) Summary Phase
[4.999s][info][gc,phases      ] GC(75) Summary Phase 0.021ms
[4.999s][info][gc,phases,start] GC(75) Adjust Roots
[4.999s][info][gc,phases      ] GC(75) Adjust Roots 0.150ms
[4.999s][info][gc,phases,start] GC(75) Compaction Phase
[5.036s][info][gc,phases      ] GC(75) Compaction Phase 37.379ms
[5.037s][info][gc,phases,start] GC(75) Post Compact
[5.037s][info][gc,phases      ] GC(75) Post Compact 0.850ms
[5.037s][info][gc,heap        ] GC(75) PSYoungGen: 27864K(110592K)->27864K(110592K) Eden: 19967K(19968K)->19967K(19968K) From: 7896K(90624K)->7896K(90624K)
[5.037s][info][gc,heap        ] GC(75) ParOldGen: 614168K(614400K)->614168K(614400K)
[5.037s][info][gc,metaspace   ] GC(75) Metaspace: 6298K(6464K)->6298K(6464K) NonClass: 5765K(5824K)->5765K(5824K) Class: 533K(640K)->533K(640K)
[5.037s][info][gc             ] GC(75) Pause Full (Ergonomics) 626M->626M(708M) 184.028ms
[5.037s][info][gc,cpu         ] GC(75) User=1.20s Sys=0.00s Real=0.18s
[5.038s][info][gc,start       ] GC(76) Pause Full (Ergonomics)
[5.038s][info][gc,phases,start] GC(76) Marking Phase
[5.169s][info][gc,phases      ] GC(76) Marking Phase 131.812ms
[5.170s][info][gc,phases,start] GC(76) Summary Phase
[5.170s][info][gc,phases      ] GC(76) Summary Phase 0.021ms
[5.170s][info][gc,phases,start] GC(76) Adjust Roots
[5.170s][info][gc,phases      ] GC(76) Adjust Roots 0.153ms
[5.170s][info][gc,phases,start] GC(76) Compaction Phase
[5.206s][info][gc,phases      ] GC(76) Compaction Phase 36.624ms
[5.206s][info][gc,phases,start] GC(76) Post Compact
[5.207s][info][gc,phases      ] GC(76) Post Compact 0.940ms
[5.207s][info][gc,heap        ] GC(76) PSYoungGen: 27864K(110592K)->27864K(110592K) Eden: 19967K(19968K)->19967K(19968K) From: 7896K(90624K)->7896K(90624K)
[5.207s][info][gc,heap        ] GC(76) ParOldGen: 614173K(614400K)->614173K(614400K)
[5.207s][info][gc,metaspace   ] GC(76) Metaspace: 6298K(6464K)->6298K(6464K) NonClass: 5765K(5824K)->5765K(5824K) Class: 533K(640K)->533K(640K)
[5.207s][info][gc             ] GC(76) Pause Full (Ergonomics) 626M->626M(708M) 169.845ms
[5.207s][info][gc,cpu         ] GC(76) User=1.38s Sys=0.00s Real=0.17s
[5.208s][info][gc,start       ] GC(77) Pause Full (Ergonomics)
[5.208s][info][gc,phases,start] GC(77) Marking Phase
[5.353s][info][gc,phases      ] GC(77) Marking Phase 145.531ms
[5.353s][info][gc,phases,start] GC(77) Summary Phase
[5.353s][info][gc,phases      ] GC(77) Summary Phase 0.021ms
[5.353s][info][gc,phases,start] GC(77) Adjust Roots
[5.353s][info][gc,phases      ] GC(77) Adjust Roots 0.177ms
[5.354s][info][gc,phases,start] GC(77) Compaction Phase
[5.391s][info][gc,phases      ] GC(77) Compaction Phase 37.030ms
[5.391s][info][gc,phases,start] GC(77) Post Compact
[5.391s][info][gc,phases      ] GC(77) Post Compact 0.856ms
[5.392s][info][gc,heap        ] GC(77) PSYoungGen: 27864K(110592K)->27864K(110592K) Eden: 19967K(19968K)->19967K(19968K) From: 7896K(90624K)->7896K(90624K)
[5.392s][info][gc,heap        ] GC(77) ParOldGen: 614178K(614400K)->614178K(614400K)
[5.392s][info][gc,metaspace   ] GC(77) Metaspace: 6298K(6464K)->6298K(6464K) NonClass: 5765K(5824K)->5765K(5824K) Class: 533K(640K)->533K(640K)
[5.392s][info][gc             ] GC(77) Pause Full (Ergonomics) 626M->626M(708M) 183.911ms
[5.392s][info][gc,cpu         ] GC(77) User=1.50s Sys=0.00s Real=0.18s
[5.392s][info][gc,start       ] GC(78) Pause Full (Ergonomics)
[5.392s][info][gc,phases,start] GC(78) Marking Phase
[5.536s][info][gc,phases      ] GC(78) Marking Phase 144.169ms
[5.536s][info][gc,phases,start] GC(78) Summary Phase
[5.536s][info][gc,phases      ] GC(78) Summary Phase 0.020ms
[5.536s][info][gc,phases,start] GC(78) Adjust Roots
[5.536s][info][gc,phases      ] GC(78) Adjust Roots 0.151ms
[5.536s][info][gc,phases,start] GC(78) Compaction Phase
[5.573s][info][gc,phases      ] GC(78) Compaction Phase 36.506ms
[5.573s][info][gc,phases,start] GC(78) Post Compact
[5.574s][info][gc,phases      ] GC(78) Post Compact 0.892ms
[5.574s][info][gc,heap        ] GC(78) PSYoungGen: 27864K(110592K)->27864K(110592K) Eden: 19967K(19968K)->19967K(19968K) From: 7896K(90624K)->7896K(90624K)
[5.574s][info][gc,heap        ] GC(78) ParOldGen: 614182K(614400K)->614182K(614400K)
[5.574s][info][gc,metaspace   ] GC(78) Metaspace: 6298K(6464K)->6298K(6464K) NonClass: 5765K(5824K)->5765K(5824K) Class: 533K(640K)->533K(640K)
[5.574s][info][gc             ] GC(78) Pause Full (Ergonomics) 626M->626M(708M) 182.025ms
[5.574s][info][gc,cpu         ] GC(78) User=1.28s Sys=0.00s Real=0.18s
[5.574s][info][gc,start       ] GC(79) Pause Full (Ergonomics)
[5.574s][info][gc,phases,start] GC(79) Marking Phase
[5.725s][info][gc,phases      ] GC(79) Marking Phase 150.600ms
[5.725s][info][gc,phases,start] GC(79) Summary Phase
[5.725s][info][gc,phases      ] GC(79) Summary Phase 0.021ms
[5.725s][info][gc,phases,start] GC(79) Adjust Roots
[5.725s][info][gc,phases      ] GC(79) Adjust Roots 0.156ms
[5.725s][info][gc,phases,start] GC(79) Compaction Phase
[5.761s][info][gc,phases      ] GC(79) Compaction Phase 36.510ms
[5.761s][info][gc,phases,start] GC(79) Post Compact
[5.762s][info][gc,phases      ] GC(79) Post Compact 0.847ms
[5.762s][info][gc,heap        ] GC(79) PSYoungGen: 27864K(110592K)->27864K(110592K) Eden: 19967K(19968K)->19967K(19968K) From: 7896K(90624K)->7896K(90624K)
[5.762s][info][gc,heap        ] GC(79) ParOldGen: 614187K(614400K)->614187K(614400K)
[5.762s][info][gc,metaspace   ] GC(79) Metaspace: 6298K(6464K)->6298K(6464K) NonClass: 5765K(5824K)->5765K(5824K) Class: 533K(640K)->533K(640K)
[5.762s][info][gc             ] GC(79) Pause Full (Ergonomics) 627M->627M(708M) 188.427ms
[5.762s][info][gc,cpu         ] GC(79) User=1.48s Sys=0.00s Real=0.19s
[5.763s][info][gc,start       ] GC(80) Pause Full (Ergonomics)
[5.763s][info][gc,phases,start] GC(80) Marking Phase
[5.907s][info][gc,phases      ] GC(80) Marking Phase 144.006ms
[5.907s][info][gc,phases,start] GC(80) Summary Phase
[5.907s][info][gc,phases      ] GC(80) Summary Phase 0.020ms
[5.907s][info][gc,phases,start] GC(80) Adjust Roots
[5.907s][info][gc,phases      ] GC(80) Adjust Roots 0.153ms
[5.907s][info][gc,phases,start] GC(80) Compaction Phase
[5.943s][info][gc,phases      ] GC(80) Compaction Phase 36.531ms
[5.943s][info][gc,phases,start] GC(80) Post Compact
[5.944s][info][gc,phases      ] GC(80) Post Compact 0.843ms
[5.944s][info][gc,heap        ] GC(80) PSYoungGen: 27864K(110592K)->27864K(110592K) Eden: 19967K(19968K)->19967K(19968K) From: 7896K(90624K)->7896K(90624K)
[5.944s][info][gc,heap        ] GC(80) ParOldGen: 614192K(614400K)->614192K(614400K)
[5.944s][info][gc,metaspace   ] GC(80) Metaspace: 6298K(6464K)->6298K(6464K) NonClass: 5765K(5824K)->5765K(5824K) Class: 533K(640K)->533K(640K)
[5.944s][info][gc             ] GC(80) Pause Full (Ergonomics) 627M->627M(708M) 181.846ms
[5.944s][info][gc,cpu         ] GC(80) User=1.27s Sys=0.00s Real=0.18s
[5.945s][info][gc,start       ] GC(81) Pause Full (Ergonomics)
[5.945s][info][gc,phases,start] GC(81) Marking Phase
[6.089s][info][gc,phases      ] GC(81) Marking Phase 144.697ms
[6.089s][info][gc,phases,start] GC(81) Summary Phase
[6.089s][info][gc,phases      ] GC(81) Summary Phase 0.021ms
[6.089s][info][gc,phases,start] GC(81) Adjust Roots
[6.090s][info][gc,phases      ] GC(81) Adjust Roots 0.154ms
[6.090s][info][gc,phases,start] GC(81) Compaction Phase
[6.126s][info][gc,phases      ] GC(81) Compaction Phase 36.536ms
[6.126s][info][gc,phases,start] GC(81) Post Compact
[6.127s][info][gc,phases      ] GC(81) Post Compact 0.836ms
[6.127s][info][gc,heap        ] GC(81) PSYoungGen: 27864K(110592K)->27864K(110592K) Eden: 19967K(19968K)->19967K(19968K) From: 7896K(90624K)->7896K(90624K)
[6.127s][info][gc,heap        ] GC(81) ParOldGen: 614196K(614400K)->614196K(614400K)
[6.127s][info][gc,metaspace   ] GC(81) Metaspace: 6298K(6464K)->6298K(6464K) NonClass: 5765K(5824K)->5765K(5824K) Class: 533K(640K)->533K(640K)
[6.127s][info][gc             ] GC(81) Pause Full (Ergonomics) 627M->627M(708M) 182.517ms
[6.127s][info][gc,cpu         ] GC(81) User=1.34s Sys=0.00s Real=0.18s
[6.127s][info][gc,start       ] GC(82) Pause Full (Ergonomics)
[6.127s][info][gc,phases,start] GC(82) Marking Phase
[6.265s][info][gc,phases      ] GC(82) Marking Phase 137.806ms
[6.265s][info][gc,phases,start] GC(82) Summary Phase
[6.265s][info][gc,phases      ] GC(82) Summary Phase 0.020ms
[6.265s][info][gc,phases,start] GC(82) Adjust Roots
[6.265s][info][gc,phases      ] GC(82) Adjust Roots 0.148ms
[6.265s][info][gc,phases,start] GC(82) Compaction Phase
[6.302s][info][gc,phases      ] GC(82) Compaction Phase 36.587ms
[6.302s][info][gc,phases,start] GC(82) Post Compact
[6.303s][info][gc,phases      ] GC(82) Post Compact 0.847ms
[6.303s][info][gc,heap        ] GC(82) PSYoungGen: 27864K(110592K)->27864K(110592K) Eden: 19967K(19968K)->19967K(19968K) From: 7896K(90624K)->7896K(90624K)
[6.303s][info][gc,heap        ] GC(82) ParOldGen: 614201K(614400K)->614201K(614400K)
[6.303s][info][gc,metaspace   ] GC(82) Metaspace: 6298K(6464K)->6298K(6464K) NonClass: 5765K(5824K)->5765K(5824K) Class: 533K(640K)->533K(640K)
[6.303s][info][gc             ] GC(82) Pause Full (Ergonomics) 627M->627M(708M) 175.679ms
[6.303s][info][gc,cpu         ] GC(82) User=1.27s Sys=0.00s Real=0.18s
[6.303s][info][gc,start       ] GC(83) Pause Full (Ergonomics)
[6.303s][info][gc,phases,start] GC(83) Marking Phase
[6.450s][info][gc,phases      ] GC(83) Marking Phase 147.339ms
[6.451s][info][gc,phases,start] GC(83) Summary Phase
[6.451s][info][gc,phases      ] GC(83) Summary Phase 0.020ms
[6.451s][info][gc,phases,start] GC(83) Adjust Roots
[6.451s][info][gc,phases      ] GC(83) Adjust Roots 0.146ms
[6.451s][info][gc,phases,start] GC(83) Compaction Phase
[6.490s][info][gc,phases      ] GC(83) Compaction Phase 39.455ms
[6.490s][info][gc,phases,start] GC(83) Post Compact
[6.491s][info][gc,phases      ] GC(83) Post Compact 0.878ms
[6.491s][info][gc,heap        ] GC(83) PSYoungGen: 27864K(110592K)->27864K(110592K) Eden: 19967K(19968K)->19967K(19968K) From: 7896K(90624K)->7896K(90624K)
[6.491s][info][gc,heap        ] GC(83) ParOldGen: 614206K(614400K)->614206K(614400K)
[6.491s][info][gc,metaspace   ] GC(83) Metaspace: 6298K(6464K)->6298K(6464K) NonClass: 5765K(5824K)->5765K(5824K) Class: 533K(640K)->533K(640K)
[6.491s][info][gc             ] GC(83) Pause Full (Ergonomics) 627M->627M(708M) 188.110ms
[6.491s][info][gc,cpu         ] GC(83) User=1.48s Sys=0.00s Real=0.19s
[6.491s][info][gc,start       ] GC(84) Pause Full (Ergonomics)
[6.491s][info][gc,phases,start] GC(84) Marking Phase
[6.639s][info][gc,phases      ] GC(84) Marking Phase 147.367ms
[6.639s][info][gc,phases,start] GC(84) Summary Phase
[6.639s][info][gc,phases      ] GC(84) Summary Phase 0.021ms
[6.639s][info][gc,phases,start] GC(84) Adjust Roots
[6.639s][info][gc,phases      ] GC(84) Adjust Roots 0.159ms
[6.639s][info][gc,phases,start] GC(84) Compaction Phase
[6.676s][info][gc,phases      ] GC(84) Compaction Phase 37.222ms
[6.676s][info][gc,phases,start] GC(84) Post Compact
[6.677s][info][gc,phases      ] GC(84) Post Compact 0.890ms
[6.677s][info][gc,heap        ] GC(84) PSYoungGen: 27864K(110592K)->27864K(110592K) Eden: 19967K(19968K)->19967K(19968K) From: 7896K(90624K)->7896K(90624K)
[6.677s][info][gc,heap        ] GC(84) ParOldGen: 614210K(614400K)->614210K(614400K)
[6.677s][info][gc,metaspace   ] GC(84) Metaspace: 6298K(6464K)->6298K(6464K) NonClass: 5765K(5824K)->5765K(5824K) Class: 533K(640K)->533K(640K)
[6.677s][info][gc             ] GC(84) Pause Full (Ergonomics) 627M->627M(708M) 185.960ms
[6.677s][info][gc,cpu         ] GC(84) User=1.38s Sys=0.00s Real=0.19s
[6.677s][info][gc,start       ] GC(85) Pause Full (Ergonomics)
[6.678s][info][gc,phases,start] GC(85) Marking Phase
[6.823s][info][gc,phases      ] GC(85) Marking Phase 145.187ms
[6.823s][info][gc,phases,start] GC(85) Summary Phase
[6.823s][info][gc,phases      ] GC(85) Summary Phase 0.020ms
[6.823s][info][gc,phases,start] GC(85) Adjust Roots
[6.823s][info][gc,phases      ] GC(85) Adjust Roots 0.153ms
[6.823s][info][gc,phases,start] GC(85) Compaction Phase
[6.862s][info][gc,phases      ] GC(85) Compaction Phase 38.730ms
[6.862s][info][gc,phases,start] GC(85) Post Compact
[6.863s][info][gc,phases      ] GC(85) Post Compact 0.986ms
[6.863s][info][gc,heap        ] GC(85) PSYoungGen: 27864K(110592K)->27864K(110592K) Eden: 19967K(19968K)->19967K(19968K) From: 7896K(90624K)->7896K(90624K)
[6.863s][info][gc,heap        ] GC(85) ParOldGen: 614215K(614400K)->614215K(614400K)
[6.863s][info][gc,metaspace   ] GC(85) Metaspace: 6298K(6464K)->6298K(6464K) NonClass: 5765K(5824K)->5765K(5824K) Class: 533K(640K)->533K(640K)
[6.863s][info][gc             ] GC(85) Pause Full (Ergonomics) 627M->627M(708M) 185.371ms
[6.863s][info][gc,cpu         ] GC(85) User=1.45s Sys=0.05s Real=0.19s
[6.863s][info][gc,start       ] GC(86) Pause Full (Ergonomics)
[6.863s][info][gc,phases,start] GC(86) Marking Phase
[7.008s][info][gc,phases      ] GC(86) Marking Phase 144.529ms
[7.008s][info][gc,phases,start] GC(86) Summary Phase
[7.008s][info][gc,phases      ] GC(86) Summary Phase 0.021ms
[7.008s][info][gc,phases,start] GC(86) Adjust Roots
[7.008s][info][gc,phases      ] GC(86) Adjust Roots 0.147ms
[7.008s][info][gc,phases,start] GC(86) Compaction Phase
[7.044s][info][gc,phases      ] GC(86) Compaction Phase 36.598ms
[7.045s][info][gc,phases,start] GC(86) Post Compact
[7.045s][info][gc,phases      ] GC(86) Post Compact 0.845ms
[7.045s][info][gc,heap        ] GC(86) PSYoungGen: 27864K(110592K)->27864K(110592K) Eden: 19967K(19968K)->19967K(19968K) From: 7896K(90624K)->7896K(90624K)
[7.045s][info][gc,heap        ] GC(86) ParOldGen: 614220K(614400K)->614220K(614400K)
[7.045s][info][gc,metaspace   ] GC(86) Metaspace: 6298K(6464K)->6298K(6464K) NonClass: 5765K(5824K)->5765K(5824K) Class: 533K(640K)->533K(640K)
[7.045s][info][gc             ] GC(86) Pause Full (Ergonomics) 627M->627M(708M) 182.417ms
[7.045s][info][gc,cpu         ] GC(86) User=1.34s Sys=0.00s Real=0.18s
[7.046s][info][gc,start       ] GC(87) Pause Full (Ergonomics)
[7.046s][info][gc,phases,start] GC(87) Marking Phase
[7.185s][info][gc,phases      ] GC(87) Marking Phase 139.456ms
[7.185s][info][gc,phases,start] GC(87) Summary Phase
[7.185s][info][gc,phases      ] GC(87) Summary Phase 0.021ms
[7.185s][info][gc,phases,start] GC(87) Adjust Roots
[7.185s][info][gc,phases      ] GC(87) Adjust Roots 0.151ms
[7.185s][info][gc,phases,start] GC(87) Compaction Phase
[7.222s][info][gc,phases      ] GC(87) Compaction Phase 37.103ms
[7.223s][info][gc,phases,start] GC(87) Post Compact
[7.223s][info][gc,phases      ] GC(87) Post Compact 0.843ms
[7.223s][info][gc,heap        ] GC(87) PSYoungGen: 27864K(110592K)->27864K(110592K) Eden: 19967K(19968K)->19967K(19968K) From: 7896K(90624K)->7896K(90624K)
[7.223s][info][gc,heap        ] GC(87) ParOldGen: 614224K(614400K)->614224K(614400K)
[7.223s][info][gc,metaspace   ] GC(87) Metaspace: 6298K(6464K)->6298K(6464K) NonClass: 5765K(5824K)->5765K(5824K) Class: 533K(640K)->533K(640K)
[7.223s][info][gc             ] GC(87) Pause Full (Ergonomics) 627M->627M(708M) 177.864ms
[7.224s][info][gc,cpu         ] GC(87) User=1.27s Sys=0.00s Real=0.18s
[7.224s][info][gc,start       ] GC(88) Pause Full (Ergonomics)
[7.224s][info][gc,phases,start] GC(88) Marking Phase
[7.368s][info][gc,phases      ] GC(88) Marking Phase 144.665ms
[7.368s][info][gc,phases,start] GC(88) Summary Phase
[7.368s][info][gc,phases      ] GC(88) Summary Phase 0.020ms
[7.368s][info][gc,phases,start] GC(88) Adjust Roots
[7.369s][info][gc,phases      ] GC(88) Adjust Roots 0.164ms
[7.369s][info][gc,phases,start] GC(88) Compaction Phase
[7.406s][info][gc,phases      ] GC(88) Compaction Phase 36.969ms
[7.406s][info][gc,phases,start] GC(88) Post Compact
[7.406s][info][gc,phases      ] GC(88) Post Compact 0.843ms
[7.407s][info][gc,heap        ] GC(88) PSYoungGen: 27864K(110592K)->27864K(110592K) Eden: 19967K(19968K)->19967K(19968K) From: 7896K(90624K)->7896K(90624K)
[7.407s][info][gc,heap        ] GC(88) ParOldGen: 614229K(614400K)->614229K(614400K)
[7.407s][info][gc,metaspace   ] GC(88) Metaspace: 6298K(6464K)->6298K(6464K) NonClass: 5765K(5824K)->5765K(5824K) Class: 533K(640K)->533K(640K)
[7.407s][info][gc             ] GC(88) Pause Full (Ergonomics) 627M->627M(708M) 182.930ms
[7.407s][info][gc,cpu         ] GC(88) User=1.31s Sys=0.00s Real=0.18s
[7.407s][info][gc,start       ] GC(89) Pause Full (Ergonomics)
[7.407s][info][gc,phases,start] GC(89) Marking Phase
[7.546s][info][gc,phases      ] GC(89) Marking Phase 138.932ms
[7.546s][info][gc,phases,start] GC(89) Summary Phase
[7.546s][info][gc,phases      ] GC(89) Summary Phase 0.020ms
[7.546s][info][gc,phases,start] GC(89) Adjust Roots
[7.546s][info][gc,phases      ] GC(89) Adjust Roots 0.150ms
[7.546s][info][gc,phases,start] GC(89) Compaction Phase
[7.585s][info][gc,phases      ] GC(89) Compaction Phase 38.853ms
[7.585s][info][gc,phases,start] GC(89) Post Compact
[7.586s][info][gc,phases      ] GC(89) Post Compact 0.843ms
[7.586s][info][gc,heap        ] GC(89) PSYoungGen: 27864K(110592K)->27864K(110592K) Eden: 19967K(19968K)->19967K(19968K) From: 7896K(90624K)->7896K(90624K)
[7.586s][info][gc,heap        ] GC(89) ParOldGen: 614234K(614400K)->614234K(614400K)
[7.586s][info][gc,metaspace   ] GC(89) Metaspace: 6298K(6464K)->6298K(6464K) NonClass: 5765K(5824K)->5765K(5824K) Class: 533K(640K)->533K(640K)
[7.586s][info][gc             ] GC(89) Pause Full (Ergonomics) 627M->627M(708M) 179.081ms
[7.586s][info][gc,cpu         ] GC(89) User=1.27s Sys=0.02s Real=0.18s
[7.586s][info][gc,start       ] GC(90) Pause Full (Ergonomics)
[7.586s][info][gc,phases,start] GC(90) Marking Phase
[7.732s][info][gc,phases      ] GC(90) Marking Phase 145.815ms
[7.732s][info][gc,phases,start] GC(90) Summary Phase
[7.732s][info][gc,phases      ] GC(90) Summary Phase 0.020ms
[7.732s][info][gc,phases,start] GC(90) Adjust Roots
[7.732s][info][gc,phases      ] GC(90) Adjust Roots 0.148ms
[7.732s][info][gc,phases,start] GC(90) Compaction Phase
[7.769s][info][gc,phases      ] GC(90) Compaction Phase 36.890ms
[7.769s][info][gc,phases,start] GC(90) Post Compact
[7.770s][info][gc,phases      ] GC(90) Post Compact 0.903ms
[7.770s][info][gc,heap        ] GC(90) PSYoungGen: 27864K(110592K)->27864K(110592K) Eden: 19967K(19968K)->19967K(19968K) From: 7896K(90624K)->7896K(90624K)
[7.770s][info][gc,heap        ] GC(90) ParOldGen: 614238K(614400K)->614238K(614400K)
[7.770s][info][gc,metaspace   ] GC(90) Metaspace: 6298K(6464K)->6298K(6464K) NonClass: 5765K(5824K)->5765K(5824K) Class: 533K(640K)->533K(640K)
[7.770s][info][gc             ] GC(90) Pause Full (Ergonomics) 627M->627M(708M) 184.048ms
[7.770s][info][gc,cpu         ] GC(90) User=1.36s Sys=0.00s Real=0.18s
[7.770s][info][gc,start       ] GC(91) Pause Full (Ergonomics)
[7.770s][info][gc,phases,start] GC(91) Marking Phase
[7.913s][info][gc,phases      ] GC(91) Marking Phase 142.561ms
[7.913s][info][gc,phases,start] GC(91) Summary Phase
[7.913s][info][gc,phases      ] GC(91) Summary Phase 0.021ms
[7.913s][info][gc,phases,start] GC(91) Adjust Roots
[7.913s][info][gc,phases      ] GC(91) Adjust Roots 0.150ms
[7.913s][info][gc,phases,start] GC(91) Compaction Phase
[7.951s][info][gc,phases      ] GC(91) Compaction Phase 37.625ms
[7.951s][info][gc,phases,start] GC(91) Post Compact
[7.952s][info][gc,phases      ] GC(91) Post Compact 0.839ms
[7.952s][info][gc,heap        ] GC(91) PSYoungGen: 27864K(110592K)->27864K(110592K) Eden: 19967K(19968K)->19967K(19968K) From: 7896K(90624K)->7896K(90624K)
[7.952s][info][gc,heap        ] GC(91) ParOldGen: 614243K(614400K)->614243K(614400K)
[7.952s][info][gc,metaspace   ] GC(91) Metaspace: 6298K(6464K)->6298K(6464K) NonClass: 5765K(5824K)->5765K(5824K) Class: 533K(640K)->533K(640K)
[7.952s][info][gc             ] GC(91) Pause Full (Ergonomics) 627M->627M(708M) 181.471ms
[7.952s][info][gc,cpu         ] GC(91) User=1.38s Sys=0.00s Real=0.18s
[7.952s][info][gc,start       ] GC(92) Pause Full (Ergonomics)
[7.952s][info][gc,phases,start] GC(92) Marking Phase
[8.090s][info][gc,phases      ] GC(92) Marking Phase 138.136ms
[8.090s][info][gc,phases,start] GC(92) Summary Phase
[8.090s][info][gc,phases      ] GC(92) Summary Phase 0.021ms
[8.090s][info][gc,phases,start] GC(92) Adjust Roots
[8.090s][info][gc,phases      ] GC(92) Adjust Roots 0.148ms
[8.090s][info][gc,phases,start] GC(92) Compaction Phase
[8.127s][info][gc,phases      ] GC(92) Compaction Phase 36.416ms
[8.127s][info][gc,phases,start] GC(92) Post Compact
[8.128s][info][gc,phases      ] GC(92) Post Compact 0.839ms
[8.128s][info][gc,heap        ] GC(92) PSYoungGen: 27864K(110592K)->27864K(110592K) Eden: 19967K(19968K)->19967K(19968K) From: 7896K(90624K)->7896K(90624K)
[8.128s][info][gc,heap        ] GC(92) ParOldGen: 614248K(614400K)->614248K(614400K)
[8.128s][info][gc,metaspace   ] GC(92) Metaspace: 6298K(6464K)->6298K(6464K) NonClass: 5765K(5824K)->5765K(5824K) Class: 533K(640K)->533K(640K)
[8.128s][info][gc             ] GC(92) Pause Full (Ergonomics) 627M->627M(708M) 175.839ms
[8.128s][info][gc,cpu         ] GC(92) User=1.27s Sys=0.00s Real=0.18s
[8.128s][info][gc,start       ] GC(93) Pause Full (Ergonomics)
[8.128s][info][gc,phases,start] GC(93) Marking Phase
[8.264s][info][gc,phases      ] GC(93) Marking Phase 136.578ms
[8.265s][info][gc,phases,start] GC(93) Summary Phase
[8.265s][info][gc,phases      ] GC(93) Summary Phase 0.023ms
[8.265s][info][gc,phases,start] GC(93) Adjust Roots
[8.265s][info][gc,phases      ] GC(93) Adjust Roots 0.187ms
[8.265s][info][gc,phases,start] GC(93) Compaction Phase
[8.304s][info][gc,phases      ] GC(93) Compaction Phase 39.584ms
[8.304s][info][gc,phases,start] GC(93) Post Compact
[8.305s][info][gc,phases      ] GC(93) Post Compact 0.911ms
[8.305s][info][gc,heap        ] GC(93) PSYoungGen: 27864K(110592K)->27864K(110592K) Eden: 19967K(19968K)->19967K(19968K) From: 7896K(90624K)->7896K(90624K)
[8.305s][info][gc,heap        ] GC(93) ParOldGen: 614252K(614400K)->614252K(614400K)
[8.305s][info][gc,metaspace   ] GC(93) Metaspace: 6298K(6464K)->6298K(6464K) NonClass: 5765K(5824K)->5765K(5824K) Class: 533K(640K)->533K(640K)
[8.305s][info][gc             ] GC(93) Pause Full (Ergonomics) 627M->627M(708M) 177.558ms
[8.305s][info][gc,cpu         ] GC(93) User=1.34s Sys=0.00s Real=0.18s
[8.306s][info][gc,start       ] GC(94) Pause Full (Ergonomics)
[8.306s][info][gc,phases,start] GC(94) Marking Phase
[8.449s][info][gc,phases      ] GC(94) Marking Phase 142.965ms
[8.449s][info][gc,phases,start] GC(94) Summary Phase
[8.449s][info][gc,phases      ] GC(94) Summary Phase 0.021ms
[8.449s][info][gc,phases,start] GC(94) Adjust Roots
[8.449s][info][gc,phases      ] GC(94) Adjust Roots 0.153ms
[8.449s][info][gc,phases,start] GC(94) Compaction Phase
[8.487s][info][gc,phases      ] GC(94) Compaction Phase 38.375ms
[8.487s][info][gc,phases,start] GC(94) Post Compact
[8.488s][info][gc,phases      ] GC(94) Post Compact 0.847ms
[8.488s][info][gc,heap        ] GC(94) PSYoungGen: 27864K(110592K)->27864K(110592K) Eden: 19967K(19968K)->19967K(19968K) From: 7896K(90624K)->7896K(90624K)
[8.488s][info][gc,heap        ] GC(94) ParOldGen: 614257K(614400K)->614257K(614400K)
[8.488s][info][gc,metaspace   ] GC(94) Metaspace: 6298K(6464K)->6298K(6464K) NonClass: 5765K(5824K)->5765K(5824K) Class: 533K(640K)->533K(640K)
[8.488s][info][gc             ] GC(94) Pause Full (Ergonomics) 627M->627M(708M) 182.647ms
[8.488s][info][gc,cpu         ] GC(94) User=1.27s Sys=0.00s Real=0.18s
[8.488s][info][gc,start       ] GC(95) Pause Full (Ergonomics)
[8.488s][info][gc,phases,start] GC(95) Marking Phase
[8.630s][info][gc,phases      ] GC(95) Marking Phase 141.623ms
[8.630s][info][gc,phases,start] GC(95) Summary Phase
[8.630s][info][gc,phases      ] GC(95) Summary Phase 0.021ms
[8.630s][info][gc,phases,start] GC(95) Adjust Roots
[8.630s][info][gc,phases      ] GC(95) Adjust Roots 0.150ms
[8.630s][info][gc,phases,start] GC(95) Compaction Phase
[8.667s][info][gc,phases      ] GC(95) Compaction Phase 36.461ms
[8.667s][info][gc,phases,start] GC(95) Post Compact
[8.668s][info][gc,phases      ] GC(95) Post Compact 0.842ms
[8.668s][info][gc,heap        ] GC(95) PSYoungGen: 27864K(110592K)->27864K(110592K) Eden: 19967K(19968K)->19967K(19968K) From: 7896K(90624K)->7896K(90624K)
[8.668s][info][gc,heap        ] GC(95) ParOldGen: 614262K(614400K)->614262K(614400K)
[8.668s][info][gc,metaspace   ] GC(95) Metaspace: 6298K(6464K)->6298K(6464K) NonClass: 5765K(5824K)->5765K(5824K) Class: 533K(640K)->533K(640K)
[8.668s][info][gc             ] GC(95) Pause Full (Ergonomics) 627M->627M(708M) 179.370ms
[8.668s][info][gc,cpu         ] GC(95) User=1.39s Sys=0.00s Real=0.18s
[8.668s][info][gc,start       ] GC(96) Pause Full (Ergonomics)
[8.668s][info][gc,phases,start] GC(96) Marking Phase
[8.804s][info][gc,phases      ] GC(96) Marking Phase 136.144ms
[8.804s][info][gc,phases,start] GC(96) Summary Phase
[8.804s][info][gc,phases      ] GC(96) Summary Phase 0.024ms
[8.804s][info][gc,phases,start] GC(96) Adjust Roots
[8.804s][info][gc,phases      ] GC(96) Adjust Roots 0.157ms
[8.804s][info][gc,phases,start] GC(96) Compaction Phase
[8.842s][info][gc,phases      ] GC(96) Compaction Phase 37.440ms
[8.842s][info][gc,phases,start] GC(96) Post Compact
[8.843s][info][gc,phases      ] GC(96) Post Compact 0.981ms
[8.843s][info][gc,heap        ] GC(96) PSYoungGen: 27864K(110592K)->27864K(110592K) Eden: 19967K(19968K)->19967K(19968K) From: 7896K(90624K)->7896K(90624K)
[8.843s][info][gc,heap        ] GC(96) ParOldGen: 614266K(614400K)->614266K(614400K)
[8.843s][info][gc,metaspace   ] GC(96) Metaspace: 6298K(6464K)->6298K(6464K) NonClass: 5765K(5824K)->5765K(5824K) Class: 533K(640K)->533K(640K)
[8.843s][info][gc             ] GC(96) Pause Full (Ergonomics) 627M->627M(708M) 175.053ms
[8.843s][info][gc,cpu         ] GC(96) User=1.27s Sys=0.00s Real=0.17s
[8.843s][info][gc,start       ] GC(97) Pause Full (Ergonomics)
[8.843s][info][gc,phases,start] GC(97) Marking Phase
[8.990s][info][gc,phases      ] GC(97) Marking Phase 146.881ms
[8.990s][info][gc,phases,start] GC(97) Summary Phase
[8.990s][info][gc,phases      ] GC(97) Summary Phase 0.025ms
[8.990s][info][gc,phases,start] GC(97) Adjust Roots
[8.990s][info][gc,phases      ] GC(97) Adjust Roots 0.213ms
[8.990s][info][gc,phases,start] GC(97) Compaction Phase
[9.028s][info][gc,phases      ] GC(97) Compaction Phase 37.573ms
[9.028s][info][gc,phases,start] GC(97) Post Compact
[9.029s][info][gc,phases      ] GC(97) Post Compact 0.924ms
[9.029s][info][gc,heap        ] GC(97) PSYoungGen: 27864K(110592K)->27864K(110592K) Eden: 19967K(19968K)->19967K(19968K) From: 7896K(90624K)->7896K(90624K)
[9.029s][info][gc,heap        ] GC(97) ParOldGen: 614271K(614400K)->614271K(614400K)
[9.029s][info][gc,metaspace   ] GC(97) Metaspace: 6298K(6464K)->6298K(6464K) NonClass: 5765K(5824K)->5765K(5824K) Class: 533K(640K)->533K(640K)
[9.029s][info][gc             ] GC(97) Pause Full (Ergonomics) 627M->627M(708M) 185.928ms
[9.029s][info][gc,cpu         ] GC(97) User=1.48s Sys=0.00s Real=0.19s
[9.029s][info][gc,start       ] GC(98) Pause Full (Ergonomics)
[9.029s][info][gc,phases,start] GC(98) Marking Phase
[9.173s][info][gc,phases      ] GC(98) Marking Phase 143.758ms
[9.173s][info][gc,phases,start] GC(98) Summary Phase
[9.173s][info][gc,phases      ] GC(98) Summary Phase 0.020ms
[9.173s][info][gc,phases,start] GC(98) Adjust Roots
[9.173s][info][gc,phases      ] GC(98) Adjust Roots 0.164ms
[9.173s][info][gc,phases,start] GC(98) Compaction Phase
[9.214s][info][gc,phases      ] GC(98) Compaction Phase 40.240ms
[9.214s][info][gc,phases,start] GC(98) Post Compact
[9.215s][info][gc,phases      ] GC(98) Post Compact 0.968ms
[9.215s][info][gc,heap        ] GC(98) PSYoungGen: 27864K(110592K)->27864K(110592K) Eden: 19967K(19968K)->19967K(19968K) From: 7896K(90624K)->7896K(90624K)
[9.215s][info][gc,heap        ] GC(98) ParOldGen: 614276K(614400K)->614276K(614400K)
[9.215s][info][gc,metaspace   ] GC(98) Metaspace: 6298K(6464K)->6298K(6464K) NonClass: 5765K(5824K)->5765K(5824K) Class: 533K(640K)->533K(640K)
[9.215s][info][gc             ] GC(98) Pause Full (Ergonomics) 627M->627M(708M) 185.421ms
[9.215s][info][gc,cpu         ] GC(98) User=1.28s Sys=0.00s Real=0.19s
[9.215s][info][gc,start       ] GC(99) Pause Full (Ergonomics)
[9.215s][info][gc,phases,start] GC(99) Marking Phase
[9.357s][info][gc,phases      ] GC(99) Marking Phase 142.084ms
[9.357s][info][gc,phases,start] GC(99) Summary Phase
[9.357s][info][gc,phases      ] GC(99) Summary Phase 0.020ms
[9.357s][info][gc,phases,start] GC(99) Adjust Roots
[9.357s][info][gc,phases      ] GC(99) Adjust Roots 0.153ms
[9.357s][info][gc,phases,start] GC(99) Compaction Phase
[9.394s][info][gc,phases      ] GC(99) Compaction Phase 36.796ms
[9.394s][info][gc,phases,start] GC(99) Post Compact
[9.395s][info][gc,phases      ] GC(99) Post Compact 0.843ms
[9.395s][info][gc,heap        ] GC(99) PSYoungGen: 27864K(110592K)->27864K(110592K) Eden: 19967K(19968K)->19967K(19968K) From: 7896K(90624K)->7896K(90624K)
[9.395s][info][gc,heap        ] GC(99) ParOldGen: 614280K(614400K)->614280K(614400K)
[9.395s][info][gc,metaspace   ] GC(99) Metaspace: 6298K(6464K)->6298K(6464K) NonClass: 5765K(5824K)->5765K(5824K) Class: 533K(640K)->533K(640K)
[9.395s][info][gc             ] GC(99) Pause Full (Ergonomics) 627M->627M(708M) 180.177ms
[9.395s][info][gc,cpu         ] GC(99) User=1.22s Sys=0.00s Real=0.18s
[9.395s][info][gc,start       ] GC(100) Pause Full (Ergonomics)
[9.395s][info][gc,phases,start] GC(100) Marking Phase
[9.536s][info][gc,phases      ] GC(100) Marking Phase 141.216ms
[9.537s][info][gc,phases,start] GC(100) Summary Phase
[9.537s][info][gc,phases      ] GC(100) Summary Phase 0.021ms
[9.537s][info][gc,phases,start] GC(100) Adjust Roots
[9.537s][info][gc,phases      ] GC(100) Adjust Roots 0.148ms
[9.537s][info][gc,phases,start] GC(100) Compaction Phase
[9.573s][info][gc,phases      ] GC(100) Compaction Phase 36.617ms
[9.573s][info][gc,phases,start] GC(100) Post Compact
[9.574s][info][gc,phases      ] GC(100) Post Compact 0.845ms
[9.574s][info][gc,heap        ] GC(100) PSYoungGen: 27864K(110592K)->27864K(110592K) Eden: 19967K(19968K)->19967K(19968K) From: 7896K(90624K)->7896K(90624K)
[9.574s][info][gc,heap        ] GC(100) ParOldGen: 614285K(614400K)->614285K(614400K)
[9.574s][info][gc,metaspace   ] GC(100) Metaspace: 6298K(6464K)->6298K(6464K) NonClass: 5765K(5824K)->5765K(5824K) Class: 533K(640K)->533K(640K)
[9.574s][info][gc             ] GC(100) Pause Full (Ergonomics) 627M->627M(708M) 179.131ms
[9.574s][info][gc,cpu         ] GC(100) User=1.39s Sys=0.00s Real=0.18s
[9.575s][info][gc,start       ] GC(101) Pause Full (Ergonomics)
[9.575s][info][gc,phases,start] GC(101) Marking Phase
[9.713s][info][gc,phases      ] GC(101) Marking Phase 138.673ms
[9.713s][info][gc,phases,start] GC(101) Summary Phase
[9.713s][info][gc,phases      ] GC(101) Summary Phase 0.020ms
[9.713s][info][gc,phases,start] GC(101) Adjust Roots
[9.713s][info][gc,phases      ] GC(101) Adjust Roots 0.155ms
[9.714s][info][gc,phases,start] GC(101) Compaction Phase
[9.750s][info][gc,phases      ] GC(101) Compaction Phase 36.732ms
[9.750s][info][gc,phases,start] GC(101) Post Compact
[9.751s][info][gc,phases      ] GC(101) Post Compact 0.846ms
[9.751s][info][gc,heap        ] GC(101) PSYoungGen: 27864K(110592K)->27864K(110592K) Eden: 19967K(19968K)->19967K(19968K) From: 7896K(90624K)->7896K(90624K)
[9.751s][info][gc,heap        ] GC(101) ParOldGen: 614290K(614400K)->614290K(614400K)
[9.751s][info][gc,metaspace   ] GC(101) Metaspace: 6298K(6464K)->6298K(6464K) NonClass: 5765K(5824K)->5765K(5824K) Class: 533K(640K)->533K(640K)
[9.751s][info][gc             ] GC(101) Pause Full (Ergonomics) 627M->627M(708M) 176.707ms
[9.751s][info][gc,cpu         ] GC(101) User=1.25s Sys=0.00s Real=0.18s
[9.751s][info][gc,start       ] GC(102) Pause Full (Ergonomics)
[9.751s][info][gc,phases,start] GC(102) Marking Phase
[9.890s][info][gc,phases      ] GC(102) Marking Phase 138.402ms
[9.890s][info][gc,phases,start] GC(102) Summary Phase
[9.890s][info][gc,phases      ] GC(102) Summary Phase 0.020ms
[9.890s][info][gc,phases,start] GC(102) Adjust Roots
[9.890s][info][gc,phases      ] GC(102) Adjust Roots 0.163ms
[9.890s][info][gc,phases,start] GC(102) Compaction Phase
[9.927s][info][gc,phases      ] GC(102) Compaction Phase 36.523ms
[9.927s][info][gc,phases,start] GC(102) Post Compact
[9.928s][info][gc,phases      ] GC(102) Post Compact 0.883ms
[9.928s][info][gc,heap        ] GC(102) PSYoungGen: 27864K(110592K)->27864K(110592K) Eden: 19967K(19968K)->19967K(19968K) From: 7896K(90624K)->7896K(90624K)
[9.928s][info][gc,heap        ] GC(102) ParOldGen: 614294K(614400K)->614294K(614400K)
[9.928s][info][gc,metaspace   ] GC(102) Metaspace: 6298K(6464K)->6298K(6464K) NonClass: 5765K(5824K)->5765K(5824K) Class: 533K(640K)->533K(640K)
[9.928s][info][gc             ] GC(102) Pause Full (Ergonomics) 627M->627M(708M) 176.280ms
[9.928s][info][gc,cpu         ] GC(102) User=1.27s Sys=0.00s Real=0.18s
[9.928s][info][gc,start       ] GC(103) Pause Full (Ergonomics)
[9.928s][info][gc,phases,start] GC(103) Marking Phase
[10.067s][info][gc,phases      ] GC(103) Marking Phase 139.493ms
[10.067s][info][gc,phases,start] GC(103) Summary Phase
[10.067s][info][gc,phases      ] GC(103) Summary Phase 0.021ms
[10.067s][info][gc,phases,start] GC(103) Adjust Roots
[10.068s][info][gc,phases      ] GC(103) Adjust Roots 0.161ms
[10.068s][info][gc,phases,start] GC(103) Compaction Phase
[10.104s][info][gc,phases      ] GC(103) Compaction Phase 36.738ms
[10.104s][info][gc,phases,start] GC(103) Post Compact
[10.105s][info][gc,phases      ] GC(103) Post Compact 0.844ms
[10.105s][info][gc,heap        ] GC(103) PSYoungGen: 27864K(110592K)->27864K(110592K) Eden: 19967K(19968K)->19967K(19968K) From: 7896K(90624K)->7896K(90624K)
[10.105s][info][gc,heap        ] GC(103) ParOldGen: 614299K(614400K)->614299K(614400K)
[10.105s][info][gc,metaspace   ] GC(103) Metaspace: 6298K(6464K)->6298K(6464K) NonClass: 5765K(5824K)->5765K(5824K) Class: 533K(640K)->533K(640K)
[10.105s][info][gc             ] GC(103) Pause Full (Ergonomics) 627M->627M(708M) 177.535ms
[10.105s][info][gc,cpu         ] GC(103) User=1.39s Sys=0.00s Real=0.18s
[10.106s][info][gc,start       ] GC(104) Pause Full (Ergonomics)
[10.106s][info][gc,phases,start] GC(104) Marking Phase
[10.239s][info][gc,phases      ] GC(104) Marking Phase 133.417ms
[10.239s][info][gc,phases,start] GC(104) Summary Phase
[10.239s][info][gc,phases      ] GC(104) Summary Phase 0.021ms
[10.239s][info][gc,phases,start] GC(104) Adjust Roots
[10.239s][info][gc,phases      ] GC(104) Adjust Roots 0.149ms
[10.239s][info][gc,phases,start] GC(104) Compaction Phase
[10.279s][info][gc,phases      ] GC(104) Compaction Phase 40.042ms
[10.279s][info][gc,phases,start] GC(104) Post Compact
[10.280s][info][gc,phases      ] GC(104) Post Compact 0.993ms
[10.280s][info][gc,heap        ] GC(104) PSYoungGen: 27864K(110592K)->27864K(110592K) Eden: 19967K(19968K)->19967K(19968K) From: 7896K(90624K)->7896K(90624K)
[10.280s][info][gc,heap        ] GC(104) ParOldGen: 614304K(614400K)->614304K(614400K)
[10.280s][info][gc,metaspace   ] GC(104) Metaspace: 6298K(6464K)->6298K(6464K) NonClass: 5765K(5824K)->5765K(5824K) Class: 533K(640K)->533K(640K)
[10.280s][info][gc             ] GC(104) Pause Full (Ergonomics) 627M->627M(708M) 174.913ms
[10.280s][info][gc,cpu         ] GC(104) User=1.27s Sys=0.00s Real=0.18s
[10.281s][info][gc,start       ] GC(105) Pause Full (Ergonomics)
[10.281s][info][gc,phases,start] GC(105) Marking Phase
[10.423s][info][gc,phases      ] GC(105) Marking Phase 142.625ms
[10.423s][info][gc,phases,start] GC(105) Summary Phase
[10.423s][info][gc,phases      ] GC(105) Summary Phase 0.021ms
[10.423s][info][gc,phases,start] GC(105) Adjust Roots
[10.424s][info][gc,phases      ] GC(105) Adjust Roots 0.157ms
[10.424s][info][gc,phases,start] GC(105) Compaction Phase
[10.460s][info][gc,phases      ] GC(105) Compaction Phase 36.638ms
[10.460s][info][gc,phases,start] GC(105) Post Compact
[10.461s][info][gc,phases      ] GC(105) Post Compact 0.838ms
[10.461s][info][gc,heap        ] GC(105) PSYoungGen: 27864K(110592K)->27864K(110592K) Eden: 19967K(19968K)->19967K(19968K) From: 7896K(90624K)->7896K(90624K)
[10.461s][info][gc,heap        ] GC(105) ParOldGen: 614308K(614400K)->614308K(614400K)
[10.461s][info][gc,metaspace   ] GC(105) Metaspace: 6298K(6464K)->6298K(6464K) NonClass: 5765K(5824K)->5765K(5824K) Class: 533K(640K)->533K(640K)
[10.461s][info][gc             ] GC(105) Pause Full (Ergonomics) 627M->627M(708M) 180.551ms
[10.461s][info][gc,cpu         ] GC(105) User=1.28s Sys=0.00s Real=0.18s
[10.461s][info][gc,start       ] GC(106) Pause Full (Ergonomics)
[10.461s][info][gc,phases,start] GC(106) Marking Phase
[10.607s][info][gc,phases      ] GC(106) Marking Phase 145.493ms
[10.607s][info][gc,phases,start] GC(106) Summary Phase
[10.607s][info][gc,phases      ] GC(106) Summary Phase 0.024ms
[10.607s][info][gc,phases,start] GC(106) Adjust Roots
[10.607s][info][gc,phases      ] GC(106) Adjust Roots 0.161ms
[10.607s][info][gc,phases,start] GC(106) Compaction Phase
[10.644s][info][gc,phases      ] GC(106) Compaction Phase 36.373ms
[10.644s][info][gc,phases,start] GC(106) Post Compact
[10.644s][info][gc,phases      ] GC(106) Post Compact 0.833ms
[10.645s][info][gc,heap        ] GC(106) PSYoungGen: 27864K(110592K)->27864K(110592K) Eden: 19967K(19968K)->19967K(19968K) From: 7896K(90624K)->7896K(90624K)
[10.645s][info][gc,heap        ] GC(106) ParOldGen: 614313K(614400K)->614313K(614400K)
[10.645s][info][gc,metaspace   ] GC(106) Metaspace: 6298K(6464K)->6298K(6464K) NonClass: 5765K(5824K)->5765K(5824K) Class: 533K(640K)->533K(640K)
[10.645s][info][gc             ] GC(106) Pause Full (Ergonomics) 627M->627M(708M) 183.178ms
[10.645s][info][gc,cpu         ] GC(106) User=1.36s Sys=0.02s Real=0.18s
[10.645s][info][gc,start       ] GC(107) Pause Full (Ergonomics)
[10.645s][info][gc,phases,start] GC(107) Marking Phase
[10.791s][info][gc,phases      ] GC(107) Marking Phase 145.813ms
[10.791s][info][gc,phases,start] GC(107) Summary Phase
[10.791s][info][gc,phases      ] GC(107) Summary Phase 0.020ms
[10.791s][info][gc,phases,start] GC(107) Adjust Roots
[10.791s][info][gc,phases      ] GC(107) Adjust Roots 0.152ms
[10.791s][info][gc,phases,start] GC(107) Compaction Phase
[10.828s][info][gc,phases      ] GC(107) Compaction Phase 36.728ms
[10.828s][info][gc,phases,start] GC(107) Post Compact
[10.828s][info][gc,phases      ] GC(107) Post Compact 0.844ms
[10.829s][info][gc,heap        ] GC(107) PSYoungGen: 27864K(110592K)->27864K(110592K) Eden: 19967K(19968K)->19967K(19968K) From: 7896K(90624K)->7896K(90624K)
[10.829s][info][gc,heap        ] GC(107) ParOldGen: 614318K(614400K)->614318K(614400K)
[10.829s][info][gc,metaspace   ] GC(107) Metaspace: 6298K(6464K)->6298K(6464K) NonClass: 5765K(5824K)->5765K(5824K) Class: 533K(640K)->533K(640K)
[10.829s][info][gc             ] GC(107) Pause Full (Ergonomics) 627M->627M(708M) 183.833ms
[10.829s][info][gc,cpu         ] GC(107) User=1.50s Sys=0.00s Real=0.18s
[10.829s][info][gc,start       ] GC(108) Pause Full (Ergonomics)
[10.829s][info][gc,phases,start] GC(108) Marking Phase
[10.967s][info][gc,phases      ] GC(108) Marking Phase 137.877ms
[10.967s][info][gc,phases,start] GC(108) Summary Phase
[10.967s][info][gc,phases      ] GC(108) Summary Phase 0.022ms
[10.967s][info][gc,phases,start] GC(108) Adjust Roots
[10.967s][info][gc,phases      ] GC(108) Adjust Roots 0.156ms
[10.967s][info][gc,phases,start] GC(108) Compaction Phase
[11.004s][info][gc,phases      ] GC(108) Compaction Phase 37.426ms
[11.004s][info][gc,phases,start] GC(108) Post Compact
[11.005s][info][gc,phases      ] GC(108) Post Compact 0.850ms
[11.005s][info][gc,heap        ] GC(108) PSYoungGen: 27864K(110592K)->27864K(110592K) Eden: 19967K(19968K)->19967K(19968K) From: 7896K(90624K)->7896K(90624K)
[11.005s][info][gc,heap        ] GC(108) ParOldGen: 614322K(614400K)->614322K(614400K)
[11.005s][info][gc,metaspace   ] GC(108) Metaspace: 6298K(6464K)->6298K(6464K) NonClass: 5765K(5824K)->5765K(5824K) Class: 533K(640K)->533K(640K)
[11.005s][info][gc             ] GC(108) Pause Full (Ergonomics) 627M->627M(708M) 176.614ms
[11.005s][info][gc,cpu         ] GC(108) User=1.27s Sys=0.00s Real=0.18s
[11.006s][info][gc,start       ] GC(109) Pause Full (Ergonomics)
[11.006s][info][gc,phases,start] GC(109) Marking Phase
[11.152s][info][gc,phases      ] GC(109) Marking Phase 146.102ms
[11.152s][info][gc,phases,start] GC(109) Summary Phase
[11.152s][info][gc,phases      ] GC(109) Summary Phase 0.021ms
[11.152s][info][gc,phases,start] GC(109) Adjust Roots
[11.152s][info][gc,phases      ] GC(109) Adjust Roots 0.166ms
[11.152s][info][gc,phases,start] GC(109) Compaction Phase
[11.189s][info][gc,phases      ] GC(109) Compaction Phase 36.817ms
[11.189s][info][gc,phases,start] GC(109) Post Compact
[11.190s][info][gc,phases      ] GC(109) Post Compact 0.848ms
[11.190s][info][gc,heap        ] GC(109) PSYoungGen: 27864K(110592K)->27864K(110592K) Eden: 19967K(19968K)->19967K(19968K) From: 7896K(90624K)->7896K(90624K)
[11.190s][info][gc,heap        ] GC(109) ParOldGen: 614327K(614400K)->614327K(614400K)
[11.190s][info][gc,metaspace   ] GC(109) Metaspace: 6298K(6464K)->6298K(6464K) NonClass: 5765K(5824K)->5765K(5824K) Class: 533K(640K)->533K(640K)
[11.190s][info][gc             ] GC(109) Pause Full (Ergonomics) 627M->627M(708M) 184.224ms
[11.190s][info][gc,cpu         ] GC(109) User=1.50s Sys=0.00s Real=0.18s
[11.190s][info][gc,start       ] GC(110) Pause Full (Ergonomics)
[11.190s][info][gc,phases,start] GC(110) Marking Phase
[11.338s][info][gc,phases      ] GC(110) Marking Phase 147.939ms
[11.338s][info][gc,phases,start] GC(110) Summary Phase
[11.338s][info][gc,phases      ] GC(110) Summary Phase 0.021ms
[11.338s][info][gc,phases,start] GC(110) Adjust Roots
[11.338s][info][gc,phases      ] GC(110) Adjust Roots 0.150ms
[11.338s][info][gc,phases,start] GC(110) Compaction Phase
[11.375s][info][gc,phases      ] GC(110) Compaction Phase 36.552ms
[11.375s][info][gc,phases,start] GC(110) Post Compact
[11.376s][info][gc,phases      ] GC(110) Post Compact 0.840ms
[11.376s][info][gc,heap        ] GC(110) PSYoungGen: 27864K(110592K)->27864K(110592K) Eden: 19967K(19968K)->19967K(19968K) From: 7896K(90624K)->7896K(90624K)
[11.376s][info][gc,heap        ] GC(110) ParOldGen: 614332K(614400K)->614332K(614400K)
[11.376s][info][gc,metaspace   ] GC(110) Metaspace: 6298K(6464K)->6298K(6464K) NonClass: 5765K(5824K)->5765K(5824K) Class: 533K(640K)->533K(640K)
[11.376s][info][gc             ] GC(110) Pause Full (Ergonomics) 627M->627M(708M) 185.784ms
[11.376s][info][gc,cpu         ] GC(110) User=1.39s Sys=0.00s Real=0.19s
[11.376s][info][gc,start       ] GC(111) Pause Full (Ergonomics)
[11.376s][info][gc,phases,start] GC(111) Marking Phase
[11.518s][info][gc,phases      ] GC(111) Marking Phase 142.567ms
[11.518s][info][gc,phases,start] GC(111) Summary Phase
[11.519s][info][gc,phases      ] GC(111) Summary Phase 0.020ms
[11.519s][info][gc,phases,start] GC(111) Adjust Roots
[11.519s][info][gc,phases      ] GC(111) Adjust Roots 0.167ms
[11.519s][info][gc,phases,start] GC(111) Compaction Phase
[11.559s][info][gc,phases      ] GC(111) Compaction Phase 39.883ms
[11.559s][info][gc,phases,start] GC(111) Post Compact
[11.560s][info][gc,phases      ] GC(111) Post Compact 0.920ms
[11.560s][info][gc,heap        ] GC(111) PSYoungGen: 27864K(110592K)->27864K(110592K) Eden: 19967K(19968K)->19967K(19968K) From: 7896K(90624K)->7896K(90624K)
[11.560s][info][gc,heap        ] GC(111) ParOldGen: 614336K(614400K)->614336K(614400K)
[11.560s][info][gc,metaspace   ] GC(111) Metaspace: 6298K(6464K)->6298K(6464K) NonClass: 5765K(5824K)->5765K(5824K) Class: 533K(640K)->533K(640K)
[11.560s][info][gc             ] GC(111) Pause Full (Ergonomics) 627M->627M(708M) 183.835ms
[11.560s][info][gc,cpu         ] GC(111) User=1.27s Sys=0.00s Real=0.18s
[11.560s][info][gc,start       ] GC(112) Pause Full (Ergonomics)
[11.560s][info][gc,phases,start] GC(112) Marking Phase
[11.704s][info][gc,phases      ] GC(112) Marking Phase 144.322ms
[11.704s][info][gc,phases,start] GC(112) Summary Phase
[11.704s][info][gc,phases      ] GC(112) Summary Phase 0.021ms
[11.704s][info][gc,phases,start] GC(112) Adjust Roots
[11.704s][info][gc,phases      ] GC(112) Adjust Roots 0.148ms
[11.704s][info][gc,phases,start] GC(112) Compaction Phase
[11.742s][info][gc,phases      ] GC(112) Compaction Phase 37.965ms
[11.743s][info][gc,phases,start] GC(112) Post Compact
[11.743s][info][gc,phases      ] GC(112) Post Compact 0.840ms
[11.743s][info][gc,heap        ] GC(112) PSYoungGen: 27864K(110592K)->27864K(110592K) Eden: 19967K(19968K)->19967K(19968K) From: 7896K(90624K)->7896K(90624K)
[11.743s][info][gc,heap        ] GC(112) ParOldGen: 614341K(614400K)->614341K(614400K)
[11.743s][info][gc,metaspace   ] GC(112) Metaspace: 6298K(6464K)->6298K(6464K) NonClass: 5765K(5824K)->5765K(5824K) Class: 533K(640K)->533K(640K)
[11.743s][info][gc             ] GC(112) Pause Full (Ergonomics) 627M->627M(708M) 183.583ms
[11.743s][info][gc,cpu         ] GC(112) User=1.27s Sys=0.00s Real=0.18s
[11.744s][info][gc,start       ] GC(113) Pause Full (Ergonomics)
[11.744s][info][gc,phases,start] GC(113) Marking Phase
[11.893s][info][gc,phases      ] GC(113) Marking Phase 149.173ms
[11.893s][info][gc,phases,start] GC(113) Summary Phase
[11.893s][info][gc,phases      ] GC(113) Summary Phase 0.020ms
[11.893s][info][gc,phases,start] GC(113) Adjust Roots
[11.893s][info][gc,phases      ] GC(113) Adjust Roots 0.153ms
[11.893s][info][gc,phases,start] GC(113) Compaction Phase
[11.931s][info][gc,phases      ] GC(113) Compaction Phase 38.410ms
[11.932s][info][gc,phases,start] GC(113) Post Compact
[11.932s][info][gc,phases      ] GC(113) Post Compact 0.914ms
[11.933s][info][gc,heap        ] GC(113) PSYoungGen: 27864K(110592K)->27864K(110592K) Eden: 19967K(19968K)->19967K(19968K) From: 7896K(90624K)->7896K(90624K)
[11.933s][info][gc,heap        ] GC(113) ParOldGen: 614346K(614400K)->614346K(614400K)
[11.933s][info][gc,metaspace   ] GC(113) Metaspace: 6298K(6464K)->6298K(6464K) NonClass: 5765K(5824K)->5765K(5824K) Class: 533K(640K)->533K(640K)
[11.933s][info][gc             ] GC(113) Pause Full (Ergonomics) 627M->627M(708M) 188.957ms
[11.933s][info][gc,cpu         ] GC(113) User=1.33s Sys=0.00s Real=0.19s
[11.933s][info][gc,start       ] GC(114) Pause Full (Ergonomics)
[11.933s][info][gc,phases,start] GC(114) Marking Phase
[12.073s][info][gc,phases      ] GC(114) Marking Phase 140.269ms
[12.073s][info][gc,phases,start] GC(114) Summary Phase
[12.073s][info][gc,phases      ] GC(114) Summary Phase 0.021ms
[12.073s][info][gc,phases,start] GC(114) Adjust Roots
[12.073s][info][gc,phases      ] GC(114) Adjust Roots 0.149ms
[12.073s][info][gc,phases,start] GC(114) Compaction Phase
[12.111s][info][gc,phases      ] GC(114) Compaction Phase 37.681ms
[12.111s][info][gc,phases,start] GC(114) Post Compact
[12.112s][info][gc,phases      ] GC(114) Post Compact 0.835ms
[12.112s][info][gc,heap        ] GC(114) PSYoungGen: 27864K(110592K)->27864K(110592K) Eden: 19967K(19968K)->19967K(19968K) From: 7896K(90624K)->7896K(90624K)
[12.112s][info][gc,heap        ] GC(114) ParOldGen: 614350K(614400K)->614350K(614400K)
[12.112s][info][gc,metaspace   ] GC(114) Metaspace: 6298K(6464K)->6298K(6464K) NonClass: 5765K(5824K)->5765K(5824K) Class: 533K(640K)->533K(640K)
[12.112s][info][gc             ] GC(114) Pause Full (Ergonomics) 627M->627M(708M) 179.214ms
[12.112s][info][gc,cpu         ] GC(114) User=1.27s Sys=0.00s Real=0.18s
[12.112s][info][gc,start       ] GC(115) Pause Full (Ergonomics)
[12.112s][info][gc,phases,start] GC(115) Marking Phase
[12.255s][info][gc,phases      ] GC(115) Marking Phase 143.142ms
[12.255s][info][gc,phases,start] GC(115) Summary Phase
[12.255s][info][gc,phases      ] GC(115) Summary Phase 0.022ms
[12.255s][info][gc,phases,start] GC(115) Adjust Roots
[12.256s][info][gc,phases      ] GC(115) Adjust Roots 0.201ms
[12.256s][info][gc,phases,start] GC(115) Compaction Phase
[12.296s][info][gc,phases      ] GC(115) Compaction Phase 40.134ms
[12.296s][info][gc,phases,start] GC(115) Post Compact
[12.297s][info][gc,phases      ] GC(115) Post Compact 0.893ms
[12.297s][info][gc,heap        ] GC(115) PSYoungGen: 27864K(110592K)->27864K(110592K) Eden: 19967K(19968K)->19967K(19968K) From: 7896K(90624K)->7896K(90624K)
[12.297s][info][gc,heap        ] GC(115) ParOldGen: 614355K(614400K)->614355K(614400K)
[12.297s][info][gc,metaspace   ] GC(115) Metaspace: 6298K(6464K)->6298K(6464K) NonClass: 5765K(5824K)->5765K(5824K) Class: 533K(640K)->533K(640K)
[12.297s][info][gc             ] GC(115) Pause Full (Ergonomics) 627M->627M(708M) 184.696ms
[12.297s][info][gc,cpu         ] GC(115) User=1.28s Sys=0.00s Real=0.18s
[12.297s][info][gc,start       ] GC(116) Pause Full (Ergonomics)
[12.297s][info][gc,phases,start] GC(116) Marking Phase
[12.444s][info][gc,phases      ] GC(116) Marking Phase 147.339ms
[12.444s][info][gc,phases,start] GC(116) Summary Phase
[12.444s][info][gc,phases      ] GC(116) Summary Phase 0.021ms
[12.444s][info][gc,phases,start] GC(116) Adjust Roots
[12.445s][info][gc,phases      ] GC(116) Adjust Roots 0.153ms
[12.445s][info][gc,phases,start] GC(116) Compaction Phase
[12.482s][info][gc,phases      ] GC(116) Compaction Phase 37.533ms
[12.482s][info][gc,phases,start] GC(116) Post Compact
[12.483s][info][gc,phases      ] GC(116) Post Compact 0.857ms
[12.483s][info][gc,heap        ] GC(116) PSYoungGen: 27864K(110592K)->27864K(110592K) Eden: 19967K(19968K)->19967K(19968K) From: 7896K(90624K)->7896K(90624K)
[12.483s][info][gc,heap        ] GC(116) ParOldGen: 614360K(614400K)->614360K(614400K)
[12.483s][info][gc,metaspace   ] GC(116) Metaspace: 6298K(6464K)->6298K(6464K) NonClass: 5765K(5824K)->5765K(5824K) Class: 533K(640K)->533K(640K)
[12.483s][info][gc             ] GC(116) Pause Full (Ergonomics) 627M->627M(708M) 186.170ms
[12.483s][info][gc,cpu         ] GC(116) User=1.48s Sys=0.00s Real=0.19s
[12.483s][info][gc,start       ] GC(117) Pause Full (Ergonomics)
[12.483s][info][gc,phases,start] GC(117) Marking Phase
[12.629s][info][gc,phases      ] GC(117) Marking Phase 145.434ms
[12.629s][info][gc,phases,start] GC(117) Summary Phase
[12.629s][info][gc,phases      ] GC(117) Summary Phase 0.021ms
[12.629s][info][gc,phases,start] GC(117) Adjust Roots
[12.629s][info][gc,phases      ] GC(117) Adjust Roots 0.154ms
[12.629s][info][gc,phases,start] GC(117) Compaction Phase
[12.668s][info][gc,phases      ] GC(117) Compaction Phase 39.381ms
[12.668s][info][gc,phases,start] GC(117) Post Compact
[12.669s][info][gc,phases      ] GC(117) Post Compact 0.888ms
[12.669s][info][gc,heap        ] GC(117) PSYoungGen: 27864K(110592K)->27864K(110592K) Eden: 19967K(19968K)->19967K(19968K) From: 7896K(90624K)->7896K(90624K)
[12.669s][info][gc,heap        ] GC(117) ParOldGen: 614364K(614400K)->614364K(614400K)
[12.669s][info][gc,metaspace   ] GC(117) Metaspace: 6298K(6464K)->6298K(6464K) NonClass: 5765K(5824K)->5765K(5824K) Class: 533K(640K)->533K(640K)
[12.669s][info][gc             ] GC(117) Pause Full (Ergonomics) 627M->627M(708M) 186.151ms
[12.670s][info][gc,cpu         ] GC(117) User=1.38s Sys=0.00s Real=0.19s
[12.670s][info][gc,start       ] GC(118) Pause Full (Ergonomics)
[12.670s][info][gc,phases,start] GC(118) Marking Phase
[12.811s][info][gc,phases      ] GC(118) Marking Phase 141.180ms
[12.811s][info][gc,phases,start] GC(118) Summary Phase
[12.811s][info][gc,phases      ] GC(118) Summary Phase 0.020ms
[12.811s][info][gc,phases,start] GC(118) Adjust Roots
[12.811s][info][gc,phases      ] GC(118) Adjust Roots 0.174ms
[12.811s][info][gc,phases,start] GC(118) Compaction Phase
[12.848s][info][gc,phases      ] GC(118) Compaction Phase 36.495ms
[12.848s][info][gc,phases,start] GC(118) Post Compact
[12.849s][info][gc,phases      ] GC(118) Post Compact 0.840ms
[12.849s][info][gc,heap        ] GC(118) PSYoungGen: 27864K(110592K)->27864K(110592K) Eden: 19967K(19968K)->19967K(19968K) From: 7896K(90624K)->7896K(90624K)
[12.849s][info][gc,heap        ] GC(118) ParOldGen: 614369K(614400K)->614369K(614400K)
[12.849s][info][gc,metaspace   ] GC(118) Metaspace: 6298K(6464K)->6298K(6464K) NonClass: 5765K(5824K)->5765K(5824K) Class: 533K(640K)->533K(640K)
[12.849s][info][gc             ] GC(118) Pause Full (Ergonomics) 627M->627M(708M) 178.989ms
[12.849s][info][gc,cpu         ] GC(118) User=1.27s Sys=0.00s Real=0.18s
[12.849s][info][gc,start       ] GC(119) Pause Full (Ergonomics)
[12.849s][info][gc,phases,start] GC(119) Marking Phase
[12.996s][info][gc,phases      ] GC(119) Marking Phase 146.745ms
[12.996s][info][gc,phases,start] GC(119) Summary Phase
[12.996s][info][gc,phases      ] GC(119) Summary Phase 0.021ms
[12.996s][info][gc,phases,start] GC(119) Adjust Roots
[12.996s][info][gc,phases      ] GC(119) Adjust Roots 0.152ms
[12.996s][info][gc,phases,start] GC(119) Compaction Phase
[13.032s][info][gc,phases      ] GC(119) Compaction Phase 36.627ms
[13.033s][info][gc,phases,start] GC(119) Post Compact
[13.033s][info][gc,phases      ] GC(119) Post Compact 0.833ms
[13.033s][info][gc,heap        ] GC(119) PSYoungGen: 27864K(110592K)->27864K(110592K) Eden: 19967K(19968K)->19967K(19968K) From: 7896K(90624K)->7896K(90624K)
[13.033s][info][gc,heap        ] GC(119) ParOldGen: 614374K(614400K)->614374K(614400K)
[13.033s][info][gc,metaspace   ] GC(119) Metaspace: 6298K(6464K)->6298K(6464K) NonClass: 5765K(5824K)->5765K(5824K) Class: 533K(640K)->533K(640K)
[13.033s][info][gc             ] GC(119) Pause Full (Ergonomics) 627M->627M(708M) 184.656ms
[13.033s][info][gc,cpu         ] GC(119) User=1.50s Sys=0.00s Real=0.19s
[13.034s][info][gc,start       ] GC(120) Pause Full (Ergonomics)
[13.034s][info][gc,phases,start] GC(120) Marking Phase
[13.179s][info][gc,phases      ] GC(120) Marking Phase 145.328ms
[13.179s][info][gc,phases,start] GC(120) Summary Phase
[13.179s][info][gc,phases      ] GC(120) Summary Phase 0.020ms
[13.179s][info][gc,phases,start] GC(120) Adjust Roots
[13.179s][info][gc,phases      ] GC(120) Adjust Roots 0.150ms
[13.179s][info][gc,phases,start] GC(120) Compaction Phase
[13.216s][info][gc,phases      ] GC(120) Compaction Phase 36.564ms
[13.216s][info][gc,phases,start] GC(120) Post Compact
[13.217s][info][gc,phases      ] GC(120) Post Compact 0.930ms
[13.217s][info][gc,heap        ] GC(120) PSYoungGen: 27864K(110592K)->27864K(110592K) Eden: 19967K(19968K)->19967K(19968K) From: 7896K(90624K)->7896K(90624K)
[13.217s][info][gc,heap        ] GC(120) ParOldGen: 614378K(614400K)->614378K(614400K)
[13.217s][info][gc,metaspace   ] GC(120) Metaspace: 6298K(6464K)->6298K(6464K) NonClass: 5765K(5824K)->5765K(5824K) Class: 533K(640K)->533K(640K)
[13.217s][info][gc             ] GC(120) Pause Full (Ergonomics) 627M->627M(708M) 183.277ms
[13.217s][info][gc,cpu         ] GC(120) User=1.39s Sys=0.00s Real=0.18s
[13.217s][info][gc,start       ] GC(121) Pause Full (Ergonomics)
[13.217s][info][gc,phases,start] GC(121) Marking Phase
[13.362s][info][gc,phases      ] GC(121) Marking Phase 144.681ms
[13.362s][info][gc,phases,start] GC(121) Summary Phase
[13.362s][info][gc,phases      ] GC(121) Summary Phase 0.020ms
[13.362s][info][gc,phases,start] GC(121) Adjust Roots
[13.362s][info][gc,phases      ] GC(121) Adjust Roots 0.170ms
[13.362s][info][gc,phases,start] GC(121) Compaction Phase
[13.399s][info][gc,phases      ] GC(121) Compaction Phase 36.852ms
[13.399s][info][gc,phases,start] GC(121) Post Compact
[13.400s][info][gc,phases      ] GC(121) Post Compact 0.840ms
[13.400s][info][gc,heap        ] GC(121) PSYoungGen: 27864K(110592K)->27864K(110592K) Eden: 19967K(19968K)->19967K(19968K) From: 7896K(90624K)->7896K(90624K)
[13.400s][info][gc,heap        ] GC(121) ParOldGen: 614383K(614400K)->614383K(614400K)
[13.400s][info][gc,metaspace   ] GC(121) Metaspace: 6298K(6464K)->6298K(6464K) NonClass: 5765K(5824K)->5765K(5824K) Class: 533K(640K)->533K(640K)
[13.400s][info][gc             ] GC(121) Pause Full (Ergonomics) 627M->627M(708M) 182.836ms
[13.400s][info][gc,cpu         ] GC(121) User=1.36s Sys=0.00s Real=0.18s
[13.400s][info][gc,start       ] GC(122) Pause Full (Ergonomics)
[13.400s][info][gc,phases,start] GC(122) Marking Phase
[13.541s][info][gc,phases      ] GC(122) Marking Phase 140.852ms
[13.541s][info][gc,phases,start] GC(122) Summary Phase
[13.541s][info][gc,phases      ] GC(122) Summary Phase 0.020ms
[13.541s][info][gc,phases,start] GC(122) Adjust Roots
[13.541s][info][gc,phases      ] GC(122) Adjust Roots 0.161ms
[13.541s][info][gc,phases,start] GC(122) Compaction Phase
[13.578s][info][gc,phases      ] GC(122) Compaction Phase 36.752ms
[13.578s][info][gc,phases,start] GC(122) Post Compact
[13.579s][info][gc,phases      ] GC(122) Post Compact 0.941ms
[13.579s][info][gc,heap        ] GC(122) PSYoungGen: 27864K(110592K)->27864K(110592K) Eden: 19967K(19968K)->19967K(19968K) From: 7896K(90624K)->7896K(90624K)
[13.579s][info][gc,heap        ] GC(122) ParOldGen: 614388K(614400K)->614388K(614400K)
[13.579s][info][gc,metaspace   ] GC(122) Metaspace: 6298K(6464K)->6298K(6464K) NonClass: 5765K(5824K)->5765K(5824K) Class: 533K(640K)->533K(640K)
[13.579s][info][gc             ] GC(122) Pause Full (Ergonomics) 627M->627M(708M) 179.006ms
[13.579s][info][gc,cpu         ] GC(122) User=1.23s Sys=0.00s Real=0.18s
[13.579s][info][gc,start       ] GC(123) Pause Full (Ergonomics)
[13.579s][info][gc,phases,start] GC(123) Marking Phase
[13.726s][info][gc,phases      ] GC(123) Marking Phase 147.003ms
[13.726s][info][gc,phases,start] GC(123) Summary Phase
[13.726s][info][gc,phases      ] GC(123) Summary Phase 0.021ms
[13.726s][info][gc,phases,start] GC(123) Adjust Roots
[13.727s][info][gc,phases      ] GC(123) Adjust Roots 0.158ms
[13.727s][info][gc,phases,start] GC(123) Compaction Phase
[13.763s][info][gc,phases      ] GC(123) Compaction Phase 36.689ms
[13.763s][info][gc,phases,start] GC(123) Post Compact
[13.764s][info][gc,phases      ] GC(123) Post Compact 0.846ms
[13.764s][info][gc,heap        ] GC(123) PSYoungGen: 27864K(110592K)->27864K(110592K) Eden: 19967K(19968K)->19967K(19968K) From: 7896K(90624K)->7896K(90624K)
[13.764s][info][gc,heap        ] GC(123) ParOldGen: 614392K(614400K)->614392K(614400K)
[13.764s][info][gc,metaspace   ] GC(123) Metaspace: 6298K(6464K)->6298K(6464K) NonClass: 5765K(5824K)->5765K(5824K) Class: 533K(640K)->533K(640K)
[13.764s][info][gc             ] GC(123) Pause Full (Ergonomics) 627M->627M(708M) 184.998ms
[13.764s][info][gc,cpu         ] GC(123) User=1.39s Sys=0.00s Real=0.19s
[13.764s][info][gc,start       ] GC(124) Pause Full (Ergonomics)
[13.764s][info][gc,phases,start] GC(124) Marking Phase
[13.910s][info][gc,phases      ] GC(124) Marking Phase 145.466ms
[13.910s][info][gc,phases,start] GC(124) Summary Phase
[13.910s][info][gc,phases      ] GC(124) Summary Phase 0.022ms
[13.910s][info][gc,phases,start] GC(124) Adjust Roots
[13.910s][info][gc,phases      ] GC(124) Adjust Roots 0.146ms
[13.910s][info][gc,phases,start] GC(124) Compaction Phase
[13.947s][info][gc,phases      ] GC(124) Compaction Phase 36.916ms
[13.947s][info][gc,phases,start] GC(124) Post Compact
[13.948s][info][gc,phases      ] GC(124) Post Compact 0.845ms
[13.948s][info][gc,heap        ] GC(124) PSYoungGen: 27864K(110592K)->27864K(110592K) Eden: 19967K(19968K)->19967K(19968K) From: 7896K(90624K)->7896K(90624K)
[13.948s][info][gc,heap        ] GC(124) ParOldGen: 614397K(614400K)->614397K(614400K)
[13.948s][info][gc,metaspace   ] GC(124) Metaspace: 6298K(6464K)->6298K(6464K) NonClass: 5765K(5824K)->5765K(5824K) Class: 533K(640K)->533K(640K)
[13.948s][info][gc             ] GC(124) Pause Full (Ergonomics) 627M->627M(708M) 183.689ms
[13.948s][info][gc,cpu         ] GC(124) User=1.39s Sys=0.00s Real=0.18s
[13.948s][info][gc,start       ] GC(125) Pause Full (Ergonomics)
[13.948s][info][gc,phases,start] GC(125) Marking Phase
[14.084s][info][gc,phases      ] GC(125) Marking Phase 135.649ms
[14.084s][info][gc,phases,start] GC(125) Summary Phase
[14.084s][info][gc,phases      ] GC(125) Summary Phase 0.022ms
[14.084s][info][gc,phases,start] GC(125) Adjust Roots
[14.084s][info][gc,phases      ] GC(125) Adjust Roots 0.177ms
[14.084s][info][gc,phases,start] GC(125) Compaction Phase
[14.121s][info][gc,phases      ] GC(125) Compaction Phase 36.410ms
[14.121s][info][gc,phases,start] GC(125) Post Compact
[14.122s][info][gc,phases      ] GC(125) Post Compact 0.839ms
[14.122s][info][gc,heap        ] GC(125) PSYoungGen: 27864K(110592K)->27864K(110592K) Eden: 19967K(19968K)->19967K(19968K) From: 7896K(90624K)->7896K(90624K)
[14.122s][info][gc,heap        ] GC(125) ParOldGen: 614399K(614400K)->614399K(614400K)
[14.122s][info][gc,metaspace   ] GC(125) Metaspace: 6298K(6464K)->6298K(6464K) NonClass: 5765K(5824K)->5765K(5824K) Class: 533K(640K)->533K(640K)
[14.122s][info][gc             ] GC(125) Pause Full (Ergonomics) 627M->627M(708M) 173.384ms
[14.122s][info][gc,cpu         ] GC(125) User=1.36s Sys=0.00s Real=0.17s
[14.122s][info][gc,start       ] GC(126) Pause Full (Allocation Failure)
[14.122s][info][gc,phases,start] GC(126) Marking Phase
[14.264s][info][gc,phases      ] GC(126) Marking Phase 142.344ms
[14.264s][info][gc,phases,start] GC(126) Summary Phase
[14.264s][info][gc,phases      ] GC(126) Summary Phase 0.021ms
[14.264s][info][gc,phases,start] GC(126) Adjust Roots
[14.265s][info][gc,phases      ] GC(126) Adjust Roots 0.373ms
[14.265s][info][gc,phases,start] GC(126) Compaction Phase
[14.425s][info][gc,phases      ] GC(126) Compaction Phase 160.470ms
[14.425s][info][gc,phases,start] GC(126) Post Compact
[14.426s][info][gc,phases      ] GC(126) Post Compact 1.165ms
[14.426s][info][gc,heap        ] GC(126) PSYoungGen: 27864K(110592K)->27864K(110592K) Eden: 19967K(19968K)->19967K(19968K) From: 7896K(90624K)->7896K(90624K)
[14.426s][info][gc,heap        ] GC(126) ParOldGen: 614399K(614400K)->614395K(614400K)
[14.426s][info][gc,metaspace   ] GC(126) Metaspace: 6298K(6464K)->6297K(6464K) NonClass: 5765K(5824K)->5764K(5824K) Class: 533K(640K)->532K(640K)
[14.426s][info][gc             ] GC(126) Pause Full (Allocation Failure) 627M->627M(708M) 304.655ms
[14.426s][info][gc,cpu         ] GC(126) User=2.12s Sys=0.00s Real=0.31s
[14.427s][info][gc,start       ] GC(127) Pause Full (Ergonomics)
[14.427s][info][gc,phases,start] GC(127) Marking Phase
[14.565s][info][gc,phases      ] GC(127) Marking Phase 138.302ms
[14.565s][info][gc,phases,start] GC(127) Summary Phase
[14.565s][info][gc,phases      ] GC(127) Summary Phase 0.021ms
[14.565s][info][gc,phases,start] GC(127) Adjust Roots
[14.565s][info][gc,phases      ] GC(127) Adjust Roots 0.151ms
[14.565s][info][gc,phases,start] GC(127) Compaction Phase
[14.602s][info][gc,phases      ] GC(127) Compaction Phase 36.923ms
[14.602s][info][gc,phases,start] GC(127) Post Compact
[14.603s][info][gc,phases      ] GC(127) Post Compact 0.842ms
[14.603s][info][gc,heap        ] GC(127) PSYoungGen: 27864K(110592K)->27864K(110592K) Eden: 19967K(19968K)->19967K(19968K) From: 7896K(90624K)->7896K(90624K)
[14.603s][info][gc,heap        ] GC(127) ParOldGen: 614397K(614400K)->614397K(614400K)
[14.603s][info][gc,metaspace   ] GC(127) Metaspace: 6297K(6464K)->6297K(6464K) NonClass: 5764K(5824K)->5764K(5824K) Class: 532K(640K)->532K(640K)
[14.603s][info][gc             ] GC(127) Pause Full (Ergonomics) 627M->627M(708M) 176.528ms
[14.603s][info][gc,cpu         ] GC(127) User=1.39s Sys=0.00s Real=0.18s
[14.604s][info][gc,start       ] GC(128) Pause Full (Ergonomics)
[14.604s][info][gc,phases,start] GC(128) Marking Phase
[14.748s][info][gc,phases      ] GC(128) Marking Phase 144.319ms
[14.748s][info][gc,phases,start] GC(128) Summary Phase
[14.748s][info][gc,phases      ] GC(128) Summary Phase 0.021ms
[14.748s][info][gc,phases,start] GC(128) Adjust Roots
[14.748s][info][gc,phases      ] GC(128) Adjust Roots 0.147ms
[14.748s][info][gc,phases,start] GC(128) Compaction Phase
[14.785s][info][gc,phases      ] GC(128) Compaction Phase 36.741ms
[14.785s][info][gc,phases,start] GC(128) Post Compact
[14.786s][info][gc,phases      ] GC(128) Post Compact 0.847ms
[14.786s][info][gc,heap        ] GC(128) PSYoungGen: 27864K(110592K)->27864K(110592K) Eden: 19967K(19968K)->19967K(19968K) From: 7896K(90624K)->7896K(90624K)
[14.786s][info][gc,heap        ] GC(128) ParOldGen: 614399K(614400K)->614399K(614400K)
[14.786s][info][gc,metaspace   ] GC(128) Metaspace: 6297K(6464K)->6297K(6464K) NonClass: 5764K(5824K)->5764K(5824K) Class: 532K(640K)->532K(640K)
[14.786s][info][gc             ] GC(128) Pause Full (Ergonomics) 627M->627M(708M) 182.351ms
[14.786s][info][gc,cpu         ] GC(128) User=1.27s Sys=0.00s Real=0.18s
[14.786s][info][gc,start       ] GC(129) Pause Full (Allocation Failure)
[14.786s][info][gc,phases,start] GC(129) Marking Phase
[14.934s][info][gc,phases      ] GC(129) Marking Phase 147.709ms
[14.934s][info][gc,phases,start] GC(129) Summary Phase
[14.934s][info][gc,phases      ] GC(129) Summary Phase 0.021ms
[14.934s][info][gc,phases,start] GC(129) Adjust Roots
[14.934s][info][gc,phases      ] GC(129) Adjust Roots 0.150ms
[14.934s][info][gc,phases,start] GC(129) Compaction Phase
[14.971s][info][gc,phases      ] GC(129) Compaction Phase 36.823ms
[14.971s][info][gc,phases,start] GC(129) Post Compact
[14.972s][info][gc,phases      ] GC(129) Post Compact 0.841ms
[14.972s][info][gc,heap        ] GC(129) PSYoungGen: 27864K(110592K)->27864K(110592K) Eden: 19967K(19968K)->19967K(19968K) From: 7896K(90624K)->7896K(90624K)
[14.972s][info][gc,heap        ] GC(129) ParOldGen: 614399K(614400K)->614399K(614400K)
[14.972s][info][gc,metaspace   ] GC(129) Metaspace: 6297K(6464K)->6297K(6464K) NonClass: 5764K(5824K)->5764K(5824K) Class: 532K(640K)->532K(640K)
[14.972s][info][gc             ] GC(129) Pause Full (Allocation Failure) 627M->627M(708M) 185.794ms
[14.972s][info][gc,cpu         ] GC(129) User=1.50s Sys=0.00s Real=0.19s
[14.972s][info][gc,start       ] GC(130) Pause Full (Ergonomics)
[14.972s][info][gc,phases,start] GC(130) Marking Phase
[15.114s][info][gc,phases      ] GC(130) Marking Phase 141.857ms
[15.114s][info][gc,phases,start] GC(130) Summary Phase
[15.114s][info][gc,phases      ] GC(130) Summary Phase 0.021ms
[15.114s][info][gc,phases,start] GC(130) Adjust Roots
[15.115s][info][gc,phases      ] GC(130) Adjust Roots 0.222ms
[15.115s][info][gc,phases,start] GC(130) Compaction Phase
[15.273s][info][gc,phases      ] GC(130) Compaction Phase 158.468ms
[15.273s][info][gc,phases,start] GC(130) Post Compact
[15.274s][info][gc,phases      ] GC(130) Post Compact 1.139ms
[15.274s][info][gc,heap        ] GC(130) PSYoungGen: 27864K(110592K)->27864K(110592K) Eden: 19967K(19968K)->19967K(19968K) From: 7896K(90624K)->7896K(90624K)
[15.274s][info][gc,heap        ] GC(130) ParOldGen: 614399K(614400K)->614398K(614400K)
[15.274s][info][gc,metaspace   ] GC(130) Metaspace: 6297K(6464K)->6297K(6464K) NonClass: 5764K(5824K)->5764K(5824K) Class: 532K(640K)->532K(640K)
[15.274s][info][gc             ] GC(130) Pause Full (Ergonomics) 627M->627M(708M) 302.015ms
[15.274s][info][gc,cpu         ] GC(130) User=2.31s Sys=0.00s Real=0.30s
[15.276s][info][gc,start       ] GC(131) Pause Full (Ergonomics)
[15.276s][info][gc,phases,start] GC(131) Marking Phase
[15.420s][info][gc,phases      ] GC(131) Marking Phase 144.460ms
[15.420s][info][gc,phases,start] GC(131) Summary Phase
[15.420s][info][gc,phases      ] GC(131) Summary Phase 0.021ms
[15.420s][info][gc,phases,start] GC(131) Adjust Roots
[15.421s][info][gc,phases      ] GC(131) Adjust Roots 0.268ms
[15.421s][info][gc,phases,start] GC(131) Compaction Phase
[15.575s][info][gc,phases      ] GC(131) Compaction Phase 154.484ms
[15.575s][info][gc,phases,start] GC(131) Post Compact
[15.576s][info][gc,phases      ] GC(131) Post Compact 1.174ms
[15.576s][info][gc,heap        ] GC(131) PSYoungGen: 27864K(110592K)->27864K(110592K) Eden: 19967K(19968K)->19967K(19968K) From: 7896K(90624K)->7896K(90624K)
[15.576s][info][gc,heap        ] GC(131) ParOldGen: 614399K(614400K)->614397K(614400K)
[15.576s][info][gc,metaspace   ] GC(131) Metaspace: 6298K(6464K)->6298K(6464K) NonClass: 5764K(5824K)->5764K(5824K) Class: 533K(640K)->533K(640K)
[15.576s][info][gc             ] GC(131) Pause Full (Ergonomics) 627M->627M(708M) 300.810ms
[15.576s][info][gc,cpu         ] GC(131) User=2.06s Sys=0.00s Real=0.30s
[15.577s][info][gc,start       ] GC(132) Pause Full (Ergonomics)
[15.577s][info][gc,phases,start] GC(132) Marking Phase
[15.722s][info][gc,phases      ] GC(132) Marking Phase 144.840ms
[15.722s][info][gc,phases,start] GC(132) Summary Phase
[15.722s][info][gc,phases      ] GC(132) Summary Phase 0.021ms
[15.722s][info][gc,phases,start] GC(132) Adjust Roots
[15.722s][info][gc,phases      ] GC(132) Adjust Roots 0.163ms
[15.722s][info][gc,phases,start] GC(132) Compaction Phase
[15.759s][info][gc,phases      ] GC(132) Compaction Phase 36.797ms
[15.759s][info][gc,phases,start] GC(132) Post Compact
[15.760s][info][gc,phases      ] GC(132) Post Compact 0.839ms
[15.760s][info][gc,heap        ] GC(132) PSYoungGen: 27864K(110592K)->27864K(110592K) Eden: 19967K(19968K)->19967K(19968K) From: 7896K(90624K)->7896K(90624K)
[15.760s][info][gc,heap        ] GC(132) ParOldGen: 614397K(614400K)->614397K(614400K)
[15.760s][info][gc,metaspace   ] GC(132) Metaspace: 6298K(6464K)->6298K(6464K) NonClass: 5764K(5824K)->5764K(5824K) Class: 533K(640K)->533K(640K)
[15.760s][info][gc             ] GC(132) Pause Full (Ergonomics) 627M->627M(708M) 182.941ms
[15.760s][info][gc,cpu         ] GC(132) User=1.39s Sys=0.00s Real=0.18s
[15.760s][info][gc,heap,exit   ] Heap
[15.760s][info][gc,heap,exit   ]  PSYoungGen      total 110592K, used 27864K [0x00000000ed400000, 0x00000000f9600000, 0x0000000100000000)
[15.760s][info][gc,heap,exit   ]   eden space 19968K, 99% used [0x00000000ed400000,0x00000000ee77fff8,0x00000000ee780000)
[15.760s][info][gc,heap,exit   ]   from space 90624K, 8% used [0x00000000ee780000,0x00000000eef36358,0x00000000f4000000)
[15.760s][info][gc,heap,exit   ]   to   space 88064K, 0% used [0x00000000f4000000,0x00000000f4000000,0x00000000f9600000)
[15.760s][info][gc,heap,exit   ]  ParOldGen       total 614400K, used 614397K [0x00000000c7c00000, 0x00000000ed400000, 0x00000000ed400000)
[15.760s][info][gc,heap,exit   ]   object space 614400K, 99% used [0x00000000c7c00000,0x00000000ed3ff7c8,0x00000000ed400000)
[15.760s][info][gc,heap,exit   ]  Metaspace       used 6301K, committed 6464K, reserved 1114112K
[15.760s][info][gc,heap,exit   ]   class space    used 534K, committed 640K, reserved 1048576K
