[0.012s][info][gc,init] CardTable entry size: 512
[0.012s][info][gc     ] Using Parallel
[0.013s][info][gc,init] Version: 18.0.1+10 (release)
[0.013s][info][gc,init] CPUs: 8 total, 8 available
[0.013s][info][gc,init] Memory: 16063M
[0.013s][info][gc,init] Large Page Support: Disabled
[0.013s][info][gc,init] NUMA Support: Disabled
[0.013s][info][gc,init] Compressed Oops: Enabled (Zero based)
[0.013s][info][gc,init] Alignments: Space 512K, Generation 512K, Heap 2M
[0.013s][info][gc,init] Heap Min Capacity: 2M
[0.013s][info][gc,init] Heap Initial Capacity: 2M
[0.013s][info][gc,init] Heap Max Capacity: 6100M
[0.014s][info][gc,init] Pre-touch: Disabled
[0.014s][info][gc,init] Parallel Workers: 8
[0.014s][info][gc,metaspace] CDS archive(s) not mapped
[0.014s][info][gc,metaspace] Compressed class space mapped at: 0x0000000800000000-0x0000000840000000, reserved size: 1073741824
[0.014s][info][gc,metaspace] Narrow klass base: 0x0000000800000000, Narrow klass shift: 0, Narrow klass range: 0x40000000
[0.106s][info][gc,start    ] GC(0) Pause Young (Allocation Failure)
[0.108s][info][gc,heap     ] GC(0) PSYoungGen: 512K(1024K)->480K(1024K) Eden: 512K(512K)->0K(512K) From: 0K(512K)->480K(512K)
[0.108s][info][gc,heap     ] GC(0) ParOldGen: 0K(512K)->8K(512K)
[0.108s][info][gc,metaspace] GC(0) Metaspace: 4229K(4352K)->4229K(4352K) NonClass: 3908K(3968K)->3908K(3968K) Class: 321K(384K)->321K(384K)
[0.108s][info][gc          ] GC(0) Pause Young (Allocation Failure) 0M->0M(1M) 1.488ms
[0.108s][info][gc,cpu      ] GC(0) User=0.00s Sys=0.00s Real=0.00s
[0.179s][info][gc,start    ] GC(1) Pause Young (Allocation Failure)
[0.180s][info][gc,heap     ] GC(1) PSYoungGen: 991K(1024K)->512K(1536K) Eden: 511K(512K)->0K(1024K) From: 480K(512K)->512K(512K)
[0.180s][info][gc,heap     ] GC(1) ParOldGen: 8K(512K)->88K(512K)
[0.180s][info][gc,metaspace] GC(1) Metaspace: 5881K(6016K)->5881K(6016K) NonClass: 5384K(5504K)->5384K(5504K) Class: 496K(512K)->496K(512K)
[0.180s][info][gc          ] GC(1) Pause Young (Allocation Failure) 0M->0M(2M) 1.166ms
[0.180s][info][gc,cpu      ] GC(1) User=0.00s Sys=0.00s Real=0.00s
[0.201s][info][gc,start    ] GC(2) Pause Young (Allocation Failure)
[0.202s][info][gc,heap     ] GC(2) PSYoungGen: 1536K(1536K)->512K(1536K) Eden: 1024K(1024K)->0K(1024K) From: 512K(512K)->512K(512K)
[0.202s][info][gc,heap     ] GC(2) ParOldGen: 88K(512K)->512K(1024K)
[0.202s][info][gc,metaspace] GC(2) Metaspace: 6300K(6464K)->6300K(6464K) NonClass: 5767K(5824K)->5767K(5824K) Class: 533K(640K)->533K(640K)
[0.202s][info][gc          ] GC(2) Pause Young (Allocation Failure) 1M->1M(2M) 1.565ms
[0.202s][info][gc,cpu      ] GC(2) User=0.00s Sys=0.00s Real=0.00s
[0.204s][info][gc,start    ] GC(3) Pause Young (Allocation Failure)
[0.205s][info][gc,heap     ] GC(3) PSYoungGen: 1536K(1536K)->480K(2560K) Eden: 1024K(1024K)->0K(2048K) From: 512K(512K)->480K(512K)
[0.206s][info][gc,heap     ] GC(3) ParOldGen: 512K(1024K)->1072K(1536K)
[0.206s][info][gc,metaspace] GC(3) Metaspace: 6300K(6464K)->6300K(6464K) NonClass: 5767K(5824K)->5767K(5824K) Class: 533K(640K)->533K(640K)
[0.206s][info][gc          ] GC(3) Pause Young (Allocation Failure) 2M->1M(4M) 1.352ms
[0.206s][info][gc,cpu      ] GC(3) User=0.00s Sys=0.00s Real=0.00s
[0.206s][info][gc,start    ] GC(4) Pause Full (Ergonomics)
[0.206s][info][gc,phases,start] GC(4) Marking Phase
[0.207s][info][gc,phases      ] GC(4) Marking Phase 1.072ms
[0.207s][info][gc,phases,start] GC(4) Summary Phase
[0.207s][info][gc,phases      ] GC(4) Summary Phase 0.015ms
[0.207s][info][gc,phases,start] GC(4) Adjust Roots
[0.207s][info][gc,phases      ] GC(4) Adjust Roots 0.321ms
[0.207s][info][gc,phases,start] GC(4) Compaction Phase
[0.209s][info][gc,phases      ] GC(4) Compaction Phase 2.018ms
[0.209s][info][gc,phases,start] GC(4) Post Compact
[0.209s][info][gc,phases      ] GC(4) Post Compact 0.072ms
[0.209s][info][gc,heap        ] GC(4) PSYoungGen: 480K(2560K)->0K(2560K) Eden: 0K(2048K)->0K(2048K) From: 480K(512K)->0K(512K)
[0.209s][info][gc,heap        ] GC(4) ParOldGen: 1072K(1536K)->1495K(3584K)
[0.209s][info][gc,metaspace   ] GC(4) Metaspace: 6300K(6464K)->6300K(6464K) NonClass: 5767K(5824K)->5767K(5824K) Class: 533K(640K)->533K(640K)
[0.209s][info][gc             ] GC(4) Pause Full (Ergonomics) 1M->1M(6M) 3.844ms
[0.209s][info][gc,cpu         ] GC(4) User=0.00s Sys=0.00s Real=0.00s
[0.213s][info][gc,start       ] GC(5) Pause Young (Allocation Failure)
[0.214s][info][gc,heap        ] GC(5) PSYoungGen: 2048K(2560K)->480K(3584K) Eden: 2048K(2048K)->0K(3072K) From: 0K(512K)->480K(512K)
[0.214s][info][gc,heap        ] GC(5) ParOldGen: 1495K(3584K)->2111K(3584K)
[0.214s][info][gc,metaspace   ] GC(5) Metaspace: 6300K(6464K)->6300K(6464K) NonClass: 5767K(5824K)->5767K(5824K) Class: 533K(640K)->533K(640K)
[0.214s][info][gc             ] GC(5) Pause Young (Allocation Failure) 3M->2M(7M) 1.164ms
[0.214s][info][gc,cpu         ] GC(5) User=0.00s Sys=0.00s Real=0.00s
[0.218s][info][gc,start       ] GC(6) Pause Young (Allocation Failure)
[0.220s][info][gc,heap        ] GC(6) PSYoungGen: 3552K(3584K)->1504K(4608K) Eden: 3072K(3072K)->0K(3072K) From: 480K(512K)->1504K(1536K)
[0.220s][info][gc,heap        ] GC(6) ParOldGen: 2111K(3584K)->2679K(3584K)
[0.220s][info][gc,metaspace   ] GC(6) Metaspace: 6300K(6464K)->6300K(6464K) NonClass: 5767K(5824K)->5767K(5824K) Class: 533K(640K)->533K(640K)
[0.220s][info][gc             ] GC(6) Pause Young (Allocation Failure) 5M->4M(8M) 2.345ms
[0.220s][info][gc,cpu         ] GC(6) User=0.00s Sys=0.00s Real=0.00s
[0.225s][info][gc,start       ] GC(7) Pause Young (Allocation Failure)
[0.227s][info][gc,heap        ] GC(7) PSYoungGen: 4576K(4608K)->2016K(7168K) Eden: 3072K(3072K)->0K(5120K) From: 1504K(1536K)->2016K(2048K)
[0.227s][info][gc,heap        ] GC(7) ParOldGen: 2679K(3584K)->3775K(4096K)
[0.227s][info][gc,metaspace   ] GC(7) Metaspace: 6300K(6464K)->6300K(6464K) NonClass: 5767K(5824K)->5767K(5824K) Class: 533K(640K)->533K(640K)
[0.227s][info][gc             ] GC(7) Pause Young (Allocation Failure) 7M->5M(11M) 2.945ms
[0.227s][info][gc,cpu         ] GC(7) User=0.00s Sys=0.00s Real=0.00s
[0.228s][info][gc,start       ] GC(8) Pause Full (Ergonomics)
[0.228s][info][gc,phases,start] GC(8) Marking Phase
[0.230s][info][gc,phases      ] GC(8) Marking Phase 2.786ms
[0.230s][info][gc,phases,start] GC(8) Summary Phase
[0.230s][info][gc,phases      ] GC(8) Summary Phase 0.015ms
[0.230s][info][gc,phases,start] GC(8) Adjust Roots
[0.231s][info][gc,phases      ] GC(8) Adjust Roots 0.341ms
[0.231s][info][gc,phases,start] GC(8) Compaction Phase
[0.235s][info][gc,phases      ] GC(8) Compaction Phase 4.290ms
[0.235s][info][gc,phases,start] GC(8) Post Compact
[0.235s][info][gc,phases      ] GC(8) Post Compact 0.030ms
[0.235s][info][gc,heap        ] GC(8) PSYoungGen: 2016K(7168K)->2012K(7168K) Eden: 0K(5120K)->0K(5120K) From: 2016K(2048K)->2012K(2048K)
[0.235s][info][gc,heap        ] GC(8) ParOldGen: 3775K(4096K)->3683K(6656K)
[0.235s][info][gc,metaspace   ] GC(8) Metaspace: 6300K(6464K)->6300K(6464K) NonClass: 5767K(5824K)->5767K(5824K) Class: 533K(640K)->533K(640K)
[0.235s][info][gc             ] GC(8) Pause Full (Ergonomics) 5M->5M(13M) 7.783ms
[0.235s][info][gc,cpu         ] GC(8) User=0.00s Sys=0.00s Real=0.01s
[0.243s][info][gc,start       ] GC(9) Pause Young (Allocation Failure)
[0.248s][info][gc,heap        ] GC(9) PSYoungGen: 7132K(7168K)->3040K(8192K) Eden: 5120K(5120K)->0K(5120K) From: 2012K(2048K)->3040K(3072K)
[0.248s][info][gc,heap        ] GC(9) ParOldGen: 3683K(6656K)->5331K(6656K)
[0.248s][info][gc,metaspace   ] GC(9) Metaspace: 6300K(6464K)->6300K(6464K) NonClass: 5767K(5824K)->5767K(5824K) Class: 533K(640K)->533K(640K)
[0.248s][info][gc             ] GC(9) Pause Young (Allocation Failure) 10M->8M(14M) 5.297ms
[0.248s][info][gc,cpu         ] GC(9) User=0.00s Sys=0.00s Real=0.01s
[0.248s][info][gc,start       ] GC(10) Pause Full (Ergonomics)
[0.248s][info][gc,phases,start] GC(10) Marking Phase
[0.252s][info][gc,phases      ] GC(10) Marking Phase 3.958ms
[0.252s][info][gc,phases,start] GC(10) Summary Phase
[0.252s][info][gc,phases      ] GC(10) Summary Phase 0.016ms
[0.252s][info][gc,phases,start] GC(10) Adjust Roots
[0.252s][info][gc,phases      ] GC(10) Adjust Roots 0.264ms
[0.253s][info][gc,phases,start] GC(10) Compaction Phase
[0.255s][info][gc,phases      ] GC(10) Compaction Phase 2.643ms
[0.255s][info][gc,phases,start] GC(10) Post Compact
[0.255s][info][gc,phases      ] GC(10) Post Compact 0.051ms
[0.255s][info][gc,heap        ] GC(10) PSYoungGen: 3040K(8192K)->2012K(8192K) Eden: 0K(5120K)->0K(5120K) From: 3040K(3072K)->2012K(3072K)
[0.255s][info][gc,heap        ] GC(10) ParOldGen: 5331K(6656K)->6318K(10240K)
[0.255s][info][gc,metaspace   ] GC(10) Metaspace: 6300K(6464K)->6300K(6464K) NonClass: 5767K(5824K)->5767K(5824K) Class: 533K(640K)->533K(640K)
[0.255s][info][gc             ] GC(10) Pause Full (Ergonomics) 8M->8M(18M) 7.334ms
[0.255s][info][gc,cpu         ] GC(10) User=0.00s Sys=0.00s Real=0.01s
[0.262s][info][gc,start       ] GC(11) Pause Young (Allocation Failure)
[0.266s][info][gc,heap        ] GC(11) PSYoungGen: 7132K(8192K)->4224K(11264K) Eden: 5120K(5120K)->0K(6656K) From: 2012K(3072K)->4224K(4608K)
[0.266s][info][gc,heap        ] GC(11) ParOldGen: 6318K(10240K)->6814K(10240K)
[0.266s][info][gc,metaspace   ] GC(11) Metaspace: 6300K(6464K)->6300K(6464K) NonClass: 5767K(5824K)->5767K(5824K) Class: 533K(640K)->533K(640K)
[0.266s][info][gc             ] GC(11) Pause Young (Allocation Failure) 13M->10M(21M) 4.590ms
[0.266s][info][gc,cpu         ] GC(11) User=0.00s Sys=0.00s Real=0.01s
[0.275s][info][gc,start       ] GC(12) Pause Young (Allocation Failure)
[0.282s][info][gc,heap        ] GC(12) PSYoungGen: 10880K(11264K)->5088K(11776K) Eden: 6656K(6656K)->0K(6656K) From: 4224K(4608K)->5088K(5120K)
[0.282s][info][gc,heap        ] GC(12) ParOldGen: 6814K(10240K)->9638K(10240K)
[0.282s][info][gc,metaspace   ] GC(12) Metaspace: 6300K(6464K)->6300K(6464K) NonClass: 5767K(5824K)->5767K(5824K) Class: 533K(640K)->533K(640K)
[0.282s][info][gc             ] GC(12) Pause Young (Allocation Failure) 17M->14M(21M) 7.013ms
[0.282s][info][gc,cpu         ] GC(12) User=0.00s Sys=0.00s Real=0.01s
[0.282s][info][gc,start       ] GC(13) Pause Full (Ergonomics)
[0.282s][info][gc,phases,start] GC(13) Marking Phase
[0.289s][info][gc,phases      ] GC(13) Marking Phase 7.023ms
[0.289s][info][gc,phases,start] GC(13) Summary Phase
[0.289s][info][gc,phases      ] GC(13) Summary Phase 0.015ms
[0.289s][info][gc,phases,start] GC(13) Adjust Roots
[0.290s][info][gc,phases      ] GC(13) Adjust Roots 0.165ms
[0.290s][info][gc,phases,start] GC(13) Compaction Phase
[0.295s][info][gc,phases      ] GC(13) Compaction Phase 5.588ms
[0.295s][info][gc,phases,start] GC(13) Post Compact
[0.295s][info][gc,phases      ] GC(13) Post Compact 0.051ms
[0.295s][info][gc,heap        ] GC(13) PSYoungGen: 5088K(11776K)->4375K(11776K) Eden: 0K(6656K)->0K(6656K) From: 5088K(5120K)->4375K(5120K)
[0.295s][info][gc,heap        ] GC(13) ParOldGen: 9638K(10240K)->10020K(15360K)
[0.295s][info][gc,metaspace   ] GC(13) Metaspace: 6300K(6464K)->6300K(6464K) NonClass: 5767K(5824K)->5767K(5824K) Class: 533K(640K)->533K(640K)
[0.295s][info][gc             ] GC(13) Pause Full (Ergonomics) 14M->14M(26M) 13.139ms
[0.295s][info][gc,cpu         ] GC(13) User=0.00s Sys=0.00s Real=0.01s
[0.301s][info][gc,start       ] GC(14) Pause Young (Allocation Failure)
[0.307s][info][gc,heap        ] GC(14) PSYoungGen: 11031K(11776K)->5344K(15872K) Eden: 6656K(6656K)->0K(8704K) From: 4375K(5120K)->5344K(7168K)
[0.307s][info][gc,heap        ] GC(14) ParOldGen: 10020K(15360K)->12548K(15360K)
[0.307s][info][gc,metaspace   ] GC(14) Metaspace: 6302K(6464K)->6302K(6464K) NonClass: 5768K(5824K)->5768K(5824K) Class: 533K(640K)->533K(640K)
[0.307s][info][gc             ] GC(14) Pause Young (Allocation Failure) 20M->17M(30M) 6.812ms
[0.307s][info][gc,cpu         ] GC(14) User=0.00s Sys=0.00s Real=0.01s
[0.313s][info][gc,start       ] GC(15) Pause Young (Allocation Failure)
[0.320s][info][gc,heap        ] GC(15) PSYoungGen: 14048K(15872K)->4544K(16384K) Eden: 8704K(8704K)->0K(8704K) From: 5344K(7168K)->4544K(7680K)
[0.321s][info][gc,heap        ] GC(15) ParOldGen: 12548K(15360K)->17940K(18432K)
[0.321s][info][gc,metaspace   ] GC(15) Metaspace: 6302K(6464K)->6302K(6464K) NonClass: 5768K(5824K)->5768K(5824K) Class: 533K(640K)->533K(640K)
[0.321s][info][gc             ] GC(15) Pause Young (Allocation Failure) 25M->21M(34M) 7.430ms
[0.321s][info][gc,cpu         ] GC(15) User=0.00s Sys=0.00s Real=0.01s
[0.321s][info][gc,start       ] GC(16) Pause Full (Ergonomics)
[0.321s][info][gc,phases,start] GC(16) Marking Phase
[0.330s][info][gc,phases      ] GC(16) Marking Phase 8.961ms
[0.330s][info][gc,phases,start] GC(16) Summary Phase
[0.330s][info][gc,phases      ] GC(16) Summary Phase 0.016ms
[0.330s][info][gc,phases,start] GC(16) Adjust Roots
[0.330s][info][gc,phases      ] GC(16) Adjust Roots 0.248ms
[0.330s][info][gc,phases,start] GC(16) Compaction Phase
[0.338s][info][gc,phases      ] GC(16) Compaction Phase 7.810ms
[0.338s][info][gc,phases,start] GC(16) Post Compact
[0.338s][info][gc,phases      ] GC(16) Post Compact 0.098ms
[0.338s][info][gc,heap        ] GC(16) PSYoungGen: 4544K(16384K)->3984K(16384K) Eden: 0K(8704K)->0K(8704K) From: 4544K(7680K)->3984K(7680K)
[0.338s][info][gc,heap        ] GC(16) ParOldGen: 17940K(18432K)->18309K(26624K)
[0.338s][info][gc,metaspace   ] GC(16) Metaspace: 6302K(6464K)->6302K(6464K) NonClass: 5768K(5824K)->5768K(5824K) Class: 533K(640K)->533K(640K)
[0.338s][info][gc             ] GC(16) Pause Full (Ergonomics) 21M->21M(42M) 17.497ms
[0.338s][info][gc,cpu         ] GC(16) User=0.00s Sys=0.00s Real=0.02s
[0.347s][info][gc,start       ] GC(17) Pause Young (Allocation Failure)
[0.354s][info][gc,heap        ] GC(17) PSYoungGen: 12688K(16384K)->5056K(18944K) Eden: 8704K(8704K)->0K(11264K) From: 3984K(7680K)->5056K(7680K)
[0.354s][info][gc,heap        ] GC(17) ParOldGen: 18309K(26624K)->22365K(26624K)
[0.354s][info][gc,metaspace   ] GC(17) Metaspace: 6302K(6464K)->6302K(6464K) NonClass: 5768K(5824K)->5768K(5824K) Class: 533K(640K)->533K(640K)
[0.355s][info][gc             ] GC(17) Pause Young (Allocation Failure) 30M->26M(44M) 7.735ms
[0.355s][info][gc,cpu         ] GC(17) User=0.00s Sys=0.00s Real=0.01s
[0.355s][info][gc,start       ] GC(18) Pause Full (Ergonomics)
[0.355s][info][gc,phases,start] GC(18) Marking Phase
[0.366s][info][gc,phases      ] GC(18) Marking Phase 11.858ms
[0.367s][info][gc,phases,start] GC(18) Summary Phase
[0.367s][info][gc,phases      ] GC(18) Summary Phase 0.019ms
[0.367s][info][gc,phases,start] GC(18) Adjust Roots
[0.367s][info][gc,phases      ] GC(18) Adjust Roots 0.185ms
[0.367s][info][gc,phases,start] GC(18) Compaction Phase
[0.376s][info][gc,phases      ] GC(18) Compaction Phase 9.056ms
[0.376s][info][gc,phases,start] GC(18) Post Compact
[0.376s][info][gc,phases      ] GC(18) Post Compact 0.120ms
[0.376s][info][gc,heap        ] GC(18) PSYoungGen: 5056K(18944K)->389K(18944K) Eden: 0K(11264K)->0K(11264K) From: 5056K(7680K)->389K(7680K)
[0.376s][info][gc,heap        ] GC(18) ParOldGen: 22365K(26624K)->26382K(37376K)
[0.376s][info][gc,metaspace   ] GC(18) Metaspace: 6302K(6464K)->6302K(6464K) NonClass: 5768K(5824K)->5768K(5824K) Class: 533K(640K)->533K(640K)
[0.376s][info][gc             ] GC(18) Pause Full (Ergonomics) 26M->26M(55M) 21.586ms
[0.376s][info][gc,cpu         ] GC(18) User=0.00s Sys=0.00s Real=0.02s
[0.383s][info][gc,start       ] GC(19) Pause Young (Allocation Failure)
[0.390s][info][gc,heap        ] GC(19) PSYoungGen: 11653K(18944K)->5856K(19456K) Eden: 11264K(11264K)->0K(11264K) From: 389K(7680K)->5856K(8192K)
[0.390s][info][gc,heap        ] GC(19) ParOldGen: 26382K(37376K)->26790K(37376K)
[0.390s][info][gc,metaspace   ] GC(19) Metaspace: 6302K(6464K)->6302K(6464K) NonClass: 5768K(5824K)->5768K(5824K) Class: 533K(640K)->533K(640K)
[0.390s][info][gc             ] GC(19) Pause Young (Allocation Failure) 37M->31M(55M) 6.997ms
[0.390s][info][gc,cpu         ] GC(19) User=0.00s Sys=0.00s Real=0.01s
[0.399s][info][gc,start       ] GC(20) Pause Young (Allocation Failure)
[0.411s][info][gc,heap        ] GC(20) PSYoungGen: 17120K(19456K)->8704K(19968K) Eden: 11264K(11264K)->0K(11264K) From: 5856K(8192K)->8704K(8704K)
[0.411s][info][gc,heap        ] GC(20) ParOldGen: 26790K(37376K)->33166K(37376K)
[0.411s][info][gc,metaspace   ] GC(20) Metaspace: 6302K(6464K)->6302K(6464K) NonClass: 5768K(5824K)->5768K(5824K) Class: 533K(640K)->533K(640K)
[0.411s][info][gc             ] GC(20) Pause Young (Allocation Failure) 42M->40M(56M) 11.821ms
[0.411s][info][gc,cpu         ] GC(20) User=0.00s Sys=0.00s Real=0.01s
[0.411s][info][gc,start       ] GC(21) Pause Full (Ergonomics)
[0.411s][info][gc,phases,start] GC(21) Marking Phase
[0.428s][info][gc,phases      ] GC(21) Marking Phase 16.366ms
[0.428s][info][gc,phases,start] GC(21) Summary Phase
[0.428s][info][gc,phases      ] GC(21) Summary Phase 0.020ms
[0.428s][info][gc,phases,start] GC(21) Adjust Roots
[0.428s][info][gc,phases      ] GC(21) Adjust Roots 0.185ms
[0.428s][info][gc,phases,start] GC(21) Compaction Phase
[0.439s][info][gc,phases      ] GC(21) Compaction Phase 11.129ms
[0.439s][info][gc,phases,start] GC(21) Post Compact
[0.439s][info][gc,phases      ] GC(21) Post Compact 0.230ms
[0.440s][info][gc,heap        ] GC(21) PSYoungGen: 8704K(19968K)->4598K(19968K) Eden: 0K(11264K)->0K(11264K) From: 8704K(8704K)->4598K(8704K)
[0.440s][info][gc,heap        ] GC(21) ParOldGen: 33166K(37376K)->37124K(50688K)
[0.440s][info][gc,metaspace   ] GC(21) Metaspace: 6302K(6464K)->6302K(6464K) NonClass: 5768K(5824K)->5768K(5824K) Class: 533K(640K)->533K(640K)
[0.440s][info][gc             ] GC(21) Pause Full (Ergonomics) 40M->40M(69M) 28.271ms
[0.440s][info][gc,cpu         ] GC(21) User=0.00s Sys=0.00s Real=0.03s
[0.455s][info][gc,start       ] GC(22) Pause Young (Allocation Failure)
[0.467s][info][gc,heap        ] GC(22) PSYoungGen: 15862K(19968K)->11296K(23552K) Eden: 11264K(11264K)->0K(11264K) From: 4598K(8704K)->11296K(12288K)
[0.467s][info][gc,heap        ] GC(22) ParOldGen: 37124K(50688K)->41796K(50688K)
[0.467s][info][gc,metaspace   ] GC(22) Metaspace: 6302K(6464K)->6302K(6464K) NonClass: 5768K(5824K)->5768K(5824K) Class: 533K(640K)->533K(640K)
[0.467s][info][gc             ] GC(22) Pause Young (Allocation Failure) 51M->51M(72M) 12.486ms
[0.467s][info][gc,cpu         ] GC(22) User=0.00s Sys=0.00s Real=0.01s
[0.479s][info][gc,start       ] GC(23) Pause Young (Allocation Failure)
[0.494s][info][gc,heap        ] GC(23) PSYoungGen: 22560K(23552K)->14304K(24064K) Eden: 11264K(11264K)->0K(9728K) From: 11296K(12288K)->14304K(14336K)
[0.494s][info][gc,heap        ] GC(23) ParOldGen: 41796K(50688K)->50124K(50688K)
[0.494s][info][gc,metaspace   ] GC(23) Metaspace: 6302K(6464K)->6302K(6464K) NonClass: 5768K(5824K)->5768K(5824K) Class: 533K(640K)->533K(640K)
[0.494s][info][gc             ] GC(23) Pause Young (Allocation Failure) 62M->62M(73M) 15.184ms
[0.494s][info][gc,cpu         ] GC(23) User=0.00s Sys=0.00s Real=0.02s
[0.494s][info][gc,start       ] GC(24) Pause Full (Ergonomics)
[0.494s][info][gc,phases,start] GC(24) Marking Phase
[0.519s][info][gc,phases      ] GC(24) Marking Phase 24.759ms
[0.519s][info][gc,phases,start] GC(24) Summary Phase
[0.519s][info][gc,phases      ] GC(24) Summary Phase 0.016ms
[0.519s][info][gc,phases,start] GC(24) Adjust Roots
[0.519s][info][gc,phases      ] GC(24) Adjust Roots 0.154ms
[0.519s][info][gc,phases,start] GC(24) Compaction Phase
[0.537s][info][gc,phases      ] GC(24) Compaction Phase 17.858ms
[0.537s][info][gc,phases,start] GC(24) Post Compact
[0.537s][info][gc,phases      ] GC(24) Post Compact 0.162ms
[0.537s][info][gc,heap        ] GC(24) PSYoungGen: 14304K(24064K)->14280K(24064K) Eden: 0K(9728K)->0K(9728K) From: 14304K(14336K)->14280K(14336K)
[0.537s][info][gc,heap        ] GC(24) ParOldGen: 50124K(50688K)->48889K(66560K)
[0.537s][info][gc,metaspace   ] GC(24) Metaspace: 6302K(6464K)->6302K(6464K) NonClass: 5768K(5824K)->5768K(5824K) Class: 533K(640K)->533K(640K)
[0.537s][info][gc             ] GC(24) Pause Full (Ergonomics) 62M->61M(88M) 43.305ms
[0.537s][info][gc,cpu         ] GC(24) User=0.03s Sys=0.00s Real=0.04s
[0.547s][info][gc,start       ] GC(25) Pause Young (Allocation Failure)
[0.565s][info][gc,heap        ] GC(25) PSYoungGen: 24008K(24064K)->9728K(29184K) Eden: 9728K(9728K)->0K(9728K) From: 14280K(14336K)->9728K(19456K)
[0.565s][info][gc,heap        ] GC(25) ParOldGen: 48889K(66560K)->63369K(66560K)
[0.565s][info][gc,metaspace   ] GC(25) Metaspace: 6302K(6464K)->6302K(6464K) NonClass: 5768K(5824K)->5768K(5824K) Class: 533K(640K)->533K(640K)
[0.565s][info][gc             ] GC(25) Pause Young (Allocation Failure) 71M->71M(93M) 17.765ms
[0.565s][info][gc,cpu         ] GC(25) User=0.03s Sys=0.00s Real=0.02s
[0.565s][info][gc,start       ] GC(26) Pause Full (Ergonomics)
[0.565s][info][gc,phases,start] GC(26) Marking Phase
[0.593s][info][gc,phases      ] GC(26) Marking Phase 27.766ms
[0.593s][info][gc,phases,start] GC(26) Summary Phase
[0.593s][info][gc,phases      ] GC(26) Summary Phase 0.015ms
[0.593s][info][gc,phases,start] GC(26) Adjust Roots
[0.593s][info][gc,phases      ] GC(26) Adjust Roots 0.157ms
[0.593s][info][gc,phases,start] GC(26) Compaction Phase
[0.611s][info][gc,phases      ] GC(26) Compaction Phase 18.618ms
[0.612s][info][gc,phases,start] GC(26) Post Compact
[0.612s][info][gc,phases      ] GC(26) Post Compact 0.286ms
[0.612s][info][gc,heap        ] GC(26) PSYoungGen: 9728K(29184K)->6626K(29184K) Eden: 0K(9728K)->0K(9728K) From: 9728K(19456K)->6626K(19456K)
[0.612s][info][gc,heap        ] GC(26) ParOldGen: 63369K(66560K)->66235K(89088K)
[0.612s][info][gc,metaspace   ] GC(26) Metaspace: 6302K(6464K)->6302K(6464K) NonClass: 5768K(5824K)->5768K(5824K) Class: 533K(640K)->533K(640K)
[0.612s][info][gc             ] GC(26) Pause Full (Ergonomics) 71M->71M(115M) 47.217ms
[0.612s][info][gc,cpu         ] GC(26) User=0.02s Sys=0.00s Real=0.05s
[0.622s][info][gc,start       ] GC(27) Pause Young (Allocation Failure)
[0.636s][info][gc,heap        ] GC(27) PSYoungGen: 16354K(29184K)->16384K(29184K) Eden: 9728K(9728K)->0K(9728K) From: 6626K(19456K)->16384K(19456K)
[0.636s][info][gc,heap        ] GC(27) ParOldGen: 66235K(89088K)->66235K(89088K)
[0.636s][info][gc,metaspace   ] GC(27) Metaspace: 6302K(6464K)->6302K(6464K) NonClass: 5768K(5824K)->5768K(5824K) Class: 533K(640K)->533K(640K)
[0.636s][info][gc             ] GC(27) Pause Young (Allocation Failure) 80M->80M(115M) 14.210ms
[0.636s][info][gc,cpu         ] GC(27) User=0.00s Sys=0.00s Real=0.01s
[0.644s][info][gc,start       ] GC(28) Pause Young (Allocation Failure)
[0.657s][info][gc,heap        ] GC(28) PSYoungGen: 22593K(29184K)->21504K(31232K) Eden: 6209K(9728K)->0K(9728K) From: 16384K(19456K)->21504K(21504K)
[0.657s][info][gc,heap        ] GC(28) ParOldGen: 66235K(89088K)->67291K(89088K)
[0.657s][info][gc,metaspace   ] GC(28) Metaspace: 6302K(6464K)->6302K(6464K) NonClass: 5768K(5824K)->5768K(5824K) Class: 533K(640K)->533K(640K)
[0.657s][info][gc             ] GC(28) Pause Young (Allocation Failure) 86M->86M(117M) 12.715ms
[0.657s][info][gc,cpu         ] GC(28) User=0.00s Sys=0.00s Real=0.01s
[0.672s][info][gc,start       ] GC(29) Pause Young (Allocation Failure)
[0.693s][info][gc,heap        ] GC(29) PSYoungGen: 31232K(31232K)->15552K(36864K) Eden: 9728K(9728K)->0K(11264K) From: 21504K(21504K)->15552K(25600K)
[0.693s][info][gc,heap        ] GC(29) ParOldGen: 67291K(89088K)->83251K(89088K)
[0.693s][info][gc,metaspace   ] GC(29) Metaspace: 6302K(6464K)->6302K(6464K) NonClass: 5768K(5824K)->5768K(5824K) Class: 533K(640K)->533K(640K)
[0.693s][info][gc             ] GC(29) Pause Young (Allocation Failure) 96M->96M(123M) 21.134ms
[0.693s][info][gc,cpu         ] GC(29) User=0.03s Sys=0.00s Real=0.02s
[0.693s][info][gc,start       ] GC(30) Pause Full (Ergonomics)
[0.693s][info][gc,phases,start] GC(30) Marking Phase
[0.736s][info][gc,phases      ] GC(30) Marking Phase 43.458ms
[0.736s][info][gc,phases,start] GC(30) Summary Phase
[0.736s][info][gc,phases      ] GC(30) Summary Phase 0.041ms
[0.737s][info][gc,phases,start] GC(30) Adjust Roots
[0.737s][info][gc,phases      ] GC(30) Adjust Roots 0.157ms
[0.737s][info][gc,phases,start] GC(30) Compaction Phase
[0.764s][info][gc,phases      ] GC(30) Compaction Phase 27.329ms
[0.764s][info][gc,phases,start] GC(30) Post Compact
[0.764s][info][gc,phases      ] GC(30) Post Compact 0.374ms
[0.765s][info][gc,heap        ] GC(30) PSYoungGen: 15552K(36864K)->7800K(36864K) Eden: 0K(11264K)->0K(11264K) From: 15552K(25600K)->7800K(25600K)
[0.765s][info][gc,heap        ] GC(30) ParOldGen: 83251K(89088K)->88590K(115712K)
[0.765s][info][gc,metaspace   ] GC(30) Metaspace: 6302K(6464K)->6302K(6464K) NonClass: 5768K(5824K)->5768K(5824K) Class: 533K(640K)->533K(640K)
[0.765s][info][gc             ] GC(30) Pause Full (Ergonomics) 96M->94M(149M) 71.750ms
[0.765s][info][gc,cpu         ] GC(30) User=0.12s Sys=0.00s Real=0.07s
[0.774s][info][gc,start       ] GC(31) Pause Young (Allocation Failure)
[0.791s][info][gc,heap        ] GC(31) PSYoungGen: 19064K(36864K)->15328K(37376K) Eden: 11264K(11264K)->0K(11264K) From: 7800K(25600K)->15328K(26112K)
[0.791s][info][gc,heap        ] GC(31) ParOldGen: 88590K(115712K)->92454K(115712K)
[0.791s][info][gc,metaspace   ] GC(31) Metaspace: 6302K(6464K)->6302K(6464K) NonClass: 5768K(5824K)->5768K(5824K) Class: 533K(640K)->533K(640K)
[0.791s][info][gc             ] GC(31) Pause Young (Allocation Failure) 105M->105M(149M) 16.861ms
[0.791s][info][gc,cpu         ] GC(31) User=0.02s Sys=0.00s Real=0.02s
[0.801s][info][gc,start       ] GC(32) Pause Young (Allocation Failure)
[0.817s][info][gc,heap        ] GC(32) PSYoungGen: 26592K(37376K)->26592K(35840K) Eden: 11264K(11264K)->0K(9216K) From: 15328K(26112K)->26592K(26624K)
[0.817s][info][gc,heap        ] GC(32) ParOldGen: 92454K(115712K)->92454K(115712K)
[0.817s][info][gc,metaspace   ] GC(32) Metaspace: 6302K(6464K)->6302K(6464K) NonClass: 5768K(5824K)->5768K(5824K) Class: 533K(640K)->533K(640K)
[0.817s][info][gc             ] GC(32) Pause Young (Allocation Failure) 116M->116M(148M) 15.431ms
[0.817s][info][gc,cpu         ] GC(32) User=0.00s Sys=0.00s Real=0.02s
[0.825s][info][gc,start       ] GC(33) Pause Young (Allocation Failure)
[0.848s][info][gc,heap        ] GC(33) PSYoungGen: 35808K(35840K)->30720K(39936K) Eden: 9216K(9216K)->0K(9216K) From: 26592K(26624K)->30720K(30720K)
[0.848s][info][gc,heap        ] GC(33) ParOldGen: 92454K(115712K)->97534K(115712K)
[0.848s][info][gc,metaspace   ] GC(33) Metaspace: 6302K(6464K)->6302K(6464K) NonClass: 5768K(5824K)->5768K(5824K) Class: 533K(640K)->533K(640K)
[0.848s][info][gc             ] GC(33) Pause Young (Allocation Failure) 125M->125M(152M) 22.543ms
[0.848s][info][gc,cpu         ] GC(33) User=0.03s Sys=0.00s Real=0.02s
[0.857s][info][gc,start       ] GC(34) Pause Young (Allocation Failure)
[0.881s][info][gc,heap        ] GC(34) PSYoungGen: 39936K(39936K)->18048K(46592K) Eden: 9216K(9216K)->0K(11264K) From: 30720K(30720K)->18048K(35328K)
[0.881s][info][gc,heap        ] GC(34) ParOldGen: 97534K(115712K)->119750K(119808K)
[0.881s][info][gc,metaspace   ] GC(34) Metaspace: 6302K(6464K)->6302K(6464K) NonClass: 5768K(5824K)->5768K(5824K) Class: 533K(640K)->533K(640K)
[0.881s][info][gc             ] GC(34) Pause Young (Allocation Failure) 134M->134M(162M) 24.716ms
[0.881s][info][gc,cpu         ] GC(34) User=0.03s Sys=0.02s Real=0.03s
[0.881s][info][gc,start       ] GC(35) Pause Full (Ergonomics)
[0.881s][info][gc,phases,start] GC(35) Marking Phase
[0.921s][info][gc,phases      ] GC(35) Marking Phase 39.618ms
[0.921s][info][gc,phases,start] GC(35) Summary Phase
[0.921s][info][gc,phases      ] GC(35) Summary Phase 0.017ms
[0.921s][info][gc,phases,start] GC(35) Adjust Roots
[0.921s][info][gc,phases      ] GC(35) Adjust Roots 0.150ms
[0.921s][info][gc,phases,start] GC(35) Compaction Phase
[0.949s][info][gc,phases      ] GC(35) Compaction Phase 28.157ms
[0.949s][info][gc,phases,start] GC(35) Post Compact
[0.950s][info][gc,phases      ] GC(35) Post Compact 0.776ms
[0.950s][info][gc,heap        ] GC(35) PSYoungGen: 18048K(46592K)->17470K(48128K) Eden: 0K(11264K)->0K(12800K) From: 18048K(35328K)->17470K(35328K)
[0.950s][info][gc,heap        ] GC(35) ParOldGen: 119750K(119808K)->119758K(152576K)
[0.951s][info][gc,metaspace   ] GC(35) Metaspace: 6302K(6464K)->6302K(6464K) NonClass: 5768K(5824K)->5768K(5824K) Class: 533K(640K)->533K(640K)
[0.951s][info][gc             ] GC(35) Pause Full (Ergonomics) 134M->134M(196M) 69.181ms
[0.951s][info][gc,cpu         ] GC(35) User=0.14s Sys=0.00s Real=0.07s
[0.963s][info][gc,start       ] GC(36) Pause Young (Allocation Failure)
[0.987s][info][gc,heap        ] GC(36) PSYoungGen: 30270K(48128K)->12864K(49664K) Eden: 12800K(12800K)->0K(12800K) From: 17470K(35328K)->12864K(36864K)
[0.987s][info][gc,heap        ] GC(36) ParOldGen: 119758K(152576K)->137518K(152576K)
[0.987s][info][gc,metaspace   ] GC(36) Metaspace: 6302K(6464K)->6302K(6464K) NonClass: 5768K(5824K)->5768K(5824K) Class: 533K(640K)->533K(640K)
[0.987s][info][gc             ] GC(36) Pause Young (Allocation Failure) 146M->146M(197M) 23.714ms
[0.987s][info][gc,cpu         ] GC(36) User=0.03s Sys=0.02s Real=0.02s
[0.987s][info][gc,start       ] GC(37) Pause Full (Ergonomics)
[0.987s][info][gc,phases,start] GC(37) Marking Phase
[1.034s][info][gc,phases      ] GC(37) Marking Phase 46.919ms
[1.034s][info][gc,phases,start] GC(37) Summary Phase
[1.034s][info][gc,phases      ] GC(37) Summary Phase 0.018ms
[1.034s][info][gc,phases,start] GC(37) Adjust Roots
[1.034s][info][gc,phases      ] GC(37) Adjust Roots 0.161ms
[1.034s][info][gc,phases,start] GC(37) Compaction Phase
[1.056s][info][gc,phases      ] GC(37) Compaction Phase 21.956ms
[1.057s][info][gc,phases,start] GC(37) Post Compact
[1.057s][info][gc,phases      ] GC(37) Post Compact 0.968ms
[1.058s][info][gc,heap        ] GC(37) PSYoungGen: 12864K(49664K)->0K(49152K) Eden: 0K(12800K)->0K(14848K) From: 12864K(36864K)->0K(34304K)
[1.058s][info][gc,heap        ] GC(37) ParOldGen: 137518K(152576K)->149994K(187904K)
[1.058s][info][gc,metaspace   ] GC(37) Metaspace: 6302K(6464K)->6302K(6464K) NonClass: 5768K(5824K)->5768K(5824K) Class: 533K(640K)->533K(640K)
[1.058s][info][gc             ] GC(37) Pause Full (Ergonomics) 146M->146M(231M) 70.608ms
[1.058s][info][gc,cpu         ] GC(37) User=0.11s Sys=0.02s Real=0.07s
[1.073s][info][gc,start       ] GC(38) Pause Young (Allocation Failure)
[1.084s][info][gc,heap        ] GC(38) PSYoungGen: 14848K(49152K)->14944K(49664K) Eden: 14848K(14848K)->0K(14848K) From: 0K(34304K)->14944K(34816K)
[1.084s][info][gc,heap        ] GC(38) ParOldGen: 149994K(187904K)->149994K(187904K)
[1.084s][info][gc,metaspace   ] GC(38) Metaspace: 6302K(6464K)->6302K(6464K) NonClass: 5768K(5824K)->5768K(5824K) Class: 533K(640K)->533K(640K)
[1.084s][info][gc             ] GC(38) Pause Young (Allocation Failure) 160M->161M(232M) 10.743ms
[1.084s][info][gc,cpu         ] GC(38) User=0.00s Sys=0.00s Real=0.01s
[1.131s][info][gc,start       ] GC(39) Pause Young (Allocation Failure)
[1.154s][info][gc,heap        ] GC(39) PSYoungGen: 29792K(49664K)->29760K(45568K) Eden: 14848K(14848K)->0K(12800K) From: 14944K(34816K)->29760K(32768K)
[1.154s][info][gc,heap        ] GC(39) ParOldGen: 158186K(187904K)->158186K(187904K)
[1.154s][info][gc,metaspace   ] GC(39) Metaspace: 6302K(6464K)->6302K(6464K) NonClass: 5768K(5824K)->5768K(5824K) Class: 533K(640K)->533K(640K)
[1.154s][info][gc             ] GC(39) Pause Young (Allocation Failure) 183M->183M(228M) 22.877ms
[1.154s][info][gc,cpu         ] GC(39) User=0.06s Sys=0.00s Real=0.02s
[1.169s][info][gc,start       ] GC(40) Pause Young (Allocation Failure)
[1.192s][info][gc,heap        ] GC(40) PSYoungGen: 42560K(45568K)->36864K(49664K) Eden: 12800K(12800K)->0K(12800K) From: 29760K(32768K)->36864K(36864K)
[1.193s][info][gc,heap        ] GC(40) ParOldGen: 158186K(187904K)->163914K(187904K)
[1.193s][info][gc,metaspace   ] GC(40) Metaspace: 6302K(6464K)->6302K(6464K) NonClass: 5768K(5824K)->5768K(5824K) Class: 533K(640K)->533K(640K)
[1.193s][info][gc             ] GC(40) Pause Young (Allocation Failure) 196M->196M(232M) 23.921ms
[1.193s][info][gc,cpu         ] GC(40) User=0.06s Sys=0.00s Real=0.02s
[1.206s][info][gc,start       ] GC(41) Pause Young (Allocation Failure)
[1.234s][info][gc,heap        ] GC(41) PSYoungGen: 49664K(49664K)->23648K(57344K) Eden: 12800K(12800K)->0K(14848K) From: 36864K(36864K)->23648K(42496K)
[1.234s][info][gc,heap        ] GC(41) ParOldGen: 163914K(187904K)->190354K(190464K)
[1.234s][info][gc,metaspace   ] GC(41) Metaspace: 6302K(6464K)->6302K(6464K) NonClass: 5768K(5824K)->5768K(5824K) Class: 533K(640K)->533K(640K)
[1.234s][info][gc             ] GC(41) Pause Young (Allocation Failure) 208M->208M(242M) 27.384ms
[1.234s][info][gc,cpu         ] GC(41) User=0.06s Sys=0.00s Real=0.03s
[1.234s][info][gc,start       ] GC(42) Pause Full (Ergonomics)
[1.234s][info][gc,phases,start] GC(42) Marking Phase
[1.292s][info][gc,phases      ] GC(42) Marking Phase 58.219ms
[1.292s][info][gc,phases,start] GC(42) Summary Phase
[1.292s][info][gc,phases      ] GC(42) Summary Phase 0.018ms
[1.292s][info][gc,phases,start] GC(42) Adjust Roots
[1.292s][info][gc,phases      ] GC(42) Adjust Roots 0.147ms
[1.292s][info][gc,phases,start] GC(42) Compaction Phase
[1.334s][info][gc,phases      ] GC(42) Compaction Phase 42.065ms
[1.334s][info][gc,phases,start] GC(42) Post Compact
[1.335s][info][gc,phases      ] GC(42) Post Compact 0.867ms
[1.336s][info][gc,heap        ] GC(42) PSYoungGen: 23648K(57344K)->18933K(58368K) Eden: 0K(14848K)->0K(15872K) From: 23648K(42496K)->18933K(42496K)
[1.336s][info][gc,heap        ] GC(42) ParOldGen: 190354K(190464K)->190329K(233472K)
[1.336s][info][gc,metaspace   ] GC(42) Metaspace: 6302K(6464K)->6302K(6464K) NonClass: 5768K(5824K)->5768K(5824K) Class: 533K(640K)->533K(640K)
[1.336s][info][gc             ] GC(42) Pause Full (Ergonomics) 208M->204M(285M) 101.907ms
[1.336s][info][gc,cpu         ] GC(42) User=0.31s Sys=0.00s Real=0.10s
[1.354s][info][gc,start       ] GC(43) Pause Young (Allocation Failure)
[1.378s][info][gc,heap        ] GC(43) PSYoungGen: 34805K(58368K)->26752K(59392K) Eden: 15872K(15872K)->0K(15872K) From: 18933K(42496K)->26752K(43520K)
[1.378s][info][gc,heap        ] GC(43) ParOldGen: 190329K(233472K)->198665K(233472K)
[1.378s][info][gc,metaspace   ] GC(43) Metaspace: 6302K(6464K)->6302K(6464K) NonClass: 5768K(5824K)->5768K(5824K) Class: 533K(640K)->533K(640K)
[1.378s][info][gc             ] GC(43) Pause Young (Allocation Failure) 219M->220M(286M) 24.466ms
[1.378s][info][gc,cpu         ] GC(43) User=0.08s Sys=0.00s Real=0.02s
[1.395s][info][gc,start       ] GC(44) Pause Young (Allocation Failure)
[1.416s][info][gc,heap        ] GC(44) PSYoungGen: 42624K(59392K)->42592K(56832K) Eden: 15872K(15872K)->0K(12800K) From: 26752K(43520K)->42592K(44032K)
[1.416s][info][gc,heap        ] GC(44) ParOldGen: 198665K(233472K)->198665K(233472K)
[1.416s][info][gc,metaspace   ] GC(44) Metaspace: 6302K(6464K)->6302K(6464K) NonClass: 5768K(5824K)->5768K(5824K) Class: 533K(640K)->533K(640K)
[1.416s][info][gc             ] GC(44) Pause Young (Allocation Failure) 235M->235M(283M) 21.266ms
[1.416s][info][gc,cpu         ] GC(44) User=0.06s Sys=0.02s Real=0.02s
[1.430s][info][gc,start       ] GC(45) Pause Young (Allocation Failure)
[1.455s][info][gc,heap        ] GC(45) PSYoungGen: 55392K(56832K)->44640K(62464K) Eden: 12800K(12800K)->0K(12800K) From: 42592K(44032K)->44640K(49664K)
[1.455s][info][gc,heap        ] GC(45) ParOldGen: 198665K(233472K)->209577K(233472K)
[1.455s][info][gc,metaspace   ] GC(45) Metaspace: 6302K(6464K)->6302K(6464K) NonClass: 5768K(5824K)->5768K(5824K) Class: 533K(640K)->533K(640K)
[1.455s][info][gc             ] GC(45) Pause Young (Allocation Failure) 248M->248M(289M) 25.337ms
[1.455s][info][gc,cpu         ] GC(45) User=0.08s Sys=0.00s Real=0.02s
[1.470s][info][gc,start       ] GC(46) Pause Young (Allocation Failure)
[1.499s][info][gc,heap        ] GC(46) PSYoungGen: 57440K(62464K)->41568K(67072K) Eden: 12800K(12800K)->0K(11776K) From: 44640K(49664K)->41568K(55296K)
[1.499s][info][gc,heap        ] GC(46) ParOldGen: 209577K(233472K)->225673K(233472K)
[1.499s][info][gc,metaspace   ] GC(46) Metaspace: 6302K(6464K)->6302K(6464K) NonClass: 5768K(5824K)->5768K(5824K) Class: 533K(640K)->533K(640K)
[1.499s][info][gc             ] GC(46) Pause Young (Allocation Failure) 260M->260M(293M) 29.337ms
[1.499s][info][gc,cpu         ] GC(46) User=0.11s Sys=0.00s Real=0.03s
[1.499s][info][gc,start       ] GC(47) Pause Full (Ergonomics)
[1.499s][info][gc,phases,start] GC(47) Marking Phase
[1.562s][info][gc,phases      ] GC(47) Marking Phase 62.630ms
[1.562s][info][gc,phases,start] GC(47) Summary Phase
[1.562s][info][gc,phases      ] GC(47) Summary Phase 0.018ms
[1.562s][info][gc,phases,start] GC(47) Adjust Roots
[1.562s][info][gc,phases      ] GC(47) Adjust Roots 0.154ms
[1.562s][info][gc,phases,start] GC(47) Compaction Phase
[1.598s][info][gc,phases      ] GC(47) Compaction Phase 35.526ms
[1.598s][info][gc,phases,start] GC(47) Post Compact
[1.599s][info][gc,phases      ] GC(47) Post Compact 1.260ms
[1.599s][info][gc,heap        ] GC(47) PSYoungGen: 41568K(67072K)->33204K(67072K) Eden: 0K(11776K)->0K(11776K) From: 41568K(55296K)->33204K(55296K)
[1.599s][info][gc,heap        ] GC(47) ParOldGen: 225673K(233472K)->233280K(277504K)
[1.599s][info][gc,metaspace   ] GC(47) Metaspace: 6302K(6464K)->6302K(6464K) NonClass: 5768K(5824K)->5768K(5824K) Class: 533K(640K)->533K(640K)
[1.599s][info][gc             ] GC(47) Pause Full (Ergonomics) 260M->260M(336M) 100.075ms
[1.599s][info][gc,cpu         ] GC(47) User=0.45s Sys=0.02s Real=0.10s
[1.612s][info][gc,start       ] GC(48) Pause Young (Allocation Failure)
[1.641s][info][gc,heap        ] GC(48) PSYoungGen: 44980K(67072K)->22272K(70144K) Eden: 11776K(11776K)->0K(11776K) From: 33204K(55296K)->22272K(58368K)
[1.641s][info][gc,heap        ] GC(48) ParOldGen: 233280K(277504K)->256488K(277504K)
[1.641s][info][gc,metaspace   ] GC(48) Metaspace: 6302K(6464K)->6302K(6464K) NonClass: 5768K(5824K)->5768K(5824K) Class: 533K(640K)->533K(640K)
[1.641s][info][gc             ] GC(48) Pause Young (Allocation Failure) 271M->272M(339M) 28.225ms
[1.641s][info][gc,cpu         ] GC(48) User=0.14s Sys=0.00s Real=0.03s
[1.641s][info][gc,start       ] GC(49) Pause Full (Ergonomics)
[1.641s][info][gc,phases,start] GC(49) Marking Phase
[1.702s][info][gc,phases      ] GC(49) Marking Phase 61.381ms
[1.702s][info][gc,phases,start] GC(49) Summary Phase
[1.702s][info][gc,phases      ] GC(49) Summary Phase 0.026ms
[1.702s][info][gc,phases,start] GC(49) Adjust Roots
[1.702s][info][gc,phases      ] GC(49) Adjust Roots 0.149ms
[1.702s][info][gc,phases,start] GC(49) Compaction Phase
[1.730s][info][gc,phases      ] GC(49) Compaction Phase 27.799ms
[1.730s][info][gc,phases,start] GC(49) Post Compact
[1.732s][info][gc,phases      ] GC(49) Post Compact 1.243ms
[1.732s][info][gc,heap        ] GC(49) PSYoungGen: 22272K(70144K)->1148K(13312K) Eden: 0K(11776K)->0K(11776K) From: 22272K(58368K)->1148K(1536K)
[1.732s][info][gc,heap        ] GC(49) ParOldGen: 256488K(277504K)->277079K(327680K)
[1.732s][info][gc,metaspace   ] GC(49) Metaspace: 6302K(6464K)->6302K(6464K) NonClass: 5768K(5824K)->5768K(5824K) Class: 533K(640K)->533K(640K)
[1.732s][info][gc             ] GC(49) Pause Full (Ergonomics) 272M->271M(333M) 91.350ms
[1.732s][info][gc,cpu         ] GC(49) User=0.48s Sys=0.03s Real=0.09s
[1.746s][info][gc,start       ] GC(50) Pause Young (Allocation Failure)
[1.769s][info][gc,heap        ] GC(50) PSYoungGen: 12924K(13312K)->12320K(67584K) Eden: 11776K(11776K)->0K(13312K) From: 1148K(1536K)->12320K(54272K)
[1.769s][info][gc,heap        ] GC(50) ParOldGen: 277079K(327680K)->277839K(327680K)
[1.769s][info][gc,metaspace   ] GC(50) Metaspace: 6302K(6464K)->6302K(6464K) NonClass: 5768K(5824K)->5768K(5824K) Class: 533K(640K)->533K(640K)
[1.769s][info][gc             ] GC(50) Pause Young (Allocation Failure) 283M->283M(386M) 22.648ms
[1.769s][info][gc,cpu         ] GC(50) User=0.02s Sys=0.00s Real=0.02s
[1.784s][info][gc,start       ] GC(51) Pause Young (Allocation Failure)
[1.799s][info][gc,heap        ] GC(51) PSYoungGen: 25632K(67584K)->25632K(39424K) Eden: 13312K(13312K)->0K(13312K) From: 12320K(54272K)->25632K(26112K)
[1.799s][info][gc,heap        ] GC(51) ParOldGen: 277839K(327680K)->277839K(327680K)
[1.799s][info][gc,metaspace   ] GC(51) Metaspace: 6302K(6464K)->6302K(6464K) NonClass: 5768K(5824K)->5768K(5824K) Class: 533K(640K)->533K(640K)
[1.799s][info][gc             ] GC(51) Pause Young (Allocation Failure) 296M->296M(358M) 15.530ms
[1.799s][info][gc,cpu         ] GC(51) User=0.03s Sys=0.00s Real=0.02s
[1.815s][info][gc,start       ] GC(52) Pause Young (Allocation Failure)
[1.835s][info][gc,heap        ] GC(52) PSYoungGen: 38944K(39424K)->38944K(65536K) Eden: 13312K(13312K)->0K(12800K) From: 25632K(26112K)->38944K(52736K)
[1.835s][info][gc,heap        ] GC(52) ParOldGen: 277839K(327680K)->277839K(327680K)
[1.836s][info][gc,metaspace   ] GC(52) Metaspace: 6302K(6464K)->6302K(6464K) NonClass: 5768K(5824K)->5768K(5824K) Class: 533K(640K)->533K(640K)
[1.836s][info][gc             ] GC(52) Pause Young (Allocation Failure) 309M->309M(384M) 20.569ms
[1.836s][info][gc,cpu         ] GC(52) User=0.12s Sys=0.00s Real=0.02s
[1.850s][info][gc,start       ] GC(53) Pause Young (Allocation Failure)
[1.874s][info][gc,heap        ] GC(53) PSYoungGen: 51744K(65536K)->51744K(68096K) Eden: 12800K(12800K)->0K(12800K) From: 38944K(52736K)->51744K(55296K)
[1.874s][info][gc,heap        ] GC(53) ParOldGen: 277839K(327680K)->277839K(327680K)
[1.874s][info][gc,metaspace   ] GC(53) Metaspace: 6302K(6464K)->6302K(6464K) NonClass: 5768K(5824K)->5768K(5824K) Class: 533K(640K)->533K(640K)
[1.874s][info][gc             ] GC(53) Pause Young (Allocation Failure) 321M->321M(386M) 23.931ms
[1.874s][info][gc,cpu         ] GC(53) User=0.12s Sys=0.00s Real=0.02s
[1.888s][info][gc,start       ] GC(54) Pause Young (Allocation Failure)
[1.920s][info][gc,heap        ] GC(54) PSYoungGen: 64544K(68096K)->61952K(67072K) Eden: 12800K(12800K)->0K(5120K) From: 51744K(55296K)->61952K(61952K)
[1.920s][info][gc,heap        ] GC(54) ParOldGen: 277839K(327680K)->280415K(327680K)
[1.920s][info][gc,metaspace   ] GC(54) Metaspace: 6302K(6464K)->6302K(6464K) NonClass: 5768K(5824K)->5768K(5824K) Class: 533K(640K)->533K(640K)
[1.920s][info][gc             ] GC(54) Pause Young (Allocation Failure) 334M->334M(385M) 31.310ms
[1.920s][info][gc,cpu         ] GC(54) User=0.12s Sys=0.00s Real=0.03s
[1.925s][info][gc,start       ] GC(55) Pause Young (Allocation Failure)
[1.957s][info][gc,heap        ] GC(55) PSYoungGen: 67072K(67072K)->42848K(76800K) Eden: 5120K(5120K)->0K(5120K) From: 61952K(61952K)->42848K(71680K)
[1.957s][info][gc,heap        ] GC(55) ParOldGen: 280415K(327680K)->304959K(327680K)
[1.957s][info][gc,metaspace   ] GC(55) Metaspace: 6302K(6464K)->6302K(6464K) NonClass: 5768K(5824K)->5768K(5824K) Class: 533K(640K)->533K(640K)
[1.957s][info][gc             ] GC(55) Pause Young (Allocation Failure) 339M->339M(395M) 31.627ms
[1.957s][info][gc,cpu         ] GC(55) User=0.12s Sys=0.00s Real=0.03s
[1.957s][info][gc,start       ] GC(56) Pause Full (Ergonomics)
[1.957s][info][gc,phases,start] GC(56) Marking Phase
[2.033s][info][gc,phases      ] GC(56) Marking Phase 76.063ms
[2.033s][info][gc,phases,start] GC(56) Summary Phase
[2.033s][info][gc,phases      ] GC(56) Summary Phase 0.028ms
[2.033s][info][gc,phases,start] GC(56) Adjust Roots
[2.033s][info][gc,phases      ] GC(56) Adjust Roots 0.164ms
[2.033s][info][gc,phases,start] GC(56) Compaction Phase
[2.071s][info][gc,phases      ] GC(56) Compaction Phase 37.528ms
[2.071s][info][gc,phases,start] GC(56) Post Compact
[2.073s][info][gc,phases      ] GC(56) Post Compact 1.867ms
[2.073s][info][gc,heap        ] GC(56) PSYoungGen: 42848K(76800K)->19673K(76800K) Eden: 0K(5120K)->0K(5120K) From: 42848K(71680K)->19673K(71680K)
[2.073s][info][gc,heap        ] GC(56) ParOldGen: 304959K(327680K)->327481K(381952K)
[2.073s][info][gc,metaspace   ] GC(56) Metaspace: 6302K(6464K)->6302K(6464K) NonClass: 5768K(5824K)->5768K(5824K) Class: 533K(640K)->533K(640K)
[2.073s][info][gc             ] GC(56) Pause Full (Ergonomics) 339M->339M(448M) 116.270ms
[2.073s][info][gc,cpu         ] GC(56) User=0.72s Sys=0.02s Real=0.12s
[2.079s][info][gc,start       ] GC(57) Pause Young (Allocation Failure)
[2.107s][info][gc,heap        ] GC(57) PSYoungGen: 24793K(76800K)->12384K(77824K) Eden: 5120K(5120K)->0K(6144K) From: 19673K(71680K)->12384K(71680K)
[2.107s][info][gc,heap        ] GC(57) ParOldGen: 327481K(381952K)->340273K(381952K)
[2.107s][info][gc,metaspace   ] GC(57) Metaspace: 6302K(6464K)->6302K(6464K) NonClass: 5768K(5824K)->5768K(5824K) Class: 533K(640K)->533K(640K)
[2.107s][info][gc             ] GC(57) Pause Young (Allocation Failure) 344M->344M(449M) 27.318ms
[2.107s][info][gc,cpu         ] GC(57) User=0.11s Sys=0.03s Real=0.03s
[2.182s][info][gc,start       ] GC(58) Pause Young (Allocation Failure)
[2.200s][info][gc,heap        ] GC(58) PSYoungGen: 18528K(77824K)->14080K(77824K) Eden: 6144K(6144K)->0K(6144K) From: 12384K(71680K)->14080K(71680K)
[2.200s][info][gc,heap        ] GC(58) ParOldGen: 356657K(381952K)->361137K(381952K)
[2.200s][info][gc,metaspace   ] GC(58) Metaspace: 6302K(6464K)->6302K(6464K) NonClass: 5768K(5824K)->5768K(5824K) Class: 533K(640K)->533K(640K)
[2.200s][info][gc             ] GC(58) Pause Young (Allocation Failure) 366M->366M(449M) 18.167ms
[2.200s][info][gc,cpu         ] GC(58) User=0.02s Sys=0.02s Real=0.02s
[2.200s][info][gc,start       ] GC(59) Pause Full (Ergonomics)
[2.200s][info][gc,phases,start] GC(59) Marking Phase
[2.283s][info][gc,phases      ] GC(59) Marking Phase 83.304ms
[2.283s][info][gc,phases,start] GC(59) Summary Phase
[2.283s][info][gc,phases      ] GC(59) Summary Phase 0.023ms
[2.283s][info][gc,phases,start] GC(59) Adjust Roots
[2.284s][info][gc,phases      ] GC(59) Adjust Roots 0.161ms
[2.284s][info][gc,phases,start] GC(59) Compaction Phase
[2.352s][info][gc,phases      ] GC(59) Compaction Phase 68.012ms
[2.352s][info][gc,phases,start] GC(59) Post Compact
[2.353s][info][gc,phases      ] GC(59) Post Compact 1.789ms
[2.354s][info][gc,heap        ] GC(59) PSYoungGen: 14080K(77824K)->0K(77824K) Eden: 0K(6144K)->0K(7168K) From: 14080K(71680K)->0K(70656K)
[2.354s][info][gc,heap        ] GC(59) ParOldGen: 361137K(381952K)->366545K(422400K)
[2.354s][info][gc,metaspace   ] GC(59) Metaspace: 6302K(6464K)->6302K(6464K) NonClass: 5768K(5824K)->5768K(5824K) Class: 533K(640K)->533K(640K)
[2.354s][info][gc             ] GC(59) Pause Full (Ergonomics) 366M->357M(488M) 153.764ms
[2.354s][info][gc,cpu         ] GC(59) User=0.91s Sys=0.00s Real=0.16s
[2.362s][info][gc,start       ] GC(60) Pause Young (Allocation Failure)
[2.369s][info][gc,heap        ] GC(60) PSYoungGen: 7168K(77824K)->7232K(77824K) Eden: 7168K(7168K)->0K(7168K) From: 0K(70656K)->7232K(70656K)
[2.369s][info][gc,heap        ] GC(60) ParOldGen: 366545K(422400K)->366545K(422400K)
[2.369s][info][gc,metaspace   ] GC(60) Metaspace: 6302K(6464K)->6302K(6464K) NonClass: 5768K(5824K)->5768K(5824K) Class: 533K(640K)->533K(640K)
[2.369s][info][gc             ] GC(60) Pause Young (Allocation Failure) 364M->365M(488M) 7.288ms
[2.369s][info][gc,cpu         ] GC(60) User=0.02s Sys=0.00s Real=0.01s
[2.376s][info][gc,start       ] GC(61) Pause Young (Allocation Failure)
[2.384s][info][gc,heap        ] GC(61) PSYoungGen: 14400K(77824K)->14400K(74240K) Eden: 7168K(7168K)->0K(8192K) From: 7232K(70656K)->14400K(66048K)
[2.384s][info][gc,heap        ] GC(61) ParOldGen: 366545K(422400K)->366545K(422400K)
[2.384s][info][gc,metaspace   ] GC(61) Metaspace: 6302K(6464K)->6302K(6464K) NonClass: 5768K(5824K)->5768K(5824K) Class: 533K(640K)->533K(640K)
[2.384s][info][gc             ] GC(61) Pause Young (Allocation Failure) 372M->372M(485M) 8.488ms
[2.384s][info][gc,cpu         ] GC(61) User=0.02s Sys=0.00s Real=0.01s
[2.394s][info][gc,start       ] GC(62) Pause Young (Allocation Failure)
[2.406s][info][gc,heap        ] GC(62) PSYoungGen: 22592K(74240K)->22592K(31232K) Eden: 8192K(8192K)->0K(8192K) From: 14400K(66048K)->22592K(23040K)
[2.406s][info][gc,heap        ] GC(62) ParOldGen: 366545K(422400K)->366545K(422400K)
[2.406s][info][gc,metaspace   ] GC(62) Metaspace: 6302K(6464K)->6302K(6464K) NonClass: 5768K(5824K)->5768K(5824K) Class: 533K(640K)->533K(640K)
[2.406s][info][gc             ] GC(62) Pause Young (Allocation Failure) 380M->380M(443M) 12.032ms
[2.406s][info][gc,cpu         ] GC(62) User=0.02s Sys=0.00s Real=0.01s
[2.414s][info][gc,start       ] GC(63) Pause Young (Allocation Failure)
[2.429s][info][gc,heap        ] GC(63) PSYoungGen: 30784K(31232K)->30752K(69632K) Eden: 8192K(8192K)->0K(9216K) From: 22592K(23040K)->30752K(60416K)
[2.429s][info][gc,heap        ] GC(63) ParOldGen: 366545K(422400K)->366545K(422400K)
[2.429s][info][gc,metaspace   ] GC(63) Metaspace: 6302K(6464K)->6302K(6464K) NonClass: 5768K(5824K)->5768K(5824K) Class: 533K(640K)->533K(640K)
[2.429s][info][gc             ] GC(63) Pause Young (Allocation Failure) 388M->387M(480M) 15.212ms
[2.429s][info][gc,cpu         ] GC(63) User=0.02s Sys=0.00s Real=0.01s
[2.439s][info][gc,start       ] GC(64) Pause Young (Allocation Failure)
[2.457s][info][gc,heap        ] GC(64) PSYoungGen: 39968K(69632K)->39968K(71680K) Eden: 9216K(9216K)->0K(9216K) From: 30752K(60416K)->39968K(62464K)
[2.457s][info][gc,heap        ] GC(64) ParOldGen: 366545K(422400K)->366545K(422400K)
[2.457s][info][gc,metaspace   ] GC(64) Metaspace: 6302K(6464K)->6302K(6464K) NonClass: 5768K(5824K)->5768K(5824K) Class: 533K(640K)->533K(640K)
[2.457s][info][gc             ] GC(64) Pause Young (Allocation Failure) 396M->396M(482M) 18.237ms
[2.457s][info][gc,cpu         ] GC(64) User=0.12s Sys=0.00s Real=0.02s
[2.467s][info][gc,start       ] GC(65) Pause Young (Allocation Failure)
[2.489s][info][gc,heap        ] GC(65) PSYoungGen: 49184K(71680K)->49216K(70144K) Eden: 9216K(9216K)->0K(6144K) From: 39968K(62464K)->49216K(64000K)
[2.489s][info][gc,heap        ] GC(65) ParOldGen: 366545K(422400K)->366545K(422400K)
[2.489s][info][gc,metaspace   ] GC(65) Metaspace: 6302K(6464K)->6302K(6464K) NonClass: 5768K(5824K)->5768K(5824K) Class: 533K(640K)->533K(640K)
[2.489s][info][gc             ] GC(65) Pause Young (Allocation Failure) 405M->406M(481M) 21.917ms
[2.489s][info][gc,cpu         ] GC(65) User=0.12s Sys=0.00s Real=0.02s
[2.495s][info][gc,start       ] GC(66) Pause Young (Allocation Failure)
[2.520s][info][gc,heap        ] GC(66) PSYoungGen: 55360K(70144K)->41056K(74752K) Eden: 6144K(6144K)->0K(6144K) From: 49216K(64000K)->41056K(68608K)
[2.520s][info][gc,heap        ] GC(66) ParOldGen: 366545K(422400K)->381049K(422400K)
[2.521s][info][gc,metaspace   ] GC(66) Metaspace: 6302K(6464K)->6302K(6464K) NonClass: 5768K(5824K)->5768K(5824K) Class: 533K(640K)->533K(640K)
[2.521s][info][gc             ] GC(66) Pause Young (Allocation Failure) 412M->412M(485M) 25.168ms
[2.521s][info][gc,cpu         ] GC(66) User=0.12s Sys=0.00s Real=0.03s
[2.527s][info][gc,start       ] GC(67) Pause Young (Allocation Failure)
[2.549s][info][gc,heap        ] GC(67) PSYoungGen: 47200K(74752K)->30816K(68608K) Eden: 6144K(6144K)->0K(7168K) From: 41056K(68608K)->30816K(61440K)
[2.549s][info][gc,heap        ] GC(67) ParOldGen: 381049K(422400K)->397625K(422400K)
[2.549s][info][gc,metaspace   ] GC(67) Metaspace: 6302K(6464K)->6302K(6464K) NonClass: 5768K(5824K)->5768K(5824K) Class: 533K(640K)->533K(640K)
[2.549s][info][gc             ] GC(67) Pause Young (Allocation Failure) 418M->418M(479M) 22.253ms
[2.549s][info][gc,cpu         ] GC(67) User=0.12s Sys=0.00s Real=0.02s
[2.549s][info][gc,start       ] GC(68) Pause Full (Ergonomics)
[2.549s][info][gc,phases,start] GC(68) Marking Phase
[2.635s][info][gc,phases      ] GC(68) Marking Phase 85.459ms
[2.635s][info][gc,phases,start] GC(68) Summary Phase
[2.635s][info][gc,phases      ] GC(68) Summary Phase 0.028ms
[2.635s][info][gc,phases,start] GC(68) Adjust Roots
[2.635s][info][gc,phases      ] GC(68) Adjust Roots 0.157ms
[2.635s][info][gc,phases,start] GC(68) Compaction Phase
[2.680s][info][gc,phases      ] GC(68) Compaction Phase 45.596ms
[2.681s][info][gc,phases,start] GC(68) Post Compact
[2.683s][info][gc,phases      ] GC(68) Post Compact 2.032ms
[2.683s][info][gc,heap        ] GC(68) PSYoungGen: 30816K(68608K)->5552K(69632K) Eden: 0K(7168K)->0K(8192K) From: 30816K(61440K)->5552K(61440K)
[2.683s][info][gc,heap        ] GC(68) ParOldGen: 397625K(422400K)->422172K(480768K)
[2.683s][info][gc,metaspace   ] GC(68) Metaspace: 6302K(6464K)->6302K(6464K) NonClass: 5768K(5824K)->5768K(5824K) Class: 533K(640K)->533K(640K)
[2.683s][info][gc             ] GC(68) Pause Full (Ergonomics) 418M->417M(537M) 133.817ms
[2.683s][info][gc,cpu         ] GC(68) User=0.89s Sys=0.00s Real=0.13s
[2.693s][info][gc,start       ] GC(69) Pause Young (Allocation Failure)
[2.716s][info][gc,heap        ] GC(69) PSYoungGen: 13744K(69632K)->10048K(73216K) Eden: 8192K(8192K)->0K(8192K) From: 5552K(61440K)->10048K(65024K)
[2.716s][info][gc,heap        ] GC(69) ParOldGen: 422172K(480768K)->426084K(480768K)
[2.716s][info][gc,metaspace   ] GC(69) Metaspace: 6302K(6464K)->6302K(6464K) NonClass: 5768K(5824K)->5768K(5824K) Class: 533K(640K)->533K(640K)
[2.716s][info][gc             ] GC(69) Pause Young (Allocation Failure) 425M->425M(541M) 23.586ms
[2.716s][info][gc,cpu         ] GC(69) User=0.14s Sys=0.00s Real=0.02s
[2.724s][info][gc,start       ] GC(70) Pause Young (Allocation Failure)
[2.734s][info][gc,heap        ] GC(70) PSYoungGen: 18240K(73216K)->16480K(71680K) Eden: 8192K(8192K)->0K(9728K) From: 10048K(65024K)->16480K(61952K)
[2.734s][info][gc,heap        ] GC(70) ParOldGen: 426084K(480768K)->427836K(480768K)
[2.734s][info][gc,metaspace   ] GC(70) Metaspace: 6302K(6464K)->6302K(6464K) NonClass: 5768K(5824K)->5768K(5824K) Class: 533K(640K)->533K(640K)
[2.734s][info][gc             ] GC(70) Pause Young (Allocation Failure) 433M->433M(539M) 10.082ms
[2.734s][info][gc,cpu         ] GC(70) User=0.02s Sys=0.00s Real=0.01s
[2.745s][info][gc,start       ] GC(71) Pause Young (Allocation Failure)
[2.760s][info][gc,heap        ] GC(71) PSYoungGen: 26208K(71680K)->9856K(73216K) Eden: 9728K(9728K)->0K(9728K) From: 16480K(61952K)->9856K(63488K)
[2.760s][info][gc,heap        ] GC(71) ParOldGen: 427836K(480768K)->444412K(480768K)
[2.760s][info][gc,metaspace   ] GC(71) Metaspace: 6302K(6464K)->6302K(6464K) NonClass: 5768K(5824K)->5768K(5824K) Class: 533K(640K)->533K(640K)
[2.760s][info][gc             ] GC(71) Pause Young (Allocation Failure) 443M->443M(541M) 15.071ms
[2.760s][info][gc,cpu         ] GC(71) User=0.00s Sys=0.02s Real=0.02s
[2.770s][info][gc,start       ] GC(72) Pause Young (Allocation Failure)
[2.783s][info][gc,heap        ] GC(72) PSYoungGen: 19584K(73216K)->9856K(72192K) Eden: 9728K(9728K)->0K(11264K) From: 9856K(63488K)->9856K(60928K)
[2.783s][info][gc,heap        ] GC(72) ParOldGen: 444412K(480768K)->454276K(480768K)
[2.783s][info][gc,metaspace   ] GC(72) Metaspace: 6302K(6464K)->6302K(6464K) NonClass: 5768K(5824K)->5768K(5824K) Class: 533K(640K)->533K(640K)
[2.783s][info][gc             ] GC(72) Pause Young (Allocation Failure) 453M->453M(540M) 12.474ms
[2.783s][info][gc,cpu         ] GC(72) User=0.02s Sys=0.00s Real=0.01s
[2.794s][info][gc,start       ] GC(73) Pause Young (Allocation Failure)
[2.807s][info][gc,heap        ] GC(73) PSYoungGen: 21120K(72192K)->11392K(73216K) Eden: 11264K(11264K)->0K(11264K) From: 9856K(60928K)->11392K(61952K)
[2.807s][info][gc,heap        ] GC(73) ParOldGen: 454276K(480768K)->464140K(480768K)
[2.807s][info][gc,metaspace   ] GC(73) Metaspace: 6302K(6464K)->6302K(6464K) NonClass: 5768K(5824K)->5768K(5824K) Class: 533K(640K)->533K(640K)
[2.808s][info][gc             ] GC(73) Pause Young (Allocation Failure) 464M->464M(541M) 13.014ms
[2.808s][info][gc,cpu         ] GC(73) User=0.00s Sys=0.00s Real=0.01s
[2.808s][info][gc,start       ] GC(74) Pause Full (Ergonomics)
[2.808s][info][gc,phases,start] GC(74) Marking Phase
[2.910s][info][gc,phases      ] GC(74) Marking Phase 102.069ms
[2.910s][info][gc,phases,start] GC(74) Summary Phase
[2.910s][info][gc,phases      ] GC(74) Summary Phase 0.030ms
[2.910s][info][gc,phases,start] GC(74) Adjust Roots
[2.910s][info][gc,phases      ] GC(74) Adjust Roots 0.146ms
[2.910s][info][gc,phases,start] GC(74) Compaction Phase
[2.957s][info][gc,phases      ] GC(74) Compaction Phase 46.670ms
[2.957s][info][gc,phases,start] GC(74) Post Compact
[2.959s][info][gc,phases      ] GC(74) Post Compact 2.255ms
[2.959s][info][gc,heap        ] GC(74) PSYoungGen: 11392K(73216K)->0K(73216K) Eden: 0K(11264K)->0K(12800K) From: 11392K(61952K)->0K(60416K)
[2.959s][info][gc,heap        ] GC(74) ParOldGen: 464140K(480768K)->474675K(534016K)
[2.959s][info][gc,metaspace   ] GC(74) Metaspace: 6302K(6464K)->6302K(6464K) NonClass: 5768K(5824K)->5768K(5824K) Class: 533K(640K)->533K(640K)
[2.959s][info][gc             ] GC(74) Pause Full (Ergonomics) 464M->463M(593M) 151.685ms
[2.959s][info][gc,cpu         ] GC(74) User=1.00s Sys=0.00s Real=0.15s
[2.977s][info][gc,start       ] GC(75) Pause Young (Allocation Failure)
[2.986s][info][gc,heap        ] GC(75) PSYoungGen: 12800K(73216K)->12896K(26112K) Eden: 12800K(12800K)->0K(12800K) From: 0K(60416K)->12896K(13312K)
[2.986s][info][gc,heap        ] GC(75) ParOldGen: 474675K(534016K)->474675K(534016K)
[2.986s][info][gc,metaspace   ] GC(75) Metaspace: 6302K(6464K)->6302K(6464K) NonClass: 5768K(5824K)->5768K(5824K) Class: 533K(640K)->533K(640K)
[2.986s][info][gc             ] GC(75) Pause Young (Allocation Failure) 476M->476M(547M) 9.097ms
[2.986s][info][gc,cpu         ] GC(75) User=0.00s Sys=0.00s Real=0.01s
[3.000s][info][gc,start       ] GC(76) Pause Young (Allocation Failure)
[3.014s][info][gc,heap        ] GC(76) PSYoungGen: 25696K(26112K)->25696K(68608K) Eden: 12800K(12800K)->0K(14336K) From: 12896K(13312K)->25696K(54272K)
[3.014s][info][gc,heap        ] GC(76) ParOldGen: 474675K(534016K)->474675K(534016K)
[3.014s][info][gc,metaspace   ] GC(76) Metaspace: 6302K(6464K)->6302K(6464K) NonClass: 5768K(5824K)->5768K(5824K) Class: 533K(640K)->533K(640K)
[3.014s][info][gc             ] GC(76) Pause Young (Allocation Failure) 488M->488M(588M) 14.094ms
[3.014s][info][gc,cpu         ] GC(76) User=0.02s Sys=0.00s Real=0.01s
[3.030s][info][gc,start       ] GC(77) Pause Young (Allocation Failure)
[3.050s][info][gc,heap        ] GC(77) PSYoungGen: 40032K(68608K)->40096K(70656K) Eden: 14336K(14336K)->0K(14336K) From: 25696K(54272K)->40096K(56320K)
[3.050s][info][gc,heap        ] GC(77) ParOldGen: 474675K(534016K)->474675K(534016K)
[3.050s][info][gc,metaspace   ] GC(77) Metaspace: 6302K(6464K)->6302K(6464K) NonClass: 5768K(5824K)->5768K(5824K) Class: 533K(640K)->533K(640K)
[3.050s][info][gc             ] GC(77) Pause Young (Allocation Failure) 502M->502M(590M) 19.954ms
[3.050s][info][gc,cpu         ] GC(77) User=0.11s Sys=0.00s Real=0.02s
[3.066s][info][gc,start       ] GC(78) Pause Young (Allocation Failure)
[3.092s][info][gc,heap        ] GC(78) PSYoungGen: 54432K(70656K)->41600K(72192K) Eden: 14336K(14336K)->0K(12800K) From: 40096K(56320K)->41600K(59392K)
[3.092s][info][gc,heap        ] GC(78) ParOldGen: 474675K(534016K)->487659K(534016K)
[3.092s][info][gc,metaspace   ] GC(78) Metaspace: 6302K(6464K)->6302K(6464K) NonClass: 5768K(5824K)->5768K(5824K) Class: 533K(640K)->533K(640K)
[3.092s][info][gc             ] GC(78) Pause Young (Allocation Failure) 516M->516M(592M) 25.962ms
[3.092s][info][gc,cpu         ] GC(78) User=0.12s Sys=0.02s Real=0.03s
[3.106s][info][gc,start       ] GC(79) Pause Young (Allocation Failure)
[3.131s][info][gc,heap        ] GC(79) PSYoungGen: 54400K(72192K)->41600K(75264K) Eden: 12800K(12800K)->0K(12800K) From: 41600K(59392K)->41600K(62464K)
[3.131s][info][gc,heap        ] GC(79) ParOldGen: 487659K(534016K)->500627K(534016K)
[3.131s][info][gc,metaspace   ] GC(79) Metaspace: 6302K(6464K)->6302K(6464K) NonClass: 5768K(5824K)->5768K(5824K) Class: 533K(640K)->533K(640K)
[3.132s][info][gc             ] GC(79) Pause Young (Allocation Failure) 529M->529M(595M) 25.861ms
[3.132s][info][gc,cpu         ] GC(79) User=0.12s Sys=0.02s Real=0.03s
[3.146s][info][gc,start       ] GC(80) Pause Young (Allocation Failure)
[3.174s][info][gc,heap        ] GC(80) PSYoungGen: 54400K(75264K)->25696K(72704K) Eden: 12800K(12800K)->0K(14336K) From: 41600K(62464K)->25696K(58368K)
[3.174s][info][gc,heap        ] GC(80) ParOldGen: 500627K(534016K)->529659K(534016K)
[3.174s][info][gc,metaspace   ] GC(80) Metaspace: 6302K(6464K)->6302K(6464K) NonClass: 5768K(5824K)->5768K(5824K) Class: 533K(640K)->533K(640K)
[3.174s][info][gc             ] GC(80) Pause Young (Allocation Failure) 542M->542M(592M) 28.241ms
[3.174s][info][gc,cpu         ] GC(80) User=0.09s Sys=0.02s Real=0.03s
[3.174s][info][gc,start       ] GC(81) Pause Full (Ergonomics)
[3.174s][info][gc,phases,start] GC(81) Marking Phase
[3.298s][info][gc,phases      ] GC(81) Marking Phase 123.849ms
[3.298s][info][gc,phases,start] GC(81) Summary Phase
[3.298s][info][gc,phases      ] GC(81) Summary Phase 0.021ms
[3.298s][info][gc,phases,start] GC(81) Adjust Roots
[3.298s][info][gc,phases      ] GC(81) Adjust Roots 0.157ms
[3.298s][info][gc,phases,start] GC(81) Compaction Phase
[3.351s][info][gc,phases      ] GC(81) Compaction Phase 52.863ms
[3.351s][info][gc,phases,start] GC(81) Post Compact
[3.352s][info][gc,phases      ] GC(81) Post Compact 0.874ms
[3.352s][info][gc,heap        ] GC(81) PSYoungGen: 25696K(72704K)->20421K(74752K) Eden: 0K(14336K)->0K(16384K) From: 25696K(58368K)->20421K(58368K)
[3.352s][info][gc,heap        ] GC(81) ParOldGen: 529659K(534016K)->533928K(603136K)
[3.352s][info][gc,metaspace   ] GC(81) Metaspace: 6302K(6464K)->6302K(6464K) NonClass: 5768K(5824K)->5768K(5824K) Class: 533K(640K)->533K(640K)
[3.352s][info][gc             ] GC(81) Pause Full (Ergonomics) 542M->541M(662M) 178.257ms
[3.352s][info][gc,cpu         ] GC(81) User=1.12s Sys=0.00s Real=0.18s
[3.370s][info][gc,start       ] GC(82) Pause Young (Allocation Failure)
[3.409s][info][gc,heap        ] GC(82) PSYoungGen: 36805K(74752K)->16480K(77824K) Eden: 16384K(16384K)->0K(16384K) From: 20421K(58368K)->16480K(61440K)
[3.409s][info][gc,heap        ] GC(82) ParOldGen: 533928K(603136K)->554672K(603136K)
[3.409s][info][gc,metaspace   ] GC(82) Metaspace: 6302K(6464K)->6302K(6464K) NonClass: 5768K(5824K)->5768K(5824K) Class: 533K(640K)->533K(640K)
[3.409s][info][gc             ] GC(82) Pause Young (Allocation Failure) 557M->557M(665M) 39.046ms
[3.409s][info][gc,cpu         ] GC(82) User=0.25s Sys=0.00s Real=0.04s
[3.428s][info][gc,start       ] GC(83) Pause Young (Allocation Failure)
[3.447s][info][gc,heap        ] GC(83) PSYoungGen: 32864K(77824K)->16512K(74240K) Eden: 16384K(16384K)->0K(18432K) From: 16480K(61440K)->16512K(55808K)
[3.447s][info][gc,heap        ] GC(83) ParOldGen: 554672K(603136K)->571280K(603136K)
[3.447s][info][gc,metaspace   ] GC(83) Metaspace: 6302K(6464K)->6302K(6464K) NonClass: 5768K(5824K)->5768K(5824K) Class: 533K(640K)->533K(640K)
[3.447s][info][gc             ] GC(83) Pause Young (Allocation Failure) 573M->574M(661M) 18.782ms
[3.447s][info][gc,cpu         ] GC(83) User=0.12s Sys=0.00s Real=0.02s
[3.447s][info][gc,start       ] GC(84) Pause Full (Ergonomics)
[3.447s][info][gc,phases,start] GC(84) Marking Phase
[3.570s][info][gc,phases      ] GC(84) Marking Phase 122.722ms
[3.570s][info][gc,phases,start] GC(84) Summary Phase
[3.570s][info][gc,phases      ] GC(84) Summary Phase 0.035ms
[3.570s][info][gc,phases,start] GC(84) Adjust Roots
[3.570s][info][gc,phases      ] GC(84) Adjust Roots 0.168ms
[3.570s][info][gc,phases,start] GC(84) Compaction Phase
[3.619s][info][gc,phases      ] GC(84) Compaction Phase 48.672ms
[3.619s][info][gc,phases,start] GC(84) Post Compact
[3.620s][info][gc,phases      ] GC(84) Post Compact 0.879ms
[3.620s][info][gc,heap        ] GC(84) PSYoungGen: 16512K(74240K)->0K(76288K) Eden: 0K(18432K)->0K(18432K) From: 16512K(55808K)->0K(57856K)
[3.620s][info][gc,heap        ] GC(84) ParOldGen: 571280K(603136K)->587051K(662528K)
[3.620s][info][gc,metaspace   ] GC(84) Metaspace: 6302K(6464K)->6302K(6464K) NonClass: 5768K(5824K)->5768K(5824K) Class: 533K(640K)->533K(640K)
[3.620s][info][gc             ] GC(84) Pause Full (Ergonomics) 574M->573M(721M) 172.933ms
[3.620s][info][gc,cpu         ] GC(84) User=1.09s Sys=0.02s Real=0.17s
[3.641s][info][gc,start       ] GC(85) Pause Young (Allocation Failure)
[3.652s][info][gc,heap        ] GC(85) PSYoungGen: 18432K(76288K)->18528K(74240K) Eden: 18432K(18432K)->0K(20480K) From: 0K(57856K)->18528K(53760K)
[3.652s][info][gc,heap        ] GC(85) ParOldGen: 587051K(662528K)->587051K(662528K)
[3.652s][info][gc,metaspace   ] GC(85) Metaspace: 6302K(6464K)->6302K(6464K) NonClass: 5768K(5824K)->5768K(5824K) Class: 533K(640K)->533K(640K)
[3.652s][info][gc             ] GC(85) Pause Young (Allocation Failure) 591M->591M(719M) 11.323ms
[3.652s][info][gc,cpu         ] GC(85) User=0.02s Sys=0.00s Real=0.01s
[3.676s][info][gc,start       ] GC(86) Pause Young (Allocation Failure)
[3.698s][info][gc,heap        ] GC(86) PSYoungGen: 39008K(74240K)->39072K(76288K) Eden: 20480K(20480K)->0K(20480K) From: 18528K(53760K)->39072K(55808K)
[3.698s][info][gc,heap        ] GC(86) ParOldGen: 587051K(662528K)->587051K(662528K)
[3.698s][info][gc,metaspace   ] GC(86) Metaspace: 6302K(6464K)->6302K(6464K) NonClass: 5768K(5824K)->5768K(5824K) Class: 533K(640K)->533K(640K)
[3.698s][info][gc             ] GC(86) Pause Young (Allocation Failure) 611M->611M(721M) 21.646ms
[3.698s][info][gc,cpu         ] GC(86) User=0.14s Sys=0.00s Real=0.02s
[3.723s][info][gc,start       ] GC(87) Pause Young (Allocation Failure)
[3.754s][info][gc,heap        ] GC(87) PSYoungGen: 59552K(76288K)->58368K(71680K) Eden: 20480K(20480K)->0K(13312K) From: 39072K(55808K)->58368K(58368K)
[3.754s][info][gc,heap        ] GC(87) ParOldGen: 587051K(662528K)->588251K(662528K)
[3.754s][info][gc,metaspace   ] GC(87) Metaspace: 6302K(6464K)->6302K(6464K) NonClass: 5768K(5824K)->5768K(5824K) Class: 533K(640K)->533K(640K)
[3.754s][info][gc             ] GC(87) Pause Young (Allocation Failure) 631M->631M(717M) 30.625ms
[3.754s][info][gc,cpu         ] GC(87) User=0.12s Sys=0.00s Real=0.03s
[3.769s][info][gc,start       ] GC(88) Pause Young (Allocation Failure)
[3.806s][info][gc,heap        ] GC(88) PSYoungGen: 71680K(71680K)->33440K(47104K) Eden: 13312K(13312K)->0K(13312K) From: 58368K(58368K)->33440K(33792K)
[3.806s][info][gc,heap        ] GC(88) ParOldGen: 588251K(662528K)->626955K(662528K)
[3.806s][info][gc,metaspace   ] GC(88) Metaspace: 6302K(6464K)->6302K(6464K) NonClass: 5768K(5824K)->5768K(5824K) Class: 533K(640K)->533K(640K)
[3.806s][info][gc             ] GC(88) Pause Young (Allocation Failure) 644M->644M(693M) 37.260ms
[3.806s][info][gc,cpu         ] GC(88) User=0.27s Sys=0.00s Real=0.04s
[3.806s][info][gc,start       ] GC(89) Pause Full (Ergonomics)
[3.806s][info][gc,phases,start] GC(89) Marking Phase
[3.951s][info][gc,phases      ] GC(89) Marking Phase 144.054ms
[3.951s][info][gc,phases,start] GC(89) Summary Phase
[3.951s][info][gc,phases      ] GC(89) Summary Phase 0.041ms
[3.951s][info][gc,phases,start] GC(89) Adjust Roots
[3.951s][info][gc,phases      ] GC(89) Adjust Roots 0.151ms
[3.951s][info][gc,phases,start] GC(89) Compaction Phase
[4.005s][info][gc,phases      ] GC(89) Compaction Phase 53.775ms
[4.005s][info][gc,phases,start] GC(89) Post Compact
[4.006s][info][gc,phases      ] GC(89) Post Compact 1.019ms
[4.006s][info][gc,heap        ] GC(89) PSYoungGen: 33440K(47104K)->0K(79872K) Eden: 0K(13312K)->0K(14848K) From: 33440K(33792K)->0K(65024K)
[4.006s][info][gc,heap        ] GC(89) ParOldGen: 626955K(662528K)->659626K(745472K)
[4.006s][info][gc,metaspace   ] GC(89) Metaspace: 6302K(6464K)->6302K(6464K) NonClass: 5768K(5824K)->5768K(5824K) Class: 533K(640K)->533K(640K)
[4.006s][info][gc             ] GC(89) Pause Full (Ergonomics) 644M->644M(806M) 199.603ms
[4.006s][info][gc,cpu         ] GC(89) User=1.28s Sys=0.03s Real=0.20s
[4.024s][info][gc,start       ] GC(90) Pause Young (Allocation Failure)
[4.034s][info][gc,heap        ] GC(90) PSYoungGen: 14848K(79872K)->14976K(79872K) Eden: 14848K(14848K)->0K(14848K) From: 0K(65024K)->14976K(65024K)
[4.034s][info][gc,heap        ] GC(90) ParOldGen: 659626K(745472K)->659626K(745472K)
[4.034s][info][gc,metaspace   ] GC(90) Metaspace: 6302K(6464K)->6302K(6464K) NonClass: 5768K(5824K)->5768K(5824K) Class: 533K(640K)->533K(640K)
[4.034s][info][gc             ] GC(90) Pause Young (Allocation Failure) 658M->658M(806M) 10.454ms
[4.034s][info][gc,cpu         ] GC(90) User=0.00s Sys=0.00s Real=0.01s
[4.053s][info][gc,start       ] GC(91) Pause Young (Allocation Failure)
[4.071s][info][gc,heap        ] GC(91) PSYoungGen: 29824K(79872K)->29760K(74240K) Eden: 14848K(14848K)->0K(16384K) From: 14976K(65024K)->29760K(57856K)
[4.071s][info][gc,heap        ] GC(91) ParOldGen: 659626K(745472K)->659626K(745472K)
[4.071s][info][gc,metaspace   ] GC(91) Metaspace: 6302K(6464K)->6302K(6464K) NonClass: 5768K(5824K)->5768K(5824K) Class: 533K(640K)->533K(640K)
[4.071s][info][gc             ] GC(91) Pause Young (Allocation Failure) 673M->673M(800M) 17.160ms
[4.071s][info][gc,cpu         ] GC(91) User=0.02s Sys=0.00s Real=0.02s
[4.210s][info][gc,start       ] GC(92) Pause Young (Allocation Failure)
[4.247s][info][gc,heap        ] GC(92) PSYoungGen: 46144K(74240K)->46240K(77312K) Eden: 16384K(16384K)->0K(16384K) From: 29760K(57856K)->46240K(60928K)
[4.247s][info][gc,heap        ] GC(92) ParOldGen: 692394K(745472K)->692394K(745472K)
[4.247s][info][gc,metaspace   ] GC(92) Metaspace: 6302K(6464K)->6302K(6464K) NonClass: 5768K(5824K)->5768K(5824K) Class: 533K(640K)->533K(640K)
[4.247s][info][gc             ] GC(92) Pause Young (Allocation Failure) 721M->721M(803M) 36.413ms
[4.247s][info][gc,cpu         ] GC(92) User=0.22s Sys=0.00s Real=0.04s
[4.263s][info][gc,start       ] GC(93) Pause Young (Allocation Failure)
[4.294s][info][gc,heap        ] GC(93) PSYoungGen: 62624K(77312K)->62624K(73728K) Eden: 16384K(16384K)->0K(9216K) From: 46240K(60928K)->62624K(64512K)
[4.294s][info][gc,heap        ] GC(93) ParOldGen: 692394K(745472K)->692394K(745472K)
[4.294s][info][gc,metaspace   ] GC(93) Metaspace: 6302K(6464K)->6302K(6464K) NonClass: 5768K(5824K)->5768K(5824K) Class: 533K(640K)->533K(640K)
[4.294s][info][gc             ] GC(93) Pause Young (Allocation Failure) 737M->737M(800M) 31.191ms
[4.294s][info][gc,cpu         ] GC(93) User=0.08s Sys=0.00s Real=0.03s
[4.304s][info][gc,start       ] GC(94) Pause Young (Allocation Failure)
[4.335s][info][gc,heap        ] GC(94) PSYoungGen: 71840K(73728K)->71776K(82432K) Eden: 9216K(9216K)->0K(9216K) From: 62624K(64512K)->71776K(73216K)
[4.335s][info][gc,heap        ] GC(94) ParOldGen: 692394K(745472K)->692394K(745472K)
[4.335s][info][gc,metaspace   ] GC(94) Metaspace: 6302K(6464K)->6302K(6464K) NonClass: 5768K(5824K)->5768K(5824K) Class: 533K(640K)->533K(640K)
[4.335s][info][gc             ] GC(94) Pause Young (Allocation Failure) 746M->746M(808M) 31.399ms
[4.335s][info][gc,cpu         ] GC(94) User=0.14s Sys=0.00s Real=0.03s
[4.345s][info][gc,start       ] GC(95) Pause Young (Allocation Failure)
[4.381s][info][gc,heap        ] GC(95) PSYoungGen: 80992K(82432K)->80992K(83968K) Eden: 9216K(9216K)->0K(512K) From: 71776K(73216K)->80992K(83456K)
[4.381s][info][gc,heap        ] GC(95) ParOldGen: 692394K(745472K)->692394K(745472K)
[4.381s][info][gc,metaspace   ] GC(95) Metaspace: 6302K(6464K)->6302K(6464K) NonClass: 5768K(5824K)->5768K(5824K) Class: 533K(640K)->533K(640K)
[4.381s][info][gc             ] GC(95) Pause Young (Allocation Failure) 755M->755M(810M) 35.778ms
[4.381s][info][gc,cpu         ] GC(95) User=0.23s Sys=0.02s Real=0.04s
[4.382s][info][gc,start       ] GC(96) Pause Young (Allocation Failure)
[4.418s][info][gc,heap        ] GC(96) PSYoungGen: 81504K(83968K)->51808K(94208K) Eden: 512K(512K)->0K(512K) From: 80992K(83456K)->51808K(93696K)
[4.418s][info][gc,heap        ] GC(96) ParOldGen: 692394K(745472K)->722458K(745472K)
[4.418s][info][gc,metaspace   ] GC(96) Metaspace: 6302K(6464K)->6302K(6464K) NonClass: 5768K(5824K)->5768K(5824K) Class: 533K(640K)->533K(640K)
[4.418s][info][gc             ] GC(96) Pause Young (Allocation Failure) 755M->756M(820M) 36.165ms
[4.418s][info][gc,cpu         ] GC(96) User=0.22s Sys=0.02s Real=0.04s
[4.418s][info][gc,start       ] GC(97) Pause Full (Ergonomics)
[4.418s][info][gc,phases,start] GC(97) Marking Phase
[4.585s][info][gc,phases      ] GC(97) Marking Phase 167.236ms
[4.585s][info][gc,phases,start] GC(97) Summary Phase
[4.585s][info][gc,phases      ] GC(97) Summary Phase 0.026ms
[4.585s][info][gc,phases,start] GC(97) Adjust Roots
[4.585s][info][gc,phases      ] GC(97) Adjust Roots 0.169ms
[4.585s][info][gc,phases,start] GC(97) Compaction Phase
[4.709s][info][gc,phases      ] GC(97) Compaction Phase 123.279ms
[4.709s][info][gc,phases,start] GC(97) Post Compact
[4.710s][info][gc,phases      ] GC(97) Post Compact 1.556ms
[4.711s][info][gc,heap        ] GC(97) PSYoungGen: 51808K(94208K)->12217K(94208K) Eden: 0K(512K)->0K(512K) From: 51808K(93696K)->12217K(93696K)
[4.711s][info][gc,heap        ] GC(97) ParOldGen: 722458K(745472K)->744988K(836608K)
[4.711s][info][gc,metaspace   ] GC(97) Metaspace: 6302K(6464K)->6302K(6464K) NonClass: 5768K(5824K)->5768K(5824K) Class: 533K(640K)->533K(640K)
[4.711s][info][gc             ] GC(97) Pause Full (Ergonomics) 756M->739M(909M) 292.895ms
[4.711s][info][gc,cpu         ] GC(97) User=1.88s Sys=0.02s Real=0.29s
[4.712s][info][gc,start       ] GC(98) Pause Young (Allocation Failure)
[4.749s][info][gc,heap        ] GC(98) PSYoungGen: 12729K(94208K)->6496K(93696K) Eden: 512K(512K)->0K(512K) From: 12217K(93696K)->6496K(93184K)
[4.749s][info][gc,heap        ] GC(98) ParOldGen: 744988K(836608K)->751444K(836608K)
[4.749s][info][gc,metaspace   ] GC(98) Metaspace: 6302K(6464K)->6302K(6464K) NonClass: 5768K(5824K)->5768K(5824K) Class: 533K(640K)->533K(640K)
[4.749s][info][gc             ] GC(98) Pause Young (Allocation Failure) 739M->740M(908M) 37.772ms
[4.749s][info][gc,cpu         ] GC(98) User=0.16s Sys=0.00s Real=0.04s
[4.750s][info][gc,start       ] GC(99) Pause Young (Allocation Failure)
[4.761s][info][gc,heap        ] GC(99) PSYoungGen: 7008K(93696K)->2336K(94208K) Eden: 512K(512K)->0K(512K) From: 6496K(93184K)->2336K(93696K)
[4.762s][info][gc,heap        ] GC(99) ParOldGen: 751444K(836608K)->756236K(836608K)
[4.762s][info][gc,metaspace   ] GC(99) Metaspace: 6302K(6464K)->6302K(6464K) NonClass: 5768K(5824K)->5768K(5824K) Class: 533K(640K)->533K(640K)
[4.762s][info][gc             ] GC(99) Pause Young (Allocation Failure) 740M->740M(909M) 11.573ms
[4.762s][info][gc,cpu         ] GC(99) User=0.00s Sys=0.00s Real=0.01s
[4.762s][info][gc,start       ] GC(100) Pause Young (Allocation Failure)
[4.773s][info][gc,heap        ] GC(100) PSYoungGen: 2848K(94208K)->1568K(96256K) Eden: 512K(512K)->0K(1024K) From: 2336K(93696K)->1568K(95232K)
[4.773s][info][gc,heap        ] GC(100) ParOldGen: 756236K(836608K)->757492K(836608K)
[4.773s][info][gc,metaspace   ] GC(100) Metaspace: 6302K(6464K)->6302K(6464K) NonClass: 5768K(5824K)->5768K(5824K) Class: 533K(640K)->533K(640K)
[4.773s][info][gc             ] GC(100) Pause Young (Allocation Failure) 741M->741M(911M) 10.588ms
[4.773s][info][gc,cpu         ] GC(100) User=0.00s Sys=0.00s Real=0.01s
[4.774s][info][gc,start       ] GC(101) Pause Young (Allocation Failure)
[4.783s][info][gc,heap        ] GC(101) PSYoungGen: 2592K(96256K)->1600K(3072K) Eden: 1024K(1024K)->0K(1024K) From: 1568K(95232K)->1600K(2048K)
[4.783s][info][gc,heap        ] GC(101) ParOldGen: 757492K(836608K)->758500K(836608K)
[4.783s][info][gc,metaspace   ] GC(101) Metaspace: 6302K(6464K)->6302K(6464K) NonClass: 5768K(5824K)->5768K(5824K) Class: 533K(640K)->533K(640K)
[4.783s][info][gc             ] GC(101) Pause Young (Allocation Failure) 742M->742M(820M) 8.768ms
[4.783s][info][gc,cpu         ] GC(101) User=0.00s Sys=0.00s Real=0.01s
[4.784s][info][gc,start       ] GC(102) Pause Young (Allocation Failure)
[4.796s][info][gc,heap        ] GC(102) PSYoungGen: 2623K(3072K)->1088K(92160K) Eden: 1023K(1024K)->0K(1536K) From: 1600K(2048K)->1088K(90624K)
[4.796s][info][gc,heap        ] GC(102) ParOldGen: 758500K(836608K)->760028K(836608K)
[4.796s][info][gc,metaspace   ] GC(102) Metaspace: 6302K(6464K)->6302K(6464K) NonClass: 5768K(5824K)->5768K(5824K) Class: 533K(640K)->533K(640K)
[4.796s][info][gc             ] GC(102) Pause Young (Allocation Failure) 743M->743M(907M) 12.060ms
[4.796s][info][gc,cpu         ] GC(102) User=0.03s Sys=0.00s Real=0.01s
[4.798s][info][gc,start       ] GC(103) Pause Young (Allocation Failure)
[4.809s][info][gc,heap        ] GC(103) PSYoungGen: 2624K(92160K)->1664K(3584K) Eden: 1536K(1536K)->0K(1536K) From: 1088K(90624K)->1664K(2048K)
[4.809s][info][gc,heap        ] GC(103) ParOldGen: 760028K(836608K)->761068K(836608K)
[4.809s][info][gc,metaspace   ] GC(103) Metaspace: 6302K(6464K)->6302K(6464K) NonClass: 5768K(5824K)->5768K(5824K) Class: 533K(640K)->533K(640K)
[4.809s][info][gc             ] GC(103) Pause Young (Allocation Failure) 744M->744M(820M) 11.336ms
[4.809s][info][gc,cpu         ] GC(103) User=0.03s Sys=0.00s Real=0.01s
[4.811s][info][gc,start       ] GC(104) Pause Young (Allocation Failure)
[4.820s][info][gc,heap        ] GC(104) PSYoungGen: 3200K(3584K)->1696K(86528K) Eden: 1536K(1536K)->0K(2048K) From: 1664K(2048K)->1696K(84480K)
[4.820s][info][gc,heap        ] GC(104) ParOldGen: 761068K(836608K)->762628K(836608K)
[4.820s][info][gc,metaspace   ] GC(104) Metaspace: 6302K(6464K)->6302K(6464K) NonClass: 5768K(5824K)->5768K(5824K) Class: 533K(640K)->533K(640K)
[4.820s][info][gc             ] GC(104) Pause Young (Allocation Failure) 746M->746M(901M) 9.661ms
[4.820s][info][gc,cpu         ] GC(104) User=0.00s Sys=0.00s Real=0.01s
[4.823s][info][gc,start       ] GC(105) Pause Young (Allocation Failure)
[4.832s][info][gc,heap        ] GC(105) PSYoungGen: 3744K(86528K)->2176K(4608K) Eden: 2048K(2048K)->0K(2048K) From: 1696K(84480K)->2176K(2560K)
[4.832s][info][gc,heap        ] GC(105) ParOldGen: 762628K(836608K)->764188K(836608K)
[4.832s][info][gc,metaspace   ] GC(105) Metaspace: 6302K(6464K)->6302K(6464K) NonClass: 5768K(5824K)->5768K(5824K) Class: 533K(640K)->533K(640K)
[4.832s][info][gc             ] GC(105) Pause Young (Allocation Failure) 748M->748M(821M) 9.564ms
[4.832s][info][gc,cpu         ] GC(105) User=0.00s Sys=0.00s Real=0.01s
[4.834s][info][gc,start       ] GC(106) Pause Young (Allocation Failure)
[4.845s][info][gc,heap        ] GC(106) PSYoungGen: 4223K(4608K)->2144K(79872K) Eden: 2047K(2048K)->0K(2560K) From: 2176K(2560K)->2144K(77312K)
[4.845s][info][gc,heap        ] GC(106) ParOldGen: 764188K(836608K)->766252K(836608K)
[4.845s][info][gc,metaspace   ] GC(106) Metaspace: 6302K(6464K)->6302K(6464K) NonClass: 5768K(5824K)->5768K(5824K) Class: 533K(640K)->533K(640K)
[4.845s][info][gc             ] GC(106) Pause Young (Allocation Failure) 750M->750M(895M) 10.594ms
[4.845s][info][gc,cpu         ] GC(106) User=0.00s Sys=0.00s Real=0.01s
[4.848s][info][gc,start       ] GC(107) Pause Young (Allocation Failure)
[4.858s][info][gc,heap        ] GC(107) PSYoungGen: 4704K(79872K)->2656K(5632K) Eden: 2560K(2560K)->0K(2560K) From: 2144K(77312K)->2656K(3072K)
[4.858s][info][gc,heap        ] GC(107) ParOldGen: 766252K(836608K)->768324K(836608K)
[4.858s][info][gc,metaspace   ] GC(107) Metaspace: 6302K(6464K)->6302K(6464K) NonClass: 5768K(5824K)->5768K(5824K) Class: 533K(640K)->533K(640K)
[4.858s][info][gc             ] GC(107) Pause Young (Allocation Failure) 752M->752M(822M) 9.932ms
[4.858s][info][gc,cpu         ] GC(107) User=0.02s Sys=0.00s Real=0.01s
[4.861s][info][gc,start       ] GC(108) Pause Young (Allocation Failure)
[4.873s][info][gc,heap        ] GC(108) PSYoungGen: 5216K(5632K)->2656K(71680K) Eden: 2560K(2560K)->0K(3072K) From: 2656K(3072K)->2656K(68608K)
[4.873s][info][gc,heap        ] GC(108) ParOldGen: 768324K(836608K)->770908K(836608K)
[4.873s][info][gc,metaspace   ] GC(108) Metaspace: 6302K(6464K)->6302K(6464K) NonClass: 5768K(5824K)->5768K(5824K) Class: 533K(640K)->533K(640K)
[4.873s][info][gc             ] GC(108) Pause Young (Allocation Failure) 755M->755M(887M) 12.156ms
[4.873s][info][gc,cpu         ] GC(108) User=0.00s Sys=0.00s Real=0.01s
[4.877s][info][gc,start       ] GC(109) Pause Young (Allocation Failure)
[4.887s][info][gc,heap        ] GC(109) PSYoungGen: 5728K(71680K)->3200K(6656K) Eden: 3072K(3072K)->0K(3072K) From: 2656K(68608K)->3200K(3584K)
[4.887s][info][gc,heap        ] GC(109) ParOldGen: 770908K(836608K)->773516K(836608K)
[4.887s][info][gc,metaspace   ] GC(109) Metaspace: 6302K(6464K)->6302K(6464K) NonClass: 5768K(5824K)->5768K(5824K) Class: 533K(640K)->533K(640K)
[4.887s][info][gc             ] GC(109) Pause Young (Allocation Failure) 758M->758M(823M) 10.517ms
[4.887s][info][gc,cpu         ] GC(109) User=0.02s Sys=0.00s Real=0.01s
[4.891s][info][gc,start       ] GC(110) Pause Young (Allocation Failure)
[4.903s][info][gc,heap        ] GC(110) PSYoungGen: 6272K(6656K)->3200K(66048K) Eden: 3072K(3072K)->0K(4096K) From: 3200K(3584K)->3200K(61952K)
[4.903s][info][gc,heap        ] GC(110) ParOldGen: 773516K(836608K)->776620K(836608K)
[4.903s][info][gc,metaspace   ] GC(110) Metaspace: 6302K(6464K)->6302K(6464K) NonClass: 5768K(5824K)->5768K(5824K) Class: 533K(640K)->533K(640K)
[4.903s][info][gc             ] GC(110) Pause Young (Allocation Failure) 761M->761M(881M) 12.474ms
[4.903s][info][gc,cpu         ] GC(110) User=0.00s Sys=0.00s Real=0.01s
[4.907s][info][gc,start       ] GC(111) Pause Young (Allocation Failure)
[4.918s][info][gc,heap        ] GC(111) PSYoungGen: 7296K(66048K)->4192K(8704K) Eden: 4096K(4096K)->0K(4096K) From: 3200K(61952K)->4192K(4608K)
[4.918s][info][gc,heap        ] GC(111) ParOldGen: 776620K(836608K)->779732K(836608K)
[4.918s][info][gc,metaspace   ] GC(111) Metaspace: 6302K(6464K)->6302K(6464K) NonClass: 5768K(5824K)->5768K(5824K) Class: 533K(640K)->533K(640K)
[4.918s][info][gc             ] GC(111) Pause Young (Allocation Failure) 765M->765M(825M) 10.947ms
[4.918s][info][gc,cpu         ] GC(111) User=0.02s Sys=0.00s Real=0.01s
[4.923s][info][gc,start       ] GC(112) Pause Young (Allocation Failure)
[4.934s][info][gc,heap        ] GC(112) PSYoungGen: 8288K(8704K)->4256K(59392K) Eden: 4096K(4096K)->0K(5120K) From: 4192K(4608K)->4256K(54272K)
[4.934s][info][gc,heap        ] GC(112) ParOldGen: 779732K(836608K)->783900K(836608K)
[4.934s][info][gc,metaspace   ] GC(112) Metaspace: 6302K(6464K)->6302K(6464K) NonClass: 5768K(5824K)->5768K(5824K) Class: 533K(640K)->533K(640K)
[4.934s][info][gc             ] GC(112) Pause Young (Allocation Failure) 769M->769M(875M) 11.865ms
[4.935s][info][gc,cpu         ] GC(112) User=0.02s Sys=0.00s Real=0.01s
[4.940s][info][gc,start       ] GC(113) Pause Young (Allocation Failure)
[4.952s][info][gc,heap        ] GC(113) PSYoungGen: 9376K(59392K)->5248K(10752K) Eden: 5120K(5120K)->0K(5120K) From: 4256K(54272K)->5248K(5632K)
[4.952s][info][gc,heap        ] GC(113) ParOldGen: 783900K(836608K)->788060K(836608K)
[4.952s][info][gc,metaspace   ] GC(113) Metaspace: 6302K(6464K)->6302K(6464K) NonClass: 5768K(5824K)->5768K(5824K) Class: 533K(640K)->533K(640K)
[4.952s][info][gc             ] GC(113) Pause Young (Allocation Failure) 774M->774M(827M) 12.333ms
[4.952s][info][gc,cpu         ] GC(113) User=0.02s Sys=0.00s Real=0.01s
[4.958s][info][gc,start       ] GC(114) Pause Young (Allocation Failure)
[4.970s][info][gc,heap        ] GC(114) PSYoungGen: 10368K(10752K)->5216K(53248K) Eden: 5120K(5120K)->0K(6144K) From: 5248K(5632K)->5216K(47104K)
[4.970s][info][gc,heap        ] GC(114) ParOldGen: 788060K(836608K)->793260K(836608K)
[4.970s][info][gc,metaspace   ] GC(114) Metaspace: 6302K(6464K)->6302K(6464K) NonClass: 5768K(5824K)->5768K(5824K) Class: 533K(640K)->533K(640K)
[4.970s][info][gc             ] GC(114) Pause Young (Allocation Failure) 779M->779M(869M) 12.212ms
[4.970s][info][gc,cpu         ] GC(114) User=0.02s Sys=0.00s Real=0.01s
[4.976s][info][gc,start       ] GC(115) Pause Young (Allocation Failure)
[4.990s][info][gc,heap        ] GC(115) PSYoungGen: 11360K(53248K)->6208K(12800K) Eden: 6144K(6144K)->0K(6144K) From: 5216K(47104K)->6208K(6656K)
[4.990s][info][gc,heap        ] GC(115) ParOldGen: 793260K(836608K)->798460K(836608K)
[4.990s][info][gc,metaspace   ] GC(115) Metaspace: 6302K(6464K)->6302K(6464K) NonClass: 5768K(5824K)->5768K(5824K) Class: 533K(640K)->533K(640K)
[4.990s][info][gc             ] GC(115) Pause Young (Allocation Failure) 785M->785M(829M) 13.826ms
[4.990s][info][gc,cpu         ] GC(115) User=0.00s Sys=0.00s Real=0.01s
[4.997s][info][gc,start       ] GC(116) Pause Young (Allocation Failure)
[5.010s][info][gc,heap        ] GC(116) PSYoungGen: 12352K(12800K)->6240K(48128K) Eden: 6144K(6144K)->0K(7680K) From: 6208K(6656K)->6240K(40448K)
[5.010s][info][gc,heap        ] GC(116) ParOldGen: 798460K(836608K)->804700K(836608K)
[5.010s][info][gc,metaspace   ] GC(116) Metaspace: 6302K(6464K)->6302K(6464K) NonClass: 5768K(5824K)->5768K(5824K) Class: 533K(640K)->533K(640K)
[5.010s][info][gc             ] GC(116) Pause Young (Allocation Failure) 791M->791M(864M) 13.628ms
[5.010s][info][gc,cpu         ] GC(116) User=0.02s Sys=0.00s Real=0.01s
[5.019s][info][gc,start       ] GC(117) Pause Young (Allocation Failure)
[5.032s][info][gc,heap        ] GC(117) PSYoungGen: 13920K(48128K)->7744K(15872K) Eden: 7680K(7680K)->0K(7680K) From: 6240K(40448K)->7744K(8192K)
[5.032s][info][gc,heap        ] GC(117) ParOldGen: 804700K(836608K)->810924K(836608K)
[5.032s][info][gc,metaspace   ] GC(117) Metaspace: 6302K(6464K)->6302K(6464K) NonClass: 5768K(5824K)->5768K(5824K) Class: 533K(640K)->533K(640K)
[5.032s][info][gc             ] GC(117) Pause Young (Allocation Failure) 799M->799M(832M) 12.859ms
[5.032s][info][gc,cpu         ] GC(117) User=0.02s Sys=0.00s Real=0.01s
[5.040s][info][gc,start       ] GC(118) Pause Young (Allocation Failure)
[5.053s][info][gc,heap        ] GC(118) PSYoungGen: 15424K(15872K)->7808K(43520K) Eden: 7680K(7680K)->0K(8704K) From: 7744K(8192K)->7808K(34816K)
[5.053s][info][gc,heap        ] GC(118) ParOldGen: 810924K(836608K)->818724K(836608K)
[5.053s][info][gc,metaspace   ] GC(118) Metaspace: 6302K(6464K)->6302K(6464K) NonClass: 5768K(5824K)->5768K(5824K) Class: 533K(640K)->533K(640K)
[5.053s][info][gc             ] GC(118) Pause Young (Allocation Failure) 806M->807M(859M) 13.928ms
[5.053s][info][gc,cpu         ] GC(118) User=0.02s Sys=0.00s Real=0.01s
[5.062s][info][gc,start       ] GC(119) Pause Young (Allocation Failure)
[5.077s][info][gc,heap        ] GC(119) PSYoungGen: 16512K(43520K)->8800K(17920K) Eden: 8704K(8704K)->0K(8704K) From: 7808K(34816K)->8800K(9216K)
[5.077s][info][gc,heap        ] GC(119) ParOldGen: 818724K(836608K)->826532K(836608K)
[5.077s][info][gc,metaspace   ] GC(119) Metaspace: 6302K(6464K)->6302K(6464K) NonClass: 5768K(5824K)->5768K(5824K) Class: 533K(640K)->533K(640K)
[5.077s][info][gc             ] GC(119) Pause Young (Allocation Failure) 815M->815M(834M) 14.527ms
[5.077s][info][gc,cpu         ] GC(119) User=0.02s Sys=0.00s Real=0.01s
[5.077s][info][gc,start       ] GC(120) Pause Full (Ergonomics)
[5.077s][info][gc,phases,start] GC(120) Marking Phase
[5.265s][info][gc,phases      ] GC(120) Marking Phase 187.475ms
[5.265s][info][gc,phases,start] GC(120) Summary Phase
[5.265s][info][gc,phases      ] GC(120) Summary Phase 0.027ms
[5.265s][info][gc,phases,start] GC(120) Adjust Roots
[5.265s][info][gc,phases      ] GC(120) Adjust Roots 0.156ms
[5.265s][info][gc,phases,start] GC(120) Compaction Phase
[5.351s][info][gc,phases      ] GC(120) Compaction Phase 86.040ms
[5.351s][info][gc,phases,start] GC(120) Post Compact
[5.353s][info][gc,phases      ] GC(120) Post Compact 1.572ms
[5.353s][info][gc,heap        ] GC(120) PSYoungGen: 8800K(17920K)->0K(45568K) Eden: 0K(8704K)->0K(10240K) From: 8800K(9216K)->0K(35328K)
[5.353s][info][gc,heap        ] GC(120) ParOldGen: 826532K(836608K)->833333K(903168K)
[5.353s][info][gc,metaspace   ] GC(120) Metaspace: 6302K(6464K)->6302K(6464K) NonClass: 5768K(5824K)->5768K(5824K) Class: 533K(640K)->533K(640K)
[5.353s][info][gc             ] GC(120) Pause Full (Ergonomics) 815M->813M(926M) 275.891ms
[5.353s][info][gc,cpu         ] GC(120) User=1.80s Sys=0.02s Real=0.28s
[5.366s][info][gc,start       ] GC(121) Pause Young (Allocation Failure)
[5.378s][info][gc,heap        ] GC(121) PSYoungGen: 10240K(45568K)->10368K(20992K) Eden: 10240K(10240K)->0K(10240K) From: 0K(35328K)->10368K(10752K)
[5.379s][info][gc,heap        ] GC(121) ParOldGen: 833333K(903168K)->833333K(903168K)
[5.379s][info][gc,metaspace   ] GC(121) Metaspace: 6302K(6464K)->6302K(6464K) NonClass: 5768K(5824K)->5768K(5824K) Class: 533K(640K)->533K(640K)
[5.379s][info][gc             ] GC(121) Pause Young (Allocation Failure) 823M->823M(902M) 12.974ms
[5.379s][info][gc,cpu         ] GC(121) User=0.00s Sys=0.00s Real=0.01s
[5.389s][info][gc,start       ] GC(122) Pause Young (Allocation Failure)
[5.404s][info][gc,heap        ] GC(122) PSYoungGen: 20608K(20992K)->10304K(40960K) Eden: 10240K(10240K)->0K(11776K) From: 10368K(10752K)->10304K(29184K)
[5.404s][info][gc,heap        ] GC(122) ParOldGen: 833333K(903168K)->843725K(903168K)
[5.404s][info][gc,metaspace   ] GC(122) Metaspace: 6302K(6464K)->6302K(6464K) NonClass: 5768K(5824K)->5768K(5824K) Class: 533K(640K)->533K(640K)
[5.404s][info][gc             ] GC(122) Pause Young (Allocation Failure) 833M->834M(922M) 14.938ms
[5.404s][info][gc,cpu         ] GC(122) User=0.02s Sys=0.00s Real=0.02s
[5.417s][info][gc,start       ] GC(123) Pause Young (Allocation Failure)
[5.432s][info][gc,heap        ] GC(123) PSYoungGen: 22080K(40960K)->11936K(43008K) Eden: 11776K(11776K)->0K(11776K) From: 10304K(29184K)->11936K(31232K)
[5.432s][info][gc,heap        ] GC(123) ParOldGen: 843725K(903168K)->854109K(903168K)
[5.432s][info][gc,metaspace   ] GC(123) Metaspace: 6302K(6464K)->6302K(6464K) NonClass: 5768K(5824K)->5768K(5824K) Class: 533K(640K)->533K(640K)
[5.432s][info][gc             ] GC(123) Pause Young (Allocation Failure) 845M->845M(924M) 15.233ms
[5.432s][info][gc,cpu         ] GC(123) User=0.00s Sys=0.00s Real=0.02s
[5.444s][info][gc,start       ] GC(124) Pause Young (Allocation Failure)
[5.460s][info][gc,heap        ] GC(124) PSYoungGen: 23712K(43008K)->11936K(41472K) Eden: 11776K(11776K)->0K(13312K) From: 11936K(31232K)->11936K(28160K)
[5.460s][info][gc,heap        ] GC(124) ParOldGen: 854109K(903168K)->866053K(903168K)
[5.460s][info][gc,metaspace   ] GC(124) Metaspace: 6302K(6464K)->6302K(6464K) NonClass: 5768K(5824K)->5768K(5824K) Class: 533K(640K)->533K(640K)
[5.460s][info][gc             ] GC(124) Pause Young (Allocation Failure) 857M->857M(922M) 15.847ms
[5.460s][info][gc,cpu         ] GC(124) User=0.02s Sys=0.00s Real=0.02s
[5.474s][info][gc,start       ] GC(125) Pause Young (Allocation Failure)
[5.490s][info][gc,heap        ] GC(125) PSYoungGen: 25248K(41472K)->13440K(42496K) Eden: 13312K(13312K)->0K(13312K) From: 11936K(28160K)->13440K(29184K)
[5.490s][info][gc,heap        ] GC(125) ParOldGen: 866053K(903168K)->877989K(903168K)
[5.490s][info][gc,metaspace   ] GC(125) Metaspace: 6302K(6464K)->6302K(6464K) NonClass: 5768K(5824K)->5768K(5824K) Class: 533K(640K)->533K(640K)
[5.490s][info][gc             ] GC(125) Pause Young (Allocation Failure) 870M->870M(923M) 15.680ms
[5.490s][info][gc,cpu         ] GC(125) User=0.02s Sys=0.00s Real=0.02s
[5.505s][info][gc,start       ] GC(126) Pause Young (Allocation Failure)
[5.521s][info][gc,heap        ] GC(126) PSYoungGen: 26752K(42496K)->13440K(42496K) Eden: 13312K(13312K)->0K(15360K) From: 13440K(29184K)->13440K(27136K)
[5.521s][info][gc,heap        ] GC(126) ParOldGen: 877989K(903168K)->891477K(903168K)
[5.521s][info][gc,metaspace   ] GC(126) Metaspace: 6302K(6464K)->6302K(6464K) NonClass: 5768K(5824K)->5768K(5824K) Class: 533K(640K)->533K(640K)
[5.521s][info][gc             ] GC(126) Pause Young (Allocation Failure) 883M->883M(923M) 16.928ms
[5.521s][info][gc,cpu         ] GC(126) User=0.02s Sys=0.02s Real=0.02s
[5.521s][info][gc,start       ] GC(127) Pause Full (Ergonomics)
[5.522s][info][gc,phases,start] GC(127) Marking Phase
[5.724s][info][gc,phases      ] GC(127) Marking Phase 202.278ms
[5.724s][info][gc,phases,start] GC(127) Summary Phase
[5.724s][info][gc,phases      ] GC(127) Summary Phase 0.024ms
[5.724s][info][gc,phases,start] GC(127) Adjust Roots
[5.724s][info][gc,phases      ] GC(127) Adjust Roots 0.152ms
[5.724s][info][gc,phases,start] GC(127) Compaction Phase
[5.805s][info][gc,phases      ] GC(127) Compaction Phase 81.409ms
[5.806s][info][gc,phases,start] GC(127) Post Compact
[5.807s][info][gc,phases      ] GC(127) Post Compact 1.533ms
[5.807s][info][gc,heap        ] GC(127) PSYoungGen: 13440K(42496K)->1020K(43008K) Eden: 0K(15360K)->0K(15872K) From: 13440K(27136K)->1020K(27136K)
[5.808s][info][gc,heap        ] GC(127) ParOldGen: 891477K(903168K)->902780K(984064K)
[5.808s][info][gc,metaspace   ] GC(127) Metaspace: 6302K(6464K)->6302K(6464K) NonClass: 5768K(5824K)->5768K(5824K) Class: 533K(640K)->533K(640K)
[5.808s][info][gc             ] GC(127) Pause Full (Ergonomics) 883M->882M(1003M) 286.067ms
[5.808s][info][gc,cpu         ] GC(127) User=1.95s Sys=0.00s Real=0.29s
[5.826s][info][gc,start       ] GC(128) Pause Young (Allocation Failure)
[5.872s][info][gc,heap        ] GC(128) PSYoungGen: 16892K(43008K)->15936K(43520K) Eden: 15872K(15872K)->0K(15872K) From: 1020K(27136K)->15936K(27648K)
[5.872s][info][gc,heap        ] GC(128) ParOldGen: 902780K(984064K)->903860K(984064K)
[5.872s][info][gc,metaspace   ] GC(128) Metaspace: 6302K(6464K)->6302K(6464K) NonClass: 5768K(5824K)->5768K(5824K) Class: 533K(640K)->533K(640K)
[5.872s][info][gc             ] GC(128) Pause Young (Allocation Failure) 898M->898M(1003M) 45.474ms
[5.872s][info][gc,cpu         ] GC(128) User=0.27s Sys=0.00s Real=0.05s
[5.889s][info][gc,start       ] GC(129) Pause Young (Allocation Failure)
[5.909s][info][gc,heap        ] GC(129) PSYoungGen: 31808K(43520K)->28160K(39936K) Eden: 15872K(15872K)->0K(11776K) From: 15936K(27648K)->28160K(28160K)
[5.909s][info][gc,heap        ] GC(129) ParOldGen: 903860K(984064K)->907508K(984064K)
[5.909s][info][gc,metaspace   ] GC(129) Metaspace: 6302K(6464K)->6302K(6464K) NonClass: 5768K(5824K)->5768K(5824K) Class: 533K(640K)->533K(640K)
[5.909s][info][gc             ] GC(129) Pause Young (Allocation Failure) 913M->913M(1000M) 19.369ms
[5.909s][info][gc,cpu         ] GC(129) User=0.02s Sys=0.00s Real=0.02s
[5.923s][info][gc,start       ] GC(130) Pause Young (Allocation Failure)
[5.945s][info][gc,heap        ] GC(130) PSYoungGen: 39936K(39936K)->11872K(24064K) Eden: 11776K(11776K)->0K(11776K) From: 28160K(28160K)->11872K(12288K)
[5.945s][info][gc,heap        ] GC(130) ParOldGen: 907508K(984064K)->936036K(984064K)
[5.945s][info][gc,metaspace   ] GC(130) Metaspace: 6302K(6464K)->6302K(6464K) NonClass: 5768K(5824K)->5768K(5824K) Class: 533K(640K)->533K(640K)
[5.945s][info][gc             ] GC(130) Pause Young (Allocation Failure) 925M->925M(984M) 22.609ms
[5.945s][info][gc,cpu         ] GC(130) User=0.14s Sys=0.00s Real=0.02s
[5.958s][info][gc,start       ] GC(131) Pause Young (Allocation Failure)
[5.974s][info][gc,heap        ] GC(131) PSYoungGen: 23648K(24064K)->11872K(42496K) Eden: 11776K(11776K)->0K(13312K) From: 11872K(12288K)->11872K(29184K)
[5.975s][info][gc,heap        ] GC(131) ParOldGen: 936036K(984064K)->947980K(984064K)
[5.975s][info][gc,metaspace   ] GC(131) Metaspace: 6302K(6464K)->6302K(6464K) NonClass: 5768K(5824K)->5768K(5824K) Class: 533K(640K)->533K(640K)
[5.975s][info][gc             ] GC(131) Pause Young (Allocation Failure) 937M->937M(1002M) 16.336ms
[5.975s][info][gc,cpu         ] GC(131) User=0.03s Sys=0.00s Real=0.02s
[5.989s][info][gc,start       ] GC(132) Pause Young (Allocation Failure)
[6.007s][info][gc,heap        ] GC(132) PSYoungGen: 25184K(42496K)->13440K(44032K) Eden: 13312K(13312K)->0K(13312K) From: 11872K(29184K)->13440K(30720K)
[6.007s][info][gc,heap        ] GC(132) ParOldGen: 947980K(984064K)->959916K(984064K)
[6.007s][info][gc,metaspace   ] GC(132) Metaspace: 6302K(6464K)->6302K(6464K) NonClass: 5768K(5824K)->5768K(5824K) Class: 533K(640K)->533K(640K)
[6.007s][info][gc             ] GC(132) Pause Young (Allocation Failure) 950M->950M(1004M) 17.973ms
[6.007s][info][gc,cpu         ] GC(132) User=0.08s Sys=0.00s Real=0.02s
[6.007s][info][gc,start       ] GC(133) Pause Full (Ergonomics)
[6.007s][info][gc,phases,start] GC(133) Marking Phase
[6.228s][info][gc,phases      ] GC(133) Marking Phase 220.847ms
[6.228s][info][gc,phases,start] GC(133) Summary Phase
[6.228s][info][gc,phases      ] GC(133) Summary Phase 0.029ms
[6.228s][info][gc,phases,start] GC(133) Adjust Roots
[6.228s][info][gc,phases      ] GC(133) Adjust Roots 0.153ms
[6.228s][info][gc,phases,start] GC(133) Compaction Phase
[6.317s][info][gc,phases      ] GC(133) Compaction Phase 88.940ms
[6.317s][info][gc,phases,start] GC(133) Post Compact
[6.319s][info][gc,phases      ] GC(133) Post Compact 1.758ms
[6.319s][info][gc,heap        ] GC(133) PSYoungGen: 13440K(44032K)->0K(44544K) Eden: 0K(13312K)->0K(15360K) From: 13440K(30720K)->0K(29184K)
[6.320s][info][gc,heap        ] GC(133) ParOldGen: 959916K(984064K)->972250K(1065984K)
[6.320s][info][gc,metaspace   ] GC(133) Metaspace: 6302K(6464K)->6302K(6464K) NonClass: 5768K(5824K)->5768K(5824K) Class: 533K(640K)->533K(640K)
[6.320s][info][gc             ] GC(133) Pause Full (Ergonomics) 950M->949M(1084M) 312.455ms
[6.320s][info][gc,cpu         ] GC(133) User=2.09s Sys=0.02s Real=0.31s
[6.337s][info][gc,start       ] GC(134) Pause Young (Allocation Failure)
[6.351s][info][gc,heap        ] GC(134) PSYoungGen: 15360K(44544K)->15456K(44544K) Eden: 15360K(15360K)->0K(15360K) From: 0K(29184K)->15456K(29184K)
[6.351s][info][gc,heap        ] GC(134) ParOldGen: 972250K(1065984K)->972250K(1065984K)
[6.351s][info][gc,metaspace   ] GC(134) Metaspace: 6302K(6464K)->6302K(6464K) NonClass: 5768K(5824K)->5768K(5824K) Class: 533K(640K)->533K(640K)
[6.351s][info][gc             ] GC(134) Pause Young (Allocation Failure) 964M->964M(1084M) 14.048ms
[6.351s][info][gc,cpu         ] GC(134) User=0.02s Sys=0.00s Real=0.01s
[6.368s][info][gc,start       ] GC(135) Pause Young (Allocation Failure)
[6.386s][info][gc,heap        ] GC(135) PSYoungGen: 30816K(44544K)->28160K(39936K) Eden: 15360K(15360K)->0K(11776K) From: 15456K(29184K)->28160K(28160K)
[6.386s][info][gc,heap        ] GC(135) ParOldGen: 972250K(1065984K)->974874K(1065984K)
[6.386s][info][gc,metaspace   ] GC(135) Metaspace: 6302K(6464K)->6302K(6464K) NonClass: 5768K(5824K)->5768K(5824K) Class: 533K(640K)->533K(640K)
[6.386s][info][gc             ] GC(135) Pause Young (Allocation Failure) 979M->979M(1080M) 18.151ms
[6.386s][info][gc,cpu         ] GC(135) User=0.03s Sys=0.00s Real=0.02s
[6.399s][info][gc,start       ] GC(136) Pause Young (Allocation Failure)
[6.421s][info][gc,heap        ] GC(136) PSYoungGen: 39936K(39936K)->11872K(45056K) Eden: 11776K(11776K)->0K(11776K) From: 28160K(28160K)->11872K(33280K)
[6.421s][info][gc,heap        ] GC(136) ParOldGen: 974874K(1065984K)->1003386K(1065984K)
[6.421s][info][gc,metaspace   ] GC(136) Metaspace: 6302K(6464K)->6302K(6464K) NonClass: 5768K(5824K)->5768K(5824K) Class: 533K(640K)->533K(640K)
[6.421s][info][gc             ] GC(136) Pause Young (Allocation Failure) 991M->991M(1085M) 21.823ms
[6.421s][info][gc,cpu         ] GC(136) User=0.12s Sys=0.00s Real=0.02s
[6.434s][info][gc,start       ] GC(137) Pause Young (Allocation Failure)
[6.449s][info][gc,heap        ] GC(137) PSYoungGen: 23648K(45056K)->23648K(44032K) Eden: 11776K(11776K)->0K(11776K) From: 11872K(33280K)->23648K(32256K)
[6.449s][info][gc,heap        ] GC(137) ParOldGen: 1003386K(1065984K)->1003386K(1065984K)
[6.449s][info][gc,metaspace   ] GC(137) Metaspace: 6302K(6464K)->6302K(6464K) NonClass: 5768K(5824K)->5768K(5824K) Class: 533K(640K)->533K(640K)
[6.449s][info][gc             ] GC(137) Pause Young (Allocation Failure) 1002M->1002M(1084M) 15.448ms
[6.450s][info][gc,cpu         ] GC(137) User=0.02s Sys=0.00s Real=0.01s
[6.462s][info][gc,start       ] GC(138) Pause Young (Allocation Failure)
[6.482s][info][gc,heap        ] GC(138) PSYoungGen: 35424K(44032K)->33792K(45568K) Eden: 11776K(11776K)->0K(11776K) From: 23648K(32256K)->33792K(33792K)
[6.482s][info][gc,heap        ] GC(138) ParOldGen: 1003386K(1065984K)->1004954K(1065984K)
[6.482s][info][gc,metaspace   ] GC(138) Metaspace: 6302K(6464K)->6302K(6464K) NonClass: 5768K(5824K)->5768K(5824K) Class: 533K(640K)->533K(640K)
[6.482s][info][gc             ] GC(138) Pause Young (Allocation Failure) 1014M->1014M(1085M) 19.990ms
[6.482s][info][gc,cpu         ] GC(138) User=0.02s Sys=0.00s Real=0.02s
[6.494s][info][gc,start       ] GC(139) Pause Young (Allocation Failure)
[6.519s][info][gc,heap        ] GC(139) PSYoungGen: 45568K(45568K)->23392K(52736K) Eden: 11776K(11776K)->0K(13312K) From: 33792K(33792K)->23392K(39424K)
[6.519s][info][gc,heap        ] GC(139) ParOldGen: 1004954K(1065984K)->1027554K(1065984K)
[6.519s][info][gc,metaspace   ] GC(139) Metaspace: 6302K(6464K)->6302K(6464K) NonClass: 5768K(5824K)->5768K(5824K) Class: 533K(640K)->533K(640K)
[6.519s][info][gc             ] GC(139) Pause Young (Allocation Failure) 1025M->1026M(1092M) 24.364ms
[6.519s][info][gc,cpu         ] GC(139) User=0.11s Sys=0.02s Real=0.03s
[6.533s][info][gc,start       ] GC(140) Pause Young (Allocation Failure)
[6.553s][info][gc,heap        ] GC(140) PSYoungGen: 36704K(52736K)->25184K(52736K) Eden: 13312K(13312K)->0K(13312K) From: 23392K(39424K)->25184K(39424K)
[6.553s][info][gc,heap        ] GC(140) ParOldGen: 1027554K(1065984K)->1039194K(1065984K)
[6.553s][info][gc,metaspace   ] GC(140) Metaspace: 6302K(6464K)->6302K(6464K) NonClass: 5768K(5824K)->5768K(5824K) Class: 533K(640K)->533K(640K)
[6.553s][info][gc             ] GC(140) Pause Young (Allocation Failure) 1039M->1039M(1092M) 20.285ms
[6.553s][info][gc,cpu         ] GC(140) User=0.12s Sys=0.00s Real=0.02s
[6.553s][info][gc,start       ] GC(141) Pause Full (Ergonomics)
[6.553s][info][gc,phases,start] GC(141) Marking Phase
[6.790s][info][gc,phases      ] GC(141) Marking Phase 237.267ms
[6.790s][info][gc,phases,start] GC(141) Summary Phase
[6.790s][info][gc,phases      ] GC(141) Summary Phase 0.039ms
[6.790s][info][gc,phases,start] GC(141) Adjust Roots
[6.790s][info][gc,phases      ] GC(141) Adjust Roots 0.147ms
[6.790s][info][gc,phases,start] GC(141) Compaction Phase
[6.875s][info][gc,phases      ] GC(141) Compaction Phase 84.579ms
[6.875s][info][gc,phases,start] GC(141) Post Compact
[6.877s][info][gc,phases      ] GC(141) Post Compact 1.723ms
[6.877s][info][gc,heap        ] GC(141) PSYoungGen: 25184K(52736K)->0K(55296K) Eden: 0K(13312K)->0K(15360K) From: 25184K(39424K)->0K(39936K)
[6.877s][info][gc,heap        ] GC(141) ParOldGen: 1039194K(1065984K)->1063168K(1169408K)
[6.877s][info][gc,metaspace   ] GC(141) Metaspace: 6302K(6464K)->6302K(6464K) NonClass: 5768K(5824K)->5768K(5824K) Class: 533K(640K)->533K(640K)
[6.877s][info][gc             ] GC(141) Pause Full (Ergonomics) 1039M->1038M(1196M) 324.402ms
[6.877s][info][gc,cpu         ] GC(141) User=2.30s Sys=0.00s Real=0.32s
[6.895s][info][gc,start       ] GC(142) Pause Young (Allocation Failure)
[6.909s][info][gc,heap        ] GC(142) PSYoungGen: 15360K(55296K)->15520K(55296K) Eden: 15360K(15360K)->0K(15360K) From: 0K(39936K)->15520K(39936K)
[6.910s][info][gc,heap        ] GC(142) ParOldGen: 1063168K(1169408K)->1063168K(1169408K)
[6.910s][info][gc,metaspace   ] GC(142) Metaspace: 6302K(6464K)->6302K(6464K) NonClass: 5768K(5824K)->5768K(5824K) Class: 533K(640K)->533K(640K)
[6.910s][info][gc             ] GC(142) Pause Young (Allocation Failure) 1053M->1053M(1196M) 14.247ms
[6.910s][info][gc,cpu         ] GC(142) User=0.02s Sys=0.00s Real=0.01s
[6.927s][info][gc,start       ] GC(143) Pause Young (Allocation Failure)
[6.946s][info][gc,heap        ] GC(143) PSYoungGen: 30880K(55296K)->30848K(52736K) Eden: 15360K(15360K)->0K(14336K) From: 15520K(39936K)->30848K(38400K)
[6.946s][info][gc,heap        ] GC(143) ParOldGen: 1063168K(1169408K)->1063168K(1169408K)
[6.946s][info][gc,metaspace   ] GC(143) Metaspace: 6302K(6464K)->6302K(6464K) NonClass: 5768K(5824K)->5768K(5824K) Class: 533K(640K)->533K(640K)
[6.946s][info][gc             ] GC(143) Pause Young (Allocation Failure) 1068M->1068M(1193M) 18.987ms
[6.946s][info][gc,cpu         ] GC(143) User=0.05s Sys=0.00s Real=0.02s
[6.962s][info][gc,start       ] GC(144) Pause Young (Allocation Failure)
[6.986s][info][gc,heap        ] GC(144) PSYoungGen: 45184K(52736K)->40960K(55296K) Eden: 14336K(14336K)->0K(14336K) From: 30848K(38400K)->40960K(40960K)
[6.986s][info][gc,heap        ] GC(144) ParOldGen: 1063168K(1169408K)->1067352K(1169408K)
[6.986s][info][gc,metaspace   ] GC(144) Metaspace: 6302K(6464K)->6302K(6464K) NonClass: 5768K(5824K)->5768K(5824K) Class: 533K(640K)->533K(640K)
[6.986s][info][gc             ] GC(144) Pause Young (Allocation Failure) 1082M->1082M(1196M) 23.640ms
[6.986s][info][gc,cpu         ] GC(144) User=0.12s Sys=0.00s Real=0.02s
[7.002s][info][gc,start       ] GC(145) Pause Young (Allocation Failure)
[7.030s][info][gc,heap        ] GC(145) PSYoungGen: 55296K(55296K)->41984K(59392K) Eden: 14336K(14336K)->0K(11264K) From: 40960K(40960K)->41984K(48128K)
[7.030s][info][gc,heap        ] GC(145) ParOldGen: 1067352K(1169408K)->1081024K(1169408K)
[7.030s][info][gc,metaspace   ] GC(145) Metaspace: 6302K(6464K)->6302K(6464K) NonClass: 5768K(5824K)->5768K(5824K) Class: 533K(640K)->533K(640K)
[7.030s][info][gc             ] GC(145) Pause Young (Allocation Failure) 1096M->1096M(1200M) 28.113ms
[7.030s][info][gc,cpu         ] GC(145) User=0.12s Sys=0.02s Real=0.03s
[7.042s][info][gc,start       ] GC(146) Pause Young (Allocation Failure)
[7.069s][info][gc,heap        ] GC(146) PSYoungGen: 53248K(59392K)->39776K(64000K) Eden: 11264K(11264K)->0K(11264K) From: 41984K(48128K)->39776K(52736K)
[7.069s][info][gc,heap        ] GC(146) ParOldGen: 1081024K(1169408K)->1094688K(1169408K)
[7.069s][info][gc,metaspace   ] GC(146) Metaspace: 6302K(6464K)->6302K(6464K) NonClass: 5768K(5824K)->5768K(5824K) Class: 533K(640K)->533K(640K)
[7.069s][info][gc             ] GC(146) Pause Young (Allocation Failure) 1107M->1107M(1204M) 26.798ms
[7.069s][info][gc,cpu         ] GC(146) User=0.14s Sys=0.00s Real=0.03s
[7.081s][info][gc,start       ] GC(147) Pause Young (Allocation Failure)
[7.107s][info][gc,heap        ] GC(147) PSYoungGen: 51040K(64000K)->36960K(67584K) Eden: 11264K(11264K)->0K(11776K) From: 39776K(52736K)->36960K(55808K)
[7.107s][info][gc,heap        ] GC(147) ParOldGen: 1094688K(1169408K)->1108880K(1169408K)
[7.107s][info][gc,metaspace   ] GC(147) Metaspace: 6302K(6464K)->6302K(6464K) NonClass: 5768K(5824K)->5768K(5824K) Class: 533K(640K)->533K(640K)
[7.107s][info][gc             ] GC(147) Pause Young (Allocation Failure) 1118M->1118M(1208M) 26.085ms
[7.107s][info][gc,cpu         ] GC(147) User=0.14s Sys=0.00s Real=0.02s
[7.120s][info][gc,start       ] GC(148) Pause Young (Allocation Failure)
[7.146s][info][gc,heap        ] GC(148) PSYoungGen: 48736K(67584K)->34432K(68608K) Eden: 11776K(11776K)->0K(11776K) From: 36960K(55808K)->34432K(56832K)
[7.146s][info][gc,heap        ] GC(148) ParOldGen: 1108880K(1169408K)->1123416K(1169408K)
[7.146s][info][gc,metaspace   ] GC(148) Metaspace: 6302K(6464K)->6302K(6464K) NonClass: 5768K(5824K)->5768K(5824K) Class: 533K(640K)->533K(640K)
[7.146s][info][gc             ] GC(148) Pause Young (Allocation Failure) 1130M->1130M(1209M) 25.388ms
[7.146s][info][gc,cpu         ] GC(148) User=0.09s Sys=0.03s Real=0.03s
[7.159s][info][gc,start       ] GC(149) Pause Young (Allocation Failure)
[7.185s][info][gc,heap        ] GC(149) PSYoungGen: 46208K(68608K)->23680K(66560K) Eden: 11776K(11776K)->0K(13824K) From: 34432K(56832K)->23680K(52736K)
[7.185s][info][gc,heap        ] GC(149) ParOldGen: 1123416K(1169408K)->1146232K(1169408K)
[7.185s][info][gc,metaspace   ] GC(149) Metaspace: 6302K(6464K)->6302K(6464K) NonClass: 5768K(5824K)->5768K(5824K) Class: 533K(640K)->533K(640K)
[7.185s][info][gc             ] GC(149) Pause Young (Allocation Failure) 1142M->1142M(1207M) 25.526ms
[7.185s][info][gc,cpu         ] GC(149) User=0.12s Sys=0.02s Real=0.03s
[7.185s][info][gc,start       ] GC(150) Pause Full (Ergonomics)
[7.185s][info][gc,phases,start] GC(150) Marking Phase
[7.435s][info][gc,phases      ] GC(150) Marking Phase 250.397ms
[7.435s][info][gc,phases,start] GC(150) Summary Phase
[7.435s][info][gc,phases      ] GC(150) Summary Phase 0.038ms
[7.436s][info][gc,phases,start] GC(150) Adjust Roots
[7.436s][info][gc,phases      ] GC(150) Adjust Roots 0.153ms
[7.436s][info][gc,phases,start] GC(150) Compaction Phase
[7.531s][info][gc,phases      ] GC(150) Compaction Phase 95.742ms
[7.531s][info][gc,phases,start] GC(150) Post Compact
[7.534s][info][gc,phases      ] GC(150) Post Compact 2.217ms
[7.534s][info][gc,heap        ] GC(150) PSYoungGen: 23680K(66560K)->0K(68608K) Eden: 0K(13824K)->0K(13824K) From: 23680K(52736K)->0K(54784K)
[7.534s][info][gc,heap        ] GC(150) ParOldGen: 1146232K(1169408K)->1168396K(1284608K)
[7.535s][info][gc,metaspace   ] GC(150) Metaspace: 6302K(6464K)->6302K(6464K) NonClass: 5768K(5824K)->5768K(5824K) Class: 533K(640K)->533K(640K)
[7.535s][info][gc             ] GC(150) Pause Full (Ergonomics) 1142M->1141M(1321M) 349.565ms
[7.535s][info][gc,cpu         ] GC(150) User=2.48s Sys=0.03s Real=0.35s
[7.552s][info][gc,start       ] GC(151) Pause Young (Allocation Failure)
[7.565s][info][gc,heap        ] GC(151) PSYoungGen: 13824K(68608K)->13952K(68608K) Eden: 13824K(13824K)->0K(15360K) From: 0K(54784K)->13952K(53248K)
[7.565s][info][gc,heap        ] GC(151) ParOldGen: 1168396K(1284608K)->1168396K(1284608K)
[7.565s][info][gc,metaspace   ] GC(151) Metaspace: 6302K(6464K)->6302K(6464K) NonClass: 5768K(5824K)->5768K(5824K) Class: 533K(640K)->533K(640K)
[7.565s][info][gc             ] GC(151) Pause Young (Allocation Failure) 1154M->1154M(1321M) 13.322ms
[7.565s][info][gc,cpu         ] GC(151) User=0.02s Sys=0.00s Real=0.01s
[7.585s][info][gc,start       ] GC(152) Pause Young (Allocation Failure)
[7.603s][info][gc,heap        ] GC(152) PSYoungGen: 29312K(68608K)->29344K(69632K) Eden: 15360K(15360K)->0K(15360K) From: 13952K(53248K)->29344K(54272K)
[7.603s][info][gc,heap        ] GC(152) ParOldGen: 1168396K(1284608K)->1168396K(1284608K)
[7.603s][info][gc,metaspace   ] GC(152) Metaspace: 6302K(6464K)->6302K(6464K) NonClass: 5768K(5824K)->5768K(5824K) Class: 533K(640K)->533K(640K)
[7.603s][info][gc             ] GC(152) Pause Young (Allocation Failure) 1169M->1169M(1322M) 17.734ms
[7.603s][info][gc,cpu         ] GC(152) User=0.03s Sys=0.00s Real=0.02s
[7.621s][info][gc,start       ] GC(153) Pause Young (Allocation Failure)
[7.646s][info][gc,heap        ] GC(153) PSYoungGen: 44704K(69632K)->44672K(65536K) Eden: 15360K(15360K)->0K(12800K) From: 29344K(54272K)->44672K(52736K)
[7.646s][info][gc,heap        ] GC(153) ParOldGen: 1168396K(1284608K)->1168396K(1284608K)
[7.646s][info][gc,metaspace   ] GC(153) Metaspace: 6302K(6464K)->6302K(6464K) NonClass: 5768K(5824K)->5768K(5824K) Class: 533K(640K)->533K(640K)
[7.646s][info][gc             ] GC(153) Pause Young (Allocation Failure) 1184M->1184M(1318M) 24.906ms
[7.646s][info][gc,cpu         ] GC(153) User=0.12s Sys=0.00s Real=0.03s
[7.663s][info][gc,start       ] GC(154) Pause Young (Allocation Failure)
[7.692s][info][gc,heap        ] GC(154) PSYoungGen: 57472K(65536K)->43648K(69632K) Eden: 12800K(12800K)->0K(12800K) From: 44672K(52736K)->43648K(56832K)
[7.692s][info][gc,heap        ] GC(154) ParOldGen: 1168396K(1284608K)->1182420K(1284608K)
[7.692s][info][gc,metaspace   ] GC(154) Metaspace: 6302K(6464K)->6302K(6464K) NonClass: 5768K(5824K)->5768K(5824K) Class: 533K(640K)->533K(640K)
[7.692s][info][gc             ] GC(154) Pause Young (Allocation Failure) 1197M->1197M(1322M) 29.558ms
[7.692s][info][gc,cpu         ] GC(154) User=0.12s Sys=0.00s Real=0.03s
[7.707s][info][gc,start       ] GC(155) Pause Young (Allocation Failure)
[7.737s][info][gc,heap        ] GC(155) PSYoungGen: 56448K(69632K)->41056K(73216K) Eden: 12800K(12800K)->0K(13312K) From: 43648K(56832K)->41056K(59904K)
[7.737s][info][gc,heap        ] GC(155) ParOldGen: 1182420K(1284608K)->1198004K(1284608K)
[7.737s][info][gc,metaspace   ] GC(155) Metaspace: 6302K(6464K)->6302K(6464K) NonClass: 5768K(5824K)->5768K(5824K) Class: 533K(640K)->533K(640K)
[7.737s][info][gc             ] GC(155) Pause Young (Allocation Failure) 1209M->1210M(1326M) 29.698ms
[7.737s][info][gc,cpu         ] GC(155) User=0.14s Sys=0.00s Real=0.03s
[7.753s][info][gc,start       ] GC(156) Pause Young (Allocation Failure)
[7.781s][info][gc,heap        ] GC(156) PSYoungGen: 54368K(73216K)->39040K(74240K) Eden: 13312K(13312K)->0K(13312K) From: 41056K(59904K)->39040K(60928K)
[7.781s][info][gc,heap        ] GC(156) ParOldGen: 1198004K(1284608K)->1213580K(1284608K)
[7.781s][info][gc,metaspace   ] GC(156) Metaspace: 6302K(6464K)->6302K(6464K) NonClass: 5768K(5824K)->5768K(5824K) Class: 533K(640K)->533K(640K)
[7.781s][info][gc             ] GC(156) Pause Young (Allocation Failure) 1223M->1223M(1327M) 28.436ms
[7.781s][info][gc,cpu         ] GC(156) User=0.14s Sys=0.00s Real=0.03s
[7.797s][info][gc,start       ] GC(157) Pause Young (Allocation Failure)
[7.824s][info][gc,heap        ] GC(157) PSYoungGen: 52352K(74240K)->39584K(76288K) Eden: 13312K(13312K)->0K(15360K) From: 39040K(60928K)->39584K(60928K)
[7.824s][info][gc,heap        ] GC(157) ParOldGen: 1213580K(1284608K)->1226572K(1284608K)
[7.824s][info][gc,metaspace   ] GC(157) Metaspace: 6302K(6464K)->6302K(6464K) NonClass: 5768K(5824K)->5768K(5824K) Class: 533K(640K)->533K(640K)
[7.824s][info][gc             ] GC(157) Pause Young (Allocation Failure) 1236M->1236M(1329M) 27.434ms
[7.824s][info][gc,cpu         ] GC(157) User=0.11s Sys=0.03s Real=0.03s
[7.843s][info][gc,start       ] GC(158) Pause Young (Allocation Failure)
[7.872s][info][gc,heap        ] GC(158) PSYoungGen: 54944K(76288K)->42112K(76288K) Eden: 15360K(15360K)->0K(15360K) From: 39584K(60928K)->42112K(60928K)
[7.872s][info][gc,heap        ] GC(158) ParOldGen: 1226572K(1284608K)->1239556K(1284608K)
[7.872s][info][gc,metaspace   ] GC(158) Metaspace: 6302K(6464K)->6302K(6464K) NonClass: 5768K(5824K)->5768K(5824K) Class: 533K(640K)->533K(640K)
[7.872s][info][gc             ] GC(158) Pause Young (Allocation Failure) 1251M->1251M(1329M) 29.523ms
[7.872s][info][gc,cpu         ] GC(158) User=0.14s Sys=0.00s Real=0.03s
[7.891s][info][gc,start       ] GC(159) Pause Young (Allocation Failure)
[7.922s][info][gc,heap        ] GC(159) PSYoungGen: 57472K(76288K)->30848K(74240K) Eden: 15360K(15360K)->0K(17408K) From: 42112K(60928K)->30848K(56832K)
[7.922s][info][gc,heap        ] GC(159) ParOldGen: 1239556K(1284608K)->1266532K(1284608K)
[7.922s][info][gc,metaspace   ] GC(159) Metaspace: 6302K(6464K)->6302K(6464K) NonClass: 5768K(5824K)->5768K(5824K) Class: 533K(640K)->533K(640K)
[7.922s][info][gc             ] GC(159) Pause Young (Allocation Failure) 1266M->1266M(1327M) 31.087ms
[7.922s][info][gc,cpu         ] GC(159) User=0.14s Sys=0.00s Real=0.03s
[7.922s][info][gc,start       ] GC(160) Pause Full (Ergonomics)
[7.922s][info][gc,phases,start] GC(160) Marking Phase
[8.209s][info][gc,phases      ] GC(160) Marking Phase 287.242ms
[8.209s][info][gc,phases,start] GC(160) Summary Phase
[8.209s][info][gc,phases      ] GC(160) Summary Phase 0.033ms
[8.209s][info][gc,phases,start] GC(160) Adjust Roots
[8.209s][info][gc,phases      ] GC(160) Adjust Roots 0.184ms
[8.209s][info][gc,phases,start] GC(160) Compaction Phase
[8.317s][info][gc,phases      ] GC(160) Compaction Phase 107.899ms
[8.317s][info][gc,phases,start] GC(160) Post Compact
[8.319s][info][gc,phases      ] GC(160) Post Compact 2.107ms
[8.320s][info][gc,heap        ] GC(160) PSYoungGen: 30848K(74240K)->11239K(76800K) Eden: 0K(17408K)->0K(19968K) From: 30848K(56832K)->11239K(56832K)
[8.320s][info][gc,heap        ] GC(160) ParOldGen: 1266532K(1284608K)->1284363K(1411584K)
[8.320s][info][gc,metaspace   ] GC(160) Metaspace: 6302K(6464K)->6302K(6464K) NonClass: 5768K(5824K)->5768K(5824K) Class: 533K(640K)->533K(640K)
[8.320s][info][gc             ] GC(160) Pause Full (Ergonomics) 1266M->1265M(1453M) 398.229ms
[8.320s][info][gc,cpu         ] GC(160) User=2.94s Sys=0.00s Real=0.40s
[8.343s][info][gc,start       ] GC(161) Pause Young (Allocation Failure)
[8.423s][info][gc,heap        ] GC(161) PSYoungGen: 31207K(76800K)->13120K(79360K) Eden: 19968K(19968K)->0K(19968K) From: 11239K(56832K)->13120K(59392K)
[8.423s][info][gc,heap        ] GC(161) ParOldGen: 1284363K(1411584K)->1295803K(1411584K)
[8.423s][info][gc,metaspace   ] GC(161) Metaspace: 6302K(6464K)->6302K(6464K) NonClass: 5768K(5824K)->5768K(5824K) Class: 533K(640K)->533K(640K)
[8.423s][info][gc             ] GC(161) Pause Young (Allocation Failure) 1284M->1278M(1456M) 80.044ms
[8.423s][info][gc,cpu         ] GC(161) User=0.38s Sys=0.00s Real=0.08s
[8.440s][info][gc,start       ] GC(162) Pause Young (Allocation Failure)
[8.462s][info][gc,heap        ] GC(162) PSYoungGen: 33088K(79360K)->10496K(81920K) Eden: 19968K(19968K)->0K(21504K) From: 13120K(59392K)->10496K(60416K)
[8.462s][info][gc,heap        ] GC(162) ParOldGen: 1295803K(1411584K)->1309051K(1411584K)
[8.462s][info][gc,metaspace   ] GC(162) Metaspace: 6302K(6464K)->6302K(6464K) NonClass: 5768K(5824K)->5768K(5824K) Class: 533K(640K)->533K(640K)
[8.462s][info][gc             ] GC(162) Pause Young (Allocation Failure) 1297M->1288M(1458M) 21.362ms
[8.462s][info][gc,cpu         ] GC(162) User=0.09s Sys=0.00s Real=0.02s
[8.491s][info][gc,start       ] GC(163) Pause Young (Allocation Failure)
[8.513s][info][gc,heap        ] GC(163) PSYoungGen: 32000K(81920K)->19840K(82432K) Eden: 21504K(21504K)->0K(21504K) From: 10496K(60416K)->19840K(60928K)
[8.513s][info][gc,heap        ] GC(163) ParOldGen: 1309051K(1411584K)->1319579K(1411584K)
[8.513s][info][gc,metaspace   ] GC(163) Metaspace: 6302K(6464K)->6302K(6464K) NonClass: 5768K(5824K)->5768K(5824K) Class: 533K(640K)->533K(640K)
[8.513s][info][gc             ] GC(163) Pause Young (Allocation Failure) 1309M->1308M(1459M) 21.778ms
[8.513s][info][gc,cpu         ] GC(163) User=0.09s Sys=0.00s Real=0.02s
[8.541s][info][gc,start       ] GC(164) Pause Young (Allocation Failure)
[8.570s][info][gc,heap        ] GC(164) PSYoungGen: 41344K(82432K)->41408K(81920K) Eden: 21504K(21504K)->0K(22528K) From: 19840K(60928K)->41408K(59392K)
[8.570s][info][gc,heap        ] GC(164) ParOldGen: 1319579K(1411584K)->1319579K(1411584K)
[8.570s][info][gc,metaspace   ] GC(164) Metaspace: 6302K(6464K)->6302K(6464K) NonClass: 5768K(5824K)->5768K(5824K) Class: 533K(640K)->533K(640K)
[8.570s][info][gc             ] GC(164) Pause Young (Allocation Failure) 1329M->1329M(1458M) 28.779ms
[8.570s][info][gc,cpu         ] GC(164) User=0.11s Sys=0.00s Real=0.03s
[8.599s][info][gc,start       ] GC(165) Pause Young (Allocation Failure)
[8.639s][info][gc,heap        ] GC(165) PSYoungGen: 63936K(81920K)->44224K(83456K) Eden: 22528K(22528K)->0K(22528K) From: 41408K(59392K)->44224K(60928K)
[8.639s][info][gc,heap        ] GC(165) ParOldGen: 1319579K(1411584K)->1339595K(1411584K)
[8.639s][info][gc,metaspace   ] GC(165) Metaspace: 6302K(6464K)->6302K(6464K) NonClass: 5768K(5824K)->5768K(5824K) Class: 533K(640K)->533K(640K)
[8.639s][info][gc             ] GC(165) Pause Young (Allocation Failure) 1351M->1351M(1460M) 40.692ms
[8.639s][info][gc,cpu         ] GC(165) User=0.30s Sys=0.00s Real=0.04s
[8.668s][info][gc,start       ] GC(166) Pause Young (Allocation Failure)
[8.710s][info][gc,heap        ] GC(166) PSYoungGen: 66752K(83456K)->45248K(86528K) Eden: 22528K(22528K)->0K(23040K) From: 44224K(60928K)->45248K(63488K)
[8.710s][info][gc,heap        ] GC(166) ParOldGen: 1339595K(1411584K)->1361411K(1411584K)
[8.710s][info][gc,metaspace   ] GC(166) Metaspace: 6302K(6464K)->6302K(6464K) NonClass: 5768K(5824K)->5768K(5824K) Class: 533K(640K)->533K(640K)
[8.710s][info][gc             ] GC(166) Pause Young (Allocation Failure) 1373M->1373M(1463M) 41.779ms
[8.710s][info][gc,cpu         ] GC(166) User=0.16s Sys=0.02s Real=0.04s
[9.007s][info][gc,start       ] GC(167) Pause Young (Allocation Failure)
[9.074s][info][gc,heap        ] GC(167) PSYoungGen: 68288K(86528K)->45728K(88576K) Eden: 23040K(23040K)->0K(23040K) From: 45248K(63488K)->45728K(65536K)
[9.074s][info][gc,heap        ] GC(167) ParOldGen: 1426947K(1477632K)->1449747K(1477632K)
[9.074s][info][gc,metaspace   ] GC(167) Metaspace: 6302K(6464K)->6302K(6464K) NonClass: 5768K(5824K)->5768K(5824K) Class: 533K(640K)->533K(640K)
[9.074s][info][gc             ] GC(167) Pause Young (Allocation Failure) 1460M->1460M(1529M) 67.067ms
[9.074s][info][gc,cpu         ] GC(167) User=0.42s Sys=0.00s Real=0.07s
[9.074s][info][gc,start       ] GC(168) Pause Full (Ergonomics)
[9.074s][info][gc,phases,start] GC(168) Marking Phase
[9.407s][info][gc,phases      ] GC(168) Marking Phase 332.806ms
[9.407s][info][gc,phases,start] GC(168) Summary Phase
[9.407s][info][gc,phases      ] GC(168) Summary Phase 0.051ms
[9.407s][info][gc,phases,start] GC(168) Adjust Roots
[9.407s][info][gc,phases      ] GC(168) Adjust Roots 0.176ms
[9.407s][info][gc,phases,start] GC(168) Compaction Phase
[9.645s][info][gc,phases      ] GC(168) Compaction Phase 237.720ms
[9.645s][info][gc,phases,start] GC(168) Post Compact
[9.648s][info][gc,phases      ] GC(168) Post Compact 3.020ms
[9.648s][info][gc,heap        ] GC(168) PSYoungGen: 45728K(88576K)->0K(92672K) Eden: 0K(23040K)->0K(25600K) From: 45728K(65536K)->0K(67072K)
[9.648s][info][gc,heap        ] GC(168) ParOldGen: 1449747K(1477632K)->1460875K(1598976K)
[9.648s][info][gc,metaspace   ] GC(168) Metaspace: 6302K(6464K)->6302K(6464K) NonClass: 5768K(5824K)->5768K(5824K) Class: 533K(640K)->533K(640K)
[9.648s][info][gc             ] GC(168) Pause Full (Ergonomics) 1460M->1426M(1652M) 574.569ms
[9.648s][info][gc,cpu         ] GC(168) User=3.78s Sys=0.00s Real=0.57s
[9.674s][info][gc,start       ] GC(169) Pause Young (Allocation Failure)
[9.698s][info][gc,heap        ] GC(169) PSYoungGen: 25600K(92672K)->25728K(92672K) Eden: 25600K(25600K)->0K(25600K) From: 0K(67072K)->25728K(67072K)
[9.698s][info][gc,heap        ] GC(169) ParOldGen: 1460875K(1598976K)->1460875K(1598976K)
[9.698s][info][gc,metaspace   ] GC(169) Metaspace: 6302K(6464K)->6302K(6464K) NonClass: 5768K(5824K)->5768K(5824K) Class: 533K(640K)->533K(640K)
[9.698s][info][gc             ] GC(169) Pause Young (Allocation Failure) 1451M->1451M(1652M) 24.101ms
[9.698s][info][gc,cpu         ] GC(169) User=0.05s Sys=0.00s Real=0.02s
[9.724s][info][gc,start       ] GC(170) Pause Young (Allocation Failure)
[9.753s][info][gc,heap        ] GC(170) PSYoungGen: 51328K(92672K)->51360K(89600K) Eden: 25600K(25600K)->0K(24576K) From: 25728K(67072K)->51360K(65024K)
[9.753s][info][gc,heap        ] GC(170) ParOldGen: 1460875K(1598976K)->1460875K(1598976K)
[9.753s][info][gc,metaspace   ] GC(170) Metaspace: 6302K(6464K)->6302K(6464K) NonClass: 5768K(5824K)->5768K(5824K) Class: 533K(640K)->533K(640K)
[9.753s][info][gc             ] GC(170) Pause Young (Allocation Failure) 1476M->1476M(1649M) 29.725ms
[9.753s][info][gc,cpu         ] GC(170) User=0.05s Sys=0.00s Real=0.03s
[9.777s][info][gc,start       ] GC(171) Pause Young (Allocation Failure)
[9.815s][info][gc,heap        ] GC(171) PSYoungGen: 75936K(89600K)->68608K(93184K) Eden: 24576K(24576K)->0K(24576K) From: 51360K(65024K)->68608K(68608K)
[9.815s][info][gc,heap        ] GC(171) ParOldGen: 1460875K(1598976K)->1468235K(1598976K)
[9.815s][info][gc,metaspace   ] GC(171) Metaspace: 6302K(6464K)->6302K(6464K) NonClass: 5768K(5824K)->5768K(5824K) Class: 533K(640K)->533K(640K)
[9.815s][info][gc             ] GC(171) Pause Young (Allocation Failure) 1500M->1500M(1652M) 38.671ms
[9.815s][info][gc,cpu         ] GC(171) User=0.23s Sys=0.00s Real=0.04s
[9.841s][info][gc,start       ] GC(172) Pause Young (Allocation Failure)
[9.886s][info][gc,heap        ] GC(172) PSYoungGen: 93184K(93184K)->80896K(92160K) Eden: 24576K(24576K)->0K(11264K) From: 68608K(68608K)->80896K(80896K)
[9.886s][info][gc,heap        ] GC(172) ParOldGen: 1468235K(1598976K)->1480691K(1598976K)
[9.886s][info][gc,metaspace   ] GC(172) Metaspace: 6302K(6464K)->6302K(6464K) NonClass: 5768K(5824K)->5768K(5824K) Class: 533K(640K)->533K(640K)
[9.886s][info][gc             ] GC(172) Pause Young (Allocation Failure) 1524M->1524M(1651M) 45.299ms
[9.886s][info][gc,cpu         ] GC(172) User=0.23s Sys=0.03s Real=0.04s
[9.898s][info][gc,start       ] GC(173) Pause Young (Allocation Failure)
[9.943s][info][gc,heap        ] GC(173) PSYoungGen: 92160K(92160K)->46912K(58368K) Eden: 11264K(11264K)->0K(11264K) From: 80896K(80896K)->46912K(47104K)
[9.943s][info][gc,heap        ] GC(173) ParOldGen: 1480691K(1598976K)->1526603K(1598976K)
[9.943s][info][gc,metaspace   ] GC(173) Metaspace: 6302K(6464K)->6302K(6464K) NonClass: 5768K(5824K)->5768K(5824K) Class: 533K(640K)->533K(640K)
[9.943s][info][gc             ] GC(173) Pause Young (Allocation Failure) 1535M->1536M(1618M) 45.413ms
[9.943s][info][gc,cpu         ] GC(173) User=0.23s Sys=0.02s Real=0.05s
[9.955s][info][gc,start       ] GC(174) Pause Young (Allocation Failure)
[9.998s][info][gc,heap        ] GC(174) PSYoungGen: 58176K(58368K)->22656K(103936K) Eden: 11264K(11264K)->0K(13312K) From: 46912K(47104K)->22656K(90624K)
[9.998s][info][gc,heap        ] GC(174) ParOldGen: 1526603K(1598976K)->1562643K(1598976K)
[9.998s][info][gc,metaspace   ] GC(174) Metaspace: 6302K(6464K)->6302K(6464K) NonClass: 5768K(5824K)->5768K(5824K) Class: 533K(640K)->533K(640K)
[9.998s][info][gc             ] GC(174) Pause Young (Allocation Failure) 1547M->1548M(1663M) 43.094ms
[9.998s][info][gc,cpu         ] GC(174) User=0.09s Sys=0.17s Real=0.04s
[9.998s][info][gc,start       ] GC(175) Pause Full (Ergonomics)
[9.998s][info][gc,phases,start] GC(175) Marking Phase
[10.343s][info][gc,phases      ] GC(175) Marking Phase 345.106ms
[10.343s][info][gc,phases,start] GC(175) Summary Phase
[10.343s][info][gc,phases      ] GC(175) Summary Phase 0.056ms
[10.343s][info][gc,phases,start] GC(175) Adjust Roots
[10.343s][info][gc,phases      ] GC(175) Adjust Roots 0.196ms
[10.343s][info][gc,phases,start] GC(175) Compaction Phase
[10.489s][info][gc,phases      ] GC(175) Compaction Phase 145.001ms
[10.489s][info][gc,phases,start] GC(175) Post Compact
[10.491s][info][gc,phases      ] GC(175) Post Compact 2.806ms
[10.493s][info][gc,heap        ] GC(175) PSYoungGen: 22656K(103936K)->0K(104448K) Eden: 0K(13312K)->0K(13312K) From: 22656K(90624K)->0K(91136K)
[10.493s][info][gc,heap        ] GC(175) ParOldGen: 1562643K(1598976K)->1583565K(1745408K)
[10.493s][info][gc,metaspace   ] GC(175) Metaspace: 6302K(6464K)->6302K(6464K) NonClass: 5768K(5824K)->5768K(5824K) Class: 533K(640K)->533K(640K)
[10.493s][info][gc             ] GC(175) Pause Full (Ergonomics) 1548M->1546M(1806M) 494.574ms
[10.493s][info][gc,cpu         ] GC(175) User=3.47s Sys=0.05s Real=0.49s
[10.508s][info][gc,start       ] GC(176) Pause Young (Allocation Failure)
[10.527s][info][gc,heap        ] GC(176) PSYoungGen: 13312K(104448K)->13408K(105984K) Eden: 13312K(13312K)->0K(14848K) From: 0K(91136K)->13408K(91136K)
[10.527s][info][gc,heap        ] GC(176) ParOldGen: 1583565K(1745408K)->1583565K(1745408K)
[10.527s][info][gc,metaspace   ] GC(176) Metaspace: 6302K(6464K)->6302K(6464K) NonClass: 5768K(5824K)->5768K(5824K) Class: 533K(640K)->533K(640K)
[10.527s][info][gc             ] GC(176) Pause Young (Allocation Failure) 1559M->1559M(1808M) 18.741ms
[10.527s][info][gc,cpu         ] GC(176) User=0.02s Sys=0.00s Real=0.02s
[10.542s][info][gc,start       ] GC(177) Pause Young (Allocation Failure)
[10.565s][info][gc,heap        ] GC(177) PSYoungGen: 28256K(105984K)->28288K(43520K) Eden: 14848K(14848K)->0K(14848K) From: 13408K(91136K)->28288K(28672K)
[10.565s][info][gc,heap        ] GC(177) ParOldGen: 1583565K(1745408K)->1583565K(1745408K)
[10.565s][info][gc,metaspace   ] GC(177) Metaspace: 6302K(6464K)->6302K(6464K) NonClass: 5768K(5824K)->5768K(5824K) Class: 533K(640K)->533K(640K)
[10.565s][info][gc             ] GC(177) Pause Young (Allocation Failure) 1574M->1574M(1747M) 23.286ms
[10.565s][info][gc,cpu         ] GC(177) User=0.02s Sys=0.00s Real=0.02s
[10.579s][info][gc,start       ] GC(178) Pause Young (Allocation Failure)
[10.612s][info][gc,heap        ] GC(178) PSYoungGen: 43136K(43520K)->29824K(97792K) Eden: 14848K(14848K)->0K(16896K) From: 28288K(28672K)->29824K(80896K)
[10.612s][info][gc,heap        ] GC(178) ParOldGen: 1583565K(1745408K)->1597101K(1745408K)
[10.612s][info][gc,metaspace   ] GC(178) Metaspace: 6302K(6464K)->6302K(6464K) NonClass: 5768K(5824K)->5768K(5824K) Class: 533K(640K)->533K(640K)
[10.612s][info][gc             ] GC(178) Pause Young (Allocation Failure) 1588M->1588M(1800M) 33.031ms
[10.612s][info][gc,cpu         ] GC(178) User=0.03s Sys=0.00s Real=0.03s
[10.630s][info][gc,start       ] GC(179) Pause Young (Allocation Failure)
[10.661s][info][gc,heap        ] GC(179) PSYoungGen: 46720K(97792K)->31872K(49152K) Eden: 16896K(16896K)->0K(16896K) From: 29824K(80896K)->31872K(32256K)
[10.661s][info][gc,heap        ] GC(179) ParOldGen: 1597101K(1745408K)->1612181K(1745408K)
[10.661s][info][gc,metaspace   ] GC(179) Metaspace: 6302K(6464K)->6302K(6464K) NonClass: 5768K(5824K)->5768K(5824K) Class: 533K(640K)->533K(640K)
[10.661s][info][gc             ] GC(179) Pause Young (Allocation Failure) 1605M->1605M(1752M) 31.461ms
[10.661s][info][gc,cpu         ] GC(179) User=0.03s Sys=0.02s Real=0.03s
[10.678s][info][gc,start       ] GC(180) Pause Young (Allocation Failure)
[10.710s][info][gc,heap        ] GC(180) PSYoungGen: 48768K(49152K)->33952K(93184K) Eden: 16896K(16896K)->0K(19456K) From: 31872K(32256K)->33952K(73728K)
[10.710s][info][gc,heap        ] GC(180) ParOldGen: 1612181K(1745408K)->1627261K(1745408K)
[10.710s][info][gc,metaspace   ] GC(180) Metaspace: 6302K(6464K)->6302K(6464K) NonClass: 5768K(5824K)->5768K(5824K) Class: 533K(640K)->533K(640K)
[10.710s][info][gc             ] GC(180) Pause Young (Allocation Failure) 1622M->1622M(1795M) 31.991ms
[10.710s][info][gc,cpu         ] GC(180) User=0.08s Sys=0.06s Real=0.03s
[10.730s][info][gc,start       ] GC(181) Pause Young (Allocation Failure)
[10.767s][info][gc,heap        ] GC(181) PSYoungGen: 53408K(93184K)->19616K(96768K) Eden: 19456K(19456K)->0K(19456K) From: 33952K(73728K)->19616K(77312K)
[10.767s][info][gc,heap        ] GC(181) ParOldGen: 1627261K(1745408K)->1661541K(1745408K)
[10.767s][info][gc,metaspace   ] GC(181) Metaspace: 6302K(6464K)->6302K(6464K) NonClass: 5768K(5824K)->5768K(5824K) Class: 533K(640K)->533K(640K)
[10.767s][info][gc             ] GC(181) Pause Young (Allocation Failure) 1641M->1641M(1799M) 36.989ms
[10.767s][info][gc,cpu         ] GC(181) User=0.14s Sys=0.11s Real=0.04s
[10.788s][info][gc,start       ] GC(182) Pause Young (Allocation Failure)
[10.817s][info][gc,heap        ] GC(182) PSYoungGen: 39072K(96768K)->19616K(94720K) Eden: 19456K(19456K)->0K(22016K) From: 19616K(77312K)->19616K(72704K)
[10.817s][info][gc,heap        ] GC(182) ParOldGen: 1661541K(1745408K)->1681293K(1745408K)
[10.817s][info][gc,metaspace   ] GC(182) Metaspace: 6302K(6464K)->6302K(6464K) NonClass: 5768K(5824K)->5768K(5824K) Class: 533K(640K)->533K(640K)
[10.817s][info][gc             ] GC(182) Pause Young (Allocation Failure) 1660M->1661M(1797M) 29.572ms
[10.817s][info][gc,cpu         ] GC(182) User=0.02s Sys=0.02s Real=0.03s
[10.841s][info][gc,start       ] GC(183) Pause Young (Allocation Failure)
[10.872s][info][gc,heap        ] GC(183) PSYoungGen: 41632K(94720K)->22176K(96256K) Eden: 22016K(22016K)->0K(22016K) From: 19616K(72704K)->22176K(74240K)
[10.872s][info][gc,heap        ] GC(183) ParOldGen: 1681293K(1745408K)->1701045K(1745408K)
[10.872s][info][gc,metaspace   ] GC(183) Metaspace: 6302K(6464K)->6302K(6464K) NonClass: 5768K(5824K)->5768K(5824K) Class: 533K(640K)->533K(640K)
[10.872s][info][gc             ] GC(183) Pause Young (Allocation Failure) 1682M->1682M(1798M) 30.342ms
[10.872s][info][gc,cpu         ] GC(183) User=0.02s Sys=0.06s Real=0.03s
[10.896s][info][gc,start       ] GC(184) Pause Young (Allocation Failure)
[10.931s][info][gc,heap        ] GC(184) PSYoungGen: 44192K(96256K)->22176K(93184K) Eden: 22016K(22016K)->0K(25088K) From: 22176K(74240K)->22176K(68096K)
[10.932s][info][gc,heap        ] GC(184) ParOldGen: 1701045K(1745408K)->1723421K(1745408K)
[10.932s][info][gc,metaspace   ] GC(184) Metaspace: 6302K(6464K)->6302K(6464K) NonClass: 5768K(5824K)->5768K(5824K) Class: 533K(640K)->533K(640K)
[10.932s][info][gc             ] GC(184) Pause Young (Allocation Failure) 1704M->1704M(1795M) 35.482ms
[10.932s][info][gc,cpu         ] GC(184) User=0.17s Sys=0.08s Real=0.04s
[10.932s][info][gc,start       ] GC(185) Pause Full (Ergonomics)
[10.932s][info][gc,phases,start] GC(185) Marking Phase
[11.315s][info][gc,phases      ] GC(185) Marking Phase 383.246ms
[11.315s][info][gc,phases,start] GC(185) Summary Phase
[11.315s][info][gc,phases      ] GC(185) Summary Phase 0.066ms
[11.315s][info][gc,phases,start] GC(185) Adjust Roots
[11.315s][info][gc,phases      ] GC(185) Adjust Roots 0.164ms
[11.315s][info][gc,phases,start] GC(185) Compaction Phase
[11.473s][info][gc,phases      ] GC(185) Compaction Phase 158.099ms
[11.473s][info][gc,phases,start] GC(185) Post Compact
[11.477s][info][gc,phases      ] GC(185) Post Compact 3.223ms
[11.478s][info][gc,heap        ] GC(185) PSYoungGen: 22176K(93184K)->0K(95232K) Eden: 0K(25088K)->0K(25088K) From: 22176K(68096K)->0K(70144K)
[11.478s][info][gc,heap        ] GC(185) ParOldGen: 1723421K(1745408K)->1743043K(1911808K)
[11.478s][info][gc,metaspace   ] GC(185) Metaspace: 6302K(6464K)->6302K(6464K) NonClass: 5768K(5824K)->5768K(5824K) Class: 533K(640K)->533K(640K)
[11.478s][info][gc             ] GC(185) Pause Full (Ergonomics) 1704M->1702M(1960M) 546.449ms
[11.478s][info][gc,cpu         ] GC(185) User=3.95s Sys=0.00s Real=0.55s
[11.506s][info][gc,start       ] GC(186) Pause Young (Allocation Failure)
[11.531s][info][gc,heap        ] GC(186) PSYoungGen: 25088K(95232K)->25248K(91136K) Eden: 25088K(25088K)->0K(27648K) From: 0K(70144K)->25248K(63488K)
[11.531s][info][gc,heap        ] GC(186) ParOldGen: 1743043K(1911808K)->1743043K(1911808K)
[11.531s][info][gc,metaspace   ] GC(186) Metaspace: 6302K(6464K)->6302K(6464K) NonClass: 5768K(5824K)->5768K(5824K) Class: 533K(640K)->533K(640K)
[11.531s][info][gc             ] GC(186) Pause Young (Allocation Failure) 1726M->1726M(1956M) 24.734ms
[11.531s][info][gc,cpu         ] GC(186) User=0.02s Sys=0.00s Real=0.02s
[11.562s][info][gc,start       ] GC(187) Pause Young (Allocation Failure)
[11.594s][info][gc,heap        ] GC(187) PSYoungGen: 52896K(91136K)->52896K(94720K) Eden: 27648K(27648K)->0K(27648K) From: 25248K(63488K)->52896K(67072K)
[11.595s][info][gc,heap        ] GC(187) ParOldGen: 1743043K(1911808K)->1743043K(1911808K)
[11.595s][info][gc,metaspace   ] GC(187) Metaspace: 6302K(6464K)->6302K(6464K) NonClass: 5768K(5824K)->5768K(5824K) Class: 533K(640K)->533K(640K)
[11.595s][info][gc             ] GC(187) Pause Young (Allocation Failure) 1753M->1753M(1959M) 33.007ms
[11.595s][info][gc,cpu         ] GC(187) User=0.14s Sys=0.00s Real=0.03s
[11.623s][info][gc,start       ] GC(188) Pause Young (Allocation Failure)
[11.670s][info][gc,heap        ] GC(188) PSYoungGen: 80544K(94720K)->71680K(88576K) Eden: 27648K(27648K)->0K(16896K) From: 52896K(67072K)->71680K(71680K)
[11.670s][info][gc,heap        ] GC(188) ParOldGen: 1743043K(1911808K)->1751963K(1911808K)
[11.670s][info][gc,metaspace   ] GC(188) Metaspace: 6302K(6464K)->6302K(6464K) NonClass: 5768K(5824K)->5768K(5824K) Class: 533K(640K)->533K(640K)
[11.670s][info][gc             ] GC(188) Pause Young (Allocation Failure) 1780M->1780M(1953M) 46.516ms
[11.670s][info][gc,cpu         ] GC(188) User=0.25s Sys=0.02s Real=0.05s
[11.686s][info][gc,start       ] GC(189) Pause Young (Allocation Failure)
[11.744s][info][gc,heap        ] GC(189) PSYoungGen: 88576K(88576K)->39360K(56320K) Eden: 16896K(16896K)->0K(16896K) From: 71680K(71680K)->39360K(39424K)
[11.744s][info][gc,heap        ] GC(189) ParOldGen: 1751963K(1911808K)->1802019K(1911808K)
[11.744s][info][gc,metaspace   ] GC(189) Metaspace: 6302K(6464K)->6302K(6464K) NonClass: 5768K(5824K)->5768K(5824K) Class: 533K(640K)->533K(640K)
[11.744s][info][gc             ] GC(189) Pause Young (Allocation Failure) 1797M->1798M(1922M) 57.464ms
[11.744s][info][gc,cpu         ] GC(189) User=0.20s Sys=0.19s Real=0.06s
[11.762s][info][gc,start       ] GC(190) Pause Young (Allocation Failure)
[11.798s][info][gc,heap        ] GC(190) PSYoungGen: 56256K(56320K)->33920K(94208K) Eden: 16896K(16896K)->0K(19456K) From: 39360K(39424K)->33920K(74752K)
[11.798s][info][gc,heap        ] GC(190) ParOldGen: 1802019K(1911808K)->1824667K(1911808K)
[11.798s][info][gc,metaspace   ] GC(190) Metaspace: 6302K(6464K)->6302K(6464K) NonClass: 5768K(5824K)->5768K(5824K) Class: 533K(640K)->533K(640K)
[11.798s][info][gc             ] GC(190) Pause Young (Allocation Failure) 1814M->1815M(1959M) 36.070ms
[11.798s][info][gc,cpu         ] GC(190) User=0.19s Sys=0.06s Real=0.03s
[11.821s][info][gc,start       ] GC(191) Pause Young (Allocation Failure)
[11.860s][info][gc,heap        ] GC(191) PSYoungGen: 53376K(94208K)->19648K(97280K) Eden: 19456K(19456K)->0K(19456K) From: 33920K(74752K)->19648K(77824K)
[11.860s][info][gc,heap        ] GC(191) ParOldGen: 1824667K(1911808K)->1858939K(1911808K)
[11.860s][info][gc,metaspace   ] GC(191) Metaspace: 6302K(6464K)->6302K(6464K) NonClass: 5768K(5824K)->5768K(5824K) Class: 533K(640K)->533K(640K)
[11.860s][info][gc             ] GC(191) Pause Young (Allocation Failure) 1834M->1834M(1962M) 38.571ms
[11.860s][info][gc,cpu         ] GC(191) User=0.11s Sys=0.14s Real=0.04s
[11.883s][info][gc,start       ] GC(192) Pause Young (Allocation Failure)
[11.914s][info][gc,heap        ] GC(192) PSYoungGen: 39104K(97280K)->19584K(95744K) Eden: 19456K(19456K)->0K(22016K) From: 19648K(77824K)->19584K(73728K)
[11.914s][info][gc,heap        ] GC(192) ParOldGen: 1858939K(1911808K)->1878715K(1911808K)
[11.914s][info][gc,metaspace   ] GC(192) Metaspace: 6302K(6464K)->6302K(6464K) NonClass: 5768K(5824K)->5768K(5824K) Class: 533K(640K)->533K(640K)
[11.914s][info][gc             ] GC(192) Pause Young (Allocation Failure) 1853M->1853M(1960M) 30.918ms
[11.914s][info][gc,cpu         ] GC(192) User=0.14s Sys=0.00s Real=0.03s
[11.914s][info][gc,start       ] GC(193) Pause Full (Ergonomics)
[11.914s][info][gc,phases,start] GC(193) Marking Phase
[12.337s][info][gc,phases      ] GC(193) Marking Phase 422.163ms
[12.337s][info][gc,phases,start] GC(193) Summary Phase
[12.337s][info][gc,phases      ] GC(193) Summary Phase 0.069ms
[12.337s][info][gc,phases,start] GC(193) Adjust Roots
[12.337s][info][gc,phases      ] GC(193) Adjust Roots 0.160ms
[12.337s][info][gc,phases,start] GC(193) Compaction Phase
[12.510s][info][gc,phases      ] GC(193) Compaction Phase 172.968ms
[12.510s][info][gc,phases,start] GC(193) Post Compact
[12.514s][info][gc,phases      ] GC(193) Post Compact 3.667ms
[12.516s][info][gc,heap        ] GC(193) PSYoungGen: 19584K(95744K)->0K(97280K) Eden: 0K(22016K)->0K(22016K) From: 19584K(73728K)->0K(75264K)
[12.516s][info][gc,heap        ] GC(193) ParOldGen: 1878715K(1911808K)->1895909K(2086400K)
[12.516s][info][gc,metaspace   ] GC(193) Metaspace: 6302K(6464K)->6302K(6464K) NonClass: 5768K(5824K)->5768K(5824K) Class: 533K(640K)->533K(640K)
[12.516s][info][gc             ] GC(193) Pause Full (Ergonomics) 1853M->1851M(2132M) 601.236ms
[12.516s][info][gc,cpu         ] GC(193) User=4.27s Sys=0.02s Real=0.60s
[12.540s][info][gc,start       ] GC(194) Pause Young (Allocation Failure)
[12.564s][info][gc,heap        ] GC(194) PSYoungGen: 22016K(97280K)->22144K(95232K) Eden: 22016K(22016K)->0K(24576K) From: 0K(75264K)->22144K(70656K)
[12.564s][info][gc,heap        ] GC(194) ParOldGen: 1895909K(2086400K)->1895909K(2086400K)
[12.564s][info][gc,metaspace   ] GC(194) Metaspace: 6302K(6464K)->6302K(6464K) NonClass: 5768K(5824K)->5768K(5824K) Class: 533K(640K)->533K(640K)
[12.564s][info][gc             ] GC(194) Pause Young (Allocation Failure) 1872M->1873M(2130M) 23.682ms
[12.564s][info][gc,cpu         ] GC(194) User=0.03s Sys=0.00s Real=0.02s
[12.592s][info][gc,start       ] GC(195) Pause Young (Allocation Failure)
[12.623s][info][gc,heap        ] GC(195) PSYoungGen: 46720K(95232K)->46784K(97792K) Eden: 24576K(24576K)->0K(24576K) From: 22144K(70656K)->46784K(73216K)
[12.623s][info][gc,heap        ] GC(195) ParOldGen: 1895909K(2086400K)->1895909K(2086400K)
[12.623s][info][gc,metaspace   ] GC(195) Metaspace: 6302K(6464K)->6302K(6464K) NonClass: 5768K(5824K)->5768K(5824K) Class: 533K(640K)->533K(640K)
[12.623s][info][gc             ] GC(195) Pause Young (Allocation Failure) 1897M->1897M(2133M) 30.798ms
[12.623s][info][gc,cpu         ] GC(195) User=0.12s Sys=0.00s Real=0.03s
[12.653s][info][gc,start       ] GC(196) Pause Young (Allocation Failure)
[12.693s][info][gc,heap        ] GC(196) PSYoungGen: 71360K(97792K)->71360K(91648K) Eden: 24576K(24576K)->0K(17408K) From: 46784K(73216K)->71360K(74240K)
[12.694s][info][gc,heap        ] GC(196) ParOldGen: 1895909K(2086400K)->1895909K(2086400K)
[12.694s][info][gc,metaspace   ] GC(196) Metaspace: 6302K(6464K)->6302K(6464K) NonClass: 5768K(5824K)->5768K(5824K) Class: 533K(640K)->533K(640K)
[12.694s][info][gc             ] GC(196) Pause Young (Allocation Failure) 1921M->1921M(2127M) 40.405ms
[12.694s][info][gc,cpu         ] GC(196) User=0.14s Sys=0.00s Real=0.04s
[12.714s][info][gc,start       ] GC(197) Pause Young (Allocation Failure)
[12.761s][info][gc,heap        ] GC(197) PSYoungGen: 88768K(91648K)->83968K(101376K) Eden: 17408K(17408K)->0K(17408K) From: 71360K(74240K)->83968K(83968K)
[12.761s][info][gc,heap        ] GC(197) ParOldGen: 1895909K(2086400K)->1900693K(2086400K)
[12.761s][info][gc,metaspace   ] GC(197) Metaspace: 6302K(6464K)->6302K(6464K) NonClass: 5768K(5824K)->5768K(5824K) Class: 533K(640K)->533K(640K)
[12.761s][info][gc             ] GC(197) Pause Young (Allocation Failure) 1938M->1938M(2136M) 46.579ms
[12.761s][info][gc,cpu         ] GC(197) User=0.27s Sys=0.00s Real=0.05s
[12.781s][info][gc,start       ] GC(198) Pause Young (Allocation Failure)
[12.843s][info][gc,heap        ] GC(198) PSYoungGen: 101376K(101376K)->57792K(117760K) Eden: 17408K(17408K)->0K(19456K) From: 83968K(83968K)->57792K(98304K)
[12.843s][info][gc,heap        ] GC(198) ParOldGen: 1900693K(2086400K)->1945021K(2086400K)
[12.843s][info][gc,metaspace   ] GC(198) Metaspace: 6302K(6464K)->6302K(6464K) NonClass: 5768K(5824K)->5768K(5824K) Class: 533K(640K)->533K(640K)
[12.843s][info][gc             ] GC(198) Pause Young (Allocation Failure) 1955M->1955M(2152M) 61.601ms
[12.843s][info][gc,cpu         ] GC(198) User=0.20s Sys=0.17s Real=0.06s
[12.867s][info][gc,start       ] GC(199) Pause Young (Allocation Failure)
[12.914s][info][gc,heap        ] GC(199) PSYoungGen: 77248K(117760K)->53984K(117760K) Eden: 19456K(19456K)->0K(19456K) From: 57792K(98304K)->53984K(98304K)
[12.914s][info][gc,heap        ] GC(199) ParOldGen: 1945021K(2086400K)->1968621K(2086400K)
[12.914s][info][gc,metaspace   ] GC(199) Metaspace: 6302K(6464K)->6302K(6464K) NonClass: 5768K(5824K)->5768K(5824K) Class: 533K(640K)->533K(640K)
[12.914s][info][gc             ] GC(199) Pause Young (Allocation Failure) 1974M->1975M(2152M) 47.301ms
[12.914s][info][gc,cpu         ] GC(199) User=0.25s Sys=0.02s Real=0.05s
[12.938s][info][gc,start       ] GC(200) Pause Young (Allocation Failure)
[12.987s][info][gc,heap        ] GC(200) PSYoungGen: 73440K(117760K)->39104K(111104K) Eden: 19456K(19456K)->0K(22016K) From: 53984K(98304K)->39104K(89088K)
[12.987s][info][gc,heap        ] GC(200) ParOldGen: 1968621K(2086400K)->2003509K(2086400K)
[12.987s][info][gc,metaspace   ] GC(200) Metaspace: 6302K(6464K)->6302K(6464K) NonClass: 5768K(5824K)->5768K(5824K) Class: 533K(640K)->533K(640K)
[12.987s][info][gc             ] GC(200) Pause Young (Allocation Failure) 1994M->1994M(2146M) 48.888ms
[12.987s][info][gc,cpu         ] GC(200) User=0.25s Sys=0.02s Real=0.05s
[13.010s][info][gc,start       ] GC(201) Pause Young (Allocation Failure)
[13.057s][info][gc,heap        ] GC(201) PSYoungGen: 61120K(111104K)->22176K(114688K) Eden: 22016K(22016K)->0K(22016K) From: 39104K(89088K)->22176K(92672K)
[13.057s][info][gc,heap        ] GC(201) ParOldGen: 2003509K(2086400K)->2042997K(2086400K)
[13.057s][info][gc,metaspace   ] GC(201) Metaspace: 6302K(6464K)->6302K(6464K) NonClass: 5768K(5824K)->5768K(5824K) Class: 533K(640K)->533K(640K)
[13.057s][info][gc             ] GC(201) Pause Young (Allocation Failure) 2016M->2016M(2149M) 47.029ms
[13.057s][info][gc,cpu         ] GC(201) User=0.22s Sys=0.05s Real=0.05s
[13.057s][info][gc,start       ] GC(202) Pause Full (Ergonomics)
[13.057s][info][gc,phases,start] GC(202) Marking Phase
[13.507s][info][gc,phases      ] GC(202) Marking Phase 449.800ms
[13.507s][info][gc,phases,start] GC(202) Summary Phase
[13.507s][info][gc,phases      ] GC(202) Summary Phase 0.083ms
[13.507s][info][gc,phases,start] GC(202) Adjust Roots
[13.507s][info][gc,phases      ] GC(202) Adjust Roots 0.169ms
[13.507s][info][gc,phases,start] GC(202) Compaction Phase
[13.695s][info][gc,phases      ] GC(202) Compaction Phase 188.416ms
[13.695s][info][gc,phases,start] GC(202) Post Compact
[13.699s][info][gc,phases      ] GC(202) Post Compact 3.733ms
[13.701s][info][gc,heap        ] GC(202) PSYoungGen: 22176K(114688K)->0K(116736K) Eden: 0K(22016K)->0K(25088K) From: 22176K(92672K)->0K(91648K)
[13.701s][info][gc,heap        ] GC(202) ParOldGen: 2042997K(2086400K)->2062580K(2279424K)
[13.701s][info][gc,metaspace   ] GC(202) Metaspace: 6302K(6464K)->6302K(6464K) NonClass: 5768K(5824K)->5768K(5824K) Class: 533K(640K)->533K(640K)
[13.701s][info][gc             ] GC(202) Pause Full (Ergonomics) 2016M->2014M(2340M) 644.190ms
[13.701s][info][gc,cpu         ] GC(202) User=4.56s Sys=0.06s Real=0.64s
[13.731s][info][gc,start       ] GC(203) Pause Young (Allocation Failure)
[13.755s][info][gc,heap        ] GC(203) PSYoungGen: 25088K(116736K)->25248K(116736K) Eden: 25088K(25088K)->0K(25088K) From: 0K(91648K)->25248K(91648K)
[13.755s][info][gc,heap        ] GC(203) ParOldGen: 2062580K(2279424K)->2062580K(2279424K)
[13.755s][info][gc,metaspace   ] GC(203) Metaspace: 6302K(6464K)->6302K(6464K) NonClass: 5768K(5824K)->5768K(5824K) Class: 533K(640K)->533K(640K)
[13.755s][info][gc             ] GC(203) Pause Young (Allocation Failure) 2038M->2038M(2340M) 24.287ms
[13.755s][info][gc,cpu         ] GC(203) User=0.03s Sys=0.00s Real=0.02s
[13.781s][info][gc,start       ] GC(204) Pause Young (Allocation Failure)
[13.813s][info][gc,heap        ] GC(204) PSYoungGen: 50336K(116736K)->50336K(116224K) Eden: 25088K(25088K)->0K(28160K) From: 25248K(91648K)->50336K(88064K)
[13.813s][info][gc,heap        ] GC(204) ParOldGen: 2062580K(2279424K)->2062580K(2279424K)
[13.813s][info][gc,metaspace   ] GC(204) Metaspace: 6302K(6464K)->6302K(6464K) NonClass: 5768K(5824K)->5768K(5824K) Class: 533K(640K)->533K(640K)
[13.813s][info][gc             ] GC(204) Pause Young (Allocation Failure) 2063M->2063M(2339M) 32.431ms
[13.813s][info][gc,cpu         ] GC(204) User=0.14s Sys=0.00s Real=0.03s
[13.845s][info][gc,start       ] GC(205) Pause Young (Allocation Failure)
[13.892s][info][gc,heap        ] GC(205) PSYoungGen: 78496K(116224K)->53440K(116736K) Eden: 28160K(28160K)->0K(28160K) From: 50336K(88064K)->53440K(88576K)
[13.892s][info][gc,heap        ] GC(205) ParOldGen: 2062580K(2279424K)->2088020K(2279424K)
[13.892s][info][gc,metaspace   ] GC(205) Metaspace: 6302K(6464K)->6302K(6464K) NonClass: 5768K(5824K)->5768K(5824K) Class: 533K(640K)->533K(640K)
[13.892s][info][gc             ] GC(205) Pause Young (Allocation Failure) 2090M->2091M(2340M) 46.307ms
[13.892s][info][gc,cpu         ] GC(205) User=0.17s Sys=0.09s Real=0.05s
[13.922s][info][gc,start       ] GC(206) Pause Young (Allocation Failure)
[13.971s][info][gc,heap        ] GC(206) PSYoungGen: 81600K(116736K)->56480K(118784K) Eden: 28160K(28160K)->0K(30720K) From: 53440K(88576K)->56480K(88064K)
[13.971s][info][gc,heap        ] GC(206) ParOldGen: 2088020K(2279424K)->2113460K(2279424K)
[13.971s][info][gc,metaspace   ] GC(206) Metaspace: 6302K(6464K)->6302K(6464K) NonClass: 5768K(5824K)->5768K(5824K) Class: 533K(640K)->533K(640K)
[13.971s][info][gc             ] GC(206) Pause Young (Allocation Failure) 2118M->2119M(2342M) 49.019ms
[13.971s][info][gc,cpu         ] GC(206) User=0.25s Sys=0.03s Real=0.05s
[14.005s][info][gc,start       ] GC(207) Pause Young (Allocation Failure)
[14.058s][info][gc,heap        ] GC(207) PSYoungGen: 87200K(118784K)->59072K(119296K) Eden: 30720K(30720K)->0K(30720K) From: 56480K(88064K)->59072K(88576K)
[14.058s][info][gc,heap        ] GC(207) ParOldGen: 2113460K(2279424K)->2142012K(2279424K)
[14.058s][info][gc,metaspace   ] GC(207) Metaspace: 6302K(6464K)->6302K(6464K) NonClass: 5768K(5824K)->5768K(5824K) Class: 533K(640K)->533K(640K)
[14.058s][info][gc             ] GC(207) Pause Young (Allocation Failure) 2149M->2149M(2342M) 52.793ms
[14.058s][info][gc,cpu         ] GC(207) User=0.30s Sys=0.20s Real=0.05s
[14.097s][info][gc,start       ] GC(208) Pause Young (Allocation Failure)
[14.156s][info][gc,heap        ] GC(208) PSYoungGen: 89792K(119296K)->61632K(122368K) Eden: 30720K(30720K)->0K(32768K) From: 59072K(88576K)->61632K(89600K)
[14.156s][info][gc,heap        ] GC(208) ParOldGen: 2142012K(2279424K)->2170564K(2279424K)
[14.156s][info][gc,metaspace   ] GC(208) Metaspace: 6302K(6464K)->6302K(6464K) NonClass: 5768K(5824K)->5768K(5824K) Class: 533K(640K)->533K(640K)
[14.156s][info][gc             ] GC(208) Pause Young (Allocation Failure) 2179M->2179M(2345M) 59.809ms
[14.156s][info][gc,cpu         ] GC(208) User=0.23s Sys=0.16s Real=0.06s
[14.199s][info][gc,start       ] GC(209) Pause Young (Allocation Failure)
[14.255s][info][gc,heap        ] GC(209) PSYoungGen: 94400K(122368K)->63712K(123904K) Eden: 32768K(32768K)->0K(32768K) From: 61632K(89600K)->63712K(91136K)
[14.255s][info][gc,heap        ] GC(209) ParOldGen: 2170564K(2279424K)->2201716K(2279424K)
[14.255s][info][gc,metaspace   ] GC(209) Metaspace: 6302K(6464K)->6302K(6464K) NonClass: 5768K(5824K)->5768K(5824K) Class: 533K(640K)->533K(640K)
[14.255s][info][gc             ] GC(209) Pause Young (Allocation Failure) 2211M->2212M(2347M) 56.007ms
[14.255s][info][gc,cpu         ] GC(209) User=0.34s Sys=0.03s Real=0.06s
[14.293s][info][gc,start       ] GC(210) Pause Young (Allocation Failure)
[14.353s][info][gc,heap        ] GC(210) PSYoungGen: 96480K(123904K)->65728K(127488K) Eden: 32768K(32768K)->0K(34816K) From: 63712K(91136K)->65728K(92672K)
[14.353s][info][gc,heap        ] GC(210) ParOldGen: 2201716K(2279424K)->2232884K(2279424K)
[14.353s][info][gc,metaspace   ] GC(210) Metaspace: 6302K(6464K)->6302K(6464K) NonClass: 5768K(5824K)->5768K(5824K) Class: 533K(640K)->533K(640K)
[14.353s][info][gc             ] GC(210) Pause Young (Allocation Failure) 2244M->2244M(2350M) 59.992ms
[14.353s][info][gc,cpu         ] GC(210) User=0.30s Sys=0.09s Real=0.06s
[14.353s][info][gc,start       ] GC(211) Pause Full (Ergonomics)
[14.353s][info][gc,phases,start] GC(211) Marking Phase
[14.845s][info][gc,phases      ] GC(211) Marking Phase 491.959ms
[14.845s][info][gc,phases,start] GC(211) Summary Phase
[14.846s][info][gc,phases      ] GC(211) Summary Phase 0.044ms
[14.846s][info][gc,phases,start] GC(211) Adjust Roots
[14.846s][info][gc,phases      ] GC(211) Adjust Roots 0.234ms
[14.846s][info][gc,phases,start] GC(211) Compaction Phase
[15.475s][info][gc,phases      ] GC(211) Compaction Phase 629.122ms
[15.475s][info][gc,phases,start] GC(211) Post Compact
[15.479s][info][gc,phases      ] GC(211) Post Compact 4.443ms
[15.482s][info][gc,heap        ] GC(211) PSYoungGen: 65728K(127488K)->16429K(127488K) Eden: 0K(34816K)->0K(34816K) From: 65728K(92672K)->16429K(92672K)
[15.482s][info][gc,heap        ] GC(211) ParOldGen: 2232884K(2279424K)->2279363K(2511872K)
[15.482s][info][gc,metaspace   ] GC(211) Metaspace: 6302K(6464K)->6302K(6464K) NonClass: 5768K(5824K)->5768K(5824K) Class: 533K(640K)->533K(640K)
[15.482s][info][gc             ] GC(211) Pause Full (Ergonomics) 2244M->2241M(2577M) 1128.191ms
[15.482s][info][gc,cpu         ] GC(211) User=8.17s Sys=0.06s Real=1.13s
[15.522s][info][gc,start       ] GC(212) Pause Young (Allocation Failure)
[15.649s][info][gc,heap        ] GC(212) PSYoungGen: 51245K(127488K)->43392K(129536K) Eden: 34816K(34816K)->0K(34816K) From: 16429K(92672K)->43392K(94720K)
[15.649s][info][gc,heap        ] GC(212) ParOldGen: 2279363K(2511872K)->2287555K(2511872K)
[15.649s][info][gc,metaspace   ] GC(212) Metaspace: 6302K(6464K)->6302K(6464K) NonClass: 5768K(5824K)->5768K(5824K) Class: 533K(640K)->533K(640K)
[15.649s][info][gc             ] GC(212) Pause Young (Allocation Failure) 2275M->2276M(2579M) 126.351ms
[15.649s][info][gc,cpu         ] GC(212) User=0.70s Sys=0.00s Real=0.13s
[15.689s][info][gc,start       ] GC(213) Pause Young (Allocation Failure)
[15.735s][info][gc,heap        ] GC(213) PSYoungGen: 78208K(129536K)->78208K(123904K) Eden: 34816K(34816K)->0K(32256K) From: 43392K(94720K)->78208K(91648K)
[15.735s][info][gc,heap        ] GC(213) ParOldGen: 2287555K(2511872K)->2287555K(2511872K)
[15.735s][info][gc,metaspace   ] GC(213) Metaspace: 6302K(6464K)->6302K(6464K) NonClass: 5768K(5824K)->5768K(5824K) Class: 533K(640K)->533K(640K)
[15.735s][info][gc             ] GC(213) Pause Young (Allocation Failure) 2310M->2310M(2574M) 46.123ms
[15.735s][info][gc,cpu         ] GC(213) User=0.27s Sys=0.00s Real=0.05s
[15.772s][info][gc,start       ] GC(214) Pause Young (Allocation Failure)
[15.832s][info][gc,heap        ] GC(214) PSYoungGen: 110464K(123904K)->97792K(130048K) Eden: 32256K(32256K)->0K(32256K) From: 78208K(91648K)->97792K(97792K)
[15.832s][info][gc,heap        ] GC(214) ParOldGen: 2287555K(2511872K)->2300299K(2511872K)
[15.832s][info][gc,metaspace   ] GC(214) Metaspace: 6302K(6464K)->6302K(6464K) NonClass: 5768K(5824K)->5768K(5824K) Class: 533K(640K)->533K(640K)
[15.832s][info][gc             ] GC(214) Pause Young (Allocation Failure) 2341M->2341M(2580M) 60.223ms
[15.832s][info][gc,cpu         ] GC(214) User=0.31s Sys=0.05s Real=0.06s
[15.873s][info][gc,start       ] GC(215) Pause Young (Allocation Failure)
[15.961s][info][gc,heap        ] GC(215) PSYoungGen: 130048K(130048K)->93376K(143360K) Eden: 32256K(32256K)->0K(28672K) From: 97792K(97792K)->93376K(114688K)
[15.961s][info][gc,heap        ] GC(215) ParOldGen: 2300299K(2511872K)->2337411K(2511872K)
[15.961s][info][gc,metaspace   ] GC(215) Metaspace: 6302K(6464K)->6302K(6464K) NonClass: 5768K(5824K)->5768K(5824K) Class: 533K(640K)->533K(640K)
[15.961s][info][gc             ] GC(215) Pause Young (Allocation Failure) 2373M->2373M(2593M) 88.763ms
[15.961s][info][gc,cpu         ] GC(215) User=0.38s Sys=0.25s Real=0.09s
[15.995s][info][gc,start       ] GC(216) Pause Young (Allocation Failure)
[16.066s][info][gc,heap        ] GC(216) PSYoungGen: 122048K(143360K)->90336K(150528K) Eden: 28672K(28672K)->0K(28672K) From: 93376K(114688K)->90336K(121856K)
[16.066s][info][gc,heap        ] GC(216) ParOldGen: 2337411K(2511872K)->2369467K(2511872K)
[16.067s][info][gc,metaspace   ] GC(216) Metaspace: 6302K(6464K)->6302K(6464K) NonClass: 5768K(5824K)->5768K(5824K) Class: 533K(640K)->533K(640K)
[16.067s][info][gc             ] GC(216) Pause Young (Allocation Failure) 2401M->2402M(2600M) 71.244ms
[16.067s][info][gc,cpu         ] GC(216) User=0.44s Sys=0.06s Real=0.07s
[16.101s][info][gc,start       ] GC(217) Pause Young (Allocation Failure)
[16.170s][info][gc,heap        ] GC(217) PSYoungGen: 119008K(150528K)->89824K(156160K) Eden: 28672K(28672K)->0K(29696K) From: 90336K(121856K)->89824K(126464K)
[16.170s][info][gc,heap        ] GC(217) ParOldGen: 2369467K(2511872K)->2398875K(2511872K)
[16.170s][info][gc,metaspace   ] GC(217) Metaspace: 6302K(6464K)->6302K(6464K) NonClass: 5768K(5824K)->5768K(5824K) Class: 533K(640K)->533K(640K)
[16.170s][info][gc             ] GC(217) Pause Young (Allocation Failure) 2430M->2430M(2605M) 69.196ms
[16.170s][info][gc,cpu         ] GC(217) User=0.36s Sys=0.05s Real=0.07s
[16.205s][info][gc,start       ] GC(218) Pause Young (Allocation Failure)
[16.275s][info][gc,heap        ] GC(218) PSYoungGen: 119520K(156160K)->87296K(159232K) Eden: 29696K(29696K)->0K(29696K) From: 89824K(126464K)->87296K(129536K)
[16.275s][info][gc,heap        ] GC(218) ParOldGen: 2398875K(2511872K)->2431419K(2511872K)
[16.275s][info][gc,metaspace   ] GC(218) Metaspace: 6302K(6464K)->6302K(6464K) NonClass: 5768K(5824K)->5768K(5824K) Class: 533K(640K)->533K(640K)
[16.275s][info][gc             ] GC(218) Pause Young (Allocation Failure) 2459M->2459M(2608M) 70.212ms
[16.275s][info][gc,cpu         ] GC(218) User=0.33s Sys=0.09s Real=0.07s
[16.309s][info][gc,start       ] GC(219) Pause Young (Allocation Failure)
[16.378s][info][gc,heap        ] GC(219) PSYoungGen: 116992K(159232K)->88288K(163328K) Eden: 29696K(29696K)->0K(32768K) From: 87296K(129536K)->88288K(130560K)
[16.378s][info][gc,heap        ] GC(219) ParOldGen: 2431419K(2511872K)->2460355K(2511872K)
[16.378s][info][gc,metaspace   ] GC(219) Metaspace: 6302K(6464K)->6302K(6464K) NonClass: 5768K(5824K)->5768K(5824K) Class: 533K(640K)->533K(640K)
[16.378s][info][gc             ] GC(219) Pause Young (Allocation Failure) 2488M->2488M(2612M) 69.106ms
[16.378s][info][gc,cpu         ] GC(219) User=0.31s Sys=0.06s Real=0.07s
[16.378s][info][gc,start       ] GC(220) Pause Full (Ergonomics)
[16.378s][info][gc,phases,start] GC(220) Marking Phase
[16.937s][info][gc,phases      ] GC(220) Marking Phase 559.625ms
[16.937s][info][gc,phases,start] GC(220) Summary Phase
[16.938s][info][gc,phases      ] GC(220) Summary Phase 0.045ms
[16.938s][info][gc,phases,start] GC(220) Adjust Roots
[16.938s][info][gc,phases      ] GC(220) Adjust Roots 0.173ms
[16.938s][info][gc,phases,start] GC(220) Compaction Phase
[17.163s][info][gc,phases      ] GC(220) Compaction Phase 224.879ms
[17.163s][info][gc,phases,start] GC(220) Post Compact
[17.167s][info][gc,phases      ] GC(220) Post Compact 4.452ms
[17.168s][info][gc,heap        ] GC(220) PSYoungGen: 88288K(163328K)->34823K(163328K) Eden: 0K(32768K)->0K(32768K) From: 88288K(130560K)->34823K(130560K)
[17.168s][info][gc,heap        ] GC(220) ParOldGen: 2460355K(2511872K)->2511602K(2764288K)
[17.168s][info][gc,metaspace   ] GC(220) Metaspace: 6302K(6464K)->6302K(6464K) NonClass: 5768K(5824K)->5768K(5824K) Class: 533K(640K)->533K(640K)
[17.168s][info][gc             ] GC(220) Pause Full (Ergonomics) 2488M->2486M(2859M) 790.563ms
[17.168s][info][gc,cpu         ] GC(220) User=5.89s Sys=0.17s Real=0.79s
[17.209s][info][gc,start       ] GC(221) Pause Young (Allocation Failure)
[17.358s][info][gc,heap        ] GC(221) PSYoungGen: 67591K(163328K)->44448K(164352K) Eden: 32768K(32768K)->0K(32768K) From: 34823K(130560K)->44448K(131584K)
[17.358s][info][gc,heap        ] GC(221) ParOldGen: 2511602K(2764288K)->2535170K(2764288K)
[17.358s][info][gc,metaspace   ] GC(221) Metaspace: 6302K(6464K)->6302K(6464K) NonClass: 5768K(5824K)->5768K(5824K) Class: 533K(640K)->533K(640K)
[17.358s][info][gc             ] GC(221) Pause Young (Allocation Failure) 2518M->2519M(2860M) 148.955ms
[17.358s][info][gc,cpu         ] GC(221) User=1.03s Sys=0.00s Real=0.15s
[17.401s][info][gc,start       ] GC(222) Pause Young (Allocation Failure)
[17.449s][info][gc,heap        ] GC(222) PSYoungGen: 77216K(164352K)->65728K(155136K) Eden: 32768K(32768K)->0K(36352K) From: 44448K(131584K)->65728K(118784K)
[17.449s][info][gc,heap        ] GC(222) ParOldGen: 2535170K(2764288K)->2546818K(2764288K)
[17.449s][info][gc,metaspace   ] GC(222) Metaspace: 6302K(6464K)->6302K(6464K) NonClass: 5768K(5824K)->5768K(5824K) Class: 533K(640K)->533K(640K)
[17.449s][info][gc             ] GC(222) Pause Young (Allocation Failure) 2551M->2551M(2851M) 47.704ms
[17.449s][info][gc,cpu         ] GC(222) User=0.16s Sys=0.11s Real=0.05s
[17.492s][info][gc,start       ] GC(223) Pause Young (Allocation Failure)
[17.554s][info][gc,heap        ] GC(223) PSYoungGen: 102080K(155136K)->69312K(105984K) Eden: 36352K(36352K)->0K(36352K) From: 65728K(118784K)->69312K(69632K)
[17.554s][info][gc,heap        ] GC(223) ParOldGen: 2546818K(2764288K)->2579890K(2764288K)
[17.554s][info][gc,metaspace   ] GC(223) Metaspace: 6302K(6464K)->6302K(6464K) NonClass: 5768K(5824K)->5768K(5824K) Class: 533K(640K)->533K(640K)
[17.554s][info][gc             ] GC(223) Pause Young (Allocation Failure) 2586M->2587M(2803M) 62.511ms
[17.554s][info][gc,cpu         ] GC(223) User=0.30s Sys=0.09s Real=0.06s
[17.600s][info][gc,start       ] GC(224) Pause Young (Allocation Failure)
[17.665s][info][gc,heap        ] GC(224) PSYoungGen: 105664K(105984K)->72928K(153088K) Eden: 36352K(36352K)->0K(40960K) From: 69312K(69632K)->72928K(112128K)
[17.665s][info][gc,heap        ] GC(224) ParOldGen: 2579890K(2764288K)->2612954K(2764288K)
[17.665s][info][gc,metaspace   ] GC(224) Metaspace: 6302K(6464K)->6302K(6464K) NonClass: 5768K(5824K)->5768K(5824K) Class: 533K(640K)->533K(640K)
[17.665s][info][gc             ] GC(224) Pause Young (Allocation Failure) 2622M->2622M(2849M) 65.487ms
[17.665s][info][gc,cpu         ] GC(224) User=0.38s Sys=0.14s Real=0.07s
[17.715s][info][gc,start       ] GC(225) Pause Young (Allocation Failure)
[17.786s][info][gc,heap        ] GC(225) PSYoungGen: 113888K(153088K)->77504K(156672K) Eden: 40960K(40960K)->0K(40960K) From: 72928K(112128K)->77504K(115712K)
[17.786s][info][gc,heap        ] GC(225) ParOldGen: 2612954K(2764288K)->2649642K(2764288K)
[17.786s][info][gc,metaspace   ] GC(225) Metaspace: 6302K(6464K)->6302K(6464K) NonClass: 5768K(5824K)->5768K(5824K) Class: 533K(640K)->533K(640K)
[17.786s][info][gc             ] GC(225) Pause Young (Allocation Failure) 2662M->2663M(2852M) 71.313ms
[17.786s][info][gc,cpu         ] GC(225) User=0.28s Sys=0.09s Real=0.07s
[17.833s][info][gc,start       ] GC(226) Pause Young (Allocation Failure)
[17.908s][info][gc,heap        ] GC(226) PSYoungGen: 118464K(156672K)->82176K(160256K) Eden: 40960K(40960K)->0K(45568K) From: 77504K(115712K)->82176K(114688K)
[17.909s][info][gc,heap        ] GC(226) ParOldGen: 2649642K(2764288K)->2686330K(2764288K)
[17.909s][info][gc,metaspace   ] GC(226) Metaspace: 6302K(6464K)->6302K(6464K) NonClass: 5768K(5824K)->5768K(5824K) Class: 533K(640K)->533K(640K)
[17.909s][info][gc             ] GC(226) Pause Young (Allocation Failure) 2703M->2703M(2856M) 75.219ms
[17.909s][info][gc,cpu         ] GC(226) User=0.50s Sys=0.12s Real=0.08s
[17.962s][info][gc,start       ] GC(227) Pause Young (Allocation Failure)
[18.045s][info][gc,heap        ] GC(227) PSYoungGen: 127744K(160256K)->86816K(160256K) Eden: 45568K(45568K)->0K(45568K) From: 82176K(114688K)->86816K(114688K)
[18.045s][info][gc,heap        ] GC(227) ParOldGen: 2686330K(2764288K)->2727666K(2764288K)
[18.045s][info][gc,metaspace   ] GC(227) Metaspace: 6302K(6464K)->6302K(6464K) NonClass: 5768K(5824K)->5768K(5824K) Class: 533K(640K)->533K(640K)
[18.045s][info][gc             ] GC(227) Pause Young (Allocation Failure) 2748M->2748M(2856M) 82.649ms
[18.045s][info][gc,cpu         ] GC(227) User=0.52s Sys=0.00s Real=0.08s
[18.045s][info][gc,start       ] GC(228) Pause Full (Ergonomics)
[18.045s][info][gc,phases,start] GC(228) Marking Phase
[18.677s][info][gc,phases      ] GC(228) Marking Phase 632.168ms
[18.677s][info][gc,phases,start] GC(228) Summary Phase
[18.677s][info][gc,phases      ] GC(228) Summary Phase 0.038ms
[18.677s][info][gc,phases,start] GC(228) Adjust Roots
[18.678s][info][gc,phases      ] GC(228) Adjust Roots 0.163ms
[18.678s][info][gc,phases,start] GC(228) Compaction Phase
[18.928s][info][gc,phases      ] GC(228) Compaction Phase 250.309ms
[18.928s][info][gc,phases,start] GC(228) Post Compact
[18.933s][info][gc,phases      ] GC(228) Post Compact 5.032ms
[18.936s][info][gc,heap        ] GC(228) PSYoungGen: 86816K(160256K)->48128K(160256K) Eden: 0K(45568K)->0K(45568K) From: 86816K(114688K)->48128K(114688K)
[18.936s][info][gc,heap        ] GC(228) ParOldGen: 2727666K(2764288K)->2763809K(3042304K)
[18.936s][info][gc,metaspace   ] GC(228) Metaspace: 6302K(6464K)->6302K(6464K) NonClass: 5768K(5824K)->5768K(5824K) Class: 533K(640K)->533K(640K)
[18.936s][info][gc             ] GC(228) Pause Full (Ergonomics) 2748M->2746M(3127M) 890.927ms
[18.936s][info][gc,cpu         ] GC(228) User=6.62s Sys=0.14s Real=0.89s
[19.588s][info][gc,start       ] GC(229) Pause Young (Allocation Failure)
[19.748s][info][gc,heap        ] GC(229) PSYoungGen: 93696K(160256K)->71904K(157184K) Eden: 45568K(45568K)->0K(50176K) From: 48128K(114688K)->71904K(107008K)
[19.748s][info][gc,heap        ] GC(229) ParOldGen: 2894881K(3042304K)->2917177K(3042304K)
[19.748s][info][gc,metaspace   ] GC(229) Metaspace: 6302K(6464K)->6302K(6464K) NonClass: 5768K(5824K)->5768K(5824K) Class: 533K(640K)->533K(640K)
[19.748s][info][gc             ] GC(229) Pause Young (Allocation Failure) 2918M->2919M(3124M) 159.758ms
[19.748s][info][gc,cpu         ] GC(229) User=1.00s Sys=0.11s Real=0.16s
[19.804s][info][gc,start       ] GC(230) Pause Young (Allocation Failure)
[19.873s][info][gc,heap        ] GC(230) PSYoungGen: 122080K(157184K)->112128K(162304K) Eden: 50176K(50176K)->0K(50176K) From: 71904K(107008K)->112128K(112128K)
[19.873s][info][gc,heap        ] GC(230) ParOldGen: 2917177K(3042304K)->2927161K(3042304K)
[19.873s][info][gc,metaspace   ] GC(230) Metaspace: 6302K(6464K)->6302K(6464K) NonClass: 5768K(5824K)->5768K(5824K) Class: 533K(640K)->533K(640K)
[19.873s][info][gc             ] GC(230) Pause Young (Allocation Failure) 2968M->2968M(3129M) 68.648ms
[19.873s][info][gc,cpu         ] GC(230) User=0.22s Sys=0.00s Real=0.07s
[19.924s][info][gc,start       ] GC(231) Pause Young (Allocation Failure)
[20.031s][info][gc,heap        ] GC(231) PSYoungGen: 162304K(162304K)->100576K(178176K) Eden: 50176K(50176K)->0K(51712K) From: 112128K(112128K)->100576K(126464K)
[20.031s][info][gc,heap        ] GC(231) ParOldGen: 2927161K(3042304K)->2989521K(3042304K)
[20.031s][info][gc,metaspace   ] GC(231) Metaspace: 6302K(6464K)->6302K(6464K) NonClass: 5768K(5824K)->5768K(5824K) Class: 533K(640K)->533K(640K)
[20.031s][info][gc             ] GC(231) Pause Young (Allocation Failure) 3017M->3017M(3145M) 106.709ms
[20.031s][info][gc,cpu         ] GC(231) User=0.39s Sys=0.36s Real=0.11s
[20.031s][info][gc,start       ] GC(232) Pause Full (Ergonomics)
[20.031s][info][gc,phases,start] GC(232) Marking Phase
[20.707s][info][gc,phases      ] GC(232) Marking Phase 675.944ms
[20.707s][info][gc,phases,start] GC(232) Summary Phase
[20.707s][info][gc,phases      ] GC(232) Summary Phase 0.075ms
[20.707s][info][gc,phases,start] GC(232) Adjust Roots
[20.707s][info][gc,phases      ] GC(232) Adjust Roots 0.169ms
[20.707s][info][gc,phases,start] GC(232) Compaction Phase
[21.172s][info][gc,phases      ] GC(232) Compaction Phase 464.566ms
[21.172s][info][gc,phases,start] GC(232) Post Compact
[21.179s][info][gc,phases      ] GC(232) Post Compact 7.116ms
[21.182s][info][gc,heap        ] GC(232) PSYoungGen: 100576K(178176K)->0K(181760K) Eden: 0K(51712K)->0K(51712K) From: 100576K(126464K)->0K(130048K)
[21.182s][info][gc,heap        ] GC(232) ParOldGen: 2989521K(3042304K)->3023295K(3334144K)
[21.182s][info][gc,metaspace   ] GC(232) Metaspace: 6302K(6464K)->6302K(6464K) NonClass: 5768K(5824K)->5768K(5824K) Class: 533K(640K)->533K(640K)
[21.182s][info][gc             ] GC(232) Pause Full (Ergonomics) 3017M->2952M(3433M) 1150.641ms
[21.182s][info][gc,cpu         ] GC(232) User=8.12s Sys=0.09s Real=1.15s
[21.237s][info][gc,start       ] GC(233) Pause Young (Allocation Failure)
[21.282s][info][gc,heap        ] GC(233) PSYoungGen: 51712K(181760K)->51936K(185856K) Eden: 51712K(51712K)->0K(56832K) From: 0K(130048K)->51936K(129024K)
[21.282s][info][gc,heap        ] GC(233) ParOldGen: 3023295K(3334144K)->3023295K(3334144K)
[21.282s][info][gc,metaspace   ] GC(233) Metaspace: 6302K(6464K)->6302K(6464K) NonClass: 5768K(5824K)->5768K(5824K) Class: 533K(640K)->533K(640K)
[21.282s][info][gc             ] GC(233) Pause Young (Allocation Failure) 3002M->3003M(3437M) 44.899ms
[21.282s][info][gc,cpu         ] GC(233) User=0.06s Sys=0.00s Real=0.05s
[21.333s][info][gc,start       ] GC(234) Pause Young (Allocation Failure)
[21.395s][info][gc,heap        ] GC(234) PSYoungGen: 108768K(185856K)->108864K(186880K) Eden: 56832K(56832K)->0K(56832K) From: 51936K(129024K)->108864K(130048K)
[21.395s][info][gc,heap        ] GC(234) ParOldGen: 3023295K(3334144K)->3023295K(3334144K)
[21.395s][info][gc,metaspace   ] GC(234) Metaspace: 6302K(6464K)->6302K(6464K) NonClass: 5768K(5824K)->5768K(5824K) Class: 533K(640K)->533K(640K)
[21.395s][info][gc             ] GC(234) Pause Young (Allocation Failure) 3058M->3058M(3438M) 62.270ms
[21.395s][info][gc,cpu         ] GC(234) User=0.22s Sys=0.00s Real=0.06s
[21.455s][info][gc,start       ] GC(235) Pause Young (Allocation Failure)
[21.564s][info][gc,heap        ] GC(235) PSYoungGen: 165696K(186880K)->136192K(172544K) Eden: 56832K(56832K)->0K(36352K) From: 108864K(130048K)->136192K(136192K)
[21.564s][info][gc,heap        ] GC(235) ParOldGen: 3023295K(3334144K)->3052927K(3334144K)
[21.564s][info][gc,metaspace   ] GC(235) Metaspace: 6302K(6464K)->6302K(6464K) NonClass: 5768K(5824K)->5768K(5824K) Class: 533K(640K)->533K(640K)
[21.564s][info][gc             ] GC(235) Pause Young (Allocation Failure) 3114M->3114M(3424M) 109.397ms
[21.565s][info][gc,cpu         ] GC(235) User=0.47s Sys=0.30s Real=0.11s
[21.608s][info][gc,start       ] GC(236) Pause Young (Allocation Failure)
[21.699s][info][gc,heap        ] GC(236) PSYoungGen: 172544K(172544K)->141312K(198656K) Eden: 36352K(36352K)->0K(36352K) From: 136192K(136192K)->141312K(162304K)
[21.699s][info][gc,heap        ] GC(236) ParOldGen: 3052927K(3334144K)->3084591K(3334144K)
[21.699s][info][gc,metaspace   ] GC(236) Metaspace: 6302K(6464K)->6302K(6464K) NonClass: 5768K(5824K)->5768K(5824K) Class: 533K(640K)->533K(640K)
[21.699s][info][gc             ] GC(236) Pause Young (Allocation Failure) 3149M->3150M(3450M) 91.851ms
[21.700s][info][gc,cpu         ] GC(236) User=0.47s Sys=0.09s Real=0.09s
[21.737s][info][gc,start       ] GC(237) Pause Young (Allocation Failure)
[21.842s][info][gc,heap        ] GC(237) PSYoungGen: 177664K(198656K)->120832K(213504K) Eden: 36352K(36352K)->0K(38912K) From: 141312K(162304K)->120832K(174592K)
[21.842s][info][gc,heap        ] GC(237) ParOldGen: 3084591K(3334144K)->3141943K(3334144K)
[21.842s][info][gc,metaspace   ] GC(237) Metaspace: 6302K(6464K)->6302K(6464K) NonClass: 5768K(5824K)->5768K(5824K) Class: 533K(640K)->533K(640K)
[21.842s][info][gc             ] GC(237) Pause Young (Allocation Failure) 3185M->3186M(3464M) 104.991ms
[21.842s][info][gc,cpu         ] GC(237) User=0.62s Sys=0.14s Real=0.11s
[21.882s][info][gc,start       ] GC(238) Pause Young (Allocation Failure)
[21.989s][info][gc,heap        ] GC(238) PSYoungGen: 159744K(213504K)->75520K(215552K) Eden: 38912K(38912K)->0K(38912K) From: 120832K(174592K)->75520K(176640K)
[21.989s][info][gc,heap        ] GC(238) ParOldGen: 3141943K(3334144K)->3226831K(3334144K)
[21.989s][info][gc,metaspace   ] GC(238) Metaspace: 6302K(6464K)->6302K(6464K) NonClass: 5768K(5824K)->5768K(5824K) Class: 533K(640K)->533K(640K)
[21.989s][info][gc             ] GC(238) Pause Young (Allocation Failure) 3224M->3224M(3466M) 107.244ms
[21.989s][info][gc,cpu         ] GC(238) User=0.41s Sys=0.34s Real=0.11s
[22.029s][info][gc,start       ] GC(239) Pause Young (Allocation Failure)
[22.111s][info][gc,heap        ] GC(239) PSYoungGen: 114432K(215552K)->39072K(214528K) Eden: 38912K(38912K)->0K(42496K) From: 75520K(176640K)->39072K(172032K)
[22.111s][info][gc,heap        ] GC(239) ParOldGen: 3226831K(3334144K)->3302735K(3334144K)
[22.111s][info][gc,metaspace   ] GC(239) Metaspace: 6302K(6464K)->6302K(6464K) NonClass: 5768K(5824K)->5768K(5824K) Class: 533K(640K)->533K(640K)
[22.111s][info][gc             ] GC(239) Pause Young (Allocation Failure) 3262M->3263M(3465M) 82.202ms
[22.111s][info][gc,cpu         ] GC(239) User=0.31s Sys=0.22s Real=0.08s
[22.111s][info][gc,start       ] GC(240) Pause Full (Ergonomics)
[22.111s][info][gc,phases,start] GC(240) Marking Phase
[22.855s][info][gc,phases      ] GC(240) Marking Phase 743.768ms
[22.855s][info][gc,phases,start] GC(240) Summary Phase
[22.855s][info][gc,phases      ] GC(240) Summary Phase 0.066ms
[22.855s][info][gc,phases,start] GC(240) Adjust Roots
[22.855s][info][gc,phases      ] GC(240) Adjust Roots 0.187ms
[22.855s][info][gc,phases,start] GC(240) Compaction Phase
[23.548s][info][gc,phases      ] GC(240) Compaction Phase 693.173ms
[23.549s][info][gc,phases,start] GC(240) Post Compact
[23.555s][info][gc,phases      ] GC(240) Post Compact 6.231ms
[23.558s][info][gc,heap        ] GC(240) PSYoungGen: 39072K(214528K)->5157K(214528K) Eden: 0K(42496K)->0K(42496K) From: 39072K(172032K)->5157K(172032K)
[23.558s][info][gc,heap        ] GC(240) ParOldGen: 3302735K(3334144K)->3333823K(3700224K)
[23.558s][info][gc,metaspace   ] GC(240) Metaspace: 6302K(6464K)->6302K(6464K) NonClass: 5768K(5824K)->5768K(5824K) Class: 533K(640K)->533K(640K)
[23.558s][info][gc             ] GC(240) Pause Full (Ergonomics) 3263M->3260M(3823M) 1446.917ms
[23.558s][info][gc,cpu         ] GC(240) User=10.23s Sys=0.08s Real=1.45s
[23.603s][info][gc,start       ] GC(241) Pause Young (Allocation Failure)
[23.781s][info][gc,heap        ] GC(241) PSYoungGen: 47653K(214528K)->42688K(216064K) Eden: 42496K(42496K)->0K(42496K) From: 5157K(172032K)->42688K(173568K)
[23.781s][info][gc,heap        ] GC(241) ParOldGen: 3333823K(3700224K)->3339063K(3700224K)
[23.781s][info][gc,metaspace   ] GC(241) Metaspace: 6302K(6464K)->6302K(6464K) NonClass: 5768K(5824K)->5768K(5824K) Class: 533K(640K)->533K(640K)
[23.781s][info][gc             ] GC(241) Pause Young (Allocation Failure) 3302M->3302M(3824M) 178.168ms
[23.781s][info][gc,cpu         ] GC(241) User=0.92s Sys=0.00s Real=0.18s
[23.827s][info][gc,start       ] GC(242) Pause Young (Allocation Failure)
[23.896s][info][gc,heap        ] GC(242) PSYoungGen: 85184K(216064K)->42720K(217088K) Eden: 42496K(42496K)->0K(47104K) From: 42688K(173568K)->42720K(169984K)
[23.896s][info][gc,heap        ] GC(242) ParOldGen: 3339063K(3700224K)->3381935K(3700224K)
[23.896s][info][gc,metaspace   ] GC(242) Metaspace: 6302K(6464K)->6302K(6464K) NonClass: 5768K(5824K)->5768K(5824K) Class: 533K(640K)->533K(640K)
[23.896s][info][gc             ] GC(242) Pause Young (Allocation Failure) 3343M->3344M(3825M) 69.142ms
[23.896s][info][gc,cpu         ] GC(242) User=0.16s Sys=0.12s Real=0.07s
[23.946s][info][gc,start       ] GC(243) Pause Young (Allocation Failure)
[24.015s][info][gc,heap        ] GC(243) PSYoungGen: 89824K(217088K)->47328K(218624K) Eden: 47104K(47104K)->0K(47104K) From: 42720K(169984K)->47328K(171520K)
[24.015s][info][gc,heap        ] GC(243) ParOldGen: 3381935K(3700224K)->3424823K(3700224K)
[24.015s][info][gc,metaspace   ] GC(243) Metaspace: 6302K(6464K)->6302K(6464K) NonClass: 5768K(5824K)->5768K(5824K) Class: 533K(640K)->533K(640K)
[24.015s][info][gc             ] GC(243) Pause Young (Allocation Failure) 3390M->3390M(3827M) 69.467ms
[24.015s][info][gc,cpu         ] GC(243) User=0.30s Sys=0.09s Real=0.07s
[24.060s][info][gc,start       ] GC(244) Pause Young (Allocation Failure)
[24.129s][info][gc,heap        ] GC(244) PSYoungGen: 94432K(218624K)->47296K(212480K) Eden: 47104K(47104K)->0K(52736K) From: 47328K(171520K)->47296K(159744K)
[24.129s][info][gc,heap        ] GC(244) ParOldGen: 3424823K(3700224K)->3472351K(3700224K)
[24.129s][info][gc,metaspace   ] GC(244) Metaspace: 6302K(6464K)->6302K(6464K) NonClass: 5768K(5824K)->5768K(5824K) Class: 533K(640K)->533K(640K)
[24.130s][info][gc             ] GC(244) Pause Young (Allocation Failure) 3436M->3437M(3821M) 69.842ms
[24.130s][info][gc,cpu         ] GC(244) User=0.14s Sys=0.17s Real=0.07s
[24.186s][info][gc,start       ] GC(245) Pause Young (Allocation Failure)
[24.258s][info][gc,heap        ] GC(245) PSYoungGen: 100032K(212480K)->52928K(216576K) Eden: 52736K(52736K)->0K(52736K) From: 47296K(159744K)->52928K(163840K)
[24.259s][info][gc,heap        ] GC(245) ParOldGen: 3472351K(3700224K)->3519879K(3700224K)
[24.259s][info][gc,metaspace   ] GC(245) Metaspace: 6302K(6464K)->6302K(6464K) NonClass: 5768K(5824K)->5768K(5824K) Class: 533K(640K)->533K(640K)
[24.259s][info][gc             ] GC(245) Pause Young (Allocation Failure) 3488M->3489M(3825M) 72.421ms
[24.259s][info][gc,cpu         ] GC(245) User=0.27s Sys=0.06s Real=0.07s
[24.315s][info][gc,start       ] GC(246) Pause Young (Allocation Failure)
[24.389s][info][gc,heap        ] GC(246) PSYoungGen: 105664K(216576K)->52928K(206336K) Eden: 52736K(52736K)->0K(58880K) From: 52928K(163840K)->52928K(147456K)
[24.389s][info][gc,heap        ] GC(246) ParOldGen: 3519879K(3700224K)->3573087K(3700224K)
[24.389s][info][gc,metaspace   ] GC(246) Metaspace: 6302K(6464K)->6302K(6464K) NonClass: 5768K(5824K)->5768K(5824K) Class: 533K(640K)->533K(640K)
[24.389s][info][gc             ] GC(246) Pause Young (Allocation Failure) 3540M->3541M(3815M) 73.582ms
[24.389s][info][gc,cpu         ] GC(246) User=0.27s Sys=0.25s Real=0.07s
[24.454s][info][gc,start       ] GC(247) Pause Young (Allocation Failure)
[24.532s][info][gc,heap        ] GC(247) PSYoungGen: 111808K(206336K)->59136K(211968K) Eden: 58880K(58880K)->0K(58880K) From: 52928K(147456K)->59136K(153088K)
[24.532s][info][gc,heap        ] GC(247) ParOldGen: 3573087K(3700224K)->3626295K(3700224K)
[24.532s][info][gc,metaspace   ] GC(247) Metaspace: 6302K(6464K)->6302K(6464K) NonClass: 5768K(5824K)->5768K(5824K) Class: 533K(640K)->533K(640K)
[24.532s][info][gc             ] GC(247) Pause Young (Allocation Failure) 3598M->3599M(3820M) 78.099ms
[24.532s][info][gc,cpu         ] GC(247) User=0.36s Sys=0.16s Real=0.08s
[24.532s][info][gc,start       ] GC(248) Pause Full (Ergonomics)
[24.532s][info][gc,phases,start] GC(248) Marking Phase
[25.354s][info][gc,phases      ] GC(248) Marking Phase 821.936ms
[25.354s][info][gc,phases,start] GC(248) Summary Phase
[25.354s][info][gc,phases      ] GC(248) Summary Phase 0.078ms
[25.354s][info][gc,phases,start] GC(248) Adjust Roots
[25.354s][info][gc,phases      ] GC(248) Adjust Roots 0.189ms
[25.354s][info][gc,phases,start] GC(248) Compaction Phase
[25.720s][info][gc,phases      ] GC(248) Compaction Phase 365.720ms
[25.720s][info][gc,phases,start] GC(248) Post Compact
[25.727s][info][gc,phases      ] GC(248) Post Compact 6.705ms
[25.729s][info][gc,heap        ] GC(248) PSYoungGen: 59136K(211968K)->0K(211968K) Eden: 0K(58880K)->0K(65536K) From: 59136K(153088K)->0K(146432K)
[25.729s][info][gc,heap        ] GC(248) ParOldGen: 3626295K(3700224K)->3682306K(4071424K)
[25.729s][info][gc,metaspace   ] GC(248) Metaspace: 6302K(6464K)->6302K(6464K) NonClass: 5768K(5824K)->5768K(5824K) Class: 533K(640K)->533K(640K)
[25.729s][info][gc             ] GC(248) Pause Full (Ergonomics) 3599M->3596M(4183M) 1197.505ms
[25.729s][info][gc,cpu         ] GC(248) User=8.58s Sys=0.09s Real=1.20s
[25.792s][info][gc,start       ] GC(249) Pause Young (Allocation Failure)
[25.846s][info][gc,heap        ] GC(249) PSYoungGen: 65536K(211968K)->65792K(131584K) Eden: 65536K(65536K)->0K(65536K) From: 0K(146432K)->65792K(66048K)
[25.846s][info][gc,heap        ] GC(249) ParOldGen: 3682306K(4071424K)->3682306K(4071424K)
[25.846s][info][gc,metaspace   ] GC(249) Metaspace: 6302K(6464K)->6302K(6464K) NonClass: 5768K(5824K)->5768K(5824K) Class: 533K(640K)->533K(640K)
[25.846s][info][gc             ] GC(249) Pause Young (Allocation Failure) 3660M->3660M(4104M) 53.643ms
[25.846s][info][gc,cpu         ] GC(249) User=0.17s Sys=0.00s Real=0.05s
[25.912s][info][gc,start       ] GC(250) Pause Young (Allocation Failure)
[25.981s][info][gc,heap        ] GC(250) PSYoungGen: 131328K(131584K)->131456K(194560K) Eden: 65536K(65536K)->0K(55296K) From: 65792K(66048K)->131456K(139264K)
[25.981s][info][gc,heap        ] GC(250) ParOldGen: 3682306K(4071424K)->3682306K(4071424K)
[25.981s][info][gc,metaspace   ] GC(250) Metaspace: 6302K(6464K)->6302K(6464K) NonClass: 5768K(5824K)->5768K(5824K) Class: 533K(640K)->533K(640K)
[25.982s][info][gc             ] GC(250) Pause Young (Allocation Failure) 3724M->3724M(4166M) 69.847ms
[25.982s][info][gc,cpu         ] GC(250) User=0.42s Sys=0.02s Real=0.07s
[26.042s][info][gc,start       ] GC(251) Pause Young (Allocation Failure)
[26.140s][info][gc,heap        ] GC(251) PSYoungGen: 186752K(194560K)->155648K(210944K) Eden: 55296K(55296K)->0K(55296K) From: 131456K(139264K)->155648K(155648K)
[26.140s][info][gc,heap        ] GC(251) ParOldGen: 3682306K(4071424K)->3713562K(4071424K)
[26.140s][info][gc,metaspace   ] GC(251) Metaspace: 6302K(6464K)->6302K(6464K) NonClass: 5768K(5824K)->5768K(5824K) Class: 533K(640K)->533K(640K)
[26.140s][info][gc             ] GC(251) Pause Young (Allocation Failure) 3778M->3778M(4182M) 97.914ms
[26.140s][info][gc,cpu         ] GC(251) User=0.56s Sys=0.08s Real=0.10s
[26.199s][info][gc,start       ] GC(252) Pause Young (Allocation Failure)
[26.340s][info][gc,heap        ] GC(252) PSYoungGen: 210944K(210944K)->109504K(247808K) Eden: 55296K(55296K)->0K(61440K) From: 155648K(155648K)->109504K(186368K)
[26.340s][info][gc,heap        ] GC(252) ParOldGen: 3713562K(4071424K)->3815970K(4071424K)
[26.340s][info][gc,metaspace   ] GC(252) Metaspace: 6302K(6464K)->6302K(6464K) NonClass: 5768K(5824K)->5768K(5824K) Class: 533K(640K)->533K(640K)
[26.340s][info][gc             ] GC(252) Pause Young (Allocation Failure) 3832M->3833M(4218M) 140.781ms
[26.340s][info][gc,cpu         ] GC(252) User=0.70s Sys=0.31s Real=0.14s
[26.401s][info][gc,start       ] GC(253) Pause Young (Allocation Failure)
[26.510s][info][gc,heap        ] GC(253) PSYoungGen: 170944K(247808K)->117120K(248832K) Eden: 61440K(61440K)->0K(61440K) From: 109504K(186368K)->117120K(187392K)
[26.510s][info][gc,heap        ] GC(253) ParOldGen: 3815970K(4071424K)->3870322K(4071424K)
[26.510s][info][gc,metaspace   ] GC(253) Metaspace: 6302K(6464K)->6302K(6464K) NonClass: 5768K(5824K)->5768K(5824K) Class: 533K(640K)->533K(640K)
[26.510s][info][gc             ] GC(253) Pause Young (Allocation Failure) 3893M->3893M(4219M) 108.166ms
[26.510s][info][gc,cpu         ] GC(253) User=0.42s Sys=0.30s Real=0.11s
[26.572s][info][gc,start       ] GC(254) Pause Young (Allocation Failure)
[26.690s][info][gc,heap        ] GC(254) PSYoungGen: 178560K(248832K)->123232K(254976K) Eden: 61440K(61440K)->0K(66560K) From: 117120K(187392K)->123232K(188416K)
[26.690s][info][gc,heap        ] GC(254) ParOldGen: 3870322K(4071424K)->3926106K(4071424K)
[26.690s][info][gc,metaspace   ] GC(254) Metaspace: 6302K(6464K)->6302K(6464K) NonClass: 5768K(5824K)->5768K(5824K) Class: 533K(640K)->533K(640K)
[26.690s][info][gc             ] GC(254) Pause Young (Allocation Failure) 3953M->3954M(4225M) 118.197ms
[26.690s][info][gc,cpu         ] GC(254) User=0.61s Sys=0.25s Real=0.12s
[26.768s][info][gc,start       ] GC(255) Pause Young (Allocation Failure)
[26.893s][info][gc,heap        ] GC(255) PSYoungGen: 189792K(254976K)->128352K(257024K) Eden: 66560K(66560K)->0K(66560K) From: 123232K(188416K)->128352K(190464K)
[26.893s][info][gc,heap        ] GC(255) ParOldGen: 3926106K(4071424K)->3988082K(4071424K)
[26.893s][info][gc,metaspace   ] GC(255) Metaspace: 6302K(6464K)->6302K(6464K) NonClass: 5768K(5824K)->5768K(5824K) Class: 533K(640K)->533K(640K)
[26.893s][info][gc             ] GC(255) Pause Young (Allocation Failure) 4019M->4019M(4227M) 125.008ms
[26.893s][info][gc,cpu         ] GC(255) User=0.48s Sys=0.50s Real=0.12s
[26.893s][info][gc,start       ] GC(256) Pause Full (Ergonomics)
[26.893s][info][gc,phases,start] GC(256) Marking Phase
[27.799s][info][gc,phases      ] GC(256) Marking Phase 906.037ms
[27.799s][info][gc,phases,start] GC(256) Summary Phase
[27.799s][info][gc,phases      ] GC(256) Summary Phase 0.078ms
[27.799s][info][gc,phases,start] GC(256) Adjust Roots
[27.799s][info][gc,phases      ] GC(256) Adjust Roots 0.235ms
[27.799s][info][gc,phases,start] GC(256) Compaction Phase
[28.226s][info][gc,phases      ] GC(256) Compaction Phase 427.131ms
[28.226s][info][gc,phases,start] GC(256) Post Compact
[28.233s][info][gc,phases      ] GC(256) Post Compact 6.357ms
[28.234s][info][gc,heap        ] GC(256) PSYoungGen: 128352K(257024K)->42090K(257024K) Eden: 0K(66560K)->0K(66560K) From: 128352K(190464K)->42090K(190464K)
[28.234s][info][gc,heap        ] GC(256) ParOldGen: 3988082K(4071424K)->4071110K(4164608K)
[28.234s][info][gc,metaspace   ] GC(256) Metaspace: 6302K(6464K)->6302K(6464K) NonClass: 5768K(5824K)->5768K(5824K) Class: 533K(640K)->533K(640K)
[28.234s][info][gc             ] GC(256) Pause Full (Ergonomics) 4019M->4016M(4318M) 1341.627ms
[28.234s][info][gc,cpu         ] GC(256) User=9.73s Sys=0.20s Real=1.34s
[28.306s][info][gc,start       ] GC(257) Pause Full (Ergonomics)
[28.306s][info][gc,phases,start] GC(257) Marking Phase
[29.237s][info][gc,phases      ] GC(257) Marking Phase 930.785ms
[29.237s][info][gc,phases,start] GC(257) Summary Phase
[29.237s][info][gc,phases      ] GC(257) Summary Phase 0.062ms
[29.237s][info][gc,phases,start] GC(257) Adjust Roots
[29.237s][info][gc,phases      ] GC(257) Adjust Roots 0.159ms
[29.237s][info][gc,phases,start] GC(257) Compaction Phase
[29.557s][info][gc,phases      ] GC(257) Compaction Phase 319.983ms
[29.557s][info][gc,phases,start] GC(257) Post Compact
[29.564s][info][gc,phases      ] GC(257) Post Compact 6.424ms
[29.564s][info][gc,heap        ] GC(257) PSYoungGen: 108650K(257024K)->15466K(257024K) Eden: 66560K(66560K)->0K(66560K) From: 42090K(190464K)->15466K(190464K)
[29.564s][info][gc,heap        ] GC(257) ParOldGen: 4071110K(4164608K)->4164265K(4164608K)
[29.564s][info][gc,metaspace   ] GC(257) Metaspace: 6302K(6464K)->6302K(6464K) NonClass: 5768K(5824K)->5768K(5824K) Class: 533K(640K)->533K(640K)
[29.564s][info][gc             ] GC(257) Pause Full (Ergonomics) 4081M->4081M(4318M) 1257.778ms
[29.564s][info][gc,cpu         ] GC(257) User=9.34s Sys=0.19s Real=1.26s
[29.628s][info][gc,start       ] GC(258) Pause Full (Ergonomics)
[29.628s][info][gc,phases,start] GC(258) Marking Phase
[30.564s][info][gc,phases      ] GC(258) Marking Phase 935.664ms
[30.564s][info][gc,phases,start] GC(258) Summary Phase
[30.564s][info][gc,phases      ] GC(258) Summary Phase 0.050ms
[30.564s][info][gc,phases,start] GC(258) Adjust Roots
[30.564s][info][gc,phases      ] GC(258) Adjust Roots 0.181ms
[30.564s][info][gc,phases,start] GC(258) Compaction Phase
[30.874s][info][gc,phases      ] GC(258) Compaction Phase 309.254ms
[30.874s][info][gc,phases,start] GC(258) Post Compact
[30.880s][info][gc,phases      ] GC(258) Post Compact 6.017ms
[30.880s][info][gc,heap        ] GC(258) PSYoungGen: 82026K(257024K)->81996K(257024K) Eden: 66560K(66560K)->66529K(66560K) From: 15466K(190464K)->15466K(190464K)
[30.880s][info][gc,heap        ] GC(258) ParOldGen: 4164265K(4164608K)->4164265K(4164608K)
[30.880s][info][gc,metaspace   ] GC(258) Metaspace: 6302K(6464K)->6302K(6464K) NonClass: 5768K(5824K)->5768K(5824K) Class: 533K(640K)->533K(640K)
[30.880s][info][gc             ] GC(258) Pause Full (Ergonomics) 4146M->4146M(4318M) 1251.508ms
[30.880s][info][gc,cpu         ] GC(258) User=9.31s Sys=0.00s Real=1.25s
[30.880s][info][gc,start       ] GC(259) Pause Full (Ergonomics)
[30.880s][info][gc,phases,start] GC(259) Marking Phase
[31.822s][info][gc,phases      ] GC(259) Marking Phase 941.632ms
[31.822s][info][gc,phases,start] GC(259) Summary Phase
[31.822s][info][gc,phases      ] GC(259) Summary Phase 0.049ms
[31.822s][info][gc,phases,start] GC(259) Adjust Roots
[31.822s][info][gc,phases      ] GC(259) Adjust Roots 0.164ms
[31.822s][info][gc,phases,start] GC(259) Compaction Phase
[32.116s][info][gc,phases      ] GC(259) Compaction Phase 294.330ms
[32.116s][info][gc,phases,start] GC(259) Post Compact
[32.123s][info][gc,phases      ] GC(259) Post Compact 6.406ms
[32.123s][info][gc,heap        ] GC(259) PSYoungGen: 82026K(257024K)->82025K(257024K) Eden: 66560K(66560K)->66559K(66560K) From: 15466K(190464K)->15466K(190464K)
[32.123s][info][gc,heap        ] GC(259) ParOldGen: 4164265K(4164608K)->4164265K(4164608K)
[32.123s][info][gc,metaspace   ] GC(259) Metaspace: 6302K(6464K)->6302K(6464K) NonClass: 5768K(5824K)->5768K(5824K) Class: 533K(640K)->533K(640K)
[32.123s][info][gc             ] GC(259) Pause Full (Ergonomics) 4146M->4146M(4318M) 1242.900ms
[32.123s][info][gc,cpu         ] GC(259) User=9.30s Sys=0.00s Real=1.24s
[32.123s][info][gc,start       ] GC(260) Pause Full (Ergonomics)
[32.123s][info][gc,phases,start] GC(260) Marking Phase
[33.059s][info][gc,phases      ] GC(260) Marking Phase 935.530ms
[33.059s][info][gc,phases,start] GC(260) Summary Phase
[33.059s][info][gc,phases      ] GC(260) Summary Phase 0.048ms
[33.059s][info][gc,phases,start] GC(260) Adjust Roots
[33.059s][info][gc,phases      ] GC(260) Adjust Roots 0.162ms
[33.059s][info][gc,phases,start] GC(260) Compaction Phase
[33.350s][info][gc,phases      ] GC(260) Compaction Phase 291.537ms
[33.350s][info][gc,phases,start] GC(260) Post Compact
[33.356s][info][gc,phases      ] GC(260) Post Compact 6.019ms
[33.357s][info][gc,heap        ] GC(260) PSYoungGen: 82026K(257024K)->82026K(257024K) Eden: 66559K(66560K)->66559K(66560K) From: 15466K(190464K)->15466K(190464K)
[33.357s][info][gc,heap        ] GC(260) ParOldGen: 4164265K(4164608K)->4164265K(4164608K)
[33.357s][info][gc,metaspace   ] GC(260) Metaspace: 6302K(6464K)->6302K(6464K) NonClass: 5768K(5824K)->5768K(5824K) Class: 533K(640K)->533K(640K)
[33.357s][info][gc             ] GC(260) Pause Full (Ergonomics) 4146M->4146M(4318M) 1233.582ms
[33.357s][info][gc,cpu         ] GC(260) User=9.23s Sys=0.00s Real=1.23s
[33.357s][info][gc,start       ] GC(261) Pause Full (Ergonomics)
[33.357s][info][gc,phases,start] GC(261) Marking Phase
[34.299s][info][gc,phases      ] GC(261) Marking Phase 942.563ms
[34.299s][info][gc,phases,start] GC(261) Summary Phase
[34.300s][info][gc,phases      ] GC(261) Summary Phase 0.096ms
[34.300s][info][gc,phases,start] GC(261) Adjust Roots
[34.300s][info][gc,phases      ] GC(261) Adjust Roots 0.375ms
[34.300s][info][gc,phases,start] GC(261) Compaction Phase
[34.631s][info][gc,phases      ] GC(261) Compaction Phase 330.589ms
[34.631s][info][gc,phases,start] GC(261) Post Compact
[34.638s][info][gc,phases      ] GC(261) Post Compact 6.884ms
[34.638s][info][gc,heap        ] GC(261) PSYoungGen: 82026K(257024K)->82026K(257024K) Eden: 66559K(66560K)->66559K(66560K) From: 15466K(190464K)->15466K(190464K)
[34.638s][info][gc,heap        ] GC(261) ParOldGen: 4164270K(4164608K)->4164270K(4164608K)
[34.638s][info][gc,metaspace   ] GC(261) Metaspace: 6302K(6464K)->6302K(6464K) NonClass: 5768K(5824K)->5768K(5824K) Class: 533K(640K)->533K(640K)
[34.638s][info][gc             ] GC(261) Pause Full (Ergonomics) 4146M->4146M(4318M) 1280.998ms
[34.638s][info][gc,cpu         ] GC(261) User=9.45s Sys=0.00s Real=1.28s
[34.638s][info][gc,start       ] GC(262) Pause Full (Ergonomics)
[34.638s][info][gc,phases,start] GC(262) Marking Phase
[35.609s][info][gc,phases      ] GC(262) Marking Phase 970.680ms
[35.609s][info][gc,phases,start] GC(262) Summary Phase
[35.609s][info][gc,phases      ] GC(262) Summary Phase 0.079ms
[35.609s][info][gc,phases,start] GC(262) Adjust Roots
[35.609s][info][gc,phases      ] GC(262) Adjust Roots 0.373ms
[35.609s][info][gc,phases,start] GC(262) Compaction Phase
[35.918s][info][gc,phases      ] GC(262) Compaction Phase 308.678ms
[35.918s][info][gc,phases,start] GC(262) Post Compact
[35.926s][info][gc,phases      ] GC(262) Post Compact 7.987ms
[35.926s][info][gc,heap        ] GC(262) PSYoungGen: 82026K(257024K)->82026K(257024K) Eden: 66559K(66560K)->66559K(66560K) From: 15466K(190464K)->15466K(190464K)
[35.926s][info][gc,heap        ] GC(262) ParOldGen: 4164274K(4164608K)->4164274K(4164608K)
[35.926s][info][gc,metaspace   ] GC(262) Metaspace: 6302K(6464K)->6302K(6464K) NonClass: 5768K(5824K)->5768K(5824K) Class: 533K(640K)->533K(640K)
[35.926s][info][gc             ] GC(262) Pause Full (Ergonomics) 4146M->4146M(4318M) 1288.306ms
[35.926s][info][gc,cpu         ] GC(262) User=9.73s Sys=0.00s Real=1.29s
[35.927s][info][gc,start       ] GC(263) Pause Full (Ergonomics)
[35.927s][info][gc,phases,start] GC(263) Marking Phase
[36.897s][info][gc,phases      ] GC(263) Marking Phase 970.063ms
[36.897s][info][gc,phases,start] GC(263) Summary Phase
[36.897s][info][gc,phases      ] GC(263) Summary Phase 0.080ms
[36.897s][info][gc,phases,start] GC(263) Adjust Roots
[36.897s][info][gc,phases      ] GC(263) Adjust Roots 0.316ms
[36.897s][info][gc,phases,start] GC(263) Compaction Phase
[37.208s][info][gc,phases      ] GC(263) Compaction Phase 311.003ms
[37.208s][info][gc,phases,start] GC(263) Post Compact
[37.215s][info][gc,phases      ] GC(263) Post Compact 6.245ms
[37.215s][info][gc,heap        ] GC(263) PSYoungGen: 82026K(257024K)->82026K(257024K) Eden: 66559K(66560K)->66559K(66560K) From: 15466K(190464K)->15466K(190464K)
[37.215s][info][gc,heap        ] GC(263) ParOldGen: 4164279K(4164608K)->4164279K(4164608K)
[37.215s][info][gc,metaspace   ] GC(263) Metaspace: 6302K(6464K)->6302K(6464K) NonClass: 5768K(5824K)->5768K(5824K) Class: 533K(640K)->533K(640K)
[37.215s][info][gc             ] GC(263) Pause Full (Ergonomics) 4146M->4146M(4318M) 1288.104ms
[37.215s][info][gc,cpu         ] GC(263) User=9.53s Sys=0.00s Real=1.29s
[37.215s][info][gc,start       ] GC(264) Pause Full (Ergonomics)
[37.215s][info][gc,phases,start] GC(264) Marking Phase
[38.165s][info][gc,phases      ] GC(264) Marking Phase 949.940ms
[38.165s][info][gc,phases,start] GC(264) Summary Phase
[38.165s][info][gc,phases      ] GC(264) Summary Phase 0.098ms
[38.165s][info][gc,phases,start] GC(264) Adjust Roots
[38.165s][info][gc,phases      ] GC(264) Adjust Roots 0.327ms
[38.165s][info][gc,phases,start] GC(264) Compaction Phase
[38.474s][info][gc,phases      ] GC(264) Compaction Phase 308.272ms
[38.474s][info][gc,phases,start] GC(264) Post Compact
[38.480s][info][gc,phases      ] GC(264) Post Compact 6.473ms
[38.480s][info][gc,heap        ] GC(264) PSYoungGen: 82026K(257024K)->82026K(257024K) Eden: 66559K(66560K)->66559K(66560K) From: 15466K(190464K)->15466K(190464K)
[38.480s][info][gc,heap        ] GC(264) ParOldGen: 4164284K(4164608K)->4164284K(4164608K)
[38.480s][info][gc,metaspace   ] GC(264) Metaspace: 6302K(6464K)->6302K(6464K) NonClass: 5768K(5824K)->5768K(5824K) Class: 533K(640K)->533K(640K)
[38.480s][info][gc             ] GC(264) Pause Full (Ergonomics) 4146M->4146M(4318M) 1265.583ms
[38.480s][info][gc,cpu         ] GC(264) User=9.45s Sys=0.02s Real=1.27s
[38.481s][info][gc,start       ] GC(265) Pause Full (Ergonomics)
[38.481s][info][gc,phases,start] GC(265) Marking Phase
[39.424s][info][gc,phases      ] GC(265) Marking Phase 943.465ms
[39.424s][info][gc,phases,start] GC(265) Summary Phase
[39.424s][info][gc,phases      ] GC(265) Summary Phase 0.085ms
[39.424s][info][gc,phases,start] GC(265) Adjust Roots
[39.425s][info][gc,phases      ] GC(265) Adjust Roots 0.293ms
[39.425s][info][gc,phases,start] GC(265) Compaction Phase
[39.733s][info][gc,phases      ] GC(265) Compaction Phase 308.418ms
[39.733s][info][gc,phases,start] GC(265) Post Compact
[39.741s][info][gc,phases      ] GC(265) Post Compact 7.529ms
[39.741s][info][gc,heap        ] GC(265) PSYoungGen: 82026K(257024K)->82026K(257024K) Eden: 66559K(66560K)->66559K(66560K) From: 15466K(190464K)->15466K(190464K)
[39.741s][info][gc,heap        ] GC(265) ParOldGen: 4164289K(4164608K)->4164289K(4164608K)
[39.741s][info][gc,metaspace   ] GC(265) Metaspace: 6302K(6464K)->6302K(6464K) NonClass: 5768K(5824K)->5768K(5824K) Class: 533K(640K)->533K(640K)
[39.741s][info][gc             ] GC(265) Pause Full (Ergonomics) 4146M->4146M(4318M) 1260.220ms
[39.741s][info][gc,cpu         ] GC(265) User=9.47s Sys=0.00s Real=1.26s
[39.741s][info][gc,start       ] GC(266) Pause Full (Ergonomics)
[39.741s][info][gc,phases,start] GC(266) Marking Phase
[40.683s][info][gc,phases      ] GC(266) Marking Phase 942.053ms
[40.683s][info][gc,phases,start] GC(266) Summary Phase
[40.683s][info][gc,phases      ] GC(266) Summary Phase 0.080ms
[40.683s][info][gc,phases,start] GC(266) Adjust Roots
[40.684s][info][gc,phases      ] GC(266) Adjust Roots 0.289ms
[40.684s][info][gc,phases,start] GC(266) Compaction Phase
[40.995s][info][gc,phases      ] GC(266) Compaction Phase 310.988ms
[40.995s][info][gc,phases,start] GC(266) Post Compact
[41.001s][info][gc,phases      ] GC(266) Post Compact 6.383ms
[41.001s][info][gc,heap        ] GC(266) PSYoungGen: 82026K(257024K)->82026K(257024K) Eden: 66559K(66560K)->66559K(66560K) From: 15466K(190464K)->15466K(190464K)
[41.001s][info][gc,heap        ] GC(266) ParOldGen: 4164294K(4164608K)->4164294K(4164608K)
[41.001s][info][gc,metaspace   ] GC(266) Metaspace: 6302K(6464K)->6302K(6464K) NonClass: 5768K(5824K)->5768K(5824K) Class: 533K(640K)->533K(640K)
[41.001s][info][gc             ] GC(266) Pause Full (Ergonomics) 4146M->4146M(4318M) 1260.180ms
[41.001s][info][gc,cpu         ] GC(266) User=9.25s Sys=0.00s Real=1.26s
[41.002s][info][gc,start       ] GC(267) Pause Full (Ergonomics)
[41.002s][info][gc,phases,start] GC(267) Marking Phase
[41.957s][info][gc,phases      ] GC(267) Marking Phase 955.300ms
[41.957s][info][gc,phases,start] GC(267) Summary Phase
[41.957s][info][gc,phases      ] GC(267) Summary Phase 0.049ms
[41.957s][info][gc,phases,start] GC(267) Adjust Roots
[41.957s][info][gc,phases      ] GC(267) Adjust Roots 0.165ms
[41.957s][info][gc,phases,start] GC(267) Compaction Phase
[42.254s][info][gc,phases      ] GC(267) Compaction Phase 297.279ms
[42.255s][info][gc,phases,start] GC(267) Post Compact
[42.261s][info][gc,phases      ] GC(267) Post Compact 6.166ms
[42.261s][info][gc,heap        ] GC(267) PSYoungGen: 82026K(257024K)->82026K(257024K) Eden: 66559K(66560K)->66559K(66560K) From: 15466K(190464K)->15466K(190464K)
[42.261s][info][gc,heap        ] GC(267) ParOldGen: 4164299K(4164608K)->4164299K(4164608K)
[42.261s][info][gc,metaspace   ] GC(267) Metaspace: 6302K(6464K)->6302K(6464K) NonClass: 5768K(5824K)->5768K(5824K) Class: 533K(640K)->533K(640K)
[42.261s][info][gc             ] GC(267) Pause Full (Ergonomics) 4146M->4146M(4318M) 1259.273ms
[42.261s][info][gc,cpu         ] GC(267) User=9.55s Sys=0.02s Real=1.26s
[42.261s][info][gc,start       ] GC(268) Pause Full (Ergonomics)
[42.261s][info][gc,phases,start] GC(268) Marking Phase
[43.208s][info][gc,phases      ] GC(268) Marking Phase 947.083ms
[43.208s][info][gc,phases,start] GC(268) Summary Phase
[43.208s][info][gc,phases      ] GC(268) Summary Phase 0.079ms
[43.208s][info][gc,phases,start] GC(268) Adjust Roots
[43.209s][info][gc,phases      ] GC(268) Adjust Roots 0.371ms
[43.209s][info][gc,phases,start] GC(268) Compaction Phase
[43.534s][info][gc,phases      ] GC(268) Compaction Phase 324.876ms
[43.534s][info][gc,phases,start] GC(268) Post Compact
[43.541s][info][gc,phases      ] GC(268) Post Compact 6.975ms
[43.541s][info][gc,heap        ] GC(268) PSYoungGen: 82026K(257024K)->82026K(257024K) Eden: 66559K(66560K)->66559K(66560K) From: 15466K(190464K)->15466K(190464K)
[43.541s][info][gc,heap        ] GC(268) ParOldGen: 4164303K(4164608K)->4164303K(4164608K)
[43.541s][info][gc,metaspace   ] GC(268) Metaspace: 6302K(6464K)->6302K(6464K) NonClass: 5768K(5824K)->5768K(5824K) Class: 533K(640K)->533K(640K)
[43.541s][info][gc             ] GC(268) Pause Full (Ergonomics) 4146M->4146M(4318M) 1279.861ms
[43.541s][info][gc,cpu         ] GC(268) User=9.48s Sys=0.00s Real=1.28s
[43.541s][info][gc,start       ] GC(269) Pause Full (Ergonomics)
[43.541s][info][gc,phases,start] GC(269) Marking Phase
[44.504s][info][gc,phases      ] GC(269) Marking Phase 962.527ms
[44.504s][info][gc,phases,start] GC(269) Summary Phase
[44.504s][info][gc,phases      ] GC(269) Summary Phase 0.079ms
[44.504s][info][gc,phases,start] GC(269) Adjust Roots
[44.504s][info][gc,phases      ] GC(269) Adjust Roots 0.296ms
[44.504s][info][gc,phases,start] GC(269) Compaction Phase
[44.863s][info][gc,phases      ] GC(269) Compaction Phase 359.098ms
[44.863s][info][gc,phases,start] GC(269) Post Compact
[44.871s][info][gc,phases      ] GC(269) Post Compact 7.649ms
[44.871s][info][gc,heap        ] GC(269) PSYoungGen: 82026K(257024K)->82026K(257024K) Eden: 66559K(66560K)->66559K(66560K) From: 15466K(190464K)->15466K(190464K)
[44.871s][info][gc,heap        ] GC(269) ParOldGen: 4164308K(4164608K)->4164308K(4164608K)
[44.871s][info][gc,metaspace   ] GC(269) Metaspace: 6302K(6464K)->6302K(6464K) NonClass: 5768K(5824K)->5768K(5824K) Class: 533K(640K)->533K(640K)
[44.871s][info][gc             ] GC(269) Pause Full (Ergonomics) 4146M->4146M(4318M) 1330.126ms
[44.871s][info][gc,cpu         ] GC(269) User=9.58s Sys=0.00s Real=1.33s
[44.871s][info][gc,start       ] GC(270) Pause Full (Ergonomics)
[44.871s][info][gc,phases,start] GC(270) Marking Phase
[45.829s][info][gc,phases      ] GC(270) Marking Phase 957.690ms
[45.829s][info][gc,phases,start] GC(270) Summary Phase
[45.829s][info][gc,phases      ] GC(270) Summary Phase 0.060ms
[45.829s][info][gc,phases,start] GC(270) Adjust Roots
[45.830s][info][gc,phases      ] GC(270) Adjust Roots 0.236ms
[45.830s][info][gc,phases,start] GC(270) Compaction Phase
[46.162s][info][gc,phases      ] GC(270) Compaction Phase 332.098ms
[46.162s][info][gc,phases,start] GC(270) Post Compact
[46.168s][info][gc,phases      ] GC(270) Post Compact 6.417ms
[46.168s][info][gc,heap        ] GC(270) PSYoungGen: 82026K(257024K)->82026K(257024K) Eden: 66559K(66560K)->66559K(66560K) From: 15466K(190464K)->15466K(190464K)
[46.168s][info][gc,heap        ] GC(270) ParOldGen: 4164313K(4164608K)->4164313K(4164608K)
[46.168s][info][gc,metaspace   ] GC(270) Metaspace: 6302K(6464K)->6302K(6464K) NonClass: 5768K(5824K)->5768K(5824K) Class: 533K(640K)->533K(640K)
[46.168s][info][gc             ] GC(270) Pause Full (Ergonomics) 4146M->4146M(4318M) 1296.830ms
[46.168s][info][gc,cpu         ] GC(270) User=9.56s Sys=0.00s Real=1.30s
[46.168s][info][gc,start       ] GC(271) Pause Full (Ergonomics)
[46.168s][info][gc,phases,start] GC(271) Marking Phase
[47.126s][info][gc,phases      ] GC(271) Marking Phase 957.526ms
[47.126s][info][gc,phases,start] GC(271) Summary Phase
[47.126s][info][gc,phases      ] GC(271) Summary Phase 0.078ms
[47.126s][info][gc,phases,start] GC(271) Adjust Roots
[47.126s][info][gc,phases      ] GC(271) Adjust Roots 0.312ms
[47.127s][info][gc,phases,start] GC(271) Compaction Phase
[47.428s][info][gc,phases      ] GC(271) Compaction Phase 301.082ms
[47.428s][info][gc,phases,start] GC(271) Post Compact
[47.433s][info][gc,phases      ] GC(271) Post Compact 5.561ms
[47.433s][info][gc,heap        ] GC(271) PSYoungGen: 82026K(257024K)->82026K(257024K) Eden: 66559K(66560K)->66559K(66560K) From: 15466K(190464K)->15466K(190464K)
[47.433s][info][gc,heap        ] GC(271) ParOldGen: 4164318K(4164608K)->4164318K(4164608K)
[47.433s][info][gc,metaspace   ] GC(271) Metaspace: 6302K(6464K)->6302K(6464K) NonClass: 5768K(5824K)->5768K(5824K) Class: 533K(640K)->533K(640K)
[47.433s][info][gc             ] GC(271) Pause Full (Ergonomics) 4146M->4146M(4318M) 1264.887ms
[47.433s][info][gc,cpu         ] GC(271) User=9.53s Sys=0.00s Real=1.27s
[47.433s][info][gc,start       ] GC(272) Pause Full (Ergonomics)
[47.433s][info][gc,phases,start] GC(272) Marking Phase
[48.378s][info][gc,phases      ] GC(272) Marking Phase 944.747ms
[48.378s][info][gc,phases,start] GC(272) Summary Phase
[48.378s][info][gc,phases      ] GC(272) Summary Phase 0.052ms
[48.378s][info][gc,phases,start] GC(272) Adjust Roots
[48.379s][info][gc,phases      ] GC(272) Adjust Roots 0.198ms
[48.379s][info][gc,phases,start] GC(272) Compaction Phase
[48.698s][info][gc,phases      ] GC(272) Compaction Phase 319.418ms
[48.698s][info][gc,phases,start] GC(272) Post Compact
[48.704s][info][gc,phases      ] GC(272) Post Compact 6.258ms
[48.704s][info][gc,heap        ] GC(272) PSYoungGen: 82026K(257024K)->82026K(257024K) Eden: 66559K(66560K)->66559K(66560K) From: 15466K(190464K)->15466K(190464K)
[48.704s][info][gc,heap        ] GC(272) ParOldGen: 4164323K(4164608K)->4164323K(4164608K)
[48.704s][info][gc,metaspace   ] GC(272) Metaspace: 6302K(6464K)->6302K(6464K) NonClass: 5768K(5824K)->5768K(5824K) Class: 533K(640K)->533K(640K)
[48.704s][info][gc             ] GC(272) Pause Full (Ergonomics) 4146M->4146M(4318M) 1270.960ms
[48.704s][info][gc,cpu         ] GC(272) User=9.42s Sys=0.02s Real=1.27s
[48.705s][info][gc,start       ] GC(273) Pause Full (Ergonomics)
[48.705s][info][gc,phases,start] GC(273) Marking Phase
[49.661s][info][gc,phases      ] GC(273) Marking Phase 956.420ms
[49.661s][info][gc,phases,start] GC(273) Summary Phase
[49.661s][info][gc,phases      ] GC(273) Summary Phase 0.049ms
[49.661s][info][gc,phases,start] GC(273) Adjust Roots
[49.661s][info][gc,phases      ] GC(273) Adjust Roots 0.167ms
[49.661s][info][gc,phases,start] GC(273) Compaction Phase
[49.958s][info][gc,phases      ] GC(273) Compaction Phase 296.568ms
[49.958s][info][gc,phases,start] GC(273) Post Compact
[49.965s][info][gc,phases      ] GC(273) Post Compact 6.641ms
[49.965s][info][gc,heap        ] GC(273) PSYoungGen: 82026K(257024K)->82026K(257024K) Eden: 66559K(66560K)->66559K(66560K) From: 15466K(190464K)->15466K(190464K)
[49.965s][info][gc,heap        ] GC(273) ParOldGen: 4164328K(4164608K)->4164328K(4164608K)
[49.965s][info][gc,metaspace   ] GC(273) Metaspace: 6302K(6464K)->6302K(6464K) NonClass: 5768K(5824K)->5768K(5824K) Class: 533K(640K)->533K(640K)
[49.965s][info][gc             ] GC(273) Pause Full (Ergonomics) 4146M->4146M(4318M) 1260.180ms
[49.965s][info][gc,cpu         ] GC(273) User=9.64s Sys=0.00s Real=1.26s
[49.965s][info][gc,start       ] GC(274) Pause Full (Ergonomics)
[49.965s][info][gc,phases,start] GC(274) Marking Phase
[50.936s][info][gc,phases      ] GC(274) Marking Phase 970.663ms
[50.936s][info][gc,phases,start] GC(274) Summary Phase
[50.936s][info][gc,phases      ] GC(274) Summary Phase 0.048ms
[50.936s][info][gc,phases,start] GC(274) Adjust Roots
[50.936s][info][gc,phases      ] GC(274) Adjust Roots 0.167ms
[50.936s][info][gc,phases,start] GC(274) Compaction Phase
[51.295s][info][gc,phases      ] GC(274) Compaction Phase 359.047ms
[51.295s][info][gc,phases,start] GC(274) Post Compact
[51.301s][info][gc,phases      ] GC(274) Post Compact 6.315ms
[51.301s][info][gc,heap        ] GC(274) PSYoungGen: 82026K(257024K)->82026K(257024K) Eden: 66559K(66560K)->66559K(66560K) From: 15466K(190464K)->15466K(190464K)
[51.301s][info][gc,heap        ] GC(274) ParOldGen: 4164332K(4164608K)->4164332K(4164608K)
[51.301s][info][gc,metaspace   ] GC(274) Metaspace: 6302K(6464K)->6302K(6464K) NonClass: 5768K(5824K)->5768K(5824K) Class: 533K(640K)->533K(640K)
[51.302s][info][gc             ] GC(274) Pause Full (Ergonomics) 4146M->4146M(4318M) 1336.539ms
[51.302s][info][gc,cpu         ] GC(274) User=9.47s Sys=0.00s Real=1.34s
[51.302s][info][gc,start       ] GC(275) Pause Full (Ergonomics)
[51.302s][info][gc,phases,start] GC(275) Marking Phase
[52.253s][info][gc,phases      ] GC(275) Marking Phase 950.909ms
[52.253s][info][gc,phases,start] GC(275) Summary Phase
[52.253s][info][gc,phases      ] GC(275) Summary Phase 0.048ms
[52.253s][info][gc,phases,start] GC(275) Adjust Roots
[52.253s][info][gc,phases      ] GC(275) Adjust Roots 0.193ms
[52.253s][info][gc,phases,start] GC(275) Compaction Phase
[52.582s][info][gc,phases      ] GC(275) Compaction Phase 328.775ms
[52.582s][info][gc,phases,start] GC(275) Post Compact
[52.588s][info][gc,phases      ] GC(275) Post Compact 6.318ms
[52.588s][info][gc,heap        ] GC(275) PSYoungGen: 82026K(257024K)->82026K(257024K) Eden: 66559K(66560K)->66559K(66560K) From: 15466K(190464K)->15466K(190464K)
[52.588s][info][gc,heap        ] GC(275) ParOldGen: 4164337K(4164608K)->4164337K(4164608K)
[52.588s][info][gc,metaspace   ] GC(275) Metaspace: 6302K(6464K)->6302K(6464K) NonClass: 5768K(5824K)->5768K(5824K) Class: 533K(640K)->533K(640K)
[52.588s][info][gc             ] GC(275) Pause Full (Ergonomics) 4146M->4146M(4318M) 1286.522ms
[52.588s][info][gc,cpu         ] GC(275) User=9.55s Sys=0.00s Real=1.29s
[52.588s][info][gc,start       ] GC(276) Pause Full (Ergonomics)
[52.588s][info][gc,phases,start] GC(276) Marking Phase
[53.553s][info][gc,phases      ] GC(276) Marking Phase 965.021ms
[53.553s][info][gc,phases,start] GC(276) Summary Phase
[53.554s][info][gc,phases      ] GC(276) Summary Phase 0.048ms
[53.554s][info][gc,phases,start] GC(276) Adjust Roots
[53.554s][info][gc,phases      ] GC(276) Adjust Roots 0.161ms
[53.554s][info][gc,phases,start] GC(276) Compaction Phase
[53.846s][info][gc,phases      ] GC(276) Compaction Phase 291.950ms
[53.846s][info][gc,phases,start] GC(276) Post Compact
[53.852s][info][gc,phases      ] GC(276) Post Compact 6.583ms
[53.852s][info][gc,heap        ] GC(276) PSYoungGen: 82026K(257024K)->82026K(257024K) Eden: 66559K(66560K)->66559K(66560K) From: 15466K(190464K)->15466K(190464K)
[53.852s][info][gc,heap        ] GC(276) ParOldGen: 4164342K(4164608K)->4164342K(4164608K)
[53.852s][info][gc,metaspace   ] GC(276) Metaspace: 6302K(6464K)->6302K(6464K) NonClass: 5768K(5824K)->5768K(5824K) Class: 533K(640K)->533K(640K)
[53.852s][info][gc             ] GC(276) Pause Full (Ergonomics) 4146M->4146M(4318M) 1264.081ms
[53.852s][info][gc,cpu         ] GC(276) User=9.55s Sys=0.00s Real=1.26s
[53.853s][info][gc,start       ] GC(277) Pause Full (Ergonomics)
[53.853s][info][gc,phases,start] GC(277) Marking Phase
[54.808s][info][gc,phases      ] GC(277) Marking Phase 955.209ms
[54.808s][info][gc,phases,start] GC(277) Summary Phase
[54.808s][info][gc,phases      ] GC(277) Summary Phase 0.048ms
[54.808s][info][gc,phases,start] GC(277) Adjust Roots
[54.808s][info][gc,phases      ] GC(277) Adjust Roots 0.181ms
[54.808s][info][gc,phases,start] GC(277) Compaction Phase
[55.113s][info][gc,phases      ] GC(277) Compaction Phase 304.974ms
[55.113s][info][gc,phases,start] GC(277) Post Compact
[55.119s][info][gc,phases      ] GC(277) Post Compact 6.010ms
[55.119s][info][gc,heap        ] GC(277) PSYoungGen: 82026K(257024K)->82026K(257024K) Eden: 66559K(66560K)->66559K(66560K) From: 15466K(190464K)->15466K(190464K)
[55.119s][info][gc,heap        ] GC(277) ParOldGen: 4164347K(4164608K)->4164347K(4164608K)
[55.119s][info][gc,metaspace   ] GC(277) Metaspace: 6302K(6464K)->6302K(6464K) NonClass: 5768K(5824K)->5768K(5824K) Class: 533K(640K)->533K(640K)
[55.119s][info][gc             ] GC(277) Pause Full (Ergonomics) 4146M->4146M(4318M) 1266.752ms
[55.119s][info][gc,cpu         ] GC(277) User=9.47s Sys=0.00s Real=1.27s
[55.120s][info][gc,start       ] GC(278) Pause Full (Ergonomics)
[55.120s][info][gc,phases,start] GC(278) Marking Phase
[56.094s][info][gc,phases      ] GC(278) Marking Phase 974.275ms
[56.094s][info][gc,phases,start] GC(278) Summary Phase
[56.094s][info][gc,phases      ] GC(278) Summary Phase 0.049ms
[56.094s][info][gc,phases,start] GC(278) Adjust Roots
[56.094s][info][gc,phases      ] GC(278) Adjust Roots 0.161ms
[56.094s][info][gc,phases,start] GC(278) Compaction Phase
[56.444s][info][gc,phases      ] GC(278) Compaction Phase 349.736ms
[56.444s][info][gc,phases,start] GC(278) Post Compact
[56.450s][info][gc,phases      ] GC(278) Post Compact 6.280ms
[56.450s][info][gc,heap        ] GC(278) PSYoungGen: 82026K(257024K)->82026K(257024K) Eden: 66559K(66560K)->66559K(66560K) From: 15466K(190464K)->15466K(190464K)
[56.450s][info][gc,heap        ] GC(278) ParOldGen: 4164352K(4164608K)->4164352K(4164608K)
[56.450s][info][gc,metaspace   ] GC(278) Metaspace: 6302K(6464K)->6302K(6464K) NonClass: 5768K(5824K)->5768K(5824K) Class: 533K(640K)->533K(640K)
[56.450s][info][gc             ] GC(278) Pause Full (Ergonomics) 4146M->4146M(4318M) 1330.794ms
[56.450s][info][gc,cpu         ] GC(278) User=9.50s Sys=0.03s Real=1.33s
[56.451s][info][gc,start       ] GC(279) Pause Full (Ergonomics)
[56.451s][info][gc,phases,start] GC(279) Marking Phase
[57.422s][info][gc,phases      ] GC(279) Marking Phase 971.533ms
[57.422s][info][gc,phases,start] GC(279) Summary Phase
[57.422s][info][gc,phases      ] GC(279) Summary Phase 0.048ms
[57.422s][info][gc,phases,start] GC(279) Adjust Roots
[57.422s][info][gc,phases      ] GC(279) Adjust Roots 0.166ms
[57.422s][info][gc,phases,start] GC(279) Compaction Phase
[57.727s][info][gc,phases      ] GC(279) Compaction Phase 304.815ms
[57.727s][info][gc,phases,start] GC(279) Post Compact
[57.733s][info][gc,phases      ] GC(279) Post Compact 6.089ms
[57.734s][info][gc,heap        ] GC(279) PSYoungGen: 82026K(257024K)->82026K(257024K) Eden: 66559K(66560K)->66559K(66560K) From: 15466K(190464K)->15466K(190464K)
[57.734s][info][gc,heap        ] GC(279) ParOldGen: 4164357K(4164608K)->4164357K(4164608K)
[57.734s][info][gc,metaspace   ] GC(279) Metaspace: 6302K(6464K)->6302K(6464K) NonClass: 5768K(5824K)->5768K(5824K) Class: 533K(640K)->533K(640K)
[57.734s][info][gc             ] GC(279) Pause Full (Ergonomics) 4146M->4146M(4318M) 1282.935ms
[57.734s][info][gc,cpu         ] GC(279) User=9.77s Sys=0.02s Real=1.28s
[57.734s][info][gc,start       ] GC(280) Pause Full (Ergonomics)
[57.734s][info][gc,phases,start] GC(280) Marking Phase
[58.696s][info][gc,phases      ] GC(280) Marking Phase 962.245ms
[58.696s][info][gc,phases,start] GC(280) Summary Phase
[58.696s][info][gc,phases      ] GC(280) Summary Phase 0.056ms
[58.696s][info][gc,phases,start] GC(280) Adjust Roots
[58.696s][info][gc,phases      ] GC(280) Adjust Roots 0.171ms
[58.696s][info][gc,phases,start] GC(280) Compaction Phase
[59.003s][info][gc,phases      ] GC(280) Compaction Phase 306.776ms
[59.003s][info][gc,phases,start] GC(280) Post Compact
[59.010s][info][gc,phases      ] GC(280) Post Compact 6.540ms
[59.010s][info][gc,heap        ] GC(280) PSYoungGen: 82026K(257024K)->82026K(257024K) Eden: 66559K(66560K)->66559K(66560K) From: 15466K(190464K)->15466K(190464K)
[59.010s][info][gc,heap        ] GC(280) ParOldGen: 4164361K(4164608K)->4164361K(4164608K)
[59.010s][info][gc,metaspace   ] GC(280) Metaspace: 6302K(6464K)->6302K(6464K) NonClass: 5768K(5824K)->5768K(5824K) Class: 533K(640K)->533K(640K)
[59.010s][info][gc             ] GC(280) Pause Full (Ergonomics) 4146M->4146M(4318M) 1276.116ms
[59.010s][info][gc,cpu         ] GC(280) User=9.66s Sys=0.00s Real=1.28s
[59.010s][info][gc,start       ] GC(281) Pause Full (Ergonomics)
[59.010s][info][gc,phases,start] GC(281) Marking Phase
[59.987s][info][gc,phases      ] GC(281) Marking Phase 976.470ms
[59.987s][info][gc,phases,start] GC(281) Summary Phase
[59.987s][info][gc,phases      ] GC(281) Summary Phase 0.049ms
[59.987s][info][gc,phases,start] GC(281) Adjust Roots
[59.987s][info][gc,phases      ] GC(281) Adjust Roots 0.169ms
[59.987s][info][gc,phases,start] GC(281) Compaction Phase
[60.328s][info][gc,phases      ] GC(281) Compaction Phase 341.405ms
[60.328s][info][gc,phases,start] GC(281) Post Compact
[60.335s][info][gc,phases      ] GC(281) Post Compact 6.178ms
[60.335s][info][gc,heap        ] GC(281) PSYoungGen: 82026K(257024K)->82026K(257024K) Eden: 66559K(66560K)->66559K(66560K) From: 15466K(190464K)->15466K(190464K)
[60.335s][info][gc,heap        ] GC(281) ParOldGen: 4164366K(4164608K)->4164366K(4164608K)
[60.335s][info][gc,metaspace   ] GC(281) Metaspace: 6302K(6464K)->6302K(6464K) NonClass: 5768K(5824K)->5768K(5824K) Class: 533K(640K)->533K(640K)
[60.335s][info][gc             ] GC(281) Pause Full (Ergonomics) 4146M->4146M(4318M) 1324.570ms
[60.335s][info][gc,cpu         ] GC(281) User=9.59s Sys=0.00s Real=1.32s
[60.335s][info][gc,start       ] GC(282) Pause Full (Ergonomics)
[60.335s][info][gc,phases,start] GC(282) Marking Phase
[61.294s][info][gc,phases      ] GC(282) Marking Phase 958.982ms
[61.294s][info][gc,phases,start] GC(282) Summary Phase
[61.294s][info][gc,phases      ] GC(282) Summary Phase 0.049ms
[61.294s][info][gc,phases,start] GC(282) Adjust Roots
[61.294s][info][gc,phases      ] GC(282) Adjust Roots 0.190ms
[61.294s][info][gc,phases,start] GC(282) Compaction Phase
[61.632s][info][gc,phases      ] GC(282) Compaction Phase 337.874ms
[61.632s][info][gc,phases,start] GC(282) Post Compact
[61.638s][info][gc,phases      ] GC(282) Post Compact 6.084ms
[61.638s][info][gc,heap        ] GC(282) PSYoungGen: 82026K(257024K)->82026K(257024K) Eden: 66559K(66560K)->66559K(66560K) From: 15466K(190464K)->15466K(190464K)
[61.638s][info][gc,heap        ] GC(282) ParOldGen: 4164371K(4164608K)->4164371K(4164608K)
[61.638s][info][gc,metaspace   ] GC(282) Metaspace: 6302K(6464K)->6302K(6464K) NonClass: 5768K(5824K)->5768K(5824K) Class: 533K(640K)->533K(640K)
[61.638s][info][gc             ] GC(282) Pause Full (Ergonomics) 4146M->4146M(4318M) 1303.488ms
[61.638s][info][gc,cpu         ] GC(282) User=9.38s Sys=0.00s Real=1.30s
[61.638s][info][gc,start       ] GC(283) Pause Full (Ergonomics)
[61.638s][info][gc,phases,start] GC(283) Marking Phase
[62.616s][info][gc,phases      ] GC(283) Marking Phase 977.599ms
[62.616s][info][gc,phases,start] GC(283) Summary Phase
[62.616s][info][gc,phases      ] GC(283) Summary Phase 0.057ms
[62.616s][info][gc,phases,start] GC(283) Adjust Roots
[62.616s][info][gc,phases      ] GC(283) Adjust Roots 0.173ms
[62.616s][info][gc,phases,start] GC(283) Compaction Phase
[62.951s][info][gc,phases      ] GC(283) Compaction Phase 334.378ms
[62.951s][info][gc,phases,start] GC(283) Post Compact
[62.957s][info][gc,phases      ] GC(283) Post Compact 6.105ms
[62.957s][info][gc,heap        ] GC(283) PSYoungGen: 82026K(257024K)->82026K(257024K) Eden: 66559K(66560K)->66559K(66560K) From: 15466K(190464K)->15466K(190464K)
[62.957s][info][gc,heap        ] GC(283) ParOldGen: 4164376K(4164608K)->4164376K(4164608K)
[62.957s][info][gc,metaspace   ] GC(283) Metaspace: 6302K(6464K)->6302K(6464K) NonClass: 5768K(5824K)->5768K(5824K) Class: 533K(640K)->533K(640K)
[62.957s][info][gc             ] GC(283) Pause Full (Ergonomics) 4146M->4146M(4318M) 1318.613ms
[62.957s][info][gc,cpu         ] GC(283) User=9.64s Sys=0.00s Real=1.32s
[62.957s][info][gc,start       ] GC(284) Pause Full (Ergonomics)
[62.957s][info][gc,phases,start] GC(284) Marking Phase
[63.895s][info][gc,phases      ] GC(284) Marking Phase 937.648ms
[63.895s][info][gc,phases,start] GC(284) Summary Phase
[63.895s][info][gc,phases      ] GC(284) Summary Phase 0.062ms
[63.895s][info][gc,phases,start] GC(284) Adjust Roots
[63.895s][info][gc,phases      ] GC(284) Adjust Roots 0.195ms
[63.895s][info][gc,phases,start] GC(284) Compaction Phase
[64.230s][info][gc,phases      ] GC(284) Compaction Phase 334.678ms
[64.230s][info][gc,phases,start] GC(284) Post Compact
[64.236s][info][gc,phases      ] GC(284) Post Compact 6.121ms
[64.236s][info][gc,heap        ] GC(284) PSYoungGen: 82026K(257024K)->82026K(257024K) Eden: 66559K(66560K)->66559K(66560K) From: 15466K(190464K)->15466K(190464K)
[64.236s][info][gc,heap        ] GC(284) ParOldGen: 4164381K(4164608K)->4164381K(4164608K)
[64.236s][info][gc,metaspace   ] GC(284) Metaspace: 6302K(6464K)->6302K(6464K) NonClass: 5768K(5824K)->5768K(5824K) Class: 533K(640K)->533K(640K)
[64.236s][info][gc             ] GC(284) Pause Full (Ergonomics) 4146M->4146M(4318M) 1279.031ms
[64.236s][info][gc,cpu         ] GC(284) User=9.53s Sys=0.00s Real=1.28s
[64.236s][info][gc,start       ] GC(285) Pause Full (Ergonomics)
[64.237s][info][gc,phases,start] GC(285) Marking Phase
[65.200s][info][gc,phases      ] GC(285) Marking Phase 962.994ms
[65.200s][info][gc,phases,start] GC(285) Summary Phase
[65.200s][info][gc,phases      ] GC(285) Summary Phase 0.049ms
[65.200s][info][gc,phases,start] GC(285) Adjust Roots
[65.200s][info][gc,phases      ] GC(285) Adjust Roots 0.170ms
[65.200s][info][gc,phases,start] GC(285) Compaction Phase
[65.539s][info][gc,phases      ] GC(285) Compaction Phase 339.590ms
[65.540s][info][gc,phases,start] GC(285) Post Compact
[65.546s][info][gc,phases      ] GC(285) Post Compact 6.130ms
[65.546s][info][gc,heap        ] GC(285) PSYoungGen: 82026K(257024K)->82026K(257024K) Eden: 66559K(66560K)->66559K(66560K) From: 15466K(190464K)->15466K(190464K)
[65.546s][info][gc,heap        ] GC(285) ParOldGen: 4164386K(4164608K)->4164386K(4164608K)
[65.546s][info][gc,metaspace   ] GC(285) Metaspace: 6302K(6464K)->6302K(6464K) NonClass: 5768K(5824K)->5768K(5824K) Class: 533K(640K)->533K(640K)
[65.546s][info][gc             ] GC(285) Pause Full (Ergonomics) 4146M->4146M(4318M) 1309.236ms
[65.546s][info][gc,cpu         ] GC(285) User=9.70s Sys=0.02s Real=1.31s
[65.546s][info][gc,start       ] GC(286) Pause Full (Ergonomics)
[65.546s][info][gc,phases,start] GC(286) Marking Phase
[66.502s][info][gc,phases      ] GC(286) Marking Phase 955.981ms
[66.502s][info][gc,phases,start] GC(286) Summary Phase
[66.502s][info][gc,phases      ] GC(286) Summary Phase 0.048ms
[66.502s][info][gc,phases,start] GC(286) Adjust Roots
[66.502s][info][gc,phases      ] GC(286) Adjust Roots 0.168ms
[66.502s][info][gc,phases,start] GC(286) Compaction Phase
[66.806s][info][gc,phases      ] GC(286) Compaction Phase 303.344ms
[66.806s][info][gc,phases,start] GC(286) Post Compact
[66.812s][info][gc,phases      ] GC(286) Post Compact 6.614ms
[66.812s][info][gc,heap        ] GC(286) PSYoungGen: 82026K(257024K)->82026K(257024K) Eden: 66559K(66560K)->66559K(66560K) From: 15466K(190464K)->15466K(190464K)
[66.812s][info][gc,heap        ] GC(286) ParOldGen: 4164390K(4164608K)->4164390K(4164608K)
[66.812s][info][gc,metaspace   ] GC(286) Metaspace: 6302K(6464K)->6302K(6464K) NonClass: 5768K(5824K)->5768K(5824K) Class: 533K(640K)->533K(640K)
[66.812s][info][gc             ] GC(286) Pause Full (Ergonomics) 4146M->4146M(4318M) 1266.477ms
[66.812s][info][gc,cpu         ] GC(286) User=9.81s Sys=0.00s Real=1.27s
[66.813s][info][gc,start       ] GC(287) Pause Full (Ergonomics)
[66.813s][info][gc,phases,start] GC(287) Marking Phase
[67.771s][info][gc,phases      ] GC(287) Marking Phase 958.126ms
[67.771s][info][gc,phases,start] GC(287) Summary Phase
[67.771s][info][gc,phases      ] GC(287) Summary Phase 0.048ms
[67.771s][info][gc,phases,start] GC(287) Adjust Roots
[67.771s][info][gc,phases      ] GC(287) Adjust Roots 0.201ms
[67.771s][info][gc,phases,start] GC(287) Compaction Phase
[68.079s][info][gc,phases      ] GC(287) Compaction Phase 307.736ms
[68.079s][info][gc,phases,start] GC(287) Post Compact
[68.085s][info][gc,phases      ] GC(287) Post Compact 6.079ms
[68.085s][info][gc,heap        ] GC(287) PSYoungGen: 82026K(257024K)->82026K(257024K) Eden: 66559K(66560K)->66559K(66560K) From: 15466K(190464K)->15466K(190464K)
[68.085s][info][gc,heap        ] GC(287) ParOldGen: 4164395K(4164608K)->4164395K(4164608K)
[68.085s][info][gc,metaspace   ] GC(287) Metaspace: 6302K(6464K)->6302K(6464K) NonClass: 5768K(5824K)->5768K(5824K) Class: 533K(640K)->533K(640K)
[68.085s][info][gc             ] GC(287) Pause Full (Ergonomics) 4146M->4146M(4318M) 1272.487ms
[68.085s][info][gc,cpu         ] GC(287) User=9.62s Sys=0.00s Real=1.27s
[68.085s][info][gc,start       ] GC(288) Pause Full (Ergonomics)
[68.085s][info][gc,phases,start] GC(288) Marking Phase
[69.044s][info][gc,phases      ] GC(288) Marking Phase 958.932ms
[69.044s][info][gc,phases,start] GC(288) Summary Phase
[69.044s][info][gc,phases      ] GC(288) Summary Phase 0.048ms
[69.044s][info][gc,phases,start] GC(288) Adjust Roots
[69.044s][info][gc,phases      ] GC(288) Adjust Roots 0.170ms
[69.045s][info][gc,phases,start] GC(288) Compaction Phase
[69.345s][info][gc,phases      ] GC(288) Compaction Phase 300.952ms
[69.346s][info][gc,phases,start] GC(288) Post Compact
[69.352s][info][gc,phases      ] GC(288) Post Compact 6.641ms
[69.352s][info][gc,heap        ] GC(288) PSYoungGen: 82026K(257024K)->82026K(257024K) Eden: 66559K(66560K)->66559K(66560K) From: 15466K(190464K)->15466K(190464K)
[69.352s][info][gc,heap        ] GC(288) ParOldGen: 4164400K(4164608K)->4164400K(4164608K)
[69.352s][info][gc,metaspace   ] GC(288) Metaspace: 6302K(6464K)->6302K(6464K) NonClass: 5768K(5824K)->5768K(5824K) Class: 533K(640K)->533K(640K)
[69.352s][info][gc             ] GC(288) Pause Full (Ergonomics) 4146M->4146M(4318M) 1267.052ms
[69.352s][info][gc,cpu         ] GC(288) User=9.42s Sys=0.02s Real=1.27s
[69.353s][info][gc,start       ] GC(289) Pause Full (Ergonomics)
[69.353s][info][gc,phases,start] GC(289) Marking Phase
[70.314s][info][gc,phases      ] GC(289) Marking Phase 961.086ms
[70.314s][info][gc,phases,start] GC(289) Summary Phase
[70.314s][info][gc,phases      ] GC(289) Summary Phase 0.051ms
[70.314s][info][gc,phases,start] GC(289) Adjust Roots
[70.314s][info][gc,phases      ] GC(289) Adjust Roots 0.207ms
[70.314s][info][gc,phases,start] GC(289) Compaction Phase
[70.615s][info][gc,phases      ] GC(289) Compaction Phase 301.120ms
[70.615s][info][gc,phases,start] GC(289) Post Compact
[70.622s][info][gc,phases      ] GC(289) Post Compact 6.424ms
[70.622s][info][gc,heap        ] GC(289) PSYoungGen: 82026K(257024K)->82026K(257024K) Eden: 66559K(66560K)->66559K(66560K) From: 15466K(190464K)->15466K(190464K)
[70.622s][info][gc,heap        ] GC(289) ParOldGen: 4164405K(4164608K)->4164405K(4164608K)
[70.622s][info][gc,metaspace   ] GC(289) Metaspace: 6302K(6464K)->6302K(6464K) NonClass: 5768K(5824K)->5768K(5824K) Class: 533K(640K)->533K(640K)
[70.622s][info][gc             ] GC(289) Pause Full (Ergonomics) 4146M->4146M(4318M) 1269.188ms
[70.622s][info][gc,cpu         ] GC(289) User=9.66s Sys=0.00s Real=1.27s
[70.622s][info][gc,start       ] GC(290) Pause Full (Ergonomics)
[70.622s][info][gc,phases,start] GC(290) Marking Phase
[71.586s][info][gc,phases      ] GC(290) Marking Phase 963.678ms
[71.586s][info][gc,phases,start] GC(290) Summary Phase
[71.586s][info][gc,phases      ] GC(290) Summary Phase 0.048ms
[71.586s][info][gc,phases,start] GC(290) Adjust Roots
[71.586s][info][gc,phases      ] GC(290) Adjust Roots 0.187ms
[71.586s][info][gc,phases,start] GC(290) Compaction Phase
[71.898s][info][gc,phases      ] GC(290) Compaction Phase 312.054ms
[71.898s][info][gc,phases,start] GC(290) Post Compact
[71.904s][info][gc,phases      ] GC(290) Post Compact 6.194ms
[71.904s][info][gc,heap        ] GC(290) PSYoungGen: 82026K(257024K)->82026K(257024K) Eden: 66559K(66560K)->66559K(66560K) From: 15466K(190464K)->15466K(190464K)
[71.904s][info][gc,heap        ] GC(290) ParOldGen: 4164410K(4164608K)->4164410K(4164608K)
[71.904s][info][gc,metaspace   ] GC(290) Metaspace: 6302K(6464K)->6302K(6464K) NonClass: 5768K(5824K)->5768K(5824K) Class: 533K(640K)->533K(640K)
[71.904s][info][gc             ] GC(290) Pause Full (Ergonomics) 4146M->4146M(4318M) 1282.520ms
[71.904s][info][gc,cpu         ] GC(290) User=9.64s Sys=0.00s Real=1.28s
[71.905s][info][gc,start       ] GC(291) Pause Full (Ergonomics)
[71.905s][info][gc,phases,start] GC(291) Marking Phase
[72.868s][info][gc,phases      ] GC(291) Marking Phase 963.159ms
[72.868s][info][gc,phases,start] GC(291) Summary Phase
[72.868s][info][gc,phases      ] GC(291) Summary Phase 0.047ms
[72.868s][info][gc,phases,start] GC(291) Adjust Roots
[72.868s][info][gc,phases      ] GC(291) Adjust Roots 0.168ms
[72.868s][info][gc,phases,start] GC(291) Compaction Phase
[73.168s][info][gc,phases      ] GC(291) Compaction Phase 299.425ms
[73.168s][info][gc,phases,start] GC(291) Post Compact
[73.174s][info][gc,phases      ] GC(291) Post Compact 6.554ms
[73.174s][info][gc,heap        ] GC(291) PSYoungGen: 82026K(257024K)->82026K(257024K) Eden: 66559K(66560K)->66559K(66560K) From: 15466K(190464K)->15466K(190464K)
[73.174s][info][gc,heap        ] GC(291) ParOldGen: 4164415K(4164608K)->4164415K(4164608K)
[73.174s][info][gc,metaspace   ] GC(291) Metaspace: 6302K(6464K)->6302K(6464K) NonClass: 5768K(5824K)->5768K(5824K) Class: 533K(640K)->533K(640K)
[73.174s][info][gc             ] GC(291) Pause Full (Ergonomics) 4146M->4146M(4318M) 1269.669ms
[73.174s][info][gc,cpu         ] GC(291) User=9.64s Sys=0.00s Real=1.27s
[73.174s][info][gc,start       ] GC(292) Pause Full (Ergonomics)
[73.175s][info][gc,phases,start] GC(292) Marking Phase
[74.158s][info][gc,phases      ] GC(292) Marking Phase 983.238ms
[74.158s][info][gc,phases,start] GC(292) Summary Phase
[74.158s][info][gc,phases      ] GC(292) Summary Phase 0.048ms
[74.158s][info][gc,phases,start] GC(292) Adjust Roots
[74.158s][info][gc,phases      ] GC(292) Adjust Roots 0.186ms
[74.158s][info][gc,phases,start] GC(292) Compaction Phase
[74.460s][info][gc,phases      ] GC(292) Compaction Phase 301.616ms
[74.460s][info][gc,phases,start] GC(292) Post Compact
[74.466s][info][gc,phases      ] GC(292) Post Compact 5.952ms
[74.466s][info][gc,heap        ] GC(292) PSYoungGen: 82026K(257024K)->82026K(257024K) Eden: 66559K(66560K)->66559K(66560K) From: 15466K(190464K)->15466K(190464K)
[74.466s][info][gc,heap        ] GC(292) ParOldGen: 4164419K(4164608K)->4164419K(4164608K)
[74.466s][info][gc,metaspace   ] GC(292) Metaspace: 6302K(6464K)->6302K(6464K) NonClass: 5768K(5824K)->5768K(5824K) Class: 533K(640K)->533K(640K)
[74.466s][info][gc             ] GC(292) Pause Full (Ergonomics) 4146M->4146M(4318M) 1291.335ms
[74.466s][info][gc,cpu         ] GC(292) User=9.86s Sys=0.02s Real=1.29s
[74.466s][info][gc,start       ] GC(293) Pause Full (Ergonomics)
[74.466s][info][gc,phases,start] GC(293) Marking Phase
[75.416s][info][gc,phases      ] GC(293) Marking Phase 949.985ms
[75.416s][info][gc,phases,start] GC(293) Summary Phase
[75.416s][info][gc,phases      ] GC(293) Summary Phase 0.048ms
[75.416s][info][gc,phases,start] GC(293) Adjust Roots
[75.416s][info][gc,phases      ] GC(293) Adjust Roots 0.191ms
[75.416s][info][gc,phases,start] GC(293) Compaction Phase
[75.758s][info][gc,phases      ] GC(293) Compaction Phase 341.542ms
[75.758s][info][gc,phases,start] GC(293) Post Compact
[75.765s][info][gc,phases      ] GC(293) Post Compact 7.137ms
[75.765s][info][gc,heap        ] GC(293) PSYoungGen: 82026K(257024K)->82026K(257024K) Eden: 66559K(66560K)->66559K(66560K) From: 15466K(190464K)->15466K(190464K)
[75.765s][info][gc,heap        ] GC(293) ParOldGen: 4164424K(4164608K)->4164424K(4164608K)
[75.765s][info][gc,metaspace   ] GC(293) Metaspace: 6302K(6464K)->6302K(6464K) NonClass: 5768K(5824K)->5768K(5824K) Class: 533K(640K)->533K(640K)
[75.765s][info][gc             ] GC(293) Pause Full (Ergonomics) 4146M->4146M(4318M) 1299.240ms
[75.765s][info][gc,cpu         ] GC(293) User=9.34s Sys=0.00s Real=1.30s
[75.765s][info][gc,start       ] GC(294) Pause Full (Ergonomics)
[75.765s][info][gc,phases,start] GC(294) Marking Phase
[76.740s][info][gc,phases      ] GC(294) Marking Phase 974.681ms
[76.740s][info][gc,phases,start] GC(294) Summary Phase
[76.740s][info][gc,phases      ] GC(294) Summary Phase 0.052ms
[76.740s][info][gc,phases,start] GC(294) Adjust Roots
[76.740s][info][gc,phases      ] GC(294) Adjust Roots 0.185ms
[76.741s][info][gc,phases,start] GC(294) Compaction Phase
[77.049s][info][gc,phases      ] GC(294) Compaction Phase 308.370ms
[77.049s][info][gc,phases,start] GC(294) Post Compact
[77.055s][info][gc,phases      ] GC(294) Post Compact 6.005ms
[77.055s][info][gc,heap        ] GC(294) PSYoungGen: 82026K(257024K)->82026K(257024K) Eden: 66559K(66560K)->66559K(66560K) From: 15466K(190464K)->15466K(190464K)
[77.055s][info][gc,heap        ] GC(294) ParOldGen: 4164429K(4164608K)->4164429K(4164608K)
[77.055s][info][gc,metaspace   ] GC(294) Metaspace: 6302K(6464K)->6302K(6464K) NonClass: 5768K(5824K)->5768K(5824K) Class: 533K(640K)->533K(640K)
[77.055s][info][gc             ] GC(294) Pause Full (Ergonomics) 4146M->4146M(4318M) 1289.596ms
[77.055s][info][gc,cpu         ] GC(294) User=9.70s Sys=0.00s Real=1.29s
[77.055s][info][gc,start       ] GC(295) Pause Full (Ergonomics)
[77.055s][info][gc,phases,start] GC(295) Marking Phase
[78.015s][info][gc,phases      ] GC(295) Marking Phase 959.679ms
[78.015s][info][gc,phases,start] GC(295) Summary Phase
[78.015s][info][gc,phases      ] GC(295) Summary Phase 0.057ms
[78.015s][info][gc,phases,start] GC(295) Adjust Roots
[78.015s][info][gc,phases      ] GC(295) Adjust Roots 0.196ms
[78.015s][info][gc,phases,start] GC(295) Compaction Phase
[78.361s][info][gc,phases      ] GC(295) Compaction Phase 345.378ms
[78.361s][info][gc,phases,start] GC(295) Post Compact
[78.367s][info][gc,phases      ] GC(295) Post Compact 6.209ms
[78.367s][info][gc,heap        ] GC(295) PSYoungGen: 82026K(257024K)->82026K(257024K) Eden: 66559K(66560K)->66559K(66560K) From: 15466K(190464K)->15466K(190464K)
[78.367s][info][gc,heap        ] GC(295) ParOldGen: 4164434K(4164608K)->4164434K(4164608K)
[78.367s][info][gc,metaspace   ] GC(295) Metaspace: 6302K(6464K)->6302K(6464K) NonClass: 5768K(5824K)->5768K(5824K) Class: 533K(640K)->533K(640K)
[78.367s][info][gc             ] GC(295) Pause Full (Ergonomics) 4146M->4146M(4318M) 1311.863ms
[78.367s][info][gc,cpu         ] GC(295) User=9.47s Sys=0.00s Real=1.31s
[78.367s][info][gc,start       ] GC(296) Pause Full (Ergonomics)
[78.367s][info][gc,phases,start] GC(296) Marking Phase
[79.322s][info][gc,phases      ] GC(296) Marking Phase 954.857ms
[79.322s][info][gc,phases,start] GC(296) Summary Phase
[79.322s][info][gc,phases      ] GC(296) Summary Phase 0.052ms
[79.322s][info][gc,phases,start] GC(296) Adjust Roots
[79.322s][info][gc,phases      ] GC(296) Adjust Roots 0.189ms
[79.322s][info][gc,phases,start] GC(296) Compaction Phase
[79.632s][info][gc,phases      ] GC(296) Compaction Phase 309.953ms
[79.633s][info][gc,phases,start] GC(296) Post Compact
[79.639s][info][gc,phases      ] GC(296) Post Compact 6.144ms
[79.639s][info][gc,heap        ] GC(296) PSYoungGen: 82026K(257024K)->82026K(257024K) Eden: 66559K(66560K)->66559K(66560K) From: 15466K(190464K)->15466K(190464K)
[79.639s][info][gc,heap        ] GC(296) ParOldGen: 4164439K(4164608K)->4164439K(4164608K)
[79.639s][info][gc,metaspace   ] GC(296) Metaspace: 6302K(6464K)->6302K(6464K) NonClass: 5768K(5824K)->5768K(5824K) Class: 533K(640K)->533K(640K)
[79.639s][info][gc             ] GC(296) Pause Full (Ergonomics) 4146M->4146M(4318M) 1271.487ms
[79.639s][info][gc,cpu         ] GC(296) User=9.38s Sys=0.02s Real=1.27s
[79.639s][info][gc,start       ] GC(297) Pause Full (Ergonomics)
[79.639s][info][gc,phases,start] GC(297) Marking Phase
[80.623s][info][gc,phases      ] GC(297) Marking Phase 983.577ms
[80.623s][info][gc,phases,start] GC(297) Summary Phase
[80.623s][info][gc,phases      ] GC(297) Summary Phase 0.072ms
[80.623s][info][gc,phases,start] GC(297) Adjust Roots
[80.623s][info][gc,phases      ] GC(297) Adjust Roots 0.178ms
[80.623s][info][gc,phases,start] GC(297) Compaction Phase
[80.925s][info][gc,phases      ] GC(297) Compaction Phase 302.268ms
[80.925s][info][gc,phases,start] GC(297) Post Compact
[80.932s][info][gc,phases      ] GC(297) Post Compact 6.391ms
[80.932s][info][gc,heap        ] GC(297) PSYoungGen: 82026K(257024K)->82026K(257024K) Eden: 66559K(66560K)->66559K(66560K) From: 15466K(190464K)->15466K(190464K)
[80.932s][info][gc,heap        ] GC(297) ParOldGen: 4164444K(4164608K)->4164444K(4164608K)
[80.932s][info][gc,metaspace   ] GC(297) Metaspace: 6302K(6464K)->6302K(6464K) NonClass: 5768K(5824K)->5768K(5824K) Class: 533K(640K)->533K(640K)
[80.932s][info][gc             ] GC(297) Pause Full (Ergonomics) 4146M->4146M(4318M) 1292.848ms
[80.932s][info][gc,cpu         ] GC(297) User=9.78s Sys=0.00s Real=1.29s
[80.932s][info][gc,start       ] GC(298) Pause Full (Ergonomics)
[80.932s][info][gc,phases,start] GC(298) Marking Phase
[81.907s][info][gc,phases      ] GC(298) Marking Phase 974.793ms
[81.907s][info][gc,phases,start] GC(298) Summary Phase
[81.907s][info][gc,phases      ] GC(298) Summary Phase 0.049ms
[81.907s][info][gc,phases,start] GC(298) Adjust Roots
[81.907s][info][gc,phases      ] GC(298) Adjust Roots 0.164ms
[81.907s][info][gc,phases,start] GC(298) Compaction Phase
[82.244s][info][gc,phases      ] GC(298) Compaction Phase 336.960ms
[82.244s][info][gc,phases,start] GC(298) Post Compact
[82.250s][info][gc,phases      ] GC(298) Post Compact 6.136ms
[82.250s][info][gc,heap        ] GC(298) PSYoungGen: 82026K(257024K)->82026K(257024K) Eden: 66559K(66560K)->66559K(66560K) From: 15466K(190464K)->15466K(190464K)
[82.250s][info][gc,heap        ] GC(298) ParOldGen: 4164448K(4164608K)->4164448K(4164608K)
[82.250s][info][gc,metaspace   ] GC(298) Metaspace: 6302K(6464K)->6302K(6464K) NonClass: 5768K(5824K)->5768K(5824K) Class: 533K(640K)->533K(640K)
[82.250s][info][gc             ] GC(298) Pause Full (Ergonomics) 4146M->4146M(4318M) 1318.452ms
[82.250s][info][gc,cpu         ] GC(298) User=9.62s Sys=0.00s Real=1.32s
[82.251s][info][gc,start       ] GC(299) Pause Full (Ergonomics)
[82.251s][info][gc,phases,start] GC(299) Marking Phase
[83.204s][info][gc,phases      ] GC(299) Marking Phase 953.201ms
[83.204s][info][gc,phases,start] GC(299) Summary Phase
[83.204s][info][gc,phases      ] GC(299) Summary Phase 0.056ms
[83.204s][info][gc,phases,start] GC(299) Adjust Roots
[83.204s][info][gc,phases      ] GC(299) Adjust Roots 0.167ms
[83.204s][info][gc,phases,start] GC(299) Compaction Phase
[83.528s][info][gc,phases      ] GC(299) Compaction Phase 324.054ms
[83.528s][info][gc,phases,start] GC(299) Post Compact
[83.534s][info][gc,phases      ] GC(299) Post Compact 6.118ms
[83.534s][info][gc,heap        ] GC(299) PSYoungGen: 82026K(257024K)->82026K(257024K) Eden: 66559K(66560K)->66559K(66560K) From: 15466K(190464K)->15466K(190464K)
[83.534s][info][gc,heap        ] GC(299) ParOldGen: 4164453K(4164608K)->4164453K(4164608K)
[83.535s][info][gc,metaspace   ] GC(299) Metaspace: 6302K(6464K)->6302K(6464K) NonClass: 5768K(5824K)->5768K(5824K) Class: 533K(640K)->533K(640K)
[83.535s][info][gc             ] GC(299) Pause Full (Ergonomics) 4146M->4146M(4318M) 1283.897ms
[83.535s][info][gc,cpu         ] GC(299) User=9.62s Sys=0.00s Real=1.28s
[83.535s][info][gc,start       ] GC(300) Pause Full (Ergonomics)
[83.535s][info][gc,phases,start] GC(300) Marking Phase
[84.519s][info][gc,phases      ] GC(300) Marking Phase 984.394ms
[84.519s][info][gc,phases,start] GC(300) Summary Phase
[84.519s][info][gc,phases      ] GC(300) Summary Phase 0.051ms
[84.519s][info][gc,phases,start] GC(300) Adjust Roots
[84.519s][info][gc,phases      ] GC(300) Adjust Roots 0.176ms
[84.519s][info][gc,phases,start] GC(300) Compaction Phase
[84.824s][info][gc,phases      ] GC(300) Compaction Phase 304.854ms
[84.824s][info][gc,phases,start] GC(300) Post Compact
[84.831s][info][gc,phases      ] GC(300) Post Compact 6.125ms
[84.831s][info][gc,heap        ] GC(300) PSYoungGen: 82026K(257024K)->82026K(257024K) Eden: 66559K(66560K)->66559K(66560K) From: 15466K(190464K)->15466K(190464K)
[84.831s][info][gc,heap        ] GC(300) ParOldGen: 4164458K(4164608K)->4164458K(4164608K)
[84.831s][info][gc,metaspace   ] GC(300) Metaspace: 6302K(6464K)->6302K(6464K) NonClass: 5768K(5824K)->5768K(5824K) Class: 533K(640K)->533K(640K)
[84.831s][info][gc             ] GC(300) Pause Full (Ergonomics) 4146M->4146M(4318M) 1295.910ms
[84.831s][info][gc,cpu         ] GC(300) User=9.75s Sys=0.00s Real=1.29s
[84.831s][info][gc,start       ] GC(301) Pause Full (Ergonomics)
[84.831s][info][gc,phases,start] GC(301) Marking Phase
[85.785s][info][gc,phases      ] GC(301) Marking Phase 953.731ms
[85.785s][info][gc,phases,start] GC(301) Summary Phase
[85.785s][info][gc,phases      ] GC(301) Summary Phase 0.047ms
[85.785s][info][gc,phases,start] GC(301) Adjust Roots
[85.785s][info][gc,phases      ] GC(301) Adjust Roots 0.165ms
[85.785s][info][gc,phases,start] GC(301) Compaction Phase
[86.072s][info][gc,phases      ] GC(301) Compaction Phase 286.772ms
[86.072s][info][gc,phases,start] GC(301) Post Compact
[86.078s][info][gc,phases      ] GC(301) Post Compact 6.417ms
[86.078s][info][gc,heap        ] GC(301) PSYoungGen: 82026K(257024K)->82026K(257024K) Eden: 66559K(66560K)->66559K(66560K) From: 15466K(190464K)->15466K(190464K)
[86.078s][info][gc,heap        ] GC(301) ParOldGen: 4164463K(4164608K)->4164463K(4164608K)
[86.078s][info][gc,metaspace   ] GC(301) Metaspace: 6302K(6464K)->6302K(6464K) NonClass: 5768K(5824K)->5768K(5824K) Class: 533K(640K)->533K(640K)
[86.078s][info][gc             ] GC(301) Pause Full (Ergonomics) 4146M->4146M(4318M) 1247.453ms
[86.078s][info][gc,cpu         ] GC(301) User=9.66s Sys=0.00s Real=1.25s
[86.078s][info][gc,start       ] GC(302) Pause Full (Ergonomics)
[86.079s][info][gc,phases,start] GC(302) Marking Phase
[87.030s][info][gc,phases      ] GC(302) Marking Phase 951.583ms
[87.030s][info][gc,phases,start] GC(302) Summary Phase
[87.030s][info][gc,phases      ] GC(302) Summary Phase 0.049ms
[87.030s][info][gc,phases,start] GC(302) Adjust Roots
[87.030s][info][gc,phases      ] GC(302) Adjust Roots 0.161ms
[87.030s][info][gc,phases,start] GC(302) Compaction Phase
[87.365s][info][gc,phases      ] GC(302) Compaction Phase 334.733ms
[87.365s][info][gc,phases,start] GC(302) Post Compact
[87.372s][info][gc,phases      ] GC(302) Post Compact 6.573ms
[87.372s][info][gc,heap        ] GC(302) PSYoungGen: 82026K(257024K)->82026K(257024K) Eden: 66559K(66560K)->66559K(66560K) From: 15466K(190464K)->15466K(190464K)
[87.372s][info][gc,heap        ] GC(302) ParOldGen: 4164468K(4164608K)->4164468K(4164608K)
[87.372s][info][gc,metaspace   ] GC(302) Metaspace: 6302K(6464K)->6302K(6464K) NonClass: 5768K(5824K)->5768K(5824K) Class: 533K(640K)->533K(640K)
[87.372s][info][gc             ] GC(302) Pause Full (Ergonomics) 4146M->4146M(4318M) 1293.410ms
[87.372s][info][gc,cpu         ] GC(302) User=9.44s Sys=0.00s Real=1.29s
[87.372s][info][gc,start       ] GC(303) Pause Full (Ergonomics)
[87.372s][info][gc,phases,start] GC(303) Marking Phase
[88.339s][info][gc,phases      ] GC(303) Marking Phase 966.954ms
[88.339s][info][gc,phases,start] GC(303) Summary Phase
[88.339s][info][gc,phases      ] GC(303) Summary Phase 0.049ms
[88.339s][info][gc,phases,start] GC(303) Adjust Roots
[88.339s][info][gc,phases      ] GC(303) Adjust Roots 0.166ms
[88.339s][info][gc,phases,start] GC(303) Compaction Phase
[88.647s][info][gc,phases      ] GC(303) Compaction Phase 307.287ms
[88.647s][info][gc,phases,start] GC(303) Post Compact
[88.653s][info][gc,phases      ] GC(303) Post Compact 6.132ms
[88.653s][info][gc,heap        ] GC(303) PSYoungGen: 82026K(257024K)->82026K(257024K) Eden: 66559K(66560K)->66559K(66560K) From: 15466K(190464K)->15466K(190464K)
[88.653s][info][gc,heap        ] GC(303) ParOldGen: 4164473K(4164608K)->4164473K(4164608K)
[88.653s][info][gc,metaspace   ] GC(303) Metaspace: 6302K(6464K)->6302K(6464K) NonClass: 5768K(5824K)->5768K(5824K) Class: 533K(640K)->533K(640K)
[88.653s][info][gc             ] GC(303) Pause Full (Ergonomics) 4146M->4146M(4318M) 1280.879ms
[88.653s][info][gc,cpu         ] GC(303) User=9.52s Sys=0.00s Real=1.28s
[88.653s][info][gc,start       ] GC(304) Pause Full (Ergonomics)
[88.653s][info][gc,phases,start] GC(304) Marking Phase
[89.615s][info][gc,phases      ] GC(304) Marking Phase 961.871ms
[89.615s][info][gc,phases,start] GC(304) Summary Phase
[89.615s][info][gc,phases      ] GC(304) Summary Phase 0.051ms
[89.615s][info][gc,phases,start] GC(304) Adjust Roots
[89.615s][info][gc,phases      ] GC(304) Adjust Roots 0.167ms
[89.615s][info][gc,phases,start] GC(304) Compaction Phase
[89.920s][info][gc,phases      ] GC(304) Compaction Phase 304.146ms
[89.920s][info][gc,phases,start] GC(304) Post Compact
[89.926s][info][gc,phases      ] GC(304) Post Compact 6.243ms
[89.926s][info][gc,heap        ] GC(304) PSYoungGen: 82026K(257024K)->82026K(257024K) Eden: 66559K(66560K)->66559K(66560K) From: 15466K(190464K)->15466K(190464K)
[89.926s][info][gc,heap        ] GC(304) ParOldGen: 4164477K(4164608K)->4164477K(4164608K)
[89.926s][info][gc,metaspace   ] GC(304) Metaspace: 6302K(6464K)->6302K(6464K) NonClass: 5768K(5824K)->5768K(5824K) Class: 533K(640K)->533K(640K)
[89.926s][info][gc             ] GC(304) Pause Full (Ergonomics) 4146M->4146M(4318M) 1272.789ms
[89.926s][info][gc,cpu         ] GC(304) User=9.45s Sys=0.00s Real=1.27s
[89.926s][info][gc,start       ] GC(305) Pause Full (Ergonomics)
[89.926s][info][gc,phases,start] GC(305) Marking Phase
[90.866s][info][gc,phases      ] GC(305) Marking Phase 939.982ms
[90.866s][info][gc,phases,start] GC(305) Summary Phase
[90.866s][info][gc,phases      ] GC(305) Summary Phase 0.048ms
[90.866s][info][gc,phases,start] GC(305) Adjust Roots
[90.866s][info][gc,phases      ] GC(305) Adjust Roots 0.162ms
[90.866s][info][gc,phases,start] GC(305) Compaction Phase
[91.169s][info][gc,phases      ] GC(305) Compaction Phase 302.294ms
[91.169s][info][gc,phases,start] GC(305) Post Compact
[91.175s][info][gc,phases      ] GC(305) Post Compact 6.115ms
[91.175s][info][gc,heap        ] GC(305) PSYoungGen: 82026K(257024K)->82026K(257024K) Eden: 66559K(66560K)->66559K(66560K) From: 15466K(190464K)->15466K(190464K)
[91.175s][info][gc,heap        ] GC(305) ParOldGen: 4164482K(4164608K)->4164482K(4164608K)
[91.175s][info][gc,metaspace   ] GC(305) Metaspace: 6302K(6464K)->6302K(6464K) NonClass: 5768K(5824K)->5768K(5824K) Class: 533K(640K)->533K(640K)
[91.175s][info][gc             ] GC(305) Pause Full (Ergonomics) 4146M->4146M(4318M) 1248.897ms
[91.175s][info][gc,cpu         ] GC(305) User=9.30s Sys=0.02s Real=1.25s
[91.175s][info][gc,start       ] GC(306) Pause Full (Ergonomics)
[91.175s][info][gc,phases,start] GC(306) Marking Phase
[92.135s][info][gc,phases      ] GC(306) Marking Phase 959.439ms
[92.135s][info][gc,phases,start] GC(306) Summary Phase
[92.135s][info][gc,phases      ] GC(306) Summary Phase 0.048ms
[92.135s][info][gc,phases,start] GC(306) Adjust Roots
[92.135s][info][gc,phases      ] GC(306) Adjust Roots 0.164ms
[92.135s][info][gc,phases,start] GC(306) Compaction Phase
[92.441s][info][gc,phases      ] GC(306) Compaction Phase 306.127ms
[92.441s][info][gc,phases,start] GC(306) Post Compact
[92.447s][info][gc,phases      ] GC(306) Post Compact 6.193ms
[92.447s][info][gc,heap        ] GC(306) PSYoungGen: 82026K(257024K)->82026K(257024K) Eden: 66559K(66560K)->66559K(66560K) From: 15466K(190464K)->15466K(190464K)
[92.447s][info][gc,heap        ] GC(306) ParOldGen: 4164487K(4164608K)->4164487K(4164608K)
[92.447s][info][gc,metaspace   ] GC(306) Metaspace: 6302K(6464K)->6302K(6464K) NonClass: 5768K(5824K)->5768K(5824K) Class: 533K(640K)->533K(640K)
[92.447s][info][gc             ] GC(306) Pause Full (Ergonomics) 4146M->4146M(4318M) 1272.252ms
[92.448s][info][gc,cpu         ] GC(306) User=9.58s Sys=0.00s Real=1.27s
[92.448s][info][gc,start       ] GC(307) Pause Full (Ergonomics)
[92.448s][info][gc,phases,start] GC(307) Marking Phase
[93.398s][info][gc,phases      ] GC(307) Marking Phase 950.569ms
[93.398s][info][gc,phases,start] GC(307) Summary Phase
[93.398s][info][gc,phases      ] GC(307) Summary Phase 0.048ms
[93.398s][info][gc,phases,start] GC(307) Adjust Roots
[93.399s][info][gc,phases      ] GC(307) Adjust Roots 0.194ms
[93.399s][info][gc,phases,start] GC(307) Compaction Phase
[93.692s][info][gc,phases      ] GC(307) Compaction Phase 293.648ms
[93.692s][info][gc,phases,start] GC(307) Post Compact
[93.699s][info][gc,phases      ] GC(307) Post Compact 6.370ms
[93.699s][info][gc,heap        ] GC(307) PSYoungGen: 82026K(257024K)->82026K(257024K) Eden: 66559K(66560K)->66559K(66560K) From: 15466K(190464K)->15466K(190464K)
[93.699s][info][gc,heap        ] GC(307) ParOldGen: 4164492K(4164608K)->4164492K(4164608K)
[93.699s][info][gc,metaspace   ] GC(307) Metaspace: 6302K(6464K)->6302K(6464K) NonClass: 5768K(5824K)->5768K(5824K) Class: 533K(640K)->533K(640K)
[93.699s][info][gc             ] GC(307) Pause Full (Ergonomics) 4146M->4146M(4318M) 1251.137ms
[93.699s][info][gc,cpu         ] GC(307) User=9.44s Sys=0.00s Real=1.25s
[93.699s][info][gc,start       ] GC(308) Pause Full (Ergonomics)
[93.699s][info][gc,phases,start] GC(308) Marking Phase
[94.675s][info][gc,phases      ] GC(308) Marking Phase 976.018ms
[94.675s][info][gc,phases,start] GC(308) Summary Phase
[94.675s][info][gc,phases      ] GC(308) Summary Phase 0.049ms
[94.675s][info][gc,phases,start] GC(308) Adjust Roots
[94.675s][info][gc,phases      ] GC(308) Adjust Roots 0.173ms
[94.675s][info][gc,phases,start] GC(308) Compaction Phase
[94.993s][info][gc,phases      ] GC(308) Compaction Phase 317.482ms
[94.993s][info][gc,phases,start] GC(308) Post Compact
[94.999s][info][gc,phases      ] GC(308) Post Compact 6.219ms
[94.999s][info][gc,heap        ] GC(308) PSYoungGen: 82026K(257024K)->82026K(257024K) Eden: 66559K(66560K)->66559K(66560K) From: 15466K(190464K)->15466K(190464K)
[94.999s][info][gc,heap        ] GC(308) ParOldGen: 4164497K(4164608K)->4164497K(4164608K)
[94.999s][info][gc,metaspace   ] GC(308) Metaspace: 6302K(6464K)->6302K(6464K) NonClass: 5768K(5824K)->5768K(5824K) Class: 533K(640K)->533K(640K)
[94.999s][info][gc             ] GC(308) Pause Full (Ergonomics) 4146M->4146M(4318M) 1300.269ms
[94.999s][info][gc,cpu         ] GC(308) User=9.56s Sys=0.02s Real=1.30s
[94.999s][info][gc,start       ] GC(309) Pause Full (Ergonomics)
[94.999s][info][gc,phases,start] GC(309) Marking Phase
[95.973s][info][gc,phases      ] GC(309) Marking Phase 973.899ms
[95.973s][info][gc,phases,start] GC(309) Summary Phase
[95.973s][info][gc,phases      ] GC(309) Summary Phase 0.048ms
[95.974s][info][gc,phases,start] GC(309) Adjust Roots
[95.974s][info][gc,phases      ] GC(309) Adjust Roots 0.192ms
[95.974s][info][gc,phases,start] GC(309) Compaction Phase
[96.266s][info][gc,phases      ] GC(309) Compaction Phase 292.293ms
[96.266s][info][gc,phases,start] GC(309) Post Compact
[96.272s][info][gc,phases      ] GC(309) Post Compact 6.171ms
[96.272s][info][gc,heap        ] GC(309) PSYoungGen: 82026K(257024K)->82026K(257024K) Eden: 66559K(66560K)->66559K(66560K) From: 15466K(190464K)->15466K(190464K)
[96.272s][info][gc,heap        ] GC(309) ParOldGen: 4164502K(4164608K)->4164502K(4164608K)
[96.272s][info][gc,metaspace   ] GC(309) Metaspace: 6302K(6464K)->6302K(6464K) NonClass: 5768K(5824K)->5768K(5824K) Class: 533K(640K)->533K(640K)
[96.272s][info][gc             ] GC(309) Pause Full (Ergonomics) 4147M->4147M(4318M) 1272.895ms
[96.272s][info][gc,cpu         ] GC(309) User=9.80s Sys=0.00s Real=1.27s
[96.273s][info][gc,start       ] GC(310) Pause Full (Ergonomics)
[96.273s][info][gc,phases,start] GC(310) Marking Phase
[97.221s][info][gc,phases      ] GC(310) Marking Phase 948.040ms
[97.221s][info][gc,phases,start] GC(310) Summary Phase
[97.221s][info][gc,phases      ] GC(310) Summary Phase 0.053ms
[97.221s][info][gc,phases,start] GC(310) Adjust Roots
[97.221s][info][gc,phases      ] GC(310) Adjust Roots 0.204ms
[97.221s][info][gc,phases,start] GC(310) Compaction Phase
[97.519s][info][gc,phases      ] GC(310) Compaction Phase 298.338ms
[97.519s][info][gc,phases,start] GC(310) Post Compact
[97.526s][info][gc,phases      ] GC(310) Post Compact 6.197ms
[97.526s][info][gc,heap        ] GC(310) PSYoungGen: 82026K(257024K)->82026K(257024K) Eden: 66559K(66560K)->66559K(66560K) From: 15466K(190464K)->15466K(190464K)
[97.526s][info][gc,heap        ] GC(310) ParOldGen: 4164506K(4164608K)->4164506K(4164608K)
[97.526s][info][gc,metaspace   ] GC(310) Metaspace: 6302K(6464K)->6302K(6464K) NonClass: 5768K(5824K)->5768K(5824K) Class: 533K(640K)->533K(640K)
[97.526s][info][gc             ] GC(310) Pause Full (Ergonomics) 4147M->4147M(4318M) 1253.186ms
[97.526s][info][gc,cpu         ] GC(310) User=9.41s Sys=0.02s Real=1.25s
[97.526s][info][gc,start       ] GC(311) Pause Full (Ergonomics)
[97.526s][info][gc,phases,start] GC(311) Marking Phase
[98.482s][info][gc,phases      ] GC(311) Marking Phase 956.001ms
[98.482s][info][gc,phases,start] GC(311) Summary Phase
[98.482s][info][gc,phases      ] GC(311) Summary Phase 0.048ms
[98.482s][info][gc,phases,start] GC(311) Adjust Roots
[98.482s][info][gc,phases      ] GC(311) Adjust Roots 0.163ms
[98.482s][info][gc,phases,start] GC(311) Compaction Phase
[98.783s][info][gc,phases      ] GC(311) Compaction Phase 300.316ms
[98.783s][info][gc,phases,start] GC(311) Post Compact
[98.789s][info][gc,phases      ] GC(311) Post Compact 6.250ms
[98.789s][info][gc,heap        ] GC(311) PSYoungGen: 82026K(257024K)->82026K(257024K) Eden: 66559K(66560K)->66559K(66560K) From: 15466K(190464K)->15466K(190464K)
[98.789s][info][gc,heap        ] GC(311) ParOldGen: 4164511K(4164608K)->4164511K(4164608K)
[98.789s][info][gc,metaspace   ] GC(311) Metaspace: 6302K(6464K)->6302K(6464K) NonClass: 5768K(5824K)->5768K(5824K) Class: 533K(640K)->533K(640K)
[98.789s][info][gc             ] GC(311) Pause Full (Ergonomics) 4147M->4147M(4318M) 1263.070ms
[98.789s][info][gc,cpu         ] GC(311) User=9.39s Sys=0.00s Real=1.26s
[98.789s][info][gc,start       ] GC(312) Pause Full (Ergonomics)
[98.789s][info][gc,phases,start] GC(312) Marking Phase
[99.735s][info][gc,phases      ] GC(312) Marking Phase 945.597ms
[99.735s][info][gc,phases,start] GC(312) Summary Phase
[99.735s][info][gc,phases      ] GC(312) Summary Phase 0.049ms
[99.735s][info][gc,phases,start] GC(312) Adjust Roots
[99.735s][info][gc,phases      ] GC(312) Adjust Roots 0.163ms
[99.735s][info][gc,phases,start] GC(312) Compaction Phase
[100.043s][info][gc,phases      ] GC(312) Compaction Phase 307.372ms
[100.043s][info][gc,phases,start] GC(312) Post Compact
[100.049s][info][gc,phases      ] GC(312) Post Compact 6.361ms
[100.049s][info][gc,heap        ] GC(312) PSYoungGen: 82026K(257024K)->82026K(257024K) Eden: 66559K(66560K)->66559K(66560K) From: 15466K(190464K)->15466K(190464K)
[100.049s][info][gc,heap        ] GC(312) ParOldGen: 4164516K(4164608K)->4164516K(4164608K)
[100.049s][info][gc,metaspace   ] GC(312) Metaspace: 6302K(6464K)->6302K(6464K) NonClass: 5768K(5824K)->5768K(5824K) Class: 533K(640K)->533K(640K)
[100.049s][info][gc             ] GC(312) Pause Full (Ergonomics) 4147M->4147M(4318M) 1259.894ms
[100.049s][info][gc,cpu         ] GC(312) User=9.34s Sys=0.00s Real=1.26s
[100.049s][info][gc,start       ] GC(313) Pause Full (Ergonomics)
[100.049s][info][gc,phases,start] GC(313) Marking Phase
[100.992s][info][gc,phases      ] GC(313) Marking Phase 942.638ms
[100.992s][info][gc,phases,start] GC(313) Summary Phase
[100.992s][info][gc,phases      ] GC(313) Summary Phase 0.048ms
[100.992s][info][gc,phases,start] GC(313) Adjust Roots
[100.992s][info][gc,phases      ] GC(313) Adjust Roots 0.168ms
[100.992s][info][gc,phases,start] GC(313) Compaction Phase
[101.321s][info][gc,phases      ] GC(313) Compaction Phase 328.331ms
[101.321s][info][gc,phases,start] GC(313) Post Compact
[101.327s][info][gc,phases      ] GC(313) Post Compact 6.017ms
[101.327s][info][gc,heap        ] GC(313) PSYoungGen: 82026K(257024K)->82026K(257024K) Eden: 66559K(66560K)->66559K(66560K) From: 15466K(190464K)->15466K(190464K)
[101.327s][info][gc,heap        ] GC(313) ParOldGen: 4164521K(4164608K)->4164521K(4164608K)
[101.327s][info][gc,metaspace   ] GC(313) Metaspace: 6302K(6464K)->6302K(6464K) NonClass: 5768K(5824K)->5768K(5824K) Class: 533K(640K)->533K(640K)
[101.327s][info][gc             ] GC(313) Pause Full (Ergonomics) 4147M->4147M(4318M) 1277.500ms
[101.327s][info][gc,cpu         ] GC(313) User=9.39s Sys=0.00s Real=1.28s
[101.327s][info][gc,start       ] GC(314) Pause Full (Ergonomics)
[101.327s][info][gc,phases,start] GC(314) Marking Phase
[102.289s][info][gc,phases      ] GC(314) Marking Phase 962.270ms
[102.289s][info][gc,phases,start] GC(314) Summary Phase
[102.289s][info][gc,phases      ] GC(314) Summary Phase 0.049ms
[102.289s][info][gc,phases,start] GC(314) Adjust Roots
[102.290s][info][gc,phases      ] GC(314) Adjust Roots 0.160ms
[102.290s][info][gc,phases,start] GC(314) Compaction Phase
[102.609s][info][gc,phases      ] GC(314) Compaction Phase 319.808ms
[102.610s][info][gc,phases,start] GC(314) Post Compact
[102.616s][info][gc,phases      ] GC(314) Post Compact 6.006ms
[102.616s][info][gc,heap        ] GC(314) PSYoungGen: 82026K(257024K)->82026K(257024K) Eden: 66559K(66560K)->66559K(66560K) From: 15466K(190464K)->15466K(190464K)
[102.616s][info][gc,heap        ] GC(314) ParOldGen: 4164526K(4164608K)->4164526K(4164608K)
[102.616s][info][gc,metaspace   ] GC(314) Metaspace: 6302K(6464K)->6302K(6464K) NonClass: 5768K(5824K)->5768K(5824K) Class: 533K(640K)->533K(640K)
[102.616s][info][gc             ] GC(314) Pause Full (Ergonomics) 4147M->4147M(4318M) 1288.588ms
[102.616s][info][gc,cpu         ] GC(314) User=9.45s Sys=0.02s Real=1.29s
[102.616s][info][gc,start       ] GC(315) Pause Full (Ergonomics)
[102.616s][info][gc,phases,start] GC(315) Marking Phase
[103.562s][info][gc,phases      ] GC(315) Marking Phase 945.713ms
[103.562s][info][gc,phases,start] GC(315) Summary Phase
[103.562s][info][gc,phases      ] GC(315) Summary Phase 0.048ms
[103.562s][info][gc,phases,start] GC(315) Adjust Roots
[103.562s][info][gc,phases      ] GC(315) Adjust Roots 0.196ms
[103.562s][info][gc,phases,start] GC(315) Compaction Phase
[103.867s][info][gc,phases      ] GC(315) Compaction Phase 304.758ms
[103.867s][info][gc,phases,start] GC(315) Post Compact
[103.873s][info][gc,phases      ] GC(315) Post Compact 6.031ms
[103.873s][info][gc,heap        ] GC(315) PSYoungGen: 82026K(257024K)->82026K(257024K) Eden: 66559K(66560K)->66559K(66560K) From: 15466K(190464K)->15466K(190464K)
[103.873s][info][gc,heap        ] GC(315) ParOldGen: 4164531K(4164608K)->4164531K(4164608K)
[103.873s][info][gc,metaspace   ] GC(315) Metaspace: 6302K(6464K)->6302K(6464K) NonClass: 5768K(5824K)->5768K(5824K) Class: 533K(640K)->533K(640K)
[103.873s][info][gc             ] GC(315) Pause Full (Ergonomics) 4147M->4147M(4318M) 1257.043ms
[103.873s][info][gc,cpu         ] GC(315) User=9.12s Sys=0.00s Real=1.26s
[103.873s][info][gc,start       ] GC(316) Pause Full (Ergonomics)
[103.873s][info][gc,phases,start] GC(316) Marking Phase
[104.821s][info][gc,phases      ] GC(316) Marking Phase 948.011ms
[104.821s][info][gc,phases,start] GC(316) Summary Phase
[104.821s][info][gc,phases      ] GC(316) Summary Phase 0.048ms
[104.821s][info][gc,phases,start] GC(316) Adjust Roots
[104.821s][info][gc,phases      ] GC(316) Adjust Roots 0.230ms
[104.821s][info][gc,phases,start] GC(316) Compaction Phase
[105.122s][info][gc,phases      ] GC(316) Compaction Phase 300.660ms
[105.122s][info][gc,phases,start] GC(316) Post Compact
[105.128s][info][gc,phases      ] GC(316) Post Compact 6.176ms
[105.128s][info][gc,heap        ] GC(316) PSYoungGen: 82026K(257024K)->82026K(257024K) Eden: 66559K(66560K)->66559K(66560K) From: 15466K(190464K)->15466K(190464K)
[105.128s][info][gc,heap        ] GC(316) ParOldGen: 4164535K(4164608K)->4164535K(4164608K)
[105.128s][info][gc,metaspace   ] GC(316) Metaspace: 6302K(6464K)->6302K(6464K) NonClass: 5768K(5824K)->5768K(5824K) Class: 533K(640K)->533K(640K)
[105.128s][info][gc             ] GC(316) Pause Full (Ergonomics) 4147M->4147M(4318M) 1255.423ms
[105.128s][info][gc,cpu         ] GC(316) User=9.41s Sys=0.00s Real=1.26s
[105.129s][info][gc,start       ] GC(317) Pause Full (Ergonomics)
[105.129s][info][gc,phases,start] GC(317) Marking Phase
[106.102s][info][gc,phases      ] GC(317) Marking Phase 973.113ms
[106.102s][info][gc,phases,start] GC(317) Summary Phase
[106.102s][info][gc,phases      ] GC(317) Summary Phase 0.164ms
[106.102s][info][gc,phases,start] GC(317) Adjust Roots
[106.102s][info][gc,phases      ] GC(317) Adjust Roots 0.200ms
[106.102s][info][gc,phases,start] GC(317) Compaction Phase
[106.406s][info][gc,phases      ] GC(317) Compaction Phase 303.559ms
[106.406s][info][gc,phases,start] GC(317) Post Compact
[106.412s][info][gc,phases      ] GC(317) Post Compact 6.295ms
[106.412s][info][gc,heap        ] GC(317) PSYoungGen: 82026K(257024K)->82026K(257024K) Eden: 66559K(66560K)->66559K(66560K) From: 15466K(190464K)->15466K(190464K)
[106.412s][info][gc,heap        ] GC(317) ParOldGen: 4164540K(4164608K)->4164540K(4164608K)
[106.412s][info][gc,metaspace   ] GC(317) Metaspace: 6302K(6464K)->6302K(6464K) NonClass: 5768K(5824K)->5768K(5824K) Class: 533K(640K)->533K(640K)
[106.412s][info][gc             ] GC(317) Pause Full (Ergonomics) 4147M->4147M(4318M) 1283.654ms
[106.412s][info][gc,cpu         ] GC(317) User=9.61s Sys=0.00s Real=1.28s
[106.412s][info][gc,start       ] GC(318) Pause Full (Ergonomics)
[106.412s][info][gc,phases,start] GC(318) Marking Phase
[107.385s][info][gc,phases      ] GC(318) Marking Phase 972.941ms
[107.385s][info][gc,phases,start] GC(318) Summary Phase
[107.386s][info][gc,phases      ] GC(318) Summary Phase 0.049ms
[107.386s][info][gc,phases,start] GC(318) Adjust Roots
[107.386s][info][gc,phases      ] GC(318) Adjust Roots 0.202ms
[107.386s][info][gc,phases,start] GC(318) Compaction Phase
[107.713s][info][gc,phases      ] GC(318) Compaction Phase 327.311ms
[107.713s][info][gc,phases,start] GC(318) Post Compact
[107.719s][info][gc,phases      ] GC(318) Post Compact 6.076ms
[107.719s][info][gc,heap        ] GC(318) PSYoungGen: 82026K(257024K)->82026K(257024K) Eden: 66559K(66560K)->66559K(66560K) From: 15466K(190464K)->15466K(190464K)
[107.719s][info][gc,heap        ] GC(318) ParOldGen: 4164545K(4164608K)->4164545K(4164608K)
[107.719s][info][gc,metaspace   ] GC(318) Metaspace: 6302K(6464K)->6302K(6464K) NonClass: 5768K(5824K)->5768K(5824K) Class: 533K(640K)->533K(640K)
[107.719s][info][gc             ] GC(318) Pause Full (Ergonomics) 4147M->4147M(4318M) 1306.887ms
[107.719s][info][gc,cpu         ] GC(318) User=9.48s Sys=0.00s Real=1.31s
[107.720s][info][gc,start       ] GC(319) Pause Full (Ergonomics)
[107.720s][info][gc,phases,start] GC(319) Marking Phase
[108.672s][info][gc,phases      ] GC(319) Marking Phase 952.498ms
[108.672s][info][gc,phases,start] GC(319) Summary Phase
[108.672s][info][gc,phases      ] GC(319) Summary Phase 0.063ms
[108.672s][info][gc,phases,start] GC(319) Adjust Roots
[108.672s][info][gc,phases      ] GC(319) Adjust Roots 0.273ms
[108.673s][info][gc,phases,start] GC(319) Compaction Phase
[108.982s][info][gc,phases      ] GC(319) Compaction Phase 309.762ms
[108.982s][info][gc,phases,start] GC(319) Post Compact
[108.988s][info][gc,phases      ] GC(319) Post Compact 6.040ms
[108.988s][info][gc,heap        ] GC(319) PSYoungGen: 82026K(257024K)->82026K(257024K) Eden: 66559K(66560K)->66559K(66560K) From: 15466K(190464K)->15466K(190464K)
[108.988s][info][gc,heap        ] GC(319) ParOldGen: 4164550K(4164608K)->4164550K(4164608K)
[108.988s][info][gc,metaspace   ] GC(319) Metaspace: 6302K(6464K)->6302K(6464K) NonClass: 5768K(5824K)->5768K(5824K) Class: 533K(640K)->533K(640K)
[108.988s][info][gc             ] GC(319) Pause Full (Ergonomics) 4147M->4147M(4318M) 1268.941ms
[108.989s][info][gc,cpu         ] GC(319) User=9.56s Sys=0.00s Real=1.27s
[108.989s][info][gc,start       ] GC(320) Pause Full (Ergonomics)
[108.989s][info][gc,phases,start] GC(320) Marking Phase
[109.940s][info][gc,phases      ] GC(320) Marking Phase 951.283ms
[109.940s][info][gc,phases,start] GC(320) Summary Phase
[109.940s][info][gc,phases      ] GC(320) Summary Phase 0.049ms
[109.940s][info][gc,phases,start] GC(320) Adjust Roots
[109.940s][info][gc,phases      ] GC(320) Adjust Roots 0.194ms
[109.940s][info][gc,phases,start] GC(320) Compaction Phase
[110.235s][info][gc,phases      ] GC(320) Compaction Phase 294.356ms
[110.235s][info][gc,phases,start] GC(320) Post Compact
[110.241s][info][gc,phases      ] GC(320) Post Compact 6.267ms
[110.241s][info][gc,heap        ] GC(320) PSYoungGen: 82026K(257024K)->82026K(257024K) Eden: 66559K(66560K)->66559K(66560K) From: 15466K(190464K)->15466K(190464K)
[110.241s][info][gc,heap        ] GC(320) ParOldGen: 4164555K(4164608K)->4164555K(4164608K)
[110.241s][info][gc,metaspace   ] GC(320) Metaspace: 6302K(6464K)->6302K(6464K) NonClass: 5768K(5824K)->5768K(5824K) Class: 533K(640K)->533K(640K)
[110.241s][info][gc             ] GC(320) Pause Full (Ergonomics) 4147M->4147M(4318M) 1252.459ms
[110.241s][info][gc,cpu         ] GC(320) User=9.56s Sys=0.00s Real=1.25s
[110.241s][info][gc,start       ] GC(321) Pause Full (Ergonomics)
[110.241s][info][gc,phases,start] GC(321) Marking Phase
[111.212s][info][gc,phases      ] GC(321) Marking Phase 970.738ms
[111.212s][info][gc,phases,start] GC(321) Summary Phase
[111.212s][info][gc,phases      ] GC(321) Summary Phase 0.057ms
[111.212s][info][gc,phases,start] GC(321) Adjust Roots
[111.212s][info][gc,phases      ] GC(321) Adjust Roots 0.210ms
[111.212s][info][gc,phases,start] GC(321) Compaction Phase
[111.510s][info][gc,phases      ] GC(321) Compaction Phase 297.871ms
[111.510s][info][gc,phases,start] GC(321) Post Compact
[111.517s][info][gc,phases      ] GC(321) Post Compact 6.269ms
[111.517s][info][gc,heap        ] GC(321) PSYoungGen: 82026K(257024K)->82026K(257024K) Eden: 66559K(66560K)->66559K(66560K) From: 15466K(190464K)->15466K(190464K)
[111.517s][info][gc,heap        ] GC(321) ParOldGen: 4164560K(4164608K)->4164560K(4164608K)
[111.517s][info][gc,metaspace   ] GC(321) Metaspace: 6302K(6464K)->6302K(6464K) NonClass: 5768K(5824K)->5768K(5824K) Class: 533K(640K)->533K(640K)
[111.517s][info][gc             ] GC(321) Pause Full (Ergonomics) 4147M->4147M(4318M) 1275.453ms
[111.517s][info][gc,cpu         ] GC(321) User=9.58s Sys=0.00s Real=1.28s
[111.517s][info][gc,start       ] GC(322) Pause Full (Ergonomics)
[111.517s][info][gc,phases,start] GC(322) Marking Phase
[112.481s][info][gc,phases      ] GC(322) Marking Phase 963.565ms
[112.481s][info][gc,phases,start] GC(322) Summary Phase
[112.481s][info][gc,phases      ] GC(322) Summary Phase 0.048ms
[112.481s][info][gc,phases,start] GC(322) Adjust Roots
[112.481s][info][gc,phases      ] GC(322) Adjust Roots 0.165ms
[112.481s][info][gc,phases,start] GC(322) Compaction Phase
[112.771s][info][gc,phases      ] GC(322) Compaction Phase 289.840ms
[112.771s][info][gc,phases,start] GC(322) Post Compact
[112.777s][info][gc,phases      ] GC(322) Post Compact 6.383ms
[112.777s][info][gc,heap        ] GC(322) PSYoungGen: 82026K(257024K)->82026K(257024K) Eden: 66559K(66560K)->66559K(66560K) From: 15466K(190464K)->15466K(190464K)
[112.777s][info][gc,heap        ] GC(322) ParOldGen: 4164564K(4164608K)->4164564K(4164608K)
[112.777s][info][gc,metaspace   ] GC(322) Metaspace: 6302K(6464K)->6302K(6464K) NonClass: 5768K(5824K)->5768K(5824K) Class: 533K(640K)->533K(640K)
[112.777s][info][gc             ] GC(322) Pause Full (Ergonomics) 4147M->4147M(4318M) 1260.317ms
[112.777s][info][gc,cpu         ] GC(322) User=9.64s Sys=0.00s Real=1.26s
[112.777s][info][gc,start       ] GC(323) Pause Full (Ergonomics)
[112.777s][info][gc,phases,start] GC(323) Marking Phase
[113.725s][info][gc,phases      ] GC(323) Marking Phase 947.157ms
[113.725s][info][gc,phases,start] GC(323) Summary Phase
[113.725s][info][gc,phases      ] GC(323) Summary Phase 0.048ms
[113.725s][info][gc,phases,start] GC(323) Adjust Roots
[113.725s][info][gc,phases      ] GC(323) Adjust Roots 0.164ms
[113.725s][info][gc,phases,start] GC(323) Compaction Phase
[114.022s][info][gc,phases      ] GC(323) Compaction Phase 297.008ms
[114.022s][info][gc,phases,start] GC(323) Post Compact
[114.028s][info][gc,phases      ] GC(323) Post Compact 6.352ms
[114.028s][info][gc,heap        ] GC(323) PSYoungGen: 82026K(257024K)->82026K(257024K) Eden: 66559K(66560K)->66559K(66560K) From: 15466K(190464K)->15466K(190464K)
[114.028s][info][gc,heap        ] GC(323) ParOldGen: 4164569K(4164608K)->4164569K(4164608K)
[114.028s][info][gc,metaspace   ] GC(323) Metaspace: 6302K(6464K)->6302K(6464K) NonClass: 5768K(5824K)->5768K(5824K) Class: 533K(640K)->533K(640K)
[114.028s][info][gc             ] GC(323) Pause Full (Ergonomics) 4147M->4147M(4318M) 1251.031ms
[114.029s][info][gc,cpu         ] GC(323) User=9.33s Sys=0.02s Real=1.25s
[114.029s][info][gc,start       ] GC(324) Pause Full (Ergonomics)
[114.029s][info][gc,phases,start] GC(324) Marking Phase
[115.002s][info][gc,phases      ] GC(324) Marking Phase 973.662ms
[115.002s][info][gc,phases,start] GC(324) Summary Phase
[115.002s][info][gc,phases      ] GC(324) Summary Phase 0.052ms
[115.002s][info][gc,phases,start] GC(324) Adjust Roots
[115.003s][info][gc,phases      ] GC(324) Adjust Roots 0.172ms
[115.003s][info][gc,phases,start] GC(324) Compaction Phase
[115.311s][info][gc,phases      ] GC(324) Compaction Phase 307.830ms
[115.311s][info][gc,phases,start] GC(324) Post Compact
[115.317s][info][gc,phases      ] GC(324) Post Compact 6.137ms
[115.317s][info][gc,heap        ] GC(324) PSYoungGen: 82026K(257024K)->82026K(257024K) Eden: 66559K(66560K)->66559K(66560K) From: 15466K(190464K)->15466K(190464K)
[115.317s][info][gc,heap        ] GC(324) ParOldGen: 4164574K(4164608K)->4164574K(4164608K)
[115.317s][info][gc,metaspace   ] GC(324) Metaspace: 6302K(6464K)->6302K(6464K) NonClass: 5768K(5824K)->5768K(5824K) Class: 533K(640K)->533K(640K)
[115.317s][info][gc             ] GC(324) Pause Full (Ergonomics) 4147M->4147M(4318M) 1288.147ms
[115.317s][info][gc,cpu         ] GC(324) User=9.67s Sys=0.00s Real=1.29s
[115.317s][info][gc,start       ] GC(325) Pause Full (Ergonomics)
[115.317s][info][gc,phases,start] GC(325) Marking Phase
[116.277s][info][gc,phases      ] GC(325) Marking Phase 959.962ms
[116.277s][info][gc,phases,start] GC(325) Summary Phase
[116.277s][info][gc,phases      ] GC(325) Summary Phase 0.048ms
[116.277s][info][gc,phases,start] GC(325) Adjust Roots
[116.277s][info][gc,phases      ] GC(325) Adjust Roots 0.190ms
[116.277s][info][gc,phases,start] GC(325) Compaction Phase
[116.585s][info][gc,phases      ] GC(325) Compaction Phase 307.927ms
[116.585s][info][gc,phases,start] GC(325) Post Compact
[116.592s][info][gc,phases      ] GC(325) Post Compact 6.212ms
[116.592s][info][gc,heap        ] GC(325) PSYoungGen: 82026K(257024K)->82026K(257024K) Eden: 66559K(66560K)->66559K(66560K) From: 15466K(190464K)->15466K(190464K)
[116.592s][info][gc,heap        ] GC(325) ParOldGen: 4164579K(4164608K)->4164579K(4164608K)
[116.592s][info][gc,metaspace   ] GC(325) Metaspace: 6302K(6464K)->6302K(6464K) NonClass: 5768K(5824K)->5768K(5824K) Class: 533K(640K)->533K(640K)
[116.592s][info][gc             ] GC(325) Pause Full (Ergonomics) 4147M->4147M(4318M) 1274.635ms
[116.592s][info][gc,cpu         ] GC(325) User=9.47s Sys=0.00s Real=1.27s
[116.592s][info][gc,start       ] GC(326) Pause Full (Ergonomics)
[116.592s][info][gc,phases,start] GC(326) Marking Phase
[117.562s][info][gc,phases      ] GC(326) Marking Phase 969.682ms
[117.562s][info][gc,phases,start] GC(326) Summary Phase
[117.562s][info][gc,phases      ] GC(326) Summary Phase 0.048ms
[117.562s][info][gc,phases,start] GC(326) Adjust Roots
[117.562s][info][gc,phases      ] GC(326) Adjust Roots 0.189ms
[117.562s][info][gc,phases,start] GC(326) Compaction Phase
[117.859s][info][gc,phases      ] GC(326) Compaction Phase 297.403ms
[117.859s][info][gc,phases,start] GC(326) Post Compact
[117.865s][info][gc,phases      ] GC(326) Post Compact 6.082ms
[117.865s][info][gc,heap        ] GC(326) PSYoungGen: 82026K(257024K)->82026K(257024K) Eden: 66559K(66560K)->66559K(66560K) From: 15466K(190464K)->15466K(190464K)
[117.865s][info][gc,heap        ] GC(326) ParOldGen: 4164584K(4164608K)->4164584K(4164608K)
[117.866s][info][gc,metaspace   ] GC(326) Metaspace: 6302K(6464K)->6302K(6464K) NonClass: 5768K(5824K)->5768K(5824K) Class: 533K(640K)->533K(640K)
[117.866s][info][gc             ] GC(326) Pause Full (Ergonomics) 4147M->4147M(4318M) 1273.708ms
[117.866s][info][gc,cpu         ] GC(326) User=9.73s Sys=0.00s Real=1.27s
[117.866s][info][gc,start       ] GC(327) Pause Full (Ergonomics)
[117.866s][info][gc,phases,start] GC(327) Marking Phase
[118.809s][info][gc,phases      ] GC(327) Marking Phase 943.717ms
[118.809s][info][gc,phases,start] GC(327) Summary Phase
[118.810s][info][gc,phases      ] GC(327) Summary Phase 0.047ms
[118.810s][info][gc,phases,start] GC(327) Adjust Roots
[118.810s][info][gc,phases      ] GC(327) Adjust Roots 0.162ms
[118.810s][info][gc,phases,start] GC(327) Compaction Phase
[119.122s][info][gc,phases      ] GC(327) Compaction Phase 312.732ms
[119.123s][info][gc,phases,start] GC(327) Post Compact
[119.129s][info][gc,phases      ] GC(327) Post Compact 6.310ms
[119.129s][info][gc,heap        ] GC(327) PSYoungGen: 82026K(257024K)->82026K(257024K) Eden: 66559K(66560K)->66559K(66560K) From: 15466K(190464K)->15466K(190464K)
[119.129s][info][gc,heap        ] GC(327) ParOldGen: 4164589K(4164608K)->4164589K(4164608K)
[119.129s][info][gc,metaspace   ] GC(327) Metaspace: 6302K(6464K)->6302K(6464K) NonClass: 5768K(5824K)->5768K(5824K) Class: 533K(640K)->533K(640K)
[119.129s][info][gc             ] GC(327) Pause Full (Ergonomics) 4147M->4147M(4318M) 1263.251ms
[119.129s][info][gc,cpu         ] GC(327) User=9.17s Sys=0.00s Real=1.26s
[119.129s][info][gc,start       ] GC(328) Pause Full (Ergonomics)
[119.129s][info][gc,phases,start] GC(328) Marking Phase
[120.090s][info][gc,phases      ] GC(328) Marking Phase 960.413ms
[120.090s][info][gc,phases,start] GC(328) Summary Phase
[120.090s][info][gc,phases      ] GC(328) Summary Phase 0.048ms
[120.090s][info][gc,phases,start] GC(328) Adjust Roots
[120.090s][info][gc,phases      ] GC(328) Adjust Roots 0.168ms
[120.090s][info][gc,phases,start] GC(328) Compaction Phase
[120.399s][info][gc,phases      ] GC(328) Compaction Phase 309.105ms
[120.399s][info][gc,phases,start] GC(328) Post Compact
[120.405s][info][gc,phases      ] GC(328) Post Compact 6.057ms
[120.405s][info][gc,heap        ] GC(328) PSYoungGen: 82026K(257024K)->82026K(257024K) Eden: 66559K(66560K)->66559K(66560K) From: 15466K(190464K)->15466K(190464K)
[120.405s][info][gc,heap        ] GC(328) ParOldGen: 4164593K(4164608K)->4164593K(4164608K)
[120.405s][info][gc,metaspace   ] GC(328) Metaspace: 6302K(6464K)->6302K(6464K) NonClass: 5768K(5824K)->5768K(5824K) Class: 533K(640K)->533K(640K)
[120.405s][info][gc             ] GC(328) Pause Full (Ergonomics) 4147M->4147M(4318M) 1276.083ms
[120.405s][info][gc,cpu         ] GC(328) User=9.45s Sys=0.00s Real=1.28s
[120.405s][info][gc,start       ] GC(329) Pause Full (Ergonomics)
[120.405s][info][gc,phases,start] GC(329) Marking Phase
[121.357s][info][gc,phases      ] GC(329) Marking Phase 952.015ms
[121.358s][info][gc,phases,start] GC(329) Summary Phase
[121.358s][info][gc,phases      ] GC(329) Summary Phase 0.065ms
[121.358s][info][gc,phases,start] GC(329) Adjust Roots
[121.358s][info][gc,phases      ] GC(329) Adjust Roots 0.259ms
[121.358s][info][gc,phases,start] GC(329) Compaction Phase
[121.678s][info][gc,phases      ] GC(329) Compaction Phase 319.865ms
[121.678s][info][gc,phases,start] GC(329) Post Compact
[121.684s][info][gc,phases      ] GC(329) Post Compact 6.116ms
[121.684s][info][gc,heap        ] GC(329) PSYoungGen: 82026K(257024K)->82026K(257024K) Eden: 66559K(66560K)->66559K(66560K) From: 15466K(190464K)->15466K(190464K)
[121.684s][info][gc,heap        ] GC(329) ParOldGen: 4164598K(4164608K)->4164598K(4164608K)
[121.684s][info][gc,metaspace   ] GC(329) Metaspace: 6302K(6464K)->6302K(6464K) NonClass: 5768K(5824K)->5768K(5824K) Class: 533K(640K)->533K(640K)
[121.684s][info][gc             ] GC(329) Pause Full (Ergonomics) 4147M->4147M(4318M) 1278.647ms
[121.684s][info][gc,cpu         ] GC(329) User=9.45s Sys=0.00s Real=1.28s
[121.684s][info][gc,start       ] GC(330) Pause Full (Ergonomics)
[121.684s][info][gc,phases,start] GC(330) Marking Phase
[122.621s][info][gc,phases      ] GC(330) Marking Phase 936.292ms
[122.621s][info][gc,phases,start] GC(330) Summary Phase
[122.621s][info][gc,phases      ] GC(330) Summary Phase 0.055ms
[122.621s][info][gc,phases,start] GC(330) Adjust Roots
[122.621s][info][gc,phases      ] GC(330) Adjust Roots 0.168ms
[122.621s][info][gc,phases,start] GC(330) Compaction Phase
[122.931s][info][gc,phases      ] GC(330) Compaction Phase 310.548ms
[122.931s][info][gc,phases,start] GC(330) Post Compact
[122.938s][info][gc,phases      ] GC(330) Post Compact 6.327ms
[122.938s][info][gc,heap        ] GC(330) PSYoungGen: 82026K(257024K)->82026K(257024K) Eden: 66559K(66560K)->66559K(66560K) From: 15466K(190464K)->15466K(190464K)
[122.938s][info][gc,heap        ] GC(330) ParOldGen: 4164603K(4164608K)->4164603K(4164608K)
[122.938s][info][gc,metaspace   ] GC(330) Metaspace: 6302K(6464K)->6302K(6464K) NonClass: 5768K(5824K)->5768K(5824K) Class: 533K(640K)->533K(640K)
[122.938s][info][gc             ] GC(330) Pause Full (Ergonomics) 4147M->4147M(4318M) 1253.675ms
[122.938s][info][gc,cpu         ] GC(330) User=9.12s Sys=0.00s Real=1.25s
[122.938s][info][gc,start       ] GC(331) Pause Full (Ergonomics)
[122.938s][info][gc,phases,start] GC(331) Marking Phase
[123.905s][info][gc,phases      ] GC(331) Marking Phase 966.910ms
[123.905s][info][gc,phases,start] GC(331) Summary Phase
[123.905s][info][gc,phases      ] GC(331) Summary Phase 0.058ms
[123.905s][info][gc,phases,start] GC(331) Adjust Roots
[123.905s][info][gc,phases      ] GC(331) Adjust Roots 0.172ms
[123.905s][info][gc,phases,start] GC(331) Compaction Phase
[124.197s][info][gc,phases      ] GC(331) Compaction Phase 291.402ms
[124.197s][info][gc,phases,start] GC(331) Post Compact
[124.203s][info][gc,phases      ] GC(331) Post Compact 6.115ms
[124.203s][info][gc,heap        ] GC(331) PSYoungGen: 82026K(257024K)->82026K(257024K) Eden: 66559K(66560K)->66559K(66560K) From: 15466K(190464K)->15466K(190464K)
[124.203s][info][gc,heap        ] GC(331) ParOldGen: 4164607K(4164608K)->4164607K(4164608K)
[124.203s][info][gc,metaspace   ] GC(331) Metaspace: 6302K(6464K)->6302K(6464K) NonClass: 5768K(5824K)->5768K(5824K) Class: 533K(640K)->533K(640K)
[124.203s][info][gc             ] GC(331) Pause Full (Ergonomics) 4147M->4147M(4318M) 1264.941ms
[124.203s][info][gc,cpu         ] GC(331) User=9.64s Sys=0.00s Real=1.27s
[124.203s][info][gc,start       ] GC(332) Pause Full (Allocation Failure)
[124.203s][info][gc,phases,start] GC(332) Marking Phase
[125.155s][info][gc,phases      ] GC(332) Marking Phase 952.205ms
[125.155s][info][gc,phases,start] GC(332) Summary Phase
[125.155s][info][gc,phases      ] GC(332) Summary Phase 0.049ms
[125.155s][info][gc,phases,start] GC(332) Adjust Roots
[125.156s][info][gc,phases      ] GC(332) Adjust Roots 0.389ms
[125.156s][info][gc,phases,start] GC(332) Compaction Phase
[126.202s][info][gc,phases      ] GC(332) Compaction Phase 1045.956ms
[126.202s][info][gc,phases,start] GC(332) Post Compact
[126.208s][info][gc,phases      ] GC(332) Post Compact 6.176ms
[126.208s][info][gc,heap        ] GC(332) PSYoungGen: 82026K(257024K)->82026K(257024K) Eden: 66559K(66560K)->66559K(66560K) From: 15466K(190464K)->15466K(190464K)
[126.208s][info][gc,heap        ] GC(332) ParOldGen: 4164607K(4164608K)->4164603K(4164608K)
[126.208s][info][gc,metaspace   ] GC(332) Metaspace: 6302K(6464K)->6300K(6464K) NonClass: 5768K(5824K)->5767K(5824K) Class: 533K(640K)->532K(640K)
[126.208s][info][gc             ] GC(332) Pause Full (Allocation Failure) 4147M->4147M(4318M) 2005.055ms
[126.208s][info][gc,cpu         ] GC(332) User=15.09s Sys=0.02s Real=2.00s
[126.208s][info][gc,start       ] GC(333) Pause Full (Ergonomics)
[126.209s][info][gc,phases,start] GC(333) Marking Phase
[127.168s][info][gc,phases      ] GC(333) Marking Phase 959.265ms
[127.168s][info][gc,phases,start] GC(333) Summary Phase
[127.168s][info][gc,phases      ] GC(333) Summary Phase 0.048ms
[127.168s][info][gc,phases,start] GC(333) Adjust Roots
[127.168s][info][gc,phases      ] GC(333) Adjust Roots 0.173ms
[127.168s][info][gc,phases,start] GC(333) Compaction Phase
[127.461s][info][gc,phases      ] GC(333) Compaction Phase 292.874ms
[127.461s][info][gc,phases,start] GC(333) Post Compact
[127.467s][info][gc,phases      ] GC(333) Post Compact 6.084ms
[127.467s][info][gc,heap        ] GC(333) PSYoungGen: 82026K(257024K)->82026K(257024K) Eden: 66559K(66560K)->66559K(66560K) From: 15466K(190464K)->15466K(190464K)
[127.467s][info][gc,heap        ] GC(333) ParOldGen: 4164604K(4164608K)->4164604K(4164608K)
[127.467s][info][gc,metaspace   ] GC(333) Metaspace: 6300K(6464K)->6300K(6464K) NonClass: 5767K(5824K)->5767K(5824K) Class: 532K(640K)->532K(640K)
[127.467s][info][gc             ] GC(333) Pause Full (Ergonomics) 4147M->4147M(4318M) 1258.736ms
[127.467s][info][gc,cpu         ] GC(333) User=9.52s Sys=0.00s Real=1.26s
[127.468s][info][gc,start       ] GC(334) Pause Full (Ergonomics)
[127.468s][info][gc,phases,start] GC(334) Marking Phase
[128.445s][info][gc,phases      ] GC(334) Marking Phase 977.154ms
[128.445s][info][gc,phases,start] GC(334) Summary Phase
[128.445s][info][gc,phases      ] GC(334) Summary Phase 0.048ms
[128.445s][info][gc,phases,start] GC(334) Adjust Roots
[128.445s][info][gc,phases      ] GC(334) Adjust Roots 0.168ms
[128.445s][info][gc,phases,start] GC(334) Compaction Phase
[128.747s][info][gc,phases      ] GC(334) Compaction Phase 301.641ms
[128.747s][info][gc,phases,start] GC(334) Post Compact
[128.753s][info][gc,phases      ] GC(334) Post Compact 6.062ms
[128.753s][info][gc,heap        ] GC(334) PSYoungGen: 82026K(257024K)->82026K(257024K) Eden: 66559K(66560K)->66559K(66560K) From: 15466K(190464K)->15466K(190464K)
[128.753s][info][gc,heap        ] GC(334) ParOldGen: 4164607K(4164608K)->4164607K(4164608K)
[128.753s][info][gc,metaspace   ] GC(334) Metaspace: 6300K(6464K)->6300K(6464K) NonClass: 5767K(5824K)->5767K(5824K) Class: 532K(640K)->532K(640K)
[128.753s][info][gc             ] GC(334) Pause Full (Ergonomics) 4147M->4147M(4318M) 1285.354ms
[128.753s][info][gc,cpu         ] GC(334) User=9.56s Sys=0.00s Real=1.29s
[128.753s][info][gc,start       ] GC(335) Pause Full (Allocation Failure)
[128.753s][info][gc,phases,start] GC(335) Marking Phase
[129.688s][info][gc,phases      ] GC(335) Marking Phase 935.442ms
[129.689s][info][gc,phases,start] GC(335) Summary Phase
[129.689s][info][gc,phases      ] GC(335) Summary Phase 0.049ms
[129.689s][info][gc,phases,start] GC(335) Adjust Roots
[129.689s][info][gc,phases      ] GC(335) Adjust Roots 0.190ms
[129.689s][info][gc,phases,start] GC(335) Compaction Phase
[129.990s][info][gc,phases      ] GC(335) Compaction Phase 301.576ms
[129.990s][info][gc,phases,start] GC(335) Post Compact
[129.997s][info][gc,phases      ] GC(335) Post Compact 6.140ms
[129.997s][info][gc,heap        ] GC(335) PSYoungGen: 82026K(257024K)->82026K(257024K) Eden: 66559K(66560K)->66559K(66560K) From: 15466K(190464K)->15466K(190464K)
[129.997s][info][gc,heap        ] GC(335) ParOldGen: 4164607K(4164608K)->4164607K(4164608K)
[129.997s][info][gc,metaspace   ] GC(335) Metaspace: 6300K(6464K)->6300K(6464K) NonClass: 5767K(5824K)->5767K(5824K) Class: 532K(640K)->532K(640K)
[129.997s][info][gc             ] GC(335) Pause Full (Allocation Failure) 4147M->4147M(4318M) 1243.681ms
[129.997s][info][gc,cpu         ] GC(335) User=9.48s Sys=0.00s Real=1.24s
[129.997s][info][gc,start       ] GC(336) Pause Full (Ergonomics)
[129.997s][info][gc,phases,start] GC(336) Marking Phase
[130.942s][info][gc,phases      ] GC(336) Marking Phase 945.144ms
[130.942s][info][gc,phases,start] GC(336) Summary Phase
[130.942s][info][gc,phases      ] GC(336) Summary Phase 0.049ms
[130.942s][info][gc,phases,start] GC(336) Adjust Roots
[130.943s][info][gc,phases      ] GC(336) Adjust Roots 0.251ms
[130.943s][info][gc,phases,start] GC(336) Compaction Phase
[132.019s][info][gc,phases      ] GC(336) Compaction Phase 1076.189ms
[132.019s][info][gc,phases,start] GC(336) Post Compact
[132.025s][info][gc,phases      ] GC(336) Post Compact 6.198ms
[132.025s][info][gc,heap        ] GC(336) PSYoungGen: 82026K(257024K)->82026K(257024K) Eden: 66559K(66560K)->66559K(66560K) From: 15466K(190464K)->15466K(190464K)
[132.025s][info][gc,heap        ] GC(336) ParOldGen: 4164607K(4164608K)->4164606K(4164608K)
[132.025s][info][gc,metaspace   ] GC(336) Metaspace: 6300K(6464K)->6300K(6464K) NonClass: 5767K(5824K)->5767K(5824K) Class: 532K(640K)->532K(640K)
[132.025s][info][gc             ] GC(336) Pause Full (Ergonomics) 4147M->4147M(4318M) 2028.143ms
[132.025s][info][gc,cpu         ] GC(336) User=14.94s Sys=0.03s Real=2.03s
[132.026s][info][gc,start       ] GC(337) Pause Full (Ergonomics)
[132.026s][info][gc,phases,start] GC(337) Marking Phase
[132.998s][info][gc,phases      ] GC(337) Marking Phase 972.141ms
[132.998s][info][gc,phases,start] GC(337) Summary Phase
[132.998s][info][gc,phases      ] GC(337) Summary Phase 0.048ms
[132.998s][info][gc,phases,start] GC(337) Adjust Roots
[132.998s][info][gc,phases      ] GC(337) Adjust Roots 0.188ms
[132.998s][info][gc,phases,start] GC(337) Compaction Phase
[133.321s][info][gc,phases      ] GC(337) Compaction Phase 323.082ms
[133.321s][info][gc,phases,start] GC(337) Post Compact
[133.327s][info][gc,phases      ] GC(337) Post Compact 6.034ms
[133.327s][info][gc,heap        ] GC(337) PSYoungGen: 82026K(257024K)->82026K(257024K) Eden: 66560K(66560K)->66560K(66560K) From: 15466K(190464K)->15466K(190464K)
[133.327s][info][gc,heap        ] GC(337) ParOldGen: 4164606K(4164608K)->4164606K(4164608K)
[133.327s][info][gc,metaspace   ] GC(337) Metaspace: 6300K(6464K)->6300K(6464K) NonClass: 5767K(5824K)->5767K(5824K) Class: 532K(640K)->532K(640K)
[133.327s][info][gc             ] GC(337) Pause Full (Ergonomics) 4147M->4147M(4318M) 1301.795ms
[133.327s][info][gc,cpu         ] GC(337) User=9.39s Sys=0.00s Real=1.30s
[133.328s][info][gc,start       ] GC(338) Pause Full (Ergonomics)
[133.328s][info][gc,phases,start] GC(338) Marking Phase
[134.290s][info][gc,phases      ] GC(338) Marking Phase 961.232ms
[134.290s][info][gc,phases,start] GC(338) Summary Phase
[134.290s][info][gc,phases      ] GC(338) Summary Phase 0.049ms
[134.290s][info][gc,phases,start] GC(338) Adjust Roots
[134.290s][info][gc,phases      ] GC(338) Adjust Roots 0.355ms
[134.290s][info][gc,phases,start] GC(338) Compaction Phase
[135.357s][info][gc,phases      ] GC(338) Compaction Phase 1066.438ms
[135.357s][info][gc,phases,start] GC(338) Post Compact
[135.363s][info][gc,phases      ] GC(338) Post Compact 6.253ms
[135.363s][info][gc,heap        ] GC(338) PSYoungGen: 82026K(257024K)->82026K(257024K) Eden: 66560K(66560K)->66560K(66560K) From: 15466K(190464K)->15466K(190464K)
[135.363s][info][gc,heap        ] GC(338) ParOldGen: 4164607K(4164608K)->4164604K(4164608K)
[135.363s][info][gc,metaspace   ] GC(338) Metaspace: 6302K(6528K)->6302K(6528K) NonClass: 5768K(5888K)->5768K(5888K) Class: 533K(640K)->533K(640K)
[135.363s][info][gc             ] GC(338) Pause Full (Ergonomics) 4147M->4147M(4318M) 2034.655ms
[135.363s][info][gc,cpu         ] GC(338) User=14.88s Sys=0.02s Real=2.03s
[135.364s][info][gc,heap,exit   ] Heap
[135.364s][info][gc,heap,exit   ]  PSYoungGen      total 257024K, used 82026K [0x0000000780f00000, 0x000000079d200000, 0x0000000800000000)
[135.364s][info][gc,heap,exit   ]   eden space 66560K, 100% used [0x0000000780f00000,0x0000000785000000,0x0000000785000000)
[135.364s][info][gc,heap,exit   ]   from space 190464K, 8% used [0x0000000785000000,0x0000000785f1a9f0,0x0000000790a00000)
[135.364s][info][gc,heap,exit   ]   to   space 193536K, 0% used [0x0000000791500000,0x0000000791500000,0x000000079d200000)
[135.364s][info][gc,heap,exit   ]  ParOldGen       total 4164608K, used 4164605K [0x0000000682c00000, 0x0000000780f00000, 0x0000000780f00000)
[135.364s][info][gc,heap,exit   ]   object space 4164608K, 99% used [0x0000000682c00000,0x0000000780eff630,0x0000000780f00000)
[135.364s][info][gc,heap,exit   ]  Metaspace       used 6305K, committed 6528K, reserved 1114112K
[135.364s][info][gc,heap,exit   ]   class space    used 534K, committed 640K, reserved 1048576K
