[0.014s][info][gc,init] CardTable entry size: 512
[0.014s][info][gc     ] Using Parallel
[0.015s][info][gc,init] Version: 18.0.1+10 (release)
[0.016s][info][gc,init] CPUs: 8 total, 8 available
[0.016s][info][gc,init] Memory: 16063M
[0.016s][info][gc,init] Large Page Support: Disabled
[0.016s][info][gc,init] NUMA Support: Disabled
[0.016s][info][gc,init] Compressed Oops: Enabled (Zero based)
[0.016s][info][gc,init] Alignments: Space 512K, Generation 512K, Heap 2M
[0.016s][info][gc,init] Heap Min Capacity: 2M
[0.016s][info][gc,init] Heap Initial Capacity: 2M
[0.016s][info][gc,init] Heap Max Capacity: 15500M
[0.016s][info][gc,init] Pre-touch: Disabled
[0.016s][info][gc,init] Parallel Workers: 8
[0.016s][info][gc,metaspace] CDS archive(s) not mapped
[0.016s][info][gc,metaspace] Compressed class space mapped at: 0x0000000800000000-0x0000000840000000, reserved size: 1073741824
[0.016s][info][gc,metaspace] Narrow klass base: 0x0000000800000000, Narrow klass shift: 0, Narrow klass range: 0x40000000
[0.116s][info][gc,start    ] GC(0) Pause Young (Allocation Failure)
[0.117s][info][gc,heap     ] GC(0) PSYoungGen: 512K(1024K)->480K(1024K) Eden: 512K(512K)->0K(512K) From: 0K(512K)->480K(512K)
[0.117s][info][gc,heap     ] GC(0) ParOldGen: 0K(512K)->8K(512K)
[0.117s][info][gc,metaspace] GC(0) Metaspace: 4230K(4352K)->4230K(4352K) NonClass: 3909K(3968K)->3909K(3968K) Class: 321K(384K)->321K(384K)
[0.117s][info][gc          ] GC(0) Pause Young (Allocation Failure) 0M->0M(1M) 1.249ms
[0.117s][info][gc,cpu      ] GC(0) User=0.00s Sys=0.00s Real=0.00s
[0.182s][info][gc,start    ] GC(1) Pause Young (Allocation Failure)
[0.183s][info][gc,heap     ] GC(1) PSYoungGen: 991K(1024K)->512K(1536K) Eden: 511K(512K)->0K(1024K) From: 480K(512K)->512K(512K)
[0.183s][info][gc,heap     ] GC(1) ParOldGen: 8K(512K)->88K(512K)
[0.183s][info][gc,metaspace] GC(1) Metaspace: 5882K(6016K)->5882K(6016K) NonClass: 5385K(5504K)->5385K(5504K) Class: 496K(512K)->496K(512K)
[0.183s][info][gc          ] GC(1) Pause Young (Allocation Failure) 0M->0M(2M) 0.837ms
[0.183s][info][gc,cpu      ] GC(1) User=0.00s Sys=0.00s Real=0.00s
[0.204s][info][gc,start    ] GC(2) Pause Young (Allocation Failure)
[0.205s][info][gc,heap     ] GC(2) PSYoungGen: 1536K(1536K)->512K(1536K) Eden: 1024K(1024K)->0K(1024K) From: 512K(512K)->512K(512K)
[0.205s][info][gc,heap     ] GC(2) ParOldGen: 88K(512K)->512K(1024K)
[0.205s][info][gc,metaspace] GC(2) Metaspace: 6301K(6528K)->6301K(6528K) NonClass: 5768K(5888K)->5768K(5888K) Class: 533K(640K)->533K(640K)
[0.205s][info][gc          ] GC(2) Pause Young (Allocation Failure) 1M->1M(2M) 1.179ms
[0.205s][info][gc,cpu      ] GC(2) User=0.00s Sys=0.00s Real=0.00s
[0.206s][info][gc,start    ] GC(3) Pause Young (Allocation Failure)
[0.208s][info][gc,heap     ] GC(3) PSYoungGen: 1536K(1536K)->480K(2560K) Eden: 1024K(1024K)->0K(2048K) From: 512K(512K)->480K(512K)
[0.208s][info][gc,heap     ] GC(3) ParOldGen: 512K(1024K)->1064K(1536K)
[0.208s][info][gc,metaspace] GC(3) Metaspace: 6301K(6528K)->6301K(6528K) NonClass: 5768K(5888K)->5768K(5888K) Class: 533K(640K)->533K(640K)
[0.208s][info][gc          ] GC(3) Pause Young (Allocation Failure) 2M->1M(4M) 1.327ms
[0.208s][info][gc,cpu      ] GC(3) User=0.02s Sys=0.00s Real=0.00s
[0.208s][info][gc,start    ] GC(4) Pause Full (Ergonomics)
[0.208s][info][gc,phases,start] GC(4) Marking Phase
[0.209s][info][gc,phases      ] GC(4) Marking Phase 1.201ms
[0.209s][info][gc,phases,start] GC(4) Summary Phase
[0.209s][info][gc,phases      ] GC(4) Summary Phase 0.016ms
[0.209s][info][gc,phases,start] GC(4) Adjust Roots
[0.210s][info][gc,phases      ] GC(4) Adjust Roots 0.434ms
[0.210s][info][gc,phases,start] GC(4) Compaction Phase
[0.212s][info][gc,phases      ] GC(4) Compaction Phase 2.256ms
[0.212s][info][gc,phases,start] GC(4) Post Compact
[0.212s][info][gc,phases      ] GC(4) Post Compact 0.086ms
[0.212s][info][gc,heap        ] GC(4) PSYoungGen: 480K(2560K)->0K(2560K) Eden: 0K(2048K)->0K(2048K) From: 480K(512K)->0K(512K)
[0.212s][info][gc,heap        ] GC(4) ParOldGen: 1064K(1536K)->1496K(3584K)
[0.212s][info][gc,metaspace   ] GC(4) Metaspace: 6301K(6528K)->6301K(6528K) NonClass: 5768K(5888K)->5768K(5888K) Class: 533K(640K)->533K(640K)
[0.212s][info][gc             ] GC(4) Pause Full (Ergonomics) 1M->1M(6M) 4.379ms
[0.212s][info][gc,cpu         ] GC(4) User=0.00s Sys=0.00s Real=0.00s
[0.215s][info][gc,start       ] GC(5) Pause Young (Allocation Failure)
[0.216s][info][gc,heap        ] GC(5) PSYoungGen: 2048K(2560K)->480K(3584K) Eden: 2048K(2048K)->0K(3072K) From: 0K(512K)->480K(512K)
[0.216s][info][gc,heap        ] GC(5) ParOldGen: 1496K(3584K)->2112K(3584K)
[0.216s][info][gc,metaspace   ] GC(5) Metaspace: 6301K(6528K)->6301K(6528K) NonClass: 5768K(5888K)->5768K(5888K) Class: 533K(640K)->533K(640K)
[0.216s][info][gc             ] GC(5) Pause Young (Allocation Failure) 3M->2M(7M) 1.407ms
[0.216s][info][gc,cpu         ] GC(5) User=0.00s Sys=0.00s Real=0.00s
[0.221s][info][gc,start       ] GC(6) Pause Young (Allocation Failure)
[0.223s][info][gc,heap        ] GC(6) PSYoungGen: 3552K(3584K)->1504K(4608K) Eden: 3072K(3072K)->0K(3072K) From: 480K(512K)->1504K(1536K)
[0.223s][info][gc,heap        ] GC(6) ParOldGen: 2112K(3584K)->2680K(3584K)
[0.223s][info][gc,metaspace   ] GC(6) Metaspace: 6301K(6528K)->6301K(6528K) NonClass: 5768K(5888K)->5768K(5888K) Class: 533K(640K)->533K(640K)
[0.223s][info][gc             ] GC(6) Pause Young (Allocation Failure) 5M->4M(8M) 2.142ms
[0.223s][info][gc,cpu         ] GC(6) User=0.00s Sys=0.00s Real=0.00s
[0.227s][info][gc,start       ] GC(7) Pause Young (Allocation Failure)
[0.230s][info][gc,heap        ] GC(7) PSYoungGen: 4576K(4608K)->2016K(7168K) Eden: 3072K(3072K)->0K(5120K) From: 1504K(1536K)->2016K(2048K)
[0.230s][info][gc,heap        ] GC(7) ParOldGen: 2680K(3584K)->3776K(4096K)
[0.230s][info][gc,metaspace   ] GC(7) Metaspace: 6301K(6528K)->6301K(6528K) NonClass: 5768K(5888K)->5768K(5888K) Class: 533K(640K)->533K(640K)
[0.230s][info][gc             ] GC(7) Pause Young (Allocation Failure) 7M->5M(11M) 3.313ms
[0.230s][info][gc,cpu         ] GC(7) User=0.00s Sys=0.00s Real=0.00s
[0.230s][info][gc,start       ] GC(8) Pause Full (Ergonomics)
[0.230s][info][gc,phases,start] GC(8) Marking Phase
[0.233s][info][gc,phases      ] GC(8) Marking Phase 2.829ms
[0.233s][info][gc,phases,start] GC(8) Summary Phase
[0.233s][info][gc,phases      ] GC(8) Summary Phase 0.016ms
[0.233s][info][gc,phases,start] GC(8) Adjust Roots
[0.234s][info][gc,phases      ] GC(8) Adjust Roots 0.349ms
[0.234s][info][gc,phases,start] GC(8) Compaction Phase
[0.237s][info][gc,phases      ] GC(8) Compaction Phase 3.340ms
[0.237s][info][gc,phases,start] GC(8) Post Compact
[0.237s][info][gc,phases      ] GC(8) Post Compact 0.038ms
[0.237s][info][gc,heap        ] GC(8) PSYoungGen: 2016K(7168K)->2012K(7168K) Eden: 0K(5120K)->0K(5120K) From: 2016K(2048K)->2012K(2048K)
[0.237s][info][gc,heap        ] GC(8) ParOldGen: 3776K(4096K)->3683K(6656K)
[0.237s][info][gc,metaspace   ] GC(8) Metaspace: 6301K(6528K)->6301K(6528K) NonClass: 5768K(5888K)->5768K(5888K) Class: 533K(640K)->533K(640K)
[0.237s][info][gc             ] GC(8) Pause Full (Ergonomics) 5M->5M(13M) 6.932ms
[0.237s][info][gc,cpu         ] GC(8) User=0.00s Sys=0.00s Real=0.01s
[0.245s][info][gc,start       ] GC(9) Pause Young (Allocation Failure)
[0.249s][info][gc,heap        ] GC(9) PSYoungGen: 7132K(7168K)->3040K(8192K) Eden: 5120K(5120K)->0K(5120K) From: 2012K(2048K)->3040K(3072K)
[0.249s][info][gc,heap        ] GC(9) ParOldGen: 3683K(6656K)->5323K(6656K)
[0.249s][info][gc,metaspace   ] GC(9) Metaspace: 6301K(6528K)->6301K(6528K) NonClass: 5768K(5888K)->5768K(5888K) Class: 533K(640K)->533K(640K)
[0.249s][info][gc             ] GC(9) Pause Young (Allocation Failure) 10M->8M(14M) 4.530ms
[0.249s][info][gc,cpu         ] GC(9) User=0.00s Sys=0.00s Real=0.00s
[0.250s][info][gc,start       ] GC(10) Pause Full (Ergonomics)
[0.250s][info][gc,phases,start] GC(10) Marking Phase
[0.254s][info][gc,phases      ] GC(10) Marking Phase 4.161ms
[0.254s][info][gc,phases,start] GC(10) Summary Phase
[0.254s][info][gc,phases      ] GC(10) Summary Phase 0.015ms
[0.254s][info][gc,phases,start] GC(10) Adjust Roots
[0.254s][info][gc,phases      ] GC(10) Adjust Roots 0.178ms
[0.254s][info][gc,phases,start] GC(10) Compaction Phase
[0.257s][info][gc,phases      ] GC(10) Compaction Phase 2.822ms
[0.257s][info][gc,phases,start] GC(10) Post Compact
[0.257s][info][gc,phases      ] GC(10) Post Compact 0.071ms
[0.257s][info][gc,heap        ] GC(10) PSYoungGen: 3040K(8192K)->2012K(8192K) Eden: 0K(5120K)->0K(5120K) From: 3040K(3072K)->2012K(3072K)
[0.257s][info][gc,heap        ] GC(10) ParOldGen: 5323K(6656K)->6318K(10240K)
[0.257s][info][gc,metaspace   ] GC(10) Metaspace: 6301K(6528K)->6301K(6528K) NonClass: 5768K(5888K)->5768K(5888K) Class: 533K(640K)->533K(640K)
[0.257s][info][gc             ] GC(10) Pause Full (Ergonomics) 8M->8M(18M) 7.634ms
[0.257s][info][gc,cpu         ] GC(10) User=0.02s Sys=0.00s Real=0.01s
[0.262s][info][gc,start       ] GC(11) Pause Young (Allocation Failure)
[0.267s][info][gc,heap        ] GC(11) PSYoungGen: 7132K(8192K)->4192K(11264K) Eden: 5120K(5120K)->0K(6656K) From: 2012K(3072K)->4192K(4608K)
[0.267s][info][gc,heap        ] GC(11) ParOldGen: 6318K(10240K)->6822K(10240K)
[0.267s][info][gc,metaspace   ] GC(11) Metaspace: 6301K(6528K)->6301K(6528K) NonClass: 5768K(5888K)->5768K(5888K) Class: 533K(640K)->533K(640K)
[0.267s][info][gc             ] GC(11) Pause Young (Allocation Failure) 13M->10M(21M) 4.758ms
[0.267s][info][gc,cpu         ] GC(11) User=0.00s Sys=0.00s Real=0.01s
[0.274s][info][gc,start       ] GC(12) Pause Young (Allocation Failure)
[0.280s][info][gc,heap        ] GC(12) PSYoungGen: 10848K(11264K)->5088K(11776K) Eden: 6656K(6656K)->0K(6656K) From: 4192K(4608K)->5088K(5120K)
[0.280s][info][gc,heap        ] GC(12) ParOldGen: 6822K(10240K)->9638K(10240K)
[0.280s][info][gc,metaspace   ] GC(12) Metaspace: 6301K(6528K)->6301K(6528K) NonClass: 5768K(5888K)->5768K(5888K) Class: 533K(640K)->533K(640K)
[0.280s][info][gc             ] GC(12) Pause Young (Allocation Failure) 17M->14M(21M) 6.029ms
[0.280s][info][gc,cpu         ] GC(12) User=0.00s Sys=0.00s Real=0.01s
[0.280s][info][gc,start       ] GC(13) Pause Full (Ergonomics)
[0.280s][info][gc,phases,start] GC(13) Marking Phase
[0.287s][info][gc,phases      ] GC(13) Marking Phase 6.162ms
[0.287s][info][gc,phases,start] GC(13) Summary Phase
[0.287s][info][gc,phases      ] GC(13) Summary Phase 0.016ms
[0.287s][info][gc,phases,start] GC(13) Adjust Roots
[0.287s][info][gc,phases      ] GC(13) Adjust Roots 0.175ms
[0.287s][info][gc,phases,start] GC(13) Compaction Phase
[0.292s][info][gc,phases      ] GC(13) Compaction Phase 5.586ms
[0.292s][info][gc,phases,start] GC(13) Post Compact
[0.292s][info][gc,phases      ] GC(13) Post Compact 0.056ms
[0.293s][info][gc,heap        ] GC(13) PSYoungGen: 5088K(11776K)->4407K(11776K) Eden: 0K(6656K)->0K(6656K) From: 5088K(5120K)->4407K(5120K)
[0.293s][info][gc,heap        ] GC(13) ParOldGen: 9638K(10240K)->9989K(15360K)
[0.293s][info][gc,metaspace   ] GC(13) Metaspace: 6301K(6528K)->6301K(6528K) NonClass: 5768K(5888K)->5768K(5888K) Class: 533K(640K)->533K(640K)
[0.293s][info][gc             ] GC(13) Pause Full (Ergonomics) 14M->14M(26M) 12.288ms
[0.293s][info][gc,cpu         ] GC(13) User=0.02s Sys=0.00s Real=0.01s
[0.297s][info][gc,start       ] GC(14) Pause Young (Allocation Failure)
[0.304s][info][gc,heap        ] GC(14) PSYoungGen: 11063K(11776K)->5376K(15872K) Eden: 6656K(6656K)->0K(8704K) From: 4407K(5120K)->5376K(7168K)
[0.304s][info][gc,heap        ] GC(14) ParOldGen: 9989K(15360K)->12509K(15360K)
[0.304s][info][gc,metaspace   ] GC(14) Metaspace: 6303K(6528K)->6303K(6528K) NonClass: 5770K(5888K)->5770K(5888K) Class: 533K(640K)->533K(640K)
[0.304s][info][gc             ] GC(14) Pause Young (Allocation Failure) 20M->17M(30M) 6.826ms
[0.304s][info][gc,cpu         ] GC(14) User=0.00s Sys=0.00s Real=0.01s
[0.310s][info][gc,start       ] GC(15) Pause Young (Allocation Failure)
[0.317s][info][gc,heap        ] GC(15) PSYoungGen: 14080K(15872K)->4544K(16384K) Eden: 8704K(8704K)->0K(8704K) From: 5376K(7168K)->4544K(7680K)
[0.317s][info][gc,heap        ] GC(15) ParOldGen: 12509K(15360K)->17933K(18432K)
[0.317s][info][gc,metaspace   ] GC(15) Metaspace: 6303K(6528K)->6303K(6528K) NonClass: 5770K(5888K)->5770K(5888K) Class: 533K(640K)->533K(640K)
[0.317s][info][gc             ] GC(15) Pause Young (Allocation Failure) 25M->21M(34M) 7.859ms
[0.318s][info][gc,cpu         ] GC(15) User=0.00s Sys=0.00s Real=0.01s
[0.318s][info][gc,start       ] GC(16) Pause Full (Ergonomics)
[0.318s][info][gc,phases,start] GC(16) Marking Phase
[0.327s][info][gc,phases      ] GC(16) Marking Phase 9.380ms
[0.327s][info][gc,phases,start] GC(16) Summary Phase
[0.327s][info][gc,phases      ] GC(16) Summary Phase 0.019ms
[0.327s][info][gc,phases,start] GC(16) Adjust Roots
[0.327s][info][gc,phases      ] GC(16) Adjust Roots 0.229ms
[0.327s][info][gc,phases,start] GC(16) Compaction Phase
[0.336s][info][gc,phases      ] GC(16) Compaction Phase 8.293ms
[0.336s][info][gc,phases,start] GC(16) Post Compact
[0.336s][info][gc,phases      ] GC(16) Post Compact 0.122ms
[0.336s][info][gc,heap        ] GC(16) PSYoungGen: 4544K(16384K)->3985K(16384K) Eden: 0K(8704K)->0K(8704K) From: 4544K(7680K)->3985K(7680K)
[0.336s][info][gc,heap        ] GC(16) ParOldGen: 17933K(18432K)->18307K(26624K)
[0.336s][info][gc,metaspace   ] GC(16) Metaspace: 6303K(6528K)->6303K(6528K) NonClass: 5770K(5888K)->5770K(5888K) Class: 533K(640K)->533K(640K)
[0.336s][info][gc             ] GC(16) Pause Full (Ergonomics) 21M->21M(42M) 18.390ms
[0.336s][info][gc,cpu         ] GC(16) User=0.02s Sys=0.00s Real=0.02s
[0.344s][info][gc,start       ] GC(17) Pause Young (Allocation Failure)
[0.352s][info][gc,heap        ] GC(17) PSYoungGen: 12689K(16384K)->5024K(19456K) Eden: 8704K(8704K)->0K(11776K) From: 3985K(7680K)->5024K(7680K)
[0.352s][info][gc,heap        ] GC(17) ParOldGen: 18307K(26624K)->22363K(26624K)
[0.352s][info][gc,metaspace   ] GC(17) Metaspace: 6303K(6528K)->6303K(6528K) NonClass: 5770K(5888K)->5770K(5888K) Class: 533K(640K)->533K(640K)
[0.352s][info][gc             ] GC(17) Pause Young (Allocation Failure) 30M->26M(45M) 8.090ms
[0.352s][info][gc,cpu         ] GC(17) User=0.00s Sys=0.02s Real=0.01s
[0.352s][info][gc,start       ] GC(18) Pause Full (Ergonomics)
[0.352s][info][gc,phases,start] GC(18) Marking Phase
[0.365s][info][gc,phases      ] GC(18) Marking Phase 13.212ms
[0.366s][info][gc,phases,start] GC(18) Summary Phase
[0.366s][info][gc,phases      ] GC(18) Summary Phase 0.019ms
[0.366s][info][gc,phases,start] GC(18) Adjust Roots
[0.366s][info][gc,phases      ] GC(18) Adjust Roots 0.206ms
[0.366s][info][gc,phases,start] GC(18) Compaction Phase
[0.375s][info][gc,phases      ] GC(18) Compaction Phase 9.243ms
[0.375s][info][gc,phases,start] GC(18) Post Compact
[0.375s][info][gc,phases      ] GC(18) Post Compact 0.154ms
[0.375s][info][gc,heap        ] GC(18) PSYoungGen: 5024K(19456K)->389K(19456K) Eden: 0K(11776K)->0K(11776K) From: 5024K(7680K)->389K(7680K)
[0.375s][info][gc,heap        ] GC(18) ParOldGen: 22363K(26624K)->26382K(37376K)
[0.375s][info][gc,metaspace   ] GC(18) Metaspace: 6303K(6528K)->6303K(6528K) NonClass: 5770K(5888K)->5770K(5888K) Class: 533K(640K)->533K(640K)
[0.375s][info][gc             ] GC(18) Pause Full (Ergonomics) 26M->26M(55M) 23.189ms
[0.375s][info][gc,cpu         ] GC(18) User=0.00s Sys=0.00s Real=0.02s
[0.383s][info][gc,start       ] GC(19) Pause Young (Allocation Failure)
[0.390s][info][gc,heap        ] GC(19) PSYoungGen: 12165K(19456K)->6144K(19968K) Eden: 11776K(11776K)->0K(11776K) From: 389K(7680K)->6144K(8192K)
[0.390s][info][gc,heap        ] GC(19) ParOldGen: 26382K(37376K)->26790K(37376K)
[0.390s][info][gc,metaspace   ] GC(19) Metaspace: 6303K(6528K)->6303K(6528K) NonClass: 5770K(5888K)->5770K(5888K) Class: 533K(640K)->533K(640K)
[0.390s][info][gc             ] GC(19) Pause Young (Allocation Failure) 37M->32M(56M) 7.016ms
[0.390s][info][gc,cpu         ] GC(19) User=0.00s Sys=0.00s Real=0.01s
[0.401s][info][gc,start       ] GC(20) Pause Young (Allocation Failure)
[0.413s][info][gc,heap        ] GC(20) PSYoungGen: 17920K(19968K)->8704K(19968K) Eden: 11776K(11776K)->0K(11264K) From: 6144K(8192K)->8704K(8704K)
[0.413s][info][gc,heap        ] GC(20) ParOldGen: 26790K(37376K)->34190K(37376K)
[0.413s][info][gc,metaspace   ] GC(20) Metaspace: 6303K(6528K)->6303K(6528K) NonClass: 5770K(5888K)->5770K(5888K) Class: 533K(640K)->533K(640K)
[0.413s][info][gc             ] GC(20) Pause Young (Allocation Failure) 43M->41M(56M) 12.842ms
[0.413s][info][gc,cpu         ] GC(20) User=0.00s Sys=0.00s Real=0.01s
[0.413s][info][gc,start       ] GC(21) Pause Full (Ergonomics)
[0.413s][info][gc,phases,start] GC(21) Marking Phase
[0.431s][info][gc,phases      ] GC(21) Marking Phase 17.796ms
[0.431s][info][gc,phases,start] GC(21) Summary Phase
[0.431s][info][gc,phases      ] GC(21) Summary Phase 0.014ms
[0.431s][info][gc,phases,start] GC(21) Adjust Roots
[0.431s][info][gc,phases      ] GC(21) Adjust Roots 0.183ms
[0.432s][info][gc,phases,start] GC(21) Compaction Phase
[0.443s][info][gc,phases      ] GC(21) Compaction Phase 11.101ms
[0.443s][info][gc,phases,start] GC(21) Post Compact
[0.443s][info][gc,phases      ] GC(21) Post Compact 0.197ms
[0.443s][info][gc,heap        ] GC(21) PSYoungGen: 8704K(19968K)->5620K(19968K) Eden: 0K(11264K)->0K(11264K) From: 8704K(8704K)->5620K(8704K)
[0.443s][info][gc,heap        ] GC(21) ParOldGen: 34190K(37376K)->37111K(51200K)
[0.443s][info][gc,metaspace   ] GC(21) Metaspace: 6303K(6528K)->6303K(6528K) NonClass: 5770K(5888K)->5770K(5888K) Class: 533K(640K)->533K(640K)
[0.443s][info][gc             ] GC(21) Pause Full (Ergonomics) 41M->41M(69M) 29.645ms
[0.443s][info][gc,cpu         ] GC(21) User=0.03s Sys=0.00s Real=0.03s
[0.457s][info][gc,start       ] GC(22) Pause Young (Allocation Failure)
[0.469s][info][gc,heap        ] GC(22) PSYoungGen: 16884K(19968K)->11296K(24064K) Eden: 11264K(11264K)->0K(11264K) From: 5620K(8704K)->11296K(12800K)
[0.469s][info][gc,heap        ] GC(22) ParOldGen: 37111K(51200K)->42823K(51200K)
[0.469s][info][gc,metaspace   ] GC(22) Metaspace: 6303K(6528K)->6303K(6528K) NonClass: 5770K(5888K)->5770K(5888K) Class: 533K(640K)->533K(640K)
[0.469s][info][gc             ] GC(22) Pause Young (Allocation Failure) 52M->52M(73M) 12.270ms
[0.469s][info][gc,cpu         ] GC(22) User=0.00s Sys=0.00s Real=0.01s
[0.480s][info][gc,start       ] GC(23) Pause Young (Allocation Failure)
[0.495s][info][gc,heap        ] GC(23) PSYoungGen: 22560K(24064K)->14304K(23552K) Eden: 11264K(11264K)->0K(9216K) From: 11296K(12800K)->14304K(14336K)
[0.495s][info][gc,heap        ] GC(23) ParOldGen: 42823K(51200K)->51151K(51200K)
[0.496s][info][gc,metaspace   ] GC(23) Metaspace: 6303K(6528K)->6303K(6528K) NonClass: 5770K(5888K)->5770K(5888K) Class: 533K(640K)->533K(640K)
[0.496s][info][gc             ] GC(23) Pause Young (Allocation Failure) 63M->63M(73M) 15.286ms
[0.496s][info][gc,cpu         ] GC(23) User=0.00s Sys=0.00s Real=0.02s
[0.496s][info][gc,start       ] GC(24) Pause Full (Ergonomics)
[0.496s][info][gc,phases,start] GC(24) Marking Phase
[0.520s][info][gc,phases      ] GC(24) Marking Phase 24.852ms
[0.521s][info][gc,phases,start] GC(24) Summary Phase
[0.521s][info][gc,phases      ] GC(24) Summary Phase 0.016ms
[0.521s][info][gc,phases,start] GC(24) Adjust Roots
[0.521s][info][gc,phases      ] GC(24) Adjust Roots 0.161ms
[0.521s][info][gc,phases,start] GC(24) Compaction Phase
[0.541s][info][gc,phases      ] GC(24) Compaction Phase 20.395ms
[0.541s][info][gc,phases,start] GC(24) Post Compact
[0.541s][info][gc,phases      ] GC(24) Post Compact 0.190ms
[0.542s][info][gc,heap        ] GC(24) PSYoungGen: 14304K(23552K)->14280K(23552K) Eden: 0K(9216K)->0K(9216K) From: 14304K(14336K)->14280K(14336K)
[0.542s][info][gc,heap        ] GC(24) ParOldGen: 51151K(51200K)->49895K(68096K)
[0.542s][info][gc,metaspace   ] GC(24) Metaspace: 6303K(6528K)->6303K(6528K) NonClass: 5770K(5888K)->5770K(5888K) Class: 533K(640K)->533K(640K)
[0.542s][info][gc             ] GC(24) Pause Full (Ergonomics) 63M->62M(89M) 45.962ms
[0.542s][info][gc,cpu         ] GC(24) User=0.03s Sys=0.00s Real=0.05s
[0.550s][info][gc,start       ] GC(25) Pause Young (Allocation Failure)
[0.567s][info][gc,heap        ] GC(25) PSYoungGen: 23496K(23552K)->9248K(29184K) Eden: 9216K(9216K)->0K(9216K) From: 14280K(14336K)->9248K(19968K)
[0.567s][info][gc,heap        ] GC(25) ParOldGen: 49895K(68096K)->64375K(68096K)
[0.567s][info][gc,metaspace   ] GC(25) Metaspace: 6303K(6528K)->6303K(6528K) NonClass: 5770K(5888K)->5770K(5888K) Class: 533K(640K)->533K(640K)
[0.567s][info][gc             ] GC(25) Pause Young (Allocation Failure) 71M->71M(95M) 17.005ms
[0.567s][info][gc,cpu         ] GC(25) User=0.03s Sys=0.00s Real=0.02s
[0.567s][info][gc,start       ] GC(26) Pause Full (Ergonomics)
[0.567s][info][gc,phases,start] GC(26) Marking Phase
[0.596s][info][gc,phases      ] GC(26) Marking Phase 28.397ms
[0.596s][info][gc,phases,start] GC(26) Summary Phase
[0.596s][info][gc,phases      ] GC(26) Summary Phase 0.015ms
[0.596s][info][gc,phases,start] GC(26) Adjust Roots
[0.596s][info][gc,phases      ] GC(26) Adjust Roots 0.165ms
[0.596s][info][gc,phases,start] GC(26) Compaction Phase
[0.615s][info][gc,phases      ] GC(26) Compaction Phase 19.212ms
[0.615s][info][gc,phases,start] GC(26) Post Compact
[0.616s][info][gc,phases      ] GC(26) Post Compact 0.226ms
[0.616s][info][gc,heap        ] GC(26) PSYoungGen: 9248K(29184K)->5608K(29184K) Eden: 0K(9216K)->0K(9216K) From: 9248K(19968K)->5608K(19968K)
[0.616s][info][gc,heap        ] GC(26) ParOldGen: 64375K(68096K)->67753K(91136K)
[0.616s][info][gc,metaspace   ] GC(26) Metaspace: 6303K(6528K)->6303K(6528K) NonClass: 5770K(5888K)->5770K(5888K) Class: 533K(640K)->533K(640K)
[0.616s][info][gc             ] GC(26) Pause Full (Ergonomics) 71M->71M(117M) 48.352ms
[0.616s][info][gc,cpu         ] GC(26) User=0.05s Sys=0.00s Real=0.05s
[0.625s][info][gc,start       ] GC(27) Pause Young (Allocation Failure)
[0.640s][info][gc,heap        ] GC(27) PSYoungGen: 14824K(29184K)->14880K(29184K) Eden: 9216K(9216K)->0K(9728K) From: 5608K(19968K)->14880K(19456K)
[0.640s][info][gc,heap        ] GC(27) ParOldGen: 67753K(91136K)->67753K(91136K)
[0.640s][info][gc,metaspace   ] GC(27) Metaspace: 6303K(6528K)->6303K(6528K) NonClass: 5770K(5888K)->5770K(5888K) Class: 533K(640K)->533K(640K)
[0.640s][info][gc             ] GC(27) Pause Young (Allocation Failure) 80M->80M(117M) 15.048ms
[0.640s][info][gc,cpu         ] GC(27) User=0.00s Sys=0.00s Real=0.02s
[0.646s][info][gc,start       ] GC(28) Pause Young (Allocation Failure)
[0.658s][info][gc,heap        ] GC(28) PSYoungGen: 21090K(29184K)->20992K(30720K) Eden: 6210K(9728K)->0K(9728K) From: 14880K(19456K)->20992K(20992K)
[0.658s][info][gc,heap        ] GC(28) ParOldGen: 67753K(91136K)->67801K(91136K)
[0.658s][info][gc,metaspace   ] GC(28) Metaspace: 6303K(6528K)->6303K(6528K) NonClass: 5770K(5888K)->5770K(5888K) Class: 533K(640K)->533K(640K)
[0.658s][info][gc             ] GC(28) Pause Young (Allocation Failure) 86M->86M(119M) 11.935ms
[0.658s][info][gc,cpu         ] GC(28) User=0.00s Sys=0.00s Real=0.01s
[0.674s][info][gc,start       ] GC(29) Pause Young (Allocation Failure)
[0.696s][info][gc,heap        ] GC(29) PSYoungGen: 30720K(30720K)->15936K(35328K) Eden: 9728K(9728K)->0K(10752K) From: 20992K(20992K)->15936K(24576K)
[0.696s][info][gc,heap        ] GC(29) ParOldGen: 67801K(91136K)->82801K(91136K)
[0.696s][info][gc,metaspace   ] GC(29) Metaspace: 6303K(6528K)->6303K(6528K) NonClass: 5770K(5888K)->5770K(5888K) Class: 533K(640K)->533K(640K)
[0.696s][info][gc             ] GC(29) Pause Young (Allocation Failure) 96M->96M(123M) 22.074ms
[0.696s][info][gc,cpu         ] GC(29) User=0.03s Sys=0.00s Real=0.02s
[0.697s][info][gc,start       ] GC(30) Pause Full (Ergonomics)
[0.697s][info][gc,phases,start] GC(30) Marking Phase
[0.740s][info][gc,phases      ] GC(30) Marking Phase 43.377ms
[0.740s][info][gc,phases,start] GC(30) Summary Phase
[0.740s][info][gc,phases      ] GC(30) Summary Phase 0.020ms
[0.740s][info][gc,phases,start] GC(30) Adjust Roots
[0.740s][info][gc,phases      ] GC(30) Adjust Roots 0.161ms
[0.740s][info][gc,phases,start] GC(30) Compaction Phase
[0.768s][info][gc,phases      ] GC(30) Compaction Phase 27.659ms
[0.768s][info][gc,phases,start] GC(30) Post Compact
[0.768s][info][gc,phases      ] GC(30) Post Compact 0.432ms
[0.769s][info][gc,heap        ] GC(30) PSYoungGen: 15936K(35328K)->5654K(35328K) Eden: 0K(10752K)->0K(10752K) From: 15936K(24576K)->5654K(24576K)
[0.769s][info][gc,heap        ] GC(30) ParOldGen: 82801K(91136K)->90736K(118272K)
[0.769s][info][gc,metaspace   ] GC(30) Metaspace: 6303K(6528K)->6303K(6528K) NonClass: 5770K(5888K)->5770K(5888K) Class: 533K(640K)->533K(640K)
[0.769s][info][gc             ] GC(30) Pause Full (Ergonomics) 96M->94M(150M) 72.092ms
[0.769s][info][gc,cpu         ] GC(30) User=0.09s Sys=0.00s Real=0.07s
[0.777s][info][gc,start       ] GC(31) Pause Young (Allocation Failure)
[0.793s][info][gc,heap        ] GC(31) PSYoungGen: 16406K(35328K)->13408K(36352K) Eden: 10752K(10752K)->0K(10752K) From: 5654K(24576K)->13408K(25600K)
[0.793s][info][gc,heap        ] GC(31) ParOldGen: 90736K(118272K)->93816K(118272K)
[0.793s][info][gc,metaspace   ] GC(31) Metaspace: 6303K(6528K)->6303K(6528K) NonClass: 5770K(5888K)->5770K(5888K) Class: 533K(640K)->533K(640K)
[0.793s][info][gc             ] GC(31) Pause Young (Allocation Failure) 104M->104M(151M) 16.038ms
[0.793s][info][gc,cpu         ] GC(31) User=0.00s Sys=0.00s Real=0.02s
[0.803s][info][gc,start       ] GC(32) Pause Young (Allocation Failure)
[0.818s][info][gc,heap        ] GC(32) PSYoungGen: 24160K(36352K)->24160K(34304K) Eden: 10752K(10752K)->0K(9216K) From: 13408K(25600K)->24160K(25088K)
[0.818s][info][gc,heap        ] GC(32) ParOldGen: 93816K(118272K)->93816K(118272K)
[0.818s][info][gc,metaspace   ] GC(32) Metaspace: 6303K(6528K)->6303K(6528K) NonClass: 5770K(5888K)->5770K(5888K) Class: 533K(640K)->533K(640K)
[0.818s][info][gc             ] GC(32) Pause Young (Allocation Failure) 115M->115M(149M) 14.973ms
[0.818s][info][gc,cpu         ] GC(32) User=0.00s Sys=0.00s Real=0.02s
[0.828s][info][gc,start       ] GC(33) Pause Young (Allocation Failure)
[0.846s][info][gc,heap        ] GC(33) PSYoungGen: 33376K(34304K)->28672K(37888K) Eden: 9216K(9216K)->0K(9216K) From: 24160K(25088K)->28672K(28672K)
[0.846s][info][gc,heap        ] GC(33) ParOldGen: 93816K(118272K)->98536K(118272K)
[0.846s][info][gc,metaspace   ] GC(33) Metaspace: 6303K(6528K)->6303K(6528K) NonClass: 5770K(5888K)->5770K(5888K) Class: 533K(640K)->533K(640K)
[0.846s][info][gc             ] GC(33) Pause Young (Allocation Failure) 124M->124M(152M) 17.235ms
[0.846s][info][gc,cpu         ] GC(33) User=0.03s Sys=0.02s Real=0.02s
[0.854s][info][gc,start       ] GC(34) Pause Young (Allocation Failure)
[0.874s][info][gc,heap        ] GC(34) PSYoungGen: 37888K(37888K)->17856K(44032K) Eden: 9216K(9216K)->0K(11264K) From: 28672K(28672K)->17856K(32768K)
[0.874s][info][gc,heap        ] GC(34) ParOldGen: 98536K(118272K)->118904K(119296K)
[0.875s][info][gc,metaspace   ] GC(34) Metaspace: 6303K(6528K)->6303K(6528K) NonClass: 5770K(5888K)->5770K(5888K) Class: 533K(640K)->533K(640K)
[0.875s][info][gc             ] GC(34) Pause Young (Allocation Failure) 133M->133M(159M) 20.121ms
[0.875s][info][gc,cpu         ] GC(34) User=0.03s Sys=0.02s Real=0.02s
[0.875s][info][gc,start       ] GC(35) Pause Full (Ergonomics)
[0.875s][info][gc,phases,start] GC(35) Marking Phase
[0.914s][info][gc,phases      ] GC(35) Marking Phase 39.794ms
[0.914s][info][gc,phases,start] GC(35) Summary Phase
[0.915s][info][gc,phases      ] GC(35) Summary Phase 0.020ms
[0.915s][info][gc,phases,start] GC(35) Adjust Roots
[0.915s][info][gc,phases      ] GC(35) Adjust Roots 0.154ms
[0.915s][info][gc,phases,start] GC(35) Compaction Phase
[0.941s][info][gc,phases      ] GC(35) Compaction Phase 26.311ms
[0.941s][info][gc,phases,start] GC(35) Post Compact
[0.942s][info][gc,phases      ] GC(35) Post Compact 0.695ms
[0.942s][info][gc,heap        ] GC(35) PSYoungGen: 17856K(44032K)->17248K(45568K) Eden: 0K(11264K)->0K(12800K) From: 17856K(32768K)->17248K(32768K)
[0.942s][info][gc,heap        ] GC(35) ParOldGen: 118904K(119296K)->118958K(151040K)
[0.942s][info][gc,metaspace   ] GC(35) Metaspace: 6303K(6528K)->6303K(6528K) NonClass: 5770K(5888K)->5770K(5888K) Class: 533K(640K)->533K(640K)
[0.942s][info][gc             ] GC(35) Pause Full (Ergonomics) 133M->133M(192M) 67.616ms
[0.942s][info][gc,cpu         ] GC(35) User=0.16s Sys=0.02s Real=0.07s
[0.955s][info][gc,start       ] GC(36) Pause Young (Allocation Failure)
[0.975s][info][gc,heap        ] GC(36) PSYoungGen: 30048K(45568K)->12832K(47104K) Eden: 12800K(12800K)->0K(12800K) From: 17248K(32768K)->12832K(34304K)
[0.975s][info][gc,heap        ] GC(36) ParOldGen: 118958K(151040K)->136486K(151040K)
[0.975s][info][gc,metaspace   ] GC(36) Metaspace: 6303K(6528K)->6303K(6528K) NonClass: 5770K(5888K)->5770K(5888K) Class: 533K(640K)->533K(640K)
[0.975s][info][gc             ] GC(36) Pause Young (Allocation Failure) 145M->145M(193M) 20.203ms
[0.975s][info][gc,cpu         ] GC(36) User=0.06s Sys=0.02s Real=0.02s
[0.975s][info][gc,start       ] GC(37) Pause Full (Ergonomics)
[0.975s][info][gc,phases,start] GC(37) Marking Phase
[1.009s][info][gc,phases      ] GC(37) Marking Phase 34.489ms
[1.010s][info][gc,phases,start] GC(37) Summary Phase
[1.010s][info][gc,phases      ] GC(37) Summary Phase 0.017ms
[1.010s][info][gc,phases,start] GC(37) Adjust Roots
[1.010s][info][gc,phases      ] GC(37) Adjust Roots 0.140ms
[1.010s][info][gc,phases,start] GC(37) Compaction Phase
[1.031s][info][gc,phases      ] GC(37) Compaction Phase 20.910ms
[1.031s][info][gc,phases,start] GC(37) Post Compact
[1.032s][info][gc,phases      ] GC(37) Post Compact 0.790ms
[1.032s][info][gc,heap        ] GC(37) PSYoungGen: 12832K(47104K)->0K(47616K) Eden: 0K(12800K)->0K(14848K) From: 12832K(34304K)->0K(32768K)
[1.032s][info][gc,heap        ] GC(37) ParOldGen: 136486K(151040K)->148971K(186368K)
[1.032s][info][gc,metaspace   ] GC(37) Metaspace: 6303K(6528K)->6303K(6528K) NonClass: 5770K(5888K)->5770K(5888K) Class: 533K(640K)->533K(640K)
[1.032s][info][gc             ] GC(37) Pause Full (Ergonomics) 145M->145M(228M) 56.879ms
[1.032s][info][gc,cpu         ] GC(37) User=0.09s Sys=0.00s Real=0.06s
[1.048s][info][gc,start       ] GC(38) Pause Young (Allocation Failure)
[1.057s][info][gc,heap        ] GC(38) PSYoungGen: 14848K(47616K)->14944K(47616K) Eden: 14848K(14848K)->0K(14848K) From: 0K(32768K)->14944K(32768K)
[1.057s][info][gc,heap        ] GC(38) ParOldGen: 148971K(186368K)->148971K(186368K)
[1.057s][info][gc,metaspace   ] GC(38) Metaspace: 6303K(6528K)->6303K(6528K) NonClass: 5770K(5888K)->5770K(5888K) Class: 533K(640K)->533K(640K)
[1.057s][info][gc             ] GC(38) Pause Young (Allocation Failure) 159M->160M(228M) 9.297ms
[1.057s][info][gc,cpu         ] GC(38) User=0.00s Sys=0.00s Real=0.01s
[1.094s][info][gc,start       ] GC(39) Pause Young (Allocation Failure)
[1.115s][info][gc,heap        ] GC(39) PSYoungGen: 29792K(47616K)->29760K(44032K) Eden: 14848K(14848K)->0K(12800K) From: 14944K(32768K)->29760K(31232K)
[1.115s][info][gc,heap        ] GC(39) ParOldGen: 157163K(186368K)->157163K(186368K)
[1.115s][info][gc,metaspace   ] GC(39) Metaspace: 6303K(6528K)->6303K(6528K) NonClass: 5770K(5888K)->5770K(5888K) Class: 533K(640K)->533K(640K)
[1.115s][info][gc             ] GC(39) Pause Young (Allocation Failure) 182M->182M(225M) 20.525ms
[1.115s][info][gc,cpu         ] GC(39) User=0.06s Sys=0.02s Real=0.02s
[1.128s][info][gc,start       ] GC(40) Pause Young (Allocation Failure)
[1.151s][info][gc,heap        ] GC(40) PSYoungGen: 42560K(44032K)->35328K(48128K) Eden: 12800K(12800K)->0K(12800K) From: 29760K(31232K)->35328K(35328K)
[1.151s][info][gc,heap        ] GC(40) ParOldGen: 157163K(186368K)->164435K(186368K)
[1.151s][info][gc,metaspace   ] GC(40) Metaspace: 6303K(6528K)->6303K(6528K) NonClass: 5770K(5888K)->5770K(5888K) Class: 533K(640K)->533K(640K)
[1.151s][info][gc             ] GC(40) Pause Young (Allocation Failure) 195M->195M(229M) 22.535ms
[1.151s][info][gc,cpu         ] GC(40) User=0.06s Sys=0.00s Real=0.02s
[1.162s][info][gc,start       ] GC(41) Pause Young (Allocation Failure)
[1.186s][info][gc,heap        ] GC(41) PSYoungGen: 48128K(48128K)->22752K(56320K) Eden: 12800K(12800K)->0K(14848K) From: 35328K(35328K)->22752K(41472K)
[1.186s][info][gc,heap        ] GC(41) ParOldGen: 164435K(186368K)->190235K(190464K)
[1.186s][info][gc,metaspace   ] GC(41) Metaspace: 6303K(6528K)->6303K(6528K) NonClass: 5770K(5888K)->5770K(5888K) Class: 533K(640K)->533K(640K)
[1.186s][info][gc             ] GC(41) Pause Young (Allocation Failure) 207M->207M(241M) 23.416ms
[1.186s][info][gc,cpu         ] GC(41) User=0.06s Sys=0.02s Real=0.02s
[1.186s][info][gc,start       ] GC(42) Pause Full (Ergonomics)
[1.186s][info][gc,phases,start] GC(42) Marking Phase
[1.243s][info][gc,phases      ] GC(42) Marking Phase 56.963ms
[1.243s][info][gc,phases,start] GC(42) Summary Phase
[1.243s][info][gc,phases      ] GC(42) Summary Phase 0.018ms
[1.243s][info][gc,phases,start] GC(42) Adjust Roots
[1.243s][info][gc,phases      ] GC(42) Adjust Roots 0.142ms
[1.243s][info][gc,phases,start] GC(42) Compaction Phase
[1.286s][info][gc,phases      ] GC(42) Compaction Phase 42.955ms
[1.286s][info][gc,phases,start] GC(42) Post Compact
[1.287s][info][gc,phases      ] GC(42) Post Compact 0.924ms
[1.287s][info][gc,heap        ] GC(42) PSYoungGen: 22752K(56320K)->18037K(57344K) Eden: 0K(14848K)->0K(15872K) From: 22752K(41472K)->18037K(41472K)
[1.287s][info][gc,heap        ] GC(42) ParOldGen: 190235K(190464K)->190200K(233472K)
[1.287s][info][gc,metaspace   ] GC(42) Metaspace: 6303K(6528K)->6303K(6528K) NonClass: 5770K(5888K)->5770K(5888K) Class: 533K(640K)->533K(640K)
[1.287s][info][gc             ] GC(42) Pause Full (Ergonomics) 207M->203M(284M) 101.555ms
[1.287s][info][gc,cpu         ] GC(42) User=0.30s Sys=0.00s Real=0.10s
[1.305s][info][gc,start       ] GC(43) Pause Young (Allocation Failure)
[1.330s][info][gc,heap        ] GC(43) PSYoungGen: 33909K(57344K)->26752K(58368K) Eden: 15872K(15872K)->0K(15872K) From: 18037K(41472K)->26752K(42496K)
[1.330s][info][gc,heap        ] GC(43) ParOldGen: 190200K(233472K)->197608K(233472K)
[1.330s][info][gc,metaspace   ] GC(43) Metaspace: 6303K(6528K)->6303K(6528K) NonClass: 5770K(5888K)->5770K(5888K) Class: 533K(640K)->533K(640K)
[1.330s][info][gc             ] GC(43) Pause Young (Allocation Failure) 218M->219M(285M) 25.359ms
[1.330s][info][gc,cpu         ] GC(43) User=0.08s Sys=0.00s Real=0.02s
[1.347s][info][gc,start       ] GC(44) Pause Young (Allocation Failure)
[1.368s][info][gc,heap        ] GC(44) PSYoungGen: 42624K(58368K)->42592K(55296K) Eden: 15872K(15872K)->0K(12288K) From: 26752K(42496K)->42592K(43008K)
[1.368s][info][gc,heap        ] GC(44) ParOldGen: 197608K(233472K)->197608K(233472K)
[1.368s][info][gc,metaspace   ] GC(44) Metaspace: 6303K(6528K)->6303K(6528K) NonClass: 5770K(5888K)->5770K(5888K) Class: 533K(640K)->533K(640K)
[1.368s][info][gc             ] GC(44) Pause Young (Allocation Failure) 234M->234M(282M) 21.305ms
[1.368s][info][gc,cpu         ] GC(44) User=0.08s Sys=0.00s Real=0.02s
[1.381s][info][gc,start       ] GC(45) Pause Young (Allocation Failure)
[1.407s][info][gc,heap        ] GC(45) PSYoungGen: 54880K(55296K)->44128K(61440K) Eden: 12288K(12288K)->0K(12288K) From: 42592K(43008K)->44128K(49152K)
[1.407s][info][gc,heap        ] GC(45) ParOldGen: 197608K(233472K)->208528K(233472K)
[1.407s][info][gc,metaspace   ] GC(45) Metaspace: 6303K(6528K)->6303K(6528K) NonClass: 5770K(5888K)->5770K(5888K) Class: 533K(640K)->533K(640K)
[1.407s][info][gc             ] GC(45) Pause Young (Allocation Failure) 246M->246M(288M) 26.115ms
[1.407s][info][gc,cpu         ] GC(45) User=0.08s Sys=0.00s Real=0.03s
[1.421s][info][gc,start       ] GC(46) Pause Young (Allocation Failure)
[1.448s][info][gc,heap        ] GC(46) PSYoungGen: 56416K(61440K)->40544K(66048K) Eden: 12288K(12288K)->0K(11264K) From: 44128K(49152K)->40544K(54784K)
[1.448s][info][gc,heap        ] GC(46) ParOldGen: 208528K(233472K)->224616K(233472K)
[1.448s][info][gc,metaspace   ] GC(46) Metaspace: 6303K(6528K)->6303K(6528K) NonClass: 5770K(5888K)->5770K(5888K) Class: 533K(640K)->533K(640K)
[1.448s][info][gc             ] GC(46) Pause Young (Allocation Failure) 258M->258M(292M) 26.502ms
[1.448s][info][gc,cpu         ] GC(46) User=0.08s Sys=0.03s Real=0.03s
[1.448s][info][gc,start       ] GC(47) Pause Full (Ergonomics)
[1.448s][info][gc,phases,start] GC(47) Marking Phase
[1.508s][info][gc,phases      ] GC(47) Marking Phase 59.858ms
[1.508s][info][gc,phases,start] GC(47) Summary Phase
[1.508s][info][gc,phases      ] GC(47) Summary Phase 0.018ms
[1.508s][info][gc,phases,start] GC(47) Adjust Roots
[1.508s][info][gc,phases      ] GC(47) Adjust Roots 0.153ms
[1.508s][info][gc,phases,start] GC(47) Compaction Phase
[1.540s][info][gc,phases      ] GC(47) Compaction Phase 32.099ms
[1.540s][info][gc,phases,start] GC(47) Post Compact
[1.541s][info][gc,phases      ] GC(47) Post Compact 1.128ms
[1.542s][info][gc,heap        ] GC(47) PSYoungGen: 40544K(66048K)->31155K(66048K) Eden: 0K(11264K)->0K(11264K) From: 40544K(54784K)->31155K(54784K)
[1.542s][info][gc,heap        ] GC(47) ParOldGen: 224616K(233472K)->233278K(277504K)
[1.542s][info][gc,metaspace   ] GC(47) Metaspace: 6303K(6528K)->6303K(6528K) NonClass: 5770K(5888K)->5770K(5888K) Class: 533K(640K)->533K(640K)
[1.542s][info][gc             ] GC(47) Pause Full (Ergonomics) 258M->258M(335M) 93.767ms
[1.542s][info][gc,cpu         ] GC(47) User=0.41s Sys=0.00s Real=0.09s
[1.554s][info][gc,start       ] GC(48) Pause Young (Allocation Failure)
[1.582s][info][gc,heap        ] GC(48) PSYoungGen: 42419K(66048K)->21056K(32768K) Eden: 11264K(11264K)->0K(11264K) From: 31155K(54784K)->21056K(21504K)
[1.582s][info][gc,heap        ] GC(48) ParOldGen: 233278K(277504K)->255150K(277504K)
[1.582s][info][gc,metaspace   ] GC(48) Metaspace: 6303K(6528K)->6303K(6528K) NonClass: 5770K(5888K)->5770K(5888K) Class: 533K(640K)->533K(640K)
[1.582s][info][gc             ] GC(48) Pause Young (Allocation Failure) 269M->269M(303M) 27.223ms
[1.582s][info][gc,cpu         ] GC(48) User=0.11s Sys=0.02s Real=0.03s
[1.582s][info][gc,start       ] GC(49) Pause Full (Ergonomics)
[1.582s][info][gc,phases,start] GC(49) Marking Phase
[1.645s][info][gc,phases      ] GC(49) Marking Phase 63.034ms
[1.645s][info][gc,phases,start] GC(49) Summary Phase
[1.645s][info][gc,phases      ] GC(49) Summary Phase 0.036ms
[1.645s][info][gc,phases,start] GC(49) Adjust Roots
[1.645s][info][gc,phases      ] GC(49) Adjust Roots 0.275ms
[1.645s][info][gc,phases,start] GC(49) Compaction Phase
[1.674s][info][gc,phases      ] GC(49) Compaction Phase 28.980ms
[1.674s][info][gc,phases,start] GC(49) Post Compact
[1.676s][info][gc,phases      ] GC(49) Post Compact 1.234ms
[1.676s][info][gc,heap        ] GC(49) PSYoungGen: 21056K(32768K)->0K(67584K) Eden: 0K(11264K)->0K(12800K) From: 21056K(21504K)->0K(54784K)
[1.676s][info][gc,heap        ] GC(49) ParOldGen: 255150K(277504K)->275662K(326144K)
[1.676s][info][gc,metaspace   ] GC(49) Metaspace: 6303K(6528K)->6303K(6528K) NonClass: 5770K(5888K)->5770K(5888K) Class: 533K(640K)->533K(640K)
[1.676s][info][gc             ] GC(49) Pause Full (Ergonomics) 269M->269M(384M) 94.396ms
[1.676s][info][gc,cpu         ] GC(49) User=0.44s Sys=0.00s Real=0.09s
[1.691s][info][gc,start       ] GC(50) Pause Young (Allocation Failure)
[1.699s][info][gc,heap        ] GC(50) PSYoungGen: 12800K(67584K)->12896K(68096K) Eden: 12800K(12800K)->0K(12800K) From: 0K(54784K)->12896K(55296K)
[1.699s][info][gc,heap        ] GC(50) ParOldGen: 275662K(326144K)->275662K(326144K)
[1.699s][info][gc,metaspace   ] GC(50) Metaspace: 6303K(6528K)->6303K(6528K) NonClass: 5770K(5888K)->5770K(5888K) Class: 533K(640K)->533K(640K)
[1.699s][info][gc             ] GC(50) Pause Young (Allocation Failure) 281M->281M(385M) 7.856ms
[1.699s][info][gc,cpu         ] GC(50) User=0.02s Sys=0.00s Real=0.01s
[1.713s][info][gc,start       ] GC(51) Pause Young (Allocation Failure)
[1.727s][info][gc,heap        ] GC(51) PSYoungGen: 25696K(68096K)->25696K(65536K) Eden: 12800K(12800K)->0K(14848K) From: 12896K(55296K)->25696K(50688K)
[1.727s][info][gc,heap        ] GC(51) ParOldGen: 275662K(326144K)->275662K(326144K)
[1.727s][info][gc,metaspace   ] GC(51) Metaspace: 6303K(6528K)->6303K(6528K) NonClass: 5770K(5888K)->5770K(5888K) Class: 533K(640K)->533K(640K)
[1.727s][info][gc             ] GC(51) Pause Young (Allocation Failure) 294M->294M(382M) 13.729ms
[1.727s][info][gc,cpu         ] GC(51) User=0.02s Sys=0.00s Real=0.01s
[1.744s][info][gc,start       ] GC(52) Pause Young (Allocation Failure)
[1.763s][info][gc,heap        ] GC(52) PSYoungGen: 40544K(65536K)->40512K(67072K) Eden: 14848K(14848K)->0K(14848K) From: 25696K(50688K)->40512K(52224K)
[1.763s][info][gc,heap        ] GC(52) ParOldGen: 275662K(326144K)->275662K(326144K)
[1.763s][info][gc,metaspace   ] GC(52) Metaspace: 6303K(6528K)->6303K(6528K) NonClass: 5770K(5888K)->5770K(5888K) Class: 533K(640K)->533K(640K)
[1.763s][info][gc             ] GC(52) Pause Young (Allocation Failure) 308M->308M(384M) 19.285ms
[1.763s][info][gc,cpu         ] GC(52) User=0.12s Sys=0.00s Real=0.02s
[1.780s][info][gc,start       ] GC(53) Pause Young (Allocation Failure)
[1.806s][info][gc,heap        ] GC(53) PSYoungGen: 55360K(67072K)->55296K(64000K) Eden: 14848K(14848K)->0K(8704K) From: 40512K(52224K)->55296K(55296K)
[1.806s][info][gc,heap        ] GC(53) ParOldGen: 275662K(326144K)->275734K(326144K)
[1.806s][info][gc,metaspace   ] GC(53) Metaspace: 6303K(6528K)->6303K(6528K) NonClass: 5770K(5888K)->5770K(5888K) Class: 533K(640K)->533K(640K)
[1.806s][info][gc             ] GC(53) Pause Young (Allocation Failure) 323M->323M(381M) 25.455ms
[1.806s][info][gc,cpu         ] GC(53) User=0.12s Sys=0.02s Real=0.03s
[1.816s][info][gc,start       ] GC(54) Pause Young (Allocation Failure)
[1.844s][info][gc,heap        ] GC(54) PSYoungGen: 64000K(64000K)->51232K(72192K) Eden: 8704K(8704K)->0K(8704K) From: 55296K(55296K)->51232K(63488K)
[1.844s][info][gc,heap        ] GC(54) ParOldGen: 275734K(326144K)->288710K(326144K)
[1.844s][info][gc,metaspace   ] GC(54) Metaspace: 6303K(6528K)->6303K(6528K) NonClass: 5770K(5888K)->5770K(5888K) Class: 533K(640K)->533K(640K)
[1.844s][info][gc             ] GC(54) Pause Young (Allocation Failure) 331M->331M(389M) 28.063ms
[1.844s][info][gc,cpu         ] GC(54) User=0.22s Sys=0.00s Real=0.03s
[1.854s][info][gc,start       ] GC(55) Pause Young (Allocation Failure)
[1.880s][info][gc,heap        ] GC(55) PSYoungGen: 59936K(72192K)->47136K(75776K) Eden: 8704K(8704K)->0K(7680K) From: 51232K(63488K)->47136K(68096K)
[1.880s][info][gc,heap        ] GC(55) ParOldGen: 288710K(326144K)->301670K(326144K)
[1.880s][info][gc,metaspace   ] GC(55) Metaspace: 6303K(6528K)->6303K(6528K) NonClass: 5770K(5888K)->5770K(5888K) Class: 533K(640K)->533K(640K)
[1.880s][info][gc             ] GC(55) Pause Young (Allocation Failure) 340M->340M(392M) 26.596ms
[1.880s][info][gc,cpu         ] GC(55) User=0.12s Sys=0.00s Real=0.03s
[1.880s][info][gc,start       ] GC(56) Pause Full (Ergonomics)
[1.880s][info][gc,phases,start] GC(56) Marking Phase
[1.954s][info][gc,phases      ] GC(56) Marking Phase 73.891ms
[1.954s][info][gc,phases,start] GC(56) Summary Phase
[1.954s][info][gc,phases      ] GC(56) Summary Phase 0.028ms
[1.954s][info][gc,phases,start] GC(56) Adjust Roots
[1.954s][info][gc,phases      ] GC(56) Adjust Roots 0.158ms
[1.955s][info][gc,phases,start] GC(56) Compaction Phase
[1.990s][info][gc,phases      ] GC(56) Compaction Phase 35.125ms
[1.990s][info][gc,phases,start] GC(56) Post Compact
[1.991s][info][gc,phases      ] GC(56) Post Compact 1.742ms
[1.992s][info][gc,heap        ] GC(56) PSYoungGen: 47136K(75776K)->22398K(75776K) Eden: 0K(7680K)->0K(7680K) From: 47136K(68096K)->22398K(68096K)
[1.992s][info][gc,heap        ] GC(56) ParOldGen: 301670K(326144K)->325779K(376320K)
[1.992s][info][gc,metaspace   ] GC(56) Metaspace: 6303K(6528K)->6303K(6528K) NonClass: 5770K(5888K)->5770K(5888K) Class: 533K(640K)->533K(640K)
[1.992s][info][gc             ] GC(56) Pause Full (Ergonomics) 340M->340M(441M) 111.518ms
[1.992s][info][gc,cpu         ] GC(56) User=0.73s Sys=0.00s Real=0.11s
[2.065s][info][gc,start       ] GC(57) Pause Young (Allocation Failure)
[2.095s][info][gc,heap        ] GC(57) PSYoungGen: 30078K(75776K)->15488K(78336K) Eden: 7680K(7680K)->0K(7680K) From: 22398K(68096K)->15488K(70656K)
[2.095s][info][gc,heap        ] GC(57) ParOldGen: 342163K(376320K)->357059K(376320K)
[2.095s][info][gc,metaspace   ] GC(57) Metaspace: 6303K(6528K)->6303K(6528K) NonClass: 5770K(5888K)->5770K(5888K) Class: 533K(640K)->533K(640K)
[2.095s][info][gc             ] GC(57) Pause Young (Allocation Failure) 363M->363M(444M) 30.262ms
[2.095s][info][gc,cpu         ] GC(57) User=0.05s Sys=0.00s Real=0.03s
[2.095s][info][gc,start       ] GC(58) Pause Full (Ergonomics)
[2.095s][info][gc,phases,start] GC(58) Marking Phase
[2.183s][info][gc,phases      ] GC(58) Marking Phase 87.122ms
[2.183s][info][gc,phases,start] GC(58) Summary Phase
[2.183s][info][gc,phases      ] GC(58) Summary Phase 0.028ms
[2.183s][info][gc,phases,start] GC(58) Adjust Roots
[2.183s][info][gc,phases      ] GC(58) Adjust Roots 0.153ms
[2.183s][info][gc,phases,start] GC(58) Compaction Phase
[2.251s][info][gc,phases      ] GC(58) Compaction Phase 67.998ms
[2.251s][info][gc,phases,start] GC(58) Post Compact
[2.253s][info][gc,phases      ] GC(58) Post Compact 1.875ms
[2.253s][info][gc,heap        ] GC(58) PSYoungGen: 15488K(78336K)->0K(77824K) Eden: 0K(7680K)->0K(8704K) From: 15488K(70656K)->0K(69120K)
[2.253s][info][gc,heap        ] GC(58) ParOldGen: 357059K(376320K)->364018K(418816K)
[2.253s][info][gc,metaspace   ] GC(58) Metaspace: 6303K(6528K)->6303K(6528K) NonClass: 5770K(5888K)->5770K(5888K) Class: 533K(640K)->533K(640K)
[2.253s][info][gc             ] GC(58) Pause Full (Ergonomics) 363M->355M(485M) 157.997ms
[2.253s][info][gc,cpu         ] GC(58) User=0.89s Sys=0.00s Real=0.16s
[2.264s][info][gc,start       ] GC(59) Pause Young (Allocation Failure)
[2.271s][info][gc,heap        ] GC(59) PSYoungGen: 8704K(77824K)->8768K(78336K) Eden: 8704K(8704K)->0K(8704K) From: 0K(69120K)->8768K(69632K)
[2.271s][info][gc,heap        ] GC(59) ParOldGen: 364018K(418816K)->364018K(418816K)
[2.271s][info][gc,metaspace   ] GC(59) Metaspace: 6303K(6528K)->6303K(6528K) NonClass: 5770K(5888K)->5770K(5888K) Class: 533K(640K)->533K(640K)
[2.271s][info][gc             ] GC(59) Pause Young (Allocation Failure) 363M->364M(485M) 7.674ms
[2.271s][info][gc,cpu         ] GC(59) User=0.02s Sys=0.00s Real=0.01s
[2.280s][info][gc,start       ] GC(60) Pause Young (Allocation Failure)
[2.290s][info][gc,heap        ] GC(60) PSYoungGen: 17472K(78336K)->17504K(75264K) Eden: 8704K(8704K)->0K(9728K) From: 8768K(69632K)->17504K(65536K)
[2.290s][info][gc,heap        ] GC(60) ParOldGen: 364018K(418816K)->364018K(418816K)
[2.290s][info][gc,metaspace   ] GC(60) Metaspace: 6303K(6528K)->6303K(6528K) NonClass: 5770K(5888K)->5770K(5888K) Class: 533K(640K)->533K(640K)
[2.290s][info][gc             ] GC(60) Pause Young (Allocation Failure) 372M->372M(482M) 10.214ms
[2.290s][info][gc,cpu         ] GC(60) User=0.02s Sys=0.00s Real=0.01s
[2.300s][info][gc,start       ] GC(61) Pause Young (Allocation Failure)
[2.315s][info][gc,heap        ] GC(61) PSYoungGen: 27232K(75264K)->27200K(37376K) Eden: 9728K(9728K)->0K(9728K) From: 17504K(65536K)->27200K(27648K)
[2.316s][info][gc,heap        ] GC(61) ParOldGen: 364018K(418816K)->364018K(418816K)
[2.316s][info][gc,metaspace   ] GC(61) Metaspace: 6303K(6528K)->6303K(6528K) NonClass: 5770K(5888K)->5770K(5888K) Class: 533K(640K)->533K(640K)
[2.316s][info][gc             ] GC(61) Pause Young (Allocation Failure) 382M->382M(445M) 15.360ms
[2.316s][info][gc,cpu         ] GC(61) User=0.02s Sys=0.00s Real=0.01s
[2.325s][info][gc,start       ] GC(62) Pause Young (Allocation Failure)
[2.344s][info][gc,heap        ] GC(62) PSYoungGen: 36928K(37376K)->36960K(74752K) Eden: 9728K(9728K)->0K(11264K) From: 27200K(27648K)->36960K(63488K)
[2.344s][info][gc,heap        ] GC(62) ParOldGen: 364018K(418816K)->364018K(418816K)
[2.344s][info][gc,metaspace   ] GC(62) Metaspace: 6303K(6528K)->6303K(6528K) NonClass: 5770K(5888K)->5770K(5888K) Class: 533K(640K)->533K(640K)
[2.344s][info][gc             ] GC(62) Pause Young (Allocation Failure) 391M->391M(482M) 18.939ms
[2.344s][info][gc,cpu         ] GC(62) User=0.02s Sys=0.00s Real=0.02s
[2.356s][info][gc,start       ] GC(63) Pause Young (Allocation Failure)
[2.378s][info][gc,heap        ] GC(63) PSYoungGen: 48224K(74752K)->48256K(74752K) Eden: 11264K(11264K)->0K(11264K) From: 36960K(63488K)->48256K(63488K)
[2.378s][info][gc,heap        ] GC(63) ParOldGen: 364018K(418816K)->364018K(418816K)
[2.378s][info][gc,metaspace   ] GC(63) Metaspace: 6303K(6528K)->6303K(6528K) NonClass: 5770K(5888K)->5770K(5888K) Class: 533K(640K)->533K(640K)
[2.378s][info][gc             ] GC(63) Pause Young (Allocation Failure) 402M->402M(482M) 21.955ms
[2.378s][info][gc,cpu         ] GC(63) User=0.11s Sys=0.00s Real=0.02s
[2.390s][info][gc,start       ] GC(64) Pause Young (Allocation Failure)
[2.416s][info][gc,heap        ] GC(64) PSYoungGen: 59520K(74752K)->59456K(72704K) Eden: 11264K(11264K)->0K(5632K) From: 48256K(63488K)->59456K(67072K)
[2.416s][info][gc,heap        ] GC(64) ParOldGen: 364018K(418816K)->364018K(418816K)
[2.416s][info][gc,metaspace   ] GC(64) Metaspace: 6303K(6528K)->6303K(6528K) NonClass: 5770K(5888K)->5770K(5888K) Class: 533K(640K)->533K(640K)
[2.416s][info][gc             ] GC(64) Pause Young (Allocation Failure) 413M->413M(480M) 26.655ms
[2.416s][info][gc,cpu         ] GC(64) User=0.14s Sys=0.00s Real=0.03s
[2.422s][info][gc,start       ] GC(65) Pause Young (Allocation Failure)
[2.450s][info][gc,heap        ] GC(65) PSYoungGen: 65088K(72704K)->47680K(79872K) Eden: 5632K(5632K)->0K(5632K) From: 59456K(67072K)->47680K(74240K)
[2.450s][info][gc,heap        ] GC(65) ParOldGen: 364018K(418816K)->381618K(418816K)
[2.450s][info][gc,metaspace   ] GC(65) Metaspace: 6303K(6528K)->6303K(6528K) NonClass: 5770K(5888K)->5770K(5888K) Class: 533K(640K)->533K(640K)
[2.450s][info][gc             ] GC(65) Pause Young (Allocation Failure) 419M->419M(487M) 28.153ms
[2.450s][info][gc,cpu         ] GC(65) User=0.12s Sys=0.02s Real=0.03s
[2.456s][info][gc,start       ] GC(66) Pause Young (Allocation Failure)
[2.481s][info][gc,heap        ] GC(66) PSYoungGen: 53312K(79872K)->33856K(75264K) Eden: 5632K(5632K)->0K(7168K) From: 47680K(74240K)->33856K(68096K)
[2.481s][info][gc,heap        ] GC(66) ParOldGen: 381618K(418816K)->401314K(418816K)
[2.481s][info][gc,metaspace   ] GC(66) Metaspace: 6303K(6528K)->6303K(6528K) NonClass: 5770K(5888K)->5770K(5888K) Class: 533K(640K)->533K(640K)
[2.481s][info][gc             ] GC(66) Pause Young (Allocation Failure) 424M->424M(482M) 24.526ms
[2.481s][info][gc,cpu         ] GC(66) User=0.12s Sys=0.02s Real=0.02s
[2.481s][info][gc,start       ] GC(67) Pause Full (Ergonomics)
[2.481s][info][gc,phases,start] GC(67) Marking Phase
[2.579s][info][gc,phases      ] GC(67) Marking Phase 98.385ms
[2.579s][info][gc,phases,start] GC(67) Summary Phase
[2.579s][info][gc,phases      ] GC(67) Summary Phase 0.019ms
[2.579s][info][gc,phases,start] GC(67) Adjust Roots
[2.579s][info][gc,phases      ] GC(67) Adjust Roots 0.155ms
[2.579s][info][gc,phases,start] GC(67) Compaction Phase
[2.629s][info][gc,phases      ] GC(67) Compaction Phase 50.121ms
[2.630s][info][gc,phases,start] GC(67) Post Compact
[2.632s][info][gc,phases      ] GC(67) Post Compact 2.179ms
[2.632s][info][gc,heap        ] GC(67) PSYoungGen: 33856K(75264K)->15788K(76800K) Eden: 0K(7168K)->0K(8704K) From: 33856K(68096K)->15788K(68096K)
[2.632s][info][gc,heap        ] GC(67) ParOldGen: 401314K(418816K)->418644K(478720K)
[2.632s][info][gc,metaspace   ] GC(67) Metaspace: 6303K(6528K)->6303K(6528K) NonClass: 5770K(5888K)->5770K(5888K) Class: 533K(640K)->533K(640K)
[2.632s][info][gc             ] GC(67) Pause Full (Ergonomics) 424M->424M(542M) 151.431ms
[2.632s][info][gc,cpu         ] GC(67) User=0.94s Sys=0.00s Real=0.15s
[2.641s][info][gc,start       ] GC(68) Pause Young (Allocation Failure)
[2.670s][info][gc,heap        ] GC(68) PSYoungGen: 24492K(76800K)->13888K(80384K) Eden: 8704K(8704K)->0K(8704K) From: 15788K(68096K)->13888K(71680K)
[2.670s][info][gc,heap        ] GC(68) ParOldGen: 418644K(478720K)->429516K(478720K)
[2.670s][info][gc,metaspace   ] GC(68) Metaspace: 6303K(6528K)->6303K(6528K) NonClass: 5770K(5888K)->5770K(5888K) Class: 533K(640K)->533K(640K)
[2.670s][info][gc             ] GC(68) Pause Young (Allocation Failure) 432M->433M(546M) 28.921ms
[2.670s][info][gc,cpu         ] GC(68) User=0.12s Sys=0.00s Real=0.03s
[2.679s][info][gc,start       ] GC(69) Pause Young (Allocation Failure)
[2.691s][info][gc,heap        ] GC(69) PSYoungGen: 22592K(80384K)->17472K(78848K) Eden: 8704K(8704K)->0K(10240K) From: 13888K(71680K)->17472K(68608K)
[2.691s][info][gc,heap        ] GC(69) ParOldGen: 429516K(478720K)->434708K(478720K)
[2.691s][info][gc,metaspace   ] GC(69) Metaspace: 6303K(6528K)->6303K(6528K) NonClass: 5770K(5888K)->5770K(5888K) Class: 533K(640K)->533K(640K)
[2.691s][info][gc             ] GC(69) Pause Young (Allocation Failure) 441M->441M(544M) 12.212ms
[2.691s][info][gc,cpu         ] GC(69) User=0.00s Sys=0.00s Real=0.01s
[2.702s][info][gc,start       ] GC(70) Pause Young (Allocation Failure)
[2.717s][info][gc,heap        ] GC(70) PSYoungGen: 27712K(78848K)->10368K(80384K) Eden: 10240K(10240K)->0K(10240K) From: 17472K(68608K)->10368K(70144K)
[2.717s][info][gc,heap        ] GC(70) ParOldGen: 434708K(478720K)->452324K(478720K)
[2.718s][info][gc,metaspace   ] GC(70) Metaspace: 6303K(6528K)->6303K(6528K) NonClass: 5770K(5888K)->5770K(5888K) Class: 533K(640K)->533K(640K)
[2.718s][info][gc             ] GC(70) Pause Young (Allocation Failure) 451M->451M(546M) 15.437ms
[2.718s][info][gc,cpu         ] GC(70) User=0.02s Sys=0.00s Real=0.01s
[2.718s][info][gc,start       ] GC(71) Pause Full (Ergonomics)
[2.718s][info][gc,phases,start] GC(71) Marking Phase
[2.827s][info][gc,phases      ] GC(71) Marking Phase 109.573ms
[2.827s][info][gc,phases,start] GC(71) Summary Phase
[2.827s][info][gc,phases      ] GC(71) Summary Phase 0.033ms
[2.827s][info][gc,phases,start] GC(71) Adjust Roots
[2.827s][info][gc,phases      ] GC(71) Adjust Roots 0.176ms
[2.828s][info][gc,phases,start] GC(71) Compaction Phase
[2.872s][info][gc,phases      ] GC(71) Compaction Phase 44.039ms
[2.872s][info][gc,phases,start] GC(71) Post Compact
[2.874s][info][gc,phases      ] GC(71) Post Compact 2.258ms
[2.874s][info][gc,heap        ] GC(71) PSYoungGen: 10368K(80384K)->0K(81920K) Eden: 0K(10240K)->0K(11776K) From: 10368K(70144K)->0K(70144K)
[2.874s][info][gc,heap        ] GC(71) ParOldGen: 452324K(478720K)->461989K(524800K)
[2.874s][info][gc,metaspace   ] GC(71) Metaspace: 6303K(6528K)->6303K(6528K) NonClass: 5770K(5888K)->5770K(5888K) Class: 533K(640K)->533K(640K)
[2.874s][info][gc             ] GC(71) Pause Full (Ergonomics) 451M->451M(592M) 156.595ms
[2.874s][info][gc,cpu         ] GC(71) User=1.03s Sys=0.00s Real=0.16s
[2.888s][info][gc,start       ] GC(72) Pause Young (Allocation Failure)
[2.896s][info][gc,heap        ] GC(72) PSYoungGen: 11776K(81920K)->11936K(81920K) Eden: 11776K(11776K)->0K(11776K) From: 0K(70144K)->11936K(70144K)
[2.896s][info][gc,heap        ] GC(72) ParOldGen: 461989K(524800K)->461989K(524800K)
[2.897s][info][gc,metaspace   ] GC(72) Metaspace: 6303K(6528K)->6303K(6528K) NonClass: 5770K(5888K)->5770K(5888K) Class: 533K(640K)->533K(640K)
[2.897s][info][gc             ] GC(72) Pause Young (Allocation Failure) 462M->462M(592M) 8.307ms
[2.897s][info][gc,cpu         ] GC(72) User=0.02s Sys=0.00s Real=0.01s
[2.910s][info][gc,start       ] GC(73) Pause Young (Allocation Failure)
[2.922s][info][gc,heap        ] GC(73) PSYoungGen: 23712K(81920K)->23680K(74752K) Eden: 11776K(11776K)->0K(13312K) From: 11936K(70144K)->23680K(61440K)
[2.922s][info][gc,heap        ] GC(73) ParOldGen: 461989K(524800K)->461989K(524800K)
[2.922s][info][gc,metaspace   ] GC(73) Metaspace: 6303K(6528K)->6303K(6528K) NonClass: 5770K(5888K)->5770K(5888K) Class: 533K(640K)->533K(640K)
[2.922s][info][gc             ] GC(73) Pause Young (Allocation Failure) 474M->474M(585M) 12.858ms
[2.922s][info][gc,cpu         ] GC(73) User=0.02s Sys=0.00s Real=0.01s
[2.937s][info][gc,start       ] GC(74) Pause Young (Allocation Failure)
[2.955s][info][gc,heap        ] GC(74) PSYoungGen: 36992K(74752K)->36960K(78336K) Eden: 13312K(13312K)->0K(13312K) From: 23680K(61440K)->36960K(65024K)
[2.955s][info][gc,heap        ] GC(74) ParOldGen: 461989K(524800K)->461989K(524800K)
[2.955s][info][gc,metaspace   ] GC(74) Metaspace: 6303K(6528K)->6303K(6528K) NonClass: 5770K(5888K)->5770K(5888K) Class: 533K(640K)->533K(640K)
[2.955s][info][gc             ] GC(74) Pause Young (Allocation Failure) 487M->487M(589M) 17.969ms
[2.955s][info][gc,cpu         ] GC(74) User=0.12s Sys=0.00s Real=0.02s
[2.969s][info][gc,start       ] GC(75) Pause Young (Allocation Failure)
[2.993s][info][gc,heap        ] GC(75) PSYoungGen: 50272K(78336K)->50304K(75264K) Eden: 13312K(13312K)->0K(10240K) From: 36960K(65024K)->50304K(65024K)
[2.993s][info][gc,heap        ] GC(75) ParOldGen: 461989K(524800K)->461989K(524800K)
[2.993s][info][gc,metaspace   ] GC(75) Metaspace: 6303K(6528K)->6303K(6528K) NonClass: 5770K(5888K)->5770K(5888K) Class: 533K(640K)->533K(640K)
[2.993s][info][gc             ] GC(75) Pause Young (Allocation Failure) 500M->500M(586M) 23.449ms
[2.993s][info][gc,cpu         ] GC(75) User=0.14s Sys=0.00s Real=0.02s
[3.004s][info][gc,start       ] GC(76) Pause Young (Allocation Failure)
[3.032s][info][gc,heap        ] GC(76) PSYoungGen: 60544K(75264K)->48768K(79872K) Eden: 10240K(10240K)->0K(10240K) From: 50304K(65024K)->48768K(69632K)
[3.032s][info][gc,heap        ] GC(76) ParOldGen: 461989K(524800K)->473917K(524800K)
[3.032s][info][gc,metaspace   ] GC(76) Metaspace: 6303K(6528K)->6303K(6528K) NonClass: 5770K(5888K)->5770K(5888K) Class: 533K(640K)->533K(640K)
[3.032s][info][gc             ] GC(76) Pause Young (Allocation Failure) 510M->510M(590M) 27.577ms
[3.032s][info][gc,cpu         ] GC(76) User=0.25s Sys=0.00s Real=0.03s
[3.043s][info][gc,start       ] GC(77) Pause Young (Allocation Failure)
[3.070s][info][gc,heap        ] GC(77) PSYoungGen: 59008K(79872K)->47264K(82944K) Eden: 10240K(10240K)->0K(10240K) From: 48768K(69632K)->47264K(72704K)
[3.070s][info][gc,heap        ] GC(77) ParOldGen: 473917K(524800K)->485853K(524800K)
[3.070s][info][gc,metaspace   ] GC(77) Metaspace: 6303K(6528K)->6303K(6528K) NonClass: 5770K(5888K)->5770K(5888K) Class: 533K(640K)->533K(640K)
[3.070s][info][gc             ] GC(77) Pause Young (Allocation Failure) 520M->520M(593M) 26.974ms
[3.070s][info][gc,cpu         ] GC(77) User=0.14s Sys=0.00s Real=0.03s
[3.081s][info][gc,start       ] GC(78) Pause Young (Allocation Failure)
[3.109s][info][gc,heap        ] GC(78) PSYoungGen: 57504K(82944K)->30848K(41472K) Eden: 10240K(10240K)->0K(10240K) From: 47264K(72704K)->30848K(31232K)
[3.109s][info][gc,heap        ] GC(78) ParOldGen: 485853K(524800K)->512797K(524800K)
[3.109s][info][gc,metaspace   ] GC(78) Metaspace: 6303K(6528K)->6303K(6528K) NonClass: 5770K(5888K)->5770K(5888K) Class: 533K(640K)->533K(640K)
[3.109s][info][gc             ] GC(78) Pause Young (Allocation Failure) 530M->530M(553M) 27.529ms
[3.109s][info][gc,cpu         ] GC(78) User=0.12s Sys=0.02s Real=0.03s
[3.109s][info][gc,start       ] GC(79) Pause Full (Ergonomics)
[3.109s][info][gc,phases,start] GC(79) Marking Phase
[3.229s][info][gc,phases      ] GC(79) Marking Phase 119.794ms
[3.229s][info][gc,phases,start] GC(79) Summary Phase
[3.229s][info][gc,phases      ] GC(79) Summary Phase 0.025ms
[3.229s][info][gc,phases,start] GC(79) Adjust Roots
[3.229s][info][gc,phases      ] GC(79) Adjust Roots 0.161ms
[3.229s][info][gc,phases,start] GC(79) Compaction Phase
[3.279s][info][gc,phases      ] GC(79) Compaction Phase 49.983ms
[3.279s][info][gc,phases,start] GC(79) Post Compact
[3.280s][info][gc,phases      ] GC(79) Post Compact 0.869ms
[3.280s][info][gc,heap        ] GC(79) PSYoungGen: 30848K(41472K)->18366K(41472K) Eden: 0K(10240K)->0K(10240K) From: 30848K(31232K)->18366K(31232K)
[3.280s][info][gc,heap        ] GC(79) ParOldGen: 512797K(524800K)->524303K(593920K)
[3.280s][info][gc,metaspace   ] GC(79) Metaspace: 6303K(6528K)->6303K(6528K) NonClass: 5770K(5888K)->5770K(5888K) Class: 533K(640K)->533K(640K)
[3.280s][info][gc             ] GC(79) Pause Full (Ergonomics) 530M->529M(620M) 171.389ms
[3.280s][info][gc,cpu         ] GC(79) User=1.16s Sys=0.00s Real=0.17s
[3.292s][info][gc,start       ] GC(80) Pause Young (Allocation Failure)
[3.327s][info][gc,heap        ] GC(80) PSYoungGen: 28606K(41472K)->16672K(80384K) Eden: 10240K(10240K)->0K(11776K) From: 18366K(31232K)->16672K(68608K)
[3.328s][info][gc,heap        ] GC(80) ParOldGen: 524303K(593920K)->536551K(593920K)
[3.328s][info][gc,metaspace   ] GC(80) Metaspace: 6303K(6528K)->6303K(6528K) NonClass: 5770K(5888K)->5770K(5888K) Class: 533K(640K)->533K(640K)
[3.328s][info][gc             ] GC(80) Pause Young (Allocation Failure) 539M->540M(658M) 35.401ms
[3.328s][info][gc,cpu         ] GC(80) User=0.14s Sys=0.00s Real=0.04s
[3.341s][info][gc,start       ] GC(81) Pause Young (Allocation Failure)
[3.356s][info][gc,heap        ] GC(81) PSYoungGen: 28448K(80384K)->22208K(34304K) Eden: 11776K(11776K)->0K(11776K) From: 16672K(68608K)->22208K(22528K)
[3.356s][info][gc,heap        ] GC(81) ParOldGen: 536551K(593920K)->542975K(593920K)
[3.356s][info][gc,metaspace   ] GC(81) Metaspace: 6303K(6528K)->6303K(6528K) NonClass: 5770K(5888K)->5770K(5888K) Class: 533K(640K)->533K(640K)
[3.356s][info][gc             ] GC(81) Pause Young (Allocation Failure) 551M->551M(613M) 15.592ms
[3.356s][info][gc,cpu         ] GC(81) User=0.02s Sys=0.00s Real=0.02s
[3.371s][info][gc,start       ] GC(82) Pause Young (Allocation Failure)
[3.389s][info][gc,heap        ] GC(82) PSYoungGen: 33984K(34304K)->23680K(75776K) Eden: 11776K(11776K)->0K(13312K) From: 22208K(22528K)->23680K(62464K)
[3.389s][info][gc,heap        ] GC(82) ParOldGen: 542975K(593920K)->553367K(593920K)
[3.389s][info][gc,metaspace   ] GC(82) Metaspace: 6303K(6528K)->6303K(6528K) NonClass: 5770K(5888K)->5770K(5888K) Class: 533K(640K)->533K(640K)
[3.389s][info][gc             ] GC(82) Pause Young (Allocation Failure) 563M->563M(654M) 17.952ms
[3.389s][info][gc,cpu         ] GC(82) User=0.03s Sys=0.00s Real=0.02s
[3.403s][info][gc,start       ] GC(83) Pause Young (Allocation Failure)
[3.423s][info][gc,heap        ] GC(83) PSYoungGen: 36992K(75776K)->25184K(38912K) Eden: 13312K(13312K)->0K(13312K) From: 23680K(62464K)->25184K(25600K)
[3.423s][info][gc,heap        ] GC(83) ParOldGen: 553367K(593920K)->565327K(593920K)
[3.423s][info][gc,metaspace   ] GC(83) Metaspace: 6303K(6528K)->6303K(6528K) NonClass: 5770K(5888K)->5770K(5888K) Class: 533K(640K)->533K(640K)
[3.423s][info][gc             ] GC(83) Pause Young (Allocation Failure) 576M->576M(618M) 19.484ms
[3.423s][info][gc,cpu         ] GC(83) User=0.12s Sys=0.00s Real=0.02s
[3.438s][info][gc,start       ] GC(84) Pause Young (Allocation Failure)
[3.458s][info][gc,heap        ] GC(84) PSYoungGen: 38496K(38912K)->26720K(72704K) Eden: 13312K(13312K)->0K(15360K) From: 25184K(25600K)->26720K(57344K)
[3.458s][info][gc,heap        ] GC(84) ParOldGen: 565327K(593920K)->577271K(593920K)
[3.458s][info][gc,metaspace   ] GC(84) Metaspace: 6303K(6528K)->6303K(6528K) NonClass: 5770K(5888K)->5770K(5888K) Class: 533K(640K)->533K(640K)
[3.458s][info][gc             ] GC(84) Pause Young (Allocation Failure) 589M->589M(651M) 20.731ms
[3.458s][info][gc,cpu         ] GC(84) User=0.12s Sys=0.00s Real=0.02s
[3.458s][info][gc,start       ] GC(85) Pause Full (Ergonomics)
[3.458s][info][gc,phases,start] GC(85) Marking Phase
[3.591s][info][gc,phases      ] GC(85) Marking Phase 133.113ms
[3.591s][info][gc,phases,start] GC(85) Summary Phase
[3.592s][info][gc,phases      ] GC(85) Summary Phase 0.023ms
[3.592s][info][gc,phases,start] GC(85) Adjust Roots
[3.592s][info][gc,phases      ] GC(85) Adjust Roots 0.226ms
[3.592s][info][gc,phases,start] GC(85) Compaction Phase
[3.648s][info][gc,phases      ] GC(85) Compaction Phase 56.003ms
[3.648s][info][gc,phases,start] GC(85) Post Compact
[3.649s][info][gc,phases      ] GC(85) Post Compact 1.102ms
[3.649s][info][gc,heap        ] GC(85) PSYoungGen: 26720K(72704K)->9190K(74752K) Eden: 0K(15360K)->0K(17408K) From: 26720K(57344K)->9190K(57344K)
[3.649s][info][gc,heap        ] GC(85) ParOldGen: 577271K(593920K)->593746K(662016K)
[3.649s][info][gc,metaspace   ] GC(85) Metaspace: 6303K(6528K)->6303K(6528K) NonClass: 5770K(5888K)->5770K(5888K) Class: 533K(640K)->533K(640K)
[3.649s][info][gc             ] GC(85) Pause Full (Ergonomics) 589M->588M(719M) 191.050ms
[3.649s][info][gc,cpu         ] GC(85) User=1.28s Sys=0.02s Real=0.19s
[3.670s][info][gc,start       ] GC(86) Pause Young (Allocation Failure)
[3.708s][info][gc,heap        ] GC(86) PSYoungGen: 26598K(74752K)->21888K(77312K) Eden: 17408K(17408K)->0K(17408K) From: 9190K(57344K)->21888K(59904K)
[3.708s][info][gc,heap        ] GC(86) ParOldGen: 593746K(662016K)->598706K(662016K)
[3.708s][info][gc,metaspace   ] GC(86) Metaspace: 6303K(6528K)->6303K(6528K) NonClass: 5770K(5888K)->5770K(5888K) Class: 533K(640K)->533K(640K)
[3.708s][info][gc             ] GC(86) Pause Young (Allocation Failure) 605M->606M(722M) 38.213ms
[3.708s][info][gc,cpu         ] GC(86) User=0.27s Sys=0.00s Real=0.04s
[3.730s][info][gc,start       ] GC(87) Pause Young (Allocation Failure)
[3.752s][info][gc,heap        ] GC(87) PSYoungGen: 39296K(77312K)->39296K(76288K) Eden: 17408K(17408K)->0K(18432K) From: 21888K(59904K)->39296K(57856K)
[3.752s][info][gc,heap        ] GC(87) ParOldGen: 598706K(662016K)->598706K(662016K)
[3.752s][info][gc,metaspace   ] GC(87) Metaspace: 6303K(6528K)->6303K(6528K) NonClass: 5770K(5888K)->5770K(5888K) Class: 533K(640K)->533K(640K)
[3.752s][info][gc             ] GC(87) Pause Young (Allocation Failure) 623M->623M(721M) 21.767ms
[3.752s][info][gc,cpu         ] GC(87) User=0.12s Sys=0.00s Real=0.02s
[3.774s][info][gc,start       ] GC(88) Pause Young (Allocation Failure)
[3.803s][info][gc,heap        ] GC(88) PSYoungGen: 57728K(76288K)->53408K(77312K) Eden: 18432K(18432K)->0K(18432K) From: 39296K(57856K)->53408K(58880K)
[3.803s][info][gc,heap        ] GC(88) ParOldGen: 598706K(662016K)->603122K(662016K)
[3.803s][info][gc,metaspace   ] GC(88) Metaspace: 6303K(6528K)->6303K(6528K) NonClass: 5770K(5888K)->5770K(5888K) Class: 533K(640K)->533K(640K)
[3.803s][info][gc             ] GC(88) Pause Young (Allocation Failure) 641M->641M(722M) 29.757ms
[3.803s][info][gc,cpu         ] GC(88) User=0.12s Sys=0.00s Real=0.03s
[3.825s][info][gc,start       ] GC(89) Pause Young (Allocation Failure)
[3.861s][info][gc,heap        ] GC(89) PSYoungGen: 71840K(77312K)->54432K(80384K) Eden: 18432K(18432K)->0K(15360K) From: 53408K(58880K)->54432K(65024K)
[3.861s][info][gc,heap        ] GC(89) ParOldGen: 603122K(662016K)->620762K(662016K)
[3.861s][info][gc,metaspace   ] GC(89) Metaspace: 6303K(6528K)->6303K(6528K) NonClass: 5770K(5888K)->5770K(5888K) Class: 533K(640K)->533K(640K)
[3.861s][info][gc             ] GC(89) Pause Young (Allocation Failure) 659M->659M(725M) 35.612ms
[3.861s][info][gc,cpu         ] GC(89) User=0.12s Sys=0.00s Real=0.04s
[3.880s][info][gc,start       ] GC(90) Pause Young (Allocation Failure)
[3.914s][info][gc,heap        ] GC(90) PSYoungGen: 69792K(80384K)->52384K(85504K) Eden: 15360K(15360K)->0K(15360K) From: 54432K(65024K)->52384K(70144K)
[3.914s][info][gc,heap        ] GC(90) ParOldGen: 620762K(662016K)->638418K(662016K)
[3.914s][info][gc,metaspace   ] GC(90) Metaspace: 6303K(6528K)->6303K(6528K) NonClass: 5770K(5888K)->5770K(5888K) Class: 533K(640K)->533K(640K)
[3.914s][info][gc             ] GC(90) Pause Young (Allocation Failure) 674M->674M(730M) 33.748ms
[3.914s][info][gc,cpu         ] GC(90) User=0.16s Sys=0.00s Real=0.03s
[3.914s][info][gc,start       ] GC(91) Pause Full (Ergonomics)
[3.914s][info][gc,phases,start] GC(91) Marking Phase
[4.065s][info][gc,phases      ] GC(91) Marking Phase 150.947ms
[4.065s][info][gc,phases,start] GC(91) Summary Phase
[4.065s][info][gc,phases      ] GC(91) Summary Phase 0.022ms
[4.065s][info][gc,phases,start] GC(91) Adjust Roots
[4.065s][info][gc,phases      ] GC(91) Adjust Roots 0.155ms
[4.065s][info][gc,phases,start] GC(91) Compaction Phase
[4.123s][info][gc,phases      ] GC(91) Compaction Phase 57.864ms
[4.123s][info][gc,phases,start] GC(91) Post Compact
[4.124s][info][gc,phases      ] GC(91) Post Compact 1.119ms
[4.125s][info][gc,heap        ] GC(91) PSYoungGen: 52384K(85504K)->28115K(85504K) Eden: 0K(15360K)->0K(15360K) From: 52384K(70144K)->28115K(70144K)
[4.125s][info][gc,heap        ] GC(91) ParOldGen: 638418K(662016K)->661709K(735744K)
[4.125s][info][gc,metaspace   ] GC(91) Metaspace: 6303K(6528K)->6303K(6528K) NonClass: 5770K(5888K)->5770K(5888K) Class: 533K(640K)->533K(640K)
[4.125s][info][gc             ] GC(91) Pause Full (Ergonomics) 674M->673M(802M) 210.661ms
[4.125s][info][gc,cpu         ] GC(91) User=1.52s Sys=0.00s Real=0.21s
[4.144s][info][gc,start       ] GC(92) Pause Young (Allocation Failure)
[4.192s][info][gc,heap        ] GC(92) PSYoungGen: 43475K(85504K)->34048K(82432K) Eden: 15360K(15360K)->0K(16896K) From: 28115K(70144K)->34048K(65536K)
[4.192s][info][gc,heap        ] GC(92) ParOldGen: 661709K(735744K)->671453K(735744K)
[4.192s][info][gc,metaspace   ] GC(92) Metaspace: 6303K(6528K)->6303K(6528K) NonClass: 5770K(5888K)->5770K(5888K) Class: 533K(640K)->533K(640K)
[4.192s][info][gc             ] GC(92) Pause Young (Allocation Failure) 688M->688M(799M) 47.628ms
[4.192s][info][gc,cpu         ] GC(92) User=0.38s Sys=0.00s Real=0.05s
[4.334s][info][gc,start       ] GC(93) Pause Young (Allocation Failure)
[4.373s][info][gc,heap        ] GC(93) PSYoungGen: 50944K(82432K)->39936K(86528K) Eden: 16896K(16896K)->0K(16896K) From: 34048K(65536K)->39936K(69632K)
[4.374s][info][gc,heap        ] GC(93) ParOldGen: 704221K(735744K)->715365K(735744K)
[4.374s][info][gc,metaspace   ] GC(93) Metaspace: 6303K(6528K)->6303K(6528K) NonClass: 5770K(5888K)->5770K(5888K) Class: 533K(640K)->533K(640K)
[4.374s][info][gc             ] GC(93) Pause Young (Allocation Failure) 737M->737M(803M) 39.221ms
[4.374s][info][gc,cpu         ] GC(93) User=0.25s Sys=0.00s Real=0.04s
[4.374s][info][gc,start       ] GC(94) Pause Full (Ergonomics)
[4.374s][info][gc,phases,start] GC(94) Marking Phase
[4.534s][info][gc,phases      ] GC(94) Marking Phase 160.617ms
[4.534s][info][gc,phases,start] GC(94) Summary Phase
[4.534s][info][gc,phases      ] GC(94) Summary Phase 0.025ms
[4.534s][info][gc,phases,start] GC(94) Adjust Roots
[4.535s][info][gc,phases      ] GC(94) Adjust Roots 0.152ms
[4.535s][info][gc,phases,start] GC(94) Compaction Phase
[4.653s][info][gc,phases      ] GC(94) Compaction Phase 118.290ms
[4.653s][info][gc,phases,start] GC(94) Post Compact
[4.654s][info][gc,phases      ] GC(94) Post Compact 1.476ms
[4.655s][info][gc,heap        ] GC(94) PSYoungGen: 39936K(86528K)->2967K(86528K) Eden: 0K(16896K)->0K(16896K) From: 39936K(69632K)->2967K(69632K)
[4.655s][info][gc,heap        ] GC(94) ParOldGen: 715365K(735744K)->735439K(812032K)
[4.655s][info][gc,metaspace   ] GC(94) Metaspace: 6303K(6528K)->6303K(6528K) NonClass: 5770K(5888K)->5770K(5888K) Class: 533K(640K)->533K(640K)
[4.655s][info][gc             ] GC(94) Pause Full (Ergonomics) 737M->721M(877M) 281.101ms
[4.655s][info][gc,cpu         ] GC(94) User=2.00s Sys=0.02s Real=0.28s
[4.675s][info][gc,start       ] GC(95) Pause Young (Allocation Failure)
[4.715s][info][gc,heap        ] GC(95) PSYoungGen: 19863K(86528K)->20000K(84992K) Eden: 16896K(16896K)->0K(18432K) From: 2967K(69632K)->20000K(66560K)
[4.715s][info][gc,heap        ] GC(95) ParOldGen: 735439K(812032K)->735439K(812032K)
[4.715s][info][gc,metaspace   ] GC(95) Metaspace: 6303K(6528K)->6303K(6528K) NonClass: 5770K(5888K)->5770K(5888K) Class: 533K(640K)->533K(640K)
[4.715s][info][gc             ] GC(95) Pause Young (Allocation Failure) 737M->737M(876M) 40.220ms
[4.715s][info][gc,cpu         ] GC(95) User=0.17s Sys=0.00s Real=0.04s
[4.734s][info][gc,start       ] GC(96) Pause Young (Allocation Failure)
[4.755s][info][gc,heap        ] GC(96) PSYoungGen: 38432K(84992K)->38432K(86016K) Eden: 18432K(18432K)->0K(18432K) From: 20000K(66560K)->38432K(67584K)
[4.755s][info][gc,heap        ] GC(96) ParOldGen: 735439K(812032K)->735439K(812032K)
[4.755s][info][gc,metaspace   ] GC(96) Metaspace: 6303K(6528K)->6303K(6528K) NonClass: 5770K(5888K)->5770K(5888K) Class: 533K(640K)->533K(640K)
[4.755s][info][gc             ] GC(96) Pause Young (Allocation Failure) 755M->755M(877M) 20.921ms
[4.755s][info][gc,cpu         ] GC(96) User=0.05s Sys=0.00s Real=0.02s
[4.775s][info][gc,start       ] GC(97) Pause Young (Allocation Failure)
[4.802s][info][gc,heap        ] GC(97) PSYoungGen: 56864K(86016K)->56896K(80896K) Eden: 18432K(18432K)->0K(15360K) From: 38432K(67584K)->56896K(65536K)
[4.802s][info][gc,heap        ] GC(97) ParOldGen: 735439K(812032K)->735439K(812032K)
[4.802s][info][gc,metaspace   ] GC(97) Metaspace: 6303K(6528K)->6303K(6528K) NonClass: 5770K(5888K)->5770K(5888K) Class: 533K(640K)->533K(640K)
[4.802s][info][gc             ] GC(97) Pause Young (Allocation Failure) 773M->773M(872M) 27.345ms
[4.802s][info][gc,cpu         ] GC(97) User=0.05s Sys=0.00s Real=0.03s
[4.817s][info][gc,start       ] GC(98) Pause Young (Allocation Failure)
[4.850s][info][gc,heap        ] GC(98) PSYoungGen: 72256K(80896K)->70656K(86016K) Eden: 15360K(15360K)->0K(15360K) From: 56896K(65536K)->70656K(70656K)
[4.850s][info][gc,heap        ] GC(98) ParOldGen: 735439K(812032K)->736959K(812032K)
[4.850s][info][gc,metaspace   ] GC(98) Metaspace: 6303K(6528K)->6303K(6528K) NonClass: 5770K(5888K)->5770K(5888K) Class: 533K(640K)->533K(640K)
[4.850s][info][gc             ] GC(98) Pause Young (Allocation Failure) 788M->788M(877M) 33.099ms
[4.850s][info][gc,cpu         ] GC(98) User=0.23s Sys=0.02s Real=0.03s
[4.866s][info][gc,start       ] GC(99) Pause Young (Allocation Failure)
[4.906s][info][gc,heap        ] GC(99) PSYoungGen: 86016K(86016K)->80384K(84480K) Eden: 15360K(15360K)->0K(4096K) From: 70656K(70656K)->80384K(80384K)
[4.906s][info][gc,heap        ] GC(99) ParOldGen: 736959K(812032K)->742679K(812032K)
[4.906s][info][gc,metaspace   ] GC(99) Metaspace: 6303K(6528K)->6303K(6528K) NonClass: 5770K(5888K)->5770K(5888K) Class: 533K(640K)->533K(640K)
[4.906s][info][gc             ] GC(99) Pause Young (Allocation Failure) 803M->803M(875M) 39.478ms
[4.906s][info][gc,cpu         ] GC(99) User=0.20s Sys=0.05s Real=0.04s
[4.910s][info][gc,start       ] GC(100) Pause Young (Allocation Failure)
[4.947s][info][gc,heap        ] GC(100) PSYoungGen: 84480K(84480K)->68384K(97280K) Eden: 4096K(4096K)->0K(4096K) From: 80384K(80384K)->68384K(93184K)
[4.947s][info][gc,heap        ] GC(100) ParOldGen: 742679K(812032K)->759079K(812032K)
[4.947s][info][gc,metaspace   ] GC(100) Metaspace: 6303K(6528K)->6303K(6528K) NonClass: 5770K(5888K)->5770K(5888K) Class: 533K(640K)->533K(640K)
[4.947s][info][gc             ] GC(100) Pause Young (Allocation Failure) 807M->808M(888M) 37.018ms
[4.947s][info][gc,cpu         ] GC(100) User=0.27s Sys=0.00s Real=0.04s
[4.951s][info][gc,start       ] GC(101) Pause Young (Allocation Failure)
[4.984s][info][gc,heap        ] GC(101) PSYoungGen: 72480K(97280K)->37856K(95744K) Eden: 4096K(4096K)->0K(5120K) From: 68384K(93184K)->37856K(90624K)
[4.984s][info][gc,heap        ] GC(101) ParOldGen: 759079K(812032K)->794167K(812032K)
[4.984s][info][gc,metaspace   ] GC(101) Metaspace: 6303K(6528K)->6303K(6528K) NonClass: 5770K(5888K)->5770K(5888K) Class: 533K(640K)->533K(640K)
[4.984s][info][gc             ] GC(101) Pause Young (Allocation Failure) 812M->812M(886M) 33.114ms
[4.984s][info][gc,cpu         ] GC(101) User=0.20s Sys=0.05s Real=0.03s
[4.984s][info][gc,start       ] GC(102) Pause Full (Ergonomics)
[4.984s][info][gc,phases,start] GC(102) Marking Phase
[5.162s][info][gc,phases      ] GC(102) Marking Phase 178.101ms
[5.162s][info][gc,phases,start] GC(102) Summary Phase
[5.162s][info][gc,phases      ] GC(102) Summary Phase 0.035ms
[5.162s][info][gc,phases,start] GC(102) Adjust Roots
[5.163s][info][gc,phases      ] GC(102) Adjust Roots 0.206ms
[5.163s][info][gc,phases,start] GC(102) Compaction Phase
[5.243s][info][gc,phases      ] GC(102) Compaction Phase 80.543ms
[5.243s][info][gc,phases,start] GC(102) Post Compact
[5.245s][info][gc,phases      ] GC(102) Post Compact 1.581ms
[5.246s][info][gc,heap        ] GC(102) PSYoungGen: 37856K(95744K)->19213K(96768K) Eden: 0K(5120K)->0K(6144K) From: 37856K(90624K)->19213K(90624K)
[5.246s][info][gc,heap        ] GC(102) ParOldGen: 794167K(812032K)->811652K(900608K)
[5.246s][info][gc,metaspace   ] GC(102) Metaspace: 6303K(6528K)->6303K(6528K) NonClass: 5770K(5888K)->5770K(5888K) Class: 533K(640K)->533K(640K)
[5.246s][info][gc             ] GC(102) Pause Full (Ergonomics) 812M->811M(974M) 261.365ms
[5.246s][info][gc,cpu         ] GC(102) User=1.80s Sys=0.02s Real=0.26s
[5.253s][info][gc,start       ] GC(103) Pause Young (Allocation Failure)
[5.297s][info][gc,heap        ] GC(103) PSYoungGen: 25357K(96768K)->11392K(99840K) Eden: 6144K(6144K)->0K(6144K) From: 19213K(90624K)->11392K(93696K)
[5.297s][info][gc,heap        ] GC(103) ParOldGen: 811652K(900608K)->825948K(900608K)
[5.297s][info][gc,metaspace   ] GC(103) Metaspace: 6303K(6528K)->6303K(6528K) NonClass: 5770K(5888K)->5770K(5888K) Class: 533K(640K)->533K(640K)
[5.297s][info][gc             ] GC(103) Pause Young (Allocation Failure) 817M->817M(977M) 44.514ms
[5.297s][info][gc,cpu         ] GC(103) User=0.25s Sys=0.02s Real=0.05s
[5.304s][info][gc,start       ] GC(104) Pause Young (Allocation Failure)
[5.317s][info][gc,heap        ] GC(104) PSYoungGen: 17536K(99840K)->12320K(102400K) Eden: 6144K(6144K)->0K(7168K) From: 11392K(93696K)->12320K(95232K)
[5.317s][info][gc,heap        ] GC(104) ParOldGen: 825948K(900608K)->831188K(900608K)
[5.317s][info][gc,metaspace   ] GC(104) Metaspace: 6303K(6528K)->6303K(6528K) NonClass: 5770K(5888K)->5770K(5888K) Class: 533K(640K)->533K(640K)
[5.317s][info][gc             ] GC(104) Pause Young (Allocation Failure) 823M->823M(979M) 13.112ms
[5.317s][info][gc,cpu         ] GC(104) User=0.00s Sys=0.00s Real=0.01s
[5.325s][info][gc,start       ] GC(105) Pause Young (Allocation Failure)
[5.340s][info][gc,heap        ] GC(105) PSYoungGen: 19488K(102400K)->7264K(102400K) Eden: 7168K(7168K)->0K(7168K) From: 12320K(95232K)->7264K(95232K)
[5.340s][info][gc,heap        ] GC(105) ParOldGen: 831188K(900608K)->843620K(900608K)
[5.340s][info][gc,metaspace   ] GC(105) Metaspace: 6303K(6528K)->6303K(6528K) NonClass: 5770K(5888K)->5770K(5888K) Class: 533K(640K)->533K(640K)
[5.340s][info][gc             ] GC(105) Pause Young (Allocation Failure) 830M->830M(979M) 14.700ms
[5.340s][info][gc,cpu         ] GC(105) User=0.00s Sys=0.00s Real=0.02s
[5.348s][info][gc,start       ] GC(106) Pause Young (Allocation Failure)
[5.360s][info][gc,heap        ] GC(106) PSYoungGen: 14432K(102400K)->7264K(101376K) Eden: 7168K(7168K)->0K(8192K) From: 7264K(95232K)->7264K(93184K)
[5.360s][info][gc,heap        ] GC(106) ParOldGen: 843620K(900608K)->850884K(900608K)
[5.360s][info][gc,metaspace   ] GC(106) Metaspace: 6303K(6528K)->6303K(6528K) NonClass: 5770K(5888K)->5770K(5888K) Class: 533K(640K)->533K(640K)
[5.360s][info][gc             ] GC(106) Pause Young (Allocation Failure) 837M->838M(978M) 12.912ms
[5.360s][info][gc,cpu         ] GC(106) User=0.12s Sys=0.00s Real=0.01s
[5.370s][info][gc,start       ] GC(107) Pause Young (Allocation Failure)
[5.383s][info][gc,heap        ] GC(107) PSYoungGen: 15456K(101376K)->8288K(102400K) Eden: 8192K(8192K)->0K(8192K) From: 7264K(93184K)->8288K(94208K)
[5.383s][info][gc,heap        ] GC(107) ParOldGen: 850884K(900608K)->858148K(900608K)
[5.383s][info][gc,metaspace   ] GC(107) Metaspace: 6303K(6528K)->6303K(6528K) NonClass: 5770K(5888K)->5770K(5888K) Class: 533K(640K)->533K(640K)
[5.383s][info][gc             ] GC(107) Pause Young (Allocation Failure) 846M->846M(979M) 13.648ms
[5.383s][info][gc,cpu         ] GC(107) User=0.00s Sys=0.00s Real=0.01s
[5.392s][info][gc,start       ] GC(108) Pause Young (Allocation Failure)
[5.405s][info][gc,heap        ] GC(108) PSYoungGen: 16480K(102400K)->8288K(98304K) Eden: 8192K(8192K)->0K(9728K) From: 8288K(94208K)->8288K(88576K)
[5.405s][info][gc,heap        ] GC(108) ParOldGen: 858148K(900608K)->866452K(900608K)
[5.405s][info][gc,metaspace   ] GC(108) Metaspace: 6303K(6528K)->6303K(6528K) NonClass: 5770K(5888K)->5770K(5888K) Class: 533K(640K)->533K(640K)
[5.405s][info][gc             ] GC(108) Pause Young (Allocation Failure) 854M->854M(975M) 13.495ms
[5.405s][info][gc,cpu         ] GC(108) User=0.02s Sys=0.00s Real=0.01s
[5.416s][info][gc,start       ] GC(109) Pause Young (Allocation Failure)
[5.430s][info][gc,heap        ] GC(109) PSYoungGen: 18016K(98304K)->9824K(19968K) Eden: 9728K(9728K)->0K(9728K) From: 8288K(88576K)->9824K(10240K)
[5.430s][info][gc,heap        ] GC(109) ParOldGen: 866452K(900608K)->874756K(900608K)
[5.430s][info][gc,metaspace   ] GC(109) Metaspace: 6303K(6528K)->6303K(6528K) NonClass: 5770K(5888K)->5770K(5888K) Class: 533K(640K)->533K(640K)
[5.431s][info][gc             ] GC(109) Pause Young (Allocation Failure) 863M->863M(899M) 14.094ms
[5.431s][info][gc,cpu         ] GC(109) User=0.00s Sys=0.00s Real=0.01s
[5.440s][info][gc,start       ] GC(110) Pause Young (Allocation Failure)
[5.455s][info][gc,heap        ] GC(110) PSYoungGen: 19552K(19968K)->9792K(92672K) Eden: 9728K(9728K)->0K(11264K) From: 9824K(10240K)->9792K(81408K)
[5.455s][info][gc,heap        ] GC(110) ParOldGen: 874756K(900608K)->884612K(900608K)
[5.455s][info][gc,metaspace   ] GC(110) Metaspace: 6303K(6528K)->6303K(6528K) NonClass: 5770K(5888K)->5770K(5888K) Class: 533K(640K)->533K(640K)
[5.455s][info][gc             ] GC(110) Pause Young (Allocation Failure) 873M->873M(970M) 14.621ms
[5.455s][info][gc,cpu         ] GC(110) User=0.02s Sys=0.00s Real=0.01s
[5.455s][info][gc,start       ] GC(111) Pause Full (Ergonomics)
[5.455s][info][gc,phases,start] GC(111) Marking Phase
[5.651s][info][gc,phases      ] GC(111) Marking Phase 195.682ms
[5.651s][info][gc,phases,start] GC(111) Summary Phase
[5.651s][info][gc,phases      ] GC(111) Summary Phase 0.040ms
[5.651s][info][gc,phases,start] GC(111) Adjust Roots
[5.651s][info][gc,phases      ] GC(111) Adjust Roots 0.150ms
[5.651s][info][gc,phases,start] GC(111) Compaction Phase
[5.730s][info][gc,phases      ] GC(111) Compaction Phase 79.409ms
[5.730s][info][gc,phases,start] GC(111) Post Compact
[5.732s][info][gc,phases      ] GC(111) Post Compact 1.362ms
[5.732s][info][gc,heap        ] GC(111) PSYoungGen: 9792K(92672K)->0K(95744K) Eden: 0K(11264K)->0K(11264K) From: 9792K(81408K)->0K(84480K)
[5.732s][info][gc,heap        ] GC(111) ParOldGen: 884612K(900608K)->893081K(979456K)
[5.732s][info][gc,metaspace   ] GC(111) Metaspace: 6303K(6528K)->6303K(6528K) NonClass: 5770K(5888K)->5770K(5888K) Class: 533K(640K)->533K(640K)
[5.732s][info][gc             ] GC(111) Pause Full (Ergonomics) 873M->872M(1050M) 277.182ms
[5.732s][info][gc,cpu         ] GC(111) User=2.05s Sys=0.00s Real=0.28s
[5.745s][info][gc,start       ] GC(112) Pause Young (Allocation Failure)
[5.757s][info][gc,heap        ] GC(112) PSYoungGen: 11264K(95744K)->11392K(90112K) Eden: 11264K(11264K)->0K(12800K) From: 0K(84480K)->11392K(77312K)
[5.757s][info][gc,heap        ] GC(112) ParOldGen: 893081K(979456K)->893081K(979456K)
[5.757s][info][gc,metaspace   ] GC(112) Metaspace: 6303K(6528K)->6303K(6528K) NonClass: 5770K(5888K)->5770K(5888K) Class: 533K(640K)->533K(640K)
[5.757s][info][gc             ] GC(112) Pause Young (Allocation Failure) 883M->883M(1044M) 12.002ms
[5.757s][info][gc,cpu         ] GC(112) User=0.02s Sys=0.00s Real=0.01s
[5.771s][info][gc,start       ] GC(113) Pause Young (Allocation Failure)
[5.789s][info][gc,heap        ] GC(113) PSYoungGen: 24192K(90112K)->24160K(37376K) Eden: 12800K(12800K)->0K(12800K) From: 11392K(77312K)->24160K(24576K)
[5.789s][info][gc,heap        ] GC(113) ParOldGen: 893081K(979456K)->893081K(979456K)
[5.789s][info][gc,metaspace   ] GC(113) Metaspace: 6303K(6528K)->6303K(6528K) NonClass: 5770K(5888K)->5770K(5888K) Class: 533K(640K)->533K(640K)
[5.789s][info][gc             ] GC(113) Pause Young (Allocation Failure) 895M->895M(993M) 17.512ms
[5.789s][info][gc,cpu         ] GC(113) User=0.02s Sys=0.00s Real=0.02s
[5.803s][info][gc,start       ] GC(114) Pause Young (Allocation Failure)
[5.824s][info][gc,heap        ] GC(114) PSYoungGen: 36960K(37376K)->25728K(80384K) Eden: 12800K(12800K)->0K(14336K) From: 24160K(24576K)->25728K(66048K)
[5.824s][info][gc,heap        ] GC(114) ParOldGen: 893081K(979456K)->904489K(979456K)
[5.824s][info][gc,metaspace   ] GC(114) Metaspace: 6303K(6528K)->6303K(6528K) NonClass: 5770K(5888K)->5770K(5888K) Class: 533K(640K)->533K(640K)
[5.824s][info][gc             ] GC(114) Pause Young (Allocation Failure) 908M->908M(1035M) 20.884ms
[5.824s][info][gc,cpu         ] GC(114) User=0.08s Sys=0.05s Real=0.02s
[5.840s][info][gc,start       ] GC(115) Pause Young (Allocation Failure)
[5.861s][info][gc,heap        ] GC(115) PSYoungGen: 40064K(80384K)->27264K(41984K) Eden: 14336K(14336K)->0K(14336K) From: 25728K(66048K)->27264K(27648K)
[5.861s][info][gc,heap        ] GC(115) ParOldGen: 904489K(979456K)->917449K(979456K)
[5.861s][info][gc,metaspace   ] GC(115) Metaspace: 6303K(6528K)->6303K(6528K) NonClass: 5770K(5888K)->5770K(5888K) Class: 533K(640K)->533K(640K)
[5.861s][info][gc             ] GC(115) Pause Young (Allocation Failure) 922M->922M(997M) 21.740ms
[5.861s][info][gc,cpu         ] GC(115) User=0.08s Sys=0.03s Real=0.02s
[5.877s][info][gc,start       ] GC(116) Pause Young (Allocation Failure)
[5.900s][info][gc,heap        ] GC(116) PSYoungGen: 41600K(41984K)->28832K(77824K) Eden: 14336K(14336K)->0K(16384K) From: 27264K(27648K)->28832K(61440K)
[5.900s][info][gc,heap        ] GC(116) ParOldGen: 917449K(979456K)->930425K(979456K)
[5.900s][info][gc,metaspace   ] GC(116) Metaspace: 6303K(6528K)->6303K(6528K) NonClass: 5770K(5888K)->5770K(5888K) Class: 533K(640K)->533K(640K)
[5.900s][info][gc             ] GC(116) Pause Young (Allocation Failure) 936M->936M(1032M) 22.640ms
[5.900s][info][gc,cpu         ] GC(116) User=0.12s Sys=0.02s Real=0.02s
[5.918s][info][gc,start       ] GC(117) Pause Young (Allocation Failure)
[5.941s][info][gc,heap        ] GC(117) PSYoungGen: 45216K(77824K)->30816K(80896K) Eden: 16384K(16384K)->0K(16384K) From: 28832K(61440K)->30816K(64512K)
[5.941s][info][gc,heap        ] GC(117) ParOldGen: 930425K(979456K)->944961K(979456K)
[5.941s][info][gc,metaspace   ] GC(117) Metaspace: 6303K(6528K)->6303K(6528K) NonClass: 5770K(5888K)->5770K(5888K) Class: 533K(640K)->533K(640K)
[5.941s][info][gc             ] GC(117) Pause Young (Allocation Failure) 952M->952M(1035M) 23.650ms
[5.941s][info][gc,cpu         ] GC(117) User=0.12s Sys=0.00s Real=0.02s
[5.959s][info][gc,start       ] GC(118) Pause Young (Allocation Failure)
[5.984s][info][gc,heap        ] GC(118) PSYoungGen: 47200K(80896K)->32896K(79360K) Eden: 16384K(16384K)->0K(18432K) From: 30816K(64512K)->32896K(60928K)
[5.984s][info][gc,heap        ] GC(118) ParOldGen: 944961K(979456K)->959481K(979456K)
[5.984s][info][gc,metaspace   ] GC(118) Metaspace: 6303K(6528K)->6303K(6528K) NonClass: 5770K(5888K)->5770K(5888K) Class: 533K(640K)->533K(640K)
[5.984s][info][gc             ] GC(118) Pause Young (Allocation Failure) 968M->969M(1034M) 24.918ms
[5.984s][info][gc,cpu         ] GC(118) User=0.12s Sys=0.00s Real=0.03s
[5.984s][info][gc,start       ] GC(119) Pause Full (Ergonomics)
[5.984s][info][gc,phases,start] GC(119) Marking Phase
[6.207s][info][gc,phases      ] GC(119) Marking Phase 222.719ms
[6.207s][info][gc,phases,start] GC(119) Summary Phase
[6.207s][info][gc,phases      ] GC(119) Summary Phase 0.025ms
[6.207s][info][gc,phases,start] GC(119) Adjust Roots
[6.207s][info][gc,phases      ] GC(119) Adjust Roots 0.150ms
[6.207s][info][gc,phases,start] GC(119) Compaction Phase
[6.295s][info][gc,phases      ] GC(119) Compaction Phase 87.283ms
[6.295s][info][gc,phases,start] GC(119) Post Compact
[6.297s][info][gc,phases      ] GC(119) Post Compact 1.804ms
[6.297s][info][gc,heap        ] GC(119) PSYoungGen: 32896K(79360K)->11757K(80384K) Eden: 0K(18432K)->0K(19456K) From: 32896K(60928K)->11757K(60928K)
[6.297s][info][gc,heap        ] GC(119) ParOldGen: 959481K(979456K)->979405K(1073152K)
[6.297s][info][gc,metaspace   ] GC(119) Metaspace: 6303K(6528K)->6303K(6528K) NonClass: 5770K(5888K)->5770K(5888K) Class: 533K(640K)->533K(640K)
[6.297s][info][gc             ] GC(119) Pause Full (Ergonomics) 969M->967M(1126M) 312.738ms
[6.297s][info][gc,cpu         ] GC(119) User=2.25s Sys=0.00s Real=0.31s
[6.321s][info][gc,start       ] GC(120) Pause Young (Allocation Failure)
[6.376s][info][gc,heap        ] GC(120) PSYoungGen: 31213K(80384K)->24448K(44032K) Eden: 19456K(19456K)->0K(19456K) From: 11757K(60928K)->24448K(24576K)
[6.376s][info][gc,heap        ] GC(120) ParOldGen: 979405K(1073152K)->986461K(1073152K)
[6.376s][info][gc,metaspace   ] GC(120) Metaspace: 6303K(6528K)->6303K(6528K) NonClass: 5770K(5888K)->5770K(5888K) Class: 533K(640K)->533K(640K)
[6.377s][info][gc             ] GC(120) Pause Young (Allocation Failure) 986M->987M(1091M) 55.048ms
[6.377s][info][gc,cpu         ] GC(120) User=0.38s Sys=0.00s Real=0.06s
[6.398s][info][gc,start       ] GC(121) Pause Young (Allocation Failure)
[6.422s][info][gc,heap        ] GC(121) PSYoungGen: 43904K(44032K)->43872K(77312K) Eden: 19456K(19456K)->0K(18432K) From: 24448K(24576K)->43872K(58880K)
[6.423s][info][gc,heap        ] GC(121) ParOldGen: 986461K(1073152K)->986461K(1073152K)
[6.423s][info][gc,metaspace   ] GC(121) Metaspace: 6303K(6528K)->6303K(6528K) NonClass: 5770K(5888K)->5770K(5888K) Class: 533K(640K)->533K(640K)
[6.423s][info][gc             ] GC(121) Pause Young (Allocation Failure) 1006M->1006M(1123M) 24.337ms
[6.423s][info][gc,cpu         ] GC(121) User=0.12s Sys=0.00s Real=0.02s
[6.443s][info][gc,start       ] GC(122) Pause Young (Allocation Failure)
[6.474s][info][gc,heap        ] GC(122) PSYoungGen: 62304K(77312K)->61952K(80384K) Eden: 18432K(18432K)->0K(18432K) From: 43872K(58880K)->61952K(61952K)
[6.474s][info][gc,heap        ] GC(122) ParOldGen: 986461K(1073152K)->986797K(1073152K)
[6.474s][info][gc,metaspace   ] GC(122) Metaspace: 6303K(6528K)->6303K(6528K) NonClass: 5770K(5888K)->5770K(5888K) Class: 533K(640K)->533K(640K)
[6.474s][info][gc             ] GC(122) Pause Young (Allocation Failure) 1024M->1024M(1126M) 31.551ms
[6.474s][info][gc,cpu         ] GC(122) User=0.12s Sys=0.00s Real=0.03s
[6.494s][info][gc,start       ] GC(123) Pause Young (Allocation Failure)
[6.533s][info][gc,heap        ] GC(123) PSYoungGen: 80384K(80384K)->56224K(87040K) Eden: 18432K(18432K)->0K(15360K) From: 61952K(61952K)->56224K(71680K)
[6.534s][info][gc,heap        ] GC(123) ParOldGen: 986797K(1073152K)->1011317K(1073152K)
[6.534s][info][gc,metaspace   ] GC(123) Metaspace: 6303K(6528K)->6303K(6528K) NonClass: 5770K(5888K)->5770K(5888K) Class: 533K(640K)->533K(640K)
[6.534s][info][gc             ] GC(123) Pause Young (Allocation Failure) 1042M->1042M(1133M) 39.766ms
[6.534s][info][gc,cpu         ] GC(123) User=0.20s Sys=0.05s Real=0.04s
[6.551s][info][gc,start       ] GC(124) Pause Young (Allocation Failure)
[6.587s][info][gc,heap        ] GC(124) PSYoungGen: 71584K(87040K)->52256K(92160K) Eden: 15360K(15360K)->0K(15360K) From: 56224K(71680K)->52256K(76800K)
[6.587s][info][gc,heap        ] GC(124) ParOldGen: 1011317K(1073152K)->1030893K(1073152K)
[6.587s][info][gc,metaspace   ] GC(124) Metaspace: 6303K(6528K)->6303K(6528K) NonClass: 5770K(5888K)->5770K(5888K) Class: 533K(640K)->533K(640K)
[6.587s][info][gc             ] GC(124) Pause Young (Allocation Failure) 1057M->1057M(1138M) 35.862ms
[6.587s][info][gc,cpu         ] GC(124) User=0.34s Sys=0.02s Real=0.04s
[6.604s][info][gc,start       ] GC(125) Pause Young (Allocation Failure)
[6.640s][info][gc,heap        ] GC(125) PSYoungGen: 67616K(92160K)->30848K(89600K) Eden: 15360K(15360K)->0K(17408K) From: 52256K(76800K)->30848K(72192K)
[6.640s][info][gc,heap        ] GC(125) ParOldGen: 1030893K(1073152K)->1068141K(1073152K)
[6.640s][info][gc,metaspace   ] GC(125) Metaspace: 6303K(6528K)->6303K(6528K) NonClass: 5770K(5888K)->5770K(5888K) Class: 533K(640K)->533K(640K)
[6.640s][info][gc             ] GC(125) Pause Young (Allocation Failure) 1072M->1073M(1135M) 35.899ms
[6.640s][info][gc,cpu         ] GC(125) User=0.20s Sys=0.05s Real=0.04s
[6.640s][info][gc,start       ] GC(126) Pause Full (Ergonomics)
[6.640s][info][gc,phases,start] GC(126) Marking Phase
[6.885s][info][gc,phases      ] GC(126) Marking Phase 245.114ms
[6.885s][info][gc,phases,start] GC(126) Summary Phase
[6.886s][info][gc,phases      ] GC(126) Summary Phase 0.028ms
[6.886s][info][gc,phases,start] GC(126) Adjust Roots
[6.886s][info][gc,phases      ] GC(126) Adjust Roots 0.154ms
[6.886s][info][gc,phases,start] GC(126) Compaction Phase
[6.984s][info][gc,phases      ] GC(126) Compaction Phase 98.028ms
[6.984s][info][gc,phases,start] GC(126) Post Compact
[6.986s][info][gc,phases      ] GC(126) Post Compact 2.026ms
[6.986s][info][gc,heap        ] GC(126) PSYoungGen: 30848K(89600K)->24528K(92160K) Eden: 0K(17408K)->0K(19968K) From: 30848K(72192K)->24528K(72192K)
[6.986s][info][gc,heap        ] GC(126) ParOldGen: 1068141K(1073152K)->1072943K(1187840K)
[6.986s][info][gc,metaspace   ] GC(126) Metaspace: 6303K(6528K)->6303K(6528K) NonClass: 5770K(5888K)->5770K(5888K) Class: 533K(640K)->533K(640K)
[6.986s][info][gc             ] GC(126) Pause Full (Ergonomics) 1073M->1071M(1250M) 346.196ms
[6.987s][info][gc,cpu         ] GC(126) User=2.58s Sys=0.00s Real=0.35s
[7.009s][info][gc,start       ] GC(127) Pause Young (Allocation Failure)
[7.074s][info][gc,heap        ] GC(127) PSYoungGen: 44496K(92160K)->20096K(95744K) Eden: 19968K(19968K)->0K(19968K) From: 24528K(72192K)->20096K(75776K)
[7.074s][info][gc,heap        ] GC(127) ParOldGen: 1072943K(1187840K)->1097839K(1187840K)
[7.074s][info][gc,metaspace   ] GC(127) Metaspace: 6303K(6528K)->6303K(6528K) NonClass: 5770K(5888K)->5770K(5888K) Class: 533K(640K)->533K(640K)
[7.074s][info][gc             ] GC(127) Pause Young (Allocation Failure) 1091M->1091M(1253M) 65.168ms
[7.074s][info][gc,cpu         ] GC(127) User=0.34s Sys=0.03s Real=0.07s
[7.096s][info][gc,start       ] GC(128) Pause Young (Allocation Failure)
[7.119s][info][gc,heap        ] GC(128) PSYoungGen: 40064K(95744K)->20096K(93184K) Eden: 19968K(19968K)->0K(22016K) From: 20096K(75776K)->20096K(71168K)
[7.119s][info][gc,heap        ] GC(128) ParOldGen: 1097839K(1187840K)->1118079K(1187840K)
[7.119s][info][gc,metaspace   ] GC(128) Metaspace: 6303K(6528K)->6303K(6528K) NonClass: 5770K(5888K)->5770K(5888K) Class: 533K(640K)->533K(640K)
[7.119s][info][gc             ] GC(128) Pause Young (Allocation Failure) 1111M->1111M(1251M) 23.774ms
[7.119s][info][gc,cpu         ] GC(128) User=0.14s Sys=0.00s Real=0.02s
[7.144s][info][gc,start       ] GC(129) Pause Young (Allocation Failure)
[7.168s][info][gc,heap        ] GC(129) PSYoungGen: 42112K(93184K)->22176K(94720K) Eden: 22016K(22016K)->0K(22016K) From: 20096K(71168K)->22176K(72704K)
[7.168s][info][gc,heap        ] GC(129) ParOldGen: 1118079K(1187840K)->1138319K(1187840K)
[7.168s][info][gc,metaspace   ] GC(129) Metaspace: 6303K(6528K)->6303K(6528K) NonClass: 5770K(5888K)->5770K(5888K) Class: 533K(640K)->533K(640K)
[7.168s][info][gc             ] GC(129) Pause Young (Allocation Failure) 1132M->1133M(1252M) 24.492ms
[7.168s][info][gc,cpu         ] GC(129) User=0.25s Sys=0.00s Real=0.02s
[7.194s][info][gc,start       ] GC(130) Pause Young (Allocation Failure)
[7.220s][info][gc,heap        ] GC(130) PSYoungGen: 44192K(94720K)->22176K(90624K) Eden: 22016K(22016K)->0K(24576K) From: 22176K(72704K)->22176K(66048K)
[7.220s][info][gc,heap        ] GC(130) ParOldGen: 1138319K(1187840K)->1160631K(1187840K)
[7.220s][info][gc,metaspace   ] GC(130) Metaspace: 6303K(6528K)->6303K(6528K) NonClass: 5770K(5888K)->5770K(5888K) Class: 533K(640K)->533K(640K)
[7.220s][info][gc             ] GC(130) Pause Young (Allocation Failure) 1154M->1155M(1248M) 26.374ms
[7.220s][info][gc,cpu         ] GC(130) User=0.12s Sys=0.00s Real=0.03s
[7.220s][info][gc,start       ] GC(131) Pause Full (Ergonomics)
[7.220s][info][gc,phases,start] GC(131) Marking Phase
[7.486s][info][gc,phases      ] GC(131) Marking Phase 266.048ms
[7.486s][info][gc,phases,start] GC(131) Summary Phase
[7.486s][info][gc,phases      ] GC(131) Summary Phase 0.032ms
[7.486s][info][gc,phases,start] GC(131) Adjust Roots
[7.486s][info][gc,phases      ] GC(131) Adjust Roots 0.146ms
[7.486s][info][gc,phases,start] GC(131) Compaction Phase
[7.583s][info][gc,phases      ] GC(131) Compaction Phase 96.579ms
[7.583s][info][gc,phases,start] GC(131) Post Compact
[7.585s][info][gc,phases      ] GC(131) Post Compact 2.145ms
[7.586s][info][gc,heap        ] GC(131) PSYoungGen: 22176K(90624K)->0K(92672K) Eden: 0K(24576K)->0K(24576K) From: 22176K(66048K)->0K(68096K)
[7.586s][info][gc,heap        ] GC(131) ParOldGen: 1160631K(1187840K)->1181309K(1306624K)
[7.586s][info][gc,metaspace   ] GC(131) Metaspace: 6303K(6528K)->6303K(6528K) NonClass: 5770K(5888K)->5770K(5888K) Class: 533K(640K)->533K(640K)
[7.586s][info][gc             ] GC(131) Pause Full (Ergonomics) 1155M->1153M(1366M) 365.829ms
[7.586s][info][gc,cpu         ] GC(131) User=2.75s Sys=0.03s Real=0.37s
[7.618s][info][gc,start       ] GC(132) Pause Young (Allocation Failure)
[7.635s][info][gc,heap        ] GC(132) PSYoungGen: 24576K(92672K)->24704K(89088K) Eden: 24576K(24576K)->0K(27136K) From: 0K(68096K)->24704K(61952K)
[7.636s][info][gc,heap        ] GC(132) ParOldGen: 1181309K(1306624K)->1181309K(1306624K)
[7.636s][info][gc,metaspace   ] GC(132) Metaspace: 6303K(6528K)->6303K(6528K) NonClass: 5770K(5888K)->5770K(5888K) Class: 533K(640K)->533K(640K)
[7.636s][info][gc             ] GC(132) Pause Young (Allocation Failure) 1177M->1177M(1363M) 17.191ms
[7.636s][info][gc,cpu         ] GC(132) User=0.03s Sys=0.00s Real=0.02s
[7.668s][info][gc,start       ] GC(133) Pause Young (Allocation Failure)
[7.696s][info][gc,heap        ] GC(133) PSYoungGen: 51840K(89088K)->51904K(92160K) Eden: 27136K(27136K)->0K(27136K) From: 24704K(61952K)->51904K(65024K)
[7.696s][info][gc,heap        ] GC(133) ParOldGen: 1181309K(1306624K)->1181309K(1306624K)
[7.696s][info][gc,metaspace   ] GC(133) Metaspace: 6303K(6528K)->6303K(6528K) NonClass: 5770K(5888K)->5770K(5888K) Class: 533K(640K)->533K(640K)
[7.696s][info][gc             ] GC(133) Pause Young (Allocation Failure) 1204M->1204M(1366M) 27.825ms
[7.696s][info][gc,cpu         ] GC(133) User=0.14s Sys=0.00s Real=0.03s
[7.727s][info][gc,start       ] GC(134) Pause Young (Allocation Failure)
[7.768s][info][gc,heap        ] GC(134) PSYoungGen: 79040K(92160K)->69632K(85504K) Eden: 27136K(27136K)->0K(15872K) From: 51904K(65024K)->69632K(69632K)
[7.768s][info][gc,heap        ] GC(134) ParOldGen: 1181309K(1306624K)->1190733K(1306624K)
[7.768s][info][gc,metaspace   ] GC(134) Metaspace: 6303K(6528K)->6303K(6528K) NonClass: 5770K(5888K)->5770K(5888K) Class: 533K(640K)->533K(640K)
[7.768s][info][gc             ] GC(134) Pause Young (Allocation Failure) 1230M->1230M(1359M) 40.498ms
[7.768s][info][gc,cpu         ] GC(134) User=0.22s Sys=0.03s Real=0.04s
[7.786s][info][gc,start       ] GC(135) Pause Young (Allocation Failure)
[7.829s][info][gc,heap        ] GC(135) PSYoungGen: 85504K(85504K)->39872K(55808K) Eden: 15872K(15872K)->0K(15872K) From: 69632K(69632K)->39872K(39936K)
[7.829s][info][gc,heap        ] GC(135) ParOldGen: 1190733K(1306624K)->1237109K(1306624K)
[7.829s][info][gc,metaspace   ] GC(135) Metaspace: 6303K(6528K)->6303K(6528K) NonClass: 5770K(5888K)->5770K(5888K) Class: 533K(640K)->533K(640K)
[7.829s][info][gc             ] GC(135) Pause Young (Allocation Failure) 1246M->1247M(1330M) 42.770ms
[7.829s][info][gc,cpu         ] GC(135) User=0.17s Sys=0.08s Real=0.04s
[7.848s][info][gc,start       ] GC(136) Pause Young (Allocation Failure)
[7.878s][info][gc,heap        ] GC(136) PSYoungGen: 55744K(55808K)->31904K(91648K) Eden: 15872K(15872K)->0K(17920K) From: 39872K(39936K)->31904K(73728K)
[7.878s][info][gc,heap        ] GC(136) ParOldGen: 1237109K(1306624K)->1261277K(1306624K)
[7.878s][info][gc,metaspace   ] GC(136) Metaspace: 6303K(6528K)->6303K(6528K) NonClass: 5770K(5888K)->5770K(5888K) Class: 533K(640K)->533K(640K)
[7.878s][info][gc             ] GC(136) Pause Young (Allocation Failure) 1262M->1262M(1365M) 30.526ms
[7.878s][info][gc,cpu         ] GC(136) User=0.25s Sys=0.00s Real=0.03s
[7.900s][info][gc,start       ] GC(137) Pause Young (Allocation Failure)
[7.927s][info][gc,heap        ] GC(137) PSYoungGen: 49824K(91648K)->29856K(48128K) Eden: 17920K(17920K)->0K(17920K) From: 31904K(73728K)->29856K(30208K)
[7.927s][info][gc,heap        ] GC(137) ParOldGen: 1261277K(1306624K)->1277373K(1306624K)
[7.927s][info][gc,metaspace   ] GC(137) Metaspace: 6303K(6528K)->6303K(6528K) NonClass: 5770K(5888K)->5770K(5888K) Class: 533K(640K)->533K(640K)
[7.927s][info][gc             ] GC(137) Pause Young (Allocation Failure) 1280M->1276M(1323M) 27.078ms
[7.927s][info][gc,cpu         ] GC(137) User=0.12s Sys=0.02s Real=0.03s
[7.927s][info][gc,start       ] GC(138) Pause Full (Ergonomics)
[7.927s][info][gc,phases,start] GC(138) Marking Phase
[8.227s][info][gc,phases      ] GC(138) Marking Phase 299.811ms
[8.227s][info][gc,phases,start] GC(138) Summary Phase
[8.227s][info][gc,phases      ] GC(138) Summary Phase 0.044ms
[8.227s][info][gc,phases,start] GC(138) Adjust Roots
[8.228s][info][gc,phases      ] GC(138) Adjust Roots 0.158ms
[8.228s][info][gc,phases,start] GC(138) Compaction Phase
[8.336s][info][gc,phases      ] GC(138) Compaction Phase 108.578ms
[8.336s][info][gc,phases,start] GC(138) Post Compact
[8.338s][info][gc,phases      ] GC(138) Post Compact 2.104ms
[8.339s][info][gc,heap        ] GC(138) PSYoungGen: 29856K(48128K)->0K(93696K) Eden: 0K(17920K)->0K(19968K) From: 29856K(30208K)->0K(73728K)
[8.339s][info][gc,heap        ] GC(138) ParOldGen: 1277373K(1306624K)->1305546K(1443840K)
[8.339s][info][gc,metaspace   ] GC(138) Metaspace: 6303K(6528K)->6303K(6528K) NonClass: 5770K(5888K)->5770K(5888K) Class: 533K(640K)->533K(640K)
[8.339s][info][gc             ] GC(138) Pause Full (Ergonomics) 1276M->1274M(1501M) 411.468ms
[8.339s][info][gc,cpu         ] GC(138) User=2.97s Sys=0.00s Real=0.41s
[8.354s][info][gc,start       ] GC(139) Pause Young (Allocation Failure)
[8.367s][info][gc,heap        ] GC(139) PSYoungGen: 19968K(93696K)->10464K(93696K) Eden: 19968K(19968K)->0K(19968K) From: 0K(73728K)->10464K(73728K)
[8.367s][info][gc,heap        ] GC(139) ParOldGen: 1305546K(1443840K)->1305546K(1443840K)
[8.367s][info][gc,metaspace   ] GC(139) Metaspace: 6303K(6528K)->6303K(6528K) NonClass: 5770K(5888K)->5770K(5888K) Class: 533K(640K)->533K(640K)
[8.367s][info][gc             ] GC(139) Pause Young (Allocation Failure) 1294M->1285M(1501M) 12.880ms
[8.367s][info][gc,cpu         ] GC(139) User=0.00s Sys=0.00s Real=0.01s
[8.387s][info][gc,start       ] GC(140) Pause Young (Allocation Failure)
[8.406s][info][gc,heap        ] GC(140) PSYoungGen: 30432K(93696K)->25856K(91136K) Eden: 19968K(19968K)->0K(22016K) From: 10464K(73728K)->25856K(69120K)
[8.406s][info][gc,heap        ] GC(140) ParOldGen: 1305546K(1443840K)->1305546K(1443840K)
[8.406s][info][gc,metaspace   ] GC(140) Metaspace: 6303K(6528K)->6303K(6528K) NonClass: 5770K(5888K)->5770K(5888K) Class: 533K(640K)->533K(640K)
[8.406s][info][gc             ] GC(140) Pause Young (Allocation Failure) 1304M->1300M(1499M) 18.790ms
[8.406s][info][gc,cpu         ] GC(140) User=0.03s Sys=0.00s Real=0.02s
[8.435s][info][gc,start       ] GC(141) Pause Young (Allocation Failure)
[8.462s][info][gc,heap        ] GC(141) PSYoungGen: 47872K(91136K)->47840K(93696K) Eden: 22016K(22016K)->0K(22016K) From: 25856K(69120K)->47840K(71680K)
[8.462s][info][gc,heap        ] GC(141) ParOldGen: 1305546K(1443840K)->1305546K(1443840K)
[8.462s][info][gc,metaspace   ] GC(141) Metaspace: 6303K(6528K)->6303K(6528K) NonClass: 5770K(5888K)->5770K(5888K) Class: 533K(640K)->533K(640K)
[8.462s][info][gc             ] GC(141) Pause Young (Allocation Failure) 1321M->1321M(1501M) 27.818ms
[8.462s][info][gc,cpu         ] GC(141) User=0.14s Sys=0.00s Real=0.03s
[8.489s][info][gc,start       ] GC(142) Pause Young (Allocation Failure)
[8.525s][info][gc,heap        ] GC(142) PSYoungGen: 69856K(93696K)->69920K(88576K) Eden: 22016K(22016K)->0K(15360K) From: 47840K(71680K)->69920K(73216K)
[8.525s][info][gc,heap        ] GC(142) ParOldGen: 1305546K(1443840K)->1305546K(1443840K)
[8.525s][info][gc,metaspace   ] GC(142) Metaspace: 6303K(6528K)->6303K(6528K) NonClass: 5770K(5888K)->5770K(5888K) Class: 533K(640K)->533K(640K)
[8.525s][info][gc             ] GC(142) Pause Young (Allocation Failure) 1343M->1343M(1496M) 36.090ms
[8.525s][info][gc,cpu         ] GC(142) User=0.16s Sys=0.00s Real=0.04s
[8.544s][info][gc,start       ] GC(143) Pause Young (Allocation Failure)
[8.586s][info][gc,heap        ] GC(143) PSYoungGen: 85280K(88576K)->82432K(97792K) Eden: 15360K(15360K)->0K(15360K) From: 69920K(73216K)->82432K(82432K)
[8.586s][info][gc,heap        ] GC(143) ParOldGen: 1305546K(1443840K)->1308314K(1443840K)
[8.586s][info][gc,metaspace   ] GC(143) Metaspace: 6303K(6528K)->6303K(6528K) NonClass: 5770K(5888K)->5770K(5888K) Class: 533K(640K)->533K(640K)
[8.586s][info][gc             ] GC(143) Pause Young (Allocation Failure) 1358M->1358M(1505M) 42.337ms
[8.586s][info][gc,cpu         ] GC(143) User=0.25s Sys=0.00s Real=0.04s
[8.606s][info][gc,start       ] GC(144) Pause Young (Allocation Failure)
[8.657s][info][gc,heap        ] GC(144) PSYoungGen: 97792K(97792K)->87872K(101888K) Eden: 15360K(15360K)->0K(6144K) From: 82432K(82432K)->87872K(95744K)
[8.657s][info][gc,heap        ] GC(144) ParOldGen: 1308314K(1443840K)->1318498K(1443840K)
[8.657s][info][gc,metaspace   ] GC(144) Metaspace: 6303K(6528K)->6303K(6528K) NonClass: 5770K(5888K)->5770K(5888K) Class: 533K(640K)->533K(640K)
[8.657s][info][gc             ] GC(144) Pause Young (Allocation Failure) 1373M->1373M(1509M) 50.872ms
[8.657s][info][gc,cpu         ] GC(144) User=0.28s Sys=0.00s Real=0.05s
[8.947s][info][gc,start       ] GC(145) Pause Young (Allocation Failure)
[9.025s][info][gc,heap        ] GC(145) PSYoungGen: 94016K(101888K)->79200K(113152K) Eden: 6144K(6144K)->0K(6144K) From: 87872K(95744K)->79200K(107008K)
[9.025s][info][gc,heap        ] GC(145) ParOldGen: 1384034K(1443840K)->1399058K(1443840K)
[9.025s][info][gc,metaspace   ] GC(145) Metaspace: 6303K(6528K)->6303K(6528K) NonClass: 5770K(5888K)->5770K(5888K) Class: 533K(640K)->533K(640K)
[9.025s][info][gc             ] GC(145) Pause Young (Allocation Failure) 1443M->1443M(1520M) 78.320ms
[9.025s][info][gc,cpu         ] GC(145) User=0.45s Sys=0.02s Real=0.08s
[9.031s][info][gc,start       ] GC(146) Pause Young (Allocation Failure)
[9.071s][info][gc,heap        ] GC(146) PSYoungGen: 85344K(113152K)->85312K(113664K) Eden: 6144K(6144K)->0K(512K) From: 79200K(107008K)->85312K(113152K)
[9.071s][info][gc,heap        ] GC(146) ParOldGen: 1399058K(1443840K)->1399058K(1443840K)
[9.071s][info][gc,metaspace   ] GC(146) Metaspace: 6303K(6528K)->6303K(6528K) NonClass: 5770K(5888K)->5770K(5888K) Class: 533K(640K)->533K(640K)
[9.071s][info][gc             ] GC(146) Pause Young (Allocation Failure) 1449M->1449M(1521M) 39.646ms
[9.071s][info][gc,cpu         ] GC(146) User=0.17s Sys=0.00s Real=0.04s
[9.072s][info][gc,start       ] GC(147) Pause Young (Allocation Failure)
[9.112s][info][gc,heap        ] GC(147) PSYoungGen: 85824K(113664K)->64576K(65536K) Eden: 512K(512K)->0K(512K) From: 85312K(113152K)->64576K(65024K)
[9.112s][info][gc,heap        ] GC(147) ParOldGen: 1399058K(1443840K)->1420586K(1443840K)
[9.112s][info][gc,metaspace   ] GC(147) Metaspace: 6303K(6528K)->6303K(6528K) NonClass: 5770K(5888K)->5770K(5888K) Class: 533K(640K)->533K(640K)
[9.112s][info][gc             ] GC(147) Pause Young (Allocation Failure) 1450M->1450M(1474M) 39.946ms
[9.112s][info][gc,cpu         ] GC(147) User=0.12s Sys=0.03s Real=0.04s
[9.112s][info][gc,start       ] GC(148) Pause Full (Ergonomics)
[9.112s][info][gc,phases,start] GC(148) Marking Phase
[9.432s][info][gc,phases      ] GC(148) Marking Phase 319.794ms
[9.432s][info][gc,phases,start] GC(148) Summary Phase
[9.432s][info][gc,phases      ] GC(148) Summary Phase 0.029ms
[9.432s][info][gc,phases,start] GC(148) Adjust Roots
[9.432s][info][gc,phases      ] GC(148) Adjust Roots 0.232ms
[9.432s][info][gc,phases,start] GC(148) Compaction Phase
[9.771s][info][gc,phases      ] GC(148) Compaction Phase 339.024ms
[9.771s][info][gc,phases,start] GC(148) Post Compact
[9.774s][info][gc,phases      ] GC(148) Post Compact 3.059ms
[9.775s][info][gc,heap        ] GC(148) PSYoungGen: 64576K(65536K)->7561K(65536K) Eden: 0K(512K)->0K(512K) From: 64576K(65024K)->7561K(65024K)
[9.775s][info][gc,heap        ] GC(148) ParOldGen: 1420586K(1443840K)->1443746K(1584128K)
[9.775s][info][gc,metaspace   ] GC(148) Metaspace: 6303K(6528K)->6303K(6528K) NonClass: 5770K(5888K)->5770K(5888K) Class: 533K(640K)->533K(640K)
[9.775s][info][gc             ] GC(148) Pause Full (Ergonomics) 1450M->1417M(1611M) 663.118ms
[9.775s][info][gc,cpu         ] GC(148) User=4.58s Sys=0.00s Real=0.66s
[9.775s][info][gc,start       ] GC(149) Pause Young (Allocation Failure)
[9.853s][info][gc,heap        ] GC(149) PSYoungGen: 8073K(65536K)->4192K(117760K) Eden: 512K(512K)->0K(512K) From: 7561K(65024K)->4192K(117248K)
[9.853s][info][gc,heap        ] GC(149) ParOldGen: 1443746K(1584128K)->1447842K(1584128K)
[9.853s][info][gc,metaspace   ] GC(149) Metaspace: 6303K(6528K)->6303K(6528K) NonClass: 5770K(5888K)->5770K(5888K) Class: 533K(640K)->533K(640K)
[9.853s][info][gc             ] GC(149) Pause Young (Allocation Failure) 1417M->1418M(1662M) 77.215ms
[9.853s][info][gc,cpu         ] GC(149) User=0.39s Sys=0.00s Real=0.08s
[9.854s][info][gc,start       ] GC(150) Pause Young (Allocation Failure)
[9.873s][info][gc,heap        ] GC(150) PSYoungGen: 4704K(117760K)->1088K(118272K) Eden: 512K(512K)->0K(512K) From: 4192K(117248K)->1088K(117760K)
[9.873s][info][gc,heap        ] GC(150) ParOldGen: 1447842K(1584128K)->1451474K(1584128K)
[9.873s][info][gc,metaspace   ] GC(150) Metaspace: 6303K(6528K)->6303K(6528K) NonClass: 5770K(5888K)->5770K(5888K) Class: 533K(640K)->533K(640K)
[9.873s][info][gc             ] GC(150) Pause Young (Allocation Failure) 1418M->1418M(1662M) 19.134ms
[9.873s][info][gc,cpu         ] GC(150) User=0.02s Sys=0.00s Real=0.02s
[9.873s][info][gc,start       ] GC(151) Pause Young (Allocation Failure)
[9.888s][info][gc,heap        ] GC(151) PSYoungGen: 1600K(118272K)->1600K(121856K) Eden: 512K(512K)->0K(1024K) From: 1088K(117760K)->1600K(120832K)
[9.888s][info][gc,heap        ] GC(151) ParOldGen: 1451474K(1584128K)->1451474K(1584128K)
[9.888s][info][gc,metaspace   ] GC(151) Metaspace: 6303K(6528K)->6303K(6528K) NonClass: 5770K(5888K)->5770K(5888K) Class: 533K(640K)->533K(640K)
[9.888s][info][gc             ] GC(151) Pause Young (Allocation Failure) 1419M->1419M(1666M) 14.877ms
[9.888s][info][gc,cpu         ] GC(151) User=0.00s Sys=0.00s Real=0.01s
[9.889s][info][gc,start       ] GC(152) Pause Young (Allocation Failure)
[9.905s][info][gc,heap        ] GC(152) PSYoungGen: 2624K(121856K)->2112K(3584K) Eden: 1024K(1024K)->0K(1024K) From: 1600K(120832K)->2112K(2560K)
[9.905s][info][gc,heap        ] GC(152) ParOldGen: 1451474K(1584128K)->1452002K(1584128K)
[9.905s][info][gc,metaspace   ] GC(152) Metaspace: 6303K(6528K)->6303K(6528K) NonClass: 5770K(5888K)->5770K(5888K) Class: 533K(640K)->533K(640K)
[9.905s][info][gc             ] GC(152) Pause Young (Allocation Failure) 1420M->1420M(1550M) 15.271ms
[9.905s][info][gc,cpu         ] GC(152) User=0.00s Sys=0.00s Real=0.01s
[9.906s][info][gc,start       ] GC(153) Pause Young (Allocation Failure)
[9.921s][info][gc,heap        ] GC(153) PSYoungGen: 3135K(3584K)->2080K(115712K) Eden: 1023K(1024K)->0K(1536K) From: 2112K(2560K)->2080K(114176K)
[9.921s][info][gc,heap        ] GC(153) ParOldGen: 1452002K(1584128K)->1453018K(1584128K)
[9.921s][info][gc,metaspace   ] GC(153) Metaspace: 6303K(6528K)->6303K(6528K) NonClass: 5770K(5888K)->5770K(5888K) Class: 533K(640K)->533K(640K)
[9.921s][info][gc             ] GC(153) Pause Young (Allocation Failure) 1421M->1420M(1660M) 14.750ms
[9.921s][info][gc,cpu         ] GC(153) User=0.00s Sys=0.00s Real=0.01s
[9.922s][info][gc,start       ] GC(154) Pause Young (Allocation Failure)
[9.939s][info][gc,heap        ] GC(154) PSYoungGen: 3616K(115712K)->1664K(3584K) Eden: 1536K(1536K)->0K(1536K) From: 2080K(114176K)->1664K(2048K)
[9.939s][info][gc,heap        ] GC(154) ParOldGen: 1453018K(1584128K)->1455074K(1584128K)
[9.939s][info][gc,metaspace   ] GC(154) Metaspace: 6303K(6528K)->6303K(6528K) NonClass: 5770K(5888K)->5770K(5888K) Class: 533K(640K)->533K(640K)
[9.939s][info][gc             ] GC(154) Pause Young (Allocation Failure) 1422M->1422M(1550M) 16.567ms
[9.939s][info][gc,cpu         ] GC(154) User=0.00s Sys=0.00s Real=0.02s
[9.941s][info][gc,start       ] GC(155) Pause Young (Allocation Failure)
[9.956s][info][gc,heap        ] GC(155) PSYoungGen: 3200K(3584K)->1600K(109056K) Eden: 1536K(1536K)->0K(2048K) From: 1664K(2048K)->1600K(107008K)
[9.956s][info][gc,heap        ] GC(155) ParOldGen: 1455074K(1584128K)->1456642K(1584128K)
[9.956s][info][gc,metaspace   ] GC(155) Metaspace: 6303K(6528K)->6303K(6528K) NonClass: 5770K(5888K)->5770K(5888K) Class: 533K(640K)->533K(640K)
[9.956s][info][gc             ] GC(155) Pause Young (Allocation Failure) 1424M->1424M(1653M) 15.281ms
[9.956s][info][gc,cpu         ] GC(155) User=0.02s Sys=0.00s Real=0.02s
[9.959s][info][gc,start       ] GC(156) Pause Young (Allocation Failure)
[9.973s][info][gc,heap        ] GC(156) PSYoungGen: 3648K(109056K)->2144K(4608K) Eden: 2048K(2048K)->0K(2048K) From: 1600K(107008K)->2144K(2560K)
[9.973s][info][gc,heap        ] GC(156) ParOldGen: 1456642K(1584128K)->1458202K(1584128K)
[9.973s][info][gc,metaspace   ] GC(156) Metaspace: 6303K(6528K)->6303K(6528K) NonClass: 5770K(5888K)->5770K(5888K) Class: 533K(640K)->533K(640K)
[9.973s][info][gc             ] GC(156) Pause Young (Allocation Failure) 1426M->1426M(1551M) 14.828ms
[9.973s][info][gc,cpu         ] GC(156) User=0.00s Sys=0.00s Real=0.01s
[9.975s][info][gc,start       ] GC(157) Pause Young (Allocation Failure)
[9.990s][info][gc,heap        ] GC(157) PSYoungGen: 4191K(4608K)->2176K(99840K) Eden: 2047K(2048K)->0K(2560K) From: 2144K(2560K)->2176K(97280K)
[9.990s][info][gc,heap        ] GC(157) ParOldGen: 1458202K(1584128K)->1460282K(1584128K)
[9.990s][info][gc,metaspace   ] GC(157) Metaspace: 6303K(6528K)->6303K(6528K) NonClass: 5770K(5888K)->5770K(5888K) Class: 533K(640K)->533K(640K)
[9.990s][info][gc             ] GC(157) Pause Young (Allocation Failure) 1428M->1428M(1644M) 14.616ms
[9.990s][info][gc,cpu         ] GC(157) User=0.02s Sys=0.00s Real=0.01s
[9.993s][info][gc,start       ] GC(158) Pause Young (Allocation Failure)
[10.008s][info][gc,heap        ] GC(158) PSYoungGen: 4736K(99840K)->2688K(5632K) Eden: 2560K(2560K)->0K(2560K) From: 2176K(97280K)->2688K(3072K)
[10.008s][info][gc,heap        ] GC(158) ParOldGen: 1460282K(1584128K)->1462362K(1584128K)
[10.008s][info][gc,metaspace   ] GC(158) Metaspace: 6303K(6528K)->6303K(6528K) NonClass: 5770K(5888K)->5770K(5888K) Class: 533K(640K)->533K(640K)
[10.008s][info][gc             ] GC(158) Pause Young (Allocation Failure) 1430M->1430M(1552M) 15.732ms
[10.008s][info][gc,cpu         ] GC(158) User=0.00s Sys=0.00s Real=0.02s
[10.011s][info][gc,start       ] GC(159) Pause Young (Allocation Failure)
[10.026s][info][gc,heap        ] GC(159) PSYoungGen: 5248K(5632K)->2656K(91136K) Eden: 2560K(2560K)->0K(3072K) From: 2688K(3072K)->2656K(88064K)
[10.026s][info][gc,heap        ] GC(159) ParOldGen: 1462362K(1584128K)->1464954K(1584128K)
[10.026s][info][gc,metaspace   ] GC(159) Metaspace: 6303K(6528K)->6303K(6528K) NonClass: 5770K(5888K)->5770K(5888K) Class: 533K(640K)->533K(640K)
[10.027s][info][gc             ] GC(159) Pause Young (Allocation Failure) 1433M->1433M(1636M) 15.714ms
[10.027s][info][gc,cpu         ] GC(159) User=0.00s Sys=0.00s Real=0.02s
[10.030s][info][gc,start       ] GC(160) Pause Young (Allocation Failure)
[10.046s][info][gc,heap        ] GC(160) PSYoungGen: 5728K(91136K)->3168K(6656K) Eden: 3072K(3072K)->0K(3072K) From: 2656K(88064K)->3168K(3584K)
[10.046s][info][gc,heap        ] GC(160) ParOldGen: 1464954K(1584128K)->1467554K(1584128K)
[10.046s][info][gc,metaspace   ] GC(160) Metaspace: 6303K(6528K)->6303K(6528K) NonClass: 5770K(5888K)->5770K(5888K) Class: 533K(640K)->533K(640K)
[10.046s][info][gc             ] GC(160) Pause Young (Allocation Failure) 1436M->1436M(1553M) 16.217ms
[10.046s][info][gc,cpu         ] GC(160) User=0.02s Sys=0.00s Real=0.02s
[10.050s][info][gc,start       ] GC(161) Pause Young (Allocation Failure)
[10.071s][info][gc,heap        ] GC(161) PSYoungGen: 6240K(6656K)->3168K(82944K) Eden: 3072K(3072K)->0K(4096K) From: 3168K(3584K)->3168K(78848K)
[10.071s][info][gc,heap        ] GC(161) ParOldGen: 1467554K(1584128K)->1470674K(1584128K)
[10.071s][info][gc,metaspace   ] GC(161) Metaspace: 6303K(6528K)->6303K(6528K) NonClass: 5770K(5888K)->5770K(5888K) Class: 533K(640K)->533K(640K)
[10.071s][info][gc             ] GC(161) Pause Young (Allocation Failure) 1439M->1439M(1628M) 20.943ms
[10.071s][info][gc,cpu         ] GC(161) User=0.03s Sys=0.00s Real=0.02s
[10.075s][info][gc,start       ] GC(162) Pause Young (Allocation Failure)
[10.094s][info][gc,heap        ] GC(162) PSYoungGen: 7264K(82944K)->4192K(8704K) Eden: 4096K(4096K)->0K(4096K) From: 3168K(78848K)->4192K(4608K)
[10.094s][info][gc,heap        ] GC(162) ParOldGen: 1470674K(1584128K)->1473786K(1584128K)
[10.094s][info][gc,metaspace   ] GC(162) Metaspace: 6303K(6528K)->6303K(6528K) NonClass: 5770K(5888K)->5770K(5888K) Class: 533K(640K)->533K(640K)
[10.094s][info][gc             ] GC(162) Pause Young (Allocation Failure) 1443M->1443M(1555M) 19.401ms
[10.094s][info][gc,cpu         ] GC(162) User=0.03s Sys=0.00s Real=0.02s
[10.098s][info][gc,start       ] GC(163) Pause Young (Allocation Failure)
[10.115s][info][gc,heap        ] GC(163) PSYoungGen: 8288K(8704K)->4192K(74752K) Eden: 4096K(4096K)->0K(5120K) From: 4192K(4608K)->4192K(69632K)
[10.115s][info][gc,heap        ] GC(163) ParOldGen: 1473786K(1584128K)->1477946K(1584128K)
[10.115s][info][gc,metaspace   ] GC(163) Metaspace: 6303K(6528K)->6303K(6528K) NonClass: 5770K(5888K)->5770K(5888K) Class: 533K(640K)->533K(640K)
[10.115s][info][gc             ] GC(163) Pause Young (Allocation Failure) 1447M->1447M(1620M) 17.462ms
[10.116s][info][gc,cpu         ] GC(163) User=0.14s Sys=0.00s Real=0.02s
[10.120s][info][gc,start       ] GC(164) Pause Young (Allocation Failure)
[10.142s][info][gc,heap        ] GC(164) PSYoungGen: 9312K(74752K)->5152K(10752K) Eden: 5120K(5120K)->0K(5120K) From: 4192K(69632K)->5152K(5632K)
[10.142s][info][gc,heap        ] GC(164) ParOldGen: 1477946K(1584128K)->1482114K(1584128K)
[10.142s][info][gc,metaspace   ] GC(164) Metaspace: 6303K(6528K)->6303K(6528K) NonClass: 5770K(5888K)->5770K(5888K) Class: 533K(640K)->533K(640K)
[10.142s][info][gc             ] GC(164) Pause Young (Allocation Failure) 1452M->1452M(1557M) 21.564ms
[10.142s][info][gc,cpu         ] GC(164) User=0.00s Sys=0.02s Real=0.02s
[10.148s][info][gc,start       ] GC(165) Pause Young (Allocation Failure)
[10.170s][info][gc,heap        ] GC(165) PSYoungGen: 10272K(10752K)->5216K(66560K) Eden: 5120K(5120K)->0K(6144K) From: 5152K(5632K)->5216K(60416K)
[10.170s][info][gc,heap        ] GC(165) ParOldGen: 1482114K(1584128K)->1487322K(1584128K)
[10.170s][info][gc,metaspace   ] GC(165) Metaspace: 6303K(6528K)->6303K(6528K) NonClass: 5770K(5888K)->5770K(5888K) Class: 533K(640K)->533K(640K)
[10.170s][info][gc             ] GC(165) Pause Young (Allocation Failure) 1457M->1457M(1612M) 21.502ms
[10.170s][info][gc,cpu         ] GC(165) User=0.02s Sys=0.00s Real=0.02s
[10.178s][info][gc,start       ] GC(166) Pause Young (Allocation Failure)
[10.198s][info][gc,heap        ] GC(166) PSYoungGen: 11360K(66560K)->6240K(12800K) Eden: 6144K(6144K)->0K(6144K) From: 5216K(60416K)->6240K(6656K)
[10.198s][info][gc,heap        ] GC(166) ParOldGen: 1487322K(1584128K)->1492514K(1584128K)
[10.198s][info][gc,metaspace   ] GC(166) Metaspace: 6303K(6528K)->6303K(6528K) NonClass: 5770K(5888K)->5770K(5888K) Class: 533K(640K)->533K(640K)
[10.198s][info][gc             ] GC(166) Pause Young (Allocation Failure) 1463M->1463M(1559M) 20.540ms
[10.198s][info][gc,cpu         ] GC(166) User=0.02s Sys=0.00s Real=0.02s
[10.205s][info][gc,start       ] GC(167) Pause Young (Allocation Failure)
[10.226s][info][gc,heap        ] GC(167) PSYoungGen: 12384K(12800K)->6272K(60416K) Eden: 6144K(6144K)->0K(7680K) From: 6240K(6656K)->6272K(52736K)
[10.226s][info][gc,heap        ] GC(167) ParOldGen: 1492514K(1584128K)->1498746K(1584128K)
[10.226s][info][gc,metaspace   ] GC(167) Metaspace: 6303K(6528K)->6303K(6528K) NonClass: 5770K(5888K)->5770K(5888K) Class: 533K(640K)->533K(640K)
[10.226s][info][gc             ] GC(167) Pause Young (Allocation Failure) 1469M->1469M(1606M) 20.461ms
[10.226s][info][gc,cpu         ] GC(167) User=0.03s Sys=0.00s Real=0.02s
[10.234s][info][gc,start       ] GC(168) Pause Young (Allocation Failure)
[10.252s][info][gc,heap        ] GC(168) PSYoungGen: 13952K(60416K)->7776K(15872K) Eden: 7680K(7680K)->0K(7680K) From: 6272K(52736K)->7776K(8192K)
[10.252s][info][gc,heap        ] GC(168) ParOldGen: 1498746K(1584128K)->1504962K(1584128K)
[10.252s][info][gc,metaspace   ] GC(168) Metaspace: 6303K(6528K)->6303K(6528K) NonClass: 5770K(5888K)->5770K(5888K) Class: 533K(640K)->533K(640K)
[10.252s][info][gc             ] GC(168) Pause Young (Allocation Failure) 1477M->1477M(1562M) 17.909ms
[10.252s][info][gc,cpu         ] GC(168) User=0.02s Sys=0.00s Real=0.02s
[10.259s][info][gc,start       ] GC(169) Pause Young (Allocation Failure)
[10.278s][info][gc,heap        ] GC(169) PSYoungGen: 15456K(15872K)->7776K(54784K) Eden: 7680K(7680K)->0K(9216K) From: 7776K(8192K)->7776K(45568K)
[10.278s][info][gc,heap        ] GC(169) ParOldGen: 1504962K(1584128K)->1512738K(1584128K)
[10.278s][info][gc,metaspace   ] GC(169) Metaspace: 6303K(6528K)->6303K(6528K) NonClass: 5770K(5888K)->5770K(5888K) Class: 533K(640K)->533K(640K)
[10.278s][info][gc             ] GC(169) Pause Young (Allocation Failure) 1484M->1484M(1600M) 19.187ms
[10.278s][info][gc,cpu         ] GC(169) User=0.03s Sys=0.00s Real=0.02s
[10.287s][info][gc,start       ] GC(170) Pause Young (Allocation Failure)
[10.312s][info][gc,heap        ] GC(170) PSYoungGen: 16992K(54784K)->9344K(18944K) Eden: 9216K(9216K)->0K(9216K) From: 7776K(45568K)->9344K(9728K)
[10.312s][info][gc,heap        ] GC(170) ParOldGen: 1512738K(1584128K)->1520530K(1584128K)
[10.312s][info][gc,metaspace   ] GC(170) Metaspace: 6303K(6528K)->6303K(6528K) NonClass: 5770K(5888K)->5770K(5888K) Class: 533K(640K)->533K(640K)
[10.312s][info][gc             ] GC(170) Pause Young (Allocation Failure) 1493M->1494M(1565M) 25.277ms
[10.312s][info][gc,cpu         ] GC(170) User=0.02s Sys=0.00s Real=0.02s
[10.323s][info][gc,start       ] GC(171) Pause Young (Allocation Failure)
[10.343s][info][gc,heap        ] GC(171) PSYoungGen: 18560K(18944K)->9344K(49664K) Eden: 9216K(9216K)->0K(10752K) From: 9344K(9728K)->9344K(38912K)
[10.343s][info][gc,heap        ] GC(171) ParOldGen: 1520530K(1584128K)->1529866K(1584128K)
[10.343s][info][gc,metaspace   ] GC(171) Metaspace: 6303K(6528K)->6303K(6528K) NonClass: 5770K(5888K)->5770K(5888K) Class: 533K(640K)->533K(640K)
[10.343s][info][gc             ] GC(171) Pause Young (Allocation Failure) 1503M->1503M(1595M) 20.675ms
[10.343s][info][gc,cpu         ] GC(171) User=0.02s Sys=0.00s Real=0.02s
[10.354s][info][gc,start       ] GC(172) Pause Young (Allocation Failure)
[10.375s][info][gc,heap        ] GC(172) PSYoungGen: 20096K(49664K)->10880K(22016K) Eden: 10752K(10752K)->0K(10752K) From: 9344K(38912K)->10880K(11264K)
[10.375s][info][gc,heap        ] GC(172) ParOldGen: 1529866K(1584128K)->1539194K(1584128K)
[10.375s][info][gc,metaspace   ] GC(172) Metaspace: 6303K(6528K)->6303K(6528K) NonClass: 5770K(5888K)->5770K(5888K) Class: 533K(640K)->533K(640K)
[10.375s][info][gc             ] GC(172) Pause Young (Allocation Failure) 1513M->1513M(1568M) 21.213ms
[10.375s][info][gc,cpu         ] GC(172) User=0.06s Sys=0.00s Real=0.02s
[10.386s][info][gc,start       ] GC(173) Pause Young (Allocation Failure)
[10.411s][info][gc,heap        ] GC(173) PSYoungGen: 21632K(22016K)->10848K(46592K) Eden: 10752K(10752K)->0K(12800K) From: 10880K(11264K)->10848K(33792K)
[10.411s][info][gc,heap        ] GC(173) ParOldGen: 1539194K(1584128K)->1550082K(1584128K)
[10.411s][info][gc,metaspace   ] GC(173) Metaspace: 6303K(6528K)->6303K(6528K) NonClass: 5770K(5888K)->5770K(5888K) Class: 533K(640K)->533K(640K)
[10.411s][info][gc             ] GC(173) Pause Young (Allocation Failure) 1524M->1524M(1592M) 25.190ms
[10.411s][info][gc,cpu         ] GC(173) User=0.03s Sys=0.00s Real=0.03s
[10.424s][info][gc,start       ] GC(174) Pause Young (Allocation Failure)
[10.447s][info][gc,heap        ] GC(174) PSYoungGen: 23648K(46592K)->12960K(49152K) Eden: 12800K(12800K)->0K(12800K) From: 10848K(33792K)->12960K(36352K)
[10.448s][info][gc,heap        ] GC(174) ParOldGen: 1550082K(1584128K)->1560978K(1584128K)
[10.448s][info][gc,metaspace   ] GC(174) Metaspace: 6303K(6528K)->6303K(6528K) NonClass: 5770K(5888K)->5770K(5888K) Class: 533K(640K)->533K(640K)
[10.448s][info][gc             ] GC(174) Pause Young (Allocation Failure) 1536M->1537M(1595M) 23.130ms
[10.448s][info][gc,cpu         ] GC(174) User=0.03s Sys=0.00s Real=0.02s
[10.461s][info][gc,start       ] GC(175) Pause Young (Allocation Failure)
[10.485s][info][gc,heap        ] GC(175) PSYoungGen: 25760K(49152K)->12896K(46592K) Eden: 12800K(12800K)->0K(14848K) From: 12960K(36352K)->12896K(31744K)
[10.485s][info][gc,heap        ] GC(175) ParOldGen: 1560978K(1584128K)->1573946K(1584128K)
[10.485s][info][gc,metaspace   ] GC(175) Metaspace: 6303K(6528K)->6303K(6528K) NonClass: 5770K(5888K)->5770K(5888K) Class: 533K(640K)->533K(640K)
[10.485s][info][gc             ] GC(175) Pause Young (Allocation Failure) 1549M->1549M(1592M) 24.604ms
[10.485s][info][gc,cpu         ] GC(175) User=0.03s Sys=0.00s Real=0.03s
[10.485s][info][gc,start       ] GC(176) Pause Full (Ergonomics)
[10.485s][info][gc,phases,start] GC(176) Marking Phase
[10.845s][info][gc,phases      ] GC(176) Marking Phase 360.065ms
[10.845s][info][gc,phases,start] GC(176) Summary Phase
[10.845s][info][gc,phases      ] GC(176) Summary Phase 0.037ms
[10.845s][info][gc,phases,start] GC(176) Adjust Roots
[10.846s][info][gc,phases      ] GC(176) Adjust Roots 0.167ms
[10.846s][info][gc,phases,start] GC(176) Compaction Phase
[10.999s][info][gc,phases      ] GC(176) Compaction Phase 153.834ms
[11.000s][info][gc,phases,start] GC(176) Post Compact
[11.002s][info][gc,phases      ] GC(176) Post Compact 2.930ms
[11.003s][info][gc,heap        ] GC(176) PSYoungGen: 12896K(46592K)->0K(48128K) Eden: 0K(14848K)->0K(14848K) From: 12896K(31744K)->0K(33280K)
[11.003s][info][gc,heap        ] GC(176) ParOldGen: 1573946K(1584128K)->1584107K(1719808K)
[11.003s][info][gc,metaspace   ] GC(176) Metaspace: 6303K(6528K)->6303K(6528K) NonClass: 5770K(5888K)->5770K(5888K) Class: 533K(640K)->533K(640K)
[11.003s][info][gc             ] GC(176) Pause Full (Ergonomics) 1549M->1546M(1726M) 517.916ms
[11.003s][info][gc,cpu         ] GC(176) User=3.69s Sys=0.02s Real=0.52s
[11.021s][info][gc,start       ] GC(177) Pause Young (Allocation Failure)
[11.039s][info][gc,heap        ] GC(177) PSYoungGen: 14848K(48128K)->14976K(49152K) Eden: 14848K(14848K)->0K(16896K) From: 0K(33280K)->14976K(32256K)
[11.039s][info][gc,heap        ] GC(177) ParOldGen: 1584107K(1719808K)->1584107K(1719808K)
[11.039s][info][gc,metaspace   ] GC(177) Metaspace: 6303K(6528K)->6303K(6528K) NonClass: 5770K(5888K)->5770K(5888K) Class: 533K(640K)->533K(640K)
[11.039s][info][gc             ] GC(177) Pause Young (Allocation Failure) 1561M->1561M(1727M) 18.680ms
[11.039s][info][gc,cpu         ] GC(177) User=0.02s Sys=0.00s Real=0.02s
[11.056s][info][gc,start       ] GC(178) Pause Young (Allocation Failure)
[11.082s][info][gc,heap        ] GC(178) PSYoungGen: 31872K(49152K)->17056K(49664K) Eden: 16896K(16896K)->0K(16896K) From: 14976K(32256K)->17056K(32768K)
[11.082s][info][gc,heap        ] GC(178) ParOldGen: 1584107K(1719808K)->1599163K(1719808K)
[11.082s][info][gc,metaspace   ] GC(178) Metaspace: 6303K(6528K)->6303K(6528K) NonClass: 5770K(5888K)->5770K(5888K) Class: 533K(640K)->533K(640K)
[11.082s][info][gc             ] GC(178) Pause Young (Allocation Failure) 1578M->1578M(1728M) 26.151ms
[11.082s][info][gc,cpu         ] GC(178) User=0.03s Sys=0.00s Real=0.03s
[11.098s][info][gc,start       ] GC(179) Pause Young (Allocation Failure)
[11.124s][info][gc,heap        ] GC(179) PSYoungGen: 33952K(49664K)->17056K(51712K) Eden: 16896K(16896K)->0K(18944K) From: 17056K(32768K)->17056K(32768K)
[11.124s][info][gc,heap        ] GC(179) ParOldGen: 1599163K(1719808K)->1616283K(1719808K)
[11.124s][info][gc,metaspace   ] GC(179) Metaspace: 6303K(6528K)->6303K(6528K) NonClass: 5770K(5888K)->5770K(5888K) Class: 533K(640K)->533K(640K)
[11.124s][info][gc             ] GC(179) Pause Young (Allocation Failure) 1594M->1595M(1730M) 26.285ms
[11.125s][info][gc,cpu         ] GC(179) User=0.02s Sys=0.02s Real=0.03s
[11.143s][info][gc,start       ] GC(180) Pause Young (Allocation Failure)
[11.169s][info][gc,heap        ] GC(180) PSYoungGen: 36000K(51712K)->19072K(51712K) Eden: 18944K(18944K)->0K(18944K) From: 17056K(32768K)->19072K(32768K)
[11.169s][info][gc,heap        ] GC(180) ParOldGen: 1616283K(1719808K)->1633387K(1719808K)
[11.169s][info][gc,metaspace   ] GC(180) Metaspace: 6303K(6528K)->6303K(6528K) NonClass: 5770K(5888K)->5770K(5888K) Class: 533K(640K)->533K(640K)
[11.169s][info][gc             ] GC(180) Pause Young (Allocation Failure) 1613M->1613M(1730M) 26.119ms
[11.169s][info][gc,cpu         ] GC(180) User=0.05s Sys=0.00s Real=0.03s
[11.187s][info][gc,start       ] GC(181) Pause Young (Allocation Failure)
[11.214s][info][gc,heap        ] GC(181) PSYoungGen: 38016K(51712K)->19072K(54784K) Eden: 18944K(18944K)->0K(21504K) From: 19072K(32768K)->19072K(33280K)
[11.214s][info][gc,heap        ] GC(181) ParOldGen: 1633387K(1719808K)->1652587K(1719808K)
[11.214s][info][gc,metaspace   ] GC(181) Metaspace: 6303K(6528K)->6303K(6528K) NonClass: 5770K(5888K)->5770K(5888K) Class: 533K(640K)->533K(640K)
[11.214s][info][gc             ] GC(181) Pause Young (Allocation Failure) 1632M->1632M(1733M) 26.664ms
[11.214s][info][gc,cpu         ] GC(181) User=0.05s Sys=0.00s Real=0.03s
[11.235s][info][gc,start       ] GC(182) Pause Young (Allocation Failure)
[11.263s][info][gc,heap        ] GC(182) PSYoungGen: 40576K(54784K)->21632K(54784K) Eden: 21504K(21504K)->0K(21504K) From: 19072K(33280K)->21632K(33280K)
[11.263s][info][gc,heap        ] GC(182) ParOldGen: 1652587K(1719808K)->1671795K(1719808K)
[11.263s][info][gc,metaspace   ] GC(182) Metaspace: 6303K(6528K)->6303K(6528K) NonClass: 5770K(5888K)->5770K(5888K) Class: 533K(640K)->533K(640K)
[11.263s][info][gc             ] GC(182) Pause Young (Allocation Failure) 1653M->1653M(1733M) 28.027ms
[11.263s][info][gc,cpu         ] GC(182) User=0.05s Sys=0.00s Real=0.03s
[11.284s][info][gc,start       ] GC(183) Pause Young (Allocation Failure)
[11.313s][info][gc,heap        ] GC(183) PSYoungGen: 43136K(54784K)->21664K(57856K) Eden: 21504K(21504K)->0K(23552K) From: 21632K(33280K)->21664K(34304K)
[11.313s][info][gc,heap        ] GC(183) ParOldGen: 1671795K(1719808K)->1693595K(1719808K)
[11.313s][info][gc,metaspace   ] GC(183) Metaspace: 6303K(6528K)->6303K(6528K) NonClass: 5770K(5888K)->5770K(5888K) Class: 533K(640K)->533K(640K)
[11.313s][info][gc             ] GC(183) Pause Young (Allocation Failure) 1674M->1675M(1736M) 29.283ms
[11.313s][info][gc,cpu         ] GC(183) User=0.09s Sys=0.00s Real=0.03s
[11.313s][info][gc,start       ] GC(184) Pause Full (Ergonomics)
[11.313s][info][gc,phases,start] GC(184) Marking Phase
[11.690s][info][gc,phases      ] GC(184) Marking Phase 376.630ms
[11.690s][info][gc,phases,start] GC(184) Summary Phase
[11.690s][info][gc,phases      ] GC(184) Summary Phase 0.039ms
[11.690s][info][gc,phases,start] GC(184) Adjust Roots
[11.690s][info][gc,phases      ] GC(184) Adjust Roots 0.190ms
[11.690s][info][gc,phases,start] GC(184) Compaction Phase
[11.851s][info][gc,phases      ] GC(184) Compaction Phase 161.191ms
[11.852s][info][gc,phases,start] GC(184) Post Compact
[11.855s][info][gc,phases      ] GC(184) Post Compact 3.169ms
[11.855s][info][gc,heap        ] GC(184) PSYoungGen: 21664K(57856K)->0K(58880K) Eden: 0K(23552K)->0K(23552K) From: 21664K(34304K)->0K(35328K)
[11.855s][info][gc,heap        ] GC(184) ParOldGen: 1693595K(1719808K)->1713424K(1873408K)
[11.855s][info][gc,metaspace   ] GC(184) Metaspace: 6303K(6528K)->6303K(6528K) NonClass: 5770K(5888K)->5770K(5888K) Class: 533K(640K)->533K(640K)
[11.855s][info][gc             ] GC(184) Pause Full (Ergonomics) 1675M->1673M(1887M) 542.189ms
[11.856s][info][gc,cpu         ] GC(184) User=3.94s Sys=0.00s Real=0.54s
[11.883s][info][gc,start       ] GC(185) Pause Young (Allocation Failure)
[11.905s][info][gc,heap        ] GC(185) PSYoungGen: 23552K(58880K)->23680K(60928K) Eden: 23552K(23552K)->0K(25600K) From: 0K(35328K)->23680K(35328K)
[11.905s][info][gc,heap        ] GC(185) ParOldGen: 1713424K(1873408K)->1713424K(1873408K)
[11.905s][info][gc,metaspace   ] GC(185) Metaspace: 6303K(6528K)->6303K(6528K) NonClass: 5770K(5888K)->5770K(5888K) Class: 533K(640K)->533K(640K)
[11.905s][info][gc             ] GC(185) Pause Young (Allocation Failure) 1696M->1696M(1889M) 21.976ms
[11.905s][info][gc,cpu         ] GC(185) User=0.02s Sys=0.00s Real=0.02s
[11.932s][info][gc,start       ] GC(186) Pause Young (Allocation Failure)
[11.963s][info][gc,heap        ] GC(186) PSYoungGen: 49280K(60928K)->36352K(61952K) Eden: 25600K(25600K)->0K(25600K) From: 23680K(35328K)->36352K(36352K)
[11.964s][info][gc,heap        ] GC(186) ParOldGen: 1713424K(1873408K)->1726432K(1873408K)
[11.964s][info][gc,metaspace   ] GC(186) Metaspace: 6303K(6528K)->6303K(6528K) NonClass: 5770K(5888K)->5770K(5888K) Class: 533K(640K)->533K(640K)
[11.964s][info][gc             ] GC(186) Pause Young (Allocation Failure) 1721M->1721M(1890M) 31.669ms
[11.964s][info][gc,cpu         ] GC(186) User=0.03s Sys=0.00s Real=0.03s
[11.991s][info][gc,start       ] GC(187) Pause Young (Allocation Failure)
[12.027s][info][gc,heap        ] GC(187) PSYoungGen: 61952K(61952K)->25760K(73728K) Eden: 25600K(25600K)->0K(28160K) From: 36352K(36352K)->25760K(45568K)
[12.027s][info][gc,heap        ] GC(187) ParOldGen: 1726432K(1873408K)->1763256K(1873408K)
[12.027s][info][gc,metaspace   ] GC(187) Metaspace: 6303K(6528K)->6303K(6528K) NonClass: 5770K(5888K)->5770K(5888K) Class: 533K(640K)->533K(640K)
[12.027s][info][gc             ] GC(187) Pause Young (Allocation Failure) 1746M->1747M(1901M) 36.868ms
[12.027s][info][gc,cpu         ] GC(187) User=0.14s Sys=0.03s Real=0.04s
[12.059s][info][gc,start       ] GC(188) Pause Young (Allocation Failure)
[12.093s][info][gc,heap        ] GC(188) PSYoungGen: 53920K(73728K)->28320K(74240K) Eden: 28160K(28160K)->0K(28160K) From: 25760K(45568K)->28320K(46080K)
[12.093s][info][gc,heap        ] GC(188) ParOldGen: 1763256K(1873408K)->1789216K(1873408K)
[12.093s][info][gc,metaspace   ] GC(188) Metaspace: 6303K(6528K)->6303K(6528K) NonClass: 5770K(5888K)->5770K(5888K) Class: 533K(640K)->533K(640K)
[12.093s][info][gc             ] GC(188) Pause Young (Allocation Failure) 1774M->1774M(1902M) 34.258ms
[12.093s][info][gc,cpu         ] GC(188) User=0.14s Sys=0.00s Real=0.04s
[12.122s][info][gc,start       ] GC(189) Pause Young (Allocation Failure)
[12.155s][info][gc,heap        ] GC(189) PSYoungGen: 56480K(74240K)->28288K(77312K) Eden: 28160K(28160K)->0K(30720K) From: 28320K(46080K)->28288K(46592K)
[12.155s][info][gc,heap        ] GC(189) ParOldGen: 1789216K(1873408K)->1817776K(1873408K)
[12.155s][info][gc,metaspace   ] GC(189) Metaspace: 6303K(6528K)->6303K(6528K) NonClass: 5770K(5888K)->5770K(5888K) Class: 533K(640K)->533K(640K)
[12.155s][info][gc             ] GC(189) Pause Young (Allocation Failure) 1802M->1802M(1905M) 32.704ms
[12.155s][info][gc,cpu         ] GC(189) User=0.12s Sys=0.03s Real=0.03s
[12.188s][info][gc,start       ] GC(190) Pause Young (Allocation Failure)
[12.222s][info][gc,heap        ] GC(190) PSYoungGen: 59008K(77312K)->30848K(77824K) Eden: 30720K(30720K)->0K(30720K) From: 28288K(46592K)->30848K(47104K)
[12.222s][info][gc,heap        ] GC(190) ParOldGen: 1817776K(1873408K)->1846288K(1873408K)
[12.222s][info][gc,metaspace   ] GC(190) Metaspace: 6303K(6528K)->6303K(6528K) NonClass: 5770K(5888K)->5770K(5888K) Class: 533K(640K)->533K(640K)
[12.222s][info][gc             ] GC(190) Pause Young (Allocation Failure) 1832M->1833M(1905M) 33.849ms
[12.222s][info][gc,cpu         ] GC(190) User=0.16s Sys=0.00s Real=0.03s
[12.222s][info][gc,start       ] GC(191) Pause Full (Ergonomics)
[12.222s][info][gc,phases,start] GC(191) Marking Phase
[12.634s][info][gc,phases      ] GC(191) Marking Phase 411.878ms
[12.634s][info][gc,phases,start] GC(191) Summary Phase
[12.634s][info][gc,phases      ] GC(191) Summary Phase 0.030ms
[12.634s][info][gc,phases,start] GC(191) Adjust Roots
[12.634s][info][gc,phases      ] GC(191) Adjust Roots 0.164ms
[12.634s][info][gc,phases,start] GC(191) Compaction Phase
[12.805s][info][gc,phases      ] GC(191) Compaction Phase 171.262ms
[12.805s][info][gc,phases,start] GC(191) Post Compact
[12.809s][info][gc,phases      ] GC(191) Post Compact 3.564ms
[12.810s][info][gc,heap        ] GC(191) PSYoungGen: 30848K(77824K)->2079K(77824K) Eden: 0K(30720K)->0K(30720K) From: 30848K(47104K)->2079K(47104K)
[12.810s][info][gc,heap        ] GC(191) ParOldGen: 1846288K(1873408K)->1872944K(2060800K)
[12.810s][info][gc,metaspace   ] GC(191) Metaspace: 6303K(6528K)->6303K(6528K) NonClass: 5770K(5888K)->5770K(5888K) Class: 533K(640K)->533K(640K)
[12.810s][info][gc             ] GC(191) Pause Full (Ergonomics) 1833M->1831M(2088M) 588.067ms
[12.810s][info][gc,cpu         ] GC(191) User=4.25s Sys=0.02s Real=0.59s
[12.846s][info][gc,start       ] GC(192) Pause Young (Allocation Failure)
[12.940s][info][gc,heap        ] GC(192) PSYoungGen: 32799K(77824K)->30880K(81920K) Eden: 30720K(30720K)->0K(33792K) From: 2079K(47104K)->30880K(48128K)
[12.940s][info][gc,heap        ] GC(192) ParOldGen: 1872944K(2060800K)->1875096K(2060800K)
[12.940s][info][gc,metaspace   ] GC(192) Metaspace: 6303K(6528K)->6303K(6528K) NonClass: 5770K(5888K)->5770K(5888K) Class: 533K(640K)->533K(640K)
[12.940s][info][gc             ] GC(192) Pause Young (Allocation Failure) 1861M->1861M(2092M) 94.303ms
[12.940s][info][gc,cpu         ] GC(192) User=0.62s Sys=0.02s Real=0.10s
[12.976s][info][gc,start       ] GC(193) Pause Young (Allocation Failure)
[13.014s][info][gc,heap        ] GC(193) PSYoungGen: 64672K(81920K)->48640K(82432K) Eden: 33792K(33792K)->0K(33792K) From: 30880K(48128K)->48640K(48640K)
[13.014s][info][gc,heap        ] GC(193) ParOldGen: 1875096K(2060800K)->1891232K(2060800K)
[13.014s][info][gc,metaspace   ] GC(193) Metaspace: 6303K(6528K)->6303K(6528K) NonClass: 5770K(5888K)->5770K(5888K) Class: 533K(640K)->533K(640K)
[13.014s][info][gc             ] GC(193) Pause Young (Allocation Failure) 1894M->1894M(2093M) 38.278ms
[13.014s][info][gc,cpu         ] GC(193) User=0.16s Sys=0.00s Real=0.04s
[13.053s][info][gc,start       ] GC(194) Pause Young (Allocation Failure)
[13.099s][info][gc,heap        ] GC(194) PSYoungGen: 82432K(82432K)->33920K(96768K) Eden: 33792K(33792K)->0K(37376K) From: 48640K(48640K)->33920K(59392K)
[13.099s][info][gc,heap        ] GC(194) ParOldGen: 1891232K(2060800K)->1940488K(2060800K)
[13.099s][info][gc,metaspace   ] GC(194) Metaspace: 6303K(6528K)->6303K(6528K) NonClass: 5770K(5888K)->5770K(5888K) Class: 533K(640K)->533K(640K)
[13.099s][info][gc             ] GC(194) Pause Young (Allocation Failure) 1927M->1928M(2107M) 46.275ms
[13.099s][info][gc,cpu         ] GC(194) User=0.25s Sys=0.02s Real=0.05s
[13.146s][info][gc,start       ] GC(195) Pause Young (Allocation Failure)
[13.187s][info][gc,heap        ] GC(195) PSYoungGen: 71296K(96768K)->60416K(97792K) Eden: 37376K(37376K)->0K(37376K) From: 33920K(59392K)->60416K(60416K)
[13.187s][info][gc,heap        ] GC(195) ParOldGen: 1940488K(2060800K)->1951464K(2060800K)
[13.187s][info][gc,metaspace   ] GC(195) Metaspace: 6303K(6528K)->6303K(6528K) NonClass: 5770K(5888K)->5770K(5888K) Class: 533K(640K)->533K(640K)
[13.187s][info][gc             ] GC(195) Pause Young (Allocation Failure) 1964M->1964M(2108M) 41.498ms
[13.187s][info][gc,cpu         ] GC(195) User=0.25s Sys=0.00s Real=0.04s
[13.233s][info][gc,start       ] GC(196) Pause Young (Allocation Failure)
[13.288s][info][gc,heap        ] GC(196) PSYoungGen: 97792K(97792K)->37536K(111104K) Eden: 37376K(37376K)->0K(41472K) From: 60416K(60416K)->37536K(69632K)
[13.288s][info][gc,heap        ] GC(196) ParOldGen: 1951464K(2060800K)->2012648K(2060800K)
[13.288s][info][gc,metaspace   ] GC(196) Metaspace: 6303K(6528K)->6303K(6528K) NonClass: 5770K(5888K)->5770K(5888K) Class: 533K(640K)->533K(640K)
[13.288s][info][gc             ] GC(196) Pause Young (Allocation Failure) 2001M->2002M(2121M) 55.552ms
[13.288s][info][gc,cpu         ] GC(196) User=0.34s Sys=0.03s Real=0.06s
[13.288s][info][gc,start       ] GC(197) Pause Full (Ergonomics)
[13.288s][info][gc,phases,start] GC(197) Marking Phase
[13.761s][info][gc,phases      ] GC(197) Marking Phase 472.589ms
[13.761s][info][gc,phases,start] GC(197) Summary Phase
[13.761s][info][gc,phases      ] GC(197) Summary Phase 0.047ms
[13.761s][info][gc,phases,start] GC(197) Adjust Roots
[13.761s][info][gc,phases      ] GC(197) Adjust Roots 0.164ms
[13.761s][info][gc,phases,start] GC(197) Compaction Phase
[13.928s][info][gc,phases      ] GC(197) Compaction Phase 166.805ms
[13.928s][info][gc,phases,start] GC(197) Post Compact
[13.932s][info][gc,phases      ] GC(197) Post Compact 3.929ms
[13.933s][info][gc,heap        ] GC(197) PSYoungGen: 37536K(111104K)->0K(112640K) Eden: 0K(41472K)->0K(41472K) From: 37536K(69632K)->0K(71168K)
[13.933s][info][gc,heap        ] GC(197) ParOldGen: 2012648K(2060800K)->2047922K(2270720K)
[13.933s][info][gc,metaspace   ] GC(197) Metaspace: 6303K(6528K)->6303K(6528K) NonClass: 5770K(5888K)->5770K(5888K) Class: 533K(640K)->533K(640K)
[13.933s][info][gc             ] GC(197) Pause Full (Ergonomics) 2002M->1999M(2327M) 644.764ms
[13.933s][info][gc,cpu         ] GC(197) User=4.75s Sys=0.02s Real=0.64s
[13.976s][info][gc,start       ] GC(198) Pause Young (Allocation Failure)
[14.004s][info][gc,heap        ] GC(198) PSYoungGen: 41472K(112640K)->41664K(114176K) Eden: 41472K(41472K)->0K(45056K) From: 0K(71168K)->41664K(69120K)
[14.004s][info][gc,heap        ] GC(198) ParOldGen: 2047922K(2270720K)->2047922K(2270720K)
[14.004s][info][gc,metaspace   ] GC(198) Metaspace: 6303K(6528K)->6303K(6528K) NonClass: 5770K(5888K)->5770K(5888K) Class: 533K(640K)->533K(640K)
[14.004s][info][gc             ] GC(198) Pause Young (Allocation Failure) 2040M->2040M(2329M) 28.172ms
[14.004s][info][gc,cpu         ] GC(198) User=0.03s Sys=0.00s Real=0.03s
[14.049s][info][gc,start       ] GC(199) Pause Young (Allocation Failure)
[14.095s][info][gc,heap        ] GC(199) PSYoungGen: 86720K(114176K)->70656K(115712K) Eden: 45056K(45056K)->0K(45056K) From: 41664K(69120K)->70656K(70656K)
[14.095s][info][gc,heap        ] GC(199) ParOldGen: 2047922K(2270720K)->2064122K(2270720K)
[14.095s][info][gc,metaspace   ] GC(199) Metaspace: 6303K(6528K)->6303K(6528K) NonClass: 5770K(5888K)->5770K(5888K) Class: 533K(640K)->533K(640K)
[14.095s][info][gc             ] GC(199) Pause Young (Allocation Failure) 2084M->2084M(2330M) 45.891ms
[14.095s][info][gc,cpu         ] GC(199) User=0.27s Sys=0.00s Real=0.05s
[14.145s][info][gc,start       ] GC(200) Pause Young (Allocation Failure)
[14.208s][info][gc,heap        ] GC(200) PSYoungGen: 115712K(115712K)->81952K(124416K) Eden: 45056K(45056K)->0K(37888K) From: 70656K(70656K)->81952K(86528K)
[14.208s][info][gc,heap        ] GC(200) ParOldGen: 2064122K(2270720K)->2098530K(2270720K)
[14.208s][info][gc,metaspace   ] GC(200) Metaspace: 6303K(6528K)->6303K(6528K) NonClass: 5770K(5888K)->5770K(5888K) Class: 533K(640K)->533K(640K)
[14.208s][info][gc             ] GC(200) Pause Young (Allocation Failure) 2128M->2129M(2339M) 63.132ms
[14.208s][info][gc,cpu         ] GC(200) User=0.47s Sys=0.05s Real=0.06s
[14.255s][info][gc,start       ] GC(201) Pause Young (Allocation Failure)
[14.316s][info][gc,heap        ] GC(201) PSYoungGen: 119840K(124416K)->97792K(135680K) Eden: 37888K(37888K)->0K(37888K) From: 81952K(86528K)->97792K(97792K)
[14.316s][info][gc,heap        ] GC(201) ParOldGen: 2098530K(2270720K)->2120738K(2270720K)
[14.316s][info][gc,metaspace   ] GC(201) Metaspace: 6303K(6528K)->6303K(6528K) NonClass: 5770K(5888K)->5770K(5888K) Class: 533K(640K)->533K(640K)
[14.316s][info][gc             ] GC(201) Pause Young (Allocation Failure) 2166M->2166M(2350M) 60.736ms
[14.316s][info][gc,cpu         ] GC(201) User=0.36s Sys=0.00s Real=0.06s
[14.364s][info][gc,start       ] GC(202) Pause Young (Allocation Failure)
[14.437s][info][gc,heap        ] GC(202) PSYoungGen: 135680K(135680K)->67072K(160256K) Eden: 37888K(37888K)->0K(41984K) From: 97792K(97792K)->67072K(118272K)
[14.437s][info][gc,heap        ] GC(202) ParOldGen: 2120738K(2270720K)->2190410K(2270720K)
[14.437s][info][gc,metaspace   ] GC(202) Metaspace: 6303K(6528K)->6303K(6528K) NonClass: 5770K(5888K)->5770K(5888K) Class: 533K(640K)->533K(640K)
[14.437s][info][gc             ] GC(202) Pause Young (Allocation Failure) 2203M->2204M(2374M) 73.181ms
[14.437s][info][gc,cpu         ] GC(202) User=0.50s Sys=0.00s Real=0.07s
[14.486s][info][gc,start       ] GC(203) Pause Young (Allocation Failure)
[14.541s][info][gc,heap        ] GC(203) PSYoungGen: 109056K(160256K)->109120K(161280K) Eden: 41984K(41984K)->0K(41984K) From: 67072K(118272K)->109120K(119296K)
[14.541s][info][gc,heap        ] GC(203) ParOldGen: 2190410K(2270720K)->2190410K(2270720K)
[14.541s][info][gc,metaspace   ] GC(203) Metaspace: 6303K(6528K)->6303K(6528K) NonClass: 5770K(5888K)->5770K(5888K) Class: 533K(640K)->533K(640K)
[14.541s][info][gc             ] GC(203) Pause Young (Allocation Failure) 2245M->2245M(2375M) 54.608ms
[14.541s][info][gc,cpu         ] GC(203) User=0.39s Sys=0.00s Real=0.06s
[14.592s][info][gc,start       ] GC(204) Pause Young (Allocation Failure)
[14.672s][info][gc,heap        ] GC(204) PSYoungGen: 151104K(161280K)->122208K(163840K) Eden: 41984K(41984K)->0K(30208K) From: 109120K(119296K)->122208K(133632K)
[14.672s][info][gc,heap        ] GC(204) ParOldGen: 2190410K(2270720K)->2219794K(2270720K)
[14.672s][info][gc,metaspace   ] GC(204) Metaspace: 6303K(6528K)->6303K(6528K) NonClass: 5770K(5888K)->5770K(5888K) Class: 533K(640K)->533K(640K)
[14.672s][info][gc             ] GC(204) Pause Young (Allocation Failure) 2286M->2287M(2377M) 79.956ms
[14.672s][info][gc,cpu         ] GC(204) User=0.48s Sys=0.03s Real=0.08s
[14.672s][info][gc,start       ] GC(205) Pause Full (Ergonomics)
[14.672s][info][gc,phases,start] GC(205) Marking Phase
[15.200s][info][gc,phases      ] GC(205) Marking Phase 527.678ms
[15.200s][info][gc,phases,start] GC(205) Summary Phase
[15.200s][info][gc,phases      ] GC(205) Summary Phase 0.042ms
[15.200s][info][gc,phases,start] GC(205) Adjust Roots
[15.200s][info][gc,phases      ] GC(205) Adjust Roots 0.155ms
[15.200s][info][gc,phases,start] GC(205) Compaction Phase
[15.407s][info][gc,phases      ] GC(205) Compaction Phase 206.921ms
[15.407s][info][gc,phases,start] GC(205) Post Compact
[15.412s][info][gc,phases      ] GC(205) Post Compact 4.890ms
[15.413s][info][gc,heap        ] GC(205) PSYoungGen: 122208K(163840K)->68638K(163840K) Eden: 0K(30208K)->0K(30208K) From: 122208K(133632K)->68638K(133632K)
[15.413s][info][gc,heap        ] GC(205) ParOldGen: 2219794K(2270720K)->2270383K(2513920K)
[15.413s][info][gc,metaspace   ] GC(205) Metaspace: 6303K(6528K)->6303K(6528K) NonClass: 5770K(5888K)->5770K(5888K) Class: 533K(640K)->533K(640K)
[15.414s][info][gc             ] GC(205) Pause Full (Ergonomics) 2287M->2284M(2615M) 741.197ms
[15.414s][info][gc,cpu         ] GC(205) User=5.52s Sys=0.02s Real=0.74s
[15.450s][info][gc,start       ] GC(206) Pause Young (Allocation Failure)
[15.608s][info][gc,heap        ] GC(206) PSYoungGen: 98846K(163840K)->80672K(180224K) Eden: 30208K(30208K)->0K(30208K) From: 68638K(133632K)->80672K(150016K)
[15.608s][info][gc,heap        ] GC(206) ParOldGen: 2270383K(2513920K)->2289079K(2513920K)
[15.608s][info][gc,metaspace   ] GC(206) Metaspace: 6303K(6528K)->6303K(6528K) NonClass: 5770K(5888K)->5770K(5888K) Class: 533K(640K)->533K(640K)
[15.608s][info][gc             ] GC(206) Pause Young (Allocation Failure) 2313M->2314M(2631M) 157.905ms
[15.608s][info][gc,cpu         ] GC(206) User=1.00s Sys=0.02s Real=0.16s
[15.642s][info][gc,start       ] GC(207) Pause Young (Allocation Failure)
[15.700s][info][gc,heap        ] GC(207) PSYoungGen: 110880K(180224K)->110944K(172544K) Eden: 30208K(30208K)->0K(25088K) From: 80672K(150016K)->110944K(147456K)
[15.700s][info][gc,heap        ] GC(207) ParOldGen: 2289079K(2513920K)->2289079K(2513920K)
[15.700s][info][gc,metaspace   ] GC(207) Metaspace: 6303K(6528K)->6303K(6528K) NonClass: 5770K(5888K)->5770K(5888K) Class: 533K(640K)->533K(640K)
[15.700s][info][gc             ] GC(207) Pause Young (Allocation Failure) 2343M->2343M(2623M) 58.028ms
[15.700s][info][gc,cpu         ] GC(207) User=0.39s Sys=0.00s Real=0.06s
[15.730s][info][gc,start       ] GC(208) Pause Young (Allocation Failure)
[15.799s][info][gc,heap        ] GC(208) PSYoungGen: 136032K(172544K)->136064K(180736K) Eden: 25088K(25088K)->0K(25088K) From: 110944K(147456K)->136064K(155648K)
[15.799s][info][gc,heap        ] GC(208) ParOldGen: 2289079K(2513920K)->2289079K(2513920K)
[15.799s][info][gc,metaspace   ] GC(208) Metaspace: 6303K(6528K)->6303K(6528K) NonClass: 5770K(5888K)->5770K(5888K) Class: 533K(640K)->533K(640K)
[15.799s][info][gc             ] GC(208) Pause Young (Allocation Failure) 2368M->2368M(2631M) 68.879ms
[15.799s][info][gc,cpu         ] GC(208) User=0.41s Sys=0.00s Real=0.07s
[15.829s][info][gc,start       ] GC(209) Pause Young (Allocation Failure)
[15.916s][info][gc,heap        ] GC(209) PSYoungGen: 161152K(180736K)->135072K(187904K) Eden: 25088K(25088K)->0K(16384K) From: 136064K(155648K)->135072K(171520K)
[15.917s][info][gc,heap        ] GC(209) ParOldGen: 2289079K(2513920K)->2315327K(2513920K)
[15.917s][info][gc,metaspace   ] GC(209) Metaspace: 6303K(6528K)->6303K(6528K) NonClass: 5770K(5888K)->5770K(5888K) Class: 533K(640K)->533K(640K)
[15.917s][info][gc             ] GC(209) Pause Young (Allocation Failure) 2392M->2392M(2638M) 87.237ms
[15.917s][info][gc,cpu         ] GC(209) User=0.53s Sys=0.02s Real=0.09s
[15.936s][info][gc,start       ] GC(210) Pause Young (Allocation Failure)
[16.017s][info][gc,heap        ] GC(210) PSYoungGen: 151456K(187904K)->127200K(199680K) Eden: 16384K(16384K)->0K(16384K) From: 135072K(171520K)->127200K(183296K)
[16.017s][info][gc,heap        ] GC(210) ParOldGen: 2315327K(2513920K)->2339799K(2513920K)
[16.017s][info][gc,metaspace   ] GC(210) Metaspace: 6303K(6528K)->6303K(6528K) NonClass: 5770K(5888K)->5770K(5888K) Class: 533K(640K)->533K(640K)
[16.017s][info][gc             ] GC(210) Pause Young (Allocation Failure) 2408M->2409M(2650M) 81.024ms
[16.017s][info][gc,cpu         ] GC(210) User=0.53s Sys=0.00s Real=0.08s
[16.037s][info][gc,start       ] GC(211) Pause Young (Allocation Failure)
[16.114s][info][gc,heap        ] GC(211) PSYoungGen: 143584K(199680K)->83136K(189440K) Eden: 16384K(16384K)->0K(18944K) From: 127200K(183296K)->83136K(170496K)
[16.114s][info][gc,heap        ] GC(211) ParOldGen: 2339799K(2513920K)->2400735K(2513920K)
[16.114s][info][gc,metaspace   ] GC(211) Metaspace: 6303K(6528K)->6303K(6528K) NonClass: 5770K(5888K)->5770K(5888K) Class: 533K(640K)->533K(640K)
[16.114s][info][gc             ] GC(211) Pause Young (Allocation Failure) 2425M->2425M(2640M) 76.925ms
[16.114s][info][gc,cpu         ] GC(211) User=0.44s Sys=0.06s Real=0.08s
[16.137s][info][gc,start       ] GC(212) Pause Young (Allocation Failure)
[16.192s][info][gc,heap        ] GC(212) PSYoungGen: 102080K(189440K)->51840K(199168K) Eden: 18944K(18944K)->0K(18944K) From: 83136K(170496K)->51840K(180224K)
[16.192s][info][gc,heap        ] GC(212) ParOldGen: 2400735K(2513920K)->2451343K(2513920K)
[16.192s][info][gc,metaspace   ] GC(212) Metaspace: 6303K(6528K)->6303K(6528K) NonClass: 5770K(5888K)->5770K(5888K) Class: 533K(640K)->533K(640K)
[16.192s][info][gc             ] GC(212) Pause Young (Allocation Failure) 2444M->2444M(2649M) 55.509ms
[16.192s][info][gc,cpu         ] GC(212) User=0.36s Sys=0.03s Real=0.06s
[16.192s][info][gc,start       ] GC(213) Pause Full (Ergonomics)
[16.192s][info][gc,phases,start] GC(213) Marking Phase
[16.756s][info][gc,phases      ] GC(213) Marking Phase 563.561ms
[16.756s][info][gc,phases,start] GC(213) Summary Phase
[16.756s][info][gc,phases      ] GC(213) Summary Phase 0.057ms
[16.756s][info][gc,phases,start] GC(213) Adjust Roots
[16.756s][info][gc,phases      ] GC(213) Adjust Roots 0.163ms
[16.756s][info][gc,phases,start] GC(213) Compaction Phase
[16.956s][info][gc,phases      ] GC(213) Compaction Phase 200.070ms
[16.956s][info][gc,phases,start] GC(213) Post Compact
[16.961s][info][gc,phases      ] GC(213) Post Compact 4.354ms
[16.962s][info][gc,heap        ] GC(213) PSYoungGen: 51840K(199168K)->0K(199168K) Eden: 0K(18944K)->0K(22016K) From: 51840K(180224K)->0K(177152K)
[16.962s][info][gc,heap        ] GC(213) ParOldGen: 2451343K(2513920K)->2501102K(2770944K)
[16.962s][info][gc,metaspace   ] GC(213) Metaspace: 6303K(6528K)->6303K(6528K) NonClass: 5770K(5888K)->5770K(5888K) Class: 533K(640K)->533K(640K)
[16.962s][info][gc             ] GC(213) Pause Full (Ergonomics) 2444M->2442M(2900M) 769.396ms
[16.962s][info][gc,cpu         ] GC(213) User=5.67s Sys=0.06s Real=0.77s
[16.989s][info][gc,start       ] GC(214) Pause Young (Allocation Failure)
[17.012s][info][gc,heap        ] GC(214) PSYoungGen: 22016K(199168K)->22144K(199168K) Eden: 22016K(22016K)->0K(22016K) From: 0K(177152K)->22144K(177152K)
[17.012s][info][gc,heap        ] GC(214) ParOldGen: 2501102K(2770944K)->2501102K(2770944K)
[17.012s][info][gc,metaspace   ] GC(214) Metaspace: 6303K(6528K)->6303K(6528K) NonClass: 5770K(5888K)->5770K(5888K) Class: 533K(640K)->533K(640K)
[17.012s][info][gc             ] GC(214) Pause Young (Allocation Failure) 2463M->2464M(2900M) 23.609ms
[17.012s][info][gc,cpu         ] GC(214) User=0.03s Sys=0.00s Real=0.02s
[17.038s][info][gc,start       ] GC(215) Pause Young (Allocation Failure)
[17.068s][info][gc,heap        ] GC(215) PSYoungGen: 44160K(199168K)->44224K(193536K) Eden: 22016K(22016K)->0K(24576K) From: 22144K(177152K)->44224K(168960K)
[17.068s][info][gc,heap        ] GC(215) ParOldGen: 2501102K(2770944K)->2501102K(2770944K)
[17.068s][info][gc,metaspace   ] GC(215) Metaspace: 6303K(6528K)->6303K(6528K) NonClass: 5770K(5888K)->5770K(5888K) Class: 533K(640K)->533K(640K)
[17.068s][info][gc             ] GC(215) Pause Young (Allocation Failure) 2485M->2485M(2895M) 30.465ms
[17.068s][info][gc,cpu         ] GC(215) User=0.06s Sys=0.00s Real=0.03s
[17.095s][info][gc,start       ] GC(216) Pause Young (Allocation Failure)
[17.134s][info][gc,heap        ] GC(216) PSYoungGen: 68800K(193536K)->46720K(71680K) Eden: 24576K(24576K)->0K(24576K) From: 44224K(168960K)->46720K(47104K)
[17.134s][info][gc,heap        ] GC(216) ParOldGen: 2501102K(2770944K)->2523310K(2770944K)
[17.134s][info][gc,metaspace   ] GC(216) Metaspace: 6303K(6528K)->6303K(6528K) NonClass: 5770K(5888K)->5770K(5888K) Class: 533K(640K)->533K(640K)
[17.134s][info][gc             ] GC(216) Pause Young (Allocation Failure) 2509M->2509M(2776M) 38.695ms
[17.134s][info][gc,cpu         ] GC(216) User=0.25s Sys=0.02s Real=0.04s
[17.164s][info][gc,start       ] GC(217) Pause Young (Allocation Failure)
[17.204s][info][gc,heap        ] GC(217) PSYoungGen: 71296K(71680K)->49312K(183808K) Eden: 24576K(24576K)->0K(27648K) From: 46720K(47104K)->49312K(156160K)
[17.204s][info][gc,heap        ] GC(217) ParOldGen: 2523310K(2770944K)->2545526K(2770944K)
[17.204s][info][gc,metaspace   ] GC(217) Metaspace: 6303K(6528K)->6303K(6528K) NonClass: 5770K(5888K)->5770K(5888K) Class: 533K(640K)->533K(640K)
[17.204s][info][gc             ] GC(217) Pause Young (Allocation Failure) 2533M->2534M(2885M) 40.266ms
[17.204s][info][gc,cpu         ] GC(217) User=0.23s Sys=0.02s Real=0.04s
[17.237s][info][gc,start       ] GC(218) Pause Young (Allocation Failure)
[17.279s][info][gc,heap        ] GC(218) PSYoungGen: 76960K(183808K)->52384K(80384K) Eden: 27648K(27648K)->0K(27648K) From: 49312K(156160K)->52384K(52736K)
[17.279s][info][gc,heap        ] GC(218) ParOldGen: 2545526K(2770944K)->2570326K(2770944K)
[17.279s][info][gc,metaspace   ] GC(218) Metaspace: 6303K(6528K)->6303K(6528K) NonClass: 5770K(5888K)->5770K(5888K) Class: 533K(640K)->533K(640K)
[17.279s][info][gc             ] GC(218) Pause Young (Allocation Failure) 2561M->2561M(2784M) 41.904ms
[17.279s][info][gc,cpu         ] GC(218) User=0.33s Sys=0.03s Real=0.04s
[17.313s][info][gc,start       ] GC(219) Pause Young (Allocation Failure)
[17.359s][info][gc,heap        ] GC(219) PSYoungGen: 80032K(80384K)->55488K(173056K) Eden: 27648K(27648K)->0K(31232K) From: 52384K(52736K)->55488K(141824K)
[17.359s][info][gc,heap        ] GC(219) ParOldGen: 2570326K(2770944K)->2595126K(2770944K)
[17.359s][info][gc,metaspace   ] GC(219) Metaspace: 6303K(6528K)->6303K(6528K) NonClass: 5770K(5888K)->5770K(5888K) Class: 533K(640K)->533K(640K)
[17.359s][info][gc             ] GC(219) Pause Young (Allocation Failure) 2588M->2588M(2875M) 45.847ms
[17.359s][info][gc,cpu         ] GC(219) User=0.25s Sys=0.00s Real=0.04s
[17.397s][info][gc,start       ] GC(220) Pause Young (Allocation Failure)
[17.446s][info][gc,heap        ] GC(220) PSYoungGen: 86720K(173056K)->59072K(90624K) Eden: 31232K(31232K)->0K(31232K) From: 55488K(141824K)->59072K(59392K)
[17.446s][info][gc,heap        ] GC(220) ParOldGen: 2595126K(2770944K)->2623022K(2770944K)
[17.446s][info][gc,metaspace   ] GC(220) Metaspace: 6303K(6528K)->6303K(6528K) NonClass: 5770K(5888K)->5770K(5888K) Class: 533K(640K)->533K(640K)
[17.446s][info][gc             ] GC(220) Pause Young (Allocation Failure) 2618M->2619M(2794M) 49.178ms
[17.446s][info][gc,cpu         ] GC(220) User=0.20s Sys=0.06s Real=0.05s
[17.485s][info][gc,start       ] GC(221) Pause Young (Allocation Failure)
[17.536s][info][gc,heap        ] GC(221) PSYoungGen: 90304K(90624K)->62688K(163328K) Eden: 31232K(31232K)->0K(35328K) From: 59072K(59392K)->62688K(128000K)
[17.536s][info][gc,heap        ] GC(221) ParOldGen: 2623022K(2770944K)->2650926K(2770944K)
[17.536s][info][gc,metaspace   ] GC(221) Metaspace: 6303K(6528K)->6303K(6528K) NonClass: 5770K(5888K)->5770K(5888K) Class: 533K(640K)->533K(640K)
[17.536s][info][gc             ] GC(221) Pause Young (Allocation Failure) 2649M->2650M(2865M) 50.815ms
[17.536s][info][gc,cpu         ] GC(221) User=0.27s Sys=0.00s Real=0.05s
[17.573s][info][gc,start       ] GC(222) Pause Young (Allocation Failure)
[17.628s][info][gc,heap        ] GC(222) PSYoungGen: 98016K(163328K)->66784K(102400K) Eden: 35328K(35328K)->0K(35328K) From: 62688K(128000K)->66784K(67072K)
[17.628s][info][gc,heap        ] GC(222) ParOldGen: 2650926K(2770944K)->2682438K(2770944K)
[17.628s][info][gc,metaspace   ] GC(222) Metaspace: 6303K(6528K)->6303K(6528K) NonClass: 5770K(5888K)->5770K(5888K) Class: 533K(640K)->533K(640K)
[17.628s][info][gc             ] GC(222) Pause Young (Allocation Failure) 2684M->2684M(2806M) 54.859ms
[17.628s][info][gc,cpu         ] GC(222) User=0.28s Sys=0.00s Real=0.06s
[17.667s][info][gc,start       ] GC(223) Pause Young (Allocation Failure)
[17.722s][info][gc,heap        ] GC(223) PSYoungGen: 102112K(102400K)->70848K(159744K) Eden: 35328K(35328K)->0K(39424K) From: 66784K(67072K)->70848K(120320K)
[17.722s][info][gc,heap        ] GC(223) ParOldGen: 2682438K(2770944K)->2713950K(2770944K)
[17.722s][info][gc,metaspace   ] GC(223) Metaspace: 6303K(6528K)->6303K(6528K) NonClass: 5770K(5888K)->5770K(5888K) Class: 533K(640K)->533K(640K)
[17.722s][info][gc             ] GC(223) Pause Young (Allocation Failure) 2719M->2719M(2862M) 54.910ms
[17.722s][info][gc,cpu         ] GC(223) User=0.38s Sys=0.00s Real=0.05s
[17.767s][info][gc,start       ] GC(224) Pause Young (Allocation Failure)
[17.825s][info][gc,heap        ] GC(224) PSYoungGen: 110272K(159744K)->74944K(163840K) Eden: 39424K(39424K)->0K(39424K) From: 70848K(120320K)->74944K(124416K)
[17.825s][info][gc,heap        ] GC(224) ParOldGen: 2713950K(2770944K)->2749606K(2770944K)
[17.825s][info][gc,metaspace   ] GC(224) Metaspace: 6303K(6528K)->6303K(6528K) NonClass: 5770K(5888K)->5770K(5888K) Class: 533K(640K)->533K(640K)
[17.825s][info][gc             ] GC(224) Pause Young (Allocation Failure) 2758M->2758M(2866M) 58.504ms
[17.825s][info][gc,cpu         ] GC(224) User=0.28s Sys=0.11s Real=0.06s
[17.825s][info][gc,start       ] GC(225) Pause Full (Ergonomics)
[17.825s][info][gc,phases,start] GC(225) Marking Phase
[18.489s][info][gc,phases      ] GC(225) Marking Phase 663.407ms
[18.489s][info][gc,phases,start] GC(225) Summary Phase
[18.489s][info][gc,phases      ] GC(225) Summary Phase 0.048ms
[18.489s][info][gc,phases,start] GC(225) Adjust Roots
[18.489s][info][gc,phases      ] GC(225) Adjust Roots 0.201ms
[18.489s][info][gc,phases,start] GC(225) Compaction Phase
[18.729s][info][gc,phases      ] GC(225) Compaction Phase 239.383ms
[18.729s][info][gc,phases,start] GC(225) Post Compact
[18.734s][info][gc,phases      ] GC(225) Post Compact 4.936ms
[18.735s][info][gc,heap        ] GC(225) PSYoungGen: 74944K(163840K)->51175K(163840K) Eden: 0K(39424K)->0K(39424K) From: 74944K(124416K)->51175K(124416K)
[18.735s][info][gc,heap        ] GC(225) ParOldGen: 2749606K(2770944K)->2770584K(3043840K)
[18.735s][info][gc,metaspace   ] GC(225) Metaspace: 6303K(6528K)->6303K(6528K) NonClass: 5770K(5888K)->5770K(5888K) Class: 533K(640K)->533K(640K)
[18.735s][info][gc             ] GC(225) Pause Full (Ergonomics) 2758M->2755M(3132M) 909.190ms
[18.735s][info][gc,cpu         ] GC(225) User=6.81s Sys=0.00s Real=0.91s
[19.330s][info][gc,start       ] GC(226) Pause Young (Allocation Failure)
[19.485s][info][gc,heap        ] GC(226) PSYoungGen: 90599K(163840K)->66304K(153088K) Eden: 39424K(39424K)->0K(43520K) From: 51175K(124416K)->66304K(109568K)
[19.485s][info][gc,heap        ] GC(226) ParOldGen: 2901656K(3043840K)->2926480K(3043840K)
[19.485s][info][gc,metaspace   ] GC(226) Metaspace: 6303K(6528K)->6303K(6528K) NonClass: 5770K(5888K)->5770K(5888K) Class: 533K(640K)->533K(640K)
[19.485s][info][gc             ] GC(226) Pause Young (Allocation Failure) 2922M->2922M(3122M) 155.389ms
[19.485s][info][gc,cpu         ] GC(226) User=0.98s Sys=0.00s Real=0.16s
[19.531s][info][gc,start       ] GC(227) Pause Young (Allocation Failure)
[19.595s][info][gc,heap        ] GC(227) PSYoungGen: 109824K(153088K)->109856K(159744K) Eden: 43520K(43520K)->0K(43520K) From: 66304K(109568K)->109856K(116224K)
[19.595s][info][gc,heap        ] GC(227) ParOldGen: 2926480K(3043840K)->2926480K(3043840K)
[19.595s][info][gc,metaspace   ] GC(227) Metaspace: 6303K(6528K)->6303K(6528K) NonClass: 5770K(5888K)->5770K(5888K) Class: 533K(640K)->533K(640K)
[19.595s][info][gc             ] GC(227) Pause Young (Allocation Failure) 2965M->2965M(3128M) 63.326ms
[19.595s][info][gc,cpu         ] GC(227) User=0.30s Sys=0.00s Real=0.06s
[19.642s][info][gc,start       ] GC(228) Pause Young (Allocation Failure)
[19.722s][info][gc,heap        ] GC(228) PSYoungGen: 153376K(159744K)->127488K(150528K) Eden: 43520K(43520K)->0K(23040K) From: 109856K(116224K)->127488K(127488K)
[19.722s][info][gc,heap        ] GC(228) ParOldGen: 2926480K(3043840K)->2952496K(3043840K)
[19.722s][info][gc,metaspace   ] GC(228) Metaspace: 6303K(6528K)->6303K(6528K) NonClass: 5770K(5888K)->5770K(5888K) Class: 533K(640K)->533K(640K)
[19.722s][info][gc             ] GC(228) Pause Young (Allocation Failure) 3007M->3007M(3119M) 79.750ms
[19.722s][info][gc,cpu         ] GC(228) User=0.44s Sys=0.00s Real=0.08s
[19.744s][info][gc,start       ] GC(229) Pause Young (Allocation Failure)
[19.823s][info][gc,heap        ] GC(229) PSYoungGen: 150528K(150528K)->101600K(175616K) Eden: 23040K(23040K)->0K(23040K) From: 127488K(127488K)->101600K(152576K)
[19.823s][info][gc,heap        ] GC(229) ParOldGen: 2952496K(3043840K)->3001960K(3043840K)
[19.823s][info][gc,metaspace   ] GC(229) Metaspace: 6303K(6528K)->6303K(6528K) NonClass: 5770K(5888K)->5770K(5888K) Class: 533K(640K)->533K(640K)
[19.823s][info][gc             ] GC(229) Pause Young (Allocation Failure) 3030M->3030M(3144M) 78.825ms
[19.823s][info][gc,cpu         ] GC(229) User=0.42s Sys=0.02s Real=0.08s
[19.823s][info][gc,start       ] GC(230) Pause Full (Ergonomics)
[19.823s][info][gc,phases,start] GC(230) Marking Phase
[20.498s][info][gc,phases      ] GC(230) Marking Phase 674.902ms
[20.498s][info][gc,phases,start] GC(230) Summary Phase
[20.498s][info][gc,phases      ] GC(230) Summary Phase 0.061ms
[20.498s][info][gc,phases,start] GC(230) Adjust Roots
[20.498s][info][gc,phases      ] GC(230) Adjust Roots 0.162ms
[20.498s][info][gc,phases,start] GC(230) Compaction Phase
[20.967s][info][gc,phases      ] GC(230) Compaction Phase 469.087ms
[20.968s][info][gc,phases,start] GC(230) Post Compact
[20.974s][info][gc,phases      ] GC(230) Post Compact 6.361ms
[20.975s][info][gc,heap        ] GC(230) PSYoungGen: 101600K(175616K)->0K(179200K) Eden: 0K(23040K)->0K(26112K) From: 101600K(152576K)->0K(153088K)
[20.975s][info][gc,heap        ] GC(230) ParOldGen: 3001960K(3043840K)->3036674K(3334144K)
[20.975s][info][gc,metaspace   ] GC(230) Metaspace: 6303K(6528K)->6303K(6528K) NonClass: 5770K(5888K)->5770K(5888K) Class: 533K(640K)->533K(640K)
[20.975s][info][gc             ] GC(230) Pause Full (Ergonomics) 3030M->2965M(3431M) 1151.924ms
[20.975s][info][gc,cpu         ] GC(230) User=8.17s Sys=0.08s Real=1.15s
[21.004s][info][gc,start       ] GC(231) Pause Young (Allocation Failure)
[21.038s][info][gc,heap        ] GC(231) PSYoungGen: 26112K(179200K)->26272K(179200K) Eden: 26112K(26112K)->0K(26112K) From: 0K(153088K)->26272K(153088K)
[21.038s][info][gc,heap        ] GC(231) ParOldGen: 3036674K(3334144K)->3036674K(3334144K)
[21.038s][info][gc,metaspace   ] GC(231) Metaspace: 6303K(6528K)->6303K(6528K) NonClass: 5770K(5888K)->5770K(5888K) Class: 533K(640K)->533K(640K)
[21.038s][info][gc             ] GC(231) Pause Young (Allocation Failure) 2991M->2991M(3431M) 34.810ms
[21.038s][info][gc,cpu         ] GC(231) User=0.06s Sys=0.00s Real=0.04s
[21.062s][info][gc,start       ] GC(232) Pause Young (Allocation Failure)
[21.107s][info][gc,heap        ] GC(232) PSYoungGen: 52384K(179200K)->52384K(176640K) Eden: 26112K(26112K)->0K(29184K) From: 26272K(153088K)->52384K(147456K)
[21.107s][info][gc,heap        ] GC(232) ParOldGen: 3036674K(3334144K)->3036674K(3334144K)
[21.107s][info][gc,metaspace   ] GC(232) Metaspace: 6303K(6528K)->6303K(6528K) NonClass: 5770K(5888K)->5770K(5888K) Class: 533K(640K)->533K(640K)
[21.107s][info][gc             ] GC(232) Pause Young (Allocation Failure) 3016M->3016M(3428M) 44.522ms
[21.107s][info][gc,cpu         ] GC(232) User=0.16s Sys=0.00s Real=0.04s
[21.133s][info][gc,start       ] GC(233) Pause Young (Allocation Failure)
[21.185s][info][gc,heap        ] GC(233) PSYoungGen: 81568K(176640K)->81632K(111104K) Eden: 29184K(29184K)->0K(29184K) From: 52384K(147456K)->81632K(81920K)
[21.185s][info][gc,heap        ] GC(233) ParOldGen: 3036674K(3334144K)->3036674K(3334144K)
[21.185s][info][gc,metaspace   ] GC(233) Metaspace: 6303K(6528K)->6303K(6528K) NonClass: 5770K(5888K)->5770K(5888K) Class: 533K(640K)->533K(640K)
[21.185s][info][gc             ] GC(233) Pause Young (Allocation Failure) 3045M->3045M(3364M) 51.819ms
[21.185s][info][gc,cpu         ] GC(233) User=0.08s Sys=0.00s Real=0.05s
[21.213s][info][gc,start       ] GC(234) Pause Young (Allocation Failure)
[21.275s][info][gc,heap        ] GC(234) PSYoungGen: 110816K(111104K)->84704K(172544K) Eden: 29184K(29184K)->0K(32768K) From: 81632K(81920K)->84704K(139776K)
[21.275s][info][gc,heap        ] GC(234) ParOldGen: 3036674K(3334144K)->3063026K(3334144K)
[21.275s][info][gc,metaspace   ] GC(234) Metaspace: 6303K(6528K)->6303K(6528K) NonClass: 5770K(5888K)->5770K(5888K) Class: 533K(640K)->533K(640K)
[21.275s][info][gc             ] GC(234) Pause Young (Allocation Failure) 3073M->3073M(3424M) 62.327ms
[21.275s][info][gc,cpu         ] GC(234) User=0.17s Sys=0.00s Real=0.06s
[21.312s][info][gc,start       ] GC(235) Pause Young (Allocation Failure)
[21.378s][info][gc,heap        ] GC(235) PSYoungGen: 117472K(172544K)->91360K(176128K) Eden: 32768K(32768K)->0K(32768K) From: 84704K(139776K)->91360K(143360K)
[21.378s][info][gc,heap        ] GC(235) ParOldGen: 3063026K(3334144K)->3089394K(3334144K)
[21.378s][info][gc,metaspace   ] GC(235) Metaspace: 6303K(6528K)->6303K(6528K) NonClass: 5770K(5888K)->5770K(5888K) Class: 533K(640K)->533K(640K)
[21.378s][info][gc             ] GC(235) Pause Young (Allocation Failure) 3105M->3106M(3428M) 66.358ms
[21.378s][info][gc,cpu         ] GC(235) User=0.30s Sys=0.02s Real=0.07s
[21.416s][info][gc,start       ] GC(236) Pause Young (Allocation Failure)
[21.483s][info][gc,heap        ] GC(236) PSYoungGen: 124128K(176128K)->65728K(169984K) Eden: 32768K(32768K)->0K(36864K) From: 91360K(143360K)->65728K(133120K)
[21.483s][info][gc,heap        ] GC(236) ParOldGen: 3089394K(3334144K)->3148258K(3334144K)
[21.483s][info][gc,metaspace   ] GC(236) Metaspace: 6303K(6528K)->6303K(6528K) NonClass: 5770K(5888K)->5770K(5888K) Class: 533K(640K)->533K(640K)
[21.483s][info][gc             ] GC(236) Pause Young (Allocation Failure) 3138M->3138M(3422M) 67.469ms
[21.483s][info][gc,cpu         ] GC(236) User=0.38s Sys=0.02s Real=0.07s
[21.525s][info][gc,start       ] GC(237) Pause Young (Allocation Failure)
[21.588s][info][gc,heap        ] GC(237) PSYoungGen: 102592K(169984K)->37056K(174592K) Eden: 36864K(36864K)->0K(36864K) From: 65728K(133120K)->37056K(137728K)
[21.588s][info][gc,heap        ] GC(237) ParOldGen: 3148258K(3334144K)->3214354K(3334144K)
[21.588s][info][gc,metaspace   ] GC(237) Metaspace: 6303K(6528K)->6303K(6528K) NonClass: 5770K(5888K)->5770K(5888K) Class: 533K(640K)->533K(640K)
[21.588s][info][gc             ] GC(237) Pause Young (Allocation Failure) 3174M->3175M(3426M) 62.853ms
[21.588s][info][gc,cpu         ] GC(237) User=0.16s Sys=0.05s Real=0.06s
[21.626s][info][gc,start       ] GC(238) Pause Young (Allocation Failure)
[21.678s][info][gc,heap        ] GC(238) PSYoungGen: 73920K(174592K)->37088K(178176K) Eden: 36864K(36864K)->0K(41472K) From: 37056K(137728K)->37088K(136704K)
[21.678s][info][gc,heap        ] GC(238) ParOldGen: 3214354K(3334144K)->3251538K(3334144K)
[21.678s][info][gc,metaspace   ] GC(238) Metaspace: 6303K(6528K)->6303K(6528K) NonClass: 5770K(5888K)->5770K(5888K) Class: 533K(640K)->533K(640K)
[21.678s][info][gc             ] GC(238) Pause Young (Allocation Failure) 3211M->3211M(3430M) 52.177ms
[21.678s][info][gc,cpu         ] GC(238) User=0.16s Sys=0.00s Real=0.05s
[21.718s][info][gc,start       ] GC(239) Pause Young (Allocation Failure)
[21.771s][info][gc,heap        ] GC(239) PSYoungGen: 78560K(178176K)->41632K(179200K) Eden: 41472K(41472K)->0K(41472K) From: 37088K(136704K)->41632K(137728K)
[21.771s][info][gc,heap        ] GC(239) ParOldGen: 3251538K(3334144K)->3288746K(3334144K)
[21.771s][info][gc,metaspace   ] GC(239) Metaspace: 6303K(6528K)->6303K(6528K) NonClass: 5770K(5888K)->5770K(5888K) Class: 533K(640K)->533K(640K)
[21.771s][info][gc             ] GC(239) Pause Young (Allocation Failure) 3252M->3252M(3431M) 52.450ms
[21.771s][info][gc,cpu         ] GC(239) User=0.27s Sys=0.00s Real=0.05s
[21.771s][info][gc,start       ] GC(240) Pause Full (Ergonomics)
[21.771s][info][gc,phases,start] GC(240) Marking Phase
[22.525s][info][gc,phases      ] GC(240) Marking Phase 754.342ms
[22.525s][info][gc,phases,start] GC(240) Summary Phase
[22.525s][info][gc,phases      ] GC(240) Summary Phase 0.090ms
[22.525s][info][gc,phases,start] GC(240) Adjust Roots
[22.526s][info][gc,phases      ] GC(240) Adjust Roots 0.162ms
[22.526s][info][gc,phases,start] GC(240) Compaction Phase
[22.853s][info][gc,phases      ] GC(240) Compaction Phase 327.319ms
[22.853s][info][gc,phases,start] GC(240) Post Compact
[22.859s][info][gc,phases      ] GC(240) Post Compact 6.002ms
[22.860s][info][gc,heap        ] GC(240) PSYoungGen: 41632K(179200K)->0K(181760K) Eden: 0K(41472K)->0K(46592K) From: 41632K(137728K)->0K(135168K)
[22.860s][info][gc,heap        ] GC(240) ParOldGen: 3288746K(3334144K)->3327728K(3666432K)
[22.860s][info][gc,metaspace   ] GC(240) Metaspace: 6303K(6528K)->6303K(6528K) NonClass: 5770K(5888K)->5770K(5888K) Class: 533K(640K)->533K(640K)
[22.860s][info][gc             ] GC(240) Pause Full (Ergonomics) 3252M->3249M(3758M) 1089.314ms
[22.860s][info][gc,cpu         ] GC(240) User=7.80s Sys=0.02s Real=1.09s
[22.909s][info][gc,start       ] GC(241) Pause Young (Allocation Failure)
[22.955s][info][gc,heap        ] GC(241) PSYoungGen: 46592K(181760K)->46816K(181760K) Eden: 46592K(46592K)->0K(46592K) From: 0K(135168K)->46816K(135168K)
[22.955s][info][gc,heap        ] GC(241) ParOldGen: 3327728K(3666432K)->3327728K(3666432K)
[22.955s][info][gc,metaspace   ] GC(241) Metaspace: 6303K(6528K)->6303K(6528K) NonClass: 5770K(5888K)->5770K(5888K) Class: 533K(640K)->533K(640K)
[22.955s][info][gc             ] GC(241) Pause Young (Allocation Failure) 3295M->3295M(3758M) 45.499ms
[22.955s][info][gc,cpu         ] GC(241) User=0.06s Sys=0.00s Real=0.04s
[23.007s][info][gc,start       ] GC(242) Pause Young (Allocation Failure)
[23.066s][info][gc,heap        ] GC(242) PSYoungGen: 93408K(181760K)->93472K(178688K) Eden: 46592K(46592K)->0K(47104K) From: 46816K(135168K)->93472K(131584K)
[23.066s][info][gc,heap        ] GC(242) ParOldGen: 3327728K(3666432K)->3327728K(3666432K)
[23.066s][info][gc,metaspace   ] GC(242) Metaspace: 6303K(6528K)->6303K(6528K) NonClass: 5770K(5888K)->5770K(5888K) Class: 533K(640K)->533K(640K)
[23.066s][info][gc             ] GC(242) Pause Young (Allocation Failure) 3340M->3341M(3755M) 58.644ms
[23.066s][info][gc,cpu         ] GC(242) User=0.17s Sys=0.00s Real=0.06s
[23.117s][info][gc,start       ] GC(243) Pause Young (Allocation Failure)
[23.190s][info][gc,heap        ] GC(243) PSYoungGen: 140576K(178688K)->135680K(182784K) Eden: 47104K(47104K)->0K(47104K) From: 93472K(131584K)->135680K(135680K)
[23.190s][info][gc,heap        ] GC(243) ParOldGen: 3327728K(3666432K)->3332592K(3666432K)
[23.190s][info][gc,metaspace   ] GC(243) Metaspace: 6303K(6528K)->6303K(6528K) NonClass: 5770K(5888K)->5770K(5888K) Class: 533K(640K)->533K(640K)
[23.190s][info][gc             ] GC(243) Pause Young (Allocation Failure) 3387M->3386M(3759M) 72.804ms
[23.190s][info][gc,cpu         ] GC(243) User=0.39s Sys=0.00s Real=0.07s
[23.234s][info][gc,start       ] GC(244) Pause Young (Allocation Failure)
[23.324s][info][gc,heap        ] GC(244) PSYoungGen: 182784K(182784K)->93760K(207360K) Eden: 47104K(47104K)->0K(52736K) From: 135680K(135680K)->93760K(154624K)
[23.324s][info][gc,heap        ] GC(244) ParOldGen: 3332592K(3666432K)->3422512K(3666432K)
[23.324s][info][gc,metaspace   ] GC(244) Metaspace: 6303K(6528K)->6303K(6528K) NonClass: 5770K(5888K)->5770K(5888K) Class: 533K(640K)->533K(640K)
[23.324s][info][gc             ] GC(244) Pause Young (Allocation Failure) 3432M->3433M(3783M) 89.865ms
[23.324s][info][gc,cpu         ] GC(244) User=0.56s Sys=0.06s Real=0.09s
[23.380s][info][gc,start       ] GC(245) Pause Young (Allocation Failure)
[23.454s][info][gc,heap        ] GC(245) PSYoungGen: 146496K(207360K)->100128K(207872K) Eden: 52736K(52736K)->0K(52736K) From: 93760K(154624K)->100128K(155136K)
[23.454s][info][gc,heap        ] GC(245) ParOldGen: 3422512K(3666432K)->3469272K(3666432K)
[23.454s][info][gc,metaspace   ] GC(245) Metaspace: 6303K(6528K)->6303K(6528K) NonClass: 5770K(5888K)->5770K(5888K) Class: 533K(640K)->533K(640K)
[23.454s][info][gc             ] GC(245) Pause Young (Allocation Failure) 3485M->3485M(3783M) 73.452ms
[23.454s][info][gc,cpu         ] GC(245) User=0.41s Sys=0.03s Real=0.07s
[23.509s][info][gc,start       ] GC(246) Pause Young (Allocation Failure)
[23.585s][info][gc,heap        ] GC(246) PSYoungGen: 152864K(207872K)->105792K(212480K) Eden: 52736K(52736K)->0K(56320K) From: 100128K(155136K)->105792K(156160K)
[23.585s][info][gc,heap        ] GC(246) ParOldGen: 3469272K(3666432K)->3516808K(3666432K)
[23.585s][info][gc,metaspace   ] GC(246) Metaspace: 6303K(6528K)->6303K(6528K) NonClass: 5770K(5888K)->5770K(5888K) Class: 533K(640K)->533K(640K)
[23.585s][info][gc             ] GC(246) Pause Young (Allocation Failure) 3537M->3537M(3788M) 76.184ms
[23.585s][info][gc,cpu         ] GC(246) User=0.48s Sys=0.02s Real=0.08s
[23.648s][info][gc,start       ] GC(247) Pause Young (Allocation Failure)
[23.729s][info][gc,heap        ] GC(247) PSYoungGen: 162112K(212480K)->109344K(215040K) Eden: 56320K(56320K)->0K(56320K) From: 105792K(156160K)->109344K(158720K)
[23.729s][info][gc,heap        ] GC(247) ParOldGen: 3516808K(3666432K)->3570008K(3666432K)
[23.729s][info][gc,metaspace   ] GC(247) Metaspace: 6303K(6528K)->6303K(6528K) NonClass: 5770K(5888K)->5770K(5888K) Class: 533K(640K)->533K(640K)
[23.729s][info][gc             ] GC(247) Pause Young (Allocation Failure) 3592M->3593M(3790M) 80.853ms
[23.729s][info][gc,cpu         ] GC(247) User=0.45s Sys=0.06s Real=0.08s
[23.786s][info][gc,start       ] GC(248) Pause Young (Allocation Failure)
[23.868s][info][gc,heap        ] GC(248) PSYoungGen: 165664K(215040K)->112960K(221184K) Eden: 56320K(56320K)->0K(59904K) From: 109344K(158720K)->112960K(161280K)
[23.868s][info][gc,heap        ] GC(248) ParOldGen: 3570008K(3666432K)->3623208K(3666432K)
[23.868s][info][gc,metaspace   ] GC(248) Metaspace: 6303K(6528K)->6303K(6528K) NonClass: 5770K(5888K)->5770K(5888K) Class: 533K(640K)->533K(640K)
[23.868s][info][gc             ] GC(248) Pause Young (Allocation Failure) 3648M->3648M(3796M) 82.011ms
[23.868s][info][gc,cpu         ] GC(248) User=0.52s Sys=0.02s Real=0.08s
[23.868s][info][gc,start       ] GC(249) Pause Full (Ergonomics)
[23.868s][info][gc,phases,start] GC(249) Marking Phase
[24.698s][info][gc,phases      ] GC(249) Marking Phase 829.830ms
[24.698s][info][gc,phases,start] GC(249) Summary Phase
[24.698s][info][gc,phases      ] GC(249) Summary Phase 0.046ms
[24.698s][info][gc,phases,start] GC(249) Adjust Roots
[24.698s][info][gc,phases      ] GC(249) Adjust Roots 0.162ms
[24.698s][info][gc,phases,start] GC(249) Compaction Phase
[25.499s][info][gc,phases      ] GC(249) Compaction Phase 801.182ms
[25.499s][info][gc,phases,start] GC(249) Post Compact
[25.506s][info][gc,phases      ] GC(249) Post Compact 7.020ms
[25.508s][info][gc,heap        ] GC(249) PSYoungGen: 112960K(221184K)->66580K(221184K) Eden: 0K(59904K)->0K(59904K) From: 112960K(161280K)->66580K(161280K)
[25.508s][info][gc,heap        ] GC(249) ParOldGen: 3623208K(3666432K)->3666400K(4056576K)
[25.508s][info][gc,metaspace   ] GC(249) Metaspace: 6303K(6528K)->6303K(6528K) NonClass: 5770K(5888K)->5770K(5888K) Class: 533K(640K)->533K(640K)
[25.508s][info][gc             ] GC(249) Pause Full (Ergonomics) 3648M->3645M(4177M) 1639.880ms
[25.508s][info][gc,cpu         ] GC(249) User=11.70s Sys=0.02s Real=1.64s
[25.565s][info][gc,start       ] GC(250) Pause Young (Allocation Failure)
[25.778s][info][gc,heap        ] GC(250) PSYoungGen: 126484K(221184K)->96032K(224256K) Eden: 59904K(59904K)->0K(59904K) From: 66580K(161280K)->96032K(164352K)
[25.778s][info][gc,heap        ] GC(250) ParOldGen: 3666400K(4056576K)->3697456K(4056576K)
[25.778s][info][gc,metaspace   ] GC(250) Metaspace: 6303K(6528K)->6303K(6528K) NonClass: 5770K(5888K)->5770K(5888K) Class: 533K(640K)->533K(640K)
[25.778s][info][gc             ] GC(250) Pause Young (Allocation Failure) 3703M->3704M(4180M) 212.878ms
[25.778s][info][gc,cpu         ] GC(250) User=1.64s Sys=0.00s Real=0.21s
[25.839s][info][gc,start       ] GC(251) Pause Young (Allocation Failure)
[25.919s][info][gc,heap        ] GC(251) PSYoungGen: 155936K(224256K)->156096K(207360K) Eden: 59904K(59904K)->0K(47616K) From: 96032K(164352K)->156096K(159744K)
[25.919s][info][gc,heap        ] GC(251) ParOldGen: 3697456K(4056576K)->3697456K(4056576K)
[25.919s][info][gc,metaspace   ] GC(251) Metaspace: 6303K(6528K)->6303K(6528K) NonClass: 5770K(5888K)->5770K(5888K) Class: 533K(640K)->533K(640K)
[25.919s][info][gc             ] GC(251) Pause Young (Allocation Failure) 3763M->3763M(4164M) 80.560ms
[25.919s][info][gc,cpu         ] GC(251) User=0.53s Sys=0.00s Real=0.08s
[25.971s][info][gc,start       ] GC(252) Pause Young (Allocation Failure)
[26.067s][info][gc,heap        ] GC(252) PSYoungGen: 203712K(207360K)->177664K(225280K) Eden: 47616K(47616K)->0K(47616K) From: 156096K(159744K)->177664K(177664K)
[26.067s][info][gc,heap        ] GC(252) ParOldGen: 3697456K(4056576K)->3723624K(4056576K)
[26.067s][info][gc,metaspace   ] GC(252) Metaspace: 6303K(6528K)->6303K(6528K) NonClass: 5770K(5888K)->5770K(5888K) Class: 533K(640K)->533K(640K)
[26.067s][info][gc             ] GC(252) Pause Young (Allocation Failure) 3809M->3809M(4181M) 96.310ms
[26.067s][info][gc,cpu         ] GC(252) User=0.64s Sys=0.00s Real=0.10s
[26.114s][info][gc,start       ] GC(253) Pause Young (Allocation Failure)
[26.231s][info][gc,heap        ] GC(253) PSYoungGen: 225280K(225280K)->147616K(257536K) Eden: 47616K(47616K)->0K(47616K) From: 177664K(177664K)->147616K(209920K)
[26.231s][info][gc,heap        ] GC(253) ParOldGen: 3723624K(4056576K)->3802088K(4056576K)
[26.231s][info][gc,metaspace   ] GC(253) Metaspace: 6303K(6528K)->6303K(6528K) NonClass: 5770K(5888K)->5770K(5888K) Class: 533K(640K)->533K(640K)
[26.231s][info][gc             ] GC(253) Pause Young (Allocation Failure) 3856M->3857M(4213M) 116.468ms
[26.231s][info][gc,cpu         ] GC(253) User=0.81s Sys=0.06s Real=0.12s
[26.279s][info][gc,start       ] GC(254) Pause Young (Allocation Failure)
[26.387s][info][gc,heap        ] GC(254) PSYoungGen: 195232K(257536K)->136224K(262656K) Eden: 47616K(47616K)->0K(47616K) From: 147616K(209920K)->136224K(215040K)
[26.387s][info][gc,heap        ] GC(254) ParOldGen: 3802088K(4056576K)->3861536K(4056576K)
[26.387s][info][gc,metaspace   ] GC(254) Metaspace: 6303K(6528K)->6303K(6528K) NonClass: 5770K(5888K)->5770K(5888K) Class: 533K(640K)->533K(640K)
[26.387s][info][gc             ] GC(254) Pause Young (Allocation Failure) 3903M->3904M(4218M) 107.846ms
[26.387s][info][gc,cpu         ] GC(254) User=0.73s Sys=0.00s Real=0.11s
[26.437s][info][gc,start       ] GC(255) Pause Young (Allocation Failure)
[26.530s][info][gc,heap        ] GC(255) PSYoungGen: 183840K(262656K)->143232K(267264K) Eden: 47616K(47616K)->0K(52736K) From: 136224K(215040K)->143232K(214528K)
[26.530s][info][gc,heap        ] GC(255) ParOldGen: 3861536K(4056576K)->3902576K(4056576K)
[26.530s][info][gc,metaspace   ] GC(255) Metaspace: 6303K(6528K)->6303K(6528K) NonClass: 5770K(5888K)->5770K(5888K) Class: 533K(640K)->533K(640K)
[26.530s][info][gc             ] GC(255) Pause Young (Allocation Failure) 3950M->3950M(4222M) 92.891ms
[26.530s][info][gc,cpu         ] GC(255) User=0.64s Sys=0.00s Real=0.09s
[26.592s][info][gc,start       ] GC(256) Pause Young (Allocation Failure)
[26.690s][info][gc,heap        ] GC(256) PSYoungGen: 195968K(267264K)->148288K(268288K) Eden: 52736K(52736K)->0K(52736K) From: 143232K(214528K)->148288K(215552K)
[26.690s][info][gc,heap        ] GC(256) ParOldGen: 3902576K(4056576K)->3950624K(4056576K)
[26.690s][info][gc,metaspace   ] GC(256) Metaspace: 6303K(6528K)->6303K(6528K) NonClass: 5770K(5888K)->5770K(5888K) Class: 533K(640K)->533K(640K)
[26.690s][info][gc             ] GC(256) Pause Young (Allocation Failure) 4002M->4002M(4223M) 97.595ms
[26.690s][info][gc,cpu         ] GC(256) User=0.66s Sys=0.00s Real=0.10s
[26.747s][info][gc,start       ] GC(257) Pause Young (Allocation Failure)
[26.847s][info][gc,heap        ] GC(257) PSYoungGen: 201024K(268288K)->153440K(273920K) Eden: 52736K(52736K)->0K(56320K) From: 148288K(215552K)->153440K(217600K)
[26.847s][info][gc,heap        ] GC(257) ParOldGen: 3950624K(4056576K)->3998680K(4056576K)
[26.847s][info][gc,metaspace   ] GC(257) Metaspace: 6303K(6528K)->6303K(6528K) NonClass: 5770K(5888K)->5770K(5888K) Class: 533K(640K)->533K(640K)
[26.847s][info][gc             ] GC(257) Pause Young (Allocation Failure) 4054M->4054M(4229M) 99.658ms
[26.847s][info][gc,cpu         ] GC(257) User=0.58s Sys=0.05s Real=0.10s
[26.847s][info][gc,start       ] GC(258) Pause Full (Ergonomics)
[26.847s][info][gc,phases,start] GC(258) Marking Phase
[27.826s][info][gc,phases      ] GC(258) Marking Phase 979.160ms
[27.826s][info][gc,phases,start] GC(258) Summary Phase
[27.826s][info][gc,phases      ] GC(258) Summary Phase 0.064ms
[27.826s][info][gc,phases,start] GC(258) Adjust Roots
[27.827s][info][gc,phases      ] GC(258) Adjust Roots 0.221ms
[27.827s][info][gc,phases,start] GC(258) Compaction Phase
[28.263s][info][gc,phases      ] GC(258) Compaction Phase 435.965ms
[28.263s][info][gc,phases,start] GC(258) Post Compact
[28.271s][info][gc,phases      ] GC(258) Post Compact 8.022ms
[28.272s][info][gc,heap        ] GC(258) PSYoungGen: 153440K(273920K)->92175K(273920K) Eden: 0K(56320K)->0K(56320K) From: 153440K(217600K)->92175K(217600K)
[28.272s][info][gc,heap        ] GC(258) ParOldGen: 3998680K(4056576K)->4056306K(4476416K)
[28.272s][info][gc,metaspace   ] GC(258) Metaspace: 6303K(6528K)->6303K(6528K) NonClass: 5770K(5888K)->5770K(5888K) Class: 533K(640K)->533K(640K)
[28.272s][info][gc             ] GC(258) Pause Full (Ergonomics) 4054M->4051M(4639M) 1425.142ms
[28.272s][info][gc,cpu         ] GC(258) User=9.84s Sys=0.06s Real=1.43s
[28.331s][info][gc,start       ] GC(259) Pause Young (Allocation Failure)
[28.615s][info][gc,heap        ] GC(259) PSYoungGen: 148495K(273920K)->87232K(276992K) Eden: 56320K(56320K)->0K(56320K) From: 92175K(217600K)->87232K(220672K)
[28.615s][info][gc,heap        ] GC(259) ParOldGen: 4056306K(4476416K)->4118466K(4476416K)
[28.615s][info][gc,metaspace   ] GC(259) Metaspace: 6303K(6528K)->6303K(6528K) NonClass: 5770K(5888K)->5770K(5888K) Class: 533K(640K)->533K(640K)
[28.615s][info][gc             ] GC(259) Pause Young (Allocation Failure) 4106M->4107M(4642M) 283.601ms
[28.615s][info][gc,cpu         ] GC(259) User=1.81s Sys=0.08s Real=0.28s
[28.682s][info][gc,start       ] GC(260) Pause Young (Allocation Failure)
[28.775s][info][gc,heap        ] GC(260) PSYoungGen: 143552K(276992K)->112960K(261632K) Eden: 56320K(56320K)->0K(62464K) From: 87232K(220672K)->112960K(199168K)
[28.776s][info][gc,heap        ] GC(260) ParOldGen: 4118466K(4476416K)->4149394K(4476416K)
[28.776s][info][gc,metaspace   ] GC(260) Metaspace: 6303K(6528K)->6303K(6528K) NonClass: 5770K(5888K)->5770K(5888K) Class: 533K(640K)->533K(640K)
[28.776s][info][gc             ] GC(260) Pause Young (Allocation Failure) 4162M->4162M(4627M) 93.507ms
[28.776s][info][gc,cpu         ] GC(260) User=0.50s Sys=0.03s Real=0.09s
[28.854s][info][gc,start       ] GC(261) Pause Young (Allocation Failure)
[28.970s][info][gc,heap        ] GC(261) PSYoungGen: 175424K(261632K)->119072K(181760K) Eden: 62464K(62464K)->0K(62464K) From: 112960K(199168K)->119072K(119296K)
[28.970s][info][gc,heap        ] GC(261) ParOldGen: 4149394K(4476416K)->4206218K(4476416K)
[28.970s][info][gc,metaspace   ] GC(261) Metaspace: 6303K(6528K)->6303K(6528K) NonClass: 5770K(5888K)->5770K(5888K) Class: 533K(640K)->533K(640K)
[28.970s][info][gc             ] GC(261) Pause Young (Allocation Failure) 4223M->4223M(4549M) 115.833ms
[28.970s][info][gc,cpu         ] GC(261) User=0.59s Sys=0.02s Real=0.12s
[29.045s][info][gc,start       ] GC(262) Pause Young (Allocation Failure)
[29.152s][info][gc,heap        ] GC(262) PSYoungGen: 181536K(181760K)->125248K(258560K) Eden: 62464K(62464K)->0K(69632K) From: 119072K(119296K)->125248K(188928K)
[29.152s][info][gc,heap        ] GC(262) ParOldGen: 4206218K(4476416K)->4263042K(4476416K)
[29.152s][info][gc,metaspace   ] GC(262) Metaspace: 6303K(6528K)->6303K(6528K) NonClass: 5770K(5888K)->5770K(5888K) Class: 533K(640K)->533K(640K)
[29.152s][info][gc             ] GC(262) Pause Young (Allocation Failure) 4284M->4285M(4624M) 107.764ms
[29.152s][info][gc,cpu         ] GC(262) User=0.58s Sys=0.08s Real=0.11s
[29.223s][info][gc,start       ] GC(263) Pause Young (Allocation Failure)
[29.335s][info][gc,heap        ] GC(263) PSYoungGen: 194880K(258560K)->132416K(263680K) Eden: 69632K(69632K)->0K(69632K) From: 125248K(188928K)->132416K(194048K)
[29.335s][info][gc,heap        ] GC(263) ParOldGen: 4263042K(4476416K)->4326058K(4476416K)
[29.335s][info][gc,metaspace   ] GC(263) Metaspace: 6303K(6528K)->6303K(6528K) NonClass: 5770K(5888K)->5770K(5888K) Class: 533K(640K)->533K(640K)
[29.335s][info][gc             ] GC(263) Pause Young (Allocation Failure) 4353M->4353M(4629M) 112.902ms
[29.335s][info][gc,cpu         ] GC(263) User=0.75s Sys=0.06s Real=0.11s
[29.408s][info][gc,start       ] GC(264) Pause Young (Allocation Failure)
[29.526s][info][gc,heap        ] GC(264) PSYoungGen: 202048K(263680K)->139648K(269312K) Eden: 69632K(69632K)->0K(77824K) From: 132416K(194048K)->139648K(191488K)
[29.526s][info][gc,heap        ] GC(264) ParOldGen: 4326058K(4476416K)->4389098K(4476416K)
[29.526s][info][gc,metaspace   ] GC(264) Metaspace: 6303K(6528K)->6303K(6528K) NonClass: 5770K(5888K)->5770K(5888K) Class: 533K(640K)->533K(640K)
[29.526s][info][gc             ] GC(264) Pause Young (Allocation Failure) 4421M->4422M(4634M) 117.846ms
[29.526s][info][gc,cpu         ] GC(264) User=0.72s Sys=0.03s Real=0.12s
[29.526s][info][gc,start       ] GC(265) Pause Full (Ergonomics)
[29.526s][info][gc,phases,start] GC(265) Marking Phase
[30.567s][info][gc,phases      ] GC(265) Marking Phase 1040.591ms
[30.567s][info][gc,phases,start] GC(265) Summary Phase
[30.567s][info][gc,phases      ] GC(265) Summary Phase 0.075ms
[30.567s][info][gc,phases,start] GC(265) Adjust Roots
[30.567s][info][gc,phases      ] GC(265) Adjust Roots 0.212ms
[30.567s][info][gc,phases,start] GC(265) Compaction Phase
[30.976s][info][gc,phases      ] GC(265) Compaction Phase 408.651ms
[30.976s][info][gc,phases,start] GC(265) Post Compact
[30.983s][info][gc,phases      ] GC(265) Post Compact 6.870ms
[30.984s][info][gc,heap        ] GC(265) PSYoungGen: 139648K(269312K)->48766K(269312K) Eden: 0K(77824K)->0K(77824K) From: 139648K(191488K)->48766K(191488K)
[30.984s][info][gc,heap        ] GC(265) ParOldGen: 4389098K(4476416K)->4476365K(4940288K)
[30.984s][info][gc,metaspace   ] GC(265) Metaspace: 6303K(6528K)->6303K(6528K) NonClass: 5770K(5888K)->5770K(5888K) Class: 533K(640K)->533K(640K)
[30.984s][info][gc             ] GC(265) Pause Full (Ergonomics) 4422M->4419M(5087M) 1458.184ms
[30.984s][info][gc,cpu         ] GC(265) User=10.67s Sys=0.05s Real=1.46s
[31.079s][info][gc,start       ] GC(266) Pause Young (Allocation Failure)
[31.345s][info][gc,heap        ] GC(266) PSYoungGen: 126590K(269312K)->105024K(269312K) Eden: 77824K(77824K)->0K(77824K) From: 48766K(191488K)->105024K(191488K)
[31.345s][info][gc,heap        ] GC(266) ParOldGen: 4476365K(4940288K)->4498477K(4940288K)
[31.345s][info][gc,metaspace   ] GC(266) Metaspace: 6303K(6528K)->6303K(6528K) NonClass: 5770K(5888K)->5770K(5888K) Class: 533K(640K)->533K(640K)
[31.345s][info][gc             ] GC(266) Pause Young (Allocation Failure) 4495M->4495M(5087M) 266.254ms
[31.345s][info][gc,cpu         ] GC(266) User=1.75s Sys=0.02s Real=0.27s
[31.431s][info][gc,start       ] GC(267) Pause Young (Allocation Failure)
[31.535s][info][gc,heap        ] GC(267) PSYoungGen: 182848K(269312K)->183008K(256512K) Eden: 77824K(77824K)->0K(69120K) From: 105024K(191488K)->183008K(187392K)
[31.535s][info][gc,heap        ] GC(267) ParOldGen: 4498477K(4940288K)->4498477K(4940288K)
[31.535s][info][gc,metaspace   ] GC(267) Metaspace: 6303K(6528K)->6303K(6528K) NonClass: 5770K(5888K)->5770K(5888K) Class: 533K(640K)->533K(640K)
[31.535s][info][gc             ] GC(267) Pause Young (Allocation Failure) 4571M->4571M(5075M) 103.666ms
[31.535s][info][gc,cpu         ] GC(267) User=0.66s Sys=0.00s Real=0.10s
[31.608s][info][gc,start       ] GC(268) Pause Young (Allocation Failure)
[31.744s][info][gc,heap        ] GC(268) PSYoungGen: 252128K(256512K)->203776K(272896K) Eden: 69120K(69120K)->0K(69120K) From: 183008K(187392K)->203776K(203776K)
[31.744s][info][gc,heap        ] GC(268) ParOldGen: 4498477K(4940288K)->4547181K(4940288K)
[31.744s][info][gc,metaspace   ] GC(268) Metaspace: 6303K(6528K)->6303K(6528K) NonClass: 5770K(5888K)->5770K(5888K) Class: 533K(640K)->533K(640K)
[31.744s][info][gc             ] GC(268) Pause Young (Allocation Failure) 4639M->4639M(5091M) 135.426ms
[31.744s][info][gc,cpu         ] GC(268) User=0.89s Sys=0.00s Real=0.13s
[31.825s][info][gc,start       ] GC(269) Pause Young (Allocation Failure)
[31.976s][info][gc,heap        ] GC(269) PSYoungGen: 272896K(272896K)->188800K(311296K) Eden: 69120K(69120K)->0K(68608K) From: 203776K(203776K)->188800K(242688K)
[31.976s][info][gc,heap        ] GC(269) ParOldGen: 4547181K(4940288K)->4632149K(4940288K)
[31.976s][info][gc,metaspace   ] GC(269) Metaspace: 6303K(6528K)->6303K(6528K) NonClass: 5770K(5888K)->5770K(5888K) Class: 533K(640K)->533K(640K)
[31.976s][info][gc             ] GC(269) Pause Young (Allocation Failure) 4707M->4707M(5128M) 150.951ms
[31.976s][info][gc,cpu         ] GC(269) User=1.08s Sys=0.05s Real=0.15s
[32.047s][info][gc,start       ] GC(270) Pause Young (Allocation Failure)
[32.194s][info][gc,heap        ] GC(270) PSYoungGen: 257408K(311296K)->192992K(319488K) Eden: 68608K(68608K)->0K(68608K) From: 188800K(242688K)->192992K(250880K)
[32.194s][info][gc,heap        ] GC(270) ParOldGen: 4632149K(4940288K)->4697117K(4940288K)
[32.194s][info][gc,metaspace   ] GC(270) Metaspace: 6303K(6528K)->6303K(6528K) NonClass: 5770K(5888K)->5770K(5888K) Class: 533K(640K)->533K(640K)
[32.194s][info][gc             ] GC(270) Pause Young (Allocation Failure) 4774M->4775M(5136M) 146.207ms
[32.194s][info][gc,cpu         ] GC(270) User=1.11s Sys=0.05s Real=0.15s
[32.265s][info][gc,start       ] GC(271) Pause Young (Allocation Failure)
[32.418s][info][gc,heap        ] GC(271) PSYoungGen: 261600K(319488K)->206816K(324096K) Eden: 68608K(68608K)->0K(66048K) From: 192992K(250880K)->206816K(258048K)
[32.418s][info][gc,heap        ] GC(271) ParOldGen: 4697117K(4940288K)->4752445K(4940288K)
[32.418s][info][gc,metaspace   ] GC(271) Metaspace: 6303K(6528K)->6303K(6528K) NonClass: 5770K(5888K)->5770K(5888K) Class: 533K(640K)->533K(640K)
[32.418s][info][gc             ] GC(271) Pause Young (Allocation Failure) 4842M->4843M(5141M) 152.541ms
[32.418s][info][gc,cpu         ] GC(271) User=0.95s Sys=0.05s Real=0.15s
[32.495s][info][gc,start       ] GC(272) Pause Young (Allocation Failure)
[32.658s][info][gc,heap        ] GC(272) PSYoungGen: 272864K(324096K)->135040K(334848K) Eden: 66048K(66048K)->0K(66048K) From: 206816K(258048K)->135040K(268800K)
[32.658s][info][gc,heap        ] GC(272) ParOldGen: 4752445K(4940288K)->4891405K(4940288K)
[32.659s][info][gc,metaspace   ] GC(272) Metaspace: 6303K(6528K)->6303K(6528K) NonClass: 5770K(5888K)->5770K(5888K) Class: 533K(640K)->533K(640K)
[32.659s][info][gc             ] GC(272) Pause Young (Allocation Failure) 4907M->4908M(5151M) 163.792ms
[32.659s][info][gc,cpu         ] GC(272) User=1.00s Sys=0.14s Real=0.16s
[32.659s][info][gc,start       ] GC(273) Pause Full (Ergonomics)
[32.659s][info][gc,phases,start] GC(273) Marking Phase
[33.811s][info][gc,phases      ] GC(273) Marking Phase 1151.922ms
[33.811s][info][gc,phases,start] GC(273) Summary Phase
[33.811s][info][gc,phases      ] GC(273) Summary Phase 0.069ms
[33.811s][info][gc,phases,start] GC(273) Adjust Roots
[33.811s][info][gc,phases      ] GC(273) Adjust Roots 0.196ms
[33.811s][info][gc,phases,start] GC(273) Compaction Phase
[34.277s][info][gc,phases      ] GC(273) Compaction Phase 466.488ms
[34.277s][info][gc,phases,start] GC(273) Post Compact
[34.285s][info][gc,phases      ] GC(273) Post Compact 7.512ms
[34.287s][info][gc,heap        ] GC(273) PSYoungGen: 135040K(334848K)->81949K(334848K) Eden: 0K(66048K)->0K(66048K) From: 135040K(268800K)->81949K(268800K)
[34.287s][info][gc,heap        ] GC(273) ParOldGen: 4891405K(4940288K)->4940120K(5477376K)
[34.287s][info][gc,metaspace   ] GC(273) Metaspace: 6303K(6528K)->6303K(6528K) NonClass: 5770K(5888K)->5770K(5888K) Class: 533K(640K)->533K(640K)
[34.287s][info][gc             ] GC(273) Pause Full (Ergonomics) 4908M->4904M(5676M) 1628.146ms
[34.287s][info][gc,cpu         ] GC(273) User=12.19s Sys=0.03s Real=1.63s
[34.361s][info][gc,start       ] GC(274) Pause Young (Allocation Failure)
[34.670s][info][gc,heap        ] GC(274) PSYoungGen: 147997K(334848K)->66304K(331264K) Eden: 66048K(66048K)->0K(70656K) From: 81949K(268800K)->66304K(260608K)
[34.670s][info][gc,heap        ] GC(274) ParOldGen: 4940120K(5477376K)->5022864K(5477376K)
[34.670s][info][gc,metaspace   ] GC(274) Metaspace: 6303K(6528K)->6303K(6528K) NonClass: 5770K(5888K)->5770K(5888K) Class: 533K(640K)->533K(640K)
[34.670s][info][gc             ] GC(274) Pause Young (Allocation Failure) 4968M->4969M(5672M) 309.812ms
[34.670s][info][gc,cpu         ] GC(274) User=2.08s Sys=0.11s Real=0.31s
[34.747s][info][gc,start       ] GC(275) Pause Young (Allocation Failure)
[34.833s][info][gc,heap        ] GC(275) PSYoungGen: 136960K(331264K)->70912K(335360K) Eden: 70656K(70656K)->0K(70656K) From: 66304K(260608K)->70912K(264704K)
[34.833s][info][gc,heap        ] GC(275) ParOldGen: 5022864K(5477376K)->5089512K(5477376K)
[34.833s][info][gc,metaspace   ] GC(275) Metaspace: 6303K(6528K)->6303K(6528K) NonClass: 5770K(5888K)->5770K(5888K) Class: 533K(640K)->533K(640K)
[34.833s][info][gc             ] GC(275) Pause Young (Allocation Failure) 5038M->5039M(5676M) 85.550ms
[34.833s][info][gc,cpu         ] GC(275) User=0.48s Sys=0.05s Real=0.08s
[34.912s][info][gc,start       ] GC(276) Pause Young (Allocation Failure)
[34.995s][info][gc,heap        ] GC(276) PSYoungGen: 141568K(335360K)->70944K(340480K) Eden: 70656K(70656K)->0K(78336K) From: 70912K(264704K)->70944K(262144K)
[34.995s][info][gc,heap        ] GC(276) ParOldGen: 5089512K(5477376K)->5160792K(5477376K)
[34.995s][info][gc,metaspace   ] GC(276) Metaspace: 6303K(6528K)->6303K(6528K) NonClass: 5770K(5888K)->5770K(5888K) Class: 533K(640K)->533K(640K)
[34.995s][info][gc             ] GC(276) Pause Young (Allocation Failure) 5108M->5109M(5681M) 83.558ms
[34.995s][info][gc,cpu         ] GC(276) User=0.45s Sys=0.06s Real=0.08s
[35.086s][info][gc,start       ] GC(277) Pause Young (Allocation Failure)
[35.173s][info][gc,heap        ] GC(277) PSYoungGen: 149280K(340480K)->78592K(342016K) Eden: 78336K(78336K)->0K(78336K) From: 70944K(262144K)->78592K(263680K)
[35.173s][info][gc,heap        ] GC(277) ParOldGen: 5160792K(5477376K)->5232072K(5477376K)
[35.173s][info][gc,metaspace   ] GC(277) Metaspace: 6303K(6528K)->6303K(6528K) NonClass: 5770K(5888K)->5770K(5888K) Class: 533K(640K)->533K(640K)
[35.173s][info][gc             ] GC(277) Pause Young (Allocation Failure) 5185M->5186M(5683M) 87.018ms
[35.173s][info][gc,cpu         ] GC(277) User=0.53s Sys=0.00s Real=0.09s
[35.258s][info][gc,start       ] GC(278) Pause Young (Allocation Failure)
[35.355s][info][gc,heap        ] GC(278) PSYoungGen: 156928K(342016K)->78592K(334336K) Eden: 78336K(78336K)->0K(86528K) From: 78592K(263680K)->78592K(247808K)
[35.355s][info][gc,heap        ] GC(278) ParOldGen: 5232072K(5477376K)->5311096K(5477376K)
[35.355s][info][gc,metaspace   ] GC(278) Metaspace: 6303K(6528K)->6303K(6528K) NonClass: 5770K(5888K)->5770K(5888K) Class: 533K(640K)->533K(640K)
[35.355s][info][gc             ] GC(278) Pause Young (Allocation Failure) 5262M->5263M(5675M) 97.128ms
[35.355s][info][gc,cpu         ] GC(278) User=0.56s Sys=0.02s Real=0.10s
[35.452s][info][gc,start       ] GC(279) Pause Young (Allocation Failure)
[35.550s][info][gc,heap        ] GC(279) PSYoungGen: 165120K(334336K)->86784K(339968K) Eden: 86528K(86528K)->0K(86528K) From: 78592K(247808K)->86784K(253440K)
[35.550s][info][gc,heap        ] GC(279) ParOldGen: 5311096K(5477376K)->5390128K(5477376K)
[35.550s][info][gc,metaspace   ] GC(279) Metaspace: 6303K(6528K)->6303K(6528K) NonClass: 5770K(5888K)->5770K(5888K) Class: 533K(640K)->533K(640K)
[35.550s][info][gc             ] GC(279) Pause Young (Allocation Failure) 5347M->5348M(5681M) 97.115ms
[35.550s][info][gc,cpu         ] GC(279) User=0.58s Sys=0.06s Real=0.10s
[35.550s][info][gc,start       ] GC(280) Pause Full (Ergonomics)
[35.550s][info][gc,phases,start] GC(280) Marking Phase
[36.785s][info][gc,phases      ] GC(280) Marking Phase 1235.530ms
[36.785s][info][gc,phases,start] GC(280) Summary Phase
[36.785s][info][gc,phases      ] GC(280) Summary Phase 0.094ms
[36.785s][info][gc,phases,start] GC(280) Adjust Roots
[36.786s][info][gc,phases      ] GC(280) Adjust Roots 0.187ms
[36.786s][info][gc,phases,start] GC(280) Compaction Phase
[37.252s][info][gc,phases      ] GC(280) Compaction Phase 466.492ms
[37.252s][info][gc,phases,start] GC(280) Post Compact
[37.261s][info][gc,phases      ] GC(280) Post Compact 8.797ms
[37.263s][info][gc,heap        ] GC(280) PSYoungGen: 86784K(339968K)->0K(342016K) Eden: 0K(86528K)->0K(95744K) From: 86784K(253440K)->0K(246272K)
[37.263s][info][gc,heap        ] GC(280) ParOldGen: 5390128K(5477376K)->5472434K(6048256K)
[37.263s][info][gc,metaspace   ] GC(280) Metaspace: 6303K(6528K)->6303K(6528K) NonClass: 5770K(5888K)->5770K(5888K) Class: 533K(640K)->533K(640K)
[37.263s][info][gc             ] GC(280) Pause Full (Ergonomics) 5348M->5344M(6240M) 1713.594ms
[37.263s][info][gc,cpu         ] GC(280) User=12.98s Sys=0.05s Real=1.71s
[37.376s][info][gc,start       ] GC(281) Pause Young (Allocation Failure)
[37.442s][info][gc,heap        ] GC(281) PSYoungGen: 95744K(342016K)->96064K(192000K) Eden: 95744K(95744K)->0K(95744K) From: 0K(246272K)->96064K(96256K)
[37.442s][info][gc,heap        ] GC(281) ParOldGen: 5472434K(6048256K)->5472434K(6048256K)
[37.442s][info][gc,metaspace   ] GC(281) Metaspace: 6303K(6528K)->6303K(6528K) NonClass: 5770K(5888K)->5770K(5888K) Class: 533K(640K)->533K(640K)
[37.442s][info][gc             ] GC(281) Pause Young (Allocation Failure) 5437M->5437M(6094M) 66.129ms
[37.442s][info][gc,cpu         ] GC(281) User=0.39s Sys=0.00s Real=0.07s
[37.547s][info][gc,start       ] GC(282) Pause Young (Allocation Failure)
[37.660s][info][gc,heap        ] GC(282) PSYoungGen: 191808K(192000K)->191968K(324096K) Eden: 95744K(95744K)->0K(87552K) From: 96064K(96256K)->191968K(236544K)
[37.660s][info][gc,heap        ] GC(282) ParOldGen: 5472434K(6048256K)->5472434K(6048256K)
[37.660s][info][gc,metaspace   ] GC(282) Metaspace: 6303K(6528K)->6303K(6528K) NonClass: 5770K(5888K)->5770K(5888K) Class: 533K(640K)->533K(640K)
[37.660s][info][gc             ] GC(282) Pause Young (Allocation Failure) 5531M->5531M(6223M) 113.652ms
[37.660s][info][gc,cpu         ] GC(282) User=0.58s Sys=0.00s Real=0.11s
[37.768s][info][gc,start       ] GC(283) Pause Young (Allocation Failure)
[37.951s][info][gc,heap        ] GC(283) PSYoungGen: 279520K(324096K)->252928K(340480K) Eden: 87552K(87552K)->0K(87552K) From: 191968K(236544K)->252928K(252928K)
[37.951s][info][gc,heap        ] GC(283) ParOldGen: 5472434K(6048256K)->5499274K(6048256K)
[37.951s][info][gc,metaspace   ] GC(283) Metaspace: 6303K(6528K)->6303K(6528K) NonClass: 5770K(5888K)->5770K(5888K) Class: 533K(640K)->533K(640K)
[37.951s][info][gc             ] GC(283) Pause Young (Allocation Failure) 5617M->5617M(6239M) 183.534ms
[37.951s][info][gc,cpu         ] GC(283) User=0.88s Sys=0.00s Real=0.18s
[39.124s][info][gc,start       ] GC(284) Pause Young (Allocation Failure)
[39.463s][info][gc,heap        ] GC(284) PSYoungGen: 340480K(340480K)->167744K(382976K) Eden: 87552K(87552K)->0K(95744K) From: 252928K(252928K)->167744K(287232K)
[39.463s][info][gc,heap        ] GC(284) ParOldGen: 5761418K(6048256K)->5935730K(6048256K)
[39.463s][info][gc,metaspace   ] GC(284) Metaspace: 6303K(6528K)->6303K(6528K) NonClass: 5770K(5888K)->5770K(5888K) Class: 533K(640K)->533K(640K)
[39.463s][info][gc             ] GC(284) Pause Young (Allocation Failure) 5958M->5960M(6280M) 339.331ms
[39.463s][info][gc,cpu         ] GC(284) User=2.14s Sys=0.17s Real=0.34s
[39.463s][info][gc,start       ] GC(285) Pause Full (Ergonomics)
[39.463s][info][gc,phases,start] GC(285) Marking Phase
[40.831s][info][gc,phases      ] GC(285) Marking Phase 1368.213ms
[40.832s][info][gc,phases,start] GC(285) Summary Phase
[40.832s][info][gc,phases      ] GC(285) Summary Phase 0.127ms
[40.832s][info][gc,phases,start] GC(285) Adjust Roots
[40.832s][info][gc,phases      ] GC(285) Adjust Roots 0.160ms
[40.832s][info][gc,phases,start] GC(285) Compaction Phase
[41.731s][info][gc,phases      ] GC(285) Compaction Phase 899.507ms
[41.731s][info][gc,phases,start] GC(285) Post Compact
[41.741s][info][gc,phases      ] GC(285) Post Compact 9.755ms
[41.743s][info][gc,heap        ] GC(285) PSYoungGen: 167744K(382976K)->0K(388608K) Eden: 0K(95744K)->0K(95744K) From: 167744K(287232K)->0K(292864K)
[41.743s][info][gc,heap        ] GC(285) ParOldGen: 5935730K(6048256K)->5969976K(6625280K)
[41.743s][info][gc,metaspace   ] GC(285) Metaspace: 6303K(6528K)->6303K(6528K) NonClass: 5770K(5888K)->5770K(5888K) Class: 533K(640K)->533K(640K)
[41.743s][info][gc             ] GC(285) Pause Full (Ergonomics) 5960M->5830M(6849M) 2279.891ms
[41.743s][info][gc,cpu         ] GC(285) User=16.03s Sys=0.08s Real=2.28s
[41.852s][info][gc,start       ] GC(286) Pause Young (Allocation Failure)
[41.944s][info][gc,heap        ] GC(286) PSYoungGen: 95744K(388608K)->96032K(380928K) Eden: 95744K(95744K)->0K(103424K) From: 0K(292864K)->96032K(277504K)
[41.944s][info][gc,heap        ] GC(286) ParOldGen: 5969976K(6625280K)->5969976K(6625280K)
[41.944s][info][gc,metaspace   ] GC(286) Metaspace: 6303K(6528K)->6303K(6528K) NonClass: 5770K(5888K)->5770K(5888K) Class: 533K(640K)->533K(640K)
[41.944s][info][gc             ] GC(286) Pause Young (Allocation Failure) 5923M->5923M(6842M) 92.255ms
[41.944s][info][gc,cpu         ] GC(286) User=0.28s Sys=0.00s Real=0.09s
[42.045s][info][gc,start       ] GC(287) Pause Young (Allocation Failure)
[42.167s][info][gc,heap        ] GC(287) PSYoungGen: 199456K(380928K)->199648K(389120K) Eden: 103424K(103424K)->0K(103424K) From: 96032K(277504K)->199648K(285696K)
[42.167s][info][gc,heap        ] GC(287) ParOldGen: 5969976K(6625280K)->5969976K(6625280K)
[42.167s][info][gc,metaspace   ] GC(287) Metaspace: 6303K(6528K)->6303K(6528K) NonClass: 5770K(5888K)->5770K(5888K) Class: 533K(640K)->533K(640K)
[42.167s][info][gc             ] GC(287) Pause Young (Allocation Failure) 6024M->6025M(6850M) 122.397ms
[42.167s][info][gc,cpu         ] GC(287) User=0.50s Sys=0.00s Real=0.12s
[42.276s][info][gc,start       ] GC(288) Pause Young (Allocation Failure)
[42.430s][info][gc,heap        ] GC(288) PSYoungGen: 303072K(389120K)->293888K(361472K) Eden: 103424K(103424K)->0K(67584K) From: 199648K(285696K)->293888K(293888K)
[42.430s][info][gc,heap        ] GC(288) ParOldGen: 5969976K(6625280K)->5979320K(6625280K)
[42.430s][info][gc,metaspace   ] GC(288) Metaspace: 6303K(6528K)->6303K(6528K) NonClass: 5770K(5888K)->5770K(5888K) Class: 533K(640K)->533K(640K)
[42.430s][info][gc             ] GC(288) Pause Young (Allocation Failure) 6126M->6126M(6823M) 153.921ms
[42.430s][info][gc,cpu         ] GC(288) User=0.80s Sys=0.08s Real=0.15s
[42.498s][info][gc,start       ] GC(289) Pause Young (Allocation Failure)
[42.662s][info][gc,heap        ] GC(289) PSYoungGen: 361472K(361472K)->338432K(406016K) Eden: 67584K(67584K)->0K(67584K) From: 293888K(293888K)->338432K(338432K)
[42.662s][info][gc,heap        ] GC(289) ParOldGen: 5979320K(6625280K)->6002688K(6625280K)
[42.662s][info][gc,metaspace   ] GC(289) Metaspace: 6303K(6528K)->6303K(6528K) NonClass: 5770K(5888K)->5770K(5888K) Class: 533K(640K)->533K(640K)
[42.662s][info][gc             ] GC(289) Pause Young (Allocation Failure) 6192M->6192M(6866M) 164.566ms
[42.662s][info][gc,cpu         ] GC(289) User=0.88s Sys=0.00s Real=0.16s
[42.730s][info][gc,start       ] GC(290) Pause Young (Allocation Failure)
[42.919s][info][gc,heap        ] GC(290) PSYoungGen: 406016K(406016K)->223680K(461824K) Eden: 67584K(67584K)->0K(75776K) From: 338432K(338432K)->223680K(386048K)
[42.919s][info][gc,heap        ] GC(290) ParOldGen: 6002688K(6625280K)->6186584K(6625280K)
[42.919s][info][gc,metaspace   ] GC(290) Metaspace: 6303K(6528K)->6303K(6528K) NonClass: 5770K(5888K)->5770K(5888K) Class: 533K(640K)->533K(640K)
[42.919s][info][gc             ] GC(290) Pause Young (Allocation Failure) 6258M->6260M(6921M) 188.699ms
[42.919s][info][gc,cpu         ] GC(290) User=1.25s Sys=0.12s Real=0.19s
[42.998s][info][gc,start       ] GC(291) Pause Young (Allocation Failure)
[43.148s][info][gc,heap        ] GC(291) PSYoungGen: 299456K(461824K)->203904K(280064K) Eden: 75776K(75776K)->0K(75776K) From: 223680K(386048K)->203904K(204288K)
[43.148s][info][gc,heap        ] GC(291) ParOldGen: 6186584K(6625280K)->6282896K(6625280K)
[43.148s][info][gc,metaspace   ] GC(291) Metaspace: 6303K(6528K)->6303K(6528K) NonClass: 5770K(5888K)->5770K(5888K) Class: 533K(640K)->533K(640K)
[43.148s][info][gc             ] GC(291) Pause Young (Allocation Failure) 6334M->6334M(6743M) 150.638ms
[43.148s][info][gc,cpu         ] GC(291) User=0.80s Sys=0.06s Real=0.15s
[43.232s][info][gc,start       ] GC(292) Pause Young (Allocation Failure)
[43.383s][info][gc,heap        ] GC(292) PSYoungGen: 279680K(280064K)->219648K(448512K) Eden: 75776K(75776K)->0K(84992K) From: 203904K(204288K)->219648K(363520K)
[43.383s][info][gc,heap        ] GC(292) ParOldGen: 6282896K(6625280K)->6343528K(6625280K)
[43.383s][info][gc,metaspace   ] GC(292) Metaspace: 6303K(6528K)->6303K(6528K) NonClass: 5770K(5888K)->5770K(5888K) Class: 533K(640K)->533K(640K)
[43.383s][info][gc             ] GC(292) Pause Young (Allocation Failure) 6408M->6409M(6908M) 151.115ms
[43.383s][info][gc,cpu         ] GC(292) User=0.56s Sys=0.05s Real=0.15s
[43.473s][info][gc,start       ] GC(293) Pause Young (Allocation Failure)
[43.626s][info][gc,heap        ] GC(293) PSYoungGen: 304640K(448512K)->161184K(246272K) Eden: 84992K(84992K)->0K(84992K) From: 219648K(363520K)->161184K(161280K)
[43.626s][info][gc,heap        ] GC(293) ParOldGen: 6343528K(6625280K)->6488136K(6625280K)
[43.626s][info][gc,metaspace   ] GC(293) Metaspace: 6303K(6528K)->6303K(6528K) NonClass: 5770K(5888K)->5770K(5888K) Class: 533K(640K)->533K(640K)
[43.626s][info][gc             ] GC(293) Pause Young (Allocation Failure) 6492M->6493M(6710M) 152.726ms
[43.626s][info][gc,cpu         ] GC(293) User=0.77s Sys=0.08s Real=0.15s
[43.626s][info][gc,start       ] GC(294) Pause Full (Ergonomics)
[43.626s][info][gc,phases,start] GC(294) Marking Phase
[45.109s][info][gc,phases      ] GC(294) Marking Phase 1482.656ms
[45.109s][info][gc,phases,start] GC(294) Summary Phase
[45.109s][info][gc,phases      ] GC(294) Summary Phase 0.077ms
[45.109s][info][gc,phases,start] GC(294) Adjust Roots
[45.109s][info][gc,phases      ] GC(294) Adjust Roots 0.166ms
[45.109s][info][gc,phases,start] GC(294) Compaction Phase
[45.816s][info][gc,phases      ] GC(294) Compaction Phase 706.751ms
[45.816s][info][gc,phases,start] GC(294) Post Compact
[45.826s][info][gc,phases      ] GC(294) Post Compact 10.092ms
[45.828s][info][gc,heap        ] GC(294) PSYoungGen: 161184K(246272K)->19177K(246272K) Eden: 0K(84992K)->0K(84992K) From: 161184K(161280K)->19177K(161280K)
[45.829s][info][gc,heap        ] GC(294) ParOldGen: 6488136K(6625280K)->6624864K(7372288K)
[45.829s][info][gc,metaspace   ] GC(294) Metaspace: 6303K(6528K)->6303K(6528K) NonClass: 5770K(5888K)->5770K(5888K) Class: 533K(640K)->533K(640K)
[45.829s][info][gc             ] GC(294) Pause Full (Ergonomics) 6493M->6488M(7440M) 2202.466ms
[45.829s][info][gc,cpu         ] GC(294) User=15.67s Sys=0.11s Real=2.20s
[45.927s][info][gc,start       ] GC(295) Pause Young (Allocation Failure)
[46.258s][info][gc,heap        ] GC(295) PSYoungGen: 104169K(246272K)->85280K(449536K) Eden: 84992K(84992K)->0K(93696K) From: 19177K(161280K)->85280K(355840K)
[46.258s][info][gc,heap        ] GC(295) ParOldGen: 6624864K(7372288K)->6644248K(7372288K)
[46.258s][info][gc,metaspace   ] GC(295) Metaspace: 6303K(6528K)->6303K(6528K) NonClass: 5770K(5888K)->5770K(5888K) Class: 533K(640K)->533K(640K)
[46.258s][info][gc             ] GC(295) Pause Young (Allocation Failure) 6571M->6571M(7638M) 331.013ms
[46.258s][info][gc,cpu         ] GC(295) User=2.08s Sys=0.00s Real=0.33s
[46.354s][info][gc,start       ] GC(296) Pause Young (Allocation Failure)
[46.478s][info][gc,heap        ] GC(296) PSYoungGen: 178976K(449536K)->179136K(272896K) Eden: 93696K(93696K)->0K(93696K) From: 85280K(355840K)->179136K(179200K)
[46.478s][info][gc,heap        ] GC(296) ParOldGen: 6644248K(7372288K)->6644248K(7372288K)
[46.478s][info][gc,metaspace   ] GC(296) Metaspace: 6303K(6528K)->6303K(6528K) NonClass: 5770K(5888K)->5770K(5888K) Class: 533K(640K)->533K(640K)
[46.478s][info][gc             ] GC(296) Pause Young (Allocation Failure) 6663M->6663M(7466M) 124.248ms
[46.478s][info][gc,cpu         ] GC(296) User=0.44s Sys=0.00s Real=0.12s
[46.582s][info][gc,start       ] GC(297) Pause Young (Allocation Failure)
[46.737s][info][gc,heap        ] GC(297) PSYoungGen: 272832K(272896K)->187840K(420864K) Eden: 93696K(93696K)->0K(103936K) From: 179136K(179200K)->187840K(316928K)
[46.737s][info][gc,heap        ] GC(297) ParOldGen: 6644248K(7372288K)->6730024K(7372288K)
[46.737s][info][gc,metaspace   ] GC(297) Metaspace: 6303K(6528K)->6303K(6528K) NonClass: 5770K(5888K)->5770K(5888K) Class: 533K(640K)->533K(640K)
[46.737s][info][gc             ] GC(297) Pause Young (Allocation Failure) 6754M->6755M(7610M) 155.260ms
[46.737s][info][gc,cpu         ] GC(297) User=0.83s Sys=0.05s Real=0.15s
[46.848s][info][gc,start       ] GC(298) Pause Young (Allocation Failure)
[47.012s][info][gc,heap        ] GC(298) PSYoungGen: 291776K(420864K)->198080K(432128K) Eden: 103936K(103936K)->0K(103936K) From: 187840K(316928K)->198080K(328192K)
[47.012s][info][gc,heap        ] GC(298) ParOldGen: 6730024K(7372288K)->6824584K(7372288K)
[47.012s][info][gc,metaspace   ] GC(298) Metaspace: 6303K(6528K)->6303K(6528K) NonClass: 5770K(5888K)->5770K(5888K) Class: 533K(640K)->533K(640K)
[47.012s][info][gc             ] GC(298) Pause Young (Allocation Failure) 6857M->6858M(7621M) 163.742ms
[47.012s][info][gc,cpu         ] GC(298) User=0.77s Sys=0.06s Real=0.16s
[47.115s][info][gc,start       ] GC(299) Pause Young (Allocation Failure)
[47.273s][info][gc,heap        ] GC(299) PSYoungGen: 302016K(432128K)->208384K(429056K) Eden: 103936K(103936K)->0K(115712K) From: 198080K(328192K)->208384K(313344K)
[47.273s][info][gc,heap        ] GC(299) ParOldGen: 6824584K(7372288K)->6919128K(7372288K)
[47.273s][info][gc,metaspace   ] GC(299) Metaspace: 6303K(6528K)->6303K(6528K) NonClass: 5770K(5888K)->5770K(5888K) Class: 533K(640K)->533K(640K)
[47.273s][info][gc             ] GC(299) Pause Young (Allocation Failure) 6959M->6960M(7618M) 157.840ms
[47.273s][info][gc,cpu         ] GC(299) User=0.75s Sys=0.06s Real=0.16s
[47.393s][info][gc,start       ] GC(300) Pause Young (Allocation Failure)
[47.567s][info][gc,heap        ] GC(300) PSYoungGen: 324096K(429056K)->220192K(432640K) Eden: 115712K(115712K)->0K(115712K) From: 208384K(313344K)->220192K(316928K)
[47.567s][info][gc,heap        ] GC(300) ParOldGen: 6919128K(7372288K)->7024016K(7372288K)
[47.567s][info][gc,metaspace   ] GC(300) Metaspace: 6303K(6528K)->6303K(6528K) NonClass: 5770K(5888K)->5770K(5888K) Class: 533K(640K)->533K(640K)
[47.567s][info][gc             ] GC(300) Pause Young (Allocation Failure) 7073M->7074M(7622M) 174.076ms
[47.567s][info][gc,cpu         ] GC(300) User=1.14s Sys=0.02s Real=0.17s
[47.683s][info][gc,start       ] GC(301) Pause Young (Allocation Failure)
[47.852s][info][gc,heap        ] GC(301) PSYoungGen: 335904K(432640K)->232000K(442880K) Eden: 115712K(115712K)->0K(125440K) From: 220192K(316928K)->232000K(317440K)
[47.852s][info][gc,heap        ] GC(301) ParOldGen: 7024016K(7372288K)->7128928K(7372288K)
[47.852s][info][gc,metaspace   ] GC(301) Metaspace: 6303K(6528K)->6303K(6528K) NonClass: 5770K(5888K)->5770K(5888K) Class: 533K(640K)->533K(640K)
[47.852s][info][gc             ] GC(301) Pause Young (Allocation Failure) 7187M->7188M(7632M) 169.041ms
[47.852s][info][gc,cpu         ] GC(301) User=1.22s Sys=0.05s Real=0.17s
[47.987s][info][gc,start       ] GC(302) Pause Young (Allocation Failure)
[48.169s][info][gc,heap        ] GC(302) PSYoungGen: 357440K(442880K)->241760K(446976K) Eden: 125440K(125440K)->0K(125440K) From: 232000K(317440K)->241760K(321536K)
[48.169s][info][gc,heap        ] GC(302) ParOldGen: 7128928K(7372288K)->7245712K(7372288K)
[48.169s][info][gc,metaspace   ] GC(302) Metaspace: 6303K(6528K)->6303K(6528K) NonClass: 5770K(5888K)->5770K(5888K) Class: 533K(640K)->533K(640K)
[48.169s][info][gc             ] GC(302) Pause Young (Allocation Failure) 7310M->7311M(7636M) 181.896ms
[48.169s][info][gc,cpu         ] GC(302) User=1.33s Sys=0.05s Real=0.18s
[48.169s][info][gc,start       ] GC(303) Pause Full (Ergonomics)
[48.169s][info][gc,phases,start] GC(303) Marking Phase
[49.883s][info][gc,phases      ] GC(303) Marking Phase 1713.506ms
[49.883s][info][gc,phases,start] GC(303) Summary Phase
[49.883s][info][gc,phases      ] GC(303) Summary Phase 0.080ms
[49.883s][info][gc,phases,start] GC(303) Adjust Roots
[49.883s][info][gc,phases      ] GC(303) Adjust Roots 0.161ms
[49.883s][info][gc,phases,start] GC(303) Compaction Phase
[50.646s][info][gc,phases      ] GC(303) Compaction Phase 763.535ms
[50.647s][info][gc,phases,start] GC(303) Post Compact
[50.662s][info][gc,phases      ] GC(303) Post Compact 14.982ms
[50.664s][info][gc,heap        ] GC(303) PSYoungGen: 241760K(446976K)->108742K(446976K) Eden: 0K(125440K)->0K(125440K) From: 241760K(321536K)->108742K(321536K)
[50.664s][info][gc,heap        ] GC(303) ParOldGen: 7245712K(7372288K)->7372161K(8180736K)
[50.664s][info][gc,metaspace   ] GC(303) Metaspace: 6303K(6528K)->6303K(6528K) NonClass: 5770K(5888K)->5770K(5888K) Class: 533K(640K)->533K(640K)
[50.664s][info][gc             ] GC(303) Pause Full (Ergonomics) 7311M->7305M(8425M) 2495.205ms
[50.664s][info][gc,cpu         ] GC(303) User=17.83s Sys=0.11s Real=2.50s
[50.796s][info][gc,start       ] GC(304) Pause Young (Allocation Failure)
[51.236s][info][gc,heap        ] GC(304) PSYoungGen: 234182K(446976K)->182464K(439808K) Eden: 125440K(125440K)->0K(137216K) From: 108742K(321536K)->182464K(302592K)
[51.236s][info][gc,heap        ] GC(304) ParOldGen: 7372161K(8180736K)->7424913K(8180736K)
[51.236s][info][gc,metaspace   ] GC(304) Metaspace: 6303K(6528K)->6303K(6528K) NonClass: 5770K(5888K)->5770K(5888K) Class: 533K(640K)->533K(640K)
[51.236s][info][gc             ] GC(304) Pause Young (Allocation Failure) 7428M->7429M(8418M) 440.565ms
[51.236s][info][gc,cpu         ] GC(304) User=3.11s Sys=0.02s Real=0.44s
[51.379s][info][gc,start       ] GC(305) Pause Young (Allocation Failure)
[51.547s][info][gc,heap        ] GC(305) PSYoungGen: 319680K(439808K)->316416K(453632K) Eden: 137216K(137216K)->0K(137216K) From: 182464K(302592K)->316416K(316416K)
[51.547s][info][gc,heap        ] GC(305) ParOldGen: 7424913K(8180736K)->7428361K(8180736K)
[51.547s][info][gc,metaspace   ] GC(305) Metaspace: 6303K(6528K)->6303K(6528K) NonClass: 5770K(5888K)->5770K(5888K) Class: 533K(640K)->533K(640K)
[51.547s][info][gc             ] GC(305) Pause Young (Allocation Failure) 7563M->7563M(8432M) 167.723ms
[51.547s][info][gc,cpu         ] GC(305) User=1.28s Sys=0.00s Real=0.17s
[51.706s][info][gc,start       ] GC(306) Pause Young (Allocation Failure)
[51.941s][info][gc,heap        ] GC(306) PSYoungGen: 453632K(453632K)->273952K(491520K) Eden: 137216K(137216K)->0K(140800K) From: 316416K(316416K)->273952K(350720K)
[51.941s][info][gc,heap        ] GC(306) ParOldGen: 7428361K(8180736K)->7609705K(8180736K)
[51.941s][info][gc,metaspace   ] GC(306) Metaspace: 6303K(6528K)->6303K(6528K) NonClass: 5770K(5888K)->5770K(5888K) Class: 533K(640K)->533K(640K)
[51.941s][info][gc             ] GC(306) Pause Young (Allocation Failure) 7697M->7698M(8469M) 235.646ms
[51.941s][info][gc,cpu         ] GC(306) User=1.70s Sys=0.17s Real=0.24s
[52.083s][info][gc,start       ] GC(307) Pause Young (Allocation Failure)
[52.301s][info][gc,heap        ] GC(307) PSYoungGen: 414752K(491520K)->278656K(501760K) Eden: 140800K(140800K)->0K(140800K) From: 273952K(350720K)->278656K(360960K)
[52.301s][info][gc,heap        ] GC(307) ParOldGen: 7609705K(8180736K)->7747009K(8180736K)
[52.301s][info][gc,metaspace   ] GC(307) Metaspace: 6303K(6528K)->6303K(6528K) NonClass: 5770K(5888K)->5770K(5888K) Class: 533K(640K)->533K(640K)
[52.301s][info][gc             ] GC(307) Pause Young (Allocation Failure) 7836M->7837M(8479M) 218.442ms
[52.301s][info][gc,cpu         ] GC(307) User=1.47s Sys=0.08s Real=0.22s
[52.456s][info][gc,start       ] GC(308) Pause Young (Allocation Failure)
[52.676s][info][gc,heap        ] GC(308) PSYoungGen: 419456K(501760K)->282272K(518144K) Eden: 140800K(140800K)->0K(147968K) From: 278656K(360960K)->282272K(370176K)
[52.676s][info][gc,heap        ] GC(308) ParOldGen: 7747009K(8180736K)->7885489K(8180736K)
[52.676s][info][gc,metaspace   ] GC(308) Metaspace: 6303K(6528K)->6303K(6528K) NonClass: 5770K(5888K)->5770K(5888K) Class: 533K(640K)->533K(640K)
[52.676s][info][gc             ] GC(308) Pause Young (Allocation Failure) 7975M->7976M(8495M) 220.505ms
[52.676s][info][gc,cpu         ] GC(308) User=1.62s Sys=0.12s Real=0.22s
[52.836s][info][gc,start       ] GC(309) Pause Young (Allocation Failure)
[53.067s][info][gc,heap        ] GC(309) PSYoungGen: 430240K(518144K)->289472K(526336K) Eden: 147968K(147968K)->0K(147968K) From: 282272K(370176K)->289472K(378368K)
[53.068s][info][gc,heap        ] GC(309) ParOldGen: 7885489K(8180736K)->8027569K(8180736K)
[53.068s][info][gc,metaspace   ] GC(309) Metaspace: 6303K(6528K)->6303K(6528K) NonClass: 5770K(5888K)->5770K(5888K) Class: 533K(640K)->533K(640K)
[53.068s][info][gc             ] GC(309) Pause Young (Allocation Failure) 8120M->8122M(8503M) 231.606ms
[53.068s][info][gc,cpu         ] GC(309) User=1.58s Sys=0.06s Real=0.23s
[53.068s][info][gc,start       ] GC(310) Pause Full (Ergonomics)
[53.068s][info][gc,phases,start] GC(310) Marking Phase
[54.981s][info][gc,phases      ] GC(310) Marking Phase 1913.442ms
[54.981s][info][gc,phases,start] GC(310) Summary Phase
[54.981s][info][gc,phases      ] GC(310) Summary Phase 0.090ms
[54.981s][info][gc,phases,start] GC(310) Adjust Roots
[54.981s][info][gc,phases      ] GC(310) Adjust Roots 0.216ms
[54.981s][info][gc,phases,start] GC(310) Compaction Phase
[55.856s][info][gc,phases      ] GC(310) Compaction Phase 874.702ms
[55.856s][info][gc,phases,start] GC(310) Post Compact
[55.869s][info][gc,phases      ] GC(310) Post Compact 12.623ms
[55.872s][info][gc,heap        ] GC(310) PSYoungGen: 289472K(526336K)->129777K(526336K) Eden: 0K(147968K)->0K(147968K) From: 289472K(378368K)->129777K(378368K)
[55.872s][info][gc,heap        ] GC(310) ParOldGen: 8027569K(8180736K)->8180374K(9101824K)
[55.872s][info][gc,metaspace   ] GC(310) Metaspace: 6303K(6528K)->6303K(6528K) NonClass: 5770K(5888K)->5770K(5888K) Class: 533K(640K)->533K(640K)
[55.872s][info][gc             ] GC(310) Pause Full (Ergonomics) 8122M->8115M(9402M) 2804.286ms
[55.872s][info][gc,cpu         ] GC(310) User=20.17s Sys=0.06s Real=2.80s
[56.018s][info][gc,start       ] GC(311) Pause Young (Allocation Failure)
[56.552s][info][gc,heap        ] GC(311) PSYoungGen: 277745K(526336K)->219328K(518656K) Eden: 147968K(147968K)->0K(161792K) From: 129777K(378368K)->219328K(356864K)
[56.552s][info][gc,heap        ] GC(311) ParOldGen: 8180374K(9101824K)->8239950K(9101824K)
[56.552s][info][gc,metaspace   ] GC(311) Metaspace: 6303K(6528K)->6303K(6528K) NonClass: 5770K(5888K)->5770K(5888K) Class: 533K(640K)->533K(640K)
[56.552s][info][gc             ] GC(311) Pause Young (Allocation Failure) 8259M->8261M(9395M) 533.712ms
[56.552s][info][gc,cpu         ] GC(311) User=3.59s Sys=0.08s Real=0.53s
[56.721s][info][gc,start       ] GC(312) Pause Young (Allocation Failure)
[56.933s][info][gc,heap        ] GC(312) PSYoungGen: 381120K(518656K)->373248K(535040K) Eden: 161792K(161792K)->0K(161792K) From: 219328K(356864K)->373248K(373248K)
[56.933s][info][gc,heap        ] GC(312) ParOldGen: 8239950K(9101824K)->8248134K(9101824K)
[56.933s][info][gc,metaspace   ] GC(312) Metaspace: 6303K(6528K)->6303K(6528K) NonClass: 5770K(5888K)->5770K(5888K) Class: 533K(640K)->533K(640K)
[56.933s][info][gc             ] GC(312) Pause Young (Allocation Failure) 8419M->8419M(9411M) 212.583ms
[56.933s][info][gc,cpu         ] GC(312) User=1.64s Sys=0.00s Real=0.21s
[57.103s][info][gc,start       ] GC(313) Pause Young (Allocation Failure)
[57.416s][info][gc,heap        ] GC(313) PSYoungGen: 535040K(535040K)->321504K(581632K) Eden: 161792K(161792K)->0K(166912K) From: 373248K(373248K)->321504K(414720K)
[57.416s][info][gc,heap        ] GC(313) ParOldGen: 8248134K(9101824K)->8463606K(9101824K)
[57.416s][info][gc,metaspace   ] GC(313) Metaspace: 6303K(6528K)->6303K(6528K) NonClass: 5770K(5888K)->5770K(5888K) Class: 533K(640K)->533K(640K)
[57.416s][info][gc             ] GC(313) Pause Young (Allocation Failure) 8577M->8579M(9456M) 313.626ms
[57.416s][info][gc,cpu         ] GC(313) User=2.05s Sys=0.12s Real=0.31s
[57.600s][info][gc,start       ] GC(314) Pause Young (Allocation Failure)
[57.892s][info][gc,heap        ] GC(314) PSYoungGen: 488416K(581632K)->329472K(592384K) Eden: 166912K(166912K)->0K(166912K) From: 321504K(414720K)->329472K(425472K)
[57.892s][info][gc,heap        ] GC(314) ParOldGen: 8463606K(9101824K)->8624006K(9101824K)
[57.892s][info][gc,metaspace   ] GC(314) Metaspace: 6303K(6528K)->6303K(6528K) NonClass: 5770K(5888K)->5770K(5888K) Class: 533K(640K)->533K(640K)
[57.892s][info][gc             ] GC(314) Pause Young (Allocation Failure) 8742M->8743M(9467M) 292.688ms
[57.892s][info][gc,cpu         ] GC(314) User=2.05s Sys=0.06s Real=0.29s
[58.078s][info][gc,start       ] GC(315) Pause Young (Allocation Failure)
[58.374s][info][gc,heap        ] GC(315) PSYoungGen: 496384K(592384K)->334624K(612352K) Eden: 166912K(166912K)->0K(176128K) From: 329472K(425472K)->334624K(436224K)
[58.374s][info][gc,heap        ] GC(315) ParOldGen: 8624006K(9101824K)->8787278K(9101824K)
[58.374s][info][gc,metaspace   ] GC(315) Metaspace: 6303K(6528K)->6303K(6528K) NonClass: 5770K(5888K)->5770K(5888K) Class: 533K(640K)->533K(640K)
[58.374s][info][gc             ] GC(315) Pause Young (Allocation Failure) 8906M->8908M(9486M) 295.613ms
[58.374s][info][gc,cpu         ] GC(315) User=2.05s Sys=0.16s Real=0.30s
[58.586s][info][gc,start       ] GC(316) Pause Young (Allocation Failure)
[58.889s][info][gc,heap        ] GC(316) PSYoungGen: 510752K(612352K)->343872K(622080K) Eden: 176128K(176128K)->0K(176128K) From: 334624K(436224K)->343872K(445952K)
[58.889s][info][gc,heap        ] GC(316) ParOldGen: 8787278K(9101824K)->8955678K(9101824K)
[58.889s][info][gc,metaspace   ] GC(316) Metaspace: 6303K(6528K)->6303K(6528K) NonClass: 5770K(5888K)->5770K(5888K) Class: 533K(640K)->533K(640K)
[58.889s][info][gc             ] GC(316) Pause Young (Allocation Failure) 9080M->9081M(9496M) 302.630ms
[58.889s][info][gc,cpu         ] GC(316) User=2.06s Sys=0.06s Real=0.30s
[58.889s][info][gc,start       ] GC(317) Pause Full (Ergonomics)
[58.889s][info][gc,phases,start] GC(317) Marking Phase
[61.077s][info][gc,phases      ] GC(317) Marking Phase 2188.149ms
[61.077s][info][gc,phases,start] GC(317) Summary Phase
[61.077s][info][gc,phases      ] GC(317) Summary Phase 0.099ms
[61.077s][info][gc,phases,start] GC(317) Adjust Roots
[61.078s][info][gc,phases      ] GC(317) Adjust Roots 0.188ms
[61.078s][info][gc,phases,start] GC(317) Compaction Phase
[62.051s][info][gc,phases      ] GC(317) Compaction Phase 973.032ms
[62.051s][info][gc,phases,start] GC(317) Post Compact
[62.065s][info][gc,phases      ] GC(317) Post Compact 14.579ms
[62.069s][info][gc,heap        ] GC(317) PSYoungGen: 343872K(622080K)->189643K(622080K) Eden: 0K(176128K)->0K(176128K) From: 343872K(445952K)->189643K(445952K)
[62.069s][info][gc,heap        ] GC(317) ParOldGen: 8955678K(9101824K)->9101816K(10143744K)
[62.069s][info][gc,metaspace   ] GC(317) Metaspace: 6303K(6528K)->6303K(6528K) NonClass: 5770K(5888K)->5770K(5888K) Class: 533K(640K)->533K(640K)
[62.069s][info][gc             ] GC(317) Pause Full (Ergonomics) 9081M->9073M(10513M) 3179.588ms
[62.069s][info][gc,cpu         ] GC(317) User=23.20s Sys=0.08s Real=3.18s
[62.263s][info][gc,start       ] GC(318) Pause Young (Allocation Failure)
[62.916s][info][gc,heap        ] GC(318) PSYoungGen: 365771K(622080K)->274592K(609792K) Eden: 176128K(176128K)->0K(193024K) From: 189643K(445952K)->274592K(416768K)
[62.916s][info][gc,heap        ] GC(318) ParOldGen: 9101816K(10143744K)->9194576K(10143744K)
[62.916s][info][gc,metaspace   ] GC(318) Metaspace: 6303K(6528K)->6303K(6528K) NonClass: 5770K(5888K)->5770K(5888K) Class: 533K(640K)->533K(640K)
[62.916s][info][gc             ] GC(318) Pause Young (Allocation Failure) 9245M->9247M(10501M) 652.671ms
[62.916s][info][gc,cpu         ] GC(318) User=4.31s Sys=0.09s Real=0.65s
[63.114s][info][gc,start       ] GC(319) Pause Young (Allocation Failure)
[63.399s][info][gc,heap        ] GC(319) PSYoungGen: 467616K(609792K)->438272K(631296K) Eden: 193024K(193024K)->0K(193024K) From: 274592K(416768K)->438272K(438272K)
[63.399s][info][gc,heap        ] GC(319) ParOldGen: 9194576K(10143744K)->9224456K(10143744K)
[63.399s][info][gc,metaspace   ] GC(319) Metaspace: 6303K(6528K)->6303K(6528K) NonClass: 5770K(5888K)->5770K(5888K) Class: 533K(640K)->533K(640K)
[63.399s][info][gc             ] GC(319) Pause Young (Allocation Failure) 9435M->9436M(10522M) 285.256ms
[63.399s][info][gc,cpu         ] GC(319) User=1.94s Sys=0.00s Real=0.29s
[63.596s][info][gc,start       ] GC(320) Pause Young (Allocation Failure)
[63.982s][info][gc,heap        ] GC(320) PSYoungGen: 631296K(631296K)->378656K(694272K) Eden: 193024K(193024K)->0K(201216K) From: 438272K(438272K)->378656K(493056K)
[63.982s][info][gc,heap        ] GC(320) ParOldGen: 9224456K(10143744K)->9479392K(10143744K)
[63.982s][info][gc,metaspace   ] GC(320) Metaspace: 6303K(6528K)->6303K(6528K) NonClass: 5770K(5888K)->5770K(5888K) Class: 533K(640K)->533K(640K)
[63.982s][info][gc             ] GC(320) Pause Young (Allocation Failure) 9624M->9627M(10584M) 386.311ms
[63.982s][info][gc,cpu         ] GC(320) User=2.38s Sys=0.20s Real=0.39s
[64.198s][info][gc,start       ] GC(321) Pause Young (Allocation Failure)
[64.563s][info][gc,heap        ] GC(321) PSYoungGen: 579872K(694272K)->395200K(705536K) Eden: 201216K(201216K)->0K(201216K) From: 378656K(493056K)->395200K(504320K)
[64.564s][info][gc,heap        ] GC(321) ParOldGen: 9479392K(10143744K)->9665728K(10143744K)
[64.564s][info][gc,metaspace   ] GC(321) Metaspace: 6303K(6528K)->6303K(6528K) NonClass: 5770K(5888K)->5770K(5888K) Class: 533K(640K)->533K(640K)
[64.564s][info][gc             ] GC(321) Pause Young (Allocation Failure) 9823M->9825M(10595M) 365.677ms
[64.564s][info][gc,cpu         ] GC(321) User=2.27s Sys=0.11s Real=0.37s
[64.788s][info][gc,start       ] GC(322) Pause Young (Allocation Failure)
[65.159s][info][gc,heap        ] GC(322) PSYoungGen: 596416K(705536K)->403392K(729600K) Eden: 201216K(201216K)->0K(211456K) From: 395200K(504320K)->403392K(518144K)
[65.159s][info][gc,heap        ] GC(322) ParOldGen: 9665728K(10143744K)->9860480K(10143744K)
[65.159s][info][gc,metaspace   ] GC(322) Metaspace: 6303K(6528K)->6303K(6528K) NonClass: 5770K(5888K)->5770K(5888K) Class: 533K(640K)->533K(640K)
[65.159s][info][gc             ] GC(322) Pause Young (Allocation Failure) 10021M->10023M(10618M) 371.627ms
[65.159s][info][gc,cpu         ] GC(322) User=2.50s Sys=0.14s Real=0.37s
[65.159s][info][gc,start       ] GC(323) Pause Full (Ergonomics)
[65.159s][info][gc,phases,start] GC(323) Marking Phase
[67.627s][info][gc,phases      ] GC(323) Marking Phase 2467.474ms
[67.627s][info][gc,phases,start] GC(323) Summary Phase
[67.627s][info][gc,phases      ] GC(323) Summary Phase 0.131ms
[67.627s][info][gc,phases,start] GC(323) Adjust Roots
[67.627s][info][gc,phases      ] GC(323) Adjust Roots 0.196ms
[67.627s][info][gc,phases,start] GC(323) Compaction Phase
[68.644s][info][gc,phases      ] GC(323) Compaction Phase 1017.121ms
[68.644s][info][gc,phases,start] GC(323) Post Compact
[68.661s][info][gc,phases      ] GC(323) Post Compact 16.676ms
[68.663s][info][gc,heap        ] GC(323) PSYoungGen: 403392K(729600K)->112650K(729600K) Eden: 0K(211456K)->0K(211456K) From: 403392K(518144K)->112650K(518144K)
[68.663s][info][gc,heap        ] GC(323) ParOldGen: 9860480K(10143744K)->10143249K(10581504K)
[68.663s][info][gc,metaspace   ] GC(323) Metaspace: 6303K(6528K)->6303K(6528K) NonClass: 5770K(5888K)->5770K(5888K) Class: 533K(640K)->533K(640K)
[68.663s][info][gc             ] GC(323) Pause Full (Ergonomics) 10023M->10015M(11046M) 3503.408ms
[68.663s][info][gc,cpu         ] GC(323) User=25.30s Sys=0.16s Real=3.50s
[68.897s][info][gc,start       ] GC(324) Pause Young (Allocation Failure)
[69.572s][info][gc,heap        ] GC(324) PSYoungGen: 324106K(729600K)->262400K(742400K) Eden: 211456K(211456K)->0K(211456K) From: 112650K(518144K)->262400K(530944K)
[69.572s][info][gc,heap        ] GC(324) ParOldGen: 10143249K(10581504K)->10206193K(10581504K)
[69.572s][info][gc,metaspace   ] GC(324) Metaspace: 6303K(6528K)->6303K(6528K) NonClass: 5770K(5888K)->5770K(5888K) Class: 533K(640K)->533K(640K)
[69.572s][info][gc             ] GC(324) Pause Young (Allocation Failure) 10222M->10223M(11058M) 674.728ms
[69.572s][info][gc,cpu         ] GC(324) User=4.30s Sys=0.02s Real=0.67s
[69.808s][info][gc,start       ] GC(325) Pause Young (Allocation Failure)
[70.092s][info][gc,heap        ] GC(325) PSYoungGen: 473856K(742400K)->474272K(713728K) Eden: 211456K(211456K)->0K(193536K) From: 262400K(530944K)->474272K(520192K)
[70.093s][info][gc,heap        ] GC(325) ParOldGen: 10206193K(10581504K)->10206193K(10581504K)
[70.093s][info][gc,metaspace   ] GC(325) Metaspace: 6303K(6528K)->6303K(6528K) NonClass: 5770K(5888K)->5770K(5888K) Class: 533K(640K)->533K(640K)
[70.093s][info][gc             ] GC(325) Pause Young (Allocation Failure) 10429M->10430M(11030M) 284.655ms
[70.093s][info][gc,cpu         ] GC(325) User=1.97s Sys=0.06s Real=0.28s
[70.312s][info][gc,start       ] GC(326) Pause Young (Allocation Failure)
[70.767s][info][gc,heap        ] GC(326) PSYoungGen: 667808K(713728K)->558592K(752128K) Eden: 193536K(193536K)->0K(193536K) From: 474272K(520192K)->558592K(558592K)
[70.767s][info][gc,heap        ] GC(326) ParOldGen: 10206193K(10581504K)->10316489K(10581504K)
[70.767s][info][gc,metaspace   ] GC(326) Metaspace: 6303K(6528K)->6303K(6528K) NonClass: 5770K(5888K)->5770K(5888K) Class: 533K(640K)->533K(640K)
[70.767s][info][gc             ] GC(326) Pause Young (Allocation Failure) 10619M->10620M(11068M) 454.514ms
[70.767s][info][gc,cpu         ] GC(326) User=2.84s Sys=0.11s Real=0.45s
[70.767s][info][gc,start       ] GC(327) Pause Full (Ergonomics)
[70.767s][info][gc,phases,start] GC(327) Marking Phase
[73.334s][info][gc,phases      ] GC(327) Marking Phase 2566.585ms
[73.334s][info][gc,phases,start] GC(327) Summary Phase
[73.334s][info][gc,phases      ] GC(327) Summary Phase 0.119ms
[73.334s][info][gc,phases,start] GC(327) Adjust Roots
[73.334s][info][gc,phases      ] GC(327) Adjust Roots 0.195ms
[73.334s][info][gc,phases,start] GC(327) Compaction Phase
[74.284s][info][gc,phases      ] GC(327) Compaction Phase 950.116ms
[74.284s][info][gc,phases,start] GC(327) Post Compact
[74.301s][info][gc,phases      ] GC(327) Post Compact 16.437ms
[74.301s][info][gc,heap        ] GC(327) PSYoungGen: 558592K(752128K)->291155K(752128K) Eden: 0K(193536K)->0K(193536K) From: 558592K(558592K)->291155K(558592K)
[74.301s][info][gc,heap        ] GC(327) ParOldGen: 10316489K(10581504K)->10581093K(10581504K)
[74.301s][info][gc,metaspace   ] GC(327) Metaspace: 6303K(6528K)->6303K(6528K) NonClass: 5770K(5888K)->5770K(5888K) Class: 533K(640K)->533K(640K)
[74.301s][info][gc             ] GC(327) Pause Full (Ergonomics) 10620M->10617M(11068M) 3533.765ms
[74.301s][info][gc,cpu         ] GC(327) User=26.45s Sys=0.16s Real=3.53s
[74.535s][info][gc,start       ] GC(328) Pause Full (Ergonomics)
[74.535s][info][gc,phases,start] GC(328) Marking Phase
[77.105s][info][gc,phases      ] GC(328) Marking Phase 2570.267ms
[77.105s][info][gc,phases,start] GC(328) Summary Phase
[77.105s][info][gc,phases      ] GC(328) Summary Phase 0.116ms
[77.105s][info][gc,phases,start] GC(328) Adjust Roots
[77.105s][info][gc,phases      ] GC(328) Adjust Roots 0.232ms
[77.105s][info][gc,phases,start] GC(328) Compaction Phase
[77.942s][info][gc,phases      ] GC(328) Compaction Phase 836.947ms
[77.942s][info][gc,phases,start] GC(328) Post Compact
[77.958s][info][gc,phases      ] GC(328) Post Compact 15.661ms
[77.958s][info][gc,heap        ] GC(328) PSYoungGen: 484691K(752128K)->484662K(752128K) Eden: 193536K(193536K)->193507K(193536K) From: 291155K(558592K)->291155K(558592K)
[77.958s][info][gc,heap        ] GC(328) ParOldGen: 10581093K(10581504K)->10581093K(10581504K)
[77.958s][info][gc,metaspace   ] GC(328) Metaspace: 6303K(6528K)->6303K(6528K) NonClass: 5770K(5888K)->5770K(5888K) Class: 533K(640K)->533K(640K)
[77.958s][info][gc             ] GC(328) Pause Full (Ergonomics) 10806M->10806M(11068M) 3423.635ms
[77.958s][info][gc,cpu         ] GC(328) User=25.75s Sys=0.05s Real=3.42s
[77.958s][info][gc,start       ] GC(329) Pause Full (Ergonomics)
[77.958s][info][gc,phases,start] GC(329) Marking Phase
[80.538s][info][gc,phases      ] GC(329) Marking Phase 2579.218ms
[80.538s][info][gc,phases,start] GC(329) Summary Phase
[80.538s][info][gc,phases      ] GC(329) Summary Phase 0.128ms
[80.538s][info][gc,phases,start] GC(329) Adjust Roots
[80.538s][info][gc,phases      ] GC(329) Adjust Roots 0.275ms
[80.538s][info][gc,phases,start] GC(329) Compaction Phase
[81.409s][info][gc,phases      ] GC(329) Compaction Phase 870.314ms
[81.409s][info][gc,phases,start] GC(329) Post Compact
[81.425s][info][gc,phases      ] GC(329) Post Compact 16.282ms
[81.425s][info][gc,heap        ] GC(329) PSYoungGen: 484691K(752128K)->484691K(752128K) Eden: 193536K(193536K)->193535K(193536K) From: 291155K(558592K)->291155K(558592K)
[81.425s][info][gc,heap        ] GC(329) ParOldGen: 10581093K(10581504K)->10581093K(10581504K)
[81.425s][info][gc,metaspace   ] GC(329) Metaspace: 6303K(6528K)->6303K(6528K) NonClass: 5770K(5888K)->5770K(5888K) Class: 533K(640K)->533K(640K)
[81.425s][info][gc             ] GC(329) Pause Full (Ergonomics) 10806M->10806M(11068M) 3466.603ms
[81.425s][info][gc,cpu         ] GC(329) User=25.73s Sys=0.02s Real=3.47s
[81.425s][info][gc,start       ] GC(330) Pause Full (Ergonomics)
[81.425s][info][gc,phases,start] GC(330) Marking Phase
[84.031s][info][gc,phases      ] GC(330) Marking Phase 2605.430ms
[84.031s][info][gc,phases,start] GC(330) Summary Phase
[84.031s][info][gc,phases      ] GC(330) Summary Phase 0.110ms
[84.031s][info][gc,phases,start] GC(330) Adjust Roots
[84.031s][info][gc,phases      ] GC(330) Adjust Roots 0.176ms
[84.031s][info][gc,phases,start] GC(330) Compaction Phase
[84.846s][info][gc,phases      ] GC(330) Compaction Phase 815.202ms
[84.846s][info][gc,phases,start] GC(330) Post Compact
[84.863s][info][gc,phases      ] GC(330) Post Compact 16.784ms
[84.863s][info][gc,heap        ] GC(330) PSYoungGen: 484691K(752128K)->484691K(752128K) Eden: 193536K(193536K)->193536K(193536K) From: 291155K(558592K)->291155K(558592K)
[84.863s][info][gc,heap        ] GC(330) ParOldGen: 10581093K(10581504K)->10581093K(10581504K)
[84.863s][info][gc,metaspace   ] GC(330) Metaspace: 6303K(6528K)->6303K(6528K) NonClass: 5770K(5888K)->5770K(5888K) Class: 533K(640K)->533K(640K)
[84.863s][info][gc             ] GC(330) Pause Full (Ergonomics) 10806M->10806M(11068M) 3438.051ms
[84.863s][info][gc,cpu         ] GC(330) User=25.78s Sys=0.02s Real=3.44s
[84.864s][info][gc,start       ] GC(331) Pause Full (Ergonomics)
[84.864s][info][gc,phases,start] GC(331) Marking Phase
[87.524s][info][gc,phases      ] GC(331) Marking Phase 2660.440ms
[87.524s][info][gc,phases,start] GC(331) Summary Phase
[87.524s][info][gc,phases      ] GC(331) Summary Phase 0.121ms
[87.524s][info][gc,phases,start] GC(331) Adjust Roots
[87.524s][info][gc,phases      ] GC(331) Adjust Roots 0.180ms
[87.524s][info][gc,phases,start] GC(331) Compaction Phase
[88.311s][info][gc,phases      ] GC(331) Compaction Phase 786.316ms
[88.311s][info][gc,phases,start] GC(331) Post Compact
[88.327s][info][gc,phases      ] GC(331) Post Compact 16.473ms
[88.327s][info][gc,heap        ] GC(331) PSYoungGen: 484691K(752128K)->484691K(752128K) Eden: 193536K(193536K)->193536K(193536K) From: 291155K(558592K)->291155K(558592K)
[88.327s][info][gc,heap        ] GC(331) ParOldGen: 10581098K(10581504K)->10581098K(10581504K)
[88.327s][info][gc,metaspace   ] GC(331) Metaspace: 6303K(6528K)->6303K(6528K) NonClass: 5770K(5888K)->5770K(5888K) Class: 533K(640K)->533K(640K)
[88.327s][info][gc             ] GC(331) Pause Full (Ergonomics) 10806M->10806M(11068M) 3463.915ms
[88.327s][info][gc,cpu         ] GC(331) User=25.42s Sys=0.00s Real=3.46s
[88.328s][info][gc,start       ] GC(332) Pause Full (Ergonomics)
[88.328s][info][gc,phases,start] GC(332) Marking Phase
[90.865s][info][gc,phases      ] GC(332) Marking Phase 2537.454ms
[90.865s][info][gc,phases,start] GC(332) Summary Phase
[90.865s][info][gc,phases      ] GC(332) Summary Phase 0.102ms
[90.865s][info][gc,phases,start] GC(332) Adjust Roots
[90.866s][info][gc,phases      ] GC(332) Adjust Roots 0.170ms
[90.866s][info][gc,phases,start] GC(332) Compaction Phase
[91.651s][info][gc,phases      ] GC(332) Compaction Phase 785.310ms
[91.651s][info][gc,phases,start] GC(332) Post Compact
[91.667s][info][gc,phases      ] GC(332) Post Compact 15.853ms
[91.667s][info][gc,heap        ] GC(332) PSYoungGen: 484691K(752128K)->484691K(752128K) Eden: 193536K(193536K)->193536K(193536K) From: 291155K(558592K)->291155K(558592K)
[91.667s][info][gc,heap        ] GC(332) ParOldGen: 10581103K(10581504K)->10581103K(10581504K)
[91.667s][info][gc,metaspace   ] GC(332) Metaspace: 6303K(6528K)->6303K(6528K) NonClass: 5770K(5888K)->5770K(5888K) Class: 533K(640K)->533K(640K)
[91.667s][info][gc             ] GC(332) Pause Full (Ergonomics) 10806M->10806M(11068M) 3339.248ms
[91.667s][info][gc,cpu         ] GC(332) User=25.91s Sys=0.02s Real=3.34s
[91.667s][info][gc,start       ] GC(333) Pause Full (Ergonomics)
[91.667s][info][gc,phases,start] GC(333) Marking Phase
[94.214s][info][gc,phases      ] GC(333) Marking Phase 2546.773ms
[94.214s][info][gc,phases,start] GC(333) Summary Phase
[94.214s][info][gc,phases      ] GC(333) Summary Phase 0.110ms
[94.214s][info][gc,phases,start] GC(333) Adjust Roots
[94.214s][info][gc,phases      ] GC(333) Adjust Roots 0.224ms
[94.214s][info][gc,phases,start] GC(333) Compaction Phase
[95.005s][info][gc,phases      ] GC(333) Compaction Phase 790.867ms
[95.005s][info][gc,phases,start] GC(333) Post Compact
[95.027s][info][gc,phases      ] GC(333) Post Compact 21.839ms
[95.027s][info][gc,heap        ] GC(333) PSYoungGen: 484691K(752128K)->484691K(752128K) Eden: 193536K(193536K)->193536K(193536K) From: 291155K(558592K)->291155K(558592K)
[95.027s][info][gc,heap        ] GC(333) ParOldGen: 10581108K(10581504K)->10581108K(10581504K)
[95.027s][info][gc,metaspace   ] GC(333) Metaspace: 6303K(6528K)->6303K(6528K) NonClass: 5770K(5888K)->5770K(5888K) Class: 533K(640K)->533K(640K)
[95.027s][info][gc             ] GC(333) Pause Full (Ergonomics) 10806M->10806M(11068M) 3360.184ms
[95.027s][info][gc,cpu         ] GC(333) User=25.88s Sys=0.05s Real=3.36s
[95.028s][info][gc,start       ] GC(334) Pause Full (Ergonomics)
[95.028s][info][gc,phases,start] GC(334) Marking Phase
[97.573s][info][gc,phases      ] GC(334) Marking Phase 2545.625ms
[97.573s][info][gc,phases,start] GC(334) Summary Phase
[97.573s][info][gc,phases      ] GC(334) Summary Phase 0.119ms
[97.573s][info][gc,phases,start] GC(334) Adjust Roots
[97.574s][info][gc,phases      ] GC(334) Adjust Roots 0.192ms
[97.574s][info][gc,phases,start] GC(334) Compaction Phase
[98.356s][info][gc,phases      ] GC(334) Compaction Phase 782.203ms
[98.356s][info][gc,phases,start] GC(334) Post Compact
[98.371s][info][gc,phases      ] GC(334) Post Compact 15.363ms
[98.371s][info][gc,heap        ] GC(334) PSYoungGen: 484691K(752128K)->484691K(752128K) Eden: 193536K(193536K)->193536K(193536K) From: 291155K(558592K)->291155K(558592K)
[98.371s][info][gc,heap        ] GC(334) ParOldGen: 10581112K(10581504K)->10581112K(10581504K)
[98.371s][info][gc,metaspace   ] GC(334) Metaspace: 6303K(6528K)->6303K(6528K) NonClass: 5770K(5888K)->5770K(5888K) Class: 533K(640K)->533K(640K)
[98.371s][info][gc             ] GC(334) Pause Full (Ergonomics) 10806M->10806M(11068M) 3343.878ms
[98.371s][info][gc,cpu         ] GC(334) User=25.88s Sys=0.02s Real=3.34s
[98.372s][info][gc,start       ] GC(335) Pause Full (Ergonomics)
[98.372s][info][gc,phases,start] GC(335) Marking Phase
[100.920s][info][gc,phases      ] GC(335) Marking Phase 2547.825ms
[100.920s][info][gc,phases,start] GC(335) Summary Phase
[100.920s][info][gc,phases      ] GC(335) Summary Phase 0.120ms
[100.920s][info][gc,phases,start] GC(335) Adjust Roots
[100.920s][info][gc,phases      ] GC(335) Adjust Roots 0.170ms
[100.920s][info][gc,phases,start] GC(335) Compaction Phase
[101.681s][info][gc,phases      ] GC(335) Compaction Phase 761.545ms
[101.682s][info][gc,phases,start] GC(335) Post Compact
[101.696s][info][gc,phases      ] GC(335) Post Compact 14.553ms
[101.696s][info][gc,heap        ] GC(335) PSYoungGen: 484691K(752128K)->484691K(752128K) Eden: 193536K(193536K)->193536K(193536K) From: 291155K(558592K)->291155K(558592K)
[101.696s][info][gc,heap        ] GC(335) ParOldGen: 10581117K(10581504K)->10581117K(10581504K)
[101.696s][info][gc,metaspace   ] GC(335) Metaspace: 6303K(6528K)->6303K(6528K) NonClass: 5770K(5888K)->5770K(5888K) Class: 533K(640K)->533K(640K)
[101.696s][info][gc             ] GC(335) Pause Full (Ergonomics) 10806M->10806M(11068M) 3324.591ms
[101.696s][info][gc,cpu         ] GC(335) User=25.98s Sys=0.00s Real=3.33s
[101.696s][info][gc,start       ] GC(336) Pause Full (Ergonomics)
[101.697s][info][gc,phases,start] GC(336) Marking Phase
[104.234s][info][gc,phases      ] GC(336) Marking Phase 2537.933ms
[104.235s][info][gc,phases,start] GC(336) Summary Phase
[104.235s][info][gc,phases      ] GC(336) Summary Phase 0.102ms
[104.235s][info][gc,phases,start] GC(336) Adjust Roots
[104.235s][info][gc,phases      ] GC(336) Adjust Roots 0.167ms
[104.235s][info][gc,phases,start] GC(336) Compaction Phase
[104.999s][info][gc,phases      ] GC(336) Compaction Phase 764.385ms
[104.999s][info][gc,phases,start] GC(336) Post Compact
[105.015s][info][gc,phases      ] GC(336) Post Compact 15.283ms
[105.015s][info][gc,heap        ] GC(336) PSYoungGen: 484691K(752128K)->484691K(752128K) Eden: 193536K(193536K)->193536K(193536K) From: 291155K(558592K)->291155K(558592K)
[105.015s][info][gc,heap        ] GC(336) ParOldGen: 10581122K(10581504K)->10581122K(10581504K)
[105.015s][info][gc,metaspace   ] GC(336) Metaspace: 6303K(6528K)->6303K(6528K) NonClass: 5770K(5888K)->5770K(5888K) Class: 533K(640K)->533K(640K)
[105.015s][info][gc             ] GC(336) Pause Full (Ergonomics) 10806M->10806M(11068M) 3318.226ms
[105.015s][info][gc,cpu         ] GC(336) User=26.03s Sys=0.02s Real=3.32s
[105.015s][info][gc,start       ] GC(337) Pause Full (Ergonomics)
[105.015s][info][gc,phases,start] GC(337) Marking Phase
[107.563s][info][gc,phases      ] GC(337) Marking Phase 2547.570ms
[107.563s][info][gc,phases,start] GC(337) Summary Phase
[107.563s][info][gc,phases      ] GC(337) Summary Phase 0.123ms
[107.563s][info][gc,phases,start] GC(337) Adjust Roots
[107.563s][info][gc,phases      ] GC(337) Adjust Roots 0.182ms
[107.563s][info][gc,phases,start] GC(337) Compaction Phase
[108.317s][info][gc,phases      ] GC(337) Compaction Phase 754.003ms
[108.317s][info][gc,phases,start] GC(337) Post Compact
[108.332s][info][gc,phases      ] GC(337) Post Compact 15.269ms
[108.332s][info][gc,heap        ] GC(337) PSYoungGen: 484691K(752128K)->484691K(752128K) Eden: 193536K(193536K)->193536K(193536K) From: 291155K(558592K)->291155K(558592K)
[108.332s][info][gc,heap        ] GC(337) ParOldGen: 10581127K(10581504K)->10581127K(10581504K)
[108.332s][info][gc,metaspace   ] GC(337) Metaspace: 6303K(6528K)->6303K(6528K) NonClass: 5770K(5888K)->5770K(5888K) Class: 533K(640K)->533K(640K)
[108.332s][info][gc             ] GC(337) Pause Full (Ergonomics) 10806M->10806M(11068M) 3317.503ms
[108.332s][info][gc,cpu         ] GC(337) User=25.97s Sys=0.00s Real=3.32s
[108.333s][info][gc,start       ] GC(338) Pause Full (Ergonomics)
[108.333s][info][gc,phases,start] GC(338) Marking Phase
[110.888s][info][gc,phases      ] GC(338) Marking Phase 2555.489ms
[110.888s][info][gc,phases,start] GC(338) Summary Phase
[110.888s][info][gc,phases      ] GC(338) Summary Phase 0.102ms
[110.888s][info][gc,phases,start] GC(338) Adjust Roots
[110.889s][info][gc,phases      ] GC(338) Adjust Roots 0.171ms
[110.889s][info][gc,phases,start] GC(338) Compaction Phase
[111.639s][info][gc,phases      ] GC(338) Compaction Phase 750.492ms
[111.639s][info][gc,phases,start] GC(338) Post Compact
[111.653s][info][gc,phases      ] GC(338) Post Compact 14.347ms
[111.654s][info][gc,heap        ] GC(338) PSYoungGen: 484691K(752128K)->484691K(752128K) Eden: 193536K(193536K)->193536K(193536K) From: 291155K(558592K)->291155K(558592K)
[111.654s][info][gc,heap        ] GC(338) ParOldGen: 10581132K(10581504K)->10581132K(10581504K)
[111.654s][info][gc,metaspace   ] GC(338) Metaspace: 6303K(6528K)->6303K(6528K) NonClass: 5770K(5888K)->5770K(5888K) Class: 533K(640K)->533K(640K)
[111.654s][info][gc             ] GC(338) Pause Full (Ergonomics) 10806M->10806M(11068M) 3320.954ms
[111.654s][info][gc,cpu         ] GC(338) User=26.08s Sys=0.00s Real=3.32s
[111.654s][info][gc,start       ] GC(339) Pause Full (Ergonomics)
[111.654s][info][gc,phases,start] GC(339) Marking Phase
[114.192s][info][gc,phases      ] GC(339) Marking Phase 2538.486ms
[114.192s][info][gc,phases,start] GC(339) Summary Phase
[114.193s][info][gc,phases      ] GC(339) Summary Phase 0.102ms
[114.193s][info][gc,phases,start] GC(339) Adjust Roots
[114.193s][info][gc,phases      ] GC(339) Adjust Roots 0.174ms
[114.193s][info][gc,phases,start] GC(339) Compaction Phase
[114.951s][info][gc,phases      ] GC(339) Compaction Phase 757.892ms
[114.951s][info][gc,phases,start] GC(339) Post Compact
[114.967s][info][gc,phases      ] GC(339) Post Compact 16.480ms
[114.967s][info][gc,heap        ] GC(339) PSYoungGen: 484691K(752128K)->484691K(752128K) Eden: 193536K(193536K)->193536K(193536K) From: 291155K(558592K)->291155K(558592K)
[114.967s][info][gc,heap        ] GC(339) ParOldGen: 10581137K(10581504K)->10581137K(10581504K)
[114.967s][info][gc,metaspace   ] GC(339) Metaspace: 6303K(6528K)->6303K(6528K) NonClass: 5770K(5888K)->5770K(5888K) Class: 533K(640K)->533K(640K)
[114.967s][info][gc             ] GC(339) Pause Full (Ergonomics) 10806M->10806M(11068M) 3313.502ms
[114.967s][info][gc,cpu         ] GC(339) User=25.86s Sys=0.00s Real=3.31s
[114.968s][info][gc,start       ] GC(340) Pause Full (Ergonomics)
[114.968s][info][gc,phases,start] GC(340) Marking Phase
[117.516s][info][gc,phases      ] GC(340) Marking Phase 2547.920ms
[117.516s][info][gc,phases,start] GC(340) Summary Phase
[117.516s][info][gc,phases      ] GC(340) Summary Phase 0.101ms
[117.516s][info][gc,phases,start] GC(340) Adjust Roots
[117.516s][info][gc,phases      ] GC(340) Adjust Roots 0.164ms
[117.516s][info][gc,phases,start] GC(340) Compaction Phase
[118.246s][info][gc,phases      ] GC(340) Compaction Phase 729.600ms
[118.246s][info][gc,phases,start] GC(340) Post Compact
[118.261s][info][gc,phases      ] GC(340) Post Compact 15.607ms
[118.261s][info][gc,heap        ] GC(340) PSYoungGen: 484691K(752128K)->484691K(752128K) Eden: 193536K(193536K)->193536K(193536K) From: 291155K(558592K)->291155K(558592K)
[118.261s][info][gc,heap        ] GC(340) ParOldGen: 10581141K(10581504K)->10581141K(10581504K)
[118.261s][info][gc,metaspace   ] GC(340) Metaspace: 6303K(6528K)->6303K(6528K) NonClass: 5770K(5888K)->5770K(5888K) Class: 533K(640K)->533K(640K)
[118.261s][info][gc             ] GC(340) Pause Full (Ergonomics) 10806M->10806M(11068M) 3293.759ms
[118.261s][info][gc,cpu         ] GC(340) User=25.95s Sys=0.00s Real=3.29s
[118.262s][info][gc,start       ] GC(341) Pause Full (Ergonomics)
[118.262s][info][gc,phases,start] GC(341) Marking Phase
[120.770s][info][gc,phases      ] GC(341) Marking Phase 2508.084ms
[120.770s][info][gc,phases,start] GC(341) Summary Phase
[120.770s][info][gc,phases      ] GC(341) Summary Phase 0.102ms
[120.770s][info][gc,phases,start] GC(341) Adjust Roots
[120.770s][info][gc,phases      ] GC(341) Adjust Roots 0.165ms
[120.770s][info][gc,phases,start] GC(341) Compaction Phase
[121.515s][info][gc,phases      ] GC(341) Compaction Phase 745.144ms
[121.515s][info][gc,phases,start] GC(341) Post Compact
[121.537s][info][gc,phases      ] GC(341) Post Compact 22.068ms
[121.537s][info][gc,heap        ] GC(341) PSYoungGen: 484691K(752128K)->484691K(752128K) Eden: 193536K(193536K)->193536K(193536K) From: 291155K(558592K)->291155K(558592K)
[121.537s][info][gc,heap        ] GC(341) ParOldGen: 10581146K(10581504K)->10581146K(10581504K)
[121.537s][info][gc,metaspace   ] GC(341) Metaspace: 6303K(6528K)->6303K(6528K) NonClass: 5770K(5888K)->5770K(5888K) Class: 533K(640K)->533K(640K)
[121.538s][info][gc             ] GC(341) Pause Full (Ergonomics) 10806M->10806M(11068M) 3275.955ms
[121.538s][info][gc,cpu         ] GC(341) User=25.55s Sys=0.02s Real=3.28s
[121.538s][info][gc,start       ] GC(342) Pause Full (Ergonomics)
[121.538s][info][gc,phases,start] GC(342) Marking Phase
[124.089s][info][gc,phases      ] GC(342) Marking Phase 2551.000ms
[124.089s][info][gc,phases,start] GC(342) Summary Phase
[124.089s][info][gc,phases      ] GC(342) Summary Phase 0.141ms
[124.089s][info][gc,phases,start] GC(342) Adjust Roots
[124.089s][info][gc,phases      ] GC(342) Adjust Roots 0.305ms
[124.089s][info][gc,phases,start] GC(342) Compaction Phase
[124.838s][info][gc,phases      ] GC(342) Compaction Phase 748.355ms
[124.838s][info][gc,phases,start] GC(342) Post Compact
[124.852s][info][gc,phases      ] GC(342) Post Compact 14.610ms
[124.853s][info][gc,heap        ] GC(342) PSYoungGen: 484691K(752128K)->484691K(752128K) Eden: 193536K(193536K)->193536K(193536K) From: 291155K(558592K)->291155K(558592K)
[124.853s][info][gc,heap        ] GC(342) ParOldGen: 10581151K(10581504K)->10581151K(10581504K)
[124.853s][info][gc,metaspace   ] GC(342) Metaspace: 6303K(6528K)->6303K(6528K) NonClass: 5770K(5888K)->5770K(5888K) Class: 533K(640K)->533K(640K)
[124.853s][info][gc             ] GC(342) Pause Full (Ergonomics) 10806M->10806M(11068M) 3314.793ms
[124.853s][info][gc,cpu         ] GC(342) User=25.91s Sys=0.00s Real=3.31s
[124.853s][info][gc,start       ] GC(343) Pause Full (Ergonomics)
[124.853s][info][gc,phases,start] GC(343) Marking Phase
[127.374s][info][gc,phases      ] GC(343) Marking Phase 2521.549ms
[127.374s][info][gc,phases,start] GC(343) Summary Phase
[127.375s][info][gc,phases      ] GC(343) Summary Phase 0.103ms
[127.375s][info][gc,phases,start] GC(343) Adjust Roots
[127.375s][info][gc,phases      ] GC(343) Adjust Roots 0.166ms
[127.375s][info][gc,phases,start] GC(343) Compaction Phase
[128.134s][info][gc,phases      ] GC(343) Compaction Phase 759.254ms
[128.134s][info][gc,phases,start] GC(343) Post Compact
[128.150s][info][gc,phases      ] GC(343) Post Compact 16.126ms
[128.150s][info][gc,heap        ] GC(343) PSYoungGen: 484691K(752128K)->484691K(752128K) Eden: 193536K(193536K)->193536K(193536K) From: 291155K(558592K)->291155K(558592K)
[128.150s][info][gc,heap        ] GC(343) ParOldGen: 10581156K(10581504K)->10581156K(10581504K)
[128.150s][info][gc,metaspace   ] GC(343) Metaspace: 6303K(6528K)->6303K(6528K) NonClass: 5770K(5888K)->5770K(5888K) Class: 533K(640K)->533K(640K)
[128.150s][info][gc             ] GC(343) Pause Full (Ergonomics) 10806M->10806M(11068M) 3297.541ms
[128.150s][info][gc,cpu         ] GC(343) User=25.67s Sys=0.00s Real=3.30s
[128.151s][info][gc,start       ] GC(344) Pause Full (Ergonomics)
[128.151s][info][gc,phases,start] GC(344) Marking Phase
[130.674s][info][gc,phases      ] GC(344) Marking Phase 2523.433ms
[130.674s][info][gc,phases,start] GC(344) Summary Phase
[130.674s][info][gc,phases      ] GC(344) Summary Phase 0.107ms
[130.674s][info][gc,phases,start] GC(344) Adjust Roots
[130.674s][info][gc,phases      ] GC(344) Adjust Roots 0.177ms
[130.674s][info][gc,phases,start] GC(344) Compaction Phase
[131.410s][info][gc,phases      ] GC(344) Compaction Phase 735.533ms
[131.410s][info][gc,phases,start] GC(344) Post Compact
[131.426s][info][gc,phases      ] GC(344) Post Compact 16.067ms
[131.426s][info][gc,heap        ] GC(344) PSYoungGen: 484691K(752128K)->484691K(752128K) Eden: 193536K(193536K)->193536K(193536K) From: 291155K(558592K)->291155K(558592K)
[131.426s][info][gc,heap        ] GC(344) ParOldGen: 10581161K(10581504K)->10581161K(10581504K)
[131.426s][info][gc,metaspace   ] GC(344) Metaspace: 6303K(6528K)->6303K(6528K) NonClass: 5770K(5888K)->5770K(5888K) Class: 533K(640K)->533K(640K)
[131.426s][info][gc             ] GC(344) Pause Full (Ergonomics) 10806M->10806M(11068M) 3275.662ms
[131.426s][info][gc,cpu         ] GC(344) User=25.78s Sys=0.00s Real=3.28s
[131.426s][info][gc,start       ] GC(345) Pause Full (Ergonomics)
[131.426s][info][gc,phases,start] GC(345) Marking Phase
[133.963s][info][gc,phases      ] GC(345) Marking Phase 2536.202ms
[133.963s][info][gc,phases,start] GC(345) Summary Phase
[133.963s][info][gc,phases      ] GC(345) Summary Phase 0.118ms
[133.963s][info][gc,phases,start] GC(345) Adjust Roots
[133.963s][info][gc,phases      ] GC(345) Adjust Roots 0.205ms
[133.963s][info][gc,phases,start] GC(345) Compaction Phase
[134.804s][info][gc,phases      ] GC(345) Compaction Phase 840.468ms
[134.804s][info][gc,phases,start] GC(345) Post Compact
[134.822s][info][gc,phases      ] GC(345) Post Compact 18.580ms
[134.822s][info][gc,heap        ] GC(345) PSYoungGen: 484691K(752128K)->484691K(752128K) Eden: 193536K(193536K)->193536K(193536K) From: 291155K(558592K)->291155K(558592K)
[134.822s][info][gc,heap        ] GC(345) ParOldGen: 10581166K(10581504K)->10581166K(10581504K)
[134.822s][info][gc,metaspace   ] GC(345) Metaspace: 6303K(6528K)->6303K(6528K) NonClass: 5770K(5888K)->5770K(5888K) Class: 533K(640K)->533K(640K)
[134.822s][info][gc             ] GC(345) Pause Full (Ergonomics) 10806M->10806M(11068M) 3395.953ms
[134.822s][info][gc,cpu         ] GC(345) User=25.69s Sys=0.02s Real=3.40s
[134.823s][info][gc,start       ] GC(346) Pause Full (Ergonomics)
[134.823s][info][gc,phases,start] GC(346) Marking Phase
[137.325s][info][gc,phases      ] GC(346) Marking Phase 2502.344ms
[137.325s][info][gc,phases,start] GC(346) Summary Phase
[137.325s][info][gc,phases      ] GC(346) Summary Phase 0.105ms
[137.325s][info][gc,phases,start] GC(346) Adjust Roots
[137.325s][info][gc,phases      ] GC(346) Adjust Roots 0.176ms
[137.325s][info][gc,phases,start] GC(346) Compaction Phase
[138.053s][info][gc,phases      ] GC(346) Compaction Phase 728.071ms
[138.053s][info][gc,phases,start] GC(346) Post Compact
[138.075s][info][gc,phases      ] GC(346) Post Compact 21.706ms
[138.075s][info][gc,heap        ] GC(346) PSYoungGen: 484691K(752128K)->484691K(752128K) Eden: 193536K(193536K)->193536K(193536K) From: 291155K(558592K)->291155K(558592K)
[138.075s][info][gc,heap        ] GC(346) ParOldGen: 10581170K(10581504K)->10581170K(10581504K)
[138.075s][info][gc,metaspace   ] GC(346) Metaspace: 6303K(6528K)->6303K(6528K) NonClass: 5770K(5888K)->5770K(5888K) Class: 533K(640K)->533K(640K)
[138.075s][info][gc             ] GC(346) Pause Full (Ergonomics) 10806M->10806M(11068M) 3252.814ms
[138.075s][info][gc,cpu         ] GC(346) User=25.45s Sys=0.00s Real=3.25s
[138.076s][info][gc,start       ] GC(347) Pause Full (Ergonomics)
[138.076s][info][gc,phases,start] GC(347) Marking Phase
[140.589s][info][gc,phases      ] GC(347) Marking Phase 2513.246ms
[140.589s][info][gc,phases,start] GC(347) Summary Phase
[140.589s][info][gc,phases      ] GC(347) Summary Phase 0.113ms
[140.589s][info][gc,phases,start] GC(347) Adjust Roots
[140.589s][info][gc,phases      ] GC(347) Adjust Roots 0.187ms
[140.589s][info][gc,phases,start] GC(347) Compaction Phase
[141.333s][info][gc,phases      ] GC(347) Compaction Phase 743.895ms
[141.333s][info][gc,phases,start] GC(347) Post Compact
[141.351s][info][gc,phases      ] GC(347) Post Compact 17.519ms
[141.351s][info][gc,heap        ] GC(347) PSYoungGen: 484691K(752128K)->484691K(752128K) Eden: 193536K(193536K)->193536K(193536K) From: 291155K(558592K)->291155K(558592K)
[141.351s][info][gc,heap        ] GC(347) ParOldGen: 10581175K(10581504K)->10581175K(10581504K)
[141.351s][info][gc,metaspace   ] GC(347) Metaspace: 6303K(6528K)->6303K(6528K) NonClass: 5770K(5888K)->5770K(5888K) Class: 533K(640K)->533K(640K)
[141.351s][info][gc             ] GC(347) Pause Full (Ergonomics) 10806M->10806M(11068M) 3275.371ms
[141.351s][info][gc,cpu         ] GC(347) User=25.52s Sys=0.00s Real=3.28s
[141.351s][info][gc,start       ] GC(348) Pause Full (Ergonomics)
[141.351s][info][gc,phases,start] GC(348) Marking Phase
[143.860s][info][gc,phases      ] GC(348) Marking Phase 2508.962ms
[143.860s][info][gc,phases,start] GC(348) Summary Phase
[143.860s][info][gc,phases      ] GC(348) Summary Phase 0.107ms
[143.860s][info][gc,phases,start] GC(348) Adjust Roots
[143.861s][info][gc,phases      ] GC(348) Adjust Roots 0.179ms
[143.861s][info][gc,phases,start] GC(348) Compaction Phase
[144.574s][info][gc,phases      ] GC(348) Compaction Phase 713.458ms
[144.574s][info][gc,phases,start] GC(348) Post Compact
[144.591s][info][gc,phases      ] GC(348) Post Compact 16.371ms
[144.591s][info][gc,heap        ] GC(348) PSYoungGen: 484691K(752128K)->484691K(752128K) Eden: 193536K(193536K)->193536K(193536K) From: 291155K(558592K)->291155K(558592K)
[144.591s][info][gc,heap        ] GC(348) ParOldGen: 10581180K(10581504K)->10581180K(10581504K)
[144.591s][info][gc,metaspace   ] GC(348) Metaspace: 6303K(6528K)->6303K(6528K) NonClass: 5770K(5888K)->5770K(5888K) Class: 533K(640K)->533K(640K)
[144.591s][info][gc             ] GC(348) Pause Full (Ergonomics) 10806M->10806M(11068M) 3239.450ms
[144.591s][info][gc,cpu         ] GC(348) User=25.64s Sys=0.00s Real=3.24s
[144.591s][info][gc,start       ] GC(349) Pause Full (Ergonomics)
[144.591s][info][gc,phases,start] GC(349) Marking Phase
[147.064s][info][gc,phases      ] GC(349) Marking Phase 2472.725ms
[147.064s][info][gc,phases,start] GC(349) Summary Phase
[147.064s][info][gc,phases      ] GC(349) Summary Phase 0.137ms
[147.064s][info][gc,phases,start] GC(349) Adjust Roots
[147.064s][info][gc,phases      ] GC(349) Adjust Roots 0.250ms
[147.064s][info][gc,phases,start] GC(349) Compaction Phase
[147.798s][info][gc,phases      ] GC(349) Compaction Phase 733.360ms
[147.798s][info][gc,phases,start] GC(349) Post Compact
[147.814s][info][gc,phases      ] GC(349) Post Compact 16.717ms
[147.814s][info][gc,heap        ] GC(349) PSYoungGen: 484691K(752128K)->484691K(752128K) Eden: 193536K(193536K)->193536K(193536K) From: 291155K(558592K)->291155K(558592K)
[147.814s][info][gc,heap        ] GC(349) ParOldGen: 10581185K(10581504K)->10581185K(10581504K)
[147.814s][info][gc,metaspace   ] GC(349) Metaspace: 6303K(6528K)->6303K(6528K) NonClass: 5770K(5888K)->5770K(5888K) Class: 533K(640K)->533K(640K)
[147.814s][info][gc             ] GC(349) Pause Full (Ergonomics) 10806M->10806M(11068M) 3223.572ms
[147.814s][info][gc,cpu         ] GC(349) User=25.16s Sys=0.02s Real=3.22s
[147.815s][info][gc,start       ] GC(350) Pause Full (Ergonomics)
[147.815s][info][gc,phases,start] GC(350) Marking Phase
[150.300s][info][gc,phases      ] GC(350) Marking Phase 2485.659ms
[150.300s][info][gc,phases,start] GC(350) Summary Phase
[150.301s][info][gc,phases      ] GC(350) Summary Phase 0.127ms
[150.301s][info][gc,phases,start] GC(350) Adjust Roots
[150.301s][info][gc,phases      ] GC(350) Adjust Roots 0.218ms
[150.301s][info][gc,phases,start] GC(350) Compaction Phase
[151.044s][info][gc,phases      ] GC(350) Compaction Phase 742.771ms
[151.044s][info][gc,phases,start] GC(350) Post Compact
[151.062s][info][gc,phases      ] GC(350) Post Compact 18.030ms
[151.062s][info][gc,heap        ] GC(350) PSYoungGen: 484691K(752128K)->484691K(752128K) Eden: 193536K(193536K)->193536K(193536K) From: 291155K(558592K)->291155K(558592K)
[151.062s][info][gc,heap        ] GC(350) ParOldGen: 10581190K(10581504K)->10581190K(10581504K)
[151.062s][info][gc,metaspace   ] GC(350) Metaspace: 6303K(6528K)->6303K(6528K) NonClass: 5770K(5888K)->5770K(5888K) Class: 533K(640K)->533K(640K)
[151.062s][info][gc             ] GC(350) Pause Full (Ergonomics) 10806M->10806M(11068M) 3247.220ms
[151.062s][info][gc,cpu         ] GC(350) User=25.28s Sys=0.00s Real=3.25s
[151.062s][info][gc,start       ] GC(351) Pause Full (Ergonomics)
[151.062s][info][gc,phases,start] GC(351) Marking Phase
[153.555s][info][gc,phases      ] GC(351) Marking Phase 2492.502ms
[153.555s][info][gc,phases,start] GC(351) Summary Phase
[153.555s][info][gc,phases      ] GC(351) Summary Phase 0.110ms
[153.555s][info][gc,phases,start] GC(351) Adjust Roots
[153.555s][info][gc,phases      ] GC(351) Adjust Roots 0.182ms
[153.555s][info][gc,phases,start] GC(351) Compaction Phase
[154.286s][info][gc,phases      ] GC(351) Compaction Phase 730.744ms
[154.286s][info][gc,phases,start] GC(351) Post Compact
[154.304s][info][gc,phases      ] GC(351) Post Compact 17.914ms
[154.304s][info][gc,heap        ] GC(351) PSYoungGen: 484691K(752128K)->484691K(752128K) Eden: 193536K(193536K)->193536K(193536K) From: 291155K(558592K)->291155K(558592K)
[154.304s][info][gc,heap        ] GC(351) ParOldGen: 10581195K(10581504K)->10581195K(10581504K)
[154.304s][info][gc,metaspace   ] GC(351) Metaspace: 6303K(6528K)->6303K(6528K) NonClass: 5770K(5888K)->5770K(5888K) Class: 533K(640K)->533K(640K)
[154.304s][info][gc             ] GC(351) Pause Full (Ergonomics) 10806M->10806M(11068M) 3241.825ms
[154.304s][info][gc,cpu         ] GC(351) User=25.36s Sys=0.00s Real=3.24s
[154.304s][info][gc,start       ] GC(352) Pause Full (Ergonomics)
[154.304s][info][gc,phases,start] GC(352) Marking Phase
[156.837s][info][gc,phases      ] GC(352) Marking Phase 2533.013ms
[156.837s][info][gc,phases,start] GC(352) Summary Phase
[156.837s][info][gc,phases      ] GC(352) Summary Phase 0.117ms
[156.837s][info][gc,phases,start] GC(352) Adjust Roots
[156.838s][info][gc,phases      ] GC(352) Adjust Roots 0.216ms
[156.838s][info][gc,phases,start] GC(352) Compaction Phase
[157.594s][info][gc,phases      ] GC(352) Compaction Phase 755.909ms
[157.594s][info][gc,phases,start] GC(352) Post Compact
[157.611s][info][gc,phases      ] GC(352) Post Compact 17.401ms
[157.611s][info][gc,heap        ] GC(352) PSYoungGen: 484691K(752128K)->484691K(752128K) Eden: 193536K(193536K)->193536K(193536K) From: 291155K(558592K)->291155K(558592K)
[157.611s][info][gc,heap        ] GC(352) ParOldGen: 10581199K(10581504K)->10581199K(10581504K)
[157.611s][info][gc,metaspace   ] GC(352) Metaspace: 6303K(6528K)->6303K(6528K) NonClass: 5770K(5888K)->5770K(5888K) Class: 533K(640K)->533K(640K)
[157.611s][info][gc             ] GC(352) Pause Full (Ergonomics) 10806M->10806M(11068M) 3307.032ms
[157.611s][info][gc,cpu         ] GC(352) User=25.67s Sys=0.03s Real=3.31s
[157.611s][info][gc,start       ] GC(353) Pause Full (Ergonomics)
[157.611s][info][gc,phases,start] GC(353) Marking Phase
[160.131s][info][gc,phases      ] GC(353) Marking Phase 2519.944ms
[160.131s][info][gc,phases,start] GC(353) Summary Phase
[160.132s][info][gc,phases      ] GC(353) Summary Phase 0.113ms
[160.132s][info][gc,phases,start] GC(353) Adjust Roots
[160.132s][info][gc,phases      ] GC(353) Adjust Roots 0.181ms
[160.132s][info][gc,phases,start] GC(353) Compaction Phase
[160.857s][info][gc,phases      ] GC(353) Compaction Phase 724.741ms
[160.857s][info][gc,phases,start] GC(353) Post Compact
[160.873s][info][gc,phases      ] GC(353) Post Compact 16.771ms
[160.873s][info][gc,heap        ] GC(353) PSYoungGen: 484691K(752128K)->484691K(752128K) Eden: 193536K(193536K)->193536K(193536K) From: 291155K(558592K)->291155K(558592K)
[160.873s][info][gc,heap        ] GC(353) ParOldGen: 10581204K(10581504K)->10581204K(10581504K)
[160.873s][info][gc,metaspace   ] GC(353) Metaspace: 6303K(6528K)->6303K(6528K) NonClass: 5770K(5888K)->5770K(5888K) Class: 533K(640K)->533K(640K)
[160.874s][info][gc             ] GC(353) Pause Full (Ergonomics) 10806M->10806M(11068M) 3262.113ms
[160.874s][info][gc,cpu         ] GC(353) User=25.48s Sys=0.02s Real=3.26s
[160.874s][info][gc,start       ] GC(354) Pause Full (Ergonomics)
[160.874s][info][gc,phases,start] GC(354) Marking Phase
[163.401s][info][gc,phases      ] GC(354) Marking Phase 2527.668ms
[163.401s][info][gc,phases,start] GC(354) Summary Phase
[163.402s][info][gc,phases      ] GC(354) Summary Phase 0.112ms
[163.402s][info][gc,phases,start] GC(354) Adjust Roots
[163.402s][info][gc,phases      ] GC(354) Adjust Roots 0.215ms
[163.402s][info][gc,phases,start] GC(354) Compaction Phase
[164.150s][info][gc,phases      ] GC(354) Compaction Phase 748.215ms
[164.150s][info][gc,phases,start] GC(354) Post Compact
[164.168s][info][gc,phases      ] GC(354) Post Compact 17.843ms
[164.168s][info][gc,heap        ] GC(354) PSYoungGen: 484691K(752128K)->484691K(752128K) Eden: 193536K(193536K)->193536K(193536K) From: 291155K(558592K)->291155K(558592K)
[164.168s][info][gc,heap        ] GC(354) ParOldGen: 10581209K(10581504K)->10581209K(10581504K)
[164.168s][info][gc,metaspace   ] GC(354) Metaspace: 6303K(6528K)->6303K(6528K) NonClass: 5770K(5888K)->5770K(5888K) Class: 533K(640K)->533K(640K)
[164.168s][info][gc             ] GC(354) Pause Full (Ergonomics) 10806M->10806M(11068M) 3294.436ms
[164.168s][info][gc,cpu         ] GC(354) User=25.39s Sys=0.00s Real=3.30s
[164.168s][info][gc,start       ] GC(355) Pause Full (Ergonomics)
[164.168s][info][gc,phases,start] GC(355) Marking Phase
[166.687s][info][gc,phases      ] GC(355) Marking Phase 2518.768ms
[166.687s][info][gc,phases,start] GC(355) Summary Phase
[166.687s][info][gc,phases      ] GC(355) Summary Phase 0.126ms
[166.687s][info][gc,phases,start] GC(355) Adjust Roots
[166.688s][info][gc,phases      ] GC(355) Adjust Roots 0.183ms
[166.688s][info][gc,phases,start] GC(355) Compaction Phase
[167.391s][info][gc,phases      ] GC(355) Compaction Phase 703.262ms
[167.391s][info][gc,phases,start] GC(355) Post Compact
[167.408s][info][gc,phases      ] GC(355) Post Compact 16.623ms
[167.408s][info][gc,heap        ] GC(355) PSYoungGen: 484691K(752128K)->484691K(752128K) Eden: 193536K(193536K)->193536K(193536K) From: 291155K(558592K)->291155K(558592K)
[167.408s][info][gc,heap        ] GC(355) ParOldGen: 10581214K(10581504K)->10581214K(10581504K)
[167.408s][info][gc,metaspace   ] GC(355) Metaspace: 6303K(6528K)->6303K(6528K) NonClass: 5770K(5888K)->5770K(5888K) Class: 533K(640K)->533K(640K)
[167.408s][info][gc             ] GC(355) Pause Full (Ergonomics) 10806M->10806M(11068M) 3239.324ms
[167.408s][info][gc,cpu         ] GC(355) User=25.41s Sys=0.00s Real=3.24s
[167.408s][info][gc,start       ] GC(356) Pause Full (Ergonomics)
[167.408s][info][gc,phases,start] GC(356) Marking Phase
[169.937s][info][gc,phases      ] GC(356) Marking Phase 2529.200ms
[169.937s][info][gc,phases,start] GC(356) Summary Phase
[169.937s][info][gc,phases      ] GC(356) Summary Phase 0.124ms
[169.937s][info][gc,phases,start] GC(356) Adjust Roots
[169.938s][info][gc,phases      ] GC(356) Adjust Roots 0.187ms
[169.938s][info][gc,phases,start] GC(356) Compaction Phase
[170.624s][info][gc,phases      ] GC(356) Compaction Phase 686.736ms
[170.624s][info][gc,phases,start] GC(356) Post Compact
[170.641s][info][gc,phases      ] GC(356) Post Compact 16.634ms
[170.641s][info][gc,heap        ] GC(356) PSYoungGen: 484691K(752128K)->484691K(752128K) Eden: 193536K(193536K)->193536K(193536K) From: 291155K(558592K)->291155K(558592K)
[170.641s][info][gc,heap        ] GC(356) ParOldGen: 10581219K(10581504K)->10581219K(10581504K)
[170.641s][info][gc,metaspace   ] GC(356) Metaspace: 6303K(6528K)->6303K(6528K) NonClass: 5770K(5888K)->5770K(5888K) Class: 533K(640K)->533K(640K)
[170.641s][info][gc             ] GC(356) Pause Full (Ergonomics) 10806M->10806M(11068M) 3233.252ms
[170.641s][info][gc,cpu         ] GC(356) User=25.30s Sys=0.02s Real=3.23s
[170.641s][info][gc,start       ] GC(357) Pause Full (Ergonomics)
[170.641s][info][gc,phases,start] GC(357) Marking Phase
[173.142s][info][gc,phases      ] GC(357) Marking Phase 2500.236ms
[173.142s][info][gc,phases,start] GC(357) Summary Phase
[173.142s][info][gc,phases      ] GC(357) Summary Phase 0.113ms
[173.142s][info][gc,phases,start] GC(357) Adjust Roots
[173.142s][info][gc,phases      ] GC(357) Adjust Roots 0.181ms
[173.142s][info][gc,phases,start] GC(357) Compaction Phase
[173.821s][info][gc,phases      ] GC(357) Compaction Phase 679.223ms
[173.821s][info][gc,phases,start] GC(357) Post Compact
[173.838s][info][gc,phases      ] GC(357) Post Compact 16.164ms
[173.838s][info][gc,heap        ] GC(357) PSYoungGen: 484691K(752128K)->484691K(752128K) Eden: 193536K(193536K)->193536K(193536K) From: 291155K(558592K)->291155K(558592K)
[173.838s][info][gc,heap        ] GC(357) ParOldGen: 10581224K(10581504K)->10581224K(10581504K)
[173.838s][info][gc,metaspace   ] GC(357) Metaspace: 6303K(6528K)->6303K(6528K) NonClass: 5770K(5888K)->5770K(5888K) Class: 533K(640K)->533K(640K)
[173.838s][info][gc             ] GC(357) Pause Full (Ergonomics) 10806M->10806M(11068M) 3196.280ms
[173.838s][info][gc,cpu         ] GC(357) User=25.08s Sys=0.00s Real=3.20s
[173.838s][info][gc,start       ] GC(358) Pause Full (Ergonomics)
[173.838s][info][gc,phases,start] GC(358) Marking Phase
[176.333s][info][gc,phases      ] GC(358) Marking Phase 2495.390ms
[176.333s][info][gc,phases,start] GC(358) Summary Phase
[176.334s][info][gc,phases      ] GC(358) Summary Phase 0.136ms
[176.334s][info][gc,phases,start] GC(358) Adjust Roots
[176.334s][info][gc,phases      ] GC(358) Adjust Roots 0.234ms
[176.334s][info][gc,phases,start] GC(358) Compaction Phase
[177.004s][info][gc,phases      ] GC(358) Compaction Phase 670.282ms
[177.004s][info][gc,phases,start] GC(358) Post Compact
[177.022s][info][gc,phases      ] GC(358) Post Compact 18.210ms
[177.022s][info][gc,heap        ] GC(358) PSYoungGen: 484691K(752128K)->484691K(752128K) Eden: 193536K(193536K)->193536K(193536K) From: 291155K(558592K)->291155K(558592K)
[177.023s][info][gc,heap        ] GC(358) ParOldGen: 10581228K(10581504K)->10581228K(10581504K)
[177.023s][info][gc,metaspace   ] GC(358) Metaspace: 6303K(6528K)->6303K(6528K) NonClass: 5770K(5888K)->5770K(5888K) Class: 533K(640K)->533K(640K)
[177.023s][info][gc             ] GC(358) Pause Full (Ergonomics) 10806M->10806M(11068M) 3184.647ms
[177.023s][info][gc,cpu         ] GC(358) User=24.81s Sys=0.00s Real=3.18s
[177.023s][info][gc,start       ] GC(359) Pause Full (Ergonomics)
[177.023s][info][gc,phases,start] GC(359) Marking Phase
[179.528s][info][gc,phases      ] GC(359) Marking Phase 2505.510ms
[179.528s][info][gc,phases,start] GC(359) Summary Phase
[179.529s][info][gc,phases      ] GC(359) Summary Phase 0.228ms
[179.529s][info][gc,phases,start] GC(359) Adjust Roots
[179.529s][info][gc,phases      ] GC(359) Adjust Roots 0.298ms
[179.529s][info][gc,phases,start] GC(359) Compaction Phase
[180.200s][info][gc,phases      ] GC(359) Compaction Phase 671.083ms
[180.200s][info][gc,phases,start] GC(359) Post Compact
[180.218s][info][gc,phases      ] GC(359) Post Compact 18.002ms
[180.218s][info][gc,heap        ] GC(359) PSYoungGen: 484691K(752128K)->484691K(752128K) Eden: 193536K(193536K)->193536K(193536K) From: 291155K(558592K)->291155K(558592K)
[180.218s][info][gc,heap        ] GC(359) ParOldGen: 10581233K(10581504K)->10581233K(10581504K)
[180.218s][info][gc,metaspace   ] GC(359) Metaspace: 6303K(6528K)->6303K(6528K) NonClass: 5770K(5888K)->5770K(5888K) Class: 533K(640K)->533K(640K)
[180.218s][info][gc             ] GC(359) Pause Full (Ergonomics) 10806M->10806M(11068M) 3195.486ms
[180.218s][info][gc,cpu         ] GC(359) User=25.00s Sys=0.00s Real=3.19s
[180.218s][info][gc,start       ] GC(360) Pause Full (Ergonomics)
[180.218s][info][gc,phases,start] GC(360) Marking Phase
[182.722s][info][gc,phases      ] GC(360) Marking Phase 2503.548ms
[182.722s][info][gc,phases,start] GC(360) Summary Phase
[182.722s][info][gc,phases      ] GC(360) Summary Phase 0.165ms
[182.722s][info][gc,phases,start] GC(360) Adjust Roots
[182.723s][info][gc,phases      ] GC(360) Adjust Roots 0.336ms
[182.723s][info][gc,phases,start] GC(360) Compaction Phase
[183.389s][info][gc,phases      ] GC(360) Compaction Phase 666.447ms
[183.389s][info][gc,phases,start] GC(360) Post Compact
[183.406s][info][gc,phases      ] GC(360) Post Compact 16.681ms
[183.406s][info][gc,heap        ] GC(360) PSYoungGen: 484691K(752128K)->484691K(752128K) Eden: 193536K(193536K)->193536K(193536K) From: 291155K(558592K)->291155K(558592K)
[183.406s][info][gc,heap        ] GC(360) ParOldGen: 10581238K(10581504K)->10581238K(10581504K)
[183.406s][info][gc,metaspace   ] GC(360) Metaspace: 6303K(6528K)->6303K(6528K) NonClass: 5770K(5888K)->5770K(5888K) Class: 533K(640K)->533K(640K)
[183.406s][info][gc             ] GC(360) Pause Full (Ergonomics) 10806M->10806M(11068M) 3187.548ms
[183.406s][info][gc,cpu         ] GC(360) User=24.97s Sys=0.00s Real=3.19s
[183.406s][info][gc,start       ] GC(361) Pause Full (Ergonomics)
[183.406s][info][gc,phases,start] GC(361) Marking Phase
[185.937s][info][gc,phases      ] GC(361) Marking Phase 2531.006ms
[185.937s][info][gc,phases,start] GC(361) Summary Phase
[185.937s][info][gc,phases      ] GC(361) Summary Phase 0.134ms
[185.937s][info][gc,phases,start] GC(361) Adjust Roots
[185.938s][info][gc,phases      ] GC(361) Adjust Roots 0.229ms
[185.938s][info][gc,phases,start] GC(361) Compaction Phase
[186.594s][info][gc,phases      ] GC(361) Compaction Phase 656.539ms
[186.594s][info][gc,phases,start] GC(361) Post Compact
[186.611s][info][gc,phases      ] GC(361) Post Compact 17.128ms
[186.612s][info][gc,heap        ] GC(361) PSYoungGen: 484691K(752128K)->484691K(752128K) Eden: 193536K(193536K)->193536K(193536K) From: 291155K(558592K)->291155K(558592K)
[186.612s][info][gc,heap        ] GC(361) ParOldGen: 10581243K(10581504K)->10581243K(10581504K)
[186.612s][info][gc,metaspace   ] GC(361) Metaspace: 6303K(6528K)->6303K(6528K) NonClass: 5770K(5888K)->5770K(5888K) Class: 533K(640K)->533K(640K)
[186.612s][info][gc             ] GC(361) Pause Full (Ergonomics) 10806M->10806M(11068M) 3205.421ms
[186.612s][info][gc,cpu         ] GC(361) User=25.02s Sys=0.03s Real=3.20s
[186.612s][info][gc,start       ] GC(362) Pause Full (Ergonomics)
[186.612s][info][gc,phases,start] GC(362) Marking Phase
[189.114s][info][gc,phases      ] GC(362) Marking Phase 2502.036ms
[189.114s][info][gc,phases,start] GC(362) Summary Phase
[189.114s][info][gc,phases      ] GC(362) Summary Phase 0.111ms
[189.114s][info][gc,phases,start] GC(362) Adjust Roots
[189.114s][info][gc,phases      ] GC(362) Adjust Roots 0.202ms
[189.114s][info][gc,phases,start] GC(362) Compaction Phase
[189.782s][info][gc,phases      ] GC(362) Compaction Phase 667.582ms
[189.782s][info][gc,phases,start] GC(362) Post Compact
[189.798s][info][gc,phases      ] GC(362) Post Compact 16.164ms
[189.798s][info][gc,heap        ] GC(362) PSYoungGen: 484691K(752128K)->484691K(752128K) Eden: 193536K(193536K)->193536K(193536K) From: 291155K(558592K)->291155K(558592K)
[189.798s][info][gc,heap        ] GC(362) ParOldGen: 10581248K(10581504K)->10581248K(10581504K)
[189.798s][info][gc,metaspace   ] GC(362) Metaspace: 6303K(6528K)->6303K(6528K) NonClass: 5770K(5888K)->5770K(5888K) Class: 533K(640K)->533K(640K)
[189.798s][info][gc             ] GC(362) Pause Full (Ergonomics) 10806M->10806M(11068M) 3186.416ms
[189.798s][info][gc,cpu         ] GC(362) User=24.92s Sys=0.00s Real=3.19s
[189.798s][info][gc,start       ] GC(363) Pause Full (Ergonomics)
[189.799s][info][gc,phases,start] GC(363) Marking Phase
[192.330s][info][gc,phases      ] GC(363) Marking Phase 2531.068ms
[192.330s][info][gc,phases,start] GC(363) Summary Phase
[192.330s][info][gc,phases      ] GC(363) Summary Phase 0.126ms
[192.330s][info][gc,phases,start] GC(363) Adjust Roots
[192.330s][info][gc,phases      ] GC(363) Adjust Roots 0.259ms
[192.330s][info][gc,phases,start] GC(363) Compaction Phase
[192.989s][info][gc,phases      ] GC(363) Compaction Phase 659.210ms
[192.989s][info][gc,phases,start] GC(363) Post Compact
[193.004s][info][gc,phases      ] GC(363) Post Compact 14.770ms
[193.004s][info][gc,heap        ] GC(363) PSYoungGen: 484691K(752128K)->484691K(752128K) Eden: 193536K(193536K)->193536K(193536K) From: 291155K(558592K)->291155K(558592K)
[193.004s][info][gc,heap        ] GC(363) ParOldGen: 10581253K(10581504K)->10581253K(10581504K)
[193.004s][info][gc,metaspace   ] GC(363) Metaspace: 6303K(6528K)->6303K(6528K) NonClass: 5770K(5888K)->5770K(5888K) Class: 533K(640K)->533K(640K)
[193.004s][info][gc             ] GC(363) Pause Full (Ergonomics) 10806M->10806M(11068M) 3205.756ms
[193.004s][info][gc,cpu         ] GC(363) User=24.98s Sys=0.00s Real=3.21s
[193.004s][info][gc,start       ] GC(364) Pause Full (Ergonomics)
[193.004s][info][gc,phases,start] GC(364) Marking Phase
[195.540s][info][gc,phases      ] GC(364) Marking Phase 2535.548ms
[195.540s][info][gc,phases,start] GC(364) Summary Phase
[195.540s][info][gc,phases      ] GC(364) Summary Phase 0.154ms
[195.540s][info][gc,phases,start] GC(364) Adjust Roots
[195.541s][info][gc,phases      ] GC(364) Adjust Roots 0.311ms
[195.541s][info][gc,phases,start] GC(364) Compaction Phase
[196.202s][info][gc,phases      ] GC(364) Compaction Phase 661.432ms
[196.202s][info][gc,phases,start] GC(364) Post Compact
[196.217s][info][gc,phases      ] GC(364) Post Compact 15.062ms
[196.217s][info][gc,heap        ] GC(364) PSYoungGen: 484691K(752128K)->484691K(752128K) Eden: 193536K(193536K)->193536K(193536K) From: 291155K(558592K)->291155K(558592K)
[196.217s][info][gc,heap        ] GC(364) ParOldGen: 10581257K(10581504K)->10581257K(10581504K)
[196.217s][info][gc,metaspace   ] GC(364) Metaspace: 6303K(6528K)->6303K(6528K) NonClass: 5770K(5888K)->5770K(5888K) Class: 533K(640K)->533K(640K)
[196.217s][info][gc             ] GC(364) Pause Full (Ergonomics) 10806M->10806M(11068M) 3212.885ms
[196.217s][info][gc,cpu         ] GC(364) User=25.11s Sys=0.00s Real=3.21s
[196.218s][info][gc,start       ] GC(365) Pause Full (Ergonomics)
[196.218s][info][gc,phases,start] GC(365) Marking Phase
[198.711s][info][gc,phases      ] GC(365) Marking Phase 2493.476ms
[198.711s][info][gc,phases,start] GC(365) Summary Phase
[198.711s][info][gc,phases      ] GC(365) Summary Phase 0.113ms
[198.711s][info][gc,phases,start] GC(365) Adjust Roots
[198.711s][info][gc,phases      ] GC(365) Adjust Roots 0.205ms
[198.711s][info][gc,phases,start] GC(365) Compaction Phase
[199.372s][info][gc,phases      ] GC(365) Compaction Phase 660.915ms
[199.372s][info][gc,phases,start] GC(365) Post Compact
[199.387s][info][gc,phases      ] GC(365) Post Compact 14.798ms
[199.387s][info][gc,heap        ] GC(365) PSYoungGen: 484691K(752128K)->484691K(752128K) Eden: 193536K(193536K)->193536K(193536K) From: 291155K(558592K)->291155K(558592K)
[199.387s][info][gc,heap        ] GC(365) ParOldGen: 10581262K(10581504K)->10581262K(10581504K)
[199.387s][info][gc,metaspace   ] GC(365) Metaspace: 6303K(6528K)->6303K(6528K) NonClass: 5770K(5888K)->5770K(5888K) Class: 533K(640K)->533K(640K)
[199.387s][info][gc             ] GC(365) Pause Full (Ergonomics) 10806M->10806M(11068M) 3169.855ms
[199.387s][info][gc,cpu         ] GC(365) User=24.70s Sys=0.00s Real=3.17s
[199.388s][info][gc,start       ] GC(366) Pause Full (Ergonomics)
[199.388s][info][gc,phases,start] GC(366) Marking Phase
[201.907s][info][gc,phases      ] GC(366) Marking Phase 2519.443ms
[201.907s][info][gc,phases,start] GC(366) Summary Phase
[201.907s][info][gc,phases      ] GC(366) Summary Phase 0.128ms
[201.907s][info][gc,phases,start] GC(366) Adjust Roots
[201.908s][info][gc,phases      ] GC(366) Adjust Roots 0.216ms
[201.908s][info][gc,phases,start] GC(366) Compaction Phase
[202.571s][info][gc,phases      ] GC(366) Compaction Phase 663.478ms
[202.571s][info][gc,phases,start] GC(366) Post Compact
[202.587s][info][gc,phases      ] GC(366) Post Compact 16.259ms
[202.588s][info][gc,heap        ] GC(366) PSYoungGen: 484691K(752128K)->484691K(752128K) Eden: 193536K(193536K)->193536K(193536K) From: 291155K(558592K)->291155K(558592K)
[202.588s][info][gc,heap        ] GC(366) ParOldGen: 10581267K(10581504K)->10581267K(10581504K)
[202.588s][info][gc,metaspace   ] GC(366) Metaspace: 6303K(6528K)->6303K(6528K) NonClass: 5770K(5888K)->5770K(5888K) Class: 533K(640K)->533K(640K)
[202.588s][info][gc             ] GC(366) Pause Full (Ergonomics) 10806M->10806M(11068M) 3199.957ms
[202.588s][info][gc,cpu         ] GC(366) User=24.77s Sys=0.00s Real=3.20s
[202.588s][info][gc,start       ] GC(367) Pause Full (Ergonomics)
[202.588s][info][gc,phases,start] GC(367) Marking Phase
[205.072s][info][gc,phases      ] GC(367) Marking Phase 2484.417ms
[205.072s][info][gc,phases,start] GC(367) Summary Phase
[205.072s][info][gc,phases      ] GC(367) Summary Phase 0.118ms
[205.072s][info][gc,phases,start] GC(367) Adjust Roots
[205.073s][info][gc,phases      ] GC(367) Adjust Roots 0.199ms
[205.073s][info][gc,phases,start] GC(367) Compaction Phase
[205.732s][info][gc,phases      ] GC(367) Compaction Phase 659.268ms
[205.732s][info][gc,phases,start] GC(367) Post Compact
[205.747s][info][gc,phases      ] GC(367) Post Compact 14.861ms
[205.747s][info][gc,heap        ] GC(367) PSYoungGen: 484691K(752128K)->484691K(752128K) Eden: 193536K(193536K)->193536K(193536K) From: 291155K(558592K)->291155K(558592K)
[205.747s][info][gc,heap        ] GC(367) ParOldGen: 10581272K(10581504K)->10581272K(10581504K)
[205.747s][info][gc,metaspace   ] GC(367) Metaspace: 6303K(6528K)->6303K(6528K) NonClass: 5770K(5888K)->5770K(5888K) Class: 533K(640K)->533K(640K)
[205.747s][info][gc             ] GC(367) Pause Full (Ergonomics) 10806M->10806M(11068M) 3159.202ms
[205.747s][info][gc,cpu         ] GC(367) User=24.50s Sys=0.05s Real=3.16s
[205.747s][info][gc,start       ] GC(368) Pause Full (Ergonomics)
[205.747s][info][gc,phases,start] GC(368) Marking Phase
[208.282s][info][gc,phases      ] GC(368) Marking Phase 2534.350ms
[208.282s][info][gc,phases,start] GC(368) Summary Phase
[208.282s][info][gc,phases      ] GC(368) Summary Phase 0.111ms
[208.282s][info][gc,phases,start] GC(368) Adjust Roots
[208.282s][info][gc,phases      ] GC(368) Adjust Roots 0.188ms
[208.282s][info][gc,phases,start] GC(368) Compaction Phase
[208.951s][info][gc,phases      ] GC(368) Compaction Phase 668.704ms
[208.951s][info][gc,phases,start] GC(368) Post Compact
[208.967s][info][gc,phases      ] GC(368) Post Compact 15.767ms
[208.967s][info][gc,heap        ] GC(368) PSYoungGen: 484691K(752128K)->484691K(752128K) Eden: 193536K(193536K)->193536K(193536K) From: 291155K(558592K)->291155K(558592K)
[208.967s][info][gc,heap        ] GC(368) ParOldGen: 10581277K(10581504K)->10581277K(10581504K)
[208.967s][info][gc,metaspace   ] GC(368) Metaspace: 6303K(6528K)->6303K(6528K) NonClass: 5770K(5888K)->5770K(5888K) Class: 533K(640K)->533K(640K)
[208.967s][info][gc             ] GC(368) Pause Full (Ergonomics) 10806M->10806M(11068M) 3219.471ms
[208.967s][info][gc,cpu         ] GC(368) User=24.97s Sys=0.00s Real=3.22s
[208.967s][info][gc,start       ] GC(369) Pause Full (Ergonomics)
[208.967s][info][gc,phases,start] GC(369) Marking Phase
[211.476s][info][gc,phases      ] GC(369) Marking Phase 2509.330ms
[211.476s][info][gc,phases,start] GC(369) Summary Phase
[211.476s][info][gc,phases      ] GC(369) Summary Phase 0.101ms
[211.476s][info][gc,phases,start] GC(369) Adjust Roots
[211.477s][info][gc,phases      ] GC(369) Adjust Roots 0.166ms
[211.477s][info][gc,phases,start] GC(369) Compaction Phase
[212.151s][info][gc,phases      ] GC(369) Compaction Phase 673.927ms
[212.151s][info][gc,phases,start] GC(369) Post Compact
[212.166s][info][gc,phases      ] GC(369) Post Compact 15.405ms
[212.166s][info][gc,heap        ] GC(369) PSYoungGen: 484691K(752128K)->484691K(752128K) Eden: 193536K(193536K)->193536K(193536K) From: 291155K(558592K)->291155K(558592K)
[212.166s][info][gc,heap        ] GC(369) ParOldGen: 10581282K(10581504K)->10581282K(10581504K)
[212.166s][info][gc,metaspace   ] GC(369) Metaspace: 6303K(6528K)->6303K(6528K) NonClass: 5770K(5888K)->5770K(5888K) Class: 533K(640K)->533K(640K)
[212.166s][info][gc             ] GC(369) Pause Full (Ergonomics) 10806M->10806M(11068M) 3199.279ms
[212.166s][info][gc,cpu         ] GC(369) User=24.83s Sys=0.00s Real=3.20s
[212.166s][info][gc,start       ] GC(370) Pause Full (Ergonomics)
[212.166s][info][gc,phases,start] GC(370) Marking Phase
[214.655s][info][gc,phases      ] GC(370) Marking Phase 2489.012ms
[214.656s][info][gc,phases,start] GC(370) Summary Phase
[214.656s][info][gc,phases      ] GC(370) Summary Phase 0.125ms
[214.656s][info][gc,phases,start] GC(370) Adjust Roots
[214.656s][info][gc,phases      ] GC(370) Adjust Roots 0.258ms
[214.656s][info][gc,phases,start] GC(370) Compaction Phase
[215.322s][info][gc,phases      ] GC(370) Compaction Phase 665.837ms
[215.322s][info][gc,phases,start] GC(370) Post Compact
[215.338s][info][gc,phases      ] GC(370) Post Compact 16.436ms
[215.338s][info][gc,heap        ] GC(370) PSYoungGen: 484691K(752128K)->484691K(752128K) Eden: 193536K(193536K)->193536K(193536K) From: 291155K(558592K)->291155K(558592K)
[215.338s][info][gc,heap        ] GC(370) ParOldGen: 10581286K(10581504K)->10581286K(10581504K)
[215.338s][info][gc,metaspace   ] GC(370) Metaspace: 6303K(6528K)->6303K(6528K) NonClass: 5770K(5888K)->5770K(5888K) Class: 533K(640K)->533K(640K)
[215.338s][info][gc             ] GC(370) Pause Full (Ergonomics) 10806M->10806M(11068M) 3172.020ms
[215.338s][info][gc,cpu         ] GC(370) User=24.61s Sys=0.00s Real=3.17s
[215.339s][info][gc,start       ] GC(371) Pause Full (Ergonomics)
[215.339s][info][gc,phases,start] GC(371) Marking Phase
[217.858s][info][gc,phases      ] GC(371) Marking Phase 2518.829ms
[217.858s][info][gc,phases,start] GC(371) Summary Phase
[217.858s][info][gc,phases      ] GC(371) Summary Phase 0.104ms
[217.858s][info][gc,phases,start] GC(371) Adjust Roots
[217.858s][info][gc,phases      ] GC(371) Adjust Roots 0.166ms
[217.858s][info][gc,phases,start] GC(371) Compaction Phase
[218.529s][info][gc,phases      ] GC(371) Compaction Phase 671.099ms
[218.529s][info][gc,phases,start] GC(371) Post Compact
[218.545s][info][gc,phases      ] GC(371) Post Compact 15.547ms
[218.545s][info][gc,heap        ] GC(371) PSYoungGen: 484691K(752128K)->484691K(752128K) Eden: 193536K(193536K)->193536K(193536K) From: 291155K(558592K)->291155K(558592K)
[218.545s][info][gc,heap        ] GC(371) ParOldGen: 10581291K(10581504K)->10581291K(10581504K)
[218.545s][info][gc,metaspace   ] GC(371) Metaspace: 6303K(6528K)->6303K(6528K) NonClass: 5770K(5888K)->5770K(5888K) Class: 533K(640K)->533K(640K)
[218.545s][info][gc             ] GC(371) Pause Full (Ergonomics) 10806M->10806M(11068M) 3206.081ms
[218.545s][info][gc,cpu         ] GC(371) User=25.00s Sys=0.02s Real=3.21s
[218.545s][info][gc,start       ] GC(372) Pause Full (Ergonomics)
[218.545s][info][gc,phases,start] GC(372) Marking Phase
[221.059s][info][gc,phases      ] GC(372) Marking Phase 2514.083ms
[221.059s][info][gc,phases,start] GC(372) Summary Phase
[221.059s][info][gc,phases      ] GC(372) Summary Phase 0.121ms
[221.059s][info][gc,phases,start] GC(372) Adjust Roots
[221.060s][info][gc,phases      ] GC(372) Adjust Roots 0.235ms
[221.060s][info][gc,phases,start] GC(372) Compaction Phase
[221.726s][info][gc,phases      ] GC(372) Compaction Phase 666.347ms
[221.726s][info][gc,phases,start] GC(372) Post Compact
[221.742s][info][gc,phases      ] GC(372) Post Compact 15.834ms
[221.742s][info][gc,heap        ] GC(372) PSYoungGen: 484691K(752128K)->484691K(752128K) Eden: 193536K(193536K)->193536K(193536K) From: 291155K(558592K)->291155K(558592K)
[221.742s][info][gc,heap        ] GC(372) ParOldGen: 10581296K(10581504K)->10581296K(10581504K)
[221.742s][info][gc,metaspace   ] GC(372) Metaspace: 6303K(6528K)->6303K(6528K) NonClass: 5770K(5888K)->5770K(5888K) Class: 533K(640K)->533K(640K)
[221.742s][info][gc             ] GC(372) Pause Full (Ergonomics) 10806M->10806M(11068M) 3196.976ms
[221.742s][info][gc,cpu         ] GC(372) User=24.72s Sys=0.00s Real=3.20s
[221.742s][info][gc,start       ] GC(373) Pause Full (Ergonomics)
[221.742s][info][gc,phases,start] GC(373) Marking Phase
[224.246s][info][gc,phases      ] GC(373) Marking Phase 2503.428ms
[224.246s][info][gc,phases,start] GC(373) Summary Phase
[224.246s][info][gc,phases      ] GC(373) Summary Phase 0.104ms
[224.246s][info][gc,phases,start] GC(373) Adjust Roots
[224.246s][info][gc,phases      ] GC(373) Adjust Roots 0.170ms
[224.246s][info][gc,phases,start] GC(373) Compaction Phase
[224.922s][info][gc,phases      ] GC(373) Compaction Phase 676.399ms
[224.922s][info][gc,phases,start] GC(373) Post Compact
[224.938s][info][gc,phases      ] GC(373) Post Compact 15.090ms
[224.938s][info][gc,heap        ] GC(373) PSYoungGen: 484691K(752128K)->484691K(752128K) Eden: 193536K(193536K)->193536K(193536K) From: 291155K(558592K)->291155K(558592K)
[224.938s][info][gc,heap        ] GC(373) ParOldGen: 10581301K(10581504K)->10581301K(10581504K)
[224.938s][info][gc,metaspace   ] GC(373) Metaspace: 6303K(6528K)->6303K(6528K) NonClass: 5770K(5888K)->5770K(5888K) Class: 533K(640K)->533K(640K)
[224.938s][info][gc             ] GC(373) Pause Full (Ergonomics) 10806M->10806M(11068M) 3195.520ms
[224.938s][info][gc,cpu         ] GC(373) User=24.83s Sys=0.02s Real=3.19s
[224.938s][info][gc,start       ] GC(374) Pause Full (Ergonomics)
[224.938s][info][gc,phases,start] GC(374) Marking Phase
[227.437s][info][gc,phases      ] GC(374) Marking Phase 2499.492ms
[227.438s][info][gc,phases,start] GC(374) Summary Phase
[227.438s][info][gc,phases      ] GC(374) Summary Phase 0.163ms
[227.438s][info][gc,phases,start] GC(374) Adjust Roots
[227.438s][info][gc,phases      ] GC(374) Adjust Roots 0.311ms
[227.438s][info][gc,phases,start] GC(374) Compaction Phase
[228.108s][info][gc,phases      ] GC(374) Compaction Phase 669.880ms
[228.108s][info][gc,phases,start] GC(374) Post Compact
[228.124s][info][gc,phases      ] GC(374) Post Compact 15.995ms
[228.124s][info][gc,heap        ] GC(374) PSYoungGen: 484691K(752128K)->484691K(752128K) Eden: 193536K(193536K)->193536K(193536K) From: 291155K(558592K)->291155K(558592K)
[228.124s][info][gc,heap        ] GC(374) ParOldGen: 10581306K(10581504K)->10581306K(10581504K)
[228.124s][info][gc,metaspace   ] GC(374) Metaspace: 6303K(6528K)->6303K(6528K) NonClass: 5770K(5888K)->5770K(5888K) Class: 533K(640K)->533K(640K)
[228.124s][info][gc             ] GC(374) Pause Full (Ergonomics) 10806M->10806M(11068M) 3186.224ms
[228.124s][info][gc,cpu         ] GC(374) User=24.70s Sys=0.00s Real=3.19s
[228.124s][info][gc,start       ] GC(375) Pause Full (Ergonomics)
[228.124s][info][gc,phases,start] GC(375) Marking Phase
[230.612s][info][gc,phases      ] GC(375) Marking Phase 2487.460ms
[230.612s][info][gc,phases,start] GC(375) Summary Phase
[230.612s][info][gc,phases      ] GC(375) Summary Phase 0.110ms
[230.612s][info][gc,phases,start] GC(375) Adjust Roots
[230.612s][info][gc,phases      ] GC(375) Adjust Roots 0.171ms
[230.612s][info][gc,phases,start] GC(375) Compaction Phase
[231.289s][info][gc,phases      ] GC(375) Compaction Phase 676.260ms
[231.289s][info][gc,phases,start] GC(375) Post Compact
[231.305s][info][gc,phases      ] GC(375) Post Compact 15.999ms
[231.305s][info][gc,heap        ] GC(375) PSYoungGen: 484691K(752128K)->484691K(752128K) Eden: 193536K(193536K)->193536K(193536K) From: 291155K(558592K)->291155K(558592K)
[231.305s][info][gc,heap        ] GC(375) ParOldGen: 10581311K(10581504K)->10581311K(10581504K)
[231.305s][info][gc,metaspace   ] GC(375) Metaspace: 6303K(6528K)->6303K(6528K) NonClass: 5770K(5888K)->5770K(5888K) Class: 533K(640K)->533K(640K)
[231.305s][info][gc             ] GC(375) Pause Full (Ergonomics) 10806M->10806M(11068M) 3180.406ms
[231.305s][info][gc,cpu         ] GC(375) User=24.80s Sys=0.00s Real=3.18s
[231.305s][info][gc,start       ] GC(376) Pause Full (Ergonomics)
[231.305s][info][gc,phases,start] GC(376) Marking Phase
[233.821s][info][gc,phases      ] GC(376) Marking Phase 2516.208ms
[233.821s][info][gc,phases,start] GC(376) Summary Phase
[233.821s][info][gc,phases      ] GC(376) Summary Phase 0.103ms
[233.821s][info][gc,phases,start] GC(376) Adjust Roots
[233.822s][info][gc,phases      ] GC(376) Adjust Roots 0.185ms
[233.822s][info][gc,phases,start] GC(376) Compaction Phase
[234.504s][info][gc,phases      ] GC(376) Compaction Phase 682.238ms
[234.504s][info][gc,phases,start] GC(376) Post Compact
[234.520s][info][gc,phases      ] GC(376) Post Compact 15.808ms
[234.520s][info][gc,heap        ] GC(376) PSYoungGen: 484691K(752128K)->484691K(752128K) Eden: 193536K(193536K)->193536K(193536K) From: 291155K(558592K)->291155K(558592K)
[234.520s][info][gc,heap        ] GC(376) ParOldGen: 10581315K(10581504K)->10581315K(10581504K)
[234.520s][info][gc,metaspace   ] GC(376) Metaspace: 6303K(6528K)->6303K(6528K) NonClass: 5770K(5888K)->5770K(5888K) Class: 533K(640K)->533K(640K)
[234.520s][info][gc             ] GC(376) Pause Full (Ergonomics) 10806M->10806M(11068M) 3214.894ms
[234.520s][info][gc,cpu         ] GC(376) User=24.83s Sys=0.03s Real=3.21s
[234.520s][info][gc,start       ] GC(377) Pause Full (Ergonomics)
[234.520s][info][gc,phases,start] GC(377) Marking Phase
[237.025s][info][gc,phases      ] GC(377) Marking Phase 2505.380ms
[237.026s][info][gc,phases,start] GC(377) Summary Phase
[237.026s][info][gc,phases      ] GC(377) Summary Phase 0.144ms
[237.026s][info][gc,phases,start] GC(377) Adjust Roots
[237.026s][info][gc,phases      ] GC(377) Adjust Roots 0.215ms
[237.026s][info][gc,phases,start] GC(377) Compaction Phase
[237.689s][info][gc,phases      ] GC(377) Compaction Phase 663.391ms
[237.689s][info][gc,phases,start] GC(377) Post Compact
[237.705s][info][gc,phases      ] GC(377) Post Compact 15.839ms
[237.705s][info][gc,heap        ] GC(377) PSYoungGen: 484691K(752128K)->484691K(752128K) Eden: 193536K(193536K)->193536K(193536K) From: 291155K(558592K)->291155K(558592K)
[237.705s][info][gc,heap        ] GC(377) ParOldGen: 10581320K(10581504K)->10581320K(10581504K)
[237.705s][info][gc,metaspace   ] GC(377) Metaspace: 6303K(6528K)->6303K(6528K) NonClass: 5770K(5888K)->5770K(5888K) Class: 533K(640K)->533K(640K)
[237.705s][info][gc             ] GC(377) Pause Full (Ergonomics) 10806M->10806M(11068M) 3185.357ms
[237.705s][info][gc,cpu         ] GC(377) User=24.81s Sys=0.00s Real=3.19s
[237.706s][info][gc,start       ] GC(378) Pause Full (Ergonomics)
[237.706s][info][gc,phases,start] GC(378) Marking Phase
[240.225s][info][gc,phases      ] GC(378) Marking Phase 2519.618ms
[240.225s][info][gc,phases,start] GC(378) Summary Phase
[240.225s][info][gc,phases      ] GC(378) Summary Phase 0.106ms
[240.225s][info][gc,phases,start] GC(378) Adjust Roots
[240.226s][info][gc,phases      ] GC(378) Adjust Roots 0.171ms
[240.226s][info][gc,phases,start] GC(378) Compaction Phase
[240.897s][info][gc,phases      ] GC(378) Compaction Phase 670.970ms
[240.897s][info][gc,phases,start] GC(378) Post Compact
[240.912s][info][gc,phases      ] GC(378) Post Compact 15.556ms
[240.912s][info][gc,heap        ] GC(378) PSYoungGen: 484691K(752128K)->484691K(752128K) Eden: 193536K(193536K)->193536K(193536K) From: 291155K(558592K)->291155K(558592K)
[240.912s][info][gc,heap        ] GC(378) ParOldGen: 10581325K(10581504K)->10581325K(10581504K)
[240.912s][info][gc,metaspace   ] GC(378) Metaspace: 6303K(6528K)->6303K(6528K) NonClass: 5770K(5888K)->5770K(5888K) Class: 533K(640K)->533K(640K)
[240.912s][info][gc             ] GC(378) Pause Full (Ergonomics) 10806M->10806M(11068M) 3206.785ms
[240.912s][info][gc,cpu         ] GC(378) User=25.00s Sys=0.00s Real=3.21s
[240.913s][info][gc,start       ] GC(379) Pause Full (Ergonomics)
[240.913s][info][gc,phases,start] GC(379) Marking Phase
[243.432s][info][gc,phases      ] GC(379) Marking Phase 2519.422ms
[243.432s][info][gc,phases,start] GC(379) Summary Phase
[243.432s][info][gc,phases      ] GC(379) Summary Phase 0.106ms
[243.432s][info][gc,phases,start] GC(379) Adjust Roots
[243.432s][info][gc,phases      ] GC(379) Adjust Roots 0.177ms
[243.432s][info][gc,phases,start] GC(379) Compaction Phase
[244.108s][info][gc,phases      ] GC(379) Compaction Phase 675.517ms
[244.108s][info][gc,phases,start] GC(379) Post Compact
[244.124s][info][gc,phases      ] GC(379) Post Compact 15.912ms
[244.124s][info][gc,heap        ] GC(379) PSYoungGen: 484691K(752128K)->484691K(752128K) Eden: 193536K(193536K)->193536K(193536K) From: 291155K(558592K)->291155K(558592K)
[244.124s][info][gc,heap        ] GC(379) ParOldGen: 10581330K(10581504K)->10581330K(10581504K)
[244.124s][info][gc,metaspace   ] GC(379) Metaspace: 6303K(6528K)->6303K(6528K) NonClass: 5770K(5888K)->5770K(5888K) Class: 533K(640K)->533K(640K)
[244.124s][info][gc             ] GC(379) Pause Full (Ergonomics) 10806M->10806M(11068M) 3211.506ms
[244.124s][info][gc,cpu         ] GC(379) User=24.95s Sys=0.00s Real=3.21s
[244.124s][info][gc,start       ] GC(380) Pause Full (Ergonomics)
[244.124s][info][gc,phases,start] GC(380) Marking Phase
[246.677s][info][gc,phases      ] GC(380) Marking Phase 2552.957ms
[246.677s][info][gc,phases,start] GC(380) Summary Phase
[246.678s][info][gc,phases      ] GC(380) Summary Phase 0.107ms
[246.678s][info][gc,phases,start] GC(380) Adjust Roots
[246.678s][info][gc,phases      ] GC(380) Adjust Roots 0.172ms
[246.678s][info][gc,phases,start] GC(380) Compaction Phase
[247.345s][info][gc,phases      ] GC(380) Compaction Phase 667.078ms
[247.345s][info][gc,phases,start] GC(380) Post Compact
[247.360s][info][gc,phases      ] GC(380) Post Compact 15.283ms
[247.360s][info][gc,heap        ] GC(380) PSYoungGen: 484691K(752128K)->484691K(752128K) Eden: 193536K(193536K)->193536K(193536K) From: 291155K(558592K)->291155K(558592K)
[247.360s][info][gc,heap        ] GC(380) ParOldGen: 10581335K(10581504K)->10581335K(10581504K)
[247.360s][info][gc,metaspace   ] GC(380) Metaspace: 6303K(6528K)->6303K(6528K) NonClass: 5770K(5888K)->5770K(5888K) Class: 533K(640K)->533K(640K)
[247.360s][info][gc             ] GC(380) Pause Full (Ergonomics) 10806M->10806M(11068M) 3235.973ms
[247.360s][info][gc,cpu         ] GC(380) User=25.17s Sys=0.02s Real=3.24s
[247.361s][info][gc,start       ] GC(381) Pause Full (Ergonomics)
[247.361s][info][gc,phases,start] GC(381) Marking Phase
[249.876s][info][gc,phases      ] GC(381) Marking Phase 2515.472ms
[249.876s][info][gc,phases,start] GC(381) Summary Phase
[249.876s][info][gc,phases      ] GC(381) Summary Phase 0.102ms
[249.876s][info][gc,phases,start] GC(381) Adjust Roots
[249.876s][info][gc,phases      ] GC(381) Adjust Roots 0.168ms
[249.876s][info][gc,phases,start] GC(381) Compaction Phase
[250.535s][info][gc,phases      ] GC(381) Compaction Phase 658.973ms
[250.536s][info][gc,phases,start] GC(381) Post Compact
[250.550s][info][gc,phases      ] GC(381) Post Compact 14.616ms
[250.550s][info][gc,heap        ] GC(381) PSYoungGen: 484691K(752128K)->484691K(752128K) Eden: 193536K(193536K)->193536K(193536K) From: 291155K(558592K)->291155K(558592K)
[250.550s][info][gc,heap        ] GC(381) ParOldGen: 10581340K(10581504K)->10581340K(10581504K)
[250.550s][info][gc,metaspace   ] GC(381) Metaspace: 6303K(6528K)->6303K(6528K) NonClass: 5770K(5888K)->5770K(5888K) Class: 533K(640K)->533K(640K)
[250.550s][info][gc             ] GC(381) Pause Full (Ergonomics) 10806M->10806M(11068M) 3189.691ms
[250.550s][info][gc,cpu         ] GC(381) User=24.86s Sys=0.02s Real=3.19s
[250.550s][info][gc,start       ] GC(382) Pause Full (Ergonomics)
[250.551s][info][gc,phases,start] GC(382) Marking Phase
[253.064s][info][gc,phases      ] GC(382) Marking Phase 2513.380ms
[253.064s][info][gc,phases,start] GC(382) Summary Phase
[253.064s][info][gc,phases      ] GC(382) Summary Phase 0.102ms
[253.064s][info][gc,phases,start] GC(382) Adjust Roots
[253.064s][info][gc,phases      ] GC(382) Adjust Roots 0.176ms
[253.064s][info][gc,phases,start] GC(382) Compaction Phase
[253.779s][info][gc,phases      ] GC(382) Compaction Phase 714.838ms
[253.779s][info][gc,phases,start] GC(382) Post Compact
[253.795s][info][gc,phases      ] GC(382) Post Compact 15.360ms
[253.795s][info][gc,heap        ] GC(382) PSYoungGen: 484691K(752128K)->484691K(752128K) Eden: 193536K(193536K)->193536K(193536K) From: 291155K(558592K)->291155K(558592K)
[253.795s][info][gc,heap        ] GC(382) ParOldGen: 10581344K(10581504K)->10581344K(10581504K)
[253.795s][info][gc,metaspace   ] GC(382) Metaspace: 6303K(6528K)->6303K(6528K) NonClass: 5770K(5888K)->5770K(5888K) Class: 533K(640K)->533K(640K)
[253.795s][info][gc             ] GC(382) Pause Full (Ergonomics) 10806M->10806M(11068M) 3244.225ms
[253.795s][info][gc,cpu         ] GC(382) User=24.91s Sys=0.02s Real=3.24s
[253.795s][info][gc,start       ] GC(383) Pause Full (Ergonomics)
[253.795s][info][gc,phases,start] GC(383) Marking Phase
[256.337s][info][gc,phases      ] GC(383) Marking Phase 2542.305ms
[256.337s][info][gc,phases,start] GC(383) Summary Phase
[256.337s][info][gc,phases      ] GC(383) Summary Phase 0.111ms
[256.337s][info][gc,phases,start] GC(383) Adjust Roots
[256.338s][info][gc,phases      ] GC(383) Adjust Roots 0.208ms
[256.338s][info][gc,phases,start] GC(383) Compaction Phase
[257.010s][info][gc,phases      ] GC(383) Compaction Phase 671.870ms
[257.010s][info][gc,phases,start] GC(383) Post Compact
[257.026s][info][gc,phases      ] GC(383) Post Compact 16.322ms
[257.026s][info][gc,heap        ] GC(383) PSYoungGen: 484691K(752128K)->484691K(752128K) Eden: 193536K(193536K)->193536K(193536K) From: 291155K(558592K)->291155K(558592K)
[257.026s][info][gc,heap        ] GC(383) ParOldGen: 10581349K(10581504K)->10581349K(10581504K)
[257.026s][info][gc,metaspace   ] GC(383) Metaspace: 6303K(6528K)->6303K(6528K) NonClass: 5770K(5888K)->5770K(5888K) Class: 533K(640K)->533K(640K)
[257.026s][info][gc             ] GC(383) Pause Full (Ergonomics) 10806M->10806M(11068M) 3231.175ms
[257.026s][info][gc,cpu         ] GC(383) User=24.83s Sys=0.02s Real=3.23s
[257.026s][info][gc,start       ] GC(384) Pause Full (Ergonomics)
[257.026s][info][gc,phases,start] GC(384) Marking Phase
[259.509s][info][gc,phases      ] GC(384) Marking Phase 2482.776ms
[259.509s][info][gc,phases,start] GC(384) Summary Phase
[259.509s][info][gc,phases      ] GC(384) Summary Phase 0.115ms
[259.509s][info][gc,phases,start] GC(384) Adjust Roots
[259.510s][info][gc,phases      ] GC(384) Adjust Roots 0.184ms
[259.510s][info][gc,phases,start] GC(384) Compaction Phase
[260.176s][info][gc,phases      ] GC(384) Compaction Phase 666.453ms
[260.176s][info][gc,phases,start] GC(384) Post Compact
[260.192s][info][gc,phases      ] GC(384) Post Compact 16.095ms
[260.192s][info][gc,heap        ] GC(384) PSYoungGen: 484691K(752128K)->484691K(752128K) Eden: 193536K(193536K)->193536K(193536K) From: 291155K(558592K)->291155K(558592K)
[260.192s][info][gc,heap        ] GC(384) ParOldGen: 10581354K(10581504K)->10581354K(10581504K)
[260.192s][info][gc,metaspace   ] GC(384) Metaspace: 6303K(6528K)->6303K(6528K) NonClass: 5770K(5888K)->5770K(5888K) Class: 533K(640K)->533K(640K)
[260.192s][info][gc             ] GC(384) Pause Full (Ergonomics) 10806M->10806M(11068M) 3165.972ms
[260.192s][info][gc,cpu         ] GC(384) User=24.50s Sys=0.00s Real=3.17s
[260.193s][info][gc,start       ] GC(385) Pause Full (Ergonomics)
[260.193s][info][gc,phases,start] GC(385) Marking Phase
[262.720s][info][gc,phases      ] GC(385) Marking Phase 2526.996ms
[262.720s][info][gc,phases,start] GC(385) Summary Phase
[262.720s][info][gc,phases      ] GC(385) Summary Phase 0.127ms
[262.720s][info][gc,phases,start] GC(385) Adjust Roots
[262.720s][info][gc,phases      ] GC(385) Adjust Roots 0.241ms
[262.720s][info][gc,phases,start] GC(385) Compaction Phase
[263.393s][info][gc,phases      ] GC(385) Compaction Phase 672.564ms
[263.393s][info][gc,phases,start] GC(385) Post Compact
[263.408s][info][gc,phases      ] GC(385) Post Compact 15.732ms
[263.409s][info][gc,heap        ] GC(385) PSYoungGen: 484691K(752128K)->484691K(752128K) Eden: 193536K(193536K)->193536K(193536K) From: 291155K(558592K)->291155K(558592K)
[263.409s][info][gc,heap        ] GC(385) ParOldGen: 10581359K(10581504K)->10581359K(10581504K)
[263.409s][info][gc,metaspace   ] GC(385) Metaspace: 6303K(6528K)->6303K(6528K) NonClass: 5770K(5888K)->5770K(5888K) Class: 533K(640K)->533K(640K)
[263.409s][info][gc             ] GC(385) Pause Full (Ergonomics) 10806M->10806M(11068M) 3216.029ms
[263.409s][info][gc,cpu         ] GC(385) User=24.94s Sys=0.00s Real=3.22s
[263.409s][info][gc,start       ] GC(386) Pause Full (Ergonomics)
[263.409s][info][gc,phases,start] GC(386) Marking Phase
[265.893s][info][gc,phases      ] GC(386) Marking Phase 2484.503ms
[265.893s][info][gc,phases,start] GC(386) Summary Phase
[265.893s][info][gc,phases      ] GC(386) Summary Phase 0.119ms
[265.893s][info][gc,phases,start] GC(386) Adjust Roots
[265.894s][info][gc,phases      ] GC(386) Adjust Roots 0.217ms
[265.894s][info][gc,phases,start] GC(386) Compaction Phase
[266.566s][info][gc,phases      ] GC(386) Compaction Phase 671.844ms
[266.566s][info][gc,phases,start] GC(386) Post Compact
[266.580s][info][gc,phases      ] GC(386) Post Compact 14.687ms
[266.580s][info][gc,heap        ] GC(386) PSYoungGen: 484691K(752128K)->484691K(752128K) Eden: 193536K(193536K)->193536K(193536K) From: 291155K(558592K)->291155K(558592K)
[266.580s][info][gc,heap        ] GC(386) ParOldGen: 10581364K(10581504K)->10581364K(10581504K)
[266.580s][info][gc,metaspace   ] GC(386) Metaspace: 6303K(6528K)->6303K(6528K) NonClass: 5770K(5888K)->5770K(5888K) Class: 533K(640K)->533K(640K)
[266.580s][info][gc             ] GC(386) Pause Full (Ergonomics) 10806M->10806M(11068M) 3171.697ms
[266.580s][info][gc,cpu         ] GC(386) User=24.64s Sys=0.00s Real=3.17s
[266.581s][info][gc,start       ] GC(387) Pause Full (Ergonomics)
[266.581s][info][gc,phases,start] GC(387) Marking Phase
[269.084s][info][gc,phases      ] GC(387) Marking Phase 2503.260ms
[269.084s][info][gc,phases,start] GC(387) Summary Phase
[269.084s][info][gc,phases      ] GC(387) Summary Phase 0.158ms
[269.084s][info][gc,phases,start] GC(387) Adjust Roots
[269.085s][info][gc,phases      ] GC(387) Adjust Roots 0.313ms
[269.085s][info][gc,phases,start] GC(387) Compaction Phase
[269.747s][info][gc,phases      ] GC(387) Compaction Phase 662.797ms
[269.747s][info][gc,phases,start] GC(387) Post Compact
[269.765s][info][gc,phases      ] GC(387) Post Compact 17.979ms
[269.765s][info][gc,heap        ] GC(387) PSYoungGen: 484691K(752128K)->484691K(752128K) Eden: 193536K(193536K)->193536K(193536K) From: 291155K(558592K)->291155K(558592K)
[269.765s][info][gc,heap        ] GC(387) ParOldGen: 10581369K(10581504K)->10581369K(10581504K)
[269.766s][info][gc,metaspace   ] GC(387) Metaspace: 6303K(6528K)->6303K(6528K) NonClass: 5770K(5888K)->5770K(5888K) Class: 533K(640K)->533K(640K)
[269.766s][info][gc             ] GC(387) Pause Full (Ergonomics) 10806M->10806M(11068M) 3184.862ms
[269.766s][info][gc,cpu         ] GC(387) User=24.80s Sys=0.00s Real=3.18s
[269.766s][info][gc,start       ] GC(388) Pause Full (Ergonomics)
[269.766s][info][gc,phases,start] GC(388) Marking Phase
[272.265s][info][gc,phases      ] GC(388) Marking Phase 2499.374ms
[272.265s][info][gc,phases,start] GC(388) Summary Phase
[272.265s][info][gc,phases      ] GC(388) Summary Phase 0.117ms
[272.265s][info][gc,phases,start] GC(388) Adjust Roots
[272.265s][info][gc,phases      ] GC(388) Adjust Roots 0.207ms
[272.266s][info][gc,phases,start] GC(388) Compaction Phase
[272.932s][info][gc,phases      ] GC(388) Compaction Phase 666.873ms
[272.932s][info][gc,phases,start] GC(388) Post Compact
[272.947s][info][gc,phases      ] GC(388) Post Compact 14.732ms
[272.947s][info][gc,heap        ] GC(388) PSYoungGen: 484691K(752128K)->484691K(752128K) Eden: 193536K(193536K)->193536K(193536K) From: 291155K(558592K)->291155K(558592K)
[272.947s][info][gc,heap        ] GC(388) ParOldGen: 10581373K(10581504K)->10581373K(10581504K)
[272.947s][info][gc,metaspace   ] GC(388) Metaspace: 6303K(6528K)->6303K(6528K) NonClass: 5770K(5888K)->5770K(5888K) Class: 533K(640K)->533K(640K)
[272.947s][info][gc             ] GC(388) Pause Full (Ergonomics) 10806M->10806M(11068M) 3181.637ms
[272.947s][info][gc,cpu         ] GC(388) User=24.56s Sys=0.00s Real=3.18s
[272.948s][info][gc,start       ] GC(389) Pause Full (Ergonomics)
[272.948s][info][gc,phases,start] GC(389) Marking Phase
[275.447s][info][gc,phases      ] GC(389) Marking Phase 2499.785ms
[275.447s][info][gc,phases,start] GC(389) Summary Phase
[275.448s][info][gc,phases      ] GC(389) Summary Phase 0.111ms
[275.448s][info][gc,phases,start] GC(389) Adjust Roots
[275.448s][info][gc,phases      ] GC(389) Adjust Roots 0.180ms
[275.448s][info][gc,phases,start] GC(389) Compaction Phase
[276.119s][info][gc,phases      ] GC(389) Compaction Phase 670.935ms
[276.119s][info][gc,phases,start] GC(389) Post Compact
[276.135s][info][gc,phases      ] GC(389) Post Compact 15.934ms
[276.135s][info][gc,heap        ] GC(389) PSYoungGen: 484691K(752128K)->484691K(752128K) Eden: 193536K(193536K)->193536K(193536K) From: 291155K(558592K)->291155K(558592K)
[276.135s][info][gc,heap        ] GC(389) ParOldGen: 10581378K(10581504K)->10581378K(10581504K)
[276.135s][info][gc,metaspace   ] GC(389) Metaspace: 6303K(6528K)->6303K(6528K) NonClass: 5770K(5888K)->5770K(5888K) Class: 533K(640K)->533K(640K)
[276.135s][info][gc             ] GC(389) Pause Full (Ergonomics) 10806M->10806M(11068M) 3187.292ms
[276.135s][info][gc,cpu         ] GC(389) User=24.73s Sys=0.02s Real=3.19s
[276.135s][info][gc,start       ] GC(390) Pause Full (Ergonomics)
[276.135s][info][gc,phases,start] GC(390) Marking Phase
[278.649s][info][gc,phases      ] GC(390) Marking Phase 2513.606ms
[278.649s][info][gc,phases,start] GC(390) Summary Phase
[278.649s][info][gc,phases      ] GC(390) Summary Phase 0.102ms
[278.649s][info][gc,phases,start] GC(390) Adjust Roots
[278.649s][info][gc,phases      ] GC(390) Adjust Roots 0.180ms
[278.649s][info][gc,phases,start] GC(390) Compaction Phase
[279.323s][info][gc,phases      ] GC(390) Compaction Phase 673.718ms
[279.323s][info][gc,phases,start] GC(390) Post Compact
[279.338s][info][gc,phases      ] GC(390) Post Compact 15.594ms
[279.339s][info][gc,heap        ] GC(390) PSYoungGen: 484691K(752128K)->484691K(752128K) Eden: 193536K(193536K)->193536K(193536K) From: 291155K(558592K)->291155K(558592K)
[279.339s][info][gc,heap        ] GC(390) ParOldGen: 10581383K(10581504K)->10581383K(10581504K)
[279.339s][info][gc,metaspace   ] GC(390) Metaspace: 6303K(6528K)->6303K(6528K) NonClass: 5770K(5888K)->5770K(5888K) Class: 533K(640K)->533K(640K)
[279.339s][info][gc             ] GC(390) Pause Full (Ergonomics) 10806M->10806M(11068M) 3203.561ms
[279.339s][info][gc,cpu         ] GC(390) User=24.86s Sys=0.03s Real=3.20s
[279.339s][info][gc,start       ] GC(391) Pause Full (Ergonomics)
[279.339s][info][gc,phases,start] GC(391) Marking Phase
[281.858s][info][gc,phases      ] GC(391) Marking Phase 2519.329ms
[281.858s][info][gc,phases,start] GC(391) Summary Phase
[281.858s][info][gc,phases      ] GC(391) Summary Phase 0.103ms
[281.858s][info][gc,phases,start] GC(391) Adjust Roots
[281.859s][info][gc,phases      ] GC(391) Adjust Roots 0.168ms
[281.859s][info][gc,phases,start] GC(391) Compaction Phase
[282.531s][info][gc,phases      ] GC(391) Compaction Phase 672.585ms
[282.531s][info][gc,phases,start] GC(391) Post Compact
[282.548s][info][gc,phases      ] GC(391) Post Compact 16.321ms
[282.548s][info][gc,heap        ] GC(391) PSYoungGen: 484691K(752128K)->484691K(752128K) Eden: 193536K(193536K)->193536K(193536K) From: 291155K(558592K)->291155K(558592K)
[282.548s][info][gc,heap        ] GC(391) ParOldGen: 10581388K(10581504K)->10581388K(10581504K)
[282.548s][info][gc,metaspace   ] GC(391) Metaspace: 6303K(6528K)->6303K(6528K) NonClass: 5770K(5888K)->5770K(5888K) Class: 533K(640K)->533K(640K)
[282.548s][info][gc             ] GC(391) Pause Full (Ergonomics) 10806M->10806M(11068M) 3208.870ms
[282.548s][info][gc,cpu         ] GC(391) User=24.83s Sys=0.03s Real=3.21s
[282.548s][info][gc,start       ] GC(392) Pause Full (Ergonomics)
[282.548s][info][gc,phases,start] GC(392) Marking Phase
[285.057s][info][gc,phases      ] GC(392) Marking Phase 2508.957ms
[285.057s][info][gc,phases,start] GC(392) Summary Phase
[285.057s][info][gc,phases      ] GC(392) Summary Phase 0.103ms
[285.057s][info][gc,phases,start] GC(392) Adjust Roots
[285.057s][info][gc,phases      ] GC(392) Adjust Roots 0.169ms
[285.057s][info][gc,phases,start] GC(392) Compaction Phase
[285.731s][info][gc,phases      ] GC(392) Compaction Phase 673.824ms
[285.731s][info][gc,phases,start] GC(392) Post Compact
[285.747s][info][gc,phases      ] GC(392) Post Compact 15.639ms
[285.747s][info][gc,heap        ] GC(392) PSYoungGen: 484691K(752128K)->484691K(752128K) Eden: 193536K(193536K)->193536K(193536K) From: 291155K(558592K)->291155K(558592K)
[285.747s][info][gc,heap        ] GC(392) ParOldGen: 10581393K(10581504K)->10581393K(10581504K)
[285.747s][info][gc,metaspace   ] GC(392) Metaspace: 6303K(6528K)->6303K(6528K) NonClass: 5770K(5888K)->5770K(5888K) Class: 533K(640K)->533K(640K)
[285.747s][info][gc             ] GC(392) Pause Full (Ergonomics) 10806M->10806M(11068M) 3199.022ms
[285.747s][info][gc,cpu         ] GC(392) User=24.89s Sys=0.00s Real=3.20s
[285.747s][info][gc,start       ] GC(393) Pause Full (Ergonomics)
[285.747s][info][gc,phases,start] GC(393) Marking Phase
[288.284s][info][gc,phases      ] GC(393) Marking Phase 2537.115ms
[288.284s][info][gc,phases,start] GC(393) Summary Phase
[288.284s][info][gc,phases      ] GC(393) Summary Phase 0.111ms
[288.284s][info][gc,phases,start] GC(393) Adjust Roots
[288.285s][info][gc,phases      ] GC(393) Adjust Roots 0.178ms
[288.285s][info][gc,phases,start] GC(393) Compaction Phase
[288.943s][info][gc,phases      ] GC(393) Compaction Phase 658.074ms
[288.943s][info][gc,phases,start] GC(393) Post Compact
[288.958s][info][gc,phases      ] GC(393) Post Compact 15.292ms
[288.958s][info][gc,heap        ] GC(393) PSYoungGen: 484691K(752128K)->484691K(752128K) Eden: 193536K(193536K)->193536K(193536K) From: 291155K(558592K)->291155K(558592K)
[288.958s][info][gc,heap        ] GC(393) ParOldGen: 10581398K(10581504K)->10581398K(10581504K)
[288.958s][info][gc,metaspace   ] GC(393) Metaspace: 6303K(6528K)->6303K(6528K) NonClass: 5770K(5888K)->5770K(5888K) Class: 533K(640K)->533K(640K)
[288.958s][info][gc             ] GC(393) Pause Full (Ergonomics) 10806M->10806M(11068M) 3211.126ms
[288.958s][info][gc,cpu         ] GC(393) User=24.89s Sys=0.00s Real=3.21s
[288.958s][info][gc,start       ] GC(394) Pause Full (Ergonomics)
[288.959s][info][gc,phases,start] GC(394) Marking Phase
[291.469s][info][gc,phases      ] GC(394) Marking Phase 2510.386ms
[291.469s][info][gc,phases,start] GC(394) Summary Phase
[291.469s][info][gc,phases      ] GC(394) Summary Phase 0.138ms
[291.469s][info][gc,phases,start] GC(394) Adjust Roots
[291.469s][info][gc,phases      ] GC(394) Adjust Roots 0.213ms
[291.469s][info][gc,phases,start] GC(394) Compaction Phase
[292.136s][info][gc,phases      ] GC(394) Compaction Phase 666.481ms
[292.136s][info][gc,phases,start] GC(394) Post Compact
[292.152s][info][gc,phases      ] GC(394) Post Compact 15.652ms
[292.152s][info][gc,heap        ] GC(394) PSYoungGen: 484691K(752128K)->484691K(752128K) Eden: 193536K(193536K)->193536K(193536K) From: 291155K(558592K)->291155K(558592K)
[292.152s][info][gc,heap        ] GC(394) ParOldGen: 10581402K(10581504K)->10581402K(10581504K)
[292.152s][info][gc,metaspace   ] GC(394) Metaspace: 6303K(6528K)->6303K(6528K) NonClass: 5770K(5888K)->5770K(5888K) Class: 533K(640K)->533K(640K)
[292.152s][info][gc             ] GC(394) Pause Full (Ergonomics) 10806M->10806M(11068M) 3193.259ms
[292.152s][info][gc,cpu         ] GC(394) User=24.69s Sys=0.00s Real=3.19s
[292.152s][info][gc,start       ] GC(395) Pause Full (Ergonomics)
[292.152s][info][gc,phases,start] GC(395) Marking Phase
[294.661s][info][gc,phases      ] GC(395) Marking Phase 2509.293ms
[294.661s][info][gc,phases,start] GC(395) Summary Phase
[294.661s][info][gc,phases      ] GC(395) Summary Phase 0.104ms
[294.661s][info][gc,phases,start] GC(395) Adjust Roots
[294.662s][info][gc,phases      ] GC(395) Adjust Roots 0.171ms
[294.662s][info][gc,phases,start] GC(395) Compaction Phase
[295.339s][info][gc,phases      ] GC(395) Compaction Phase 677.327ms
[295.339s][info][gc,phases,start] GC(395) Post Compact
[295.355s][info][gc,phases      ] GC(395) Post Compact 15.668ms
[295.355s][info][gc,heap        ] GC(395) PSYoungGen: 484691K(752128K)->484691K(752128K) Eden: 193536K(193536K)->193536K(193536K) From: 291155K(558592K)->291155K(558592K)
[295.355s][info][gc,heap        ] GC(395) ParOldGen: 10581407K(10581504K)->10581407K(10581504K)
[295.355s][info][gc,metaspace   ] GC(395) Metaspace: 6303K(6528K)->6303K(6528K) NonClass: 5770K(5888K)->5770K(5888K) Class: 533K(640K)->533K(640K)
[295.355s][info][gc             ] GC(395) Pause Full (Ergonomics) 10806M->10806M(11068M) 3202.912ms
[295.355s][info][gc,cpu         ] GC(395) User=24.94s Sys=0.00s Real=3.20s
[295.355s][info][gc,start       ] GC(396) Pause Full (Ergonomics)
[295.355s][info][gc,phases,start] GC(396) Marking Phase
[297.868s][info][gc,phases      ] GC(396) Marking Phase 2512.966ms
[297.868s][info][gc,phases,start] GC(396) Summary Phase
[297.868s][info][gc,phases      ] GC(396) Summary Phase 0.103ms
[297.868s][info][gc,phases,start] GC(396) Adjust Roots
[297.869s][info][gc,phases      ] GC(396) Adjust Roots 0.199ms
[297.869s][info][gc,phases,start] GC(396) Compaction Phase
[298.545s][info][gc,phases      ] GC(396) Compaction Phase 675.963ms
[298.545s][info][gc,phases,start] GC(396) Post Compact
[298.560s][info][gc,phases      ] GC(396) Post Compact 15.423ms
[298.560s][info][gc,heap        ] GC(396) PSYoungGen: 484691K(752128K)->484691K(752128K) Eden: 193536K(193536K)->193536K(193536K) From: 291155K(558592K)->291155K(558592K)
[298.560s][info][gc,heap        ] GC(396) ParOldGen: 10581412K(10581504K)->10581412K(10581504K)
[298.560s][info][gc,metaspace   ] GC(396) Metaspace: 6303K(6528K)->6303K(6528K) NonClass: 5770K(5888K)->5770K(5888K) Class: 533K(640K)->533K(640K)
[298.560s][info][gc             ] GC(396) Pause Full (Ergonomics) 10806M->10806M(11068M) 3205.111ms
[298.560s][info][gc,cpu         ] GC(396) User=24.86s Sys=0.00s Real=3.21s
[298.560s][info][gc,start       ] GC(397) Pause Full (Ergonomics)
[298.560s][info][gc,phases,start] GC(397) Marking Phase
[301.075s][info][gc,phases      ] GC(397) Marking Phase 2514.357ms
[301.075s][info][gc,phases,start] GC(397) Summary Phase
[301.075s][info][gc,phases      ] GC(397) Summary Phase 0.103ms
[301.075s][info][gc,phases,start] GC(397) Adjust Roots
[301.075s][info][gc,phases      ] GC(397) Adjust Roots 0.167ms
[301.075s][info][gc,phases,start] GC(397) Compaction Phase
[301.749s][info][gc,phases      ] GC(397) Compaction Phase 673.941ms
[301.749s][info][gc,phases,start] GC(397) Post Compact
[301.765s][info][gc,phases      ] GC(397) Post Compact 15.855ms
[301.765s][info][gc,heap        ] GC(397) PSYoungGen: 484691K(752128K)->484691K(752128K) Eden: 193536K(193536K)->193536K(193536K) From: 291155K(558592K)->291155K(558592K)
[301.765s][info][gc,heap        ] GC(397) ParOldGen: 10581417K(10581504K)->10581417K(10581504K)
[301.765s][info][gc,metaspace   ] GC(397) Metaspace: 6303K(6528K)->6303K(6528K) NonClass: 5770K(5888K)->5770K(5888K) Class: 533K(640K)->533K(640K)
[301.765s][info][gc             ] GC(397) Pause Full (Ergonomics) 10806M->10806M(11068M) 3204.780ms
[301.765s][info][gc,cpu         ] GC(397) User=24.89s Sys=0.00s Real=3.20s
[301.765s][info][gc,start       ] GC(398) Pause Full (Ergonomics)
[301.765s][info][gc,phases,start] GC(398) Marking Phase
[304.322s][info][gc,phases      ] GC(398) Marking Phase 2556.904ms
[304.322s][info][gc,phases,start] GC(398) Summary Phase
[304.323s][info][gc,phases      ] GC(398) Summary Phase 0.103ms
[304.323s][info][gc,phases,start] GC(398) Adjust Roots
[304.323s][info][gc,phases      ] GC(398) Adjust Roots 0.168ms
[304.323s][info][gc,phases,start] GC(398) Compaction Phase
[305.000s][info][gc,phases      ] GC(398) Compaction Phase 677.085ms
[305.000s][info][gc,phases,start] GC(398) Post Compact
[305.015s][info][gc,phases      ] GC(398) Post Compact 15.149ms
[305.015s][info][gc,heap        ] GC(398) PSYoungGen: 484691K(752128K)->484691K(752128K) Eden: 193536K(193536K)->193536K(193536K) From: 291155K(558592K)->291155K(558592K)
[305.015s][info][gc,heap        ] GC(398) ParOldGen: 10581422K(10581504K)->10581422K(10581504K)
[305.015s][info][gc,metaspace   ] GC(398) Metaspace: 6303K(6528K)->6303K(6528K) NonClass: 5770K(5888K)->5770K(5888K) Class: 533K(640K)->533K(640K)
[305.015s][info][gc             ] GC(398) Pause Full (Ergonomics) 10806M->10806M(11068M) 3249.760ms
[305.015s][info][gc,cpu         ] GC(398) User=25.36s Sys=0.00s Real=3.25s
[305.015s][info][gc,start       ] GC(399) Pause Full (Ergonomics)
[305.015s][info][gc,phases,start] GC(399) Marking Phase
[307.538s][info][gc,phases      ] GC(399) Marking Phase 2522.649ms
[307.538s][info][gc,phases,start] GC(399) Summary Phase
[307.538s][info][gc,phases      ] GC(399) Summary Phase 0.108ms
[307.538s][info][gc,phases,start] GC(399) Adjust Roots
[307.538s][info][gc,phases      ] GC(399) Adjust Roots 0.178ms
[307.538s][info][gc,phases,start] GC(399) Compaction Phase
[308.208s][info][gc,phases      ] GC(399) Compaction Phase 669.064ms
[308.208s][info][gc,phases,start] GC(399) Post Compact
[308.225s][info][gc,phases      ] GC(399) Post Compact 16.898ms
[308.225s][info][gc,heap        ] GC(399) PSYoungGen: 484691K(752128K)->484691K(752128K) Eden: 193536K(193536K)->193536K(193536K) From: 291155K(558592K)->291155K(558592K)
[308.225s][info][gc,heap        ] GC(399) ParOldGen: 10581427K(10581504K)->10581427K(10581504K)
[308.225s][info][gc,metaspace   ] GC(399) Metaspace: 6303K(6528K)->6303K(6528K) NonClass: 5770K(5888K)->5770K(5888K) Class: 533K(640K)->533K(640K)
[308.225s][info][gc             ] GC(399) Pause Full (Ergonomics) 10806M->10806M(11068M) 3209.282ms
[308.225s][info][gc,cpu         ] GC(399) User=24.86s Sys=0.00s Real=3.21s
[308.225s][info][gc,start       ] GC(400) Pause Full (Ergonomics)
[308.225s][info][gc,phases,start] GC(400) Marking Phase
[310.749s][info][gc,phases      ] GC(400) Marking Phase 2524.149ms
[310.749s][info][gc,phases,start] GC(400) Summary Phase
[310.749s][info][gc,phases      ] GC(400) Summary Phase 0.113ms
[310.749s][info][gc,phases,start] GC(400) Adjust Roots
[310.750s][info][gc,phases      ] GC(400) Adjust Roots 0.189ms
[310.750s][info][gc,phases,start] GC(400) Compaction Phase
[311.422s][info][gc,phases      ] GC(400) Compaction Phase 672.249ms
[311.422s][info][gc,phases,start] GC(400) Post Compact
[311.437s][info][gc,phases      ] GC(400) Post Compact 15.449ms
[311.438s][info][gc,heap        ] GC(400) PSYoungGen: 484691K(752128K)->484691K(752128K) Eden: 193536K(193536K)->193536K(193536K) From: 291155K(558592K)->291155K(558592K)
[311.438s][info][gc,heap        ] GC(400) ParOldGen: 10581431K(10581504K)->10581431K(10581504K)
[311.438s][info][gc,metaspace   ] GC(400) Metaspace: 6303K(6528K)->6303K(6528K) NonClass: 5770K(5888K)->5770K(5888K) Class: 533K(640K)->533K(640K)
[311.438s][info][gc             ] GC(400) Pause Full (Ergonomics) 10806M->10806M(11068M) 3212.498ms
[311.438s][info][gc,cpu         ] GC(400) User=24.92s Sys=0.00s Real=3.21s
[311.438s][info][gc,start       ] GC(401) Pause Full (Ergonomics)
[311.438s][info][gc,phases,start] GC(401) Marking Phase
[313.933s][info][gc,phases      ] GC(401) Marking Phase 2494.987ms
[313.933s][info][gc,phases,start] GC(401) Summary Phase
[313.933s][info][gc,phases      ] GC(401) Summary Phase 0.103ms
[313.933s][info][gc,phases,start] GC(401) Adjust Roots
[313.933s][info][gc,phases      ] GC(401) Adjust Roots 0.168ms
[313.933s][info][gc,phases,start] GC(401) Compaction Phase
[314.604s][info][gc,phases      ] GC(401) Compaction Phase 670.814ms
[314.604s][info][gc,phases,start] GC(401) Post Compact
[314.620s][info][gc,phases      ] GC(401) Post Compact 15.448ms
[314.620s][info][gc,heap        ] GC(401) PSYoungGen: 484691K(752128K)->484691K(752128K) Eden: 193536K(193536K)->193536K(193536K) From: 291155K(558592K)->291155K(558592K)
[314.620s][info][gc,heap        ] GC(401) ParOldGen: 10581436K(10581504K)->10581436K(10581504K)
[314.620s][info][gc,metaspace   ] GC(401) Metaspace: 6303K(6528K)->6303K(6528K) NonClass: 5770K(5888K)->5770K(5888K) Class: 533K(640K)->533K(640K)
[314.620s][info][gc             ] GC(401) Pause Full (Ergonomics) 10806M->10806M(11068M) 3181.871ms
[314.620s][info][gc,cpu         ] GC(401) User=24.73s Sys=0.00s Real=3.18s
[314.620s][info][gc,start       ] GC(402) Pause Full (Ergonomics)
[314.620s][info][gc,phases,start] GC(402) Marking Phase
[317.142s][info][gc,phases      ] GC(402) Marking Phase 2521.934ms
[317.142s][info][gc,phases,start] GC(402) Summary Phase
[317.142s][info][gc,phases      ] GC(402) Summary Phase 0.132ms
[317.142s][info][gc,phases,start] GC(402) Adjust Roots
[317.142s][info][gc,phases      ] GC(402) Adjust Roots 0.218ms
[317.142s][info][gc,phases,start] GC(402) Compaction Phase
[317.808s][info][gc,phases      ] GC(402) Compaction Phase 665.845ms
[317.808s][info][gc,phases,start] GC(402) Post Compact
[317.824s][info][gc,phases      ] GC(402) Post Compact 15.278ms
[317.824s][info][gc,heap        ] GC(402) PSYoungGen: 484691K(752128K)->484691K(752128K) Eden: 193536K(193536K)->193536K(193536K) From: 291155K(558592K)->291155K(558592K)
[317.824s][info][gc,heap        ] GC(402) ParOldGen: 10581441K(10581504K)->10581441K(10581504K)
[317.824s][info][gc,metaspace   ] GC(402) Metaspace: 6303K(6528K)->6303K(6528K) NonClass: 5770K(5888K)->5770K(5888K) Class: 533K(640K)->533K(640K)
[317.824s][info][gc             ] GC(402) Pause Full (Ergonomics) 10806M->10806M(11068M) 3203.808ms
[317.824s][info][gc,cpu         ] GC(402) User=24.92s Sys=0.00s Real=3.20s
[317.824s][info][gc,start       ] GC(403) Pause Full (Ergonomics)
[317.824s][info][gc,phases,start] GC(403) Marking Phase
[320.339s][info][gc,phases      ] GC(403) Marking Phase 2514.691ms
[320.339s][info][gc,phases,start] GC(403) Summary Phase
[320.339s][info][gc,phases      ] GC(403) Summary Phase 0.107ms
[320.339s][info][gc,phases,start] GC(403) Adjust Roots
[320.339s][info][gc,phases      ] GC(403) Adjust Roots 0.169ms
[320.339s][info][gc,phases,start] GC(403) Compaction Phase
[321.017s][info][gc,phases      ] GC(403) Compaction Phase 677.910ms
[321.017s][info][gc,phases,start] GC(403) Post Compact
[321.033s][info][gc,phases      ] GC(403) Post Compact 15.812ms
[321.033s][info][gc,heap        ] GC(403) PSYoungGen: 484691K(752128K)->484691K(752128K) Eden: 193536K(193536K)->193536K(193536K) From: 291155K(558592K)->291155K(558592K)
[321.033s][info][gc,heap        ] GC(403) ParOldGen: 10581446K(10581504K)->10581446K(10581504K)
[321.033s][info][gc,metaspace   ] GC(403) Metaspace: 6303K(6528K)->6303K(6528K) NonClass: 5770K(5888K)->5770K(5888K) Class: 533K(640K)->533K(640K)
[321.033s][info][gc             ] GC(403) Pause Full (Ergonomics) 10806M->10806M(11068M) 3209.047ms
[321.033s][info][gc,cpu         ] GC(403) User=24.78s Sys=0.02s Real=3.21s
[321.033s][info][gc,start       ] GC(404) Pause Full (Ergonomics)
[321.033s][info][gc,phases,start] GC(404) Marking Phase
[323.539s][info][gc,phases      ] GC(404) Marking Phase 2506.028ms
[323.539s][info][gc,phases,start] GC(404) Summary Phase
[323.539s][info][gc,phases      ] GC(404) Summary Phase 0.102ms
[323.539s][info][gc,phases,start] GC(404) Adjust Roots
[323.540s][info][gc,phases      ] GC(404) Adjust Roots 0.167ms
[323.540s][info][gc,phases,start] GC(404) Compaction Phase
[324.210s][info][gc,phases      ] GC(404) Compaction Phase 670.752ms
[324.210s][info][gc,phases,start] GC(404) Post Compact
[324.226s][info][gc,phases      ] GC(404) Post Compact 15.817ms
[324.226s][info][gc,heap        ] GC(404) PSYoungGen: 484691K(752128K)->484691K(752128K) Eden: 193536K(193536K)->193536K(193536K) From: 291155K(558592K)->291155K(558592K)
[324.226s][info][gc,heap        ] GC(404) ParOldGen: 10581451K(10581504K)->10581451K(10581504K)
[324.226s][info][gc,metaspace   ] GC(404) Metaspace: 6303K(6528K)->6303K(6528K) NonClass: 5770K(5888K)->5770K(5888K) Class: 533K(640K)->533K(640K)
[324.226s][info][gc             ] GC(404) Pause Full (Ergonomics) 10806M->10806M(11068M) 3193.237ms
[324.226s][info][gc,cpu         ] GC(404) User=24.72s Sys=0.03s Real=3.19s
[324.227s][info][gc,start       ] GC(405) Pause Full (Ergonomics)
[324.227s][info][gc,phases,start] GC(405) Marking Phase
[326.740s][info][gc,phases      ] GC(405) Marking Phase 2513.452ms
[326.740s][info][gc,phases,start] GC(405) Summary Phase
[326.740s][info][gc,phases      ] GC(405) Summary Phase 0.118ms
[326.740s][info][gc,phases,start] GC(405) Adjust Roots
[326.741s][info][gc,phases      ] GC(405) Adjust Roots 0.227ms
[326.741s][info][gc,phases,start] GC(405) Compaction Phase
[327.423s][info][gc,phases      ] GC(405) Compaction Phase 682.543ms
[327.423s][info][gc,phases,start] GC(405) Post Compact
[327.439s][info][gc,phases      ] GC(405) Post Compact 15.814ms
[327.439s][info][gc,heap        ] GC(405) PSYoungGen: 484691K(752128K)->484691K(752128K) Eden: 193536K(193536K)->193536K(193536K) From: 291155K(558592K)->291155K(558592K)
[327.439s][info][gc,heap        ] GC(405) ParOldGen: 10581456K(10581504K)->10581456K(10581504K)
[327.439s][info][gc,metaspace   ] GC(405) Metaspace: 6303K(6528K)->6303K(6528K) NonClass: 5770K(5888K)->5770K(5888K) Class: 533K(640K)->533K(640K)
[327.439s][info][gc             ] GC(405) Pause Full (Ergonomics) 10806M->10806M(11068M) 3212.505ms
[327.439s][info][gc,cpu         ] GC(405) User=24.81s Sys=0.03s Real=3.21s
[327.439s][info][gc,start       ] GC(406) Pause Full (Ergonomics)
[327.439s][info][gc,phases,start] GC(406) Marking Phase
[329.961s][info][gc,phases      ] GC(406) Marking Phase 2521.154ms
[329.961s][info][gc,phases,start] GC(406) Summary Phase
[329.961s][info][gc,phases      ] GC(406) Summary Phase 0.151ms
[329.961s][info][gc,phases,start] GC(406) Adjust Roots
[329.961s][info][gc,phases      ] GC(406) Adjust Roots 0.272ms
[329.961s][info][gc,phases,start] GC(406) Compaction Phase
[330.620s][info][gc,phases      ] GC(406) Compaction Phase 659.312ms
[330.620s][info][gc,phases,start] GC(406) Post Compact
[330.638s][info][gc,phases      ] GC(406) Post Compact 17.624ms
[330.638s][info][gc,heap        ] GC(406) PSYoungGen: 484691K(752128K)->484691K(752128K) Eden: 193536K(193536K)->193536K(193536K) From: 291155K(558592K)->291155K(558592K)
[330.638s][info][gc,heap        ] GC(406) ParOldGen: 10581460K(10581504K)->10581460K(10581504K)
[330.638s][info][gc,metaspace   ] GC(406) Metaspace: 6303K(6528K)->6303K(6528K) NonClass: 5770K(5888K)->5770K(5888K) Class: 533K(640K)->533K(640K)
[330.638s][info][gc             ] GC(406) Pause Full (Ergonomics) 10806M->10806M(11068M) 3198.966ms
[330.638s][info][gc,cpu         ] GC(406) User=24.86s Sys=0.00s Real=3.20s
[330.639s][info][gc,start       ] GC(407) Pause Full (Ergonomics)
[330.639s][info][gc,phases,start] GC(407) Marking Phase
[333.169s][info][gc,phases      ] GC(407) Marking Phase 2530.218ms
[333.169s][info][gc,phases,start] GC(407) Summary Phase
[333.169s][info][gc,phases      ] GC(407) Summary Phase 0.108ms
[333.169s][info][gc,phases,start] GC(407) Adjust Roots
[333.169s][info][gc,phases      ] GC(407) Adjust Roots 0.235ms
[333.169s][info][gc,phases,start] GC(407) Compaction Phase
[333.834s][info][gc,phases      ] GC(407) Compaction Phase 664.583ms
[333.834s][info][gc,phases,start] GC(407) Post Compact
[333.851s][info][gc,phases      ] GC(407) Post Compact 16.685ms
[333.851s][info][gc,heap        ] GC(407) PSYoungGen: 484691K(752128K)->484691K(752128K) Eden: 193536K(193536K)->193536K(193536K) From: 291155K(558592K)->291155K(558592K)
[333.851s][info][gc,heap        ] GC(407) ParOldGen: 10581465K(10581504K)->10581465K(10581504K)
[333.851s][info][gc,metaspace   ] GC(407) Metaspace: 6303K(6528K)->6303K(6528K) NonClass: 5770K(5888K)->5770K(5888K) Class: 533K(640K)->533K(640K)
[333.851s][info][gc             ] GC(407) Pause Full (Ergonomics) 10806M->10806M(11068M) 3212.150ms
[333.851s][info][gc,cpu         ] GC(407) User=24.88s Sys=0.00s Real=3.21s
[333.851s][info][gc,start       ] GC(408) Pause Full (Ergonomics)
[333.851s][info][gc,phases,start] GC(408) Marking Phase
[336.376s][info][gc,phases      ] GC(408) Marking Phase 2524.894ms
[336.376s][info][gc,phases,start] GC(408) Summary Phase
[336.376s][info][gc,phases      ] GC(408) Summary Phase 0.136ms
[336.376s][info][gc,phases,start] GC(408) Adjust Roots
[336.376s][info][gc,phases      ] GC(408) Adjust Roots 0.306ms
[336.376s][info][gc,phases,start] GC(408) Compaction Phase
[337.042s][info][gc,phases      ] GC(408) Compaction Phase 665.647ms
[337.042s][info][gc,phases,start] GC(408) Post Compact
[337.060s][info][gc,phases      ] GC(408) Post Compact 17.757ms
[337.060s][info][gc,heap        ] GC(408) PSYoungGen: 484691K(752128K)->484691K(752128K) Eden: 193536K(193536K)->193536K(193536K) From: 291155K(558592K)->291155K(558592K)
[337.060s][info][gc,heap        ] GC(408) ParOldGen: 10581470K(10581504K)->10581470K(10581504K)
[337.060s][info][gc,metaspace   ] GC(408) Metaspace: 6303K(6528K)->6303K(6528K) NonClass: 5770K(5888K)->5770K(5888K) Class: 533K(640K)->533K(640K)
[337.060s][info][gc             ] GC(408) Pause Full (Ergonomics) 10806M->10806M(11068M) 3209.101ms
[337.060s][info][gc,cpu         ] GC(408) User=24.83s Sys=0.02s Real=3.21s
[337.060s][info][gc,start       ] GC(409) Pause Full (Ergonomics)
[337.060s][info][gc,phases,start] GC(409) Marking Phase
[339.600s][info][gc,phases      ] GC(409) Marking Phase 2539.344ms
[339.600s][info][gc,phases,start] GC(409) Summary Phase
[339.600s][info][gc,phases      ] GC(409) Summary Phase 0.139ms
[339.600s][info][gc,phases,start] GC(409) Adjust Roots
[339.600s][info][gc,phases      ] GC(409) Adjust Roots 0.227ms
[339.600s][info][gc,phases,start] GC(409) Compaction Phase
[340.277s][info][gc,phases      ] GC(409) Compaction Phase 676.529ms
[340.277s][info][gc,phases,start] GC(409) Post Compact
[340.293s][info][gc,phases      ] GC(409) Post Compact 16.758ms
[340.293s][info][gc,heap        ] GC(409) PSYoungGen: 484691K(752128K)->484691K(752128K) Eden: 193536K(193536K)->193536K(193536K) From: 291155K(558592K)->291155K(558592K)
[340.293s][info][gc,heap        ] GC(409) ParOldGen: 10581475K(10581504K)->10581475K(10581504K)
[340.294s][info][gc,metaspace   ] GC(409) Metaspace: 6303K(6528K)->6303K(6528K) NonClass: 5770K(5888K)->5770K(5888K) Class: 533K(640K)->533K(640K)
[340.294s][info][gc             ] GC(409) Pause Full (Ergonomics) 10806M->10806M(11068M) 3233.351ms
[340.294s][info][gc,cpu         ] GC(409) User=24.77s Sys=0.00s Real=3.23s
[340.294s][info][gc,start       ] GC(410) Pause Full (Ergonomics)
[340.294s][info][gc,phases,start] GC(410) Marking Phase
[342.778s][info][gc,phases      ] GC(410) Marking Phase 2483.772ms
[342.778s][info][gc,phases,start] GC(410) Summary Phase
[342.778s][info][gc,phases      ] GC(410) Summary Phase 0.123ms
[342.778s][info][gc,phases,start] GC(410) Adjust Roots
[342.778s][info][gc,phases      ] GC(410) Adjust Roots 0.224ms
[342.778s][info][gc,phases,start] GC(410) Compaction Phase
[343.445s][info][gc,phases      ] GC(410) Compaction Phase 667.414ms
[343.446s][info][gc,phases,start] GC(410) Post Compact
[343.463s][info][gc,phases      ] GC(410) Post Compact 17.604ms
[343.463s][info][gc,heap        ] GC(410) PSYoungGen: 484691K(752128K)->484691K(752128K) Eden: 193536K(193536K)->193536K(193536K) From: 291155K(558592K)->291155K(558592K)
[343.463s][info][gc,heap        ] GC(410) ParOldGen: 10581480K(10581504K)->10581480K(10581504K)
[343.463s][info][gc,metaspace   ] GC(410) Metaspace: 6303K(6528K)->6303K(6528K) NonClass: 5770K(5888K)->5770K(5888K) Class: 533K(640K)->533K(640K)
[343.463s][info][gc             ] GC(410) Pause Full (Ergonomics) 10806M->10806M(11068M) 3169.493ms
[343.463s][info][gc,cpu         ] GC(410) User=24.48s Sys=0.00s Real=3.17s
[343.463s][info][gc,start       ] GC(411) Pause Full (Ergonomics)
[343.463s][info][gc,phases,start] GC(411) Marking Phase
[345.954s][info][gc,phases      ] GC(411) Marking Phase 2490.534ms
[345.954s][info][gc,phases,start] GC(411) Summary Phase
[345.954s][info][gc,phases      ] GC(411) Summary Phase 0.139ms
[345.954s][info][gc,phases,start] GC(411) Adjust Roots
[345.954s][info][gc,phases      ] GC(411) Adjust Roots 0.237ms
[345.955s][info][gc,phases,start] GC(411) Compaction Phase
[346.631s][info][gc,phases      ] GC(411) Compaction Phase 676.186ms
[346.631s][info][gc,phases,start] GC(411) Post Compact
[346.647s][info][gc,phases      ] GC(411) Post Compact 16.016ms
[346.647s][info][gc,heap        ] GC(411) PSYoungGen: 484691K(752128K)->484691K(752128K) Eden: 193536K(193536K)->193536K(193536K) From: 291155K(558592K)->291155K(558592K)
[346.647s][info][gc,heap        ] GC(411) ParOldGen: 10581485K(10581504K)->10581485K(10581504K)
[346.647s][info][gc,metaspace   ] GC(411) Metaspace: 6303K(6528K)->6303K(6528K) NonClass: 5770K(5888K)->5770K(5888K) Class: 533K(640K)->533K(640K)
[346.647s][info][gc             ] GC(411) Pause Full (Ergonomics) 10806M->10806M(11068M) 3183.469ms
[346.647s][info][gc,cpu         ] GC(411) User=24.69s Sys=0.00s Real=3.18s
[346.647s][info][gc,start       ] GC(412) Pause Full (Ergonomics)
[346.647s][info][gc,phases,start] GC(412) Marking Phase
[349.129s][info][gc,phases      ] GC(412) Marking Phase 2481.831ms
[349.129s][info][gc,phases,start] GC(412) Summary Phase
[349.129s][info][gc,phases      ] GC(412) Summary Phase 0.121ms
[349.129s][info][gc,phases,start] GC(412) Adjust Roots
[349.129s][info][gc,phases      ] GC(412) Adjust Roots 0.177ms
[349.129s][info][gc,phases,start] GC(412) Compaction Phase
[349.806s][info][gc,phases      ] GC(412) Compaction Phase 676.169ms
[349.806s][info][gc,phases,start] GC(412) Post Compact
[349.822s][info][gc,phases      ] GC(412) Post Compact 15.998ms
[349.822s][info][gc,heap        ] GC(412) PSYoungGen: 484691K(752128K)->484691K(752128K) Eden: 193536K(193536K)->193536K(193536K) From: 291155K(558592K)->291155K(558592K)
[349.822s][info][gc,heap        ] GC(412) ParOldGen: 10581489K(10581504K)->10581489K(10581504K)
[349.822s][info][gc,metaspace   ] GC(412) Metaspace: 6303K(6528K)->6303K(6528K) NonClass: 5770K(5888K)->5770K(5888K) Class: 533K(640K)->533K(640K)
[349.822s][info][gc             ] GC(412) Pause Full (Ergonomics) 10806M->10806M(11068M) 3174.679ms
[349.822s][info][gc,cpu         ] GC(412) User=24.41s Sys=0.00s Real=3.17s
[349.822s][info][gc,start       ] GC(413) Pause Full (Ergonomics)
[349.822s][info][gc,phases,start] GC(413) Marking Phase
[352.343s][info][gc,phases      ] GC(413) Marking Phase 2520.547ms
[352.343s][info][gc,phases,start] GC(413) Summary Phase
[352.343s][info][gc,phases      ] GC(413) Summary Phase 0.138ms
[352.343s][info][gc,phases,start] GC(413) Adjust Roots
[352.343s][info][gc,phases      ] GC(413) Adjust Roots 0.217ms
[352.343s][info][gc,phases,start] GC(413) Compaction Phase
[353.003s][info][gc,phases      ] GC(413) Compaction Phase 659.776ms
[353.003s][info][gc,phases,start] GC(413) Post Compact
[353.019s][info][gc,phases      ] GC(413) Post Compact 15.762ms
[353.019s][info][gc,heap        ] GC(413) PSYoungGen: 484691K(752128K)->484691K(752128K) Eden: 193536K(193536K)->193536K(193536K) From: 291155K(558592K)->291155K(558592K)
[353.019s][info][gc,heap        ] GC(413) ParOldGen: 10581494K(10581504K)->10581494K(10581504K)
[353.019s][info][gc,metaspace   ] GC(413) Metaspace: 6303K(6528K)->6303K(6528K) NonClass: 5770K(5888K)->5770K(5888K) Class: 533K(640K)->533K(640K)
[353.019s][info][gc             ] GC(413) Pause Full (Ergonomics) 10806M->10806M(11068M) 3196.834ms
[353.019s][info][gc,cpu         ] GC(413) User=24.88s Sys=0.00s Real=3.20s
[353.019s][info][gc,start       ] GC(414) Pause Full (Ergonomics)
[353.019s][info][gc,phases,start] GC(414) Marking Phase
[355.523s][info][gc,phases      ] GC(414) Marking Phase 2504.233ms
[355.523s][info][gc,phases,start] GC(414) Summary Phase
[355.524s][info][gc,phases      ] GC(414) Summary Phase 0.109ms
[355.524s][info][gc,phases,start] GC(414) Adjust Roots
[355.524s][info][gc,phases      ] GC(414) Adjust Roots 0.170ms
[355.524s][info][gc,phases,start] GC(414) Compaction Phase
[356.206s][info][gc,phases      ] GC(414) Compaction Phase 682.317ms
[356.206s][info][gc,phases,start] GC(414) Post Compact
[356.222s][info][gc,phases      ] GC(414) Post Compact 15.800ms
[356.222s][info][gc,heap        ] GC(414) PSYoungGen: 484691K(752128K)->484691K(752128K) Eden: 193536K(193536K)->193536K(193536K) From: 291155K(558592K)->291155K(558592K)
[356.222s][info][gc,heap        ] GC(414) ParOldGen: 10581499K(10581504K)->10581499K(10581504K)
[356.222s][info][gc,metaspace   ] GC(414) Metaspace: 6303K(6528K)->6303K(6528K) NonClass: 5770K(5888K)->5770K(5888K) Class: 533K(640K)->533K(640K)
[356.222s][info][gc             ] GC(414) Pause Full (Ergonomics) 10806M->10806M(11068M) 3203.010ms
[356.222s][info][gc,cpu         ] GC(414) User=24.88s Sys=0.02s Real=3.20s
[356.222s][info][gc,start       ] GC(415) Pause Full (Ergonomics)
[356.222s][info][gc,phases,start] GC(415) Marking Phase
[358.731s][info][gc,phases      ] GC(415) Marking Phase 2508.246ms
[358.731s][info][gc,phases,start] GC(415) Summary Phase
[358.731s][info][gc,phases      ] GC(415) Summary Phase 0.103ms
[358.731s][info][gc,phases,start] GC(415) Adjust Roots
[358.731s][info][gc,phases      ] GC(415) Adjust Roots 0.169ms
[358.731s][info][gc,phases,start] GC(415) Compaction Phase
[359.406s][info][gc,phases      ] GC(415) Compaction Phase 674.741ms
[359.406s][info][gc,phases,start] GC(415) Post Compact
[359.421s][info][gc,phases      ] GC(415) Post Compact 15.229ms
[359.421s][info][gc,heap        ] GC(415) PSYoungGen: 484691K(752128K)->484691K(752128K) Eden: 193536K(193536K)->193536K(193536K) From: 291155K(558592K)->291155K(558592K)
[359.421s][info][gc,heap        ] GC(415) ParOldGen: 10581503K(10581504K)->10581503K(10581504K)
[359.421s][info][gc,metaspace   ] GC(415) Metaspace: 6303K(6528K)->6303K(6528K) NonClass: 5770K(5888K)->5770K(5888K) Class: 533K(640K)->533K(640K)
[359.421s][info][gc             ] GC(415) Pause Full (Ergonomics) 10806M->10806M(11068M) 3198.826ms
[359.421s][info][gc,cpu         ] GC(415) User=24.97s Sys=0.00s Real=3.20s
[359.421s][info][gc,start       ] GC(416) Pause Full (Allocation Failure)
[359.421s][info][gc,phases,start] GC(416) Marking Phase
[361.908s][info][gc,phases      ] GC(416) Marking Phase 2486.409ms
[361.908s][info][gc,phases,start] GC(416) Summary Phase
[361.908s][info][gc,phases      ] GC(416) Summary Phase 0.130ms
[361.908s][info][gc,phases,start] GC(416) Adjust Roots
[361.908s][info][gc,phases      ] GC(416) Adjust Roots 0.416ms
[361.908s][info][gc,phases,start] GC(416) Compaction Phase
[364.582s][info][gc,phases      ] GC(416) Compaction Phase 2673.912ms
[364.582s][info][gc,phases,start] GC(416) Post Compact
[364.600s][info][gc,phases      ] GC(416) Post Compact 17.405ms
[364.600s][info][gc,heap        ] GC(416) PSYoungGen: 484691K(752128K)->484691K(752128K) Eden: 193536K(193536K)->193536K(193536K) From: 291155K(558592K)->291155K(558592K)
[364.600s][info][gc,heap        ] GC(416) ParOldGen: 10581503K(10581504K)->10581499K(10581504K)
[364.600s][info][gc,metaspace   ] GC(416) Metaspace: 6303K(6528K)->6301K(6528K) NonClass: 5770K(5888K)->5768K(5888K) Class: 533K(640K)->532K(640K)
[364.600s][info][gc             ] GC(416) Pause Full (Allocation Failure) 10806M->10806M(11068M) 5178.661ms
[364.600s][info][gc,cpu         ] GC(416) User=39.09s Sys=0.05s Real=5.18s
[364.601s][info][gc,start       ] GC(417) Pause Full (Ergonomics)
[364.601s][info][gc,phases,start] GC(417) Marking Phase
[367.120s][info][gc,phases      ] GC(417) Marking Phase 2519.258ms
[367.120s][info][gc,phases,start] GC(417) Summary Phase
[367.120s][info][gc,phases      ] GC(417) Summary Phase 0.118ms
[367.120s][info][gc,phases,start] GC(417) Adjust Roots
[367.121s][info][gc,phases      ] GC(417) Adjust Roots 0.182ms
[367.121s][info][gc,phases,start] GC(417) Compaction Phase
[367.803s][info][gc,phases      ] GC(417) Compaction Phase 682.640ms
[367.803s][info][gc,phases,start] GC(417) Post Compact
[367.820s][info][gc,phases      ] GC(417) Post Compact 16.696ms
[367.820s][info][gc,heap        ] GC(417) PSYoungGen: 484691K(752128K)->484691K(752128K) Eden: 193536K(193536K)->193536K(193536K) From: 291155K(558592K)->291155K(558592K)
[367.820s][info][gc,heap        ] GC(417) ParOldGen: 10581499K(10581504K)->10581499K(10581504K)
[367.820s][info][gc,metaspace   ] GC(417) Metaspace: 6301K(6528K)->6301K(6528K) NonClass: 5768K(5888K)->5768K(5888K) Class: 532K(640K)->532K(640K)
[367.820s][info][gc             ] GC(417) Pause Full (Ergonomics) 10806M->10806M(11068M) 3219.274ms
[367.820s][info][gc,cpu         ] GC(417) User=25.02s Sys=0.00s Real=3.22s
[367.821s][info][gc,start       ] GC(418) Pause Full (Ergonomics)
[367.821s][info][gc,phases,start] GC(418) Marking Phase
[370.323s][info][gc,phases      ] GC(418) Marking Phase 2502.060ms
[370.323s][info][gc,phases,start] GC(418) Summary Phase
[370.323s][info][gc,phases      ] GC(418) Summary Phase 0.119ms
[370.323s][info][gc,phases,start] GC(418) Adjust Roots
[370.323s][info][gc,phases      ] GC(418) Adjust Roots 0.193ms
[370.323s][info][gc,phases,start] GC(418) Compaction Phase
[371.102s][info][gc,phases      ] GC(418) Compaction Phase 778.285ms
[371.102s][info][gc,phases,start] GC(418) Post Compact
[371.119s][info][gc,phases      ] GC(418) Post Compact 17.284ms
[371.119s][info][gc,heap        ] GC(418) PSYoungGen: 484691K(752128K)->484691K(752128K) Eden: 193536K(193536K)->193536K(193536K) From: 291155K(558592K)->291155K(558592K)
[371.119s][info][gc,heap        ] GC(418) ParOldGen: 10581503K(10581504K)->10581503K(10581504K)
[371.119s][info][gc,metaspace   ] GC(418) Metaspace: 6301K(6528K)->6301K(6528K) NonClass: 5768K(5888K)->5768K(5888K) Class: 532K(640K)->532K(640K)
[371.119s][info][gc             ] GC(418) Pause Full (Ergonomics) 10806M->10806M(11068M) 3298.321ms
[371.119s][info][gc,cpu         ] GC(418) User=24.98s Sys=0.02s Real=3.30s
[371.119s][info][gc,start       ] GC(419) Pause Full (Allocation Failure)
[371.119s][info][gc,phases,start] GC(419) Marking Phase
[373.668s][info][gc,phases      ] GC(419) Marking Phase 2549.336ms
[373.669s][info][gc,phases,start] GC(419) Summary Phase
[373.669s][info][gc,phases      ] GC(419) Summary Phase 0.116ms
[373.669s][info][gc,phases,start] GC(419) Adjust Roots
[373.669s][info][gc,phases      ] GC(419) Adjust Roots 0.184ms
[373.669s][info][gc,phases,start] GC(419) Compaction Phase
[374.397s][info][gc,phases      ] GC(419) Compaction Phase 728.612ms
[374.398s][info][gc,phases,start] GC(419) Post Compact
[374.413s][info][gc,phases      ] GC(419) Post Compact 15.041ms
[374.413s][info][gc,heap        ] GC(419) PSYoungGen: 484691K(752128K)->484691K(752128K) Eden: 193536K(193536K)->193536K(193536K) From: 291155K(558592K)->291155K(558592K)
[374.413s][info][gc,heap        ] GC(419) ParOldGen: 10581503K(10581504K)->10581503K(10581504K)
[374.413s][info][gc,metaspace   ] GC(419) Metaspace: 6301K(6528K)->6301K(6528K) NonClass: 5768K(5888K)->5768K(5888K) Class: 532K(640K)->532K(640K)
[374.413s][info][gc             ] GC(419) Pause Full (Allocation Failure) 10806M->10806M(11068M) 3293.622ms
[374.413s][info][gc,cpu         ] GC(419) User=25.08s Sys=0.02s Real=3.29s
[374.413s][info][gc,start       ] GC(420) Pause Full (Ergonomics)
[374.413s][info][gc,phases,start] GC(420) Marking Phase
[376.909s][info][gc,phases      ] GC(420) Marking Phase 2495.468ms
[376.909s][info][gc,phases,start] GC(420) Summary Phase
[376.909s][info][gc,phases      ] GC(420) Summary Phase 0.106ms
[376.909s][info][gc,phases,start] GC(420) Adjust Roots
[376.909s][info][gc,phases      ] GC(420) Adjust Roots 0.248ms
[376.909s][info][gc,phases,start] GC(420) Compaction Phase
[379.644s][info][gc,phases      ] GC(420) Compaction Phase 2734.367ms
[379.644s][info][gc,phases,start] GC(420) Post Compact
[379.663s][info][gc,phases      ] GC(420) Post Compact 18.783ms
[379.663s][info][gc,heap        ] GC(420) PSYoungGen: 484691K(752128K)->484691K(752128K) Eden: 193536K(193536K)->193536K(193536K) From: 291155K(558592K)->291155K(558592K)
[379.663s][info][gc,heap        ] GC(420) ParOldGen: 10581503K(10581504K)->10581502K(10581504K)
[379.663s][info][gc,metaspace   ] GC(420) Metaspace: 6301K(6528K)->6301K(6528K) NonClass: 5768K(5888K)->5768K(5888K) Class: 532K(640K)->532K(640K)
[379.663s][info][gc             ] GC(420) Pause Full (Ergonomics) 10806M->10806M(11068M) 5249.343ms
[379.663s][info][gc,cpu         ] GC(420) User=39.33s Sys=0.00s Real=5.25s
[379.663s][info][gc,start       ] GC(421) Pause Full (Ergonomics)
[379.663s][info][gc,phases,start] GC(421) Marking Phase
[382.118s][info][gc,phases      ] GC(421) Marking Phase 2454.398ms
[382.118s][info][gc,phases,start] GC(421) Summary Phase
[382.118s][info][gc,phases      ] GC(421) Summary Phase 0.105ms
[382.118s][info][gc,phases,start] GC(421) Adjust Roots
[382.118s][info][gc,phases      ] GC(421) Adjust Roots 0.198ms
[382.118s][info][gc,phases,start] GC(421) Compaction Phase
[382.806s][info][gc,phases      ] GC(421) Compaction Phase 688.205ms
[382.806s][info][gc,phases,start] GC(421) Post Compact
[382.829s][info][gc,phases      ] GC(421) Post Compact 22.758ms
[382.829s][info][gc,heap        ] GC(421) PSYoungGen: 484691K(752128K)->484691K(752128K) Eden: 193536K(193536K)->193536K(193536K) From: 291155K(558592K)->291155K(558592K)
[382.829s][info][gc,heap        ] GC(421) ParOldGen: 10581502K(10581504K)->10581502K(10581504K)
[382.829s][info][gc,metaspace   ] GC(421) Metaspace: 6301K(6528K)->6301K(6528K) NonClass: 5768K(5888K)->5768K(5888K) Class: 532K(640K)->532K(640K)
[382.829s][info][gc             ] GC(421) Pause Full (Ergonomics) 10806M->10806M(11068M) 3166.032ms
[382.829s][info][gc,cpu         ] GC(421) User=24.47s Sys=0.02s Real=3.17s
[382.830s][info][gc,start       ] GC(422) Pause Full (Ergonomics)
[382.831s][info][gc,phases,start] GC(422) Marking Phase
[385.375s][info][gc,phases      ] GC(422) Marking Phase 2544.035ms
[385.375s][info][gc,phases,start] GC(422) Summary Phase
[385.375s][info][gc,phases      ] GC(422) Summary Phase 0.117ms
[385.375s][info][gc,phases,start] GC(422) Adjust Roots
[385.375s][info][gc,phases      ] GC(422) Adjust Roots 0.326ms
[385.375s][info][gc,phases,start] GC(422) Compaction Phase
[388.088s][info][gc,phases      ] GC(422) Compaction Phase 2712.662ms
[388.088s][info][gc,phases,start] GC(422) Post Compact
[388.108s][info][gc,phases      ] GC(422) Post Compact 20.174ms
[388.108s][info][gc,heap        ] GC(422) PSYoungGen: 484691K(752128K)->484691K(752128K) Eden: 193536K(193536K)->193536K(193536K) From: 291155K(558592K)->291155K(558592K)
[388.108s][info][gc,heap        ] GC(422) ParOldGen: 10581503K(10581504K)->10581501K(10581504K)
[388.108s][info][gc,metaspace   ] GC(422) Metaspace: 6303K(6528K)->6303K(6528K) NonClass: 5769K(5888K)->5769K(5888K) Class: 533K(640K)->533K(640K)
[388.108s][info][gc             ] GC(422) Pause Full (Ergonomics) 10806M->10806M(11068M) 5277.700ms
[388.108s][info][gc,cpu         ] GC(422) User=39.11s Sys=0.06s Real=5.28s
[388.109s][info][gc,heap,exit   ] Heap
[388.109s][info][gc,heap,exit   ]  PSYoungGen      total 752128K, used 484691K [0x00000006bd180000, 0x000000071ad00000, 0x0000000800000000)
[388.109s][info][gc,heap,exit   ]   eden space 193536K, 100% used [0x00000006bd180000,0x00000006c8e80000,0x00000006c8e80000)
[388.109s][info][gc,heap,exit   ]   from space 558592K, 52% used [0x00000006c8e80000,0x00000006daad4ea0,0x00000006eb000000)
[388.109s][info][gc,heap,exit   ]   to   space 660480K, 0% used [0x00000006f2800000,0x00000006f2800000,0x000000071ad00000)
[388.109s][info][gc,heap,exit   ]  ParOldGen       total 10581504K, used 10581501K [0x0000000437400000, 0x00000006bd180000, 0x00000006bd180000)
[388.109s][info][gc,heap,exit   ]   object space 10581504K, 99% used [0x0000000437400000,0x00000006bd17f788,0x00000006bd180000)
[388.109s][info][gc,heap,exit   ]  Metaspace       used 6306K, committed 6528K, reserved 1114112K
[388.109s][info][gc,heap,exit   ]   class space    used 534K, committed 640K, reserved 1048576K
