[0.012s][info][gc,init] CardTable entry size: 512
[0.012s][info][gc     ] Using Parallel
[0.013s][info][gc,init] Version: 18.0.1+10 (release)
[0.013s][info][gc,init] CPUs: 8 total, 8 available
[0.013s][info][gc,init] Memory: 16063M
[0.013s][info][gc,init] Large Page Support: Disabled
[0.013s][info][gc,init] NUMA Support: Disabled
[0.013s][info][gc,init] Compressed Oops: Enabled (Zero based)
[0.013s][info][gc,init] Alignments: Space 512K, Generation 512K, Heap 2M
[0.013s][info][gc,init] Heap Min Capacity: 2M
[0.013s][info][gc,init] Heap Initial Capacity: 2M
[0.013s][info][gc,init] Heap Max Capacity: 3900M
[0.013s][info][gc,init] Pre-touch: Disabled
[0.013s][info][gc,init] Parallel Workers: 8
[0.013s][info][gc,metaspace] CDS archive(s) not mapped
[0.013s][info][gc,metaspace] Compressed class space mapped at: 0x0000000800000000-0x0000000840000000, reserved size: 1073741824
[0.013s][info][gc,metaspace] Narrow klass base: 0x0000000800000000, Narrow klass shift: 0, Narrow klass range: 0x40000000
[0.109s][info][gc,start    ] GC(0) Pause Young (Allocation Failure)
[0.110s][info][gc,heap     ] GC(0) PSYoungGen: 512K(1024K)->480K(1024K) Eden: 512K(512K)->0K(512K) From: 0K(512K)->480K(512K)
[0.110s][info][gc,heap     ] GC(0) ParOldGen: 0K(512K)->8K(512K)
[0.110s][info][gc,metaspace] GC(0) Metaspace: 4229K(4352K)->4229K(4352K) NonClass: 3908K(3968K)->3908K(3968K) Class: 321K(384K)->321K(384K)
[0.110s][info][gc          ] GC(0) Pause Young (Allocation Failure) 0M->0M(1M) 1.347ms
[0.110s][info][gc,cpu      ] GC(0) User=0.00s Sys=0.00s Real=0.00s
[0.172s][info][gc,start    ] GC(1) Pause Young (Allocation Failure)
[0.173s][info][gc,heap     ] GC(1) PSYoungGen: 991K(1024K)->512K(1536K) Eden: 511K(512K)->0K(1024K) From: 480K(512K)->512K(512K)
[0.173s][info][gc,heap     ] GC(1) ParOldGen: 8K(512K)->88K(512K)
[0.173s][info][gc,metaspace] GC(1) Metaspace: 5881K(6016K)->5881K(6016K) NonClass: 5384K(5504K)->5384K(5504K) Class: 496K(512K)->496K(512K)
[0.173s][info][gc          ] GC(1) Pause Young (Allocation Failure) 0M->0M(2M) 0.919ms
[0.173s][info][gc,cpu      ] GC(1) User=0.00s Sys=0.00s Real=0.00s
[0.196s][info][gc,start    ] GC(2) Pause Young (Allocation Failure)
[0.197s][info][gc,heap     ] GC(2) PSYoungGen: 1536K(1536K)->512K(1536K) Eden: 1024K(1024K)->0K(1024K) From: 512K(512K)->512K(512K)
[0.197s][info][gc,heap     ] GC(2) ParOldGen: 88K(512K)->504K(512K)
[0.197s][info][gc,metaspace] GC(2) Metaspace: 6300K(6528K)->6300K(6528K) NonClass: 5767K(5888K)->5767K(5888K) Class: 533K(640K)->533K(640K)
[0.197s][info][gc          ] GC(2) Pause Young (Allocation Failure) 1M->0M(2M) 1.167ms
[0.197s][info][gc,cpu      ] GC(2) User=0.00s Sys=0.00s Real=0.00s
[0.197s][info][gc,start    ] GC(3) Pause Full (Ergonomics)
[0.197s][info][gc,phases,start] GC(3) Marking Phase
[0.198s][info][gc,phases      ] GC(3) Marking Phase 0.969ms
[0.198s][info][gc,phases,start] GC(3) Summary Phase
[0.198s][info][gc,phases      ] GC(3) Summary Phase 0.015ms
[0.198s][info][gc,phases,start] GC(3) Adjust Roots
[0.199s][info][gc,phases      ] GC(3) Adjust Roots 0.412ms
[0.199s][info][gc,phases,start] GC(3) Compaction Phase
[0.200s][info][gc,phases      ] GC(3) Compaction Phase 1.749ms
[0.201s][info][gc,phases,start] GC(3) Post Compact
[0.201s][info][gc,phases      ] GC(3) Post Compact 0.105ms
[0.201s][info][gc,heap        ] GC(3) PSYoungGen: 512K(1536K)->511K(1536K) Eden: 0K(1024K)->0K(1024K) From: 512K(512K)->511K(512K)
[0.201s][info][gc,heap        ] GC(3) ParOldGen: 504K(512K)->469K(2048K)
[0.201s][info][gc,metaspace   ] GC(3) Metaspace: 6300K(6528K)->6300K(6528K) NonClass: 5767K(5888K)->5767K(5888K) Class: 533K(640K)->533K(640K)
[0.201s][info][gc             ] GC(3) Pause Full (Ergonomics) 0M->0M(3M) 3.560ms
[0.201s][info][gc,cpu         ] GC(3) User=0.00s Sys=0.00s Real=0.00s
[0.202s][info][gc,start       ] GC(4) Pause Young (Allocation Failure)
[0.203s][info][gc,heap        ] GC(4) PSYoungGen: 1535K(1536K)->480K(2560K) Eden: 1024K(1024K)->0K(2048K) From: 511K(512K)->480K(512K)
[0.203s][info][gc,heap        ] GC(4) ParOldGen: 469K(2048K)->1033K(2048K)
[0.204s][info][gc,metaspace   ] GC(4) Metaspace: 6300K(6528K)->6300K(6528K) NonClass: 5767K(5888K)->5767K(5888K) Class: 533K(640K)->533K(640K)
[0.204s][info][gc             ] GC(4) Pause Young (Allocation Failure) 1M->1M(4M) 1.444ms
[0.204s][info][gc,cpu         ] GC(4) User=0.00s Sys=0.00s Real=0.00s
[0.207s][info][gc,start       ] GC(5) Pause Young (Allocation Failure)
[0.209s][info][gc,heap        ] GC(5) PSYoungGen: 2528K(2560K)->480K(2560K) Eden: 2048K(2048K)->0K(2048K) From: 480K(512K)->480K(512K)
[0.209s][info][gc,heap        ] GC(5) ParOldGen: 1033K(2048K)->2097K(2560K)
[0.209s][info][gc,metaspace   ] GC(5) Metaspace: 6300K(6528K)->6300K(6528K) NonClass: 5767K(5888K)->5767K(5888K) Class: 533K(640K)->533K(640K)
[0.209s][info][gc             ] GC(5) Pause Young (Allocation Failure) 3M->2M(5M) 2.155ms
[0.209s][info][gc,cpu         ] GC(5) User=0.00s Sys=0.00s Real=0.00s
[0.209s][info][gc,start       ] GC(6) Pause Full (Ergonomics)
[0.209s][info][gc,phases,start] GC(6) Marking Phase
[0.211s][info][gc,phases      ] GC(6) Marking Phase 1.675ms
[0.211s][info][gc,phases,start] GC(6) Summary Phase
[0.211s][info][gc,phases      ] GC(6) Summary Phase 0.016ms
[0.211s][info][gc,phases,start] GC(6) Adjust Roots
[0.211s][info][gc,phases      ] GC(6) Adjust Roots 0.321ms
[0.211s][info][gc,phases,start] GC(6) Compaction Phase
[0.214s][info][gc,phases      ] GC(6) Compaction Phase 2.517ms
[0.214s][info][gc,phases,start] GC(6) Post Compact
[0.214s][info][gc,phases      ] GC(6) Post Compact 0.045ms
[0.214s][info][gc,heap        ] GC(6) PSYoungGen: 480K(2560K)->0K(4096K) Eden: 0K(2048K)->0K(3072K) From: 480K(512K)->0K(1024K)
[0.214s][info][gc,heap        ] GC(6) ParOldGen: 2097K(2560K)->2542K(6144K)
[0.214s][info][gc,metaspace   ] GC(6) Metaspace: 6300K(6528K)->6300K(6528K) NonClass: 5767K(5888K)->5767K(5888K) Class: 533K(640K)->533K(640K)
[0.214s][info][gc             ] GC(6) Pause Full (Ergonomics) 2M->2M(10M) 5.016ms
[0.214s][info][gc,cpu         ] GC(6) User=0.00s Sys=0.00s Real=0.01s
[0.219s][info][gc,start       ] GC(7) Pause Young (Allocation Failure)
[0.221s][info][gc,heap        ] GC(7) PSYoungGen: 3072K(4096K)->1664K(5120K) Eden: 3072K(3072K)->0K(3072K) From: 0K(1024K)->1664K(2048K)
[0.221s][info][gc,heap        ] GC(7) ParOldGen: 2542K(6144K)->2542K(6144K)
[0.221s][info][gc,metaspace   ] GC(7) Metaspace: 6300K(6528K)->6300K(6528K) NonClass: 5767K(5888K)->5767K(5888K) Class: 533K(640K)->533K(640K)
[0.221s][info][gc             ] GC(7) Pause Young (Allocation Failure) 5M->4M(11M) 2.224ms
[0.221s][info][gc,cpu         ] GC(7) User=0.00s Sys=0.00s Real=0.00s
[0.226s][info][gc,start       ] GC(8) Pause Young (Allocation Failure)
[0.230s][info][gc,heap        ] GC(8) PSYoungGen: 4736K(5120K)->2016K(5632K) Eden: 3072K(3072K)->0K(3584K) From: 1664K(2048K)->2016K(2048K)
[0.230s][info][gc,heap        ] GC(8) ParOldGen: 2542K(6144K)->3774K(6144K)
[0.230s][info][gc,metaspace   ] GC(8) Metaspace: 6300K(6528K)->6300K(6528K) NonClass: 5767K(5888K)->5767K(5888K) Class: 533K(640K)->533K(640K)
[0.230s][info][gc             ] GC(8) Pause Young (Allocation Failure) 7M->5M(11M) 3.949ms
[0.230s][info][gc,cpu         ] GC(8) User=0.00s Sys=0.00s Real=0.00s
[0.236s][info][gc,start       ] GC(9) Pause Young (Allocation Failure)
[0.240s][info][gc,heap        ] GC(9) PSYoungGen: 5600K(5632K)->3040K(6656K) Eden: 3584K(3584K)->0K(3584K) From: 2016K(2048K)->3040K(3072K)
[0.240s][info][gc,heap        ] GC(9) ParOldGen: 3774K(6144K)->4606K(6144K)
[0.240s][info][gc,metaspace   ] GC(9) Metaspace: 6300K(6528K)->6300K(6528K) NonClass: 5767K(5888K)->5767K(5888K) Class: 533K(640K)->533K(640K)
[0.240s][info][gc             ] GC(9) Pause Young (Allocation Failure) 9M->7M(12M) 3.750ms
[0.240s][info][gc,cpu         ] GC(9) User=0.02s Sys=0.00s Real=0.00s
[0.244s][info][gc,start       ] GC(10) Pause Young (Allocation Failure)
[0.248s][info][gc,heap        ] GC(10) PSYoungGen: 6624K(6656K)->4064K(8704K) Eden: 3584K(3584K)->0K(4608K) From: 3040K(3072K)->4064K(4096K)
[0.248s][info][gc,heap        ] GC(10) ParOldGen: 4606K(6144K)->5454K(6144K)
[0.249s][info][gc,metaspace   ] GC(10) Metaspace: 6300K(6528K)->6300K(6528K) NonClass: 5767K(5888K)->5767K(5888K) Class: 533K(640K)->533K(640K)
[0.249s][info][gc             ] GC(10) Pause Young (Allocation Failure) 10M->9M(14M) 4.556ms
[0.249s][info][gc,cpu         ] GC(10) User=0.00s Sys=0.00s Real=0.00s
[0.249s][info][gc,start       ] GC(11) Pause Full (Ergonomics)
[0.249s][info][gc,phases,start] GC(11) Marking Phase
[0.255s][info][gc,phases      ] GC(11) Marking Phase 5.925ms
[0.255s][info][gc,phases,start] GC(11) Summary Phase
[0.255s][info][gc,phases      ] GC(11) Summary Phase 0.017ms
[0.255s][info][gc,phases,start] GC(11) Adjust Roots
[0.255s][info][gc,phases      ] GC(11) Adjust Roots 0.479ms
[0.255s][info][gc,phases,start] GC(11) Compaction Phase
[0.263s][info][gc,phases      ] GC(11) Compaction Phase 7.953ms
[0.263s][info][gc,phases,start] GC(11) Post Compact
[0.263s][info][gc,phases      ] GC(11) Post Compact 0.080ms
[0.263s][info][gc,heap        ] GC(11) PSYoungGen: 4064K(8704K)->3545K(8704K) Eden: 0K(4608K)->0K(4608K) From: 4064K(4096K)->3545K(4096K)
[0.264s][info][gc,heap        ] GC(11) ParOldGen: 5454K(6144K)->5831K(10752K)
[0.264s][info][gc,metaspace   ] GC(11) Metaspace: 6300K(6528K)->6300K(6528K) NonClass: 5767K(5888K)->5767K(5888K) Class: 533K(640K)->533K(640K)
[0.264s][info][gc             ] GC(11) Pause Full (Ergonomics) 9M->9M(19M) 14.868ms
[0.264s][info][gc,cpu         ] GC(11) User=0.02s Sys=0.00s Real=0.01s
[0.269s][info][gc,start       ] GC(12) Pause Young (Allocation Failure)
[0.274s][info][gc,heap        ] GC(12) PSYoungGen: 8013K(8704K)->5088K(9728K) Eden: 4468K(4608K)->0K(4608K) From: 3545K(4096K)->5088K(5120K)
[0.274s][info][gc,heap        ] GC(12) ParOldGen: 5831K(10752K)->6615K(10752K)
[0.274s][info][gc,metaspace   ] GC(12) Metaspace: 6300K(6528K)->6300K(6528K) NonClass: 5767K(5888K)->5767K(5888K) Class: 533K(640K)->533K(640K)
[0.274s][info][gc             ] GC(12) Pause Young (Allocation Failure) 13M->11M(20M) 5.452ms
[0.274s][info][gc,cpu         ] GC(12) User=0.02s Sys=0.00s Real=0.01s
[0.280s][info][gc,start       ] GC(13) Pause Young (Allocation Failure)
[0.285s][info][gc,heap        ] GC(13) PSYoungGen: 9696K(9728K)->6112K(11264K) Eden: 4608K(4608K)->0K(5120K) From: 5088K(5120K)->6112K(6144K)
[0.286s][info][gc,heap        ] GC(13) ParOldGen: 6615K(10752K)->7983K(10752K)
[0.286s][info][gc,metaspace   ] GC(13) Metaspace: 6300K(6528K)->6300K(6528K) NonClass: 5767K(5888K)->5767K(5888K) Class: 533K(640K)->533K(640K)
[0.286s][info][gc             ] GC(13) Pause Young (Allocation Failure) 15M->13M(21M) 5.887ms
[0.286s][info][gc,cpu         ] GC(13) User=0.00s Sys=0.00s Real=0.01s
[0.290s][info][gc,start       ] GC(14) Pause Young (Allocation Failure)
[0.295s][info][gc,heap        ] GC(14) PSYoungGen: 11232K(11264K)->5248K(12800K) Eden: 5120K(5120K)->0K(5120K) From: 6112K(6144K)->5248K(7680K)
[0.295s][info][gc,heap        ] GC(14) ParOldGen: 7983K(10752K)->11567K(11776K)
[0.295s][info][gc,metaspace   ] GC(14) Metaspace: 6302K(6528K)->6302K(6528K) NonClass: 5769K(5888K)->5769K(5888K) Class: 533K(640K)->533K(640K)
[0.295s][info][gc             ] GC(14) Pause Young (Allocation Failure) 18M->16M(24M) 5.670ms
[0.295s][info][gc,cpu         ] GC(14) User=0.00s Sys=0.00s Real=0.01s
[0.295s][info][gc,start       ] GC(15) Pause Full (Ergonomics)
[0.295s][info][gc,phases,start] GC(15) Marking Phase
[0.303s][info][gc,phases      ] GC(15) Marking Phase 7.781ms
[0.303s][info][gc,phases,start] GC(15) Summary Phase
[0.303s][info][gc,phases      ] GC(15) Summary Phase 0.018ms
[0.303s][info][gc,phases,start] GC(15) Adjust Roots
[0.304s][info][gc,phases      ] GC(15) Adjust Roots 0.227ms
[0.304s][info][gc,phases,start] GC(15) Compaction Phase
[0.310s][info][gc,phases      ] GC(15) Compaction Phase 6.809ms
[0.310s][info][gc,phases,start] GC(15) Post Compact
[0.311s][info][gc,phases      ] GC(15) Post Compact 0.082ms
[0.311s][info][gc,heap        ] GC(15) PSYoungGen: 5248K(12800K)->5195K(12800K) Eden: 0K(5120K)->0K(5120K) From: 5248K(7680K)->5195K(7680K)
[0.311s][info][gc,heap        ] GC(15) ParOldGen: 11567K(11776K)->11455K(18432K)
[0.311s][info][gc,metaspace   ] GC(15) Metaspace: 6302K(6528K)->6302K(6528K) NonClass: 5769K(5888K)->5769K(5888K) Class: 533K(640K)->533K(640K)
[0.311s][info][gc             ] GC(15) Pause Full (Ergonomics) 16M->16M(30M) 15.236ms
[0.311s][info][gc,cpu         ] GC(15) User=0.00s Sys=0.00s Real=0.02s
[0.314s][info][gc,start       ] GC(16) Pause Young (Allocation Failure)
[0.320s][info][gc,heap        ] GC(16) PSYoungGen: 10315K(12800K)->2656K(14336K) Eden: 5120K(5120K)->0K(7168K) From: 5195K(7680K)->2656K(7168K)
[0.320s][info][gc,heap        ] GC(16) ParOldGen: 11455K(18432K)->16727K(18432K)
[0.320s][info][gc,metaspace   ] GC(16) Metaspace: 6302K(6528K)->6302K(6528K) NonClass: 5769K(5888K)->5769K(5888K) Class: 533K(640K)->533K(640K)
[0.320s][info][gc             ] GC(16) Pause Young (Allocation Failure) 21M->18M(32M) 6.522ms
[0.320s][info][gc,cpu         ] GC(16) User=0.00s Sys=0.00s Real=0.01s
[0.321s][info][gc,start       ] GC(17) Pause Full (Ergonomics)
[0.321s][info][gc,phases,start] GC(17) Marking Phase
[0.329s][info][gc,phases      ] GC(17) Marking Phase 8.279ms
[0.329s][info][gc,phases,start] GC(17) Summary Phase
[0.329s][info][gc,phases      ] GC(17) Summary Phase 0.015ms
[0.329s][info][gc,phases,start] GC(17) Adjust Roots
[0.329s][info][gc,phases      ] GC(17) Adjust Roots 0.229ms
[0.329s][info][gc,phases,start] GC(17) Compaction Phase
[0.335s][info][gc,phases      ] GC(17) Compaction Phase 5.792ms
[0.335s][info][gc,phases,start] GC(17) Post Compact
[0.335s][info][gc,phases      ] GC(17) Post Compact 0.089ms
[0.335s][info][gc,heap        ] GC(17) PSYoungGen: 2656K(14336K)->1105K(14848K) Eden: 0K(7168K)->0K(7680K) From: 2656K(7168K)->1105K(7168K)
[0.335s][info][gc,heap        ] GC(17) ParOldGen: 16727K(18432K)->18183K(27648K)
[0.335s][info][gc,metaspace   ] GC(17) Metaspace: 6302K(6528K)->6302K(6528K) NonClass: 5769K(5888K)->5769K(5888K) Class: 533K(640K)->533K(640K)
[0.335s][info][gc             ] GC(17) Pause Full (Ergonomics) 18M->18M(41M) 14.742ms
[0.335s][info][gc,cpu         ] GC(17) User=0.00s Sys=0.00s Real=0.01s
[0.339s][info][gc,start       ] GC(18) Pause Young (Allocation Failure)
[0.344s][info][gc,heap        ] GC(18) PSYoungGen: 7799K(14848K)->3456K(15360K) Eden: 6694K(7680K)->0K(7680K) From: 1105K(7168K)->3456K(7680K)
[0.344s][info][gc,heap        ] GC(18) ParOldGen: 18183K(27648K)->19311K(27648K)
[0.344s][info][gc,metaspace   ] GC(18) Metaspace: 6302K(6528K)->6302K(6528K) NonClass: 5769K(5888K)->5769K(5888K) Class: 533K(640K)->533K(640K)
[0.344s][info][gc             ] GC(18) Pause Young (Allocation Failure) 25M->22M(42M) 4.836ms
[0.344s][info][gc,cpu         ] GC(18) User=0.00s Sys=0.00s Real=0.00s
[0.351s][info][gc,start       ] GC(19) Pause Young (Allocation Failure)
[0.358s][info][gc,heap        ] GC(19) PSYoungGen: 11135K(15360K)->4480K(17920K) Eden: 7679K(7680K)->0K(10240K) From: 3456K(7680K)->4480K(7680K)
[0.358s][info][gc,heap        ] GC(19) ParOldGen: 19311K(27648K)->22759K(27648K)
[0.358s][info][gc,metaspace   ] GC(19) Metaspace: 6302K(6528K)->6302K(6528K) NonClass: 5769K(5888K)->5769K(5888K) Class: 533K(640K)->533K(640K)
[0.358s][info][gc             ] GC(19) Pause Young (Allocation Failure) 29M->26M(44M) 6.764ms
[0.358s][info][gc,cpu         ] GC(19) User=0.00s Sys=0.00s Real=0.01s
[0.364s][info][gc,start       ] GC(20) Pause Young (Allocation Failure)
[0.371s][info][gc,heap        ] GC(20) PSYoungGen: 14720K(17920K)->5312K(17920K) Eden: 10240K(10240K)->0K(10240K) From: 4480K(7680K)->5312K(7680K)
[0.371s][info][gc,heap        ] GC(20) ParOldGen: 22759K(27648K)->27279K(27648K)
[0.372s][info][gc,metaspace   ] GC(20) Metaspace: 6302K(6528K)->6302K(6528K) NonClass: 5769K(5888K)->5769K(5888K) Class: 533K(640K)->533K(640K)
[0.372s][info][gc             ] GC(20) Pause Young (Allocation Failure) 36M->31M(44M) 7.341ms
[0.372s][info][gc,cpu         ] GC(20) User=0.00s Sys=0.00s Real=0.01s
[0.372s][info][gc,start       ] GC(21) Pause Full (Ergonomics)
[0.372s][info][gc,phases,start] GC(21) Marking Phase
[0.385s][info][gc,phases      ] GC(21) Marking Phase 12.883ms
[0.385s][info][gc,phases,start] GC(21) Summary Phase
[0.385s][info][gc,phases      ] GC(21) Summary Phase 0.016ms
[0.385s][info][gc,phases,start] GC(21) Adjust Roots
[0.385s][info][gc,phases      ] GC(21) Adjust Roots 0.199ms
[0.385s][info][gc,phases,start] GC(21) Compaction Phase
[0.397s][info][gc,phases      ] GC(21) Compaction Phase 11.825ms
[0.397s][info][gc,phases,start] GC(21) Post Compact
[0.397s][info][gc,phases      ] GC(21) Post Compact 0.107ms
[0.397s][info][gc,heap        ] GC(21) PSYoungGen: 5312K(17920K)->4779K(17920K) Eden: 0K(10240K)->0K(10240K) From: 5312K(7680K)->4779K(7680K)
[0.397s][info][gc,heap        ] GC(21) ParOldGen: 27279K(27648K)->27140K(38912K)
[0.397s][info][gc,metaspace   ] GC(21) Metaspace: 6302K(6528K)->6302K(6528K) NonClass: 5769K(5888K)->5769K(5888K) Class: 533K(640K)->533K(640K)
[0.397s][info][gc             ] GC(21) Pause Full (Ergonomics) 31M->31M(55M) 25.655ms
[0.397s][info][gc,cpu         ] GC(21) User=0.00s Sys=0.00s Real=0.03s
[0.406s][info][gc,start       ] GC(22) Pause Young (Allocation Failure)
[0.418s][info][gc,heap        ] GC(22) PSYoungGen: 15019K(17920K)->8192K(17920K) Eden: 10240K(10240K)->0K(9728K) From: 4779K(7680K)->8192K(8192K)
[0.418s][info][gc,heap        ] GC(22) ParOldGen: 27140K(38912K)->32956K(38912K)
[0.418s][info][gc,metaspace   ] GC(22) Metaspace: 6302K(6528K)->6302K(6528K) NonClass: 5769K(5888K)->5769K(5888K) Class: 533K(640K)->533K(640K)
[0.418s][info][gc             ] GC(22) Pause Young (Allocation Failure) 41M->40M(55M) 11.716ms
[0.418s][info][gc,cpu         ] GC(22) User=0.00s Sys=0.00s Real=0.01s
[0.418s][info][gc,start       ] GC(23) Pause Full (Ergonomics)
[0.418s][info][gc,phases,start] GC(23) Marking Phase
[0.434s][info][gc,phases      ] GC(23) Marking Phase 16.629ms
[0.435s][info][gc,phases,start] GC(23) Summary Phase
[0.435s][info][gc,phases      ] GC(23) Summary Phase 0.018ms
[0.435s][info][gc,phases,start] GC(23) Adjust Roots
[0.435s][info][gc,phases      ] GC(23) Adjust Roots 0.158ms
[0.435s][info][gc,phases,start] GC(23) Compaction Phase
[0.445s][info][gc,phases      ] GC(23) Compaction Phase 10.584ms
[0.445s][info][gc,phases,start] GC(23) Post Compact
[0.446s][info][gc,phases      ] GC(23) Post Compact 0.172ms
[0.446s][info][gc,heap        ] GC(23) PSYoungGen: 8192K(17920K)->2555K(17920K) Eden: 0K(9728K)->0K(9728K) From: 8192K(8192K)->2555K(8192K)
[0.446s][info][gc,heap        ] GC(23) ParOldGen: 32956K(38912K)->38485K(52736K)
[0.446s][info][gc,metaspace   ] GC(23) Metaspace: 6302K(6528K)->6302K(6528K) NonClass: 5769K(5888K)->5769K(5888K) Class: 533K(640K)->533K(640K)
[0.446s][info][gc             ] GC(23) Pause Full (Ergonomics) 40M->40M(69M) 27.908ms
[0.446s][info][gc,cpu         ] GC(23) User=0.05s Sys=0.00s Real=0.03s
[0.458s][info][gc,start       ] GC(24) Pause Young (Allocation Failure)
[0.468s][info][gc,heap        ] GC(24) PSYoungGen: 12283K(17920K)->9760K(20992K) Eden: 9728K(9728K)->0K(9728K) From: 2555K(8192K)->9760K(11264K)
[0.468s][info][gc,heap        ] GC(24) ParOldGen: 38485K(52736K)->41093K(52736K)
[0.468s][info][gc,metaspace   ] GC(24) Metaspace: 6302K(6528K)->6302K(6528K) NonClass: 5769K(5888K)->5769K(5888K) Class: 533K(640K)->533K(640K)
[0.468s][info][gc             ] GC(24) Pause Young (Allocation Failure) 49M->49M(72M) 9.734ms
[0.468s][info][gc,cpu         ] GC(24) User=0.00s Sys=0.00s Real=0.01s
[0.477s][info][gc,start       ] GC(25) Pause Young (Allocation Failure)
[0.490s][info][gc,heap        ] GC(25) PSYoungGen: 19488K(20992K)->12768K(19968K) Eden: 9728K(9728K)->0K(7168K) From: 9760K(11264K)->12768K(12800K)
[0.490s][info][gc,heap        ] GC(25) ParOldGen: 41093K(52736K)->47861K(52736K)
[0.490s][info][gc,metaspace   ] GC(25) Metaspace: 6302K(6528K)->6302K(6528K) NonClass: 5769K(5888K)->5769K(5888K) Class: 533K(640K)->533K(640K)
[0.490s][info][gc             ] GC(25) Pause Young (Allocation Failure) 59M->59M(71M) 13.250ms
[0.490s][info][gc,cpu         ] GC(25) User=0.00s Sys=0.00s Real=0.01s
[0.490s][info][gc,start       ] GC(26) Pause Full (Ergonomics)
[0.490s][info][gc,phases,start] GC(26) Marking Phase
[0.513s][info][gc,phases      ] GC(26) Marking Phase 22.559ms
[0.513s][info][gc,phases,start] GC(26) Summary Phase
[0.513s][info][gc,phases      ] GC(26) Summary Phase 0.020ms
[0.513s][info][gc,phases,start] GC(26) Adjust Roots
[0.513s][info][gc,phases      ] GC(26) Adjust Roots 0.158ms
[0.513s][info][gc,phases,start] GC(26) Compaction Phase
[0.532s][info][gc,phases      ] GC(26) Compaction Phase 19.124ms
[0.532s][info][gc,phases,start] GC(26) Post Compact
[0.532s][info][gc,phases      ] GC(26) Post Compact 0.170ms
[0.533s][info][gc,heap        ] GC(26) PSYoungGen: 12768K(19968K)->7122K(19968K) Eden: 0K(7168K)->0K(7168K) From: 12768K(12800K)->7122K(12800K)
[0.533s][info][gc,heap        ] GC(26) ParOldGen: 47861K(52736K)->52297K(69120K)
[0.533s][info][gc,metaspace   ] GC(26) Metaspace: 6302K(6528K)->6302K(6528K) NonClass: 5769K(5888K)->5769K(5888K) Class: 533K(640K)->533K(640K)
[0.533s][info][gc             ] GC(26) Pause Full (Ergonomics) 59M->58M(87M) 42.385ms
[0.533s][info][gc,cpu         ] GC(26) User=0.03s Sys=0.00s Real=0.04s
[0.540s][info][gc,start       ] GC(27) Pause Young (Allocation Failure)
[0.553s][info][gc,heap        ] GC(27) PSYoungGen: 14290K(19968K)->7168K(24576K) Eden: 7168K(7168K)->0K(7168K) From: 7122K(12800K)->7168K(17408K)
[0.553s][info][gc,heap        ] GC(27) ParOldGen: 52297K(69120K)->59537K(69120K)
[0.553s][info][gc,metaspace   ] GC(27) Metaspace: 6302K(6528K)->6302K(6528K) NonClass: 5769K(5888K)->5769K(5888K) Class: 533K(640K)->533K(640K)
[0.553s][info][gc             ] GC(27) Pause Young (Allocation Failure) 65M->65M(91M) 13.710ms
[0.553s][info][gc,cpu         ] GC(27) User=0.00s Sys=0.00s Real=0.01s
[0.560s][info][gc,start       ] GC(28) Pause Young (Allocation Failure)
[0.570s][info][gc,heap        ] GC(28) PSYoungGen: 14336K(24576K)->14336K(23040K) Eden: 7168K(7168K)->0K(6656K) From: 7168K(17408K)->14336K(16384K)
[0.570s][info][gc,heap        ] GC(28) ParOldGen: 59537K(69120K)->59537K(69120K)
[0.570s][info][gc,metaspace   ] GC(28) Metaspace: 6302K(6528K)->6302K(6528K) NonClass: 5769K(5888K)->5769K(5888K) Class: 533K(640K)->533K(640K)
[0.570s][info][gc             ] GC(28) Pause Young (Allocation Failure) 72M->72M(90M) 10.036ms
[0.570s][info][gc,cpu         ] GC(28) User=0.02s Sys=0.00s Real=0.01s
[0.578s][info][gc,start       ] GC(29) Pause Young (Allocation Failure)
[0.593s][info][gc,heap        ] GC(29) PSYoungGen: 20992K(23040K)->13824K(25088K) Eden: 6656K(6656K)->0K(6656K) From: 14336K(16384K)->13824K(18432K)
[0.593s][info][gc,heap        ] GC(29) ParOldGen: 59537K(69120K)->66793K(69120K)
[0.593s][info][gc,metaspace   ] GC(29) Metaspace: 6302K(6528K)->6302K(6528K) NonClass: 5769K(5888K)->5769K(5888K) Class: 533K(640K)->533K(640K)
[0.593s][info][gc             ] GC(29) Pause Young (Allocation Failure) 78M->78M(92M) 14.928ms
[0.593s][info][gc,cpu         ] GC(29) User=0.02s Sys=0.00s Real=0.01s
[0.593s][info][gc,start       ] GC(30) Pause Full (Ergonomics)
[0.593s][info][gc,phases,start] GC(30) Marking Phase
[0.625s][info][gc,phases      ] GC(30) Marking Phase 32.135ms
[0.625s][info][gc,phases,start] GC(30) Summary Phase
[0.625s][info][gc,phases      ] GC(30) Summary Phase 0.021ms
[0.625s][info][gc,phases,start] GC(30) Adjust Roots
[0.626s][info][gc,phases      ] GC(30) Adjust Roots 0.173ms
[0.626s][info][gc,phases,start] GC(30) Compaction Phase
[0.644s][info][gc,phases      ] GC(30) Compaction Phase 18.869ms
[0.644s][info][gc,phases,start] GC(30) Post Compact
[0.645s][info][gc,phases      ] GC(30) Post Compact 0.307ms
[0.645s][info][gc,heap        ] GC(30) PSYoungGen: 13824K(25088K)->11209K(25088K) Eden: 0K(6656K)->0K(6656K) From: 13824K(18432K)->11209K(18432K)
[0.645s][info][gc,heap        ] GC(30) ParOldGen: 66793K(69120K)->69114K(89600K)
[0.645s][info][gc,metaspace   ] GC(30) Metaspace: 6302K(6528K)->6302K(6528K) NonClass: 5769K(5888K)->5769K(5888K) Class: 533K(640K)->533K(640K)
[0.645s][info][gc             ] GC(30) Pause Full (Ergonomics) 78M->78M(112M) 51.916ms
[0.645s][info][gc,cpu         ] GC(30) User=0.06s Sys=0.00s Real=0.05s
[0.652s][info][gc,start       ] GC(31) Pause Young (Allocation Failure)
[0.668s][info][gc,heap        ] GC(31) PSYoungGen: 17865K(25088K)->11968K(27648K) Eden: 6656K(6656K)->0K(8192K) From: 11209K(18432K)->11968K(19456K)
[0.668s][info][gc,heap        ] GC(31) ParOldGen: 69114K(89600K)->75146K(89600K)
[0.668s][info][gc,metaspace   ] GC(31) Metaspace: 6302K(6528K)->6302K(6528K) NonClass: 5769K(5888K)->5769K(5888K) Class: 533K(640K)->533K(640K)
[0.668s][info][gc             ] GC(31) Pause Young (Allocation Failure) 84M->85M(114M) 15.643ms
[0.668s][info][gc,cpu         ] GC(31) User=0.02s Sys=0.00s Real=0.01s
[0.685s][info][gc,start       ] GC(32) Pause Young (Allocation Failure)
[0.699s][info][gc,heap        ] GC(32) PSYoungGen: 20160K(27648K)->14880K(28160K) Eden: 8192K(8192K)->0K(8192K) From: 11968K(19456K)->14880K(19968K)
[0.699s][info][gc,heap        ] GC(32) ParOldGen: 75146K(89600K)->80514K(89600K)
[0.699s][info][gc,metaspace   ] GC(32) Metaspace: 6302K(6528K)->6302K(6528K) NonClass: 5769K(5888K)->5769K(5888K) Class: 533K(640K)->533K(640K)
[0.699s][info][gc             ] GC(32) Pause Young (Allocation Failure) 93M->93M(115M) 13.976ms
[0.699s][info][gc,cpu         ] GC(32) User=0.00s Sys=0.00s Real=0.01s
[0.699s][info][gc,start       ] GC(33) Pause Full (Ergonomics)
[0.699s][info][gc,phases,start] GC(33) Marking Phase
[0.736s][info][gc,phases      ] GC(33) Marking Phase 37.457ms
[0.736s][info][gc,phases,start] GC(33) Summary Phase
[0.736s][info][gc,phases      ] GC(33) Summary Phase 0.020ms
[0.736s][info][gc,phases,start] GC(33) Adjust Roots
[0.736s][info][gc,phases      ] GC(33) Adjust Roots 0.159ms
[0.736s][info][gc,phases,start] GC(33) Compaction Phase
[0.763s][info][gc,phases      ] GC(33) Compaction Phase 26.655ms
[0.763s][info][gc,phases,start] GC(33) Post Compact
[0.764s][info][gc,phases      ] GC(33) Post Compact 0.366ms
[0.764s][info][gc,heap        ] GC(33) PSYoungGen: 14880K(28160K)->3553K(28160K) Eden: 0K(8192K)->0K(8192K) From: 14880K(19968K)->3553K(19968K)
[0.764s][info][gc,heap        ] GC(33) ParOldGen: 80514K(89600K)->89525K(112128K)
[0.764s][info][gc,metaspace   ] GC(33) Metaspace: 6302K(6528K)->6302K(6528K) NonClass: 5769K(5888K)->5769K(5888K) Class: 533K(640K)->533K(640K)
[0.764s][info][gc             ] GC(33) Pause Full (Ergonomics) 93M->90M(137M) 65.118ms
[0.764s][info][gc,cpu         ] GC(33) User=0.09s Sys=0.00s Real=0.07s
[0.771s][info][gc,start       ] GC(34) Pause Young (Allocation Failure)
[0.782s][info][gc,heap        ] GC(34) PSYoungGen: 11745K(28160K)->10144K(29184K) Eden: 8192K(8192K)->0K(9728K) From: 3553K(19968K)->10144K(19456K)
[0.782s][info][gc,heap        ] GC(34) ParOldGen: 89525K(112128K)->91181K(112128K)
[0.782s][info][gc,metaspace   ] GC(34) Metaspace: 6302K(6528K)->6302K(6528K) NonClass: 5769K(5888K)->5769K(5888K) Class: 533K(640K)->533K(640K)
[0.782s][info][gc             ] GC(34) Pause Young (Allocation Failure) 98M->98M(138M) 11.380ms
[0.782s][info][gc,cpu         ] GC(34) User=0.00s Sys=0.00s Real=0.01s
[0.791s][info][gc,start       ] GC(35) Pause Young (Allocation Failure)
[0.801s][info][gc,heap        ] GC(35) PSYoungGen: 19872K(29184K)->19904K(30208K) Eden: 9728K(9728K)->0K(9728K) From: 10144K(19456K)->19904K(20480K)
[0.801s][info][gc,heap        ] GC(35) ParOldGen: 91181K(112128K)->91181K(112128K)
[0.801s][info][gc,metaspace   ] GC(35) Metaspace: 6302K(6528K)->6302K(6528K) NonClass: 5769K(5888K)->5769K(5888K) Class: 533K(640K)->533K(640K)
[0.801s][info][gc             ] GC(35) Pause Young (Allocation Failure) 108M->108M(139M) 10.347ms
[0.801s][info][gc,cpu         ] GC(35) User=0.02s Sys=0.00s Real=0.01s
[0.810s][info][gc,start       ] GC(36) Pause Young (Allocation Failure)
[0.826s][info][gc,heap        ] GC(36) PSYoungGen: 29632K(30208K)->23552K(29184K) Eden: 9728K(9728K)->0K(5632K) From: 19904K(20480K)->23552K(23552K)
[0.826s][info][gc,heap        ] GC(36) ParOldGen: 91181K(112128K)->97269K(112128K)
[0.826s][info][gc,metaspace   ] GC(36) Metaspace: 6302K(6528K)->6302K(6528K) NonClass: 5769K(5888K)->5769K(5888K) Class: 533K(640K)->533K(640K)
[0.826s][info][gc             ] GC(36) Pause Young (Allocation Failure) 117M->117M(138M) 15.991ms
[0.826s][info][gc,cpu         ] GC(36) User=0.00s Sys=0.00s Real=0.02s
[0.832s][info][gc,start       ] GC(37) Pause Young (Allocation Failure)
[0.847s][info][gc,heap        ] GC(37) PSYoungGen: 29184K(29184K)->19648K(34816K) Eden: 5632K(5632K)->0K(5632K) From: 23552K(23552K)->19648K(29184K)
[0.847s][info][gc,heap        ] GC(37) ParOldGen: 97269K(112128K)->106973K(112128K)
[0.848s][info][gc,metaspace   ] GC(37) Metaspace: 6302K(6528K)->6302K(6528K) NonClass: 5769K(5888K)->5769K(5888K) Class: 533K(640K)->533K(640K)
[0.848s][info][gc             ] GC(37) Pause Young (Allocation Failure) 123M->123M(143M) 15.732ms
[0.848s][info][gc,cpu         ] GC(37) User=0.00s Sys=0.00s Real=0.02s
[0.848s][info][gc,start       ] GC(38) Pause Full (Ergonomics)
[0.848s][info][gc,phases,start] GC(38) Marking Phase
[0.880s][info][gc,phases      ] GC(38) Marking Phase 32.548ms
[0.880s][info][gc,phases,start] GC(38) Summary Phase
[0.880s][info][gc,phases      ] GC(38) Summary Phase 0.021ms
[0.880s][info][gc,phases,start] GC(38) Adjust Roots
[0.880s][info][gc,phases      ] GC(38) Adjust Roots 0.152ms
[0.880s][info][gc,phases,start] GC(38) Compaction Phase
[0.899s][info][gc,phases      ] GC(38) Compaction Phase 18.341ms
[0.899s][info][gc,phases,start] GC(38) Post Compact
[0.900s][info][gc,phases      ] GC(38) Post Compact 0.581ms
[0.900s][info][gc,heap        ] GC(38) PSYoungGen: 19648K(34816K)->14453K(34816K) Eden: 0K(5632K)->0K(5632K) From: 19648K(29184K)->14453K(29184K)
[0.900s][info][gc,heap        ] GC(38) ParOldGen: 106973K(112128K)->111773K(137728K)
[0.900s][info][gc,metaspace   ] GC(38) Metaspace: 6302K(6528K)->6302K(6528K) NonClass: 5769K(5888K)->5769K(5888K) Class: 533K(640K)->533K(640K)
[0.900s][info][gc             ] GC(38) Pause Full (Ergonomics) 123M->123M(168M) 52.167ms
[0.900s][info][gc,cpu         ] GC(38) User=0.14s Sys=0.00s Real=0.05s
[0.906s][info][gc,start       ] GC(39) Pause Young (Allocation Failure)
[0.921s][info][gc,heap        ] GC(39) PSYoungGen: 20085K(34816K)->10176K(34304K) Eden: 5632K(5632K)->0K(6656K) From: 14453K(29184K)->10176K(27648K)
[0.922s][info][gc,heap        ] GC(39) ParOldGen: 111773K(137728K)->121917K(137728K)
[0.922s][info][gc,metaspace   ] GC(39) Metaspace: 6302K(6528K)->6302K(6528K) NonClass: 5769K(5888K)->5769K(5888K) Class: 533K(640K)->533K(640K)
[0.922s][info][gc             ] GC(39) Pause Young (Allocation Failure) 128M->128M(168M) 15.144ms
[0.922s][info][gc,cpu         ] GC(39) User=0.02s Sys=0.00s Real=0.01s
[0.928s][info][gc,start       ] GC(40) Pause Young (Allocation Failure)
[0.936s][info][gc,heap        ] GC(40) PSYoungGen: 16832K(34304K)->12320K(35840K) Eden: 6656K(6656K)->0K(6656K) From: 10176K(27648K)->12320K(29184K)
[0.936s][info][gc,heap        ] GC(40) ParOldGen: 121917K(137728K)->126493K(137728K)
[0.936s][info][gc,metaspace   ] GC(40) Metaspace: 6302K(6528K)->6302K(6528K) NonClass: 5769K(5888K)->5769K(5888K) Class: 533K(640K)->533K(640K)
[0.936s][info][gc             ] GC(40) Pause Young (Allocation Failure) 135M->135M(169M) 8.319ms
[0.936s][info][gc,cpu         ] GC(40) User=0.00s Sys=0.00s Real=0.01s
[0.936s][info][gc,start       ] GC(41) Pause Full (Ergonomics)
[0.936s][info][gc,phases,start] GC(41) Marking Phase
[0.974s][info][gc,phases      ] GC(41) Marking Phase 37.403ms
[0.974s][info][gc,phases,start] GC(41) Summary Phase
[0.974s][info][gc,phases      ] GC(41) Summary Phase 0.017ms
[0.974s][info][gc,phases,start] GC(41) Adjust Roots
[0.974s][info][gc,phases      ] GC(41) Adjust Roots 0.145ms
[0.974s][info][gc,phases,start] GC(41) Compaction Phase
[0.993s][info][gc,phases      ] GC(41) Compaction Phase 18.823ms
[0.993s][info][gc,phases,start] GC(41) Post Compact
[0.994s][info][gc,phases      ] GC(41) Post Compact 0.579ms
[0.994s][info][gc,heap        ] GC(41) PSYoungGen: 12320K(35840K)->987K(7680K) Eden: 0K(6656K)->0K(6656K) From: 12320K(29184K)->987K(1024K)
[0.994s][info][gc,heap        ] GC(41) ParOldGen: 126493K(137728K)->137469K(166400K)
[0.994s][info][gc,metaspace   ] GC(41) Metaspace: 6302K(6528K)->6302K(6528K) NonClass: 5769K(5888K)->5769K(5888K) Class: 533K(640K)->533K(640K)
[0.994s][info][gc             ] GC(41) Pause Full (Ergonomics) 135M->135M(170M) 57.664ms
[0.994s][info][gc,cpu         ] GC(41) User=0.14s Sys=0.02s Real=0.06s
[1.001s][info][gc,start       ] GC(42) Pause Young (Allocation Failure)
[1.014s][info][gc,heap        ] GC(42) PSYoungGen: 7643K(7680K)->7456K(34304K) Eden: 6656K(6656K)->0K(7680K) From: 987K(1024K)->7456K(26624K)
[1.014s][info][gc,heap        ] GC(42) ParOldGen: 137469K(166400K)->137701K(166400K)
[1.014s][info][gc,metaspace   ] GC(42) Metaspace: 6302K(6528K)->6302K(6528K) NonClass: 5769K(5888K)->5769K(5888K) Class: 533K(640K)->533K(640K)
[1.014s][info][gc             ] GC(42) Pause Young (Allocation Failure) 141M->141M(196M) 12.806ms
[1.014s][info][gc,cpu         ] GC(42) User=0.02s Sys=0.00s Real=0.01s
[1.022s][info][gc,start       ] GC(43) Pause Young (Allocation Failure)
[1.030s][info][gc,heap        ] GC(43) PSYoungGen: 15136K(34304K)->15168K(34816K) Eden: 7680K(7680K)->0K(7680K) From: 7456K(26624K)->15168K(27136K)
[1.031s][info][gc,heap        ] GC(43) ParOldGen: 137701K(166400K)->137701K(166400K)
[1.031s][info][gc,metaspace   ] GC(43) Metaspace: 6302K(6528K)->6302K(6528K) NonClass: 5769K(5888K)->5769K(5888K) Class: 533K(640K)->533K(640K)
[1.031s][info][gc             ] GC(43) Pause Young (Allocation Failure) 149M->149M(196M) 8.959ms
[1.031s][info][gc,cpu         ] GC(43) User=0.00s Sys=0.00s Real=0.01s
[1.039s][info][gc,start       ] GC(44) Pause Young (Allocation Failure)
[1.050s][info][gc,heap        ] GC(44) PSYoungGen: 22848K(34816K)->22816K(33280K) Eden: 7680K(7680K)->0K(6656K) From: 15168K(27136K)->22816K(26624K)
[1.050s][info][gc,heap        ] GC(44) ParOldGen: 137701K(166400K)->137701K(166400K)
[1.050s][info][gc,metaspace   ] GC(44) Metaspace: 6302K(6528K)->6302K(6528K) NonClass: 5769K(5888K)->5769K(5888K) Class: 533K(640K)->533K(640K)
[1.050s][info][gc             ] GC(44) Pause Young (Allocation Failure) 156M->156M(195M) 11.712ms
[1.050s][info][gc,cpu         ] GC(44) User=0.02s Sys=0.00s Real=0.01s
[1.057s][info][gc,start       ] GC(45) Pause Young (Allocation Failure)
[1.071s][info][gc,heap        ] GC(45) PSYoungGen: 29472K(33280K)->28704K(35840K) Eden: 6656K(6656K)->0K(6656K) From: 22816K(26624K)->28704K(29184K)
[1.071s][info][gc,heap        ] GC(45) ParOldGen: 137701K(166400K)->138493K(166400K)
[1.071s][info][gc,metaspace   ] GC(45) Metaspace: 6302K(6528K)->6302K(6528K) NonClass: 5769K(5888K)->5769K(5888K) Class: 533K(640K)->533K(640K)
[1.071s][info][gc             ] GC(45) Pause Young (Allocation Failure) 163M->163M(197M) 13.484ms
[1.071s][info][gc,cpu         ] GC(45) User=0.02s Sys=0.00s Real=0.01s
[1.077s][info][gc,start       ] GC(46) Pause Young (Allocation Failure)
[1.095s][info][gc,heap        ] GC(46) PSYoungGen: 35360K(35840K)->28672K(38400K) Eden: 6656K(6656K)->0K(5120K) From: 28704K(29184K)->28672K(33280K)
[1.095s][info][gc,heap        ] GC(46) ParOldGen: 138493K(166400K)->145237K(166400K)
[1.095s][info][gc,metaspace   ] GC(46) Metaspace: 6302K(6528K)->6302K(6528K) NonClass: 5769K(5888K)->5769K(5888K) Class: 533K(640K)->533K(640K)
[1.095s][info][gc             ] GC(46) Pause Young (Allocation Failure) 169M->169M(200M) 17.731ms
[1.095s][info][gc,cpu         ] GC(46) User=0.03s Sys=0.00s Real=0.02s
[1.120s][info][gc,start       ] GC(47) Pause Young (Allocation Failure)
[1.141s][info][gc,heap        ] GC(47) PSYoungGen: 33792K(38400K)->18464K(41472K) Eden: 5120K(5120K)->0K(5120K) From: 28672K(33280K)->18464K(36352K)
[1.141s][info][gc,heap        ] GC(47) ParOldGen: 153429K(166400K)->168981K(169472K)
[1.141s][info][gc,metaspace   ] GC(47) Metaspace: 6302K(6528K)->6302K(6528K) NonClass: 5769K(5888K)->5769K(5888K) Class: 533K(640K)->533K(640K)
[1.141s][info][gc             ] GC(47) Pause Young (Allocation Failure) 182M->183M(206M) 21.477ms
[1.141s][info][gc,cpu         ] GC(47) User=0.06s Sys=0.00s Real=0.02s
[1.141s][info][gc,start       ] GC(48) Pause Full (Ergonomics)
[1.141s][info][gc,phases,start] GC(48) Marking Phase
[1.190s][info][gc,phases      ] GC(48) Marking Phase 49.071ms
[1.190s][info][gc,phases,start] GC(48) Summary Phase
[1.190s][info][gc,phases      ] GC(48) Summary Phase 0.017ms
[1.190s][info][gc,phases,start] GC(48) Adjust Roots
[1.191s][info][gc,phases      ] GC(48) Adjust Roots 0.156ms
[1.191s][info][gc,phases,start] GC(48) Compaction Phase
[1.227s][info][gc,phases      ] GC(48) Compaction Phase 35.973ms
[1.227s][info][gc,phases,start] GC(48) Post Compact
[1.227s][info][gc,phases      ] GC(48) Post Compact 0.734ms
[1.228s][info][gc,heap        ] GC(48) PSYoungGen: 18464K(41472K)->13742K(41472K) Eden: 0K(5120K)->0K(5120K) From: 18464K(36352K)->13742K(36352K)
[1.228s][info][gc,heap        ] GC(48) ParOldGen: 168981K(169472K)->169075K(202752K)
[1.228s][info][gc,metaspace   ] GC(48) Metaspace: 6302K(6528K)->6302K(6528K) NonClass: 5769K(5888K)->5769K(5888K) Class: 533K(640K)->533K(640K)
[1.228s][info][gc             ] GC(48) Pause Full (Ergonomics) 183M->178M(238M) 86.384ms
[1.228s][info][gc,cpu         ] GC(48) User=0.23s Sys=0.00s Real=0.09s
[1.233s][info][gc,start       ] GC(49) Pause Young (Allocation Failure)
[1.250s][info][gc,heap        ] GC(49) PSYoungGen: 18862K(41472K)->8960K(40448K) Eden: 5120K(5120K)->0K(6144K) From: 13742K(36352K)->8960K(34304K)
[1.250s][info][gc,heap        ] GC(49) ParOldGen: 169075K(202752K)->179227K(202752K)
[1.250s][info][gc,metaspace   ] GC(49) Metaspace: 6302K(6528K)->6302K(6528K) NonClass: 5769K(5888K)->5769K(5888K) Class: 533K(640K)->533K(640K)
[1.250s][info][gc             ] GC(49) Pause Young (Allocation Failure) 183M->183M(237M) 17.329ms
[1.250s][info][gc,cpu         ] GC(49) User=0.06s Sys=0.02s Real=0.02s
[1.256s][info][gc,start       ] GC(50) Pause Young (Allocation Failure)
[1.264s][info][gc,heap        ] GC(50) PSYoungGen: 15104K(40448K)->11296K(40960K) Eden: 6144K(6144K)->0K(6144K) From: 8960K(34304K)->11296K(34816K)
[1.265s][info][gc,heap        ] GC(50) ParOldGen: 179227K(202752K)->183059K(202752K)
[1.265s][info][gc,metaspace   ] GC(50) Metaspace: 6302K(6528K)->6302K(6528K) NonClass: 5769K(5888K)->5769K(5888K) Class: 533K(640K)->533K(640K)
[1.265s][info][gc             ] GC(50) Pause Young (Allocation Failure) 189M->189M(238M) 8.176ms
[1.265s][info][gc,cpu         ] GC(50) User=0.00s Sys=0.00s Real=0.01s
[1.270s][info][gc,start       ] GC(51) Pause Young (Allocation Failure)
[1.279s][info][gc,heap        ] GC(51) PSYoungGen: 17440K(40960K)->12352K(37888K) Eden: 6144K(6144K)->0K(7168K) From: 11296K(34816K)->12352K(30720K)
[1.279s][info][gc,heap        ] GC(51) ParOldGen: 183059K(202752K)->188235K(202752K)
[1.279s][info][gc,metaspace   ] GC(51) Metaspace: 6302K(6528K)->6302K(6528K) NonClass: 5769K(5888K)->5769K(5888K) Class: 533K(640K)->533K(640K)
[1.279s][info][gc             ] GC(51) Pause Young (Allocation Failure) 195M->195M(235M) 9.053ms
[1.280s][info][gc,cpu         ] GC(51) User=0.00s Sys=0.00s Real=0.01s
[1.287s][info][gc,start       ] GC(52) Pause Young (Allocation Failure)
[1.297s][info][gc,heap        ] GC(52) PSYoungGen: 19520K(37888K)->7232K(39424K) Eden: 7168K(7168K)->0K(7168K) From: 12352K(30720K)->7232K(32256K)
[1.297s][info][gc,heap        ] GC(52) ParOldGen: 188235K(202752K)->200659K(202752K)
[1.297s][info][gc,metaspace   ] GC(52) Metaspace: 6302K(6528K)->6302K(6528K) NonClass: 5769K(5888K)->5769K(5888K) Class: 533K(640K)->533K(640K)
[1.297s][info][gc             ] GC(52) Pause Young (Allocation Failure) 202M->203M(236M) 10.613ms
[1.297s][info][gc,cpu         ] GC(52) User=0.00s Sys=0.00s Real=0.01s
[1.297s][info][gc,start       ] GC(53) Pause Full (Ergonomics)
[1.297s][info][gc,phases,start] GC(53) Marking Phase
[1.344s][info][gc,phases      ] GC(53) Marking Phase 47.054ms
[1.344s][info][gc,phases,start] GC(53) Summary Phase
[1.344s][info][gc,phases      ] GC(53) Summary Phase 0.017ms
[1.344s][info][gc,phases,start] GC(53) Adjust Roots
[1.345s][info][gc,phases      ] GC(53) Adjust Roots 0.157ms
[1.345s][info][gc,phases,start] GC(53) Compaction Phase
[1.371s][info][gc,phases      ] GC(53) Compaction Phase 26.433ms
[1.371s][info][gc,phases,start] GC(53) Post Compact
[1.372s][info][gc,phases      ] GC(53) Post Compact 0.940ms
[1.372s][info][gc,heap        ] GC(53) PSYoungGen: 7232K(39424K)->4579K(39424K) Eden: 0K(7168K)->0K(7168K) From: 7232K(32256K)->4579K(32256K)
[1.372s][info][gc,heap        ] GC(53) ParOldGen: 200659K(202752K)->202686K(239616K)
[1.372s][info][gc,metaspace   ] GC(53) Metaspace: 6302K(6528K)->6302K(6528K) NonClass: 5769K(5888K)->5769K(5888K) Class: 533K(640K)->533K(640K)
[1.372s][info][gc             ] GC(53) Pause Full (Ergonomics) 203M->202M(272M) 75.169ms
[1.372s][info][gc,cpu         ] GC(53) User=0.19s Sys=0.00s Real=0.08s
[1.381s][info][gc,start       ] GC(54) Pause Young (Allocation Failure)
[1.399s][info][gc,heap        ] GC(54) PSYoungGen: 11747K(39424K)->7264K(38400K) Eden: 7168K(7168K)->0K(8192K) From: 4579K(32256K)->7264K(30208K)
[1.399s][info][gc,heap        ] GC(54) ParOldGen: 202686K(239616K)->207350K(239616K)
[1.399s][info][gc,metaspace   ] GC(54) Metaspace: 6302K(6528K)->6302K(6528K) NonClass: 5769K(5888K)->5769K(5888K) Class: 533K(640K)->533K(640K)
[1.399s][info][gc             ] GC(54) Pause Young (Allocation Failure) 209M->209M(271M) 17.734ms
[1.399s][info][gc,cpu         ] GC(54) User=0.00s Sys=0.00s Real=0.02s
[1.408s][info][gc,start       ] GC(55) Pause Young (Allocation Failure)
[1.417s][info][gc,heap        ] GC(55) PSYoungGen: 15456K(38400K)->8288K(39424K) Eden: 8192K(8192K)->0K(8192K) From: 7264K(30208K)->8288K(31232K)
[1.417s][info][gc,heap        ] GC(55) ParOldGen: 207350K(239616K)->214614K(239616K)
[1.417s][info][gc,metaspace   ] GC(55) Metaspace: 6302K(6528K)->6302K(6528K) NonClass: 5769K(5888K)->5769K(5888K) Class: 533K(640K)->533K(640K)
[1.417s][info][gc             ] GC(55) Pause Young (Allocation Failure) 217M->217M(272M) 9.347ms
[1.417s][info][gc,cpu         ] GC(55) User=0.00s Sys=0.00s Real=0.01s
[1.426s][info][gc,start       ] GC(56) Pause Young (Allocation Failure)
[1.437s][info][gc,heap        ] GC(56) PSYoungGen: 16480K(39424K)->8288K(38912K) Eden: 8192K(8192K)->0K(9728K) From: 8288K(31232K)->8288K(29184K)
[1.437s][info][gc,heap        ] GC(56) ParOldGen: 214614K(239616K)->222926K(239616K)
[1.437s][info][gc,metaspace   ] GC(56) Metaspace: 6302K(6528K)->6302K(6528K) NonClass: 5769K(5888K)->5769K(5888K) Class: 533K(640K)->533K(640K)
[1.437s][info][gc             ] GC(56) Pause Young (Allocation Failure) 225M->225M(272M) 10.857ms
[1.437s][info][gc,cpu         ] GC(56) User=0.00s Sys=0.00s Real=0.01s
[1.448s][info][gc,start       ] GC(57) Pause Young (Allocation Failure)
[1.459s][info][gc,heap        ] GC(57) PSYoungGen: 18016K(38912K)->9792K(39424K) Eden: 9728K(9728K)->0K(9728K) From: 8288K(29184K)->9792K(29696K)
[1.459s][info][gc,heap        ] GC(57) ParOldGen: 222926K(239616K)->231230K(239616K)
[1.459s][info][gc,metaspace   ] GC(57) Metaspace: 6302K(6528K)->6302K(6528K) NonClass: 5769K(5888K)->5769K(5888K) Class: 533K(640K)->533K(640K)
[1.459s][info][gc             ] GC(57) Pause Young (Allocation Failure) 235M->235M(272M) 11.177ms
[1.459s][info][gc,cpu         ] GC(57) User=0.00s Sys=0.00s Real=0.01s
[1.459s][info][gc,start       ] GC(58) Pause Full (Ergonomics)
[1.459s][info][gc,phases,start] GC(58) Marking Phase
[1.522s][info][gc,phases      ] GC(58) Marking Phase 62.878ms
[1.522s][info][gc,phases,start] GC(58) Summary Phase
[1.522s][info][gc,phases      ] GC(58) Summary Phase 0.017ms
[1.522s][info][gc,phases,start] GC(58) Adjust Roots
[1.522s][info][gc,phases      ] GC(58) Adjust Roots 0.191ms
[1.522s][info][gc,phases,start] GC(58) Compaction Phase
[1.548s][info][gc,phases      ] GC(58) Compaction Phase 25.827ms
[1.548s][info][gc,phases,start] GC(58) Post Compact
[1.549s][info][gc,phases      ] GC(58) Post Compact 1.150ms
[1.549s][info][gc,heap        ] GC(58) PSYoungGen: 9792K(39424K)->1016K(39424K) Eden: 0K(9728K)->0K(9728K) From: 9792K(29696K)->1016K(29696K)
[1.549s][info][gc,heap        ] GC(58) ParOldGen: 231230K(239616K)->239407K(277504K)
[1.549s][info][gc,metaspace   ] GC(58) Metaspace: 6302K(6528K)->6302K(6528K) NonClass: 5769K(5888K)->5769K(5888K) Class: 533K(640K)->533K(640K)
[1.550s][info][gc             ] GC(58) Pause Full (Ergonomics) 235M->234M(309M) 90.652ms
[1.550s][info][gc,cpu         ] GC(58) User=0.36s Sys=0.00s Real=0.09s
[1.560s][info][gc,start       ] GC(59) Pause Young (Allocation Failure)
[1.577s][info][gc,heap        ] GC(59) PSYoungGen: 10744K(39424K)->9824K(37376K) Eden: 9728K(9728K)->0K(11264K) From: 1016K(29696K)->9824K(26112K)
[1.578s][info][gc,heap        ] GC(59) ParOldGen: 239407K(277504K)->240479K(277504K)
[1.578s][info][gc,metaspace   ] GC(59) Metaspace: 6302K(6528K)->6302K(6528K) NonClass: 5769K(5888K)->5769K(5888K) Class: 533K(640K)->533K(640K)
[1.578s][info][gc             ] GC(59) Pause Young (Allocation Failure) 244M->244M(307M) 17.386ms
[1.578s][info][gc,cpu         ] GC(59) User=0.03s Sys=0.00s Real=0.02s
[1.591s][info][gc,start       ] GC(60) Pause Young (Allocation Failure)
[1.603s][info][gc,heap        ] GC(60) PSYoungGen: 21088K(37376K)->21056K(38400K) Eden: 11264K(11264K)->0K(11264K) From: 9824K(26112K)->21056K(27136K)
[1.603s][info][gc,heap        ] GC(60) ParOldGen: 240479K(277504K)->240479K(277504K)
[1.603s][info][gc,metaspace   ] GC(60) Metaspace: 6302K(6528K)->6302K(6528K) NonClass: 5769K(5888K)->5769K(5888K) Class: 533K(640K)->533K(640K)
[1.603s][info][gc             ] GC(60) Pause Young (Allocation Failure) 255M->255M(308M) 12.074ms
[1.603s][info][gc,cpu         ] GC(60) User=0.02s Sys=0.00s Real=0.01s
[1.615s][info][gc,start       ] GC(61) Pause Young (Allocation Failure)
[1.632s][info][gc,heap        ] GC(61) PSYoungGen: 32320K(38400K)->29184K(36352K) Eden: 11264K(11264K)->0K(7168K) From: 21056K(27136K)->29184K(29184K)
[1.632s][info][gc,heap        ] GC(61) ParOldGen: 240479K(277504K)->243591K(277504K)
[1.632s][info][gc,metaspace   ] GC(61) Metaspace: 6302K(6528K)->6302K(6528K) NonClass: 5769K(5888K)->5769K(5888K) Class: 533K(640K)->533K(640K)
[1.632s][info][gc             ] GC(61) Pause Young (Allocation Failure) 266M->266M(306M) 16.297ms
[1.632s][info][gc,cpu         ] GC(61) User=0.00s Sys=0.00s Real=0.02s
[1.640s][info][gc,start       ] GC(62) Pause Young (Allocation Failure)
[1.657s][info][gc,heap        ] GC(62) PSYoungGen: 36352K(36352K)->17248K(41984K) Eden: 7168K(7168K)->0K(7168K) From: 29184K(29184K)->17248K(34816K)
[1.657s][info][gc,heap        ] GC(62) ParOldGen: 243591K(277504K)->263047K(277504K)
[1.657s][info][gc,metaspace   ] GC(62) Metaspace: 6302K(6528K)->6302K(6528K) NonClass: 5769K(5888K)->5769K(5888K) Class: 533K(640K)->533K(640K)
[1.657s][info][gc             ] GC(62) Pause Young (Allocation Failure) 273M->273M(312M) 17.265ms
[1.657s][info][gc,cpu         ] GC(62) User=0.06s Sys=0.02s Real=0.02s
[1.657s][info][gc,start       ] GC(63) Pause Full (Ergonomics)
[1.657s][info][gc,phases,start] GC(63) Marking Phase
[1.723s][info][gc,phases      ] GC(63) Marking Phase 65.937ms
[1.723s][info][gc,phases,start] GC(63) Summary Phase
[1.723s][info][gc,phases      ] GC(63) Summary Phase 0.018ms
[1.723s][info][gc,phases,start] GC(63) Adjust Roots
[1.723s][info][gc,phases      ] GC(63) Adjust Roots 0.144ms
[1.723s][info][gc,phases,start] GC(63) Compaction Phase
[1.748s][info][gc,phases      ] GC(63) Compaction Phase 25.091ms
[1.748s][info][gc,phases,start] GC(63) Post Compact
[1.750s][info][gc,phases      ] GC(63) Post Compact 1.311ms
[1.750s][info][gc,heap        ] GC(63) PSYoungGen: 17248K(41984K)->2299K(41984K) Eden: 0K(7168K)->0K(7168K) From: 17248K(34816K)->2299K(34816K)
[1.750s][info][gc,heap        ] GC(63) ParOldGen: 263047K(277504K)->277415K(321536K)
[1.750s][info][gc,metaspace   ] GC(63) Metaspace: 6302K(6528K)->6302K(6528K) NonClass: 5769K(5888K)->5769K(5888K) Class: 533K(640K)->533K(640K)
[1.750s][info][gc             ] GC(63) Pause Full (Ergonomics) 273M->273M(355M) 93.118ms
[1.750s][info][gc,cpu         ] GC(63) User=0.47s Sys=0.05s Real=0.09s
[1.759s][info][gc,start       ] GC(64) Pause Young (Allocation Failure)
[1.775s][info][gc,heap        ] GC(64) PSYoungGen: 9467K(41984K)->8768K(39936K) Eden: 7168K(7168K)->0K(8192K) From: 2299K(34816K)->8768K(31744K)
[1.776s][info][gc,heap        ] GC(64) ParOldGen: 277415K(321536K)->278247K(321536K)
[1.776s][info][gc,metaspace   ] GC(64) Metaspace: 6302K(6528K)->6302K(6528K) NonClass: 5769K(5888K)->5769K(5888K) Class: 533K(640K)->533K(640K)
[1.776s][info][gc             ] GC(64) Pause Young (Allocation Failure) 280M->280M(353M) 16.811ms
[1.776s][info][gc,cpu         ] GC(64) User=0.02s Sys=0.00s Real=0.02s
[1.785s][info][gc,start       ] GC(65) Pause Young (Allocation Failure)
[1.794s][info][gc,heap        ] GC(65) PSYoungGen: 16960K(39936K)->16960K(40960K) Eden: 8192K(8192K)->0K(8192K) From: 8768K(31744K)->16960K(32768K)
[1.794s][info][gc,heap        ] GC(65) ParOldGen: 278247K(321536K)->278247K(321536K)
[1.794s][info][gc,metaspace   ] GC(65) Metaspace: 6302K(6528K)->6302K(6528K) NonClass: 5769K(5888K)->5769K(5888K) Class: 533K(640K)->533K(640K)
[1.794s][info][gc             ] GC(65) Pause Young (Allocation Failure) 288M->288M(354M) 8.974ms
[1.794s][info][gc,cpu         ] GC(65) User=0.00s Sys=0.00s Real=0.01s
[1.803s][info][gc,start       ] GC(66) Pause Young (Allocation Failure)
[1.815s][info][gc,heap        ] GC(66) PSYoungGen: 25152K(40960K)->25152K(38400K) Eden: 8192K(8192K)->0K(6656K) From: 16960K(32768K)->25152K(31744K)
[1.815s][info][gc,heap        ] GC(66) ParOldGen: 278247K(321536K)->278247K(321536K)
[1.815s][info][gc,metaspace   ] GC(66) Metaspace: 6302K(6528K)->6302K(6528K) NonClass: 5769K(5888K)->5769K(5888K) Class: 533K(640K)->533K(640K)
[1.815s][info][gc             ] GC(66) Pause Young (Allocation Failure) 296M->296M(351M) 12.310ms
[1.815s][info][gc,cpu         ] GC(66) User=0.00s Sys=0.00s Real=0.01s
[1.823s][info][gc,start       ] GC(67) Pause Young (Allocation Failure)
[1.837s][info][gc,heap        ] GC(67) PSYoungGen: 31808K(38400K)->30272K(40960K) Eden: 6656K(6656K)->0K(6656K) From: 25152K(31744K)->30272K(34304K)
[1.837s][info][gc,heap        ] GC(67) ParOldGen: 278247K(321536K)->279807K(321536K)
[1.837s][info][gc,metaspace   ] GC(67) Metaspace: 6302K(6528K)->6302K(6528K) NonClass: 5769K(5888K)->5769K(5888K) Class: 533K(640K)->533K(640K)
[1.838s][info][gc             ] GC(67) Pause Young (Allocation Failure) 302M->302M(354M) 14.805ms
[1.838s][info][gc,cpu         ] GC(67) User=0.02s Sys=0.00s Real=0.02s
[1.845s][info][gc,start       ] GC(68) Pause Young (Allocation Failure)
[1.862s][info][gc,heap        ] GC(68) PSYoungGen: 36928K(40960K)->29760K(43008K) Eden: 6656K(6656K)->0K(5120K) From: 30272K(34304K)->29760K(37888K)
[1.862s][info][gc,heap        ] GC(68) ParOldGen: 279807K(321536K)->287087K(321536K)
[1.862s][info][gc,metaspace   ] GC(68) Metaspace: 6302K(6528K)->6302K(6528K) NonClass: 5769K(5888K)->5769K(5888K) Class: 533K(640K)->533K(640K)
[1.862s][info][gc             ] GC(68) Pause Young (Allocation Failure) 309M->309M(356M) 16.945ms
[1.862s][info][gc,cpu         ] GC(68) User=0.03s Sys=0.00s Real=0.02s
[1.868s][info][gc,start       ] GC(69) Pause Young (Allocation Failure)
[1.884s][info][gc,heap        ] GC(69) PSYoungGen: 34880K(43008K)->18528K(24064K) Eden: 5120K(5120K)->0K(5120K) From: 29760K(37888K)->18528K(18944K)
[1.884s][info][gc,heap        ] GC(69) ParOldGen: 287087K(321536K)->303671K(321536K)
[1.884s][info][gc,metaspace   ] GC(69) Metaspace: 6302K(6528K)->6302K(6528K) NonClass: 5769K(5888K)->5769K(5888K) Class: 533K(640K)->533K(640K)
[1.884s][info][gc             ] GC(69) Pause Young (Allocation Failure) 314M->314M(337M) 16.429ms
[1.884s][info][gc,cpu         ] GC(69) User=0.03s Sys=0.00s Real=0.02s
[1.884s][info][gc,start       ] GC(70) Pause Full (Ergonomics)
[1.884s][info][gc,phases,start] GC(70) Marking Phase
[1.955s][info][gc,phases      ] GC(70) Marking Phase 70.835ms
[1.955s][info][gc,phases,start] GC(70) Summary Phase
[1.955s][info][gc,phases      ] GC(70) Summary Phase 0.029ms
[1.955s][info][gc,phases,start] GC(70) Adjust Roots
[1.956s][info][gc,phases      ] GC(70) Adjust Roots 0.163ms
[1.956s][info][gc,phases,start] GC(70) Compaction Phase
[1.984s][info][gc,phases      ] GC(70) Compaction Phase 27.991ms
[1.984s][info][gc,phases,start] GC(70) Post Compact
[1.985s][info][gc,phases      ] GC(70) Post Compact 1.739ms
[1.986s][info][gc,heap        ] GC(70) PSYoungGen: 18528K(24064K)->0K(44544K) Eden: 0K(5120K)->0K(6144K) From: 18528K(18944K)->0K(38400K)
[1.986s][info][gc,heap        ] GC(70) ParOldGen: 303671K(321536K)->321512K(369152K)
[1.986s][info][gc,metaspace   ] GC(70) Metaspace: 6302K(6528K)->6302K(6528K) NonClass: 5769K(5888K)->5769K(5888K) Class: 533K(640K)->533K(640K)
[1.986s][info][gc             ] GC(70) Pause Full (Ergonomics) 314M->313M(404M) 101.321ms
[1.986s][info][gc,cpu         ] GC(70) User=0.64s Sys=0.02s Real=0.10s
[1.993s][info][gc,start       ] GC(71) Pause Young (Allocation Failure)
[1.997s][info][gc,heap        ] GC(71) PSYoungGen: 6144K(44544K)->6240K(44544K) Eden: 6144K(6144K)->0K(6144K) From: 0K(38400K)->6240K(38400K)
[1.997s][info][gc,heap        ] GC(71) ParOldGen: 321512K(369152K)->321512K(369152K)
[1.997s][info][gc,metaspace   ] GC(71) Metaspace: 6302K(6528K)->6302K(6528K) NonClass: 5769K(5888K)->5769K(5888K) Class: 533K(640K)->533K(640K)
[1.997s][info][gc             ] GC(71) Pause Young (Allocation Failure) 319M->320M(404M) 4.289ms
[1.997s][info][gc,cpu         ] GC(71) User=0.00s Sys=0.00s Real=0.01s
[2.004s][info][gc,start       ] GC(72) Pause Young (Allocation Failure)
[2.011s][info][gc,heap        ] GC(72) PSYoungGen: 12384K(44544K)->12384K(42496K) Eden: 6144K(6144K)->0K(7168K) From: 6240K(38400K)->12384K(35328K)
[2.011s][info][gc,heap        ] GC(72) ParOldGen: 321512K(369152K)->321512K(369152K)
[2.011s][info][gc,metaspace   ] GC(72) Metaspace: 6302K(6528K)->6302K(6528K) NonClass: 5769K(5888K)->5769K(5888K) Class: 533K(640K)->533K(640K)
[2.011s][info][gc             ] GC(72) Pause Young (Allocation Failure) 326M->326M(402M) 7.249ms
[2.011s][info][gc,cpu         ] GC(72) User=0.00s Sys=0.00s Real=0.01s
[2.020s][info][gc,start       ] GC(73) Pause Young (Allocation Failure)
[2.030s][info][gc,heap        ] GC(73) PSYoungGen: 19552K(42496K)->13440K(44032K) Eden: 7168K(7168K)->0K(7168K) From: 12384K(35328K)->13440K(36864K)
[2.030s][info][gc,heap        ] GC(73) ParOldGen: 321512K(369152K)->327728K(369152K)
[2.030s][info][gc,metaspace   ] GC(73) Metaspace: 6302K(6528K)->6302K(6528K) NonClass: 5769K(5888K)->5769K(5888K) Class: 533K(640K)->533K(640K)
[2.030s][info][gc             ] GC(73) Pause Young (Allocation Failure) 333M->333M(403M) 10.299ms
[2.030s][info][gc,cpu         ] GC(73) User=0.00s Sys=0.00s Real=0.01s
[2.037s][info][gc,start       ] GC(74) Pause Young (Allocation Failure)
[2.048s][info][gc,heap        ] GC(74) PSYoungGen: 20608K(44032K)->14432K(40960K) Eden: 7168K(7168K)->0K(8192K) From: 13440K(36864K)->14432K(32768K)
[2.048s][info][gc,heap        ] GC(74) ParOldGen: 327728K(369152K)->333960K(369152K)
[2.048s][info][gc,metaspace   ] GC(74) Metaspace: 6302K(6528K)->6302K(6528K) NonClass: 5769K(5888K)->5769K(5888K) Class: 533K(640K)->533K(640K)
[2.048s][info][gc             ] GC(74) Pause Young (Allocation Failure) 340M->340M(400M) 10.692ms
[2.048s][info][gc,cpu         ] GC(74) User=0.00s Sys=0.00s Real=0.01s
[2.110s][info][gc,start       ] GC(75) Pause Young (Allocation Failure)
[2.130s][info][gc,heap        ] GC(75) PSYoungGen: 22624K(40960K)->15456K(24064K) Eden: 8192K(8192K)->0K(8192K) From: 14432K(32768K)->15456K(15872K)
[2.130s][info][gc,heap        ] GC(75) ParOldGen: 350344K(369152K)->357608K(369152K)
[2.130s][info][gc,metaspace   ] GC(75) Metaspace: 6302K(6528K)->6302K(6528K) NonClass: 5769K(5888K)->5769K(5888K) Class: 533K(640K)->533K(640K)
[2.130s][info][gc             ] GC(75) Pause Young (Allocation Failure) 364M->364M(384M) 19.789ms
[2.130s][info][gc,cpu         ] GC(75) User=0.05s Sys=0.00s Real=0.02s
[2.130s][info][gc,start       ] GC(76) Pause Full (Ergonomics)
[2.130s][info][gc,phases,start] GC(76) Marking Phase
[2.207s][info][gc,phases      ] GC(76) Marking Phase 76.595ms
[2.207s][info][gc,phases,start] GC(76) Summary Phase
[2.207s][info][gc,phases      ] GC(76) Summary Phase 0.024ms
[2.207s][info][gc,phases,start] GC(76) Adjust Roots
[2.207s][info][gc,phases      ] GC(76) Adjust Roots 0.155ms
[2.207s][info][gc,phases,start] GC(76) Compaction Phase
[2.268s][info][gc,phases      ] GC(76) Compaction Phase 60.841ms
[2.268s][info][gc,phases,start] GC(76) Post Compact
[2.270s][info][gc,phases      ] GC(76) Post Compact 1.972ms
[2.270s][info][gc,heap        ] GC(76) PSYoungGen: 15456K(24064K)->0K(41472K) Eden: 0K(8192K)->0K(9216K) From: 15456K(15872K)->0K(32256K)
[2.270s][info][gc,heap        ] GC(76) ParOldGen: 357608K(369152K)->364359K(412160K)
[2.270s][info][gc,metaspace   ] GC(76) Metaspace: 6302K(6528K)->6302K(6528K) NonClass: 5769K(5888K)->5769K(5888K) Class: 533K(640K)->533K(640K)
[2.270s][info][gc             ] GC(76) Pause Full (Ergonomics) 364M->355M(443M) 140.090ms
[2.270s][info][gc,cpu         ] GC(76) User=0.78s Sys=0.00s Real=0.14s
[2.281s][info][gc,start       ] GC(77) Pause Young (Allocation Failure)
[2.290s][info][gc,heap        ] GC(77) PSYoungGen: 9216K(41472K)->9344K(41472K) Eden: 9216K(9216K)->0K(9216K) From: 0K(32256K)->9344K(32256K)
[2.290s][info][gc,heap        ] GC(77) ParOldGen: 364359K(412160K)->364359K(412160K)
[2.290s][info][gc,metaspace   ] GC(77) Metaspace: 6302K(6528K)->6302K(6528K) NonClass: 5769K(5888K)->5769K(5888K) Class: 533K(640K)->533K(640K)
[2.290s][info][gc             ] GC(77) Pause Young (Allocation Failure) 364M->364M(443M) 8.284ms
[2.290s][info][gc,cpu         ] GC(77) User=0.02s Sys=0.00s Real=0.01s
[2.299s][info][gc,start       ] GC(78) Pause Young (Allocation Failure)
[2.309s][info][gc,heap        ] GC(78) PSYoungGen: 18560K(41472K)->18560K(41984K) Eden: 9216K(9216K)->0K(10240K) From: 9344K(32256K)->18560K(31744K)
[2.309s][info][gc,heap        ] GC(78) ParOldGen: 364359K(412160K)->364359K(412160K)
[2.309s][info][gc,metaspace   ] GC(78) Metaspace: 6302K(6528K)->6302K(6528K) NonClass: 5769K(5888K)->5769K(5888K) Class: 533K(640K)->533K(640K)
[2.309s][info][gc             ] GC(78) Pause Young (Allocation Failure) 373M->373M(443M) 10.090ms
[2.309s][info][gc,cpu         ] GC(78) User=0.02s Sys=0.00s Real=0.01s
[2.320s][info][gc,start       ] GC(79) Pause Young (Allocation Failure)
[2.335s][info][gc,heap        ] GC(79) PSYoungGen: 28800K(41984K)->28736K(41984K) Eden: 10240K(10240K)->0K(10240K) From: 18560K(31744K)->28736K(31744K)
[2.335s][info][gc,heap        ] GC(79) ParOldGen: 364359K(412160K)->364359K(412160K)
[2.335s][info][gc,metaspace   ] GC(79) Metaspace: 6302K(6528K)->6302K(6528K) NonClass: 5769K(5888K)->5769K(5888K) Class: 533K(640K)->533K(640K)
[2.335s][info][gc             ] GC(79) Pause Young (Allocation Failure) 383M->383M(443M) 14.810ms
[2.335s][info][gc,cpu         ] GC(79) User=0.02s Sys=0.00s Real=0.01s
[2.344s][info][gc,start       ] GC(80) Pause Young (Allocation Failure)
[2.363s][info][gc,heap        ] GC(80) PSYoungGen: 38976K(41984K)->34816K(39936K) Eden: 10240K(10240K)->0K(5120K) From: 28736K(31744K)->34816K(34816K)
[2.363s][info][gc,heap        ] GC(80) ParOldGen: 364359K(412160K)->368487K(412160K)
[2.363s][info][gc,metaspace   ] GC(80) Metaspace: 6302K(6528K)->6302K(6528K) NonClass: 5769K(5888K)->5769K(5888K) Class: 533K(640K)->533K(640K)
[2.363s][info][gc             ] GC(80) Pause Young (Allocation Failure) 393M->393M(441M) 18.338ms
[2.363s][info][gc,cpu         ] GC(80) User=0.11s Sys=0.02s Real=0.02s
[2.368s][info][gc,start       ] GC(81) Pause Young (Allocation Failure)
[2.387s][info][gc,heap        ] GC(81) PSYoungGen: 39936K(39936K)->23712K(46080K) Eden: 5120K(5120K)->0K(5120K) From: 34816K(34816K)->23712K(40960K)
[2.387s][info][gc,heap        ] GC(81) ParOldGen: 368487K(412160K)->385031K(412160K)
[2.387s][info][gc,metaspace   ] GC(81) Metaspace: 6302K(6528K)->6302K(6528K) NonClass: 5769K(5888K)->5769K(5888K) Class: 533K(640K)->533K(640K)
[2.387s][info][gc             ] GC(81) Pause Young (Allocation Failure) 398M->399M(447M) 18.314ms
[2.387s][info][gc,cpu         ] GC(81) User=0.11s Sys=0.02s Real=0.02s
[2.392s][info][gc,start       ] GC(82) Pause Young (Allocation Failure)
[2.406s][info][gc,heap        ] GC(82) PSYoungGen: 28832K(46080K)->10304K(45568K) Eden: 5120K(5120K)->0K(6144K) From: 23712K(40960K)->10304K(39424K)
[2.406s][info][gc,heap        ] GC(82) ParOldGen: 385031K(412160K)->403783K(412160K)
[2.406s][info][gc,metaspace   ] GC(82) Metaspace: 6302K(6528K)->6302K(6528K) NonClass: 5769K(5888K)->5769K(5888K) Class: 533K(640K)->533K(640K)
[2.406s][info][gc             ] GC(82) Pause Young (Allocation Failure) 404M->404M(447M) 13.800ms
[2.406s][info][gc,cpu         ] GC(82) User=0.02s Sys=0.00s Real=0.02s
[2.406s][info][gc,start       ] GC(83) Pause Full (Ergonomics)
[2.406s][info][gc,phases,start] GC(83) Marking Phase
[2.493s][info][gc,phases      ] GC(83) Marking Phase 87.443ms
[2.493s][info][gc,phases,start] GC(83) Summary Phase
[2.493s][info][gc,phases      ] GC(83) Summary Phase 0.019ms
[2.493s][info][gc,phases,start] GC(83) Adjust Roots
[2.494s][info][gc,phases      ] GC(83) Adjust Roots 0.150ms
[2.494s][info][gc,phases,start] GC(83) Compaction Phase
[2.536s][info][gc,phases      ] GC(83) Compaction Phase 42.000ms
[2.536s][info][gc,phases,start] GC(83) Post Compact
[2.538s][info][gc,phases      ] GC(83) Post Compact 1.898ms
[2.538s][info][gc,heap        ] GC(83) PSYoungGen: 10304K(45568K)->1516K(46080K) Eden: 0K(6144K)->0K(6656K) From: 10304K(39424K)->1516K(39424K)
[2.538s][info][gc,heap        ] GC(83) ParOldGen: 403783K(412160K)->411805K(467968K)
[2.538s][info][gc,metaspace   ] GC(83) Metaspace: 6302K(6528K)->6302K(6528K) NonClass: 5769K(5888K)->5769K(5888K) Class: 533K(640K)->533K(640K)
[2.538s][info][gc             ] GC(83) Pause Full (Ergonomics) 404M->403M(502M) 132.037ms
[2.538s][info][gc,cpu         ] GC(83) User=0.81s Sys=0.00s Real=0.13s
[2.545s][info][gc,start       ] GC(84) Pause Young (Allocation Failure)
[2.566s][info][gc,heap        ] GC(84) PSYoungGen: 8172K(46080K)->6784K(46592K) Eden: 6656K(6656K)->0K(6656K) From: 1516K(39424K)->6784K(39936K)
[2.566s][info][gc,heap        ] GC(84) ParOldGen: 411805K(467968K)->413381K(467968K)
[2.566s][info][gc,metaspace   ] GC(84) Metaspace: 6302K(6528K)->6302K(6528K) NonClass: 5769K(5888K)->5769K(5888K) Class: 533K(640K)->533K(640K)
[2.567s][info][gc             ] GC(84) Pause Young (Allocation Failure) 410M->410M(502M) 21.080ms
[2.567s][info][gc,cpu         ] GC(84) User=0.12s Sys=0.00s Real=0.02s
[2.573s][info][gc,start       ] GC(85) Pause Young (Allocation Failure)
[2.582s][info][gc,heap        ] GC(85) PSYoungGen: 13440K(46592K)->6784K(46592K) Eden: 6656K(6656K)->0K(7680K) From: 6784K(39936K)->6784K(38912K)
[2.582s][info][gc,heap        ] GC(85) ParOldGen: 413381K(467968K)->420125K(467968K)
[2.582s][info][gc,metaspace   ] GC(85) Metaspace: 6302K(6528K)->6302K(6528K) NonClass: 5769K(5888K)->5769K(5888K) Class: 533K(640K)->533K(640K)
[2.582s][info][gc             ] GC(85) Pause Young (Allocation Failure) 416M->416M(502M) 8.623ms
[2.582s][info][gc,cpu         ] GC(85) User=0.00s Sys=0.00s Real=0.01s
[2.590s][info][gc,start       ] GC(86) Pause Young (Allocation Failure)
[2.599s][info][gc,heap        ] GC(86) PSYoungGen: 14464K(46592K)->7808K(47104K) Eden: 7680K(7680K)->0K(7680K) From: 6784K(38912K)->7808K(39424K)
[2.599s][info][gc,heap        ] GC(86) ParOldGen: 420125K(467968K)->426885K(467968K)
[2.599s][info][gc,metaspace   ] GC(86) Metaspace: 6302K(6528K)->6302K(6528K) NonClass: 5769K(5888K)->5769K(5888K) Class: 533K(640K)->533K(640K)
[2.599s][info][gc             ] GC(86) Pause Young (Allocation Failure) 424M->424M(503M) 8.736ms
[2.599s][info][gc,cpu         ] GC(86) User=0.02s Sys=0.00s Real=0.01s
[2.606s][info][gc,start       ] GC(87) Pause Young (Allocation Failure)
[2.615s][info][gc,heap        ] GC(87) PSYoungGen: 15488K(47104K)->7744K(45568K) Eden: 7680K(7680K)->0K(8704K) From: 7808K(39424K)->7744K(36864K)
[2.616s][info][gc,heap        ] GC(87) ParOldGen: 426885K(467968K)->434677K(467968K)
[2.616s][info][gc,metaspace   ] GC(87) Metaspace: 6302K(6528K)->6302K(6528K) NonClass: 5769K(5888K)->5769K(5888K) Class: 533K(640K)->533K(640K)
[2.616s][info][gc             ] GC(87) Pause Young (Allocation Failure) 432M->432M(501M) 9.280ms
[2.616s][info][gc,cpu         ] GC(87) User=0.02s Sys=0.00s Real=0.01s
[2.625s][info][gc,start       ] GC(88) Pause Young (Allocation Failure)
[2.634s][info][gc,heap        ] GC(88) PSYoungGen: 16448K(45568K)->8800K(46592K) Eden: 8704K(8704K)->0K(8704K) From: 7744K(36864K)->8800K(37888K)
[2.635s][info][gc,heap        ] GC(88) ParOldGen: 434677K(467968K)->442461K(467968K)
[2.635s][info][gc,metaspace   ] GC(88) Metaspace: 6302K(6528K)->6302K(6528K) NonClass: 5769K(5888K)->5769K(5888K) Class: 533K(640K)->533K(640K)
[2.635s][info][gc             ] GC(88) Pause Young (Allocation Failure) 440M->440M(502M) 9.544ms
[2.635s][info][gc,cpu         ] GC(88) User=0.02s Sys=0.00s Real=0.01s
[2.644s][info][gc,start       ] GC(89) Pause Young (Allocation Failure)
[2.654s][info][gc,heap        ] GC(89) PSYoungGen: 17504K(46592K)->8832K(44032K) Eden: 8704K(8704K)->0K(10240K) From: 8800K(37888K)->8832K(33792K)
[2.654s][info][gc,heap        ] GC(89) ParOldGen: 442461K(467968K)->451277K(467968K)
[2.654s][info][gc,metaspace   ] GC(89) Metaspace: 6302K(6528K)->6302K(6528K) NonClass: 5769K(5888K)->5769K(5888K) Class: 533K(640K)->533K(640K)
[2.654s][info][gc             ] GC(89) Pause Young (Allocation Failure) 449M->449M(500M) 10.349ms
[2.654s][info][gc,cpu         ] GC(89) User=0.00s Sys=0.00s Real=0.01s
[2.654s][info][gc,start       ] GC(90) Pause Full (Ergonomics)
[2.654s][info][gc,phases,start] GC(90) Marking Phase
[2.755s][info][gc,phases      ] GC(90) Marking Phase 100.927ms
[2.755s][info][gc,phases,start] GC(90) Summary Phase
[2.755s][info][gc,phases      ] GC(90) Summary Phase 0.023ms
[2.755s][info][gc,phases,start] GC(90) Adjust Roots
[2.756s][info][gc,phases      ] GC(90) Adjust Roots 0.149ms
[2.756s][info][gc,phases,start] GC(90) Compaction Phase
[2.799s][info][gc,phases      ] GC(90) Compaction Phase 43.395ms
[2.799s][info][gc,phases,start] GC(90) Post Compact
[2.801s][info][gc,phases      ] GC(90) Post Compact 2.138ms
[2.802s][info][gc,heap        ] GC(90) PSYoungGen: 8832K(44032K)->0K(45568K) Eden: 0K(10240K)->0K(10240K) From: 8832K(33792K)->0K(35328K)
[2.802s][info][gc,heap        ] GC(90) ParOldGen: 451277K(467968K)->459219K(515072K)
[2.802s][info][gc,metaspace   ] GC(90) Metaspace: 6302K(6528K)->6302K(6528K) NonClass: 5769K(5888K)->5769K(5888K) Class: 533K(640K)->533K(640K)
[2.802s][info][gc             ] GC(90) Pause Full (Ergonomics) 449M->448M(547M) 147.134ms
[2.802s][info][gc,cpu         ] GC(90) User=1.00s Sys=0.00s Real=0.15s
[2.814s][info][gc,start       ] GC(91) Pause Young (Allocation Failure)
[2.824s][info][gc,heap        ] GC(91) PSYoungGen: 10240K(45568K)->10368K(43008K) Eden: 10240K(10240K)->0K(11264K) From: 0K(35328K)->10368K(31744K)
[2.824s][info][gc,heap        ] GC(91) ParOldGen: 459219K(515072K)->459219K(515072K)
[2.824s][info][gc,metaspace   ] GC(91) Metaspace: 6302K(6528K)->6302K(6528K) NonClass: 5769K(5888K)->5769K(5888K) Class: 533K(640K)->533K(640K)
[2.824s][info][gc             ] GC(91) Pause Young (Allocation Failure) 458M->458M(545M) 9.475ms
[2.824s][info][gc,cpu         ] GC(91) User=0.02s Sys=0.00s Real=0.01s
[2.836s][info][gc,start       ] GC(92) Pause Young (Allocation Failure)
[2.848s][info][gc,heap        ] GC(92) PSYoungGen: 21632K(43008K)->21568K(45056K) Eden: 11264K(11264K)->0K(11264K) From: 10368K(31744K)->21568K(33792K)
[2.848s][info][gc,heap        ] GC(92) ParOldGen: 459219K(515072K)->459219K(515072K)
[2.848s][info][gc,metaspace   ] GC(92) Metaspace: 6302K(6528K)->6302K(6528K) NonClass: 5769K(5888K)->5769K(5888K) Class: 533K(640K)->533K(640K)
[2.848s][info][gc             ] GC(92) Pause Young (Allocation Failure) 469M->469M(547M) 11.583ms
[2.848s][info][gc,cpu         ] GC(92) User=0.02s Sys=0.00s Real=0.01s
[2.861s][info][gc,start       ] GC(93) Pause Young (Allocation Failure)
[2.877s][info][gc,heap        ] GC(93) PSYoungGen: 32832K(45056K)->32864K(43008K) Eden: 11264K(11264K)->0K(8192K) From: 21568K(33792K)->32864K(34816K)
[2.877s][info][gc,heap        ] GC(93) ParOldGen: 459219K(515072K)->459219K(515072K)
[2.877s][info][gc,metaspace   ] GC(93) Metaspace: 6302K(6528K)->6302K(6528K) NonClass: 5769K(5888K)->5769K(5888K) Class: 533K(640K)->533K(640K)
[2.877s][info][gc             ] GC(93) Pause Young (Allocation Failure) 480M->480M(545M) 16.287ms
[2.877s][info][gc,cpu         ] GC(93) User=0.02s Sys=0.00s Real=0.02s
[2.885s][info][gc,start       ] GC(94) Pause Young (Allocation Failure)
[2.904s][info][gc,heap        ] GC(94) PSYoungGen: 41056K(43008K)->39424K(47616K) Eden: 8192K(8192K)->0K(8192K) From: 32864K(34816K)->39424K(39424K)
[2.904s][info][gc,heap        ] GC(94) ParOldGen: 459219K(515072K)->460755K(515072K)
[2.904s][info][gc,metaspace   ] GC(94) Metaspace: 6302K(6528K)->6302K(6528K) NonClass: 5769K(5888K)->5769K(5888K) Class: 533K(640K)->533K(640K)
[2.904s][info][gc             ] GC(94) Pause Young (Allocation Failure) 488M->488M(549M) 19.014ms
[2.904s][info][gc,cpu         ] GC(94) User=0.12s Sys=0.00s Real=0.02s
[2.913s][info][gc,start       ] GC(95) Pause Young (Allocation Failure)
[2.935s][info][gc,heap        ] GC(95) PSYoungGen: 47616K(47616K)->26752K(56320K) Eden: 8192K(8192K)->0K(9728K) From: 39424K(39424K)->26752K(46592K)
[2.935s][info][gc,heap        ] GC(95) ParOldGen: 460755K(515072K)->482011K(515072K)
[2.935s][info][gc,metaspace   ] GC(95) Metaspace: 6302K(6528K)->6302K(6528K) NonClass: 5769K(5888K)->5769K(5888K) Class: 533K(640K)->533K(640K)
[2.935s][info][gc             ] GC(95) Pause Young (Allocation Failure) 496M->496M(558M) 22.294ms
[2.935s][info][gc,cpu         ] GC(95) User=0.12s Sys=0.00s Real=0.02s
[2.946s][info][gc,start       ] GC(96) Pause Young (Allocation Failure)
[2.965s][info][gc,heap        ] GC(96) PSYoungGen: 36480K(56320K)->18016K(28160K) Eden: 9728K(9728K)->0K(9728K) From: 26752K(46592K)->18016K(18432K)
[2.965s][info][gc,heap        ] GC(96) ParOldGen: 482011K(515072K)->500699K(515072K)
[2.965s][info][gc,metaspace   ] GC(96) Metaspace: 6302K(6528K)->6302K(6528K) NonClass: 5769K(5888K)->5769K(5888K) Class: 533K(640K)->533K(640K)
[2.965s][info][gc             ] GC(96) Pause Young (Allocation Failure) 506M->506M(530M) 18.671ms
[2.965s][info][gc,cpu         ] GC(96) User=0.11s Sys=0.02s Real=0.02s
[2.965s][info][gc,start       ] GC(97) Pause Full (Ergonomics)
[2.965s][info][gc,phases,start] GC(97) Marking Phase
[3.073s][info][gc,phases      ] GC(97) Marking Phase 108.080ms
[3.073s][info][gc,phases,start] GC(97) Summary Phase
[3.073s][info][gc,phases      ] GC(97) Summary Phase 0.020ms
[3.073s][info][gc,phases,start] GC(97) Adjust Roots
[3.073s][info][gc,phases      ] GC(97) Adjust Roots 0.152ms
[3.073s][info][gc,phases,start] GC(97) Compaction Phase
[3.125s][info][gc,phases      ] GC(97) Compaction Phase 51.129ms
[3.125s][info][gc,phases,start] GC(97) Post Compact
[3.127s][info][gc,phases      ] GC(97) Post Compact 2.627ms
[3.128s][info][gc,heap        ] GC(97) PSYoungGen: 18016K(28160K)->3040K(28160K) Eden: 0K(9728K)->0K(9728K) From: 18016K(18432K)->3040K(18432K)
[3.128s][info][gc,heap        ] GC(97) ParOldGen: 500699K(515072K)->514861K(580608K)
[3.128s][info][gc,metaspace   ] GC(97) Metaspace: 6302K(6528K)->6302K(6528K) NonClass: 5769K(5888K)->5769K(5888K) Class: 533K(640K)->533K(640K)
[3.128s][info][gc             ] GC(97) Pause Full (Ergonomics) 506M->505M(594M) 162.602ms
[3.128s][info][gc,cpu         ] GC(97) User=1.03s Sys=0.00s Real=0.16s
[3.138s][info][gc,start       ] GC(98) Pause Young (Allocation Failure)
[3.167s][info][gc,heap        ] GC(98) PSYoungGen: 12768K(28160K)->9856K(52736K) Eden: 9728K(9728K)->0K(10752K) From: 3040K(18432K)->9856K(41984K)
[3.167s][info][gc,heap        ] GC(98) ParOldGen: 514861K(580608K)->517973K(580608K)
[3.167s][info][gc,metaspace   ] GC(98) Metaspace: 6302K(6528K)->6302K(6528K) NonClass: 5769K(5888K)->5769K(5888K) Class: 533K(640K)->533K(640K)
[3.167s][info][gc             ] GC(98) Pause Young (Allocation Failure) 515M->515M(618M) 28.446ms
[3.167s][info][gc,cpu         ] GC(98) User=0.14s Sys=0.00s Real=0.03s
[3.179s][info][gc,start       ] GC(99) Pause Young (Allocation Failure)
[3.191s][info][gc,heap        ] GC(99) PSYoungGen: 20608K(52736K)->10912K(54272K) Eden: 10752K(10752K)->0K(10752K) From: 9856K(41984K)->10912K(43520K)
[3.191s][info][gc,heap        ] GC(99) ParOldGen: 517973K(580608K)->527837K(580608K)
[3.191s][info][gc,metaspace   ] GC(99) Metaspace: 6302K(6528K)->6302K(6528K) NonClass: 5769K(5888K)->5769K(5888K) Class: 533K(640K)->533K(640K)
[3.191s][info][gc             ] GC(99) Pause Young (Allocation Failure) 525M->526M(620M) 12.418ms
[3.191s][info][gc,cpu         ] GC(99) User=0.00s Sys=0.00s Real=0.01s
[3.203s][info][gc,start       ] GC(100) Pause Young (Allocation Failure)
[3.216s][info][gc,heap        ] GC(100) PSYoungGen: 21664K(54272K)->10848K(52224K) Eden: 10752K(10752K)->0K(12288K) From: 10912K(43520K)->10848K(39936K)
[3.216s][info][gc,heap        ] GC(100) ParOldGen: 527837K(580608K)->538741K(580608K)
[3.216s][info][gc,metaspace   ] GC(100) Metaspace: 6302K(6528K)->6302K(6528K) NonClass: 5769K(5888K)->5769K(5888K) Class: 533K(640K)->533K(640K)
[3.216s][info][gc             ] GC(100) Pause Young (Allocation Failure) 536M->536M(618M) 12.602ms
[3.216s][info][gc,cpu         ] GC(100) User=0.02s Sys=0.00s Real=0.01s
[3.230s][info][gc,start       ] GC(101) Pause Young (Allocation Failure)
[3.244s][info][gc,heap        ] GC(101) PSYoungGen: 23136K(52224K)->12416K(53248K) Eden: 12288K(12288K)->0K(12288K) From: 10848K(39936K)->12416K(40960K)
[3.244s][info][gc,heap        ] GC(101) ParOldGen: 538741K(580608K)->549653K(580608K)
[3.244s][info][gc,metaspace   ] GC(101) Metaspace: 6302K(6528K)->6302K(6528K) NonClass: 5769K(5888K)->5769K(5888K) Class: 533K(640K)->533K(640K)
[3.244s][info][gc             ] GC(101) Pause Young (Allocation Failure) 548M->548M(619M) 13.752ms
[3.244s][info][gc,cpu         ] GC(101) User=0.00s Sys=0.02s Real=0.01s
[3.257s][info][gc,start       ] GC(102) Pause Young (Allocation Failure)
[3.272s][info][gc,heap        ] GC(102) PSYoungGen: 24704K(53248K)->12416K(50176K) Eden: 12288K(12288K)->0K(13824K) From: 12416K(40960K)->12416K(36352K)
[3.272s][info][gc,heap        ] GC(102) ParOldGen: 549653K(580608K)->562109K(580608K)
[3.272s][info][gc,metaspace   ] GC(102) Metaspace: 6302K(6528K)->6302K(6528K) NonClass: 5769K(5888K)->5769K(5888K) Class: 533K(640K)->533K(640K)
[3.272s][info][gc             ] GC(102) Pause Young (Allocation Failure) 560M->561M(616M) 14.226ms
[3.272s][info][gc,cpu         ] GC(102) User=0.02s Sys=0.00s Real=0.01s
[3.272s][info][gc,start       ] GC(103) Pause Full (Ergonomics)
[3.272s][info][gc,phases,start] GC(103) Marking Phase
[3.398s][info][gc,phases      ] GC(103) Marking Phase 125.938ms
[3.398s][info][gc,phases,start] GC(103) Summary Phase
[3.398s][info][gc,phases      ] GC(103) Summary Phase 0.026ms
[3.398s][info][gc,phases,start] GC(103) Adjust Roots
[3.398s][info][gc,phases      ] GC(103) Adjust Roots 0.165ms
[3.398s][info][gc,phases,start] GC(103) Compaction Phase
[3.446s][info][gc,phases      ] GC(103) Compaction Phase 48.365ms
[3.446s][info][gc,phases,start] GC(103) Post Compact
[3.447s][info][gc,phases      ] GC(103) Post Compact 0.819ms
[3.447s][info][gc,heap        ] GC(103) PSYoungGen: 12416K(50176K)->0K(51712K) Eden: 0K(13824K)->0K(13824K) From: 12416K(36352K)->0K(37888K)
[3.447s][info][gc,heap        ] GC(103) ParOldGen: 562109K(580608K)->573553K(642560K)
[3.447s][info][gc,metaspace   ] GC(103) Metaspace: 6302K(6528K)->6302K(6528K) NonClass: 5769K(5888K)->5769K(5888K) Class: 533K(640K)->533K(640K)
[3.448s][info][gc             ] GC(103) Pause Full (Ergonomics) 561M->560M(678M) 175.783ms
[3.448s][info][gc,cpu         ] GC(103) User=1.16s Sys=0.02s Real=0.18s
[3.463s][info][gc,start       ] GC(104) Pause Young (Allocation Failure)
[3.474s][info][gc,heap        ] GC(104) PSYoungGen: 13824K(51712K)->13920K(49152K) Eden: 13824K(13824K)->0K(15360K) From: 0K(37888K)->13920K(33792K)
[3.474s][info][gc,heap        ] GC(104) ParOldGen: 573553K(642560K)->573553K(642560K)
[3.474s][info][gc,metaspace   ] GC(104) Metaspace: 6302K(6528K)->6302K(6528K) NonClass: 5769K(5888K)->5769K(5888K) Class: 533K(640K)->533K(640K)
[3.474s][info][gc             ] GC(104) Pause Young (Allocation Failure) 573M->573M(675M) 10.854ms
[3.474s][info][gc,cpu         ] GC(104) User=0.00s Sys=0.00s Real=0.01s
[3.491s][info][gc,start       ] GC(105) Pause Young (Allocation Failure)
[3.507s][info][gc,heap        ] GC(105) PSYoungGen: 29280K(49152K)->29312K(51200K) Eden: 15360K(15360K)->0K(15360K) From: 13920K(33792K)->29312K(35840K)
[3.507s][info][gc,heap        ] GC(105) ParOldGen: 573553K(642560K)->573553K(642560K)
[3.507s][info][gc,metaspace   ] GC(105) Metaspace: 6302K(6528K)->6302K(6528K) NonClass: 5769K(5888K)->5769K(5888K) Class: 533K(640K)->533K(640K)
[3.507s][info][gc             ] GC(105) Pause Young (Allocation Failure) 588M->588M(677M) 15.796ms
[3.507s][info][gc,cpu         ] GC(105) User=0.02s Sys=0.00s Real=0.02s
[3.524s][info][gc,start       ] GC(106) Pause Young (Allocation Failure)
[3.547s][info][gc,heap        ] GC(106) PSYoungGen: 44672K(51200K)->38912K(47616K) Eden: 15360K(15360K)->0K(8704K) From: 29312K(35840K)->38912K(38912K)
[3.547s][info][gc,heap        ] GC(106) ParOldGen: 573553K(642560K)->579289K(642560K)
[3.547s][info][gc,metaspace   ] GC(106) Metaspace: 6302K(6528K)->6302K(6528K) NonClass: 5769K(5888K)->5769K(5888K) Class: 533K(640K)->533K(640K)
[3.547s][info][gc             ] GC(106) Pause Young (Allocation Failure) 603M->603M(674M) 22.766ms
[3.547s][info][gc,cpu         ] GC(106) User=0.11s Sys=0.02s Real=0.02s
[3.558s][info][gc,start       ] GC(107) Pause Young (Allocation Failure)
[3.581s][info][gc,heap        ] GC(107) PSYoungGen: 47616K(47616K)->22560K(31744K) Eden: 8704K(8704K)->0K(8704K) From: 38912K(38912K)->22560K(23040K)
[3.581s][info][gc,heap        ] GC(107) ParOldGen: 579289K(642560K)->604785K(642560K)
[3.581s][info][gc,metaspace   ] GC(107) Metaspace: 6302K(6528K)->6302K(6528K) NonClass: 5769K(5888K)->5769K(5888K) Class: 533K(640K)->533K(640K)
[3.581s][info][gc             ] GC(107) Pause Young (Allocation Failure) 612M->612M(658M) 23.315ms
[3.581s][info][gc,cpu         ] GC(107) User=0.11s Sys=0.02s Real=0.02s
[3.592s][info][gc,start       ] GC(108) Pause Young (Allocation Failure)
[3.608s][info][gc,heap        ] GC(108) PSYoungGen: 31264K(31744K)->17536K(51200K) Eden: 8704K(8704K)->0K(10240K) From: 22560K(23040K)->17536K(40960K)
[3.608s][info][gc,heap        ] GC(108) ParOldGen: 604785K(642560K)->618737K(642560K)
[3.608s][info][gc,metaspace   ] GC(108) Metaspace: 6302K(6528K)->6302K(6528K) NonClass: 5769K(5888K)->5769K(5888K) Class: 533K(640K)->533K(640K)
[3.608s][info][gc             ] GC(108) Pause Young (Allocation Failure) 621M->621M(677M) 16.739ms
[3.608s][info][gc,cpu         ] GC(108) User=0.03s Sys=0.00s Real=0.02s
[3.609s][info][gc,start       ] GC(109) Pause Full (Ergonomics)
[3.609s][info][gc,phases,start] GC(109) Marking Phase
[3.748s][info][gc,phases      ] GC(109) Marking Phase 139.675ms
[3.748s][info][gc,phases,start] GC(109) Summary Phase
[3.748s][info][gc,phases      ] GC(109) Summary Phase 0.033ms
[3.748s][info][gc,phases,start] GC(109) Adjust Roots
[3.748s][info][gc,phases      ] GC(109) Adjust Roots 0.148ms
[3.749s][info][gc,phases,start] GC(109) Compaction Phase
[3.798s][info][gc,phases      ] GC(109) Compaction Phase 49.355ms
[3.798s][info][gc,phases,start] GC(109) Post Compact
[3.799s][info][gc,phases      ] GC(109) Post Compact 1.002ms
[3.799s][info][gc,heap        ] GC(109) PSYoungGen: 17536K(51200K)->0K(53248K) Eden: 0K(10240K)->0K(10240K) From: 17536K(40960K)->0K(43008K)
[3.799s][info][gc,heap        ] GC(109) ParOldGen: 618737K(642560K)->635352K(712704K)
[3.799s][info][gc,metaspace   ] GC(109) Metaspace: 6302K(6528K)->6302K(6528K) NonClass: 5769K(5888K)->5769K(5888K) Class: 533K(640K)->533K(640K)
[3.799s][info][gc             ] GC(109) Pause Full (Ergonomics) 621M->620M(748M) 190.723ms
[3.799s][info][gc,cpu         ] GC(109) User=1.31s Sys=0.02s Real=0.19s
[3.812s][info][gc,start       ] GC(110) Pause Young (Allocation Failure)
[3.821s][info][gc,heap        ] GC(110) PSYoungGen: 10240K(53248K)->10336K(52736K) Eden: 10240K(10240K)->0K(11264K) From: 0K(43008K)->10336K(41472K)
[3.821s][info][gc,heap        ] GC(110) ParOldGen: 635352K(712704K)->635352K(712704K)
[3.821s][info][gc,metaspace   ] GC(110) Metaspace: 6302K(6528K)->6302K(6528K) NonClass: 5769K(5888K)->5769K(5888K) Class: 533K(640K)->533K(640K)
[3.821s][info][gc             ] GC(110) Pause Young (Allocation Failure) 630M->630M(747M) 9.230ms
[3.821s][info][gc,cpu         ] GC(110) User=0.02s Sys=0.00s Real=0.01s
[3.834s][info][gc,start       ] GC(111) Pause Young (Allocation Failure)
[3.847s][info][gc,heap        ] GC(111) PSYoungGen: 21600K(52736K)->21568K(53760K) Eden: 11264K(11264K)->0K(11264K) From: 10336K(41472K)->21568K(42496K)
[3.847s][info][gc,heap        ] GC(111) ParOldGen: 635352K(712704K)->635352K(712704K)
[3.847s][info][gc,metaspace   ] GC(111) Metaspace: 6302K(6528K)->6302K(6528K) NonClass: 5769K(5888K)->5769K(5888K) Class: 533K(640K)->533K(640K)
[3.847s][info][gc             ] GC(111) Pause Young (Allocation Failure) 641M->641M(748M) 12.990ms
[3.848s][info][gc,cpu         ] GC(111) User=0.00s Sys=0.00s Real=0.01s
[3.860s][info][gc,start       ] GC(112) Pause Young (Allocation Failure)
[3.877s][info][gc,heap        ] GC(112) PSYoungGen: 32832K(53760K)->32896K(50688K) Eden: 11264K(11264K)->0K(9728K) From: 21568K(42496K)->32896K(40960K)
[3.877s][info][gc,heap        ] GC(112) ParOldGen: 635352K(712704K)->635352K(712704K)
[3.877s][info][gc,metaspace   ] GC(112) Metaspace: 6302K(6528K)->6302K(6528K) NonClass: 5769K(5888K)->5769K(5888K) Class: 533K(640K)->533K(640K)
[3.877s][info][gc             ] GC(112) Pause Young (Allocation Failure) 652M->652M(745M) 17.035ms
[3.877s][info][gc,cpu         ] GC(112) User=0.03s Sys=0.00s Real=0.02s
[3.889s][info][gc,start       ] GC(113) Pause Young (Allocation Failure)
[3.910s][info][gc,heap        ] GC(113) PSYoungGen: 42624K(50688K)->42592K(53760K) Eden: 9728K(9728K)->0K(9728K) From: 32896K(40960K)->42592K(44032K)
[3.910s][info][gc,heap        ] GC(113) ParOldGen: 635352K(712704K)->635352K(712704K)
[3.910s][info][gc,metaspace   ] GC(113) Metaspace: 6302K(6528K)->6302K(6528K) NonClass: 5769K(5888K)->5769K(5888K) Class: 533K(640K)->533K(640K)
[3.910s][info][gc             ] GC(113) Pause Young (Allocation Failure) 662M->662M(748M) 20.919ms
[3.910s][info][gc,cpu         ] GC(113) User=0.11s Sys=0.00s Real=0.02s
[3.922s][info][gc,start       ] GC(114) Pause Young (Allocation Failure)
[3.948s][info][gc,heap        ] GC(114) PSYoungGen: 52320K(53760K)->49664K(52736K) Eden: 9728K(9728K)->0K(3072K) From: 42592K(44032K)->49664K(49664K)
[3.948s][info][gc,heap        ] GC(114) ParOldGen: 635352K(712704K)->637944K(712704K)
[3.948s][info][gc,metaspace   ] GC(114) Metaspace: 6302K(6528K)->6302K(6528K) NonClass: 5769K(5888K)->5769K(5888K) Class: 533K(640K)->533K(640K)
[3.948s][info][gc             ] GC(114) Pause Young (Allocation Failure) 671M->671M(747M) 25.774ms
[3.948s][info][gc,cpu         ] GC(114) User=0.12s Sys=0.02s Real=0.03s
[3.952s][info][gc,start       ] GC(115) Pause Young (Allocation Failure)
[3.976s][info][gc,heap        ] GC(115) PSYoungGen: 52735K(52736K)->32512K(60928K) Eden: 3071K(3072K)->0K(3072K) From: 49664K(49664K)->32512K(57856K)
[3.976s][info][gc,heap        ] GC(115) ParOldGen: 637944K(712704K)->658576K(712704K)
[3.976s][info][gc,metaspace   ] GC(115) Metaspace: 6302K(6528K)->6302K(6528K) NonClass: 5769K(5888K)->5769K(5888K) Class: 533K(640K)->533K(640K)
[3.976s][info][gc             ] GC(115) Pause Young (Allocation Failure) 674M->674M(755M) 24.306ms
[3.976s][info][gc,cpu         ] GC(115) User=0.09s Sys=0.05s Real=0.02s
[3.980s][info][gc,start       ] GC(116) Pause Young (Allocation Failure)
[3.998s][info][gc,heap        ] GC(116) PSYoungGen: 35584K(60928K)->15616K(59392K) Eden: 3072K(3072K)->0K(4096K) From: 32512K(57856K)->15616K(55296K)
[3.998s][info][gc,heap        ] GC(116) ParOldGen: 658576K(712704K)->678840K(712704K)
[3.998s][info][gc,metaspace   ] GC(116) Metaspace: 6302K(6528K)->6302K(6528K) NonClass: 5769K(5888K)->5769K(5888K) Class: 533K(640K)->533K(640K)
[3.998s][info][gc             ] GC(116) Pause Young (Allocation Failure) 677M->678M(754M) 17.500ms
[3.998s][info][gc,cpu         ] GC(116) User=0.12s Sys=0.00s Real=0.02s
[4.003s][info][gc,start       ] GC(117) Pause Young (Allocation Failure)
[4.014s][info][gc,heap        ] GC(117) PSYoungGen: 19712K(59392K)->7264K(60416K) Eden: 4096K(4096K)->0K(4096K) From: 15616K(55296K)->7264K(56320K)
[4.014s][info][gc,heap        ] GC(117) ParOldGen: 678840K(712704K)->691384K(712704K)
[4.014s][info][gc,metaspace   ] GC(117) Metaspace: 6302K(6528K)->6302K(6528K) NonClass: 5769K(5888K)->5769K(5888K) Class: 533K(640K)->533K(640K)
[4.014s][info][gc             ] GC(117) Pause Young (Allocation Failure) 682M->682M(755M) 11.080ms
[4.014s][info][gc,cpu         ] GC(117) User=0.02s Sys=0.00s Real=0.01s
[4.014s][info][gc,start       ] GC(118) Pause Full (Ergonomics)
[4.014s][info][gc,phases,start] GC(118) Marking Phase
[4.161s][info][gc,phases      ] GC(118) Marking Phase 147.214ms
[4.161s][info][gc,phases,start] GC(118) Summary Phase
[4.161s][info][gc,phases      ] GC(118) Summary Phase 0.031ms
[4.161s][info][gc,phases,start] GC(118) Adjust Roots
[4.162s][info][gc,phases      ] GC(118) Adjust Roots 0.161ms
[4.162s][info][gc,phases,start] GC(118) Compaction Phase
[4.218s][info][gc,phases      ] GC(118) Compaction Phase 55.859ms
[4.218s][info][gc,phases,start] GC(118) Post Compact
[4.219s][info][gc,phases      ] GC(118) Post Compact 1.012ms
[4.219s][info][gc,heap        ] GC(118) PSYoungGen: 7264K(60416K)->0K(61440K) Eden: 0K(4096K)->0K(5120K) From: 7264K(56320K)->0K(56320K)
[4.219s][info][gc,heap        ] GC(118) ParOldGen: 691384K(712704K)->697573K(783360K)
[4.219s][info][gc,metaspace   ] GC(118) Metaspace: 6302K(6528K)->6302K(6528K) NonClass: 5769K(5888K)->5769K(5888K) Class: 533K(640K)->533K(640K)
[4.219s][info][gc             ] GC(118) Pause Full (Ergonomics) 682M->681M(825M) 204.766ms
[4.219s][info][gc,cpu         ] GC(118) User=1.52s Sys=0.00s Real=0.20s
[4.226s][info][gc,start       ] GC(119) Pause Young (Allocation Failure)
[4.233s][info][gc,heap        ] GC(119) PSYoungGen: 5120K(61440K)->5280K(61440K) Eden: 5120K(5120K)->0K(5120K) From: 0K(56320K)->5280K(56320K)
[4.233s][info][gc,heap        ] GC(119) ParOldGen: 697573K(783360K)->697573K(783360K)
[4.233s][info][gc,metaspace   ] GC(119) Metaspace: 6302K(6528K)->6302K(6528K) NonClass: 5769K(5888K)->5769K(5888K) Class: 533K(640K)->533K(640K)
[4.233s][info][gc             ] GC(119) Pause Young (Allocation Failure) 686M->686M(825M) 6.664ms
[4.233s][info][gc,cpu         ] GC(119) User=0.00s Sys=0.00s Real=0.01s
[4.349s][info][gc,start       ] GC(120) Pause Young (Allocation Failure)
[4.374s][info][gc,heap        ] GC(120) PSYoungGen: 10400K(61440K)->5216K(59904K) Eden: 5120K(5120K)->0K(5632K) From: 5280K(56320K)->5216K(54272K)
[4.374s][info][gc,heap        ] GC(120) ParOldGen: 730341K(783360K)->735525K(783360K)
[4.374s][info][gc,metaspace   ] GC(120) Metaspace: 6302K(6528K)->6302K(6528K) NonClass: 5769K(5888K)->5769K(5888K) Class: 533K(640K)->533K(640K)
[4.374s][info][gc             ] GC(120) Pause Young (Allocation Failure) 723M->723M(823M) 24.219ms
[4.374s][info][gc,cpu         ] GC(120) User=0.12s Sys=0.00s Real=0.02s
[4.379s][info][gc,start       ] GC(121) Pause Young (Allocation Failure)
[4.390s][info][gc,heap        ] GC(121) PSYoungGen: 10848K(59904K)->10816K(16896K) Eden: 5632K(5632K)->0K(5632K) From: 5216K(54272K)->10816K(11264K)
[4.390s][info][gc,heap        ] GC(121) ParOldGen: 735525K(783360K)->735525K(783360K)
[4.390s][info][gc,metaspace   ] GC(121) Metaspace: 6302K(6528K)->6302K(6528K) NonClass: 5769K(5888K)->5769K(5888K) Class: 533K(640K)->533K(640K)
[4.390s][info][gc             ] GC(121) Pause Young (Allocation Failure) 728M->728M(781M) 10.890ms
[4.390s][info][gc,cpu         ] GC(121) User=0.00s Sys=0.00s Real=0.01s
[4.396s][info][gc,start       ] GC(122) Pause Young (Allocation Failure)
[4.409s][info][gc,heap        ] GC(122) PSYoungGen: 16448K(16896K)->11360K(55808K) Eden: 5632K(5632K)->0K(6656K) From: 10816K(11264K)->11360K(49152K)
[4.409s][info][gc,heap        ] GC(122) ParOldGen: 735525K(783360K)->740717K(783360K)
[4.409s][info][gc,metaspace   ] GC(122) Metaspace: 6302K(6528K)->6302K(6528K) NonClass: 5769K(5888K)->5769K(5888K) Class: 533K(640K)->533K(640K)
[4.410s][info][gc             ] GC(122) Pause Young (Allocation Failure) 734M->734M(819M) 13.653ms
[4.410s][info][gc,cpu         ] GC(122) User=0.00s Sys=0.00s Real=0.01s
[4.416s][info][gc,start       ] GC(123) Pause Young (Allocation Failure)
[4.430s][info][gc,heap        ] GC(123) PSYoungGen: 18016K(55808K)->12384K(19456K) Eden: 6656K(6656K)->0K(6656K) From: 11360K(49152K)->12384K(12800K)
[4.430s][info][gc,heap        ] GC(123) ParOldGen: 740717K(783360K)->746445K(783360K)
[4.430s][info][gc,metaspace   ] GC(123) Metaspace: 6302K(6528K)->6302K(6528K) NonClass: 5769K(5888K)->5769K(5888K) Class: 533K(640K)->533K(640K)
[4.430s][info][gc             ] GC(123) Pause Young (Allocation Failure) 740M->741M(784M) 13.439ms
[4.430s][info][gc,cpu         ] GC(123) User=0.02s Sys=0.00s Real=0.01s
[4.437s][info][gc,start       ] GC(124) Pause Young (Allocation Failure)
[4.450s][info][gc,heap        ] GC(124) PSYoungGen: 19040K(19456K)->13376K(51712K) Eden: 6656K(6656K)->0K(7680K) From: 12384K(12800K)->13376K(44032K)
[4.450s][info][gc,heap        ] GC(124) ParOldGen: 746445K(783360K)->752173K(783360K)
[4.450s][info][gc,metaspace   ] GC(124) Metaspace: 6302K(6528K)->6302K(6528K) NonClass: 5769K(5888K)->5769K(5888K) Class: 533K(640K)->533K(640K)
[4.450s][info][gc             ] GC(124) Pause Young (Allocation Failure) 747M->747M(815M) 13.162ms
[4.450s][info][gc,cpu         ] GC(124) User=0.02s Sys=0.00s Real=0.01s
[4.458s][info][gc,start       ] GC(125) Pause Young (Allocation Failure)
[4.472s][info][gc,heap        ] GC(125) PSYoungGen: 21056K(51712K)->7776K(54272K) Eden: 7680K(7680K)->0K(7680K) From: 13376K(44032K)->7776K(46592K)
[4.472s][info][gc,heap        ] GC(125) ParOldGen: 752173K(783360K)->765653K(783360K)
[4.473s][info][gc,metaspace   ] GC(125) Metaspace: 6302K(6528K)->6302K(6528K) NonClass: 5769K(5888K)->5769K(5888K) Class: 533K(640K)->533K(640K)
[4.473s][info][gc             ] GC(125) Pause Young (Allocation Failure) 755M->755M(818M) 14.730ms
[4.473s][info][gc,cpu         ] GC(125) User=0.00s Sys=0.00s Real=0.02s
[4.473s][info][gc,start       ] GC(126) Pause Full (Ergonomics)
[4.473s][info][gc,phases,start] GC(126) Marking Phase
[4.641s][info][gc,phases      ] GC(126) Marking Phase 168.806ms
[4.641s][info][gc,phases,start] GC(126) Summary Phase
[4.641s][info][gc,phases      ] GC(126) Summary Phase 0.031ms
[4.642s][info][gc,phases,start] GC(126) Adjust Roots
[4.642s][info][gc,phases      ] GC(126) Adjust Roots 0.159ms
[4.642s][info][gc,phases,start] GC(126) Compaction Phase
[4.758s][info][gc,phases      ] GC(126) Compaction Phase 116.216ms
[4.758s][info][gc,phases,start] GC(126) Post Compact
[4.760s][info][gc,phases      ] GC(126) Post Compact 1.530ms
[4.760s][info][gc,heap        ] GC(126) PSYoungGen: 7776K(54272K)->0K(54272K) Eden: 0K(7680K)->0K(8704K) From: 7776K(46592K)->0K(45568K)
[4.760s][info][gc,heap        ] GC(126) ParOldGen: 765653K(783360K)->756247K(841728K)
[4.760s][info][gc,metaspace   ] GC(126) Metaspace: 6302K(6528K)->6302K(6528K) NonClass: 5769K(5888K)->5769K(5888K) Class: 533K(640K)->533K(640K)
[4.760s][info][gc             ] GC(126) Pause Full (Ergonomics) 755M->738M(875M) 287.254ms
[4.760s][info][gc,cpu         ] GC(126) User=1.98s Sys=0.00s Real=0.29s
[4.771s][info][gc,start       ] GC(127) Pause Young (Allocation Failure)
[4.783s][info][gc,heap        ] GC(127) PSYoungGen: 8704K(54272K)->8832K(17920K) Eden: 8704K(8704K)->0K(8704K) From: 0K(45568K)->8832K(9216K)
[4.783s][info][gc,heap        ] GC(127) ParOldGen: 756247K(841728K)->756247K(841728K)
[4.783s][info][gc,metaspace   ] GC(127) Metaspace: 6302K(6528K)->6302K(6528K) NonClass: 5769K(5888K)->5769K(5888K) Class: 533K(640K)->533K(640K)
[4.783s][info][gc             ] GC(127) Pause Young (Allocation Failure) 747M->747M(839M) 11.900ms
[4.783s][info][gc,cpu         ] GC(127) User=0.00s Sys=0.00s Real=0.01s
[4.792s][info][gc,start       ] GC(128) Pause Young (Allocation Failure)
[4.805s][info][gc,heap        ] GC(128) PSYoungGen: 17536K(17920K)->17504K(49664K) Eden: 8704K(8704K)->0K(9728K) From: 8832K(9216K)->17504K(39936K)
[4.805s][info][gc,heap        ] GC(128) ParOldGen: 756247K(841728K)->756247K(841728K)
[4.805s][info][gc,metaspace   ] GC(128) Metaspace: 6302K(6528K)->6302K(6528K) NonClass: 5769K(5888K)->5769K(5888K) Class: 533K(640K)->533K(640K)
[4.805s][info][gc             ] GC(128) Pause Young (Allocation Failure) 755M->755M(870M) 13.224ms
[4.805s][info][gc,cpu         ] GC(128) User=0.02s Sys=0.00s Real=0.01s
[4.815s][info][gc,start       ] GC(129) Pause Young (Allocation Failure)
[4.831s][info][gc,heap        ] GC(129) PSYoungGen: 27232K(49664K)->18496K(51712K) Eden: 9728K(9728K)->0K(9728K) From: 17504K(39936K)->18496K(41984K)
[4.831s][info][gc,heap        ] GC(129) ParOldGen: 756247K(841728K)->765079K(841728K)
[4.831s][info][gc,metaspace   ] GC(129) Metaspace: 6302K(6528K)->6302K(6528K) NonClass: 5769K(5888K)->5769K(5888K) Class: 533K(640K)->533K(640K)
[4.831s][info][gc             ] GC(129) Pause Young (Allocation Failure) 765M->765M(872M) 16.272ms
[4.831s][info][gc,cpu         ] GC(129) User=0.02s Sys=0.00s Real=0.02s
[4.841s][info][gc,start       ] GC(130) Pause Young (Allocation Failure)
[4.858s][info][gc,heap        ] GC(130) PSYoungGen: 28224K(51712K)->19552K(48640K) Eden: 9728K(9728K)->0K(11264K) From: 18496K(41984K)->19552K(37376K)
[4.858s][info][gc,heap        ] GC(130) ParOldGen: 765079K(841728K)->773895K(841728K)
[4.858s][info][gc,metaspace   ] GC(130) Metaspace: 6302K(6528K)->6302K(6528K) NonClass: 5769K(5888K)->5769K(5888K) Class: 533K(640K)->533K(640K)
[4.858s][info][gc             ] GC(130) Pause Young (Allocation Failure) 774M->774M(869M) 16.885ms
[4.858s][info][gc,cpu         ] GC(130) User=0.03s Sys=0.00s Real=0.02s
[4.869s][info][gc,start       ] GC(131) Pause Young (Allocation Failure)
[4.887s][info][gc,heap        ] GC(131) PSYoungGen: 30816K(48640K)->21120K(50176K) Eden: 11264K(11264K)->0K(11264K) From: 19552K(37376K)->21120K(38912K)
[4.887s][info][gc,heap        ] GC(131) ParOldGen: 773895K(841728K)->783767K(841728K)
[4.887s][info][gc,metaspace   ] GC(131) Metaspace: 6302K(6528K)->6302K(6528K) NonClass: 5769K(5888K)->5769K(5888K) Class: 533K(640K)->533K(640K)
[4.887s][info][gc             ] GC(131) Pause Young (Allocation Failure) 785M->786M(871M) 17.750ms
[4.887s][info][gc,cpu         ] GC(131) User=0.02s Sys=0.00s Real=0.02s
[4.898s][info][gc,start       ] GC(132) Pause Young (Allocation Failure)
[4.916s][info][gc,heap        ] GC(132) PSYoungGen: 32384K(50176K)->22624K(51200K) Eden: 11264K(11264K)->0K(12800K) From: 21120K(38912K)->22624K(38400K)
[4.916s][info][gc,heap        ] GC(132) ParOldGen: 783767K(841728K)->793639K(841728K)
[4.916s][info][gc,metaspace   ] GC(132) Metaspace: 6302K(6528K)->6302K(6528K) NonClass: 5769K(5888K)->5769K(5888K) Class: 533K(640K)->533K(640K)
[4.916s][info][gc             ] GC(132) Pause Young (Allocation Failure) 797M->797M(872M) 18.057ms
[4.916s][info][gc,cpu         ] GC(132) User=0.02s Sys=0.00s Real=0.02s
[4.929s][info][gc,start       ] GC(133) Pause Young (Allocation Failure)
[4.948s][info][gc,heap        ] GC(133) PSYoungGen: 35424K(51200K)->12864K(51200K) Eden: 12800K(12800K)->0K(12800K) From: 22624K(38400K)->12864K(38400K)
[4.948s][info][gc,heap        ] GC(133) ParOldGen: 793639K(841728K)->816439K(841728K)
[4.948s][info][gc,metaspace   ] GC(133) Metaspace: 6302K(6528K)->6302K(6528K) NonClass: 5769K(5888K)->5769K(5888K) Class: 533K(640K)->533K(640K)
[4.948s][info][gc             ] GC(133) Pause Young (Allocation Failure) 809M->809M(872M) 19.157ms
[4.948s][info][gc,cpu         ] GC(133) User=0.12s Sys=0.00s Real=0.02s
[4.961s][info][gc,start       ] GC(134) Pause Young (Allocation Failure)
[4.977s][info][gc,heap        ] GC(134) PSYoungGen: 25664K(51200K)->12928K(48640K) Eden: 12800K(12800K)->0K(14336K) From: 12864K(38400K)->12928K(34304K)
[4.977s][info][gc,heap        ] GC(134) ParOldGen: 816439K(841728K)->829407K(841728K)
[4.977s][info][gc,metaspace   ] GC(134) Metaspace: 6302K(6528K)->6302K(6528K) NonClass: 5769K(5888K)->5769K(5888K) Class: 533K(640K)->533K(640K)
[4.977s][info][gc             ] GC(134) Pause Young (Allocation Failure) 822M->822M(869M) 16.125ms
[4.977s][info][gc,cpu         ] GC(134) User=0.00s Sys=0.00s Real=0.02s
[4.977s][info][gc,start       ] GC(135) Pause Full (Ergonomics)
[4.977s][info][gc,phases,start] GC(135) Marking Phase
[5.149s][info][gc,phases      ] GC(135) Marking Phase 171.896ms
[5.149s][info][gc,phases,start] GC(135) Summary Phase
[5.149s][info][gc,phases      ] GC(135) Summary Phase 0.036ms
[5.149s][info][gc,phases,start] GC(135) Adjust Roots
[5.150s][info][gc,phases      ] GC(135) Adjust Roots 0.153ms
[5.150s][info][gc,phases,start] GC(135) Compaction Phase
[5.233s][info][gc,phases      ] GC(135) Compaction Phase 83.801ms
[5.233s][info][gc,phases,start] GC(135) Post Compact
[5.235s][info][gc,phases      ] GC(135) Post Compact 1.484ms
[5.235s][info][gc,heap        ] GC(135) PSYoungGen: 12928K(48640K)->0K(50176K) Eden: 0K(14336K)->0K(14336K) From: 12928K(34304K)->0K(35840K)
[5.235s][info][gc,heap        ] GC(135) ParOldGen: 829407K(841728K)->840976K(936448K)
[5.235s][info][gc,metaspace   ] GC(135) Metaspace: 6302K(6528K)->6302K(6528K) NonClass: 5769K(5888K)->5769K(5888K) Class: 533K(640K)->533K(640K)
[5.236s][info][gc             ] GC(135) Pause Full (Ergonomics) 822M->821M(963M) 258.113ms
[5.236s][info][gc,cpu         ] GC(135) User=1.64s Sys=0.00s Real=0.26s
[5.252s][info][gc,start       ] GC(136) Pause Young (Allocation Failure)
[5.265s][info][gc,heap        ] GC(136) PSYoungGen: 14336K(50176K)->14496K(48128K) Eden: 14336K(14336K)->0K(15872K) From: 0K(35840K)->14496K(32256K)
[5.265s][info][gc,heap        ] GC(136) ParOldGen: 840976K(936448K)->840976K(936448K)
[5.265s][info][gc,metaspace   ] GC(136) Metaspace: 6302K(6528K)->6302K(6528K) NonClass: 5769K(5888K)->5769K(5888K) Class: 533K(640K)->533K(640K)
[5.265s][info][gc             ] GC(136) Pause Young (Allocation Failure) 835M->835M(961M) 13.495ms
[5.265s][info][gc,cpu         ] GC(136) User=0.02s Sys=0.00s Real=0.01s
[5.282s][info][gc,start       ] GC(137) Pause Young (Allocation Failure)
[5.300s][info][gc,heap        ] GC(137) PSYoungGen: 30368K(48128K)->30368K(50176K) Eden: 15872K(15872K)->0K(15872K) From: 14496K(32256K)->30368K(34304K)
[5.300s][info][gc,heap        ] GC(137) ParOldGen: 840976K(936448K)->840976K(936448K)
[5.300s][info][gc,metaspace   ] GC(137) Metaspace: 6302K(6528K)->6302K(6528K) NonClass: 5769K(5888K)->5769K(5888K) Class: 533K(640K)->533K(640K)
[5.300s][info][gc             ] GC(137) Pause Young (Allocation Failure) 850M->850M(963M) 18.155ms
[5.300s][info][gc,cpu         ] GC(137) User=0.03s Sys=0.00s Real=0.02s
[5.319s][info][gc,start       ] GC(138) Pause Young (Allocation Failure)
[5.343s][info][gc,heap        ] GC(138) PSYoungGen: 46240K(50176K)->37888K(47104K) Eden: 15872K(15872K)->0K(9216K) From: 30368K(34304K)->37888K(37888K)
[5.343s][info][gc,heap        ] GC(138) ParOldGen: 840976K(936448K)->849288K(936448K)
[5.343s][info][gc,metaspace   ] GC(138) Metaspace: 6302K(6528K)->6302K(6528K) NonClass: 5769K(5888K)->5769K(5888K) Class: 533K(640K)->533K(640K)
[5.343s][info][gc             ] GC(138) Pause Young (Allocation Failure) 866M->866M(960M) 23.735ms
[5.343s][info][gc,cpu         ] GC(138) User=0.11s Sys=0.00s Real=0.02s
[5.352s][info][gc,start       ] GC(139) Pause Young (Allocation Failure)
[5.375s][info][gc,heap        ] GC(139) PSYoungGen: 47104K(47104K)->23360K(55808K) Eden: 9216K(9216K)->0K(9216K) From: 37888K(37888K)->23360K(46592K)
[5.375s][info][gc,heap        ] GC(139) ParOldGen: 849288K(936448K)->873464K(936448K)
[5.375s][info][gc,metaspace   ] GC(139) Metaspace: 6302K(6528K)->6302K(6528K) NonClass: 5769K(5888K)->5769K(5888K) Class: 533K(640K)->533K(640K)
[5.375s][info][gc             ] GC(139) Pause Young (Allocation Failure) 875M->875M(969M) 23.325ms
[5.375s][info][gc,cpu         ] GC(139) User=0.08s Sys=0.05s Real=0.02s
[5.386s][info][gc,start       ] GC(140) Pause Young (Allocation Failure)
[5.403s][info][gc,heap        ] GC(140) PSYoungGen: 32576K(55808K)->18560K(51712K) Eden: 9216K(9216K)->0K(10752K) From: 23360K(46592K)->18560K(40960K)
[5.403s][info][gc,heap        ] GC(140) ParOldGen: 873464K(936448K)->887680K(936448K)
[5.403s][info][gc,metaspace   ] GC(140) Metaspace: 6302K(6528K)->6302K(6528K) NonClass: 5769K(5888K)->5769K(5888K) Class: 533K(640K)->533K(640K)
[5.403s][info][gc             ] GC(140) Pause Young (Allocation Failure) 884M->885M(965M) 17.712ms
[5.403s][info][gc,cpu         ] GC(140) User=0.05s Sys=0.00s Real=0.02s
[5.415s][info][gc,start       ] GC(141) Pause Young (Allocation Failure)
[5.432s][info][gc,heap        ] GC(141) PSYoungGen: 29312K(51712K)->20064K(31232K) Eden: 10752K(10752K)->0K(10752K) From: 18560K(40960K)->20064K(20480K)
[5.432s][info][gc,heap        ] GC(141) ParOldGen: 887680K(936448K)->897008K(936448K)
[5.433s][info][gc,metaspace   ] GC(141) Metaspace: 6302K(6528K)->6302K(6528K) NonClass: 5769K(5888K)->5769K(5888K) Class: 533K(640K)->533K(640K)
[5.433s][info][gc             ] GC(141) Pause Young (Allocation Failure) 895M->895M(945M) 17.251ms
[5.433s][info][gc,cpu         ] GC(141) User=0.02s Sys=0.00s Real=0.02s
[5.445s][info][gc,start       ] GC(142) Pause Young (Allocation Failure)
[5.462s][info][gc,heap        ] GC(142) PSYoungGen: 30816K(31232K)->21600K(49152K) Eden: 10752K(10752K)->0K(12288K) From: 20064K(20480K)->21600K(36864K)
[5.462s][info][gc,heap        ] GC(142) ParOldGen: 897008K(936448K)->906344K(936448K)
[5.462s][info][gc,metaspace   ] GC(142) Metaspace: 6302K(6528K)->6302K(6528K) NonClass: 5769K(5888K)->5769K(5888K) Class: 533K(640K)->533K(640K)
[5.462s][info][gc             ] GC(142) Pause Young (Allocation Failure) 906M->906M(962M) 17.784ms
[5.462s][info][gc,cpu         ] GC(142) User=0.03s Sys=0.00s Real=0.02s
[5.476s][info][gc,start       ] GC(143) Pause Young (Allocation Failure)
[5.495s][info][gc,heap        ] GC(143) PSYoungGen: 33888K(49152K)->23168K(51200K) Eden: 12288K(12288K)->0K(12288K) From: 21600K(36864K)->23168K(38912K)
[5.495s][info][gc,heap        ] GC(143) ParOldGen: 906344K(936448K)->917240K(936448K)
[5.495s][info][gc,metaspace   ] GC(143) Metaspace: 6302K(6528K)->6302K(6528K) NonClass: 5769K(5888K)->5769K(5888K) Class: 533K(640K)->533K(640K)
[5.495s][info][gc             ] GC(143) Pause Young (Allocation Failure) 918M->918M(964M) 18.623ms
[5.495s][info][gc,cpu         ] GC(143) User=0.03s Sys=0.00s Real=0.02s
[5.495s][info][gc,start       ] GC(144) Pause Full (Ergonomics)
[5.495s][info][gc,phases,start] GC(144) Marking Phase
[5.698s][info][gc,phases      ] GC(144) Marking Phase 203.277ms
[5.698s][info][gc,phases,start] GC(144) Summary Phase
[5.698s][info][gc,phases      ] GC(144) Summary Phase 0.023ms
[5.698s][info][gc,phases,start] GC(144) Adjust Roots
[5.698s][info][gc,phases      ] GC(144) Adjust Roots 0.150ms
[5.698s][info][gc,phases,start] GC(144) Compaction Phase
[5.783s][info][gc,phases      ] GC(144) Compaction Phase 84.741ms
[5.783s][info][gc,phases,start] GC(144) Post Compact
[5.785s][info][gc,phases      ] GC(144) Post Compact 1.465ms
[5.785s][info][gc,heap        ] GC(144) PSYoungGen: 23168K(51200K)->3050K(51200K) Eden: 0K(12288K)->0K(12288K) From: 23168K(38912K)->3050K(38912K)
[5.785s][info][gc,heap        ] GC(144) ParOldGen: 917240K(936448K)->935978K(1037312K)
[5.785s][info][gc,metaspace   ] GC(144) Metaspace: 6302K(6528K)->6302K(6528K) NonClass: 5769K(5888K)->5769K(5888K) Class: 533K(640K)->533K(640K)
[5.785s][info][gc             ] GC(144) Pause Full (Ergonomics) 918M->917M(1063M) 290.285ms
[5.785s][info][gc,cpu         ] GC(144) User=2.00s Sys=0.03s Real=0.29s
[5.799s][info][gc,start       ] GC(145) Pause Young (Allocation Failure)
[5.846s][info][gc,heap        ] GC(145) PSYoungGen: 15338K(51200K)->13984K(51200K) Eden: 12288K(12288K)->0K(13824K) From: 3050K(38912K)->13984K(37376K)
[5.846s][info][gc,heap        ] GC(145) ParOldGen: 935978K(1037312K)->937530K(1037312K)
[5.846s][info][gc,metaspace   ] GC(145) Metaspace: 6302K(6528K)->6302K(6528K) NonClass: 5769K(5888K)->5769K(5888K) Class: 533K(640K)->533K(640K)
[5.846s][info][gc             ] GC(145) Pause Young (Allocation Failure) 929M->929M(1063M) 46.623ms
[5.846s][info][gc,cpu         ] GC(145) User=0.27s Sys=0.00s Real=0.05s
[5.862s][info][gc,start       ] GC(146) Pause Young (Allocation Failure)
[5.880s][info][gc,heap        ] GC(146) PSYoungGen: 27808K(51200K)->27808K(51712K) Eden: 13824K(13824K)->0K(13824K) From: 13984K(37376K)->27808K(37888K)
[5.880s][info][gc,heap        ] GC(146) ParOldGen: 937530K(1037312K)->937530K(1037312K)
[5.880s][info][gc,metaspace   ] GC(146) Metaspace: 6302K(6528K)->6302K(6528K) NonClass: 5769K(5888K)->5769K(5888K) Class: 533K(640K)->533K(640K)
[5.880s][info][gc             ] GC(146) Pause Young (Allocation Failure) 942M->942M(1063M) 18.214ms
[5.880s][info][gc,cpu         ] GC(146) User=0.03s Sys=0.00s Real=0.02s
[5.896s][info][gc,start       ] GC(147) Pause Young (Allocation Failure)
[5.917s][info][gc,heap        ] GC(147) PSYoungGen: 41632K(51712K)->38912K(48640K) Eden: 13824K(13824K)->0K(9728K) From: 27808K(37888K)->38912K(38912K)
[5.917s][info][gc,heap        ] GC(147) ParOldGen: 937530K(1037312K)->940162K(1037312K)
[5.917s][info][gc,metaspace   ] GC(147) Metaspace: 6302K(6528K)->6302K(6528K) NonClass: 5769K(5888K)->5769K(5888K) Class: 533K(640K)->533K(640K)
[5.918s][info][gc             ] GC(147) Pause Young (Allocation Failure) 956M->956M(1060M) 22.004ms
[5.918s][info][gc,cpu         ] GC(147) User=0.12s Sys=0.00s Real=0.02s
[5.928s][info][gc,start       ] GC(148) Pause Young (Allocation Failure)
[5.952s][info][gc,heap        ] GC(148) PSYoungGen: 48640K(48640K)->36352K(54272K) Eden: 9728K(9728K)->0K(9728K) From: 38912K(38912K)->36352K(44544K)
[5.952s][info][gc,heap        ] GC(148) ParOldGen: 940162K(1037312K)->952730K(1037312K)
[5.952s][info][gc,metaspace   ] GC(148) Metaspace: 6302K(6528K)->6302K(6528K) NonClass: 5769K(5888K)->5769K(5888K) Class: 533K(640K)->533K(640K)
[5.952s][info][gc             ] GC(148) Pause Young (Allocation Failure) 965M->965M(1066M) 24.415ms
[5.952s][info][gc,cpu         ] GC(148) User=0.08s Sys=0.05s Real=0.02s
[5.963s][info][gc,start       ] GC(149) Pause Young (Allocation Failure)
[5.986s][info][gc,heap        ] GC(149) PSYoungGen: 46080K(54272K)->32512K(58368K) Eden: 9728K(9728K)->0K(10752K) From: 36352K(44544K)->32512K(47616K)
[5.986s][info][gc,heap        ] GC(149) ParOldGen: 952730K(1037312K)->966450K(1037312K)
[5.986s][info][gc,metaspace   ] GC(149) Metaspace: 6302K(6528K)->6302K(6528K) NonClass: 5769K(5888K)->5769K(5888K) Class: 533K(640K)->533K(640K)
[5.986s][info][gc             ] GC(149) Pause Young (Allocation Failure) 975M->975M(1070M) 23.218ms
[5.986s][info][gc,cpu         ] GC(149) User=0.12s Sys=0.00s Real=0.02s
[5.999s][info][gc,start       ] GC(150) Pause Young (Allocation Failure)
[6.022s][info][gc,heap        ] GC(150) PSYoungGen: 43264K(58368K)->20576K(58880K) Eden: 10752K(10752K)->0K(10752K) From: 32512K(47616K)->20576K(48128K)
[6.022s][info][gc,heap        ] GC(150) ParOldGen: 966450K(1037312K)->989418K(1037312K)
[6.022s][info][gc,metaspace   ] GC(150) Metaspace: 6302K(6528K)->6302K(6528K) NonClass: 5769K(5888K)->5769K(5888K) Class: 533K(640K)->533K(640K)
[6.022s][info][gc             ] GC(150) Pause Young (Allocation Failure) 986M->986M(1070M) 22.977ms
[6.022s][info][gc,cpu         ] GC(150) User=0.14s Sys=0.00s Real=0.02s
[6.034s][info][gc,start       ] GC(151) Pause Young (Allocation Failure)
[6.053s][info][gc,heap        ] GC(151) PSYoungGen: 31328K(58880K)->10880K(58368K) Eden: 10752K(10752K)->0K(11776K) From: 20576K(48128K)->10880K(46592K)
[6.054s][info][gc,heap        ] GC(151) ParOldGen: 989418K(1037312K)->1010138K(1037312K)
[6.054s][info][gc,metaspace   ] GC(151) Metaspace: 6302K(6528K)->6302K(6528K) NonClass: 5769K(5888K)->5769K(5888K) Class: 533K(640K)->533K(640K)
[6.054s][info][gc             ] GC(151) Pause Young (Allocation Failure) 996M->997M(1070M) 19.919ms
[6.054s][info][gc,cpu         ] GC(151) User=0.02s Sys=0.02s Real=0.02s
[6.054s][info][gc,start       ] GC(152) Pause Full (Ergonomics)
[6.054s][info][gc,phases,start] GC(152) Marking Phase
[6.266s][info][gc,phases      ] GC(152) Marking Phase 212.404ms
[6.266s][info][gc,phases,start] GC(152) Summary Phase
[6.266s][info][gc,phases      ] GC(152) Summary Phase 0.029ms
[6.266s][info][gc,phases,start] GC(152) Adjust Roots
[6.266s][info][gc,phases      ] GC(152) Adjust Roots 0.179ms
[6.266s][info][gc,phases,start] GC(152) Compaction Phase
[6.357s][info][gc,phases      ] GC(152) Compaction Phase 90.893ms
[6.357s][info][gc,phases,start] GC(152) Post Compact
[6.359s][info][gc,phases      ] GC(152) Post Compact 1.758ms
[6.360s][info][gc,heap        ] GC(152) PSYoungGen: 10880K(58368K)->0K(58880K) Eden: 0K(11776K)->0K(11776K) From: 10880K(46592K)->0K(47104K)
[6.360s][info][gc,heap        ] GC(152) ParOldGen: 1010138K(1037312K)->1019700K(1136128K)
[6.360s][info][gc,metaspace   ] GC(152) Metaspace: 6302K(6528K)->6302K(6528K) NonClass: 5769K(5888K)->5769K(5888K) Class: 533K(640K)->533K(640K)
[6.360s][info][gc             ] GC(152) Pause Full (Ergonomics) 997M->995M(1167M) 306.008ms
[6.360s][info][gc,cpu         ] GC(152) User=2.12s Sys=0.00s Real=0.31s
[6.373s][info][gc,start       ] GC(153) Pause Young (Allocation Failure)
[6.387s][info][gc,heap        ] GC(153) PSYoungGen: 11776K(58880K)->11904K(58880K) Eden: 11776K(11776K)->0K(13312K) From: 0K(47104K)->11904K(45568K)
[6.387s][info][gc,heap        ] GC(153) ParOldGen: 1019700K(1136128K)->1019700K(1136128K)
[6.387s][info][gc,metaspace   ] GC(153) Metaspace: 6302K(6528K)->6302K(6528K) NonClass: 5769K(5888K)->5769K(5888K) Class: 533K(640K)->533K(640K)
[6.387s][info][gc             ] GC(153) Pause Young (Allocation Failure) 1007M->1007M(1167M) 13.541ms
[6.387s][info][gc,cpu         ] GC(153) User=0.02s Sys=0.00s Real=0.01s
[6.402s][info][gc,start       ] GC(154) Pause Young (Allocation Failure)
[6.418s][info][gc,heap        ] GC(154) PSYoungGen: 25216K(58880K)->25248K(59904K) Eden: 13312K(13312K)->0K(13312K) From: 11904K(45568K)->25248K(46592K)
[6.418s][info][gc,heap        ] GC(154) ParOldGen: 1019700K(1136128K)->1019700K(1136128K)
[6.418s][info][gc,metaspace   ] GC(154) Metaspace: 6302K(6528K)->6302K(6528K) NonClass: 5769K(5888K)->5769K(5888K) Class: 533K(640K)->533K(640K)
[6.418s][info][gc             ] GC(154) Pause Young (Allocation Failure) 1020M->1020M(1168M) 16.788ms
[6.418s][info][gc,cpu         ] GC(154) User=0.03s Sys=0.00s Real=0.02s
[6.433s][info][gc,start       ] GC(155) Pause Young (Allocation Failure)
[6.453s][info][gc,heap        ] GC(155) PSYoungGen: 38560K(59904K)->38528K(56320K) Eden: 13312K(13312K)->0K(11264K) From: 25248K(46592K)->38528K(45056K)
[6.453s][info][gc,heap        ] GC(155) ParOldGen: 1019700K(1136128K)->1019700K(1136128K)
[6.453s][info][gc,metaspace   ] GC(155) Metaspace: 6302K(6528K)->6302K(6528K) NonClass: 5769K(5888K)->5769K(5888K) Class: 533K(640K)->533K(640K)
[6.453s][info][gc             ] GC(155) Pause Young (Allocation Failure) 1033M->1033M(1164M) 20.807ms
[6.453s][info][gc,cpu         ] GC(155) User=0.12s Sys=0.00s Real=0.02s
[6.466s][info][gc,start       ] GC(156) Pause Young (Allocation Failure)
[6.491s][info][gc,heap        ] GC(156) PSYoungGen: 49792K(56320K)->37952K(59904K) Eden: 11264K(11264K)->0K(11264K) From: 38528K(45056K)->37952K(48640K)
[6.491s][info][gc,heap        ] GC(156) ParOldGen: 1019700K(1136128K)->1031644K(1136128K)
[6.491s][info][gc,metaspace   ] GC(156) Metaspace: 6302K(6528K)->6302K(6528K) NonClass: 5769K(5888K)->5769K(5888K) Class: 533K(640K)->533K(640K)
[6.491s][info][gc             ] GC(156) Pause Young (Allocation Failure) 1044M->1044M(1168M) 25.118ms
[6.491s][info][gc,cpu         ] GC(156) User=0.14s Sys=0.00s Real=0.02s
[6.504s][info][gc,start       ] GC(157) Pause Young (Allocation Failure)
[6.529s][info][gc,heap        ] GC(157) PSYoungGen: 49216K(59904K)->35968K(63488K) Eden: 11264K(11264K)->0K(11776K) From: 37952K(48640K)->35968K(51712K)
[6.529s][info][gc,heap        ] GC(157) ParOldGen: 1031644K(1136128K)->1045148K(1136128K)
[6.529s][info][gc,metaspace   ] GC(157) Metaspace: 6302K(6528K)->6302K(6528K) NonClass: 5769K(5888K)->5769K(5888K) Class: 533K(640K)->533K(640K)
[6.529s][info][gc             ] GC(157) Pause Young (Allocation Failure) 1055M->1055M(1171M) 25.209ms
[6.529s][info][gc,cpu         ] GC(157) User=0.11s Sys=0.00s Real=0.03s
[6.542s][info][gc,start       ] GC(158) Pause Young (Allocation Failure)
[6.566s][info][gc,heap        ] GC(158) PSYoungGen: 47744K(63488K)->34432K(64512K) Eden: 11776K(11776K)->0K(11776K) From: 35968K(51712K)->34432K(52736K)
[6.567s][info][gc,heap        ] GC(158) ParOldGen: 1045148K(1136128K)->1058652K(1136128K)
[6.567s][info][gc,metaspace   ] GC(158) Metaspace: 6302K(6528K)->6302K(6528K) NonClass: 5769K(5888K)->5769K(5888K) Class: 533K(640K)->533K(640K)
[6.567s][info][gc             ] GC(158) Pause Young (Allocation Failure) 1067M->1067M(1172M) 24.644ms
[6.567s][info][gc,cpu         ] GC(158) User=0.12s Sys=0.00s Real=0.03s
[6.580s][info][gc,start       ] GC(159) Pause Young (Allocation Failure)
[6.605s][info][gc,heap        ] GC(159) PSYoungGen: 46208K(64512K)->23648K(63488K) Eden: 11776K(11776K)->0K(13824K) From: 34432K(52736K)->23648K(49664K)
[6.605s][info][gc,heap        ] GC(159) ParOldGen: 1058652K(1136128K)->1081460K(1136128K)
[6.605s][info][gc,metaspace   ] GC(159) Metaspace: 6302K(6528K)->6302K(6528K) NonClass: 5769K(5888K)->5769K(5888K) Class: 533K(640K)->533K(640K)
[6.605s][info][gc             ] GC(159) Pause Young (Allocation Failure) 1078M->1079M(1171M) 24.876ms
[6.605s][info][gc,cpu         ] GC(159) User=0.11s Sys=0.03s Real=0.02s
[6.620s][info][gc,start       ] GC(160) Pause Young (Allocation Failure)
[6.642s][info][gc,heap        ] GC(160) PSYoungGen: 37472K(63488K)->13952K(65024K) Eden: 13824K(13824K)->0K(13824K) From: 23648K(49664K)->13952K(51200K)
[6.642s][info][gc,heap        ] GC(160) ParOldGen: 1081460K(1136128K)->1105300K(1136128K)
[6.642s][info][gc,metaspace   ] GC(160) Metaspace: 6302K(6528K)->6302K(6528K) NonClass: 5769K(5888K)->5769K(5888K) Class: 533K(640K)->533K(640K)
[6.642s][info][gc             ] GC(160) Pause Young (Allocation Failure) 1092M->1093M(1173M) 21.593ms
[6.642s][info][gc,cpu         ] GC(160) User=0.12s Sys=0.00s Real=0.02s
[6.642s][info][gc,start       ] GC(161) Pause Full (Ergonomics)
[6.642s][info][gc,phases,start] GC(161) Marking Phase
[6.869s][info][gc,phases      ] GC(161) Marking Phase 227.194ms
[6.869s][info][gc,phases,start] GC(161) Summary Phase
[6.869s][info][gc,phases      ] GC(161) Summary Phase 0.031ms
[6.869s][info][gc,phases,start] GC(161) Adjust Roots
[6.869s][info][gc,phases      ] GC(161) Adjust Roots 0.152ms
[6.869s][info][gc,phases,start] GC(161) Compaction Phase
[6.965s][info][gc,phases      ] GC(161) Compaction Phase 95.713ms
[6.965s][info][gc,phases,start] GC(161) Post Compact
[6.967s][info][gc,phases      ] GC(161) Post Compact 1.715ms
[6.967s][info][gc,heap        ] GC(161) PSYoungGen: 13952K(65024K)->0K(67072K) Eden: 0K(13824K)->0K(15872K) From: 13952K(51200K)->0K(51200K)
[6.967s][info][gc,heap        ] GC(161) ParOldGen: 1105300K(1136128K)->1117761K(1247232K)
[6.967s][info][gc,metaspace   ] GC(161) Metaspace: 6302K(6528K)->6302K(6528K) NonClass: 5769K(5888K)->5769K(5888K) Class: 533K(640K)->533K(640K)
[6.967s][info][gc             ] GC(161) Pause Full (Ergonomics) 1093M->1091M(1283M) 325.502ms
[6.967s][info][gc,cpu         ] GC(161) User=2.47s Sys=0.02s Real=0.33s
[6.985s][info][gc,start       ] GC(162) Pause Young (Allocation Failure)
[7.000s][info][gc,heap        ] GC(162) PSYoungGen: 15872K(67072K)->16000K(67072K) Eden: 15872K(15872K)->0K(15872K) From: 0K(51200K)->16000K(51200K)
[7.000s][info][gc,heap        ] GC(162) ParOldGen: 1117761K(1247232K)->1117761K(1247232K)
[7.000s][info][gc,metaspace   ] GC(162) Metaspace: 6302K(6528K)->6302K(6528K) NonClass: 5769K(5888K)->5769K(5888K) Class: 533K(640K)->533K(640K)
[7.000s][info][gc             ] GC(162) Pause Young (Allocation Failure) 1107M->1107M(1283M) 14.818ms
[7.000s][info][gc,cpu         ] GC(162) User=0.02s Sys=0.00s Real=0.01s
[7.017s][info][gc,start       ] GC(163) Pause Young (Allocation Failure)
[7.035s][info][gc,heap        ] GC(163) PSYoungGen: 31872K(67072K)->31872K(68096K) Eden: 15872K(15872K)->0K(17920K) From: 16000K(51200K)->31872K(50176K)
[7.035s][info][gc,heap        ] GC(163) ParOldGen: 1117761K(1247232K)->1117761K(1247232K)
[7.035s][info][gc,metaspace   ] GC(163) Metaspace: 6302K(6528K)->6302K(6528K) NonClass: 5769K(5888K)->5769K(5888K) Class: 533K(640K)->533K(640K)
[7.035s][info][gc             ] GC(163) Pause Young (Allocation Failure) 1122M->1122M(1284M) 18.411ms
[7.035s][info][gc,cpu         ] GC(163) User=0.03s Sys=0.00s Real=0.02s
[7.056s][info][gc,start       ] GC(164) Pause Young (Allocation Failure)
[7.082s][info][gc,heap        ] GC(164) PSYoungGen: 49792K(68096K)->49792K(68096K) Eden: 17920K(17920K)->0K(17920K) From: 31872K(50176K)->49792K(50176K)
[7.082s][info][gc,heap        ] GC(164) ParOldGen: 1117761K(1247232K)->1117761K(1247232K)
[7.082s][info][gc,metaspace   ] GC(164) Metaspace: 6302K(6528K)->6302K(6528K) NonClass: 5769K(5888K)->5769K(5888K) Class: 533K(640K)->533K(640K)
[7.082s][info][gc             ] GC(164) Pause Young (Allocation Failure) 1140M->1140M(1284M) 25.743ms
[7.082s][info][gc,cpu         ] GC(164) User=0.12s Sys=0.00s Real=0.03s
[7.102s][info][gc,start       ] GC(165) Pause Young (Allocation Failure)
[7.136s][info][gc,heap        ] GC(165) PSYoungGen: 67712K(68096K)->51872K(70656K) Eden: 17920K(17920K)->0K(13824K) From: 49792K(50176K)->51872K(56832K)
[7.136s][info][gc,heap        ] GC(165) ParOldGen: 1117761K(1247232K)->1133849K(1247232K)
[7.136s][info][gc,metaspace   ] GC(165) Metaspace: 6302K(6528K)->6302K(6528K) NonClass: 5769K(5888K)->5769K(5888K) Class: 533K(640K)->533K(640K)
[7.136s][info][gc             ] GC(165) Pause Young (Allocation Failure) 1157M->1157M(1287M) 34.137ms
[7.136s][info][gc,cpu         ] GC(165) User=0.14s Sys=0.02s Real=0.04s
[7.154s][info][gc,start       ] GC(166) Pause Young (Allocation Failure)
[7.186s][info][gc,heap        ] GC(166) PSYoungGen: 65696K(70656K)->49792K(76800K) Eden: 13824K(13824K)->0K(13824K) From: 51872K(56832K)->49792K(62976K)
[7.187s][info][gc,heap        ] GC(166) ParOldGen: 1133849K(1247232K)->1149937K(1247232K)
[7.187s][info][gc,metaspace   ] GC(166) Metaspace: 6302K(6528K)->6302K(6528K) NonClass: 5769K(5888K)->5769K(5888K) Class: 533K(640K)->533K(640K)
[7.187s][info][gc             ] GC(166) Pause Young (Allocation Failure) 1171M->1171M(1293M) 32.429ms
[7.187s][info][gc,cpu         ] GC(166) User=0.14s Sys=0.00s Real=0.03s
[7.203s][info][gc,start       ] GC(167) Pause Young (Allocation Failure)
[7.235s][info][gc,heap        ] GC(167) PSYoungGen: 63616K(76800K)->45664K(81408K) Eden: 13824K(13824K)->0K(14336K) From: 49792K(62976K)->45664K(67072K)
[7.236s][info][gc,heap        ] GC(167) ParOldGen: 1149937K(1247232K)->1168105K(1247232K)
[7.236s][info][gc,metaspace   ] GC(167) Metaspace: 6302K(6528K)->6302K(6528K) NonClass: 5769K(5888K)->5769K(5888K) Class: 533K(640K)->533K(640K)
[7.236s][info][gc             ] GC(167) Pause Young (Allocation Failure) 1185M->1185M(1297M) 32.491ms
[7.236s][info][gc,cpu         ] GC(167) User=0.12s Sys=0.02s Real=0.03s
[7.253s][info][gc,start       ] GC(168) Pause Young (Allocation Failure)
[7.283s][info][gc,heap        ] GC(168) PSYoungGen: 60000K(81408K)->42080K(82944K) Eden: 14336K(14336K)->0K(14336K) From: 45664K(67072K)->42080K(68608K)
[7.283s][info][gc,heap        ] GC(168) ParOldGen: 1168105K(1247232K)->1186281K(1247232K)
[7.283s][info][gc,metaspace   ] GC(168) Metaspace: 6302K(6528K)->6302K(6528K) NonClass: 5769K(5888K)->5769K(5888K) Class: 533K(640K)->533K(640K)
[7.283s][info][gc             ] GC(168) Pause Young (Allocation Failure) 1199M->1199M(1299M) 30.508ms
[7.284s][info][gc,cpu         ] GC(168) User=0.12s Sys=0.02s Real=0.03s
[7.301s][info][gc,start       ] GC(169) Pause Young (Allocation Failure)
[7.331s][info][gc,heap        ] GC(169) PSYoungGen: 56416K(82944K)->28800K(79360K) Eden: 14336K(14336K)->0K(16384K) From: 42080K(68608K)->28800K(62976K)
[7.331s][info][gc,heap        ] GC(169) ParOldGen: 1186281K(1247232K)->1214281K(1247232K)
[7.331s][info][gc,metaspace   ] GC(169) Metaspace: 6302K(6528K)->6302K(6528K) NonClass: 5769K(5888K)->5769K(5888K) Class: 533K(640K)->533K(640K)
[7.331s][info][gc             ] GC(169) Pause Young (Allocation Failure) 1213M->1213M(1295M) 30.290ms
[7.331s][info][gc,cpu         ] GC(169) User=0.12s Sys=0.00s Real=0.03s
[7.331s][info][gc,start       ] GC(170) Pause Full (Ergonomics)
[7.331s][info][gc,phases,start] GC(170) Marking Phase
[7.604s][info][gc,phases      ] GC(170) Marking Phase 272.430ms
[7.604s][info][gc,phases,start] GC(170) Summary Phase
[7.604s][info][gc,phases      ] GC(170) Summary Phase 0.033ms
[7.604s][info][gc,phases,start] GC(170) Adjust Roots
[7.604s][info][gc,phases      ] GC(170) Adjust Roots 0.149ms
[7.604s][info][gc,phases,start] GC(170) Compaction Phase
[7.707s][info][gc,phases      ] GC(170) Compaction Phase 103.116ms
[7.707s][info][gc,phases,start] GC(170) Post Compact
[7.709s][info][gc,phases      ] GC(170) Post Compact 1.998ms
[7.710s][info][gc,heap        ] GC(170) PSYoungGen: 28800K(79360K)->0K(81920K) Eden: 0K(16384K)->0K(16384K) From: 28800K(62976K)->0K(65536K)
[7.710s][info][gc,heap        ] GC(170) ParOldGen: 1214281K(1247232K)->1241415K(1384960K)
[7.710s][info][gc,metaspace   ] GC(170) Metaspace: 6302K(6528K)->6302K(6528K) NonClass: 5769K(5888K)->5769K(5888K) Class: 533K(640K)->533K(640K)
[7.710s][info][gc             ] GC(170) Pause Full (Ergonomics) 1213M->1212M(1432M) 378.516ms
[7.710s][info][gc,cpu         ] GC(170) User=2.84s Sys=0.00s Real=0.38s
[7.731s][info][gc,start       ] GC(171) Pause Young (Allocation Failure)
[7.745s][info][gc,heap        ] GC(171) PSYoungGen: 16384K(81920K)->16480K(83456K) Eden: 16384K(16384K)->0K(18432K) From: 0K(65536K)->16480K(65024K)
[7.745s][info][gc,heap        ] GC(171) ParOldGen: 1241415K(1384960K)->1241415K(1384960K)
[7.745s][info][gc,metaspace   ] GC(171) Metaspace: 6302K(6528K)->6302K(6528K) NonClass: 5769K(5888K)->5769K(5888K) Class: 533K(640K)->533K(640K)
[7.745s][info][gc             ] GC(171) Pause Young (Allocation Failure) 1228M->1228M(1434M) 14.301ms
[7.745s][info][gc,cpu         ] GC(171) User=0.00s Sys=0.00s Real=0.02s
[7.768s][info][gc,start       ] GC(172) Pause Young (Allocation Failure)
[7.788s][info][gc,heap        ] GC(172) PSYoungGen: 34912K(83456K)->34944K(83968K) Eden: 18432K(18432K)->0K(18432K) From: 16480K(65024K)->34944K(65536K)
[7.788s][info][gc,heap        ] GC(172) ParOldGen: 1241415K(1384960K)->1241415K(1384960K)
[7.788s][info][gc,metaspace   ] GC(172) Metaspace: 6302K(6528K)->6302K(6528K) NonClass: 5769K(5888K)->5769K(5888K) Class: 533K(640K)->533K(640K)
[7.788s][info][gc             ] GC(172) Pause Young (Allocation Failure) 1246M->1246M(1434M) 20.232ms
[7.788s][info][gc,cpu         ] GC(172) User=0.14s Sys=0.00s Real=0.02s
[7.812s][info][gc,start       ] GC(173) Pause Young (Allocation Failure)
[7.841s][info][gc,heap        ] GC(173) PSYoungGen: 53376K(83968K)->53376K(79360K) Eden: 18432K(18432K)->0K(15872K) From: 34944K(65536K)->53376K(63488K)
[7.841s][info][gc,heap        ] GC(173) ParOldGen: 1241415K(1384960K)->1241415K(1384960K)
[7.841s][info][gc,metaspace   ] GC(173) Metaspace: 6302K(6528K)->6302K(6528K) NonClass: 5769K(5888K)->5769K(5888K) Class: 533K(640K)->533K(640K)
[7.841s][info][gc             ] GC(173) Pause Young (Allocation Failure) 1264M->1264M(1430M) 29.071ms
[7.841s][info][gc,cpu         ] GC(173) User=0.14s Sys=0.00s Real=0.03s
[7.859s][info][gc,start       ] GC(174) Pause Young (Allocation Failure)
[7.892s][info][gc,heap        ] GC(174) PSYoungGen: 69248K(79360K)->48384K(83968K) Eden: 15872K(15872K)->0K(15872K) From: 53376K(63488K)->48384K(68096K)
[7.892s][info][gc,heap        ] GC(174) ParOldGen: 1241415K(1384960K)->1258031K(1384960K)
[7.892s][info][gc,metaspace   ] GC(174) Metaspace: 6302K(6528K)->6302K(6528K) NonClass: 5769K(5888K)->5769K(5888K) Class: 533K(640K)->533K(640K)
[7.892s][info][gc             ] GC(174) Pause Young (Allocation Failure) 1279M->1275M(1434M) 33.516ms
[7.892s][info][gc,cpu         ] GC(174) User=0.16s Sys=0.02s Real=0.03s
[7.904s][info][gc,start       ] GC(175) Pause Young (Allocation Failure)
[7.934s][info][gc,heap        ] GC(175) PSYoungGen: 64256K(83968K)->38208K(82432K) Eden: 15872K(15872K)->0K(17920K) From: 48384K(68096K)->38208K(64512K)
[7.934s][info][gc,heap        ] GC(175) ParOldGen: 1258031K(1384960K)->1276727K(1384960K)
[7.934s][info][gc,metaspace   ] GC(175) Metaspace: 6302K(6528K)->6302K(6528K) NonClass: 5769K(5888K)->5769K(5888K) Class: 533K(640K)->533K(640K)
[7.934s][info][gc             ] GC(175) Pause Young (Allocation Failure) 1291M->1284M(1433M) 29.551ms
[7.934s][info][gc,cpu         ] GC(175) User=0.14s Sys=0.00s Real=0.03s
[7.951s][info][gc,start       ] GC(176) Pause Young (Allocation Failure)
[7.979s][info][gc,heap        ] GC(176) PSYoungGen: 56128K(82432K)->31424K(84992K) Eden: 17920K(17920K)->0K(17920K) From: 38208K(64512K)->31424K(67072K)
[7.979s][info][gc,heap        ] GC(176) ParOldGen: 1276727K(1384960K)->1295415K(1384960K)
[7.979s][info][gc,metaspace   ] GC(176) Metaspace: 6302K(6528K)->6302K(6528K) NonClass: 5769K(5888K)->5769K(5888K) Class: 533K(640K)->533K(640K)
[7.979s][info][gc             ] GC(176) Pause Young (Allocation Failure) 1301M->1295M(1435M) 27.940ms
[7.979s][info][gc,cpu         ] GC(176) User=0.14s Sys=0.00s Real=0.03s
[8.002s][info][gc,start       ] GC(177) Pause Young (Allocation Failure)
[8.031s][info][gc,heap        ] GC(177) PSYoungGen: 49344K(84992K)->29792K(81408K) Eden: 17920K(17920K)->0K(20480K) From: 31424K(67072K)->29792K(60928K)
[8.031s][info][gc,heap        ] GC(177) ParOldGen: 1295415K(1384960K)->1315327K(1384960K)
[8.031s][info][gc,metaspace   ] GC(177) Metaspace: 6302K(6528K)->6302K(6528K) NonClass: 5769K(5888K)->5769K(5888K) Class: 533K(640K)->533K(640K)
[8.031s][info][gc             ] GC(177) Pause Young (Allocation Failure) 1313M->1313M(1432M) 28.623ms
[8.031s][info][gc,cpu         ] GC(177) User=0.14s Sys=0.00s Real=0.03s
[8.055s][info][gc,start       ] GC(178) Pause Young (Allocation Failure)
[8.084s][info][gc,heap        ] GC(178) PSYoungGen: 50272K(81408K)->38560K(83456K) Eden: 20480K(20480K)->0K(20480K) From: 29792K(60928K)->38560K(62976K)
[8.084s][info][gc,heap        ] GC(178) ParOldGen: 1315327K(1384960K)->1327199K(1384960K)
[8.084s][info][gc,metaspace   ] GC(178) Metaspace: 6302K(6528K)->6302K(6528K) NonClass: 5769K(5888K)->5769K(5888K) Class: 533K(640K)->533K(640K)
[8.084s][info][gc             ] GC(178) Pause Young (Allocation Failure) 1333M->1333M(1434M) 28.787ms
[8.084s][info][gc,cpu         ] GC(178) User=0.12s Sys=0.00s Real=0.03s
[8.110s][info][gc,start       ] GC(179) Pause Young (Allocation Failure)
[8.142s][info][gc,heap        ] GC(179) PSYoungGen: 59040K(83456K)->41184K(83456K) Eden: 20480K(20480K)->0K(23040K) From: 38560K(62976K)->41184K(60416K)
[8.142s][info][gc,heap        ] GC(179) ParOldGen: 1327199K(1384960K)->1345367K(1384960K)
[8.142s][info][gc,metaspace   ] GC(179) Metaspace: 6302K(6528K)->6302K(6528K) NonClass: 5769K(5888K)->5769K(5888K) Class: 533K(640K)->533K(640K)
[8.142s][info][gc             ] GC(179) Pause Young (Allocation Failure) 1353M->1354M(1434M) 32.348ms
[8.142s][info][gc,cpu         ] GC(179) User=0.14s Sys=0.00s Real=0.03s
[8.171s][info][gc,start       ] GC(180) Pause Young (Allocation Failure)
[8.206s][info][gc,heap        ] GC(180) PSYoungGen: 64224K(83456K)->43712K(83968K) Eden: 23040K(23040K)->0K(23040K) From: 41184K(60416K)->43712K(60928K)
[8.206s][info][gc,heap        ] GC(180) ParOldGen: 1345367K(1384960K)->1366143K(1384960K)
[8.206s][info][gc,metaspace   ] GC(180) Metaspace: 6302K(6528K)->6302K(6528K) NonClass: 5769K(5888K)->5769K(5888K) Class: 533K(640K)->533K(640K)
[8.206s][info][gc             ] GC(180) Pause Young (Allocation Failure) 1376M->1376M(1434M) 35.418ms
[8.206s][info][gc,cpu         ] GC(180) User=0.14s Sys=0.00s Real=0.04s
[8.206s][info][gc,start       ] GC(181) Pause Full (Ergonomics)
[8.206s][info][gc,phases,start] GC(181) Marking Phase
[8.517s][info][gc,phases      ] GC(181) Marking Phase 310.620ms
[8.517s][info][gc,phases,start] GC(181) Summary Phase
[8.517s][info][gc,phases      ] GC(181) Summary Phase 0.027ms
[8.517s][info][gc,phases,start] GC(181) Adjust Roots
[8.517s][info][gc,phases      ] GC(181) Adjust Roots 0.234ms
[8.517s][info][gc,phases,start] GC(181) Compaction Phase
[8.900s][info][gc,phases      ] GC(181) Compaction Phase 383.193ms
[8.901s][info][gc,phases,start] GC(181) Post Compact
[8.903s][info][gc,phases      ] GC(181) Post Compact 2.720ms
[8.904s][info][gc,heap        ] GC(181) PSYoungGen: 43712K(83968K)->23016K(83968K) Eden: 0K(23040K)->0K(23040K) From: 43712K(60928K)->23016K(60928K)
[8.904s][info][gc,heap        ] GC(181) ParOldGen: 1366143K(1384960K)->1384615K(1537536K)
[8.904s][info][gc,metaspace   ] GC(181) Metaspace: 6302K(6528K)->6302K(6528K) NonClass: 5769K(5888K)->5769K(5888K) Class: 533K(640K)->533K(640K)
[8.904s][info][gc             ] GC(181) Pause Full (Ergonomics) 1376M->1374M(1583M) 697.727ms
[8.904s][info][gc,cpu         ] GC(181) User=4.98s Sys=0.00s Real=0.70s
[9.162s][info][gc,start       ] GC(182) Pause Young (Allocation Failure)
[9.239s][info][gc,heap        ] GC(182) PSYoungGen: 46056K(83968K)->35424K(82432K) Eden: 23040K(23040K)->0K(25600K) From: 23016K(60928K)->35424K(56832K)
[9.239s][info][gc,heap        ] GC(182) ParOldGen: 1450151K(1537536K)->1461183K(1537536K)
[9.239s][info][gc,metaspace   ] GC(182) Metaspace: 6302K(6528K)->6302K(6528K) NonClass: 5769K(5888K)->5769K(5888K) Class: 533K(640K)->533K(640K)
[9.239s][info][gc             ] GC(182) Pause Young (Allocation Failure) 1461M->1461M(1582M) 77.223ms
[9.239s][info][gc,cpu         ] GC(182) User=0.42s Sys=0.02s Real=0.08s
[9.266s][info][gc,start       ] GC(183) Pause Young (Allocation Failure)
[9.300s][info][gc,heap        ] GC(183) PSYoungGen: 61024K(82432K)->59392K(84992K) Eden: 25600K(25600K)->0K(25600K) From: 35424K(56832K)->59392K(59392K)
[9.300s][info][gc,heap        ] GC(183) ParOldGen: 1461183K(1537536K)->1462719K(1537536K)
[9.300s][info][gc,metaspace   ] GC(183) Metaspace: 6302K(6528K)->6302K(6528K) NonClass: 5769K(5888K)->5769K(5888K) Class: 533K(640K)->533K(640K)
[9.300s][info][gc             ] GC(183) Pause Young (Allocation Failure) 1486M->1486M(1584M) 33.886ms
[9.300s][info][gc,cpu         ] GC(183) User=0.14s Sys=0.00s Real=0.03s
[9.324s][info][gc,start       ] GC(184) Pause Young (Allocation Failure)
[9.368s][info][gc,heap        ] GC(184) PSYoungGen: 84992K(84992K)->51200K(92160K) Eden: 25600K(25600K)->0K(26112K) From: 59392K(59392K)->51200K(66048K)
[9.368s][info][gc,heap        ] GC(184) ParOldGen: 1462719K(1537536K)->1497071K(1537536K)
[9.368s][info][gc,metaspace   ] GC(184) Metaspace: 6302K(6528K)->6302K(6528K) NonClass: 5769K(5888K)->5769K(5888K) Class: 533K(640K)->533K(640K)
[9.368s][info][gc             ] GC(184) Pause Young (Allocation Failure) 1511M->1511M(1591M) 43.583ms
[9.368s][info][gc,cpu         ] GC(184) User=0.25s Sys=0.02s Real=0.04s
[9.395s][info][gc,start       ] GC(185) Pause Young (Allocation Failure)
[9.435s][info][gc,heap        ] GC(185) PSYoungGen: 77312K(92160K)->51936K(94208K) Eden: 26112K(26112K)->0K(26112K) From: 51200K(66048K)->51936K(68096K)
[9.435s][info][gc,heap        ] GC(185) ParOldGen: 1497071K(1537536K)->1522847K(1537536K)
[9.435s][info][gc,metaspace   ] GC(185) Metaspace: 6302K(6528K)->6302K(6528K) NonClass: 5769K(5888K)->5769K(5888K) Class: 533K(640K)->533K(640K)
[9.435s][info][gc             ] GC(185) Pause Young (Allocation Failure) 1537M->1537M(1593M) 40.445ms
[9.435s][info][gc,cpu         ] GC(185) User=0.25s Sys=0.00s Real=0.04s
[9.435s][info][gc,start       ] GC(186) Pause Full (Ergonomics)
[9.435s][info][gc,phases,start] GC(186) Marking Phase
[9.781s][info][gc,phases      ] GC(186) Marking Phase 345.517ms
[9.781s][info][gc,phases,start] GC(186) Summary Phase
[9.781s][info][gc,phases      ] GC(186) Summary Phase 0.033ms
[9.781s][info][gc,phases,start] GC(186) Adjust Roots
[9.781s][info][gc,phases      ] GC(186) Adjust Roots 0.376ms
[9.781s][info][gc,phases,start] GC(186) Compaction Phase
[10.024s][info][gc,phases      ] GC(186) Compaction Phase 242.855ms
[10.024s][info][gc,phases,start] GC(186) Post Compact
[10.027s][info][gc,phases      ] GC(186) Post Compact 3.112ms
[10.028s][info][gc,heap        ] GC(186) PSYoungGen: 51936K(94208K)->3122K(94208K) Eden: 0K(26112K)->0K(26112K) From: 51936K(68096K)->3122K(68096K)
[10.028s][info][gc,heap        ] GC(186) ParOldGen: 1522847K(1537536K)->1537503K(1710592K)
[10.028s][info][gc,metaspace   ] GC(186) Metaspace: 6302K(6528K)->6302K(6528K) NonClass: 5769K(5888K)->5769K(5888K) Class: 533K(640K)->533K(640K)
[10.028s][info][gc             ] GC(186) Pause Full (Ergonomics) 1537M->1504M(1762M) 592.816ms
[10.028s][info][gc,cpu         ] GC(186) User=4.17s Sys=0.02s Real=0.59s
[10.059s][info][gc,start       ] GC(187) Pause Young (Allocation Failure)
[10.137s][info][gc,heap        ] GC(187) PSYoungGen: 29234K(94208K)->29344K(95744K) Eden: 26112K(26112K)->0K(28672K) From: 3122K(68096K)->29344K(67072K)
[10.137s][info][gc,heap        ] GC(187) ParOldGen: 1537503K(1710592K)->1537591K(1710592K)
[10.137s][info][gc,metaspace   ] GC(187) Metaspace: 6302K(6528K)->6302K(6528K) NonClass: 5769K(5888K)->5769K(5888K) Class: 533K(640K)->533K(640K)
[10.137s][info][gc             ] GC(187) Pause Young (Allocation Failure) 1530M->1530M(1764M) 78.565ms
[10.137s][info][gc,cpu         ] GC(187) User=0.42s Sys=0.00s Real=0.08s
[10.167s][info][gc,start       ] GC(188) Pause Young (Allocation Failure)
[10.203s][info][gc,heap        ] GC(188) PSYoungGen: 58016K(95744K)->58080K(97280K) Eden: 28672K(28672K)->0K(28672K) From: 29344K(67072K)->58080K(68608K)
[10.203s][info][gc,heap        ] GC(188) ParOldGen: 1537591K(1710592K)->1537591K(1710592K)
[10.203s][info][gc,metaspace   ] GC(188) Metaspace: 6302K(6528K)->6302K(6528K) NonClass: 5769K(5888K)->5769K(5888K) Class: 533K(640K)->533K(640K)
[10.203s][info][gc             ] GC(188) Pause Young (Allocation Failure) 1558M->1558M(1765M) 35.527ms
[10.203s][info][gc,cpu         ] GC(188) User=0.16s Sys=0.00s Real=0.04s
[10.231s][info][gc,start       ] GC(189) Pause Young (Allocation Failure)
[10.275s][info][gc,heap        ] GC(189) PSYoungGen: 86752K(97280K)->72704K(91136K) Eden: 28672K(28672K)->0K(18432K) From: 58080K(68608K)->72704K(72704K)
[10.275s][info][gc,heap        ] GC(189) ParOldGen: 1537591K(1710592K)->1551687K(1710592K)
[10.275s][info][gc,metaspace   ] GC(189) Metaspace: 6302K(6528K)->6302K(6528K) NonClass: 5769K(5888K)->5769K(5888K) Class: 533K(640K)->533K(640K)
[10.275s][info][gc             ] GC(189) Pause Young (Allocation Failure) 1586M->1586M(1759M) 44.178ms
[10.275s][info][gc,cpu         ] GC(189) User=0.23s Sys=0.02s Real=0.04s
[10.294s][info][gc,start       ] GC(190) Pause Young (Allocation Failure)
[10.339s][info][gc,heap        ] GC(190) PSYoungGen: 91136K(91136K)->68352K(104448K) Eden: 18432K(18432K)->0K(18432K) From: 72704K(72704K)->68352K(86016K)
[10.339s][info][gc,heap        ] GC(190) ParOldGen: 1551687K(1710592K)->1574911K(1710592K)
[10.339s][info][gc,metaspace   ] GC(190) Metaspace: 6302K(6528K)->6302K(6528K) NonClass: 5769K(5888K)->5769K(5888K) Class: 533K(640K)->533K(640K)
[10.339s][info][gc             ] GC(190) Pause Young (Allocation Failure) 1604M->1604M(1772M) 44.361ms
[10.339s][info][gc,cpu         ] GC(190) User=0.23s Sys=0.03s Real=0.04s
[10.357s][info][gc,start       ] GC(191) Pause Young (Allocation Failure)
[10.399s][info][gc,heap        ] GC(191) PSYoungGen: 86784K(104448K)->63392K(109568K) Eden: 18432K(18432K)->0K(19456K) From: 68352K(86016K)->63392K(90112K)
[10.400s][info][gc,heap        ] GC(191) ParOldGen: 1574911K(1710592K)->1598631K(1710592K)
[10.400s][info][gc,metaspace   ] GC(191) Metaspace: 6302K(6528K)->6302K(6528K) NonClass: 5769K(5888K)->5769K(5888K) Class: 533K(640K)->533K(640K)
[10.400s][info][gc             ] GC(191) Pause Young (Allocation Failure) 1622M->1623M(1777M) 42.478ms
[10.400s][info][gc,cpu         ] GC(191) User=0.27s Sys=0.00s Real=0.04s
[10.419s][info][gc,start       ] GC(192) Pause Young (Allocation Failure)
[10.460s][info][gc,heap        ] GC(192) PSYoungGen: 82848K(109568K)->56512K(111104K) Eden: 19456K(19456K)->0K(19456K) From: 63392K(90112K)->56512K(91648K)
[10.460s][info][gc,heap        ] GC(192) ParOldGen: 1598631K(1710592K)->1625311K(1710592K)
[10.460s][info][gc,metaspace   ] GC(192) Metaspace: 6302K(6528K)->6302K(6528K) NonClass: 5769K(5888K)->5769K(5888K) Class: 533K(640K)->533K(640K)
[10.460s][info][gc             ] GC(192) Pause Young (Allocation Failure) 1642M->1642M(1779M) 41.277ms
[10.460s][info][gc,cpu         ] GC(192) User=0.25s Sys=0.02s Real=0.04s
[10.480s][info][gc,start       ] GC(193) Pause Young (Allocation Failure)
[10.519s][info][gc,heap        ] GC(193) PSYoungGen: 75968K(111104K)->39072K(108544K) Eden: 19456K(19456K)->0K(22016K) From: 56512K(91648K)->39072K(86528K)
[10.519s][info][gc,heap        ] GC(193) ParOldGen: 1625311K(1710592K)->1662639K(1710592K)
[10.519s][info][gc,metaspace   ] GC(193) Metaspace: 6302K(6528K)->6302K(6528K) NonClass: 5769K(5888K)->5769K(5888K) Class: 533K(640K)->533K(640K)
[10.519s][info][gc             ] GC(193) Pause Young (Allocation Failure) 1661M->1661M(1776M) 39.309ms
[10.519s][info][gc,cpu         ] GC(193) User=0.27s Sys=0.00s Real=0.04s
[10.541s][info][gc,start       ] GC(194) Pause Young (Allocation Failure)
[10.576s][info][gc,heap        ] GC(194) PSYoungGen: 61088K(108544K)->22176K(110080K) Eden: 22016K(22016K)->0K(22016K) From: 39072K(86528K)->22176K(88064K)
[10.576s][info][gc,heap        ] GC(194) ParOldGen: 1662639K(1710592K)->1702031K(1710592K)
[10.576s][info][gc,metaspace   ] GC(194) Metaspace: 6302K(6528K)->6302K(6528K) NonClass: 5769K(5888K)->5769K(5888K) Class: 533K(640K)->533K(640K)
[10.576s][info][gc             ] GC(194) Pause Young (Allocation Failure) 1683M->1683M(1778M) 35.109ms
[10.576s][info][gc,cpu         ] GC(194) User=0.16s Sys=0.00s Real=0.04s
[10.576s][info][gc,start       ] GC(195) Pause Full (Ergonomics)
[10.576s][info][gc,phases,start] GC(195) Marking Phase
[10.953s][info][gc,phases      ] GC(195) Marking Phase 376.822ms
[10.953s][info][gc,phases,start] GC(195) Summary Phase
[10.953s][info][gc,phases      ] GC(195) Summary Phase 0.029ms
[10.953s][info][gc,phases,start] GC(195) Adjust Roots
[10.954s][info][gc,phases      ] GC(195) Adjust Roots 0.163ms
[10.954s][info][gc,phases,start] GC(195) Compaction Phase
[11.122s][info][gc,phases      ] GC(195) Compaction Phase 168.878ms
[11.122s][info][gc,phases,start] GC(195) Post Compact
[11.125s][info][gc,phases      ] GC(195) Post Compact 2.992ms
[11.126s][info][gc,heap        ] GC(195) PSYoungGen: 22176K(110080K)->11278K(110080K) Eden: 0K(22016K)->0K(22016K) From: 22176K(88064K)->11278K(88064K)
[11.126s][info][gc,heap        ] GC(195) ParOldGen: 1702031K(1710592K)->1710349K(1909248K)
[11.126s][info][gc,metaspace   ] GC(195) Metaspace: 6302K(6528K)->6302K(6528K) NonClass: 5769K(5888K)->5769K(5888K) Class: 533K(640K)->533K(640K)
[11.126s][info][gc             ] GC(195) Pause Full (Ergonomics) 1683M->1681M(1972M) 549.881ms
[11.126s][info][gc,cpu         ] GC(195) User=4.06s Sys=0.00s Real=0.55s
[11.153s][info][gc,start       ] GC(196) Pause Young (Allocation Failure)
[11.239s][info][gc,heap        ] GC(196) PSYoungGen: 33294K(110080K)->22208K(112640K) Eden: 22016K(22016K)->0K(24576K) From: 11278K(88064K)->22208K(88064K)
[11.239s][info][gc,heap        ] GC(196) ParOldGen: 1710349K(1909248K)->1721797K(1909248K)
[11.239s][info][gc,metaspace   ] GC(196) Metaspace: 6302K(6528K)->6302K(6528K) NonClass: 5769K(5888K)->5769K(5888K) Class: 533K(640K)->533K(640K)
[11.239s][info][gc             ] GC(196) Pause Young (Allocation Failure) 1702M->1703M(1974M) 86.057ms
[11.239s][info][gc,cpu         ] GC(196) User=0.55s Sys=0.00s Real=0.09s
[11.266s][info][gc,start       ] GC(197) Pause Young (Allocation Failure)
[11.299s][info][gc,heap        ] GC(197) PSYoungGen: 46784K(112640K)->24704K(113152K) Eden: 24576K(24576K)->0K(24576K) From: 22208K(88064K)->24704K(88576K)
[11.299s][info][gc,heap        ] GC(197) ParOldGen: 1721797K(1909248K)->1744125K(1909248K)
[11.299s][info][gc,metaspace   ] GC(197) Metaspace: 6302K(6528K)->6302K(6528K) NonClass: 5769K(5888K)->5769K(5888K) Class: 533K(640K)->533K(640K)
[11.299s][info][gc             ] GC(197) Pause Young (Allocation Failure) 1727M->1727M(1975M) 32.588ms
[11.299s][info][gc,cpu         ] GC(197) User=0.05s Sys=0.00s Real=0.03s
[11.326s][info][gc,start       ] GC(198) Pause Young (Allocation Failure)
[11.360s][info][gc,heap        ] GC(198) PSYoungGen: 49280K(113152K)->24736K(112128K) Eden: 24576K(24576K)->0K(27648K) From: 24704K(88576K)->24736K(84480K)
[11.360s][info][gc,heap        ] GC(198) ParOldGen: 1744125K(1909248K)->1769021K(1909248K)
[11.360s][info][gc,metaspace   ] GC(198) Metaspace: 6302K(6528K)->6302K(6528K) NonClass: 5769K(5888K)->5769K(5888K) Class: 533K(640K)->533K(640K)
[11.360s][info][gc             ] GC(198) Pause Young (Allocation Failure) 1751M->1751M(1974M) 33.994ms
[11.360s][info][gc,cpu         ] GC(198) User=0.11s Sys=0.03s Real=0.03s
[11.391s][info][gc,start       ] GC(199) Pause Young (Allocation Failure)
[11.425s][info][gc,heap        ] GC(199) PSYoungGen: 52384K(112128K)->27808K(113664K) Eden: 27648K(27648K)->0K(27648K) From: 24736K(84480K)->27808K(86016K)
[11.425s][info][gc,heap        ] GC(199) ParOldGen: 1769021K(1909248K)->1793933K(1909248K)
[11.425s][info][gc,metaspace   ] GC(199) Metaspace: 6302K(6528K)->6302K(6528K) NonClass: 5769K(5888K)->5769K(5888K) Class: 533K(640K)->533K(640K)
[11.425s][info][gc             ] GC(199) Pause Young (Allocation Failure) 1778M->1779M(1975M) 34.874ms
[11.425s][info][gc,cpu         ] GC(199) User=0.16s Sys=0.00s Real=0.04s
[11.454s][info][gc,start       ] GC(200) Pause Young (Allocation Failure)
[11.487s][info][gc,heap        ] GC(200) PSYoungGen: 55456K(113664K)->27808K(109568K) Eden: 27648K(27648K)->0K(30720K) From: 27808K(86016K)->27808K(78848K)
[11.487s][info][gc,heap        ] GC(200) ParOldGen: 1793933K(1909248K)->1821973K(1909248K)
[11.487s][info][gc,metaspace   ] GC(200) Metaspace: 6302K(6528K)->6302K(6528K) NonClass: 5769K(5888K)->5769K(5888K) Class: 533K(640K)->533K(640K)
[11.487s][info][gc             ] GC(200) Pause Young (Allocation Failure) 1806M->1806M(1971M) 33.386ms
[11.487s][info][gc,cpu         ] GC(200) User=0.08s Sys=0.06s Real=0.03s
[11.520s][info][gc,start       ] GC(201) Pause Young (Allocation Failure)
[11.555s][info][gc,heap        ] GC(201) PSYoungGen: 58528K(109568K)->30912K(112128K) Eden: 30720K(30720K)->0K(30720K) From: 27808K(78848K)->30912K(81408K)
[11.556s][info][gc,heap        ] GC(201) ParOldGen: 1821973K(1909248K)->1849981K(1909248K)
[11.556s][info][gc,metaspace   ] GC(201) Metaspace: 6302K(6528K)->6302K(6528K) NonClass: 5769K(5888K)->5769K(5888K) Class: 533K(640K)->533K(640K)
[11.556s][info][gc             ] GC(201) Pause Young (Allocation Failure) 1836M->1836M(1974M) 35.353ms
[11.556s][info][gc,cpu         ] GC(201) User=0.16s Sys=0.00s Real=0.03s
[11.592s][info][gc,start       ] GC(202) Pause Young (Allocation Failure)
[11.628s][info][gc,heap        ] GC(202) PSYoungGen: 61632K(112128K)->30848K(106496K) Eden: 30720K(30720K)->0K(34304K) From: 30912K(81408K)->30848K(72192K)
[11.629s][info][gc,heap        ] GC(202) ParOldGen: 1849981K(1909248K)->1881117K(1909248K)
[11.629s][info][gc,metaspace   ] GC(202) Metaspace: 6302K(6528K)->6302K(6528K) NonClass: 5769K(5888K)->5769K(5888K) Class: 533K(640K)->533K(640K)
[11.629s][info][gc             ] GC(202) Pause Young (Allocation Failure) 1866M->1867M(1968M) 36.977ms
[11.629s][info][gc,cpu         ] GC(202) User=0.16s Sys=0.00s Real=0.04s
[11.629s][info][gc,start       ] GC(203) Pause Full (Ergonomics)
[11.629s][info][gc,phases,start] GC(203) Marking Phase
[12.058s][info][gc,phases      ] GC(203) Marking Phase 429.183ms
[12.058s][info][gc,phases,start] GC(203) Summary Phase
[12.058s][info][gc,phases      ] GC(203) Summary Phase 0.034ms
[12.058s][info][gc,phases,start] GC(203) Adjust Roots
[12.058s][info][gc,phases      ] GC(203) Adjust Roots 0.176ms
[12.058s][info][gc,phases,start] GC(203) Compaction Phase
[12.241s][info][gc,phases      ] GC(203) Compaction Phase 182.670ms
[12.241s][info][gc,phases,start] GC(203) Post Compact
[12.244s][info][gc,phases      ] GC(203) Post Compact 3.383ms
[12.245s][info][gc,heap        ] GC(203) PSYoungGen: 30848K(106496K)->72K(109568K) Eden: 0K(34304K)->0K(37376K) From: 30848K(72192K)->72K(72192K)
[12.245s][info][gc,heap        ] GC(203) ParOldGen: 1881117K(1909248K)->1909241K(2119680K)
[12.245s][info][gc,metaspace   ] GC(203) Metaspace: 6302K(6528K)->6302K(6528K) NonClass: 5769K(5888K)->5769K(5888K) Class: 533K(640K)->533K(640K)
[12.245s][info][gc             ] GC(203) Pause Full (Ergonomics) 1867M->1864M(2177M) 616.504ms
[12.245s][info][gc,cpu         ] GC(203) User=4.33s Sys=0.02s Real=0.62s
[12.286s][info][gc,start       ] GC(204) Pause Young (Allocation Failure)
[12.383s][info][gc,heap        ] GC(204) PSYoungGen: 37448K(109568K)->37536K(112640K) Eden: 37376K(37376K)->0K(37376K) From: 72K(72192K)->37536K(75264K)
[12.383s][info][gc,heap        ] GC(204) ParOldGen: 1909241K(2119680K)->1909337K(2119680K)
[12.383s][info][gc,metaspace   ] GC(204) Metaspace: 6302K(6528K)->6302K(6528K) NonClass: 5769K(5888K)->5769K(5888K) Class: 533K(640K)->533K(640K)
[12.383s][info][gc             ] GC(204) Pause Young (Allocation Failure) 1901M->1901M(2180M) 96.577ms
[12.383s][info][gc,cpu         ] GC(204) User=0.64s Sys=0.00s Real=0.10s
[12.428s][info][gc,start       ] GC(205) Pause Young (Allocation Failure)
[12.470s][info][gc,heap        ] GC(205) PSYoungGen: 74912K(112640K)->71680K(101888K) Eden: 37376K(37376K)->0K(30208K) From: 37536K(75264K)->71680K(71680K)
[12.470s][info][gc,heap        ] GC(205) ParOldGen: 1909337K(2119680K)->1912577K(2119680K)
[12.470s][info][gc,metaspace   ] GC(205) Metaspace: 6302K(6528K)->6302K(6528K) NonClass: 5769K(5888K)->5769K(5888K) Class: 533K(640K)->533K(640K)
[12.470s][info][gc             ] GC(205) Pause Young (Allocation Failure) 1937M->1937M(2169M) 41.901ms
[12.470s][info][gc,cpu         ] GC(205) User=0.23s Sys=0.00s Real=0.04s
[12.508s][info][gc,start       ] GC(206) Pause Young (Allocation Failure)
[12.562s][info][gc,heap        ] GC(206) PSYoungGen: 101888K(101888K)->30400K(112640K) Eden: 30208K(30208K)->0K(30208K) From: 71680K(71680K)->30400K(82432K)
[12.563s][info][gc,heap        ] GC(206) ParOldGen: 1912577K(2119680K)->1985121K(2119680K)
[12.563s][info][gc,metaspace   ] GC(206) Metaspace: 6302K(6528K)->6302K(6528K) NonClass: 5769K(5888K)->5769K(5888K) Class: 533K(640K)->533K(640K)
[12.563s][info][gc             ] GC(206) Pause Young (Allocation Failure) 1967M->1968M(2180M) 54.534ms
[12.563s][info][gc,cpu         ] GC(206) User=0.33s Sys=0.05s Real=0.05s
[12.600s][info][gc,start       ] GC(207) Pause Young (Allocation Failure)
[12.638s][info][gc,heap        ] GC(207) PSYoungGen: 60608K(112640K)->60608K(109056K) Eden: 30208K(30208K)->0K(29184K) From: 30400K(82432K)->60608K(79872K)
[12.638s][info][gc,heap        ] GC(207) ParOldGen: 1985121K(2119680K)->1985121K(2119680K)
[12.638s][info][gc,metaspace   ] GC(207) Metaspace: 6302K(6528K)->6302K(6528K) NonClass: 5769K(5888K)->5769K(5888K) Class: 533K(640K)->533K(640K)
[12.638s][info][gc             ] GC(207) Pause Young (Allocation Failure) 1997M->1997M(2176M) 38.185ms
[12.638s][info][gc,cpu         ] GC(207) User=0.14s Sys=0.00s Real=0.04s
[12.670s][info][gc,start       ] GC(208) Pause Young (Allocation Failure)
[12.719s][info][gc,heap        ] GC(208) PSYoungGen: 89792K(109056K)->83968K(113152K) Eden: 29184K(29184K)->0K(29184K) From: 60608K(79872K)->83968K(83968K)
[12.720s][info][gc,heap        ] GC(208) ParOldGen: 1985121K(2119680K)->1990953K(2119680K)
[12.720s][info][gc,metaspace   ] GC(208) Metaspace: 6302K(6528K)->6302K(6528K) NonClass: 5769K(5888K)->5769K(5888K) Class: 533K(640K)->533K(640K)
[12.720s][info][gc             ] GC(208) Pause Young (Allocation Failure) 2026M->2026M(2180M) 49.157ms
[12.720s][info][gc,cpu         ] GC(208) User=0.27s Sys=0.00s Real=0.05s
[12.752s][info][gc,start       ] GC(209) Pause Young (Allocation Failure)
[12.810s][info][gc,heap        ] GC(209) PSYoungGen: 113152K(113152K)->56736K(128000K) Eden: 29184K(29184K)->0K(32768K) From: 83968K(83968K)->56736K(95232K)
[12.810s][info][gc,heap        ] GC(209) ParOldGen: 1990953K(2119680K)->2048201K(2119680K)
[12.810s][info][gc,metaspace   ] GC(209) Metaspace: 6302K(6528K)->6302K(6528K) NonClass: 5769K(5888K)->5769K(5888K) Class: 533K(640K)->533K(640K)
[12.810s][info][gc             ] GC(209) Pause Young (Allocation Failure) 2054M->2055M(2195M) 58.197ms
[12.810s][info][gc,cpu         ] GC(209) User=0.33s Sys=0.06s Real=0.06s
[12.844s][info][gc,start       ] GC(210) Pause Young (Allocation Failure)
[12.892s][info][gc,heap        ] GC(210) PSYoungGen: 89504K(128000K)->62144K(129024K) Eden: 32768K(32768K)->0K(32768K) From: 56736K(95232K)->62144K(96256K)
[12.892s][info][gc,heap        ] GC(210) ParOldGen: 2048201K(2119680K)->2075985K(2119680K)
[12.892s][info][gc,metaspace   ] GC(210) Metaspace: 6302K(6528K)->6302K(6528K) NonClass: 5769K(5888K)->5769K(5888K) Class: 533K(640K)->533K(640K)
[12.892s][info][gc             ] GC(210) Pause Young (Allocation Failure) 2087M->2088M(2196M) 47.328ms
[12.892s][info][gc,cpu         ] GC(210) User=0.25s Sys=0.02s Real=0.05s
[12.892s][info][gc,start       ] GC(211) Pause Full (Ergonomics)
[12.892s][info][gc,phases,start] GC(211) Marking Phase
[13.351s][info][gc,phases      ] GC(211) Marking Phase 459.399ms
[13.351s][info][gc,phases,start] GC(211) Summary Phase
[13.351s][info][gc,phases      ] GC(211) Summary Phase 0.043ms
[13.351s][info][gc,phases,start] GC(211) Adjust Roots
[13.351s][info][gc,phases      ] GC(211) Adjust Roots 0.162ms
[13.352s][info][gc,phases,start] GC(211) Compaction Phase
[13.548s][info][gc,phases      ] GC(211) Compaction Phase 196.411ms
[13.548s][info][gc,phases,start] GC(211) Post Compact
[13.552s][info][gc,phases      ] GC(211) Post Compact 4.250ms
[13.553s][info][gc,heap        ] GC(211) PSYoungGen: 62144K(129024K)->15909K(129024K) Eden: 0K(32768K)->0K(32768K) From: 62144K(96256K)->15909K(96256K)
[13.553s][info][gc,heap        ] GC(211) ParOldGen: 2075985K(2119680K)->2119493K(2368000K)
[13.553s][info][gc,metaspace   ] GC(211) Metaspace: 6302K(6528K)->6302K(6528K) NonClass: 5769K(5888K)->5769K(5888K) Class: 533K(640K)->533K(640K)
[13.553s][info][gc             ] GC(211) Pause Full (Ergonomics) 2088M->2085M(2438M) 661.460ms
[13.553s][info][gc,cpu         ] GC(211) User=4.81s Sys=0.05s Real=0.66s
[13.592s][info][gc,start       ] GC(212) Pause Young (Allocation Failure)
[13.705s][info][gc,heap        ] GC(212) PSYoungGen: 48677K(129024K)->38944K(125440K) Eden: 32768K(32768K)->0K(35840K) From: 15909K(96256K)->38944K(89600K)
[13.705s][info][gc,heap        ] GC(212) ParOldGen: 2119493K(2368000K)->2129565K(2368000K)
[13.705s][info][gc,metaspace   ] GC(212) Metaspace: 6302K(6528K)->6302K(6528K) NonClass: 5769K(5888K)->5769K(5888K) Class: 533K(640K)->533K(640K)
[13.705s][info][gc             ] GC(212) Pause Young (Allocation Failure) 2117M->2117M(2435M) 112.707ms
[13.705s][info][gc,cpu         ] GC(212) User=0.75s Sys=0.00s Real=0.11s
[13.747s][info][gc,start       ] GC(213) Pause Young (Allocation Failure)
[13.790s][info][gc,heap        ] GC(213) PSYoungGen: 74784K(125440K)->74848K(129536K) Eden: 35840K(35840K)->0K(35840K) From: 38944K(89600K)->74848K(93696K)
[13.790s][info][gc,heap        ] GC(213) ParOldGen: 2129565K(2368000K)->2129565K(2368000K)
[13.790s][info][gc,metaspace   ] GC(213) Metaspace: 6302K(6528K)->6302K(6528K) NonClass: 5769K(5888K)->5769K(5888K) Class: 533K(640K)->533K(640K)
[13.790s][info][gc             ] GC(213) Pause Young (Allocation Failure) 2152M->2152M(2439M) 42.502ms
[13.790s][info][gc,cpu         ] GC(213) User=0.27s Sys=0.00s Real=0.04s
[13.836s][info][gc,start       ] GC(214) Pause Young (Allocation Failure)
[13.895s][info][gc,heap        ] GC(214) PSYoungGen: 110688K(129536K)->98816K(120832K) Eden: 35840K(35840K)->0K(22016K) From: 74848K(93696K)->98816K(98816K)
[13.895s][info][gc,heap        ] GC(214) ParOldGen: 2129565K(2368000K)->2141485K(2368000K)
[13.895s][info][gc,metaspace   ] GC(214) Metaspace: 6302K(6528K)->6302K(6528K) NonClass: 5769K(5888K)->5769K(5888K) Class: 533K(640K)->533K(640K)
[13.895s][info][gc             ] GC(214) Pause Young (Allocation Failure) 2187M->2187M(2430M) 58.650ms
[13.895s][info][gc,cpu         ] GC(214) User=0.33s Sys=0.06s Real=0.06s
[13.922s][info][gc,start       ] GC(215) Pause Young (Allocation Failure)
[13.981s][info][gc,heap        ] GC(215) PSYoungGen: 120832K(120832K)->87008K(138240K) Eden: 22016K(22016K)->0K(22016K) From: 98816K(98816K)->87008K(116224K)
[13.981s][info][gc,heap        ] GC(215) ParOldGen: 2141485K(2368000K)->2175933K(2368000K)
[13.981s][info][gc,metaspace   ] GC(215) Metaspace: 6302K(6528K)->6302K(6528K) NonClass: 5769K(5888K)->5769K(5888K) Class: 533K(640K)->533K(640K)
[13.981s][info][gc             ] GC(215) Pause Young (Allocation Failure) 2209M->2209M(2447M) 59.588ms
[13.981s][info][gc,cpu         ] GC(215) User=0.36s Sys=0.03s Real=0.06s
[14.007s][info][gc,start       ] GC(216) Pause Young (Allocation Failure)
[14.062s][info][gc,heap        ] GC(216) PSYoungGen: 109024K(138240K)->76384K(146432K) Eden: 22016K(22016K)->0K(24576K) From: 87008K(116224K)->76384K(121856K)
[14.062s][info][gc,heap        ] GC(216) ParOldGen: 2175933K(2368000K)->2209005K(2368000K)
[14.062s][info][gc,metaspace   ] GC(216) Metaspace: 6302K(6528K)->6302K(6528K) NonClass: 5769K(5888K)->5769K(5888K) Class: 533K(640K)->533K(640K)
[14.062s][info][gc             ] GC(216) Pause Young (Allocation Failure) 2231M->2231M(2455M) 54.416ms
[14.062s][info][gc,cpu         ] GC(216) User=0.34s Sys=0.02s Real=0.06s
[14.090s][info][gc,start       ] GC(217) Pause Young (Allocation Failure)
[14.142s][info][gc,heap        ] GC(217) PSYoungGen: 100960K(146432K)->68768K(93696K) Eden: 24576K(24576K)->0K(24576K) From: 76384K(121856K)->68768K(69120K)
[14.142s][info][gc,heap        ] GC(217) ParOldGen: 2209005K(2368000K)->2241597K(2368000K)
[14.142s][info][gc,metaspace   ] GC(217) Metaspace: 6302K(6528K)->6302K(6528K) NonClass: 5769K(5888K)->5769K(5888K) Class: 533K(640K)->533K(640K)
[14.142s][info][gc             ] GC(217) Pause Young (Allocation Failure) 2255M->2256M(2404M) 52.375ms
[14.142s][info][gc,cpu         ] GC(217) User=0.36s Sys=0.02s Real=0.05s
[14.172s][info][gc,start       ] GC(218) Pause Young (Allocation Failure)
[14.222s][info][gc,heap        ] GC(218) PSYoungGen: 93344K(93696K)->49344K(139776K) Eden: 24576K(24576K)->0K(27648K) From: 68768K(69120K)->49344K(112128K)
[14.222s][info][gc,heap        ] GC(218) ParOldGen: 2241597K(2368000K)->2286069K(2368000K)
[14.222s][info][gc,metaspace   ] GC(218) Metaspace: 6302K(6528K)->6302K(6528K) NonClass: 5769K(5888K)->5769K(5888K) Class: 533K(640K)->533K(640K)
[14.222s][info][gc             ] GC(218) Pause Young (Allocation Failure) 2280M->2280M(2449M) 50.625ms
[14.222s][info][gc,cpu         ] GC(218) User=0.25s Sys=0.03s Real=0.05s
[14.255s][info][gc,start       ] GC(219) Pause Young (Allocation Failure)
[14.299s][info][gc,heap        ] GC(219) PSYoungGen: 76992K(139776K)->27840K(142848K) Eden: 27648K(27648K)->0K(27648K) From: 49344K(112128K)->27840K(115200K)
[14.299s][info][gc,heap        ] GC(219) ParOldGen: 2286069K(2368000K)->2335629K(2368000K)
[14.299s][info][gc,metaspace   ] GC(219) Metaspace: 6302K(6528K)->6302K(6528K) NonClass: 5769K(5888K)->5769K(5888K) Class: 533K(640K)->533K(640K)
[14.299s][info][gc             ] GC(219) Pause Young (Allocation Failure) 2307M->2308M(2452M) 44.328ms
[14.299s][info][gc,cpu         ] GC(219) User=0.22s Sys=0.03s Real=0.04s
[14.299s][info][gc,start       ] GC(220) Pause Full (Ergonomics)
[14.299s][info][gc,phases,start] GC(220) Marking Phase
[14.830s][info][gc,phases      ] GC(220) Marking Phase 530.358ms
[14.830s][info][gc,phases,start] GC(220) Summary Phase
[14.830s][info][gc,phases      ] GC(220) Summary Phase 0.055ms
[14.830s][info][gc,phases,start] GC(220) Adjust Roots
[14.830s][info][gc,phases      ] GC(220) Adjust Roots 0.164ms
[14.830s][info][gc,phases,start] GC(220) Compaction Phase
[15.030s][info][gc,phases      ] GC(220) Compaction Phase 199.336ms
[15.030s][info][gc,phases,start] GC(220) Post Compact
[15.034s][info][gc,phases      ] GC(220) Post Compact 4.459ms
[15.035s][info][gc,heap        ] GC(220) PSYoungGen: 27840K(142848K)->0K(146432K) Eden: 0K(27648K)->0K(31232K) From: 27840K(115200K)->0K(115200K)
[15.035s][info][gc,heap        ] GC(220) ParOldGen: 2335629K(2368000K)->2360440K(2630656K)
[15.035s][info][gc,metaspace   ] GC(220) Metaspace: 6302K(6528K)->6302K(6528K) NonClass: 5769K(5888K)->5769K(5888K) Class: 533K(640K)->533K(640K)
[15.035s][info][gc             ] GC(220) Pause Full (Ergonomics) 2308M->2305M(2712M) 735.579ms
[15.035s][info][gc,cpu         ] GC(220) User=5.70s Sys=0.00s Real=0.74s
[15.072s][info][gc,start       ] GC(221) Pause Young (Allocation Failure)
[15.099s][info][gc,heap        ] GC(221) PSYoungGen: 31232K(146432K)->31360K(146432K) Eden: 31232K(31232K)->0K(31232K) From: 0K(115200K)->31360K(115200K)
[15.099s][info][gc,heap        ] GC(221) ParOldGen: 2360440K(2630656K)->2360440K(2630656K)
[15.099s][info][gc,metaspace   ] GC(221) Metaspace: 6302K(6528K)->6302K(6528K) NonClass: 5769K(5888K)->5769K(5888K) Class: 533K(640K)->533K(640K)
[15.099s][info][gc             ] GC(221) Pause Young (Allocation Failure) 2335M->2335M(2712M) 26.519ms
[15.099s][info][gc,cpu         ] GC(221) User=0.03s Sys=0.00s Real=0.03s
[15.135s][info][gc,start       ] GC(222) Pause Young (Allocation Failure)
[15.173s][info][gc,heap        ] GC(222) PSYoungGen: 62592K(146432K)->62656K(142848K) Eden: 31232K(31232K)->0K(34816K) From: 31360K(115200K)->62656K(108032K)
[15.173s][info][gc,heap        ] GC(222) ParOldGen: 2360440K(2630656K)->2360440K(2630656K)
[15.173s][info][gc,metaspace   ] GC(222) Metaspace: 6302K(6528K)->6302K(6528K) NonClass: 5769K(5888K)->5769K(5888K) Class: 533K(640K)->533K(640K)
[15.173s][info][gc             ] GC(222) Pause Young (Allocation Failure) 2366M->2366M(2708M) 37.376ms
[15.173s][info][gc,cpu         ] GC(222) User=0.16s Sys=0.00s Real=0.04s
[15.215s][info][gc,start       ] GC(223) Pause Young (Allocation Failure)
[15.265s][info][gc,heap        ] GC(223) PSYoungGen: 97472K(142848K)->97536K(145920K) Eden: 34816K(34816K)->0K(34816K) From: 62656K(108032K)->97536K(111104K)
[15.265s][info][gc,heap        ] GC(223) ParOldGen: 2360440K(2630656K)->2360440K(2630656K)
[15.265s][info][gc,metaspace   ] GC(223) Metaspace: 6302K(6528K)->6302K(6528K) NonClass: 5769K(5888K)->5769K(5888K) Class: 533K(640K)->533K(640K)
[15.265s][info][gc             ] GC(223) Pause Young (Allocation Failure) 2400M->2400M(2711M) 50.038ms
[15.265s][info][gc,cpu         ] GC(223) User=0.28s Sys=0.00s Real=0.05s
[15.311s][info][gc,start       ] GC(224) Pause Young (Allocation Failure)
[15.377s][info][gc,heap        ] GC(224) PSYoungGen: 132352K(145920K)->101088K(150016K) Eden: 34816K(34816K)->0K(29184K) From: 97536K(111104K)->101088K(120832K)
[15.377s][info][gc,heap        ] GC(224) ParOldGen: 2360440K(2630656K)->2391952K(2630656K)
[15.377s][info][gc,metaspace   ] GC(224) Metaspace: 6302K(6528K)->6302K(6528K) NonClass: 5769K(5888K)->5769K(5888K) Class: 533K(640K)->533K(640K)
[15.377s][info][gc             ] GC(224) Pause Young (Allocation Failure) 2434M->2434M(2715M) 66.040ms
[15.377s][info][gc,cpu         ] GC(224) User=0.39s Sys=0.02s Real=0.07s
[15.410s][info][gc,start       ] GC(225) Pause Young (Allocation Failure)
[15.475s][info][gc,heap        ] GC(225) PSYoungGen: 130272K(150016K)->99072K(159232K) Eden: 29184K(29184K)->0K(29184K) From: 101088K(120832K)->99072K(130048K)
[15.475s][info][gc,heap        ] GC(225) ParOldGen: 2391952K(2630656K)->2423456K(2630656K)
[15.475s][info][gc,metaspace   ] GC(225) Metaspace: 6302K(6528K)->6302K(6528K) NonClass: 5769K(5888K)->5769K(5888K) Class: 533K(640K)->533K(640K)
[15.475s][info][gc             ] GC(225) Pause Young (Allocation Failure) 2463M->2463M(2724M) 64.600ms
[15.475s][info][gc,cpu         ] GC(225) User=0.34s Sys=0.05s Real=0.07s
[15.510s][info][gc,start       ] GC(226) Pause Young (Allocation Failure)
[15.575s][info][gc,heap        ] GC(226) PSYoungGen: 128256K(159232K)->93408K(165888K) Eden: 29184K(29184K)->0K(29696K) From: 99072K(130048K)->93408K(136192K)
[15.575s][info][gc,heap        ] GC(226) ParOldGen: 2423456K(2630656K)->2458584K(2630656K)
[15.575s][info][gc,metaspace   ] GC(226) Metaspace: 6302K(6528K)->6302K(6528K) NonClass: 5769K(5888K)->5769K(5888K) Class: 533K(640K)->533K(640K)
[15.575s][info][gc             ] GC(226) Pause Young (Allocation Failure) 2491M->2492M(2731M) 64.514ms
[15.575s][info][gc,cpu         ] GC(226) User=0.41s Sys=0.00s Real=0.06s
[15.612s][info][gc,start       ] GC(227) Pause Young (Allocation Failure)
[15.676s][info][gc,heap        ] GC(227) PSYoungGen: 123104K(165888K)->59072K(89088K) Eden: 29696K(29696K)->0K(29696K) From: 93408K(136192K)->59072K(59392K)
[15.676s][info][gc,heap        ] GC(227) ParOldGen: 2458584K(2630656K)->2523136K(2630656K)
[15.676s][info][gc,metaspace   ] GC(227) Metaspace: 6302K(6528K)->6302K(6528K) NonClass: 5769K(5888K)->5769K(5888K) Class: 533K(640K)->533K(640K)
[15.676s][info][gc             ] GC(227) Pause Young (Allocation Failure) 2521M->2521M(2656M) 64.726ms
[15.676s][info][gc,cpu         ] GC(227) User=0.45s Sys=0.06s Real=0.07s
[15.714s][info][gc,start       ] GC(228) Pause Young (Allocation Failure)
[15.763s][info][gc,heap        ] GC(228) PSYoungGen: 88768K(89088K)->29856K(166912K) Eden: 29696K(29696K)->0K(33280K) From: 59072K(59392K)->29856K(133632K)
[15.763s][info][gc,heap        ] GC(228) ParOldGen: 2523136K(2630656K)->2582528K(2630656K)
[15.763s][info][gc,metaspace   ] GC(228) Metaspace: 6302K(6528K)->6302K(6528K) NonClass: 5769K(5888K)->5769K(5888K) Class: 533K(640K)->533K(640K)
[15.763s][info][gc             ] GC(228) Pause Young (Allocation Failure) 2550M->2551M(2732M) 49.008ms
[15.763s][info][gc,cpu         ] GC(228) User=0.28s Sys=0.00s Real=0.05s
[15.763s][info][gc,start       ] GC(229) Pause Full (Ergonomics)
[15.763s][info][gc,phases,start] GC(229) Marking Phase
[16.354s][info][gc,phases      ] GC(229) Marking Phase 590.952ms
[16.354s][info][gc,phases,start] GC(229) Summary Phase
[16.354s][info][gc,phases      ] GC(229) Summary Phase 0.050ms
[16.354s][info][gc,phases,start] GC(229) Adjust Roots
[16.354s][info][gc,phases      ] GC(229) Adjust Roots 0.164ms
[16.355s][info][gc,phases,start] GC(229) Compaction Phase
[16.573s][info][gc,phases      ] GC(229) Compaction Phase 218.739ms
[16.573s][info][gc,phases,start] GC(229) Post Compact
[16.578s][info][gc,phases      ] GC(229) Post Compact 4.291ms
[16.578s][info][gc,heap        ] GC(229) PSYoungGen: 29856K(166912K)->0K(167424K) Eden: 0K(33280K)->0K(33280K) From: 29856K(133632K)->0K(134144K)
[16.578s][info][gc,heap        ] GC(229) ParOldGen: 2582528K(2630656K)->2610049K(2662400K)
[16.578s][info][gc,metaspace   ] GC(229) Metaspace: 6302K(6528K)->6302K(6528K) NonClass: 5769K(5888K)->5769K(5888K) Class: 533K(640K)->533K(640K)
[16.578s][info][gc             ] GC(229) Pause Full (Ergonomics) 2551M->2548M(2763M) 814.650ms
[16.578s][info][gc,cpu         ] GC(229) User=6.17s Sys=0.00s Real=0.81s
[16.619s][info][gc,start       ] GC(230) Pause Young (Allocation Failure)
[16.646s][info][gc,heap        ] GC(230) PSYoungGen: 33280K(167424K)->33440K(166400K) Eden: 33280K(33280K)->0K(36352K) From: 0K(134144K)->33440K(130048K)
[16.646s][info][gc,heap        ] GC(230) ParOldGen: 2610049K(2662400K)->2610049K(2662400K)
[16.646s][info][gc,metaspace   ] GC(230) Metaspace: 6302K(6528K)->6302K(6528K) NonClass: 5769K(5888K)->5769K(5888K) Class: 533K(640K)->533K(640K)
[16.646s][info][gc             ] GC(230) Pause Young (Allocation Failure) 2581M->2581M(2762M) 26.930ms
[16.646s][info][gc,cpu         ] GC(230) User=0.05s Sys=0.00s Real=0.03s
[16.646s][info][gc,start       ] GC(231) Pause Full (Ergonomics)
[16.646s][info][gc,phases,start] GC(231) Marking Phase
[17.242s][info][gc,phases      ] GC(231) Marking Phase 595.858ms
[17.242s][info][gc,phases,start] GC(231) Summary Phase
[17.242s][info][gc,phases      ] GC(231) Summary Phase 0.047ms
[17.242s][info][gc,phases,start] GC(231) Adjust Roots
[17.242s][info][gc,phases      ] GC(231) Adjust Roots 0.158ms
[17.243s][info][gc,phases,start] GC(231) Compaction Phase
[17.411s][info][gc,phases      ] GC(231) Compaction Phase 168.837ms
[17.411s][info][gc,phases,start] GC(231) Post Compact
[17.417s][info][gc,phases      ] GC(231) Post Compact 5.055ms
[17.417s][info][gc,heap        ] GC(231) PSYoungGen: 33440K(166400K)->0K(168960K) Eden: 0K(36352K)->0K(36352K) From: 33440K(130048K)->0K(132608K)
[17.417s][info][gc,heap        ] GC(231) ParOldGen: 2610049K(2662400K)->2643298K(2662400K)
[17.417s][info][gc,metaspace   ] GC(231) Metaspace: 6302K(6528K)->6302K(6528K) NonClass: 5769K(5888K)->5769K(5888K) Class: 533K(640K)->533K(640K)
[17.417s][info][gc             ] GC(231) Pause Full (Ergonomics) 2581M->2581M(2765M) 770.353ms
[17.417s][info][gc,cpu         ] GC(231) User=5.83s Sys=0.02s Real=0.77s
[17.465s][info][gc,start       ] GC(232) Pause Full (Ergonomics)
[17.465s][info][gc,phases,start] GC(232) Marking Phase
[18.088s][info][gc,phases      ] GC(232) Marking Phase 622.181ms
[18.088s][info][gc,phases,start] GC(232) Summary Phase
[18.088s][info][gc,phases      ] GC(232) Summary Phase 0.044ms
[18.088s][info][gc,phases,start] GC(232) Adjust Roots
[18.088s][info][gc,phases      ] GC(232) Adjust Roots 0.186ms
[18.088s][info][gc,phases,start] GC(232) Compaction Phase
[18.272s][info][gc,phases      ] GC(232) Compaction Phase 183.649ms
[18.272s][info][gc,phases,start] GC(232) Post Compact
[18.277s][info][gc,phases      ] GC(232) Post Compact 4.879ms
[18.277s][info][gc,heap        ] GC(232) PSYoungGen: 36352K(168960K)->17393K(168960K) Eden: 36352K(36352K)->17393K(36352K) From: 0K(132608K)->0K(132608K)
[18.277s][info][gc,heap        ] GC(232) ParOldGen: 2643298K(2662400K)->2662227K(2662400K)
[18.277s][info][gc,metaspace   ] GC(232) Metaspace: 6302K(6528K)->6302K(6528K) NonClass: 5769K(5888K)->5769K(5888K) Class: 533K(640K)->533K(640K)
[18.277s][info][gc             ] GC(232) Pause Full (Ergonomics) 2616M->2616M(2765M) 811.325ms
[18.277s][info][gc,cpu         ] GC(232) User=6.02s Sys=0.00s Real=0.81s
[18.302s][info][gc,start       ] GC(233) Pause Full (Ergonomics)
[18.302s][info][gc,phases,start] GC(233) Marking Phase
[18.913s][info][gc,phases      ] GC(233) Marking Phase 611.172ms
[18.913s][info][gc,phases,start] GC(233) Summary Phase
[18.913s][info][gc,phases      ] GC(233) Summary Phase 0.036ms
[18.913s][info][gc,phases,start] GC(233) Adjust Roots
[18.913s][info][gc,phases      ] GC(233) Adjust Roots 0.166ms
[18.913s][info][gc,phases,start] GC(233) Compaction Phase
[19.079s][info][gc,phases      ] GC(233) Compaction Phase 165.767ms
[19.079s][info][gc,phases,start] GC(233) Post Compact
[19.084s][info][gc,phases      ] GC(233) Post Compact 4.328ms
[19.084s][info][gc,heap        ] GC(233) PSYoungGen: 36352K(168960K)->36334K(168960K) Eden: 36352K(36352K)->36334K(36352K) From: 0K(132608K)->0K(132608K)
[19.084s][info][gc,heap        ] GC(233) ParOldGen: 2662227K(2662400K)->2662227K(2662400K)
[19.084s][info][gc,metaspace   ] GC(233) Metaspace: 6302K(6528K)->6302K(6528K) NonClass: 5769K(5888K)->5769K(5888K) Class: 533K(640K)->533K(640K)
[19.084s][info][gc             ] GC(233) Pause Full (Ergonomics) 2635M->2635M(2765M) 781.830ms
[19.084s][info][gc,cpu         ] GC(233) User=5.95s Sys=0.02s Real=0.78s
[19.084s][info][gc,start       ] GC(234) Pause Full (Ergonomics)
[19.084s][info][gc,phases,start] GC(234) Marking Phase
[19.692s][info][gc,phases      ] GC(234) Marking Phase 608.413ms
[19.692s][info][gc,phases,start] GC(234) Summary Phase
[19.692s][info][gc,phases      ] GC(234) Summary Phase 0.036ms
[19.692s][info][gc,phases,start] GC(234) Adjust Roots
[19.693s][info][gc,phases      ] GC(234) Adjust Roots 0.177ms
[19.693s][info][gc,phases,start] GC(234) Compaction Phase
[19.854s][info][gc,phases      ] GC(234) Compaction Phase 161.736ms
[19.854s][info][gc,phases,start] GC(234) Post Compact
[19.859s][info][gc,phases      ] GC(234) Post Compact 4.021ms
[19.859s][info][gc,heap        ] GC(234) PSYoungGen: 36352K(168960K)->36351K(168960K) Eden: 36352K(36352K)->36351K(36352K) From: 0K(132608K)->0K(132608K)
[19.859s][info][gc,heap        ] GC(234) ParOldGen: 2662227K(2662400K)->2662227K(2662400K)
[19.859s][info][gc,metaspace   ] GC(234) Metaspace: 6302K(6528K)->6302K(6528K) NonClass: 5769K(5888K)->5769K(5888K) Class: 533K(640K)->533K(640K)
[19.859s][info][gc             ] GC(234) Pause Full (Ergonomics) 2635M->2635M(2765M) 774.732ms
[19.859s][info][gc,cpu         ] GC(234) User=5.83s Sys=0.00s Real=0.77s
[19.859s][info][gc,start       ] GC(235) Pause Full (Ergonomics)
[19.859s][info][gc,phases,start] GC(235) Marking Phase
[20.464s][info][gc,phases      ] GC(235) Marking Phase 604.877ms
[20.464s][info][gc,phases,start] GC(235) Summary Phase
[20.464s][info][gc,phases      ] GC(235) Summary Phase 0.036ms
[20.464s][info][gc,phases,start] GC(235) Adjust Roots
[20.464s][info][gc,phases      ] GC(235) Adjust Roots 0.162ms
[20.464s][info][gc,phases,start] GC(235) Compaction Phase
[20.631s][info][gc,phases      ] GC(235) Compaction Phase 166.910ms
[20.631s][info][gc,phases,start] GC(235) Post Compact
[20.635s][info][gc,phases      ] GC(235) Post Compact 4.458ms
[20.636s][info][gc,heap        ] GC(235) PSYoungGen: 36351K(168960K)->36351K(168960K) Eden: 36351K(36352K)->36351K(36352K) From: 0K(132608K)->0K(132608K)
[20.636s][info][gc,heap        ] GC(235) ParOldGen: 2662227K(2662400K)->2662227K(2662400K)
[20.636s][info][gc,metaspace   ] GC(235) Metaspace: 6302K(6528K)->6302K(6528K) NonClass: 5769K(5888K)->5769K(5888K) Class: 533K(640K)->533K(640K)
[20.636s][info][gc             ] GC(235) Pause Full (Ergonomics) 2635M->2635M(2765M) 776.794ms
[20.636s][info][gc,cpu         ] GC(235) User=5.88s Sys=0.00s Real=0.78s
[20.636s][info][gc,start       ] GC(236) Pause Full (Ergonomics)
[20.636s][info][gc,phases,start] GC(236) Marking Phase
[21.250s][info][gc,phases      ] GC(236) Marking Phase 613.861ms
[21.250s][info][gc,phases,start] GC(236) Summary Phase
[21.250s][info][gc,phases      ] GC(236) Summary Phase 0.037ms
[21.250s][info][gc,phases,start] GC(236) Adjust Roots
[21.250s][info][gc,phases      ] GC(236) Adjust Roots 0.163ms
[21.250s][info][gc,phases,start] GC(236) Compaction Phase
[21.420s][info][gc,phases      ] GC(236) Compaction Phase 170.463ms
[21.421s][info][gc,phases,start] GC(236) Post Compact
[21.425s][info][gc,phases      ] GC(236) Post Compact 4.327ms
[21.425s][info][gc,heap        ] GC(236) PSYoungGen: 36352K(168960K)->36352K(168960K) Eden: 36352K(36352K)->36352K(36352K) From: 0K(132608K)->0K(132608K)
[21.425s][info][gc,heap        ] GC(236) ParOldGen: 2662232K(2662400K)->2662232K(2662400K)
[21.425s][info][gc,metaspace   ] GC(236) Metaspace: 6302K(6528K)->6302K(6528K) NonClass: 5769K(5888K)->5769K(5888K) Class: 533K(640K)->533K(640K)
[21.425s][info][gc             ] GC(236) Pause Full (Ergonomics) 2635M->2635M(2765M) 789.172ms
[21.425s][info][gc,cpu         ] GC(236) User=6.05s Sys=0.00s Real=0.79s
[21.425s][info][gc,start       ] GC(237) Pause Full (Ergonomics)
[21.425s][info][gc,phases,start] GC(237) Marking Phase
[22.038s][info][gc,phases      ] GC(237) Marking Phase 612.975ms
[22.038s][info][gc,phases,start] GC(237) Summary Phase
[22.038s][info][gc,phases      ] GC(237) Summary Phase 0.036ms
[22.038s][info][gc,phases,start] GC(237) Adjust Roots
[22.038s][info][gc,phases      ] GC(237) Adjust Roots 0.158ms
[22.039s][info][gc,phases,start] GC(237) Compaction Phase
[22.204s][info][gc,phases      ] GC(237) Compaction Phase 165.285ms
[22.204s][info][gc,phases,start] GC(237) Post Compact
[22.208s][info][gc,phases      ] GC(237) Post Compact 4.050ms
[22.208s][info][gc,heap        ] GC(237) PSYoungGen: 36352K(168960K)->36352K(168960K) Eden: 36352K(36352K)->36352K(36352K) From: 0K(132608K)->0K(132608K)
[22.208s][info][gc,heap        ] GC(237) ParOldGen: 2662236K(2662400K)->2662236K(2662400K)
[22.208s][info][gc,metaspace   ] GC(237) Metaspace: 6302K(6528K)->6302K(6528K) NonClass: 5769K(5888K)->5769K(5888K) Class: 533K(640K)->533K(640K)
[22.208s][info][gc             ] GC(237) Pause Full (Ergonomics) 2635M->2635M(2765M) 782.841ms
[22.208s][info][gc,cpu         ] GC(237) User=5.97s Sys=0.00s Real=0.78s
[22.208s][info][gc,start       ] GC(238) Pause Full (Ergonomics)
[22.208s][info][gc,phases,start] GC(238) Marking Phase
[22.813s][info][gc,phases      ] GC(238) Marking Phase 604.450ms
[22.813s][info][gc,phases,start] GC(238) Summary Phase
[22.813s][info][gc,phases      ] GC(238) Summary Phase 0.037ms
[22.813s][info][gc,phases,start] GC(238) Adjust Roots
[22.813s][info][gc,phases      ] GC(238) Adjust Roots 0.162ms
[22.813s][info][gc,phases,start] GC(238) Compaction Phase
[22.980s][info][gc,phases      ] GC(238) Compaction Phase 166.652ms
[22.980s][info][gc,phases,start] GC(238) Post Compact
[22.984s][info][gc,phases      ] GC(238) Post Compact 4.326ms
[22.984s][info][gc,heap        ] GC(238) PSYoungGen: 36352K(168960K)->36352K(168960K) Eden: 36352K(36352K)->36352K(36352K) From: 0K(132608K)->0K(132608K)
[22.984s][info][gc,heap        ] GC(238) ParOldGen: 2662241K(2662400K)->2662241K(2662400K)
[22.984s][info][gc,metaspace   ] GC(238) Metaspace: 6302K(6528K)->6302K(6528K) NonClass: 5769K(5888K)->5769K(5888K) Class: 533K(640K)->533K(640K)
[22.984s][info][gc             ] GC(238) Pause Full (Ergonomics) 2635M->2635M(2765M) 775.956ms
[22.984s][info][gc,cpu         ] GC(238) User=6.03s Sys=0.00s Real=0.78s
[22.984s][info][gc,start       ] GC(239) Pause Full (Ergonomics)
[22.984s][info][gc,phases,start] GC(239) Marking Phase
[23.609s][info][gc,phases      ] GC(239) Marking Phase 624.954ms
[23.609s][info][gc,phases,start] GC(239) Summary Phase
[23.609s][info][gc,phases      ] GC(239) Summary Phase 0.036ms
[23.610s][info][gc,phases,start] GC(239) Adjust Roots
[23.610s][info][gc,phases      ] GC(239) Adjust Roots 0.163ms
[23.610s][info][gc,phases,start] GC(239) Compaction Phase
[23.769s][info][gc,phases      ] GC(239) Compaction Phase 159.075ms
[23.769s][info][gc,phases,start] GC(239) Post Compact
[23.773s][info][gc,phases      ] GC(239) Post Compact 4.455ms
[23.773s][info][gc,heap        ] GC(239) PSYoungGen: 36352K(168960K)->36352K(168960K) Eden: 36352K(36352K)->36352K(36352K) From: 0K(132608K)->0K(132608K)
[23.773s][info][gc,heap        ] GC(239) ParOldGen: 2662246K(2662400K)->2662246K(2662400K)
[23.773s][info][gc,metaspace   ] GC(239) Metaspace: 6302K(6528K)->6302K(6528K) NonClass: 5769K(5888K)->5769K(5888K) Class: 533K(640K)->533K(640K)
[23.773s][info][gc             ] GC(239) Pause Full (Ergonomics) 2635M->2635M(2765M) 789.022ms
[23.773s][info][gc,cpu         ] GC(239) User=6.08s Sys=0.00s Real=0.79s
[23.774s][info][gc,start       ] GC(240) Pause Full (Ergonomics)
[23.774s][info][gc,phases,start] GC(240) Marking Phase
[24.373s][info][gc,phases      ] GC(240) Marking Phase 599.599ms
[24.373s][info][gc,phases,start] GC(240) Summary Phase
[24.373s][info][gc,phases      ] GC(240) Summary Phase 0.038ms
[24.373s][info][gc,phases,start] GC(240) Adjust Roots
[24.374s][info][gc,phases      ] GC(240) Adjust Roots 0.184ms
[24.374s][info][gc,phases,start] GC(240) Compaction Phase
[24.542s][info][gc,phases      ] GC(240) Compaction Phase 168.691ms
[24.542s][info][gc,phases,start] GC(240) Post Compact
[24.547s][info][gc,phases      ] GC(240) Post Compact 4.380ms
[24.547s][info][gc,heap        ] GC(240) PSYoungGen: 36352K(168960K)->36352K(168960K) Eden: 36352K(36352K)->36352K(36352K) From: 0K(132608K)->0K(132608K)
[24.547s][info][gc,heap        ] GC(240) ParOldGen: 2662251K(2662400K)->2662251K(2662400K)
[24.547s][info][gc,metaspace   ] GC(240) Metaspace: 6302K(6528K)->6302K(6528K) NonClass: 5769K(5888K)->5769K(5888K) Class: 533K(640K)->533K(640K)
[24.547s][info][gc             ] GC(240) Pause Full (Ergonomics) 2635M->2635M(2765M) 773.230ms
[24.547s][info][gc,cpu         ] GC(240) User=5.83s Sys=0.00s Real=0.77s
[24.547s][info][gc,start       ] GC(241) Pause Full (Ergonomics)
[24.547s][info][gc,phases,start] GC(241) Marking Phase
[25.153s][info][gc,phases      ] GC(241) Marking Phase 606.198ms
[25.153s][info][gc,phases,start] GC(241) Summary Phase
[25.153s][info][gc,phases      ] GC(241) Summary Phase 0.037ms
[25.154s][info][gc,phases,start] GC(241) Adjust Roots
[25.154s][info][gc,phases      ] GC(241) Adjust Roots 0.179ms
[25.154s][info][gc,phases,start] GC(241) Compaction Phase
[25.320s][info][gc,phases      ] GC(241) Compaction Phase 166.602ms
[25.320s][info][gc,phases,start] GC(241) Post Compact
[25.325s][info][gc,phases      ] GC(241) Post Compact 4.201ms
[25.325s][info][gc,heap        ] GC(241) PSYoungGen: 36352K(168960K)->36352K(168960K) Eden: 36352K(36352K)->36352K(36352K) From: 0K(132608K)->0K(132608K)
[25.325s][info][gc,heap        ] GC(241) ParOldGen: 2662256K(2662400K)->2662256K(2662400K)
[25.325s][info][gc,metaspace   ] GC(241) Metaspace: 6302K(6528K)->6302K(6528K) NonClass: 5769K(5888K)->5769K(5888K) Class: 533K(640K)->533K(640K)
[25.325s][info][gc             ] GC(241) Pause Full (Ergonomics) 2635M->2635M(2765M) 777.589ms
[25.325s][info][gc,cpu         ] GC(241) User=5.94s Sys=0.00s Real=0.78s
[25.325s][info][gc,start       ] GC(242) Pause Full (Ergonomics)
[25.325s][info][gc,phases,start] GC(242) Marking Phase
[25.939s][info][gc,phases      ] GC(242) Marking Phase 614.023ms
[25.939s][info][gc,phases,start] GC(242) Summary Phase
[25.939s][info][gc,phases      ] GC(242) Summary Phase 0.038ms
[25.939s][info][gc,phases,start] GC(242) Adjust Roots
[25.939s][info][gc,phases      ] GC(242) Adjust Roots 0.166ms
[25.939s][info][gc,phases,start] GC(242) Compaction Phase
[26.115s][info][gc,phases      ] GC(242) Compaction Phase 175.935ms
[26.115s][info][gc,phases,start] GC(242) Post Compact
[26.120s][info][gc,phases      ] GC(242) Post Compact 4.629ms
[26.120s][info][gc,heap        ] GC(242) PSYoungGen: 36352K(168960K)->36352K(168960K) Eden: 36352K(36352K)->36352K(36352K) From: 0K(132608K)->0K(132608K)
[26.120s][info][gc,heap        ] GC(242) ParOldGen: 2662261K(2662400K)->2662261K(2662400K)
[26.120s][info][gc,metaspace   ] GC(242) Metaspace: 6302K(6528K)->6302K(6528K) NonClass: 5769K(5888K)->5769K(5888K) Class: 533K(640K)->533K(640K)
[26.120s][info][gc             ] GC(242) Pause Full (Ergonomics) 2635M->2635M(2765M) 795.140ms
[26.120s][info][gc,cpu         ] GC(242) User=6.03s Sys=0.00s Real=0.80s
[26.120s][info][gc,start       ] GC(243) Pause Full (Ergonomics)
[26.120s][info][gc,phases,start] GC(243) Marking Phase
[26.749s][info][gc,phases      ] GC(243) Marking Phase 629.117ms
[26.749s][info][gc,phases,start] GC(243) Summary Phase
[26.749s][info][gc,phases      ] GC(243) Summary Phase 0.036ms
[26.750s][info][gc,phases,start] GC(243) Adjust Roots
[26.750s][info][gc,phases      ] GC(243) Adjust Roots 0.164ms
[26.750s][info][gc,phases,start] GC(243) Compaction Phase
[26.923s][info][gc,phases      ] GC(243) Compaction Phase 173.492ms
[26.923s][info][gc,phases,start] GC(243) Post Compact
[26.929s][info][gc,phases      ] GC(243) Post Compact 5.886ms
[26.929s][info][gc,heap        ] GC(243) PSYoungGen: 36352K(168960K)->36352K(168960K) Eden: 36352K(36352K)->36352K(36352K) From: 0K(132608K)->0K(132608K)
[26.929s][info][gc,heap        ] GC(243) ParOldGen: 2662265K(2662400K)->2662265K(2662400K)
[26.929s][info][gc,metaspace   ] GC(243) Metaspace: 6302K(6528K)->6302K(6528K) NonClass: 5769K(5888K)->5769K(5888K) Class: 533K(640K)->533K(640K)
[26.929s][info][gc             ] GC(243) Pause Full (Ergonomics) 2635M->2635M(2765M) 809.105ms
[26.929s][info][gc,cpu         ] GC(243) User=6.22s Sys=0.00s Real=0.81s
[26.930s][info][gc,start       ] GC(244) Pause Full (Ergonomics)
[26.930s][info][gc,phases,start] GC(244) Marking Phase
[27.536s][info][gc,phases      ] GC(244) Marking Phase 606.017ms
[27.536s][info][gc,phases,start] GC(244) Summary Phase
[27.536s][info][gc,phases      ] GC(244) Summary Phase 0.036ms
[27.536s][info][gc,phases,start] GC(244) Adjust Roots
[27.536s][info][gc,phases      ] GC(244) Adjust Roots 0.162ms
[27.536s][info][gc,phases,start] GC(244) Compaction Phase
[27.710s][info][gc,phases      ] GC(244) Compaction Phase 173.691ms
[27.710s][info][gc,phases,start] GC(244) Post Compact
[27.714s][info][gc,phases      ] GC(244) Post Compact 4.736ms
[27.715s][info][gc,heap        ] GC(244) PSYoungGen: 36352K(168960K)->36352K(168960K) Eden: 36352K(36352K)->36352K(36352K) From: 0K(132608K)->0K(132608K)
[27.715s][info][gc,heap        ] GC(244) ParOldGen: 2662270K(2662400K)->2662270K(2662400K)
[27.715s][info][gc,metaspace   ] GC(244) Metaspace: 6302K(6528K)->6302K(6528K) NonClass: 5769K(5888K)->5769K(5888K) Class: 533K(640K)->533K(640K)
[27.715s][info][gc             ] GC(244) Pause Full (Ergonomics) 2635M->2635M(2765M) 784.990ms
[27.715s][info][gc,cpu         ] GC(244) User=5.88s Sys=0.00s Real=0.79s
[27.715s][info][gc,start       ] GC(245) Pause Full (Ergonomics)
[27.715s][info][gc,phases,start] GC(245) Marking Phase
[28.332s][info][gc,phases      ] GC(245) Marking Phase 617.534ms
[28.332s][info][gc,phases,start] GC(245) Summary Phase
[28.332s][info][gc,phases      ] GC(245) Summary Phase 0.036ms
[28.332s][info][gc,phases,start] GC(245) Adjust Roots
[28.333s][info][gc,phases      ] GC(245) Adjust Roots 0.160ms
[28.333s][info][gc,phases,start] GC(245) Compaction Phase
[28.517s][info][gc,phases      ] GC(245) Compaction Phase 184.514ms
[28.517s][info][gc,phases,start] GC(245) Post Compact
[28.522s][info][gc,phases      ] GC(245) Post Compact 5.136ms
[28.522s][info][gc,heap        ] GC(245) PSYoungGen: 36352K(168960K)->36352K(168960K) Eden: 36352K(36352K)->36352K(36352K) From: 0K(132608K)->0K(132608K)
[28.523s][info][gc,heap        ] GC(245) ParOldGen: 2662275K(2662400K)->2662275K(2662400K)
[28.523s][info][gc,metaspace   ] GC(245) Metaspace: 6302K(6528K)->6302K(6528K) NonClass: 5769K(5888K)->5769K(5888K) Class: 533K(640K)->533K(640K)
[28.523s][info][gc             ] GC(245) Pause Full (Ergonomics) 2635M->2635M(2765M) 807.738ms
[28.523s][info][gc,cpu         ] GC(245) User=6.05s Sys=0.00s Real=0.81s
[28.523s][info][gc,start       ] GC(246) Pause Full (Ergonomics)
[28.523s][info][gc,phases,start] GC(246) Marking Phase
[29.133s][info][gc,phases      ] GC(246) Marking Phase 610.105ms
[29.133s][info][gc,phases,start] GC(246) Summary Phase
[29.133s][info][gc,phases      ] GC(246) Summary Phase 0.037ms
[29.133s][info][gc,phases,start] GC(246) Adjust Roots
[29.133s][info][gc,phases      ] GC(246) Adjust Roots 0.170ms
[29.133s][info][gc,phases,start] GC(246) Compaction Phase
[29.301s][info][gc,phases      ] GC(246) Compaction Phase 167.373ms
[29.301s][info][gc,phases,start] GC(246) Post Compact
[29.305s][info][gc,phases      ] GC(246) Post Compact 4.354ms
[29.305s][info][gc,heap        ] GC(246) PSYoungGen: 36352K(168960K)->36352K(168960K) Eden: 36352K(36352K)->36352K(36352K) From: 0K(132608K)->0K(132608K)
[29.305s][info][gc,heap        ] GC(246) ParOldGen: 2662280K(2662400K)->2662280K(2662400K)
[29.305s][info][gc,metaspace   ] GC(246) Metaspace: 6302K(6528K)->6302K(6528K) NonClass: 5769K(5888K)->5769K(5888K) Class: 533K(640K)->533K(640K)
[29.305s][info][gc             ] GC(246) Pause Full (Ergonomics) 2635M->2635M(2765M) 782.354ms
[29.305s][info][gc,cpu         ] GC(246) User=6.02s Sys=0.00s Real=0.78s
[29.305s][info][gc,start       ] GC(247) Pause Full (Ergonomics)
[29.305s][info][gc,phases,start] GC(247) Marking Phase
[29.918s][info][gc,phases      ] GC(247) Marking Phase 612.934ms
[29.918s][info][gc,phases,start] GC(247) Summary Phase
[29.918s][info][gc,phases      ] GC(247) Summary Phase 0.037ms
[29.918s][info][gc,phases,start] GC(247) Adjust Roots
[29.919s][info][gc,phases      ] GC(247) Adjust Roots 0.163ms
[29.919s][info][gc,phases,start] GC(247) Compaction Phase
[30.097s][info][gc,phases      ] GC(247) Compaction Phase 178.234ms
[30.097s][info][gc,phases,start] GC(247) Post Compact
[30.102s][info][gc,phases      ] GC(247) Post Compact 4.662ms
[30.102s][info][gc,heap        ] GC(247) PSYoungGen: 36352K(168960K)->36352K(168960K) Eden: 36352K(36352K)->36352K(36352K) From: 0K(132608K)->0K(132608K)
[30.102s][info][gc,heap        ] GC(247) ParOldGen: 2662285K(2662400K)->2662285K(2662400K)
[30.102s][info][gc,metaspace   ] GC(247) Metaspace: 6302K(6528K)->6302K(6528K) NonClass: 5769K(5888K)->5769K(5888K) Class: 533K(640K)->533K(640K)
[30.102s][info][gc             ] GC(247) Pause Full (Ergonomics) 2635M->2635M(2765M) 796.396ms
[30.102s][info][gc,cpu         ] GC(247) User=6.00s Sys=0.00s Real=0.80s
[30.102s][info][gc,start       ] GC(248) Pause Full (Ergonomics)
[30.102s][info][gc,phases,start] GC(248) Marking Phase
[30.710s][info][gc,phases      ] GC(248) Marking Phase 607.566ms
[30.710s][info][gc,phases,start] GC(248) Summary Phase
[30.710s][info][gc,phases      ] GC(248) Summary Phase 0.036ms
[30.710s][info][gc,phases,start] GC(248) Adjust Roots
[30.710s][info][gc,phases      ] GC(248) Adjust Roots 0.162ms
[30.710s][info][gc,phases,start] GC(248) Compaction Phase
[30.878s][info][gc,phases      ] GC(248) Compaction Phase 168.295ms
[30.878s][info][gc,phases,start] GC(248) Post Compact
[30.883s][info][gc,phases      ] GC(248) Post Compact 4.304ms
[30.883s][info][gc,heap        ] GC(248) PSYoungGen: 36352K(168960K)->36352K(168960K) Eden: 36352K(36352K)->36352K(36352K) From: 0K(132608K)->0K(132608K)
[30.883s][info][gc,heap        ] GC(248) ParOldGen: 2662290K(2662400K)->2662290K(2662400K)
[30.883s][info][gc,metaspace   ] GC(248) Metaspace: 6302K(6528K)->6302K(6528K) NonClass: 5769K(5888K)->5769K(5888K) Class: 533K(640K)->533K(640K)
[30.883s][info][gc             ] GC(248) Pause Full (Ergonomics) 2635M->2635M(2765M) 780.700ms
[30.883s][info][gc,cpu         ] GC(248) User=5.91s Sys=0.02s Real=0.78s
[30.883s][info][gc,start       ] GC(249) Pause Full (Ergonomics)
[30.883s][info][gc,phases,start] GC(249) Marking Phase
[31.500s][info][gc,phases      ] GC(249) Marking Phase 616.704ms
[31.500s][info][gc,phases,start] GC(249) Summary Phase
[31.500s][info][gc,phases      ] GC(249) Summary Phase 0.037ms
[31.500s][info][gc,phases,start] GC(249) Adjust Roots
[31.500s][info][gc,phases      ] GC(249) Adjust Roots 0.187ms
[31.500s][info][gc,phases,start] GC(249) Compaction Phase
[31.667s][info][gc,phases      ] GC(249) Compaction Phase 166.681ms
[31.667s][info][gc,phases,start] GC(249) Post Compact
[31.671s][info][gc,phases      ] GC(249) Post Compact 4.501ms
[31.671s][info][gc,heap        ] GC(249) PSYoungGen: 36352K(168960K)->36352K(168960K) Eden: 36352K(36352K)->36352K(36352K) From: 0K(132608K)->0K(132608K)
[31.671s][info][gc,heap        ] GC(249) ParOldGen: 2662294K(2662400K)->2662294K(2662400K)
[31.671s][info][gc,metaspace   ] GC(249) Metaspace: 6302K(6528K)->6302K(6528K) NonClass: 5769K(5888K)->5769K(5888K) Class: 533K(640K)->533K(640K)
[31.671s][info][gc             ] GC(249) Pause Full (Ergonomics) 2635M->2635M(2765M) 788.471ms
[31.671s][info][gc,cpu         ] GC(249) User=6.17s Sys=0.00s Real=0.79s
[31.672s][info][gc,start       ] GC(250) Pause Full (Ergonomics)
[31.672s][info][gc,phases,start] GC(250) Marking Phase
[32.289s][info][gc,phases      ] GC(250) Marking Phase 617.251ms
[32.289s][info][gc,phases,start] GC(250) Summary Phase
[32.289s][info][gc,phases      ] GC(250) Summary Phase 0.039ms
[32.289s][info][gc,phases,start] GC(250) Adjust Roots
[32.289s][info][gc,phases      ] GC(250) Adjust Roots 0.188ms
[32.289s][info][gc,phases,start] GC(250) Compaction Phase
[32.460s][info][gc,phases      ] GC(250) Compaction Phase 170.920ms
[32.460s][info][gc,phases,start] GC(250) Post Compact
[32.465s][info][gc,phases      ] GC(250) Post Compact 4.384ms
[32.465s][info][gc,heap        ] GC(250) PSYoungGen: 36352K(168960K)->36352K(168960K) Eden: 36352K(36352K)->36352K(36352K) From: 0K(132608K)->0K(132608K)
[32.465s][info][gc,heap        ] GC(250) ParOldGen: 2662299K(2662400K)->2662299K(2662400K)
[32.465s][info][gc,metaspace   ] GC(250) Metaspace: 6302K(6528K)->6302K(6528K) NonClass: 5769K(5888K)->5769K(5888K) Class: 533K(640K)->533K(640K)
[32.465s][info][gc             ] GC(250) Pause Full (Ergonomics) 2635M->2635M(2765M) 793.133ms
[32.465s][info][gc,cpu         ] GC(250) User=5.97s Sys=0.02s Real=0.79s
[32.465s][info][gc,start       ] GC(251) Pause Full (Ergonomics)
[32.465s][info][gc,phases,start] GC(251) Marking Phase
[33.089s][info][gc,phases      ] GC(251) Marking Phase 624.323ms
[33.089s][info][gc,phases,start] GC(251) Summary Phase
[33.089s][info][gc,phases      ] GC(251) Summary Phase 0.037ms
[33.089s][info][gc,phases,start] GC(251) Adjust Roots
[33.090s][info][gc,phases      ] GC(251) Adjust Roots 0.194ms
[33.090s][info][gc,phases,start] GC(251) Compaction Phase
[33.259s][info][gc,phases      ] GC(251) Compaction Phase 169.709ms
[33.259s][info][gc,phases,start] GC(251) Post Compact
[33.264s][info][gc,phases      ] GC(251) Post Compact 4.360ms
[33.264s][info][gc,heap        ] GC(251) PSYoungGen: 36352K(168960K)->36352K(168960K) Eden: 36352K(36352K)->36352K(36352K) From: 0K(132608K)->0K(132608K)
[33.264s][info][gc,heap        ] GC(251) ParOldGen: 2662304K(2662400K)->2662304K(2662400K)
[33.264s][info][gc,metaspace   ] GC(251) Metaspace: 6302K(6528K)->6302K(6528K) NonClass: 5769K(5888K)->5769K(5888K) Class: 533K(640K)->533K(640K)
[33.264s][info][gc             ] GC(251) Pause Full (Ergonomics) 2635M->2635M(2765M) 798.972ms
[33.264s][info][gc,cpu         ] GC(251) User=6.03s Sys=0.00s Real=0.80s
[33.264s][info][gc,start       ] GC(252) Pause Full (Ergonomics)
[33.264s][info][gc,phases,start] GC(252) Marking Phase
[33.876s][info][gc,phases      ] GC(252) Marking Phase 612.052ms
[33.876s][info][gc,phases,start] GC(252) Summary Phase
[33.876s][info][gc,phases      ] GC(252) Summary Phase 0.036ms
[33.876s][info][gc,phases,start] GC(252) Adjust Roots
[33.876s][info][gc,phases      ] GC(252) Adjust Roots 0.165ms
[33.877s][info][gc,phases,start] GC(252) Compaction Phase
[34.066s][info][gc,phases      ] GC(252) Compaction Phase 189.489ms
[34.066s][info][gc,phases,start] GC(252) Post Compact
[34.071s][info][gc,phases      ] GC(252) Post Compact 4.826ms
[34.071s][info][gc,heap        ] GC(252) PSYoungGen: 36352K(168960K)->36352K(168960K) Eden: 36352K(36352K)->36352K(36352K) From: 0K(132608K)->0K(132608K)
[34.071s][info][gc,heap        ] GC(252) ParOldGen: 2662309K(2662400K)->2662309K(2662400K)
[34.071s][info][gc,metaspace   ] GC(252) Metaspace: 6302K(6528K)->6302K(6528K) NonClass: 5769K(5888K)->5769K(5888K) Class: 533K(640K)->533K(640K)
[34.071s][info][gc             ] GC(252) Pause Full (Ergonomics) 2635M->2635M(2765M) 806.902ms
[34.071s][info][gc,cpu         ] GC(252) User=6.11s Sys=0.00s Real=0.81s
[34.071s][info][gc,start       ] GC(253) Pause Full (Ergonomics)
[34.071s][info][gc,phases,start] GC(253) Marking Phase
[34.684s][info][gc,phases      ] GC(253) Marking Phase 613.180ms
[34.684s][info][gc,phases,start] GC(253) Summary Phase
[34.685s][info][gc,phases      ] GC(253) Summary Phase 0.036ms
[34.685s][info][gc,phases,start] GC(253) Adjust Roots
[34.685s][info][gc,phases      ] GC(253) Adjust Roots 0.160ms
[34.685s][info][gc,phases,start] GC(253) Compaction Phase
[34.852s][info][gc,phases      ] GC(253) Compaction Phase 166.757ms
[34.852s][info][gc,phases,start] GC(253) Post Compact
[34.856s][info][gc,phases      ] GC(253) Post Compact 4.484ms
[34.856s][info][gc,heap        ] GC(253) PSYoungGen: 36352K(168960K)->36352K(168960K) Eden: 36352K(36352K)->36352K(36352K) From: 0K(132608K)->0K(132608K)
[34.856s][info][gc,heap        ] GC(253) ParOldGen: 2662314K(2662400K)->2662314K(2662400K)
[34.856s][info][gc,metaspace   ] GC(253) Metaspace: 6302K(6528K)->6302K(6528K) NonClass: 5769K(5888K)->5769K(5888K) Class: 533K(640K)->533K(640K)
[34.856s][info][gc             ] GC(253) Pause Full (Ergonomics) 2635M->2635M(2765M) 784.945ms
[34.856s][info][gc,cpu         ] GC(253) User=6.08s Sys=0.00s Real=0.79s
[34.856s][info][gc,start       ] GC(254) Pause Full (Ergonomics)
[34.856s][info][gc,phases,start] GC(254) Marking Phase
[35.477s][info][gc,phases      ] GC(254) Marking Phase 620.714ms
[35.477s][info][gc,phases,start] GC(254) Summary Phase
[35.477s][info][gc,phases      ] GC(254) Summary Phase 0.036ms
[35.477s][info][gc,phases,start] GC(254) Adjust Roots
[35.477s][info][gc,phases      ] GC(254) Adjust Roots 0.158ms
[35.477s][info][gc,phases,start] GC(254) Compaction Phase
[35.657s][info][gc,phases      ] GC(254) Compaction Phase 179.881ms
[35.657s][info][gc,phases,start] GC(254) Post Compact
[35.662s][info][gc,phases      ] GC(254) Post Compact 4.514ms
[35.662s][info][gc,heap        ] GC(254) PSYoungGen: 36352K(168960K)->36352K(168960K) Eden: 36352K(36352K)->36352K(36352K) From: 0K(132608K)->0K(132608K)
[35.662s][info][gc,heap        ] GC(254) ParOldGen: 2662319K(2662400K)->2662319K(2662400K)
[35.662s][info][gc,metaspace   ] GC(254) Metaspace: 6302K(6528K)->6302K(6528K) NonClass: 5769K(5888K)->5769K(5888K) Class: 533K(640K)->533K(640K)
[35.662s][info][gc             ] GC(254) Pause Full (Ergonomics) 2635M->2635M(2765M) 805.655ms
[35.662s][info][gc,cpu         ] GC(254) User=6.03s Sys=0.00s Real=0.80s
[35.662s][info][gc,start       ] GC(255) Pause Full (Ergonomics)
[35.662s][info][gc,phases,start] GC(255) Marking Phase
[36.267s][info][gc,phases      ] GC(255) Marking Phase 604.594ms
[36.267s][info][gc,phases,start] GC(255) Summary Phase
[36.267s][info][gc,phases      ] GC(255) Summary Phase 0.037ms
[36.267s][info][gc,phases,start] GC(255) Adjust Roots
[36.267s][info][gc,phases      ] GC(255) Adjust Roots 0.162ms
[36.267s][info][gc,phases,start] GC(255) Compaction Phase
[36.449s][info][gc,phases      ] GC(255) Compaction Phase 181.959ms
[36.449s][info][gc,phases,start] GC(255) Post Compact
[36.454s][info][gc,phases      ] GC(255) Post Compact 4.778ms
[36.454s][info][gc,heap        ] GC(255) PSYoungGen: 36352K(168960K)->36352K(168960K) Eden: 36352K(36352K)->36352K(36352K) From: 0K(132608K)->0K(132608K)
[36.454s][info][gc,heap        ] GC(255) ParOldGen: 2662323K(2662400K)->2662323K(2662400K)
[36.454s][info][gc,metaspace   ] GC(255) Metaspace: 6302K(6528K)->6302K(6528K) NonClass: 5769K(5888K)->5769K(5888K) Class: 533K(640K)->533K(640K)
[36.454s][info][gc             ] GC(255) Pause Full (Ergonomics) 2635M->2635M(2765M) 791.871ms
[36.454s][info][gc,cpu         ] GC(255) User=6.03s Sys=0.00s Real=0.79s
[36.454s][info][gc,start       ] GC(256) Pause Full (Ergonomics)
[36.454s][info][gc,phases,start] GC(256) Marking Phase
[37.067s][info][gc,phases      ] GC(256) Marking Phase 612.136ms
[37.067s][info][gc,phases,start] GC(256) Summary Phase
[37.067s][info][gc,phases      ] GC(256) Summary Phase 0.036ms
[37.067s][info][gc,phases,start] GC(256) Adjust Roots
[37.067s][info][gc,phases      ] GC(256) Adjust Roots 0.159ms
[37.067s][info][gc,phases,start] GC(256) Compaction Phase
[37.259s][info][gc,phases      ] GC(256) Compaction Phase 191.909ms
[37.259s][info][gc,phases,start] GC(256) Post Compact
[37.264s][info][gc,phases      ] GC(256) Post Compact 4.779ms
[37.264s][info][gc,heap        ] GC(256) PSYoungGen: 36352K(168960K)->36352K(168960K) Eden: 36352K(36352K)->36352K(36352K) From: 0K(132608K)->0K(132608K)
[37.264s][info][gc,heap        ] GC(256) ParOldGen: 2662328K(2662400K)->2662328K(2662400K)
[37.264s][info][gc,metaspace   ] GC(256) Metaspace: 6302K(6528K)->6302K(6528K) NonClass: 5769K(5888K)->5769K(5888K) Class: 533K(640K)->533K(640K)
[37.264s][info][gc             ] GC(256) Pause Full (Ergonomics) 2635M->2635M(2765M) 809.372ms
[37.264s][info][gc,cpu         ] GC(256) User=6.06s Sys=0.02s Real=0.81s
[37.264s][info][gc,start       ] GC(257) Pause Full (Ergonomics)
[37.264s][info][gc,phases,start] GC(257) Marking Phase
[37.894s][info][gc,phases      ] GC(257) Marking Phase 629.983ms
[37.894s][info][gc,phases,start] GC(257) Summary Phase
[37.894s][info][gc,phases      ] GC(257) Summary Phase 0.036ms
[37.894s][info][gc,phases,start] GC(257) Adjust Roots
[37.894s][info][gc,phases      ] GC(257) Adjust Roots 0.162ms
[37.894s][info][gc,phases,start] GC(257) Compaction Phase
[38.063s][info][gc,phases      ] GC(257) Compaction Phase 168.323ms
[38.063s][info][gc,phases,start] GC(257) Post Compact
[38.067s][info][gc,phases      ] GC(257) Post Compact 4.422ms
[38.067s][info][gc,heap        ] GC(257) PSYoungGen: 36352K(168960K)->36352K(168960K) Eden: 36352K(36352K)->36352K(36352K) From: 0K(132608K)->0K(132608K)
[38.067s][info][gc,heap        ] GC(257) ParOldGen: 2662333K(2662400K)->2662333K(2662400K)
[38.067s][info][gc,metaspace   ] GC(257) Metaspace: 6302K(6528K)->6302K(6528K) NonClass: 5769K(5888K)->5769K(5888K) Class: 533K(640K)->533K(640K)
[38.067s][info][gc             ] GC(257) Pause Full (Ergonomics) 2635M->2635M(2765M) 803.296ms
[38.067s][info][gc,cpu         ] GC(257) User=6.17s Sys=0.00s Real=0.80s
[38.067s][info][gc,start       ] GC(258) Pause Full (Ergonomics)
[38.068s][info][gc,phases,start] GC(258) Marking Phase
[38.682s][info][gc,phases      ] GC(258) Marking Phase 614.087ms
[38.682s][info][gc,phases,start] GC(258) Summary Phase
[38.682s][info][gc,phases      ] GC(258) Summary Phase 0.037ms
[38.682s][info][gc,phases,start] GC(258) Adjust Roots
[38.682s][info][gc,phases      ] GC(258) Adjust Roots 0.161ms
[38.682s][info][gc,phases,start] GC(258) Compaction Phase
[38.878s][info][gc,phases      ] GC(258) Compaction Phase 195.983ms
[38.878s][info][gc,phases,start] GC(258) Post Compact
[38.883s][info][gc,phases      ] GC(258) Post Compact 5.119ms
[38.883s][info][gc,heap        ] GC(258) PSYoungGen: 36352K(168960K)->36352K(168960K) Eden: 36352K(36352K)->36352K(36352K) From: 0K(132608K)->0K(132608K)
[38.883s][info][gc,heap        ] GC(258) ParOldGen: 2662338K(2662400K)->2662338K(2662400K)
[38.883s][info][gc,metaspace   ] GC(258) Metaspace: 6302K(6528K)->6302K(6528K) NonClass: 5769K(5888K)->5769K(5888K) Class: 533K(640K)->533K(640K)
[38.883s][info][gc             ] GC(258) Pause Full (Ergonomics) 2635M->2635M(2765M) 815.730ms
[38.883s][info][gc,cpu         ] GC(258) User=6.06s Sys=0.00s Real=0.82s
[38.883s][info][gc,start       ] GC(259) Pause Full (Ergonomics)
[38.883s][info][gc,phases,start] GC(259) Marking Phase
[39.505s][info][gc,phases      ] GC(259) Marking Phase 621.486ms
[39.505s][info][gc,phases,start] GC(259) Summary Phase
[39.505s][info][gc,phases      ] GC(259) Summary Phase 0.041ms
[39.505s][info][gc,phases,start] GC(259) Adjust Roots
[39.505s][info][gc,phases      ] GC(259) Adjust Roots 0.187ms
[39.505s][info][gc,phases,start] GC(259) Compaction Phase
[39.682s][info][gc,phases      ] GC(259) Compaction Phase 176.818ms
[39.682s][info][gc,phases,start] GC(259) Post Compact
[39.687s][info][gc,phases      ] GC(259) Post Compact 4.421ms
[39.687s][info][gc,heap        ] GC(259) PSYoungGen: 36352K(168960K)->36352K(168960K) Eden: 36352K(36352K)->36352K(36352K) From: 0K(132608K)->0K(132608K)
[39.687s][info][gc,heap        ] GC(259) ParOldGen: 2662343K(2662400K)->2662343K(2662400K)
[39.687s][info][gc,metaspace   ] GC(259) Metaspace: 6302K(6528K)->6302K(6528K) NonClass: 5769K(5888K)->5769K(5888K) Class: 533K(640K)->533K(640K)
[39.687s][info][gc             ] GC(259) Pause Full (Ergonomics) 2635M->2635M(2765M) 803.321ms
[39.687s][info][gc,cpu         ] GC(259) User=5.97s Sys=0.00s Real=0.80s
[39.687s][info][gc,start       ] GC(260) Pause Full (Ergonomics)
[39.687s][info][gc,phases,start] GC(260) Marking Phase
[40.314s][info][gc,phases      ] GC(260) Marking Phase 627.206ms
[40.314s][info][gc,phases,start] GC(260) Summary Phase
[40.314s][info][gc,phases      ] GC(260) Summary Phase 0.037ms
[40.314s][info][gc,phases,start] GC(260) Adjust Roots
[40.315s][info][gc,phases      ] GC(260) Adjust Roots 0.162ms
[40.315s][info][gc,phases,start] GC(260) Compaction Phase
[40.508s][info][gc,phases      ] GC(260) Compaction Phase 193.392ms
[40.508s][info][gc,phases,start] GC(260) Post Compact
[40.513s][info][gc,phases      ] GC(260) Post Compact 4.792ms
[40.513s][info][gc,heap        ] GC(260) PSYoungGen: 36352K(168960K)->36352K(168960K) Eden: 36352K(36352K)->36352K(36352K) From: 0K(132608K)->0K(132608K)
[40.513s][info][gc,heap        ] GC(260) ParOldGen: 2662348K(2662400K)->2662348K(2662400K)
[40.513s][info][gc,metaspace   ] GC(260) Metaspace: 6302K(6528K)->6302K(6528K) NonClass: 5769K(5888K)->5769K(5888K) Class: 533K(640K)->533K(640K)
[40.513s][info][gc             ] GC(260) Pause Full (Ergonomics) 2635M->2635M(2765M) 825.963ms
[40.513s][info][gc,cpu         ] GC(260) User=6.27s Sys=0.00s Real=0.83s
[40.513s][info][gc,start       ] GC(261) Pause Full (Ergonomics)
[40.513s][info][gc,phases,start] GC(261) Marking Phase
[41.138s][info][gc,phases      ] GC(261) Marking Phase 625.118ms
[41.138s][info][gc,phases,start] GC(261) Summary Phase
[41.138s][info][gc,phases      ] GC(261) Summary Phase 0.043ms
[41.138s][info][gc,phases,start] GC(261) Adjust Roots
[41.139s][info][gc,phases      ] GC(261) Adjust Roots 0.187ms
[41.139s][info][gc,phases,start] GC(261) Compaction Phase
[41.326s][info][gc,phases      ] GC(261) Compaction Phase 187.473ms
[41.326s][info][gc,phases,start] GC(261) Post Compact
[41.331s][info][gc,phases      ] GC(261) Post Compact 4.762ms
[41.331s][info][gc,heap        ] GC(261) PSYoungGen: 36352K(168960K)->36352K(168960K) Eden: 36352K(36352K)->36352K(36352K) From: 0K(132608K)->0K(132608K)
[41.331s][info][gc,heap        ] GC(261) ParOldGen: 2662352K(2662400K)->2662352K(2662400K)
[41.331s][info][gc,metaspace   ] GC(261) Metaspace: 6302K(6528K)->6302K(6528K) NonClass: 5769K(5888K)->5769K(5888K) Class: 533K(640K)->533K(640K)
[41.331s][info][gc             ] GC(261) Pause Full (Ergonomics) 2635M->2635M(2765M) 817.938ms
[41.331s][info][gc,cpu         ] GC(261) User=6.09s Sys=0.02s Real=0.82s
[41.331s][info][gc,start       ] GC(262) Pause Full (Ergonomics)
[41.331s][info][gc,phases,start] GC(262) Marking Phase
[41.948s][info][gc,phases      ] GC(262) Marking Phase 617.077ms
[41.949s][info][gc,phases,start] GC(262) Summary Phase
[41.949s][info][gc,phases      ] GC(262) Summary Phase 0.037ms
[41.949s][info][gc,phases,start] GC(262) Adjust Roots
[41.949s][info][gc,phases      ] GC(262) Adjust Roots 0.172ms
[41.949s][info][gc,phases,start] GC(262) Compaction Phase
[42.126s][info][gc,phases      ] GC(262) Compaction Phase 176.831ms
[42.126s][info][gc,phases,start] GC(262) Post Compact
[42.131s][info][gc,phases      ] GC(262) Post Compact 5.113ms
[42.131s][info][gc,heap        ] GC(262) PSYoungGen: 36352K(168960K)->36352K(168960K) Eden: 36352K(36352K)->36352K(36352K) From: 0K(132608K)->0K(132608K)
[42.131s][info][gc,heap        ] GC(262) ParOldGen: 2662357K(2662400K)->2662357K(2662400K)
[42.131s][info][gc,metaspace   ] GC(262) Metaspace: 6302K(6528K)->6302K(6528K) NonClass: 5769K(5888K)->5769K(5888K) Class: 533K(640K)->533K(640K)
[42.131s][info][gc             ] GC(262) Pause Full (Ergonomics) 2635M->2635M(2765M) 799.588ms
[42.131s][info][gc,cpu         ] GC(262) User=6.11s Sys=0.00s Real=0.80s
[42.131s][info][gc,start       ] GC(263) Pause Full (Ergonomics)
[42.131s][info][gc,phases,start] GC(263) Marking Phase
[42.744s][info][gc,phases      ] GC(263) Marking Phase 613.172ms
[42.744s][info][gc,phases,start] GC(263) Summary Phase
[42.744s][info][gc,phases      ] GC(263) Summary Phase 0.043ms
[42.744s][info][gc,phases,start] GC(263) Adjust Roots
[42.745s][info][gc,phases      ] GC(263) Adjust Roots 0.167ms
[42.745s][info][gc,phases,start] GC(263) Compaction Phase
[42.923s][info][gc,phases      ] GC(263) Compaction Phase 178.241ms
[42.923s][info][gc,phases,start] GC(263) Post Compact
[42.927s][info][gc,phases      ] GC(263) Post Compact 4.451ms
[42.928s][info][gc,heap        ] GC(263) PSYoungGen: 36352K(168960K)->36352K(168960K) Eden: 36352K(36352K)->36352K(36352K) From: 0K(132608K)->0K(132608K)
[42.928s][info][gc,heap        ] GC(263) ParOldGen: 2662362K(2662400K)->2662362K(2662400K)
[42.928s][info][gc,metaspace   ] GC(263) Metaspace: 6302K(6528K)->6302K(6528K) NonClass: 5769K(5888K)->5769K(5888K) Class: 533K(640K)->533K(640K)
[42.928s][info][gc             ] GC(263) Pause Full (Ergonomics) 2635M->2635M(2765M) 796.445ms
[42.928s][info][gc,cpu         ] GC(263) User=5.98s Sys=0.00s Real=0.80s
[42.928s][info][gc,start       ] GC(264) Pause Full (Ergonomics)
[42.928s][info][gc,phases,start] GC(264) Marking Phase
[43.539s][info][gc,phases      ] GC(264) Marking Phase 611.015ms
[43.539s][info][gc,phases,start] GC(264) Summary Phase
[43.539s][info][gc,phases      ] GC(264) Summary Phase 0.036ms
[43.539s][info][gc,phases,start] GC(264) Adjust Roots
[43.539s][info][gc,phases      ] GC(264) Adjust Roots 0.167ms
[43.539s][info][gc,phases,start] GC(264) Compaction Phase
[43.712s][info][gc,phases      ] GC(264) Compaction Phase 172.776ms
[43.712s][info][gc,phases,start] GC(264) Post Compact
[43.716s][info][gc,phases      ] GC(264) Post Compact 4.415ms
[43.717s][info][gc,heap        ] GC(264) PSYoungGen: 36352K(168960K)->36352K(168960K) Eden: 36352K(36352K)->36352K(36352K) From: 0K(132608K)->0K(132608K)
[43.717s][info][gc,heap        ] GC(264) ParOldGen: 2662367K(2662400K)->2662367K(2662400K)
[43.717s][info][gc,metaspace   ] GC(264) Metaspace: 6302K(6528K)->6302K(6528K) NonClass: 5769K(5888K)->5769K(5888K) Class: 533K(640K)->533K(640K)
[43.717s][info][gc             ] GC(264) Pause Full (Ergonomics) 2635M->2635M(2765M) 788.753ms
[43.717s][info][gc,cpu         ] GC(264) User=6.05s Sys=0.00s Real=0.79s
[43.717s][info][gc,start       ] GC(265) Pause Full (Ergonomics)
[43.717s][info][gc,phases,start] GC(265) Marking Phase
[44.329s][info][gc,phases      ] GC(265) Marking Phase 612.408ms
[44.329s][info][gc,phases,start] GC(265) Summary Phase
[44.329s][info][gc,phases      ] GC(265) Summary Phase 0.036ms
[44.329s][info][gc,phases,start] GC(265) Adjust Roots
[44.330s][info][gc,phases      ] GC(265) Adjust Roots 0.158ms
[44.330s][info][gc,phases,start] GC(265) Compaction Phase
[44.501s][info][gc,phases      ] GC(265) Compaction Phase 171.658ms
[44.501s][info][gc,phases,start] GC(265) Post Compact
[44.506s][info][gc,phases      ] GC(265) Post Compact 4.482ms
[44.506s][info][gc,heap        ] GC(265) PSYoungGen: 36352K(168960K)->36352K(168960K) Eden: 36352K(36352K)->36352K(36352K) From: 0K(132608K)->0K(132608K)
[44.506s][info][gc,heap        ] GC(265) ParOldGen: 2662372K(2662400K)->2662372K(2662400K)
[44.506s][info][gc,metaspace   ] GC(265) Metaspace: 6302K(6528K)->6302K(6528K) NonClass: 5769K(5888K)->5769K(5888K) Class: 533K(640K)->533K(640K)
[44.506s][info][gc             ] GC(265) Pause Full (Ergonomics) 2635M->2635M(2765M) 789.094ms
[44.506s][info][gc,cpu         ] GC(265) User=6.19s Sys=0.02s Real=0.79s
[44.506s][info][gc,start       ] GC(266) Pause Full (Ergonomics)
[44.506s][info][gc,phases,start] GC(266) Marking Phase
[45.129s][info][gc,phases      ] GC(266) Marking Phase 622.336ms
[45.129s][info][gc,phases,start] GC(266) Summary Phase
[45.129s][info][gc,phases      ] GC(266) Summary Phase 0.036ms
[45.129s][info][gc,phases,start] GC(266) Adjust Roots
[45.129s][info][gc,phases      ] GC(266) Adjust Roots 0.162ms
[45.129s][info][gc,phases,start] GC(266) Compaction Phase
[45.306s][info][gc,phases      ] GC(266) Compaction Phase 177.194ms
[45.306s][info][gc,phases,start] GC(266) Post Compact
[45.311s][info][gc,phases      ] GC(266) Post Compact 4.479ms
[45.311s][info][gc,heap        ] GC(266) PSYoungGen: 36352K(168960K)->36352K(168960K) Eden: 36352K(36352K)->36352K(36352K) From: 0K(132608K)->0K(132608K)
[45.311s][info][gc,heap        ] GC(266) ParOldGen: 2662377K(2662400K)->2662377K(2662400K)
[45.311s][info][gc,metaspace   ] GC(266) Metaspace: 6302K(6528K)->6302K(6528K) NonClass: 5769K(5888K)->5769K(5888K) Class: 533K(640K)->533K(640K)
[45.311s][info][gc             ] GC(266) Pause Full (Ergonomics) 2635M->2635M(2765M) 804.556ms
[45.311s][info][gc,cpu         ] GC(266) User=6.00s Sys=0.02s Real=0.80s
[45.311s][info][gc,start       ] GC(267) Pause Full (Ergonomics)
[45.311s][info][gc,phases,start] GC(267) Marking Phase
[45.934s][info][gc,phases      ] GC(267) Marking Phase 622.898ms
[45.934s][info][gc,phases,start] GC(267) Summary Phase
[45.934s][info][gc,phases      ] GC(267) Summary Phase 0.036ms
[45.934s][info][gc,phases,start] GC(267) Adjust Roots
[45.934s][info][gc,phases      ] GC(267) Adjust Roots 0.186ms
[45.934s][info][gc,phases,start] GC(267) Compaction Phase
[46.118s][info][gc,phases      ] GC(267) Compaction Phase 184.128ms
[46.118s][info][gc,phases,start] GC(267) Post Compact
[46.123s][info][gc,phases      ] GC(267) Post Compact 4.737ms
[46.123s][info][gc,heap        ] GC(267) PSYoungGen: 36352K(168960K)->36352K(168960K) Eden: 36352K(36352K)->36352K(36352K) From: 0K(132608K)->0K(132608K)
[46.123s][info][gc,heap        ] GC(267) ParOldGen: 2662381K(2662400K)->2662381K(2662400K)
[46.123s][info][gc,metaspace   ] GC(267) Metaspace: 6302K(6528K)->6302K(6528K) NonClass: 5769K(5888K)->5769K(5888K) Class: 533K(640K)->533K(640K)
[46.123s][info][gc             ] GC(267) Pause Full (Ergonomics) 2635M->2635M(2765M) 812.328ms
[46.123s][info][gc,cpu         ] GC(267) User=6.06s Sys=0.00s Real=0.81s
[46.123s][info][gc,start       ] GC(268) Pause Full (Ergonomics)
[46.124s][info][gc,phases,start] GC(268) Marking Phase
[46.749s][info][gc,phases      ] GC(268) Marking Phase 625.246ms
[46.749s][info][gc,phases,start] GC(268) Summary Phase
[46.749s][info][gc,phases      ] GC(268) Summary Phase 0.036ms
[46.749s][info][gc,phases,start] GC(268) Adjust Roots
[46.749s][info][gc,phases      ] GC(268) Adjust Roots 0.162ms
[46.749s][info][gc,phases,start] GC(268) Compaction Phase
[46.931s][info][gc,phases      ] GC(268) Compaction Phase 181.541ms
[46.931s][info][gc,phases,start] GC(268) Post Compact
[46.935s][info][gc,phases      ] GC(268) Post Compact 4.408ms
[46.935s][info][gc,heap        ] GC(268) PSYoungGen: 36352K(168960K)->36352K(168960K) Eden: 36352K(36352K)->36352K(36352K) From: 0K(132608K)->0K(132608K)
[46.935s][info][gc,heap        ] GC(268) ParOldGen: 2662386K(2662400K)->2662386K(2662400K)
[46.935s][info][gc,metaspace   ] GC(268) Metaspace: 6302K(6528K)->6302K(6528K) NonClass: 5769K(5888K)->5769K(5888K) Class: 533K(640K)->533K(640K)
[46.935s][info][gc             ] GC(268) Pause Full (Ergonomics) 2635M->2635M(2765M) 811.710ms
[46.935s][info][gc,cpu         ] GC(268) User=6.23s Sys=0.00s Real=0.81s
[46.935s][info][gc,start       ] GC(269) Pause Full (Ergonomics)
[46.935s][info][gc,phases,start] GC(269) Marking Phase
[47.567s][info][gc,phases      ] GC(269) Marking Phase 631.306ms
[47.567s][info][gc,phases,start] GC(269) Summary Phase
[47.567s][info][gc,phases      ] GC(269) Summary Phase 0.036ms
[47.567s][info][gc,phases,start] GC(269) Adjust Roots
[47.567s][info][gc,phases      ] GC(269) Adjust Roots 0.167ms
[47.567s][info][gc,phases,start] GC(269) Compaction Phase
[47.746s][info][gc,phases      ] GC(269) Compaction Phase 178.480ms
[47.746s][info][gc,phases,start] GC(269) Post Compact
[47.750s][info][gc,phases      ] GC(269) Post Compact 4.383ms
[47.750s][info][gc,heap        ] GC(269) PSYoungGen: 36352K(168960K)->36352K(168960K) Eden: 36352K(36352K)->36352K(36352K) From: 0K(132608K)->0K(132608K)
[47.750s][info][gc,heap        ] GC(269) ParOldGen: 2662391K(2662400K)->2662391K(2662400K)
[47.750s][info][gc,metaspace   ] GC(269) Metaspace: 6302K(6528K)->6302K(6528K) NonClass: 5769K(5888K)->5769K(5888K) Class: 533K(640K)->533K(640K)
[47.750s][info][gc             ] GC(269) Pause Full (Ergonomics) 2635M->2635M(2765M) 814.695ms
[47.750s][info][gc,cpu         ] GC(269) User=6.19s Sys=0.00s Real=0.81s
[47.750s][info][gc,start       ] GC(270) Pause Full (Ergonomics)
[47.750s][info][gc,phases,start] GC(270) Marking Phase
[48.373s][info][gc,phases      ] GC(270) Marking Phase 622.889ms
[48.373s][info][gc,phases,start] GC(270) Summary Phase
[48.373s][info][gc,phases      ] GC(270) Summary Phase 0.036ms
[48.373s][info][gc,phases,start] GC(270) Adjust Roots
[48.374s][info][gc,phases      ] GC(270) Adjust Roots 0.162ms
[48.374s][info][gc,phases,start] GC(270) Compaction Phase
[48.549s][info][gc,phases      ] GC(270) Compaction Phase 175.770ms
[48.549s][info][gc,phases,start] GC(270) Post Compact
[48.554s][info][gc,phases      ] GC(270) Post Compact 4.399ms
[48.554s][info][gc,heap        ] GC(270) PSYoungGen: 36352K(168960K)->36352K(168960K) Eden: 36352K(36352K)->36352K(36352K) From: 0K(132608K)->0K(132608K)
[48.554s][info][gc,heap        ] GC(270) ParOldGen: 2662396K(2662400K)->2662396K(2662400K)
[48.554s][info][gc,metaspace   ] GC(270) Metaspace: 6302K(6528K)->6302K(6528K) NonClass: 5769K(5888K)->5769K(5888K) Class: 533K(640K)->533K(640K)
[48.554s][info][gc             ] GC(270) Pause Full (Ergonomics) 2635M->2635M(2765M) 803.600ms
[48.554s][info][gc,cpu         ] GC(270) User=6.00s Sys=0.00s Real=0.80s
[48.554s][info][gc,start       ] GC(271) Pause Full (Ergonomics)
[48.554s][info][gc,phases,start] GC(271) Marking Phase
[49.171s][info][gc,phases      ] GC(271) Marking Phase 617.275ms
[49.172s][info][gc,phases,start] GC(271) Summary Phase
[49.172s][info][gc,phases      ] GC(271) Summary Phase 0.037ms
[49.172s][info][gc,phases,start] GC(271) Adjust Roots
[49.172s][info][gc,phases      ] GC(271) Adjust Roots 0.163ms
[49.172s][info][gc,phases,start] GC(271) Compaction Phase
[49.357s][info][gc,phases      ] GC(271) Compaction Phase 184.946ms
[49.357s][info][gc,phases,start] GC(271) Post Compact
[49.362s][info][gc,phases      ] GC(271) Post Compact 4.841ms
[49.362s][info][gc,heap        ] GC(271) PSYoungGen: 36352K(168960K)->36352K(168960K) Eden: 36352K(36352K)->36352K(36352K) From: 0K(132608K)->0K(132608K)
[49.362s][info][gc,heap        ] GC(271) ParOldGen: 2662399K(2662400K)->2662399K(2662400K)
[49.362s][info][gc,metaspace   ] GC(271) Metaspace: 6302K(6528K)->6302K(6528K) NonClass: 5769K(5888K)->5769K(5888K) Class: 533K(640K)->533K(640K)
[49.362s][info][gc             ] GC(271) Pause Full (Ergonomics) 2635M->2635M(2765M) 807.620ms
[49.362s][info][gc,cpu         ] GC(271) User=6.20s Sys=0.00s Real=0.81s
[49.362s][info][gc,start       ] GC(272) Pause Full (Allocation Failure)
[49.362s][info][gc,phases,start] GC(272) Marking Phase
[49.990s][info][gc,phases      ] GC(272) Marking Phase 627.879ms
[49.990s][info][gc,phases,start] GC(272) Summary Phase
[49.990s][info][gc,phases      ] GC(272) Summary Phase 0.036ms
[49.990s][info][gc,phases,start] GC(272) Adjust Roots
[49.990s][info][gc,phases      ] GC(272) Adjust Roots 0.413ms
[49.990s][info][gc,phases,start] GC(272) Compaction Phase
[50.672s][info][gc,phases      ] GC(272) Compaction Phase 681.766ms
[50.672s][info][gc,phases,start] GC(272) Post Compact
[50.677s][info][gc,phases      ] GC(272) Post Compact 5.112ms
[50.677s][info][gc,heap        ] GC(272) PSYoungGen: 36352K(168960K)->36352K(168960K) Eden: 36352K(36352K)->36352K(36352K) From: 0K(132608K)->0K(132608K)
[50.677s][info][gc,heap        ] GC(272) ParOldGen: 2662399K(2662400K)->2662395K(2662400K)
[50.677s][info][gc,metaspace   ] GC(272) Metaspace: 6302K(6528K)->6300K(6528K) NonClass: 5769K(5888K)->5768K(5888K) Class: 533K(640K)->532K(640K)
[50.677s][info][gc             ] GC(272) Pause Full (Allocation Failure) 2635M->2635M(2765M) 1315.539ms
[50.677s][info][gc,cpu         ] GC(272) User=9.92s Sys=0.02s Real=1.31s
[50.678s][info][gc,start       ] GC(273) Pause Full (Ergonomics)
[50.678s][info][gc,phases,start] GC(273) Marking Phase
[51.307s][info][gc,phases      ] GC(273) Marking Phase 628.835ms
[51.307s][info][gc,phases,start] GC(273) Summary Phase
[51.307s][info][gc,phases      ] GC(273) Summary Phase 0.037ms
[51.307s][info][gc,phases,start] GC(273) Adjust Roots
[51.307s][info][gc,phases      ] GC(273) Adjust Roots 0.165ms
[51.307s][info][gc,phases,start] GC(273) Compaction Phase
[51.499s][info][gc,phases      ] GC(273) Compaction Phase 192.185ms
[51.499s][info][gc,phases,start] GC(273) Post Compact
[51.504s][info][gc,phases      ] GC(273) Post Compact 5.130ms
[51.505s][info][gc,heap        ] GC(273) PSYoungGen: 36352K(168960K)->36352K(168960K) Eden: 36352K(36352K)->36352K(36352K) From: 0K(132608K)->0K(132608K)
[51.505s][info][gc,heap        ] GC(273) ParOldGen: 2662396K(2662400K)->2662396K(2662400K)
[51.505s][info][gc,metaspace   ] GC(273) Metaspace: 6300K(6528K)->6300K(6528K) NonClass: 5768K(5888K)->5768K(5888K) Class: 532K(640K)->532K(640K)
[51.505s][info][gc             ] GC(273) Pause Full (Ergonomics) 2635M->2635M(2765M) 826.717ms
[51.505s][info][gc,cpu         ] GC(273) User=6.22s Sys=0.02s Real=0.83s
[51.505s][info][gc,start       ] GC(274) Pause Full (Ergonomics)
[51.505s][info][gc,phases,start] GC(274) Marking Phase
[52.130s][info][gc,phases      ] GC(274) Marking Phase 624.856ms
[52.130s][info][gc,phases,start] GC(274) Summary Phase
[52.130s][info][gc,phases      ] GC(274) Summary Phase 0.036ms
[52.130s][info][gc,phases,start] GC(274) Adjust Roots
[52.130s][info][gc,phases      ] GC(274) Adjust Roots 0.167ms
[52.130s][info][gc,phases,start] GC(274) Compaction Phase
[52.322s][info][gc,phases      ] GC(274) Compaction Phase 191.829ms
[52.322s][info][gc,phases,start] GC(274) Post Compact
[52.327s][info][gc,phases      ] GC(274) Post Compact 5.046ms
[52.327s][info][gc,heap        ] GC(274) PSYoungGen: 36352K(168960K)->36352K(168960K) Eden: 36352K(36352K)->36352K(36352K) From: 0K(132608K)->0K(132608K)
[52.327s][info][gc,heap        ] GC(274) ParOldGen: 2662399K(2662400K)->2662399K(2662400K)
[52.327s][info][gc,metaspace   ] GC(274) Metaspace: 6300K(6528K)->6300K(6528K) NonClass: 5768K(5888K)->5768K(5888K) Class: 532K(640K)->532K(640K)
[52.327s][info][gc             ] GC(274) Pause Full (Ergonomics) 2635M->2635M(2765M) 822.331ms
[52.327s][info][gc,cpu         ] GC(274) User=6.09s Sys=0.00s Real=0.82s
[52.328s][info][gc,start       ] GC(275) Pause Full (Allocation Failure)
[52.328s][info][gc,phases,start] GC(275) Marking Phase
[52.941s][info][gc,phases      ] GC(275) Marking Phase 613.919ms
[52.942s][info][gc,phases,start] GC(275) Summary Phase
[52.942s][info][gc,phases      ] GC(275) Summary Phase 0.037ms
[52.942s][info][gc,phases,start] GC(275) Adjust Roots
[52.942s][info][gc,phases      ] GC(275) Adjust Roots 0.161ms
[52.942s][info][gc,phases,start] GC(275) Compaction Phase
[53.132s][info][gc,phases      ] GC(275) Compaction Phase 189.848ms
[53.132s][info][gc,phases,start] GC(275) Post Compact
[53.137s][info][gc,phases      ] GC(275) Post Compact 5.023ms
[53.137s][info][gc,heap        ] GC(275) PSYoungGen: 36352K(168960K)->36352K(168960K) Eden: 36352K(36352K)->36352K(36352K) From: 0K(132608K)->0K(132608K)
[53.137s][info][gc,heap        ] GC(275) ParOldGen: 2662399K(2662400K)->2662399K(2662400K)
[53.137s][info][gc,metaspace   ] GC(275) Metaspace: 6300K(6528K)->6300K(6528K) NonClass: 5768K(5888K)->5768K(5888K) Class: 532K(640K)->532K(640K)
[53.137s][info][gc             ] GC(275) Pause Full (Allocation Failure) 2635M->2635M(2765M) 809.311ms
[53.137s][info][gc,cpu         ] GC(275) User=6.12s Sys=0.00s Real=0.81s
[53.137s][info][gc,start       ] GC(276) Pause Full (Ergonomics)
[53.137s][info][gc,phases,start] GC(276) Marking Phase
[53.760s][info][gc,phases      ] GC(276) Marking Phase 622.910ms
[53.760s][info][gc,phases,start] GC(276) Summary Phase
[53.760s][info][gc,phases      ] GC(276) Summary Phase 0.036ms
[53.760s][info][gc,phases,start] GC(276) Adjust Roots
[53.761s][info][gc,phases      ] GC(276) Adjust Roots 0.243ms
[53.761s][info][gc,phases,start] GC(276) Compaction Phase
[54.439s][info][gc,phases      ] GC(276) Compaction Phase 678.510ms
[54.439s][info][gc,phases,start] GC(276) Post Compact
[54.444s][info][gc,phases      ] GC(276) Post Compact 5.080ms
[54.444s][info][gc,heap        ] GC(276) PSYoungGen: 36352K(168960K)->36352K(168960K) Eden: 36352K(36352K)->36352K(36352K) From: 0K(132608K)->0K(132608K)
[54.444s][info][gc,heap        ] GC(276) ParOldGen: 2662399K(2662400K)->2662398K(2662400K)
[54.445s][info][gc,metaspace   ] GC(276) Metaspace: 6300K(6528K)->6300K(6528K) NonClass: 5768K(5888K)->5768K(5888K) Class: 532K(640K)->532K(640K)
[54.445s][info][gc             ] GC(276) Pause Full (Ergonomics) 2635M->2635M(2765M) 1307.132ms
[54.445s][info][gc,cpu         ] GC(276) User=9.70s Sys=0.02s Real=1.31s
[54.445s][info][gc,start       ] GC(277) Pause Full (Ergonomics)
[54.445s][info][gc,phases,start] GC(277) Marking Phase
[55.087s][info][gc,phases      ] GC(277) Marking Phase 641.473ms
[55.087s][info][gc,phases,start] GC(277) Summary Phase
[55.087s][info][gc,phases      ] GC(277) Summary Phase 0.060ms
[55.087s][info][gc,phases,start] GC(277) Adjust Roots
[55.087s][info][gc,phases      ] GC(277) Adjust Roots 0.269ms
[55.087s][info][gc,phases,start] GC(277) Compaction Phase
[55.756s][info][gc,phases      ] GC(277) Compaction Phase 668.866ms
[55.756s][info][gc,phases,start] GC(277) Post Compact
[55.761s][info][gc,phases      ] GC(277) Post Compact 5.047ms
[55.761s][info][gc,heap        ] GC(277) PSYoungGen: 36352K(168960K)->36352K(168960K) Eden: 36352K(36352K)->36352K(36352K) From: 0K(132608K)->0K(132608K)
[55.761s][info][gc,heap        ] GC(277) ParOldGen: 2662399K(2662400K)->2662398K(2662400K)
[55.762s][info][gc,metaspace   ] GC(277) Metaspace: 6301K(6528K)->6301K(6528K) NonClass: 5768K(5888K)->5768K(5888K) Class: 533K(640K)->533K(640K)
[55.762s][info][gc             ] GC(277) Pause Full (Ergonomics) 2635M->2635M(2765M) 1316.090ms
[55.762s][info][gc,cpu         ] GC(277) User=9.84s Sys=0.02s Real=1.32s
[55.762s][info][gc,heap,exit   ] Heap
[55.762s][info][gc,heap,exit   ]  PSYoungGen      total 168960K, used 36352K [0x00000007aec00000, 0x00000007c1600000, 0x0000000800000000)
[55.762s][info][gc,heap,exit   ]   eden space 36352K, 100% used [0x00000007aec00000,0x00000007b0f80000,0x00000007b0f80000)
[55.763s][info][gc,heap,exit   ]   from space 132608K, 0% used [0x00000007b0f80000,0x00000007b0f80000,0x00000007b9100000)
[55.763s][info][gc,heap,exit   ]   to   space 132608K, 0% used [0x00000007b9480000,0x00000007b9480000,0x00000007c1600000)
[55.763s][info][gc,heap,exit   ]  ParOldGen       total 2662400K, used 2662399K [0x000000070c400000, 0x00000007aec00000, 0x00000007aec00000)
[55.763s][info][gc,heap,exit   ]   object space 2662400K, 99% used [0x000000070c400000,0x00000007aebffcc8,0x00000007aec00000)
[55.763s][info][gc,heap,exit   ]  Metaspace       used 6305K, committed 6528K, reserved 1114112K
[55.763s][info][gc,heap,exit   ]   class space    used 534K, committed 640K, reserved 1048576K
