[0.011s][info][gc,init] CardTable entry size: 512
[0.011s][info][gc     ] Using Parallel
[0.012s][info][gc,init] Version: 18.0.1+10 (release)
[0.012s][info][gc,init] CPUs: 8 total, 8 available
[0.012s][info][gc,init] Memory: 16063M
[0.012s][info][gc,init] Large Page Support: Disabled
[0.012s][info][gc,init] NUMA Support: Disabled
[0.012s][info][gc,init] Compressed Oops: Enabled (Zero based)
[0.012s][info][gc,init] Alignments: Space 512K, Generation 512K, Heap 2M
[0.012s][info][gc,init] Heap Min Capacity: 2M
[0.012s][info][gc,init] Heap Initial Capacity: 2M
[0.012s][info][gc,init] Heap Max Capacity: 8900M
[0.013s][info][gc,init] Pre-touch: Disabled
[0.013s][info][gc,init] Parallel Workers: 8
[0.013s][info][gc,metaspace] CDS archive(s) not mapped
[0.013s][info][gc,metaspace] Compressed class space mapped at: 0x0000000800000000-0x0000000840000000, reserved size: 1073741824
[0.013s][info][gc,metaspace] Narrow klass base: 0x0000000800000000, Narrow klass shift: 0, Narrow klass range: 0x40000000
[0.105s][info][gc,start    ] GC(0) Pause Young (Allocation Failure)
[0.106s][info][gc,heap     ] GC(0) PSYoungGen: 512K(1024K)->480K(1024K) Eden: 512K(512K)->0K(512K) From: 0K(512K)->480K(512K)
[0.106s][info][gc,heap     ] GC(0) ParOldGen: 0K(512K)->8K(512K)
[0.106s][info][gc,metaspace] GC(0) Metaspace: 4229K(4352K)->4229K(4352K) NonClass: 3908K(3968K)->3908K(3968K) Class: 321K(384K)->321K(384K)
[0.106s][info][gc          ] GC(0) Pause Young (Allocation Failure) 0M->0M(1M) 1.318ms
[0.106s][info][gc,cpu      ] GC(0) User=0.00s Sys=0.00s Real=0.00s
[0.162s][info][gc,start    ] GC(1) Pause Young (Allocation Failure)
[0.163s][info][gc,heap     ] GC(1) PSYoungGen: 991K(1024K)->512K(1536K) Eden: 511K(512K)->0K(1024K) From: 480K(512K)->512K(512K)
[0.163s][info][gc,heap     ] GC(1) ParOldGen: 8K(512K)->96K(512K)
[0.163s][info][gc,metaspace] GC(1) Metaspace: 5877K(5952K)->5877K(5952K) NonClass: 5380K(5440K)->5380K(5440K) Class: 496K(512K)->496K(512K)
[0.163s][info][gc          ] GC(1) Pause Young (Allocation Failure) 0M->0M(2M) 0.887ms
[0.163s][info][gc,cpu      ] GC(1) User=0.00s Sys=0.00s Real=0.00s
[0.182s][info][gc,start    ] GC(2) Pause Young (Allocation Failure)
[0.183s][info][gc,heap     ] GC(2) PSYoungGen: 1536K(1536K)->512K(1536K) Eden: 1024K(1024K)->0K(1024K) From: 512K(512K)->512K(512K)
[0.183s][info][gc,heap     ] GC(2) ParOldGen: 96K(512K)->520K(1024K)
[0.183s][info][gc,metaspace] GC(2) Metaspace: 6295K(6464K)->6295K(6464K) NonClass: 5762K(5824K)->5762K(5824K) Class: 533K(640K)->533K(640K)
[0.183s][info][gc          ] GC(2) Pause Young (Allocation Failure) 1M->1M(2M) 1.086ms
[0.183s][info][gc,cpu      ] GC(2) User=0.00s Sys=0.00s Real=0.00s
[0.185s][info][gc,start    ] GC(3) Pause Young (Allocation Failure)
[0.186s][info][gc,heap     ] GC(3) PSYoungGen: 1536K(1536K)->480K(2560K) Eden: 1024K(1024K)->0K(2048K) From: 512K(512K)->480K(512K)
[0.186s][info][gc,heap     ] GC(3) ParOldGen: 520K(1024K)->1076K(1536K)
[0.186s][info][gc,metaspace] GC(3) Metaspace: 6295K(6464K)->6295K(6464K) NonClass: 5762K(5824K)->5762K(5824K) Class: 533K(640K)->533K(640K)
[0.186s][info][gc          ] GC(3) Pause Young (Allocation Failure) 2M->1M(4M) 1.250ms
[0.186s][info][gc,cpu      ] GC(3) User=0.00s Sys=0.00s Real=0.00s
[0.186s][info][gc,start    ] GC(4) Pause Full (Ergonomics)
[0.186s][info][gc,phases,start] GC(4) Marking Phase
[0.188s][info][gc,phases      ] GC(4) Marking Phase 1.339ms
[0.188s][info][gc,phases,start] GC(4) Summary Phase
[0.188s][info][gc,phases      ] GC(4) Summary Phase 0.015ms
[0.188s][info][gc,phases,start] GC(4) Adjust Roots
[0.188s][info][gc,phases      ] GC(4) Adjust Roots 0.325ms
[0.188s][info][gc,phases,start] GC(4) Compaction Phase
[0.190s][info][gc,phases      ] GC(4) Compaction Phase 2.104ms
[0.190s][info][gc,phases,start] GC(4) Post Compact
[0.190s][info][gc,phases      ] GC(4) Post Compact 0.081ms
[0.190s][info][gc,heap        ] GC(4) PSYoungGen: 480K(2560K)->0K(2560K) Eden: 0K(2048K)->0K(2048K) From: 480K(512K)->0K(512K)
[0.190s][info][gc,heap        ] GC(4) ParOldGen: 1076K(1536K)->1495K(3584K)
[0.190s][info][gc,metaspace   ] GC(4) Metaspace: 6295K(6464K)->6295K(6464K) NonClass: 5762K(5824K)->5762K(5824K) Class: 533K(640K)->533K(640K)
[0.190s][info][gc             ] GC(4) Pause Full (Ergonomics) 1M->1M(6M) 4.212ms
[0.190s][info][gc,cpu         ] GC(4) User=0.00s Sys=0.00s Real=0.00s
[0.193s][info][gc,start       ] GC(5) Pause Young (Allocation Failure)
[0.194s][info][gc,heap        ] GC(5) PSYoungGen: 2048K(2560K)->480K(3584K) Eden: 2048K(2048K)->0K(3072K) From: 0K(512K)->480K(512K)
[0.194s][info][gc,heap        ] GC(5) ParOldGen: 1495K(3584K)->2111K(3584K)
[0.194s][info][gc,metaspace   ] GC(5) Metaspace: 6295K(6464K)->6295K(6464K) NonClass: 5762K(5824K)->5762K(5824K) Class: 533K(640K)->533K(640K)
[0.194s][info][gc             ] GC(5) Pause Young (Allocation Failure) 3M->2M(7M) 1.235ms
[0.195s][info][gc,cpu         ] GC(5) User=0.00s Sys=0.00s Real=0.00s
[0.198s][info][gc,start       ] GC(6) Pause Young (Allocation Failure)
[0.201s][info][gc,heap        ] GC(6) PSYoungGen: 3552K(3584K)->1504K(4608K) Eden: 3072K(3072K)->0K(3072K) From: 480K(512K)->1504K(1536K)
[0.201s][info][gc,heap        ] GC(6) ParOldGen: 2111K(3584K)->2679K(3584K)
[0.201s][info][gc,metaspace   ] GC(6) Metaspace: 6295K(6464K)->6295K(6464K) NonClass: 5762K(5824K)->5762K(5824K) Class: 533K(640K)->533K(640K)
[0.201s][info][gc             ] GC(6) Pause Young (Allocation Failure) 5M->4M(8M) 2.135ms
[0.201s][info][gc,cpu         ] GC(6) User=0.00s Sys=0.00s Real=0.00s
[0.204s][info][gc,start       ] GC(7) Pause Young (Allocation Failure)
[0.207s][info][gc,heap        ] GC(7) PSYoungGen: 4576K(4608K)->2016K(7168K) Eden: 3072K(3072K)->0K(5120K) From: 1504K(1536K)->2016K(2048K)
[0.207s][info][gc,heap        ] GC(7) ParOldGen: 2679K(3584K)->3775K(4096K)
[0.207s][info][gc,metaspace   ] GC(7) Metaspace: 6295K(6464K)->6295K(6464K) NonClass: 5762K(5824K)->5762K(5824K) Class: 533K(640K)->533K(640K)
[0.207s][info][gc             ] GC(7) Pause Young (Allocation Failure) 7M->5M(11M) 2.969ms
[0.207s][info][gc,cpu         ] GC(7) User=0.00s Sys=0.00s Real=0.00s
[0.208s][info][gc,start       ] GC(8) Pause Full (Ergonomics)
[0.208s][info][gc,phases,start] GC(8) Marking Phase
[0.210s][info][gc,phases      ] GC(8) Marking Phase 2.591ms
[0.210s][info][gc,phases,start] GC(8) Summary Phase
[0.210s][info][gc,phases      ] GC(8) Summary Phase 0.014ms
[0.210s][info][gc,phases,start] GC(8) Adjust Roots
[0.211s][info][gc,phases      ] GC(8) Adjust Roots 0.316ms
[0.211s][info][gc,phases,start] GC(8) Compaction Phase
[0.214s][info][gc,phases      ] GC(8) Compaction Phase 2.957ms
[0.214s][info][gc,phases,start] GC(8) Post Compact
[0.214s][info][gc,phases      ] GC(8) Post Compact 0.038ms
[0.214s][info][gc,heap        ] GC(8) PSYoungGen: 2016K(7168K)->2012K(7168K) Eden: 0K(5120K)->0K(5120K) From: 2016K(2048K)->2012K(2048K)
[0.214s][info][gc,heap        ] GC(8) ParOldGen: 3775K(4096K)->3682K(6656K)
[0.214s][info][gc,metaspace   ] GC(8) Metaspace: 6295K(6464K)->6295K(6464K) NonClass: 5762K(5824K)->5762K(5824K) Class: 533K(640K)->533K(640K)
[0.214s][info][gc             ] GC(8) Pause Full (Ergonomics) 5M->5M(13M) 6.197ms
[0.214s][info][gc,cpu         ] GC(8) User=0.00s Sys=0.00s Real=0.01s
[0.221s][info][gc,start       ] GC(9) Pause Young (Allocation Failure)
[0.225s][info][gc,heap        ] GC(9) PSYoungGen: 7132K(7168K)->3040K(8192K) Eden: 5120K(5120K)->0K(5120K) From: 2012K(2048K)->3040K(3072K)
[0.225s][info][gc,heap        ] GC(9) ParOldGen: 3682K(6656K)->5330K(6656K)
[0.225s][info][gc,metaspace   ] GC(9) Metaspace: 6295K(6464K)->6295K(6464K) NonClass: 5762K(5824K)->5762K(5824K) Class: 533K(640K)->533K(640K)
[0.225s][info][gc             ] GC(9) Pause Young (Allocation Failure) 10M->8M(14M) 4.354ms
[0.225s][info][gc,cpu         ] GC(9) User=0.00s Sys=0.00s Real=0.01s
[0.225s][info][gc,start       ] GC(10) Pause Full (Ergonomics)
[0.225s][info][gc,phases,start] GC(10) Marking Phase
[0.229s][info][gc,phases      ] GC(10) Marking Phase 3.945ms
[0.229s][info][gc,phases,start] GC(10) Summary Phase
[0.229s][info][gc,phases      ] GC(10) Summary Phase 0.015ms
[0.230s][info][gc,phases,start] GC(10) Adjust Roots
[0.230s][info][gc,phases      ] GC(10) Adjust Roots 0.204ms
[0.230s][info][gc,phases,start] GC(10) Compaction Phase
[0.233s][info][gc,phases      ] GC(10) Compaction Phase 3.476ms
[0.233s][info][gc,phases,start] GC(10) Post Compact
[0.233s][info][gc,phases      ] GC(10) Post Compact 0.047ms
[0.233s][info][gc,heap        ] GC(10) PSYoungGen: 3040K(8192K)->2012K(8192K) Eden: 0K(5120K)->0K(5120K) From: 3040K(3072K)->2012K(3072K)
[0.233s][info][gc,heap        ] GC(10) ParOldGen: 5330K(6656K)->6318K(10240K)
[0.234s][info][gc,metaspace   ] GC(10) Metaspace: 6295K(6464K)->6295K(6464K) NonClass: 5762K(5824K)->5762K(5824K) Class: 533K(640K)->533K(640K)
[0.234s][info][gc             ] GC(10) Pause Full (Ergonomics) 8M->8M(18M) 8.094ms
[0.234s][info][gc,cpu         ] GC(10) User=0.02s Sys=0.00s Real=0.01s
[0.240s][info][gc,start       ] GC(11) Pause Young (Allocation Failure)
[0.244s][info][gc,heap        ] GC(11) PSYoungGen: 7132K(8192K)->4224K(11264K) Eden: 5120K(5120K)->0K(6656K) From: 2012K(3072K)->4224K(4608K)
[0.244s][info][gc,heap        ] GC(11) ParOldGen: 6318K(10240K)->6822K(10240K)
[0.244s][info][gc,metaspace   ] GC(11) Metaspace: 6295K(6464K)->6295K(6464K) NonClass: 5762K(5824K)->5762K(5824K) Class: 533K(640K)->533K(640K)
[0.244s][info][gc             ] GC(11) Pause Young (Allocation Failure) 13M->10M(21M) 4.633ms
[0.244s][info][gc,cpu         ] GC(11) User=0.00s Sys=0.00s Real=0.00s
[0.251s][info][gc,start       ] GC(12) Pause Young (Allocation Failure)
[0.257s][info][gc,heap        ] GC(12) PSYoungGen: 10880K(11264K)->5088K(11776K) Eden: 6656K(6656K)->0K(6656K) From: 4224K(4608K)->5088K(5120K)
[0.257s][info][gc,heap        ] GC(12) ParOldGen: 6822K(10240K)->9646K(10240K)
[0.257s][info][gc,metaspace   ] GC(12) Metaspace: 6295K(6464K)->6295K(6464K) NonClass: 5762K(5824K)->5762K(5824K) Class: 533K(640K)->533K(640K)
[0.257s][info][gc             ] GC(12) Pause Young (Allocation Failure) 17M->14M(21M) 5.765ms
[0.257s][info][gc,cpu         ] GC(12) User=0.00s Sys=0.00s Real=0.00s
[0.257s][info][gc,start       ] GC(13) Pause Full (Ergonomics)
[0.257s][info][gc,phases,start] GC(13) Marking Phase
[0.263s][info][gc,phases      ] GC(13) Marking Phase 6.373ms
[0.263s][info][gc,phases,start] GC(13) Summary Phase
[0.263s][info][gc,phases      ] GC(13) Summary Phase 0.019ms
[0.263s][info][gc,phases,start] GC(13) Adjust Roots
[0.264s][info][gc,phases      ] GC(13) Adjust Roots 0.169ms
[0.264s][info][gc,phases,start] GC(13) Compaction Phase
[0.270s][info][gc,phases      ] GC(13) Compaction Phase 6.665ms
[0.270s][info][gc,phases,start] GC(13) Post Compact
[0.270s][info][gc,phases      ] GC(13) Post Compact 0.070ms
[0.271s][info][gc,heap        ] GC(13) PSYoungGen: 5088K(11776K)->4471K(11776K) Eden: 0K(6656K)->0K(6656K) From: 5088K(5120K)->4471K(5120K)
[0.271s][info][gc,heap        ] GC(13) ParOldGen: 9646K(10240K)->9925K(15360K)
[0.271s][info][gc,metaspace   ] GC(13) Metaspace: 6295K(6464K)->6295K(6464K) NonClass: 5762K(5824K)->5762K(5824K) Class: 533K(640K)->533K(640K)
[0.271s][info][gc             ] GC(13) Pause Full (Ergonomics) 14M->14M(26M) 13.681ms
[0.271s][info][gc,cpu         ] GC(13) User=0.00s Sys=0.00s Real=0.01s
[0.276s][info][gc,start       ] GC(14) Pause Young (Allocation Failure)
[0.282s][info][gc,heap        ] GC(14) PSYoungGen: 11127K(11776K)->5408K(15872K) Eden: 6656K(6656K)->0K(8704K) From: 4471K(5120K)->5408K(7168K)
[0.282s][info][gc,heap        ] GC(14) ParOldGen: 9925K(15360K)->12469K(15360K)
[0.282s][info][gc,metaspace   ] GC(14) Metaspace: 6297K(6464K)->6297K(6464K) NonClass: 5764K(5824K)->5764K(5824K) Class: 533K(640K)->533K(640K)
[0.282s][info][gc             ] GC(14) Pause Young (Allocation Failure) 20M->17M(30M) 6.531ms
[0.282s][info][gc,cpu         ] GC(14) User=0.00s Sys=0.00s Real=0.01s
[0.287s][info][gc,start       ] GC(15) Pause Young (Allocation Failure)
[0.294s][info][gc,heap        ] GC(15) PSYoungGen: 14112K(15872K)->7680K(16384K) Eden: 8704K(8704K)->0K(8704K) From: 5408K(7168K)->7680K(7680K)
[0.295s][info][gc,heap        ] GC(15) ParOldGen: 12469K(15360K)->14717K(15360K)
[0.295s][info][gc,metaspace   ] GC(15) Metaspace: 6297K(6464K)->6297K(6464K) NonClass: 5764K(5824K)->5764K(5824K) Class: 533K(640K)->533K(640K)
[0.295s][info][gc             ] GC(15) Pause Young (Allocation Failure) 25M->21M(31M) 7.223ms
[0.295s][info][gc,cpu         ] GC(15) User=0.00s Sys=0.00s Real=0.01s
[0.295s][info][gc,start       ] GC(16) Pause Full (Ergonomics)
[0.295s][info][gc,phases,start] GC(16) Marking Phase
[0.304s][info][gc,phases      ] GC(16) Marking Phase 9.107ms
[0.304s][info][gc,phases,start] GC(16) Summary Phase
[0.304s][info][gc,phases      ] GC(16) Summary Phase 0.015ms
[0.304s][info][gc,phases,start] GC(16) Adjust Roots
[0.304s][info][gc,phases      ] GC(16) Adjust Roots 0.214ms
[0.304s][info][gc,phases,start] GC(16) Compaction Phase
[0.312s][info][gc,phases      ] GC(16) Compaction Phase 8.098ms
[0.312s][info][gc,phases,start] GC(16) Post Compact
[0.312s][info][gc,phases      ] GC(16) Post Compact 0.120ms
[0.313s][info][gc,heap        ] GC(16) PSYoungGen: 7680K(16384K)->7153K(16384K) Eden: 0K(8704K)->0K(8704K) From: 7680K(7680K)->7153K(7680K)
[0.313s][info][gc,heap        ] GC(16) ParOldGen: 14717K(15360K)->15138K(22528K)
[0.313s][info][gc,metaspace   ] GC(16) Metaspace: 6297K(6464K)->6297K(6464K) NonClass: 5764K(5824K)->5764K(5824K) Class: 533K(640K)->533K(640K)
[0.313s][info][gc             ] GC(16) Pause Full (Ergonomics) 21M->21M(38M) 17.978ms
[0.313s][info][gc,cpu         ] GC(16) User=0.00s Sys=0.00s Real=0.02s
[0.321s][info][gc,start       ] GC(17) Pause Young (Allocation Failure)
[0.331s][info][gc,heap        ] GC(17) PSYoungGen: 15857K(16384K)->5024K(21504K) Eden: 8704K(8704K)->0K(11776K) From: 7153K(7680K)->5024K(9728K)
[0.331s][info][gc,heap        ] GC(17) ParOldGen: 15138K(22528K)->22410K(22528K)
[0.331s][info][gc,metaspace   ] GC(17) Metaspace: 6297K(6464K)->6297K(6464K) NonClass: 5764K(5824K)->5764K(5824K) Class: 533K(640K)->533K(640K)
[0.331s][info][gc             ] GC(17) Pause Young (Allocation Failure) 30M->26M(43M) 10.063ms
[0.331s][info][gc,cpu         ] GC(17) User=0.02s Sys=0.00s Real=0.01s
[0.331s][info][gc,start       ] GC(18) Pause Full (Ergonomics)
[0.331s][info][gc,phases,start] GC(18) Marking Phase
[0.342s][info][gc,phases      ] GC(18) Marking Phase 11.285ms
[0.342s][info][gc,phases,start] GC(18) Summary Phase
[0.342s][info][gc,phases      ] GC(18) Summary Phase 0.020ms
[0.342s][info][gc,phases,start] GC(18) Adjust Roots
[0.343s][info][gc,phases      ] GC(18) Adjust Roots 0.207ms
[0.343s][info][gc,phases,start] GC(18) Compaction Phase
[0.352s][info][gc,phases      ] GC(18) Compaction Phase 9.221ms
[0.352s][info][gc,phases,start] GC(18) Post Compact
[0.352s][info][gc,phases      ] GC(18) Post Compact 0.101ms
[0.352s][info][gc,heap        ] GC(18) PSYoungGen: 5024K(21504K)->4990K(21504K) Eden: 0K(11776K)->0K(11776K) From: 5024K(9728K)->4990K(9728K)
[0.352s][info][gc,heap        ] GC(18) ParOldGen: 22410K(22528K)->21780K(32768K)
[0.352s][info][gc,metaspace   ] GC(18) Metaspace: 6297K(6464K)->6297K(6464K) NonClass: 5764K(5824K)->5764K(5824K) Class: 533K(640K)->533K(640K)
[0.352s][info][gc             ] GC(18) Pause Full (Ergonomics) 26M->26M(53M) 21.173ms
[0.352s][info][gc,cpu         ] GC(18) User=0.00s Sys=0.00s Real=0.02s
[0.359s][info][gc,start       ] GC(19) Pause Young (Allocation Failure)
[0.368s][info][gc,heap        ] GC(19) PSYoungGen: 16766K(21504K)->6144K(21504K) Eden: 11776K(11776K)->0K(11776K) From: 4990K(9728K)->6144K(9728K)
[0.368s][info][gc,heap        ] GC(19) ParOldGen: 21780K(32768K)->26844K(32768K)
[0.368s][info][gc,metaspace   ] GC(19) Metaspace: 6297K(6464K)->6297K(6464K) NonClass: 5764K(5824K)->5764K(5824K) Class: 533K(640K)->533K(640K)
[0.368s][info][gc             ] GC(19) Pause Young (Allocation Failure) 37M->32M(53M) 8.929ms
[0.368s][info][gc,cpu         ] GC(19) User=0.00s Sys=0.00s Real=0.01s
[0.368s][info][gc,start       ] GC(20) Pause Full (Ergonomics)
[0.368s][info][gc,phases,start] GC(20) Marking Phase
[0.381s][info][gc,phases      ] GC(20) Marking Phase 13.099ms
[0.381s][info][gc,phases,start] GC(20) Summary Phase
[0.381s][info][gc,phases      ] GC(20) Summary Phase 0.015ms
[0.381s][info][gc,phases,start] GC(20) Adjust Roots
[0.381s][info][gc,phases      ] GC(20) Adjust Roots 0.154ms
[0.381s][info][gc,phases,start] GC(20) Compaction Phase
[0.391s][info][gc,phases      ] GC(20) Compaction Phase 9.861ms
[0.391s][info][gc,phases,start] GC(20) Post Compact
[0.391s][info][gc,phases      ] GC(20) Post Compact 0.109ms
[0.392s][info][gc,heap        ] GC(20) PSYoungGen: 6144K(21504K)->468K(21504K) Eden: 0K(11776K)->0K(11776K) From: 6144K(9728K)->468K(9728K)
[0.392s][info][gc,heap        ] GC(20) ParOldGen: 26844K(32768K)->32392K(46080K)
[0.392s][info][gc,metaspace   ] GC(20) Metaspace: 6297K(6464K)->6297K(6464K) NonClass: 5764K(5824K)->5764K(5824K) Class: 533K(640K)->533K(640K)
[0.392s][info][gc             ] GC(20) Pause Full (Ergonomics) 32M->32M(66M) 23.560ms
[0.392s][info][gc,cpu         ] GC(20) User=0.02s Sys=0.00s Real=0.02s
[0.402s][info][gc,start       ] GC(21) Pause Young (Allocation Failure)
[0.412s][info][gc,heap        ] GC(21) PSYoungGen: 12244K(21504K)->10240K(23552K) Eden: 11776K(11776K)->0K(13312K) From: 468K(9728K)->10240K(10240K)
[0.412s][info][gc,heap        ] GC(21) ParOldGen: 32392K(46080K)->32544K(46080K)
[0.412s][info][gc,metaspace   ] GC(21) Metaspace: 6297K(6464K)->6297K(6464K) NonClass: 5764K(5824K)->5764K(5824K) Class: 533K(640K)->533K(640K)
[0.412s][info][gc             ] GC(21) Pause Young (Allocation Failure) 43M->41M(68M) 10.862ms
[0.412s][info][gc,cpu         ] GC(21) User=0.00s Sys=0.00s Real=0.01s
[0.428s][info][gc,start       ] GC(22) Pause Young (Allocation Failure)
[0.444s][info][gc,heap        ] GC(22) PSYoungGen: 23552K(23552K)->11744K(25088K) Eden: 13312K(13312K)->0K(13312K) From: 10240K(10240K)->11744K(11776K)
[0.444s][info][gc,heap        ] GC(22) ParOldGen: 32544K(46080K)->44520K(46080K)
[0.444s][info][gc,metaspace   ] GC(22) Metaspace: 6297K(6464K)->6297K(6464K) NonClass: 5764K(5824K)->5764K(5824K) Class: 533K(640K)->533K(640K)
[0.444s][info][gc             ] GC(22) Pause Young (Allocation Failure) 54M->54M(69M) 16.250ms
[0.444s][info][gc,cpu         ] GC(22) User=0.00s Sys=0.00s Real=0.02s
[0.444s][info][gc,start       ] GC(23) Pause Full (Ergonomics)
[0.444s][info][gc,phases,start] GC(23) Marking Phase
[0.467s][info][gc,phases      ] GC(23) Marking Phase 22.387ms
[0.467s][info][gc,phases,start] GC(23) Summary Phase
[0.467s][info][gc,phases      ] GC(23) Summary Phase 0.018ms
[0.467s][info][gc,phases,start] GC(23) Adjust Roots
[0.467s][info][gc,phases      ] GC(23) Adjust Roots 0.194ms
[0.467s][info][gc,phases,start] GC(23) Compaction Phase
[0.484s][info][gc,phases      ] GC(23) Compaction Phase 16.723ms
[0.484s][info][gc,phases,start] GC(23) Post Compact
[0.484s][info][gc,phases      ] GC(23) Post Compact 0.163ms
[0.484s][info][gc,heap        ] GC(23) PSYoungGen: 11744K(25088K)->9166K(25088K) Eden: 0K(13312K)->0K(13312K) From: 11744K(11776K)->9166K(11776K)
[0.484s][info][gc,heap        ] GC(23) ParOldGen: 44520K(46080K)->45852K(64000K)
[0.484s][info][gc,metaspace   ] GC(23) Metaspace: 6297K(6464K)->6297K(6464K) NonClass: 5764K(5824K)->5764K(5824K) Class: 533K(640K)->533K(640K)
[0.484s][info][gc             ] GC(23) Pause Full (Ergonomics) 54M->53M(87M) 39.921ms
[0.484s][info][gc,cpu         ] GC(23) User=0.03s Sys=0.00s Real=0.04s
[0.497s][info][gc,start       ] GC(24) Pause Young (Allocation Failure)
[0.516s][info][gc,heap        ] GC(24) PSYoungGen: 22478K(25088K)->13344K(33280K) Eden: 13312K(13312K)->0K(14848K) From: 9166K(11776K)->13344K(18432K)
[0.516s][info][gc,heap        ] GC(24) ParOldGen: 45852K(64000K)->55164K(64000K)
[0.516s][info][gc,metaspace   ] GC(24) Metaspace: 6297K(6464K)->6297K(6464K) NonClass: 5764K(5824K)->5764K(5824K) Class: 533K(640K)->533K(640K)
[0.516s][info][gc             ] GC(24) Pause Young (Allocation Failure) 66M->66M(95M) 19.121ms
[0.516s][info][gc,cpu         ] GC(24) User=0.03s Sys=0.00s Real=0.02s
[0.516s][info][gc,start       ] GC(25) Pause Full (Ergonomics)
[0.516s][info][gc,phases,start] GC(25) Marking Phase
[0.543s][info][gc,phases      ] GC(25) Marking Phase 26.622ms
[0.543s][info][gc,phases,start] GC(25) Summary Phase
[0.543s][info][gc,phases      ] GC(25) Summary Phase 0.017ms
[0.543s][info][gc,phases,start] GC(25) Adjust Roots
[0.543s][info][gc,phases      ] GC(25) Adjust Roots 0.157ms
[0.543s][info][gc,phases,start] GC(25) Compaction Phase
[0.560s][info][gc,phases      ] GC(25) Compaction Phase 16.645ms
[0.560s][info][gc,phases,start] GC(25) Post Compact
[0.560s][info][gc,phases      ] GC(25) Post Compact 0.292ms
[0.560s][info][gc,heap        ] GC(25) PSYoungGen: 13344K(33280K)->4595K(33280K) Eden: 0K(14848K)->0K(14848K) From: 13344K(18432K)->4595K(18432K)
[0.560s][info][gc,heap        ] GC(25) ParOldGen: 55164K(64000K)->63705K(84992K)
[0.560s][info][gc,metaspace   ] GC(25) Metaspace: 6297K(6464K)->6297K(6464K) NonClass: 5764K(5824K)->5764K(5824K) Class: 533K(640K)->533K(640K)
[0.560s][info][gc             ] GC(25) Pause Full (Ergonomics) 66M->66M(115M) 44.121ms
[0.560s][info][gc,cpu         ] GC(25) User=0.08s Sys=0.00s Real=0.04s
[0.575s][info][gc,start       ] GC(26) Pause Young (Allocation Failure)
[0.592s][info][gc,heap        ] GC(26) PSYoungGen: 19443K(33280K)->19456K(34304K) Eden: 14848K(14848K)->0K(14848K) From: 4595K(18432K)->19456K(19456K)
[0.592s][info][gc,heap        ] GC(26) ParOldGen: 63705K(84992K)->63705K(84992K)
[0.592s][info][gc,metaspace   ] GC(26) Metaspace: 6297K(6464K)->6297K(6464K) NonClass: 5764K(5824K)->5764K(5824K) Class: 533K(640K)->533K(640K)
[0.592s][info][gc             ] GC(26) Pause Young (Allocation Failure) 81M->81M(116M) 16.609ms
[0.592s][info][gc,cpu         ] GC(26) User=0.03s Sys=0.00s Real=0.02s
[0.611s][info][gc,start       ] GC(27) Pause Young (Allocation Failure)
[0.636s][info][gc,heap        ] GC(27) PSYoungGen: 34304K(34304K)->23008K(32256K) Eden: 14848K(14848K)->0K(9216K) From: 19456K(19456K)->23008K(23040K)
[0.636s][info][gc,heap        ] GC(27) ParOldGen: 63705K(84992K)->75153K(84992K)
[0.636s][info][gc,metaspace   ] GC(27) Metaspace: 6297K(6464K)->6297K(6464K) NonClass: 5764K(5824K)->5764K(5824K) Class: 533K(640K)->533K(640K)
[0.636s][info][gc             ] GC(27) Pause Young (Allocation Failure) 95M->95M(114M) 24.422ms
[0.636s][info][gc,cpu         ] GC(27) User=0.03s Sys=0.02s Real=0.02s
[0.636s][info][gc,start       ] GC(28) Pause Full (Ergonomics)
[0.636s][info][gc,phases,start] GC(28) Marking Phase
[0.672s][info][gc,phases      ] GC(28) Marking Phase 36.078ms
[0.672s][info][gc,phases,start] GC(28) Summary Phase
[0.672s][info][gc,phases      ] GC(28) Summary Phase 0.015ms
[0.672s][info][gc,phases,start] GC(28) Adjust Roots
[0.672s][info][gc,phases      ] GC(28) Adjust Roots 0.159ms
[0.672s][info][gc,phases,start] GC(28) Compaction Phase
[0.701s][info][gc,phases      ] GC(28) Compaction Phase 28.427ms
[0.701s][info][gc,phases,start] GC(28) Post Compact
[0.701s][info][gc,phases      ] GC(28) Post Compact 0.362ms
[0.701s][info][gc,heap        ] GC(28) PSYoungGen: 23008K(32256K)->11209K(32256K) Eden: 0K(9216K)->0K(9216K) From: 23008K(23040K)->11209K(23040K)
[0.701s][info][gc,heap        ] GC(28) ParOldGen: 75153K(84992K)->84679K(109568K)
[0.701s][info][gc,metaspace   ] GC(28) Metaspace: 6297K(6464K)->6297K(6464K) NonClass: 5764K(5824K)->5764K(5824K) Class: 533K(640K)->533K(640K)
[0.701s][info][gc             ] GC(28) Pause Full (Ergonomics) 95M->93M(138M) 65.472ms
[0.701s][info][gc,cpu         ] GC(28) User=0.09s Sys=0.00s Real=0.07s
[0.710s][info][gc,start       ] GC(29) Pause Young (Allocation Failure)
[0.726s][info][gc,heap        ] GC(29) PSYoungGen: 20425K(32256K)->13024K(40448K) Eden: 9216K(9216K)->0K(9216K) From: 11209K(23040K)->13024K(31232K)
[0.726s][info][gc,heap        ] GC(29) ParOldGen: 84679K(109568K)->92271K(109568K)
[0.726s][info][gc,metaspace   ] GC(29) Metaspace: 6297K(6464K)->6297K(6464K) NonClass: 5764K(5824K)->5764K(5824K) Class: 533K(640K)->533K(640K)
[0.726s][info][gc             ] GC(29) Pause Young (Allocation Failure) 102M->102M(146M) 16.780ms
[0.726s][info][gc,cpu         ] GC(29) User=0.02s Sys=0.00s Real=0.02s
[0.734s][info][gc,start       ] GC(30) Pause Young (Allocation Failure)
[0.748s][info][gc,heap        ] GC(30) PSYoungGen: 22240K(40448K)->22208K(38400K) Eden: 9216K(9216K)->0K(8704K) From: 13024K(31232K)->22208K(29696K)
[0.748s][info][gc,heap        ] GC(30) ParOldGen: 92271K(109568K)->92271K(109568K)
[0.748s][info][gc,metaspace   ] GC(30) Metaspace: 6297K(6464K)->6297K(6464K) NonClass: 5764K(5824K)->5764K(5824K) Class: 533K(640K)->533K(640K)
[0.748s][info][gc             ] GC(30) Pause Young (Allocation Failure) 111M->111M(144M) 13.530ms
[0.748s][info][gc,cpu         ] GC(30) User=0.03s Sys=0.00s Real=0.01s
[0.757s][info][gc,start       ] GC(31) Pause Young (Allocation Failure)
[0.772s][info][gc,heap        ] GC(31) PSYoungGen: 30912K(38400K)->30880K(40960K) Eden: 8704K(8704K)->0K(8704K) From: 22208K(29696K)->30880K(32256K)
[0.773s][info][gc,heap        ] GC(31) ParOldGen: 92271K(109568K)->92271K(109568K)
[0.773s][info][gc,metaspace   ] GC(31) Metaspace: 6297K(6464K)->6297K(6464K) NonClass: 5764K(5824K)->5764K(5824K) Class: 533K(640K)->533K(640K)
[0.773s][info][gc             ] GC(31) Pause Young (Allocation Failure) 120M->120M(147M) 15.953ms
[0.773s][info][gc,cpu         ] GC(31) User=0.02s Sys=0.00s Real=0.02s
[0.781s][info][gc,start       ] GC(32) Pause Young (Allocation Failure)
[0.804s][info][gc,heap        ] GC(32) PSYoungGen: 39584K(40960K)->35808K(41472K) Eden: 8704K(8704K)->0K(4608K) From: 30880K(32256K)->35808K(36864K)
[0.804s][info][gc,heap        ] GC(32) ParOldGen: 92271K(109568K)->96087K(109568K)
[0.804s][info][gc,metaspace   ] GC(32) Metaspace: 6297K(6464K)->6297K(6464K) NonClass: 5764K(5824K)->5764K(5824K) Class: 533K(640K)->533K(640K)
[0.804s][info][gc             ] GC(32) Pause Young (Allocation Failure) 128M->128M(147M) 23.258ms
[0.804s][info][gc,cpu         ] GC(32) User=0.03s Sys=0.02s Real=0.02s
[0.809s][info][gc,start       ] GC(33) Pause Young (Allocation Failure)
[0.830s][info][gc,heap        ] GC(33) PSYoungGen: 40416K(41472K)->22016K(47616K) Eden: 4608K(4608K)->0K(4608K) From: 35808K(36864K)->22016K(43008K)
[0.830s][info][gc,heap        ] GC(33) ParOldGen: 96087K(109568K)->114759K(115200K)
[0.830s][info][gc,metaspace   ] GC(33) Metaspace: 6297K(6464K)->6297K(6464K) NonClass: 5764K(5824K)->5764K(5824K) Class: 533K(640K)->533K(640K)
[0.830s][info][gc             ] GC(33) Pause Young (Allocation Failure) 133M->133M(159M) 21.718ms
[0.830s][info][gc,cpu         ] GC(33) User=0.03s Sys=0.02s Real=0.02s
[0.830s][info][gc,start       ] GC(34) Pause Full (Ergonomics)
[0.830s][info][gc,phases,start] GC(34) Marking Phase
[0.868s][info][gc,phases      ] GC(34) Marking Phase 37.532ms
[0.868s][info][gc,phases,start] GC(34) Summary Phase
[0.868s][info][gc,phases      ] GC(34) Summary Phase 0.019ms
[0.868s][info][gc,phases,start] GC(34) Adjust Roots
[0.868s][info][gc,phases      ] GC(34) Adjust Roots 0.157ms
[0.868s][info][gc,phases,start] GC(34) Compaction Phase
[0.899s][info][gc,phases      ] GC(34) Compaction Phase 31.060ms
[0.899s][info][gc,phases,start] GC(34) Post Compact
[0.900s][info][gc,phases      ] GC(34) Post Compact 0.584ms
[0.900s][info][gc,heap        ] GC(34) PSYoungGen: 22016K(47616K)->21409K(47616K) Eden: 0K(4608K)->0K(4608K) From: 22016K(43008K)->21409K(43008K)
[0.900s][info][gc,heap        ] GC(34) ParOldGen: 114759K(115200K)->114768K(144896K)
[0.900s][info][gc,metaspace   ] GC(34) Metaspace: 6297K(6464K)->6297K(6464K) NonClass: 5764K(5824K)->5764K(5824K) Class: 533K(640K)->533K(640K)
[0.900s][info][gc             ] GC(34) Pause Full (Ergonomics) 133M->132M(188M) 69.983ms
[0.900s][info][gc,cpu         ] GC(34) User=0.14s Sys=0.00s Real=0.07s
[0.905s][info][gc,start       ] GC(35) Pause Young (Allocation Failure)
[0.925s][info][gc,heap        ] GC(35) PSYoungGen: 26017K(47616K)->9088K(45056K) Eden: 4608K(4608K)->0K(5632K) From: 21409K(43008K)->9088K(39424K)
[0.925s][info][gc,heap        ] GC(35) ParOldGen: 114768K(144896K)->132032K(144896K)
[0.925s][info][gc,metaspace   ] GC(35) Metaspace: 6297K(6464K)->6297K(6464K) NonClass: 5764K(5824K)->5764K(5824K) Class: 533K(640K)->533K(640K)
[0.925s][info][gc             ] GC(35) Pause Young (Allocation Failure) 137M->137M(185M) 19.706ms
[0.925s][info][gc,cpu         ] GC(35) User=0.03s Sys=0.02s Real=0.02s
[0.925s][info][gc,start       ] GC(36) Pause Full (Ergonomics)
[0.925s][info][gc,phases,start] GC(36) Marking Phase
[0.967s][info][gc,phases      ] GC(36) Marking Phase 41.916ms
[0.967s][info][gc,phases,start] GC(36) Summary Phase
[0.967s][info][gc,phases      ] GC(36) Summary Phase 0.023ms
[0.967s][info][gc,phases,start] GC(36) Adjust Roots
[0.967s][info][gc,phases      ] GC(36) Adjust Roots 0.151ms
[0.967s][info][gc,phases,start] GC(36) Compaction Phase
[0.987s][info][gc,phases      ] GC(36) Compaction Phase 19.257ms
[0.987s][info][gc,phases,start] GC(36) Post Compact
[0.987s][info][gc,phases      ] GC(36) Post Compact 0.682ms
[0.988s][info][gc,heap        ] GC(36) PSYoungGen: 9088K(45056K)->0K(46592K) Eden: 0K(5632K)->0K(5632K) From: 9088K(39424K)->0K(40960K)
[0.988s][info][gc,heap        ] GC(36) ParOldGen: 132032K(144896K)->140751K(176128K)
[0.988s][info][gc,metaspace   ] GC(36) Metaspace: 6297K(6464K)->6297K(6464K) NonClass: 5764K(5824K)->5764K(5824K) Class: 533K(640K)->533K(640K)
[0.988s][info][gc             ] GC(36) Pause Full (Ergonomics) 137M->137M(217M) 62.528ms
[0.988s][info][gc,cpu         ] GC(36) User=0.19s Sys=0.00s Real=0.06s
[0.994s][info][gc,start       ] GC(37) Pause Young (Allocation Failure)
[0.998s][info][gc,heap        ] GC(37) PSYoungGen: 5632K(46592K)->5664K(46592K) Eden: 5632K(5632K)->0K(6656K) From: 0K(40960K)->5664K(39936K)
[0.998s][info][gc,heap        ] GC(37) ParOldGen: 140751K(176128K)->140751K(176128K)
[0.998s][info][gc,metaspace   ] GC(37) Metaspace: 6297K(6464K)->6297K(6464K) NonClass: 5764K(5824K)->5764K(5824K) Class: 533K(640K)->533K(640K)
[0.998s][info][gc             ] GC(37) Pause Young (Allocation Failure) 142M->142M(217M) 4.404ms
[0.998s][info][gc,cpu         ] GC(37) User=0.02s Sys=0.00s Real=0.01s
[1.005s][info][gc,start       ] GC(38) Pause Young (Allocation Failure)
[1.013s][info][gc,heap        ] GC(38) PSYoungGen: 12320K(46592K)->12320K(19456K) Eden: 6656K(6656K)->0K(6656K) From: 5664K(39936K)->12320K(12800K)
[1.013s][info][gc,heap        ] GC(38) ParOldGen: 140751K(176128K)->140751K(176128K)
[1.013s][info][gc,metaspace   ] GC(38) Metaspace: 6297K(6464K)->6297K(6464K) NonClass: 5764K(5824K)->5764K(5824K) Class: 533K(640K)->533K(640K)
[1.013s][info][gc             ] GC(38) Pause Young (Allocation Failure) 149M->149M(191M) 7.952ms
[1.013s][info][gc,cpu         ] GC(38) User=0.02s Sys=0.00s Real=0.01s
[1.020s][info][gc,start       ] GC(39) Pause Young (Allocation Failure)
[1.030s][info][gc,heap        ] GC(39) PSYoungGen: 18976K(19456K)->18976K(44032K) Eden: 6656K(6656K)->0K(7680K) From: 12320K(12800K)->18976K(36352K)
[1.030s][info][gc,heap        ] GC(39) ParOldGen: 140751K(176128K)->140751K(176128K)
[1.030s][info][gc,metaspace   ] GC(39) Metaspace: 6297K(6464K)->6297K(6464K) NonClass: 5764K(5824K)->5764K(5824K) Class: 533K(640K)->533K(640K)
[1.030s][info][gc             ] GC(39) Pause Young (Allocation Failure) 155M->155M(215M) 10.703ms
[1.030s][info][gc,cpu         ] GC(39) User=0.02s Sys=0.00s Real=0.01s
[1.038s][info][gc,start       ] GC(40) Pause Young (Allocation Failure)
[1.052s][info][gc,heap        ] GC(40) PSYoungGen: 26656K(44032K)->21024K(45056K) Eden: 7680K(7680K)->0K(7680K) From: 18976K(36352K)->21024K(37376K)
[1.052s][info][gc,heap        ] GC(40) ParOldGen: 140751K(176128K)->146455K(176128K)
[1.052s][info][gc,metaspace   ] GC(40) Metaspace: 6297K(6464K)->6297K(6464K) NonClass: 5764K(5824K)->5764K(5824K) Class: 533K(640K)->533K(640K)
[1.052s][info][gc             ] GC(40) Pause Young (Allocation Failure) 163M->163M(216M) 14.306ms
[1.052s][info][gc,cpu         ] GC(40) User=0.00s Sys=0.00s Real=0.01s
[1.060s][info][gc,start       ] GC(41) Pause Young (Allocation Failure)
[1.074s][info][gc,heap        ] GC(41) PSYoungGen: 28704K(45056K)->22048K(46080K) Eden: 7680K(7680K)->0K(8704K) From: 21024K(37376K)->22048K(37376K)
[1.074s][info][gc,heap        ] GC(41) ParOldGen: 146455K(176128K)->153207K(176128K)
[1.074s][info][gc,metaspace   ] GC(41) Metaspace: 6297K(6464K)->6297K(6464K) NonClass: 5764K(5824K)->5764K(5824K) Class: 533K(640K)->533K(640K)
[1.074s][info][gc             ] GC(41) Pause Young (Allocation Failure) 171M->171M(217M) 14.111ms
[1.074s][info][gc,cpu         ] GC(41) User=0.00s Sys=0.00s Real=0.01s
[1.107s][info][gc,start       ] GC(42) Pause Full (Ergonomics)
[1.107s][info][gc,phases,start] GC(42) Marking Phase
[1.151s][info][gc,phases      ] GC(42) Marking Phase 43.925ms
[1.151s][info][gc,phases,start] GC(42) Summary Phase
[1.151s][info][gc,phases      ] GC(42) Summary Phase 0.018ms
[1.151s][info][gc,phases,start] GC(42) Adjust Roots
[1.151s][info][gc,phases      ] GC(42) Adjust Roots 0.147ms
[1.151s][info][gc,phases,start] GC(42) Compaction Phase
[1.190s][info][gc,phases      ] GC(42) Compaction Phase 39.434ms
[1.190s][info][gc,phases,start] GC(42) Post Compact
[1.191s][info][gc,phases      ] GC(42) Post Compact 0.877ms
[1.192s][info][gc,heap        ] GC(42) PSYoungGen: 30752K(46080K)->11697K(46080K) Eden: 8704K(8704K)->0K(8704K) From: 22048K(37376K)->11697K(37376K)
[1.192s][info][gc,heap        ] GC(42) ParOldGen: 161399K(176128K)->175962K(210432K)
[1.192s][info][gc,metaspace   ] GC(42) Metaspace: 6297K(6464K)->6297K(6464K) NonClass: 5764K(5824K)->5764K(5824K) Class: 533K(640K)->533K(640K)
[1.192s][info][gc             ] GC(42) Pause Full (Ergonomics) 187M->183M(250M) 84.907ms
[1.192s][info][gc,cpu         ] GC(42) User=0.28s Sys=0.00s Real=0.09s
[1.201s][info][gc,start       ] GC(43) Pause Young (Allocation Failure)
[1.219s][info][gc,heap        ] GC(43) PSYoungGen: 20401K(46080K)->17632K(26624K) Eden: 8704K(8704K)->0K(8704K) From: 11697K(37376K)->17632K(17920K)
[1.219s][info][gc,heap        ] GC(43) ParOldGen: 175962K(210432K)->178922K(210432K)
[1.219s][info][gc,metaspace   ] GC(43) Metaspace: 6297K(6464K)->6297K(6464K) NonClass: 5764K(5824K)->5764K(5824K) Class: 533K(640K)->533K(640K)
[1.219s][info][gc             ] GC(43) Pause Young (Allocation Failure) 191M->191M(231M) 18.609ms
[1.219s][info][gc,cpu         ] GC(43) User=0.06s Sys=0.00s Real=0.02s
[1.228s][info][gc,start       ] GC(44) Pause Young (Allocation Failure)
[1.242s][info][gc,heap        ] GC(44) PSYoungGen: 26336K(26624K)->22048K(45568K) Eden: 8704K(8704K)->0K(9728K) From: 17632K(17920K)->22048K(35840K)
[1.242s][info][gc,heap        ] GC(44) ParOldGen: 178922K(210432K)->183210K(210432K)
[1.242s][info][gc,metaspace   ] GC(44) Metaspace: 6297K(6464K)->6297K(6464K) NonClass: 5764K(5824K)->5764K(5824K) Class: 533K(640K)->533K(640K)
[1.242s][info][gc             ] GC(44) Pause Young (Allocation Failure) 200M->200M(250M) 14.672ms
[1.242s][info][gc,cpu         ] GC(44) User=0.02s Sys=0.00s Real=0.01s
[1.252s][info][gc,start       ] GC(45) Pause Young (Allocation Failure)
[1.267s][info][gc,heap        ] GC(45) PSYoungGen: 31776K(45568K)->27232K(46080K) Eden: 9728K(9728K)->0K(9728K) From: 22048K(35840K)->27232K(36352K)
[1.267s][info][gc,heap        ] GC(45) ParOldGen: 183210K(210432K)->187898K(210432K)
[1.267s][info][gc,metaspace   ] GC(45) Metaspace: 6297K(6464K)->6297K(6464K) NonClass: 5764K(5824K)->5764K(5824K) Class: 533K(640K)->533K(640K)
[1.267s][info][gc             ] GC(45) Pause Young (Allocation Failure) 209M->210M(250M) 15.346ms
[1.267s][info][gc,cpu         ] GC(45) User=0.02s Sys=0.00s Real=0.01s
[1.277s][info][gc,start       ] GC(46) Pause Young (Allocation Failure)
[1.295s][info][gc,heap        ] GC(46) PSYoungGen: 36960K(46080K)->28192K(47104K) Eden: 9728K(9728K)->0K(9216K) From: 27232K(36352K)->28192K(37888K)
[1.295s][info][gc,heap        ] GC(46) ParOldGen: 187898K(210432K)->196698K(210432K)
[1.295s][info][gc,metaspace   ] GC(46) Metaspace: 6297K(6464K)->6297K(6464K) NonClass: 5764K(5824K)->5764K(5824K) Class: 533K(640K)->533K(640K)
[1.295s][info][gc             ] GC(46) Pause Young (Allocation Failure) 219M->219M(251M) 17.456ms
[1.295s][info][gc,cpu         ] GC(46) User=0.09s Sys=0.00s Real=0.02s
[1.295s][info][gc,start       ] GC(47) Pause Full (Ergonomics)
[1.295s][info][gc,phases,start] GC(47) Marking Phase
[1.350s][info][gc,phases      ] GC(47) Marking Phase 55.280ms
[1.350s][info][gc,phases,start] GC(47) Summary Phase
[1.350s][info][gc,phases      ] GC(47) Summary Phase 0.026ms
[1.350s][info][gc,phases,start] GC(47) Adjust Roots
[1.351s][info][gc,phases      ] GC(47) Adjust Roots 0.153ms
[1.351s][info][gc,phases,start] GC(47) Compaction Phase
[1.383s][info][gc,phases      ] GC(47) Compaction Phase 32.669ms
[1.383s][info][gc,phases,start] GC(47) Post Compact
[1.385s][info][gc,phases      ] GC(47) Post Compact 1.177ms
[1.385s][info][gc,heap        ] GC(47) PSYoungGen: 28192K(47104K)->14263K(47104K) Eden: 0K(9216K)->0K(9216K) From: 28192K(37888K)->14263K(37888K)
[1.385s][info][gc,heap        ] GC(47) ParOldGen: 196698K(210432K)->210124K(244224K)
[1.385s][info][gc,metaspace   ] GC(47) Metaspace: 6297K(6464K)->6297K(6464K) NonClass: 5764K(5824K)->5764K(5824K) Class: 533K(640K)->533K(640K)
[1.385s][info][gc             ] GC(47) Pause Full (Ergonomics) 219M->219M(284M) 89.842ms
[1.385s][info][gc,cpu         ] GC(47) User=0.28s Sys=0.02s Real=0.09s
[1.398s][info][gc,start       ] GC(48) Pause Young (Allocation Failure)
[1.421s][info][gc,heap        ] GC(48) PSYoungGen: 23479K(47104K)->13312K(49152K) Eden: 9216K(9216K)->0K(9216K) From: 14263K(37888K)->13312K(39936K)
[1.421s][info][gc,heap        ] GC(48) ParOldGen: 210124K(244224K)->220572K(244224K)
[1.421s][info][gc,metaspace   ] GC(48) Metaspace: 6297K(6464K)->6297K(6464K) NonClass: 5764K(5824K)->5764K(5824K) Class: 533K(640K)->533K(640K)
[1.421s][info][gc             ] GC(48) Pause Young (Allocation Failure) 228M->228M(286M) 23.546ms
[1.421s][info][gc,cpu         ] GC(48) User=0.08s Sys=0.02s Real=0.02s
[1.432s][info][gc,start       ] GC(49) Pause Young (Allocation Failure)
[1.445s][info][gc,heap        ] GC(49) PSYoungGen: 22528K(49152K)->18528K(45568K) Eden: 9216K(9216K)->0K(10752K) From: 13312K(39936K)->18528K(34816K)
[1.445s][info][gc,heap        ] GC(49) ParOldGen: 220572K(244224K)->224644K(244224K)
[1.446s][info][gc,metaspace   ] GC(49) Metaspace: 6297K(6464K)->6297K(6464K) NonClass: 5764K(5824K)->5764K(5824K) Class: 533K(640K)->533K(640K)
[1.446s][info][gc             ] GC(49) Pause Young (Allocation Failure) 237M->237M(283M) 13.221ms
[1.446s][info][gc,cpu         ] GC(49) User=0.00s Sys=0.00s Real=0.01s
[1.458s][info][gc,start       ] GC(50) Pause Young (Allocation Failure)
[1.476s][info][gc,heap        ] GC(50) PSYoungGen: 29280K(45568K)->20064K(47616K) Eden: 10752K(10752K)->0K(10752K) From: 18528K(34816K)->20064K(36864K)
[1.476s][info][gc,heap        ] GC(50) ParOldGen: 224644K(244224K)->233988K(244224K)
[1.476s][info][gc,metaspace   ] GC(50) Metaspace: 6297K(6464K)->6297K(6464K) NonClass: 5764K(5824K)->5764K(5824K) Class: 533K(640K)->533K(640K)
[1.476s][info][gc             ] GC(50) Pause Young (Allocation Failure) 247M->248M(285M) 18.286ms
[1.476s][info][gc,cpu         ] GC(50) User=0.03s Sys=0.02s Real=0.02s
[1.476s][info][gc,start       ] GC(51) Pause Full (Ergonomics)
[1.476s][info][gc,phases,start] GC(51) Marking Phase
[1.548s][info][gc,phases      ] GC(51) Marking Phase 71.455ms
[1.548s][info][gc,phases,start] GC(51) Summary Phase
[1.548s][info][gc,phases      ] GC(51) Summary Phase 0.020ms
[1.548s][info][gc,phases,start] GC(51) Adjust Roots
[1.548s][info][gc,phases      ] GC(51) Adjust Roots 0.224ms
[1.548s][info][gc,phases,start] GC(51) Compaction Phase
[1.578s][info][gc,phases      ] GC(51) Compaction Phase 30.098ms
[1.578s][info][gc,phases,start] GC(51) Post Compact
[1.580s][info][gc,phases      ] GC(51) Post Compact 1.491ms
[1.580s][info][gc,heap        ] GC(51) PSYoungGen: 20064K(47616K)->9687K(47616K) Eden: 0K(10752K)->0K(10752K) From: 20064K(36864K)->9687K(36864K)
[1.580s][info][gc,heap        ] GC(51) ParOldGen: 233988K(244224K)->243794K(281088K)
[1.580s][info][gc,metaspace   ] GC(51) Metaspace: 6297K(6464K)->6297K(6464K) NonClass: 5764K(5824K)->5764K(5824K) Class: 533K(640K)->533K(640K)
[1.580s][info][gc             ] GC(51) Pause Full (Ergonomics) 248M->247M(321M) 103.940ms
[1.580s][info][gc,cpu         ] GC(51) User=0.45s Sys=0.00s Real=0.10s
[1.594s][info][gc,start       ] GC(52) Pause Young (Allocation Failure)
[1.619s][info][gc,heap        ] GC(52) PSYoungGen: 20439K(47616K)->16640K(45056K) Eden: 10752K(10752K)->0K(12288K) From: 9687K(36864K)->16640K(32768K)
[1.619s][info][gc,heap        ] GC(52) ParOldGen: 243794K(281088K)->247786K(281088K)
[1.619s][info][gc,metaspace   ] GC(52) Metaspace: 6297K(6464K)->6297K(6464K) NonClass: 5764K(5824K)->5764K(5824K) Class: 533K(640K)->533K(640K)
[1.619s][info][gc             ] GC(52) Pause Young (Allocation Failure) 258M->258M(318M) 25.607ms
[1.619s][info][gc,cpu         ] GC(52) User=0.09s Sys=0.00s Real=0.03s
[1.633s][info][gc,start       ] GC(53) Pause Young (Allocation Failure)
[1.649s][info][gc,heap        ] GC(53) PSYoungGen: 28928K(45056K)->28928K(46592K) Eden: 12288K(12288K)->0K(12288K) From: 16640K(32768K)->28928K(34304K)
[1.649s][info][gc,heap        ] GC(53) ParOldGen: 247786K(281088K)->247786K(281088K)
[1.649s][info][gc,metaspace   ] GC(53) Metaspace: 6297K(6464K)->6297K(6464K) NonClass: 5764K(5824K)->5764K(5824K) Class: 533K(640K)->533K(640K)
[1.649s][info][gc             ] GC(53) Pause Young (Allocation Failure) 270M->270M(320M) 16.369ms
[1.649s][info][gc,cpu         ] GC(53) User=0.03s Sys=0.00s Real=0.02s
[1.664s][info][gc,start       ] GC(54) Pause Young (Allocation Failure)
[1.687s][info][gc,heap        ] GC(54) PSYoungGen: 41216K(46592K)->35424K(45568K) Eden: 12288K(12288K)->0K(9216K) From: 28928K(34304K)->35424K(36352K)
[1.687s][info][gc,heap        ] GC(54) ParOldGen: 247786K(281088K)->253682K(281088K)
[1.687s][info][gc,metaspace   ] GC(54) Metaspace: 6297K(6464K)->6297K(6464K) NonClass: 5764K(5824K)->5764K(5824K) Class: 533K(640K)->533K(640K)
[1.687s][info][gc             ] GC(54) Pause Young (Allocation Failure) 282M->282M(319M) 22.940ms
[1.687s][info][gc,cpu         ] GC(54) User=0.12s Sys=0.00s Real=0.02s
[1.698s][info][gc,start       ] GC(55) Pause Young (Allocation Failure)
[1.722s][info][gc,heap        ] GC(55) PSYoungGen: 44640K(45568K)->33856K(50176K) Eden: 9216K(9216K)->0K(9216K) From: 35424K(36352K)->33856K(40960K)
[1.722s][info][gc,heap        ] GC(55) ParOldGen: 253682K(281088K)->264594K(281088K)
[1.722s][info][gc,metaspace   ] GC(55) Metaspace: 6297K(6464K)->6297K(6464K) NonClass: 5764K(5824K)->5764K(5824K) Class: 533K(640K)->533K(640K)
[1.722s][info][gc             ] GC(55) Pause Young (Allocation Failure) 291M->291M(323M) 24.945ms
[1.722s][info][gc,cpu         ] GC(55) User=0.11s Sys=0.00s Real=0.03s
[1.733s][info][gc,start       ] GC(56) Pause Young (Allocation Failure)
[1.758s][info][gc,heap        ] GC(56) PSYoungGen: 43072K(50176K)->18528K(51200K) Eden: 9216K(9216K)->0K(10752K) From: 33856K(40960K)->18528K(40448K)
[1.758s][info][gc,heap        ] GC(56) ParOldGen: 264594K(281088K)->289498K(289792K)
[1.758s][info][gc,metaspace   ] GC(56) Metaspace: 6297K(6464K)->6297K(6464K) NonClass: 5764K(5824K)->5764K(5824K) Class: 533K(640K)->533K(640K)
[1.758s][info][gc             ] GC(56) Pause Young (Allocation Failure) 300M->300M(333M) 25.081ms
[1.758s][info][gc,cpu         ] GC(56) User=0.02s Sys=0.02s Real=0.02s
[1.758s][info][gc,start       ] GC(57) Pause Full (Ergonomics)
[1.758s][info][gc,phases,start] GC(57) Marking Phase
[1.828s][info][gc,phases      ] GC(57) Marking Phase 69.956ms
[1.828s][info][gc,phases,start] GC(57) Summary Phase
[1.829s][info][gc,phases      ] GC(57) Summary Phase 0.031ms
[1.829s][info][gc,phases,start] GC(57) Adjust Roots
[1.829s][info][gc,phases      ] GC(57) Adjust Roots 0.270ms
[1.829s][info][gc,phases,start] GC(57) Compaction Phase
[1.865s][info][gc,phases      ] GC(57) Compaction Phase 35.959ms
[1.865s][info][gc,phases,start] GC(57) Post Compact
[1.867s][info][gc,phases      ] GC(57) Post Compact 2.198ms
[1.868s][info][gc,heap        ] GC(57) PSYoungGen: 18528K(51200K)->17345K(52736K) Eden: 0K(10752K)->0K(12288K) From: 18528K(40448K)->17345K(40448K)
[1.868s][info][gc,heap        ] GC(57) ParOldGen: 289498K(289792K)->289738K(334848K)
[1.868s][info][gc,metaspace   ] GC(57) Metaspace: 6297K(6464K)->6297K(6464K) NonClass: 5764K(5824K)->5764K(5824K) Class: 533K(640K)->533K(640K)
[1.868s][info][gc             ] GC(57) Pause Full (Ergonomics) 300M->299M(378M) 109.517ms
[1.868s][info][gc,cpu         ] GC(57) User=0.69s Sys=0.00s Real=0.11s
[1.884s][info][gc,start       ] GC(58) Pause Young (Allocation Failure)
[1.914s][info][gc,heap        ] GC(58) PSYoungGen: 29633K(52736K)->12384K(54272K) Eden: 12288K(12288K)->0K(12288K) From: 17345K(40448K)->12384K(41984K)
[1.914s][info][gc,heap        ] GC(58) ParOldGen: 289738K(334848K)->307370K(334848K)
[1.914s][info][gc,metaspace   ] GC(58) Metaspace: 6297K(6464K)->6297K(6464K) NonClass: 5764K(5824K)->5764K(5824K) Class: 533K(640K)->533K(640K)
[1.914s][info][gc             ] GC(58) Pause Young (Allocation Failure) 311M->312M(380M) 30.192ms
[1.914s][info][gc,cpu         ] GC(58) User=0.14s Sys=0.00s Real=0.03s
[1.930s][info][gc,start       ] GC(59) Pause Young (Allocation Failure)
[1.946s][info][gc,heap        ] GC(59) PSYoungGen: 24672K(54272K)->12384K(54784K) Eden: 12288K(12288K)->0K(14336K) From: 12384K(41984K)->12384K(40448K)
[1.946s][info][gc,heap        ] GC(59) ParOldGen: 307370K(334848K)->319834K(334848K)
[1.946s][info][gc,metaspace   ] GC(59) Metaspace: 6297K(6464K)->6297K(6464K) NonClass: 5764K(5824K)->5764K(5824K) Class: 533K(640K)->533K(640K)
[1.946s][info][gc             ] GC(59) Pause Young (Allocation Failure) 324M->324M(380M) 15.793ms
[1.946s][info][gc,cpu         ] GC(59) User=0.03s Sys=0.00s Real=0.02s
[1.946s][info][gc,start       ] GC(60) Pause Full (Ergonomics)
[1.946s][info][gc,phases,start] GC(60) Marking Phase
[2.025s][info][gc,phases      ] GC(60) Marking Phase 79.276ms
[2.025s][info][gc,phases,start] GC(60) Summary Phase
[2.025s][info][gc,phases      ] GC(60) Summary Phase 0.022ms
[2.025s][info][gc,phases,start] GC(60) Adjust Roots
[2.026s][info][gc,phases      ] GC(60) Adjust Roots 0.177ms
[2.026s][info][gc,phases,start] GC(60) Compaction Phase
[2.059s][info][gc,phases      ] GC(60) Compaction Phase 33.403ms
[2.059s][info][gc,phases,start] GC(60) Post Compact
[2.061s][info][gc,phases      ] GC(60) Post Compact 1.935ms
[2.061s][info][gc,heap        ] GC(60) PSYoungGen: 12384K(54784K)->0K(55296K) Eden: 0K(14336K)->0K(14336K) From: 12384K(40448K)->0K(40960K)
[2.061s][info][gc,heap        ] GC(60) ParOldGen: 319834K(334848K)->331597K(382464K)
[2.061s][info][gc,metaspace   ] GC(60) Metaspace: 6297K(6464K)->6297K(6464K) NonClass: 5764K(5824K)->5764K(5824K) Class: 533K(640K)->533K(640K)
[2.061s][info][gc             ] GC(60) Pause Full (Ergonomics) 324M->323M(427M) 115.408ms
[2.061s][info][gc,cpu         ] GC(60) User=0.80s Sys=0.00s Real=0.12s
[2.077s][info][gc,start       ] GC(61) Pause Young (Allocation Failure)
[2.086s][info][gc,heap        ] GC(61) PSYoungGen: 14336K(55296K)->14496K(55296K) Eden: 14336K(14336K)->0K(16384K) From: 0K(40960K)->14496K(38912K)
[2.086s][info][gc,heap        ] GC(61) ParOldGen: 331597K(382464K)->331597K(382464K)
[2.086s][info][gc,metaspace   ] GC(61) Metaspace: 6297K(6464K)->6297K(6464K) NonClass: 5764K(5824K)->5764K(5824K) Class: 533K(640K)->533K(640K)
[2.086s][info][gc             ] GC(61) Pause Young (Allocation Failure) 337M->337M(427M) 8.965ms
[2.086s][info][gc,cpu         ] GC(61) User=0.00s Sys=0.00s Real=0.01s
[2.168s][info][gc,start       ] GC(62) Pause Young (Allocation Failure)
[2.192s][info][gc,heap        ] GC(62) PSYoungGen: 30880K(55296K)->30912K(56320K) Eden: 16384K(16384K)->0K(16384K) From: 14496K(38912K)->30912K(39936K)
[2.192s][info][gc,heap        ] GC(62) ParOldGen: 347981K(382464K)->347981K(382464K)
[2.192s][info][gc,metaspace   ] GC(62) Metaspace: 6297K(6464K)->6297K(6464K) NonClass: 5764K(5824K)->5764K(5824K) Class: 533K(640K)->533K(640K)
[2.192s][info][gc             ] GC(62) Pause Young (Allocation Failure) 369M->370M(428M) 24.369ms
[2.192s][info][gc,cpu         ] GC(62) User=0.11s Sys=0.00s Real=0.02s
[2.208s][info][gc,start       ] GC(63) Pause Young (Allocation Failure)
[2.232s][info][gc,heap        ] GC(63) PSYoungGen: 47296K(56320K)->41984K(52736K) Eden: 16384K(16384K)->0K(10752K) From: 30912K(39936K)->41984K(41984K)
[2.232s][info][gc,heap        ] GC(63) ParOldGen: 347981K(382464K)->353189K(382464K)
[2.232s][info][gc,metaspace   ] GC(63) Metaspace: 6297K(6464K)->6297K(6464K) NonClass: 5764K(5824K)->5764K(5824K) Class: 533K(640K)->533K(640K)
[2.232s][info][gc             ] GC(63) Pause Young (Allocation Failure) 386M->385M(425M) 24.244ms
[2.232s][info][gc,cpu         ] GC(63) User=0.06s Sys=0.02s Real=0.02s
[2.242s][info][gc,start       ] GC(64) Pause Young (Allocation Failure)
[2.268s][info][gc,heap        ] GC(64) PSYoungGen: 52736K(52736K)->26752K(60416K) Eden: 10752K(10752K)->0K(10752K) From: 41984K(41984K)->26752K(49664K)
[2.268s][info][gc,heap        ] GC(64) ParOldGen: 353189K(382464K)->379669K(382464K)
[2.268s][info][gc,metaspace   ] GC(64) Metaspace: 6297K(6464K)->6297K(6464K) NonClass: 5764K(5824K)->5764K(5824K) Class: 533K(640K)->533K(640K)
[2.268s][info][gc             ] GC(64) Pause Young (Allocation Failure) 396M->396M(432M) 26.436ms
[2.268s][info][gc,cpu         ] GC(64) User=0.08s Sys=0.03s Real=0.03s
[2.268s][info][gc,start       ] GC(65) Pause Full (Ergonomics)
[2.268s][info][gc,phases,start] GC(65) Marking Phase
[2.363s][info][gc,phases      ] GC(65) Marking Phase 94.265ms
[2.363s][info][gc,phases,start] GC(65) Summary Phase
[2.363s][info][gc,phases      ] GC(65) Summary Phase 0.019ms
[2.363s][info][gc,phases,start] GC(65) Adjust Roots
[2.363s][info][gc,phases      ] GC(65) Adjust Roots 0.161ms
[2.363s][info][gc,phases,start] GC(65) Compaction Phase
[2.434s][info][gc,phases      ] GC(65) Compaction Phase 71.443ms
[2.434s][info][gc,phases,start] GC(65) Post Compact
[2.437s][info][gc,phases      ] GC(65) Post Compact 2.077ms
[2.437s][info][gc,heap        ] GC(65) PSYoungGen: 26752K(60416K)->15293K(60416K) Eden: 0K(10752K)->0K(10752K) From: 26752K(49664K)->15293K(49664K)
[2.437s][info][gc,heap        ] GC(65) ParOldGen: 379669K(382464K)->382221K(438784K)
[2.437s][info][gc,metaspace   ] GC(65) Metaspace: 6297K(6464K)->6297K(6464K) NonClass: 5764K(5824K)->5764K(5824K) Class: 533K(640K)->533K(640K)
[2.437s][info][gc             ] GC(65) Pause Full (Ergonomics) 396M->388M(487M) 168.524ms
[2.437s][info][gc,cpu         ] GC(65) User=0.97s Sys=0.02s Real=0.17s
[2.451s][info][gc,start       ] GC(66) Pause Young (Allocation Failure)
[2.479s][info][gc,heap        ] GC(66) PSYoungGen: 26045K(60416K)->17024K(57856K) Eden: 10752K(10752K)->0K(12288K) From: 15293K(49664K)->17024K(45568K)
[2.479s][info][gc,heap        ] GC(66) ParOldGen: 382221K(438784K)->391533K(438784K)
[2.479s][info][gc,metaspace   ] GC(66) Metaspace: 6297K(6464K)->6297K(6464K) NonClass: 5764K(5824K)->5764K(5824K) Class: 533K(640K)->533K(640K)
[2.479s][info][gc             ] GC(66) Pause Young (Allocation Failure) 398M->398M(485M) 28.082ms
[2.479s][info][gc,cpu         ] GC(66) User=0.12s Sys=0.00s Real=0.03s
[2.491s][info][gc,start       ] GC(67) Pause Young (Allocation Failure)
[2.506s][info][gc,heap        ] GC(67) PSYoungGen: 29312K(57856K)->29312K(59392K) Eden: 12288K(12288K)->0K(12288K) From: 17024K(45568K)->29312K(47104K)
[2.506s][info][gc,heap        ] GC(67) ParOldGen: 391533K(438784K)->391533K(438784K)
[2.506s][info][gc,metaspace   ] GC(67) Metaspace: 6297K(6464K)->6297K(6464K) NonClass: 5764K(5824K)->5764K(5824K) Class: 533K(640K)->533K(640K)
[2.506s][info][gc             ] GC(67) Pause Young (Allocation Failure) 410M->410M(486M) 14.681ms
[2.506s][info][gc,cpu         ] GC(67) User=0.02s Sys=0.00s Real=0.02s
[2.518s][info][gc,start       ] GC(68) Pause Young (Allocation Failure)
[2.538s][info][gc,heap        ] GC(68) PSYoungGen: 41600K(59392K)->41600K(56832K) Eden: 12288K(12288K)->0K(9728K) From: 29312K(47104K)->41600K(47104K)
[2.538s][info][gc,heap        ] GC(68) ParOldGen: 391533K(438784K)->391533K(438784K)
[2.538s][info][gc,metaspace   ] GC(68) Metaspace: 6297K(6464K)->6297K(6464K) NonClass: 5764K(5824K)->5764K(5824K) Class: 533K(640K)->533K(640K)
[2.538s][info][gc             ] GC(68) Pause Young (Allocation Failure) 422M->422M(484M) 19.526ms
[2.538s][info][gc,cpu         ] GC(68) User=0.12s Sys=0.00s Real=0.02s
[2.548s][info][gc,start       ] GC(69) Pause Young (Allocation Failure)
[2.571s][info][gc,heap        ] GC(69) PSYoungGen: 51328K(56832K)->45152K(60928K) Eden: 9728K(9728K)->0K(9728K) From: 41600K(47104K)->45152K(51200K)
[2.571s][info][gc,heap        ] GC(69) ParOldGen: 391533K(438784K)->397757K(438784K)
[2.571s][info][gc,metaspace   ] GC(69) Metaspace: 6297K(6464K)->6297K(6464K) NonClass: 5764K(5824K)->5764K(5824K) Class: 533K(640K)->533K(640K)
[2.571s][info][gc             ] GC(69) Pause Young (Allocation Failure) 432M->432M(488M) 23.096ms
[2.571s][info][gc,cpu         ] GC(69) User=0.12s Sys=0.00s Real=0.02s
[2.581s][info][gc,start       ] GC(70) Pause Young (Allocation Failure)
[2.606s][info][gc,heap        ] GC(70) PSYoungGen: 54880K(60928K)->44160K(64512K) Eden: 9728K(9728K)->0K(8192K) From: 45152K(51200K)->44160K(56320K)
[2.606s][info][gc,heap        ] GC(70) ParOldGen: 397757K(438784K)->408661K(438784K)
[2.606s][info][gc,metaspace   ] GC(70) Metaspace: 6297K(6464K)->6297K(6464K) NonClass: 5764K(5824K)->5764K(5824K) Class: 533K(640K)->533K(640K)
[2.606s][info][gc             ] GC(70) Pause Young (Allocation Failure) 442M->442M(491M) 25.316ms
[2.606s][info][gc,cpu         ] GC(70) User=0.14s Sys=0.00s Real=0.02s
[2.615s][info][gc,start       ] GC(71) Pause Young (Allocation Failure)
[2.640s][info][gc,heap        ] GC(71) PSYoungGen: 52352K(64512K)->27744K(36352K) Eden: 8192K(8192K)->0K(8192K) From: 44160K(56320K)->27744K(28160K)
[2.640s][info][gc,heap        ] GC(71) ParOldGen: 408661K(438784K)->433557K(438784K)
[2.640s][info][gc,metaspace   ] GC(71) Metaspace: 6297K(6464K)->6297K(6464K) NonClass: 5764K(5824K)->5764K(5824K) Class: 533K(640K)->533K(640K)
[2.640s][info][gc             ] GC(71) Pause Young (Allocation Failure) 450M->450M(464M) 25.350ms
[2.640s][info][gc,cpu         ] GC(71) User=0.12s Sys=0.00s Real=0.02s
[2.640s][info][gc,start       ] GC(72) Pause Full (Ergonomics)
[2.640s][info][gc,phases,start] GC(72) Marking Phase
[2.746s][info][gc,phases      ] GC(72) Marking Phase 105.549ms
[2.746s][info][gc,phases,start] GC(72) Summary Phase
[2.746s][info][gc,phases      ] GC(72) Summary Phase 0.024ms
[2.746s][info][gc,phases,start] GC(72) Adjust Roots
[2.746s][info][gc,phases      ] GC(72) Adjust Roots 0.174ms
[2.746s][info][gc,phases,start] GC(72) Compaction Phase
[2.800s][info][gc,phases      ] GC(72) Compaction Phase 54.188ms
[2.800s][info][gc,phases,start] GC(72) Post Compact
[2.802s][info][gc,phases      ] GC(72) Post Compact 2.235ms
[2.803s][info][gc,heap        ] GC(72) PSYoungGen: 27744K(36352K)->21934K(36352K) Eden: 0K(8192K)->0K(8192K) From: 27744K(28160K)->21934K(28160K)
[2.803s][info][gc,heap        ] GC(72) ParOldGen: 433557K(438784K)->438374K(498176K)
[2.803s][info][gc,metaspace   ] GC(72) Metaspace: 6297K(6464K)->6297K(6464K) NonClass: 5764K(5824K)->5764K(5824K) Class: 533K(640K)->533K(640K)
[2.803s][info][gc             ] GC(72) Pause Full (Ergonomics) 450M->449M(522M) 162.737ms
[2.803s][info][gc,cpu         ] GC(72) User=1.00s Sys=0.00s Real=0.16s
[2.812s][info][gc,start       ] GC(73) Pause Young (Allocation Failure)
[2.844s][info][gc,heap        ] GC(73) PSYoungGen: 30126K(36352K)->14560K(65536K) Eden: 8192K(8192K)->0K(9728K) From: 21934K(28160K)->14560K(55808K)
[2.844s][info][gc,heap        ] GC(73) ParOldGen: 438374K(498176K)->454342K(498176K)
[2.844s][info][gc,metaspace   ] GC(73) Metaspace: 6297K(6464K)->6297K(6464K) NonClass: 5764K(5824K)->5764K(5824K) Class: 533K(640K)->533K(640K)
[2.844s][info][gc             ] GC(73) Pause Young (Allocation Failure) 457M->457M(550M) 32.075ms
[2.844s][info][gc,cpu         ] GC(73) User=0.14s Sys=0.00s Real=0.03s
[2.855s][info][gc,start       ] GC(74) Pause Young (Allocation Failure)
[2.868s][info][gc,heap        ] GC(74) PSYoungGen: 24288K(65536K)->18016K(66048K) Eden: 9728K(9728K)->0K(9728K) From: 14560K(55808K)->18016K(56320K)
[2.868s][info][gc,heap        ] GC(74) ParOldGen: 454342K(498176K)->460670K(498176K)
[2.868s][info][gc,metaspace   ] GC(74) Metaspace: 6297K(6464K)->6297K(6464K) NonClass: 5764K(5824K)->5764K(5824K) Class: 533K(640K)->533K(640K)
[2.868s][info][gc             ] GC(74) Pause Young (Allocation Failure) 467M->467M(551M) 13.311ms
[2.868s][info][gc,cpu         ] GC(74) User=0.00s Sys=0.00s Real=0.01s
[2.879s][info][gc,start       ] GC(75) Pause Young (Allocation Failure)
[2.893s][info][gc,heap        ] GC(75) PSYoungGen: 27744K(66048K)->19552K(63488K) Eden: 9728K(9728K)->0K(11264K) From: 18016K(56320K)->19552K(52224K)
[2.893s][info][gc,heap        ] GC(75) ParOldGen: 460670K(498176K)->468990K(498176K)
[2.893s][info][gc,metaspace   ] GC(75) Metaspace: 6297K(6464K)->6297K(6464K) NonClass: 5764K(5824K)->5764K(5824K) Class: 533K(640K)->533K(640K)
[2.893s][info][gc             ] GC(75) Pause Young (Allocation Failure) 476M->477M(548M) 14.681ms
[2.893s][info][gc,cpu         ] GC(75) User=0.02s Sys=0.00s Real=0.02s
[2.905s][info][gc,start       ] GC(76) Pause Young (Allocation Failure)
[2.922s][info][gc,heap        ] GC(76) PSYoungGen: 30816K(63488K)->11360K(65024K) Eden: 11264K(11264K)->0K(11264K) From: 19552K(52224K)->11360K(53760K)
[2.922s][info][gc,heap        ] GC(76) ParOldGen: 468990K(498176K)->488686K(498176K)
[2.922s][info][gc,metaspace   ] GC(76) Metaspace: 6297K(6464K)->6297K(6464K) NonClass: 5764K(5824K)->5764K(5824K) Class: 533K(640K)->533K(640K)
[2.922s][info][gc             ] GC(76) Pause Young (Allocation Failure) 488M->488M(550M) 16.819ms
[2.922s][info][gc,cpu         ] GC(76) User=0.03s Sys=0.00s Real=0.02s
[2.922s][info][gc,start       ] GC(77) Pause Full (Ergonomics)
[2.922s][info][gc,phases,start] GC(77) Marking Phase
[3.036s][info][gc,phases      ] GC(77) Marking Phase 113.813ms
[3.036s][info][gc,phases,start] GC(77) Summary Phase
[3.036s][info][gc,phases      ] GC(77) Summary Phase 0.019ms
[3.036s][info][gc,phases,start] GC(77) Adjust Roots
[3.036s][info][gc,phases      ] GC(77) Adjust Roots 0.155ms
[3.036s][info][gc,phases,start] GC(77) Compaction Phase
[3.089s][info][gc,phases      ] GC(77) Compaction Phase 52.455ms
[3.089s][info][gc,phases,start] GC(77) Post Compact
[3.091s][info][gc,phases      ] GC(77) Post Compact 2.366ms
[3.091s][info][gc,heap        ] GC(77) PSYoungGen: 11360K(65024K)->1017K(65024K) Eden: 0K(11264K)->0K(11264K) From: 11360K(53760K)->1017K(53760K)
[3.091s][info][gc,heap        ] GC(77) ParOldGen: 488686K(498176K)->498087K(562176K)
[3.091s][info][gc,metaspace   ] GC(77) Metaspace: 6297K(6464K)->6297K(6464K) NonClass: 5764K(5824K)->5764K(5824K) Class: 533K(640K)->533K(640K)
[3.091s][info][gc             ] GC(77) Pause Full (Ergonomics) 488M->487M(612M) 169.369ms
[3.091s][info][gc,cpu         ] GC(77) User=1.12s Sys=0.00s Real=0.17s
[3.104s][info][gc,start       ] GC(78) Pause Young (Allocation Failure)
[3.132s][info][gc,heap        ] GC(78) PSYoungGen: 12281K(65024K)->11392K(65024K) Eden: 11264K(11264K)->0K(12800K) From: 1017K(53760K)->11392K(52224K)
[3.132s][info][gc,heap        ] GC(78) ParOldGen: 498087K(562176K)->499151K(562176K)
[3.132s][info][gc,metaspace   ] GC(78) Metaspace: 6297K(6464K)->6297K(6464K) NonClass: 5764K(5824K)->5764K(5824K) Class: 533K(640K)->533K(640K)
[3.132s][info][gc             ] GC(78) Pause Young (Allocation Failure) 498M->498M(612M) 27.798ms
[3.132s][info][gc,cpu         ] GC(78) User=0.14s Sys=0.00s Real=0.03s
[3.146s][info][gc,start       ] GC(79) Pause Young (Allocation Failure)
[3.159s][info][gc,heap        ] GC(79) PSYoungGen: 24192K(65024K)->24192K(37376K) Eden: 12800K(12800K)->0K(12800K) From: 11392K(52224K)->24192K(24576K)
[3.159s][info][gc,heap        ] GC(79) ParOldGen: 499151K(562176K)->499151K(562176K)
[3.159s][info][gc,metaspace   ] GC(79) Metaspace: 6297K(6464K)->6297K(6464K) NonClass: 5764K(5824K)->5764K(5824K) Class: 533K(640K)->533K(640K)
[3.160s][info][gc             ] GC(79) Pause Young (Allocation Failure) 511M->511M(585M) 13.799ms
[3.160s][info][gc,cpu         ] GC(79) User=0.02s Sys=0.00s Real=0.01s
[3.173s][info][gc,start       ] GC(80) Pause Young (Allocation Failure)
[3.192s][info][gc,heap        ] GC(80) PSYoungGen: 36992K(37376K)->37024K(61952K) Eden: 12800K(12800K)->0K(11776K) From: 24192K(24576K)->37024K(50176K)
[3.192s][info][gc,heap        ] GC(80) ParOldGen: 499151K(562176K)->499151K(562176K)
[3.192s][info][gc,metaspace   ] GC(80) Metaspace: 6297K(6464K)->6297K(6464K) NonClass: 5764K(5824K)->5764K(5824K) Class: 533K(640K)->533K(640K)
[3.192s][info][gc             ] GC(80) Pause Young (Allocation Failure) 523M->523M(609M) 18.620ms
[3.192s][info][gc,cpu         ] GC(80) User=0.12s Sys=0.00s Real=0.02s
[3.205s][info][gc,start       ] GC(81) Pause Young (Allocation Failure)
[3.228s][info][gc,heap        ] GC(81) PSYoungGen: 48800K(61952K)->37504K(64512K) Eden: 11776K(11776K)->0K(11776K) From: 37024K(50176K)->37504K(52736K)
[3.228s][info][gc,heap        ] GC(81) ParOldGen: 499151K(562176K)->510575K(562176K)
[3.228s][info][gc,metaspace   ] GC(81) Metaspace: 6297K(6464K)->6297K(6464K) NonClass: 5764K(5824K)->5764K(5824K) Class: 533K(640K)->533K(640K)
[3.228s][info][gc             ] GC(81) Pause Young (Allocation Failure) 535M->535M(612M) 23.828ms
[3.228s][info][gc,cpu         ] GC(81) User=0.11s Sys=0.02s Real=0.02s
[3.241s][info][gc,start       ] GC(82) Pause Young (Allocation Failure)
[3.266s][info][gc,heap        ] GC(82) PSYoungGen: 49280K(64512K)->36448K(67072K) Eden: 11776K(11776K)->0K(12288K) From: 37504K(52736K)->36448K(54784K)
[3.266s][info][gc,heap        ] GC(82) ParOldGen: 510575K(562176K)->523559K(562176K)
[3.266s][info][gc,metaspace   ] GC(82) Metaspace: 6297K(6464K)->6297K(6464K) NonClass: 5764K(5824K)->5764K(5824K) Class: 533K(640K)->533K(640K)
[3.266s][info][gc             ] GC(82) Pause Young (Allocation Failure) 546M->546M(614M) 24.257ms
[3.266s][info][gc,cpu         ] GC(82) User=0.14s Sys=0.00s Real=0.02s
[3.279s][info][gc,start       ] GC(83) Pause Young (Allocation Failure)
[3.304s][info][gc,heap        ] GC(83) PSYoungGen: 48736K(67072K)->35936K(68096K) Eden: 12288K(12288K)->0K(12288K) From: 36448K(54784K)->35936K(55808K)
[3.304s][info][gc,heap        ] GC(83) ParOldGen: 523559K(562176K)->536527K(562176K)
[3.304s][info][gc,metaspace   ] GC(83) Metaspace: 6297K(6464K)->6297K(6464K) NonClass: 5764K(5824K)->5764K(5824K) Class: 533K(640K)->533K(640K)
[3.304s][info][gc             ] GC(83) Pause Young (Allocation Failure) 558M->559M(615M) 24.493ms
[3.304s][info][gc,cpu         ] GC(83) User=0.12s Sys=0.00s Real=0.02s
[3.318s][info][gc,start       ] GC(84) Pause Young (Allocation Failure)
[3.342s][info][gc,heap        ] GC(84) PSYoungGen: 48224K(68096K)->24672K(65024K) Eden: 12288K(12288K)->0K(13824K) From: 35936K(55808K)->24672K(51200K)
[3.342s][info][gc,heap        ] GC(84) ParOldGen: 536527K(562176K)->560383K(562176K)
[3.342s][info][gc,metaspace   ] GC(84) Metaspace: 6297K(6464K)->6297K(6464K) NonClass: 5764K(5824K)->5764K(5824K) Class: 533K(640K)->533K(640K)
[3.342s][info][gc             ] GC(84) Pause Young (Allocation Failure) 571M->571M(612M) 24.364ms
[3.342s][info][gc,cpu         ] GC(84) User=0.12s Sys=0.02s Real=0.02s
[3.342s][info][gc,start       ] GC(85) Pause Full (Ergonomics)
[3.342s][info][gc,phases,start] GC(85) Marking Phase
[3.470s][info][gc,phases      ] GC(85) Marking Phase 127.609ms
[3.470s][info][gc,phases,start] GC(85) Summary Phase
[3.470s][info][gc,phases      ] GC(85) Summary Phase 0.021ms
[3.470s][info][gc,phases,start] GC(85) Adjust Roots
[3.470s][info][gc,phases      ] GC(85) Adjust Roots 0.148ms
[3.470s][info][gc,phases,start] GC(85) Compaction Phase
[3.524s][info][gc,phases      ] GC(85) Compaction Phase 53.884ms
[3.524s][info][gc,phases,start] GC(85) Post Compact
[3.525s][info][gc,phases      ] GC(85) Post Compact 0.918ms
[3.525s][info][gc,heap        ] GC(85) PSYoungGen: 24672K(65024K)->21962K(67072K) Eden: 0K(13824K)->0K(15872K) From: 24672K(51200K)->21962K(51200K)
[3.525s][info][gc,heap        ] GC(85) ParOldGen: 560383K(562176K)->561925K(631808K)
[3.526s][info][gc,metaspace   ] GC(85) Metaspace: 6297K(6464K)->6297K(6464K) NonClass: 5764K(5824K)->5764K(5824K) Class: 533K(640K)->533K(640K)
[3.526s][info][gc             ] GC(85) Pause Full (Ergonomics) 571M->570M(682M) 183.109ms
[3.526s][info][gc,cpu         ] GC(85) User=1.20s Sys=0.00s Real=0.18s
[3.543s][info][gc,start       ] GC(86) Pause Young (Allocation Failure)
[3.585s][info][gc,heap        ] GC(86) PSYoungGen: 37834K(67072K)->16000K(69632K) Eden: 15872K(15872K)->0K(15872K) From: 21962K(51200K)->16000K(53760K)
[3.585s][info][gc,heap        ] GC(86) ParOldGen: 561925K(631808K)->584245K(631808K)
[3.585s][info][gc,metaspace   ] GC(86) Metaspace: 6297K(6464K)->6297K(6464K) NonClass: 5764K(5824K)->5764K(5824K) Class: 533K(640K)->533K(640K)
[3.585s][info][gc             ] GC(86) Pause Young (Allocation Failure) 585M->586M(685M) 42.039ms
[3.585s][info][gc,cpu         ] GC(86) User=0.23s Sys=0.00s Real=0.04s
[3.603s][info][gc,start       ] GC(87) Pause Young (Allocation Failure)
[3.625s][info][gc,heap        ] GC(87) PSYoungGen: 31872K(69632K)->16032K(69120K) Eden: 15872K(15872K)->0K(17920K) From: 16000K(53760K)->16032K(51200K)
[3.625s][info][gc,heap        ] GC(87) ParOldGen: 584245K(631808K)->600341K(631808K)
[3.625s][info][gc,metaspace   ] GC(87) Metaspace: 6297K(6464K)->6297K(6464K) NonClass: 5764K(5824K)->5764K(5824K) Class: 533K(640K)->533K(640K)
[3.625s][info][gc             ] GC(87) Pause Young (Allocation Failure) 601M->601M(684M) 21.983ms
[3.625s][info][gc,cpu         ] GC(87) User=0.08s Sys=0.02s Real=0.02s
[3.646s][info][gc,start       ] GC(88) Pause Young (Allocation Failure)
[3.668s][info][gc,heap        ] GC(88) PSYoungGen: 33952K(69120K)->18048K(70144K) Eden: 17920K(17920K)->0K(17920K) From: 16032K(51200K)->18048K(52224K)
[3.668s][info][gc,heap        ] GC(88) ParOldGen: 600341K(631808K)->616453K(631808K)
[3.668s][info][gc,metaspace   ] GC(88) Metaspace: 6297K(6464K)->6297K(6464K) NonClass: 5764K(5824K)->5764K(5824K) Class: 533K(640K)->533K(640K)
[3.668s][info][gc             ] GC(88) Pause Young (Allocation Failure) 619M->619M(685M) 21.358ms
[3.668s][info][gc,cpu         ] GC(88) User=0.11s Sys=0.02s Real=0.02s
[3.668s][info][gc,start       ] GC(89) Pause Full (Ergonomics)
[3.668s][info][gc,phases,start] GC(89) Marking Phase
[3.812s][info][gc,phases      ] GC(89) Marking Phase 143.779ms
[3.812s][info][gc,phases,start] GC(89) Summary Phase
[3.812s][info][gc,phases      ] GC(89) Summary Phase 0.046ms
[3.812s][info][gc,phases,start] GC(89) Adjust Roots
[3.812s][info][gc,phases      ] GC(89) Adjust Roots 0.219ms
[3.812s][info][gc,phases,start] GC(89) Compaction Phase
[3.865s][info][gc,phases      ] GC(89) Compaction Phase 53.228ms
[3.865s][info][gc,phases,start] GC(89) Post Compact
[3.866s][info][gc,phases      ] GC(89) Post Compact 0.961ms
[3.867s][info][gc,heap        ] GC(89) PSYoungGen: 18048K(70144K)->2063K(70144K) Eden: 0K(17920K)->0K(17920K) From: 18048K(52224K)->2063K(52224K)
[3.867s][info][gc,heap        ] GC(89) ParOldGen: 616453K(631808K)->631400K(707584K)
[3.867s][info][gc,metaspace   ] GC(89) Metaspace: 6297K(6464K)->6297K(6464K) NonClass: 5764K(5824K)->5764K(5824K) Class: 533K(640K)->533K(640K)
[3.867s][info][gc             ] GC(89) Pause Full (Ergonomics) 619M->618M(759M) 198.805ms
[3.867s][info][gc,cpu         ] GC(89) User=1.34s Sys=0.03s Real=0.20s
[3.892s][info][gc,start       ] GC(90) Pause Young (Allocation Failure)
[3.930s][info][gc,heap        ] GC(90) PSYoungGen: 19983K(70144K)->18080K(67584K) Eden: 17920K(17920K)->0K(19968K) From: 2063K(52224K)->18080K(47616K)
[3.930s][info][gc,heap        ] GC(90) ParOldGen: 631400K(707584K)->633520K(707584K)
[3.930s][info][gc,metaspace   ] GC(90) Metaspace: 6297K(6464K)->6297K(6464K) NonClass: 5764K(5824K)->5764K(5824K) Class: 533K(640K)->533K(640K)
[3.930s][info][gc             ] GC(90) Pause Young (Allocation Failure) 636M->636M(757M) 38.625ms
[3.930s][info][gc,cpu         ] GC(90) User=0.16s Sys=0.00s Real=0.04s
[3.953s][info][gc,start       ] GC(91) Pause Young (Allocation Failure)
[3.974s][info][gc,heap        ] GC(91) PSYoungGen: 38048K(67584K)->38016K(69120K) Eden: 19968K(19968K)->0K(19968K) From: 18080K(47616K)->38016K(49152K)
[3.974s][info][gc,heap        ] GC(91) ParOldGen: 633520K(707584K)->633520K(707584K)
[3.974s][info][gc,metaspace   ] GC(91) Metaspace: 6297K(6464K)->6297K(6464K) NonClass: 5764K(5824K)->5764K(5824K) Class: 533K(640K)->533K(640K)
[3.974s][info][gc             ] GC(91) Pause Young (Allocation Failure) 655M->655M(758M) 21.119ms
[3.974s][info][gc,cpu         ] GC(91) User=0.12s Sys=0.00s Real=0.02s
[3.998s][info][gc,start       ] GC(92) Pause Young (Allocation Failure)
[4.028s][info][gc,heap        ] GC(92) PSYoungGen: 57984K(69120K)->52224K(65024K) Eden: 19968K(19968K)->0K(12800K) From: 38016K(49152K)->52224K(52224K)
[4.028s][info][gc,heap        ] GC(92) ParOldGen: 633520K(707584K)->639264K(707584K)
[4.028s][info][gc,metaspace   ] GC(92) Metaspace: 6297K(6464K)->6297K(6464K) NonClass: 5764K(5824K)->5764K(5824K) Class: 533K(640K)->533K(640K)
[4.028s][info][gc             ] GC(92) Pause Young (Allocation Failure) 675M->675M(754M) 29.351ms
[4.028s][info][gc,cpu         ] GC(92) User=0.12s Sys=0.00s Real=0.03s
[4.044s][info][gc,start       ] GC(93) Pause Young (Allocation Failure)
[4.075s][info][gc,heap        ] GC(93) PSYoungGen: 65024K(65024K)->31392K(44544K) Eden: 12800K(12800K)->0K(12800K) From: 52224K(52224K)->31392K(31744K)
[4.075s][info][gc,heap        ] GC(93) ParOldGen: 639264K(707584K)->673488K(707584K)
[4.075s][info][gc,metaspace   ] GC(93) Metaspace: 6297K(6464K)->6297K(6464K) NonClass: 5764K(5824K)->5764K(5824K) Class: 533K(640K)->533K(640K)
[4.075s][info][gc             ] GC(93) Pause Young (Allocation Failure) 687M->688M(734M) 30.861ms
[4.075s][info][gc,cpu         ] GC(93) User=0.12s Sys=0.02s Real=0.03s
[4.075s][info][gc,start       ] GC(94) Pause Full (Ergonomics)
[4.075s][info][gc,phases,start] GC(94) Marking Phase
[4.222s][info][gc,phases      ] GC(94) Marking Phase 146.942ms
[4.222s][info][gc,phases,start] GC(94) Summary Phase
[4.222s][info][gc,phases      ] GC(94) Summary Phase 0.034ms
[4.222s][info][gc,phases,start] GC(94) Adjust Roots
[4.222s][info][gc,phases      ] GC(94) Adjust Roots 0.162ms
[4.223s][info][gc,phases,start] GC(94) Compaction Phase
[4.278s][info][gc,phases      ] GC(94) Compaction Phase 55.977ms
[4.279s][info][gc,phases,start] GC(94) Post Compact
[4.280s][info][gc,phases      ] GC(94) Post Compact 1.196ms
[4.280s][info][gc,heap        ] GC(94) PSYoungGen: 31392K(44544K)->0K(73728K) Eden: 0K(12800K)->0K(14336K) From: 31392K(31744K)->0K(59392K)
[4.280s][info][gc,heap        ] GC(94) ParOldGen: 673488K(707584K)->703987K(790528K)
[4.280s][info][gc,metaspace   ] GC(94) Metaspace: 6297K(6464K)->6297K(6464K) NonClass: 5764K(5824K)->5764K(5824K) Class: 533K(640K)->533K(640K)
[4.280s][info][gc             ] GC(94) Pause Full (Ergonomics) 688M->687M(844M) 204.867ms
[4.280s][info][gc,cpu         ] GC(94) User=1.52s Sys=0.00s Real=0.20s
[4.416s][info][gc,start       ] GC(95) Pause Young (Allocation Failure)
[4.442s][info][gc,heap        ] GC(95) PSYoungGen: 14336K(73728K)->14432K(73728K) Eden: 14336K(14336K)->0K(14336K) From: 0K(59392K)->14432K(59392K)
[4.442s][info][gc,heap        ] GC(95) ParOldGen: 736755K(790528K)->736755K(790528K)
[4.442s][info][gc,metaspace   ] GC(95) Metaspace: 6297K(6464K)->6297K(6464K) NonClass: 5764K(5824K)->5764K(5824K) Class: 533K(640K)->533K(640K)
[4.442s][info][gc             ] GC(95) Pause Young (Allocation Failure) 733M->733M(844M) 26.533ms
[4.442s][info][gc,cpu         ] GC(95) User=0.16s Sys=0.00s Real=0.03s
[4.457s][info][gc,start       ] GC(96) Pause Young (Allocation Failure)
[4.475s][info][gc,heap        ] GC(96) PSYoungGen: 28768K(73728K)->28768K(69632K) Eden: 14336K(14336K)->0K(15872K) From: 14432K(59392K)->28768K(53760K)
[4.475s][info][gc,heap        ] GC(96) ParOldGen: 736755K(790528K)->736755K(790528K)
[4.475s][info][gc,metaspace   ] GC(96) Metaspace: 6297K(6464K)->6297K(6464K) NonClass: 5764K(5824K)->5764K(5824K) Class: 533K(640K)->533K(640K)
[4.475s][info][gc             ] GC(96) Pause Young (Allocation Failure) 747M->747M(840M) 18.253ms
[4.475s][info][gc,cpu         ] GC(96) User=0.02s Sys=0.00s Real=0.02s
[4.491s][info][gc,start       ] GC(97) Pause Young (Allocation Failure)
[4.513s][info][gc,heap        ] GC(97) PSYoungGen: 44640K(69632K)->44704K(72192K) Eden: 15872K(15872K)->0K(15872K) From: 28768K(53760K)->44704K(56320K)
[4.513s][info][gc,heap        ] GC(97) ParOldGen: 736755K(790528K)->736755K(790528K)
[4.513s][info][gc,metaspace   ] GC(97) Metaspace: 6297K(6464K)->6297K(6464K) NonClass: 5764K(5824K)->5764K(5824K) Class: 533K(640K)->533K(640K)
[4.513s][info][gc             ] GC(97) Pause Young (Allocation Failure) 763M->763M(842M) 22.523ms
[4.513s][info][gc,cpu         ] GC(97) User=0.05s Sys=0.00s Real=0.02s
[4.531s][info][gc,start       ] GC(98) Pause Young (Allocation Failure)
[4.559s][info][gc,heap        ] GC(98) PSYoungGen: 60576K(72192K)->59392K(68608K) Eden: 15872K(15872K)->0K(9216K) From: 44704K(56320K)->59392K(59392K)
[4.559s][info][gc,heap        ] GC(98) ParOldGen: 736755K(790528K)->737851K(790528K)
[4.559s][info][gc,metaspace   ] GC(98) Metaspace: 6297K(6464K)->6297K(6464K) NonClass: 5764K(5824K)->5764K(5824K) Class: 533K(640K)->533K(640K)
[4.559s][info][gc             ] GC(98) Pause Young (Allocation Failure) 778M->778M(839M) 28.553ms
[4.559s][info][gc,cpu         ] GC(98) User=0.05s Sys=0.00s Real=0.03s
[4.569s][info][gc,start       ] GC(99) Pause Young (Allocation Failure)
[4.600s][info][gc,heap        ] GC(99) PSYoungGen: 68608K(68608K)->41056K(77312K) Eden: 9216K(9216K)->0K(9216K) From: 59392K(59392K)->41056K(68096K)
[4.600s][info][gc,heap        ] GC(99) ParOldGen: 737851K(790528K)->765843K(790528K)
[4.600s][info][gc,metaspace   ] GC(99) Metaspace: 6297K(6464K)->6297K(6464K) NonClass: 5764K(5824K)->5764K(5824K) Class: 533K(640K)->533K(640K)
[4.600s][info][gc             ] GC(99) Pause Young (Allocation Failure) 787M->787M(847M) 31.745ms
[4.600s][info][gc,cpu         ] GC(99) User=0.09s Sys=0.00s Real=0.03s
[4.601s][info][gc,start       ] GC(100) Pause Full (Ergonomics)
[4.601s][info][gc,phases,start] GC(100) Marking Phase
[4.787s][info][gc,phases      ] GC(100) Marking Phase 186.547ms
[4.787s][info][gc,phases,start] GC(100) Summary Phase
[4.787s][info][gc,phases      ] GC(100) Summary Phase 0.035ms
[4.787s][info][gc,phases,start] GC(100) Adjust Roots
[4.787s][info][gc,phases      ] GC(100) Adjust Roots 0.157ms
[4.787s][info][gc,phases,start] GC(100) Compaction Phase
[4.920s][info][gc,phases      ] GC(100) Compaction Phase 132.246ms
[4.920s][info][gc,phases,start] GC(100) Post Compact
[4.922s][info][gc,phases      ] GC(100) Post Compact 1.959ms
[4.922s][info][gc,heap        ] GC(100) PSYoungGen: 41056K(77312K)->0K(78336K) Eden: 0K(9216K)->0K(10752K) From: 41056K(68096K)->0K(67584K)
[4.922s][info][gc,heap        ] GC(100) ParOldGen: 765843K(790528K)->789850K(882688K)
[4.922s][info][gc,metaspace   ] GC(100) Metaspace: 6297K(6464K)->6297K(6464K) NonClass: 5764K(5824K)->5764K(5824K) Class: 533K(640K)->533K(640K)
[4.922s][info][gc             ] GC(100) Pause Full (Ergonomics) 787M->771M(938M) 321.607ms
[4.922s][info][gc,cpu         ] GC(100) User=2.02s Sys=0.00s Real=0.32s
[4.935s][info][gc,start       ] GC(101) Pause Young (Allocation Failure)
[4.946s][info][gc,heap        ] GC(101) PSYoungGen: 10752K(78336K)->10880K(78336K) Eden: 10752K(10752K)->0K(10752K) From: 0K(67584K)->10880K(67584K)
[4.947s][info][gc,heap        ] GC(101) ParOldGen: 789850K(882688K)->789850K(882688K)
[4.947s][info][gc,metaspace   ] GC(101) Metaspace: 6297K(6464K)->6297K(6464K) NonClass: 5764K(5824K)->5764K(5824K) Class: 533K(640K)->533K(640K)
[4.947s][info][gc             ] GC(101) Pause Young (Allocation Failure) 781M->781M(938M) 11.652ms
[4.947s][info][gc,cpu         ] GC(101) User=0.00s Sys=0.00s Real=0.01s
[4.957s][info][gc,start       ] GC(102) Pause Young (Allocation Failure)
[4.972s][info][gc,heap        ] GC(102) PSYoungGen: 21632K(78336K)->21568K(76288K) Eden: 10752K(10752K)->0K(12288K) From: 10880K(67584K)->21568K(64000K)
[4.972s][info][gc,heap        ] GC(102) ParOldGen: 789850K(882688K)->789850K(882688K)
[4.972s][info][gc,metaspace   ] GC(102) Metaspace: 6297K(6464K)->6297K(6464K) NonClass: 5764K(5824K)->5764K(5824K) Class: 533K(640K)->533K(640K)
[4.972s][info][gc             ] GC(102) Pause Young (Allocation Failure) 792M->792M(936M) 14.540ms
[4.972s][info][gc,cpu         ] GC(102) User=0.00s Sys=0.00s Real=0.01s
[4.985s][info][gc,start       ] GC(103) Pause Young (Allocation Failure)
[5.004s][info][gc,heap        ] GC(103) PSYoungGen: 33856K(76288K)->33856K(46592K) Eden: 12288K(12288K)->0K(12288K) From: 21568K(64000K)->33856K(34304K)
[5.004s][info][gc,heap        ] GC(103) ParOldGen: 789850K(882688K)->789850K(882688K)
[5.004s][info][gc,metaspace   ] GC(103) Metaspace: 6297K(6464K)->6297K(6464K) NonClass: 5764K(5824K)->5764K(5824K) Class: 533K(640K)->533K(640K)
[5.004s][info][gc             ] GC(103) Pause Young (Allocation Failure) 804M->804M(907M) 18.861ms
[5.004s][info][gc,cpu         ] GC(103) User=0.02s Sys=0.00s Real=0.02s
[5.017s][info][gc,start       ] GC(104) Pause Young (Allocation Failure)
[5.040s][info][gc,heap        ] GC(104) PSYoungGen: 46144K(46592K)->35456K(74752K) Eden: 12288K(12288K)->0K(13824K) From: 33856K(34304K)->35456K(60928K)
[5.040s][info][gc,heap        ] GC(104) ParOldGen: 789850K(882688K)->800754K(882688K)
[5.040s][info][gc,metaspace   ] GC(104) Metaspace: 6297K(6464K)->6297K(6464K) NonClass: 5764K(5824K)->5764K(5824K) Class: 533K(640K)->533K(640K)
[5.040s][info][gc             ] GC(104) Pause Young (Allocation Failure) 816M->816M(935M) 22.917ms
[5.040s][info][gc,cpu         ] GC(104) User=0.11s Sys=0.00s Real=0.02s
[5.054s][info][gc,start       ] GC(105) Pause Young (Allocation Failure)
[5.078s][info][gc,heap        ] GC(105) PSYoungGen: 49280K(74752K)->38560K(76288K) Eden: 13824K(13824K)->0K(13824K) From: 35456K(60928K)->38560K(62464K)
[5.078s][info][gc,heap        ] GC(105) ParOldGen: 800754K(882688K)->811666K(882688K)
[5.078s][info][gc,metaspace   ] GC(105) Metaspace: 6297K(6464K)->6297K(6464K) NonClass: 5764K(5824K)->5764K(5824K) Class: 533K(640K)->533K(640K)
[5.078s][info][gc             ] GC(105) Pause Young (Allocation Failure) 830M->830M(936M) 24.062ms
[5.078s][info][gc,cpu         ] GC(105) User=0.14s Sys=0.00s Real=0.02s
[5.093s][info][gc,start       ] GC(106) Pause Young (Allocation Failure)
[5.119s][info][gc,heap        ] GC(106) PSYoungGen: 52384K(76288K)->40032K(77824K) Eden: 13824K(13824K)->0K(15872K) From: 38560K(62464K)->40032K(61952K)
[5.119s][info][gc,heap        ] GC(106) ParOldGen: 811666K(882688K)->824130K(882688K)
[5.119s][info][gc,metaspace   ] GC(106) Metaspace: 6297K(6464K)->6297K(6464K) NonClass: 5764K(5824K)->5764K(5824K) Class: 533K(640K)->533K(640K)
[5.119s][info][gc             ] GC(106) Pause Young (Allocation Failure) 843M->843M(938M) 26.053ms
[5.119s][info][gc,cpu         ] GC(106) User=0.12s Sys=0.00s Real=0.03s
[5.136s][info][gc,start       ] GC(107) Pause Young (Allocation Failure)
[5.164s][info][gc,heap        ] GC(107) PSYoungGen: 55904K(77824K)->29824K(77824K) Eden: 15872K(15872K)->0K(15872K) From: 40032K(61952K)->29824K(61952K)
[5.164s][info][gc,heap        ] GC(107) ParOldGen: 824130K(882688K)->850562K(882688K)
[5.164s][info][gc,metaspace   ] GC(107) Metaspace: 6297K(6464K)->6297K(6464K) NonClass: 5764K(5824K)->5764K(5824K) Class: 533K(640K)->533K(640K)
[5.164s][info][gc             ] GC(107) Pause Young (Allocation Failure) 859M->859M(938M) 27.827ms
[5.164s][info][gc,cpu         ] GC(107) User=0.12s Sys=0.00s Real=0.03s
[5.164s][info][gc,start       ] GC(108) Pause Full (Ergonomics)
[5.164s][info][gc,phases,start] GC(108) Marking Phase
[5.369s][info][gc,phases      ] GC(108) Marking Phase 205.287ms
[5.370s][info][gc,phases,start] GC(108) Summary Phase
[5.370s][info][gc,phases      ] GC(108) Summary Phase 0.028ms
[5.370s][info][gc,phases,start] GC(108) Adjust Roots
[5.370s][info][gc,phases      ] GC(108) Adjust Roots 0.158ms
[5.370s][info][gc,phases,start] GC(108) Compaction Phase
[5.463s][info][gc,phases      ] GC(108) Compaction Phase 92.951ms
[5.463s][info][gc,phases,start] GC(108) Post Compact
[5.464s][info][gc,phases      ] GC(108) Post Compact 1.575ms
[5.465s][info][gc,heap        ] GC(108) PSYoungGen: 29824K(77824K)->0K(78336K) Eden: 0K(15872K)->0K(18432K) From: 29824K(61952K)->0K(59904K)
[5.465s][info][gc,heap        ] GC(108) ParOldGen: 850562K(882688K)->879245K(976384K)
[5.465s][info][gc,metaspace   ] GC(108) Metaspace: 6297K(6464K)->6297K(6464K) NonClass: 5764K(5824K)->5764K(5824K) Class: 533K(640K)->533K(640K)
[5.465s][info][gc             ] GC(108) Pause Full (Ergonomics) 859M->858M(1030M) 300.659ms
[5.465s][info][gc,cpu         ] GC(108) User=2.11s Sys=0.00s Real=0.30s
[5.486s][info][gc,start       ] GC(109) Pause Young (Allocation Failure)
[5.501s][info][gc,heap        ] GC(109) PSYoungGen: 18432K(78336K)->18624K(78336K) Eden: 18432K(18432K)->0K(18432K) From: 0K(59904K)->18624K(59904K)
[5.501s][info][gc,heap        ] GC(109) ParOldGen: 879245K(976384K)->879245K(976384K)
[5.501s][info][gc,metaspace   ] GC(109) Metaspace: 6297K(6464K)->6297K(6464K) NonClass: 5764K(5824K)->5764K(5824K) Class: 533K(640K)->533K(640K)
[5.501s][info][gc             ] GC(109) Pause Young (Allocation Failure) 876M->876M(1030M) 15.277ms
[5.501s][info][gc,cpu         ] GC(109) User=0.02s Sys=0.00s Real=0.02s
[5.522s][info][gc,start       ] GC(110) Pause Young (Allocation Failure)
[5.543s][info][gc,heap        ] GC(110) PSYoungGen: 37056K(78336K)->37024K(78848K) Eden: 18432K(18432K)->0K(20480K) From: 18624K(59904K)->37024K(58368K)
[5.543s][info][gc,heap        ] GC(110) ParOldGen: 879245K(976384K)->879245K(976384K)
[5.543s][info][gc,metaspace   ] GC(110) Metaspace: 6297K(6464K)->6297K(6464K) NonClass: 5764K(5824K)->5764K(5824K) Class: 533K(640K)->533K(640K)
[5.543s][info][gc             ] GC(110) Pause Young (Allocation Failure) 894M->894M(1030M) 21.094ms
[5.543s][info][gc,cpu         ] GC(110) User=0.12s Sys=0.00s Real=0.02s
[5.566s][info][gc,start       ] GC(111) Pause Young (Allocation Failure)
[5.596s][info][gc,heap        ] GC(111) PSYoungGen: 57504K(78848K)->57536K(79360K) Eden: 20480K(20480K)->0K(20480K) From: 37024K(58368K)->57536K(58880K)
[5.596s][info][gc,heap        ] GC(111) ParOldGen: 879245K(976384K)->879245K(976384K)
[5.596s][info][gc,metaspace   ] GC(111) Metaspace: 6297K(6464K)->6297K(6464K) NonClass: 5764K(5824K)->5764K(5824K) Class: 533K(640K)->533K(640K)
[5.596s][info][gc             ] GC(111) Pause Young (Allocation Failure) 914M->914M(1031M) 30.124ms
[5.596s][info][gc,cpu         ] GC(111) User=0.14s Sys=0.00s Real=0.03s
[5.619s][info][gc,start       ] GC(112) Pause Young (Allocation Failure)
[5.660s][info][gc,heap        ] GC(112) PSYoungGen: 78016K(79360K)->59520K(81408K) Eden: 20480K(20480K)->0K(15872K) From: 57536K(58880K)->59520K(65536K)
[5.660s][info][gc,heap        ] GC(112) ParOldGen: 879245K(976384K)->897933K(976384K)
[5.660s][info][gc,metaspace   ] GC(112) Metaspace: 6297K(6464K)->6297K(6464K) NonClass: 5764K(5824K)->5764K(5824K) Class: 533K(640K)->533K(640K)
[5.660s][info][gc             ] GC(112) Pause Young (Allocation Failure) 934M->935M(1033M) 40.865ms
[5.660s][info][gc,cpu         ] GC(112) User=0.33s Sys=0.00s Real=0.04s
[5.677s][info][gc,start       ] GC(113) Pause Young (Allocation Failure)
[5.717s][info][gc,heap        ] GC(113) PSYoungGen: 75392K(81408K)->56960K(88064K) Eden: 15872K(15872K)->0K(15872K) From: 59520K(65536K)->56960K(72192K)
[5.717s][info][gc,heap        ] GC(113) ParOldGen: 897933K(976384K)->916621K(976384K)
[5.717s][info][gc,metaspace   ] GC(113) Metaspace: 6297K(6464K)->6297K(6464K) NonClass: 5764K(5824K)->5764K(5824K) Class: 533K(640K)->533K(640K)
[5.717s][info][gc             ] GC(113) Pause Young (Allocation Failure) 950M->950M(1039M) 40.118ms
[5.717s][info][gc,cpu         ] GC(113) User=0.19s Sys=0.00s Real=0.04s
[5.735s][info][gc,start       ] GC(114) Pause Young (Allocation Failure)
[5.772s][info][gc,heap        ] GC(114) PSYoungGen: 72832K(88064K)->31872K(89600K) Eden: 15872K(15872K)->0K(18432K) From: 56960K(72192K)->31872K(71168K)
[5.772s][info][gc,heap        ] GC(114) ParOldGen: 916621K(976384K)->958109K(976384K)
[5.772s][info][gc,metaspace   ] GC(114) Metaspace: 6297K(6464K)->6297K(6464K) NonClass: 5764K(5824K)->5764K(5824K) Class: 533K(640K)->533K(640K)
[5.772s][info][gc             ] GC(114) Pause Young (Allocation Failure) 966M->966M(1041M) 37.210ms
[5.772s][info][gc,cpu         ] GC(114) User=0.22s Sys=0.03s Real=0.04s
[5.772s][info][gc,start       ] GC(115) Pause Full (Ergonomics)
[5.772s][info][gc,phases,start] GC(115) Marking Phase
[5.993s][info][gc,phases      ] GC(115) Marking Phase 220.701ms
[5.993s][info][gc,phases,start] GC(115) Summary Phase
[5.993s][info][gc,phases      ] GC(115) Summary Phase 0.045ms
[5.993s][info][gc,phases,start] GC(115) Adjust Roots
[5.993s][info][gc,phases      ] GC(115) Adjust Roots 0.182ms
[5.993s][info][gc,phases,start] GC(115) Compaction Phase
[6.089s][info][gc,phases      ] GC(115) Compaction Phase 95.292ms
[6.089s][info][gc,phases,start] GC(115) Post Compact
[6.090s][info][gc,phases      ] GC(115) Post Compact 1.683ms
[6.091s][info][gc,heap        ] GC(115) PSYoungGen: 31872K(89600K)->12268K(91648K) Eden: 0K(18432K)->0K(20480K) From: 31872K(71168K)->12268K(71168K)
[6.091s][info][gc,heap        ] GC(115) ParOldGen: 958109K(976384K)->976362K(1089536K)
[6.091s][info][gc,metaspace   ] GC(115) Metaspace: 6297K(6464K)->6297K(6464K) NonClass: 5764K(5824K)->5764K(5824K) Class: 533K(640K)->533K(640K)
[6.091s][info][gc             ] GC(115) Pause Full (Ergonomics) 966M->965M(1153M) 318.638ms
[6.091s][info][gc,cpu         ] GC(115) User=2.42s Sys=0.00s Real=0.32s
[6.116s][info][gc,start       ] GC(116) Pause Young (Allocation Failure)
[6.173s][info][gc,heap        ] GC(116) PSYoungGen: 32748K(91648K)->20640K(93696K) Eden: 20480K(20480K)->0K(20480K) From: 12268K(71168K)->20640K(73216K)
[6.173s][info][gc,heap        ] GC(116) ParOldGen: 976362K(1089536K)->988810K(1089536K)
[6.173s][info][gc,metaspace   ] GC(116) Metaspace: 6297K(6464K)->6297K(6464K) NonClass: 5764K(5824K)->5764K(5824K) Class: 533K(640K)->533K(640K)
[6.173s][info][gc             ] GC(116) Pause Young (Allocation Failure) 985M->985M(1155M) 56.433ms
[6.173s][info][gc,cpu         ] GC(116) User=0.36s Sys=0.02s Real=0.06s
[6.195s][info][gc,start       ] GC(117) Pause Young (Allocation Failure)
[6.219s][info][gc,heap        ] GC(117) PSYoungGen: 41120K(93696K)->20608K(93184K) Eden: 20480K(20480K)->0K(22528K) From: 20640K(73216K)->20608K(70656K)
[6.219s][info][gc,heap        ] GC(117) ParOldGen: 988810K(1089536K)->1009578K(1089536K)
[6.219s][info][gc,metaspace   ] GC(117) Metaspace: 6297K(6464K)->6297K(6464K) NonClass: 5764K(5824K)->5764K(5824K) Class: 533K(640K)->533K(640K)
[6.219s][info][gc             ] GC(117) Pause Young (Allocation Failure) 1005M->1006M(1155M) 23.688ms
[6.219s][info][gc,cpu         ] GC(117) User=0.12s Sys=0.02s Real=0.02s
[6.244s][info][gc,start       ] GC(118) Pause Young (Allocation Failure)
[6.269s][info][gc,heap        ] GC(118) PSYoungGen: 43136K(93184K)->22656K(94208K) Eden: 22528K(22528K)->0K(22528K) From: 20608K(70656K)->22656K(71680K)
[6.269s][info][gc,heap        ] GC(118) ParOldGen: 1009578K(1089536K)->1030346K(1089536K)
[6.269s][info][gc,metaspace   ] GC(118) Metaspace: 6297K(6464K)->6297K(6464K) NonClass: 5764K(5824K)->5764K(5824K) Class: 533K(640K)->533K(640K)
[6.269s][info][gc             ] GC(118) Pause Young (Allocation Failure) 1028M->1028M(1156M) 24.338ms
[6.269s][info][gc,cpu         ] GC(118) User=0.09s Sys=0.05s Real=0.02s
[6.293s][info][gc,start       ] GC(119) Pause Young (Allocation Failure)
[6.319s][info][gc,heap        ] GC(119) PSYoungGen: 45184K(94208K)->22688K(92160K) Eden: 22528K(22528K)->0K(25088K) From: 22656K(71680K)->22688K(67072K)
[6.319s][info][gc,heap        ] GC(119) ParOldGen: 1030346K(1089536K)->1053186K(1089536K)
[6.319s][info][gc,metaspace   ] GC(119) Metaspace: 6297K(6464K)->6297K(6464K) NonClass: 5764K(5824K)->5764K(5824K) Class: 533K(640K)->533K(640K)
[6.319s][info][gc             ] GC(119) Pause Young (Allocation Failure) 1050M->1050M(1154M) 25.443ms
[6.319s][info][gc,cpu         ] GC(119) User=0.12s Sys=0.00s Real=0.03s
[6.319s][info][gc,start       ] GC(120) Pause Full (Ergonomics)
[6.319s][info][gc,phases,start] GC(120) Marking Phase
[6.561s][info][gc,phases      ] GC(120) Marking Phase 241.585ms
[6.561s][info][gc,phases,start] GC(120) Summary Phase
[6.561s][info][gc,phases      ] GC(120) Summary Phase 0.031ms
[6.561s][info][gc,phases,start] GC(120) Adjust Roots
[6.561s][info][gc,phases      ] GC(120) Adjust Roots 0.215ms
[6.561s][info][gc,phases,start] GC(120) Compaction Phase
[6.675s][info][gc,phases      ] GC(120) Compaction Phase 114.514ms
[6.676s][info][gc,phases,start] GC(120) Post Compact
[6.678s][info][gc,phases      ] GC(120) Post Compact 2.046ms
[6.678s][info][gc,heap        ] GC(120) PSYoungGen: 22688K(92160K)->0K(93696K) Eden: 0K(25088K)->0K(25088K) From: 22688K(67072K)->0K(68608K)
[6.678s][info][gc,heap        ] GC(120) ParOldGen: 1053186K(1089536K)->1074513K(1192960K)
[6.678s][info][gc,metaspace   ] GC(120) Metaspace: 6297K(6464K)->6297K(6464K) NonClass: 5764K(5824K)->5764K(5824K) Class: 533K(640K)->533K(640K)
[6.678s][info][gc             ] GC(120) Pause Full (Ergonomics) 1050M->1049M(1256M) 359.125ms
[6.678s][info][gc,cpu         ] GC(120) User=2.53s Sys=0.02s Real=0.36s
[6.707s][info][gc,start       ] GC(121) Pause Young (Allocation Failure)
[6.726s][info][gc,heap        ] GC(121) PSYoungGen: 25088K(93696K)->25248K(91136K) Eden: 25088K(25088K)->0K(27648K) From: 0K(68608K)->25248K(63488K)
[6.726s][info][gc,heap        ] GC(121) ParOldGen: 1074513K(1192960K)->1074513K(1192960K)
[6.726s][info][gc,metaspace   ] GC(121) Metaspace: 6297K(6464K)->6297K(6464K) NonClass: 5764K(5824K)->5764K(5824K) Class: 533K(640K)->533K(640K)
[6.726s][info][gc             ] GC(121) Pause Young (Allocation Failure) 1073M->1073M(1254M) 18.928ms
[6.726s][info][gc,cpu         ] GC(121) User=0.02s Sys=0.00s Real=0.02s
[6.755s][info][gc,start       ] GC(122) Pause Young (Allocation Failure)
[6.784s][info][gc,heap        ] GC(122) PSYoungGen: 52896K(91136K)->52896K(93696K) Eden: 27648K(27648K)->0K(27648K) From: 25248K(63488K)->52896K(66048K)
[6.784s][info][gc,heap        ] GC(122) ParOldGen: 1074513K(1192960K)->1074513K(1192960K)
[6.784s][info][gc,metaspace   ] GC(122) Metaspace: 6297K(6464K)->6297K(6464K) NonClass: 5764K(5824K)->5764K(5824K) Class: 533K(640K)->533K(640K)
[6.784s][info][gc             ] GC(122) Pause Young (Allocation Failure) 1100M->1100M(1256M) 28.453ms
[6.784s][info][gc,cpu         ] GC(122) User=0.14s Sys=0.00s Real=0.03s
[6.813s][info][gc,start       ] GC(123) Pause Young (Allocation Failure)
[6.853s][info][gc,heap        ] GC(123) PSYoungGen: 80544K(93696K)->70656K(87552K) Eden: 27648K(27648K)->0K(16896K) From: 52896K(66048K)->70656K(70656K)
[6.853s][info][gc,heap        ] GC(123) ParOldGen: 1074513K(1192960K)->1084449K(1192960K)
[6.853s][info][gc,metaspace   ] GC(123) Metaspace: 6297K(6464K)->6297K(6464K) NonClass: 5764K(5824K)->5764K(5824K) Class: 533K(640K)->533K(640K)
[6.853s][info][gc             ] GC(123) Pause Young (Allocation Failure) 1127M->1128M(1250M) 40.204ms
[6.853s][info][gc,cpu         ] GC(123) User=0.23s Sys=0.02s Real=0.04s
[6.872s][info][gc,start       ] GC(124) Pause Young (Allocation Failure)
[6.915s][info][gc,heap        ] GC(124) PSYoungGen: 87552K(87552K)->41280K(58368K) Eden: 16896K(16896K)->0K(16896K) From: 70656K(70656K)->41280K(41472K)
[6.915s][info][gc,heap        ] GC(124) ParOldGen: 1084449K(1192960K)->1131449K(1192960K)
[6.915s][info][gc,metaspace   ] GC(124) Metaspace: 6297K(6464K)->6297K(6464K) NonClass: 5764K(5824K)->5764K(5824K) Class: 533K(640K)->533K(640K)
[6.915s][info][gc             ] GC(124) Pause Young (Allocation Failure) 1144M->1145M(1222M) 42.864ms
[6.915s][info][gc,cpu         ] GC(124) User=0.20s Sys=0.03s Real=0.04s
[6.935s][info][gc,start       ] GC(125) Pause Young (Allocation Failure)
[6.965s][info][gc,heap        ] GC(125) PSYoungGen: 58176K(58368K)->33952K(92672K) Eden: 16896K(16896K)->0K(18944K) From: 41280K(41472K)->33952K(73728K)
[6.965s][info][gc,heap        ] GC(125) ParOldGen: 1131449K(1192960K)->1155993K(1192960K)
[6.965s][info][gc,metaspace   ] GC(125) Metaspace: 6297K(6464K)->6297K(6464K) NonClass: 5764K(5824K)->5764K(5824K) Class: 533K(640K)->533K(640K)
[6.965s][info][gc             ] GC(125) Pause Young (Allocation Failure) 1161M->1162M(1255M) 30.349ms
[6.965s][info][gc,cpu         ] GC(125) User=0.14s Sys=0.00s Real=0.03s
[6.965s][info][gc,start       ] GC(126) Pause Full (Ergonomics)
[6.965s][info][gc,phases,start] GC(126) Marking Phase
[7.228s][info][gc,phases      ] GC(126) Marking Phase 263.049ms
[7.228s][info][gc,phases,start] GC(126) Summary Phase
[7.228s][info][gc,phases      ] GC(126) Summary Phase 0.033ms
[7.228s][info][gc,phases,start] GC(126) Adjust Roots
[7.229s][info][gc,phases      ] GC(126) Adjust Roots 0.155ms
[7.229s][info][gc,phases,start] GC(126) Compaction Phase
[7.338s][info][gc,phases      ] GC(126) Compaction Phase 109.246ms
[7.338s][info][gc,phases,start] GC(126) Post Compact
[7.340s][info][gc,phases      ] GC(126) Post Compact 2.143ms
[7.341s][info][gc,heap        ] GC(126) PSYoungGen: 33952K(92672K)->0K(96256K) Eden: 0K(18944K)->0K(18944K) From: 33952K(73728K)->0K(77312K)
[7.341s][info][gc,heap        ] GC(126) ParOldGen: 1155993K(1192960K)->1188533K(1321472K)
[7.341s][info][gc,metaspace   ] GC(126) Metaspace: 6297K(6464K)->6297K(6464K) NonClass: 5764K(5824K)->5764K(5824K) Class: 533K(640K)->533K(640K)
[7.341s][info][gc             ] GC(126) Pause Full (Ergonomics) 1162M->1160M(1384M) 375.416ms
[7.341s][info][gc,cpu         ] GC(126) User=2.67s Sys=0.03s Real=0.38s
[7.364s][info][gc,start       ] GC(127) Pause Young (Allocation Failure)
[7.380s][info][gc,heap        ] GC(127) PSYoungGen: 18944K(96256K)->19104K(96768K) Eden: 18944K(18944K)->0K(20992K) From: 0K(77312K)->19104K(75776K)
[7.380s][info][gc,heap        ] GC(127) ParOldGen: 1188533K(1321472K)->1188533K(1321472K)
[7.380s][info][gc,metaspace   ] GC(127) Metaspace: 6297K(6464K)->6297K(6464K) NonClass: 5764K(5824K)->5764K(5824K) Class: 533K(640K)->533K(640K)
[7.380s][info][gc             ] GC(127) Pause Young (Allocation Failure) 1179M->1179M(1385M) 15.789ms
[7.380s][info][gc,cpu         ] GC(127) User=0.02s Sys=0.00s Real=0.02s
[7.405s][info][gc,start       ] GC(128) Pause Young (Allocation Failure)
[7.431s][info][gc,heap        ] GC(128) PSYoungGen: 40096K(96768K)->40096K(61440K) Eden: 20992K(20992K)->0K(20992K) From: 19104K(75776K)->40096K(40448K)
[7.431s][info][gc,heap        ] GC(128) ParOldGen: 1188533K(1321472K)->1188533K(1321472K)
[7.431s][info][gc,metaspace   ] GC(128) Metaspace: 6297K(6464K)->6297K(6464K) NonClass: 5764K(5824K)->5764K(5824K) Class: 533K(640K)->533K(640K)
[7.431s][info][gc             ] GC(128) Pause Young (Allocation Failure) 1199M->1199M(1350M) 26.544ms
[7.431s][info][gc,cpu         ] GC(128) User=0.03s Sys=0.00s Real=0.03s
[7.456s][info][gc,start       ] GC(129) Pause Young (Allocation Failure)
[7.494s][info][gc,heap        ] GC(129) PSYoungGen: 61088K(61440K)->61088K(92160K) Eden: 20992K(20992K)->0K(17920K) From: 40096K(40448K)->61088K(74240K)
[7.494s][info][gc,heap        ] GC(129) ParOldGen: 1188533K(1321472K)->1188533K(1321472K)
[7.494s][info][gc,metaspace   ] GC(129) Metaspace: 6297K(6464K)->6297K(6464K) NonClass: 5764K(5824K)->5764K(5824K) Class: 533K(640K)->533K(640K)
[7.494s][info][gc             ] GC(129) Pause Young (Allocation Failure) 1220M->1220M(1380M) 37.306ms
[7.494s][info][gc,cpu         ] GC(129) User=0.12s Sys=0.00s Real=0.04s
[7.515s][info][gc,start       ] GC(130) Pause Young (Allocation Failure)
[7.557s][info][gc,heap        ] GC(130) PSYoungGen: 79008K(92160K)->79008K(97280K) Eden: 17920K(17920K)->0K(17920K) From: 61088K(74240K)->79008K(79360K)
[7.557s][info][gc,heap        ] GC(130) ParOldGen: 1188533K(1321472K)->1188533K(1321472K)
[7.557s][info][gc,metaspace   ] GC(130) Metaspace: 6297K(6464K)->6297K(6464K) NonClass: 5764K(5824K)->5764K(5824K) Class: 533K(640K)->533K(640K)
[7.557s][info][gc             ] GC(130) Pause Young (Allocation Failure) 1237M->1237M(1385M) 42.687ms
[7.557s][info][gc,cpu         ] GC(130) User=0.23s Sys=0.02s Real=0.04s
[7.580s][info][gc,start       ] GC(131) Pause Young (Allocation Failure)
[7.635s][info][gc,heap        ] GC(131) PSYoungGen: 96928K(97280K)->90112K(94720K) Eden: 17920K(17920K)->0K(4608K) From: 79008K(79360K)->90112K(90112K)
[7.635s][info][gc,heap        ] GC(131) ParOldGen: 1188533K(1321472K)->1195357K(1321472K)
[7.635s][info][gc,metaspace   ] GC(131) Metaspace: 6297K(6464K)->6297K(6464K) NonClass: 5764K(5824K)->5764K(5824K) Class: 533K(640K)->533K(640K)
[7.635s][info][gc             ] GC(131) Pause Young (Allocation Failure) 1255M->1255M(1383M) 55.276ms
[7.635s][info][gc,cpu         ] GC(131) User=0.36s Sys=0.00s Real=0.06s
[7.641s][info][gc,start       ] GC(132) Pause Young (Allocation Failure)
[7.691s][info][gc,heap        ] GC(132) PSYoungGen: 94720K(94720K)->57760K(62464K) Eden: 4608K(4608K)->0K(4608K) From: 90112K(90112K)->57760K(57856K)
[7.691s][info][gc,heap        ] GC(132) ParOldGen: 1195357K(1321472K)->1232917K(1321472K)
[7.691s][info][gc,metaspace   ] GC(132) Metaspace: 6297K(6464K)->6297K(6464K) NonClass: 5764K(5824K)->5764K(5824K) Class: 533K(640K)->533K(640K)
[7.691s][info][gc             ] GC(132) Pause Young (Allocation Failure) 1259M->1260M(1351M) 49.815ms
[7.691s][info][gc,cpu         ] GC(132) User=0.28s Sys=0.02s Real=0.05s
[7.697s][info][gc,start       ] GC(133) Pause Young (Allocation Failure)
[7.732s][info][gc,heap        ] GC(133) PSYoungGen: 62368K(62464K)->26656K(106496K) Eden: 4608K(4608K)->0K(5632K) From: 57760K(57856K)->26656K(100864K)
[7.732s][info][gc,heap        ] GC(133) ParOldGen: 1232917K(1321472K)->1269117K(1321472K)
[7.732s][info][gc,metaspace   ] GC(133) Metaspace: 6297K(6464K)->6297K(6464K) NonClass: 5764K(5824K)->5764K(5824K) Class: 533K(640K)->533K(640K)
[7.732s][info][gc             ] GC(133) Pause Young (Allocation Failure) 1264M->1265M(1394M) 35.313ms
[7.732s][info][gc,cpu         ] GC(133) User=0.11s Sys=0.03s Real=0.04s
[7.740s][info][gc,start       ] GC(134) Pause Young (Allocation Failure)
[7.760s][info][gc,heap        ] GC(134) PSYoungGen: 32288K(106496K)->10272K(107520K) Eden: 5632K(5632K)->0K(5632K) From: 26656K(100864K)->10272K(101888K)
[7.760s][info][gc,heap        ] GC(134) ParOldGen: 1269117K(1321472K)->1291285K(1321472K)
[7.760s][info][gc,metaspace   ] GC(134) Metaspace: 6297K(6464K)->6297K(6464K) NonClass: 5764K(5824K)->5764K(5824K) Class: 533K(640K)->533K(640K)
[7.760s][info][gc             ] GC(134) Pause Young (Allocation Failure) 1270M->1271M(1395M) 20.351ms
[7.760s][info][gc,cpu         ] GC(134) User=0.09s Sys=0.03s Real=0.02s
[7.760s][info][gc,start       ] GC(135) Pause Full (Ergonomics)
[7.760s][info][gc,phases,start] GC(135) Marking Phase
[8.061s][info][gc,phases      ] GC(135) Marking Phase 300.480ms
[8.061s][info][gc,phases,start] GC(135) Summary Phase
[8.061s][info][gc,phases      ] GC(135) Summary Phase 0.034ms
[8.061s][info][gc,phases,start] GC(135) Adjust Roots
[8.061s][info][gc,phases      ] GC(135) Adjust Roots 0.148ms
[8.061s][info][gc,phases,start] GC(135) Compaction Phase
[8.167s][info][gc,phases      ] GC(135) Compaction Phase 106.246ms
[8.167s][info][gc,phases,start] GC(135) Post Compact
[8.170s][info][gc,phases      ] GC(135) Post Compact 2.062ms
[8.170s][info][gc,heap        ] GC(135) PSYoungGen: 10272K(107520K)->0K(109568K) Eden: 0K(5632K)->0K(7168K) From: 10272K(101888K)->0K(102400K)
[8.170s][info][gc,heap        ] GC(135) ParOldGen: 1291285K(1321472K)->1299902K(1445888K)
[8.170s][info][gc,metaspace   ] GC(135) Metaspace: 6297K(6464K)->6297K(6464K) NonClass: 5764K(5824K)->5764K(5824K) Class: 533K(640K)->533K(640K)
[8.170s][info][gc             ] GC(135) Pause Full (Ergonomics) 1271M->1269M(1519M) 409.677ms
[8.170s][info][gc,cpu         ] GC(135) User=2.94s Sys=0.00s Real=0.41s
[8.179s][info][gc,start       ] GC(136) Pause Young (Allocation Failure)
[8.191s][info][gc,heap        ] GC(136) PSYoungGen: 7168K(109568K)->4384K(109568K) Eden: 7168K(7168K)->0K(7168K) From: 0K(102400K)->4384K(102400K)
[8.191s][info][gc,heap        ] GC(136) ParOldGen: 1299902K(1445888K)->1299902K(1445888K)
[8.191s][info][gc,metaspace   ] GC(136) Metaspace: 6297K(6464K)->6297K(6464K) NonClass: 5764K(5824K)->5764K(5824K) Class: 533K(640K)->533K(640K)
[8.191s][info][gc             ] GC(136) Pause Young (Allocation Failure) 1276M->1273M(1519M) 11.985ms
[8.191s][info][gc,cpu         ] GC(136) User=0.00s Sys=0.00s Real=0.01s
[8.197s][info][gc,start       ] GC(137) Pause Young (Allocation Failure)
[8.209s][info][gc,heap        ] GC(137) PSYoungGen: 11552K(109568K)->3840K(110592K) Eden: 7168K(7168K)->0K(8192K) From: 4384K(102400K)->3840K(102400K)
[8.209s][info][gc,heap        ] GC(137) ParOldGen: 1299902K(1445888K)->1304294K(1445888K)
[8.209s][info][gc,metaspace   ] GC(137) Metaspace: 6297K(6464K)->6297K(6464K) NonClass: 5764K(5824K)->5764K(5824K) Class: 533K(640K)->533K(640K)
[8.209s][info][gc             ] GC(137) Pause Young (Allocation Failure) 1280M->1277M(1520M) 11.833ms
[8.209s][info][gc,cpu         ] GC(137) User=0.02s Sys=0.00s Real=0.01s
[8.215s][info][gc,start       ] GC(138) Pause Young (Allocation Failure)
[8.227s][info][gc,heap        ] GC(138) PSYoungGen: 12032K(110592K)->4352K(111104K) Eden: 8192K(8192K)->0K(8192K) From: 3840K(102400K)->4352K(102912K)
[8.227s][info][gc,heap        ] GC(138) ParOldGen: 1304294K(1445888K)->1308086K(1445888K)
[8.227s][info][gc,metaspace   ] GC(138) Metaspace: 6297K(6464K)->6297K(6464K) NonClass: 5764K(5824K)->5764K(5824K) Class: 533K(640K)->533K(640K)
[8.227s][info][gc             ] GC(138) Pause Young (Allocation Failure) 1285M->1281M(1520M) 11.718ms
[8.227s][info][gc,cpu         ] GC(138) User=0.00s Sys=0.00s Real=0.01s
[8.233s][info][gc,start       ] GC(139) Pause Young (Allocation Failure)
[8.248s][info][gc,heap        ] GC(139) PSYoungGen: 12544K(111104K)->4352K(107520K) Eden: 8192K(8192K)->0K(9728K) From: 4352K(102912K)->4352K(97792K)
[8.248s][info][gc,heap        ] GC(139) ParOldGen: 1308086K(1445888K)->1312398K(1445888K)
[8.248s][info][gc,metaspace   ] GC(139) Metaspace: 6297K(6464K)->6297K(6464K) NonClass: 5764K(5824K)->5764K(5824K) Class: 533K(640K)->533K(640K)
[8.248s][info][gc             ] GC(139) Pause Young (Allocation Failure) 1289M->1285M(1517M) 15.508ms
[8.249s][info][gc,cpu         ] GC(139) User=0.00s Sys=0.00s Real=0.02s
[8.261s][info][gc,start       ] GC(140) Pause Young (Allocation Failure)
[8.274s][info][gc,heap        ] GC(140) PSYoungGen: 14080K(107520K)->8992K(18944K) Eden: 9728K(9728K)->0K(9728K) From: 4352K(97792K)->8992K(9216K)
[8.274s][info][gc,heap        ] GC(140) ParOldGen: 1312398K(1445888K)->1316726K(1445888K)
[8.274s][info][gc,metaspace   ] GC(140) Metaspace: 6297K(6464K)->6297K(6464K) NonClass: 5764K(5824K)->5764K(5824K) Class: 533K(640K)->533K(640K)
[8.274s][info][gc             ] GC(140) Pause Young (Allocation Failure) 1295M->1294M(1430M) 13.025ms
[8.274s][info][gc,cpu         ] GC(140) User=0.00s Sys=0.00s Real=0.01s
[8.285s][info][gc,start       ] GC(141) Pause Young (Allocation Failure)
[8.301s][info][gc,heap        ] GC(141) PSYoungGen: 18720K(18944K)->9856K(100352K) Eden: 9728K(9728K)->0K(11264K) From: 8992K(9216K)->9856K(89088K)
[8.301s][info][gc,heap        ] GC(141) ParOldGen: 1316726K(1445888K)->1325742K(1445888K)
[8.301s][info][gc,metaspace   ] GC(141) Metaspace: 6297K(6464K)->6297K(6464K) NonClass: 5764K(5824K)->5764K(5824K) Class: 533K(640K)->533K(640K)
[8.301s][info][gc             ] GC(141) Pause Young (Allocation Failure) 1304M->1304M(1510M) 15.954ms
[8.301s][info][gc,cpu         ] GC(141) User=0.02s Sys=0.00s Real=0.02s
[8.317s][info][gc,start       ] GC(142) Pause Young (Allocation Failure)
[8.334s][info][gc,heap        ] GC(142) PSYoungGen: 21120K(100352K)->11360K(23040K) Eden: 11264K(11264K)->0K(11264K) From: 9856K(89088K)->11360K(11776K)
[8.334s][info][gc,heap        ] GC(142) ParOldGen: 1325742K(1445888K)->1335606K(1445888K)
[8.334s][info][gc,metaspace   ] GC(142) Metaspace: 6297K(6464K)->6297K(6464K) NonClass: 5764K(5824K)->5764K(5824K) Class: 533K(640K)->533K(640K)
[8.334s][info][gc             ] GC(142) Pause Young (Allocation Failure) 1315M->1315M(1434M) 16.648ms
[8.334s][info][gc,cpu         ] GC(142) User=0.02s Sys=0.00s Real=0.02s
[8.347s][info][gc,start       ] GC(143) Pause Young (Allocation Failure)
[8.364s][info][gc,heap        ] GC(143) PSYoungGen: 22624K(23040K)->11360K(93184K) Eden: 11264K(11264K)->0K(12800K) From: 11360K(11776K)->11360K(80384K)
[8.364s][info][gc,heap        ] GC(143) ParOldGen: 1335606K(1445888K)->1347038K(1445888K)
[8.364s][info][gc,metaspace   ] GC(143) Metaspace: 6297K(6464K)->6297K(6464K) NonClass: 5764K(5824K)->5764K(5824K) Class: 533K(640K)->533K(640K)
[8.364s][info][gc             ] GC(143) Pause Young (Allocation Failure) 1326M->1326M(1503M) 16.298ms
[8.364s][info][gc,cpu         ] GC(143) User=0.02s Sys=0.00s Real=0.02s
[8.378s][info][gc,start       ] GC(144) Pause Young (Allocation Failure)
[8.395s][info][gc,heap        ] GC(144) PSYoungGen: 24160K(93184K)->12928K(26112K) Eden: 12800K(12800K)->0K(12800K) From: 11360K(80384K)->12928K(13312K)
[8.395s][info][gc,heap        ] GC(144) ParOldGen: 1347038K(1445888K)->1358454K(1445888K)
[8.395s][info][gc,metaspace   ] GC(144) Metaspace: 6297K(6464K)->6297K(6464K) NonClass: 5764K(5824K)->5764K(5824K) Class: 533K(640K)->533K(640K)
[8.395s][info][gc             ] GC(144) Pause Young (Allocation Failure) 1339M->1339M(1437M) 16.829ms
[8.395s][info][gc,cpu         ] GC(144) User=0.00s Sys=0.02s Real=0.02s
[8.412s][info][gc,start       ] GC(145) Pause Young (Allocation Failure)
[8.431s][info][gc,heap        ] GC(145) PSYoungGen: 25728K(26112K)->12928K(86016K) Eden: 12800K(12800K)->0K(14336K) From: 12928K(13312K)->12928K(71680K)
[8.431s][info][gc,heap        ] GC(145) ParOldGen: 1358454K(1445888K)->1371438K(1445888K)
[8.431s][info][gc,metaspace   ] GC(145) Metaspace: 6297K(6464K)->6297K(6464K) NonClass: 5764K(5824K)->5764K(5824K) Class: 533K(640K)->533K(640K)
[8.431s][info][gc             ] GC(145) Pause Young (Allocation Failure) 1351M->1351M(1496M) 18.477ms
[8.431s][info][gc,cpu         ] GC(145) User=0.03s Sys=0.00s Real=0.02s
[8.448s][info][gc,start       ] GC(146) Pause Young (Allocation Failure)
[8.467s][info][gc,heap        ] GC(146) PSYoungGen: 27264K(86016K)->14464K(29184K) Eden: 14336K(14336K)->0K(14336K) From: 12928K(71680K)->14464K(14848K)
[8.467s][info][gc,heap        ] GC(146) ParOldGen: 1371438K(1445888K)->1384430K(1445888K)
[8.467s][info][gc,metaspace   ] GC(146) Metaspace: 6297K(6464K)->6297K(6464K) NonClass: 5764K(5824K)->5764K(5824K) Class: 533K(640K)->533K(640K)
[8.467s][info][gc             ] GC(146) Pause Young (Allocation Failure) 1365M->1366M(1440M) 18.998ms
[8.467s][info][gc,cpu         ] GC(146) User=0.03s Sys=0.00s Real=0.02s
[8.711s][info][gc,start       ] GC(147) Pause Young (Allocation Failure)
[8.770s][info][gc,heap        ] GC(147) PSYoungGen: 28800K(29184K)->14528K(78848K) Eden: 14336K(14336K)->0K(15872K) From: 14464K(14848K)->14528K(62976K)
[8.770s][info][gc,heap        ] GC(147) ParOldGen: 1449966K(1511936K)->1464486K(1511936K)
[8.770s][info][gc,metaspace   ] GC(147) Metaspace: 6297K(6464K)->6297K(6464K) NonClass: 5764K(5824K)->5764K(5824K) Class: 533K(640K)->533K(640K)
[8.770s][info][gc             ] GC(147) Pause Young (Allocation Failure) 1444M->1444M(1553M) 59.070ms
[8.770s][info][gc,cpu         ] GC(147) User=0.27s Sys=0.00s Real=0.06s
[8.784s][info][gc,start       ] GC(148) Pause Young (Allocation Failure)
[8.808s][info][gc,heap        ] GC(148) PSYoungGen: 30400K(78848K)->30368K(83456K) Eden: 15872K(15872K)->0K(15872K) From: 14528K(62976K)->30368K(67584K)
[8.808s][info][gc,heap        ] GC(148) ParOldGen: 1464486K(1511936K)->1464486K(1511936K)
[8.808s][info][gc,metaspace   ] GC(148) Metaspace: 6297K(6464K)->6297K(6464K) NonClass: 5764K(5824K)->5764K(5824K) Class: 533K(640K)->533K(640K)
[8.809s][info][gc             ] GC(148) Pause Young (Allocation Failure) 1459M->1459M(1558M) 24.090ms
[8.809s][info][gc,cpu         ] GC(148) User=0.03s Sys=0.00s Real=0.02s
[8.823s][info][gc,start       ] GC(149) Pause Young (Allocation Failure)
[8.852s][info][gc,heap        ] GC(149) PSYoungGen: 46240K(83456K)->46176K(79872K) Eden: 15872K(15872K)->0K(13312K) From: 30368K(67584K)->46176K(66560K)
[8.852s][info][gc,heap        ] GC(149) ParOldGen: 1464486K(1511936K)->1464486K(1511936K)
[8.852s][info][gc,metaspace   ] GC(149) Metaspace: 6297K(6464K)->6297K(6464K) NonClass: 5764K(5824K)->5764K(5824K) Class: 533K(640K)->533K(640K)
[8.852s][info][gc             ] GC(149) Pause Young (Allocation Failure) 1475M->1475M(1554M) 28.376ms
[8.852s][info][gc,cpu         ] GC(149) User=0.03s Sys=0.00s Real=0.03s
[8.864s][info][gc,start       ] GC(150) Pause Young (Allocation Failure)
[8.898s][info][gc,heap        ] GC(150) PSYoungGen: 59488K(79872K)->45184K(84480K) Eden: 13312K(13312K)->0K(13312K) From: 46176K(66560K)->45184K(71168K)
[8.898s][info][gc,heap        ] GC(150) ParOldGen: 1464486K(1511936K)->1479014K(1511936K)
[8.898s][info][gc,metaspace   ] GC(150) Metaspace: 6297K(6464K)->6297K(6464K) NonClass: 5764K(5824K)->5764K(5824K) Class: 533K(640K)->533K(640K)
[8.898s][info][gc             ] GC(150) Pause Young (Allocation Failure) 1488M->1488M(1559M) 34.079ms
[8.898s][info][gc,cpu         ] GC(150) User=0.05s Sys=0.00s Real=0.03s
[8.910s][info][gc,start       ] GC(151) Pause Young (Allocation Failure)
[8.941s][info][gc,heap        ] GC(151) PSYoungGen: 58496K(84480K)->42624K(88576K) Eden: 13312K(13312K)->0K(13824K) From: 45184K(71168K)->42624K(74752K)
[8.941s][info][gc,heap        ] GC(151) ParOldGen: 1479014K(1511936K)->1495118K(1511936K)
[8.941s][info][gc,metaspace   ] GC(151) Metaspace: 6297K(6464K)->6297K(6464K) NonClass: 5764K(5824K)->5764K(5824K) Class: 533K(640K)->533K(640K)
[8.941s][info][gc             ] GC(151) Pause Young (Allocation Failure) 1501M->1501M(1563M) 31.966ms
[8.941s][info][gc,cpu         ] GC(151) User=0.06s Sys=0.00s Real=0.03s
[8.942s][info][gc,start       ] GC(152) Pause Full (Ergonomics)
[8.942s][info][gc,phases,start] GC(152) Marking Phase
[9.271s][info][gc,phases      ] GC(152) Marking Phase 329.915ms
[9.272s][info][gc,phases,start] GC(152) Summary Phase
[9.272s][info][gc,phases      ] GC(152) Summary Phase 0.044ms
[9.272s][info][gc,phases,start] GC(152) Adjust Roots
[9.272s][info][gc,phases      ] GC(152) Adjust Roots 0.157ms
[9.272s][info][gc,phases,start] GC(152) Compaction Phase
[9.519s][info][gc,phases      ] GC(152) Compaction Phase 246.841ms
[9.519s][info][gc,phases,start] GC(152) Post Compact
[9.522s][info][gc,phases      ] GC(152) Post Compact 2.901ms
[9.522s][info][gc,heap        ] GC(152) PSYoungGen: 42624K(88576K)->0K(90112K) Eden: 0K(13824K)->0K(13824K) From: 42624K(74752K)->0K(76288K)
[9.522s][info][gc,heap        ] GC(152) ParOldGen: 1495118K(1511936K)->1502533K(1635840K)
[9.522s][info][gc,metaspace   ] GC(152) Metaspace: 6297K(6464K)->6297K(6464K) NonClass: 5764K(5824K)->5764K(5824K) Class: 533K(640K)->533K(640K)
[9.522s][info][gc             ] GC(152) Pause Full (Ergonomics) 1501M->1467M(1685M) 580.664ms
[9.522s][info][gc,cpu         ] GC(152) User=3.89s Sys=0.00s Real=0.58s
[9.536s][info][gc,start       ] GC(153) Pause Young (Allocation Failure)
[9.558s][info][gc,heap        ] GC(153) PSYoungGen: 13824K(90112K)->13952K(86016K) Eden: 13824K(13824K)->0K(15360K) From: 0K(76288K)->13952K(70656K)
[9.558s][info][gc,heap        ] GC(153) ParOldGen: 1502533K(1635840K)->1502533K(1635840K)
[9.558s][info][gc,metaspace   ] GC(153) Metaspace: 6297K(6464K)->6297K(6464K) NonClass: 5764K(5824K)->5764K(5824K) Class: 533K(640K)->533K(640K)
[9.558s][info][gc             ] GC(153) Pause Young (Allocation Failure) 1480M->1480M(1681M) 21.661ms
[9.558s][info][gc,cpu         ] GC(153) User=0.03s Sys=0.00s Real=0.02s
[9.572s][info][gc,start       ] GC(154) Pause Young (Allocation Failure)
[9.594s][info][gc,heap        ] GC(154) PSYoungGen: 29312K(86016K)->29312K(45056K) Eden: 15360K(15360K)->0K(15360K) From: 13952K(70656K)->29312K(29696K)
[9.594s][info][gc,heap        ] GC(154) ParOldGen: 1502533K(1635840K)->1502533K(1635840K)
[9.594s][info][gc,metaspace   ] GC(154) Metaspace: 6297K(6464K)->6297K(6464K) NonClass: 5764K(5824K)->5764K(5824K) Class: 533K(640K)->533K(640K)
[9.594s][info][gc             ] GC(154) Pause Young (Allocation Failure) 1495M->1495M(1641M) 21.800ms
[9.594s][info][gc,cpu         ] GC(154) User=0.05s Sys=0.00s Real=0.02s
[9.609s][info][gc,start       ] GC(155) Pause Young (Allocation Failure)
[9.637s][info][gc,heap        ] GC(155) PSYoungGen: 44672K(45056K)->30848K(81408K) Eden: 15360K(15360K)->0K(17408K) From: 29312K(29696K)->30848K(64000K)
[9.637s][info][gc,heap        ] GC(155) ParOldGen: 1502533K(1635840K)->1516533K(1635840K)
[9.637s][info][gc,metaspace   ] GC(155) Metaspace: 6297K(6464K)->6297K(6464K) NonClass: 5764K(5824K)->5764K(5824K) Class: 533K(640K)->533K(640K)
[9.637s][info][gc             ] GC(155) Pause Young (Allocation Failure) 1510M->1511M(1677M) 27.542ms
[9.637s][info][gc,cpu         ] GC(155) User=0.05s Sys=0.00s Real=0.03s
[9.655s][info][gc,start       ] GC(156) Pause Young (Allocation Failure)
[9.685s][info][gc,heap        ] GC(156) PSYoungGen: 48256K(81408K)->32864K(84480K) Eden: 17408K(17408K)->0K(17408K) From: 30848K(64000K)->32864K(67072K)
[9.685s][info][gc,heap        ] GC(156) ParOldGen: 1516533K(1635840K)->1532093K(1635840K)
[9.685s][info][gc,metaspace   ] GC(156) Metaspace: 6297K(6464K)->6297K(6464K) NonClass: 5764K(5824K)->5764K(5824K) Class: 533K(640K)->533K(640K)
[9.685s][info][gc             ] GC(156) Pause Young (Allocation Failure) 1528M->1528M(1680M) 30.192ms
[9.685s][info][gc,cpu         ] GC(156) User=0.05s Sys=0.00s Real=0.03s
[9.704s][info][gc,start       ] GC(157) Pause Young (Allocation Failure)
[9.735s][info][gc,heap        ] GC(157) PSYoungGen: 50272K(84480K)->34976K(83968K) Eden: 17408K(17408K)->0K(19968K) From: 32864K(67072K)->34976K(64000K)
[9.735s][info][gc,heap        ] GC(157) ParOldGen: 1532093K(1635840K)->1547661K(1635840K)
[9.735s][info][gc,metaspace   ] GC(157) Metaspace: 6297K(6464K)->6297K(6464K) NonClass: 5764K(5824K)->5764K(5824K) Class: 533K(640K)->533K(640K)
[9.735s][info][gc             ] GC(157) Pause Young (Allocation Failure) 1545M->1545M(1679M) 31.316ms
[9.735s][info][gc,cpu         ] GC(157) User=0.03s Sys=0.00s Real=0.03s
[9.756s][info][gc,start       ] GC(158) Pause Young (Allocation Failure)
[9.788s][info][gc,heap        ] GC(158) PSYoungGen: 54944K(83968K)->20128K(84480K) Eden: 19968K(19968K)->0K(19968K) From: 34976K(64000K)->20128K(64512K)
[9.788s][info][gc,heap        ] GC(158) ParOldGen: 1547661K(1635840K)->1582925K(1635840K)
[9.788s][info][gc,metaspace   ] GC(158) Metaspace: 6297K(6464K)->6297K(6464K) NonClass: 5764K(5824K)->5764K(5824K) Class: 533K(640K)->533K(640K)
[9.788s][info][gc             ] GC(158) Pause Young (Allocation Failure) 1565M->1565M(1680M) 32.327ms
[9.788s][info][gc,cpu         ] GC(158) User=0.12s Sys=0.02s Real=0.03s
[9.809s][info][gc,start       ] GC(159) Pause Young (Allocation Failure)
[9.837s][info][gc,heap        ] GC(159) PSYoungGen: 40096K(84480K)->20128K(79872K) Eden: 19968K(19968K)->0K(22528K) From: 20128K(64512K)->20128K(57344K)
[9.837s][info][gc,heap        ] GC(159) ParOldGen: 1582925K(1635840K)->1603173K(1635840K)
[9.837s][info][gc,metaspace   ] GC(159) Metaspace: 6297K(6464K)->6297K(6464K) NonClass: 5764K(5824K)->5764K(5824K) Class: 533K(640K)->533K(640K)
[9.837s][info][gc             ] GC(159) Pause Young (Allocation Failure) 1584M->1585M(1675M) 28.008ms
[9.837s][info][gc,cpu         ] GC(159) User=0.02s Sys=0.02s Real=0.03s
[9.837s][info][gc,start       ] GC(160) Pause Full (Ergonomics)
[9.837s][info][gc,phases,start] GC(160) Marking Phase
[10.192s][info][gc,phases      ] GC(160) Marking Phase 355.085ms
[10.192s][info][gc,phases,start] GC(160) Summary Phase
[10.192s][info][gc,phases      ] GC(160) Summary Phase 0.054ms
[10.192s][info][gc,phases,start] GC(160) Adjust Roots
[10.192s][info][gc,phases      ] GC(160) Adjust Roots 0.183ms
[10.192s][info][gc,phases,start] GC(160) Compaction Phase
[10.357s][info][gc,phases      ] GC(160) Compaction Phase 165.086ms
[10.357s][info][gc,phases,start] GC(160) Post Compact
[10.360s][info][gc,phases      ] GC(160) Post Compact 2.824ms
[10.361s][info][gc,heap        ] GC(160) PSYoungGen: 20128K(79872K)->0K(82432K) Eden: 0K(22528K)->0K(22528K) From: 20128K(57344K)->0K(59904K)
[10.361s][info][gc,heap        ] GC(160) ParOldGen: 1603173K(1635840K)->1621598K(1774080K)
[10.361s][info][gc,metaspace   ] GC(160) Metaspace: 6297K(6464K)->6297K(6464K) NonClass: 5764K(5824K)->5764K(5824K) Class: 533K(640K)->533K(640K)
[10.361s][info][gc             ] GC(160) Pause Full (Ergonomics) 1585M->1583M(1813M) 524.034ms
[10.361s][info][gc,cpu         ] GC(160) User=3.69s Sys=0.00s Real=0.52s
[10.385s][info][gc,start       ] GC(161) Pause Young (Allocation Failure)
[10.409s][info][gc,heap        ] GC(161) PSYoungGen: 22528K(82432K)->22688K(79360K) Eden: 22528K(22528K)->0K(25088K) From: 0K(59904K)->22688K(54272K)
[10.409s][info][gc,heap        ] GC(161) ParOldGen: 1621598K(1774080K)->1621598K(1774080K)
[10.409s][info][gc,metaspace   ] GC(161) Metaspace: 6297K(6464K)->6297K(6464K) NonClass: 5764K(5824K)->5764K(5824K) Class: 533K(640K)->533K(640K)
[10.409s][info][gc             ] GC(161) Pause Young (Allocation Failure) 1605M->1605M(1810M) 23.417ms
[10.409s][info][gc,cpu         ] GC(161) User=0.05s Sys=0.00s Real=0.02s
[10.433s][info][gc,start       ] GC(162) Pause Young (Allocation Failure)
[10.463s][info][gc,heap        ] GC(162) PSYoungGen: 47776K(79360K)->47808K(82432K) Eden: 25088K(25088K)->0K(25088K) From: 22688K(54272K)->47808K(57344K)
[10.463s][info][gc,heap        ] GC(162) ParOldGen: 1621598K(1774080K)->1621598K(1774080K)
[10.463s][info][gc,metaspace   ] GC(162) Metaspace: 6297K(6464K)->6297K(6464K) NonClass: 5764K(5824K)->5764K(5824K) Class: 533K(640K)->533K(640K)
[10.463s][info][gc             ] GC(162) Pause Young (Allocation Failure) 1630M->1630M(1813M) 29.603ms
[10.463s][info][gc,cpu         ] GC(162) User=0.03s Sys=0.00s Real=0.03s
[10.489s][info][gc,start       ] GC(163) Pause Young (Allocation Failure)
[10.526s][info][gc,heap        ] GC(163) PSYoungGen: 72896K(82432K)->62464K(77312K) Eden: 25088K(25088K)->0K(14848K) From: 47808K(57344K)->62464K(62464K)
[10.526s][info][gc,heap        ] GC(163) ParOldGen: 1621598K(1774080K)->1632038K(1774080K)
[10.526s][info][gc,metaspace   ] GC(163) Metaspace: 6297K(6464K)->6297K(6464K) NonClass: 5764K(5824K)->5764K(5824K) Class: 533K(640K)->533K(640K)
[10.526s][info][gc             ] GC(163) Pause Young (Allocation Failure) 1654M->1654M(1808M) 37.382ms
[10.527s][info][gc,cpu         ] GC(163) User=0.08s Sys=0.00s Real=0.04s
[10.541s][info][gc,start       ] GC(164) Pause Young (Allocation Failure)
[10.582s][info][gc,heap        ] GC(164) PSYoungGen: 77312K(77312K)->34112K(49152K) Eden: 14848K(14848K)->0K(14848K) From: 62464K(62464K)->34112K(34304K)
[10.582s][info][gc,heap        ] GC(164) ParOldGen: 1632038K(1774080K)->1675838K(1774080K)
[10.582s][info][gc,metaspace   ] GC(164) Metaspace: 6297K(6464K)->6297K(6464K) NonClass: 5764K(5824K)->5764K(5824K) Class: 533K(640K)->533K(640K)
[10.582s][info][gc             ] GC(164) Pause Young (Allocation Failure) 1669M->1669M(1780M) 40.847ms
[10.582s][info][gc,cpu         ] GC(164) User=0.17s Sys=0.00s Real=0.04s
[10.597s][info][gc,start       ] GC(165) Pause Young (Allocation Failure)
[10.627s][info][gc,heap        ] GC(165) PSYoungGen: 48960K(49152K)->29824K(81408K) Eden: 14848K(14848K)->0K(16896K) From: 34112K(34304K)->29824K(64512K)
[10.627s][info][gc,heap        ] GC(165) ParOldGen: 1675838K(1774080K)->1695262K(1774080K)
[10.627s][info][gc,metaspace   ] GC(165) Metaspace: 6297K(6464K)->6297K(6464K) NonClass: 5764K(5824K)->5764K(5824K) Class: 533K(640K)->533K(640K)
[10.627s][info][gc             ] GC(165) Pause Young (Allocation Failure) 1684M->1684M(1812M) 30.502ms
[10.628s][info][gc,cpu         ] GC(165) User=0.03s Sys=0.00s Real=0.03s
[10.646s][info][gc,start       ] GC(166) Pause Young (Allocation Failure)
[10.678s][info][gc,heap        ] GC(166) PSYoungGen: 46720K(81408K)->31840K(49152K) Eden: 16896K(16896K)->0K(16896K) From: 29824K(64512K)->31840K(32256K)
[10.678s][info][gc,heap        ] GC(166) ParOldGen: 1695262K(1774080K)->1710294K(1774080K)
[10.678s][info][gc,metaspace   ] GC(166) Metaspace: 6297K(6464K)->6297K(6464K) NonClass: 5764K(5824K)->5764K(5824K) Class: 533K(640K)->533K(640K)
[10.678s][info][gc             ] GC(166) Pause Young (Allocation Failure) 1701M->1701M(1780M) 31.331ms
[10.678s][info][gc,cpu         ] GC(166) User=0.03s Sys=0.00s Real=0.03s
[10.696s][info][gc,start       ] GC(167) Pause Young (Allocation Failure)
[10.728s][info][gc,heap        ] GC(167) PSYoungGen: 48736K(49152K)->16992K(83456K) Eden: 16896K(16896K)->0K(19456K) From: 31840K(32256K)->16992K(64000K)
[10.728s][info][gc,heap        ] GC(167) ParOldGen: 1710294K(1774080K)->1742438K(1774080K)
[10.728s][info][gc,metaspace   ] GC(167) Metaspace: 6297K(6464K)->6297K(6464K) NonClass: 5764K(5824K)->5764K(5824K) Class: 533K(640K)->533K(640K)
[10.728s][info][gc             ] GC(167) Pause Young (Allocation Failure) 1717M->1718M(1814M) 32.478ms
[10.728s][info][gc,cpu         ] GC(167) User=0.14s Sys=0.00s Real=0.03s
[10.728s][info][gc,start       ] GC(168) Pause Full (Ergonomics)
[10.728s][info][gc,phases,start] GC(168) Marking Phase
[11.110s][info][gc,phases      ] GC(168) Marking Phase 381.604ms
[11.110s][info][gc,phases,start] GC(168) Summary Phase
[11.110s][info][gc,phases      ] GC(168) Summary Phase 0.053ms
[11.110s][info][gc,phases,start] GC(168) Adjust Roots
[11.110s][info][gc,phases      ] GC(168) Adjust Roots 0.156ms
[11.110s][info][gc,phases,start] GC(168) Compaction Phase
[11.280s][info][gc,phases      ] GC(168) Compaction Phase 170.238ms
[11.280s][info][gc,phases,start] GC(168) Post Compact
[11.284s][info][gc,phases      ] GC(168) Post Compact 3.416ms
[11.285s][info][gc,heap        ] GC(168) PSYoungGen: 16992K(83456K)->0K(83968K) Eden: 0K(19456K)->0K(19456K) From: 16992K(64000K)->0K(64512K)
[11.285s][info][gc,heap        ] GC(168) ParOldGen: 1742438K(1774080K)->1757571K(1930240K)
[11.285s][info][gc,metaspace   ] GC(168) Metaspace: 6297K(6464K)->6297K(6464K) NonClass: 5764K(5824K)->5764K(5824K) Class: 533K(640K)->533K(640K)
[11.285s][info][gc             ] GC(168) Pause Full (Ergonomics) 1718M->1716M(1967M) 556.777ms
[11.285s][info][gc,cpu         ] GC(168) User=3.84s Sys=0.00s Real=0.56s
[11.308s][info][gc,start       ] GC(169) Pause Young (Allocation Failure)
[11.332s][info][gc,heap        ] GC(169) PSYoungGen: 19456K(83968K)->19584K(82432K) Eden: 19456K(19456K)->0K(21504K) From: 0K(64512K)->19584K(60928K)
[11.332s][info][gc,heap        ] GC(169) ParOldGen: 1757571K(1930240K)->1757571K(1930240K)
[11.332s][info][gc,metaspace   ] GC(169) Metaspace: 6297K(6464K)->6297K(6464K) NonClass: 5764K(5824K)->5764K(5824K) Class: 533K(640K)->533K(640K)
[11.332s][info][gc             ] GC(169) Pause Young (Allocation Failure) 1735M->1735M(1965M) 24.149ms
[11.332s][info][gc,cpu         ] GC(169) User=0.02s Sys=0.00s Real=0.02s
[11.356s][info][gc,start       ] GC(170) Pause Young (Allocation Failure)
[11.384s][info][gc,heap        ] GC(170) PSYoungGen: 41088K(82432K)->41088K(84480K) Eden: 21504K(21504K)->0K(21504K) From: 19584K(60928K)->41088K(62976K)
[11.384s][info][gc,heap        ] GC(170) ParOldGen: 1757571K(1930240K)->1757571K(1930240K)
[11.384s][info][gc,metaspace   ] GC(170) Metaspace: 6297K(6464K)->6297K(6464K) NonClass: 5764K(5824K)->5764K(5824K) Class: 533K(640K)->533K(640K)
[11.384s][info][gc             ] GC(170) Pause Young (Allocation Failure) 1756M->1756M(1967M) 28.279ms
[11.384s][info][gc,cpu         ] GC(170) User=0.02s Sys=0.00s Real=0.03s
[11.407s][info][gc,start       ] GC(171) Pause Young (Allocation Failure)
[11.442s][info][gc,heap        ] GC(171) PSYoungGen: 62592K(84480K)->62624K(79872K) Eden: 21504K(21504K)->0K(15872K) From: 41088K(62976K)->62624K(64000K)
[11.442s][info][gc,heap        ] GC(171) ParOldGen: 1757571K(1930240K)->1757571K(1930240K)
[11.442s][info][gc,metaspace   ] GC(171) Metaspace: 6297K(6464K)->6297K(6464K) NonClass: 5764K(5824K)->5764K(5824K) Class: 533K(640K)->533K(640K)
[11.443s][info][gc             ] GC(171) Pause Young (Allocation Failure) 1777M->1777M(1963M) 35.542ms
[11.443s][info][gc,cpu         ] GC(171) User=0.16s Sys=0.00s Real=0.04s
[11.457s][info][gc,start       ] GC(172) Pause Young (Allocation Failure)
[11.497s][info][gc,heap        ] GC(172) PSYoungGen: 78496K(79872K)->59008K(88064K) Eden: 15872K(15872K)->0K(15872K) From: 62624K(64000K)->59008K(72192K)
[11.497s][info][gc,heap        ] GC(172) ParOldGen: 1757571K(1930240K)->1777299K(1930240K)
[11.497s][info][gc,metaspace   ] GC(172) Metaspace: 6297K(6464K)->6297K(6464K) NonClass: 5764K(5824K)->5764K(5824K) Class: 533K(640K)->533K(640K)
[11.497s][info][gc             ] GC(172) Pause Young (Allocation Failure) 1793M->1793M(1971M) 40.017ms
[11.497s][info][gc,cpu         ] GC(172) User=0.25s Sys=0.00s Real=0.04s
[11.514s][info][gc,start       ] GC(173) Pause Young (Allocation Failure)
[11.552s][info][gc,heap        ] GC(173) PSYoungGen: 74880K(88064K)->53408K(93696K) Eden: 15872K(15872K)->0K(15872K) From: 59008K(72192K)->53408K(77824K)
[11.552s][info][gc,heap        ] GC(173) ParOldGen: 1777299K(1930240K)->1799083K(1930240K)
[11.552s][info][gc,metaspace   ] GC(173) Metaspace: 6297K(6464K)->6297K(6464K) NonClass: 5764K(5824K)->5764K(5824K) Class: 533K(640K)->533K(640K)
[11.552s][info][gc             ] GC(173) Pause Young (Allocation Failure) 1808M->1809M(1976M) 38.020ms
[11.552s][info][gc,cpu         ] GC(173) User=0.23s Sys=0.02s Real=0.04s
[11.569s][info][gc,start       ] GC(174) Pause Young (Allocation Failure)
[11.606s][info][gc,heap        ] GC(174) PSYoungGen: 69280K(93696K)->47776K(95744K) Eden: 15872K(15872K)->0K(15872K) From: 53408K(77824K)->47776K(79872K)
[11.606s][info][gc,heap        ] GC(174) ParOldGen: 1799083K(1930240K)->1820891K(1930240K)
[11.606s][info][gc,metaspace   ] GC(174) Metaspace: 6297K(6464K)->6297K(6464K) NonClass: 5764K(5824K)->5764K(5824K) Class: 533K(640K)->533K(640K)
[11.606s][info][gc             ] GC(174) Pause Young (Allocation Failure) 1824M->1824M(1978M) 37.218ms
[11.606s][info][gc,cpu         ] GC(174) User=0.16s Sys=0.00s Real=0.04s
[11.624s][info][gc,start       ] GC(175) Pause Young (Allocation Failure)
[11.662s][info][gc,heap        ] GC(175) PSYoungGen: 63648K(95744K)->31904K(91648K) Eden: 15872K(15872K)->0K(18432K) From: 47776K(79872K)->31904K(73216K)
[11.662s][info][gc,heap        ] GC(175) ParOldGen: 1820891K(1930240K)->1853043K(1930240K)
[11.662s][info][gc,metaspace   ] GC(175) Metaspace: 6297K(6464K)->6297K(6464K) NonClass: 5764K(5824K)->5764K(5824K) Class: 533K(640K)->533K(640K)
[11.662s][info][gc             ] GC(175) Pause Young (Allocation Failure) 1840M->1840M(1974M) 37.860ms
[11.662s][info][gc,cpu         ] GC(175) User=0.16s Sys=0.00s Real=0.04s
[11.684s][info][gc,start       ] GC(176) Pause Young (Allocation Failure)
[11.716s][info][gc,heap        ] GC(176) PSYoungGen: 50336K(91648K)->18560K(94720K) Eden: 18432K(18432K)->0K(18432K) From: 31904K(73216K)->18560K(76288K)
[11.716s][info][gc,heap        ] GC(176) ParOldGen: 1853043K(1930240K)->1885211K(1930240K)
[11.716s][info][gc,metaspace   ] GC(176) Metaspace: 6297K(6464K)->6297K(6464K) NonClass: 5764K(5824K)->5764K(5824K) Class: 533K(640K)->533K(640K)
[11.716s][info][gc             ] GC(176) Pause Young (Allocation Failure) 1858M->1859M(1977M) 31.630ms
[11.716s][info][gc,cpu         ] GC(176) User=0.11s Sys=0.03s Real=0.03s
[11.716s][info][gc,start       ] GC(177) Pause Full (Ergonomics)
[11.716s][info][gc,phases,start] GC(177) Marking Phase
[12.134s][info][gc,phases      ] GC(177) Marking Phase 418.024ms
[12.134s][info][gc,phases,start] GC(177) Summary Phase
[12.134s][info][gc,phases      ] GC(177) Summary Phase 0.065ms
[12.134s][info][gc,phases,start] GC(177) Adjust Roots
[12.134s][info][gc,phases      ] GC(177) Adjust Roots 0.175ms
[12.134s][info][gc,phases,start] GC(177) Compaction Phase
[12.308s][info][gc,phases      ] GC(177) Compaction Phase 174.260ms
[12.308s][info][gc,phases,start] GC(177) Post Compact
[12.312s][info][gc,phases      ] GC(177) Post Compact 3.652ms
[12.313s][info][gc,heap        ] GC(177) PSYoungGen: 18560K(94720K)->0K(97280K) Eden: 0K(18432K)->0K(20992K) From: 18560K(76288K)->0K(76288K)
[12.313s][info][gc,heap        ] GC(177) ParOldGen: 1885211K(1930240K)->1901716K(2093568K)
[12.313s][info][gc,metaspace   ] GC(177) Metaspace: 6297K(6464K)->6297K(6464K) NonClass: 5764K(5824K)->5764K(5824K) Class: 533K(640K)->533K(640K)
[12.313s][info][gc             ] GC(177) Pause Full (Ergonomics) 1859M->1857M(2139M) 597.454ms
[12.313s][info][gc,cpu         ] GC(177) User=4.38s Sys=0.02s Real=0.60s
[12.337s][info][gc,start       ] GC(178) Pause Young (Allocation Failure)
[12.359s][info][gc,heap        ] GC(178) PSYoungGen: 20992K(97280K)->21120K(97280K) Eden: 20992K(20992K)->0K(20992K) From: 0K(76288K)->21120K(76288K)
[12.359s][info][gc,heap        ] GC(178) ParOldGen: 1901716K(2093568K)->1901716K(2093568K)
[12.359s][info][gc,metaspace   ] GC(178) Metaspace: 6297K(6464K)->6297K(6464K) NonClass: 5764K(5824K)->5764K(5824K) Class: 533K(640K)->533K(640K)
[12.359s][info][gc             ] GC(178) Pause Young (Allocation Failure) 1877M->1877M(2139M) 21.897ms
[12.359s][info][gc,cpu         ] GC(178) User=0.03s Sys=0.00s Real=0.02s
[12.381s][info][gc,start       ] GC(179) Pause Young (Allocation Failure)
[12.410s][info][gc,heap        ] GC(179) PSYoungGen: 42112K(97280K)->42208K(96256K) Eden: 20992K(20992K)->0K(23552K) From: 21120K(76288K)->42208K(72704K)
[12.410s][info][gc,heap        ] GC(179) ParOldGen: 1901716K(2093568K)->1901716K(2093568K)
[12.410s][info][gc,metaspace   ] GC(179) Metaspace: 6297K(6464K)->6297K(6464K) NonClass: 5764K(5824K)->5764K(5824K) Class: 533K(640K)->533K(640K)
[12.410s][info][gc             ] GC(179) Pause Young (Allocation Failure) 1898M->1898M(2138M) 28.914ms
[12.410s][info][gc,cpu         ] GC(179) User=0.05s Sys=0.00s Real=0.03s
[12.439s][info][gc,start       ] GC(180) Pause Young (Allocation Failure)
[12.474s][info][gc,heap        ] GC(180) PSYoungGen: 65760K(96256K)->65696K(97280K) Eden: 23552K(23552K)->0K(23552K) From: 42208K(72704K)->65696K(73728K)
[12.474s][info][gc,heap        ] GC(180) ParOldGen: 1901716K(2093568K)->1901716K(2093568K)
[12.474s][info][gc,metaspace   ] GC(180) Metaspace: 6297K(6464K)->6297K(6464K) NonClass: 5764K(5824K)->5764K(5824K) Class: 533K(640K)->533K(640K)
[12.474s][info][gc             ] GC(180) Pause Young (Allocation Failure) 1921M->1921M(2139M) 35.675ms
[12.474s][info][gc,cpu         ] GC(180) User=0.16s Sys=0.00s Real=0.04s
[12.502s][info][gc,start       ] GC(181) Pause Young (Allocation Failure)
[12.547s][info][gc,heap        ] GC(181) PSYoungGen: 89248K(97280K)->68288K(100864K) Eden: 23552K(23552K)->0K(19968K) From: 65696K(73728K)->68288K(80896K)
[12.547s][info][gc,heap        ] GC(181) ParOldGen: 1901716K(2093568K)->1922996K(2093568K)
[12.547s][info][gc,metaspace   ] GC(181) Metaspace: 6297K(6464K)->6297K(6464K) NonClass: 5764K(5824K)->5764K(5824K) Class: 533K(640K)->533K(640K)
[12.547s][info][gc             ] GC(181) Pause Young (Allocation Failure) 1944M->1944M(2143M) 45.817ms
[12.547s][info][gc,cpu         ] GC(181) User=0.25s Sys=0.02s Real=0.05s
[12.573s][info][gc,start       ] GC(182) Pause Young (Allocation Failure)
[12.618s][info][gc,heap        ] GC(182) PSYoungGen: 88256K(100864K)->67296K(107520K) Eden: 19968K(19968K)->0K(19968K) From: 68288K(80896K)->67296K(87552K)
[12.618s][info][gc,heap        ] GC(182) ParOldGen: 1922996K(2093568K)->1944268K(2093568K)
[12.618s][info][gc,metaspace   ] GC(182) Metaspace: 6297K(6464K)->6297K(6464K) NonClass: 5764K(5824K)->5764K(5824K) Class: 533K(640K)->533K(640K)
[12.618s][info][gc             ] GC(182) Pause Young (Allocation Failure) 1964M->1964M(2149M) 44.867ms
[12.618s][info][gc,cpu         ] GC(182) User=0.38s Sys=0.00s Real=0.05s
[12.644s][info][gc,start       ] GC(183) Pause Young (Allocation Failure)
[12.689s][info][gc,heap        ] GC(183) PSYoungGen: 87264K(107520K)->63648K(113152K) Eden: 19968K(19968K)->0K(20480K) From: 67296K(87552K)->63648K(92672K)
[12.689s][info][gc,heap        ] GC(183) ParOldGen: 1944268K(2093568K)->1968148K(2093568K)
[12.689s][info][gc,metaspace   ] GC(183) Metaspace: 6297K(6464K)->6297K(6464K) NonClass: 5764K(5824K)->5764K(5824K) Class: 533K(640K)->533K(640K)
[12.689s][info][gc             ] GC(183) Pause Young (Allocation Failure) 1983M->1984M(2155M) 45.155ms
[12.689s][info][gc,cpu         ] GC(183) User=0.27s Sys=0.00s Real=0.04s
[12.712s][info][gc,start       ] GC(184) Pause Young (Allocation Failure)
[12.757s][info][gc,heap        ] GC(184) PSYoungGen: 84128K(113152K)->60576K(115200K) Eden: 20480K(20480K)->0K(20480K) From: 63648K(92672K)->60576K(94720K)
[12.757s][info][gc,heap        ] GC(184) ParOldGen: 1968148K(2093568K)->1992028K(2093568K)
[12.757s][info][gc,metaspace   ] GC(184) Metaspace: 6297K(6464K)->6297K(6464K) NonClass: 5764K(5824K)->5764K(5824K) Class: 533K(640K)->533K(640K)
[12.757s][info][gc             ] GC(184) Pause Young (Allocation Failure) 2004M->2004M(2157M) 45.050ms
[12.757s][info][gc,cpu         ] GC(184) User=0.25s Sys=0.00s Real=0.05s
[12.778s][info][gc,start       ] GC(185) Pause Young (Allocation Failure)
[12.821s][info][gc,heap        ] GC(185) PSYoungGen: 81056K(115200K)->61120K(117760K) Eden: 20480K(20480K)->0K(22528K) From: 60576K(94720K)->61120K(95232K)
[12.821s][info][gc,heap        ] GC(185) ParOldGen: 1992028K(2093568K)->2012284K(2093568K)
[12.821s][info][gc,metaspace   ] GC(185) Metaspace: 6297K(6464K)->6297K(6464K) NonClass: 5764K(5824K)->5764K(5824K) Class: 533K(640K)->533K(640K)
[12.821s][info][gc             ] GC(185) Pause Young (Allocation Failure) 2024M->2024M(2159M) 42.481ms
[12.821s][info][gc,cpu         ] GC(185) User=0.25s Sys=0.00s Real=0.04s
[12.844s][info][gc,start       ] GC(186) Pause Young (Allocation Failure)
[12.889s][info][gc,heap        ] GC(186) PSYoungGen: 83648K(117760K)->43200K(66048K) Eden: 22528K(22528K)->0K(22528K) From: 61120K(95232K)->43200K(43520K)
[12.889s][info][gc,heap        ] GC(186) ParOldGen: 2012284K(2093568K)->2053252K(2093568K)
[12.889s][info][gc,metaspace   ] GC(186) Metaspace: 6297K(6464K)->6297K(6464K) NonClass: 5764K(5824K)->5764K(5824K) Class: 533K(640K)->533K(640K)
[12.889s][info][gc             ] GC(186) Pause Young (Allocation Failure) 2046M->2047M(2109M) 45.449ms
[12.889s][info][gc,cpu         ] GC(186) User=0.22s Sys=0.05s Real=0.05s
[12.890s][info][gc,start       ] GC(187) Pause Full (Ergonomics)
[12.890s][info][gc,phases,start] GC(187) Marking Phase
[13.346s][info][gc,phases      ] GC(187) Marking Phase 455.952ms
[13.346s][info][gc,phases,start] GC(187) Summary Phase
[13.346s][info][gc,phases      ] GC(187) Summary Phase 0.032ms
[13.346s][info][gc,phases,start] GC(187) Adjust Roots
[13.346s][info][gc,phases      ] GC(187) Adjust Roots 0.231ms
[13.346s][info][gc,phases,start] GC(187) Compaction Phase
[13.921s][info][gc,phases      ] GC(187) Compaction Phase 575.327ms
[13.921s][info][gc,phases,start] GC(187) Post Compact
[13.925s][info][gc,phases      ] GC(187) Post Compact 4.198ms
[13.926s][info][gc,heap        ] GC(187) PSYoungGen: 43200K(66048K)->562K(66048K) Eden: 0K(22528K)->0K(22528K) From: 43200K(43520K)->562K(43520K)
[13.926s][info][gc,heap        ] GC(187) ParOldGen: 2053252K(2093568K)->2093394K(2304512K)
[13.927s][info][gc,metaspace   ] GC(187) Metaspace: 6297K(6464K)->6297K(6464K) NonClass: 5764K(5824K)->5764K(5824K) Class: 533K(640K)->533K(640K)
[13.927s][info][gc             ] GC(187) Pause Full (Ergonomics) 2047M->2044M(2315M) 1037.006ms
[13.927s][info][gc,cpu         ] GC(187) User=7.55s Sys=0.00s Real=1.04s
[13.951s][info][gc,start       ] GC(188) Pause Young (Allocation Failure)
[14.053s][info][gc,heap        ] GC(188) PSYoungGen: 23090K(66048K)->22688K(116736K) Eden: 22528K(22528K)->0K(25088K) From: 562K(43520K)->22688K(91648K)
[14.053s][info][gc,heap        ] GC(188) ParOldGen: 2093394K(2304512K)->2094010K(2304512K)
[14.053s][info][gc,metaspace   ] GC(188) Metaspace: 6297K(6464K)->6297K(6464K) NonClass: 5764K(5824K)->5764K(5824K) Class: 533K(640K)->533K(640K)
[14.053s][info][gc             ] GC(188) Pause Young (Allocation Failure) 2066M->2067M(2364M) 101.328ms
[14.053s][info][gc,cpu         ] GC(188) User=0.64s Sys=0.00s Real=0.10s
[14.079s][info][gc,start       ] GC(189) Pause Young (Allocation Failure)
[14.113s][info][gc,heap        ] GC(189) PSYoungGen: 47776K(116736K)->47744K(73216K) Eden: 25088K(25088K)->0K(25088K) From: 22688K(91648K)->47744K(48128K)
[14.113s][info][gc,heap        ] GC(189) ParOldGen: 2094010K(2304512K)->2094010K(2304512K)
[14.113s][info][gc,metaspace   ] GC(189) Metaspace: 6297K(6464K)->6297K(6464K) NonClass: 5764K(5824K)->5764K(5824K) Class: 533K(640K)->533K(640K)
[14.113s][info][gc             ] GC(189) Pause Young (Allocation Failure) 2091M->2091M(2322M) 34.012ms
[14.113s][info][gc,cpu         ] GC(189) User=0.16s Sys=0.00s Real=0.03s
[14.140s][info][gc,start       ] GC(190) Pause Young (Allocation Failure)
[14.179s][info][gc,heap        ] GC(190) PSYoungGen: 72832K(73216K)->72864K(110592K) Eden: 25088K(25088K)->0K(22528K) From: 47744K(48128K)->72864K(88064K)
[14.179s][info][gc,heap        ] GC(190) ParOldGen: 2094010K(2304512K)->2094010K(2304512K)
[14.179s][info][gc,metaspace   ] GC(190) Metaspace: 6297K(6464K)->6297K(6464K) NonClass: 5764K(5824K)->5764K(5824K) Class: 533K(640K)->533K(640K)
[14.179s][info][gc             ] GC(190) Pause Young (Allocation Failure) 2116M->2116M(2358M) 39.585ms
[14.179s][info][gc,cpu         ] GC(190) User=0.23s Sys=0.02s Real=0.04s
[14.205s][info][gc,start       ] GC(191) Pause Young (Allocation Failure)
[14.255s][info][gc,heap        ] GC(191) PSYoungGen: 95392K(110592K)->72864K(116224K) Eden: 22528K(22528K)->0K(22528K) From: 72864K(88064K)->72864K(93696K)
[14.256s][info][gc,heap        ] GC(191) ParOldGen: 2094010K(2304512K)->2116858K(2304512K)
[14.256s][info][gc,metaspace   ] GC(191) Metaspace: 6297K(6464K)->6297K(6464K) NonClass: 5764K(5824K)->5764K(5824K) Class: 533K(640K)->533K(640K)
[14.256s][info][gc             ] GC(191) Pause Young (Allocation Failure) 2138M->2138M(2364M) 50.636ms
[14.256s][info][gc,cpu         ] GC(191) User=0.27s Sys=0.00s Real=0.05s
[14.283s][info][gc,start       ] GC(192) Pause Young (Allocation Failure)
[14.332s][info][gc,heap        ] GC(192) PSYoungGen: 95392K(116224K)->70304K(121344K) Eden: 22528K(22528K)->0K(23040K) From: 72864K(93696K)->70304K(98304K)
[14.332s][info][gc,heap        ] GC(192) ParOldGen: 2116858K(2304512K)->2142290K(2304512K)
[14.332s][info][gc,metaspace   ] GC(192) Metaspace: 6297K(6464K)->6297K(6464K) NonClass: 5764K(5824K)->5764K(5824K) Class: 533K(640K)->533K(640K)
[14.332s][info][gc             ] GC(192) Pause Young (Allocation Failure) 2160M->2160M(2369M) 49.828ms
[14.332s][info][gc,cpu         ] GC(192) User=0.28s Sys=0.00s Real=0.05s
[14.363s][info][gc,start       ] GC(193) Pause Young (Allocation Failure)
[14.413s][info][gc,heap        ] GC(193) PSYoungGen: 93344K(121344K)->68256K(123904K) Eden: 23040K(23040K)->0K(23040K) From: 70304K(98304K)->68256K(100864K)
[14.413s][info][gc,heap        ] GC(193) ParOldGen: 2142290K(2304512K)->2167714K(2304512K)
[14.413s][info][gc,metaspace   ] GC(193) Metaspace: 6297K(6464K)->6297K(6464K) NonClass: 5764K(5824K)->5764K(5824K) Class: 533K(640K)->533K(640K)
[14.413s][info][gc             ] GC(193) Pause Young (Allocation Failure) 2183M->2183M(2371M) 49.970ms
[14.413s][info][gc,cpu         ] GC(193) User=0.28s Sys=0.00s Real=0.05s
[14.442s][info][gc,start       ] GC(194) Pause Young (Allocation Failure)
[14.490s][info][gc,heap        ] GC(194) PSYoungGen: 91296K(123904K)->68768K(126464K) Eden: 23040K(23040K)->0K(25088K) From: 68256K(100864K)->68768K(101376K)
[14.490s][info][gc,heap        ] GC(194) ParOldGen: 2167714K(2304512K)->2190546K(2304512K)
[14.490s][info][gc,metaspace   ] GC(194) Metaspace: 6297K(6464K)->6297K(6464K) NonClass: 5764K(5824K)->5764K(5824K) Class: 533K(640K)->533K(640K)
[14.490s][info][gc             ] GC(194) Pause Young (Allocation Failure) 2206M->2206M(2374M) 48.914ms
[14.490s][info][gc,cpu         ] GC(194) User=0.27s Sys=0.02s Real=0.05s
[14.520s][info][gc,start       ] GC(195) Pause Young (Allocation Failure)
[14.571s][info][gc,heap        ] GC(195) PSYoungGen: 93856K(126464K)->71360K(127488K) Eden: 25088K(25088K)->0K(25088K) From: 68768K(101376K)->71360K(102400K)
[14.571s][info][gc,heap        ] GC(195) ParOldGen: 2190546K(2304512K)->2213386K(2304512K)
[14.571s][info][gc,metaspace   ] GC(195) Metaspace: 6297K(6464K)->6297K(6464K) NonClass: 5764K(5824K)->5764K(5824K) Class: 533K(640K)->533K(640K)
[14.571s][info][gc             ] GC(195) Pause Young (Allocation Failure) 2230M->2231M(2375M) 50.461ms
[14.571s][info][gc,cpu         ] GC(195) User=0.23s Sys=0.02s Real=0.05s
[14.599s][info][gc,start       ] GC(196) Pause Young (Allocation Failure)
[14.650s][info][gc,heap        ] GC(196) PSYoungGen: 96448K(127488K)->73408K(131072K) Eden: 25088K(25088K)->0K(27648K) From: 71360K(102400K)->73408K(103424K)
[14.650s][info][gc,heap        ] GC(196) ParOldGen: 2213386K(2304512K)->2236746K(2304512K)
[14.650s][info][gc,metaspace   ] GC(196) Metaspace: 6297K(6464K)->6297K(6464K) NonClass: 5764K(5824K)->5764K(5824K) Class: 533K(640K)->533K(640K)
[14.650s][info][gc             ] GC(196) Pause Young (Allocation Failure) 2255M->2256M(2378M) 50.306ms
[14.650s][info][gc,cpu         ] GC(196) User=0.23s Sys=0.00s Real=0.05s
[14.683s][info][gc,start       ] GC(197) Pause Young (Allocation Failure)
[14.735s][info][gc,heap        ] GC(197) PSYoungGen: 101056K(131072K)->78048K(132096K) Eden: 27648K(27648K)->0K(27648K) From: 73408K(103424K)->78048K(104448K)
[14.735s][info][gc,heap        ] GC(197) ParOldGen: 2236746K(2304512K)->2260098K(2304512K)
[14.735s][info][gc,metaspace   ] GC(197) Metaspace: 6297K(6464K)->6297K(6464K) NonClass: 5764K(5824K)->5764K(5824K) Class: 533K(640K)->533K(640K)
[14.735s][info][gc             ] GC(197) Pause Young (Allocation Failure) 2283M->2283M(2379M) 52.556ms
[14.735s][info][gc,cpu         ] GC(197) User=0.28s Sys=0.02s Real=0.05s
[14.766s][info][gc,start       ] GC(198) Pause Young (Allocation Failure)
[14.822s][info][gc,heap        ] GC(198) PSYoungGen: 105696K(132096K)->80576K(135680K) Eden: 27648K(27648K)->0K(28672K) From: 78048K(104448K)->80576K(107008K)
[14.822s][info][gc,heap        ] GC(198) ParOldGen: 2260098K(2304512K)->2285418K(2304512K)
[14.822s][info][gc,metaspace   ] GC(198) Metaspace: 6297K(6464K)->6297K(6464K) NonClass: 5764K(5824K)->5764K(5824K) Class: 533K(640K)->533K(640K)
[14.822s][info][gc             ] GC(198) Pause Young (Allocation Failure) 2310M->2310M(2383M) 55.278ms
[14.822s][info][gc,cpu         ] GC(198) User=0.34s Sys=0.03s Real=0.06s
[14.822s][info][gc,start       ] GC(199) Pause Full (Ergonomics)
[14.822s][info][gc,phases,start] GC(199) Marking Phase
[15.336s][info][gc,phases      ] GC(199) Marking Phase 514.401ms
[15.336s][info][gc,phases,start] GC(199) Summary Phase
[15.336s][info][gc,phases      ] GC(199) Summary Phase 0.036ms
[15.336s][info][gc,phases,start] GC(199) Adjust Roots
[15.336s][info][gc,phases      ] GC(199) Adjust Roots 0.164ms
[15.336s][info][gc,phases,start] GC(199) Compaction Phase
[15.549s][info][gc,phases      ] GC(199) Compaction Phase 212.314ms
[15.549s][info][gc,phases,start] GC(199) Post Compact
[15.554s][info][gc,phases      ] GC(199) Post Compact 4.681ms
[15.555s][info][gc,heap        ] GC(199) PSYoungGen: 80576K(135680K)->58827K(135680K) Eden: 0K(28672K)->0K(28672K) From: 80576K(107008K)->58827K(107008K)
[15.555s][info][gc,heap        ] GC(199) ParOldGen: 2285418K(2304512K)->2304112K(2528768K)
[15.555s][info][gc,metaspace   ] GC(199) Metaspace: 6297K(6464K)->6297K(6464K) NonClass: 5764K(5824K)->5764K(5824K) Class: 533K(640K)->533K(640K)
[15.555s][info][gc             ] GC(199) Pause Full (Ergonomics) 2310M->2307M(2602M) 732.900ms
[15.555s][info][gc,cpu         ] GC(199) User=5.52s Sys=0.06s Real=0.73s
[15.589s][info][gc,start       ] GC(200) Pause Young (Allocation Failure)
[15.735s][info][gc,heap        ] GC(200) PSYoungGen: 87499K(135680K)->69312K(138240K) Eden: 28672K(28672K)->0K(28672K) From: 58827K(107008K)->69312K(109568K)
[15.735s][info][gc,heap        ] GC(200) ParOldGen: 2304112K(2528768K)->2322728K(2528768K)
[15.735s][info][gc,metaspace   ] GC(200) Metaspace: 6297K(6464K)->6297K(6464K) NonClass: 5764K(5824K)->5764K(5824K) Class: 533K(640K)->533K(640K)
[15.735s][info][gc             ] GC(200) Pause Young (Allocation Failure) 2335M->2335M(2604M) 145.522ms
[15.735s][info][gc,cpu         ] GC(200) User=0.86s Sys=0.02s Real=0.15s
[15.768s][info][gc,start       ] GC(201) Pause Young (Allocation Failure)
[15.824s][info][gc,heap        ] GC(201) PSYoungGen: 97984K(138240K)->77568K(139264K) Eden: 28672K(28672K)->0K(31744K) From: 69312K(109568K)->77568K(107520K)
[15.824s][info][gc,heap        ] GC(201) ParOldGen: 2322728K(2528768K)->2343344K(2528768K)
[15.824s][info][gc,metaspace   ] GC(201) Metaspace: 6297K(6464K)->6297K(6464K) NonClass: 5764K(5824K)->5764K(5824K) Class: 533K(640K)->533K(640K)
[15.824s][info][gc             ] GC(201) Pause Young (Allocation Failure) 2363M->2364M(2605M) 55.446ms
[15.824s][info][gc,cpu         ] GC(201) User=0.31s Sys=0.00s Real=0.05s
[15.862s][info][gc,start       ] GC(202) Pause Young (Allocation Failure)
[15.921s][info][gc,heap        ] GC(202) PSYoungGen: 109312K(139264K)->89248K(139776K) Eden: 31744K(31744K)->0K(31744K) From: 77568K(107520K)->89248K(108032K)
[15.921s][info][gc,heap        ] GC(202) ParOldGen: 2343344K(2528768K)->2363576K(2528768K)
[15.921s][info][gc,metaspace   ] GC(202) Metaspace: 6297K(6464K)->6297K(6464K) NonClass: 5764K(5824K)->5764K(5824K) Class: 533K(640K)->533K(640K)
[15.921s][info][gc             ] GC(202) Pause Young (Allocation Failure) 2395M->2395M(2606M) 58.368ms
[15.921s][info][gc,cpu         ] GC(202) User=0.33s Sys=0.06s Real=0.06s
[15.961s][info][gc,start       ] GC(203) Pause Young (Allocation Failure)
[16.024s][info][gc,heap        ] GC(203) PSYoungGen: 120992K(139776K)->92384K(144384K) Eden: 31744K(31744K)->0K(31232K) From: 89248K(108032K)->92384K(113152K)
[16.024s][info][gc,heap        ] GC(203) ParOldGen: 2363576K(2528768K)->2392504K(2528768K)
[16.024s][info][gc,metaspace   ] GC(203) Metaspace: 6297K(6464K)->6297K(6464K) NonClass: 5764K(5824K)->5764K(5824K) Class: 533K(640K)->533K(640K)
[16.024s][info][gc             ] GC(203) Pause Young (Allocation Failure) 2426M->2426M(2610M) 63.009ms
[16.024s][info][gc,cpu         ] GC(203) User=0.36s Sys=0.03s Real=0.06s
[16.060s][info][gc,start       ] GC(204) Pause Young (Allocation Failure)
[16.125s][info][gc,heap        ] GC(204) PSYoungGen: 123616K(144384K)->94976K(148992K) Eden: 31232K(31232K)->0K(31232K) From: 92384K(113152K)->94976K(117760K)
[16.125s][info][gc,heap        ] GC(204) ParOldGen: 2392504K(2528768K)->2421440K(2528768K)
[16.125s][info][gc,metaspace   ] GC(204) Metaspace: 6297K(6464K)->6297K(6464K) NonClass: 5764K(5824K)->5764K(5824K) Class: 533K(640K)->533K(640K)
[16.125s][info][gc             ] GC(204) Pause Young (Allocation Failure) 2457M->2457M(2615M) 64.870ms
[16.125s][info][gc,cpu         ] GC(204) User=0.33s Sys=0.05s Real=0.07s
[16.164s][info][gc,start       ] GC(205) Pause Young (Allocation Failure)
[16.231s][info][gc,heap        ] GC(205) PSYoungGen: 126208K(148992K)->94464K(154624K) Eden: 31232K(31232K)->0K(32256K) From: 94976K(117760K)->94464K(122368K)
[16.231s][info][gc,heap        ] GC(205) ParOldGen: 2421440K(2528768K)->2453472K(2528768K)
[16.231s][info][gc,metaspace   ] GC(205) Metaspace: 6297K(6464K)->6297K(6464K) NonClass: 5764K(5824K)->5764K(5824K) Class: 533K(640K)->533K(640K)
[16.231s][info][gc             ] GC(205) Pause Young (Allocation Failure) 2487M->2488M(2620M) 66.786ms
[16.231s][info][gc,cpu         ] GC(205) User=0.39s Sys=0.00s Real=0.07s
[16.270s][info][gc,start       ] GC(206) Pause Young (Allocation Failure)
[16.336s][info][gc,heap        ] GC(206) PSYoungGen: 126720K(154624K)->94976K(157696K) Eden: 32256K(32256K)->0K(32256K) From: 94464K(122368K)->94976K(125440K)
[16.336s][info][gc,heap        ] GC(206) ParOldGen: 2453472K(2528768K)->2485504K(2528768K)
[16.336s][info][gc,metaspace   ] GC(206) Metaspace: 6297K(6464K)->6297K(6464K) NonClass: 5764K(5824K)->5764K(5824K) Class: 533K(640K)->533K(640K)
[16.336s][info][gc             ] GC(206) Pause Young (Allocation Failure) 2519M->2520M(2623M) 65.727ms
[16.336s][info][gc,cpu         ] GC(206) User=0.39s Sys=0.02s Real=0.07s
[16.336s][info][gc,start       ] GC(207) Pause Full (Ergonomics)
[16.336s][info][gc,phases,start] GC(207) Marking Phase
[16.917s][info][gc,phases      ] GC(207) Marking Phase 581.293ms
[16.917s][info][gc,phases,start] GC(207) Summary Phase
[16.917s][info][gc,phases      ] GC(207) Summary Phase 0.055ms
[16.917s][info][gc,phases,start] GC(207) Adjust Roots
[16.918s][info][gc,phases      ] GC(207) Adjust Roots 0.239ms
[16.918s][info][gc,phases,start] GC(207) Compaction Phase
[17.144s][info][gc,phases      ] GC(207) Compaction Phase 226.822ms
[17.144s][info][gc,phases,start] GC(207) Post Compact
[17.149s][info][gc,phases      ] GC(207) Post Compact 4.963ms
[17.151s][info][gc,heap        ] GC(207) PSYoungGen: 94976K(157696K)->49646K(157696K) Eden: 0K(32256K)->0K(32256K) From: 94976K(125440K)->49646K(125440K)
[17.151s][info][gc,heap        ] GC(207) ParOldGen: 2485504K(2528768K)->2528619K(2774016K)
[17.151s][info][gc,metaspace   ] GC(207) Metaspace: 6297K(6464K)->6297K(6464K) NonClass: 5764K(5824K)->5764K(5824K) Class: 533K(640K)->533K(640K)
[17.151s][info][gc             ] GC(207) Pause Full (Ergonomics) 2520M->2517M(2863M) 814.723ms
[17.151s][info][gc,cpu         ] GC(207) User=6.12s Sys=0.03s Real=0.82s
[17.192s][info][gc,start       ] GC(208) Pause Young (Allocation Failure)
[17.345s][info][gc,heap        ] GC(208) PSYoungGen: 81902K(157696K)->49568K(162304K) Eden: 32256K(32256K)->0K(35840K) From: 49646K(125440K)->49568K(126464K)
[17.345s][info][gc,heap        ] GC(208) ParOldGen: 2528619K(2774016K)->2561483K(2774016K)
[17.345s][info][gc,metaspace   ] GC(208) Metaspace: 6297K(6464K)->6297K(6464K) NonClass: 5764K(5824K)->5764K(5824K) Class: 533K(640K)->533K(640K)
[17.345s][info][gc             ] GC(208) Pause Young (Allocation Failure) 2549M->2549M(2867M) 153.013ms
[17.345s][info][gc,cpu         ] GC(208) User=1.00s Sys=0.03s Real=0.15s
[17.391s][info][gc,start       ] GC(209) Pause Young (Allocation Failure)
[17.441s][info][gc,heap        ] GC(209) PSYoungGen: 85408K(162304K)->68256K(104448K) Eden: 35840K(35840K)->0K(35840K) From: 49568K(126464K)->68256K(68608K)
[17.441s][info][gc,heap        ] GC(209) ParOldGen: 2561483K(2774016K)->2578819K(2774016K)
[17.441s][info][gc,metaspace   ] GC(209) Metaspace: 6297K(6464K)->6297K(6464K) NonClass: 5764K(5824K)->5764K(5824K) Class: 533K(640K)->533K(640K)
[17.441s][info][gc             ] GC(209) Pause Young (Allocation Failure) 2584M->2585M(2811M) 50.153ms
[17.441s][info][gc,cpu         ] GC(209) User=0.28s Sys=0.00s Real=0.05s
[17.487s][info][gc,start       ] GC(210) Pause Young (Allocation Failure)
[17.545s][info][gc,heap        ] GC(210) PSYoungGen: 104096K(104448K)->71872K(154112K) Eden: 35840K(35840K)->0K(39936K) From: 68256K(68608K)->71872K(114176K)
[17.545s][info][gc,heap        ] GC(210) ParOldGen: 2578819K(2774016K)->2611379K(2774016K)
[17.545s][info][gc,metaspace   ] GC(210) Metaspace: 6297K(6464K)->6297K(6464K) NonClass: 5764K(5824K)->5764K(5824K) Class: 533K(640K)->533K(640K)
[17.545s][info][gc             ] GC(210) Pause Young (Allocation Failure) 2620M->2620M(2859M) 57.695ms
[17.545s][info][gc,cpu         ] GC(210) User=0.34s Sys=0.03s Real=0.06s
[17.595s][info][gc,start       ] GC(211) Pause Young (Allocation Failure)
[17.657s][info][gc,heap        ] GC(211) PSYoungGen: 111808K(154112K)->76000K(158208K) Eden: 39936K(39936K)->0K(39936K) From: 71872K(114176K)->76000K(118272K)
[17.657s][info][gc,heap        ] GC(211) ParOldGen: 2611379K(2774016K)->2647555K(2774016K)
[17.657s][info][gc,metaspace   ] GC(211) Metaspace: 6297K(6464K)->6297K(6464K) NonClass: 5764K(5824K)->5764K(5824K) Class: 533K(640K)->533K(640K)
[17.657s][info][gc             ] GC(211) Pause Young (Allocation Failure) 2659M->2659M(2863M) 62.068ms
[17.657s][info][gc,cpu         ] GC(211) User=0.36s Sys=0.02s Real=0.06s
[17.701s][info][gc,start       ] GC(212) Pause Young (Allocation Failure)
[17.765s][info][gc,heap        ] GC(212) PSYoungGen: 115936K(158208K)->80096K(156160K) Eden: 39936K(39936K)->0K(44544K) From: 76000K(118272K)->80096K(111616K)
[17.765s][info][gc,heap        ] GC(212) ParOldGen: 2647555K(2774016K)->2683723K(2774016K)
[17.765s][info][gc,metaspace   ] GC(212) Metaspace: 6297K(6464K)->6297K(6464K) NonClass: 5764K(5824K)->5764K(5824K) Class: 533K(640K)->533K(640K)
[17.765s][info][gc             ] GC(212) Pause Young (Allocation Failure) 2698M->2699M(2861M) 64.064ms
[17.766s][info][gc,cpu         ] GC(212) User=0.38s Sys=0.02s Real=0.07s
[17.819s][info][gc,start       ] GC(213) Pause Young (Allocation Failure)
[17.889s][info][gc,heap        ] GC(213) PSYoungGen: 124640K(156160K)->84704K(157696K) Eden: 44544K(44544K)->0K(44544K) From: 80096K(111616K)->84704K(113152K)
[17.889s][info][gc,heap        ] GC(213) ParOldGen: 2683723K(2774016K)->2724019K(2774016K)
[17.889s][info][gc,metaspace   ] GC(213) Metaspace: 6297K(6464K)->6297K(6464K) NonClass: 5764K(5824K)->5764K(5824K) Class: 533K(640K)->533K(640K)
[17.889s][info][gc             ] GC(213) Pause Young (Allocation Failure) 2742M->2742M(2863M) 69.919ms
[17.889s][info][gc,cpu         ] GC(213) User=0.41s Sys=0.00s Real=0.07s
[17.889s][info][gc,start       ] GC(214) Pause Full (Ergonomics)
[17.889s][info][gc,phases,start] GC(214) Marking Phase
[18.526s][info][gc,phases      ] GC(214) Marking Phase 636.283ms
[18.526s][info][gc,phases,start] GC(214) Summary Phase
[18.526s][info][gc,phases      ] GC(214) Summary Phase 0.045ms
[18.526s][info][gc,phases,start] GC(214) Adjust Roots
[18.526s][info][gc,phases      ] GC(214) Adjust Roots 0.164ms
[18.526s][info][gc,phases,start] GC(214) Compaction Phase
[18.754s][info][gc,phases      ] GC(214) Compaction Phase 228.536ms
[18.755s][info][gc,phases,start] GC(214) Post Compact
[18.759s][info][gc,phases      ] GC(214) Post Compact 4.771ms
[18.760s][info][gc,heap        ] GC(214) PSYoungGen: 84704K(157696K)->32800K(157696K) Eden: 0K(44544K)->0K(44544K) From: 84704K(113152K)->32800K(113152K)
[18.760s][info][gc,heap        ] GC(214) ParOldGen: 2724019K(2774016K)->2773629K(3049472K)
[18.760s][info][gc,metaspace   ] GC(214) Metaspace: 6297K(6464K)->6297K(6464K) NonClass: 5764K(5824K)->5764K(5824K) Class: 533K(640K)->533K(640K)
[18.760s][info][gc             ] GC(214) Pause Full (Ergonomics) 2742M->2740M(3132M) 871.018ms
[18.760s][info][gc,cpu         ] GC(214) User=6.67s Sys=0.05s Real=0.87s
[19.386s][info][gc,start       ] GC(215) Pause Young (Allocation Failure)
[19.538s][info][gc,heap        ] GC(215) PSYoungGen: 77344K(157696K)->62336K(157696K) Eden: 44544K(44544K)->0K(48640K) From: 32800K(113152K)->62336K(109056K)
[19.538s][info][gc,heap        ] GC(215) ParOldGen: 2904701K(3049472K)->2920069K(3049472K)
[19.538s][info][gc,metaspace   ] GC(215) Metaspace: 6297K(6464K)->6297K(6464K) NonClass: 5764K(5824K)->5764K(5824K) Class: 533K(640K)->533K(640K)
[19.538s][info][gc             ] GC(215) Pause Young (Allocation Failure) 2912M->2912M(3132M) 152.877ms
[19.538s][info][gc,cpu         ] GC(215) User=0.88s Sys=0.00s Real=0.15s
[19.594s][info][gc,start       ] GC(216) Pause Young (Allocation Failure)
[19.659s][info][gc,heap        ] GC(216) PSYoungGen: 110976K(157696K)->111072K(160256K) Eden: 48640K(48640K)->0K(48640K) From: 62336K(109056K)->111072K(111616K)
[19.659s][info][gc,heap        ] GC(216) ParOldGen: 2920069K(3049472K)->2920069K(3049472K)
[19.659s][info][gc,metaspace   ] GC(216) Metaspace: 6297K(6464K)->6297K(6464K) NonClass: 5764K(5824K)->5764K(5824K) Class: 533K(640K)->533K(640K)
[19.659s][info][gc             ] GC(216) Pause Young (Allocation Failure) 2960M->2960M(3134M) 65.038ms
[19.659s][info][gc,cpu         ] GC(216) User=0.20s Sys=0.00s Real=0.07s
[19.716s][info][gc,start       ] GC(217) Pause Young (Allocation Failure)
[19.801s][info][gc,heap        ] GC(217) PSYoungGen: 159712K(160256K)->121856K(148992K) Eden: 48640K(48640K)->0K(27136K) From: 111072K(111616K)->121856K(121856K)
[19.801s][info][gc,heap        ] GC(217) ParOldGen: 2920069K(3049472K)->2958189K(3049472K)
[19.801s][info][gc,metaspace   ] GC(217) Metaspace: 6297K(6464K)->6297K(6464K) NonClass: 5764K(5824K)->5764K(5824K) Class: 533K(640K)->533K(640K)
[19.801s][info][gc             ] GC(217) Pause Young (Allocation Failure) 3007M->3007M(3123M) 84.949ms
[19.801s][info][gc,cpu         ] GC(217) User=0.39s Sys=0.03s Real=0.08s
[19.828s][info][gc,start       ] GC(218) Pause Young (Allocation Failure)
[19.907s][info][gc,heap        ] GC(218) PSYoungGen: 148992K(148992K)->109344K(175104K) Eden: 27136K(27136K)->0K(27136K) From: 121856K(121856K)->109344K(147968K)
[19.907s][info][gc,heap        ] GC(218) ParOldGen: 2958189K(3049472K)->2998317K(3049472K)
[19.907s][info][gc,metaspace   ] GC(218) Metaspace: 6297K(6464K)->6297K(6464K) NonClass: 5764K(5824K)->5764K(5824K) Class: 533K(640K)->533K(640K)
[19.907s][info][gc             ] GC(218) Pause Young (Allocation Failure) 3034M->3034M(3149M) 79.062ms
[19.907s][info][gc,cpu         ] GC(218) User=0.48s Sys=0.03s Real=0.08s
[19.907s][info][gc,start       ] GC(219) Pause Full (Ergonomics)
[19.907s][info][gc,phases,start] GC(219) Marking Phase
[20.585s][info][gc,phases      ] GC(219) Marking Phase 677.190ms
[20.585s][info][gc,phases,start] GC(219) Summary Phase
[20.585s][info][gc,phases      ] GC(219) Summary Phase 0.087ms
[20.585s][info][gc,phases,start] GC(219) Adjust Roots
[20.585s][info][gc,phases      ] GC(219) Adjust Roots 0.214ms
[20.585s][info][gc,phases,start] GC(219) Compaction Phase
[21.055s][info][gc,phases      ] GC(219) Compaction Phase 469.626ms
[21.055s][info][gc,phases,start] GC(219) Post Compact
[21.061s][info][gc,phases      ] GC(219) Post Compact 6.630ms
[21.062s][info][gc,heap        ] GC(219) PSYoungGen: 109344K(175104K)->0K(180736K) Eden: 0K(27136K)->0K(30720K) From: 109344K(147968K)->0K(150016K)
[21.063s][info][gc,heap        ] GC(219) ParOldGen: 2998317K(3049472K)->3040804K(3342848K)
[21.063s][info][gc,metaspace   ] GC(219) Metaspace: 6297K(6464K)->6297K(6464K) NonClass: 5764K(5824K)->5764K(5824K) Class: 533K(640K)->533K(640K)
[21.063s][info][gc             ] GC(219) Pause Full (Ergonomics) 3034M->2969M(3441M) 1155.164ms
[21.063s][info][gc,cpu         ] GC(219) User=8.17s Sys=0.06s Real=1.15s
[21.094s][info][gc,start       ] GC(220) Pause Young (Allocation Failure)
[21.133s][info][gc,heap        ] GC(220) PSYoungGen: 30720K(180736K)->30880K(180736K) Eden: 30720K(30720K)->0K(30720K) From: 0K(150016K)->30880K(150016K)
[21.133s][info][gc,heap        ] GC(220) ParOldGen: 3040804K(3342848K)->3040804K(3342848K)
[21.133s][info][gc,metaspace   ] GC(220) Metaspace: 6297K(6464K)->6297K(6464K) NonClass: 5764K(5824K)->5764K(5824K) Class: 533K(640K)->533K(640K)
[21.133s][info][gc             ] GC(220) Pause Young (Allocation Failure) 2999M->2999M(3441M) 38.709ms
[21.133s][info][gc,cpu         ] GC(220) User=0.03s Sys=0.00s Real=0.04s
[21.161s][info][gc,start       ] GC(221) Pause Young (Allocation Failure)
[21.208s][info][gc,heap        ] GC(221) PSYoungGen: 61600K(180736K)->61664K(180224K) Eden: 30720K(30720K)->0K(33792K) From: 30880K(150016K)->61664K(146432K)
[21.208s][info][gc,heap        ] GC(221) ParOldGen: 3040804K(3342848K)->3040804K(3342848K)
[21.208s][info][gc,metaspace   ] GC(221) Metaspace: 6297K(6464K)->6297K(6464K) NonClass: 5764K(5824K)->5764K(5824K) Class: 533K(640K)->533K(640K)
[21.208s][info][gc             ] GC(221) Pause Young (Allocation Failure) 3029M->3029M(3440M) 47.633ms
[21.208s][info][gc,cpu         ] GC(221) User=0.08s Sys=0.00s Real=0.05s
[21.240s][info][gc,start       ] GC(222) Pause Young (Allocation Failure)
[21.297s][info][gc,heap        ] GC(222) PSYoungGen: 95456K(180224K)->95520K(183808K) Eden: 33792K(33792K)->0K(33792K) From: 61664K(146432K)->95520K(150016K)
[21.297s][info][gc,heap        ] GC(222) ParOldGen: 3040804K(3342848K)->3040804K(3342848K)
[21.297s][info][gc,metaspace   ] GC(222) Metaspace: 6297K(6464K)->6297K(6464K) NonClass: 5764K(5824K)->5764K(5824K) Class: 533K(640K)->533K(640K)
[21.297s][info][gc             ] GC(222) Pause Young (Allocation Failure) 3062M->3062M(3444M) 57.129ms
[21.297s][info][gc,cpu         ] GC(222) User=0.16s Sys=0.00s Real=0.06s
[21.334s][info][gc,start       ] GC(223) Pause Young (Allocation Failure)
[21.402s][info][gc,heap        ] GC(223) PSYoungGen: 129312K(183808K)->129312K(176128K) Eden: 33792K(33792K)->0K(27136K) From: 95520K(150016K)->129312K(148992K)
[21.402s][info][gc,heap        ] GC(223) ParOldGen: 3040804K(3342848K)->3040804K(3342848K)
[21.402s][info][gc,metaspace   ] GC(223) Metaspace: 6297K(6464K)->6297K(6464K) NonClass: 5764K(5824K)->5764K(5824K) Class: 533K(640K)->533K(640K)
[21.402s][info][gc             ] GC(223) Pause Young (Allocation Failure) 3095M->3095M(3436M) 67.693ms
[21.402s][info][gc,cpu         ] GC(223) User=0.20s Sys=0.00s Real=0.07s
[21.432s][info][gc,start       ] GC(224) Pause Young (Allocation Failure)
[21.509s][info][gc,heap        ] GC(224) PSYoungGen: 156448K(176128K)->156480K(186880K) Eden: 27136K(27136K)->0K(27136K) From: 129312K(148992K)->156480K(159744K)
[21.509s][info][gc,heap        ] GC(224) ParOldGen: 3040804K(3342848K)->3040804K(3342848K)
[21.509s][info][gc,metaspace   ] GC(224) Metaspace: 6297K(6464K)->6297K(6464K) NonClass: 5764K(5824K)->5764K(5824K) Class: 533K(640K)->533K(640K)
[21.509s][info][gc             ] GC(224) Pause Young (Allocation Failure) 3122M->3122M(3447M) 76.765ms
[21.509s][info][gc,cpu         ] GC(224) User=0.42s Sys=0.00s Real=0.08s
[21.537s][info][gc,start       ] GC(225) Pause Young (Allocation Failure)
[21.624s][info][gc,heap        ] GC(225) PSYoungGen: 183616K(186880K)->122144K(206848K) Eden: 27136K(27136K)->0K(28672K) From: 156480K(159744K)->122144K(178176K)
[21.624s][info][gc,heap        ] GC(225) ParOldGen: 3040804K(3342848K)->3102780K(3342848K)
[21.624s][info][gc,metaspace   ] GC(225) Metaspace: 6297K(6464K)->6297K(6464K) NonClass: 5764K(5824K)->5764K(5824K) Class: 533K(640K)->533K(640K)
[21.624s][info][gc             ] GC(225) Pause Young (Allocation Failure) 3148M->3149M(3466M) 86.958ms
[21.624s][info][gc,cpu         ] GC(225) User=0.48s Sys=0.05s Real=0.09s
[21.656s][info][gc,start       ] GC(226) Pause Young (Allocation Failure)
[21.731s][info][gc,heap        ] GC(226) PSYoungGen: 150816K(206848K)->83136K(112128K) Eden: 28672K(28672K)->0K(28672K) From: 122144K(178176K)->83136K(83456K)
[21.731s][info][gc,heap        ] GC(226) ParOldGen: 3102780K(3342848K)->3170956K(3342848K)
[21.731s][info][gc,metaspace   ] GC(226) Metaspace: 6297K(6464K)->6297K(6464K) NonClass: 5764K(5824K)->5764K(5824K) Class: 533K(640K)->533K(640K)
[21.731s][info][gc             ] GC(226) Pause Young (Allocation Failure) 3177M->3177M(3374M) 75.499ms
[21.731s][info][gc,cpu         ] GC(226) User=0.36s Sys=0.05s Real=0.08s
[21.761s][info][gc,start       ] GC(227) Pause Young (Allocation Failure)
[21.829s][info][gc,heap        ] GC(227) PSYoungGen: 111808K(112128K)->57472K(204800K) Eden: 28672K(28672K)->0K(32768K) From: 83136K(83456K)->57472K(172032K)
[21.829s][info][gc,heap        ] GC(227) ParOldGen: 3170956K(3342848K)->3225676K(3342848K)
[21.829s][info][gc,metaspace   ] GC(227) Metaspace: 6297K(6464K)->6297K(6464K) NonClass: 5764K(5824K)->5764K(5824K) Class: 533K(640K)->533K(640K)
[21.829s][info][gc             ] GC(227) Pause Young (Allocation Failure) 3205M->3206M(3464M) 68.394ms
[21.829s][info][gc,cpu         ] GC(227) User=0.12s Sys=0.03s Real=0.07s
[21.862s][info][gc,start       ] GC(228) Pause Young (Allocation Failure)
[21.923s][info][gc,heap        ] GC(228) PSYoungGen: 90240K(204800K)->32896K(205824K) Eden: 32768K(32768K)->0K(32768K) From: 57472K(172032K)->32896K(173056K)
[21.924s][info][gc,heap        ] GC(228) ParOldGen: 3225676K(3342848K)->3283500K(3342848K)
[21.924s][info][gc,metaspace   ] GC(228) Metaspace: 6297K(6464K)->6297K(6464K) NonClass: 5764K(5824K)->5764K(5824K) Class: 533K(640K)->533K(640K)
[21.924s][info][gc             ] GC(228) Pause Young (Allocation Failure) 3238M->3238M(3465M) 61.436ms
[21.924s][info][gc,cpu         ] GC(228) User=0.28s Sys=0.00s Real=0.06s
[21.924s][info][gc,start       ] GC(229) Pause Full (Ergonomics)
[21.924s][info][gc,phases,start] GC(229) Marking Phase
[22.674s][info][gc,phases      ] GC(229) Marking Phase 749.908ms
[22.674s][info][gc,phases,start] GC(229) Summary Phase
[22.674s][info][gc,phases      ] GC(229) Summary Phase 0.086ms
[22.674s][info][gc,phases,start] GC(229) Adjust Roots
[22.674s][info][gc,phases      ] GC(229) Adjust Roots 0.206ms
[22.674s][info][gc,phases,start] GC(229) Compaction Phase
[22.989s][info][gc,phases      ] GC(229) Compaction Phase 315.137ms
[22.989s][info][gc,phases,start] GC(229) Post Compact
[22.995s][info][gc,phases      ] GC(229) Post Compact 6.182ms
[22.997s][info][gc,heap        ] GC(229) PSYoungGen: 32896K(205824K)->0K(211968K) Eden: 0K(32768K)->0K(37376K) From: 32896K(173056K)->0K(174592K)
[22.997s][info][gc,heap        ] GC(229) ParOldGen: 3283500K(3342848K)->3313923K(3672064K)
[22.997s][info][gc,metaspace   ] GC(229) Metaspace: 6297K(6464K)->6297K(6464K) NonClass: 5764K(5824K)->5764K(5824K) Class: 533K(640K)->533K(640K)
[22.997s][info][gc             ] GC(229) Pause Full (Ergonomics) 3238M->3236M(3793M) 1072.983ms
[22.997s][info][gc,cpu         ] GC(229) User=7.64s Sys=0.03s Real=1.07s
[23.038s][info][gc,start       ] GC(230) Pause Young (Allocation Failure)
[23.081s][info][gc,heap        ] GC(230) PSYoungGen: 37376K(211968K)->37568K(211968K) Eden: 37376K(37376K)->0K(37376K) From: 0K(174592K)->37568K(174592K)
[23.081s][info][gc,heap        ] GC(230) ParOldGen: 3313923K(3672064K)->3313923K(3672064K)
[23.081s][info][gc,metaspace   ] GC(230) Metaspace: 6297K(6464K)->6297K(6464K) NonClass: 5764K(5824K)->5764K(5824K) Class: 533K(640K)->533K(640K)
[23.081s][info][gc             ] GC(230) Pause Young (Allocation Failure) 3272M->3272M(3793M) 42.460ms
[23.081s][info][gc,cpu         ] GC(230) User=0.05s Sys=0.00s Real=0.04s
[23.121s][info][gc,start       ] GC(231) Pause Young (Allocation Failure)
[23.174s][info][gc,heap        ] GC(231) PSYoungGen: 74944K(211968K)->37568K(211456K) Eden: 37376K(37376K)->0K(41472K) From: 37568K(174592K)->37568K(169984K)
[23.174s][info][gc,heap        ] GC(231) ParOldGen: 3313923K(3672064K)->3351651K(3672064K)
[23.174s][info][gc,metaspace   ] GC(231) Metaspace: 6297K(6464K)->6297K(6464K) NonClass: 5764K(5824K)->5764K(5824K) Class: 533K(640K)->533K(640K)
[23.174s][info][gc             ] GC(231) Pause Young (Allocation Failure) 3309M->3309M(3792M) 52.752ms
[23.174s][info][gc,cpu         ] GC(231) User=0.14s Sys=0.02s Real=0.05s
[23.221s][info][gc,start       ] GC(232) Pause Young (Allocation Failure)
[23.277s][info][gc,heap        ] GC(232) PSYoungGen: 79040K(211456K)->41664K(213504K) Eden: 41472K(41472K)->0K(41472K) From: 37568K(169984K)->41664K(172032K)
[23.277s][info][gc,heap        ] GC(232) ParOldGen: 3351651K(3672064K)->3389379K(3672064K)
[23.277s][info][gc,metaspace   ] GC(232) Metaspace: 6297K(6464K)->6297K(6464K) NonClass: 5764K(5824K)->5764K(5824K) Class: 533K(640K)->533K(640K)
[23.277s][info][gc             ] GC(232) Pause Young (Allocation Failure) 3350M->3350M(3794M) 55.564ms
[23.277s][info][gc,cpu         ] GC(232) User=0.17s Sys=0.00s Real=0.06s
[23.323s][info][gc,start       ] GC(233) Pause Young (Allocation Failure)
[23.378s][info][gc,heap        ] GC(233) PSYoungGen: 83136K(213504K)->41664K(206336K) Eden: 41472K(41472K)->0K(46080K) From: 41664K(172032K)->41664K(160256K)
[23.378s][info][gc,heap        ] GC(233) ParOldGen: 3389379K(3672064K)->3431227K(3672064K)
[23.378s][info][gc,metaspace   ] GC(233) Metaspace: 6297K(6464K)->6297K(6464K) NonClass: 5764K(5824K)->5764K(5824K) Class: 533K(640K)->533K(640K)
[23.378s][info][gc             ] GC(233) Pause Young (Allocation Failure) 3391M->3391M(3787M) 54.935ms
[23.378s][info][gc,cpu         ] GC(233) User=0.19s Sys=0.00s Real=0.06s
[23.422s][info][gc,start       ] GC(234) Pause Young (Allocation Failure)
[23.493s][info][gc,heap        ] GC(234) PSYoungGen: 87744K(206336K)->46272K(92672K) Eden: 46080K(46080K)->0K(46080K) From: 41664K(160256K)->46272K(46592K)
[23.493s][info][gc,heap        ] GC(234) ParOldGen: 3431227K(3672064K)->3473099K(3672064K)
[23.493s][info][gc,metaspace   ] GC(234) Metaspace: 6297K(6464K)->6297K(6464K) NonClass: 5764K(5824K)->5764K(5824K) Class: 533K(640K)->533K(640K)
[23.493s][info][gc             ] GC(234) Pause Young (Allocation Failure) 3436M->3436M(3676M) 70.509ms
[23.493s][info][gc,cpu         ] GC(234) User=0.28s Sys=0.00s Real=0.07s
[23.542s][info][gc,start       ] GC(235) Pause Young (Allocation Failure)
[23.599s][info][gc,heap        ] GC(235) PSYoungGen: 92352K(92672K)->46272K(198656K) Eden: 46080K(46080K)->0K(51200K) From: 46272K(46592K)->46272K(147456K)
[23.599s][info][gc,heap        ] GC(235) ParOldGen: 3473099K(3672064K)->3519611K(3672064K)
[23.599s][info][gc,metaspace   ] GC(235) Metaspace: 6297K(6464K)->6297K(6464K) NonClass: 5764K(5824K)->5764K(5824K) Class: 533K(640K)->533K(640K)
[23.599s][info][gc             ] GC(235) Pause Young (Allocation Failure) 3481M->3482M(3780M) 56.683ms
[23.599s][info][gc,cpu         ] GC(235) User=0.17s Sys=0.00s Real=0.06s
[23.651s][info][gc,start       ] GC(236) Pause Young (Allocation Failure)
[23.712s][info][gc,heap        ] GC(236) PSYoungGen: 97472K(198656K)->51392K(102912K) Eden: 51200K(51200K)->0K(51200K) From: 46272K(147456K)->51392K(51712K)
[23.712s][info][gc,heap        ] GC(236) ParOldGen: 3519611K(3672064K)->3566115K(3672064K)
[23.712s][info][gc,metaspace   ] GC(236) Metaspace: 6297K(6464K)->6297K(6464K) NonClass: 5764K(5824K)->5764K(5824K) Class: 533K(640K)->533K(640K)
[23.712s][info][gc             ] GC(236) Pause Young (Allocation Failure) 3532M->3532M(3686M) 60.717ms
[23.712s][info][gc,cpu         ] GC(236) User=0.28s Sys=0.00s Real=0.06s
[23.767s][info][gc,start       ] GC(237) Pause Young (Allocation Failure)
[23.831s][info][gc,heap        ] GC(237) PSYoungGen: 102592K(102912K)->51392K(191488K) Eden: 51200K(51200K)->0K(56832K) From: 51392K(51712K)->51392K(134656K)
[23.831s][info][gc,heap        ] GC(237) ParOldGen: 3566115K(3672064K)->3617787K(3672064K)
[23.831s][info][gc,metaspace   ] GC(237) Metaspace: 6297K(6464K)->6297K(6464K) NonClass: 5764K(5824K)->5764K(5824K) Class: 533K(640K)->533K(640K)
[23.831s][info][gc             ] GC(237) Pause Young (Allocation Failure) 3582M->3583M(3773M) 63.286ms
[23.831s][info][gc,cpu         ] GC(237) User=0.23s Sys=0.05s Real=0.06s
[23.831s][info][gc,start       ] GC(238) Pause Full (Ergonomics)
[23.831s][info][gc,phases,start] GC(238) Marking Phase
[24.661s][info][gc,phases      ] GC(238) Marking Phase 830.050ms
[24.661s][info][gc,phases,start] GC(238) Summary Phase
[24.661s][info][gc,phases      ] GC(238) Summary Phase 0.080ms
[24.661s][info][gc,phases,start] GC(238) Adjust Roots
[24.661s][info][gc,phases      ] GC(238) Adjust Roots 0.162ms
[24.661s][info][gc,phases,start] GC(238) Compaction Phase
[25.033s][info][gc,phases      ] GC(238) Compaction Phase 372.033ms
[25.033s][info][gc,phases,start] GC(238) Post Compact
[25.040s][info][gc,phases      ] GC(238) Post Compact 6.751ms
[25.041s][info][gc,heap        ] GC(238) PSYoungGen: 51392K(191488K)->0K(197632K) Eden: 0K(56832K)->0K(56832K) From: 51392K(134656K)->0K(140800K)
[25.041s][info][gc,heap        ] GC(238) ParOldGen: 3617787K(3672064K)->3665938K(4049920K)
[25.041s][info][gc,metaspace   ] GC(238) Metaspace: 6297K(6464K)->6297K(6464K) NonClass: 5764K(5824K)->5764K(5824K) Class: 533K(640K)->533K(640K)
[25.041s][info][gc             ] GC(238) Pause Full (Ergonomics) 3583M->3580M(4148M) 1210.624ms
[25.041s][info][gc,cpu         ] GC(238) User=8.66s Sys=0.05s Real=1.21s
[25.101s][info][gc,start       ] GC(239) Pause Young (Allocation Failure)
[25.144s][info][gc,heap        ] GC(239) PSYoungGen: 56832K(197632K)->57056K(187904K) Eden: 56832K(56832K)->0K(61952K) From: 0K(140800K)->57056K(125952K)
[25.144s][info][gc,heap        ] GC(239) ParOldGen: 3665938K(4049920K)->3665938K(4049920K)
[25.144s][info][gc,metaspace   ] GC(239) Metaspace: 6297K(6464K)->6297K(6464K) NonClass: 5764K(5824K)->5764K(5824K) Class: 533K(640K)->533K(640K)
[25.144s][info][gc             ] GC(239) Pause Young (Allocation Failure) 3635M->3635M(4138M) 42.777ms
[25.144s][info][gc,cpu         ] GC(239) User=0.19s Sys=0.00s Real=0.04s
[25.207s][info][gc,start       ] GC(240) Pause Young (Allocation Failure)
[25.274s][info][gc,heap        ] GC(240) PSYoungGen: 119008K(187904K)->119104K(196096K) Eden: 61952K(61952K)->0K(61952K) From: 57056K(125952K)->119104K(134144K)
[25.274s][info][gc,heap        ] GC(240) ParOldGen: 3665938K(4049920K)->3665938K(4049920K)
[25.274s][info][gc,metaspace   ] GC(240) Metaspace: 6297K(6464K)->6297K(6464K) NonClass: 5764K(5824K)->5764K(5824K) Class: 533K(640K)->533K(640K)
[25.274s][info][gc             ] GC(240) Pause Young (Allocation Failure) 3696M->3696M(4146M) 67.606ms
[25.274s][info][gc,cpu         ] GC(240) User=0.28s Sys=0.00s Real=0.07s
[25.339s][info][gc,start       ] GC(241) Pause Young (Allocation Failure)
[25.426s][info][gc,heap        ] GC(241) PSYoungGen: 181056K(196096K)->147968K(182272K) Eden: 61952K(61952K)->0K(34304K) From: 119104K(134144K)->147968K(147968K)
[25.426s][info][gc,heap        ] GC(241) ParOldGen: 3665938K(4049920K)->3699274K(4049920K)
[25.426s][info][gc,metaspace   ] GC(241) Metaspace: 6297K(6464K)->6297K(6464K) NonClass: 5764K(5824K)->5764K(5824K) Class: 533K(640K)->533K(640K)
[25.426s][info][gc             ] GC(241) Pause Young (Allocation Failure) 3756M->3757M(4133M) 87.496ms
[25.426s][info][gc,cpu         ] GC(241) User=0.58s Sys=0.05s Real=0.09s
[25.464s][info][gc,start       ] GC(242) Pause Young (Allocation Failure)
[25.558s][info][gc,heap        ] GC(242) PSYoungGen: 182272K(182272K)->86560K(121344K) Eden: 34304K(34304K)->0K(34304K) From: 147968K(147968K)->86560K(87040K)
[25.558s][info][gc,heap        ] GC(242) ParOldGen: 3699274K(4049920K)->3795826K(4049920K)
[25.558s][info][gc,metaspace   ] GC(242) Metaspace: 6297K(6464K)->6297K(6464K) NonClass: 5764K(5824K)->5764K(5824K) Class: 533K(640K)->533K(640K)
[25.558s][info][gc             ] GC(242) Pause Young (Allocation Failure) 3790M->3791M(4073M) 93.354ms
[25.558s][info][gc,cpu         ] GC(242) User=0.56s Sys=0.08s Real=0.09s
[25.594s][info][gc,start       ] GC(243) Pause Young (Allocation Failure)
[25.665s][info][gc,heap        ] GC(243) PSYoungGen: 120864K(121344K)->68800K(197632K) Eden: 34304K(34304K)->0K(38400K) From: 86560K(87040K)->68800K(159232K)
[25.665s][info][gc,heap        ] GC(243) ParOldGen: 3795826K(4049920K)->3848322K(4049920K)
[25.665s][info][gc,metaspace   ] GC(243) Metaspace: 6297K(6464K)->6297K(6464K) NonClass: 5764K(5824K)->5764K(5824K) Class: 533K(640K)->533K(640K)
[25.665s][info][gc             ] GC(243) Pause Young (Allocation Failure) 3824M->3825M(4148M) 71.270ms
[25.665s][info][gc,cpu         ] GC(243) User=0.41s Sys=0.02s Real=0.07s
[25.703s][info][gc,start       ] GC(244) Pause Young (Allocation Failure)
[25.767s][info][gc,heap        ] GC(244) PSYoungGen: 107200K(197632K)->72896K(111616K) Eden: 38400K(38400K)->0K(38400K) From: 68800K(159232K)->72896K(73216K)
[25.767s][info][gc,heap        ] GC(244) ParOldGen: 3848322K(4049920K)->3882946K(4049920K)
[25.767s][info][gc,metaspace   ] GC(244) Metaspace: 6297K(6464K)->6297K(6464K) NonClass: 5764K(5824K)->5764K(5824K) Class: 533K(640K)->533K(640K)
[25.767s][info][gc             ] GC(244) Pause Young (Allocation Failure) 3862M->3863M(4064M) 64.162ms
[25.767s][info][gc,cpu         ] GC(244) User=0.28s Sys=0.02s Real=0.06s
[25.806s][info][gc,start       ] GC(245) Pause Young (Allocation Failure)
[25.869s][info][gc,heap        ] GC(245) PSYoungGen: 111296K(111616K)->77024K(185856K) Eden: 38400K(38400K)->0K(43008K) From: 72896K(73216K)->77024K(142848K)
[25.869s][info][gc,heap        ] GC(245) ParOldGen: 3882946K(4049920K)->3917546K(4049920K)
[25.869s][info][gc,metaspace   ] GC(245) Metaspace: 6297K(6464K)->6297K(6464K) NonClass: 5764K(5824K)->5764K(5824K) Class: 533K(640K)->533K(640K)
[25.869s][info][gc             ] GC(245) Pause Young (Allocation Failure) 3900M->3900M(4136M) 63.666ms
[25.869s][info][gc,cpu         ] GC(245) User=0.28s Sys=0.00s Real=0.06s
[25.913s][info][gc,start       ] GC(246) Pause Young (Allocation Failure)
[25.979s][info][gc,heap        ] GC(246) PSYoungGen: 120032K(185856K)->81696K(194048K) Eden: 43008K(43008K)->0K(43008K) From: 77024K(142848K)->81696K(151040K)
[25.979s][info][gc,heap        ] GC(246) ParOldGen: 3917546K(4049920K)->3956290K(4049920K)
[25.979s][info][gc,metaspace   ] GC(246) Metaspace: 6297K(6464K)->6297K(6464K) NonClass: 5764K(5824K)->5764K(5824K) Class: 533K(640K)->533K(640K)
[25.979s][info][gc             ] GC(246) Pause Young (Allocation Failure) 3942M->3943M(4144M) 66.561ms
[25.979s][info][gc,cpu         ] GC(246) User=0.34s Sys=0.05s Real=0.07s
[26.030s][info][gc,start       ] GC(247) Pause Young (Allocation Failure)
[26.100s][info][gc,heap        ] GC(247) PSYoungGen: 124704K(194048K)->86240K(184832K) Eden: 43008K(43008K)->0K(48128K) From: 81696K(151040K)->86240K(136704K)
[26.101s][info][gc,heap        ] GC(247) ParOldGen: 3956290K(4049920K)->3995042K(4049920K)
[26.101s][info][gc,metaspace   ] GC(247) Metaspace: 6297K(6464K)->6297K(6464K) NonClass: 5764K(5824K)->5764K(5824K) Class: 533K(640K)->533K(640K)
[26.101s][info][gc             ] GC(247) Pause Young (Allocation Failure) 3985M->3985M(4135M) 70.443ms
[26.101s][info][gc,cpu         ] GC(247) User=0.41s Sys=0.00s Real=0.07s
[26.101s][info][gc,start       ] GC(248) Pause Full (Ergonomics)
[26.101s][info][gc,phases,start] GC(248) Marking Phase
[27.018s][info][gc,phases      ] GC(248) Marking Phase 917.274ms
[27.018s][info][gc,phases,start] GC(248) Summary Phase
[27.018s][info][gc,phases      ] GC(248) Summary Phase 0.057ms
[27.018s][info][gc,phases,start] GC(248) Adjust Roots
[27.018s][info][gc,phases      ] GC(248) Adjust Roots 0.167ms
[27.018s][info][gc,phases,start] GC(248) Compaction Phase
[27.913s][info][gc,phases      ] GC(248) Compaction Phase 894.459ms
[27.913s][info][gc,phases,start] GC(248) Post Compact
[27.920s][info][gc,phases      ] GC(248) Post Compact 7.659ms
[27.922s][info][gc,heap        ] GC(248) PSYoungGen: 86240K(184832K)->28213K(189440K) Eden: 0K(48128K)->0K(52736K) From: 86240K(136704K)->28213K(136704K)
[27.922s][info][gc,heap        ] GC(248) ParOldGen: 3995042K(4049920K)->4049604K(4463104K)
[27.922s][info][gc,metaspace   ] GC(248) Metaspace: 6297K(6464K)->6297K(6464K) NonClass: 5764K(5824K)->5764K(5824K) Class: 533K(640K)->533K(640K)
[27.922s][info][gc             ] GC(248) Pause Full (Ergonomics) 3985M->3982M(4543M) 1821.287ms
[27.922s][info][gc,cpu         ] GC(248) User=13.11s Sys=0.03s Real=1.82s
[27.990s][info][gc,start       ] GC(249) Pause Young (Allocation Failure)
[28.201s][info][gc,heap        ] GC(249) PSYoungGen: 80949K(189440K)->69280K(194048K) Eden: 52736K(52736K)->0K(52736K) From: 28213K(136704K)->69280K(141312K)
[28.201s][info][gc,heap        ] GC(249) ParOldGen: 4049604K(4463104K)->4061660K(4463104K)
[28.201s][info][gc,metaspace   ] GC(249) Metaspace: 6297K(6464K)->6297K(6464K) NonClass: 5764K(5824K)->5764K(5824K) Class: 533K(640K)->533K(640K)
[28.201s][info][gc             ] GC(249) Pause Young (Allocation Failure) 4033M->4034M(4548M) 210.428ms
[28.201s][info][gc,cpu         ] GC(249) User=1.52s Sys=0.00s Real=0.21s
[28.254s][info][gc,start       ] GC(250) Pause Young (Allocation Failure)
[28.328s][info][gc,heap        ] GC(250) PSYoungGen: 122016K(194048K)->122112K(183808K) Eden: 52736K(52736K)->0K(47104K) From: 69280K(141312K)->122112K(136704K)
[28.328s][info][gc,heap        ] GC(250) ParOldGen: 4061660K(4463104K)->4061660K(4463104K)
[28.328s][info][gc,metaspace   ] GC(250) Metaspace: 6297K(6464K)->6297K(6464K) NonClass: 5764K(5824K)->5764K(5824K) Class: 533K(640K)->533K(640K)
[28.328s][info][gc             ] GC(250) Pause Young (Allocation Failure) 4085M->4085M(4538M) 74.506ms
[28.328s][info][gc,cpu         ] GC(250) User=0.31s Sys=0.00s Real=0.08s
[28.375s][info][gc,start       ] GC(251) Pause Young (Allocation Failure)
[28.461s][info][gc,heap        ] GC(251) PSYoungGen: 169216K(183808K)->147456K(194560K) Eden: 47104K(47104K)->0K(47104K) From: 122112K(136704K)->147456K(147456K)
[28.461s][info][gc,heap        ] GC(251) ParOldGen: 4061660K(4463104K)->4083540K(4463104K)
[28.461s][info][gc,metaspace   ] GC(251) Metaspace: 6297K(6464K)->6297K(6464K) NonClass: 5764K(5824K)->5764K(5824K) Class: 533K(640K)->533K(640K)
[28.462s][info][gc             ] GC(251) Pause Young (Allocation Failure) 4131M->4131M(4548M) 86.688ms
[28.462s][info][gc,cpu         ] GC(251) User=0.45s Sys=0.03s Real=0.09s
[28.515s][info][gc,start       ] GC(252) Pause Young (Allocation Failure)
[28.611s][info][gc,heap        ] GC(252) PSYoungGen: 194560K(194560K)->133920K(218112K) Eden: 47104K(47104K)->0K(45056K) From: 147456K(147456K)->133920K(173056K)
[28.611s][info][gc,heap        ] GC(252) ParOldGen: 4083540K(4463104K)->4144884K(4463104K)
[28.611s][info][gc,metaspace   ] GC(252) Metaspace: 6297K(6464K)->6297K(6464K) NonClass: 5764K(5824K)->5764K(5824K) Class: 533K(640K)->533K(640K)
[28.611s][info][gc             ] GC(252) Pause Young (Allocation Failure) 4177M->4178M(4571M) 96.918ms
[28.611s][info][gc,cpu         ] GC(252) User=0.55s Sys=0.11s Real=0.10s
[28.667s][info][gc,start       ] GC(253) Pause Young (Allocation Failure)
[28.757s][info][gc,heap        ] GC(253) PSYoungGen: 178976K(218112K)->129216K(225792K) Eden: 45056K(45056K)->0K(45056K) From: 133920K(173056K)->129216K(180736K)
[28.757s][info][gc,heap        ] GC(253) ParOldGen: 4144884K(4463104K)->4194988K(4463104K)
[28.757s][info][gc,metaspace   ] GC(253) Metaspace: 6297K(6464K)->6297K(6464K) NonClass: 5764K(5824K)->5764K(5824K) Class: 533K(640K)->533K(640K)
[28.757s][info][gc             ] GC(253) Pause Young (Allocation Failure) 4222M->4222M(4579M) 90.455ms
[28.757s][info][gc,cpu         ] GC(253) User=0.61s Sys=0.00s Real=0.09s
[28.810s][info][gc,start       ] GC(254) Pause Young (Allocation Failure)
[28.900s][info][gc,heap        ] GC(254) PSYoungGen: 174272K(225792K)->137536K(229888K) Eden: 45056K(45056K)->0K(45056K) From: 129216K(180736K)->137536K(184832K)
[28.900s][info][gc,heap        ] GC(254) ParOldGen: 4194988K(4463104K)->4232108K(4463104K)
[28.900s][info][gc,metaspace   ] GC(254) Metaspace: 6297K(6464K)->6297K(6464K) NonClass: 5764K(5824K)->5764K(5824K) Class: 533K(640K)->533K(640K)
[28.900s][info][gc             ] GC(254) Pause Young (Allocation Failure) 4266M->4267M(4583M) 90.099ms
[28.900s][info][gc,cpu         ] GC(254) User=0.55s Sys=0.06s Real=0.09s
[28.948s][info][gc,start       ] GC(255) Pause Young (Allocation Failure)
[29.041s][info][gc,heap        ] GC(255) PSYoungGen: 182592K(229888K)->135488K(235520K) Eden: 45056K(45056K)->0K(45056K) From: 137536K(184832K)->135488K(190464K)
[29.041s][info][gc,heap        ] GC(255) ParOldGen: 4232108K(4463104K)->4279636K(4463104K)
[29.041s][info][gc,metaspace   ] GC(255) Metaspace: 6297K(6464K)->6297K(6464K) NonClass: 5764K(5824K)->5764K(5824K) Class: 533K(640K)->533K(640K)
[29.041s][info][gc             ] GC(255) Pause Young (Allocation Failure) 4311M->4311M(4588M) 93.226ms
[29.041s][info][gc,cpu         ] GC(255) User=0.64s Sys=0.00s Real=0.09s
[29.089s][info][gc,start       ] GC(256) Pause Young (Allocation Failure)
[29.184s][info][gc,heap        ] GC(256) PSYoungGen: 180544K(235520K)->135488K(241664K) Eden: 45056K(45056K)->0K(48128K) From: 135488K(190464K)->135488K(193536K)
[29.184s][info][gc,heap        ] GC(256) ParOldGen: 4279636K(4463104K)->4325100K(4463104K)
[29.184s][info][gc,metaspace   ] GC(256) Metaspace: 6297K(6464K)->6297K(6464K) NonClass: 5764K(5824K)->5764K(5824K) Class: 533K(640K)->533K(640K)
[29.184s][info][gc             ] GC(256) Pause Young (Allocation Failure) 4355M->4356M(4594M) 95.268ms
[29.184s][info][gc,cpu         ] GC(256) User=0.62s Sys=0.02s Real=0.10s
[29.235s][info][gc,start       ] GC(257) Pause Young (Allocation Failure)
[29.330s][info][gc,heap        ] GC(257) PSYoungGen: 183616K(241664K)->138592K(244224K) Eden: 48128K(48128K)->0K(48128K) From: 135488K(193536K)->138592K(196096K)
[29.330s][info][gc,heap        ] GC(257) ParOldGen: 4325100K(4463104K)->4370580K(4463104K)
[29.330s][info][gc,metaspace   ] GC(257) Metaspace: 6297K(6464K)->6297K(6464K) NonClass: 5764K(5824K)->5764K(5824K) Class: 533K(640K)->533K(640K)
[29.330s][info][gc             ] GC(257) Pause Young (Allocation Failure) 4403M->4403M(4597M) 95.407ms
[29.330s][info][gc,cpu         ] GC(257) User=0.64s Sys=0.00s Real=0.10s
[29.390s][info][gc,start       ] GC(258) Pause Young (Allocation Failure)
[29.487s][info][gc,heap        ] GC(258) PSYoungGen: 186720K(244224K)->96512K(240128K) Eden: 48128K(48128K)->0K(54272K) From: 138592K(196096K)->96512K(185856K)
[29.487s][info][gc,heap        ] GC(258) ParOldGen: 4370580K(4463104K)->4461484K(4463104K)
[29.487s][info][gc,metaspace   ] GC(258) Metaspace: 6297K(6464K)->6297K(6464K) NonClass: 5764K(5824K)->5764K(5824K) Class: 533K(640K)->533K(640K)
[29.487s][info][gc             ] GC(258) Pause Young (Allocation Failure) 4450M->4451M(4593M) 97.800ms
[29.488s][info][gc,cpu         ] GC(258) User=0.59s Sys=0.06s Real=0.10s
[29.488s][info][gc,start       ] GC(259) Pause Full (Ergonomics)
[29.488s][info][gc,phases,start] GC(259) Marking Phase
[30.519s][info][gc,phases      ] GC(259) Marking Phase 1031.918ms
[30.520s][info][gc,phases,start] GC(259) Summary Phase
[30.520s][info][gc,phases      ] GC(259) Summary Phase 0.051ms
[30.520s][info][gc,phases,start] GC(259) Adjust Roots
[30.520s][info][gc,phases      ] GC(259) Adjust Roots 0.162ms
[30.520s][info][gc,phases,start] GC(259) Compaction Phase
[30.953s][info][gc,phases      ] GC(259) Compaction Phase 433.084ms
[30.953s][info][gc,phases,start] GC(259) Post Compact
[30.960s][info][gc,phases      ] GC(259) Post Compact 6.649ms
[30.961s][info][gc,heap        ] GC(259) PSYoungGen: 96512K(240128K)->91085K(246272K) Eden: 0K(54272K)->0K(60416K) From: 96512K(185856K)->91085K(185856K)
[30.961s][info][gc,heap        ] GC(259) ParOldGen: 4461484K(4463104K)->4462595K(4929024K)
[30.961s][info][gc,metaspace   ] GC(259) Metaspace: 6297K(6464K)->6297K(6464K) NonClass: 5764K(5824K)->5764K(5824K) Class: 533K(640K)->533K(640K)
[30.961s][info][gc             ] GC(259) Pause Full (Ergonomics) 4451M->4446M(5054M) 1473.635ms
[30.961s][info][gc,cpu         ] GC(259) User=11.09s Sys=0.00s Real=1.47s
[31.038s][info][gc,start       ] GC(260) Pause Young (Allocation Failure)
[31.312s][info][gc,heap        ] GC(260) PSYoungGen: 151501K(246272K)->106048K(166912K) Eden: 60416K(60416K)->0K(60416K) From: 91085K(185856K)->106048K(106496K)
[31.312s][info][gc,heap        ] GC(260) ParOldGen: 4462595K(4929024K)->4508787K(4929024K)
[31.312s][info][gc,metaspace   ] GC(260) Metaspace: 6297K(6464K)->6297K(6464K) NonClass: 5764K(5824K)->5764K(5824K) Class: 533K(640K)->533K(640K)
[31.312s][info][gc             ] GC(260) Pause Young (Allocation Failure) 4505M->4506M(4976M) 274.326ms
[31.312s][info][gc,cpu         ] GC(260) User=1.91s Sys=0.03s Real=0.28s
[31.380s][info][gc,start       ] GC(261) Pause Young (Allocation Failure)
[31.478s][info][gc,heap        ] GC(261) PSYoungGen: 166464K(166912K)->121152K(244736K) Eden: 60416K(60416K)->0K(67072K) From: 106048K(106496K)->121152K(177664K)
[31.478s][info][gc,heap        ] GC(261) ParOldGen: 4508787K(4929024K)->4554555K(4929024K)
[31.478s][info][gc,metaspace   ] GC(261) Metaspace: 6297K(6464K)->6297K(6464K) NonClass: 5764K(5824K)->5764K(5824K) Class: 533K(640K)->533K(640K)
[31.478s][info][gc             ] GC(261) Pause Young (Allocation Failure) 4565M->4566M(5052M) 98.199ms
[31.478s][info][gc,cpu         ] GC(261) User=0.61s Sys=0.03s Real=0.10s
[31.553s][info][gc,start       ] GC(262) Pause Young (Allocation Failure)
[31.654s][info][gc,heap        ] GC(262) PSYoungGen: 188224K(244736K)->127776K(248320K) Eden: 67072K(67072K)->0K(67072K) From: 121152K(177664K)->127776K(181248K)
[31.654s][info][gc,heap        ] GC(262) ParOldGen: 4554555K(4929024K)->4615523K(4929024K)
[31.654s][info][gc,metaspace   ] GC(262) Metaspace: 6297K(6464K)->6297K(6464K) NonClass: 5764K(5824K)->5764K(5824K) Class: 533K(640K)->533K(640K)
[31.654s][info][gc             ] GC(262) Pause Young (Allocation Failure) 4631M->4632M(5056M) 101.294ms
[31.654s][info][gc,cpu         ] GC(262) User=0.58s Sys=0.08s Real=0.10s
[31.738s][info][gc,start       ] GC(263) Pause Young (Allocation Failure)
[31.844s][info][gc,heap        ] GC(263) PSYoungGen: 194848K(248320K)->134496K(254464K) Eden: 67072K(67072K)->0K(73728K) From: 127776K(181248K)->134496K(180736K)
[31.844s][info][gc,heap        ] GC(263) ParOldGen: 4615523K(4929024K)->4676483K(4929024K)
[31.844s][info][gc,metaspace   ] GC(263) Metaspace: 6297K(6464K)->6297K(6464K) NonClass: 5764K(5824K)->5764K(5824K) Class: 533K(640K)->533K(640K)
[31.844s][info][gc             ] GC(263) Pause Young (Allocation Failure) 4697M->4698M(5062M) 106.331ms
[31.844s][info][gc,cpu         ] GC(263) User=0.70s Sys=0.05s Real=0.11s
[31.921s][info][gc,start       ] GC(264) Pause Young (Allocation Failure)
[32.034s][info][gc,heap        ] GC(264) PSYoungGen: 208224K(254464K)->141120K(255488K) Eden: 73728K(73728K)->0K(73728K) From: 134496K(180736K)->141120K(181760K)
[32.034s][info][gc,heap        ] GC(264) ParOldGen: 4676483K(4929024K)->4744179K(4929024K)
[32.034s][info][gc,metaspace   ] GC(264) Metaspace: 6297K(6464K)->6297K(6464K) NonClass: 5764K(5824K)->5764K(5824K) Class: 533K(640K)->533K(640K)
[32.034s][info][gc             ] GC(264) Pause Young (Allocation Failure) 4770M->4770M(5063M) 112.554ms
[32.034s][info][gc,cpu         ] GC(264) User=0.77s Sys=0.00s Real=0.11s
[32.112s][info][gc,start       ] GC(265) Pause Young (Allocation Failure)
[32.232s][info][gc,heap        ] GC(265) PSYoungGen: 214848K(255488K)->147808K(262656K) Eden: 73728K(73728K)->0K(77824K) From: 141120K(181760K)->147808K(184832K)
[32.232s][info][gc,heap        ] GC(265) ParOldGen: 4744179K(4929024K)->4811859K(4929024K)
[32.232s][info][gc,metaspace   ] GC(265) Metaspace: 6297K(6464K)->6297K(6464K) NonClass: 5764K(5824K)->5764K(5824K) Class: 533K(640K)->533K(640K)
[32.232s][info][gc             ] GC(265) Pause Young (Allocation Failure) 4842M->4843M(5070M) 120.098ms
[32.232s][info][gc,cpu         ] GC(265) User=0.73s Sys=0.05s Real=0.12s
[32.320s][info][gc,start       ] GC(266) Pause Young (Allocation Failure)
[32.445s][info][gc,heap        ] GC(266) PSYoungGen: 225632K(262656K)->151968K(267264K) Eden: 77824K(77824K)->0K(77824K) From: 147808K(184832K)->151968K(189440K)
[32.445s][info][gc,heap        ] GC(266) ParOldGen: 4811859K(4929024K)->4886251K(4929024K)
[32.445s][info][gc,metaspace   ] GC(266) Metaspace: 6297K(6464K)->6297K(6464K) NonClass: 5764K(5824K)->5764K(5824K) Class: 533K(640K)->533K(640K)
[32.445s][info][gc             ] GC(266) Pause Young (Allocation Failure) 4919M->4920M(5074M) 125.180ms
[32.445s][info][gc,cpu         ] GC(266) User=1.00s Sys=0.00s Real=0.13s
[32.445s][info][gc,start       ] GC(267) Pause Full (Ergonomics)
[32.445s][info][gc,phases,start] GC(267) Marking Phase
[33.581s][info][gc,phases      ] GC(267) Marking Phase 1135.372ms
[33.581s][info][gc,phases,start] GC(267) Summary Phase
[33.581s][info][gc,phases      ] GC(267) Summary Phase 0.062ms
[33.581s][info][gc,phases,start] GC(267) Adjust Roots
[33.581s][info][gc,phases      ] GC(267) Adjust Roots 0.163ms
[33.581s][info][gc,phases,start] GC(267) Compaction Phase
[34.025s][info][gc,phases      ] GC(267) Compaction Phase 443.406ms
[34.025s][info][gc,phases,start] GC(267) Post Compact
[34.033s][info][gc,phases      ] GC(267) Post Compact 8.336ms
[34.035s][info][gc,heap        ] GC(267) PSYoungGen: 151968K(267264K)->104974K(267264K) Eden: 0K(77824K)->0K(77824K) From: 151968K(189440K)->104974K(189440K)
[34.035s][info][gc,heap        ] GC(267) ParOldGen: 4886251K(4929024K)->4928739K(5443584K)
[34.035s][info][gc,metaspace   ] GC(267) Metaspace: 6297K(6464K)->6297K(6464K) NonClass: 5764K(5824K)->5764K(5824K) Class: 533K(640K)->533K(640K)
[34.035s][info][gc             ] GC(267) Pause Full (Ergonomics) 4920M->4915M(5577M) 1589.396ms
[34.035s][info][gc,cpu         ] GC(267) User=12.23s Sys=0.03s Real=1.59s
[34.126s][info][gc,start       ] GC(268) Pause Young (Allocation Failure)
[34.453s][info][gc,heap        ] GC(268) PSYoungGen: 182798K(267264K)->130464K(268800K) Eden: 77824K(77824K)->0K(85504K) From: 104974K(189440K)->130464K(183296K)
[34.453s][info][gc,heap        ] GC(268) ParOldGen: 4928739K(5443584K)->4981971K(5443584K)
[34.453s][info][gc,metaspace   ] GC(268) Metaspace: 6297K(6464K)->6297K(6464K) NonClass: 5764K(5824K)->5764K(5824K) Class: 533K(640K)->533K(640K)
[34.453s][info][gc             ] GC(268) Pause Young (Allocation Failure) 4991M->4992M(5578M) 326.848ms
[34.453s][info][gc,cpu         ] GC(268) User=2.14s Sys=0.05s Real=0.33s
[34.542s][info][gc,start       ] GC(269) Pause Young (Allocation Failure)
[34.666s][info][gc,heap        ] GC(269) PSYoungGen: 215968K(268800K)->189440K(274944K) Eden: 85504K(85504K)->0K(85504K) From: 130464K(183296K)->189440K(189440K)
[34.666s][info][gc,heap        ] GC(269) ParOldGen: 4981971K(5443584K)->5008771K(5443584K)
[34.666s][info][gc,metaspace   ] GC(269) Metaspace: 6297K(6464K)->6297K(6464K) NonClass: 5764K(5824K)->5764K(5824K) Class: 533K(640K)->533K(640K)
[34.666s][info][gc             ] GC(269) Pause Young (Allocation Failure) 5076M->5076M(5584M) 123.237ms
[34.666s][info][gc,cpu         ] GC(269) User=0.80s Sys=0.00s Real=0.12s
[34.765s][info][gc,start       ] GC(270) Pause Young (Allocation Failure)
[34.927s][info][gc,heap        ] GC(270) PSYoungGen: 274944K(274944K)->166496K(307200K) Eden: 85504K(85504K)->0K(90112K) From: 189440K(189440K)->166496K(217088K)
[34.927s][info][gc,heap        ] GC(270) ParOldGen: 5008771K(5443584K)->5118299K(5443584K)
[34.927s][info][gc,metaspace   ] GC(270) Metaspace: 6297K(6464K)->6297K(6464K) NonClass: 5764K(5824K)->5764K(5824K) Class: 533K(640K)->533K(640K)
[34.927s][info][gc             ] GC(270) Pause Young (Allocation Failure) 5159M->5160M(5616M) 162.226ms
[34.927s][info][gc,cpu         ] GC(270) User=1.03s Sys=0.12s Real=0.16s
[35.028s][info][gc,start       ] GC(271) Pause Young (Allocation Failure)
[35.186s][info][gc,heap        ] GC(271) PSYoungGen: 256608K(307200K)->176096K(311296K) Eden: 90112K(90112K)->0K(90112K) From: 166496K(217088K)->176096K(221184K)
[35.186s][info][gc,heap        ] GC(271) ParOldGen: 5118299K(5443584K)->5199563K(5443584K)
[35.186s][info][gc,metaspace   ] GC(271) Metaspace: 6297K(6464K)->6297K(6464K) NonClass: 5764K(5824K)->5764K(5824K) Class: 533K(640K)->533K(640K)
[35.186s][info][gc             ] GC(271) Pause Young (Allocation Failure) 5248M->5249M(5620M) 158.555ms
[35.186s][info][gc,cpu         ] GC(271) User=1.06s Sys=0.06s Real=0.16s
[35.292s][info][gc,start       ] GC(272) Pause Young (Allocation Failure)
[35.448s][info][gc,heap        ] GC(272) PSYoungGen: 266208K(311296K)->180704K(321536K) Eden: 90112K(90112K)->0K(94208K) From: 176096K(221184K)->180704K(227328K)
[35.448s][info][gc,heap        ] GC(272) ParOldGen: 5199563K(5443584K)->5285851K(5443584K)
[35.448s][info][gc,metaspace   ] GC(272) Metaspace: 6297K(6464K)->6297K(6464K) NonClass: 5764K(5824K)->5764K(5824K) Class: 533K(640K)->533K(640K)
[35.448s][info][gc             ] GC(272) Pause Young (Allocation Failure) 5337M->5338M(5630M) 156.178ms
[35.448s][info][gc,cpu         ] GC(272) User=1.03s Sys=0.06s Real=0.16s
[35.561s][info][gc,start       ] GC(273) Pause Young (Allocation Failure)
[35.725s][info][gc,heap        ] GC(273) PSYoungGen: 274912K(321536K)->184800K(327680K) Eden: 94208K(94208K)->0K(94208K) From: 180704K(227328K)->184800K(233472K)
[35.725s][info][gc,heap        ] GC(273) ParOldGen: 5285851K(5443584K)->5376771K(5443584K)
[35.725s][info][gc,metaspace   ] GC(273) Metaspace: 6297K(6464K)->6297K(6464K) NonClass: 5764K(5824K)->5764K(5824K) Class: 533K(640K)->533K(640K)
[35.725s][info][gc             ] GC(273) Pause Young (Allocation Failure) 5430M->5431M(5636M) 164.535ms
[35.725s][info][gc,cpu         ] GC(273) User=1.06s Sys=0.06s Real=0.17s
[35.725s][info][gc,start       ] GC(274) Pause Full (Ergonomics)
[35.725s][info][gc,phases,start] GC(274) Marking Phase
[36.992s][info][gc,phases      ] GC(274) Marking Phase 1266.819ms
[36.992s][info][gc,phases,start] GC(274) Summary Phase
[36.992s][info][gc,phases      ] GC(274) Summary Phase 0.068ms
[36.992s][info][gc,phases,start] GC(274) Adjust Roots
[36.992s][info][gc,phases      ] GC(274) Adjust Roots 0.176ms
[36.993s][info][gc,phases,start] GC(274) Compaction Phase
[37.527s][info][gc,phases      ] GC(274) Compaction Phase 534.039ms
[37.527s][info][gc,phases,start] GC(274) Post Compact
[37.535s][info][gc,phases      ] GC(274) Post Compact 8.412ms
[37.537s][info][gc,heap        ] GC(274) PSYoungGen: 184800K(327680K)->113207K(327680K) Eden: 0K(94208K)->0K(94208K) From: 184800K(233472K)->113207K(233472K)
[37.537s][info][gc,heap        ] GC(274) ParOldGen: 5376771K(5443584K)->5443583K(6030336K)
[37.537s][info][gc,metaspace   ] GC(274) Metaspace: 6297K(6464K)->6297K(6464K) NonClass: 5764K(5824K)->5764K(5824K) Class: 533K(640K)->533K(640K)
[37.537s][info][gc             ] GC(274) Pause Full (Ergonomics) 5431M->5426M(6209M) 1811.772ms
[37.537s][info][gc,cpu         ] GC(274) User=13.36s Sys=0.06s Real=1.81s
[37.651s][info][gc,start       ] GC(275) Pause Young (Allocation Failure)
[38.022s][info][gc,heap        ] GC(275) PSYoungGen: 207415K(327680K)->150368K(324096K) Eden: 94208K(94208K)->0K(103424K) From: 113207K(233472K)->150368K(220672K)
[38.022s][info][gc,heap        ] GC(275) ParOldGen: 5443583K(6030336K)->5501559K(6030336K)
[38.022s][info][gc,metaspace   ] GC(275) Metaspace: 6297K(6464K)->6297K(6464K) NonClass: 5764K(5824K)->5764K(5824K) Class: 533K(640K)->533K(640K)
[38.022s][info][gc             ] GC(275) Pause Young (Allocation Failure) 5518M->5519M(6205M) 371.815ms
[38.022s][info][gc,cpu         ] GC(275) User=2.50s Sys=0.02s Real=0.37s
[38.152s][info][gc,start       ] GC(276) Pause Young (Allocation Failure)
[38.308s][info][gc,heap        ] GC(276) PSYoungGen: 253792K(324096K)->230912K(334336K) Eden: 103424K(103424K)->0K(103424K) From: 150368K(220672K)->230912K(230912K)
[38.308s][info][gc,heap        ] GC(276) ParOldGen: 5501559K(6030336K)->5524759K(6030336K)
[38.308s][info][gc,metaspace   ] GC(276) Metaspace: 6297K(6464K)->6297K(6464K) NonClass: 5764K(5824K)->5764K(5824K) Class: 533K(640K)->533K(640K)
[38.308s][info][gc             ] GC(276) Pause Young (Allocation Failure) 5620M->5620M(6215M) 156.240ms
[38.308s][info][gc,cpu         ] GC(276) User=1.03s Sys=0.02s Real=0.16s
[39.444s][info][gc,start       ] GC(277) Pause Young (Allocation Failure)
[39.729s][info][gc,heap        ] GC(277) PSYoungGen: 334336K(334336K)->197216K(371712K) Eden: 103424K(103424K)->0K(110080K) From: 230912K(230912K)->197216K(261632K)
[39.729s][info][gc,heap        ] GC(277) ParOldGen: 5786903K(6030336K)->5925367K(6030336K)
[39.729s][info][gc,metaspace   ] GC(277) Metaspace: 6297K(6464K)->6297K(6464K) NonClass: 5764K(5824K)->5764K(5824K) Class: 533K(640K)->533K(640K)
[39.729s][info][gc             ] GC(277) Pause Young (Allocation Failure) 5977M->5979M(6252M) 284.821ms
[39.729s][info][gc,cpu         ] GC(277) User=2.02s Sys=0.17s Real=0.28s
[39.729s][info][gc,start       ] GC(278) Pause Full (Ergonomics)
[39.729s][info][gc,phases,start] GC(278) Marking Phase
[41.033s][info][gc,phases      ] GC(278) Marking Phase 1303.995ms
[41.033s][info][gc,phases,start] GC(278) Summary Phase
[41.034s][info][gc,phases      ] GC(278) Summary Phase 0.138ms
[41.034s][info][gc,phases,start] GC(278) Adjust Roots
[41.034s][info][gc,phases      ] GC(278) Adjust Roots 0.161ms
[41.034s][info][gc,phases,start] GC(278) Compaction Phase
[41.947s][info][gc,phases      ] GC(278) Compaction Phase 913.483ms
[41.947s][info][gc,phases,start] GC(278) Post Compact
[41.958s][info][gc,phases      ] GC(278) Post Compact 10.641ms
[41.958s][info][gc,heap        ] GC(278) PSYoungGen: 197216K(371712K)->0K(375296K) Eden: 0K(110080K)->0K(110080K) From: 197216K(261632K)->0K(265216K)
[41.958s][info][gc,heap        ] GC(278) ParOldGen: 5925367K(6030336K)->5988826K(6075904K)
[41.958s][info][gc,metaspace   ] GC(278) Metaspace: 6297K(6464K)->6297K(6464K) NonClass: 5764K(5824K)->5764K(5824K) Class: 533K(640K)->533K(640K)
[41.958s][info][gc             ] GC(278) Pause Full (Ergonomics) 5979M->5848M(6300M) 2228.992ms
[41.958s][info][gc,cpu         ] GC(278) User=15.84s Sys=0.05s Real=2.23s
[42.086s][info][gc,start       ] GC(279) Pause Full (Ergonomics)
[42.086s][info][gc,phases,start] GC(279) Marking Phase
[43.454s][info][gc,phases      ] GC(279) Marking Phase 1367.195ms
[43.454s][info][gc,phases,start] GC(279) Summary Phase
[43.454s][info][gc,phases      ] GC(279) Summary Phase 0.095ms
[43.454s][info][gc,phases,start] GC(279) Adjust Roots
[43.454s][info][gc,phases      ] GC(279) Adjust Roots 0.200ms
[43.454s][info][gc,phases,start] GC(279) Compaction Phase
[44.004s][info][gc,phases      ] GC(279) Compaction Phase 549.989ms
[44.004s][info][gc,phases,start] GC(279) Post Compact
[44.013s][info][gc,phases      ] GC(279) Post Compact 8.815ms
[44.013s][info][gc,heap        ] GC(279) PSYoungGen: 110080K(375296K)->23031K(374784K) Eden: 110080K(110080K)->23031K(110080K) From: 0K(265216K)->0K(264704K)
[44.013s][info][gc,heap        ] GC(279) ParOldGen: 5988826K(6075904K)->6075839K(6075904K)
[44.013s][info][gc,metaspace   ] GC(279) Metaspace: 6297K(6464K)->6297K(6464K) NonClass: 5764K(5824K)->5764K(5824K) Class: 533K(640K)->533K(640K)
[44.013s][info][gc             ] GC(279) Pause Full (Ergonomics) 5955M->5955M(6299M) 1926.695ms
[44.013s][info][gc,cpu         ] GC(279) User=13.59s Sys=0.05s Real=1.93s
[44.100s][info][gc,start       ] GC(280) Pause Full (Ergonomics)
[44.100s][info][gc,phases,start] GC(280) Marking Phase
[45.492s][info][gc,phases      ] GC(280) Marking Phase 1391.403ms
[45.492s][info][gc,phases,start] GC(280) Summary Phase
[45.492s][info][gc,phases      ] GC(280) Summary Phase 0.095ms
[45.492s][info][gc,phases,start] GC(280) Adjust Roots
[45.492s][info][gc,phases      ] GC(280) Adjust Roots 0.184ms
[45.492s][info][gc,phases,start] GC(280) Compaction Phase
[46.022s][info][gc,phases      ] GC(280) Compaction Phase 529.856ms
[46.022s][info][gc,phases,start] GC(280) Post Compact
[46.031s][info][gc,phases      ] GC(280) Post Compact 8.954ms
[46.031s][info][gc,heap        ] GC(280) PSYoungGen: 110080K(374784K)->110055K(375296K) Eden: 110080K(110080K)->110055K(110080K) From: 0K(264704K)->0K(265216K)
[46.031s][info][gc,heap        ] GC(280) ParOldGen: 6075839K(6075904K)->6075839K(6075904K)
[46.031s][info][gc,metaspace   ] GC(280) Metaspace: 6297K(6464K)->6297K(6464K) NonClass: 5764K(5824K)->5764K(5824K) Class: 533K(640K)->533K(640K)
[46.031s][info][gc             ] GC(280) Pause Full (Ergonomics) 6040M->6040M(6300M) 1930.856ms
[46.031s][info][gc,cpu         ] GC(280) User=13.62s Sys=0.00s Real=1.93s
[46.031s][info][gc,start       ] GC(281) Pause Full (Ergonomics)
[46.031s][info][gc,phases,start] GC(281) Marking Phase
[47.419s][info][gc,phases      ] GC(281) Marking Phase 1387.998ms
[47.420s][info][gc,phases,start] GC(281) Summary Phase
[47.420s][info][gc,phases      ] GC(281) Summary Phase 0.067ms
[47.420s][info][gc,phases,start] GC(281) Adjust Roots
[47.420s][info][gc,phases      ] GC(281) Adjust Roots 0.166ms
[47.420s][info][gc,phases,start] GC(281) Compaction Phase
[47.936s][info][gc,phases      ] GC(281) Compaction Phase 516.662ms
[47.937s][info][gc,phases,start] GC(281) Post Compact
[47.946s][info][gc,phases      ] GC(281) Post Compact 9.012ms
[47.946s][info][gc,heap        ] GC(281) PSYoungGen: 110080K(375296K)->110079K(374784K) Eden: 110080K(110080K)->110079K(110080K) From: 0K(265216K)->0K(264704K)
[47.946s][info][gc,heap        ] GC(281) ParOldGen: 6075839K(6075904K)->6075839K(6075904K)
[47.946s][info][gc,metaspace   ] GC(281) Metaspace: 6297K(6464K)->6297K(6464K) NonClass: 5764K(5824K)->5764K(5824K) Class: 533K(640K)->533K(640K)
[47.946s][info][gc             ] GC(281) Pause Full (Ergonomics) 6040M->6040M(6299M) 1914.246ms
[47.946s][info][gc,cpu         ] GC(281) User=13.73s Sys=0.00s Real=1.91s
[47.946s][info][gc,start       ] GC(282) Pause Full (Ergonomics)
[47.946s][info][gc,phases,start] GC(282) Marking Phase
[49.335s][info][gc,phases      ] GC(282) Marking Phase 1388.854ms
[49.335s][info][gc,phases,start] GC(282) Summary Phase
[49.335s][info][gc,phases      ] GC(282) Summary Phase 0.066ms
[49.335s][info][gc,phases,start] GC(282) Adjust Roots
[49.335s][info][gc,phases      ] GC(282) Adjust Roots 0.171ms
[49.335s][info][gc,phases,start] GC(282) Compaction Phase
[49.826s][info][gc,phases      ] GC(282) Compaction Phase 490.861ms
[49.826s][info][gc,phases,start] GC(282) Post Compact
[49.836s][info][gc,phases      ] GC(282) Post Compact 10.341ms
[49.836s][info][gc,heap        ] GC(282) PSYoungGen: 110079K(374784K)->110079K(375296K) Eden: 110079K(110080K)->110079K(110080K) From: 0K(264704K)->0K(265216K)
[49.836s][info][gc,heap        ] GC(282) ParOldGen: 6075839K(6075904K)->6075839K(6075904K)
[49.836s][info][gc,metaspace   ] GC(282) Metaspace: 6297K(6464K)->6297K(6464K) NonClass: 5764K(5824K)->5764K(5824K) Class: 533K(640K)->533K(640K)
[49.836s][info][gc             ] GC(282) Pause Full (Ergonomics) 6040M->6040M(6300M) 1890.654ms
[49.837s][info][gc,cpu         ] GC(282) User=13.91s Sys=0.00s Real=1.89s
[49.837s][info][gc,start       ] GC(283) Pause Full (Ergonomics)
[49.837s][info][gc,phases,start] GC(283) Marking Phase
[51.207s][info][gc,phases      ] GC(283) Marking Phase 1370.559ms
[51.207s][info][gc,phases,start] GC(283) Summary Phase
[51.207s][info][gc,phases      ] GC(283) Summary Phase 0.065ms
[51.207s][info][gc,phases,start] GC(283) Adjust Roots
[51.208s][info][gc,phases      ] GC(283) Adjust Roots 0.190ms
[51.208s][info][gc,phases,start] GC(283) Compaction Phase
[51.703s][info][gc,phases      ] GC(283) Compaction Phase 495.295ms
[51.703s][info][gc,phases,start] GC(283) Post Compact
[51.712s][info][gc,phases      ] GC(283) Post Compact 8.891ms
[51.712s][info][gc,heap        ] GC(283) PSYoungGen: 110080K(375296K)->110080K(374784K) Eden: 110080K(110080K)->110080K(110080K) From: 0K(265216K)->0K(264704K)
[51.712s][info][gc,heap        ] GC(283) ParOldGen: 6075844K(6075904K)->6075844K(6075904K)
[51.712s][info][gc,metaspace   ] GC(283) Metaspace: 6297K(6464K)->6297K(6464K) NonClass: 5764K(5824K)->5764K(5824K) Class: 533K(640K)->533K(640K)
[51.712s][info][gc             ] GC(283) Pause Full (Ergonomics) 6040M->6040M(6299M) 1875.293ms
[51.712s][info][gc,cpu         ] GC(283) User=13.59s Sys=0.00s Real=1.88s
[51.712s][info][gc,start       ] GC(284) Pause Full (Ergonomics)
[51.712s][info][gc,phases,start] GC(284) Marking Phase
[53.109s][info][gc,phases      ] GC(284) Marking Phase 1397.011ms
[53.109s][info][gc,phases,start] GC(284) Summary Phase
[53.109s][info][gc,phases      ] GC(284) Summary Phase 0.066ms
[53.109s][info][gc,phases,start] GC(284) Adjust Roots
[53.110s][info][gc,phases      ] GC(284) Adjust Roots 0.172ms
[53.110s][info][gc,phases,start] GC(284) Compaction Phase
[53.620s][info][gc,phases      ] GC(284) Compaction Phase 509.935ms
[53.620s][info][gc,phases,start] GC(284) Post Compact
[53.630s][info][gc,phases      ] GC(284) Post Compact 10.721ms
[53.630s][info][gc,heap        ] GC(284) PSYoungGen: 110080K(374784K)->110080K(375296K) Eden: 110080K(110080K)->110080K(110080K) From: 0K(264704K)->0K(265216K)
[53.630s][info][gc,heap        ] GC(284) ParOldGen: 6075849K(6075904K)->6075849K(6075904K)
[53.630s][info][gc,metaspace   ] GC(284) Metaspace: 6297K(6464K)->6297K(6464K) NonClass: 5764K(5824K)->5764K(5824K) Class: 533K(640K)->533K(640K)
[53.630s][info][gc             ] GC(284) Pause Full (Ergonomics) 6040M->6040M(6300M) 1918.271ms
[53.630s][info][gc,cpu         ] GC(284) User=14.06s Sys=0.00s Real=1.92s
[53.631s][info][gc,start       ] GC(285) Pause Full (Ergonomics)
[53.631s][info][gc,phases,start] GC(285) Marking Phase
[55.010s][info][gc,phases      ] GC(285) Marking Phase 1379.230ms
[55.010s][info][gc,phases,start] GC(285) Summary Phase
[55.010s][info][gc,phases      ] GC(285) Summary Phase 0.093ms
[55.010s][info][gc,phases,start] GC(285) Adjust Roots
[55.010s][info][gc,phases      ] GC(285) Adjust Roots 0.253ms
[55.010s][info][gc,phases,start] GC(285) Compaction Phase
[55.529s][info][gc,phases      ] GC(285) Compaction Phase 518.338ms
[55.529s][info][gc,phases,start] GC(285) Post Compact
[55.538s][info][gc,phases      ] GC(285) Post Compact 8.920ms
[55.538s][info][gc,heap        ] GC(285) PSYoungGen: 110080K(375296K)->110080K(374784K) Eden: 110080K(110080K)->110080K(110080K) From: 0K(265216K)->0K(264704K)
[55.538s][info][gc,heap        ] GC(285) ParOldGen: 6075854K(6075904K)->6075854K(6075904K)
[55.538s][info][gc,metaspace   ] GC(285) Metaspace: 6297K(6464K)->6297K(6464K) NonClass: 5764K(5824K)->5764K(5824K) Class: 533K(640K)->533K(640K)
[55.538s][info][gc             ] GC(285) Pause Full (Ergonomics) 6040M->6040M(6299M) 1907.169ms
[55.538s][info][gc,cpu         ] GC(285) User=13.75s Sys=0.02s Real=1.91s
[55.538s][info][gc,start       ] GC(286) Pause Full (Ergonomics)
[55.538s][info][gc,phases,start] GC(286) Marking Phase
[56.920s][info][gc,phases      ] GC(286) Marking Phase 1382.021ms
[56.920s][info][gc,phases,start] GC(286) Summary Phase
[56.920s][info][gc,phases      ] GC(286) Summary Phase 0.067ms
[56.920s][info][gc,phases,start] GC(286) Adjust Roots
[56.920s][info][gc,phases      ] GC(286) Adjust Roots 0.195ms
[56.920s][info][gc,phases,start] GC(286) Compaction Phase
[57.440s][info][gc,phases      ] GC(286) Compaction Phase 519.274ms
[57.440s][info][gc,phases,start] GC(286) Post Compact
[57.449s][info][gc,phases      ] GC(286) Post Compact 8.929ms
[57.449s][info][gc,heap        ] GC(286) PSYoungGen: 110080K(374784K)->110080K(375296K) Eden: 110080K(110080K)->110080K(110080K) From: 0K(264704K)->0K(265216K)
[57.449s][info][gc,heap        ] GC(286) ParOldGen: 6075859K(6075904K)->6075859K(6075904K)
[57.449s][info][gc,metaspace   ] GC(286) Metaspace: 6297K(6464K)->6297K(6464K) NonClass: 5764K(5824K)->5764K(5824K) Class: 533K(640K)->533K(640K)
[57.449s][info][gc             ] GC(286) Pause Full (Ergonomics) 6040M->6040M(6300M) 1910.793ms
[57.449s][info][gc,cpu         ] GC(286) User=13.73s Sys=0.00s Real=1.91s
[57.449s][info][gc,start       ] GC(287) Pause Full (Ergonomics)
[57.449s][info][gc,phases,start] GC(287) Marking Phase
[58.845s][info][gc,phases      ] GC(287) Marking Phase 1395.588ms
[58.845s][info][gc,phases,start] GC(287) Summary Phase
[58.845s][info][gc,phases      ] GC(287) Summary Phase 0.079ms
[58.845s][info][gc,phases,start] GC(287) Adjust Roots
[58.845s][info][gc,phases      ] GC(287) Adjust Roots 0.194ms
[58.845s][info][gc,phases,start] GC(287) Compaction Phase
[59.374s][info][gc,phases      ] GC(287) Compaction Phase 528.743ms
[59.374s][info][gc,phases,start] GC(287) Post Compact
[59.383s][info][gc,phases      ] GC(287) Post Compact 9.008ms
[59.383s][info][gc,heap        ] GC(287) PSYoungGen: 110080K(375296K)->110080K(374784K) Eden: 110080K(110080K)->110080K(110080K) From: 0K(265216K)->0K(264704K)
[59.383s][info][gc,heap        ] GC(287) ParOldGen: 6075863K(6075904K)->6075863K(6075904K)
[59.383s][info][gc,metaspace   ] GC(287) Metaspace: 6297K(6464K)->6297K(6464K) NonClass: 5764K(5824K)->5764K(5824K) Class: 533K(640K)->533K(640K)
[59.383s][info][gc             ] GC(287) Pause Full (Ergonomics) 6040M->6040M(6299M) 1933.952ms
[59.383s][info][gc,cpu         ] GC(287) User=13.86s Sys=0.00s Real=1.93s
[59.383s][info][gc,start       ] GC(288) Pause Full (Ergonomics)
[59.383s][info][gc,phases,start] GC(288) Marking Phase
[60.753s][info][gc,phases      ] GC(288) Marking Phase 1369.821ms
[60.753s][info][gc,phases,start] GC(288) Summary Phase
[60.753s][info][gc,phases      ] GC(288) Summary Phase 0.063ms
[60.753s][info][gc,phases,start] GC(288) Adjust Roots
[60.753s][info][gc,phases      ] GC(288) Adjust Roots 0.181ms
[60.753s][info][gc,phases,start] GC(288) Compaction Phase
[61.279s][info][gc,phases      ] GC(288) Compaction Phase 526.030ms
[61.279s][info][gc,phases,start] GC(288) Post Compact
[61.288s][info][gc,phases      ] GC(288) Post Compact 8.863ms
[61.288s][info][gc,heap        ] GC(288) PSYoungGen: 110080K(374784K)->110080K(375296K) Eden: 110080K(110080K)->110080K(110080K) From: 0K(264704K)->0K(265216K)
[61.288s][info][gc,heap        ] GC(288) ParOldGen: 6075868K(6075904K)->6075868K(6075904K)
[61.288s][info][gc,metaspace   ] GC(288) Metaspace: 6297K(6464K)->6297K(6464K) NonClass: 5764K(5824K)->5764K(5824K) Class: 533K(640K)->533K(640K)
[61.288s][info][gc             ] GC(288) Pause Full (Ergonomics) 6040M->6040M(6300M) 1905.260ms
[61.288s][info][gc,cpu         ] GC(288) User=13.83s Sys=0.00s Real=1.91s
[61.289s][info][gc,start       ] GC(289) Pause Full (Ergonomics)
[61.289s][info][gc,phases,start] GC(289) Marking Phase
[62.679s][info][gc,phases      ] GC(289) Marking Phase 1390.244ms
[62.679s][info][gc,phases,start] GC(289) Summary Phase
[62.679s][info][gc,phases      ] GC(289) Summary Phase 0.062ms
[62.679s][info][gc,phases,start] GC(289) Adjust Roots
[62.679s][info][gc,phases      ] GC(289) Adjust Roots 0.166ms
[62.679s][info][gc,phases,start] GC(289) Compaction Phase
[63.173s][info][gc,phases      ] GC(289) Compaction Phase 494.029ms
[63.173s][info][gc,phases,start] GC(289) Post Compact
[63.182s][info][gc,phases      ] GC(289) Post Compact 9.038ms
[63.182s][info][gc,heap        ] GC(289) PSYoungGen: 110080K(375296K)->110080K(374784K) Eden: 110080K(110080K)->110080K(110080K) From: 0K(265216K)->0K(264704K)
[63.182s][info][gc,heap        ] GC(289) ParOldGen: 6075873K(6075904K)->6075873K(6075904K)
[63.182s][info][gc,metaspace   ] GC(289) Metaspace: 6297K(6464K)->6297K(6464K) NonClass: 5764K(5824K)->5764K(5824K) Class: 533K(640K)->533K(640K)
[63.182s][info][gc             ] GC(289) Pause Full (Ergonomics) 6040M->6040M(6299M) 1893.873ms
[63.183s][info][gc,cpu         ] GC(289) User=13.69s Sys=0.00s Real=1.89s
[63.183s][info][gc,start       ] GC(290) Pause Full (Ergonomics)
[63.183s][info][gc,phases,start] GC(290) Marking Phase
[64.555s][info][gc,phases      ] GC(290) Marking Phase 1372.547ms
[64.555s][info][gc,phases,start] GC(290) Summary Phase
[64.555s][info][gc,phases      ] GC(290) Summary Phase 0.062ms
[64.555s][info][gc,phases,start] GC(290) Adjust Roots
[64.556s][info][gc,phases      ] GC(290) Adjust Roots 0.189ms
[64.556s][info][gc,phases,start] GC(290) Compaction Phase
[65.071s][info][gc,phases      ] GC(290) Compaction Phase 514.949ms
[65.071s][info][gc,phases,start] GC(290) Post Compact
[65.080s][info][gc,phases      ] GC(290) Post Compact 9.071ms
[65.080s][info][gc,heap        ] GC(290) PSYoungGen: 110080K(374784K)->110080K(375296K) Eden: 110080K(110080K)->110080K(110080K) From: 0K(264704K)->0K(265216K)
[65.080s][info][gc,heap        ] GC(290) ParOldGen: 6075878K(6075904K)->6075878K(6075904K)
[65.080s][info][gc,metaspace   ] GC(290) Metaspace: 6297K(6464K)->6297K(6464K) NonClass: 5764K(5824K)->5764K(5824K) Class: 533K(640K)->533K(640K)
[65.080s][info][gc             ] GC(290) Pause Full (Ergonomics) 6040M->6040M(6300M) 1897.124ms
[65.080s][info][gc,cpu         ] GC(290) User=13.70s Sys=0.00s Real=1.90s
[65.080s][info][gc,start       ] GC(291) Pause Full (Ergonomics)
[65.080s][info][gc,phases,start] GC(291) Marking Phase
[66.467s][info][gc,phases      ] GC(291) Marking Phase 1386.922ms
[66.467s][info][gc,phases,start] GC(291) Summary Phase
[66.467s][info][gc,phases      ] GC(291) Summary Phase 0.072ms
[66.467s][info][gc,phases,start] GC(291) Adjust Roots
[66.467s][info][gc,phases      ] GC(291) Adjust Roots 0.235ms
[66.467s][info][gc,phases,start] GC(291) Compaction Phase
[66.951s][info][gc,phases      ] GC(291) Compaction Phase 483.825ms
[66.951s][info][gc,phases,start] GC(291) Post Compact
[66.960s][info][gc,phases      ] GC(291) Post Compact 9.123ms
[66.960s][info][gc,heap        ] GC(291) PSYoungGen: 110080K(375296K)->110080K(374784K) Eden: 110080K(110080K)->110080K(110080K) From: 0K(265216K)->0K(264704K)
[66.960s][info][gc,heap        ] GC(291) ParOldGen: 6075883K(6075904K)->6075883K(6075904K)
[66.960s][info][gc,metaspace   ] GC(291) Metaspace: 6297K(6464K)->6297K(6464K) NonClass: 5764K(5824K)->5764K(5824K) Class: 533K(640K)->533K(640K)
[66.961s][info][gc             ] GC(291) Pause Full (Ergonomics) 6040M->6040M(6299M) 1880.505ms
[66.961s][info][gc,cpu         ] GC(291) User=13.69s Sys=0.00s Real=1.88s
[66.961s][info][gc,start       ] GC(292) Pause Full (Ergonomics)
[66.961s][info][gc,phases,start] GC(292) Marking Phase
[68.338s][info][gc,phases      ] GC(292) Marking Phase 1376.997ms
[68.338s][info][gc,phases,start] GC(292) Summary Phase
[68.338s][info][gc,phases      ] GC(292) Summary Phase 0.066ms
[68.338s][info][gc,phases,start] GC(292) Adjust Roots
[68.338s][info][gc,phases      ] GC(292) Adjust Roots 0.190ms
[68.338s][info][gc,phases,start] GC(292) Compaction Phase
[68.831s][info][gc,phases      ] GC(292) Compaction Phase 493.274ms
[68.831s][info][gc,phases,start] GC(292) Post Compact
[68.841s][info][gc,phases      ] GC(292) Post Compact 9.052ms
[68.841s][info][gc,heap        ] GC(292) PSYoungGen: 110080K(374784K)->110080K(375296K) Eden: 110080K(110080K)->110080K(110080K) From: 0K(264704K)->0K(265216K)
[68.841s][info][gc,heap        ] GC(292) ParOldGen: 6075888K(6075904K)->6075888K(6075904K)
[68.841s][info][gc,metaspace   ] GC(292) Metaspace: 6297K(6464K)->6297K(6464K) NonClass: 5764K(5824K)->5764K(5824K) Class: 533K(640K)->533K(640K)
[68.841s][info][gc             ] GC(292) Pause Full (Ergonomics) 6040M->6040M(6300M) 1879.932ms
[68.841s][info][gc,cpu         ] GC(292) User=13.69s Sys=0.00s Real=1.88s
[68.841s][info][gc,start       ] GC(293) Pause Full (Ergonomics)
[68.841s][info][gc,phases,start] GC(293) Marking Phase
[70.239s][info][gc,phases      ] GC(293) Marking Phase 1398.188ms
[70.239s][info][gc,phases,start] GC(293) Summary Phase
[70.239s][info][gc,phases      ] GC(293) Summary Phase 0.069ms
[70.239s][info][gc,phases,start] GC(293) Adjust Roots
[70.239s][info][gc,phases      ] GC(293) Adjust Roots 0.179ms
[70.239s][info][gc,phases,start] GC(293) Compaction Phase
[70.765s][info][gc,phases      ] GC(293) Compaction Phase 525.395ms
[70.765s][info][gc,phases,start] GC(293) Post Compact
[70.774s][info][gc,phases      ] GC(293) Post Compact 8.887ms
[70.774s][info][gc,heap        ] GC(293) PSYoungGen: 110080K(375296K)->110080K(374784K) Eden: 110080K(110080K)->110080K(110080K) From: 0K(265216K)->0K(264704K)
[70.774s][info][gc,heap        ] GC(293) ParOldGen: 6075892K(6075904K)->6075892K(6075904K)
[70.774s][info][gc,metaspace   ] GC(293) Metaspace: 6297K(6464K)->6297K(6464K) NonClass: 5764K(5824K)->5764K(5824K) Class: 533K(640K)->533K(640K)
[70.774s][info][gc             ] GC(293) Pause Full (Ergonomics) 6040M->6040M(6299M) 1933.021ms
[70.774s][info][gc,cpu         ] GC(293) User=13.98s Sys=0.02s Real=1.93s
[70.774s][info][gc,start       ] GC(294) Pause Full (Ergonomics)
[70.774s][info][gc,phases,start] GC(294) Marking Phase
[72.168s][info][gc,phases      ] GC(294) Marking Phase 1393.924ms
[72.168s][info][gc,phases,start] GC(294) Summary Phase
[72.168s][info][gc,phases      ] GC(294) Summary Phase 0.064ms
[72.168s][info][gc,phases,start] GC(294) Adjust Roots
[72.168s][info][gc,phases      ] GC(294) Adjust Roots 0.186ms
[72.168s][info][gc,phases,start] GC(294) Compaction Phase
[72.653s][info][gc,phases      ] GC(294) Compaction Phase 485.051ms
[72.654s][info][gc,phases,start] GC(294) Post Compact
[72.663s][info][gc,phases      ] GC(294) Post Compact 9.017ms
[72.663s][info][gc,heap        ] GC(294) PSYoungGen: 110080K(374784K)->110080K(375296K) Eden: 110080K(110080K)->110080K(110080K) From: 0K(264704K)->0K(265216K)
[72.663s][info][gc,heap        ] GC(294) ParOldGen: 6075897K(6075904K)->6075897K(6075904K)
[72.663s][info][gc,metaspace   ] GC(294) Metaspace: 6297K(6464K)->6297K(6464K) NonClass: 5764K(5824K)->5764K(5824K) Class: 533K(640K)->533K(640K)
[72.663s][info][gc             ] GC(294) Pause Full (Ergonomics) 6040M->6040M(6300M) 1888.580ms
[72.663s][info][gc,cpu         ] GC(294) User=13.80s Sys=0.02s Real=1.89s
[72.663s][info][gc,start       ] GC(295) Pause Full (Ergonomics)
[72.663s][info][gc,phases,start] GC(295) Marking Phase
[74.077s][info][gc,phases      ] GC(295) Marking Phase 1413.735ms
[74.077s][info][gc,phases,start] GC(295) Summary Phase
[74.077s][info][gc,phases      ] GC(295) Summary Phase 0.064ms
[74.077s][info][gc,phases,start] GC(295) Adjust Roots
[74.077s][info][gc,phases      ] GC(295) Adjust Roots 0.172ms
[74.077s][info][gc,phases,start] GC(295) Compaction Phase
[74.559s][info][gc,phases      ] GC(295) Compaction Phase 482.115ms
[74.559s][info][gc,phases,start] GC(295) Post Compact
[74.568s][info][gc,phases      ] GC(295) Post Compact 8.969ms
[74.568s][info][gc,heap        ] GC(295) PSYoungGen: 110080K(375296K)->110080K(374784K) Eden: 110080K(110080K)->110080K(110080K) From: 0K(265216K)->0K(264704K)
[74.568s][info][gc,heap        ] GC(295) ParOldGen: 6075902K(6075904K)->6075902K(6075904K)
[74.568s][info][gc,metaspace   ] GC(295) Metaspace: 6297K(6464K)->6297K(6464K) NonClass: 5764K(5824K)->5764K(5824K) Class: 533K(640K)->533K(640K)
[74.568s][info][gc             ] GC(295) Pause Full (Ergonomics) 6040M->6040M(6299M) 1905.387ms
[74.568s][info][gc,cpu         ] GC(295) User=13.86s Sys=0.00s Real=1.91s
[74.568s][info][gc,start       ] GC(296) Pause Full (Ergonomics)
[74.568s][info][gc,phases,start] GC(296) Marking Phase
[75.973s][info][gc,phases      ] GC(296) Marking Phase 1405.008ms
[75.974s][info][gc,phases,start] GC(296) Summary Phase
[75.974s][info][gc,phases      ] GC(296) Summary Phase 0.062ms
[75.974s][info][gc,phases,start] GC(296) Adjust Roots
[75.974s][info][gc,phases      ] GC(296) Adjust Roots 0.163ms
[75.974s][info][gc,phases,start] GC(296) Compaction Phase
[76.441s][info][gc,phases      ] GC(296) Compaction Phase 467.007ms
[76.441s][info][gc,phases,start] GC(296) Post Compact
[76.450s][info][gc,phases      ] GC(296) Post Compact 8.998ms
[76.450s][info][gc,heap        ] GC(296) PSYoungGen: 110080K(374784K)->110080K(375296K) Eden: 110080K(110080K)->110080K(110080K) From: 0K(264704K)->0K(265216K)
[76.450s][info][gc,heap        ] GC(296) ParOldGen: 6075903K(6075904K)->6075903K(6075904K)
[76.450s][info][gc,metaspace   ] GC(296) Metaspace: 6297K(6464K)->6297K(6464K) NonClass: 5764K(5824K)->5764K(5824K) Class: 533K(640K)->533K(640K)
[76.450s][info][gc             ] GC(296) Pause Full (Ergonomics) 6040M->6040M(6300M) 1881.556ms
[76.450s][info][gc,cpu         ] GC(296) User=13.78s Sys=0.02s Real=1.88s
[76.450s][info][gc,start       ] GC(297) Pause Full (Allocation Failure)
[76.450s][info][gc,phases,start] GC(297) Marking Phase
[77.829s][info][gc,phases      ] GC(297) Marking Phase 1378.821ms
[77.829s][info][gc,phases,start] GC(297) Summary Phase
[77.829s][info][gc,phases      ] GC(297) Summary Phase 0.064ms
[77.829s][info][gc,phases,start] GC(297) Adjust Roots
[77.829s][info][gc,phases      ] GC(297) Adjust Roots 0.395ms
[77.829s][info][gc,phases,start] GC(297) Compaction Phase
[79.411s][info][gc,phases      ] GC(297) Compaction Phase 1581.217ms
[79.411s][info][gc,phases,start] GC(297) Post Compact
[79.420s][info][gc,phases      ] GC(297) Post Compact 9.201ms
[79.420s][info][gc,heap        ] GC(297) PSYoungGen: 110080K(375296K)->110080K(374784K) Eden: 110080K(110080K)->110080K(110080K) From: 0K(265216K)->0K(264704K)
[79.420s][info][gc,heap        ] GC(297) ParOldGen: 6075903K(6075904K)->6075899K(6075904K)
[79.420s][info][gc,metaspace   ] GC(297) Metaspace: 6297K(6464K)->6296K(6464K) NonClass: 5764K(5824K)->5763K(5824K) Class: 533K(640K)->532K(640K)
[79.420s][info][gc             ] GC(297) Pause Full (Allocation Failure) 6040M->6040M(6299M) 2970.027ms
[79.420s][info][gc,cpu         ] GC(297) User=21.89s Sys=0.03s Real=2.97s
[79.420s][info][gc,start       ] GC(298) Pause Full (Ergonomics)
[79.421s][info][gc,phases,start] GC(298) Marking Phase
[80.794s][info][gc,phases      ] GC(298) Marking Phase 1373.481ms
[80.794s][info][gc,phases,start] GC(298) Summary Phase
[80.794s][info][gc,phases      ] GC(298) Summary Phase 0.062ms
[80.794s][info][gc,phases,start] GC(298) Adjust Roots
[80.794s][info][gc,phases      ] GC(298) Adjust Roots 0.161ms
[80.794s][info][gc,phases,start] GC(298) Compaction Phase
[81.275s][info][gc,phases      ] GC(298) Compaction Phase 480.989ms
[81.275s][info][gc,phases,start] GC(298) Post Compact
[81.284s][info][gc,phases      ] GC(298) Post Compact 9.010ms
[81.284s][info][gc,heap        ] GC(298) PSYoungGen: 110080K(374784K)->110080K(375296K) Eden: 110080K(110080K)->110080K(110080K) From: 0K(264704K)->0K(265216K)
[81.284s][info][gc,heap        ] GC(298) ParOldGen: 6075902K(6075904K)->6075902K(6075904K)
[81.285s][info][gc,metaspace   ] GC(298) Metaspace: 6296K(6464K)->6296K(6464K) NonClass: 5763K(5824K)->5763K(5824K) Class: 532K(640K)->532K(640K)
[81.285s][info][gc             ] GC(298) Pause Full (Ergonomics) 6040M->6040M(6300M) 1864.040ms
[81.285s][info][gc,cpu         ] GC(298) User=13.39s Sys=0.00s Real=1.87s
[81.285s][info][gc,start       ] GC(299) Pause Full (Ergonomics)
[81.285s][info][gc,phases,start] GC(299) Marking Phase
[82.674s][info][gc,phases      ] GC(299) Marking Phase 1389.015ms
[82.674s][info][gc,phases,start] GC(299) Summary Phase
[82.674s][info][gc,phases      ] GC(299) Summary Phase 0.064ms
[82.674s][info][gc,phases,start] GC(299) Adjust Roots
[82.674s][info][gc,phases      ] GC(299) Adjust Roots 0.167ms
[82.674s][info][gc,phases,start] GC(299) Compaction Phase
[83.153s][info][gc,phases      ] GC(299) Compaction Phase 478.637ms
[83.153s][info][gc,phases,start] GC(299) Post Compact
[83.162s][info][gc,phases      ] GC(299) Post Compact 8.859ms
[83.162s][info][gc,heap        ] GC(299) PSYoungGen: 110080K(375296K)->110080K(374784K) Eden: 110080K(110080K)->110080K(110080K) From: 0K(265216K)->0K(264704K)
[83.162s][info][gc,heap        ] GC(299) ParOldGen: 6075903K(6075904K)->6075903K(6075904K)
[83.162s][info][gc,metaspace   ] GC(299) Metaspace: 6296K(6464K)->6296K(6464K) NonClass: 5763K(5824K)->5763K(5824K) Class: 532K(640K)->532K(640K)
[83.162s][info][gc             ] GC(299) Pause Full (Ergonomics) 6040M->6040M(6299M) 1877.044ms
[83.162s][info][gc,cpu         ] GC(299) User=13.59s Sys=0.00s Real=1.88s
[83.162s][info][gc,start       ] GC(300) Pause Full (Allocation Failure)
[83.162s][info][gc,phases,start] GC(300) Marking Phase
[84.562s][info][gc,phases      ] GC(300) Marking Phase 1399.703ms
[84.562s][info][gc,phases,start] GC(300) Summary Phase
[84.562s][info][gc,phases      ] GC(300) Summary Phase 0.063ms
[84.562s][info][gc,phases,start] GC(300) Adjust Roots
[84.562s][info][gc,phases      ] GC(300) Adjust Roots 0.166ms
[84.562s][info][gc,phases,start] GC(300) Compaction Phase
[85.038s][info][gc,phases      ] GC(300) Compaction Phase 475.503ms
[85.038s][info][gc,phases,start] GC(300) Post Compact
[85.047s][info][gc,phases      ] GC(300) Post Compact 8.925ms
[85.047s][info][gc,heap        ] GC(300) PSYoungGen: 110080K(374784K)->110080K(375296K) Eden: 110080K(110080K)->110080K(110080K) From: 0K(264704K)->0K(265216K)
[85.047s][info][gc,heap        ] GC(300) ParOldGen: 6075903K(6075904K)->6075903K(6075904K)
[85.047s][info][gc,metaspace   ] GC(300) Metaspace: 6296K(6464K)->6296K(6464K) NonClass: 5763K(5824K)->5763K(5824K) Class: 532K(640K)->532K(640K)
[85.047s][info][gc             ] GC(300) Pause Full (Allocation Failure) 6040M->6040M(6300M) 1884.655ms
[85.047s][info][gc,cpu         ] GC(300) User=13.73s Sys=0.00s Real=1.88s
[85.047s][info][gc,start       ] GC(301) Pause Full (Ergonomics)
[85.047s][info][gc,phases,start] GC(301) Marking Phase
[86.424s][info][gc,phases      ] GC(301) Marking Phase 1376.978ms
[86.424s][info][gc,phases,start] GC(301) Summary Phase
[86.424s][info][gc,phases      ] GC(301) Summary Phase 0.065ms
[86.424s][info][gc,phases,start] GC(301) Adjust Roots
[86.424s][info][gc,phases      ] GC(301) Adjust Roots 0.248ms
[86.424s][info][gc,phases,start] GC(301) Compaction Phase
[88.015s][info][gc,phases      ] GC(301) Compaction Phase 1590.569ms
[88.015s][info][gc,phases,start] GC(301) Post Compact
[88.024s][info][gc,phases      ] GC(301) Post Compact 9.013ms
[88.024s][info][gc,heap        ] GC(301) PSYoungGen: 110080K(375296K)->110080K(374784K) Eden: 110080K(110080K)->110080K(110080K) From: 0K(265216K)->0K(264704K)
[88.024s][info][gc,heap        ] GC(301) ParOldGen: 6075903K(6075904K)->6075902K(6075904K)
[88.024s][info][gc,metaspace   ] GC(301) Metaspace: 6296K(6464K)->6296K(6464K) NonClass: 5763K(5824K)->5763K(5824K) Class: 532K(640K)->532K(640K)
[88.024s][info][gc             ] GC(301) Pause Full (Ergonomics) 6040M->6040M(6299M) 2977.209ms
[88.024s][info][gc,cpu         ] GC(301) User=21.94s Sys=0.03s Real=2.98s
[88.025s][info][gc,start       ] GC(302) Pause Full (Ergonomics)
[88.025s][info][gc,phases,start] GC(302) Marking Phase
[89.425s][info][gc,phases      ] GC(302) Marking Phase 1399.415ms
[89.425s][info][gc,phases,start] GC(302) Summary Phase
[89.425s][info][gc,phases      ] GC(302) Summary Phase 0.067ms
[89.425s][info][gc,phases,start] GC(302) Adjust Roots
[89.425s][info][gc,phases      ] GC(302) Adjust Roots 0.256ms
[89.425s][info][gc,phases,start] GC(302) Compaction Phase
[91.021s][info][gc,phases      ] GC(302) Compaction Phase 1595.197ms
[91.021s][info][gc,phases,start] GC(302) Post Compact
[91.030s][info][gc,phases      ] GC(302) Post Compact 9.181ms
[91.030s][info][gc,heap        ] GC(302) PSYoungGen: 110080K(374784K)->110080K(375296K) Eden: 110080K(110080K)->110080K(110080K) From: 0K(264704K)->0K(265216K)
[91.030s][info][gc,heap        ] GC(302) ParOldGen: 6075903K(6075904K)->6075901K(6075904K)
[91.030s][info][gc,metaspace   ] GC(302) Metaspace: 6297K(6464K)->6297K(6464K) NonClass: 5763K(5824K)->5763K(5824K) Class: 533K(640K)->533K(640K)
[91.030s][info][gc             ] GC(302) Pause Full (Ergonomics) 6040M->6040M(6300M) 3004.504ms
[91.030s][info][gc,cpu         ] GC(302) User=22.09s Sys=0.00s Real=3.01s
[91.030s][info][gc,heap,exit   ] Heap
[91.030s][info][gc,heap,exit   ]  PSYoungGen      total 375296K, used 110080K [0x0000000746980000, 0x000000076e400000, 0x0000000800000000)
[91.030s][info][gc,heap,exit   ]   eden space 110080K, 100% used [0x0000000746980000,0x000000074d500000,0x000000074d500000)
[91.031s][info][gc,heap,exit   ]   from space 265216K, 0% used [0x000000074d500000,0x000000074d500000,0x000000075d800000)
[91.031s][info][gc,heap,exit   ]   to   space 264704K, 0% used [0x000000075e180000,0x000000075e180000,0x000000076e400000)
[91.031s][info][gc,heap,exit   ]  ParOldGen       total 6075904K, used 6075901K [0x00000005d3c00000, 0x0000000746980000, 0x0000000746980000)
[91.031s][info][gc,heap,exit   ]   object space 6075904K, 99% used [0x00000005d3c00000,0x000000074697f7c0,0x0000000746980000)
[91.031s][info][gc,heap,exit   ]  Metaspace       used 6300K, committed 6464K, reserved 1114112K
[91.031s][info][gc,heap,exit   ]   class space    used 534K, committed 640K, reserved 1048576K
