[0.019s][info][gc,init] CardTable entry size: 512
[0.019s][info][gc     ] Using Parallel
[0.021s][info][gc,init] Version: 18.0.1+10 (release)
[0.021s][info][gc,init] CPUs: 8 total, 8 available
[0.021s][info][gc,init] Memory: 16063M
[0.021s][info][gc,init] Large Page Support: Disabled
[0.021s][info][gc,init] NUMA Support: Disabled
[0.021s][info][gc,init] Compressed Oops: Enabled (Zero based)
[0.021s][info][gc,init] Alignments: Space 512K, Generation 512K, Heap 2M
[0.021s][info][gc,init] Heap Min Capacity: 2M
[0.021s][info][gc,init] Heap Initial Capacity: 2M
[0.021s][info][gc,init] Heap Max Capacity: 14000M
[0.021s][info][gc,init] Pre-touch: Disabled
[0.021s][info][gc,init] Parallel Workers: 8
[0.021s][info][gc,metaspace] CDS archive(s) not mapped
[0.021s][info][gc,metaspace] Compressed class space mapped at: 0x0000000800000000-0x0000000840000000, reserved size: 1073741824
[0.021s][info][gc,metaspace] Narrow klass base: 0x0000000800000000, Narrow klass shift: 0, Narrow klass range: 0x40000000
[0.125s][info][gc,start    ] GC(0) Pause Young (Allocation Failure)
[0.126s][info][gc,heap     ] GC(0) PSYoungGen: 512K(1024K)->480K(1024K) Eden: 512K(512K)->0K(512K) From: 0K(512K)->480K(512K)
[0.126s][info][gc,heap     ] GC(0) ParOldGen: 0K(512K)->8K(512K)
[0.126s][info][gc,metaspace] GC(0) Metaspace: 4229K(4352K)->4229K(4352K) NonClass: 3908K(3968K)->3908K(3968K) Class: 321K(384K)->321K(384K)
[0.126s][info][gc          ] GC(0) Pause Young (Allocation Failure) 0M->0M(1M) 1.506ms
[0.126s][info][gc,cpu      ] GC(0) User=0.00s Sys=0.00s Real=0.00s
[0.196s][info][gc,start    ] GC(1) Pause Young (Allocation Failure)
[0.197s][info][gc,heap     ] GC(1) PSYoungGen: 991K(1024K)->512K(1536K) Eden: 511K(512K)->0K(1024K) From: 480K(512K)->512K(512K)
[0.197s][info][gc,heap     ] GC(1) ParOldGen: 8K(512K)->88K(512K)
[0.197s][info][gc,metaspace] GC(1) Metaspace: 5883K(6016K)->5883K(6016K) NonClass: 5386K(5504K)->5386K(5504K) Class: 496K(512K)->496K(512K)
[0.197s][info][gc          ] GC(1) Pause Young (Allocation Failure) 0M->0M(2M) 0.871ms
[0.197s][info][gc,cpu      ] GC(1) User=0.00s Sys=0.00s Real=0.00s
[0.226s][info][gc,start    ] GC(2) Pause Young (Allocation Failure)
[0.227s][info][gc,heap     ] GC(2) PSYoungGen: 1536K(1536K)->512K(1536K) Eden: 1024K(1024K)->0K(1024K) From: 512K(512K)->512K(512K)
[0.227s][info][gc,heap     ] GC(2) ParOldGen: 88K(512K)->504K(512K)
[0.227s][info][gc,metaspace] GC(2) Metaspace: 6300K(6464K)->6300K(6464K) NonClass: 5767K(5824K)->5767K(5824K) Class: 533K(640K)->533K(640K)
[0.227s][info][gc          ] GC(2) Pause Young (Allocation Failure) 1M->0M(2M) 1.174ms
[0.227s][info][gc,cpu      ] GC(2) User=0.00s Sys=0.00s Real=0.00s
[0.227s][info][gc,start    ] GC(3) Pause Full (Ergonomics)
[0.227s][info][gc,phases,start] GC(3) Marking Phase
[0.228s][info][gc,phases      ] GC(3) Marking Phase 0.985ms
[0.228s][info][gc,phases,start] GC(3) Summary Phase
[0.228s][info][gc,phases      ] GC(3) Summary Phase 0.013ms
[0.228s][info][gc,phases,start] GC(3) Adjust Roots
[0.229s][info][gc,phases      ] GC(3) Adjust Roots 0.357ms
[0.229s][info][gc,phases,start] GC(3) Compaction Phase
[0.230s][info][gc,phases      ] GC(3) Compaction Phase 1.674ms
[0.230s][info][gc,phases,start] GC(3) Post Compact
[0.230s][info][gc,phases      ] GC(3) Post Compact 0.069ms
[0.230s][info][gc,heap        ] GC(3) PSYoungGen: 512K(1536K)->510K(1536K) Eden: 0K(1024K)->0K(1024K) From: 512K(512K)->510K(512K)
[0.230s][info][gc,heap        ] GC(3) ParOldGen: 504K(512K)->470K(2048K)
[0.230s][info][gc,metaspace   ] GC(3) Metaspace: 6300K(6464K)->6300K(6464K) NonClass: 5767K(5824K)->5767K(5824K) Class: 533K(640K)->533K(640K)
[0.230s][info][gc             ] GC(3) Pause Full (Ergonomics) 0M->0M(3M) 3.392ms
[0.230s][info][gc,cpu         ] GC(3) User=0.00s Sys=0.00s Real=0.00s
[0.233s][info][gc,start       ] GC(4) Pause Young (Allocation Failure)
[0.234s][info][gc,heap        ] GC(4) PSYoungGen: 1534K(1536K)->480K(2560K) Eden: 1024K(1024K)->0K(2048K) From: 510K(512K)->480K(512K)
[0.234s][info][gc,heap        ] GC(4) ParOldGen: 470K(2048K)->1034K(2048K)
[0.234s][info][gc,metaspace   ] GC(4) Metaspace: 6300K(6464K)->6300K(6464K) NonClass: 5767K(5824K)->5767K(5824K) Class: 533K(640K)->533K(640K)
[0.234s][info][gc             ] GC(4) Pause Young (Allocation Failure) 1M->1M(4M) 1.578ms
[0.234s][info][gc,cpu         ] GC(4) User=0.00s Sys=0.00s Real=0.00s
[0.237s][info][gc,start       ] GC(5) Pause Young (Allocation Failure)
[0.239s][info][gc,heap        ] GC(5) PSYoungGen: 2528K(2560K)->480K(2560K) Eden: 2048K(2048K)->0K(2048K) From: 480K(512K)->480K(512K)
[0.239s][info][gc,heap        ] GC(5) ParOldGen: 1034K(2048K)->2106K(2560K)
[0.239s][info][gc,metaspace   ] GC(5) Metaspace: 6300K(6464K)->6300K(6464K) NonClass: 5767K(5824K)->5767K(5824K) Class: 533K(640K)->533K(640K)
[0.239s][info][gc             ] GC(5) Pause Young (Allocation Failure) 3M->2M(5M) 2.086ms
[0.239s][info][gc,cpu         ] GC(5) User=0.00s Sys=0.00s Real=0.00s
[0.239s][info][gc,start       ] GC(6) Pause Full (Ergonomics)
[0.239s][info][gc,phases,start] GC(6) Marking Phase
[0.241s][info][gc,phases      ] GC(6) Marking Phase 1.723ms
[0.241s][info][gc,phases,start] GC(6) Summary Phase
[0.241s][info][gc,phases      ] GC(6) Summary Phase 0.015ms
[0.241s][info][gc,phases,start] GC(6) Adjust Roots
[0.242s][info][gc,phases      ] GC(6) Adjust Roots 0.314ms
[0.242s][info][gc,phases,start] GC(6) Compaction Phase
[0.244s][info][gc,phases      ] GC(6) Compaction Phase 2.488ms
[0.244s][info][gc,phases,start] GC(6) Post Compact
[0.244s][info][gc,phases      ] GC(6) Post Compact 0.037ms
[0.244s][info][gc,heap        ] GC(6) PSYoungGen: 480K(2560K)->0K(4096K) Eden: 0K(2048K)->0K(3072K) From: 480K(512K)->0K(1024K)
[0.244s][info][gc,heap        ] GC(6) ParOldGen: 2106K(2560K)->2542K(6144K)
[0.244s][info][gc,metaspace   ] GC(6) Metaspace: 6300K(6464K)->6300K(6464K) NonClass: 5767K(5824K)->5767K(5824K) Class: 533K(640K)->533K(640K)
[0.244s][info][gc             ] GC(6) Pause Full (Ergonomics) 2M->2M(10M) 4.961ms
[0.244s][info][gc,cpu         ] GC(6) User=0.00s Sys=0.00s Real=0.01s
[0.249s][info][gc,start       ] GC(7) Pause Young (Allocation Failure)
[0.251s][info][gc,heap        ] GC(7) PSYoungGen: 3072K(4096K)->1664K(5120K) Eden: 3072K(3072K)->0K(3072K) From: 0K(1024K)->1664K(2048K)
[0.251s][info][gc,heap        ] GC(7) ParOldGen: 2542K(6144K)->2542K(6144K)
[0.251s][info][gc,metaspace   ] GC(7) Metaspace: 6300K(6464K)->6300K(6464K) NonClass: 5767K(5824K)->5767K(5824K) Class: 533K(640K)->533K(640K)
[0.251s][info][gc             ] GC(7) Pause Young (Allocation Failure) 5M->4M(11M) 1.825ms
[0.251s][info][gc,cpu         ] GC(7) User=0.00s Sys=0.00s Real=0.00s
[0.255s][info][gc,start       ] GC(8) Pause Young (Allocation Failure)
[0.258s][info][gc,heap        ] GC(8) PSYoungGen: 4736K(5120K)->2016K(5632K) Eden: 3072K(3072K)->0K(3584K) From: 1664K(2048K)->2016K(2048K)
[0.258s][info][gc,heap        ] GC(8) ParOldGen: 2542K(6144K)->3774K(6144K)
[0.258s][info][gc,metaspace   ] GC(8) Metaspace: 6300K(6464K)->6300K(6464K) NonClass: 5767K(5824K)->5767K(5824K) Class: 533K(640K)->533K(640K)
[0.258s][info][gc             ] GC(8) Pause Young (Allocation Failure) 7M->5M(11M) 3.017ms
[0.258s][info][gc,cpu         ] GC(8) User=0.00s Sys=0.00s Real=0.00s
[0.266s][info][gc,start       ] GC(9) Pause Young (Allocation Failure)
[0.271s][info][gc,heap        ] GC(9) PSYoungGen: 5600K(5632K)->3040K(6656K) Eden: 3584K(3584K)->0K(3584K) From: 2016K(2048K)->3040K(3072K)
[0.271s][info][gc,heap        ] GC(9) ParOldGen: 3774K(6144K)->4614K(6144K)
[0.271s][info][gc,metaspace   ] GC(9) Metaspace: 6300K(6464K)->6300K(6464K) NonClass: 5767K(5824K)->5767K(5824K) Class: 533K(640K)->533K(640K)
[0.271s][info][gc             ] GC(9) Pause Young (Allocation Failure) 9M->7M(12M) 4.761ms
[0.271s][info][gc,cpu         ] GC(9) User=0.00s Sys=0.00s Real=0.01s
[0.276s][info][gc,start       ] GC(10) Pause Young (Allocation Failure)
[0.280s][info][gc,heap        ] GC(10) PSYoungGen: 6624K(6656K)->4064K(8704K) Eden: 3584K(3584K)->0K(4608K) From: 3040K(3072K)->4064K(4096K)
[0.280s][info][gc,heap        ] GC(10) ParOldGen: 4614K(6144K)->5462K(6144K)
[0.280s][info][gc,metaspace   ] GC(10) Metaspace: 6300K(6464K)->6300K(6464K) NonClass: 5767K(5824K)->5767K(5824K) Class: 533K(640K)->533K(640K)
[0.280s][info][gc             ] GC(10) Pause Young (Allocation Failure) 10M->9M(14M) 4.443ms
[0.280s][info][gc,cpu         ] GC(10) User=0.00s Sys=0.00s Real=0.01s
[0.280s][info][gc,start       ] GC(11) Pause Full (Ergonomics)
[0.280s][info][gc,phases,start] GC(11) Marking Phase
[0.285s][info][gc,phases      ] GC(11) Marking Phase 5.099ms
[0.285s][info][gc,phases,start] GC(11) Summary Phase
[0.285s][info][gc,phases      ] GC(11) Summary Phase 0.016ms
[0.285s][info][gc,phases,start] GC(11) Adjust Roots
[0.286s][info][gc,phases      ] GC(11) Adjust Roots 0.355ms
[0.286s][info][gc,phases,start] GC(11) Compaction Phase
[0.293s][info][gc,phases      ] GC(11) Compaction Phase 6.664ms
[0.293s][info][gc,phases,start] GC(11) Post Compact
[0.293s][info][gc,phases      ] GC(11) Post Compact 0.060ms
[0.293s][info][gc,heap        ] GC(11) PSYoungGen: 4064K(8704K)->3545K(8704K) Eden: 0K(4608K)->0K(4608K) From: 4064K(4096K)->3545K(4096K)
[0.293s][info][gc,heap        ] GC(11) ParOldGen: 5462K(6144K)->5831K(10752K)
[0.293s][info][gc,metaspace   ] GC(11) Metaspace: 6300K(6464K)->6300K(6464K) NonClass: 5767K(5824K)->5767K(5824K) Class: 533K(640K)->533K(640K)
[0.293s][info][gc             ] GC(11) Pause Full (Ergonomics) 9M->9M(19M) 12.566ms
[0.293s][info][gc,cpu         ] GC(11) User=0.00s Sys=0.00s Real=0.01s
[0.298s][info][gc,start       ] GC(12) Pause Young (Allocation Failure)
[0.302s][info][gc,heap        ] GC(12) PSYoungGen: 8013K(8704K)->5088K(9728K) Eden: 4468K(4608K)->0K(4608K) From: 3545K(4096K)->5088K(5120K)
[0.302s][info][gc,heap        ] GC(12) ParOldGen: 5831K(10752K)->6607K(10752K)
[0.302s][info][gc,metaspace   ] GC(12) Metaspace: 6300K(6464K)->6300K(6464K) NonClass: 5767K(5824K)->5767K(5824K) Class: 533K(640K)->533K(640K)
[0.302s][info][gc             ] GC(12) Pause Young (Allocation Failure) 13M->11M(20M) 4.149ms
[0.302s][info][gc,cpu         ] GC(12) User=0.00s Sys=0.00s Real=0.00s
[0.308s][info][gc,start       ] GC(13) Pause Young (Allocation Failure)
[0.314s][info][gc,heap        ] GC(13) PSYoungGen: 9696K(9728K)->6112K(11264K) Eden: 4608K(4608K)->0K(5120K) From: 5088K(5120K)->6112K(6144K)
[0.314s][info][gc,heap        ] GC(13) ParOldGen: 6607K(10752K)->7983K(10752K)
[0.314s][info][gc,metaspace   ] GC(13) Metaspace: 6300K(6464K)->6300K(6464K) NonClass: 5767K(5824K)->5767K(5824K) Class: 533K(640K)->533K(640K)
[0.314s][info][gc             ] GC(13) Pause Young (Allocation Failure) 15M->13M(21M) 5.808ms
[0.314s][info][gc,cpu         ] GC(13) User=0.00s Sys=0.00s Real=0.01s
[0.318s][info][gc,start       ] GC(14) Pause Young (Allocation Failure)
[0.323s][info][gc,heap        ] GC(14) PSYoungGen: 11232K(11264K)->5216K(12800K) Eden: 5120K(5120K)->0K(5120K) From: 6112K(6144K)->5216K(7680K)
[0.324s][info][gc,heap        ] GC(14) ParOldGen: 7983K(10752K)->11583K(11776K)
[0.324s][info][gc,metaspace   ] GC(14) Metaspace: 6302K(6464K)->6302K(6464K) NonClass: 5769K(5824K)->5769K(5824K) Class: 533K(640K)->533K(640K)
[0.324s][info][gc             ] GC(14) Pause Young (Allocation Failure) 18M->16M(24M) 5.712ms
[0.324s][info][gc,cpu         ] GC(14) User=0.00s Sys=0.00s Real=0.01s
[0.324s][info][gc,start       ] GC(15) Pause Full (Ergonomics)
[0.324s][info][gc,phases,start] GC(15) Marking Phase
[0.331s][info][gc,phases      ] GC(15) Marking Phase 7.403ms
[0.331s][info][gc,phases,start] GC(15) Summary Phase
[0.331s][info][gc,phases      ] GC(15) Summary Phase 0.016ms
[0.331s][info][gc,phases,start] GC(15) Adjust Roots
[0.331s][info][gc,phases      ] GC(15) Adjust Roots 0.195ms
[0.331s][info][gc,phases,start] GC(15) Compaction Phase
[0.338s][info][gc,phases      ] GC(15) Compaction Phase 6.314ms
[0.338s][info][gc,phases,start] GC(15) Post Compact
[0.338s][info][gc,phases      ] GC(15) Post Compact 0.095ms
[0.338s][info][gc,heap        ] GC(15) PSYoungGen: 5216K(12800K)->5182K(12800K) Eden: 0K(5120K)->0K(5120K) From: 5216K(7680K)->5182K(7680K)
[0.338s][info][gc,heap        ] GC(15) ParOldGen: 11583K(11776K)->11468K(18432K)
[0.338s][info][gc,metaspace   ] GC(15) Metaspace: 6302K(6464K)->6302K(6464K) NonClass: 5769K(5824K)->5769K(5824K) Class: 533K(640K)->533K(640K)
[0.338s][info][gc             ] GC(15) Pause Full (Ergonomics) 16M->16M(30M) 14.374ms
[0.338s][info][gc,cpu         ] GC(15) User=0.00s Sys=0.00s Real=0.01s
[0.341s][info][gc,start       ] GC(16) Pause Young (Allocation Failure)
[0.348s][info][gc,heap        ] GC(16) PSYoungGen: 10302K(12800K)->2688K(14336K) Eden: 5120K(5120K)->0K(7168K) From: 5182K(7680K)->2688K(7168K)
[0.348s][info][gc,heap        ] GC(16) ParOldGen: 11468K(18432K)->16732K(18432K)
[0.348s][info][gc,metaspace   ] GC(16) Metaspace: 6302K(6464K)->6302K(6464K) NonClass: 5769K(5824K)->5769K(5824K) Class: 533K(640K)->533K(640K)
[0.348s][info][gc             ] GC(16) Pause Young (Allocation Failure) 21M->18M(32M) 7.026ms
[0.348s][info][gc,cpu         ] GC(16) User=0.00s Sys=0.00s Real=0.01s
[0.348s][info][gc,start       ] GC(17) Pause Full (Ergonomics)
[0.348s][info][gc,phases,start] GC(17) Marking Phase
[0.357s][info][gc,phases      ] GC(17) Marking Phase 8.139ms
[0.357s][info][gc,phases,start] GC(17) Summary Phase
[0.357s][info][gc,phases      ] GC(17) Summary Phase 0.017ms
[0.357s][info][gc,phases,start] GC(17) Adjust Roots
[0.357s][info][gc,phases      ] GC(17) Adjust Roots 0.184ms
[0.357s][info][gc,phases,start] GC(17) Compaction Phase
[0.363s][info][gc,phases      ] GC(17) Compaction Phase 6.301ms
[0.363s][info][gc,phases,start] GC(17) Post Compact
[0.363s][info][gc,phases      ] GC(17) Post Compact 0.103ms
[0.364s][info][gc,heap        ] GC(17) PSYoungGen: 2688K(14336K)->1105K(14848K) Eden: 0K(7168K)->0K(7680K) From: 2688K(7168K)->1105K(7168K)
[0.364s][info][gc,heap        ] GC(17) ParOldGen: 16732K(18432K)->18183K(27648K)
[0.364s][info][gc,metaspace   ] GC(17) Metaspace: 6302K(6464K)->6302K(6464K) NonClass: 5769K(5824K)->5769K(5824K) Class: 533K(640K)->533K(640K)
[0.364s][info][gc             ] GC(17) Pause Full (Ergonomics) 18M->18M(41M) 15.124ms
[0.364s][info][gc,cpu         ] GC(17) User=0.00s Sys=0.00s Real=0.02s
[0.368s][info][gc,start       ] GC(18) Pause Young (Allocation Failure)
[0.372s][info][gc,heap        ] GC(18) PSYoungGen: 7799K(14848K)->3424K(15360K) Eden: 6694K(7680K)->0K(7680K) From: 1105K(7168K)->3424K(7680K)
[0.372s][info][gc,heap        ] GC(18) ParOldGen: 18183K(27648K)->19311K(27648K)
[0.372s][info][gc,metaspace   ] GC(18) Metaspace: 6302K(6464K)->6302K(6464K) NonClass: 5769K(5824K)->5769K(5824K) Class: 533K(640K)->533K(640K)
[0.372s][info][gc             ] GC(18) Pause Young (Allocation Failure) 25M->22M(42M) 4.358ms
[0.372s][info][gc,cpu         ] GC(18) User=0.00s Sys=0.00s Real=0.00s
[0.380s][info][gc,start       ] GC(19) Pause Young (Allocation Failure)
[0.387s][info][gc,heap        ] GC(19) PSYoungGen: 11103K(15360K)->4480K(17920K) Eden: 7679K(7680K)->0K(10240K) From: 3424K(7680K)->4480K(7680K)
[0.387s][info][gc,heap        ] GC(19) ParOldGen: 19311K(27648K)->22767K(27648K)
[0.387s][info][gc,metaspace   ] GC(19) Metaspace: 6302K(6464K)->6302K(6464K) NonClass: 5769K(5824K)->5769K(5824K) Class: 533K(640K)->533K(640K)
[0.387s][info][gc             ] GC(19) Pause Young (Allocation Failure) 29M->26M(44M) 7.372ms
[0.387s][info][gc,cpu         ] GC(19) User=0.00s Sys=0.02s Real=0.01s
[0.393s][info][gc,start       ] GC(20) Pause Young (Allocation Failure)
[0.400s][info][gc,heap        ] GC(20) PSYoungGen: 14720K(17920K)->5344K(17920K) Eden: 10240K(10240K)->0K(10240K) From: 4480K(7680K)->5344K(7680K)
[0.400s][info][gc,heap        ] GC(20) ParOldGen: 22767K(27648K)->27295K(27648K)
[0.400s][info][gc,metaspace   ] GC(20) Metaspace: 6302K(6464K)->6302K(6464K) NonClass: 5769K(5824K)->5769K(5824K) Class: 533K(640K)->533K(640K)
[0.400s][info][gc             ] GC(20) Pause Young (Allocation Failure) 36M->31M(44M) 6.794ms
[0.400s][info][gc,cpu         ] GC(20) User=0.00s Sys=0.00s Real=0.01s
[0.400s][info][gc,start       ] GC(21) Pause Full (Ergonomics)
[0.400s][info][gc,phases,start] GC(21) Marking Phase
[0.413s][info][gc,phases      ] GC(21) Marking Phase 12.480ms
[0.413s][info][gc,phases,start] GC(21) Summary Phase
[0.413s][info][gc,phases      ] GC(21) Summary Phase 0.015ms
[0.413s][info][gc,phases,start] GC(21) Adjust Roots
[0.413s][info][gc,phases      ] GC(21) Adjust Roots 0.169ms
[0.413s][info][gc,phases,start] GC(21) Compaction Phase
[0.426s][info][gc,phases      ] GC(21) Compaction Phase 13.300ms
[0.426s][info][gc,phases,start] GC(21) Post Compact
[0.427s][info][gc,phases      ] GC(21) Post Compact 0.123ms
[0.427s][info][gc,heap        ] GC(21) PSYoungGen: 5344K(17920K)->4779K(17920K) Eden: 0K(10240K)->0K(10240K) From: 5344K(7680K)->4779K(7680K)
[0.427s][info][gc,heap        ] GC(21) ParOldGen: 27295K(27648K)->27140K(38912K)
[0.427s][info][gc,metaspace   ] GC(21) Metaspace: 6302K(6464K)->6302K(6464K) NonClass: 5769K(5824K)->5769K(5824K) Class: 533K(640K)->533K(640K)
[0.427s][info][gc             ] GC(21) Pause Full (Ergonomics) 31M->31M(55M) 26.601ms
[0.427s][info][gc,cpu         ] GC(21) User=0.02s Sys=0.00s Real=0.03s
[0.438s][info][gc,start       ] GC(22) Pause Young (Allocation Failure)
[0.449s][info][gc,heap        ] GC(22) PSYoungGen: 15019K(17920K)->8192K(17920K) Eden: 10240K(10240K)->0K(9728K) From: 4779K(7680K)->8192K(8192K)
[0.450s][info][gc,heap        ] GC(22) ParOldGen: 27140K(38912K)->32956K(38912K)
[0.450s][info][gc,metaspace   ] GC(22) Metaspace: 6302K(6464K)->6302K(6464K) NonClass: 5769K(5824K)->5769K(5824K) Class: 533K(640K)->533K(640K)
[0.450s][info][gc             ] GC(22) Pause Young (Allocation Failure) 41M->40M(55M) 11.862ms
[0.450s][info][gc,cpu         ] GC(22) User=0.00s Sys=0.00s Real=0.01s
[0.450s][info][gc,start       ] GC(23) Pause Full (Ergonomics)
[0.450s][info][gc,phases,start] GC(23) Marking Phase
[0.467s][info][gc,phases      ] GC(23) Marking Phase 17.189ms
[0.467s][info][gc,phases,start] GC(23) Summary Phase
[0.467s][info][gc,phases      ] GC(23) Summary Phase 0.018ms
[0.467s][info][gc,phases,start] GC(23) Adjust Roots
[0.467s][info][gc,phases      ] GC(23) Adjust Roots 0.161ms
[0.467s][info][gc,phases,start] GC(23) Compaction Phase
[0.478s][info][gc,phases      ] GC(23) Compaction Phase 11.052ms
[0.478s][info][gc,phases,start] GC(23) Post Compact
[0.478s][info][gc,phases      ] GC(23) Post Compact 0.200ms
[0.479s][info][gc,heap        ] GC(23) PSYoungGen: 8192K(17920K)->2555K(17920K) Eden: 0K(9728K)->0K(9728K) From: 8192K(8192K)->2555K(8192K)
[0.479s][info][gc,heap        ] GC(23) ParOldGen: 32956K(38912K)->38482K(52736K)
[0.479s][info][gc,metaspace   ] GC(23) Metaspace: 6302K(6464K)->6302K(6464K) NonClass: 5769K(5824K)->5769K(5824K) Class: 533K(640K)->533K(640K)
[0.479s][info][gc             ] GC(23) Pause Full (Ergonomics) 40M->40M(69M) 28.996ms
[0.479s][info][gc,cpu         ] GC(23) User=0.03s Sys=0.00s Real=0.03s
[0.491s][info][gc,start       ] GC(24) Pause Young (Allocation Failure)
[0.500s][info][gc,heap        ] GC(24) PSYoungGen: 12283K(17920K)->9760K(20992K) Eden: 9728K(9728K)->0K(9728K) From: 2555K(8192K)->9760K(11264K)
[0.500s][info][gc,heap        ] GC(24) ParOldGen: 38482K(52736K)->41090K(52736K)
[0.500s][info][gc,metaspace   ] GC(24) Metaspace: 6302K(6464K)->6302K(6464K) NonClass: 5769K(5824K)->5769K(5824K) Class: 533K(640K)->533K(640K)
[0.500s][info][gc             ] GC(24) Pause Young (Allocation Failure) 49M->49M(72M) 9.236ms
[0.500s][info][gc,cpu         ] GC(24) User=0.00s Sys=0.00s Real=0.01s
[0.509s][info][gc,start       ] GC(25) Pause Young (Allocation Failure)
[0.523s][info][gc,heap        ] GC(25) PSYoungGen: 19488K(20992K)->12768K(19968K) Eden: 9728K(9728K)->0K(7168K) From: 9760K(11264K)->12768K(12800K)
[0.524s][info][gc,heap        ] GC(25) ParOldGen: 41090K(52736K)->47858K(52736K)
[0.524s][info][gc,metaspace   ] GC(25) Metaspace: 6302K(6464K)->6302K(6464K) NonClass: 5769K(5824K)->5769K(5824K) Class: 533K(640K)->533K(640K)
[0.524s][info][gc             ] GC(25) Pause Young (Allocation Failure) 59M->59M(71M) 14.270ms
[0.524s][info][gc,cpu         ] GC(25) User=0.02s Sys=0.00s Real=0.01s
[0.524s][info][gc,start       ] GC(26) Pause Full (Ergonomics)
[0.524s][info][gc,phases,start] GC(26) Marking Phase
[0.548s][info][gc,phases      ] GC(26) Marking Phase 24.505ms
[0.548s][info][gc,phases,start] GC(26) Summary Phase
[0.548s][info][gc,phases      ] GC(26) Summary Phase 0.019ms
[0.548s][info][gc,phases,start] GC(26) Adjust Roots
[0.549s][info][gc,phases      ] GC(26) Adjust Roots 0.177ms
[0.549s][info][gc,phases,start] GC(26) Compaction Phase
[0.567s][info][gc,phases      ] GC(26) Compaction Phase 18.550ms
[0.567s][info][gc,phases,start] GC(26) Post Compact
[0.567s][info][gc,phases      ] GC(26) Post Compact 0.209ms
[0.568s][info][gc,heap        ] GC(26) PSYoungGen: 12768K(19968K)->7122K(19968K) Eden: 0K(7168K)->0K(7168K) From: 12768K(12800K)->7122K(12800K)
[0.568s][info][gc,heap        ] GC(26) ParOldGen: 47858K(52736K)->52295K(69120K)
[0.568s][info][gc,metaspace   ] GC(26) Metaspace: 6302K(6464K)->6302K(6464K) NonClass: 5769K(5824K)->5769K(5824K) Class: 533K(640K)->533K(640K)
[0.568s][info][gc             ] GC(26) Pause Full (Ergonomics) 59M->58M(87M) 43.883ms
[0.568s][info][gc,cpu         ] GC(26) User=0.03s Sys=0.00s Real=0.04s
[0.575s][info][gc,start       ] GC(27) Pause Young (Allocation Failure)
[0.588s][info][gc,heap        ] GC(27) PSYoungGen: 14290K(19968K)->7168K(24576K) Eden: 7168K(7168K)->0K(7168K) From: 7122K(12800K)->7168K(17408K)
[0.588s][info][gc,heap        ] GC(27) ParOldGen: 52295K(69120K)->59535K(69120K)
[0.588s][info][gc,metaspace   ] GC(27) Metaspace: 6302K(6464K)->6302K(6464K) NonClass: 5769K(5824K)->5769K(5824K) Class: 533K(640K)->533K(640K)
[0.588s][info][gc             ] GC(27) Pause Young (Allocation Failure) 65M->65M(91M) 13.016ms
[0.588s][info][gc,cpu         ] GC(27) User=0.00s Sys=0.00s Real=0.01s
[0.595s][info][gc,start       ] GC(28) Pause Young (Allocation Failure)
[0.605s][info][gc,heap        ] GC(28) PSYoungGen: 14336K(24576K)->14336K(23040K) Eden: 7168K(7168K)->0K(6656K) From: 7168K(17408K)->14336K(16384K)
[0.605s][info][gc,heap        ] GC(28) ParOldGen: 59535K(69120K)->59535K(69120K)
[0.606s][info][gc,metaspace   ] GC(28) Metaspace: 6302K(6464K)->6302K(6464K) NonClass: 5769K(5824K)->5769K(5824K) Class: 533K(640K)->533K(640K)
[0.606s][info][gc             ] GC(28) Pause Young (Allocation Failure) 72M->72M(90M) 10.336ms
[0.606s][info][gc,cpu         ] GC(28) User=0.02s Sys=0.00s Real=0.01s
[0.613s][info][gc,start       ] GC(29) Pause Young (Allocation Failure)
[0.628s][info][gc,heap        ] GC(29) PSYoungGen: 20992K(23040K)->13824K(25088K) Eden: 6656K(6656K)->0K(6656K) From: 14336K(16384K)->13824K(18432K)
[0.628s][info][gc,heap        ] GC(29) ParOldGen: 59535K(69120K)->66799K(69120K)
[0.628s][info][gc,metaspace   ] GC(29) Metaspace: 6302K(6464K)->6302K(6464K) NonClass: 5769K(5824K)->5769K(5824K) Class: 533K(640K)->533K(640K)
[0.628s][info][gc             ] GC(29) Pause Young (Allocation Failure) 78M->78M(92M) 14.509ms
[0.628s][info][gc,cpu         ] GC(29) User=0.00s Sys=0.00s Real=0.01s
[0.628s][info][gc,start       ] GC(30) Pause Full (Ergonomics)
[0.628s][info][gc,phases,start] GC(30) Marking Phase
[0.660s][info][gc,phases      ] GC(30) Marking Phase 32.268ms
[0.660s][info][gc,phases,start] GC(30) Summary Phase
[0.660s][info][gc,phases      ] GC(30) Summary Phase 0.019ms
[0.660s][info][gc,phases,start] GC(30) Adjust Roots
[0.660s][info][gc,phases      ] GC(30) Adjust Roots 0.172ms
[0.660s][info][gc,phases,start] GC(30) Compaction Phase
[0.680s][info][gc,phases      ] GC(30) Compaction Phase 19.686ms
[0.680s][info][gc,phases,start] GC(30) Post Compact
[0.680s][info][gc,phases      ] GC(30) Post Compact 0.379ms
[0.681s][info][gc,heap        ] GC(30) PSYoungGen: 13824K(25088K)->11209K(25088K) Eden: 0K(6656K)->0K(6656K) From: 13824K(18432K)->11209K(18432K)
[0.681s][info][gc,heap        ] GC(30) ParOldGen: 66799K(69120K)->69111K(89600K)
[0.681s][info][gc,metaspace   ] GC(30) Metaspace: 6302K(6464K)->6302K(6464K) NonClass: 5769K(5824K)->5769K(5824K) Class: 533K(640K)->533K(640K)
[0.681s][info][gc             ] GC(30) Pause Full (Ergonomics) 78M->78M(112M) 53.031ms
[0.681s][info][gc,cpu         ] GC(30) User=0.06s Sys=0.00s Real=0.05s
[0.689s][info][gc,start       ] GC(31) Pause Young (Allocation Failure)
[0.705s][info][gc,heap        ] GC(31) PSYoungGen: 17865K(25088K)->11968K(27648K) Eden: 6656K(6656K)->0K(8192K) From: 11209K(18432K)->11968K(19456K)
[0.705s][info][gc,heap        ] GC(31) ParOldGen: 69111K(89600K)->75135K(89600K)
[0.705s][info][gc,metaspace   ] GC(31) Metaspace: 6302K(6464K)->6302K(6464K) NonClass: 5769K(5824K)->5769K(5824K) Class: 533K(640K)->533K(640K)
[0.705s][info][gc             ] GC(31) Pause Young (Allocation Failure) 84M->85M(114M) 15.596ms
[0.705s][info][gc,cpu         ] GC(31) User=0.00s Sys=0.00s Real=0.02s
[0.722s][info][gc,start       ] GC(32) Pause Young (Allocation Failure)
[0.737s][info][gc,heap        ] GC(32) PSYoungGen: 20160K(27648K)->14848K(28160K) Eden: 8192K(8192K)->0K(8192K) From: 11968K(19456K)->14848K(19968K)
[0.737s][info][gc,heap        ] GC(32) ParOldGen: 75135K(89600K)->80519K(89600K)
[0.737s][info][gc,metaspace   ] GC(32) Metaspace: 6302K(6464K)->6302K(6464K) NonClass: 5769K(5824K)->5769K(5824K) Class: 533K(640K)->533K(640K)
[0.737s][info][gc             ] GC(32) Pause Young (Allocation Failure) 93M->93M(115M) 15.035ms
[0.737s][info][gc,cpu         ] GC(32) User=0.00s Sys=0.00s Real=0.01s
[0.737s][info][gc,start       ] GC(33) Pause Full (Ergonomics)
[0.737s][info][gc,phases,start] GC(33) Marking Phase
[0.777s][info][gc,phases      ] GC(33) Marking Phase 40.089ms
[0.777s][info][gc,phases,start] GC(33) Summary Phase
[0.777s][info][gc,phases      ] GC(33) Summary Phase 0.014ms
[0.777s][info][gc,phases,start] GC(33) Adjust Roots
[0.777s][info][gc,phases      ] GC(33) Adjust Roots 0.169ms
[0.777s][info][gc,phases,start] GC(33) Compaction Phase
[0.802s][info][gc,phases      ] GC(33) Compaction Phase 25.037ms
[0.802s][info][gc,phases,start] GC(33) Post Compact
[0.803s][info][gc,phases      ] GC(33) Post Compact 0.296ms
[0.803s][info][gc,heap        ] GC(33) PSYoungGen: 14848K(28160K)->3553K(28160K) Eden: 0K(8192K)->0K(8192K) From: 14848K(19968K)->3553K(19968K)
[0.803s][info][gc,heap        ] GC(33) ParOldGen: 80519K(89600K)->89523K(112128K)
[0.803s][info][gc,metaspace   ] GC(33) Metaspace: 6302K(6464K)->6302K(6464K) NonClass: 5769K(5824K)->5769K(5824K) Class: 533K(640K)->533K(640K)
[0.803s][info][gc             ] GC(33) Pause Full (Ergonomics) 93M->90M(137M) 66.001ms
[0.803s][info][gc,cpu         ] GC(33) User=0.08s Sys=0.00s Real=0.07s
[0.810s][info][gc,start       ] GC(34) Pause Young (Allocation Failure)
[0.823s][info][gc,heap        ] GC(34) PSYoungGen: 11745K(28160K)->10176K(29184K) Eden: 8192K(8192K)->0K(9728K) From: 3553K(19968K)->10176K(19456K)
[0.823s][info][gc,heap        ] GC(34) ParOldGen: 89523K(112128K)->91179K(112128K)
[0.823s][info][gc,metaspace   ] GC(34) Metaspace: 6302K(6464K)->6302K(6464K) NonClass: 5769K(5824K)->5769K(5824K) Class: 533K(640K)->533K(640K)
[0.823s][info][gc             ] GC(34) Pause Young (Allocation Failure) 98M->98M(138M) 12.751ms
[0.823s][info][gc,cpu         ] GC(34) User=0.00s Sys=0.00s Real=0.01s
[0.831s][info][gc,start       ] GC(35) Pause Young (Allocation Failure)
[0.842s][info][gc,heap        ] GC(35) PSYoungGen: 19904K(29184K)->19904K(30208K) Eden: 9728K(9728K)->0K(9728K) From: 10176K(19456K)->19904K(20480K)
[0.842s][info][gc,heap        ] GC(35) ParOldGen: 91179K(112128K)->91179K(112128K)
[0.842s][info][gc,metaspace   ] GC(35) Metaspace: 6302K(6464K)->6302K(6464K) NonClass: 5769K(5824K)->5769K(5824K) Class: 533K(640K)->533K(640K)
[0.842s][info][gc             ] GC(35) Pause Young (Allocation Failure) 108M->108M(139M) 10.843ms
[0.842s][info][gc,cpu         ] GC(35) User=0.02s Sys=0.00s Real=0.01s
[0.851s][info][gc,start       ] GC(36) Pause Young (Allocation Failure)
[0.867s][info][gc,heap        ] GC(36) PSYoungGen: 29632K(30208K)->23552K(29184K) Eden: 9728K(9728K)->0K(5632K) From: 19904K(20480K)->23552K(23552K)
[0.867s][info][gc,heap        ] GC(36) ParOldGen: 91179K(112128K)->97267K(112128K)
[0.867s][info][gc,metaspace   ] GC(36) Metaspace: 6302K(6464K)->6302K(6464K) NonClass: 5769K(5824K)->5769K(5824K) Class: 533K(640K)->533K(640K)
[0.867s][info][gc             ] GC(36) Pause Young (Allocation Failure) 117M->117M(138M) 16.417ms
[0.867s][info][gc,cpu         ] GC(36) User=0.03s Sys=0.00s Real=0.02s
[0.873s][info][gc,start       ] GC(37) Pause Young (Allocation Failure)
[0.887s][info][gc,heap        ] GC(37) PSYoungGen: 29184K(29184K)->19808K(34816K) Eden: 5632K(5632K)->0K(5632K) From: 23552K(23552K)->19808K(29184K)
[0.887s][info][gc,heap        ] GC(37) ParOldGen: 97267K(112128K)->106795K(112128K)
[0.887s][info][gc,metaspace   ] GC(37) Metaspace: 6302K(6464K)->6302K(6464K) NonClass: 5769K(5824K)->5769K(5824K) Class: 533K(640K)->533K(640K)
[0.887s][info][gc             ] GC(37) Pause Young (Allocation Failure) 123M->123M(143M) 14.725ms
[0.887s][info][gc,cpu         ] GC(37) User=0.02s Sys=0.00s Real=0.01s
[0.887s][info][gc,start       ] GC(38) Pause Full (Ergonomics)
[0.887s][info][gc,phases,start] GC(38) Marking Phase
[0.920s][info][gc,phases      ] GC(38) Marking Phase 33.181ms
[0.921s][info][gc,phases,start] GC(38) Summary Phase
[0.921s][info][gc,phases      ] GC(38) Summary Phase 0.015ms
[0.921s][info][gc,phases,start] GC(38) Adjust Roots
[0.921s][info][gc,phases      ] GC(38) Adjust Roots 0.145ms
[0.921s][info][gc,phases,start] GC(38) Compaction Phase
[0.939s][info][gc,phases      ] GC(38) Compaction Phase 18.360ms
[0.939s][info][gc,phases,start] GC(38) Post Compact
[0.940s][info][gc,phases      ] GC(38) Post Compact 0.499ms
[0.940s][info][gc,heap        ] GC(38) PSYoungGen: 19808K(34816K)->14114K(34816K) Eden: 0K(5632K)->0K(5632K) From: 19808K(29184K)->14114K(29184K)
[0.940s][info][gc,heap        ] GC(38) ParOldGen: 106795K(112128K)->112110K(137728K)
[0.940s][info][gc,metaspace   ] GC(38) Metaspace: 6302K(6464K)->6302K(6464K) NonClass: 5769K(5824K)->5769K(5824K) Class: 533K(640K)->533K(640K)
[0.940s][info][gc             ] GC(38) Pause Full (Ergonomics) 123M->123M(168M) 52.567ms
[0.940s][info][gc,cpu         ] GC(38) User=0.14s Sys=0.00s Real=0.05s
[0.945s][info][gc,start       ] GC(39) Pause Young (Allocation Failure)
[0.961s][info][gc,heap        ] GC(39) PSYoungGen: 19746K(34816K)->10016K(35328K) Eden: 5632K(5632K)->0K(7168K) From: 14114K(29184K)->10016K(28160K)
[0.961s][info][gc,heap        ] GC(39) ParOldGen: 112110K(137728K)->122046K(137728K)
[0.961s][info][gc,metaspace   ] GC(39) Metaspace: 6302K(6464K)->6302K(6464K) NonClass: 5769K(5824K)->5769K(5824K) Class: 533K(640K)->533K(640K)
[0.961s][info][gc             ] GC(39) Pause Young (Allocation Failure) 128M->128M(169M) 15.717ms
[0.961s][info][gc,cpu         ] GC(39) User=0.02s Sys=0.00s Real=0.02s
[0.968s][info][gc,start       ] GC(40) Pause Young (Allocation Failure)
[0.977s][info][gc,heap        ] GC(40) PSYoungGen: 17184K(35328K)->12832K(36352K) Eden: 7168K(7168K)->0K(7168K) From: 10016K(28160K)->12832K(29184K)
[0.977s][info][gc,heap        ] GC(40) ParOldGen: 122046K(137728K)->126478K(137728K)
[0.977s][info][gc,metaspace   ] GC(40) Metaspace: 6302K(6464K)->6302K(6464K) NonClass: 5769K(5824K)->5769K(5824K) Class: 533K(640K)->533K(640K)
[0.977s][info][gc             ] GC(40) Pause Young (Allocation Failure) 135M->136M(170M) 8.993ms
[0.977s][info][gc,cpu         ] GC(40) User=0.00s Sys=0.00s Real=0.01s
[0.977s][info][gc,start       ] GC(41) Pause Full (Ergonomics)
[0.977s][info][gc,phases,start] GC(41) Marking Phase
[1.012s][info][gc,phases      ] GC(41) Marking Phase 34.598ms
[1.012s][info][gc,phases,start] GC(41) Summary Phase
[1.012s][info][gc,phases      ] GC(41) Summary Phase 0.017ms
[1.012s][info][gc,phases,start] GC(41) Adjust Roots
[1.012s][info][gc,phases      ] GC(41) Adjust Roots 0.159ms
[1.012s][info][gc,phases,start] GC(41) Compaction Phase
[1.031s][info][gc,phases      ] GC(41) Compaction Phase 18.892ms
[1.031s][info][gc,phases,start] GC(41) Post Compact
[1.031s][info][gc,phases      ] GC(41) Post Compact 0.522ms
[1.032s][info][gc,heap        ] GC(41) PSYoungGen: 12832K(36352K)->1495K(36352K) Eden: 0K(7168K)->0K(7168K) From: 12832K(29184K)->1495K(29184K)
[1.032s][info][gc,heap        ] GC(41) ParOldGen: 126478K(137728K)->137466K(165888K)
[1.032s][info][gc,metaspace   ] GC(41) Metaspace: 6302K(6464K)->6302K(6464K) NonClass: 5769K(5824K)->5769K(5824K) Class: 533K(640K)->533K(640K)
[1.032s][info][gc             ] GC(41) Pause Full (Ergonomics) 136M->135M(197M) 54.612ms
[1.032s][info][gc,cpu         ] GC(41) User=0.14s Sys=0.00s Real=0.06s
[1.039s][info][gc,start       ] GC(42) Pause Young (Allocation Failure)
[1.052s][info][gc,heap        ] GC(42) PSYoungGen: 8663K(36352K)->8384K(35328K) Eden: 7168K(7168K)->0K(8704K) From: 1495K(29184K)->8384K(26624K)
[1.052s][info][gc,heap        ] GC(42) ParOldGen: 137466K(165888K)->137794K(165888K)
[1.052s][info][gc,metaspace   ] GC(42) Metaspace: 6302K(6464K)->6302K(6464K) NonClass: 5769K(5824K)->5769K(5824K) Class: 533K(640K)->533K(640K)
[1.052s][info][gc             ] GC(42) Pause Young (Allocation Failure) 142M->142M(196M) 13.069ms
[1.052s][info][gc,cpu         ] GC(42) User=0.02s Sys=0.00s Real=0.01s
[1.061s][info][gc,start       ] GC(43) Pause Young (Allocation Failure)
[1.070s][info][gc,heap        ] GC(43) PSYoungGen: 17088K(35328K)->17120K(35840K) Eden: 8704K(8704K)->0K(8704K) From: 8384K(26624K)->17120K(27136K)
[1.070s][info][gc,heap        ] GC(43) ParOldGen: 137794K(165888K)->137794K(165888K)
[1.070s][info][gc,metaspace   ] GC(43) Metaspace: 6302K(6464K)->6302K(6464K) NonClass: 5769K(5824K)->5769K(5824K) Class: 533K(640K)->533K(640K)
[1.070s][info][gc             ] GC(43) Pause Young (Allocation Failure) 151M->151M(197M) 9.356ms
[1.070s][info][gc,cpu         ] GC(43) User=0.00s Sys=0.00s Real=0.01s
[1.078s][info][gc,start       ] GC(44) Pause Young (Allocation Failure)
[1.092s][info][gc,heap        ] GC(44) PSYoungGen: 25824K(35840K)->25792K(33792K) Eden: 8704K(8704K)->0K(6656K) From: 17120K(27136K)->25792K(27136K)
[1.092s][info][gc,heap        ] GC(44) ParOldGen: 137794K(165888K)->137794K(165888K)
[1.092s][info][gc,metaspace   ] GC(44) Metaspace: 6302K(6464K)->6302K(6464K) NonClass: 5769K(5824K)->5769K(5824K) Class: 533K(640K)->533K(640K)
[1.092s][info][gc             ] GC(44) Pause Young (Allocation Failure) 159M->159M(195M) 13.450ms
[1.092s][info][gc,cpu         ] GC(44) User=0.02s Sys=0.00s Real=0.01s
[1.098s][info][gc,start       ] GC(45) Pause Young (Allocation Failure)
[1.114s][info][gc,heap        ] GC(45) PSYoungGen: 32448K(33792K)->30720K(37376K) Eden: 6656K(6656K)->0K(6656K) From: 25792K(27136K)->30720K(30720K)
[1.114s][info][gc,heap        ] GC(45) ParOldGen: 137794K(165888K)->139506K(165888K)
[1.114s][info][gc,metaspace   ] GC(45) Metaspace: 6302K(6464K)->6302K(6464K) NonClass: 5769K(5824K)->5769K(5824K) Class: 533K(640K)->533K(640K)
[1.114s][info][gc             ] GC(45) Pause Young (Allocation Failure) 166M->166M(198M) 15.491ms
[1.114s][info][gc,cpu         ] GC(45) User=0.02s Sys=0.00s Real=0.01s
[1.121s][info][gc,start       ] GC(46) Pause Young (Allocation Failure)
[1.139s][info][gc,heap        ] GC(46) PSYoungGen: 37376K(37376K)->21664K(44032K) Eden: 6656K(6656K)->0K(8192K) From: 30720K(30720K)->21664K(35840K)
[1.139s][info][gc,heap        ] GC(46) ParOldGen: 139506K(165888K)->155490K(165888K)
[1.139s][info][gc,metaspace   ] GC(46) Metaspace: 6302K(6464K)->6302K(6464K) NonClass: 5769K(5824K)->5769K(5824K) Class: 533K(640K)->533K(640K)
[1.139s][info][gc             ] GC(46) Pause Young (Allocation Failure) 172M->173M(205M) 18.552ms
[1.139s][info][gc,cpu         ] GC(46) User=0.06s Sys=0.00s Real=0.02s
[1.139s][info][gc,start       ] GC(47) Pause Full (Ergonomics)
[1.139s][info][gc,phases,start] GC(47) Marking Phase
[1.188s][info][gc,phases      ] GC(47) Marking Phase 48.170ms
[1.188s][info][gc,phases,start] GC(47) Summary Phase
[1.188s][info][gc,phases      ] GC(47) Summary Phase 0.025ms
[1.188s][info][gc,phases,start] GC(47) Adjust Roots
[1.188s][info][gc,phases      ] GC(47) Adjust Roots 0.142ms
[1.188s][info][gc,phases,start] GC(47) Compaction Phase
[1.209s][info][gc,phases      ] GC(47) Compaction Phase 20.929ms
[1.209s][info][gc,phases,start] GC(47) Post Compact
[1.210s][info][gc,phases      ] GC(47) Post Compact 0.778ms
[1.210s][info][gc,heap        ] GC(47) PSYoungGen: 21664K(44032K)->11307K(44032K) Eden: 0K(8192K)->0K(8192K) From: 21664K(35840K)->11307K(35840K)
[1.210s][info][gc,heap        ] GC(47) ParOldGen: 155490K(165888K)->165382K(198656K)
[1.210s][info][gc,metaspace   ] GC(47) Metaspace: 6302K(6464K)->6302K(6464K) NonClass: 5769K(5824K)->5769K(5824K) Class: 533K(640K)->533K(640K)
[1.210s][info][gc             ] GC(47) Pause Full (Ergonomics) 173M->172M(237M) 70.520ms
[1.210s][info][gc,cpu         ] GC(47) User=0.19s Sys=0.00s Real=0.07s
[1.241s][info][gc,start       ] GC(48) Pause Young (Allocation Failure)
[1.259s][info][gc,heap        ] GC(48) PSYoungGen: 19499K(44032K)->12064K(44032K) Eden: 8192K(8192K)->0K(8192K) From: 11307K(35840K)->12064K(35840K)
[1.259s][info][gc,heap        ] GC(48) ParOldGen: 173574K(198656K)->181222K(198656K)
[1.259s][info][gc,metaspace   ] GC(48) Metaspace: 6302K(6464K)->6302K(6464K) NonClass: 5769K(5824K)->5769K(5824K) Class: 533K(640K)->533K(640K)
[1.259s][info][gc             ] GC(48) Pause Young (Allocation Failure) 188M->188M(237M) 17.722ms
[1.259s][info][gc,cpu         ] GC(48) User=0.05s Sys=0.02s Real=0.02s
[1.267s][info][gc,start       ] GC(49) Pause Young (Allocation Failure)
[1.278s][info][gc,heap        ] GC(49) PSYoungGen: 20256K(44032K)->16448K(41472K) Eden: 8192K(8192K)->0K(9728K) From: 12064K(35840K)->16448K(31744K)
[1.278s][info][gc,heap        ] GC(49) ParOldGen: 181222K(198656K)->185086K(198656K)
[1.278s][info][gc,metaspace   ] GC(49) Metaspace: 6302K(6464K)->6302K(6464K) NonClass: 5769K(5824K)->5769K(5824K) Class: 533K(640K)->533K(640K)
[1.278s][info][gc             ] GC(49) Pause Young (Allocation Failure) 196M->196M(234M) 10.828ms
[1.278s][info][gc,cpu         ] GC(49) User=0.02s Sys=0.00s Real=0.01s
[1.278s][info][gc,start       ] GC(50) Pause Full (Ergonomics)
[1.278s][info][gc,phases,start] GC(50) Marking Phase
[1.327s][info][gc,phases      ] GC(50) Marking Phase 49.570ms
[1.327s][info][gc,phases,start] GC(50) Summary Phase
[1.327s][info][gc,phases      ] GC(50) Summary Phase 0.017ms
[1.327s][info][gc,phases,start] GC(50) Adjust Roots
[1.328s][info][gc,phases      ] GC(50) Adjust Roots 0.150ms
[1.328s][info][gc,phases,start] GC(50) Compaction Phase
[1.364s][info][gc,phases      ] GC(50) Compaction Phase 36.428ms
[1.364s][info][gc,phases,start] GC(50) Post Compact
[1.365s][info][gc,phases      ] GC(50) Post Compact 0.995ms
[1.365s][info][gc,heap        ] GC(50) PSYoungGen: 16448K(41472K)->0K(43008K) Eden: 0K(9728K)->0K(9728K) From: 16448K(31744K)->0K(33280K)
[1.365s][info][gc,heap        ] GC(50) ParOldGen: 185086K(198656K)->197111K(231936K)
[1.365s][info][gc,metaspace   ] GC(50) Metaspace: 6302K(6464K)->6302K(6464K) NonClass: 5769K(5824K)->5769K(5824K) Class: 533K(640K)->533K(640K)
[1.365s][info][gc             ] GC(50) Pause Full (Ergonomics) 196M->192M(268M) 87.603ms
[1.365s][info][gc,cpu         ] GC(50) User=0.27s Sys=0.00s Real=0.09s
[1.376s][info][gc,start       ] GC(51) Pause Young (Allocation Failure)
[1.382s][info][gc,heap        ] GC(51) PSYoungGen: 9728K(43008K)->9792K(43520K) Eden: 9728K(9728K)->0K(11264K) From: 0K(33280K)->9792K(32256K)
[1.382s][info][gc,heap        ] GC(51) ParOldGen: 197111K(231936K)->197111K(231936K)
[1.382s][info][gc,metaspace   ] GC(51) Metaspace: 6302K(6464K)->6302K(6464K) NonClass: 5769K(5824K)->5769K(5824K) Class: 533K(640K)->533K(640K)
[1.382s][info][gc             ] GC(51) Pause Young (Allocation Failure) 201M->202M(269M) 6.126ms
[1.382s][info][gc,cpu         ] GC(51) User=0.00s Sys=0.00s Real=0.01s
[1.394s][info][gc,start       ] GC(52) Pause Young (Allocation Failure)
[1.404s][info][gc,heap        ] GC(52) PSYoungGen: 21056K(43520K)->21120K(44032K) Eden: 11264K(11264K)->0K(11264K) From: 9792K(32256K)->21120K(32768K)
[1.404s][info][gc,heap        ] GC(52) ParOldGen: 197111K(231936K)->197111K(231936K)
[1.404s][info][gc,metaspace   ] GC(52) Metaspace: 6302K(6464K)->6302K(6464K) NonClass: 5769K(5824K)->5769K(5824K) Class: 533K(640K)->533K(640K)
[1.404s][info][gc             ] GC(52) Pause Young (Allocation Failure) 213M->213M(269M) 10.879ms
[1.404s][info][gc,cpu         ] GC(52) User=0.00s Sys=0.00s Real=0.01s
[1.416s][info][gc,start       ] GC(53) Pause Young (Allocation Failure)
[1.432s][info][gc,heap        ] GC(53) PSYoungGen: 32384K(44032K)->32352K(40960K) Eden: 11264K(11264K)->0K(8192K) From: 21120K(32768K)->32352K(32768K)
[1.433s][info][gc,heap        ] GC(53) ParOldGen: 197111K(231936K)->197111K(231936K)
[1.433s][info][gc,metaspace   ] GC(53) Metaspace: 6302K(6464K)->6302K(6464K) NonClass: 5769K(5824K)->5769K(5824K) Class: 533K(640K)->533K(640K)
[1.433s][info][gc             ] GC(53) Pause Young (Allocation Failure) 224M->224M(266M) 16.185ms
[1.433s][info][gc,cpu         ] GC(53) User=0.00s Sys=0.00s Real=0.02s
[1.441s][info][gc,start       ] GC(54) Pause Young (Allocation Failure)
[1.460s][info][gc,heap        ] GC(54) PSYoungGen: 40544K(40960K)->37376K(45568K) Eden: 8192K(8192K)->0K(8192K) From: 32352K(32768K)->37376K(37376K)
[1.460s][info][gc,heap        ] GC(54) ParOldGen: 197111K(231936K)->200215K(231936K)
[1.461s][info][gc,metaspace   ] GC(54) Metaspace: 6302K(6464K)->6302K(6464K) NonClass: 5769K(5824K)->5769K(5824K) Class: 533K(640K)->533K(640K)
[1.461s][info][gc             ] GC(54) Pause Young (Allocation Failure) 232M->232M(271M) 19.086ms
[1.461s][info][gc,cpu         ] GC(54) User=0.06s Sys=0.00s Real=0.02s
[1.470s][info][gc,start       ] GC(55) Pause Young (Allocation Failure)
[1.492s][info][gc,heap        ] GC(55) PSYoungGen: 45568K(45568K)->26304K(53760K) Eden: 8192K(8192K)->0K(9728K) From: 37376K(37376K)->26304K(44032K)
[1.492s][info][gc,heap        ] GC(55) ParOldGen: 200215K(231936K)->219815K(231936K)
[1.492s][info][gc,metaspace   ] GC(55) Metaspace: 6302K(6464K)->6302K(6464K) NonClass: 5769K(5824K)->5769K(5824K) Class: 533K(640K)->533K(640K)
[1.492s][info][gc             ] GC(55) Pause Young (Allocation Failure) 240M->240M(279M) 22.081ms
[1.492s][info][gc,cpu         ] GC(55) User=0.08s Sys=0.00s Real=0.02s
[1.492s][info][gc,start       ] GC(56) Pause Full (Ergonomics)
[1.492s][info][gc,phases,start] GC(56) Marking Phase
[1.553s][info][gc,phases      ] GC(56) Marking Phase 61.212ms
[1.553s][info][gc,phases,start] GC(56) Summary Phase
[1.553s][info][gc,phases      ] GC(56) Summary Phase 0.017ms
[1.553s][info][gc,phases,start] GC(56) Adjust Roots
[1.553s][info][gc,phases      ] GC(56) Adjust Roots 0.144ms
[1.553s][info][gc,phases,start] GC(56) Compaction Phase
[1.582s][info][gc,phases      ] GC(56) Compaction Phase 28.444ms
[1.582s][info][gc,phases,start] GC(56) Post Compact
[1.583s][info][gc,phases      ] GC(56) Post Compact 1.012ms
[1.583s][info][gc,heap        ] GC(56) PSYoungGen: 26304K(53760K)->13904K(53760K) Eden: 0K(9728K)->0K(9728K) From: 26304K(44032K)->13904K(44032K)
[1.583s][info][gc,heap        ] GC(56) ParOldGen: 219815K(231936K)->231701K(271360K)
[1.583s][info][gc,metaspace   ] GC(56) Metaspace: 6302K(6464K)->6302K(6464K) NonClass: 5769K(5824K)->5769K(5824K) Class: 533K(640K)->533K(640K)
[1.583s][info][gc             ] GC(56) Pause Full (Ergonomics) 240M->239M(317M) 91.332ms
[1.583s][info][gc,cpu         ] GC(56) User=0.36s Sys=0.02s Real=0.09s
[1.593s][info][gc,start       ] GC(57) Pause Young (Allocation Failure)
[1.615s][info][gc,heap        ] GC(57) PSYoungGen: 23632K(53760K)->14176K(53760K) Eden: 9728K(9728K)->0K(9728K) From: 13904K(44032K)->14176K(44032K)
[1.615s][info][gc,heap        ] GC(57) ParOldGen: 231701K(271360K)->241397K(271360K)
[1.615s][info][gc,metaspace   ] GC(57) Metaspace: 6302K(6464K)->6302K(6464K) NonClass: 5769K(5824K)->5769K(5824K) Class: 533K(640K)->533K(640K)
[1.615s][info][gc             ] GC(57) Pause Young (Allocation Failure) 249M->249M(317M) 21.273ms
[1.615s][info][gc,cpu         ] GC(57) User=0.06s Sys=0.02s Real=0.02s
[1.626s][info][gc,start       ] GC(58) Pause Young (Allocation Failure)
[1.639s][info][gc,heap        ] GC(58) PSYoungGen: 23904K(53760K)->19552K(49664K) Eden: 9728K(9728K)->0K(11264K) From: 14176K(44032K)->19552K(38400K)
[1.639s][info][gc,heap        ] GC(58) ParOldGen: 241397K(271360K)->245845K(271360K)
[1.639s][info][gc,metaspace   ] GC(58) Metaspace: 6302K(6464K)->6302K(6464K) NonClass: 5769K(5824K)->5769K(5824K) Class: 533K(640K)->533K(640K)
[1.639s][info][gc             ] GC(58) Pause Young (Allocation Failure) 259M->259M(313M) 12.714ms
[1.639s][info][gc,cpu         ] GC(58) User=0.00s Sys=0.00s Real=0.01s
[1.651s][info][gc,start       ] GC(59) Pause Young (Allocation Failure)
[1.668s][info][gc,heap        ] GC(59) PSYoungGen: 30816K(49664K)->21056K(51712K) Eden: 11264K(11264K)->0K(11264K) From: 19552K(38400K)->21056K(40448K)
[1.668s][info][gc,heap        ] GC(59) ParOldGen: 245845K(271360K)->255717K(271360K)
[1.668s][info][gc,metaspace   ] GC(59) Metaspace: 6302K(6464K)->6302K(6464K) NonClass: 5769K(5824K)->5769K(5824K) Class: 533K(640K)->533K(640K)
[1.668s][info][gc             ] GC(59) Pause Young (Allocation Failure) 270M->270M(315M) 16.701ms
[1.668s][info][gc,cpu         ] GC(59) User=0.02s Sys=0.00s Real=0.02s
[1.668s][info][gc,start       ] GC(60) Pause Full (Ergonomics)
[1.668s][info][gc,phases,start] GC(60) Marking Phase
[1.732s][info][gc,phases      ] GC(60) Marking Phase 63.785ms
[1.732s][info][gc,phases,start] GC(60) Summary Phase
[1.732s][info][gc,phases      ] GC(60) Summary Phase 0.024ms
[1.732s][info][gc,phases,start] GC(60) Adjust Roots
[1.732s][info][gc,phases      ] GC(60) Adjust Roots 0.149ms
[1.732s][info][gc,phases,start] GC(60) Compaction Phase
[1.763s][info][gc,phases      ] GC(60) Compaction Phase 31.384ms
[1.763s][info][gc,phases,start] GC(60) Post Compact
[1.765s][info][gc,phases      ] GC(60) Post Compact 1.562ms
[1.765s][info][gc,heap        ] GC(60) PSYoungGen: 21056K(51712K)->5094K(51712K) Eden: 0K(11264K)->0K(11264K) From: 21056K(40448K)->5094K(40448K)
[1.765s][info][gc,heap        ] GC(60) ParOldGen: 255717K(271360K)->271143K(313344K)
[1.765s][info][gc,metaspace   ] GC(60) Metaspace: 6302K(6464K)->6302K(6464K) NonClass: 5769K(5824K)->5769K(5824K) Class: 533K(640K)->533K(640K)
[1.765s][info][gc             ] GC(60) Pause Full (Ergonomics) 270M->269M(356M) 97.379ms
[1.765s][info][gc,cpu         ] GC(60) User=0.34s Sys=0.00s Real=0.10s
[1.778s][info][gc,start       ] GC(61) Pause Young (Allocation Failure)
[1.799s][info][gc,heap        ] GC(61) PSYoungGen: 16358K(51712K)->14240K(49664K) Eden: 11264K(11264K)->0K(12800K) From: 5094K(40448K)->14240K(36864K)
[1.799s][info][gc,heap        ] GC(61) ParOldGen: 271143K(313344K)->273463K(313344K)
[1.799s][info][gc,metaspace   ] GC(61) Metaspace: 6302K(6464K)->6302K(6464K) NonClass: 5769K(5824K)->5769K(5824K) Class: 533K(640K)->533K(640K)
[1.799s][info][gc             ] GC(61) Pause Young (Allocation Failure) 280M->280M(354M) 20.706ms
[1.799s][info][gc,cpu         ] GC(61) User=0.09s Sys=0.00s Real=0.02s
[1.813s][info][gc,start       ] GC(62) Pause Young (Allocation Failure)
[1.827s][info][gc,heap        ] GC(62) PSYoungGen: 27040K(49664K)->27008K(50688K) Eden: 12800K(12800K)->0K(12800K) From: 14240K(36864K)->27008K(37888K)
[1.827s][info][gc,heap        ] GC(62) ParOldGen: 273463K(313344K)->273463K(313344K)
[1.827s][info][gc,metaspace   ] GC(62) Metaspace: 6302K(6464K)->6302K(6464K) NonClass: 5769K(5824K)->5769K(5824K) Class: 533K(640K)->533K(640K)
[1.827s][info][gc             ] GC(62) Pause Young (Allocation Failure) 293M->293M(355M) 13.909ms
[1.827s][info][gc,cpu         ] GC(62) User=0.02s Sys=0.00s Real=0.01s
[1.842s][info][gc,start       ] GC(63) Pause Young (Allocation Failure)
[1.862s][info][gc,heap        ] GC(63) PSYoungGen: 39808K(50688K)->38912K(47616K) Eden: 12800K(12800K)->0K(8704K) From: 27008K(37888K)->38912K(38912K)
[1.862s][info][gc,heap        ] GC(63) ParOldGen: 273463K(313344K)->274279K(313344K)
[1.862s][info][gc,metaspace   ] GC(63) Metaspace: 6302K(6464K)->6302K(6464K) NonClass: 5769K(5824K)->5769K(5824K) Class: 533K(640K)->533K(640K)
[1.862s][info][gc             ] GC(63) Pause Young (Allocation Failure) 305M->305M(352M) 19.515ms
[1.862s][info][gc,cpu         ] GC(63) User=0.11s Sys=0.00s Real=0.02s
[1.872s][info][gc,start       ] GC(64) Pause Young (Allocation Failure)
[1.893s][info][gc,heap        ] GC(64) PSYoungGen: 47616K(47616K)->33888K(53248K) Eden: 8704K(8704K)->0K(8704K) From: 38912K(38912K)->33888K(44544K)
[1.893s][info][gc,heap        ] GC(64) ParOldGen: 274279K(313344K)->288311K(313344K)
[1.893s][info][gc,metaspace   ] GC(64) Metaspace: 6302K(6464K)->6302K(6464K) NonClass: 5769K(5824K)->5769K(5824K) Class: 533K(640K)->533K(640K)
[1.893s][info][gc             ] GC(64) Pause Young (Allocation Failure) 314M->314M(358M) 21.659ms
[1.894s][info][gc,cpu         ] GC(64) User=0.12s Sys=0.00s Real=0.02s
[1.904s][info][gc,start       ] GC(65) Pause Young (Allocation Failure)
[1.923s][info][gc,heap        ] GC(65) PSYoungGen: 42592K(53248K)->30016K(56832K) Eden: 8704K(8704K)->0K(10240K) From: 33888K(44544K)->30016K(46592K)
[1.923s][info][gc,heap        ] GC(65) ParOldGen: 288311K(313344K)->301047K(313344K)
[1.923s][info][gc,metaspace   ] GC(65) Metaspace: 6302K(6464K)->6302K(6464K) NonClass: 5769K(5824K)->5769K(5824K) Class: 533K(640K)->533K(640K)
[1.923s][info][gc             ] GC(65) Pause Young (Allocation Failure) 323M->323M(361M) 19.771ms
[1.923s][info][gc,cpu         ] GC(65) User=0.12s Sys=0.00s Real=0.02s
[1.923s][info][gc,start       ] GC(66) Pause Full (Ergonomics)
[1.923s][info][gc,phases,start] GC(66) Marking Phase
[2.000s][info][gc,phases      ] GC(66) Marking Phase 76.168ms
[2.000s][info][gc,phases,start] GC(66) Summary Phase
[2.000s][info][gc,phases      ] GC(66) Summary Phase 0.018ms
[2.000s][info][gc,phases,start] GC(66) Adjust Roots
[2.000s][info][gc,phases      ] GC(66) Adjust Roots 0.178ms
[2.000s][info][gc,phases,start] GC(66) Compaction Phase
[2.034s][info][gc,phases      ] GC(66) Compaction Phase 33.723ms
[2.034s][info][gc,phases,start] GC(66) Post Compact
[2.035s][info][gc,phases      ] GC(66) Post Compact 1.446ms
[2.035s][info][gc,heap        ] GC(66) PSYoungGen: 30016K(56832K)->17047K(56832K) Eden: 0K(10240K)->0K(10240K) From: 30016K(46592K)->17047K(46592K)
[2.035s][info][gc,heap        ] GC(66) ParOldGen: 301047K(313344K)->313304K(360448K)
[2.035s][info][gc,metaspace   ] GC(66) Metaspace: 6302K(6464K)->6302K(6464K) NonClass: 5769K(5824K)->5769K(5824K) Class: 533K(640K)->533K(640K)
[2.035s][info][gc             ] GC(66) Pause Full (Ergonomics) 323M->322M(407M) 112.039ms
[2.035s][info][gc,cpu         ] GC(66) User=0.67s Sys=0.00s Real=0.11s
[2.047s][info][gc,start       ] GC(67) Pause Young (Allocation Failure)
[2.074s][info][gc,heap        ] GC(67) PSYoungGen: 27287K(56832K)->15616K(56832K) Eden: 10240K(10240K)->0K(10240K) From: 17047K(46592K)->15616K(46592K)
[2.074s][info][gc,heap        ] GC(67) ParOldGen: 313304K(360448K)->325304K(360448K)
[2.074s][info][gc,metaspace   ] GC(67) Metaspace: 6302K(6464K)->6302K(6464K) NonClass: 5769K(5824K)->5769K(5824K) Class: 533K(640K)->533K(640K)
[2.074s][info][gc             ] GC(67) Pause Young (Allocation Failure) 332M->332M(407M) 26.423ms
[2.074s][info][gc,cpu         ] GC(67) User=0.12s Sys=0.00s Real=0.03s
[2.085s][info][gc,start       ] GC(68) Pause Young (Allocation Failure)
[2.099s][info][gc,heap        ] GC(68) PSYoungGen: 25856K(56832K)->20544K(53760K) Eden: 10240K(10240K)->0K(11776K) From: 15616K(46592K)->20544K(41984K)
[2.099s][info][gc,heap        ] GC(68) ParOldGen: 325304K(360448K)->330624K(360448K)
[2.100s][info][gc,metaspace   ] GC(68) Metaspace: 6302K(6464K)->6302K(6464K) NonClass: 5769K(5824K)->5769K(5824K) Class: 533K(640K)->533K(640K)
[2.100s][info][gc             ] GC(68) Pause Young (Allocation Failure) 342M->342M(404M) 14.074ms
[2.100s][info][gc,cpu         ] GC(68) User=0.02s Sys=0.00s Real=0.01s
[2.174s][info][gc,start       ] GC(69) Pause Full (Ergonomics)
[2.174s][info][gc,phases,start] GC(69) Marking Phase
[2.252s][info][gc,phases      ] GC(69) Marking Phase 78.021ms
[2.252s][info][gc,phases,start] GC(69) Summary Phase
[2.252s][info][gc,phases      ] GC(69) Summary Phase 0.019ms
[2.252s][info][gc,phases,start] GC(69) Adjust Roots
[2.253s][info][gc,phases      ] GC(69) Adjust Roots 0.161ms
[2.253s][info][gc,phases,start] GC(69) Compaction Phase
[2.318s][info][gc,phases      ] GC(69) Compaction Phase 65.383ms
[2.318s][info][gc,phases,start] GC(69) Post Compact
[2.320s][info][gc,phases      ] GC(69) Post Compact 1.866ms
[2.320s][info][gc,heap        ] GC(69) PSYoungGen: 32320K(53760K)->10706K(55296K) Eden: 11776K(11776K)->0K(13312K) From: 20544K(41984K)->10706K(41984K)
[2.320s][info][gc,heap        ] GC(69) ParOldGen: 347008K(360448K)->359997K(410112K)
[2.320s][info][gc,metaspace   ] GC(69) Metaspace: 6302K(6464K)->6302K(6464K) NonClass: 5769K(5824K)->5769K(5824K) Class: 533K(640K)->533K(640K)
[2.320s][info][gc             ] GC(69) Pause Full (Ergonomics) 370M->362M(454M) 146.037ms
[2.320s][info][gc,cpu         ] GC(69) User=0.75s Sys=0.00s Real=0.15s
[2.338s][info][gc,start       ] GC(70) Pause Young (Allocation Failure)
[2.364s][info][gc,heap        ] GC(70) PSYoungGen: 24018K(55296K)->19296K(57344K) Eden: 13312K(13312K)->0K(13312K) From: 10706K(41984K)->19296K(44032K)
[2.364s][info][gc,heap        ] GC(70) ParOldGen: 359997K(410112K)->364989K(410112K)
[2.364s][info][gc,metaspace   ] GC(70) Metaspace: 6302K(6464K)->6302K(6464K) NonClass: 5769K(5824K)->5769K(5824K) Class: 533K(640K)->533K(640K)
[2.364s][info][gc             ] GC(70) Pause Young (Allocation Failure) 375M->375M(456M) 26.398ms
[2.364s][info][gc,cpu         ] GC(70) User=0.14s Sys=0.00s Real=0.03s
[2.378s][info][gc,start       ] GC(71) Pause Young (Allocation Failure)
[2.395s][info][gc,heap        ] GC(71) PSYoungGen: 32608K(57344K)->32608K(55296K) Eden: 13312K(13312K)->0K(12800K) From: 19296K(44032K)->32608K(42496K)
[2.395s][info][gc,heap        ] GC(71) ParOldGen: 364989K(410112K)->364989K(410112K)
[2.395s][info][gc,metaspace   ] GC(71) Metaspace: 6302K(6464K)->6302K(6464K) NonClass: 5769K(5824K)->5769K(5824K) Class: 533K(640K)->533K(640K)
[2.395s][info][gc             ] GC(71) Pause Young (Allocation Failure) 388M->388M(454M) 16.509ms
[2.395s][info][gc,cpu         ] GC(71) User=0.02s Sys=0.00s Real=0.02s
[2.409s][info][gc,start       ] GC(72) Pause Young (Allocation Failure)
[2.430s][info][gc,heap        ] GC(72) PSYoungGen: 45408K(55296K)->44544K(57344K) Eden: 12800K(12800K)->0K(12800K) From: 32608K(42496K)->44544K(44544K)
[2.430s][info][gc,heap        ] GC(72) ParOldGen: 364989K(410112K)->365709K(410112K)
[2.430s][info][gc,metaspace   ] GC(72) Metaspace: 6302K(6464K)->6302K(6464K) NonClass: 5769K(5824K)->5769K(5824K) Class: 533K(640K)->533K(640K)
[2.430s][info][gc             ] GC(72) Pause Young (Allocation Failure) 400M->400M(456M) 21.300ms
[2.430s][info][gc,cpu         ] GC(72) User=0.11s Sys=0.00s Real=0.02s
[2.443s][info][gc,start       ] GC(73) Pause Young (Allocation Failure)
[2.470s][info][gc,heap        ] GC(73) PSYoungGen: 57344K(57344K)->38624K(61952K) Eden: 12800K(12800K)->0K(11776K) From: 44544K(44544K)->38624K(50176K)
[2.470s][info][gc,heap        ] GC(73) ParOldGen: 365709K(410112K)->384813K(410112K)
[2.470s][info][gc,metaspace   ] GC(73) Metaspace: 6302K(6464K)->6302K(6464K) NonClass: 5769K(5824K)->5769K(5824K) Class: 533K(640K)->533K(640K)
[2.470s][info][gc             ] GC(73) Pause Young (Allocation Failure) 413M->413M(461M) 26.751ms
[2.470s][info][gc,cpu         ] GC(73) User=0.14s Sys=0.00s Real=0.03s
[2.482s][info][gc,start       ] GC(74) Pause Young (Allocation Failure)
[2.506s][info][gc,heap        ] GC(74) PSYoungGen: 50400K(61952K)->37408K(64512K) Eden: 11776K(11776K)->0K(11776K) From: 38624K(50176K)->37408K(52736K)
[2.506s][info][gc,heap        ] GC(74) ParOldGen: 384813K(410112K)->397981K(410112K)
[2.506s][info][gc,metaspace   ] GC(74) Metaspace: 6302K(6464K)->6302K(6464K) NonClass: 5769K(5824K)->5769K(5824K) Class: 533K(640K)->533K(640K)
[2.507s][info][gc             ] GC(74) Pause Young (Allocation Failure) 425M->425M(463M) 24.738ms
[2.507s][info][gc,cpu         ] GC(74) User=0.12s Sys=0.00s Real=0.02s
[2.507s][info][gc,start       ] GC(75) Pause Full (Ergonomics)
[2.507s][info][gc,phases,start] GC(75) Marking Phase
[2.606s][info][gc,phases      ] GC(75) Marking Phase 99.079ms
[2.606s][info][gc,phases,start] GC(75) Summary Phase
[2.606s][info][gc,phases      ] GC(75) Summary Phase 0.019ms
[2.606s][info][gc,phases,start] GC(75) Adjust Roots
[2.606s][info][gc,phases      ] GC(75) Adjust Roots 0.152ms
[2.606s][info][gc,phases,start] GC(75) Compaction Phase
[2.658s][info][gc,phases      ] GC(75) Compaction Phase 51.718ms
[2.658s][info][gc,phases,start] GC(75) Post Compact
[2.660s][info][gc,phases      ] GC(75) Post Compact 2.020ms
[2.660s][info][gc,heap        ] GC(75) PSYoungGen: 37408K(64512K)->24930K(64512K) Eden: 0K(11776K)->0K(11776K) From: 37408K(52736K)->24930K(52736K)
[2.660s][info][gc,heap        ] GC(75) ParOldGen: 397981K(410112K)->409621K(465920K)
[2.660s][info][gc,metaspace   ] GC(75) Metaspace: 6302K(6464K)->6302K(6464K) NonClass: 5769K(5824K)->5769K(5824K) Class: 533K(640K)->533K(640K)
[2.660s][info][gc             ] GC(75) Pause Full (Ergonomics) 425M->424M(518M) 153.512ms
[2.660s][info][gc,cpu         ] GC(75) User=0.97s Sys=0.00s Real=0.15s
[2.672s][info][gc,start       ] GC(76) Pause Young (Allocation Failure)
[2.707s][info][gc,heap        ] GC(76) PSYoungGen: 36706K(64512K)->19776K(65024K) Eden: 11776K(11776K)->0K(13312K) From: 24930K(52736K)->19776K(51712K)
[2.707s][info][gc,heap        ] GC(76) ParOldGen: 409621K(465920K)->426949K(465920K)
[2.707s][info][gc,metaspace   ] GC(76) Metaspace: 6302K(6464K)->6302K(6464K) NonClass: 5769K(5824K)->5769K(5824K) Class: 533K(640K)->533K(640K)
[2.707s][info][gc             ] GC(76) Pause Young (Allocation Failure) 435M->436M(518M) 34.739ms
[2.707s][info][gc,cpu         ] GC(76) User=0.20s Sys=0.03s Real=0.03s
[2.721s][info][gc,start       ] GC(77) Pause Young (Allocation Failure)
[2.739s][info][gc,heap        ] GC(77) PSYoungGen: 33088K(65024K)->25216K(66048K) Eden: 13312K(13312K)->0K(13312K) From: 19776K(51712K)->25216K(52736K)
[2.739s][info][gc,heap        ] GC(77) ParOldGen: 426949K(465920K)->434925K(465920K)
[2.739s][info][gc,metaspace   ] GC(77) Metaspace: 6302K(6464K)->6302K(6464K) NonClass: 5769K(5824K)->5769K(5824K) Class: 533K(640K)->533K(640K)
[2.739s][info][gc             ] GC(77) Pause Young (Allocation Failure) 449M->449M(519M) 17.608ms
[2.739s][info][gc,cpu         ] GC(77) User=0.09s Sys=0.03s Real=0.02s
[2.753s][info][gc,start       ] GC(78) Pause Young (Allocation Failure)
[2.773s][info][gc,heap        ] GC(78) PSYoungGen: 38528K(66048K)->26688K(60928K) Eden: 13312K(13312K)->0K(15360K) From: 25216K(52736K)->26688K(45568K)
[2.773s][info][gc,heap        ] GC(78) ParOldGen: 434925K(465920K)->446861K(465920K)
[2.773s][info][gc,metaspace   ] GC(78) Metaspace: 6302K(6464K)->6302K(6464K) NonClass: 5769K(5824K)->5769K(5824K) Class: 533K(640K)->533K(640K)
[2.773s][info][gc             ] GC(78) Pause Young (Allocation Failure) 462M->462M(514M) 20.182ms
[2.773s][info][gc,cpu         ] GC(78) User=0.12s Sys=0.00s Real=0.02s
[2.773s][info][gc,start       ] GC(79) Pause Full (Ergonomics)
[2.773s][info][gc,phases,start] GC(79) Marking Phase
[2.881s][info][gc,phases      ] GC(79) Marking Phase 107.815ms
[2.881s][info][gc,phases,start] GC(79) Summary Phase
[2.881s][info][gc,phases      ] GC(79) Summary Phase 0.020ms
[2.881s][info][gc,phases,start] GC(79) Adjust Roots
[2.881s][info][gc,phases      ] GC(79) Adjust Roots 0.153ms
[2.881s][info][gc,phases,start] GC(79) Compaction Phase
[2.932s][info][gc,phases      ] GC(79) Compaction Phase 50.627ms
[2.932s][info][gc,phases,start] GC(79) Post Compact
[2.935s][info][gc,phases      ] GC(79) Post Compact 2.727ms
[2.935s][info][gc,heap        ] GC(79) PSYoungGen: 26688K(60928K)->7145K(62976K) Eden: 0K(15360K)->0K(17408K) From: 26688K(45568K)->7145K(45568K)
[2.935s][info][gc,heap        ] GC(79) ParOldGen: 446861K(465920K)->465713K(525824K)
[2.935s][info][gc,metaspace   ] GC(79) Metaspace: 6302K(6464K)->6302K(6464K) NonClass: 5769K(5824K)->5769K(5824K) Class: 533K(640K)->533K(640K)
[2.935s][info][gc             ] GC(79) Pause Full (Ergonomics) 462M->461M(575M) 161.960ms
[2.935s][info][gc,cpu         ] GC(79) User=1.02s Sys=0.00s Real=0.16s
[2.955s][info][gc,start       ] GC(80) Pause Young (Allocation Failure)
[2.988s][info][gc,heap        ] GC(80) PSYoungGen: 24553K(62976K)->20800K(65536K) Eden: 17408K(17408K)->0K(17408K) From: 7145K(45568K)->20800K(48128K)
[2.988s][info][gc,heap        ] GC(80) ParOldGen: 465713K(525824K)->469769K(525824K)
[2.988s][info][gc,metaspace   ] GC(80) Metaspace: 6302K(6464K)->6302K(6464K) NonClass: 5769K(5824K)->5769K(5824K) Class: 533K(640K)->533K(640K)
[2.988s][info][gc             ] GC(80) Pause Young (Allocation Failure) 478M->479M(577M) 32.428ms
[2.988s][info][gc,cpu         ] GC(80) User=0.16s Sys=0.00s Real=0.03s
[3.006s][info][gc,start       ] GC(81) Pause Young (Allocation Failure)
[3.027s][info][gc,heap        ] GC(81) PSYoungGen: 38208K(65536K)->38144K(64000K) Eden: 17408K(17408K)->0K(16896K) From: 20800K(48128K)->38144K(47104K)
[3.027s][info][gc,heap        ] GC(81) ParOldGen: 469769K(525824K)->469769K(525824K)
[3.027s][info][gc,metaspace   ] GC(81) Metaspace: 6302K(6464K)->6302K(6464K) NonClass: 5769K(5824K)->5769K(5824K) Class: 533K(640K)->533K(640K)
[3.027s][info][gc             ] GC(81) Pause Young (Allocation Failure) 496M->496M(576M) 20.700ms
[3.027s][info][gc,cpu         ] GC(81) User=0.11s Sys=0.00s Real=0.02s
[3.046s][info][gc,start       ] GC(82) Pause Young (Allocation Failure)
[3.073s][info][gc,heap        ] GC(82) PSYoungGen: 55040K(64000K)->49664K(66560K) Eden: 16896K(16896K)->0K(16896K) From: 38144K(47104K)->49664K(49664K)
[3.073s][info][gc,heap        ] GC(82) ParOldGen: 469769K(525824K)->475113K(525824K)
[3.073s][info][gc,metaspace   ] GC(82) Metaspace: 6302K(6464K)->6302K(6464K) NonClass: 5769K(5824K)->5769K(5824K) Class: 533K(640K)->533K(640K)
[3.073s][info][gc             ] GC(82) Pause Young (Allocation Failure) 512M->512M(578M) 27.824ms
[3.073s][info][gc,cpu         ] GC(82) User=0.12s Sys=0.00s Real=0.03s
[3.092s][info][gc,start       ] GC(83) Pause Young (Allocation Failure)
[3.124s][info][gc,heap        ] GC(83) PSYoungGen: 66560K(66560K)->47904K(72192K) Eden: 16896K(16896K)->0K(14848K) From: 49664K(49664K)->47904K(57344K)
[3.124s][info][gc,heap        ] GC(83) ParOldGen: 475113K(525824K)->494193K(525824K)
[3.124s][info][gc,metaspace   ] GC(83) Metaspace: 6302K(6464K)->6302K(6464K) NonClass: 5769K(5824K)->5769K(5824K) Class: 533K(640K)->533K(640K)
[3.124s][info][gc             ] GC(83) Pause Young (Allocation Failure) 528M->529M(584M) 32.534ms
[3.124s][info][gc,cpu         ] GC(83) User=0.12s Sys=0.00s Real=0.03s
[3.142s][info][gc,start       ] GC(84) Pause Young (Allocation Failure)
[3.173s][info][gc,heap        ] GC(84) PSYoungGen: 62752K(72192K)->47712K(76288K) Eden: 14848K(14848K)->0K(14848K) From: 47904K(57344K)->47712K(61440K)
[3.173s][info][gc,heap        ] GC(84) ParOldGen: 494193K(525824K)->509401K(525824K)
[3.173s][info][gc,metaspace   ] GC(84) Metaspace: 6302K(6464K)->6302K(6464K) NonClass: 5769K(5824K)->5769K(5824K) Class: 533K(640K)->533K(640K)
[3.173s][info][gc             ] GC(84) Pause Young (Allocation Failure) 543M->544M(588M) 31.462ms
[3.173s][info][gc,cpu         ] GC(84) User=0.11s Sys=0.00s Real=0.03s
[3.173s][info][gc,start       ] GC(85) Pause Full (Ergonomics)
[3.173s][info][gc,phases,start] GC(85) Marking Phase
[3.303s][info][gc,phases      ] GC(85) Marking Phase 130.234ms
[3.304s][info][gc,phases,start] GC(85) Summary Phase
[3.304s][info][gc,phases      ] GC(85) Summary Phase 0.027ms
[3.304s][info][gc,phases,start] GC(85) Adjust Roots
[3.304s][info][gc,phases      ] GC(85) Adjust Roots 0.155ms
[3.304s][info][gc,phases,start] GC(85) Compaction Phase
[3.359s][info][gc,phases      ] GC(85) Compaction Phase 55.604ms
[3.359s][info][gc,phases,start] GC(85) Post Compact
[3.360s][info][gc,phases      ] GC(85) Post Compact 0.932ms
[3.361s][info][gc,heap        ] GC(85) PSYoungGen: 47712K(76288K)->30622K(76288K) Eden: 0K(14848K)->0K(14848K) From: 47712K(61440K)->30622K(61440K)
[3.361s][info][gc,heap        ] GC(85) ParOldGen: 509401K(525824K)->525541K(591360K)
[3.361s][info][gc,metaspace   ] GC(85) Metaspace: 6302K(6464K)->6302K(6464K) NonClass: 5769K(5824K)->5769K(5824K) Class: 533K(640K)->533K(640K)
[3.361s][info][gc             ] GC(85) Pause Full (Ergonomics) 544M->543M(652M) 187.477ms
[3.361s][info][gc,cpu         ] GC(85) User=1.31s Sys=0.00s Real=0.19s
[3.378s][info][gc,start       ] GC(86) Pause Young (Allocation Failure)
[3.421s][info][gc,heap        ] GC(86) PSYoungGen: 45470K(76288K)->35744K(75776K) Eden: 14848K(14848K)->0K(16384K) From: 30622K(61440K)->35744K(59392K)
[3.421s][info][gc,heap        ] GC(86) ParOldGen: 525541K(591360K)->535621K(591360K)
[3.421s][info][gc,metaspace   ] GC(86) Metaspace: 6302K(6464K)->6302K(6464K) NonClass: 5769K(5824K)->5769K(5824K) Class: 533K(640K)->533K(640K)
[3.421s][info][gc             ] GC(86) Pause Young (Allocation Failure) 557M->557M(651M) 43.609ms
[3.421s][info][gc,cpu         ] GC(86) User=0.25s Sys=0.00s Real=0.04s
[3.440s][info][gc,start       ] GC(87) Pause Young (Allocation Failure)
[3.466s][info][gc,heap        ] GC(87) PSYoungGen: 52128K(75776K)->40832K(78336K) Eden: 16384K(16384K)->0K(16384K) From: 35744K(59392K)->40832K(61952K)
[3.466s][info][gc,heap        ] GC(87) ParOldGen: 535621K(591360K)->547021K(591360K)
[3.466s][info][gc,metaspace   ] GC(87) Metaspace: 6302K(6464K)->6302K(6464K) NonClass: 5769K(5824K)->5769K(5824K) Class: 533K(640K)->533K(640K)
[3.466s][info][gc             ] GC(87) Pause Young (Allocation Failure) 573M->574M(654M) 26.310ms
[3.466s][info][gc,cpu         ] GC(87) User=0.09s Sys=0.03s Real=0.03s
[3.485s][info][gc,start       ] GC(88) Pause Young (Allocation Failure)
[3.514s][info][gc,heap        ] GC(88) PSYoungGen: 57216K(78336K)->47776K(78336K) Eden: 16384K(16384K)->0K(16384K) From: 40832K(61952K)->47776K(61952K)
[3.514s][info][gc,heap        ] GC(88) ParOldGen: 547021K(591360K)->556661K(591360K)
[3.514s][info][gc,metaspace   ] GC(88) Metaspace: 6302K(6464K)->6302K(6464K) NonClass: 5769K(5824K)->5769K(5824K) Class: 533K(640K)->533K(640K)
[3.514s][info][gc             ] GC(88) Pause Young (Allocation Failure) 590M->590M(654M) 28.619ms
[3.514s][info][gc,cpu         ] GC(88) User=0.11s Sys=0.00s Real=0.03s
[3.533s][info][gc,start       ] GC(89) Pause Young (Allocation Failure)
[3.567s][info][gc,heap        ] GC(89) PSYoungGen: 64160K(78336K)->49312K(80384K) Eden: 16384K(16384K)->0K(16384K) From: 47776K(61952K)->49312K(64000K)
[3.567s][info][gc,heap        ] GC(89) ParOldGen: 556661K(591360K)->571717K(591360K)
[3.567s][info][gc,metaspace   ] GC(89) Metaspace: 6302K(6464K)->6302K(6464K) NonClass: 5769K(5824K)->5769K(5824K) Class: 533K(640K)->533K(640K)
[3.567s][info][gc             ] GC(89) Pause Young (Allocation Failure) 606M->606M(656M) 33.817ms
[3.567s][info][gc,cpu         ] GC(89) User=0.12s Sys=0.02s Real=0.03s
[3.567s][info][gc,start       ] GC(90) Pause Full (Ergonomics)
[3.567s][info][gc,phases,start] GC(90) Marking Phase
[3.692s][info][gc,phases      ] GC(90) Marking Phase 125.287ms
[3.692s][info][gc,phases,start] GC(90) Summary Phase
[3.692s][info][gc,phases      ] GC(90) Summary Phase 0.029ms
[3.692s][info][gc,phases,start] GC(90) Adjust Roots
[3.692s][info][gc,phases      ] GC(90) Adjust Roots 0.234ms
[3.693s][info][gc,phases,start] GC(90) Compaction Phase
[3.756s][info][gc,phases      ] GC(90) Compaction Phase 63.328ms
[3.756s][info][gc,phases,start] GC(90) Post Compact
[3.757s][info][gc,phases      ] GC(90) Post Compact 1.201ms
[3.758s][info][gc,heap        ] GC(90) PSYoungGen: 49312K(80384K)->29128K(80384K) Eden: 0K(16384K)->0K(16384K) From: 49312K(64000K)->29128K(64000K)
[3.758s][info][gc,heap        ] GC(90) ParOldGen: 571717K(591360K)->590911K(659456K)
[3.758s][info][gc,metaspace   ] GC(90) Metaspace: 6302K(6464K)->6302K(6464K) NonClass: 5769K(5824K)->5769K(5824K) Class: 533K(640K)->533K(640K)
[3.758s][info][gc             ] GC(90) Pause Full (Ergonomics) 606M->605M(722M) 190.755ms
[3.758s][info][gc,cpu         ] GC(90) User=1.22s Sys=0.03s Real=0.19s
[3.779s][info][gc,start       ] GC(91) Pause Young (Allocation Failure)
[3.825s][info][gc,heap        ] GC(91) PSYoungGen: 45512K(80384K)->26272K(82432K) Eden: 16384K(16384K)->0K(18432K) From: 29128K(64000K)->26272K(64000K)
[3.825s][info][gc,heap        ] GC(91) ParOldGen: 590911K(659456K)->610599K(659456K)
[3.825s][info][gc,metaspace   ] GC(91) Metaspace: 6302K(6464K)->6302K(6464K) NonClass: 5769K(5824K)->5769K(5824K) Class: 533K(640K)->533K(640K)
[3.825s][info][gc             ] GC(91) Pause Young (Allocation Failure) 621M->621M(724M) 46.632ms
[3.825s][info][gc,cpu         ] GC(91) User=0.27s Sys=0.00s Real=0.05s
[3.849s][info][gc,start       ] GC(92) Pause Young (Allocation Failure)
[3.873s][info][gc,heap        ] GC(92) PSYoungGen: 44704K(82432K)->34944K(53760K) Eden: 18432K(18432K)->0K(18432K) From: 26272K(64000K)->34944K(35328K)
[3.873s][info][gc,heap        ] GC(92) ParOldGen: 610599K(659456K)->620471K(659456K)
[3.873s][info][gc,metaspace   ] GC(92) Metaspace: 6302K(6464K)->6302K(6464K) NonClass: 5769K(5824K)->5769K(5824K) Class: 533K(640K)->533K(640K)
[3.874s][info][gc             ] GC(92) Pause Young (Allocation Failure) 639M->640M(696M) 24.358ms
[3.874s][info][gc,cpu         ] GC(92) User=0.11s Sys=0.00s Real=0.02s
[3.895s][info][gc,start       ] GC(93) Pause Young (Allocation Failure)
[3.922s][info][gc,heap        ] GC(93) PSYoungGen: 53376K(53760K)->37056K(79872K) Eden: 18432K(18432K)->0K(20992K) From: 34944K(35328K)->37056K(58880K)
[3.922s][info][gc,heap        ] GC(93) ParOldGen: 620471K(659456K)->637079K(659456K)
[3.922s][info][gc,metaspace   ] GC(93) Metaspace: 6302K(6464K)->6302K(6464K) NonClass: 5769K(5824K)->5769K(5824K) Class: 533K(640K)->533K(640K)
[3.922s][info][gc             ] GC(93) Pause Young (Allocation Failure) 658M->658M(722M) 27.561ms
[3.922s][info][gc,cpu         ] GC(93) User=0.14s Sys=0.00s Real=0.03s
[3.923s][info][gc,start       ] GC(94) Pause Full (Ergonomics)
[3.923s][info][gc,phases,start] GC(94) Marking Phase
[4.076s][info][gc,phases      ] GC(94) Marking Phase 153.718ms
[4.076s][info][gc,phases,start] GC(94) Summary Phase
[4.076s][info][gc,phases      ] GC(94) Summary Phase 0.021ms
[4.076s][info][gc,phases,start] GC(94) Adjust Roots
[4.076s][info][gc,phases      ] GC(94) Adjust Roots 0.155ms
[4.077s][info][gc,phases,start] GC(94) Compaction Phase
[4.139s][info][gc,phases      ] GC(94) Compaction Phase 62.447ms
[4.139s][info][gc,phases,start] GC(94) Post Compact
[4.140s][info][gc,phases      ] GC(94) Post Compact 1.171ms
[4.140s][info][gc,heap        ] GC(94) PSYoungGen: 37056K(79872K)->13807K(81408K) Eden: 0K(20992K)->0K(22528K) From: 37056K(58880K)->13807K(58880K)
[4.141s][info][gc,heap        ] GC(94) ParOldGen: 637079K(659456K)->659387K(735232K)
[4.141s][info][gc,metaspace   ] GC(94) Metaspace: 6302K(6464K)->6302K(6464K) NonClass: 5769K(5824K)->5769K(5824K) Class: 533K(640K)->533K(640K)
[4.141s][info][gc             ] GC(94) Pause Full (Ergonomics) 658M->657M(797M) 218.053ms
[4.141s][info][gc,cpu         ] GC(94) User=1.47s Sys=0.00s Real=0.22s
[4.170s][info][gc,start       ] GC(95) Pause Young (Allocation Failure)
[4.218s][info][gc,heap        ] GC(95) PSYoungGen: 36335K(81408K)->31072K(82944K) Eden: 22528K(22528K)->0K(22528K) From: 13807K(58880K)->31072K(60416K)
[4.218s][info][gc,heap        ] GC(95) ParOldGen: 659387K(735232K)->664931K(735232K)
[4.218s][info][gc,metaspace   ] GC(95) Metaspace: 6302K(6464K)->6302K(6464K) NonClass: 5769K(5824K)->5769K(5824K) Class: 533K(640K)->533K(640K)
[4.218s][info][gc             ] GC(95) Pause Young (Allocation Failure) 679M->679M(799M) 47.419ms
[4.218s][info][gc,cpu         ] GC(95) User=0.23s Sys=0.02s Real=0.05s
[4.371s][info][gc,start       ] GC(96) Pause Young (Allocation Failure)
[4.413s][info][gc,heap        ] GC(96) PSYoungGen: 53600K(82944K)->53600K(79872K) Eden: 22528K(22528K)->0K(20992K) From: 31072K(60416K)->53600K(58880K)
[4.413s][info][gc,heap        ] GC(96) ParOldGen: 697699K(735232K)->697699K(735232K)
[4.413s][info][gc,metaspace   ] GC(96) Metaspace: 6302K(6464K)->6302K(6464K) NonClass: 5769K(5824K)->5769K(5824K) Class: 533K(640K)->533K(640K)
[4.413s][info][gc             ] GC(96) Pause Young (Allocation Failure) 733M->733M(796M) 42.448ms
[4.413s][info][gc,cpu         ] GC(96) User=0.20s Sys=0.00s Real=0.04s
[4.435s][info][gc,start       ] GC(97) Pause Young (Allocation Failure)
[4.473s][info][gc,heap        ] GC(97) PSYoungGen: 74592K(79872K)->62976K(83968K) Eden: 20992K(20992K)->0K(20992K) From: 53600K(58880K)->62976K(62976K)
[4.473s][info][gc,heap        ] GC(97) ParOldGen: 697699K(735232K)->709379K(735232K)
[4.473s][info][gc,metaspace   ] GC(97) Metaspace: 6302K(6464K)->6302K(6464K) NonClass: 5769K(5824K)->5769K(5824K) Class: 533K(640K)->533K(640K)
[4.473s][info][gc             ] GC(97) Pause Young (Allocation Failure) 754M->754M(800M) 38.254ms
[4.473s][info][gc,cpu         ] GC(97) User=0.22s Sys=0.00s Real=0.04s
[4.495s][info][gc,start       ] GC(98) Pause Young (Allocation Failure)
[4.539s][info][gc,heap        ] GC(98) PSYoungGen: 83968K(83968K)->58464K(94720K) Eden: 20992K(20992K)->0K(20480K) From: 62976K(62976K)->58464K(74240K)
[4.539s][info][gc,heap        ] GC(98) ParOldGen: 709379K(735232K)->735323K(735744K)
[4.539s][info][gc,metaspace   ] GC(98) Metaspace: 6302K(6464K)->6302K(6464K) NonClass: 5769K(5824K)->5769K(5824K) Class: 533K(640K)->533K(640K)
[4.539s][info][gc             ] GC(98) Pause Young (Allocation Failure) 774M->775M(811M) 43.380ms
[4.539s][info][gc,cpu         ] GC(98) User=0.38s Sys=0.00s Real=0.04s
[4.539s][info][gc,start       ] GC(99) Pause Full (Ergonomics)
[4.539s][info][gc,phases,start] GC(99) Marking Phase
[4.721s][info][gc,phases      ] GC(99) Marking Phase 182.445ms
[4.721s][info][gc,phases,start] GC(99) Summary Phase
[4.721s][info][gc,phases      ] GC(99) Summary Phase 0.045ms
[4.721s][info][gc,phases,start] GC(99) Adjust Roots
[4.722s][info][gc,phases      ] GC(99) Adjust Roots 0.221ms
[4.722s][info][gc,phases,start] GC(99) Compaction Phase
[4.859s][info][gc,phases      ] GC(99) Compaction Phase 136.836ms
[4.859s][info][gc,phases,start] GC(99) Post Compact
[4.860s][info][gc,phases      ] GC(99) Post Compact 1.607ms
[4.861s][info][gc,heap        ] GC(99) PSYoungGen: 58464K(94720K)->40851K(94720K) Eden: 0K(20480K)->0K(20480K) From: 58464K(74240K)->40851K(74240K)
[4.861s][info][gc,heap        ] GC(99) ParOldGen: 735323K(735744K)->735640K(819712K)
[4.861s][info][gc,metaspace   ] GC(99) Metaspace: 6302K(6464K)->6302K(6464K) NonClass: 5769K(5824K)->5769K(5824K) Class: 533K(640K)->533K(640K)
[4.861s][info][gc             ] GC(99) Pause Full (Ergonomics) 775M->758M(893M) 321.879ms
[4.861s][info][gc,cpu         ] GC(99) User=2.16s Sys=0.02s Real=0.32s
[4.885s][info][gc,start       ] GC(100) Pause Young (Allocation Failure)
[4.942s][info][gc,heap        ] GC(100) PSYoungGen: 61331K(94720K)->48480K(97792K) Eden: 20480K(20480K)->0K(20480K) From: 40851K(74240K)->48480K(77312K)
[4.942s][info][gc,heap        ] GC(100) ParOldGen: 735640K(819712K)->748928K(819712K)
[4.942s][info][gc,metaspace   ] GC(100) Metaspace: 6302K(6464K)->6302K(6464K) NonClass: 5769K(5824K)->5769K(5824K) Class: 533K(640K)->533K(640K)
[4.942s][info][gc             ] GC(100) Pause Young (Allocation Failure) 778M->778M(896M) 56.627ms
[4.942s][info][gc,cpu         ] GC(100) User=0.47s Sys=0.00s Real=0.06s
[4.964s][info][gc,start       ] GC(101) Pause Young (Allocation Failure)
[4.998s][info][gc,heap        ] GC(101) PSYoungGen: 68960K(97792K)->68928K(92672K) Eden: 20480K(20480K)->0K(16384K) From: 48480K(77312K)->68928K(76288K)
[4.998s][info][gc,heap        ] GC(101) ParOldGen: 748928K(819712K)->748928K(819712K)
[4.998s][info][gc,metaspace   ] GC(101) Metaspace: 6302K(6464K)->6302K(6464K) NonClass: 5769K(5824K)->5769K(5824K) Class: 533K(640K)->533K(640K)
[4.998s][info][gc             ] GC(101) Pause Young (Allocation Failure) 798M->798M(891M) 33.799ms
[4.998s][info][gc,cpu         ] GC(101) User=0.22s Sys=0.05s Real=0.03s
[5.016s][info][gc,start       ] GC(102) Pause Young (Allocation Failure)
[5.056s][info][gc,heap        ] GC(102) PSYoungGen: 85312K(92672K)->72288K(98816K) Eden: 16384K(16384K)->0K(16384K) From: 68928K(76288K)->72288K(82432K)
[5.056s][info][gc,heap        ] GC(102) ParOldGen: 748928K(819712K)->762176K(819712K)
[5.056s][info][gc,metaspace   ] GC(102) Metaspace: 6302K(6464K)->6302K(6464K) NonClass: 5769K(5824K)->5769K(5824K) Class: 533K(640K)->533K(640K)
[5.056s][info][gc             ] GC(102) Pause Young (Allocation Failure) 814M->814M(897M) 39.786ms
[5.056s][info][gc,cpu         ] GC(102) User=0.25s Sys=0.00s Real=0.04s
[5.073s][info][gc,start       ] GC(103) Pause Young (Allocation Failure)
[5.115s][info][gc,heap        ] GC(103) PSYoungGen: 88672K(98816K)->73888K(101888K) Eden: 16384K(16384K)->0K(13312K) From: 72288K(82432K)->73888K(88576K)
[5.115s][info][gc,heap        ] GC(103) ParOldGen: 762176K(819712K)->777128K(819712K)
[5.115s][info][gc,metaspace   ] GC(103) Metaspace: 6302K(6464K)->6302K(6464K) NonClass: 5769K(5824K)->5769K(5824K) Class: 533K(640K)->533K(640K)
[5.115s][info][gc             ] GC(103) Pause Young (Allocation Failure) 830M->831M(900M) 41.638ms
[5.115s][info][gc,cpu         ] GC(103) User=0.25s Sys=0.00s Real=0.04s
[5.130s][info][gc,start       ] GC(104) Pause Young (Allocation Failure)
[5.172s][info][gc,heap        ] GC(104) PSYoungGen: 87200K(101888K)->46240K(59904K) Eden: 13312K(13312K)->0K(13312K) From: 73888K(88576K)->46240K(46592K)
[5.172s][info][gc,heap        ] GC(104) ParOldGen: 777128K(819712K)->818616K(819712K)
[5.172s][info][gc,metaspace   ] GC(104) Metaspace: 6302K(6464K)->6302K(6464K) NonClass: 5769K(5824K)->5769K(5824K) Class: 533K(640K)->533K(640K)
[5.172s][info][gc             ] GC(104) Pause Young (Allocation Failure) 844M->844M(859M) 42.055ms
[5.172s][info][gc,cpu         ] GC(104) User=0.27s Sys=0.00s Real=0.04s
[5.172s][info][gc,start       ] GC(105) Pause Full (Ergonomics)
[5.172s][info][gc,phases,start] GC(105) Marking Phase
[5.363s][info][gc,phases      ] GC(105) Marking Phase 191.078ms
[5.363s][info][gc,phases,start] GC(105) Summary Phase
[5.363s][info][gc,phases      ] GC(105) Summary Phase 0.024ms
[5.363s][info][gc,phases,start] GC(105) Adjust Roots
[5.363s][info][gc,phases      ] GC(105) Adjust Roots 0.153ms
[5.363s][info][gc,phases,start] GC(105) Compaction Phase
[5.460s][info][gc,phases      ] GC(105) Compaction Phase 97.104ms
[5.460s][info][gc,phases,start] GC(105) Post Compact
[5.462s][info][gc,phases      ] GC(105) Post Compact 1.649ms
[5.463s][info][gc,heap        ] GC(105) PSYoungGen: 46240K(59904K)->43944K(59904K) Eden: 0K(13312K)->0K(13312K) From: 46240K(46592K)->43944K(46592K)
[5.463s][info][gc,heap        ] GC(105) ParOldGen: 818616K(819712K)->819435K(916992K)
[5.463s][info][gc,metaspace   ] GC(105) Metaspace: 6302K(6464K)->6302K(6464K) NonClass: 5769K(5824K)->5769K(5824K) Class: 533K(640K)->533K(640K)
[5.463s][info][gc             ] GC(105) Pause Full (Ergonomics) 844M->843M(954M) 290.881ms
[5.463s][info][gc,cpu         ] GC(105) User=1.86s Sys=0.00s Real=0.29s
[5.477s][info][gc,start       ] GC(106) Pause Young (Allocation Failure)
[5.537s][info][gc,heap        ] GC(106) PSYoungGen: 57256K(59904K)->26112K(105984K) Eden: 13312K(13312K)->0K(15360K) From: 43944K(46592K)->26112K(90624K)
[5.537s][info][gc,heap        ] GC(106) ParOldGen: 819435K(916992K)->851163K(916992K)
[5.537s][info][gc,metaspace   ] GC(106) Metaspace: 6302K(6464K)->6302K(6464K) NonClass: 5769K(5824K)->5769K(5824K) Class: 533K(640K)->533K(640K)
[5.537s][info][gc             ] GC(106) Pause Young (Allocation Failure) 856M->856M(999M) 60.189ms
[5.538s][info][gc,cpu         ] GC(106) User=0.36s Sys=0.00s Real=0.06s
[5.554s][info][gc,start       ] GC(107) Pause Young (Allocation Failure)
[5.578s][info][gc,heap        ] GC(107) PSYoungGen: 41472K(105984K)->28800K(105984K) Eden: 15360K(15360K)->0K(15360K) From: 26112K(90624K)->28800K(90624K)
[5.578s][info][gc,heap        ] GC(107) ParOldGen: 851163K(916992K)->864035K(916992K)
[5.578s][info][gc,metaspace   ] GC(107) Metaspace: 6302K(6464K)->6302K(6464K) NonClass: 5769K(5824K)->5769K(5824K) Class: 533K(640K)->533K(640K)
[5.578s][info][gc             ] GC(107) Pause Young (Allocation Failure) 871M->871M(999M) 23.666ms
[5.578s][info][gc,cpu         ] GC(107) User=0.14s Sys=0.00s Real=0.02s
[5.595s][info][gc,start       ] GC(108) Pause Young (Allocation Failure)
[5.620s][info][gc,heap        ] GC(108) PSYoungGen: 44160K(105984K)->30848K(103936K) Eden: 15360K(15360K)->0K(17408K) From: 28800K(90624K)->30848K(86528K)
[5.620s][info][gc,heap        ] GC(108) ParOldGen: 864035K(916992K)->877531K(916992K)
[5.621s][info][gc,metaspace   ] GC(108) Metaspace: 6302K(6464K)->6302K(6464K) NonClass: 5769K(5824K)->5769K(5824K) Class: 533K(640K)->533K(640K)
[5.621s][info][gc             ] GC(108) Pause Young (Allocation Failure) 886M->887M(997M) 25.529ms
[5.621s][info][gc,cpu         ] GC(108) User=0.00s Sys=0.00s Real=0.03s
[5.640s][info][gc,start       ] GC(109) Pause Young (Allocation Failure)
[5.667s][info][gc,heap        ] GC(109) PSYoungGen: 48256K(103936K)->32896K(50688K) Eden: 17408K(17408K)->0K(17408K) From: 30848K(86528K)->32896K(33280K)
[5.667s][info][gc,heap        ] GC(109) ParOldGen: 877531K(916992K)->893107K(916992K)
[5.667s][info][gc,metaspace   ] GC(109) Metaspace: 6302K(6464K)->6302K(6464K) NonClass: 5769K(5824K)->5769K(5824K) Class: 533K(640K)->533K(640K)
[5.667s][info][gc             ] GC(109) Pause Young (Allocation Failure) 904M->904M(945M) 26.746ms
[5.667s][info][gc,cpu         ] GC(109) User=0.05s Sys=0.00s Real=0.03s
[5.667s][info][gc,start       ] GC(110) Pause Full (Ergonomics)
[5.667s][info][gc,phases,start] GC(110) Marking Phase
[5.881s][info][gc,phases      ] GC(110) Marking Phase 213.680ms
[5.881s][info][gc,phases,start] GC(110) Summary Phase
[5.881s][info][gc,phases      ] GC(110) Summary Phase 0.024ms
[5.881s][info][gc,phases,start] GC(110) Adjust Roots
[5.881s][info][gc,phases      ] GC(110) Adjust Roots 0.154ms
[5.881s][info][gc,phases,start] GC(110) Compaction Phase
[5.972s][info][gc,phases      ] GC(110) Compaction Phase 91.263ms
[5.973s][info][gc,phases,start] GC(110) Post Compact
[5.974s][info][gc,phases      ] GC(110) Post Compact 1.501ms
[5.974s][info][gc,heap        ] GC(110) PSYoungGen: 32896K(50688K)->8173K(50688K) Eden: 0K(17408K)->0K(17408K) From: 32896K(33280K)->8173K(33280K)
[5.975s][info][gc,heap        ] GC(110) ParOldGen: 893107K(916992K)->916518K(1019904K)
[5.975s][info][gc,metaspace   ] GC(110) Metaspace: 6302K(6464K)->6302K(6464K) NonClass: 5769K(5824K)->5769K(5824K) Class: 533K(640K)->533K(640K)
[5.975s][info][gc             ] GC(110) Pause Full (Ergonomics) 904M->903M(1045M) 307.335ms
[5.975s][info][gc,cpu         ] GC(110) User=2.25s Sys=0.00s Real=0.31s
[5.995s][info][gc,start       ] GC(111) Pause Young (Allocation Failure)
[6.047s][info][gc,heap        ] GC(111) PSYoungGen: 25581K(50688K)->17568K(104448K) Eden: 17408K(17408K)->0K(18944K) From: 8173K(33280K)->17568K(85504K)
[6.047s][info][gc,heap        ] GC(111) ParOldGen: 916518K(1019904K)->924822K(1019904K)
[6.047s][info][gc,metaspace   ] GC(111) Metaspace: 6302K(6464K)->6302K(6464K) NonClass: 5769K(5824K)->5769K(5824K) Class: 533K(640K)->533K(640K)
[6.047s][info][gc             ] GC(111) Pause Young (Allocation Failure) 920M->920M(1098M) 51.866ms
[6.047s][info][gc,cpu         ] GC(111) User=0.27s Sys=0.00s Real=0.05s
[6.068s][info][gc,start       ] GC(112) Pause Young (Allocation Failure)
[6.090s][info][gc,heap        ] GC(112) PSYoungGen: 36512K(104448K)->36544K(55808K) Eden: 18944K(18944K)->0K(18944K) From: 17568K(85504K)->36544K(36864K)
[6.090s][info][gc,heap        ] GC(112) ParOldGen: 924822K(1019904K)->924822K(1019904K)
[6.090s][info][gc,metaspace   ] GC(112) Metaspace: 6302K(6464K)->6302K(6464K) NonClass: 5769K(5824K)->5769K(5824K) Class: 533K(640K)->533K(640K)
[6.090s][info][gc             ] GC(112) Pause Young (Allocation Failure) 938M->938M(1050M) 21.806ms
[6.090s][info][gc,cpu         ] GC(112) User=0.12s Sys=0.00s Real=0.02s
[6.111s][info][gc,start       ] GC(113) Pause Young (Allocation Failure)
[6.140s][info][gc,heap        ] GC(113) PSYoungGen: 55488K(55808K)->55424K(102400K) Eden: 18944K(18944K)->0K(19968K) From: 36544K(36864K)->55424K(82432K)
[6.140s][info][gc,heap        ] GC(113) ParOldGen: 924822K(1019904K)->924822K(1019904K)
[6.140s][info][gc,metaspace   ] GC(113) Metaspace: 6302K(6464K)->6302K(6464K) NonClass: 5769K(5824K)->5769K(5824K) Class: 533K(640K)->533K(640K)
[6.140s][info][gc             ] GC(113) Pause Young (Allocation Failure) 957M->957M(1096M) 28.779ms
[6.140s][info][gc,cpu         ] GC(113) User=0.14s Sys=0.00s Real=0.03s
[6.162s][info][gc,start       ] GC(114) Pause Young (Allocation Failure)
[6.200s][info][gc,heap        ] GC(114) PSYoungGen: 75392K(102400K)->58048K(103424K) Eden: 19968K(19968K)->0K(19968K) From: 55424K(82432K)->58048K(83456K)
[6.200s][info][gc,heap        ] GC(114) ParOldGen: 924822K(1019904K)->942462K(1019904K)
[6.200s][info][gc,metaspace   ] GC(114) Metaspace: 6302K(6464K)->6302K(6464K) NonClass: 5769K(5824K)->5769K(5824K) Class: 533K(640K)->533K(640K)
[6.200s][info][gc             ] GC(114) Pause Young (Allocation Failure) 976M->977M(1097M) 38.082ms
[6.200s][info][gc,cpu         ] GC(114) User=0.25s Sys=0.00s Real=0.04s
[6.222s][info][gc,start       ] GC(115) Pause Young (Allocation Failure)
[6.261s][info][gc,heap        ] GC(115) PSYoungGen: 78016K(103424K)->59104K(106496K) Eden: 19968K(19968K)->0K(20992K) From: 58048K(83456K)->59104K(85504K)
[6.261s][info][gc,heap        ] GC(115) ParOldGen: 942462K(1019904K)->961662K(1019904K)
[6.261s][info][gc,metaspace   ] GC(115) Metaspace: 6302K(6464K)->6302K(6464K) NonClass: 5769K(5824K)->5769K(5824K) Class: 533K(640K)->533K(640K)
[6.261s][info][gc             ] GC(115) Pause Young (Allocation Failure) 996M->996M(1100M) 39.518ms
[6.262s][info][gc,cpu         ] GC(115) User=0.20s Sys=0.02s Real=0.04s
[6.284s][info][gc,start       ] GC(116) Pause Young (Allocation Failure)
[6.325s][info][gc,heap        ] GC(116) PSYoungGen: 80096K(106496K)->61056K(108032K) Eden: 20992K(20992K)->0K(20992K) From: 59104K(85504K)->61056K(87040K)
[6.325s][info][gc,heap        ] GC(116) ParOldGen: 961662K(1019904K)->980870K(1019904K)
[6.325s][info][gc,metaspace   ] GC(116) Metaspace: 6302K(6464K)->6302K(6464K) NonClass: 5769K(5824K)->5769K(5824K) Class: 533K(640K)->533K(640K)
[6.325s][info][gc             ] GC(116) Pause Young (Allocation Failure) 1017M->1017M(1101M) 41.063ms
[6.325s][info][gc,cpu         ] GC(116) User=0.22s Sys=0.00s Real=0.04s
[6.349s][info][gc,start       ] GC(117) Pause Young (Allocation Failure)
[6.394s][info][gc,heap        ] GC(117) PSYoungGen: 82048K(108032K)->42080K(106496K) Eden: 20992K(20992K)->0K(24064K) From: 61056K(87040K)->42080K(82432K)
[6.394s][info][gc,heap        ] GC(117) ParOldGen: 980870K(1019904K)->1021310K(1021440K)
[6.394s][info][gc,metaspace   ] GC(117) Metaspace: 6302K(6464K)->6302K(6464K) NonClass: 5769K(5824K)->5769K(5824K) Class: 533K(640K)->533K(640K)
[6.394s][info][gc             ] GC(117) Pause Young (Allocation Failure) 1038M->1038M(1101M) 44.675ms
[6.394s][info][gc,cpu         ] GC(117) User=0.25s Sys=0.00s Real=0.05s
[6.394s][info][gc,start       ] GC(118) Pause Full (Ergonomics)
[6.394s][info][gc,phases,start] GC(118) Marking Phase
[6.642s][info][gc,phases      ] GC(118) Marking Phase 248.424ms
[6.642s][info][gc,phases,start] GC(118) Summary Phase
[6.642s][info][gc,phases      ] GC(118) Summary Phase 0.026ms
[6.642s][info][gc,phases,start] GC(118) Adjust Roots
[6.642s][info][gc,phases      ] GC(118) Adjust Roots 0.225ms
[6.643s][info][gc,phases,start] GC(118) Compaction Phase
[6.748s][info][gc,phases      ] GC(118) Compaction Phase 105.311ms
[6.748s][info][gc,phases,start] GC(118) Post Compact
[6.750s][info][gc,phases      ] GC(118) Post Compact 2.248ms
[6.751s][info][gc,heap        ] GC(118) PSYoungGen: 42080K(106496K)->40389K(109568K) Eden: 0K(24064K)->0K(27136K) From: 42080K(82432K)->40389K(82432K)
[6.751s][info][gc,heap        ] GC(118) ParOldGen: 1021310K(1021440K)->1021292K(1138688K)
[6.751s][info][gc,metaspace   ] GC(118) Metaspace: 6302K(6464K)->6302K(6464K) NonClass: 5769K(5824K)->5769K(5824K) Class: 533K(640K)->533K(640K)
[6.751s][info][gc             ] GC(118) Pause Full (Ergonomics) 1038M->1036M(1219M) 357.036ms
[6.751s][info][gc,cpu         ] GC(118) User=2.27s Sys=0.00s Real=0.36s
[6.784s][info][gc,start       ] GC(119) Pause Young (Allocation Failure)
[6.866s][info][gc,heap        ] GC(119) PSYoungGen: 67525K(109568K)->27296K(112640K) Eden: 27136K(27136K)->0K(27136K) From: 40389K(82432K)->27296K(85504K)
[6.867s][info][gc,heap        ] GC(119) ParOldGen: 1021292K(1138688K)->1062268K(1138688K)
[6.867s][info][gc,metaspace   ] GC(119) Metaspace: 6302K(6464K)->6302K(6464K) NonClass: 5769K(5824K)->5769K(5824K) Class: 533K(640K)->533K(640K)
[6.867s][info][gc             ] GC(119) Pause Young (Allocation Failure) 1063M->1064M(1222M) 82.944ms
[6.867s][info][gc,cpu         ] GC(119) User=0.48s Sys=0.00s Real=0.08s
[6.899s][info][gc,start       ] GC(120) Pause Young (Allocation Failure)
[6.933s][info][gc,heap        ] GC(120) PSYoungGen: 54432K(112640K)->27264K(112640K) Eden: 27136K(27136K)->0K(30208K) From: 27296K(85504K)->27264K(82432K)
[6.933s][info][gc,heap        ] GC(120) ParOldGen: 1062268K(1138688K)->1089780K(1138688K)
[6.933s][info][gc,metaspace   ] GC(120) Metaspace: 6302K(6464K)->6302K(6464K) NonClass: 5769K(5824K)->5769K(5824K) Class: 533K(640K)->533K(640K)
[6.933s][info][gc             ] GC(120) Pause Young (Allocation Failure) 1090M->1090M(1222M) 34.966ms
[6.934s][info][gc,cpu         ] GC(120) User=0.19s Sys=0.00s Real=0.03s
[6.967s][info][gc,start       ] GC(121) Pause Young (Allocation Failure)
[7.003s][info][gc,heap        ] GC(121) PSYoungGen: 57472K(112640K)->30368K(113664K) Eden: 30208K(30208K)->0K(30208K) From: 27264K(82432K)->30368K(83456K)
[7.003s][info][gc,heap        ] GC(121) ParOldGen: 1089780K(1138688K)->1117276K(1138688K)
[7.003s][info][gc,metaspace   ] GC(121) Metaspace: 6302K(6464K)->6302K(6464K) NonClass: 5769K(5824K)->5769K(5824K) Class: 533K(640K)->533K(640K)
[7.003s][info][gc             ] GC(121) Pause Young (Allocation Failure) 1120M->1120M(1223M) 35.459ms
[7.003s][info][gc,cpu         ] GC(121) User=0.17s Sys=0.02s Real=0.04s
[7.003s][info][gc,start       ] GC(122) Pause Full (Ergonomics)
[7.003s][info][gc,phases,start] GC(122) Marking Phase
[7.269s][info][gc,phases      ] GC(122) Marking Phase 266.707ms
[7.270s][info][gc,phases,start] GC(122) Summary Phase
[7.270s][info][gc,phases      ] GC(122) Summary Phase 0.025ms
[7.270s][info][gc,phases,start] GC(122) Adjust Roots
[7.270s][info][gc,phases      ] GC(122) Adjust Roots 0.153ms
[7.270s][info][gc,phases,start] GC(122) Compaction Phase
[7.376s][info][gc,phases      ] GC(122) Compaction Phase 105.841ms
[7.376s][info][gc,phases,start] GC(122) Post Compact
[7.378s][info][gc,phases      ] GC(122) Post Compact 1.896ms
[7.378s][info][gc,heap        ] GC(122) PSYoungGen: 30368K(113664K)->7697K(113664K) Eden: 0K(30208K)->0K(30208K) From: 30368K(83456K)->7697K(83456K)
[7.378s][info][gc,heap        ] GC(122) ParOldGen: 1117276K(1138688K)->1138367K(1271808K)
[7.378s][info][gc,metaspace   ] GC(122) Metaspace: 6302K(6464K)->6302K(6464K) NonClass: 5769K(5824K)->5769K(5824K) Class: 533K(640K)->533K(640K)
[7.378s][info][gc             ] GC(122) Pause Full (Ergonomics) 1120M->1119M(1353M) 375.481ms
[7.378s][info][gc,cpu         ] GC(122) User=2.58s Sys=0.00s Real=0.38s
[7.417s][info][gc,start       ] GC(123) Pause Young (Allocation Failure)
[7.491s][info][gc,heap        ] GC(123) PSYoungGen: 37905K(113664K)->30400K(110592K) Eden: 30208K(30208K)->0K(33280K) From: 7697K(83456K)->30400K(77312K)
[7.491s][info][gc,heap        ] GC(123) ParOldGen: 1138367K(1271808K)->1146215K(1271808K)
[7.491s][info][gc,metaspace   ] GC(123) Metaspace: 6302K(6464K)->6302K(6464K) NonClass: 5769K(5824K)->5769K(5824K) Class: 533K(640K)->533K(640K)
[7.491s][info][gc             ] GC(123) Pause Young (Allocation Failure) 1148M->1149M(1350M) 73.778ms
[7.491s][info][gc,cpu         ] GC(123) User=0.47s Sys=0.00s Real=0.07s
[7.535s][info][gc,start       ] GC(124) Pause Young (Allocation Failure)
[7.574s][info][gc,heap        ] GC(124) PSYoungGen: 63680K(110592K)->63680K(112640K) Eden: 33280K(33280K)->0K(33280K) From: 30400K(77312K)->63680K(79360K)
[7.574s][info][gc,heap        ] GC(124) ParOldGen: 1146215K(1271808K)->1146215K(1271808K)
[7.574s][info][gc,metaspace   ] GC(124) Metaspace: 6302K(6464K)->6302K(6464K) NonClass: 5769K(5824K)->5769K(5824K) Class: 533K(640K)->533K(640K)
[7.574s][info][gc             ] GC(124) Pause Young (Allocation Failure) 1181M->1181M(1352M) 38.255ms
[7.574s][info][gc,cpu         ] GC(124) User=0.22s Sys=0.00s Real=0.04s
[7.613s][info][gc,start       ] GC(125) Pause Young (Allocation Failure)
[7.670s][info][gc,heap        ] GC(125) PSYoungGen: 96960K(112640K)->84480K(104960K) Eden: 33280K(33280K)->0K(20480K) From: 63680K(79360K)->84480K(84480K)
[7.670s][info][gc,heap        ] GC(125) ParOldGen: 1146215K(1271808K)->1158783K(1271808K)
[7.670s][info][gc,metaspace   ] GC(125) Metaspace: 6302K(6464K)->6302K(6464K) NonClass: 5769K(5824K)->5769K(5824K) Class: 533K(640K)->533K(640K)
[7.670s][info][gc             ] GC(125) Pause Young (Allocation Failure) 1214M->1214M(1344M) 57.770ms
[7.670s][info][gc,cpu         ] GC(125) User=0.31s Sys=0.02s Real=0.06s
[7.695s][info][gc,start       ] GC(126) Pause Young (Allocation Failure)
[7.756s][info][gc,heap        ] GC(126) PSYoungGen: 104960K(104960K)->50208K(71168K) Eden: 20480K(20480K)->0K(20480K) From: 84480K(84480K)->50208K(50688K)
[7.756s][info][gc,heap        ] GC(126) ParOldGen: 1158783K(1271808K)->1214351K(1271808K)
[7.756s][info][gc,metaspace   ] GC(126) Metaspace: 6302K(6464K)->6302K(6464K) NonClass: 5769K(5824K)->5769K(5824K) Class: 533K(640K)->533K(640K)
[7.756s][info][gc             ] GC(126) Pause Young (Allocation Failure) 1234M->1234M(1311M) 60.990ms
[7.756s][info][gc,cpu         ] GC(126) User=0.36s Sys=0.02s Real=0.06s
[7.782s][info][gc,start       ] GC(127) Pause Young (Allocation Failure)
[7.824s][info][gc,heap        ] GC(127) PSYoungGen: 70688K(71168K)->41056K(111616K) Eden: 20480K(20480K)->0K(23040K) From: 50208K(50688K)->41056K(88576K)
[7.824s][info][gc,heap        ] GC(127) ParOldGen: 1214351K(1271808K)->1244351K(1271808K)
[7.824s][info][gc,metaspace   ] GC(127) Metaspace: 6302K(6464K)->6302K(6464K) NonClass: 5769K(5824K)->5769K(5824K) Class: 533K(640K)->533K(640K)
[7.824s][info][gc             ] GC(127) Pause Young (Allocation Failure) 1254M->1255M(1351M) 42.032ms
[7.824s][info][gc,cpu         ] GC(127) User=0.20s Sys=0.00s Real=0.04s
[7.824s][info][gc,start       ] GC(128) Pause Full (Ergonomics)
[7.824s][info][gc,phases,start] GC(128) Marking Phase
[8.126s][info][gc,phases      ] GC(128) Marking Phase 301.462ms
[8.126s][info][gc,phases,start] GC(128) Summary Phase
[8.126s][info][gc,phases      ] GC(128) Summary Phase 0.041ms
[8.126s][info][gc,phases,start] GC(128) Adjust Roots
[8.126s][info][gc,phases      ] GC(128) Adjust Roots 0.244ms
[8.126s][info][gc,phases,start] GC(128) Compaction Phase
[8.242s][info][gc,phases      ] GC(128) Compaction Phase 115.447ms
[8.242s][info][gc,phases,start] GC(128) Post Compact
[8.245s][info][gc,phases      ] GC(128) Post Compact 3.046ms
[8.245s][info][gc,heap        ] GC(128) PSYoungGen: 41056K(111616K)->12280K(114176K) Eden: 0K(23040K)->0K(25600K) From: 41056K(88576K)->12280K(88576K)
[8.245s][info][gc,heap        ] GC(128) ParOldGen: 1244351K(1271808K)->1271346K(1421312K)
[8.246s][info][gc,metaspace   ] GC(128) Metaspace: 6302K(6464K)->6302K(6464K) NonClass: 5769K(5824K)->5769K(5824K) Class: 533K(640K)->533K(640K)
[8.246s][info][gc             ] GC(128) Pause Full (Ergonomics) 1255M->1253M(1499M) 421.282ms
[8.246s][info][gc,cpu         ] GC(128) User=2.73s Sys=0.02s Real=0.42s
[8.278s][info][gc,start       ] GC(129) Pause Young (Allocation Failure)
[8.352s][info][gc,heap        ] GC(129) PSYoungGen: 37880K(114176K)->26880K(117760K) Eden: 25600K(25600K)->0K(25600K) From: 12280K(88576K)->26880K(92160K)
[8.352s][info][gc,heap        ] GC(129) ParOldGen: 1271346K(1421312K)->1278786K(1421312K)
[8.352s][info][gc,metaspace   ] GC(129) Metaspace: 6302K(6464K)->6302K(6464K) NonClass: 5769K(5824K)->5769K(5824K) Class: 533K(640K)->533K(640K)
[8.352s][info][gc             ] GC(129) Pause Young (Allocation Failure) 1278M->1275M(1503M) 73.804ms
[8.352s][info][gc,cpu         ] GC(129) User=0.39s Sys=0.00s Real=0.07s
[8.372s][info][gc,start       ] GC(130) Pause Young (Allocation Failure)
[8.398s][info][gc,heap        ] GC(130) PSYoungGen: 52480K(117760K)->40128K(111616K) Eden: 25600K(25600K)->0K(28160K) From: 26880K(92160K)->40128K(83456K)
[8.398s][info][gc,heap        ] GC(130) ParOldGen: 1278786K(1421312K)->1278786K(1421312K)
[8.398s][info][gc,metaspace   ] GC(130) Metaspace: 6302K(6464K)->6302K(6464K) NonClass: 5769K(5824K)->5769K(5824K) Class: 533K(640K)->533K(640K)
[8.398s][info][gc             ] GC(130) Pause Young (Allocation Failure) 1300M->1288M(1497M) 26.031ms
[8.398s][info][gc,cpu         ] GC(130) User=0.11s Sys=0.00s Real=0.03s
[8.432s][info][gc,start       ] GC(131) Pause Young (Allocation Failure)
[8.470s][info][gc,heap        ] GC(131) PSYoungGen: 68288K(111616K)->61216K(115712K) Eden: 28160K(28160K)->0K(28160K) From: 40128K(83456K)->61216K(87552K)
[8.470s][info][gc,heap        ] GC(131) ParOldGen: 1278786K(1421312K)->1283858K(1421312K)
[8.470s][info][gc,metaspace   ] GC(131) Metaspace: 6302K(6464K)->6302K(6464K) NonClass: 5769K(5824K)->5769K(5824K) Class: 533K(640K)->533K(640K)
[8.470s][info][gc             ] GC(131) Pause Young (Allocation Failure) 1315M->1313M(1501M) 37.649ms
[8.470s][info][gc,cpu         ] GC(131) User=0.25s Sys=0.00s Real=0.04s
[8.505s][info][gc,start       ] GC(132) Pause Young (Allocation Failure)
[8.556s][info][gc,heap        ] GC(132) PSYoungGen: 89376K(115712K)->67648K(117248K) Eden: 28160K(28160K)->0K(27648K) From: 61216K(87552K)->67648K(89600K)
[8.556s][info][gc,heap        ] GC(132) ParOldGen: 1283858K(1421312K)->1305898K(1421312K)
[8.556s][info][gc,metaspace   ] GC(132) Metaspace: 6302K(6464K)->6302K(6464K) NonClass: 5769K(5824K)->5769K(5824K) Class: 533K(640K)->533K(640K)
[8.556s][info][gc             ] GC(132) Pause Young (Allocation Failure) 1341M->1341M(1502M) 50.770ms
[8.556s][info][gc,cpu         ] GC(132) User=0.22s Sys=0.02s Real=0.05s
[8.594s][info][gc,start       ] GC(133) Pause Young (Allocation Failure)
[8.646s][info][gc,heap        ] GC(133) PSYoungGen: 95296K(117248K)->82048K(120832K) Eden: 27648K(27648K)->0K(27648K) From: 67648K(89600K)->82048K(93184K)
[8.646s][info][gc,heap        ] GC(133) ParOldGen: 1305898K(1421312K)->1319378K(1421312K)
[8.647s][info][gc,metaspace   ] GC(133) Metaspace: 6302K(6464K)->6302K(6464K) NonClass: 5769K(5824K)->5769K(5824K) Class: 533K(640K)->533K(640K)
[8.647s][info][gc             ] GC(133) Pause Young (Allocation Failure) 1368M->1368M(1506M) 52.776ms
[8.647s][info][gc,cpu         ] GC(133) User=0.28s Sys=0.00s Real=0.05s
[8.916s][info][gc,start       ] GC(134) Pause Full (Ergonomics)
[8.916s][info][gc,phases,start] GC(134) Marking Phase
[9.265s][info][gc,phases      ] GC(134) Marking Phase 349.183ms
[9.265s][info][gc,phases,start] GC(134) Summary Phase
[9.265s][info][gc,phases      ] GC(134) Summary Phase 0.052ms
[9.265s][info][gc,phases,start] GC(134) Adjust Roots
[9.266s][info][gc,phases      ] GC(134) Adjust Roots 0.352ms
[9.266s][info][gc,phases,start] GC(134) Compaction Phase
[9.618s][info][gc,phases      ] GC(134) Compaction Phase 352.762ms
[9.618s][info][gc,phases,start] GC(134) Post Compact
[9.622s][info][gc,phases      ] GC(134) Post Compact 3.390ms
[9.622s][info][gc,heap        ] GC(134) PSYoungGen: 109696K(120832K)->39849K(120832K) Eden: 27648K(27648K)->0K(27648K) From: 82048K(93184K)->39849K(93184K)
[9.622s][info][gc,heap        ] GC(134) ParOldGen: 1384914K(1421312K)->1420867K(1572864K)
[9.622s][info][gc,metaspace   ] GC(134) Metaspace: 6302K(6464K)->6302K(6464K) NonClass: 5769K(5824K)->5769K(5824K) Class: 533K(640K)->533K(640K)
[9.622s][info][gc             ] GC(134) Pause Full (Ergonomics) 1459M->1426M(1654M) 706.677ms
[9.622s][info][gc,cpu         ] GC(134) User=4.17s Sys=0.09s Real=0.71s
[9.650s][info][gc,start       ] GC(135) Pause Young (Allocation Failure)
[9.738s][info][gc,heap        ] GC(135) PSYoungGen: 67497K(120832K)->55648K(123392K) Eden: 27648K(27648K)->0K(30208K) From: 39849K(93184K)->55648K(93184K)
[9.738s][info][gc,heap        ] GC(135) ParOldGen: 1420867K(1572864K)->1433099K(1572864K)
[9.738s][info][gc,metaspace   ] GC(135) Metaspace: 6302K(6464K)->6302K(6464K) NonClass: 5769K(5824K)->5769K(5824K) Class: 533K(640K)->533K(640K)
[9.738s][info][gc             ] GC(135) Pause Young (Allocation Failure) 1453M->1453M(1656M) 88.565ms
[9.738s][info][gc,cpu         ] GC(135) User=0.61s Sys=0.00s Real=0.09s
[9.766s][info][gc,start       ] GC(136) Pause Young (Allocation Failure)
[9.811s][info][gc,heap        ] GC(136) PSYoungGen: 85856K(123392K)->85920K(127488K) Eden: 30208K(30208K)->0K(30208K) From: 55648K(93184K)->85920K(97280K)
[9.811s][info][gc,heap        ] GC(136) ParOldGen: 1433099K(1572864K)->1433099K(1572864K)
[9.811s][info][gc,metaspace   ] GC(136) Metaspace: 6302K(6464K)->6302K(6464K) NonClass: 5769K(5824K)->5769K(5824K) Class: 533K(640K)->533K(640K)
[9.811s][info][gc             ] GC(136) Pause Young (Allocation Failure) 1483M->1483M(1660M) 45.849ms
[9.811s][info][gc,cpu         ] GC(136) User=0.25s Sys=0.00s Real=0.05s
[9.844s][info][gc,start       ] GC(137) Pause Young (Allocation Failure)
[9.907s][info][gc,heap        ] GC(137) PSYoungGen: 116128K(127488K)->105472K(121344K) Eden: 30208K(30208K)->0K(15872K) From: 85920K(97280K)->105472K(105472K)
[9.907s][info][gc,heap        ] GC(137) ParOldGen: 1433099K(1572864K)->1443803K(1572864K)
[9.907s][info][gc,metaspace   ] GC(137) Metaspace: 6302K(6464K)->6302K(6464K) NonClass: 5769K(5824K)->5769K(5824K) Class: 533K(640K)->533K(640K)
[9.907s][info][gc             ] GC(137) Pause Young (Allocation Failure) 1512M->1512M(1654M) 62.702ms
[9.907s][info][gc,cpu         ] GC(137) User=0.23s Sys=0.03s Real=0.06s
[9.924s][info][gc,start       ] GC(138) Pause Young (Allocation Failure)
[9.983s][info][gc,heap        ] GC(138) PSYoungGen: 121344K(121344K)->99200K(138752K) Eden: 15872K(15872K)->0K(15872K) From: 105472K(105472K)->99200K(122880K)
[9.983s][info][gc,heap        ] GC(138) ParOldGen: 1443803K(1572864K)->1466347K(1572864K)
[9.983s][info][gc,metaspace   ] GC(138) Metaspace: 6302K(6464K)->6302K(6464K) NonClass: 5769K(5824K)->5769K(5824K) Class: 533K(640K)->533K(640K)
[9.983s][info][gc             ] GC(138) Pause Young (Allocation Failure) 1528M->1528M(1671M) 59.743ms
[9.983s][info][gc,cpu         ] GC(138) User=0.38s Sys=0.00s Real=0.06s
[10.000s][info][gc,start       ] GC(139) Pause Young (Allocation Failure)
[10.058s][info][gc,heap        ] GC(139) PSYoungGen: 115072K(138752K)->59840K(137728K) Eden: 15872K(15872K)->0K(18432K) From: 99200K(122880K)->59840K(119296K)
[10.058s][info][gc,heap        ] GC(139) ParOldGen: 1466347K(1572864K)->1522187K(1572864K)
[10.058s][info][gc,metaspace   ] GC(139) Metaspace: 6302K(6464K)->6302K(6464K) NonClass: 5769K(5824K)->5769K(5824K) Class: 533K(640K)->533K(640K)
[10.058s][info][gc             ] GC(139) Pause Young (Allocation Failure) 1544M->1544M(1670M) 58.348ms
[10.058s][info][gc,cpu         ] GC(139) User=0.31s Sys=0.03s Real=0.06s
[10.058s][info][gc,start       ] GC(140) Pause Full (Ergonomics)
[10.058s][info][gc,phases,start] GC(140) Marking Phase
[10.419s][info][gc,phases      ] GC(140) Marking Phase 360.301ms
[10.419s][info][gc,phases,start] GC(140) Summary Phase
[10.419s][info][gc,phases      ] GC(140) Summary Phase 0.032ms
[10.419s][info][gc,phases,start] GC(140) Adjust Roots
[10.419s][info][gc,phases      ] GC(140) Adjust Roots 0.206ms
[10.419s][info][gc,phases,start] GC(140) Compaction Phase
[10.599s][info][gc,phases      ] GC(140) Compaction Phase 179.942ms
[10.599s][info][gc,phases,start] GC(140) Post Compact
[10.603s][info][gc,phases      ] GC(140) Post Compact 3.749ms
[10.604s][info][gc,heap        ] GC(140) PSYoungGen: 59840K(137728K)->7505K(140800K) Eden: 0K(18432K)->0K(21504K) From: 59840K(119296K)->7505K(119296K)
[10.604s][info][gc,heap        ] GC(140) ParOldGen: 1522187K(1572864K)->1572863K(1743872K)
[10.604s][info][gc,metaspace   ] GC(140) Metaspace: 6302K(6464K)->6302K(6464K) NonClass: 5769K(5824K)->5769K(5824K) Class: 533K(640K)->533K(640K)
[10.604s][info][gc             ] GC(140) Pause Full (Ergonomics) 1544M->1543M(1840M) 545.156ms
[10.604s][info][gc,cpu         ] GC(140) User=3.58s Sys=0.02s Real=0.55s
[10.626s][info][gc,start       ] GC(141) Pause Young (Allocation Failure)
[10.716s][info][gc,heap        ] GC(141) PSYoungGen: 29009K(140800K)->24352K(146432K) Eden: 21504K(21504K)->0K(21504K) From: 7505K(119296K)->24352K(124928K)
[10.716s][info][gc,heap        ] GC(141) ParOldGen: 1572863K(1743872K)->1577775K(1743872K)
[10.716s][info][gc,metaspace   ] GC(141) Metaspace: 6302K(6464K)->6302K(6464K) NonClass: 5769K(5824K)->5769K(5824K) Class: 533K(640K)->533K(640K)
[10.716s][info][gc             ] GC(141) Pause Young (Allocation Failure) 1564M->1564M(1846M) 89.823ms
[10.716s][info][gc,cpu         ] GC(141) User=0.42s Sys=0.00s Real=0.09s
[10.737s][info][gc,start       ] GC(142) Pause Young (Allocation Failure)
[10.769s][info][gc,heap        ] GC(142) PSYoungGen: 45856K(146432K)->43200K(142848K) Eden: 21504K(21504K)->0K(24064K) From: 24352K(124928K)->43200K(118784K)
[10.769s][info][gc,heap        ] GC(142) ParOldGen: 1577775K(1743872K)->1580535K(1743872K)
[10.769s][info][gc,metaspace   ] GC(142) Metaspace: 6302K(6464K)->6302K(6464K) NonClass: 5769K(5824K)->5769K(5824K) Class: 533K(640K)->533K(640K)
[10.769s][info][gc             ] GC(142) Pause Young (Allocation Failure) 1585M->1585M(1842M) 31.550ms
[10.769s][info][gc,cpu         ] GC(142) User=0.03s Sys=0.02s Real=0.03s
[10.792s][info][gc,start       ] GC(143) Pause Young (Allocation Failure)
[10.830s][info][gc,heap        ] GC(143) PSYoungGen: 67264K(142848K)->45760K(70144K) Eden: 24064K(24064K)->0K(24064K) From: 43200K(118784K)->45760K(46080K)
[10.830s][info][gc,heap        ] GC(143) ParOldGen: 1580535K(1743872K)->1602327K(1743872K)
[10.830s][info][gc,metaspace   ] GC(143) Metaspace: 6302K(6464K)->6302K(6464K) NonClass: 5769K(5824K)->5769K(5824K) Class: 533K(640K)->533K(640K)
[10.830s][info][gc             ] GC(143) Pause Young (Allocation Failure) 1609M->1609M(1771M) 37.928ms
[10.830s][info][gc,cpu         ] GC(143) User=0.38s Sys=0.00s Real=0.04s
[10.854s][info][gc,start       ] GC(144) Pause Young (Allocation Failure)
[10.899s][info][gc,heap        ] GC(144) PSYoungGen: 69824K(70144K)->48288K(137216K) Eden: 24064K(24064K)->0K(27136K) From: 45760K(46080K)->48288K(110080K)
[10.899s][info][gc,heap        ] GC(144) ParOldGen: 1602327K(1743872K)->1624135K(1743872K)
[10.899s][info][gc,metaspace   ] GC(144) Metaspace: 6302K(6464K)->6302K(6464K) NonClass: 5769K(5824K)->5769K(5824K) Class: 533K(640K)->533K(640K)
[10.899s][info][gc             ] GC(144) Pause Young (Allocation Failure) 1632M->1633M(1837M) 45.209ms
[10.899s][info][gc,cpu         ] GC(144) User=0.08s Sys=0.03s Real=0.05s
[10.930s][info][gc,start       ] GC(145) Pause Young (Allocation Failure)
[10.975s][info][gc,heap        ] GC(145) PSYoungGen: 75424K(137216K)->51360K(78848K) Eden: 27136K(27136K)->0K(27136K) From: 48288K(110080K)->51360K(51712K)
[10.976s][info][gc,heap        ] GC(145) ParOldGen: 1624135K(1743872K)->1648519K(1743872K)
[10.976s][info][gc,metaspace   ] GC(145) Metaspace: 6302K(6464K)->6302K(6464K) NonClass: 5769K(5824K)->5769K(5824K) Class: 533K(640K)->533K(640K)
[10.976s][info][gc             ] GC(145) Pause Young (Allocation Failure) 1659M->1660M(1780M) 46.036ms
[10.976s][info][gc,cpu         ] GC(145) User=0.22s Sys=0.02s Real=0.05s
[11.004s][info][gc,start       ] GC(146) Pause Young (Allocation Failure)
[11.059s][info][gc,heap        ] GC(146) PSYoungGen: 78496K(78848K)->27296K(139776K) Eden: 27136K(27136K)->0K(30720K) From: 51360K(51712K)->27296K(109056K)
[11.059s][info][gc,heap        ] GC(146) ParOldGen: 1648519K(1743872K)->1700407K(1743872K)
[11.059s][info][gc,metaspace   ] GC(146) Metaspace: 6302K(6464K)->6302K(6464K) NonClass: 5769K(5824K)->5769K(5824K) Class: 533K(640K)->533K(640K)
[11.059s][info][gc             ] GC(146) Pause Young (Allocation Failure) 1686M->1687M(1839M) 55.279ms
[11.059s][info][gc,cpu         ] GC(146) User=0.27s Sys=0.05s Real=0.05s
[11.060s][info][gc,start       ] GC(147) Pause Full (Ergonomics)
[11.060s][info][gc,phases,start] GC(147) Marking Phase
[11.483s][info][gc,phases      ] GC(147) Marking Phase 423.456ms
[11.483s][info][gc,phases,start] GC(147) Summary Phase
[11.483s][info][gc,phases      ] GC(147) Summary Phase 0.054ms
[11.483s][info][gc,phases,start] GC(147) Adjust Roots
[11.483s][info][gc,phases      ] GC(147) Adjust Roots 0.274ms
[11.483s][info][gc,phases,start] GC(147) Compaction Phase
[11.667s][info][gc,phases      ] GC(147) Compaction Phase 183.677ms
[11.667s][info][gc,phases,start] GC(147) Post Compact
[11.671s][info][gc,phases      ] GC(147) Post Compact 3.674ms
[11.672s][info][gc,heap        ] GC(147) PSYoungGen: 27296K(139776K)->0K(139776K) Eden: 0K(30720K)->0K(30720K) From: 27296K(109056K)->0K(109056K)
[11.672s][info][gc,heap        ] GC(147) ParOldGen: 1700407K(1743872K)->1725596K(1913344K)
[11.672s][info][gc,metaspace   ] GC(147) Metaspace: 6302K(6464K)->6302K(6464K) NonClass: 5769K(5824K)->5769K(5824K) Class: 533K(640K)->533K(640K)
[11.672s][info][gc             ] GC(147) Pause Full (Ergonomics) 1687M->1685M(2005M) 612.133ms
[11.672s][info][gc,cpu         ] GC(147) User=4.09s Sys=0.00s Real=0.61s
[11.707s][info][gc,start       ] GC(148) Pause Young (Allocation Failure)
[11.733s][info][gc,heap        ] GC(148) PSYoungGen: 30720K(139776K)->30912K(137728K) Eden: 30720K(30720K)->0K(33792K) From: 0K(109056K)->30912K(103936K)
[11.733s][info][gc,heap        ] GC(148) ParOldGen: 1725596K(1913344K)->1725596K(1913344K)
[11.733s][info][gc,metaspace   ] GC(148) Metaspace: 6302K(6464K)->6302K(6464K) NonClass: 5769K(5824K)->5769K(5824K) Class: 533K(640K)->533K(640K)
[11.733s][info][gc             ] GC(148) Pause Young (Allocation Failure) 1715M->1715M(2003M) 26.796ms
[11.733s][info][gc,cpu         ] GC(148) User=0.03s Sys=0.00s Real=0.03s
[11.770s][info][gc,start       ] GC(149) Pause Young (Allocation Failure)
[11.808s][info][gc,heap        ] GC(149) PSYoungGen: 64704K(137728K)->64768K(140800K) Eden: 33792K(33792K)->0K(33792K) From: 30912K(103936K)->64768K(107008K)
[11.808s][info][gc,heap        ] GC(149) ParOldGen: 1725596K(1913344K)->1725596K(1913344K)
[11.808s][info][gc,metaspace   ] GC(149) Metaspace: 6302K(6464K)->6302K(6464K) NonClass: 5769K(5824K)->5769K(5824K) Class: 533K(640K)->533K(640K)
[11.808s][info][gc             ] GC(149) Pause Young (Allocation Failure) 1748M->1748M(2006M) 38.599ms
[11.808s][info][gc,cpu         ] GC(149) User=0.25s Sys=0.00s Real=0.04s
[11.844s][info][gc,start       ] GC(150) Pause Young (Allocation Failure)
[11.897s][info][gc,heap        ] GC(150) PSYoungGen: 98560K(140800K)->98560K(132096K) Eden: 33792K(33792K)->0K(25600K) From: 64768K(107008K)->98560K(106496K)
[11.897s][info][gc,heap        ] GC(150) ParOldGen: 1725596K(1913344K)->1725596K(1913344K)
[11.897s][info][gc,metaspace   ] GC(150) Metaspace: 6302K(6464K)->6302K(6464K) NonClass: 5769K(5824K)->5769K(5824K) Class: 533K(640K)->533K(640K)
[11.897s][info][gc             ] GC(150) Pause Young (Allocation Failure) 1781M->1781M(1997M) 52.783ms
[11.897s][info][gc,cpu         ] GC(150) User=0.22s Sys=0.00s Real=0.05s
[11.923s][info][gc,start       ] GC(151) Pause Young (Allocation Failure)
[11.983s][info][gc,heap        ] GC(151) PSYoungGen: 124160K(132096K)->93440K(143872K) Eden: 25600K(25600K)->0K(25600K) From: 98560K(106496K)->93440K(118272K)
[11.983s][info][gc,heap        ] GC(151) ParOldGen: 1725596K(1913344K)->1756748K(1913344K)
[11.983s][info][gc,metaspace   ] GC(151) Metaspace: 6302K(6464K)->6302K(6464K) NonClass: 5769K(5824K)->5769K(5824K) Class: 533K(640K)->533K(640K)
[11.983s][info][gc             ] GC(151) Pause Young (Allocation Failure) 1806M->1806M(2009M) 60.037ms
[11.983s][info][gc,cpu         ] GC(151) User=0.34s Sys=0.03s Real=0.06s
[12.011s][info][gc,start       ] GC(152) Pause Young (Allocation Failure)
[12.071s][info][gc,heap        ] GC(152) PSYoungGen: 119040K(143872K)->85184K(151552K) Eden: 25600K(25600K)->0K(26112K) From: 93440K(118272K)->85184K(125440K)
[12.071s][info][gc,heap        ] GC(152) ParOldGen: 1756748K(1913344K)->1791012K(1913344K)
[12.071s][info][gc,metaspace   ] GC(152) Metaspace: 6302K(6464K)->6302K(6464K) NonClass: 5769K(5824K)->5769K(5824K) Class: 533K(640K)->533K(640K)
[12.071s][info][gc             ] GC(152) Pause Young (Allocation Failure) 1831M->1832M(2016M) 59.941ms
[12.071s][info][gc,cpu         ] GC(152) User=0.50s Sys=0.00s Real=0.06s
[12.101s][info][gc,start       ] GC(153) Pause Young (Allocation Failure)
[12.158s][info][gc,heap        ] GC(153) PSYoungGen: 111296K(151552K)->77472K(154112K) Eden: 26112K(26112K)->0K(26112K) From: 85184K(125440K)->77472K(128000K)
[12.159s][info][gc,heap        ] GC(153) ParOldGen: 1791012K(1913344K)->1825276K(1913344K)
[12.159s][info][gc,metaspace   ] GC(153) Metaspace: 6302K(6464K)->6302K(6464K) NonClass: 5769K(5824K)->5769K(5824K) Class: 533K(640K)->533K(640K)
[12.159s][info][gc             ] GC(153) Pause Young (Allocation Failure) 1857M->1858M(2019M) 57.660ms
[12.159s][info][gc,cpu         ] GC(153) User=0.38s Sys=0.00s Real=0.06s
[12.188s][info][gc,start       ] GC(154) Pause Young (Allocation Failure)
[12.247s][info][gc,heap        ] GC(154) PSYoungGen: 103584K(154112K)->52384K(148480K) Eden: 26112K(26112K)->0K(29696K) From: 77472K(128000K)->52384K(118784K)
[12.247s][info][gc,heap        ] GC(154) ParOldGen: 1825276K(1913344K)->1877188K(1913344K)
[12.247s][info][gc,metaspace   ] GC(154) Metaspace: 6302K(6464K)->6302K(6464K) NonClass: 5769K(5824K)->5769K(5824K) Class: 533K(640K)->533K(640K)
[12.247s][info][gc             ] GC(154) Pause Young (Allocation Failure) 1883M->1884M(2013M) 59.450ms
[12.247s][info][gc,cpu         ] GC(154) User=0.25s Sys=0.02s Real=0.06s
[12.247s][info][gc,start       ] GC(155) Pause Full (Ergonomics)
[12.247s][info][gc,phases,start] GC(155) Marking Phase
[12.721s][info][gc,phases      ] GC(155) Marking Phase 473.517ms
[12.721s][info][gc,phases,start] GC(155) Summary Phase
[12.721s][info][gc,phases      ] GC(155) Summary Phase 0.040ms
[12.721s][info][gc,phases,start] GC(155) Adjust Roots
[12.721s][info][gc,phases      ] GC(155) Adjust Roots 0.196ms
[12.721s][info][gc,phases,start] GC(155) Compaction Phase
[12.909s][info][gc,phases      ] GC(155) Compaction Phase 187.758ms
[12.909s][info][gc,phases,start] GC(155) Post Compact
[12.913s][info][gc,phases      ] GC(155) Post Compact 3.889ms
[12.914s][info][gc,heap        ] GC(155) PSYoungGen: 52384K(148480K)->13851K(152576K) Eden: 0K(29696K)->0K(33792K) From: 52384K(118784K)->13851K(118784K)
[12.914s][info][gc,heap        ] GC(155) ParOldGen: 1877188K(1913344K)->1913254K(2124288K)
[12.914s][info][gc,metaspace   ] GC(155) Metaspace: 6302K(6464K)->6302K(6464K) NonClass: 5769K(5824K)->5769K(5824K) Class: 533K(640K)->533K(640K)
[12.914s][info][gc             ] GC(155) Pause Full (Ergonomics) 1884M->1881M(2223M) 666.489ms
[12.914s][info][gc,cpu         ] GC(155) User=4.52s Sys=0.00s Real=0.67s
[12.957s][info][gc,start       ] GC(156) Pause Young (Allocation Failure)
[13.104s][info][gc,heap        ] GC(156) PSYoungGen: 47643K(152576K)->33920K(156672K) Eden: 33792K(33792K)->0K(33792K) From: 13851K(118784K)->33920K(122880K)
[13.104s][info][gc,heap        ] GC(156) ParOldGen: 1913254K(2124288K)->1927358K(2124288K)
[13.104s][info][gc,metaspace   ] GC(156) Metaspace: 6302K(6464K)->6302K(6464K) NonClass: 5769K(5824K)->5769K(5824K) Class: 533K(640K)->533K(640K)
[13.104s][info][gc             ] GC(156) Pause Young (Allocation Failure) 1914M->1915M(2227M) 146.771ms
[13.104s][info][gc,cpu         ] GC(156) User=0.62s Sys=0.03s Real=0.15s
[13.181s][info][gc,start       ] GC(157) Pause Young (Allocation Failure)
[13.240s][info][gc,heap        ] GC(157) PSYoungGen: 67712K(156672K)->33984K(155648K) Eden: 33792K(33792K)->0K(37376K) From: 33920K(122880K)->33984K(118272K)
[13.240s][info][gc,heap        ] GC(157) ParOldGen: 1927358K(2124288K)->1961638K(2124288K)
[13.240s][info][gc,metaspace   ] GC(157) Metaspace: 6302K(6464K)->6302K(6464K) NonClass: 5769K(5824K)->5769K(5824K) Class: 533K(640K)->533K(640K)
[13.240s][info][gc             ] GC(157) Pause Young (Allocation Failure) 1948M->1948M(2226M) 58.709ms
[13.240s][info][gc,cpu         ] GC(157) User=0.14s Sys=0.02s Real=0.06s
[13.288s][info][gc,start       ] GC(158) Pause Young (Allocation Failure)
[13.332s][info][gc,heap        ] GC(158) PSYoungGen: 71360K(155648K)->71424K(157696K) Eden: 37376K(37376K)->0K(37376K) From: 33984K(118272K)->71424K(120320K)
[13.332s][info][gc,heap        ] GC(158) ParOldGen: 1961638K(2124288K)->1961638K(2124288K)
[13.332s][info][gc,metaspace   ] GC(158) Metaspace: 6302K(6464K)->6302K(6464K) NonClass: 5769K(5824K)->5769K(5824K) Class: 533K(640K)->533K(640K)
[13.332s][info][gc             ] GC(158) Pause Young (Allocation Failure) 1985M->1985M(2228M) 44.441ms
[13.332s][info][gc,cpu         ] GC(158) User=0.27s Sys=0.00s Real=0.04s
[13.374s][info][gc,start       ] GC(159) Pause Young (Allocation Failure)
[13.435s][info][gc,heap        ] GC(159) PSYoungGen: 108800K(157696K)->108832K(148480K) Eden: 37376K(37376K)->0K(29184K) From: 71424K(120320K)->108832K(119296K)
[13.435s][info][gc,heap        ] GC(159) ParOldGen: 1961638K(2124288K)->1961638K(2124288K)
[13.435s][info][gc,metaspace   ] GC(159) Metaspace: 6302K(6464K)->6302K(6464K) NonClass: 5769K(5824K)->5769K(5824K) Class: 533K(640K)->533K(640K)
[13.435s][info][gc             ] GC(159) Pause Young (Allocation Failure) 2021M->2021M(2219M) 60.698ms
[13.435s][info][gc,cpu         ] GC(159) User=0.34s Sys=0.03s Real=0.06s
[13.466s][info][gc,start       ] GC(160) Pause Young (Allocation Failure)
[13.542s][info][gc,heap        ] GC(160) PSYoungGen: 138016K(148480K)->104224K(160768K) Eden: 29184K(29184K)->0K(29184K) From: 108832K(119296K)->104224K(131584K)
[13.542s][info][gc,heap        ] GC(160) ParOldGen: 1961638K(2124288K)->1995894K(2124288K)
[13.542s][info][gc,metaspace   ] GC(160) Metaspace: 6302K(6464K)->6302K(6464K) NonClass: 5769K(5824K)->5769K(5824K) Class: 533K(640K)->533K(640K)
[13.542s][info][gc             ] GC(160) Pause Young (Allocation Failure) 2050M->2050M(2231M) 75.707ms
[13.542s][info][gc,cpu         ] GC(160) User=0.45s Sys=0.03s Real=0.08s
[13.573s][info][gc,start       ] GC(161) Pause Young (Allocation Failure)
[13.646s][info][gc,heap        ] GC(161) PSYoungGen: 133408K(160768K)->95968K(169472K) Eden: 29184K(29184K)->0K(29696K) From: 104224K(131584K)->95968K(139776K)
[13.646s][info][gc,heap        ] GC(161) ParOldGen: 1995894K(2124288K)->2033806K(2124288K)
[13.646s][info][gc,metaspace   ] GC(161) Metaspace: 6302K(6464K)->6302K(6464K) NonClass: 5769K(5824K)->5769K(5824K) Class: 533K(640K)->533K(640K)
[13.646s][info][gc             ] GC(161) Pause Young (Allocation Failure) 2079M->2079M(2240M) 73.437ms
[13.646s][info][gc,cpu         ] GC(161) User=0.55s Sys=0.02s Real=0.07s
[13.679s][info][gc,start       ] GC(162) Pause Young (Allocation Failure)
[13.752s][info][gc,heap        ] GC(162) PSYoungGen: 125664K(169472K)->59072K(89088K) Eden: 29696K(29696K)->0K(29696K) From: 95968K(139776K)->59072K(59392K)
[13.752s][info][gc,heap        ] GC(162) ParOldGen: 2033806K(2124288K)->2101246K(2124288K)
[13.752s][info][gc,metaspace   ] GC(162) Metaspace: 6302K(6464K)->6302K(6464K) NonClass: 5769K(5824K)->5769K(5824K) Class: 533K(640K)->533K(640K)
[13.752s][info][gc             ] GC(162) Pause Young (Allocation Failure) 2108M->2109M(2161M) 73.280ms
[13.752s][info][gc,cpu         ] GC(162) User=0.41s Sys=0.06s Real=0.07s
[13.752s][info][gc,start       ] GC(163) Pause Full (Ergonomics)
[13.752s][info][gc,phases,start] GC(163) Marking Phase
[14.262s][info][gc,phases      ] GC(163) Marking Phase 509.668ms
[14.262s][info][gc,phases,start] GC(163) Summary Phase
[14.262s][info][gc,phases      ] GC(163) Summary Phase 0.035ms
[14.262s][info][gc,phases,start] GC(163) Adjust Roots
[14.262s][info][gc,phases      ] GC(163) Adjust Roots 0.215ms
[14.263s][info][gc,phases,start] GC(163) Compaction Phase
[14.494s][info][gc,phases      ] GC(163) Compaction Phase 231.489ms
[14.494s][info][gc,phases,start] GC(163) Post Compact
[14.498s][info][gc,phases      ] GC(163) Post Compact 4.388ms
[14.500s][info][gc,heap        ] GC(163) PSYoungGen: 59072K(89088K)->33265K(89088K) Eden: 0K(29696K)->0K(29696K) From: 59072K(59392K)->33265K(59392K)
[14.500s][info][gc,heap        ] GC(163) ParOldGen: 2101246K(2124288K)->2124022K(2359808K)
[14.500s][info][gc,metaspace   ] GC(163) Metaspace: 6302K(6464K)->6302K(6464K) NonClass: 5769K(5824K)->5769K(5824K) Class: 533K(640K)->533K(640K)
[14.500s][info][gc             ] GC(163) Pause Full (Ergonomics) 2109M->2106M(2391M) 747.108ms
[14.500s][info][gc,cpu         ] GC(163) User=5.11s Sys=0.03s Real=0.75s
[14.531s][info][gc,start       ] GC(164) Pause Young (Allocation Failure)
[14.665s][info][gc,heap        ] GC(164) PSYoungGen: 62961K(89088K)->29856K(170496K) Eden: 29696K(29696K)->0K(33280K) From: 33265K(59392K)->29856K(137216K)
[14.665s][info][gc,heap        ] GC(164) ParOldGen: 2124022K(2359808K)->2157710K(2359808K)
[14.665s][info][gc,metaspace   ] GC(164) Metaspace: 6302K(6464K)->6302K(6464K) NonClass: 5769K(5824K)->5769K(5824K) Class: 533K(640K)->533K(640K)
[14.665s][info][gc             ] GC(164) Pause Young (Allocation Failure) 2135M->2136M(2471M) 133.987ms
[14.665s][info][gc,cpu         ] GC(164) User=0.80s Sys=0.03s Real=0.13s
[14.706s][info][gc,start       ] GC(165) Pause Young (Allocation Failure)
[14.752s][info][gc,heap        ] GC(165) PSYoungGen: 63136K(170496K)->33472K(171008K) Eden: 33280K(33280K)->0K(33280K) From: 29856K(137216K)->33472K(137728K)
[14.752s][info][gc,heap        ] GC(165) ParOldGen: 2157710K(2359808K)->2187822K(2359808K)
[14.752s][info][gc,metaspace   ] GC(165) Metaspace: 6302K(6464K)->6302K(6464K) NonClass: 5769K(5824K)->5769K(5824K) Class: 533K(640K)->533K(640K)
[14.752s][info][gc             ] GC(165) Pause Young (Allocation Failure) 2168M->2169M(2471M) 46.274ms
[14.752s][info][gc,cpu         ] GC(165) User=0.16s Sys=0.00s Real=0.05s
[14.796s][info][gc,start       ] GC(166) Pause Young (Allocation Failure)
[14.845s][info][gc,heap        ] GC(166) PSYoungGen: 66752K(171008K)->33472K(167936K) Eden: 33280K(33280K)->0K(36864K) From: 33472K(137728K)->33472K(131072K)
[14.845s][info][gc,heap        ] GC(166) ParOldGen: 2187822K(2359808K)->2221590K(2359808K)
[14.845s][info][gc,metaspace   ] GC(166) Metaspace: 6302K(6464K)->6302K(6464K) NonClass: 5769K(5824K)->5769K(5824K) Class: 533K(640K)->533K(640K)
[14.845s][info][gc             ] GC(166) Pause Young (Allocation Failure) 2201M->2202M(2468M) 49.667ms
[14.845s][info][gc,cpu         ] GC(166) User=0.16s Sys=0.00s Real=0.05s
[14.886s][info][gc,start       ] GC(167) Pause Young (Allocation Failure)
[14.931s][info][gc,heap        ] GC(167) PSYoungGen: 70336K(167936K)->37024K(170496K) Eden: 36864K(36864K)->0K(36864K) From: 33472K(131072K)->37024K(133632K)
[14.931s][info][gc,heap        ] GC(167) ParOldGen: 2221590K(2359808K)->2255342K(2359808K)
[14.931s][info][gc,metaspace   ] GC(167) Metaspace: 6302K(6464K)->6302K(6464K) NonClass: 5769K(5824K)->5769K(5824K) Class: 533K(640K)->533K(640K)
[14.931s][info][gc             ] GC(167) Pause Young (Allocation Failure) 2238M->2238M(2471M) 44.309ms
[14.931s][info][gc,cpu         ] GC(167) User=0.38s Sys=0.00s Real=0.04s
[14.973s][info][gc,start       ] GC(168) Pause Young (Allocation Failure)
[15.018s][info][gc,heap        ] GC(168) PSYoungGen: 73888K(170496K)->37024K(163840K) Eden: 36864K(36864K)->0K(40960K) From: 37024K(133632K)->37024K(122880K)
[15.018s][info][gc,heap        ] GC(168) ParOldGen: 2255342K(2359808K)->2292526K(2359808K)
[15.018s][info][gc,metaspace   ] GC(168) Metaspace: 6302K(6464K)->6302K(6464K) NonClass: 5769K(5824K)->5769K(5824K) Class: 533K(640K)->533K(640K)
[15.018s][info][gc             ] GC(168) Pause Young (Allocation Failure) 2274M->2274M(2464M) 44.805ms
[15.018s][info][gc,cpu         ] GC(168) User=0.23s Sys=0.02s Real=0.04s
[15.064s][info][gc,start       ] GC(169) Pause Young (Allocation Failure)
[15.110s][info][gc,heap        ] GC(169) PSYoungGen: 77984K(163840K)->41120K(167424K) Eden: 40960K(40960K)->0K(40960K) From: 37024K(122880K)->41120K(126464K)
[15.110s][info][gc,heap        ] GC(169) ParOldGen: 2292526K(2359808K)->2329726K(2359808K)
[15.110s][info][gc,metaspace   ] GC(169) Metaspace: 6302K(6464K)->6302K(6464K) NonClass: 5769K(5824K)->5769K(5824K) Class: 533K(640K)->533K(640K)
[15.110s][info][gc             ] GC(169) Pause Young (Allocation Failure) 2314M->2315M(2468M) 45.678ms
[15.110s][info][gc,cpu         ] GC(169) User=0.25s Sys=0.00s Real=0.05s
[15.110s][info][gc,start       ] GC(170) Pause Full (Ergonomics)
[15.110s][info][gc,phases,start] GC(170) Marking Phase
[15.659s][info][gc,phases      ] GC(170) Marking Phase 549.041ms
[15.659s][info][gc,phases,start] GC(170) Summary Phase
[15.659s][info][gc,phases      ] GC(170) Summary Phase 0.043ms
[15.659s][info][gc,phases,start] GC(170) Adjust Roots
[15.659s][info][gc,phases      ] GC(170) Adjust Roots 0.165ms
[15.659s][info][gc,phases,start] GC(170) Compaction Phase
[15.870s][info][gc,phases      ] GC(170) Compaction Phase 211.148ms
[15.870s][info][gc,phases,start] GC(170) Post Compact
[15.875s][info][gc,phases      ] GC(170) Post Compact 4.329ms
[15.875s][info][gc,heap        ] GC(170) PSYoungGen: 41120K(167424K)->8738K(167424K) Eden: 0K(40960K)->0K(40960K) From: 41120K(126464K)->8738K(126464K)
[15.876s][info][gc,heap        ] GC(170) ParOldGen: 2329726K(2359808K)->2359306K(2600960K)
[15.876s][info][gc,metaspace   ] GC(170) Metaspace: 6302K(6464K)->6302K(6464K) NonClass: 5769K(5824K)->5769K(5824K) Class: 533K(640K)->533K(640K)
[15.876s][info][gc             ] GC(170) Pause Full (Ergonomics) 2315M->2312M(2703M) 765.845ms
[15.876s][info][gc,cpu         ] GC(170) User=5.73s Sys=0.02s Real=0.77s
[15.927s][info][gc,start       ] GC(171) Pause Young (Allocation Failure)
[16.055s][info][gc,heap        ] GC(171) PSYoungGen: 49698K(167424K)->41120K(157184K) Eden: 40960K(40960K)->0K(45056K) From: 8738K(126464K)->41120K(112128K)
[16.055s][info][gc,heap        ] GC(171) ParOldGen: 2359306K(2600960K)->2368162K(2600960K)
[16.055s][info][gc,metaspace   ] GC(171) Metaspace: 6302K(6464K)->6302K(6464K) NonClass: 5769K(5824K)->5769K(5824K) Class: 533K(640K)->533K(640K)
[16.055s][info][gc             ] GC(171) Pause Young (Allocation Failure) 2352M->2352M(2693M) 128.645ms
[16.056s][info][gc,cpu         ] GC(171) User=0.77s Sys=0.02s Real=0.13s
[16.113s][info][gc,start       ] GC(172) Pause Young (Allocation Failure)
[16.164s][info][gc,heap        ] GC(172) PSYoungGen: 86176K(157184K)->86240K(162304K) Eden: 45056K(45056K)->0K(45056K) From: 41120K(112128K)->86240K(117248K)
[16.164s][info][gc,heap        ] GC(172) ParOldGen: 2368162K(2600960K)->2368162K(2600960K)
[16.164s][info][gc,metaspace   ] GC(172) Metaspace: 6302K(6464K)->6302K(6464K) NonClass: 5769K(5824K)->5769K(5824K) Class: 533K(640K)->533K(640K)
[16.164s][info][gc             ] GC(172) Pause Young (Allocation Failure) 2396M->2396M(2698M) 50.835ms
[16.164s][info][gc,cpu         ] GC(172) User=0.27s Sys=0.00s Real=0.05s
[16.218s][info][gc,start       ] GC(173) Pause Young (Allocation Failure)
[16.288s][info][gc,heap        ] GC(173) PSYoungGen: 131296K(162304K)->122880K(151040K) Eden: 45056K(45056K)->0K(28160K) From: 86240K(117248K)->122880K(122880K)
[16.288s][info][gc,heap        ] GC(173) ParOldGen: 2368162K(2600960K)->2376634K(2600960K)
[16.288s][info][gc,metaspace   ] GC(173) Metaspace: 6302K(6464K)->6302K(6464K) NonClass: 5769K(5824K)->5769K(5824K) Class: 533K(640K)->533K(640K)
[16.288s][info][gc             ] GC(173) Pause Young (Allocation Failure) 2440M->2440M(2687M) 70.060ms
[16.288s][info][gc,cpu         ] GC(173) User=0.38s Sys=0.00s Real=0.07s
[16.325s][info][gc,start       ] GC(174) Pause Young (Allocation Failure)
[16.409s][info][gc,heap        ] GC(174) PSYoungGen: 151040K(151040K)->70784K(99328K) Eden: 28160K(28160K)->0K(28160K) From: 122880K(122880K)->70784K(71168K)
[16.409s][info][gc,heap        ] GC(174) ParOldGen: 2376634K(2600960K)->2457626K(2600960K)
[16.409s][info][gc,metaspace   ] GC(174) Metaspace: 6302K(6464K)->6302K(6464K) NonClass: 5769K(5824K)->5769K(5824K) Class: 533K(640K)->533K(640K)
[16.409s][info][gc             ] GC(174) Pause Young (Allocation Failure) 2468M->2469M(2637M) 84.748ms
[16.409s][info][gc,cpu         ] GC(174) User=0.55s Sys=0.05s Real=0.09s
[16.442s][info][gc,start       ] GC(175) Pause Young (Allocation Failure)
[16.499s][info][gc,heap        ] GC(175) PSYoungGen: 98944K(99328K)->56480K(158720K) Eden: 28160K(28160K)->0K(31744K) From: 70784K(71168K)->56480K(126976K)
[16.499s][info][gc,heap        ] GC(175) ParOldGen: 2457626K(2600960K)->2500450K(2600960K)
[16.499s][info][gc,metaspace   ] GC(175) Metaspace: 6302K(6464K)->6302K(6464K) NonClass: 5769K(5824K)->5769K(5824K) Class: 533K(640K)->533K(640K)
[16.499s][info][gc             ] GC(175) Pause Young (Allocation Failure) 2496M->2497M(2695M) 56.324ms
[16.499s][info][gc,cpu         ] GC(175) User=0.38s Sys=0.00s Real=0.06s
[16.537s][info][gc,start       ] GC(176) Pause Young (Allocation Failure)
[16.588s][info][gc,heap        ] GC(176) PSYoungGen: 88224K(158720K)->60064K(92160K) Eden: 31744K(31744K)->0K(31744K) From: 56480K(126976K)->60064K(60416K)
[16.588s][info][gc,heap        ] GC(176) ParOldGen: 2500450K(2600960K)->2528874K(2600960K)
[16.588s][info][gc,metaspace   ] GC(176) Metaspace: 6302K(6464K)->6302K(6464K) NonClass: 5769K(5824K)->5769K(5824K) Class: 533K(640K)->533K(640K)
[16.588s][info][gc             ] GC(176) Pause Young (Allocation Failure) 2528M->2528M(2630M) 50.721ms
[16.588s][info][gc,cpu         ] GC(176) User=0.25s Sys=0.00s Real=0.05s
[16.588s][info][gc,start       ] GC(177) Pause Full (Ergonomics)
[16.588s][info][gc,phases,start] GC(177) Marking Phase
[17.197s][info][gc,phases      ] GC(177) Marking Phase 609.375ms
[17.197s][info][gc,phases,start] GC(177) Summary Phase
[17.197s][info][gc,phases      ] GC(177) Summary Phase 0.070ms
[17.197s][info][gc,phases,start] GC(177) Adjust Roots
[17.198s][info][gc,phases      ] GC(177) Adjust Roots 0.271ms
[17.198s][info][gc,phases,start] GC(177) Compaction Phase
[17.430s][info][gc,phases      ] GC(177) Compaction Phase 232.563ms
[17.430s][info][gc,phases,start] GC(177) Post Compact
[17.436s][info][gc,phases      ] GC(177) Post Compact 5.163ms
[17.437s][info][gc,heap        ] GC(177) PSYoungGen: 60064K(92160K)->0K(162304K) Eden: 0K(31744K)->0K(35840K) From: 60064K(60416K)->0K(126464K)
[17.437s][info][gc,heap        ] GC(177) ParOldGen: 2528874K(2600960K)->2586993K(2857984K)
[17.437s][info][gc,metaspace   ] GC(177) Metaspace: 6302K(6464K)->6302K(6464K) NonClass: 5769K(5824K)->5769K(5824K) Class: 533K(640K)->533K(640K)
[17.437s][info][gc             ] GC(177) Pause Full (Ergonomics) 2528M->2526M(2949M) 848.820ms
[17.437s][info][gc,cpu         ] GC(177) User=6.08s Sys=0.00s Real=0.85s
[17.482s][info][gc,start       ] GC(178) Pause Young (Allocation Failure)
[17.514s][info][gc,heap        ] GC(178) PSYoungGen: 35840K(162304K)->36032K(162304K) Eden: 35840K(35840K)->0K(35840K) From: 0K(126464K)->36032K(126464K)
[17.514s][info][gc,heap        ] GC(178) ParOldGen: 2586993K(2857984K)->2586993K(2857984K)
[17.514s][info][gc,metaspace   ] GC(178) Metaspace: 6302K(6464K)->6302K(6464K) NonClass: 5769K(5824K)->5769K(5824K) Class: 533K(640K)->533K(640K)
[17.514s][info][gc             ] GC(178) Pause Young (Allocation Failure) 2561M->2561M(2949M) 31.690ms
[17.514s][info][gc,cpu         ] GC(178) User=0.09s Sys=0.00s Real=0.03s
[17.557s][info][gc,start       ] GC(179) Pause Young (Allocation Failure)
[17.601s][info][gc,heap        ] GC(179) PSYoungGen: 71872K(162304K)->71872K(159232K) Eden: 35840K(35840K)->0K(39424K) From: 36032K(126464K)->71872K(119808K)
[17.601s][info][gc,heap        ] GC(179) ParOldGen: 2586993K(2857984K)->2586993K(2857984K)
[17.601s][info][gc,metaspace   ] GC(179) Metaspace: 6302K(6464K)->6302K(6464K) NonClass: 5769K(5824K)->5769K(5824K) Class: 533K(640K)->533K(640K)
[17.601s][info][gc             ] GC(179) Pause Young (Allocation Failure) 2596M->2596M(2946M) 44.787ms
[17.601s][info][gc,cpu         ] GC(179) User=0.23s Sys=0.00s Real=0.04s
[17.652s][info][gc,start       ] GC(180) Pause Young (Allocation Failure)
[17.713s][info][gc,heap        ] GC(180) PSYoungGen: 111296K(159232K)->111328K(161792K) Eden: 39424K(39424K)->0K(39424K) From: 71872K(119808K)->111328K(122368K)
[17.713s][info][gc,heap        ] GC(180) ParOldGen: 2586993K(2857984K)->2586993K(2857984K)
[17.713s][info][gc,metaspace   ] GC(180) Metaspace: 6302K(6464K)->6302K(6464K) NonClass: 5769K(5824K)->5769K(5824K) Class: 533K(640K)->533K(640K)
[17.713s][info][gc             ] GC(180) Pause Young (Allocation Failure) 2635M->2635M(2949M) 60.660ms
[17.713s][info][gc,cpu         ] GC(180) User=0.38s Sys=0.00s Real=0.06s
[17.759s][info][gc,start       ] GC(181) Pause Young (Allocation Failure)
[17.839s][info][gc,heap        ] GC(181) PSYoungGen: 150752K(161792K)->135168K(154624K) Eden: 39424K(39424K)->0K(19456K) From: 111328K(122368K)->135168K(135168K)
[17.839s][info][gc,heap        ] GC(181) ParOldGen: 2586993K(2857984K)->2602681K(2857984K)
[17.839s][info][gc,metaspace   ] GC(181) Metaspace: 6302K(6464K)->6302K(6464K) NonClass: 5769K(5824K)->5769K(5824K) Class: 533K(640K)->533K(640K)
[17.839s][info][gc             ] GC(181) Pause Young (Allocation Failure) 2673M->2673M(2942M) 79.698ms
[17.839s][info][gc,cpu         ] GC(181) User=0.48s Sys=0.02s Real=0.08s
[17.860s][info][gc,start       ] GC(182) Pause Young (Allocation Failure)
[17.938s][info][gc,heap        ] GC(182) PSYoungGen: 154624K(154624K)->122880K(178688K) Eden: 19456K(19456K)->0K(19456K) From: 135168K(135168K)->122880K(159232K)
[17.938s][info][gc,heap        ] GC(182) ParOldGen: 2602681K(2857984K)->2634881K(2857984K)
[17.938s][info][gc,metaspace   ] GC(182) Metaspace: 6302K(6464K)->6302K(6464K) NonClass: 5769K(5824K)->5769K(5824K) Class: 533K(640K)->533K(640K)
[17.938s][info][gc             ] GC(182) Pause Young (Allocation Failure) 2692M->2693M(2965M) 77.828ms
[17.938s][info][gc,cpu         ] GC(182) User=0.48s Sys=0.02s Real=0.08s
[17.960s][info][gc,start       ] GC(183) Pause Young (Allocation Failure)
[18.039s][info][gc,heap        ] GC(183) PSYoungGen: 142336K(178688K)->109536K(187904K) Eden: 19456K(19456K)->0K(19456K) From: 122880K(159232K)->109536K(168448K)
[18.039s][info][gc,heap        ] GC(183) ParOldGen: 2634881K(2857984K)->2667897K(2857984K)
[18.039s][info][gc,metaspace   ] GC(183) Metaspace: 6302K(6464K)->6302K(6464K) NonClass: 5769K(5824K)->5769K(5824K) Class: 533K(640K)->533K(640K)
[18.039s][info][gc             ] GC(183) Pause Young (Allocation Failure) 2712M->2712M(2974M) 79.429ms
[18.039s][info][gc,cpu         ] GC(183) User=0.41s Sys=0.00s Real=0.08s
[18.063s][info][gc,start       ] GC(184) Pause Young (Allocation Failure)
[18.134s][info][gc,heap        ] GC(184) PSYoungGen: 128992K(187904K)->58496K(78336K) Eden: 19456K(19456K)->0K(19456K) From: 109536K(168448K)->58496K(58880K)
[18.134s][info][gc,heap        ] GC(184) ParOldGen: 2667897K(2857984K)->2738905K(2857984K)
[18.134s][info][gc,metaspace   ] GC(184) Metaspace: 6302K(6464K)->6302K(6464K) NonClass: 5769K(5824K)->5769K(5824K) Class: 533K(640K)->533K(640K)
[18.134s][info][gc             ] GC(184) Pause Young (Allocation Failure) 2731M->2731M(2867M) 70.686ms
[18.134s][info][gc,cpu         ] GC(184) User=0.48s Sys=0.02s Real=0.07s
[18.158s][info][gc,start       ] GC(185) Pause Young (Allocation Failure)
[18.203s][info][gc,heap        ] GC(185) PSYoungGen: 77952K(78336K)->39040K(185344K) Eden: 19456K(19456K)->0K(22528K) From: 58496K(58880K)->39040K(162816K)
[18.203s][info][gc,heap        ] GC(185) ParOldGen: 2738905K(2857984K)->2778145K(2857984K)
[18.203s][info][gc,metaspace   ] GC(185) Metaspace: 6302K(6464K)->6302K(6464K) NonClass: 5769K(5824K)->5769K(5824K) Class: 533K(640K)->533K(640K)
[18.203s][info][gc             ] GC(185) Pause Young (Allocation Failure) 2750M->2751M(2972M) 45.275ms
[18.203s][info][gc,cpu         ] GC(185) User=0.22s Sys=0.03s Real=0.05s
[18.232s][info][gc,start       ] GC(186) Pause Young (Allocation Failure)
[18.271s][info][gc,heap        ] GC(186) PSYoungGen: 61568K(185344K)->22688K(186880K) Eden: 22528K(22528K)->0K(22528K) From: 39040K(162816K)->22688K(164352K)
[18.271s][info][gc,heap        ] GC(186) ParOldGen: 2778145K(2857984K)->2817369K(2857984K)
[18.271s][info][gc,metaspace   ] GC(186) Metaspace: 6302K(6464K)->6302K(6464K) NonClass: 5769K(5824K)->5769K(5824K) Class: 533K(640K)->533K(640K)
[18.271s][info][gc             ] GC(186) Pause Young (Allocation Failure) 2773M->2773M(2973M) 38.728ms
[18.271s][info][gc,cpu         ] GC(186) User=0.19s Sys=0.03s Real=0.04s
[18.271s][info][gc,start       ] GC(187) Pause Full (Ergonomics)
[18.271s][info][gc,phases,start] GC(187) Marking Phase
[18.920s][info][gc,phases      ] GC(187) Marking Phase 649.165ms
[18.920s][info][gc,phases,start] GC(187) Summary Phase
[18.920s][info][gc,phases      ] GC(187) Summary Phase 0.082ms
[18.920s][info][gc,phases,start] GC(187) Adjust Roots
[18.920s][info][gc,phases      ] GC(187) Adjust Roots 0.224ms
[18.920s][info][gc,phases,start] GC(187) Compaction Phase
[19.157s][info][gc,phases      ] GC(187) Compaction Phase 236.584ms
[19.157s][info][gc,phases,start] GC(187) Post Compact
[19.162s][info][gc,phases      ] GC(187) Post Compact 5.022ms
[19.163s][info][gc,heap        ] GC(187) PSYoungGen: 22688K(186880K)->0K(190464K) Eden: 0K(22528K)->0K(25600K) From: 22688K(164352K)->0K(164864K)
[19.163s][info][gc,heap        ] GC(187) ParOldGen: 2817369K(2857984K)->2837587K(3129344K)
[19.163s][info][gc,metaspace   ] GC(187) Metaspace: 6302K(6464K)->6302K(6464K) NonClass: 5769K(5824K)->5769K(5824K) Class: 533K(640K)->533K(640K)
[19.163s][info][gc             ] GC(187) Pause Full (Ergonomics) 2773M->2771M(3242M) 892.356ms
[19.163s][info][gc,cpu         ] GC(187) User=6.61s Sys=0.09s Real=0.89s
[19.739s][info][gc,start       ] GC(188) Pause Young (Allocation Failure)
[19.834s][info][gc,heap        ] GC(188) PSYoungGen: 25600K(190464K)->25728K(190464K) Eden: 25600K(25600K)->0K(25600K) From: 0K(164864K)->25728K(164864K)
[19.834s][info][gc,heap        ] GC(188) ParOldGen: 2968659K(3129344K)->2968659K(3129344K)
[19.834s][info][gc,metaspace   ] GC(188) Metaspace: 6302K(6464K)->6302K(6464K) NonClass: 5769K(5824K)->5769K(5824K) Class: 533K(640K)->533K(640K)
[19.834s][info][gc             ] GC(188) Pause Young (Allocation Failure) 2924M->2924M(3242M) 94.855ms
[19.834s][info][gc,cpu         ] GC(188) User=0.48s Sys=0.00s Real=0.10s
[19.861s][info][gc,start       ] GC(189) Pause Young (Allocation Failure)
[19.913s][info][gc,heap        ] GC(189) PSYoungGen: 51328K(190464K)->25728K(186368K) Eden: 25600K(25600K)->0K(28672K) From: 25728K(164864K)->25728K(157696K)
[19.913s][info][gc,heap        ] GC(189) ParOldGen: 2968659K(3129344K)->2994491K(3129344K)
[19.913s][info][gc,metaspace   ] GC(189) Metaspace: 6302K(6464K)->6302K(6464K) NonClass: 5769K(5824K)->5769K(5824K) Class: 533K(640K)->533K(640K)
[19.913s][info][gc             ] GC(189) Pause Young (Allocation Failure) 2949M->2949M(3238M) 51.915ms
[19.913s][info][gc,cpu         ] GC(189) User=0.12s Sys=0.03s Real=0.05s
[19.943s][info][gc,start       ] GC(190) Pause Young (Allocation Failure)
[19.992s][info][gc,heap        ] GC(190) PSYoungGen: 54400K(186368K)->28832K(57856K) Eden: 28672K(28672K)->0K(28672K) From: 25728K(157696K)->28832K(29184K)
[19.992s][info][gc,heap        ] GC(190) ParOldGen: 2994491K(3129344K)->3020323K(3129344K)
[19.992s][info][gc,metaspace   ] GC(190) Metaspace: 6302K(6464K)->6302K(6464K) NonClass: 5769K(5824K)->5769K(5824K) Class: 533K(640K)->533K(640K)
[19.992s][info][gc             ] GC(190) Pause Young (Allocation Failure) 2977M->2977M(3112M) 48.397ms
[19.992s][info][gc,cpu         ] GC(190) User=0.16s Sys=0.02s Real=0.05s
[20.023s][info][gc,start       ] GC(191) Pause Young (Allocation Failure)
[20.075s][info][gc,heap        ] GC(191) PSYoungGen: 57504K(57856K)->28800K(179200K) Eden: 28672K(28672K)->0K(32256K) From: 28832K(29184K)->28800K(146944K)
[20.076s][info][gc,heap        ] GC(191) ParOldGen: 3020323K(3129344K)->3049267K(3129344K)
[20.076s][info][gc,metaspace   ] GC(191) Metaspace: 6302K(6464K)->6302K(6464K) NonClass: 5769K(5824K)->5769K(5824K) Class: 533K(640K)->533K(640K)
[20.076s][info][gc             ] GC(191) Pause Young (Allocation Failure) 3005M->3005M(3231M) 52.223ms
[20.076s][info][gc,cpu         ] GC(191) User=0.16s Sys=0.03s Real=0.05s
[20.109s][info][gc,start       ] GC(192) Pause Young (Allocation Failure)
[20.165s][info][gc,heap        ] GC(192) PSYoungGen: 61056K(179200K)->32448K(65024K) Eden: 32256K(32256K)->0K(32256K) From: 28800K(146944K)->32448K(32768K)
[20.165s][info][gc,heap        ] GC(192) ParOldGen: 3049267K(3129344K)->3078203K(3129344K)
[20.165s][info][gc,metaspace   ] GC(192) Metaspace: 6302K(6464K)->6302K(6464K) NonClass: 5769K(5824K)->5769K(5824K) Class: 533K(640K)->533K(640K)
[20.165s][info][gc             ] GC(192) Pause Young (Allocation Failure) 3037M->3037M(3119M) 56.213ms
[20.165s][info][gc,cpu         ] GC(192) User=0.14s Sys=0.02s Real=0.06s
[20.166s][info][gc,start       ] GC(193) Pause Full (Ergonomics)
[20.166s][info][gc,phases,start] GC(193) Marking Phase
[20.851s][info][gc,phases      ] GC(193) Marking Phase 685.356ms
[20.851s][info][gc,phases,start] GC(193) Summary Phase
[20.851s][info][gc,phases      ] GC(193) Summary Phase 0.076ms
[20.851s][info][gc,phases,start] GC(193) Adjust Roots
[20.851s][info][gc,phases      ] GC(193) Adjust Roots 0.170ms
[20.851s][info][gc,phases,start] GC(193) Compaction Phase
[21.321s][info][gc,phases      ] GC(193) Compaction Phase 469.822ms
[21.321s][info][gc,phases,start] GC(193) Post Compact
[21.327s][info][gc,phases      ] GC(193) Post Compact 6.273ms
[21.328s][info][gc,heap        ] GC(193) PSYoungGen: 32448K(65024K)->0K(182272K) Eden: 0K(32256K)->0K(36352K) From: 32448K(32768K)->0K(145920K)
[21.328s][info][gc,heap        ] GC(193) ParOldGen: 3078203K(3129344K)->3043778K(3342848K)
[21.328s][info][gc,metaspace   ] GC(193) Metaspace: 6302K(6464K)->6302K(6464K) NonClass: 5769K(5824K)->5769K(5824K) Class: 533K(640K)->533K(640K)
[21.328s][info][gc             ] GC(193) Pause Full (Ergonomics) 3037M->2972M(3442M) 1162.746ms
[21.328s][info][gc,cpu         ] GC(193) User=8.20s Sys=0.05s Real=1.16s
[21.364s][info][gc,start       ] GC(194) Pause Young (Allocation Failure)
[21.404s][info][gc,heap        ] GC(194) PSYoungGen: 36352K(182272K)->36544K(73216K) Eden: 36352K(36352K)->0K(36352K) From: 0K(145920K)->36544K(36864K)
[21.404s][info][gc,heap        ] GC(194) ParOldGen: 3043778K(3342848K)->3043778K(3342848K)
[21.404s][info][gc,metaspace   ] GC(194) Metaspace: 6302K(6464K)->6302K(6464K) NonClass: 5769K(5824K)->5769K(5824K) Class: 533K(640K)->533K(640K)
[21.404s][info][gc             ] GC(194) Pause Young (Allocation Failure) 3007M->3008M(3336M) 39.435ms
[21.404s][info][gc,cpu         ] GC(194) User=0.05s Sys=0.00s Real=0.04s
[21.436s][info][gc,start       ] GC(195) Pause Young (Allocation Failure)
[21.486s][info][gc,heap        ] GC(195) PSYoungGen: 72896K(73216K)->72896K(178688K) Eden: 36352K(36352K)->0K(40448K) From: 36544K(36864K)->72896K(138240K)
[21.486s][info][gc,heap        ] GC(195) ParOldGen: 3043778K(3342848K)->3043778K(3342848K)
[21.486s][info][gc,metaspace   ] GC(195) Metaspace: 6302K(6464K)->6302K(6464K) NonClass: 5769K(5824K)->5769K(5824K) Class: 533K(640K)->533K(640K)
[21.486s][info][gc             ] GC(195) Pause Young (Allocation Failure) 3043M->3043M(3439M) 50.139ms
[21.486s][info][gc,cpu         ] GC(195) User=0.11s Sys=0.00s Real=0.05s
[21.526s][info][gc,start       ] GC(196) Pause Young (Allocation Failure)
[21.589s][info][gc,heap        ] GC(196) PSYoungGen: 113344K(178688K)->76992K(179200K) Eden: 40448K(40448K)->0K(40448K) From: 72896K(138240K)->76992K(138752K)
[21.590s][info][gc,heap        ] GC(196) ParOldGen: 3043778K(3342848K)->3080458K(3342848K)
[21.590s][info][gc,metaspace   ] GC(196) Metaspace: 6302K(6464K)->6302K(6464K) NonClass: 5769K(5824K)->5769K(5824K) Class: 533K(640K)->533K(640K)
[21.590s][info][gc             ] GC(196) Pause Young (Allocation Failure) 3083M->3083M(3439M) 63.911ms
[21.590s][info][gc,cpu         ] GC(196) User=0.20s Sys=0.00s Real=0.06s
[21.637s][info][gc,start       ] GC(197) Pause Young (Allocation Failure)
[21.707s][info][gc,heap        ] GC(197) PSYoungGen: 117440K(179200K)->81152K(182784K) Eden: 40448K(40448K)->0K(44032K) From: 76992K(138752K)->81152K(138752K)
[21.707s][info][gc,heap        ] GC(197) ParOldGen: 3080458K(3342848K)->3117154K(3342848K)
[21.707s][info][gc,metaspace   ] GC(197) Metaspace: 6302K(6464K)->6302K(6464K) NonClass: 5769K(5824K)->5769K(5824K) Class: 533K(640K)->533K(640K)
[21.707s][info][gc             ] GC(197) Pause Young (Allocation Failure) 3122M->3123M(3443M) 70.122ms
[21.707s][info][gc,cpu         ] GC(197) User=0.23s Sys=0.03s Real=0.07s
[21.754s][info][gc,start       ] GC(198) Pause Young (Allocation Failure)
[21.824s][info][gc,heap        ] GC(198) PSYoungGen: 125184K(182784K)->84736K(183808K) Eden: 44032K(44032K)->0K(44032K) From: 81152K(138752K)->84736K(139776K)
[21.824s][info][gc,heap        ] GC(198) ParOldGen: 3117154K(3342848K)->3157970K(3342848K)
[21.824s][info][gc,metaspace   ] GC(198) Metaspace: 6302K(6464K)->6302K(6464K) NonClass: 5769K(5824K)->5769K(5824K) Class: 533K(640K)->533K(640K)
[21.824s][info][gc             ] GC(198) Pause Young (Allocation Failure) 3166M->3166M(3444M) 69.739ms
[21.824s][info][gc,cpu         ] GC(198) User=0.28s Sys=0.02s Real=0.07s
[21.869s][info][gc,start       ] GC(199) Pause Young (Allocation Failure)
[21.941s][info][gc,heap        ] GC(199) PSYoungGen: 128768K(183808K)->88320K(188416K) Eden: 44032K(44032K)->0K(47104K) From: 84736K(139776K)->88320K(141312K)
[21.941s][info][gc,heap        ] GC(199) ParOldGen: 3157970K(3342848K)->3198786K(3342848K)
[21.941s][info][gc,metaspace   ] GC(199) Metaspace: 6302K(6464K)->6302K(6464K) NonClass: 5769K(5824K)->5769K(5824K) Class: 533K(640K)->533K(640K)
[21.941s][info][gc             ] GC(199) Pause Young (Allocation Failure) 3209M->3210M(3448M) 72.490ms
[21.941s][info][gc,cpu         ] GC(199) User=0.28s Sys=0.02s Real=0.07s
[21.989s][info][gc,start       ] GC(200) Pause Young (Allocation Failure)
[22.061s][info][gc,heap        ] GC(200) PSYoungGen: 135424K(188416K)->91360K(190464K) Eden: 47104K(47104K)->0K(47104K) From: 88320K(141312K)->91360K(143360K)
[22.061s][info][gc,heap        ] GC(200) ParOldGen: 3198786K(3342848K)->3243210K(3342848K)
[22.061s][info][gc,metaspace   ] GC(200) Metaspace: 6302K(6464K)->6302K(6464K) NonClass: 5769K(5824K)->5769K(5824K) Class: 533K(640K)->533K(640K)
[22.061s][info][gc             ] GC(200) Pause Young (Allocation Failure) 3256M->3256M(3450M) 72.511ms
[22.061s][info][gc,cpu         ] GC(200) User=0.28s Sys=0.02s Real=0.07s
[22.110s][info][gc,start       ] GC(201) Pause Young (Allocation Failure)
[22.183s][info][gc,heap        ] GC(201) PSYoungGen: 138464K(190464K)->94464K(195584K) Eden: 47104K(47104K)->0K(50176K) From: 91360K(143360K)->94464K(145408K)
[22.183s][info][gc,heap        ] GC(201) ParOldGen: 3243210K(3342848K)->3287666K(3342848K)
[22.183s][info][gc,metaspace   ] GC(201) Metaspace: 6302K(6464K)->6302K(6464K) NonClass: 5769K(5824K)->5769K(5824K) Class: 533K(640K)->533K(640K)
[22.183s][info][gc             ] GC(201) Pause Young (Allocation Failure) 3302M->3302M(3455M) 72.770ms
[22.183s][info][gc,cpu         ] GC(201) User=0.36s Sys=0.03s Real=0.07s
[22.183s][info][gc,start       ] GC(202) Pause Full (Ergonomics)
[22.183s][info][gc,phases,start] GC(202) Marking Phase
[22.948s][info][gc,phases      ] GC(202) Marking Phase 764.797ms
[22.948s][info][gc,phases,start] GC(202) Summary Phase
[22.948s][info][gc,phases      ] GC(202) Summary Phase 0.049ms
[22.948s][info][gc,phases,start] GC(202) Adjust Roots
[22.948s][info][gc,phases      ] GC(202) Adjust Roots 0.174ms
[22.948s][info][gc,phases,start] GC(202) Compaction Phase
[23.650s][info][gc,phases      ] GC(202) Compaction Phase 702.165ms
[23.651s][info][gc,phases,start] GC(202) Post Compact
[23.657s][info][gc,phases      ] GC(202) Post Compact 6.453ms
[23.658s][info][gc,heap        ] GC(202) PSYoungGen: 94464K(195584K)->36912K(195584K) Eden: 0K(50176K)->0K(50176K) From: 94464K(145408K)->36912K(145408K)
[23.658s][info][gc,heap        ] GC(202) ParOldGen: 3287666K(3342848K)->3342480K(3677184K)
[23.658s][info][gc,metaspace   ] GC(202) Metaspace: 6302K(6464K)->6302K(6464K) NonClass: 5769K(5824K)->5769K(5824K) Class: 533K(640K)->533K(640K)
[23.658s][info][gc             ] GC(202) Pause Full (Ergonomics) 3302M->3300M(3782M) 1475.084ms
[23.658s][info][gc,cpu         ] GC(202) User=10.12s Sys=0.11s Real=1.48s
[23.716s][info][gc,start       ] GC(203) Pause Young (Allocation Failure)
[23.896s][info][gc,heap        ] GC(203) PSYoungGen: 87088K(195584K)->71744K(122368K) Eden: 50176K(50176K)->0K(50176K) From: 36912K(145408K)->71744K(72192K)
[23.896s][info][gc,heap        ] GC(203) ParOldGen: 3342480K(3677184K)->3358280K(3677184K)
[23.896s][info][gc,metaspace   ] GC(203) Metaspace: 6302K(6464K)->6302K(6464K) NonClass: 5769K(5824K)->5769K(5824K) Class: 533K(640K)->533K(640K)
[23.896s][info][gc             ] GC(203) Pause Young (Allocation Failure) 3349M->3349M(3710M) 179.653ms
[23.896s][info][gc,cpu         ] GC(203) User=1.14s Sys=0.00s Real=0.18s
[23.951s][info][gc,start       ] GC(204) Pause Young (Allocation Failure)
[24.021s][info][gc,heap        ] GC(204) PSYoungGen: 121920K(122368K)->121952K(183808K) Eden: 50176K(50176K)->0K(43008K) From: 71744K(72192K)->121952K(140800K)
[24.021s][info][gc,heap        ] GC(204) ParOldGen: 3358280K(3677184K)->3358280K(3677184K)
[24.021s][info][gc,metaspace   ] GC(204) Metaspace: 6302K(6464K)->6302K(6464K) NonClass: 5769K(5824K)->5769K(5824K) Class: 533K(640K)->533K(640K)
[24.021s][info][gc             ] GC(204) Pause Young (Allocation Failure) 3398M->3398M(3770M) 70.032ms
[24.021s][info][gc,cpu         ] GC(204) User=0.28s Sys=0.00s Real=0.07s
[24.061s][info][gc,start       ] GC(205) Pause Young (Allocation Failure)
[24.144s][info][gc,heap        ] GC(205) PSYoungGen: 164960K(183808K)->153088K(196096K) Eden: 43008K(43008K)->0K(43008K) From: 121952K(140800K)->153088K(153088K)
[24.144s][info][gc,heap        ] GC(205) ParOldGen: 3358280K(3677184K)->3370208K(3677184K)
[24.144s][info][gc,metaspace   ] GC(205) Metaspace: 6302K(6464K)->6302K(6464K) NonClass: 5769K(5824K)->5769K(5824K) Class: 533K(640K)->533K(640K)
[24.144s][info][gc             ] GC(205) Pause Young (Allocation Failure) 3440M->3440M(3782M) 83.494ms
[24.144s][info][gc,cpu         ] GC(205) User=0.47s Sys=0.03s Real=0.08s
[24.189s][info][gc,start       ] GC(206) Pause Young (Allocation Failure)
[24.288s][info][gc,heap        ] GC(206) PSYoungGen: 196096K(196096K)->129312K(219648K) Eden: 43008K(43008K)->0K(40960K) From: 153088K(153088K)->129312K(178688K)
[24.289s][info][gc,heap        ] GC(206) ParOldGen: 3370208K(3677184K)->3437736K(3677184K)
[24.289s][info][gc,metaspace   ] GC(206) Metaspace: 6302K(6464K)->6302K(6464K) NonClass: 5769K(5824K)->5769K(5824K) Class: 533K(640K)->533K(640K)
[24.289s][info][gc             ] GC(206) Pause Young (Allocation Failure) 3482M->3483M(3805M) 99.665ms
[24.289s][info][gc,cpu         ] GC(206) User=0.70s Sys=0.05s Real=0.10s
[24.333s][info][gc,start       ] GC(207) Pause Young (Allocation Failure)
[24.418s][info][gc,heap        ] GC(207) PSYoungGen: 170272K(219648K)->127200K(226816K) Eden: 40960K(40960K)->0K(40960K) From: 129312K(178688K)->127200K(185856K)
[24.418s][info][gc,heap        ] GC(207) ParOldGen: 3437736K(3677184K)->3481184K(3677184K)
[24.418s][info][gc,metaspace   ] GC(207) Metaspace: 6302K(6464K)->6302K(6464K) NonClass: 5769K(5824K)->5769K(5824K) Class: 533K(640K)->533K(640K)
[24.418s][info][gc             ] GC(207) Pause Young (Allocation Failure) 3523M->3523M(3812M) 84.995ms
[24.418s][info][gc,cpu         ] GC(207) User=0.53s Sys=0.09s Real=0.09s
[24.463s][info][gc,start       ] GC(208) Pause Young (Allocation Failure)
[24.549s][info][gc,heap        ] GC(208) PSYoungGen: 168160K(226816K)->125248K(233984K) Eden: 40960K(40960K)->0K(43520K) From: 127200K(185856K)->125248K(190464K)
[24.549s][info][gc,heap        ] GC(208) ParOldGen: 3481184K(3677184K)->3524456K(3677184K)
[24.549s][info][gc,metaspace   ] GC(208) Metaspace: 6302K(6464K)->6302K(6464K) NonClass: 5769K(5824K)->5769K(5824K) Class: 533K(640K)->533K(640K)
[24.549s][info][gc             ] GC(208) Pause Young (Allocation Failure) 3563M->3564M(3819M) 85.261ms
[24.549s][info][gc,cpu         ] GC(208) User=0.61s Sys=0.03s Real=0.09s
[24.594s][info][gc,start       ] GC(209) Pause Young (Allocation Failure)
[24.680s][info][gc,heap        ] GC(209) PSYoungGen: 168768K(233984K)->125792K(236544K) Eden: 43520K(43520K)->0K(43520K) From: 125248K(190464K)->125792K(193024K)
[24.680s][info][gc,heap        ] GC(209) ParOldGen: 3524456K(3677184K)->3567848K(3677184K)
[24.680s][info][gc,metaspace   ] GC(209) Metaspace: 6302K(6464K)->6302K(6464K) NonClass: 5769K(5824K)->5769K(5824K) Class: 533K(640K)->533K(640K)
[24.680s][info][gc             ] GC(209) Pause Young (Allocation Failure) 3606M->3607M(3822M) 86.014ms
[24.680s][info][gc,cpu         ] GC(209) User=0.59s Sys=0.03s Real=0.09s
[24.723s][info][gc,start       ] GC(210) Pause Young (Allocation Failure)
[24.810s][info][gc,heap        ] GC(210) PSYoungGen: 169312K(236544K)->87328K(228352K) Eden: 43520K(43520K)->0K(49152K) From: 125792K(193024K)->87328K(179200K)
[24.810s][info][gc,heap        ] GC(210) ParOldGen: 3567848K(3677184K)->3650464K(3677184K)
[24.810s][info][gc,metaspace   ] GC(210) Metaspace: 6302K(6464K)->6302K(6464K) NonClass: 5769K(5824K)->5769K(5824K) Class: 533K(640K)->533K(640K)
[24.810s][info][gc             ] GC(210) Pause Young (Allocation Failure) 3649M->3650M(3814M) 86.971ms
[24.810s][info][gc,cpu         ] GC(210) User=0.50s Sys=0.12s Real=0.09s
[24.810s][info][gc,start       ] GC(211) Pause Full (Ergonomics)
[24.810s][info][gc,phases,start] GC(211) Marking Phase
[25.671s][info][gc,phases      ] GC(211) Marking Phase 861.046ms
[25.671s][info][gc,phases,start] GC(211) Summary Phase
[25.671s][info][gc,phases      ] GC(211) Summary Phase 0.053ms
[25.671s][info][gc,phases,start] GC(211) Adjust Roots
[25.671s][info][gc,phases      ] GC(211) Adjust Roots 0.164ms
[25.671s][info][gc,phases,start] GC(211) Compaction Phase
[26.067s][info][gc,phases      ] GC(211) Compaction Phase 395.458ms
[26.067s][info][gc,phases,start] GC(211) Post Compact
[26.074s][info][gc,phases      ] GC(211) Post Compact 7.292ms
[26.075s][info][gc,heap        ] GC(211) PSYoungGen: 87328K(228352K)->57333K(235008K) Eden: 0K(49152K)->0K(55808K) From: 87328K(179200K)->57333K(179200K)
[26.075s][info][gc,heap        ] GC(211) ParOldGen: 3650464K(3677184K)->3677130K(4063744K)
[26.075s][info][gc,metaspace   ] GC(211) Metaspace: 6302K(6464K)->6302K(6464K) NonClass: 5769K(5824K)->5769K(5824K) Class: 533K(640K)->533K(640K)
[26.075s][info][gc             ] GC(211) Pause Full (Ergonomics) 3650M->3646M(4198M) 1265.622ms
[26.075s][info][gc,cpu         ] GC(211) User=8.81s Sys=0.02s Real=1.27s
[26.130s][info][gc,start       ] GC(212) Pause Young (Allocation Failure)
[26.340s][info][gc,heap        ] GC(212) PSYoungGen: 113141K(235008K)->56064K(242688K) Eden: 55808K(55808K)->0K(55808K) From: 57333K(179200K)->56064K(186880K)
[26.340s][info][gc,heap        ] GC(212) ParOldGen: 3677130K(4063744K)->3735050K(4063744K)
[26.340s][info][gc,metaspace   ] GC(212) Metaspace: 6302K(6464K)->6302K(6464K) NonClass: 5769K(5824K)->5769K(5824K) Class: 533K(640K)->533K(640K)
[26.340s][info][gc             ] GC(212) Pause Young (Allocation Failure) 3701M->3702M(4205M) 210.418ms
[26.340s][info][gc,cpu         ] GC(212) User=1.47s Sys=0.03s Real=0.21s
[26.397s][info][gc,start       ] GC(213) Pause Young (Allocation Failure)
[26.465s][info][gc,heap        ] GC(213) PSYoungGen: 111872K(242688K)->56000K(241664K) Eden: 55808K(55808K)->0K(61952K) From: 56064K(186880K)->56000K(179712K)
[26.465s][info][gc,heap        ] GC(213) ParOldGen: 3735050K(4063744K)->3791386K(4063744K)
[26.465s][info][gc,metaspace   ] GC(213) Metaspace: 6302K(6464K)->6302K(6464K) NonClass: 5769K(5824K)->5769K(5824K) Class: 533K(640K)->533K(640K)
[26.465s][info][gc             ] GC(213) Pause Young (Allocation Failure) 3756M->3757M(4204M) 68.747ms
[26.465s][info][gc,cpu         ] GC(213) User=0.25s Sys=0.03s Real=0.07s
[26.535s][info][gc,start       ] GC(214) Pause Young (Allocation Failure)
[26.608s][info][gc,heap        ] GC(214) PSYoungGen: 117952K(241664K)->62176K(244224K) Eden: 61952K(61952K)->0K(61952K) From: 56000K(179712K)->62176K(182272K)
[26.608s][info][gc,heap        ] GC(214) ParOldGen: 3791386K(4063744K)->3847714K(4063744K)
[26.608s][info][gc,metaspace   ] GC(214) Metaspace: 6302K(6464K)->6302K(6464K) NonClass: 5769K(5824K)->5769K(5824K) Class: 533K(640K)->533K(640K)
[26.608s][info][gc             ] GC(214) Pause Young (Allocation Failure) 3817M->3818M(4207M) 72.359ms
[26.608s][info][gc,cpu         ] GC(214) User=0.34s Sys=0.06s Real=0.07s
[26.671s][info][gc,start       ] GC(215) Pause Young (Allocation Failure)
[26.744s][info][gc,heap        ] GC(215) PSYoungGen: 124128K(244224K)->62176K(236032K) Eden: 61952K(61952K)->0K(68608K) From: 62176K(182272K)->62176K(167424K)
[26.744s][info][gc,heap        ] GC(215) ParOldGen: 3847714K(4063744K)->3910226K(4063744K)
[26.744s][info][gc,metaspace   ] GC(215) Metaspace: 6302K(6464K)->6302K(6464K) NonClass: 5769K(5824K)->5769K(5824K) Class: 533K(640K)->533K(640K)
[26.744s][info][gc             ] GC(215) Pause Young (Allocation Failure) 3878M->3879M(4199M) 73.291ms
[26.744s][info][gc,cpu         ] GC(215) User=0.39s Sys=0.03s Real=0.07s
[26.814s][info][gc,start       ] GC(216) Pause Young (Allocation Failure)
[26.889s][info][gc,heap        ] GC(216) PSYoungGen: 130784K(236032K)->68864K(241152K) Eden: 68608K(68608K)->0K(68608K) From: 62176K(167424K)->68864K(172544K)
[26.889s][info][gc,heap        ] GC(216) ParOldGen: 3910226K(4063744K)->3972762K(4063744K)
[26.889s][info][gc,metaspace   ] GC(216) Metaspace: 6302K(6464K)->6302K(6464K) NonClass: 5769K(5824K)->5769K(5824K) Class: 533K(640K)->533K(640K)
[26.889s][info][gc             ] GC(216) Pause Young (Allocation Failure) 3946M->3946M(4204M) 75.223ms
[26.889s][info][gc,cpu         ] GC(216) User=0.47s Sys=0.02s Real=0.07s
[26.889s][info][gc,start       ] GC(217) Pause Full (Ergonomics)
[26.889s][info][gc,phases,start] GC(217) Marking Phase
[27.817s][info][gc,phases      ] GC(217) Marking Phase 928.540ms
[27.817s][info][gc,phases,start] GC(217) Summary Phase
[27.818s][info][gc,phases      ] GC(217) Summary Phase 0.075ms
[27.818s][info][gc,phases,start] GC(217) Adjust Roots
[27.818s][info][gc,phases      ] GC(217) Adjust Roots 0.160ms
[27.818s][info][gc,phases,start] GC(217) Compaction Phase
[28.203s][info][gc,phases      ] GC(217) Compaction Phase 385.387ms
[28.203s][info][gc,phases,start] GC(217) Post Compact
[28.210s][info][gc,phases      ] GC(217) Post Compact 7.012ms
[28.212s][info][gc,heap        ] GC(217) PSYoungGen: 68864K(241152K)->0K(242688K) Eden: 0K(68608K)->0K(76288K) From: 68864K(172544K)->0K(166400K)
[28.212s][info][gc,heap        ] GC(217) ParOldGen: 3972762K(4063744K)->4038430K(4466688K)
[28.212s][info][gc,metaspace   ] GC(217) Metaspace: 6302K(6464K)->6302K(6464K) NonClass: 5769K(5824K)->5769K(5824K) Class: 533K(640K)->533K(640K)
[28.212s][info][gc             ] GC(217) Pause Full (Ergonomics) 3946M->3943M(4599M) 1322.791ms
[28.212s][info][gc,cpu         ] GC(217) User=9.53s Sys=0.08s Real=1.32s
[28.301s][info][gc,start       ] GC(218) Pause Young (Allocation Failure)
[28.359s][info][gc,heap        ] GC(218) PSYoungGen: 76288K(242688K)->76576K(153088K) Eden: 76288K(76288K)->0K(76288K) From: 0K(166400K)->76576K(76800K)
[28.359s][info][gc,heap        ] GC(218) ParOldGen: 4038430K(4466688K)->4038430K(4466688K)
[28.359s][info][gc,metaspace   ] GC(218) Metaspace: 6302K(6464K)->6302K(6464K) NonClass: 5769K(5824K)->5769K(5824K) Class: 533K(640K)->533K(640K)
[28.359s][info][gc             ] GC(218) Pause Young (Allocation Failure) 4018M->4018M(4511M) 57.496ms
[28.359s][info][gc,cpu         ] GC(218) User=0.17s Sys=0.00s Real=0.06s
[28.436s][info][gc,start       ] GC(219) Pause Young (Allocation Failure)
[28.517s][info][gc,heap        ] GC(219) PSYoungGen: 152864K(153088K)->152960K(223744K) Eden: 76288K(76288K)->0K(64512K) From: 76576K(76800K)->152960K(159232K)
[28.517s][info][gc,heap        ] GC(219) ParOldGen: 4038430K(4466688K)->4038430K(4466688K)
[28.517s][info][gc,metaspace   ] GC(219) Metaspace: 6302K(6464K)->6302K(6464K) NonClass: 5769K(5824K)->5769K(5824K) Class: 533K(640K)->533K(640K)
[28.517s][info][gc             ] GC(219) Pause Young (Allocation Failure) 4093M->4093M(4580M) 81.267ms
[28.518s][info][gc,cpu         ] GC(219) User=0.41s Sys=0.00s Real=0.08s
[28.585s][info][gc,start       ] GC(220) Pause Young (Allocation Failure)
[28.689s][info][gc,heap        ] GC(220) PSYoungGen: 217472K(223744K)->177664K(242176K) Eden: 64512K(64512K)->0K(64512K) From: 152960K(159232K)->177664K(177664K)
[28.689s][info][gc,heap        ] GC(220) ParOldGen: 4038430K(4466688K)->4078542K(4466688K)
[28.689s][info][gc,metaspace   ] GC(220) Metaspace: 6302K(6464K)->6302K(6464K) NonClass: 5769K(5824K)->5769K(5824K) Class: 533K(640K)->533K(640K)
[28.689s][info][gc             ] GC(220) Pause Young (Allocation Failure) 4156M->4156M(4598M) 104.106ms
[28.689s][info][gc,cpu         ] GC(220) User=0.73s Sys=0.02s Real=0.11s
[28.765s][info][gc,start       ] GC(221) Pause Young (Allocation Failure)
[28.894s][info][gc,heap        ] GC(221) PSYoungGen: 242176K(242176K)->117536K(277504K) Eden: 64512K(64512K)->0K(71680K) From: 177664K(177664K)->117536K(205824K)
[28.894s][info][gc,heap        ] GC(221) ParOldGen: 4078542K(4466688K)->4204286K(4466688K)
[28.894s][info][gc,metaspace   ] GC(221) Metaspace: 6302K(6464K)->6302K(6464K) NonClass: 5769K(5824K)->5769K(5824K) Class: 533K(640K)->533K(640K)
[28.894s][info][gc             ] GC(221) Pause Young (Allocation Failure) 4219M->4220M(4633M) 129.771ms
[28.894s][info][gc,cpu         ] GC(221) User=0.83s Sys=0.05s Real=0.13s
[28.977s][info][gc,start       ] GC(222) Pause Young (Allocation Failure)
[29.073s][info][gc,heap        ] GC(222) PSYoungGen: 189216K(277504K)->189312K(282624K) Eden: 71680K(71680K)->0K(71680K) From: 117536K(205824K)->189312K(210944K)
[29.073s][info][gc,heap        ] GC(222) ParOldGen: 4204286K(4466688K)->4204286K(4466688K)
[29.073s][info][gc,metaspace   ] GC(222) Metaspace: 6302K(6464K)->6302K(6464K) NonClass: 5769K(5824K)->5769K(5824K) Class: 533K(640K)->533K(640K)
[29.073s][info][gc             ] GC(222) Pause Young (Allocation Failure) 4290M->4290M(4638M) 96.186ms
[29.073s][info][gc,cpu         ] GC(222) User=0.64s Sys=0.00s Real=0.10s
[29.147s][info][gc,start       ] GC(223) Pause Young (Allocation Failure)
[29.291s][info][gc,heap        ] GC(223) PSYoungGen: 260992K(282624K)->208320K(287744K) Eden: 71680K(71680K)->0K(55808K) From: 189312K(210944K)->208320K(231936K)
[29.291s][info][gc,heap        ] GC(223) ParOldGen: 4204286K(4466688K)->4257494K(4466688K)
[29.291s][info][gc,metaspace   ] GC(223) Metaspace: 6302K(6464K)->6302K(6464K) NonClass: 5769K(5824K)->5769K(5824K) Class: 533K(640K)->533K(640K)
[29.291s][info][gc             ] GC(223) Pause Young (Allocation Failure) 4360M->4361M(4643M) 143.815ms
[29.291s][info][gc,cpu         ] GC(223) User=0.88s Sys=0.09s Real=0.14s
[29.351s][info][gc,start       ] GC(224) Pause Young (Allocation Failure)
[29.487s][info][gc,heap        ] GC(224) PSYoungGen: 264128K(287744K)->199648K(311296K) Eden: 55808K(55808K)->0K(55808K) From: 208320K(231936K)->199648K(255488K)
[29.487s][info][gc,heap        ] GC(224) ParOldGen: 4257494K(4466688K)->4322590K(4466688K)
[29.487s][info][gc,metaspace   ] GC(224) Metaspace: 6302K(6464K)->6302K(6464K) NonClass: 5769K(5824K)->5769K(5824K) Class: 533K(640K)->533K(640K)
[29.487s][info][gc             ] GC(224) Pause Young (Allocation Failure) 4415M->4416M(4666M) 136.266ms
[29.487s][info][gc,cpu         ] GC(224) User=0.86s Sys=0.12s Real=0.14s
[29.555s][info][gc,start       ] GC(225) Pause Young (Allocation Failure)
[29.686s][info][gc,heap        ] GC(225) PSYoungGen: 255456K(311296K)->183712K(327168K) Eden: 55808K(55808K)->0K(56320K) From: 199648K(255488K)->183712K(270848K)
[29.686s][info][gc,heap        ] GC(225) ParOldGen: 4322590K(4466688K)->4394918K(4466688K)
[29.686s][info][gc,metaspace   ] GC(225) Metaspace: 6302K(6464K)->6302K(6464K) NonClass: 5769K(5824K)->5769K(5824K) Class: 533K(640K)->533K(640K)
[29.686s][info][gc             ] GC(225) Pause Young (Allocation Failure) 4470M->4471M(4681M) 131.164ms
[29.686s][info][gc,cpu         ] GC(225) User=0.84s Sys=0.06s Real=0.13s
[29.686s][info][gc,start       ] GC(226) Pause Full (Ergonomics)
[29.686s][info][gc,phases,start] GC(226) Marking Phase
[30.738s][info][gc,phases      ] GC(226) Marking Phase 1051.772ms
[30.738s][info][gc,phases,start] GC(226) Summary Phase
[30.738s][info][gc,phases      ] GC(226) Summary Phase 0.060ms
[30.738s][info][gc,phases,start] GC(226) Adjust Roots
[30.738s][info][gc,phases      ] GC(226) Adjust Roots 0.190ms
[30.738s][info][gc,phases,start] GC(226) Compaction Phase
[31.184s][info][gc,phases      ] GC(226) Compaction Phase 445.750ms
[31.184s][info][gc,phases,start] GC(226) Post Compact
[31.192s][info][gc,phases      ] GC(226) Post Compact 7.339ms
[31.193s][info][gc,heap        ] GC(226) PSYoungGen: 183712K(327168K)->108574K(327168K) Eden: 0K(56320K)->0K(56320K) From: 183712K(270848K)->108574K(270848K)
[31.193s][info][gc,heap        ] GC(226) ParOldGen: 4394918K(4466688K)->4466177K(4945408K)
[31.193s][info][gc,metaspace   ] GC(226) Metaspace: 6302K(6464K)->6302K(6464K) NonClass: 5769K(5824K)->5769K(5824K) Class: 533K(640K)->533K(640K)
[31.193s][info][gc             ] GC(226) Pause Full (Ergonomics) 4471M->4467M(5149M) 1506.974ms
[31.193s][info][gc,cpu         ] GC(226) User=11.06s Sys=0.06s Real=1.51s
[31.259s][info][gc,start       ] GC(227) Pause Young (Allocation Failure)
[31.565s][info][gc,heap        ] GC(227) PSYoungGen: 164894K(327168K)->117888K(174592K) Eden: 56320K(56320K)->0K(56320K) From: 108574K(270848K)->117888K(118272K)
[31.565s][info][gc,heap        ] GC(227) ParOldGen: 4466177K(4945408K)->4514009K(4945408K)
[31.565s][info][gc,metaspace   ] GC(227) Metaspace: 6302K(6464K)->6302K(6464K) NonClass: 5769K(5824K)->5769K(5824K) Class: 533K(640K)->533K(640K)
[31.565s][info][gc             ] GC(227) Pause Young (Allocation Failure) 4522M->4523M(5000M) 306.037ms
[31.565s][info][gc,cpu         ] GC(227) User=2.17s Sys=0.06s Real=0.31s
[31.626s][info][gc,start       ] GC(228) Pause Young (Allocation Failure)
[31.723s][info][gc,heap        ] GC(228) PSYoungGen: 174208K(174592K)->174272K(326144K) Eden: 56320K(56320K)->0K(60416K) From: 117888K(118272K)->174272K(265728K)
[31.723s][info][gc,heap        ] GC(228) ParOldGen: 4514009K(4945408K)->4514009K(4945408K)
[31.723s][info][gc,metaspace   ] GC(228) Metaspace: 6302K(6464K)->6302K(6464K) NonClass: 5769K(5824K)->5769K(5824K) Class: 533K(640K)->533K(640K)
[31.723s][info][gc             ] GC(228) Pause Young (Allocation Failure) 4578M->4578M(5148M) 97.708ms
[31.723s][info][gc,cpu         ] GC(228) User=0.64s Sys=0.00s Real=0.10s
[31.793s][info][gc,start       ] GC(229) Pause Young (Allocation Failure)
[31.926s][info][gc,heap        ] GC(229) PSYoungGen: 234688K(326144K)->200832K(327680K) Eden: 60416K(60416K)->0K(60416K) From: 174272K(265728K)->200832K(267264K)
[31.926s][info][gc,heap        ] GC(229) ParOldGen: 4514009K(4945408K)->4548289K(4945408K)
[31.926s][info][gc,metaspace   ] GC(229) Metaspace: 6302K(6464K)->6302K(6464K) NonClass: 5769K(5824K)->5769K(5824K) Class: 533K(640K)->533K(640K)
[31.926s][info][gc             ] GC(229) Pause Young (Allocation Failure) 4637M->4637M(5149M) 132.826ms
[31.926s][info][gc,cpu         ] GC(229) User=0.88s Sys=0.02s Real=0.13s
[31.997s][info][gc,start       ] GC(230) Pause Young (Allocation Failure)
[32.145s][info][gc,heap        ] GC(230) PSYoungGen: 261248K(327680K)->233984K(325632K) Eden: 60416K(60416K)->0K(47616K) From: 200832K(267264K)->233984K(278016K)
[32.145s][info][gc,heap        ] GC(230) ParOldGen: 4548289K(4945408K)->4575865K(4945408K)
[32.145s][info][gc,metaspace   ] GC(230) Metaspace: 6302K(6464K)->6302K(6464K) NonClass: 5769K(5824K)->5769K(5824K) Class: 533K(640K)->533K(640K)
[32.145s][info][gc             ] GC(230) Pause Young (Allocation Failure) 4696M->4697M(5147M) 148.217ms
[32.145s][info][gc,cpu         ] GC(230) User=1.00s Sys=0.00s Real=0.15s
[32.194s][info][gc,start       ] GC(231) Pause Young (Allocation Failure)
[32.351s][info][gc,heap        ] GC(231) PSYoungGen: 281600K(325632K)->225280K(345600K) Eden: 47616K(47616K)->0K(47616K) From: 233984K(278016K)->225280K(297984K)
[32.351s][info][gc,heap        ] GC(231) ParOldGen: 4575865K(4945408K)->4632697K(4945408K)
[32.351s][info][gc,metaspace   ] GC(231) Metaspace: 6302K(6464K)->6302K(6464K) NonClass: 5769K(5824K)->5769K(5824K) Class: 533K(640K)->533K(640K)
[32.351s][info][gc             ] GC(231) Pause Young (Allocation Failure) 4743M->4744M(5167M) 156.957ms
[32.351s][info][gc,cpu         ] GC(231) User=1.08s Sys=0.05s Real=0.16s
[32.400s][info][gc,start       ] GC(232) Pause Young (Allocation Failure)
[32.550s][info][gc,heap        ] GC(232) PSYoungGen: 272896K(345600K)->156000K(336384K) Eden: 47616K(47616K)->0K(54272K) From: 225280K(297984K)->156000K(282112K)
[32.550s][info][gc,heap        ] GC(232) ParOldGen: 4632697K(4945408K)->4750465K(4945408K)
[32.550s][info][gc,metaspace   ] GC(232) Metaspace: 6302K(6464K)->6302K(6464K) NonClass: 5769K(5824K)->5769K(5824K) Class: 533K(640K)->533K(640K)
[32.550s][info][gc             ] GC(232) Pause Young (Allocation Failure) 4790M->4791M(5158M) 150.148ms
[32.550s][info][gc,cpu         ] GC(232) User=1.03s Sys=0.06s Real=0.15s
[32.605s][info][gc,start       ] GC(233) Pause Young (Allocation Failure)
[32.728s][info][gc,heap        ] GC(233) PSYoungGen: 210272K(336384K)->102176K(350208K) Eden: 54272K(54272K)->0K(54272K) From: 156000K(282112K)->102176K(295936K)
[32.728s][info][gc,heap        ] GC(233) ParOldGen: 4750465K(4945408K)->4859449K(4945408K)
[32.728s][info][gc,metaspace   ] GC(233) Metaspace: 6302K(6464K)->6302K(6464K) NonClass: 5769K(5824K)->5769K(5824K) Class: 533K(640K)->533K(640K)
[32.728s][info][gc             ] GC(233) Pause Young (Allocation Failure) 4844M->4845M(5171M) 123.092ms
[32.728s][info][gc,cpu         ] GC(233) User=0.95s Sys=0.03s Real=0.12s
[32.728s][info][gc,start       ] GC(234) Pause Full (Ergonomics)
[32.729s][info][gc,phases,start] GC(234) Marking Phase
[33.881s][info][gc,phases      ] GC(234) Marking Phase 1152.727ms
[33.881s][info][gc,phases,start] GC(234) Summary Phase
[33.881s][info][gc,phases      ] GC(234) Summary Phase 0.091ms
[33.881s][info][gc,phases,start] GC(234) Adjust Roots
[33.882s][info][gc,phases      ] GC(234) Adjust Roots 0.331ms
[33.882s][info][gc,phases,start] GC(234) Compaction Phase
[34.349s][info][gc,phases      ] GC(234) Compaction Phase 467.481ms
[34.349s][info][gc,phases,start] GC(234) Post Compact
[34.357s][info][gc,phases      ] GC(234) Post Compact 7.699ms
[34.359s][info][gc,heap        ] GC(234) PSYoungGen: 102176K(350208K)->12415K(350208K) Eden: 0K(54272K)->0K(54272K) From: 102176K(295936K)->12415K(295936K)
[34.359s][info][gc,heap        ] GC(234) ParOldGen: 4859449K(4945408K)->4945085K(5485568K)
[34.359s][info][gc,metaspace   ] GC(234) Metaspace: 6302K(6464K)->6302K(6464K) NonClass: 5769K(5824K)->5769K(5824K) Class: 533K(640K)->533K(640K)
[34.359s][info][gc             ] GC(234) Pause Full (Ergonomics) 4845M->4841M(5699M) 1630.476ms
[34.359s][info][gc,cpu         ] GC(234) User=12.14s Sys=0.12s Real=1.63s
[34.419s][info][gc,start       ] GC(235) Pause Young (Allocation Failure)
[34.675s][info][gc,heap        ] GC(235) PSYoungGen: 66687K(350208K)->54432K(351232K) Eden: 54272K(54272K)->0K(58880K) From: 12415K(295936K)->54432K(292352K)
[34.675s][info][gc,heap        ] GC(235) ParOldGen: 4945085K(5485568K)->4957661K(5485568K)
[34.675s][info][gc,metaspace   ] GC(235) Metaspace: 6302K(6464K)->6302K(6464K) NonClass: 5769K(5824K)->5769K(5824K) Class: 533K(640K)->533K(640K)
[34.675s][info][gc             ] GC(235) Pause Young (Allocation Failure) 4894M->4894M(5700M) 256.452ms
[34.675s][info][gc,cpu         ] GC(235) User=1.62s Sys=0.00s Real=0.26s
[34.744s][info][gc,start       ] GC(236) Pause Young (Allocation Failure)
[34.819s][info][gc,heap        ] GC(236) PSYoungGen: 113312K(351232K)->59104K(354304K) Eden: 58880K(58880K)->0K(58880K) From: 54432K(292352K)->59104K(295424K)
[34.819s][info][gc,heap        ] GC(236) ParOldGen: 4957661K(5485568K)->5012413K(5485568K)
[34.819s][info][gc,metaspace   ] GC(236) Metaspace: 6302K(6464K)->6302K(6464K) NonClass: 5769K(5824K)->5769K(5824K) Class: 533K(640K)->533K(640K)
[34.819s][info][gc             ] GC(236) Pause Young (Allocation Failure) 4952M->4952M(5703M) 75.113ms
[34.819s][info][gc,cpu         ] GC(236) User=0.38s Sys=0.02s Real=0.08s
[34.884s][info][gc,start       ] GC(237) Pause Young (Allocation Failure)
[34.960s][info][gc,heap        ] GC(237) PSYoungGen: 117984K(354304K)->59072K(354816K) Eden: 58880K(58880K)->0K(65536K) From: 59104K(295424K)->59072K(289280K)
[34.960s][info][gc,heap        ] GC(237) ParOldGen: 5012413K(5485568K)->5071821K(5485568K)
[34.960s][info][gc,metaspace   ] GC(237) Metaspace: 6302K(6464K)->6302K(6464K) NonClass: 5769K(5824K)->5769K(5824K) Class: 533K(640K)->533K(640K)
[34.960s][info][gc             ] GC(237) Pause Young (Allocation Failure) 5010M->5010M(5703M) 76.091ms
[34.960s][info][gc,cpu         ] GC(237) User=0.47s Sys=0.02s Real=0.08s
[35.037s][info][gc,start       ] GC(238) Pause Young (Allocation Failure)
[35.118s][info][gc,heap        ] GC(238) PSYoungGen: 124608K(354816K)->65792K(357376K) Eden: 65536K(65536K)->0K(65536K) From: 59072K(289280K)->65792K(291840K)
[35.118s][info][gc,heap        ] GC(238) ParOldGen: 5071821K(5485568K)->5131245K(5485568K)
[35.118s][info][gc,metaspace   ] GC(238) Metaspace: 6302K(6464K)->6302K(6464K) NonClass: 5769K(5824K)->5769K(5824K) Class: 533K(640K)->533K(640K)
[35.118s][info][gc             ] GC(238) Pause Young (Allocation Failure) 5074M->5075M(5706M) 80.956ms
[35.118s][info][gc,cpu         ] GC(238) User=0.47s Sys=0.03s Real=0.08s
[35.193s][info][gc,start       ] GC(239) Pause Young (Allocation Failure)
[35.276s][info][gc,heap        ] GC(239) PSYoungGen: 131328K(357376K)->65728K(345088K) Eden: 65536K(65536K)->0K(72704K) From: 65792K(291840K)->65728K(272384K)
[35.276s][info][gc,heap        ] GC(239) ParOldGen: 5131245K(5485568K)->5197365K(5485568K)
[35.276s][info][gc,metaspace   ] GC(239) Metaspace: 6302K(6464K)->6302K(6464K) NonClass: 5769K(5824K)->5769K(5824K) Class: 533K(640K)->533K(640K)
[35.276s][info][gc             ] GC(239) Pause Young (Allocation Failure) 5139M->5139M(5694M) 83.036ms
[35.276s][info][gc,cpu         ] GC(239) User=0.48s Sys=0.03s Real=0.08s
[35.358s][info][gc,start       ] GC(240) Pause Young (Allocation Failure)
[35.443s][info][gc,heap        ] GC(240) PSYoungGen: 138432K(345088K)->72992K(145920K) Eden: 72704K(72704K)->0K(72704K) From: 65728K(272384K)->72992K(73216K)
[35.444s][info][gc,heap        ] GC(240) ParOldGen: 5197365K(5485568K)->5263501K(5485568K)
[35.444s][info][gc,metaspace   ] GC(240) Metaspace: 6302K(6464K)->6302K(6464K) NonClass: 5769K(5824K)->5769K(5824K) Class: 533K(640K)->533K(640K)
[35.444s][info][gc             ] GC(240) Pause Young (Allocation Failure) 5210M->5211M(5499M) 85.971ms
[35.444s][info][gc,cpu         ] GC(240) User=0.47s Sys=0.03s Real=0.09s
[35.523s][info][gc,start       ] GC(241) Pause Young (Allocation Failure)
[35.612s][info][gc,heap        ] GC(241) PSYoungGen: 145696K(145920K)->72928K(332288K) Eden: 72704K(72704K)->0K(80896K) From: 72992K(73216K)->72928K(251392K)
[35.612s][info][gc,heap        ] GC(241) ParOldGen: 5263501K(5485568K)->5336877K(5485568K)
[35.612s][info][gc,metaspace   ] GC(241) Metaspace: 6302K(6464K)->6302K(6464K) NonClass: 5769K(5824K)->5769K(5824K) Class: 533K(640K)->533K(640K)
[35.612s][info][gc             ] GC(241) Pause Young (Allocation Failure) 5282M->5283M(5681M) 89.158ms
[35.612s][info][gc,cpu         ] GC(241) User=0.56s Sys=0.08s Real=0.09s
[35.707s][info][gc,start       ] GC(242) Pause Young (Allocation Failure)
[35.800s][info][gc,heap        ] GC(242) PSYoungGen: 153824K(332288K)->81152K(162304K) Eden: 80896K(80896K)->0K(80896K) From: 72928K(251392K)->81152K(81408K)
[35.800s][info][gc,heap        ] GC(242) ParOldGen: 5336877K(5485568K)->5410245K(5485568K)
[35.800s][info][gc,metaspace   ] GC(242) Metaspace: 6302K(6464K)->6302K(6464K) NonClass: 5769K(5824K)->5769K(5824K) Class: 533K(640K)->533K(640K)
[35.800s][info][gc             ] GC(242) Pause Young (Allocation Failure) 5362M->5362M(5515M) 93.922ms
[35.800s][info][gc,cpu         ] GC(242) User=0.62s Sys=0.00s Real=0.09s
[35.801s][info][gc,start       ] GC(243) Pause Full (Ergonomics)
[35.801s][info][gc,phases,start] GC(243) Marking Phase
[37.061s][info][gc,phases      ] GC(243) Marking Phase 1260.724ms
[37.061s][info][gc,phases,start] GC(243) Summary Phase
[37.061s][info][gc,phases      ] GC(243) Summary Phase 0.063ms
[37.061s][info][gc,phases,start] GC(243) Adjust Roots
[37.062s][info][gc,phases      ] GC(243) Adjust Roots 0.172ms
[37.062s][info][gc,phases,start] GC(243) Compaction Phase
[37.566s][info][gc,phases      ] GC(243) Compaction Phase 504.222ms
[37.566s][info][gc,phases,start] GC(243) Post Compact
[37.574s][info][gc,phases      ] GC(243) Post Compact 8.518ms
[37.576s][info][gc,heap        ] GC(243) PSYoungGen: 81152K(162304K)->1162K(162304K) Eden: 0K(80896K)->0K(80896K) From: 81152K(81408K)->1162K(81408K)
[37.576s][info][gc,heap        ] GC(243) ParOldGen: 5410245K(5485568K)->5485498K(6053888K)
[37.576s][info][gc,metaspace   ] GC(243) Metaspace: 6302K(6464K)->6302K(6464K) NonClass: 5769K(5824K)->5769K(5824K) Class: 533K(640K)->533K(640K)
[37.576s][info][gc             ] GC(243) Pause Full (Ergonomics) 5362M->5358M(6070M) 1775.741ms
[37.576s][info][gc,cpu         ] GC(243) User=13.39s Sys=0.05s Real=1.78s
[37.673s][info][gc,start       ] GC(244) Pause Young (Allocation Failure)
[37.967s][info][gc,heap        ] GC(244) PSYoungGen: 82058K(162304K)->81152K(315904K) Eden: 80896K(80896K)->0K(88064K) From: 1162K(81408K)->81152K(227840K)
[37.967s][info][gc,heap        ] GC(244) ParOldGen: 5485498K(6053888K)->5486714K(6053888K)
[37.967s][info][gc,metaspace   ] GC(244) Metaspace: 6302K(6464K)->6302K(6464K) NonClass: 5769K(5824K)->5769K(5824K) Class: 533K(640K)->533K(640K)
[37.967s][info][gc             ] GC(244) Pause Young (Allocation Failure) 5437M->5437M(6220M) 294.201ms
[37.967s][info][gc,cpu         ] GC(244) User=1.78s Sys=0.00s Real=0.29s
[38.068s][info][gc,start       ] GC(245) Pause Young (Allocation Failure)
[38.168s][info][gc,heap        ] GC(245) PSYoungGen: 169216K(315904K)->169344K(327680K) Eden: 88064K(88064K)->0K(88064K) From: 81152K(227840K)->169344K(239616K)
[38.168s][info][gc,heap        ] GC(245) ParOldGen: 5486714K(6053888K)->5486714K(6053888K)
[38.168s][info][gc,metaspace   ] GC(245) Metaspace: 6302K(6464K)->6302K(6464K) NonClass: 5769K(5824K)->5769K(5824K) Class: 533K(640K)->533K(640K)
[38.168s][info][gc             ] GC(245) Pause Young (Allocation Failure) 5523M->5523M(6232M) 100.077ms
[38.169s][info][gc,cpu         ] GC(245) User=0.64s Sys=0.00s Real=0.10s
[38.281s][info][gc,start       ] GC(246) Pause Young (Allocation Failure)
[38.425s][info][gc,heap        ] GC(246) PSYoungGen: 257408K(327680K)->250880K(306688K) Eden: 88064K(88064K)->0K(55808K) From: 169344K(239616K)->250880K(250880K)
[38.425s][info][gc,heap        ] GC(246) ParOldGen: 5486714K(6053888K)->5493386K(6053888K)
[38.425s][info][gc,metaspace   ] GC(246) Metaspace: 6302K(6464K)->6302K(6464K) NonClass: 5769K(5824K)->5769K(5824K) Class: 533K(640K)->533K(640K)
[38.425s][info][gc             ] GC(246) Pause Young (Allocation Failure) 5609M->5609M(6211M) 144.265ms
[38.425s][info][gc,cpu         ] GC(246) User=0.95s Sys=0.02s Real=0.14s
[39.560s][info][gc,start       ] GC(247) Pause Young (Allocation Failure)
[39.827s][info][gc,heap        ] GC(247) PSYoungGen: 306688K(306688K)->141824K(197632K) Eden: 55808K(55808K)->0K(55808K) From: 250880K(250880K)->141824K(141824K)
[39.827s][info][gc,heap        ] GC(247) ParOldGen: 5755530K(6053888K)->5921810K(6053888K)
[39.827s][info][gc,metaspace   ] GC(247) Metaspace: 6302K(6464K)->6302K(6464K) NonClass: 5769K(5824K)->5769K(5824K) Class: 533K(640K)->533K(640K)
[39.828s][info][gc             ] GC(247) Pause Young (Allocation Failure) 5920M->5921M(6105M) 267.387ms
[39.828s][info][gc,cpu         ] GC(247) User=1.89s Sys=0.09s Real=0.27s
[39.828s][info][gc,start       ] GC(248) Pause Full (Ergonomics)
[39.828s][info][gc,phases,start] GC(248) Marking Phase
[41.202s][info][gc,phases      ] GC(248) Marking Phase 1374.582ms
[41.202s][info][gc,phases,start] GC(248) Summary Phase
[41.202s][info][gc,phases      ] GC(248) Summary Phase 0.136ms
[41.202s][info][gc,phases,start] GC(248) Adjust Roots
[41.203s][info][gc,phases      ] GC(248) Adjust Roots 0.199ms
[41.203s][info][gc,phases,start] GC(248) Compaction Phase
[42.109s][info][gc,phases      ] GC(248) Compaction Phase 906.058ms
[42.109s][info][gc,phases,start] GC(248) Post Compact
[42.120s][info][gc,phases      ] GC(248) Post Compact 11.254ms
[42.122s][info][gc,heap        ] GC(248) PSYoungGen: 141824K(197632K)->0K(342016K) Eden: 0K(55808K)->0K(60928K) From: 141824K(141824K)->0K(281088K)
[42.122s][info][gc,heap        ] GC(248) ParOldGen: 5921810K(6053888K)->5930441K(6588928K)
[42.122s][info][gc,metaspace   ] GC(248) Metaspace: 6302K(6464K)->6302K(6464K) NonClass: 5769K(5824K)->5769K(5824K) Class: 533K(640K)->533K(640K)
[42.122s][info][gc             ] GC(248) Pause Full (Ergonomics) 5921M->5791M(6768M) 2294.287ms
[42.122s][info][gc,cpu         ] GC(248) User=16.03s Sys=0.08s Real=2.29s
[42.184s][info][gc,start       ] GC(249) Pause Young (Allocation Failure)
[42.268s][info][gc,heap        ] GC(249) PSYoungGen: 60928K(342016K)->61152K(342016K) Eden: 60928K(60928K)->0K(60928K) From: 0K(281088K)->61152K(281088K)
[42.268s][info][gc,heap        ] GC(249) ParOldGen: 5930441K(6588928K)->5930441K(6588928K)
[42.268s][info][gc,metaspace   ] GC(249) Metaspace: 6302K(6464K)->6302K(6464K) NonClass: 5769K(5824K)->5769K(5824K) Class: 533K(640K)->533K(640K)
[42.268s][info][gc             ] GC(249) Pause Young (Allocation Failure) 5850M->5851M(6768M) 83.847ms
[42.268s][info][gc,cpu         ] GC(249) User=0.19s Sys=0.00s Real=0.08s
[42.334s][info][gc,start       ] GC(250) Pause Young (Allocation Failure)
[42.442s][info][gc,heap        ] GC(250) PSYoungGen: 122080K(342016K)->122176K(315392K) Eden: 60928K(60928K)->0K(66560K) From: 61152K(281088K)->122176K(248832K)
[42.442s][info][gc,heap        ] GC(250) ParOldGen: 5930441K(6588928K)->5930441K(6588928K)
[42.442s][info][gc,metaspace   ] GC(250) Metaspace: 6302K(6464K)->6302K(6464K) NonClass: 5769K(5824K)->5769K(5824K) Class: 533K(640K)->533K(640K)
[42.442s][info][gc             ] GC(250) Pause Young (Allocation Failure) 5910M->5910M(6742M) 107.093ms
[42.442s][info][gc,cpu         ] GC(250) User=0.34s Sys=0.00s Real=0.11s
[42.507s][info][gc,start       ] GC(251) Pause Young (Allocation Failure)
[42.634s][info][gc,heap        ] GC(251) PSYoungGen: 188736K(315392K)->188864K(328704K) Eden: 66560K(66560K)->0K(66560K) From: 122176K(248832K)->188864K(262144K)
[42.634s][info][gc,heap        ] GC(251) ParOldGen: 5930441K(6588928K)->5930441K(6588928K)
[42.634s][info][gc,metaspace   ] GC(251) Metaspace: 6302K(6464K)->6302K(6464K) NonClass: 5769K(5824K)->5769K(5824K) Class: 533K(640K)->533K(640K)
[42.634s][info][gc             ] GC(251) Pause Young (Allocation Failure) 5975M->5975M(6755M) 126.792ms
[42.634s][info][gc,cpu         ] GC(251) User=0.31s Sys=0.00s Real=0.13s
[42.706s][info][gc,start       ] GC(252) Pause Young (Allocation Failure)
[42.854s][info][gc,heap        ] GC(252) PSYoungGen: 255424K(328704K)->255520K(313344K) Eden: 66560K(66560K)->0K(39936K) From: 188864K(262144K)->255520K(273408K)
[42.854s][info][gc,heap        ] GC(252) ParOldGen: 5930441K(6588928K)->5930441K(6588928K)
[42.854s][info][gc,metaspace   ] GC(252) Metaspace: 6302K(6464K)->6302K(6464K) NonClass: 5769K(5824K)->5769K(5824K) Class: 533K(640K)->533K(640K)
[42.854s][info][gc             ] GC(252) Pause Young (Allocation Failure) 6040M->6040M(6740M) 148.544ms
[42.854s][info][gc,cpu         ] GC(252) User=0.45s Sys=0.00s Real=0.15s
[42.905s][info][gc,start       ] GC(253) Pause Young (Allocation Failure)
[43.060s][info][gc,heap        ] GC(253) PSYoungGen: 295456K(313344K)->295552K(346112K) Eden: 39936K(39936K)->0K(39936K) From: 255520K(273408K)->295552K(306176K)
[43.060s][info][gc,heap        ] GC(253) ParOldGen: 5930441K(6588928K)->5930441K(6588928K)
[43.060s][info][gc,metaspace   ] GC(253) Metaspace: 6302K(6464K)->6302K(6464K) NonClass: 5769K(5824K)->5769K(5824K) Class: 533K(640K)->533K(640K)
[43.060s][info][gc             ] GC(253) Pause Young (Allocation Failure) 6079M->6080M(6772M) 155.706ms
[43.060s][info][gc,cpu         ] GC(253) User=0.52s Sys=0.00s Real=0.16s
[43.103s][info][gc,start       ] GC(254) Pause Young (Allocation Failure)
[43.268s][info][gc,heap        ] GC(254) PSYoungGen: 335488K(346112K)->335488K(348160K) Eden: 39936K(39936K)->0K(512K) From: 295552K(306176K)->335488K(347648K)
[43.268s][info][gc,heap        ] GC(254) ParOldGen: 5930441K(6588928K)->5930441K(6588928K)
[43.268s][info][gc,metaspace   ] GC(254) Metaspace: 6302K(6464K)->6302K(6464K) NonClass: 5769K(5824K)->5769K(5824K) Class: 533K(640K)->533K(640K)
[43.268s][info][gc             ] GC(254) Pause Young (Allocation Failure) 6119M->6119M(6774M) 164.693ms
[43.268s][info][gc,cpu         ] GC(254) User=0.91s Sys=0.06s Real=0.16s
[43.269s][info][gc,start       ] GC(255) Pause Young (Allocation Failure)
[43.436s][info][gc,heap        ] GC(255) PSYoungGen: 336000K(348160K)->213920K(214528K) Eden: 512K(512K)->0K(512K) From: 335488K(347648K)->213920K(214016K)
[43.436s][info][gc,heap        ] GC(255) ParOldGen: 5930441K(6588928K)->6053377K(6588928K)
[43.436s][info][gc,metaspace   ] GC(255) Metaspace: 6302K(6464K)->6302K(6464K) NonClass: 5769K(5824K)->5769K(5824K) Class: 533K(640K)->533K(640K)
[43.437s][info][gc             ] GC(255) Pause Young (Allocation Failure) 6119M->6120M(6644M) 167.723ms
[43.437s][info][gc,cpu         ] GC(255) User=0.72s Sys=0.02s Real=0.17s
[43.437s][info][gc,start       ] GC(256) Pause Young (Allocation Failure)
[43.576s][info][gc,heap        ] GC(256) PSYoungGen: 214432K(214528K)->81056K(378880K) Eden: 512K(512K)->0K(1024K) From: 213920K(214016K)->81056K(377856K)
[43.576s][info][gc,heap        ] GC(256) ParOldGen: 6053377K(6588928K)->6187665K(6588928K)
[43.576s][info][gc,metaspace   ] GC(256) Metaspace: 6302K(6464K)->6302K(6464K) NonClass: 5769K(5824K)->5769K(5824K) Class: 533K(640K)->533K(640K)
[43.576s][info][gc             ] GC(256) Pause Young (Allocation Failure) 6120M->6121M(6804M) 138.794ms
[43.576s][info][gc,cpu         ] GC(256) User=0.34s Sys=0.05s Real=0.14s
[43.577s][info][gc,start       ] GC(257) Pause Young (Allocation Failure)
[43.670s][info][gc,heap        ] GC(257) PSYoungGen: 82080K(378880K)->2016K(384000K) Eden: 1024K(1024K)->0K(1024K) From: 81056K(377856K)->2016K(382976K)
[43.670s][info][gc,heap        ] GC(257) ParOldGen: 6187665K(6588928K)->6268233K(6588928K)
[43.670s][info][gc,metaspace   ] GC(257) Metaspace: 6302K(6464K)->6302K(6464K) NonClass: 5769K(5824K)->5769K(5824K) Class: 533K(640K)->533K(640K)
[43.670s][info][gc             ] GC(257) Pause Young (Allocation Failure) 6122M->6123M(6809M) 92.984ms
[43.670s][info][gc,cpu         ] GC(257) User=0.22s Sys=0.02s Real=0.09s
[43.672s][info][gc,start       ] GC(258) Pause Young (Allocation Failure)
[43.720s][info][gc,heap        ] GC(258) PSYoungGen: 3040K(384000K)->2112K(390144K) Eden: 1024K(1024K)->0K(512K) From: 2016K(382976K)->2112K(389632K)
[43.720s][info][gc,heap        ] GC(258) ParOldGen: 6268233K(6588928K)->6269249K(6588928K)
[43.720s][info][gc,metaspace   ] GC(258) Metaspace: 6302K(6464K)->6302K(6464K) NonClass: 5769K(5824K)->5769K(5824K) Class: 533K(640K)->533K(640K)
[43.720s][info][gc             ] GC(258) Pause Young (Allocation Failure) 6124M->6124M(6815M) 48.813ms
[43.720s][info][gc,cpu         ] GC(258) User=0.03s Sys=0.00s Real=0.05s
[43.721s][info][gc,start       ] GC(259) Pause Young (Allocation Failure)
[43.774s][info][gc,heap        ] GC(259) PSYoungGen: 2624K(390144K)->640K(1536K) Eden: 512K(512K)->0K(512K) From: 2112K(389632K)->640K(1024K)
[43.774s][info][gc,heap        ] GC(259) ParOldGen: 6269249K(6588928K)->6271281K(6588928K)
[43.774s][info][gc,metaspace   ] GC(259) Metaspace: 6302K(6464K)->6302K(6464K) NonClass: 5769K(5824K)->5769K(5824K) Class: 533K(640K)->533K(640K)
[43.774s][info][gc             ] GC(259) Pause Young (Allocation Failure) 6124M->6124M(6436M) 53.422ms
[43.774s][info][gc,cpu         ] GC(259) User=0.08s Sys=0.00s Real=0.05s
[43.775s][info][gc,start       ] GC(260) Pause Young (Allocation Failure)
[43.831s][info][gc,heap        ] GC(260) PSYoungGen: 1152K(1536K)->640K(378368K) Eden: 512K(512K)->0K(1024K) From: 640K(1024K)->640K(377344K)
[43.831s][info][gc,heap        ] GC(260) ParOldGen: 6271281K(6588928K)->6271809K(6588928K)
[43.831s][info][gc,metaspace   ] GC(260) Metaspace: 6302K(6464K)->6302K(6464K) NonClass: 5769K(5824K)->5769K(5824K) Class: 533K(640K)->533K(640K)
[43.831s][info][gc             ] GC(260) Pause Young (Allocation Failure) 6125M->6125M(6804M) 56.124ms
[43.831s][info][gc,cpu         ] GC(260) User=0.05s Sys=0.00s Real=0.06s
[43.832s][info][gc,start       ] GC(261) Pause Young (Allocation Failure)
[43.886s][info][gc,heap        ] GC(261) PSYoungGen: 1664K(378368K)->1088K(2560K) Eden: 1024K(1024K)->0K(1024K) From: 640K(377344K)->1088K(1536K)
[43.886s][info][gc,heap        ] GC(261) ParOldGen: 6271809K(6588928K)->6272329K(6588928K)
[43.886s][info][gc,metaspace   ] GC(261) Metaspace: 6302K(6464K)->6302K(6464K) NonClass: 5769K(5824K)->5769K(5824K) Class: 533K(640K)->533K(640K)
[43.886s][info][gc             ] GC(261) Pause Young (Allocation Failure) 6126M->6126M(6437M) 53.833ms
[43.886s][info][gc,cpu         ] GC(261) User=0.06s Sys=0.00s Real=0.05s
[43.887s][info][gc,start       ] GC(262) Pause Young (Allocation Failure)
[43.959s][info][gc,heap        ] GC(262) PSYoungGen: 2112K(2560K)->1088K(354304K) Eden: 1024K(1024K)->0K(1536K) From: 1088K(1536K)->1088K(352768K)
[43.959s][info][gc,heap        ] GC(262) ParOldGen: 6272329K(6588928K)->6273361K(6588928K)
[43.959s][info][gc,metaspace   ] GC(262) Metaspace: 6302K(6464K)->6302K(6464K) NonClass: 5769K(5824K)->5769K(5824K) Class: 533K(640K)->533K(640K)
[43.959s][info][gc             ] GC(262) Pause Young (Allocation Failure) 6127M->6127M(6780M) 71.648ms
[43.959s][info][gc,cpu         ] GC(262) User=0.06s Sys=0.00s Real=0.07s
[43.961s][info][gc,start       ] GC(263) Pause Young (Allocation Failure)
[44.020s][info][gc,heap        ] GC(263) PSYoungGen: 2624K(354304K)->1600K(3584K) Eden: 1536K(1536K)->0K(1536K) From: 1088K(352768K)->1600K(2048K)
[44.020s][info][gc,heap        ] GC(263) ParOldGen: 6273361K(6588928K)->6274385K(6588928K)
[44.020s][info][gc,metaspace   ] GC(263) Metaspace: 6302K(6464K)->6302K(6464K) NonClass: 5769K(5824K)->5769K(5824K) Class: 533K(640K)->533K(640K)
[44.020s][info][gc             ] GC(263) Pause Young (Allocation Failure) 6128M->6128M(6438M) 59.291ms
[44.020s][info][gc,cpu         ] GC(263) User=0.03s Sys=0.00s Real=0.06s
[44.022s][info][gc,start       ] GC(264) Pause Young (Allocation Failure)
[44.087s][info][gc,heap        ] GC(264) PSYoungGen: 3136K(3584K)->1600K(326656K) Eden: 1536K(1536K)->0K(2048K) From: 1600K(2048K)->1600K(324608K)
[44.087s][info][gc,heap        ] GC(264) ParOldGen: 6274385K(6588928K)->6275945K(6588928K)
[44.087s][info][gc,metaspace   ] GC(264) Metaspace: 6302K(6464K)->6302K(6464K) NonClass: 5769K(5824K)->5769K(5824K) Class: 533K(640K)->533K(640K)
[44.088s][info][gc             ] GC(264) Pause Young (Allocation Failure) 6130M->6130M(6753M) 65.651ms
[44.088s][info][gc,cpu         ] GC(264) User=0.06s Sys=0.00s Real=0.07s
[44.090s][info][gc,start       ] GC(265) Pause Young (Allocation Failure)
[44.152s][info][gc,heap        ] GC(265) PSYoungGen: 3648K(326656K)->2144K(4608K) Eden: 2048K(2048K)->0K(2048K) From: 1600K(324608K)->2144K(2560K)
[44.152s][info][gc,heap        ] GC(265) ParOldGen: 6275945K(6588928K)->6277505K(6588928K)
[44.152s][info][gc,metaspace   ] GC(265) Metaspace: 6302K(6464K)->6302K(6464K) NonClass: 5769K(5824K)->5769K(5824K) Class: 533K(640K)->533K(640K)
[44.152s][info][gc             ] GC(265) Pause Young (Allocation Failure) 6132M->6132M(6439M) 62.295ms
[44.152s][info][gc,cpu         ] GC(265) User=0.06s Sys=0.00s Real=0.06s
[44.155s][info][gc,start       ] GC(266) Pause Young (Allocation Failure)
[44.214s][info][gc,heap        ] GC(266) PSYoungGen: 4192K(4608K)->2112K(295936K) Eden: 2048K(2048K)->0K(2560K) From: 2144K(2560K)->2112K(293376K)
[44.214s][info][gc,heap        ] GC(266) ParOldGen: 6277505K(6588928K)->6279569K(6588928K)
[44.214s][info][gc,metaspace   ] GC(266) Metaspace: 6302K(6464K)->6302K(6464K) NonClass: 5769K(5824K)->5769K(5824K) Class: 533K(640K)->533K(640K)
[44.214s][info][gc             ] GC(266) Pause Young (Allocation Failure) 6134M->6134M(6723M) 59.517ms
[44.214s][info][gc,cpu         ] GC(266) User=0.06s Sys=0.00s Real=0.06s
[44.217s][info][gc,start       ] GC(267) Pause Young (Allocation Failure)
[44.280s][info][gc,heap        ] GC(267) PSYoungGen: 4672K(295936K)->2656K(5632K) Eden: 2560K(2560K)->0K(2560K) From: 2112K(293376K)->2656K(3072K)
[44.280s][info][gc,heap        ] GC(267) ParOldGen: 6279569K(6588928K)->6281641K(6588928K)
[44.280s][info][gc,metaspace   ] GC(267) Metaspace: 6302K(6464K)->6302K(6464K) NonClass: 5769K(5824K)->5769K(5824K) Class: 533K(640K)->533K(640K)
[44.280s][info][gc             ] GC(267) Pause Young (Allocation Failure) 6136M->6137M(6440M) 62.706ms
[44.280s][info][gc,cpu         ] GC(267) User=0.05s Sys=0.00s Real=0.06s
[44.283s][info][gc,start       ] GC(268) Pause Young (Allocation Failure)
[44.350s][info][gc,heap        ] GC(268) PSYoungGen: 5216K(5632K)->2688K(265728K) Eden: 2560K(2560K)->0K(3072K) From: 2656K(3072K)->2688K(262656K)
[44.351s][info][gc,heap        ] GC(268) ParOldGen: 6281641K(6588928K)->6284217K(6588928K)
[44.351s][info][gc,metaspace   ] GC(268) Metaspace: 6302K(6464K)->6302K(6464K) NonClass: 5769K(5824K)->5769K(5824K) Class: 533K(640K)->533K(640K)
[44.351s][info][gc             ] GC(268) Pause Young (Allocation Failure) 6139M->6139M(6694M) 67.701ms
[44.351s][info][gc,cpu         ] GC(268) User=0.03s Sys=0.00s Real=0.07s
[44.354s][info][gc,start       ] GC(269) Pause Young (Allocation Failure)
[44.420s][info][gc,heap        ] GC(269) PSYoungGen: 5760K(265728K)->3168K(6656K) Eden: 3072K(3072K)->0K(3072K) From: 2688K(262656K)->3168K(3584K)
[44.420s][info][gc,heap        ] GC(269) ParOldGen: 6284217K(6588928K)->6286817K(6588928K)
[44.420s][info][gc,metaspace   ] GC(269) Metaspace: 6302K(6464K)->6302K(6464K) NonClass: 5769K(5824K)->5769K(5824K) Class: 533K(640K)->533K(640K)
[44.420s][info][gc             ] GC(269) Pause Young (Allocation Failure) 6142M->6142M(6441M) 66.087ms
[44.420s][info][gc,cpu         ] GC(269) User=0.09s Sys=0.00s Real=0.07s
[44.423s][info][gc,start       ] GC(270) Pause Young (Allocation Failure)
[44.481s][info][gc,heap        ] GC(270) PSYoungGen: 6240K(6656K)->3200K(237056K) Eden: 3072K(3072K)->0K(4096K) From: 3168K(3584K)->3200K(232960K)
[44.481s][info][gc,heap        ] GC(270) ParOldGen: 6286817K(6588928K)->6289913K(6588928K)
[44.481s][info][gc,metaspace   ] GC(270) Metaspace: 6302K(6464K)->6302K(6464K) NonClass: 5769K(5824K)->5769K(5824K) Class: 533K(640K)->533K(640K)
[44.481s][info][gc             ] GC(270) Pause Young (Allocation Failure) 6145M->6145M(6666M) 57.330ms
[44.481s][info][gc,cpu         ] GC(270) User=0.08s Sys=0.00s Real=0.06s
[44.486s][info][gc,start       ] GC(271) Pause Young (Allocation Failure)
[44.545s][info][gc,heap        ] GC(271) PSYoungGen: 7296K(237056K)->4224K(8704K) Eden: 4096K(4096K)->0K(4096K) From: 3200K(232960K)->4224K(4608K)
[44.545s][info][gc,heap        ] GC(271) ParOldGen: 6289913K(6588928K)->6293017K(6588928K)
[44.545s][info][gc,metaspace   ] GC(271) Metaspace: 6302K(6464K)->6302K(6464K) NonClass: 5769K(5824K)->5769K(5824K) Class: 533K(640K)->533K(640K)
[44.545s][info][gc             ] GC(271) Pause Young (Allocation Failure) 6149M->6149M(6443M) 58.850ms
[44.545s][info][gc,cpu         ] GC(271) User=0.06s Sys=0.00s Real=0.06s
[44.549s][info][gc,start       ] GC(272) Pause Young (Allocation Failure)
[44.617s][info][gc,heap        ] GC(272) PSYoungGen: 8320K(8704K)->4192K(209920K) Eden: 4096K(4096K)->0K(5120K) From: 4224K(4608K)->4192K(204800K)
[44.618s][info][gc,heap        ] GC(272) ParOldGen: 6293017K(6588928K)->6297145K(6588928K)
[44.618s][info][gc,metaspace   ] GC(272) Metaspace: 6302K(6464K)->6302K(6464K) NonClass: 5769K(5824K)->5769K(5824K) Class: 533K(640K)->533K(640K)
[44.618s][info][gc             ] GC(272) Pause Young (Allocation Failure) 6153M->6153M(6639M) 68.130ms
[44.618s][info][gc,cpu         ] GC(272) User=0.05s Sys=0.00s Real=0.07s
[44.623s][info][gc,start       ] GC(273) Pause Young (Allocation Failure)
[44.684s][info][gc,heap        ] GC(273) PSYoungGen: 9312K(209920K)->5184K(10752K) Eden: 5120K(5120K)->0K(5120K) From: 4192K(204800K)->5184K(5632K)
[44.684s][info][gc,heap        ] GC(273) ParOldGen: 6297145K(6588928K)->6301281K(6588928K)
[44.684s][info][gc,metaspace   ] GC(273) Metaspace: 6302K(6464K)->6302K(6464K) NonClass: 5769K(5824K)->5769K(5824K) Class: 533K(640K)->533K(640K)
[44.684s][info][gc             ] GC(273) Pause Young (Allocation Failure) 6158M->6158M(6445M) 60.865ms
[44.684s][info][gc,cpu         ] GC(273) User=0.03s Sys=0.02s Real=0.06s
[44.689s][info][gc,start       ] GC(274) Pause Young (Allocation Failure)
[44.752s][info][gc,heap        ] GC(274) PSYoungGen: 10304K(10752K)->5216K(184832K) Eden: 5120K(5120K)->0K(6144K) From: 5184K(5632K)->5216K(178688K)
[44.752s][info][gc,heap        ] GC(274) ParOldGen: 6301281K(6588928K)->6306441K(6588928K)
[44.752s][info][gc,metaspace   ] GC(274) Metaspace: 6302K(6464K)->6302K(6464K) NonClass: 5769K(5824K)->5769K(5824K) Class: 533K(640K)->533K(640K)
[44.752s][info][gc             ] GC(274) Pause Young (Allocation Failure) 6163M->6163M(6615M) 63.033ms
[44.752s][info][gc,cpu         ] GC(274) User=0.08s Sys=0.00s Real=0.06s
[44.759s][info][gc,start       ] GC(275) Pause Young (Allocation Failure)
[44.815s][info][gc,heap        ] GC(275) PSYoungGen: 11360K(184832K)->6240K(12800K) Eden: 6144K(6144K)->0K(6144K) From: 5216K(178688K)->6240K(6656K)
[44.815s][info][gc,heap        ] GC(275) ParOldGen: 6306441K(6588928K)->6311617K(6588928K)
[44.815s][info][gc,metaspace   ] GC(275) Metaspace: 6302K(6464K)->6302K(6464K) NonClass: 5769K(5824K)->5769K(5824K) Class: 533K(640K)->533K(640K)
[44.815s][info][gc             ] GC(275) Pause Young (Allocation Failure) 6169M->6169M(6447M) 56.123ms
[44.815s][info][gc,cpu         ] GC(275) User=0.06s Sys=0.00s Real=0.06s
[44.820s][info][gc,start       ] GC(276) Pause Young (Allocation Failure)
[44.883s][info][gc,heap        ] GC(276) PSYoungGen: 12384K(12800K)->6272K(163328K) Eden: 6144K(6144K)->0K(7680K) From: 6240K(6656K)->6272K(155648K)
[44.884s][info][gc,heap        ] GC(276) ParOldGen: 6311617K(6588928K)->6317817K(6588928K)
[44.884s][info][gc,metaspace   ] GC(276) Metaspace: 6302K(6464K)->6302K(6464K) NonClass: 5769K(5824K)->5769K(5824K) Class: 533K(640K)->533K(640K)
[44.884s][info][gc             ] GC(276) Pause Young (Allocation Failure) 6175M->6175M(6594M) 63.329ms
[44.884s][info][gc,cpu         ] GC(276) User=0.05s Sys=0.00s Real=0.06s
[44.892s][info][gc,start       ] GC(277) Pause Young (Allocation Failure)
[44.956s][info][gc,heap        ] GC(277) PSYoungGen: 13952K(163328K)->7840K(15872K) Eden: 7680K(7680K)->0K(7680K) From: 6272K(155648K)->7840K(8192K)
[44.956s][info][gc,heap        ] GC(277) ParOldGen: 6317817K(6588928K)->6324025K(6588928K)
[44.956s][info][gc,metaspace   ] GC(277) Metaspace: 6302K(6464K)->6302K(6464K) NonClass: 5769K(5824K)->5769K(5824K) Class: 533K(640K)->533K(640K)
[44.956s][info][gc             ] GC(277) Pause Young (Allocation Failure) 6183M->6183M(6450M) 64.783ms
[44.957s][info][gc,cpu         ] GC(277) User=0.05s Sys=0.00s Real=0.07s
[44.965s][info][gc,start       ] GC(278) Pause Young (Allocation Failure)
[45.039s][info][gc,heap        ] GC(278) PSYoungGen: 15520K(15872K)->7776K(143360K) Eden: 7680K(7680K)->0K(9216K) From: 7840K(8192K)->7776K(134144K)
[45.039s][info][gc,heap        ] GC(278) ParOldGen: 6324025K(6588928K)->6331777K(6588928K)
[45.039s][info][gc,metaspace   ] GC(278) Metaspace: 6302K(6464K)->6302K(6464K) NonClass: 5769K(5824K)->5769K(5824K) Class: 533K(640K)->533K(640K)
[45.039s][info][gc             ] GC(278) Pause Young (Allocation Failure) 6190M->6190M(6574M) 73.918ms
[45.039s][info][gc,cpu         ] GC(278) User=0.11s Sys=0.00s Real=0.07s
[45.048s][info][gc,start       ] GC(279) Pause Young (Allocation Failure)
[45.110s][info][gc,heap        ] GC(279) PSYoungGen: 16992K(143360K)->9312K(18944K) Eden: 9216K(9216K)->0K(9216K) From: 7776K(134144K)->9312K(9728K)
[45.110s][info][gc,heap        ] GC(279) ParOldGen: 6331777K(6588928K)->6339529K(6588928K)
[45.110s][info][gc,metaspace   ] GC(279) Metaspace: 6302K(6464K)->6302K(6464K) NonClass: 5769K(5824K)->5769K(5824K) Class: 533K(640K)->533K(640K)
[45.110s][info][gc             ] GC(279) Pause Young (Allocation Failure) 6199M->6200M(6453M) 61.842ms
[45.110s][info][gc,cpu         ] GC(279) User=0.09s Sys=0.00s Real=0.06s
[45.120s][info][gc,start       ] GC(280) Pause Young (Allocation Failure)
[45.201s][info][gc,heap        ] GC(280) PSYoungGen: 18528K(18944K)->9312K(126464K) Eden: 9216K(9216K)->0K(11264K) From: 9312K(9728K)->9312K(115200K)
[45.201s][info][gc,heap        ] GC(280) ParOldGen: 6339529K(6588928K)->6348825K(6588928K)
[45.201s][info][gc,metaspace   ] GC(280) Metaspace: 6302K(6464K)->6302K(6464K) NonClass: 5769K(5824K)->5769K(5824K) Class: 533K(640K)->533K(640K)
[45.201s][info][gc             ] GC(280) Pause Young (Allocation Failure) 6209M->6209M(6558M) 81.183ms
[45.201s][info][gc,cpu         ] GC(280) User=0.06s Sys=0.02s Real=0.08s
[45.212s][info][gc,start       ] GC(281) Pause Young (Allocation Failure)
[45.290s][info][gc,heap        ] GC(281) PSYoungGen: 20576K(126464K)->11392K(23040K) Eden: 11264K(11264K)->0K(11264K) From: 9312K(115200K)->11392K(11776K)
[45.290s][info][gc,heap        ] GC(281) ParOldGen: 6348825K(6588928K)->6358137K(6588928K)
[45.290s][info][gc,metaspace   ] GC(281) Metaspace: 6302K(6464K)->6302K(6464K) NonClass: 5769K(5824K)->5769K(5824K) Class: 533K(640K)->533K(640K)
[45.290s][info][gc             ] GC(281) Pause Young (Allocation Failure) 6220M->6220M(6457M) 77.565ms
[45.290s][info][gc,cpu         ] GC(281) User=0.11s Sys=0.00s Real=0.08s
[45.302s][info][gc,start       ] GC(282) Pause Young (Allocation Failure)
[45.366s][info][gc,heap        ] GC(282) PSYoungGen: 22656K(23040K)->11424K(111616K) Eden: 11264K(11264K)->0K(13824K) From: 11392K(11776K)->11424K(97792K)
[45.366s][info][gc,heap        ] GC(282) ParOldGen: 6358137K(6588928K)->6369505K(6588928K)
[45.366s][info][gc,metaspace   ] GC(282) Metaspace: 6302K(6464K)->6302K(6464K) NonClass: 5769K(5824K)->5769K(5824K) Class: 533K(640K)->533K(640K)
[45.366s][info][gc             ] GC(282) Pause Young (Allocation Failure) 6231M->6231M(6543M) 64.135ms
[45.366s][info][gc,cpu         ] GC(282) User=0.09s Sys=0.02s Real=0.06s
[45.380s][info][gc,start       ] GC(283) Pause Young (Allocation Failure)
[45.457s][info][gc,heap        ] GC(283) PSYoungGen: 25248K(111616K)->13952K(28160K) Eden: 13824K(13824K)->0K(13824K) From: 11424K(97792K)->13952K(14336K)
[45.457s][info][gc,heap        ] GC(283) ParOldGen: 6369505K(6588928K)->6380873K(6588928K)
[45.457s][info][gc,metaspace   ] GC(283) Metaspace: 6302K(6464K)->6302K(6464K) NonClass: 5769K(5824K)->5769K(5824K) Class: 533K(640K)->533K(640K)
[45.457s][info][gc             ] GC(283) Pause Young (Allocation Failure) 6244M->6244M(6462M) 76.723ms
[45.457s][info][gc,cpu         ] GC(283) User=0.12s Sys=0.00s Real=0.08s
[45.470s][info][gc,start       ] GC(284) Pause Young (Allocation Failure)
[45.541s][info][gc,heap        ] GC(284) PSYoungGen: 27776K(28160K)->14016K(99840K) Eden: 13824K(13824K)->0K(16896K) From: 13952K(14336K)->14016K(82944K)
[45.541s][info][gc,heap        ] GC(284) ParOldGen: 6380873K(6588928K)->6394825K(6588928K)
[45.541s][info][gc,metaspace   ] GC(284) Metaspace: 6302K(6464K)->6302K(6464K) NonClass: 5769K(5824K)->5769K(5824K) Class: 533K(640K)->533K(640K)
[45.541s][info][gc             ] GC(284) Pause Young (Allocation Failure) 6258M->6258M(6532M) 70.988ms
[45.541s][info][gc,cpu         ] GC(284) User=0.06s Sys=0.00s Real=0.07s
[45.558s][info][gc,start       ] GC(285) Pause Young (Allocation Failure)
[45.633s][info][gc,heap        ] GC(285) PSYoungGen: 30912K(99840K)->17056K(34304K) Eden: 16896K(16896K)->0K(16896K) From: 14016K(82944K)->17056K(17408K)
[45.633s][info][gc,heap        ] GC(285) ParOldGen: 6394825K(6588928K)->6408785K(6588928K)
[45.633s][info][gc,metaspace   ] GC(285) Metaspace: 6302K(6464K)->6302K(6464K) NonClass: 5769K(5824K)->5769K(5824K) Class: 533K(640K)->533K(640K)
[45.633s][info][gc             ] GC(285) Pause Young (Allocation Failure) 6275M->6275M(6468M) 74.695ms
[45.633s][info][gc,cpu         ] GC(285) User=0.14s Sys=0.00s Real=0.08s
[45.650s][info][gc,start       ] GC(286) Pause Young (Allocation Failure)
[45.720s][info][gc,heap        ] GC(286) PSYoungGen: 33952K(34304K)->17024K(90112K) Eden: 16896K(16896K)->0K(19968K) From: 17056K(17408K)->17024K(70144K)
[45.720s][info][gc,heap        ] GC(286) ParOldGen: 6408785K(6588928K)->6425817K(6588928K)
[45.720s][info][gc,metaspace   ] GC(286) Metaspace: 6302K(6464K)->6302K(6464K) NonClass: 5769K(5824K)->5769K(5824K) Class: 533K(640K)->533K(640K)
[45.720s][info][gc             ] GC(286) Pause Young (Allocation Failure) 6291M->6291M(6522M) 70.124ms
[45.720s][info][gc,cpu         ] GC(286) User=0.14s Sys=0.00s Real=0.07s
[45.740s][info][gc,start       ] GC(287) Pause Young (Allocation Failure)
[45.819s][info][gc,heap        ] GC(287) PSYoungGen: 36992K(90112K)->20128K(40448K) Eden: 19968K(19968K)->0K(19968K) From: 17024K(70144K)->20128K(20480K)
[45.819s][info][gc,heap        ] GC(287) ParOldGen: 6425817K(6588928K)->6442873K(6588928K)
[45.819s][info][gc,metaspace   ] GC(287) Metaspace: 6302K(6464K)->6302K(6464K) NonClass: 5769K(5824K)->5769K(5824K) Class: 533K(640K)->533K(640K)
[45.819s][info][gc             ] GC(287) Pause Young (Allocation Failure) 6311M->6311M(6474M) 78.920ms
[45.819s][info][gc,cpu         ] GC(287) User=0.08s Sys=0.00s Real=0.08s
[45.842s][info][gc,start       ] GC(288) Pause Young (Allocation Failure)
[45.920s][info][gc,heap        ] GC(288) PSYoungGen: 40096K(40448K)->20128K(87552K) Eden: 19968K(19968K)->0K(23552K) From: 20128K(20480K)->20128K(64000K)
[45.920s][info][gc,heap        ] GC(288) ParOldGen: 6442873K(6588928K)->6463033K(6588928K)
[45.920s][info][gc,metaspace   ] GC(288) Metaspace: 6302K(6464K)->6302K(6464K) NonClass: 5769K(5824K)->5769K(5824K) Class: 533K(640K)->533K(640K)
[45.920s][info][gc             ] GC(288) Pause Young (Allocation Failure) 6331M->6331M(6520M) 78.104ms
[45.920s][info][gc,cpu         ] GC(288) User=0.19s Sys=0.00s Real=0.08s
[45.946s][info][gc,start       ] GC(289) Pause Young (Allocation Failure)
[46.025s][info][gc,heap        ] GC(289) PSYoungGen: 43680K(87552K)->23744K(91648K) Eden: 23552K(23552K)->0K(23552K) From: 20128K(64000K)->23744K(68096K)
[46.025s][info][gc,heap        ] GC(289) ParOldGen: 6463033K(6588928K)->6483185K(6588928K)
[46.025s][info][gc,metaspace   ] GC(289) Metaspace: 6302K(6464K)->6302K(6464K) NonClass: 5769K(5824K)->5769K(5824K) Class: 533K(640K)->533K(640K)
[46.025s][info][gc             ] GC(289) Pause Young (Allocation Failure) 6354M->6354M(6524M) 79.339ms
[46.025s][info][gc,cpu         ] GC(289) User=0.16s Sys=0.00s Real=0.08s
[46.054s][info][gc,start       ] GC(290) Pause Young (Allocation Failure)
[46.128s][info][gc,heap        ] GC(290) PSYoungGen: 47296K(91648K)->23712K(87552K) Eden: 23552K(23552K)->0K(27648K) From: 23744K(68096K)->23712K(59904K)
[46.128s][info][gc,heap        ] GC(290) ParOldGen: 6483185K(6588928K)->6506953K(6588928K)
[46.128s][info][gc,metaspace   ] GC(290) Metaspace: 6302K(6464K)->6302K(6464K) NonClass: 5769K(5824K)->5769K(5824K) Class: 533K(640K)->533K(640K)
[46.128s][info][gc             ] GC(290) Pause Young (Allocation Failure) 6377M->6377M(6520M) 74.075ms
[46.128s][info][gc,cpu         ] GC(290) User=0.17s Sys=0.02s Real=0.07s
[46.155s][info][gc,start       ] GC(291) Pause Young (Allocation Failure)
[46.235s][info][gc,heap        ] GC(291) PSYoungGen: 51360K(87552K)->27808K(90112K) Eden: 27648K(27648K)->0K(27648K) From: 23712K(59904K)->27808K(62464K)
[46.235s][info][gc,heap        ] GC(291) ParOldGen: 6506953K(6588928K)->6530713K(6588928K)
[46.235s][info][gc,metaspace   ] GC(291) Metaspace: 6302K(6464K)->6302K(6464K) NonClass: 5769K(5824K)->5769K(5824K) Class: 533K(640K)->533K(640K)
[46.235s][info][gc             ] GC(291) Pause Young (Allocation Failure) 6404M->6404M(6522M) 80.670ms
[46.235s][info][gc,cpu         ] GC(291) User=0.19s Sys=0.00s Real=0.08s
[46.263s][info][gc,start       ] GC(292) Pause Young (Allocation Failure)
[46.342s][info][gc,heap        ] GC(292) PSYoungGen: 55456K(90112K)->27808K(91136K) Eden: 27648K(27648K)->0K(32256K) From: 27808K(62464K)->27808K(58880K)
[46.342s][info][gc,heap        ] GC(292) ParOldGen: 6530713K(6588928K)->6558601K(6588928K)
[46.342s][info][gc,metaspace   ] GC(292) Metaspace: 6302K(6464K)->6302K(6464K) NonClass: 5769K(5824K)->5769K(5824K) Class: 533K(640K)->533K(640K)
[46.342s][info][gc             ] GC(292) Pause Young (Allocation Failure) 6431M->6432M(6523M) 79.286ms
[46.342s][info][gc,cpu         ] GC(292) User=0.17s Sys=0.02s Real=0.08s
[46.342s][info][gc,start       ] GC(293) Pause Full (Ergonomics)
[46.342s][info][gc,phases,start] GC(293) Marking Phase
[47.864s][info][gc,phases      ] GC(293) Marking Phase 1521.861ms
[47.864s][info][gc,phases,start] GC(293) Summary Phase
[47.864s][info][gc,phases      ] GC(293) Summary Phase 0.106ms
[47.864s][info][gc,phases,start] GC(293) Adjust Roots
[47.864s][info][gc,phases      ] GC(293) Adjust Roots 0.172ms
[47.864s][info][gc,phases,start] GC(293) Compaction Phase
[48.610s][info][gc,phases      ] GC(293) Compaction Phase 745.568ms
[48.610s][info][gc,phases,start] GC(293) Post Compact
[48.622s][info][gc,phases      ] GC(293) Post Compact 11.557ms
[48.624s][info][gc,heap        ] GC(293) PSYoungGen: 27808K(91136K)->0K(92672K) Eden: 0K(32256K)->0K(32256K) From: 27808K(58880K)->0K(60416K)
[48.624s][info][gc,heap        ] GC(293) ParOldGen: 6558601K(6588928K)->6579276K(7176704K)
[48.624s][info][gc,metaspace   ] GC(293) Metaspace: 6302K(6464K)->6302K(6464K) NonClass: 5769K(5824K)->5769K(5824K) Class: 533K(640K)->533K(640K)
[48.624s][info][gc             ] GC(293) Pause Full (Ergonomics) 6432M->6425M(7099M) 2281.560ms
[48.624s][info][gc,cpu         ] GC(293) User=16.14s Sys=0.06s Real=2.28s
[48.656s][info][gc,start       ] GC(294) Pause Young (Allocation Failure)
[48.732s][info][gc,heap        ] GC(294) PSYoungGen: 32256K(92672K)->32384K(96768K) Eden: 32256K(32256K)->0K(36352K) From: 0K(60416K)->32384K(60416K)
[48.732s][info][gc,heap        ] GC(294) ParOldGen: 6579276K(7176704K)->6579276K(7176704K)
[48.732s][info][gc,metaspace   ] GC(294) Metaspace: 6302K(6464K)->6302K(6464K) NonClass: 5769K(5824K)->5769K(5824K) Class: 533K(640K)->533K(640K)
[48.732s][info][gc             ] GC(294) Pause Young (Allocation Failure) 6456M->6456M(7103M) 75.216ms
[48.732s][info][gc,cpu         ] GC(294) User=0.12s Sys=0.00s Real=0.08s
[48.771s][info][gc,start       ] GC(295) Pause Young (Allocation Failure)
[48.856s][info][gc,heap        ] GC(295) PSYoungGen: 68736K(96768K)->36512K(97280K) Eden: 36352K(36352K)->0K(36352K) From: 32384K(60416K)->36512K(60928K)
[48.856s][info][gc,heap        ] GC(295) ParOldGen: 6579276K(7176704K)->6611812K(7176704K)
[48.856s][info][gc,metaspace   ] GC(295) Metaspace: 6302K(6464K)->6302K(6464K) NonClass: 5769K(5824K)->5769K(5824K) Class: 533K(640K)->533K(640K)
[48.856s][info][gc             ] GC(295) Pause Young (Allocation Failure) 6492M->6492M(7103M) 84.799ms
[48.856s][info][gc,cpu         ] GC(295) User=0.22s Sys=0.00s Real=0.08s
[48.895s][info][gc,start       ] GC(296) Pause Young (Allocation Failure)
[48.977s][info][gc,heap        ] GC(296) PSYoungGen: 72864K(97280K)->36544K(102912K) Eden: 36352K(36352K)->0K(40448K) From: 36512K(60928K)->36544K(62464K)
[48.977s][info][gc,heap        ] GC(296) ParOldGen: 6611812K(7176704K)->6648476K(7176704K)
[48.977s][info][gc,metaspace   ] GC(296) Metaspace: 6302K(6464K)->6302K(6464K) NonClass: 5769K(5824K)->5769K(5824K) Class: 533K(640K)->533K(640K)
[48.977s][info][gc             ] GC(296) Pause Young (Allocation Failure) 6528M->6528M(7109M) 82.399ms
[48.977s][info][gc,cpu         ] GC(296) User=0.20s Sys=0.00s Real=0.08s
[49.027s][info][gc,start       ] GC(297) Pause Young (Allocation Failure)
[49.128s][info][gc,heap        ] GC(297) PSYoungGen: 76992K(102912K)->40608K(103936K) Eden: 40448K(40448K)->0K(40448K) From: 36544K(62464K)->40608K(63488K)
[49.128s][info][gc,heap        ] GC(297) ParOldGen: 6648476K(7176704K)->6685148K(7176704K)
[49.128s][info][gc,metaspace   ] GC(297) Metaspace: 6302K(6464K)->6302K(6464K) NonClass: 5769K(5824K)->5769K(5824K) Class: 533K(640K)->533K(640K)
[49.128s][info][gc             ] GC(297) Pause Young (Allocation Failure) 6567M->6568M(7110M) 100.868ms
[49.128s][info][gc,cpu         ] GC(297) User=0.34s Sys=0.00s Real=0.10s
[49.175s][info][gc,start       ] GC(298) Pause Young (Allocation Failure)
[49.266s][info][gc,heap        ] GC(298) PSYoungGen: 81056K(103936K)->40672K(111104K) Eden: 40448K(40448K)->0K(45056K) From: 40608K(63488K)->40672K(66048K)
[49.266s][info][gc,heap        ] GC(298) ParOldGen: 6685148K(7176704K)->6725956K(7176704K)
[49.266s][info][gc,metaspace   ] GC(298) Metaspace: 6302K(6464K)->6302K(6464K) NonClass: 5769K(5824K)->5769K(5824K) Class: 533K(640K)->533K(640K)
[49.266s][info][gc             ] GC(298) Pause Young (Allocation Failure) 6607M->6608M(7117M) 91.163ms
[49.266s][info][gc,cpu         ] GC(298) User=0.28s Sys=0.03s Real=0.09s
[49.310s][info][gc,start       ] GC(299) Pause Young (Allocation Failure)
[49.400s][info][gc,heap        ] GC(299) PSYoungGen: 85728K(111104K)->45216K(112128K) Eden: 45056K(45056K)->0K(45056K) From: 40672K(66048K)->45216K(67072K)
[49.400s][info][gc,heap        ] GC(299) ParOldGen: 6725956K(7176704K)->6766756K(7176704K)
[49.400s][info][gc,metaspace   ] GC(299) Metaspace: 6302K(6464K)->6302K(6464K) NonClass: 5769K(5824K)->5769K(5824K) Class: 533K(640K)->533K(640K)
[49.400s][info][gc             ] GC(299) Pause Young (Allocation Failure) 6652M->6652M(7118M) 90.181ms
[49.400s][info][gc,cpu         ] GC(299) User=0.20s Sys=0.00s Real=0.09s
[49.445s][info][gc,start       ] GC(300) Pause Young (Allocation Failure)
[49.532s][info][gc,heap        ] GC(300) PSYoungGen: 90272K(112128K)->45216K(119808K) Eden: 45056K(45056K)->0K(49664K) From: 45216K(67072K)->45216K(70144K)
[49.533s][info][gc,heap        ] GC(300) ParOldGen: 6766756K(7176704K)->6812212K(7176704K)
[49.533s][info][gc,metaspace   ] GC(300) Metaspace: 6302K(6464K)->6302K(6464K) NonClass: 5769K(5824K)->5769K(5824K) Class: 533K(640K)->533K(640K)
[49.533s][info][gc             ] GC(300) Pause Young (Allocation Failure) 6696M->6696M(7125M) 87.311ms
[49.533s][info][gc,cpu         ] GC(300) User=0.19s Sys=0.06s Real=0.09s
[49.590s][info][gc,start       ] GC(301) Pause Young (Allocation Failure)
[49.681s][info][gc,heap        ] GC(301) PSYoungGen: 94880K(119808K)->49856K(121344K) Eden: 49664K(49664K)->0K(49664K) From: 45216K(70144K)->49856K(71680K)
[49.681s][info][gc,heap        ] GC(301) ParOldGen: 6812212K(7176704K)->6857660K(7176704K)
[49.681s][info][gc,metaspace   ] GC(301) Metaspace: 6302K(6464K)->6302K(6464K) NonClass: 5769K(5824K)->5769K(5824K) Class: 533K(640K)->533K(640K)
[49.681s][info][gc             ] GC(301) Pause Young (Allocation Failure) 6745M->6745M(7127M) 91.501ms
[49.681s][info][gc,cpu         ] GC(301) User=0.25s Sys=0.00s Real=0.09s
[49.740s][info][gc,start       ] GC(302) Pause Young (Allocation Failure)
[49.835s][info][gc,heap        ] GC(302) PSYoungGen: 99520K(121344K)->49856K(129024K) Eden: 49664K(49664K)->0K(54272K) From: 49856K(71680K)->49856K(74752K)
[49.835s][info][gc,heap        ] GC(302) ParOldGen: 6857660K(7176704K)->6907772K(7176704K)
[49.835s][info][gc,metaspace   ] GC(302) Metaspace: 6302K(6464K)->6302K(6464K) NonClass: 5769K(5824K)->5769K(5824K) Class: 533K(640K)->533K(640K)
[49.835s][info][gc             ] GC(302) Pause Young (Allocation Failure) 6794M->6794M(7134M) 94.888ms
[49.835s][info][gc,cpu         ] GC(302) User=0.28s Sys=0.00s Real=0.10s
[49.891s][info][gc,start       ] GC(303) Pause Young (Allocation Failure)
[49.989s][info][gc,heap        ] GC(303) PSYoungGen: 104128K(129024K)->54496K(131072K) Eden: 54272K(54272K)->0K(54272K) From: 49856K(74752K)->54496K(76800K)
[49.989s][info][gc,heap        ] GC(303) ParOldGen: 6907772K(7176704K)->6957868K(7176704K)
[49.989s][info][gc,metaspace   ] GC(303) Metaspace: 6302K(6464K)->6302K(6464K) NonClass: 5769K(5824K)->5769K(5824K) Class: 533K(640K)->533K(640K)
[49.989s][info][gc             ] GC(303) Pause Young (Allocation Failure) 6847M->6848M(7136M) 97.966ms
[49.989s][info][gc,cpu         ] GC(303) User=0.33s Sys=0.00s Real=0.10s
[50.042s][info][gc,start       ] GC(304) Pause Young (Allocation Failure)
[50.137s][info][gc,heap        ] GC(304) PSYoungGen: 108768K(131072K)->54528K(138752K) Eden: 54272K(54272K)->0K(58880K) From: 54496K(76800K)->54528K(79872K)
[50.137s][info][gc,heap        ] GC(304) ParOldGen: 6957868K(7176704K)->7012636K(7176704K)
[50.137s][info][gc,metaspace   ] GC(304) Metaspace: 6302K(6464K)->6302K(6464K) NonClass: 5769K(5824K)->5769K(5824K) Class: 533K(640K)->533K(640K)
[50.137s][info][gc             ] GC(304) Pause Young (Allocation Failure) 6901M->6901M(7144M) 95.179ms
[50.137s][info][gc,cpu         ] GC(304) User=0.23s Sys=0.02s Real=0.10s
[50.199s][info][gc,start       ] GC(305) Pause Young (Allocation Failure)
[50.291s][info][gc,heap        ] GC(305) PSYoungGen: 113408K(138752K)->59072K(141312K) Eden: 58880K(58880K)->0K(58880K) From: 54528K(79872K)->59072K(82432K)
[50.291s][info][gc,heap        ] GC(305) ParOldGen: 7012636K(7176704K)->7067388K(7176704K)
[50.291s][info][gc,metaspace   ] GC(305) Metaspace: 6302K(6464K)->6302K(6464K) NonClass: 5769K(5824K)->5769K(5824K) Class: 533K(640K)->533K(640K)
[50.291s][info][gc             ] GC(305) Pause Young (Allocation Failure) 6959M->6959M(7146M) 91.922ms
[50.291s][info][gc,cpu         ] GC(305) User=0.38s Sys=0.03s Real=0.09s
[50.355s][info][gc,start       ] GC(306) Pause Young (Allocation Failure)
[50.453s][info][gc,heap        ] GC(306) PSYoungGen: 117952K(141312K)->59072K(150528K) Eden: 58880K(58880K)->0K(64512K) From: 59072K(82432K)->59072K(86016K)
[50.453s][info][gc,heap        ] GC(306) ParOldGen: 7067388K(7176704K)->7126796K(7176704K)
[50.454s][info][gc,metaspace   ] GC(306) Metaspace: 6302K(6464K)->6302K(6464K) NonClass: 5769K(5824K)->5769K(5824K) Class: 533K(640K)->533K(640K)
[50.454s][info][gc             ] GC(306) Pause Young (Allocation Failure) 7016M->7017M(7155M) 98.639ms
[50.454s][info][gc,cpu         ] GC(306) User=0.36s Sys=0.02s Real=0.10s
[50.454s][info][gc,start       ] GC(307) Pause Full (Ergonomics)
[50.454s][info][gc,phases,start] GC(307) Marking Phase
[52.122s][info][gc,phases      ] GC(307) Marking Phase 1668.667ms
[52.122s][info][gc,phases,start] GC(307) Summary Phase
[52.122s][info][gc,phases      ] GC(307) Summary Phase 0.084ms
[52.122s][info][gc,phases,start] GC(307) Adjust Roots
[52.123s][info][gc,phases      ] GC(307) Adjust Roots 0.259ms
[52.123s][info][gc,phases,start] GC(307) Compaction Phase
[52.898s][info][gc,phases      ] GC(307) Compaction Phase 775.450ms
[52.898s][info][gc,phases,start] GC(307) Post Compact
[52.909s][info][gc,phases      ] GC(307) Post Compact 11.052ms
[52.912s][info][gc,heap        ] GC(307) PSYoungGen: 59072K(150528K)->4183K(150528K) Eden: 0K(64512K)->0K(64512K) From: 59072K(86016K)->4183K(86016K)
[52.912s][info][gc,heap        ] GC(307) ParOldGen: 7126796K(7176704K)->7176292K(7876096K)
[52.912s][info][gc,metaspace   ] GC(307) Metaspace: 6302K(6464K)->6302K(6464K) NonClass: 5769K(5824K)->5769K(5824K) Class: 533K(640K)->533K(640K)
[52.912s][info][gc             ] GC(307) Pause Full (Ergonomics) 7017M->7012M(7838M) 2458.063ms
[52.912s][info][gc,cpu         ] GC(307) User=18.25s Sys=0.08s Real=2.46s
[52.977s][info][gc,start       ] GC(308) Pause Young (Allocation Failure)
[53.331s][info][gc,heap        ] GC(308) PSYoungGen: 68695K(150528K)->64736K(152576K) Eden: 64512K(64512K)->0K(64512K) From: 4183K(86016K)->64736K(88064K)
[53.331s][info][gc,heap        ] GC(308) ParOldGen: 7176292K(7876096K)->7180548K(7876096K)
[53.331s][info][gc,metaspace   ] GC(308) Metaspace: 6302K(6464K)->6302K(6464K) NonClass: 5769K(5824K)->5769K(5824K) Class: 533K(640K)->533K(640K)
[53.332s][info][gc             ] GC(308) Pause Young (Allocation Failure) 7075M->7075M(7840M) 354.331ms
[53.332s][info][gc,cpu         ] GC(308) User=2.41s Sys=0.00s Real=0.36s
[53.393s][info][gc,start       ] GC(309) Pause Young (Allocation Failure)
[53.500s][info][gc,heap        ] GC(309) PSYoungGen: 129248K(152576K)->64736K(160768K) Eden: 64512K(64512K)->0K(68608K) From: 64736K(88064K)->64736K(92160K)
[53.500s][info][gc,heap        ] GC(309) ParOldGen: 7180548K(7876096K)->7245652K(7876096K)
[53.500s][info][gc,metaspace   ] GC(309) Metaspace: 6302K(6464K)->6302K(6464K) NonClass: 5769K(5824K)->5769K(5824K) Class: 533K(640K)->533K(640K)
[53.500s][info][gc             ] GC(309) Pause Young (Allocation Failure) 7138M->7139M(7848M) 107.171ms
[53.500s][info][gc,cpu         ] GC(309) User=0.33s Sys=0.02s Real=0.11s
[53.575s][info][gc,start       ] GC(310) Pause Young (Allocation Failure)
[53.687s][info][gc,heap        ] GC(310) PSYoungGen: 133344K(160768K)->68896K(163328K) Eden: 68608K(68608K)->0K(68608K) From: 64736K(92160K)->68896K(94720K)
[53.687s][info][gc,heap        ] GC(310) ParOldGen: 7245652K(7876096K)->7310756K(7876096K)
[53.687s][info][gc,metaspace   ] GC(310) Metaspace: 6302K(6464K)->6302K(6464K) NonClass: 5769K(5824K)->5769K(5824K) Class: 533K(640K)->533K(640K)
[53.687s][info][gc             ] GC(310) Pause Young (Allocation Failure) 7206M->7206M(7851M) 112.378ms
[53.687s][info][gc,cpu         ] GC(310) User=0.34s Sys=0.00s Real=0.11s
[53.764s][info][gc,start       ] GC(311) Pause Young (Allocation Failure)
[53.881s][info][gc,heap        ] GC(311) PSYoungGen: 137504K(163328K)->68832K(172032K) Eden: 68608K(68608K)->0K(73728K) From: 68896K(94720K)->68832K(98304K)
[53.881s][info][gc,heap        ] GC(311) ParOldGen: 7310756K(7876096K)->7379988K(7876096K)
[53.881s][info][gc,metaspace   ] GC(311) Metaspace: 6302K(6464K)->6302K(6464K) NonClass: 5769K(5824K)->5769K(5824K) Class: 533K(640K)->533K(640K)
[53.881s][info][gc             ] GC(311) Pause Young (Allocation Failure) 7273M->7274M(7859M) 116.506ms
[53.881s][info][gc,cpu         ] GC(311) User=0.38s Sys=0.05s Real=0.12s
[53.957s][info][gc,start       ] GC(312) Pause Young (Allocation Failure)
[54.072s][info][gc,heap        ] GC(312) PSYoungGen: 142560K(172032K)->73984K(174592K) Eden: 73728K(73728K)->0K(73728K) From: 68832K(98304K)->73984K(100864K)
[54.072s][info][gc,heap        ] GC(312) ParOldGen: 7379988K(7876096K)->7449220K(7876096K)
[54.072s][info][gc,metaspace   ] GC(312) Metaspace: 6302K(6464K)->6302K(6464K) NonClass: 5769K(5824K)->5769K(5824K) Class: 533K(640K)->533K(640K)
[54.072s][info][gc             ] GC(312) Pause Young (Allocation Failure) 7346M->7346M(7862M) 114.257ms
[54.072s][info][gc,cpu         ] GC(312) User=0.42s Sys=0.03s Real=0.12s
[54.149s][info][gc,start       ] GC(313) Pause Young (Allocation Failure)
[54.264s][info][gc,heap        ] GC(313) PSYoungGen: 147712K(174592K)->73984K(184320K) Eden: 73728K(73728K)->0K(79872K) From: 73984K(100864K)->73984K(104448K)
[54.264s][info][gc,heap        ] GC(313) ParOldGen: 7449220K(7876096K)->7523620K(7876096K)
[54.264s][info][gc,metaspace   ] GC(313) Metaspace: 6302K(6464K)->6302K(6464K) NonClass: 5769K(5824K)->5769K(5824K) Class: 533K(640K)->533K(640K)
[54.264s][info][gc             ] GC(313) Pause Young (Allocation Failure) 7418M->7419M(7871M) 115.029ms
[54.264s][info][gc,cpu         ] GC(313) User=0.33s Sys=0.03s Real=0.11s
[54.352s][info][gc,start       ] GC(314) Pause Young (Allocation Failure)
[54.465s][info][gc,heap        ] GC(314) PSYoungGen: 153856K(184320K)->80128K(186880K) Eden: 79872K(79872K)->0K(79872K) From: 73984K(104448K)->80128K(107008K)
[54.465s][info][gc,heap        ] GC(314) ParOldGen: 7523620K(7876096K)->7598020K(7876096K)
[54.465s][info][gc,metaspace   ] GC(314) Metaspace: 6302K(6464K)->6302K(6464K) NonClass: 5769K(5824K)->5769K(5824K) Class: 533K(640K)->533K(640K)
[54.465s][info][gc             ] GC(314) Pause Young (Allocation Failure) 7497M->7498M(7874M) 112.642ms
[54.465s][info][gc,cpu         ] GC(314) User=0.41s Sys=0.05s Real=0.11s
[54.548s][info][gc,start       ] GC(315) Pause Young (Allocation Failure)
[54.670s][info][gc,heap        ] GC(315) PSYoungGen: 160000K(186880K)->80160K(197632K) Eden: 79872K(79872K)->0K(86528K) From: 80128K(107008K)->80160K(111104K)
[54.670s][info][gc,heap        ] GC(315) ParOldGen: 7598020K(7876096K)->7678620K(7876096K)
[54.670s][info][gc,metaspace   ] GC(315) Metaspace: 6302K(6464K)->6302K(6464K) NonClass: 5769K(5824K)->5769K(5824K) Class: 533K(640K)->533K(640K)
[54.670s][info][gc             ] GC(315) Pause Young (Allocation Failure) 7576M->7576M(7884M) 121.651ms
[54.670s][info][gc,cpu         ] GC(315) User=0.36s Sys=0.06s Real=0.12s
[54.769s][info][gc,start       ] GC(316) Pause Young (Allocation Failure)
[54.893s][info][gc,heap        ] GC(316) PSYoungGen: 166688K(197632K)->86784K(200704K) Eden: 86528K(86528K)->0K(86528K) From: 80160K(111104K)->86784K(114176K)
[54.893s][info][gc,heap        ] GC(316) ParOldGen: 7678620K(7876096K)->7759220K(7876096K)
[54.893s][info][gc,metaspace   ] GC(316) Metaspace: 6302K(6464K)->6302K(6464K) NonClass: 5769K(5824K)->5769K(5824K) Class: 533K(640K)->533K(640K)
[54.893s][info][gc             ] GC(316) Pause Young (Allocation Failure) 7661M->7662M(7887M) 124.352ms
[54.893s][info][gc,cpu         ] GC(316) User=0.39s Sys=0.02s Real=0.12s
[54.893s][info][gc,start       ] GC(317) Pause Full (Ergonomics)
[54.893s][info][gc,phases,start] GC(317) Marking Phase
[56.737s][info][gc,phases      ] GC(317) Marking Phase 1843.856ms
[56.737s][info][gc,phases,start] GC(317) Summary Phase
[56.737s][info][gc,phases      ] GC(317) Summary Phase 0.145ms
[56.737s][info][gc,phases,start] GC(317) Adjust Roots
[56.737s][info][gc,phases      ] GC(317) Adjust Roots 0.208ms
[56.737s][info][gc,phases,start] GC(317) Compaction Phase
[57.563s][info][gc,phases      ] GC(317) Compaction Phase 825.252ms
[57.563s][info][gc,phases,start] GC(317) Post Compact
[57.575s][info][gc,phases      ] GC(317) Post Compact 12.302ms
[57.577s][info][gc,heap        ] GC(317) PSYoungGen: 86784K(200704K)->0K(215552K) Eden: 0K(86528K)->0K(96768K) From: 86784K(114176K)->0K(118784K)
[57.577s][info][gc,heap        ] GC(317) ParOldGen: 7759220K(7876096K)->7840172K(8640000K)
[57.577s][info][gc,metaspace   ] GC(317) Metaspace: 6302K(6464K)->6302K(6464K) NonClass: 5769K(5824K)->5769K(5824K) Class: 533K(640K)->533K(640K)
[57.578s][info][gc             ] GC(317) Pause Full (Ergonomics) 7662M->7656M(8648M) 2684.396ms
[57.578s][info][gc,cpu         ] GC(317) User=18.97s Sys=0.05s Real=2.68s
[57.685s][info][gc,start       ] GC(318) Pause Young (Allocation Failure)
[57.785s][info][gc,heap        ] GC(318) PSYoungGen: 96768K(215552K)->97056K(215552K) Eden: 96768K(96768K)->0K(96768K) From: 0K(118784K)->97056K(118784K)
[57.785s][info][gc,heap        ] GC(318) ParOldGen: 7840172K(8640000K)->7840172K(8640000K)
[57.785s][info][gc,metaspace   ] GC(318) Metaspace: 6302K(6464K)->6302K(6464K) NonClass: 5769K(5824K)->5769K(5824K) Class: 533K(640K)->533K(640K)
[57.785s][info][gc             ] GC(318) Pause Young (Allocation Failure) 7750M->7751M(8648M) 99.821ms
[57.785s][info][gc,cpu         ] GC(318) User=0.30s Sys=0.00s Real=0.10s
[57.888s][info][gc,start       ] GC(319) Pause Young (Allocation Failure)
[58.023s][info][gc,heap        ] GC(319) PSYoungGen: 193824K(215552K)->125952K(190464K) Eden: 96768K(96768K)->0K(64512K) From: 97056K(118784K)->125952K(125952K)
[58.023s][info][gc,heap        ] GC(319) ParOldGen: 7840172K(8640000K)->7908604K(8640000K)
[58.023s][info][gc,metaspace   ] GC(319) Metaspace: 6302K(6464K)->6302K(6464K) NonClass: 5769K(5824K)->5769K(5824K) Class: 533K(640K)->533K(640K)
[58.023s][info][gc             ] GC(319) Pause Young (Allocation Failure) 7845M->7846M(8623M) 135.467ms
[58.023s][info][gc,cpu         ] GC(319) User=0.53s Sys=0.03s Real=0.13s
[58.098s][info][gc,start       ] GC(320) Pause Young (Allocation Failure)
[58.225s][info][gc,heap        ] GC(320) PSYoungGen: 190464K(190464K)->64736K(231936K) Eden: 64512K(64512K)->0K(64512K) From: 125952K(125952K)->64736K(167424K)
[58.225s][info][gc,heap        ] GC(320) ParOldGen: 7908604K(8640000K)->8035492K(8640000K)
[58.225s][info][gc,metaspace   ] GC(320) Metaspace: 6302K(6464K)->6302K(6464K) NonClass: 5769K(5824K)->5769K(5824K) Class: 533K(640K)->533K(640K)
[58.226s][info][gc             ] GC(320) Pause Young (Allocation Failure) 7909M->7910M(8664M) 127.879ms
[58.226s][info][gc,cpu         ] GC(320) User=0.61s Sys=0.05s Real=0.13s
[58.296s][info][gc,start       ] GC(321) Pause Young (Allocation Failure)
[58.404s][info][gc,heap        ] GC(321) PSYoungGen: 129248K(231936K)->64768K(220160K) Eden: 64512K(64512K)->0K(71680K) From: 64736K(167424K)->64768K(148480K)
[58.404s][info][gc,heap        ] GC(321) ParOldGen: 8035492K(8640000K)->8100588K(8640000K)
[58.404s][info][gc,metaspace   ] GC(321) Metaspace: 6302K(6464K)->6302K(6464K) NonClass: 5769K(5824K)->5769K(5824K) Class: 533K(640K)->533K(640K)
[58.404s][info][gc             ] GC(321) Pause Young (Allocation Failure) 7973M->7973M(8652M) 107.865ms
[58.404s][info][gc,cpu         ] GC(321) User=0.30s Sys=0.03s Real=0.11s
[58.480s][info][gc,start       ] GC(322) Pause Young (Allocation Failure)
[58.586s][info][gc,heap        ] GC(322) PSYoungGen: 136448K(220160K)->71936K(226304K) Eden: 71680K(71680K)->0K(71680K) From: 64768K(148480K)->71936K(154624K)
[58.586s][info][gc,heap        ] GC(322) ParOldGen: 8100588K(8640000K)->8165708K(8640000K)
[58.586s][info][gc,metaspace   ] GC(322) Metaspace: 6302K(6464K)->6302K(6464K) NonClass: 5769K(5824K)->5769K(5824K) Class: 533K(640K)->533K(640K)
[58.586s][info][gc             ] GC(322) Pause Young (Allocation Failure) 8043M->8044M(8658M) 105.782ms
[58.586s][info][gc,cpu         ] GC(322) User=0.25s Sys=0.06s Real=0.11s
[58.665s][info][gc,start       ] GC(323) Pause Young (Allocation Failure)
[58.770s][info][gc,heap        ] GC(323) PSYoungGen: 143616K(226304K)->71936K(215040K) Eden: 71680K(71680K)->0K(79872K) From: 71936K(154624K)->71936K(135168K)
[58.770s][info][gc,heap        ] GC(323) ParOldGen: 8165708K(8640000K)->8238036K(8640000K)
[58.770s][info][gc,metaspace   ] GC(323) Metaspace: 6302K(6464K)->6302K(6464K) NonClass: 5769K(5824K)->5769K(5824K) Class: 533K(640K)->533K(640K)
[58.770s][info][gc             ] GC(323) Pause Young (Allocation Failure) 8114M->8115M(8647M) 105.709ms
[58.770s][info][gc,cpu         ] GC(323) User=0.36s Sys=0.03s Real=0.11s
[58.852s][info][gc,start       ] GC(324) Pause Young (Allocation Failure)
[58.969s][info][gc,heap        ] GC(324) PSYoungGen: 151808K(215040K)->80096K(221184K) Eden: 79872K(79872K)->0K(79872K) From: 71936K(135168K)->80096K(141312K)
[58.969s][info][gc,heap        ] GC(324) ParOldGen: 8238036K(8640000K)->8310364K(8640000K)
[58.969s][info][gc,metaspace   ] GC(324) Metaspace: 6302K(6464K)->6302K(6464K) NonClass: 5769K(5824K)->5769K(5824K) Class: 533K(640K)->533K(640K)
[58.969s][info][gc             ] GC(324) Pause Young (Allocation Failure) 8193M->8193M(8653M) 116.527ms
[58.969s][info][gc,cpu         ] GC(324) User=0.45s Sys=0.03s Real=0.12s
[59.051s][info][gc,start       ] GC(325) Pause Young (Allocation Failure)
[59.166s][info][gc,heap        ] GC(325) PSYoungGen: 159968K(221184K)->80160K(218112K) Eden: 79872K(79872K)->0K(89600K) From: 80096K(141312K)->80160K(128512K)
[59.166s][info][gc,heap        ] GC(325) ParOldGen: 8310364K(8640000K)->8390972K(8640000K)
[59.166s][info][gc,metaspace   ] GC(325) Metaspace: 6302K(6464K)->6302K(6464K) NonClass: 5769K(5824K)->5769K(5824K) Class: 533K(640K)->533K(640K)
[59.166s][info][gc             ] GC(325) Pause Young (Allocation Failure) 8271M->8272M(8650M) 115.364ms
[59.166s][info][gc,cpu         ] GC(325) User=0.38s Sys=0.05s Real=0.12s
[59.264s][info][gc,start       ] GC(326) Pause Young (Allocation Failure)
[59.387s][info][gc,heap        ] GC(326) PSYoungGen: 169760K(218112K)->89920K(221696K) Eden: 89600K(89600K)->0K(89600K) From: 80160K(128512K)->89920K(132096K)
[59.387s][info][gc,heap        ] GC(326) ParOldGen: 8390972K(8640000K)->8471580K(8640000K)
[59.387s][info][gc,metaspace   ] GC(326) Metaspace: 6302K(6464K)->6302K(6464K) NonClass: 5769K(5824K)->5769K(5824K) Class: 533K(640K)->533K(640K)
[59.387s][info][gc             ] GC(326) Pause Young (Allocation Failure) 8360M->8360M(8654M) 122.285ms
[59.387s][info][gc,cpu         ] GC(326) User=0.47s Sys=0.00s Real=0.12s
[59.479s][info][gc,start       ] GC(327) Pause Young (Allocation Failure)
[59.600s][info][gc,heap        ] GC(327) PSYoungGen: 179520K(221696K)->89920K(229376K) Eden: 89600K(89600K)->0K(99840K) From: 89920K(132096K)->89920K(129536K)
[59.600s][info][gc,heap        ] GC(327) ParOldGen: 8471580K(8640000K)->8561996K(8640000K)
[59.600s][info][gc,metaspace   ] GC(327) Metaspace: 6302K(6464K)->6302K(6464K) NonClass: 5769K(5824K)->5769K(5824K) Class: 533K(640K)->533K(640K)
[59.600s][info][gc             ] GC(327) Pause Young (Allocation Failure) 8448M->8449M(8661M) 121.298ms
[59.600s][info][gc,cpu         ] GC(327) User=0.56s Sys=0.09s Real=0.12s
[59.600s][info][gc,start       ] GC(328) Pause Full (Ergonomics)
[59.600s][info][gc,phases,start] GC(328) Marking Phase
[61.651s][info][gc,phases      ] GC(328) Marking Phase 2050.519ms
[61.651s][info][gc,phases,start] GC(328) Summary Phase
[61.651s][info][gc,phases      ] GC(328) Summary Phase 0.103ms
[61.651s][info][gc,phases,start] GC(328) Adjust Roots
[61.651s][info][gc,phases      ] GC(328) Adjust Roots 0.222ms
[61.651s][info][gc,phases,start] GC(328) Compaction Phase
[62.619s][info][gc,phases      ] GC(328) Compaction Phase 967.735ms
[62.619s][info][gc,phases,start] GC(328) Post Compact
[62.633s][info][gc,phases      ] GC(328) Post Compact 14.432ms
[62.636s][info][gc,heap        ] GC(328) PSYoungGen: 89920K(229376K)->4766K(230400K) Eden: 0K(99840K)->0K(100864K) From: 89920K(129536K)->4766K(129536K)
[62.636s][info][gc,heap        ] GC(328) ParOldGen: 8561996K(8640000K)->8639966K(9517568K)
[62.636s][info][gc,metaspace   ] GC(328) Metaspace: 6302K(6464K)->6302K(6464K) NonClass: 5769K(5824K)->5769K(5824K) Class: 533K(640K)->533K(640K)
[62.636s][info][gc             ] GC(328) Pause Full (Ergonomics) 8449M->8442M(9519M) 3035.983ms
[62.636s][info][gc,cpu         ] GC(328) User=21.55s Sys=0.08s Real=3.04s
[62.741s][info][gc,start       ] GC(329) Pause Young (Allocation Failure)
[63.190s][info][gc,heap        ] GC(329) PSYoungGen: 105630K(230400K)->101184K(231424K) Eden: 100864K(100864K)->0K(100864K) From: 4766K(129536K)->101184K(130560K)
[63.190s][info][gc,heap        ] GC(329) ParOldGen: 8639966K(9517568K)->8644822K(9517568K)
[63.190s][info][gc,metaspace   ] GC(329) Metaspace: 6302K(6464K)->6302K(6464K) NonClass: 5769K(5824K)->5769K(5824K) Class: 533K(640K)->533K(640K)
[63.190s][info][gc             ] GC(329) Pause Young (Allocation Failure) 8540M->8541M(9520M) 449.617ms
[63.190s][info][gc,cpu         ] GC(329) User=3.02s Sys=0.00s Real=0.45s
[63.305s][info][gc,start       ] GC(330) Pause Young (Allocation Failure)
[63.444s][info][gc,heap        ] GC(330) PSYoungGen: 202048K(231424K)->133632K(204288K) Eden: 100864K(100864K)->0K(70656K) From: 101184K(130560K)->133632K(133632K)
[63.444s][info][gc,heap        ] GC(330) ParOldGen: 8644822K(9517568K)->8713774K(9517568K)
[63.444s][info][gc,metaspace   ] GC(330) Metaspace: 6302K(6464K)->6302K(6464K) NonClass: 5769K(5824K)->5769K(5824K) Class: 533K(640K)->533K(640K)
[63.444s][info][gc             ] GC(330) Pause Young (Allocation Failure) 8639M->8640M(9494M) 138.962ms
[63.444s][info][gc,cpu         ] GC(330) User=0.78s Sys=0.02s Real=0.14s
[63.523s][info][gc,start       ] GC(331) Pause Young (Allocation Failure)
[63.686s][info][gc,heap        ] GC(331) PSYoungGen: 204288K(204288K)->70944K(244224K) Eden: 70656K(70656K)->0K(70656K) From: 133632K(133632K)->70944K(173568K)
[63.686s][info][gc,heap        ] GC(331) ParOldGen: 8713774K(9517568K)->8848374K(9517568K)
[63.686s][info][gc,metaspace   ] GC(331) Metaspace: 6302K(6464K)->6302K(6464K) NonClass: 5769K(5824K)->5769K(5824K) Class: 533K(640K)->533K(640K)
[63.686s][info][gc             ] GC(331) Pause Young (Allocation Failure) 8709M->8710M(9533M) 162.485ms
[63.686s][info][gc,cpu         ] GC(331) User=0.77s Sys=0.08s Real=0.16s
[63.767s][info][gc,start       ] GC(332) Pause Young (Allocation Failure)
[63.887s][info][gc,heap        ] GC(332) PSYoungGen: 141600K(244224K)->70912K(239616K) Eden: 70656K(70656K)->0K(78848K) From: 70944K(173568K)->70912K(160768K)
[63.887s][info][gc,heap        ] GC(332) ParOldGen: 8848374K(9517568K)->8919678K(9517568K)
[63.887s][info][gc,metaspace   ] GC(332) Metaspace: 6302K(6464K)->6302K(6464K) NonClass: 5769K(5824K)->5769K(5824K) Class: 533K(640K)->533K(640K)
[63.887s][info][gc             ] GC(332) Pause Young (Allocation Failure) 8779M->8779M(9528M) 120.560ms
[63.887s][info][gc,cpu         ] GC(332) User=0.48s Sys=0.02s Real=0.12s
[63.975s][info][gc,start       ] GC(333) Pause Young (Allocation Failure)
[64.095s][info][gc,heap        ] GC(333) PSYoungGen: 149760K(239616K)->79104K(243712K) Eden: 78848K(78848K)->0K(78848K) From: 70912K(160768K)->79104K(164864K)
[64.095s][info][gc,heap        ] GC(333) ParOldGen: 8919678K(9517568K)->8990982K(9517568K)
[64.095s][info][gc,metaspace   ] GC(333) Metaspace: 6302K(6464K)->6302K(6464K) NonClass: 5769K(5824K)->5769K(5824K) Class: 533K(640K)->533K(640K)
[64.095s][info][gc             ] GC(333) Pause Young (Allocation Failure) 8856M->8857M(9532M) 119.900ms
[64.095s][info][gc,cpu         ] GC(333) User=0.53s Sys=0.00s Real=0.12s
[64.184s][info][gc,start       ] GC(334) Pause Young (Allocation Failure)
[64.305s][info][gc,heap        ] GC(334) PSYoungGen: 157952K(243712K)->79168K(236544K) Eden: 78848K(78848K)->0K(88064K) From: 79104K(164864K)->79168K(148480K)
[64.305s][info][gc,heap        ] GC(334) ParOldGen: 8990982K(9517568K)->9070534K(9517568K)
[64.305s][info][gc,metaspace   ] GC(334) Metaspace: 6302K(6464K)->6302K(6464K) NonClass: 5769K(5824K)->5769K(5824K) Class: 533K(640K)->533K(640K)
[64.305s][info][gc             ] GC(334) Pause Young (Allocation Failure) 8934M->8935M(9525M) 121.114ms
[64.305s][info][gc,cpu         ] GC(334) User=0.44s Sys=0.02s Real=0.12s
[64.421s][info][gc,start       ] GC(335) Pause Young (Allocation Failure)
[64.563s][info][gc,heap        ] GC(335) PSYoungGen: 167232K(236544K)->88384K(241664K) Eden: 88064K(88064K)->0K(88064K) From: 79168K(148480K)->88384K(153600K)
[64.564s][info][gc,heap        ] GC(335) ParOldGen: 9070534K(9517568K)->9150094K(9517568K)
[64.564s][info][gc,metaspace   ] GC(335) Metaspace: 6302K(6464K)->6302K(6464K) NonClass: 5769K(5824K)->5769K(5824K) Class: 533K(640K)->533K(640K)
[64.564s][info][gc             ] GC(335) Pause Young (Allocation Failure) 9021M->9021M(9530M) 142.203ms
[64.564s][info][gc,cpu         ] GC(335) User=0.48s Sys=0.02s Real=0.14s
[64.664s][info][gc,start       ] GC(336) Pause Young (Allocation Failure)
[64.802s][info][gc,heap        ] GC(336) PSYoungGen: 176448K(241664K)->88320K(234496K) Eden: 88064K(88064K)->0K(98304K) From: 88384K(153600K)->88320K(136192K)
[64.802s][info][gc,heap        ] GC(336) ParOldGen: 9150094K(9517568K)->9238958K(9517568K)
[64.802s][info][gc,metaspace   ] GC(336) Metaspace: 6302K(6464K)->6302K(6464K) NonClass: 5769K(5824K)->5769K(5824K) Class: 533K(640K)->533K(640K)
[64.802s][info][gc             ] GC(336) Pause Young (Allocation Failure) 9107M->9108M(9523M) 137.325ms
[64.802s][info][gc,cpu         ] GC(336) User=0.62s Sys=0.05s Real=0.14s
[64.914s][info][gc,start       ] GC(337) Pause Young (Allocation Failure)
[65.053s][info][gc,heap        ] GC(337) PSYoungGen: 186624K(234496K)->98624K(240128K) Eden: 98304K(98304K)->0K(98304K) From: 88320K(136192K)->98624K(141824K)
[65.053s][info][gc,heap        ] GC(337) ParOldGen: 9238958K(9517568K)->9327822K(9517568K)
[65.053s][info][gc,metaspace   ] GC(337) Metaspace: 6302K(6464K)->6302K(6464K) NonClass: 5769K(5824K)->5769K(5824K) Class: 533K(640K)->533K(640K)
[65.053s][info][gc             ] GC(337) Pause Young (Allocation Failure) 9204M->9205M(9529M) 138.180ms
[65.053s][info][gc,cpu         ] GC(337) User=0.55s Sys=0.02s Real=0.14s
[65.225s][info][gc,start       ] GC(338) Pause Young (Allocation Failure)
[65.409s][info][gc,heap        ] GC(338) PSYoungGen: 196928K(240128K)->98656K(247808K) Eden: 98304K(98304K)->0K(109568K) From: 98624K(141824K)->98656K(138240K)
[65.409s][info][gc,heap        ] GC(338) ParOldGen: 9327822K(9517568K)->9427022K(9517568K)
[65.409s][info][gc,metaspace   ] GC(338) Metaspace: 6302K(6464K)->6302K(6464K) NonClass: 5769K(5824K)->5769K(5824K) Class: 533K(640K)->533K(640K)
[65.409s][info][gc             ] GC(338) Pause Young (Allocation Failure) 9301M->9302M(9536M) 183.756ms
[65.409s][info][gc,cpu         ] GC(338) User=0.95s Sys=0.05s Real=0.18s
[65.409s][info][gc,start       ] GC(339) Pause Full (Ergonomics)
[65.409s][info][gc,phases,start] GC(339) Marking Phase
[68.006s][info][gc,phases      ] GC(339) Marking Phase 2597.305ms
[68.006s][info][gc,phases,start] GC(339) Summary Phase
[68.007s][info][gc,phases      ] GC(339) Summary Phase 0.193ms
[68.007s][info][gc,phases,start] GC(339) Adjust Roots
[68.007s][info][gc,phases      ] GC(339) Adjust Roots 0.365ms
[68.007s][info][gc,phases,start] GC(339) Compaction Phase
[69.092s][info][gc,phases      ] GC(339) Compaction Phase 1084.786ms
[69.092s][info][gc,phases,start] GC(339) Post Compact
[69.113s][info][gc,phases      ] GC(339) Post Compact 21.425ms
[69.114s][info][gc,heap        ] GC(339) PSYoungGen: 98656K(247808K)->691K(248832K) Eden: 0K(109568K)->0K(110592K) From: 98656K(138240K)->691K(138240K)
[69.114s][info][gc,heap        ] GC(339) ParOldGen: 9427022K(9517568K)->9517207K(9557504K)
[69.114s][info][gc,metaspace   ] GC(339) Metaspace: 6302K(6464K)->6302K(6464K) NonClass: 5769K(5824K)->5769K(5824K) Class: 533K(640K)->533K(640K)
[69.114s][info][gc             ] GC(339) Pause Full (Ergonomics) 9302M->9294M(9576M) 3704.940ms
[69.114s][info][gc,cpu         ] GC(339) User=23.81s Sys=0.12s Real=3.70s
[69.298s][info][gc,start       ] GC(340) Pause Full (Ergonomics)
[69.298s][info][gc,phases,start] GC(340) Marking Phase
[71.920s][info][gc,phases      ] GC(340) Marking Phase 2622.634ms
[71.920s][info][gc,phases,start] GC(340) Summary Phase
[71.920s][info][gc,phases      ] GC(340) Summary Phase 0.172ms
[71.921s][info][gc,phases,start] GC(340) Adjust Roots
[71.921s][info][gc,phases      ] GC(340) Adjust Roots 0.367ms
[71.921s][info][gc,phases,start] GC(340) Compaction Phase
[72.851s][info][gc,phases      ] GC(340) Compaction Phase 929.834ms
[72.851s][info][gc,phases,start] GC(340) Post Compact
[72.872s][info][gc,phases      ] GC(340) Post Compact 20.647ms
[72.872s][info][gc,heap        ] GC(340) PSYoungGen: 111283K(248832K)->71323K(249856K) Eden: 110592K(110592K)->71323K(110592K) From: 691K(138240K)->0K(139264K)
[72.872s][info][gc,heap        ] GC(340) ParOldGen: 9517207K(9557504K)->9557130K(9557504K)
[72.872s][info][gc,metaspace   ] GC(340) Metaspace: 6302K(6464K)->6302K(6464K) NonClass: 5769K(5824K)->5769K(5824K) Class: 533K(640K)->533K(640K)
[72.872s][info][gc             ] GC(340) Pause Full (Ergonomics) 9402M->9402M(9577M) 3574.495ms
[72.872s][info][gc,cpu         ] GC(340) User=23.58s Sys=0.03s Real=3.57s
[72.948s][info][gc,start       ] GC(341) Pause Full (Ergonomics)
[72.948s][info][gc,phases,start] GC(341) Marking Phase
[75.534s][info][gc,phases      ] GC(341) Marking Phase 2586.090ms
[75.534s][info][gc,phases,start] GC(341) Summary Phase
[75.535s][info][gc,phases      ] GC(341) Summary Phase 0.337ms
[75.535s][info][gc,phases,start] GC(341) Adjust Roots
[75.535s][info][gc,phases      ] GC(341) Adjust Roots 0.356ms
[75.535s][info][gc,phases,start] GC(341) Compaction Phase
[76.438s][info][gc,phases      ] GC(341) Compaction Phase 902.653ms
[76.438s][info][gc,phases,start] GC(341) Post Compact
[76.457s][info][gc,phases      ] GC(341) Post Compact 19.446ms
[76.457s][info][gc,heap        ] GC(341) PSYoungGen: 110592K(249856K)->110581K(248832K) Eden: 110592K(110592K)->110581K(110592K) From: 0K(139264K)->0K(138240K)
[76.457s][info][gc,heap        ] GC(341) ParOldGen: 9557130K(9557504K)->9557130K(9557504K)
[76.457s][info][gc,metaspace   ] GC(341) Metaspace: 6302K(6464K)->6302K(6464K) NonClass: 5769K(5824K)->5769K(5824K) Class: 533K(640K)->533K(640K)
[76.457s][info][gc             ] GC(341) Pause Full (Ergonomics) 9441M->9441M(9576M) 3509.448ms
[76.458s][info][gc,cpu         ] GC(341) User=24.30s Sys=0.00s Real=3.51s
[76.458s][info][gc,start       ] GC(342) Pause Full (Ergonomics)
[76.458s][info][gc,phases,start] GC(342) Marking Phase
[79.045s][info][gc,phases      ] GC(342) Marking Phase 2586.838ms
[79.045s][info][gc,phases,start] GC(342) Summary Phase
[79.045s][info][gc,phases      ] GC(342) Summary Phase 0.188ms
[79.045s][info][gc,phases,start] GC(342) Adjust Roots
[79.045s][info][gc,phases      ] GC(342) Adjust Roots 0.365ms
[79.045s][info][gc,phases,start] GC(342) Compaction Phase
[79.909s][info][gc,phases      ] GC(342) Compaction Phase 863.171ms
[79.909s][info][gc,phases,start] GC(342) Post Compact
[79.926s][info][gc,phases      ] GC(342) Post Compact 17.729ms
[79.926s][info][gc,heap        ] GC(342) PSYoungGen: 110592K(248832K)->110591K(249856K) Eden: 110592K(110592K)->110591K(110592K) From: 0K(138240K)->0K(139264K)
[79.927s][info][gc,heap        ] GC(342) ParOldGen: 9557130K(9557504K)->9557130K(9557504K)
[79.927s][info][gc,metaspace   ] GC(342) Metaspace: 6302K(6464K)->6302K(6464K) NonClass: 5769K(5824K)->5769K(5824K) Class: 533K(640K)->533K(640K)
[79.927s][info][gc             ] GC(342) Pause Full (Ergonomics) 9441M->9441M(9577M) 3468.815ms
[79.927s][info][gc,cpu         ] GC(342) User=24.20s Sys=0.03s Real=3.47s
[79.927s][info][gc,start       ] GC(343) Pause Full (Ergonomics)
[79.927s][info][gc,phases,start] GC(343) Marking Phase
[82.335s][info][gc,phases      ] GC(343) Marking Phase 2407.932ms
[82.335s][info][gc,phases,start] GC(343) Summary Phase
[82.335s][info][gc,phases      ] GC(343) Summary Phase 0.157ms
[82.335s][info][gc,phases,start] GC(343) Adjust Roots
[82.335s][info][gc,phases      ] GC(343) Adjust Roots 0.354ms
[82.335s][info][gc,phases,start] GC(343) Compaction Phase
[83.118s][info][gc,phases      ] GC(343) Compaction Phase 782.692ms
[83.118s][info][gc,phases,start] GC(343) Post Compact
[83.143s][info][gc,phases      ] GC(343) Post Compact 24.376ms
[83.143s][info][gc,heap        ] GC(343) PSYoungGen: 110591K(249856K)->110591K(248832K) Eden: 110591K(110592K)->110591K(110592K) From: 0K(139264K)->0K(138240K)
[83.143s][info][gc,heap        ] GC(343) ParOldGen: 9557130K(9557504K)->9557130K(9557504K)
[83.143s][info][gc,metaspace   ] GC(343) Metaspace: 6302K(6464K)->6302K(6464K) NonClass: 5769K(5824K)->5769K(5824K) Class: 533K(640K)->533K(640K)
[83.143s][info][gc             ] GC(343) Pause Full (Ergonomics) 9441M->9441M(9576M) 3216.077ms
[83.143s][info][gc,cpu         ] GC(343) User=24.45s Sys=0.00s Real=3.22s
[83.143s][info][gc,start       ] GC(344) Pause Full (Ergonomics)
[83.143s][info][gc,phases,start] GC(344) Marking Phase
[85.559s][info][gc,phases      ] GC(344) Marking Phase 2415.736ms
[85.559s][info][gc,phases,start] GC(344) Summary Phase
[85.559s][info][gc,phases      ] GC(344) Summary Phase 0.190ms
[85.559s][info][gc,phases,start] GC(344) Adjust Roots
[85.559s][info][gc,phases      ] GC(344) Adjust Roots 0.269ms
[85.560s][info][gc,phases,start] GC(344) Compaction Phase
[86.380s][info][gc,phases      ] GC(344) Compaction Phase 820.078ms
[86.380s][info][gc,phases,start] GC(344) Post Compact
[86.397s][info][gc,phases      ] GC(344) Post Compact 16.899ms
[86.397s][info][gc,heap        ] GC(344) PSYoungGen: 110591K(248832K)->110591K(249856K) Eden: 110591K(110592K)->110591K(110592K) From: 0K(138240K)->0K(139264K)
[86.397s][info][gc,heap        ] GC(344) ParOldGen: 9557136K(9557504K)->9557136K(9557504K)
[86.397s][info][gc,metaspace   ] GC(344) Metaspace: 6302K(6464K)->6302K(6464K) NonClass: 5769K(5824K)->5769K(5824K) Class: 533K(640K)->533K(640K)
[86.397s][info][gc             ] GC(344) Pause Full (Ergonomics) 9441M->9441M(9577M) 3253.591ms
[86.397s][info][gc,cpu         ] GC(344) User=23.94s Sys=0.00s Real=3.25s
[86.397s][info][gc,start       ] GC(345) Pause Full (Ergonomics)
[86.397s][info][gc,phases,start] GC(345) Marking Phase
[88.767s][info][gc,phases      ] GC(345) Marking Phase 2369.761ms
[88.767s][info][gc,phases,start] GC(345) Summary Phase
[88.767s][info][gc,phases      ] GC(345) Summary Phase 0.246ms
[88.767s][info][gc,phases,start] GC(345) Adjust Roots
[88.767s][info][gc,phases      ] GC(345) Adjust Roots 0.297ms
[88.767s][info][gc,phases,start] GC(345) Compaction Phase
[89.532s][info][gc,phases      ] GC(345) Compaction Phase 764.488ms
[89.532s][info][gc,phases,start] GC(345) Post Compact
[89.545s][info][gc,phases      ] GC(345) Post Compact 12.937ms
[89.545s][info][gc,heap        ] GC(345) PSYoungGen: 110591K(249856K)->110591K(248832K) Eden: 110591K(110592K)->110591K(110592K) From: 0K(139264K)->0K(138240K)
[89.545s][info][gc,heap        ] GC(345) ParOldGen: 9557140K(9557504K)->9557140K(9557504K)
[89.545s][info][gc,metaspace   ] GC(345) Metaspace: 6302K(6464K)->6302K(6464K) NonClass: 5769K(5824K)->5769K(5824K) Class: 533K(640K)->533K(640K)
[89.545s][info][gc             ] GC(345) Pause Full (Ergonomics) 9441M->9441M(9576M) 3148.150ms
[89.545s][info][gc,cpu         ] GC(345) User=24.11s Sys=0.00s Real=3.15s
[89.545s][info][gc,start       ] GC(346) Pause Full (Ergonomics)
[89.545s][info][gc,phases,start] GC(346) Marking Phase
[91.936s][info][gc,phases      ] GC(346) Marking Phase 2390.810ms
[91.936s][info][gc,phases,start] GC(346) Summary Phase
[91.936s][info][gc,phases      ] GC(346) Summary Phase 0.194ms
[91.937s][info][gc,phases,start] GC(346) Adjust Roots
[91.937s][info][gc,phases      ] GC(346) Adjust Roots 0.402ms
[91.937s][info][gc,phases,start] GC(346) Compaction Phase
[92.722s][info][gc,phases      ] GC(346) Compaction Phase 785.015ms
[92.722s][info][gc,phases,start] GC(346) Post Compact
[92.737s][info][gc,phases      ] GC(346) Post Compact 14.493ms
[92.737s][info][gc,heap        ] GC(346) PSYoungGen: 110591K(248832K)->110591K(249856K) Eden: 110591K(110592K)->110591K(110592K) From: 0K(138240K)->0K(139264K)
[92.737s][info][gc,heap        ] GC(346) ParOldGen: 9557145K(9557504K)->9557145K(9557504K)
[92.737s][info][gc,metaspace   ] GC(346) Metaspace: 6302K(6464K)->6302K(6464K) NonClass: 5769K(5824K)->5769K(5824K) Class: 533K(640K)->533K(640K)
[92.737s][info][gc             ] GC(346) Pause Full (Ergonomics) 9441M->9441M(9577M) 3191.401ms
[92.737s][info][gc,cpu         ] GC(346) User=24.00s Sys=0.00s Real=3.19s
[92.737s][info][gc,start       ] GC(347) Pause Full (Ergonomics)
[92.737s][info][gc,phases,start] GC(347) Marking Phase
[95.077s][info][gc,phases      ] GC(347) Marking Phase 2340.249ms
[95.077s][info][gc,phases,start] GC(347) Summary Phase
[95.077s][info][gc,phases      ] GC(347) Summary Phase 0.111ms
[95.077s][info][gc,phases,start] GC(347) Adjust Roots
[95.078s][info][gc,phases      ] GC(347) Adjust Roots 0.281ms
[95.078s][info][gc,phases,start] GC(347) Compaction Phase
[95.847s][info][gc,phases      ] GC(347) Compaction Phase 769.572ms
[95.847s][info][gc,phases,start] GC(347) Post Compact
[95.861s][info][gc,phases      ] GC(347) Post Compact 13.292ms
[95.861s][info][gc,heap        ] GC(347) PSYoungGen: 110591K(249856K)->110591K(248832K) Eden: 110591K(110592K)->110591K(110592K) From: 0K(139264K)->0K(138240K)
[95.861s][info][gc,heap        ] GC(347) ParOldGen: 9557150K(9557504K)->9557150K(9557504K)
[95.861s][info][gc,metaspace   ] GC(347) Metaspace: 6302K(6464K)->6302K(6464K) NonClass: 5769K(5824K)->5769K(5824K) Class: 533K(640K)->533K(640K)
[95.861s][info][gc             ] GC(347) Pause Full (Ergonomics) 9441M->9441M(9576M) 3123.847ms
[95.861s][info][gc,cpu         ] GC(347) User=23.55s Sys=0.02s Real=3.12s
[95.861s][info][gc,start       ] GC(348) Pause Full (Ergonomics)
[95.861s][info][gc,phases,start] GC(348) Marking Phase
[98.228s][info][gc,phases      ] GC(348) Marking Phase 2366.682ms
[98.228s][info][gc,phases,start] GC(348) Summary Phase
[98.228s][info][gc,phases      ] GC(348) Summary Phase 0.171ms
[98.228s][info][gc,phases,start] GC(348) Adjust Roots
[98.228s][info][gc,phases      ] GC(348) Adjust Roots 0.244ms
[98.228s][info][gc,phases,start] GC(348) Compaction Phase
[98.975s][info][gc,phases      ] GC(348) Compaction Phase 746.402ms
[98.975s][info][gc,phases,start] GC(348) Post Compact
[98.988s][info][gc,phases      ] GC(348) Post Compact 13.550ms
[98.988s][info][gc,heap        ] GC(348) PSYoungGen: 110591K(248832K)->110591K(249856K) Eden: 110591K(110592K)->110591K(110592K) From: 0K(138240K)->0K(139264K)
[98.988s][info][gc,heap        ] GC(348) ParOldGen: 9557155K(9557504K)->9557155K(9557504K)
[98.988s][info][gc,metaspace   ] GC(348) Metaspace: 6302K(6464K)->6302K(6464K) NonClass: 5769K(5824K)->5769K(5824K) Class: 533K(640K)->533K(640K)
[98.988s][info][gc             ] GC(348) Pause Full (Ergonomics) 9441M->9441M(9577M) 3127.435ms
[98.988s][info][gc,cpu         ] GC(348) User=24.05s Sys=0.00s Real=3.13s
[98.989s][info][gc,start       ] GC(349) Pause Full (Ergonomics)
[98.989s][info][gc,phases,start] GC(349) Marking Phase
[101.350s][info][gc,phases      ] GC(349) Marking Phase 2361.461ms
[101.350s][info][gc,phases,start] GC(349) Summary Phase
[101.350s][info][gc,phases      ] GC(349) Summary Phase 0.089ms
[101.350s][info][gc,phases,start] GC(349) Adjust Roots
[101.351s][info][gc,phases      ] GC(349) Adjust Roots 0.173ms
[101.351s][info][gc,phases,start] GC(349) Compaction Phase
[102.104s][info][gc,phases      ] GC(349) Compaction Phase 752.954ms
[102.104s][info][gc,phases,start] GC(349) Post Compact
[102.116s][info][gc,phases      ] GC(349) Post Compact 12.708ms
[102.116s][info][gc,heap        ] GC(349) PSYoungGen: 110591K(249856K)->110591K(248832K) Eden: 110591K(110592K)->110591K(110592K) From: 0K(139264K)->0K(138240K)
[102.116s][info][gc,heap        ] GC(349) ParOldGen: 9557160K(9557504K)->9557160K(9557504K)
[102.116s][info][gc,metaspace   ] GC(349) Metaspace: 6302K(6464K)->6302K(6464K) NonClass: 5769K(5824K)->5769K(5824K) Class: 533K(640K)->533K(640K)
[102.116s][info][gc             ] GC(349) Pause Full (Ergonomics) 9441M->9441M(9576M) 3127.718ms
[102.116s][info][gc,cpu         ] GC(349) User=23.72s Sys=0.00s Real=3.13s
[102.117s][info][gc,start       ] GC(350) Pause Full (Ergonomics)
[102.117s][info][gc,phases,start] GC(350) Marking Phase
[104.471s][info][gc,phases      ] GC(350) Marking Phase 2354.800ms
[104.472s][info][gc,phases,start] GC(350) Summary Phase
[104.472s][info][gc,phases      ] GC(350) Summary Phase 0.098ms
[104.472s][info][gc,phases,start] GC(350) Adjust Roots
[104.472s][info][gc,phases      ] GC(350) Adjust Roots 0.190ms
[104.472s][info][gc,phases,start] GC(350) Compaction Phase
[105.227s][info][gc,phases      ] GC(350) Compaction Phase 754.792ms
[105.227s][info][gc,phases,start] GC(350) Post Compact
[105.240s][info][gc,phases      ] GC(350) Post Compact 13.161ms
[105.240s][info][gc,heap        ] GC(350) PSYoungGen: 110591K(248832K)->110591K(249856K) Eden: 110591K(110592K)->110591K(110592K) From: 0K(138240K)->0K(139264K)
[105.240s][info][gc,heap        ] GC(350) ParOldGen: 9557165K(9557504K)->9557165K(9557504K)
[105.240s][info][gc,metaspace   ] GC(350) Metaspace: 6302K(6464K)->6302K(6464K) NonClass: 5769K(5824K)->5769K(5824K) Class: 533K(640K)->533K(640K)
[105.240s][info][gc             ] GC(350) Pause Full (Ergonomics) 9441M->9441M(9577M) 3123.387ms
[105.240s][info][gc,cpu         ] GC(350) User=23.69s Sys=0.00s Real=3.12s
[105.240s][info][gc,start       ] GC(351) Pause Full (Ergonomics)
[105.240s][info][gc,phases,start] GC(351) Marking Phase
[107.520s][info][gc,phases      ] GC(351) Marking Phase 2279.623ms
[107.520s][info][gc,phases,start] GC(351) Summary Phase
[107.520s][info][gc,phases      ] GC(351) Summary Phase 0.151ms
[107.520s][info][gc,phases,start] GC(351) Adjust Roots
[107.520s][info][gc,phases      ] GC(351) Adjust Roots 0.311ms
[107.520s][info][gc,phases,start] GC(351) Compaction Phase
[108.304s][info][gc,phases      ] GC(351) Compaction Phase 783.584ms
[108.304s][info][gc,phases,start] GC(351) Post Compact
[108.320s][info][gc,phases      ] GC(351) Post Compact 16.333ms
[108.321s][info][gc,heap        ] GC(351) PSYoungGen: 110591K(249856K)->110591K(248832K) Eden: 110591K(110592K)->110591K(110592K) From: 0K(139264K)->0K(138240K)
[108.321s][info][gc,heap        ] GC(351) ParOldGen: 9557169K(9557504K)->9557169K(9557504K)
[108.321s][info][gc,metaspace   ] GC(351) Metaspace: 6302K(6464K)->6302K(6464K) NonClass: 5769K(5824K)->5769K(5824K) Class: 533K(640K)->533K(640K)
[108.321s][info][gc             ] GC(351) Pause Full (Ergonomics) 9441M->9441M(9576M) 3080.395ms
[108.321s][info][gc,cpu         ] GC(351) User=23.20s Sys=0.02s Real=3.08s
[108.321s][info][gc,start       ] GC(352) Pause Full (Ergonomics)
[108.321s][info][gc,phases,start] GC(352) Marking Phase
[110.626s][info][gc,phases      ] GC(352) Marking Phase 2305.083ms
[110.626s][info][gc,phases,start] GC(352) Summary Phase
[110.626s][info][gc,phases      ] GC(352) Summary Phase 0.129ms
[110.626s][info][gc,phases,start] GC(352) Adjust Roots
[110.627s][info][gc,phases      ] GC(352) Adjust Roots 0.296ms
[110.627s][info][gc,phases,start] GC(352) Compaction Phase
[111.385s][info][gc,phases      ] GC(352) Compaction Phase 757.945ms
[111.385s][info][gc,phases,start] GC(352) Post Compact
[111.410s][info][gc,phases      ] GC(352) Post Compact 25.052ms
[111.410s][info][gc,heap        ] GC(352) PSYoungGen: 110591K(248832K)->110591K(249856K) Eden: 110591K(110592K)->110591K(110592K) From: 0K(138240K)->0K(139264K)
[111.410s][info][gc,heap        ] GC(352) ParOldGen: 9557174K(9557504K)->9557174K(9557504K)
[111.410s][info][gc,metaspace   ] GC(352) Metaspace: 6302K(6464K)->6302K(6464K) NonClass: 5769K(5824K)->5769K(5824K) Class: 533K(640K)->533K(640K)
[111.410s][info][gc             ] GC(352) Pause Full (Ergonomics) 9441M->9441M(9577M) 3089.083ms
[111.410s][info][gc,cpu         ] GC(352) User=23.41s Sys=0.00s Real=3.09s
[111.410s][info][gc,start       ] GC(353) Pause Full (Ergonomics)
[111.410s][info][gc,phases,start] GC(353) Marking Phase
[113.732s][info][gc,phases      ] GC(353) Marking Phase 2321.621ms
[113.732s][info][gc,phases,start] GC(353) Summary Phase
[113.732s][info][gc,phases      ] GC(353) Summary Phase 0.209ms
[113.732s][info][gc,phases,start] GC(353) Adjust Roots
[113.733s][info][gc,phases      ] GC(353) Adjust Roots 0.289ms
[113.733s][info][gc,phases,start] GC(353) Compaction Phase
[114.483s][info][gc,phases      ] GC(353) Compaction Phase 750.785ms
[114.484s][info][gc,phases,start] GC(353) Post Compact
[114.498s][info][gc,phases      ] GC(353) Post Compact 14.114ms
[114.498s][info][gc,heap        ] GC(353) PSYoungGen: 110591K(249856K)->110591K(248832K) Eden: 110591K(110592K)->110591K(110592K) From: 0K(139264K)->0K(138240K)
[114.498s][info][gc,heap        ] GC(353) ParOldGen: 9557179K(9557504K)->9557179K(9557504K)
[114.498s][info][gc,metaspace   ] GC(353) Metaspace: 6302K(6464K)->6302K(6464K) NonClass: 5769K(5824K)->5769K(5824K) Class: 533K(640K)->533K(640K)
[114.498s][info][gc             ] GC(353) Pause Full (Ergonomics) 9441M->9441M(9576M) 3087.393ms
[114.498s][info][gc,cpu         ] GC(353) User=23.38s Sys=0.02s Real=3.09s
[114.498s][info][gc,start       ] GC(354) Pause Full (Ergonomics)
[114.498s][info][gc,phases,start] GC(354) Marking Phase
[116.777s][info][gc,phases      ] GC(354) Marking Phase 2279.191ms
[116.777s][info][gc,phases,start] GC(354) Summary Phase
[116.777s][info][gc,phases      ] GC(354) Summary Phase 0.150ms
[116.777s][info][gc,phases,start] GC(354) Adjust Roots
[116.778s][info][gc,phases      ] GC(354) Adjust Roots 0.250ms
[116.778s][info][gc,phases,start] GC(354) Compaction Phase
[117.595s][info][gc,phases      ] GC(354) Compaction Phase 817.392ms
[117.595s][info][gc,phases,start] GC(354) Post Compact
[117.610s][info][gc,phases      ] GC(354) Post Compact 14.469ms
[117.610s][info][gc,heap        ] GC(354) PSYoungGen: 110591K(248832K)->110591K(249856K) Eden: 110591K(110592K)->110591K(110592K) From: 0K(138240K)->0K(139264K)
[117.610s][info][gc,heap        ] GC(354) ParOldGen: 9557184K(9557504K)->9557184K(9557504K)
[117.610s][info][gc,metaspace   ] GC(354) Metaspace: 6302K(6464K)->6302K(6464K) NonClass: 5769K(5824K)->5769K(5824K) Class: 533K(640K)->533K(640K)
[117.610s][info][gc             ] GC(354) Pause Full (Ergonomics) 9441M->9441M(9577M) 3111.815ms
[117.610s][info][gc,cpu         ] GC(354) User=22.64s Sys=0.05s Real=3.11s
[117.610s][info][gc,start       ] GC(355) Pause Full (Ergonomics)
[117.610s][info][gc,phases,start] GC(355) Marking Phase
[119.883s][info][gc,phases      ] GC(355) Marking Phase 2272.758ms
[119.883s][info][gc,phases,start] GC(355) Summary Phase
[119.883s][info][gc,phases      ] GC(355) Summary Phase 0.103ms
[119.883s][info][gc,phases,start] GC(355) Adjust Roots
[119.883s][info][gc,phases      ] GC(355) Adjust Roots 0.192ms
[119.883s][info][gc,phases,start] GC(355) Compaction Phase
[120.591s][info][gc,phases      ] GC(355) Compaction Phase 708.116ms
[120.591s][info][gc,phases,start] GC(355) Post Compact
[120.606s][info][gc,phases      ] GC(355) Post Compact 14.311ms
[120.606s][info][gc,heap        ] GC(355) PSYoungGen: 110591K(249856K)->110591K(248832K) Eden: 110591K(110592K)->110591K(110592K) From: 0K(139264K)->0K(138240K)
[120.606s][info][gc,heap        ] GC(355) ParOldGen: 9557189K(9557504K)->9557189K(9557504K)
[120.606s][info][gc,metaspace   ] GC(355) Metaspace: 6302K(6464K)->6302K(6464K) NonClass: 5769K(5824K)->5769K(5824K) Class: 533K(640K)->533K(640K)
[120.606s][info][gc             ] GC(355) Pause Full (Ergonomics) 9441M->9441M(9576M) 2995.801ms
[120.606s][info][gc,cpu         ] GC(355) User=22.70s Sys=0.02s Real=3.00s
[120.606s][info][gc,start       ] GC(356) Pause Full (Ergonomics)
[120.606s][info][gc,phases,start] GC(356) Marking Phase
[122.903s][info][gc,phases      ] GC(356) Marking Phase 2296.486ms
[122.903s][info][gc,phases,start] GC(356) Summary Phase
[122.903s][info][gc,phases      ] GC(356) Summary Phase 0.091ms
[122.903s][info][gc,phases,start] GC(356) Adjust Roots
[122.903s][info][gc,phases      ] GC(356) Adjust Roots 0.182ms
[122.903s][info][gc,phases,start] GC(356) Compaction Phase
[123.601s][info][gc,phases      ] GC(356) Compaction Phase 697.994ms
[123.601s][info][gc,phases,start] GC(356) Post Compact
[123.615s][info][gc,phases      ] GC(356) Post Compact 14.349ms
[123.615s][info][gc,heap        ] GC(356) PSYoungGen: 110591K(248832K)->110591K(249856K) Eden: 110591K(110592K)->110591K(110592K) From: 0K(138240K)->0K(139264K)
[123.615s][info][gc,heap        ] GC(356) ParOldGen: 9557194K(9557504K)->9557194K(9557504K)
[123.615s][info][gc,metaspace   ] GC(356) Metaspace: 6302K(6464K)->6302K(6464K) NonClass: 5769K(5824K)->5769K(5824K) Class: 533K(640K)->533K(640K)
[123.615s][info][gc             ] GC(356) Pause Full (Ergonomics) 9441M->9441M(9577M) 3009.412ms
[123.615s][info][gc,cpu         ] GC(356) User=22.41s Sys=0.03s Real=3.01s
[123.616s][info][gc,start       ] GC(357) Pause Full (Ergonomics)
[123.616s][info][gc,phases,start] GC(357) Marking Phase
[125.907s][info][gc,phases      ] GC(357) Marking Phase 2290.755ms
[125.907s][info][gc,phases,start] GC(357) Summary Phase
[125.907s][info][gc,phases      ] GC(357) Summary Phase 0.111ms
[125.907s][info][gc,phases,start] GC(357) Adjust Roots
[125.907s][info][gc,phases      ] GC(357) Adjust Roots 0.228ms
[125.907s][info][gc,phases,start] GC(357) Compaction Phase
[126.585s][info][gc,phases      ] GC(357) Compaction Phase 677.648ms
[126.585s][info][gc,phases,start] GC(357) Post Compact
[126.599s][info][gc,phases      ] GC(357) Post Compact 14.495ms
[126.599s][info][gc,heap        ] GC(357) PSYoungGen: 110591K(249856K)->110591K(248832K) Eden: 110591K(110592K)->110591K(110592K) From: 0K(139264K)->0K(138240K)
[126.599s][info][gc,heap        ] GC(357) ParOldGen: 9557198K(9557504K)->9557198K(9557504K)
[126.599s][info][gc,metaspace   ] GC(357) Metaspace: 6302K(6464K)->6302K(6464K) NonClass: 5769K(5824K)->5769K(5824K) Class: 533K(640K)->533K(640K)
[126.599s][info][gc             ] GC(357) Pause Full (Ergonomics) 9441M->9441M(9576M) 2983.595ms
[126.599s][info][gc,cpu         ] GC(357) User=22.69s Sys=0.02s Real=2.98s
[126.600s][info][gc,start       ] GC(358) Pause Full (Ergonomics)
[126.600s][info][gc,phases,start] GC(358) Marking Phase
[128.864s][info][gc,phases      ] GC(358) Marking Phase 2264.514ms
[128.864s][info][gc,phases,start] GC(358) Summary Phase
[128.864s][info][gc,phases      ] GC(358) Summary Phase 0.090ms
[128.864s][info][gc,phases,start] GC(358) Adjust Roots
[128.864s][info][gc,phases      ] GC(358) Adjust Roots 0.200ms
[128.864s][info][gc,phases,start] GC(358) Compaction Phase
[129.534s][info][gc,phases      ] GC(358) Compaction Phase 669.774ms
[129.534s][info][gc,phases,start] GC(358) Post Compact
[129.549s][info][gc,phases      ] GC(358) Post Compact 14.733ms
[129.549s][info][gc,heap        ] GC(358) PSYoungGen: 110591K(248832K)->110591K(249856K) Eden: 110591K(110592K)->110591K(110592K) From: 0K(138240K)->0K(139264K)
[129.549s][info][gc,heap        ] GC(358) ParOldGen: 9557203K(9557504K)->9557203K(9557504K)
[129.549s][info][gc,metaspace   ] GC(358) Metaspace: 6302K(6464K)->6302K(6464K) NonClass: 5769K(5824K)->5769K(5824K) Class: 533K(640K)->533K(640K)
[129.549s][info][gc             ] GC(358) Pause Full (Ergonomics) 9441M->9441M(9577M) 2949.642ms
[129.549s][info][gc,cpu         ] GC(358) User=22.36s Sys=0.02s Real=2.95s
[129.549s][info][gc,start       ] GC(359) Pause Full (Ergonomics)
[129.549s][info][gc,phases,start] GC(359) Marking Phase
[131.777s][info][gc,phases      ] GC(359) Marking Phase 2227.550ms
[131.777s][info][gc,phases,start] GC(359) Summary Phase
[131.777s][info][gc,phases      ] GC(359) Summary Phase 0.113ms
[131.777s][info][gc,phases,start] GC(359) Adjust Roots
[131.777s][info][gc,phases      ] GC(359) Adjust Roots 0.198ms
[131.777s][info][gc,phases,start] GC(359) Compaction Phase
[132.448s][info][gc,phases      ] GC(359) Compaction Phase 670.474ms
[132.448s][info][gc,phases,start] GC(359) Post Compact
[132.462s][info][gc,phases      ] GC(359) Post Compact 14.394ms
[132.462s][info][gc,heap        ] GC(359) PSYoungGen: 110591K(249856K)->110591K(248832K) Eden: 110591K(110592K)->110591K(110592K) From: 0K(139264K)->0K(138240K)
[132.462s][info][gc,heap        ] GC(359) ParOldGen: 9557208K(9557504K)->9557208K(9557504K)
[132.462s][info][gc,metaspace   ] GC(359) Metaspace: 6302K(6464K)->6302K(6464K) NonClass: 5769K(5824K)->5769K(5824K) Class: 533K(640K)->533K(640K)
[132.462s][info][gc             ] GC(359) Pause Full (Ergonomics) 9441M->9441M(9576M) 2913.079ms
[132.462s][info][gc,cpu         ] GC(359) User=21.62s Sys=0.00s Real=2.91s
[132.463s][info][gc,start       ] GC(360) Pause Full (Ergonomics)
[132.463s][info][gc,phases,start] GC(360) Marking Phase
[134.736s][info][gc,phases      ] GC(360) Marking Phase 2272.864ms
[134.736s][info][gc,phases,start] GC(360) Summary Phase
[134.736s][info][gc,phases      ] GC(360) Summary Phase 0.099ms
[134.736s][info][gc,phases,start] GC(360) Adjust Roots
[134.736s][info][gc,phases      ] GC(360) Adjust Roots 0.250ms
[134.736s][info][gc,phases,start] GC(360) Compaction Phase
[135.392s][info][gc,phases      ] GC(360) Compaction Phase 655.859ms
[135.392s][info][gc,phases,start] GC(360) Post Compact
[135.407s][info][gc,phases      ] GC(360) Post Compact 15.139ms
[135.407s][info][gc,heap        ] GC(360) PSYoungGen: 110591K(248832K)->110591K(249856K) Eden: 110591K(110592K)->110591K(110592K) From: 0K(138240K)->0K(139264K)
[135.407s][info][gc,heap        ] GC(360) ParOldGen: 9557213K(9557504K)->9557213K(9557504K)
[135.407s][info][gc,metaspace   ] GC(360) Metaspace: 6302K(6464K)->6302K(6464K) NonClass: 5769K(5824K)->5769K(5824K) Class: 533K(640K)->533K(640K)
[135.407s][info][gc             ] GC(360) Pause Full (Ergonomics) 9441M->9441M(9577M) 2944.554ms
[135.407s][info][gc,cpu         ] GC(360) User=22.11s Sys=0.02s Real=2.94s
[135.407s][info][gc,start       ] GC(361) Pause Full (Ergonomics)
[135.407s][info][gc,phases,start] GC(361) Marking Phase
[137.669s][info][gc,phases      ] GC(361) Marking Phase 2261.233ms
[137.669s][info][gc,phases,start] GC(361) Summary Phase
[137.669s][info][gc,phases      ] GC(361) Summary Phase 0.098ms
[137.669s][info][gc,phases,start] GC(361) Adjust Roots
[137.669s][info][gc,phases      ] GC(361) Adjust Roots 0.198ms
[137.669s][info][gc,phases,start] GC(361) Compaction Phase
[138.338s][info][gc,phases      ] GC(361) Compaction Phase 668.484ms
[138.338s][info][gc,phases,start] GC(361) Post Compact
[138.353s][info][gc,phases      ] GC(361) Post Compact 15.338ms
[138.353s][info][gc,heap        ] GC(361) PSYoungGen: 110591K(249856K)->110591K(248832K) Eden: 110591K(110592K)->110591K(110592K) From: 0K(139264K)->0K(138240K)
[138.353s][info][gc,heap        ] GC(361) ParOldGen: 9557218K(9557504K)->9557218K(9557504K)
[138.353s][info][gc,metaspace   ] GC(361) Metaspace: 6302K(6464K)->6302K(6464K) NonClass: 5769K(5824K)->5769K(5824K) Class: 533K(640K)->533K(640K)
[138.353s][info][gc             ] GC(361) Pause Full (Ergonomics) 9441M->9441M(9576M) 2945.733ms
[138.353s][info][gc,cpu         ] GC(361) User=21.59s Sys=0.00s Real=2.95s
[138.353s][info][gc,start       ] GC(362) Pause Full (Ergonomics)
[138.353s][info][gc,phases,start] GC(362) Marking Phase
[140.592s][info][gc,phases      ] GC(362) Marking Phase 2238.344ms
[140.592s][info][gc,phases,start] GC(362) Summary Phase
[140.592s][info][gc,phases      ] GC(362) Summary Phase 0.096ms
[140.592s][info][gc,phases,start] GC(362) Adjust Roots
[140.592s][info][gc,phases      ] GC(362) Adjust Roots 0.186ms
[140.592s][info][gc,phases,start] GC(362) Compaction Phase
[141.261s][info][gc,phases      ] GC(362) Compaction Phase 668.696ms
[141.261s][info][gc,phases,start] GC(362) Post Compact
[141.275s][info][gc,phases      ] GC(362) Post Compact 14.455ms
[141.276s][info][gc,heap        ] GC(362) PSYoungGen: 110591K(248832K)->110591K(249856K) Eden: 110591K(110592K)->110591K(110592K) From: 0K(138240K)->0K(139264K)
[141.276s][info][gc,heap        ] GC(362) ParOldGen: 9557223K(9557504K)->9557223K(9557504K)
[141.276s][info][gc,metaspace   ] GC(362) Metaspace: 6302K(6464K)->6302K(6464K) NonClass: 5769K(5824K)->5769K(5824K) Class: 533K(640K)->533K(640K)
[141.276s][info][gc             ] GC(362) Pause Full (Ergonomics) 9441M->9441M(9577M) 2922.216ms
[141.276s][info][gc,cpu         ] GC(362) User=21.50s Sys=0.02s Real=2.92s
[141.276s][info][gc,start       ] GC(363) Pause Full (Ergonomics)
[141.276s][info][gc,phases,start] GC(363) Marking Phase
[143.501s][info][gc,phases      ] GC(363) Marking Phase 2225.014ms
[143.501s][info][gc,phases,start] GC(363) Summary Phase
[143.501s][info][gc,phases      ] GC(363) Summary Phase 0.090ms
[143.501s][info][gc,phases,start] GC(363) Adjust Roots
[143.501s][info][gc,phases      ] GC(363) Adjust Roots 0.173ms
[143.501s][info][gc,phases,start] GC(363) Compaction Phase
[144.170s][info][gc,phases      ] GC(363) Compaction Phase 669.153ms
[144.170s][info][gc,phases,start] GC(363) Post Compact
[144.185s][info][gc,phases      ] GC(363) Post Compact 14.361ms
[144.185s][info][gc,heap        ] GC(363) PSYoungGen: 110591K(249856K)->110591K(248832K) Eden: 110591K(110592K)->110591K(110592K) From: 0K(139264K)->0K(138240K)
[144.185s][info][gc,heap        ] GC(363) ParOldGen: 9557227K(9557504K)->9557227K(9557504K)
[144.185s][info][gc,metaspace   ] GC(363) Metaspace: 6302K(6464K)->6302K(6464K) NonClass: 5769K(5824K)->5769K(5824K) Class: 533K(640K)->533K(640K)
[144.185s][info][gc             ] GC(363) Pause Full (Ergonomics) 9441M->9441M(9576M) 2909.096ms
[144.185s][info][gc,cpu         ] GC(363) User=21.80s Sys=0.00s Real=2.91s
[144.185s][info][gc,start       ] GC(364) Pause Full (Ergonomics)
[144.185s][info][gc,phases,start] GC(364) Marking Phase
[146.407s][info][gc,phases      ] GC(364) Marking Phase 2222.301ms
[146.407s][info][gc,phases,start] GC(364) Summary Phase
[146.408s][info][gc,phases      ] GC(364) Summary Phase 0.090ms
[146.408s][info][gc,phases,start] GC(364) Adjust Roots
[146.408s][info][gc,phases      ] GC(364) Adjust Roots 0.176ms
[146.408s][info][gc,phases,start] GC(364) Compaction Phase
[147.081s][info][gc,phases      ] GC(364) Compaction Phase 672.917ms
[147.081s][info][gc,phases,start] GC(364) Post Compact
[147.095s][info][gc,phases      ] GC(364) Post Compact 14.396ms
[147.095s][info][gc,heap        ] GC(364) PSYoungGen: 110591K(248832K)->110591K(249856K) Eden: 110591K(110592K)->110591K(110592K) From: 0K(138240K)->0K(139264K)
[147.095s][info][gc,heap        ] GC(364) ParOldGen: 9557232K(9557504K)->9557232K(9557504K)
[147.095s][info][gc,metaspace   ] GC(364) Metaspace: 6302K(6464K)->6302K(6464K) NonClass: 5769K(5824K)->5769K(5824K) Class: 533K(640K)->533K(640K)
[147.095s][info][gc             ] GC(364) Pause Full (Ergonomics) 9441M->9441M(9577M) 2910.200ms
[147.095s][info][gc,cpu         ] GC(364) User=21.58s Sys=0.00s Real=2.91s
[147.095s][info][gc,start       ] GC(365) Pause Full (Ergonomics)
[147.096s][info][gc,phases,start] GC(365) Marking Phase
[149.311s][info][gc,phases      ] GC(365) Marking Phase 2215.540ms
[149.311s][info][gc,phases,start] GC(365) Summary Phase
[149.311s][info][gc,phases      ] GC(365) Summary Phase 0.094ms
[149.311s][info][gc,phases,start] GC(365) Adjust Roots
[149.311s][info][gc,phases      ] GC(365) Adjust Roots 0.184ms
[149.311s][info][gc,phases,start] GC(365) Compaction Phase
[149.983s][info][gc,phases      ] GC(365) Compaction Phase 671.509ms
[149.983s][info][gc,phases,start] GC(365) Post Compact
[149.998s][info][gc,phases      ] GC(365) Post Compact 14.499ms
[149.998s][info][gc,heap        ] GC(365) PSYoungGen: 110591K(249856K)->110591K(248832K) Eden: 110591K(110592K)->110591K(110592K) From: 0K(139264K)->0K(138240K)
[149.998s][info][gc,heap        ] GC(365) ParOldGen: 9557237K(9557504K)->9557237K(9557504K)
[149.998s][info][gc,metaspace   ] GC(365) Metaspace: 6302K(6464K)->6302K(6464K) NonClass: 5769K(5824K)->5769K(5824K) Class: 533K(640K)->533K(640K)
[149.998s][info][gc             ] GC(365) Pause Full (Ergonomics) 9441M->9441M(9576M) 2902.182ms
[149.998s][info][gc,cpu         ] GC(365) User=21.70s Sys=0.00s Real=2.90s
[149.998s][info][gc,start       ] GC(366) Pause Full (Ergonomics)
[149.998s][info][gc,phases,start] GC(366) Marking Phase
[152.188s][info][gc,phases      ] GC(366) Marking Phase 2189.547ms
[152.188s][info][gc,phases,start] GC(366) Summary Phase
[152.188s][info][gc,phases      ] GC(366) Summary Phase 0.090ms
[152.188s][info][gc,phases,start] GC(366) Adjust Roots
[152.188s][info][gc,phases      ] GC(366) Adjust Roots 0.177ms
[152.188s][info][gc,phases,start] GC(366) Compaction Phase
[152.861s][info][gc,phases      ] GC(366) Compaction Phase 673.210ms
[152.861s][info][gc,phases,start] GC(366) Post Compact
[152.876s][info][gc,phases      ] GC(366) Post Compact 14.451ms
[152.876s][info][gc,heap        ] GC(366) PSYoungGen: 110591K(248832K)->110591K(249856K) Eden: 110591K(110592K)->110591K(110592K) From: 0K(138240K)->0K(139264K)
[152.876s][info][gc,heap        ] GC(366) ParOldGen: 9557242K(9557504K)->9557242K(9557504K)
[152.876s][info][gc,metaspace   ] GC(366) Metaspace: 6302K(6464K)->6302K(6464K) NonClass: 5769K(5824K)->5769K(5824K) Class: 533K(640K)->533K(640K)
[152.876s][info][gc             ] GC(366) Pause Full (Ergonomics) 9441M->9441M(9577M) 2877.810ms
[152.876s][info][gc,cpu         ] GC(366) User=21.17s Sys=0.03s Real=2.88s
[152.876s][info][gc,start       ] GC(367) Pause Full (Ergonomics)
[152.876s][info][gc,phases,start] GC(367) Marking Phase
[155.077s][info][gc,phases      ] GC(367) Marking Phase 2200.827ms
[155.077s][info][gc,phases,start] GC(367) Summary Phase
[155.077s][info][gc,phases      ] GC(367) Summary Phase 0.090ms
[155.077s][info][gc,phases,start] GC(367) Adjust Roots
[155.077s][info][gc,phases      ] GC(367) Adjust Roots 0.175ms
[155.077s][info][gc,phases,start] GC(367) Compaction Phase
[155.752s][info][gc,phases      ] GC(367) Compaction Phase 674.458ms
[155.752s][info][gc,phases,start] GC(367) Post Compact
[155.766s][info][gc,phases      ] GC(367) Post Compact 14.419ms
[155.766s][info][gc,heap        ] GC(367) PSYoungGen: 110591K(249856K)->110591K(248832K) Eden: 110591K(110592K)->110591K(110592K) From: 0K(139264K)->0K(138240K)
[155.766s][info][gc,heap        ] GC(367) ParOldGen: 9557247K(9557504K)->9557247K(9557504K)
[155.766s][info][gc,metaspace   ] GC(367) Metaspace: 6302K(6464K)->6302K(6464K) NonClass: 5769K(5824K)->5769K(5824K) Class: 533K(640K)->533K(640K)
[155.766s][info][gc             ] GC(367) Pause Full (Ergonomics) 9441M->9441M(9576M) 2890.306ms
[155.766s][info][gc,cpu         ] GC(367) User=21.61s Sys=0.00s Real=2.89s
[155.766s][info][gc,start       ] GC(368) Pause Full (Ergonomics)
[155.766s][info][gc,phases,start] GC(368) Marking Phase
[157.965s][info][gc,phases      ] GC(368) Marking Phase 2198.651ms
[157.965s][info][gc,phases,start] GC(368) Summary Phase
[157.965s][info][gc,phases      ] GC(368) Summary Phase 0.091ms
[157.965s][info][gc,phases,start] GC(368) Adjust Roots
[157.965s][info][gc,phases      ] GC(368) Adjust Roots 0.178ms
[157.965s][info][gc,phases,start] GC(368) Compaction Phase
[158.641s][info][gc,phases      ] GC(368) Compaction Phase 675.023ms
[158.641s][info][gc,phases,start] GC(368) Post Compact
[158.655s][info][gc,phases      ] GC(368) Post Compact 14.512ms
[158.655s][info][gc,heap        ] GC(368) PSYoungGen: 110591K(248832K)->110591K(249856K) Eden: 110591K(110592K)->110591K(110592K) From: 0K(138240K)->0K(139264K)
[158.655s][info][gc,heap        ] GC(368) ParOldGen: 9557252K(9557504K)->9557252K(9557504K)
[158.655s][info][gc,metaspace   ] GC(368) Metaspace: 6302K(6464K)->6302K(6464K) NonClass: 5769K(5824K)->5769K(5824K) Class: 533K(640K)->533K(640K)
[158.655s][info][gc             ] GC(368) Pause Full (Ergonomics) 9441M->9441M(9577M) 2888.781ms
[158.655s][info][gc,cpu         ] GC(368) User=21.45s Sys=0.02s Real=2.89s
[158.655s][info][gc,start       ] GC(369) Pause Full (Ergonomics)
[158.655s][info][gc,phases,start] GC(369) Marking Phase
[160.855s][info][gc,phases      ] GC(369) Marking Phase 2199.018ms
[160.855s][info][gc,phases,start] GC(369) Summary Phase
[160.855s][info][gc,phases      ] GC(369) Summary Phase 0.090ms
[160.855s][info][gc,phases,start] GC(369) Adjust Roots
[160.855s][info][gc,phases      ] GC(369) Adjust Roots 0.176ms
[160.855s][info][gc,phases,start] GC(369) Compaction Phase
[161.514s][info][gc,phases      ] GC(369) Compaction Phase 659.549ms
[161.515s][info][gc,phases,start] GC(369) Post Compact
[161.529s][info][gc,phases      ] GC(369) Post Compact 14.541ms
[161.529s][info][gc,heap        ] GC(369) PSYoungGen: 110591K(249856K)->110591K(248832K) Eden: 110591K(110592K)->110591K(110592K) From: 0K(139264K)->0K(138240K)
[161.529s][info][gc,heap        ] GC(369) ParOldGen: 9557256K(9557504K)->9557256K(9557504K)
[161.529s][info][gc,metaspace   ] GC(369) Metaspace: 6302K(6464K)->6302K(6464K) NonClass: 5769K(5824K)->5769K(5824K) Class: 533K(640K)->533K(640K)
[161.529s][info][gc             ] GC(369) Pause Full (Ergonomics) 9441M->9441M(9576M) 2873.773ms
[161.529s][info][gc,cpu         ] GC(369) User=21.41s Sys=0.00s Real=2.87s
[161.529s][info][gc,start       ] GC(370) Pause Full (Ergonomics)
[161.529s][info][gc,phases,start] GC(370) Marking Phase
[163.730s][info][gc,phases      ] GC(370) Marking Phase 2200.347ms
[163.730s][info][gc,phases,start] GC(370) Summary Phase
[163.730s][info][gc,phases      ] GC(370) Summary Phase 0.102ms
[163.730s][info][gc,phases,start] GC(370) Adjust Roots
[163.730s][info][gc,phases      ] GC(370) Adjust Roots 0.216ms
[163.730s][info][gc,phases,start] GC(370) Compaction Phase
[164.412s][info][gc,phases      ] GC(370) Compaction Phase 681.409ms
[164.412s][info][gc,phases,start] GC(370) Post Compact
[164.426s][info][gc,phases      ] GC(370) Post Compact 14.330ms
[164.426s][info][gc,heap        ] GC(370) PSYoungGen: 110591K(248832K)->110591K(249856K) Eden: 110591K(110592K)->110591K(110592K) From: 0K(138240K)->0K(139264K)
[164.426s][info][gc,heap        ] GC(370) ParOldGen: 9557261K(9557504K)->9557261K(9557504K)
[164.426s][info][gc,metaspace   ] GC(370) Metaspace: 6302K(6464K)->6302K(6464K) NonClass: 5769K(5824K)->5769K(5824K) Class: 533K(640K)->533K(640K)
[164.426s][info][gc             ] GC(370) Pause Full (Ergonomics) 9441M->9441M(9577M) 2896.717ms
[164.426s][info][gc,cpu         ] GC(370) User=21.36s Sys=0.00s Real=2.90s
[164.426s][info][gc,start       ] GC(371) Pause Full (Ergonomics)
[164.426s][info][gc,phases,start] GC(371) Marking Phase
[166.599s][info][gc,phases      ] GC(371) Marking Phase 2172.644ms
[166.599s][info][gc,phases,start] GC(371) Summary Phase
[166.599s][info][gc,phases      ] GC(371) Summary Phase 0.089ms
[166.599s][info][gc,phases,start] GC(371) Adjust Roots
[166.599s][info][gc,phases      ] GC(371) Adjust Roots 0.175ms
[166.599s][info][gc,phases,start] GC(371) Compaction Phase
[167.274s][info][gc,phases      ] GC(371) Compaction Phase 674.728ms
[167.274s][info][gc,phases,start] GC(371) Post Compact
[167.289s][info][gc,phases      ] GC(371) Post Compact 14.334ms
[167.289s][info][gc,heap        ] GC(371) PSYoungGen: 110591K(249856K)->110591K(248832K) Eden: 110591K(110592K)->110591K(110592K) From: 0K(139264K)->0K(138240K)
[167.289s][info][gc,heap        ] GC(371) ParOldGen: 9557266K(9557504K)->9557266K(9557504K)
[167.289s][info][gc,metaspace   ] GC(371) Metaspace: 6302K(6464K)->6302K(6464K) NonClass: 5769K(5824K)->5769K(5824K) Class: 533K(640K)->533K(640K)
[167.289s][info][gc             ] GC(371) Pause Full (Ergonomics) 9441M->9441M(9576M) 2862.286ms
[167.289s][info][gc,cpu         ] GC(371) User=21.45s Sys=0.00s Real=2.86s
[167.289s][info][gc,start       ] GC(372) Pause Full (Ergonomics)
[167.289s][info][gc,phases,start] GC(372) Marking Phase
[169.494s][info][gc,phases      ] GC(372) Marking Phase 2205.148ms
[169.494s][info][gc,phases,start] GC(372) Summary Phase
[169.494s][info][gc,phases      ] GC(372) Summary Phase 0.110ms
[169.494s][info][gc,phases,start] GC(372) Adjust Roots
[169.494s][info][gc,phases      ] GC(372) Adjust Roots 0.214ms
[169.494s][info][gc,phases,start] GC(372) Compaction Phase
[170.153s][info][gc,phases      ] GC(372) Compaction Phase 658.109ms
[170.153s][info][gc,phases,start] GC(372) Post Compact
[170.167s][info][gc,phases      ] GC(372) Post Compact 14.405ms
[170.167s][info][gc,heap        ] GC(372) PSYoungGen: 110591K(248832K)->110591K(249856K) Eden: 110591K(110592K)->110591K(110592K) From: 0K(138240K)->0K(139264K)
[170.167s][info][gc,heap        ] GC(372) ParOldGen: 9557271K(9557504K)->9557271K(9557504K)
[170.167s][info][gc,metaspace   ] GC(372) Metaspace: 6302K(6464K)->6302K(6464K) NonClass: 5769K(5824K)->5769K(5824K) Class: 533K(640K)->533K(640K)
[170.167s][info][gc             ] GC(372) Pause Full (Ergonomics) 9441M->9441M(9577M) 2878.364ms
[170.167s][info][gc,cpu         ] GC(372) User=21.48s Sys=0.02s Real=2.88s
[170.167s][info][gc,start       ] GC(373) Pause Full (Ergonomics)
[170.168s][info][gc,phases,start] GC(373) Marking Phase
[172.361s][info][gc,phases      ] GC(373) Marking Phase 2193.160ms
[172.361s][info][gc,phases,start] GC(373) Summary Phase
[172.361s][info][gc,phases      ] GC(373) Summary Phase 0.091ms
[172.361s][info][gc,phases,start] GC(373) Adjust Roots
[172.361s][info][gc,phases      ] GC(373) Adjust Roots 0.174ms
[172.361s][info][gc,phases,start] GC(373) Compaction Phase
[173.039s][info][gc,phases      ] GC(373) Compaction Phase 678.244ms
[173.039s][info][gc,phases,start] GC(373) Post Compact
[173.054s][info][gc,phases      ] GC(373) Post Compact 14.402ms
[173.054s][info][gc,heap        ] GC(373) PSYoungGen: 110591K(249856K)->110591K(248832K) Eden: 110591K(110592K)->110591K(110592K) From: 0K(139264K)->0K(138240K)
[173.054s][info][gc,heap        ] GC(373) ParOldGen: 9557276K(9557504K)->9557276K(9557504K)
[173.054s][info][gc,metaspace   ] GC(373) Metaspace: 6302K(6464K)->6302K(6464K) NonClass: 5769K(5824K)->5769K(5824K) Class: 533K(640K)->533K(640K)
[173.054s][info][gc             ] GC(373) Pause Full (Ergonomics) 9441M->9441M(9576M) 2886.432ms
[173.054s][info][gc,cpu         ] GC(373) User=21.44s Sys=0.02s Real=2.89s
[173.054s][info][gc,start       ] GC(374) Pause Full (Ergonomics)
[173.054s][info][gc,phases,start] GC(374) Marking Phase
[175.269s][info][gc,phases      ] GC(374) Marking Phase 2214.887ms
[175.269s][info][gc,phases,start] GC(374) Summary Phase
[175.269s][info][gc,phases      ] GC(374) Summary Phase 0.090ms
[175.269s][info][gc,phases,start] GC(374) Adjust Roots
[175.269s][info][gc,phases      ] GC(374) Adjust Roots 0.171ms
[175.269s][info][gc,phases,start] GC(374) Compaction Phase
[175.944s][info][gc,phases      ] GC(374) Compaction Phase 674.213ms
[175.944s][info][gc,phases,start] GC(374) Post Compact
[175.958s][info][gc,phases      ] GC(374) Post Compact 14.387ms
[175.958s][info][gc,heap        ] GC(374) PSYoungGen: 110591K(248832K)->110591K(249856K) Eden: 110591K(110592K)->110591K(110592K) From: 0K(138240K)->0K(139264K)
[175.958s][info][gc,heap        ] GC(374) ParOldGen: 9557281K(9557504K)->9557281K(9557504K)
[175.958s][info][gc,metaspace   ] GC(374) Metaspace: 6302K(6464K)->6302K(6464K) NonClass: 5769K(5824K)->5769K(5824K) Class: 533K(640K)->533K(640K)
[175.958s][info][gc             ] GC(374) Pause Full (Ergonomics) 9441M->9441M(9577M) 2904.082ms
[175.958s][info][gc,cpu         ] GC(374) User=21.91s Sys=0.00s Real=2.90s
[175.958s][info][gc,start       ] GC(375) Pause Full (Ergonomics)
[175.958s][info][gc,phases,start] GC(375) Marking Phase
[178.177s][info][gc,phases      ] GC(375) Marking Phase 2218.587ms
[178.177s][info][gc,phases,start] GC(375) Summary Phase
[178.177s][info][gc,phases      ] GC(375) Summary Phase 0.090ms
[178.177s][info][gc,phases,start] GC(375) Adjust Roots
[178.177s][info][gc,phases      ] GC(375) Adjust Roots 0.197ms
[178.177s][info][gc,phases,start] GC(375) Compaction Phase
[178.846s][info][gc,phases      ] GC(375) Compaction Phase 668.387ms
[178.846s][info][gc,phases,start] GC(375) Post Compact
[178.860s][info][gc,phases      ] GC(375) Post Compact 14.513ms
[178.861s][info][gc,heap        ] GC(375) PSYoungGen: 110591K(249856K)->110591K(248832K) Eden: 110591K(110592K)->110591K(110592K) From: 0K(139264K)->0K(138240K)
[178.861s][info][gc,heap        ] GC(375) ParOldGen: 9557285K(9557504K)->9557285K(9557504K)
[178.861s][info][gc,metaspace   ] GC(375) Metaspace: 6302K(6464K)->6302K(6464K) NonClass: 5769K(5824K)->5769K(5824K) Class: 533K(640K)->533K(640K)
[178.861s][info][gc             ] GC(375) Pause Full (Ergonomics) 9441M->9441M(9576M) 2902.120ms
[178.861s][info][gc,cpu         ] GC(375) User=21.61s Sys=0.03s Real=2.90s
[178.861s][info][gc,start       ] GC(376) Pause Full (Ergonomics)
[178.861s][info][gc,phases,start] GC(376) Marking Phase
[181.079s][info][gc,phases      ] GC(376) Marking Phase 2218.515ms
[181.079s][info][gc,phases,start] GC(376) Summary Phase
[181.079s][info][gc,phases      ] GC(376) Summary Phase 0.092ms
[181.079s][info][gc,phases,start] GC(376) Adjust Roots
[181.080s][info][gc,phases      ] GC(376) Adjust Roots 0.177ms
[181.080s][info][gc,phases,start] GC(376) Compaction Phase
[181.762s][info][gc,phases      ] GC(376) Compaction Phase 682.342ms
[181.762s][info][gc,phases,start] GC(376) Post Compact
[181.777s][info][gc,phases      ] GC(376) Post Compact 14.398ms
[181.777s][info][gc,heap        ] GC(376) PSYoungGen: 110591K(248832K)->110591K(249856K) Eden: 110591K(110592K)->110591K(110592K) From: 0K(138240K)->0K(139264K)
[181.777s][info][gc,heap        ] GC(376) ParOldGen: 9557290K(9557504K)->9557290K(9557504K)
[181.777s][info][gc,metaspace   ] GC(376) Metaspace: 6302K(6464K)->6302K(6464K) NonClass: 5769K(5824K)->5769K(5824K) Class: 533K(640K)->533K(640K)
[181.777s][info][gc             ] GC(376) Pause Full (Ergonomics) 9441M->9441M(9577M) 2915.891ms
[181.777s][info][gc,cpu         ] GC(376) User=21.77s Sys=0.00s Real=2.92s
[181.777s][info][gc,start       ] GC(377) Pause Full (Ergonomics)
[181.777s][info][gc,phases,start] GC(377) Marking Phase
[183.993s][info][gc,phases      ] GC(377) Marking Phase 2216.004ms
[183.993s][info][gc,phases,start] GC(377) Summary Phase
[183.993s][info][gc,phases      ] GC(377) Summary Phase 0.090ms
[183.993s][info][gc,phases,start] GC(377) Adjust Roots
[183.993s][info][gc,phases      ] GC(377) Adjust Roots 0.175ms
[183.993s][info][gc,phases,start] GC(377) Compaction Phase
[184.670s][info][gc,phases      ] GC(377) Compaction Phase 676.425ms
[184.670s][info][gc,phases,start] GC(377) Post Compact
[184.684s][info][gc,phases      ] GC(377) Post Compact 14.242ms
[184.684s][info][gc,heap        ] GC(377) PSYoungGen: 110591K(249856K)->110591K(248832K) Eden: 110591K(110592K)->110591K(110592K) From: 0K(139264K)->0K(138240K)
[184.684s][info][gc,heap        ] GC(377) ParOldGen: 9557295K(9557504K)->9557295K(9557504K)
[184.684s][info][gc,metaspace   ] GC(377) Metaspace: 6302K(6464K)->6302K(6464K) NonClass: 5769K(5824K)->5769K(5824K) Class: 533K(640K)->533K(640K)
[184.684s][info][gc             ] GC(377) Pause Full (Ergonomics) 9441M->9441M(9576M) 2907.296ms
[184.684s][info][gc,cpu         ] GC(377) User=21.77s Sys=0.00s Real=2.91s
[184.684s][info][gc,start       ] GC(378) Pause Full (Ergonomics)
[184.684s][info][gc,phases,start] GC(378) Marking Phase
[186.848s][info][gc,phases      ] GC(378) Marking Phase 2163.499ms
[186.848s][info][gc,phases,start] GC(378) Summary Phase
[186.848s][info][gc,phases      ] GC(378) Summary Phase 0.091ms
[186.848s][info][gc,phases,start] GC(378) Adjust Roots
[186.848s][info][gc,phases      ] GC(378) Adjust Roots 0.173ms
[186.848s][info][gc,phases,start] GC(378) Compaction Phase
[187.521s][info][gc,phases      ] GC(378) Compaction Phase 672.463ms
[187.521s][info][gc,phases,start] GC(378) Post Compact
[187.536s][info][gc,phases      ] GC(378) Post Compact 14.683ms
[187.536s][info][gc,heap        ] GC(378) PSYoungGen: 110591K(248832K)->110591K(249856K) Eden: 110591K(110592K)->110591K(110592K) From: 0K(138240K)->0K(139264K)
[187.536s][info][gc,heap        ] GC(378) ParOldGen: 9557300K(9557504K)->9557300K(9557504K)
[187.536s][info][gc,metaspace   ] GC(378) Metaspace: 6302K(6464K)->6302K(6464K) NonClass: 5769K(5824K)->5769K(5824K) Class: 533K(640K)->533K(640K)
[187.536s][info][gc             ] GC(378) Pause Full (Ergonomics) 9441M->9441M(9577M) 2851.280ms
[187.536s][info][gc,cpu         ] GC(378) User=21.08s Sys=0.02s Real=2.85s
[187.536s][info][gc,start       ] GC(379) Pause Full (Ergonomics)
[187.536s][info][gc,phases,start] GC(379) Marking Phase
[189.759s][info][gc,phases      ] GC(379) Marking Phase 2222.811ms
[189.759s][info][gc,phases,start] GC(379) Summary Phase
[189.759s][info][gc,phases      ] GC(379) Summary Phase 0.089ms
[189.759s][info][gc,phases,start] GC(379) Adjust Roots
[189.759s][info][gc,phases      ] GC(379) Adjust Roots 0.173ms
[189.759s][info][gc,phases,start] GC(379) Compaction Phase
[190.433s][info][gc,phases      ] GC(379) Compaction Phase 673.445ms
[190.433s][info][gc,phases,start] GC(379) Post Compact
[190.448s][info][gc,phases      ] GC(379) Post Compact 15.227ms
[190.448s][info][gc,heap        ] GC(379) PSYoungGen: 110591K(249856K)->110591K(248832K) Eden: 110591K(110592K)->110591K(110592K) From: 0K(139264K)->0K(138240K)
[190.448s][info][gc,heap        ] GC(379) ParOldGen: 9557305K(9557504K)->9557305K(9557504K)
[190.448s][info][gc,metaspace   ] GC(379) Metaspace: 6302K(6464K)->6302K(6464K) NonClass: 5769K(5824K)->5769K(5824K) Class: 533K(640K)->533K(640K)
[190.448s][info][gc             ] GC(379) Pause Full (Ergonomics) 9441M->9441M(9576M) 2912.105ms
[190.448s][info][gc,cpu         ] GC(379) User=21.80s Sys=0.02s Real=2.91s
[190.448s][info][gc,start       ] GC(380) Pause Full (Ergonomics)
[190.448s][info][gc,phases,start] GC(380) Marking Phase
[192.686s][info][gc,phases      ] GC(380) Marking Phase 2237.855ms
[192.686s][info][gc,phases,start] GC(380) Summary Phase
[192.686s][info][gc,phases      ] GC(380) Summary Phase 0.108ms
[192.686s][info][gc,phases,start] GC(380) Adjust Roots
[192.687s][info][gc,phases      ] GC(380) Adjust Roots 0.209ms
[192.687s][info][gc,phases,start] GC(380) Compaction Phase
[193.351s][info][gc,phases      ] GC(380) Compaction Phase 664.698ms
[193.351s][info][gc,phases,start] GC(380) Post Compact
[193.366s][info][gc,phases      ] GC(380) Post Compact 14.426ms
[193.366s][info][gc,heap        ] GC(380) PSYoungGen: 110591K(248832K)->110591K(249856K) Eden: 110591K(110592K)->110591K(110592K) From: 0K(138240K)->0K(139264K)
[193.366s][info][gc,heap        ] GC(380) ParOldGen: 9557310K(9557504K)->9557310K(9557504K)
[193.366s][info][gc,metaspace   ] GC(380) Metaspace: 6302K(6464K)->6302K(6464K) NonClass: 5769K(5824K)->5769K(5824K) Class: 533K(640K)->533K(640K)
[193.366s][info][gc             ] GC(380) Pause Full (Ergonomics) 9441M->9441M(9577M) 2917.651ms
[193.366s][info][gc,cpu         ] GC(380) User=21.84s Sys=0.02s Real=2.92s
[193.366s][info][gc,start       ] GC(381) Pause Full (Ergonomics)
[193.366s][info][gc,phases,start] GC(381) Marking Phase
[195.610s][info][gc,phases      ] GC(381) Marking Phase 2243.758ms
[195.610s][info][gc,phases,start] GC(381) Summary Phase
[195.610s][info][gc,phases      ] GC(381) Summary Phase 0.099ms
[195.610s][info][gc,phases,start] GC(381) Adjust Roots
[195.610s][info][gc,phases      ] GC(381) Adjust Roots 0.178ms
[195.610s][info][gc,phases,start] GC(381) Compaction Phase
[196.285s][info][gc,phases      ] GC(381) Compaction Phase 674.748ms
[196.285s][info][gc,phases,start] GC(381) Post Compact
[196.300s][info][gc,phases      ] GC(381) Post Compact 14.441ms
[196.300s][info][gc,heap        ] GC(381) PSYoungGen: 110591K(249856K)->110591K(248832K) Eden: 110591K(110592K)->110591K(110592K) From: 0K(139264K)->0K(138240K)
[196.300s][info][gc,heap        ] GC(381) ParOldGen: 9557314K(9557504K)->9557314K(9557504K)
[196.300s][info][gc,metaspace   ] GC(381) Metaspace: 6302K(6464K)->6302K(6464K) NonClass: 5769K(5824K)->5769K(5824K) Class: 533K(640K)->533K(640K)
[196.300s][info][gc             ] GC(381) Pause Full (Ergonomics) 9441M->9441M(9576M) 2933.548ms
[196.300s][info][gc,cpu         ] GC(381) User=21.77s Sys=0.02s Real=2.93s
[196.300s][info][gc,start       ] GC(382) Pause Full (Ergonomics)
[196.300s][info][gc,phases,start] GC(382) Marking Phase
[198.520s][info][gc,phases      ] GC(382) Marking Phase 2220.430ms
[198.520s][info][gc,phases,start] GC(382) Summary Phase
[198.520s][info][gc,phases      ] GC(382) Summary Phase 0.095ms
[198.521s][info][gc,phases,start] GC(382) Adjust Roots
[198.521s][info][gc,phases      ] GC(382) Adjust Roots 0.182ms
[198.521s][info][gc,phases,start] GC(382) Compaction Phase
[199.199s][info][gc,phases      ] GC(382) Compaction Phase 678.166ms
[199.199s][info][gc,phases,start] GC(382) Post Compact
[199.213s][info][gc,phases      ] GC(382) Post Compact 14.426ms
[199.213s][info][gc,heap        ] GC(382) PSYoungGen: 110591K(248832K)->110591K(249856K) Eden: 110591K(110592K)->110591K(110592K) From: 0K(138240K)->0K(139264K)
[199.213s][info][gc,heap        ] GC(382) ParOldGen: 9557319K(9557504K)->9557319K(9557504K)
[199.214s][info][gc,metaspace   ] GC(382) Metaspace: 6302K(6464K)->6302K(6464K) NonClass: 5769K(5824K)->5769K(5824K) Class: 533K(640K)->533K(640K)
[199.214s][info][gc             ] GC(382) Pause Full (Ergonomics) 9441M->9441M(9577M) 2913.644ms
[199.214s][info][gc,cpu         ] GC(382) User=21.73s Sys=0.00s Real=2.91s
[199.214s][info][gc,start       ] GC(383) Pause Full (Ergonomics)
[199.214s][info][gc,phases,start] GC(383) Marking Phase
[201.430s][info][gc,phases      ] GC(383) Marking Phase 2216.539ms
[201.430s][info][gc,phases,start] GC(383) Summary Phase
[201.430s][info][gc,phases      ] GC(383) Summary Phase 0.090ms
[201.430s][info][gc,phases,start] GC(383) Adjust Roots
[201.431s][info][gc,phases      ] GC(383) Adjust Roots 0.173ms
[201.431s][info][gc,phases,start] GC(383) Compaction Phase
[202.099s][info][gc,phases      ] GC(383) Compaction Phase 668.554ms
[202.099s][info][gc,phases,start] GC(383) Post Compact
[202.114s][info][gc,phases      ] GC(383) Post Compact 14.391ms
[202.114s][info][gc,heap        ] GC(383) PSYoungGen: 110591K(249856K)->110591K(248832K) Eden: 110591K(110592K)->110591K(110592K) From: 0K(139264K)->0K(138240K)
[202.114s][info][gc,heap        ] GC(383) ParOldGen: 9557324K(9557504K)->9557324K(9557504K)
[202.114s][info][gc,metaspace   ] GC(383) Metaspace: 6302K(6464K)->6302K(6464K) NonClass: 5769K(5824K)->5769K(5824K) Class: 533K(640K)->533K(640K)
[202.114s][info][gc             ] GC(383) Pause Full (Ergonomics) 9441M->9441M(9576M) 2900.092ms
[202.114s][info][gc,cpu         ] GC(383) User=21.86s Sys=0.00s Real=2.90s
[202.114s][info][gc,start       ] GC(384) Pause Full (Ergonomics)
[202.114s][info][gc,phases,start] GC(384) Marking Phase
[204.344s][info][gc,phases      ] GC(384) Marking Phase 2229.458ms
[204.344s][info][gc,phases,start] GC(384) Summary Phase
[204.344s][info][gc,phases      ] GC(384) Summary Phase 0.095ms
[204.344s][info][gc,phases,start] GC(384) Adjust Roots
[204.344s][info][gc,phases      ] GC(384) Adjust Roots 0.182ms
[204.344s][info][gc,phases,start] GC(384) Compaction Phase
[205.033s][info][gc,phases      ] GC(384) Compaction Phase 688.630ms
[205.033s][info][gc,phases,start] GC(384) Post Compact
[205.047s][info][gc,phases      ] GC(384) Post Compact 14.304ms
[205.047s][info][gc,heap        ] GC(384) PSYoungGen: 110591K(248832K)->110591K(249856K) Eden: 110591K(110592K)->110591K(110592K) From: 0K(138240K)->0K(139264K)
[205.047s][info][gc,heap        ] GC(384) ParOldGen: 9557329K(9557504K)->9557329K(9557504K)
[205.047s][info][gc,metaspace   ] GC(384) Metaspace: 6302K(6464K)->6302K(6464K) NonClass: 5769K(5824K)->5769K(5824K) Class: 533K(640K)->533K(640K)
[205.047s][info][gc             ] GC(384) Pause Full (Ergonomics) 9441M->9441M(9577M) 2933.008ms
[205.047s][info][gc,cpu         ] GC(384) User=21.91s Sys=0.03s Real=2.93s
[205.047s][info][gc,start       ] GC(385) Pause Full (Ergonomics)
[205.047s][info][gc,phases,start] GC(385) Marking Phase
[207.240s][info][gc,phases      ] GC(385) Marking Phase 2192.422ms
[207.240s][info][gc,phases,start] GC(385) Summary Phase
[207.240s][info][gc,phases      ] GC(385) Summary Phase 0.094ms
[207.240s][info][gc,phases,start] GC(385) Adjust Roots
[207.240s][info][gc,phases      ] GC(385) Adjust Roots 0.168ms
[207.240s][info][gc,phases,start] GC(385) Compaction Phase
[207.915s][info][gc,phases      ] GC(385) Compaction Phase 674.647ms
[207.915s][info][gc,phases,start] GC(385) Post Compact
[207.929s][info][gc,phases      ] GC(385) Post Compact 14.378ms
[207.929s][info][gc,heap        ] GC(385) PSYoungGen: 110591K(249856K)->110591K(248832K) Eden: 110591K(110592K)->110591K(110592K) From: 0K(139264K)->0K(138240K)
[207.929s][info][gc,heap        ] GC(385) ParOldGen: 9557334K(9557504K)->9557334K(9557504K)
[207.929s][info][gc,metaspace   ] GC(385) Metaspace: 6302K(6464K)->6302K(6464K) NonClass: 5769K(5824K)->5769K(5824K) Class: 533K(640K)->533K(640K)
[207.929s][info][gc             ] GC(385) Pause Full (Ergonomics) 9441M->9441M(9576M) 2882.031ms
[207.929s][info][gc,cpu         ] GC(385) User=21.55s Sys=0.00s Real=2.88s
[207.930s][info][gc,start       ] GC(386) Pause Full (Ergonomics)
[207.930s][info][gc,phases,start] GC(386) Marking Phase
[210.128s][info][gc,phases      ] GC(386) Marking Phase 2197.928ms
[210.128s][info][gc,phases,start] GC(386) Summary Phase
[210.128s][info][gc,phases      ] GC(386) Summary Phase 0.091ms
[210.128s][info][gc,phases,start] GC(386) Adjust Roots
[210.128s][info][gc,phases      ] GC(386) Adjust Roots 0.175ms
[210.128s][info][gc,phases,start] GC(386) Compaction Phase
[210.818s][info][gc,phases      ] GC(386) Compaction Phase 690.423ms
[210.818s][info][gc,phases,start] GC(386) Post Compact
[210.833s][info][gc,phases      ] GC(386) Post Compact 14.438ms
[210.833s][info][gc,heap        ] GC(386) PSYoungGen: 110591K(248832K)->110591K(249856K) Eden: 110591K(110592K)->110591K(110592K) From: 0K(138240K)->0K(139264K)
[210.833s][info][gc,heap        ] GC(386) ParOldGen: 9557339K(9557504K)->9557339K(9557504K)
[210.833s][info][gc,metaspace   ] GC(386) Metaspace: 6302K(6464K)->6302K(6464K) NonClass: 5769K(5824K)->5769K(5824K) Class: 533K(640K)->533K(640K)
[210.833s][info][gc             ] GC(386) Pause Full (Ergonomics) 9441M->9441M(9577M) 2903.383ms
[210.833s][info][gc,cpu         ] GC(386) User=21.67s Sys=0.02s Real=2.90s
[210.833s][info][gc,start       ] GC(387) Pause Full (Ergonomics)
[210.833s][info][gc,phases,start] GC(387) Marking Phase
[213.034s][info][gc,phases      ] GC(387) Marking Phase 2200.485ms
[213.034s][info][gc,phases,start] GC(387) Summary Phase
[213.034s][info][gc,phases      ] GC(387) Summary Phase 0.109ms
[213.034s][info][gc,phases,start] GC(387) Adjust Roots
[213.034s][info][gc,phases      ] GC(387) Adjust Roots 0.194ms
[213.034s][info][gc,phases,start] GC(387) Compaction Phase
[213.719s][info][gc,phases      ] GC(387) Compaction Phase 684.650ms
[213.719s][info][gc,phases,start] GC(387) Post Compact
[213.733s][info][gc,phases      ] GC(387) Post Compact 14.434ms
[213.733s][info][gc,heap        ] GC(387) PSYoungGen: 110591K(249856K)->110591K(248832K) Eden: 110591K(110592K)->110591K(110592K) From: 0K(139264K)->0K(138240K)
[213.733s][info][gc,heap        ] GC(387) ParOldGen: 9557343K(9557504K)->9557343K(9557504K)
[213.733s][info][gc,metaspace   ] GC(387) Metaspace: 6302K(6464K)->6302K(6464K) NonClass: 5769K(5824K)->5769K(5824K) Class: 533K(640K)->533K(640K)
[213.733s][info][gc             ] GC(387) Pause Full (Ergonomics) 9441M->9441M(9576M) 2900.240ms
[213.733s][info][gc,cpu         ] GC(387) User=21.50s Sys=0.00s Real=2.90s
[213.734s][info][gc,start       ] GC(388) Pause Full (Ergonomics)
[213.734s][info][gc,phases,start] GC(388) Marking Phase
[215.942s][info][gc,phases      ] GC(388) Marking Phase 2208.142ms
[215.942s][info][gc,phases,start] GC(388) Summary Phase
[215.942s][info][gc,phases      ] GC(388) Summary Phase 0.090ms
[215.942s][info][gc,phases,start] GC(388) Adjust Roots
[215.942s][info][gc,phases      ] GC(388) Adjust Roots 0.193ms
[215.942s][info][gc,phases,start] GC(388) Compaction Phase
[216.615s][info][gc,phases      ] GC(388) Compaction Phase 672.402ms
[216.615s][info][gc,phases,start] GC(388) Post Compact
[216.629s][info][gc,phases      ] GC(388) Post Compact 14.423ms
[216.629s][info][gc,heap        ] GC(388) PSYoungGen: 110591K(248832K)->110591K(249856K) Eden: 110591K(110592K)->110591K(110592K) From: 0K(138240K)->0K(139264K)
[216.629s][info][gc,heap        ] GC(388) ParOldGen: 9557348K(9557504K)->9557348K(9557504K)
[216.629s][info][gc,metaspace   ] GC(388) Metaspace: 6302K(6464K)->6302K(6464K) NonClass: 5769K(5824K)->5769K(5824K) Class: 533K(640K)->533K(640K)
[216.629s][info][gc             ] GC(388) Pause Full (Ergonomics) 9441M->9441M(9577M) 2895.595ms
[216.629s][info][gc,cpu         ] GC(388) User=21.47s Sys=0.02s Real=2.89s
[216.629s][info][gc,start       ] GC(389) Pause Full (Ergonomics)
[216.629s][info][gc,phases,start] GC(389) Marking Phase
[218.844s][info][gc,phases      ] GC(389) Marking Phase 2214.705ms
[218.844s][info][gc,phases,start] GC(389) Summary Phase
[218.844s][info][gc,phases      ] GC(389) Summary Phase 0.091ms
[218.844s][info][gc,phases,start] GC(389) Adjust Roots
[218.844s][info][gc,phases      ] GC(389) Adjust Roots 0.169ms
[218.844s][info][gc,phases,start] GC(389) Compaction Phase
[219.510s][info][gc,phases      ] GC(389) Compaction Phase 665.774ms
[219.510s][info][gc,phases,start] GC(389) Post Compact
[219.525s][info][gc,phases      ] GC(389) Post Compact 14.395ms
[219.525s][info][gc,heap        ] GC(389) PSYoungGen: 110591K(249856K)->110591K(248832K) Eden: 110591K(110592K)->110591K(110592K) From: 0K(139264K)->0K(138240K)
[219.525s][info][gc,heap        ] GC(389) ParOldGen: 9557353K(9557504K)->9557353K(9557504K)
[219.525s][info][gc,metaspace   ] GC(389) Metaspace: 6302K(6464K)->6302K(6464K) NonClass: 5769K(5824K)->5769K(5824K) Class: 533K(640K)->533K(640K)
[219.525s][info][gc             ] GC(389) Pause Full (Ergonomics) 9441M->9441M(9576M) 2895.468ms
[219.525s][info][gc,cpu         ] GC(389) User=21.78s Sys=0.00s Real=2.90s
[219.525s][info][gc,start       ] GC(390) Pause Full (Ergonomics)
[219.525s][info][gc,phases,start] GC(390) Marking Phase
[221.704s][info][gc,phases      ] GC(390) Marking Phase 2178.818ms
[221.704s][info][gc,phases,start] GC(390) Summary Phase
[221.704s][info][gc,phases      ] GC(390) Summary Phase 0.092ms
[221.704s][info][gc,phases,start] GC(390) Adjust Roots
[221.704s][info][gc,phases      ] GC(390) Adjust Roots 0.173ms
[221.704s][info][gc,phases,start] GC(390) Compaction Phase
[222.378s][info][gc,phases      ] GC(390) Compaction Phase 673.996ms
[222.378s][info][gc,phases,start] GC(390) Post Compact
[222.393s][info][gc,phases      ] GC(390) Post Compact 14.609ms
[222.393s][info][gc,heap        ] GC(390) PSYoungGen: 110591K(248832K)->110591K(249856K) Eden: 110591K(110592K)->110591K(110592K) From: 0K(138240K)->0K(139264K)
[222.393s][info][gc,heap        ] GC(390) ParOldGen: 9557358K(9557504K)->9557358K(9557504K)
[222.393s][info][gc,metaspace   ] GC(390) Metaspace: 6302K(6464K)->6302K(6464K) NonClass: 5769K(5824K)->5769K(5824K) Class: 533K(640K)->533K(640K)
[222.393s][info][gc             ] GC(390) Pause Full (Ergonomics) 9441M->9441M(9577M) 2868.036ms
[222.393s][info][gc,cpu         ] GC(390) User=21.48s Sys=0.00s Real=2.87s
[222.393s][info][gc,start       ] GC(391) Pause Full (Ergonomics)
[222.393s][info][gc,phases,start] GC(391) Marking Phase
[224.588s][info][gc,phases      ] GC(391) Marking Phase 2194.279ms
[224.588s][info][gc,phases,start] GC(391) Summary Phase
[224.588s][info][gc,phases      ] GC(391) Summary Phase 0.090ms
[224.588s][info][gc,phases,start] GC(391) Adjust Roots
[224.588s][info][gc,phases      ] GC(391) Adjust Roots 0.171ms
[224.588s][info][gc,phases,start] GC(391) Compaction Phase
[225.264s][info][gc,phases      ] GC(391) Compaction Phase 675.597ms
[225.264s][info][gc,phases,start] GC(391) Post Compact
[225.278s][info][gc,phases      ] GC(391) Post Compact 14.395ms
[225.278s][info][gc,heap        ] GC(391) PSYoungGen: 110591K(249856K)->110591K(248832K) Eden: 110591K(110592K)->110591K(110592K) From: 0K(139264K)->0K(138240K)
[225.278s][info][gc,heap        ] GC(391) ParOldGen: 9557363K(9557504K)->9557363K(9557504K)
[225.278s][info][gc,metaspace   ] GC(391) Metaspace: 6302K(6464K)->6302K(6464K) NonClass: 5769K(5824K)->5769K(5824K) Class: 533K(640K)->533K(640K)
[225.278s][info][gc             ] GC(391) Pause Full (Ergonomics) 9441M->9441M(9576M) 2884.896ms
[225.278s][info][gc,cpu         ] GC(391) User=21.50s Sys=0.00s Real=2.88s
[225.278s][info][gc,start       ] GC(392) Pause Full (Ergonomics)
[225.278s][info][gc,phases,start] GC(392) Marking Phase
[227.466s][info][gc,phases      ] GC(392) Marking Phase 2187.712ms
[227.466s][info][gc,phases,start] GC(392) Summary Phase
[227.466s][info][gc,phases      ] GC(392) Summary Phase 0.090ms
[227.466s][info][gc,phases,start] GC(392) Adjust Roots
[227.467s][info][gc,phases      ] GC(392) Adjust Roots 0.175ms
[227.467s][info][gc,phases,start] GC(392) Compaction Phase
[228.146s][info][gc,phases      ] GC(392) Compaction Phase 679.890ms
[228.147s][info][gc,phases,start] GC(392) Post Compact
[228.164s][info][gc,phases      ] GC(392) Post Compact 17.949ms
[228.165s][info][gc,heap        ] GC(392) PSYoungGen: 110591K(248832K)->110591K(249856K) Eden: 110591K(110592K)->110591K(110592K) From: 0K(138240K)->0K(139264K)
[228.165s][info][gc,heap        ] GC(392) ParOldGen: 9557368K(9557504K)->9557368K(9557504K)
[228.165s][info][gc,metaspace   ] GC(392) Metaspace: 6302K(6464K)->6302K(6464K) NonClass: 5769K(5824K)->5769K(5824K) Class: 533K(640K)->533K(640K)
[228.165s][info][gc             ] GC(392) Pause Full (Ergonomics) 9441M->9441M(9577M) 2886.205ms
[228.165s][info][gc,cpu         ] GC(392) User=21.38s Sys=0.05s Real=2.89s
[228.165s][info][gc,start       ] GC(393) Pause Full (Ergonomics)
[228.165s][info][gc,phases,start] GC(393) Marking Phase
[230.381s][info][gc,phases      ] GC(393) Marking Phase 2216.311ms
[230.381s][info][gc,phases,start] GC(393) Summary Phase
[230.381s][info][gc,phases      ] GC(393) Summary Phase 0.095ms
[230.381s][info][gc,phases,start] GC(393) Adjust Roots
[230.382s][info][gc,phases      ] GC(393) Adjust Roots 0.183ms
[230.382s][info][gc,phases,start] GC(393) Compaction Phase
[231.057s][info][gc,phases      ] GC(393) Compaction Phase 675.224ms
[231.057s][info][gc,phases,start] GC(393) Post Compact
[231.071s][info][gc,phases      ] GC(393) Post Compact 14.547ms
[231.072s][info][gc,heap        ] GC(393) PSYoungGen: 110591K(249856K)->110591K(248832K) Eden: 110591K(110592K)->110591K(110592K) From: 0K(139264K)->0K(138240K)
[231.072s][info][gc,heap        ] GC(393) ParOldGen: 9557372K(9557504K)->9557372K(9557504K)
[231.072s][info][gc,metaspace   ] GC(393) Metaspace: 6302K(6464K)->6302K(6464K) NonClass: 5769K(5824K)->5769K(5824K) Class: 533K(640K)->533K(640K)
[231.072s][info][gc             ] GC(393) Pause Full (Ergonomics) 9441M->9441M(9576M) 2906.719ms
[231.072s][info][gc,cpu         ] GC(393) User=21.77s Sys=0.02s Real=2.91s
[231.072s][info][gc,start       ] GC(394) Pause Full (Ergonomics)
[231.072s][info][gc,phases,start] GC(394) Marking Phase
[233.300s][info][gc,phases      ] GC(394) Marking Phase 2227.923ms
[233.300s][info][gc,phases,start] GC(394) Summary Phase
[233.300s][info][gc,phases      ] GC(394) Summary Phase 0.098ms
[233.300s][info][gc,phases,start] GC(394) Adjust Roots
[233.300s][info][gc,phases      ] GC(394) Adjust Roots 0.191ms
[233.300s][info][gc,phases,start] GC(394) Compaction Phase
[233.970s][info][gc,phases      ] GC(394) Compaction Phase 669.605ms
[233.970s][info][gc,phases,start] GC(394) Post Compact
[233.984s][info][gc,phases      ] GC(394) Post Compact 14.409ms
[233.984s][info][gc,heap        ] GC(394) PSYoungGen: 110591K(248832K)->110591K(249856K) Eden: 110591K(110592K)->110591K(110592K) From: 0K(138240K)->0K(139264K)
[233.984s][info][gc,heap        ] GC(394) ParOldGen: 9557377K(9557504K)->9557377K(9557504K)
[233.984s][info][gc,metaspace   ] GC(394) Metaspace: 6302K(6464K)->6302K(6464K) NonClass: 5769K(5824K)->5769K(5824K) Class: 533K(640K)->533K(640K)
[233.984s][info][gc             ] GC(394) Pause Full (Ergonomics) 9441M->9441M(9577M) 2912.577ms
[233.984s][info][gc,cpu         ] GC(394) User=21.80s Sys=0.00s Real=2.91s
[233.985s][info][gc,start       ] GC(395) Pause Full (Ergonomics)
[233.985s][info][gc,phases,start] GC(395) Marking Phase
[236.181s][info][gc,phases      ] GC(395) Marking Phase 2195.793ms
[236.181s][info][gc,phases,start] GC(395) Summary Phase
[236.181s][info][gc,phases      ] GC(395) Summary Phase 0.092ms
[236.181s][info][gc,phases,start] GC(395) Adjust Roots
[236.181s][info][gc,phases      ] GC(395) Adjust Roots 0.187ms
[236.181s][info][gc,phases,start] GC(395) Compaction Phase
[236.853s][info][gc,phases      ] GC(395) Compaction Phase 672.428ms
[236.853s][info][gc,phases,start] GC(395) Post Compact
[236.868s][info][gc,phases      ] GC(395) Post Compact 14.381ms
[236.868s][info][gc,heap        ] GC(395) PSYoungGen: 110591K(249856K)->110591K(248832K) Eden: 110591K(110592K)->110591K(110592K) From: 0K(139264K)->0K(138240K)
[236.868s][info][gc,heap        ] GC(395) ParOldGen: 9557382K(9557504K)->9557382K(9557504K)
[236.868s][info][gc,metaspace   ] GC(395) Metaspace: 6302K(6464K)->6302K(6464K) NonClass: 5769K(5824K)->5769K(5824K) Class: 533K(640K)->533K(640K)
[236.868s][info][gc             ] GC(395) Pause Full (Ergonomics) 9441M->9441M(9576M) 2883.231ms
[236.868s][info][gc,cpu         ] GC(395) User=21.39s Sys=0.00s Real=2.88s
[236.868s][info][gc,start       ] GC(396) Pause Full (Ergonomics)
[236.868s][info][gc,phases,start] GC(396) Marking Phase
[239.073s][info][gc,phases      ] GC(396) Marking Phase 2205.339ms
[239.074s][info][gc,phases,start] GC(396) Summary Phase
[239.074s][info][gc,phases      ] GC(396) Summary Phase 0.098ms
[239.074s][info][gc,phases,start] GC(396) Adjust Roots
[239.074s][info][gc,phases      ] GC(396) Adjust Roots 0.173ms
[239.074s][info][gc,phases,start] GC(396) Compaction Phase
[239.735s][info][gc,phases      ] GC(396) Compaction Phase 660.962ms
[239.735s][info][gc,phases,start] GC(396) Post Compact
[239.749s][info][gc,phases      ] GC(396) Post Compact 14.367ms
[239.749s][info][gc,heap        ] GC(396) PSYoungGen: 110591K(248832K)->110591K(249856K) Eden: 110591K(110592K)->110591K(110592K) From: 0K(138240K)->0K(139264K)
[239.749s][info][gc,heap        ] GC(396) ParOldGen: 9557387K(9557504K)->9557387K(9557504K)
[239.749s][info][gc,metaspace   ] GC(396) Metaspace: 6302K(6464K)->6302K(6464K) NonClass: 5769K(5824K)->5769K(5824K) Class: 533K(640K)->533K(640K)
[239.749s][info][gc             ] GC(396) Pause Full (Ergonomics) 9441M->9441M(9577M) 2881.268ms
[239.749s][info][gc,cpu         ] GC(396) User=21.64s Sys=0.02s Real=2.88s
[239.750s][info][gc,start       ] GC(397) Pause Full (Ergonomics)
[239.750s][info][gc,phases,start] GC(397) Marking Phase
[241.976s][info][gc,phases      ] GC(397) Marking Phase 2226.156ms
[241.976s][info][gc,phases,start] GC(397) Summary Phase
[241.976s][info][gc,phases      ] GC(397) Summary Phase 0.163ms
[241.976s][info][gc,phases,start] GC(397) Adjust Roots
[241.976s][info][gc,phases      ] GC(397) Adjust Roots 0.355ms
[241.976s][info][gc,phases,start] GC(397) Compaction Phase
[242.637s][info][gc,phases      ] GC(397) Compaction Phase 660.790ms
[242.637s][info][gc,phases,start] GC(397) Post Compact
[242.652s][info][gc,phases      ] GC(397) Post Compact 14.426ms
[242.652s][info][gc,heap        ] GC(397) PSYoungGen: 110591K(249856K)->110591K(248832K) Eden: 110591K(110592K)->110591K(110592K) From: 0K(139264K)->0K(138240K)
[242.652s][info][gc,heap        ] GC(397) ParOldGen: 9557392K(9557504K)->9557392K(9557504K)
[242.652s][info][gc,metaspace   ] GC(397) Metaspace: 6302K(6464K)->6302K(6464K) NonClass: 5769K(5824K)->5769K(5824K) Class: 533K(640K)->533K(640K)
[242.652s][info][gc             ] GC(397) Pause Full (Ergonomics) 9441M->9441M(9576M) 2902.277ms
[242.652s][info][gc,cpu         ] GC(397) User=21.59s Sys=0.00s Real=2.90s
[242.652s][info][gc,start       ] GC(398) Pause Full (Ergonomics)
[242.652s][info][gc,phases,start] GC(398) Marking Phase
[244.863s][info][gc,phases      ] GC(398) Marking Phase 2210.461ms
[244.863s][info][gc,phases,start] GC(398) Summary Phase
[244.863s][info][gc,phases      ] GC(398) Summary Phase 0.105ms
[244.863s][info][gc,phases,start] GC(398) Adjust Roots
[244.863s][info][gc,phases      ] GC(398) Adjust Roots 0.256ms
[244.863s][info][gc,phases,start] GC(398) Compaction Phase
[245.523s][info][gc,phases      ] GC(398) Compaction Phase 660.301ms
[245.523s][info][gc,phases,start] GC(398) Post Compact
[245.538s][info][gc,phases      ] GC(398) Post Compact 14.389ms
[245.538s][info][gc,heap        ] GC(398) PSYoungGen: 110591K(248832K)->110591K(249856K) Eden: 110591K(110592K)->110591K(110592K) From: 0K(138240K)->0K(139264K)
[245.538s][info][gc,heap        ] GC(398) ParOldGen: 9557397K(9557504K)->9557397K(9557504K)
[245.538s][info][gc,metaspace   ] GC(398) Metaspace: 6302K(6464K)->6302K(6464K) NonClass: 5769K(5824K)->5769K(5824K) Class: 533K(640K)->533K(640K)
[245.538s][info][gc             ] GC(398) Pause Full (Ergonomics) 9441M->9441M(9577M) 2885.843ms
[245.538s][info][gc,cpu         ] GC(398) User=21.64s Sys=0.00s Real=2.89s
[245.538s][info][gc,start       ] GC(399) Pause Full (Ergonomics)
[245.538s][info][gc,phases,start] GC(399) Marking Phase
[247.723s][info][gc,phases      ] GC(399) Marking Phase 2184.942ms
[247.723s][info][gc,phases,start] GC(399) Summary Phase
[247.723s][info][gc,phases      ] GC(399) Summary Phase 0.089ms
[247.723s][info][gc,phases,start] GC(399) Adjust Roots
[247.723s][info][gc,phases      ] GC(399) Adjust Roots 0.176ms
[247.723s][info][gc,phases,start] GC(399) Compaction Phase
[248.384s][info][gc,phases      ] GC(399) Compaction Phase 660.802ms
[248.384s][info][gc,phases,start] GC(399) Post Compact
[248.399s][info][gc,phases      ] GC(399) Post Compact 14.477ms
[248.399s][info][gc,heap        ] GC(399) PSYoungGen: 110591K(249856K)->110591K(248832K) Eden: 110591K(110592K)->110591K(110592K) From: 0K(139264K)->0K(138240K)
[248.399s][info][gc,heap        ] GC(399) ParOldGen: 9557401K(9557504K)->9557401K(9557504K)
[248.399s][info][gc,metaspace   ] GC(399) Metaspace: 6302K(6464K)->6302K(6464K) NonClass: 5769K(5824K)->5769K(5824K) Class: 533K(640K)->533K(640K)
[248.399s][info][gc             ] GC(399) Pause Full (Ergonomics) 9441M->9441M(9576M) 2860.820ms
[248.399s][info][gc,cpu         ] GC(399) User=21.52s Sys=0.00s Real=2.86s
[248.399s][info][gc,start       ] GC(400) Pause Full (Ergonomics)
[248.399s][info][gc,phases,start] GC(400) Marking Phase
[250.623s][info][gc,phases      ] GC(400) Marking Phase 2223.667ms
[250.623s][info][gc,phases,start] GC(400) Summary Phase
[250.623s][info][gc,phases      ] GC(400) Summary Phase 0.090ms
[250.623s][info][gc,phases,start] GC(400) Adjust Roots
[250.623s][info][gc,phases      ] GC(400) Adjust Roots 0.176ms
[250.623s][info][gc,phases,start] GC(400) Compaction Phase
[251.297s][info][gc,phases      ] GC(400) Compaction Phase 673.866ms
[251.297s][info][gc,phases,start] GC(400) Post Compact
[251.312s][info][gc,phases      ] GC(400) Post Compact 14.463ms
[251.312s][info][gc,heap        ] GC(400) PSYoungGen: 110591K(248832K)->110591K(249856K) Eden: 110591K(110592K)->110591K(110592K) From: 0K(138240K)->0K(139264K)
[251.312s][info][gc,heap        ] GC(400) ParOldGen: 9557406K(9557504K)->9557406K(9557504K)
[251.312s][info][gc,metaspace   ] GC(400) Metaspace: 6302K(6464K)->6302K(6464K) NonClass: 5769K(5824K)->5769K(5824K) Class: 533K(640K)->533K(640K)
[251.312s][info][gc             ] GC(400) Pause Full (Ergonomics) 9441M->9441M(9577M) 2912.633ms
[251.312s][info][gc,cpu         ] GC(400) User=21.69s Sys=0.00s Real=2.91s
[251.312s][info][gc,start       ] GC(401) Pause Full (Ergonomics)
[251.312s][info][gc,phases,start] GC(401) Marking Phase
[253.532s][info][gc,phases      ] GC(401) Marking Phase 2219.501ms
[253.532s][info][gc,phases,start] GC(401) Summary Phase
[253.532s][info][gc,phases      ] GC(401) Summary Phase 0.098ms
[253.532s][info][gc,phases,start] GC(401) Adjust Roots
[253.532s][info][gc,phases      ] GC(401) Adjust Roots 0.172ms
[253.532s][info][gc,phases,start] GC(401) Compaction Phase
[254.204s][info][gc,phases      ] GC(401) Compaction Phase 671.860ms
[254.204s][info][gc,phases,start] GC(401) Post Compact
[254.218s][info][gc,phases      ] GC(401) Post Compact 14.341ms
[254.218s][info][gc,heap        ] GC(401) PSYoungGen: 110591K(249856K)->110591K(248832K) Eden: 110591K(110592K)->110591K(110592K) From: 0K(139264K)->0K(138240K)
[254.218s][info][gc,heap        ] GC(401) ParOldGen: 9557411K(9557504K)->9557411K(9557504K)
[254.218s][info][gc,metaspace   ] GC(401) Metaspace: 6302K(6464K)->6302K(6464K) NonClass: 5769K(5824K)->5769K(5824K) Class: 533K(640K)->533K(640K)
[254.218s][info][gc             ] GC(401) Pause Full (Ergonomics) 9441M->9441M(9576M) 2906.317ms
[254.218s][info][gc,cpu         ] GC(401) User=21.84s Sys=0.00s Real=2.91s
[254.219s][info][gc,start       ] GC(402) Pause Full (Ergonomics)
[254.219s][info][gc,phases,start] GC(402) Marking Phase
[256.375s][info][gc,phases      ] GC(402) Marking Phase 2156.302ms
[256.375s][info][gc,phases,start] GC(402) Summary Phase
[256.375s][info][gc,phases      ] GC(402) Summary Phase 0.090ms
[256.375s][info][gc,phases,start] GC(402) Adjust Roots
[256.375s][info][gc,phases      ] GC(402) Adjust Roots 0.170ms
[256.375s][info][gc,phases,start] GC(402) Compaction Phase
[257.052s][info][gc,phases      ] GC(402) Compaction Phase 676.513ms
[257.052s][info][gc,phases,start] GC(402) Post Compact
[257.066s][info][gc,phases      ] GC(402) Post Compact 14.508ms
[257.066s][info][gc,heap        ] GC(402) PSYoungGen: 110591K(248832K)->110591K(249856K) Eden: 110591K(110592K)->110591K(110592K) From: 0K(138240K)->0K(139264K)
[257.066s][info][gc,heap        ] GC(402) ParOldGen: 9557416K(9557504K)->9557416K(9557504K)
[257.067s][info][gc,metaspace   ] GC(402) Metaspace: 6302K(6464K)->6302K(6464K) NonClass: 5769K(5824K)->5769K(5824K) Class: 533K(640K)->533K(640K)
[257.067s][info][gc             ] GC(402) Pause Full (Ergonomics) 9441M->9441M(9577M) 2847.923ms
[257.067s][info][gc,cpu         ] GC(402) User=21.22s Sys=0.05s Real=2.85s
[257.067s][info][gc,start       ] GC(403) Pause Full (Ergonomics)
[257.067s][info][gc,phases,start] GC(403) Marking Phase
[259.266s][info][gc,phases      ] GC(403) Marking Phase 2199.674ms
[259.267s][info][gc,phases,start] GC(403) Summary Phase
[259.267s][info][gc,phases      ] GC(403) Summary Phase 0.089ms
[259.267s][info][gc,phases,start] GC(403) Adjust Roots
[259.267s][info][gc,phases      ] GC(403) Adjust Roots 0.173ms
[259.267s][info][gc,phases,start] GC(403) Compaction Phase
[259.954s][info][gc,phases      ] GC(403) Compaction Phase 687.589ms
[259.954s][info][gc,phases,start] GC(403) Post Compact
[259.969s][info][gc,phases      ] GC(403) Post Compact 14.418ms
[259.969s][info][gc,heap        ] GC(403) PSYoungGen: 110591K(249856K)->110591K(248832K) Eden: 110591K(110592K)->110591K(110592K) From: 0K(139264K)->0K(138240K)
[259.969s][info][gc,heap        ] GC(403) ParOldGen: 9557421K(9557504K)->9557421K(9557504K)
[259.969s][info][gc,metaspace   ] GC(403) Metaspace: 6302K(6464K)->6302K(6464K) NonClass: 5769K(5824K)->5769K(5824K) Class: 533K(640K)->533K(640K)
[259.969s][info][gc             ] GC(403) Pause Full (Ergonomics) 9441M->9441M(9576M) 2902.285ms
[259.969s][info][gc,cpu         ] GC(403) User=21.62s Sys=0.00s Real=2.90s
[259.969s][info][gc,start       ] GC(404) Pause Full (Ergonomics)
[259.969s][info][gc,phases,start] GC(404) Marking Phase
[262.183s][info][gc,phases      ] GC(404) Marking Phase 2213.629ms
[262.183s][info][gc,phases,start] GC(404) Summary Phase
[262.183s][info][gc,phases      ] GC(404) Summary Phase 0.105ms
[262.183s][info][gc,phases,start] GC(404) Adjust Roots
[262.183s][info][gc,phases      ] GC(404) Adjust Roots 0.215ms
[262.183s][info][gc,phases,start] GC(404) Compaction Phase
[262.849s][info][gc,phases      ] GC(404) Compaction Phase 665.508ms
[262.849s][info][gc,phases,start] GC(404) Post Compact
[262.863s][info][gc,phases      ] GC(404) Post Compact 14.448ms
[262.864s][info][gc,heap        ] GC(404) PSYoungGen: 110591K(248832K)->110591K(249856K) Eden: 110591K(110592K)->110591K(110592K) From: 0K(138240K)->0K(139264K)
[262.864s][info][gc,heap        ] GC(404) ParOldGen: 9557426K(9557504K)->9557426K(9557504K)
[262.864s][info][gc,metaspace   ] GC(404) Metaspace: 6302K(6464K)->6302K(6464K) NonClass: 5769K(5824K)->5769K(5824K) Class: 533K(640K)->533K(640K)
[262.864s][info][gc             ] GC(404) Pause Full (Ergonomics) 9441M->9441M(9577M) 2894.228ms
[262.864s][info][gc,cpu         ] GC(404) User=21.45s Sys=0.00s Real=2.89s
[262.864s][info][gc,start       ] GC(405) Pause Full (Ergonomics)
[262.864s][info][gc,phases,start] GC(405) Marking Phase
[265.109s][info][gc,phases      ] GC(405) Marking Phase 2245.350ms
[265.109s][info][gc,phases,start] GC(405) Summary Phase
[265.109s][info][gc,phases      ] GC(405) Summary Phase 0.115ms
[265.109s][info][gc,phases,start] GC(405) Adjust Roots
[265.110s][info][gc,phases      ] GC(405) Adjust Roots 0.228ms
[265.110s][info][gc,phases,start] GC(405) Compaction Phase
[265.772s][info][gc,phases      ] GC(405) Compaction Phase 662.251ms
[265.772s][info][gc,phases,start] GC(405) Post Compact
[265.789s][info][gc,phases      ] GC(405) Post Compact 17.480ms
[265.790s][info][gc,heap        ] GC(405) PSYoungGen: 110591K(249856K)->110591K(248832K) Eden: 110591K(110592K)->110591K(110592K) From: 0K(139264K)->0K(138240K)
[265.790s][info][gc,heap        ] GC(405) ParOldGen: 9557430K(9557504K)->9557430K(9557504K)
[265.790s][info][gc,metaspace   ] GC(405) Metaspace: 6302K(6464K)->6302K(6464K) NonClass: 5769K(5824K)->5769K(5824K) Class: 533K(640K)->533K(640K)
[265.790s][info][gc             ] GC(405) Pause Full (Ergonomics) 9441M->9441M(9576M) 2925.796ms
[265.790s][info][gc,cpu         ] GC(405) User=21.97s Sys=0.00s Real=2.93s
[265.790s][info][gc,start       ] GC(406) Pause Full (Ergonomics)
[265.790s][info][gc,phases,start] GC(406) Marking Phase
[267.978s][info][gc,phases      ] GC(406) Marking Phase 2188.007ms
[267.978s][info][gc,phases,start] GC(406) Summary Phase
[267.978s][info][gc,phases      ] GC(406) Summary Phase 0.105ms
[267.978s][info][gc,phases,start] GC(406) Adjust Roots
[267.978s][info][gc,phases      ] GC(406) Adjust Roots 0.233ms
[267.978s][info][gc,phases,start] GC(406) Compaction Phase
[268.649s][info][gc,phases      ] GC(406) Compaction Phase 670.442ms
[268.649s][info][gc,phases,start] GC(406) Post Compact
[268.664s][info][gc,phases      ] GC(406) Post Compact 15.432ms
[268.664s][info][gc,heap        ] GC(406) PSYoungGen: 110591K(248832K)->110591K(249856K) Eden: 110591K(110592K)->110591K(110592K) From: 0K(138240K)->0K(139264K)
[268.664s][info][gc,heap        ] GC(406) ParOldGen: 9557435K(9557504K)->9557435K(9557504K)
[268.664s][info][gc,metaspace   ] GC(406) Metaspace: 6302K(6464K)->6302K(6464K) NonClass: 5769K(5824K)->5769K(5824K) Class: 533K(640K)->533K(640K)
[268.664s][info][gc             ] GC(406) Pause Full (Ergonomics) 9441M->9441M(9577M) 2874.569ms
[268.664s][info][gc,cpu         ] GC(406) User=21.59s Sys=0.02s Real=2.88s
[268.665s][info][gc,start       ] GC(407) Pause Full (Ergonomics)
[268.665s][info][gc,phases,start] GC(407) Marking Phase
[270.891s][info][gc,phases      ] GC(407) Marking Phase 2226.227ms
[270.891s][info][gc,phases,start] GC(407) Summary Phase
[270.891s][info][gc,phases      ] GC(407) Summary Phase 0.168ms
[270.891s][info][gc,phases,start] GC(407) Adjust Roots
[270.891s][info][gc,phases      ] GC(407) Adjust Roots 0.217ms
[270.891s][info][gc,phases,start] GC(407) Compaction Phase
[271.570s][info][gc,phases      ] GC(407) Compaction Phase 678.975ms
[271.570s][info][gc,phases,start] GC(407) Post Compact
[271.585s][info][gc,phases      ] GC(407) Post Compact 14.345ms
[271.585s][info][gc,heap        ] GC(407) PSYoungGen: 110591K(249856K)->110591K(248832K) Eden: 110591K(110592K)->110591K(110592K) From: 0K(139264K)->0K(138240K)
[271.585s][info][gc,heap        ] GC(407) ParOldGen: 9557440K(9557504K)->9557440K(9557504K)
[271.585s][info][gc,metaspace   ] GC(407) Metaspace: 6302K(6464K)->6302K(6464K) NonClass: 5769K(5824K)->5769K(5824K) Class: 533K(640K)->533K(640K)
[271.585s][info][gc             ] GC(407) Pause Full (Ergonomics) 9441M->9441M(9576M) 2920.277ms
[271.585s][info][gc,cpu         ] GC(407) User=21.73s Sys=0.00s Real=2.92s
[271.585s][info][gc,start       ] GC(408) Pause Full (Ergonomics)
[271.585s][info][gc,phases,start] GC(408) Marking Phase
[273.796s][info][gc,phases      ] GC(408) Marking Phase 2210.514ms
[273.796s][info][gc,phases,start] GC(408) Summary Phase
[273.796s][info][gc,phases      ] GC(408) Summary Phase 0.092ms
[273.796s][info][gc,phases,start] GC(408) Adjust Roots
[273.796s][info][gc,phases      ] GC(408) Adjust Roots 0.177ms
[273.796s][info][gc,phases,start] GC(408) Compaction Phase
[274.469s][info][gc,phases      ] GC(408) Compaction Phase 673.139ms
[274.469s][info][gc,phases,start] GC(408) Post Compact
[274.484s][info][gc,phases      ] GC(408) Post Compact 14.351ms
[274.484s][info][gc,heap        ] GC(408) PSYoungGen: 110591K(248832K)->110591K(249856K) Eden: 110591K(110592K)->110591K(110592K) From: 0K(138240K)->0K(139264K)
[274.484s][info][gc,heap        ] GC(408) ParOldGen: 9557445K(9557504K)->9557445K(9557504K)
[274.484s][info][gc,metaspace   ] GC(408) Metaspace: 6302K(6464K)->6302K(6464K) NonClass: 5769K(5824K)->5769K(5824K) Class: 533K(640K)->533K(640K)
[274.484s][info][gc             ] GC(408) Pause Full (Ergonomics) 9441M->9441M(9577M) 2898.611ms
[274.484s][info][gc,cpu         ] GC(408) User=21.72s Sys=0.00s Real=2.90s
[274.484s][info][gc,start       ] GC(409) Pause Full (Ergonomics)
[274.484s][info][gc,phases,start] GC(409) Marking Phase
[276.690s][info][gc,phases      ] GC(409) Marking Phase 2206.144ms
[276.690s][info][gc,phases,start] GC(409) Summary Phase
[276.690s][info][gc,phases      ] GC(409) Summary Phase 0.094ms
[276.690s][info][gc,phases,start] GC(409) Adjust Roots
[276.691s][info][gc,phases      ] GC(409) Adjust Roots 0.211ms
[276.691s][info][gc,phases,start] GC(409) Compaction Phase
[277.364s][info][gc,phases      ] GC(409) Compaction Phase 673.516ms
[277.364s][info][gc,phases,start] GC(409) Post Compact
[277.379s][info][gc,phases      ] GC(409) Post Compact 14.409ms
[277.379s][info][gc,heap        ] GC(409) PSYoungGen: 110591K(249856K)->110591K(248832K) Eden: 110591K(110592K)->110591K(110592K) From: 0K(139264K)->0K(138240K)
[277.379s][info][gc,heap        ] GC(409) ParOldGen: 9557450K(9557504K)->9557450K(9557504K)
[277.379s][info][gc,metaspace   ] GC(409) Metaspace: 6302K(6464K)->6302K(6464K) NonClass: 5769K(5824K)->5769K(5824K) Class: 533K(640K)->533K(640K)
[277.379s][info][gc             ] GC(409) Pause Full (Ergonomics) 9441M->9441M(9576M) 2894.721ms
[277.379s][info][gc,cpu         ] GC(409) User=21.52s Sys=0.00s Real=2.89s
[277.379s][info][gc,start       ] GC(410) Pause Full (Ergonomics)
[277.379s][info][gc,phases,start] GC(410) Marking Phase
[279.625s][info][gc,phases      ] GC(410) Marking Phase 2245.865ms
[279.625s][info][gc,phases,start] GC(410) Summary Phase
[279.625s][info][gc,phases      ] GC(410) Summary Phase 0.179ms
[279.625s][info][gc,phases,start] GC(410) Adjust Roots
[279.626s][info][gc,phases      ] GC(410) Adjust Roots 0.342ms
[279.626s][info][gc,phases,start] GC(410) Compaction Phase
[280.289s][info][gc,phases      ] GC(410) Compaction Phase 663.625ms
[280.289s][info][gc,phases,start] GC(410) Post Compact
[280.304s][info][gc,phases      ] GC(410) Post Compact 14.549ms
[280.304s][info][gc,heap        ] GC(410) PSYoungGen: 110591K(248832K)->110591K(249856K) Eden: 110591K(110592K)->110591K(110592K) From: 0K(138240K)->0K(139264K)
[280.304s][info][gc,heap        ] GC(410) ParOldGen: 9557455K(9557504K)->9557455K(9557504K)
[280.304s][info][gc,metaspace   ] GC(410) Metaspace: 6302K(6464K)->6302K(6464K) NonClass: 5769K(5824K)->5769K(5824K) Class: 533K(640K)->533K(640K)
[280.304s][info][gc             ] GC(410) Pause Full (Ergonomics) 9441M->9441M(9577M) 2925.111ms
[280.304s][info][gc,cpu         ] GC(410) User=21.97s Sys=0.00s Real=2.93s
[280.304s][info][gc,start       ] GC(411) Pause Full (Ergonomics)
[280.304s][info][gc,phases,start] GC(411) Marking Phase
[282.545s][info][gc,phases      ] GC(411) Marking Phase 2240.969ms
[282.545s][info][gc,phases,start] GC(411) Summary Phase
[282.545s][info][gc,phases      ] GC(411) Summary Phase 0.092ms
[282.545s][info][gc,phases,start] GC(411) Adjust Roots
[282.546s][info][gc,phases      ] GC(411) Adjust Roots 0.209ms
[282.546s][info][gc,phases,start] GC(411) Compaction Phase
[283.206s][info][gc,phases      ] GC(411) Compaction Phase 660.743ms
[283.206s][info][gc,phases,start] GC(411) Post Compact
[283.221s][info][gc,phases      ] GC(411) Post Compact 14.454ms
[283.221s][info][gc,heap        ] GC(411) PSYoungGen: 110591K(249856K)->110591K(248832K) Eden: 110591K(110592K)->110591K(110592K) From: 0K(139264K)->0K(138240K)
[283.221s][info][gc,heap        ] GC(411) ParOldGen: 9557459K(9557504K)->9557459K(9557504K)
[283.221s][info][gc,metaspace   ] GC(411) Metaspace: 6302K(6464K)->6302K(6464K) NonClass: 5769K(5824K)->5769K(5824K) Class: 533K(640K)->533K(640K)
[283.221s][info][gc             ] GC(411) Pause Full (Ergonomics) 9441M->9441M(9576M) 2916.784ms
[283.221s][info][gc,cpu         ] GC(411) User=21.88s Sys=0.02s Real=2.92s
[283.221s][info][gc,start       ] GC(412) Pause Full (Ergonomics)
[283.221s][info][gc,phases,start] GC(412) Marking Phase
[285.466s][info][gc,phases      ] GC(412) Marking Phase 2244.321ms
[285.466s][info][gc,phases,start] GC(412) Summary Phase
[285.466s][info][gc,phases      ] GC(412) Summary Phase 0.090ms
[285.466s][info][gc,phases,start] GC(412) Adjust Roots
[285.466s][info][gc,phases      ] GC(412) Adjust Roots 0.177ms
[285.466s][info][gc,phases,start] GC(412) Compaction Phase
[286.131s][info][gc,phases      ] GC(412) Compaction Phase 664.689ms
[286.131s][info][gc,phases,start] GC(412) Post Compact
[286.145s][info][gc,phases      ] GC(412) Post Compact 14.443ms
[286.145s][info][gc,heap        ] GC(412) PSYoungGen: 110591K(248832K)->110591K(249856K) Eden: 110591K(110592K)->110591K(110592K) From: 0K(138240K)->0K(139264K)
[286.145s][info][gc,heap        ] GC(412) ParOldGen: 9557464K(9557504K)->9557464K(9557504K)
[286.145s][info][gc,metaspace   ] GC(412) Metaspace: 6302K(6464K)->6302K(6464K) NonClass: 5769K(5824K)->5769K(5824K) Class: 533K(640K)->533K(640K)
[286.145s][info][gc             ] GC(412) Pause Full (Ergonomics) 9441M->9441M(9577M) 2924.069ms
[286.145s][info][gc,cpu         ] GC(412) User=21.94s Sys=0.02s Real=2.92s
[286.146s][info][gc,start       ] GC(413) Pause Full (Ergonomics)
[286.146s][info][gc,phases,start] GC(413) Marking Phase
[288.371s][info][gc,phases      ] GC(413) Marking Phase 2225.601ms
[288.371s][info][gc,phases,start] GC(413) Summary Phase
[288.371s][info][gc,phases      ] GC(413) Summary Phase 0.110ms
[288.371s][info][gc,phases,start] GC(413) Adjust Roots
[288.372s][info][gc,phases      ] GC(413) Adjust Roots 0.573ms
[288.372s][info][gc,phases,start] GC(413) Compaction Phase
[289.039s][info][gc,phases      ] GC(413) Compaction Phase 667.199ms
[289.039s][info][gc,phases,start] GC(413) Post Compact
[289.054s][info][gc,phases      ] GC(413) Post Compact 14.389ms
[289.054s][info][gc,heap        ] GC(413) PSYoungGen: 110591K(249856K)->110591K(248832K) Eden: 110591K(110592K)->110591K(110592K) From: 0K(139264K)->0K(138240K)
[289.054s][info][gc,heap        ] GC(413) ParOldGen: 9557469K(9557504K)->9557469K(9557504K)
[289.054s][info][gc,metaspace   ] GC(413) Metaspace: 6302K(6464K)->6302K(6464K) NonClass: 5769K(5824K)->5769K(5824K) Class: 533K(640K)->533K(640K)
[289.054s][info][gc             ] GC(413) Pause Full (Ergonomics) 9441M->9441M(9576M) 2908.354ms
[289.054s][info][gc,cpu         ] GC(413) User=21.52s Sys=0.03s Real=2.91s
[289.054s][info][gc,start       ] GC(414) Pause Full (Ergonomics)
[289.054s][info][gc,phases,start] GC(414) Marking Phase
[291.255s][info][gc,phases      ] GC(414) Marking Phase 2201.285ms
[291.255s][info][gc,phases,start] GC(414) Summary Phase
[291.256s][info][gc,phases      ] GC(414) Summary Phase 0.095ms
[291.256s][info][gc,phases,start] GC(414) Adjust Roots
[291.256s][info][gc,phases      ] GC(414) Adjust Roots 0.200ms
[291.256s][info][gc,phases,start] GC(414) Compaction Phase
[291.924s][info][gc,phases      ] GC(414) Compaction Phase 668.605ms
[291.925s][info][gc,phases,start] GC(414) Post Compact
[291.939s][info][gc,phases      ] GC(414) Post Compact 14.334ms
[291.939s][info][gc,heap        ] GC(414) PSYoungGen: 110591K(248832K)->110591K(249856K) Eden: 110591K(110592K)->110591K(110592K) From: 0K(138240K)->0K(139264K)
[291.939s][info][gc,heap        ] GC(414) ParOldGen: 9557474K(9557504K)->9557474K(9557504K)
[291.939s][info][gc,metaspace   ] GC(414) Metaspace: 6302K(6464K)->6302K(6464K) NonClass: 5769K(5824K)->5769K(5824K) Class: 533K(640K)->533K(640K)
[291.939s][info][gc             ] GC(414) Pause Full (Ergonomics) 9441M->9441M(9577M) 2884.859ms
[291.939s][info][gc,cpu         ] GC(414) User=21.59s Sys=0.00s Real=2.88s
[291.939s][info][gc,start       ] GC(415) Pause Full (Ergonomics)
[291.939s][info][gc,phases,start] GC(415) Marking Phase
[294.152s][info][gc,phases      ] GC(415) Marking Phase 2212.803ms
[294.152s][info][gc,phases,start] GC(415) Summary Phase
[294.152s][info][gc,phases      ] GC(415) Summary Phase 0.099ms
[294.152s][info][gc,phases,start] GC(415) Adjust Roots
[294.152s][info][gc,phases      ] GC(415) Adjust Roots 0.259ms
[294.153s][info][gc,phases,start] GC(415) Compaction Phase
[294.815s][info][gc,phases      ] GC(415) Compaction Phase 662.199ms
[294.815s][info][gc,phases,start] GC(415) Post Compact
[294.829s][info][gc,phases      ] GC(415) Post Compact 14.456ms
[294.829s][info][gc,heap        ] GC(415) PSYoungGen: 110591K(249856K)->110591K(248832K) Eden: 110591K(110592K)->110591K(110592K) From: 0K(139264K)->0K(138240K)
[294.829s][info][gc,heap        ] GC(415) ParOldGen: 9557479K(9557504K)->9557479K(9557504K)
[294.829s][info][gc,metaspace   ] GC(415) Metaspace: 6302K(6464K)->6302K(6464K) NonClass: 5769K(5824K)->5769K(5824K) Class: 533K(640K)->533K(640K)
[294.829s][info][gc             ] GC(415) Pause Full (Ergonomics) 9441M->9441M(9576M) 2890.200ms
[294.829s][info][gc,cpu         ] GC(415) User=21.55s Sys=0.02s Real=2.89s
[294.830s][info][gc,start       ] GC(416) Pause Full (Ergonomics)
[294.830s][info][gc,phases,start] GC(416) Marking Phase
[297.055s][info][gc,phases      ] GC(416) Marking Phase 2224.909ms
[297.055s][info][gc,phases,start] GC(416) Summary Phase
[297.055s][info][gc,phases      ] GC(416) Summary Phase 0.096ms
[297.055s][info][gc,phases,start] GC(416) Adjust Roots
[297.055s][info][gc,phases      ] GC(416) Adjust Roots 0.189ms
[297.055s][info][gc,phases,start] GC(416) Compaction Phase
[297.723s][info][gc,phases      ] GC(416) Compaction Phase 668.216ms
[297.723s][info][gc,phases,start] GC(416) Post Compact
[297.738s][info][gc,phases      ] GC(416) Post Compact 14.417ms
[297.738s][info][gc,heap        ] GC(416) PSYoungGen: 110591K(248832K)->110591K(249856K) Eden: 110591K(110592K)->110591K(110592K) From: 0K(138240K)->0K(139264K)
[297.738s][info][gc,heap        ] GC(416) ParOldGen: 9557484K(9557504K)->9557484K(9557504K)
[297.738s][info][gc,metaspace   ] GC(416) Metaspace: 6302K(6464K)->6302K(6464K) NonClass: 5769K(5824K)->5769K(5824K) Class: 533K(640K)->533K(640K)
[297.738s][info][gc             ] GC(416) Pause Full (Ergonomics) 9441M->9441M(9577M) 2908.184ms
[297.738s][info][gc,cpu         ] GC(416) User=21.77s Sys=0.00s Real=2.91s
[297.738s][info][gc,start       ] GC(417) Pause Full (Ergonomics)
[297.738s][info][gc,phases,start] GC(417) Marking Phase
[299.948s][info][gc,phases      ] GC(417) Marking Phase 2209.445ms
[299.948s][info][gc,phases,start] GC(417) Summary Phase
[299.948s][info][gc,phases      ] GC(417) Summary Phase 0.090ms
[299.948s][info][gc,phases,start] GC(417) Adjust Roots
[299.948s][info][gc,phases      ] GC(417) Adjust Roots 0.171ms
[299.948s][info][gc,phases,start] GC(417) Compaction Phase
[300.619s][info][gc,phases      ] GC(417) Compaction Phase 671.433ms
[300.619s][info][gc,phases,start] GC(417) Post Compact
[300.634s][info][gc,phases      ] GC(417) Post Compact 14.383ms
[300.634s][info][gc,heap        ] GC(417) PSYoungGen: 110591K(249856K)->110591K(248832K) Eden: 110591K(110592K)->110591K(110592K) From: 0K(139264K)->0K(138240K)
[300.634s][info][gc,heap        ] GC(417) ParOldGen: 9557488K(9557504K)->9557488K(9557504K)
[300.634s][info][gc,metaspace   ] GC(417) Metaspace: 6302K(6464K)->6302K(6464K) NonClass: 5769K(5824K)->5769K(5824K) Class: 533K(640K)->533K(640K)
[300.634s][info][gc             ] GC(417) Pause Full (Ergonomics) 9441M->9441M(9576M) 2895.840ms
[300.634s][info][gc,cpu         ] GC(417) User=21.70s Sys=0.02s Real=2.90s
[300.634s][info][gc,start       ] GC(418) Pause Full (Ergonomics)
[300.634s][info][gc,phases,start] GC(418) Marking Phase
[302.842s][info][gc,phases      ] GC(418) Marking Phase 2207.888ms
[302.842s][info][gc,phases,start] GC(418) Summary Phase
[302.842s][info][gc,phases      ] GC(418) Summary Phase 0.090ms
[302.842s][info][gc,phases,start] GC(418) Adjust Roots
[302.842s][info][gc,phases      ] GC(418) Adjust Roots 0.177ms
[302.842s][info][gc,phases,start] GC(418) Compaction Phase
[303.507s][info][gc,phases      ] GC(418) Compaction Phase 664.138ms
[303.507s][info][gc,phases,start] GC(418) Post Compact
[303.521s][info][gc,phases      ] GC(418) Post Compact 14.421ms
[303.521s][info][gc,heap        ] GC(418) PSYoungGen: 110591K(248832K)->110591K(249856K) Eden: 110591K(110592K)->110591K(110592K) From: 0K(138240K)->0K(139264K)
[303.521s][info][gc,heap        ] GC(418) ParOldGen: 9557493K(9557504K)->9557493K(9557504K)
[303.521s][info][gc,metaspace   ] GC(418) Metaspace: 6302K(6464K)->6302K(6464K) NonClass: 5769K(5824K)->5769K(5824K) Class: 533K(640K)->533K(640K)
[303.521s][info][gc             ] GC(418) Pause Full (Ergonomics) 9441M->9441M(9577M) 2887.068ms
[303.521s][info][gc,cpu         ] GC(418) User=21.66s Sys=0.00s Real=2.89s
[303.521s][info][gc,start       ] GC(419) Pause Full (Ergonomics)
[303.521s][info][gc,phases,start] GC(419) Marking Phase
[305.780s][info][gc,phases      ] GC(419) Marking Phase 2258.846ms
[305.780s][info][gc,phases,start] GC(419) Summary Phase
[305.780s][info][gc,phases      ] GC(419) Summary Phase 0.091ms
[305.780s][info][gc,phases,start] GC(419) Adjust Roots
[305.781s][info][gc,phases      ] GC(419) Adjust Roots 0.183ms
[305.781s][info][gc,phases,start] GC(419) Compaction Phase
[306.463s][info][gc,phases      ] GC(419) Compaction Phase 681.883ms
[306.463s][info][gc,phases,start] GC(419) Post Compact
[306.477s][info][gc,phases      ] GC(419) Post Compact 14.525ms
[306.477s][info][gc,heap        ] GC(419) PSYoungGen: 110591K(249856K)->110591K(248832K) Eden: 110591K(110592K)->110591K(110592K) From: 0K(139264K)->0K(138240K)
[306.477s][info][gc,heap        ] GC(419) ParOldGen: 9557498K(9557504K)->9557498K(9557504K)
[306.477s][info][gc,metaspace   ] GC(419) Metaspace: 6302K(6464K)->6302K(6464K) NonClass: 5769K(5824K)->5769K(5824K) Class: 533K(640K)->533K(640K)
[306.477s][info][gc             ] GC(419) Pause Full (Ergonomics) 9441M->9441M(9576M) 2955.864ms
[306.477s][info][gc,cpu         ] GC(419) User=21.78s Sys=0.00s Real=2.96s
[306.477s][info][gc,start       ] GC(420) Pause Full (Ergonomics)
[306.477s][info][gc,phases,start] GC(420) Marking Phase
[308.744s][info][gc,phases      ] GC(420) Marking Phase 2266.666ms
[308.744s][info][gc,phases,start] GC(420) Summary Phase
[308.744s][info][gc,phases      ] GC(420) Summary Phase 0.100ms
[308.744s][info][gc,phases,start] GC(420) Adjust Roots
[308.745s][info][gc,phases      ] GC(420) Adjust Roots 0.196ms
[308.745s][info][gc,phases,start] GC(420) Compaction Phase
[309.432s][info][gc,phases      ] GC(420) Compaction Phase 687.451ms
[309.432s][info][gc,phases,start] GC(420) Post Compact
[309.447s][info][gc,phases      ] GC(420) Post Compact 15.051ms
[309.447s][info][gc,heap        ] GC(420) PSYoungGen: 110591K(248832K)->110591K(249856K) Eden: 110591K(110592K)->110591K(110592K) From: 0K(138240K)->0K(139264K)
[309.447s][info][gc,heap        ] GC(420) ParOldGen: 9557503K(9557504K)->9557503K(9557504K)
[309.447s][info][gc,metaspace   ] GC(420) Metaspace: 6302K(6464K)->6302K(6464K) NonClass: 5769K(5824K)->5769K(5824K) Class: 533K(640K)->533K(640K)
[309.447s][info][gc             ] GC(420) Pause Full (Ergonomics) 9441M->9441M(9577M) 2969.838ms
[309.447s][info][gc,cpu         ] GC(420) User=21.33s Sys=0.00s Real=2.97s
[309.447s][info][gc,start       ] GC(421) Pause Full (Ergonomics)
[309.448s][info][gc,phases,start] GC(421) Marking Phase
[311.712s][info][gc,phases      ] GC(421) Marking Phase 2264.694ms
[311.712s][info][gc,phases,start] GC(421) Summary Phase
[311.712s][info][gc,phases      ] GC(421) Summary Phase 0.098ms
[311.712s][info][gc,phases,start] GC(421) Adjust Roots
[311.713s][info][gc,phases      ] GC(421) Adjust Roots 0.204ms
[311.713s][info][gc,phases,start] GC(421) Compaction Phase
[312.406s][info][gc,phases      ] GC(421) Compaction Phase 693.250ms
[312.406s][info][gc,phases,start] GC(421) Post Compact
[312.422s][info][gc,phases      ] GC(421) Post Compact 15.709ms
[312.422s][info][gc,heap        ] GC(421) PSYoungGen: 110591K(249856K)->110591K(248832K) Eden: 110591K(110592K)->110591K(110592K) From: 0K(139264K)->0K(138240K)
[312.422s][info][gc,heap        ] GC(421) ParOldGen: 9557503K(9557504K)->9557503K(9557504K)
[312.422s][info][gc,metaspace   ] GC(421) Metaspace: 6302K(6464K)->6302K(6464K) NonClass: 5769K(5824K)->5769K(5824K) Class: 533K(640K)->533K(640K)
[312.422s][info][gc             ] GC(421) Pause Full (Ergonomics) 9441M->9441M(9576M) 2974.344ms
[312.422s][info][gc,cpu         ] GC(421) User=21.39s Sys=0.02s Real=2.97s
[312.422s][info][gc,start       ] GC(422) Pause Full (Allocation Failure)
[312.422s][info][gc,phases,start] GC(422) Marking Phase
[314.796s][info][gc,phases      ] GC(422) Marking Phase 2373.839ms
[314.796s][info][gc,phases,start] GC(422) Summary Phase
[314.796s][info][gc,phases      ] GC(422) Summary Phase 0.092ms
[314.796s][info][gc,phases,start] GC(422) Adjust Roots
[314.796s][info][gc,phases      ] GC(422) Adjust Roots 0.389ms
[314.796s][info][gc,phases,start] GC(422) Compaction Phase
[317.182s][info][gc,phases      ] GC(422) Compaction Phase 2385.791ms
[317.182s][info][gc,phases,start] GC(422) Post Compact
[317.197s][info][gc,phases      ] GC(422) Post Compact 14.436ms
[317.197s][info][gc,heap        ] GC(422) PSYoungGen: 110591K(248832K)->110591K(249856K) Eden: 110591K(110592K)->110591K(110592K) From: 0K(138240K)->0K(139264K)
[317.197s][info][gc,heap        ] GC(422) ParOldGen: 9557503K(9557504K)->9557499K(9557504K)
[317.197s][info][gc,metaspace   ] GC(422) Metaspace: 6302K(6464K)->6300K(6464K) NonClass: 5769K(5824K)->5767K(5824K) Class: 533K(640K)->532K(640K)
[317.197s][info][gc             ] GC(422) Pause Full (Allocation Failure) 9441M->9441M(9577M) 4774.881ms
[317.197s][info][gc,cpu         ] GC(422) User=33.11s Sys=0.00s Real=4.77s
[317.197s][info][gc,start       ] GC(423) Pause Full (Ergonomics)
[317.197s][info][gc,phases,start] GC(423) Marking Phase
[319.390s][info][gc,phases      ] GC(423) Marking Phase 2193.148ms
[319.390s][info][gc,phases,start] GC(423) Summary Phase
[319.391s][info][gc,phases      ] GC(423) Summary Phase 0.095ms
[319.391s][info][gc,phases,start] GC(423) Adjust Roots
[319.391s][info][gc,phases      ] GC(423) Adjust Roots 0.172ms
[319.391s][info][gc,phases,start] GC(423) Compaction Phase
[320.055s][info][gc,phases      ] GC(423) Compaction Phase 664.763ms
[320.056s][info][gc,phases,start] GC(423) Post Compact
[320.070s][info][gc,phases      ] GC(423) Post Compact 14.449ms
[320.070s][info][gc,heap        ] GC(423) PSYoungGen: 110591K(249856K)->110591K(248832K) Eden: 110591K(110592K)->110591K(110592K) From: 0K(139264K)->0K(138240K)
[320.070s][info][gc,heap        ] GC(423) ParOldGen: 9557503K(9557504K)->9557503K(9557504K)
[320.070s][info][gc,metaspace   ] GC(423) Metaspace: 6300K(6464K)->6300K(6464K) NonClass: 5767K(5824K)->5767K(5824K) Class: 532K(640K)->532K(640K)
[320.070s][info][gc             ] GC(423) Pause Full (Ergonomics) 9441M->9441M(9576M) 2872.961ms
[320.070s][info][gc,cpu         ] GC(423) User=21.41s Sys=0.00s Real=2.87s
[320.071s][info][gc,start       ] GC(424) Pause Full (Ergonomics)
[320.071s][info][gc,phases,start] GC(424) Marking Phase
[322.293s][info][gc,phases      ] GC(424) Marking Phase 2222.533ms
[322.293s][info][gc,phases,start] GC(424) Summary Phase
[322.293s][info][gc,phases      ] GC(424) Summary Phase 0.104ms
[322.293s][info][gc,phases,start] GC(424) Adjust Roots
[322.293s][info][gc,phases      ] GC(424) Adjust Roots 0.192ms
[322.293s][info][gc,phases,start] GC(424) Compaction Phase
[322.957s][info][gc,phases      ] GC(424) Compaction Phase 663.044ms
[322.957s][info][gc,phases,start] GC(424) Post Compact
[322.971s][info][gc,phases      ] GC(424) Post Compact 14.422ms
[322.971s][info][gc,heap        ] GC(424) PSYoungGen: 110591K(248832K)->110591K(249856K) Eden: 110591K(110592K)->110591K(110592K) From: 0K(138240K)->0K(139264K)
[322.971s][info][gc,heap        ] GC(424) ParOldGen: 9557503K(9557504K)->9557503K(9557504K)
[322.971s][info][gc,metaspace   ] GC(424) Metaspace: 6300K(6464K)->6300K(6464K) NonClass: 5767K(5824K)->5767K(5824K) Class: 532K(640K)->532K(640K)
[322.971s][info][gc             ] GC(424) Pause Full (Ergonomics) 9441M->9441M(9577M) 2900.644ms
[322.971s][info][gc,cpu         ] GC(424) User=21.61s Sys=0.02s Real=2.90s
[322.971s][info][gc,start       ] GC(425) Pause Full (Allocation Failure)
[322.971s][info][gc,phases,start] GC(425) Marking Phase
[325.206s][info][gc,phases      ] GC(425) Marking Phase 2234.572ms
[325.206s][info][gc,phases,start] GC(425) Summary Phase
[325.206s][info][gc,phases      ] GC(425) Summary Phase 0.109ms
[325.206s][info][gc,phases,start] GC(425) Adjust Roots
[325.206s][info][gc,phases      ] GC(425) Adjust Roots 0.194ms
[325.206s][info][gc,phases,start] GC(425) Compaction Phase
[325.887s][info][gc,phases      ] GC(425) Compaction Phase 680.770ms
[325.887s][info][gc,phases,start] GC(425) Post Compact
[325.901s][info][gc,phases      ] GC(425) Post Compact 14.393ms
[325.902s][info][gc,heap        ] GC(425) PSYoungGen: 110591K(249856K)->110591K(248832K) Eden: 110591K(110592K)->110591K(110592K) From: 0K(139264K)->0K(138240K)
[325.902s][info][gc,heap        ] GC(425) ParOldGen: 9557503K(9557504K)->9557503K(9557504K)
[325.902s][info][gc,metaspace   ] GC(425) Metaspace: 6300K(6464K)->6300K(6464K) NonClass: 5767K(5824K)->5767K(5824K) Class: 532K(640K)->532K(640K)
[325.902s][info][gc             ] GC(425) Pause Full (Allocation Failure) 9441M->9441M(9576M) 2930.356ms
[325.902s][info][gc,cpu         ] GC(425) User=21.91s Sys=0.02s Real=2.93s
[325.902s][info][gc,start       ] GC(426) Pause Full (Ergonomics)
[325.902s][info][gc,phases,start] GC(426) Marking Phase
[328.099s][info][gc,phases      ] GC(426) Marking Phase 2196.676ms
[328.099s][info][gc,phases,start] GC(426) Summary Phase
[328.099s][info][gc,phases      ] GC(426) Summary Phase 0.099ms
[328.099s][info][gc,phases,start] GC(426) Adjust Roots
[328.099s][info][gc,phases      ] GC(426) Adjust Roots 0.244ms
[328.099s][info][gc,phases,start] GC(426) Compaction Phase
[330.487s][info][gc,phases      ] GC(426) Compaction Phase 2387.768ms
[330.487s][info][gc,phases,start] GC(426) Post Compact
[330.501s][info][gc,phases      ] GC(426) Post Compact 14.479ms
[330.502s][info][gc,heap        ] GC(426) PSYoungGen: 110591K(248832K)->110591K(249856K) Eden: 110591K(110592K)->110591K(110592K) From: 0K(138240K)->0K(139264K)
[330.502s][info][gc,heap        ] GC(426) ParOldGen: 9557503K(9557504K)->9557502K(9557504K)
[330.502s][info][gc,metaspace   ] GC(426) Metaspace: 6300K(6464K)->6300K(6464K) NonClass: 5767K(5824K)->5767K(5824K) Class: 532K(640K)->532K(640K)
[330.502s][info][gc             ] GC(426) Pause Full (Ergonomics) 9441M->9441M(9577M) 4599.635ms
[330.502s][info][gc,cpu         ] GC(426) User=33.33s Sys=0.03s Real=4.60s
[330.503s][info][gc,start       ] GC(427) Pause Full (Ergonomics)
[330.503s][info][gc,phases,start] GC(427) Marking Phase
[332.726s][info][gc,phases      ] GC(427) Marking Phase 2222.961ms
[332.726s][info][gc,phases,start] GC(427) Summary Phase
[332.726s][info][gc,phases      ] GC(427) Summary Phase 0.098ms
[332.726s][info][gc,phases,start] GC(427) Adjust Roots
[332.726s][info][gc,phases      ] GC(427) Adjust Roots 0.264ms
[332.726s][info][gc,phases,start] GC(427) Compaction Phase
[335.084s][info][gc,phases      ] GC(427) Compaction Phase 2357.903ms
[335.084s][info][gc,phases,start] GC(427) Post Compact
[335.099s][info][gc,phases      ] GC(427) Post Compact 14.651ms
[335.099s][info][gc,heap        ] GC(427) PSYoungGen: 110591K(249856K)->110591K(248832K) Eden: 110591K(110592K)->110591K(110592K) From: 0K(139264K)->0K(138240K)
[335.099s][info][gc,heap        ] GC(427) ParOldGen: 9557503K(9557504K)->9557501K(9557504K)
[335.099s][info][gc,metaspace   ] GC(427) Metaspace: 6302K(6528K)->6302K(6528K) NonClass: 5768K(5888K)->5768K(5888K) Class: 533K(640K)->533K(640K)
[335.099s][info][gc             ] GC(427) Pause Full (Ergonomics) 9441M->9441M(9576M) 4596.241ms
[335.099s][info][gc,cpu         ] GC(427) User=30.52s Sys=0.02s Real=4.60s
[335.099s][info][gc,heap,exit   ] Heap
[335.100s][info][gc,heap,exit   ]  PSYoungGen      total 248832K, used 110591K [0x00000006dc580000, 0x00000006f4e00000, 0x0000000800000000)
[335.100s][info][gc,heap,exit   ]   eden space 110592K, 99% used [0x00000006dc580000,0x00000006e317fff8,0x00000006e3180000)
[335.100s][info][gc,heap,exit   ]   from space 138240K, 0% used [0x00000006eb980000,0x00000006eb980000,0x00000006f4080000)
[335.100s][info][gc,heap,exit   ]   to   space 139264K, 0% used [0x00000006e3180000,0x00000006e3180000,0x00000006eb980000)
[335.100s][info][gc,heap,exit   ]  ParOldGen       total 9557504K, used 9557502K [0x0000000495000000, 0x00000006dc580000, 0x00000006dc580000)
[335.100s][info][gc,heap,exit   ]   object space 9557504K, 99% used [0x0000000495000000,0x00000006dc57f820,0x00000006dc580000)
[335.100s][info][gc,heap,exit   ]  Metaspace       used 6305K, committed 6528K, reserved 1114112K
[335.100s][info][gc,heap,exit   ]   class space    used 534K, committed 640K, reserved 1048576K
