[0.012s][info][gc,init] CardTable entry size: 512
[0.012s][info][gc     ] Using Parallel
[0.013s][info][gc,init] Version: 18.0.1+10 (release)
[0.013s][info][gc,init] CPUs: 8 total, 8 available
[0.013s][info][gc,init] Memory: 16063M
[0.013s][info][gc,init] Large Page Support: Disabled
[0.013s][info][gc,init] NUMA Support: Disabled
[0.013s][info][gc,init] Compressed Oops: Enabled (Zero based)
[0.013s][info][gc,init] Alignments: Space 512K, Generation 512K, Heap 2M
[0.014s][info][gc,init] Heap Min Capacity: 2M
[0.014s][info][gc,init] Heap Initial Capacity: 2M
[0.014s][info][gc,init] Heap Max Capacity: 12000M
[0.014s][info][gc,init] Pre-touch: Disabled
[0.014s][info][gc,init] Parallel Workers: 8
[0.014s][info][gc,metaspace] CDS archive(s) not mapped
[0.014s][info][gc,metaspace] Compressed class space mapped at: 0x0000000800000000-0x0000000840000000, reserved size: 1073741824
[0.014s][info][gc,metaspace] Narrow klass base: 0x0000000800000000, Narrow klass shift: 0, Narrow klass range: 0x40000000
[0.108s][info][gc,start    ] GC(0) Pause Young (Allocation Failure)
[0.109s][info][gc,heap     ] GC(0) PSYoungGen: 512K(1024K)->480K(1024K) Eden: 512K(512K)->0K(512K) From: 0K(512K)->480K(512K)
[0.109s][info][gc,heap     ] GC(0) ParOldGen: 0K(512K)->8K(512K)
[0.109s][info][gc,metaspace] GC(0) Metaspace: 4230K(4352K)->4230K(4352K) NonClass: 3909K(3968K)->3909K(3968K) Class: 321K(384K)->321K(384K)
[0.109s][info][gc          ] GC(0) Pause Young (Allocation Failure) 0M->0M(1M) 1.500ms
[0.109s][info][gc,cpu      ] GC(0) User=0.00s Sys=0.00s Real=0.00s
[0.170s][info][gc,start    ] GC(1) Pause Young (Allocation Failure)
[0.171s][info][gc,heap     ] GC(1) PSYoungGen: 991K(1024K)->512K(1536K) Eden: 511K(512K)->0K(1024K) From: 480K(512K)->512K(512K)
[0.171s][info][gc,heap     ] GC(1) ParOldGen: 8K(512K)->88K(512K)
[0.171s][info][gc,metaspace] GC(1) Metaspace: 5878K(6016K)->5878K(6016K) NonClass: 5381K(5504K)->5381K(5504K) Class: 496K(512K)->496K(512K)
[0.171s][info][gc          ] GC(1) Pause Young (Allocation Failure) 0M->0M(2M) 0.851ms
[0.171s][info][gc,cpu      ] GC(1) User=0.00s Sys=0.00s Real=0.00s
[0.191s][info][gc,start    ] GC(2) Pause Young (Allocation Failure)
[0.192s][info][gc,heap     ] GC(2) PSYoungGen: 1536K(1536K)->512K(1536K) Eden: 1024K(1024K)->0K(1024K) From: 512K(512K)->512K(512K)
[0.192s][info][gc,heap     ] GC(2) ParOldGen: 88K(512K)->504K(512K)
[0.192s][info][gc,metaspace] GC(2) Metaspace: 6296K(6464K)->6296K(6464K) NonClass: 5762K(5824K)->5762K(5824K) Class: 533K(640K)->533K(640K)
[0.192s][info][gc          ] GC(2) Pause Young (Allocation Failure) 1M->0M(2M) 1.162ms
[0.192s][info][gc,cpu      ] GC(2) User=0.00s Sys=0.00s Real=0.00s
[0.192s][info][gc,start    ] GC(3) Pause Full (Ergonomics)
[0.192s][info][gc,phases,start] GC(3) Marking Phase
[0.193s][info][gc,phases      ] GC(3) Marking Phase 0.960ms
[0.193s][info][gc,phases,start] GC(3) Summary Phase
[0.193s][info][gc,phases      ] GC(3) Summary Phase 0.018ms
[0.193s][info][gc,phases,start] GC(3) Adjust Roots
[0.194s][info][gc,phases      ] GC(3) Adjust Roots 0.423ms
[0.194s][info][gc,phases,start] GC(3) Compaction Phase
[0.195s][info][gc,phases      ] GC(3) Compaction Phase 1.624ms
[0.195s][info][gc,phases,start] GC(3) Post Compact
[0.195s][info][gc,phases      ] GC(3) Post Compact 0.093ms
[0.195s][info][gc,heap        ] GC(3) PSYoungGen: 512K(1536K)->503K(1536K) Eden: 0K(1024K)->0K(1024K) From: 512K(512K)->503K(512K)
[0.195s][info][gc,heap        ] GC(3) ParOldGen: 504K(512K)->477K(2048K)
[0.195s][info][gc,metaspace   ] GC(3) Metaspace: 6296K(6464K)->6296K(6464K) NonClass: 5762K(5824K)->5762K(5824K) Class: 533K(640K)->533K(640K)
[0.195s][info][gc             ] GC(3) Pause Full (Ergonomics) 0M->0M(3M) 3.419ms
[0.196s][info][gc,cpu         ] GC(3) User=0.00s Sys=0.00s Real=0.00s
[0.197s][info][gc,start       ] GC(4) Pause Young (Allocation Failure)
[0.198s][info][gc,heap        ] GC(4) PSYoungGen: 1527K(1536K)->480K(2560K) Eden: 1024K(1024K)->0K(2048K) From: 503K(512K)->480K(512K)
[0.198s][info][gc,heap        ] GC(4) ParOldGen: 477K(2048K)->1037K(2048K)
[0.199s][info][gc,metaspace   ] GC(4) Metaspace: 6296K(6464K)->6296K(6464K) NonClass: 5762K(5824K)->5762K(5824K) Class: 533K(640K)->533K(640K)
[0.199s][info][gc             ] GC(4) Pause Young (Allocation Failure) 1M->1M(4M) 1.458ms
[0.199s][info][gc,cpu         ] GC(4) User=0.00s Sys=0.00s Real=0.00s
[0.201s][info][gc,start       ] GC(5) Pause Young (Allocation Failure)
[0.203s][info][gc,heap        ] GC(5) PSYoungGen: 2528K(2560K)->480K(2560K) Eden: 2048K(2048K)->0K(2048K) From: 480K(512K)->480K(512K)
[0.203s][info][gc,heap        ] GC(5) ParOldGen: 1037K(2048K)->2101K(2560K)
[0.203s][info][gc,metaspace   ] GC(5) Metaspace: 6296K(6464K)->6296K(6464K) NonClass: 5762K(5824K)->5762K(5824K) Class: 533K(640K)->533K(640K)
[0.203s][info][gc             ] GC(5) Pause Young (Allocation Failure) 3M->2M(5M) 2.031ms
[0.203s][info][gc,cpu         ] GC(5) User=0.00s Sys=0.00s Real=0.00s
[0.203s][info][gc,start       ] GC(6) Pause Full (Ergonomics)
[0.203s][info][gc,phases,start] GC(6) Marking Phase
[0.205s][info][gc,phases      ] GC(6) Marking Phase 1.549ms
[0.205s][info][gc,phases,start] GC(6) Summary Phase
[0.205s][info][gc,phases      ] GC(6) Summary Phase 0.017ms
[0.205s][info][gc,phases,start] GC(6) Adjust Roots
[0.205s][info][gc,phases      ] GC(6) Adjust Roots 0.314ms
[0.205s][info][gc,phases,start] GC(6) Compaction Phase
[0.208s][info][gc,phases      ] GC(6) Compaction Phase 2.761ms
[0.208s][info][gc,phases,start] GC(6) Post Compact
[0.208s][info][gc,phases      ] GC(6) Post Compact 0.032ms
[0.208s][info][gc,heap        ] GC(6) PSYoungGen: 480K(2560K)->0K(4096K) Eden: 0K(2048K)->0K(3072K) From: 480K(512K)->0K(1024K)
[0.208s][info][gc,heap        ] GC(6) ParOldGen: 2101K(2560K)->2542K(6144K)
[0.208s][info][gc,metaspace   ] GC(6) Metaspace: 6296K(6464K)->6296K(6464K) NonClass: 5762K(5824K)->5762K(5824K) Class: 533K(640K)->533K(640K)
[0.208s][info][gc             ] GC(6) Pause Full (Ergonomics) 2M->2M(10M) 5.053ms
[0.208s][info][gc,cpu         ] GC(6) User=0.00s Sys=0.00s Real=0.00s
[0.213s][info][gc,start       ] GC(7) Pause Young (Allocation Failure)
[0.214s][info][gc,heap        ] GC(7) PSYoungGen: 3072K(4096K)->1696K(5120K) Eden: 3072K(3072K)->0K(3072K) From: 0K(1024K)->1696K(2048K)
[0.214s][info][gc,heap        ] GC(7) ParOldGen: 2542K(6144K)->2542K(6144K)
[0.214s][info][gc,metaspace   ] GC(7) Metaspace: 6296K(6464K)->6296K(6464K) NonClass: 5762K(5824K)->5762K(5824K) Class: 533K(640K)->533K(640K)
[0.214s][info][gc             ] GC(7) Pause Young (Allocation Failure) 5M->4M(11M) 1.836ms
[0.214s][info][gc,cpu         ] GC(7) User=0.00s Sys=0.00s Real=0.00s
[0.219s][info][gc,start       ] GC(8) Pause Young (Allocation Failure)
[0.222s][info][gc,heap        ] GC(8) PSYoungGen: 4768K(5120K)->2016K(5632K) Eden: 3072K(3072K)->0K(3584K) From: 1696K(2048K)->2016K(2048K)
[0.222s][info][gc,heap        ] GC(8) ParOldGen: 2542K(6144K)->3774K(6144K)
[0.222s][info][gc,metaspace   ] GC(8) Metaspace: 6296K(6464K)->6296K(6464K) NonClass: 5762K(5824K)->5762K(5824K) Class: 533K(640K)->533K(640K)
[0.222s][info][gc             ] GC(8) Pause Young (Allocation Failure) 7M->5M(11M) 2.887ms
[0.222s][info][gc,cpu         ] GC(8) User=0.00s Sys=0.00s Real=0.00s
[0.228s][info][gc,start       ] GC(9) Pause Young (Allocation Failure)
[0.231s][info][gc,heap        ] GC(9) PSYoungGen: 5600K(5632K)->3040K(6656K) Eden: 3584K(3584K)->0K(3584K) From: 2016K(2048K)->3040K(3072K)
[0.232s][info][gc,heap        ] GC(9) ParOldGen: 3774K(6144K)->4614K(6144K)
[0.232s][info][gc,metaspace   ] GC(9) Metaspace: 6296K(6464K)->6296K(6464K) NonClass: 5762K(5824K)->5762K(5824K) Class: 533K(640K)->533K(640K)
[0.232s][info][gc             ] GC(9) Pause Young (Allocation Failure) 9M->7M(12M) 3.728ms
[0.232s][info][gc,cpu         ] GC(9) User=0.00s Sys=0.00s Real=0.00s
[0.235s][info][gc,start       ] GC(10) Pause Young (Allocation Failure)
[0.239s][info][gc,heap        ] GC(10) PSYoungGen: 6624K(6656K)->4064K(8704K) Eden: 3584K(3584K)->0K(4608K) From: 3040K(3072K)->4064K(4096K)
[0.239s][info][gc,heap        ] GC(10) ParOldGen: 4614K(6144K)->5454K(6144K)
[0.239s][info][gc,metaspace   ] GC(10) Metaspace: 6296K(6464K)->6296K(6464K) NonClass: 5762K(5824K)->5762K(5824K) Class: 533K(640K)->533K(640K)
[0.239s][info][gc             ] GC(10) Pause Young (Allocation Failure) 10M->9M(14M) 3.667ms
[0.239s][info][gc,cpu         ] GC(10) User=0.00s Sys=0.00s Real=0.00s
[0.239s][info][gc,start       ] GC(11) Pause Full (Ergonomics)
[0.239s][info][gc,phases,start] GC(11) Marking Phase
[0.244s][info][gc,phases      ] GC(11) Marking Phase 4.589ms
[0.244s][info][gc,phases,start] GC(11) Summary Phase
[0.244s][info][gc,phases      ] GC(11) Summary Phase 0.015ms
[0.244s][info][gc,phases,start] GC(11) Adjust Roots
[0.244s][info][gc,phases      ] GC(11) Adjust Roots 0.339ms
[0.244s][info][gc,phases,start] GC(11) Compaction Phase
[0.249s][info][gc,phases      ] GC(11) Compaction Phase 5.257ms
[0.249s][info][gc,phases,start] GC(11) Post Compact
[0.249s][info][gc,phases      ] GC(11) Post Compact 0.058ms
[0.250s][info][gc,heap        ] GC(11) PSYoungGen: 4064K(8704K)->3545K(8704K) Eden: 0K(4608K)->0K(4608K) From: 4064K(4096K)->3545K(4096K)
[0.250s][info][gc,heap        ] GC(11) ParOldGen: 5454K(6144K)->5831K(10752K)
[0.250s][info][gc,metaspace   ] GC(11) Metaspace: 6296K(6464K)->6296K(6464K) NonClass: 5762K(5824K)->5762K(5824K) Class: 533K(640K)->533K(640K)
[0.250s][info][gc             ] GC(11) Pause Full (Ergonomics) 9M->9M(19M) 10.594ms
[0.250s][info][gc,cpu         ] GC(11) User=0.02s Sys=0.00s Real=0.01s
[0.254s][info][gc,start       ] GC(12) Pause Young (Allocation Failure)
[0.257s][info][gc,heap        ] GC(12) PSYoungGen: 8013K(8704K)->5088K(9728K) Eden: 4468K(4608K)->0K(4608K) From: 3545K(4096K)->5088K(5120K)
[0.257s][info][gc,heap        ] GC(12) ParOldGen: 5831K(10752K)->6607K(10752K)
[0.257s][info][gc,metaspace   ] GC(12) Metaspace: 6296K(6464K)->6296K(6464K) NonClass: 5762K(5824K)->5762K(5824K) Class: 533K(640K)->533K(640K)
[0.257s][info][gc             ] GC(12) Pause Young (Allocation Failure) 13M->11M(20M) 3.638ms
[0.257s][info][gc,cpu         ] GC(12) User=0.00s Sys=0.00s Real=0.00s
[0.264s][info][gc,start       ] GC(13) Pause Young (Allocation Failure)
[0.270s][info][gc,heap        ] GC(13) PSYoungGen: 9696K(9728K)->6112K(11264K) Eden: 4608K(4608K)->0K(5120K) From: 5088K(5120K)->6112K(6144K)
[0.270s][info][gc,heap        ] GC(13) ParOldGen: 6607K(10752K)->7983K(10752K)
[0.270s][info][gc,metaspace   ] GC(13) Metaspace: 6296K(6464K)->6296K(6464K) NonClass: 5762K(5824K)->5762K(5824K) Class: 533K(640K)->533K(640K)
[0.270s][info][gc             ] GC(13) Pause Young (Allocation Failure) 15M->13M(21M) 6.075ms
[0.270s][info][gc,cpu         ] GC(13) User=0.00s Sys=0.00s Real=0.01s
[0.274s][info][gc,start       ] GC(14) Pause Young (Allocation Failure)
[0.280s][info][gc,heap        ] GC(14) PSYoungGen: 11232K(11264K)->5216K(12800K) Eden: 5120K(5120K)->0K(5120K) From: 6112K(6144K)->5216K(7680K)
[0.280s][info][gc,heap        ] GC(14) ParOldGen: 7983K(10752K)->11583K(11776K)
[0.280s][info][gc,metaspace   ] GC(14) Metaspace: 6298K(6464K)->6298K(6464K) NonClass: 5764K(5824K)->5764K(5824K) Class: 533K(640K)->533K(640K)
[0.280s][info][gc             ] GC(14) Pause Young (Allocation Failure) 18M->16M(24M) 5.425ms
[0.280s][info][gc,cpu         ] GC(14) User=0.00s Sys=0.00s Real=0.01s
[0.280s][info][gc,start       ] GC(15) Pause Full (Ergonomics)
[0.280s][info][gc,phases,start] GC(15) Marking Phase
[0.287s][info][gc,phases      ] GC(15) Marking Phase 7.470ms
[0.287s][info][gc,phases,start] GC(15) Summary Phase
[0.287s][info][gc,phases      ] GC(15) Summary Phase 0.018ms
[0.288s][info][gc,phases,start] GC(15) Adjust Roots
[0.288s][info][gc,phases      ] GC(15) Adjust Roots 0.209ms
[0.288s][info][gc,phases,start] GC(15) Compaction Phase
[0.294s][info][gc,phases      ] GC(15) Compaction Phase 6.239ms
[0.294s][info][gc,phases,start] GC(15) Post Compact
[0.294s][info][gc,phases      ] GC(15) Post Compact 0.080ms
[0.294s][info][gc,heap        ] GC(15) PSYoungGen: 5216K(12800K)->5179K(12800K) Eden: 0K(5120K)->0K(5120K) From: 5216K(7680K)->5179K(7680K)
[0.294s][info][gc,heap        ] GC(15) ParOldGen: 11583K(11776K)->11471K(18432K)
[0.294s][info][gc,metaspace   ] GC(15) Metaspace: 6298K(6464K)->6298K(6464K) NonClass: 5764K(5824K)->5764K(5824K) Class: 533K(640K)->533K(640K)
[0.294s][info][gc             ] GC(15) Pause Full (Ergonomics) 16M->16M(30M) 14.341ms
[0.294s][info][gc,cpu         ] GC(15) User=0.00s Sys=0.00s Real=0.01s
[0.297s][info][gc,start       ] GC(16) Pause Young (Allocation Failure)
[0.303s][info][gc,heap        ] GC(16) PSYoungGen: 10299K(12800K)->2688K(14336K) Eden: 5120K(5120K)->0K(7168K) From: 5179K(7680K)->2688K(7168K)
[0.303s][info][gc,heap        ] GC(16) ParOldGen: 11471K(18432K)->16727K(18432K)
[0.303s][info][gc,metaspace   ] GC(16) Metaspace: 6298K(6464K)->6298K(6464K) NonClass: 5764K(5824K)->5764K(5824K) Class: 533K(640K)->533K(640K)
[0.303s][info][gc             ] GC(16) Pause Young (Allocation Failure) 21M->18M(32M) 5.646ms
[0.303s][info][gc,cpu         ] GC(16) User=0.00s Sys=0.00s Real=0.01s
[0.303s][info][gc,start       ] GC(17) Pause Full (Ergonomics)
[0.303s][info][gc,phases,start] GC(17) Marking Phase
[0.311s][info][gc,phases      ] GC(17) Marking Phase 8.181ms
[0.311s][info][gc,phases,start] GC(17) Summary Phase
[0.311s][info][gc,phases      ] GC(17) Summary Phase 0.018ms
[0.311s][info][gc,phases,start] GC(17) Adjust Roots
[0.312s][info][gc,phases      ] GC(17) Adjust Roots 0.218ms
[0.312s][info][gc,phases,start] GC(17) Compaction Phase
[0.319s][info][gc,phases      ] GC(17) Compaction Phase 6.961ms
[0.319s][info][gc,phases,start] GC(17) Post Compact
[0.319s][info][gc,phases      ] GC(17) Post Compact 0.090ms
[0.319s][info][gc,heap        ] GC(17) PSYoungGen: 2688K(14336K)->1105K(14848K) Eden: 0K(7168K)->0K(7680K) From: 2688K(7168K)->1105K(7168K)
[0.319s][info][gc,heap        ] GC(17) ParOldGen: 16727K(18432K)->18183K(28160K)
[0.319s][info][gc,metaspace   ] GC(17) Metaspace: 6298K(6464K)->6298K(6464K) NonClass: 5764K(5824K)->5764K(5824K) Class: 533K(640K)->533K(640K)
[0.319s][info][gc             ] GC(17) Pause Full (Ergonomics) 18M->18M(42M) 15.820ms
[0.319s][info][gc,cpu         ] GC(17) User=0.00s Sys=0.00s Real=0.02s
[0.324s][info][gc,start       ] GC(18) Pause Young (Allocation Failure)
[0.329s][info][gc,heap        ] GC(18) PSYoungGen: 7799K(14848K)->3456K(15360K) Eden: 6694K(7680K)->0K(7680K) From: 1105K(7168K)->3456K(7680K)
[0.329s][info][gc,heap        ] GC(18) ParOldGen: 18183K(28160K)->19319K(28160K)
[0.329s][info][gc,metaspace   ] GC(18) Metaspace: 6298K(6464K)->6298K(6464K) NonClass: 5764K(5824K)->5764K(5824K) Class: 533K(640K)->533K(640K)
[0.329s][info][gc             ] GC(18) Pause Young (Allocation Failure) 25M->22M(42M) 4.948ms
[0.329s][info][gc,cpu         ] GC(18) User=0.00s Sys=0.00s Real=0.00s
[0.336s][info][gc,start       ] GC(19) Pause Young (Allocation Failure)
[0.343s][info][gc,heap        ] GC(19) PSYoungGen: 11135K(15360K)->7648K(16896K) Eden: 7679K(7680K)->0K(9216K) From: 3456K(7680K)->7648K(7680K)
[0.343s][info][gc,heap        ] GC(19) ParOldGen: 19319K(28160K)->19551K(28160K)
[0.343s][info][gc,metaspace   ] GC(19) Metaspace: 6298K(6464K)->6298K(6464K) NonClass: 5764K(5824K)->5764K(5824K) Class: 533K(640K)->533K(640K)
[0.343s][info][gc             ] GC(19) Pause Young (Allocation Failure) 29M->26M(44M) 6.578ms
[0.343s][info][gc,cpu         ] GC(19) User=0.00s Sys=0.00s Real=0.01s
[0.348s][info][gc,start       ] GC(20) Pause Young (Allocation Failure)
[0.356s][info][gc,heap        ] GC(20) PSYoungGen: 16864K(16896K)->4800K(17920K) Eden: 9216K(9216K)->0K(9216K) From: 7648K(7680K)->4800K(8704K)
[0.356s][info][gc,heap        ] GC(20) ParOldGen: 19551K(28160K)->27295K(28160K)
[0.356s][info][gc,metaspace   ] GC(20) Metaspace: 6298K(6464K)->6298K(6464K) NonClass: 5764K(5824K)->5764K(5824K) Class: 533K(640K)->533K(640K)
[0.356s][info][gc             ] GC(20) Pause Young (Allocation Failure) 35M->31M(45M) 8.001ms
[0.356s][info][gc,cpu         ] GC(20) User=0.00s Sys=0.00s Real=0.01s
[0.356s][info][gc,start       ] GC(21) Pause Full (Ergonomics)
[0.357s][info][gc,phases,start] GC(21) Marking Phase
[0.369s][info][gc,phases      ] GC(21) Marking Phase 12.468ms
[0.369s][info][gc,phases,start] GC(21) Summary Phase
[0.369s][info][gc,phases      ] GC(21) Summary Phase 0.018ms
[0.369s][info][gc,phases,start] GC(21) Adjust Roots
[0.369s][info][gc,phases      ] GC(21) Adjust Roots 0.193ms
[0.369s][info][gc,phases,start] GC(21) Compaction Phase
[0.382s][info][gc,phases      ] GC(21) Compaction Phase 12.509ms
[0.382s][info][gc,phases,start] GC(21) Post Compact
[0.382s][info][gc,phases      ] GC(21) Post Compact 0.132ms
[0.382s][info][gc,heap        ] GC(21) PSYoungGen: 4800K(17920K)->3738K(17920K) Eden: 0K(9216K)->0K(9216K) From: 4800K(8704K)->3738K(8704K)
[0.382s][info][gc,heap        ] GC(21) ParOldGen: 27295K(28160K)->27650K(40960K)
[0.382s][info][gc,metaspace   ] GC(21) Metaspace: 6298K(6464K)->6298K(6464K) NonClass: 5764K(5824K)->5764K(5824K) Class: 533K(640K)->533K(640K)
[0.382s][info][gc             ] GC(21) Pause Full (Ergonomics) 31M->30M(57M) 25.796ms
[0.382s][info][gc,cpu         ] GC(21) User=0.00s Sys=0.00s Real=0.03s
[0.391s][info][gc,start       ] GC(22) Pause Young (Allocation Failure)
[0.402s][info][gc,heap        ] GC(22) PSYoungGen: 12954K(17920K)->7680K(19456K) Eden: 9216K(9216K)->0K(10752K) From: 3738K(8704K)->7680K(8704K)
[0.402s][info][gc,heap        ] GC(22) ParOldGen: 27650K(40960K)->31458K(40960K)
[0.402s][info][gc,metaspace   ] GC(22) Metaspace: 6298K(6464K)->6298K(6464K) NonClass: 5764K(5824K)->5764K(5824K) Class: 533K(640K)->533K(640K)
[0.402s][info][gc             ] GC(22) Pause Young (Allocation Failure) 39M->38M(59M) 10.478ms
[0.402s][info][gc,cpu         ] GC(22) User=0.02s Sys=0.00s Real=0.01s
[0.417s][info][gc,start       ] GC(23) Pause Young (Allocation Failure)
[0.430s][info][gc,heap        ] GC(23) PSYoungGen: 18432K(19456K)->9696K(20480K) Eden: 10752K(10752K)->0K(10752K) From: 7680K(8704K)->9696K(9728K)
[0.430s][info][gc,heap        ] GC(23) ParOldGen: 31458K(40960K)->40266K(40960K)
[0.430s][info][gc,metaspace   ] GC(23) Metaspace: 6298K(6464K)->6298K(6464K) NonClass: 5764K(5824K)->5764K(5824K) Class: 533K(640K)->533K(640K)
[0.430s][info][gc             ] GC(23) Pause Young (Allocation Failure) 48M->48M(60M) 13.100ms
[0.430s][info][gc,cpu         ] GC(23) User=0.02s Sys=0.00s Real=0.01s
[0.430s][info][gc,start       ] GC(24) Pause Full (Ergonomics)
[0.430s][info][gc,phases,start] GC(24) Marking Phase
[0.449s][info][gc,phases      ] GC(24) Marking Phase 19.260ms
[0.449s][info][gc,phases,start] GC(24) Summary Phase
[0.449s][info][gc,phases      ] GC(24) Summary Phase 0.020ms
[0.449s][info][gc,phases,start] GC(24) Adjust Roots
[0.450s][info][gc,phases      ] GC(24) Adjust Roots 0.168ms
[0.450s][info][gc,phases,start] GC(24) Compaction Phase
[0.467s][info][gc,phases      ] GC(24) Compaction Phase 17.076ms
[0.467s][info][gc,phases,start] GC(24) Post Compact
[0.467s][info][gc,phases      ] GC(24) Post Compact 0.124ms
[0.467s][info][gc,heap        ] GC(24) PSYoungGen: 9696K(20480K)->9681K(20480K) Eden: 0K(10752K)->0K(10752K) From: 9696K(9728K)->9681K(9728K)
[0.467s][info][gc,heap        ] GC(24) ParOldGen: 40266K(40960K)->39027K(56320K)
[0.467s][info][gc,metaspace   ] GC(24) Metaspace: 6298K(6464K)->6298K(6464K) NonClass: 5764K(5824K)->5764K(5824K) Class: 533K(640K)->533K(640K)
[0.467s][info][gc             ] GC(24) Pause Full (Ergonomics) 48M->47M(75M) 37.010ms
[0.467s][info][gc,cpu         ] GC(24) User=0.03s Sys=0.00s Real=0.04s
[0.478s][info][gc,start       ] GC(25) Pause Young (Allocation Failure)
[0.495s][info][gc,heap        ] GC(25) PSYoungGen: 20433K(20480K)->10752K(26624K) Eden: 10752K(10752K)->0K(12288K) From: 9681K(9728K)->10752K(14336K)
[0.495s][info][gc,heap        ] GC(25) ParOldGen: 39027K(56320K)->48835K(56320K)
[0.495s][info][gc,metaspace   ] GC(25) Metaspace: 6298K(6464K)->6298K(6464K) NonClass: 5764K(5824K)->5764K(5824K) Class: 533K(640K)->533K(640K)
[0.495s][info][gc             ] GC(25) Pause Young (Allocation Failure) 58M->58M(81M) 16.484ms
[0.495s][info][gc,cpu         ] GC(25) User=0.02s Sys=0.00s Real=0.02s
[0.495s][info][gc,start       ] GC(26) Pause Full (Ergonomics)
[0.495s][info][gc,phases,start] GC(26) Marking Phase
[0.517s][info][gc,phases      ] GC(26) Marking Phase 21.928ms
[0.517s][info][gc,phases,start] GC(26) Summary Phase
[0.517s][info][gc,phases      ] GC(26) Summary Phase 0.022ms
[0.517s][info][gc,phases,start] GC(26) Adjust Roots
[0.517s][info][gc,phases      ] GC(26) Adjust Roots 0.153ms
[0.517s][info][gc,phases,start] GC(26) Compaction Phase
[0.536s][info][gc,phases      ] GC(26) Compaction Phase 18.363ms
[0.536s][info][gc,phases,start] GC(26) Post Compact
[0.536s][info][gc,phases      ] GC(26) Post Compact 0.209ms
[0.536s][info][gc,heap        ] GC(26) PSYoungGen: 10752K(26624K)->3565K(26624K) Eden: 0K(12288K)->0K(12288K) From: 10752K(14336K)->3565K(14336K)
[0.536s][info][gc,heap        ] GC(26) ParOldGen: 48835K(56320K)->55862K(77312K)
[0.536s][info][gc,metaspace   ] GC(26) Metaspace: 6298K(6464K)->6298K(6464K) NonClass: 5764K(5824K)->5764K(5824K) Class: 533K(640K)->533K(640K)
[0.536s][info][gc             ] GC(26) Pause Full (Ergonomics) 58M->58M(101M) 41.100ms
[0.536s][info][gc,cpu         ] GC(26) User=0.05s Sys=0.00s Real=0.04s
[0.548s][info][gc,start       ] GC(27) Pause Young (Allocation Failure)
[0.563s][info][gc,heap        ] GC(27) PSYoungGen: 15853K(26624K)->12320K(27648K) Eden: 12288K(12288K)->0K(12288K) From: 3565K(14336K)->12320K(15360K)
[0.563s][info][gc,heap        ] GC(27) ParOldGen: 55862K(77312K)->59494K(77312K)
[0.563s][info][gc,metaspace   ] GC(27) Metaspace: 6298K(6464K)->6298K(6464K) NonClass: 5764K(5824K)->5764K(5824K) Class: 533K(640K)->533K(640K)
[0.563s][info][gc             ] GC(27) Pause Young (Allocation Failure) 70M->70M(102M) 15.606ms
[0.563s][info][gc,cpu         ] GC(27) User=0.02s Sys=0.00s Real=0.02s
[0.575s][info][gc,start       ] GC(28) Pause Young (Allocation Failure)
[0.593s][info][gc,heap        ] GC(28) PSYoungGen: 24608K(27648K)->16896K(26112K) Eden: 12288K(12288K)->0K(9216K) From: 12320K(15360K)->16896K(16896K)
[0.593s][info][gc,heap        ] GC(28) ParOldGen: 59494K(77312K)->67270K(77312K)
[0.593s][info][gc,metaspace   ] GC(28) Metaspace: 6298K(6464K)->6298K(6464K) NonClass: 5764K(5824K)->5764K(5824K) Class: 533K(640K)->533K(640K)
[0.593s][info][gc             ] GC(28) Pause Young (Allocation Failure) 82M->82M(101M) 17.874ms
[0.593s][info][gc,cpu         ] GC(28) User=0.03s Sys=0.00s Real=0.02s
[0.593s][info][gc,start       ] GC(29) Pause Full (Ergonomics)
[0.593s][info][gc,phases,start] GC(29) Marking Phase
[0.624s][info][gc,phases      ] GC(29) Marking Phase 31.097ms
[0.624s][info][gc,phases,start] GC(29) Summary Phase
[0.624s][info][gc,phases      ] GC(29) Summary Phase 0.020ms
[0.624s][info][gc,phases,start] GC(29) Adjust Roots
[0.624s][info][gc,phases      ] GC(29) Adjust Roots 0.176ms
[0.624s][info][gc,phases,start] GC(29) Compaction Phase
[0.645s][info][gc,phases      ] GC(29) Compaction Phase 20.835ms
[0.645s][info][gc,phases,start] GC(29) Post Compact
[0.645s][info][gc,phases      ] GC(29) Post Compact 0.350ms
[0.646s][info][gc,heap        ] GC(29) PSYoungGen: 16896K(26112K)->6643K(26112K) Eden: 0K(9216K)->0K(9216K) From: 16896K(16896K)->6643K(16896K)
[0.646s][info][gc,heap        ] GC(29) ParOldGen: 67270K(77312K)->77297K(100864K)
[0.646s][info][gc,metaspace   ] GC(29) Metaspace: 6298K(6464K)->6298K(6464K) NonClass: 5764K(5824K)->5764K(5824K) Class: 533K(640K)->533K(640K)
[0.646s][info][gc             ] GC(29) Pause Full (Ergonomics) 82M->81M(124M) 52.890ms
[0.646s][info][gc,cpu         ] GC(29) User=0.06s Sys=0.00s Real=0.05s
[0.662s][info][gc,start       ] GC(30) Pause Young (Allocation Failure)
[0.679s][info][gc,heap        ] GC(30) PSYoungGen: 15859K(26112K)->9216K(31744K) Eden: 9216K(9216K)->0K(9216K) From: 6643K(16896K)->9216K(22528K)
[0.679s][info][gc,heap        ] GC(30) ParOldGen: 77297K(100864K)->84057K(100864K)
[0.679s][info][gc,metaspace   ] GC(30) Metaspace: 6298K(6464K)->6298K(6464K) NonClass: 5764K(5824K)->5764K(5824K) Class: 533K(640K)->533K(640K)
[0.679s][info][gc             ] GC(30) Pause Young (Allocation Failure) 90M->91M(129M) 16.890ms
[0.679s][info][gc,cpu         ] GC(30) User=0.03s Sys=0.00s Real=0.02s
[0.686s][info][gc,start       ] GC(31) Pause Young (Allocation Failure)
[0.695s][info][gc,heap        ] GC(31) PSYoungGen: 18432K(31744K)->18464K(30208K) Eden: 9216K(9216K)->0K(8704K) From: 9216K(22528K)->18464K(21504K)
[0.695s][info][gc,heap        ] GC(31) ParOldGen: 84057K(100864K)->84057K(100864K)
[0.695s][info][gc,metaspace   ] GC(31) Metaspace: 6298K(6464K)->6298K(6464K) NonClass: 5764K(5824K)->5764K(5824K) Class: 533K(640K)->533K(640K)
[0.695s][info][gc             ] GC(31) Pause Young (Allocation Failure) 100M->100M(128M) 8.954ms
[0.695s][info][gc,cpu         ] GC(31) User=0.00s Sys=0.00s Real=0.01s
[0.702s][info][gc,start       ] GC(32) Pause Young (Allocation Failure)
[0.714s][info][gc,heap        ] GC(32) PSYoungGen: 27168K(30208K)->24032K(32768K) Eden: 8704K(8704K)->0K(8704K) From: 18464K(21504K)->24032K(24064K)
[0.714s][info][gc,heap        ] GC(32) ParOldGen: 84057K(100864K)->87177K(100864K)
[0.714s][info][gc,metaspace   ] GC(32) Metaspace: 6298K(6464K)->6298K(6464K) NonClass: 5764K(5824K)->5764K(5824K) Class: 533K(640K)->533K(640K)
[0.714s][info][gc             ] GC(32) Pause Young (Allocation Failure) 108M->108M(130M) 11.424ms
[0.714s][info][gc,cpu         ] GC(32) User=0.02s Sys=0.00s Real=0.01s
[0.722s][info][gc,start       ] GC(33) Pause Young (Allocation Failure)
[0.737s][info][gc,heap        ] GC(33) PSYoungGen: 32736K(32768K)->16736K(39936K) Eden: 8704K(8704K)->0K(10752K) From: 24032K(24064K)->16736K(29184K)
[0.737s][info][gc,heap        ] GC(33) ParOldGen: 87177K(100864K)->103393K(103424K)
[0.737s][info][gc,metaspace   ] GC(33) Metaspace: 6298K(6464K)->6298K(6464K) NonClass: 5764K(5824K)->5764K(5824K) Class: 533K(640K)->533K(640K)
[0.737s][info][gc             ] GC(33) Pause Young (Allocation Failure) 117M->117M(140M) 15.374ms
[0.737s][info][gc,cpu         ] GC(33) User=0.02s Sys=0.00s Real=0.01s
[0.737s][info][gc,start       ] GC(34) Pause Full (Ergonomics)
[0.737s][info][gc,phases,start] GC(34) Marking Phase
[0.767s][info][gc,phases      ] GC(34) Marking Phase 29.702ms
[0.767s][info][gc,phases,start] GC(34) Summary Phase
[0.767s][info][gc,phases      ] GC(34) Summary Phase 0.020ms
[0.767s][info][gc,phases,start] GC(34) Adjust Roots
[0.767s][info][gc,phases      ] GC(34) Adjust Roots 0.154ms
[0.767s][info][gc,phases,start] GC(34) Compaction Phase
[0.795s][info][gc,phases      ] GC(34) Compaction Phase 28.129ms
[0.795s][info][gc,phases,start] GC(34) Post Compact
[0.796s][info][gc,phases      ] GC(34) Post Compact 0.469ms
[0.796s][info][gc,heap        ] GC(34) PSYoungGen: 16736K(39936K)->14603K(39936K) Eden: 0K(10752K)->0K(10752K) From: 16736K(29184K)->14603K(29184K)
[0.796s][info][gc,heap        ] GC(34) ParOldGen: 103393K(103424K)->103013K(132096K)
[0.796s][info][gc,metaspace   ] GC(34) Metaspace: 6298K(6464K)->6298K(6464K) NonClass: 5764K(5824K)->5764K(5824K) Class: 533K(640K)->533K(640K)
[0.796s][info][gc             ] GC(34) Pause Full (Ergonomics) 117M->114M(168M) 58.904ms
[0.796s][info][gc,cpu         ] GC(34) User=0.09s Sys=0.00s Real=0.06s
[0.807s][info][gc,start       ] GC(35) Pause Young (Allocation Failure)
[0.826s][info][gc,heap        ] GC(35) PSYoungGen: 25355K(39936K)->10816K(39936K) Eden: 10752K(10752K)->0K(10752K) From: 14603K(29184K)->10816K(29184K)
[0.826s][info][gc,heap        ] GC(35) ParOldGen: 103013K(132096K)->117861K(132096K)
[0.826s][info][gc,metaspace   ] GC(35) Metaspace: 6298K(6464K)->6298K(6464K) NonClass: 5764K(5824K)->5764K(5824K) Class: 533K(640K)->533K(640K)
[0.826s][info][gc             ] GC(35) Pause Young (Allocation Failure) 125M->125M(168M) 18.817ms
[0.826s][info][gc,cpu         ] GC(35) User=0.05s Sys=0.02s Real=0.02s
[0.826s][info][gc,start       ] GC(36) Pause Full (Ergonomics)
[0.826s][info][gc,phases,start] GC(36) Marking Phase
[0.860s][info][gc,phases      ] GC(36) Marking Phase 34.068ms
[0.861s][info][gc,phases,start] GC(36) Summary Phase
[0.861s][info][gc,phases      ] GC(36) Summary Phase 0.023ms
[0.861s][info][gc,phases,start] GC(36) Adjust Roots
[0.861s][info][gc,phases      ] GC(36) Adjust Roots 0.141ms
[0.861s][info][gc,phases,start] GC(36) Compaction Phase
[0.878s][info][gc,phases      ] GC(36) Compaction Phase 16.860ms
[0.878s][info][gc,phases,start] GC(36) Post Compact
[0.878s][info][gc,phases      ] GC(36) Post Compact 0.552ms
[0.878s][info][gc,heap        ] GC(36) PSYoungGen: 10816K(39936K)->0K(40448K) Eden: 0K(10752K)->0K(12800K) From: 10816K(29184K)->0K(27648K)
[0.878s][info][gc,heap        ] GC(36) ParOldGen: 117861K(132096K)->128339K(162304K)
[0.878s][info][gc,metaspace   ] GC(36) Metaspace: 6298K(6464K)->6298K(6464K) NonClass: 5764K(5824K)->5764K(5824K) Class: 533K(640K)->533K(640K)
[0.878s][info][gc             ] GC(36) Pause Full (Ergonomics) 125M->125M(198M) 52.083ms
[0.878s][info][gc,cpu         ] GC(36) User=0.14s Sys=0.00s Real=0.05s
[0.891s][info][gc,start       ] GC(37) Pause Young (Allocation Failure)
[0.900s][info][gc,heap        ] GC(37) PSYoungGen: 12800K(40448K)->12864K(40448K) Eden: 12800K(12800K)->0K(12800K) From: 0K(27648K)->12864K(27648K)
[0.900s][info][gc,heap        ] GC(37) ParOldGen: 128339K(162304K)->128339K(162304K)
[0.900s][info][gc,metaspace   ] GC(37) Metaspace: 6298K(6464K)->6298K(6464K) NonClass: 5764K(5824K)->5764K(5824K) Class: 533K(640K)->533K(640K)
[0.900s][info][gc             ] GC(37) Pause Young (Allocation Failure) 137M->137M(198M) 8.388ms
[0.900s][info][gc,cpu         ] GC(37) User=0.00s Sys=0.00s Real=0.01s
[0.913s][info][gc,start       ] GC(38) Pause Young (Allocation Failure)
[0.927s][info][gc,heap        ] GC(38) PSYoungGen: 25664K(40448K)->25664K(37888K) Eden: 12800K(12800K)->0K(11264K) From: 12864K(27648K)->25664K(26624K)
[0.927s][info][gc,heap        ] GC(38) ParOldGen: 128339K(162304K)->128339K(162304K)
[0.927s][info][gc,metaspace   ] GC(38) Metaspace: 6298K(6464K)->6298K(6464K) NonClass: 5764K(5824K)->5764K(5824K) Class: 533K(640K)->533K(640K)
[0.927s][info][gc             ] GC(38) Pause Young (Allocation Failure) 150M->150M(195M) 13.467ms
[0.927s][info][gc,cpu         ] GC(38) User=0.00s Sys=0.00s Real=0.01s
[0.939s][info][gc,start       ] GC(39) Pause Young (Allocation Failure)
[0.956s][info][gc,heap        ] GC(39) PSYoungGen: 36928K(37888K)->30208K(41472K) Eden: 11264K(11264K)->0K(11264K) From: 25664K(26624K)->30208K(30208K)
[0.956s][info][gc,heap        ] GC(39) ParOldGen: 128339K(162304K)->135075K(162304K)
[0.956s][info][gc,metaspace   ] GC(39) Metaspace: 6298K(6464K)->6298K(6464K) NonClass: 5764K(5824K)->5764K(5824K) Class: 533K(640K)->533K(640K)
[0.956s][info][gc             ] GC(39) Pause Young (Allocation Failure) 161M->161M(199M) 17.391ms
[0.956s][info][gc,cpu         ] GC(39) User=0.03s Sys=0.03s Real=0.02s
[0.968s][info][gc,start       ] GC(40) Pause Young (Allocation Failure)
[0.989s][info][gc,heap        ] GC(40) PSYoungGen: 41472K(41472K)->21728K(50688K) Eden: 11264K(11264K)->0K(13312K) From: 30208K(30208K)->21728K(37376K)
[0.989s][info][gc,heap        ] GC(40) ParOldGen: 135075K(162304K)->155155K(162304K)
[0.989s][info][gc,metaspace   ] GC(40) Metaspace: 6298K(6464K)->6298K(6464K) NonClass: 5764K(5824K)->5764K(5824K) Class: 533K(640K)->533K(640K)
[0.989s][info][gc             ] GC(40) Pause Young (Allocation Failure) 172M->172M(208M) 20.804ms
[0.989s][info][gc,cpu         ] GC(40) User=0.05s Sys=0.02s Real=0.02s
[0.989s][info][gc,start       ] GC(41) Pause Full (Ergonomics)
[0.989s][info][gc,phases,start] GC(41) Marking Phase
[1.031s][info][gc,phases      ] GC(41) Marking Phase 42.684ms
[1.032s][info][gc,phases,start] GC(41) Summary Phase
[1.032s][info][gc,phases      ] GC(41) Summary Phase 0.034ms
[1.032s][info][gc,phases,start] GC(41) Adjust Roots
[1.032s][info][gc,phases      ] GC(41) Adjust Roots 0.153ms
[1.032s][info][gc,phases,start] GC(41) Compaction Phase
[1.053s][info][gc,phases      ] GC(41) Compaction Phase 21.467ms
[1.053s][info][gc,phases,start] GC(41) Post Compact
[1.054s][info][gc,phases      ] GC(41) Post Compact 0.786ms
[1.054s][info][gc,heap        ] GC(41) PSYoungGen: 21728K(50688K)->14463K(50688K) Eden: 0K(13312K)->0K(13312K) From: 21728K(37376K)->14463K(37376K)
[1.054s][info][gc,heap        ] GC(41) ParOldGen: 155155K(162304K)->161877K(200704K)
[1.054s][info][gc,metaspace   ] GC(41) Metaspace: 6298K(6464K)->6298K(6464K) NonClass: 5764K(5824K)->5764K(5824K) Class: 533K(640K)->533K(640K)
[1.054s][info][gc             ] GC(41) Pause Full (Ergonomics) 172M->172M(245M) 65.652ms
[1.054s][info][gc,cpu         ] GC(41) User=0.22s Sys=0.02s Real=0.07s
[1.086s][info][gc,start       ] GC(42) Pause Young (Allocation Failure)
[1.109s][info][gc,heap        ] GC(42) PSYoungGen: 27775K(50688K)->21120K(50688K) Eden: 13312K(13312K)->0K(13312K) From: 14463K(37376K)->21120K(37376K)
[1.109s][info][gc,heap        ] GC(42) ParOldGen: 161877K(200704K)->168749K(200704K)
[1.109s][info][gc,metaspace   ] GC(42) Metaspace: 6298K(6464K)->6298K(6464K) NonClass: 5764K(5824K)->5764K(5824K) Class: 533K(640K)->533K(640K)
[1.109s][info][gc             ] GC(42) Pause Young (Allocation Failure) 185M->185M(245M) 22.916ms
[1.109s][info][gc,cpu         ] GC(42) User=0.03s Sys=0.00s Real=0.02s
[1.123s][info][gc,start       ] GC(43) Pause Young (Allocation Failure)
[1.142s][info][gc,heap        ] GC(43) PSYoungGen: 34432K(50688K)->37344K(45568K) Eden: 13312K(13312K)->0K(8192K) From: 21120K(37376K)->37344K(37376K)
[1.142s][info][gc,heap        ] GC(43) ParOldGen: 168749K(200704K)->174029K(200704K)
[1.142s][info][gc,metaspace   ] GC(43) Metaspace: 6298K(6464K)->6298K(6464K) NonClass: 5764K(5824K)->5764K(5824K) Class: 533K(640K)->533K(640K)
[1.142s][info][gc             ] GC(43) Pause Young (Allocation Failure) 198M->206M(240M) 19.335ms
[1.142s][info][gc,cpu         ] GC(43) User=0.02s Sys=0.00s Real=0.02s
[1.151s][info][gc,start       ] GC(44) Pause Young (Allocation Failure)
[1.171s][info][gc,heap        ] GC(44) PSYoungGen: 45536K(45568K)->18784K(27136K) Eden: 8192K(8192K)->0K(8192K) From: 37344K(37376K)->18784K(18944K)
[1.171s][info][gc,heap        ] GC(44) ParOldGen: 174029K(200704K)->192837K(200704K)
[1.171s][info][gc,metaspace   ] GC(44) Metaspace: 6298K(6464K)->6298K(6464K) NonClass: 5764K(5824K)->5764K(5824K) Class: 533K(640K)->533K(640K)
[1.171s][info][gc             ] GC(44) Pause Young (Allocation Failure) 214M->206M(222M) 20.201ms
[1.171s][info][gc,cpu         ] GC(44) User=0.00s Sys=0.00s Real=0.02s
[1.171s][info][gc,start       ] GC(45) Pause Full (Ergonomics)
[1.171s][info][gc,phases,start] GC(45) Marking Phase
[1.220s][info][gc,phases      ] GC(45) Marking Phase 48.479ms
[1.220s][info][gc,phases,start] GC(45) Summary Phase
[1.220s][info][gc,phases      ] GC(45) Summary Phase 0.017ms
[1.220s][info][gc,phases,start] GC(45) Adjust Roots
[1.220s][info][gc,phases      ] GC(45) Adjust Roots 0.134ms
[1.220s][info][gc,phases,start] GC(45) Compaction Phase
[1.260s][info][gc,phases      ] GC(45) Compaction Phase 40.056ms
[1.260s][info][gc,phases,start] GC(45) Post Compact
[1.261s][info][gc,phases      ] GC(45) Post Compact 0.992ms
[1.261s][info][gc,heap        ] GC(45) PSYoungGen: 18784K(27136K)->6380K(27136K) Eden: 0K(8192K)->0K(8192K) From: 18784K(18944K)->6380K(18944K)
[1.261s][info][gc,heap        ] GC(45) ParOldGen: 192837K(200704K)->200599K(243200K)
[1.261s][info][gc,metaspace   ] GC(45) Metaspace: 6298K(6464K)->6298K(6464K) NonClass: 5764K(5824K)->5764K(5824K) Class: 533K(640K)->533K(640K)
[1.261s][info][gc             ] GC(45) Pause Full (Ergonomics) 206M->202M(264M) 90.178ms
[1.261s][info][gc,cpu         ] GC(45) User=0.31s Sys=0.00s Real=0.09s
[1.271s][info][gc,start       ] GC(46) Pause Young (Allocation Failure)
[1.288s][info][gc,heap        ] GC(46) PSYoungGen: 14572K(27136K)->8224K(50176K) Eden: 8192K(8192K)->0K(9216K) From: 6380K(18944K)->8224K(40960K)
[1.288s][info][gc,heap        ] GC(46) ParOldGen: 200599K(243200K)->207087K(243200K)
[1.288s][info][gc,metaspace   ] GC(46) Metaspace: 6298K(6464K)->6298K(6464K) NonClass: 5764K(5824K)->5764K(5824K) Class: 533K(640K)->533K(640K)
[1.289s][info][gc             ] GC(46) Pause Young (Allocation Failure) 210M->210M(286M) 17.317ms
[1.289s][info][gc,cpu         ] GC(46) User=0.03s Sys=0.00s Real=0.02s
[1.299s][info][gc,start       ] GC(47) Pause Young (Allocation Failure)
[1.308s][info][gc,heap        ] GC(47) PSYoungGen: 17440K(50176K)->9280K(51200K) Eden: 9216K(9216K)->0K(9216K) From: 8224K(40960K)->9280K(41984K)
[1.308s][info][gc,heap        ] GC(47) ParOldGen: 207087K(243200K)->215399K(243200K)
[1.308s][info][gc,metaspace   ] GC(47) Metaspace: 6298K(6464K)->6298K(6464K) NonClass: 5764K(5824K)->5764K(5824K) Class: 533K(640K)->533K(640K)
[1.308s][info][gc             ] GC(47) Pause Young (Allocation Failure) 219M->219M(287M) 9.358ms
[1.308s][info][gc,cpu         ] GC(47) User=0.02s Sys=0.00s Real=0.01s
[1.319s][info][gc,start       ] GC(48) Pause Young (Allocation Failure)
[1.329s][info][gc,heap        ] GC(48) PSYoungGen: 18496K(51200K)->9280K(49664K) Eden: 9216K(9216K)->0K(10752K) From: 9280K(41984K)->9280K(38912K)
[1.329s][info][gc,heap        ] GC(48) ParOldGen: 215399K(243200K)->224743K(243200K)
[1.329s][info][gc,metaspace   ] GC(48) Metaspace: 6298K(6464K)->6298K(6464K) NonClass: 5764K(5824K)->5764K(5824K) Class: 533K(640K)->533K(640K)
[1.330s][info][gc             ] GC(48) Pause Young (Allocation Failure) 228M->228M(286M) 10.242ms
[1.330s][info][gc,cpu         ] GC(48) User=0.02s Sys=0.00s Real=0.01s
[1.330s][info][gc,start       ] GC(49) Pause Full (Ergonomics)
[1.330s][info][gc,phases,start] GC(49) Marking Phase
[1.387s][info][gc,phases      ] GC(49) Marking Phase 57.287ms
[1.387s][info][gc,phases,start] GC(49) Summary Phase
[1.387s][info][gc,phases      ] GC(49) Summary Phase 0.019ms
[1.387s][info][gc,phases,start] GC(49) Adjust Roots
[1.387s][info][gc,phases      ] GC(49) Adjust Roots 0.186ms
[1.387s][info][gc,phases,start] GC(49) Compaction Phase
[1.415s][info][gc,phases      ] GC(49) Compaction Phase 27.570ms
[1.415s][info][gc,phases,start] GC(49) Post Compact
[1.416s][info][gc,phases      ] GC(49) Post Compact 1.041ms
[1.416s][info][gc,heap        ] GC(49) PSYoungGen: 9280K(49664K)->0K(50688K) Eden: 0K(10752K)->0K(10752K) From: 9280K(38912K)->0K(39936K)
[1.416s][info][gc,heap        ] GC(49) ParOldGen: 224743K(243200K)->233514K(275968K)
[1.416s][info][gc,metaspace   ] GC(49) Metaspace: 6298K(6464K)->6298K(6464K) NonClass: 5764K(5824K)->5764K(5824K) Class: 533K(640K)->533K(640K)
[1.416s][info][gc             ] GC(49) Pause Full (Ergonomics) 228M->228M(319M) 86.615ms
[1.416s][info][gc,cpu         ] GC(49) User=0.38s Sys=0.00s Real=0.09s
[1.428s][info][gc,start       ] GC(50) Pause Young (Allocation Failure)
[1.435s][info][gc,heap        ] GC(50) PSYoungGen: 10752K(50688K)->10848K(50176K) Eden: 10752K(10752K)->0K(12288K) From: 0K(39936K)->10848K(37888K)
[1.435s][info][gc,heap        ] GC(50) ParOldGen: 233514K(275968K)->233514K(275968K)
[1.435s][info][gc,metaspace   ] GC(50) Metaspace: 6298K(6464K)->6298K(6464K) NonClass: 5764K(5824K)->5764K(5824K) Class: 533K(640K)->533K(640K)
[1.435s][info][gc             ] GC(50) Pause Young (Allocation Failure) 238M->238M(318M) 6.732ms
[1.435s][info][gc,cpu         ] GC(50) User=0.02s Sys=0.00s Real=0.01s
[1.449s][info][gc,start       ] GC(51) Pause Young (Allocation Failure)
[1.461s][info][gc,heap        ] GC(51) PSYoungGen: 23136K(50176K)->23136K(51200K) Eden: 12288K(12288K)->0K(12288K) From: 10848K(37888K)->23136K(38912K)
[1.461s][info][gc,heap        ] GC(51) ParOldGen: 233514K(275968K)->233514K(275968K)
[1.461s][info][gc,metaspace   ] GC(51) Metaspace: 6298K(6464K)->6298K(6464K) NonClass: 5764K(5824K)->5764K(5824K) Class: 533K(640K)->533K(640K)
[1.461s][info][gc             ] GC(51) Pause Young (Allocation Failure) 250M->250M(319M) 11.788ms
[1.461s][info][gc,cpu         ] GC(51) User=0.00s Sys=0.00s Real=0.01s
[1.476s][info][gc,start       ] GC(52) Pause Young (Allocation Failure)
[1.493s][info][gc,heap        ] GC(52) PSYoungGen: 35424K(51200K)->35424K(47616K) Eden: 12288K(12288K)->0K(8704K) From: 23136K(38912K)->35424K(38912K)
[1.493s][info][gc,heap        ] GC(52) ParOldGen: 233514K(275968K)->233514K(275968K)
[1.493s][info][gc,metaspace   ] GC(52) Metaspace: 6298K(6464K)->6298K(6464K) NonClass: 5764K(5824K)->5764K(5824K) Class: 533K(640K)->533K(640K)
[1.493s][info][gc             ] GC(52) Pause Young (Allocation Failure) 262M->262M(316M) 16.497ms
[1.493s][info][gc,cpu         ] GC(52) User=0.03s Sys=0.00s Real=0.02s
[1.503s][info][gc,start       ] GC(53) Pause Young (Allocation Failure)
[1.523s][info][gc,heap        ] GC(53) PSYoungGen: 44128K(47616K)->44032K(52736K) Eden: 8704K(8704K)->0K(8704K) From: 35424K(38912K)->44032K(44032K)
[1.523s][info][gc,heap        ] GC(53) ParOldGen: 233514K(275968K)->233562K(275968K)
[1.523s][info][gc,metaspace   ] GC(53) Metaspace: 6298K(6464K)->6298K(6464K) NonClass: 5764K(5824K)->5764K(5824K) Class: 533K(640K)->533K(640K)
[1.523s][info][gc             ] GC(53) Pause Young (Allocation Failure) 271M->271M(321M) 19.698ms
[1.523s][info][gc,cpu         ] GC(53) User=0.09s Sys=0.00s Real=0.02s
[1.534s][info][gc,start       ] GC(54) Pause Young (Allocation Failure)
[1.557s][info][gc,heap        ] GC(54) PSYoungGen: 52736K(52736K)->29696K(60416K) Eden: 8704K(8704K)->0K(9728K) From: 44032K(44032K)->29696K(50688K)
[1.558s][info][gc,heap        ] GC(54) ParOldGen: 233562K(275968K)->256898K(275968K)
[1.558s][info][gc,metaspace   ] GC(54) Metaspace: 6298K(6464K)->6298K(6464K) NonClass: 5764K(5824K)->5764K(5824K) Class: 533K(640K)->533K(640K)
[1.558s][info][gc             ] GC(54) Pause Young (Allocation Failure) 279M->279M(328M) 23.707ms
[1.558s][info][gc,cpu         ] GC(54) User=0.12s Sys=0.00s Real=0.02s
[1.558s][info][gc,start       ] GC(55) Pause Full (Ergonomics)
[1.558s][info][gc,phases,start] GC(55) Marking Phase
[1.624s][info][gc,phases      ] GC(55) Marking Phase 65.841ms
[1.624s][info][gc,phases,start] GC(55) Summary Phase
[1.624s][info][gc,phases      ] GC(55) Summary Phase 0.026ms
[1.624s][info][gc,phases,start] GC(55) Adjust Roots
[1.624s][info][gc,phases      ] GC(55) Adjust Roots 0.167ms
[1.624s][info][gc,phases,start] GC(55) Compaction Phase
[1.655s][info][gc,phases      ] GC(55) Compaction Phase 31.250ms
[1.655s][info][gc,phases,start] GC(55) Post Compact
[1.656s][info][gc,phases      ] GC(55) Post Compact 1.290ms
[1.657s][info][gc,heap        ] GC(55) PSYoungGen: 29696K(60416K)->10148K(60416K) Eden: 0K(9728K)->0K(9728K) From: 29696K(50688K)->10148K(50688K)
[1.657s][info][gc,heap        ] GC(55) ParOldGen: 256898K(275968K)->275943K(324096K)
[1.657s][info][gc,metaspace   ] GC(55) Metaspace: 6298K(6464K)->6298K(6464K) NonClass: 5764K(5824K)->5764K(5824K) Class: 533K(640K)->533K(640K)
[1.657s][info][gc             ] GC(55) Pause Full (Ergonomics) 279M->279M(375M) 99.200ms
[1.657s][info][gc,cpu         ] GC(55) User=0.55s Sys=0.00s Real=0.10s
[1.668s][info][gc,start       ] GC(56) Pause Young (Allocation Failure)
[1.690s][info][gc,heap        ] GC(56) PSYoungGen: 19876K(60416K)->16384K(26112K) Eden: 9728K(9728K)->0K(9728K) From: 10148K(50688K)->16384K(16384K)
[1.690s][info][gc,heap        ] GC(56) ParOldGen: 275943K(324096K)->279615K(324096K)
[1.690s][info][gc,metaspace   ] GC(56) Metaspace: 6298K(6464K)->6298K(6464K) NonClass: 5764K(5824K)->5764K(5824K) Class: 533K(640K)->533K(640K)
[1.690s][info][gc             ] GC(56) Pause Young (Allocation Failure) 288M->289M(342M) 21.727ms
[1.690s][info][gc,cpu         ] GC(56) User=0.09s Sys=0.03s Real=0.02s
[1.701s][info][gc,start       ] GC(57) Pause Young (Allocation Failure)
[1.714s][info][gc,heap        ] GC(57) PSYoungGen: 26112K(26112K)->23360K(56320K) Eden: 9728K(9728K)->0K(11264K) From: 16384K(16384K)->23360K(45056K)
[1.714s][info][gc,heap        ] GC(57) ParOldGen: 279615K(324096K)->282447K(324096K)
[1.714s][info][gc,metaspace   ] GC(57) Metaspace: 6298K(6464K)->6298K(6464K) NonClass: 5764K(5824K)->5764K(5824K) Class: 533K(640K)->533K(640K)
[1.714s][info][gc             ] GC(57) Pause Young (Allocation Failure) 298M->298M(371M) 12.750ms
[1.714s][info][gc,cpu         ] GC(57) User=0.02s Sys=0.00s Real=0.01s
[1.728s][info][gc,start       ] GC(58) Pause Young (Allocation Failure)
[1.744s][info][gc,heap        ] GC(58) PSYoungGen: 34624K(56320K)->30816K(58368K) Eden: 11264K(11264K)->0K(11264K) From: 23360K(45056K)->30816K(47104K)
[1.744s][info][gc,heap        ] GC(58) ParOldGen: 282447K(324096K)->286319K(324096K)
[1.744s][info][gc,metaspace   ] GC(58) Metaspace: 6298K(6464K)->6298K(6464K) NonClass: 5764K(5824K)->5764K(5824K) Class: 533K(640K)->533K(640K)
[1.744s][info][gc             ] GC(58) Pause Young (Allocation Failure) 309M->309M(373M) 16.567ms
[1.744s][info][gc,cpu         ] GC(58) User=0.03s Sys=0.00s Real=0.02s
[1.758s][info][gc,start       ] GC(59) Pause Young (Allocation Failure)
[1.779s][info][gc,heap        ] GC(59) PSYoungGen: 42080K(58368K)->32352K(59904K) Eden: 11264K(11264K)->0K(11776K) From: 30816K(47104K)->32352K(48128K)
[1.779s][info][gc,heap        ] GC(59) ParOldGen: 286319K(324096K)->296191K(324096K)
[1.779s][info][gc,metaspace   ] GC(59) Metaspace: 6298K(6464K)->6298K(6464K) NonClass: 5764K(5824K)->5764K(5824K) Class: 533K(640K)->533K(640K)
[1.779s][info][gc             ] GC(59) Pause Young (Allocation Failure) 320M->320M(375M) 21.026ms
[1.779s][info][gc,cpu         ] GC(59) User=0.11s Sys=0.00s Real=0.02s
[1.794s][info][gc,start       ] GC(60) Pause Young (Allocation Failure)
[1.818s][info][gc,heap        ] GC(60) PSYoungGen: 44128K(59904K)->23168K(35328K) Eden: 11776K(11776K)->0K(11776K) From: 32352K(48128K)->23168K(23552K)
[1.818s][info][gc,heap        ] GC(60) ParOldGen: 296191K(324096K)->317439K(324096K)
[1.818s][info][gc,metaspace   ] GC(60) Metaspace: 6298K(6464K)->6298K(6464K) NonClass: 5764K(5824K)->5764K(5824K) Class: 533K(640K)->533K(640K)
[1.818s][info][gc             ] GC(60) Pause Young (Allocation Failure) 332M->332M(351M) 23.439ms
[1.818s][info][gc,cpu         ] GC(60) User=0.09s Sys=0.02s Real=0.02s
[1.818s][info][gc,start       ] GC(61) Pause Full (Ergonomics)
[1.818s][info][gc,phases,start] GC(61) Marking Phase
[1.893s][info][gc,phases      ] GC(61) Marking Phase 75.210ms
[1.893s][info][gc,phases,start] GC(61) Summary Phase
[1.893s][info][gc,phases      ] GC(61) Summary Phase 0.043ms
[1.893s][info][gc,phases,start] GC(61) Adjust Roots
[1.894s][info][gc,phases      ] GC(61) Adjust Roots 0.197ms
[1.894s][info][gc,phases,start] GC(61) Compaction Phase
[1.933s][info][gc,phases      ] GC(61) Compaction Phase 39.642ms
[1.933s][info][gc,phases,start] GC(61) Post Compact
[1.935s][info][gc,phases      ] GC(61) Post Compact 1.465ms
[1.935s][info][gc,heap        ] GC(61) PSYoungGen: 23168K(35328K)->15818K(35328K) Eden: 0K(11776K)->0K(11776K) From: 23168K(23552K)->15818K(23552K)
[1.935s][info][gc,heap        ] GC(61) ParOldGen: 317439K(324096K)->323863K(376832K)
[1.935s][info][gc,metaspace   ] GC(61) Metaspace: 6298K(6464K)->6298K(6464K) NonClass: 5764K(5824K)->5764K(5824K) Class: 533K(640K)->533K(640K)
[1.935s][info][gc             ] GC(61) Pause Full (Ergonomics) 332M->331M(402M) 117.167ms
[1.935s][info][gc,cpu         ] GC(61) User=0.70s Sys=0.00s Real=0.12s
[1.949s][info][gc,start       ] GC(62) Pause Young (Allocation Failure)
[1.977s][info][gc,heap        ] GC(62) PSYoungGen: 27594K(35328K)->11872K(58368K) Eden: 11776K(11776K)->0K(13312K) From: 15818K(23552K)->11872K(45056K)
[1.977s][info][gc,heap        ] GC(62) ParOldGen: 323863K(376832K)->339927K(376832K)
[1.977s][info][gc,metaspace   ] GC(62) Metaspace: 6298K(6464K)->6298K(6464K) NonClass: 5764K(5824K)->5764K(5824K) Class: 533K(640K)->533K(640K)
[1.977s][info][gc             ] GC(62) Pause Young (Allocation Failure) 343M->343M(425M) 28.822ms
[1.977s][info][gc,cpu         ] GC(62) User=0.12s Sys=0.00s Real=0.03s
[2.059s][info][gc,start       ] GC(63) Pause Full (Ergonomics)
[2.059s][info][gc,phases,start] GC(63) Marking Phase
[2.140s][info][gc,phases      ] GC(63) Marking Phase 80.484ms
[2.140s][info][gc,phases,start] GC(63) Summary Phase
[2.140s][info][gc,phases      ] GC(63) Summary Phase 0.032ms
[2.140s][info][gc,phases,start] GC(63) Adjust Roots
[2.140s][info][gc,phases      ] GC(63) Adjust Roots 0.162ms
[2.140s][info][gc,phases,start] GC(63) Compaction Phase
[2.210s][info][gc,phases      ] GC(63) Compaction Phase 69.822ms
[2.210s][info][gc,phases,start] GC(63) Post Compact
[2.212s][info][gc,phases      ] GC(63) Post Compact 1.992ms
[2.212s][info][gc,heap        ] GC(63) PSYoungGen: 25184K(58368K)->0K(59392K) Eden: 13312K(13312K)->0K(13312K) From: 11872K(45056K)->0K(46080K)
[2.212s][info][gc,heap        ] GC(63) ParOldGen: 356311K(376832K)->372892K(431104K)
[2.212s][info][gc,metaspace   ] GC(63) Metaspace: 6298K(6464K)->6298K(6464K) NonClass: 5764K(5824K)->5764K(5824K) Class: 533K(640K)->533K(640K)
[2.212s][info][gc             ] GC(63) Pause Full (Ergonomics) 372M->364M(479M) 153.112ms
[2.212s][info][gc,cpu         ] GC(63) User=0.91s Sys=0.03s Real=0.15s
[2.227s][info][gc,start       ] GC(64) Pause Young (Allocation Failure)
[2.236s][info][gc,heap        ] GC(64) PSYoungGen: 13312K(59392K)->13440K(59904K) Eden: 13312K(13312K)->0K(14848K) From: 0K(46080K)->13440K(45056K)
[2.236s][info][gc,heap        ] GC(64) ParOldGen: 372892K(431104K)->372892K(431104K)
[2.236s][info][gc,metaspace   ] GC(64) Metaspace: 6298K(6464K)->6298K(6464K) NonClass: 5764K(5824K)->5764K(5824K) Class: 533K(640K)->533K(640K)
[2.236s][info][gc             ] GC(64) Pause Young (Allocation Failure) 377M->377M(479M) 9.110ms
[2.236s][info][gc,cpu         ] GC(64) User=0.00s Sys=0.00s Real=0.01s
[2.251s][info][gc,start       ] GC(65) Pause Young (Allocation Failure)
[2.266s][info][gc,heap        ] GC(65) PSYoungGen: 28288K(59904K)->28288K(60416K) Eden: 14848K(14848K)->0K(14848K) From: 13440K(45056K)->28288K(45568K)
[2.266s][info][gc,heap        ] GC(65) ParOldGen: 372892K(431104K)->372892K(431104K)
[2.266s][info][gc,metaspace   ] GC(65) Metaspace: 6298K(6464K)->6298K(6464K) NonClass: 5764K(5824K)->5764K(5824K) Class: 533K(640K)->533K(640K)
[2.266s][info][gc             ] GC(65) Pause Young (Allocation Failure) 391M->391M(480M) 14.703ms
[2.266s][info][gc,cpu         ] GC(65) User=0.00s Sys=0.00s Real=0.01s
[2.281s][info][gc,start       ] GC(66) Pause Young (Allocation Failure)
[2.302s][info][gc,heap        ] GC(66) PSYoungGen: 43136K(60416K)->43168K(56832K) Eden: 14848K(14848K)->0K(11264K) From: 28288K(45568K)->43168K(45568K)
[2.302s][info][gc,heap        ] GC(66) ParOldGen: 372892K(431104K)->372892K(431104K)
[2.302s][info][gc,metaspace   ] GC(66) Metaspace: 6298K(6464K)->6298K(6464K) NonClass: 5764K(5824K)->5764K(5824K) Class: 533K(640K)->533K(640K)
[2.302s][info][gc             ] GC(66) Pause Young (Allocation Failure) 406M->406M(476M) 21.035ms
[2.302s][info][gc,cpu         ] GC(66) User=0.06s Sys=0.06s Real=0.02s
[2.315s][info][gc,start       ] GC(67) Pause Young (Allocation Failure)
[2.339s][info][gc,heap        ] GC(67) PSYoungGen: 54432K(56832K)->51200K(62464K) Eden: 11264K(11264K)->0K(11264K) From: 43168K(45568K)->51200K(51200K)
[2.339s][info][gc,heap        ] GC(67) ParOldGen: 372892K(431104K)->376028K(431104K)
[2.339s][info][gc,metaspace   ] GC(67) Metaspace: 6298K(6464K)->6298K(6464K) NonClass: 5764K(5824K)->5764K(5824K) Class: 533K(640K)->533K(640K)
[2.339s][info][gc             ] GC(67) Pause Young (Allocation Failure) 417M->417M(482M) 24.597ms
[2.339s][info][gc,cpu         ] GC(67) User=0.14s Sys=0.00s Real=0.02s
[2.352s][info][gc,start       ] GC(68) Pause Young (Allocation Failure)
[2.381s][info][gc,heap        ] GC(68) PSYoungGen: 62464K(62464K)->36544K(71680K) Eden: 11264K(11264K)->0K(12288K) From: 51200K(51200K)->36544K(59392K)
[2.381s][info][gc,heap        ] GC(68) ParOldGen: 376028K(431104K)->402404K(431104K)
[2.381s][info][gc,metaspace   ] GC(68) Metaspace: 6298K(6464K)->6298K(6464K) NonClass: 5764K(5824K)->5764K(5824K) Class: 533K(640K)->533K(640K)
[2.381s][info][gc             ] GC(68) Pause Young (Allocation Failure) 428M->428M(491M) 28.739ms
[2.381s][info][gc,cpu         ] GC(68) User=0.09s Sys=0.03s Real=0.03s
[2.394s][info][gc,start       ] GC(69) Pause Young (Allocation Failure)
[2.418s][info][gc,heap        ] GC(69) PSYoungGen: 48832K(71680K)->23648K(36352K) Eden: 12288K(12288K)->0K(12288K) From: 36544K(59392K)->23648K(24064K)
[2.418s][info][gc,heap        ] GC(69) ParOldGen: 402404K(431104K)->427876K(431104K)
[2.418s][info][gc,metaspace   ] GC(69) Metaspace: 6298K(6464K)->6298K(6464K) NonClass: 5764K(5824K)->5764K(5824K) Class: 533K(640K)->533K(640K)
[2.418s][info][gc             ] GC(69) Pause Young (Allocation Failure) 440M->440M(456M) 23.776ms
[2.418s][info][gc,cpu         ] GC(69) User=0.11s Sys=0.03s Real=0.02s
[2.418s][info][gc,start       ] GC(70) Pause Full (Ergonomics)
[2.418s][info][gc,phases,start] GC(70) Marking Phase
[2.531s][info][gc,phases      ] GC(70) Marking Phase 112.976ms
[2.531s][info][gc,phases,start] GC(70) Summary Phase
[2.531s][info][gc,phases      ] GC(70) Summary Phase 0.028ms
[2.531s][info][gc,phases,start] GC(70) Adjust Roots
[2.531s][info][gc,phases      ] GC(70) Adjust Roots 0.278ms
[2.532s][info][gc,phases,start] GC(70) Compaction Phase
[2.585s][info][gc,phases      ] GC(70) Compaction Phase 53.225ms
[2.585s][info][gc,phases,start] GC(70) Post Compact
[2.587s][info][gc,phases      ] GC(70) Post Compact 2.472ms
[2.588s][info][gc,heap        ] GC(70) PSYoungGen: 23648K(36352K)->19914K(36352K) Eden: 0K(12288K)->0K(12288K) From: 23648K(24064K)->19914K(24064K)
[2.588s][info][gc,heap        ] GC(70) ParOldGen: 427876K(431104K)->430622K(499200K)
[2.588s][info][gc,metaspace   ] GC(70) Metaspace: 6298K(6464K)->6298K(6464K) NonClass: 5764K(5824K)->5764K(5824K) Class: 533K(640K)->533K(640K)
[2.588s][info][gc             ] GC(70) Pause Full (Ergonomics) 440M->439M(523M) 169.649ms
[2.588s][info][gc,cpu         ] GC(70) User=1.02s Sys=0.00s Real=0.17s
[2.602s][info][gc,start       ] GC(71) Pause Young (Allocation Failure)
[2.639s][info][gc,heap        ] GC(71) PSYoungGen: 32202K(36352K)->12416K(69632K) Eden: 12288K(12288K)->0K(13824K) From: 19914K(24064K)->12416K(55808K)
[2.639s][info][gc,heap        ] GC(71) ParOldGen: 430622K(499200K)->450862K(499200K)
[2.639s][info][gc,metaspace   ] GC(71) Metaspace: 6298K(6464K)->6298K(6464K) NonClass: 5764K(5824K)->5764K(5824K) Class: 533K(640K)->533K(640K)
[2.639s][info][gc             ] GC(71) Pause Young (Allocation Failure) 451M->452M(555M) 36.916ms
[2.639s][info][gc,cpu         ] GC(71) User=0.16s Sys=0.00s Real=0.04s
[2.654s][info][gc,start       ] GC(72) Pause Young (Allocation Failure)
[2.670s][info][gc,heap        ] GC(72) PSYoungGen: 26240K(69632K)->13952K(70656K) Eden: 13824K(13824K)->0K(13824K) From: 12416K(55808K)->13952K(56832K)
[2.670s][info][gc,heap        ] GC(72) ParOldGen: 450862K(499200K)->463334K(499200K)
[2.670s][info][gc,metaspace   ] GC(72) Metaspace: 6298K(6464K)->6298K(6464K) NonClass: 5764K(5824K)->5764K(5824K) Class: 533K(640K)->533K(640K)
[2.670s][info][gc             ] GC(72) Pause Young (Allocation Failure) 465M->466M(556M) 15.954ms
[2.670s][info][gc,cpu         ] GC(72) User=0.02s Sys=0.00s Real=0.02s
[2.687s][info][gc,start       ] GC(73) Pause Young (Allocation Failure)
[2.704s][info][gc,heap        ] GC(73) PSYoungGen: 27776K(70656K)->13952K(69120K) Eden: 13824K(13824K)->0K(15872K) From: 13952K(56832K)->13952K(53248K)
[2.704s][info][gc,heap        ] GC(73) ParOldGen: 463334K(499200K)->477342K(499200K)
[2.704s][info][gc,metaspace   ] GC(73) Metaspace: 6298K(6464K)->6298K(6464K) NonClass: 5764K(5824K)->5764K(5824K) Class: 533K(640K)->533K(640K)
[2.704s][info][gc             ] GC(73) Pause Young (Allocation Failure) 479M->479M(555M) 16.529ms
[2.704s][info][gc,cpu         ] GC(73) User=0.02s Sys=0.00s Real=0.02s
[2.704s][info][gc,start       ] GC(74) Pause Full (Ergonomics)
[2.704s][info][gc,phases,start] GC(74) Marking Phase
[2.834s][info][gc,phases      ] GC(74) Marking Phase 130.103ms
[2.834s][info][gc,phases,start] GC(74) Summary Phase
[2.834s][info][gc,phases      ] GC(74) Summary Phase 0.051ms
[2.834s][info][gc,phases,start] GC(74) Adjust Roots
[2.835s][info][gc,phases      ] GC(74) Adjust Roots 0.315ms
[2.835s][info][gc,phases,start] GC(74) Compaction Phase
[2.888s][info][gc,phases      ] GC(74) Compaction Phase 53.002ms
[2.888s][info][gc,phases,start] GC(74) Post Compact
[2.892s][info][gc,phases      ] GC(74) Post Compact 3.883ms
[2.892s][info][gc,heap        ] GC(74) PSYoungGen: 13952K(69120K)->0K(70656K) Eden: 0K(15872K)->0K(15872K) From: 13952K(53248K)->0K(54784K)
[2.892s][info][gc,heap        ] GC(74) ParOldGen: 477342K(499200K)->490383K(562176K)
[2.892s][info][gc,metaspace   ] GC(74) Metaspace: 6298K(6464K)->6298K(6464K) NonClass: 5764K(5824K)->5764K(5824K) Class: 533K(640K)->533K(640K)
[2.892s][info][gc             ] GC(74) Pause Full (Ergonomics) 479M->478M(618M) 188.095ms
[2.892s][info][gc,cpu         ] GC(74) User=1.08s Sys=0.05s Real=0.19s
[2.916s][info][gc,start       ] GC(75) Pause Young (Allocation Failure)
[2.926s][info][gc,heap        ] GC(75) PSYoungGen: 15872K(70656K)->16032K(68608K) Eden: 15872K(15872K)->0K(17408K) From: 0K(54784K)->16032K(51200K)
[2.926s][info][gc,heap        ] GC(75) ParOldGen: 490383K(562176K)->490383K(562176K)
[2.926s][info][gc,metaspace   ] GC(75) Metaspace: 6298K(6464K)->6298K(6464K) NonClass: 5764K(5824K)->5764K(5824K) Class: 533K(640K)->533K(640K)
[2.926s][info][gc             ] GC(75) Pause Young (Allocation Failure) 494M->494M(616M) 10.131ms
[2.926s][info][gc,cpu         ] GC(75) User=0.00s Sys=0.00s Real=0.01s
[2.945s][info][gc,start       ] GC(76) Pause Young (Allocation Failure)
[2.964s][info][gc,heap        ] GC(76) PSYoungGen: 33440K(68608K)->33408K(70656K) Eden: 17408K(17408K)->0K(17408K) From: 16032K(51200K)->33408K(53248K)
[2.964s][info][gc,heap        ] GC(76) ParOldGen: 490383K(562176K)->490383K(562176K)
[2.964s][info][gc,metaspace   ] GC(76) Metaspace: 6298K(6464K)->6298K(6464K) NonClass: 5764K(5824K)->5764K(5824K) Class: 533K(640K)->533K(640K)
[2.964s][info][gc             ] GC(76) Pause Young (Allocation Failure) 511M->511M(618M) 18.170ms
[2.964s][info][gc,cpu         ] GC(76) User=0.12s Sys=0.00s Real=0.02s
[2.985s][info][gc,start       ] GC(77) Pause Young (Allocation Failure)
[3.013s][info][gc,heap        ] GC(77) PSYoungGen: 50816K(70656K)->50848K(66048K) Eden: 17408K(17408K)->0K(12288K) From: 33408K(53248K)->50848K(53760K)
[3.013s][info][gc,heap        ] GC(77) ParOldGen: 490383K(562176K)->490383K(562176K)
[3.013s][info][gc,metaspace   ] GC(77) Metaspace: 6298K(6464K)->6298K(6464K) NonClass: 5764K(5824K)->5764K(5824K) Class: 533K(640K)->533K(640K)
[3.013s][info][gc             ] GC(77) Pause Young (Allocation Failure) 528M->528M(613M) 27.691ms
[3.013s][info][gc,cpu         ] GC(77) User=0.12s Sys=0.00s Real=0.03s
[3.028s][info][gc,start       ] GC(78) Pause Young (Allocation Failure)
[3.059s][info][gc,heap        ] GC(78) PSYoungGen: 63136K(66048K)->60928K(73216K) Eden: 12288K(12288K)->0K(12288K) From: 50848K(53760K)->60928K(60928K)
[3.059s][info][gc,heap        ] GC(78) ParOldGen: 490383K(562176K)->492487K(562176K)
[3.059s][info][gc,metaspace   ] GC(78) Metaspace: 6298K(6464K)->6298K(6464K) NonClass: 5764K(5824K)->5764K(5824K) Class: 533K(640K)->533K(640K)
[3.059s][info][gc             ] GC(78) Pause Young (Allocation Failure) 540M->540M(620M) 30.913ms
[3.059s][info][gc,cpu         ] GC(78) User=0.11s Sys=0.00s Real=0.03s
[3.075s][info][gc,start       ] GC(79) Pause Young (Allocation Failure)
[3.111s][info][gc,heap        ] GC(79) PSYoungGen: 73216K(73216K)->41216K(83968K) Eden: 12288K(12288K)->0K(13824K) From: 60928K(60928K)->41216K(70144K)
[3.111s][info][gc,heap        ] GC(79) ParOldGen: 492487K(562176K)->525047K(562176K)
[3.111s][info][gc,metaspace   ] GC(79) Metaspace: 6298K(6464K)->6298K(6464K) NonClass: 5764K(5824K)->5764K(5824K) Class: 533K(640K)->533K(640K)
[3.111s][info][gc             ] GC(79) Pause Young (Allocation Failure) 552M->552M(631M) 36.077ms
[3.111s][info][gc,cpu         ] GC(79) User=0.23s Sys=0.02s Real=0.04s
[3.129s][info][gc,start       ] GC(80) Pause Young (Allocation Failure)
[3.156s][info][gc,heap        ] GC(80) PSYoungGen: 55040K(83968K)->38112K(84480K) Eden: 13824K(13824K)->0K(13824K) From: 41216K(70144K)->38112K(70656K)
[3.156s][info][gc,heap        ] GC(80) ParOldGen: 525047K(562176K)->542191K(562176K)
[3.156s][info][gc,metaspace   ] GC(80) Metaspace: 6298K(6464K)->6298K(6464K) NonClass: 5764K(5824K)->5764K(5824K) Class: 533K(640K)->533K(640K)
[3.156s][info][gc             ] GC(80) Pause Young (Allocation Failure) 566M->566M(631M) 27.410ms
[3.156s][info][gc,cpu         ] GC(80) User=0.12s Sys=0.00s Real=0.03s
[3.156s][info][gc,start       ] GC(81) Pause Full (Ergonomics)
[3.156s][info][gc,phases,start] GC(81) Marking Phase
[3.299s][info][gc,phases      ] GC(81) Marking Phase 142.490ms
[3.299s][info][gc,phases,start] GC(81) Summary Phase
[3.299s][info][gc,phases      ] GC(81) Summary Phase 0.030ms
[3.299s][info][gc,phases,start] GC(81) Adjust Roots
[3.299s][info][gc,phases      ] GC(81) Adjust Roots 0.289ms
[3.299s][info][gc,phases,start] GC(81) Compaction Phase
[3.355s][info][gc,phases      ] GC(81) Compaction Phase 55.877ms
[3.355s][info][gc,phases,start] GC(81) Post Compact
[3.356s][info][gc,phases      ] GC(81) Post Compact 0.994ms
[3.357s][info][gc,heap        ] GC(81) PSYoungGen: 38112K(84480K)->17469K(84480K) Eden: 0K(13824K)->0K(13824K) From: 38112K(70656K)->17469K(70656K)
[3.357s][info][gc,heap        ] GC(81) ParOldGen: 542191K(562176K)->561813K(641024K)
[3.357s][info][gc,metaspace   ] GC(81) Metaspace: 6298K(6464K)->6298K(6464K) NonClass: 5764K(5824K)->5764K(5824K) Class: 533K(640K)->533K(640K)
[3.357s][info][gc             ] GC(81) Pause Full (Ergonomics) 566M->565M(708M) 200.312ms
[3.357s][info][gc,cpu         ] GC(81) User=1.39s Sys=0.00s Real=0.20s
[3.372s][info][gc,start       ] GC(82) Pause Young (Allocation Failure)
[3.414s][info][gc,heap        ] GC(82) PSYoungGen: 31293K(84480K)->20128K(80384K) Eden: 13824K(13824K)->0K(15360K) From: 17469K(70656K)->20128K(65024K)
[3.414s][info][gc,heap        ] GC(82) ParOldGen: 561813K(641024K)->573277K(641024K)
[3.414s][info][gc,metaspace   ] GC(82) Metaspace: 6298K(6464K)->6298K(6464K) NonClass: 5764K(5824K)->5764K(5824K) Class: 533K(640K)->533K(640K)
[3.414s][info][gc             ] GC(82) Pause Young (Allocation Failure) 579M->579M(704M) 42.011ms
[3.415s][info][gc,cpu         ] GC(82) User=0.23s Sys=0.00s Real=0.04s
[3.435s][info][gc,start       ] GC(83) Pause Young (Allocation Failure)
[3.454s][info][gc,heap        ] GC(83) PSYoungGen: 35488K(80384K)->29312K(45056K) Eden: 15360K(15360K)->0K(15360K) From: 20128K(65024K)->29312K(29696K)
[3.455s][info][gc,heap        ] GC(83) ParOldGen: 573277K(641024K)->579565K(641024K)
[3.455s][info][gc,metaspace   ] GC(83) Metaspace: 6298K(6464K)->6298K(6464K) NonClass: 5764K(5824K)->5764K(5824K) Class: 533K(640K)->533K(640K)
[3.455s][info][gc             ] GC(83) Pause Young (Allocation Failure) 594M->594M(670M) 20.006ms
[3.455s][info][gc,cpu         ] GC(83) User=0.11s Sys=0.02s Real=0.02s
[3.475s][info][gc,start       ] GC(84) Pause Young (Allocation Failure)
[3.500s][info][gc,heap        ] GC(84) PSYoungGen: 44672K(45056K)->30848K(74240K) Eden: 15360K(15360K)->0K(16896K) From: 29312K(29696K)->30848K(57344K)
[3.500s][info][gc,heap        ] GC(84) ParOldGen: 579565K(641024K)->593589K(641024K)
[3.500s][info][gc,metaspace   ] GC(84) Metaspace: 6298K(6464K)->6298K(6464K) NonClass: 5764K(5824K)->5764K(5824K) Class: 533K(640K)->533K(640K)
[3.500s][info][gc             ] GC(84) Pause Young (Allocation Failure) 609M->609M(698M) 24.695ms
[3.500s][info][gc,cpu         ] GC(84) User=0.03s Sys=0.06s Real=0.02s
[3.522s][info][gc,start       ] GC(85) Pause Young (Allocation Failure)
[3.548s][info][gc,heap        ] GC(85) PSYoungGen: 47744K(74240K)->32384K(77824K) Eden: 16896K(16896K)->0K(16896K) From: 30848K(57344K)->32384K(60928K)
[3.548s][info][gc,heap        ] GC(85) ParOldGen: 593589K(641024K)->609149K(641024K)
[3.548s][info][gc,metaspace   ] GC(85) Metaspace: 6298K(6464K)->6298K(6464K) NonClass: 5764K(5824K)->5764K(5824K) Class: 533K(640K)->533K(640K)
[3.548s][info][gc             ] GC(85) Pause Young (Allocation Failure) 626M->626M(702M) 25.498ms
[3.548s][info][gc,cpu         ] GC(85) User=0.12s Sys=0.02s Real=0.03s
[3.568s][info][gc,start       ] GC(86) Pause Young (Allocation Failure)
[3.595s][info][gc,heap        ] GC(86) PSYoungGen: 49280K(77824K)->33952K(73728K) Eden: 16896K(16896K)->0K(18944K) From: 32384K(60928K)->33952K(54784K)
[3.595s][info][gc,heap        ] GC(86) ParOldGen: 609149K(641024K)->624733K(641024K)
[3.595s][info][gc,metaspace   ] GC(86) Metaspace: 6298K(6464K)->6298K(6464K) NonClass: 5764K(5824K)->5764K(5824K) Class: 533K(640K)->533K(640K)
[3.595s][info][gc             ] GC(86) Pause Young (Allocation Failure) 642M->643M(698M) 27.545ms
[3.595s][info][gc,cpu         ] GC(86) User=0.14s Sys=0.00s Real=0.03s
[3.595s][info][gc,start       ] GC(87) Pause Full (Ergonomics)
[3.595s][info][gc,phases,start] GC(87) Marking Phase
[3.779s][info][gc,phases      ] GC(87) Marking Phase 183.885ms
[3.779s][info][gc,phases,start] GC(87) Summary Phase
[3.779s][info][gc,phases      ] GC(87) Summary Phase 0.041ms
[3.779s][info][gc,phases,start] GC(87) Adjust Roots
[3.779s][info][gc,phases      ] GC(87) Adjust Roots 0.289ms
[3.780s][info][gc,phases,start] GC(87) Compaction Phase
[3.852s][info][gc,phases      ] GC(87) Compaction Phase 72.526ms
[3.852s][info][gc,phases,start] GC(87) Post Compact
[3.854s][info][gc,phases      ] GC(87) Post Compact 1.532ms
[3.854s][info][gc,heap        ] GC(87) PSYoungGen: 33952K(73728K)->16858K(75776K) Eden: 0K(18944K)->0K(20992K) From: 33952K(54784K)->16858K(54784K)
[3.854s][info][gc,heap        ] GC(87) ParOldGen: 624733K(641024K)->640593K(719872K)
[3.854s][info][gc,metaspace   ] GC(87) Metaspace: 6298K(6464K)->6298K(6464K) NonClass: 5764K(5824K)->5764K(5824K) Class: 533K(640K)->533K(640K)
[3.854s][info][gc             ] GC(87) Pause Full (Ergonomics) 643M->642M(777M) 259.079ms
[3.854s][info][gc,cpu         ] GC(87) User=1.42s Sys=0.00s Real=0.26s
[3.881s][info][gc,start       ] GC(88) Pause Young (Allocation Failure)
[3.941s][info][gc,heap        ] GC(88) PSYoungGen: 37850K(75776K)->30144K(77824K) Eden: 20992K(20992K)->0K(20992K) From: 16858K(54784K)->30144K(56832K)
[3.941s][info][gc,heap        ] GC(88) ParOldGen: 640593K(719872K)->648617K(719872K)
[3.941s][info][gc,metaspace   ] GC(88) Metaspace: 6298K(6464K)->6298K(6464K) NonClass: 5764K(5824K)->5764K(5824K) Class: 533K(640K)->533K(640K)
[3.941s][info][gc             ] GC(88) Pause Young (Allocation Failure) 662M->662M(779M) 59.659ms
[3.941s][info][gc,cpu         ] GC(88) User=0.30s Sys=0.02s Real=0.06s
[3.971s][info][gc,start       ] GC(89) Pause Young (Allocation Failure)
[4.000s][info][gc,heap        ] GC(89) PSYoungGen: 51136K(77824K)->51136K(73216K) Eden: 20992K(20992K)->0K(18432K) From: 30144K(56832K)->51136K(54784K)
[4.000s][info][gc,heap        ] GC(89) ParOldGen: 648617K(719872K)->648617K(719872K)
[4.000s][info][gc,metaspace   ] GC(89) Metaspace: 6298K(6464K)->6298K(6464K) NonClass: 5764K(5824K)->5764K(5824K) Class: 533K(640K)->533K(640K)
[4.000s][info][gc             ] GC(89) Pause Young (Allocation Failure) 683M->683M(774M) 29.577ms
[4.000s][info][gc,cpu         ] GC(89) User=0.16s Sys=0.00s Real=0.03s
[4.170s][info][gc,start       ] GC(90) Pause Young (Allocation Failure)
[4.224s][info][gc,heap        ] GC(90) PSYoungGen: 69568K(73216K)->59904K(78336K) Eden: 18432K(18432K)->0K(18432K) From: 51136K(54784K)->59904K(59904K)
[4.224s][info][gc,heap        ] GC(90) ParOldGen: 681385K(719872K)->691057K(719872K)
[4.224s][info][gc,metaspace   ] GC(90) Metaspace: 6298K(6464K)->6298K(6464K) NonClass: 5764K(5824K)->5764K(5824K) Class: 533K(640K)->533K(640K)
[4.224s][info][gc             ] GC(90) Pause Young (Allocation Failure) 733M->733M(779M) 54.633ms
[4.224s][info][gc,cpu         ] GC(90) User=0.25s Sys=0.00s Real=0.05s
[4.244s][info][gc,start       ] GC(91) Pause Young (Allocation Failure)
[4.287s][info][gc,heap        ] GC(91) PSYoungGen: 78336K(78336K)->52096K(89088K) Eden: 18432K(18432K)->0K(18432K) From: 59904K(59904K)->52096K(70656K)
[4.287s][info][gc,heap        ] GC(91) ParOldGen: 691057K(719872K)->717793K(719872K)
[4.287s][info][gc,metaspace   ] GC(91) Metaspace: 6298K(6464K)->6298K(6464K) NonClass: 5764K(5824K)->5764K(5824K) Class: 533K(640K)->533K(640K)
[4.287s][info][gc             ] GC(91) Pause Young (Allocation Failure) 751M->751M(790M) 42.905ms
[4.287s][info][gc,cpu         ] GC(91) User=0.19s Sys=0.02s Real=0.04s
[4.287s][info][gc,start       ] GC(92) Pause Full (Ergonomics)
[4.287s][info][gc,phases,start] GC(92) Marking Phase
[4.459s][info][gc,phases      ] GC(92) Marking Phase 172.766ms
[4.460s][info][gc,phases,start] GC(92) Summary Phase
[4.460s][info][gc,phases      ] GC(92) Summary Phase 0.030ms
[4.460s][info][gc,phases,start] GC(92) Adjust Roots
[4.460s][info][gc,phases      ] GC(92) Adjust Roots 0.216ms
[4.460s][info][gc,phases,start] GC(92) Compaction Phase
[4.600s][info][gc,phases      ] GC(92) Compaction Phase 139.973ms
[4.600s][info][gc,phases,start] GC(92) Post Compact
[4.602s][info][gc,phases      ] GC(92) Post Compact 1.630ms
[4.602s][info][gc,heap        ] GC(92) PSYoungGen: 52096K(89088K)->32932K(89088K) Eden: 0K(18432K)->0K(18432K) From: 52096K(70656K)->32932K(70656K)
[4.602s][info][gc,heap        ] GC(92) ParOldGen: 717793K(719872K)->719621K(804864K)
[4.602s][info][gc,metaspace   ] GC(92) Metaspace: 6298K(6464K)->6298K(6464K) NonClass: 5764K(5824K)->5764K(5824K) Class: 533K(640K)->533K(640K)
[4.602s][info][gc             ] GC(92) Pause Full (Ergonomics) 751M->734M(873M) 315.325ms
[4.602s][info][gc,cpu         ] GC(92) User=1.94s Sys=0.00s Real=0.32s
[4.621s][info][gc,start       ] GC(93) Pause Young (Allocation Failure)
[4.675s][info][gc,heap        ] GC(93) PSYoungGen: 51364K(89088K)->41632K(91136K) Eden: 18432K(18432K)->0K(18432K) From: 32932K(70656K)->41632K(72704K)
[4.675s][info][gc,heap        ] GC(93) ParOldGen: 719621K(804864K)->729669K(804864K)
[4.675s][info][gc,metaspace   ] GC(93) Metaspace: 6298K(6464K)->6298K(6464K) NonClass: 5764K(5824K)->5764K(5824K) Class: 533K(640K)->533K(640K)
[4.675s][info][gc             ] GC(93) Pause Young (Allocation Failure) 752M->753M(875M) 53.958ms
[4.675s][info][gc,cpu         ] GC(93) User=0.38s Sys=0.00s Real=0.05s
[4.695s][info][gc,start       ] GC(94) Pause Young (Allocation Failure)
[4.725s][info][gc,heap        ] GC(94) PSYoungGen: 60064K(91136K)->60096K(86528K) Eden: 18432K(18432K)->0K(15872K) From: 41632K(72704K)->60096K(70656K)
[4.725s][info][gc,heap        ] GC(94) ParOldGen: 729669K(804864K)->729669K(804864K)
[4.725s][info][gc,metaspace   ] GC(94) Metaspace: 6298K(6464K)->6298K(6464K) NonClass: 5764K(5824K)->5764K(5824K) Class: 533K(640K)->533K(640K)
[4.725s][info][gc             ] GC(94) Pause Young (Allocation Failure) 771M->771M(870M) 29.720ms
[4.725s][info][gc,cpu         ] GC(94) User=0.14s Sys=0.00s Real=0.03s
[4.742s][info][gc,start       ] GC(95) Pause Young (Allocation Failure)
[4.777s][info][gc,heap        ] GC(95) PSYoungGen: 75968K(86528K)->65984K(91136K) Eden: 15872K(15872K)->0K(15872K) From: 60096K(70656K)->65984K(75264K)
[4.777s][info][gc,heap        ] GC(95) ParOldGen: 729669K(804864K)->739757K(804864K)
[4.777s][info][gc,metaspace   ] GC(95) Metaspace: 6298K(6464K)->6298K(6464K) NonClass: 5764K(5824K)->5764K(5824K) Class: 533K(640K)->533K(640K)
[4.777s][info][gc             ] GC(95) Pause Young (Allocation Failure) 786M->786M(875M) 35.375ms
[4.777s][info][gc,cpu         ] GC(95) User=0.38s Sys=0.00s Real=0.03s
[4.793s][info][gc,start       ] GC(96) Pause Young (Allocation Failure)
[4.835s][info][gc,heap        ] GC(96) PSYoungGen: 81856K(91136K)->68704K(93696K) Eden: 15872K(15872K)->0K(12288K) From: 65984K(75264K)->68704K(81408K)
[4.835s][info][gc,heap        ] GC(96) ParOldGen: 739757K(804864K)->753085K(804864K)
[4.835s][info][gc,metaspace   ] GC(96) Metaspace: 6298K(6464K)->6298K(6464K) NonClass: 5764K(5824K)->5764K(5824K) Class: 533K(640K)->533K(640K)
[4.835s][info][gc             ] GC(96) Pause Young (Allocation Failure) 802M->802M(877M) 41.245ms
[4.835s][info][gc,cpu         ] GC(96) User=0.19s Sys=0.03s Real=0.04s
[4.847s][info][gc,start       ] GC(97) Pause Young (Allocation Failure)
[4.889s][info][gc,heap        ] GC(97) PSYoungGen: 80992K(93696K)->44160K(56832K) Eden: 12288K(12288K)->0K(12288K) From: 68704K(81408K)->44160K(44544K)
[4.889s][info][gc,heap        ] GC(97) ParOldGen: 753085K(804864K)->790437K(804864K)
[4.889s][info][gc,metaspace   ] GC(97) Metaspace: 6298K(6464K)->6298K(6464K) NonClass: 5764K(5824K)->5764K(5824K) Class: 533K(640K)->533K(640K)
[4.889s][info][gc             ] GC(97) Pause Young (Allocation Failure) 814M->815M(841M) 42.197ms
[4.889s][info][gc,cpu         ] GC(97) User=0.16s Sys=0.03s Real=0.04s
[4.889s][info][gc,start       ] GC(98) Pause Full (Ergonomics)
[4.889s][info][gc,phases,start] GC(98) Marking Phase
[5.078s][info][gc,phases      ] GC(98) Marking Phase 188.871ms
[5.078s][info][gc,phases,start] GC(98) Summary Phase
[5.078s][info][gc,phases      ] GC(98) Summary Phase 0.024ms
[5.078s][info][gc,phases,start] GC(98) Adjust Roots
[5.079s][info][gc,phases      ] GC(98) Adjust Roots 0.224ms
[5.079s][info][gc,phases,start] GC(98) Compaction Phase
[5.169s][info][gc,phases      ] GC(98) Compaction Phase 90.313ms
[5.169s][info][gc,phases,start] GC(98) Post Compact
[5.171s][info][gc,phases      ] GC(98) Post Compact 1.551ms
[5.171s][info][gc,heap        ] GC(98) PSYoungGen: 44160K(56832K)->28613K(56832K) Eden: 0K(12288K)->0K(12288K) From: 44160K(44544K)->28613K(44544K)
[5.171s][info][gc,heap        ] GC(98) ParOldGen: 790437K(804864K)->804688K(899072K)
[5.171s][info][gc,metaspace   ] GC(98) Metaspace: 6298K(6464K)->6298K(6464K) NonClass: 5764K(5824K)->5764K(5824K) Class: 533K(640K)->533K(640K)
[5.171s][info][gc             ] GC(98) Pause Full (Ergonomics) 815M->813M(933M) 281.654ms
[5.171s][info][gc,cpu         ] GC(98) User=1.86s Sys=0.00s Real=0.28s
[5.185s][info][gc,start       ] GC(99) Pause Young (Allocation Failure)
[5.240s][info][gc,heap        ] GC(99) PSYoungGen: 40901K(56832K)->20672K(96768K) Eden: 12288K(12288K)->0K(13824K) From: 28613K(44544K)->20672K(82944K)
[5.240s][info][gc,heap        ] GC(99) ParOldGen: 804688K(899072K)->825312K(899072K)
[5.240s][info][gc,metaspace   ] GC(99) Metaspace: 6298K(6464K)->6298K(6464K) NonClass: 5764K(5824K)->5764K(5824K) Class: 533K(640K)->533K(640K)
[5.240s][info][gc             ] GC(99) Pause Young (Allocation Failure) 825M->826M(972M) 54.840ms
[5.240s][info][gc,cpu         ] GC(99) User=0.36s Sys=0.00s Real=0.06s
[5.257s][info][gc,start       ] GC(100) Pause Young (Allocation Failure)
[5.281s][info][gc,heap        ] GC(100) PSYoungGen: 34496K(96768K)->26272K(97280K) Eden: 13824K(13824K)->0K(13824K) From: 20672K(82944K)->26272K(83456K)
[5.281s][info][gc,heap        ] GC(100) ParOldGen: 825312K(899072K)->833736K(899072K)
[5.281s][info][gc,metaspace   ] GC(100) Metaspace: 6298K(6464K)->6298K(6464K) NonClass: 5764K(5824K)->5764K(5824K) Class: 533K(640K)->533K(640K)
[5.281s][info][gc             ] GC(100) Pause Young (Allocation Failure) 839M->839M(973M) 24.233ms
[5.281s][info][gc,cpu         ] GC(100) User=0.02s Sys=0.00s Real=0.02s
[5.296s][info][gc,start       ] GC(101) Pause Young (Allocation Failure)
[5.318s][info][gc,heap        ] GC(101) PSYoungGen: 40096K(97280K)->27808K(95232K) Eden: 13824K(13824K)->0K(15872K) From: 26272K(83456K)->27808K(79360K)
[5.318s][info][gc,heap        ] GC(101) ParOldGen: 833736K(899072K)->846192K(899072K)
[5.318s][info][gc,metaspace   ] GC(101) Metaspace: 6298K(6464K)->6298K(6464K) NonClass: 5764K(5824K)->5764K(5824K) Class: 533K(640K)->533K(640K)
[5.318s][info][gc             ] GC(101) Pause Young (Allocation Failure) 853M->853M(971M) 22.528ms
[5.318s][info][gc,cpu         ] GC(101) User=0.05s Sys=0.00s Real=0.02s
[5.337s][info][gc,start       ] GC(102) Pause Young (Allocation Failure)
[5.361s][info][gc,heap        ] GC(102) PSYoungGen: 43680K(95232K)->16032K(96768K) Eden: 15872K(15872K)->0K(15872K) From: 27808K(79360K)->16032K(80896K)
[5.361s][info][gc,heap        ] GC(102) ParOldGen: 846192K(899072K)->874168K(899072K)
[5.361s][info][gc,metaspace   ] GC(102) Metaspace: 6298K(6464K)->6298K(6464K) NonClass: 5764K(5824K)->5764K(5824K) Class: 533K(640K)->533K(640K)
[5.361s][info][gc             ] GC(102) Pause Young (Allocation Failure) 869M->869M(972M) 24.206ms
[5.361s][info][gc,cpu         ] GC(102) User=0.12s Sys=0.00s Real=0.02s
[5.361s][info][gc,start       ] GC(103) Pause Full (Ergonomics)
[5.361s][info][gc,phases,start] GC(103) Marking Phase
[5.586s][info][gc,phases      ] GC(103) Marking Phase 224.191ms
[5.586s][info][gc,phases,start] GC(103) Summary Phase
[5.586s][info][gc,phases      ] GC(103) Summary Phase 0.045ms
[5.586s][info][gc,phases,start] GC(103) Adjust Roots
[5.586s][info][gc,phases      ] GC(103) Adjust Roots 0.243ms
[5.586s][info][gc,phases,start] GC(103) Compaction Phase
[5.687s][info][gc,phases      ] GC(103) Compaction Phase 101.070ms
[5.687s][info][gc,phases,start] GC(103) Post Compact
[5.689s][info][gc,phases      ] GC(103) Post Compact 1.849ms
[5.690s][info][gc,heap        ] GC(103) PSYoungGen: 16032K(96768K)->0K(98816K) Eden: 0K(15872K)->0K(17920K) From: 16032K(80896K)->0K(80896K)
[5.690s][info][gc,heap        ] GC(103) ParOldGen: 874168K(899072K)->888984K(991744K)
[5.690s][info][gc,metaspace   ] GC(103) Metaspace: 6298K(6464K)->6298K(6464K) NonClass: 5764K(5824K)->5764K(5824K) Class: 533K(640K)->533K(640K)
[5.690s][info][gc             ] GC(103) Pause Full (Ergonomics) 869M->868M(1065M) 328.442ms
[5.690s][info][gc,cpu         ] GC(103) User=1.94s Sys=0.00s Real=0.33s
[5.714s][info][gc,start       ] GC(104) Pause Young (Allocation Failure)
[5.730s][info][gc,heap        ] GC(104) PSYoungGen: 17920K(98816K)->18048K(98816K) Eden: 17920K(17920K)->0K(17920K) From: 0K(80896K)->18048K(80896K)
[5.730s][info][gc,heap        ] GC(104) ParOldGen: 888984K(991744K)->888984K(991744K)
[5.730s][info][gc,metaspace   ] GC(104) Metaspace: 6298K(6464K)->6298K(6464K) NonClass: 5764K(5824K)->5764K(5824K) Class: 533K(640K)->533K(640K)
[5.730s][info][gc             ] GC(104) Pause Young (Allocation Failure) 885M->885M(1065M) 15.912ms
[5.730s][info][gc,cpu         ] GC(104) User=0.00s Sys=0.00s Real=0.02s
[5.751s][info][gc,start       ] GC(105) Pause Young (Allocation Failure)
[5.771s][info][gc,heap        ] GC(105) PSYoungGen: 35968K(98816K)->35968K(91648K) Eden: 17920K(17920K)->0K(19968K) From: 18048K(80896K)->35968K(71680K)
[5.772s][info][gc,heap        ] GC(105) ParOldGen: 888984K(991744K)->888984K(991744K)
[5.772s][info][gc,metaspace   ] GC(105) Metaspace: 6298K(6464K)->6298K(6464K) NonClass: 5764K(5824K)->5764K(5824K) Class: 533K(640K)->533K(640K)
[5.772s][info][gc             ] GC(105) Pause Young (Allocation Failure) 903M->903M(1058M) 20.701ms
[5.772s][info][gc,cpu         ] GC(105) User=0.11s Sys=0.00s Real=0.02s
[5.795s][info][gc,start       ] GC(106) Pause Young (Allocation Failure)
[5.823s][info][gc,heap        ] GC(106) PSYoungGen: 55936K(91648K)->55968K(95744K) Eden: 19968K(19968K)->0K(19968K) From: 35968K(71680K)->55968K(75776K)
[5.823s][info][gc,heap        ] GC(106) ParOldGen: 888984K(991744K)->888984K(991744K)
[5.823s][info][gc,metaspace   ] GC(106) Metaspace: 6298K(6464K)->6298K(6464K) NonClass: 5764K(5824K)->5764K(5824K) Class: 533K(640K)->533K(640K)
[5.823s][info][gc             ] GC(106) Pause Young (Allocation Failure) 922M->922M(1062M) 28.084ms
[5.823s][info][gc,cpu         ] GC(106) User=0.14s Sys=0.00s Real=0.03s
[5.846s][info][gc,start       ] GC(107) Pause Young (Allocation Failure)
[5.882s][info][gc,heap        ] GC(107) PSYoungGen: 75936K(95744K)->75904K(90624K) Eden: 19968K(19968K)->0K(11776K) From: 55968K(75776K)->75904K(78848K)
[5.882s][info][gc,heap        ] GC(107) ParOldGen: 888984K(991744K)->888984K(991744K)
[5.882s][info][gc,metaspace   ] GC(107) Metaspace: 6298K(6464K)->6298K(6464K) NonClass: 5764K(5824K)->5764K(5824K) Class: 533K(640K)->533K(640K)
[5.882s][info][gc             ] GC(107) Pause Young (Allocation Failure) 942M->942M(1057M) 36.053ms
[5.882s][info][gc,cpu         ] GC(107) User=0.25s Sys=0.00s Real=0.04s
[5.895s][info][gc,start       ] GC(108) Pause Young (Allocation Failure)
[5.937s][info][gc,heap        ] GC(108) PSYoungGen: 87680K(90624K)->69792K(100864K) Eden: 11776K(11776K)->0K(11776K) From: 75904K(78848K)->69792K(89088K)
[5.937s][info][gc,heap        ] GC(108) ParOldGen: 888984K(991744K)->907144K(991744K)
[5.937s][info][gc,metaspace   ] GC(108) Metaspace: 6298K(6464K)->6298K(6464K) NonClass: 5764K(5824K)->5764K(5824K) Class: 533K(640K)->533K(640K)
[5.937s][info][gc             ] GC(108) Pause Young (Allocation Failure) 953M->954M(1067M) 42.229ms
[5.937s][info][gc,cpu         ] GC(108) User=0.23s Sys=0.03s Real=0.04s
[5.950s][info][gc,start       ] GC(109) Pause Young (Allocation Failure)
[5.991s][info][gc,heap        ] GC(109) PSYoungGen: 81568K(100864K)->63648K(105984K) Eden: 11776K(11776K)->0K(11264K) From: 69792K(89088K)->63648K(94720K)
[5.992s][info][gc,heap        ] GC(109) ParOldGen: 907144K(991744K)->925304K(991744K)
[5.992s][info][gc,metaspace   ] GC(109) Metaspace: 6298K(6464K)->6298K(6464K) NonClass: 5764K(5824K)->5764K(5824K) Class: 533K(640K)->533K(640K)
[5.992s][info][gc             ] GC(109) Pause Young (Allocation Failure) 965M->965M(1072M) 41.915ms
[5.992s][info][gc,cpu         ] GC(109) User=0.22s Sys=0.00s Real=0.04s
[6.006s][info][gc,start       ] GC(110) Pause Young (Allocation Failure)
[6.046s][info][gc,heap        ] GC(110) PSYoungGen: 74912K(105984K)->34880K(46592K) Eden: 11264K(11264K)->0K(11264K) From: 63648K(94720K)->34880K(35328K)
[6.046s][info][gc,heap        ] GC(110) ParOldGen: 925304K(991744K)->965760K(991744K)
[6.046s][info][gc,metaspace   ] GC(110) Metaspace: 6298K(6464K)->6298K(6464K) NonClass: 5764K(5824K)->5764K(5824K) Class: 533K(640K)->533K(640K)
[6.046s][info][gc             ] GC(110) Pause Young (Allocation Failure) 976M->977M(1014M) 40.919ms
[6.046s][info][gc,cpu         ] GC(110) User=0.20s Sys=0.00s Real=0.04s
[6.046s][info][gc,start       ] GC(111) Pause Full (Ergonomics)
[6.047s][info][gc,phases,start] GC(111) Marking Phase
[6.287s][info][gc,phases      ] GC(111) Marking Phase 240.367ms
[6.287s][info][gc,phases,start] GC(111) Summary Phase
[6.287s][info][gc,phases      ] GC(111) Summary Phase 0.027ms
[6.287s][info][gc,phases,start] GC(111) Adjust Roots
[6.287s][info][gc,phases      ] GC(111) Adjust Roots 0.236ms
[6.287s][info][gc,phases,start] GC(111) Compaction Phase
[6.381s][info][gc,phases      ] GC(111) Compaction Phase 93.873ms
[6.381s][info][gc,phases,start] GC(111) Post Compact
[6.383s][info][gc,phases      ] GC(111) Post Compact 1.622ms
[6.383s][info][gc,heap        ] GC(111) PSYoungGen: 34880K(46592K)->7637K(46592K) Eden: 0K(11264K)->0K(11264K) From: 34880K(35328K)->7637K(35328K)
[6.383s][info][gc,heap        ] GC(111) ParOldGen: 965760K(991744K)->991709K(1106944K)
[6.383s][info][gc,metaspace   ] GC(111) Metaspace: 6298K(6464K)->6298K(6464K) NonClass: 5764K(5824K)->5764K(5824K) Class: 533K(640K)->533K(640K)
[6.383s][info][gc             ] GC(111) Pause Full (Ergonomics) 977M->975M(1126M) 336.913ms
[6.383s][info][gc,cpu         ] GC(111) User=2.39s Sys=0.00s Real=0.34s
[6.399s][info][gc,start       ] GC(112) Pause Young (Allocation Failure)
[6.452s][info][gc,heap        ] GC(112) PSYoungGen: 18901K(46592K)->12256K(105984K) Eden: 11264K(11264K)->0K(12288K) From: 7637K(35328K)->12256K(93696K)
[6.452s][info][gc,heap        ] GC(112) ParOldGen: 991709K(1106944K)->998629K(1106944K)
[6.452s][info][gc,metaspace   ] GC(112) Metaspace: 6298K(6464K)->6298K(6464K) NonClass: 5764K(5824K)->5764K(5824K) Class: 533K(640K)->533K(640K)
[6.452s][info][gc             ] GC(112) Pause Young (Allocation Failure) 986M->987M(1184M) 53.097ms
[6.452s][info][gc,cpu         ] GC(112) User=0.25s Sys=0.02s Real=0.05s
[6.466s][info][gc,start       ] GC(113) Pause Young (Allocation Failure)
[6.483s][info][gc,heap        ] GC(113) PSYoungGen: 24544K(105984K)->23648K(36352K) Eden: 12288K(12288K)->0K(12288K) From: 12256K(93696K)->23648K(24064K)
[6.483s][info][gc,heap        ] GC(113) ParOldGen: 998629K(1106944K)->999493K(1106944K)
[6.483s][info][gc,metaspace   ] GC(113) Metaspace: 6298K(6464K)->6298K(6464K) NonClass: 5764K(5824K)->5764K(5824K) Class: 533K(640K)->533K(640K)
[6.483s][info][gc             ] GC(113) Pause Young (Allocation Failure) 999M->999M(1116M) 17.379ms
[6.483s][info][gc,cpu         ] GC(113) User=0.02s Sys=0.00s Real=0.02s
[6.498s][info][gc,start       ] GC(114) Pause Young (Allocation Failure)
[6.519s][info][gc,heap        ] GC(114) PSYoungGen: 35936K(36352K)->24640K(101376K) Eden: 12288K(12288K)->0K(13824K) From: 23648K(24064K)->24640K(87552K)
[6.519s][info][gc,heap        ] GC(114) ParOldGen: 999493K(1106944K)->1010909K(1106944K)
[6.519s][info][gc,metaspace   ] GC(114) Metaspace: 6298K(6464K)->6298K(6464K) NonClass: 5764K(5824K)->5764K(5824K) Class: 533K(640K)->533K(640K)
[6.519s][info][gc             ] GC(114) Pause Young (Allocation Failure) 1011M->1011M(1180M) 20.922ms
[6.519s][info][gc,cpu         ] GC(114) User=0.12s Sys=0.00s Real=0.02s
[6.534s][info][gc,start       ] GC(115) Pause Young (Allocation Failure)
[6.555s][info][gc,heap        ] GC(115) PSYoungGen: 38464K(101376K)->26272K(40448K) Eden: 13824K(13824K)->0K(13824K) From: 24640K(87552K)->26272K(26624K)
[6.555s][info][gc,heap        ] GC(115) ParOldGen: 1010909K(1106944K)->1023373K(1106944K)
[6.555s][info][gc,metaspace   ] GC(115) Metaspace: 6298K(6464K)->6298K(6464K) NonClass: 5764K(5824K)->5764K(5824K) Class: 533K(640K)->533K(640K)
[6.555s][info][gc             ] GC(115) Pause Young (Allocation Failure) 1024M->1025M(1120M) 21.432ms
[6.555s][info][gc,cpu         ] GC(115) User=0.14s Sys=0.00s Real=0.02s
[6.571s][info][gc,start       ] GC(116) Pause Young (Allocation Failure)
[6.593s][info][gc,heap        ] GC(116) PSYoungGen: 40096K(40448K)->27808K(95744K) Eden: 13824K(13824K)->0K(15872K) From: 26272K(26624K)->27808K(79872K)
[6.593s][info][gc,heap        ] GC(116) ParOldGen: 1023373K(1106944K)->1035837K(1106944K)
[6.593s][info][gc,metaspace   ] GC(116) Metaspace: 6298K(6464K)->6298K(6464K) NonClass: 5764K(5824K)->5764K(5824K) Class: 533K(640K)->533K(640K)
[6.593s][info][gc             ] GC(116) Pause Young (Allocation Failure) 1038M->1038M(1174M) 22.354ms
[6.593s][info][gc,cpu         ] GC(116) User=0.12s Sys=0.00s Real=0.02s
[6.613s][info][gc,start       ] GC(117) Pause Young (Allocation Failure)
[6.637s][info][gc,heap        ] GC(117) PSYoungGen: 43680K(95744K)->29856K(46080K) Eden: 15872K(15872K)->0K(15872K) From: 27808K(79872K)->29856K(30208K)
[6.638s][info][gc,heap        ] GC(117) ParOldGen: 1035837K(1106944K)->1049853K(1106944K)
[6.638s][info][gc,metaspace   ] GC(117) Metaspace: 6298K(6464K)->6298K(6464K) NonClass: 5764K(5824K)->5764K(5824K) Class: 533K(640K)->533K(640K)
[6.638s][info][gc             ] GC(117) Pause Young (Allocation Failure) 1054M->1054M(1126M) 24.664ms
[6.638s][info][gc,cpu         ] GC(117) User=0.12s Sys=0.02s Real=0.02s
[6.655s][info][gc,start       ] GC(118) Pause Young (Allocation Failure)
[6.681s][info][gc,heap        ] GC(118) PSYoungGen: 45728K(46080K)->31904K(90624K) Eden: 15872K(15872K)->0K(17920K) From: 29856K(30208K)->31904K(72704K)
[6.681s][info][gc,heap        ] GC(118) ParOldGen: 1049853K(1106944K)->1063845K(1106944K)
[6.681s][info][gc,metaspace   ] GC(118) Metaspace: 6298K(6464K)->6298K(6464K) NonClass: 5764K(5824K)->5764K(5824K) Class: 533K(640K)->533K(640K)
[6.681s][info][gc             ] GC(118) Pause Young (Allocation Failure) 1069M->1070M(1169M) 25.727ms
[6.681s][info][gc,cpu         ] GC(118) User=0.12s Sys=0.00s Real=0.02s
[6.704s][info][gc,start       ] GC(119) Pause Young (Allocation Failure)
[6.731s][info][gc,heap        ] GC(119) PSYoungGen: 49824K(90624K)->33952K(52224K) Eden: 17920K(17920K)->0K(17920K) From: 31904K(72704K)->33952K(34304K)
[6.732s][info][gc,heap        ] GC(119) ParOldGen: 1063845K(1106944K)->1079941K(1106944K)
[6.732s][info][gc,metaspace   ] GC(119) Metaspace: 6298K(6464K)->6298K(6464K) NonClass: 5764K(5824K)->5764K(5824K) Class: 533K(640K)->533K(640K)
[6.732s][info][gc             ] GC(119) Pause Young (Allocation Failure) 1087M->1087M(1132M) 27.963ms
[6.732s][info][gc,cpu         ] GC(119) User=0.14s Sys=0.00s Real=0.03s
[6.732s][info][gc,start       ] GC(120) Pause Full (Ergonomics)
[6.732s][info][gc,phases,start] GC(120) Marking Phase
[6.985s][info][gc,phases      ] GC(120) Marking Phase 253.695ms
[6.985s][info][gc,phases,start] GC(120) Summary Phase
[6.985s][info][gc,phases      ] GC(120) Summary Phase 0.032ms
[6.985s][info][gc,phases,start] GC(120) Adjust Roots
[6.986s][info][gc,phases      ] GC(120) Adjust Roots 0.181ms
[6.986s][info][gc,phases,start] GC(120) Compaction Phase
[7.085s][info][gc,phases      ] GC(120) Compaction Phase 99.127ms
[7.085s][info][gc,phases,start] GC(120) Post Compact
[7.087s][info][gc,phases      ] GC(120) Post Compact 2.049ms
[7.087s][info][gc,heap        ] GC(120) PSYoungGen: 33952K(52224K)->5635K(52224K) Eden: 0K(17920K)->0K(17920K) From: 33952K(34304K)->5635K(34304K)
[7.087s][info][gc,heap        ] GC(120) ParOldGen: 1079941K(1106944K)->1106608K(1217536K)
[7.088s][info][gc,metaspace   ] GC(120) Metaspace: 6298K(6464K)->6298K(6464K) NonClass: 5764K(5824K)->5764K(5824K) Class: 533K(640K)->533K(640K)
[7.088s][info][gc             ] GC(120) Pause Full (Ergonomics) 1087M->1086M(1240M) 355.923ms
[7.088s][info][gc,cpu         ] GC(120) User=2.52s Sys=0.02s Real=0.36s
[7.108s][info][gc,start       ] GC(121) Pause Young (Allocation Failure)
[7.168s][info][gc,heap        ] GC(121) PSYoungGen: 23555K(52224K)->18944K(91136K) Eden: 17920K(17920K)->0K(19968K) From: 5635K(34304K)->18944K(71168K)
[7.168s][info][gc,heap        ] GC(121) ParOldGen: 1106608K(1217536K)->1111416K(1217536K)
[7.168s][info][gc,metaspace   ] GC(121) Metaspace: 6298K(6464K)->6298K(6464K) NonClass: 5764K(5824K)->5764K(5824K) Class: 533K(640K)->533K(640K)
[7.168s][info][gc             ] GC(121) Pause Young (Allocation Failure) 1103M->1103M(1278M) 59.837ms
[7.168s][info][gc,cpu         ] GC(121) User=0.38s Sys=0.00s Real=0.06s
[7.189s][info][gc,start       ] GC(122) Pause Young (Allocation Failure)
[7.211s][info][gc,heap        ] GC(122) PSYoungGen: 38912K(91136K)->38944K(91648K) Eden: 19968K(19968K)->0K(19968K) From: 18944K(71168K)->38944K(71680K)
[7.211s][info][gc,heap        ] GC(122) ParOldGen: 1111416K(1217536K)->1111416K(1217536K)
[7.211s][info][gc,metaspace   ] GC(122) Metaspace: 6298K(6464K)->6298K(6464K) NonClass: 5764K(5824K)->5764K(5824K) Class: 533K(640K)->533K(640K)
[7.211s][info][gc             ] GC(122) Pause Young (Allocation Failure) 1123M->1123M(1278M) 22.653ms
[7.211s][info][gc,cpu         ] GC(122) User=0.12s Sys=0.00s Real=0.02s
[7.235s][info][gc,start       ] GC(123) Pause Young (Allocation Failure)
[7.265s][info][gc,heap        ] GC(123) PSYoungGen: 58912K(91648K)->58016K(86528K) Eden: 19968K(19968K)->0K(16896K) From: 38944K(71680K)->58016K(69632K)
[7.265s][info][gc,heap        ] GC(123) ParOldGen: 1111416K(1217536K)->1112368K(1217536K)
[7.265s][info][gc,metaspace   ] GC(123) Metaspace: 6298K(6464K)->6298K(6464K) NonClass: 5764K(5824K)->5764K(5824K) Class: 533K(640K)->533K(640K)
[7.266s][info][gc             ] GC(123) Pause Young (Allocation Failure) 1142M->1142M(1273M) 31.008ms
[7.266s][info][gc,cpu         ] GC(123) User=0.14s Sys=0.00s Real=0.03s
[7.286s][info][gc,start       ] GC(124) Pause Young (Allocation Failure)
[7.325s][info][gc,heap        ] GC(124) PSYoungGen: 74912K(86528K)->56992K(91648K) Eden: 16896K(16896K)->0K(16896K) From: 58016K(69632K)->56992K(74752K)
[7.325s][info][gc,heap        ] GC(124) ParOldGen: 1112368K(1217536K)->1130536K(1217536K)
[7.325s][info][gc,metaspace   ] GC(124) Metaspace: 6298K(6464K)->6298K(6464K) NonClass: 5764K(5824K)->5764K(5824K) Class: 533K(640K)->533K(640K)
[7.325s][info][gc             ] GC(124) Pause Young (Allocation Failure) 1159M->1159M(1278M) 39.120ms
[7.325s][info][gc,cpu         ] GC(124) User=0.27s Sys=0.00s Real=0.04s
[7.348s][info][gc,start       ] GC(125) Pause Young (Allocation Failure)
[7.389s][info][gc,heap        ] GC(125) PSYoungGen: 73888K(91648K)->53952K(96256K) Eden: 16896K(16896K)->0K(17408K) From: 56992K(74752K)->53952K(78848K)
[7.389s][info][gc,heap        ] GC(125) ParOldGen: 1130536K(1217536K)->1150784K(1217536K)
[7.389s][info][gc,metaspace   ] GC(125) Metaspace: 6298K(6464K)->6298K(6464K) NonClass: 5764K(5824K)->5764K(5824K) Class: 533K(640K)->533K(640K)
[7.389s][info][gc             ] GC(125) Pause Young (Allocation Failure) 1176M->1176M(1283M) 41.259ms
[7.389s][info][gc,cpu         ] GC(125) User=0.23s Sys=0.00s Real=0.04s
[7.410s][info][gc,start       ] GC(126) Pause Young (Allocation Failure)
[7.450s][info][gc,heap        ] GC(126) PSYoungGen: 71360K(96256K)->51360K(97792K) Eden: 17408K(17408K)->0K(17408K) From: 53952K(78848K)->51360K(80384K)
[7.450s][info][gc,heap        ] GC(126) ParOldGen: 1150784K(1217536K)->1171032K(1217536K)
[7.450s][info][gc,metaspace   ] GC(126) Metaspace: 6298K(6464K)->6298K(6464K) NonClass: 5764K(5824K)->5764K(5824K) Class: 533K(640K)->533K(640K)
[7.450s][info][gc             ] GC(126) Pause Young (Allocation Failure) 1193M->1193M(1284M) 39.698ms
[7.450s][info][gc,cpu         ] GC(126) User=0.23s Sys=0.00s Real=0.04s
[7.474s][info][gc,start       ] GC(127) Pause Young (Allocation Failure)
[7.515s][info][gc,heap        ] GC(127) PSYoungGen: 68768K(97792K)->34944K(95232K) Eden: 17408K(17408K)->0K(19968K) From: 51360K(80384K)->34944K(75264K)
[7.515s][info][gc,heap        ] GC(127) ParOldGen: 1171032K(1217536K)->1205288K(1217536K)
[7.515s][info][gc,metaspace   ] GC(127) Metaspace: 6298K(6464K)->6298K(6464K) NonClass: 5764K(5824K)->5764K(5824K) Class: 533K(640K)->533K(640K)
[7.515s][info][gc             ] GC(127) Pause Young (Allocation Failure) 1210M->1211M(1282M) 41.292ms
[7.515s][info][gc,cpu         ] GC(127) User=0.22s Sys=0.02s Real=0.04s
[7.515s][info][gc,start       ] GC(128) Pause Full (Ergonomics)
[7.515s][info][gc,phases,start] GC(128) Marking Phase
[7.809s][info][gc,phases      ] GC(128) Marking Phase 293.746ms
[7.809s][info][gc,phases,start] GC(128) Summary Phase
[7.809s][info][gc,phases      ] GC(128) Summary Phase 0.069ms
[7.809s][info][gc,phases,start] GC(128) Adjust Roots
[7.809s][info][gc,phases      ] GC(128) Adjust Roots 0.242ms
[7.809s][info][gc,phases,start] GC(128) Compaction Phase
[7.917s][info][gc,phases      ] GC(128) Compaction Phase 107.515ms
[7.917s][info][gc,phases,start] GC(128) Post Compact
[7.919s][info][gc,phases      ] GC(128) Post Compact 2.427ms
[7.920s][info][gc,heap        ] GC(128) PSYoungGen: 34944K(95232K)->20958K(97792K) Eden: 0K(19968K)->0K(22528K) From: 34944K(75264K)->20958K(75264K)
[7.920s][info][gc,heap        ] GC(128) ParOldGen: 1205288K(1217536K)->1217528K(1346560K)
[7.920s][info][gc,metaspace   ] GC(128) Metaspace: 6298K(6464K)->6298K(6464K) NonClass: 5764K(5824K)->5764K(5824K) Class: 533K(640K)->533K(640K)
[7.920s][info][gc             ] GC(128) Pause Full (Ergonomics) 1211M->1209M(1410M) 405.033ms
[7.920s][info][gc,cpu         ] GC(128) User=2.70s Sys=0.00s Real=0.40s
[7.947s][info][gc,start       ] GC(129) Pause Young (Allocation Failure)
[8.021s][info][gc,heap        ] GC(129) PSYoungGen: 43486K(97792K)->22656K(100352K) Eden: 22528K(22528K)->0K(22528K) From: 20958K(75264K)->22656K(77824K)
[8.021s][info][gc,heap        ] GC(129) ParOldGen: 1217528K(1346560K)->1238792K(1346560K)
[8.021s][info][gc,metaspace   ] GC(129) Metaspace: 6298K(6464K)->6298K(6464K) NonClass: 5764K(5824K)->5764K(5824K) Class: 533K(640K)->533K(640K)
[8.021s][info][gc             ] GC(129) Pause Young (Allocation Failure) 1231M->1231M(1413M) 74.495ms
[8.021s][info][gc,cpu         ] GC(129) User=0.39s Sys=0.00s Real=0.08s
[8.050s][info][gc,start       ] GC(130) Pause Young (Allocation Failure)
[8.078s][info][gc,heap        ] GC(130) PSYoungGen: 45184K(100352K)->22688K(100352K) Eden: 22528K(22528K)->0K(25088K) From: 22656K(77824K)->22688K(75264K)
[8.078s][info][gc,heap        ] GC(130) ParOldGen: 1238792K(1346560K)->1261632K(1346560K)
[8.078s][info][gc,metaspace   ] GC(130) Metaspace: 6298K(6464K)->6298K(6464K) NonClass: 5764K(5824K)->5764K(5824K) Class: 533K(640K)->533K(640K)
[8.078s][info][gc             ] GC(130) Pause Young (Allocation Failure) 1253M->1254M(1413M) 27.940ms
[8.078s][info][gc,cpu         ] GC(130) User=0.14s Sys=0.00s Real=0.03s
[8.110s][info][gc,start       ] GC(131) Pause Young (Allocation Failure)
[8.138s][info][gc,heap        ] GC(131) PSYoungGen: 47776K(100352K)->21664K(101376K) Eden: 25088K(25088K)->0K(25088K) From: 22688K(75264K)->21664K(76288K)
[8.138s][info][gc,heap        ] GC(131) ParOldGen: 1261632K(1346560K)->1284472K(1346560K)
[8.138s][info][gc,metaspace   ] GC(131) Metaspace: 6298K(6464K)->6298K(6464K) NonClass: 5764K(5824K)->5764K(5824K) Class: 533K(640K)->533K(640K)
[8.138s][info][gc             ] GC(131) Pause Young (Allocation Failure) 1278M->1275M(1414M) 27.817ms
[8.138s][info][gc,cpu         ] GC(131) User=0.12s Sys=0.02s Real=0.03s
[8.160s][info][gc,start       ] GC(132) Pause Young (Allocation Failure)
[8.183s][info][gc,heap        ] GC(132) PSYoungGen: 46752K(101376K)->13120K(102400K) Eden: 25088K(25088K)->0K(27648K) From: 21664K(76288K)->13120K(74752K)
[8.183s][info][gc,heap        ] GC(132) ParOldGen: 1284472K(1346560K)->1306312K(1346560K)
[8.183s][info][gc,metaspace   ] GC(132) Metaspace: 6298K(6464K)->6298K(6464K) NonClass: 5764K(5824K)->5764K(5824K) Class: 533K(640K)->533K(640K)
[8.183s][info][gc             ] GC(132) Pause Young (Allocation Failure) 1300M->1288M(1415M) 23.105ms
[8.183s][info][gc,cpu         ] GC(132) User=0.11s Sys=0.03s Real=0.02s
[8.219s][info][gc,start       ] GC(133) Pause Young (Allocation Failure)
[8.245s][info][gc,heap        ] GC(133) PSYoungGen: 40768K(102400K)->26784K(102400K) Eden: 27648K(27648K)->0K(27648K) From: 13120K(74752K)->26784K(74752K)
[8.245s][info][gc,heap        ] GC(133) ParOldGen: 1306312K(1346560K)->1319528K(1346560K)
[8.245s][info][gc,metaspace   ] GC(133) Metaspace: 6298K(6464K)->6298K(6464K) NonClass: 5764K(5824K)->5764K(5824K) Class: 533K(640K)->533K(640K)
[8.245s][info][gc             ] GC(133) Pause Young (Allocation Failure) 1315M->1314M(1415M) 26.147ms
[8.245s][info][gc,cpu         ] GC(133) User=0.09s Sys=0.00s Real=0.03s
[8.245s][info][gc,start       ] GC(134) Pause Full (Ergonomics)
[8.246s][info][gc,phases,start] GC(134) Marking Phase
[8.560s][info][gc,phases      ] GC(134) Marking Phase 314.113ms
[8.560s][info][gc,phases,start] GC(134) Summary Phase
[8.560s][info][gc,phases      ] GC(134) Summary Phase 0.066ms
[8.560s][info][gc,phases,start] GC(134) Adjust Roots
[8.560s][info][gc,phases      ] GC(134) Adjust Roots 0.277ms
[8.560s][info][gc,phases,start] GC(134) Compaction Phase
[8.675s][info][gc,phases      ] GC(134) Compaction Phase 114.506ms
[8.675s][info][gc,phases,start] GC(134) Post Compact
[8.677s][info][gc,phases      ] GC(134) Post Compact 2.264ms
[8.678s][info][gc,heap        ] GC(134) PSYoungGen: 26784K(102400K)->0K(102400K) Eden: 0K(27648K)->0K(30720K) From: 26784K(74752K)->0K(71680K)
[8.678s][info][gc,heap        ] GC(134) ParOldGen: 1319528K(1346560K)->1344565K(1482240K)
[8.678s][info][gc,metaspace   ] GC(134) Metaspace: 6298K(6464K)->6298K(6464K) NonClass: 5764K(5824K)->5764K(5824K) Class: 533K(640K)->533K(640K)
[8.678s][info][gc             ] GC(134) Pause Full (Ergonomics) 1314M->1313M(1547M) 432.119ms
[8.678s][info][gc,cpu         ] GC(134) User=2.95s Sys=0.03s Real=0.43s
[8.716s][info][gc,start       ] GC(135) Pause Young (Allocation Failure)
[8.736s][info][gc,heap        ] GC(135) PSYoungGen: 30720K(102400K)->30848K(61952K) Eden: 30720K(30720K)->0K(30720K) From: 0K(71680K)->30848K(31232K)
[8.736s][info][gc,heap        ] GC(135) ParOldGen: 1344565K(1482240K)->1344565K(1482240K)
[8.736s][info][gc,metaspace   ] GC(135) Metaspace: 6298K(6464K)->6298K(6464K) NonClass: 5764K(5824K)->5764K(5824K) Class: 533K(640K)->533K(640K)
[8.736s][info][gc             ] GC(135) Pause Young (Allocation Failure) 1343M->1343M(1508M) 20.530ms
[8.737s][info][gc,cpu         ] GC(135) User=0.12s Sys=0.00s Real=0.02s
[8.776s][info][gc,start       ] GC(136) Pause Young (Allocation Failure)
[8.810s][info][gc,heap        ] GC(136) PSYoungGen: 61568K(61952K)->61600K(94208K) Eden: 30720K(30720K)->0K(26112K) From: 30848K(31232K)->61600K(68096K)
[8.810s][info][gc,heap        ] GC(136) ParOldGen: 1344565K(1482240K)->1344565K(1482240K)
[8.810s][info][gc,metaspace   ] GC(136) Metaspace: 6298K(6464K)->6298K(6464K) NonClass: 5764K(5824K)->5764K(5824K) Class: 533K(640K)->533K(640K)
[8.810s][info][gc             ] GC(136) Pause Young (Allocation Failure) 1373M->1373M(1539M) 33.600ms
[8.810s][info][gc,cpu         ] GC(136) User=0.16s Sys=0.00s Real=0.03s
[9.079s][info][gc,start       ] GC(137) Pause Young (Allocation Failure)
[9.159s][info][gc,heap        ] GC(137) PSYoungGen: 87712K(94208K)->75264K(101376K) Eden: 26112K(26112K)->0K(26112K) From: 61600K(68096K)->75264K(75264K)
[9.159s][info][gc,heap        ] GC(137) ParOldGen: 1410101K(1482240K)->1422653K(1482240K)
[9.159s][info][gc,metaspace   ] GC(137) Metaspace: 6298K(6464K)->6298K(6464K) NonClass: 5764K(5824K)->5764K(5824K) Class: 533K(640K)->533K(640K)
[9.159s][info][gc             ] GC(137) Pause Young (Allocation Failure) 1462M->1462M(1546M) 79.248ms
[9.159s][info][gc,cpu         ] GC(137) User=0.38s Sys=0.00s Real=0.08s
[9.185s][info][gc,start       ] GC(138) Pause Young (Allocation Failure)
[9.240s][info][gc,heap        ] GC(138) PSYoungGen: 101376K(101376K)->48064K(115200K) Eden: 26112K(26112K)->0K(28672K) From: 75264K(75264K)->48064K(86528K)
[9.240s][info][gc,heap        ] GC(138) ParOldGen: 1422653K(1482240K)->1476797K(1482240K)
[9.240s][info][gc,metaspace   ] GC(138) Metaspace: 6298K(6464K)->6298K(6464K) NonClass: 5764K(5824K)->5764K(5824K) Class: 533K(640K)->533K(640K)
[9.240s][info][gc             ] GC(138) Pause Young (Allocation Failure) 1488M->1489M(1560M) 55.355ms
[9.240s][info][gc,cpu         ] GC(138) User=0.31s Sys=0.03s Real=0.06s
[9.240s][info][gc,start       ] GC(139) Pause Full (Ergonomics)
[9.240s][info][gc,phases,start] GC(139) Marking Phase
[9.581s][info][gc,phases      ] GC(139) Marking Phase 340.839ms
[9.581s][info][gc,phases,start] GC(139) Summary Phase
[9.581s][info][gc,phases      ] GC(139) Summary Phase 0.048ms
[9.581s][info][gc,phases,start] GC(139) Adjust Roots
[9.581s][info][gc,phases      ] GC(139) Adjust Roots 0.349ms
[9.581s][info][gc,phases,start] GC(139) Compaction Phase
[9.922s][info][gc,phases      ] GC(139) Compaction Phase 340.270ms
[9.922s][info][gc,phases,start] GC(139) Post Compact
[9.925s][info][gc,phases      ] GC(139) Post Compact 3.028ms
[9.925s][info][gc,heap        ] GC(139) PSYoungGen: 48064K(115200K)->8964K(117248K) Eden: 0K(28672K)->0K(30720K) From: 48064K(86528K)->8964K(86528K)
[9.925s][info][gc,heap        ] GC(139) ParOldGen: 1476797K(1482240K)->1481903K(1639424K)
[9.925s][info][gc,metaspace   ] GC(139) Metaspace: 6298K(6464K)->6298K(6464K) NonClass: 5764K(5824K)->5764K(5824K) Class: 533K(640K)->533K(640K)
[9.925s][info][gc             ] GC(139) Pause Full (Ergonomics) 1489M->1455M(1715M) 685.427ms
[9.925s][info][gc,cpu         ] GC(139) User=4.56s Sys=0.05s Real=0.69s
[9.954s][info][gc,start       ] GC(140) Pause Young (Allocation Failure)
[10.036s][info][gc,heap        ] GC(140) PSYoungGen: 39684K(117248K)->39904K(70656K) Eden: 30720K(30720K)->0K(30720K) From: 8964K(86528K)->39904K(39936K)
[10.036s][info][gc,heap        ] GC(140) ParOldGen: 1481903K(1639424K)->1481903K(1639424K)
[10.036s][info][gc,metaspace   ] GC(140) Metaspace: 6298K(6464K)->6298K(6464K) NonClass: 5764K(5824K)->5764K(5824K) Class: 533K(640K)->533K(640K)
[10.036s][info][gc             ] GC(140) Pause Young (Allocation Failure) 1485M->1486M(1670M) 81.524ms
[10.036s][info][gc,cpu         ] GC(140) User=0.48s Sys=0.00s Real=0.08s
[10.071s][info][gc,start       ] GC(141) Pause Young (Allocation Failure)
[10.114s][info][gc,heap        ] GC(141) PSYoungGen: 70624K(70656K)->70624K(110592K) Eden: 30720K(30720K)->0K(26624K) From: 39904K(39936K)->70624K(83968K)
[10.114s][info][gc,heap        ] GC(141) ParOldGen: 1481903K(1639424K)->1481903K(1639424K)
[10.114s][info][gc,metaspace   ] GC(141) Metaspace: 6298K(6464K)->6298K(6464K) NonClass: 5764K(5824K)->5764K(5824K) Class: 533K(640K)->533K(640K)
[10.114s][info][gc             ] GC(141) Pause Young (Allocation Failure) 1516M->1516M(1709M) 42.714ms
[10.114s][info][gc,cpu         ] GC(141) User=0.14s Sys=0.00s Real=0.04s
[10.146s][info][gc,start       ] GC(142) Pause Young (Allocation Failure)
[10.200s][info][gc,heap        ] GC(142) PSYoungGen: 97248K(110592K)->90624K(117248K) Eden: 26624K(26624K)->0K(26624K) From: 70624K(83968K)->90624K(90624K)
[10.200s][info][gc,heap        ] GC(142) ParOldGen: 1481903K(1639424K)->1488543K(1639424K)
[10.200s][info][gc,metaspace   ] GC(142) Metaspace: 6298K(6464K)->6298K(6464K) NonClass: 5764K(5824K)->5764K(5824K) Class: 533K(640K)->533K(640K)
[10.200s][info][gc             ] GC(142) Pause Young (Allocation Failure) 1542M->1542M(1715M) 54.134ms
[10.200s][info][gc,cpu         ] GC(142) User=0.22s Sys=0.02s Real=0.06s
[10.227s][info][gc,start       ] GC(143) Pause Young (Allocation Failure)
[10.293s][info][gc,heap        ] GC(143) PSYoungGen: 117248K(117248K)->105984K(116224K) Eden: 26624K(26624K)->0K(10240K) From: 90624K(90624K)->105984K(105984K)
[10.293s][info][gc,heap        ] GC(143) ParOldGen: 1488543K(1639424K)->1499991K(1639424K)
[10.293s][info][gc,metaspace   ] GC(143) Metaspace: 6298K(6464K)->6298K(6464K) NonClass: 5764K(5824K)->5764K(5824K) Class: 533K(640K)->533K(640K)
[10.293s][info][gc             ] GC(143) Pause Young (Allocation Failure) 1568M->1568M(1714M) 66.108ms
[10.293s][info][gc,cpu         ] GC(143) User=0.36s Sys=0.08s Real=0.07s
[10.309s][info][gc,start       ] GC(144) Pause Young (Allocation Failure)
[10.374s][info][gc,heap        ] GC(144) PSYoungGen: 116224K(116224K)->60512K(71168K) Eden: 10240K(10240K)->0K(10240K) From: 105984K(105984K)->60512K(60928K)
[10.374s][info][gc,heap        ] GC(144) ParOldGen: 1499991K(1639424K)->1556447K(1639424K)
[10.374s][info][gc,metaspace   ] GC(144) Metaspace: 6298K(6464K)->6298K(6464K) NonClass: 5764K(5824K)->5764K(5824K) Class: 533K(640K)->533K(640K)
[10.374s][info][gc             ] GC(144) Pause Young (Allocation Failure) 1578M->1579M(1670M) 65.251ms
[10.374s][info][gc,cpu         ] GC(144) User=0.33s Sys=0.03s Real=0.07s
[10.384s][info][gc,start       ] GC(145) Pause Young (Allocation Failure)
[10.426s][info][gc,heap        ] GC(145) PSYoungGen: 70752K(71168K)->20576K(131584K) Eden: 10240K(10240K)->0K(11776K) From: 60512K(60928K)->20576K(119808K)
[10.426s][info][gc,heap        ] GC(145) ParOldGen: 1556447K(1639424K)->1607287K(1639424K)
[10.426s][info][gc,metaspace   ] GC(145) Metaspace: 6298K(6464K)->6298K(6464K) NonClass: 5764K(5824K)->5764K(5824K) Class: 533K(640K)->533K(640K)
[10.426s][info][gc             ] GC(145) Pause Young (Allocation Failure) 1589M->1589M(1729M) 42.176ms
[10.426s][info][gc,cpu         ] GC(145) User=0.23s Sys=0.02s Real=0.04s
[10.426s][info][gc,start       ] GC(146) Pause Full (Ergonomics)
[10.426s][info][gc,phases,start] GC(146) Marking Phase
[10.792s][info][gc,phases      ] GC(146) Marking Phase 365.502ms
[10.792s][info][gc,phases,start] GC(146) Summary Phase
[10.792s][info][gc,phases      ] GC(146) Summary Phase 0.059ms
[10.792s][info][gc,phases,start] GC(146) Adjust Roots
[10.792s][info][gc,phases      ] GC(146) Adjust Roots 0.206ms
[10.792s][info][gc,phases,start] GC(146) Compaction Phase
[10.948s][info][gc,phases      ] GC(146) Compaction Phase 156.461ms
[10.948s][info][gc,phases,start] GC(146) Post Compact
[10.952s][info][gc,phases      ] GC(146) Post Compact 3.235ms
[10.952s][info][gc,heap        ] GC(146) PSYoungGen: 20576K(131584K)->0K(131584K) Eden: 0K(11776K)->0K(11776K) From: 20576K(119808K)->0K(119808K)
[10.952s][info][gc,heap        ] GC(146) ParOldGen: 1607287K(1639424K)->1625853K(1810944K)
[10.952s][info][gc,metaspace   ] GC(146) Metaspace: 6298K(6464K)->6298K(6464K) NonClass: 5764K(5824K)->5764K(5824K) Class: 533K(640K)->533K(640K)
[10.952s][info][gc             ] GC(146) Pause Full (Ergonomics) 1589M->1587M(1897M) 526.401ms
[10.952s][info][gc,cpu         ] GC(146) User=3.50s Sys=0.03s Real=0.53s
[10.966s][info][gc,start       ] GC(147) Pause Young (Allocation Failure)
[10.985s][info][gc,heap        ] GC(147) PSYoungGen: 11776K(131584K)->11904K(133120K) Eden: 11776K(11776K)->0K(13312K) From: 0K(119808K)->11904K(119808K)
[10.985s][info][gc,heap        ] GC(147) ParOldGen: 1625853K(1810944K)->1625853K(1810944K)
[10.985s][info][gc,metaspace   ] GC(147) Metaspace: 6298K(6464K)->6298K(6464K) NonClass: 5764K(5824K)->5764K(5824K) Class: 533K(640K)->533K(640K)
[10.985s][info][gc             ] GC(147) Pause Young (Allocation Failure) 1599M->1599M(1898M) 19.447ms
[10.985s][info][gc,cpu         ] GC(147) User=0.03s Sys=0.00s Real=0.02s
[10.998s][info][gc,start       ] GC(148) Pause Young (Allocation Failure)
[11.021s][info][gc,heap        ] GC(148) PSYoungGen: 25216K(133120K)->13440K(133632K) Eden: 13312K(13312K)->0K(13312K) From: 11904K(119808K)->13440K(120320K)
[11.021s][info][gc,heap        ] GC(148) ParOldGen: 1625853K(1810944K)->1637789K(1810944K)
[11.021s][info][gc,metaspace   ] GC(148) Metaspace: 6298K(6464K)->6298K(6464K) NonClass: 5764K(5824K)->5764K(5824K) Class: 533K(640K)->533K(640K)
[11.022s][info][gc             ] GC(148) Pause Young (Allocation Failure) 1612M->1612M(1899M) 23.985ms
[11.022s][info][gc,cpu         ] GC(148) User=0.02s Sys=0.00s Real=0.02s
[11.034s][info][gc,start       ] GC(149) Pause Young (Allocation Failure)
[11.061s][info][gc,heap        ] GC(149) PSYoungGen: 26752K(133632K)->13408K(130560K) Eden: 13312K(13312K)->0K(15360K) From: 13440K(120320K)->13408K(115200K)
[11.061s][info][gc,heap        ] GC(149) ParOldGen: 1637789K(1810944K)->1651277K(1810944K)
[11.061s][info][gc,metaspace   ] GC(149) Metaspace: 6298K(6464K)->6298K(6464K) NonClass: 5764K(5824K)->5764K(5824K) Class: 533K(640K)->533K(640K)
[11.061s][info][gc             ] GC(149) Pause Young (Allocation Failure) 1625M->1625M(1896M) 26.835ms
[11.061s][info][gc,cpu         ] GC(149) User=0.02s Sys=0.00s Real=0.03s
[11.077s][info][gc,start       ] GC(150) Pause Young (Allocation Failure)
[11.103s][info][gc,heap        ] GC(150) PSYoungGen: 28768K(130560K)->15520K(31232K) Eden: 15360K(15360K)->0K(15360K) From: 13408K(115200K)->15520K(15872K)
[11.103s][info][gc,heap        ] GC(150) ParOldGen: 1651277K(1810944K)->1664765K(1810944K)
[11.103s][info][gc,metaspace   ] GC(150) Metaspace: 6298K(6464K)->6298K(6464K) NonClass: 5764K(5824K)->5764K(5824K) Class: 533K(640K)->533K(640K)
[11.103s][info][gc             ] GC(150) Pause Young (Allocation Failure) 1640M->1640M(1799M) 26.015ms
[11.103s][info][gc,cpu         ] GC(150) User=0.02s Sys=0.02s Real=0.03s
[11.119s][info][gc,start       ] GC(151) Pause Young (Allocation Failure)
[11.145s][info][gc,heap        ] GC(151) PSYoungGen: 30880K(31232K)->15520K(125440K) Eden: 15360K(15360K)->0K(17408K) From: 15520K(15872K)->15520K(108032K)
[11.145s][info][gc,heap        ] GC(151) ParOldGen: 1664765K(1810944K)->1680317K(1810944K)
[11.145s][info][gc,metaspace   ] GC(151) Metaspace: 6298K(6464K)->6298K(6464K) NonClass: 5764K(5824K)->5764K(5824K) Class: 533K(640K)->533K(640K)
[11.145s][info][gc             ] GC(151) Pause Young (Allocation Failure) 1655M->1656M(1891M) 26.495ms
[11.145s][info][gc,cpu         ] GC(151) User=0.02s Sys=0.00s Real=0.03s
[11.164s][info][gc,start       ] GC(152) Pause Young (Allocation Failure)
[11.191s][info][gc,heap        ] GC(152) PSYoungGen: 32928K(125440K)->17536K(35328K) Eden: 17408K(17408K)->0K(17408K) From: 15520K(108032K)->17536K(17920K)
[11.191s][info][gc,heap        ] GC(152) ParOldGen: 1680317K(1810944K)->1695869K(1810944K)
[11.191s][info][gc,metaspace   ] GC(152) Metaspace: 6298K(6464K)->6298K(6464K) NonClass: 5764K(5824K)->5764K(5824K) Class: 533K(640K)->533K(640K)
[11.191s][info][gc             ] GC(152) Pause Young (Allocation Failure) 1673M->1673M(1803M) 26.636ms
[11.191s][info][gc,cpu         ] GC(152) User=0.02s Sys=0.00s Real=0.03s
[11.210s][info][gc,start       ] GC(153) Pause Young (Allocation Failure)
[11.239s][info][gc,heap        ] GC(153) PSYoungGen: 34944K(35328K)->17536K(118784K) Eden: 17408K(17408K)->0K(19968K) From: 17536K(17920K)->17536K(98816K)
[11.239s][info][gc,heap        ] GC(153) ParOldGen: 1695869K(1810944K)->1713517K(1810944K)
[11.239s][info][gc,metaspace   ] GC(153) Metaspace: 6298K(6464K)->6298K(6464K) NonClass: 5764K(5824K)->5764K(5824K) Class: 533K(640K)->533K(640K)
[11.239s][info][gc             ] GC(153) Pause Young (Allocation Failure) 1690M->1690M(1884M) 29.102ms
[11.239s][info][gc,cpu         ] GC(153) User=0.03s Sys=0.00s Real=0.03s
[11.261s][info][gc,start       ] GC(154) Pause Young (Allocation Failure)
[11.292s][info][gc,heap        ] GC(154) PSYoungGen: 37504K(118784K)->20096K(40448K) Eden: 19968K(19968K)->0K(19968K) From: 17536K(98816K)->20096K(20480K)
[11.292s][info][gc,heap        ] GC(154) ParOldGen: 1713517K(1810944K)->1731157K(1810944K)
[11.292s][info][gc,metaspace   ] GC(154) Metaspace: 6298K(6464K)->6298K(6464K) NonClass: 5764K(5824K)->5764K(5824K) Class: 533K(640K)->533K(640K)
[11.292s][info][gc             ] GC(154) Pause Young (Allocation Failure) 1709M->1710M(1808M) 30.408ms
[11.292s][info][gc,cpu         ] GC(154) User=0.05s Sys=0.00s Real=0.03s
[11.313s][info][gc,start       ] GC(155) Pause Young (Allocation Failure)
[11.343s][info][gc,heap        ] GC(155) PSYoungGen: 40064K(40448K)->20096K(111616K) Eden: 19968K(19968K)->0K(22528K) From: 20096K(20480K)->20096K(89088K)
[11.343s][info][gc,heap        ] GC(155) ParOldGen: 1731157K(1810944K)->1751421K(1810944K)
[11.343s][info][gc,metaspace   ] GC(155) Metaspace: 6298K(6464K)->6298K(6464K) NonClass: 5764K(5824K)->5764K(5824K) Class: 533K(640K)->533K(640K)
[11.343s][info][gc             ] GC(155) Pause Young (Allocation Failure) 1729M->1729M(1877M) 29.582ms
[11.343s][info][gc,cpu         ] GC(155) User=0.06s Sys=0.00s Real=0.03s
[11.367s][info][gc,start       ] GC(156) Pause Young (Allocation Failure)
[11.397s][info][gc,heap        ] GC(156) PSYoungGen: 42624K(111616K)->22688K(45568K) Eden: 22528K(22528K)->0K(22528K) From: 20096K(89088K)->22688K(23040K)
[11.397s][info][gc,heap        ] GC(156) ParOldGen: 1751421K(1810944K)->1771661K(1810944K)
[11.397s][info][gc,metaspace   ] GC(156) Metaspace: 6298K(6464K)->6298K(6464K) NonClass: 5764K(5824K)->5764K(5824K) Class: 533K(640K)->533K(640K)
[11.397s][info][gc             ] GC(156) Pause Young (Allocation Failure) 1751M->1752M(1813M) 29.867ms
[11.397s][info][gc,cpu         ] GC(156) User=0.03s Sys=0.02s Real=0.03s
[11.424s][info][gc,start       ] GC(157) Pause Young (Allocation Failure)
[11.455s][info][gc,heap        ] GC(157) PSYoungGen: 45216K(45568K)->22656K(103936K) Eden: 22528K(22528K)->0K(25088K) From: 22688K(23040K)->22656K(78848K)
[11.455s][info][gc,heap        ] GC(157) ParOldGen: 1771661K(1810944K)->1794493K(1810944K)
[11.455s][info][gc,metaspace   ] GC(157) Metaspace: 6298K(6464K)->6298K(6464K) NonClass: 5764K(5824K)->5764K(5824K) Class: 533K(640K)->533K(640K)
[11.455s][info][gc             ] GC(157) Pause Young (Allocation Failure) 1774M->1774M(1870M) 31.196ms
[11.455s][info][gc,cpu         ] GC(157) User=0.14s Sys=0.00s Real=0.03s
[11.455s][info][gc,start       ] GC(158) Pause Full (Ergonomics)
[11.455s][info][gc,phases,start] GC(158) Marking Phase
[11.863s][info][gc,phases      ] GC(158) Marking Phase 407.550ms
[11.863s][info][gc,phases,start] GC(158) Summary Phase
[11.863s][info][gc,phases      ] GC(158) Summary Phase 0.049ms
[11.863s][info][gc,phases,start] GC(158) Adjust Roots
[11.863s][info][gc,phases      ] GC(158) Adjust Roots 0.248ms
[11.863s][info][gc,phases,start] GC(158) Compaction Phase
[12.058s][info][gc,phases      ] GC(158) Compaction Phase 194.875ms
[12.058s][info][gc,phases,start] GC(158) Post Compact
[12.062s][info][gc,phases      ] GC(158) Post Compact 4.047ms
[12.063s][info][gc,heap        ] GC(158) PSYoungGen: 22656K(103936K)->3590K(107008K) Eden: 0K(25088K)->0K(28160K) From: 22656K(78848K)->3590K(78848K)
[12.063s][info][gc,heap        ] GC(158) ParOldGen: 1794493K(1810944K)->1810836K(1986048K)
[12.063s][info][gc,metaspace   ] GC(158) Metaspace: 6298K(6464K)->6298K(6464K) NonClass: 5764K(5824K)->5764K(5824K) Class: 533K(640K)->533K(640K)
[12.063s][info][gc             ] GC(158) Pause Full (Ergonomics) 1774M->1771M(2044M) 607.875ms
[12.063s][info][gc,cpu         ] GC(158) User=4.30s Sys=0.02s Real=0.61s
[12.092s][info][gc,start       ] GC(159) Pause Young (Allocation Failure)
[12.191s][info][gc,heap        ] GC(159) PSYoungGen: 31750K(107008K)->28320K(56832K) Eden: 28160K(28160K)->0K(28160K) From: 3590K(78848K)->28320K(28672K)
[12.191s][info][gc,heap        ] GC(159) ParOldGen: 1810836K(1986048K)->1814500K(1986048K)
[12.191s][info][gc,metaspace   ] GC(159) Metaspace: 6298K(6464K)->6298K(6464K) NonClass: 5764K(5824K)->5764K(5824K) Class: 533K(640K)->533K(640K)
[12.191s][info][gc             ] GC(159) Pause Young (Allocation Failure) 1799M->1799M(1995M) 99.039ms
[12.191s][info][gc,cpu         ] GC(159) User=0.58s Sys=0.00s Real=0.10s
[12.222s][info][gc,start       ] GC(160) Pause Young (Allocation Failure)
[12.260s][info][gc,heap        ] GC(160) PSYoungGen: 56480K(56832K)->56512K(104960K) Eden: 28160K(28160K)->0K(26112K) From: 28320K(28672K)->56512K(78848K)
[12.260s][info][gc,heap        ] GC(160) ParOldGen: 1814500K(1986048K)->1814500K(1986048K)
[12.260s][info][gc,metaspace   ] GC(160) Metaspace: 6298K(6464K)->6298K(6464K) NonClass: 5764K(5824K)->5764K(5824K) Class: 533K(640K)->533K(640K)
[12.260s][info][gc             ] GC(160) Pause Young (Allocation Failure) 1827M->1827M(2042M) 38.284ms
[12.261s][info][gc,cpu         ] GC(160) User=0.09s Sys=0.00s Real=0.04s
[12.292s][info][gc,start       ] GC(161) Pause Young (Allocation Failure)
[12.339s][info][gc,heap        ] GC(161) PSYoungGen: 82624K(104960K)->82656K(110080K) Eden: 26112K(26112K)->0K(26112K) From: 56512K(78848K)->82656K(83968K)
[12.339s][info][gc,heap        ] GC(161) ParOldGen: 1814500K(1986048K)->1814500K(1986048K)
[12.339s][info][gc,metaspace   ] GC(161) Metaspace: 6298K(6464K)->6298K(6464K) NonClass: 5764K(5824K)->5764K(5824K) Class: 533K(640K)->533K(640K)
[12.339s][info][gc             ] GC(161) Pause Young (Allocation Failure) 1852M->1852M(2047M) 46.997ms
[12.339s][info][gc,cpu         ] GC(161) User=0.22s Sys=0.00s Real=0.05s
[12.368s][info][gc,start       ] GC(162) Pause Young (Allocation Failure)
[12.428s][info][gc,heap        ] GC(162) PSYoungGen: 108768K(110080K)->80576K(117248K) Eden: 26112K(26112K)->0K(19456K) From: 82656K(83968K)->80576K(97792K)
[12.428s][info][gc,heap        ] GC(162) ParOldGen: 1814500K(1986048K)->1843044K(1986048K)
[12.428s][info][gc,metaspace   ] GC(162) Metaspace: 6298K(6464K)->6298K(6464K) NonClass: 5764K(5824K)->5764K(5824K) Class: 533K(640K)->533K(640K)
[12.428s][info][gc             ] GC(162) Pause Young (Allocation Failure) 1878M->1878M(2054M) 60.302ms
[12.428s][info][gc,cpu         ] GC(162) User=0.31s Sys=0.06s Real=0.06s
[12.449s][info][gc,start       ] GC(163) Pause Young (Allocation Failure)
[12.506s][info][gc,heap        ] GC(163) PSYoungGen: 100032K(117248K)->71904K(126976K) Eden: 19456K(19456K)->0K(19456K) From: 80576K(97792K)->71904K(107520K)
[12.506s][info][gc,heap        ] GC(163) ParOldGen: 1843044K(1986048K)->1871604K(1986048K)
[12.506s][info][gc,metaspace   ] GC(163) Metaspace: 6298K(6464K)->6298K(6464K) NonClass: 5764K(5824K)->5764K(5824K) Class: 533K(640K)->533K(640K)
[12.506s][info][gc             ] GC(163) Pause Young (Allocation Failure) 1897M->1897M(2063M) 57.467ms
[12.506s][info][gc,cpu         ] GC(163) User=0.28s Sys=0.00s Real=0.06s
[12.529s][info][gc,start       ] GC(164) Pause Young (Allocation Failure)
[12.581s][info][gc,heap        ] GC(164) PSYoungGen: 91360K(126976K)->39040K(122880K) Eden: 19456K(19456K)->0K(22016K) From: 71904K(107520K)->39040K(100864K)
[12.581s][info][gc,heap        ] GC(164) ParOldGen: 1871604K(1986048K)->1924508K(1986048K)
[12.581s][info][gc,metaspace   ] GC(164) Metaspace: 6298K(6464K)->6298K(6464K) NonClass: 5764K(5824K)->5764K(5824K) Class: 533K(640K)->533K(640K)
[12.581s][info][gc             ] GC(164) Pause Young (Allocation Failure) 1916M->1917M(2059M) 52.052ms
[12.581s][info][gc,cpu         ] GC(164) User=0.31s Sys=0.06s Real=0.05s
[12.608s][info][gc,start       ] GC(165) Pause Young (Allocation Failure)
[12.647s][info][gc,heap        ] GC(165) PSYoungGen: 61056K(122880K)->22208K(128512K) Eden: 22016K(22016K)->0K(22016K) From: 39040K(100864K)->22208K(106496K)
[12.647s][info][gc,heap        ] GC(165) ParOldGen: 1924508K(1986048K)->1963916K(1986048K)
[12.648s][info][gc,metaspace   ] GC(165) Metaspace: 6298K(6464K)->6298K(6464K) NonClass: 5764K(5824K)->5764K(5824K) Class: 533K(640K)->533K(640K)
[12.648s][info][gc             ] GC(165) Pause Young (Allocation Failure) 1939M->1939M(2065M) 39.218ms
[12.648s][info][gc,cpu         ] GC(165) User=0.14s Sys=0.00s Real=0.04s
[12.648s][info][gc,start       ] GC(166) Pause Full (Ergonomics)
[12.648s][info][gc,phases,start] GC(166) Marking Phase
[13.128s][info][gc,phases      ] GC(166) Marking Phase 480.862ms
[13.129s][info][gc,phases,start] GC(166) Summary Phase
[13.129s][info][gc,phases      ] GC(166) Summary Phase 0.066ms
[13.129s][info][gc,phases,start] GC(166) Adjust Roots
[13.129s][info][gc,phases      ] GC(166) Adjust Roots 0.377ms
[13.129s][info][gc,phases,start] GC(166) Compaction Phase
[13.323s][info][gc,phases      ] GC(166) Compaction Phase 194.181ms
[13.323s][info][gc,phases,start] GC(166) Post Compact
[13.328s][info][gc,phases      ] GC(166) Post Compact 4.263ms
[13.329s][info][gc,heap        ] GC(166) PSYoungGen: 22208K(128512K)->0K(129024K) Eden: 0K(22016K)->0K(25088K) From: 22208K(106496K)->0K(103936K)
[13.329s][info][gc,heap        ] GC(166) ParOldGen: 1963916K(1986048K)->1983673K(2192384K)
[13.329s][info][gc,metaspace   ] GC(166) Metaspace: 6298K(6464K)->6298K(6464K) NonClass: 5764K(5824K)->5764K(5824K) Class: 533K(640K)->533K(640K)
[13.329s][info][gc             ] GC(166) Pause Full (Ergonomics) 1939M->1937M(2267M) 681.042ms
[13.329s][info][gc,cpu         ] GC(166) User=4.27s Sys=0.05s Real=0.68s
[13.373s][info][gc,start       ] GC(167) Pause Young (Allocation Failure)
[13.400s][info][gc,heap        ] GC(167) PSYoungGen: 25088K(129024K)->25248K(50688K) Eden: 25088K(25088K)->0K(25088K) From: 0K(103936K)->25248K(25600K)
[13.400s][info][gc,heap        ] GC(167) ParOldGen: 1983673K(2192384K)->1983673K(2192384K)
[13.400s][info][gc,metaspace   ] GC(167) Metaspace: 6298K(6464K)->6298K(6464K) NonClass: 5764K(5824K)->5764K(5824K) Class: 533K(640K)->533K(640K)
[13.400s][info][gc             ] GC(167) Pause Young (Allocation Failure) 1961M->1961M(2190M) 26.951ms
[13.400s][info][gc,cpu         ] GC(167) User=0.03s Sys=0.00s Real=0.03s
[13.432s][info][gc,start       ] GC(168) Pause Young (Allocation Failure)
[13.469s][info][gc,heap        ] GC(168) PSYoungGen: 50336K(50688K)->50368K(123904K) Eden: 25088K(25088K)->0K(27648K) From: 25248K(25600K)->50368K(96256K)
[13.469s][info][gc,heap        ] GC(168) ParOldGen: 1983673K(2192384K)->1983673K(2192384K)
[13.469s][info][gc,metaspace   ] GC(168) Metaspace: 6298K(6464K)->6298K(6464K) NonClass: 5764K(5824K)->5764K(5824K) Class: 533K(640K)->533K(640K)
[13.469s][info][gc             ] GC(168) Pause Young (Allocation Failure) 1986M->1986M(2262M) 37.287ms
[13.469s][info][gc,cpu         ] GC(168) User=0.14s Sys=0.00s Real=0.04s
[13.501s][info][gc,start       ] GC(169) Pause Young (Allocation Failure)
[13.545s][info][gc,heap        ] GC(169) PSYoungGen: 78016K(123904K)->78016K(125952K) Eden: 27648K(27648K)->0K(27648K) From: 50368K(96256K)->78016K(98304K)
[13.546s][info][gc,heap        ] GC(169) ParOldGen: 1983673K(2192384K)->1983673K(2192384K)
[13.546s][info][gc,metaspace   ] GC(169) Metaspace: 6298K(6464K)->6298K(6464K) NonClass: 5764K(5824K)->5764K(5824K) Class: 533K(640K)->533K(640K)
[13.546s][info][gc             ] GC(169) Pause Young (Allocation Failure) 2013M->2013M(2264M) 44.135ms
[13.546s][info][gc,cpu         ] GC(169) User=0.22s Sys=0.00s Real=0.04s
[13.576s][info][gc,start       ] GC(170) Pause Young (Allocation Failure)
[13.633s][info][gc,heap        ] GC(170) PSYoungGen: 105664K(125952K)->80608K(130048K) Eden: 27648K(27648K)->0K(23552K) From: 78016K(98304K)->80608K(106496K)
[13.633s][info][gc,heap        ] GC(170) ParOldGen: 1983673K(2192384K)->2009121K(2192384K)
[13.633s][info][gc,metaspace   ] GC(170) Metaspace: 6298K(6464K)->6298K(6464K) NonClass: 5764K(5824K)->5764K(5824K) Class: 533K(640K)->533K(640K)
[13.633s][info][gc             ] GC(170) Pause Young (Allocation Failure) 2040M->2040M(2268M) 57.275ms
[13.633s][info][gc,cpu         ] GC(170) User=0.34s Sys=0.00s Real=0.06s
[13.659s][info][gc,start       ] GC(171) Pause Young (Allocation Failure)
[13.712s][info][gc,heap        ] GC(171) PSYoungGen: 104160K(130048K)->79072K(137216K) Eden: 23552K(23552K)->0K(23552K) From: 80608K(106496K)->79072K(113664K)
[13.712s][info][gc,heap        ] GC(171) ParOldGen: 2009121K(2192384K)->2034553K(2192384K)
[13.712s][info][gc,metaspace   ] GC(171) Metaspace: 6298K(6464K)->6298K(6464K) NonClass: 5764K(5824K)->5764K(5824K) Class: 533K(640K)->533K(640K)
[13.712s][info][gc             ] GC(171) Pause Young (Allocation Failure) 2063M->2064M(2275M) 53.697ms
[13.713s][info][gc,cpu         ] GC(171) User=0.39s Sys=0.00s Real=0.05s
[13.738s][info][gc,start       ] GC(172) Pause Young (Allocation Failure)
[13.791s][info][gc,heap        ] GC(172) PSYoungGen: 102624K(137216K)->74976K(142848K) Eden: 23552K(23552K)->0K(24576K) From: 79072K(113664K)->74976K(118272K)
[13.791s][info][gc,heap        ] GC(172) ParOldGen: 2034553K(2192384K)->2062545K(2192384K)
[13.791s][info][gc,metaspace   ] GC(172) Metaspace: 6298K(6464K)->6298K(6464K) NonClass: 5764K(5824K)->5764K(5824K) Class: 533K(640K)->533K(640K)
[13.791s][info][gc             ] GC(172) Pause Young (Allocation Failure) 2087M->2087M(2280M) 53.515ms
[13.791s][info][gc,cpu         ] GC(172) User=0.36s Sys=0.02s Real=0.05s
[13.821s][info][gc,start       ] GC(173) Pause Young (Allocation Failure)
[13.874s][info][gc,heap        ] GC(173) PSYoungGen: 99552K(142848K)->48320K(73216K) Eden: 24576K(24576K)->0K(24576K) From: 74976K(118272K)->48320K(48640K)
[13.874s][info][gc,heap        ] GC(173) ParOldGen: 2062545K(2192384K)->2114409K(2192384K)
[13.874s][info][gc,metaspace   ] GC(173) Metaspace: 6298K(6464K)->6298K(6464K) NonClass: 5764K(5824K)->5764K(5824K) Class: 533K(640K)->533K(640K)
[13.874s][info][gc             ] GC(173) Pause Young (Allocation Failure) 2111M->2112M(2212M) 53.719ms
[13.874s][info][gc,cpu         ] GC(173) User=0.28s Sys=0.09s Real=0.05s
[13.904s][info][gc,start       ] GC(174) Pause Young (Allocation Failure)
[13.946s][info][gc,heap        ] GC(174) PSYoungGen: 72896K(73216K)->24704K(139776K) Eden: 24576K(24576K)->0K(28160K) From: 48320K(48640K)->24704K(111616K)
[13.946s][info][gc,heap        ] GC(174) ParOldGen: 2114409K(2192384K)->2163169K(2192384K)
[13.946s][info][gc,metaspace   ] GC(174) Metaspace: 6298K(6464K)->6298K(6464K) NonClass: 5764K(5824K)->5764K(5824K) Class: 533K(640K)->533K(640K)
[13.946s][info][gc             ] GC(174) Pause Young (Allocation Failure) 2136M->2136M(2277M) 41.904ms
[13.946s][info][gc,cpu         ] GC(174) User=0.27s Sys=0.00s Real=0.04s
[13.946s][info][gc,start       ] GC(175) Pause Full (Ergonomics)
[13.946s][info][gc,phases,start] GC(175) Marking Phase
[14.460s][info][gc,phases      ] GC(175) Marking Phase 513.697ms
[14.460s][info][gc,phases,start] GC(175) Summary Phase
[14.460s][info][gc,phases      ] GC(175) Summary Phase 0.053ms
[14.460s][info][gc,phases,start] GC(175) Adjust Roots
[14.460s][info][gc,phases      ] GC(175) Adjust Roots 0.185ms
[14.461s][info][gc,phases,start] GC(175) Compaction Phase
[14.645s][info][gc,phases      ] GC(175) Compaction Phase 184.448ms
[14.645s][info][gc,phases,start] GC(175) Post Compact
[14.649s][info][gc,phases      ] GC(175) Post Compact 3.963ms
[14.650s][info][gc,heap        ] GC(175) PSYoungGen: 24704K(139776K)->0K(141312K) Eden: 0K(28160K)->0K(28160K) From: 24704K(111616K)->0K(113152K)
[14.650s][info][gc,heap        ] GC(175) ParOldGen: 2163169K(2192384K)->2185150K(2419712K)
[14.650s][info][gc,metaspace   ] GC(175) Metaspace: 6298K(6464K)->6298K(6464K) NonClass: 5764K(5824K)->5764K(5824K) Class: 533K(640K)->533K(640K)
[14.650s][info][gc             ] GC(175) Pause Full (Ergonomics) 2136M->2133M(2501M) 703.458ms
[14.650s][info][gc,cpu         ] GC(175) User=5.22s Sys=0.00s Real=0.70s
[14.685s][info][gc,start       ] GC(176) Pause Young (Allocation Failure)
[14.709s][info][gc,heap        ] GC(176) PSYoungGen: 28160K(141312K)->28320K(139776K) Eden: 28160K(28160K)->0K(31232K) From: 0K(113152K)->28320K(108544K)
[14.709s][info][gc,heap        ] GC(176) ParOldGen: 2185150K(2419712K)->2185150K(2419712K)
[14.709s][info][gc,metaspace   ] GC(176) Metaspace: 6298K(6464K)->6298K(6464K) NonClass: 5764K(5824K)->5764K(5824K) Class: 533K(640K)->533K(640K)
[14.709s][info][gc             ] GC(176) Pause Young (Allocation Failure) 2161M->2161M(2499M) 24.890ms
[14.710s][info][gc,cpu         ] GC(176) User=0.03s Sys=0.00s Real=0.03s
[14.752s][info][gc,start       ] GC(177) Pause Young (Allocation Failure)
[14.790s][info][gc,heap        ] GC(177) PSYoungGen: 59552K(139776K)->59552K(142336K) Eden: 31232K(31232K)->0K(31232K) From: 28320K(108544K)->59552K(111104K)
[14.790s][info][gc,heap        ] GC(177) ParOldGen: 2185150K(2419712K)->2185150K(2419712K)
[14.790s][info][gc,metaspace   ] GC(177) Metaspace: 6298K(6464K)->6298K(6464K) NonClass: 5764K(5824K)->5764K(5824K) Class: 533K(640K)->533K(640K)
[14.790s][info][gc             ] GC(177) Pause Young (Allocation Failure) 2192M->2192M(2502M) 37.940ms
[14.790s][info][gc,cpu         ] GC(177) User=0.16s Sys=0.00s Real=0.04s
[14.827s][info][gc,start       ] GC(178) Pause Young (Allocation Failure)
[14.874s][info][gc,heap        ] GC(178) PSYoungGen: 90784K(142336K)->90912K(134656K) Eden: 31232K(31232K)->0K(25600K) From: 59552K(111104K)->90912K(109056K)
[14.874s][info][gc,heap        ] GC(178) ParOldGen: 2185150K(2419712K)->2185150K(2419712K)
[14.874s][info][gc,metaspace   ] GC(178) Metaspace: 6298K(6464K)->6298K(6464K) NonClass: 5764K(5824K)->5764K(5824K) Class: 533K(640K)->533K(640K)
[14.874s][info][gc             ] GC(178) Pause Young (Allocation Failure) 2222M->2222M(2494M) 47.233ms
[14.874s][info][gc,cpu         ] GC(178) User=0.27s Sys=0.00s Real=0.05s
[14.906s][info][gc,start       ] GC(179) Pause Young (Allocation Failure)
[14.963s][info][gc,heap        ] GC(179) PSYoungGen: 116512K(134656K)->88256K(143872K) Eden: 25600K(25600K)->0K(25600K) From: 90912K(109056K)->88256K(118272K)
[14.963s][info][gc,heap        ] GC(179) ParOldGen: 2185150K(2419712K)->2213702K(2419712K)
[14.963s][info][gc,metaspace   ] GC(179) Metaspace: 6298K(6464K)->6298K(6464K) NonClass: 5764K(5824K)->5764K(5824K) Class: 533K(640K)->533K(640K)
[14.963s][info][gc             ] GC(179) Pause Young (Allocation Failure) 2247M->2248M(2503M) 57.511ms
[14.963s][info][gc,cpu         ] GC(179) User=0.36s Sys=0.02s Real=0.06s
[14.994s][info][gc,start       ] GC(180) Pause Young (Allocation Failure)
[15.051s][info][gc,heap        ] GC(180) PSYoungGen: 113856K(143872K)->82656K(151040K) Eden: 25600K(25600K)->0K(26112K) From: 88256K(118272K)->82656K(124928K)
[15.051s][info][gc,heap        ] GC(180) ParOldGen: 2213702K(2419712K)->2245366K(2419712K)
[15.052s][info][gc,metaspace   ] GC(180) Metaspace: 6298K(6464K)->6298K(6464K) NonClass: 5764K(5824K)->5764K(5824K) Class: 533K(640K)->533K(640K)
[15.052s][info][gc             ] GC(180) Pause Young (Allocation Failure) 2273M->2273M(2510M) 57.738ms
[15.052s][info][gc,cpu         ] GC(180) User=0.36s Sys=0.02s Real=0.06s
[15.081s][info][gc,start       ] GC(181) Pause Young (Allocation Failure)
[15.137s][info][gc,heap        ] GC(181) PSYoungGen: 108768K(151040K)->77536K(153600K) Eden: 26112K(26112K)->0K(26112K) From: 82656K(124928K)->77536K(127488K)
[15.137s][info][gc,heap        ] GC(181) ParOldGen: 2245366K(2419712K)->2276926K(2419712K)
[15.137s][info][gc,metaspace   ] GC(181) Metaspace: 6298K(6464K)->6298K(6464K) NonClass: 5764K(5824K)->5764K(5824K) Class: 533K(640K)->533K(640K)
[15.137s][info][gc             ] GC(181) Pause Young (Allocation Failure) 2298M->2299M(2513M) 55.403ms
[15.137s][info][gc,cpu         ] GC(181) User=0.36s Sys=0.02s Real=0.06s
[15.168s][info][gc,start       ] GC(182) Pause Young (Allocation Failure)
[15.221s][info][gc,heap        ] GC(182) PSYoungGen: 103648K(153600K)->78016K(156160K) Eden: 26112K(26112K)->0K(29696K) From: 77536K(127488K)->78016K(126464K)
[15.221s][info][gc,heap        ] GC(182) ParOldGen: 2276926K(2419712K)->2302750K(2419712K)
[15.221s][info][gc,metaspace   ] GC(182) Metaspace: 6298K(6464K)->6298K(6464K) NonClass: 5764K(5824K)->5764K(5824K) Class: 533K(640K)->533K(640K)
[15.221s][info][gc             ] GC(182) Pause Young (Allocation Failure) 2324M->2324M(2515M) 53.034ms
[15.221s][info][gc,cpu         ] GC(182) User=0.25s Sys=0.05s Real=0.05s
[15.254s][info][gc,start       ] GC(183) Pause Young (Allocation Failure)
[15.311s][info][gc,heap        ] GC(183) PSYoungGen: 107712K(156160K)->55968K(86016K) Eden: 29696K(29696K)->0K(29696K) From: 78016K(126464K)->55968K(56320K)
[15.311s][info][gc,heap        ] GC(183) ParOldGen: 2302750K(2419712K)->2354894K(2419712K)
[15.311s][info][gc,metaspace   ] GC(183) Metaspace: 6298K(6464K)->6298K(6464K) NonClass: 5764K(5824K)->5764K(5824K) Class: 533K(640K)->533K(640K)
[15.311s][info][gc             ] GC(183) Pause Young (Allocation Failure) 2353M->2354M(2447M) 57.429ms
[15.311s][info][gc,cpu         ] GC(183) User=0.38s Sys=0.02s Real=0.06s
[15.311s][info][gc,start       ] GC(184) Pause Full (Ergonomics)
[15.311s][info][gc,phases,start] GC(184) Marking Phase
[15.893s][info][gc,phases      ] GC(184) Marking Phase 581.958ms
[15.893s][info][gc,phases,start] GC(184) Summary Phase
[15.893s][info][gc,phases      ] GC(184) Summary Phase 0.049ms
[15.893s][info][gc,phases,start] GC(184) Adjust Roots
[15.893s][info][gc,phases      ] GC(184) Adjust Roots 0.186ms
[15.893s][info][gc,phases,start] GC(184) Compaction Phase
[16.084s][info][gc,phases      ] GC(184) Compaction Phase 190.119ms
[16.084s][info][gc,phases,start] GC(184) Post Compact
[16.088s][info][gc,phases      ] GC(184) Post Compact 4.569ms
[16.089s][info][gc,heap        ] GC(184) PSYoungGen: 55968K(86016K)->0K(155648K) Eden: 0K(29696K)->0K(33792K) From: 55968K(56320K)->0K(121856K)
[16.089s][info][gc,heap        ] GC(184) ParOldGen: 2354894K(2419712K)->2408633K(2661376K)
[16.089s][info][gc,metaspace   ] GC(184) Metaspace: 6298K(6464K)->6298K(6464K) NonClass: 5764K(5824K)->5764K(5824K) Class: 533K(640K)->533K(640K)
[16.089s][info][gc             ] GC(184) Pause Full (Ergonomics) 2354M->2352M(2751M) 778.089ms
[16.089s][info][gc,cpu         ] GC(184) User=5.88s Sys=0.02s Real=0.78s
[16.133s][info][gc,start       ] GC(185) Pause Young (Allocation Failure)
[16.162s][info][gc,heap        ] GC(185) PSYoungGen: 33792K(155648K)->33952K(155648K) Eden: 33792K(33792K)->0K(33792K) From: 0K(121856K)->33952K(121856K)
[16.162s][info][gc,heap        ] GC(185) ParOldGen: 2408633K(2661376K)->2408633K(2661376K)
[16.162s][info][gc,metaspace   ] GC(185) Metaspace: 6298K(6464K)->6298K(6464K) NonClass: 5764K(5824K)->5764K(5824K) Class: 533K(640K)->533K(640K)
[16.162s][info][gc             ] GC(185) Pause Young (Allocation Failure) 2385M->2385M(2751M) 28.501ms
[16.162s][info][gc,cpu         ] GC(185) User=0.12s Sys=0.00s Real=0.03s
[16.203s][info][gc,start       ] GC(186) Pause Young (Allocation Failure)
[16.242s][info][gc,heap        ] GC(186) PSYoungGen: 67744K(155648K)->67776K(152064K) Eden: 33792K(33792K)->0K(37376K) From: 33952K(121856K)->67776K(114688K)
[16.242s][info][gc,heap        ] GC(186) ParOldGen: 2408633K(2661376K)->2408633K(2661376K)
[16.242s][info][gc,metaspace   ] GC(186) Metaspace: 6298K(6464K)->6298K(6464K) NonClass: 5764K(5824K)->5764K(5824K) Class: 533K(640K)->533K(640K)
[16.242s][info][gc             ] GC(186) Pause Young (Allocation Failure) 2418M->2418M(2747M) 39.163ms
[16.242s][info][gc,cpu         ] GC(186) User=0.23s Sys=0.00s Real=0.04s
[16.288s][info][gc,start       ] GC(187) Pause Young (Allocation Failure)
[16.343s][info][gc,heap        ] GC(187) PSYoungGen: 105152K(152064K)->105216K(155136K) Eden: 37376K(37376K)->0K(37376K) From: 67776K(114688K)->105216K(117760K)
[16.343s][info][gc,heap        ] GC(187) ParOldGen: 2408633K(2661376K)->2408633K(2661376K)
[16.343s][info][gc,metaspace   ] GC(187) Metaspace: 6298K(6464K)->6298K(6464K) NonClass: 5764K(5824K)->5764K(5824K) Class: 533K(640K)->533K(640K)
[16.343s][info][gc             ] GC(187) Pause Young (Allocation Failure) 2454M->2454M(2750M) 54.432ms
[16.343s][info][gc,cpu         ] GC(187) User=0.50s Sys=0.00s Real=0.06s
[16.389s][info][gc,start       ] GC(188) Pause Young (Allocation Failure)
[16.466s][info][gc,heap        ] GC(188) PSYoungGen: 142592K(155136K)->128512K(147456K) Eden: 37376K(37376K)->0K(18944K) From: 105216K(117760K)->128512K(128512K)
[16.466s][info][gc,heap        ] GC(188) ParOldGen: 2408633K(2661376K)->2422761K(2661376K)
[16.467s][info][gc,metaspace   ] GC(188) Metaspace: 6298K(6464K)->6298K(6464K) NonClass: 5764K(5824K)->5764K(5824K) Class: 533K(640K)->533K(640K)
[16.467s][info][gc             ] GC(188) Pause Young (Allocation Failure) 2491M->2491M(2743M) 78.077ms
[16.467s][info][gc,cpu         ] GC(188) User=0.47s Sys=0.03s Real=0.08s
[16.488s][info][gc,start       ] GC(189) Pause Young (Allocation Failure)
[16.566s][info][gc,heap        ] GC(189) PSYoungGen: 147456K(147456K)->86656K(169984K) Eden: 18944K(18944K)->0K(18944K) From: 128512K(128512K)->86656K(151040K)
[16.566s][info][gc,heap        ] GC(189) ParOldGen: 2422761K(2661376K)->2484185K(2661376K)
[16.566s][info][gc,metaspace   ] GC(189) Metaspace: 6298K(6464K)->6298K(6464K) NonClass: 5764K(5824K)->5764K(5824K) Class: 533K(640K)->533K(640K)
[16.566s][info][gc             ] GC(189) Pause Young (Allocation Failure) 2509M->2510M(2765M) 78.134ms
[16.566s][info][gc,cpu         ] GC(189) User=0.48s Sys=0.03s Real=0.08s
[16.590s][info][gc,start       ] GC(190) Pause Young (Allocation Failure)
[16.645s][info][gc,heap        ] GC(190) PSYoungGen: 105600K(169984K)->70464K(156672K) Eden: 18944K(18944K)->0K(21504K) From: 86656K(151040K)->70464K(135168K)
[16.646s][info][gc,heap        ] GC(190) ParOldGen: 2484185K(2661376K)->2519625K(2661376K)
[16.646s][info][gc,metaspace   ] GC(190) Metaspace: 6298K(6464K)->6298K(6464K) NonClass: 5764K(5824K)->5764K(5824K) Class: 533K(640K)->533K(640K)
[16.646s][info][gc             ] GC(190) Pause Young (Allocation Failure) 2529M->2529M(2752M) 55.137ms
[16.646s][info][gc,cpu         ] GC(190) User=0.38s Sys=0.00s Real=0.05s
[16.674s][info][gc,start       ] GC(191) Pause Young (Allocation Failure)
[16.723s][info][gc,heap        ] GC(191) PSYoungGen: 91968K(156672K)->40576K(163328K) Eden: 21504K(21504K)->0K(21504K) From: 70464K(135168K)->40576K(141824K)
[16.723s][info][gc,heap        ] GC(191) ParOldGen: 2519625K(2661376K)->2571369K(2661376K)
[16.723s][info][gc,metaspace   ] GC(191) Metaspace: 6298K(6464K)->6298K(6464K) NonClass: 5764K(5824K)->5764K(5824K) Class: 533K(640K)->533K(640K)
[16.723s][info][gc             ] GC(191) Pause Young (Allocation Failure) 2550M->2550M(2758M) 49.355ms
[16.723s][info][gc,cpu         ] GC(191) User=0.22s Sys=0.05s Real=0.05s
[16.750s][info][gc,start       ] GC(192) Pause Young (Allocation Failure)
[16.787s][info][gc,heap        ] GC(192) PSYoungGen: 62080K(163328K)->21600K(163328K) Eden: 21504K(21504K)->0K(23040K) From: 40576K(141824K)->21600K(140288K)
[16.788s][info][gc,heap        ] GC(192) ParOldGen: 2571369K(2661376K)->2612145K(2661376K)
[16.788s][info][gc,metaspace   ] GC(192) Metaspace: 6298K(6464K)->6298K(6464K) NonClass: 5764K(5824K)->5764K(5824K) Class: 533K(640K)->533K(640K)
[16.788s][info][gc             ] GC(192) Pause Young (Allocation Failure) 2571M->2572M(2758M) 37.393ms
[16.788s][info][gc,cpu         ] GC(192) User=0.16s Sys=0.02s Real=0.04s
[16.788s][info][gc,start       ] GC(193) Pause Full (Ergonomics)
[16.788s][info][gc,phases,start] GC(193) Marking Phase
[17.380s][info][gc,phases      ] GC(193) Marking Phase 592.828ms
[17.381s][info][gc,phases,start] GC(193) Summary Phase
[17.381s][info][gc,phases      ] GC(193) Summary Phase 0.058ms
[17.381s][info][gc,phases,start] GC(193) Adjust Roots
[17.381s][info][gc,phases      ] GC(193) Adjust Roots 0.195ms
[17.381s][info][gc,phases,start] GC(193) Compaction Phase
[17.602s][info][gc,phases      ] GC(193) Compaction Phase 220.954ms
[17.602s][info][gc,phases,start] GC(193) Post Compact
[17.607s][info][gc,phases      ] GC(193) Post Compact 4.863ms
[17.608s][info][gc,heap        ] GC(193) PSYoungGen: 21600K(163328K)->0K(164864K) Eden: 0K(23040K)->0K(23040K) From: 21600K(140288K)->0K(141824K)
[17.608s][info][gc,heap        ] GC(193) ParOldGen: 2612145K(2661376K)->2631615K(2914304K)
[17.608s][info][gc,metaspace   ] GC(193) Metaspace: 6298K(6464K)->6298K(6464K) NonClass: 5764K(5824K)->5764K(5824K) Class: 533K(640K)->533K(640K)
[17.608s][info][gc             ] GC(193) Pause Full (Ergonomics) 2572M->2569M(3007M) 820.111ms
[17.608s][info][gc,cpu         ] GC(193) User=6.05s Sys=0.00s Real=0.82s
[17.637s][info][gc,start       ] GC(194) Pause Young (Allocation Failure)
[17.663s][info][gc,heap        ] GC(194) PSYoungGen: 23040K(164864K)->23200K(165888K) Eden: 23040K(23040K)->0K(25600K) From: 0K(141824K)->23200K(140288K)
[17.664s][info][gc,heap        ] GC(194) ParOldGen: 2631615K(2914304K)->2631615K(2914304K)
[17.664s][info][gc,metaspace   ] GC(194) Metaspace: 6298K(6464K)->6298K(6464K) NonClass: 5764K(5824K)->5764K(5824K) Class: 533K(640K)->533K(640K)
[17.664s][info][gc             ] GC(194) Pause Young (Allocation Failure) 2592M->2592M(3008M) 26.478ms
[17.664s][info][gc,cpu         ] GC(194) User=0.05s Sys=0.00s Real=0.03s
[17.698s][info][gc,start       ] GC(195) Pause Young (Allocation Failure)
[17.732s][info][gc,heap        ] GC(195) PSYoungGen: 48800K(165888K)->48736K(74752K) Eden: 25600K(25600K)->0K(25600K) From: 23200K(140288K)->48736K(49152K)
[17.732s][info][gc,heap        ] GC(195) ParOldGen: 2631615K(2914304K)->2631615K(2914304K)
[17.732s][info][gc,metaspace   ] GC(195) Metaspace: 6298K(6464K)->6298K(6464K) NonClass: 5764K(5824K)->5764K(5824K) Class: 533K(640K)->533K(640K)
[17.732s][info][gc             ] GC(195) Pause Young (Allocation Failure) 2617M->2617M(2919M) 34.396ms
[17.732s][info][gc,cpu         ] GC(195) User=0.14s Sys=0.00s Real=0.03s
[17.765s][info][gc,start       ] GC(196) Pause Young (Allocation Failure)
[17.807s][info][gc,heap        ] GC(196) PSYoungGen: 74336K(74752K)->74432K(158720K) Eden: 25600K(25600K)->0K(28160K) From: 48736K(49152K)->74432K(130560K)
[17.807s][info][gc,heap        ] GC(196) ParOldGen: 2631615K(2914304K)->2631615K(2914304K)
[17.807s][info][gc,metaspace   ] GC(196) Metaspace: 6298K(6464K)->6298K(6464K) NonClass: 5764K(5824K)->5764K(5824K) Class: 533K(640K)->533K(640K)
[17.807s][info][gc             ] GC(196) Pause Young (Allocation Failure) 2642M->2642M(3001M) 41.731ms
[17.807s][info][gc,cpu         ] GC(196) User=0.25s Sys=0.00s Real=0.04s
[17.840s][info][gc,start       ] GC(197) Pause Young (Allocation Failure)
[17.895s][info][gc,heap        ] GC(197) PSYoungGen: 102592K(158720K)->79552K(161280K) Eden: 28160K(28160K)->0K(28160K) From: 74432K(130560K)->79552K(133120K)
[17.895s][info][gc,heap        ] GC(197) ParOldGen: 2631615K(2914304K)->2654863K(2914304K)
[17.895s][info][gc,metaspace   ] GC(197) Metaspace: 6298K(6464K)->6298K(6464K) NonClass: 5764K(5824K)->5764K(5824K) Class: 533K(640K)->533K(640K)
[17.895s][info][gc             ] GC(197) Pause Young (Allocation Failure) 2670M->2670M(3003M) 54.641ms
[17.895s][info][gc,cpu         ] GC(197) User=0.25s Sys=0.02s Real=0.05s
[17.929s][info][gc,start       ] GC(198) Pause Young (Allocation Failure)
[17.987s][info][gc,heap        ] GC(198) PSYoungGen: 107712K(161280K)->82112K(163328K) Eden: 28160K(28160K)->0K(30720K) From: 79552K(133120K)->82112K(132608K)
[17.987s][info][gc,heap        ] GC(198) ParOldGen: 2654863K(2914304K)->2680695K(2914304K)
[17.987s][info][gc,metaspace   ] GC(198) Metaspace: 6298K(6464K)->6298K(6464K) NonClass: 5764K(5824K)->5764K(5824K) Class: 533K(640K)->533K(640K)
[17.987s][info][gc             ] GC(198) Pause Young (Allocation Failure) 2697M->2698M(3005M) 57.838ms
[17.987s][info][gc,cpu         ] GC(198) User=0.50s Sys=0.00s Real=0.06s
[18.023s][info][gc,start       ] GC(199) Pause Young (Allocation Failure)
[18.081s][info][gc,heap        ] GC(199) PSYoungGen: 112832K(163328K)->87264K(163840K) Eden: 30720K(30720K)->0K(30720K) From: 82112K(132608K)->87264K(133120K)
[18.081s][info][gc,heap        ] GC(199) ParOldGen: 2680695K(2914304K)->2706527K(2914304K)
[18.081s][info][gc,metaspace   ] GC(199) Metaspace: 6298K(6464K)->6298K(6464K) NonClass: 5764K(5824K)->5764K(5824K) Class: 533K(640K)->533K(640K)
[18.081s][info][gc             ] GC(199) Pause Young (Allocation Failure) 2728M->2728M(3006M) 57.797ms
[18.081s][info][gc,cpu         ] GC(199) User=0.50s Sys=0.00s Real=0.06s
[18.117s][info][gc,start       ] GC(200) Pause Young (Allocation Failure)
[18.180s][info][gc,heap        ] GC(200) PSYoungGen: 117984K(163840K)->89824K(166400K) Eden: 30720K(30720K)->0K(32256K) From: 87264K(133120K)->89824K(134144K)
[18.180s][info][gc,heap        ] GC(200) ParOldGen: 2706527K(2914304K)->2734951K(2914304K)
[18.180s][info][gc,metaspace   ] GC(200) Metaspace: 6298K(6464K)->6298K(6464K) NonClass: 5764K(5824K)->5764K(5824K) Class: 533K(640K)->533K(640K)
[18.180s][info][gc             ] GC(200) Pause Young (Allocation Failure) 2758M->2758M(3008M) 62.898ms
[18.180s][info][gc,cpu         ] GC(200) User=0.45s Sys=0.05s Real=0.06s
[18.750s][info][gc,start       ] GC(201) Pause Full (Ergonomics)
[18.750s][info][gc,phases,start] GC(201) Marking Phase
[19.427s][info][gc,phases      ] GC(201) Marking Phase 676.521ms
[19.427s][info][gc,phases,start] GC(201) Summary Phase
[19.427s][info][gc,phases      ] GC(201) Summary Phase 0.052ms
[19.427s][info][gc,phases,start] GC(201) Adjust Roots
[19.427s][info][gc,phases      ] GC(201) Adjust Roots 0.204ms
[19.427s][info][gc,phases,start] GC(201) Compaction Phase
[19.894s][info][gc,phases      ] GC(201) Compaction Phase 467.044ms
[19.894s][info][gc,phases,start] GC(201) Post Compact
[19.900s][info][gc,phases      ] GC(201) Post Compact 6.133ms
[19.901s][info][gc,heap        ] GC(201) PSYoungGen: 122080K(166400K)->7248K(166400K) Eden: 32256K(32256K)->0K(32256K) From: 89824K(134144K)->7248K(134144K)
[19.901s][info][gc,heap        ] GC(201) ParOldGen: 2866023K(2914304K)->2913911K(3202048K)
[19.901s][info][gc,metaspace   ] GC(201) Metaspace: 6298K(6464K)->6298K(6464K) NonClass: 5764K(5824K)->5764K(5824K) Class: 533K(640K)->533K(640K)
[19.901s][info][gc             ] GC(201) Pause Full (Ergonomics) 2918M->2852M(3289M) 1151.401ms
[19.902s][info][gc,cpu         ] GC(201) User=8.06s Sys=0.02s Real=1.15s
[19.938s][info][gc,start       ] GC(202) Pause Young (Allocation Failure)
[20.087s][info][gc,heap        ] GC(202) PSYoungGen: 39504K(166400K)->37568K(168448K) Eden: 32256K(32256K)->0K(32256K) From: 7248K(134144K)->37568K(136192K)
[20.087s][info][gc,heap        ] GC(202) ParOldGen: 2913911K(3202048K)->2916071K(3202048K)
[20.087s][info][gc,metaspace   ] GC(202) Metaspace: 6298K(6464K)->6298K(6464K) NonClass: 5764K(5824K)->5764K(5824K) Class: 533K(640K)->533K(640K)
[20.087s][info][gc             ] GC(202) Pause Young (Allocation Failure) 2884M->2884M(3291M) 149.520ms
[20.087s][info][gc,cpu         ] GC(202) User=0.91s Sys=0.00s Real=0.15s
[20.124s][info][gc,start       ] GC(203) Pause Young (Allocation Failure)
[20.182s][info][gc,heap        ] GC(203) PSYoungGen: 69824K(168448K)->69856K(159232K) Eden: 32256K(32256K)->0K(35840K) From: 37568K(136192K)->69856K(123392K)
[20.182s][info][gc,heap        ] GC(203) ParOldGen: 2916071K(3202048K)->2916071K(3202048K)
[20.182s][info][gc,metaspace   ] GC(203) Metaspace: 6298K(6464K)->6298K(6464K) NonClass: 5764K(5824K)->5764K(5824K) Class: 533K(640K)->533K(640K)
[20.182s][info][gc             ] GC(203) Pause Young (Allocation Failure) 2915M->2915M(3282M) 57.659ms
[20.182s][info][gc,cpu         ] GC(203) User=0.17s Sys=0.00s Real=0.06s
[20.222s][info][gc,start       ] GC(204) Pause Young (Allocation Failure)
[20.287s][info][gc,heap        ] GC(204) PSYoungGen: 105696K(159232K)->103808K(164864K) Eden: 35840K(35840K)->0K(35840K) From: 69856K(123392K)->103808K(129024K)
[20.287s][info][gc,heap        ] GC(204) ParOldGen: 2916071K(3202048K)->2918079K(3202048K)
[20.287s][info][gc,metaspace   ] GC(204) Metaspace: 6298K(6464K)->6298K(6464K) NonClass: 5764K(5824K)->5764K(5824K) Class: 533K(640K)->533K(640K)
[20.287s][info][gc             ] GC(204) Pause Young (Allocation Failure) 2950M->2951M(3288M) 64.352ms
[20.287s][info][gc,cpu         ] GC(204) User=0.25s Sys=0.00s Real=0.06s
[20.325s][info][gc,start       ] GC(205) Pause Young (Allocation Failure)
[20.400s][info][gc,heap        ] GC(205) PSYoungGen: 139648K(164864K)->136448K(158720K) Eden: 35840K(35840K)->0K(22016K) From: 103808K(129024K)->136448K(136704K)
[20.400s][info][gc,heap        ] GC(205) ParOldGen: 2918079K(3202048K)->2921335K(3202048K)
[20.400s][info][gc,metaspace   ] GC(205) Metaspace: 6298K(6464K)->6298K(6464K) NonClass: 5764K(5824K)->5764K(5824K) Class: 533K(640K)->533K(640K)
[20.400s][info][gc             ] GC(205) Pause Young (Allocation Failure) 2986M->2986M(3282M) 74.760ms
[20.400s][info][gc,cpu         ] GC(205) User=0.33s Sys=0.00s Real=0.08s
[20.422s][info][gc,start       ] GC(206) Pause Young (Allocation Failure)
[20.504s][info][gc,heap        ] GC(206) PSYoungGen: 158464K(158720K)->126240K(176640K) Eden: 22016K(22016K)->0K(22016K) From: 136448K(136704K)->126240K(154624K)
[20.504s][info][gc,heap        ] GC(206) ParOldGen: 2921335K(3202048K)->2953895K(3202048K)
[20.504s][info][gc,metaspace   ] GC(206) Metaspace: 6298K(6464K)->6298K(6464K) NonClass: 5764K(5824K)->5764K(5824K) Class: 533K(640K)->533K(640K)
[20.504s][info][gc             ] GC(206) Pause Young (Allocation Failure) 3007M->3007M(3299M) 82.216ms
[20.504s][info][gc,cpu         ] GC(206) User=0.39s Sys=0.02s Real=0.08s
[20.527s][info][gc,start       ] GC(207) Pause Young (Allocation Failure)
[20.605s][info][gc,heap        ] GC(207) PSYoungGen: 148256K(176640K)->80096K(174592K) Eden: 22016K(22016K)->0K(25088K) From: 126240K(154624K)->80096K(149504K)
[20.605s][info][gc,heap        ] GC(207) ParOldGen: 2953895K(3202048K)->3022575K(3202048K)
[20.605s][info][gc,metaspace   ] GC(207) Metaspace: 6298K(6464K)->6298K(6464K) NonClass: 5764K(5824K)->5764K(5824K) Class: 533K(640K)->533K(640K)
[20.605s][info][gc             ] GC(207) Pause Young (Allocation Failure) 3029M->3029M(3297M) 77.431ms
[20.605s][info][gc,cpu         ] GC(207) User=0.31s Sys=0.02s Real=0.08s
[20.630s][info][gc,start       ] GC(208) Pause Young (Allocation Failure)
[20.696s][info][gc,heap        ] GC(208) PSYoungGen: 105184K(174592K)->47296K(182272K) Eden: 25088K(25088K)->0K(25088K) From: 80096K(149504K)->47296K(157184K)
[20.696s][info][gc,heap        ] GC(208) ParOldGen: 3022575K(3202048K)->3080927K(3202048K)
[20.696s][info][gc,metaspace   ] GC(208) Metaspace: 6298K(6464K)->6298K(6464K) NonClass: 5764K(5824K)->5764K(5824K) Class: 533K(640K)->533K(640K)
[20.696s][info][gc             ] GC(208) Pause Young (Allocation Failure) 3054M->3054M(3305M) 65.193ms
[20.696s][info][gc,cpu         ] GC(208) User=0.17s Sys=0.02s Real=0.07s
[20.722s][info][gc,start       ] GC(209) Pause Young (Allocation Failure)
[20.776s][info][gc,heap        ] GC(209) PSYoungGen: 72384K(182272K)->25248K(183296K) Eden: 25088K(25088K)->0K(27648K) From: 47296K(157184K)->25248K(155648K)
[20.776s][info][gc,heap        ] GC(209) ParOldGen: 3080927K(3202048K)->3128439K(3202048K)
[20.776s][info][gc,metaspace   ] GC(209) Metaspace: 6298K(6464K)->6298K(6464K) NonClass: 5764K(5824K)->5764K(5824K) Class: 533K(640K)->533K(640K)
[20.776s][info][gc             ] GC(209) Pause Young (Allocation Failure) 3079M->3079M(3306M) 53.894ms
[20.776s][info][gc,cpu         ] GC(209) User=0.16s Sys=0.00s Real=0.05s
[20.776s][info][gc,start       ] GC(210) Pause Full (Ergonomics)
[20.776s][info][gc,phases,start] GC(210) Marking Phase
[21.493s][info][gc,phases      ] GC(210) Marking Phase 716.550ms
[21.493s][info][gc,phases,start] GC(210) Summary Phase
[21.493s][info][gc,phases      ] GC(210) Summary Phase 0.097ms
[21.493s][info][gc,phases,start] GC(210) Adjust Roots
[21.493s][info][gc,phases      ] GC(210) Adjust Roots 0.173ms
[21.493s][info][gc,phases,start] GC(210) Compaction Phase
[21.795s][info][gc,phases      ] GC(210) Compaction Phase 301.662ms
[21.795s][info][gc,phases,start] GC(210) Post Compact
[21.800s][info][gc,phases      ] GC(210) Post Compact 5.694ms
[21.801s][info][gc,heap        ] GC(210) PSYoungGen: 25248K(183296K)->0K(184320K) Eden: 0K(27648K)->0K(27648K) From: 25248K(155648K)->0K(156672K)
[21.801s][info][gc,heap        ] GC(210) ParOldGen: 3128439K(3202048K)->3151308K(3488768K)
[21.801s][info][gc,metaspace   ] GC(210) Metaspace: 6298K(6464K)->6298K(6464K) NonClass: 5764K(5824K)->5764K(5824K) Class: 533K(640K)->533K(640K)
[21.801s][info][gc             ] GC(210) Pause Full (Ergonomics) 3079M->3077M(3587M) 1025.494ms
[21.801s][info][gc,cpu         ] GC(210) User=7.23s Sys=0.02s Real=1.03s
[21.833s][info][gc,start       ] GC(211) Pause Young (Allocation Failure)
[21.872s][info][gc,heap        ] GC(211) PSYoungGen: 27648K(184320K)->27776K(185344K) Eden: 27648K(27648K)->0K(30720K) From: 0K(156672K)->27776K(154624K)
[21.872s][info][gc,heap        ] GC(211) ParOldGen: 3151308K(3488768K)->3151308K(3488768K)
[21.872s][info][gc,metaspace   ] GC(211) Metaspace: 6298K(6464K)->6298K(6464K) NonClass: 5764K(5824K)->5764K(5824K) Class: 533K(640K)->533K(640K)
[21.872s][info][gc             ] GC(211) Pause Young (Allocation Failure) 3104M->3104M(3588M) 39.262ms
[21.872s][info][gc,cpu         ] GC(211) User=0.08s Sys=0.00s Real=0.04s
[21.908s][info][gc,start       ] GC(212) Pause Young (Allocation Failure)
[21.957s][info][gc,heap        ] GC(212) PSYoungGen: 58496K(185344K)->30880K(186880K) Eden: 30720K(30720K)->0K(30720K) From: 27776K(154624K)->30880K(156160K)
[21.957s][info][gc,heap        ] GC(212) ParOldGen: 3151308K(3488768K)->3179204K(3488768K)
[21.957s][info][gc,metaspace   ] GC(212) Metaspace: 6298K(6464K)->6298K(6464K) NonClass: 5764K(5824K)->5764K(5824K) Class: 533K(640K)->533K(640K)
[21.957s][info][gc             ] GC(212) Pause Young (Allocation Failure) 3134M->3134M(3589M) 49.299ms
[21.957s][info][gc,cpu         ] GC(212) User=0.17s Sys=0.00s Real=0.05s
[21.990s][info][gc,start       ] GC(213) Pause Young (Allocation Failure)
[22.038s][info][gc,heap        ] GC(213) PSYoungGen: 61600K(186880K)->30880K(181760K) Eden: 30720K(30720K)->0K(34304K) From: 30880K(156160K)->30880K(147456K)
[22.038s][info][gc,heap        ] GC(213) ParOldGen: 3179204K(3488768K)->3210212K(3488768K)
[22.038s][info][gc,metaspace   ] GC(213) Metaspace: 6298K(6464K)->6298K(6464K) NonClass: 5764K(5824K)->5764K(5824K) Class: 533K(640K)->533K(640K)
[22.038s][info][gc             ] GC(213) Pause Young (Allocation Failure) 3164M->3165M(3584M) 48.287ms
[22.038s][info][gc,cpu         ] GC(213) User=0.14s Sys=0.02s Real=0.05s
[22.074s][info][gc,start       ] GC(214) Pause Young (Allocation Failure)
[22.125s][info][gc,heap        ] GC(214) PSYoungGen: 65184K(181760K)->34432K(184832K) Eden: 34304K(34304K)->0K(34304K) From: 30880K(147456K)->34432K(150528K)
[22.125s][info][gc,heap        ] GC(214) ParOldGen: 3210212K(3488768K)->3241236K(3488768K)
[22.125s][info][gc,metaspace   ] GC(214) Metaspace: 6298K(6464K)->6298K(6464K) NonClass: 5764K(5824K)->5764K(5824K) Class: 533K(640K)->533K(640K)
[22.125s][info][gc             ] GC(214) Pause Young (Allocation Failure) 3198M->3198M(3587M) 50.851ms
[22.125s][info][gc,cpu         ] GC(214) User=0.17s Sys=0.00s Real=0.05s
[22.159s][info][gc,start       ] GC(215) Pause Young (Allocation Failure)
[22.213s][info][gc,heap        ] GC(215) PSYoungGen: 68736K(184832K)->34496K(175616K) Eden: 34304K(34304K)->0K(38400K) From: 34432K(150528K)->34496K(137216K)
[22.213s][info][gc,heap        ] GC(215) ParOldGen: 3241236K(3488768K)->3275852K(3488768K)
[22.214s][info][gc,metaspace   ] GC(215) Metaspace: 6298K(6464K)->6298K(6464K) NonClass: 5764K(5824K)->5764K(5824K) Class: 533K(640K)->533K(640K)
[22.214s][info][gc             ] GC(215) Pause Young (Allocation Failure) 3232M->3232M(3578M) 54.214ms
[22.214s][info][gc,cpu         ] GC(215) User=0.17s Sys=0.00s Real=0.05s
[22.255s][info][gc,start       ] GC(216) Pause Young (Allocation Failure)
[22.310s][info][gc,heap        ] GC(216) PSYoungGen: 72896K(175616K)->38624K(77312K) Eden: 38400K(38400K)->0K(38400K) From: 34496K(137216K)->38624K(38912K)
[22.310s][info][gc,heap        ] GC(216) ParOldGen: 3275852K(3488768K)->3310452K(3488768K)
[22.310s][info][gc,metaspace   ] GC(216) Metaspace: 6298K(6464K)->6298K(6464K) NonClass: 5764K(5824K)->5764K(5824K) Class: 533K(640K)->533K(640K)
[22.310s][info][gc             ] GC(216) Pause Young (Allocation Failure) 3270M->3270M(3482M) 55.418ms
[22.310s][info][gc,cpu         ] GC(216) User=0.17s Sys=0.00s Real=0.06s
[22.353s][info][gc,start       ] GC(217) Pause Young (Allocation Failure)
[22.415s][info][gc,heap        ] GC(217) PSYoungGen: 77024K(77312K)->38592K(167936K) Eden: 38400K(38400K)->0K(43008K) From: 38624K(38912K)->38592K(124928K)
[22.415s][info][gc,heap        ] GC(217) ParOldGen: 3310452K(3488768K)->3349196K(3488768K)
[22.415s][info][gc,metaspace   ] GC(217) Metaspace: 6298K(6464K)->6298K(6464K) NonClass: 5764K(5824K)->5764K(5824K) Class: 533K(640K)->533K(640K)
[22.415s][info][gc             ] GC(217) Pause Young (Allocation Failure) 3308M->3308M(3571M) 62.331ms
[22.415s][info][gc,cpu         ] GC(217) User=0.17s Sys=0.00s Real=0.06s
[22.465s][info][gc,start       ] GC(218) Pause Young (Allocation Failure)
[22.527s][info][gc,heap        ] GC(218) PSYoungGen: 81600K(167936K)->43200K(86528K) Eden: 43008K(43008K)->0K(43008K) From: 38592K(124928K)->43200K(43520K)
[22.527s][info][gc,heap        ] GC(218) ParOldGen: 3349196K(3488768K)->3387940K(3488768K)
[22.527s][info][gc,metaspace   ] GC(218) Metaspace: 6298K(6464K)->6298K(6464K) NonClass: 5764K(5824K)->5764K(5824K) Class: 533K(640K)->533K(640K)
[22.527s][info][gc             ] GC(218) Pause Young (Allocation Failure) 3350M->3350M(3491M) 62.419ms
[22.527s][info][gc,cpu         ] GC(218) User=0.16s Sys=0.00s Real=0.06s
[22.571s][info][gc,start       ] GC(219) Pause Young (Allocation Failure)
[22.640s][info][gc,heap        ] GC(219) PSYoungGen: 86208K(86528K)->43232K(161280K) Eden: 43008K(43008K)->0K(48128K) From: 43200K(43520K)->43232K(113152K)
[22.640s][info][gc,heap        ] GC(219) ParOldGen: 3387940K(3488768K)->3431340K(3488768K)
[22.640s][info][gc,metaspace   ] GC(219) Metaspace: 6298K(6464K)->6298K(6464K) NonClass: 5764K(5824K)->5764K(5824K) Class: 533K(640K)->533K(640K)
[22.640s][info][gc             ] GC(219) Pause Young (Allocation Failure) 3392M->3393M(3564M) 69.240ms
[22.640s][info][gc,cpu         ] GC(219) User=0.28s Sys=0.00s Real=0.07s
[22.640s][info][gc,start       ] GC(220) Pause Full (Ergonomics)
[22.640s][info][gc,phases,start] GC(220) Marking Phase
[23.410s][info][gc,phases      ] GC(220) Marking Phase 769.751ms
[23.410s][info][gc,phases,start] GC(220) Summary Phase
[23.410s][info][gc,phases      ] GC(220) Summary Phase 0.079ms
[23.410s][info][gc,phases,start] GC(220) Adjust Roots
[23.410s][info][gc,phases      ] GC(220) Adjust Roots 0.199ms
[23.410s][info][gc,phases,start] GC(220) Compaction Phase
[23.732s][info][gc,phases      ] GC(220) Compaction Phase 321.500ms
[23.732s][info][gc,phases,start] GC(220) Post Compact
[23.738s][info][gc,phases      ] GC(220) Post Compact 6.543ms
[23.740s][info][gc,heap        ] GC(220) PSYoungGen: 43232K(161280K)->0K(166912K) Eden: 0K(48128K)->0K(48128K) From: 43232K(113152K)->0K(118784K)
[23.740s][info][gc,heap        ] GC(220) ParOldGen: 3431340K(3488768K)->3471542K(3822080K)
[23.740s][info][gc,metaspace   ] GC(220) Metaspace: 6298K(6464K)->6298K(6464K) NonClass: 5764K(5824K)->5764K(5824K) Class: 533K(640K)->533K(640K)
[23.740s][info][gc             ] GC(220) Pause Full (Ergonomics) 3393M->3390M(3895M) 1099.607ms
[23.740s][info][gc,cpu         ] GC(220) User=8.08s Sys=0.02s Real=1.10s
[23.785s][info][gc,start       ] GC(221) Pause Young (Allocation Failure)
[23.831s][info][gc,heap        ] GC(221) PSYoungGen: 48128K(166912K)->48320K(158208K) Eden: 48128K(48128K)->0K(52736K) From: 0K(118784K)->48320K(105472K)
[23.831s][info][gc,heap        ] GC(221) ParOldGen: 3471542K(3822080K)->3471542K(3822080K)
[23.831s][info][gc,metaspace   ] GC(221) Metaspace: 6298K(6464K)->6298K(6464K) NonClass: 5764K(5824K)->5764K(5824K) Class: 533K(640K)->533K(640K)
[23.831s][info][gc             ] GC(221) Pause Young (Allocation Failure) 3437M->3437M(3887M) 45.591ms
[23.831s][info][gc,cpu         ] GC(221) User=0.16s Sys=0.00s Real=0.05s
[23.883s][info][gc,start       ] GC(222) Pause Young (Allocation Failure)
[23.946s][info][gc,heap        ] GC(222) PSYoungGen: 101056K(158208K)->101152K(165376K) Eden: 52736K(52736K)->0K(52736K) From: 48320K(105472K)->101152K(112640K)
[23.946s][info][gc,heap        ] GC(222) ParOldGen: 3471542K(3822080K)->3471542K(3822080K)
[23.946s][info][gc,metaspace   ] GC(222) Metaspace: 6298K(6464K)->6298K(6464K) NonClass: 5764K(5824K)->5764K(5824K) Class: 533K(640K)->533K(640K)
[23.946s][info][gc             ] GC(222) Pause Young (Allocation Failure) 3488M->3488M(3894M) 62.698ms
[23.946s][info][gc,cpu         ] GC(222) User=0.19s Sys=0.00s Real=0.06s
[24.002s][info][gc,start       ] GC(223) Pause Young (Allocation Failure)
[24.079s][info][gc,heap        ] GC(223) PSYoungGen: 153888K(165376K)->124928K(153088K) Eden: 52736K(52736K)->0K(28160K) From: 101152K(112640K)->124928K(124928K)
[24.079s][info][gc,heap        ] GC(223) ParOldGen: 3471542K(3822080K)->3500694K(3822080K)
[24.079s][info][gc,metaspace   ] GC(223) Metaspace: 6298K(6464K)->6298K(6464K) NonClass: 5764K(5824K)->5764K(5824K) Class: 533K(640K)->533K(640K)
[24.079s][info][gc             ] GC(223) Pause Young (Allocation Failure) 3540M->3540M(3882M) 77.009ms
[24.079s][info][gc,cpu         ] GC(223) User=0.52s Sys=0.00s Real=0.08s
[24.109s][info][gc,start       ] GC(224) Pause Young (Allocation Failure)
[24.187s][info][gc,heap        ] GC(224) PSYoungGen: 153088K(153088K)->68512K(96768K) Eden: 28160K(28160K)->0K(28160K) From: 124928K(124928K)->68512K(68608K)
[24.187s][info][gc,heap        ] GC(224) ParOldGen: 3500694K(3822080K)->3586030K(3822080K)
[24.187s][info][gc,metaspace   ] GC(224) Metaspace: 6298K(6464K)->6298K(6464K) NonClass: 5764K(5824K)->5764K(5824K) Class: 533K(640K)->533K(640K)
[24.187s][info][gc             ] GC(224) Pause Young (Allocation Failure) 3568M->3568M(3827M) 77.751ms
[24.187s][info][gc,cpu         ] GC(224) User=0.48s Sys=0.03s Real=0.08s
[24.218s][info][gc,start       ] GC(225) Pause Young (Allocation Failure)
[24.286s][info][gc,heap        ] GC(225) PSYoungGen: 96672K(96768K)->56512K(165376K) Eden: 28160K(28160K)->0K(31744K) From: 68512K(68608K)->56512K(133632K)
[24.286s][info][gc,heap        ] GC(225) ParOldGen: 3586030K(3822080K)->3626550K(3822080K)
[24.286s][info][gc,metaspace   ] GC(225) Metaspace: 6298K(6464K)->6298K(6464K) NonClass: 5764K(5824K)->5764K(5824K) Class: 533K(640K)->533K(640K)
[24.286s][info][gc             ] GC(225) Pause Young (Allocation Failure) 3596M->3596M(3894M) 67.263ms
[24.286s][info][gc,cpu         ] GC(225) User=0.23s Sys=0.05s Real=0.07s
[24.318s][info][gc,start       ] GC(226) Pause Young (Allocation Failure)
[24.378s][info][gc,heap        ] GC(226) PSYoungGen: 88256K(165376K)->60064K(92160K) Eden: 31744K(31744K)->0K(31744K) From: 56512K(133632K)->60064K(60416K)
[24.378s][info][gc,heap        ] GC(226) ParOldGen: 3626550K(3822080K)->3654974K(3822080K)
[24.378s][info][gc,metaspace   ] GC(226) Metaspace: 6298K(6464K)->6298K(6464K) NonClass: 5764K(5824K)->5764K(5824K) Class: 533K(640K)->533K(640K)
[24.378s][info][gc             ] GC(226) Pause Young (Allocation Failure) 3627M->3627M(3822M) 59.944ms
[24.378s][info][gc,cpu         ] GC(226) User=0.14s Sys=0.05s Real=0.06s
[24.409s][info][gc,start       ] GC(227) Pause Young (Allocation Failure)
[24.468s][info][gc,heap        ] GC(227) PSYoungGen: 91808K(92160K)->31904K(166400K) Eden: 31744K(31744K)->0K(35840K) From: 60064K(60416K)->31904K(130560K)
[24.468s][info][gc,heap        ] GC(227) ParOldGen: 3654974K(3822080K)->3715406K(3822080K)
[24.468s][info][gc,metaspace   ] GC(227) Metaspace: 6298K(6464K)->6298K(6464K) NonClass: 5764K(5824K)->5764K(5824K) Class: 533K(640K)->533K(640K)
[24.468s][info][gc             ] GC(227) Pause Young (Allocation Failure) 3658M->3659M(3895M) 59.503ms
[24.468s][info][gc,cpu         ] GC(227) User=0.27s Sys=0.00s Real=0.06s
[24.504s][info][gc,start       ] GC(228) Pause Young (Allocation Failure)
[24.561s][info][gc,heap        ] GC(228) PSYoungGen: 67744K(166400K)->36032K(167936K) Eden: 35840K(35840K)->0K(35840K) From: 31904K(130560K)->36032K(132096K)
[24.561s][info][gc,heap        ] GC(228) ParOldGen: 3715406K(3822080K)->3747446K(3822080K)
[24.561s][info][gc,metaspace   ] GC(228) Metaspace: 6298K(6464K)->6298K(6464K) NonClass: 5764K(5824K)->5764K(5824K) Class: 533K(640K)->533K(640K)
[24.561s][info][gc             ] GC(228) Pause Young (Allocation Failure) 3694M->3694M(3896M) 56.557ms
[24.561s][info][gc,cpu         ] GC(228) User=0.16s Sys=0.02s Real=0.06s
[24.561s][info][gc,start       ] GC(229) Pause Full (Ergonomics)
[24.561s][info][gc,phases,start] GC(229) Marking Phase
[25.432s][info][gc,phases      ] GC(229) Marking Phase 870.599ms
[25.432s][info][gc,phases,start] GC(229) Summary Phase
[25.432s][info][gc,phases      ] GC(229) Summary Phase 0.082ms
[25.432s][info][gc,phases,start] GC(229) Adjust Roots
[25.432s][info][gc,phases      ] GC(229) Adjust Roots 0.203ms
[25.432s][info][gc,phases,start] GC(229) Compaction Phase
[25.791s][info][gc,phases      ] GC(229) Compaction Phase 359.089ms
[25.791s][info][gc,phases,start] GC(229) Post Compact
[25.798s][info][gc,phases      ] GC(229) Post Compact 6.836ms
[25.799s][info][gc,heap        ] GC(229) PSYoungGen: 36032K(167936K)->0K(169984K) Eden: 0K(35840K)->0K(40448K) From: 36032K(132096K)->0K(129536K)
[25.799s][info][gc,heap        ] GC(229) ParOldGen: 3747446K(3822080K)->3780541K(4170752K)
[25.799s][info][gc,metaspace   ] GC(229) Metaspace: 6298K(6464K)->6298K(6464K) NonClass: 5764K(5824K)->5764K(5824K) Class: 533K(640K)->533K(640K)
[25.799s][info][gc             ] GC(229) Pause Full (Ergonomics) 3694M->3691M(4239M) 1238.247ms
[25.799s][info][gc,cpu         ] GC(229) User=8.84s Sys=0.03s Real=1.24s
[25.838s][info][gc,start       ] GC(230) Pause Young (Allocation Failure)
[25.881s][info][gc,heap        ] GC(230) PSYoungGen: 40448K(169984K)->40640K(169984K) Eden: 40448K(40448K)->0K(40448K) From: 0K(129536K)->40640K(129536K)
[25.881s][info][gc,heap        ] GC(230) ParOldGen: 3780541K(4170752K)->3780541K(4170752K)
[25.881s][info][gc,metaspace   ] GC(230) Metaspace: 6298K(6464K)->6298K(6464K) NonClass: 5764K(5824K)->5764K(5824K) Class: 533K(640K)->533K(640K)
[25.881s][info][gc             ] GC(230) Pause Young (Allocation Failure) 3731M->3731M(4239M) 43.000ms
[25.881s][info][gc,cpu         ] GC(230) User=0.06s Sys=0.00s Real=0.04s
[25.925s][info][gc,start       ] GC(231) Pause Young (Allocation Failure)
[25.976s][info][gc,heap        ] GC(231) PSYoungGen: 81088K(169984K)->81120K(167936K) Eden: 40448K(40448K)->0K(42496K) From: 40640K(129536K)->81120K(125440K)
[25.976s][info][gc,heap        ] GC(231) ParOldGen: 3780541K(4170752K)->3780541K(4170752K)
[25.976s][info][gc,metaspace   ] GC(231) Metaspace: 6298K(6464K)->6298K(6464K) NonClass: 5764K(5824K)->5764K(5824K) Class: 533K(640K)->533K(640K)
[25.976s][info][gc             ] GC(231) Pause Young (Allocation Failure) 3771M->3771M(4237M) 51.764ms
[25.976s][info][gc,cpu         ] GC(231) User=0.19s Sys=0.00s Real=0.05s
[26.024s][info][gc,start       ] GC(232) Pause Young (Allocation Failure)
[26.096s][info][gc,heap        ] GC(232) PSYoungGen: 123616K(167936K)->123648K(169984K) Eden: 42496K(42496K)->0K(42496K) From: 81120K(125440K)->123648K(127488K)
[26.096s][info][gc,heap        ] GC(232) ParOldGen: 3780541K(4170752K)->3780541K(4170752K)
[26.096s][info][gc,metaspace   ] GC(232) Metaspace: 6298K(6464K)->6298K(6464K) NonClass: 5764K(5824K)->5764K(5824K) Class: 533K(640K)->533K(640K)
[26.096s][info][gc             ] GC(232) Pause Young (Allocation Failure) 3812M->3812M(4239M) 72.046ms
[26.096s][info][gc,cpu         ] GC(232) User=0.30s Sys=0.00s Real=0.07s
[26.142s][info][gc,start       ] GC(233) Pause Young (Allocation Failure)
[26.225s][info][gc,heap        ] GC(233) PSYoungGen: 166144K(169984K)->125760K(177152K) Eden: 42496K(42496K)->0K(32768K) From: 123648K(127488K)->125760K(144384K)
[26.225s][info][gc,heap        ] GC(233) ParOldGen: 3780541K(4170752K)->3821365K(4170752K)
[26.225s][info][gc,metaspace   ] GC(233) Metaspace: 6298K(6464K)->6298K(6464K) NonClass: 5764K(5824K)->5764K(5824K) Class: 533K(640K)->533K(640K)
[26.225s][info][gc             ] GC(233) Pause Young (Allocation Failure) 3854M->3854M(4246M) 82.820ms
[26.225s][info][gc,cpu         ] GC(233) User=0.48s Sys=0.05s Real=0.08s
[26.257s][info][gc,start       ] GC(234) Pause Young (Allocation Failure)
[26.337s][info][gc,heap        ] GC(234) PSYoungGen: 158528K(177152K)->118016K(191488K) Eden: 32768K(32768K)->0K(32768K) From: 125760K(144384K)->118016K(158720K)
[26.337s][info][gc,heap        ] GC(234) ParOldGen: 3821365K(4170752K)->3862189K(4170752K)
[26.337s][info][gc,metaspace   ] GC(234) Metaspace: 6298K(6464K)->6298K(6464K) NonClass: 5764K(5824K)->5764K(5824K) Class: 533K(640K)->533K(640K)
[26.337s][info][gc             ] GC(234) Pause Young (Allocation Failure) 3886M->3886M(4260M) 79.894ms
[26.337s][info][gc,cpu         ] GC(234) User=0.64s Sys=0.00s Real=0.08s
[26.373s][info][gc,start       ] GC(235) Pause Young (Allocation Failure)
[26.454s][info][gc,heap        ] GC(235) PSYoungGen: 150784K(191488K)->108288K(201728K) Eden: 32768K(32768K)->0K(34304K) From: 118016K(158720K)->108288K(167424K)
[26.454s][info][gc,heap        ] GC(235) ParOldGen: 3862189K(4170752K)->3905069K(4170752K)
[26.454s][info][gc,metaspace   ] GC(235) Metaspace: 6298K(6464K)->6298K(6464K) NonClass: 5764K(5824K)->5764K(5824K) Class: 533K(640K)->533K(640K)
[26.454s][info][gc             ] GC(235) Pause Young (Allocation Failure) 3918M->3919M(4270M) 80.254ms
[26.454s][info][gc,cpu         ] GC(235) User=0.48s Sys=0.02s Real=0.08s
[26.496s][info][gc,start       ] GC(236) Pause Young (Allocation Failure)
[26.577s][info][gc,heap        ] GC(236) PSYoungGen: 142592K(201728K)->67296K(101888K) Eden: 34304K(34304K)->0K(34304K) From: 108288K(167424K)->67296K(67584K)
[26.577s][info][gc,heap        ] GC(236) ParOldGen: 3905069K(4170752K)->3981005K(4170752K)
[26.577s][info][gc,metaspace   ] GC(236) Metaspace: 6298K(6464K)->6298K(6464K) NonClass: 5764K(5824K)->5764K(5824K) Class: 533K(640K)->533K(640K)
[26.577s][info][gc             ] GC(236) Pause Young (Allocation Failure) 3952M->3953M(4172M) 81.577ms
[26.577s][info][gc,cpu         ] GC(236) User=0.30s Sys=0.00s Real=0.08s
[26.618s][info][gc,start       ] GC(237) Pause Young (Allocation Failure)
[26.685s][info][gc,heap        ] GC(237) PSYoungGen: 101600K(101888K)->34496K(200192K) Eden: 34304K(34304K)->0K(38912K) From: 67296K(67584K)->34496K(161280K)
[26.685s][info][gc,heap        ] GC(237) ParOldGen: 3981005K(4170752K)->4048677K(4170752K)
[26.685s][info][gc,metaspace   ] GC(237) Metaspace: 6298K(6464K)->6298K(6464K) NonClass: 5764K(5824K)->5764K(5824K) Class: 533K(640K)->533K(640K)
[26.685s][info][gc             ] GC(237) Pause Young (Allocation Failure) 3986M->3987M(4268M) 66.740ms
[26.685s][info][gc,cpu         ] GC(237) User=0.30s Sys=0.00s Real=0.07s
[26.733s][info][gc,start       ] GC(238) Pause Young (Allocation Failure)
[26.788s][info][gc,heap        ] GC(238) PSYoungGen: 73408K(200192K)->39104K(201216K) Eden: 38912K(38912K)->0K(38912K) From: 34496K(161280K)->39104K(162304K)
[26.788s][info][gc,heap        ] GC(238) ParOldGen: 4048677K(4170752K)->4083293K(4170752K)
[26.788s][info][gc,metaspace   ] GC(238) Metaspace: 6298K(6464K)->6298K(6464K) NonClass: 5764K(5824K)->5764K(5824K) Class: 533K(640K)->533K(640K)
[26.788s][info][gc             ] GC(238) Pause Young (Allocation Failure) 4025M->4025M(4269M) 55.221ms
[26.788s][info][gc,cpu         ] GC(238) User=0.19s Sys=0.00s Real=0.06s
[26.829s][info][gc,start       ] GC(239) Pause Young (Allocation Failure)
[26.888s][info][gc,heap        ] GC(239) PSYoungGen: 78016K(201216K)->39104K(196096K) Eden: 38912K(38912K)->0K(44032K) From: 39104K(162304K)->39104K(152064K)
[26.889s][info][gc,heap        ] GC(239) ParOldGen: 4083293K(4170752K)->4122557K(4170752K)
[26.889s][info][gc,metaspace   ] GC(239) Metaspace: 6298K(6464K)->6298K(6464K) NonClass: 5764K(5824K)->5764K(5824K) Class: 533K(640K)->533K(640K)
[26.889s][info][gc             ] GC(239) Pause Young (Allocation Failure) 4063M->4064M(4264M) 59.716ms
[26.889s][info][gc,cpu         ] GC(239) User=0.16s Sys=0.00s Real=0.06s
[26.889s][info][gc,start       ] GC(240) Pause Full (Ergonomics)
[26.889s][info][gc,phases,start] GC(240) Marking Phase
[27.825s][info][gc,phases      ] GC(240) Marking Phase 936.259ms
[27.825s][info][gc,phases,start] GC(240) Summary Phase
[27.825s][info][gc,phases      ] GC(240) Summary Phase 0.091ms
[27.825s][info][gc,phases,start] GC(240) Adjust Roots
[27.825s][info][gc,phases      ] GC(240) Adjust Roots 0.187ms
[27.825s][info][gc,phases,start] GC(240) Compaction Phase
[28.193s][info][gc,phases      ] GC(240) Compaction Phase 367.808ms
[28.193s][info][gc,phases,start] GC(240) Post Compact
[28.199s][info][gc,phases      ] GC(240) Post Compact 6.114ms
[28.201s][info][gc,heap        ] GC(240) PSYoungGen: 39104K(196096K)->0K(199680K) Eden: 0K(44032K)->0K(44032K) From: 39104K(152064K)->0K(155648K)
[28.201s][info][gc,heap        ] GC(240) ParOldGen: 4122557K(4170752K)->4158075K(4589056K)
[28.201s][info][gc,metaspace   ] GC(240) Metaspace: 6298K(6464K)->6298K(6464K) NonClass: 5764K(5824K)->5764K(5824K) Class: 533K(640K)->533K(640K)
[28.201s][info][gc             ] GC(240) Pause Full (Ergonomics) 4064M->4060M(4676M) 1312.277ms
[28.201s][info][gc,cpu         ] GC(240) User=9.62s Sys=0.00s Real=1.31s
[28.245s][info][gc,start       ] GC(241) Pause Young (Allocation Failure)
[28.291s][info][gc,heap        ] GC(241) PSYoungGen: 44032K(199680K)->44256K(194048K) Eden: 44032K(44032K)->0K(48640K) From: 0K(155648K)->44256K(145408K)
[28.291s][info][gc,heap        ] GC(241) ParOldGen: 4158075K(4589056K)->4158075K(4589056K)
[28.291s][info][gc,metaspace   ] GC(241) Metaspace: 6298K(6464K)->6298K(6464K) NonClass: 5764K(5824K)->5764K(5824K) Class: 533K(640K)->533K(640K)
[28.291s][info][gc             ] GC(241) Pause Young (Allocation Failure) 4103M->4103M(4671M) 46.022ms
[28.291s][info][gc,cpu         ] GC(241) User=0.14s Sys=0.00s Real=0.05s
[28.340s][info][gc,start       ] GC(242) Pause Young (Allocation Failure)
[28.399s][info][gc,heap        ] GC(242) PSYoungGen: 92896K(194048K)->92896K(199680K) Eden: 48640K(48640K)->0K(48640K) From: 44256K(145408K)->92896K(151040K)
[28.399s][info][gc,heap        ] GC(242) ParOldGen: 4158075K(4589056K)->4158075K(4589056K)
[28.399s][info][gc,metaspace   ] GC(242) Metaspace: 6298K(6464K)->6298K(6464K) NonClass: 5764K(5824K)->5764K(5824K) Class: 533K(640K)->533K(640K)
[28.400s][info][gc             ] GC(242) Pause Young (Allocation Failure) 4151M->4151M(4676M) 59.065ms
[28.400s][info][gc,cpu         ] GC(242) User=0.20s Sys=0.00s Real=0.06s
[28.457s][info][gc,start       ] GC(243) Pause Young (Allocation Failure)
[28.539s][info][gc,heap        ] GC(243) PSYoungGen: 141536K(199680K)->141664K(187392K) Eden: 48640K(48640K)->0K(34816K) From: 92896K(151040K)->141664K(152576K)
[28.539s][info][gc,heap        ] GC(243) ParOldGen: 4158075K(4589056K)->4158075K(4589056K)
[28.539s][info][gc,metaspace   ] GC(243) Metaspace: 6298K(6464K)->6298K(6464K) NonClass: 5764K(5824K)->5764K(5824K) Class: 533K(640K)->533K(640K)
[28.539s][info][gc             ] GC(243) Pause Young (Allocation Failure) 4198M->4198M(4664M) 81.948ms
[28.539s][info][gc,cpu         ] GC(243) User=0.27s Sys=0.00s Real=0.08s
[28.583s][info][gc,start       ] GC(244) Pause Young (Allocation Failure)
[28.673s][info][gc,heap        ] GC(244) PSYoungGen: 176480K(187392K)->132384K(206336K) Eden: 34816K(34816K)->0K(34816K) From: 141664K(152576K)->132384K(171520K)
[28.673s][info][gc,heap        ] GC(244) ParOldGen: 4158075K(4589056K)->4202507K(4589056K)
[28.673s][info][gc,metaspace   ] GC(244) Metaspace: 6298K(6464K)->6298K(6464K) NonClass: 5764K(5824K)->5764K(5824K) Class: 533K(640K)->533K(640K)
[28.673s][info][gc             ] GC(244) Pause Young (Allocation Failure) 4232M->4233M(4683M) 90.528ms
[28.673s][info][gc,cpu         ] GC(244) User=0.62s Sys=0.02s Real=0.09s
[28.716s][info][gc,start       ] GC(245) Pause Young (Allocation Failure)
[28.806s][info][gc,heap        ] GC(245) PSYoungGen: 167200K(206336K)->118560K(218624K) Eden: 34816K(34816K)->0K(35328K) From: 132384K(171520K)->118560K(183296K)
[28.806s][info][gc,heap        ] GC(245) ParOldGen: 4202507K(4589056K)->4251587K(4589056K)
[28.806s][info][gc,metaspace   ] GC(245) Metaspace: 6298K(6464K)->6298K(6464K) NonClass: 5764K(5824K)->5764K(5824K) Class: 533K(640K)->533K(640K)
[28.806s][info][gc             ] GC(245) Pause Young (Allocation Failure) 4267M->4267M(4695M) 90.088ms
[28.806s][info][gc,cpu         ] GC(245) User=0.53s Sys=0.02s Real=0.09s
[28.845s][info][gc,start       ] GC(246) Pause Young (Allocation Failure)
[28.925s][info][gc,heap        ] GC(246) PSYoungGen: 153888K(218624K)->105184K(222208K) Eden: 35328K(35328K)->0K(35328K) From: 118560K(183296K)->105184K(186880K)
[28.925s][info][gc,heap        ] GC(246) ParOldGen: 4251587K(4589056K)->4300675K(4589056K)
[28.925s][info][gc,metaspace   ] GC(246) Metaspace: 6298K(6464K)->6298K(6464K) NonClass: 5764K(5824K)->5764K(5824K) Class: 533K(640K)->533K(640K)
[28.925s][info][gc             ] GC(246) Pause Young (Allocation Failure) 4302M->4302M(4698M) 79.567ms
[28.925s][info][gc,cpu         ] GC(246) User=0.48s Sys=0.03s Real=0.08s
[28.965s][info][gc,start       ] GC(247) Pause Young (Allocation Failure)
[29.042s][info][gc,heap        ] GC(247) PSYoungGen: 140512K(222208K)->105728K(218112K) Eden: 35328K(35328K)->0K(39936K) From: 105184K(186880K)->105728K(178176K)
[29.042s][info][gc,heap        ] GC(247) ParOldGen: 4300675K(4589056K)->4335795K(4589056K)
[29.042s][info][gc,metaspace   ] GC(247) Metaspace: 6298K(6464K)->6298K(6464K) NonClass: 5764K(5824K)->5764K(5824K) Class: 533K(640K)->533K(640K)
[29.042s][info][gc             ] GC(247) Pause Young (Allocation Failure) 4337M->4337M(4694M) 77.230ms
[29.042s][info][gc,cpu         ] GC(247) User=0.38s Sys=0.05s Real=0.08s
[29.081s][info][gc,start       ] GC(248) Pause Young (Allocation Failure)
[29.159s][info][gc,heap        ] GC(248) PSYoungGen: 145664K(218112K)->75488K(115712K) Eden: 39936K(39936K)->0K(39936K) From: 105728K(178176K)->75488K(75776K)
[29.159s][info][gc,heap        ] GC(248) ParOldGen: 4335795K(4589056K)->4406531K(4589056K)
[29.159s][info][gc,metaspace   ] GC(248) Metaspace: 6298K(6464K)->6298K(6464K) NonClass: 5764K(5824K)->5764K(5824K) Class: 533K(640K)->533K(640K)
[29.159s][info][gc             ] GC(248) Pause Young (Allocation Failure) 4376M->4376M(4594M) 78.242ms
[29.160s][info][gc,cpu         ] GC(248) User=0.44s Sys=0.06s Real=0.08s
[29.201s][info][gc,start       ] GC(249) Pause Young (Allocation Failure)
[29.271s][info][gc,heap        ] GC(249) PSYoungGen: 115424K(115712K)->40128K(218112K) Eden: 39936K(39936K)->0K(45568K) From: 75488K(75776K)->40128K(172544K)
[29.271s][info][gc,heap        ] GC(249) ParOldGen: 4406531K(4589056K)->4482459K(4589056K)
[29.271s][info][gc,metaspace   ] GC(249) Metaspace: 6298K(6464K)->6298K(6464K) NonClass: 5764K(5824K)->5764K(5824K) Class: 533K(640K)->533K(640K)
[29.271s][info][gc             ] GC(249) Pause Young (Allocation Failure) 4415M->4416M(4694M) 69.176ms
[29.271s][info][gc,cpu         ] GC(249) User=0.34s Sys=0.05s Real=0.07s
[29.330s][info][gc,start       ] GC(250) Pause Young (Allocation Failure)
[29.391s][info][gc,heap        ] GC(250) PSYoungGen: 85696K(218112K)->45760K(219136K) Eden: 45568K(45568K)->0K(45568K) From: 40128K(172544K)->45760K(173568K)
[29.391s][info][gc,heap        ] GC(250) ParOldGen: 4482459K(4589056K)->4522747K(4589056K)
[29.391s][info][gc,metaspace   ] GC(250) Metaspace: 6298K(6464K)->6298K(6464K) NonClass: 5764K(5824K)->5764K(5824K) Class: 533K(640K)->533K(640K)
[29.391s][info][gc             ] GC(250) Pause Young (Allocation Failure) 4461M->4461M(4695M) 60.603ms
[29.391s][info][gc,cpu         ] GC(250) User=0.14s Sys=0.03s Real=0.06s
[29.391s][info][gc,start       ] GC(251) Pause Full (Ergonomics)
[29.391s][info][gc,phases,start] GC(251) Marking Phase
[30.508s][info][gc,phases      ] GC(251) Marking Phase 1117.331ms
[30.508s][info][gc,phases,start] GC(251) Summary Phase
[30.508s][info][gc,phases      ] GC(251) Summary Phase 0.092ms
[30.508s][info][gc,phases,start] GC(251) Adjust Roots
[30.509s][info][gc,phases      ] GC(251) Adjust Roots 0.222ms
[30.509s][info][gc,phases,start] GC(251) Compaction Phase
[30.892s][info][gc,phases      ] GC(251) Compaction Phase 383.432ms
[30.892s][info][gc,phases,start] GC(251) Post Compact
[30.899s][info][gc,phases      ] GC(251) Post Compact 6.696ms
[30.900s][info][gc,heap        ] GC(251) PSYoungGen: 45760K(219136K)->0K(222208K) Eden: 0K(45568K)->0K(51200K) From: 45760K(173568K)->0K(171008K)
[30.900s][info][gc,heap        ] GC(251) ParOldGen: 4522747K(4589056K)->4564790K(5042176K)
[30.900s][info][gc,metaspace   ] GC(251) Metaspace: 6298K(6464K)->6298K(6464K) NonClass: 5764K(5824K)->5764K(5824K) Class: 533K(640K)->533K(640K)
[30.900s][info][gc             ] GC(251) Pause Full (Ergonomics) 4461M->4457M(5141M) 1509.379ms
[30.900s][info][gc,cpu         ] GC(251) User=11.16s Sys=0.05s Real=1.51s
[30.962s][info][gc,start       ] GC(252) Pause Young (Allocation Failure)
[31.013s][info][gc,heap        ] GC(252) PSYoungGen: 51200K(222208K)->51392K(222208K) Eden: 51200K(51200K)->0K(51200K) From: 0K(171008K)->51392K(171008K)
[31.013s][info][gc,heap        ] GC(252) ParOldGen: 4564790K(5042176K)->4564790K(5042176K)
[31.013s][info][gc,metaspace   ] GC(252) Metaspace: 6298K(6464K)->6298K(6464K) NonClass: 5764K(5824K)->5764K(5824K) Class: 533K(640K)->533K(640K)
[31.013s][info][gc             ] GC(252) Pause Young (Allocation Failure) 4507M->4507M(5141M) 50.782ms
[31.013s][info][gc,cpu         ] GC(252) User=0.14s Sys=0.00s Real=0.05s
[31.072s][info][gc,start       ] GC(253) Pause Young (Allocation Failure)
[31.139s][info][gc,heap        ] GC(253) PSYoungGen: 102592K(222208K)->102720K(221696K) Eden: 51200K(51200K)->0K(55296K) From: 51392K(171008K)->102720K(166400K)
[31.140s][info][gc,heap        ] GC(253) ParOldGen: 4564790K(5042176K)->4564790K(5042176K)
[31.140s][info][gc,metaspace   ] GC(253) Metaspace: 6298K(6464K)->6298K(6464K) NonClass: 5764K(5824K)->5764K(5824K) Class: 533K(640K)->533K(640K)
[31.140s][info][gc             ] GC(253) Pause Young (Allocation Failure) 4557M->4558M(5140M) 67.776ms
[31.140s][info][gc,cpu         ] GC(253) User=0.38s Sys=0.00s Real=0.07s
[31.198s][info][gc,start       ] GC(254) Pause Young (Allocation Failure)
[31.282s][info][gc,heap        ] GC(254) PSYoungGen: 158016K(221696K)->158080K(222720K) Eden: 55296K(55296K)->0K(55296K) From: 102720K(166400K)->158080K(167424K)
[31.283s][info][gc,heap        ] GC(254) ParOldGen: 4564790K(5042176K)->4564790K(5042176K)
[31.283s][info][gc,metaspace   ] GC(254) Metaspace: 6298K(6464K)->6298K(6464K) NonClass: 5764K(5824K)->5764K(5824K) Class: 533K(640K)->533K(640K)
[31.283s][info][gc             ] GC(254) Pause Young (Allocation Failure) 4612M->4612M(5141M) 84.534ms
[31.283s][info][gc,cpu         ] GC(254) User=0.52s Sys=0.00s Real=0.08s
[31.351s][info][gc,start       ] GC(255) Pause Young (Allocation Failure)
[31.464s][info][gc,heap        ] GC(255) PSYoungGen: 213376K(222720K)->187904K(212480K) Eden: 55296K(55296K)->0K(24576K) From: 158080K(167424K)->187904K(187904K)
[31.464s][info][gc,heap        ] GC(255) ParOldGen: 4564790K(5042176K)->4590422K(5042176K)
[31.464s][info][gc,metaspace   ] GC(255) Metaspace: 6298K(6464K)->6298K(6464K) NonClass: 5764K(5824K)->5764K(5824K) Class: 533K(640K)->533K(640K)
[31.464s][info][gc             ] GC(255) Pause Young (Allocation Failure) 4666M->4666M(5131M) 113.515ms
[31.465s][info][gc,cpu         ] GC(255) User=0.83s Sys=0.06s Real=0.11s
[31.493s][info][gc,start       ] GC(256) Pause Young (Allocation Failure)
[31.610s][info][gc,heap        ] GC(256) PSYoungGen: 212480K(212480K)->119040K(143872K) Eden: 24576K(24576K)->0K(24576K) From: 187904K(187904K)->119040K(119296K)
[31.610s][info][gc,heap        ] GC(256) ParOldGen: 4590422K(5042176K)->4684662K(5042176K)
[31.610s][info][gc,metaspace   ] GC(256) Metaspace: 6298K(6464K)->6298K(6464K) NonClass: 5764K(5824K)->5764K(5824K) Class: 533K(640K)->533K(640K)
[31.611s][info][gc             ] GC(256) Pause Young (Allocation Failure) 4690M->4691M(5064M) 117.776ms
[31.611s][info][gc,cpu         ] GC(256) User=0.83s Sys=0.05s Real=0.12s
[31.639s][info][gc,start       ] GC(257) Pause Young (Allocation Failure)
[31.720s][info][gc,heap        ] GC(257) PSYoungGen: 143616K(143872K)->98848K(224768K) Eden: 24576K(24576K)->0K(28160K) From: 119040K(119296K)->98848K(196608K)
[31.720s][info][gc,heap        ] GC(257) ParOldGen: 4684662K(5042176K)->4729798K(5042176K)
[31.720s][info][gc,metaspace   ] GC(257) Metaspace: 6298K(6464K)->6298K(6464K) NonClass: 5764K(5824K)->5764K(5824K) Class: 533K(640K)->533K(640K)
[31.720s][info][gc             ] GC(257) Pause Young (Allocation Failure) 4715M->4715M(5143M) 80.672ms
[31.720s][info][gc,cpu         ] GC(257) User=0.41s Sys=0.00s Real=0.08s
[31.751s][info][gc,start       ] GC(258) Pause Young (Allocation Failure)
[31.828s][info][gc,heap        ] GC(258) PSYoungGen: 127008K(224768K)->52928K(236032K) Eden: 28160K(28160K)->0K(28160K) From: 98848K(196608K)->52928K(207872K)
[31.828s][info][gc,heap        ] GC(258) ParOldGen: 4729798K(5042176K)->4804494K(5042176K)
[31.828s][info][gc,metaspace   ] GC(258) Metaspace: 6298K(6464K)->6298K(6464K) NonClass: 5764K(5824K)->5764K(5824K) Class: 533K(640K)->533K(640K)
[31.828s][info][gc             ] GC(258) Pause Young (Allocation Failure) 4742M->4743M(5154M) 76.633ms
[31.828s][info][gc,cpu         ] GC(258) User=0.38s Sys=0.03s Real=0.08s
[31.860s][info][gc,start       ] GC(259) Pause Young (Allocation Failure)
[31.924s][info][gc,heap        ] GC(259) PSYoungGen: 81088K(236032K)->28288K(237568K) Eden: 28160K(28160K)->0K(31744K) From: 52928K(207872K)->28288K(205824K)
[31.924s][info][gc,heap        ] GC(259) ParOldGen: 4804494K(5042176K)->4857694K(5042176K)
[31.924s][info][gc,metaspace   ] GC(259) Metaspace: 6298K(6464K)->6298K(6464K) NonClass: 5764K(5824K)->5764K(5824K) Class: 533K(640K)->533K(640K)
[31.925s][info][gc             ] GC(259) Pause Young (Allocation Failure) 4771M->4771M(5156M) 64.828ms
[31.925s][info][gc,cpu         ] GC(259) User=0.19s Sys=0.02s Real=0.06s
[31.963s][info][gc,start       ] GC(260) Pause Young (Allocation Failure)
[32.023s][info][gc,heap        ] GC(260) PSYoungGen: 60032K(237568K)->31904K(238080K) Eden: 31744K(31744K)->0K(31744K) From: 28288K(205824K)->31904K(206336K)
[32.023s][info][gc,heap        ] GC(260) ParOldGen: 4857694K(5042176K)->4886102K(5042176K)
[32.023s][info][gc,metaspace   ] GC(260) Metaspace: 6298K(6464K)->6298K(6464K) NonClass: 5764K(5824K)->5764K(5824K) Class: 533K(640K)->533K(640K)
[32.023s][info][gc             ] GC(260) Pause Young (Allocation Failure) 4802M->4802M(5156M) 59.376ms
[32.023s][info][gc,cpu         ] GC(260) User=0.16s Sys=0.00s Real=0.06s
[32.060s][info][gc,start       ] GC(261) Pause Young (Allocation Failure)
[32.114s][info][gc,heap        ] GC(261) PSYoungGen: 63648K(238080K)->31968K(234496K) Eden: 31744K(31744K)->0K(36352K) From: 31904K(206336K)->31968K(198144K)
[32.115s][info][gc,heap        ] GC(261) ParOldGen: 4886102K(5042176K)->4918126K(5042176K)
[32.115s][info][gc,metaspace   ] GC(261) Metaspace: 6298K(6464K)->6298K(6464K) NonClass: 5764K(5824K)->5764K(5824K) Class: 533K(640K)->533K(640K)
[32.115s][info][gc             ] GC(261) Pause Young (Allocation Failure) 4833M->4834M(5153M) 54.825ms
[32.115s][info][gc,cpu         ] GC(261) User=0.23s Sys=0.02s Real=0.06s
[32.159s][info][gc,start       ] GC(262) Pause Young (Allocation Failure)
[32.227s][info][gc,heap        ] GC(262) PSYoungGen: 68320K(234496K)->36480K(237568K) Eden: 36352K(36352K)->0K(36352K) From: 31968K(198144K)->36480K(201216K)
[32.227s][info][gc,heap        ] GC(262) ParOldGen: 4918126K(5042176K)->4950166K(5042176K)
[32.227s][info][gc,metaspace   ] GC(262) Metaspace: 6298K(6464K)->6298K(6464K) NonClass: 5764K(5824K)->5764K(5824K) Class: 533K(640K)->533K(640K)
[32.227s][info][gc             ] GC(262) Pause Young (Allocation Failure) 4869M->4869M(5156M) 68.179ms
[32.227s][info][gc,cpu         ] GC(262) User=0.27s Sys=0.00s Real=0.07s
[32.274s][info][gc,start       ] GC(263) Pause Young (Allocation Failure)
[32.343s][info][gc,heap        ] GC(263) PSYoungGen: 72832K(237568K)->36544K(226304K) Eden: 36352K(36352K)->0K(41472K) From: 36480K(201216K)->36544K(184832K)
[32.343s][info][gc,heap        ] GC(263) ParOldGen: 4950166K(5042176K)->4986862K(5042176K)
[32.343s][info][gc,metaspace   ] GC(263) Metaspace: 6298K(6464K)->6298K(6464K) NonClass: 5764K(5824K)->5764K(5824K) Class: 533K(640K)->533K(640K)
[32.343s][info][gc             ] GC(263) Pause Young (Allocation Failure) 4905M->4905M(5145M) 69.350ms
[32.343s][info][gc,cpu         ] GC(263) User=0.23s Sys=0.02s Real=0.07s
[32.343s][info][gc,start       ] GC(264) Pause Full (Ergonomics)
[32.343s][info][gc,phases,start] GC(264) Marking Phase
[33.543s][info][gc,phases      ] GC(264) Marking Phase 1199.734ms
[33.543s][info][gc,phases,start] GC(264) Summary Phase
[33.543s][info][gc,phases      ] GC(264) Summary Phase 0.127ms
[33.543s][info][gc,phases,start] GC(264) Adjust Roots
[33.544s][info][gc,phases      ] GC(264) Adjust Roots 0.350ms
[33.544s][info][gc,phases,start] GC(264) Compaction Phase
[33.958s][info][gc,phases      ] GC(264) Compaction Phase 414.162ms
[33.958s][info][gc,phases,start] GC(264) Post Compact
[33.967s][info][gc,phases      ] GC(264) Post Compact 8.902ms
[33.968s][info][gc,heap        ] GC(264) PSYoungGen: 36544K(226304K)->0K(231936K) Eden: 0K(41472K)->0K(41472K) From: 36544K(184832K)->0K(190464K)
[33.968s][info][gc,heap        ] GC(264) ParOldGen: 4986862K(5042176K)->5019076K(5533184K)
[33.968s][info][gc,metaspace   ] GC(264) Metaspace: 6298K(6464K)->6298K(6464K) NonClass: 5764K(5824K)->5764K(5824K) Class: 533K(640K)->533K(640K)
[33.968s][info][gc             ] GC(264) Pause Full (Ergonomics) 4905M->4901M(5630M) 1625.200ms
[33.968s][info][gc,cpu         ] GC(264) User=12.05s Sys=0.02s Real=1.63s
[34.016s][info][gc,start       ] GC(265) Pause Young (Allocation Failure)
[34.063s][info][gc,heap        ] GC(265) PSYoungGen: 41472K(231936K)->41664K(220160K) Eden: 41472K(41472K)->0K(45568K) From: 0K(190464K)->41664K(174592K)
[34.063s][info][gc,heap        ] GC(265) ParOldGen: 5019076K(5533184K)->5019076K(5533184K)
[34.063s][info][gc,metaspace   ] GC(265) Metaspace: 6298K(6464K)->6298K(6464K) NonClass: 5764K(5824K)->5764K(5824K) Class: 533K(640K)->533K(640K)
[34.064s][info][gc             ] GC(265) Pause Young (Allocation Failure) 4941M->4942M(5618M) 47.811ms
[34.064s][info][gc,cpu         ] GC(265) User=0.16s Sys=0.00s Real=0.05s
[34.116s][info][gc,start       ] GC(266) Pause Young (Allocation Failure)
[34.177s][info][gc,heap        ] GC(266) PSYoungGen: 87232K(220160K)->87328K(228864K) Eden: 45568K(45568K)->0K(45568K) From: 41664K(174592K)->87328K(183296K)
[34.177s][info][gc,heap        ] GC(266) ParOldGen: 5019076K(5533184K)->5019076K(5533184K)
[34.177s][info][gc,metaspace   ] GC(266) Metaspace: 6298K(6464K)->6298K(6464K) NonClass: 5764K(5824K)->5764K(5824K) Class: 533K(640K)->533K(640K)
[34.177s][info][gc             ] GC(266) Pause Young (Allocation Failure) 4986M->4986M(5627M) 61.654ms
[34.177s][info][gc,cpu         ] GC(266) User=0.30s Sys=0.00s Real=0.06s
[34.232s][info][gc,start       ] GC(267) Pause Young (Allocation Failure)
[34.307s][info][gc,heap        ] GC(267) PSYoungGen: 132896K(228864K)->132896K(217088K) Eden: 45568K(45568K)->0K(37888K) From: 87328K(183296K)->132896K(179200K)
[34.307s][info][gc,heap        ] GC(267) ParOldGen: 5019076K(5533184K)->5019076K(5533184K)
[34.307s][info][gc,metaspace   ] GC(267) Metaspace: 6298K(6464K)->6298K(6464K) NonClass: 5764K(5824K)->5764K(5824K) Class: 533K(640K)->533K(640K)
[34.307s][info][gc             ] GC(267) Pause Young (Allocation Failure) 5031M->5031M(5615M) 74.744ms
[34.307s][info][gc,cpu         ] GC(267) User=0.39s Sys=0.00s Real=0.07s
[34.348s][info][gc,start       ] GC(268) Pause Young (Allocation Failure)
[34.437s][info][gc,heap        ] GC(268) PSYoungGen: 170784K(217088K)->129312K(229376K) Eden: 37888K(37888K)->0K(37888K) From: 132896K(179200K)->129312K(191488K)
[34.437s][info][gc,heap        ] GC(268) ParOldGen: 5019076K(5533184K)->5060916K(5533184K)
[34.437s][info][gc,metaspace   ] GC(268) Metaspace: 6298K(6464K)->6298K(6464K) NonClass: 5764K(5824K)->5764K(5824K) Class: 533K(640K)->533K(640K)
[34.437s][info][gc             ] GC(268) Pause Young (Allocation Failure) 5068M->5068M(5627M) 89.222ms
[34.437s][info][gc,cpu         ] GC(268) User=0.62s Sys=0.00s Real=0.09s
[34.481s][info][gc,start       ] GC(269) Pause Young (Allocation Failure)
[34.574s][info][gc,heap        ] GC(269) PSYoungGen: 167200K(229376K)->121600K(239104K) Eden: 37888K(37888K)->0K(39424K) From: 129312K(191488K)->121600K(199680K)
[34.574s][info][gc,heap        ] GC(269) ParOldGen: 5060916K(5533184K)->5106892K(5533184K)
[34.574s][info][gc,metaspace   ] GC(269) Metaspace: 6298K(6464K)->6298K(6464K) NonClass: 5764K(5824K)->5764K(5824K) Class: 533K(640K)->533K(640K)
[34.574s][info][gc             ] GC(269) Pause Young (Allocation Failure) 5105M->5105M(5637M) 92.843ms
[34.574s][info][gc,cpu         ] GC(269) User=0.59s Sys=0.00s Real=0.09s
[34.621s][info][gc,start       ] GC(270) Pause Young (Allocation Failure)
[34.706s][info][gc,heap        ] GC(270) PSYoungGen: 161024K(239104K)->115456K(242176K) Eden: 39424K(39424K)->0K(39424K) From: 121600K(199680K)->115456K(202752K)
[34.706s][info][gc,heap        ] GC(270) ParOldGen: 5106892K(5533184K)->5152852K(5533184K)
[34.706s][info][gc,metaspace   ] GC(270) Metaspace: 6298K(6464K)->6298K(6464K) NonClass: 5764K(5824K)->5764K(5824K) Class: 533K(640K)->533K(640K)
[34.706s][info][gc             ] GC(270) Pause Young (Allocation Failure) 5144M->5144M(5640M) 84.773ms
[34.706s][info][gc,cpu         ] GC(270) User=0.50s Sys=0.00s Real=0.09s
[34.750s][info][gc,start       ] GC(271) Pause Young (Allocation Failure)
[34.834s][info][gc,heap        ] GC(271) PSYoungGen: 154880K(242176K)->116960K(244736K) Eden: 39424K(39424K)->0K(44544K) From: 115456K(202752K)->116960K(200192K)
[34.834s][info][gc,heap        ] GC(271) ParOldGen: 5152852K(5533184K)->5191084K(5533184K)
[34.834s][info][gc,metaspace   ] GC(271) Metaspace: 6298K(6464K)->6298K(6464K) NonClass: 5764K(5824K)->5764K(5824K) Class: 533K(640K)->533K(640K)
[34.834s][info][gc             ] GC(271) Pause Young (Allocation Failure) 5183M->5183M(5642M) 84.257ms
[34.834s][info][gc,cpu         ] GC(271) User=0.52s Sys=0.00s Real=0.08s
[34.886s][info][gc,start       ] GC(272) Pause Young (Allocation Failure)
[34.975s][info][gc,heap        ] GC(272) PSYoungGen: 161504K(244736K)->84224K(129024K) Eden: 44544K(44544K)->0K(44544K) From: 116960K(200192K)->84224K(84480K)
[34.975s][info][gc,heap        ] GC(272) ParOldGen: 5191084K(5533184K)->5269044K(5533184K)
[34.975s][info][gc,metaspace   ] GC(272) Metaspace: 6298K(6464K)->6298K(6464K) NonClass: 5764K(5824K)->5764K(5824K) Class: 533K(640K)->533K(640K)
[34.975s][info][gc             ] GC(272) Pause Young (Allocation Failure) 5227M->5227M(5529M) 89.292ms
[34.975s][info][gc,cpu         ] GC(272) User=0.50s Sys=0.12s Real=0.09s
[35.024s][info][gc,start       ] GC(273) Pause Young (Allocation Failure)
[35.099s][info][gc,heap        ] GC(273) PSYoungGen: 128768K(129024K)->44736K(238080K) Eden: 44544K(44544K)->0K(50688K) From: 84224K(84480K)->44736K(187392K)
[35.099s][info][gc,heap        ] GC(273) ParOldGen: 5269044K(5533184K)->5353716K(5533184K)
[35.099s][info][gc,metaspace   ] GC(273) Metaspace: 6298K(6464K)->6298K(6464K) NonClass: 5764K(5824K)->5764K(5824K) Class: 533K(640K)->533K(640K)
[35.099s][info][gc             ] GC(273) Pause Young (Allocation Failure) 5271M->5271M(5636M) 74.742ms
[35.099s][info][gc,cpu         ] GC(273) User=0.47s Sys=0.03s Real=0.07s
[35.154s][info][gc,start       ] GC(274) Pause Young (Allocation Failure)
[35.217s][info][gc,heap        ] GC(274) PSYoungGen: 95424K(238080K)->50880K(240128K) Eden: 50688K(50688K)->0K(50688K) From: 44736K(187392K)->50880K(189440K)
[35.217s][info][gc,heap        ] GC(274) ParOldGen: 5353716K(5533184K)->5398660K(5533184K)
[35.217s][info][gc,metaspace   ] GC(274) Metaspace: 6298K(6464K)->6298K(6464K) NonClass: 5764K(5824K)->5764K(5824K) Class: 533K(640K)->533K(640K)
[35.217s][info][gc             ] GC(274) Pause Young (Allocation Failure) 5321M->5321M(5638M) 63.396ms
[35.217s][info][gc,cpu         ] GC(274) User=0.22s Sys=0.08s Real=0.06s
[35.280s][info][gc,start       ] GC(275) Pause Young (Allocation Failure)
[35.352s][info][gc,heap        ] GC(275) PSYoungGen: 101568K(240128K)->50912K(232448K) Eden: 50688K(50688K)->0K(56832K) From: 50880K(189440K)->50912K(175616K)
[35.353s][info][gc,heap        ] GC(275) ParOldGen: 5398660K(5533184K)->5449788K(5533184K)
[35.353s][info][gc,metaspace   ] GC(275) Metaspace: 6298K(6464K)->6298K(6464K) NonClass: 5764K(5824K)->5764K(5824K) Class: 533K(640K)->533K(640K)
[35.353s][info][gc             ] GC(275) Pause Young (Allocation Failure) 5371M->5371M(5630M) 72.647ms
[35.353s][info][gc,cpu         ] GC(275) User=0.28s Sys=0.02s Real=0.07s
[35.353s][info][gc,start       ] GC(276) Pause Full (Ergonomics)
[35.353s][info][gc,phases,start] GC(276) Marking Phase
[36.671s][info][gc,phases      ] GC(276) Marking Phase 1318.514ms
[36.671s][info][gc,phases,start] GC(276) Summary Phase
[36.671s][info][gc,phases      ] GC(276) Summary Phase 0.189ms
[36.671s][info][gc,phases,start] GC(276) Adjust Roots
[36.672s][info][gc,phases      ] GC(276) Adjust Roots 0.348ms
[36.672s][info][gc,phases,start] GC(276) Compaction Phase
[37.095s][info][gc,phases      ] GC(276) Compaction Phase 422.628ms
[37.095s][info][gc,phases,start] GC(276) Post Compact
[37.103s][info][gc,phases      ] GC(276) Post Compact 8.268ms
[37.105s][info][gc,heap        ] GC(276) PSYoungGen: 50912K(232448K)->0K(237056K) Eden: 0K(56832K)->0K(56832K) From: 50912K(175616K)->0K(180224K)
[37.105s][info][gc,heap        ] GC(276) ParOldGen: 5449788K(5533184K)->5496411K(6067200K)
[37.105s][info][gc,metaspace   ] GC(276) Metaspace: 6298K(6464K)->6298K(6464K) NonClass: 5764K(5824K)->5764K(5824K) Class: 533K(640K)->533K(640K)
[37.105s][info][gc             ] GC(276) Pause Full (Ergonomics) 5371M->5367M(6156M) 1752.276ms
[37.105s][info][gc,cpu         ] GC(276) User=13.34s Sys=0.05s Real=1.75s
[37.172s][info][gc,start       ] GC(277) Pause Young (Allocation Failure)
[37.226s][info][gc,heap        ] GC(277) PSYoungGen: 56832K(237056K)->57056K(228864K) Eden: 56832K(56832K)->0K(62464K) From: 0K(180224K)->57056K(166400K)
[37.226s][info][gc,heap        ] GC(277) ParOldGen: 5496411K(6067200K)->5496411K(6067200K)
[37.226s][info][gc,metaspace   ] GC(277) Metaspace: 6298K(6464K)->6298K(6464K) NonClass: 5764K(5824K)->5764K(5824K) Class: 533K(640K)->533K(640K)
[37.226s][info][gc             ] GC(277) Pause Young (Allocation Failure) 5423M->5423M(6148M) 53.801ms
[37.226s][info][gc,cpu         ] GC(277) User=0.14s Sys=0.02s Real=0.05s
[37.302s][info][gc,start       ] GC(278) Pause Young (Allocation Failure)
[37.376s][info][gc,heap        ] GC(278) PSYoungGen: 119520K(228864K)->119616K(236544K) Eden: 62464K(62464K)->0K(62464K) From: 57056K(166400K)->119616K(174080K)
[37.376s][info][gc,heap        ] GC(278) ParOldGen: 5496411K(6067200K)->5496411K(6067200K)
[37.376s][info][gc,metaspace   ] GC(278) Metaspace: 6298K(6464K)->6298K(6464K) NonClass: 5764K(5824K)->5764K(5824K) Class: 533K(640K)->533K(640K)
[37.376s][info][gc             ] GC(278) Pause Young (Allocation Failure) 5484M->5484M(6156M) 73.706ms
[37.376s][info][gc,cpu         ] GC(278) User=0.27s Sys=0.00s Real=0.08s
[37.450s][info][gc,start       ] GC(279) Pause Young (Allocation Failure)
[37.550s][info][gc,heap        ] GC(279) PSYoungGen: 182080K(236544K)->179712K(220672K) Eden: 62464K(62464K)->0K(40960K) From: 119616K(174080K)->179712K(179712K)
[37.550s][info][gc,heap        ] GC(279) ParOldGen: 5496411K(6067200K)->5498803K(6067200K)
[37.550s][info][gc,metaspace   ] GC(279) Metaspace: 6298K(6464K)->6298K(6464K) NonClass: 5764K(5824K)->5764K(5824K) Class: 533K(640K)->533K(640K)
[37.550s][info][gc             ] GC(279) Pause Young (Allocation Failure) 5545M->5545M(6140M) 99.831ms
[37.550s][info][gc,cpu         ] GC(279) User=0.48s Sys=0.00s Real=0.10s
[37.607s][info][gc,start       ] GC(280) Pause Young (Allocation Failure)
[37.736s][info][gc,heap        ] GC(280) PSYoungGen: 220672K(220672K)->102848K(143872K) Eden: 40960K(40960K)->0K(40960K) From: 179712K(179712K)->102848K(102912K)
[37.736s][info][gc,heap        ] GC(280) ParOldGen: 5498803K(6067200K)->5617651K(6067200K)
[37.736s][info][gc,metaspace   ] GC(280) Metaspace: 6298K(6464K)->6298K(6464K) NonClass: 5764K(5824K)->5764K(5824K) Class: 533K(640K)->533K(640K)
[37.736s][info][gc             ] GC(280) Pause Young (Allocation Failure) 5585M->5586M(6065M) 129.894ms
[37.736s][info][gc,cpu         ] GC(280) User=0.77s Sys=0.12s Real=0.13s
[39.326s][info][gc,start       ] GC(281) Pause Young (Allocation Failure)
[39.549s][info][gc,heap        ] GC(281) PSYoungGen: 143808K(143872K)->82144K(226304K) Eden: 40960K(40960K)->0K(45056K) From: 102848K(102912K)->82144K(181248K)
[39.549s][info][gc,heap        ] GC(281) ParOldGen: 5879795K(6067200K)->5941979K(6067200K)
[39.549s][info][gc,metaspace   ] GC(281) Metaspace: 6298K(6464K)->6298K(6464K) NonClass: 5764K(5824K)->5764K(5824K) Class: 533K(640K)->533K(640K)
[39.549s][info][gc             ] GC(281) Pause Young (Allocation Failure) 5882M->5882M(6146M) 222.390ms
[39.549s][info][gc,cpu         ] GC(281) User=1.20s Sys=0.00s Real=0.22s
[39.594s][info][gc,start       ] GC(282) Pause Young (Allocation Failure)
[39.697s][info][gc,heap        ] GC(282) PSYoungGen: 127200K(226304K)->127328K(236032K) Eden: 45056K(45056K)->0K(45056K) From: 82144K(181248K)->127328K(190976K)
[39.697s][info][gc,heap        ] GC(282) ParOldGen: 5941979K(6067200K)->5941979K(6067200K)
[39.697s][info][gc,metaspace   ] GC(282) Metaspace: 6298K(6464K)->6298K(6464K) NonClass: 5764K(5824K)->5764K(5824K) Class: 533K(640K)->533K(640K)
[39.697s][info][gc             ] GC(282) Pause Young (Allocation Failure) 5926M->5927M(6155M) 102.952ms
[39.697s][info][gc,cpu         ] GC(282) User=0.23s Sys=0.00s Real=0.10s
[39.744s][info][gc,start       ] GC(283) Pause Young (Allocation Failure)
[39.859s][info][gc,heap        ] GC(283) PSYoungGen: 172384K(236032K)->172384K(225792K) Eden: 45056K(45056K)->0K(31232K) From: 127328K(190976K)->172384K(194560K)
[39.859s][info][gc,heap        ] GC(283) ParOldGen: 5941979K(6067200K)->5941979K(6067200K)
[39.859s][info][gc,metaspace   ] GC(283) Metaspace: 6298K(6464K)->6298K(6464K) NonClass: 5764K(5824K)->5764K(5824K) Class: 533K(640K)->533K(640K)
[39.859s][info][gc             ] GC(283) Pause Young (Allocation Failure) 5971M->5971M(6145M) 115.902ms
[39.859s][info][gc,cpu         ] GC(283) User=0.41s Sys=0.00s Real=0.12s
[39.912s][info][gc,start       ] GC(284) Pause Young (Allocation Failure)
[40.032s][info][gc,heap        ] GC(284) PSYoungGen: 203616K(225792K)->162624K(244224K) Eden: 31232K(31232K)->0K(31232K) From: 172384K(194560K)->162624K(212992K)
[40.033s][info][gc,heap        ] GC(284) ParOldGen: 5941979K(6067200K)->5983307K(6067200K)
[40.033s][info][gc,metaspace   ] GC(284) Metaspace: 6298K(6464K)->6298K(6464K) NonClass: 5764K(5824K)->5764K(5824K) Class: 533K(640K)->533K(640K)
[40.033s][info][gc             ] GC(284) Pause Young (Allocation Failure) 6001M->6001M(6163M) 120.914ms
[40.033s][info][gc,cpu         ] GC(284) User=0.36s Sys=0.02s Real=0.12s
[40.033s][info][gc,start       ] GC(285) Pause Full (Ergonomics)
[40.033s][info][gc,phases,start] GC(285) Marking Phase
[41.419s][info][gc,phases      ] GC(285) Marking Phase 1386.576ms
[41.419s][info][gc,phases,start] GC(285) Summary Phase
[41.419s][info][gc,phases      ] GC(285) Summary Phase 0.102ms
[41.419s][info][gc,phases,start] GC(285) Adjust Roots
[41.420s][info][gc,phases      ] GC(285) Adjust Roots 0.185ms
[41.420s][info][gc,phases,start] GC(285) Compaction Phase
[42.344s][info][gc,phases      ] GC(285) Compaction Phase 924.450ms
[42.344s][info][gc,phases,start] GC(285) Post Compact
[42.354s][info][gc,phases      ] GC(285) Post Compact 10.309ms
[42.357s][info][gc,heap        ] GC(285) PSYoungGen: 162624K(244224K)->0K(259584K) Eden: 0K(31232K)->0K(35328K) From: 162624K(212992K)->0K(224256K)
[42.357s][info][gc,heap        ] GC(285) ParOldGen: 5983307K(6067200K)->6012246K(6641152K)
[42.357s][info][gc,metaspace   ] GC(285) Metaspace: 6298K(6464K)->6298K(6464K) NonClass: 5764K(5824K)->5764K(5824K) Class: 533K(640K)->533K(640K)
[42.357s][info][gc             ] GC(285) Pause Full (Ergonomics) 6001M->5871M(6739M) 2324.003ms
[42.357s][info][gc,cpu         ] GC(285) User=16.42s Sys=0.05s Real=2.32s
[42.398s][info][gc,start       ] GC(286) Pause Young (Allocation Failure)
[42.472s][info][gc,heap        ] GC(286) PSYoungGen: 35328K(259584K)->35488K(259584K) Eden: 35328K(35328K)->0K(35328K) From: 0K(224256K)->35488K(224256K)
[42.472s][info][gc,heap        ] GC(286) ParOldGen: 6012246K(6641152K)->6012246K(6641152K)
[42.472s][info][gc,metaspace   ] GC(286) Metaspace: 6298K(6464K)->6298K(6464K) NonClass: 5764K(5824K)->5764K(5824K) Class: 533K(640K)->533K(640K)
[42.472s][info][gc             ] GC(286) Pause Young (Allocation Failure) 5905M->5905M(6739M) 73.969ms
[42.472s][info][gc,cpu         ] GC(286) User=0.28s Sys=0.00s Real=0.07s
[42.512s][info][gc,start       ] GC(287) Pause Young (Allocation Failure)
[42.590s][info][gc,heap        ] GC(287) PSYoungGen: 70816K(259584K)->70848K(250880K) Eden: 35328K(35328K)->0K(39424K) From: 35488K(224256K)->70848K(211456K)
[42.590s][info][gc,heap        ] GC(287) ParOldGen: 6012246K(6641152K)->6012246K(6641152K)
[42.590s][info][gc,metaspace   ] GC(287) Metaspace: 6298K(6464K)->6298K(6464K) NonClass: 5764K(5824K)->5764K(5824K) Class: 533K(640K)->533K(640K)
[42.590s][info][gc             ] GC(287) Pause Young (Allocation Failure) 5940M->5940M(6730M) 78.567ms
[42.590s][info][gc,cpu         ] GC(287) User=0.22s Sys=0.02s Real=0.08s
[42.626s][info][gc,start       ] GC(288) Pause Young (Allocation Failure)
[42.716s][info][gc,heap        ] GC(288) PSYoungGen: 110272K(250880K)->110336K(150016K) Eden: 39424K(39424K)->0K(39424K) From: 70848K(211456K)->110336K(110592K)
[42.716s][info][gc,heap        ] GC(288) ParOldGen: 6012246K(6641152K)->6012246K(6641152K)
[42.716s][info][gc,metaspace   ] GC(288) Metaspace: 6298K(6464K)->6298K(6464K) NonClass: 5764K(5824K)->5764K(5824K) Class: 533K(640K)->533K(640K)
[42.716s][info][gc             ] GC(288) Pause Young (Allocation Failure) 5979M->5979M(6632M) 89.649ms
[42.716s][info][gc,cpu         ] GC(288) User=0.22s Sys=0.00s Real=0.09s
[42.755s][info][gc,start       ] GC(289) Pause Young (Allocation Failure)
[42.863s][info][gc,heap        ] GC(289) PSYoungGen: 149760K(150016K)->149824K(246784K) Eden: 39424K(39424K)->0K(36352K) From: 110336K(110592K)->149824K(210432K)
[42.863s][info][gc,heap        ] GC(289) ParOldGen: 6012246K(6641152K)->6012246K(6641152K)
[42.863s][info][gc,metaspace   ] GC(289) Metaspace: 6298K(6464K)->6298K(6464K) NonClass: 5764K(5824K)->5764K(5824K) Class: 533K(640K)->533K(640K)
[42.864s][info][gc             ] GC(289) Pause Young (Allocation Failure) 6017M->6017M(6726M) 108.780ms
[42.864s][info][gc,cpu         ] GC(289) User=0.36s Sys=0.00s Real=0.11s
[42.901s][info][gc,start       ] GC(290) Pause Young (Allocation Failure)
[43.021s][info][gc,heap        ] GC(290) PSYoungGen: 186176K(246784K)->150816K(254464K) Eden: 36352K(36352K)->0K(36352K) From: 149824K(210432K)->150816K(218112K)
[43.021s][info][gc,heap        ] GC(290) ParOldGen: 6012246K(6641152K)->6047878K(6641152K)
[43.021s][info][gc,metaspace   ] GC(290) Metaspace: 6298K(6464K)->6298K(6464K) NonClass: 5764K(5824K)->5764K(5824K) Class: 533K(640K)->533K(640K)
[43.021s][info][gc             ] GC(290) Pause Young (Allocation Failure) 6053M->6053M(6734M) 120.215ms
[43.021s][info][gc,cpu         ] GC(290) User=0.34s Sys=0.00s Real=0.12s
[43.063s][info][gc,start       ] GC(291) Pause Young (Allocation Failure)
[43.178s][info][gc,heap        ] GC(291) PSYoungGen: 187168K(254464K)->112416K(244736K) Eden: 36352K(36352K)->0K(41472K) From: 150816K(218112K)->112416K(203264K)
[43.178s][info][gc,heap        ] GC(291) ParOldGen: 6047878K(6641152K)->6123262K(6641152K)
[43.178s][info][gc,metaspace   ] GC(291) Metaspace: 6298K(6464K)->6298K(6464K) NonClass: 5764K(5824K)->5764K(5824K) Class: 533K(640K)->533K(640K)
[43.178s][info][gc             ] GC(291) Pause Young (Allocation Failure) 6088M->6089M(6724M) 114.690ms
[43.178s][info][gc,cpu         ] GC(291) User=0.45s Sys=0.00s Real=0.11s
[43.224s][info][gc,start       ] GC(292) Pause Young (Allocation Failure)
[43.345s][info][gc,heap        ] GC(292) PSYoungGen: 153888K(244736K)->78016K(254976K) Eden: 41472K(41472K)->0K(41472K) From: 112416K(203264K)->78016K(213504K)
[43.345s][info][gc,heap        ] GC(292) ParOldGen: 6123262K(6641152K)->6199702K(6641152K)
[43.345s][info][gc,metaspace   ] GC(292) Metaspace: 6298K(6464K)->6298K(6464K) NonClass: 5764K(5824K)->5764K(5824K) Class: 533K(640K)->533K(640K)
[43.345s][info][gc             ] GC(292) Pause Young (Allocation Failure) 6130M->6130M(6734M) 120.495ms
[43.345s][info][gc,cpu         ] GC(292) User=0.36s Sys=0.00s Real=0.12s
[43.392s][info][gc,start       ] GC(293) Pause Young (Allocation Failure)
[43.494s][info][gc,heap        ] GC(293) PSYoungGen: 119488K(254976K)->41632K(254976K) Eden: 41472K(41472K)->0K(46592K) From: 78016K(213504K)->41632K(208384K)
[43.494s][info][gc,heap        ] GC(293) ParOldGen: 6199702K(6641152K)->6278182K(6641152K)
[43.494s][info][gc,metaspace   ] GC(293) Metaspace: 6298K(6464K)->6298K(6464K) NonClass: 5764K(5824K)->5764K(5824K) Class: 533K(640K)->533K(640K)
[43.494s][info][gc             ] GC(293) Pause Young (Allocation Failure) 6171M->6171M(6734M) 102.296ms
[43.494s][info][gc,cpu         ] GC(293) User=0.27s Sys=0.03s Real=0.10s
[43.542s][info][gc,start       ] GC(294) Pause Young (Allocation Failure)
[43.627s][info][gc,heap        ] GC(294) PSYoungGen: 88224K(254976K)->46784K(256000K) Eden: 46592K(46592K)->0K(46592K) From: 41632K(208384K)->46784K(209408K)
[43.627s][info][gc,heap        ] GC(294) ParOldGen: 6278182K(6641152K)->6320030K(6641152K)
[43.627s][info][gc,metaspace   ] GC(294) Metaspace: 6298K(6464K)->6298K(6464K) NonClass: 5764K(5824K)->5764K(5824K) Class: 533K(640K)->533K(640K)
[43.627s][info][gc             ] GC(294) Pause Young (Allocation Failure) 6217M->6217M(6735M) 85.344ms
[43.627s][info][gc,cpu         ] GC(294) User=0.20s Sys=0.00s Real=0.09s
[43.674s][info][gc,start       ] GC(295) Pause Young (Allocation Failure)
[43.760s][info][gc,heap        ] GC(295) PSYoungGen: 93376K(256000K)->46784K(254464K) Eden: 46592K(46592K)->0K(53248K) From: 46784K(209408K)->46784K(201216K)
[43.760s][info][gc,heap        ] GC(295) ParOldGen: 6320030K(6641152K)->6367054K(6641152K)
[43.760s][info][gc,metaspace   ] GC(295) Metaspace: 6298K(6464K)->6298K(6464K) NonClass: 5764K(5824K)->5764K(5824K) Class: 533K(640K)->533K(640K)
[43.760s][info][gc             ] GC(295) Pause Young (Allocation Failure) 6263M->6263M(6734M) 85.668ms
[43.760s][info][gc,cpu         ] GC(295) User=0.20s Sys=0.00s Real=0.09s
[43.815s][info][gc,start       ] GC(296) Pause Young (Allocation Failure)
[43.907s][info][gc,heap        ] GC(296) PSYoungGen: 100032K(254464K)->53440K(257536K) Eden: 53248K(53248K)->0K(53248K) From: 46784K(201216K)->53440K(204288K)
[43.908s][info][gc,heap        ] GC(296) ParOldGen: 6367054K(6641152K)->6414078K(6641152K)
[43.908s][info][gc,metaspace   ] GC(296) Metaspace: 6298K(6464K)->6298K(6464K) NonClass: 5764K(5824K)->5764K(5824K) Class: 533K(640K)->533K(640K)
[43.908s][info][gc             ] GC(296) Pause Young (Allocation Failure) 6315M->6315M(6737M) 92.180ms
[43.908s][info][gc,cpu         ] GC(296) User=0.20s Sys=0.00s Real=0.09s
[43.967s][info][gc,start       ] GC(297) Pause Young (Allocation Failure)
[44.067s][info][gc,heap        ] GC(297) PSYoungGen: 106688K(257536K)->53472K(248320K) Eden: 53248K(53248K)->0K(60416K) From: 53440K(204288K)->53472K(187904K)
[44.067s][info][gc,heap        ] GC(297) ParOldGen: 6414078K(6641152K)->6467806K(6641152K)
[44.067s][info][gc,metaspace   ] GC(297) Metaspace: 6298K(6464K)->6298K(6464K) NonClass: 5764K(5824K)->5764K(5824K) Class: 533K(640K)->533K(640K)
[44.067s][info][gc             ] GC(297) Pause Young (Allocation Failure) 6367M->6368M(6728M) 99.411ms
[44.067s][info][gc,cpu         ] GC(297) User=0.28s Sys=0.03s Real=0.10s
[44.129s][info][gc,start       ] GC(298) Pause Young (Allocation Failure)
[44.233s][info][gc,heap        ] GC(298) PSYoungGen: 113888K(248320K)->60608K(253952K) Eden: 60416K(60416K)->0K(60416K) From: 53472K(187904K)->60608K(193536K)
[44.233s][info][gc,heap        ] GC(298) ParOldGen: 6467806K(6641152K)->6521526K(6641152K)
[44.233s][info][gc,metaspace   ] GC(298) Metaspace: 6298K(6464K)->6298K(6464K) NonClass: 5764K(5824K)->5764K(5824K) Class: 533K(640K)->533K(640K)
[44.233s][info][gc             ] GC(298) Pause Young (Allocation Failure) 6427M->6427M(6733M) 104.632ms
[44.233s][info][gc,cpu         ] GC(298) User=0.33s Sys=0.03s Real=0.11s
[44.296s][info][gc,start       ] GC(299) Pause Young (Allocation Failure)
[44.406s][info][gc,heap        ] GC(299) PSYoungGen: 121024K(253952K)->60672K(240640K) Eden: 60416K(60416K)->0K(68608K) From: 60608K(193536K)->60672K(172032K)
[44.406s][info][gc,heap        ] GC(299) ParOldGen: 6521526K(6641152K)->6582478K(6641152K)
[44.406s][info][gc,metaspace   ] GC(299) Metaspace: 6298K(6464K)->6298K(6464K) NonClass: 5764K(5824K)->5764K(5824K) Class: 533K(640K)->533K(640K)
[44.406s][info][gc             ] GC(299) Pause Young (Allocation Failure) 6486M->6487M(6720M) 109.799ms
[44.406s][info][gc,cpu         ] GC(299) User=0.25s Sys=0.12s Real=0.11s
[44.406s][info][gc,start       ] GC(300) Pause Full (Ergonomics)
[44.406s][info][gc,phases,start] GC(300) Marking Phase
[46.023s][info][gc,phases      ] GC(300) Marking Phase 1616.158ms
[46.023s][info][gc,phases,start] GC(300) Summary Phase
[46.023s][info][gc,phases      ] GC(300) Summary Phase 0.132ms
[46.023s][info][gc,phases,start] GC(300) Adjust Roots
[46.023s][info][gc,phases      ] GC(300) Adjust Roots 0.205ms
[46.023s][info][gc,phases,start] GC(300) Compaction Phase
[46.630s][info][gc,phases      ] GC(300) Compaction Phase 606.776ms
[46.630s][info][gc,phases,start] GC(300) Post Compact
[46.640s][info][gc,phases      ] GC(300) Post Compact 9.762ms
[46.644s][info][gc,heap        ] GC(300) PSYoungGen: 60672K(240640K)->0K(247808K) Eden: 0K(68608K)->0K(68608K) From: 60672K(172032K)->0K(179200K)
[46.644s][info][gc,heap        ] GC(300) ParOldGen: 6582478K(6641152K)->6637459K(7323136K)
[46.644s][info][gc,metaspace   ] GC(300) Metaspace: 6298K(6464K)->6298K(6464K) NonClass: 5764K(5824K)->5764K(5824K) Class: 533K(640K)->533K(640K)
[46.644s][info][gc             ] GC(300) Pause Full (Ergonomics) 6487M->6481M(7393M) 2237.567ms
[46.644s][info][gc,cpu         ] GC(300) User=16.14s Sys=0.09s Real=2.24s
[46.725s][info][gc,start       ] GC(301) Pause Young (Allocation Failure)
[46.814s][info][gc,heap        ] GC(301) PSYoungGen: 68608K(247808K)->68896K(235520K) Eden: 68608K(68608K)->0K(75776K) From: 0K(179200K)->68896K(159744K)
[46.814s][info][gc,heap        ] GC(301) ParOldGen: 6637459K(7323136K)->6637459K(7323136K)
[46.814s][info][gc,metaspace   ] GC(301) Metaspace: 6298K(6464K)->6298K(6464K) NonClass: 5764K(5824K)->5764K(5824K) Class: 533K(640K)->533K(640K)
[46.814s][info][gc             ] GC(301) Pause Young (Allocation Failure) 6548M->6549M(7381M) 88.771ms
[46.814s][info][gc,cpu         ] GC(301) User=0.19s Sys=0.00s Real=0.09s
[46.900s][info][gc,start       ] GC(302) Pause Young (Allocation Failure)
[47.024s][info][gc,heap        ] GC(302) PSYoungGen: 144672K(235520K)->76000K(152064K) Eden: 75776K(75776K)->0K(75776K) From: 68896K(159744K)->76000K(76288K)
[47.024s][info][gc,heap        ] GC(302) ParOldGen: 6637459K(7323136K)->6706683K(7323136K)
[47.024s][info][gc,metaspace   ] GC(302) Metaspace: 6298K(6464K)->6298K(6464K) NonClass: 5764K(5824K)->5764K(5824K) Class: 533K(640K)->533K(640K)
[47.024s][info][gc             ] GC(302) Pause Young (Allocation Failure) 6623M->6623M(7300M) 123.562ms
[47.024s][info][gc,cpu         ] GC(302) User=0.39s Sys=0.20s Real=0.12s
[47.103s][info][gc,start       ] GC(303) Pause Young (Allocation Failure)
[47.230s][info][gc,heap        ] GC(303) PSYoungGen: 151776K(152064K)->76032K(230400K) Eden: 75776K(75776K)->0K(84480K) From: 76000K(76288K)->76032K(145920K)
[47.230s][info][gc,heap        ] GC(303) ParOldGen: 6706683K(7323136K)->6783139K(7323136K)
[47.230s][info][gc,metaspace   ] GC(303) Metaspace: 6298K(6464K)->6298K(6464K) NonClass: 5764K(5824K)->5764K(5824K) Class: 533K(640K)->533K(640K)
[47.230s][info][gc             ] GC(303) Pause Young (Allocation Failure) 6697M->6698M(7376M) 127.267ms
[47.230s][info][gc,cpu         ] GC(303) User=0.34s Sys=0.20s Real=0.13s
[47.330s][info][gc,start       ] GC(304) Pause Young (Allocation Failure)
[47.451s][info][gc,heap        ] GC(304) PSYoungGen: 160512K(230400K)->84800K(238080K) Eden: 84480K(84480K)->0K(84480K) From: 76032K(145920K)->84800K(153600K)
[47.451s][info][gc,heap        ] GC(304) ParOldGen: 6783139K(7323136K)->6859587K(7323136K)
[47.451s][info][gc,metaspace   ] GC(304) Metaspace: 6298K(6464K)->6298K(6464K) NonClass: 5764K(5824K)->5764K(5824K) Class: 533K(640K)->533K(640K)
[47.451s][info][gc             ] GC(304) Pause Young (Allocation Failure) 6780M->6781M(7384M) 121.497ms
[47.451s][info][gc,cpu         ] GC(304) User=0.44s Sys=0.14s Real=0.12s
[47.542s][info][gc,start       ] GC(305) Pause Young (Allocation Failure)
[47.695s][info][gc,heap        ] GC(305) PSYoungGen: 169280K(238080K)->84800K(235008K) Eden: 84480K(84480K)->0K(94208K) From: 84800K(153600K)->84800K(140800K)
[47.695s][info][gc,heap        ] GC(305) ParOldGen: 6859587K(7323136K)->6944819K(7323136K)
[47.695s][info][gc,metaspace   ] GC(305) Metaspace: 6298K(6464K)->6298K(6464K) NonClass: 5764K(5824K)->5764K(5824K) Class: 533K(640K)->533K(640K)
[47.695s][info][gc             ] GC(305) Pause Young (Allocation Failure) 6864M->6864M(7381M) 152.910ms
[47.695s][info][gc,cpu         ] GC(305) User=0.34s Sys=0.17s Real=0.15s
[47.795s][info][gc,start       ] GC(306) Pause Young (Allocation Failure)
[47.921s][info][gc,heap        ] GC(306) PSYoungGen: 179008K(235008K)->94496K(238592K) Eden: 94208K(94208K)->0K(94208K) From: 84800K(140800K)->94496K(144384K)
[47.921s][info][gc,heap        ] GC(306) ParOldGen: 6944819K(7323136K)->7030059K(7323136K)
[47.921s][info][gc,metaspace   ] GC(306) Metaspace: 6298K(6464K)->6298K(6464K) NonClass: 5764K(5824K)->5764K(5824K) Class: 533K(640K)->533K(640K)
[47.921s][info][gc             ] GC(306) Pause Young (Allocation Failure) 6956M->6957M(7384M) 125.644ms
[47.921s][info][gc,cpu         ] GC(306) User=0.55s Sys=0.27s Real=0.12s
[48.024s][info][gc,start       ] GC(307) Pause Young (Allocation Failure)
[48.166s][info][gc,heap        ] GC(307) PSYoungGen: 188704K(238592K)->94496K(246272K) Eden: 94208K(94208K)->0K(104960K) From: 94496K(144384K)->94496K(141312K)
[48.166s][info][gc,heap        ] GC(307) ParOldGen: 7030059K(7323136K)->7125107K(7323136K)
[48.166s][info][gc,metaspace   ] GC(307) Metaspace: 6298K(6464K)->6298K(6464K) NonClass: 5764K(5824K)->5764K(5824K) Class: 533K(640K)->533K(640K)
[48.166s][info][gc             ] GC(307) Pause Young (Allocation Failure) 7049M->7050M(7392M) 141.638ms
[48.166s][info][gc,cpu         ] GC(307) User=0.53s Sys=0.30s Real=0.14s
[48.269s][info][gc,start       ] GC(308) Pause Young (Allocation Failure)
[48.405s][info][gc,heap        ] GC(308) PSYoungGen: 199456K(246272K)->105280K(247296K) Eden: 104960K(104960K)->0K(104960K) From: 94496K(141312K)->105280K(142336K)
[48.405s][info][gc,heap        ] GC(308) ParOldGen: 7125107K(7323136K)->7220155K(7323136K)
[48.405s][info][gc,metaspace   ] GC(308) Metaspace: 6298K(6464K)->6298K(6464K) NonClass: 5764K(5824K)->5764K(5824K) Class: 533K(640K)->533K(640K)
[48.405s][info][gc             ] GC(308) Pause Young (Allocation Failure) 7152M->7153M(7393M) 135.901ms
[48.405s][info][gc,cpu         ] GC(308) User=0.59s Sys=0.42s Real=0.14s
[48.405s][info][gc,start       ] GC(309) Pause Full (Ergonomics)
[48.405s][info][gc,phases,start] GC(309) Marking Phase
[50.042s][info][gc,phases      ] GC(309) Marking Phase 1636.453ms
[50.042s][info][gc,phases,start] GC(309) Summary Phase
[50.042s][info][gc,phases      ] GC(309) Summary Phase 0.125ms
[50.042s][info][gc,phases,start] GC(309) Adjust Roots
[50.042s][info][gc,phases      ] GC(309) Adjust Roots 0.191ms
[50.042s][info][gc,phases,start] GC(309) Compaction Phase
[50.696s][info][gc,phases      ] GC(309) Compaction Phase 654.201ms
[50.696s][info][gc,phases,start] GC(309) Post Compact
[50.712s][info][gc,phases      ] GC(309) Post Compact 15.156ms
[50.718s][info][gc,heap        ] GC(309) PSYoungGen: 105280K(247296K)->0K(262144K) Eden: 0K(104960K)->0K(117248K) From: 105280K(142336K)->0K(144896K)
[50.718s][info][gc,heap        ] GC(309) ParOldGen: 7220155K(7323136K)->7319702K(8105984K)
[50.718s][info][gc,metaspace   ] GC(309) Metaspace: 6298K(6464K)->6298K(6464K) NonClass: 5764K(5824K)->5764K(5824K) Class: 533K(640K)->533K(640K)
[50.719s][info][gc             ] GC(309) Pause Full (Ergonomics) 7153M->7148M(8172M) 2313.303ms
[50.719s][info][gc,cpu         ] GC(309) User=16.84s Sys=0.17s Real=2.31s
[50.852s][info][gc,start       ] GC(310) Pause Young (Allocation Failure)
[50.957s][info][gc,heap        ] GC(310) PSYoungGen: 117248K(262144K)->117600K(262144K) Eden: 117248K(117248K)->0K(117248K) From: 0K(144896K)->117600K(144896K)
[50.957s][info][gc,heap        ] GC(310) ParOldGen: 7319702K(8105984K)->7319702K(8105984K)
[50.957s][info][gc,metaspace   ] GC(310) Metaspace: 6298K(6464K)->6298K(6464K) NonClass: 5764K(5824K)->5764K(5824K) Class: 533K(640K)->533K(640K)
[50.957s][info][gc             ] GC(310) Pause Young (Allocation Failure) 7262M->7262M(8172M) 104.932ms
[50.957s][info][gc,cpu         ] GC(310) User=0.36s Sys=0.00s Real=0.11s
[51.082s][info][gc,start       ] GC(311) Pause Young (Allocation Failure)
[51.243s][info][gc,heap        ] GC(311) PSYoungGen: 234848K(262144K)->151552K(231424K) Eden: 117248K(117248K)->0K(79872K) From: 117600K(144896K)->151552K(151552K)
[51.243s][info][gc,heap        ] GC(311) ParOldGen: 7319702K(8105984K)->7403654K(8105984K)
[51.243s][info][gc,metaspace   ] GC(311) Metaspace: 6298K(6464K)->6298K(6464K) NonClass: 5764K(5824K)->5764K(5824K) Class: 533K(640K)->533K(640K)
[51.243s][info][gc             ] GC(311) Pause Young (Allocation Failure) 7377M->7378M(8142M) 160.793ms
[51.243s][info][gc,cpu         ] GC(311) User=0.77s Sys=0.38s Real=0.16s
[51.331s][info][gc,start       ] GC(312) Pause Young (Allocation Failure)
[51.520s][info][gc,heap        ] GC(312) PSYoungGen: 231424K(231424K)->80128K(279552K) Eden: 79872K(79872K)->0K(79872K) From: 151552K(151552K)->80128K(199680K)
[51.520s][info][gc,heap        ] GC(312) ParOldGen: 7403654K(8105984K)->7556318K(8105984K)
[51.520s][info][gc,metaspace   ] GC(312) Metaspace: 6298K(6464K)->6298K(6464K) NonClass: 5764K(5824K)->5764K(5824K) Class: 533K(640K)->533K(640K)
[51.520s][info][gc             ] GC(312) Pause Young (Allocation Failure) 7456M->7457M(8189M) 189.152ms
[51.520s][info][gc,cpu         ] GC(312) User=0.41s Sys=0.73s Real=0.19s
[51.606s][info][gc,start       ] GC(313) Pause Young (Allocation Failure)
[51.730s][info][gc,heap        ] GC(313) PSYoungGen: 160000K(279552K)->80160K(271360K) Eden: 79872K(79872K)->0K(89088K) From: 80128K(199680K)->80160K(182272K)
[51.730s][info][gc,heap        ] GC(313) ParOldGen: 7556318K(8105984K)->7636894K(8105984K)
[51.730s][info][gc,metaspace   ] GC(313) Metaspace: 6298K(6464K)->6298K(6464K) NonClass: 5764K(5824K)->5764K(5824K) Class: 533K(640K)->533K(640K)
[51.730s][info][gc             ] GC(313) Pause Young (Allocation Failure) 7535M->7536M(8181M) 123.212ms
[51.730s][info][gc,cpu         ] GC(313) User=0.50s Sys=0.19s Real=0.12s
[51.830s][info][gc,start       ] GC(314) Pause Young (Allocation Failure)
[51.952s][info][gc,heap        ] GC(314) PSYoungGen: 169248K(271360K)->89408K(276992K) Eden: 89088K(89088K)->0K(89088K) From: 80160K(182272K)->89408K(187904K)
[51.952s][info][gc,heap        ] GC(314) ParOldGen: 7636894K(8105984K)->7717470K(8105984K)
[51.952s][info][gc,metaspace   ] GC(314) Metaspace: 6298K(6464K)->6298K(6464K) NonClass: 5764K(5824K)->5764K(5824K) Class: 533K(640K)->533K(640K)
[51.952s][info][gc             ] GC(314) Pause Young (Allocation Failure) 7623M->7623M(8186M) 121.476ms
[51.952s][info][gc,cpu         ] GC(314) User=0.61s Sys=0.17s Real=0.12s
[52.062s][info][gc,start       ] GC(315) Pause Young (Allocation Failure)
[52.195s][info][gc,heap        ] GC(315) PSYoungGen: 178496K(276992K)->89376K(265728K) Eden: 89088K(89088K)->0K(98816K) From: 89408K(187904K)->89376K(166912K)
[52.195s][info][gc,heap        ] GC(315) ParOldGen: 7717470K(8105984K)->7807358K(8105984K)
[52.195s][info][gc,metaspace   ] GC(315) Metaspace: 6298K(6464K)->6298K(6464K) NonClass: 5764K(5824K)->5764K(5824K) Class: 533K(640K)->533K(640K)
[52.195s][info][gc             ] GC(315) Pause Young (Allocation Failure) 7710M->7711M(8175M) 132.745ms
[52.195s][info][gc,cpu         ] GC(315) User=0.55s Sys=0.36s Real=0.13s
[52.297s][info][gc,start       ] GC(316) Pause Young (Allocation Failure)
[52.446s][info][gc,heap        ] GC(316) PSYoungGen: 188192K(265728K)->99136K(272384K) Eden: 98816K(98816K)->0K(98816K) From: 89376K(166912K)->99136K(173568K)
[52.446s][info][gc,heap        ] GC(316) ParOldGen: 7807358K(8105984K)->7897230K(8105984K)
[52.446s][info][gc,metaspace   ] GC(316) Metaspace: 6298K(6464K)->6298K(6464K) NonClass: 5764K(5824K)->5764K(5824K) Class: 533K(640K)->533K(640K)
[52.446s][info][gc             ] GC(316) Pause Young (Allocation Failure) 7808M->7808M(8182M) 149.632ms
[52.446s][info][gc,cpu         ] GC(316) User=0.62s Sys=0.31s Real=0.15s
[52.560s][info][gc,start       ] GC(317) Pause Young (Allocation Failure)
[52.703s][info][gc,heap        ] GC(317) PSYoungGen: 197952K(272384K)->99104K(264704K) Eden: 98816K(98816K)->0K(110080K) From: 99136K(173568K)->99104K(154624K)
[52.703s][info][gc,heap        ] GC(317) ParOldGen: 7897230K(8105984K)->7996926K(8105984K)
[52.703s][info][gc,metaspace   ] GC(317) Metaspace: 6298K(6464K)->6298K(6464K) NonClass: 5764K(5824K)->5764K(5824K) Class: 533K(640K)->533K(640K)
[52.704s][info][gc             ] GC(317) Pause Young (Allocation Failure) 7905M->7906M(8174M) 143.020ms
[52.704s][info][gc,cpu         ] GC(317) User=0.61s Sys=0.38s Real=0.14s
[52.704s][info][gc,start       ] GC(318) Pause Full (Ergonomics)
[52.704s][info][gc,phases,start] GC(318) Marking Phase
[54.551s][info][gc,phases      ] GC(318) Marking Phase 1847.707ms
[54.551s][info][gc,phases,start] GC(318) Summary Phase
[54.552s][info][gc,phases      ] GC(318) Summary Phase 0.147ms
[54.552s][info][gc,phases,start] GC(318) Adjust Roots
[54.552s][info][gc,phases      ] GC(318) Adjust Roots 0.236ms
[54.552s][info][gc,phases,start] GC(318) Compaction Phase
[55.271s][info][gc,phases      ] GC(318) Compaction Phase 719.509ms
[55.271s][info][gc,phases,start] GC(318) Post Compact
[55.284s][info][gc,phases      ] GC(318) Post Compact 12.716ms
[55.284s][info][gc,heap        ] GC(318) PSYoungGen: 99104K(264704K)->0K(270848K) Eden: 0K(110080K)->0K(110080K) From: 99104K(154624K)->0K(160768K)
[55.284s][info][gc,heap        ] GC(318) ParOldGen: 7996926K(8105984K)->8089505K(8192000K)
[55.284s][info][gc,metaspace   ] GC(318) Metaspace: 6298K(6464K)->6298K(6464K) NonClass: 5764K(5824K)->5764K(5824K) Class: 533K(640K)->533K(640K)
[55.285s][info][gc             ] GC(318) Pause Full (Ergonomics) 7906M->7899M(8264M) 2580.931ms
[55.285s][info][gc,cpu         ] GC(318) User=18.92s Sys=0.19s Real=2.58s
[55.407s][info][gc,start       ] GC(319) Pause Full (Ergonomics)
[55.407s][info][gc,phases,start] GC(319) Marking Phase
[57.250s][info][gc,phases      ] GC(319) Marking Phase 1842.770ms
[57.250s][info][gc,phases,start] GC(319) Summary Phase
[57.250s][info][gc,phases      ] GC(319) Summary Phase 0.092ms
[57.250s][info][gc,phases,start] GC(319) Adjust Roots
[57.250s][info][gc,phases      ] GC(319) Adjust Roots 0.172ms
[57.250s][info][gc,phases,start] GC(319) Compaction Phase
[57.816s][info][gc,phases      ] GC(319) Compaction Phase 565.631ms
[57.816s][info][gc,phases,start] GC(319) Post Compact
[57.828s][info][gc,phases      ] GC(319) Post Compact 11.975ms
[57.828s][info][gc,heap        ] GC(319) PSYoungGen: 110080K(270848K)->7676K(270848K) Eden: 110080K(110080K)->7676K(110080K) From: 0K(160768K)->0K(160768K)
[57.828s][info][gc,heap        ] GC(319) ParOldGen: 8089505K(8192000K)->8191875K(8192000K)
[57.828s][info][gc,metaspace   ] GC(319) Metaspace: 6298K(6464K)->6298K(6464K) NonClass: 5764K(5824K)->5764K(5824K) Class: 533K(640K)->533K(640K)
[57.828s][info][gc             ] GC(319) Pause Full (Ergonomics) 8007M->8007M(8264M) 2420.990ms
[57.828s][info][gc,cpu         ] GC(319) User=17.86s Sys=0.08s Real=2.42s
[57.942s][info][gc,start       ] GC(320) Pause Full (Ergonomics)
[57.942s][info][gc,phases,start] GC(320) Marking Phase
[59.778s][info][gc,phases      ] GC(320) Marking Phase 1835.875ms
[59.778s][info][gc,phases,start] GC(320) Summary Phase
[59.778s][info][gc,phases      ] GC(320) Summary Phase 0.140ms
[59.778s][info][gc,phases,start] GC(320) Adjust Roots
[59.779s][info][gc,phases      ] GC(320) Adjust Roots 0.275ms
[59.779s][info][gc,phases,start] GC(320) Compaction Phase
[60.288s][info][gc,phases      ] GC(320) Compaction Phase 509.809ms
[60.289s][info][gc,phases,start] GC(320) Post Compact
[60.301s][info][gc,phases      ] GC(320) Post Compact 12.183ms
[60.301s][info][gc,heap        ] GC(320) PSYoungGen: 110080K(270848K)->110048K(270848K) Eden: 110080K(110080K)->110048K(110080K) From: 0K(160768K)->0K(160768K)
[60.301s][info][gc,heap        ] GC(320) ParOldGen: 8191875K(8192000K)->8191875K(8192000K)
[60.301s][info][gc,metaspace   ] GC(320) Metaspace: 6298K(6464K)->6298K(6464K) NonClass: 5764K(5824K)->5764K(5824K) Class: 533K(640K)->533K(640K)
[60.301s][info][gc             ] GC(320) Pause Full (Ergonomics) 8107M->8107M(8264M) 2358.708ms
[60.301s][info][gc,cpu         ] GC(320) User=17.88s Sys=0.02s Real=2.36s
[60.301s][info][gc,start       ] GC(321) Pause Full (Ergonomics)
[60.301s][info][gc,phases,start] GC(321) Marking Phase
[62.151s][info][gc,phases      ] GC(321) Marking Phase 1849.610ms
[62.151s][info][gc,phases,start] GC(321) Summary Phase
[62.151s][info][gc,phases      ] GC(321) Summary Phase 0.077ms
[62.151s][info][gc,phases,start] GC(321) Adjust Roots
[62.151s][info][gc,phases      ] GC(321) Adjust Roots 0.163ms
[62.151s][info][gc,phases,start] GC(321) Compaction Phase
[62.662s][info][gc,phases      ] GC(321) Compaction Phase 511.006ms
[62.662s][info][gc,phases,start] GC(321) Post Compact
[62.674s][info][gc,phases      ] GC(321) Post Compact 12.026ms
[62.674s][info][gc,heap        ] GC(321) PSYoungGen: 110080K(270848K)->110079K(270848K) Eden: 110080K(110080K)->110079K(110080K) From: 0K(160768K)->0K(160768K)
[62.674s][info][gc,heap        ] GC(321) ParOldGen: 8191875K(8192000K)->8191875K(8192000K)
[62.674s][info][gc,metaspace   ] GC(321) Metaspace: 6298K(6464K)->6298K(6464K) NonClass: 5764K(5824K)->5764K(5824K) Class: 533K(640K)->533K(640K)
[62.674s][info][gc             ] GC(321) Pause Full (Ergonomics) 8107M->8107M(8264M) 2373.191ms
[62.674s][info][gc,cpu         ] GC(321) User=18.06s Sys=0.00s Real=2.37s
[62.674s][info][gc,start       ] GC(322) Pause Full (Ergonomics)
[62.674s][info][gc,phases,start] GC(322) Marking Phase
[64.514s][info][gc,phases      ] GC(322) Marking Phase 1839.573ms
[64.514s][info][gc,phases,start] GC(322) Summary Phase
[64.514s][info][gc,phases      ] GC(322) Summary Phase 0.087ms
[64.514s][info][gc,phases,start] GC(322) Adjust Roots
[64.514s][info][gc,phases      ] GC(322) Adjust Roots 0.194ms
[64.514s][info][gc,phases,start] GC(322) Compaction Phase
[65.029s][info][gc,phases      ] GC(322) Compaction Phase 515.086ms
[65.030s][info][gc,phases,start] GC(322) Post Compact
[65.041s][info][gc,phases      ] GC(322) Post Compact 11.886ms
[65.041s][info][gc,heap        ] GC(322) PSYoungGen: 110079K(270848K)->110079K(270848K) Eden: 110079K(110080K)->110079K(110080K) From: 0K(160768K)->0K(160768K)
[65.042s][info][gc,heap        ] GC(322) ParOldGen: 8191875K(8192000K)->8191875K(8192000K)
[65.042s][info][gc,metaspace   ] GC(322) Metaspace: 6298K(6464K)->6298K(6464K) NonClass: 5764K(5824K)->5764K(5824K) Class: 533K(640K)->533K(640K)
[65.042s][info][gc             ] GC(322) Pause Full (Ergonomics) 8107M->8107M(8264M) 2367.142ms
[65.042s][info][gc,cpu         ] GC(322) User=18.02s Sys=0.00s Real=2.37s
[65.042s][info][gc,start       ] GC(323) Pause Full (Ergonomics)
[65.042s][info][gc,phases,start] GC(323) Marking Phase
[66.886s][info][gc,phases      ] GC(323) Marking Phase 1843.902ms
[66.886s][info][gc,phases,start] GC(323) Summary Phase
[66.886s][info][gc,phases      ] GC(323) Summary Phase 0.078ms
[66.886s][info][gc,phases,start] GC(323) Adjust Roots
[66.886s][info][gc,phases      ] GC(323) Adjust Roots 0.163ms
[66.886s][info][gc,phases,start] GC(323) Compaction Phase
[67.423s][info][gc,phases      ] GC(323) Compaction Phase 537.188ms
[67.423s][info][gc,phases,start] GC(323) Post Compact
[67.435s][info][gc,phases      ] GC(323) Post Compact 12.090ms
[67.435s][info][gc,heap        ] GC(323) PSYoungGen: 110080K(270848K)->110080K(270848K) Eden: 110080K(110080K)->110080K(110080K) From: 0K(160768K)->0K(160768K)
[67.435s][info][gc,heap        ] GC(323) ParOldGen: 8191880K(8192000K)->8191880K(8192000K)
[67.435s][info][gc,metaspace   ] GC(323) Metaspace: 6298K(6464K)->6298K(6464K) NonClass: 5764K(5824K)->5764K(5824K) Class: 533K(640K)->533K(640K)
[67.436s][info][gc             ] GC(323) Pause Full (Ergonomics) 8107M->8107M(8264M) 2393.762ms
[67.436s][info][gc,cpu         ] GC(323) User=17.97s Sys=0.00s Real=2.39s
[67.436s][info][gc,start       ] GC(324) Pause Full (Ergonomics)
[67.436s][info][gc,phases,start] GC(324) Marking Phase
[69.287s][info][gc,phases      ] GC(324) Marking Phase 1850.745ms
[69.287s][info][gc,phases,start] GC(324) Summary Phase
[69.287s][info][gc,phases      ] GC(324) Summary Phase 0.095ms
[69.287s][info][gc,phases,start] GC(324) Adjust Roots
[69.287s][info][gc,phases      ] GC(324) Adjust Roots 0.196ms
[69.287s][info][gc,phases,start] GC(324) Compaction Phase
[69.821s][info][gc,phases      ] GC(324) Compaction Phase 534.352ms
[69.821s][info][gc,phases,start] GC(324) Post Compact
[69.834s][info][gc,phases      ] GC(324) Post Compact 12.142ms
[69.834s][info][gc,heap        ] GC(324) PSYoungGen: 110080K(270848K)->110080K(270848K) Eden: 110080K(110080K)->110080K(110080K) From: 0K(160768K)->0K(160768K)
[69.834s][info][gc,heap        ] GC(324) ParOldGen: 8191884K(8192000K)->8191884K(8192000K)
[69.834s][info][gc,metaspace   ] GC(324) Metaspace: 6298K(6464K)->6298K(6464K) NonClass: 5764K(5824K)->5764K(5824K) Class: 533K(640K)->533K(640K)
[69.834s][info][gc             ] GC(324) Pause Full (Ergonomics) 8107M->8107M(8264M) 2397.900ms
[69.834s][info][gc,cpu         ] GC(324) User=18.08s Sys=0.02s Real=2.40s
[69.834s][info][gc,start       ] GC(325) Pause Full (Ergonomics)
[69.834s][info][gc,phases,start] GC(325) Marking Phase
[71.692s][info][gc,phases      ] GC(325) Marking Phase 1857.992ms
[71.692s][info][gc,phases,start] GC(325) Summary Phase
[71.692s][info][gc,phases      ] GC(325) Summary Phase 0.079ms
[71.692s][info][gc,phases,start] GC(325) Adjust Roots
[71.692s][info][gc,phases      ] GC(325) Adjust Roots 0.169ms
[71.692s][info][gc,phases,start] GC(325) Compaction Phase
[72.222s][info][gc,phases      ] GC(325) Compaction Phase 529.355ms
[72.222s][info][gc,phases,start] GC(325) Post Compact
[72.234s][info][gc,phases      ] GC(325) Post Compact 12.116ms
[72.234s][info][gc,heap        ] GC(325) PSYoungGen: 110080K(270848K)->110080K(270848K) Eden: 110080K(110080K)->110080K(110080K) From: 0K(160768K)->0K(160768K)
[72.234s][info][gc,heap        ] GC(325) ParOldGen: 8191889K(8192000K)->8191889K(8192000K)
[72.234s][info][gc,metaspace   ] GC(325) Metaspace: 6298K(6464K)->6298K(6464K) NonClass: 5764K(5824K)->5764K(5824K) Class: 533K(640K)->533K(640K)
[72.234s][info][gc             ] GC(325) Pause Full (Ergonomics) 8107M->8107M(8264M) 2400.033ms
[72.234s][info][gc,cpu         ] GC(325) User=18.06s Sys=0.00s Real=2.40s
[72.234s][info][gc,start       ] GC(326) Pause Full (Ergonomics)
[72.234s][info][gc,phases,start] GC(326) Marking Phase
[74.060s][info][gc,phases      ] GC(326) Marking Phase 1825.998ms
[74.060s][info][gc,phases,start] GC(326) Summary Phase
[74.060s][info][gc,phases      ] GC(326) Summary Phase 0.079ms
[74.060s][info][gc,phases,start] GC(326) Adjust Roots
[74.060s][info][gc,phases      ] GC(326) Adjust Roots 0.160ms
[74.060s][info][gc,phases,start] GC(326) Compaction Phase
[74.589s][info][gc,phases      ] GC(326) Compaction Phase 528.583ms
[74.589s][info][gc,phases,start] GC(326) Post Compact
[74.602s][info][gc,phases      ] GC(326) Post Compact 12.478ms
[74.602s][info][gc,heap        ] GC(326) PSYoungGen: 110080K(270848K)->110080K(270848K) Eden: 110080K(110080K)->110080K(110080K) From: 0K(160768K)->0K(160768K)
[74.602s][info][gc,heap        ] GC(326) ParOldGen: 8191894K(8192000K)->8191894K(8192000K)
[74.602s][info][gc,metaspace   ] GC(326) Metaspace: 6298K(6464K)->6298K(6464K) NonClass: 5764K(5824K)->5764K(5824K) Class: 533K(640K)->533K(640K)
[74.602s][info][gc             ] GC(326) Pause Full (Ergonomics) 8107M->8107M(8264M) 2367.656ms
[74.602s][info][gc,cpu         ] GC(326) User=17.83s Sys=0.03s Real=2.37s
[74.602s][info][gc,start       ] GC(327) Pause Full (Ergonomics)
[74.602s][info][gc,phases,start] GC(327) Marking Phase
[76.446s][info][gc,phases      ] GC(327) Marking Phase 1844.360ms
[76.446s][info][gc,phases,start] GC(327) Summary Phase
[76.446s][info][gc,phases      ] GC(327) Summary Phase 0.079ms
[76.446s][info][gc,phases,start] GC(327) Adjust Roots
[76.447s][info][gc,phases      ] GC(327) Adjust Roots 0.162ms
[76.447s][info][gc,phases,start] GC(327) Compaction Phase
[76.960s][info][gc,phases      ] GC(327) Compaction Phase 513.731ms
[76.960s][info][gc,phases,start] GC(327) Post Compact
[76.973s][info][gc,phases      ] GC(327) Post Compact 12.149ms
[76.973s][info][gc,heap        ] GC(327) PSYoungGen: 110080K(270848K)->110080K(270848K) Eden: 110080K(110080K)->110080K(110080K) From: 0K(160768K)->0K(160768K)
[76.973s][info][gc,heap        ] GC(327) ParOldGen: 8191899K(8192000K)->8191899K(8192000K)
[76.973s][info][gc,metaspace   ] GC(327) Metaspace: 6298K(6464K)->6298K(6464K) NonClass: 5764K(5824K)->5764K(5824K) Class: 533K(640K)->533K(640K)
[76.973s][info][gc             ] GC(327) Pause Full (Ergonomics) 8107M->8107M(8264M) 2370.802ms
[76.973s][info][gc,cpu         ] GC(327) User=17.91s Sys=0.00s Real=2.37s
[76.973s][info][gc,start       ] GC(328) Pause Full (Ergonomics)
[76.973s][info][gc,phases,start] GC(328) Marking Phase
[78.794s][info][gc,phases      ] GC(328) Marking Phase 1820.581ms
[78.794s][info][gc,phases,start] GC(328) Summary Phase
[78.794s][info][gc,phases      ] GC(328) Summary Phase 0.082ms
[78.794s][info][gc,phases,start] GC(328) Adjust Roots
[78.794s][info][gc,phases      ] GC(328) Adjust Roots 0.183ms
[78.794s][info][gc,phases,start] GC(328) Compaction Phase
[79.321s][info][gc,phases      ] GC(328) Compaction Phase 526.979ms
[79.321s][info][gc,phases,start] GC(328) Post Compact
[79.333s][info][gc,phases      ] GC(328) Post Compact 12.121ms
[79.333s][info][gc,heap        ] GC(328) PSYoungGen: 110080K(270848K)->110080K(270848K) Eden: 110080K(110080K)->110080K(110080K) From: 0K(160768K)->0K(160768K)
[79.333s][info][gc,heap        ] GC(328) ParOldGen: 8191904K(8192000K)->8191904K(8192000K)
[79.333s][info][gc,metaspace   ] GC(328) Metaspace: 6298K(6464K)->6298K(6464K) NonClass: 5764K(5824K)->5764K(5824K) Class: 533K(640K)->533K(640K)
[79.333s][info][gc             ] GC(328) Pause Full (Ergonomics) 8107M->8107M(8264M) 2360.257ms
[79.333s][info][gc,cpu         ] GC(328) User=17.70s Sys=0.03s Real=2.36s
[79.333s][info][gc,start       ] GC(329) Pause Full (Ergonomics)
[79.333s][info][gc,phases,start] GC(329) Marking Phase
[81.159s][info][gc,phases      ] GC(329) Marking Phase 1825.117ms
[81.159s][info][gc,phases,start] GC(329) Summary Phase
[81.159s][info][gc,phases      ] GC(329) Summary Phase 0.079ms
[81.159s][info][gc,phases,start] GC(329) Adjust Roots
[81.159s][info][gc,phases      ] GC(329) Adjust Roots 0.162ms
[81.159s][info][gc,phases,start] GC(329) Compaction Phase
[81.696s][info][gc,phases      ] GC(329) Compaction Phase 537.528ms
[81.696s][info][gc,phases,start] GC(329) Post Compact
[81.709s][info][gc,phases      ] GC(329) Post Compact 12.153ms
[81.709s][info][gc,heap        ] GC(329) PSYoungGen: 110080K(270848K)->110080K(270848K) Eden: 110080K(110080K)->110080K(110080K) From: 0K(160768K)->0K(160768K)
[81.709s][info][gc,heap        ] GC(329) ParOldGen: 8191909K(8192000K)->8191909K(8192000K)
[81.709s][info][gc,metaspace   ] GC(329) Metaspace: 6298K(6464K)->6298K(6464K) NonClass: 5764K(5824K)->5764K(5824K) Class: 533K(640K)->533K(640K)
[81.709s][info][gc             ] GC(329) Pause Full (Ergonomics) 8107M->8107M(8264M) 2375.344ms
[81.709s][info][gc,cpu         ] GC(329) User=17.73s Sys=0.05s Real=2.38s
[81.709s][info][gc,start       ] GC(330) Pause Full (Ergonomics)
[81.709s][info][gc,phases,start] GC(330) Marking Phase
[83.555s][info][gc,phases      ] GC(330) Marking Phase 1846.011ms
[83.555s][info][gc,phases,start] GC(330) Summary Phase
[83.555s][info][gc,phases      ] GC(330) Summary Phase 0.085ms
[83.555s][info][gc,phases,start] GC(330) Adjust Roots
[83.555s][info][gc,phases      ] GC(330) Adjust Roots 0.183ms
[83.555s][info][gc,phases,start] GC(330) Compaction Phase
[84.118s][info][gc,phases      ] GC(330) Compaction Phase 562.812ms
[84.118s][info][gc,phases,start] GC(330) Post Compact
[84.130s][info][gc,phases      ] GC(330) Post Compact 12.120ms
[84.130s][info][gc,heap        ] GC(330) PSYoungGen: 110080K(270848K)->110080K(270848K) Eden: 110080K(110080K)->110080K(110080K) From: 0K(160768K)->0K(160768K)
[84.130s][info][gc,heap        ] GC(330) ParOldGen: 8191913K(8192000K)->8191913K(8192000K)
[84.130s][info][gc,metaspace   ] GC(330) Metaspace: 6298K(6464K)->6298K(6464K) NonClass: 5764K(5824K)->5764K(5824K) Class: 533K(640K)->533K(640K)
[84.130s][info][gc             ] GC(330) Pause Full (Ergonomics) 8107M->8107M(8264M) 2421.540ms
[84.130s][info][gc,cpu         ] GC(330) User=18.16s Sys=0.02s Real=2.42s
[84.131s][info][gc,start       ] GC(331) Pause Full (Ergonomics)
[84.131s][info][gc,phases,start] GC(331) Marking Phase
[85.956s][info][gc,phases      ] GC(331) Marking Phase 1825.080ms
[85.956s][info][gc,phases,start] GC(331) Summary Phase
[85.956s][info][gc,phases      ] GC(331) Summary Phase 0.089ms
[85.956s][info][gc,phases,start] GC(331) Adjust Roots
[85.956s][info][gc,phases      ] GC(331) Adjust Roots 0.172ms
[85.956s][info][gc,phases,start] GC(331) Compaction Phase
[86.519s][info][gc,phases      ] GC(331) Compaction Phase 562.547ms
[86.519s][info][gc,phases,start] GC(331) Post Compact
[86.531s][info][gc,phases      ] GC(331) Post Compact 12.132ms
[86.531s][info][gc,heap        ] GC(331) PSYoungGen: 110080K(270848K)->110080K(270848K) Eden: 110080K(110080K)->110080K(110080K) From: 0K(160768K)->0K(160768K)
[86.531s][info][gc,heap        ] GC(331) ParOldGen: 8191918K(8192000K)->8191918K(8192000K)
[86.531s][info][gc,metaspace   ] GC(331) Metaspace: 6298K(6464K)->6298K(6464K) NonClass: 5764K(5824K)->5764K(5824K) Class: 533K(640K)->533K(640K)
[86.531s][info][gc             ] GC(331) Pause Full (Ergonomics) 8107M->8107M(8264M) 2400.347ms
[86.531s][info][gc,cpu         ] GC(331) User=18.00s Sys=0.02s Real=2.40s
[86.531s][info][gc,start       ] GC(332) Pause Full (Ergonomics)
[86.531s][info][gc,phases,start] GC(332) Marking Phase
[88.367s][info][gc,phases      ] GC(332) Marking Phase 1835.394ms
[88.367s][info][gc,phases,start] GC(332) Summary Phase
[88.367s][info][gc,phases      ] GC(332) Summary Phase 0.084ms
[88.367s][info][gc,phases,start] GC(332) Adjust Roots
[88.367s][info][gc,phases      ] GC(332) Adjust Roots 0.180ms
[88.367s][info][gc,phases,start] GC(332) Compaction Phase
[88.913s][info][gc,phases      ] GC(332) Compaction Phase 546.425ms
[88.913s][info][gc,phases,start] GC(332) Post Compact
[88.926s][info][gc,phases      ] GC(332) Post Compact 12.109ms
[88.926s][info][gc,heap        ] GC(332) PSYoungGen: 110080K(270848K)->110080K(270848K) Eden: 110080K(110080K)->110080K(110080K) From: 0K(160768K)->0K(160768K)
[88.926s][info][gc,heap        ] GC(332) ParOldGen: 8191923K(8192000K)->8191923K(8192000K)
[88.926s][info][gc,metaspace   ] GC(332) Metaspace: 6298K(6464K)->6298K(6464K) NonClass: 5764K(5824K)->5764K(5824K) Class: 533K(640K)->533K(640K)
[88.926s][info][gc             ] GC(332) Pause Full (Ergonomics) 8107M->8107M(8264M) 2394.497ms
[88.926s][info][gc,cpu         ] GC(332) User=18.08s Sys=0.00s Real=2.39s
[88.926s][info][gc,start       ] GC(333) Pause Full (Ergonomics)
[88.926s][info][gc,phases,start] GC(333) Marking Phase
[90.763s][info][gc,phases      ] GC(333) Marking Phase 1836.586ms
[90.763s][info][gc,phases,start] GC(333) Summary Phase
[90.763s][info][gc,phases      ] GC(333) Summary Phase 0.079ms
[90.763s][info][gc,phases,start] GC(333) Adjust Roots
[90.763s][info][gc,phases      ] GC(333) Adjust Roots 0.164ms
[90.763s][info][gc,phases,start] GC(333) Compaction Phase
[91.299s][info][gc,phases      ] GC(333) Compaction Phase 535.897ms
[91.299s][info][gc,phases,start] GC(333) Post Compact
[91.311s][info][gc,phases      ] GC(333) Post Compact 12.140ms
[91.311s][info][gc,heap        ] GC(333) PSYoungGen: 110080K(270848K)->110080K(270848K) Eden: 110080K(110080K)->110080K(110080K) From: 0K(160768K)->0K(160768K)
[91.311s][info][gc,heap        ] GC(333) ParOldGen: 8191928K(8192000K)->8191928K(8192000K)
[91.311s][info][gc,metaspace   ] GC(333) Metaspace: 6298K(6464K)->6298K(6464K) NonClass: 5764K(5824K)->5764K(5824K) Class: 533K(640K)->533K(640K)
[91.311s][info][gc             ] GC(333) Pause Full (Ergonomics) 8107M->8107M(8264M) 2385.195ms
[91.311s][info][gc,cpu         ] GC(333) User=18.19s Sys=0.00s Real=2.38s
[91.311s][info][gc,start       ] GC(334) Pause Full (Ergonomics)
[91.311s][info][gc,phases,start] GC(334) Marking Phase
[93.120s][info][gc,phases      ] GC(334) Marking Phase 1808.743ms
[93.120s][info][gc,phases,start] GC(334) Summary Phase
[93.120s][info][gc,phases      ] GC(334) Summary Phase 0.079ms
[93.120s][info][gc,phases,start] GC(334) Adjust Roots
[93.120s][info][gc,phases      ] GC(334) Adjust Roots 0.163ms
[93.120s][info][gc,phases,start] GC(334) Compaction Phase
[93.697s][info][gc,phases      ] GC(334) Compaction Phase 576.308ms
[93.697s][info][gc,phases,start] GC(334) Post Compact
[93.709s][info][gc,phases      ] GC(334) Post Compact 12.032ms
[93.709s][info][gc,heap        ] GC(334) PSYoungGen: 110080K(270848K)->110080K(270848K) Eden: 110080K(110080K)->110080K(110080K) From: 0K(160768K)->0K(160768K)
[93.709s][info][gc,heap        ] GC(334) ParOldGen: 8191933K(8192000K)->8191933K(8192000K)
[93.709s][info][gc,metaspace   ] GC(334) Metaspace: 6298K(6464K)->6298K(6464K) NonClass: 5764K(5824K)->5764K(5824K) Class: 533K(640K)->533K(640K)
[93.709s][info][gc             ] GC(334) Pause Full (Ergonomics) 8107M->8107M(8264M) 2397.636ms
[93.709s][info][gc,cpu         ] GC(334) User=17.92s Sys=0.00s Real=2.40s
[93.709s][info][gc,start       ] GC(335) Pause Full (Ergonomics)
[93.709s][info][gc,phases,start] GC(335) Marking Phase
[95.571s][info][gc,phases      ] GC(335) Marking Phase 1861.571ms
[95.571s][info][gc,phases,start] GC(335) Summary Phase
[95.571s][info][gc,phases      ] GC(335) Summary Phase 0.078ms
[95.571s][info][gc,phases,start] GC(335) Adjust Roots
[95.571s][info][gc,phases      ] GC(335) Adjust Roots 0.163ms
[95.571s][info][gc,phases,start] GC(335) Compaction Phase
[96.115s][info][gc,phases      ] GC(335) Compaction Phase 543.485ms
[96.115s][info][gc,phases,start] GC(335) Post Compact
[96.127s][info][gc,phases      ] GC(335) Post Compact 12.102ms
[96.127s][info][gc,heap        ] GC(335) PSYoungGen: 110080K(270848K)->110080K(270848K) Eden: 110080K(110080K)->110080K(110080K) From: 0K(160768K)->0K(160768K)
[96.127s][info][gc,heap        ] GC(335) ParOldGen: 8191938K(8192000K)->8191938K(8192000K)
[96.127s][info][gc,metaspace   ] GC(335) Metaspace: 6298K(6464K)->6298K(6464K) NonClass: 5764K(5824K)->5764K(5824K) Class: 533K(640K)->533K(640K)
[96.127s][info][gc             ] GC(335) Pause Full (Ergonomics) 8107M->8107M(8264M) 2417.727ms
[96.127s][info][gc,cpu         ] GC(335) User=18.33s Sys=0.00s Real=2.42s
[96.127s][info][gc,start       ] GC(336) Pause Full (Ergonomics)
[96.127s][info][gc,phases,start] GC(336) Marking Phase
[97.980s][info][gc,phases      ] GC(336) Marking Phase 1852.435ms
[97.980s][info][gc,phases,start] GC(336) Summary Phase
[97.980s][info][gc,phases      ] GC(336) Summary Phase 0.092ms
[97.980s][info][gc,phases,start] GC(336) Adjust Roots
[97.980s][info][gc,phases      ] GC(336) Adjust Roots 0.191ms
[97.980s][info][gc,phases,start] GC(336) Compaction Phase
[98.561s][info][gc,phases      ] GC(336) Compaction Phase 580.769ms
[98.561s][info][gc,phases,start] GC(336) Post Compact
[98.573s][info][gc,phases      ] GC(336) Post Compact 12.234ms
[98.573s][info][gc,heap        ] GC(336) PSYoungGen: 110080K(270848K)->110080K(270848K) Eden: 110080K(110080K)->110080K(110080K) From: 0K(160768K)->0K(160768K)
[98.573s][info][gc,heap        ] GC(336) ParOldGen: 8191942K(8192000K)->8191942K(8192000K)
[98.573s][info][gc,metaspace   ] GC(336) Metaspace: 6298K(6464K)->6298K(6464K) NonClass: 5764K(5824K)->5764K(5824K) Class: 533K(640K)->533K(640K)
[98.573s][info][gc             ] GC(336) Pause Full (Ergonomics) 8107M->8107M(8264M) 2446.067ms
[98.573s][info][gc,cpu         ] GC(336) User=18.16s Sys=0.03s Real=2.45s
[98.573s][info][gc,start       ] GC(337) Pause Full (Ergonomics)
[98.573s][info][gc,phases,start] GC(337) Marking Phase
[100.436s][info][gc,phases      ] GC(337) Marking Phase 1862.297ms
[100.436s][info][gc,phases,start] GC(337) Summary Phase
[100.436s][info][gc,phases      ] GC(337) Summary Phase 0.090ms
[100.436s][info][gc,phases,start] GC(337) Adjust Roots
[100.436s][info][gc,phases      ] GC(337) Adjust Roots 0.237ms
[100.436s][info][gc,phases,start] GC(337) Compaction Phase
[100.990s][info][gc,phases      ] GC(337) Compaction Phase 554.188ms
[100.990s][info][gc,phases,start] GC(337) Post Compact
[101.003s][info][gc,phases      ] GC(337) Post Compact 12.208ms
[101.003s][info][gc,heap        ] GC(337) PSYoungGen: 110080K(270848K)->110080K(270848K) Eden: 110080K(110080K)->110080K(110080K) From: 0K(160768K)->0K(160768K)
[101.003s][info][gc,heap        ] GC(337) ParOldGen: 8191947K(8192000K)->8191947K(8192000K)
[101.003s][info][gc,metaspace   ] GC(337) Metaspace: 6298K(6464K)->6298K(6464K) NonClass: 5764K(5824K)->5764K(5824K) Class: 533K(640K)->533K(640K)
[101.003s][info][gc             ] GC(337) Pause Full (Ergonomics) 8107M->8107M(8264M) 2429.322ms
[101.003s][info][gc,cpu         ] GC(337) User=18.48s Sys=0.00s Real=2.43s
[101.003s][info][gc,start       ] GC(338) Pause Full (Ergonomics)
[101.003s][info][gc,phases,start] GC(338) Marking Phase
[102.853s][info][gc,phases      ] GC(338) Marking Phase 1850.075ms
[102.853s][info][gc,phases,start] GC(338) Summary Phase
[102.853s][info][gc,phases      ] GC(338) Summary Phase 0.084ms
[102.853s][info][gc,phases,start] GC(338) Adjust Roots
[102.853s][info][gc,phases      ] GC(338) Adjust Roots 0.172ms
[102.853s][info][gc,phases,start] GC(338) Compaction Phase
[103.451s][info][gc,phases      ] GC(338) Compaction Phase 597.416ms
[103.451s][info][gc,phases,start] GC(338) Post Compact
[103.465s][info][gc,phases      ] GC(338) Post Compact 14.189ms
[103.465s][info][gc,heap        ] GC(338) PSYoungGen: 110080K(270848K)->110080K(270848K) Eden: 110080K(110080K)->110080K(110080K) From: 0K(160768K)->0K(160768K)
[103.465s][info][gc,heap        ] GC(338) ParOldGen: 8191952K(8192000K)->8191952K(8192000K)
[103.465s][info][gc,metaspace   ] GC(338) Metaspace: 6298K(6464K)->6298K(6464K) NonClass: 5764K(5824K)->5764K(5824K) Class: 533K(640K)->533K(640K)
[103.465s][info][gc             ] GC(338) Pause Full (Ergonomics) 8107M->8107M(8264M) 2462.276ms
[103.465s][info][gc,cpu         ] GC(338) User=18.41s Sys=0.00s Real=2.46s
[103.465s][info][gc,start       ] GC(339) Pause Full (Ergonomics)
[103.465s][info][gc,phases,start] GC(339) Marking Phase
[105.351s][info][gc,phases      ] GC(339) Marking Phase 1885.643ms
[105.351s][info][gc,phases,start] GC(339) Summary Phase
[105.351s][info][gc,phases      ] GC(339) Summary Phase 0.091ms
[105.351s][info][gc,phases,start] GC(339) Adjust Roots
[105.351s][info][gc,phases      ] GC(339) Adjust Roots 0.173ms
[105.351s][info][gc,phases,start] GC(339) Compaction Phase
[105.975s][info][gc,phases      ] GC(339) Compaction Phase 623.553ms
[105.975s][info][gc,phases,start] GC(339) Post Compact
[105.988s][info][gc,phases      ] GC(339) Post Compact 12.675ms
[105.988s][info][gc,heap        ] GC(339) PSYoungGen: 110080K(270848K)->110080K(270848K) Eden: 110080K(110080K)->110080K(110080K) From: 0K(160768K)->0K(160768K)
[105.988s][info][gc,heap        ] GC(339) ParOldGen: 8191957K(8192000K)->8191957K(8192000K)
[105.988s][info][gc,metaspace   ] GC(339) Metaspace: 6298K(6464K)->6298K(6464K) NonClass: 5764K(5824K)->5764K(5824K) Class: 533K(640K)->533K(640K)
[105.988s][info][gc             ] GC(339) Pause Full (Ergonomics) 8107M->8107M(8264M) 2522.444ms
[105.988s][info][gc,cpu         ] GC(339) User=18.67s Sys=0.00s Real=2.52s
[105.988s][info][gc,start       ] GC(340) Pause Full (Ergonomics)
[105.988s][info][gc,phases,start] GC(340) Marking Phase
[107.821s][info][gc,phases      ] GC(340) Marking Phase 1832.588ms
[107.821s][info][gc,phases,start] GC(340) Summary Phase
[107.821s][info][gc,phases      ] GC(340) Summary Phase 0.088ms
[107.821s][info][gc,phases,start] GC(340) Adjust Roots
[107.821s][info][gc,phases      ] GC(340) Adjust Roots 0.217ms
[107.821s][info][gc,phases,start] GC(340) Compaction Phase
[108.432s][info][gc,phases      ] GC(340) Compaction Phase 611.029ms
[108.432s][info][gc,phases,start] GC(340) Post Compact
[108.445s][info][gc,phases      ] GC(340) Post Compact 13.069ms
[108.445s][info][gc,heap        ] GC(340) PSYoungGen: 110080K(270848K)->110080K(270848K) Eden: 110080K(110080K)->110080K(110080K) From: 0K(160768K)->0K(160768K)
[108.445s][info][gc,heap        ] GC(340) ParOldGen: 8191962K(8192000K)->8191962K(8192000K)
[108.445s][info][gc,metaspace   ] GC(340) Metaspace: 6298K(6464K)->6298K(6464K) NonClass: 5764K(5824K)->5764K(5824K) Class: 533K(640K)->533K(640K)
[108.445s][info][gc             ] GC(340) Pause Full (Ergonomics) 8107M->8107M(8264M) 2457.354ms
[108.445s][info][gc,cpu         ] GC(340) User=18.31s Sys=0.00s Real=2.46s
[108.446s][info][gc,start       ] GC(341) Pause Full (Ergonomics)
[108.446s][info][gc,phases,start] GC(341) Marking Phase
[110.286s][info][gc,phases      ] GC(341) Marking Phase 1840.890ms
[110.286s][info][gc,phases,start] GC(341) Summary Phase
[110.287s][info][gc,phases      ] GC(341) Summary Phase 0.123ms
[110.287s][info][gc,phases,start] GC(341) Adjust Roots
[110.287s][info][gc,phases      ] GC(341) Adjust Roots 0.330ms
[110.287s][info][gc,phases,start] GC(341) Compaction Phase
[110.902s][info][gc,phases      ] GC(341) Compaction Phase 615.207ms
[110.902s][info][gc,phases,start] GC(341) Post Compact
[110.914s][info][gc,phases      ] GC(341) Post Compact 12.063ms
[110.914s][info][gc,heap        ] GC(341) PSYoungGen: 110080K(270848K)->110080K(270848K) Eden: 110080K(110080K)->110080K(110080K) From: 0K(160768K)->0K(160768K)
[110.914s][info][gc,heap        ] GC(341) ParOldGen: 8191967K(8192000K)->8191967K(8192000K)
[110.914s][info][gc,metaspace   ] GC(341) Metaspace: 6298K(6464K)->6298K(6464K) NonClass: 5764K(5824K)->5764K(5824K) Class: 533K(640K)->533K(640K)
[110.914s][info][gc             ] GC(341) Pause Full (Ergonomics) 8107M->8107M(8264M) 2468.973ms
[110.915s][info][gc,cpu         ] GC(341) User=18.31s Sys=0.05s Real=2.47s
[110.915s][info][gc,start       ] GC(342) Pause Full (Ergonomics)
[110.915s][info][gc,phases,start] GC(342) Marking Phase
[112.790s][info][gc,phases      ] GC(342) Marking Phase 1875.545ms
[112.790s][info][gc,phases,start] GC(342) Summary Phase
[112.790s][info][gc,phases      ] GC(342) Summary Phase 0.102ms
[112.790s][info][gc,phases,start] GC(342) Adjust Roots
[112.791s][info][gc,phases      ] GC(342) Adjust Roots 0.307ms
[112.791s][info][gc,phases,start] GC(342) Compaction Phase
[113.403s][info][gc,phases      ] GC(342) Compaction Phase 611.818ms
[113.403s][info][gc,phases,start] GC(342) Post Compact
[113.417s][info][gc,phases      ] GC(342) Post Compact 14.049ms
[113.417s][info][gc,heap        ] GC(342) PSYoungGen: 110080K(270848K)->110080K(270848K) Eden: 110080K(110080K)->110080K(110080K) From: 0K(160768K)->0K(160768K)
[113.417s][info][gc,heap        ] GC(342) ParOldGen: 8191971K(8192000K)->8191971K(8192000K)
[113.417s][info][gc,metaspace   ] GC(342) Metaspace: 6298K(6464K)->6298K(6464K) NonClass: 5764K(5824K)->5764K(5824K) Class: 533K(640K)->533K(640K)
[113.417s][info][gc             ] GC(342) Pause Full (Ergonomics) 8107M->8107M(8264M) 2502.236ms
[113.417s][info][gc,cpu         ] GC(342) User=18.61s Sys=0.00s Real=2.50s
[113.417s][info][gc,start       ] GC(343) Pause Full (Ergonomics)
[113.417s][info][gc,phases,start] GC(343) Marking Phase
[115.309s][info][gc,phases      ] GC(343) Marking Phase 1891.493ms
[115.309s][info][gc,phases,start] GC(343) Summary Phase
[115.309s][info][gc,phases      ] GC(343) Summary Phase 0.198ms
[115.309s][info][gc,phases,start] GC(343) Adjust Roots
[115.309s][info][gc,phases      ] GC(343) Adjust Roots 0.220ms
[115.309s][info][gc,phases,start] GC(343) Compaction Phase
[115.945s][info][gc,phases      ] GC(343) Compaction Phase 635.709ms
[115.945s][info][gc,phases,start] GC(343) Post Compact
[115.957s][info][gc,phases      ] GC(343) Post Compact 12.381ms
[115.957s][info][gc,heap        ] GC(343) PSYoungGen: 110080K(270848K)->110080K(270848K) Eden: 110080K(110080K)->110080K(110080K) From: 0K(160768K)->0K(160768K)
[115.957s][info][gc,heap        ] GC(343) ParOldGen: 8191976K(8192000K)->8191976K(8192000K)
[115.957s][info][gc,metaspace   ] GC(343) Metaspace: 6298K(6464K)->6298K(6464K) NonClass: 5764K(5824K)->5764K(5824K) Class: 533K(640K)->533K(640K)
[115.957s][info][gc             ] GC(343) Pause Full (Ergonomics) 8107M->8107M(8264M) 2540.335ms
[115.958s][info][gc,cpu         ] GC(343) User=18.31s Sys=0.02s Real=2.54s
[115.958s][info][gc,start       ] GC(344) Pause Full (Ergonomics)
[115.958s][info][gc,phases,start] GC(344) Marking Phase
[117.800s][info][gc,phases      ] GC(344) Marking Phase 1842.280ms
[117.800s][info][gc,phases,start] GC(344) Summary Phase
[117.800s][info][gc,phases      ] GC(344) Summary Phase 0.111ms
[117.800s][info][gc,phases,start] GC(344) Adjust Roots
[117.800s][info][gc,phases      ] GC(344) Adjust Roots 0.258ms
[117.800s][info][gc,phases,start] GC(344) Compaction Phase
[118.418s][info][gc,phases      ] GC(344) Compaction Phase 617.760ms
[118.418s][info][gc,phases,start] GC(344) Post Compact
[118.431s][info][gc,phases      ] GC(344) Post Compact 12.902ms
[118.431s][info][gc,heap        ] GC(344) PSYoungGen: 110080K(270848K)->110080K(270848K) Eden: 110080K(110080K)->110080K(110080K) From: 0K(160768K)->0K(160768K)
[118.431s][info][gc,heap        ] GC(344) ParOldGen: 8191981K(8192000K)->8191981K(8192000K)
[118.431s][info][gc,metaspace   ] GC(344) Metaspace: 6298K(6464K)->6298K(6464K) NonClass: 5764K(5824K)->5764K(5824K) Class: 533K(640K)->533K(640K)
[118.431s][info][gc             ] GC(344) Pause Full (Ergonomics) 8107M->8107M(8264M) 2473.676ms
[118.431s][info][gc,cpu         ] GC(344) User=18.52s Sys=0.02s Real=2.47s
[118.432s][info][gc,start       ] GC(345) Pause Full (Ergonomics)
[118.432s][info][gc,phases,start] GC(345) Marking Phase
[120.327s][info][gc,phases      ] GC(345) Marking Phase 1895.471ms
[120.327s][info][gc,phases,start] GC(345) Summary Phase
[120.327s][info][gc,phases      ] GC(345) Summary Phase 0.127ms
[120.327s][info][gc,phases,start] GC(345) Adjust Roots
[120.328s][info][gc,phases      ] GC(345) Adjust Roots 0.223ms
[120.328s][info][gc,phases,start] GC(345) Compaction Phase
[120.975s][info][gc,phases      ] GC(345) Compaction Phase 647.293ms
[120.975s][info][gc,phases,start] GC(345) Post Compact
[120.987s][info][gc,phases      ] GC(345) Post Compact 12.408ms
[120.987s][info][gc,heap        ] GC(345) PSYoungGen: 110080K(270848K)->110080K(270848K) Eden: 110080K(110080K)->110080K(110080K) From: 0K(160768K)->0K(160768K)
[120.987s][info][gc,heap        ] GC(345) ParOldGen: 8191986K(8192000K)->8191986K(8192000K)
[120.987s][info][gc,metaspace   ] GC(345) Metaspace: 6298K(6464K)->6298K(6464K) NonClass: 5764K(5824K)->5764K(5824K) Class: 533K(640K)->533K(640K)
[120.987s][info][gc             ] GC(345) Pause Full (Ergonomics) 8107M->8107M(8264M) 2555.877ms
[120.987s][info][gc,cpu         ] GC(345) User=18.77s Sys=0.06s Real=2.56s
[120.988s][info][gc,start       ] GC(346) Pause Full (Ergonomics)
[120.988s][info][gc,phases,start] GC(346) Marking Phase
[122.871s][info][gc,phases      ] GC(346) Marking Phase 1882.971ms
[122.871s][info][gc,phases,start] GC(346) Summary Phase
[122.871s][info][gc,phases      ] GC(346) Summary Phase 0.129ms
[122.871s][info][gc,phases,start] GC(346) Adjust Roots
[122.871s][info][gc,phases      ] GC(346) Adjust Roots 0.251ms
[122.871s][info][gc,phases,start] GC(346) Compaction Phase
[123.512s][info][gc,phases      ] GC(346) Compaction Phase 640.872ms
[123.512s][info][gc,phases,start] GC(346) Post Compact
[123.525s][info][gc,phases      ] GC(346) Post Compact 13.037ms
[123.525s][info][gc,heap        ] GC(346) PSYoungGen: 110080K(270848K)->110080K(270848K) Eden: 110080K(110080K)->110080K(110080K) From: 0K(160768K)->0K(160768K)
[123.525s][info][gc,heap        ] GC(346) ParOldGen: 8191991K(8192000K)->8191991K(8192000K)
[123.525s][info][gc,metaspace   ] GC(346) Metaspace: 6298K(6464K)->6298K(6464K) NonClass: 5764K(5824K)->5764K(5824K) Class: 533K(640K)->533K(640K)
[123.525s][info][gc             ] GC(346) Pause Full (Ergonomics) 8107M->8107M(8264M) 2537.668ms
[123.525s][info][gc,cpu         ] GC(346) User=18.66s Sys=0.02s Real=2.54s
[123.526s][info][gc,start       ] GC(347) Pause Full (Ergonomics)
[123.526s][info][gc,phases,start] GC(347) Marking Phase
[125.399s][info][gc,phases      ] GC(347) Marking Phase 1873.376ms
[125.399s][info][gc,phases,start] GC(347) Summary Phase
[125.399s][info][gc,phases      ] GC(347) Summary Phase 0.126ms
[125.399s][info][gc,phases,start] GC(347) Adjust Roots
[125.399s][info][gc,phases      ] GC(347) Adjust Roots 0.338ms
[125.400s][info][gc,phases,start] GC(347) Compaction Phase
[126.100s][info][gc,phases      ] GC(347) Compaction Phase 700.030ms
[126.100s][info][gc,phases,start] GC(347) Post Compact
[126.115s][info][gc,phases      ] GC(347) Post Compact 14.915ms
[126.115s][info][gc,heap        ] GC(347) PSYoungGen: 110080K(270848K)->110080K(270848K) Eden: 110080K(110080K)->110080K(110080K) From: 0K(160768K)->0K(160768K)
[126.115s][info][gc,heap        ] GC(347) ParOldGen: 8191996K(8192000K)->8191996K(8192000K)
[126.115s][info][gc,metaspace   ] GC(347) Metaspace: 6298K(6464K)->6298K(6464K) NonClass: 5764K(5824K)->5764K(5824K) Class: 533K(640K)->533K(640K)
[126.115s][info][gc             ] GC(347) Pause Full (Ergonomics) 8107M->8107M(8264M) 2589.140ms
[126.115s][info][gc,cpu         ] GC(347) User=18.97s Sys=0.03s Real=2.59s
[126.115s][info][gc,start       ] GC(348) Pause Full (Ergonomics)
[126.115s][info][gc,phases,start] GC(348) Marking Phase
[128.056s][info][gc,phases      ] GC(348) Marking Phase 1940.675ms
[128.056s][info][gc,phases,start] GC(348) Summary Phase
[128.056s][info][gc,phases      ] GC(348) Summary Phase 0.096ms
[128.056s][info][gc,phases,start] GC(348) Adjust Roots
[128.056s][info][gc,phases      ] GC(348) Adjust Roots 0.293ms
[128.056s][info][gc,phases,start] GC(348) Compaction Phase
[128.746s][info][gc,phases      ] GC(348) Compaction Phase 689.786ms
[128.746s][info][gc,phases,start] GC(348) Post Compact
[128.759s][info][gc,phases      ] GC(348) Post Compact 13.444ms
[128.759s][info][gc,heap        ] GC(348) PSYoungGen: 110080K(270848K)->110080K(270848K) Eden: 110080K(110080K)->110080K(110080K) From: 0K(160768K)->0K(160768K)
[128.759s][info][gc,heap        ] GC(348) ParOldGen: 8191999K(8192000K)->8191999K(8192000K)
[128.760s][info][gc,metaspace   ] GC(348) Metaspace: 6298K(6464K)->6298K(6464K) NonClass: 5764K(5824K)->5764K(5824K) Class: 533K(640K)->533K(640K)
[128.760s][info][gc             ] GC(348) Pause Full (Ergonomics) 8107M->8107M(8264M) 2644.660ms
[128.760s][info][gc,cpu         ] GC(348) User=19.02s Sys=0.03s Real=2.64s
[128.760s][info][gc,start       ] GC(349) Pause Full (Allocation Failure)
[128.760s][info][gc,phases,start] GC(349) Marking Phase
[130.678s][info][gc,phases      ] GC(349) Marking Phase 1918.233ms
[130.678s][info][gc,phases,start] GC(349) Summary Phase
[130.678s][info][gc,phases      ] GC(349) Summary Phase 0.171ms
[130.678s][info][gc,phases,start] GC(349) Adjust Roots
[130.679s][info][gc,phases      ] GC(349) Adjust Roots 0.594ms
[130.679s][info][gc,phases,start] GC(349) Compaction Phase
[132.745s][info][gc,phases      ] GC(349) Compaction Phase 2066.677ms
[132.746s][info][gc,phases,start] GC(349) Post Compact
[132.760s][info][gc,phases      ] GC(349) Post Compact 14.313ms
[132.760s][info][gc,heap        ] GC(349) PSYoungGen: 110080K(270848K)->110080K(270848K) Eden: 110080K(110080K)->110080K(110080K) From: 0K(160768K)->0K(160768K)
[132.760s][info][gc,heap        ] GC(349) ParOldGen: 8191999K(8192000K)->8191995K(8192000K)
[132.760s][info][gc,metaspace   ] GC(349) Metaspace: 6298K(6464K)->6296K(6464K) NonClass: 5764K(5824K)->5763K(5824K) Class: 533K(640K)->532K(640K)
[132.760s][info][gc             ] GC(349) Pause Full (Allocation Failure) 8107M->8107M(8264M) 4000.507ms
[132.760s][info][gc,cpu         ] GC(349) User=29.38s Sys=0.00s Real=4.00s
[132.761s][info][gc,start       ] GC(350) Pause Full (Ergonomics)
[132.761s][info][gc,phases,start] GC(350) Marking Phase
[134.684s][info][gc,phases      ] GC(350) Marking Phase 1923.427ms
[134.684s][info][gc,phases,start] GC(350) Summary Phase
[134.684s][info][gc,phases      ] GC(350) Summary Phase 0.109ms
[134.684s][info][gc,phases,start] GC(350) Adjust Roots
[134.684s][info][gc,phases      ] GC(350) Adjust Roots 0.189ms
[134.684s][info][gc,phases,start] GC(350) Compaction Phase
[135.345s][info][gc,phases      ] GC(350) Compaction Phase 660.397ms
[135.345s][info][gc,phases,start] GC(350) Post Compact
[135.358s][info][gc,phases      ] GC(350) Post Compact 13.219ms
[135.358s][info][gc,heap        ] GC(350) PSYoungGen: 110080K(270848K)->110080K(270848K) Eden: 110080K(110080K)->110080K(110080K) From: 0K(160768K)->0K(160768K)
[135.358s][info][gc,heap        ] GC(350) ParOldGen: 8191996K(8192000K)->8191996K(8192000K)
[135.358s][info][gc,metaspace   ] GC(350) Metaspace: 6296K(6464K)->6296K(6464K) NonClass: 5763K(5824K)->5763K(5824K) Class: 532K(640K)->532K(640K)
[135.358s][info][gc             ] GC(350) Pause Full (Ergonomics) 8107M->8107M(8264M) 2597.672ms
[135.358s][info][gc,cpu         ] GC(350) User=19.14s Sys=0.00s Real=2.60s
[135.359s][info][gc,start       ] GC(351) Pause Full (Ergonomics)
[135.359s][info][gc,phases,start] GC(351) Marking Phase
[137.275s][info][gc,phases      ] GC(351) Marking Phase 1916.176ms
[137.275s][info][gc,phases,start] GC(351) Summary Phase
[137.275s][info][gc,phases      ] GC(351) Summary Phase 0.100ms
[137.275s][info][gc,phases,start] GC(351) Adjust Roots
[137.275s][info][gc,phases      ] GC(351) Adjust Roots 0.280ms
[137.275s][info][gc,phases,start] GC(351) Compaction Phase
[137.972s][info][gc,phases      ] GC(351) Compaction Phase 696.421ms
[137.972s][info][gc,phases,start] GC(351) Post Compact
[137.985s][info][gc,phases      ] GC(351) Post Compact 12.567ms
[137.985s][info][gc,heap        ] GC(351) PSYoungGen: 110080K(270848K)->110080K(270848K) Eden: 110080K(110080K)->110080K(110080K) From: 0K(160768K)->0K(160768K)
[137.985s][info][gc,heap        ] GC(351) ParOldGen: 8191999K(8192000K)->8191999K(8192000K)
[137.985s][info][gc,metaspace   ] GC(351) Metaspace: 6296K(6464K)->6296K(6464K) NonClass: 5763K(5824K)->5763K(5824K) Class: 532K(640K)->532K(640K)
[137.985s][info][gc             ] GC(351) Pause Full (Ergonomics) 8107M->8107M(8264M) 2625.853ms
[137.985s][info][gc,cpu         ] GC(351) User=19.22s Sys=0.02s Real=2.63s
[137.985s][info][gc,start       ] GC(352) Pause Full (Allocation Failure)
[137.985s][info][gc,phases,start] GC(352) Marking Phase
[139.922s][info][gc,phases      ] GC(352) Marking Phase 1937.081ms
[139.922s][info][gc,phases,start] GC(352) Summary Phase
[139.922s][info][gc,phases      ] GC(352) Summary Phase 0.112ms
[139.922s][info][gc,phases,start] GC(352) Adjust Roots
[139.922s][info][gc,phases      ] GC(352) Adjust Roots 0.262ms
[139.922s][info][gc,phases,start] GC(352) Compaction Phase
[140.630s][info][gc,phases      ] GC(352) Compaction Phase 707.392ms
[140.630s][info][gc,phases,start] GC(352) Post Compact
[140.642s][info][gc,phases      ] GC(352) Post Compact 12.285ms
[140.642s][info][gc,heap        ] GC(352) PSYoungGen: 110080K(270848K)->110080K(270848K) Eden: 110080K(110080K)->110080K(110080K) From: 0K(160768K)->0K(160768K)
[140.642s][info][gc,heap        ] GC(352) ParOldGen: 8191999K(8192000K)->8191999K(8192000K)
[140.642s][info][gc,metaspace   ] GC(352) Metaspace: 6296K(6464K)->6296K(6464K) NonClass: 5763K(5824K)->5763K(5824K) Class: 532K(640K)->532K(640K)
[140.642s][info][gc             ] GC(352) Pause Full (Allocation Failure) 8107M->8107M(8264M) 2657.470ms
[140.642s][info][gc,cpu         ] GC(352) User=19.52s Sys=0.00s Real=2.66s
[140.643s][info][gc,start       ] GC(353) Pause Full (Ergonomics)
[140.643s][info][gc,phases,start] GC(353) Marking Phase
[142.521s][info][gc,phases      ] GC(353) Marking Phase 1878.643ms
[142.521s][info][gc,phases,start] GC(353) Summary Phase
[142.522s][info][gc,phases      ] GC(353) Summary Phase 0.081ms
[142.522s][info][gc,phases,start] GC(353) Adjust Roots
[142.522s][info][gc,phases      ] GC(353) Adjust Roots 0.250ms
[142.522s][info][gc,phases,start] GC(353) Compaction Phase
[144.642s][info][gc,phases      ] GC(353) Compaction Phase 2120.496ms
[144.642s][info][gc,phases,start] GC(353) Post Compact
[144.655s][info][gc,phases      ] GC(353) Post Compact 12.208ms
[144.655s][info][gc,heap        ] GC(353) PSYoungGen: 110080K(270848K)->110080K(270848K) Eden: 110080K(110080K)->110080K(110080K) From: 0K(160768K)->0K(160768K)
[144.655s][info][gc,heap        ] GC(353) ParOldGen: 8192000K(8192000K)->8191998K(8192000K)
[144.655s][info][gc,metaspace   ] GC(353) Metaspace: 6296K(6464K)->6296K(6464K) NonClass: 5763K(5824K)->5763K(5824K) Class: 532K(640K)->532K(640K)
[144.655s][info][gc             ] GC(353) Pause Full (Ergonomics) 8107M->8107M(8264M) 4012.016ms
[144.655s][info][gc,cpu         ] GC(353) User=30.09s Sys=0.02s Real=4.01s
[144.655s][info][gc,start       ] GC(354) Pause Full (Ergonomics)
[144.655s][info][gc,phases,start] GC(354) Marking Phase
[146.572s][info][gc,phases      ] GC(354) Marking Phase 1916.546ms
[146.572s][info][gc,phases,start] GC(354) Summary Phase
[146.572s][info][gc,phases      ] GC(354) Summary Phase 0.079ms
[146.572s][info][gc,phases,start] GC(354) Adjust Roots
[146.572s][info][gc,phases      ] GC(354) Adjust Roots 0.165ms
[146.572s][info][gc,phases,start] GC(354) Compaction Phase
[147.243s][info][gc,phases      ] GC(354) Compaction Phase 670.837ms
[147.243s][info][gc,phases,start] GC(354) Post Compact
[147.255s][info][gc,phases      ] GC(354) Post Compact 12.190ms
[147.255s][info][gc,heap        ] GC(354) PSYoungGen: 110080K(270848K)->110080K(270848K) Eden: 110080K(110080K)->110080K(110080K) From: 0K(160768K)->0K(160768K)
[147.255s][info][gc,heap        ] GC(354) ParOldGen: 8191999K(8192000K)->8191998K(8192000K)
[147.255s][info][gc,metaspace   ] GC(354) Metaspace: 6296K(6464K)->6296K(6464K) NonClass: 5763K(5824K)->5763K(5824K) Class: 532K(640K)->532K(640K)
[147.255s][info][gc             ] GC(354) Pause Full (Ergonomics) 8107M->8107M(8264M) 2600.150ms
[147.255s][info][gc,cpu         ] GC(354) User=19.38s Sys=0.03s Real=2.60s
[147.256s][info][gc,start       ] GC(355) Pause Full (Ergonomics)
[147.256s][info][gc,phases,start] GC(355) Marking Phase
[149.195s][info][gc,phases      ] GC(355) Marking Phase 1938.403ms
[149.195s][info][gc,phases,start] GC(355) Summary Phase
[149.195s][info][gc,phases      ] GC(355) Summary Phase 0.084ms
[149.195s][info][gc,phases,start] GC(355) Adjust Roots
[149.195s][info][gc,phases      ] GC(355) Adjust Roots 0.396ms
[149.195s][info][gc,phases,start] GC(355) Compaction Phase
[151.322s][info][gc,phases      ] GC(355) Compaction Phase 2126.670ms
[151.322s][info][gc,phases,start] GC(355) Post Compact
[151.334s][info][gc,phases      ] GC(355) Post Compact 12.345ms
[151.334s][info][gc,heap        ] GC(355) PSYoungGen: 110080K(270848K)->110080K(270848K) Eden: 110080K(110080K)->110080K(110080K) From: 0K(160768K)->0K(160768K)
[151.334s][info][gc,heap        ] GC(355) ParOldGen: 8191999K(8192000K)->8191997K(8192000K)
[151.334s][info][gc,metaspace   ] GC(355) Metaspace: 6298K(6464K)->6298K(6464K) NonClass: 5764K(5824K)->5764K(5824K) Class: 533K(640K)->533K(640K)
[151.334s][info][gc             ] GC(355) Pause Full (Ergonomics) 8107M->8107M(8264M) 4078.281ms
[151.335s][info][gc,cpu         ] GC(355) User=30.39s Sys=0.02s Real=4.08s
[151.335s][info][gc,heap,exit   ] Heap
[151.335s][info][gc,heap,exit   ]  PSYoungGen      total 270848K, used 110080K [0x0000000706000000, 0x0000000721180000, 0x0000000800000000)
[151.335s][info][gc,heap,exit   ]   eden space 110080K, 100% used [0x0000000706000000,0x000000070cb80000,0x000000070cb80000)
[151.335s][info][gc,heap,exit   ]   from space 160768K, 0% used [0x0000000717480000,0x0000000717480000,0x0000000721180000)
[151.335s][info][gc,heap,exit   ]   to   space 160768K, 0% used [0x000000070cb80000,0x000000070cb80000,0x0000000716880000)
[151.335s][info][gc,heap,exit   ]  ParOldGen       total 8192000K, used 8191997K [0x0000000512000000, 0x0000000706000000, 0x0000000706000000)
[151.335s][info][gc,heap,exit   ]   object space 8192000K, 99% used [0x0000000512000000,0x0000000705fff7d0,0x0000000706000000)
[151.335s][info][gc,heap,exit   ]  Metaspace       used 6301K, committed 6464K, reserved 1114112K
[151.335s][info][gc,heap,exit   ]   class space    used 534K, committed 640K, reserved 1048576K
