[0.013s][info][gc,init] CardTable entry size: 512
[0.013s][info][gc     ] Using Parallel
[0.014s][info][gc,init] Version: 18.0.1+10 (release)
[0.014s][info][gc,init] CPUs: 8 total, 8 available
[0.014s][info][gc,init] Memory: 16063M
[0.014s][info][gc,init] Large Page Support: Disabled
[0.014s][info][gc,init] NUMA Support: Disabled
[0.014s][info][gc,init] Compressed Oops: Enabled (Zero based)
[0.014s][info][gc,init] Alignments: Space 512K, Generation 512K, Heap 2M
[0.014s][info][gc,init] Heap Min Capacity: 2M
[0.014s][info][gc,init] Heap Initial Capacity: 2M
[0.014s][info][gc,init] Heap Max Capacity: 9300M
[0.014s][info][gc,init] Pre-touch: Disabled
[0.014s][info][gc,init] Parallel Workers: 8
[0.015s][info][gc,metaspace] CDS archive(s) not mapped
[0.015s][info][gc,metaspace] Compressed class space mapped at: 0x0000000800000000-0x0000000840000000, reserved size: 1073741824
[0.015s][info][gc,metaspace] Narrow klass base: 0x0000000800000000, Narrow klass shift: 0, Narrow klass range: 0x40000000
[0.108s][info][gc,start    ] GC(0) Pause Young (Allocation Failure)
[0.110s][info][gc,heap     ] GC(0) PSYoungGen: 512K(1024K)->480K(1024K) Eden: 512K(512K)->0K(512K) From: 0K(512K)->480K(512K)
[0.110s][info][gc,heap     ] GC(0) ParOldGen: 0K(512K)->8K(512K)
[0.110s][info][gc,metaspace] GC(0) Metaspace: 4229K(4352K)->4229K(4352K) NonClass: 3908K(3968K)->3908K(3968K) Class: 321K(384K)->321K(384K)
[0.110s][info][gc          ] GC(0) Pause Young (Allocation Failure) 0M->0M(1M) 1.325ms
[0.110s][info][gc,cpu      ] GC(0) User=0.00s Sys=0.00s Real=0.00s
[0.168s][info][gc,start    ] GC(1) Pause Young (Allocation Failure)
[0.168s][info][gc,heap     ] GC(1) PSYoungGen: 991K(1024K)->512K(1536K) Eden: 511K(512K)->0K(1024K) From: 480K(512K)->512K(512K)
[0.168s][info][gc,heap     ] GC(1) ParOldGen: 8K(512K)->88K(512K)
[0.168s][info][gc,metaspace] GC(1) Metaspace: 5882K(6016K)->5882K(6016K) NonClass: 5385K(5504K)->5385K(5504K) Class: 496K(512K)->496K(512K)
[0.168s][info][gc          ] GC(1) Pause Young (Allocation Failure) 0M->0M(2M) 0.887ms
[0.168s][info][gc,cpu      ] GC(1) User=0.00s Sys=0.00s Real=0.00s
[0.187s][info][gc,start    ] GC(2) Pause Young (Allocation Failure)
[0.188s][info][gc,heap     ] GC(2) PSYoungGen: 1536K(1536K)->512K(1536K) Eden: 1024K(1024K)->0K(1024K) From: 512K(512K)->512K(512K)
[0.188s][info][gc,heap     ] GC(2) ParOldGen: 88K(512K)->504K(512K)
[0.188s][info][gc,metaspace] GC(2) Metaspace: 6301K(6528K)->6301K(6528K) NonClass: 5767K(5888K)->5767K(5888K) Class: 533K(640K)->533K(640K)
[0.188s][info][gc          ] GC(2) Pause Young (Allocation Failure) 1M->0M(2M) 1.418ms
[0.188s][info][gc,cpu      ] GC(2) User=0.00s Sys=0.00s Real=0.00s
[0.188s][info][gc,start    ] GC(3) Pause Full (Ergonomics)
[0.188s][info][gc,phases,start] GC(3) Marking Phase
[0.189s][info][gc,phases      ] GC(3) Marking Phase 0.933ms
[0.189s][info][gc,phases,start] GC(3) Summary Phase
[0.189s][info][gc,phases      ] GC(3) Summary Phase 0.014ms
[0.189s][info][gc,phases,start] GC(3) Adjust Roots
[0.190s][info][gc,phases      ] GC(3) Adjust Roots 0.325ms
[0.190s][info][gc,phases,start] GC(3) Compaction Phase
[0.191s][info][gc,phases      ] GC(3) Compaction Phase 1.599ms
[0.191s][info][gc,phases,start] GC(3) Post Compact
[0.191s][info][gc,phases      ] GC(3) Post Compact 0.060ms
[0.191s][info][gc,heap        ] GC(3) PSYoungGen: 512K(1536K)->510K(1536K) Eden: 0K(1024K)->0K(1024K) From: 512K(512K)->510K(512K)
[0.192s][info][gc,heap        ] GC(3) ParOldGen: 504K(512K)->470K(2048K)
[0.192s][info][gc,metaspace   ] GC(3) Metaspace: 6301K(6528K)->6301K(6528K) NonClass: 5767K(5888K)->5767K(5888K) Class: 533K(640K)->533K(640K)
[0.192s][info][gc             ] GC(3) Pause Full (Ergonomics) 0M->0M(3M) 3.117ms
[0.192s][info][gc,cpu         ] GC(3) User=0.00s Sys=0.00s Real=0.00s
[0.193s][info][gc,start       ] GC(4) Pause Young (Allocation Failure)
[0.194s][info][gc,heap        ] GC(4) PSYoungGen: 1534K(1536K)->480K(2560K) Eden: 1024K(1024K)->0K(2048K) From: 510K(512K)->480K(512K)
[0.194s][info][gc,heap        ] GC(4) ParOldGen: 470K(2048K)->1030K(2048K)
[0.194s][info][gc,metaspace   ] GC(4) Metaspace: 6301K(6528K)->6301K(6528K) NonClass: 5767K(5888K)->5767K(5888K) Class: 533K(640K)->533K(640K)
[0.194s][info][gc             ] GC(4) Pause Young (Allocation Failure) 1M->1M(4M) 1.450ms
[0.195s][info][gc,cpu         ] GC(4) User=0.00s Sys=0.00s Real=0.00s
[0.197s][info][gc,start       ] GC(5) Pause Young (Allocation Failure)
[0.199s][info][gc,heap        ] GC(5) PSYoungGen: 2528K(2560K)->480K(2560K) Eden: 2048K(2048K)->0K(2048K) From: 480K(512K)->480K(512K)
[0.199s][info][gc,heap        ] GC(5) ParOldGen: 1030K(2048K)->2102K(2560K)
[0.199s][info][gc,metaspace   ] GC(5) Metaspace: 6301K(6528K)->6301K(6528K) NonClass: 5767K(5888K)->5767K(5888K) Class: 533K(640K)->533K(640K)
[0.199s][info][gc             ] GC(5) Pause Young (Allocation Failure) 3M->2M(5M) 1.677ms
[0.199s][info][gc,cpu         ] GC(5) User=0.00s Sys=0.00s Real=0.00s
[0.199s][info][gc,start       ] GC(6) Pause Full (Ergonomics)
[0.199s][info][gc,phases,start] GC(6) Marking Phase
[0.201s][info][gc,phases      ] GC(6) Marking Phase 1.631ms
[0.201s][info][gc,phases,start] GC(6) Summary Phase
[0.201s][info][gc,phases      ] GC(6) Summary Phase 0.017ms
[0.201s][info][gc,phases,start] GC(6) Adjust Roots
[0.201s][info][gc,phases      ] GC(6) Adjust Roots 0.344ms
[0.201s][info][gc,phases,start] GC(6) Compaction Phase
[0.203s][info][gc,phases      ] GC(6) Compaction Phase 2.149ms
[0.203s][info][gc,phases,start] GC(6) Post Compact
[0.203s][info][gc,phases      ] GC(6) Post Compact 0.030ms
[0.203s][info][gc,heap        ] GC(6) PSYoungGen: 480K(2560K)->0K(4096K) Eden: 0K(2048K)->0K(3072K) From: 480K(512K)->0K(1024K)
[0.203s][info][gc,heap        ] GC(6) ParOldGen: 2102K(2560K)->2542K(6144K)
[0.203s][info][gc,metaspace   ] GC(6) Metaspace: 6301K(6528K)->6301K(6528K) NonClass: 5767K(5888K)->5767K(5888K) Class: 533K(640K)->533K(640K)
[0.203s][info][gc             ] GC(6) Pause Full (Ergonomics) 2M->2M(10M) 4.508ms
[0.203s][info][gc,cpu         ] GC(6) User=0.00s Sys=0.00s Real=0.00s
[0.208s][info][gc,start       ] GC(7) Pause Young (Allocation Failure)
[0.210s][info][gc,heap        ] GC(7) PSYoungGen: 3072K(4096K)->1696K(5120K) Eden: 3072K(3072K)->0K(3072K) From: 0K(1024K)->1696K(2048K)
[0.210s][info][gc,heap        ] GC(7) ParOldGen: 2542K(6144K)->2542K(6144K)
[0.210s][info][gc,metaspace   ] GC(7) Metaspace: 6301K(6528K)->6301K(6528K) NonClass: 5767K(5888K)->5767K(5888K) Class: 533K(640K)->533K(640K)
[0.210s][info][gc             ] GC(7) Pause Young (Allocation Failure) 5M->4M(11M) 1.995ms
[0.210s][info][gc,cpu         ] GC(7) User=0.00s Sys=0.00s Real=0.00s
[0.214s][info][gc,start       ] GC(8) Pause Young (Allocation Failure)
[0.217s][info][gc,heap        ] GC(8) PSYoungGen: 4768K(5120K)->2016K(5632K) Eden: 3072K(3072K)->0K(3584K) From: 1696K(2048K)->2016K(2048K)
[0.217s][info][gc,heap        ] GC(8) ParOldGen: 2542K(6144K)->3774K(6144K)
[0.217s][info][gc,metaspace   ] GC(8) Metaspace: 6301K(6528K)->6301K(6528K) NonClass: 5767K(5888K)->5767K(5888K) Class: 533K(640K)->533K(640K)
[0.217s][info][gc             ] GC(8) Pause Young (Allocation Failure) 7M->5M(11M) 3.427ms
[0.217s][info][gc,cpu         ] GC(8) User=0.00s Sys=0.00s Real=0.00s
[0.222s][info][gc,start       ] GC(9) Pause Young (Allocation Failure)
[0.226s][info][gc,heap        ] GC(9) PSYoungGen: 5600K(5632K)->3040K(6656K) Eden: 3584K(3584K)->0K(3584K) From: 2016K(2048K)->3040K(3072K)
[0.226s][info][gc,heap        ] GC(9) ParOldGen: 3774K(6144K)->4606K(6144K)
[0.226s][info][gc,metaspace   ] GC(9) Metaspace: 6301K(6528K)->6301K(6528K) NonClass: 5767K(5888K)->5767K(5888K) Class: 533K(640K)->533K(640K)
[0.226s][info][gc             ] GC(9) Pause Young (Allocation Failure) 9M->7M(12M) 3.509ms
[0.226s][info][gc,cpu         ] GC(9) User=0.00s Sys=0.00s Real=0.00s
[0.230s][info][gc,start       ] GC(10) Pause Young (Allocation Failure)
[0.235s][info][gc,heap        ] GC(10) PSYoungGen: 6624K(6656K)->4064K(9216K) Eden: 3584K(3584K)->0K(5120K) From: 3040K(3072K)->4064K(4096K)
[0.235s][info][gc,heap        ] GC(10) ParOldGen: 4606K(6144K)->5446K(6144K)
[0.235s][info][gc,metaspace   ] GC(10) Metaspace: 6301K(6528K)->6301K(6528K) NonClass: 5767K(5888K)->5767K(5888K) Class: 533K(640K)->533K(640K)
[0.235s][info][gc             ] GC(10) Pause Young (Allocation Failure) 10M->9M(15M) 4.481ms
[0.235s][info][gc,cpu         ] GC(10) User=0.00s Sys=0.00s Real=0.00s
[0.235s][info][gc,start       ] GC(11) Pause Full (Ergonomics)
[0.235s][info][gc,phases,start] GC(11) Marking Phase
[0.239s][info][gc,phases      ] GC(11) Marking Phase 4.279ms
[0.239s][info][gc,phases,start] GC(11) Summary Phase
[0.239s][info][gc,phases      ] GC(11) Summary Phase 0.016ms
[0.239s][info][gc,phases,start] GC(11) Adjust Roots
[0.240s][info][gc,phases      ] GC(11) Adjust Roots 0.444ms
[0.240s][info][gc,phases,start] GC(11) Compaction Phase
[0.247s][info][gc,phases      ] GC(11) Compaction Phase 6.792ms
[0.247s][info][gc,phases,start] GC(11) Post Compact
[0.247s][info][gc,phases      ] GC(11) Post Compact 0.050ms
[0.247s][info][gc,heap        ] GC(11) PSYoungGen: 4064K(9216K)->3545K(9216K) Eden: 0K(5120K)->0K(5120K) From: 4064K(4096K)->3545K(4096K)
[0.247s][info][gc,heap        ] GC(11) ParOldGen: 5446K(6144K)->5831K(10752K)
[0.247s][info][gc,metaspace   ] GC(11) Metaspace: 6301K(6528K)->6301K(6528K) NonClass: 5767K(5888K)->5767K(5888K) Class: 533K(640K)->533K(640K)
[0.247s][info][gc             ] GC(11) Pause Full (Ergonomics) 9M->9M(19M) 11.926ms
[0.247s][info][gc,cpu         ] GC(11) User=0.00s Sys=0.00s Real=0.01s
[0.253s][info][gc,start       ] GC(12) Pause Young (Allocation Failure)
[0.258s][info][gc,heap        ] GC(12) PSYoungGen: 8665K(9216K)->5088K(10240K) Eden: 5120K(5120K)->0K(5120K) From: 3545K(4096K)->5088K(5120K)
[0.258s][info][gc,heap        ] GC(12) ParOldGen: 5831K(10752K)->6951K(10752K)
[0.258s][info][gc,metaspace   ] GC(12) Metaspace: 6301K(6528K)->6301K(6528K) NonClass: 5767K(5888K)->5767K(5888K) Class: 533K(640K)->533K(640K)
[0.258s][info][gc             ] GC(12) Pause Young (Allocation Failure) 14M->11M(20M) 4.843ms
[0.258s][info][gc,cpu         ] GC(12) User=0.00s Sys=0.00s Real=0.01s
[0.262s][info][gc,start       ] GC(13) Pause Young (Allocation Failure)
[0.268s][info][gc,heap        ] GC(13) PSYoungGen: 10208K(10240K)->6464K(12800K) Eden: 5120K(5120K)->0K(6144K) From: 5088K(5120K)->6464K(6656K)
[0.268s][info][gc,heap        ] GC(13) ParOldGen: 6951K(10752K)->8239K(10752K)
[0.268s][info][gc,metaspace   ] GC(13) Metaspace: 6302K(6528K)->6302K(6528K) NonClass: 5769K(5888K)->5769K(5888K) Class: 533K(640K)->533K(640K)
[0.268s][info][gc             ] GC(13) Pause Young (Allocation Failure) 16M->14M(23M) 5.804ms
[0.268s][info][gc,cpu         ] GC(13) User=0.00s Sys=0.00s Real=0.01s
[0.272s][info][gc,start       ] GC(14) Pause Young (Allocation Failure)
[0.278s][info][gc,heap        ] GC(14) PSYoungGen: 12608K(12800K)->5792K(13824K) Eden: 6144K(6144K)->0K(6144K) From: 6464K(6656K)->5792K(7680K)
[0.278s][info][gc,heap        ] GC(14) ParOldGen: 8239K(10752K)->12119K(12288K)
[0.278s][info][gc,metaspace   ] GC(14) Metaspace: 6302K(6528K)->6302K(6528K) NonClass: 5769K(5888K)->5769K(5888K) Class: 533K(640K)->533K(640K)
[0.278s][info][gc             ] GC(14) Pause Young (Allocation Failure) 20M->17M(25M) 6.003ms
[0.278s][info][gc,cpu         ] GC(14) User=0.00s Sys=0.00s Real=0.01s
[0.278s][info][gc,start       ] GC(15) Pause Full (Ergonomics)
[0.278s][info][gc,phases,start] GC(15) Marking Phase
[0.287s][info][gc,phases      ] GC(15) Marking Phase 8.050ms
[0.287s][info][gc,phases,start] GC(15) Summary Phase
[0.287s][info][gc,phases      ] GC(15) Summary Phase 0.018ms
[0.287s][info][gc,phases,start] GC(15) Adjust Roots
[0.287s][info][gc,phases      ] GC(15) Adjust Roots 0.194ms
[0.287s][info][gc,phases,start] GC(15) Compaction Phase
[0.294s][info][gc,phases      ] GC(15) Compaction Phase 7.393ms
[0.294s][info][gc,phases,start] GC(15) Post Compact
[0.294s][info][gc,phases      ] GC(15) Post Compact 0.072ms
[0.294s][info][gc,heap        ] GC(15) PSYoungGen: 5792K(13824K)->5758K(13824K) Eden: 0K(6144K)->0K(6144K) From: 5792K(7680K)->5758K(7680K)
[0.295s][info][gc,heap        ] GC(15) ParOldGen: 12119K(12288K)->12006K(18944K)
[0.295s][info][gc,metaspace   ] GC(15) Metaspace: 6302K(6528K)->6302K(6528K) NonClass: 5769K(5888K)->5769K(5888K) Class: 533K(640K)->533K(640K)
[0.295s][info][gc             ] GC(15) Pause Full (Ergonomics) 17M->17M(32M) 16.092ms
[0.295s][info][gc,cpu         ] GC(15) User=0.02s Sys=0.00s Real=0.02s
[0.299s][info][gc,start       ] GC(16) Pause Young (Allocation Failure)
[0.306s][info][gc,heap        ] GC(16) PSYoungGen: 11902K(13824K)->3200K(15872K) Eden: 6144K(6144K)->0K(8704K) From: 5758K(7680K)->3200K(7168K)
[0.306s][info][gc,heap        ] GC(16) ParOldGen: 12006K(18944K)->17862K(18944K)
[0.306s][info][gc,metaspace   ] GC(16) Metaspace: 6302K(6528K)->6302K(6528K) NonClass: 5769K(5888K)->5769K(5888K) Class: 533K(640K)->533K(640K)
[0.306s][info][gc             ] GC(16) Pause Young (Allocation Failure) 23M->20M(34M) 7.206ms
[0.306s][info][gc,cpu         ] GC(16) User=0.02s Sys=0.00s Real=0.01s
[0.306s][info][gc,start       ] GC(17) Pause Full (Ergonomics)
[0.306s][info][gc,phases,start] GC(17) Marking Phase
[0.316s][info][gc,phases      ] GC(17) Marking Phase 9.288ms
[0.316s][info][gc,phases,start] GC(17) Summary Phase
[0.316s][info][gc,phases      ] GC(17) Summary Phase 0.017ms
[0.316s][info][gc,phases,start] GC(17) Adjust Roots
[0.316s][info][gc,phases      ] GC(17) Adjust Roots 0.207ms
[0.316s][info][gc,phases,start] GC(17) Compaction Phase
[0.322s][info][gc,phases      ] GC(17) Compaction Phase 5.801ms
[0.322s][info][gc,phases,start] GC(17) Post Compact
[0.322s][info][gc,phases      ] GC(17) Post Compact 0.128ms
[0.322s][info][gc,heap        ] GC(17) PSYoungGen: 3200K(15872K)->2146K(16384K) Eden: 0K(8704K)->0K(9216K) From: 3200K(7168K)->2146K(7168K)
[0.322s][info][gc,heap        ] GC(17) ParOldGen: 17862K(18944K)->18786K(28672K)
[0.322s][info][gc,metaspace   ] GC(17) Metaspace: 6302K(6528K)->6302K(6528K) NonClass: 5769K(5888K)->5769K(5888K) Class: 533K(640K)->533K(640K)
[0.322s][info][gc             ] GC(17) Pause Full (Ergonomics) 20M->20M(44M) 15.787ms
[0.322s][info][gc,cpu         ] GC(17) User=0.00s Sys=0.00s Real=0.01s
[0.331s][info][gc,start       ] GC(18) Pause Young (Allocation Failure)
[0.337s][info][gc,heap        ] GC(18) PSYoungGen: 11362K(16384K)->5312K(16896K) Eden: 9216K(9216K)->0K(9216K) From: 2146K(7168K)->5312K(7680K)
[0.337s][info][gc,heap        ] GC(18) ParOldGen: 18786K(28672K)->20978K(28672K)
[0.338s][info][gc,metaspace   ] GC(18) Metaspace: 6302K(6528K)->6302K(6528K) NonClass: 5769K(5888K)->5769K(5888K) Class: 533K(640K)->533K(640K)
[0.338s][info][gc             ] GC(18) Pause Young (Allocation Failure) 29M->25M(44M) 6.293ms
[0.338s][info][gc,cpu         ] GC(18) User=0.00s Sys=0.00s Real=0.01s
[0.344s][info][gc,start       ] GC(19) Pause Young (Allocation Failure)
[0.353s][info][gc,heap        ] GC(19) PSYoungGen: 14528K(16896K)->4800K(20480K) Eden: 9216K(9216K)->0K(12288K) From: 5312K(7680K)->4800K(8192K)
[0.353s][info][gc,heap        ] GC(19) ParOldGen: 20978K(28672K)->26306K(28672K)
[0.353s][info][gc,metaspace   ] GC(19) Metaspace: 6302K(6528K)->6302K(6528K) NonClass: 5769K(5888K)->5769K(5888K) Class: 533K(640K)->533K(640K)
[0.353s][info][gc             ] GC(19) Pause Young (Allocation Failure) 34M->30M(48M) 8.705ms
[0.353s][info][gc,cpu         ] GC(19) User=0.02s Sys=0.00s Real=0.01s
[0.353s][info][gc,start       ] GC(20) Pause Full (Ergonomics)
[0.353s][info][gc,phases,start] GC(20) Marking Phase
[0.365s][info][gc,phases      ] GC(20) Marking Phase 12.455ms
[0.365s][info][gc,phases,start] GC(20) Summary Phase
[0.365s][info][gc,phases      ] GC(20) Summary Phase 0.018ms
[0.365s][info][gc,phases,start] GC(20) Adjust Roots
[0.366s][info][gc,phases      ] GC(20) Adjust Roots 0.185ms
[0.366s][info][gc,phases,start] GC(20) Compaction Phase
[0.376s][info][gc,phases      ] GC(20) Compaction Phase 10.568ms
[0.376s][info][gc,phases,start] GC(20) Post Compact
[0.376s][info][gc,phases      ] GC(20) Post Compact 0.138ms
[0.377s][info][gc,heap        ] GC(20) PSYoungGen: 4800K(20480K)->2206K(20480K) Eden: 0K(12288K)->0K(12288K) From: 4800K(8192K)->2206K(8192K)
[0.377s][info][gc,heap        ] GC(20) ParOldGen: 26306K(28672K)->28232K(39936K)
[0.377s][info][gc,metaspace   ] GC(20) Metaspace: 6302K(6528K)->6302K(6528K) NonClass: 5769K(5888K)->5769K(5888K) Class: 533K(640K)->533K(640K)
[0.377s][info][gc             ] GC(20) Pause Full (Ergonomics) 30M->29M(59M) 23.842ms
[0.377s][info][gc,cpu         ] GC(20) User=0.00s Sys=0.00s Real=0.02s
[0.388s][info][gc,start       ] GC(21) Pause Young (Allocation Failure)
[0.401s][info][gc,heap        ] GC(21) PSYoungGen: 14494K(20480K)->8192K(20480K) Eden: 12288K(12288K)->0K(12288K) From: 2206K(8192K)->8192K(8192K)
[0.401s][info][gc,heap        ] GC(21) ParOldGen: 28232K(39936K)->33816K(39936K)
[0.401s][info][gc,metaspace   ] GC(21) Metaspace: 6302K(6528K)->6302K(6528K) NonClass: 5769K(5888K)->5769K(5888K) Class: 533K(640K)->533K(640K)
[0.401s][info][gc             ] GC(21) Pause Young (Allocation Failure) 41M->41M(59M) 13.162ms
[0.401s][info][gc,cpu         ] GC(21) User=0.02s Sys=0.00s Real=0.01s
[0.401s][info][gc,start       ] GC(22) Pause Full (Ergonomics)
[0.401s][info][gc,phases,start] GC(22) Marking Phase
[0.420s][info][gc,phases      ] GC(22) Marking Phase 18.167ms
[0.420s][info][gc,phases,start] GC(22) Summary Phase
[0.420s][info][gc,phases      ] GC(22) Summary Phase 0.018ms
[0.420s][info][gc,phases,start] GC(22) Adjust Roots
[0.420s][info][gc,phases      ] GC(22) Adjust Roots 0.161ms
[0.420s][info][gc,phases,start] GC(22) Compaction Phase
[0.431s][info][gc,phases      ] GC(22) Compaction Phase 10.761ms
[0.431s][info][gc,phases,start] GC(22) Post Compact
[0.431s][info][gc,phases      ] GC(22) Post Compact 0.239ms
[0.431s][info][gc,heap        ] GC(22) PSYoungGen: 8192K(20480K)->2044K(20480K) Eden: 0K(12288K)->0K(12288K) From: 8192K(8192K)->2044K(8192K)
[0.431s][info][gc,heap        ] GC(22) ParOldGen: 33816K(39936K)->39854K(54272K)
[0.431s][info][gc,metaspace   ] GC(22) Metaspace: 6302K(6528K)->6302K(6528K) NonClass: 5769K(5888K)->5769K(5888K) Class: 533K(640K)->533K(640K)
[0.431s][info][gc             ] GC(22) Pause Full (Ergonomics) 41M->40M(73M) 29.743ms
[0.431s][info][gc,cpu         ] GC(22) User=0.03s Sys=0.00s Real=0.03s
[0.448s][info][gc,start       ] GC(23) Pause Young (Allocation Failure)
[0.461s][info][gc,heap        ] GC(23) PSYoungGen: 14332K(20480K)->11744K(24064K) Eden: 12288K(12288K)->0K(12288K) From: 2044K(8192K)->11744K(11776K)
[0.461s][info][gc,heap        ] GC(23) ParOldGen: 39854K(54272K)->42486K(54272K)
[0.461s][info][gc,metaspace   ] GC(23) Metaspace: 6302K(6528K)->6302K(6528K) NonClass: 5769K(5888K)->5769K(5888K) Class: 533K(640K)->533K(640K)
[0.461s][info][gc             ] GC(23) Pause Young (Allocation Failure) 52M->52M(76M) 13.221ms
[0.461s][info][gc,cpu         ] GC(23) User=0.00s Sys=0.00s Real=0.01s
[0.474s][info][gc,start       ] GC(24) Pause Young (Allocation Failure)
[0.490s][info][gc,heap        ] GC(24) PSYoungGen: 24032K(24064K)->12288K(26624K) Eden: 12288K(12288K)->0K(12288K) From: 11744K(11776K)->12288K(14336K)
[0.490s][info][gc,heap        ] GC(24) ParOldGen: 42486K(54272K)->54374K(54784K)
[0.490s][info][gc,metaspace   ] GC(24) Metaspace: 6302K(6528K)->6302K(6528K) NonClass: 5769K(5888K)->5769K(5888K) Class: 533K(640K)->533K(640K)
[0.490s][info][gc             ] GC(24) Pause Young (Allocation Failure) 64M->65M(79M) 15.953ms
[0.490s][info][gc,cpu         ] GC(24) User=0.02s Sys=0.00s Real=0.02s
[0.490s][info][gc,start       ] GC(25) Pause Full (Ergonomics)
[0.490s][info][gc,phases,start] GC(25) Marking Phase
[0.518s][info][gc,phases      ] GC(25) Marking Phase 27.764ms
[0.518s][info][gc,phases,start] GC(25) Summary Phase
[0.518s][info][gc,phases      ] GC(25) Summary Phase 0.014ms
[0.518s][info][gc,phases,start] GC(25) Adjust Roots
[0.518s][info][gc,phases      ] GC(25) Adjust Roots 0.180ms
[0.518s][info][gc,phases,start] GC(25) Compaction Phase
[0.542s][info][gc,phases      ] GC(25) Compaction Phase 23.653ms
[0.542s][info][gc,phases,start] GC(25) Post Compact
[0.542s][info][gc,phases      ] GC(25) Post Compact 0.244ms
[0.542s][info][gc,heap        ] GC(25) PSYoungGen: 12288K(26624K)->10723K(26624K) Eden: 0K(12288K)->0K(12288K) From: 12288K(14336K)->10723K(14336K)
[0.542s][info][gc,heap        ] GC(25) ParOldGen: 54374K(54784K)->54669K(73728K)
[0.542s][info][gc,metaspace   ] GC(25) Metaspace: 6302K(6528K)->6302K(6528K) NonClass: 5769K(5888K)->5769K(5888K) Class: 533K(640K)->533K(640K)
[0.542s][info][gc             ] GC(25) Pause Full (Ergonomics) 65M->63M(98M) 52.221ms
[0.543s][info][gc,cpu         ] GC(25) User=0.06s Sys=0.00s Real=0.05s
[0.556s][info][gc,start       ] GC(26) Pause Young (Allocation Failure)
[0.576s][info][gc,heap        ] GC(26) PSYoungGen: 23011K(26624K)->12288K(30208K) Eden: 12288K(12288K)->0K(13824K) From: 10723K(14336K)->12288K(16384K)
[0.576s][info][gc,heap        ] GC(26) ParOldGen: 54669K(73728K)->65565K(73728K)
[0.576s][info][gc,metaspace   ] GC(26) Metaspace: 6302K(6528K)->6302K(6528K) NonClass: 5769K(5888K)->5769K(5888K) Class: 533K(640K)->533K(640K)
[0.576s][info][gc             ] GC(26) Pause Young (Allocation Failure) 75M->76M(101M) 19.744ms
[0.576s][info][gc,cpu         ] GC(26) User=0.00s Sys=0.03s Real=0.02s
[0.576s][info][gc,start       ] GC(27) Pause Full (Ergonomics)
[0.576s][info][gc,phases,start] GC(27) Marking Phase
[0.608s][info][gc,phases      ] GC(27) Marking Phase 31.526ms
[0.608s][info][gc,phases,start] GC(27) Summary Phase
[0.608s][info][gc,phases      ] GC(27) Summary Phase 0.020ms
[0.608s][info][gc,phases,start] GC(27) Adjust Roots
[0.608s][info][gc,phases      ] GC(27) Adjust Roots 0.196ms
[0.608s][info][gc,phases,start] GC(27) Compaction Phase
[0.626s][info][gc,phases      ] GC(27) Compaction Phase 18.178ms
[0.626s][info][gc,phases,start] GC(27) Post Compact
[0.627s][info][gc,phases      ] GC(27) Post Compact 0.328ms
[0.627s][info][gc,heap        ] GC(27) PSYoungGen: 12288K(30208K)->4082K(30208K) Eden: 0K(13824K)->0K(13824K) From: 12288K(16384K)->4082K(16384K)
[0.627s][info][gc,heap        ] GC(27) ParOldGen: 65565K(73728K)->73568K(96256K)
[0.627s][info][gc,metaspace   ] GC(27) Metaspace: 6302K(6528K)->6302K(6528K) NonClass: 5769K(5888K)->5769K(5888K) Class: 533K(640K)->533K(640K)
[0.627s][info][gc             ] GC(27) Pause Full (Ergonomics) 76M->75M(123M) 50.653ms
[0.627s][info][gc,cpu         ] GC(27) User=0.06s Sys=0.00s Real=0.05s
[0.639s][info][gc,start       ] GC(28) Pause Young (Allocation Failure)
[0.656s][info][gc,heap        ] GC(28) PSYoungGen: 15390K(30208K)->15200K(31232K) Eden: 11307K(13824K)->0K(13824K) From: 4082K(16384K)->15200K(17408K)
[0.656s][info][gc,heap        ] GC(28) ParOldGen: 73568K(96256K)->73568K(96256K)
[0.656s][info][gc,metaspace   ] GC(28) Metaspace: 6302K(6528K)->6302K(6528K) NonClass: 5769K(5888K)->5769K(5888K) Class: 533K(640K)->533K(640K)
[0.656s][info][gc             ] GC(28) Pause Young (Allocation Failure) 86M->86M(124M) 17.022ms
[0.656s][info][gc,cpu         ] GC(28) User=0.03s Sys=0.00s Real=0.02s
[0.676s][info][gc,start       ] GC(29) Pause Young (Allocation Failure)
[0.697s][info][gc,heap        ] GC(29) PSYoungGen: 29024K(31232K)->19424K(29184K) Eden: 13824K(13824K)->0K(9728K) From: 15200K(17408K)->19424K(19456K)
[0.697s][info][gc,heap        ] GC(29) ParOldGen: 73568K(96256K)->83296K(96256K)
[0.697s][info][gc,metaspace   ] GC(29) Metaspace: 6302K(6528K)->6302K(6528K) NonClass: 5769K(5888K)->5769K(5888K) Class: 533K(640K)->533K(640K)
[0.697s][info][gc             ] GC(29) Pause Young (Allocation Failure) 100M->100M(122M) 21.611ms
[0.697s][info][gc,cpu         ] GC(29) User=0.03s Sys=0.00s Real=0.02s
[0.706s][info][gc,start       ] GC(30) Pause Young (Allocation Failure)
[0.723s][info][gc,heap        ] GC(30) PSYoungGen: 29152K(29184K)->18624K(35840K) Eden: 9728K(9728K)->0K(9728K) From: 19424K(19456K)->18624K(26112K)
[0.723s][info][gc,heap        ] GC(30) ParOldGen: 83296K(96256K)->94000K(96256K)
[0.723s][info][gc,metaspace   ] GC(30) Metaspace: 6302K(6528K)->6302K(6528K) NonClass: 5769K(5888K)->5769K(5888K) Class: 533K(640K)->533K(640K)
[0.723s][info][gc             ] GC(30) Pause Young (Allocation Failure) 109M->109M(129M) 16.857ms
[0.723s][info][gc,cpu         ] GC(30) User=0.03s Sys=0.00s Real=0.02s
[0.723s][info][gc,start       ] GC(31) Pause Full (Ergonomics)
[0.723s][info][gc,phases,start] GC(31) Marking Phase
[0.754s][info][gc,phases      ] GC(31) Marking Phase 30.648ms
[0.754s][info][gc,phases,start] GC(31) Summary Phase
[0.754s][info][gc,phases      ] GC(31) Summary Phase 0.017ms
[0.754s][info][gc,phases,start] GC(31) Adjust Roots
[0.754s][info][gc,phases      ] GC(31) Adjust Roots 0.167ms
[0.754s][info][gc,phases,start] GC(31) Compaction Phase
[0.781s][info][gc,phases      ] GC(31) Compaction Phase 26.416ms
[0.781s][info][gc,phases,start] GC(31) Post Compact
[0.781s][info][gc,phases      ] GC(31) Post Compact 0.389ms
[0.781s][info][gc,heap        ] GC(31) PSYoungGen: 18624K(35840K)->13955K(35840K) Eden: 0K(9728K)->0K(9728K) From: 18624K(26112K)->13955K(26112K)
[0.781s][info][gc,heap        ] GC(31) ParOldGen: 94000K(96256K)->96225K(123392K)
[0.781s][info][gc,metaspace   ] GC(31) Metaspace: 6302K(6528K)->6302K(6528K) NonClass: 5769K(5888K)->5769K(5888K) Class: 533K(640K)->533K(640K)
[0.781s][info][gc             ] GC(31) Pause Full (Ergonomics) 109M->107M(155M) 58.029ms
[0.781s][info][gc,cpu         ] GC(31) User=0.11s Sys=0.00s Real=0.06s
[0.791s][info][gc,start       ] GC(32) Pause Young (Allocation Failure)
[0.808s][info][gc,heap        ] GC(32) PSYoungGen: 23683K(35840K)->19232K(38912K) Eden: 9728K(9728K)->0K(10752K) From: 13955K(26112K)->19232K(28160K)
[0.808s][info][gc,heap        ] GC(32) ParOldGen: 96225K(123392K)->100809K(123392K)
[0.808s][info][gc,metaspace   ] GC(32) Metaspace: 6302K(6528K)->6302K(6528K) NonClass: 5769K(5888K)->5769K(5888K) Class: 533K(640K)->533K(640K)
[0.808s][info][gc             ] GC(32) Pause Young (Allocation Failure) 117M->117M(158M) 17.293ms
[0.808s][info][gc,cpu         ] GC(32) User=0.05s Sys=0.00s Real=0.02s
[0.819s][info][gc,start       ] GC(33) Pause Young (Allocation Failure)
[0.834s][info][gc,heap        ] GC(33) PSYoungGen: 29984K(38912K)->29184K(39936K) Eden: 10752K(10752K)->0K(10752K) From: 19232K(28160K)->29184K(29184K)
[0.834s][info][gc,heap        ] GC(33) ParOldGen: 100809K(123392K)->101585K(123392K)
[0.834s][info][gc,metaspace   ] GC(33) Metaspace: 6302K(6528K)->6302K(6528K) NonClass: 5769K(5888K)->5769K(5888K) Class: 533K(640K)->533K(640K)
[0.834s][info][gc             ] GC(33) Pause Young (Allocation Failure) 127M->127M(159M) 15.562ms
[0.834s][info][gc,cpu         ] GC(33) User=0.02s Sys=0.00s Real=0.02s
[0.845s][info][gc,start       ] GC(34) Pause Young (Allocation Failure)
[0.870s][info][gc,heap        ] GC(34) PSYoungGen: 39936K(39936K)->21440K(46592K) Eden: 10752K(10752K)->0K(12288K) From: 29184K(29184K)->21440K(34304K)
[0.870s][info][gc,heap        ] GC(34) ParOldGen: 101585K(123392K)->120385K(123392K)
[0.870s][info][gc,metaspace   ] GC(34) Metaspace: 6302K(6528K)->6302K(6528K) NonClass: 5769K(5888K)->5769K(5888K) Class: 533K(640K)->533K(640K)
[0.870s][info][gc             ] GC(34) Pause Young (Allocation Failure) 138M->138M(166M) 24.559ms
[0.870s][info][gc,cpu         ] GC(34) User=0.05s Sys=0.02s Real=0.02s
[0.870s][info][gc,start       ] GC(35) Pause Full (Ergonomics)
[0.870s][info][gc,phases,start] GC(35) Marking Phase
[0.921s][info][gc,phases      ] GC(35) Marking Phase 51.189ms
[0.921s][info][gc,phases,start] GC(35) Summary Phase
[0.921s][info][gc,phases      ] GC(35) Summary Phase 0.018ms
[0.921s][info][gc,phases,start] GC(35) Adjust Roots
[0.921s][info][gc,phases      ] GC(35) Adjust Roots 0.188ms
[0.921s][info][gc,phases,start] GC(35) Compaction Phase
[0.946s][info][gc,phases      ] GC(35) Compaction Phase 24.194ms
[0.946s][info][gc,phases,start] GC(35) Post Compact
[0.946s][info][gc,phases      ] GC(35) Post Compact 0.611ms
[0.947s][info][gc,heap        ] GC(35) PSYoungGen: 21440K(46592K)->18282K(46592K) Eden: 0K(12288K)->0K(12288K) From: 21440K(34304K)->18282K(34304K)
[0.947s][info][gc,heap        ] GC(35) ParOldGen: 120385K(123392K)->123037K(155136K)
[0.947s][info][gc,metaspace   ] GC(35) Metaspace: 6302K(6528K)->6302K(6528K) NonClass: 5769K(5888K)->5769K(5888K) Class: 533K(640K)->533K(640K)
[0.947s][info][gc             ] GC(35) Pause Full (Ergonomics) 138M->138M(197M) 76.670ms
[0.947s][info][gc,cpu         ] GC(35) User=0.16s Sys=0.00s Real=0.08s
[0.959s][info][gc,start       ] GC(36) Pause Young (Allocation Failure)
[0.982s][info][gc,heap        ] GC(36) PSYoungGen: 30570K(46592K)->12320K(47616K) Eden: 12288K(12288K)->0K(12288K) From: 18282K(34304K)->12320K(35328K)
[0.982s][info][gc,heap        ] GC(36) ParOldGen: 123037K(155136K)->141621K(155136K)
[0.982s][info][gc,metaspace   ] GC(36) Metaspace: 6302K(6528K)->6302K(6528K) NonClass: 5769K(5888K)->5769K(5888K) Class: 533K(640K)->533K(640K)
[0.982s][info][gc             ] GC(36) Pause Young (Allocation Failure) 150M->150M(198M) 23.598ms
[0.982s][info][gc,cpu         ] GC(36) User=0.06s Sys=0.00s Real=0.02s
[0.983s][info][gc,start       ] GC(37) Pause Full (Ergonomics)
[0.983s][info][gc,phases,start] GC(37) Marking Phase
[1.028s][info][gc,phases      ] GC(37) Marking Phase 45.415ms
[1.028s][info][gc,phases,start] GC(37) Summary Phase
[1.028s][info][gc,phases      ] GC(37) Summary Phase 0.021ms
[1.028s][info][gc,phases,start] GC(37) Adjust Roots
[1.028s][info][gc,phases      ] GC(37) Adjust Roots 0.188ms
[1.028s][info][gc,phases,start] GC(37) Compaction Phase
[1.050s][info][gc,phases      ] GC(37) Compaction Phase 21.713ms
[1.050s][info][gc,phases,start] GC(37) Post Compact
[1.051s][info][gc,phases      ] GC(37) Post Compact 0.920ms
[1.051s][info][gc,heap        ] GC(37) PSYoungGen: 12320K(47616K)->0K(48128K) Eden: 0K(12288K)->0K(14336K) From: 12320K(35328K)->0K(33792K)
[1.051s][info][gc,heap        ] GC(37) ParOldGen: 141621K(155136K)->153573K(191488K)
[1.051s][info][gc,metaspace   ] GC(37) Metaspace: 6302K(6528K)->6302K(6528K) NonClass: 5769K(5888K)->5769K(5888K) Class: 533K(640K)->533K(640K)
[1.051s][info][gc             ] GC(37) Pause Full (Ergonomics) 150M->149M(234M) 68.790ms
[1.051s][info][gc,cpu         ] GC(37) User=0.19s Sys=0.00s Real=0.07s
[1.065s][info][gc,start       ] GC(38) Pause Young (Allocation Failure)
[1.074s][info][gc,heap        ] GC(38) PSYoungGen: 14336K(48128K)->14432K(48128K) Eden: 14336K(14336K)->0K(14336K) From: 0K(33792K)->14432K(33792K)
[1.074s][info][gc,heap        ] GC(38) ParOldGen: 153573K(191488K)->153573K(191488K)
[1.074s][info][gc,metaspace   ] GC(38) Metaspace: 6302K(6528K)->6302K(6528K) NonClass: 5769K(5888K)->5769K(5888K) Class: 533K(640K)->533K(640K)
[1.074s][info][gc             ] GC(38) Pause Young (Allocation Failure) 163M->164M(234M) 8.910ms
[1.074s][info][gc,cpu         ] GC(38) User=0.02s Sys=0.00s Real=0.01s
[1.118s][info][gc,start       ] GC(39) Pause Young (Allocation Failure)
[1.136s][info][gc,heap        ] GC(39) PSYoungGen: 28768K(48128K)->28768K(44544K) Eden: 14336K(14336K)->0K(12800K) From: 14432K(33792K)->28768K(31744K)
[1.136s][info][gc,heap        ] GC(39) ParOldGen: 161765K(191488K)->161765K(191488K)
[1.136s][info][gc,metaspace   ] GC(39) Metaspace: 6302K(6528K)->6302K(6528K) NonClass: 5769K(5888K)->5769K(5888K) Class: 533K(640K)->533K(640K)
[1.136s][info][gc             ] GC(39) Pause Young (Allocation Failure) 186M->186M(230M) 18.533ms
[1.136s][info][gc,cpu         ] GC(39) User=0.05s Sys=0.00s Real=0.02s
[1.149s][info][gc,start       ] GC(40) Pause Young (Allocation Failure)
[1.169s][info][gc,heap        ] GC(40) PSYoungGen: 41568K(44544K)->35328K(48128K) Eden: 12800K(12800K)->0K(12800K) From: 28768K(31744K)->35328K(35328K)
[1.169s][info][gc,heap        ] GC(40) ParOldGen: 161765K(191488K)->167997K(191488K)
[1.169s][info][gc,metaspace   ] GC(40) Metaspace: 6302K(6528K)->6302K(6528K) NonClass: 5769K(5888K)->5769K(5888K) Class: 533K(640K)->533K(640K)
[1.169s][info][gc             ] GC(40) Pause Young (Allocation Failure) 198M->198M(234M) 19.915ms
[1.169s][info][gc,cpu         ] GC(40) User=0.08s Sys=0.00s Real=0.02s
[1.182s][info][gc,start       ] GC(41) Pause Young (Allocation Failure)
[1.207s][info][gc,heap        ] GC(41) PSYoungGen: 48128K(48128K)->23552K(56832K) Eden: 12800K(12800K)->0K(14848K) From: 35328K(35328K)->23552K(41984K)
[1.207s][info][gc,heap        ] GC(41) ParOldGen: 167997K(191488K)->193013K(193024K)
[1.207s][info][gc,metaspace   ] GC(41) Metaspace: 6302K(6528K)->6302K(6528K) NonClass: 5769K(5888K)->5769K(5888K) Class: 533K(640K)->533K(640K)
[1.207s][info][gc             ] GC(41) Pause Young (Allocation Failure) 211M->211M(244M) 25.074ms
[1.207s][info][gc,cpu         ] GC(41) User=0.08s Sys=0.00s Real=0.03s
[1.207s][info][gc,start       ] GC(42) Pause Full (Ergonomics)
[1.207s][info][gc,phases,start] GC(42) Marking Phase
[1.259s][info][gc,phases      ] GC(42) Marking Phase 52.438ms
[1.260s][info][gc,phases,start] GC(42) Summary Phase
[1.260s][info][gc,phases      ] GC(42) Summary Phase 0.017ms
[1.260s][info][gc,phases,start] GC(42) Adjust Roots
[1.260s][info][gc,phases      ] GC(42) Adjust Roots 0.152ms
[1.260s][info][gc,phases,start] GC(42) Compaction Phase
[1.300s][info][gc,phases      ] GC(42) Compaction Phase 40.124ms
[1.300s][info][gc,phases,start] GC(42) Post Compact
[1.301s][info][gc,phases      ] GC(42) Post Compact 0.972ms
[1.301s][info][gc,heap        ] GC(42) PSYoungGen: 23552K(56832K)->18797K(57344K) Eden: 0K(14848K)->0K(15360K) From: 23552K(41984K)->18797K(41984K)
[1.301s][info][gc,heap        ] GC(42) ParOldGen: 193013K(193024K)->193020K(236032K)
[1.301s][info][gc,metaspace   ] GC(42) Metaspace: 6302K(6528K)->6302K(6528K) NonClass: 5769K(5888K)->5769K(5888K) Class: 533K(640K)->533K(640K)
[1.301s][info][gc             ] GC(42) Pause Full (Ergonomics) 211M->206M(286M) 94.224ms
[1.301s][info][gc,cpu         ] GC(42) User=0.30s Sys=0.00s Real=0.09s
[1.319s][info][gc,start       ] GC(43) Pause Young (Allocation Failure)
[1.344s][info][gc,heap        ] GC(43) PSYoungGen: 34157K(57344K)->26048K(57856K) Eden: 15360K(15360K)->0K(15360K) From: 18797K(41984K)->26048K(42496K)
[1.345s][info][gc,heap        ] GC(43) ParOldGen: 193020K(236032K)->201380K(236032K)
[1.345s][info][gc,metaspace   ] GC(43) Metaspace: 6302K(6528K)->6302K(6528K) NonClass: 5769K(5888K)->5769K(5888K) Class: 533K(640K)->533K(640K)
[1.345s][info][gc             ] GC(43) Pause Young (Allocation Failure) 221M->222M(287M) 25.733ms
[1.345s][info][gc,cpu         ] GC(43) User=0.08s Sys=0.02s Real=0.02s
[1.364s][info][gc,start       ] GC(44) Pause Young (Allocation Failure)
[1.385s][info][gc,heap        ] GC(44) PSYoungGen: 41408K(57856K)->41408K(55296K) Eden: 15360K(15360K)->0K(12288K) From: 26048K(42496K)->41408K(43008K)
[1.385s][info][gc,heap        ] GC(44) ParOldGen: 201380K(236032K)->201380K(236032K)
[1.385s][info][gc,metaspace   ] GC(44) Metaspace: 6302K(6528K)->6302K(6528K) NonClass: 5769K(5888K)->5769K(5888K) Class: 533K(640K)->533K(640K)
[1.385s][info][gc             ] GC(44) Pause Young (Allocation Failure) 237M->237M(284M) 21.535ms
[1.385s][info][gc,cpu         ] GC(44) User=0.06s Sys=0.02s Real=0.02s
[1.398s][info][gc,start       ] GC(45) Pause Young (Allocation Failure)
[1.425s][info][gc,heap        ] GC(45) PSYoungGen: 53696K(55296K)->43072K(60928K) Eden: 12288K(12288K)->0K(12288K) From: 41408K(43008K)->43072K(48640K)
[1.425s][info][gc,heap        ] GC(45) ParOldGen: 201380K(236032K)->212132K(236032K)
[1.425s][info][gc,metaspace   ] GC(45) Metaspace: 6302K(6528K)->6302K(6528K) NonClass: 5769K(5888K)->5769K(5888K) Class: 533K(640K)->533K(640K)
[1.425s][info][gc             ] GC(45) Pause Young (Allocation Failure) 249M->249M(290M) 26.475ms
[1.425s][info][gc,cpu         ] GC(45) User=0.12s Sys=0.00s Real=0.03s
[1.440s][info][gc,start       ] GC(46) Pause Young (Allocation Failure)
[1.468s][info][gc,heap        ] GC(46) PSYoungGen: 55360K(60928K)->40032K(65536K) Eden: 12288K(12288K)->0K(11264K) From: 43072K(48640K)->40032K(54272K)
[1.468s][info][gc,heap        ] GC(46) ParOldGen: 212132K(236032K)->227700K(236032K)
[1.468s][info][gc,metaspace   ] GC(46) Metaspace: 6302K(6528K)->6302K(6528K) NonClass: 5769K(5888K)->5769K(5888K) Class: 533K(640K)->533K(640K)
[1.468s][info][gc             ] GC(46) Pause Young (Allocation Failure) 261M->261M(294M) 28.018ms
[1.468s][info][gc,cpu         ] GC(46) User=0.09s Sys=0.00s Real=0.03s
[1.468s][info][gc,start       ] GC(47) Pause Full (Ergonomics)
[1.468s][info][gc,phases,start] GC(47) Marking Phase
[1.524s][info][gc,phases      ] GC(47) Marking Phase 55.558ms
[1.524s][info][gc,phases,start] GC(47) Summary Phase
[1.524s][info][gc,phases      ] GC(47) Summary Phase 0.019ms
[1.524s][info][gc,phases,start] GC(47) Adjust Roots
[1.524s][info][gc,phases      ] GC(47) Adjust Roots 0.170ms
[1.524s][info][gc,phases,start] GC(47) Compaction Phase
[1.561s][info][gc,phases      ] GC(47) Compaction Phase 36.785ms
[1.561s][info][gc,phases,start] GC(47) Post Compact
[1.562s][info][gc,phases      ] GC(47) Post Compact 1.342ms
[1.562s][info][gc,heap        ] GC(47) PSYoungGen: 40032K(65536K)->31154K(65536K) Eden: 0K(11264K)->0K(11264K) From: 40032K(54272K)->31154K(54272K)
[1.562s][info][gc,heap        ] GC(47) ParOldGen: 227700K(236032K)->235831K(280064K)
[1.562s][info][gc,metaspace   ] GC(47) Metaspace: 6302K(6528K)->6302K(6528K) NonClass: 5769K(5888K)->5769K(5888K) Class: 533K(640K)->533K(640K)
[1.563s][info][gc             ] GC(47) Pause Full (Ergonomics) 261M->260M(337M) 94.412ms
[1.563s][info][gc,cpu         ] GC(47) User=0.45s Sys=0.00s Real=0.09s
[1.575s][info][gc,start       ] GC(48) Pause Young (Allocation Failure)
[1.604s][info][gc,heap        ] GC(48) PSYoungGen: 42418K(65536K)->21024K(32768K) Eden: 11264K(11264K)->0K(11264K) From: 31154K(54272K)->21024K(21504K)
[1.604s][info][gc,heap        ] GC(48) ParOldGen: 235831K(280064K)->257703K(280064K)
[1.604s][info][gc,metaspace   ] GC(48) Metaspace: 6302K(6528K)->6302K(6528K) NonClass: 5769K(5888K)->5769K(5888K) Class: 533K(640K)->533K(640K)
[1.604s][info][gc             ] GC(48) Pause Young (Allocation Failure) 271M->272M(305M) 29.294ms
[1.604s][info][gc,cpu         ] GC(48) User=0.14s Sys=0.00s Real=0.03s
[1.604s][info][gc,start       ] GC(49) Pause Full (Ergonomics)
[1.604s][info][gc,phases,start] GC(49) Marking Phase
[1.662s][info][gc,phases      ] GC(49) Marking Phase 58.483ms
[1.663s][info][gc,phases,start] GC(49) Summary Phase
[1.663s][info][gc,phases      ] GC(49) Summary Phase 0.026ms
[1.663s][info][gc,phases,start] GC(49) Adjust Roots
[1.663s][info][gc,phases      ] GC(49) Adjust Roots 0.149ms
[1.663s][info][gc,phases,start] GC(49) Compaction Phase
[1.690s][info][gc,phases      ] GC(49) Compaction Phase 26.922ms
[1.690s][info][gc,phases,start] GC(49) Post Compact
[1.691s][info][gc,phases      ] GC(49) Post Compact 1.334ms
[1.691s][info][gc,heap        ] GC(49) PSYoungGen: 21024K(32768K)->0K(67072K) Eden: 0K(11264K)->0K(12800K) From: 21024K(21504K)->0K(54272K)
[1.691s][info][gc,heap        ] GC(49) ParOldGen: 257703K(280064K)->278214K(328704K)
[1.691s][info][gc,metaspace   ] GC(49) Metaspace: 6302K(6528K)->6302K(6528K) NonClass: 5769K(5888K)->5769K(5888K) Class: 533K(640K)->533K(640K)
[1.691s][info][gc             ] GC(49) Pause Full (Ergonomics) 272M->271M(386M) 87.479ms
[1.691s][info][gc,cpu         ] GC(49) User=0.38s Sys=0.03s Real=0.09s
[1.706s][info][gc,start       ] GC(50) Pause Young (Allocation Failure)
[1.714s][info][gc,heap        ] GC(50) PSYoungGen: 12800K(67072K)->12928K(67584K) Eden: 12800K(12800K)->0K(12800K) From: 0K(54272K)->12928K(54784K)
[1.714s][info][gc,heap        ] GC(50) ParOldGen: 278214K(328704K)->278214K(328704K)
[1.714s][info][gc,metaspace   ] GC(50) Metaspace: 6302K(6528K)->6302K(6528K) NonClass: 5769K(5888K)->5769K(5888K) Class: 533K(640K)->533K(640K)
[1.714s][info][gc             ] GC(50) Pause Young (Allocation Failure) 284M->284M(387M) 7.950ms
[1.714s][info][gc,cpu         ] GC(50) User=0.02s Sys=0.00s Real=0.01s
[1.728s][info][gc,start       ] GC(51) Pause Young (Allocation Failure)
[1.742s][info][gc,heap        ] GC(51) PSYoungGen: 25728K(67584K)->25728K(65024K) Eden: 12800K(12800K)->0K(14848K) From: 12928K(54784K)->25728K(50176K)
[1.742s][info][gc,heap        ] GC(51) ParOldGen: 278214K(328704K)->278214K(328704K)
[1.742s][info][gc,metaspace   ] GC(51) Metaspace: 6302K(6528K)->6302K(6528K) NonClass: 5769K(5888K)->5769K(5888K) Class: 533K(640K)->533K(640K)
[1.742s][info][gc             ] GC(51) Pause Young (Allocation Failure) 296M->296M(384M) 13.746ms
[1.742s][info][gc,cpu         ] GC(51) User=0.00s Sys=0.00s Real=0.01s
[1.761s][info][gc,start       ] GC(52) Pause Young (Allocation Failure)
[1.781s][info][gc,heap        ] GC(52) PSYoungGen: 40576K(65024K)->40576K(66560K) Eden: 14848K(14848K)->0K(14848K) From: 25728K(50176K)->40576K(51712K)
[1.781s][info][gc,heap        ] GC(52) ParOldGen: 278214K(328704K)->278214K(328704K)
[1.781s][info][gc,metaspace   ] GC(52) Metaspace: 6302K(6528K)->6302K(6528K) NonClass: 5769K(5888K)->5769K(5888K) Class: 533K(640K)->533K(640K)
[1.781s][info][gc             ] GC(52) Pause Young (Allocation Failure) 311M->311M(386M) 20.113ms
[1.781s][info][gc,cpu         ] GC(52) User=0.11s Sys=0.00s Real=0.02s
[1.799s][info][gc,start       ] GC(53) Pause Young (Allocation Failure)
[1.826s][info][gc,heap        ] GC(53) PSYoungGen: 55424K(66560K)->54784K(63488K) Eden: 14848K(14848K)->0K(8704K) From: 40576K(51712K)->54784K(54784K)
[1.826s][info][gc,heap        ] GC(53) ParOldGen: 278214K(328704K)->278822K(328704K)
[1.826s][info][gc,metaspace   ] GC(53) Metaspace: 6302K(6528K)->6302K(6528K) NonClass: 5769K(5888K)->5769K(5888K) Class: 533K(640K)->533K(640K)
[1.826s][info][gc             ] GC(53) Pause Young (Allocation Failure) 325M->325M(383M) 27.294ms
[1.826s][info][gc,cpu         ] GC(53) User=0.14s Sys=0.00s Real=0.03s
[1.836s][info][gc,start       ] GC(54) Pause Young (Allocation Failure)
[1.864s][info][gc,heap        ] GC(54) PSYoungGen: 63488K(63488K)->50784K(71680K) Eden: 8704K(8704K)->0K(8704K) From: 54784K(54784K)->50784K(62976K)
[1.864s][info][gc,heap        ] GC(54) ParOldGen: 278822K(328704K)->291750K(328704K)
[1.864s][info][gc,metaspace   ] GC(54) Metaspace: 6302K(6528K)->6302K(6528K) NonClass: 5769K(5888K)->5769K(5888K) Class: 533K(640K)->533K(640K)
[1.864s][info][gc             ] GC(54) Pause Young (Allocation Failure) 334M->334M(391M) 27.961ms
[1.864s][info][gc,cpu         ] GC(54) User=0.19s Sys=0.02s Real=0.03s
[1.874s][info][gc,start       ] GC(55) Pause Young (Allocation Failure)
[1.901s][info][gc,heap        ] GC(55) PSYoungGen: 59488K(71680K)->46816K(76288K) Eden: 8704K(8704K)->0K(8192K) From: 50784K(62976K)->46816K(68096K)
[1.901s][info][gc,heap        ] GC(55) ParOldGen: 291750K(328704K)->304550K(328704K)
[1.901s][info][gc,metaspace   ] GC(55) Metaspace: 6302K(6528K)->6302K(6528K) NonClass: 5769K(5888K)->5769K(5888K) Class: 533K(640K)->533K(640K)
[1.901s][info][gc             ] GC(55) Pause Young (Allocation Failure) 343M->343M(395M) 27.549ms
[1.901s][info][gc,cpu         ] GC(55) User=0.14s Sys=0.00s Real=0.03s
[1.901s][info][gc,start       ] GC(56) Pause Full (Ergonomics)
[1.901s][info][gc,phases,start] GC(56) Marking Phase
[1.983s][info][gc,phases      ] GC(56) Marking Phase 81.168ms
[1.983s][info][gc,phases,start] GC(56) Summary Phase
[1.983s][info][gc,phases      ] GC(56) Summary Phase 0.026ms
[1.983s][info][gc,phases,start] GC(56) Adjust Roots
[1.983s][info][gc,phases      ] GC(56) Adjust Roots 0.173ms
[1.983s][info][gc,phases,start] GC(56) Compaction Phase
[2.020s][info][gc,phases      ] GC(56) Compaction Phase 36.553ms
[2.020s][info][gc,phases,start] GC(56) Post Compact
[2.021s][info][gc,phases      ] GC(56) Post Compact 1.685ms
[2.022s][info][gc,heap        ] GC(56) PSYoungGen: 46816K(76288K)->22071K(76288K) Eden: 0K(8192K)->0K(8192K) From: 46816K(68096K)->22071K(68096K)
[2.022s][info][gc,heap        ] GC(56) ParOldGen: 304550K(328704K)->328658K(379392K)
[2.022s][info][gc,metaspace   ] GC(56) Metaspace: 6302K(6528K)->6302K(6528K) NonClass: 5769K(5888K)->5769K(5888K) Class: 533K(640K)->533K(640K)
[2.022s][info][gc             ] GC(56) Pause Full (Ergonomics) 343M->342M(445M) 120.128ms
[2.022s][info][gc,cpu         ] GC(56) User=0.83s Sys=0.02s Real=0.12s
[2.095s][info][gc,start       ] GC(57) Pause Young (Allocation Failure)
[2.125s][info][gc,heap        ] GC(57) PSYoungGen: 30263K(76288K)->16288K(78336K) Eden: 8192K(8192K)->0K(8192K) From: 22071K(68096K)->16288K(70144K)
[2.125s][info][gc,heap        ] GC(57) ParOldGen: 345042K(379392K)->359362K(379392K)
[2.125s][info][gc,metaspace   ] GC(57) Metaspace: 6302K(6528K)->6302K(6528K) NonClass: 5769K(5888K)->5769K(5888K) Class: 533K(640K)->533K(640K)
[2.125s][info][gc             ] GC(57) Pause Young (Allocation Failure) 366M->366M(447M) 29.764ms
[2.125s][info][gc,cpu         ] GC(57) User=0.06s Sys=0.00s Real=0.03s
[2.125s][info][gc,start       ] GC(58) Pause Full (Ergonomics)
[2.125s][info][gc,phases,start] GC(58) Marking Phase
[2.207s][info][gc,phases      ] GC(58) Marking Phase 81.228ms
[2.207s][info][gc,phases,start] GC(58) Summary Phase
[2.207s][info][gc,phases      ] GC(58) Summary Phase 0.023ms
[2.207s][info][gc,phases,start] GC(58) Adjust Roots
[2.207s][info][gc,phases      ] GC(58) Adjust Roots 0.152ms
[2.207s][info][gc,phases,start] GC(58) Compaction Phase
[2.270s][info][gc,phases      ] GC(58) Compaction Phase 63.036ms
[2.270s][info][gc,phases,start] GC(58) Post Compact
[2.272s][info][gc,phases      ] GC(58) Post Compact 1.982ms
[2.272s][info][gc,heap        ] GC(58) PSYoungGen: 16288K(78336K)->0K(77824K) Eden: 0K(8192K)->0K(9216K) From: 16288K(70144K)->0K(68608K)
[2.272s][info][gc,heap        ] GC(58) ParOldGen: 359362K(379392K)->367083K(421888K)
[2.272s][info][gc,metaspace   ] GC(58) Metaspace: 6302K(6528K)->6302K(6528K) NonClass: 5769K(5888K)->5769K(5888K) Class: 533K(640K)->533K(640K)
[2.272s][info][gc             ] GC(58) Pause Full (Ergonomics) 366M->358M(488M) 147.049ms
[2.272s][info][gc,cpu         ] GC(58) User=0.84s Sys=0.00s Real=0.15s
[2.283s][info][gc,start       ] GC(59) Pause Young (Allocation Failure)
[2.292s][info][gc,heap        ] GC(59) PSYoungGen: 9216K(77824K)->9376K(78336K) Eden: 9216K(9216K)->0K(9216K) From: 0K(68608K)->9376K(69120K)
[2.292s][info][gc,heap        ] GC(59) ParOldGen: 367083K(421888K)->367083K(421888K)
[2.292s][info][gc,metaspace   ] GC(59) Metaspace: 6302K(6528K)->6302K(6528K) NonClass: 5769K(5888K)->5769K(5888K) Class: 533K(640K)->533K(640K)
[2.292s][info][gc             ] GC(59) Pause Young (Allocation Failure) 367M->367M(488M) 8.824ms
[2.292s][info][gc,cpu         ] GC(59) User=0.00s Sys=0.00s Real=0.01s
[2.302s][info][gc,start       ] GC(60) Pause Young (Allocation Failure)
[2.312s][info][gc,heap        ] GC(60) PSYoungGen: 18592K(78336K)->18496K(74240K) Eden: 9216K(9216K)->0K(10240K) From: 9376K(69120K)->18496K(64000K)
[2.312s][info][gc,heap        ] GC(60) ParOldGen: 367083K(421888K)->367083K(421888K)
[2.312s][info][gc,metaspace   ] GC(60) Metaspace: 6302K(6528K)->6302K(6528K) NonClass: 5769K(5888K)->5769K(5888K) Class: 533K(640K)->533K(640K)
[2.313s][info][gc             ] GC(60) Pause Young (Allocation Failure) 376M->376M(484M) 10.620ms
[2.313s][info][gc,cpu         ] GC(60) User=0.02s Sys=0.00s Real=0.01s
[2.324s][info][gc,start       ] GC(61) Pause Young (Allocation Failure)
[2.338s][info][gc,heap        ] GC(61) PSYoungGen: 28736K(74240K)->28768K(39424K) Eden: 10240K(10240K)->0K(10240K) From: 18496K(64000K)->28768K(29184K)
[2.338s][info][gc,heap        ] GC(61) ParOldGen: 367083K(421888K)->367083K(421888K)
[2.338s][info][gc,metaspace   ] GC(61) Metaspace: 6302K(6528K)->6302K(6528K) NonClass: 5769K(5888K)->5769K(5888K) Class: 533K(640K)->533K(640K)
[2.338s][info][gc             ] GC(61) Pause Young (Allocation Failure) 386M->386M(450M) 14.492ms
[2.338s][info][gc,cpu         ] GC(61) User=0.02s Sys=0.00s Real=0.01s
[2.350s][info][gc,start       ] GC(62) Pause Young (Allocation Failure)
[2.368s][info][gc,heap        ] GC(62) PSYoungGen: 39008K(39424K)->39008K(73728K) Eden: 10240K(10240K)->0K(10752K) From: 28768K(29184K)->39008K(62976K)
[2.368s][info][gc,heap        ] GC(62) ParOldGen: 367083K(421888K)->367083K(421888K)
[2.368s][info][gc,metaspace   ] GC(62) Metaspace: 6302K(6528K)->6302K(6528K) NonClass: 5769K(5888K)->5769K(5888K) Class: 533K(640K)->533K(640K)
[2.368s][info][gc             ] GC(62) Pause Young (Allocation Failure) 396M->396M(484M) 18.662ms
[2.368s][info][gc,cpu         ] GC(62) User=0.14s Sys=0.00s Real=0.02s
[2.380s][info][gc,start       ] GC(63) Pause Young (Allocation Failure)
[2.403s][info][gc,heap        ] GC(63) PSYoungGen: 49760K(73728K)->49760K(74752K) Eden: 10752K(10752K)->0K(10752K) From: 39008K(62976K)->49760K(64000K)
[2.403s][info][gc,heap        ] GC(63) ParOldGen: 367083K(421888K)->367083K(421888K)
[2.403s][info][gc,metaspace   ] GC(63) Metaspace: 6302K(6528K)->6302K(6528K) NonClass: 5769K(5888K)->5769K(5888K) Class: 533K(640K)->533K(640K)
[2.403s][info][gc             ] GC(63) Pause Young (Allocation Failure) 407M->407M(485M) 22.625ms
[2.403s][info][gc,cpu         ] GC(63) User=0.14s Sys=0.00s Real=0.02s
[2.414s][info][gc,start       ] GC(64) Pause Young (Allocation Failure)
[2.445s][info][gc,heap        ] GC(64) PSYoungGen: 60512K(74752K)->60544K(73216K) Eden: 10752K(10752K)->0K(5120K) From: 49760K(64000K)->60544K(68096K)
[2.445s][info][gc,heap        ] GC(64) ParOldGen: 367083K(421888K)->367083K(421888K)
[2.445s][info][gc,metaspace   ] GC(64) Metaspace: 6302K(6528K)->6302K(6528K) NonClass: 5769K(5888K)->5769K(5888K) Class: 533K(640K)->533K(640K)
[2.445s][info][gc             ] GC(64) Pause Young (Allocation Failure) 417M->417M(483M) 31.756ms
[2.445s][info][gc,cpu         ] GC(64) User=0.14s Sys=0.00s Real=0.03s
[2.451s][info][gc,start       ] GC(65) Pause Young (Allocation Failure)
[2.485s][info][gc,heap        ] GC(65) PSYoungGen: 65664K(73216K)->47200K(80384K) Eden: 5120K(5120K)->0K(5120K) From: 60544K(68096K)->47200K(75264K)
[2.485s][info][gc,heap        ] GC(65) ParOldGen: 367083K(421888K)->385755K(421888K)
[2.485s][info][gc,metaspace   ] GC(65) Metaspace: 6302K(6528K)->6302K(6528K) NonClass: 5769K(5888K)->5769K(5888K) Class: 533K(640K)->533K(640K)
[2.485s][info][gc             ] GC(65) Pause Young (Allocation Failure) 422M->422M(490M) 33.882ms
[2.485s][info][gc,cpu         ] GC(65) User=0.19s Sys=0.05s Real=0.03s
[2.490s][info][gc,start       ] GC(66) Pause Young (Allocation Failure)
[2.522s][info][gc,heap        ] GC(66) PSYoungGen: 52320K(80384K)->31808K(76288K) Eden: 5120K(5120K)->0K(6656K) From: 47200K(75264K)->31808K(69632K)
[2.522s][info][gc,heap        ] GC(66) ParOldGen: 385755K(421888K)->406523K(421888K)
[2.522s][info][gc,metaspace   ] GC(66) Metaspace: 6302K(6528K)->6302K(6528K) NonClass: 5769K(5888K)->5769K(5888K) Class: 533K(640K)->533K(640K)
[2.522s][info][gc             ] GC(66) Pause Young (Allocation Failure) 427M->428M(486M) 31.844ms
[2.522s][info][gc,cpu         ] GC(66) User=0.06s Sys=0.05s Real=0.03s
[2.522s][info][gc,start       ] GC(67) Pause Full (Ergonomics)
[2.522s][info][gc,phases,start] GC(67) Marking Phase
[2.617s][info][gc,phases      ] GC(67) Marking Phase 95.115ms
[2.618s][info][gc,phases,start] GC(67) Summary Phase
[2.618s][info][gc,phases      ] GC(67) Summary Phase 0.032ms
[2.618s][info][gc,phases,start] GC(67) Adjust Roots
[2.618s][info][gc,phases      ] GC(67) Adjust Roots 0.152ms
[2.618s][info][gc,phases,start] GC(67) Compaction Phase
[2.668s][info][gc,phases      ] GC(67) Compaction Phase 50.620ms
[2.668s][info][gc,phases,start] GC(67) Post Compact
[2.671s][info][gc,phases      ] GC(67) Post Compact 2.183ms
[2.671s][info][gc,heap        ] GC(67) PSYoungGen: 31808K(76288K)->15775K(77824K) Eden: 0K(6656K)->0K(8192K) From: 31808K(69632K)->15775K(69632K)
[2.671s][info][gc,heap        ] GC(67) ParOldGen: 406523K(421888K)->421715K(482816K)
[2.671s][info][gc,metaspace   ] GC(67) Metaspace: 6302K(6528K)->6302K(6528K) NonClass: 5769K(5888K)->5769K(5888K) Class: 533K(640K)->533K(640K)
[2.671s][info][gc             ] GC(67) Pause Full (Ergonomics) 428M->427M(547M) 149.026ms
[2.671s][info][gc,cpu         ] GC(67) User=1.09s Sys=0.00s Real=0.15s
[2.681s][info][gc,start       ] GC(68) Pause Young (Allocation Failure)
[2.717s][info][gc,heap        ] GC(68) PSYoungGen: 23967K(77824K)->12672K(80896K) Eden: 8192K(8192K)->0K(8192K) From: 15775K(69632K)->12672K(72704K)
[2.717s][info][gc,heap        ] GC(68) ParOldGen: 421715K(482816K)->433323K(482816K)
[2.717s][info][gc,metaspace   ] GC(68) Metaspace: 6302K(6528K)->6302K(6528K) NonClass: 5769K(5888K)->5769K(5888K) Class: 533K(640K)->533K(640K)
[2.717s][info][gc             ] GC(68) Pause Young (Allocation Failure) 435M->435M(550M) 36.222ms
[2.717s][info][gc,cpu         ] GC(68) User=0.12s Sys=0.03s Real=0.04s
[2.726s][info][gc,start       ] GC(69) Pause Young (Allocation Failure)
[2.739s][info][gc,heap        ] GC(69) PSYoungGen: 20864K(80896K)->16512K(80384K) Eden: 8192K(8192K)->0K(9728K) From: 12672K(72704K)->16512K(70656K)
[2.739s][info][gc,heap        ] GC(69) ParOldGen: 433323K(482816K)->437803K(482816K)
[2.739s][info][gc,metaspace   ] GC(69) Metaspace: 6302K(6528K)->6302K(6528K) NonClass: 5769K(5888K)->5769K(5888K) Class: 533K(640K)->533K(640K)
[2.739s][info][gc             ] GC(69) Pause Young (Allocation Failure) 443M->443M(550M) 12.701ms
[2.739s][info][gc,cpu         ] GC(69) User=0.02s Sys=0.00s Real=0.01s
[2.750s][info][gc,start       ] GC(70) Pause Young (Allocation Failure)
[2.768s][info][gc,heap        ] GC(70) PSYoungGen: 26240K(80384K)->9824K(81408K) Eden: 9728K(9728K)->0K(9728K) From: 16512K(70656K)->9824K(71680K)
[2.768s][info][gc,heap        ] GC(70) ParOldGen: 437803K(482816K)->454403K(482816K)
[2.768s][info][gc,metaspace   ] GC(70) Metaspace: 6302K(6528K)->6302K(6528K) NonClass: 5769K(5888K)->5769K(5888K) Class: 533K(640K)->533K(640K)
[2.768s][info][gc             ] GC(70) Pause Young (Allocation Failure) 453M->453M(551M) 18.488ms
[2.768s][info][gc,cpu         ] GC(70) User=0.02s Sys=0.11s Real=0.02s
[2.778s][info][gc,start       ] GC(71) Pause Young (Allocation Failure)
[2.792s][info][gc,heap        ] GC(71) PSYoungGen: 19552K(81408K)->9888K(80384K) Eden: 9728K(9728K)->0K(11264K) From: 9824K(71680K)->9888K(69120K)
[2.792s][info][gc,heap        ] GC(71) ParOldGen: 454403K(482816K)->464291K(482816K)
[2.792s][info][gc,metaspace   ] GC(71) Metaspace: 6302K(6528K)->6302K(6528K) NonClass: 5769K(5888K)->5769K(5888K) Class: 533K(640K)->533K(640K)
[2.792s][info][gc             ] GC(71) Pause Young (Allocation Failure) 462M->463M(550M) 13.577ms
[2.792s][info][gc,cpu         ] GC(71) User=0.00s Sys=0.02s Real=0.01s
[2.792s][info][gc,start       ] GC(72) Pause Full (Ergonomics)
[2.792s][info][gc,phases,start] GC(72) Marking Phase
[2.892s][info][gc,phases      ] GC(72) Marking Phase 99.709ms
[2.892s][info][gc,phases,start] GC(72) Summary Phase
[2.892s][info][gc,phases      ] GC(72) Summary Phase 0.034ms
[2.892s][info][gc,phases,start] GC(72) Adjust Roots
[2.892s][info][gc,phases      ] GC(72) Adjust Roots 0.164ms
[2.892s][info][gc,phases,start] GC(72) Compaction Phase
[2.937s][info][gc,phases      ] GC(72) Compaction Phase 44.989ms
[2.937s][info][gc,phases,start] GC(72) Post Compact
[2.940s][info][gc,phases      ] GC(72) Post Compact 2.633ms
[2.940s][info][gc,heap        ] GC(72) PSYoungGen: 9888K(80384K)->0K(81408K) Eden: 0K(11264K)->0K(11264K) From: 9888K(69120K)->0K(70144K)
[2.940s][info][gc,heap        ] GC(72) ParOldGen: 464291K(482816K)->473197K(535552K)
[2.940s][info][gc,metaspace   ] GC(72) Metaspace: 6302K(6528K)->6302K(6528K) NonClass: 5769K(5888K)->5769K(5888K) Class: 533K(640K)->533K(640K)
[2.940s][info][gc             ] GC(72) Pause Full (Ergonomics) 463M->462M(602M) 148.290ms
[2.940s][info][gc,cpu         ] GC(72) User=0.97s Sys=0.00s Real=0.15s
[2.953s][info][gc,start       ] GC(73) Pause Young (Allocation Failure)
[2.962s][info][gc,heap        ] GC(73) PSYoungGen: 11264K(81408K)->11392K(79872K) Eden: 11264K(11264K)->0K(12800K) From: 0K(70144K)->11392K(67072K)
[2.962s][info][gc,heap        ] GC(73) ParOldGen: 473197K(535552K)->473197K(535552K)
[2.962s][info][gc,metaspace   ] GC(73) Metaspace: 6302K(6528K)->6302K(6528K) NonClass: 5769K(5888K)->5769K(5888K) Class: 533K(640K)->533K(640K)
[2.962s][info][gc             ] GC(73) Pause Young (Allocation Failure) 473M->473M(601M) 9.036ms
[2.962s][info][gc,cpu         ] GC(73) User=0.02s Sys=0.00s Real=0.01s
[2.977s][info][gc,start       ] GC(74) Pause Young (Allocation Failure)
[2.994s][info][gc,heap        ] GC(74) PSYoungGen: 24192K(79872K)->12864K(26112K) Eden: 12800K(12800K)->0K(12800K) From: 11392K(67072K)->12864K(13312K)
[2.994s][info][gc,heap        ] GC(74) ParOldGen: 473197K(535552K)->484629K(535552K)
[2.994s][info][gc,metaspace   ] GC(74) Metaspace: 6302K(6528K)->6302K(6528K) NonClass: 5769K(5888K)->5769K(5888K) Class: 533K(640K)->533K(640K)
[2.994s][info][gc             ] GC(74) Pause Young (Allocation Failure) 485M->485M(548M) 17.698ms
[2.994s][info][gc,cpu         ] GC(74) User=0.12s Sys=0.02s Real=0.02s
[3.008s][info][gc,start       ] GC(75) Pause Young (Allocation Failure)
[3.026s][info][gc,heap        ] GC(75) PSYoungGen: 25664K(26112K)->12864K(75776K) Eden: 12800K(12800K)->0K(14336K) From: 12864K(13312K)->12864K(61440K)
[3.026s][info][gc,heap        ] GC(75) ParOldGen: 484629K(535552K)->497621K(535552K)
[3.026s][info][gc,metaspace   ] GC(75) Metaspace: 6302K(6528K)->6302K(6528K) NonClass: 5769K(5888K)->5769K(5888K) Class: 533K(640K)->533K(640K)
[3.026s][info][gc             ] GC(75) Pause Young (Allocation Failure) 498M->498M(597M) 17.879ms
[3.026s][info][gc,cpu         ] GC(75) User=0.12s Sys=0.00s Real=0.02s
[3.041s][info][gc,start       ] GC(76) Pause Young (Allocation Failure)
[3.062s][info][gc,heap        ] GC(76) PSYoungGen: 27200K(75776K)->14432K(29184K) Eden: 14336K(14336K)->0K(14336K) From: 12864K(61440K)->14432K(14848K)
[3.062s][info][gc,heap        ] GC(76) ParOldGen: 497621K(535552K)->510621K(535552K)
[3.062s][info][gc,metaspace   ] GC(76) Metaspace: 6302K(6528K)->6302K(6528K) NonClass: 5769K(5888K)->5769K(5888K) Class: 533K(640K)->533K(640K)
[3.062s][info][gc             ] GC(76) Pause Young (Allocation Failure) 512M->512M(551M) 20.475ms
[3.062s][info][gc,cpu         ] GC(76) User=0.06s Sys=0.06s Real=0.02s
[3.062s][info][gc,start       ] GC(77) Pause Full (Ergonomics)
[3.062s][info][gc,phases,start] GC(77) Marking Phase
[3.183s][info][gc,phases      ] GC(77) Marking Phase 121.160ms
[3.183s][info][gc,phases,start] GC(77) Summary Phase
[3.183s][info][gc,phases      ] GC(77) Summary Phase 0.026ms
[3.183s][info][gc,phases,start] GC(77) Adjust Roots
[3.183s][info][gc,phases      ] GC(77) Adjust Roots 0.186ms
[3.183s][info][gc,phases,start] GC(77) Compaction Phase
[3.231s][info][gc,phases      ] GC(77) Compaction Phase 47.854ms
[3.231s][info][gc,phases,start] GC(77) Post Compact
[3.232s][info][gc,phases      ] GC(77) Post Compact 0.968ms
[3.233s][info][gc,heap        ] GC(77) PSYoungGen: 14432K(29184K)->0K(77824K) Eden: 0K(14336K)->0K(16384K) From: 14432K(14848K)->0K(61440K)
[3.233s][info][gc,heap        ] GC(77) ParOldGen: 510621K(535552K)->524274K(589312K)
[3.233s][info][gc,metaspace   ] GC(77) Metaspace: 6302K(6528K)->6302K(6528K) NonClass: 5769K(5888K)->5769K(5888K) Class: 533K(640K)->533K(640K)
[3.233s][info][gc             ] GC(77) Pause Full (Ergonomics) 512M->511M(651M) 170.969ms
[3.233s][info][gc,cpu         ] GC(77) User=1.06s Sys=0.05s Real=0.17s
[3.251s][info][gc,start       ] GC(78) Pause Young (Allocation Failure)
[3.261s][info][gc,heap        ] GC(78) PSYoungGen: 16384K(77824K)->16512K(33280K) Eden: 16384K(16384K)->0K(16384K) From: 0K(61440K)->16512K(16896K)
[3.261s][info][gc,heap        ] GC(78) ParOldGen: 524274K(589312K)->524274K(589312K)
[3.261s][info][gc,metaspace   ] GC(78) Metaspace: 6302K(6528K)->6302K(6528K) NonClass: 5769K(5888K)->5769K(5888K) Class: 533K(640K)->533K(640K)
[3.262s][info][gc             ] GC(78) Pause Young (Allocation Failure) 527M->528M(608M) 10.866ms
[3.262s][info][gc,cpu         ] GC(78) User=0.02s Sys=0.00s Real=0.01s
[3.279s][info][gc,start       ] GC(79) Pause Young (Allocation Failure)
[3.297s][info][gc,heap        ] GC(79) PSYoungGen: 32896K(33280K)->32896K(76288K) Eden: 16384K(16384K)->0K(17920K) From: 16512K(16896K)->32896K(58368K)
[3.297s][info][gc,heap        ] GC(79) ParOldGen: 524274K(589312K)->524274K(589312K)
[3.297s][info][gc,metaspace   ] GC(79) Metaspace: 6302K(6528K)->6302K(6528K) NonClass: 5769K(5888K)->5769K(5888K) Class: 533K(640K)->533K(640K)
[3.297s][info][gc             ] GC(79) Pause Young (Allocation Failure) 544M->544M(650M) 17.339ms
[3.297s][info][gc,cpu         ] GC(79) User=0.05s Sys=0.00s Real=0.02s
[3.317s][info][gc,start       ] GC(80) Pause Young (Allocation Failure)
[3.342s][info][gc,heap        ] GC(80) PSYoungGen: 50816K(76288K)->50784K(76800K) Eden: 17920K(17920K)->0K(17920K) From: 32896K(58368K)->50784K(58880K)
[3.343s][info][gc,heap        ] GC(80) ParOldGen: 524274K(589312K)->524274K(589312K)
[3.343s][info][gc,metaspace   ] GC(80) Metaspace: 6302K(6528K)->6302K(6528K) NonClass: 5769K(5888K)->5769K(5888K) Class: 533K(640K)->533K(640K)
[3.343s][info][gc             ] GC(80) Pause Young (Allocation Failure) 561M->561M(650M) 25.910ms
[3.343s][info][gc,cpu         ] GC(80) User=0.14s Sys=0.00s Real=0.03s
[3.363s][info][gc,start       ] GC(81) Pause Young (Allocation Failure)
[3.402s][info][gc,heap        ] GC(81) PSYoungGen: 68704K(76800K)->66048K(74240K) Eden: 17920K(17920K)->0K(8192K) From: 50784K(58880K)->66048K(66048K)
[3.402s][info][gc,heap        ] GC(81) ParOldGen: 524274K(589312K)->526930K(589312K)
[3.402s][info][gc,metaspace   ] GC(81) Metaspace: 6302K(6528K)->6302K(6528K) NonClass: 5769K(5888K)->5769K(5888K) Class: 533K(640K)->533K(640K)
[3.403s][info][gc             ] GC(81) Pause Young (Allocation Failure) 579M->579M(648M) 39.647ms
[3.403s][info][gc,cpu         ] GC(81) User=0.17s Sys=0.08s Real=0.04s
[3.413s][info][gc,start       ] GC(82) Pause Young (Allocation Failure)
[3.454s][info][gc,heap        ] GC(82) PSYoungGen: 74240K(74240K)->42720K(86016K) Eden: 8192K(8192K)->0K(8192K) From: 66048K(66048K)->42720K(77824K)
[3.454s][info][gc,heap        ] GC(82) ParOldGen: 526930K(589312K)->559042K(589312K)
[3.454s][info][gc,metaspace   ] GC(82) Metaspace: 6302K(6528K)->6302K(6528K) NonClass: 5769K(5888K)->5769K(5888K) Class: 533K(640K)->533K(640K)
[3.454s][info][gc             ] GC(82) Pause Young (Allocation Failure) 587M->587M(659M) 41.742ms
[3.454s][info][gc,cpu         ] GC(82) User=0.22s Sys=0.05s Real=0.04s
[3.464s][info][gc,start       ] GC(83) Pause Young (Allocation Failure)
[3.499s][info][gc,heap        ] GC(83) PSYoungGen: 50912K(86016K)->16512K(83456K) Eden: 8192K(8192K)->0K(9728K) From: 42720K(77824K)->16512K(73728K)
[3.499s][info][gc,heap        ] GC(83) ParOldGen: 559042K(589312K)->593906K(593920K)
[3.499s][info][gc,metaspace   ] GC(83) Metaspace: 6302K(6528K)->6302K(6528K) NonClass: 5769K(5888K)->5769K(5888K) Class: 533K(640K)->533K(640K)
[3.499s][info][gc             ] GC(83) Pause Young (Allocation Failure) 595M->596M(661M) 34.461ms
[3.499s][info][gc,cpu         ] GC(83) User=0.14s Sys=0.11s Real=0.03s
[3.499s][info][gc,start       ] GC(84) Pause Full (Ergonomics)
[3.499s][info][gc,phases,start] GC(84) Marking Phase
[3.640s][info][gc,phases      ] GC(84) Marking Phase 141.276ms
[3.640s][info][gc,phases,start] GC(84) Summary Phase
[3.640s][info][gc,phases      ] GC(84) Summary Phase 0.021ms
[3.640s][info][gc,phases,start] GC(84) Adjust Roots
[3.640s][info][gc,phases      ] GC(84) Adjust Roots 0.153ms
[3.640s][info][gc,phases,start] GC(84) Compaction Phase
[3.696s][info][gc,phases      ] GC(84) Compaction Phase 55.416ms
[3.696s][info][gc,phases,start] GC(84) Post Compact
[3.697s][info][gc,phases      ] GC(84) Post Compact 1.066ms
[3.698s][info][gc,heap        ] GC(84) PSYoungGen: 16512K(83456K)->15300K(84992K) Eden: 0K(9728K)->0K(11264K) From: 16512K(73728K)->15300K(73728K)
[3.698s][info][gc,heap        ] GC(84) ParOldGen: 593906K(593920K)->593777K(675328K)
[3.698s][info][gc,metaspace   ] GC(84) Metaspace: 6302K(6528K)->6302K(6528K) NonClass: 5769K(5888K)->5769K(5888K) Class: 533K(640K)->533K(640K)
[3.698s][info][gc             ] GC(84) Pause Full (Ergonomics) 596M->594M(742M) 198.838ms
[3.698s][info][gc,cpu         ] GC(84) User=1.36s Sys=0.00s Real=0.20s
[3.711s][info][gc,start       ] GC(85) Pause Young (Allocation Failure)
[3.753s][info][gc,heap        ] GC(85) PSYoungGen: 26564K(84992K)->11360K(87040K) Eden: 11264K(11264K)->0K(11264K) From: 15300K(73728K)->11360K(75776K)
[3.753s][info][gc,heap        ] GC(85) ParOldGen: 593777K(675328K)->609353K(675328K)
[3.753s][info][gc,metaspace   ] GC(85) Metaspace: 6302K(6528K)->6302K(6528K) NonClass: 5769K(5888K)->5769K(5888K) Class: 533K(640K)->533K(640K)
[3.753s][info][gc             ] GC(85) Pause Young (Allocation Failure) 605M->606M(744M) 42.166ms
[3.753s][info][gc,cpu         ] GC(85) User=0.16s Sys=0.11s Real=0.04s
[3.767s][info][gc,start       ] GC(86) Pause Young (Allocation Failure)
[3.784s][info][gc,heap        ] GC(86) PSYoungGen: 22624K(87040K)->11360K(82944K) Eden: 11264K(11264K)->0K(12800K) From: 11360K(75776K)->11360K(70144K)
[3.784s][info][gc,heap        ] GC(86) ParOldGen: 609353K(675328K)->620785K(675328K)
[3.784s][info][gc,metaspace   ] GC(86) Metaspace: 6302K(6528K)->6302K(6528K) NonClass: 5769K(5888K)->5769K(5888K) Class: 533K(640K)->533K(640K)
[3.784s][info][gc             ] GC(86) Pause Young (Allocation Failure) 617M->617M(740M) 17.257ms
[3.784s][info][gc,cpu         ] GC(86) User=0.02s Sys=0.02s Real=0.02s
[3.799s][info][gc,start       ] GC(87) Pause Young (Allocation Failure)
[3.817s][info][gc,heap        ] GC(87) PSYoungGen: 24160K(82944K)->12960K(26112K) Eden: 12800K(12800K)->0K(12800K) From: 11360K(70144K)->12960K(13312K)
[3.817s][info][gc,heap        ] GC(87) ParOldGen: 620785K(675328K)->632225K(675328K)
[3.817s][info][gc,metaspace   ] GC(87) Metaspace: 6302K(6528K)->6302K(6528K) NonClass: 5769K(5888K)->5769K(5888K) Class: 533K(640K)->533K(640K)
[3.817s][info][gc             ] GC(87) Pause Young (Allocation Failure) 629M->630M(685M) 17.465ms
[3.817s][info][gc,cpu         ] GC(87) User=0.03s Sys=0.00s Real=0.02s
[3.832s][info][gc,start       ] GC(88) Pause Young (Allocation Failure)
[3.850s][info][gc,heap        ] GC(88) PSYoungGen: 25760K(26112K)->12960K(79360K) Eden: 12800K(12800K)->0K(14336K) From: 12960K(13312K)->12960K(65024K)
[3.850s][info][gc,heap        ] GC(88) ParOldGen: 632225K(675328K)->645217K(675328K)
[3.850s][info][gc,metaspace   ] GC(88) Metaspace: 6302K(6528K)->6302K(6528K) NonClass: 5769K(5888K)->5769K(5888K) Class: 533K(640K)->533K(640K)
[3.850s][info][gc             ] GC(88) Pause Young (Allocation Failure) 642M->642M(737M) 18.090ms
[3.850s][info][gc,cpu         ] GC(88) User=0.03s Sys=0.00s Real=0.02s
[3.850s][info][gc,start       ] GC(89) Pause Full (Ergonomics)
[3.850s][info][gc,phases,start] GC(89) Marking Phase
[3.989s][info][gc,phases      ] GC(89) Marking Phase 139.510ms
[3.989s][info][gc,phases,start] GC(89) Summary Phase
[3.989s][info][gc,phases      ] GC(89) Summary Phase 0.025ms
[3.989s][info][gc,phases,start] GC(89) Adjust Roots
[3.990s][info][gc,phases      ] GC(89) Adjust Roots 0.154ms
[3.990s][info][gc,phases,start] GC(89) Compaction Phase
[4.043s][info][gc,phases      ] GC(89) Compaction Phase 53.220ms
[4.043s][info][gc,phases,start] GC(89) Post Compact
[4.044s][info][gc,phases      ] GC(89) Post Compact 1.072ms
[4.044s][info][gc,heap        ] GC(89) PSYoungGen: 12960K(79360K)->0K(81920K) Eden: 0K(14336K)->0K(14336K) From: 12960K(65024K)->0K(67584K)
[4.044s][info][gc,heap        ] GC(89) ParOldGen: 645217K(675328K)->657083K(735744K)
[4.044s][info][gc,metaspace   ] GC(89) Metaspace: 6302K(6528K)->6302K(6528K) NonClass: 5769K(5888K)->5769K(5888K) Class: 533K(640K)->533K(640K)
[4.044s][info][gc             ] GC(89) Pause Full (Ergonomics) 642M->641M(798M) 194.511ms
[4.044s][info][gc,cpu         ] GC(89) User=1.48s Sys=0.02s Real=0.19s
[4.061s][info][gc,start       ] GC(90) Pause Young (Allocation Failure)
[4.071s][info][gc,heap        ] GC(90) PSYoungGen: 14336K(81920K)->14464K(77824K) Eden: 14336K(14336K)->0K(15872K) From: 0K(67584K)->14464K(61952K)
[4.071s][info][gc,heap        ] GC(90) ParOldGen: 657083K(735744K)->657083K(735744K)
[4.071s][info][gc,metaspace   ] GC(90) Metaspace: 6302K(6528K)->6302K(6528K) NonClass: 5769K(5888K)->5769K(5888K) Class: 533K(640K)->533K(640K)
[4.071s][info][gc             ] GC(90) Pause Young (Allocation Failure) 655M->655M(794M) 10.415ms
[4.071s][info][gc,cpu         ] GC(90) User=0.00s Sys=0.00s Real=0.01s
[4.091s][info][gc,start       ] GC(91) Pause Young (Allocation Failure)
[4.108s][info][gc,heap        ] GC(91) PSYoungGen: 30336K(77824K)->30336K(80896K) Eden: 15872K(15872K)->0K(15872K) From: 14464K(61952K)->30336K(65024K)
[4.108s][info][gc,heap        ] GC(91) ParOldGen: 657083K(735744K)->657083K(735744K)
[4.108s][info][gc,metaspace   ] GC(91) Metaspace: 6302K(6528K)->6302K(6528K) NonClass: 5769K(5888K)->5769K(5888K) Class: 533K(640K)->533K(640K)
[4.108s][info][gc             ] GC(91) Pause Young (Allocation Failure) 671M->671M(797M) 17.038ms
[4.108s][info][gc,cpu         ] GC(91) User=0.03s Sys=0.00s Real=0.02s
[4.128s][info][gc,start       ] GC(92) Pause Young (Allocation Failure)
[4.153s][info][gc,heap        ] GC(92) PSYoungGen: 46208K(80896K)->46208K(77312K) Eden: 15872K(15872K)->0K(13824K) From: 30336K(65024K)->46208K(63488K)
[4.153s][info][gc,heap        ] GC(92) ParOldGen: 657083K(735744K)->657083K(735744K)
[4.153s][info][gc,metaspace   ] GC(92) Metaspace: 6302K(6528K)->6302K(6528K) NonClass: 5769K(5888K)->5769K(5888K) Class: 533K(640K)->533K(640K)
[4.153s][info][gc             ] GC(92) Pause Young (Allocation Failure) 686M->686M(794M) 24.986ms
[4.153s][info][gc,cpu         ] GC(92) User=0.14s Sys=0.00s Real=0.03s
[4.295s][info][gc,start       ] GC(93) Pause Young (Allocation Failure)
[4.336s][info][gc,heap        ] GC(93) PSYoungGen: 60032K(77312K)->60096K(81408K) Eden: 13824K(13824K)->0K(13824K) From: 46208K(63488K)->60096K(67584K)
[4.336s][info][gc,heap        ] GC(93) ParOldGen: 689851K(735744K)->689851K(735744K)
[4.336s][info][gc,metaspace   ] GC(93) Metaspace: 6302K(6528K)->6302K(6528K) NonClass: 5769K(5888K)->5769K(5888K) Class: 533K(640K)->533K(640K)
[4.336s][info][gc             ] GC(93) Pause Young (Allocation Failure) 732M->732M(798M) 41.632ms
[4.336s][info][gc,cpu         ] GC(93) User=0.25s Sys=0.00s Real=0.04s
[4.351s][info][gc,start       ] GC(94) Pause Young (Allocation Failure)
[4.391s][info][gc,heap        ] GC(94) PSYoungGen: 73920K(81408K)->73856K(79872K) Eden: 13824K(13824K)->0K(3584K) From: 60096K(67584K)->73856K(76288K)
[4.391s][info][gc,heap        ] GC(94) ParOldGen: 689851K(735744K)->689851K(735744K)
[4.391s][info][gc,metaspace   ] GC(94) Metaspace: 6302K(6528K)->6302K(6528K) NonClass: 5769K(5888K)->5769K(5888K) Class: 533K(640K)->533K(640K)
[4.391s][info][gc             ] GC(94) Pause Young (Allocation Failure) 745M->745M(796M) 39.853ms
[4.391s][info][gc,cpu         ] GC(94) User=0.17s Sys=0.09s Real=0.04s
[4.395s][info][gc,start       ] GC(95) Pause Young (Allocation Failure)
[4.431s][info][gc,heap        ] GC(95) PSYoungGen: 77440K(79872K)->63104K(91648K) Eden: 3584K(3584K)->0K(3584K) From: 73856K(76288K)->63104K(88064K)
[4.431s][info][gc,heap        ] GC(95) ParOldGen: 689851K(735744K)->704419K(735744K)
[4.431s][info][gc,metaspace   ] GC(95) Metaspace: 6302K(6528K)->6302K(6528K) NonClass: 5769K(5888K)->5769K(5888K) Class: 533K(640K)->533K(640K)
[4.432s][info][gc             ] GC(95) Pause Young (Allocation Failure) 749M->749M(808M) 36.877ms
[4.432s][info][gc,cpu         ] GC(95) User=0.22s Sys=0.03s Real=0.04s
[4.435s][info][gc,start       ] GC(96) Pause Young (Allocation Failure)
[4.474s][info][gc,heap        ] GC(96) PSYoungGen: 66688K(91648K)->34912K(87040K) Eden: 3584K(3584K)->0K(4608K) From: 63104K(88064K)->34912K(82432K)
[4.474s][info][gc,heap        ] GC(96) ParOldGen: 704419K(735744K)->736619K(736768K)
[4.474s][info][gc,metaspace   ] GC(96) Metaspace: 6302K(6528K)->6302K(6528K) NonClass: 5769K(5888K)->5769K(5888K) Class: 533K(640K)->533K(640K)
[4.474s][info][gc             ] GC(96) Pause Young (Allocation Failure) 753M->753M(804M) 38.973ms
[4.474s][info][gc,cpu         ] GC(96) User=0.16s Sys=0.08s Real=0.04s
[4.474s][info][gc,start       ] GC(97) Pause Full (Ergonomics)
[4.474s][info][gc,phases,start] GC(97) Marking Phase
[4.637s][info][gc,phases      ] GC(97) Marking Phase 163.135ms
[4.637s][info][gc,phases,start] GC(97) Summary Phase
[4.638s][info][gc,phases      ] GC(97) Summary Phase 0.022ms
[4.638s][info][gc,phases,start] GC(97) Adjust Roots
[4.638s][info][gc,phases      ] GC(97) Adjust Roots 0.166ms
[4.638s][info][gc,phases,start] GC(97) Compaction Phase
[4.761s][info][gc,phases      ] GC(97) Compaction Phase 123.236ms
[4.761s][info][gc,phases,start] GC(97) Post Compact
[4.763s][info][gc,phases      ] GC(97) Post Compact 1.688ms
[4.764s][info][gc,heap        ] GC(97) PSYoungGen: 34912K(87040K)->17823K(88064K) Eden: 0K(4608K)->0K(5632K) From: 34912K(82432K)->17823K(82432K)
[4.764s][info][gc,heap        ] GC(97) ParOldGen: 736619K(736768K)->736317K(823296K)
[4.764s][info][gc,metaspace   ] GC(97) Metaspace: 6302K(6528K)->6302K(6528K) NonClass: 5769K(5888K)->5769K(5888K) Class: 533K(640K)->533K(640K)
[4.764s][info][gc             ] GC(97) Pause Full (Ergonomics) 753M->736M(890M) 289.286ms
[4.764s][info][gc,cpu         ] GC(97) User=1.97s Sys=0.00s Real=0.29s
[4.771s][info][gc,start       ] GC(98) Pause Young (Allocation Failure)
[4.816s][info][gc,heap        ] GC(98) PSYoungGen: 23455K(88064K)->7904K(93696K) Eden: 5632K(5632K)->0K(5632K) From: 17823K(82432K)->7904K(88064K)
[4.816s][info][gc,heap        ] GC(98) ParOldGen: 736317K(823296K)->752269K(823296K)
[4.816s][info][gc,metaspace   ] GC(98) Metaspace: 6302K(6528K)->6302K(6528K) NonClass: 5769K(5888K)->5769K(5888K) Class: 533K(640K)->533K(640K)
[4.816s][info][gc             ] GC(98) Pause Young (Allocation Failure) 741M->742M(895M) 45.217ms
[4.816s][info][gc,cpu         ] GC(98) User=0.16s Sys=0.02s Real=0.04s
[4.822s][info][gc,start       ] GC(99) Pause Young (Allocation Failure)
[4.835s][info][gc,heap        ] GC(99) PSYoungGen: 13536K(93696K)->11360K(91648K) Eden: 5632K(5632K)->0K(6656K) From: 7904K(88064K)->11360K(84992K)
[4.835s][info][gc,heap        ] GC(99) ParOldGen: 752269K(823296K)->754493K(823296K)
[4.835s][info][gc,metaspace   ] GC(99) Metaspace: 6302K(6528K)->6302K(6528K) NonClass: 5769K(5888K)->5769K(5888K) Class: 533K(640K)->533K(640K)
[4.835s][info][gc             ] GC(99) Pause Young (Allocation Failure) 747M->747M(893M) 12.418ms
[4.835s][info][gc,cpu         ] GC(99) User=0.00s Sys=0.00s Real=0.01s
[4.842s][info][gc,start       ] GC(100) Pause Young (Allocation Failure)
[4.857s][info][gc,heap        ] GC(100) PSYoungGen: 18016K(91648K)->6752K(13824K) Eden: 6656K(6656K)->0K(6656K) From: 11360K(84992K)->6752K(7168K)
[4.857s][info][gc,heap        ] GC(100) ParOldGen: 754493K(823296K)->765901K(823296K)
[4.857s][info][gc,metaspace   ] GC(100) Metaspace: 6302K(6528K)->6302K(6528K) NonClass: 5769K(5888K)->5769K(5888K) Class: 533K(640K)->533K(640K)
[4.857s][info][gc             ] GC(100) Pause Young (Allocation Failure) 754M->754M(817M) 15.219ms
[4.857s][info][gc,cpu         ] GC(100) User=0.02s Sys=0.00s Real=0.02s
[4.864s][info][gc,start       ] GC(101) Pause Young (Allocation Failure)
[4.878s][info][gc,heap        ] GC(101) PSYoungGen: 13408K(13824K)->6816K(89600K) Eden: 6656K(6656K)->0K(7680K) From: 6752K(7168K)->6816K(81920K)
[4.878s][info][gc,heap        ] GC(101) ParOldGen: 765901K(823296K)->772653K(823296K)
[4.878s][info][gc,metaspace   ] GC(101) Metaspace: 6302K(6528K)->6302K(6528K) NonClass: 5769K(5888K)->5769K(5888K) Class: 533K(640K)->533K(640K)
[4.878s][info][gc             ] GC(101) Pause Young (Allocation Failure) 761M->761M(891M) 14.181ms
[4.878s][info][gc,cpu         ] GC(101) User=0.02s Sys=0.00s Real=0.01s
[4.886s][info][gc,start       ] GC(102) Pause Young (Allocation Failure)
[4.900s][info][gc,heap        ] GC(102) PSYoungGen: 14496K(89600K)->7840K(15872K) Eden: 7680K(7680K)->0K(7680K) From: 6816K(81920K)->7840K(8192K)
[4.900s][info][gc,heap        ] GC(102) ParOldGen: 772653K(823296K)->779413K(823296K)
[4.900s][info][gc,metaspace   ] GC(102) Metaspace: 6302K(6528K)->6302K(6528K) NonClass: 5769K(5888K)->5769K(5888K) Class: 533K(640K)->533K(640K)
[4.900s][info][gc             ] GC(102) Pause Young (Allocation Failure) 768M->768M(819M) 13.582ms
[4.900s][info][gc,cpu         ] GC(102) User=0.00s Sys=0.00s Real=0.01s
[4.908s][info][gc,start       ] GC(103) Pause Young (Allocation Failure)
[4.922s][info][gc,heap        ] GC(103) PSYoungGen: 15520K(15872K)->7744K(84480K) Eden: 7680K(7680K)->0K(8704K) From: 7840K(8192K)->7744K(75776K)
[4.922s][info][gc,heap        ] GC(103) ParOldGen: 779413K(823296K)->787205K(823296K)
[4.922s][info][gc,metaspace   ] GC(103) Metaspace: 6302K(6528K)->6302K(6528K) NonClass: 5769K(5888K)->5769K(5888K) Class: 533K(640K)->533K(640K)
[4.922s][info][gc             ] GC(103) Pause Young (Allocation Failure) 776M->776M(886M) 13.923ms
[4.922s][info][gc,cpu         ] GC(103) User=0.02s Sys=0.00s Real=0.01s
[4.930s][info][gc,start       ] GC(104) Pause Young (Allocation Failure)
[4.946s][info][gc,heap        ] GC(104) PSYoungGen: 16448K(84480K)->8768K(17920K) Eden: 8704K(8704K)->0K(8704K) From: 7744K(75776K)->8768K(9216K)
[4.946s][info][gc,heap        ] GC(104) ParOldGen: 787205K(823296K)->795005K(823296K)
[4.946s][info][gc,metaspace   ] GC(104) Metaspace: 6302K(6528K)->6302K(6528K) NonClass: 5769K(5888K)->5769K(5888K) Class: 533K(640K)->533K(640K)
[4.946s][info][gc             ] GC(104) Pause Young (Allocation Failure) 784M->784M(821M) 15.902ms
[4.946s][info][gc,cpu         ] GC(104) User=0.02s Sys=0.00s Real=0.02s
[4.955s][info][gc,start       ] GC(105) Pause Young (Allocation Failure)
[4.969s][info][gc,heap        ] GC(105) PSYoungGen: 17472K(17920K)->8800K(79360K) Eden: 8704K(8704K)->0K(10240K) From: 8768K(9216K)->8800K(69120K)
[4.969s][info][gc,heap        ] GC(105) ParOldGen: 795005K(823296K)->803853K(823296K)
[4.969s][info][gc,metaspace   ] GC(105) Metaspace: 6302K(6528K)->6302K(6528K) NonClass: 5769K(5888K)->5769K(5888K) Class: 533K(640K)->533K(640K)
[4.969s][info][gc             ] GC(105) Pause Young (Allocation Failure) 793M->793M(881M) 14.394ms
[4.969s][info][gc,cpu         ] GC(105) User=0.02s Sys=0.00s Real=0.01s
[4.969s][info][gc,start       ] GC(106) Pause Full (Ergonomics)
[4.969s][info][gc,phases,start] GC(106) Marking Phase
[5.131s][info][gc,phases      ] GC(106) Marking Phase 161.088ms
[5.131s][info][gc,phases,start] GC(106) Summary Phase
[5.131s][info][gc,phases      ] GC(106) Summary Phase 0.026ms
[5.131s][info][gc,phases,start] GC(106) Adjust Roots
[5.131s][info][gc,phases      ] GC(106) Adjust Roots 0.154ms
[5.131s][info][gc,phases,start] GC(106) Compaction Phase
[5.208s][info][gc,phases      ] GC(106) Compaction Phase 76.869ms
[5.208s][info][gc,phases,start] GC(106) Post Compact
[5.209s][info][gc,phases      ] GC(106) Post Compact 1.256ms
[5.210s][info][gc,heap        ] GC(106) PSYoungGen: 8800K(79360K)->0K(82432K) Eden: 0K(10240K)->0K(10240K) From: 8800K(69120K)->0K(72192K)
[5.210s][info][gc,heap        ] GC(106) ParOldGen: 803853K(823296K)->811228K(893952K)
[5.210s][info][gc,metaspace   ] GC(106) Metaspace: 6302K(6528K)->6302K(6528K) NonClass: 5769K(5888K)->5769K(5888K) Class: 533K(640K)->533K(640K)
[5.210s][info][gc             ] GC(106) Pause Full (Ergonomics) 793M->792M(953M) 240.204ms
[5.210s][info][gc,cpu         ] GC(106) User=1.64s Sys=0.00s Real=0.24s
[5.222s][info][gc,start       ] GC(107) Pause Young (Allocation Failure)
[5.234s][info][gc,heap        ] GC(107) PSYoungGen: 10240K(82432K)->10400K(75776K) Eden: 10240K(10240K)->0K(11264K) From: 0K(72192K)->10400K(64512K)
[5.234s][info][gc,heap        ] GC(107) ParOldGen: 811228K(893952K)->811228K(893952K)
[5.234s][info][gc,metaspace   ] GC(107) Metaspace: 6302K(6528K)->6302K(6528K) NonClass: 5769K(5888K)->5769K(5888K) Class: 533K(640K)->533K(640K)
[5.234s][info][gc             ] GC(107) Pause Young (Allocation Failure) 802M->802M(947M) 12.064ms
[5.234s][info][gc,cpu         ] GC(107) User=0.00s Sys=0.00s Real=0.01s
[5.247s][info][gc,start       ] GC(108) Pause Young (Allocation Failure)
[5.261s][info][gc,heap        ] GC(108) PSYoungGen: 21664K(75776K)->11360K(23040K) Eden: 11264K(11264K)->0K(11264K) From: 10400K(64512K)->11360K(11776K)
[5.261s][info][gc,heap        ] GC(108) ParOldGen: 811228K(893952K)->821628K(893952K)
[5.261s][info][gc,metaspace   ] GC(108) Metaspace: 6302K(6528K)->6302K(6528K) NonClass: 5769K(5888K)->5769K(5888K) Class: 533K(640K)->533K(640K)
[5.261s][info][gc             ] GC(108) Pause Young (Allocation Failure) 813M->813M(895M) 14.844ms
[5.262s][info][gc,cpu         ] GC(108) User=0.00s Sys=0.02s Real=0.02s
[5.274s][info][gc,start       ] GC(109) Pause Young (Allocation Failure)
[5.289s][info][gc,heap        ] GC(109) PSYoungGen: 22624K(23040K)->11392K(70656K) Eden: 11264K(11264K)->0K(12800K) From: 11360K(11776K)->11392K(57856K)
[5.289s][info][gc,heap        ] GC(109) ParOldGen: 821628K(893952K)->833076K(893952K)
[5.289s][info][gc,metaspace   ] GC(109) Metaspace: 6302K(6528K)->6302K(6528K) NonClass: 5769K(5888K)->5769K(5888K) Class: 533K(640K)->533K(640K)
[5.289s][info][gc             ] GC(109) Pause Young (Allocation Failure) 824M->824M(942M) 15.488ms
[5.289s][info][gc,cpu         ] GC(109) User=0.09s Sys=0.02s Real=0.02s
[5.302s][info][gc,start       ] GC(110) Pause Young (Allocation Failure)
[5.319s][info][gc,heap        ] GC(110) PSYoungGen: 24192K(70656K)->12896K(26112K) Eden: 12800K(12800K)->0K(12800K) From: 11392K(57856K)->12896K(13312K)
[5.319s][info][gc,heap        ] GC(110) ParOldGen: 833076K(893952K)->844524K(893952K)
[5.319s][info][gc,metaspace   ] GC(110) Metaspace: 6302K(6528K)->6302K(6528K) NonClass: 5769K(5888K)->5769K(5888K) Class: 533K(640K)->533K(640K)
[5.319s][info][gc             ] GC(110) Pause Young (Allocation Failure) 837M->837M(898M) 16.961ms
[5.319s][info][gc,cpu         ] GC(110) User=0.03s Sys=0.00s Real=0.02s
[5.332s][info][gc,start       ] GC(111) Pause Young (Allocation Failure)
[5.350s][info][gc,heap        ] GC(111) PSYoungGen: 25696K(26112K)->12928K(66048K) Eden: 12800K(12800K)->0K(14336K) From: 12896K(13312K)->12928K(51712K)
[5.351s][info][gc,heap        ] GC(111) ParOldGen: 844524K(893952K)->857524K(893952K)
[5.351s][info][gc,metaspace   ] GC(111) Metaspace: 6302K(6528K)->6302K(6528K) NonClass: 5769K(5888K)->5769K(5888K) Class: 533K(640K)->533K(640K)
[5.351s][info][gc             ] GC(111) Pause Young (Allocation Failure) 849M->850M(937M) 18.414ms
[5.351s][info][gc,cpu         ] GC(111) User=0.03s Sys=0.00s Real=0.02s
[5.366s][info][gc,start       ] GC(112) Pause Young (Allocation Failure)
[5.385s][info][gc,heap        ] GC(112) PSYoungGen: 27264K(66048K)->14400K(29184K) Eden: 14336K(14336K)->0K(14336K) From: 12928K(51712K)->14400K(14848K)
[5.385s][info][gc,heap        ] GC(112) ParOldGen: 857524K(893952K)->870540K(893952K)
[5.385s][info][gc,metaspace   ] GC(112) Metaspace: 6302K(6528K)->6302K(6528K) NonClass: 5769K(5888K)->5769K(5888K) Class: 533K(640K)->533K(640K)
[5.385s][info][gc             ] GC(112) Pause Young (Allocation Failure) 864M->864M(901M) 18.577ms
[5.385s][info][gc,cpu         ] GC(112) User=0.02s Sys=0.12s Real=0.02s
[5.400s][info][gc,start       ] GC(113) Pause Young (Allocation Failure)
[5.420s][info][gc,heap        ] GC(113) PSYoungGen: 28736K(29184K)->14432K(61952K) Eden: 14336K(14336K)->0K(16384K) From: 14400K(14848K)->14432K(45568K)
[5.420s][info][gc,heap        ] GC(113) ParOldGen: 870540K(893952K)->885100K(893952K)
[5.420s][info][gc,metaspace   ] GC(113) Metaspace: 6302K(6528K)->6302K(6528K) NonClass: 5769K(5888K)->5769K(5888K) Class: 533K(640K)->533K(640K)
[5.420s][info][gc             ] GC(113) Pause Young (Allocation Failure) 878M->878M(933M) 19.736ms
[5.420s][info][gc,cpu         ] GC(113) User=0.08s Sys=0.05s Real=0.02s
[5.420s][info][gc,start       ] GC(114) Pause Full (Ergonomics)
[5.420s][info][gc,phases,start] GC(114) Marking Phase
[5.614s][info][gc,phases      ] GC(114) Marking Phase 193.773ms
[5.614s][info][gc,phases,start] GC(114) Summary Phase
[5.614s][info][gc,phases      ] GC(114) Summary Phase 0.027ms
[5.614s][info][gc,phases,start] GC(114) Adjust Roots
[5.614s][info][gc,phases      ] GC(114) Adjust Roots 0.166ms
[5.614s][info][gc,phases,start] GC(114) Compaction Phase
[5.704s][info][gc,phases      ] GC(114) Compaction Phase 89.900ms
[5.704s][info][gc,phases,start] GC(114) Post Compact
[5.705s][info][gc,phases      ] GC(114) Post Compact 1.513ms
[5.706s][info][gc,heap        ] GC(114) PSYoungGen: 14432K(61952K)->4594K(64000K) Eden: 0K(16384K)->0K(18432K) From: 14432K(45568K)->4594K(45568K)
[5.706s][info][gc,heap        ] GC(114) ParOldGen: 885100K(893952K)->893446K(980992K)
[5.706s][info][gc,metaspace   ] GC(114) Metaspace: 6302K(6528K)->6302K(6528K) NonClass: 5769K(5888K)->5769K(5888K) Class: 533K(640K)->533K(640K)
[5.706s][info][gc             ] GC(114) Pause Full (Ergonomics) 878M->876M(1020M) 286.392ms
[5.706s][info][gc,cpu         ] GC(114) User=2.02s Sys=0.00s Real=0.29s
[5.727s][info][gc,start       ] GC(115) Pause Young (Allocation Failure)
[5.778s][info][gc,heap        ] GC(115) PSYoungGen: 23026K(64000K)->18592K(37376K) Eden: 18432K(18432K)->0K(18432K) From: 4594K(45568K)->18592K(18944K)
[5.778s][info][gc,heap        ] GC(115) ParOldGen: 893446K(980992K)->898150K(980992K)
[5.778s][info][gc,metaspace   ] GC(115) Metaspace: 6302K(6528K)->6302K(6528K) NonClass: 5769K(5888K)->5769K(5888K) Class: 533K(640K)->533K(640K)
[5.778s][info][gc             ] GC(115) Pause Young (Allocation Failure) 894M->895M(994M) 51.279ms
[5.778s][info][gc,cpu         ] GC(115) User=0.39s Sys=0.00s Real=0.05s
[5.798s][info][gc,start       ] GC(116) Pause Young (Allocation Failure)
[5.819s][info][gc,heap        ] GC(116) PSYoungGen: 37024K(37376K)->36992K(61952K) Eden: 18432K(18432K)->0K(15872K) From: 18592K(18944K)->36992K(46080K)
[5.819s][info][gc,heap        ] GC(116) ParOldGen: 898150K(980992K)->898150K(980992K)
[5.819s][info][gc,metaspace   ] GC(116) Metaspace: 6302K(6528K)->6302K(6528K) NonClass: 5769K(5888K)->5769K(5888K) Class: 533K(640K)->533K(640K)
[5.819s][info][gc             ] GC(116) Pause Young (Allocation Failure) 913M->913M(1018M) 20.814ms
[5.819s][info][gc,cpu         ] GC(116) User=0.12s Sys=0.00s Real=0.02s
[5.837s][info][gc,start       ] GC(117) Pause Young (Allocation Failure)
[5.864s][info][gc,heap        ] GC(117) PSYoungGen: 52864K(61952K)->50688K(66560K) Eden: 15872K(15872K)->0K(15872K) From: 36992K(46080K)->50688K(50688K)
[5.864s][info][gc,heap        ] GC(117) ParOldGen: 898150K(980992K)->900278K(980992K)
[5.864s][info][gc,metaspace   ] GC(117) Metaspace: 6302K(6528K)->6302K(6528K) NonClass: 5769K(5888K)->5769K(5888K) Class: 533K(640K)->533K(640K)
[5.864s][info][gc             ] GC(117) Pause Young (Allocation Failure) 928M->928M(1023M) 27.210ms
[5.864s][info][gc,cpu         ] GC(117) User=0.12s Sys=0.00s Real=0.03s
[5.882s][info][gc,start       ] GC(118) Pause Young (Allocation Failure)
[5.925s][info][gc,heap        ] GC(118) PSYoungGen: 66560K(66560K)->31552K(77824K) Eden: 15872K(15872K)->0K(17920K) From: 50688K(50688K)->31552K(59904K)
[5.925s][info][gc,heap        ] GC(118) ParOldGen: 900278K(980992K)->935966K(980992K)
[5.925s][info][gc,metaspace   ] GC(118) Metaspace: 6302K(6528K)->6302K(6528K) NonClass: 5769K(5888K)->5769K(5888K) Class: 533K(640K)->533K(640K)
[5.925s][info][gc             ] GC(118) Pause Young (Allocation Failure) 944M->944M(1034M) 42.692ms
[5.925s][info][gc,cpu         ] GC(118) User=0.14s Sys=0.20s Real=0.04s
[5.945s][info][gc,start       ] GC(119) Pause Young (Allocation Failure)
[5.974s][info][gc,heap        ] GC(119) PSYoungGen: 49472K(77824K)->33920K(77824K) Eden: 17920K(17920K)->0K(17920K) From: 31552K(59904K)->33920K(59904K)
[5.974s][info][gc,heap        ] GC(119) ParOldGen: 935966K(980992K)->951726K(980992K)
[5.974s][info][gc,metaspace   ] GC(119) Metaspace: 6302K(6528K)->6302K(6528K) NonClass: 5769K(5888K)->5769K(5888K) Class: 533K(640K)->533K(640K)
[5.974s][info][gc             ] GC(119) Pause Young (Allocation Failure) 962M->962M(1034M) 29.809ms
[5.974s][info][gc,cpu         ] GC(119) User=0.08s Sys=0.06s Real=0.03s
[5.974s][info][gc,start       ] GC(120) Pause Full (Ergonomics)
[5.974s][info][gc,phases,start] GC(120) Marking Phase
[6.188s][info][gc,phases      ] GC(120) Marking Phase 214.036ms
[6.189s][info][gc,phases,start] GC(120) Summary Phase
[6.189s][info][gc,phases      ] GC(120) Summary Phase 0.023ms
[6.189s][info][gc,phases,start] GC(120) Adjust Roots
[6.189s][info][gc,phases      ] GC(120) Adjust Roots 0.155ms
[6.189s][info][gc,phases,start] GC(120) Compaction Phase
[6.276s][info][gc,phases      ] GC(120) Compaction Phase 87.087ms
[6.276s][info][gc,phases,start] GC(120) Post Compact
[6.278s][info][gc,phases      ] GC(120) Post Compact 1.733ms
[6.279s][info][gc,heap        ] GC(120) PSYoungGen: 33920K(77824K)->3584K(77824K) Eden: 0K(17920K)->0K(17920K) From: 33920K(59904K)->3584K(59904K)
[6.279s][info][gc,heap        ] GC(120) ParOldGen: 951726K(980992K)->980828K(1082880K)
[6.279s][info][gc,metaspace   ] GC(120) Metaspace: 6302K(6528K)->6302K(6528K) NonClass: 5769K(5888K)->5769K(5888K) Class: 533K(640K)->533K(640K)
[6.279s][info][gc             ] GC(120) Pause Full (Ergonomics) 962M->961M(1133M) 304.250ms
[6.279s][info][gc,cpu         ] GC(120) User=2.14s Sys=0.06s Real=0.30s
[6.299s][info][gc,start       ] GC(121) Pause Young (Allocation Failure)
[6.353s][info][gc,heap        ] GC(121) PSYoungGen: 21504K(77824K)->20672K(74240K) Eden: 17920K(17920K)->0K(19968K) From: 3584K(59904K)->20672K(54272K)
[6.353s][info][gc,heap        ] GC(121) ParOldGen: 980828K(1082880K)->981868K(1082880K)
[6.353s][info][gc,metaspace   ] GC(121) Metaspace: 6302K(6528K)->6302K(6528K) NonClass: 5769K(5888K)->5769K(5888K) Class: 533K(640K)->533K(640K)
[6.353s][info][gc             ] GC(121) Pause Young (Allocation Failure) 978M->979M(1130M) 53.295ms
[6.353s][info][gc,cpu         ] GC(121) User=0.28s Sys=0.00s Real=0.05s
[6.375s][info][gc,start       ] GC(122) Pause Young (Allocation Failure)
[6.399s][info][gc,heap        ] GC(122) PSYoungGen: 40640K(74240K)->40640K(77312K) Eden: 19968K(19968K)->0K(19968K) From: 20672K(54272K)->40640K(57344K)
[6.399s][info][gc,heap        ] GC(122) ParOldGen: 981868K(1082880K)->981868K(1082880K)
[6.399s][info][gc,metaspace   ] GC(122) Metaspace: 6302K(6528K)->6302K(6528K) NonClass: 5769K(5888K)->5769K(5888K) Class: 533K(640K)->533K(640K)
[6.399s][info][gc             ] GC(122) Pause Young (Allocation Failure) 998M->998M(1133M) 23.731ms
[6.399s][info][gc,cpu         ] GC(122) User=0.11s Sys=0.02s Real=0.02s
[6.421s][info][gc,start       ] GC(123) Pause Young (Allocation Failure)
[6.461s][info][gc,heap        ] GC(123) PSYoungGen: 60608K(77312K)->59904K(72192K) Eden: 19968K(19968K)->0K(12288K) From: 40640K(57344K)->59904K(59904K)
[6.461s][info][gc,heap        ] GC(123) ParOldGen: 981868K(1082880K)->982580K(1082880K)
[6.461s][info][gc,metaspace   ] GC(123) Metaspace: 6302K(6528K)->6302K(6528K) NonClass: 5769K(5888K)->5769K(5888K) Class: 533K(640K)->533K(640K)
[6.461s][info][gc             ] GC(123) Pause Young (Allocation Failure) 1018M->1018M(1128M) 39.808ms
[6.461s][info][gc,cpu         ] GC(123) User=0.20s Sys=0.05s Real=0.04s
[6.475s][info][gc,start       ] GC(124) Pause Young (Allocation Failure)
[6.514s][info][gc,heap        ] GC(124) PSYoungGen: 72192K(72192K)->51904K(81920K) Eden: 12288K(12288K)->0K(12288K) From: 59904K(59904K)->51904K(69632K)
[6.515s][info][gc,heap        ] GC(124) ParOldGen: 982580K(1082880K)->1003188K(1082880K)
[6.515s][info][gc,metaspace   ] GC(124) Metaspace: 6302K(6528K)->6302K(6528K) NonClass: 5769K(5888K)->5769K(5888K) Class: 533K(640K)->533K(640K)
[6.515s][info][gc             ] GC(124) Pause Young (Allocation Failure) 1030M->1030M(1137M) 39.989ms
[6.515s][info][gc,cpu         ] GC(124) User=0.12s Sys=0.14s Real=0.04s
[6.528s][info][gc,start       ] GC(125) Pause Young (Allocation Failure)
[6.565s][info][gc,heap        ] GC(125) PSYoungGen: 64192K(81920K)->44448K(87552K) Eden: 12288K(12288K)->0K(13312K) From: 51904K(69632K)->44448K(74240K)
[6.565s][info][gc,heap        ] GC(125) ParOldGen: 1003188K(1082880K)->1023236K(1082880K)
[6.565s][info][gc,metaspace   ] GC(125) Metaspace: 6302K(6528K)->6302K(6528K) NonClass: 5769K(5888K)->5769K(5888K) Class: 533K(640K)->533K(640K)
[6.565s][info][gc             ] GC(125) Pause Young (Allocation Failure) 1042M->1042M(1143M) 36.971ms
[6.565s][info][gc,cpu         ] GC(125) User=0.20s Sys=0.05s Real=0.04s
[6.580s][info][gc,start       ] GC(126) Pause Young (Allocation Failure)
[6.619s][info][gc,heap        ] GC(126) PSYoungGen: 57760K(87552K)->25792K(39424K) Eden: 13312K(13312K)->0K(13312K) From: 44448K(74240K)->25792K(26112K)
[6.619s][info][gc,heap        ] GC(126) ParOldGen: 1023236K(1082880K)->1055716K(1082880K)
[6.619s][info][gc,metaspace   ] GC(126) Metaspace: 6302K(6528K)->6302K(6528K) NonClass: 5769K(5888K)->5769K(5888K) Class: 533K(640K)->533K(640K)
[6.619s][info][gc             ] GC(126) Pause Young (Allocation Failure) 1055M->1056M(1096M) 39.035ms
[6.619s][info][gc,cpu         ] GC(126) User=0.16s Sys=0.11s Real=0.04s
[6.619s][info][gc,start       ] GC(127) Pause Full (Ergonomics)
[6.619s][info][gc,phases,start] GC(127) Marking Phase
[6.861s][info][gc,phases      ] GC(127) Marking Phase 242.031ms
[6.861s][info][gc,phases,start] GC(127) Summary Phase
[6.861s][info][gc,phases      ] GC(127) Summary Phase 0.031ms
[6.861s][info][gc,phases,start] GC(127) Adjust Roots
[6.861s][info][gc,phases      ] GC(127) Adjust Roots 0.166ms
[6.861s][info][gc,phases,start] GC(127) Compaction Phase
[6.959s][info][gc,phases      ] GC(127) Compaction Phase 97.775ms
[6.959s][info][gc,phases,start] GC(127) Post Compact
[6.961s][info][gc,phases      ] GC(127) Post Compact 1.825ms
[6.962s][info][gc,heap        ] GC(127) PSYoungGen: 25792K(39424K)->0K(87040K) Eden: 0K(13312K)->0K(15360K) From: 25792K(26112K)->0K(71680K)
[6.962s][info][gc,heap        ] GC(127) ParOldGen: 1055716K(1082880K)->1079960K(1198592K)
[6.962s][info][gc,metaspace   ] GC(127) Metaspace: 6302K(6528K)->6302K(6528K) NonClass: 5769K(5888K)->5769K(5888K) Class: 533K(640K)->533K(640K)
[6.962s][info][gc             ] GC(127) Pause Full (Ergonomics) 1056M->1054M(1255M) 343.033ms
[6.962s][info][gc,cpu         ] GC(127) User=2.41s Sys=0.08s Real=0.34s
[6.979s][info][gc,start       ] GC(128) Pause Young (Allocation Failure)
[6.993s][info][gc,heap        ] GC(128) PSYoungGen: 15360K(87040K)->15488K(87040K) Eden: 15360K(15360K)->0K(15360K) From: 0K(71680K)->15488K(71680K)
[6.993s][info][gc,heap        ] GC(128) ParOldGen: 1079960K(1198592K)->1079960K(1198592K)
[6.993s][info][gc,metaspace   ] GC(128) Metaspace: 6302K(6528K)->6302K(6528K) NonClass: 5769K(5888K)->5769K(5888K) Class: 533K(640K)->533K(640K)
[6.993s][info][gc             ] GC(128) Pause Young (Allocation Failure) 1069M->1069M(1255M) 14.191ms
[6.993s][info][gc,cpu         ] GC(128) User=0.02s Sys=0.00s Real=0.01s
[7.010s][info][gc,start       ] GC(129) Pause Young (Allocation Failure)
[7.035s][info][gc,heap        ] GC(129) PSYoungGen: 30848K(87040K)->15456K(85504K) Eden: 15360K(15360K)->0K(17408K) From: 15488K(71680K)->15456K(68096K)
[7.035s][info][gc,heap        ] GC(129) ParOldGen: 1079960K(1198592K)->1095560K(1198592K)
[7.035s][info][gc,metaspace   ] GC(129) Metaspace: 6302K(6528K)->6302K(6528K) NonClass: 5769K(5888K)->5769K(5888K) Class: 533K(640K)->533K(640K)
[7.035s][info][gc             ] GC(129) Pause Young (Allocation Failure) 1084M->1084M(1254M) 24.126ms
[7.035s][info][gc,cpu         ] GC(129) User=0.12s Sys=0.00s Real=0.02s
[7.053s][info][gc,start       ] GC(130) Pause Young (Allocation Failure)
[7.079s][info][gc,heap        ] GC(130) PSYoungGen: 32864K(85504K)->17568K(86528K) Eden: 17408K(17408K)->0K(17408K) From: 15456K(68096K)->17568K(69120K)
[7.079s][info][gc,heap        ] GC(130) ParOldGen: 1095560K(1198592K)->1111160K(1198592K)
[7.079s][info][gc,metaspace   ] GC(130) Metaspace: 6302K(6528K)->6302K(6528K) NonClass: 5769K(5888K)->5769K(5888K) Class: 533K(640K)->533K(640K)
[7.079s][info][gc             ] GC(130) Pause Young (Allocation Failure) 1101M->1102M(1255M) 25.243ms
[7.079s][info][gc,cpu         ] GC(130) User=0.06s Sys=0.08s Real=0.02s
[7.099s][info][gc,start       ] GC(131) Pause Young (Allocation Failure)
[7.126s][info][gc,heap        ] GC(131) PSYoungGen: 34976K(86528K)->17536K(82432K) Eden: 17408K(17408K)->0K(19456K) From: 17568K(69120K)->17536K(62976K)
[7.127s][info][gc,heap        ] GC(131) ParOldGen: 1111160K(1198592K)->1128832K(1198592K)
[7.127s][info][gc,metaspace   ] GC(131) Metaspace: 6302K(6528K)->6302K(6528K) NonClass: 5769K(5888K)->5769K(5888K) Class: 533K(640K)->533K(640K)
[7.127s][info][gc             ] GC(131) Pause Young (Allocation Failure) 1119M->1119M(1251M) 27.978ms
[7.127s][info][gc,cpu         ] GC(131) User=0.08s Sys=0.05s Real=0.03s
[7.149s][info][gc,start       ] GC(132) Pause Young (Allocation Failure)
[7.178s][info][gc,heap        ] GC(132) PSYoungGen: 36992K(82432K)->19584K(39424K) Eden: 19456K(19456K)->0K(19456K) From: 17536K(62976K)->19584K(19968K)
[7.178s][info][gc,heap        ] GC(132) ParOldGen: 1128832K(1198592K)->1146512K(1198592K)
[7.178s][info][gc,metaspace   ] GC(132) Metaspace: 6302K(6528K)->6302K(6528K) NonClass: 5769K(5888K)->5769K(5888K) Class: 533K(640K)->533K(640K)
[7.178s][info][gc             ] GC(132) Pause Young (Allocation Failure) 1138M->1138M(1209M) 29.130ms
[7.178s][info][gc,cpu         ] GC(132) User=0.23s Sys=0.00s Real=0.03s
[7.201s][info][gc,start       ] GC(133) Pause Young (Allocation Failure)
[7.232s][info][gc,heap        ] GC(133) PSYoungGen: 39040K(39424K)->19584K(79872K) Eden: 19456K(19456K)->0K(22016K) From: 19584K(19968K)->19584K(57856K)
[7.232s][info][gc,heap        ] GC(133) ParOldGen: 1146512K(1198592K)->1166272K(1198592K)
[7.232s][info][gc,metaspace   ] GC(133) Metaspace: 6302K(6528K)->6302K(6528K) NonClass: 5769K(5888K)->5769K(5888K) Class: 533K(640K)->533K(640K)
[7.232s][info][gc             ] GC(133) Pause Young (Allocation Failure) 1157M->1158M(1248M) 31.280ms
[7.232s][info][gc,cpu         ] GC(133) User=0.06s Sys=0.08s Real=0.03s
[7.232s][info][gc,start       ] GC(134) Pause Full (Ergonomics)
[7.232s][info][gc,phases,start] GC(134) Marking Phase
[7.500s][info][gc,phases      ] GC(134) Marking Phase 267.969ms
[7.500s][info][gc,phases,start] GC(134) Summary Phase
[7.500s][info][gc,phases      ] GC(134) Summary Phase 0.035ms
[7.500s][info][gc,phases,start] GC(134) Adjust Roots
[7.500s][info][gc,phases      ] GC(134) Adjust Roots 0.192ms
[7.500s][info][gc,phases,start] GC(134) Compaction Phase
[7.599s][info][gc,phases      ] GC(134) Compaction Phase 99.044ms
[7.599s][info][gc,phases,start] GC(134) Post Compact
[7.601s][info][gc,phases      ] GC(134) Post Compact 1.888ms
[7.602s][info][gc,heap        ] GC(134) PSYoungGen: 19584K(79872K)->0K(81920K) Eden: 0K(22016K)->0K(22016K) From: 19584K(57856K)->0K(59904K)
[7.602s][info][gc,heap        ] GC(134) ParOldGen: 1166272K(1198592K)->1184217K(1307648K)
[7.602s][info][gc,metaspace   ] GC(134) Metaspace: 6302K(6528K)->6302K(6528K) NonClass: 5769K(5888K)->5769K(5888K) Class: 533K(640K)->533K(640K)
[7.602s][info][gc             ] GC(134) Pause Full (Ergonomics) 1158M->1156M(1357M) 370.478ms
[7.602s][info][gc,cpu         ] GC(134) User=2.61s Sys=0.05s Real=0.37s
[7.630s][info][gc,start       ] GC(135) Pause Young (Allocation Failure)
[7.646s][info][gc,heap        ] GC(135) PSYoungGen: 22016K(81920K)->22144K(77312K) Eden: 22016K(22016K)->0K(24064K) From: 0K(59904K)->22144K(53248K)
[7.646s][info][gc,heap        ] GC(135) ParOldGen: 1184217K(1307648K)->1184217K(1307648K)
[7.647s][info][gc,metaspace   ] GC(135) Metaspace: 6302K(6528K)->6302K(6528K) NonClass: 5769K(5888K)->5769K(5888K) Class: 533K(640K)->533K(640K)
[7.647s][info][gc             ] GC(135) Pause Young (Allocation Failure) 1177M->1178M(1352M) 16.530ms
[7.647s][info][gc,cpu         ] GC(135) User=0.02s Sys=0.02s Real=0.02s
[7.675s][info][gc,start       ] GC(136) Pause Young (Allocation Failure)
[7.700s][info][gc,heap        ] GC(136) PSYoungGen: 46208K(77312K)->46208K(80896K) Eden: 24064K(24064K)->0K(24064K) From: 22144K(53248K)->46208K(56832K)
[7.700s][info][gc,heap        ] GC(136) ParOldGen: 1184217K(1307648K)->1184217K(1307648K)
[7.700s][info][gc,metaspace   ] GC(136) Metaspace: 6302K(6528K)->6302K(6528K) NonClass: 5769K(5888K)->5769K(5888K) Class: 533K(640K)->533K(640K)
[7.700s][info][gc             ] GC(136) Pause Young (Allocation Failure) 1201M->1201M(1356M) 25.185ms
[7.700s][info][gc,cpu         ] GC(136) User=0.14s Sys=0.00s Real=0.02s
[7.728s][info][gc,start       ] GC(137) Pause Young (Allocation Failure)
[7.774s][info][gc,heap        ] GC(137) PSYoungGen: 70272K(80896K)->61440K(75264K) Eden: 24064K(24064K)->0K(13824K) From: 46208K(56832K)->61440K(61440K)
[7.774s][info][gc,heap        ] GC(137) ParOldGen: 1184217K(1307648K)->1193129K(1307648K)
[7.774s][info][gc,metaspace   ] GC(137) Metaspace: 6302K(6528K)->6302K(6528K) NonClass: 5769K(5888K)->5769K(5888K) Class: 533K(640K)->533K(640K)
[7.774s][info][gc             ] GC(137) Pause Young (Allocation Failure) 1225M->1225M(1350M) 46.423ms
[7.774s][info][gc,cpu         ] GC(137) User=0.14s Sys=0.08s Real=0.05s
[7.790s][info][gc,start       ] GC(138) Pause Young (Allocation Failure)
[7.846s][info][gc,heap        ] GC(138) PSYoungGen: 75264K(75264K)->35712K(49664K) Eden: 13824K(13824K)->0K(13824K) From: 61440K(61440K)->35712K(35840K)
[7.846s][info][gc,heap        ] GC(138) ParOldGen: 1193129K(1307648K)->1233377K(1307648K)
[7.846s][info][gc,metaspace   ] GC(138) Metaspace: 6302K(6528K)->6302K(6528K) NonClass: 5769K(5888K)->5769K(5888K) Class: 533K(640K)->533K(640K)
[7.846s][info][gc             ] GC(138) Pause Young (Allocation Failure) 1238M->1239M(1325M) 55.904ms
[7.846s][info][gc,cpu         ] GC(138) User=0.27s Sys=0.11s Real=0.06s
[7.863s][info][gc,start       ] GC(139) Pause Young (Allocation Failure)
[7.899s][info][gc,heap        ] GC(139) PSYoungGen: 49536K(49664K)->27808K(80384K) Eden: 13824K(13824K)->0K(15872K) From: 35712K(35840K)->27808K(64512K)
[7.899s][info][gc,heap        ] GC(139) ParOldGen: 1233377K(1307648K)->1255481K(1307648K)
[7.899s][info][gc,metaspace   ] GC(139) Metaspace: 6302K(6528K)->6302K(6528K) NonClass: 5769K(5888K)->5769K(5888K) Class: 533K(640K)->533K(640K)
[7.900s][info][gc             ] GC(139) Pause Young (Allocation Failure) 1252M->1253M(1355M) 36.803ms
[7.900s][info][gc,cpu         ] GC(139) User=0.14s Sys=0.11s Real=0.04s
[7.919s][info][gc,start       ] GC(140) Pause Young (Allocation Failure)
[7.960s][info][gc,heap        ] GC(140) PSYoungGen: 43680K(80384K)->16032K(83968K) Eden: 15872K(15872K)->0K(15872K) From: 27808K(64512K)->16032K(68096K)
[7.960s][info][gc,heap        ] GC(140) ParOldGen: 1255481K(1307648K)->1283537K(1307648K)
[7.960s][info][gc,metaspace   ] GC(140) Metaspace: 6302K(6528K)->6302K(6528K) NonClass: 5769K(5888K)->5769K(5888K) Class: 533K(640K)->533K(640K)
[7.960s][info][gc             ] GC(140) Pause Young (Allocation Failure) 1268M->1269M(1359M) 41.270ms
[7.960s][info][gc,cpu         ] GC(140) User=0.11s Sys=0.14s Real=0.04s
[7.960s][info][gc,start       ] GC(141) Pause Full (Ergonomics)
[7.960s][info][gc,phases,start] GC(141) Marking Phase
[8.250s][info][gc,phases      ] GC(141) Marking Phase 290.156ms
[8.250s][info][gc,phases,start] GC(141) Summary Phase
[8.250s][info][gc,phases      ] GC(141) Summary Phase 0.033ms
[8.251s][info][gc,phases,start] GC(141) Adjust Roots
[8.251s][info][gc,phases      ] GC(141) Adjust Roots 0.159ms
[8.251s][info][gc,phases,start] GC(141) Compaction Phase
[8.360s][info][gc,phases      ] GC(141) Compaction Phase 108.918ms
[8.360s][info][gc,phases,start] GC(141) Post Compact
[8.362s][info][gc,phases      ] GC(141) Post Compact 2.163ms
[8.363s][info][gc,heap        ] GC(141) PSYoungGen: 16032K(83968K)->0K(85504K) Eden: 0K(15872K)->0K(18432K) From: 16032K(68096K)->0K(67072K)
[8.363s][info][gc,heap        ] GC(141) ParOldGen: 1283537K(1307648K)->1297687K(1438208K)
[8.363s][info][gc,metaspace   ] GC(141) Metaspace: 6302K(6528K)->6302K(6528K) NonClass: 5769K(5888K)->5769K(5888K) Class: 533K(640K)->533K(640K)
[8.363s][info][gc             ] GC(141) Pause Full (Ergonomics) 1269M->1267M(1488M) 403.216ms
[8.363s][info][gc,cpu         ] GC(141) User=3.06s Sys=0.05s Real=0.40s
[8.382s][info][gc,start       ] GC(142) Pause Young (Allocation Failure)
[8.394s][info][gc,heap        ] GC(142) PSYoungGen: 18432K(85504K)->11360K(85504K) Eden: 18432K(18432K)->0K(18432K) From: 0K(67072K)->11360K(67072K)
[8.394s][info][gc,heap        ] GC(142) ParOldGen: 1297687K(1438208K)->1297687K(1438208K)
[8.394s][info][gc,metaspace   ] GC(142) Metaspace: 6302K(6528K)->6302K(6528K) NonClass: 5769K(5888K)->5769K(5888K) Class: 533K(640K)->533K(640K)
[8.394s][info][gc             ] GC(142) Pause Young (Allocation Failure) 1285M->1278M(1488M) 12.388ms
[8.394s][info][gc,cpu         ] GC(142) User=0.02s Sys=0.00s Real=0.01s
[8.409s][info][gc,start       ] GC(143) Pause Young (Allocation Failure)
[8.426s][info][gc,heap        ] GC(143) PSYoungGen: 29792K(85504K)->20928K(81920K) Eden: 18432K(18432K)->0K(20480K) From: 11360K(67072K)->20928K(61440K)
[8.426s][info][gc,heap        ] GC(143) ParOldGen: 1297687K(1438208K)->1297687K(1438208K)
[8.426s][info][gc,metaspace   ] GC(143) Metaspace: 6302K(6528K)->6302K(6528K) NonClass: 5769K(5888K)->5769K(5888K) Class: 533K(640K)->533K(640K)
[8.426s][info][gc             ] GC(143) Pause Young (Allocation Failure) 1296M->1287M(1484M) 16.825ms
[8.426s][info][gc,cpu         ] GC(143) User=0.05s Sys=0.00s Real=0.02s
[8.450s][info][gc,start       ] GC(144) Pause Young (Allocation Failure)
[8.474s][info][gc,heap        ] GC(144) PSYoungGen: 41408K(81920K)->40832K(84480K) Eden: 20480K(20480K)->0K(20480K) From: 20928K(61440K)->40832K(64000K)
[8.474s][info][gc,heap        ] GC(144) ParOldGen: 1297687K(1438208K)->1297687K(1438208K)
[8.474s][info][gc,metaspace   ] GC(144) Metaspace: 6302K(6528K)->6302K(6528K) NonClass: 5769K(5888K)->5769K(5888K) Class: 533K(640K)->533K(640K)
[8.474s][info][gc             ] GC(144) Pause Young (Allocation Failure) 1307M->1307M(1487M) 23.960ms
[8.474s][info][gc,cpu         ] GC(144) User=0.11s Sys=0.00s Real=0.02s
[8.500s][info][gc,start       ] GC(145) Pause Young (Allocation Failure)
[8.536s][info][gc,heap        ] GC(145) PSYoungGen: 61312K(84480K)->50048K(83968K) Eden: 20480K(20480K)->0K(18432K) From: 40832K(64000K)->50048K(65536K)
[8.537s][info][gc,heap        ] GC(145) ParOldGen: 1297687K(1438208K)->1309103K(1438208K)
[8.537s][info][gc,metaspace   ] GC(145) Metaspace: 6302K(6528K)->6302K(6528K) NonClass: 5769K(5888K)->5769K(5888K) Class: 533K(640K)->533K(640K)
[8.537s][info][gc             ] GC(145) Pause Young (Allocation Failure) 1327M->1327M(1486M) 36.754ms
[8.537s][info][gc,cpu         ] GC(145) User=0.23s Sys=0.00s Real=0.04s
[8.558s][info][gc,start       ] GC(146) Pause Young (Allocation Failure)
[8.598s][info][gc,heap        ] GC(146) PSYoungGen: 68480K(83968K)->59008K(88064K) Eden: 18432K(18432K)->0K(18432K) From: 50048K(65536K)->59008K(69632K)
[8.598s][info][gc,heap        ] GC(146) ParOldGen: 1309103K(1438208K)->1318823K(1438208K)
[8.598s][info][gc,metaspace   ] GC(146) Metaspace: 6302K(6528K)->6302K(6528K) NonClass: 5769K(5888K)->5769K(5888K) Class: 533K(640K)->533K(640K)
[8.598s][info][gc             ] GC(146) Pause Young (Allocation Failure) 1345M->1345M(1490M) 39.437ms
[8.598s][info][gc,cpu         ] GC(146) User=0.23s Sys=0.02s Real=0.04s
[8.620s][info][gc,start       ] GC(147) Pause Young (Allocation Failure)
[8.671s][info][gc,heap        ] GC(147) PSYoungGen: 77440K(88064K)->57440K(92672K) Eden: 18432K(18432K)->0K(16384K) From: 59008K(69632K)->57440K(76288K)
[8.671s][info][gc,heap        ] GC(147) ParOldGen: 1318823K(1438208K)->1339015K(1438208K)
[8.671s][info][gc,metaspace   ] GC(147) Metaspace: 6302K(6528K)->6302K(6528K) NonClass: 5769K(5888K)->5769K(5888K) Class: 533K(640K)->533K(640K)
[8.671s][info][gc             ] GC(147) Pause Young (Allocation Failure) 1363M->1363M(1495M) 51.328ms
[8.671s][info][gc,cpu         ] GC(147) User=0.11s Sys=0.17s Real=0.05s
[9.045s][info][gc,start       ] GC(148) Pause Full (Ergonomics)
[9.045s][info][gc,phases,start] GC(148) Marking Phase
[9.373s][info][gc,phases      ] GC(148) Marking Phase 327.123ms
[9.373s][info][gc,phases,start] GC(148) Summary Phase
[9.373s][info][gc,phases      ] GC(148) Summary Phase 0.041ms
[9.373s][info][gc,phases,start] GC(148) Adjust Roots
[9.373s][info][gc,phases      ] GC(148) Adjust Roots 0.268ms
[9.373s][info][gc,phases,start] GC(148) Compaction Phase
[9.715s][info][gc,phases      ] GC(148) Compaction Phase 341.555ms
[9.715s][info][gc,phases,start] GC(148) Post Compact
[9.719s][info][gc,phases      ] GC(148) Post Compact 3.998ms
[9.720s][info][gc,heap        ] GC(148) PSYoungGen: 73824K(92672K)->6660K(92672K) Eden: 16384K(16384K)->0K(16384K) From: 57440K(76288K)->6660K(76288K)
[9.720s][info][gc,heap        ] GC(148) ParOldGen: 1404551K(1438208K)->1437996K(1581568K)
[9.720s][info][gc,metaspace   ] GC(148) Metaspace: 6302K(6528K)->6302K(6528K) NonClass: 5769K(5888K)->5769K(5888K) Class: 533K(640K)->533K(640K)
[9.720s][info][gc             ] GC(148) Pause Full (Ergonomics) 1443M->1410M(1635M) 674.670ms
[9.720s][info][gc,cpu         ] GC(148) User=4.39s Sys=0.16s Real=0.67s
[9.739s][info][gc,start       ] GC(149) Pause Young (Allocation Failure)
[9.818s][info][gc,heap        ] GC(149) PSYoungGen: 23044K(92672K)->20992K(97280K) Eden: 16384K(16384K)->0K(16384K) From: 6660K(76288K)->20992K(80896K)
[9.818s][info][gc,heap        ] GC(149) ParOldGen: 1437996K(1581568K)->1440244K(1581568K)
[9.818s][info][gc,metaspace   ] GC(149) Metaspace: 6302K(6528K)->6302K(6528K) NonClass: 5769K(5888K)->5769K(5888K) Class: 533K(640K)->533K(640K)
[9.818s][info][gc             ] GC(149) Pause Young (Allocation Failure) 1426M->1426M(1639M) 79.247ms
[9.818s][info][gc,cpu         ] GC(149) User=0.41s Sys=0.00s Real=0.08s
[9.834s][info][gc,start       ] GC(150) Pause Young (Allocation Failure)
[9.861s][info][gc,heap        ] GC(150) PSYoungGen: 37376K(97280K)->37376K(90112K) Eden: 16384K(16384K)->0K(18432K) From: 20992K(80896K)->37376K(71680K)
[9.861s][info][gc,heap        ] GC(150) ParOldGen: 1440244K(1581568K)->1440244K(1581568K)
[9.861s][info][gc,metaspace   ] GC(150) Metaspace: 6302K(6528K)->6302K(6528K) NonClass: 5769K(5888K)->5769K(5888K) Class: 533K(640K)->533K(640K)
[9.861s][info][gc             ] GC(150) Pause Young (Allocation Failure) 1442M->1442M(1632M) 27.329ms
[9.861s][info][gc,cpu         ] GC(150) User=0.05s Sys=0.00s Real=0.03s
[9.878s][info][gc,start       ] GC(151) Pause Young (Allocation Failure)
[9.911s][info][gc,heap        ] GC(151) PSYoungGen: 55808K(90112K)->53312K(93696K) Eden: 18432K(18432K)->0K(18432K) From: 37376K(71680K)->53312K(75264K)
[9.911s][info][gc,heap        ] GC(151) ParOldGen: 1440244K(1581568K)->1442820K(1581568K)
[9.911s][info][gc,metaspace   ] GC(151) Metaspace: 6302K(6528K)->6302K(6528K) NonClass: 5769K(5888K)->5769K(5888K) Class: 533K(640K)->533K(640K)
[9.911s][info][gc             ] GC(151) Pause Young (Allocation Failure) 1460M->1461M(1636M) 33.600ms
[9.911s][info][gc,cpu         ] GC(151) User=0.05s Sys=0.00s Real=0.03s
[9.928s][info][gc,start       ] GC(152) Pause Young (Allocation Failure)
[9.973s][info][gc,heap        ] GC(152) PSYoungGen: 71744K(93696K)->69792K(91136K) Eden: 18432K(18432K)->0K(12800K) From: 53312K(75264K)->69792K(78336K)
[9.973s][info][gc,heap        ] GC(152) ParOldGen: 1442820K(1581568K)->1444868K(1581568K)
[9.973s][info][gc,metaspace   ] GC(152) Metaspace: 6302K(6528K)->6302K(6528K) NonClass: 5769K(5888K)->5769K(5888K) Class: 533K(640K)->533K(640K)
[9.973s][info][gc             ] GC(152) Pause Young (Allocation Failure) 1479M->1479M(1633M) 45.521ms
[9.973s][info][gc,cpu         ] GC(152) User=0.09s Sys=0.00s Real=0.05s
[9.985s][info][gc,start       ] GC(153) Pause Young (Allocation Failure)
[10.041s][info][gc,heap        ] GC(153) PSYoungGen: 82592K(91136K)->49760K(99328K) Eden: 12800K(12800K)->0K(12800K) From: 69792K(78336K)->49760K(86528K)
[10.041s][info][gc,heap        ] GC(153) ParOldGen: 1444868K(1581568K)->1478108K(1581568K)
[10.041s][info][gc,metaspace   ] GC(153) Metaspace: 6302K(6528K)->6302K(6528K) NonClass: 5769K(5888K)->5769K(5888K) Class: 533K(640K)->533K(640K)
[10.041s][info][gc             ] GC(153) Pause Young (Allocation Failure) 1491M->1492M(1641M) 55.993ms
[10.041s][info][gc,cpu         ] GC(153) User=0.28s Sys=0.09s Real=0.06s
[10.054s][info][gc,start       ] GC(154) Pause Young (Allocation Failure)
[10.104s][info][gc,heap        ] GC(154) PSYoungGen: 62560K(99328K)->25728K(96256K) Eden: 12800K(12800K)->0K(14848K) From: 49760K(86528K)->25728K(81408K)
[10.104s][info][gc,heap        ] GC(154) ParOldGen: 1478108K(1581568K)->1515516K(1581568K)
[10.104s][info][gc,metaspace   ] GC(154) Metaspace: 6302K(6528K)->6302K(6528K) NonClass: 5769K(5888K)->5769K(5888K) Class: 533K(640K)->533K(640K)
[10.104s][info][gc             ] GC(154) Pause Young (Allocation Failure) 1504M->1505M(1638M) 50.503ms
[10.104s][info][gc,cpu         ] GC(154) User=0.16s Sys=0.23s Real=0.05s
[10.119s][info][gc,start       ] GC(155) Pause Young (Allocation Failure)
[10.156s][info][gc,heap        ] GC(155) PSYoungGen: 40576K(96256K)->14976K(98304K) Eden: 14848K(14848K)->0K(14848K) From: 25728K(81408K)->14976K(83456K)
[10.156s][info][gc,heap        ] GC(155) ParOldGen: 1515516K(1581568K)->1541500K(1581568K)
[10.156s][info][gc,metaspace   ] GC(155) Metaspace: 6302K(6528K)->6302K(6528K) NonClass: 5769K(5888K)->5769K(5888K) Class: 533K(640K)->533K(640K)
[10.156s][info][gc             ] GC(155) Pause Young (Allocation Failure) 1519M->1519M(1640M) 36.645ms
[10.156s][info][gc,cpu         ] GC(155) User=0.14s Sys=0.08s Real=0.04s
[10.156s][info][gc,start       ] GC(156) Pause Full (Ergonomics)
[10.156s][info][gc,phases,start] GC(156) Marking Phase
[10.490s][info][gc,phases      ] GC(156) Marking Phase 334.094ms
[10.490s][info][gc,phases,start] GC(156) Summary Phase
[10.490s][info][gc,phases      ] GC(156) Summary Phase 0.037ms
[10.490s][info][gc,phases,start] GC(156) Adjust Roots
[10.490s][info][gc,phases      ] GC(156) Adjust Roots 0.166ms
[10.491s][info][gc,phases,start] GC(156) Compaction Phase
[10.636s][info][gc,phases      ] GC(156) Compaction Phase 145.104ms
[10.636s][info][gc,phases,start] GC(156) Post Compact
[10.638s][info][gc,phases      ] GC(156) Post Compact 2.756ms
[10.640s][info][gc,heap        ] GC(156) PSYoungGen: 14976K(98304K)->0K(100864K) Eden: 0K(14848K)->0K(17408K) From: 14976K(83456K)->0K(83456K)
[10.640s][info][gc,heap        ] GC(156) ParOldGen: 1541500K(1581568K)->1554516K(1721856K)
[10.640s][info][gc,metaspace   ] GC(156) Metaspace: 6302K(6528K)->6302K(6528K) NonClass: 5769K(5888K)->5769K(5888K) Class: 533K(640K)->533K(640K)
[10.640s][info][gc             ] GC(156) Pause Full (Ergonomics) 1519M->1518M(1780M) 483.985ms
[10.640s][info][gc,cpu         ] GC(156) User=3.34s Sys=0.06s Real=0.48s
[10.659s][info][gc,start       ] GC(157) Pause Young (Allocation Failure)
[10.679s][info][gc,heap        ] GC(157) PSYoungGen: 17408K(100864K)->17504K(100864K) Eden: 17408K(17408K)->0K(17408K) From: 0K(83456K)->17504K(83456K)
[10.679s][info][gc,heap        ] GC(157) ParOldGen: 1554516K(1721856K)->1554516K(1721856K)
[10.679s][info][gc,metaspace   ] GC(157) Metaspace: 6302K(6528K)->6302K(6528K) NonClass: 5769K(5888K)->5769K(5888K) Class: 533K(640K)->533K(640K)
[10.679s][info][gc             ] GC(157) Pause Young (Allocation Failure) 1535M->1535M(1780M) 20.036ms
[10.680s][info][gc,cpu         ] GC(157) User=0.03s Sys=0.00s Real=0.02s
[10.697s][info][gc,start       ] GC(158) Pause Young (Allocation Failure)
[10.726s][info][gc,heap        ] GC(158) PSYoungGen: 34912K(100864K)->17536K(98304K) Eden: 17408K(17408K)->0K(19456K) From: 17504K(83456K)->17536K(78848K)
[10.726s][info][gc,heap        ] GC(158) ParOldGen: 1554516K(1721856K)->1572196K(1721856K)
[10.726s][info][gc,metaspace   ] GC(158) Metaspace: 6302K(6528K)->6302K(6528K) NonClass: 5769K(5888K)->5769K(5888K) Class: 533K(640K)->533K(640K)
[10.727s][info][gc             ] GC(158) Pause Young (Allocation Failure) 1552M->1552M(1777M) 29.948ms
[10.727s][info][gc,cpu         ] GC(158) User=0.03s Sys=0.09s Real=0.03s
[10.746s][info][gc,start       ] GC(159) Pause Young (Allocation Failure)
[10.775s][info][gc,heap        ] GC(159) PSYoungGen: 36992K(98304K)->19584K(99840K) Eden: 19456K(19456K)->0K(19456K) From: 17536K(78848K)->19584K(80384K)
[10.775s][info][gc,heap        ] GC(159) ParOldGen: 1572196K(1721856K)->1589876K(1721856K)
[10.775s][info][gc,metaspace   ] GC(159) Metaspace: 6302K(6528K)->6302K(6528K) NonClass: 5769K(5888K)->5769K(5888K) Class: 533K(640K)->533K(640K)
[10.776s][info][gc             ] GC(159) Pause Young (Allocation Failure) 1571M->1571M(1779M) 29.985ms
[10.776s][info][gc,cpu         ] GC(159) User=0.12s Sys=0.02s Real=0.03s
[10.793s][info][gc,start       ] GC(160) Pause Young (Allocation Failure)
[10.825s][info][gc,heap        ] GC(160) PSYoungGen: 39040K(99840K)->19584K(95744K) Eden: 19456K(19456K)->0K(22016K) From: 19584K(80384K)->19584K(73728K)
[10.825s][info][gc,heap        ] GC(160) ParOldGen: 1589876K(1721856K)->1609652K(1721856K)
[10.825s][info][gc,metaspace   ] GC(160) Metaspace: 6302K(6528K)->6302K(6528K) NonClass: 5769K(5888K)->5769K(5888K) Class: 533K(640K)->533K(640K)
[10.825s][info][gc             ] GC(160) Pause Young (Allocation Failure) 1590M->1591M(1775M) 31.892ms
[10.825s][info][gc,cpu         ] GC(160) User=0.12s Sys=0.00s Real=0.03s
[10.846s][info][gc,start       ] GC(161) Pause Young (Allocation Failure)
[10.880s][info][gc,heap        ] GC(161) PSYoungGen: 41600K(95744K)->22144K(97792K) Eden: 22016K(22016K)->0K(22016K) From: 19584K(73728K)->22144K(75776K)
[10.880s][info][gc,heap        ] GC(161) ParOldGen: 1609652K(1721856K)->1629420K(1721856K)
[10.880s][info][gc,metaspace   ] GC(161) Metaspace: 6302K(6528K)->6302K(6528K) NonClass: 5769K(5888K)->5769K(5888K) Class: 533K(640K)->533K(640K)
[10.880s][info][gc             ] GC(161) Pause Young (Allocation Failure) 1612M->1612M(1777M) 34.041ms
[10.880s][info][gc,cpu         ] GC(161) User=0.08s Sys=0.00s Real=0.03s
[10.902s][info][gc,start       ] GC(162) Pause Young (Allocation Failure)
[10.939s][info][gc,heap        ] GC(162) PSYoungGen: 44160K(97792K)->22176K(91648K) Eden: 22016K(22016K)->0K(25088K) From: 22144K(75776K)->22176K(66560K)
[10.939s][info][gc,heap        ] GC(162) ParOldGen: 1629420K(1721856K)->1651780K(1721856K)
[10.939s][info][gc,metaspace   ] GC(162) Metaspace: 6302K(6528K)->6302K(6528K) NonClass: 5769K(5888K)->5769K(5888K) Class: 533K(640K)->533K(640K)
[10.939s][info][gc             ] GC(162) Pause Young (Allocation Failure) 1634M->1634M(1771M) 37.186ms
[10.939s][info][gc,cpu         ] GC(162) User=0.08s Sys=0.08s Real=0.04s
[10.964s][info][gc,start       ] GC(163) Pause Young (Allocation Failure)
[10.999s][info][gc,heap        ] GC(163) PSYoungGen: 47264K(91648K)->25248K(50688K) Eden: 25088K(25088K)->0K(25088K) From: 22176K(66560K)->25248K(25600K)
[10.999s][info][gc,heap        ] GC(163) ParOldGen: 1651780K(1721856K)->1674156K(1721856K)
[10.999s][info][gc,metaspace   ] GC(163) Metaspace: 6302K(6528K)->6302K(6528K) NonClass: 5769K(5888K)->5769K(5888K) Class: 533K(640K)->533K(640K)
[10.999s][info][gc             ] GC(163) Pause Young (Allocation Failure) 1659M->1659M(1731M) 35.350ms
[10.999s][info][gc,cpu         ] GC(163) User=0.14s Sys=0.11s Real=0.04s
[11.026s][info][gc,start       ] GC(164) Pause Young (Allocation Failure)
[11.065s][info][gc,heap        ] GC(164) PSYoungGen: 50336K(50688K)->25216K(88064K) Eden: 25088K(25088K)->0K(28160K) From: 25248K(25600K)->25216K(59904K)
[11.065s][info][gc,heap        ] GC(164) ParOldGen: 1674156K(1721856K)->1699644K(1721856K)
[11.065s][info][gc,metaspace   ] GC(164) Metaspace: 6302K(6528K)->6302K(6528K) NonClass: 5769K(5888K)->5769K(5888K) Class: 533K(640K)->533K(640K)
[11.065s][info][gc             ] GC(164) Pause Young (Allocation Failure) 1684M->1684M(1767M) 39.159ms
[11.065s][info][gc,cpu         ] GC(164) User=0.14s Sys=0.09s Real=0.04s
[11.065s][info][gc,start       ] GC(165) Pause Full (Ergonomics)
[11.065s][info][gc,phases,start] GC(165) Marking Phase
[11.444s][info][gc,phases      ] GC(165) Marking Phase 379.437ms
[11.444s][info][gc,phases,start] GC(165) Summary Phase
[11.444s][info][gc,phases      ] GC(165) Summary Phase 0.030ms
[11.444s][info][gc,phases,start] GC(165) Adjust Roots
[11.445s][info][gc,phases      ] GC(165) Adjust Roots 0.158ms
[11.445s][info][gc,phases,start] GC(165) Compaction Phase
[11.608s][info][gc,phases      ] GC(165) Compaction Phase 163.262ms
[11.608s][info][gc,phases,start] GC(165) Post Compact
[11.611s][info][gc,phases      ] GC(165) Post Compact 3.293ms
[11.613s][info][gc,heap        ] GC(165) PSYoungGen: 25216K(88064K)->559K(91136K) Eden: 0K(28160K)->0K(31232K) From: 25216K(59904K)->559K(59904K)
[11.613s][info][gc,heap        ] GC(165) ParOldGen: 1699644K(1721856K)->1721625K(1896960K)
[11.613s][info][gc,metaspace   ] GC(165) Metaspace: 6302K(6528K)->6302K(6528K) NonClass: 5769K(5888K)->5769K(5888K) Class: 533K(640K)->533K(640K)
[11.613s][info][gc             ] GC(165) Pause Full (Ergonomics) 1684M->1681M(1941M) 548.260ms
[11.613s][info][gc,cpu         ] GC(165) User=4.06s Sys=0.02s Real=0.55s
[11.650s][info][gc,start       ] GC(166) Pause Young (Allocation Failure)
[11.740s][info][gc,heap        ] GC(166) PSYoungGen: 31791K(91136K)->31392K(94208K) Eden: 31232K(31232K)->0K(31232K) From: 559K(59904K)->31392K(62976K)
[11.740s][info][gc,heap        ] GC(166) ParOldGen: 1721625K(1896960K)->1722225K(1896960K)
[11.740s][info][gc,metaspace   ] GC(166) Metaspace: 6302K(6528K)->6302K(6528K) NonClass: 5769K(5888K)->5769K(5888K) Class: 533K(640K)->533K(640K)
[11.740s][info][gc             ] GC(166) Pause Young (Allocation Failure) 1712M->1712M(1944M) 90.343ms
[11.740s][info][gc,cpu         ] GC(166) User=0.52s Sys=0.00s Real=0.09s
[11.773s][info][gc,start       ] GC(167) Pause Young (Allocation Failure)
[11.812s][info][gc,heap        ] GC(167) PSYoungGen: 62624K(94208K)->60928K(86528K) Eden: 31232K(31232K)->0K(25600K) From: 31392K(62976K)->60928K(60928K)
[11.812s][info][gc,heap        ] GC(167) ParOldGen: 1722225K(1896960K)->1723889K(1896960K)
[11.812s][info][gc,metaspace   ] GC(167) Metaspace: 6302K(6528K)->6302K(6528K) NonClass: 5769K(5888K)->5769K(5888K) Class: 533K(640K)->533K(640K)
[11.812s][info][gc             ] GC(167) Pause Young (Allocation Failure) 1743M->1742M(1937M) 38.755ms
[11.812s][info][gc,cpu         ] GC(167) User=0.30s Sys=0.00s Real=0.04s
[11.841s][info][gc,start       ] GC(168) Pause Young (Allocation Failure)
[11.920s][info][gc,heap        ] GC(168) PSYoungGen: 86528K(86528K)->25760K(95744K) Eden: 25600K(25600K)->0K(25600K) From: 60928K(60928K)->25760K(70144K)
[11.920s][info][gc,heap        ] GC(168) ParOldGen: 1723889K(1896960K)->1785665K(1896960K)
[11.920s][info][gc,metaspace   ] GC(168) Metaspace: 6302K(6528K)->6302K(6528K) NonClass: 5769K(5888K)->5769K(5888K) Class: 533K(640K)->533K(640K)
[11.920s][info][gc             ] GC(168) Pause Young (Allocation Failure) 1767M->1768M(1946M) 79.008ms
[11.920s][info][gc,cpu         ] GC(168) User=0.22s Sys=0.28s Real=0.08s
[11.945s][info][gc,start       ] GC(169) Pause Young (Allocation Failure)
[11.989s][info][gc,heap        ] GC(169) PSYoungGen: 51360K(95744K)->25728K(91136K) Eden: 25600K(25600K)->0K(28672K) From: 25760K(70144K)->25728K(62464K)
[11.989s][info][gc,heap        ] GC(169) ParOldGen: 1785665K(1896960K)->1811681K(1896960K)
[11.989s][info][gc,metaspace   ] GC(169) Metaspace: 6302K(6528K)->6302K(6528K) NonClass: 5769K(5888K)->5769K(5888K) Class: 533K(640K)->533K(640K)
[11.989s][info][gc             ] GC(169) Pause Young (Allocation Failure) 1793M->1794M(1941M) 44.250ms
[11.989s][info][gc,cpu         ] GC(169) User=0.16s Sys=0.11s Real=0.04s
[12.019s][info][gc,start       ] GC(170) Pause Young (Allocation Failure)
[12.063s][info][gc,heap        ] GC(170) PSYoungGen: 54400K(91136K)->28768K(93696K) Eden: 28672K(28672K)->0K(28672K) From: 25728K(62464K)->28768K(65024K)
[12.063s][info][gc,heap        ] GC(170) ParOldGen: 1811681K(1896960K)->1837681K(1896960K)
[12.063s][info][gc,metaspace   ] GC(170) Metaspace: 6302K(6528K)->6302K(6528K) NonClass: 5769K(5888K)->5769K(5888K) Class: 533K(640K)->533K(640K)
[12.063s][info][gc             ] GC(170) Pause Young (Allocation Failure) 1822M->1822M(1944M) 43.774ms
[12.063s][info][gc,cpu         ] GC(170) User=0.11s Sys=0.16s Real=0.04s
[12.095s][info][gc,start       ] GC(171) Pause Young (Allocation Failure)
[12.143s][info][gc,heap        ] GC(171) PSYoungGen: 57440K(93696K)->28832K(88064K) Eden: 28672K(28672K)->0K(32256K) From: 28768K(65024K)->28832K(55808K)
[12.143s][info][gc,heap        ] GC(171) ParOldGen: 1837681K(1896960K)->1866801K(1896960K)
[12.143s][info][gc,metaspace   ] GC(171) Metaspace: 6302K(6528K)->6302K(6528K) NonClass: 5769K(5888K)->5769K(5888K) Class: 533K(640K)->533K(640K)
[12.143s][info][gc             ] GC(171) Pause Young (Allocation Failure) 1850M->1851M(1938M) 48.135ms
[12.143s][info][gc,cpu         ] GC(171) User=0.16s Sys=0.11s Real=0.05s
[12.143s][info][gc,start       ] GC(172) Pause Full (Ergonomics)
[12.143s][info][gc,phases,start] GC(172) Marking Phase
[12.549s][info][gc,phases      ] GC(172) Marking Phase 406.297ms
[12.549s][info][gc,phases,start] GC(172) Summary Phase
[12.549s][info][gc,phases      ] GC(172) Summary Phase 0.045ms
[12.549s][info][gc,phases,start] GC(172) Adjust Roots
[12.550s][info][gc,phases      ] GC(172) Adjust Roots 0.165ms
[12.550s][info][gc,phases,start] GC(172) Compaction Phase
[12.728s][info][gc,phases      ] GC(172) Compaction Phase 177.826ms
[12.728s][info][gc,phases,start] GC(172) Post Compact
[12.731s][info][gc,phases      ] GC(172) Post Compact 3.631ms
[12.733s][info][gc,heap        ] GC(172) PSYoungGen: 28832K(88064K)->0K(91136K) Eden: 0K(32256K)->0K(32256K) From: 28832K(55808K)->0K(58880K)
[12.733s][info][gc,heap        ] GC(172) ParOldGen: 1866801K(1896960K)->1893000K(2096128K)
[12.733s][info][gc,metaspace   ] GC(172) Metaspace: 6302K(6528K)->6302K(6528K) NonClass: 5769K(5888K)->5769K(5888K) Class: 533K(640K)->533K(640K)
[12.733s][info][gc             ] GC(172) Pause Full (Ergonomics) 1851M->1848M(2136M) 590.235ms
[12.733s][info][gc,cpu         ] GC(172) User=4.28s Sys=0.00s Real=0.59s
[12.768s][info][gc,start       ] GC(173) Pause Young (Allocation Failure)
[12.795s][info][gc,heap        ] GC(173) PSYoungGen: 32256K(91136K)->32448K(89088K) Eden: 32256K(32256K)->0K(35328K) From: 0K(58880K)->32448K(53760K)
[12.795s][info][gc,heap        ] GC(173) ParOldGen: 1893000K(2096128K)->1893000K(2096128K)
[12.795s][info][gc,metaspace   ] GC(173) Metaspace: 6302K(6528K)->6302K(6528K) NonClass: 5769K(5888K)->5769K(5888K) Class: 533K(640K)->533K(640K)
[12.795s][info][gc             ] GC(173) Pause Young (Allocation Failure) 1880M->1880M(2134M) 26.742ms
[12.795s][info][gc,cpu         ] GC(173) User=0.05s Sys=0.00s Real=0.03s
[12.833s][info][gc,start       ] GC(174) Pause Young (Allocation Failure)
[12.877s][info][gc,heap        ] GC(174) PSYoungGen: 67776K(89088K)->56832K(92160K) Eden: 35328K(35328K)->0K(35328K) From: 32448K(53760K)->56832K(56832K)
[12.877s][info][gc,heap        ] GC(174) ParOldGen: 1893000K(2096128K)->1904032K(2096128K)
[12.877s][info][gc,metaspace   ] GC(174) Metaspace: 6302K(6528K)->6302K(6528K) NonClass: 5769K(5888K)->5769K(5888K) Class: 533K(640K)->533K(640K)
[12.877s][info][gc             ] GC(174) Pause Young (Allocation Failure) 1914M->1914M(2137M) 43.292ms
[12.877s][info][gc,cpu         ] GC(174) User=0.16s Sys=0.02s Real=0.04s
[12.917s][info][gc,start       ] GC(175) Pause Young (Allocation Failure)
[12.992s][info][gc,heap        ] GC(175) PSYoungGen: 92160K(92160K)->35488K(101888K) Eden: 35328K(35328K)->0K(39424K) From: 56832K(56832K)->35488K(62464K)
[12.992s][info][gc,heap        ] GC(175) ParOldGen: 1904032K(2096128K)->1961656K(2096128K)
[12.992s][info][gc,metaspace   ] GC(175) Metaspace: 6302K(6528K)->6302K(6528K) NonClass: 5769K(5888K)->5769K(5888K) Class: 533K(640K)->533K(640K)
[12.992s][info][gc             ] GC(175) Pause Young (Allocation Failure) 1949M->1950M(2146M) 75.124ms
[12.992s][info][gc,cpu         ] GC(175) User=0.28s Sys=0.20s Real=0.08s
[13.041s][info][gc,start       ] GC(176) Pause Young (Allocation Failure)
[13.101s][info][gc,heap        ] GC(176) PSYoungGen: 74912K(101888K)->39552K(104448K) Eden: 39424K(39424K)->0K(39424K) From: 35488K(62464K)->39552K(65024K)
[13.101s][info][gc,heap        ] GC(176) ParOldGen: 1961656K(2096128K)->1997536K(2096128K)
[13.101s][info][gc,metaspace   ] GC(176) Metaspace: 6302K(6528K)->6302K(6528K) NonClass: 5769K(5888K)->5769K(5888K) Class: 533K(640K)->533K(640K)
[13.101s][info][gc             ] GC(176) Pause Young (Allocation Failure) 1988M->1989M(2149M) 60.133ms
[13.101s][info][gc,cpu         ] GC(176) User=0.20s Sys=0.17s Real=0.06s
[13.143s][info][gc,start       ] GC(177) Pause Young (Allocation Failure)
[13.207s][info][gc,heap        ] GC(177) PSYoungGen: 78976K(104448K)->39584K(105984K) Eden: 39424K(39424K)->0K(44032K) From: 39552K(65024K)->39584K(61952K)
[13.207s][info][gc,heap        ] GC(177) ParOldGen: 1997536K(2096128K)->2037560K(2096128K)
[13.207s][info][gc,metaspace   ] GC(177) Metaspace: 6302K(6528K)->6302K(6528K) NonClass: 5769K(5888K)->5769K(5888K) Class: 533K(640K)->533K(640K)
[13.207s][info][gc             ] GC(177) Pause Young (Allocation Failure) 2027M->2028M(2150M) 63.649ms
[13.207s][info][gc,cpu         ] GC(177) User=0.16s Sys=0.23s Real=0.06s
[13.207s][info][gc,start       ] GC(178) Pause Full (Ergonomics)
[13.207s][info][gc,phases,start] GC(178) Marking Phase
[13.660s][info][gc,phases      ] GC(178) Marking Phase 452.922ms
[13.660s][info][gc,phases,start] GC(178) Summary Phase
[13.660s][info][gc,phases      ] GC(178) Summary Phase 0.058ms
[13.660s][info][gc,phases,start] GC(178) Adjust Roots
[13.660s][info][gc,phases      ] GC(178) Adjust Roots 0.161ms
[13.660s][info][gc,phases,start] GC(178) Compaction Phase
[13.851s][info][gc,phases      ] GC(178) Compaction Phase 191.011ms
[13.851s][info][gc,phases,start] GC(178) Post Compact
[13.855s][info][gc,phases      ] GC(178) Post Compact 4.179ms
[13.858s][info][gc,heap        ] GC(178) PSYoungGen: 39584K(105984K)->0K(107008K) Eden: 0K(44032K)->0K(44032K) From: 39584K(61952K)->0K(62976K)
[13.858s][info][gc,heap        ] GC(178) ParOldGen: 2037560K(2096128K)->2074607K(2304512K)
[13.858s][info][gc,metaspace   ] GC(178) Metaspace: 6302K(6528K)->6302K(6528K) NonClass: 5769K(5888K)->5769K(5888K) Class: 533K(640K)->533K(640K)
[13.858s][info][gc             ] GC(178) Pause Full (Ergonomics) 2028M->2025M(2355M) 650.864ms
[13.858s][info][gc,cpu         ] GC(178) User=4.80s Sys=0.09s Real=0.65s
[13.904s][info][gc,start       ] GC(179) Pause Young (Allocation Failure)
[13.938s][info][gc,heap        ] GC(179) PSYoungGen: 44032K(107008K)->44288K(111104K) Eden: 44032K(44032K)->0K(48128K) From: 0K(62976K)->44288K(62976K)
[13.938s][info][gc,heap        ] GC(179) ParOldGen: 2074607K(2304512K)->2074607K(2304512K)
[13.938s][info][gc,metaspace   ] GC(179) Metaspace: 6302K(6528K)->6302K(6528K) NonClass: 5769K(5888K)->5769K(5888K) Class: 533K(640K)->533K(640K)
[13.938s][info][gc             ] GC(179) Pause Young (Allocation Failure) 2068M->2069M(2359M) 33.665ms
[13.938s][info][gc,cpu         ] GC(179) User=0.03s Sys=0.02s Real=0.03s
[13.989s][info][gc,start       ] GC(180) Pause Young (Allocation Failure)
[14.054s][info][gc,heap        ] GC(180) PSYoungGen: 92416K(111104K)->63488K(111616K) Eden: 48128K(48128K)->0K(48128K) From: 44288K(62976K)->63488K(63488K)
[14.054s][info][gc,heap        ] GC(180) ParOldGen: 2074607K(2304512K)->2103839K(2304512K)
[14.054s][info][gc,metaspace   ] GC(180) Metaspace: 6302K(6528K)->6302K(6528K) NonClass: 5769K(5888K)->5769K(5888K) Class: 533K(640K)->533K(640K)
[14.054s][info][gc             ] GC(180) Pause Young (Allocation Failure) 2116M->2116M(2359M) 65.297ms
[14.054s][info][gc,cpu         ] GC(180) User=0.31s Sys=0.08s Real=0.07s
[14.110s][info][gc,start       ] GC(181) Pause Young (Allocation Failure)
[14.212s][info][gc,heap        ] GC(181) PSYoungGen: 111616K(111616K)->48320K(132096K) Eden: 48128K(48128K)->0K(53248K) From: 63488K(63488K)->48320K(78848K)
[14.212s][info][gc,heap        ] GC(181) ParOldGen: 2103839K(2304512K)->2168215K(2304512K)
[14.212s][info][gc,metaspace   ] GC(181) Metaspace: 6302K(6528K)->6302K(6528K) NonClass: 5769K(5888K)->5769K(5888K) Class: 533K(640K)->533K(640K)
[14.212s][info][gc             ] GC(181) Pause Young (Allocation Failure) 2163M->2164M(2379M) 102.403ms
[14.212s][info][gc,cpu         ] GC(181) User=0.34s Sys=0.42s Real=0.10s
[14.278s][info][gc,start       ] GC(182) Pause Young (Allocation Failure)
[14.356s][info][gc,heap        ] GC(182) PSYoungGen: 101568K(132096K)->53472K(133120K) Eden: 53248K(53248K)->0K(53248K) From: 48320K(78848K)->53472K(79872K)
[14.356s][info][gc,heap        ] GC(182) ParOldGen: 2168215K(2304512K)->2217087K(2304512K)
[14.356s][info][gc,metaspace   ] GC(182) Metaspace: 6302K(6528K)->6302K(6528K) NonClass: 5769K(5888K)->5769K(5888K) Class: 533K(640K)->533K(640K)
[14.356s][info][gc             ] GC(182) Pause Young (Allocation Failure) 2216M->2217M(2380M) 77.956ms
[14.356s][info][gc,cpu         ] GC(182) User=0.28s Sys=0.22s Real=0.08s
[14.417s][info][gc,start       ] GC(183) Pause Young (Allocation Failure)
[14.509s][info][gc,heap        ] GC(183) PSYoungGen: 106720K(133120K)->53472K(139264K) Eden: 53248K(53248K)->0K(58880K) From: 53472K(79872K)->53472K(80384K)
[14.509s][info][gc,heap        ] GC(183) ParOldGen: 2217087K(2304512K)->2271023K(2304512K)
[14.509s][info][gc,metaspace   ] GC(183) Metaspace: 6302K(6528K)->6302K(6528K) NonClass: 5769K(5888K)->5769K(5888K) Class: 533K(640K)->533K(640K)
[14.509s][info][gc             ] GC(183) Pause Young (Allocation Failure) 2269M->2270M(2386M) 92.780ms
[14.509s][info][gc,cpu         ] GC(183) User=0.33s Sys=0.31s Real=0.09s
[14.510s][info][gc,start       ] GC(184) Pause Full (Ergonomics)
[14.510s][info][gc,phases,start] GC(184) Marking Phase
[15.061s][info][gc,phases      ] GC(184) Marking Phase 551.091ms
[15.061s][info][gc,phases,start] GC(184) Summary Phase
[15.061s][info][gc,phases      ] GC(184) Summary Phase 0.034ms
[15.061s][info][gc,phases,start] GC(184) Adjust Roots
[15.061s][info][gc,phases      ] GC(184) Adjust Roots 0.200ms
[15.061s][info][gc,phases,start] GC(184) Compaction Phase
[15.265s][info][gc,phases      ] GC(184) Compaction Phase 204.292ms
[15.265s][info][gc,phases,start] GC(184) Post Compact
[15.270s][info][gc,phases      ] GC(184) Post Compact 4.165ms
[15.272s][info][gc,heap        ] GC(184) PSYoungGen: 53472K(139264K)->16935K(139264K) Eden: 0K(58880K)->0K(58880K) From: 53472K(80384K)->16935K(80384K)
[15.272s][info][gc,heap        ] GC(184) ParOldGen: 2271023K(2304512K)->2304303K(2568192K)
[15.272s][info][gc,metaspace   ] GC(184) Metaspace: 6302K(6528K)->6302K(6528K) NonClass: 5769K(5888K)->5769K(5888K) Class: 533K(640K)->533K(640K)
[15.272s][info][gc             ] GC(184) Pause Full (Ergonomics) 2270M->2266M(2644M) 762.162ms
[15.272s][info][gc,cpu         ] GC(184) User=5.64s Sys=0.03s Real=0.76s
[15.340s][info][gc,start       ] GC(185) Pause Young (Allocation Failure)
[15.487s][info][gc,heap        ] GC(185) PSYoungGen: 75815K(139264K)->59104K(139264K) Eden: 58880K(58880K)->0K(58880K) From: 16935K(80384K)->59104K(80384K)
[15.487s][info][gc,heap        ] GC(185) ParOldGen: 2304303K(2568192K)->2321447K(2568192K)
[15.487s][info][gc,metaspace   ] GC(185) Metaspace: 6302K(6528K)->6302K(6528K) NonClass: 5769K(5888K)->5769K(5888K) Class: 533K(640K)->533K(640K)
[15.487s][info][gc             ] GC(185) Pause Young (Allocation Failure) 2324M->2324M(2644M) 146.979ms
[15.487s][info][gc,cpu         ] GC(185) User=0.83s Sys=0.08s Real=0.15s
[15.561s][info][gc,start       ] GC(186) Pause Young (Allocation Failure)
[15.668s][info][gc,heap        ] GC(186) PSYoungGen: 117984K(139264K)->81920K(123392K) Eden: 58880K(58880K)->0K(41472K) From: 59104K(80384K)->81920K(81920K)
[15.668s][info][gc,heap        ] GC(186) ParOldGen: 2321447K(2568192K)->2357719K(2568192K)
[15.668s][info][gc,metaspace   ] GC(186) Metaspace: 6302K(6528K)->6302K(6528K) NonClass: 5769K(5888K)->5769K(5888K) Class: 533K(640K)->533K(640K)
[15.668s][info][gc             ] GC(186) Pause Young (Allocation Failure) 2382M->2382M(2628M) 107.503ms
[15.668s][info][gc,cpu         ] GC(186) User=0.39s Sys=0.36s Real=0.11s
[15.716s][info][gc,start       ] GC(187) Pause Young (Allocation Failure)
[15.824s][info][gc,heap        ] GC(187) PSYoungGen: 123392K(123392K)->41632K(146432K) Eden: 41472K(41472K)->0K(41472K) From: 81920K(81920K)->41632K(104960K)
[15.824s][info][gc,heap        ] GC(187) ParOldGen: 2357719K(2568192K)->2440247K(2568192K)
[15.824s][info][gc,metaspace   ] GC(187) Metaspace: 6302K(6528K)->6302K(6528K) NonClass: 5769K(5888K)->5769K(5888K) Class: 533K(640K)->533K(640K)
[15.824s][info][gc             ] GC(187) Pause Young (Allocation Failure) 2422M->2423M(2651M) 107.241ms
[15.824s][info][gc,cpu         ] GC(187) User=0.28s Sys=0.45s Real=0.11s
[15.874s][info][gc,start       ] GC(188) Pause Young (Allocation Failure)
[15.943s][info][gc,heap        ] GC(188) PSYoungGen: 83104K(146432K)->41632K(142848K) Eden: 41472K(41472K)->0K(46592K) From: 41632K(104960K)->41632K(96256K)
[15.943s][info][gc,heap        ] GC(188) ParOldGen: 2440247K(2568192K)->2482095K(2568192K)
[15.943s][info][gc,metaspace   ] GC(188) Metaspace: 6302K(6528K)->6302K(6528K) NonClass: 5769K(5888K)->5769K(5888K) Class: 533K(640K)->533K(640K)
[15.943s][info][gc             ] GC(188) Pause Young (Allocation Failure) 2464M->2464M(2647M) 68.750ms
[15.943s][info][gc,cpu         ] GC(188) User=0.19s Sys=0.22s Real=0.07s
[15.943s][info][gc,start       ] GC(189) Pause Full (Ergonomics)
[15.943s][info][gc,phases,start] GC(189) Marking Phase
[16.511s][info][gc,phases      ] GC(189) Marking Phase 568.326ms
[16.511s][info][gc,phases,start] GC(189) Summary Phase
[16.511s][info][gc,phases      ] GC(189) Summary Phase 0.059ms
[16.511s][info][gc,phases,start] GC(189) Adjust Roots
[16.512s][info][gc,phases      ] GC(189) Adjust Roots 0.159ms
[16.512s][info][gc,phases,start] GC(189) Compaction Phase
[16.717s][info][gc,phases      ] GC(189) Compaction Phase 205.615ms
[16.717s][info][gc,phases,start] GC(189) Post Compact
[16.722s][info][gc,phases      ] GC(189) Post Compact 4.381ms
[16.724s][info][gc,heap        ] GC(189) PSYoungGen: 41632K(142848K)->0K(145408K) Eden: 0K(46592K)->0K(46592K) From: 41632K(96256K)->0K(98816K)
[16.724s][info][gc,heap        ] GC(189) ParOldGen: 2482095K(2568192K)->2521821K(2811904K)
[16.724s][info][gc,metaspace   ] GC(189) Metaspace: 6302K(6528K)->6302K(6528K) NonClass: 5769K(5888K)->5769K(5888K) Class: 533K(640K)->533K(640K)
[16.724s][info][gc             ] GC(189) Pause Full (Ergonomics) 2464M->2462M(2888M) 781.318ms
[16.724s][info][gc,cpu         ] GC(189) User=5.94s Sys=0.03s Real=0.78s
[16.780s][info][gc,start       ] GC(190) Pause Young (Allocation Failure)
[16.812s][info][gc,heap        ] GC(190) PSYoungGen: 46592K(145408K)->46784K(140800K) Eden: 46592K(46592K)->0K(51200K) From: 0K(98816K)->46784K(89600K)
[16.812s][info][gc,heap        ] GC(190) ParOldGen: 2521821K(2811904K)->2521821K(2811904K)
[16.813s][info][gc,metaspace   ] GC(190) Metaspace: 6302K(6528K)->6302K(6528K) NonClass: 5769K(5888K)->5769K(5888K) Class: 533K(640K)->533K(640K)
[16.813s][info][gc             ] GC(190) Pause Young (Allocation Failure) 2508M->2508M(2883M) 32.365ms
[16.813s][info][gc,cpu         ] GC(190) User=0.16s Sys=0.00s Real=0.03s
[16.879s][info][gc,start       ] GC(191) Pause Young (Allocation Failure)
[16.932s][info][gc,heap        ] GC(191) PSYoungGen: 97984K(140800K)->94720K(145920K) Eden: 51200K(51200K)->0K(51200K) From: 46784K(89600K)->94720K(94720K)
[16.932s][info][gc,heap        ] GC(191) ParOldGen: 2521821K(2811904K)->2525077K(2811904K)
[16.932s][info][gc,metaspace   ] GC(191) Metaspace: 6302K(6528K)->6302K(6528K) NonClass: 5769K(5888K)->5769K(5888K) Class: 533K(640K)->533K(640K)
[16.932s][info][gc             ] GC(191) Pause Young (Allocation Failure) 2558M->2558M(2888M) 53.806ms
[16.932s][info][gc,cpu         ] GC(191) User=0.28s Sys=0.00s Real=0.05s
[16.996s][info][gc,start       ] GC(192) Pause Young (Allocation Failure)
[17.127s][info][gc,heap        ] GC(192) PSYoungGen: 145920K(145920K)->51424K(155648K) Eden: 51200K(51200K)->0K(56320K) From: 94720K(94720K)->51424K(99328K)
[17.127s][info][gc,heap        ] GC(192) ParOldGen: 2525077K(2811904K)->2620477K(2811904K)
[17.127s][info][gc,metaspace   ] GC(192) Metaspace: 6302K(6528K)->6302K(6528K) NonClass: 5769K(5888K)->5769K(5888K) Class: 533K(640K)->533K(640K)
[17.127s][info][gc             ] GC(192) Pause Young (Allocation Failure) 2608M->2609M(2898M) 130.837ms
[17.127s][info][gc,cpu         ] GC(192) User=0.41s Sys=0.50s Real=0.13s
[17.196s][info][gc,start       ] GC(193) Pause Young (Allocation Failure)
[17.258s][info][gc,heap        ] GC(193) PSYoungGen: 107744K(155648K)->103424K(159744K) Eden: 56320K(56320K)->0K(56320K) From: 51424K(99328K)->103424K(103424K)
[17.258s][info][gc,heap        ] GC(193) ParOldGen: 2620477K(2811904K)->2624789K(2811904K)
[17.258s][info][gc,metaspace   ] GC(193) Metaspace: 6302K(6528K)->6302K(6528K) NonClass: 5769K(5888K)->5769K(5888K) Class: 533K(640K)->533K(640K)
[17.258s][info][gc             ] GC(193) Pause Young (Allocation Failure) 2664M->2664M(2902M) 62.394ms
[17.258s][info][gc,cpu         ] GC(193) User=0.36s Sys=0.00s Real=0.06s
[17.321s][info][gc,start       ] GC(194) Pause Young (Allocation Failure)
[17.466s][info][gc,heap        ] GC(194) PSYoungGen: 159744K(159744K)->56512K(171008K) Eden: 56320K(56320K)->0K(62464K) From: 103424K(103424K)->56512K(108544K)
[17.466s][info][gc,heap        ] GC(194) ParOldGen: 2624789K(2811904K)->2728965K(2811904K)
[17.466s][info][gc,metaspace   ] GC(194) Metaspace: 6302K(6528K)->6302K(6528K) NonClass: 5769K(5888K)->5769K(5888K) Class: 533K(640K)->533K(640K)
[17.466s][info][gc             ] GC(194) Pause Young (Allocation Failure) 2719M->2720M(2913M) 144.798ms
[17.466s][info][gc,cpu         ] GC(194) User=0.47s Sys=0.53s Real=0.14s
[17.466s][info][gc,start       ] GC(195) Pause Full (Ergonomics)
[17.466s][info][gc,phases,start] GC(195) Marking Phase
[18.094s][info][gc,phases      ] GC(195) Marking Phase 627.923ms
[18.094s][info][gc,phases,start] GC(195) Summary Phase
[18.094s][info][gc,phases      ] GC(195) Summary Phase 0.063ms
[18.094s][info][gc,phases,start] GC(195) Adjust Roots
[18.094s][info][gc,phases      ] GC(195) Adjust Roots 0.161ms
[18.094s][info][gc,phases,start] GC(195) Compaction Phase
[18.330s][info][gc,phases      ] GC(195) Compaction Phase 235.983ms
[18.330s][info][gc,phases,start] GC(195) Post Compact
[18.335s][info][gc,phases      ] GC(195) Post Compact 4.966ms
[18.338s][info][gc,heap        ] GC(195) PSYoungGen: 56512K(171008K)->0K(175616K) Eden: 0K(62464K)->0K(62464K) From: 56512K(108544K)->0K(113152K)
[18.338s][info][gc,heap        ] GC(195) ParOldGen: 2728965K(2811904K)->2783302K(3129856K)
[18.338s][info][gc,metaspace   ] GC(195) Metaspace: 6302K(6528K)->6302K(6528K) NonClass: 5769K(5888K)->5769K(5888K) Class: 533K(640K)->533K(640K)
[18.338s][info][gc             ] GC(195) Pause Full (Ergonomics) 2720M->2718M(3228M) 872.012ms
[18.338s][info][gc,cpu         ] GC(195) User=6.56s Sys=0.12s Real=0.87s
[19.073s][info][gc,start       ] GC(196) Pause Young (Allocation Failure)
[19.183s][info][gc,heap        ] GC(196) PSYoungGen: 62464K(175616K)->62656K(170496K) Eden: 62464K(62464K)->0K(68096K) From: 0K(113152K)->62656K(102400K)
[19.183s][info][gc,heap        ] GC(196) ParOldGen: 2914374K(3129856K)->2914374K(3129856K)
[19.183s][info][gc,metaspace   ] GC(196) Metaspace: 6302K(6528K)->6302K(6528K) NonClass: 5769K(5888K)->5769K(5888K) Class: 533K(640K)->533K(640K)
[19.183s][info][gc             ] GC(196) Pause Young (Allocation Failure) 2907M->2907M(3223M) 109.851ms
[19.183s][info][gc,cpu         ] GC(196) User=0.55s Sys=0.00s Real=0.11s
[19.262s][info][gc,start       ] GC(197) Pause Young (Allocation Failure)
[19.351s][info][gc,heap        ] GC(197) PSYoungGen: 130752K(170496K)->108544K(176640K) Eden: 68096K(68096K)->0K(68096K) From: 62656K(102400K)->108544K(108544K)
[19.351s][info][gc,heap        ] GC(197) ParOldGen: 2914374K(3129856K)->2936790K(3129856K)
[19.351s][info][gc,metaspace   ] GC(197) Metaspace: 6302K(6528K)->6302K(6528K) NonClass: 5769K(5888K)->5769K(5888K) Class: 533K(640K)->533K(640K)
[19.351s][info][gc             ] GC(197) Pause Young (Allocation Failure) 2973M->2973M(3229M) 88.997ms
[19.351s][info][gc,cpu         ] GC(197) User=0.17s Sys=0.11s Real=0.09s
[19.420s][info][gc,start       ] GC(198) Pause Young (Allocation Failure)
[19.581s][info][gc,heap        ] GC(198) PSYoungGen: 176640K(176640K)->68320K(194560K) Eden: 68096K(68096K)->0K(75264K) From: 108544K(108544K)->68320K(119296K)
[19.581s][info][gc,heap        ] GC(198) ParOldGen: 2936790K(3129856K)->3046118K(3129856K)
[19.581s][info][gc,metaspace   ] GC(198) Metaspace: 6302K(6528K)->6302K(6528K) NonClass: 5769K(5888K)->5769K(5888K) Class: 533K(640K)->533K(640K)
[19.581s][info][gc             ] GC(198) Pause Young (Allocation Failure) 3040M->3041M(3246M) 160.529ms
[19.581s][info][gc,cpu         ] GC(198) User=0.47s Sys=0.64s Real=0.16s
[19.581s][info][gc,start       ] GC(199) Pause Full (Ergonomics)
[19.581s][info][gc,phases,start] GC(199) Marking Phase
[20.251s][info][gc,phases      ] GC(199) Marking Phase 669.822ms
[20.251s][info][gc,phases,start] GC(199) Summary Phase
[20.251s][info][gc,phases      ] GC(199) Summary Phase 0.073ms
[20.251s][info][gc,phases,start] GC(199) Adjust Roots
[20.251s][info][gc,phases      ] GC(199) Adjust Roots 0.165ms
[20.251s][info][gc,phases,start] GC(199) Compaction Phase
[20.722s][info][gc,phases      ] GC(199) Compaction Phase 471.285ms
[20.722s][info][gc,phases,start] GC(199) Post Compact
[20.730s][info][gc,phases      ] GC(199) Post Compact 7.306ms
[20.733s][info][gc,heap        ] GC(199) PSYoungGen: 68320K(194560K)->0K(199680K) Eden: 0K(75264K)->0K(75264K) From: 68320K(119296K)->0K(124416K)
[20.733s][info][gc,heap        ] GC(199) ParOldGen: 3046118K(3129856K)->3047401K(3428352K)
[20.733s][info][gc,metaspace   ] GC(199) Metaspace: 6302K(6528K)->6302K(6528K) NonClass: 5769K(5888K)->5769K(5888K) Class: 533K(640K)->533K(640K)
[20.733s][info][gc             ] GC(199) Pause Full (Ergonomics) 3041M->2975M(3543M) 1152.362ms
[20.733s][info][gc,cpu         ] GC(199) User=7.94s Sys=0.08s Real=1.15s
[20.803s][info][gc,start       ] GC(200) Pause Young (Allocation Failure)
[20.856s][info][gc,heap        ] GC(200) PSYoungGen: 75264K(199680K)->75552K(198656K) Eden: 75264K(75264K)->0K(81920K) From: 0K(124416K)->75552K(116736K)
[20.857s][info][gc,heap        ] GC(200) ParOldGen: 3047401K(3428352K)->3047401K(3428352K)
[20.857s][info][gc,metaspace   ] GC(200) Metaspace: 6302K(6528K)->6302K(6528K) NonClass: 5769K(5888K)->5769K(5888K) Class: 533K(640K)->533K(640K)
[20.857s][info][gc             ] GC(200) Pause Young (Allocation Failure) 3049M->3049M(3542M) 53.856ms
[20.857s][info][gc,cpu         ] GC(200) User=0.11s Sys=0.02s Real=0.05s
[20.944s][info][gc,start       ] GC(201) Pause Young (Allocation Failure)
[21.044s][info][gc,heap        ] GC(201) PSYoungGen: 157472K(198656K)->121344K(203264K) Eden: 81920K(81920K)->0K(81920K) From: 75552K(116736K)->121344K(121344K)
[21.044s][info][gc,heap        ] GC(201) ParOldGen: 3047401K(3428352K)->3083793K(3428352K)
[21.044s][info][gc,metaspace   ] GC(201) Metaspace: 6302K(6528K)->6302K(6528K) NonClass: 5769K(5888K)->5769K(5888K) Class: 533K(640K)->533K(640K)
[21.044s][info][gc             ] GC(201) Pause Young (Allocation Failure) 3129M->3130M(3546M) 99.780ms
[21.044s][info][gc,cpu         ] GC(201) User=0.50s Sys=0.16s Real=0.10s
[21.129s][info][gc,start       ] GC(202) Pause Young (Allocation Failure)
[21.315s][info][gc,heap        ] GC(202) PSYoungGen: 203264K(203264K)->82176K(228864K) Eden: 81920K(81920K)->0K(90112K) From: 121344K(121344K)->82176K(138752K)
[21.315s][info][gc,heap        ] GC(202) ParOldGen: 3083793K(3428352K)->3206025K(3428352K)
[21.315s][info][gc,metaspace   ] GC(202) Metaspace: 6302K(6528K)->6302K(6528K) NonClass: 5769K(5888K)->5769K(5888K) Class: 533K(640K)->533K(640K)
[21.315s][info][gc             ] GC(202) Pause Young (Allocation Failure) 3210M->3211M(3571M) 186.216ms
[21.315s][info][gc,cpu         ] GC(202) User=0.69s Sys=0.72s Real=0.19s
[21.407s][info][gc,start       ] GC(203) Pause Young (Allocation Failure)
[21.542s][info][gc,heap        ] GC(203) PSYoungGen: 172288K(228864K)->90400K(233984K) Eden: 90112K(90112K)->0K(90112K) From: 82176K(138752K)->90400K(143872K)
[21.542s][info][gc,heap        ] GC(203) ParOldGen: 3206025K(3428352K)->3288689K(3428352K)
[21.543s][info][gc,metaspace   ] GC(203) Metaspace: 6302K(6528K)->6302K(6528K) NonClass: 5769K(5888K)->5769K(5888K) Class: 533K(640K)->533K(640K)
[21.543s][info][gc             ] GC(203) Pause Young (Allocation Failure) 3299M->3299M(3576M) 135.086ms
[21.543s][info][gc,cpu         ] GC(203) User=0.59s Sys=0.39s Real=0.13s
[21.543s][info][gc,start       ] GC(204) Pause Full (Ergonomics)
[21.543s][info][gc,phases,start] GC(204) Marking Phase
[22.292s][info][gc,phases      ] GC(204) Marking Phase 749.775ms
[22.292s][info][gc,phases,start] GC(204) Summary Phase
[22.293s][info][gc,phases      ] GC(204) Summary Phase 0.110ms
[22.293s][info][gc,phases,start] GC(204) Adjust Roots
[22.293s][info][gc,phases      ] GC(204) Adjust Roots 0.178ms
[22.293s][info][gc,phases,start] GC(204) Compaction Phase
[22.652s][info][gc,phases      ] GC(204) Compaction Phase 359.503ms
[22.652s][info][gc,phases,start] GC(204) Post Compact
[22.659s][info][gc,phases      ] GC(204) Post Compact 6.918ms
[22.663s][info][gc,heap        ] GC(204) PSYoungGen: 90400K(233984K)->0K(242176K) Eden: 0K(90112K)->0K(99840K) From: 90400K(143872K)->0K(142336K)
[22.663s][info][gc,heap        ] GC(204) ParOldGen: 3288689K(3428352K)->3376494K(3799040K)
[22.663s][info][gc,metaspace   ] GC(204) Metaspace: 6302K(6528K)->6302K(6528K) NonClass: 5769K(5888K)->5769K(5888K) Class: 533K(640K)->533K(640K)
[22.663s][info][gc             ] GC(204) Pause Full (Ergonomics) 3299M->3297M(3946M) 1120.352ms
[22.663s][info][gc,cpu         ] GC(204) User=7.78s Sys=0.12s Real=1.12s
[22.766s][info][gc,start       ] GC(205) Pause Young (Allocation Failure)
[22.831s][info][gc,heap        ] GC(205) PSYoungGen: 99840K(242176K)->100160K(242176K) Eden: 99840K(99840K)->0K(99840K) From: 0K(142336K)->100160K(142336K)
[22.831s][info][gc,heap        ] GC(205) ParOldGen: 3376494K(3799040K)->3376494K(3799040K)
[22.831s][info][gc,metaspace   ] GC(205) Metaspace: 6302K(6528K)->6302K(6528K) NonClass: 5769K(5888K)->5769K(5888K) Class: 533K(640K)->533K(640K)
[22.831s][info][gc             ] GC(205) Pause Young (Allocation Failure) 3394M->3395M(3946M) 64.703ms
[22.831s][info][gc,cpu         ] GC(205) User=0.27s Sys=0.00s Real=0.07s
[22.928s][info][gc,start       ] GC(206) Pause Young (Allocation Failure)
[23.104s][info][gc,heap        ] GC(206) PSYoungGen: 200000K(242176K)->143872K(214528K) Eden: 99840K(99840K)->0K(70656K) From: 100160K(142336K)->143872K(143872K)
[23.104s][info][gc,heap        ] GC(206) ParOldGen: 3376494K(3799040K)->3433062K(3799040K)
[23.104s][info][gc,metaspace   ] GC(206) Metaspace: 6302K(6528K)->6302K(6528K) NonClass: 5769K(5888K)->5769K(5888K) Class: 533K(640K)->533K(640K)
[23.104s][info][gc             ] GC(206) Pause Young (Allocation Failure) 3492M->3493M(3919M) 176.542ms
[23.105s][info][gc,cpu         ] GC(206) User=0.56s Sys=0.80s Real=0.18s
[23.183s][info][gc,start       ] GC(207) Pause Young (Allocation Failure)
[23.373s][info][gc,heap        ] GC(207) PSYoungGen: 214528K(214528K)->70912K(252416K) Eden: 70656K(70656K)->0K(70656K) From: 143872K(143872K)->70912K(181760K)
[23.373s][info][gc,heap        ] GC(207) ParOldGen: 3433062K(3799040K)->3577990K(3799040K)
[23.373s][info][gc,metaspace   ] GC(207) Metaspace: 6302K(6528K)->6302K(6528K) NonClass: 5769K(5888K)->5769K(5888K) Class: 533K(640K)->533K(640K)
[23.373s][info][gc             ] GC(207) Pause Young (Allocation Failure) 3562M->3563M(3956M) 189.437ms
[23.373s][info][gc,cpu         ] GC(207) User=0.64s Sys=0.73s Real=0.19s
[23.448s][info][gc,start       ] GC(208) Pause Young (Allocation Failure)
[23.559s][info][gc,heap        ] GC(208) PSYoungGen: 141568K(252416K)->70912K(245760K) Eden: 70656K(70656K)->0K(78848K) From: 70912K(181760K)->70912K(166912K)
[23.559s][info][gc,heap        ] GC(208) ParOldGen: 3577990K(3799040K)->3649270K(3799040K)
[23.559s][info][gc,metaspace   ] GC(208) Metaspace: 6302K(6528K)->6302K(6528K) NonClass: 5769K(5888K)->5769K(5888K) Class: 533K(640K)->533K(640K)
[23.559s][info][gc             ] GC(208) Pause Young (Allocation Failure) 3632M->3632M(3950M) 111.281ms
[23.559s][info][gc,cpu         ] GC(208) User=0.45s Sys=0.31s Real=0.11s
[23.559s][info][gc,start       ] GC(209) Pause Full (Ergonomics)
[23.559s][info][gc,phases,start] GC(209) Marking Phase
[24.368s][info][gc,phases      ] GC(209) Marking Phase 809.080ms
[24.368s][info][gc,phases,start] GC(209) Summary Phase
[24.369s][info][gc,phases      ] GC(209) Summary Phase 0.104ms
[24.369s][info][gc,phases,start] GC(209) Adjust Roots
[24.369s][info][gc,phases      ] GC(209) Adjust Roots 0.171ms
[24.369s][info][gc,phases,start] GC(209) Compaction Phase
[24.754s][info][gc,phases      ] GC(209) Compaction Phase 385.107ms
[24.754s][info][gc,phases,start] GC(209) Post Compact
[24.761s][info][gc,phases      ] GC(209) Post Compact 7.156ms
[24.764s][info][gc,heap        ] GC(209) PSYoungGen: 70912K(245760K)->0K(250368K) Eden: 0K(78848K)->0K(78848K) From: 70912K(166912K)->0K(171520K)
[24.764s][info][gc,heap        ] GC(209) ParOldGen: 3649270K(3799040K)->3717356K(4183040K)
[24.764s][info][gc,metaspace   ] GC(209) Metaspace: 6302K(6528K)->6302K(6528K) NonClass: 5769K(5888K)->5769K(5888K) Class: 533K(640K)->533K(640K)
[24.764s][info][gc             ] GC(209) Pause Full (Ergonomics) 3632M->3630M(4329M) 1204.810ms
[24.764s][info][gc,cpu         ] GC(209) User=8.42s Sys=0.12s Real=1.20s
[24.841s][info][gc,start       ] GC(210) Pause Young (Allocation Failure)
[24.897s][info][gc,heap        ] GC(210) PSYoungGen: 78848K(250368K)->79136K(242688K) Eden: 78848K(78848K)->0K(86016K) From: 0K(171520K)->79136K(156672K)
[24.898s][info][gc,heap        ] GC(210) ParOldGen: 3717356K(4183040K)->3717356K(4183040K)
[24.898s][info][gc,metaspace   ] GC(210) Metaspace: 6302K(6528K)->6302K(6528K) NonClass: 5769K(5888K)->5769K(5888K) Class: 533K(640K)->533K(640K)
[24.898s][info][gc             ] GC(210) Pause Young (Allocation Failure) 3707M->3707M(4322M) 56.448ms
[24.898s][info][gc,cpu         ] GC(210) User=0.19s Sys=0.00s Real=0.06s
[24.986s][info][gc,start       ] GC(211) Pause Young (Allocation Failure)
[25.069s][info][gc,heap        ] GC(211) PSYoungGen: 165152K(242688K)->164864K(250880K) Eden: 86016K(86016K)->0K(86016K) From: 79136K(156672K)->164864K(164864K)
[25.069s][info][gc,heap        ] GC(211) ParOldGen: 3717356K(4183040K)->3717708K(4183040K)
[25.069s][info][gc,metaspace   ] GC(211) Metaspace: 6302K(6528K)->6302K(6528K) NonClass: 5769K(5888K)->5769K(5888K) Class: 533K(640K)->533K(640K)
[25.069s][info][gc             ] GC(211) Pause Young (Allocation Failure) 3791M->3791M(4330M) 83.413ms
[25.069s][info][gc,cpu         ] GC(211) User=0.53s Sys=0.00s Real=0.08s
[25.160s][info][gc,start       ] GC(212) Pause Young (Allocation Failure)
[25.385s][info][gc,heap        ] GC(212) PSYoungGen: 250880K(250880K)->86272K(266752K) Eden: 86016K(86016K)->0K(95232K) From: 164864K(164864K)->86272K(171520K)
[25.385s][info][gc,heap        ] GC(212) ParOldGen: 3717708K(4183040K)->3883684K(4183040K)
[25.385s][info][gc,metaspace   ] GC(212) Metaspace: 6302K(6528K)->6302K(6528K) NonClass: 5769K(5888K)->5769K(5888K) Class: 533K(640K)->533K(640K)
[25.385s][info][gc             ] GC(212) Pause Young (Allocation Failure) 3875M->3876M(4345M) 225.553ms
[25.385s][info][gc,cpu         ] GC(212) User=0.78s Sys=0.94s Real=0.23s
[25.479s][info][gc,start       ] GC(213) Pause Young (Allocation Failure)
[25.620s][info][gc,heap        ] GC(213) PSYoungGen: 181504K(266752K)->95584K(273408K) Eden: 95232K(95232K)->0K(95232K) From: 86272K(171520K)->95584K(178176K)
[25.620s][info][gc,heap        ] GC(213) ParOldGen: 3883684K(4183040K)->3970468K(4183040K)
[25.620s][info][gc,metaspace   ] GC(213) Metaspace: 6302K(6528K)->6302K(6528K) NonClass: 5769K(5888K)->5769K(5888K) Class: 533K(640K)->533K(640K)
[25.620s][info][gc             ] GC(213) Pause Young (Allocation Failure) 3969M->3970M(4352M) 141.818ms
[25.620s][info][gc,cpu         ] GC(213) User=0.53s Sys=0.45s Real=0.14s
[25.729s][info][gc,start       ] GC(214) Pause Young (Allocation Failure)
[25.893s][info][gc,heap        ] GC(214) PSYoungGen: 190816K(273408K)->95488K(262144K) Eden: 95232K(95232K)->0K(105984K) From: 95584K(178176K)->95488K(156160K)
[25.893s][info][gc,heap        ] GC(214) ParOldGen: 3970468K(4183040K)->4066564K(4183040K)
[25.893s][info][gc,metaspace   ] GC(214) Metaspace: 6302K(6528K)->6302K(6528K) NonClass: 5769K(5888K)->5769K(5888K) Class: 533K(640K)->533K(640K)
[25.893s][info][gc             ] GC(214) Pause Young (Allocation Failure) 4063M->4064M(4341M) 164.202ms
[25.893s][info][gc,cpu         ] GC(214) User=0.64s Sys=0.45s Real=0.16s
[25.893s][info][gc,start       ] GC(215) Pause Full (Ergonomics)
[25.893s][info][gc,phases,start] GC(215) Marking Phase
[26.824s][info][gc,phases      ] GC(215) Marking Phase 930.520ms
[26.824s][info][gc,phases,start] GC(215) Summary Phase
[26.824s][info][gc,phases      ] GC(215) Summary Phase 0.100ms
[26.824s][info][gc,phases,start] GC(215) Adjust Roots
[26.824s][info][gc,phases      ] GC(215) Adjust Roots 0.162ms
[26.824s][info][gc,phases,start] GC(215) Compaction Phase
[27.250s][info][gc,phases      ] GC(215) Compaction Phase 425.608ms
[27.250s][info][gc,phases,start] GC(215) Post Compact
[27.257s][info][gc,phases      ] GC(215) Post Compact 6.789ms
[27.261s][info][gc,heap        ] GC(215) PSYoungGen: 95488K(262144K)->0K(269312K) Eden: 0K(105984K)->0K(105984K) From: 95488K(156160K)->0K(163328K)
[27.261s][info][gc,heap        ] GC(215) ParOldGen: 4066564K(4183040K)->4158544K(4683776K)
[27.261s][info][gc,metaspace   ] GC(215) Metaspace: 6302K(6528K)->6302K(6528K) NonClass: 5769K(5888K)->5769K(5888K) Class: 533K(640K)->533K(640K)
[27.261s][info][gc             ] GC(215) Pause Full (Ergonomics) 4064M->4061M(4837M) 1367.365ms
[27.261s][info][gc,cpu         ] GC(215) User=9.73s Sys=0.27s Real=1.37s
[27.371s][info][gc,start       ] GC(216) Pause Young (Allocation Failure)
[27.438s][info][gc,heap        ] GC(216) PSYoungGen: 105984K(269312K)->106304K(271872K) Eden: 105984K(105984K)->0K(115712K) From: 0K(163328K)->106304K(156160K)
[27.438s][info][gc,heap        ] GC(216) ParOldGen: 4158544K(4683776K)->4158544K(4683776K)
[27.438s][info][gc,metaspace   ] GC(216) Metaspace: 6302K(6528K)->6302K(6528K) NonClass: 5769K(5888K)->5769K(5888K) Class: 533K(640K)->533K(640K)
[27.438s][info][gc             ] GC(216) Pause Young (Allocation Failure) 4164M->4164M(4839M) 67.014ms
[27.438s][info][gc,cpu         ] GC(216) User=0.31s Sys=0.00s Real=0.07s
[27.575s][info][gc,start       ] GC(217) Pause Young (Allocation Failure)
[27.722s][info][gc,heap        ] GC(217) PSYoungGen: 222016K(271872K)->160768K(276480K) Eden: 115712K(115712K)->0K(115712K) From: 106304K(156160K)->160768K(160768K)
[27.722s][info][gc,heap        ] GC(217) ParOldGen: 4158544K(4683776K)->4220304K(4683776K)
[27.722s][info][gc,metaspace   ] GC(217) Metaspace: 6302K(6528K)->6302K(6528K) NonClass: 5769K(5888K)->5769K(5888K) Class: 533K(640K)->533K(640K)
[27.722s][info][gc             ] GC(217) Pause Young (Allocation Failure) 4277M->4278M(4844M) 147.407ms
[27.723s][info][gc,cpu         ] GC(217) User=0.75s Sys=0.28s Real=0.15s
[27.838s][info][gc,start       ] GC(218) Pause Young (Allocation Failure)
[28.088s][info][gc,heap        ] GC(218) PSYoungGen: 276480K(276480K)->116096K(317952K) Eden: 115712K(115712K)->0K(128000K) From: 160768K(160768K)->116096K(189952K)
[28.088s][info][gc,heap        ] GC(218) ParOldGen: 4220304K(4683776K)->4382224K(4683776K)
[28.088s][info][gc,metaspace   ] GC(218) Metaspace: 6302K(6528K)->6302K(6528K) NonClass: 5769K(5888K)->5769K(5888K) Class: 533K(640K)->533K(640K)
[28.088s][info][gc             ] GC(218) Pause Young (Allocation Failure) 4391M->4392M(4884M) 250.108ms
[28.088s][info][gc,cpu         ] GC(218) User=0.84s Sys=1.02s Real=0.25s
[28.237s][info][gc,start       ] GC(219) Pause Young (Allocation Failure)
[28.429s][info][gc,heap        ] GC(219) PSYoungGen: 244096K(317952K)->128384K(322560K) Eden: 128000K(128000K)->0K(128000K) From: 116096K(189952K)->128384K(194560K)
[28.430s][info][gc,heap        ] GC(219) ParOldGen: 4382224K(4683776K)->4498968K(4683776K)
[28.430s][info][gc,metaspace   ] GC(219) Metaspace: 6302K(6528K)->6302K(6528K) NonClass: 5769K(5888K)->5769K(5888K) Class: 533K(640K)->533K(640K)
[28.430s][info][gc             ] GC(219) Pause Young (Allocation Failure) 4517M->4518M(4889M) 192.774ms
[28.430s][info][gc,cpu         ] GC(219) User=0.94s Sys=0.45s Real=0.19s
[28.430s][info][gc,start       ] GC(220) Pause Full (Ergonomics)
[28.430s][info][gc,phases,start] GC(220) Marking Phase
[29.454s][info][gc,phases      ] GC(220) Marking Phase 1024.453ms
[29.454s][info][gc,phases,start] GC(220) Summary Phase
[29.454s][info][gc,phases      ] GC(220) Summary Phase 0.123ms
[29.454s][info][gc,phases,start] GC(220) Adjust Roots
[29.455s][info][gc,phases      ] GC(220) Adjust Roots 0.213ms
[29.455s][info][gc,phases,start] GC(220) Compaction Phase
[29.891s][info][gc,phases      ] GC(220) Compaction Phase 436.822ms
[29.891s][info][gc,phases,start] GC(220) Post Compact
[29.899s][info][gc,phases      ] GC(220) Post Compact 7.694ms
[29.904s][info][gc,heap        ] GC(220) PSYoungGen: 128384K(322560K)->0K(334336K) Eden: 0K(128000K)->0K(141312K) From: 128384K(194560K)->0K(193024K)
[29.904s][info][gc,heap        ] GC(220) ParOldGen: 4498968K(4683776K)->4623823K(5202944K)
[29.904s][info][gc,metaspace   ] GC(220) Metaspace: 6302K(6528K)->6302K(6528K) NonClass: 5769K(5888K)->5769K(5888K) Class: 533K(640K)->533K(640K)
[29.904s][info][gc             ] GC(220) Pause Full (Ergonomics) 4518M->4515M(5407M) 1474.111ms
[29.904s][info][gc,cpu         ] GC(220) User=10.73s Sys=0.31s Real=1.47s
[30.057s][info][gc,start       ] GC(221) Pause Young (Allocation Failure)
[30.139s][info][gc,heap        ] GC(221) PSYoungGen: 141312K(334336K)->141728K(334336K) Eden: 141312K(141312K)->0K(141312K) From: 0K(193024K)->141728K(193024K)
[30.139s][info][gc,heap        ] GC(221) ParOldGen: 4623823K(5202944K)->4623823K(5202944K)
[30.139s][info][gc,metaspace   ] GC(221) Metaspace: 6302K(6528K)->6302K(6528K) NonClass: 5769K(5888K)->5769K(5888K) Class: 533K(640K)->533K(640K)
[30.139s][info][gc             ] GC(221) Pause Young (Allocation Failure) 4653M->4653M(5407M) 82.328ms
[30.139s][info][gc,cpu         ] GC(221) User=0.48s Sys=0.00s Real=0.08s
[30.295s][info][gc,start       ] GC(222) Pause Young (Allocation Failure)
[30.530s][info][gc,heap        ] GC(222) PSYoungGen: 283040K(334336K)->196096K(294912K) Eden: 141312K(141312K)->0K(98816K) From: 141728K(193024K)->196096K(196096K)
[30.530s][info][gc,heap        ] GC(222) ParOldGen: 4623823K(5202944K)->4711535K(5202944K)
[30.530s][info][gc,metaspace   ] GC(222) Metaspace: 6302K(6528K)->6302K(6528K) NonClass: 5769K(5888K)->5769K(5888K) Class: 533K(640K)->533K(640K)
[30.530s][info][gc             ] GC(222) Pause Young (Allocation Failure) 4791M->4792M(5369M) 234.903ms
[30.530s][info][gc,cpu         ] GC(222) User=0.81s Sys=0.47s Real=0.23s
[30.633s][info][gc,start       ] GC(223) Pause Young (Allocation Failure)
[30.912s][info][gc,heap        ] GC(223) PSYoungGen: 294912K(294912K)->99168K(349696K) Eden: 98816K(98816K)->0K(98816K) From: 196096K(196096K)->99168K(250880K)
[30.912s][info][gc,heap        ] GC(223) ParOldGen: 4711535K(5202944K)->4909055K(5202944K)
[30.912s][info][gc,metaspace   ] GC(223) Metaspace: 6302K(6528K)->6302K(6528K) NonClass: 5769K(5888K)->5769K(5888K) Class: 533K(640K)->533K(640K)
[30.912s][info][gc             ] GC(223) Pause Young (Allocation Failure) 4889M->4890M(5422M) 278.810ms
[30.912s][info][gc,cpu         ] GC(223) User=1.02s Sys=0.89s Real=0.28s
[31.022s][info][gc,start       ] GC(224) Pause Young (Allocation Failure)
[31.188s][info][gc,heap        ] GC(224) PSYoungGen: 197984K(349696K)->99136K(341504K) Eden: 98816K(98816K)->0K(110080K) From: 99168K(250880K)->99136K(231424K)
[31.188s][info][gc,heap        ] GC(224) ParOldGen: 4909055K(5202944K)->5008759K(5202944K)
[31.188s][info][gc,metaspace   ] GC(224) Metaspace: 6302K(6528K)->6302K(6528K) NonClass: 5769K(5888K)->5769K(5888K) Class: 533K(640K)->533K(640K)
[31.188s][info][gc             ] GC(224) Pause Young (Allocation Failure) 4987M->4988M(5414M) 166.335ms
[31.188s][info][gc,cpu         ] GC(224) User=0.72s Sys=0.53s Real=0.17s
[31.188s][info][gc,start       ] GC(225) Pause Full (Ergonomics)
[31.188s][info][gc,phases,start] GC(225) Marking Phase
[32.343s][info][gc,phases      ] GC(225) Marking Phase 1154.777ms
[32.343s][info][gc,phases,start] GC(225) Summary Phase
[32.343s][info][gc,phases      ] GC(225) Summary Phase 0.126ms
[32.343s][info][gc,phases,start] GC(225) Adjust Roots
[32.344s][info][gc,phases      ] GC(225) Adjust Roots 0.161ms
[32.344s][info][gc,phases,start] GC(225) Compaction Phase
[32.798s][info][gc,phases      ] GC(225) Compaction Phase 454.822ms
[32.798s][info][gc,phases,start] GC(225) Post Compact
[32.806s][info][gc,phases      ] GC(225) Post Compact 7.729ms
[32.811s][info][gc,heap        ] GC(225) PSYoungGen: 99136K(341504K)->0K(347648K) Eden: 0K(110080K)->0K(110080K) From: 99136K(231424K)->0K(237568K)
[32.811s][info][gc,heap        ] GC(225) ParOldGen: 5008759K(5202944K)->5103953K(5742080K)
[32.811s][info][gc,metaspace   ] GC(225) Metaspace: 6302K(6528K)->6302K(6528K) NonClass: 5769K(5888K)->5769K(5888K) Class: 533K(640K)->533K(640K)
[32.811s][info][gc             ] GC(225) Pause Full (Ergonomics) 4988M->4984M(5947M) 1622.344ms
[32.811s][info][gc,cpu         ] GC(225) User=12.06s Sys=0.31s Real=1.62s
[32.927s][info][gc,start       ] GC(226) Pause Young (Allocation Failure)
[32.997s][info][gc,heap        ] GC(226) PSYoungGen: 110080K(347648K)->110432K(337408K) Eden: 110080K(110080K)->0K(119808K) From: 0K(237568K)->110432K(217600K)
[32.997s][info][gc,heap        ] GC(226) ParOldGen: 5103953K(5742080K)->5103953K(5742080K)
[32.997s][info][gc,metaspace   ] GC(226) Metaspace: 6302K(6528K)->6302K(6528K) NonClass: 5769K(5888K)->5769K(5888K) Class: 533K(640K)->533K(640K)
[32.997s][info][gc             ] GC(226) Pause Young (Allocation Failure) 5091M->5092M(5937M) 69.736ms
[32.997s][info][gc,cpu         ] GC(226) User=0.38s Sys=0.00s Real=0.07s
[33.133s][info][gc,start       ] GC(227) Pause Young (Allocation Failure)
[33.261s][info][gc,heap        ] GC(227) PSYoungGen: 230240K(337408K)->228864K(348672K) Eden: 119808K(119808K)->0K(119808K) From: 110432K(217600K)->228864K(228864K)
[33.261s][info][gc,heap        ] GC(227) ParOldGen: 5103953K(5742080K)->5105553K(5742080K)
[33.261s][info][gc,metaspace   ] GC(227) Metaspace: 6302K(6528K)->6302K(6528K) NonClass: 5769K(5888K)->5769K(5888K) Class: 533K(640K)->533K(640K)
[33.261s][info][gc             ] GC(227) Pause Young (Allocation Failure) 5209M->5209M(5948M) 128.513ms
[33.261s][info][gc,cpu         ] GC(227) User=0.92s Sys=0.02s Real=0.13s
[33.393s][info][gc,start       ] GC(228) Pause Young (Allocation Failure)
[33.725s][info][gc,heap        ] GC(228) PSYoungGen: 348672K(348672K)->120160K(371200K) Eden: 119808K(119808K)->0K(132096K) From: 228864K(228864K)->120160K(239104K)
[33.725s][info][gc,heap        ] GC(228) ParOldGen: 5105553K(5742080K)->5335881K(5742080K)
[33.725s][info][gc,metaspace   ] GC(228) Metaspace: 6302K(6528K)->6302K(6528K) NonClass: 5769K(5888K)->5769K(5888K) Class: 533K(640K)->533K(640K)
[33.725s][info][gc             ] GC(228) Pause Young (Allocation Failure) 5326M->5328M(5970M) 332.454ms
[33.725s][info][gc,cpu         ] GC(228) User=0.83s Sys=0.98s Real=0.33s
[33.879s][info][gc,start       ] GC(229) Pause Young (Allocation Failure)
[34.089s][info][gc,heap        ] GC(229) PSYoungGen: 252256K(371200K)->132512K(379904K) Eden: 132096K(132096K)->0K(132096K) From: 120160K(239104K)->132512K(247808K)
[34.089s][info][gc,heap        ] GC(229) ParOldGen: 5335881K(5742080K)->5456761K(5742080K)
[34.089s][info][gc,metaspace   ] GC(229) Metaspace: 6302K(6528K)->6302K(6528K) NonClass: 5769K(5888K)->5769K(5888K) Class: 533K(640K)->533K(640K)
[34.089s][info][gc             ] GC(229) Pause Young (Allocation Failure) 5457M->5458M(5978M) 209.919ms
[34.089s][info][gc,cpu         ] GC(229) User=1.03s Sys=0.59s Real=0.21s
[34.239s][info][gc,start       ] GC(230) Pause Young (Allocation Failure)
[34.458s][info][gc,heap        ] GC(230) PSYoungGen: 264608K(379904K)->132480K(363520K) Eden: 132096K(132096K)->0K(146944K) From: 132512K(247808K)->132480K(216576K)
[34.459s][info][gc,heap        ] GC(230) ParOldGen: 5456761K(5742080K)->5590057K(5742080K)
[34.459s][info][gc,metaspace   ] GC(230) Metaspace: 6302K(6528K)->6302K(6528K) NonClass: 5769K(5888K)->5769K(5888K) Class: 533K(640K)->533K(640K)
[34.459s][info][gc             ] GC(230) Pause Young (Allocation Failure) 5587M->5588M(5962M) 219.538ms
[34.459s][info][gc,cpu         ] GC(230) User=1.00s Sys=0.59s Real=0.22s
[34.459s][info][gc,start       ] GC(231) Pause Full (Ergonomics)
[34.459s][info][gc,phases,start] GC(231) Marking Phase
[35.725s][info][gc,phases      ] GC(231) Marking Phase 1266.675ms
[35.725s][info][gc,phases,start] GC(231) Summary Phase
[35.726s][info][gc,phases      ] GC(231) Summary Phase 0.157ms
[35.726s][info][gc,phases,start] GC(231) Adjust Roots
[35.726s][info][gc,phases      ] GC(231) Adjust Roots 0.163ms
[35.726s][info][gc,phases,start] GC(231) Compaction Phase
[36.251s][info][gc,phases      ] GC(231) Compaction Phase 525.318ms
[36.251s][info][gc,phases,start] GC(231) Post Compact
[36.259s][info][gc,phases      ] GC(231) Post Compact 7.744ms
[36.264s][info][gc,heap        ] GC(231) PSYoungGen: 132480K(363520K)->0K(373248K) Eden: 0K(146944K)->0K(146944K) From: 132480K(216576K)->0K(226304K)
[36.264s][info][gc,heap        ] GC(231) ParOldGen: 5590057K(5742080K)->5717684K(6348800K)
[36.264s][info][gc,metaspace   ] GC(231) Metaspace: 6302K(6528K)->6302K(6528K) NonClass: 5769K(5888K)->5769K(5888K) Class: 533K(640K)->533K(640K)
[36.264s][info][gc             ] GC(231) Pause Full (Ergonomics) 5588M->5583M(6564M) 1805.069ms
[36.264s][info][gc,cpu         ] GC(231) User=13.39s Sys=0.36s Real=1.81s
[37.729s][info][gc,start       ] GC(232) Pause Young (Allocation Failure)
[37.939s][info][gc,heap        ] GC(232) PSYoungGen: 146944K(373248K)->147360K(375296K) Eden: 146944K(146944K)->0K(160256K) From: 0K(226304K)->147360K(215040K)
[37.939s][info][gc,heap        ] GC(232) ParOldGen: 5979828K(6348800K)->5979828K(6348800K)
[37.939s][info][gc,metaspace   ] GC(232) Metaspace: 6302K(6528K)->6302K(6528K) NonClass: 5769K(5888K)->5769K(5888K) Class: 533K(640K)->533K(640K)
[37.939s][info][gc             ] GC(232) Pause Young (Allocation Failure) 5983M->5983M(6566M) 209.750ms
[37.939s][info][gc,cpu         ] GC(232) User=1.09s Sys=0.00s Real=0.21s
[38.105s][info][gc,start       ] GC(233) Pause Young (Allocation Failure)
[38.318s][info][gc,heap        ] GC(233) PSYoungGen: 307616K(375296K)->222208K(382464K) Eden: 160256K(160256K)->0K(160256K) From: 147360K(215040K)->222208K(222208K)
[38.319s][info][gc,heap        ] GC(233) ParOldGen: 5979828K(6348800K)->6066036K(6348800K)
[38.319s][info][gc,metaspace   ] GC(233) Metaspace: 6302K(6528K)->6302K(6528K) NonClass: 5769K(5888K)->5769K(5888K) Class: 533K(640K)->533K(640K)
[38.319s][info][gc             ] GC(233) Pause Young (Allocation Failure) 6140M->6140M(6573M) 213.270ms
[38.319s][info][gc,cpu         ] GC(233) User=0.66s Sys=0.47s Real=0.21s
[38.492s][info][gc,start       ] GC(234) Pause Young (Allocation Failure)
[38.835s][info][gc,heap        ] GC(234) PSYoungGen: 382464K(382464K)->160608K(437760K) Eden: 160256K(160256K)->0K(176640K) From: 222208K(222208K)->160608K(261120K)
[38.835s][info][gc,heap        ] GC(234) ParOldGen: 6066036K(6348800K)->6289828K(6348800K)
[38.835s][info][gc,metaspace   ] GC(234) Metaspace: 6302K(6528K)->6302K(6528K) NonClass: 5769K(5888K)->5769K(5888K) Class: 533K(640K)->533K(640K)
[38.835s][info][gc             ] GC(234) Pause Young (Allocation Failure) 6297M->6299M(6627M) 342.847ms
[38.835s][info][gc,cpu         ] GC(234) User=1.23s Sys=1.42s Real=0.34s
[38.835s][info][gc,start       ] GC(235) Pause Full (Ergonomics)
[38.835s][info][gc,phases,start] GC(235) Marking Phase
[40.202s][info][gc,phases      ] GC(235) Marking Phase 1366.590ms
[40.202s][info][gc,phases,start] GC(235) Summary Phase
[40.202s][info][gc,phases      ] GC(235) Summary Phase 0.125ms
[40.202s][info][gc,phases,start] GC(235) Adjust Roots
[40.202s][info][gc,phases      ] GC(235) Adjust Roots 0.194ms
[40.202s][info][gc,phases,start] GC(235) Compaction Phase
[41.189s][info][gc,phases      ] GC(235) Compaction Phase 987.197ms
[41.189s][info][gc,phases,start] GC(235) Post Compact
[41.204s][info][gc,phases      ] GC(235) Post Compact 14.411ms
[41.204s][info][gc,heap        ] GC(235) PSYoungGen: 160608K(437760K)->0K(445440K) Eden: 0K(176640K)->0K(176640K) From: 160608K(261120K)->0K(268800K)
[41.204s][info][gc,heap        ] GC(235) ParOldGen: 6289828K(6348800K)->6316112K(6348800K)
[41.204s][info][gc,metaspace   ] GC(235) Metaspace: 6302K(6528K)->6302K(6528K) NonClass: 5769K(5888K)->5769K(5888K) Class: 533K(640K)->533K(640K)
[41.204s][info][gc             ] GC(235) Pause Full (Ergonomics) 6299M->6168M(6635M) 2369.085ms
[41.204s][info][gc,cpu         ] GC(235) User=16.70s Sys=0.06s Real=2.37s
[41.384s][info][gc,start       ] GC(236) Pause Full (Ergonomics)
[41.384s][info][gc,phases,start] GC(236) Marking Phase
[42.805s][info][gc,phases      ] GC(236) Marking Phase 1421.492ms
[42.805s][info][gc,phases,start] GC(236) Summary Phase
[42.805s][info][gc,phases      ] GC(236) Summary Phase 0.070ms
[42.805s][info][gc,phases,start] GC(236) Adjust Roots
[42.806s][info][gc,phases      ] GC(236) Adjust Roots 0.207ms
[42.806s][info][gc,phases,start] GC(236) Compaction Phase
[44.235s][info][gc,phases      ] GC(236) Compaction Phase 1429.041ms
[44.235s][info][gc,phases,start] GC(236) Post Compact
[44.245s][info][gc,phases      ] GC(236) Post Compact 10.039ms
[44.245s][info][gc,heap        ] GC(236) PSYoungGen: 176640K(445440K)->144356K(445440K) Eden: 176640K(176640K)->144356K(176640K) From: 0K(268800K)->0K(268800K)
[44.245s][info][gc,heap        ] GC(236) ParOldGen: 6316112K(6348800K)->6348361K(6348800K)
[44.245s][info][gc,metaspace   ] GC(236) Metaspace: 6302K(6528K)->6302K(6528K) NonClass: 5769K(5888K)->5769K(5888K) Class: 533K(640K)->533K(640K)
[44.245s][info][gc             ] GC(236) Pause Full (Ergonomics) 6340M->6340M(6635M) 2861.277ms
[44.245s][info][gc,cpu         ] GC(236) User=20.52s Sys=0.14s Real=2.86s
[44.282s][info][gc,start       ] GC(237) Pause Full (Ergonomics)
[44.282s][info][gc,phases,start] GC(237) Marking Phase
[45.688s][info][gc,phases      ] GC(237) Marking Phase 1406.279ms
[45.688s][info][gc,phases,start] GC(237) Summary Phase
[45.688s][info][gc,phases      ] GC(237) Summary Phase 0.078ms
[45.688s][info][gc,phases,start] GC(237) Adjust Roots
[45.688s][info][gc,phases      ] GC(237) Adjust Roots 0.214ms
[45.688s][info][gc,phases,start] GC(237) Compaction Phase
[46.209s][info][gc,phases      ] GC(237) Compaction Phase 520.188ms
[46.209s][info][gc,phases,start] GC(237) Post Compact
[46.218s][info][gc,phases      ] GC(237) Post Compact 9.800ms
[46.218s][info][gc,heap        ] GC(237) PSYoungGen: 176640K(445440K)->176633K(445440K) Eden: 176640K(176640K)->176633K(176640K) From: 0K(268800K)->0K(268800K)
[46.218s][info][gc,heap        ] GC(237) ParOldGen: 6348361K(6348800K)->6348361K(6348800K)
[46.218s][info][gc,metaspace   ] GC(237) Metaspace: 6302K(6528K)->6302K(6528K) NonClass: 5769K(5888K)->5769K(5888K) Class: 533K(640K)->533K(640K)
[46.219s][info][gc             ] GC(237) Pause Full (Ergonomics) 6372M->6372M(6635M) 1936.938ms
[46.219s][info][gc,cpu         ] GC(237) User=14.11s Sys=0.00s Real=1.94s
[46.219s][info][gc,start       ] GC(238) Pause Full (Ergonomics)
[46.219s][info][gc,phases,start] GC(238) Marking Phase
[47.625s][info][gc,phases      ] GC(238) Marking Phase 1406.025ms
[47.625s][info][gc,phases,start] GC(238) Summary Phase
[47.625s][info][gc,phases      ] GC(238) Summary Phase 0.067ms
[47.625s][info][gc,phases,start] GC(238) Adjust Roots
[47.625s][info][gc,phases      ] GC(238) Adjust Roots 0.198ms
[47.625s][info][gc,phases,start] GC(238) Compaction Phase
[48.140s][info][gc,phases      ] GC(238) Compaction Phase 514.899ms
[48.140s][info][gc,phases,start] GC(238) Post Compact
[48.150s][info][gc,phases      ] GC(238) Post Compact 10.060ms
[48.150s][info][gc,heap        ] GC(238) PSYoungGen: 176640K(445440K)->176639K(445440K) Eden: 176640K(176640K)->176639K(176640K) From: 0K(268800K)->0K(268800K)
[48.150s][info][gc,heap        ] GC(238) ParOldGen: 6348361K(6348800K)->6348361K(6348800K)
[48.150s][info][gc,metaspace   ] GC(238) Metaspace: 6302K(6528K)->6302K(6528K) NonClass: 5769K(5888K)->5769K(5888K) Class: 533K(640K)->533K(640K)
[48.150s][info][gc             ] GC(238) Pause Full (Ergonomics) 6372M->6372M(6635M) 1931.599ms
[48.150s][info][gc,cpu         ] GC(238) User=14.14s Sys=0.00s Real=1.93s
[48.151s][info][gc,start       ] GC(239) Pause Full (Ergonomics)
[48.151s][info][gc,phases,start] GC(239) Marking Phase
[49.591s][info][gc,phases      ] GC(239) Marking Phase 1440.003ms
[49.591s][info][gc,phases,start] GC(239) Summary Phase
[49.591s][info][gc,phases      ] GC(239) Summary Phase 0.069ms
[49.591s][info][gc,phases,start] GC(239) Adjust Roots
[49.591s][info][gc,phases      ] GC(239) Adjust Roots 0.190ms
[49.591s][info][gc,phases,start] GC(239) Compaction Phase
[50.124s][info][gc,phases      ] GC(239) Compaction Phase 532.721ms
[50.124s][info][gc,phases,start] GC(239) Post Compact
[50.134s][info][gc,phases      ] GC(239) Post Compact 10.024ms
[50.134s][info][gc,heap        ] GC(239) PSYoungGen: 176639K(445440K)->176639K(445440K) Eden: 176639K(176640K)->176639K(176640K) From: 0K(268800K)->0K(268800K)
[50.134s][info][gc,heap        ] GC(239) ParOldGen: 6348361K(6348800K)->6348361K(6348800K)
[50.134s][info][gc,metaspace   ] GC(239) Metaspace: 6302K(6528K)->6302K(6528K) NonClass: 5769K(5888K)->5769K(5888K) Class: 533K(640K)->533K(640K)
[50.134s][info][gc             ] GC(239) Pause Full (Ergonomics) 6372M->6372M(6635M) 1983.385ms
[50.134s][info][gc,cpu         ] GC(239) User=14.38s Sys=0.00s Real=1.98s
[50.134s][info][gc,start       ] GC(240) Pause Full (Ergonomics)
[50.134s][info][gc,phases,start] GC(240) Marking Phase
[51.561s][info][gc,phases      ] GC(240) Marking Phase 1426.641ms
[51.561s][info][gc,phases,start] GC(240) Summary Phase
[51.561s][info][gc,phases      ] GC(240) Summary Phase 0.066ms
[51.561s][info][gc,phases,start] GC(240) Adjust Roots
[51.561s][info][gc,phases      ] GC(240) Adjust Roots 0.167ms
[51.561s][info][gc,phases,start] GC(240) Compaction Phase
[52.092s][info][gc,phases      ] GC(240) Compaction Phase 530.455ms
[52.092s][info][gc,phases,start] GC(240) Post Compact
[52.101s][info][gc,phases      ] GC(240) Post Compact 9.727ms
[52.101s][info][gc,heap        ] GC(240) PSYoungGen: 176639K(445440K)->176639K(445440K) Eden: 176639K(176640K)->176639K(176640K) From: 0K(268800K)->0K(268800K)
[52.101s][info][gc,heap        ] GC(240) ParOldGen: 6348366K(6348800K)->6348366K(6348800K)
[52.102s][info][gc,metaspace   ] GC(240) Metaspace: 6302K(6528K)->6302K(6528K) NonClass: 5769K(5888K)->5769K(5888K) Class: 533K(640K)->533K(640K)
[52.102s][info][gc             ] GC(240) Pause Full (Ergonomics) 6372M->6372M(6635M) 1967.396ms
[52.102s][info][gc,cpu         ] GC(240) User=14.27s Sys=0.00s Real=1.97s
[52.102s][info][gc,start       ] GC(241) Pause Full (Ergonomics)
[52.102s][info][gc,phases,start] GC(241) Marking Phase
[53.542s][info][gc,phases      ] GC(241) Marking Phase 1440.144ms
[53.542s][info][gc,phases,start] GC(241) Summary Phase
[53.542s][info][gc,phases      ] GC(241) Summary Phase 0.085ms
[53.542s][info][gc,phases,start] GC(241) Adjust Roots
[53.542s][info][gc,phases      ] GC(241) Adjust Roots 0.174ms
[53.542s][info][gc,phases,start] GC(241) Compaction Phase
[54.076s][info][gc,phases      ] GC(241) Compaction Phase 533.841ms
[54.076s][info][gc,phases,start] GC(241) Post Compact
[54.086s][info][gc,phases      ] GC(241) Post Compact 10.068ms
[54.086s][info][gc,heap        ] GC(241) PSYoungGen: 176639K(445440K)->176639K(445440K) Eden: 176639K(176640K)->176639K(176640K) From: 0K(268800K)->0K(268800K)
[54.086s][info][gc,heap        ] GC(241) ParOldGen: 6348370K(6348800K)->6348370K(6348800K)
[54.086s][info][gc,metaspace   ] GC(241) Metaspace: 6302K(6528K)->6302K(6528K) NonClass: 5769K(5888K)->5769K(5888K) Class: 533K(640K)->533K(640K)
[54.086s][info][gc             ] GC(241) Pause Full (Ergonomics) 6372M->6372M(6635M) 1984.686ms
[54.086s][info][gc,cpu         ] GC(241) User=14.41s Sys=0.00s Real=1.99s
[54.087s][info][gc,start       ] GC(242) Pause Full (Ergonomics)
[54.087s][info][gc,phases,start] GC(242) Marking Phase
[55.519s][info][gc,phases      ] GC(242) Marking Phase 1432.343ms
[55.519s][info][gc,phases,start] GC(242) Summary Phase
[55.519s][info][gc,phases      ] GC(242) Summary Phase 0.122ms
[55.519s][info][gc,phases,start] GC(242) Adjust Roots
[55.520s][info][gc,phases      ] GC(242) Adjust Roots 0.322ms
[55.520s][info][gc,phases,start] GC(242) Compaction Phase
[56.068s][info][gc,phases      ] GC(242) Compaction Phase 548.027ms
[56.068s][info][gc,phases,start] GC(242) Post Compact
[56.078s][info][gc,phases      ] GC(242) Post Compact 9.836ms
[56.078s][info][gc,heap        ] GC(242) PSYoungGen: 176639K(445440K)->176639K(445440K) Eden: 176639K(176640K)->176639K(176640K) From: 0K(268800K)->0K(268800K)
[56.078s][info][gc,heap        ] GC(242) ParOldGen: 6348375K(6348800K)->6348375K(6348800K)
[56.078s][info][gc,metaspace   ] GC(242) Metaspace: 6302K(6528K)->6302K(6528K) NonClass: 5769K(5888K)->5769K(5888K) Class: 533K(640K)->533K(640K)
[56.078s][info][gc             ] GC(242) Pause Full (Ergonomics) 6372M->6372M(6635M) 1991.060ms
[56.078s][info][gc,cpu         ] GC(242) User=14.39s Sys=0.00s Real=1.99s
[56.078s][info][gc,start       ] GC(243) Pause Full (Ergonomics)
[56.078s][info][gc,phases,start] GC(243) Marking Phase
[57.534s][info][gc,phases      ] GC(243) Marking Phase 1456.051ms
[57.534s][info][gc,phases,start] GC(243) Summary Phase
[57.534s][info][gc,phases      ] GC(243) Summary Phase 0.065ms
[57.534s][info][gc,phases,start] GC(243) Adjust Roots
[57.534s][info][gc,phases      ] GC(243) Adjust Roots 0.165ms
[57.534s][info][gc,phases,start] GC(243) Compaction Phase
[58.082s][info][gc,phases      ] GC(243) Compaction Phase 547.276ms
[58.082s][info][gc,phases,start] GC(243) Post Compact
[58.092s][info][gc,phases      ] GC(243) Post Compact 10.045ms
[58.092s][info][gc,heap        ] GC(243) PSYoungGen: 176639K(445440K)->176639K(445440K) Eden: 176639K(176640K)->176639K(176640K) From: 0K(268800K)->0K(268800K)
[58.092s][info][gc,heap        ] GC(243) ParOldGen: 6348380K(6348800K)->6348380K(6348800K)
[58.092s][info][gc,metaspace   ] GC(243) Metaspace: 6302K(6528K)->6302K(6528K) NonClass: 5769K(5888K)->5769K(5888K) Class: 533K(640K)->533K(640K)
[58.092s][info][gc             ] GC(243) Pause Full (Ergonomics) 6372M->6372M(6635M) 2013.930ms
[58.092s][info][gc,cpu         ] GC(243) User=14.50s Sys=0.00s Real=2.01s
[58.092s][info][gc,start       ] GC(244) Pause Full (Ergonomics)
[58.092s][info][gc,phases,start] GC(244) Marking Phase
[59.543s][info][gc,phases      ] GC(244) Marking Phase 1451.151ms
[59.543s][info][gc,phases,start] GC(244) Summary Phase
[59.543s][info][gc,phases      ] GC(244) Summary Phase 0.067ms
[59.543s][info][gc,phases,start] GC(244) Adjust Roots
[59.544s][info][gc,phases      ] GC(244) Adjust Roots 0.165ms
[59.544s][info][gc,phases,start] GC(244) Compaction Phase
[60.120s][info][gc,phases      ] GC(244) Compaction Phase 576.706ms
[60.120s][info][gc,phases,start] GC(244) Post Compact
[60.130s][info][gc,phases      ] GC(244) Post Compact 9.894ms
[60.130s][info][gc,heap        ] GC(244) PSYoungGen: 176639K(445440K)->176639K(445440K) Eden: 176639K(176640K)->176639K(176640K) From: 0K(268800K)->0K(268800K)
[60.130s][info][gc,heap        ] GC(244) ParOldGen: 6348385K(6348800K)->6348385K(6348800K)
[60.130s][info][gc,metaspace   ] GC(244) Metaspace: 6302K(6528K)->6302K(6528K) NonClass: 5769K(5888K)->5769K(5888K) Class: 533K(640K)->533K(640K)
[60.130s][info][gc             ] GC(244) Pause Full (Ergonomics) 6372M->6372M(6635M) 2038.321ms
[60.130s][info][gc,cpu         ] GC(244) User=14.39s Sys=0.03s Real=2.04s
[60.131s][info][gc,start       ] GC(245) Pause Full (Ergonomics)
[60.131s][info][gc,phases,start] GC(245) Marking Phase
[61.600s][info][gc,phases      ] GC(245) Marking Phase 1469.145ms
[61.600s][info][gc,phases,start] GC(245) Summary Phase
[61.600s][info][gc,phases      ] GC(245) Summary Phase 0.066ms
[61.600s][info][gc,phases,start] GC(245) Adjust Roots
[61.600s][info][gc,phases      ] GC(245) Adjust Roots 0.164ms
[61.600s][info][gc,phases,start] GC(245) Compaction Phase
[62.167s][info][gc,phases      ] GC(245) Compaction Phase 567.086ms
[62.167s][info][gc,phases,start] GC(245) Post Compact
[62.177s][info][gc,phases      ] GC(245) Post Compact 9.961ms
[62.177s][info][gc,heap        ] GC(245) PSYoungGen: 176639K(445440K)->176639K(445440K) Eden: 176639K(176640K)->176639K(176640K) From: 0K(268800K)->0K(268800K)
[62.177s][info][gc,heap        ] GC(245) ParOldGen: 6348390K(6348800K)->6348390K(6348800K)
[62.177s][info][gc,metaspace   ] GC(245) Metaspace: 6302K(6528K)->6302K(6528K) NonClass: 5769K(5888K)->5769K(5888K) Class: 533K(640K)->533K(640K)
[62.177s][info][gc             ] GC(245) Pause Full (Ergonomics) 6372M->6372M(6635M) 2046.780ms
[62.177s][info][gc,cpu         ] GC(245) User=14.83s Sys=0.00s Real=2.05s
[62.178s][info][gc,start       ] GC(246) Pause Full (Ergonomics)
[62.178s][info][gc,phases,start] GC(246) Marking Phase
[63.645s][info][gc,phases      ] GC(246) Marking Phase 1467.832ms
[63.646s][info][gc,phases,start] GC(246) Summary Phase
[63.646s][info][gc,phases      ] GC(246) Summary Phase 0.066ms
[63.646s][info][gc,phases,start] GC(246) Adjust Roots
[63.646s][info][gc,phases      ] GC(246) Adjust Roots 0.222ms
[63.646s][info][gc,phases,start] GC(246) Compaction Phase
[64.224s][info][gc,phases      ] GC(246) Compaction Phase 577.983ms
[64.224s][info][gc,phases,start] GC(246) Post Compact
[64.234s][info][gc,phases      ] GC(246) Post Compact 9.853ms
[64.234s][info][gc,heap        ] GC(246) PSYoungGen: 176639K(445440K)->176639K(445440K) Eden: 176639K(176640K)->176639K(176640K) From: 0K(268800K)->0K(268800K)
[64.234s][info][gc,heap        ] GC(246) ParOldGen: 6348395K(6348800K)->6348395K(6348800K)
[64.234s][info][gc,metaspace   ] GC(246) Metaspace: 6302K(6528K)->6302K(6528K) NonClass: 5769K(5888K)->5769K(5888K) Class: 533K(640K)->533K(640K)
[64.234s][info][gc             ] GC(246) Pause Full (Ergonomics) 6372M->6372M(6635M) 2056.285ms
[64.234s][info][gc,cpu         ] GC(246) User=14.83s Sys=0.00s Real=2.06s
[64.234s][info][gc,start       ] GC(247) Pause Full (Ergonomics)
[64.234s][info][gc,phases,start] GC(247) Marking Phase
[65.721s][info][gc,phases      ] GC(247) Marking Phase 1486.915ms
[65.721s][info][gc,phases,start] GC(247) Summary Phase
[65.721s][info][gc,phases      ] GC(247) Summary Phase 0.065ms
[65.721s][info][gc,phases,start] GC(247) Adjust Roots
[65.721s][info][gc,phases      ] GC(247) Adjust Roots 0.191ms
[65.721s][info][gc,phases,start] GC(247) Compaction Phase
[66.322s][info][gc,phases      ] GC(247) Compaction Phase 600.644ms
[66.322s][info][gc,phases,start] GC(247) Post Compact
[66.332s][info][gc,phases      ] GC(247) Post Compact 9.930ms
[66.332s][info][gc,heap        ] GC(247) PSYoungGen: 176639K(445440K)->176639K(445440K) Eden: 176639K(176640K)->176639K(176640K) From: 0K(268800K)->0K(268800K)
[66.332s][info][gc,heap        ] GC(247) ParOldGen: 6348399K(6348800K)->6348399K(6348800K)
[66.332s][info][gc,metaspace   ] GC(247) Metaspace: 6302K(6528K)->6302K(6528K) NonClass: 5769K(5888K)->5769K(5888K) Class: 533K(640K)->533K(640K)
[66.332s][info][gc             ] GC(247) Pause Full (Ergonomics) 6372M->6372M(6635M) 2098.077ms
[66.332s][info][gc,cpu         ] GC(247) User=14.98s Sys=0.00s Real=2.10s
[66.332s][info][gc,start       ] GC(248) Pause Full (Ergonomics)
[66.333s][info][gc,phases,start] GC(248) Marking Phase
[67.797s][info][gc,phases      ] GC(248) Marking Phase 1464.252ms
[67.797s][info][gc,phases,start] GC(248) Summary Phase
[67.797s][info][gc,phases      ] GC(248) Summary Phase 0.066ms
[67.797s][info][gc,phases,start] GC(248) Adjust Roots
[67.797s][info][gc,phases      ] GC(248) Adjust Roots 0.168ms
[67.797s][info][gc,phases,start] GC(248) Compaction Phase
[68.388s][info][gc,phases      ] GC(248) Compaction Phase 591.285ms
[68.388s][info][gc,phases,start] GC(248) Post Compact
[68.398s][info][gc,phases      ] GC(248) Post Compact 9.707ms
[68.398s][info][gc,heap        ] GC(248) PSYoungGen: 176639K(445440K)->176639K(445440K) Eden: 176639K(176640K)->176639K(176640K) From: 0K(268800K)->0K(268800K)
[68.398s][info][gc,heap        ] GC(248) ParOldGen: 6348404K(6348800K)->6348404K(6348800K)
[68.398s][info][gc,metaspace   ] GC(248) Metaspace: 6302K(6528K)->6302K(6528K) NonClass: 5769K(5888K)->5769K(5888K) Class: 533K(640K)->533K(640K)
[68.398s][info][gc             ] GC(248) Pause Full (Ergonomics) 6372M->6372M(6635M) 2065.833ms
[68.398s][info][gc,cpu         ] GC(248) User=14.75s Sys=0.00s Real=2.07s
[68.399s][info][gc,start       ] GC(249) Pause Full (Ergonomics)
[68.399s][info][gc,phases,start] GC(249) Marking Phase
[69.882s][info][gc,phases      ] GC(249) Marking Phase 1483.559ms
[69.882s][info][gc,phases,start] GC(249) Summary Phase
[69.882s][info][gc,phases      ] GC(249) Summary Phase 0.096ms
[69.882s][info][gc,phases,start] GC(249) Adjust Roots
[69.883s][info][gc,phases      ] GC(249) Adjust Roots 0.243ms
[69.883s][info][gc,phases,start] GC(249) Compaction Phase
[70.457s][info][gc,phases      ] GC(249) Compaction Phase 574.841ms
[70.457s][info][gc,phases,start] GC(249) Post Compact
[70.468s][info][gc,phases      ] GC(249) Post Compact 10.006ms
[70.468s][info][gc,heap        ] GC(249) PSYoungGen: 176639K(445440K)->176639K(445440K) Eden: 176639K(176640K)->176639K(176640K) From: 0K(268800K)->0K(268800K)
[70.468s][info][gc,heap        ] GC(249) ParOldGen: 6348409K(6348800K)->6348409K(6348800K)
[70.468s][info][gc,metaspace   ] GC(249) Metaspace: 6302K(6528K)->6302K(6528K) NonClass: 5769K(5888K)->5769K(5888K) Class: 533K(640K)->533K(640K)
[70.468s][info][gc             ] GC(249) Pause Full (Ergonomics) 6372M->6372M(6635M) 2069.130ms
[70.468s][info][gc,cpu         ] GC(249) User=15.06s Sys=0.00s Real=2.07s
[70.468s][info][gc,start       ] GC(250) Pause Full (Ergonomics)
[70.468s][info][gc,phases,start] GC(250) Marking Phase
[71.980s][info][gc,phases      ] GC(250) Marking Phase 1512.579ms
[71.981s][info][gc,phases,start] GC(250) Summary Phase
[71.981s][info][gc,phases      ] GC(250) Summary Phase 0.069ms
[71.981s][info][gc,phases,start] GC(250) Adjust Roots
[71.981s][info][gc,phases      ] GC(250) Adjust Roots 0.192ms
[71.981s][info][gc,phases,start] GC(250) Compaction Phase
[72.558s][info][gc,phases      ] GC(250) Compaction Phase 577.257ms
[72.558s][info][gc,phases,start] GC(250) Post Compact
[72.568s][info][gc,phases      ] GC(250) Post Compact 9.846ms
[72.568s][info][gc,heap        ] GC(250) PSYoungGen: 176639K(445440K)->176639K(445440K) Eden: 176639K(176640K)->176639K(176640K) From: 0K(268800K)->0K(268800K)
[72.568s][info][gc,heap        ] GC(250) ParOldGen: 6348414K(6348800K)->6348414K(6348800K)
[72.568s][info][gc,metaspace   ] GC(250) Metaspace: 6302K(6528K)->6302K(6528K) NonClass: 5769K(5888K)->5769K(5888K) Class: 533K(640K)->533K(640K)
[72.568s][info][gc             ] GC(250) Pause Full (Ergonomics) 6372M->6372M(6635M) 2100.312ms
[72.568s][info][gc,cpu         ] GC(250) User=15.14s Sys=0.02s Real=2.10s
[72.568s][info][gc,start       ] GC(251) Pause Full (Ergonomics)
[72.568s][info][gc,phases,start] GC(251) Marking Phase
[74.071s][info][gc,phases      ] GC(251) Marking Phase 1502.786ms
[74.071s][info][gc,phases,start] GC(251) Summary Phase
[74.071s][info][gc,phases      ] GC(251) Summary Phase 0.069ms
[74.071s][info][gc,phases,start] GC(251) Adjust Roots
[74.072s][info][gc,phases      ] GC(251) Adjust Roots 0.218ms
[74.072s][info][gc,phases,start] GC(251) Compaction Phase
[74.676s][info][gc,phases      ] GC(251) Compaction Phase 604.418ms
[74.676s][info][gc,phases,start] GC(251) Post Compact
[74.686s][info][gc,phases      ] GC(251) Post Compact 9.996ms
[74.686s][info][gc,heap        ] GC(251) PSYoungGen: 176639K(445440K)->176639K(445440K) Eden: 176639K(176640K)->176639K(176640K) From: 0K(268800K)->0K(268800K)
[74.686s][info][gc,heap        ] GC(251) ParOldGen: 6348419K(6348800K)->6348419K(6348800K)
[74.686s][info][gc,metaspace   ] GC(251) Metaspace: 6302K(6528K)->6302K(6528K) NonClass: 5769K(5888K)->5769K(5888K) Class: 533K(640K)->533K(640K)
[74.686s][info][gc             ] GC(251) Pause Full (Ergonomics) 6372M->6372M(6635M) 2117.859ms
[74.686s][info][gc,cpu         ] GC(251) User=15.17s Sys=0.00s Real=2.12s
[74.686s][info][gc,start       ] GC(252) Pause Full (Ergonomics)
[74.686s][info][gc,phases,start] GC(252) Marking Phase
[76.174s][info][gc,phases      ] GC(252) Marking Phase 1487.653ms
[76.174s][info][gc,phases,start] GC(252) Summary Phase
[76.174s][info][gc,phases      ] GC(252) Summary Phase 0.067ms
[76.174s][info][gc,phases,start] GC(252) Adjust Roots
[76.175s][info][gc,phases      ] GC(252) Adjust Roots 0.271ms
[76.175s][info][gc,phases,start] GC(252) Compaction Phase
[76.767s][info][gc,phases      ] GC(252) Compaction Phase 592.008ms
[76.767s][info][gc,phases,start] GC(252) Post Compact
[76.777s][info][gc,phases      ] GC(252) Post Compact 9.899ms
[76.777s][info][gc,heap        ] GC(252) PSYoungGen: 176639K(445440K)->176639K(445440K) Eden: 176639K(176640K)->176639K(176640K) From: 0K(268800K)->0K(268800K)
[76.777s][info][gc,heap        ] GC(252) ParOldGen: 6348424K(6348800K)->6348424K(6348800K)
[76.777s][info][gc,metaspace   ] GC(252) Metaspace: 6302K(6528K)->6302K(6528K) NonClass: 5769K(5888K)->5769K(5888K) Class: 533K(640K)->533K(640K)
[76.777s][info][gc             ] GC(252) Pause Full (Ergonomics) 6372M->6372M(6635M) 2090.229ms
[76.777s][info][gc,cpu         ] GC(252) User=15.08s Sys=0.00s Real=2.09s
[76.777s][info][gc,start       ] GC(253) Pause Full (Ergonomics)
[76.777s][info][gc,phases,start] GC(253) Marking Phase
[78.279s][info][gc,phases      ] GC(253) Marking Phase 1501.783ms
[78.279s][info][gc,phases,start] GC(253) Summary Phase
[78.279s][info][gc,phases      ] GC(253) Summary Phase 0.067ms
[78.279s][info][gc,phases,start] GC(253) Adjust Roots
[78.279s][info][gc,phases      ] GC(253) Adjust Roots 0.171ms
[78.279s][info][gc,phases,start] GC(253) Compaction Phase
[78.877s][info][gc,phases      ] GC(253) Compaction Phase 597.940ms
[78.877s][info][gc,phases,start] GC(253) Post Compact
[78.887s][info][gc,phases      ] GC(253) Post Compact 9.921ms
[78.887s][info][gc,heap        ] GC(253) PSYoungGen: 176639K(445440K)->176639K(445440K) Eden: 176639K(176640K)->176639K(176640K) From: 0K(268800K)->0K(268800K)
[78.887s][info][gc,heap        ] GC(253) ParOldGen: 6348428K(6348800K)->6348428K(6348800K)
[78.887s][info][gc,metaspace   ] GC(253) Metaspace: 6302K(6528K)->6302K(6528K) NonClass: 5769K(5888K)->5769K(5888K) Class: 533K(640K)->533K(640K)
[78.887s][info][gc             ] GC(253) Pause Full (Ergonomics) 6372M->6372M(6635M) 2110.227ms
[78.887s][info][gc,cpu         ] GC(253) User=15.27s Sys=0.02s Real=2.11s
[78.887s][info][gc,start       ] GC(254) Pause Full (Ergonomics)
[78.887s][info][gc,phases,start] GC(254) Marking Phase
[80.377s][info][gc,phases      ] GC(254) Marking Phase 1489.937ms
[80.377s][info][gc,phases,start] GC(254) Summary Phase
[80.377s][info][gc,phases      ] GC(254) Summary Phase 0.065ms
[80.377s][info][gc,phases,start] GC(254) Adjust Roots
[80.378s][info][gc,phases      ] GC(254) Adjust Roots 0.192ms
[80.378s][info][gc,phases,start] GC(254) Compaction Phase
[80.999s][info][gc,phases      ] GC(254) Compaction Phase 621.081ms
[80.999s][info][gc,phases,start] GC(254) Post Compact
[81.009s][info][gc,phases      ] GC(254) Post Compact 9.828ms
[81.009s][info][gc,heap        ] GC(254) PSYoungGen: 176639K(445440K)->176639K(445440K) Eden: 176639K(176640K)->176639K(176640K) From: 0K(268800K)->0K(268800K)
[81.009s][info][gc,heap        ] GC(254) ParOldGen: 6348433K(6348800K)->6348433K(6348800K)
[81.009s][info][gc,metaspace   ] GC(254) Metaspace: 6302K(6528K)->6302K(6528K) NonClass: 5769K(5888K)->5769K(5888K) Class: 533K(640K)->533K(640K)
[81.009s][info][gc             ] GC(254) Pause Full (Ergonomics) 6372M->6372M(6635M) 2121.438ms
[81.009s][info][gc,cpu         ] GC(254) User=15.16s Sys=0.00s Real=2.12s
[81.009s][info][gc,start       ] GC(255) Pause Full (Ergonomics)
[81.009s][info][gc,phases,start] GC(255) Marking Phase
[82.570s][info][gc,phases      ] GC(255) Marking Phase 1560.658ms
[82.570s][info][gc,phases,start] GC(255) Summary Phase
[82.570s][info][gc,phases      ] GC(255) Summary Phase 0.128ms
[82.570s][info][gc,phases,start] GC(255) Adjust Roots
[82.570s][info][gc,phases      ] GC(255) Adjust Roots 0.200ms
[82.570s][info][gc,phases,start] GC(255) Compaction Phase
[83.173s][info][gc,phases      ] GC(255) Compaction Phase 602.808ms
[83.173s][info][gc,phases,start] GC(255) Post Compact
[83.183s][info][gc,phases      ] GC(255) Post Compact 9.864ms
[83.183s][info][gc,heap        ] GC(255) PSYoungGen: 176639K(445440K)->176639K(445440K) Eden: 176639K(176640K)->176639K(176640K) From: 0K(268800K)->0K(268800K)
[83.183s][info][gc,heap        ] GC(255) ParOldGen: 6348438K(6348800K)->6348438K(6348800K)
[83.183s][info][gc,metaspace   ] GC(255) Metaspace: 6302K(6528K)->6302K(6528K) NonClass: 5769K(5888K)->5769K(5888K) Class: 533K(640K)->533K(640K)
[83.183s][info][gc             ] GC(255) Pause Full (Ergonomics) 6372M->6372M(6635M) 2174.045ms
[83.183s][info][gc,cpu         ] GC(255) User=15.62s Sys=0.03s Real=2.17s
[83.183s][info][gc,start       ] GC(256) Pause Full (Ergonomics)
[83.183s][info][gc,phases,start] GC(256) Marking Phase
[84.720s][info][gc,phases      ] GC(256) Marking Phase 1536.765ms
[84.720s][info][gc,phases,start] GC(256) Summary Phase
[84.720s][info][gc,phases      ] GC(256) Summary Phase 0.079ms
[84.720s][info][gc,phases,start] GC(256) Adjust Roots
[84.720s][info][gc,phases      ] GC(256) Adjust Roots 0.184ms
[84.720s][info][gc,phases,start] GC(256) Compaction Phase
[85.313s][info][gc,phases      ] GC(256) Compaction Phase 592.257ms
[85.313s][info][gc,phases,start] GC(256) Post Compact
[85.323s][info][gc,phases      ] GC(256) Post Compact 10.169ms
[85.323s][info][gc,heap        ] GC(256) PSYoungGen: 176639K(445440K)->176639K(445440K) Eden: 176639K(176640K)->176639K(176640K) From: 0K(268800K)->0K(268800K)
[85.323s][info][gc,heap        ] GC(256) ParOldGen: 6348443K(6348800K)->6348443K(6348800K)
[85.323s][info][gc,metaspace   ] GC(256) Metaspace: 6302K(6528K)->6302K(6528K) NonClass: 5769K(5888K)->5769K(5888K) Class: 533K(640K)->533K(640K)
[85.323s][info][gc             ] GC(256) Pause Full (Ergonomics) 6372M->6372M(6635M) 2139.820ms
[85.323s][info][gc,cpu         ] GC(256) User=15.61s Sys=0.00s Real=2.14s
[85.323s][info][gc,start       ] GC(257) Pause Full (Ergonomics)
[85.323s][info][gc,phases,start] GC(257) Marking Phase
[86.857s][info][gc,phases      ] GC(257) Marking Phase 1533.907ms
[86.857s][info][gc,phases,start] GC(257) Summary Phase
[86.857s][info][gc,phases      ] GC(257) Summary Phase 0.067ms
[86.857s][info][gc,phases,start] GC(257) Adjust Roots
[86.858s][info][gc,phases      ] GC(257) Adjust Roots 0.198ms
[86.858s][info][gc,phases,start] GC(257) Compaction Phase
[87.454s][info][gc,phases      ] GC(257) Compaction Phase 596.330ms
[87.454s][info][gc,phases,start] GC(257) Post Compact
[87.464s][info][gc,phases      ] GC(257) Post Compact 9.881ms
[87.464s][info][gc,heap        ] GC(257) PSYoungGen: 176639K(445440K)->176639K(445440K) Eden: 176639K(176640K)->176639K(176640K) From: 0K(268800K)->0K(268800K)
[87.464s][info][gc,heap        ] GC(257) ParOldGen: 6348448K(6348800K)->6348448K(6348800K)
[87.464s][info][gc,metaspace   ] GC(257) Metaspace: 6302K(6528K)->6302K(6528K) NonClass: 5769K(5888K)->5769K(5888K) Class: 533K(640K)->533K(640K)
[87.464s][info][gc             ] GC(257) Pause Full (Ergonomics) 6372M->6372M(6635M) 2140.740ms
[87.464s][info][gc,cpu         ] GC(257) User=15.48s Sys=0.00s Real=2.14s
[87.464s][info][gc,start       ] GC(258) Pause Full (Ergonomics)
[87.464s][info][gc,phases,start] GC(258) Marking Phase
[89.013s][info][gc,phases      ] GC(258) Marking Phase 1548.559ms
[89.013s][info][gc,phases,start] GC(258) Summary Phase
[89.013s][info][gc,phases      ] GC(258) Summary Phase 0.066ms
[89.013s][info][gc,phases,start] GC(258) Adjust Roots
[89.013s][info][gc,phases      ] GC(258) Adjust Roots 0.176ms
[89.013s][info][gc,phases,start] GC(258) Compaction Phase
[89.605s][info][gc,phases      ] GC(258) Compaction Phase 591.356ms
[89.605s][info][gc,phases,start] GC(258) Post Compact
[89.615s][info][gc,phases      ] GC(258) Post Compact 10.195ms
[89.615s][info][gc,heap        ] GC(258) PSYoungGen: 176639K(445440K)->176639K(445440K) Eden: 176639K(176640K)->176639K(176640K) From: 0K(268800K)->0K(268800K)
[89.615s][info][gc,heap        ] GC(258) ParOldGen: 6348453K(6348800K)->6348453K(6348800K)
[89.615s][info][gc,metaspace   ] GC(258) Metaspace: 6302K(6528K)->6302K(6528K) NonClass: 5769K(5888K)->5769K(5888K) Class: 533K(640K)->533K(640K)
[89.615s][info][gc             ] GC(258) Pause Full (Ergonomics) 6372M->6372M(6635M) 2150.695ms
[89.615s][info][gc,cpu         ] GC(258) User=15.64s Sys=0.00s Real=2.15s
[89.615s][info][gc,start       ] GC(259) Pause Full (Ergonomics)
[89.615s][info][gc,phases,start] GC(259) Marking Phase
[91.156s][info][gc,phases      ] GC(259) Marking Phase 1540.500ms
[91.156s][info][gc,phases,start] GC(259) Summary Phase
[91.156s][info][gc,phases      ] GC(259) Summary Phase 0.069ms
[91.156s][info][gc,phases,start] GC(259) Adjust Roots
[91.156s][info][gc,phases      ] GC(259) Adjust Roots 0.207ms
[91.156s][info][gc,phases,start] GC(259) Compaction Phase
[91.783s][info][gc,phases      ] GC(259) Compaction Phase 626.669ms
[91.783s][info][gc,phases,start] GC(259) Post Compact
[91.793s][info][gc,phases      ] GC(259) Post Compact 9.859ms
[91.793s][info][gc,heap        ] GC(259) PSYoungGen: 176639K(445440K)->176639K(445440K) Eden: 176639K(176640K)->176639K(176640K) From: 0K(268800K)->0K(268800K)
[91.793s][info][gc,heap        ] GC(259) ParOldGen: 6348457K(6348800K)->6348457K(6348800K)
[91.793s][info][gc,metaspace   ] GC(259) Metaspace: 6302K(6528K)->6302K(6528K) NonClass: 5769K(5888K)->5769K(5888K) Class: 533K(640K)->533K(640K)
[91.793s][info][gc             ] GC(259) Pause Full (Ergonomics) 6372M->6372M(6635M) 2177.639ms
[91.793s][info][gc,cpu         ] GC(259) User=15.95s Sys=0.02s Real=2.18s
[91.793s][info][gc,start       ] GC(260) Pause Full (Ergonomics)
[91.793s][info][gc,phases,start] GC(260) Marking Phase
[93.341s][info][gc,phases      ] GC(260) Marking Phase 1547.712ms
[93.341s][info][gc,phases,start] GC(260) Summary Phase
[93.341s][info][gc,phases      ] GC(260) Summary Phase 0.078ms
[93.341s][info][gc,phases,start] GC(260) Adjust Roots
[93.341s][info][gc,phases      ] GC(260) Adjust Roots 0.227ms
[93.341s][info][gc,phases,start] GC(260) Compaction Phase
[93.943s][info][gc,phases      ] GC(260) Compaction Phase 601.485ms
[93.943s][info][gc,phases,start] GC(260) Post Compact
[93.953s][info][gc,phases      ] GC(260) Post Compact 9.875ms
[93.953s][info][gc,heap        ] GC(260) PSYoungGen: 176639K(445440K)->176639K(445440K) Eden: 176639K(176640K)->176639K(176640K) From: 0K(268800K)->0K(268800K)
[93.953s][info][gc,heap        ] GC(260) ParOldGen: 6348462K(6348800K)->6348462K(6348800K)
[93.953s][info][gc,metaspace   ] GC(260) Metaspace: 6302K(6528K)->6302K(6528K) NonClass: 5769K(5888K)->5769K(5888K) Class: 533K(640K)->533K(640K)
[93.953s][info][gc             ] GC(260) Pause Full (Ergonomics) 6372M->6372M(6635M) 2159.747ms
[93.953s][info][gc,cpu         ] GC(260) User=15.69s Sys=0.00s Real=2.16s
[93.953s][info][gc,start       ] GC(261) Pause Full (Ergonomics)
[93.953s][info][gc,phases,start] GC(261) Marking Phase
[95.534s][info][gc,phases      ] GC(261) Marking Phase 1580.550ms
[95.534s][info][gc,phases,start] GC(261) Summary Phase
[95.534s][info][gc,phases      ] GC(261) Summary Phase 0.066ms
[95.534s][info][gc,phases,start] GC(261) Adjust Roots
[95.534s][info][gc,phases      ] GC(261) Adjust Roots 0.175ms
[95.534s][info][gc,phases,start] GC(261) Compaction Phase
[96.145s][info][gc,phases      ] GC(261) Compaction Phase 611.387ms
[96.145s][info][gc,phases,start] GC(261) Post Compact
[96.155s][info][gc,phases      ] GC(261) Post Compact 9.940ms
[96.155s][info][gc,heap        ] GC(261) PSYoungGen: 176639K(445440K)->176639K(445440K) Eden: 176639K(176640K)->176639K(176640K) From: 0K(268800K)->0K(268800K)
[96.155s][info][gc,heap        ] GC(261) ParOldGen: 6348467K(6348800K)->6348467K(6348800K)
[96.155s][info][gc,metaspace   ] GC(261) Metaspace: 6302K(6528K)->6302K(6528K) NonClass: 5769K(5888K)->5769K(5888K) Class: 533K(640K)->533K(640K)
[96.155s][info][gc             ] GC(261) Pause Full (Ergonomics) 6372M->6372M(6635M) 2202.441ms
[96.155s][info][gc,cpu         ] GC(261) User=16.06s Sys=0.00s Real=2.20s
[96.156s][info][gc,start       ] GC(262) Pause Full (Ergonomics)
[96.156s][info][gc,phases,start] GC(262) Marking Phase
[97.714s][info][gc,phases      ] GC(262) Marking Phase 1558.718ms
[97.714s][info][gc,phases,start] GC(262) Summary Phase
[97.715s][info][gc,phases      ] GC(262) Summary Phase 0.074ms
[97.715s][info][gc,phases,start] GC(262) Adjust Roots
[97.715s][info][gc,phases      ] GC(262) Adjust Roots 0.170ms
[97.715s][info][gc,phases,start] GC(262) Compaction Phase
[98.327s][info][gc,phases      ] GC(262) Compaction Phase 612.088ms
[98.327s][info][gc,phases,start] GC(262) Post Compact
[98.337s][info][gc,phases      ] GC(262) Post Compact 9.919ms
[98.337s][info][gc,heap        ] GC(262) PSYoungGen: 176639K(445440K)->176639K(445440K) Eden: 176639K(176640K)->176639K(176640K) From: 0K(268800K)->0K(268800K)
[98.337s][info][gc,heap        ] GC(262) ParOldGen: 6348472K(6348800K)->6348472K(6348800K)
[98.337s][info][gc,metaspace   ] GC(262) Metaspace: 6302K(6528K)->6302K(6528K) NonClass: 5769K(5888K)->5769K(5888K) Class: 533K(640K)->533K(640K)
[98.337s][info][gc             ] GC(262) Pause Full (Ergonomics) 6372M->6372M(6635M) 2181.337ms
[98.337s][info][gc,cpu         ] GC(262) User=15.75s Sys=0.00s Real=2.18s
[98.337s][info][gc,start       ] GC(263) Pause Full (Ergonomics)
[98.337s][info][gc,phases,start] GC(263) Marking Phase
[99.892s][info][gc,phases      ] GC(263) Marking Phase 1554.703ms
[99.892s][info][gc,phases,start] GC(263) Summary Phase
[99.892s][info][gc,phases      ] GC(263) Summary Phase 0.067ms
[99.892s][info][gc,phases,start] GC(263) Adjust Roots
[99.892s][info][gc,phases      ] GC(263) Adjust Roots 0.178ms
[99.892s][info][gc,phases,start] GC(263) Compaction Phase
[100.501s][info][gc,phases      ] GC(263) Compaction Phase 608.517ms
[100.501s][info][gc,phases,start] GC(263) Post Compact
[100.511s][info][gc,phases      ] GC(263) Post Compact 9.828ms
[100.511s][info][gc,heap        ] GC(263) PSYoungGen: 176639K(445440K)->176639K(445440K) Eden: 176639K(176640K)->176639K(176640K) From: 0K(268800K)->0K(268800K)
[100.511s][info][gc,heap        ] GC(263) ParOldGen: 6348477K(6348800K)->6348477K(6348800K)
[100.511s][info][gc,metaspace   ] GC(263) Metaspace: 6302K(6528K)->6302K(6528K) NonClass: 5769K(5888K)->5769K(5888K) Class: 533K(640K)->533K(640K)
[100.511s][info][gc             ] GC(263) Pause Full (Ergonomics) 6372M->6372M(6635M) 2173.680ms
[100.511s][info][gc,cpu         ] GC(263) User=15.94s Sys=0.02s Real=2.17s
[100.511s][info][gc,start       ] GC(264) Pause Full (Ergonomics)
[100.511s][info][gc,phases,start] GC(264) Marking Phase
[102.099s][info][gc,phases      ] GC(264) Marking Phase 1587.806ms
[102.099s][info][gc,phases,start] GC(264) Summary Phase
[102.099s][info][gc,phases      ] GC(264) Summary Phase 0.066ms
[102.099s][info][gc,phases,start] GC(264) Adjust Roots
[102.099s][info][gc,phases      ] GC(264) Adjust Roots 0.165ms
[102.099s][info][gc,phases,start] GC(264) Compaction Phase
[102.719s][info][gc,phases      ] GC(264) Compaction Phase 619.301ms
[102.719s][info][gc,phases,start] GC(264) Post Compact
[102.729s][info][gc,phases      ] GC(264) Post Compact 9.927ms
[102.729s][info][gc,heap        ] GC(264) PSYoungGen: 176639K(445440K)->176639K(445440K) Eden: 176639K(176640K)->176639K(176640K) From: 0K(268800K)->0K(268800K)
[102.729s][info][gc,heap        ] GC(264) ParOldGen: 6348482K(6348800K)->6348482K(6348800K)
[102.729s][info][gc,metaspace   ] GC(264) Metaspace: 6302K(6528K)->6302K(6528K) NonClass: 5769K(5888K)->5769K(5888K) Class: 533K(640K)->533K(640K)
[102.729s][info][gc             ] GC(264) Pause Full (Ergonomics) 6372M->6372M(6635M) 2217.616ms
[102.729s][info][gc,cpu         ] GC(264) User=16.14s Sys=0.00s Real=2.22s
[102.729s][info][gc,start       ] GC(265) Pause Full (Ergonomics)
[102.729s][info][gc,phases,start] GC(265) Marking Phase
[104.305s][info][gc,phases      ] GC(265) Marking Phase 1575.883ms
[104.305s][info][gc,phases,start] GC(265) Summary Phase
[104.305s][info][gc,phases      ] GC(265) Summary Phase 0.077ms
[104.305s][info][gc,phases,start] GC(265) Adjust Roots
[104.305s][info][gc,phases      ] GC(265) Adjust Roots 0.198ms
[104.305s][info][gc,phases,start] GC(265) Compaction Phase
[104.964s][info][gc,phases      ] GC(265) Compaction Phase 658.454ms
[104.964s][info][gc,phases,start] GC(265) Post Compact
[104.974s][info][gc,phases      ] GC(265) Post Compact 10.044ms
[104.974s][info][gc,heap        ] GC(265) PSYoungGen: 176639K(445440K)->176639K(445440K) Eden: 176639K(176640K)->176639K(176640K) From: 0K(268800K)->0K(268800K)
[104.974s][info][gc,heap        ] GC(265) ParOldGen: 6348486K(6348800K)->6348486K(6348800K)
[104.974s][info][gc,metaspace   ] GC(265) Metaspace: 6302K(6528K)->6302K(6528K) NonClass: 5769K(5888K)->5769K(5888K) Class: 533K(640K)->533K(640K)
[104.974s][info][gc             ] GC(265) Pause Full (Ergonomics) 6372M->6372M(6635M) 2245.017ms
[104.974s][info][gc,cpu         ] GC(265) User=15.86s Sys=0.00s Real=2.25s
[104.974s][info][gc,start       ] GC(266) Pause Full (Ergonomics)
[104.974s][info][gc,phases,start] GC(266) Marking Phase
[106.565s][info][gc,phases      ] GC(266) Marking Phase 1590.682ms
[106.565s][info][gc,phases,start] GC(266) Summary Phase
[106.565s][info][gc,phases      ] GC(266) Summary Phase 0.098ms
[106.565s][info][gc,phases,start] GC(266) Adjust Roots
[106.565s][info][gc,phases      ] GC(266) Adjust Roots 0.230ms
[106.565s][info][gc,phases,start] GC(266) Compaction Phase
[107.171s][info][gc,phases      ] GC(266) Compaction Phase 606.069ms
[107.172s][info][gc,phases,start] GC(266) Post Compact
[107.182s][info][gc,phases      ] GC(266) Post Compact 9.989ms
[107.182s][info][gc,heap        ] GC(266) PSYoungGen: 176639K(445440K)->176639K(445440K) Eden: 176639K(176640K)->176639K(176640K) From: 0K(268800K)->0K(268800K)
[107.182s][info][gc,heap        ] GC(266) ParOldGen: 6348491K(6348800K)->6348491K(6348800K)
[107.182s][info][gc,metaspace   ] GC(266) Metaspace: 6302K(6528K)->6302K(6528K) NonClass: 5769K(5888K)->5769K(5888K) Class: 533K(640K)->533K(640K)
[107.182s][info][gc             ] GC(266) Pause Full (Ergonomics) 6372M->6372M(6635M) 2207.431ms
[107.182s][info][gc,cpu         ] GC(266) User=16.30s Sys=0.00s Real=2.21s
[107.182s][info][gc,start       ] GC(267) Pause Full (Ergonomics)
[107.182s][info][gc,phases,start] GC(267) Marking Phase
[108.759s][info][gc,phases      ] GC(267) Marking Phase 1576.714ms
[108.759s][info][gc,phases,start] GC(267) Summary Phase
[108.759s][info][gc,phases      ] GC(267) Summary Phase 0.079ms
[108.759s][info][gc,phases,start] GC(267) Adjust Roots
[108.759s][info][gc,phases      ] GC(267) Adjust Roots 0.201ms
[108.759s][info][gc,phases,start] GC(267) Compaction Phase
[109.389s][info][gc,phases      ] GC(267) Compaction Phase 629.984ms
[109.389s][info][gc,phases,start] GC(267) Post Compact
[109.399s][info][gc,phases      ] GC(267) Post Compact 9.874ms
[109.399s][info][gc,heap        ] GC(267) PSYoungGen: 176639K(445440K)->176639K(445440K) Eden: 176639K(176640K)->176639K(176640K) From: 0K(268800K)->0K(268800K)
[109.399s][info][gc,heap        ] GC(267) ParOldGen: 6348496K(6348800K)->6348496K(6348800K)
[109.399s][info][gc,metaspace   ] GC(267) Metaspace: 6302K(6528K)->6302K(6528K) NonClass: 5769K(5888K)->5769K(5888K) Class: 533K(640K)->533K(640K)
[109.399s][info][gc             ] GC(267) Pause Full (Ergonomics) 6372M->6372M(6635M) 2217.190ms
[109.399s][info][gc,cpu         ] GC(267) User=15.94s Sys=0.03s Real=2.22s
[109.399s][info][gc,start       ] GC(268) Pause Full (Ergonomics)
[109.399s][info][gc,phases,start] GC(268) Marking Phase
[110.957s][info][gc,phases      ] GC(268) Marking Phase 1557.970ms
[110.957s][info][gc,phases,start] GC(268) Summary Phase
[110.957s][info][gc,phases      ] GC(268) Summary Phase 0.068ms
[110.957s][info][gc,phases,start] GC(268) Adjust Roots
[110.958s][info][gc,phases      ] GC(268) Adjust Roots 0.181ms
[110.958s][info][gc,phases,start] GC(268) Compaction Phase
[111.562s][info][gc,phases      ] GC(268) Compaction Phase 604.062ms
[111.562s][info][gc,phases,start] GC(268) Post Compact
[111.572s][info][gc,phases      ] GC(268) Post Compact 9.928ms
[111.572s][info][gc,heap        ] GC(268) PSYoungGen: 176639K(445440K)->176639K(445440K) Eden: 176639K(176640K)->176639K(176640K) From: 0K(268800K)->0K(268800K)
[111.572s][info][gc,heap        ] GC(268) ParOldGen: 6348501K(6348800K)->6348501K(6348800K)
[111.572s][info][gc,metaspace   ] GC(268) Metaspace: 6302K(6528K)->6302K(6528K) NonClass: 5769K(5888K)->5769K(5888K) Class: 533K(640K)->533K(640K)
[111.572s][info][gc             ] GC(268) Pause Full (Ergonomics) 6372M->6372M(6635M) 2172.578ms
[111.572s][info][gc,cpu         ] GC(268) User=15.83s Sys=0.00s Real=2.17s
[111.572s][info][gc,start       ] GC(269) Pause Full (Ergonomics)
[111.572s][info][gc,phases,start] GC(269) Marking Phase
[113.150s][info][gc,phases      ] GC(269) Marking Phase 1577.728ms
[113.150s][info][gc,phases,start] GC(269) Summary Phase
[113.150s][info][gc,phases      ] GC(269) Summary Phase 0.070ms
[113.150s][info][gc,phases,start] GC(269) Adjust Roots
[113.150s][info][gc,phases      ] GC(269) Adjust Roots 0.219ms
[113.150s][info][gc,phases,start] GC(269) Compaction Phase
[113.759s][info][gc,phases      ] GC(269) Compaction Phase 608.618ms
[113.759s][info][gc,phases,start] GC(269) Post Compact
[113.769s][info][gc,phases      ] GC(269) Post Compact 9.907ms
[113.769s][info][gc,heap        ] GC(269) PSYoungGen: 176639K(445440K)->176639K(445440K) Eden: 176639K(176640K)->176639K(176640K) From: 0K(268800K)->0K(268800K)
[113.769s][info][gc,heap        ] GC(269) ParOldGen: 6348506K(6348800K)->6348506K(6348800K)
[113.769s][info][gc,metaspace   ] GC(269) Metaspace: 6302K(6528K)->6302K(6528K) NonClass: 5769K(5888K)->5769K(5888K) Class: 533K(640K)->533K(640K)
[113.769s][info][gc             ] GC(269) Pause Full (Ergonomics) 6372M->6372M(6635M) 2196.930ms
[113.769s][info][gc,cpu         ] GC(269) User=15.94s Sys=0.00s Real=2.20s
[113.769s][info][gc,start       ] GC(270) Pause Full (Ergonomics)
[113.769s][info][gc,phases,start] GC(270) Marking Phase
[115.329s][info][gc,phases      ] GC(270) Marking Phase 1559.865ms
[115.329s][info][gc,phases,start] GC(270) Summary Phase
[115.329s][info][gc,phases      ] GC(270) Summary Phase 0.103ms
[115.329s][info][gc,phases,start] GC(270) Adjust Roots
[115.330s][info][gc,phases      ] GC(270) Adjust Roots 0.322ms
[115.330s][info][gc,phases,start] GC(270) Compaction Phase
[115.929s][info][gc,phases      ] GC(270) Compaction Phase 599.347ms
[115.929s][info][gc,phases,start] GC(270) Post Compact
[115.939s][info][gc,phases      ] GC(270) Post Compact 10.128ms
[115.939s][info][gc,heap        ] GC(270) PSYoungGen: 176639K(445440K)->176639K(445440K) Eden: 176639K(176640K)->176639K(176640K) From: 0K(268800K)->0K(268800K)
[115.939s][info][gc,heap        ] GC(270) ParOldGen: 6348511K(6348800K)->6348511K(6348800K)
[115.939s][info][gc,metaspace   ] GC(270) Metaspace: 6302K(6528K)->6302K(6528K) NonClass: 5769K(5888K)->5769K(5888K) Class: 533K(640K)->533K(640K)
[115.939s][info][gc             ] GC(270) Pause Full (Ergonomics) 6372M->6372M(6635M) 2170.180ms
[115.939s][info][gc,cpu         ] GC(270) User=15.75s Sys=0.02s Real=2.17s
[115.940s][info][gc,start       ] GC(271) Pause Full (Ergonomics)
[115.940s][info][gc,phases,start] GC(271) Marking Phase
[117.536s][info][gc,phases      ] GC(271) Marking Phase 1596.442ms
[117.536s][info][gc,phases,start] GC(271) Summary Phase
[117.536s][info][gc,phases      ] GC(271) Summary Phase 0.075ms
[117.536s][info][gc,phases,start] GC(271) Adjust Roots
[117.536s][info][gc,phases      ] GC(271) Adjust Roots 0.210ms
[117.536s][info][gc,phases,start] GC(271) Compaction Phase
[118.157s][info][gc,phases      ] GC(271) Compaction Phase 620.793ms
[118.157s][info][gc,phases,start] GC(271) Post Compact
[118.170s][info][gc,phases      ] GC(271) Post Compact 12.175ms
[118.170s][info][gc,heap        ] GC(271) PSYoungGen: 176639K(445440K)->176639K(445440K) Eden: 176639K(176640K)->176639K(176640K) From: 0K(268800K)->0K(268800K)
[118.170s][info][gc,heap        ] GC(271) ParOldGen: 6348515K(6348800K)->6348515K(6348800K)
[118.170s][info][gc,metaspace   ] GC(271) Metaspace: 6302K(6528K)->6302K(6528K) NonClass: 5769K(5888K)->5769K(5888K) Class: 533K(640K)->533K(640K)
[118.170s][info][gc             ] GC(271) Pause Full (Ergonomics) 6372M->6372M(6635M) 2230.105ms
[118.170s][info][gc,cpu         ] GC(271) User=16.23s Sys=0.00s Real=2.23s
[118.170s][info][gc,start       ] GC(272) Pause Full (Ergonomics)
[118.170s][info][gc,phases,start] GC(272) Marking Phase
[119.758s][info][gc,phases      ] GC(272) Marking Phase 1588.239ms
[119.758s][info][gc,phases,start] GC(272) Summary Phase
[119.758s][info][gc,phases      ] GC(272) Summary Phase 0.087ms
[119.758s][info][gc,phases,start] GC(272) Adjust Roots
[119.759s][info][gc,phases      ] GC(272) Adjust Roots 0.299ms
[119.759s][info][gc,phases,start] GC(272) Compaction Phase
[120.407s][info][gc,phases      ] GC(272) Compaction Phase 648.708ms
[120.407s][info][gc,phases,start] GC(272) Post Compact
[120.418s][info][gc,phases      ] GC(272) Post Compact 10.794ms
[120.418s][info][gc,heap        ] GC(272) PSYoungGen: 176639K(445440K)->176639K(445440K) Eden: 176639K(176640K)->176639K(176640K) From: 0K(268800K)->0K(268800K)
[120.418s][info][gc,heap        ] GC(272) ParOldGen: 6348520K(6348800K)->6348520K(6348800K)
[120.418s][info][gc,metaspace   ] GC(272) Metaspace: 6302K(6528K)->6302K(6528K) NonClass: 5769K(5888K)->5769K(5888K) Class: 533K(640K)->533K(640K)
[120.418s][info][gc             ] GC(272) Pause Full (Ergonomics) 6372M->6372M(6635M) 2248.464ms
[120.418s][info][gc,cpu         ] GC(272) User=16.20s Sys=0.00s Real=2.25s
[120.419s][info][gc,start       ] GC(273) Pause Full (Ergonomics)
[120.419s][info][gc,phases,start] GC(273) Marking Phase
[122.011s][info][gc,phases      ] GC(273) Marking Phase 1592.784ms
[122.011s][info][gc,phases,start] GC(273) Summary Phase
[122.012s][info][gc,phases      ] GC(273) Summary Phase 0.076ms
[122.012s][info][gc,phases,start] GC(273) Adjust Roots
[122.012s][info][gc,phases      ] GC(273) Adjust Roots 0.222ms
[122.012s][info][gc,phases,start] GC(273) Compaction Phase
[122.647s][info][gc,phases      ] GC(273) Compaction Phase 634.869ms
[122.647s][info][gc,phases,start] GC(273) Post Compact
[122.659s][info][gc,phases      ] GC(273) Post Compact 11.882ms
[122.659s][info][gc,heap        ] GC(273) PSYoungGen: 176639K(445440K)->176639K(445440K) Eden: 176639K(176640K)->176639K(176640K) From: 0K(268800K)->0K(268800K)
[122.659s][info][gc,heap        ] GC(273) ParOldGen: 6348525K(6348800K)->6348525K(6348800K)
[122.659s][info][gc,metaspace   ] GC(273) Metaspace: 6302K(6528K)->6302K(6528K) NonClass: 5769K(5888K)->5769K(5888K) Class: 533K(640K)->533K(640K)
[122.659s][info][gc             ] GC(273) Pause Full (Ergonomics) 6372M->6372M(6635M) 2240.184ms
[122.659s][info][gc,cpu         ] GC(273) User=16.05s Sys=0.00s Real=2.24s
[122.659s][info][gc,start       ] GC(274) Pause Full (Ergonomics)
[122.659s][info][gc,phases,start] GC(274) Marking Phase
[124.218s][info][gc,phases      ] GC(274) Marking Phase 1558.494ms
[124.218s][info][gc,phases,start] GC(274) Summary Phase
[124.218s][info][gc,phases      ] GC(274) Summary Phase 0.073ms
[124.218s][info][gc,phases,start] GC(274) Adjust Roots
[124.218s][info][gc,phases      ] GC(274) Adjust Roots 0.216ms
[124.218s][info][gc,phases,start] GC(274) Compaction Phase
[124.826s][info][gc,phases      ] GC(274) Compaction Phase 607.688ms
[124.826s][info][gc,phases,start] GC(274) Post Compact
[124.836s][info][gc,phases      ] GC(274) Post Compact 10.053ms
[124.836s][info][gc,heap        ] GC(274) PSYoungGen: 176639K(445440K)->176639K(445440K) Eden: 176639K(176640K)->176639K(176640K) From: 0K(268800K)->0K(268800K)
[124.836s][info][gc,heap        ] GC(274) ParOldGen: 6348530K(6348800K)->6348530K(6348800K)
[124.836s][info][gc,metaspace   ] GC(274) Metaspace: 6302K(6528K)->6302K(6528K) NonClass: 5769K(5888K)->5769K(5888K) Class: 533K(640K)->533K(640K)
[124.836s][info][gc             ] GC(274) Pause Full (Ergonomics) 6372M->6372M(6635M) 2176.870ms
[124.836s][info][gc,cpu         ] GC(274) User=15.97s Sys=0.00s Real=2.18s
[124.836s][info][gc,start       ] GC(275) Pause Full (Ergonomics)
[124.836s][info][gc,phases,start] GC(275) Marking Phase
[126.418s][info][gc,phases      ] GC(275) Marking Phase 1581.825ms
[126.418s][info][gc,phases,start] GC(275) Summary Phase
[126.418s][info][gc,phases      ] GC(275) Summary Phase 0.088ms
[126.418s][info][gc,phases,start] GC(275) Adjust Roots
[126.418s][info][gc,phases      ] GC(275) Adjust Roots 0.303ms
[126.418s][info][gc,phases,start] GC(275) Compaction Phase
[127.091s][info][gc,phases      ] GC(275) Compaction Phase 672.676ms
[127.091s][info][gc,phases,start] GC(275) Post Compact
[127.105s][info][gc,phases      ] GC(275) Post Compact 13.499ms
[127.105s][info][gc,heap        ] GC(275) PSYoungGen: 176639K(445440K)->176639K(445440K) Eden: 176639K(176640K)->176639K(176640K) From: 0K(268800K)->0K(268800K)
[127.105s][info][gc,heap        ] GC(275) ParOldGen: 6348535K(6348800K)->6348535K(6348800K)
[127.105s][info][gc,metaspace   ] GC(275) Metaspace: 6302K(6528K)->6302K(6528K) NonClass: 5769K(5888K)->5769K(5888K) Class: 533K(640K)->533K(640K)
[127.105s][info][gc             ] GC(275) Pause Full (Ergonomics) 6372M->6372M(6635M) 2268.831ms
[127.105s][info][gc,cpu         ] GC(275) User=16.14s Sys=0.00s Real=2.27s
[127.105s][info][gc,start       ] GC(276) Pause Full (Ergonomics)
[127.105s][info][gc,phases,start] GC(276) Marking Phase
[128.747s][info][gc,phases      ] GC(276) Marking Phase 1641.785ms
[128.747s][info][gc,phases,start] GC(276) Summary Phase
[128.747s][info][gc,phases      ] GC(276) Summary Phase 0.116ms
[128.747s][info][gc,phases,start] GC(276) Adjust Roots
[128.748s][info][gc,phases      ] GC(276) Adjust Roots 0.615ms
[128.748s][info][gc,phases,start] GC(276) Compaction Phase
[129.410s][info][gc,phases      ] GC(276) Compaction Phase 661.720ms
[129.410s][info][gc,phases,start] GC(276) Post Compact
[129.422s][info][gc,phases      ] GC(276) Post Compact 12.095ms
[129.422s][info][gc,heap        ] GC(276) PSYoungGen: 176639K(445440K)->176639K(445440K) Eden: 176639K(176640K)->176639K(176640K) From: 0K(268800K)->0K(268800K)
[129.422s][info][gc,heap        ] GC(276) ParOldGen: 6348540K(6348800K)->6348540K(6348800K)
[129.422s][info][gc,metaspace   ] GC(276) Metaspace: 6302K(6528K)->6302K(6528K) NonClass: 5769K(5888K)->5769K(5888K) Class: 533K(640K)->533K(640K)
[129.422s][info][gc             ] GC(276) Pause Full (Ergonomics) 6372M->6372M(6635M) 2316.817ms
[129.422s][info][gc,cpu         ] GC(276) User=15.94s Sys=0.02s Real=2.32s
[129.422s][info][gc,start       ] GC(277) Pause Full (Ergonomics)
[129.422s][info][gc,phases,start] GC(277) Marking Phase
[131.014s][info][gc,phases      ] GC(277) Marking Phase 1591.758ms
[131.014s][info][gc,phases,start] GC(277) Summary Phase
[131.014s][info][gc,phases      ] GC(277) Summary Phase 0.135ms
[131.014s][info][gc,phases,start] GC(277) Adjust Roots
[131.015s][info][gc,phases      ] GC(277) Adjust Roots 0.333ms
[131.015s][info][gc,phases,start] GC(277) Compaction Phase
[131.656s][info][gc,phases      ] GC(277) Compaction Phase 641.637ms
[131.656s][info][gc,phases,start] GC(277) Post Compact
[131.667s][info][gc,phases      ] GC(277) Post Compact 10.531ms
[131.667s][info][gc,heap        ] GC(277) PSYoungGen: 176639K(445440K)->176639K(445440K) Eden: 176639K(176640K)->176639K(176640K) From: 0K(268800K)->0K(268800K)
[131.667s][info][gc,heap        ] GC(277) ParOldGen: 6348544K(6348800K)->6348544K(6348800K)
[131.667s][info][gc,metaspace   ] GC(277) Metaspace: 6302K(6528K)->6302K(6528K) NonClass: 5769K(5888K)->5769K(5888K) Class: 533K(640K)->533K(640K)
[131.667s][info][gc             ] GC(277) Pause Full (Ergonomics) 6372M->6372M(6635M) 2244.803ms
[131.667s][info][gc,cpu         ] GC(277) User=16.08s Sys=0.00s Real=2.24s
[131.667s][info][gc,start       ] GC(278) Pause Full (Ergonomics)
[131.667s][info][gc,phases,start] GC(278) Marking Phase
[133.249s][info][gc,phases      ] GC(278) Marking Phase 1582.183ms
[133.249s][info][gc,phases,start] GC(278) Summary Phase
[133.250s][info][gc,phases      ] GC(278) Summary Phase 0.074ms
[133.250s][info][gc,phases,start] GC(278) Adjust Roots
[133.250s][info][gc,phases      ] GC(278) Adjust Roots 0.192ms
[133.250s][info][gc,phases,start] GC(278) Compaction Phase
[133.884s][info][gc,phases      ] GC(278) Compaction Phase 634.240ms
[133.884s][info][gc,phases,start] GC(278) Post Compact
[133.895s][info][gc,phases      ] GC(278) Post Compact 10.496ms
[133.895s][info][gc,heap        ] GC(278) PSYoungGen: 176639K(445440K)->176639K(445440K) Eden: 176639K(176640K)->176639K(176640K) From: 0K(268800K)->0K(268800K)
[133.895s][info][gc,heap        ] GC(278) ParOldGen: 6348549K(6348800K)->6348549K(6348800K)
[133.895s][info][gc,metaspace   ] GC(278) Metaspace: 6302K(6528K)->6302K(6528K) NonClass: 5769K(5888K)->5769K(5888K) Class: 533K(640K)->533K(640K)
[133.895s][info][gc             ] GC(278) Pause Full (Ergonomics) 6372M->6372M(6635M) 2227.543ms
[133.895s][info][gc,cpu         ] GC(278) User=15.97s Sys=0.00s Real=2.23s
[133.895s][info][gc,start       ] GC(279) Pause Full (Ergonomics)
[133.895s][info][gc,phases,start] GC(279) Marking Phase
[135.471s][info][gc,phases      ] GC(279) Marking Phase 1575.534ms
[135.471s][info][gc,phases,start] GC(279) Summary Phase
[135.471s][info][gc,phases      ] GC(279) Summary Phase 0.117ms
[135.471s][info][gc,phases,start] GC(279) Adjust Roots
[135.471s][info][gc,phases      ] GC(279) Adjust Roots 0.220ms
[135.471s][info][gc,phases,start] GC(279) Compaction Phase
[136.105s][info][gc,phases      ] GC(279) Compaction Phase 633.491ms
[136.105s][info][gc,phases,start] GC(279) Post Compact
[136.116s][info][gc,phases      ] GC(279) Post Compact 11.092ms
[136.116s][info][gc,heap        ] GC(279) PSYoungGen: 176639K(445440K)->176639K(445440K) Eden: 176639K(176640K)->176639K(176640K) From: 0K(268800K)->0K(268800K)
[136.116s][info][gc,heap        ] GC(279) ParOldGen: 6348554K(6348800K)->6348554K(6348800K)
[136.116s][info][gc,metaspace   ] GC(279) Metaspace: 6302K(6528K)->6302K(6528K) NonClass: 5769K(5888K)->5769K(5888K) Class: 533K(640K)->533K(640K)
[136.116s][info][gc             ] GC(279) Pause Full (Ergonomics) 6372M->6372M(6635M) 2220.882ms
[136.116s][info][gc,cpu         ] GC(279) User=15.83s Sys=0.03s Real=2.22s
[136.116s][info][gc,start       ] GC(280) Pause Full (Ergonomics)
[136.116s][info][gc,phases,start] GC(280) Marking Phase
[137.670s][info][gc,phases      ] GC(280) Marking Phase 1554.100ms
[137.670s][info][gc,phases,start] GC(280) Summary Phase
[137.670s][info][gc,phases      ] GC(280) Summary Phase 0.091ms
[137.670s][info][gc,phases,start] GC(280) Adjust Roots
[137.671s][info][gc,phases      ] GC(280) Adjust Roots 0.222ms
[137.671s][info][gc,phases,start] GC(280) Compaction Phase
[138.287s][info][gc,phases      ] GC(280) Compaction Phase 616.203ms
[138.287s][info][gc,phases,start] GC(280) Post Compact
[138.297s][info][gc,phases      ] GC(280) Post Compact 9.899ms
[138.297s][info][gc,heap        ] GC(280) PSYoungGen: 176639K(445440K)->176639K(445440K) Eden: 176639K(176640K)->176639K(176640K) From: 0K(268800K)->0K(268800K)
[138.297s][info][gc,heap        ] GC(280) ParOldGen: 6348559K(6348800K)->6348559K(6348800K)
[138.297s][info][gc,metaspace   ] GC(280) Metaspace: 6302K(6528K)->6302K(6528K) NonClass: 5769K(5888K)->5769K(5888K) Class: 533K(640K)->533K(640K)
[138.297s][info][gc             ] GC(280) Pause Full (Ergonomics) 6372M->6372M(6635M) 2180.854ms
[138.297s][info][gc,cpu         ] GC(280) User=15.77s Sys=0.02s Real=2.18s
[138.297s][info][gc,start       ] GC(281) Pause Full (Ergonomics)
[138.297s][info][gc,phases,start] GC(281) Marking Phase
[139.865s][info][gc,phases      ] GC(281) Marking Phase 1567.518ms
[139.865s][info][gc,phases,start] GC(281) Summary Phase
[139.865s][info][gc,phases      ] GC(281) Summary Phase 0.068ms
[139.865s][info][gc,phases,start] GC(281) Adjust Roots
[139.865s][info][gc,phases      ] GC(281) Adjust Roots 0.238ms
[139.865s][info][gc,phases,start] GC(281) Compaction Phase
[140.479s][info][gc,phases      ] GC(281) Compaction Phase 614.003ms
[140.479s][info][gc,phases,start] GC(281) Post Compact
[140.489s][info][gc,phases      ] GC(281) Post Compact 9.877ms
[140.489s][info][gc,heap        ] GC(281) PSYoungGen: 176639K(445440K)->176639K(445440K) Eden: 176639K(176640K)->176639K(176640K) From: 0K(268800K)->0K(268800K)
[140.489s][info][gc,heap        ] GC(281) ParOldGen: 6348564K(6348800K)->6348564K(6348800K)
[140.489s][info][gc,metaspace   ] GC(281) Metaspace: 6302K(6528K)->6302K(6528K) NonClass: 5769K(5888K)->5769K(5888K) Class: 533K(640K)->533K(640K)
[140.489s][info][gc             ] GC(281) Pause Full (Ergonomics) 6372M->6372M(6635M) 2192.091ms
[140.489s][info][gc,cpu         ] GC(281) User=15.55s Sys=0.00s Real=2.19s
[140.489s][info][gc,start       ] GC(282) Pause Full (Ergonomics)
[140.490s][info][gc,phases,start] GC(282) Marking Phase
[142.180s][info][gc,phases      ] GC(282) Marking Phase 1690.519ms
[142.180s][info][gc,phases,start] GC(282) Summary Phase
[142.180s][info][gc,phases      ] GC(282) Summary Phase 0.121ms
[142.180s][info][gc,phases,start] GC(282) Adjust Roots
[142.181s][info][gc,phases      ] GC(282) Adjust Roots 0.366ms
[142.181s][info][gc,phases,start] GC(282) Compaction Phase
[142.798s][info][gc,phases      ] GC(282) Compaction Phase 617.634ms
[142.798s][info][gc,phases,start] GC(282) Post Compact
[142.808s][info][gc,phases      ] GC(282) Post Compact 9.951ms
[142.808s][info][gc,heap        ] GC(282) PSYoungGen: 176639K(445440K)->176639K(445440K) Eden: 176639K(176640K)->176639K(176640K) From: 0K(268800K)->0K(268800K)
[142.808s][info][gc,heap        ] GC(282) ParOldGen: 6348569K(6348800K)->6348569K(6348800K)
[142.808s][info][gc,metaspace   ] GC(282) Metaspace: 6302K(6528K)->6302K(6528K) NonClass: 5769K(5888K)->5769K(5888K) Class: 533K(640K)->533K(640K)
[142.808s][info][gc             ] GC(282) Pause Full (Ergonomics) 6372M->6372M(6635M) 2318.998ms
[142.808s][info][gc,cpu         ] GC(282) User=15.86s Sys=0.02s Real=2.32s
[142.809s][info][gc,start       ] GC(283) Pause Full (Ergonomics)
[142.809s][info][gc,phases,start] GC(283) Marking Phase
[144.402s][info][gc,phases      ] GC(283) Marking Phase 1593.438ms
[144.402s][info][gc,phases,start] GC(283) Summary Phase
[144.402s][info][gc,phases      ] GC(283) Summary Phase 0.077ms
[144.402s][info][gc,phases,start] GC(283) Adjust Roots
[144.403s][info][gc,phases      ] GC(283) Adjust Roots 0.203ms
[144.403s][info][gc,phases,start] GC(283) Compaction Phase
[145.062s][info][gc,phases      ] GC(283) Compaction Phase 659.124ms
[145.062s][info][gc,phases,start] GC(283) Post Compact
[145.072s][info][gc,phases      ] GC(283) Post Compact 10.311ms
[145.072s][info][gc,heap        ] GC(283) PSYoungGen: 176639K(445440K)->176639K(445440K) Eden: 176639K(176640K)->176639K(176640K) From: 0K(268800K)->0K(268800K)
[145.072s][info][gc,heap        ] GC(283) ParOldGen: 6348573K(6348800K)->6348573K(6348800K)
[145.072s][info][gc,metaspace   ] GC(283) Metaspace: 6302K(6528K)->6302K(6528K) NonClass: 5769K(5888K)->5769K(5888K) Class: 533K(640K)->533K(640K)
[145.072s][info][gc             ] GC(283) Pause Full (Ergonomics) 6372M->6372M(6635M) 2263.512ms
[145.072s][info][gc,cpu         ] GC(283) User=15.61s Sys=0.00s Real=2.26s
[145.073s][info][gc,start       ] GC(284) Pause Full (Ergonomics)
[145.073s][info][gc,phases,start] GC(284) Marking Phase
[146.645s][info][gc,phases      ] GC(284) Marking Phase 1572.080ms
[146.645s][info][gc,phases,start] GC(284) Summary Phase
[146.645s][info][gc,phases      ] GC(284) Summary Phase 0.152ms
[146.645s][info][gc,phases,start] GC(284) Adjust Roots
[146.645s][info][gc,phases      ] GC(284) Adjust Roots 0.351ms
[146.645s][info][gc,phases,start] GC(284) Compaction Phase
[147.248s][info][gc,phases      ] GC(284) Compaction Phase 602.614ms
[147.248s][info][gc,phases,start] GC(284) Post Compact
[147.258s][info][gc,phases      ] GC(284) Post Compact 9.885ms
[147.258s][info][gc,heap        ] GC(284) PSYoungGen: 176639K(445440K)->176639K(445440K) Eden: 176639K(176640K)->176639K(176640K) From: 0K(268800K)->0K(268800K)
[147.258s][info][gc,heap        ] GC(284) ParOldGen: 6348578K(6348800K)->6348578K(6348800K)
[147.258s][info][gc,metaspace   ] GC(284) Metaspace: 6302K(6528K)->6302K(6528K) NonClass: 5769K(5888K)->5769K(5888K) Class: 533K(640K)->533K(640K)
[147.258s][info][gc             ] GC(284) Pause Full (Ergonomics) 6372M->6372M(6635M) 2185.455ms
[147.258s][info][gc,cpu         ] GC(284) User=15.83s Sys=0.00s Real=2.19s
[147.258s][info][gc,start       ] GC(285) Pause Full (Ergonomics)
[147.258s][info][gc,phases,start] GC(285) Marking Phase
[148.850s][info][gc,phases      ] GC(285) Marking Phase 1591.695ms
[148.850s][info][gc,phases,start] GC(285) Summary Phase
[148.850s][info][gc,phases      ] GC(285) Summary Phase 0.079ms
[148.850s][info][gc,phases,start] GC(285) Adjust Roots
[148.850s][info][gc,phases      ] GC(285) Adjust Roots 0.212ms
[148.850s][info][gc,phases,start] GC(285) Compaction Phase
[149.457s][info][gc,phases      ] GC(285) Compaction Phase 606.166ms
[149.457s][info][gc,phases,start] GC(285) Post Compact
[149.466s][info][gc,phases      ] GC(285) Post Compact 9.870ms
[149.467s][info][gc,heap        ] GC(285) PSYoungGen: 176639K(445440K)->176639K(445440K) Eden: 176639K(176640K)->176639K(176640K) From: 0K(268800K)->0K(268800K)
[149.467s][info][gc,heap        ] GC(285) ParOldGen: 6348583K(6348800K)->6348583K(6348800K)
[149.467s][info][gc,metaspace   ] GC(285) Metaspace: 6302K(6528K)->6302K(6528K) NonClass: 5769K(5888K)->5769K(5888K) Class: 533K(640K)->533K(640K)
[149.467s][info][gc             ] GC(285) Pause Full (Ergonomics) 6372M->6372M(6635M) 2208.352ms
[149.467s][info][gc,cpu         ] GC(285) User=16.30s Sys=0.00s Real=2.21s
[149.467s][info][gc,start       ] GC(286) Pause Full (Ergonomics)
[149.467s][info][gc,phases,start] GC(286) Marking Phase
[151.001s][info][gc,phases      ] GC(286) Marking Phase 1534.422ms
[151.001s][info][gc,phases,start] GC(286) Summary Phase
[151.001s][info][gc,phases      ] GC(286) Summary Phase 0.072ms
[151.001s][info][gc,phases,start] GC(286) Adjust Roots
[151.002s][info][gc,phases      ] GC(286) Adjust Roots 0.208ms
[151.002s][info][gc,phases,start] GC(286) Compaction Phase
[151.602s][info][gc,phases      ] GC(286) Compaction Phase 600.287ms
[151.602s][info][gc,phases,start] GC(286) Post Compact
[151.612s][info][gc,phases      ] GC(286) Post Compact 10.034ms
[151.612s][info][gc,heap        ] GC(286) PSYoungGen: 176639K(445440K)->176639K(445440K) Eden: 176639K(176640K)->176639K(176640K) From: 0K(268800K)->0K(268800K)
[151.612s][info][gc,heap        ] GC(286) ParOldGen: 6348588K(6348800K)->6348588K(6348800K)
[151.612s][info][gc,metaspace   ] GC(286) Metaspace: 6302K(6528K)->6302K(6528K) NonClass: 5769K(5888K)->5769K(5888K) Class: 533K(640K)->533K(640K)
[151.612s][info][gc             ] GC(286) Pause Full (Ergonomics) 6372M->6372M(6635M) 2145.362ms
[151.612s][info][gc,cpu         ] GC(286) User=15.58s Sys=0.05s Real=2.15s
[151.612s][info][gc,start       ] GC(287) Pause Full (Ergonomics)
[151.612s][info][gc,phases,start] GC(287) Marking Phase
[153.148s][info][gc,phases      ] GC(287) Marking Phase 1535.803ms
[153.148s][info][gc,phases,start] GC(287) Summary Phase
[153.148s][info][gc,phases      ] GC(287) Summary Phase 0.077ms
[153.148s][info][gc,phases,start] GC(287) Adjust Roots
[153.149s][info][gc,phases      ] GC(287) Adjust Roots 0.212ms
[153.149s][info][gc,phases,start] GC(287) Compaction Phase
[153.739s][info][gc,phases      ] GC(287) Compaction Phase 590.783ms
[153.739s][info][gc,phases,start] GC(287) Post Compact
[153.750s][info][gc,phases      ] GC(287) Post Compact 10.630ms
[153.750s][info][gc,heap        ] GC(287) PSYoungGen: 176639K(445440K)->176639K(445440K) Eden: 176639K(176640K)->176639K(176640K) From: 0K(268800K)->0K(268800K)
[153.750s][info][gc,heap        ] GC(287) ParOldGen: 6348593K(6348800K)->6348593K(6348800K)
[153.750s][info][gc,metaspace   ] GC(287) Metaspace: 6302K(6528K)->6302K(6528K) NonClass: 5769K(5888K)->5769K(5888K) Class: 533K(640K)->533K(640K)
[153.750s][info][gc             ] GC(287) Pause Full (Ergonomics) 6372M->6372M(6635M) 2137.871ms
[153.750s][info][gc,cpu         ] GC(287) User=15.55s Sys=0.00s Real=2.14s
[153.750s][info][gc,start       ] GC(288) Pause Full (Ergonomics)
[153.751s][info][gc,phases,start] GC(288) Marking Phase
[155.296s][info][gc,phases      ] GC(288) Marking Phase 1545.647ms
[155.296s][info][gc,phases,start] GC(288) Summary Phase
[155.296s][info][gc,phases      ] GC(288) Summary Phase 0.070ms
[155.296s][info][gc,phases,start] GC(288) Adjust Roots
[155.296s][info][gc,phases      ] GC(288) Adjust Roots 0.167ms
[155.297s][info][gc,phases,start] GC(288) Compaction Phase
[155.885s][info][gc,phases      ] GC(288) Compaction Phase 588.231ms
[155.885s][info][gc,phases,start] GC(288) Post Compact
[155.895s][info][gc,phases      ] GC(288) Post Compact 9.945ms
[155.895s][info][gc,heap        ] GC(288) PSYoungGen: 176639K(445440K)->176639K(445440K) Eden: 176639K(176640K)->176639K(176640K) From: 0K(268800K)->0K(268800K)
[155.895s][info][gc,heap        ] GC(288) ParOldGen: 6348598K(6348800K)->6348598K(6348800K)
[155.895s][info][gc,metaspace   ] GC(288) Metaspace: 6302K(6528K)->6302K(6528K) NonClass: 5769K(5888K)->5769K(5888K) Class: 533K(640K)->533K(640K)
[155.895s][info][gc             ] GC(288) Pause Full (Ergonomics) 6372M->6372M(6635M) 2144.445ms
[155.895s][info][gc,cpu         ] GC(288) User=15.72s Sys=0.02s Real=2.14s
[155.895s][info][gc,start       ] GC(289) Pause Full (Ergonomics)
[155.895s][info][gc,phases,start] GC(289) Marking Phase
[157.430s][info][gc,phases      ] GC(289) Marking Phase 1535.091ms
[157.430s][info][gc,phases,start] GC(289) Summary Phase
[157.430s][info][gc,phases      ] GC(289) Summary Phase 0.065ms
[157.430s][info][gc,phases,start] GC(289) Adjust Roots
[157.431s][info][gc,phases      ] GC(289) Adjust Roots 0.168ms
[157.431s][info][gc,phases,start] GC(289) Compaction Phase
[158.033s][info][gc,phases      ] GC(289) Compaction Phase 602.266ms
[158.033s][info][gc,phases,start] GC(289) Post Compact
[158.043s][info][gc,phases      ] GC(289) Post Compact 9.896ms
[158.043s][info][gc,heap        ] GC(289) PSYoungGen: 176639K(445440K)->176639K(445440K) Eden: 176639K(176640K)->176639K(176640K) From: 0K(268800K)->0K(268800K)
[158.043s][info][gc,heap        ] GC(289) ParOldGen: 6348602K(6348800K)->6348602K(6348800K)
[158.043s][info][gc,metaspace   ] GC(289) Metaspace: 6302K(6528K)->6302K(6528K) NonClass: 5769K(5888K)->5769K(5888K) Class: 533K(640K)->533K(640K)
[158.043s][info][gc             ] GC(289) Pause Full (Ergonomics) 6372M->6372M(6635M) 2147.810ms
[158.043s][info][gc,cpu         ] GC(289) User=15.56s Sys=0.03s Real=2.15s
[158.043s][info][gc,start       ] GC(290) Pause Full (Ergonomics)
[158.043s][info][gc,phases,start] GC(290) Marking Phase
[159.575s][info][gc,phases      ] GC(290) Marking Phase 1531.810ms
[159.575s][info][gc,phases,start] GC(290) Summary Phase
[159.575s][info][gc,phases      ] GC(290) Summary Phase 0.066ms
[159.575s][info][gc,phases,start] GC(290) Adjust Roots
[159.575s][info][gc,phases      ] GC(290) Adjust Roots 0.246ms
[159.575s][info][gc,phases,start] GC(290) Compaction Phase
[160.181s][info][gc,phases      ] GC(290) Compaction Phase 605.383ms
[160.181s][info][gc,phases,start] GC(290) Post Compact
[160.191s][info][gc,phases      ] GC(290) Post Compact 9.873ms
[160.191s][info][gc,heap        ] GC(290) PSYoungGen: 176639K(445440K)->176639K(445440K) Eden: 176639K(176640K)->176639K(176640K) From: 0K(268800K)->0K(268800K)
[160.191s][info][gc,heap        ] GC(290) ParOldGen: 6348607K(6348800K)->6348607K(6348800K)
[160.191s][info][gc,metaspace   ] GC(290) Metaspace: 6302K(6528K)->6302K(6528K) NonClass: 5769K(5888K)->5769K(5888K) Class: 533K(640K)->533K(640K)
[160.191s][info][gc             ] GC(290) Pause Full (Ergonomics) 6372M->6372M(6635M) 2147.708ms
[160.191s][info][gc,cpu         ] GC(290) User=15.39s Sys=0.00s Real=2.15s
[160.191s][info][gc,start       ] GC(291) Pause Full (Ergonomics)
[160.191s][info][gc,phases,start] GC(291) Marking Phase
[161.710s][info][gc,phases      ] GC(291) Marking Phase 1519.057ms
[161.710s][info][gc,phases,start] GC(291) Summary Phase
[161.710s][info][gc,phases      ] GC(291) Summary Phase 0.073ms
[161.710s][info][gc,phases,start] GC(291) Adjust Roots
[161.711s][info][gc,phases      ] GC(291) Adjust Roots 0.176ms
[161.711s][info][gc,phases,start] GC(291) Compaction Phase
[162.270s][info][gc,phases      ] GC(291) Compaction Phase 559.761ms
[162.270s][info][gc,phases,start] GC(291) Post Compact
[162.280s][info][gc,phases      ] GC(291) Post Compact 9.806ms
[162.280s][info][gc,heap        ] GC(291) PSYoungGen: 176639K(445440K)->176639K(445440K) Eden: 176639K(176640K)->176639K(176640K) From: 0K(268800K)->0K(268800K)
[162.280s][info][gc,heap        ] GC(291) ParOldGen: 6348612K(6348800K)->6348612K(6348800K)
[162.280s][info][gc,metaspace   ] GC(291) Metaspace: 6302K(6528K)->6302K(6528K) NonClass: 5769K(5888K)->5769K(5888K) Class: 533K(640K)->533K(640K)
[162.280s][info][gc             ] GC(291) Pause Full (Ergonomics) 6372M->6372M(6635M) 2089.212ms
[162.280s][info][gc,cpu         ] GC(291) User=15.47s Sys=0.00s Real=2.09s
[162.281s][info][gc,start       ] GC(292) Pause Full (Ergonomics)
[162.281s][info][gc,phases,start] GC(292) Marking Phase
[163.805s][info][gc,phases      ] GC(292) Marking Phase 1524.478ms
[163.805s][info][gc,phases,start] GC(292) Summary Phase
[163.805s][info][gc,phases      ] GC(292) Summary Phase 0.067ms
[163.805s][info][gc,phases,start] GC(292) Adjust Roots
[163.805s][info][gc,phases      ] GC(292) Adjust Roots 0.167ms
[163.805s][info][gc,phases,start] GC(292) Compaction Phase
[164.396s][info][gc,phases      ] GC(292) Compaction Phase 590.678ms
[164.396s][info][gc,phases,start] GC(292) Post Compact
[164.406s][info][gc,phases      ] GC(292) Post Compact 9.992ms
[164.406s][info][gc,heap        ] GC(292) PSYoungGen: 176639K(445440K)->176639K(445440K) Eden: 176639K(176640K)->176639K(176640K) From: 0K(268800K)->0K(268800K)
[164.406s][info][gc,heap        ] GC(292) ParOldGen: 6348617K(6348800K)->6348617K(6348800K)
[164.406s][info][gc,metaspace   ] GC(292) Metaspace: 6302K(6528K)->6302K(6528K) NonClass: 5769K(5888K)->5769K(5888K) Class: 533K(640K)->533K(640K)
[164.406s][info][gc             ] GC(292) Pause Full (Ergonomics) 6372M->6372M(6635M) 2125.726ms
[164.406s][info][gc,cpu         ] GC(292) User=15.23s Sys=0.00s Real=2.12s
[164.406s][info][gc,start       ] GC(293) Pause Full (Ergonomics)
[164.407s][info][gc,phases,start] GC(293) Marking Phase
[165.917s][info][gc,phases      ] GC(293) Marking Phase 1510.175ms
[165.917s][info][gc,phases,start] GC(293) Summary Phase
[165.917s][info][gc,phases      ] GC(293) Summary Phase 0.066ms
[165.917s][info][gc,phases,start] GC(293) Adjust Roots
[165.917s][info][gc,phases      ] GC(293) Adjust Roots 0.169ms
[165.917s][info][gc,phases,start] GC(293) Compaction Phase
[166.495s][info][gc,phases      ] GC(293) Compaction Phase 578.079ms
[166.495s][info][gc,phases,start] GC(293) Post Compact
[166.505s][info][gc,phases      ] GC(293) Post Compact 9.914ms
[166.505s][info][gc,heap        ] GC(293) PSYoungGen: 176639K(445440K)->176639K(445440K) Eden: 176639K(176640K)->176639K(176640K) From: 0K(268800K)->0K(268800K)
[166.505s][info][gc,heap        ] GC(293) ParOldGen: 6348622K(6348800K)->6348622K(6348800K)
[166.505s][info][gc,metaspace   ] GC(293) Metaspace: 6302K(6528K)->6302K(6528K) NonClass: 5769K(5888K)->5769K(5888K) Class: 533K(640K)->533K(640K)
[166.505s][info][gc             ] GC(293) Pause Full (Ergonomics) 6372M->6372M(6635M) 2098.729ms
[166.505s][info][gc,cpu         ] GC(293) User=15.09s Sys=0.00s Real=2.10s
[166.505s][info][gc,start       ] GC(294) Pause Full (Ergonomics)
[166.505s][info][gc,phases,start] GC(294) Marking Phase
[168.023s][info][gc,phases      ] GC(294) Marking Phase 1517.479ms
[168.023s][info][gc,phases,start] GC(294) Summary Phase
[168.023s][info][gc,phases      ] GC(294) Summary Phase 0.073ms
[168.023s][info][gc,phases,start] GC(294) Adjust Roots
[168.023s][info][gc,phases      ] GC(294) Adjust Roots 0.213ms
[168.023s][info][gc,phases,start] GC(294) Compaction Phase
[168.624s][info][gc,phases      ] GC(294) Compaction Phase 600.545ms
[168.624s][info][gc,phases,start] GC(294) Post Compact
[168.634s][info][gc,phases      ] GC(294) Post Compact 9.869ms
[168.634s][info][gc,heap        ] GC(294) PSYoungGen: 176639K(445440K)->176639K(445440K) Eden: 176639K(176640K)->176639K(176640K) From: 0K(268800K)->0K(268800K)
[168.634s][info][gc,heap        ] GC(294) ParOldGen: 6348627K(6348800K)->6348627K(6348800K)
[168.634s][info][gc,metaspace   ] GC(294) Metaspace: 6302K(6528K)->6302K(6528K) NonClass: 5769K(5888K)->5769K(5888K) Class: 533K(640K)->533K(640K)
[168.634s][info][gc             ] GC(294) Pause Full (Ergonomics) 6372M->6372M(6635M) 2128.510ms
[168.634s][info][gc,cpu         ] GC(294) User=15.28s Sys=0.03s Real=2.13s
[168.634s][info][gc,start       ] GC(295) Pause Full (Ergonomics)
[168.634s][info][gc,phases,start] GC(295) Marking Phase
[170.290s][info][gc,phases      ] GC(295) Marking Phase 1655.718ms
[170.290s][info][gc,phases,start] GC(295) Summary Phase
[170.290s][info][gc,phases      ] GC(295) Summary Phase 0.145ms
[170.290s][info][gc,phases,start] GC(295) Adjust Roots
[170.290s][info][gc,phases      ] GC(295) Adjust Roots 0.266ms
[170.290s][info][gc,phases,start] GC(295) Compaction Phase
[170.879s][info][gc,phases      ] GC(295) Compaction Phase 588.887ms
[170.879s][info][gc,phases,start] GC(295) Post Compact
[170.890s][info][gc,phases      ] GC(295) Post Compact 10.111ms
[170.890s][info][gc,heap        ] GC(295) PSYoungGen: 176639K(445440K)->176639K(445440K) Eden: 176639K(176640K)->176639K(176640K) From: 0K(268800K)->0K(268800K)
[170.890s][info][gc,heap        ] GC(295) ParOldGen: 6348631K(6348800K)->6348631K(6348800K)
[170.890s][info][gc,metaspace   ] GC(295) Metaspace: 6302K(6528K)->6302K(6528K) NonClass: 5769K(5888K)->5769K(5888K) Class: 533K(640K)->533K(640K)
[170.890s][info][gc             ] GC(295) Pause Full (Ergonomics) 6372M->6372M(6635M) 2255.540ms
[170.890s][info][gc,cpu         ] GC(295) User=14.81s Sys=0.00s Real=2.26s
[170.890s][info][gc,start       ] GC(296) Pause Full (Ergonomics)
[170.890s][info][gc,phases,start] GC(296) Marking Phase
[172.405s][info][gc,phases      ] GC(296) Marking Phase 1515.402ms
[172.405s][info][gc,phases,start] GC(296) Summary Phase
[172.405s][info][gc,phases      ] GC(296) Summary Phase 0.068ms
[172.405s][info][gc,phases,start] GC(296) Adjust Roots
[172.406s][info][gc,phases      ] GC(296) Adjust Roots 0.197ms
[172.406s][info][gc,phases,start] GC(296) Compaction Phase
[173.037s][info][gc,phases      ] GC(296) Compaction Phase 631.134ms
[173.037s][info][gc,phases,start] GC(296) Post Compact
[173.047s][info][gc,phases      ] GC(296) Post Compact 9.787ms
[173.047s][info][gc,heap        ] GC(296) PSYoungGen: 176639K(445440K)->176639K(445440K) Eden: 176639K(176640K)->176639K(176640K) From: 0K(268800K)->0K(268800K)
[173.047s][info][gc,heap        ] GC(296) ParOldGen: 6348636K(6348800K)->6348636K(6348800K)
[173.047s][info][gc,metaspace   ] GC(296) Metaspace: 6302K(6528K)->6302K(6528K) NonClass: 5769K(5888K)->5769K(5888K) Class: 533K(640K)->533K(640K)
[173.047s][info][gc             ] GC(296) Pause Full (Ergonomics) 6372M->6372M(6635M) 2156.917ms
[173.047s][info][gc,cpu         ] GC(296) User=15.39s Sys=0.00s Real=2.16s
[173.047s][info][gc,start       ] GC(297) Pause Full (Ergonomics)
[173.047s][info][gc,phases,start] GC(297) Marking Phase
[174.536s][info][gc,phases      ] GC(297) Marking Phase 1489.307ms
[174.536s][info][gc,phases,start] GC(297) Summary Phase
[174.536s][info][gc,phases      ] GC(297) Summary Phase 0.066ms
[174.536s][info][gc,phases,start] GC(297) Adjust Roots
[174.537s][info][gc,phases      ] GC(297) Adjust Roots 0.173ms
[174.537s][info][gc,phases,start] GC(297) Compaction Phase
[175.123s][info][gc,phases      ] GC(297) Compaction Phase 586.330ms
[175.123s][info][gc,phases,start] GC(297) Post Compact
[175.133s][info][gc,phases      ] GC(297) Post Compact 9.831ms
[175.133s][info][gc,heap        ] GC(297) PSYoungGen: 176639K(445440K)->176639K(445440K) Eden: 176639K(176640K)->176639K(176640K) From: 0K(268800K)->0K(268800K)
[175.133s][info][gc,heap        ] GC(297) ParOldGen: 6348641K(6348800K)->6348641K(6348800K)
[175.133s][info][gc,metaspace   ] GC(297) Metaspace: 6302K(6528K)->6302K(6528K) NonClass: 5769K(5888K)->5769K(5888K) Class: 533K(640K)->533K(640K)
[175.133s][info][gc             ] GC(297) Pause Full (Ergonomics) 6372M->6372M(6635M) 2086.073ms
[175.133s][info][gc,cpu         ] GC(297) User=14.86s Sys=0.00s Real=2.09s
[175.133s][info][gc,start       ] GC(298) Pause Full (Ergonomics)
[175.133s][info][gc,phases,start] GC(298) Marking Phase
[176.620s][info][gc,phases      ] GC(298) Marking Phase 1486.896ms
[176.620s][info][gc,phases,start] GC(298) Summary Phase
[176.620s][info][gc,phases      ] GC(298) Summary Phase 0.094ms
[176.620s][info][gc,phases,start] GC(298) Adjust Roots
[176.621s][info][gc,phases      ] GC(298) Adjust Roots 0.174ms
[176.621s][info][gc,phases,start] GC(298) Compaction Phase
[177.230s][info][gc,phases      ] GC(298) Compaction Phase 609.829ms
[177.231s][info][gc,phases,start] GC(298) Post Compact
[177.240s][info][gc,phases      ] GC(298) Post Compact 9.811ms
[177.240s][info][gc,heap        ] GC(298) PSYoungGen: 176639K(445440K)->176639K(445440K) Eden: 176639K(176640K)->176639K(176640K) From: 0K(268800K)->0K(268800K)
[177.240s][info][gc,heap        ] GC(298) ParOldGen: 6348646K(6348800K)->6348646K(6348800K)
[177.240s][info][gc,metaspace   ] GC(298) Metaspace: 6302K(6528K)->6302K(6528K) NonClass: 5769K(5888K)->5769K(5888K) Class: 533K(640K)->533K(640K)
[177.240s][info][gc             ] GC(298) Pause Full (Ergonomics) 6372M->6372M(6635M) 2107.153ms
[177.240s][info][gc,cpu         ] GC(298) User=14.77s Sys=0.02s Real=2.11s
[177.241s][info][gc,start       ] GC(299) Pause Full (Ergonomics)
[177.241s][info][gc,phases,start] GC(299) Marking Phase
[178.736s][info][gc,phases      ] GC(299) Marking Phase 1495.651ms
[178.736s][info][gc,phases,start] GC(299) Summary Phase
[178.736s][info][gc,phases      ] GC(299) Summary Phase 0.067ms
[178.736s][info][gc,phases,start] GC(299) Adjust Roots
[178.737s][info][gc,phases      ] GC(299) Adjust Roots 0.163ms
[178.737s][info][gc,phases,start] GC(299) Compaction Phase
[179.349s][info][gc,phases      ] GC(299) Compaction Phase 612.721ms
[179.349s][info][gc,phases,start] GC(299) Post Compact
[179.360s][info][gc,phases      ] GC(299) Post Compact 10.710ms
[179.360s][info][gc,heap        ] GC(299) PSYoungGen: 176639K(445440K)->176639K(445440K) Eden: 176639K(176640K)->176639K(176640K) From: 0K(268800K)->0K(268800K)
[179.360s][info][gc,heap        ] GC(299) ParOldGen: 6348651K(6348800K)->6348651K(6348800K)
[179.360s][info][gc,metaspace   ] GC(299) Metaspace: 6302K(6528K)->6302K(6528K) NonClass: 5769K(5888K)->5769K(5888K) Class: 533K(640K)->533K(640K)
[179.360s][info][gc             ] GC(299) Pause Full (Ergonomics) 6372M->6372M(6635M) 2119.640ms
[179.360s][info][gc,cpu         ] GC(299) User=15.12s Sys=0.00s Real=2.12s
[179.361s][info][gc,start       ] GC(300) Pause Full (Ergonomics)
[179.361s][info][gc,phases,start] GC(300) Marking Phase
[180.872s][info][gc,phases      ] GC(300) Marking Phase 1511.433ms
[180.872s][info][gc,phases,start] GC(300) Summary Phase
[180.872s][info][gc,phases      ] GC(300) Summary Phase 0.087ms
[180.872s][info][gc,phases,start] GC(300) Adjust Roots
[180.872s][info][gc,phases      ] GC(300) Adjust Roots 0.217ms
[180.872s][info][gc,phases,start] GC(300) Compaction Phase
[181.443s][info][gc,phases      ] GC(300) Compaction Phase 571.069ms
[181.444s][info][gc,phases,start] GC(300) Post Compact
[181.453s][info][gc,phases      ] GC(300) Post Compact 9.819ms
[181.453s][info][gc,heap        ] GC(300) PSYoungGen: 176639K(445440K)->176639K(445440K) Eden: 176639K(176640K)->176639K(176640K) From: 0K(268800K)->0K(268800K)
[181.453s][info][gc,heap        ] GC(300) ParOldGen: 6348656K(6348800K)->6348656K(6348800K)
[181.453s][info][gc,metaspace   ] GC(300) Metaspace: 6302K(6528K)->6302K(6528K) NonClass: 5769K(5888K)->5769K(5888K) Class: 533K(640K)->533K(640K)
[181.453s][info][gc             ] GC(300) Pause Full (Ergonomics) 6372M->6372M(6635M) 2092.964ms
[181.454s][info][gc,cpu         ] GC(300) User=14.94s Sys=0.00s Real=2.09s
[181.454s][info][gc,start       ] GC(301) Pause Full (Ergonomics)
[181.454s][info][gc,phases,start] GC(301) Marking Phase
[182.924s][info][gc,phases      ] GC(301) Marking Phase 1469.933ms
[182.924s][info][gc,phases,start] GC(301) Summary Phase
[182.924s][info][gc,phases      ] GC(301) Summary Phase 0.071ms
[182.924s][info][gc,phases,start] GC(301) Adjust Roots
[182.924s][info][gc,phases      ] GC(301) Adjust Roots 0.165ms
[182.924s][info][gc,phases,start] GC(301) Compaction Phase
[183.500s][info][gc,phases      ] GC(301) Compaction Phase 575.887ms
[183.500s][info][gc,phases,start] GC(301) Post Compact
[183.510s][info][gc,phases      ] GC(301) Post Compact 9.797ms
[183.510s][info][gc,heap        ] GC(301) PSYoungGen: 176639K(445440K)->176639K(445440K) Eden: 176639K(176640K)->176639K(176640K) From: 0K(268800K)->0K(268800K)
[183.510s][info][gc,heap        ] GC(301) ParOldGen: 6348660K(6348800K)->6348660K(6348800K)
[183.510s][info][gc,metaspace   ] GC(301) Metaspace: 6302K(6528K)->6302K(6528K) NonClass: 5769K(5888K)->5769K(5888K) Class: 533K(640K)->533K(640K)
[183.510s][info][gc             ] GC(301) Pause Full (Ergonomics) 6372M->6372M(6635M) 2056.200ms
[183.510s][info][gc,cpu         ] GC(301) User=14.70s Sys=0.00s Real=2.06s
[183.510s][info][gc,start       ] GC(302) Pause Full (Ergonomics)
[183.510s][info][gc,phases,start] GC(302) Marking Phase
[184.974s][info][gc,phases      ] GC(302) Marking Phase 1463.455ms
[184.974s][info][gc,phases,start] GC(302) Summary Phase
[184.974s][info][gc,phases      ] GC(302) Summary Phase 0.068ms
[184.974s][info][gc,phases,start] GC(302) Adjust Roots
[184.974s][info][gc,phases      ] GC(302) Adjust Roots 0.207ms
[184.974s][info][gc,phases,start] GC(302) Compaction Phase
[185.587s][info][gc,phases      ] GC(302) Compaction Phase 613.098ms
[185.587s][info][gc,phases,start] GC(302) Post Compact
[185.597s][info][gc,phases      ] GC(302) Post Compact 9.911ms
[185.597s][info][gc,heap        ] GC(302) PSYoungGen: 176639K(445440K)->176639K(445440K) Eden: 176639K(176640K)->176639K(176640K) From: 0K(268800K)->0K(268800K)
[185.597s][info][gc,heap        ] GC(302) ParOldGen: 6348665K(6348800K)->6348665K(6348800K)
[185.597s][info][gc,metaspace   ] GC(302) Metaspace: 6302K(6528K)->6302K(6528K) NonClass: 5769K(5888K)->5769K(5888K) Class: 533K(640K)->533K(640K)
[185.597s][info][gc             ] GC(302) Pause Full (Ergonomics) 6372M->6372M(6635M) 2087.046ms
[185.597s][info][gc,cpu         ] GC(302) User=14.75s Sys=0.00s Real=2.09s
[185.597s][info][gc,start       ] GC(303) Pause Full (Ergonomics)
[185.597s][info][gc,phases,start] GC(303) Marking Phase
[187.059s][info][gc,phases      ] GC(303) Marking Phase 1461.195ms
[187.059s][info][gc,phases,start] GC(303) Summary Phase
[187.059s][info][gc,phases      ] GC(303) Summary Phase 0.071ms
[187.059s][info][gc,phases,start] GC(303) Adjust Roots
[187.059s][info][gc,phases      ] GC(303) Adjust Roots 0.182ms
[187.059s][info][gc,phases,start] GC(303) Compaction Phase
[187.640s][info][gc,phases      ] GC(303) Compaction Phase 580.946ms
[187.640s][info][gc,phases,start] GC(303) Post Compact
[187.651s][info][gc,phases      ] GC(303) Post Compact 10.620ms
[187.651s][info][gc,heap        ] GC(303) PSYoungGen: 176639K(445440K)->176639K(445440K) Eden: 176639K(176640K)->176639K(176640K) From: 0K(268800K)->0K(268800K)
[187.651s][info][gc,heap        ] GC(303) ParOldGen: 6348670K(6348800K)->6348670K(6348800K)
[187.651s][info][gc,metaspace   ] GC(303) Metaspace: 6302K(6528K)->6302K(6528K) NonClass: 5769K(5888K)->5769K(5888K) Class: 533K(640K)->533K(640K)
[187.651s][info][gc             ] GC(303) Pause Full (Ergonomics) 6372M->6372M(6635M) 2053.352ms
[187.651s][info][gc,cpu         ] GC(303) User=14.80s Sys=0.00s Real=2.05s
[187.651s][info][gc,start       ] GC(304) Pause Full (Ergonomics)
[187.651s][info][gc,phases,start] GC(304) Marking Phase
[189.110s][info][gc,phases      ] GC(304) Marking Phase 1459.120ms
[189.110s][info][gc,phases,start] GC(304) Summary Phase
[189.110s][info][gc,phases      ] GC(304) Summary Phase 0.066ms
[189.110s][info][gc,phases,start] GC(304) Adjust Roots
[189.110s][info][gc,phases      ] GC(304) Adjust Roots 0.169ms
[189.110s][info][gc,phases,start] GC(304) Compaction Phase
[189.695s][info][gc,phases      ] GC(304) Compaction Phase 584.303ms
[189.695s][info][gc,phases,start] GC(304) Post Compact
[189.705s][info][gc,phases      ] GC(304) Post Compact 9.857ms
[189.705s][info][gc,heap        ] GC(304) PSYoungGen: 176639K(445440K)->176639K(445440K) Eden: 176639K(176640K)->176639K(176640K) From: 0K(268800K)->0K(268800K)
[189.705s][info][gc,heap        ] GC(304) ParOldGen: 6348675K(6348800K)->6348675K(6348800K)
[189.705s][info][gc,metaspace   ] GC(304) Metaspace: 6302K(6528K)->6302K(6528K) NonClass: 5769K(5888K)->5769K(5888K) Class: 533K(640K)->533K(640K)
[189.705s][info][gc             ] GC(304) Pause Full (Ergonomics) 6372M->6372M(6635M) 2053.872ms
[189.705s][info][gc,cpu         ] GC(304) User=14.73s Sys=0.06s Real=2.05s
[189.705s][info][gc,start       ] GC(305) Pause Full (Ergonomics)
[189.705s][info][gc,phases,start] GC(305) Marking Phase
[191.181s][info][gc,phases      ] GC(305) Marking Phase 1475.608ms
[191.181s][info][gc,phases,start] GC(305) Summary Phase
[191.181s][info][gc,phases      ] GC(305) Summary Phase 0.166ms
[191.181s][info][gc,phases,start] GC(305) Adjust Roots
[191.181s][info][gc,phases      ] GC(305) Adjust Roots 0.275ms
[191.181s][info][gc,phases,start] GC(305) Compaction Phase
[191.740s][info][gc,phases      ] GC(305) Compaction Phase 558.932ms
[191.740s][info][gc,phases,start] GC(305) Post Compact
[191.751s][info][gc,phases      ] GC(305) Post Compact 10.702ms
[191.751s][info][gc,heap        ] GC(305) PSYoungGen: 176639K(445440K)->176639K(445440K) Eden: 176639K(176640K)->176639K(176640K) From: 0K(268800K)->0K(268800K)
[191.751s][info][gc,heap        ] GC(305) ParOldGen: 6348680K(6348800K)->6348680K(6348800K)
[191.751s][info][gc,metaspace   ] GC(305) Metaspace: 6302K(6528K)->6302K(6528K) NonClass: 5769K(5888K)->5769K(5888K) Class: 533K(640K)->533K(640K)
[191.751s][info][gc             ] GC(305) Pause Full (Ergonomics) 6372M->6372M(6635M) 2046.140ms
[191.751s][info][gc,cpu         ] GC(305) User=14.77s Sys=0.03s Real=2.05s
[191.751s][info][gc,start       ] GC(306) Pause Full (Ergonomics)
[191.751s][info][gc,phases,start] GC(306) Marking Phase
[193.234s][info][gc,phases      ] GC(306) Marking Phase 1482.527ms
[193.234s][info][gc,phases,start] GC(306) Summary Phase
[193.234s][info][gc,phases      ] GC(306) Summary Phase 0.078ms
[193.234s][info][gc,phases,start] GC(306) Adjust Roots
[193.234s][info][gc,phases      ] GC(306) Adjust Roots 0.167ms
[193.234s][info][gc,phases,start] GC(306) Compaction Phase
[193.784s][info][gc,phases      ] GC(306) Compaction Phase 549.601ms
[193.784s][info][gc,phases,start] GC(306) Post Compact
[193.794s][info][gc,phases      ] GC(306) Post Compact 10.076ms
[193.794s][info][gc,heap        ] GC(306) PSYoungGen: 176639K(445440K)->176639K(445440K) Eden: 176639K(176640K)->176639K(176640K) From: 0K(268800K)->0K(268800K)
[193.794s][info][gc,heap        ] GC(306) ParOldGen: 6348685K(6348800K)->6348685K(6348800K)
[193.794s][info][gc,metaspace   ] GC(306) Metaspace: 6302K(6528K)->6302K(6528K) NonClass: 5769K(5888K)->5769K(5888K) Class: 533K(640K)->533K(640K)
[193.794s][info][gc             ] GC(306) Pause Full (Ergonomics) 6372M->6372M(6635M) 2042.818ms
[193.794s][info][gc,cpu         ] GC(306) User=14.84s Sys=0.00s Real=2.04s
[193.794s][info][gc,start       ] GC(307) Pause Full (Ergonomics)
[193.795s][info][gc,phases,start] GC(307) Marking Phase
[195.284s][info][gc,phases      ] GC(307) Marking Phase 1489.112ms
[195.284s][info][gc,phases,start] GC(307) Summary Phase
[195.284s][info][gc,phases      ] GC(307) Summary Phase 0.077ms
[195.284s][info][gc,phases,start] GC(307) Adjust Roots
[195.284s][info][gc,phases      ] GC(307) Adjust Roots 0.170ms
[195.284s][info][gc,phases,start] GC(307) Compaction Phase
[195.864s][info][gc,phases      ] GC(307) Compaction Phase 579.676ms
[195.864s][info][gc,phases,start] GC(307) Post Compact
[195.874s][info][gc,phases      ] GC(307) Post Compact 9.896ms
[195.874s][info][gc,heap        ] GC(307) PSYoungGen: 176639K(445440K)->176639K(445440K) Eden: 176639K(176640K)->176639K(176640K) From: 0K(268800K)->0K(268800K)
[195.874s][info][gc,heap        ] GC(307) ParOldGen: 6348689K(6348800K)->6348689K(6348800K)
[195.874s][info][gc,metaspace   ] GC(307) Metaspace: 6302K(6528K)->6302K(6528K) NonClass: 5769K(5888K)->5769K(5888K) Class: 533K(640K)->533K(640K)
[195.874s][info][gc             ] GC(307) Pause Full (Ergonomics) 6372M->6372M(6635M) 2079.304ms
[195.874s][info][gc,cpu         ] GC(307) User=14.89s Sys=0.02s Real=2.08s
[195.874s][info][gc,start       ] GC(308) Pause Full (Ergonomics)
[195.874s][info][gc,phases,start] GC(308) Marking Phase
[197.359s][info][gc,phases      ] GC(308) Marking Phase 1484.672ms
[197.359s][info][gc,phases,start] GC(308) Summary Phase
[197.359s][info][gc,phases      ] GC(308) Summary Phase 0.094ms
[197.359s][info][gc,phases,start] GC(308) Adjust Roots
[197.359s][info][gc,phases      ] GC(308) Adjust Roots 0.175ms
[197.359s][info][gc,phases,start] GC(308) Compaction Phase
[197.934s][info][gc,phases      ] GC(308) Compaction Phase 574.580ms
[197.934s][info][gc,phases,start] GC(308) Post Compact
[197.944s][info][gc,phases      ] GC(308) Post Compact 9.969ms
[197.944s][info][gc,heap        ] GC(308) PSYoungGen: 176639K(445440K)->176639K(445440K) Eden: 176639K(176640K)->176639K(176640K) From: 0K(268800K)->0K(268800K)
[197.944s][info][gc,heap        ] GC(308) ParOldGen: 6348694K(6348800K)->6348694K(6348800K)
[197.944s][info][gc,metaspace   ] GC(308) Metaspace: 6302K(6528K)->6302K(6528K) NonClass: 5769K(5888K)->5769K(5888K) Class: 533K(640K)->533K(640K)
[197.944s][info][gc             ] GC(308) Pause Full (Ergonomics) 6372M->6372M(6635M) 2069.839ms
[197.944s][info][gc,cpu         ] GC(308) User=14.92s Sys=0.00s Real=2.07s
[197.944s][info][gc,start       ] GC(309) Pause Full (Ergonomics)
[197.944s][info][gc,phases,start] GC(309) Marking Phase
[199.406s][info][gc,phases      ] GC(309) Marking Phase 1462.344ms
[199.407s][info][gc,phases,start] GC(309) Summary Phase
[199.407s][info][gc,phases      ] GC(309) Summary Phase 0.067ms
[199.407s][info][gc,phases,start] GC(309) Adjust Roots
[199.407s][info][gc,phases      ] GC(309) Adjust Roots 0.192ms
[199.407s][info][gc,phases,start] GC(309) Compaction Phase
[199.976s][info][gc,phases      ] GC(309) Compaction Phase 569.183ms
[199.976s][info][gc,phases,start] GC(309) Post Compact
[199.986s][info][gc,phases      ] GC(309) Post Compact 9.813ms
[199.986s][info][gc,heap        ] GC(309) PSYoungGen: 176639K(445440K)->176639K(445440K) Eden: 176639K(176640K)->176639K(176640K) From: 0K(268800K)->0K(268800K)
[199.986s][info][gc,heap        ] GC(309) ParOldGen: 6348699K(6348800K)->6348699K(6348800K)
[199.986s][info][gc,metaspace   ] GC(309) Metaspace: 6302K(6528K)->6302K(6528K) NonClass: 5769K(5888K)->5769K(5888K) Class: 533K(640K)->533K(640K)
[199.986s][info][gc             ] GC(309) Pause Full (Ergonomics) 6372M->6372M(6635M) 2041.919ms
[199.986s][info][gc,cpu         ] GC(309) User=14.56s Sys=0.00s Real=2.04s
[199.986s][info][gc,start       ] GC(310) Pause Full (Ergonomics)
[199.986s][info][gc,phases,start] GC(310) Marking Phase
[201.433s][info][gc,phases      ] GC(310) Marking Phase 1446.726ms
[201.433s][info][gc,phases,start] GC(310) Summary Phase
[201.433s][info][gc,phases      ] GC(310) Summary Phase 0.066ms
[201.433s][info][gc,phases,start] GC(310) Adjust Roots
[201.433s][info][gc,phases      ] GC(310) Adjust Roots 0.185ms
[201.433s][info][gc,phases,start] GC(310) Compaction Phase
[202.006s][info][gc,phases      ] GC(310) Compaction Phase 572.807ms
[202.006s][info][gc,phases,start] GC(310) Post Compact
[202.016s][info][gc,phases      ] GC(310) Post Compact 9.821ms
[202.016s][info][gc,heap        ] GC(310) PSYoungGen: 176639K(445440K)->176639K(445440K) Eden: 176639K(176640K)->176639K(176640K) From: 0K(268800K)->0K(268800K)
[202.016s][info][gc,heap        ] GC(310) ParOldGen: 6348704K(6348800K)->6348704K(6348800K)
[202.016s][info][gc,metaspace   ] GC(310) Metaspace: 6302K(6528K)->6302K(6528K) NonClass: 5769K(5888K)->5769K(5888K) Class: 533K(640K)->533K(640K)
[202.016s][info][gc             ] GC(310) Pause Full (Ergonomics) 6372M->6372M(6635M) 2029.981ms
[202.016s][info][gc,cpu         ] GC(310) User=14.52s Sys=0.00s Real=2.03s
[202.016s][info][gc,start       ] GC(311) Pause Full (Ergonomics)
[202.016s][info][gc,phases,start] GC(311) Marking Phase
[203.477s][info][gc,phases      ] GC(311) Marking Phase 1460.476ms
[203.477s][info][gc,phases,start] GC(311) Summary Phase
[203.477s][info][gc,phases      ] GC(311) Summary Phase 0.068ms
[203.477s][info][gc,phases,start] GC(311) Adjust Roots
[203.477s][info][gc,phases      ] GC(311) Adjust Roots 0.173ms
[203.477s][info][gc,phases,start] GC(311) Compaction Phase
[204.044s][info][gc,phases      ] GC(311) Compaction Phase 566.746ms
[204.044s][info][gc,phases,start] GC(311) Post Compact
[204.054s][info][gc,phases      ] GC(311) Post Compact 9.876ms
[204.054s][info][gc,heap        ] GC(311) PSYoungGen: 176639K(445440K)->176639K(445440K) Eden: 176639K(176640K)->176639K(176640K) From: 0K(268800K)->0K(268800K)
[204.054s][info][gc,heap        ] GC(311) ParOldGen: 6348709K(6348800K)->6348709K(6348800K)
[204.054s][info][gc,metaspace   ] GC(311) Metaspace: 6302K(6528K)->6302K(6528K) NonClass: 5769K(5888K)->5769K(5888K) Class: 533K(640K)->533K(640K)
[204.054s][info][gc             ] GC(311) Pause Full (Ergonomics) 6372M->6372M(6635M) 2037.666ms
[204.054s][info][gc,cpu         ] GC(311) User=14.61s Sys=0.03s Real=2.04s
[204.054s][info][gc,start       ] GC(312) Pause Full (Ergonomics)
[204.054s][info][gc,phases,start] GC(312) Marking Phase
[205.502s][info][gc,phases      ] GC(312) Marking Phase 1447.477ms
[205.502s][info][gc,phases,start] GC(312) Summary Phase
[205.502s][info][gc,phases      ] GC(312) Summary Phase 0.065ms
[205.502s][info][gc,phases,start] GC(312) Adjust Roots
[205.502s][info][gc,phases      ] GC(312) Adjust Roots 0.165ms
[205.502s][info][gc,phases,start] GC(312) Compaction Phase
[206.069s][info][gc,phases      ] GC(312) Compaction Phase 566.591ms
[206.069s][info][gc,phases,start] GC(312) Post Compact
[206.079s][info][gc,phases      ] GC(312) Post Compact 9.854ms
[206.079s][info][gc,heap        ] GC(312) PSYoungGen: 176639K(445440K)->176639K(445440K) Eden: 176639K(176640K)->176639K(176640K) From: 0K(268800K)->0K(268800K)
[206.079s][info][gc,heap        ] GC(312) ParOldGen: 6348714K(6348800K)->6348714K(6348800K)
[206.079s][info][gc,metaspace   ] GC(312) Metaspace: 6302K(6528K)->6302K(6528K) NonClass: 5769K(5888K)->5769K(5888K) Class: 533K(640K)->533K(640K)
[206.079s][info][gc             ] GC(312) Pause Full (Ergonomics) 6372M->6372M(6635M) 2024.611ms
[206.079s][info][gc,cpu         ] GC(312) User=14.62s Sys=0.02s Real=2.02s
[206.079s][info][gc,start       ] GC(313) Pause Full (Ergonomics)
[206.079s][info][gc,phases,start] GC(313) Marking Phase
[207.545s][info][gc,phases      ] GC(313) Marking Phase 1465.437ms
[207.545s][info][gc,phases,start] GC(313) Summary Phase
[207.545s][info][gc,phases      ] GC(313) Summary Phase 0.069ms
[207.545s][info][gc,phases,start] GC(313) Adjust Roots
[207.545s][info][gc,phases      ] GC(313) Adjust Roots 0.167ms
[207.545s][info][gc,phases,start] GC(313) Compaction Phase
[208.090s][info][gc,phases      ] GC(313) Compaction Phase 544.829ms
[208.090s][info][gc,phases,start] GC(313) Post Compact
[208.100s][info][gc,phases      ] GC(313) Post Compact 9.963ms
[208.100s][info][gc,heap        ] GC(313) PSYoungGen: 176639K(445440K)->176639K(445440K) Eden: 176639K(176640K)->176639K(176640K) From: 0K(268800K)->0K(268800K)
[208.100s][info][gc,heap        ] GC(313) ParOldGen: 6348718K(6348800K)->6348718K(6348800K)
[208.100s][info][gc,metaspace   ] GC(313) Metaspace: 6302K(6528K)->6302K(6528K) NonClass: 5769K(5888K)->5769K(5888K) Class: 533K(640K)->533K(640K)
[208.100s][info][gc             ] GC(313) Pause Full (Ergonomics) 6372M->6372M(6635M) 2020.806ms
[208.100s][info][gc,cpu         ] GC(313) User=14.69s Sys=0.02s Real=2.02s
[208.100s][info][gc,start       ] GC(314) Pause Full (Ergonomics)
[208.100s][info][gc,phases,start] GC(314) Marking Phase
[209.568s][info][gc,phases      ] GC(314) Marking Phase 1468.147ms
[209.568s][info][gc,phases,start] GC(314) Summary Phase
[209.568s][info][gc,phases      ] GC(314) Summary Phase 0.065ms
[209.568s][info][gc,phases,start] GC(314) Adjust Roots
[209.569s][info][gc,phases      ] GC(314) Adjust Roots 0.198ms
[209.569s][info][gc,phases,start] GC(314) Compaction Phase
[210.120s][info][gc,phases      ] GC(314) Compaction Phase 551.153ms
[210.120s][info][gc,phases,start] GC(314) Post Compact
[210.130s][info][gc,phases      ] GC(314) Post Compact 9.852ms
[210.130s][info][gc,heap        ] GC(314) PSYoungGen: 176639K(445440K)->176639K(445440K) Eden: 176639K(176640K)->176639K(176640K) From: 0K(268800K)->0K(268800K)
[210.130s][info][gc,heap        ] GC(314) ParOldGen: 6348723K(6348800K)->6348723K(6348800K)
[210.130s][info][gc,metaspace   ] GC(314) Metaspace: 6302K(6528K)->6302K(6528K) NonClass: 5769K(5888K)->5769K(5888K) Class: 533K(640K)->533K(640K)
[210.130s][info][gc             ] GC(314) Pause Full (Ergonomics) 6372M->6372M(6635M) 2029.774ms
[210.130s][info][gc,cpu         ] GC(314) User=14.91s Sys=0.00s Real=2.03s
[210.130s][info][gc,start       ] GC(315) Pause Full (Ergonomics)
[210.130s][info][gc,phases,start] GC(315) Marking Phase
[211.593s][info][gc,phases      ] GC(315) Marking Phase 1462.959ms
[211.593s][info][gc,phases,start] GC(315) Summary Phase
[211.593s][info][gc,phases      ] GC(315) Summary Phase 0.076ms
[211.593s][info][gc,phases,start] GC(315) Adjust Roots
[211.593s][info][gc,phases      ] GC(315) Adjust Roots 0.184ms
[211.593s][info][gc,phases,start] GC(315) Compaction Phase
[212.158s][info][gc,phases      ] GC(315) Compaction Phase 564.719ms
[212.158s][info][gc,phases,start] GC(315) Post Compact
[212.168s][info][gc,phases      ] GC(315) Post Compact 9.857ms
[212.168s][info][gc,heap        ] GC(315) PSYoungGen: 176639K(445440K)->176639K(445440K) Eden: 176639K(176640K)->176639K(176640K) From: 0K(268800K)->0K(268800K)
[212.168s][info][gc,heap        ] GC(315) ParOldGen: 6348728K(6348800K)->6348728K(6348800K)
[212.168s][info][gc,metaspace   ] GC(315) Metaspace: 6302K(6528K)->6302K(6528K) NonClass: 5769K(5888K)->5769K(5888K) Class: 533K(640K)->533K(640K)
[212.168s][info][gc             ] GC(315) Pause Full (Ergonomics) 6372M->6372M(6635M) 2038.139ms
[212.168s][info][gc,cpu         ] GC(315) User=14.69s Sys=0.00s Real=2.04s
[212.168s][info][gc,start       ] GC(316) Pause Full (Ergonomics)
[212.169s][info][gc,phases,start] GC(316) Marking Phase
[213.630s][info][gc,phases      ] GC(316) Marking Phase 1461.411ms
[213.630s][info][gc,phases,start] GC(316) Summary Phase
[213.630s][info][gc,phases      ] GC(316) Summary Phase 0.068ms
[213.630s][info][gc,phases,start] GC(316) Adjust Roots
[213.630s][info][gc,phases      ] GC(316) Adjust Roots 0.216ms
[213.630s][info][gc,phases,start] GC(316) Compaction Phase
[214.187s][info][gc,phases      ] GC(316) Compaction Phase 556.454ms
[214.187s][info][gc,phases,start] GC(316) Post Compact
[214.197s][info][gc,phases      ] GC(316) Post Compact 9.842ms
[214.197s][info][gc,heap        ] GC(316) PSYoungGen: 176639K(445440K)->176639K(445440K) Eden: 176639K(176640K)->176639K(176640K) From: 0K(268800K)->0K(268800K)
[214.197s][info][gc,heap        ] GC(316) ParOldGen: 6348733K(6348800K)->6348733K(6348800K)
[214.197s][info][gc,metaspace   ] GC(316) Metaspace: 6302K(6528K)->6302K(6528K) NonClass: 5769K(5888K)->5769K(5888K) Class: 533K(640K)->533K(640K)
[214.197s][info][gc             ] GC(316) Pause Full (Ergonomics) 6372M->6372M(6635M) 2028.338ms
[214.197s][info][gc,cpu         ] GC(316) User=14.73s Sys=0.00s Real=2.03s
[214.197s][info][gc,start       ] GC(317) Pause Full (Ergonomics)
[214.197s][info][gc,phases,start] GC(317) Marking Phase
[215.692s][info][gc,phases      ] GC(317) Marking Phase 1494.498ms
[215.692s][info][gc,phases,start] GC(317) Summary Phase
[215.692s][info][gc,phases      ] GC(317) Summary Phase 0.066ms
[215.692s][info][gc,phases,start] GC(317) Adjust Roots
[215.692s][info][gc,phases      ] GC(317) Adjust Roots 0.185ms
[215.692s][info][gc,phases,start] GC(317) Compaction Phase
[216.259s][info][gc,phases      ] GC(317) Compaction Phase 567.406ms
[216.259s][info][gc,phases,start] GC(317) Post Compact
[216.269s][info][gc,phases      ] GC(317) Post Compact 9.815ms
[216.269s][info][gc,heap        ] GC(317) PSYoungGen: 176639K(445440K)->176639K(445440K) Eden: 176639K(176640K)->176639K(176640K) From: 0K(268800K)->0K(268800K)
[216.269s][info][gc,heap        ] GC(317) ParOldGen: 6348738K(6348800K)->6348738K(6348800K)
[216.269s][info][gc,metaspace   ] GC(317) Metaspace: 6302K(6528K)->6302K(6528K) NonClass: 5769K(5888K)->5769K(5888K) Class: 533K(640K)->533K(640K)
[216.269s][info][gc             ] GC(317) Pause Full (Ergonomics) 6372M->6372M(6635M) 2072.322ms
[216.269s][info][gc,cpu         ] GC(317) User=14.97s Sys=0.00s Real=2.07s
[216.270s][info][gc,start       ] GC(318) Pause Full (Ergonomics)
[216.270s][info][gc,phases,start] GC(318) Marking Phase
[217.737s][info][gc,phases      ] GC(318) Marking Phase 1467.662ms
[217.737s][info][gc,phases,start] GC(318) Summary Phase
[217.737s][info][gc,phases      ] GC(318) Summary Phase 0.077ms
[217.737s][info][gc,phases,start] GC(318) Adjust Roots
[217.738s][info][gc,phases      ] GC(318) Adjust Roots 0.176ms
[217.738s][info][gc,phases,start] GC(318) Compaction Phase
[218.277s][info][gc,phases      ] GC(318) Compaction Phase 539.254ms
[218.277s][info][gc,phases,start] GC(318) Post Compact
[218.287s][info][gc,phases      ] GC(318) Post Compact 9.837ms
[218.287s][info][gc,heap        ] GC(318) PSYoungGen: 176639K(445440K)->176639K(445440K) Eden: 176639K(176640K)->176639K(176640K) From: 0K(268800K)->0K(268800K)
[218.287s][info][gc,heap        ] GC(318) ParOldGen: 6348743K(6348800K)->6348743K(6348800K)
[218.287s][info][gc,metaspace   ] GC(318) Metaspace: 6302K(6528K)->6302K(6528K) NonClass: 5769K(5888K)->5769K(5888K) Class: 533K(640K)->533K(640K)
[218.287s][info][gc             ] GC(318) Pause Full (Ergonomics) 6372M->6372M(6635M) 2017.348ms
[218.287s][info][gc,cpu         ] GC(318) User=14.83s Sys=0.00s Real=2.02s
[218.287s][info][gc,start       ] GC(319) Pause Full (Ergonomics)
[218.287s][info][gc,phases,start] GC(319) Marking Phase
[219.769s][info][gc,phases      ] GC(319) Marking Phase 1481.403ms
[219.769s][info][gc,phases,start] GC(319) Summary Phase
[219.769s][info][gc,phases      ] GC(319) Summary Phase 0.066ms
[219.769s][info][gc,phases,start] GC(319) Adjust Roots
[219.769s][info][gc,phases      ] GC(319) Adjust Roots 0.187ms
[219.769s][info][gc,phases,start] GC(319) Compaction Phase
[220.318s][info][gc,phases      ] GC(319) Compaction Phase 549.076ms
[220.318s][info][gc,phases,start] GC(319) Post Compact
[220.328s][info][gc,phases      ] GC(319) Post Compact 9.725ms
[220.328s][info][gc,heap        ] GC(319) PSYoungGen: 176639K(445440K)->176639K(445440K) Eden: 176639K(176640K)->176639K(176640K) From: 0K(268800K)->0K(268800K)
[220.328s][info][gc,heap        ] GC(319) ParOldGen: 6348747K(6348800K)->6348747K(6348800K)
[220.328s][info][gc,metaspace   ] GC(319) Metaspace: 6302K(6528K)->6302K(6528K) NonClass: 5769K(5888K)->5769K(5888K) Class: 533K(640K)->533K(640K)
[220.328s][info][gc             ] GC(319) Pause Full (Ergonomics) 6372M->6372M(6635M) 2040.784ms
[220.328s][info][gc,cpu         ] GC(319) User=14.98s Sys=0.00s Real=2.04s
[220.328s][info][gc,start       ] GC(320) Pause Full (Ergonomics)
[220.328s][info][gc,phases,start] GC(320) Marking Phase
[221.776s][info][gc,phases      ] GC(320) Marking Phase 1447.330ms
[221.776s][info][gc,phases,start] GC(320) Summary Phase
[221.776s][info][gc,phases      ] GC(320) Summary Phase 0.081ms
[221.776s][info][gc,phases,start] GC(320) Adjust Roots
[221.776s][info][gc,phases      ] GC(320) Adjust Roots 0.192ms
[221.776s][info][gc,phases,start] GC(320) Compaction Phase
[222.338s][info][gc,phases      ] GC(320) Compaction Phase 562.456ms
[222.338s][info][gc,phases,start] GC(320) Post Compact
[222.348s][info][gc,phases      ] GC(320) Post Compact 9.748ms
[222.348s][info][gc,heap        ] GC(320) PSYoungGen: 176639K(445440K)->176639K(445440K) Eden: 176639K(176640K)->176639K(176640K) From: 0K(268800K)->0K(268800K)
[222.348s][info][gc,heap        ] GC(320) ParOldGen: 6348752K(6348800K)->6348752K(6348800K)
[222.348s][info][gc,metaspace   ] GC(320) Metaspace: 6302K(6528K)->6302K(6528K) NonClass: 5769K(5888K)->5769K(5888K) Class: 533K(640K)->533K(640K)
[222.348s][info][gc             ] GC(320) Pause Full (Ergonomics) 6372M->6372M(6635M) 2020.147ms
[222.348s][info][gc,cpu         ] GC(320) User=14.64s Sys=0.00s Real=2.02s
[222.349s][info][gc,start       ] GC(321) Pause Full (Ergonomics)
[222.349s][info][gc,phases,start] GC(321) Marking Phase
[223.808s][info][gc,phases      ] GC(321) Marking Phase 1459.694ms
[223.808s][info][gc,phases,start] GC(321) Summary Phase
[223.808s][info][gc,phases      ] GC(321) Summary Phase 0.065ms
[223.808s][info][gc,phases,start] GC(321) Adjust Roots
[223.809s][info][gc,phases      ] GC(321) Adjust Roots 0.173ms
[223.809s][info][gc,phases,start] GC(321) Compaction Phase
[224.339s][info][gc,phases      ] GC(321) Compaction Phase 530.112ms
[224.339s][info][gc,phases,start] GC(321) Post Compact
[224.349s][info][gc,phases      ] GC(321) Post Compact 9.850ms
[224.349s][info][gc,heap        ] GC(321) PSYoungGen: 176639K(445440K)->176639K(445440K) Eden: 176639K(176640K)->176639K(176640K) From: 0K(268800K)->0K(268800K)
[224.349s][info][gc,heap        ] GC(321) ParOldGen: 6348757K(6348800K)->6348757K(6348800K)
[224.349s][info][gc,metaspace   ] GC(321) Metaspace: 6302K(6528K)->6302K(6528K) NonClass: 5769K(5888K)->5769K(5888K) Class: 533K(640K)->533K(640K)
[224.349s][info][gc             ] GC(321) Pause Full (Ergonomics) 6372M->6372M(6635M) 2000.238ms
[224.349s][info][gc,cpu         ] GC(321) User=14.75s Sys=0.00s Real=2.00s
[224.349s][info][gc,start       ] GC(322) Pause Full (Ergonomics)
[224.349s][info][gc,phases,start] GC(322) Marking Phase
[225.815s][info][gc,phases      ] GC(322) Marking Phase 1466.439ms
[225.816s][info][gc,phases,start] GC(322) Summary Phase
[225.816s][info][gc,phases      ] GC(322) Summary Phase 0.079ms
[225.816s][info][gc,phases,start] GC(322) Adjust Roots
[225.816s][info][gc,phases      ] GC(322) Adjust Roots 0.286ms
[225.816s][info][gc,phases,start] GC(322) Compaction Phase
[226.385s][info][gc,phases      ] GC(322) Compaction Phase 569.424ms
[226.385s][info][gc,phases,start] GC(322) Post Compact
[226.396s][info][gc,phases      ] GC(322) Post Compact 10.233ms
[226.396s][info][gc,heap        ] GC(322) PSYoungGen: 176639K(445440K)->176639K(445440K) Eden: 176639K(176640K)->176639K(176640K) From: 0K(268800K)->0K(268800K)
[226.396s][info][gc,heap        ] GC(322) ParOldGen: 6348762K(6348800K)->6348762K(6348800K)
[226.396s][info][gc,metaspace   ] GC(322) Metaspace: 6302K(6528K)->6302K(6528K) NonClass: 5769K(5888K)->5769K(5888K) Class: 533K(640K)->533K(640K)
[226.396s][info][gc             ] GC(322) Pause Full (Ergonomics) 6372M->6372M(6635M) 2046.824ms
[226.396s][info][gc,cpu         ] GC(322) User=14.83s Sys=0.00s Real=2.05s
[226.396s][info][gc,start       ] GC(323) Pause Full (Ergonomics)
[226.396s][info][gc,phases,start] GC(323) Marking Phase
[227.877s][info][gc,phases      ] GC(323) Marking Phase 1480.648ms
[227.877s][info][gc,phases,start] GC(323) Summary Phase
[227.877s][info][gc,phases      ] GC(323) Summary Phase 0.095ms
[227.877s][info][gc,phases,start] GC(323) Adjust Roots
[227.877s][info][gc,phases      ] GC(323) Adjust Roots 0.199ms
[227.877s][info][gc,phases,start] GC(323) Compaction Phase
[228.415s][info][gc,phases      ] GC(323) Compaction Phase 538.383ms
[228.416s][info][gc,phases,start] GC(323) Post Compact
[228.426s][info][gc,phases      ] GC(323) Post Compact 10.020ms
[228.426s][info][gc,heap        ] GC(323) PSYoungGen: 176639K(445440K)->176639K(445440K) Eden: 176639K(176640K)->176639K(176640K) From: 0K(268800K)->0K(268800K)
[228.426s][info][gc,heap        ] GC(323) ParOldGen: 6348767K(6348800K)->6348767K(6348800K)
[228.426s][info][gc,metaspace   ] GC(323) Metaspace: 6302K(6528K)->6302K(6528K) NonClass: 5769K(5888K)->5769K(5888K) Class: 533K(640K)->533K(640K)
[228.426s][info][gc             ] GC(323) Pause Full (Ergonomics) 6372M->6372M(6635M) 2029.693ms
[228.426s][info][gc,cpu         ] GC(323) User=14.98s Sys=0.00s Real=2.03s
[228.426s][info][gc,start       ] GC(324) Pause Full (Ergonomics)
[228.426s][info][gc,phases,start] GC(324) Marking Phase
[229.872s][info][gc,phases      ] GC(324) Marking Phase 1446.100ms
[229.872s][info][gc,phases,start] GC(324) Summary Phase
[229.872s][info][gc,phases      ] GC(324) Summary Phase 0.067ms
[229.872s][info][gc,phases,start] GC(324) Adjust Roots
[229.872s][info][gc,phases      ] GC(324) Adjust Roots 0.210ms
[229.872s][info][gc,phases,start] GC(324) Compaction Phase
[230.407s][info][gc,phases      ] GC(324) Compaction Phase 534.691ms
[230.407s][info][gc,phases,start] GC(324) Post Compact
[230.417s][info][gc,phases      ] GC(324) Post Compact 10.000ms
[230.417s][info][gc,heap        ] GC(324) PSYoungGen: 176639K(445440K)->176639K(445440K) Eden: 176639K(176640K)->176639K(176640K) From: 0K(268800K)->0K(268800K)
[230.417s][info][gc,heap        ] GC(324) ParOldGen: 6348772K(6348800K)->6348772K(6348800K)
[230.417s][info][gc,metaspace   ] GC(324) Metaspace: 6302K(6528K)->6302K(6528K) NonClass: 5769K(5888K)->5769K(5888K) Class: 533K(640K)->533K(640K)
[230.417s][info][gc             ] GC(324) Pause Full (Ergonomics) 6372M->6372M(6635M) 1991.404ms
[230.417s][info][gc,cpu         ] GC(324) User=14.55s Sys=0.02s Real=1.99s
[230.418s][info][gc,start       ] GC(325) Pause Full (Ergonomics)
[230.418s][info][gc,phases,start] GC(325) Marking Phase
[231.901s][info][gc,phases      ] GC(325) Marking Phase 1483.784ms
[231.901s][info][gc,phases,start] GC(325) Summary Phase
[231.901s][info][gc,phases      ] GC(325) Summary Phase 0.083ms
[231.901s][info][gc,phases,start] GC(325) Adjust Roots
[231.902s][info][gc,phases      ] GC(325) Adjust Roots 0.214ms
[231.902s][info][gc,phases,start] GC(325) Compaction Phase
[232.449s][info][gc,phases      ] GC(325) Compaction Phase 547.135ms
[232.449s][info][gc,phases,start] GC(325) Post Compact
[232.459s][info][gc,phases      ] GC(325) Post Compact 10.020ms
[232.459s][info][gc,heap        ] GC(325) PSYoungGen: 176639K(445440K)->176639K(445440K) Eden: 176639K(176640K)->176639K(176640K) From: 0K(268800K)->0K(268800K)
[232.459s][info][gc,heap        ] GC(325) ParOldGen: 6348776K(6348800K)->6348776K(6348800K)
[232.459s][info][gc,metaspace   ] GC(325) Metaspace: 6302K(6528K)->6302K(6528K) NonClass: 5769K(5888K)->5769K(5888K) Class: 533K(640K)->533K(640K)
[232.459s][info][gc             ] GC(325) Pause Full (Ergonomics) 6372M->6372M(6635M) 2041.591ms
[232.459s][info][gc,cpu         ] GC(325) User=14.78s Sys=0.00s Real=2.04s
[232.459s][info][gc,start       ] GC(326) Pause Full (Ergonomics)
[232.459s][info][gc,phases,start] GC(326) Marking Phase
[233.951s][info][gc,phases      ] GC(326) Marking Phase 1491.313ms
[233.951s][info][gc,phases,start] GC(326) Summary Phase
[233.951s][info][gc,phases      ] GC(326) Summary Phase 0.066ms
[233.951s][info][gc,phases,start] GC(326) Adjust Roots
[233.951s][info][gc,phases      ] GC(326) Adjust Roots 0.165ms
[233.951s][info][gc,phases,start] GC(326) Compaction Phase
[234.519s][info][gc,phases      ] GC(326) Compaction Phase 567.564ms
[234.519s][info][gc,phases,start] GC(326) Post Compact
[234.529s][info][gc,phases      ] GC(326) Post Compact 9.887ms
[234.529s][info][gc,heap        ] GC(326) PSYoungGen: 176639K(445440K)->176639K(445440K) Eden: 176639K(176640K)->176639K(176640K) From: 0K(268800K)->0K(268800K)
[234.529s][info][gc,heap        ] GC(326) ParOldGen: 6348781K(6348800K)->6348781K(6348800K)
[234.529s][info][gc,metaspace   ] GC(326) Metaspace: 6302K(6528K)->6302K(6528K) NonClass: 5769K(5888K)->5769K(5888K) Class: 533K(640K)->533K(640K)
[234.529s][info][gc             ] GC(326) Pause Full (Ergonomics) 6372M->6372M(6635M) 2069.343ms
[234.529s][info][gc,cpu         ] GC(326) User=14.73s Sys=0.09s Real=2.07s
[234.529s][info][gc,start       ] GC(327) Pause Full (Ergonomics)
[234.529s][info][gc,phases,start] GC(327) Marking Phase
[235.988s][info][gc,phases      ] GC(327) Marking Phase 1458.603ms
[235.988s][info][gc,phases,start] GC(327) Summary Phase
[235.988s][info][gc,phases      ] GC(327) Summary Phase 0.073ms
[235.988s][info][gc,phases,start] GC(327) Adjust Roots
[235.988s][info][gc,phases      ] GC(327) Adjust Roots 0.250ms
[235.988s][info][gc,phases,start] GC(327) Compaction Phase
[236.542s][info][gc,phases      ] GC(327) Compaction Phase 553.783ms
[236.542s][info][gc,phases,start] GC(327) Post Compact
[236.552s][info][gc,phases      ] GC(327) Post Compact 10.056ms
[236.552s][info][gc,heap        ] GC(327) PSYoungGen: 176639K(445440K)->176639K(445440K) Eden: 176639K(176640K)->176639K(176640K) From: 0K(268800K)->0K(268800K)
[236.552s][info][gc,heap        ] GC(327) ParOldGen: 6348786K(6348800K)->6348786K(6348800K)
[236.552s][info][gc,metaspace   ] GC(327) Metaspace: 6302K(6528K)->6302K(6528K) NonClass: 5769K(5888K)->5769K(5888K) Class: 533K(640K)->533K(640K)
[236.552s][info][gc             ] GC(327) Pause Full (Ergonomics) 6372M->6372M(6635M) 2023.134ms
[236.552s][info][gc,cpu         ] GC(327) User=14.61s Sys=0.02s Real=2.02s
[236.552s][info][gc,start       ] GC(328) Pause Full (Ergonomics)
[236.552s][info][gc,phases,start] GC(328) Marking Phase
[238.021s][info][gc,phases      ] GC(328) Marking Phase 1468.588ms
[238.021s][info][gc,phases,start] GC(328) Summary Phase
[238.021s][info][gc,phases      ] GC(328) Summary Phase 0.065ms
[238.021s][info][gc,phases,start] GC(328) Adjust Roots
[238.021s][info][gc,phases      ] GC(328) Adjust Roots 0.165ms
[238.021s][info][gc,phases,start] GC(328) Compaction Phase
[238.559s][info][gc,phases      ] GC(328) Compaction Phase 537.368ms
[238.559s][info][gc,phases,start] GC(328) Post Compact
[238.569s][info][gc,phases      ] GC(328) Post Compact 10.008ms
[238.569s][info][gc,heap        ] GC(328) PSYoungGen: 176639K(445440K)->176639K(445440K) Eden: 176639K(176640K)->176639K(176640K) From: 0K(268800K)->0K(268800K)
[238.569s][info][gc,heap        ] GC(328) ParOldGen: 6348791K(6348800K)->6348791K(6348800K)
[238.569s][info][gc,metaspace   ] GC(328) Metaspace: 6302K(6528K)->6302K(6528K) NonClass: 5769K(5888K)->5769K(5888K) Class: 533K(640K)->533K(640K)
[238.569s][info][gc             ] GC(328) Pause Full (Ergonomics) 6372M->6372M(6635M) 2016.580ms
[238.569s][info][gc,cpu         ] GC(328) User=14.72s Sys=0.02s Real=2.02s
[238.569s][info][gc,start       ] GC(329) Pause Full (Ergonomics)
[238.569s][info][gc,phases,start] GC(329) Marking Phase
[240.018s][info][gc,phases      ] GC(329) Marking Phase 1448.753ms
[240.018s][info][gc,phases,start] GC(329) Summary Phase
[240.018s][info][gc,phases      ] GC(329) Summary Phase 0.065ms
[240.018s][info][gc,phases,start] GC(329) Adjust Roots
[240.018s][info][gc,phases      ] GC(329) Adjust Roots 0.163ms
[240.018s][info][gc,phases,start] GC(329) Compaction Phase
[240.573s][info][gc,phases      ] GC(329) Compaction Phase 555.137ms
[240.573s][info][gc,phases,start] GC(329) Post Compact
[240.583s][info][gc,phases      ] GC(329) Post Compact 9.804ms
[240.583s][info][gc,heap        ] GC(329) PSYoungGen: 176639K(445440K)->176639K(445440K) Eden: 176639K(176640K)->176639K(176640K) From: 0K(268800K)->0K(268800K)
[240.583s][info][gc,heap        ] GC(329) ParOldGen: 6348796K(6348800K)->6348796K(6348800K)
[240.583s][info][gc,metaspace   ] GC(329) Metaspace: 6302K(6528K)->6302K(6528K) NonClass: 5769K(5888K)->5769K(5888K) Class: 533K(640K)->533K(640K)
[240.583s][info][gc             ] GC(329) Pause Full (Ergonomics) 6372M->6372M(6635M) 2014.248ms
[240.583s][info][gc,cpu         ] GC(329) User=14.67s Sys=0.00s Real=2.02s
[240.583s][info][gc,start       ] GC(330) Pause Full (Ergonomics)
[240.584s][info][gc,phases,start] GC(330) Marking Phase
[242.025s][info][gc,phases      ] GC(330) Marking Phase 1441.017ms
[242.025s][info][gc,phases,start] GC(330) Summary Phase
[242.025s][info][gc,phases      ] GC(330) Summary Phase 0.066ms
[242.025s][info][gc,phases,start] GC(330) Adjust Roots
[242.025s][info][gc,phases      ] GC(330) Adjust Roots 0.174ms
[242.025s][info][gc,phases,start] GC(330) Compaction Phase
[242.579s][info][gc,phases      ] GC(330) Compaction Phase 553.826ms
[242.579s][info][gc,phases,start] GC(330) Post Compact
[242.589s][info][gc,phases      ] GC(330) Post Compact 9.729ms
[242.589s][info][gc,heap        ] GC(330) PSYoungGen: 176639K(445440K)->176639K(445440K) Eden: 176639K(176640K)->176639K(176640K) From: 0K(268800K)->0K(268800K)
[242.589s][info][gc,heap        ] GC(330) ParOldGen: 6348799K(6348800K)->6348799K(6348800K)
[242.589s][info][gc,metaspace   ] GC(330) Metaspace: 6302K(6528K)->6302K(6528K) NonClass: 5769K(5888K)->5769K(5888K) Class: 533K(640K)->533K(640K)
[242.589s][info][gc             ] GC(330) Pause Full (Ergonomics) 6372M->6372M(6635M) 2005.144ms
[242.589s][info][gc,cpu         ] GC(330) User=14.31s Sys=0.00s Real=2.00s
[242.589s][info][gc,start       ] GC(331) Pause Full (Allocation Failure)
[242.589s][info][gc,phases,start] GC(331) Marking Phase
[244.034s][info][gc,phases      ] GC(331) Marking Phase 1445.599ms
[244.034s][info][gc,phases,start] GC(331) Summary Phase
[244.034s][info][gc,phases      ] GC(331) Summary Phase 0.069ms
[244.034s][info][gc,phases,start] GC(331) Adjust Roots
[244.035s][info][gc,phases      ] GC(331) Adjust Roots 0.420ms
[244.035s][info][gc,phases,start] GC(331) Compaction Phase
[245.650s][info][gc,phases      ] GC(331) Compaction Phase 1614.706ms
[245.650s][info][gc,phases,start] GC(331) Post Compact
[245.660s][info][gc,phases      ] GC(331) Post Compact 9.909ms
[245.660s][info][gc,heap        ] GC(331) PSYoungGen: 176639K(445440K)->176639K(445440K) Eden: 176639K(176640K)->176639K(176640K) From: 0K(268800K)->0K(268800K)
[245.660s][info][gc,heap        ] GC(331) ParOldGen: 6348799K(6348800K)->6348795K(6348800K)
[245.660s][info][gc,metaspace   ] GC(331) Metaspace: 6302K(6528K)->6301K(6528K) NonClass: 5769K(5888K)->5768K(5888K) Class: 533K(640K)->532K(640K)
[245.660s][info][gc             ] GC(331) Pause Full (Allocation Failure) 6372M->6372M(6635M) 3071.047ms
[245.660s][info][gc,cpu         ] GC(331) User=22.12s Sys=0.02s Real=3.07s
[245.660s][info][gc,start       ] GC(332) Pause Full (Ergonomics)
[245.660s][info][gc,phases,start] GC(332) Marking Phase
[247.122s][info][gc,phases      ] GC(332) Marking Phase 1461.289ms
[247.122s][info][gc,phases,start] GC(332) Summary Phase
[247.122s][info][gc,phases      ] GC(332) Summary Phase 0.066ms
[247.122s][info][gc,phases,start] GC(332) Adjust Roots
[247.122s][info][gc,phases      ] GC(332) Adjust Roots 0.177ms
[247.122s][info][gc,phases,start] GC(332) Compaction Phase
[247.662s][info][gc,phases      ] GC(332) Compaction Phase 540.380ms
[247.662s][info][gc,phases,start] GC(332) Post Compact
[247.672s][info][gc,phases      ] GC(332) Post Compact 9.836ms
[247.672s][info][gc,heap        ] GC(332) PSYoungGen: 176639K(445440K)->176639K(445440K) Eden: 176639K(176640K)->176639K(176640K) From: 0K(268800K)->0K(268800K)
[247.672s][info][gc,heap        ] GC(332) ParOldGen: 6348796K(6348800K)->6348796K(6348800K)
[247.672s][info][gc,metaspace   ] GC(332) Metaspace: 6301K(6528K)->6301K(6528K) NonClass: 5768K(5888K)->5768K(5888K) Class: 532K(640K)->532K(640K)
[247.672s][info][gc             ] GC(332) Pause Full (Ergonomics) 6372M->6372M(6635M) 2012.107ms
[247.672s][info][gc,cpu         ] GC(332) User=14.66s Sys=0.00s Real=2.01s
[247.673s][info][gc,start       ] GC(333) Pause Full (Ergonomics)
[247.673s][info][gc,phases,start] GC(333) Marking Phase
[249.122s][info][gc,phases      ] GC(333) Marking Phase 1448.984ms
[249.122s][info][gc,phases,start] GC(333) Summary Phase
[249.122s][info][gc,phases      ] GC(333) Summary Phase 0.066ms
[249.122s][info][gc,phases,start] GC(333) Adjust Roots
[249.122s][info][gc,phases      ] GC(333) Adjust Roots 0.166ms
[249.122s][info][gc,phases,start] GC(333) Compaction Phase
[249.672s][info][gc,phases      ] GC(333) Compaction Phase 549.400ms
[249.672s][info][gc,phases,start] GC(333) Post Compact
[249.681s][info][gc,phases      ] GC(333) Post Compact 9.738ms
[249.681s][info][gc,heap        ] GC(333) PSYoungGen: 176639K(445440K)->176639K(445440K) Eden: 176639K(176640K)->176639K(176640K) From: 0K(268800K)->0K(268800K)
[249.681s][info][gc,heap        ] GC(333) ParOldGen: 6348799K(6348800K)->6348799K(6348800K)
[249.681s][info][gc,metaspace   ] GC(333) Metaspace: 6301K(6528K)->6301K(6528K) NonClass: 5768K(5888K)->5768K(5888K) Class: 532K(640K)->532K(640K)
[249.682s][info][gc             ] GC(333) Pause Full (Ergonomics) 6372M->6372M(6635M) 2008.713ms
[249.682s][info][gc,cpu         ] GC(333) User=14.33s Sys=0.00s Real=2.01s
[249.682s][info][gc,start       ] GC(334) Pause Full (Allocation Failure)
[249.682s][info][gc,phases,start] GC(334) Marking Phase
[251.134s][info][gc,phases      ] GC(334) Marking Phase 1452.156ms
[251.134s][info][gc,phases,start] GC(334) Summary Phase
[251.134s][info][gc,phases      ] GC(334) Summary Phase 0.066ms
[251.134s][info][gc,phases,start] GC(334) Adjust Roots
[251.134s][info][gc,phases      ] GC(334) Adjust Roots 0.169ms
[251.134s][info][gc,phases,start] GC(334) Compaction Phase
[251.676s][info][gc,phases      ] GC(334) Compaction Phase 541.795ms
[251.676s][info][gc,phases,start] GC(334) Post Compact
[251.686s][info][gc,phases      ] GC(334) Post Compact 9.976ms
[251.686s][info][gc,heap        ] GC(334) PSYoungGen: 176639K(445440K)->176639K(445440K) Eden: 176639K(176640K)->176639K(176640K) From: 0K(268800K)->0K(268800K)
[251.686s][info][gc,heap        ] GC(334) ParOldGen: 6348799K(6348800K)->6348799K(6348800K)
[251.686s][info][gc,metaspace   ] GC(334) Metaspace: 6301K(6528K)->6301K(6528K) NonClass: 5768K(5888K)->5768K(5888K) Class: 532K(640K)->532K(640K)
[251.686s][info][gc             ] GC(334) Pause Full (Allocation Failure) 6372M->6372M(6635M) 2004.485ms
[251.686s][info][gc,cpu         ] GC(334) User=14.44s Sys=0.02s Real=2.00s
[251.686s][info][gc,start       ] GC(335) Pause Full (Ergonomics)
[251.687s][info][gc,phases,start] GC(335) Marking Phase
[253.145s][info][gc,phases      ] GC(335) Marking Phase 1458.095ms
[253.145s][info][gc,phases,start] GC(335) Summary Phase
[253.145s][info][gc,phases      ] GC(335) Summary Phase 0.079ms
[253.145s][info][gc,phases,start] GC(335) Adjust Roots
[253.145s][info][gc,phases      ] GC(335) Adjust Roots 0.250ms
[253.145s][info][gc,phases,start] GC(335) Compaction Phase
[254.788s][info][gc,phases      ] GC(335) Compaction Phase 1643.418ms
[254.789s][info][gc,phases,start] GC(335) Post Compact
[254.799s][info][gc,phases      ] GC(335) Post Compact 10.077ms
[254.799s][info][gc,heap        ] GC(335) PSYoungGen: 176640K(445440K)->176640K(445440K) Eden: 176640K(176640K)->176640K(176640K) From: 0K(268800K)->0K(268800K)
[254.799s][info][gc,heap        ] GC(335) ParOldGen: 6348799K(6348800K)->6348798K(6348800K)
[254.799s][info][gc,metaspace   ] GC(335) Metaspace: 6301K(6528K)->6301K(6528K) NonClass: 5768K(5888K)->5768K(5888K) Class: 532K(640K)->532K(640K)
[254.799s][info][gc             ] GC(335) Pause Full (Ergonomics) 6372M->6372M(6635M) 3112.267ms
[254.799s][info][gc,cpu         ] GC(335) User=22.44s Sys=0.08s Real=3.11s
[254.799s][info][gc,start       ] GC(336) Pause Full (Ergonomics)
[254.799s][info][gc,phases,start] GC(336) Marking Phase
[256.244s][info][gc,phases      ] GC(336) Marking Phase 1444.463ms
[256.244s][info][gc,phases,start] GC(336) Summary Phase
[256.244s][info][gc,phases      ] GC(336) Summary Phase 0.076ms
[256.244s][info][gc,phases,start] GC(336) Adjust Roots
[256.244s][info][gc,phases      ] GC(336) Adjust Roots 0.173ms
[256.244s][info][gc,phases,start] GC(336) Compaction Phase
[256.789s][info][gc,phases      ] GC(336) Compaction Phase 545.334ms
[256.789s][info][gc,phases,start] GC(336) Post Compact
[256.799s][info][gc,phases      ] GC(336) Post Compact 9.915ms
[256.799s][info][gc,heap        ] GC(336) PSYoungGen: 176640K(445440K)->176640K(445440K) Eden: 176640K(176640K)->176640K(176640K) From: 0K(268800K)->0K(268800K)
[256.800s][info][gc,heap        ] GC(336) ParOldGen: 6348799K(6348800K)->6348798K(6348800K)
[256.800s][info][gc,metaspace   ] GC(336) Metaspace: 6301K(6528K)->6301K(6528K) NonClass: 5768K(5888K)->5768K(5888K) Class: 532K(640K)->532K(640K)
[256.800s][info][gc             ] GC(336) Pause Full (Ergonomics) 6372M->6372M(6635M) 2000.328ms
[256.800s][info][gc,cpu         ] GC(336) User=14.31s Sys=0.02s Real=2.00s
[256.801s][info][gc,start       ] GC(337) Pause Full (Ergonomics)
[256.801s][info][gc,phases,start] GC(337) Marking Phase
[258.254s][info][gc,phases      ] GC(337) Marking Phase 1453.658ms
[258.255s][info][gc,phases,start] GC(337) Summary Phase
[258.255s][info][gc,phases      ] GC(337) Summary Phase 0.068ms
[258.255s][info][gc,phases,start] GC(337) Adjust Roots
[258.255s][info][gc,phases      ] GC(337) Adjust Roots 0.247ms
[258.255s][info][gc,phases,start] GC(337) Compaction Phase
[259.895s][info][gc,phases      ] GC(337) Compaction Phase 1640.290ms
[259.895s][info][gc,phases,start] GC(337) Post Compact
[259.905s][info][gc,phases      ] GC(337) Post Compact 10.038ms
[259.905s][info][gc,heap        ] GC(337) PSYoungGen: 176640K(445440K)->176640K(445440K) Eden: 176640K(176640K)->176640K(176640K) From: 0K(268800K)->0K(268800K)
[259.905s][info][gc,heap        ] GC(337) ParOldGen: 6348799K(6348800K)->6348797K(6348800K)
[259.905s][info][gc,metaspace   ] GC(337) Metaspace: 6305K(6528K)->6305K(6528K) NonClass: 5770K(5888K)->5770K(5888K) Class: 534K(640K)->534K(640K)
[259.906s][info][gc             ] GC(337) Pause Full (Ergonomics) 6372M->6372M(6635M) 3104.736ms
[259.906s][info][gc,cpu         ] GC(337) User=22.44s Sys=0.02s Real=3.11s
[259.906s][info][gc,heap,exit   ] Heap
[259.906s][info][gc,heap,exit   ]  PSYoungGen      total 445440K, used 176640K [0x000000073e400000, 0x000000076af00000, 0x0000000800000000)
[259.906s][info][gc,heap,exit   ]   eden space 176640K, 100% used [0x000000073e400000,0x0000000749080000,0x0000000749080000)
[259.906s][info][gc,heap,exit   ]   from space 268800K, 0% used [0x0000000749080000,0x0000000749080000,0x0000000759700000)
[259.906s][info][gc,heap,exit   ]   to   space 268800K, 0% used [0x000000075a880000,0x000000075a880000,0x000000076af00000)
[259.906s][info][gc,heap,exit   ]  ParOldGen       total 6348800K, used 6348797K [0x00000005bac00000, 0x000000073e400000, 0x000000073e400000)
[259.906s][info][gc,heap,exit   ]   object space 6348800K, 99% used [0x00000005bac00000,0x000000073e3ff618,0x000000073e400000)
[259.906s][info][gc,heap,exit   ]  Metaspace       used 6305K, committed 6528K, reserved 1114112K
[259.906s][info][gc,heap,exit   ]   class space    used 534K, committed 640K, reserved 1048576K
