[0.018s][info][gc,init] CardTable entry size: 512
[0.018s][info][gc     ] Using Parallel
[0.020s][info][gc,init] Version: 18.0.1+10 (release)
[0.020s][info][gc,init] CPUs: 8 total, 8 available
[0.020s][info][gc,init] Memory: 16063M
[0.020s][info][gc,init] Large Page Support: Disabled
[0.020s][info][gc,init] NUMA Support: Disabled
[0.020s][info][gc,init] Compressed Oops: Enabled (Zero based)
[0.020s][info][gc,init] Alignments: Space 512K, Generation 512K, Heap 2M
[0.020s][info][gc,init] Heap Min Capacity: 2M
[0.020s][info][gc,init] Heap Initial Capacity: 2M
[0.020s][info][gc,init] Heap Max Capacity: 14400M
[0.020s][info][gc,init] Pre-touch: Disabled
[0.020s][info][gc,init] Parallel Workers: 8
[0.021s][info][gc,metaspace] CDS archive(s) not mapped
[0.021s][info][gc,metaspace] Compressed class space mapped at: 0x0000000800000000-0x0000000840000000, reserved size: 1073741824
[0.021s][info][gc,metaspace] Narrow klass base: 0x0000000800000000, Narrow klass shift: 0, Narrow klass range: 0x40000000
[0.134s][info][gc,start    ] GC(0) Pause Young (Allocation Failure)
[0.135s][info][gc,heap     ] GC(0) PSYoungGen: 512K(1024K)->480K(1024K) Eden: 512K(512K)->0K(512K) From: 0K(512K)->480K(512K)
[0.135s][info][gc,heap     ] GC(0) ParOldGen: 0K(512K)->8K(512K)
[0.135s][info][gc,metaspace] GC(0) Metaspace: 4230K(4352K)->4230K(4352K) NonClass: 3909K(3968K)->3909K(3968K) Class: 321K(384K)->321K(384K)
[0.135s][info][gc          ] GC(0) Pause Young (Allocation Failure) 0M->0M(1M) 1.261ms
[0.135s][info][gc,cpu      ] GC(0) User=0.00s Sys=0.00s Real=0.00s
[0.198s][info][gc,start    ] GC(1) Pause Young (Allocation Failure)
[0.199s][info][gc,heap     ] GC(1) PSYoungGen: 991K(1024K)->512K(1024K) Eden: 511K(512K)->0K(512K) From: 480K(512K)->512K(512K)
[0.199s][info][gc,heap     ] GC(1) ParOldGen: 8K(512K)->80K(512K)
[0.199s][info][gc,metaspace] GC(1) Metaspace: 5882K(6016K)->5882K(6016K) NonClass: 5385K(5504K)->5385K(5504K) Class: 496K(512K)->496K(512K)
[0.199s][info][gc          ] GC(1) Pause Young (Allocation Failure) 0M->0M(1M) 0.953ms
[0.199s][info][gc,cpu      ] GC(1) User=0.00s Sys=0.00s Real=0.00s
[0.219s][info][gc,start    ] GC(2) Pause Young (Allocation Failure)
[0.219s][info][gc,heap     ] GC(2) PSYoungGen: 1023K(1024K)->512K(1024K) Eden: 511K(512K)->0K(512K) From: 512K(512K)->512K(512K)
[0.219s][info][gc,heap     ] GC(2) ParOldGen: 80K(512K)->224K(512K)
[0.219s][info][gc,metaspace] GC(2) Metaspace: 6298K(6464K)->6298K(6464K) NonClass: 5764K(5824K)->5764K(5824K) Class: 533K(640K)->533K(640K)
[0.220s][info][gc          ] GC(2) Pause Young (Allocation Failure) 1M->0M(1M) 0.912ms
[0.220s][info][gc,cpu      ] GC(2) User=0.00s Sys=0.00s Real=0.00s
[0.221s][info][gc,start    ] GC(3) Pause Young (Allocation Failure)
[0.222s][info][gc,heap     ] GC(3) PSYoungGen: 1024K(1024K)->512K(1536K) Eden: 512K(512K)->0K(1024K) From: 512K(512K)->512K(512K)
[0.222s][info][gc,heap     ] GC(3) ParOldGen: 224K(512K)->484K(512K)
[0.222s][info][gc,metaspace] GC(3) Metaspace: 6300K(6464K)->6300K(6464K) NonClass: 5766K(5824K)->5766K(5824K) Class: 533K(640K)->533K(640K)
[0.222s][info][gc          ] GC(3) Pause Young (Allocation Failure) 1M->0M(2M) 1.071ms
[0.222s][info][gc,cpu      ] GC(3) User=0.00s Sys=0.00s Real=0.00s
[0.222s][info][gc,start    ] GC(4) Pause Full (Ergonomics)
[0.222s][info][gc,phases,start] GC(4) Marking Phase
[0.223s][info][gc,phases      ] GC(4) Marking Phase 1.002ms
[0.223s][info][gc,phases,start] GC(4) Summary Phase
[0.223s][info][gc,phases      ] GC(4) Summary Phase 0.015ms
[0.223s][info][gc,phases,start] GC(4) Adjust Roots
[0.223s][info][gc,phases      ] GC(4) Adjust Roots 0.380ms
[0.223s][info][gc,phases,start] GC(4) Compaction Phase
[0.225s][info][gc,phases      ] GC(4) Compaction Phase 1.455ms
[0.225s][info][gc,phases,start] GC(4) Post Compact
[0.225s][info][gc,phases      ] GC(4) Post Compact 0.100ms
[0.225s][info][gc,heap        ] GC(4) PSYoungGen: 512K(1536K)->511K(1536K) Eden: 0K(1024K)->0K(1024K) From: 512K(512K)->511K(512K)
[0.225s][info][gc,heap        ] GC(4) ParOldGen: 484K(512K)->456K(2048K)
[0.225s][info][gc,metaspace   ] GC(4) Metaspace: 6300K(6464K)->6300K(6464K) NonClass: 5766K(5824K)->5766K(5824K) Class: 533K(640K)->533K(640K)
[0.225s][info][gc             ] GC(4) Pause Full (Ergonomics) 0M->0M(3M) 3.354ms
[0.225s][info][gc,cpu         ] GC(4) User=0.00s Sys=0.00s Real=0.00s
[0.227s][info][gc,start       ] GC(5) Pause Young (Allocation Failure)
[0.228s][info][gc,heap        ] GC(5) PSYoungGen: 1535K(1536K)->480K(1536K) Eden: 1024K(1024K)->0K(1024K) From: 511K(512K)->480K(512K)
[0.228s][info][gc,heap        ] GC(5) ParOldGen: 456K(2048K)->1016K(2048K)
[0.228s][info][gc,metaspace   ] GC(5) Metaspace: 6300K(6464K)->6300K(6464K) NonClass: 5766K(5824K)->5766K(5824K) Class: 533K(640K)->533K(640K)
[0.228s][info][gc             ] GC(5) Pause Young (Allocation Failure) 1M->1M(3M) 1.283ms
[0.228s][info][gc,cpu         ] GC(5) User=0.00s Sys=0.00s Real=0.00s
[0.230s][info][gc,start       ] GC(6) Pause Young (Allocation Failure)
[0.231s][info][gc,heap        ] GC(6) PSYoungGen: 1504K(1536K)->1024K(3584K) Eden: 1023K(1024K)->0K(2048K) From: 480K(512K)->1024K(1536K)
[0.231s][info][gc,heap        ] GC(6) ParOldGen: 1016K(2048K)->1016K(2048K)
[0.231s][info][gc,metaspace   ] GC(6) Metaspace: 6300K(6464K)->6300K(6464K) NonClass: 5766K(5824K)->5766K(5824K) Class: 533K(640K)->533K(640K)
[0.232s][info][gc             ] GC(6) Pause Young (Allocation Failure) 2M->1M(5M) 1.510ms
[0.232s][info][gc,cpu         ] GC(6) User=0.00s Sys=0.00s Real=0.00s
[0.234s][info][gc,start       ] GC(7) Pause Young (Allocation Failure)
[0.236s][info][gc,heap        ] GC(7) PSYoungGen: 3072K(3584K)->1504K(3584K) Eden: 2048K(2048K)->0K(2048K) From: 1024K(1536K)->1504K(1536K)
[0.236s][info][gc,heap        ] GC(7) ParOldGen: 1016K(2048K)->1568K(2048K)
[0.236s][info][gc,metaspace   ] GC(7) Metaspace: 6300K(6464K)->6300K(6464K) NonClass: 5766K(5824K)->5766K(5824K) Class: 533K(640K)->533K(640K)
[0.236s][info][gc             ] GC(7) Pause Young (Allocation Failure) 3M->3M(5M) 2.168ms
[0.237s][info][gc,cpu         ] GC(7) User=0.00s Sys=0.00s Real=0.00s
[0.237s][info][gc,start       ] GC(8) Pause Full (Ergonomics)
[0.237s][info][gc,phases,start] GC(8) Marking Phase
[0.238s][info][gc,phases      ] GC(8) Marking Phase 1.839ms
[0.238s][info][gc,phases,start] GC(8) Summary Phase
[0.238s][info][gc,phases      ] GC(8) Summary Phase 0.017ms
[0.239s][info][gc,phases,start] GC(8) Adjust Roots
[0.239s][info][gc,phases      ] GC(8) Adjust Roots 0.419ms
[0.239s][info][gc,phases,start] GC(8) Compaction Phase
[0.241s][info][gc,phases      ] GC(8) Compaction Phase 2.197ms
[0.241s][info][gc,phases,start] GC(8) Post Compact
[0.241s][info][gc,phases      ] GC(8) Post Compact 0.028ms
[0.241s][info][gc,heap        ] GC(8) PSYoungGen: 1504K(3584K)->1501K(3584K) Eden: 0K(2048K)->0K(2048K) From: 1504K(1536K)->1501K(1536K)
[0.241s][info][gc,heap        ] GC(8) ParOldGen: 1568K(2048K)->1538K(4096K)
[0.241s][info][gc,metaspace   ] GC(8) Metaspace: 6300K(6464K)->6300K(6464K) NonClass: 5766K(5824K)->5766K(5824K) Class: 533K(640K)->533K(640K)
[0.241s][info][gc             ] GC(8) Pause Full (Ergonomics) 3M->2M(7M) 4.826ms
[0.241s][info][gc,cpu         ] GC(8) User=0.00s Sys=0.00s Real=0.01s
[0.245s][info][gc,start       ] GC(9) Pause Young (Allocation Failure)
[0.248s][info][gc,heap        ] GC(9) PSYoungGen: 3549K(3584K)->2016K(5120K) Eden: 2048K(2048K)->0K(3072K) From: 1501K(1536K)->2016K(2048K)
[0.248s][info][gc,heap        ] GC(9) ParOldGen: 1538K(4096K)->2090K(4096K)
[0.248s][info][gc,metaspace   ] GC(9) Metaspace: 6300K(6464K)->6300K(6464K) NonClass: 5766K(5824K)->5766K(5824K) Class: 533K(640K)->533K(640K)
[0.248s][info][gc             ] GC(9) Pause Young (Allocation Failure) 4M->4M(9M) 2.731ms
[0.248s][info][gc,cpu         ] GC(9) User=0.00s Sys=0.00s Real=0.00s
[0.252s][info][gc,start       ] GC(10) Pause Young (Allocation Failure)
[0.256s][info][gc,heap        ] GC(10) PSYoungGen: 5088K(5120K)->2528K(5632K) Eden: 3072K(3072K)->0K(3072K) From: 2016K(2048K)->2528K(2560K)
[0.256s][info][gc,heap        ] GC(10) ParOldGen: 2090K(4096K)->3178K(4096K)
[0.256s][info][gc,metaspace   ] GC(10) Metaspace: 6300K(6464K)->6300K(6464K) NonClass: 5766K(5824K)->5766K(5824K) Class: 533K(640K)->533K(640K)
[0.256s][info][gc             ] GC(10) Pause Young (Allocation Failure) 7M->5M(9M) 3.769ms
[0.256s][info][gc,cpu         ] GC(10) User=0.00s Sys=0.00s Real=0.00s
[0.256s][info][gc,start       ] GC(11) Pause Full (Ergonomics)
[0.256s][info][gc,phases,start] GC(11) Marking Phase
[0.260s][info][gc,phases      ] GC(11) Marking Phase 3.961ms
[0.260s][info][gc,phases,start] GC(11) Summary Phase
[0.260s][info][gc,phases      ] GC(11) Summary Phase 0.020ms
[0.260s][info][gc,phases,start] GC(11) Adjust Roots
[0.261s][info][gc,phases      ] GC(11) Adjust Roots 0.270ms
[0.261s][info][gc,phases,start] GC(11) Compaction Phase
[0.265s][info][gc,phases      ] GC(11) Compaction Phase 3.866ms
[0.265s][info][gc,phases,start] GC(11) Post Compact
[0.265s][info][gc,phases      ] GC(11) Post Compact 0.042ms
[0.265s][info][gc,heap        ] GC(11) PSYoungGen: 2528K(5632K)->2012K(5632K) Eden: 0K(3072K)->0K(3072K) From: 2528K(2560K)->2012K(2560K)
[0.265s][info][gc,heap        ] GC(11) ParOldGen: 3178K(4096K)->3648K(7168K)
[0.265s][info][gc,metaspace   ] GC(11) Metaspace: 6300K(6464K)->6300K(6464K) NonClass: 5766K(5824K)->5766K(5824K) Class: 533K(640K)->533K(640K)
[0.265s][info][gc             ] GC(11) Pause Full (Ergonomics) 5M->5M(12M) 8.481ms
[0.265s][info][gc,cpu         ] GC(11) User=0.00s Sys=0.00s Real=0.01s
[0.271s][info][gc,start       ] GC(12) Pause Young (Allocation Failure)
[0.274s][info][gc,heap        ] GC(12) PSYoungGen: 5084K(5632K)->2656K(8192K) Eden: 3072K(3072K)->0K(4608K) From: 2012K(2560K)->2656K(3584K)
[0.274s][info][gc,heap        ] GC(12) ParOldGen: 3648K(7168K)->4616K(7168K)
[0.274s][info][gc,metaspace   ] GC(12) Metaspace: 6300K(6464K)->6300K(6464K) NonClass: 5766K(5824K)->5766K(5824K) Class: 533K(640K)->533K(640K)
[0.274s][info][gc             ] GC(12) Pause Young (Allocation Failure) 8M->7M(15M) 3.488ms
[0.274s][info][gc,cpu         ] GC(12) User=0.00s Sys=0.00s Real=0.00s
[0.278s][info][gc,start       ] GC(13) Pause Young (Allocation Failure)
[0.282s][info][gc,heap        ] GC(13) PSYoungGen: 7264K(8192K)->2432K(8192K) Eden: 4608K(4608K)->0K(4608K) From: 2656K(3584K)->2432K(3584K)
[0.282s][info][gc,heap        ] GC(13) ParOldGen: 4616K(7168K)->7296K(7680K)
[0.282s][info][gc,metaspace   ] GC(13) Metaspace: 6300K(6464K)->6300K(6464K) NonClass: 5766K(5824K)->5766K(5824K) Class: 533K(640K)->533K(640K)
[0.282s][info][gc             ] GC(13) Pause Young (Allocation Failure) 11M->9M(15M) 3.911ms
[0.282s][info][gc,cpu         ] GC(13) User=0.00s Sys=0.00s Real=0.00s
[0.282s][info][gc,start       ] GC(14) Pause Full (Ergonomics)
[0.282s][info][gc,phases,start] GC(14) Marking Phase
[0.287s][info][gc,phases      ] GC(14) Marking Phase 4.876ms
[0.287s][info][gc,phases,start] GC(14) Summary Phase
[0.287s][info][gc,phases      ] GC(14) Summary Phase 0.016ms
[0.287s][info][gc,phases,start] GC(14) Adjust Roots
[0.288s][info][gc,phases      ] GC(14) Adjust Roots 0.182ms
[0.288s][info][gc,phases,start] GC(14) Compaction Phase
[0.291s][info][gc,phases      ] GC(14) Compaction Phase 3.778ms
[0.291s][info][gc,phases,start] GC(14) Post Compact
[0.291s][info][gc,phases      ] GC(14) Post Compact 0.052ms
[0.292s][info][gc,heap        ] GC(14) PSYoungGen: 2432K(8192K)->2372K(8192K) Eden: 0K(4608K)->0K(4608K) From: 2432K(3584K)->2372K(3584K)
[0.292s][info][gc,heap        ] GC(14) ParOldGen: 7296K(7680K)->7233K(12288K)
[0.292s][info][gc,metaspace   ] GC(14) Metaspace: 6300K(6464K)->6300K(6464K) NonClass: 5766K(5824K)->5766K(5824K) Class: 533K(640K)->533K(640K)
[0.292s][info][gc             ] GC(14) Pause Full (Ergonomics) 9M->9M(20M) 9.231ms
[0.292s][info][gc,cpu         ] GC(14) User=0.00s Sys=0.00s Real=0.01s
[0.296s][info][gc,start       ] GC(15) Pause Young (Allocation Failure)
[0.300s][info][gc,heap        ] GC(15) PSYoungGen: 6471K(8192K)->2112K(10752K) Eden: 4099K(4608K)->0K(6656K) From: 2372K(3584K)->2112K(4096K)
[0.300s][info][gc,heap        ] GC(15) ParOldGen: 7233K(12288K)->9649K(12288K)
[0.300s][info][gc,metaspace   ] GC(15) Metaspace: 6300K(6464K)->6300K(6464K) NonClass: 5766K(5824K)->5766K(5824K) Class: 533K(640K)->533K(640K)
[0.300s][info][gc             ] GC(15) Pause Young (Allocation Failure) 13M->11M(22M) 4.119ms
[0.300s][info][gc,cpu         ] GC(15) User=0.00s Sys=0.00s Real=0.00s
[0.309s][info][gc,start       ] GC(16) Pause Young (Allocation Failure)
[0.314s][info][gc,heap        ] GC(16) PSYoungGen: 8768K(10752K)->3680K(10752K) Eden: 6656K(6656K)->0K(6656K) From: 2112K(4096K)->3680K(4096K)
[0.314s][info][gc,heap        ] GC(16) ParOldGen: 9649K(12288K)->11753K(12288K)
[0.314s][info][gc,metaspace   ] GC(16) Metaspace: 6302K(6464K)->6302K(6464K) NonClass: 5768K(5824K)->5768K(5824K) Class: 533K(640K)->533K(640K)
[0.314s][info][gc             ] GC(16) Pause Young (Allocation Failure) 17M->15M(22M) 5.097ms
[0.314s][info][gc,cpu         ] GC(16) User=0.00s Sys=0.00s Real=0.01s
[0.314s][info][gc,start       ] GC(17) Pause Full (Ergonomics)
[0.314s][info][gc,phases,start] GC(17) Marking Phase
[0.322s][info][gc,phases      ] GC(17) Marking Phase 7.346ms
[0.322s][info][gc,phases,start] GC(17) Summary Phase
[0.322s][info][gc,phases      ] GC(17) Summary Phase 0.016ms
[0.322s][info][gc,phases,start] GC(17) Adjust Roots
[0.322s][info][gc,phases      ] GC(17) Adjust Roots 0.223ms
[0.322s][info][gc,phases,start] GC(17) Compaction Phase
[0.329s][info][gc,phases      ] GC(17) Compaction Phase 7.073ms
[0.329s][info][gc,phases,start] GC(17) Post Compact
[0.329s][info][gc,phases      ] GC(17) Post Compact 0.062ms
[0.329s][info][gc,heap        ] GC(17) PSYoungGen: 3680K(10752K)->3071K(10752K) Eden: 0K(6656K)->0K(6656K) From: 3680K(4096K)->3071K(4096K)
[0.329s][info][gc,heap        ] GC(17) ParOldGen: 11753K(12288K)->11991K(18944K)
[0.329s][info][gc,metaspace   ] GC(17) Metaspace: 6302K(6464K)->6302K(6464K) NonClass: 5768K(5824K)->5768K(5824K) Class: 533K(640K)->533K(640K)
[0.329s][info][gc             ] GC(17) Pause Full (Ergonomics) 15M->14M(29M) 15.031ms
[0.329s][info][gc,cpu         ] GC(17) User=0.00s Sys=0.00s Real=0.01s
[0.335s][info][gc,start       ] GC(18) Pause Young (Allocation Failure)
[0.341s][info][gc,heap        ] GC(18) PSYoungGen: 9727K(10752K)->3456K(12800K) Eden: 6656K(6656K)->0K(8704K) From: 3071K(4096K)->3456K(4096K)
[0.341s][info][gc,heap        ] GC(18) ParOldGen: 11991K(18944K)->15119K(18944K)
[0.341s][info][gc,metaspace   ] GC(18) Metaspace: 6302K(6464K)->6302K(6464K) NonClass: 5768K(5824K)->5768K(5824K) Class: 533K(640K)->533K(640K)
[0.341s][info][gc             ] GC(18) Pause Young (Allocation Failure) 21M->18M(31M) 6.207ms
[0.341s][info][gc,cpu         ] GC(18) User=0.00s Sys=0.00s Real=0.01s
[0.346s][info][gc,start       ] GC(19) Pause Young (Allocation Failure)
[0.352s][info][gc,heap        ] GC(19) PSYoungGen: 11705K(12800K)->4224K(13312K) Eden: 8249K(8704K)->0K(8704K) From: 3456K(4096K)->4224K(4608K)
[0.352s][info][gc,heap        ] GC(19) ParOldGen: 15119K(18944K)->18615K(18944K)
[0.352s][info][gc,metaspace   ] GC(19) Metaspace: 6302K(6464K)->6302K(6464K) NonClass: 5768K(5824K)->5768K(5824K) Class: 533K(640K)->533K(640K)
[0.352s][info][gc             ] GC(19) Pause Young (Allocation Failure) 26M->22M(31M) 6.325ms
[0.352s][info][gc,cpu         ] GC(19) User=0.00s Sys=0.00s Real=0.01s
[0.352s][info][gc,start       ] GC(20) Pause Full (Ergonomics)
[0.352s][info][gc,phases,start] GC(20) Marking Phase
[0.362s][info][gc,phases      ] GC(20) Marking Phase 9.754ms
[0.362s][info][gc,phases,start] GC(20) Summary Phase
[0.362s][info][gc,phases      ] GC(20) Summary Phase 0.016ms
[0.362s][info][gc,phases,start] GC(20) Adjust Roots
[0.362s][info][gc,phases      ] GC(20) Adjust Roots 0.151ms
[0.362s][info][gc,phases,start] GC(20) Compaction Phase
[0.370s][info][gc,phases      ] GC(20) Compaction Phase 7.304ms
[0.370s][info][gc,phases,start] GC(20) Post Compact
[0.370s][info][gc,phases      ] GC(20) Post Compact 0.087ms
[0.370s][info][gc,heap        ] GC(20) PSYoungGen: 4224K(13312K)->4182K(13312K) Eden: 0K(8704K)->0K(8704K) From: 4224K(4608K)->4182K(4608K)
[0.370s][info][gc,heap        ] GC(20) ParOldGen: 18615K(18944K)->18497K(28160K)
[0.370s][info][gc,metaspace   ] GC(20) Metaspace: 6302K(6464K)->6302K(6464K) NonClass: 5768K(5824K)->5768K(5824K) Class: 533K(640K)->533K(640K)
[0.370s][info][gc             ] GC(20) Pause Full (Ergonomics) 22M->22M(40M) 17.734ms
[0.370s][info][gc,cpu         ] GC(20) User=0.02s Sys=0.00s Real=0.02s
[0.378s][info][gc,start       ] GC(21) Pause Young (Allocation Failure)
[0.386s][info][gc,heap        ] GC(21) PSYoungGen: 12886K(13312K)->5056K(15872K) Eden: 8704K(8704K)->0K(10752K) From: 4182K(4608K)->5056K(5120K)
[0.387s][info][gc,heap        ] GC(21) ParOldGen: 18497K(28160K)->22761K(28160K)
[0.387s][info][gc,metaspace   ] GC(21) Metaspace: 6302K(6464K)->6302K(6464K) NonClass: 5768K(5824K)->5768K(5824K) Class: 533K(640K)->533K(640K)
[0.387s][info][gc             ] GC(21) Pause Young (Allocation Failure) 30M->27M(43M) 8.339ms
[0.387s][info][gc,cpu         ] GC(21) User=0.00s Sys=0.00s Real=0.01s
[0.393s][info][gc,start       ] GC(22) Pause Young (Allocation Failure)
[0.401s][info][gc,heap        ] GC(22) PSYoungGen: 15808K(15872K)->5600K(16896K) Eden: 10752K(10752K)->0K(10752K) From: 5056K(5120K)->5600K(6144K)
[0.401s][info][gc,heap        ] GC(22) ParOldGen: 22761K(28160K)->27825K(28160K)
[0.401s][info][gc,metaspace   ] GC(22) Metaspace: 6302K(6464K)->6302K(6464K) NonClass: 5768K(5824K)->5768K(5824K) Class: 533K(640K)->533K(640K)
[0.401s][info][gc             ] GC(22) Pause Young (Allocation Failure) 37M->32M(44M) 7.735ms
[0.401s][info][gc,cpu         ] GC(22) User=0.00s Sys=0.00s Real=0.01s
[0.401s][info][gc,start       ] GC(23) Pause Full (Ergonomics)
[0.401s][info][gc,phases,start] GC(23) Marking Phase
[0.414s][info][gc,phases      ] GC(23) Marking Phase 13.330ms
[0.414s][info][gc,phases,start] GC(23) Summary Phase
[0.414s][info][gc,phases      ] GC(23) Summary Phase 0.014ms
[0.414s][info][gc,phases,start] GC(23) Adjust Roots
[0.415s][info][gc,phases      ] GC(23) Adjust Roots 0.174ms
[0.415s][info][gc,phases,start] GC(23) Compaction Phase
[0.427s][info][gc,phases      ] GC(23) Compaction Phase 12.243ms
[0.427s][info][gc,phases,start] GC(23) Post Compact
[0.427s][info][gc,phases      ] GC(23) Post Compact 0.120ms
[0.427s][info][gc,heap        ] GC(23) PSYoungGen: 5600K(16896K)->5048K(16896K) Eden: 0K(10752K)->0K(10752K) From: 5600K(6144K)->5048K(6144K)
[0.427s][info][gc,heap        ] GC(23) ParOldGen: 27825K(28160K)->27669K(39936K)
[0.427s][info][gc,metaspace   ] GC(23) Metaspace: 6302K(6464K)->6302K(6464K) NonClass: 5768K(5824K)->5768K(5824K) Class: 533K(640K)->533K(640K)
[0.427s][info][gc             ] GC(23) Pause Full (Ergonomics) 32M->31M(55M) 26.181ms
[0.427s][info][gc,cpu         ] GC(23) User=0.03s Sys=0.00s Real=0.03s
[0.436s][info][gc,start       ] GC(24) Pause Young (Allocation Failure)
[0.449s][info][gc,heap        ] GC(24) PSYoungGen: 15800K(16896K)->7168K(16896K) Eden: 10752K(10752K)->0K(9728K) From: 5048K(6144K)->7168K(7168K)
[0.449s][info][gc,heap        ] GC(24) ParOldGen: 27669K(39936K)->34381K(39936K)
[0.449s][info][gc,metaspace   ] GC(24) Metaspace: 6302K(6464K)->6302K(6464K) NonClass: 5768K(5824K)->5768K(5824K) Class: 533K(640K)->533K(640K)
[0.449s][info][gc             ] GC(24) Pause Young (Allocation Failure) 42M->40M(55M) 12.965ms
[0.449s][info][gc,cpu         ] GC(24) User=0.00s Sys=0.00s Real=0.01s
[0.449s][info][gc,start       ] GC(25) Pause Full (Ergonomics)
[0.449s][info][gc,phases,start] GC(25) Marking Phase
[0.466s][info][gc,phases      ] GC(25) Marking Phase 16.758ms
[0.466s][info][gc,phases,start] GC(25) Summary Phase
[0.466s][info][gc,phases      ] GC(25) Summary Phase 0.014ms
[0.466s][info][gc,phases,start] GC(25) Adjust Roots
[0.466s][info][gc,phases      ] GC(25) Adjust Roots 0.176ms
[0.466s][info][gc,phases,start] GC(25) Compaction Phase
[0.477s][info][gc,phases      ] GC(25) Compaction Phase 10.588ms
[0.477s][info][gc,phases,start] GC(25) Post Compact
[0.477s][info][gc,phases      ] GC(25) Post Compact 0.241ms
[0.477s][info][gc,heap        ] GC(25) PSYoungGen: 7168K(16896K)->1533K(16896K) Eden: 0K(9728K)->0K(9728K) From: 7168K(7168K)->1533K(7168K)
[0.477s][info][gc,heap        ] GC(25) ParOldGen: 34381K(39936K)->39893K(54784K)
[0.477s][info][gc,metaspace   ] GC(25) Metaspace: 6302K(6464K)->6302K(6464K) NonClass: 5768K(5824K)->5768K(5824K) Class: 533K(640K)->533K(640K)
[0.477s][info][gc             ] GC(25) Pause Full (Ergonomics) 40M->40M(70M) 28.158ms
[0.477s][info][gc,cpu         ] GC(25) User=0.03s Sys=0.00s Real=0.03s
[0.492s][info][gc,start       ] GC(26) Pause Young (Allocation Failure)
[0.502s][info][gc,heap        ] GC(26) PSYoungGen: 11261K(16896K)->9760K(20480K) Eden: 9728K(9728K)->0K(9728K) From: 1533K(7168K)->9760K(10752K)
[0.502s][info][gc,heap        ] GC(26) ParOldGen: 39893K(54784K)->41453K(54784K)
[0.502s][info][gc,metaspace   ] GC(26) Metaspace: 6302K(6464K)->6302K(6464K) NonClass: 5768K(5824K)->5768K(5824K) Class: 533K(640K)->533K(640K)
[0.502s][info][gc             ] GC(26) Pause Young (Allocation Failure) 49M->50M(73M) 10.009ms
[0.502s][info][gc,cpu         ] GC(26) User=0.02s Sys=0.00s Real=0.01s
[0.511s][info][gc,start       ] GC(27) Pause Young (Allocation Failure)
[0.525s][info][gc,heap        ] GC(27) PSYoungGen: 19488K(20480K)->12256K(19456K) Eden: 9728K(9728K)->0K(7168K) From: 9760K(10752K)->12256K(12288K)
[0.525s][info][gc,heap        ] GC(27) ParOldGen: 41453K(54784K)->48741K(54784K)
[0.525s][info][gc,metaspace   ] GC(27) Metaspace: 6302K(6464K)->6302K(6464K) NonClass: 5768K(5824K)->5768K(5824K) Class: 533K(640K)->533K(640K)
[0.525s][info][gc             ] GC(27) Pause Young (Allocation Failure) 59M->59M(72M) 13.314ms
[0.525s][info][gc,cpu         ] GC(27) User=0.02s Sys=0.00s Real=0.01s
[0.525s][info][gc,start       ] GC(28) Pause Full (Ergonomics)
[0.525s][info][gc,phases,start] GC(28) Marking Phase
[0.549s][info][gc,phases      ] GC(28) Marking Phase 23.679ms
[0.549s][info][gc,phases,start] GC(28) Summary Phase
[0.549s][info][gc,phases      ] GC(28) Summary Phase 0.021ms
[0.549s][info][gc,phases,start] GC(28) Adjust Roots
[0.549s][info][gc,phases      ] GC(28) Adjust Roots 0.154ms
[0.549s][info][gc,phases,start] GC(28) Compaction Phase
[0.567s][info][gc,phases      ] GC(28) Compaction Phase 18.210ms
[0.567s][info][gc,phases,start] GC(28) Post Compact
[0.567s][info][gc,phases      ] GC(28) Post Compact 0.195ms
[0.567s][info][gc,heap        ] GC(28) PSYoungGen: 12256K(19456K)->5078K(19456K) Eden: 0K(7168K)->0K(7168K) From: 12256K(12288K)->5078K(12288K)
[0.567s][info][gc,heap        ] GC(28) ParOldGen: 48741K(54784K)->54724K(72192K)
[0.567s][info][gc,metaspace   ] GC(28) Metaspace: 6302K(6464K)->6302K(6464K) NonClass: 5768K(5824K)->5768K(5824K) Class: 533K(640K)->533K(640K)
[0.567s][info][gc             ] GC(28) Pause Full (Ergonomics) 59M->58M(89M) 42.608ms
[0.567s][info][gc,cpu         ] GC(28) User=0.05s Sys=0.00s Real=0.04s
[0.575s][info][gc,start       ] GC(29) Pause Young (Allocation Failure)
[0.586s][info][gc,heap        ] GC(29) PSYoungGen: 12246K(19456K)->7168K(24064K) Eden: 7168K(7168K)->0K(7168K) From: 5078K(12288K)->7168K(16896K)
[0.586s][info][gc,heap        ] GC(29) ParOldGen: 54724K(72192K)->59892K(72192K)
[0.586s][info][gc,metaspace   ] GC(29) Metaspace: 6302K(6464K)->6302K(6464K) NonClass: 5768K(5824K)->5768K(5824K) Class: 533K(640K)->533K(640K)
[0.586s][info][gc             ] GC(29) Pause Young (Allocation Failure) 65M->65M(94M) 11.795ms
[0.587s][info][gc,cpu         ] GC(29) User=0.00s Sys=0.00s Real=0.01s
[0.593s][info][gc,start       ] GC(30) Pause Young (Allocation Failure)
[0.603s][info][gc,heap        ] GC(30) PSYoungGen: 14336K(24064K)->14336K(23040K) Eden: 7168K(7168K)->0K(6656K) From: 7168K(16896K)->14336K(16384K)
[0.603s][info][gc,heap        ] GC(30) ParOldGen: 59892K(72192K)->59892K(72192K)
[0.603s][info][gc,metaspace   ] GC(30) Metaspace: 6302K(6464K)->6302K(6464K) NonClass: 5768K(5824K)->5768K(5824K) Class: 533K(640K)->533K(640K)
[0.603s][info][gc             ] GC(30) Pause Young (Allocation Failure) 72M->72M(93M) 9.943ms
[0.603s][info][gc,cpu         ] GC(30) User=0.02s Sys=0.00s Real=0.01s
[0.610s][info][gc,start       ] GC(31) Pause Young (Allocation Failure)
[0.625s][info][gc,heap        ] GC(31) PSYoungGen: 20992K(23040K)->13824K(25088K) Eden: 6656K(6656K)->0K(6656K) From: 14336K(16384K)->13824K(18432K)
[0.625s][info][gc,heap        ] GC(31) ParOldGen: 59892K(72192K)->67140K(72192K)
[0.625s][info][gc,metaspace   ] GC(31) Metaspace: 6302K(6464K)->6302K(6464K) NonClass: 5768K(5824K)->5768K(5824K) Class: 533K(640K)->533K(640K)
[0.625s][info][gc             ] GC(31) Pause Young (Allocation Failure) 78M->79M(95M) 14.692ms
[0.625s][info][gc,cpu         ] GC(31) User=0.02s Sys=0.00s Real=0.01s
[0.625s][info][gc,start       ] GC(32) Pause Full (Ergonomics)
[0.625s][info][gc,phases,start] GC(32) Marking Phase
[0.657s][info][gc,phases      ] GC(32) Marking Phase 31.804ms
[0.657s][info][gc,phases,start] GC(32) Summary Phase
[0.657s][info][gc,phases      ] GC(32) Summary Phase 0.020ms
[0.657s][info][gc,phases,start] GC(32) Adjust Roots
[0.657s][info][gc,phases      ] GC(32) Adjust Roots 0.169ms
[0.657s][info][gc,phases,start] GC(32) Compaction Phase
[0.677s][info][gc,phases      ] GC(32) Compaction Phase 19.724ms
[0.677s][info][gc,phases,start] GC(32) Post Compact
[0.677s][info][gc,phases      ] GC(32) Post Compact 0.415ms
[0.677s][info][gc,heap        ] GC(32) PSYoungGen: 13824K(25088K)->8650K(25088K) Eden: 0K(6656K)->0K(6656K) From: 13824K(18432K)->8650K(18432K)
[0.677s][info][gc,heap        ] GC(32) ParOldGen: 67140K(72192K)->72046K(92160K)
[0.677s][info][gc,metaspace   ] GC(32) Metaspace: 6302K(6464K)->6302K(6464K) NonClass: 5768K(5824K)->5768K(5824K) Class: 533K(640K)->533K(640K)
[0.677s][info][gc             ] GC(32) Pause Full (Ergonomics) 79M->78M(114M) 52.572ms
[0.677s][info][gc,cpu         ] GC(32) User=0.06s Sys=0.00s Real=0.05s
[0.684s][info][gc,start       ] GC(33) Pause Young (Allocation Failure)
[0.699s][info][gc,heap        ] GC(33) PSYoungGen: 15306K(25088K)->10784K(27648K) Eden: 6656K(6656K)->0K(8192K) From: 8650K(18432K)->10784K(19456K)
[0.699s][info][gc,heap        ] GC(33) ParOldGen: 72046K(92160K)->76686K(92160K)
[0.699s][info][gc,metaspace   ] GC(33) Metaspace: 6302K(6464K)->6302K(6464K) NonClass: 5768K(5824K)->5768K(5824K) Class: 533K(640K)->533K(640K)
[0.699s][info][gc             ] GC(33) Pause Young (Allocation Failure) 85M->85M(117M) 14.652ms
[0.699s][info][gc,cpu         ] GC(33) User=0.02s Sys=0.00s Real=0.01s
[0.713s][info][gc,start       ] GC(34) Pause Young (Allocation Failure)
[0.726s][info][gc,heap        ] GC(34) PSYoungGen: 18976K(27648K)->18944K(28160K) Eden: 8192K(8192K)->0K(8192K) From: 10784K(19456K)->18944K(19968K)
[0.726s][info][gc,heap        ] GC(34) ParOldGen: 76686K(92160K)->76686K(92160K)
[0.726s][info][gc,metaspace   ] GC(34) Metaspace: 6302K(6464K)->6302K(6464K) NonClass: 5768K(5824K)->5768K(5824K) Class: 533K(640K)->533K(640K)
[0.726s][info][gc             ] GC(34) Pause Young (Allocation Failure) 93M->93M(117M) 13.026ms
[0.726s][info][gc,cpu         ] GC(34) User=0.02s Sys=0.00s Real=0.01s
[0.735s][info][gc,start       ] GC(35) Pause Young (Allocation Failure)
[0.751s][info][gc,heap        ] GC(35) PSYoungGen: 27136K(28160K)->22496K(26624K) Eden: 8192K(8192K)->0K(4096K) From: 18944K(19968K)->22496K(22528K)
[0.751s][info][gc,heap        ] GC(35) ParOldGen: 76686K(92160K)->81358K(92160K)
[0.751s][info][gc,metaspace   ] GC(35) Metaspace: 6302K(6464K)->6302K(6464K) NonClass: 5768K(5824K)->5768K(5824K) Class: 533K(640K)->533K(640K)
[0.751s][info][gc             ] GC(35) Pause Young (Allocation Failure) 101M->101M(116M) 15.915ms
[0.751s][info][gc,cpu         ] GC(35) User=0.02s Sys=0.00s Real=0.02s
[0.756s][info][gc,start       ] GC(36) Pause Young (Allocation Failure)
[0.770s][info][gc,heap        ] GC(36) PSYoungGen: 26592K(26624K)->11968K(16384K) Eden: 4096K(4096K)->0K(4096K) From: 22496K(22528K)->11968K(12288K)
[0.770s][info][gc,heap        ] GC(36) ParOldGen: 81358K(92160K)->96158K(96256K)
[0.770s][info][gc,metaspace   ] GC(36) Metaspace: 6302K(6464K)->6302K(6464K) NonClass: 5768K(5824K)->5768K(5824K) Class: 533K(640K)->533K(640K)
[0.770s][info][gc             ] GC(36) Pause Young (Allocation Failure) 105M->105M(110M) 14.032ms
[0.770s][info][gc,cpu         ] GC(36) User=0.02s Sys=0.00s Real=0.01s
[0.770s][info][gc,start       ] GC(37) Pause Full (Ergonomics)
[0.770s][info][gc,phases,start] GC(37) Marking Phase
[0.810s][info][gc,phases      ] GC(37) Marking Phase 40.146ms
[0.810s][info][gc,phases,start] GC(37) Summary Phase
[0.810s][info][gc,phases      ] GC(37) Summary Phase 0.016ms
[0.810s][info][gc,phases,start] GC(37) Adjust Roots
[0.811s][info][gc,phases      ] GC(37) Adjust Roots 0.239ms
[0.811s][info][gc,phases,start] GC(37) Compaction Phase
[0.841s][info][gc,phases      ] GC(37) Compaction Phase 30.275ms
[0.841s][info][gc,phases,start] GC(37) Post Compact
[0.841s][info][gc,phases      ] GC(37) Post Compact 0.337ms
[0.841s][info][gc,heap        ] GC(37) PSYoungGen: 11968K(16384K)->9859K(16384K) Eden: 0K(4096K)->0K(4096K) From: 11968K(12288K)->9859K(12288K)
[0.841s][info][gc,heap        ] GC(37) ParOldGen: 96158K(96256K)->95814K(120832K)
[0.841s][info][gc,metaspace   ] GC(37) Metaspace: 6302K(6464K)->6302K(6464K) NonClass: 5768K(5824K)->5768K(5824K) Class: 533K(640K)->533K(640K)
[0.841s][info][gc             ] GC(37) Pause Full (Ergonomics) 105M->103M(134M) 71.380ms
[0.841s][info][gc,cpu         ] GC(37) User=0.09s Sys=0.00s Real=0.07s
[0.846s][info][gc,start       ] GC(38) Pause Young (Allocation Failure)
[0.862s][info][gc,heap        ] GC(38) PSYoungGen: 13955K(16384K)->4128K(30720K) Eden: 4096K(4096K)->0K(5120K) From: 9859K(12288K)->4128K(25600K)
[0.862s][info][gc,heap        ] GC(38) ParOldGen: 95814K(120832K)->105838K(120832K)
[0.862s][info][gc,metaspace   ] GC(38) Metaspace: 6302K(6464K)->6302K(6464K) NonClass: 5768K(5824K)->5768K(5824K) Class: 533K(640K)->533K(640K)
[0.862s][info][gc             ] GC(38) Pause Young (Allocation Failure) 107M->107M(148M) 15.791ms
[0.862s][info][gc,cpu         ] GC(38) User=0.02s Sys=0.00s Real=0.02s
[0.867s][info][gc,start       ] GC(39) Pause Young (Allocation Failure)
[0.874s][info][gc,heap        ] GC(39) PSYoungGen: 9248K(30720K)->5152K(31232K) Eden: 5120K(5120K)->0K(5120K) From: 4128K(25600K)->5152K(26112K)
[0.874s][info][gc,heap        ] GC(39) ParOldGen: 105838K(120832K)->109974K(120832K)
[0.874s][info][gc,metaspace   ] GC(39) Metaspace: 6302K(6464K)->6302K(6464K) NonClass: 5768K(5824K)->5768K(5824K) Class: 533K(640K)->533K(640K)
[0.874s][info][gc             ] GC(39) Pause Young (Allocation Failure) 112M->112M(148M) 7.190ms
[0.874s][info][gc,cpu         ] GC(39) User=0.02s Sys=0.00s Real=0.01s
[0.874s][info][gc,start       ] GC(40) Pause Full (Ergonomics)
[0.874s][info][gc,phases,start] GC(40) Marking Phase
[0.906s][info][gc,phases      ] GC(40) Marking Phase 31.998ms
[0.906s][info][gc,phases,start] GC(40) Summary Phase
[0.906s][info][gc,phases      ] GC(40) Summary Phase 0.017ms
[0.906s][info][gc,phases,start] GC(40) Adjust Roots
[0.906s][info][gc,phases      ] GC(40) Adjust Roots 0.147ms
[0.906s][info][gc,phases,start] GC(40) Compaction Phase
[0.922s][info][gc,phases      ] GC(40) Compaction Phase 15.257ms
[0.922s][info][gc,phases,start] GC(40) Post Compact
[0.923s][info][gc,phases      ] GC(40) Post Compact 0.715ms
[0.923s][info][gc,heap        ] GC(40) PSYoungGen: 5152K(31232K)->0K(31744K) Eden: 0K(5120K)->0K(6144K) From: 5152K(26112K)->0K(25600K)
[0.923s][info][gc,heap        ] GC(40) ParOldGen: 109974K(120832K)->114826K(142336K)
[0.923s][info][gc,metaspace   ] GC(40) Metaspace: 6302K(6464K)->6302K(6464K) NonClass: 5768K(5824K)->5768K(5824K) Class: 533K(640K)->533K(640K)
[0.923s][info][gc             ] GC(40) Pause Full (Ergonomics) 112M->112M(170M) 48.568ms
[0.923s][info][gc,cpu         ] GC(40) User=0.05s Sys=0.00s Real=0.05s
[0.929s][info][gc,start       ] GC(41) Pause Young (Allocation Failure)
[0.933s][info][gc,heap        ] GC(41) PSYoungGen: 6144K(31744K)->6176K(31744K) Eden: 6144K(6144K)->0K(6144K) From: 0K(25600K)->6176K(25600K)
[0.933s][info][gc,heap        ] GC(41) ParOldGen: 114826K(142336K)->114826K(142336K)
[0.933s][info][gc,metaspace   ] GC(41) Metaspace: 6302K(6464K)->6302K(6464K) NonClass: 5768K(5824K)->5768K(5824K) Class: 533K(640K)->533K(640K)
[0.933s][info][gc             ] GC(41) Pause Young (Allocation Failure) 118M->118M(170M) 4.326ms
[0.933s][info][gc,cpu         ] GC(41) User=0.00s Sys=0.00s Real=0.00s
[0.939s][info][gc,start       ] GC(42) Pause Young (Allocation Failure)
[0.945s][info][gc,heap        ] GC(42) PSYoungGen: 12320K(31744K)->12288K(30720K) Eden: 6144K(6144K)->0K(7168K) From: 6176K(25600K)->12288K(23552K)
[0.945s][info][gc,heap        ] GC(42) ParOldGen: 114826K(142336K)->114826K(142336K)
[0.945s][info][gc,metaspace   ] GC(42) Metaspace: 6302K(6464K)->6302K(6464K) NonClass: 5768K(5824K)->5768K(5824K) Class: 533K(640K)->533K(640K)
[0.945s][info][gc             ] GC(42) Pause Young (Allocation Failure) 124M->124M(169M) 6.323ms
[0.945s][info][gc,cpu         ] GC(42) User=0.00s Sys=0.00s Real=0.01s
[0.952s][info][gc,start       ] GC(43) Pause Young (Allocation Failure)
[0.961s][info][gc,heap        ] GC(43) PSYoungGen: 19456K(30720K)->19456K(31232K) Eden: 7168K(7168K)->0K(7168K) From: 12288K(23552K)->19456K(24064K)
[0.961s][info][gc,heap        ] GC(43) ParOldGen: 114826K(142336K)->114826K(142336K)
[0.961s][info][gc,metaspace   ] GC(43) Metaspace: 6302K(6464K)->6302K(6464K) NonClass: 5768K(5824K)->5768K(5824K) Class: 533K(640K)->533K(640K)
[0.961s][info][gc             ] GC(43) Pause Young (Allocation Failure) 131M->131M(169M) 9.117ms
[0.961s][info][gc,cpu         ] GC(43) User=0.02s Sys=0.00s Real=0.01s
[0.968s][info][gc,start       ] GC(44) Pause Young (Allocation Failure)
[0.980s][info][gc,heap        ] GC(44) PSYoungGen: 26624K(31232K)->20512K(33280K) Eden: 7168K(7168K)->0K(6656K) From: 19456K(24064K)->20512K(26624K)
[0.980s][info][gc,heap        ] GC(44) ParOldGen: 114826K(142336K)->121042K(142336K)
[0.980s][info][gc,metaspace   ] GC(44) Metaspace: 6302K(6464K)->6302K(6464K) NonClass: 5768K(5824K)->5768K(5824K) Class: 533K(640K)->533K(640K)
[0.980s][info][gc             ] GC(44) Pause Young (Allocation Failure) 138M->138M(171M) 12.228ms
[0.980s][info][gc,cpu         ] GC(44) User=0.00s Sys=0.00s Real=0.01s
[0.987s][info][gc,start       ] GC(45) Pause Young (Allocation Failure)
[1.001s][info][gc,heap        ] GC(45) PSYoungGen: 27168K(33280K)->21024K(35328K) Eden: 6656K(6656K)->0K(6656K) From: 20512K(26624K)->21024K(28672K)
[1.001s][info][gc,heap        ] GC(45) ParOldGen: 121042K(142336K)->127258K(142336K)
[1.001s][info][gc,metaspace   ] GC(45) Metaspace: 6302K(6464K)->6302K(6464K) NonClass: 5768K(5824K)->5768K(5824K) Class: 533K(640K)->533K(640K)
[1.001s][info][gc             ] GC(45) Pause Young (Allocation Failure) 144M->144M(173M) 13.941ms
[1.001s][info][gc,cpu         ] GC(45) User=0.02s Sys=0.00s Real=0.01s
[1.007s][info][gc,start       ] GC(46) Pause Young (Allocation Failure)
[1.023s][info][gc,heap        ] GC(46) PSYoungGen: 27680K(35328K)->13376K(35328K) Eden: 6656K(6656K)->0K(8192K) From: 21024K(28672K)->13376K(27136K)
[1.023s][info][gc,heap        ] GC(46) ParOldGen: 127258K(142336K)->141770K(142336K)
[1.023s][info][gc,metaspace   ] GC(46) Metaspace: 6302K(6464K)->6302K(6464K) NonClass: 5768K(5824K)->5768K(5824K) Class: 533K(640K)->533K(640K)
[1.023s][info][gc             ] GC(46) Pause Young (Allocation Failure) 151M->151M(173M) 16.118ms
[1.023s][info][gc,cpu         ] GC(46) User=0.00s Sys=0.02s Real=0.02s
[1.023s][info][gc,start       ] GC(47) Pause Full (Ergonomics)
[1.023s][info][gc,phases,start] GC(47) Marking Phase
[1.074s][info][gc,phases      ] GC(47) Marking Phase 50.869ms
[1.074s][info][gc,phases,start] GC(47) Summary Phase
[1.074s][info][gc,phases      ] GC(47) Summary Phase 0.018ms
[1.074s][info][gc,phases,start] GC(47) Adjust Roots
[1.075s][info][gc,phases      ] GC(47) Adjust Roots 0.200ms
[1.075s][info][gc,phases,start] GC(47) Compaction Phase
[1.101s][info][gc,phases      ] GC(47) Compaction Phase 26.063ms
[1.101s][info][gc,phases,start] GC(47) Post Compact
[1.102s][info][gc,phases      ] GC(47) Post Compact 1.125ms
[1.102s][info][gc,heap        ] GC(47) PSYoungGen: 13376K(35328K)->12742K(36864K) Eden: 0K(8192K)->0K(9728K) From: 13376K(27136K)->12742K(27136K)
[1.102s][info][gc,heap        ] GC(47) ParOldGen: 141770K(142336K)->141834K(173056K)
[1.102s][info][gc,metaspace   ] GC(47) Metaspace: 6302K(6464K)->6302K(6464K) NonClass: 5768K(5824K)->5768K(5824K) Class: 533K(640K)->533K(640K)
[1.102s][info][gc             ] GC(47) Pause Full (Ergonomics) 151M->150M(205M) 78.864ms
[1.102s][info][gc,cpu         ] GC(47) User=0.27s Sys=0.00s Real=0.08s
[1.112s][info][gc,start       ] GC(48) Pause Young (Allocation Failure)
[1.133s][info][gc,heap        ] GC(48) PSYoungGen: 22470K(36864K)->9760K(38400K) Eden: 9728K(9728K)->0K(9728K) From: 12742K(27136K)->9760K(28672K)
[1.133s][info][gc,heap        ] GC(48) ParOldGen: 141834K(173056K)->154786K(173056K)
[1.133s][info][gc,metaspace   ] GC(48) Metaspace: 6302K(6464K)->6302K(6464K) NonClass: 5768K(5824K)->5768K(5824K) Class: 533K(640K)->533K(640K)
[1.133s][info][gc             ] GC(48) Pause Young (Allocation Failure) 160M->160M(206M) 21.324ms
[1.133s][info][gc,cpu         ] GC(48) User=0.02s Sys=0.03s Real=0.02s
[1.143s][info][gc,start       ] GC(49) Pause Young (Allocation Failure)
[1.154s][info][gc,heap        ] GC(49) PSYoungGen: 19488K(38400K)->9792K(36864K) Eden: 9728K(9728K)->0K(11264K) From: 9760K(28672K)->9792K(25600K)
[1.154s][info][gc,heap        ] GC(49) ParOldGen: 154786K(173056K)->164650K(173056K)
[1.154s][info][gc,metaspace   ] GC(49) Metaspace: 6302K(6464K)->6302K(6464K) NonClass: 5768K(5824K)->5768K(5824K) Class: 533K(640K)->533K(640K)
[1.155s][info][gc             ] GC(49) Pause Young (Allocation Failure) 170M->170M(205M) 11.459ms
[1.155s][info][gc,cpu         ] GC(49) User=0.00s Sys=0.00s Real=0.01s
[1.155s][info][gc,start       ] GC(50) Pause Full (Ergonomics)
[1.155s][info][gc,phases,start] GC(50) Marking Phase
[1.197s][info][gc,phases      ] GC(50) Marking Phase 42.600ms
[1.197s][info][gc,phases,start] GC(50) Summary Phase
[1.197s][info][gc,phases      ] GC(50) Summary Phase 0.017ms
[1.197s][info][gc,phases,start] GC(50) Adjust Roots
[1.197s][info][gc,phases      ] GC(50) Adjust Roots 0.147ms
[1.197s][info][gc,phases,start] GC(50) Compaction Phase
[1.219s][info][gc,phases      ] GC(50) Compaction Phase 21.171ms
[1.219s][info][gc,phases,start] GC(50) Post Compact
[1.220s][info][gc,phases      ] GC(50) Post Compact 0.868ms
[1.220s][info][gc,heap        ] GC(50) PSYoungGen: 9792K(36864K)->1011K(37888K) Eden: 0K(11264K)->0K(12288K) From: 9792K(25600K)->1011K(25600K)
[1.220s][info][gc,heap        ] GC(50) ParOldGen: 164650K(173056K)->172957K(208384K)
[1.220s][info][gc,metaspace   ] GC(50) Metaspace: 6302K(6464K)->6302K(6464K) NonClass: 5768K(5824K)->5768K(5824K) Class: 533K(640K)->533K(640K)
[1.220s][info][gc             ] GC(50) Pause Full (Ergonomics) 170M->169M(240M) 65.332ms
[1.220s][info][gc,cpu         ] GC(50) User=0.25s Sys=0.02s Real=0.07s
[1.248s][info][gc,start       ] GC(51) Pause Young (Allocation Failure)
[1.264s][info][gc,heap        ] GC(51) PSYoungGen: 13299K(37888K)->12384K(38912K) Eden: 12288K(12288K)->0K(12288K) From: 1011K(25600K)->12384K(26624K)
[1.264s][info][gc,heap        ] GC(51) ParOldGen: 172957K(208384K)->174005K(208384K)
[1.264s][info][gc,metaspace   ] GC(51) Metaspace: 6302K(6464K)->6302K(6464K) NonClass: 5768K(5824K)->5768K(5824K) Class: 533K(640K)->533K(640K)
[1.264s][info][gc             ] GC(51) Pause Young (Allocation Failure) 181M->182M(241M) 15.931ms
[1.264s][info][gc,cpu         ] GC(51) User=0.02s Sys=0.00s Real=0.02s
[1.276s][info][gc,start       ] GC(52) Pause Young (Allocation Failure)
[1.290s][info][gc,heap        ] GC(52) PSYoungGen: 24672K(38912K)->24640K(36352K) Eden: 12288K(12288K)->0K(10752K) From: 12384K(26624K)->24640K(25600K)
[1.290s][info][gc,heap        ] GC(52) ParOldGen: 174005K(208384K)->174005K(208384K)
[1.290s][info][gc,metaspace   ] GC(52) Metaspace: 6302K(6464K)->6302K(6464K) NonClass: 5768K(5824K)->5768K(5824K) Class: 533K(640K)->533K(640K)
[1.290s][info][gc             ] GC(52) Pause Young (Allocation Failure) 194M->193M(239M) 14.501ms
[1.290s][info][gc,cpu         ] GC(52) User=0.02s Sys=0.00s Real=0.01s
[1.300s][info][gc,start       ] GC(53) Pause Young (Allocation Failure)
[1.318s][info][gc,heap        ] GC(53) PSYoungGen: 35392K(36352K)->28640K(39424K) Eden: 10752K(10752K)->0K(10752K) From: 24640K(25600K)->28640K(28672K)
[1.318s][info][gc,heap        ] GC(53) ParOldGen: 174005K(208384K)->180773K(208384K)
[1.318s][info][gc,metaspace   ] GC(53) Metaspace: 6302K(6464K)->6302K(6464K) NonClass: 5768K(5824K)->5768K(5824K) Class: 533K(640K)->533K(640K)
[1.318s][info][gc             ] GC(53) Pause Young (Allocation Failure) 204M->204M(242M) 17.603ms
[1.318s][info][gc,cpu         ] GC(53) User=0.00s Sys=0.00s Real=0.02s
[1.329s][info][gc,start       ] GC(54) Pause Young (Allocation Failure)
[1.351s][info][gc,heap        ] GC(54) PSYoungGen: 39392K(39424K)->19712K(46592K) Eden: 10752K(10752K)->0K(12288K) From: 28640K(28672K)->19712K(34304K)
[1.351s][info][gc,heap        ] GC(54) ParOldGen: 180773K(208384K)->200677K(208384K)
[1.351s][info][gc,metaspace   ] GC(54) Metaspace: 6302K(6464K)->6302K(6464K) NonClass: 5768K(5824K)->5768K(5824K) Class: 533K(640K)->533K(640K)
[1.351s][info][gc             ] GC(54) Pause Young (Allocation Failure) 215M->215M(249M) 21.615ms
[1.351s][info][gc,cpu         ] GC(54) User=0.02s Sys=0.00s Real=0.02s
[1.351s][info][gc,start       ] GC(55) Pause Full (Ergonomics)
[1.351s][info][gc,phases,start] GC(55) Marking Phase
[1.404s][info][gc,phases      ] GC(55) Marking Phase 53.476ms
[1.404s][info][gc,phases,start] GC(55) Summary Phase
[1.404s][info][gc,phases      ] GC(55) Summary Phase 0.018ms
[1.404s][info][gc,phases,start] GC(55) Adjust Roots
[1.404s][info][gc,phases      ] GC(55) Adjust Roots 0.149ms
[1.404s][info][gc,phases,start] GC(55) Compaction Phase
[1.443s][info][gc,phases      ] GC(55) Compaction Phase 38.632ms
[1.443s][info][gc,phases,start] GC(55) Post Compact
[1.444s][info][gc,phases      ] GC(55) Post Compact 1.009ms
[1.444s][info][gc,heap        ] GC(55) PSYoungGen: 19712K(46592K)->7863K(47104K) Eden: 0K(12288K)->0K(12800K) From: 19712K(34304K)->7863K(34304K)
[1.444s][info][gc,heap        ] GC(55) ParOldGen: 200677K(208384K)->207978K(248320K)
[1.444s][info][gc,metaspace   ] GC(55) Metaspace: 6302K(6464K)->6302K(6464K) NonClass: 5768K(5824K)->5768K(5824K) Class: 533K(640K)->533K(640K)
[1.445s][info][gc             ] GC(55) Pause Full (Ergonomics) 215M->210M(288M) 93.782ms
[1.445s][info][gc,cpu         ] GC(55) User=0.30s Sys=0.00s Real=0.09s
[1.459s][info][gc,start       ] GC(56) Pause Young (Allocation Failure)
[1.478s][info][gc,heap        ] GC(56) PSYoungGen: 20663K(47104K)->17376K(47616K) Eden: 12800K(12800K)->0K(12800K) From: 7863K(34304K)->17376K(34816K)
[1.478s][info][gc,heap        ] GC(56) ParOldGen: 207978K(248320K)->211474K(248320K)
[1.478s][info][gc,metaspace   ] GC(56) Metaspace: 6302K(6464K)->6302K(6464K) NonClass: 5768K(5824K)->5768K(5824K) Class: 533K(640K)->533K(640K)
[1.478s][info][gc             ] GC(56) Pause Young (Allocation Failure) 223M->223M(289M) 18.833ms
[1.478s][info][gc,cpu         ] GC(56) User=0.06s Sys=0.00s Real=0.02s
[1.492s][info][gc,start       ] GC(57) Pause Young (Allocation Failure)
[1.507s][info][gc,heap        ] GC(57) PSYoungGen: 30176K(47616K)->25696K(46592K) Eden: 12800K(12800K)->0K(12800K) From: 17376K(34816K)->25696K(33792K)
[1.507s][info][gc,heap        ] GC(57) ParOldGen: 211474K(248320K)->216002K(248320K)
[1.507s][info][gc,metaspace   ] GC(57) Metaspace: 6302K(6464K)->6302K(6464K) NonClass: 5768K(5824K)->5768K(5824K) Class: 533K(640K)->533K(640K)
[1.507s][info][gc             ] GC(57) Pause Young (Allocation Failure) 235M->236M(288M) 15.102ms
[1.507s][info][gc,cpu         ] GC(57) User=0.02s Sys=0.00s Real=0.02s
[1.521s][info][gc,start       ] GC(58) Pause Young (Allocation Failure)
[1.541s][info][gc,heap        ] GC(58) PSYoungGen: 38496K(46592K)->25696K(48128K) Eden: 12800K(12800K)->0K(12800K) From: 25696K(33792K)->25696K(35328K)
[1.541s][info][gc,heap        ] GC(58) ParOldGen: 216002K(248320K)->228978K(248320K)
[1.541s][info][gc,metaspace   ] GC(58) Metaspace: 6302K(6464K)->6302K(6464K) NonClass: 5768K(5824K)->5768K(5824K) Class: 533K(640K)->533K(640K)
[1.541s][info][gc             ] GC(58) Pause Young (Allocation Failure) 248M->248M(289M) 20.434ms
[1.541s][info][gc,cpu         ] GC(58) User=0.05s Sys=0.00s Real=0.02s
[1.541s][info][gc,start       ] GC(59) Pause Full (Ergonomics)
[1.541s][info][gc,phases,start] GC(59) Marking Phase
[1.616s][info][gc,phases      ] GC(59) Marking Phase 75.197ms
[1.616s][info][gc,phases,start] GC(59) Summary Phase
[1.616s][info][gc,phases      ] GC(59) Summary Phase 0.026ms
[1.616s][info][gc,phases,start] GC(59) Adjust Roots
[1.617s][info][gc,phases      ] GC(59) Adjust Roots 0.183ms
[1.617s][info][gc,phases,start] GC(59) Compaction Phase
[1.649s][info][gc,phases      ] GC(59) Compaction Phase 32.685ms
[1.649s][info][gc,phases,start] GC(59) Post Compact
[1.650s][info][gc,phases      ] GC(59) Post Compact 1.148ms
[1.651s][info][gc,heap        ] GC(59) PSYoungGen: 25696K(48128K)->6120K(48128K) Eden: 0K(12800K)->0K(12800K) From: 25696K(35328K)->6120K(35328K)
[1.651s][info][gc,heap        ] GC(59) ParOldGen: 228978K(248320K)->248028K(290304K)
[1.651s][info][gc,metaspace   ] GC(59) Metaspace: 6302K(6464K)->6302K(6464K) NonClass: 5768K(5824K)->5768K(5824K) Class: 533K(640K)->533K(640K)
[1.651s][info][gc             ] GC(59) Pause Full (Ergonomics) 248M->248M(330M) 109.793ms
[1.651s][info][gc,cpu         ] GC(59) User=0.47s Sys=0.00s Real=0.11s
[1.665s][info][gc,start       ] GC(60) Pause Young (Allocation Failure)
[1.685s][info][gc,heap        ] GC(60) PSYoungGen: 18920K(48128K)->16416K(47616K) Eden: 12800K(12800K)->0K(14336K) From: 6120K(35328K)->16416K(33280K)
[1.685s][info][gc,heap        ] GC(60) ParOldGen: 248028K(290304K)->250740K(290304K)
[1.685s][info][gc,metaspace   ] GC(60) Metaspace: 6302K(6464K)->6302K(6464K) NonClass: 5768K(5824K)->5768K(5824K) Class: 533K(640K)->533K(640K)
[1.685s][info][gc             ] GC(60) Pause Young (Allocation Failure) 260M->260M(330M) 19.931ms
[1.685s][info][gc,cpu         ] GC(60) User=0.06s Sys=0.00s Real=0.02s
[1.701s][info][gc,start       ] GC(61) Pause Young (Allocation Failure)
[1.717s][info][gc,heap        ] GC(61) PSYoungGen: 30752K(47616K)->30720K(49664K) Eden: 14336K(14336K)->0K(14336K) From: 16416K(33280K)->30720K(35328K)
[1.717s][info][gc,heap        ] GC(61) ParOldGen: 250740K(290304K)->250740K(290304K)
[1.717s][info][gc,metaspace   ] GC(61) Metaspace: 6302K(6464K)->6302K(6464K) NonClass: 5768K(5824K)->5768K(5824K) Class: 533K(640K)->533K(640K)
[1.717s][info][gc             ] GC(61) Pause Young (Allocation Failure) 274M->274M(332M) 15.765ms
[1.717s][info][gc,cpu         ] GC(61) User=0.02s Sys=0.00s Real=0.02s
[1.733s][info][gc,start       ] GC(62) Pause Young (Allocation Failure)
[1.755s][info][gc,heap        ] GC(62) PSYoungGen: 45056K(49664K)->38400K(47104K) Eden: 14336K(14336K)->0K(8704K) From: 30720K(35328K)->38400K(38400K)
[1.755s][info][gc,heap        ] GC(62) ParOldGen: 250740K(290304K)->257372K(290304K)
[1.755s][info][gc,metaspace   ] GC(62) Metaspace: 6302K(6464K)->6302K(6464K) NonClass: 5768K(5824K)->5768K(5824K) Class: 533K(640K)->533K(640K)
[1.755s][info][gc             ] GC(62) Pause Young (Allocation Failure) 288M->288M(329M) 21.877ms
[1.755s][info][gc,cpu         ] GC(62) User=0.03s Sys=0.06s Real=0.02s
[1.765s][info][gc,start       ] GC(63) Pause Young (Allocation Failure)
[1.785s][info][gc,heap        ] GC(63) PSYoungGen: 47104K(47104K)->34176K(54784K) Eden: 8704K(8704K)->0K(8704K) From: 38400K(38400K)->34176K(46080K)
[1.785s][info][gc,heap        ] GC(63) ParOldGen: 257372K(290304K)->270532K(290304K)
[1.785s][info][gc,metaspace   ] GC(63) Metaspace: 6302K(6464K)->6302K(6464K) NonClass: 5768K(5824K)->5768K(5824K) Class: 533K(640K)->533K(640K)
[1.785s][info][gc             ] GC(63) Pause Young (Allocation Failure) 297M->297M(337M) 20.421ms
[1.785s][info][gc,cpu         ] GC(63) User=0.11s Sys=0.00s Real=0.02s
[1.795s][info][gc,start       ] GC(64) Pause Young (Allocation Failure)
[1.815s][info][gc,heap        ] GC(64) PSYoungGen: 42880K(54784K)->29312K(58368K) Eden: 8704K(8704K)->0K(10240K) From: 34176K(46080K)->29312K(48128K)
[1.816s][info][gc,heap        ] GC(64) ParOldGen: 270532K(290304K)->284308K(290304K)
[1.816s][info][gc,metaspace   ] GC(64) Metaspace: 6302K(6464K)->6302K(6464K) NonClass: 5768K(5824K)->5768K(5824K) Class: 533K(640K)->533K(640K)
[1.816s][info][gc             ] GC(64) Pause Young (Allocation Failure) 306M->306M(340M) 20.133ms
[1.816s][info][gc,cpu         ] GC(64) User=0.11s Sys=0.03s Real=0.02s
[1.816s][info][gc,start       ] GC(65) Pause Full (Ergonomics)
[1.816s][info][gc,phases,start] GC(65) Marking Phase
[1.877s][info][gc,phases      ] GC(65) Marking Phase 61.464ms
[1.877s][info][gc,phases,start] GC(65) Summary Phase
[1.877s][info][gc,phases      ] GC(65) Summary Phase 0.018ms
[1.877s][info][gc,phases,start] GC(65) Adjust Roots
[1.877s][info][gc,phases      ] GC(65) Adjust Roots 0.149ms
[1.877s][info][gc,phases,start] GC(65) Compaction Phase
[1.911s][info][gc,phases      ] GC(65) Compaction Phase 33.151ms
[1.911s][info][gc,phases,start] GC(65) Post Compact
[1.912s][info][gc,phases      ] GC(65) Post Compact 1.392ms
[1.912s][info][gc,heap        ] GC(65) PSYoungGen: 29312K(58368K)->23038K(58368K) Eden: 0K(10240K)->0K(10240K) From: 29312K(48128K)->23038K(48128K)
[1.912s][info][gc,heap        ] GC(65) ParOldGen: 284308K(290304K)->289828K(335360K)
[1.912s][info][gc,metaspace   ] GC(65) Metaspace: 6302K(6464K)->6302K(6464K) NonClass: 5768K(5824K)->5768K(5824K) Class: 533K(640K)->533K(640K)
[1.912s][info][gc             ] GC(65) Pause Full (Ergonomics) 306M->305M(384M) 96.681ms
[1.912s][info][gc,cpu         ] GC(65) User=0.53s Sys=0.02s Real=0.10s
[1.924s][info][gc,start       ] GC(66) Pause Young (Allocation Failure)
[1.950s][info][gc,heap        ] GC(66) PSYoungGen: 33278K(58368K)->16960K(58368K) Eden: 10240K(10240K)->0K(10240K) From: 23038K(48128K)->16960K(48128K)
[1.950s][info][gc,heap        ] GC(66) ParOldGen: 289828K(335360K)->306548K(335360K)
[1.950s][info][gc,metaspace   ] GC(66) Metaspace: 6302K(6464K)->6302K(6464K) NonClass: 5768K(5824K)->5768K(5824K) Class: 533K(640K)->533K(640K)
[1.950s][info][gc             ] GC(66) Pause Young (Allocation Failure) 315M->315M(384M) 25.524ms
[1.950s][info][gc,cpu         ] GC(66) User=0.12s Sys=0.00s Real=0.03s
[1.962s][info][gc,start       ] GC(67) Pause Young (Allocation Failure)
[1.976s][info][gc,heap        ] GC(67) PSYoungGen: 27200K(58368K)->20576K(54272K) Eden: 10240K(10240K)->0K(11776K) From: 16960K(48128K)->20576K(42496K)
[1.976s][info][gc,heap        ] GC(67) ParOldGen: 306548K(335360K)->313228K(335360K)
[1.976s][info][gc,metaspace   ] GC(67) Metaspace: 6302K(6464K)->6302K(6464K) NonClass: 5768K(5824K)->5768K(5824K) Class: 533K(640K)->533K(640K)
[1.976s][info][gc             ] GC(67) Pause Young (Allocation Failure) 325M->325M(380M) 14.079ms
[1.976s][info][gc,cpu         ] GC(67) User=0.02s Sys=0.00s Real=0.01s
[1.989s][info][gc,start       ] GC(68) Pause Young (Allocation Failure)
[2.005s][info][gc,heap        ] GC(68) PSYoungGen: 32352K(54272K)->22144K(34304K) Eden: 11776K(11776K)->0K(11776K) From: 20576K(42496K)->22144K(22528K)
[2.005s][info][gc,heap        ] GC(68) ParOldGen: 313228K(335360K)->323612K(335360K)
[2.006s][info][gc,metaspace   ] GC(68) Metaspace: 6302K(6464K)->6302K(6464K) NonClass: 5768K(5824K)->5768K(5824K) Class: 533K(640K)->533K(640K)
[2.006s][info][gc             ] GC(68) Pause Young (Allocation Failure) 337M->337M(361M) 16.566ms
[2.006s][info][gc,cpu         ] GC(68) User=0.03s Sys=0.00s Real=0.02s
[2.006s][info][gc,start       ] GC(69) Pause Full (Ergonomics)
[2.006s][info][gc,phases,start] GC(69) Marking Phase
[2.074s][info][gc,phases      ] GC(69) Marking Phase 68.256ms
[2.074s][info][gc,phases,start] GC(69) Summary Phase
[2.074s][info][gc,phases      ] GC(69) Summary Phase 0.024ms
[2.074s][info][gc,phases,start] GC(69) Adjust Roots
[2.074s][info][gc,phases      ] GC(69) Adjust Roots 0.175ms
[2.074s][info][gc,phases,start] GC(69) Compaction Phase
[2.106s][info][gc,phases      ] GC(69) Compaction Phase 31.918ms
[2.106s][info][gc,phases,start] GC(69) Post Compact
[2.108s][info][gc,phases      ] GC(69) Post Compact 1.577ms
[2.108s][info][gc,heap        ] GC(69) PSYoungGen: 22144K(34304K)->9685K(34304K) Eden: 0K(11776K)->0K(11776K) From: 22144K(22528K)->9685K(22528K)
[2.108s][info][gc,heap        ] GC(69) ParOldGen: 323612K(335360K)->335336K(383488K)
[2.108s][info][gc,metaspace   ] GC(69) Metaspace: 6302K(6464K)->6302K(6464K) NonClass: 5768K(5824K)->5768K(5824K) Class: 533K(640K)->533K(640K)
[2.108s][info][gc             ] GC(69) Pause Full (Ergonomics) 337M->336M(408M) 102.466ms
[2.108s][info][gc,cpu         ] GC(69) User=0.66s Sys=0.00s Real=0.10s
[2.186s][info][gc,start       ] GC(70) Pause Young (Allocation Failure)
[2.210s][info][gc,heap        ] GC(70) PSYoungGen: 21461K(34304K)->17152K(53760K) Eden: 11776K(11776K)->0K(13312K) From: 9685K(22528K)->17152K(40448K)
[2.210s][info][gc,heap        ] GC(70) ParOldGen: 351720K(383488K)->356248K(383488K)
[2.210s][info][gc,metaspace   ] GC(70) Metaspace: 6302K(6464K)->6302K(6464K) NonClass: 5768K(5824K)->5768K(5824K) Class: 533K(640K)->533K(640K)
[2.210s][info][gc             ] GC(70) Pause Young (Allocation Failure) 364M->364M(427M) 24.303ms
[2.210s][info][gc,cpu         ] GC(70) User=0.05s Sys=0.00s Real=0.02s
[2.223s][info][gc,start       ] GC(71) Pause Young (Allocation Failure)
[2.239s][info][gc,heap        ] GC(71) PSYoungGen: 30464K(53760K)->30496K(54784K) Eden: 13312K(13312K)->0K(13312K) From: 17152K(40448K)->30496K(41472K)
[2.239s][info][gc,heap        ] GC(71) ParOldGen: 356248K(383488K)->356248K(383488K)
[2.239s][info][gc,metaspace   ] GC(71) Metaspace: 6302K(6464K)->6302K(6464K) NonClass: 5768K(5824K)->5768K(5824K) Class: 533K(640K)->533K(640K)
[2.239s][info][gc             ] GC(71) Pause Young (Allocation Failure) 377M->377M(428M) 16.394ms
[2.239s][info][gc,cpu         ] GC(71) User=0.03s Sys=0.00s Real=0.02s
[2.253s][info][gc,start       ] GC(72) Pause Young (Allocation Failure)
[2.273s][info][gc,heap        ] GC(72) PSYoungGen: 43808K(54784K)->38560K(54272K) Eden: 13312K(13312K)->0K(11264K) From: 30496K(41472K)->38560K(43008K)
[2.274s][info][gc,heap        ] GC(72) ParOldGen: 356248K(383488K)->361608K(383488K)
[2.274s][info][gc,metaspace   ] GC(72) Metaspace: 6302K(6464K)->6302K(6464K) NonClass: 5768K(5824K)->5768K(5824K) Class: 533K(640K)->533K(640K)
[2.274s][info][gc             ] GC(72) Pause Young (Allocation Failure) 390M->390M(427M) 20.635ms
[2.274s][info][gc,cpu         ] GC(72) User=0.12s Sys=0.00s Real=0.02s
[2.285s][info][gc,start       ] GC(73) Pause Young (Allocation Failure)
[2.307s][info][gc,heap        ] GC(73) PSYoungGen: 49824K(54272K)->38048K(57856K) Eden: 11264K(11264K)->0K(11264K) From: 38560K(43008K)->38048K(46592K)
[2.307s][info][gc,heap        ] GC(73) ParOldGen: 361608K(383488K)->373544K(383488K)
[2.307s][info][gc,metaspace   ] GC(73) Metaspace: 6302K(6464K)->6302K(6464K) NonClass: 5768K(5824K)->5768K(5824K) Class: 533K(640K)->533K(640K)
[2.308s][info][gc             ] GC(73) Pause Young (Allocation Failure) 401M->401M(431M) 22.822ms
[2.308s][info][gc,cpu         ] GC(73) User=0.11s Sys=0.02s Real=0.02s
[2.308s][info][gc,start       ] GC(74) Pause Full (Ergonomics)
[2.308s][info][gc,phases,start] GC(74) Marking Phase
[2.388s][info][gc,phases      ] GC(74) Marking Phase 80.065ms
[2.388s][info][gc,phases,start] GC(74) Summary Phase
[2.388s][info][gc,phases      ] GC(74) Summary Phase 0.019ms
[2.388s][info][gc,phases,start] GC(74) Adjust Roots
[2.388s][info][gc,phases      ] GC(74) Adjust Roots 0.174ms
[2.388s][info][gc,phases,start] GC(74) Compaction Phase
[2.455s][info][gc,phases      ] GC(74) Compaction Phase 67.440ms
[2.455s][info][gc,phases,start] GC(74) Post Compact
[2.458s][info][gc,phases      ] GC(74) Post Compact 2.111ms
[2.458s][info][gc,heap        ] GC(74) PSYoungGen: 38048K(57856K)->19406K(57856K) Eden: 0K(11264K)->0K(11264K) From: 38048K(46592K)->19406K(46592K)
[2.458s][info][gc,heap        ] GC(74) ParOldGen: 373544K(383488K)->383348K(433152K)
[2.458s][info][gc,metaspace   ] GC(74) Metaspace: 6302K(6464K)->6302K(6464K) NonClass: 5768K(5824K)->5768K(5824K) Class: 533K(640K)->533K(640K)
[2.458s][info][gc             ] GC(74) Pause Full (Ergonomics) 401M->393M(479M) 150.343ms
[2.458s][info][gc,cpu         ] GC(74) User=0.88s Sys=0.02s Real=0.15s
[2.472s][info][gc,start       ] GC(75) Pause Young (Allocation Failure)
[2.501s][info][gc,heap        ] GC(75) PSYoungGen: 30670K(57856K)->17376K(60416K) Eden: 11264K(11264K)->0K(12800K) From: 19406K(46592K)->17376K(47616K)
[2.501s][info][gc,heap        ] GC(75) ParOldGen: 383348K(433152K)->396940K(433152K)
[2.501s][info][gc,metaspace   ] GC(75) Metaspace: 6302K(6464K)->6302K(6464K) NonClass: 5768K(5824K)->5768K(5824K) Class: 533K(640K)->533K(640K)
[2.501s][info][gc             ] GC(75) Pause Young (Allocation Failure) 404M->404M(482M) 29.299ms
[2.501s][info][gc,cpu         ] GC(75) User=0.14s Sys=0.00s Real=0.03s
[2.514s][info][gc,start       ] GC(76) Pause Young (Allocation Failure)
[2.529s][info][gc,heap        ] GC(76) PSYoungGen: 30176K(60416K)->24128K(37376K) Eden: 12800K(12800K)->0K(12800K) From: 17376K(47616K)->24128K(24576K)
[2.529s][info][gc,heap        ] GC(76) ParOldGen: 396940K(433152K)->403052K(433152K)
[2.529s][info][gc,metaspace   ] GC(76) Metaspace: 6302K(6464K)->6302K(6464K) NonClass: 5768K(5824K)->5768K(5824K) Class: 533K(640K)->533K(640K)
[2.529s][info][gc             ] GC(76) Pause Young (Allocation Failure) 417M->417M(459M) 15.296ms
[2.529s][info][gc,cpu         ] GC(76) User=0.02s Sys=0.00s Real=0.02s
[2.543s][info][gc,start       ] GC(77) Pause Young (Allocation Failure)
[2.561s][info][gc,heap        ] GC(77) PSYoungGen: 36928K(37376K)->25696K(56832K) Eden: 12800K(12800K)->0K(14336K) From: 24128K(24576K)->25696K(42496K)
[2.561s][info][gc,heap        ] GC(77) ParOldGen: 403052K(433152K)->414476K(433152K)
[2.561s][info][gc,metaspace   ] GC(77) Metaspace: 6302K(6464K)->6302K(6464K) NonClass: 5768K(5824K)->5768K(5824K) Class: 533K(640K)->533K(640K)
[2.561s][info][gc             ] GC(77) Pause Young (Allocation Failure) 429M->429M(478M) 18.383ms
[2.561s][info][gc,cpu         ] GC(77) User=0.12s Sys=0.00s Real=0.02s
[2.561s][info][gc,start       ] GC(78) Pause Full (Ergonomics)
[2.561s][info][gc,phases,start] GC(78) Marking Phase
[2.657s][info][gc,phases      ] GC(78) Marking Phase 96.181ms
[2.657s][info][gc,phases,start] GC(78) Summary Phase
[2.657s][info][gc,phases      ] GC(78) Summary Phase 0.026ms
[2.657s][info][gc,phases,start] GC(78) Adjust Roots
[2.658s][info][gc,phases      ] GC(78) Adjust Roots 0.150ms
[2.658s][info][gc,phases,start] GC(78) Compaction Phase
[2.702s][info][gc,phases      ] GC(78) Compaction Phase 44.725ms
[2.702s][info][gc,phases,start] GC(78) Post Compact
[2.705s][info][gc,phases      ] GC(78) Post Compact 2.210ms
[2.705s][info][gc,heap        ] GC(78) PSYoungGen: 25696K(56832K)->6636K(58368K) Eden: 0K(14336K)->0K(15872K) From: 25696K(42496K)->6636K(42496K)
[2.705s][info][gc,heap        ] GC(78) ParOldGen: 414476K(433152K)->432894K(486400K)
[2.705s][info][gc,metaspace   ] GC(78) Metaspace: 6302K(6464K)->6302K(6464K) NonClass: 5768K(5824K)->5768K(5824K) Class: 533K(640K)->533K(640K)
[2.705s][info][gc             ] GC(78) Pause Full (Ergonomics) 429M->429M(532M) 143.865ms
[2.705s][info][gc,cpu         ] GC(78) User=0.98s Sys=0.00s Real=0.14s
[2.721s][info][gc,start       ] GC(79) Pause Young (Allocation Failure)
[2.750s][info][gc,heap        ] GC(79) PSYoungGen: 22508K(58368K)->17888K(60416K) Eden: 15872K(15872K)->0K(15872K) From: 6636K(42496K)->17888K(44544K)
[2.750s][info][gc,heap        ] GC(79) ParOldGen: 432894K(486400K)->437726K(486400K)
[2.750s][info][gc,metaspace   ] GC(79) Metaspace: 6302K(6464K)->6302K(6464K) NonClass: 5768K(5824K)->5768K(5824K) Class: 533K(640K)->533K(640K)
[2.750s][info][gc             ] GC(79) Pause Young (Allocation Failure) 444M->444M(534M) 28.378ms
[2.750s][info][gc,cpu         ] GC(79) User=0.12s Sys=0.00s Real=0.03s
[2.767s][info][gc,start       ] GC(80) Pause Young (Allocation Failure)
[2.784s][info][gc,heap        ] GC(80) PSYoungGen: 33760K(60416K)->33760K(60416K) Eden: 15872K(15872K)->0K(16384K) From: 17888K(44544K)->33760K(44032K)
[2.784s][info][gc,heap        ] GC(80) ParOldGen: 437726K(486400K)->437726K(486400K)
[2.784s][info][gc,metaspace   ] GC(80) Metaspace: 6302K(6464K)->6302K(6464K) NonClass: 5768K(5824K)->5768K(5824K) Class: 533K(640K)->533K(640K)
[2.784s][info][gc             ] GC(80) Pause Young (Allocation Failure) 460M->460M(534M) 17.056ms
[2.784s][info][gc,cpu         ] GC(80) User=0.03s Sys=0.00s Real=0.02s
[2.802s][info][gc,start       ] GC(81) Pause Young (Allocation Failure)
[2.826s][info][gc,heap        ] GC(81) PSYoungGen: 50144K(60416K)->45568K(61952K) Eden: 16384K(16384K)->0K(16384K) From: 33760K(44032K)->45568K(45568K)
[2.826s][info][gc,heap        ] GC(81) ParOldGen: 437726K(486400K)->442270K(486400K)
[2.826s][info][gc,metaspace   ] GC(81) Metaspace: 6302K(6464K)->6302K(6464K) NonClass: 5768K(5824K)->5768K(5824K) Class: 533K(640K)->533K(640K)
[2.826s][info][gc             ] GC(81) Pause Young (Allocation Failure) 476M->476M(535M) 23.982ms
[2.826s][info][gc,cpu         ] GC(81) User=0.12s Sys=0.00s Real=0.02s
[2.844s][info][gc,start       ] GC(82) Pause Young (Allocation Failure)
[2.873s][info][gc,heap        ] GC(82) PSYoungGen: 61952K(61952K)->46400K(67072K) Eden: 16384K(16384K)->0K(14336K) From: 45568K(45568K)->46400K(52736K)
[2.873s][info][gc,heap        ] GC(82) ParOldGen: 442270K(486400K)->458182K(486400K)
[2.873s][info][gc,metaspace   ] GC(82) Metaspace: 6302K(6464K)->6302K(6464K) NonClass: 5768K(5824K)->5768K(5824K) Class: 533K(640K)->533K(640K)
[2.873s][info][gc             ] GC(82) Pause Young (Allocation Failure) 492M->492M(540M) 29.203ms
[2.873s][info][gc,cpu         ] GC(82) User=0.12s Sys=0.00s Real=0.03s
[2.889s][info][gc,start       ] GC(83) Pause Young (Allocation Failure)
[2.917s][info][gc,heap        ] GC(83) PSYoungGen: 60736K(67072K)->46688K(71168K) Eden: 14336K(14336K)->0K(14336K) From: 46400K(52736K)->46688K(56832K)
[2.917s][info][gc,heap        ] GC(83) ParOldGen: 458182K(486400K)->472478K(486400K)
[2.917s][info][gc,metaspace   ] GC(83) Metaspace: 6302K(6464K)->6302K(6464K) NonClass: 5768K(5824K)->5768K(5824K) Class: 533K(640K)->533K(640K)
[2.918s][info][gc             ] GC(83) Pause Young (Allocation Failure) 506M->506M(544M) 28.397ms
[2.918s][info][gc,cpu         ] GC(83) User=0.22s Sys=0.03s Real=0.03s
[2.918s][info][gc,start       ] GC(84) Pause Full (Ergonomics)
[2.918s][info][gc,phases,start] GC(84) Marking Phase
[3.030s][info][gc,phases      ] GC(84) Marking Phase 112.847ms
[3.031s][info][gc,phases,start] GC(84) Summary Phase
[3.031s][info][gc,phases      ] GC(84) Summary Phase 0.022ms
[3.031s][info][gc,phases,start] GC(84) Adjust Roots
[3.031s][info][gc,phases      ] GC(84) Adjust Roots 0.152ms
[3.031s][info][gc,phases,start] GC(84) Compaction Phase
[3.085s][info][gc,phases      ] GC(84) Compaction Phase 54.174ms
[3.085s][info][gc,phases,start] GC(84) Post Compact
[3.087s][info][gc,phases      ] GC(84) Post Compact 2.522ms
[3.088s][info][gc,heap        ] GC(84) PSYoungGen: 46688K(71168K)->32103K(71168K) Eden: 0K(14336K)->0K(14336K) From: 46688K(56832K)->32103K(56832K)
[3.088s][info][gc,heap        ] GC(84) ParOldGen: 472478K(486400K)->486123K(544768K)
[3.088s][info][gc,metaspace   ] GC(84) Metaspace: 6302K(6464K)->6302K(6464K) NonClass: 5768K(5824K)->5768K(5824K) Class: 533K(640K)->533K(640K)
[3.088s][info][gc             ] GC(84) Pause Full (Ergonomics) 506M->506M(601M) 170.253ms
[3.088s][info][gc,cpu         ] GC(84) User=1.19s Sys=0.00s Real=0.17s
[3.106s][info][gc,start       ] GC(85) Pause Young (Allocation Failure)
[3.146s][info][gc,heap        ] GC(85) PSYoungGen: 46439K(71168K)->36384K(73216K) Eden: 14336K(14336K)->0K(15872K) From: 32103K(56832K)->36384K(57344K)
[3.146s][info][gc,heap        ] GC(85) ParOldGen: 486123K(544768K)->496523K(544768K)
[3.146s][info][gc,metaspace   ] GC(85) Metaspace: 6302K(6464K)->6302K(6464K) NonClass: 5768K(5824K)->5768K(5824K) Class: 533K(640K)->533K(640K)
[3.146s][info][gc             ] GC(85) Pause Young (Allocation Failure) 520M->520M(603M) 40.608ms
[3.146s][info][gc,cpu         ] GC(85) User=0.27s Sys=0.00s Real=0.04s
[3.164s][info][gc,start       ] GC(86) Pause Young (Allocation Failure)
[3.190s][info][gc,heap        ] GC(86) PSYoungGen: 52256K(73216K)->40544K(75264K) Eden: 15872K(15872K)->0K(15872K) From: 36384K(57344K)->40544K(59392K)
[3.190s][info][gc,heap        ] GC(86) ParOldGen: 496523K(544768K)->508403K(544768K)
[3.190s][info][gc,metaspace   ] GC(86) Metaspace: 6302K(6464K)->6302K(6464K) NonClass: 5768K(5824K)->5768K(5824K) Class: 533K(640K)->533K(640K)
[3.190s][info][gc             ] GC(86) Pause Young (Allocation Failure) 535M->536M(605M) 25.906ms
[3.190s][info][gc,cpu         ] GC(86) User=0.12s Sys=0.02s Real=0.03s
[3.208s][info][gc,start       ] GC(87) Pause Young (Allocation Failure)
[3.235s][info][gc,heap        ] GC(87) PSYoungGen: 56416K(75264K)->46240K(75264K) Eden: 15872K(15872K)->0K(15360K) From: 40544K(59392K)->46240K(59904K)
[3.235s][info][gc,heap        ] GC(87) ParOldGen: 508403K(544768K)->518731K(544768K)
[3.235s][info][gc,metaspace   ] GC(87) Metaspace: 6302K(6464K)->6302K(6464K) NonClass: 5768K(5824K)->5768K(5824K) Class: 533K(640K)->533K(640K)
[3.235s][info][gc             ] GC(87) Pause Young (Allocation Failure) 551M->551M(605M) 27.637ms
[3.235s][info][gc,cpu         ] GC(87) User=0.12s Sys=0.02s Real=0.03s
[3.253s][info][gc,start       ] GC(88) Pause Young (Allocation Failure)
[3.283s][info][gc,heap        ] GC(88) PSYoungGen: 61600K(75264K)->47232K(77824K) Eden: 15360K(15360K)->0K(15360K) From: 46240K(59904K)->47232K(62464K)
[3.283s][info][gc,heap        ] GC(88) ParOldGen: 518731K(544768K)->533259K(544768K)
[3.283s][info][gc,metaspace   ] GC(88) Metaspace: 6302K(6464K)->6302K(6464K) NonClass: 5768K(5824K)->5768K(5824K) Class: 533K(640K)->533K(640K)
[3.283s][info][gc             ] GC(88) Pause Young (Allocation Failure) 566M->566M(608M) 29.902ms
[3.283s][info][gc,cpu         ] GC(88) User=0.14s Sys=0.00s Real=0.03s
[3.283s][info][gc,start       ] GC(89) Pause Full (Ergonomics)
[3.283s][info][gc,phases,start] GC(89) Marking Phase
[3.404s][info][gc,phases      ] GC(89) Marking Phase 120.683ms
[3.404s][info][gc,phases,start] GC(89) Summary Phase
[3.404s][info][gc,phases      ] GC(89) Summary Phase 0.023ms
[3.404s][info][gc,phases,start] GC(89) Adjust Roots
[3.404s][info][gc,phases      ] GC(89) Adjust Roots 0.179ms
[3.404s][info][gc,phases,start] GC(89) Compaction Phase
[3.459s][info][gc,phases      ] GC(89) Compaction Phase 55.037ms
[3.459s][info][gc,phases,start] GC(89) Post Compact
[3.460s][info][gc,phases      ] GC(89) Post Compact 0.974ms
[3.460s][info][gc,heap        ] GC(89) PSYoungGen: 47232K(77824K)->35257K(77824K) Eden: 0K(15360K)->0K(15360K) From: 47232K(62464K)->35257K(62464K)
[3.460s][info][gc,heap        ] GC(89) ParOldGen: 533259K(544768K)->544286K(606720K)
[3.460s][info][gc,metaspace   ] GC(89) Metaspace: 6302K(6464K)->6302K(6464K) NonClass: 5768K(5824K)->5768K(5824K) Class: 533K(640K)->533K(640K)
[3.460s][info][gc             ] GC(89) Pause Full (Ergonomics) 566M->565M(668M) 177.406ms
[3.460s][info][gc,cpu         ] GC(89) User=1.20s Sys=0.03s Real=0.18s
[3.477s][info][gc,start       ] GC(90) Pause Young (Allocation Failure)
[3.521s][info][gc,heap        ] GC(90) PSYoungGen: 50617K(77824K)->27360K(77824K) Eden: 15360K(15360K)->0K(16896K) From: 35257K(62464K)->27360K(60928K)
[3.521s][info][gc,heap        ] GC(90) ParOldGen: 544286K(606720K)->568094K(606720K)
[3.521s][info][gc,metaspace   ] GC(90) Metaspace: 6302K(6464K)->6302K(6464K) NonClass: 5768K(5824K)->5768K(5824K) Class: 533K(640K)->533K(640K)
[3.521s][info][gc             ] GC(90) Pause Young (Allocation Failure) 580M->581M(668M) 44.407ms
[3.521s][info][gc,cpu         ] GC(90) User=0.25s Sys=0.02s Real=0.04s
[3.541s][info][gc,start       ] GC(91) Pause Young (Allocation Failure)
[3.566s][info][gc,heap        ] GC(91) PSYoungGen: 44256K(77824K)->32384K(49664K) Eden: 16896K(16896K)->0K(16896K) From: 27360K(60928K)->32384K(32768K)
[3.566s][info][gc,heap        ] GC(91) ParOldGen: 568094K(606720K)->580110K(606720K)
[3.566s][info][gc,metaspace   ] GC(91) Metaspace: 6302K(6464K)->6302K(6464K) NonClass: 5768K(5824K)->5768K(5824K) Class: 533K(640K)->533K(640K)
[3.566s][info][gc             ] GC(91) Pause Young (Allocation Failure) 597M->598M(641M) 24.623ms
[3.566s][info][gc,cpu         ] GC(91) User=0.14s Sys=0.00s Real=0.02s
[3.586s][info][gc,start       ] GC(92) Pause Young (Allocation Failure)
[3.613s][info][gc,heap        ] GC(92) PSYoungGen: 49280K(49664K)->33920K(74240K) Eden: 16896K(16896K)->0K(18944K) From: 32384K(32768K)->33920K(55296K)
[3.613s][info][gc,heap        ] GC(92) ParOldGen: 580110K(606720K)->595686K(606720K)
[3.613s][info][gc,metaspace   ] GC(92) Metaspace: 6302K(6464K)->6302K(6464K) NonClass: 5768K(5824K)->5768K(5824K) Class: 533K(640K)->533K(640K)
[3.613s][info][gc             ] GC(92) Pause Young (Allocation Failure) 614M->614M(665M) 26.347ms
[3.613s][info][gc,cpu         ] GC(92) User=0.12s Sys=0.00s Real=0.03s
[3.613s][info][gc,start       ] GC(93) Pause Full (Ergonomics)
[3.613s][info][gc,phases,start] GC(93) Marking Phase
[3.744s][info][gc,phases      ] GC(93) Marking Phase 131.292ms
[3.744s][info][gc,phases,start] GC(93) Summary Phase
[3.744s][info][gc,phases      ] GC(93) Summary Phase 0.022ms
[3.744s][info][gc,phases,start] GC(93) Adjust Roots
[3.744s][info][gc,phases      ] GC(93) Adjust Roots 0.147ms
[3.744s][info][gc,phases,start] GC(93) Compaction Phase
[3.799s][info][gc,phases      ] GC(93) Compaction Phase 55.097ms
[3.800s][info][gc,phases,start] GC(93) Post Compact
[3.800s][info][gc,phases      ] GC(93) Post Compact 0.954ms
[3.801s][info][gc,heap        ] GC(93) PSYoungGen: 33920K(74240K)->21980K(76288K) Eden: 0K(18944K)->0K(20992K) From: 33920K(55296K)->21980K(55296K)
[3.801s][info][gc,heap        ] GC(93) ParOldGen: 595686K(606720K)->606627K(677376K)
[3.801s][info][gc,metaspace   ] GC(93) Metaspace: 6302K(6464K)->6302K(6464K) NonClass: 5768K(5824K)->5768K(5824K) Class: 533K(640K)->533K(640K)
[3.801s][info][gc             ] GC(93) Pause Full (Ergonomics) 614M->613M(736M) 188.084ms
[3.801s][info][gc,cpu         ] GC(93) User=1.22s Sys=0.02s Real=0.19s
[3.827s][info][gc,start       ] GC(94) Pause Young (Allocation Failure)
[3.874s][info][gc,heap        ] GC(94) PSYoungGen: 42972K(76288K)->31840K(78848K) Eden: 20992K(20992K)->0K(20992K) From: 21980K(55296K)->31840K(57856K)
[3.874s][info][gc,heap        ] GC(94) ParOldGen: 606627K(677376K)->618123K(677376K)
[3.874s][info][gc,metaspace   ] GC(94) Metaspace: 6302K(6464K)->6302K(6464K) NonClass: 5768K(5824K)->5768K(5824K) Class: 533K(640K)->533K(640K)
[3.874s][info][gc             ] GC(94) Pause Young (Allocation Failure) 634M->634M(738M) 47.498ms
[3.874s][info][gc,cpu         ] GC(94) User=0.30s Sys=0.00s Real=0.05s
[3.898s][info][gc,start       ] GC(95) Pause Young (Allocation Failure)
[3.928s][info][gc,heap        ] GC(95) PSYoungGen: 52832K(78848K)->52800K(75264K) Eden: 20992K(20992K)->0K(18944K) From: 31840K(57856K)->52800K(56320K)
[3.928s][info][gc,heap        ] GC(95) ParOldGen: 618123K(677376K)->618123K(677376K)
[3.928s][info][gc,metaspace   ] GC(95) Metaspace: 6302K(6464K)->6302K(6464K) NonClass: 5768K(5824K)->5768K(5824K) Class: 533K(640K)->533K(640K)
[3.928s][info][gc             ] GC(95) Pause Young (Allocation Failure) 655M->655M(735M) 30.047ms
[3.928s][info][gc,cpu         ] GC(95) User=0.14s Sys=0.00s Real=0.03s
[3.953s][info][gc,start       ] GC(96) Pause Young (Allocation Failure)
[3.989s][info][gc,heap        ] GC(96) PSYoungGen: 71744K(75264K)->60928K(79872K) Eden: 18944K(18944K)->0K(18944K) From: 52800K(56320K)->60928K(60928K)
[3.989s][info][gc,heap        ] GC(96) ParOldGen: 618123K(677376K)->629003K(677376K)
[3.989s][info][gc,metaspace   ] GC(96) Metaspace: 6302K(6464K)->6302K(6464K) NonClass: 5768K(5824K)->5768K(5824K) Class: 533K(640K)->533K(640K)
[3.989s][info][gc             ] GC(96) Pause Young (Allocation Failure) 673M->673M(739M) 35.644ms
[3.989s][info][gc,cpu         ] GC(96) User=0.16s Sys=0.00s Real=0.04s
[4.186s][info][gc,start       ] GC(97) Pause Full (Ergonomics)
[4.186s][info][gc,phases,start] GC(97) Marking Phase
[4.349s][info][gc,phases      ] GC(97) Marking Phase 163.831ms
[4.350s][info][gc,phases,start] GC(97) Summary Phase
[4.350s][info][gc,phases      ] GC(97) Summary Phase 0.029ms
[4.350s][info][gc,phases,start] GC(97) Adjust Roots
[4.350s][info][gc,phases      ] GC(97) Adjust Roots 0.204ms
[4.350s][info][gc,phases,start] GC(97) Compaction Phase
[4.477s][info][gc,phases      ] GC(97) Compaction Phase 127.562ms
[4.477s][info][gc,phases,start] GC(97) Post Compact
[4.479s][info][gc,phases      ] GC(97) Post Compact 1.643ms
[4.479s][info][gc,heap        ] GC(97) PSYoungGen: 79872K(79872K)->47506K(79872K) Eden: 18944K(18944K)->0K(18944K) From: 60928K(60928K)->47506K(60928K)
[4.480s][info][gc,heap        ] GC(97) ParOldGen: 661771K(677376K)->677231K(749056K)
[4.480s][info][gc,metaspace   ] GC(97) Metaspace: 6302K(6464K)->6302K(6464K) NonClass: 5768K(5824K)->5768K(5824K) Class: 533K(640K)->533K(640K)
[4.480s][info][gc             ] GC(97) Pause Full (Ergonomics) 724M->707M(809M) 293.996ms
[4.480s][info][gc,cpu         ] GC(97) User=1.97s Sys=0.02s Real=0.29s
[4.501s][info][gc,start       ] GC(98) Pause Young (Allocation Failure)
[4.558s][info][gc,heap        ] GC(98) PSYoungGen: 66450K(79872K)->44672K(89088K) Eden: 18944K(18944K)->0K(20992K) From: 47506K(60928K)->44672K(68096K)
[4.558s][info][gc,heap        ] GC(98) ParOldGen: 677231K(749056K)->699575K(749056K)
[4.558s][info][gc,metaspace   ] GC(98) Metaspace: 6302K(6464K)->6302K(6464K) NonClass: 5768K(5824K)->5768K(5824K) Class: 533K(640K)->533K(640K)
[4.558s][info][gc             ] GC(98) Pause Young (Allocation Failure) 726M->726M(818M) 56.793ms
[4.558s][info][gc,cpu         ] GC(98) User=0.38s Sys=0.00s Real=0.06s
[4.580s][info][gc,start       ] GC(99) Pause Young (Allocation Failure)
[4.611s][info][gc,heap        ] GC(99) PSYoungGen: 65664K(89088K)->65632K(91136K) Eden: 20992K(20992K)->0K(20992K) From: 44672K(68096K)->65632K(70144K)
[4.611s][info][gc,heap        ] GC(99) ParOldGen: 699575K(749056K)->699575K(749056K)
[4.611s][info][gc,metaspace   ] GC(99) Metaspace: 6302K(6464K)->6302K(6464K) NonClass: 5768K(5824K)->5768K(5824K) Class: 533K(640K)->533K(640K)
[4.611s][info][gc             ] GC(99) Pause Young (Allocation Failure) 747M->747M(820M) 31.393ms
[4.611s][info][gc,cpu         ] GC(99) User=0.14s Sys=0.00s Real=0.03s
[4.633s][info][gc,start       ] GC(100) Pause Young (Allocation Failure)
[4.674s][info][gc,heap        ] GC(100) PSYoungGen: 86624K(91136K)->76800K(87552K) Eden: 20992K(20992K)->0K(10752K) From: 65632K(70144K)->76800K(76800K)
[4.674s][info][gc,heap        ] GC(100) ParOldGen: 699575K(749056K)->709431K(749056K)
[4.674s][info][gc,metaspace   ] GC(100) Metaspace: 6302K(6464K)->6302K(6464K) NonClass: 5768K(5824K)->5768K(5824K) Class: 533K(640K)->533K(640K)
[4.674s][info][gc             ] GC(100) Pause Young (Allocation Failure) 767M->767M(817M) 40.608ms
[4.674s][info][gc,cpu         ] GC(100) User=0.27s Sys=0.00s Real=0.04s
[4.685s][info][gc,start       ] GC(101) Pause Young (Allocation Failure)
[4.724s][info][gc,heap        ] GC(101) PSYoungGen: 87552K(87552K)->65088K(100352K) Eden: 10752K(10752K)->0K(10752K) From: 76800K(76800K)->65088K(89600K)
[4.724s][info][gc,heap        ] GC(101) ParOldGen: 709431K(749056K)->732271K(749056K)
[4.724s][info][gc,metaspace   ] GC(101) Metaspace: 6302K(6464K)->6302K(6464K) NonClass: 5768K(5824K)->5768K(5824K) Class: 533K(640K)->533K(640K)
[4.724s][info][gc             ] GC(101) Pause Young (Allocation Failure) 778M->778M(829M) 39.186ms
[4.724s][info][gc,cpu         ] GC(101) User=0.31s Sys=0.06s Real=0.04s
[4.724s][info][gc,start       ] GC(102) Pause Full (Ergonomics)
[4.724s][info][gc,phases,start] GC(102) Marking Phase
[4.892s][info][gc,phases      ] GC(102) Marking Phase 167.181ms
[4.892s][info][gc,phases,start] GC(102) Summary Phase
[4.892s][info][gc,phases      ] GC(102) Summary Phase 0.038ms
[4.892s][info][gc,phases,start] GC(102) Adjust Roots
[4.892s][info][gc,phases      ] GC(102) Adjust Roots 0.153ms
[4.892s][info][gc,phases,start] GC(102) Compaction Phase
[4.974s][info][gc,phases      ] GC(102) Compaction Phase 82.555ms
[4.974s][info][gc,phases,start] GC(102) Post Compact
[4.976s][info][gc,phases      ] GC(102) Post Compact 1.546ms
[4.976s][info][gc,heap        ] GC(102) PSYoungGen: 65088K(100352K)->47464K(100352K) Eden: 0K(10752K)->0K(10752K) From: 65088K(89600K)->47464K(89600K)
[4.976s][info][gc,heap        ] GC(102) ParOldGen: 732271K(749056K)->748832K(830464K)
[4.976s][info][gc,metaspace   ] GC(102) Metaspace: 6302K(6464K)->6302K(6464K) NonClass: 5768K(5824K)->5768K(5824K) Class: 533K(640K)->533K(640K)
[4.977s][info][gc             ] GC(102) Pause Full (Ergonomics) 778M->777M(909M) 252.194ms
[4.977s][info][gc,cpu         ] GC(102) User=1.64s Sys=0.02s Real=0.25s
[4.989s][info][gc,start       ] GC(103) Pause Young (Allocation Failure)
[5.045s][info][gc,heap        ] GC(103) PSYoungGen: 58216K(100352K)->33952K(101376K) Eden: 10752K(10752K)->0K(12288K) From: 47464K(89600K)->33952K(89088K)
[5.045s][info][gc,heap        ] GC(103) ParOldGen: 748832K(830464K)->773616K(830464K)
[5.046s][info][gc,metaspace   ] GC(103) Metaspace: 6302K(6464K)->6302K(6464K) NonClass: 5768K(5824K)->5768K(5824K) Class: 533K(640K)->533K(640K)
[5.046s][info][gc             ] GC(103) Pause Young (Allocation Failure) 788M->788M(910M) 56.730ms
[5.046s][info][gc,cpu         ] GC(103) User=0.34s Sys=0.02s Real=0.06s
[5.059s][info][gc,start       ] GC(104) Pause Young (Allocation Failure)
[5.084s][info][gc,heap        ] GC(104) PSYoungGen: 46240K(101376K)->31264K(102912K) Eden: 12288K(12288K)->0K(12288K) From: 33952K(89088K)->31264K(90624K)
[5.084s][info][gc,heap        ] GC(104) ParOldGen: 773616K(830464K)->788792K(830464K)
[5.084s][info][gc,metaspace   ] GC(104) Metaspace: 6302K(6464K)->6302K(6464K) NonClass: 5768K(5824K)->5768K(5824K) Class: 533K(640K)->533K(640K)
[5.084s][info][gc             ] GC(104) Pause Young (Allocation Failure) 800M->800M(911M) 24.617ms
[5.084s][info][gc,cpu         ] GC(104) User=0.12s Sys=0.00s Real=0.03s
[5.097s][info][gc,start       ] GC(105) Pause Young (Allocation Failure)
[5.120s][info][gc,heap        ] GC(105) PSYoungGen: 43552K(102912K)->35424K(97792K) Eden: 12288K(12288K)->0K(13824K) From: 31264K(90624K)->35424K(83968K)
[5.120s][info][gc,heap        ] GC(105) ParOldGen: 788792K(830464K)->797032K(830464K)
[5.120s][info][gc,metaspace   ] GC(105) Metaspace: 6302K(6464K)->6302K(6464K) NonClass: 5768K(5824K)->5768K(5824K) Class: 533K(640K)->533K(640K)
[5.120s][info][gc             ] GC(105) Pause Young (Allocation Failure) 812M->812M(906M) 23.144ms
[5.120s][info][gc,cpu         ] GC(105) User=0.11s Sys=0.00s Real=0.02s
[5.135s][info][gc,start       ] GC(106) Pause Young (Allocation Failure)
[5.160s][info][gc,heap        ] GC(106) PSYoungGen: 49248K(97792K)->26240K(100352K) Eden: 13824K(13824K)->0K(13824K) From: 35424K(83968K)->26240K(86528K)
[5.160s][info][gc,heap        ] GC(106) ParOldGen: 797032K(830464K)->820360K(830464K)
[5.160s][info][gc,metaspace   ] GC(106) Metaspace: 6302K(6464K)->6302K(6464K) NonClass: 5768K(5824K)->5768K(5824K) Class: 533K(640K)->533K(640K)
[5.160s][info][gc             ] GC(106) Pause Young (Allocation Failure) 826M->826M(909M) 25.723ms
[5.160s][info][gc,cpu         ] GC(106) User=0.12s Sys=0.02s Real=0.03s
[5.161s][info][gc,start       ] GC(107) Pause Full (Ergonomics)
[5.161s][info][gc,phases,start] GC(107) Marking Phase
[5.352s][info][gc,phases      ] GC(107) Marking Phase 191.854ms
[5.352s][info][gc,phases,start] GC(107) Summary Phase
[5.352s][info][gc,phases      ] GC(107) Summary Phase 0.023ms
[5.352s][info][gc,phases,start] GC(107) Adjust Roots
[5.353s][info][gc,phases      ] GC(107) Adjust Roots 0.151ms
[5.353s][info][gc,phases,start] GC(107) Compaction Phase
[5.436s][info][gc,phases      ] GC(107) Compaction Phase 83.573ms
[5.436s][info][gc,phases,start] GC(107) Post Compact
[5.438s][info][gc,phases      ] GC(107) Post Compact 1.542ms
[5.438s][info][gc,heap        ] GC(107) PSYoungGen: 26240K(100352K)->15338K(100352K) Eden: 0K(13824K)->0K(13824K) From: 26240K(86528K)->15338K(86528K)
[5.438s][info][gc,heap        ] GC(107) ParOldGen: 820360K(830464K)->829987K(922112K)
[5.438s][info][gc,metaspace   ] GC(107) Metaspace: 6302K(6464K)->6302K(6464K) NonClass: 5768K(5824K)->5768K(5824K) Class: 533K(640K)->533K(640K)
[5.438s][info][gc             ] GC(107) Pause Full (Ergonomics) 826M->825M(998M) 277.933ms
[5.438s][info][gc,cpu         ] GC(107) User=1.69s Sys=0.02s Real=0.28s
[5.454s][info][gc,start       ] GC(108) Pause Young (Allocation Failure)
[5.502s][info][gc,heap        ] GC(108) PSYoungGen: 29162K(100352K)->13920K(100864K) Eden: 13824K(13824K)->0K(15360K) From: 15338K(86528K)->13920K(85504K)
[5.502s][info][gc,heap        ] GC(108) ParOldGen: 829987K(922112K)->845555K(922112K)
[5.502s][info][gc,metaspace   ] GC(108) Metaspace: 6302K(6464K)->6302K(6464K) NonClass: 5768K(5824K)->5768K(5824K) Class: 533K(640K)->533K(640K)
[5.503s][info][gc             ] GC(108) Pause Young (Allocation Failure) 839M->839M(999M) 48.028ms
[5.503s][info][gc,cpu         ] GC(108) User=0.27s Sys=0.00s Real=0.05s
[5.519s][info][gc,start       ] GC(109) Pause Young (Allocation Failure)
[5.538s][info][gc,heap        ] GC(109) PSYoungGen: 29280K(100864K)->29280K(45056K) Eden: 15360K(15360K)->0K(15360K) From: 13920K(85504K)->29280K(29696K)
[5.538s][info][gc,heap        ] GC(109) ParOldGen: 845555K(922112K)->845555K(922112K)
[5.538s][info][gc,metaspace   ] GC(109) Metaspace: 6302K(6464K)->6302K(6464K) NonClass: 5768K(5824K)->5768K(5824K) Class: 533K(640K)->533K(640K)
[5.538s][info][gc             ] GC(109) Pause Young (Allocation Failure) 854M->854M(944M) 18.683ms
[5.538s][info][gc,cpu         ] GC(109) User=0.03s Sys=0.00s Real=0.02s
[5.554s][info][gc,start       ] GC(110) Pause Young (Allocation Failure)
[5.579s][info][gc,heap        ] GC(110) PSYoungGen: 44640K(45056K)->30848K(94208K) Eden: 15360K(15360K)->0K(16896K) From: 29280K(29696K)->30848K(77312K)
[5.579s][info][gc,heap        ] GC(110) ParOldGen: 845555K(922112K)->859579K(922112K)
[5.579s][info][gc,metaspace   ] GC(110) Metaspace: 6302K(6464K)->6302K(6464K) NonClass: 5768K(5824K)->5768K(5824K) Class: 533K(640K)->533K(640K)
[5.579s][info][gc             ] GC(110) Pause Young (Allocation Failure) 869M->869M(992M) 24.278ms
[5.579s][info][gc,cpu         ] GC(110) User=0.14s Sys=0.00s Real=0.02s
[5.598s][info][gc,start       ] GC(111) Pause Young (Allocation Failure)
[5.624s][info][gc,heap        ] GC(111) PSYoungGen: 47744K(94208K)->32384K(49664K) Eden: 16896K(16896K)->0K(16896K) From: 30848K(77312K)->32384K(32768K)
[5.624s][info][gc,heap        ] GC(111) ParOldGen: 859579K(922112K)->875139K(922112K)
[5.624s][info][gc,metaspace   ] GC(111) Metaspace: 6302K(6464K)->6302K(6464K) NonClass: 5768K(5824K)->5768K(5824K) Class: 533K(640K)->533K(640K)
[5.624s][info][gc             ] GC(111) Pause Young (Allocation Failure) 886M->886M(949M) 26.073ms
[5.624s][info][gc,cpu         ] GC(111) User=0.12s Sys=0.00s Real=0.03s
[5.643s][info][gc,start       ] GC(112) Pause Young (Allocation Failure)
[5.670s][info][gc,heap        ] GC(112) PSYoungGen: 49280K(49664K)->34016K(89600K) Eden: 16896K(16896K)->0K(18944K) From: 32384K(32768K)->34016K(70656K)
[5.670s][info][gc,heap        ] GC(112) ParOldGen: 875139K(922112K)->890715K(922112K)
[5.670s][info][gc,metaspace   ] GC(112) Metaspace: 6302K(6464K)->6302K(6464K) NonClass: 5768K(5824K)->5768K(5824K) Class: 533K(640K)->533K(640K)
[5.670s][info][gc             ] GC(112) Pause Young (Allocation Failure) 902M->903M(988M) 26.859ms
[5.670s][info][gc,cpu         ] GC(112) User=0.09s Sys=0.03s Real=0.03s
[5.690s][info][gc,start       ] GC(113) Pause Young (Allocation Failure)
[5.720s][info][gc,heap        ] GC(113) PSYoungGen: 52960K(89600K)->36000K(55296K) Eden: 18944K(18944K)->0K(18944K) From: 34016K(70656K)->36000K(36352K)
[5.720s][info][gc,heap        ] GC(113) ParOldGen: 890715K(922112K)->907835K(922112K)
[5.720s][info][gc,metaspace   ] GC(113) Metaspace: 6302K(6464K)->6302K(6464K) NonClass: 5768K(5824K)->5768K(5824K) Class: 533K(640K)->533K(640K)
[5.720s][info][gc             ] GC(113) Pause Young (Allocation Failure) 921M->921M(954M) 29.401ms
[5.720s][info][gc,cpu         ] GC(113) User=0.09s Sys=0.00s Real=0.03s
[5.720s][info][gc,start       ] GC(114) Pause Full (Ergonomics)
[5.720s][info][gc,phases,start] GC(114) Marking Phase
[5.929s][info][gc,phases      ] GC(114) Marking Phase 209.369ms
[5.929s][info][gc,phases,start] GC(114) Summary Phase
[5.929s][info][gc,phases      ] GC(114) Summary Phase 0.025ms
[5.929s][info][gc,phases,start] GC(114) Adjust Roots
[5.929s][info][gc,phases      ] GC(114) Adjust Roots 0.152ms
[5.929s][info][gc,phases,start] GC(114) Compaction Phase
[6.017s][info][gc,phases      ] GC(114) Compaction Phase 87.582ms
[6.017s][info][gc,phases,start] GC(114) Post Compact
[6.019s][info][gc,phases      ] GC(114) Post Compact 1.796ms
[6.019s][info][gc,heap        ] GC(114) PSYoungGen: 36000K(55296K)->20450K(55296K) Eden: 0K(18944K)->0K(18944K) From: 36000K(36352K)->20450K(36352K)
[6.019s][info][gc,heap        ] GC(114) ParOldGen: 907835K(922112K)->921966K(1016832K)
[6.019s][info][gc,metaspace   ] GC(114) Metaspace: 6302K(6464K)->6302K(6464K) NonClass: 5768K(5824K)->5768K(5824K) Class: 533K(640K)->533K(640K)
[6.020s][info][gc             ] GC(114) Pause Full (Ergonomics) 921M->920M(1047M) 299.695ms
[6.020s][info][gc,cpu         ] GC(114) User=2.08s Sys=0.00s Real=0.30s
[6.044s][info][gc,start       ] GC(115) Pause Young (Allocation Failure)
[6.100s][info][gc,heap        ] GC(115) PSYoungGen: 39394K(55296K)->30400K(86528K) Eden: 18944K(18944K)->0K(20992K) From: 20450K(36352K)->30400K(65536K)
[6.101s][info][gc,heap        ] GC(115) ParOldGen: 921966K(1016832K)->931262K(1016832K)
[6.101s][info][gc,metaspace   ] GC(115) Metaspace: 6302K(6464K)->6302K(6464K) NonClass: 5768K(5824K)->5768K(5824K) Class: 533K(640K)->533K(640K)
[6.101s][info][gc             ] GC(115) Pause Young (Allocation Failure) 938M->939M(1077M) 56.817ms
[6.101s][info][gc,cpu         ] GC(115) User=0.38s Sys=0.02s Real=0.06s
[6.123s][info][gc,start       ] GC(116) Pause Young (Allocation Failure)
[6.151s][info][gc,heap        ] GC(116) PSYoungGen: 51392K(86528K)->51456K(89088K) Eden: 20992K(20992K)->0K(20992K) From: 30400K(65536K)->51456K(68096K)
[6.151s][info][gc,heap        ] GC(116) ParOldGen: 931262K(1016832K)->931262K(1016832K)
[6.151s][info][gc,metaspace   ] GC(116) Metaspace: 6302K(6464K)->6302K(6464K) NonClass: 5768K(5824K)->5768K(5824K) Class: 533K(640K)->533K(640K)
[6.151s][info][gc             ] GC(116) Pause Young (Allocation Failure) 959M->959M(1080M) 27.520ms
[6.151s][info][gc,cpu         ] GC(116) User=0.14s Sys=0.00s Real=0.03s
[6.176s][info][gc,start       ] GC(117) Pause Young (Allocation Failure)
[6.212s][info][gc,heap        ] GC(117) PSYoungGen: 72448K(89088K)->70656K(84992K) Eden: 20992K(20992K)->0K(14336K) From: 51456K(68096K)->70656K(70656K)
[6.212s][info][gc,heap        ] GC(117) ParOldGen: 931262K(1016832K)->932974K(1016832K)
[6.212s][info][gc,metaspace   ] GC(117) Metaspace: 6302K(6464K)->6302K(6464K) NonClass: 5768K(5824K)->5768K(5824K) Class: 533K(640K)->533K(640K)
[6.212s][info][gc             ] GC(117) Pause Young (Allocation Failure) 980M->980M(1076M) 36.395ms
[6.212s][info][gc,cpu         ] GC(117) User=0.23s Sys=0.02s Real=0.04s
[6.228s][info][gc,start       ] GC(118) Pause Young (Allocation Failure)
[6.269s][info][gc,heap        ] GC(118) PSYoungGen: 84992K(84992K)->55392K(94208K) Eden: 14336K(14336K)->0K(14336K) From: 70656K(70656K)->55392K(79872K)
[6.269s][info][gc,heap        ] GC(118) ParOldGen: 932974K(1016832K)->963022K(1016832K)
[6.269s][info][gc,metaspace   ] GC(118) Metaspace: 6302K(6464K)->6302K(6464K) NonClass: 5768K(5824K)->5768K(5824K) Class: 533K(640K)->533K(640K)
[6.269s][info][gc             ] GC(118) Pause Young (Allocation Failure) 994M->994M(1085M) 41.285ms
[6.269s][info][gc,cpu         ] GC(118) User=0.27s Sys=0.00s Real=0.04s
[6.285s][info][gc,start       ] GC(119) Pause Young (Allocation Failure)
[6.320s][info][gc,heap        ] GC(119) PSYoungGen: 69728K(94208K)->49280K(94720K) Eden: 14336K(14336K)->0K(16384K) From: 55392K(79872K)->49280K(78336K)
[6.320s][info][gc,heap        ] GC(119) ParOldGen: 963022K(1016832K)->983758K(1016832K)
[6.320s][info][gc,metaspace   ] GC(119) Metaspace: 6302K(6464K)->6302K(6464K) NonClass: 5768K(5824K)->5768K(5824K) Class: 533K(640K)->533K(640K)
[6.320s][info][gc             ] GC(119) Pause Young (Allocation Failure) 1008M->1008M(1085M) 34.549ms
[6.320s][info][gc,cpu         ] GC(119) User=0.25s Sys=0.00s Real=0.04s
[6.338s][info][gc,start       ] GC(120) Pause Young (Allocation Failure)
[6.373s][info][gc,heap        ] GC(120) PSYoungGen: 65664K(94720K)->30880K(96256K) Eden: 16384K(16384K)->0K(16384K) From: 49280K(78336K)->30880K(79872K)
[6.373s][info][gc,heap        ] GC(120) ParOldGen: 983758K(1016832K)->1018982K(1019392K)
[6.373s][info][gc,metaspace   ] GC(120) Metaspace: 6302K(6464K)->6302K(6464K) NonClass: 5768K(5824K)->5768K(5824K) Class: 533K(640K)->533K(640K)
[6.373s][info][gc             ] GC(120) Pause Young (Allocation Failure) 1024M->1025M(1089M) 34.919ms
[6.373s][info][gc,cpu         ] GC(120) User=0.17s Sys=0.02s Real=0.03s
[6.373s][info][gc,start       ] GC(121) Pause Full (Ergonomics)
[6.373s][info][gc,phases,start] GC(121) Marking Phase
[6.621s][info][gc,phases      ] GC(121) Marking Phase 247.479ms
[6.621s][info][gc,phases,start] GC(121) Summary Phase
[6.621s][info][gc,phases      ] GC(121) Summary Phase 0.025ms
[6.621s][info][gc,phases,start] GC(121) Adjust Roots
[6.621s][info][gc,phases      ] GC(121) Adjust Roots 0.163ms
[6.621s][info][gc,phases,start] GC(121) Compaction Phase
[6.713s][info][gc,phases      ] GC(121) Compaction Phase 92.038ms
[6.713s][info][gc,phases,start] GC(121) Post Compact
[6.715s][info][gc,phases      ] GC(121) Post Compact 1.690ms
[6.715s][info][gc,heap        ] GC(121) PSYoungGen: 30880K(96256K)->29120K(96256K) Eden: 0K(16384K)->0K(16384K) From: 30880K(79872K)->29120K(79872K)
[6.715s][info][gc,heap        ] GC(121) ParOldGen: 1018982K(1019392K)->1019094K(1133056K)
[6.715s][info][gc,metaspace   ] GC(121) Metaspace: 6302K(6464K)->6302K(6464K) NonClass: 5768K(5824K)->5768K(5824K) Class: 533K(640K)->533K(640K)
[6.715s][info][gc             ] GC(121) Pause Full (Ergonomics) 1025M->1023M(1200M) 342.104ms
[6.715s][info][gc,cpu         ] GC(121) User=2.41s Sys=0.03s Real=0.34s
[6.734s][info][gc,start       ] GC(122) Pause Young (Allocation Failure)
[6.801s][info][gc,heap        ] GC(122) PSYoungGen: 45504K(96256K)->16480K(96256K) Eden: 16384K(16384K)->0K(17920K) From: 29120K(79872K)->16480K(78336K)
[6.801s][info][gc,heap        ] GC(122) ParOldGen: 1019094K(1133056K)->1048654K(1133056K)
[6.801s][info][gc,metaspace   ] GC(122) Metaspace: 6302K(6464K)->6302K(6464K) NonClass: 5768K(5824K)->5768K(5824K) Class: 533K(640K)->533K(640K)
[6.801s][info][gc             ] GC(122) Pause Young (Allocation Failure) 1039M->1040M(1200M) 66.658ms
[6.801s][info][gc,cpu         ] GC(122) User=0.34s Sys=0.03s Real=0.07s
[6.821s][info][gc,start       ] GC(123) Pause Young (Allocation Failure)
[6.843s][info][gc,heap        ] GC(123) PSYoungGen: 34400K(96256K)->18048K(97280K) Eden: 17920K(17920K)->0K(17920K) From: 16480K(78336K)->18048K(79360K)
[6.843s][info][gc,heap        ] GC(123) ParOldGen: 1048654K(1133056K)->1065270K(1133056K)
[6.843s][info][gc,metaspace   ] GC(123) Metaspace: 6302K(6464K)->6302K(6464K) NonClass: 5768K(5824K)->5768K(5824K) Class: 533K(640K)->533K(640K)
[6.843s][info][gc             ] GC(123) Pause Young (Allocation Failure) 1057M->1057M(1201M) 21.594ms
[6.843s][info][gc,cpu         ] GC(123) User=0.14s Sys=0.00s Real=0.02s
[6.863s][info][gc,start       ] GC(124) Pause Young (Allocation Failure)
[6.885s][info][gc,heap        ] GC(124) PSYoungGen: 35968K(97280K)->18048K(97792K) Eden: 17920K(17920K)->0K(19968K) From: 18048K(79360K)->18048K(77824K)
[6.885s][info][gc,heap        ] GC(124) ParOldGen: 1065270K(1133056K)->1083454K(1133056K)
[6.885s][info][gc,metaspace   ] GC(124) Metaspace: 6302K(6464K)->6302K(6464K) NonClass: 5768K(5824K)->5768K(5824K) Class: 533K(640K)->533K(640K)
[6.885s][info][gc             ] GC(124) Pause Young (Allocation Failure) 1075M->1075M(1202M) 22.001ms
[6.885s][info][gc,cpu         ] GC(124) User=0.09s Sys=0.03s Real=0.02s
[6.907s][info][gc,start       ] GC(125) Pause Young (Allocation Failure)
[6.930s][info][gc,heap        ] GC(125) PSYoungGen: 38016K(97792K)->20096K(98304K) Eden: 19968K(19968K)->0K(19968K) From: 18048K(77824K)->20096K(78336K)
[6.930s][info][gc,heap        ] GC(125) ParOldGen: 1083454K(1133056K)->1101614K(1133056K)
[6.930s][info][gc,metaspace   ] GC(125) Metaspace: 6302K(6464K)->6302K(6464K) NonClass: 5768K(5824K)->5768K(5824K) Class: 533K(640K)->533K(640K)
[6.930s][info][gc             ] GC(125) Pause Young (Allocation Failure) 1095M->1095M(1202M) 23.080ms
[6.930s][info][gc,cpu         ] GC(125) User=0.12s Sys=0.00s Real=0.02s
[6.930s][info][gc,start       ] GC(126) Pause Full (Ergonomics)
[6.930s][info][gc,phases,start] GC(126) Marking Phase
[7.198s][info][gc,phases      ] GC(126) Marking Phase 268.209ms
[7.198s][info][gc,phases,start] GC(126) Summary Phase
[7.198s][info][gc,phases      ] GC(126) Summary Phase 0.033ms
[7.198s][info][gc,phases,start] GC(126) Adjust Roots
[7.199s][info][gc,phases      ] GC(126) Adjust Roots 0.146ms
[7.199s][info][gc,phases,start] GC(126) Compaction Phase
[7.290s][info][gc,phases      ] GC(126) Compaction Phase 91.323ms
[7.290s][info][gc,phases,start] GC(126) Post Compact
[7.292s][info][gc,phases      ] GC(126) Post Compact 1.779ms
[7.292s][info][gc,heap        ] GC(126) PSYoungGen: 20096K(98304K)->0K(98816K) Eden: 0K(19968K)->0K(22528K) From: 20096K(78336K)->0K(76288K)
[7.292s][info][gc,heap        ] GC(126) ParOldGen: 1101614K(1133056K)->1120276K(1240064K)
[7.292s][info][gc,metaspace   ] GC(126) Metaspace: 6302K(6464K)->6302K(6464K) NonClass: 5768K(5824K)->5768K(5824K) Class: 533K(640K)->533K(640K)
[7.292s][info][gc             ] GC(126) Pause Full (Ergonomics) 1095M->1094M(1307M) 362.242ms
[7.292s][info][gc,cpu         ] GC(126) User=2.67s Sys=0.05s Real=0.36s
[7.317s][info][gc,start       ] GC(127) Pause Young (Allocation Failure)
[7.334s][info][gc,heap        ] GC(127) PSYoungGen: 22528K(98816K)->22688K(98816K) Eden: 22528K(22528K)->0K(22528K) From: 0K(76288K)->22688K(76288K)
[7.334s][info][gc,heap        ] GC(127) ParOldGen: 1120276K(1240064K)->1120276K(1240064K)
[7.334s][info][gc,metaspace   ] GC(127) Metaspace: 6302K(6464K)->6302K(6464K) NonClass: 5768K(5824K)->5768K(5824K) Class: 533K(640K)->533K(640K)
[7.334s][info][gc             ] GC(127) Pause Young (Allocation Failure) 1116M->1116M(1307M) 16.545ms
[7.334s][info][gc,cpu         ] GC(127) User=0.03s Sys=0.00s Real=0.02s
[7.359s][info][gc,start       ] GC(128) Pause Young (Allocation Failure)
[7.383s][info][gc,heap        ] GC(128) PSYoungGen: 45216K(98816K)->45216K(98304K) Eden: 22528K(22528K)->0K(24064K) From: 22688K(76288K)->45216K(74240K)
[7.383s][info][gc,heap        ] GC(128) ParOldGen: 1120276K(1240064K)->1120276K(1240064K)
[7.383s][info][gc,metaspace   ] GC(128) Metaspace: 6302K(6464K)->6302K(6464K) NonClass: 5768K(5824K)->5768K(5824K) Class: 533K(640K)->533K(640K)
[7.383s][info][gc             ] GC(128) Pause Young (Allocation Failure) 1138M->1138M(1307M) 24.253ms
[7.383s][info][gc,cpu         ] GC(128) User=0.12s Sys=0.00s Real=0.02s
[7.411s][info][gc,start       ] GC(129) Pause Young (Allocation Failure)
[7.446s][info][gc,heap        ] GC(129) PSYoungGen: 69280K(98304K)->69344K(98816K) Eden: 24064K(24064K)->0K(24064K) From: 45216K(74240K)->69344K(74752K)
[7.446s][info][gc,heap        ] GC(129) ParOldGen: 1120276K(1240064K)->1120276K(1240064K)
[7.446s][info][gc,metaspace   ] GC(129) Metaspace: 6302K(6464K)->6302K(6464K) NonClass: 5768K(5824K)->5768K(5824K) Class: 533K(640K)->533K(640K)
[7.446s][info][gc             ] GC(129) Pause Young (Allocation Failure) 1161M->1161M(1307M) 35.247ms
[7.446s][info][gc,cpu         ] GC(129) User=0.16s Sys=0.00s Real=0.04s
[7.474s][info][gc,start       ] GC(130) Pause Young (Allocation Failure)
[7.529s][info][gc,heap        ] GC(130) PSYoungGen: 93408K(98816K)->83456K(93696K) Eden: 24064K(24064K)->0K(10240K) From: 69344K(74752K)->83456K(83456K)
[7.529s][info][gc,heap        ] GC(130) ParOldGen: 1120276K(1240064K)->1130228K(1240064K)
[7.529s][info][gc,metaspace   ] GC(130) Metaspace: 6302K(6464K)->6302K(6464K) NonClass: 5768K(5824K)->5768K(5824K) Class: 533K(640K)->533K(640K)
[7.529s][info][gc             ] GC(130) Pause Young (Allocation Failure) 1185M->1185M(1302M) 54.816ms
[7.529s][info][gc,cpu         ] GC(130) User=0.27s Sys=0.00s Real=0.06s
[7.541s][info][gc,start       ] GC(131) Pause Young (Allocation Failure)
[7.595s][info][gc,heap        ] GC(131) PSYoungGen: 93696K(93696K)->53760K(64000K) Eden: 10240K(10240K)->0K(10240K) From: 83456K(83456K)->53760K(53760K)
[7.595s][info][gc,heap        ] GC(131) ParOldGen: 1130228K(1240064K)->1170796K(1240064K)
[7.595s][info][gc,metaspace   ] GC(131) Metaspace: 6302K(6464K)->6302K(6464K) NonClass: 5768K(5824K)->5768K(5824K) Class: 533K(640K)->533K(640K)
[7.595s][info][gc             ] GC(131) Pause Young (Allocation Failure) 1195M->1195M(1273M) 53.490ms
[7.595s][info][gc,cpu         ] GC(131) User=0.23s Sys=0.08s Real=0.05s
[7.608s][info][gc,start       ] GC(132) Pause Young (Allocation Failure)
[7.643s][info][gc,heap        ] GC(132) PSYoungGen: 64000K(64000K)->42624K(100352K) Eden: 10240K(10240K)->0K(11776K) From: 53760K(53760K)->42624K(88576K)
[7.643s][info][gc,heap        ] GC(132) ParOldGen: 1170796K(1240064K)->1192484K(1240064K)
[7.643s][info][gc,metaspace   ] GC(132) Metaspace: 6302K(6464K)->6302K(6464K) NonClass: 5768K(5824K)->5768K(5824K) Class: 533K(640K)->533K(640K)
[7.643s][info][gc             ] GC(132) Pause Young (Allocation Failure) 1205M->1206M(1309M) 35.541ms
[7.643s][info][gc,cpu         ] GC(132) User=0.31s Sys=0.00s Real=0.04s
[7.657s][info][gc,start       ] GC(133) Pause Young (Allocation Failure)
[7.690s][info][gc,heap        ] GC(133) PSYoungGen: 54400K(100352K)->22112K(104960K) Eden: 11776K(11776K)->0K(11776K) From: 42624K(88576K)->22112K(93184K)
[7.690s][info][gc,heap        ] GC(133) ParOldGen: 1192484K(1240064K)->1225140K(1240064K)
[7.690s][info][gc,metaspace   ] GC(133) Metaspace: 6302K(6464K)->6302K(6464K) NonClass: 5768K(5824K)->5768K(5824K) Class: 533K(640K)->533K(640K)
[7.690s][info][gc             ] GC(133) Pause Young (Allocation Failure) 1217M->1218M(1313M) 32.419ms
[7.690s][info][gc,cpu         ] GC(133) User=0.08s Sys=0.05s Real=0.03s
[7.690s][info][gc,start       ] GC(134) Pause Full (Ergonomics)
[7.690s][info][gc,phases,start] GC(134) Marking Phase
[7.984s][info][gc,phases      ] GC(134) Marking Phase 293.733ms
[7.984s][info][gc,phases,start] GC(134) Summary Phase
[7.984s][info][gc,phases      ] GC(134) Summary Phase 0.026ms
[7.984s][info][gc,phases,start] GC(134) Adjust Roots
[7.984s][info][gc,phases      ] GC(134) Adjust Roots 0.154ms
[7.984s][info][gc,phases,start] GC(134) Compaction Phase
[8.090s][info][gc,phases      ] GC(134) Compaction Phase 105.827ms
[8.090s][info][gc,phases,start] GC(134) Post Compact
[8.092s][info][gc,phases      ] GC(134) Post Compact 2.338ms
[8.093s][info][gc,heap        ] GC(134) PSYoungGen: 22112K(104960K)->5622K(104960K) Eden: 0K(11776K)->0K(11776K) From: 22112K(93184K)->5622K(93184K)
[8.093s][info][gc,heap        ] GC(134) ParOldGen: 1225140K(1240064K)->1239879K(1375744K)
[8.093s][info][gc,metaspace   ] GC(134) Metaspace: 6302K(6464K)->6302K(6464K) NonClass: 5768K(5824K)->5768K(5824K) Class: 533K(640K)->533K(640K)
[8.093s][info][gc             ] GC(134) Pause Full (Ergonomics) 1218M->1216M(1446M) 402.863ms
[8.093s][info][gc,cpu         ] GC(134) User=2.81s Sys=0.00s Real=0.40s
[8.107s][info][gc,start       ] GC(135) Pause Young (Allocation Failure)
[8.172s][info][gc,heap        ] GC(135) PSYoungGen: 17398K(104960K)->11872K(104960K) Eden: 11776K(11776K)->0K(13312K) From: 5622K(93184K)->11872K(91648K)
[8.172s][info][gc,heap        ] GC(135) ParOldGen: 1239879K(1375744K)->1245623K(1375744K)
[8.172s][info][gc,metaspace   ] GC(135) Metaspace: 6302K(6464K)->6302K(6464K) NonClass: 5768K(5824K)->5768K(5824K) Class: 533K(640K)->533K(640K)
[8.172s][info][gc             ] GC(135) Pause Young (Allocation Failure) 1227M->1228M(1446M) 65.307ms
[8.172s][info][gc,cpu         ] GC(135) User=0.39s Sys=0.02s Real=0.07s
[8.188s][info][gc,start       ] GC(136) Pause Young (Allocation Failure)
[8.206s][info][gc,heap        ] GC(136) PSYoungGen: 25184K(104960K)->13472K(105472K) Eden: 13312K(13312K)->0K(13312K) From: 11872K(91648K)->13472K(92160K)
[8.206s][info][gc,heap        ] GC(136) ParOldGen: 1245623K(1375744K)->1257575K(1375744K)
[8.206s][info][gc,metaspace   ] GC(136) Metaspace: 6302K(6464K)->6302K(6464K) NonClass: 5768K(5824K)->5768K(5824K) Class: 533K(640K)->533K(640K)
[8.206s][info][gc             ] GC(136) Pause Young (Allocation Failure) 1241M->1241M(1446M) 18.621ms
[8.206s][info][gc,cpu         ] GC(136) User=0.02s Sys=0.02s Real=0.02s
[8.222s][info][gc,start       ] GC(137) Pause Young (Allocation Failure)
[8.242s][info][gc,heap        ] GC(137) PSYoungGen: 26784K(105472K)->13408K(103424K) Eden: 13312K(13312K)->0K(15360K) From: 13472K(92160K)->13408K(88064K)
[8.242s][info][gc,heap        ] GC(137) ParOldGen: 1257575K(1375744K)->1271087K(1375744K)
[8.243s][info][gc,metaspace   ] GC(137) Metaspace: 6302K(6464K)->6302K(6464K) NonClass: 5768K(5824K)->5768K(5824K) Class: 533K(640K)->533K(640K)
[8.243s][info][gc             ] GC(137) Pause Young (Allocation Failure) 1254M->1254M(1444M) 20.127ms
[8.243s][info][gc,cpu         ] GC(137) User=0.06s Sys=0.00s Real=0.02s
[8.262s][info][gc,start       ] GC(138) Pause Young (Allocation Failure)
[8.283s][info][gc,heap        ] GC(138) PSYoungGen: 28768K(103424K)->15552K(31232K) Eden: 15360K(15360K)->0K(15360K) From: 13408K(88064K)->15552K(15872K)
[8.283s][info][gc,heap        ] GC(138) ParOldGen: 1271087K(1375744K)->1284583K(1375744K)
[8.283s][info][gc,metaspace   ] GC(138) Metaspace: 6302K(6464K)->6302K(6464K) NonClass: 5768K(5824K)->5768K(5824K) Class: 533K(640K)->533K(640K)
[8.283s][info][gc             ] GC(138) Pause Young (Allocation Failure) 1269M->1269M(1374M) 20.696ms
[8.283s][info][gc,cpu         ] GC(138) User=0.12s Sys=0.00s Real=0.02s
[8.297s][info][gc,start       ] GC(139) Pause Young (Allocation Failure)
[8.317s][info][gc,heap        ] GC(139) PSYoungGen: 30912K(31232K)->9056K(101376K) Eden: 15360K(15360K)->0K(17408K) From: 15552K(15872K)->9056K(83968K)
[8.317s][info][gc,heap        ] GC(139) ParOldGen: 1284583K(1375744K)->1300167K(1375744K)
[8.317s][info][gc,metaspace   ] GC(139) Metaspace: 6302K(6464K)->6302K(6464K) NonClass: 5768K(5824K)->5768K(5824K) Class: 533K(640K)->533K(640K)
[8.317s][info][gc             ] GC(139) Pause Young (Allocation Failure) 1284M->1278M(1442M) 19.507ms
[8.317s][info][gc,cpu         ] GC(139) User=0.03s Sys=0.00s Real=0.02s
[8.332s][info][gc,start       ] GC(140) Pause Young (Allocation Failure)
[8.350s][info][gc,heap        ] GC(140) PSYoungGen: 26464K(101376K)->9184K(102912K) Eden: 17408K(17408K)->0K(17408K) From: 9056K(83968K)->9184K(85504K)
[8.350s][info][gc,heap        ] GC(140) ParOldGen: 1300167K(1375744K)->1309239K(1375744K)
[8.350s][info][gc,metaspace   ] GC(140) Metaspace: 6302K(6464K)->6302K(6464K) NonClass: 5768K(5824K)->5768K(5824K) Class: 533K(640K)->533K(640K)
[8.350s][info][gc             ] GC(140) Pause Young (Allocation Failure) 1295M->1287M(1444M) 17.559ms
[8.350s][info][gc,cpu         ] GC(140) User=0.02s Sys=0.00s Real=0.02s
[8.368s][info][gc,start       ] GC(141) Pause Young (Allocation Failure)
[8.387s][info][gc,heap        ] GC(141) PSYoungGen: 26592K(102912K)->14016K(96768K) Eden: 17408K(17408K)->0K(19456K) From: 9184K(85504K)->14016K(77312K)
[8.387s][info][gc,heap        ] GC(141) ParOldGen: 1309239K(1375744K)->1318415K(1375744K)
[8.387s][info][gc,metaspace   ] GC(141) Metaspace: 6302K(6464K)->6302K(6464K) NonClass: 5768K(5824K)->5768K(5824K) Class: 533K(640K)->533K(640K)
[8.387s][info][gc             ] GC(141) Pause Young (Allocation Failure) 1304M->1301M(1438M) 19.592ms
[8.387s][info][gc,cpu         ] GC(141) User=0.03s Sys=0.00s Real=0.02s
[8.412s][info][gc,start       ] GC(142) Pause Young (Allocation Failure)
[8.436s][info][gc,heap        ] GC(142) PSYoungGen: 33472K(96768K)->19584K(39424K) Eden: 19456K(19456K)->0K(19456K) From: 14016K(77312K)->19584K(19968K)
[8.436s][info][gc,heap        ] GC(142) ParOldGen: 1318415K(1375744K)->1332495K(1375744K)
[8.436s][info][gc,metaspace   ] GC(142) Metaspace: 6302K(6464K)->6302K(6464K) NonClass: 5768K(5824K)->5768K(5824K) Class: 533K(640K)->533K(640K)
[8.436s][info][gc             ] GC(142) Pause Young (Allocation Failure) 1320M->1320M(1382M) 23.804ms
[8.436s][info][gc,cpu         ] GC(142) User=0.09s Sys=0.03s Real=0.02s
[8.458s][info][gc,start       ] GC(143) Pause Young (Allocation Failure)
[8.483s][info][gc,heap        ] GC(143) PSYoungGen: 39040K(39424K)->19616K(90112K) Eden: 19456K(19456K)->0K(22016K) From: 19584K(19968K)->19616K(68096K)
[8.483s][info][gc,heap        ] GC(143) ParOldGen: 1332495K(1375744K)->1352231K(1375744K)
[8.483s][info][gc,metaspace   ] GC(143) Metaspace: 6302K(6464K)->6302K(6464K) NonClass: 5768K(5824K)->5768K(5824K) Class: 533K(640K)->533K(640K)
[8.484s][info][gc             ] GC(143) Pause Young (Allocation Failure) 1339M->1339M(1431M) 25.398ms
[8.484s][info][gc,cpu         ] GC(143) User=0.12s Sys=0.00s Real=0.03s
[8.484s][info][gc,start       ] GC(144) Pause Full (Ergonomics)
[8.484s][info][gc,phases,start] GC(144) Marking Phase
[8.791s][info][gc,phases      ] GC(144) Marking Phase 307.233ms
[8.791s][info][gc,phases,start] GC(144) Summary Phase
[8.791s][info][gc,phases      ] GC(144) Summary Phase 0.049ms
[8.791s][info][gc,phases,start] GC(144) Adjust Roots
[8.791s][info][gc,phases      ] GC(144) Adjust Roots 0.186ms
[8.791s][info][gc,phases,start] GC(144) Compaction Phase
[8.902s][info][gc,phases      ] GC(144) Compaction Phase 111.174ms
[8.902s][info][gc,phases,start] GC(144) Post Compact
[8.905s][info][gc,phases      ] GC(144) Post Compact 2.601ms
[8.906s][info][gc,heap        ] GC(144) PSYoungGen: 19616K(90112K)->0K(94208K) Eden: 0K(22016K)->0K(22016K) From: 19616K(68096K)->0K(72192K)
[8.906s][info][gc,heap        ] GC(144) ParOldGen: 1352231K(1375744K)->1369758K(1504768K)
[8.906s][info][gc,metaspace   ] GC(144) Metaspace: 6302K(6464K)->6302K(6464K) NonClass: 5768K(5824K)->5768K(5824K) Class: 533K(640K)->533K(640K)
[8.906s][info][gc             ] GC(144) Pause Full (Ergonomics) 1339M->1337M(1561M) 422.086ms
[8.906s][info][gc,cpu         ] GC(144) User=3.05s Sys=0.03s Real=0.42s
[8.935s][info][gc,start       ] GC(145) Pause Young (Allocation Failure)
[8.953s][info][gc,heap        ] GC(145) PSYoungGen: 22016K(94208K)->22176K(87552K) Eden: 22016K(22016K)->0K(24064K) From: 0K(72192K)->22176K(63488K)
[8.953s][info][gc,heap        ] GC(145) ParOldGen: 1369758K(1504768K)->1369758K(1504768K)
[8.953s][info][gc,metaspace   ] GC(145) Metaspace: 6302K(6464K)->6302K(6464K) NonClass: 5768K(5824K)->5768K(5824K) Class: 533K(640K)->533K(640K)
[8.953s][info][gc             ] GC(145) Pause Young (Allocation Failure) 1359M->1359M(1555M) 17.742ms
[8.953s][info][gc,cpu         ] GC(145) User=0.03s Sys=0.02s Real=0.02s
[9.254s][info][gc,start       ] GC(146) Pause Young (Allocation Failure)
[9.311s][info][gc,heap        ] GC(146) PSYoungGen: 46240K(87552K)->46208K(92160K) Eden: 24064K(24064K)->0K(24064K) From: 22176K(63488K)->46208K(68096K)
[9.311s][info][gc,heap        ] GC(146) ParOldGen: 1435295K(1504768K)->1435295K(1504768K)
[9.311s][info][gc,metaspace   ] GC(146) Metaspace: 6302K(6464K)->6302K(6464K) NonClass: 5768K(5824K)->5768K(5824K) Class: 533K(640K)->533K(640K)
[9.311s][info][gc             ] GC(146) Pause Young (Allocation Failure) 1446M->1446M(1559M) 57.347ms
[9.311s][info][gc,cpu         ] GC(146) User=0.31s Sys=0.00s Real=0.06s
[9.334s][info][gc,start       ] GC(147) Pause Young (Allocation Failure)
[9.369s][info][gc,heap        ] GC(147) PSYoungGen: 70272K(92160K)->70304K(86528K) Eden: 24064K(24064K)->0K(14848K) From: 46208K(68096K)->70304K(71680K)
[9.369s][info][gc,heap        ] GC(147) ParOldGen: 1435295K(1504768K)->1435295K(1504768K)
[9.369s][info][gc,metaspace   ] GC(147) Metaspace: 6302K(6464K)->6302K(6464K) NonClass: 5768K(5824K)->5768K(5824K) Class: 533K(640K)->533K(640K)
[9.369s][info][gc             ] GC(147) Pause Young (Allocation Failure) 1470M->1470M(1554M) 35.562ms
[9.369s][info][gc,cpu         ] GC(147) User=0.06s Sys=0.00s Real=0.04s
[9.383s][info][gc,start       ] GC(148) Pause Young (Allocation Failure)
[9.423s][info][gc,heap        ] GC(148) PSYoungGen: 85152K(86528K)->82944K(97792K) Eden: 14848K(14848K)->0K(14848K) From: 70304K(71680K)->82944K(82944K)
[9.423s][info][gc,heap        ] GC(148) ParOldGen: 1435295K(1504768K)->1437471K(1504768K)
[9.423s][info][gc,metaspace   ] GC(148) Metaspace: 6302K(6464K)->6302K(6464K) NonClass: 5768K(5824K)->5768K(5824K) Class: 533K(640K)->533K(640K)
[9.423s][info][gc             ] GC(148) Pause Young (Allocation Failure) 1484M->1484M(1565M) 40.232ms
[9.423s][info][gc,cpu         ] GC(148) User=0.17s Sys=0.00s Real=0.04s
[9.436s][info][gc,start       ] GC(149) Pause Young (Allocation Failure)
[9.484s][info][gc,heap        ] GC(149) PSYoungGen: 97792K(97792K)->52256K(114176K) Eden: 14848K(14848K)->0K(16384K) From: 82944K(82944K)->52256K(97792K)
[9.484s][info][gc,heap        ] GC(149) ParOldGen: 1437471K(1504768K)->1483615K(1504768K)
[9.484s][info][gc,metaspace   ] GC(149) Metaspace: 6302K(6464K)->6302K(6464K) NonClass: 5768K(5824K)->5768K(5824K) Class: 533K(640K)->533K(640K)
[9.484s][info][gc             ] GC(149) Pause Young (Allocation Failure) 1499M->1499M(1581M) 47.177ms
[9.484s][info][gc,cpu         ] GC(149) User=0.27s Sys=0.00s Real=0.05s
[9.484s][info][gc,start       ] GC(150) Pause Full (Ergonomics)
[9.484s][info][gc,phases,start] GC(150) Marking Phase
[9.808s][info][gc,phases      ] GC(150) Marking Phase 324.446ms
[9.808s][info][gc,phases,start] GC(150) Summary Phase
[9.808s][info][gc,phases      ] GC(150) Summary Phase 0.043ms
[9.808s][info][gc,phases,start] GC(150) Adjust Roots
[9.808s][info][gc,phases      ] GC(150) Adjust Roots 0.158ms
[9.808s][info][gc,phases,start] GC(150) Compaction Phase
[10.048s][info][gc,phases      ] GC(150) Compaction Phase 239.536ms
[10.048s][info][gc,phases,start] GC(150) Post Compact
[10.051s][info][gc,phases      ] GC(150) Post Compact 2.979ms
[10.052s][info][gc,heap        ] GC(150) PSYoungGen: 52256K(114176K)->0K(114176K) Eden: 0K(16384K)->0K(16384K) From: 52256K(97792K)->0K(97792K)
[10.052s][info][gc,heap        ] GC(150) ParOldGen: 1483615K(1504768K)->1502204K(1656320K)
[10.052s][info][gc,metaspace   ] GC(150) Metaspace: 6302K(6464K)->6302K(6464K) NonClass: 5768K(5824K)->5768K(5824K) Class: 533K(640K)->533K(640K)
[10.052s][info][gc             ] GC(150) Pause Full (Ergonomics) 1499M->1466M(1729M) 568.002ms
[10.052s][info][gc,cpu         ] GC(150) User=4.00s Sys=0.02s Real=0.57s
[10.070s][info][gc,start       ] GC(151) Pause Young (Allocation Failure)
[10.090s][info][gc,heap        ] GC(151) PSYoungGen: 16384K(114176K)->16544K(111104K) Eden: 16384K(16384K)->0K(18432K) From: 0K(97792K)->16544K(92672K)
[10.090s][info][gc,heap        ] GC(151) ParOldGen: 1502204K(1656320K)->1502204K(1656320K)
[10.090s][info][gc,metaspace   ] GC(151) Metaspace: 6302K(6464K)->6302K(6464K) NonClass: 5768K(5824K)->5768K(5824K) Class: 533K(640K)->533K(640K)
[10.090s][info][gc             ] GC(151) Pause Young (Allocation Failure) 1482M->1483M(1726M) 20.076ms
[10.090s][info][gc,cpu         ] GC(151) User=0.03s Sys=0.00s Real=0.02s
[10.107s][info][gc,start       ] GC(152) Pause Young (Allocation Failure)
[10.134s][info][gc,heap        ] GC(152) PSYoungGen: 34976K(111104K)->34976K(53760K) Eden: 18432K(18432K)->0K(18432K) From: 16544K(92672K)->34976K(35328K)
[10.134s][info][gc,heap        ] GC(152) ParOldGen: 1502204K(1656320K)->1502204K(1656320K)
[10.134s][info][gc,metaspace   ] GC(152) Metaspace: 6302K(6464K)->6302K(6464K) NonClass: 5768K(5824K)->5768K(5824K) Class: 533K(640K)->533K(640K)
[10.134s][info][gc             ] GC(152) Pause Young (Allocation Failure) 1501M->1501M(1670M) 26.784ms
[10.134s][info][gc,cpu         ] GC(152) User=0.03s Sys=0.00s Real=0.03s
[10.152s][info][gc,start       ] GC(153) Pause Young (Allocation Failure)
[10.183s][info][gc,heap        ] GC(153) PSYoungGen: 53408K(53760K)->53440K(109056K) Eden: 18432K(18432K)->0K(19456K) From: 34976K(35328K)->53440K(89600K)
[10.183s][info][gc,heap        ] GC(153) ParOldGen: 1502204K(1656320K)->1502204K(1656320K)
[10.183s][info][gc,metaspace   ] GC(153) Metaspace: 6302K(6464K)->6302K(6464K) NonClass: 5768K(5824K)->5768K(5824K) Class: 533K(640K)->533K(640K)
[10.183s][info][gc             ] GC(153) Pause Young (Allocation Failure) 1519M->1519M(1724M) 30.645ms
[10.183s][info][gc,cpu         ] GC(153) User=0.05s Sys=0.00s Real=0.03s
[10.203s][info][gc,start       ] GC(154) Pause Young (Allocation Failure)
[10.239s][info][gc,heap        ] GC(154) PSYoungGen: 72896K(109056K)->72864K(110080K) Eden: 19456K(19456K)->0K(19456K) From: 53440K(89600K)->72864K(90624K)
[10.239s][info][gc,heap        ] GC(154) ParOldGen: 1502204K(1656320K)->1502204K(1656320K)
[10.239s][info][gc,metaspace   ] GC(154) Metaspace: 6302K(6464K)->6302K(6464K) NonClass: 5768K(5824K)->5768K(5824K) Class: 533K(640K)->533K(640K)
[10.239s][info][gc             ] GC(154) Pause Young (Allocation Failure) 1538M->1538M(1725M) 36.565ms
[10.239s][info][gc,cpu         ] GC(154) User=0.27s Sys=0.00s Real=0.04s
[10.259s][info][gc,start       ] GC(155) Pause Young (Allocation Failure)
[10.304s][info][gc,heap        ] GC(155) PSYoungGen: 92320K(110080K)->75936K(113152K) Eden: 19456K(19456K)->0K(14848K) From: 72864K(90624K)->75936K(98304K)
[10.304s][info][gc,heap        ] GC(155) ParOldGen: 1502204K(1656320K)->1518788K(1656320K)
[10.304s][info][gc,metaspace   ] GC(155) Metaspace: 6302K(6464K)->6302K(6464K) NonClass: 5768K(5824K)->5768K(5824K) Class: 533K(640K)->533K(640K)
[10.304s][info][gc             ] GC(155) Pause Young (Allocation Failure) 1557M->1557M(1728M) 44.635ms
[10.304s][info][gc,cpu         ] GC(155) User=0.25s Sys=0.02s Real=0.04s
[10.319s][info][gc,start       ] GC(156) Pause Young (Allocation Failure)
[10.363s][info][gc,heap        ] GC(156) PSYoungGen: 90784K(113152K)->53952K(69120K) Eden: 14848K(14848K)->0K(14848K) From: 75936K(98304K)->53952K(54272K)
[10.363s][info][gc,heap        ] GC(156) ParOldGen: 1518788K(1656320K)->1556100K(1656320K)
[10.363s][info][gc,metaspace   ] GC(156) Metaspace: 6302K(6464K)->6302K(6464K) NonClass: 5768K(5824K)->5768K(5824K) Class: 533K(640K)->533K(640K)
[10.363s][info][gc             ] GC(156) Pause Young (Allocation Failure) 1571M->1572M(1685M) 44.156ms
[10.363s][info][gc,cpu         ] GC(156) User=0.23s Sys=0.03s Real=0.04s
[10.377s][info][gc,start       ] GC(157) Pause Young (Allocation Failure)
[10.414s][info][gc,heap        ] GC(157) PSYoungGen: 68800K(69120K)->29856K(113664K) Eden: 14848K(14848K)->0K(16896K) From: 53952K(54272K)->29856K(96768K)
[10.415s][info][gc,heap        ] GC(157) ParOldGen: 1556100K(1656320K)->1595508K(1656320K)
[10.415s][info][gc,metaspace   ] GC(157) Metaspace: 6302K(6464K)->6302K(6464K) NonClass: 5768K(5824K)->5768K(5824K) Class: 533K(640K)->533K(640K)
[10.415s][info][gc             ] GC(157) Pause Young (Allocation Failure) 1586M->1587M(1728M) 37.459ms
[10.415s][info][gc,cpu         ] GC(157) User=0.17s Sys=0.00s Real=0.04s
[10.432s][info][gc,start       ] GC(158) Pause Young (Allocation Failure)
[10.461s][info][gc,heap        ] GC(158) PSYoungGen: 46752K(113664K)->17024K(116736K) Eden: 16896K(16896K)->0K(16896K) From: 29856K(96768K)->17024K(99840K)
[10.461s][info][gc,heap        ] GC(158) ParOldGen: 1595508K(1656320K)->1625572K(1656320K)
[10.461s][info][gc,metaspace   ] GC(158) Metaspace: 6302K(6464K)->6302K(6464K) NonClass: 5768K(5824K)->5768K(5824K) Class: 533K(640K)->533K(640K)
[10.462s][info][gc             ] GC(158) Pause Young (Allocation Failure) 1603M->1604M(1731M) 29.904ms
[10.462s][info][gc,cpu         ] GC(158) User=0.05s Sys=0.00s Real=0.03s
[10.462s][info][gc,start       ] GC(159) Pause Full (Ergonomics)
[10.462s][info][gc,phases,start] GC(159) Marking Phase
[10.828s][info][gc,phases      ] GC(159) Marking Phase 366.402ms
[10.828s][info][gc,phases,start] GC(159) Summary Phase
[10.828s][info][gc,phases      ] GC(159) Summary Phase 0.051ms
[10.828s][info][gc,phases,start] GC(159) Adjust Roots
[10.828s][info][gc,phases      ] GC(159) Adjust Roots 0.164ms
[10.828s][info][gc,phases,start] GC(159) Compaction Phase
[11.000s][info][gc,phases      ] GC(159) Compaction Phase 171.761ms
[11.000s][info][gc,phases,start] GC(159) Post Compact
[11.003s][info][gc,phases      ] GC(159) Post Compact 2.891ms
[11.004s][info][gc,heap        ] GC(159) PSYoungGen: 17024K(116736K)->0K(118272K) Eden: 0K(16896K)->0K(19456K) From: 17024K(99840K)->0K(98816K)
[11.004s][info][gc,heap        ] GC(159) ParOldGen: 1625572K(1656320K)->1640704K(1819648K)
[11.004s][info][gc,metaspace   ] GC(159) Metaspace: 6302K(6464K)->6302K(6464K) NonClass: 5768K(5824K)->5768K(5824K) Class: 533K(640K)->533K(640K)
[11.004s][info][gc             ] GC(159) Pause Full (Ergonomics) 1604M->1602M(1892M) 542.291ms
[11.004s][info][gc,cpu         ] GC(159) User=3.64s Sys=0.02s Real=0.54s
[11.023s][info][gc,start       ] GC(160) Pause Young (Allocation Failure)
[11.049s][info][gc,heap        ] GC(160) PSYoungGen: 19456K(118272K)->19616K(118272K) Eden: 19456K(19456K)->0K(19456K) From: 0K(98816K)->19616K(98816K)
[11.049s][info][gc,heap        ] GC(160) ParOldGen: 1640704K(1819648K)->1640704K(1819648K)
[11.049s][info][gc,metaspace   ] GC(160) Metaspace: 6302K(6464K)->6302K(6464K) NonClass: 5768K(5824K)->5768K(5824K) Class: 533K(640K)->533K(640K)
[11.049s][info][gc             ] GC(160) Pause Young (Allocation Failure) 1621M->1621M(1892M) 25.971ms
[11.049s][info][gc,cpu         ] GC(160) User=0.02s Sys=0.00s Real=0.03s
[11.068s][info][gc,start       ] GC(161) Pause Young (Allocation Failure)
[11.095s][info][gc,heap        ] GC(161) PSYoungGen: 39072K(118272K)->19616K(115200K) Eden: 19456K(19456K)->0K(22016K) From: 19616K(98816K)->19616K(93184K)
[11.095s][info][gc,heap        ] GC(161) ParOldGen: 1640704K(1819648K)->1660432K(1819648K)
[11.095s][info][gc,metaspace   ] GC(161) Metaspace: 6302K(6464K)->6302K(6464K) NonClass: 5768K(5824K)->5768K(5824K) Class: 533K(640K)->533K(640K)
[11.095s][info][gc             ] GC(161) Pause Young (Allocation Failure) 1640M->1640M(1889M) 27.282ms
[11.095s][info][gc,cpu         ] GC(161) User=0.05s Sys=0.00s Real=0.03s
[11.118s][info][gc,start       ] GC(162) Pause Young (Allocation Failure)
[11.146s][info][gc,heap        ] GC(162) PSYoungGen: 41632K(115200K)->22144K(44544K) Eden: 22016K(22016K)->0K(22016K) From: 19616K(93184K)->22144K(22528K)
[11.146s][info][gc,heap        ] GC(162) ParOldGen: 1660432K(1819648K)->1680152K(1819648K)
[11.146s][info][gc,metaspace   ] GC(162) Metaspace: 6302K(6464K)->6302K(6464K) NonClass: 5768K(5824K)->5768K(5824K) Class: 533K(640K)->533K(640K)
[11.146s][info][gc             ] GC(162) Pause Young (Allocation Failure) 1662M->1662M(1820M) 28.419ms
[11.146s][info][gc,cpu         ] GC(162) User=0.05s Sys=0.00s Real=0.03s
[11.168s][info][gc,start       ] GC(163) Pause Young (Allocation Failure)
[11.197s][info][gc,heap        ] GC(163) PSYoungGen: 44160K(44544K)->22144K(109568K) Eden: 22016K(22016K)->0K(24576K) From: 22144K(22528K)->22144K(84992K)
[11.198s][info][gc,heap        ] GC(163) ParOldGen: 1680152K(1819648K)->1702472K(1819648K)
[11.198s][info][gc,metaspace   ] GC(163) Metaspace: 6302K(6464K)->6302K(6464K) NonClass: 5768K(5824K)->5768K(5824K) Class: 533K(640K)->533K(640K)
[11.198s][info][gc             ] GC(163) Pause Young (Allocation Failure) 1683M->1684M(1884M) 29.969ms
[11.198s][info][gc,cpu         ] GC(163) User=0.03s Sys=0.00s Real=0.03s
[11.224s][info][gc,start       ] GC(164) Pause Young (Allocation Failure)
[11.254s][info][gc,heap        ] GC(164) PSYoungGen: 46720K(109568K)->24736K(49664K) Eden: 24576K(24576K)->0K(24576K) From: 22144K(84992K)->24736K(25088K)
[11.254s][info][gc,heap        ] GC(164) ParOldGen: 1702472K(1819648K)->1724776K(1819648K)
[11.254s][info][gc,metaspace   ] GC(164) Metaspace: 6302K(6464K)->6302K(6464K) NonClass: 5768K(5824K)->5768K(5824K) Class: 533K(640K)->533K(640K)
[11.255s][info][gc             ] GC(164) Pause Young (Allocation Failure) 1708M->1708M(1825M) 30.307ms
[11.255s][info][gc,cpu         ] GC(164) User=0.03s Sys=0.00s Real=0.03s
[11.280s][info][gc,start       ] GC(165) Pause Young (Allocation Failure)
[11.312s][info][gc,heap        ] GC(165) PSYoungGen: 49312K(49664K)->24704K(104960K) Eden: 24576K(24576K)->0K(27648K) From: 24736K(25088K)->24704K(77312K)
[11.312s][info][gc,heap        ] GC(165) ParOldGen: 1724776K(1819648K)->1749696K(1819648K)
[11.312s][info][gc,metaspace   ] GC(165) Metaspace: 6302K(6464K)->6302K(6464K) NonClass: 5768K(5824K)->5768K(5824K) Class: 533K(640K)->533K(640K)
[11.312s][info][gc             ] GC(165) Pause Young (Allocation Failure) 1732M->1732M(1879M) 32.002ms
[11.312s][info][gc,cpu         ] GC(165) User=0.05s Sys=0.00s Real=0.03s
[11.343s][info][gc,start       ] GC(166) Pause Young (Allocation Failure)
[11.376s][info][gc,heap        ] GC(166) PSYoungGen: 52352K(104960K)->27840K(55808K) Eden: 27648K(27648K)->0K(27648K) From: 24704K(77312K)->27840K(28160K)
[11.376s][info][gc,heap        ] GC(166) ParOldGen: 1749696K(1819648K)->1774624K(1819648K)
[11.376s][info][gc,metaspace   ] GC(166) Metaspace: 6302K(6464K)->6302K(6464K) NonClass: 5768K(5824K)->5768K(5824K) Class: 533K(640K)->533K(640K)
[11.376s][info][gc             ] GC(166) Pause Young (Allocation Failure) 1759M->1760M(1831M) 33.610ms
[11.376s][info][gc,cpu         ] GC(166) User=0.12s Sys=0.02s Real=0.03s
[11.406s][info][gc,start       ] GC(167) Pause Young (Allocation Failure)
[11.440s][info][gc,heap        ] GC(167) PSYoungGen: 55488K(55808K)->27808K(100352K) Eden: 27648K(27648K)->0K(30720K) From: 27840K(28160K)->27808K(69632K)
[11.440s][info][gc,heap        ] GC(167) ParOldGen: 1774624K(1819648K)->1802664K(1819648K)
[11.440s][info][gc,metaspace   ] GC(167) Metaspace: 6302K(6464K)->6302K(6464K) NonClass: 5768K(5824K)->5768K(5824K) Class: 533K(640K)->533K(640K)
[11.440s][info][gc             ] GC(167) Pause Young (Allocation Failure) 1787M->1787M(1875M) 33.912ms
[11.440s][info][gc,cpu         ] GC(167) User=0.12s Sys=0.02s Real=0.03s
[11.440s][info][gc,start       ] GC(168) Pause Full (Ergonomics)
[11.440s][info][gc,phases,start] GC(168) Marking Phase
[11.853s][info][gc,phases      ] GC(168) Marking Phase 412.492ms
[11.853s][info][gc,phases,start] GC(168) Summary Phase
[11.853s][info][gc,phases      ] GC(168) Summary Phase 0.030ms
[11.853s][info][gc,phases,start] GC(168) Adjust Roots
[11.853s][info][gc,phases      ] GC(168) Adjust Roots 0.248ms
[11.853s][info][gc,phases,start] GC(168) Compaction Phase
[12.348s][info][gc,phases      ] GC(168) Compaction Phase 494.930ms
[12.348s][info][gc,phases,start] GC(168) Post Compact
[12.352s][info][gc,phases      ] GC(168) Post Compact 3.300ms
[12.352s][info][gc,heap        ] GC(168) PSYoungGen: 27808K(100352K)->8715K(103936K) Eden: 0K(30720K)->0K(34304K) From: 27808K(69632K)->8715K(69632K)
[12.352s][info][gc,heap        ] GC(168) ParOldGen: 1802664K(1819648K)->1819145K(2007552K)
[12.352s][info][gc,metaspace   ] GC(168) Metaspace: 6302K(6464K)->6302K(6464K) NonClass: 5768K(5824K)->5768K(5824K) Class: 533K(640K)->533K(640K)
[12.352s][info][gc             ] GC(168) Pause Full (Ergonomics) 1787M->1785M(2062M) 911.972ms
[12.352s][info][gc,cpu         ] GC(168) User=6.30s Sys=0.02s Real=0.91s
[12.391s][info][gc,start       ] GC(169) Pause Young (Allocation Failure)
[12.487s][info][gc,heap        ] GC(169) PSYoungGen: 43019K(103936K)->34464K(107520K) Eden: 34304K(34304K)->0K(34304K) From: 8715K(69632K)->34464K(73216K)
[12.487s][info][gc,heap        ] GC(169) ParOldGen: 1819145K(2007552K)->1827993K(2007552K)
[12.487s][info][gc,metaspace   ] GC(169) Metaspace: 6302K(6464K)->6302K(6464K) NonClass: 5768K(5824K)->5768K(5824K) Class: 533K(640K)->533K(640K)
[12.487s][info][gc             ] GC(169) Pause Young (Allocation Failure) 1818M->1818M(2065M) 96.181ms
[12.487s][info][gc,cpu         ] GC(169) User=0.59s Sys=0.03s Real=0.10s
[12.527s][info][gc,start       ] GC(170) Pause Young (Allocation Failure)
[12.567s][info][gc,heap        ] GC(170) PSYoungGen: 68768K(107520K)->68832K(97792K) Eden: 34304K(34304K)->0K(27648K) From: 34464K(73216K)->68832K(70144K)
[12.567s][info][gc,heap        ] GC(170) ParOldGen: 1827993K(2007552K)->1827993K(2007552K)
[12.567s][info][gc,metaspace   ] GC(170) Metaspace: 6302K(6464K)->6302K(6464K) NonClass: 5768K(5824K)->5768K(5824K) Class: 533K(640K)->533K(640K)
[12.567s][info][gc             ] GC(170) Pause Young (Allocation Failure) 1852M->1852M(2056M) 40.023ms
[12.567s][info][gc,cpu         ] GC(170) User=0.17s Sys=0.00s Real=0.04s
[12.597s][info][gc,start       ] GC(171) Pause Young (Allocation Failure)
[12.645s][info][gc,heap        ] GC(171) PSYoungGen: 96480K(97792K)->79872K(107520K) Eden: 27648K(27648K)->0K(27648K) From: 68832K(70144K)->79872K(79872K)
[12.645s][info][gc,heap        ] GC(171) ParOldGen: 1827993K(2007552K)->1844689K(2007552K)
[12.645s][info][gc,metaspace   ] GC(171) Metaspace: 6302K(6464K)->6302K(6464K) NonClass: 5768K(5824K)->5768K(5824K) Class: 533K(640K)->533K(640K)
[12.645s][info][gc             ] GC(171) Pause Young (Allocation Failure) 1879M->1879M(2065M) 48.059ms
[12.645s][info][gc,cpu         ] GC(171) User=0.27s Sys=0.00s Real=0.05s
[12.675s][info][gc,start       ] GC(172) Pause Young (Allocation Failure)
[12.729s][info][gc,heap        ] GC(172) PSYoungGen: 107520K(107520K)->51648K(125440K) Eden: 27648K(27648K)->0K(30720K) From: 79872K(79872K)->51648K(94720K)
[12.730s][info][gc,heap        ] GC(172) ParOldGen: 1844689K(2007552K)->1901385K(2007552K)
[12.730s][info][gc,metaspace   ] GC(172) Metaspace: 6302K(6464K)->6302K(6464K) NonClass: 5768K(5824K)->5768K(5824K) Class: 533K(640K)->533K(640K)
[12.730s][info][gc             ] GC(172) Pause Young (Allocation Failure) 1906M->1907M(2083M) 54.675ms
[12.730s][info][gc,cpu         ] GC(172) User=0.36s Sys=0.02s Real=0.06s
[12.765s][info][gc,start       ] GC(173) Pause Young (Allocation Failure)
[12.810s][info][gc,heap        ] GC(173) PSYoungGen: 82368K(125440K)->58560K(126976K) Eden: 30720K(30720K)->0K(30720K) From: 51648K(94720K)->58560K(96256K)
[12.810s][info][gc,heap        ] GC(173) ParOldGen: 1901385K(2007552K)->1925569K(2007552K)
[12.810s][info][gc,metaspace   ] GC(173) Metaspace: 6302K(6464K)->6302K(6464K) NonClass: 5768K(5824K)->5768K(5824K) Class: 533K(640K)->533K(640K)
[12.810s][info][gc             ] GC(173) Pause Young (Allocation Failure) 1937M->1937M(2084M) 44.924ms
[12.810s][info][gc,cpu         ] GC(173) User=0.22s Sys=0.03s Real=0.04s
[12.850s][info][gc,start       ] GC(174) Pause Young (Allocation Failure)
[12.900s][info][gc,heap        ] GC(174) PSYoungGen: 89280K(126976K)->61664K(130048K) Eden: 30720K(30720K)->0K(33280K) From: 58560K(96256K)->61664K(96768K)
[12.900s][info][gc,heap        ] GC(174) ParOldGen: 1925569K(2007552K)->1953585K(2007552K)
[12.900s][info][gc,metaspace   ] GC(174) Metaspace: 6302K(6464K)->6302K(6464K) NonClass: 5768K(5824K)->5768K(5824K) Class: 533K(640K)->533K(640K)
[12.900s][info][gc             ] GC(174) Pause Young (Allocation Failure) 1967M->1968M(2087M) 49.231ms
[12.900s][info][gc,cpu         ] GC(174) User=0.25s Sys=0.00s Real=0.05s
[12.939s][info][gc,start       ] GC(175) Pause Young (Allocation Failure)
[12.991s][info][gc,heap        ] GC(175) PSYoungGen: 94944K(130048K)->64256K(131072K) Eden: 33280K(33280K)->0K(33280K) From: 61664K(96768K)->64256K(97792K)
[12.991s][info][gc,heap        ] GC(175) ParOldGen: 1953585K(2007552K)->1984745K(2007552K)
[12.991s][info][gc,metaspace   ] GC(175) Metaspace: 6302K(6464K)->6302K(6464K) NonClass: 5768K(5824K)->5768K(5824K) Class: 533K(640K)->533K(640K)
[12.991s][info][gc             ] GC(175) Pause Young (Allocation Failure) 2000M->2000M(2088M) 52.078ms
[12.991s][info][gc,cpu         ] GC(175) User=0.28s Sys=0.00s Real=0.05s
[12.991s][info][gc,start       ] GC(176) Pause Full (Ergonomics)
[12.991s][info][gc,phases,start] GC(176) Marking Phase
[13.461s][info][gc,phases      ] GC(176) Marking Phase 470.502ms
[13.462s][info][gc,phases,start] GC(176) Summary Phase
[13.462s][info][gc,phases      ] GC(176) Summary Phase 0.137ms
[13.462s][info][gc,phases,start] GC(176) Adjust Roots
[13.462s][info][gc,phases      ] GC(176) Adjust Roots 0.195ms
[13.462s][info][gc,phases,start] GC(176) Compaction Phase
[13.649s][info][gc,phases      ] GC(176) Compaction Phase 187.023ms
[13.649s][info][gc,phases,start] GC(176) Post Compact
[13.653s][info][gc,phases      ] GC(176) Post Compact 4.022ms
[13.654s][info][gc,heap        ] GC(176) PSYoungGen: 64256K(131072K)->38901K(131072K) Eden: 0K(33280K)->0K(33280K) From: 64256K(97792K)->38901K(97792K)
[13.654s][info][gc,heap        ] GC(176) ParOldGen: 1984745K(2007552K)->2007370K(2216960K)
[13.654s][info][gc,metaspace   ] GC(176) Metaspace: 6302K(6464K)->6302K(6464K) NonClass: 5768K(5824K)->5768K(5824K) Class: 533K(640K)->533K(640K)
[13.654s][info][gc             ] GC(176) Pause Full (Ergonomics) 2000M->1998M(2293M) 663.163ms
[13.654s][info][gc,cpu         ] GC(176) User=4.89s Sys=0.00s Real=0.66s
[13.688s][info][gc,start       ] GC(177) Pause Young (Allocation Failure)
[13.812s][info][gc,heap        ] GC(177) PSYoungGen: 72181K(131072K)->54176K(129536K) Eden: 33280K(33280K)->0K(36352K) From: 38901K(97792K)->54176K(93184K)
[13.812s][info][gc,heap        ] GC(177) ParOldGen: 2007370K(2216960K)->2025850K(2216960K)
[13.813s][info][gc,metaspace   ] GC(177) Metaspace: 6302K(6464K)->6302K(6464K) NonClass: 5768K(5824K)->5768K(5824K) Class: 533K(640K)->533K(640K)
[13.813s][info][gc             ] GC(177) Pause Young (Allocation Failure) 2030M->2031M(2291M) 124.563ms
[13.813s][info][gc,cpu         ] GC(177) User=0.75s Sys=0.02s Real=0.12s
[13.851s][info][gc,start       ] GC(178) Pause Young (Allocation Failure)
[13.899s][info][gc,heap        ] GC(178) PSYoungGen: 90528K(129536K)->90592K(133120K) Eden: 36352K(36352K)->0K(36352K) From: 54176K(93184K)->90592K(96768K)
[13.899s][info][gc,heap        ] GC(178) ParOldGen: 2025850K(2216960K)->2025850K(2216960K)
[13.899s][info][gc,metaspace   ] GC(178) Metaspace: 6302K(6464K)->6302K(6464K) NonClass: 5768K(5824K)->5768K(5824K) Class: 533K(640K)->533K(640K)
[13.899s][info][gc             ] GC(178) Pause Young (Allocation Failure) 2066M->2066M(2295M) 48.500ms
[13.899s][info][gc,cpu         ] GC(178) User=0.27s Sys=0.00s Real=0.05s
[13.937s][info][gc,start       ] GC(179) Pause Young (Allocation Failure)
[14.005s][info][gc,heap        ] GC(179) PSYoungGen: 126944K(133120K)->107520K(125952K) Eden: 36352K(36352K)->0K(18432K) From: 90592K(96768K)->107520K(107520K)
[14.006s][info][gc,heap        ] GC(179) ParOldGen: 2025850K(2216960K)->2045410K(2216960K)
[14.006s][info][gc,metaspace   ] GC(179) Metaspace: 6302K(6464K)->6302K(6464K) NonClass: 5768K(5824K)->5768K(5824K) Class: 533K(640K)->533K(640K)
[14.006s][info][gc             ] GC(179) Pause Young (Allocation Failure) 2102M->2102M(2288M) 68.729ms
[14.006s][info][gc,cpu         ] GC(179) User=0.47s Sys=0.03s Real=0.07s
[14.025s][info][gc,start       ] GC(180) Pause Young (Allocation Failure)
[14.094s][info][gc,heap        ] GC(180) PSYoungGen: 125952K(125952K)->80480K(147968K) Eden: 18432K(18432K)->0K(18432K) From: 107520K(107520K)->80480K(129536K)
[14.094s][info][gc,heap        ] GC(180) ParOldGen: 2045410K(2216960K)->2091578K(2216960K)
[14.094s][info][gc,metaspace   ] GC(180) Metaspace: 6302K(6464K)->6302K(6464K) NonClass: 5768K(5824K)->5768K(5824K) Class: 533K(640K)->533K(640K)
[14.094s][info][gc             ] GC(180) Pause Young (Allocation Failure) 2120M->2121M(2309M) 69.121ms
[14.094s][info][gc,cpu         ] GC(180) User=0.47s Sys=0.02s Real=0.07s
[14.115s][info][gc,start       ] GC(181) Pause Young (Allocation Failure)
[14.168s][info][gc,heap        ] GC(181) PSYoungGen: 98912K(147968K)->69184K(142848K) Eden: 18432K(18432K)->0K(20992K) From: 80480K(129536K)->69184K(121856K)
[14.169s][info][gc,heap        ] GC(181) ParOldGen: 2091578K(2216960K)->2121658K(2216960K)
[14.169s][info][gc,metaspace   ] GC(181) Metaspace: 6302K(6464K)->6302K(6464K) NonClass: 5768K(5824K)->5768K(5824K) Class: 533K(640K)->533K(640K)
[14.169s][info][gc             ] GC(181) Pause Young (Allocation Failure) 2139M->2139M(2304M) 53.207ms
[14.169s][info][gc,cpu         ] GC(181) User=0.31s Sys=0.06s Real=0.05s
[14.194s][info][gc,start       ] GC(182) Pause Young (Allocation Failure)
[14.243s][info][gc,heap        ] GC(182) PSYoungGen: 90176K(142848K)->39584K(146944K) Eden: 20992K(20992K)->0K(20992K) From: 69184K(121856K)->39584K(125952K)
[14.243s][info][gc,heap        ] GC(182) ParOldGen: 2121658K(2216960K)->2172858K(2216960K)
[14.243s][info][gc,metaspace   ] GC(182) Metaspace: 6302K(6464K)->6302K(6464K) NonClass: 5768K(5824K)->5768K(5824K) Class: 533K(640K)->533K(640K)
[14.243s][info][gc             ] GC(182) Pause Young (Allocation Failure) 2159M->2160M(2308M) 49.721ms
[14.243s][info][gc,cpu         ] GC(182) User=0.27s Sys=0.00s Real=0.05s
[14.243s][info][gc,start       ] GC(183) Pause Full (Ergonomics)
[14.243s][info][gc,phases,start] GC(183) Marking Phase
[14.747s][info][gc,phases      ] GC(183) Marking Phase 503.233ms
[14.747s][info][gc,phases,start] GC(183) Summary Phase
[14.747s][info][gc,phases      ] GC(183) Summary Phase 0.053ms
[14.747s][info][gc,phases,start] GC(183) Adjust Roots
[14.747s][info][gc,phases      ] GC(183) Adjust Roots 0.160ms
[14.747s][info][gc,phases,start] GC(183) Compaction Phase
[14.932s][info][gc,phases      ] GC(183) Compaction Phase 185.032ms
[14.932s][info][gc,phases,start] GC(183) Post Compact
[14.936s][info][gc,phases      ] GC(183) Post Compact 4.274ms
[14.938s][info][gc,heap        ] GC(183) PSYoungGen: 39584K(146944K)->0K(147968K) Eden: 0K(20992K)->0K(24064K) From: 39584K(125952K)->0K(123904K)
[14.938s][info][gc,heap        ] GC(183) ParOldGen: 2172858K(2216960K)->2209920K(2445312K)
[14.938s][info][gc,metaspace   ] GC(183) Metaspace: 6302K(6464K)->6302K(6464K) NonClass: 5768K(5824K)->5768K(5824K) Class: 533K(640K)->533K(640K)
[14.938s][info][gc             ] GC(183) Pause Full (Ergonomics) 2160M->2158M(2532M) 694.120ms
[14.938s][info][gc,cpu         ] GC(183) User=5.27s Sys=0.03s Real=0.69s
[14.969s][info][gc,start       ] GC(184) Pause Young (Allocation Failure)
[14.995s][info][gc,heap        ] GC(184) PSYoungGen: 24064K(147968K)->24224K(147968K) Eden: 24064K(24064K)->0K(24064K) From: 0K(123904K)->24224K(123904K)
[14.995s][info][gc,heap        ] GC(184) ParOldGen: 2209920K(2445312K)->2209920K(2445312K)
[14.995s][info][gc,metaspace   ] GC(184) Metaspace: 6302K(6464K)->6302K(6464K) NonClass: 5768K(5824K)->5768K(5824K) Class: 533K(640K)->533K(640K)
[14.995s][info][gc             ] GC(184) Pause Young (Allocation Failure) 2181M->2181M(2532M) 25.261ms
[14.995s][info][gc,cpu         ] GC(184) User=0.02s Sys=0.00s Real=0.03s
[15.025s][info][gc,start       ] GC(185) Pause Young (Allocation Failure)
[15.059s][info][gc,heap        ] GC(185) PSYoungGen: 48288K(147968K)->48288K(139776K) Eden: 24064K(24064K)->0K(26624K) From: 24224K(123904K)->48288K(113152K)
[15.059s][info][gc,heap        ] GC(185) ParOldGen: 2209920K(2445312K)->2209920K(2445312K)
[15.059s][info][gc,metaspace   ] GC(185) Metaspace: 6302K(6464K)->6302K(6464K) NonClass: 5768K(5824K)->5768K(5824K) Class: 533K(640K)->533K(640K)
[15.059s][info][gc             ] GC(185) Pause Young (Allocation Failure) 2205M->2205M(2524M) 34.522ms
[15.059s][info][gc,cpu         ] GC(185) User=0.12s Sys=0.00s Real=0.03s
[15.089s][info][gc,start       ] GC(186) Pause Young (Allocation Failure)
[15.129s][info][gc,heap        ] GC(186) PSYoungGen: 74912K(139776K)->74976K(144896K) Eden: 26624K(26624K)->0K(26624K) From: 48288K(113152K)->74976K(118272K)
[15.129s][info][gc,heap        ] GC(186) ParOldGen: 2209920K(2445312K)->2209920K(2445312K)
[15.129s][info][gc,metaspace   ] GC(186) Metaspace: 6302K(6464K)->6302K(6464K) NonClass: 5768K(5824K)->5768K(5824K) Class: 533K(640K)->533K(640K)
[15.129s][info][gc             ] GC(186) Pause Young (Allocation Failure) 2231M->2231M(2529M) 40.367ms
[15.130s][info][gc,cpu         ] GC(186) User=0.17s Sys=0.00s Real=0.04s
[15.162s][info][gc,start       ] GC(187) Pause Young (Allocation Failure)
[15.213s][info][gc,heap        ] GC(187) PSYoungGen: 101600K(144896K)->77504K(147968K) Eden: 26624K(26624K)->0K(28672K) From: 74976K(118272K)->77504K(119296K)
[15.213s][info][gc,heap        ] GC(187) ParOldGen: 2209920K(2445312K)->2234328K(2445312K)
[15.213s][info][gc,metaspace   ] GC(187) Metaspace: 6302K(6464K)->6302K(6464K) NonClass: 5768K(5824K)->5768K(5824K) Class: 533K(640K)->533K(640K)
[15.213s][info][gc             ] GC(187) Pause Young (Allocation Failure) 2257M->2257M(2532M) 51.152ms
[15.213s][info][gc,cpu         ] GC(187) User=0.28s Sys=0.00s Real=0.05s
[15.247s][info][gc,start       ] GC(188) Pause Young (Allocation Failure)
[15.300s][info][gc,heap        ] GC(188) PSYoungGen: 106176K(147968K)->82112K(148992K) Eden: 28672K(28672K)->0K(28672K) From: 77504K(119296K)->82112K(120320K)
[15.300s][info][gc,heap        ] GC(188) ParOldGen: 2234328K(2445312K)->2258704K(2445312K)
[15.300s][info][gc,metaspace   ] GC(188) Metaspace: 6302K(6464K)->6302K(6464K) NonClass: 5768K(5824K)->5768K(5824K) Class: 533K(640K)->533K(640K)
[15.300s][info][gc             ] GC(188) Pause Young (Allocation Failure) 2285M->2285M(2533M) 53.445ms
[15.300s][info][gc,cpu         ] GC(188) User=0.39s Sys=0.00s Real=0.05s
[15.336s][info][gc,start       ] GC(189) Pause Young (Allocation Failure)
[15.391s][info][gc,heap        ] GC(189) PSYoungGen: 110784K(148992K)->84160K(152576K) Eden: 28672K(28672K)->0K(30208K) From: 82112K(120320K)->84160K(122368K)
[15.391s][info][gc,heap        ] GC(189) ParOldGen: 2258704K(2445312K)->2285560K(2445312K)
[15.391s][info][gc,metaspace   ] GC(189) Metaspace: 6302K(6464K)->6302K(6464K) NonClass: 5768K(5824K)->5768K(5824K) Class: 533K(640K)->533K(640K)
[15.391s][info][gc             ] GC(189) Pause Young (Allocation Failure) 2313M->2314M(2537M) 55.110ms
[15.391s][info][gc,cpu         ] GC(189) User=0.39s Sys=0.00s Real=0.06s
[15.425s][info][gc,start       ] GC(190) Pause Young (Allocation Failure)
[15.482s][info][gc,heap        ] GC(190) PSYoungGen: 114368K(152576K)->87744K(154624K) Eden: 30208K(30208K)->0K(30208K) From: 84160K(122368K)->87744K(124416K)
[15.482s][info][gc,heap        ] GC(190) ParOldGen: 2285560K(2445312K)->2312424K(2445312K)
[15.482s][info][gc,metaspace   ] GC(190) Metaspace: 6302K(6464K)->6302K(6464K) NonClass: 5768K(5824K)->5768K(5824K) Class: 533K(640K)->533K(640K)
[15.482s][info][gc             ] GC(190) Pause Young (Allocation Failure) 2343M->2343M(2539M) 56.635ms
[15.482s][info][gc,cpu         ] GC(190) User=0.38s Sys=0.00s Real=0.06s
[15.519s][info][gc,start       ] GC(191) Pause Young (Allocation Failure)
[15.578s][info][gc,heap        ] GC(191) PSYoungGen: 117952K(154624K)->89344K(159232K) Eden: 30208K(30208K)->0K(31744K) From: 87744K(124416K)->89344K(127488K)
[15.578s][info][gc,heap        ] GC(191) ParOldGen: 2312424K(2445312K)->2341352K(2445312K)
[15.578s][info][gc,metaspace   ] GC(191) Metaspace: 6302K(6464K)->6302K(6464K) NonClass: 5768K(5824K)->5768K(5824K) Class: 533K(640K)->533K(640K)
[15.578s][info][gc             ] GC(191) Pause Young (Allocation Failure) 2373M->2373M(2543M) 59.900ms
[15.578s][info][gc,cpu         ] GC(191) User=0.33s Sys=0.06s Real=0.06s
[15.616s][info][gc,start       ] GC(192) Pause Young (Allocation Failure)
[15.677s][info][gc,heap        ] GC(192) PSYoungGen: 121088K(159232K)->92352K(161280K) Eden: 31744K(31744K)->0K(31744K) From: 89344K(127488K)->92352K(129536K)
[15.677s][info][gc,heap        ] GC(192) ParOldGen: 2341352K(2445312K)->2370280K(2445312K)
[15.677s][info][gc,metaspace   ] GC(192) Metaspace: 6302K(6464K)->6302K(6464K) NonClass: 5768K(5824K)->5768K(5824K) Class: 533K(640K)->533K(640K)
[15.677s][info][gc             ] GC(192) Pause Young (Allocation Failure) 2404M->2404M(2545M) 61.254ms
[15.678s][info][gc,cpu         ] GC(192) User=0.39s Sys=0.00s Real=0.06s
[15.718s][info][gc,start       ] GC(193) Pause Young (Allocation Failure)
[15.780s][info][gc,heap        ] GC(193) PSYoungGen: 124096K(161280K)->93920K(165376K) Eden: 31744K(31744K)->0K(33280K) From: 92352K(129536K)->93920K(132096K)
[15.780s][info][gc,heap        ] GC(193) ParOldGen: 2370280K(2445312K)->2400752K(2445312K)
[15.780s][info][gc,metaspace   ] GC(193) Metaspace: 6302K(6464K)->6302K(6464K) NonClass: 5768K(5824K)->5768K(5824K) Class: 533K(640K)->533K(640K)
[15.780s][info][gc             ] GC(193) Pause Young (Allocation Failure) 2435M->2436M(2549M) 62.201ms
[15.780s][info][gc,cpu         ] GC(193) User=0.38s Sys=0.00s Real=0.06s
[15.780s][info][gc,start       ] GC(194) Pause Full (Ergonomics)
[15.780s][info][gc,phases,start] GC(194) Marking Phase
[16.334s][info][gc,phases      ] GC(194) Marking Phase 553.678ms
[16.334s][info][gc,phases,start] GC(194) Summary Phase
[16.334s][info][gc,phases      ] GC(194) Summary Phase 0.045ms
[16.334s][info][gc,phases,start] GC(194) Adjust Roots
[16.334s][info][gc,phases      ] GC(194) Adjust Roots 0.158ms
[16.334s][info][gc,phases,start] GC(194) Compaction Phase
[16.545s][info][gc,phases      ] GC(194) Compaction Phase 210.450ms
[16.545s][info][gc,phases,start] GC(194) Post Compact
[16.549s][info][gc,phases      ] GC(194) Post Compact 4.397ms
[16.550s][info][gc,heap        ] GC(194) PSYoungGen: 93920K(165376K)->47083K(165376K) Eden: 0K(33280K)->0K(33280K) From: 93920K(132096K)->47083K(132096K)
[16.550s][info][gc,heap        ] GC(194) ParOldGen: 2400752K(2445312K)->2445140K(2689024K)
[16.550s][info][gc,metaspace   ] GC(194) Metaspace: 6302K(6464K)->6302K(6464K) NonClass: 5768K(5824K)->5768K(5824K) Class: 533K(640K)->533K(640K)
[16.550s][info][gc             ] GC(194) Pause Full (Ergonomics) 2436M->2433M(2787M) 769.882ms
[16.550s][info][gc,cpu         ] GC(194) User=5.86s Sys=0.02s Real=0.77s
[16.591s][info][gc,start       ] GC(195) Pause Young (Allocation Failure)
[16.741s][info][gc,heap        ] GC(195) PSYoungGen: 80363K(165376K)->66496K(99840K) Eden: 33280K(33280K)->0K(33280K) From: 47083K(132096K)->66496K(66560K)
[16.741s][info][gc,heap        ] GC(195) ParOldGen: 2445140K(2689024K)->2459404K(2689024K)
[16.741s][info][gc,metaspace   ] GC(195) Metaspace: 6302K(6464K)->6302K(6464K) NonClass: 5768K(5824K)->5768K(5824K) Class: 533K(640K)->533K(640K)
[16.741s][info][gc             ] GC(195) Pause Young (Allocation Failure) 2466M->2466M(2723M) 150.422ms
[16.741s][info][gc,cpu         ] GC(195) User=1.03s Sys=0.00s Real=0.15s
[16.780s][info][gc,start       ] GC(196) Pause Young (Allocation Failure)
[16.836s][info][gc,heap        ] GC(196) PSYoungGen: 99776K(99840K)->82816K(162304K) Eden: 33280K(33280K)->0K(36864K) From: 66496K(66560K)->82816K(125440K)
[16.836s][info][gc,heap        ] GC(196) ParOldGen: 2459404K(2689024K)->2476532K(2689024K)
[16.836s][info][gc,metaspace   ] GC(196) Metaspace: 6302K(6464K)->6302K(6464K) NonClass: 5768K(5824K)->5768K(5824K) Class: 533K(640K)->533K(640K)
[16.836s][info][gc             ] GC(196) Pause Young (Allocation Failure) 2499M->2499M(2784M) 55.714ms
[16.836s][info][gc,cpu         ] GC(196) User=0.39s Sys=0.00s Real=0.05s
[16.880s][info][gc,start       ] GC(197) Pause Young (Allocation Failure)
[16.944s][info][gc,heap        ] GC(197) PSYoungGen: 119680K(162304K)->103712K(164352K) Eden: 36864K(36864K)->0K(36864K) From: 82816K(125440K)->103712K(127488K)
[16.945s][info][gc,heap        ] GC(197) ParOldGen: 2476532K(2689024K)->2492764K(2689024K)
[16.945s][info][gc,metaspace   ] GC(197) Metaspace: 6302K(6464K)->6302K(6464K) NonClass: 5768K(5824K)->5768K(5824K) Class: 533K(640K)->533K(640K)
[16.945s][info][gc             ] GC(197) Pause Young (Allocation Failure) 2535M->2535M(2786M) 64.939ms
[16.945s][info][gc,cpu         ] GC(197) User=0.39s Sys=0.00s Real=0.06s
[16.989s][info][gc,start       ] GC(198) Pause Young (Allocation Failure)
[17.065s][info][gc,heap        ] GC(198) PSYoungGen: 140576K(164352K)->107232K(168960K) Eden: 36864K(36864K)->0K(35328K) From: 103712K(127488K)->107232K(133632K)
[17.065s][info][gc,heap        ] GC(198) ParOldGen: 2492764K(2689024K)->2526348K(2689024K)
[17.065s][info][gc,metaspace   ] GC(198) Metaspace: 6302K(6464K)->6302K(6464K) NonClass: 5768K(5824K)->5768K(5824K) Class: 533K(640K)->533K(640K)
[17.065s][info][gc             ] GC(198) Pause Young (Allocation Failure) 2571M->2571M(2791M) 75.618ms
[17.065s][info][gc,cpu         ] GC(198) User=0.44s Sys=0.03s Real=0.08s
[17.110s][info][gc,start       ] GC(199) Pause Young (Allocation Failure)
[17.185s][info][gc,heap        ] GC(199) PSYoungGen: 142560K(168960K)->109280K(174592K) Eden: 35328K(35328K)->0K(35328K) From: 107232K(133632K)->109280K(139264K)
[17.185s][info][gc,heap        ] GC(199) ParOldGen: 2526348K(2689024K)->2559924K(2689024K)
[17.185s][info][gc,metaspace   ] GC(199) Metaspace: 6302K(6464K)->6302K(6464K) NonClass: 5768K(5824K)->5768K(5824K) Class: 533K(640K)->533K(640K)
[17.185s][info][gc             ] GC(199) Pause Young (Allocation Failure) 2606M->2606M(2796M) 74.662ms
[17.185s][info][gc,cpu         ] GC(199) User=0.50s Sys=0.00s Real=0.07s
[17.229s][info][gc,start       ] GC(200) Pause Young (Allocation Failure)
[17.308s][info][gc,heap        ] GC(200) PSYoungGen: 144608K(174592K)->107808K(180736K) Eden: 35328K(35328K)->0K(36864K) From: 109280K(139264K)->107808K(143872K)
[17.308s][info][gc,heap        ] GC(200) ParOldGen: 2559924K(2689024K)->2597116K(2689024K)
[17.308s][info][gc,metaspace   ] GC(200) Metaspace: 6302K(6464K)->6302K(6464K) NonClass: 5768K(5824K)->5768K(5824K) Class: 533K(640K)->533K(640K)
[17.308s][info][gc             ] GC(200) Pause Young (Allocation Failure) 2641M->2641M(2802M) 78.945ms
[17.308s][info][gc,cpu         ] GC(200) User=0.48s Sys=0.03s Real=0.08s
[17.353s][info][gc,start       ] GC(201) Pause Young (Allocation Failure)
[17.435s][info][gc,heap        ] GC(201) PSYoungGen: 144672K(180736K)->72384K(183808K) Eden: 36864K(36864K)->0K(36864K) From: 107808K(143872K)->72384K(146944K)
[17.435s][info][gc,heap        ] GC(201) ParOldGen: 2597116K(2689024K)->2669932K(2689024K)
[17.435s][info][gc,metaspace   ] GC(201) Metaspace: 6302K(6464K)->6302K(6464K) NonClass: 5768K(5824K)->5768K(5824K) Class: 533K(640K)->533K(640K)
[17.435s][info][gc             ] GC(201) Pause Young (Allocation Failure) 2677M->2678M(2805M) 81.450ms
[17.435s][info][gc,cpu         ] GC(201) User=0.52s Sys=0.02s Real=0.08s
[17.435s][info][gc,start       ] GC(202) Pause Full (Ergonomics)
[17.435s][info][gc,phases,start] GC(202) Marking Phase
[18.051s][info][gc,phases      ] GC(202) Marking Phase 616.446ms
[18.051s][info][gc,phases,start] GC(202) Summary Phase
[18.051s][info][gc,phases      ] GC(202) Summary Phase 0.047ms
[18.051s][info][gc,phases,start] GC(202) Adjust Roots
[18.052s][info][gc,phases      ] GC(202) Adjust Roots 0.161ms
[18.052s][info][gc,phases,start] GC(202) Compaction Phase
[18.279s][info][gc,phases      ] GC(202) Compaction Phase 226.930ms
[18.279s][info][gc,phases,start] GC(202) Post Compact
[18.283s][info][gc,phases      ] GC(202) Post Compact 4.718ms
[18.284s][info][gc,heap        ] GC(202) PSYoungGen: 72384K(183808K)->51170K(183808K) Eden: 0K(36864K)->0K(36864K) From: 72384K(146944K)->51170K(146944K)
[18.284s][info][gc,heap        ] GC(202) ParOldGen: 2669932K(2689024K)->2688641K(2971136K)
[18.284s][info][gc,metaspace   ] GC(202) Metaspace: 6302K(6464K)->6302K(6464K) NonClass: 5768K(5824K)->5768K(5824K) Class: 533K(640K)->533K(640K)
[18.284s][info][gc             ] GC(202) Pause Full (Ergonomics) 2678M->2675M(3081M) 849.552ms
[18.284s][info][gc,cpu         ] GC(202) User=6.53s Sys=0.02s Real=0.85s
[18.328s][info][gc,start       ] GC(203) Pause Young (Allocation Failure)
[18.488s][info][gc,heap        ] GC(203) PSYoungGen: 88034K(183808K)->37024K(183296K) Eden: 36864K(36864K)->0K(39936K) From: 51170K(146944K)->37024K(143360K)
[18.488s][info][gc,heap        ] GC(203) ParOldGen: 2688641K(2971136K)->2740321K(2971136K)
[18.488s][info][gc,metaspace   ] GC(203) Metaspace: 6302K(6464K)->6302K(6464K) NonClass: 5768K(5824K)->5768K(5824K) Class: 533K(640K)->533K(640K)
[18.488s][info][gc             ] GC(203) Pause Young (Allocation Failure) 2711M->2712M(3080M) 160.159ms
[18.488s][info][gc,cpu         ] GC(203) User=1.00s Sys=0.02s Real=0.16s
[18.534s][info][gc,start       ] GC(204) Pause Young (Allocation Failure)
[18.580s][info][gc,heap        ] GC(204) PSYoungGen: 76960K(183296K)->40128K(185344K) Eden: 39936K(39936K)->0K(39936K) From: 37024K(143360K)->40128K(145408K)
[18.580s][info][gc,heap        ] GC(204) ParOldGen: 2740321K(2971136K)->2777529K(2971136K)
[18.580s][info][gc,metaspace   ] GC(204) Metaspace: 6302K(6464K)->6302K(6464K) NonClass: 5768K(5824K)->5768K(5824K) Class: 533K(640K)->533K(640K)
[18.580s][info][gc             ] GC(204) Pause Young (Allocation Failure) 2751M->2751M(3082M) 46.647ms
[18.580s][info][gc,cpu         ] GC(204) User=0.25s Sys=0.02s Real=0.05s
[19.220s][info][gc,start       ] GC(205) Pause Full (Ergonomics)
[19.220s][info][gc,phases,start] GC(205) Marking Phase
[19.877s][info][gc,phases      ] GC(205) Marking Phase 656.728ms
[19.877s][info][gc,phases,start] GC(205) Summary Phase
[19.877s][info][gc,phases      ] GC(205) Summary Phase 0.070ms
[19.877s][info][gc,phases,start] GC(205) Adjust Roots
[19.877s][info][gc,phases      ] GC(205) Adjust Roots 0.162ms
[19.877s][info][gc,phases,start] GC(205) Compaction Phase
[20.313s][info][gc,phases      ] GC(205) Compaction Phase 435.699ms
[20.313s][info][gc,phases,start] GC(205) Post Compact
[20.319s][info][gc,phases      ] GC(205) Post Compact 6.315ms
[20.320s][info][gc,heap        ] GC(205) PSYoungGen: 80064K(185344K)->0K(189440K) Eden: 39936K(39936K)->0K(44032K) From: 40128K(145408K)->0K(145408K)
[20.320s][info][gc,heap        ] GC(205) ParOldGen: 2908601K(2971136K)->2921981K(3229696K)
[20.320s][info][gc,metaspace   ] GC(205) Metaspace: 6302K(6464K)->6302K(6464K) NonClass: 5768K(5824K)->5768K(5824K) Class: 533K(640K)->533K(640K)
[20.320s][info][gc             ] GC(205) Pause Full (Ergonomics) 2918M->2853M(3339M) 1100.147ms
[20.320s][info][gc,cpu         ] GC(205) User=7.56s Sys=0.06s Real=1.10s
[20.366s][info][gc,start       ] GC(206) Pause Young (Allocation Failure)
[20.411s][info][gc,heap        ] GC(206) PSYoungGen: 44032K(189440K)->44224K(189440K) Eden: 44032K(44032K)->0K(44032K) From: 0K(145408K)->44224K(145408K)
[20.411s][info][gc,heap        ] GC(206) ParOldGen: 2921981K(3229696K)->2921981K(3229696K)
[20.411s][info][gc,metaspace   ] GC(206) Metaspace: 6302K(6464K)->6302K(6464K) NonClass: 5768K(5824K)->5768K(5824K) Class: 533K(640K)->533K(640K)
[20.411s][info][gc             ] GC(206) Pause Young (Allocation Failure) 2896M->2896M(3339M) 44.766ms
[20.411s][info][gc,cpu         ] GC(206) User=0.06s Sys=0.00s Real=0.04s
[20.461s][info][gc,start       ] GC(207) Pause Young (Allocation Failure)
[20.521s][info][gc,heap        ] GC(207) PSYoungGen: 88256K(189440K)->88256K(188928K) Eden: 44032K(44032K)->0K(48128K) From: 44224K(145408K)->88256K(140800K)
[20.521s][info][gc,heap        ] GC(207) ParOldGen: 2921981K(3229696K)->2921981K(3229696K)
[20.521s][info][gc,metaspace   ] GC(207) Metaspace: 6302K(6464K)->6302K(6464K) NonClass: 5768K(5824K)->5768K(5824K) Class: 533K(640K)->533K(640K)
[20.521s][info][gc             ] GC(207) Pause Young (Allocation Failure) 2939M->2939M(3338M) 60.822ms
[20.521s][info][gc,cpu         ] GC(207) User=0.19s Sys=0.00s Real=0.06s
[20.567s][info][gc,start       ] GC(208) Pause Young (Allocation Failure)
[20.638s][info][gc,heap        ] GC(208) PSYoungGen: 136384K(188928K)->136544K(190464K) Eden: 48128K(48128K)->0K(48128K) From: 88256K(140800K)->136544K(142336K)
[20.638s][info][gc,heap        ] GC(208) ParOldGen: 2921981K(3229696K)->2921981K(3229696K)
[20.638s][info][gc,metaspace   ] GC(208) Metaspace: 6302K(6464K)->6302K(6464K) NonClass: 5768K(5824K)->5768K(5824K) Class: 533K(640K)->533K(640K)
[20.638s][info][gc             ] GC(208) Pause Young (Allocation Failure) 2986M->2986M(3340M) 71.526ms
[20.638s][info][gc,cpu         ] GC(208) User=0.22s Sys=0.00s Real=0.07s
[20.685s][info][gc,start       ] GC(209) Pause Young (Allocation Failure)
[20.773s][info][gc,heap        ] GC(209) PSYoungGen: 184672K(190464K)->158720K(180224K) Eden: 48128K(48128K)->0K(21504K) From: 136544K(142336K)->158720K(158720K)
[20.773s][info][gc,heap        ] GC(209) ParOldGen: 2921981K(3229696K)->2948085K(3229696K)
[20.773s][info][gc,metaspace   ] GC(209) Metaspace: 6302K(6464K)->6302K(6464K) NonClass: 5768K(5824K)->5768K(5824K) Class: 533K(640K)->533K(640K)
[20.773s][info][gc             ] GC(209) Pause Young (Allocation Failure) 3033M->3033M(3330M) 88.179ms
[20.773s][info][gc,cpu         ] GC(209) User=0.56s Sys=0.06s Real=0.09s
[20.793s][info][gc,start       ] GC(210) Pause Young (Allocation Failure)
[20.879s][info][gc,heap        ] GC(210) PSYoungGen: 180224K(180224K)->100416K(122368K) Eden: 21504K(21504K)->0K(21504K) From: 158720K(158720K)->100416K(100864K)
[20.879s][info][gc,heap        ] GC(210) ParOldGen: 2948085K(3229696K)->3028629K(3229696K)
[20.879s][info][gc,metaspace   ] GC(210) Metaspace: 6302K(6464K)->6302K(6464K) NonClass: 5768K(5824K)->5768K(5824K) Class: 533K(640K)->533K(640K)
[20.879s][info][gc             ] GC(210) Pause Young (Allocation Failure) 3054M->3055M(3273M) 86.587ms
[20.879s][info][gc,cpu         ] GC(210) User=0.44s Sys=0.09s Real=0.09s
[20.900s][info][gc,start       ] GC(211) Pause Young (Allocation Failure)
[20.966s][info][gc,heap        ] GC(211) PSYoungGen: 121920K(122368K)->43136K(206848K) Eden: 21504K(21504K)->0K(24576K) From: 100416K(100864K)->43136K(182272K)
[20.966s][info][gc,heap        ] GC(211) ParOldGen: 3028629K(3229696K)->3107965K(3229696K)
[20.966s][info][gc,metaspace   ] GC(211) Metaspace: 6302K(6464K)->6302K(6464K) NonClass: 5768K(5824K)->5768K(5824K) Class: 533K(640K)->533K(640K)
[20.966s][info][gc             ] GC(211) Pause Young (Allocation Failure) 3076M->3077M(3356M) 65.711ms
[20.966s][info][gc,cpu         ] GC(211) User=0.27s Sys=0.05s Real=0.07s
[20.993s][info][gc,start       ] GC(212) Pause Young (Allocation Failure)
[21.044s][info][gc,heap        ] GC(212) PSYoungGen: 67712K(206848K)->24704K(207360K) Eden: 24576K(24576K)->0K(24576K) From: 43136K(182272K)->24704K(182784K)
[21.044s][info][gc,heap        ] GC(212) ParOldGen: 3107965K(3229696K)->3151317K(3229696K)
[21.044s][info][gc,metaspace   ] GC(212) Metaspace: 6302K(6464K)->6302K(6464K) NonClass: 5768K(5824K)->5768K(5824K) Class: 533K(640K)->533K(640K)
[21.044s][info][gc             ] GC(212) Pause Young (Allocation Failure) 3101M->3101M(3356M) 51.508ms
[21.044s][info][gc,cpu         ] GC(212) User=0.14s Sys=0.02s Real=0.05s
[21.045s][info][gc,start       ] GC(213) Pause Full (Ergonomics)
[21.045s][info][gc,phases,start] GC(213) Marking Phase
[21.772s][info][gc,phases      ] GC(213) Marking Phase 727.472ms
[21.772s][info][gc,phases,start] GC(213) Summary Phase
[21.772s][info][gc,phases      ] GC(213) Summary Phase 0.072ms
[21.772s][info][gc,phases,start] GC(213) Adjust Roots
[21.772s][info][gc,phases      ] GC(213) Adjust Roots 0.162ms
[21.772s][info][gc,phases,start] GC(213) Compaction Phase
[22.074s][info][gc,phases      ] GC(213) Compaction Phase 301.530ms
[22.074s][info][gc,phases,start] GC(213) Post Compact
[22.080s][info][gc,phases      ] GC(213) Post Compact 5.651ms
[22.081s][info][gc,heap        ] GC(213) PSYoungGen: 24704K(207360K)->0K(211968K) Eden: 0K(24576K)->0K(28160K) From: 24704K(182784K)->0K(183808K)
[22.081s][info][gc,heap        ] GC(213) ParOldGen: 3151317K(3229696K)->3173670K(3525632K)
[22.081s][info][gc,metaspace   ] GC(213) Metaspace: 6302K(6464K)->6302K(6464K) NonClass: 5768K(5824K)->5768K(5824K) Class: 533K(640K)->533K(640K)
[22.081s][info][gc             ] GC(213) Pause Full (Ergonomics) 3101M->3099M(3650M) 1036.300ms
[22.081s][info][gc,cpu         ] GC(213) User=7.53s Sys=0.00s Real=1.04s
[22.114s][info][gc,start       ] GC(214) Pause Young (Allocation Failure)
[22.152s][info][gc,heap        ] GC(214) PSYoungGen: 28160K(211968K)->28288K(211968K) Eden: 28160K(28160K)->0K(28160K) From: 0K(183808K)->28288K(183808K)
[22.152s][info][gc,heap        ] GC(214) ParOldGen: 3173670K(3525632K)->3173670K(3525632K)
[22.152s][info][gc,metaspace   ] GC(214) Metaspace: 6302K(6464K)->6302K(6464K) NonClass: 5768K(5824K)->5768K(5824K) Class: 533K(640K)->533K(640K)
[22.152s][info][gc             ] GC(214) Pause Young (Allocation Failure) 3126M->3126M(3650M) 37.634ms
[22.152s][info][gc,cpu         ] GC(214) User=0.05s Sys=0.00s Real=0.04s
[22.182s][info][gc,start       ] GC(215) Pause Young (Allocation Failure)
[22.235s][info][gc,heap        ] GC(215) PSYoungGen: 56448K(211968K)->56480K(198144K) Eden: 28160K(28160K)->0K(31232K) From: 28288K(183808K)->56480K(166912K)
[22.236s][info][gc,heap        ] GC(215) ParOldGen: 3173670K(3525632K)->3173670K(3525632K)
[22.236s][info][gc,metaspace   ] GC(215) Metaspace: 6302K(6464K)->6302K(6464K) NonClass: 5768K(5824K)->5768K(5824K) Class: 533K(640K)->533K(640K)
[22.236s][info][gc             ] GC(215) Pause Young (Allocation Failure) 3154M->3154M(3636M) 53.206ms
[22.236s][info][gc,cpu         ] GC(215) User=0.17s Sys=0.00s Real=0.05s
[22.268s][info][gc,start       ] GC(216) Pause Young (Allocation Failure)
[22.326s][info][gc,heap        ] GC(216) PSYoungGen: 87712K(198144K)->59552K(91136K) Eden: 31232K(31232K)->0K(31232K) From: 56480K(166912K)->59552K(59904K)
[22.326s][info][gc,heap        ] GC(216) ParOldGen: 3173670K(3525632K)->3202086K(3525632K)
[22.326s][info][gc,metaspace   ] GC(216) Metaspace: 6302K(6464K)->6302K(6464K) NonClass: 5768K(5824K)->5768K(5824K) Class: 533K(640K)->533K(640K)
[22.326s][info][gc             ] GC(216) Pause Young (Allocation Failure) 3184M->3185M(3532M) 58.015ms
[22.326s][info][gc,cpu         ] GC(216) User=0.12s Sys=0.02s Real=0.06s
[22.356s][info][gc,start       ] GC(217) Pause Young (Allocation Failure)
[22.413s][info][gc,heap        ] GC(217) PSYoungGen: 90784K(91136K)->62656K(186880K) Eden: 31232K(31232K)->0K(35328K) From: 59552K(59904K)->62656K(151552K)
[22.413s][info][gc,heap        ] GC(217) ParOldGen: 3202086K(3525632K)->3230494K(3525632K)
[22.413s][info][gc,metaspace   ] GC(217) Metaspace: 6302K(6464K)->6302K(6464K) NonClass: 5768K(5824K)->5768K(5824K) Class: 533K(640K)->533K(640K)
[22.413s][info][gc             ] GC(217) Pause Young (Allocation Failure) 3215M->3215M(3625M) 57.350ms
[22.413s][info][gc,cpu         ] GC(217) User=0.20s Sys=0.00s Real=0.06s
[22.449s][info][gc,start       ] GC(218) Pause Young (Allocation Failure)
[22.507s][info][gc,heap        ] GC(218) PSYoungGen: 97984K(186880K)->66784K(102400K) Eden: 35328K(35328K)->0K(35328K) From: 62656K(151552K)->66784K(67072K)
[22.507s][info][gc,heap        ] GC(218) ParOldGen: 3230494K(3525632K)->3261998K(3525632K)
[22.507s][info][gc,metaspace   ] GC(218) Metaspace: 6302K(6464K)->6302K(6464K) NonClass: 5768K(5824K)->5768K(5824K) Class: 533K(640K)->533K(640K)
[22.507s][info][gc             ] GC(218) Pause Young (Allocation Failure) 3250M->3250M(3543M) 58.873ms
[22.507s][info][gc,cpu         ] GC(218) User=0.28s Sys=0.02s Real=0.06s
[22.546s][info][gc,start       ] GC(219) Pause Young (Allocation Failure)
[22.608s][info][gc,heap        ] GC(219) PSYoungGen: 102112K(102400K)->70848K(175616K) Eden: 35328K(35328K)->0K(39936K) From: 66784K(67072K)->70848K(135680K)
[22.608s][info][gc,heap        ] GC(219) ParOldGen: 3261998K(3525632K)->3293510K(3525632K)
[22.608s][info][gc,metaspace   ] GC(219) Metaspace: 6302K(6464K)->6302K(6464K) NonClass: 5768K(5824K)->5768K(5824K) Class: 533K(640K)->533K(640K)
[22.608s][info][gc             ] GC(219) Pause Young (Allocation Failure) 3285M->3285M(3614M) 62.340ms
[22.608s][info][gc,cpu         ] GC(219) User=0.16s Sys=0.02s Real=0.06s
[22.651s][info][gc,start       ] GC(220) Pause Young (Allocation Failure)
[22.715s][info][gc,heap        ] GC(220) PSYoungGen: 110784K(175616K)->75488K(115712K) Eden: 39936K(39936K)->0K(39936K) From: 70848K(135680K)->75488K(75776K)
[22.715s][info][gc,heap        ] GC(220) ParOldGen: 3293510K(3525632K)->3329150K(3525632K)
[22.715s][info][gc,metaspace   ] GC(220) Metaspace: 6302K(6464K)->6302K(6464K) NonClass: 5768K(5824K)->5768K(5824K) Class: 533K(640K)->533K(640K)
[22.715s][info][gc             ] GC(220) Pause Young (Allocation Failure) 3324M->3324M(3556M) 64.472ms
[22.715s][info][gc,cpu         ] GC(220) User=0.20s Sys=0.00s Real=0.06s
[22.757s][info][gc,start       ] GC(221) Pause Young (Allocation Failure)
[22.825s][info][gc,heap        ] GC(221) PSYoungGen: 115424K(115712K)->80160K(175616K) Eden: 39936K(39936K)->0K(45056K) From: 75488K(75776K)->80160K(130560K)
[22.825s][info][gc,heap        ] GC(221) ParOldGen: 3329150K(3525632K)->3364790K(3525632K)
[22.825s][info][gc,metaspace   ] GC(221) Metaspace: 6302K(6464K)->6302K(6464K) NonClass: 5768K(5824K)->5768K(5824K) Class: 533K(640K)->533K(640K)
[22.825s][info][gc             ] GC(221) Pause Young (Allocation Failure) 3363M->3364M(3614M) 68.154ms
[22.825s][info][gc,cpu         ] GC(221) User=0.17s Sys=0.00s Real=0.07s
[22.869s][info][gc,start       ] GC(222) Pause Young (Allocation Failure)
[22.942s][info][gc,heap        ] GC(222) PSYoungGen: 125216K(175616K)->45216K(179200K) Eden: 45056K(45056K)->0K(45056K) From: 80160K(130560K)->45216K(134144K)
[22.942s][info][gc,heap        ] GC(222) ParOldGen: 3364790K(3525632K)->3445350K(3525632K)
[22.942s][info][gc,metaspace   ] GC(222) Metaspace: 6302K(6464K)->6302K(6464K) NonClass: 5768K(5824K)->5768K(5824K) Class: 533K(640K)->533K(640K)
[22.942s][info][gc             ] GC(222) Pause Young (Allocation Failure) 3408M->3408M(3618M) 73.329ms
[22.942s][info][gc,cpu         ] GC(222) User=0.28s Sys=0.03s Real=0.07s
[22.984s][info][gc,start       ] GC(223) Pause Young (Allocation Failure)
[23.042s][info][gc,heap        ] GC(223) PSYoungGen: 90272K(179200K)->45216K(179200K) Eden: 45056K(45056K)->0K(50688K) From: 45216K(134144K)->45216K(128512K)
[23.042s][info][gc,heap        ] GC(223) ParOldGen: 3445350K(3525632K)->3490822K(3525632K)
[23.042s][info][gc,metaspace   ] GC(223) Metaspace: 6302K(6464K)->6302K(6464K) NonClass: 5768K(5824K)->5768K(5824K) Class: 533K(640K)->533K(640K)
[23.042s][info][gc             ] GC(223) Pause Young (Allocation Failure) 3452M->3453M(3618M) 57.711ms
[23.042s][info][gc,cpu         ] GC(223) User=0.17s Sys=0.03s Real=0.06s
[23.042s][info][gc,start       ] GC(224) Pause Full (Ergonomics)
[23.042s][info][gc,phases,start] GC(224) Marking Phase
[23.859s][info][gc,phases      ] GC(224) Marking Phase 816.988ms
[23.859s][info][gc,phases,start] GC(224) Summary Phase
[23.859s][info][gc,phases      ] GC(224) Summary Phase 0.051ms
[23.859s][info][gc,phases,start] GC(224) Adjust Roots
[23.859s][info][gc,phases      ] GC(224) Adjust Roots 0.160ms
[23.859s][info][gc,phases,start] GC(224) Compaction Phase
[24.574s][info][gc,phases      ] GC(224) Compaction Phase 714.433ms
[24.574s][info][gc,phases,start] GC(224) Post Compact
[24.580s][info][gc,phases      ] GC(224) Post Compact 6.363ms
[24.581s][info][gc,heap        ] GC(224) PSYoungGen: 45216K(179200K)->7246K(181248K) Eden: 0K(50688K)->0K(52736K) From: 45216K(128512K)->7246K(128512K)
[24.581s][info][gc,heap        ] GC(224) ParOldGen: 3490822K(3525632K)->3525526K(3897856K)
[24.581s][info][gc,metaspace   ] GC(224) Metaspace: 6302K(6464K)->6302K(6464K) NonClass: 5768K(5824K)->5768K(5824K) Class: 533K(640K)->533K(640K)
[24.581s][info][gc             ] GC(224) Pause Full (Ergonomics) 3453M->3449M(3983M) 1539.515ms
[24.581s][info][gc,cpu         ] GC(224) User=11.02s Sys=0.05s Real=1.54s
[24.634s][info][gc,start       ] GC(225) Pause Young (Allocation Failure)
[24.810s][info][gc,heap        ] GC(225) PSYoungGen: 59982K(181248K)->52992K(183296K) Eden: 52736K(52736K)->0K(52736K) From: 7246K(128512K)->52992K(130560K)
[24.810s][info][gc,heap        ] GC(225) ParOldGen: 3525526K(3897856K)->3532854K(3897856K)
[24.810s][info][gc,metaspace   ] GC(225) Metaspace: 6302K(6464K)->6302K(6464K) NonClass: 5768K(5824K)->5768K(5824K) Class: 533K(640K)->533K(640K)
[24.810s][info][gc             ] GC(225) Pause Young (Allocation Failure) 3501M->3501M(3985M) 176.043ms
[24.810s][info][gc,cpu         ] GC(225) User=1.14s Sys=0.00s Real=0.18s
[24.865s][info][gc,start       ] GC(226) Pause Young (Allocation Failure)
[24.933s][info][gc,heap        ] GC(226) PSYoungGen: 105728K(183296K)->105792K(175616K) Eden: 52736K(52736K)->0K(49152K) From: 52992K(130560K)->105792K(126464K)
[24.933s][info][gc,heap        ] GC(226) ParOldGen: 3532854K(3897856K)->3532854K(3897856K)
[24.933s][info][gc,metaspace   ] GC(226) Metaspace: 6302K(6464K)->6302K(6464K) NonClass: 5768K(5824K)->5768K(5824K) Class: 533K(640K)->533K(640K)
[24.933s][info][gc             ] GC(226) Pause Young (Allocation Failure) 3553M->3553M(3978M) 67.821ms
[24.933s][info][gc,cpu         ] GC(226) User=0.28s Sys=0.00s Real=0.07s
[24.985s][info][gc,start       ] GC(227) Pause Young (Allocation Failure)
[25.067s][info][gc,heap        ] GC(227) PSYoungGen: 154944K(175616K)->135168K(184320K) Eden: 49152K(49152K)->0K(49152K) From: 105792K(126464K)->135168K(135168K)
[25.067s][info][gc,heap        ] GC(227) ParOldGen: 3532854K(3897856K)->3552718K(3897856K)
[25.067s][info][gc,metaspace   ] GC(227) Metaspace: 6302K(6464K)->6302K(6464K) NonClass: 5768K(5824K)->5768K(5824K) Class: 533K(640K)->533K(640K)
[25.067s][info][gc             ] GC(227) Pause Young (Allocation Failure) 3601M->3601M(3986M) 81.795ms
[25.067s][info][gc,cpu         ] GC(227) User=0.39s Sys=0.00s Real=0.08s
[25.114s][info][gc,start       ] GC(228) Pause Young (Allocation Failure)
[25.206s][info][gc,heap        ] GC(228) PSYoungGen: 184320K(184320K)->94464K(211968K) Eden: 49152K(49152K)->0K(55296K) From: 135168K(135168K)->94464K(156672K)
[25.206s][info][gc,heap        ] GC(228) ParOldGen: 3552718K(3897856K)->3643454K(3897856K)
[25.206s][info][gc,metaspace   ] GC(228) Metaspace: 6302K(6464K)->6302K(6464K) NonClass: 5768K(5824K)->5768K(5824K) Class: 533K(640K)->533K(640K)
[25.206s][info][gc             ] GC(228) Pause Young (Allocation Failure) 3649M->3650M(4013M) 92.854ms
[25.207s][info][gc,cpu         ] GC(228) User=0.61s Sys=0.03s Real=0.09s
[25.261s][info][gc,start       ] GC(229) Pause Young (Allocation Failure)
[25.340s][info][gc,heap        ] GC(229) PSYoungGen: 149760K(211968K)->104736K(213504K) Eden: 55296K(55296K)->0K(55296K) From: 94464K(156672K)->104736K(158208K)
[25.341s][info][gc,heap        ] GC(229) ParOldGen: 3643454K(3897856K)->3688886K(3897856K)
[25.341s][info][gc,metaspace   ] GC(229) Metaspace: 6302K(6464K)->6302K(6464K) NonClass: 5768K(5824K)->5768K(5824K) Class: 533K(640K)->533K(640K)
[25.341s][info][gc             ] GC(229) Pause Young (Allocation Failure) 3704M->3704M(4015M) 79.835ms
[25.341s][info][gc,cpu         ] GC(229) User=0.39s Sys=0.02s Real=0.08s
[25.397s][info][gc,start       ] GC(230) Pause Young (Allocation Failure)
[25.478s][info][gc,heap        ] GC(230) PSYoungGen: 160032K(213504K)->110880K(218624K) Eden: 55296K(55296K)->0K(58880K) From: 104736K(158208K)->110880K(159744K)
[25.478s][info][gc,heap        ] GC(230) ParOldGen: 3688886K(3897856K)->3738486K(3897856K)
[25.478s][info][gc,metaspace   ] GC(230) Metaspace: 6302K(6464K)->6302K(6464K) NonClass: 5768K(5824K)->5768K(5824K) Class: 533K(640K)->533K(640K)
[25.478s][info][gc             ] GC(230) Pause Young (Allocation Failure) 3758M->3759M(4020M) 81.714ms
[25.478s][info][gc,cpu         ] GC(230) User=0.50s Sys=0.03s Real=0.08s
[25.541s][info][gc,start       ] GC(231) Pause Young (Allocation Failure)
[25.629s][info][gc,heap        ] GC(231) PSYoungGen: 169760K(218624K)->114496K(221696K) Eden: 58880K(58880K)->0K(58880K) From: 110880K(159744K)->114496K(162816K)
[25.629s][info][gc,heap        ] GC(231) ParOldGen: 3738486K(3897856K)->3794286K(3897856K)
[25.629s][info][gc,metaspace   ] GC(231) Metaspace: 6302K(6464K)->6302K(6464K) NonClass: 5768K(5824K)->5768K(5824K) Class: 533K(640K)->533K(640K)
[25.629s][info][gc             ] GC(231) Pause Young (Allocation Failure) 3816M->3817M(4023M) 87.658ms
[25.629s][info][gc,cpu         ] GC(231) User=0.62s Sys=0.02s Real=0.09s
[25.688s][info][gc,start       ] GC(232) Pause Young (Allocation Failure)
[25.778s][info][gc,heap        ] GC(232) PSYoungGen: 173376K(221696K)->118112K(228864K) Eden: 58880K(58880K)->0K(62976K) From: 114496K(162816K)->118112K(165888K)
[25.778s][info][gc,heap        ] GC(232) ParOldGen: 3794286K(3897856K)->3850086K(3897856K)
[25.778s][info][gc,metaspace   ] GC(232) Metaspace: 6302K(6464K)->6302K(6464K) NonClass: 5768K(5824K)->5768K(5824K) Class: 533K(640K)->533K(640K)
[25.778s][info][gc             ] GC(232) Pause Young (Allocation Failure) 3874M->3875M(4030M) 89.255ms
[25.778s][info][gc,cpu         ] GC(232) User=0.56s Sys=0.06s Real=0.09s
[25.778s][info][gc,start       ] GC(233) Pause Full (Ergonomics)
[25.778s][info][gc,phases,start] GC(233) Marking Phase
[26.670s][info][gc,phases      ] GC(233) Marking Phase 892.324ms
[26.670s][info][gc,phases,start] GC(233) Summary Phase
[26.670s][info][gc,phases      ] GC(233) Summary Phase 0.054ms
[26.670s][info][gc,phases,start] GC(233) Adjust Roots
[26.670s][info][gc,phases      ] GC(233) Adjust Roots 0.160ms
[26.670s][info][gc,phases,start] GC(233) Compaction Phase
[27.057s][info][gc,phases      ] GC(233) Compaction Phase 386.458ms
[27.057s][info][gc,phases,start] GC(233) Post Compact
[27.064s][info][gc,phases      ] GC(233) Post Compact 7.307ms
[27.066s][info][gc,heap        ] GC(233) PSYoungGen: 118112K(228864K)->67088K(228864K) Eden: 0K(62976K)->0K(62976K) From: 118112K(165888K)->67088K(165888K)
[27.066s][info][gc,heap        ] GC(233) ParOldGen: 3850086K(3897856K)->3897547K(4316672K)
[27.066s][info][gc,metaspace   ] GC(233) Metaspace: 6302K(6464K)->6302K(6464K) NonClass: 5768K(5824K)->5768K(5824K) Class: 533K(640K)->533K(640K)
[27.066s][info][gc             ] GC(233) Pause Full (Ergonomics) 3875M->3871M(4439M) 1287.978ms
[27.066s][info][gc,cpu         ] GC(233) User=9.31s Sys=0.06s Real=1.29s
[27.130s][info][gc,start       ] GC(234) Pause Young (Allocation Failure)
[27.363s][info][gc,heap        ] GC(234) PSYoungGen: 130064K(228864K)->102912K(231936K) Eden: 62976K(62976K)->0K(62976K) From: 67088K(165888K)->102912K(168960K)
[27.363s][info][gc,heap        ] GC(234) ParOldGen: 3897547K(4316672K)->3925315K(4316672K)
[27.363s][info][gc,metaspace   ] GC(234) Metaspace: 6302K(6464K)->6302K(6464K) NonClass: 5768K(5824K)->5768K(5824K) Class: 533K(640K)->533K(640K)
[27.363s][info][gc             ] GC(234) Pause Young (Allocation Failure) 3933M->3933M(4442M) 232.574ms
[27.363s][info][gc,cpu         ] GC(234) User=1.59s Sys=0.03s Real=0.23s
[27.434s][info][gc,start       ] GC(235) Pause Young (Allocation Failure)
[27.521s][info][gc,heap        ] GC(235) PSYoungGen: 165888K(231936K)->165888K(215040K) Eden: 62976K(62976K)->0K(49152K) From: 102912K(168960K)->165888K(165888K)
[27.521s][info][gc,heap        ] GC(235) ParOldGen: 3925315K(4316672K)->3925403K(4316672K)
[27.521s][info][gc,metaspace   ] GC(235) Metaspace: 6302K(6464K)->6302K(6464K) NonClass: 5768K(5824K)->5768K(5824K) Class: 533K(640K)->533K(640K)
[27.521s][info][gc             ] GC(235) Pause Young (Allocation Failure) 3995M->3995M(4425M) 87.065ms
[27.521s][info][gc,cpu         ] GC(235) User=0.56s Sys=0.08s Real=0.09s
[27.577s][info][gc,start       ] GC(236) Pause Young (Allocation Failure)
[27.690s][info][gc,heap        ] GC(236) PSYoungGen: 215040K(215040K)->112416K(235008K) Eden: 49152K(49152K)->0K(49152K) From: 165888K(165888K)->112416K(185856K)
[27.690s][info][gc,heap        ] GC(236) ParOldGen: 3925403K(4316672K)->4028891K(4316672K)
[27.690s][info][gc,metaspace   ] GC(236) Metaspace: 6302K(6464K)->6302K(6464K) NonClass: 5768K(5824K)->5768K(5824K) Class: 533K(640K)->533K(640K)
[27.690s][info][gc             ] GC(236) Pause Young (Allocation Failure) 4043M->4044M(4445M) 113.510ms
[27.690s][info][gc,cpu         ] GC(236) User=0.70s Sys=0.06s Real=0.11s
[27.737s][info][gc,start       ] GC(237) Pause Young (Allocation Failure)
[27.824s][info][gc,heap        ] GC(237) PSYoungGen: 161568K(235008K)->98592K(222208K) Eden: 49152K(49152K)->0K(55296K) From: 112416K(185856K)->98592K(166912K)
[27.824s][info][gc,heap        ] GC(237) ParOldGen: 4028891K(4316672K)->4092347K(4316672K)
[27.824s][info][gc,metaspace   ] GC(237) Metaspace: 6302K(6464K)->6302K(6464K) NonClass: 5768K(5824K)->5768K(5824K) Class: 533K(640K)->533K(640K)
[27.824s][info][gc             ] GC(237) Pause Young (Allocation Failure) 4092M->4092M(4432M) 87.137ms
[27.825s][info][gc,cpu         ] GC(237) User=0.56s Sys=0.06s Real=0.09s
[27.879s][info][gc,start       ] GC(238) Pause Young (Allocation Failure)
[27.960s][info][gc,heap        ] GC(238) PSYoungGen: 153888K(222208K)->104704K(229376K) Eden: 55296K(55296K)->0K(55296K) From: 98592K(166912K)->104704K(174080K)
[27.960s][info][gc,heap        ] GC(238) ParOldGen: 4092347K(4316672K)->4141939K(4316672K)
[27.960s][info][gc,metaspace   ] GC(238) Metaspace: 6302K(6464K)->6302K(6464K) NonClass: 5768K(5824K)->5768K(5824K) Class: 533K(640K)->533K(640K)
[27.960s][info][gc             ] GC(238) Pause Young (Allocation Failure) 4146M->4147M(4439M) 81.403ms
[27.960s][info][gc,cpu         ] GC(238) User=0.48s Sys=0.05s Real=0.08s
[28.022s][info][gc,start       ] GC(239) Pause Young (Allocation Failure)
[28.110s][info][gc,heap        ] GC(239) PSYoungGen: 160000K(229376K)->110912K(224256K) Eden: 55296K(55296K)->0K(61952K) From: 104704K(174080K)->110912K(162304K)
[28.110s][info][gc,heap        ] GC(239) ParOldGen: 4141939K(4316672K)->4191523K(4316672K)
[28.110s][info][gc,metaspace   ] GC(239) Metaspace: 6302K(6464K)->6302K(6464K) NonClass: 5768K(5824K)->5768K(5824K) Class: 533K(640K)->533K(640K)
[28.110s][info][gc             ] GC(239) Pause Young (Allocation Failure) 4201M->4201M(4434M) 88.089ms
[28.110s][info][gc,cpu         ] GC(239) User=0.56s Sys=0.03s Real=0.09s
[28.186s][info][gc,start       ] GC(240) Pause Young (Allocation Failure)
[28.280s][info][gc,heap        ] GC(240) PSYoungGen: 172864K(224256K)->117568K(227328K) Eden: 61952K(61952K)->0K(61952K) From: 110912K(162304K)->117568K(165376K)
[28.280s][info][gc,heap        ] GC(240) ParOldGen: 4191523K(4316672K)->4247315K(4316672K)
[28.280s][info][gc,metaspace   ] GC(240) Metaspace: 6302K(6464K)->6302K(6464K) NonClass: 5768K(5824K)->5768K(5824K) Class: 533K(640K)->533K(640K)
[28.280s][info][gc             ] GC(240) Pause Young (Allocation Failure) 4262M->4262M(4437M) 94.028ms
[28.280s][info][gc,cpu         ] GC(240) User=0.75s Sys=0.00s Real=0.10s
[28.280s][info][gc,start       ] GC(241) Pause Full (Ergonomics)
[28.280s][info][gc,phases,start] GC(241) Marking Phase
[29.280s][info][gc,phases      ] GC(241) Marking Phase 999.982ms
[29.280s][info][gc,phases,start] GC(241) Summary Phase
[29.280s][info][gc,phases      ] GC(241) Summary Phase 0.056ms
[29.280s][info][gc,phases,start] GC(241) Adjust Roots
[29.280s][info][gc,phases      ] GC(241) Adjust Roots 0.164ms
[29.280s][info][gc,phases,start] GC(241) Compaction Phase
[29.693s][info][gc,phases      ] GC(241) Compaction Phase 412.297ms
[29.693s][info][gc,phases,start] GC(241) Post Compact
[29.699s][info][gc,phases      ] GC(241) Post Compact 6.587ms
[29.701s][info][gc,heap        ] GC(241) PSYoungGen: 117568K(227328K)->44617K(227328K) Eden: 0K(61952K)->0K(61952K) From: 117568K(165376K)->44617K(165376K)
[29.701s][info][gc,heap        ] GC(241) ParOldGen: 4247315K(4316672K)->4316607K(4781056K)
[29.701s][info][gc,metaspace   ] GC(241) Metaspace: 6302K(6464K)->6302K(6464K) NonClass: 5768K(5824K)->5768K(5824K) Class: 533K(640K)->533K(640K)
[29.701s][info][gc             ] GC(241) Pause Full (Ergonomics) 4262M->4259M(4891M) 1420.808ms
[29.701s][info][gc,cpu         ] GC(241) User=10.30s Sys=0.06s Real=1.42s
[29.764s][info][gc,start       ] GC(242) Pause Young (Allocation Failure)
[30.012s][info][gc,heap        ] GC(242) PSYoungGen: 106569K(227328K)->80480K(226304K) Eden: 61952K(61952K)->0K(68096K) From: 44617K(165376K)->80480K(158208K)
[30.012s][info][gc,heap        ] GC(242) ParOldGen: 4316607K(4781056K)->4343223K(4781056K)
[30.012s][info][gc,metaspace   ] GC(242) Metaspace: 6302K(6464K)->6302K(6464K) NonClass: 5768K(5824K)->5768K(5824K) Class: 533K(640K)->533K(640K)
[30.012s][info][gc             ] GC(242) Pause Young (Allocation Failure) 4319M->4320M(4890M) 248.188ms
[30.012s][info][gc,cpu         ] GC(242) User=1.77s Sys=0.00s Real=0.25s
[30.077s][info][gc,start       ] GC(243) Pause Young (Allocation Failure)
[30.159s][info][gc,heap        ] GC(243) PSYoungGen: 148576K(226304K)->148768K(230400K) Eden: 68096K(68096K)->0K(68096K) From: 80480K(158208K)->148768K(162304K)
[30.159s][info][gc,heap        ] GC(243) ParOldGen: 4343223K(4781056K)->4343223K(4781056K)
[30.159s][info][gc,metaspace   ] GC(243) Metaspace: 6302K(6464K)->6302K(6464K) NonClass: 5768K(5824K)->5768K(5824K) Class: 533K(640K)->533K(640K)
[30.159s][info][gc             ] GC(243) Pause Young (Allocation Failure) 4386M->4386M(4894M) 82.134ms
[30.159s][info][gc,cpu         ] GC(243) User=0.61s Sys=0.00s Real=0.08s
[30.239s][info][gc,start       ] GC(244) Pause Young (Allocation Failure)
[30.353s][info][gc,heap        ] GC(244) PSYoungGen: 216864K(230400K)->174080K(215040K) Eden: 68096K(68096K)->0K(40960K) From: 148768K(162304K)->174080K(174080K)
[30.353s][info][gc,heap        ] GC(244) ParOldGen: 4343223K(4781056K)->4386263K(4781056K)
[30.353s][info][gc,metaspace   ] GC(244) Metaspace: 6302K(6464K)->6302K(6464K) NonClass: 5768K(5824K)->5768K(5824K) Class: 533K(640K)->533K(640K)
[30.353s][info][gc             ] GC(244) Pause Young (Allocation Failure) 4453M->4453M(4879M) 114.295ms
[30.353s][info][gc,cpu         ] GC(244) User=0.75s Sys=0.03s Real=0.12s
[30.402s][info][gc,start       ] GC(245) Pause Young (Allocation Failure)
[30.520s][info][gc,heap        ] GC(245) PSYoungGen: 215040K(215040K)->150688K(249344K) Eden: 40960K(40960K)->0K(40960K) From: 174080K(174080K)->150688K(208384K)
[30.520s][info][gc,heap        ] GC(245) ParOldGen: 4386263K(4781056K)->4451231K(4781056K)
[30.521s][info][gc,metaspace   ] GC(245) Metaspace: 6302K(6464K)->6302K(6464K) NonClass: 5768K(5824K)->5768K(5824K) Class: 533K(640K)->533K(640K)
[30.521s][info][gc             ] GC(245) Pause Young (Allocation Failure) 4493M->4494M(4912M) 118.169ms
[30.521s][info][gc,cpu         ] GC(245) User=0.86s Sys=0.05s Real=0.12s
[30.564s][info][gc,start       ] GC(246) Pause Young (Allocation Failure)
[30.675s][info][gc,heap        ] GC(246) PSYoungGen: 191648K(249344K)->138592K(253952K) Eden: 40960K(40960K)->0K(46080K) From: 150688K(208384K)->138592K(207872K)
[30.675s][info][gc,heap        ] GC(246) ParOldGen: 4451231K(4781056K)->4504751K(4781056K)
[30.675s][info][gc,metaspace   ] GC(246) Metaspace: 6302K(6464K)->6302K(6464K) NonClass: 5768K(5824K)->5768K(5824K) Class: 533K(640K)->533K(640K)
[30.675s][info][gc             ] GC(246) Pause Young (Allocation Failure) 4534M->4534M(4917M) 110.701ms
[30.675s][info][gc,cpu         ] GC(246) User=0.72s Sys=0.03s Real=0.11s
[30.724s][info][gc,start       ] GC(247) Pause Young (Allocation Failure)
[30.822s][info][gc,heap        ] GC(247) PSYoungGen: 184672K(253952K)->128288K(174592K) Eden: 46080K(46080K)->0K(46080K) From: 138592K(207872K)->128288K(128512K)
[30.822s][info][gc,heap        ] GC(247) ParOldGen: 4504751K(4781056K)->4561655K(4781056K)
[30.822s][info][gc,metaspace   ] GC(247) Metaspace: 6302K(6464K)->6302K(6464K) NonClass: 5768K(5824K)->5768K(5824K) Class: 533K(640K)->533K(640K)
[30.822s][info][gc             ] GC(247) Pause Young (Allocation Failure) 4579M->4580M(4839M) 97.918ms
[30.822s][info][gc,cpu         ] GC(247) User=0.64s Sys=0.02s Real=0.10s
[30.869s][info][gc,start       ] GC(248) Pause Young (Allocation Failure)
[30.963s][info][gc,heap        ] GC(248) PSYoungGen: 174368K(174592K)->92416K(249856K) Eden: 46080K(46080K)->0K(52224K) From: 128288K(128512K)->92416K(197632K)
[30.963s][info][gc,heap        ] GC(248) ParOldGen: 4561655K(4781056K)->4644295K(4781056K)
[30.963s][info][gc,metaspace   ] GC(248) Metaspace: 6302K(6464K)->6302K(6464K) NonClass: 5768K(5824K)->5768K(5824K) Class: 533K(640K)->533K(640K)
[30.963s][info][gc             ] GC(248) Pause Young (Allocation Failure) 4625M->4625M(4913M) 93.595ms
[30.963s][info][gc,cpu         ] GC(248) User=0.62s Sys=0.02s Real=0.09s
[31.025s][info][gc,start       ] GC(249) Pause Young (Allocation Failure)
[31.122s][info][gc,heap        ] GC(249) PSYoungGen: 144640K(249856K)->52416K(252416K) Eden: 52224K(52224K)->0K(52224K) From: 92416K(197632K)->52416K(200192K)
[31.122s][info][gc,heap        ] GC(249) ParOldGen: 4644295K(4781056K)->4737255K(4781056K)
[31.122s][info][gc,metaspace   ] GC(249) Metaspace: 6302K(6464K)->6302K(6464K) NonClass: 5768K(5824K)->5768K(5824K) Class: 533K(640K)->533K(640K)
[31.122s][info][gc             ] GC(249) Pause Young (Allocation Failure) 4676M->4677M(4915M) 96.569ms
[31.122s][info][gc,cpu         ] GC(249) User=0.33s Sys=0.03s Real=0.10s
[31.122s][info][gc,start       ] GC(250) Pause Full (Ergonomics)
[31.122s][info][gc,phases,start] GC(250) Marking Phase
[32.209s][info][gc,phases      ] GC(250) Marking Phase 1087.021ms
[32.209s][info][gc,phases,start] GC(250) Summary Phase
[32.209s][info][gc,phases      ] GC(250) Summary Phase 0.067ms
[32.209s][info][gc,phases,start] GC(250) Adjust Roots
[32.210s][info][gc,phases      ] GC(250) Adjust Roots 0.231ms
[32.210s][info][gc,phases,start] GC(250) Compaction Phase
[32.628s][info][gc,phases      ] GC(250) Compaction Phase 418.229ms
[32.628s][info][gc,phases,start] GC(250) Post Compact
[32.635s][info][gc,phases      ] GC(250) Post Compact 6.876ms
[32.636s][info][gc,heap        ] GC(250) PSYoungGen: 52416K(252416K)->4668K(252416K) Eden: 0K(52224K)->0K(52224K) From: 52416K(200192K)->4668K(200192K)
[32.636s][info][gc,heap        ] GC(250) ParOldGen: 4737255K(4781056K)->4780749K(5297664K)
[32.636s][info][gc,metaspace   ] GC(250) Metaspace: 6302K(6464K)->6302K(6464K) NonClass: 5768K(5824K)->5768K(5824K) Class: 533K(640K)->533K(640K)
[32.636s][info][gc             ] GC(250) Pause Full (Ergonomics) 4677M->4673M(5420M) 1514.204ms
[32.636s][info][gc,cpu         ] GC(250) User=11.41s Sys=0.05s Real=1.52s
[32.694s][info][gc,start       ] GC(251) Pause Young (Allocation Failure)
[32.933s][info][gc,heap        ] GC(251) PSYoungGen: 56892K(252416K)->52448K(261120K) Eden: 52224K(52224K)->0K(57856K) From: 4668K(200192K)->52448K(203264K)
[32.933s][info][gc,heap        ] GC(251) ParOldGen: 4780749K(5297664K)->4785493K(5297664K)
[32.933s][info][gc,metaspace   ] GC(251) Metaspace: 6302K(6464K)->6302K(6464K) NonClass: 5768K(5824K)->5768K(5824K) Class: 533K(640K)->533K(640K)
[32.933s][info][gc             ] GC(251) Pause Young (Allocation Failure) 4724M->4724M(5428M) 238.412ms
[32.933s][info][gc,cpu         ] GC(251) User=1.55s Sys=0.00s Real=0.24s
[32.991s][info][gc,start       ] GC(252) Pause Young (Allocation Failure)
[33.063s][info][gc,heap        ] GC(252) PSYoungGen: 110304K(261120K)->58048K(262656K) Eden: 57856K(57856K)->0K(57856K) From: 52448K(203264K)->58048K(204800K)
[33.063s][info][gc,heap        ] GC(252) ParOldGen: 4785493K(5297664K)->4838189K(5297664K)
[33.063s][info][gc,metaspace   ] GC(252) Metaspace: 6302K(6464K)->6302K(6464K) NonClass: 5768K(5824K)->5768K(5824K) Class: 533K(640K)->533K(640K)
[33.063s][info][gc             ] GC(252) Pause Young (Allocation Failure) 4781M->4781M(5430M) 72.304ms
[33.063s][info][gc,cpu         ] GC(252) User=0.38s Sys=0.02s Real=0.07s
[33.121s][info][gc,start       ] GC(253) Pause Young (Allocation Failure)
[33.192s][info][gc,heap        ] GC(253) PSYoungGen: 115904K(262656K)->58048K(262144K) Eden: 57856K(57856K)->0K(64000K) From: 58048K(204800K)->58048K(198144K)
[33.192s][info][gc,heap        ] GC(253) ParOldGen: 4838189K(5297664K)->4896557K(5297664K)
[33.192s][info][gc,metaspace   ] GC(253) Metaspace: 6302K(6464K)->6302K(6464K) NonClass: 5768K(5824K)->5768K(5824K) Class: 533K(640K)->533K(640K)
[33.192s][info][gc             ] GC(253) Pause Young (Allocation Failure) 4837M->4838M(5429M) 70.714ms
[33.192s][info][gc,cpu         ] GC(253) User=0.41s Sys=0.00s Real=0.07s
[33.261s][info][gc,start       ] GC(254) Pause Young (Allocation Failure)
[33.338s][info][gc,heap        ] GC(254) PSYoungGen: 122048K(262144K)->64288K(264704K) Eden: 64000K(64000K)->0K(64000K) From: 58048K(198144K)->64288K(200704K)
[33.338s][info][gc,heap        ] GC(254) ParOldGen: 4896557K(5297664K)->4954933K(5297664K)
[33.338s][info][gc,metaspace   ] GC(254) Metaspace: 6302K(6464K)->6302K(6464K) NonClass: 5768K(5824K)->5768K(5824K) Class: 533K(640K)->533K(640K)
[33.338s][info][gc             ] GC(254) Pause Young (Allocation Failure) 4900M->4901M(5432M) 77.208ms
[33.338s][info][gc,cpu         ] GC(254) User=0.41s Sys=0.00s Real=0.08s
[33.410s][info][gc,start       ] GC(255) Pause Young (Allocation Failure)
[33.488s][info][gc,heap        ] GC(255) PSYoungGen: 128288K(264704K)->64192K(257024K) Eden: 64000K(64000K)->0K(71168K) From: 64288K(200704K)->64192K(185856K)
[33.488s][info][gc,heap        ] GC(255) ParOldGen: 4954933K(5297664K)->5019509K(5297664K)
[33.488s][info][gc,metaspace   ] GC(255) Metaspace: 6302K(6464K)->6302K(6464K) NonClass: 5768K(5824K)->5768K(5824K) Class: 533K(640K)->533K(640K)
[33.489s][info][gc             ] GC(255) Pause Young (Allocation Failure) 4964M->4964M(5424M) 78.614ms
[33.489s][info][gc,cpu         ] GC(255) User=0.52s Sys=0.00s Real=0.08s
[33.567s][info][gc,start       ] GC(256) Pause Young (Allocation Failure)
[33.652s][info][gc,heap        ] GC(256) PSYoungGen: 135360K(257024K)->71456K(262144K) Eden: 71168K(71168K)->0K(71168K) From: 64192K(185856K)->71456K(190976K)
[33.652s][info][gc,heap        ] GC(256) ParOldGen: 5019509K(5297664K)->5084093K(5297664K)
[33.652s][info][gc,metaspace   ] GC(256) Metaspace: 6302K(6464K)->6302K(6464K) NonClass: 5768K(5824K)->5768K(5824K) Class: 533K(640K)->533K(640K)
[33.652s][info][gc             ] GC(256) Pause Young (Allocation Failure) 5034M->5034M(5429M) 84.769ms
[33.652s][info][gc,cpu         ] GC(256) User=0.53s Sys=0.00s Real=0.09s
[33.734s][info][gc,start       ] GC(257) Pause Young (Allocation Failure)
[33.819s][info][gc,heap        ] GC(257) PSYoungGen: 142624K(262144K)->71424K(250368K) Eden: 71168K(71168K)->0K(78848K) From: 71456K(190976K)->71424K(171520K)
[33.819s][info][gc,heap        ] GC(257) ParOldGen: 5084093K(5297664K)->5155917K(5297664K)
[33.819s][info][gc,metaspace   ] GC(257) Metaspace: 6302K(6464K)->6302K(6464K) NonClass: 5768K(5824K)->5768K(5824K) Class: 533K(640K)->533K(640K)
[33.819s][info][gc             ] GC(257) Pause Young (Allocation Failure) 5104M->5104M(5418M) 84.562ms
[33.819s][info][gc,cpu         ] GC(257) User=0.48s Sys=0.03s Real=0.09s
[33.908s][info][gc,start       ] GC(258) Pause Young (Allocation Failure)
[33.996s][info][gc,heap        ] GC(258) PSYoungGen: 150272K(250368K)->79104K(257024K) Eden: 78848K(78848K)->0K(78848K) From: 71424K(171520K)->79104K(178176K)
[33.997s][info][gc,heap        ] GC(258) ParOldGen: 5155917K(5297664K)->5227733K(5297664K)
[33.997s][info][gc,metaspace   ] GC(258) Metaspace: 6302K(6464K)->6302K(6464K) NonClass: 5768K(5824K)->5768K(5824K) Class: 533K(640K)->533K(640K)
[33.997s][info][gc             ] GC(258) Pause Young (Allocation Failure) 5181M->5182M(5424M) 88.531ms
[33.997s][info][gc,cpu         ] GC(258) User=0.58s Sys=0.05s Real=0.09s
[33.997s][info][gc,start       ] GC(259) Pause Full (Ergonomics)
[33.997s][info][gc,phases,start] GC(259) Marking Phase
[35.218s][info][gc,phases      ] GC(259) Marking Phase 1221.582ms
[35.218s][info][gc,phases,start] GC(259) Summary Phase
[35.218s][info][gc,phases      ] GC(259) Summary Phase 0.066ms
[35.218s][info][gc,phases,start] GC(259) Adjust Roots
[35.219s][info][gc,phases      ] GC(259) Adjust Roots 0.161ms
[35.219s][info][gc,phases,start] GC(259) Compaction Phase
[35.657s][info][gc,phases      ] GC(259) Compaction Phase 438.315ms
[35.657s][info][gc,phases,start] GC(259) Post Compact
[35.665s][info][gc,phases      ] GC(259) Post Compact 7.793ms
[35.667s][info][gc,heap        ] GC(259) PSYoungGen: 79104K(257024K)->4732K(257024K) Eden: 0K(78848K)->0K(78848K) From: 79104K(178176K)->4732K(178176K)
[35.667s][info][gc,heap        ] GC(259) ParOldGen: 5227733K(5297664K)->5297543K(5852672K)
[35.667s][info][gc,metaspace   ] GC(259) Metaspace: 6302K(6464K)->6302K(6464K) NonClass: 5768K(5824K)->5768K(5824K) Class: 533K(640K)->533K(640K)
[35.667s][info][gc             ] GC(259) Pause Full (Ergonomics) 5182M->5178M(5966M) 1669.957ms
[35.667s][info][gc,cpu         ] GC(259) User=12.69s Sys=0.06s Real=1.67s
[35.757s][info][gc,start       ] GC(260) Pause Young (Allocation Failure)
[36.036s][info][gc,heap        ] GC(260) PSYoungGen: 83580K(257024K)->79104K(241152K) Eden: 78848K(78848K)->0K(86016K) From: 4732K(178176K)->79104K(155136K)
[36.036s][info][gc,heap        ] GC(260) ParOldGen: 5297543K(5852672K)->5302351K(5852672K)
[36.036s][info][gc,metaspace   ] GC(260) Metaspace: 6302K(6464K)->6302K(6464K) NonClass: 5768K(5824K)->5768K(5824K) Class: 533K(640K)->533K(640K)
[36.036s][info][gc             ] GC(260) Pause Young (Allocation Failure) 5255M->5255M(5951M) 279.011ms
[36.036s][info][gc,cpu         ] GC(260) User=1.81s Sys=0.00s Real=0.28s
[36.134s][info][gc,start       ] GC(261) Pause Young (Allocation Failure)
[36.233s][info][gc,heap        ] GC(261) PSYoungGen: 165120K(241152K)->163328K(249344K) Eden: 86016K(86016K)->0K(86016K) From: 79104K(155136K)->163328K(163328K)
[36.233s][info][gc,heap        ] GC(261) ParOldGen: 5302351K(5852672K)->5304223K(5852672K)
[36.233s][info][gc,metaspace   ] GC(261) Metaspace: 6302K(6464K)->6302K(6464K) NonClass: 5768K(5824K)->5768K(5824K) Class: 533K(640K)->533K(640K)
[36.233s][info][gc             ] GC(261) Pause Young (Allocation Failure) 5339M->5339M(5959M) 98.763ms
[36.233s][info][gc,cpu         ] GC(261) User=0.64s Sys=0.00s Real=0.10s
[36.334s][info][gc,start       ] GC(262) Pause Young (Allocation Failure)
[36.486s][info][gc,heap        ] GC(262) PSYoungGen: 249344K(249344K)->86272K(264192K) Eden: 86016K(86016K)->0K(94720K) From: 163328K(163328K)->86272K(169472K)
[36.486s][info][gc,heap        ] GC(262) ParOldGen: 5304223K(5852672K)->5468703K(5852672K)
[36.486s][info][gc,metaspace   ] GC(262) Metaspace: 6302K(6464K)->6302K(6464K) NonClass: 5768K(5824K)->5768K(5824K) Class: 533K(640K)->533K(640K)
[36.486s][info][gc             ] GC(262) Pause Young (Allocation Failure) 5423M->5424M(5973M) 152.596ms
[36.486s][info][gc,cpu         ] GC(262) User=0.98s Sys=0.06s Real=0.15s
[36.590s][info][gc,start       ] GC(263) Pause Young (Allocation Failure)
[36.693s][info][gc,heap        ] GC(263) PSYoungGen: 180992K(264192K)->177152K(271872K) Eden: 94720K(94720K)->0K(94720K) From: 86272K(169472K)->177152K(177152K)
[36.693s][info][gc,heap        ] GC(263) ParOldGen: 5468703K(5852672K)->5472671K(5852672K)
[36.693s][info][gc,metaspace   ] GC(263) Metaspace: 6302K(6464K)->6302K(6464K) NonClass: 5768K(5824K)->5768K(5824K) Class: 533K(640K)->533K(640K)
[36.693s][info][gc             ] GC(263) Pause Young (Allocation Failure) 5517M->5517M(5981M) 102.748ms
[36.693s][info][gc,cpu         ] GC(263) User=0.67s Sys=0.00s Real=0.10s
[36.811s][info][gc,start       ] GC(264) Pause Young (Allocation Failure)
[36.977s][info][gc,heap        ] GC(264) PSYoungGen: 271872K(271872K)->95008K(288768K) Eden: 94720K(94720K)->0K(104448K) From: 177152K(177152K)->95008K(184320K)
[36.977s][info][gc,heap        ] GC(264) ParOldGen: 5472671K(5852672K)->5651063K(5852672K)
[36.977s][info][gc,metaspace   ] GC(264) Metaspace: 6302K(6464K)->6302K(6464K) NonClass: 5768K(5824K)->5768K(5824K) Class: 533K(640K)->533K(640K)
[36.977s][info][gc             ] GC(264) Pause Young (Allocation Failure) 5609M->5611M(5997M) 165.874ms
[36.977s][info][gc,cpu         ] GC(264) User=1.19s Sys=0.08s Real=0.16s
[38.327s][info][gc,start       ] GC(265) Pause Young (Allocation Failure)
[38.589s][info][gc,heap        ] GC(265) PSYoungGen: 199456K(288768K)->104768K(296960K) Eden: 104448K(104448K)->0K(104448K) From: 95008K(184320K)->104768K(192512K)
[38.589s][info][gc,heap        ] GC(265) ParOldGen: 5913207K(6115328K)->6008783K(6115328K)
[38.589s][info][gc,metaspace   ] GC(265) Metaspace: 6302K(6464K)->6302K(6464K) NonClass: 5768K(5824K)->5768K(5824K) Class: 533K(640K)->533K(640K)
[38.589s][info][gc             ] GC(265) Pause Young (Allocation Failure) 5969M->5970M(6262M) 262.002ms
[38.589s][info][gc,cpu         ] GC(265) User=1.36s Sys=0.03s Real=0.26s
[38.589s][info][gc,start       ] GC(266) Pause Full (Ergonomics)
[38.589s][info][gc,phases,start] GC(266) Marking Phase
[39.923s][info][gc,phases      ] GC(266) Marking Phase 1333.322ms
[39.923s][info][gc,phases,start] GC(266) Summary Phase
[39.923s][info][gc,phases      ] GC(266) Summary Phase 0.129ms
[39.923s][info][gc,phases,start] GC(266) Adjust Roots
[39.923s][info][gc,phases      ] GC(266) Adjust Roots 0.181ms
[39.923s][info][gc,phases,start] GC(266) Compaction Phase
[40.861s][info][gc,phases      ] GC(266) Compaction Phase 937.604ms
[40.861s][info][gc,phases,start] GC(266) Post Compact
[40.870s][info][gc,phases      ] GC(266) Post Compact 9.810ms
[40.873s][info][gc,heap        ] GC(266) PSYoungGen: 104768K(296960K)->0K(298496K) Eden: 0K(104448K)->0K(113664K) From: 104768K(192512K)->0K(184832K)
[40.873s][info][gc,heap        ] GC(266) ParOldGen: 6008783K(6115328K)->5977923K(6662144K)
[40.873s][info][gc,metaspace   ] GC(266) Metaspace: 6302K(6464K)->6302K(6464K) NonClass: 5768K(5824K)->5768K(5824K) Class: 533K(640K)->533K(640K)
[40.873s][info][gc             ] GC(266) Pause Full (Ergonomics) 5970M->5837M(6797M) 2283.623ms
[40.873s][info][gc,cpu         ] GC(266) User=15.98s Sys=0.05s Real=2.28s
[41.000s][info][gc,start       ] GC(267) Pause Young (Allocation Failure)
[41.101s][info][gc,heap        ] GC(267) PSYoungGen: 113664K(298496K)->113984K(298496K) Eden: 113664K(113664K)->0K(113664K) From: 0K(184832K)->113984K(184832K)
[41.101s][info][gc,heap        ] GC(267) ParOldGen: 5977923K(6662144K)->5977923K(6662144K)
[41.101s][info][gc,metaspace   ] GC(267) Metaspace: 6302K(6464K)->6302K(6464K) NonClass: 5768K(5824K)->5768K(5824K) Class: 533K(640K)->533K(640K)
[41.101s][info][gc             ] GC(267) Pause Young (Allocation Failure) 5948M->5949M(6797M) 100.856ms
[41.101s][info][gc,cpu         ] GC(267) User=0.28s Sys=0.00s Real=0.10s
[41.214s][info][gc,start       ] GC(268) Pause Young (Allocation Failure)
[41.343s][info][gc,heap        ] GC(268) PSYoungGen: 227648K(298496K)->181248K(265728K) Eden: 113664K(113664K)->0K(84480K) From: 113984K(184832K)->181248K(181248K)
[41.343s][info][gc,heap        ] GC(268) ParOldGen: 5977923K(6662144K)->6024787K(6662144K)
[41.343s][info][gc,metaspace   ] GC(268) Metaspace: 6302K(6464K)->6302K(6464K) NonClass: 5768K(5824K)->5768K(5824K) Class: 533K(640K)->533K(640K)
[41.343s][info][gc             ] GC(268) Pause Young (Allocation Failure) 6060M->6060M(6765M) 129.790ms
[41.343s][info][gc,cpu         ] GC(268) User=0.48s Sys=0.00s Real=0.13s
[41.432s][info][gc,start       ] GC(269) Pause Young (Allocation Failure)
[41.580s][info][gc,heap        ] GC(269) PSYoungGen: 265728K(265728K)->172800K(304128K) Eden: 84480K(84480K)->0K(84480K) From: 181248K(181248K)->172800K(219648K)
[41.581s][info][gc,heap        ] GC(269) ParOldGen: 6024787K(6662144K)->6118691K(6662144K)
[41.581s][info][gc,metaspace   ] GC(269) Metaspace: 6302K(6464K)->6302K(6464K) NonClass: 5768K(5824K)->5768K(5824K) Class: 533K(640K)->533K(640K)
[41.581s][info][gc             ] GC(269) Pause Young (Allocation Failure) 6143M->6144M(6803M) 148.691ms
[41.581s][info][gc,cpu         ] GC(269) User=0.61s Sys=0.05s Real=0.15s
[41.671s][info][gc,start       ] GC(270) Pause Young (Allocation Failure)
[41.806s][info][gc,heap        ] GC(270) PSYoungGen: 257280K(304128K)->230400K(283136K) Eden: 84480K(84480K)->0K(52736K) From: 172800K(219648K)->230400K(230400K)
[41.806s][info][gc,heap        ] GC(270) ParOldGen: 6118691K(6662144K)->6145795K(6662144K)
[41.806s][info][gc,metaspace   ] GC(270) Metaspace: 6302K(6464K)->6302K(6464K) NonClass: 5768K(5824K)->5768K(5824K) Class: 533K(640K)->533K(640K)
[41.806s][info][gc             ] GC(270) Pause Young (Allocation Failure) 6226M->6226M(6782M) 134.810ms
[41.806s][info][gc,cpu         ] GC(270) User=0.47s Sys=0.03s Real=0.13s
[41.863s][info][gc,start       ] GC(271) Pause Young (Allocation Failure)
[42.009s][info][gc,heap        ] GC(271) PSYoungGen: 283136K(283136K)->122720K(175616K) Eden: 52736K(52736K)->0K(52736K) From: 230400K(230400K)->122720K(122880K)
[42.009s][info][gc,heap        ] GC(271) ParOldGen: 6145795K(6662144K)->6307619K(6662144K)
[42.009s][info][gc,metaspace   ] GC(271) Metaspace: 6302K(6464K)->6302K(6464K) NonClass: 5768K(5824K)->5768K(5824K) Class: 533K(640K)->533K(640K)
[42.009s][info][gc             ] GC(271) Pause Young (Allocation Failure) 6278M->6279M(6677M) 145.507ms
[42.009s][info][gc,cpu         ] GC(271) User=0.95s Sys=0.05s Real=0.14s
[42.062s][info][gc,start       ] GC(272) Pause Young (Allocation Failure)
[42.178s][info][gc,heap        ] GC(272) PSYoungGen: 175456K(175616K)->105696K(303104K) Eden: 52736K(52736K)->0K(59392K) From: 122720K(122880K)->105696K(243712K)
[42.178s][info][gc,heap        ] GC(272) ParOldGen: 6307619K(6662144K)->6377899K(6662144K)
[42.178s][info][gc,metaspace   ] GC(272) Metaspace: 6302K(6464K)->6302K(6464K) NonClass: 5768K(5824K)->5768K(5824K) Class: 533K(640K)->533K(640K)
[42.178s][info][gc             ] GC(272) Pause Young (Allocation Failure) 6331M->6331M(6802M) 115.790ms
[42.178s][info][gc,cpu         ] GC(272) User=0.45s Sys=0.00s Real=0.12s
[42.249s][info][gc,start       ] GC(273) Pause Young (Allocation Failure)
[42.365s][info][gc,heap        ] GC(273) PSYoungGen: 165088K(303104K)->59680K(310272K) Eden: 59392K(59392K)->0K(59392K) From: 105696K(243712K)->59680K(250880K)
[42.365s][info][gc,heap        ] GC(273) ParOldGen: 6377899K(6662144K)->6484307K(6662144K)
[42.365s][info][gc,metaspace   ] GC(273) Metaspace: 6302K(6464K)->6302K(6464K) NonClass: 5768K(5824K)->5768K(5824K) Class: 533K(640K)->533K(640K)
[42.365s][info][gc             ] GC(273) Pause Young (Allocation Failure) 6389M->6390M(6809M) 116.167ms
[42.365s][info][gc,cpu         ] GC(273) User=0.45s Sys=0.03s Real=0.12s
[42.365s][info][gc,start       ] GC(274) Pause Full (Ergonomics)
[42.365s][info][gc,phases,start] GC(274) Marking Phase
[43.818s][info][gc,phases      ] GC(274) Marking Phase 1453.109ms
[43.818s][info][gc,phases,start] GC(274) Summary Phase
[43.818s][info][gc,phases      ] GC(274) Summary Phase 0.103ms
[43.818s][info][gc,phases,start] GC(274) Adjust Roots
[43.819s][info][gc,phases      ] GC(274) Adjust Roots 0.170ms
[43.819s][info][gc,phases,start] GC(274) Compaction Phase
[44.489s][info][gc,phases      ] GC(274) Compaction Phase 670.223ms
[44.489s][info][gc,phases,start] GC(274) Post Compact
[44.498s][info][gc,phases      ] GC(274) Post Compact 9.347ms
[44.500s][info][gc,heap        ] GC(274) PSYoungGen: 59680K(310272K)->0K(317952K) Eden: 0K(59392K)->0K(67072K) From: 59680K(250880K)->0K(250880K)
[44.500s][info][gc,heap        ] GC(274) ParOldGen: 6484307K(6662144K)->6538855K(7274496K)
[44.500s][info][gc,metaspace   ] GC(274) Metaspace: 6302K(6464K)->6302K(6464K) NonClass: 5768K(5824K)->5768K(5824K) Class: 533K(640K)->533K(640K)
[44.500s][info][gc             ] GC(274) Pause Full (Ergonomics) 6390M->6385M(7414M) 2135.089ms
[44.500s][info][gc,cpu         ] GC(274) User=15.17s Sys=0.05s Real=2.14s
[44.569s][info][gc,start       ] GC(275) Pause Young (Allocation Failure)
[44.650s][info][gc,heap        ] GC(275) PSYoungGen: 67072K(317952K)->67360K(317952K) Eden: 67072K(67072K)->0K(67072K) From: 0K(250880K)->67360K(250880K)
[44.650s][info][gc,heap        ] GC(275) ParOldGen: 6538855K(7274496K)->6538855K(7274496K)
[44.650s][info][gc,metaspace   ] GC(275) Metaspace: 6302K(6464K)->6302K(6464K) NonClass: 5768K(5824K)->5768K(5824K) Class: 533K(640K)->533K(640K)
[44.650s][info][gc             ] GC(275) Pause Young (Allocation Failure) 6451M->6451M(7414M) 81.200ms
[44.650s][info][gc,cpu         ] GC(275) User=0.20s Sys=0.00s Real=0.08s
[44.724s][info][gc,start       ] GC(276) Pause Young (Allocation Failure)
[44.827s][info][gc,heap        ] GC(276) PSYoungGen: 134432K(317952K)->134528K(309248K) Eden: 67072K(67072K)->0K(74240K) From: 67360K(250880K)->134528K(235008K)
[44.827s][info][gc,heap        ] GC(276) ParOldGen: 6538855K(7274496K)->6538855K(7274496K)
[44.827s][info][gc,metaspace   ] GC(276) Metaspace: 6302K(6464K)->6302K(6464K) NonClass: 5768K(5824K)->5768K(5824K) Class: 533K(640K)->533K(640K)
[44.827s][info][gc             ] GC(276) Pause Young (Allocation Failure) 6516M->6516M(7406M) 103.479ms
[44.827s][info][gc,cpu         ] GC(276) User=0.33s Sys=0.00s Real=0.10s
[44.915s][info][gc,start       ] GC(277) Pause Young (Allocation Failure)
[45.040s][info][gc,heap        ] GC(277) PSYoungGen: 208768K(309248K)->208864K(315392K) Eden: 74240K(74240K)->0K(74240K) From: 134528K(235008K)->208864K(241152K)
[45.040s][info][gc,heap        ] GC(277) ParOldGen: 6538855K(7274496K)->6538855K(7274496K)
[45.040s][info][gc,metaspace   ] GC(277) Metaspace: 6302K(6464K)->6302K(6464K) NonClass: 5768K(5824K)->5768K(5824K) Class: 533K(640K)->533K(640K)
[45.040s][info][gc             ] GC(277) Pause Young (Allocation Failure) 6589M->6589M(7412M) 125.102ms
[45.040s][info][gc,cpu         ] GC(277) User=0.44s Sys=0.00s Real=0.13s
[45.116s][info][gc,start       ] GC(278) Pause Young (Allocation Failure)
[45.258s][info][gc,heap        ] GC(278) PSYoungGen: 283104K(315392K)->216032K(325120K) Eden: 74240K(74240K)->0K(62976K) From: 208864K(241152K)->216032K(262144K)
[45.258s][info][gc,heap        ] GC(278) ParOldGen: 6538855K(7274496K)->6606543K(7274496K)
[45.258s][info][gc,metaspace   ] GC(278) Metaspace: 6302K(6464K)->6302K(6464K) NonClass: 5768K(5824K)->5768K(5824K) Class: 533K(640K)->533K(640K)
[45.259s][info][gc             ] GC(278) Pause Young (Allocation Failure) 6662M->6662M(7421M) 143.010ms
[45.259s][info][gc,cpu         ] GC(278) User=0.64s Sys=0.00s Real=0.14s
[45.324s][info][gc,start       ] GC(279) Pause Young (Allocation Failure)
[45.471s][info][gc,heap        ] GC(279) PSYoungGen: 279008K(325120K)->211936K(344064K) Eden: 62976K(62976K)->0K(62976K) From: 216032K(262144K)->211936K(281088K)
[45.471s][info][gc,heap        ] GC(279) ParOldGen: 6606543K(7274496K)->6674255K(7274496K)
[45.471s][info][gc,metaspace   ] GC(279) Metaspace: 6302K(6464K)->6302K(6464K) NonClass: 5768K(5824K)->5768K(5824K) Class: 533K(640K)->533K(640K)
[45.471s][info][gc             ] GC(279) Pause Young (Allocation Failure) 6724M->6724M(7440M) 146.135ms
[45.471s][info][gc,cpu         ] GC(279) User=0.64s Sys=0.02s Real=0.15s
[45.544s][info][gc,start       ] GC(280) Pause Young (Allocation Failure)
[45.690s][info][gc,heap        ] GC(280) PSYoungGen: 274912K(344064K)->200608K(359424K) Eden: 62976K(62976K)->0K(65024K) From: 211936K(281088K)->200608K(294400K)
[45.690s][info][gc,heap        ] GC(280) ParOldGen: 6674255K(7274496K)->6749175K(7274496K)
[45.690s][info][gc,metaspace   ] GC(280) Metaspace: 6302K(6464K)->6302K(6464K) NonClass: 5768K(5824K)->5768K(5824K) Class: 533K(640K)->533K(640K)
[45.690s][info][gc             ] GC(280) Pause Young (Allocation Failure) 6786M->6786M(7455M) 146.324ms
[45.690s][info][gc,cpu         ] GC(280) User=0.80s Sys=0.03s Real=0.15s
[45.761s][info][gc,start       ] GC(281) Pause Young (Allocation Failure)
[45.902s][info][gc,heap        ] GC(281) PSYoungGen: 265632K(359424K)->128320K(193536K) Eden: 65024K(65024K)->0K(65024K) From: 200608K(294400K)->128320K(128512K)
[45.902s][info][gc,heap        ] GC(281) ParOldGen: 6749175K(7274496K)->6887623K(7274496K)
[45.902s][info][gc,metaspace   ] GC(281) Metaspace: 6302K(6464K)->6302K(6464K) NonClass: 5768K(5824K)->5768K(5824K) Class: 533K(640K)->533K(640K)
[45.902s][info][gc             ] GC(281) Pause Young (Allocation Failure) 6850M->6851M(7293M) 140.582ms
[45.902s][info][gc,cpu         ] GC(281) User=0.67s Sys=0.02s Real=0.14s
[45.968s][info][gc,start       ] GC(282) Pause Young (Allocation Failure)
[46.092s][info][gc,heap        ] GC(282) PSYoungGen: 193344K(193536K)->65280K(362496K) Eden: 65024K(65024K)->0K(73728K) From: 128320K(128512K)->65280K(288768K)
[46.092s][info][gc,heap        ] GC(282) ParOldGen: 6887623K(7274496K)->7016767K(7274496K)
[46.092s][info][gc,metaspace   ] GC(282) Metaspace: 6302K(6464K)->6302K(6464K) NonClass: 5768K(5824K)->5768K(5824K) Class: 533K(640K)->533K(640K)
[46.092s][info][gc             ] GC(282) Pause Young (Allocation Failure) 6915M->6916M(7458M) 123.907ms
[46.092s][info][gc,cpu         ] GC(282) User=0.47s Sys=0.05s Real=0.12s
[46.167s][info][gc,start       ] GC(283) Pause Young (Allocation Failure)
[46.269s][info][gc,heap        ] GC(283) PSYoungGen: 139008K(362496K)->73952K(362496K) Eden: 73728K(73728K)->0K(73728K) From: 65280K(288768K)->73952K(288768K)
[46.269s][info][gc,heap        ] GC(283) ParOldGen: 7016767K(7274496K)->7082391K(7274496K)
[46.269s][info][gc,metaspace   ] GC(283) Metaspace: 6302K(6464K)->6302K(6464K) NonClass: 5768K(5824K)->5768K(5824K) Class: 533K(640K)->533K(640K)
[46.269s][info][gc             ] GC(283) Pause Young (Allocation Failure) 6988M->6988M(7458M) 102.420ms
[46.269s][info][gc,cpu         ] GC(283) User=0.31s Sys=0.00s Real=0.10s
[46.355s][info][gc,start       ] GC(284) Pause Young (Allocation Failure)
[46.462s][info][gc,heap        ] GC(284) PSYoungGen: 147680K(362496K)->74016K(357888K) Eden: 73728K(73728K)->0K(82944K) From: 73952K(288768K)->74016K(274944K)
[46.462s][info][gc,heap        ] GC(284) ParOldGen: 7082391K(7274496K)->7156815K(7274496K)
[46.462s][info][gc,metaspace   ] GC(284) Metaspace: 6302K(6464K)->6302K(6464K) NonClass: 5768K(5824K)->5768K(5824K) Class: 533K(640K)->533K(640K)
[46.462s][info][gc             ] GC(284) Pause Young (Allocation Failure) 7060M->7061M(7453M) 106.442ms
[46.462s][info][gc,cpu         ] GC(284) User=0.39s Sys=0.00s Real=0.11s
[46.462s][info][gc,start       ] GC(285) Pause Full (Ergonomics)
[46.462s][info][gc,phases,start] GC(285) Marking Phase
[48.104s][info][gc,phases      ] GC(285) Marking Phase 1641.804ms
[48.104s][info][gc,phases,start] GC(285) Summary Phase
[48.104s][info][gc,phases      ] GC(285) Summary Phase 0.171ms
[48.104s][info][gc,phases,start] GC(285) Adjust Roots
[48.104s][info][gc,phases      ] GC(285) Adjust Roots 0.302ms
[48.104s][info][gc,phases,start] GC(285) Compaction Phase
[48.797s][info][gc,phases      ] GC(285) Compaction Phase 692.770ms
[48.797s][info][gc,phases,start] GC(285) Post Compact
[48.808s][info][gc,phases      ] GC(285) Post Compact 10.695ms
[48.810s][info][gc,heap        ] GC(285) PSYoungGen: 74016K(357888K)->0K(363008K) Eden: 0K(82944K)->0K(82944K) From: 74016K(274944K)->0K(280064K)
[48.810s][info][gc,heap        ] GC(285) ParOldGen: 7156815K(7274496K)->7224635K(8000000K)
[48.810s][info][gc,metaspace   ] GC(285) Metaspace: 6302K(6464K)->6302K(6464K) NonClass: 5768K(5824K)->5768K(5824K) Class: 533K(640K)->533K(640K)
[48.810s][info][gc             ] GC(285) Pause Full (Ergonomics) 7061M->7055M(8167M) 2348.466ms
[48.810s][info][gc,cpu         ] GC(285) User=17.30s Sys=0.11s Real=2.35s
[48.892s][info][gc,start       ] GC(286) Pause Young (Allocation Failure)
[48.977s][info][gc,heap        ] GC(286) PSYoungGen: 82944K(363008K)->83232K(353792K) Eden: 82944K(82944K)->0K(91136K) From: 0K(280064K)->83232K(262656K)
[48.977s][info][gc,heap        ] GC(286) ParOldGen: 7224635K(8000000K)->7224635K(8000000K)
[48.977s][info][gc,metaspace   ] GC(286) Metaspace: 6302K(6464K)->6302K(6464K) NonClass: 5768K(5824K)->5768K(5824K) Class: 533K(640K)->533K(640K)
[48.977s][info][gc             ] GC(286) Pause Young (Allocation Failure) 7136M->7136M(8158M) 85.029ms
[48.977s][info][gc,cpu         ] GC(286) User=0.31s Sys=0.00s Real=0.08s
[49.078s][info][gc,start       ] GC(287) Pause Young (Allocation Failure)
[49.193s][info][gc,heap        ] GC(287) PSYoungGen: 174368K(353792K)->174528K(363520K) Eden: 91136K(91136K)->0K(91136K) From: 83232K(262656K)->174528K(272384K)
[49.193s][info][gc,heap        ] GC(287) ParOldGen: 7224635K(8000000K)->7224635K(8000000K)
[49.193s][info][gc,metaspace   ] GC(287) Metaspace: 6302K(6464K)->6302K(6464K) NonClass: 5768K(5824K)->5768K(5824K) Class: 533K(640K)->533K(640K)
[49.193s][info][gc             ] GC(287) Pause Young (Allocation Failure) 7225M->7225M(8167M) 114.325ms
[49.193s][info][gc,cpu         ] GC(287) User=0.44s Sys=0.00s Real=0.11s
[49.291s][info][gc,start       ] GC(288) Pause Young (Allocation Failure)
[49.426s][info][gc,heap        ] GC(288) PSYoungGen: 265664K(363520K)->265824K(340480K) Eden: 91136K(91136K)->0K(64000K) From: 174528K(272384K)->265824K(276480K)
[49.426s][info][gc,heap        ] GC(288) ParOldGen: 7224635K(8000000K)->7224635K(8000000K)
[49.426s][info][gc,metaspace   ] GC(288) Metaspace: 6302K(6464K)->6302K(6464K) NonClass: 5768K(5824K)->5768K(5824K) Class: 533K(640K)->533K(640K)
[49.426s][info][gc             ] GC(288) Pause Young (Allocation Failure) 7314M->7314M(8145M) 135.512ms
[49.426s][info][gc,cpu         ] GC(288) User=0.83s Sys=0.02s Real=0.13s
[49.495s][info][gc,start       ] GC(289) Pause Young (Allocation Failure)
[49.655s][info][gc,heap        ] GC(289) PSYoungGen: 329824K(340480K)->246816K(376832K) Eden: 64000K(64000K)->0K(64000K) From: 265824K(276480K)->246816K(312832K)
[49.655s][info][gc,heap        ] GC(289) ParOldGen: 7224635K(8000000K)->7308339K(8000000K)
[49.655s][info][gc,metaspace   ] GC(289) Metaspace: 6302K(6464K)->6302K(6464K) NonClass: 5768K(5824K)->5768K(5824K) Class: 533K(640K)->533K(640K)
[49.655s][info][gc             ] GC(289) Pause Young (Allocation Failure) 7377M->7378M(8180M) 159.326ms
[49.655s][info][gc,cpu         ] GC(289) User=0.98s Sys=0.02s Real=0.16s
[49.721s][info][gc,start       ] GC(290) Pause Young (Allocation Failure)
[49.875s][info][gc,heap        ] GC(290) PSYoungGen: 310816K(376832K)->219648K(398848K) Eden: 64000K(64000K)->0K(64512K) From: 246816K(312832K)->219648K(334336K)
[49.875s][info][gc,heap        ] GC(290) ParOldGen: 7308339K(8000000K)->7400299K(8000000K)
[49.875s][info][gc,metaspace   ] GC(290) Metaspace: 6302K(6464K)->6302K(6464K) NonClass: 5768K(5824K)->5768K(5824K) Class: 533K(640K)->533K(640K)
[49.875s][info][gc             ] GC(290) Pause Young (Allocation Failure) 7440M->7441M(8202M) 153.323ms
[49.875s][info][gc,cpu         ] GC(290) User=0.86s Sys=0.05s Real=0.15s
[49.944s][info][gc,start       ] GC(291) Pause Young (Allocation Failure)
[50.091s][info][gc,heap        ] GC(291) PSYoungGen: 284160K(398848K)->192960K(405504K) Eden: 64512K(64512K)->0K(64512K) From: 219648K(334336K)->192960K(340992K)
[50.091s][info][gc,heap        ] GC(291) ParOldGen: 7400299K(8000000K)->7492259K(8000000K)
[50.091s][info][gc,metaspace   ] GC(291) Metaspace: 6302K(6464K)->6302K(6464K) NonClass: 5768K(5824K)->5768K(5824K) Class: 533K(640K)->533K(640K)
[50.091s][info][gc             ] GC(291) Pause Young (Allocation Failure) 7504M->7505M(8208M) 147.874ms
[50.091s][info][gc,cpu         ] GC(291) User=0.83s Sys=0.03s Real=0.15s
[50.158s][info][gc,start       ] GC(292) Pause Young (Allocation Failure)
[50.299s][info][gc,heap        ] GC(292) PSYoungGen: 257472K(405504K)->129344K(386560K) Eden: 64512K(64512K)->0K(73216K) From: 192960K(340992K)->129344K(313344K)
[50.299s][info][gc,heap        ] GC(292) ParOldGen: 7492259K(8000000K)->7621379K(8000000K)
[50.299s][info][gc,metaspace   ] GC(292) Metaspace: 6302K(6464K)->6302K(6464K) NonClass: 5768K(5824K)->5768K(5824K) Class: 533K(640K)->533K(640K)
[50.299s][info][gc             ] GC(292) Pause Young (Allocation Failure) 7568M->7569M(8190M) 140.718ms
[50.299s][info][gc,cpu         ] GC(292) User=0.61s Sys=0.09s Real=0.14s
[50.376s][info][gc,start       ] GC(293) Pause Young (Allocation Failure)
[50.498s][info][gc,heap        ] GC(293) PSYoungGen: 202560K(386560K)->73472K(397312K) Eden: 73216K(73216K)->0K(73216K) From: 129344K(313344K)->73472K(324096K)
[50.498s][info][gc,heap        ] GC(293) ParOldGen: 7621379K(8000000K)->7751547K(8000000K)
[50.498s][info][gc,metaspace   ] GC(293) Metaspace: 6302K(6464K)->6302K(6464K) NonClass: 5768K(5824K)->5768K(5824K) Class: 533K(640K)->533K(640K)
[50.498s][info][gc             ] GC(293) Pause Young (Allocation Failure) 7640M->7641M(8200M) 121.921ms
[50.498s][info][gc,cpu         ] GC(293) User=0.48s Sys=0.06s Real=0.12s
[50.588s][info][gc,start       ] GC(294) Pause Young (Allocation Failure)
[50.701s][info][gc,heap        ] GC(294) PSYoungGen: 146688K(397312K)->73504K(395776K) Eden: 73216K(73216K)->0K(82432K) From: 73472K(324096K)->73504K(313344K)
[50.701s][info][gc,heap        ] GC(294) ParOldGen: 7751547K(8000000K)->7825419K(8000000K)
[50.701s][info][gc,metaspace   ] GC(294) Metaspace: 6302K(6464K)->6302K(6464K) NonClass: 5768K(5824K)->5768K(5824K) Class: 533K(640K)->533K(640K)
[50.701s][info][gc             ] GC(294) Pause Young (Allocation Failure) 7713M->7713M(8199M) 113.696ms
[50.701s][info][gc,cpu         ] GC(294) User=0.44s Sys=0.00s Real=0.11s
[50.783s][info][gc,start       ] GC(295) Pause Young (Allocation Failure)
[50.894s][info][gc,heap        ] GC(295) PSYoungGen: 155936K(395776K)->82720K(400384K) Eden: 82432K(82432K)->0K(82432K) From: 73504K(313344K)->82720K(317952K)
[50.895s][info][gc,heap        ] GC(295) ParOldGen: 7825419K(8000000K)->7899291K(8000000K)
[50.895s][info][gc,metaspace   ] GC(295) Metaspace: 6302K(6464K)->6302K(6464K) NonClass: 5768K(5824K)->5768K(5824K) Class: 533K(640K)->533K(640K)
[50.895s][info][gc             ] GC(295) Pause Young (Allocation Failure) 7794M->7794M(8203M) 111.301ms
[50.895s][info][gc,cpu         ] GC(295) User=0.39s Sys=0.06s Real=0.11s
[50.895s][info][gc,start       ] GC(296) Pause Full (Ergonomics)
[50.895s][info][gc,phases,start] GC(296) Marking Phase
[52.711s][info][gc,phases      ] GC(296) Marking Phase 1816.770ms
[52.711s][info][gc,phases,start] GC(296) Summary Phase
[52.712s][info][gc,phases      ] GC(296) Summary Phase 0.126ms
[52.712s][info][gc,phases,start] GC(296) Adjust Roots
[52.712s][info][gc,phases      ] GC(296) Adjust Roots 0.186ms
[52.712s][info][gc,phases,start] GC(296) Compaction Phase
[53.485s][info][gc,phases      ] GC(296) Compaction Phase 773.263ms
[53.485s][info][gc,phases,start] GC(296) Post Compact
[53.497s][info][gc,phases      ] GC(296) Post Compact 11.682ms
[53.499s][info][gc,heap        ] GC(296) PSYoungGen: 82720K(400384K)->0K(403456K) Eden: 0K(82432K)->0K(92672K) From: 82720K(317952K)->0K(310784K)
[53.499s][info][gc,heap        ] GC(296) ParOldGen: 7899291K(8000000K)->7975412K(8815616K)
[53.499s][info][gc,metaspace   ] GC(296) Metaspace: 6302K(6464K)->6302K(6464K) NonClass: 5768K(5824K)->5768K(5824K) Class: 533K(640K)->533K(640K)
[53.499s][info][gc             ] GC(296) Pause Full (Ergonomics) 7794M->7788M(9003M) 2604.782ms
[53.499s][info][gc,cpu         ] GC(296) User=18.50s Sys=0.08s Real=2.61s
[53.602s][info][gc,start       ] GC(297) Pause Young (Allocation Failure)
[53.696s][info][gc,heap        ] GC(297) PSYoungGen: 92672K(403456K)->92928K(185856K) Eden: 92672K(92672K)->0K(92672K) From: 0K(310784K)->92928K(93184K)
[53.696s][info][gc,heap        ] GC(297) ParOldGen: 7975412K(8815616K)->7975412K(8815616K)
[53.696s][info][gc,metaspace   ] GC(297) Metaspace: 6302K(6464K)->6302K(6464K) NonClass: 5768K(5824K)->5768K(5824K) Class: 533K(640K)->533K(640K)
[53.696s][info][gc             ] GC(297) Pause Young (Allocation Failure) 7878M->7879M(8790M) 94.411ms
[53.696s][info][gc,cpu         ] GC(297) User=0.27s Sys=0.00s Real=0.10s
[53.796s][info][gc,start       ] GC(298) Pause Young (Allocation Failure)
[53.916s][info][gc,heap        ] GC(298) PSYoungGen: 185600K(185856K)->185856K(399872K) Eden: 92672K(92672K)->0K(98816K) From: 92928K(93184K)->185856K(301056K)
[53.916s][info][gc,heap        ] GC(298) ParOldGen: 7975412K(8815616K)->7975412K(8815616K)
[53.916s][info][gc,metaspace   ] GC(298) Metaspace: 6302K(6464K)->6302K(6464K) NonClass: 5768K(5824K)->5768K(5824K) Class: 533K(640K)->533K(640K)
[53.916s][info][gc             ] GC(298) Pause Young (Allocation Failure) 7969M->7969M(8999M) 120.441ms
[53.916s][info][gc,cpu         ] GC(298) User=0.45s Sys=0.00s Real=0.12s
[54.022s][info][gc,start       ] GC(299) Pause Young (Allocation Failure)
[54.174s][info][gc,heap        ] GC(299) PSYoungGen: 284672K(399872K)->284832K(402432K) Eden: 98816K(98816K)->0K(98816K) From: 185856K(301056K)->284832K(303616K)
[54.174s][info][gc,heap        ] GC(299) ParOldGen: 7975412K(8815616K)->7975412K(8815616K)
[54.174s][info][gc,metaspace   ] GC(299) Metaspace: 6302K(6464K)->6302K(6464K) NonClass: 5768K(5824K)->5768K(5824K) Class: 533K(640K)->533K(640K)
[54.174s][info][gc             ] GC(299) Pause Young (Allocation Failure) 8066M->8066M(9002M) 151.859ms
[54.174s][info][gc,cpu         ] GC(299) User=0.67s Sys=0.02s Real=0.15s
[54.281s][info][gc,start       ] GC(300) Pause Young (Allocation Failure)
[54.480s][info][gc,heap        ] GC(300) PSYoungGen: 383648K(402432K)->290976K(418304K) Eden: 98816K(98816K)->0K(76800K) From: 284832K(303616K)->290976K(341504K)
[54.480s][info][gc,heap        ] GC(300) ParOldGen: 7975412K(8815616K)->8068932K(8815616K)
[54.480s][info][gc,metaspace   ] GC(300) Metaspace: 6302K(6464K)->6302K(6464K) NonClass: 5768K(5824K)->5768K(5824K) Class: 533K(640K)->533K(640K)
[54.480s][info][gc             ] GC(300) Pause Young (Allocation Failure) 8163M->8163M(9017M) 198.958ms
[54.480s][info][gc,cpu         ] GC(300) User=1.28s Sys=0.12s Real=0.20s
[54.552s][info][gc,start       ] GC(301) Pause Young (Allocation Failure)
[54.740s][info][gc,heap        ] GC(301) PSYoungGen: 367776K(418304K)->275072K(450560K) Eden: 76800K(76800K)->0K(76800K) From: 290976K(341504K)->275072K(373760K)
[54.740s][info][gc,heap        ] GC(301) ParOldGen: 8068932K(8815616K)->8162444K(8815616K)
[54.740s][info][gc,metaspace   ] GC(301) Metaspace: 6302K(6464K)->6302K(6464K) NonClass: 5768K(5824K)->5768K(5824K) Class: 533K(640K)->533K(640K)
[54.740s][info][gc             ] GC(301) Pause Young (Allocation Failure) 8238M->8239M(9049M) 188.614ms
[54.741s][info][gc,cpu         ] GC(301) User=1.28s Sys=0.08s Real=0.19s
[54.821s][info][gc,start       ] GC(302) Pause Young (Allocation Failure)
[54.995s][info][gc,heap        ] GC(302) PSYoungGen: 351872K(450560K)->252960K(472576K) Eden: 76800K(76800K)->0K(79360K) From: 275072K(373760K)->252960K(393216K)
[54.995s][info][gc,heap        ] GC(302) ParOldGen: 8162444K(8815616K)->8262148K(8815616K)
[54.995s][info][gc,metaspace   ] GC(302) Metaspace: 6302K(6464K)->6302K(6464K) NonClass: 5768K(5824K)->5768K(5824K) Class: 533K(640K)->533K(640K)
[54.995s][info][gc             ] GC(302) Pause Young (Allocation Failure) 8314M->8315M(9070M) 174.016ms
[54.995s][info][gc,cpu         ] GC(302) User=1.23s Sys=0.03s Real=0.17s
[55.079s][info][gc,start       ] GC(303) Pause Young (Allocation Failure)
[55.267s][info][gc,heap        ] GC(303) PSYoungGen: 332320K(472576K)->156576K(236032K) Eden: 79360K(79360K)->0K(79360K) From: 252960K(393216K)->156576K(156672K)
[55.267s][info][gc,heap        ] GC(303) ParOldGen: 8262148K(8815616K)->8439300K(8815616K)
[55.267s][info][gc,metaspace   ] GC(303) Metaspace: 6302K(6464K)->6302K(6464K) NonClass: 5768K(5824K)->5768K(5824K) Class: 533K(640K)->533K(640K)
[55.267s][info][gc             ] GC(303) Pause Young (Allocation Failure) 8393M->8394M(8839M) 188.588ms
[55.267s][info][gc,cpu         ] GC(303) User=0.73s Sys=0.14s Real=0.19s
[55.350s][info][gc,start       ] GC(304) Pause Young (Allocation Failure)
[55.490s][info][gc,heap        ] GC(304) PSYoungGen: 235936K(236032K)->79616K(467456K) Eden: 79360K(79360K)->0K(89600K) From: 156576K(156672K)->79616K(377856K)
[55.490s][info][gc,heap        ] GC(304) ParOldGen: 8439300K(8815616K)->8596852K(8815616K)
[55.491s][info][gc,metaspace   ] GC(304) Metaspace: 6302K(6464K)->6302K(6464K) NonClass: 5768K(5824K)->5768K(5824K) Class: 533K(640K)->533K(640K)
[55.491s][info][gc             ] GC(304) Pause Young (Allocation Failure) 8471M->8473M(9065M) 141.004ms
[55.491s][info][gc,cpu         ] GC(304) User=0.66s Sys=0.05s Real=0.14s
[55.588s][info][gc,start       ] GC(305) Pause Young (Allocation Failure)
[55.700s][info][gc,heap        ] GC(305) PSYoungGen: 169216K(467456K)->89920K(470016K) Eden: 89600K(89600K)->0K(89600K) From: 79616K(377856K)->89920K(380416K)
[55.700s][info][gc,heap        ] GC(305) ParOldGen: 8596852K(8815616K)->8676932K(8815616K)
[55.700s][info][gc,metaspace   ] GC(305) Metaspace: 6302K(6464K)->6302K(6464K) NonClass: 5768K(5824K)->5768K(5824K) Class: 533K(640K)->533K(640K)
[55.700s][info][gc             ] GC(305) Pause Young (Allocation Failure) 8560M->8561M(9068M) 111.828ms
[55.700s][info][gc,cpu         ] GC(305) User=0.44s Sys=0.02s Real=0.11s
[55.700s][info][gc,start       ] GC(306) Pause Full (Ergonomics)
[55.700s][info][gc,phases,start] GC(306) Marking Phase
[57.709s][info][gc,phases      ] GC(306) Marking Phase 2008.791ms
[57.709s][info][gc,phases,start] GC(306) Summary Phase
[57.709s][info][gc,phases      ] GC(306) Summary Phase 0.206ms
[57.709s][info][gc,phases,start] GC(306) Adjust Roots
[57.709s][info][gc,phases      ] GC(306) Adjust Roots 0.257ms
[57.709s][info][gc,phases,start] GC(306) Compaction Phase
[58.532s][info][gc,phases      ] GC(306) Compaction Phase 822.503ms
[58.532s][info][gc,phases,start] GC(306) Post Compact
[58.545s][info][gc,phases      ] GC(306) Post Compact 13.395ms
[58.548s][info][gc,heap        ] GC(306) PSYoungGen: 89920K(470016K)->0K(474624K) Eden: 0K(89600K)->0K(100864K) From: 89920K(380416K)->0K(373760K)
[58.548s][info][gc,heap        ] GC(306) ParOldGen: 8676932K(8815616K)->8760026K(9708032K)
[58.548s][info][gc,metaspace   ] GC(306) Metaspace: 6302K(6464K)->6302K(6464K) NonClass: 5768K(5824K)->5768K(5824K) Class: 533K(640K)->533K(640K)
[58.548s][info][gc             ] GC(306) Pause Full (Ergonomics) 8561M->8554M(9944M) 2848.220ms
[58.548s][info][gc,cpu         ] GC(306) User=20.95s Sys=0.06s Real=2.85s
[58.661s][info][gc,start       ] GC(307) Pause Young (Allocation Failure)
[58.757s][info][gc,heap        ] GC(307) PSYoungGen: 100864K(474624K)->101184K(202240K) Eden: 100864K(100864K)->0K(100864K) From: 0K(373760K)->101184K(101376K)
[58.757s][info][gc,heap        ] GC(307) ParOldGen: 8760026K(9708032K)->8760026K(9708032K)
[58.757s][info][gc,metaspace   ] GC(307) Metaspace: 6302K(6464K)->6302K(6464K) NonClass: 5768K(5824K)->5768K(5824K) Class: 533K(640K)->533K(640K)
[58.757s][info][gc             ] GC(307) Pause Young (Allocation Failure) 8653M->8653M(9678M) 95.929ms
[58.757s][info][gc,cpu         ] GC(307) User=0.33s Sys=0.00s Real=0.10s
[58.869s][info][gc,start       ] GC(308) Pause Young (Allocation Failure)
[58.997s][info][gc,heap        ] GC(308) PSYoungGen: 202048K(202240K)->202240K(467456K) Eden: 100864K(100864K)->0K(111104K) From: 101184K(101376K)->202240K(356352K)
[58.997s][info][gc,heap        ] GC(308) ParOldGen: 8760026K(9708032K)->8760026K(9708032K)
[58.997s][info][gc,metaspace   ] GC(308) Metaspace: 6302K(6464K)->6302K(6464K) NonClass: 5768K(5824K)->5768K(5824K) Class: 533K(640K)->533K(640K)
[58.997s][info][gc             ] GC(308) Pause Young (Allocation Failure) 8752M->8752M(9937M) 127.819ms
[58.997s][info][gc,cpu         ] GC(308) User=0.56s Sys=0.00s Real=0.13s
[59.120s][info][gc,start       ] GC(309) Pause Young (Allocation Failure)
[59.297s][info][gc,heap        ] GC(309) PSYoungGen: 313344K(467456K)->313568K(470528K) Eden: 111104K(111104K)->0K(111104K) From: 202240K(356352K)->313568K(359424K)
[59.297s][info][gc,heap        ] GC(309) ParOldGen: 8760026K(9708032K)->8760026K(9708032K)
[59.298s][info][gc,metaspace   ] GC(309) Metaspace: 6302K(6464K)->6302K(6464K) NonClass: 5768K(5824K)->5768K(5824K) Class: 533K(640K)->533K(640K)
[59.298s][info][gc             ] GC(309) Pause Young (Allocation Failure) 8860M->8860M(9940M) 177.941ms
[59.298s][info][gc,cpu         ] GC(309) User=1.03s Sys=0.00s Real=0.18s
[59.425s][info][gc,start       ] GC(310) Pause Young (Allocation Failure)
[59.681s][info][gc,heap        ] GC(310) PSYoungGen: 424672K(470528K)->323840K(486400K) Eden: 111104K(111104K)->0K(90624K) From: 313568K(359424K)->323840K(395776K)
[59.681s][info][gc,heap        ] GC(310) ParOldGen: 8760026K(9708032K)->8861794K(9708032K)
[59.681s][info][gc,metaspace   ] GC(310) Metaspace: 6302K(6464K)->6302K(6464K) NonClass: 5768K(5824K)->5768K(5824K) Class: 533K(640K)->533K(640K)
[59.681s][info][gc             ] GC(310) Pause Young (Allocation Failure) 8969M->8970M(9955M) 255.454ms
[59.681s][info][gc,cpu         ] GC(310) User=1.66s Sys=0.08s Real=0.26s
[59.791s][info][gc,start       ] GC(311) Pause Young (Allocation Failure)
[60.011s][info][gc,heap        ] GC(311) PSYoungGen: 414464K(486400K)->313504K(518656K) Eden: 90624K(90624K)->0K(90624K) From: 323840K(395776K)->313504K(428032K)
[60.011s][info][gc,heap        ] GC(311) ParOldGen: 8861794K(9708032K)->8963562K(9708032K)
[60.011s][info][gc,metaspace   ] GC(311) Metaspace: 6302K(6464K)->6302K(6464K) NonClass: 5768K(5824K)->5768K(5824K) Class: 533K(640K)->533K(640K)
[60.011s][info][gc             ] GC(311) Pause Young (Allocation Failure) 9058M->9059M(9987M) 219.777ms
[60.011s][info][gc,cpu         ] GC(311) User=1.62s Sys=0.02s Real=0.22s
[60.109s][info][gc,start       ] GC(312) Pause Young (Allocation Failure)
[60.333s][info][gc,heap        ] GC(312) PSYoungGen: 404128K(518656K)->293056K(542208K) Eden: 90624K(90624K)->0K(92672K) From: 313504K(428032K)->293056K(449536K)
[60.333s][info][gc,heap        ] GC(312) ParOldGen: 8963562K(9708032K)->9075650K(9708032K)
[60.333s][info][gc,metaspace   ] GC(312) Metaspace: 6302K(6464K)->6302K(6464K) NonClass: 5768K(5824K)->5768K(5824K) Class: 533K(640K)->533K(640K)
[60.333s][info][gc             ] GC(312) Pause Young (Allocation Failure) 9148M->9149M(10010M) 224.679ms
[60.333s][info][gc,cpu         ] GC(312) User=1.48s Sys=0.03s Real=0.23s
[60.439s][info][gc,start       ] GC(313) Pause Young (Allocation Failure)
[60.662s][info][gc,heap        ] GC(313) PSYoungGen: 385728K(542208K)->183808K(276480K) Eden: 92672K(92672K)->0K(92672K) From: 293056K(449536K)->183808K(183808K)
[60.662s][info][gc,heap        ] GC(313) ParOldGen: 9075650K(9708032K)->9279170K(9708032K)
[60.662s][info][gc,metaspace   ] GC(313) Metaspace: 6302K(6464K)->6302K(6464K) NonClass: 5768K(5824K)->5768K(5824K) Class: 533K(640K)->533K(640K)
[60.662s][info][gc             ] GC(313) Pause Young (Allocation Failure) 9239M->9241M(9750M) 222.718ms
[60.662s][info][gc,cpu         ] GC(313) User=1.42s Sys=0.11s Real=0.22s
[60.764s][info][gc,start       ] GC(314) Pause Young (Allocation Failure)
[60.923s][info][gc,heap        ] GC(314) PSYoungGen: 276480K(276480K)->92992K(537088K) Eden: 92672K(92672K)->0K(104448K) From: 183808K(183808K)->92992K(432640K)
[60.923s][info][gc,heap        ] GC(314) ParOldGen: 9279170K(9708032K)->9464114K(9708032K)
[60.923s][info][gc,metaspace   ] GC(314) Metaspace: 6302K(6464K)->6302K(6464K) NonClass: 5768K(5824K)->5768K(5824K) Class: 533K(640K)->533K(640K)
[60.923s][info][gc             ] GC(314) Pause Young (Allocation Failure) 9331M->9333M(10005M) 158.755ms
[60.923s][info][gc,cpu         ] GC(314) User=1.03s Sys=0.22s Real=0.16s
[61.038s][info][gc,start       ] GC(315) Pause Young (Allocation Failure)
[61.173s][info][gc,heap        ] GC(315) PSYoungGen: 197440K(537088K)->104736K(540160K) Eden: 104448K(104448K)->0K(104448K) From: 92992K(432640K)->104736K(435712K)
[61.174s][info][gc,heap        ] GC(315) ParOldGen: 9464114K(9708032K)->9557634K(9708032K)
[61.174s][info][gc,metaspace   ] GC(315) Metaspace: 6302K(6464K)->6302K(6464K) NonClass: 5768K(5824K)->5768K(5824K) Class: 533K(640K)->533K(640K)
[61.174s][info][gc             ] GC(315) Pause Young (Allocation Failure) 9435M->9435M(10008M) 135.595ms
[61.174s][info][gc,cpu         ] GC(315) User=0.48s Sys=0.03s Real=0.14s
[61.174s][info][gc,start       ] GC(316) Pause Full (Ergonomics)
[61.174s][info][gc,phases,start] GC(316) Marking Phase
[63.468s][info][gc,phases      ] GC(316) Marking Phase 2294.170ms
[63.468s][info][gc,phases,start] GC(316) Summary Phase
[63.468s][info][gc,phases      ] GC(316) Summary Phase 0.155ms
[63.468s][info][gc,phases,start] GC(316) Adjust Roots
[63.468s][info][gc,phases      ] GC(316) Adjust Roots 0.188ms
[63.468s][info][gc,phases,start] GC(316) Compaction Phase
[64.334s][info][gc,phases      ] GC(316) Compaction Phase 865.279ms
[64.334s][info][gc,phases,start] GC(316) Post Compact
[64.348s][info][gc,phases      ] GC(316) Post Compact 14.567ms
[64.349s][info][gc,heap        ] GC(316) PSYoungGen: 104736K(540160K)->0K(544768K) Eden: 0K(104448K)->0K(117248K) From: 104736K(435712K)->0K(427520K)
[64.349s][info][gc,heap        ] GC(316) ParOldGen: 9557634K(9708032K)->9654727K(9830400K)
[64.349s][info][gc,metaspace   ] GC(316) Metaspace: 6302K(6464K)->6302K(6464K) NonClass: 5768K(5824K)->5768K(5824K) Class: 533K(640K)->533K(640K)
[64.349s][info][gc             ] GC(316) Pause Full (Ergonomics) 9435M->9428M(10132M) 3175.066ms
[64.349s][info][gc,cpu         ] GC(316) User=23.62s Sys=0.06s Real=3.17s
[64.479s][info][gc,start       ] GC(317) Pause Young (Allocation Failure)
[64.578s][info][gc,heap        ] GC(317) PSYoungGen: 117248K(544768K)->117632K(235008K) Eden: 117248K(117248K)->0K(117248K) From: 0K(427520K)->117632K(117760K)
[64.578s][info][gc,heap        ] GC(317) ParOldGen: 9654727K(9830400K)->9654727K(9830400K)
[64.578s][info][gc,metaspace   ] GC(317) Metaspace: 6302K(6464K)->6302K(6464K) NonClass: 5768K(5824K)->5768K(5824K) Class: 533K(640K)->533K(640K)
[64.578s][info][gc             ] GC(317) Pause Young (Allocation Failure) 9542M->9543M(9829M) 98.994ms
[64.578s][info][gc,cpu         ] GC(317) User=0.44s Sys=0.00s Real=0.10s
[64.578s][info][gc,start       ] GC(318) Pause Full (Ergonomics)
[64.578s][info][gc,phases,start] GC(318) Marking Phase
[66.826s][info][gc,phases      ] GC(318) Marking Phase 2247.855ms
[66.826s][info][gc,phases,start] GC(318) Summary Phase
[66.826s][info][gc,phases      ] GC(318) Summary Phase 0.160ms
[66.826s][info][gc,phases,start] GC(318) Adjust Roots
[66.827s][info][gc,phases      ] GC(318) Adjust Roots 0.170ms
[66.827s][info][gc,phases,start] GC(318) Compaction Phase
[67.730s][info][gc,phases      ] GC(318) Compaction Phase 902.949ms
[67.730s][info][gc,phases,start] GC(318) Post Compact
[67.741s][info][gc,phases      ] GC(318) Post Compact 11.655ms
[67.741s][info][gc,heap        ] GC(318) PSYoungGen: 117632K(235008K)->0K(544256K) Eden: 0K(117248K)->0K(128512K) From: 117632K(117760K)->0K(415744K)
[67.741s][info][gc,heap        ] GC(318) ParOldGen: 9654727K(9830400K)->9771945K(9830400K)
[67.741s][info][gc,metaspace   ] GC(318) Metaspace: 6302K(6464K)->6302K(6464K) NonClass: 5768K(5824K)->5768K(5824K) Class: 533K(640K)->533K(640K)
[67.741s][info][gc             ] GC(318) Pause Full (Ergonomics) 9543M->9542M(10131M) 3163.104ms
[67.741s][info][gc,cpu         ] GC(318) User=24.41s Sys=0.06s Real=3.16s
[67.878s][info][gc,start       ] GC(319) Pause Full (Ergonomics)
[67.878s][info][gc,phases,start] GC(319) Marking Phase
[70.145s][info][gc,phases      ] GC(319) Marking Phase 2266.554ms
[70.145s][info][gc,phases,start] GC(319) Summary Phase
[70.145s][info][gc,phases      ] GC(319) Summary Phase 0.092ms
[70.145s][info][gc,phases,start] GC(319) Adjust Roots
[70.145s][info][gc,phases      ] GC(319) Adjust Roots 0.160ms
[70.145s][info][gc,phases,start] GC(319) Compaction Phase
[70.846s][info][gc,phases      ] GC(319) Compaction Phase 700.798ms
[70.846s][info][gc,phases,start] GC(319) Post Compact
[70.859s][info][gc,phases      ] GC(319) Post Compact 13.267ms
[70.859s][info][gc,heap        ] GC(319) PSYoungGen: 128512K(544256K)->70125K(544256K) Eden: 128512K(128512K)->70125K(128512K) From: 0K(415744K)->0K(415744K)
[70.859s][info][gc,heap        ] GC(319) ParOldGen: 9771945K(9830400K)->9830299K(9830400K)
[70.859s][info][gc,metaspace   ] GC(319) Metaspace: 6302K(6464K)->6302K(6464K) NonClass: 5768K(5824K)->5768K(5824K) Class: 533K(640K)->533K(640K)
[70.859s][info][gc             ] GC(319) Pause Full (Ergonomics) 9668M->9668M(10131M) 2981.299ms
[70.859s][info][gc,cpu         ] GC(319) User=22.89s Sys=0.05s Real=2.98s
[70.927s][info][gc,start       ] GC(320) Pause Full (Ergonomics)
[70.927s][info][gc,phases,start] GC(320) Marking Phase
[73.237s][info][gc,phases      ] GC(320) Marking Phase 2310.503ms
[73.238s][info][gc,phases,start] GC(320) Summary Phase
[73.238s][info][gc,phases      ] GC(320) Summary Phase 0.096ms
[73.238s][info][gc,phases,start] GC(320) Adjust Roots
[73.238s][info][gc,phases      ] GC(320) Adjust Roots 0.192ms
[73.238s][info][gc,phases,start] GC(320) Compaction Phase
[73.988s][info][gc,phases      ] GC(320) Compaction Phase 750.251ms
[73.988s][info][gc,phases,start] GC(320) Post Compact
[74.002s][info][gc,phases      ] GC(320) Post Compact 14.210ms
[74.002s][info][gc,heap        ] GC(320) PSYoungGen: 128512K(544256K)->128496K(544256K) Eden: 128512K(128512K)->128496K(128512K) From: 0K(415744K)->0K(415744K)
[74.002s][info][gc,heap        ] GC(320) ParOldGen: 9830299K(9830400K)->9830299K(9830400K)
[74.002s][info][gc,metaspace   ] GC(320) Metaspace: 6302K(6464K)->6302K(6464K) NonClass: 5768K(5824K)->5768K(5824K) Class: 533K(640K)->533K(640K)
[74.002s][info][gc             ] GC(320) Pause Full (Ergonomics) 9725M->9725M(10131M) 3075.603ms
[74.002s][info][gc,cpu         ] GC(320) User=23.34s Sys=0.03s Real=3.08s
[74.003s][info][gc,start       ] GC(321) Pause Full (Ergonomics)
[74.003s][info][gc,phases,start] GC(321) Marking Phase
[76.306s][info][gc,phases      ] GC(321) Marking Phase 2303.745ms
[76.307s][info][gc,phases,start] GC(321) Summary Phase
[76.307s][info][gc,phases      ] GC(321) Summary Phase 0.108ms
[76.307s][info][gc,phases,start] GC(321) Adjust Roots
[76.307s][info][gc,phases      ] GC(321) Adjust Roots 0.173ms
[76.307s][info][gc,phases,start] GC(321) Compaction Phase
[77.043s][info][gc,phases      ] GC(321) Compaction Phase 735.808ms
[77.043s][info][gc,phases,start] GC(321) Post Compact
[77.058s][info][gc,phases      ] GC(321) Post Compact 14.925ms
[77.058s][info][gc,heap        ] GC(321) PSYoungGen: 128512K(544256K)->128511K(544256K) Eden: 128512K(128512K)->128511K(128512K) From: 0K(415744K)->0K(415744K)
[77.058s][info][gc,heap        ] GC(321) ParOldGen: 9830299K(9830400K)->9830299K(9830400K)
[77.058s][info][gc,metaspace   ] GC(321) Metaspace: 6302K(6464K)->6302K(6464K) NonClass: 5768K(5824K)->5768K(5824K) Class: 533K(640K)->533K(640K)
[77.058s][info][gc             ] GC(321) Pause Full (Ergonomics) 9725M->9725M(10131M) 3055.118ms
[77.058s][info][gc,cpu         ] GC(321) User=23.17s Sys=0.00s Real=3.06s
[77.058s][info][gc,start       ] GC(322) Pause Full (Ergonomics)
[77.058s][info][gc,phases,start] GC(322) Marking Phase
[79.335s][info][gc,phases      ] GC(322) Marking Phase 2277.414ms
[79.335s][info][gc,phases,start] GC(322) Summary Phase
[79.336s][info][gc,phases      ] GC(322) Summary Phase 0.091ms
[79.336s][info][gc,phases,start] GC(322) Adjust Roots
[79.336s][info][gc,phases      ] GC(322) Adjust Roots 0.163ms
[79.336s][info][gc,phases,start] GC(322) Compaction Phase
[80.036s][info][gc,phases      ] GC(322) Compaction Phase 700.694ms
[80.037s][info][gc,phases,start] GC(322) Post Compact
[80.049s][info][gc,phases      ] GC(322) Post Compact 12.638ms
[80.049s][info][gc,heap        ] GC(322) PSYoungGen: 128511K(544256K)->128511K(544256K) Eden: 128511K(128512K)->128511K(128512K) From: 0K(415744K)->0K(415744K)
[80.049s][info][gc,heap        ] GC(322) ParOldGen: 9830299K(9830400K)->9830299K(9830400K)
[80.049s][info][gc,metaspace   ] GC(322) Metaspace: 6302K(6464K)->6302K(6464K) NonClass: 5768K(5824K)->5768K(5824K) Class: 533K(640K)->533K(640K)
[80.049s][info][gc             ] GC(322) Pause Full (Ergonomics) 9725M->9725M(10131M) 2991.329ms
[80.049s][info][gc,cpu         ] GC(322) User=23.31s Sys=0.00s Real=2.99s
[80.049s][info][gc,start       ] GC(323) Pause Full (Ergonomics)
[80.050s][info][gc,phases,start] GC(323) Marking Phase
[82.332s][info][gc,phases      ] GC(323) Marking Phase 2282.288ms
[82.332s][info][gc,phases,start] GC(323) Summary Phase
[82.332s][info][gc,phases      ] GC(323) Summary Phase 0.090ms
[82.332s][info][gc,phases,start] GC(323) Adjust Roots
[82.332s][info][gc,phases      ] GC(323) Adjust Roots 0.164ms
[82.332s][info][gc,phases,start] GC(323) Compaction Phase
[83.063s][info][gc,phases      ] GC(323) Compaction Phase 730.898ms
[83.063s][info][gc,phases,start] GC(323) Post Compact
[83.078s][info][gc,phases      ] GC(323) Post Compact 14.905ms
[83.078s][info][gc,heap        ] GC(323) PSYoungGen: 128511K(544256K)->128511K(544256K) Eden: 128511K(128512K)->128511K(128512K) From: 0K(415744K)->0K(415744K)
[83.078s][info][gc,heap        ] GC(323) ParOldGen: 9830304K(9830400K)->9830304K(9830400K)
[83.078s][info][gc,metaspace   ] GC(323) Metaspace: 6302K(6464K)->6302K(6464K) NonClass: 5768K(5824K)->5768K(5824K) Class: 533K(640K)->533K(640K)
[83.078s][info][gc             ] GC(323) Pause Full (Ergonomics) 9725M->9725M(10131M) 3028.665ms
[83.078s][info][gc,cpu         ] GC(323) User=23.05s Sys=0.06s Real=3.03s
[83.078s][info][gc,start       ] GC(324) Pause Full (Ergonomics)
[83.078s][info][gc,phases,start] GC(324) Marking Phase
[85.390s][info][gc,phases      ] GC(324) Marking Phase 2311.488ms
[85.390s][info][gc,phases,start] GC(324) Summary Phase
[85.390s][info][gc,phases      ] GC(324) Summary Phase 0.096ms
[85.390s][info][gc,phases,start] GC(324) Adjust Roots
[85.390s][info][gc,phases      ] GC(324) Adjust Roots 0.190ms
[85.390s][info][gc,phases,start] GC(324) Compaction Phase
[86.115s][info][gc,phases      ] GC(324) Compaction Phase 724.532ms
[86.115s][info][gc,phases,start] GC(324) Post Compact
[86.129s][info][gc,phases      ] GC(324) Post Compact 13.745ms
[86.129s][info][gc,heap        ] GC(324) PSYoungGen: 128511K(544256K)->128511K(544256K) Eden: 128511K(128512K)->128511K(128512K) From: 0K(415744K)->0K(415744K)
[86.129s][info][gc,heap        ] GC(324) ParOldGen: 9830309K(9830400K)->9830309K(9830400K)
[86.129s][info][gc,metaspace   ] GC(324) Metaspace: 6302K(6464K)->6302K(6464K) NonClass: 5768K(5824K)->5768K(5824K) Class: 533K(640K)->533K(640K)
[86.129s][info][gc             ] GC(324) Pause Full (Ergonomics) 9725M->9725M(10131M) 3050.407ms
[86.129s][info][gc,cpu         ] GC(324) User=23.39s Sys=0.00s Real=3.05s
[86.129s][info][gc,start       ] GC(325) Pause Full (Ergonomics)
[86.129s][info][gc,phases,start] GC(325) Marking Phase
[88.413s][info][gc,phases      ] GC(325) Marking Phase 2284.378ms
[88.413s][info][gc,phases,start] GC(325) Summary Phase
[88.414s][info][gc,phases      ] GC(325) Summary Phase 0.124ms
[88.414s][info][gc,phases,start] GC(325) Adjust Roots
[88.414s][info][gc,phases      ] GC(325) Adjust Roots 0.284ms
[88.414s][info][gc,phases,start] GC(325) Compaction Phase
[89.160s][info][gc,phases      ] GC(325) Compaction Phase 746.146ms
[89.160s][info][gc,phases,start] GC(325) Post Compact
[89.174s][info][gc,phases      ] GC(325) Post Compact 14.274ms
[89.174s][info][gc,heap        ] GC(325) PSYoungGen: 128511K(544256K)->128511K(544256K) Eden: 128511K(128512K)->128511K(128512K) From: 0K(415744K)->0K(415744K)
[89.174s][info][gc,heap        ] GC(325) ParOldGen: 9830314K(9830400K)->9830314K(9830400K)
[89.175s][info][gc,metaspace   ] GC(325) Metaspace: 6302K(6464K)->6302K(6464K) NonClass: 5768K(5824K)->5768K(5824K) Class: 533K(640K)->533K(640K)
[89.175s][info][gc             ] GC(325) Pause Full (Ergonomics) 9725M->9725M(10131M) 3045.554ms
[89.175s][info][gc,cpu         ] GC(325) User=23.11s Sys=0.02s Real=3.05s
[89.175s][info][gc,start       ] GC(326) Pause Full (Ergonomics)
[89.175s][info][gc,phases,start] GC(326) Marking Phase
[91.460s][info][gc,phases      ] GC(326) Marking Phase 2284.797ms
[91.460s][info][gc,phases,start] GC(326) Summary Phase
[91.460s][info][gc,phases      ] GC(326) Summary Phase 0.090ms
[91.460s][info][gc,phases,start] GC(326) Adjust Roots
[91.460s][info][gc,phases      ] GC(326) Adjust Roots 0.174ms
[91.460s][info][gc,phases,start] GC(326) Compaction Phase
[92.191s][info][gc,phases      ] GC(326) Compaction Phase 731.168ms
[92.191s][info][gc,phases,start] GC(326) Post Compact
[92.205s][info][gc,phases      ] GC(326) Post Compact 13.484ms
[92.205s][info][gc,heap        ] GC(326) PSYoungGen: 128511K(544256K)->128511K(544256K) Eden: 128511K(128512K)->128511K(128512K) From: 0K(415744K)->0K(415744K)
[92.205s][info][gc,heap        ] GC(326) ParOldGen: 9830319K(9830400K)->9830319K(9830400K)
[92.205s][info][gc,metaspace   ] GC(326) Metaspace: 6302K(6464K)->6302K(6464K) NonClass: 5768K(5824K)->5768K(5824K) Class: 533K(640K)->533K(640K)
[92.205s][info][gc             ] GC(326) Pause Full (Ergonomics) 9725M->9725M(10131M) 3030.011ms
[92.205s][info][gc,cpu         ] GC(326) User=23.12s Sys=0.02s Real=3.03s
[92.205s][info][gc,start       ] GC(327) Pause Full (Ergonomics)
[92.205s][info][gc,phases,start] GC(327) Marking Phase
[94.508s][info][gc,phases      ] GC(327) Marking Phase 2303.194ms
[94.508s][info][gc,phases,start] GC(327) Summary Phase
[94.508s][info][gc,phases      ] GC(327) Summary Phase 0.091ms
[94.508s][info][gc,phases,start] GC(327) Adjust Roots
[94.509s][info][gc,phases      ] GC(327) Adjust Roots 0.162ms
[94.509s][info][gc,phases,start] GC(327) Compaction Phase
[95.253s][info][gc,phases      ] GC(327) Compaction Phase 744.839ms
[95.253s][info][gc,phases,start] GC(327) Post Compact
[95.268s][info][gc,phases      ] GC(327) Post Compact 14.242ms
[95.268s][info][gc,heap        ] GC(327) PSYoungGen: 128511K(544256K)->128511K(544256K) Eden: 128511K(128512K)->128511K(128512K) From: 0K(415744K)->0K(415744K)
[95.268s][info][gc,heap        ] GC(327) ParOldGen: 9830324K(9830400K)->9830324K(9830400K)
[95.268s][info][gc,metaspace   ] GC(327) Metaspace: 6302K(6464K)->6302K(6464K) NonClass: 5768K(5824K)->5768K(5824K) Class: 533K(640K)->533K(640K)
[95.268s][info][gc             ] GC(327) Pause Full (Ergonomics) 9725M->9725M(10131M) 3062.875ms
[95.268s][info][gc,cpu         ] GC(327) User=23.28s Sys=0.00s Real=3.06s
[95.268s][info][gc,start       ] GC(328) Pause Full (Ergonomics)
[95.268s][info][gc,phases,start] GC(328) Marking Phase
[97.650s][info][gc,phases      ] GC(328) Marking Phase 2381.677ms
[97.650s][info][gc,phases,start] GC(328) Summary Phase
[97.650s][info][gc,phases      ] GC(328) Summary Phase 0.098ms
[97.650s][info][gc,phases,start] GC(328) Adjust Roots
[97.650s][info][gc,phases      ] GC(328) Adjust Roots 0.184ms
[97.650s][info][gc,phases,start] GC(328) Compaction Phase
[98.455s][info][gc,phases      ] GC(328) Compaction Phase 804.292ms
[98.455s][info][gc,phases,start] GC(328) Post Compact
[98.473s][info][gc,phases      ] GC(328) Post Compact 18.094ms
[98.473s][info][gc,heap        ] GC(328) PSYoungGen: 128511K(544256K)->128511K(544256K) Eden: 128511K(128512K)->128511K(128512K) From: 0K(415744K)->0K(415744K)
[98.473s][info][gc,heap        ] GC(328) ParOldGen: 9830328K(9830400K)->9830328K(9830400K)
[98.473s][info][gc,metaspace   ] GC(328) Metaspace: 6302K(6464K)->6302K(6464K) NonClass: 5768K(5824K)->5768K(5824K) Class: 533K(640K)->533K(640K)
[98.473s][info][gc             ] GC(328) Pause Full (Ergonomics) 9725M->9725M(10131M) 3204.757ms
[98.473s][info][gc,cpu         ] GC(328) User=23.19s Sys=0.03s Real=3.20s
[98.473s][info][gc,start       ] GC(329) Pause Full (Ergonomics)
[98.473s][info][gc,phases,start] GC(329) Marking Phase
[100.840s][info][gc,phases      ] GC(329) Marking Phase 2366.881ms
[100.840s][info][gc,phases,start] GC(329) Summary Phase
[100.840s][info][gc,phases      ] GC(329) Summary Phase 0.177ms
[100.840s][info][gc,phases,start] GC(329) Adjust Roots
[100.841s][info][gc,phases      ] GC(329) Adjust Roots 0.327ms
[100.841s][info][gc,phases,start] GC(329) Compaction Phase
[101.710s][info][gc,phases      ] GC(329) Compaction Phase 868.995ms
[101.710s][info][gc,phases,start] GC(329) Post Compact
[101.726s][info][gc,phases      ] GC(329) Post Compact 16.657ms
[101.726s][info][gc,heap        ] GC(329) PSYoungGen: 128511K(544256K)->128511K(544256K) Eden: 128511K(128512K)->128511K(128512K) From: 0K(415744K)->0K(415744K)
[101.727s][info][gc,heap        ] GC(329) ParOldGen: 9830333K(9830400K)->9830333K(9830400K)
[101.727s][info][gc,metaspace   ] GC(329) Metaspace: 6302K(6464K)->6302K(6464K) NonClass: 5768K(5824K)->5768K(5824K) Class: 533K(640K)->533K(640K)
[101.727s][info][gc             ] GC(329) Pause Full (Ergonomics) 9725M->9725M(10131M) 3253.481ms
[101.727s][info][gc,cpu         ] GC(329) User=23.11s Sys=0.03s Real=3.25s
[101.727s][info][gc,start       ] GC(330) Pause Full (Ergonomics)
[101.727s][info][gc,phases,start] GC(330) Marking Phase
[104.021s][info][gc,phases      ] GC(330) Marking Phase 2294.036ms
[104.021s][info][gc,phases,start] GC(330) Summary Phase
[104.021s][info][gc,phases      ] GC(330) Summary Phase 0.095ms
[104.021s][info][gc,phases,start] GC(330) Adjust Roots
[104.021s][info][gc,phases      ] GC(330) Adjust Roots 0.177ms
[104.021s][info][gc,phases,start] GC(330) Compaction Phase
[104.789s][info][gc,phases      ] GC(330) Compaction Phase 768.075ms
[104.789s][info][gc,phases,start] GC(330) Post Compact
[104.804s][info][gc,phases      ] GC(330) Post Compact 14.515ms
[104.804s][info][gc,heap        ] GC(330) PSYoungGen: 128511K(544256K)->128511K(544256K) Eden: 128511K(128512K)->128511K(128512K) From: 0K(415744K)->0K(415744K)
[104.804s][info][gc,heap        ] GC(330) ParOldGen: 9830338K(9830400K)->9830338K(9830400K)
[104.804s][info][gc,metaspace   ] GC(330) Metaspace: 6302K(6464K)->6302K(6464K) NonClass: 5768K(5824K)->5768K(5824K) Class: 533K(640K)->533K(640K)
[104.804s][info][gc             ] GC(330) Pause Full (Ergonomics) 9725M->9725M(10131M) 3077.281ms
[104.804s][info][gc,cpu         ] GC(330) User=22.83s Sys=0.00s Real=3.08s
[104.804s][info][gc,start       ] GC(331) Pause Full (Ergonomics)
[104.804s][info][gc,phases,start] GC(331) Marking Phase
[107.059s][info][gc,phases      ] GC(331) Marking Phase 2254.626ms
[107.059s][info][gc,phases,start] GC(331) Summary Phase
[107.059s][info][gc,phases      ] GC(331) Summary Phase 0.111ms
[107.059s][info][gc,phases,start] GC(331) Adjust Roots
[107.059s][info][gc,phases      ] GC(331) Adjust Roots 0.241ms
[107.059s][info][gc,phases,start] GC(331) Compaction Phase
[107.814s][info][gc,phases      ] GC(331) Compaction Phase 754.246ms
[107.814s][info][gc,phases,start] GC(331) Post Compact
[107.828s][info][gc,phases      ] GC(331) Post Compact 14.248ms
[107.828s][info][gc,heap        ] GC(331) PSYoungGen: 128511K(544256K)->128511K(544256K) Eden: 128511K(128512K)->128511K(128512K) From: 0K(415744K)->0K(415744K)
[107.828s][info][gc,heap        ] GC(331) ParOldGen: 9830343K(9830400K)->9830343K(9830400K)
[107.828s][info][gc,metaspace   ] GC(331) Metaspace: 6302K(6464K)->6302K(6464K) NonClass: 5768K(5824K)->5768K(5824K) Class: 533K(640K)->533K(640K)
[107.828s][info][gc             ] GC(331) Pause Full (Ergonomics) 9725M->9725M(10131M) 3023.830ms
[107.828s][info][gc,cpu         ] GC(331) User=22.81s Sys=0.02s Real=3.02s
[107.828s][info][gc,start       ] GC(332) Pause Full (Ergonomics)
[107.828s][info][gc,phases,start] GC(332) Marking Phase
[110.106s][info][gc,phases      ] GC(332) Marking Phase 2277.213ms
[110.106s][info][gc,phases,start] GC(332) Summary Phase
[110.106s][info][gc,phases      ] GC(332) Summary Phase 0.090ms
[110.106s][info][gc,phases,start] GC(332) Adjust Roots
[110.106s][info][gc,phases      ] GC(332) Adjust Roots 0.164ms
[110.106s][info][gc,phases,start] GC(332) Compaction Phase
[110.790s][info][gc,phases      ] GC(332) Compaction Phase 684.397ms
[110.790s][info][gc,phases,start] GC(332) Post Compact
[110.802s][info][gc,phases      ] GC(332) Post Compact 12.098ms
[110.803s][info][gc,heap        ] GC(332) PSYoungGen: 128511K(544256K)->128511K(544256K) Eden: 128511K(128512K)->128511K(128512K) From: 0K(415744K)->0K(415744K)
[110.803s][info][gc,heap        ] GC(332) ParOldGen: 9830348K(9830400K)->9830348K(9830400K)
[110.803s][info][gc,metaspace   ] GC(332) Metaspace: 6302K(6464K)->6302K(6464K) NonClass: 5768K(5824K)->5768K(5824K) Class: 533K(640K)->533K(640K)
[110.803s][info][gc             ] GC(332) Pause Full (Ergonomics) 9725M->9725M(10131M) 2974.280ms
[110.803s][info][gc,cpu         ] GC(332) User=23.00s Sys=0.00s Real=2.97s
[110.803s][info][gc,start       ] GC(333) Pause Full (Ergonomics)
[110.803s][info][gc,phases,start] GC(333) Marking Phase
[113.065s][info][gc,phases      ] GC(333) Marking Phase 2262.548ms
[113.065s][info][gc,phases,start] GC(333) Summary Phase
[113.066s][info][gc,phases      ] GC(333) Summary Phase 0.095ms
[113.066s][info][gc,phases,start] GC(333) Adjust Roots
[113.066s][info][gc,phases      ] GC(333) Adjust Roots 0.203ms
[113.066s][info][gc,phases,start] GC(333) Compaction Phase
[113.773s][info][gc,phases      ] GC(333) Compaction Phase 707.556ms
[113.773s][info][gc,phases,start] GC(333) Post Compact
[113.788s][info][gc,phases      ] GC(333) Post Compact 14.116ms
[113.788s][info][gc,heap        ] GC(333) PSYoungGen: 128511K(544256K)->128511K(544256K) Eden: 128511K(128512K)->128511K(128512K) From: 0K(415744K)->0K(415744K)
[113.788s][info][gc,heap        ] GC(333) ParOldGen: 9830353K(9830400K)->9830353K(9830400K)
[113.788s][info][gc,metaspace   ] GC(333) Metaspace: 6302K(6464K)->6302K(6464K) NonClass: 5768K(5824K)->5768K(5824K) Class: 533K(640K)->533K(640K)
[113.788s][info][gc             ] GC(333) Pause Full (Ergonomics) 9725M->9725M(10131M) 2984.851ms
[113.788s][info][gc,cpu         ] GC(333) User=22.95s Sys=0.00s Real=2.99s
[113.788s][info][gc,start       ] GC(334) Pause Full (Ergonomics)
[113.788s][info][gc,phases,start] GC(334) Marking Phase
[116.055s][info][gc,phases      ] GC(334) Marking Phase 2267.309ms
[116.055s][info][gc,phases,start] GC(334) Summary Phase
[116.055s][info][gc,phases      ] GC(334) Summary Phase 0.090ms
[116.055s][info][gc,phases,start] GC(334) Adjust Roots
[116.056s][info][gc,phases      ] GC(334) Adjust Roots 0.161ms
[116.056s][info][gc,phases,start] GC(334) Compaction Phase
[116.778s][info][gc,phases      ] GC(334) Compaction Phase 721.933ms
[116.778s][info][gc,phases,start] GC(334) Post Compact
[116.792s][info][gc,phases      ] GC(334) Post Compact 14.276ms
[116.792s][info][gc,heap        ] GC(334) PSYoungGen: 128511K(544256K)->128511K(544256K) Eden: 128511K(128512K)->128511K(128512K) From: 0K(415744K)->0K(415744K)
[116.792s][info][gc,heap        ] GC(334) ParOldGen: 9830357K(9830400K)->9830357K(9830400K)
[116.792s][info][gc,metaspace   ] GC(334) Metaspace: 6302K(6464K)->6302K(6464K) NonClass: 5768K(5824K)->5768K(5824K) Class: 533K(640K)->533K(640K)
[116.792s][info][gc             ] GC(334) Pause Full (Ergonomics) 9725M->9725M(10131M) 3004.135ms
[116.792s][info][gc,cpu         ] GC(334) User=22.92s Sys=0.02s Real=3.00s
[116.792s][info][gc,start       ] GC(335) Pause Full (Ergonomics)
[116.792s][info][gc,phases,start] GC(335) Marking Phase
[119.068s][info][gc,phases      ] GC(335) Marking Phase 2276.242ms
[119.069s][info][gc,phases,start] GC(335) Summary Phase
[119.069s][info][gc,phases      ] GC(335) Summary Phase 0.093ms
[119.069s][info][gc,phases,start] GC(335) Adjust Roots
[119.069s][info][gc,phases      ] GC(335) Adjust Roots 0.199ms
[119.069s][info][gc,phases,start] GC(335) Compaction Phase
[119.788s][info][gc,phases      ] GC(335) Compaction Phase 719.491ms
[119.788s][info][gc,phases,start] GC(335) Post Compact
[119.803s][info][gc,phases      ] GC(335) Post Compact 14.228ms
[119.803s][info][gc,heap        ] GC(335) PSYoungGen: 128511K(544256K)->128511K(544256K) Eden: 128511K(128512K)->128511K(128512K) From: 0K(415744K)->0K(415744K)
[119.803s][info][gc,heap        ] GC(335) ParOldGen: 9830362K(9830400K)->9830362K(9830400K)
[119.803s][info][gc,metaspace   ] GC(335) Metaspace: 6302K(6464K)->6302K(6464K) NonClass: 5768K(5824K)->5768K(5824K) Class: 533K(640K)->533K(640K)
[119.803s][info][gc             ] GC(335) Pause Full (Ergonomics) 9725M->9725M(10131M) 3010.556ms
[119.803s][info][gc,cpu         ] GC(335) User=23.08s Sys=0.00s Real=3.01s
[119.803s][info][gc,start       ] GC(336) Pause Full (Ergonomics)
[119.803s][info][gc,phases,start] GC(336) Marking Phase
[122.062s][info][gc,phases      ] GC(336) Marking Phase 2259.409ms
[122.062s][info][gc,phases,start] GC(336) Summary Phase
[122.063s][info][gc,phases      ] GC(336) Summary Phase 0.090ms
[122.063s][info][gc,phases,start] GC(336) Adjust Roots
[122.063s][info][gc,phases      ] GC(336) Adjust Roots 0.166ms
[122.063s][info][gc,phases,start] GC(336) Compaction Phase
[122.772s][info][gc,phases      ] GC(336) Compaction Phase 709.607ms
[122.772s][info][gc,phases,start] GC(336) Post Compact
[122.787s][info][gc,phases      ] GC(336) Post Compact 14.178ms
[122.787s][info][gc,heap        ] GC(336) PSYoungGen: 128511K(544256K)->128511K(544256K) Eden: 128511K(128512K)->128511K(128512K) From: 0K(415744K)->0K(415744K)
[122.787s][info][gc,heap        ] GC(336) ParOldGen: 9830367K(9830400K)->9830367K(9830400K)
[122.787s][info][gc,metaspace   ] GC(336) Metaspace: 6302K(6464K)->6302K(6464K) NonClass: 5768K(5824K)->5768K(5824K) Class: 533K(640K)->533K(640K)
[122.787s][info][gc             ] GC(336) Pause Full (Ergonomics) 9725M->9725M(10131M) 2983.783ms
[122.787s][info][gc,cpu         ] GC(336) User=22.89s Sys=0.00s Real=2.98s
[122.787s][info][gc,start       ] GC(337) Pause Full (Ergonomics)
[122.787s][info][gc,phases,start] GC(337) Marking Phase
[125.038s][info][gc,phases      ] GC(337) Marking Phase 2251.087ms
[125.038s][info][gc,phases,start] GC(337) Summary Phase
[125.038s][info][gc,phases      ] GC(337) Summary Phase 0.092ms
[125.038s][info][gc,phases,start] GC(337) Adjust Roots
[125.039s][info][gc,phases      ] GC(337) Adjust Roots 0.162ms
[125.039s][info][gc,phases,start] GC(337) Compaction Phase
[125.739s][info][gc,phases      ] GC(337) Compaction Phase 700.685ms
[125.739s][info][gc,phases,start] GC(337) Post Compact
[125.753s][info][gc,phases      ] GC(337) Post Compact 14.042ms
[125.753s][info][gc,heap        ] GC(337) PSYoungGen: 128511K(544256K)->128511K(544256K) Eden: 128511K(128512K)->128511K(128512K) From: 0K(415744K)->0K(415744K)
[125.753s][info][gc,heap        ] GC(337) ParOldGen: 9830372K(9830400K)->9830372K(9830400K)
[125.753s][info][gc,metaspace   ] GC(337) Metaspace: 6302K(6464K)->6302K(6464K) NonClass: 5768K(5824K)->5768K(5824K) Class: 533K(640K)->533K(640K)
[125.753s][info][gc             ] GC(337) Pause Full (Ergonomics) 9725M->9725M(10131M) 2966.485ms
[125.754s][info][gc,cpu         ] GC(337) User=22.62s Sys=0.02s Real=2.97s
[125.754s][info][gc,start       ] GC(338) Pause Full (Ergonomics)
[125.754s][info][gc,phases,start] GC(338) Marking Phase
[128.002s][info][gc,phases      ] GC(338) Marking Phase 2247.875ms
[128.002s][info][gc,phases,start] GC(338) Summary Phase
[128.002s][info][gc,phases      ] GC(338) Summary Phase 0.093ms
[128.002s][info][gc,phases,start] GC(338) Adjust Roots
[128.002s][info][gc,phases      ] GC(338) Adjust Roots 0.178ms
[128.002s][info][gc,phases,start] GC(338) Compaction Phase
[128.728s][info][gc,phases      ] GC(338) Compaction Phase 726.322ms
[128.728s][info][gc,phases,start] GC(338) Post Compact
[128.743s][info][gc,phases      ] GC(338) Post Compact 14.137ms
[128.743s][info][gc,heap        ] GC(338) PSYoungGen: 128511K(544256K)->128511K(544256K) Eden: 128511K(128512K)->128511K(128512K) From: 0K(415744K)->0K(415744K)
[128.743s][info][gc,heap        ] GC(338) ParOldGen: 9830377K(9830400K)->9830377K(9830400K)
[128.743s][info][gc,metaspace   ] GC(338) Metaspace: 6302K(6464K)->6302K(6464K) NonClass: 5768K(5824K)->5768K(5824K) Class: 533K(640K)->533K(640K)
[128.743s][info][gc             ] GC(338) Pause Full (Ergonomics) 9725M->9725M(10131M) 2988.943ms
[128.743s][info][gc,cpu         ] GC(338) User=22.67s Sys=0.00s Real=2.99s
[128.743s][info][gc,start       ] GC(339) Pause Full (Ergonomics)
[128.743s][info][gc,phases,start] GC(339) Marking Phase
[130.987s][info][gc,phases      ] GC(339) Marking Phase 2243.771ms
[130.987s][info][gc,phases,start] GC(339) Summary Phase
[130.987s][info][gc,phases      ] GC(339) Summary Phase 0.102ms
[130.987s][info][gc,phases,start] GC(339) Adjust Roots
[130.987s][info][gc,phases      ] GC(339) Adjust Roots 0.191ms
[130.987s][info][gc,phases,start] GC(339) Compaction Phase
[131.683s][info][gc,phases      ] GC(339) Compaction Phase 695.901ms
[131.683s][info][gc,phases,start] GC(339) Post Compact
[131.697s][info][gc,phases      ] GC(339) Post Compact 14.181ms
[131.697s][info][gc,heap        ] GC(339) PSYoungGen: 128511K(544256K)->128511K(544256K) Eden: 128511K(128512K)->128511K(128512K) From: 0K(415744K)->0K(415744K)
[131.697s][info][gc,heap        ] GC(339) ParOldGen: 9830382K(9830400K)->9830382K(9830400K)
[131.697s][info][gc,metaspace   ] GC(339) Metaspace: 6302K(6464K)->6302K(6464K) NonClass: 5768K(5824K)->5768K(5824K) Class: 533K(640K)->533K(640K)
[131.697s][info][gc             ] GC(339) Pause Full (Ergonomics) 9725M->9725M(10131M) 2954.489ms
[131.697s][info][gc,cpu         ] GC(339) User=22.66s Sys=0.02s Real=2.95s
[131.698s][info][gc,start       ] GC(340) Pause Full (Ergonomics)
[131.698s][info][gc,phases,start] GC(340) Marking Phase
[133.973s][info][gc,phases      ] GC(340) Marking Phase 2275.203ms
[133.973s][info][gc,phases,start] GC(340) Summary Phase
[133.973s][info][gc,phases      ] GC(340) Summary Phase 0.096ms
[133.973s][info][gc,phases,start] GC(340) Adjust Roots
[133.973s][info][gc,phases      ] GC(340) Adjust Roots 0.179ms
[133.973s][info][gc,phases,start] GC(340) Compaction Phase
[134.684s][info][gc,phases      ] GC(340) Compaction Phase 710.920ms
[134.684s][info][gc,phases,start] GC(340) Post Compact
[134.698s][info][gc,phases      ] GC(340) Post Compact 14.230ms
[134.698s][info][gc,heap        ] GC(340) PSYoungGen: 128511K(544256K)->128511K(544256K) Eden: 128511K(128512K)->128511K(128512K) From: 0K(415744K)->0K(415744K)
[134.699s][info][gc,heap        ] GC(340) ParOldGen: 9830386K(9830400K)->9830386K(9830400K)
[134.699s][info][gc,metaspace   ] GC(340) Metaspace: 6302K(6464K)->6302K(6464K) NonClass: 5768K(5824K)->5768K(5824K) Class: 533K(640K)->533K(640K)
[134.699s][info][gc             ] GC(340) Pause Full (Ergonomics) 9725M->9725M(10131M) 3001.109ms
[134.699s][info][gc,cpu         ] GC(340) User=23.03s Sys=0.00s Real=3.00s
[134.699s][info][gc,start       ] GC(341) Pause Full (Ergonomics)
[134.699s][info][gc,phases,start] GC(341) Marking Phase
[136.934s][info][gc,phases      ] GC(341) Marking Phase 2235.287ms
[136.934s][info][gc,phases,start] GC(341) Summary Phase
[136.934s][info][gc,phases      ] GC(341) Summary Phase 0.091ms
[136.934s][info][gc,phases,start] GC(341) Adjust Roots
[136.935s][info][gc,phases      ] GC(341) Adjust Roots 0.167ms
[136.935s][info][gc,phases,start] GC(341) Compaction Phase
[137.656s][info][gc,phases      ] GC(341) Compaction Phase 721.224ms
[137.656s][info][gc,phases,start] GC(341) Post Compact
[137.670s][info][gc,phases      ] GC(341) Post Compact 14.198ms
[137.670s][info][gc,heap        ] GC(341) PSYoungGen: 128511K(544256K)->128511K(544256K) Eden: 128511K(128512K)->128511K(128512K) From: 0K(415744K)->0K(415744K)
[137.670s][info][gc,heap        ] GC(341) ParOldGen: 9830391K(9830400K)->9830391K(9830400K)
[137.670s][info][gc,metaspace   ] GC(341) Metaspace: 6302K(6464K)->6302K(6464K) NonClass: 5768K(5824K)->5768K(5824K) Class: 533K(640K)->533K(640K)
[137.670s][info][gc             ] GC(341) Pause Full (Ergonomics) 9725M->9725M(10131M) 2971.315ms
[137.670s][info][gc,cpu         ] GC(341) User=22.52s Sys=0.00s Real=2.97s
[137.670s][info][gc,start       ] GC(342) Pause Full (Ergonomics)
[137.670s][info][gc,phases,start] GC(342) Marking Phase
[139.953s][info][gc,phases      ] GC(342) Marking Phase 2282.733ms
[139.953s][info][gc,phases,start] GC(342) Summary Phase
[139.953s][info][gc,phases      ] GC(342) Summary Phase 0.090ms
[139.953s][info][gc,phases,start] GC(342) Adjust Roots
[139.954s][info][gc,phases      ] GC(342) Adjust Roots 0.165ms
[139.954s][info][gc,phases,start] GC(342) Compaction Phase
[140.664s][info][gc,phases      ] GC(342) Compaction Phase 710.795ms
[140.664s][info][gc,phases,start] GC(342) Post Compact
[140.679s][info][gc,phases      ] GC(342) Post Compact 14.272ms
[140.679s][info][gc,heap        ] GC(342) PSYoungGen: 128511K(544256K)->128511K(544256K) Eden: 128511K(128512K)->128511K(128512K) From: 0K(415744K)->0K(415744K)
[140.679s][info][gc,heap        ] GC(342) ParOldGen: 9830396K(9830400K)->9830396K(9830400K)
[140.679s][info][gc,metaspace   ] GC(342) Metaspace: 6302K(6464K)->6302K(6464K) NonClass: 5768K(5824K)->5768K(5824K) Class: 533K(640K)->533K(640K)
[140.679s][info][gc             ] GC(342) Pause Full (Ergonomics) 9725M->9725M(10131M) 3008.390ms
[140.679s][info][gc,cpu         ] GC(342) User=22.78s Sys=0.02s Real=3.01s
[140.679s][info][gc,start       ] GC(343) Pause Full (Ergonomics)
[140.679s][info][gc,phases,start] GC(343) Marking Phase
[142.941s][info][gc,phases      ] GC(343) Marking Phase 2261.905ms
[142.941s][info][gc,phases,start] GC(343) Summary Phase
[142.941s][info][gc,phases      ] GC(343) Summary Phase 0.102ms
[142.941s][info][gc,phases,start] GC(343) Adjust Roots
[142.941s][info][gc,phases      ] GC(343) Adjust Roots 0.229ms
[142.941s][info][gc,phases,start] GC(343) Compaction Phase
[143.657s][info][gc,phases      ] GC(343) Compaction Phase 715.432ms
[143.657s][info][gc,phases,start] GC(343) Post Compact
[143.671s][info][gc,phases      ] GC(343) Post Compact 14.121ms
[143.671s][info][gc,heap        ] GC(343) PSYoungGen: 128511K(544256K)->128511K(544256K) Eden: 128511K(128512K)->128511K(128512K) From: 0K(415744K)->0K(415744K)
[143.671s][info][gc,heap        ] GC(343) ParOldGen: 9830399K(9830400K)->9830399K(9830400K)
[143.671s][info][gc,metaspace   ] GC(343) Metaspace: 6302K(6464K)->6302K(6464K) NonClass: 5768K(5824K)->5768K(5824K) Class: 533K(640K)->533K(640K)
[143.671s][info][gc             ] GC(343) Pause Full (Ergonomics) 9725M->9725M(10131M) 2992.130ms
[143.671s][info][gc,cpu         ] GC(343) User=22.59s Sys=0.00s Real=2.99s
[143.671s][info][gc,start       ] GC(344) Pause Full (Allocation Failure)
[143.671s][info][gc,phases,start] GC(344) Marking Phase
[145.959s][info][gc,phases      ] GC(344) Marking Phase 2288.044ms
[145.959s][info][gc,phases,start] GC(344) Summary Phase
[145.959s][info][gc,phases      ] GC(344) Summary Phase 0.124ms
[145.959s][info][gc,phases,start] GC(344) Adjust Roots
[145.960s][info][gc,phases      ] GC(344) Adjust Roots 0.442ms
[145.960s][info][gc,phases,start] GC(344) Compaction Phase
[148.392s][info][gc,phases      ] GC(344) Compaction Phase 2432.068ms
[148.392s][info][gc,phases,start] GC(344) Post Compact
[148.408s][info][gc,phases      ] GC(344) Post Compact 16.219ms
[148.408s][info][gc,heap        ] GC(344) PSYoungGen: 128511K(544256K)->128511K(544256K) Eden: 128511K(128512K)->128511K(128512K) From: 0K(415744K)->0K(415744K)
[148.408s][info][gc,heap        ] GC(344) ParOldGen: 9830399K(9830400K)->9830395K(9830400K)
[148.408s][info][gc,metaspace   ] GC(344) Metaspace: 6302K(6464K)->6300K(6464K) NonClass: 5768K(5824K)->5767K(5824K) Class: 533K(640K)->532K(640K)
[148.408s][info][gc             ] GC(344) Pause Full (Allocation Failure) 9725M->9725M(10131M) 4737.277ms
[148.408s][info][gc,cpu         ] GC(344) User=35.16s Sys=0.02s Real=4.74s
[148.409s][info][gc,start       ] GC(345) Pause Full (Ergonomics)
[148.409s][info][gc,phases,start] GC(345) Marking Phase
[150.630s][info][gc,phases      ] GC(345) Marking Phase 2221.050ms
[150.630s][info][gc,phases,start] GC(345) Summary Phase
[150.630s][info][gc,phases      ] GC(345) Summary Phase 0.125ms
[150.630s][info][gc,phases,start] GC(345) Adjust Roots
[150.630s][info][gc,phases      ] GC(345) Adjust Roots 0.238ms
[150.630s][info][gc,phases,start] GC(345) Compaction Phase
[151.336s][info][gc,phases      ] GC(345) Compaction Phase 705.849ms
[151.336s][info][gc,phases,start] GC(345) Post Compact
[151.351s][info][gc,phases      ] GC(345) Post Compact 14.435ms
[151.351s][info][gc,heap        ] GC(345) PSYoungGen: 128511K(544256K)->128511K(544256K) Eden: 128511K(128512K)->128511K(128512K) From: 0K(415744K)->0K(415744K)
[151.351s][info][gc,heap        ] GC(345) ParOldGen: 9830397K(9830400K)->9830397K(9830400K)
[151.351s][info][gc,metaspace   ] GC(345) Metaspace: 6300K(6464K)->6300K(6464K) NonClass: 5767K(5824K)->5767K(5824K) Class: 532K(640K)->532K(640K)
[151.351s][info][gc             ] GC(345) Pause Full (Ergonomics) 9725M->9725M(10131M) 2942.234ms
[151.351s][info][gc,cpu         ] GC(345) User=22.09s Sys=0.02s Real=2.94s
[151.351s][info][gc,start       ] GC(346) Pause Full (Ergonomics)
[151.352s][info][gc,phases,start] GC(346) Marking Phase
[153.610s][info][gc,phases      ] GC(346) Marking Phase 2258.925ms
[153.611s][info][gc,phases,start] GC(346) Summary Phase
[153.611s][info][gc,phases      ] GC(346) Summary Phase 0.103ms
[153.611s][info][gc,phases,start] GC(346) Adjust Roots
[153.611s][info][gc,phases      ] GC(346) Adjust Roots 0.231ms
[153.611s][info][gc,phases,start] GC(346) Compaction Phase
[154.332s][info][gc,phases      ] GC(346) Compaction Phase 720.635ms
[154.332s][info][gc,phases,start] GC(346) Post Compact
[154.346s][info][gc,phases      ] GC(346) Post Compact 14.310ms
[154.346s][info][gc,heap        ] GC(346) PSYoungGen: 128511K(544256K)->128511K(544256K) Eden: 128511K(128512K)->128511K(128512K) From: 0K(415744K)->0K(415744K)
[154.346s][info][gc,heap        ] GC(346) ParOldGen: 9830399K(9830400K)->9830399K(9830400K)
[154.346s][info][gc,metaspace   ] GC(346) Metaspace: 6300K(6464K)->6300K(6464K) NonClass: 5767K(5824K)->5767K(5824K) Class: 532K(640K)->532K(640K)
[154.346s][info][gc             ] GC(346) Pause Full (Ergonomics) 9725M->9725M(10131M) 2994.547ms
[154.346s][info][gc,cpu         ] GC(346) User=22.48s Sys=0.02s Real=2.99s
[154.346s][info][gc,start       ] GC(347) Pause Full (Allocation Failure)
[154.346s][info][gc,phases,start] GC(347) Marking Phase
[156.603s][info][gc,phases      ] GC(347) Marking Phase 2256.660ms
[156.603s][info][gc,phases,start] GC(347) Summary Phase
[156.603s][info][gc,phases      ] GC(347) Summary Phase 0.174ms
[156.603s][info][gc,phases,start] GC(347) Adjust Roots
[156.604s][info][gc,phases      ] GC(347) Adjust Roots 0.381ms
[156.604s][info][gc,phases,start] GC(347) Compaction Phase
[157.339s][info][gc,phases      ] GC(347) Compaction Phase 735.251ms
[157.339s][info][gc,phases,start] GC(347) Post Compact
[157.355s][info][gc,phases      ] GC(347) Post Compact 16.225ms
[157.355s][info][gc,heap        ] GC(347) PSYoungGen: 128511K(544256K)->128511K(544256K) Eden: 128511K(128512K)->128511K(128512K) From: 0K(415744K)->0K(415744K)
[157.355s][info][gc,heap        ] GC(347) ParOldGen: 9830399K(9830400K)->9830399K(9830400K)
[157.355s][info][gc,metaspace   ] GC(347) Metaspace: 6300K(6464K)->6300K(6464K) NonClass: 5767K(5824K)->5767K(5824K) Class: 532K(640K)->532K(640K)
[157.355s][info][gc             ] GC(347) Pause Full (Allocation Failure) 9725M->9725M(10131M) 3009.148ms
[157.355s][info][gc,cpu         ] GC(347) User=22.44s Sys=0.03s Real=3.01s
[157.356s][info][gc,start       ] GC(348) Pause Full (Ergonomics)
[157.356s][info][gc,phases,start] GC(348) Marking Phase
[159.666s][info][gc,phases      ] GC(348) Marking Phase 2309.873ms
[159.666s][info][gc,phases,start] GC(348) Summary Phase
[159.666s][info][gc,phases      ] GC(348) Summary Phase 0.117ms
[159.666s][info][gc,phases,start] GC(348) Adjust Roots
[159.666s][info][gc,phases      ] GC(348) Adjust Roots 0.371ms
[159.666s][info][gc,phases,start] GC(348) Compaction Phase
[162.108s][info][gc,phases      ] GC(348) Compaction Phase 2441.635ms
[162.108s][info][gc,phases,start] GC(348) Post Compact
[162.124s][info][gc,phases      ] GC(348) Post Compact 16.404ms
[162.124s][info][gc,heap        ] GC(348) PSYoungGen: 128511K(544256K)->128511K(544256K) Eden: 128511K(128512K)->128511K(128512K) From: 0K(415744K)->0K(415744K)
[162.124s][info][gc,heap        ] GC(348) ParOldGen: 9830400K(9830400K)->9830398K(9830400K)
[162.124s][info][gc,metaspace   ] GC(348) Metaspace: 6300K(6464K)->6300K(6464K) NonClass: 5767K(5824K)->5767K(5824K) Class: 532K(640K)->532K(640K)
[162.124s][info][gc             ] GC(348) Pause Full (Ergonomics) 9725M->9725M(10131M) 4768.775ms
[162.124s][info][gc,cpu         ] GC(348) User=35.55s Sys=0.03s Real=4.77s
[162.125s][info][gc,start       ] GC(349) Pause Full (Ergonomics)
[162.125s][info][gc,phases,start] GC(349) Marking Phase
[164.385s][info][gc,phases      ] GC(349) Marking Phase 2259.404ms
[164.385s][info][gc,phases,start] GC(349) Summary Phase
[164.385s][info][gc,phases      ] GC(349) Summary Phase 0.114ms
[164.385s][info][gc,phases,start] GC(349) Adjust Roots
[164.385s][info][gc,phases      ] GC(349) Adjust Roots 0.307ms
[164.385s][info][gc,phases,start] GC(349) Compaction Phase
[166.810s][info][gc,phases      ] GC(349) Compaction Phase 2424.761ms
[166.810s][info][gc,phases,start] GC(349) Post Compact
[166.826s][info][gc,phases      ] GC(349) Post Compact 16.311ms
[166.827s][info][gc,heap        ] GC(349) PSYoungGen: 128511K(544256K)->128511K(544256K) Eden: 128511K(128512K)->128511K(128512K) From: 0K(415744K)->0K(415744K)
[166.827s][info][gc,heap        ] GC(349) ParOldGen: 9830399K(9830400K)->9830398K(9830400K)
[166.827s][info][gc,metaspace   ] GC(349) Metaspace: 6301K(6464K)->6301K(6464K) NonClass: 5767K(5824K)->5767K(5824K) Class: 533K(640K)->533K(640K)
[166.827s][info][gc             ] GC(349) Pause Full (Ergonomics) 9725M->9725M(10131M) 4701.257ms
[166.827s][info][gc,cpu         ] GC(349) User=34.66s Sys=0.02s Real=4.70s
[166.827s][info][gc,heap,exit   ] Heap
[166.827s][info][gc,heap,exit   ]  PSYoungGen      total 544256K, used 128511K [0x00000006d4000000, 0x000000070f580000, 0x0000000800000000)
[166.827s][info][gc,heap,exit   ]   eden space 128512K, 99% used [0x00000006d4000000,0x00000006dbd7fff8,0x00000006dbd80000)
[166.827s][info][gc,heap,exit   ]   from space 415744K, 0% used [0x00000006dbd80000,0x00000006dbd80000,0x00000006f5380000)
[166.827s][info][gc,heap,exit   ]   to   space 415744K, 0% used [0x00000006f5380000,0x00000006f5380000,0x000000070e980000)
[166.827s][info][gc,heap,exit   ]  ParOldGen       total 9830400K, used 9830399K [0x000000047c000000, 0x00000006d4000000, 0x00000006d4000000)
[166.827s][info][gc,heap,exit   ]   object space 9830400K, 99% used [0x000000047c000000,0x00000006d3fffca0,0x00000006d4000000)
[166.827s][info][gc,heap,exit   ]  Metaspace       used 6305K, committed 6528K, reserved 1114112K
[166.827s][info][gc,heap,exit   ]   class space    used 534K, committed 640K, reserved 1048576K
