[0.011s][info][gc,init] CardTable entry size: 512
[0.011s][info][gc     ] Using Parallel
[0.012s][info][gc,init] Version: 18.0.1+10 (release)
[0.012s][info][gc,init] CPUs: 8 total, 8 available
[0.012s][info][gc,init] Memory: 16063M
[0.013s][info][gc,init] Large Page Support: Disabled
[0.013s][info][gc,init] NUMA Support: Disabled
[0.013s][info][gc,init] Compressed Oops: Enabled (Zero based)
[0.013s][info][gc,init] Alignments: Space 512K, Generation 512K, Heap 2M
[0.013s][info][gc,init] Heap Min Capacity: 2M
[0.013s][info][gc,init] Heap Initial Capacity: 2M
[0.013s][info][gc,init] Heap Max Capacity: 10600M
[0.013s][info][gc,init] Pre-touch: Disabled
[0.013s][info][gc,init] Parallel Workers: 8
[0.013s][info][gc,metaspace] CDS archive(s) not mapped
[0.013s][info][gc,metaspace] Compressed class space mapped at: 0x0000000800000000-0x0000000840000000, reserved size: 1073741824
[0.013s][info][gc,metaspace] Narrow klass base: 0x0000000800000000, Narrow klass shift: 0, Narrow klass range: 0x40000000
[0.102s][info][gc,start    ] GC(0) Pause Young (Allocation Failure)
[0.104s][info][gc,heap     ] GC(0) PSYoungGen: 512K(1024K)->480K(1024K) Eden: 512K(512K)->0K(512K) From: 0K(512K)->480K(512K)
[0.104s][info][gc,heap     ] GC(0) ParOldGen: 0K(512K)->8K(512K)
[0.104s][info][gc,metaspace] GC(0) Metaspace: 4230K(4352K)->4230K(4352K) NonClass: 3909K(3968K)->3909K(3968K) Class: 321K(384K)->321K(384K)
[0.104s][info][gc          ] GC(0) Pause Young (Allocation Failure) 0M->0M(1M) 1.412ms
[0.104s][info][gc,cpu      ] GC(0) User=0.00s Sys=0.00s Real=0.00s
[0.164s][info][gc,start    ] GC(1) Pause Young (Allocation Failure)
[0.165s][info][gc,heap     ] GC(1) PSYoungGen: 991K(1024K)->512K(1536K) Eden: 511K(512K)->0K(1024K) From: 480K(512K)->512K(512K)
[0.165s][info][gc,heap     ] GC(1) ParOldGen: 8K(512K)->84K(512K)
[0.165s][info][gc,metaspace] GC(1) Metaspace: 5879K(6016K)->5879K(6016K) NonClass: 5382K(5504K)->5382K(5504K) Class: 496K(512K)->496K(512K)
[0.165s][info][gc          ] GC(1) Pause Young (Allocation Failure) 0M->0M(2M) 0.887ms
[0.165s][info][gc,cpu      ] GC(1) User=0.00s Sys=0.00s Real=0.00s
[0.185s][info][gc,start    ] GC(2) Pause Young (Allocation Failure)
[0.186s][info][gc,heap     ] GC(2) PSYoungGen: 1536K(1536K)->512K(1536K) Eden: 1024K(1024K)->0K(1024K) From: 512K(512K)->512K(512K)
[0.186s][info][gc,heap     ] GC(2) ParOldGen: 84K(512K)->500K(512K)
[0.186s][info][gc,metaspace] GC(2) Metaspace: 6296K(6464K)->6296K(6464K) NonClass: 5763K(5824K)->5763K(5824K) Class: 533K(640K)->533K(640K)
[0.186s][info][gc          ] GC(2) Pause Young (Allocation Failure) 1M->0M(2M) 1.171ms
[0.186s][info][gc,cpu      ] GC(2) User=0.00s Sys=0.00s Real=0.00s
[0.186s][info][gc,start    ] GC(3) Pause Full (Ergonomics)
[0.186s][info][gc,phases,start] GC(3) Marking Phase
[0.187s][info][gc,phases      ] GC(3) Marking Phase 0.868ms
[0.187s][info][gc,phases,start] GC(3) Summary Phase
[0.187s][info][gc,phases      ] GC(3) Summary Phase 0.015ms
[0.187s][info][gc,phases,start] GC(3) Adjust Roots
[0.188s][info][gc,phases      ] GC(3) Adjust Roots 0.320ms
[0.188s][info][gc,phases,start] GC(3) Compaction Phase
[0.189s][info][gc,phases      ] GC(3) Compaction Phase 1.478ms
[0.189s][info][gc,phases,start] GC(3) Post Compact
[0.189s][info][gc,phases      ] GC(3) Post Compact 0.074ms
[0.189s][info][gc,heap        ] GC(3) PSYoungGen: 512K(1536K)->510K(1536K) Eden: 0K(1024K)->0K(1024K) From: 512K(512K)->510K(512K)
[0.189s][info][gc,heap        ] GC(3) ParOldGen: 500K(512K)->470K(2048K)
[0.189s][info][gc,metaspace   ] GC(3) Metaspace: 6296K(6464K)->6296K(6464K) NonClass: 5763K(5824K)->5763K(5824K) Class: 533K(640K)->533K(640K)
[0.189s][info][gc             ] GC(3) Pause Full (Ergonomics) 0M->0M(3M) 2.997ms
[0.189s][info][gc,cpu         ] GC(3) User=0.00s Sys=0.00s Real=0.00s
[0.191s][info][gc,start       ] GC(4) Pause Young (Allocation Failure)
[0.192s][info][gc,heap        ] GC(4) PSYoungGen: 1534K(1536K)->480K(2560K) Eden: 1024K(1024K)->0K(2048K) From: 510K(512K)->480K(512K)
[0.192s][info][gc,heap        ] GC(4) ParOldGen: 470K(2048K)->1030K(2048K)
[0.192s][info][gc,metaspace   ] GC(4) Metaspace: 6296K(6464K)->6296K(6464K) NonClass: 5763K(5824K)->5763K(5824K) Class: 533K(640K)->533K(640K)
[0.192s][info][gc             ] GC(4) Pause Young (Allocation Failure) 1M->1M(4M) 1.305ms
[0.192s][info][gc,cpu         ] GC(4) User=0.00s Sys=0.00s Real=0.00s
[0.195s][info][gc,start       ] GC(5) Pause Young (Allocation Failure)
[0.197s][info][gc,heap        ] GC(5) PSYoungGen: 2528K(2560K)->480K(2560K) Eden: 2048K(2048K)->0K(2048K) From: 480K(512K)->480K(512K)
[0.197s][info][gc,heap        ] GC(5) ParOldGen: 1030K(2048K)->2094K(2560K)
[0.197s][info][gc,metaspace   ] GC(5) Metaspace: 6296K(6464K)->6296K(6464K) NonClass: 5763K(5824K)->5763K(5824K) Class: 533K(640K)->533K(640K)
[0.197s][info][gc             ] GC(5) Pause Young (Allocation Failure) 3M->2M(5M) 1.960ms
[0.197s][info][gc,cpu         ] GC(5) User=0.00s Sys=0.00s Real=0.00s
[0.197s][info][gc,start       ] GC(6) Pause Full (Ergonomics)
[0.197s][info][gc,phases,start] GC(6) Marking Phase
[0.199s][info][gc,phases      ] GC(6) Marking Phase 1.675ms
[0.199s][info][gc,phases,start] GC(6) Summary Phase
[0.199s][info][gc,phases      ] GC(6) Summary Phase 0.015ms
[0.199s][info][gc,phases,start] GC(6) Adjust Roots
[0.199s][info][gc,phases      ] GC(6) Adjust Roots 0.362ms
[0.199s][info][gc,phases,start] GC(6) Compaction Phase
[0.202s][info][gc,phases      ] GC(6) Compaction Phase 2.396ms
[0.202s][info][gc,phases,start] GC(6) Post Compact
[0.202s][info][gc,phases      ] GC(6) Post Compact 0.034ms
[0.202s][info][gc,heap        ] GC(6) PSYoungGen: 480K(2560K)->0K(4096K) Eden: 0K(2048K)->0K(3072K) From: 480K(512K)->0K(1024K)
[0.202s][info][gc,heap        ] GC(6) ParOldGen: 2094K(2560K)->2542K(6144K)
[0.202s][info][gc,metaspace   ] GC(6) Metaspace: 6296K(6464K)->6296K(6464K) NonClass: 5763K(5824K)->5763K(5824K) Class: 533K(640K)->533K(640K)
[0.202s][info][gc             ] GC(6) Pause Full (Ergonomics) 2M->2M(10M) 4.843ms
[0.202s][info][gc,cpu         ] GC(6) User=0.00s Sys=0.00s Real=0.00s
[0.206s][info][gc,start       ] GC(7) Pause Young (Allocation Failure)
[0.208s][info][gc,heap        ] GC(7) PSYoungGen: 3072K(4096K)->1664K(5120K) Eden: 3072K(3072K)->0K(3072K) From: 0K(1024K)->1664K(2048K)
[0.208s][info][gc,heap        ] GC(7) ParOldGen: 2542K(6144K)->2542K(6144K)
[0.208s][info][gc,metaspace   ] GC(7) Metaspace: 6296K(6464K)->6296K(6464K) NonClass: 5763K(5824K)->5763K(5824K) Class: 533K(640K)->533K(640K)
[0.208s][info][gc             ] GC(7) Pause Young (Allocation Failure) 5M->4M(11M) 1.739ms
[0.208s][info][gc,cpu         ] GC(7) User=0.00s Sys=0.00s Real=0.00s
[0.213s][info][gc,start       ] GC(8) Pause Young (Allocation Failure)
[0.216s][info][gc,heap        ] GC(8) PSYoungGen: 4736K(5120K)->2016K(5632K) Eden: 3072K(3072K)->0K(3584K) From: 1664K(2048K)->2016K(2048K)
[0.216s][info][gc,heap        ] GC(8) ParOldGen: 2542K(6144K)->3774K(6144K)
[0.216s][info][gc,metaspace   ] GC(8) Metaspace: 6296K(6464K)->6296K(6464K) NonClass: 5763K(5824K)->5763K(5824K) Class: 533K(640K)->533K(640K)
[0.216s][info][gc             ] GC(8) Pause Young (Allocation Failure) 7M->5M(11M) 2.862ms
[0.216s][info][gc,cpu         ] GC(8) User=0.00s Sys=0.00s Real=0.00s
[0.221s][info][gc,start       ] GC(9) Pause Young (Allocation Failure)
[0.225s][info][gc,heap        ] GC(9) PSYoungGen: 5600K(5632K)->3040K(6656K) Eden: 3584K(3584K)->0K(3584K) From: 2016K(2048K)->3040K(3072K)
[0.225s][info][gc,heap        ] GC(9) ParOldGen: 3774K(6144K)->4614K(6144K)
[0.225s][info][gc,metaspace   ] GC(9) Metaspace: 6296K(6464K)->6296K(6464K) NonClass: 5763K(5824K)->5763K(5824K) Class: 533K(640K)->533K(640K)
[0.225s][info][gc             ] GC(9) Pause Young (Allocation Failure) 9M->7M(12M) 3.472ms
[0.225s][info][gc,cpu         ] GC(9) User=0.00s Sys=0.00s Real=0.00s
[0.229s][info][gc,start       ] GC(10) Pause Young (Allocation Failure)
[0.234s][info][gc,heap        ] GC(10) PSYoungGen: 6624K(6656K)->4064K(8704K) Eden: 3584K(3584K)->0K(4608K) From: 3040K(3072K)->4064K(4096K)
[0.234s][info][gc,heap        ] GC(10) ParOldGen: 4614K(6144K)->5454K(6144K)
[0.234s][info][gc,metaspace   ] GC(10) Metaspace: 6296K(6464K)->6296K(6464K) NonClass: 5763K(5824K)->5763K(5824K) Class: 533K(640K)->533K(640K)
[0.234s][info][gc             ] GC(10) Pause Young (Allocation Failure) 10M->9M(14M) 4.593ms
[0.234s][info][gc,cpu         ] GC(10) User=0.00s Sys=0.00s Real=0.00s
[0.234s][info][gc,start       ] GC(11) Pause Full (Ergonomics)
[0.234s][info][gc,phases,start] GC(11) Marking Phase
[0.238s][info][gc,phases      ] GC(11) Marking Phase 4.178ms
[0.238s][info][gc,phases,start] GC(11) Summary Phase
[0.238s][info][gc,phases      ] GC(11) Summary Phase 0.015ms
[0.238s][info][gc,phases,start] GC(11) Adjust Roots
[0.239s][info][gc,phases      ] GC(11) Adjust Roots 0.352ms
[0.239s][info][gc,phases,start] GC(11) Compaction Phase
[0.244s][info][gc,phases      ] GC(11) Compaction Phase 5.895ms
[0.245s][info][gc,phases,start] GC(11) Post Compact
[0.245s][info][gc,phases      ] GC(11) Post Compact 0.054ms
[0.245s][info][gc,heap        ] GC(11) PSYoungGen: 4064K(8704K)->3545K(8704K) Eden: 0K(4608K)->0K(4608K) From: 4064K(4096K)->3545K(4096K)
[0.245s][info][gc,heap        ] GC(11) ParOldGen: 5454K(6144K)->5831K(10752K)
[0.245s][info][gc,metaspace   ] GC(11) Metaspace: 6296K(6464K)->6296K(6464K) NonClass: 5763K(5824K)->5763K(5824K) Class: 533K(640K)->533K(640K)
[0.245s][info][gc             ] GC(11) Pause Full (Ergonomics) 9M->9M(19M) 10.818ms
[0.245s][info][gc,cpu         ] GC(11) User=0.00s Sys=0.00s Real=0.01s
[0.250s][info][gc,start       ] GC(12) Pause Young (Allocation Failure)
[0.253s][info][gc,heap        ] GC(12) PSYoungGen: 8013K(8704K)->5088K(9728K) Eden: 4468K(4608K)->0K(4608K) From: 3545K(4096K)->5088K(5120K)
[0.253s][info][gc,heap        ] GC(12) ParOldGen: 5831K(10752K)->6615K(10752K)
[0.253s][info][gc,metaspace   ] GC(12) Metaspace: 6296K(6464K)->6296K(6464K) NonClass: 5763K(5824K)->5763K(5824K) Class: 533K(640K)->533K(640K)
[0.253s][info][gc             ] GC(12) Pause Young (Allocation Failure) 13M->11M(20M) 3.602ms
[0.253s][info][gc,cpu         ] GC(12) User=0.00s Sys=0.00s Real=0.00s
[0.260s][info][gc,start       ] GC(13) Pause Young (Allocation Failure)
[0.265s][info][gc,heap        ] GC(13) PSYoungGen: 9696K(9728K)->6112K(11264K) Eden: 4608K(4608K)->0K(5120K) From: 5088K(5120K)->6112K(6144K)
[0.265s][info][gc,heap        ] GC(13) ParOldGen: 6615K(10752K)->7991K(10752K)
[0.265s][info][gc,metaspace   ] GC(13) Metaspace: 6296K(6464K)->6296K(6464K) NonClass: 5763K(5824K)->5763K(5824K) Class: 533K(640K)->533K(640K)
[0.265s][info][gc             ] GC(13) Pause Young (Allocation Failure) 15M->13M(21M) 5.334ms
[0.265s][info][gc,cpu         ] GC(13) User=0.00s Sys=0.00s Real=0.01s
[0.269s][info][gc,start       ] GC(14) Pause Young (Allocation Failure)
[0.275s][info][gc,heap        ] GC(14) PSYoungGen: 11232K(11264K)->5248K(12800K) Eden: 5120K(5120K)->0K(5120K) From: 6112K(6144K)->5248K(7680K)
[0.275s][info][gc,heap        ] GC(14) ParOldGen: 7991K(10752K)->11575K(11776K)
[0.275s][info][gc,metaspace   ] GC(14) Metaspace: 6298K(6464K)->6298K(6464K) NonClass: 5765K(5824K)->5765K(5824K) Class: 533K(640K)->533K(640K)
[0.275s][info][gc             ] GC(14) Pause Young (Allocation Failure) 18M->16M(24M) 5.597ms
[0.275s][info][gc,cpu         ] GC(14) User=0.00s Sys=0.00s Real=0.01s
[0.275s][info][gc,start       ] GC(15) Pause Full (Ergonomics)
[0.275s][info][gc,phases,start] GC(15) Marking Phase
[0.282s][info][gc,phases      ] GC(15) Marking Phase 7.346ms
[0.282s][info][gc,phases,start] GC(15) Summary Phase
[0.282s][info][gc,phases      ] GC(15) Summary Phase 0.015ms
[0.282s][info][gc,phases,start] GC(15) Adjust Roots
[0.283s][info][gc,phases      ] GC(15) Adjust Roots 0.220ms
[0.283s][info][gc,phases,start] GC(15) Compaction Phase
[0.289s][info][gc,phases      ] GC(15) Compaction Phase 6.756ms
[0.289s][info][gc,phases,start] GC(15) Post Compact
[0.290s][info][gc,phases      ] GC(15) Post Compact 0.076ms
[0.290s][info][gc,heap        ] GC(15) PSYoungGen: 5248K(12800K)->5191K(12800K) Eden: 0K(5120K)->0K(5120K) From: 5248K(7680K)->5191K(7680K)
[0.290s][info][gc,heap        ] GC(15) ParOldGen: 11575K(11776K)->11459K(18432K)
[0.290s][info][gc,metaspace   ] GC(15) Metaspace: 6298K(6464K)->6298K(6464K) NonClass: 5765K(5824K)->5765K(5824K) Class: 533K(640K)->533K(640K)
[0.290s][info][gc             ] GC(15) Pause Full (Ergonomics) 16M->16M(30M) 14.738ms
[0.290s][info][gc,cpu         ] GC(15) User=0.00s Sys=0.00s Real=0.01s
[0.293s][info][gc,start       ] GC(16) Pause Young (Allocation Failure)
[0.299s][info][gc,heap        ] GC(16) PSYoungGen: 10311K(12800K)->2688K(14336K) Eden: 5120K(5120K)->0K(7168K) From: 5191K(7680K)->2688K(7168K)
[0.299s][info][gc,heap        ] GC(16) ParOldGen: 11459K(18432K)->16731K(18432K)
[0.299s][info][gc,metaspace   ] GC(16) Metaspace: 6298K(6464K)->6298K(6464K) NonClass: 5765K(5824K)->5765K(5824K) Class: 533K(640K)->533K(640K)
[0.299s][info][gc             ] GC(16) Pause Young (Allocation Failure) 21M->18M(32M) 6.037ms
[0.299s][info][gc,cpu         ] GC(16) User=0.00s Sys=0.00s Real=0.01s
[0.299s][info][gc,start       ] GC(17) Pause Full (Ergonomics)
[0.299s][info][gc,phases,start] GC(17) Marking Phase
[0.307s][info][gc,phases      ] GC(17) Marking Phase 8.251ms
[0.307s][info][gc,phases,start] GC(17) Summary Phase
[0.307s][info][gc,phases      ] GC(17) Summary Phase 0.014ms
[0.307s][info][gc,phases,start] GC(17) Adjust Roots
[0.308s][info][gc,phases      ] GC(17) Adjust Roots 0.212ms
[0.308s][info][gc,phases,start] GC(17) Compaction Phase
[0.314s][info][gc,phases      ] GC(17) Compaction Phase 6.233ms
[0.314s][info][gc,phases,start] GC(17) Post Compact
[0.314s][info][gc,phases      ] GC(17) Post Compact 0.163ms
[0.314s][info][gc,heap        ] GC(17) PSYoungGen: 2688K(14336K)->1105K(14848K) Eden: 0K(7168K)->0K(7680K) From: 2688K(7168K)->1105K(7168K)
[0.314s][info][gc,heap        ] GC(17) ParOldGen: 16731K(18432K)->18183K(27648K)
[0.314s][info][gc,metaspace   ] GC(17) Metaspace: 6298K(6464K)->6298K(6464K) NonClass: 5765K(5824K)->5765K(5824K) Class: 533K(640K)->533K(640K)
[0.314s][info][gc             ] GC(17) Pause Full (Ergonomics) 18M->18M(41M) 15.221ms
[0.314s][info][gc,cpu         ] GC(17) User=0.02s Sys=0.00s Real=0.01s
[0.319s][info][gc,start       ] GC(18) Pause Young (Allocation Failure)
[0.323s][info][gc,heap        ] GC(18) PSYoungGen: 7799K(14848K)->3424K(15360K) Eden: 6694K(7680K)->0K(7680K) From: 1105K(7168K)->3424K(7680K)
[0.323s][info][gc,heap        ] GC(18) ParOldGen: 18183K(27648K)->19311K(27648K)
[0.323s][info][gc,metaspace   ] GC(18) Metaspace: 6298K(6464K)->6298K(6464K) NonClass: 5765K(5824K)->5765K(5824K) Class: 533K(640K)->533K(640K)
[0.323s][info][gc             ] GC(18) Pause Young (Allocation Failure) 25M->22M(42M) 4.689ms
[0.323s][info][gc,cpu         ] GC(18) User=0.00s Sys=0.00s Real=0.01s
[0.331s][info][gc,start       ] GC(19) Pause Young (Allocation Failure)
[0.338s][info][gc,heap        ] GC(19) PSYoungGen: 11103K(15360K)->7648K(16896K) Eden: 7679K(7680K)->0K(9216K) From: 3424K(7680K)->7648K(7680K)
[0.338s][info][gc,heap        ] GC(19) ParOldGen: 19311K(27648K)->19535K(27648K)
[0.338s][info][gc,metaspace   ] GC(19) Metaspace: 6298K(6464K)->6298K(6464K) NonClass: 5765K(5824K)->5765K(5824K) Class: 533K(640K)->533K(640K)
[0.338s][info][gc             ] GC(19) Pause Young (Allocation Failure) 29M->26M(43M) 7.006ms
[0.338s][info][gc,cpu         ] GC(19) User=0.00s Sys=0.00s Real=0.01s
[0.344s][info][gc,start       ] GC(20) Pause Young (Allocation Failure)
[0.353s][info][gc,heap        ] GC(20) PSYoungGen: 16864K(16896K)->4800K(17920K) Eden: 9216K(9216K)->0K(9216K) From: 7648K(7680K)->4800K(8704K)
[0.353s][info][gc,heap        ] GC(20) ParOldGen: 19535K(27648K)->27279K(27648K)
[0.353s][info][gc,metaspace   ] GC(20) Metaspace: 6298K(6464K)->6298K(6464K) NonClass: 5765K(5824K)->5765K(5824K) Class: 533K(640K)->533K(640K)
[0.353s][info][gc             ] GC(20) Pause Young (Allocation Failure) 35M->31M(44M) 9.375ms
[0.353s][info][gc,cpu         ] GC(20) User=0.00s Sys=0.00s Real=0.01s
[0.353s][info][gc,start       ] GC(21) Pause Full (Ergonomics)
[0.353s][info][gc,phases,start] GC(21) Marking Phase
[0.366s][info][gc,phases      ] GC(21) Marking Phase 12.820ms
[0.366s][info][gc,phases,start] GC(21) Summary Phase
[0.366s][info][gc,phases      ] GC(21) Summary Phase 0.015ms
[0.366s][info][gc,phases,start] GC(21) Adjust Roots
[0.366s][info][gc,phases      ] GC(21) Adjust Roots 0.206ms
[0.366s][info][gc,phases,start] GC(21) Compaction Phase
[0.378s][info][gc,phases      ] GC(21) Compaction Phase 11.982ms
[0.378s][info][gc,phases,start] GC(21) Post Compact
[0.379s][info][gc,phases      ] GC(21) Post Compact 0.110ms
[0.379s][info][gc,heap        ] GC(21) PSYoungGen: 4800K(17920K)->4249K(17920K) Eden: 0K(9216K)->0K(9216K) From: 4800K(8704K)->4249K(8704K)
[0.379s][info][gc,heap        ] GC(21) ParOldGen: 27279K(27648K)->27140K(39424K)
[0.379s][info][gc,metaspace   ] GC(21) Metaspace: 6298K(6464K)->6298K(6464K) NonClass: 5765K(5824K)->5765K(5824K) Class: 533K(640K)->533K(640K)
[0.379s][info][gc             ] GC(21) Pause Full (Ergonomics) 31M->30M(56M) 25.618ms
[0.379s][info][gc,cpu         ] GC(21) User=0.02s Sys=0.00s Real=0.03s
[0.387s][info][gc,start       ] GC(22) Pause Young (Allocation Failure)
[0.397s][info][gc,heap        ] GC(22) PSYoungGen: 13465K(17920K)->7648K(19456K) Eden: 9216K(9216K)->0K(10752K) From: 4249K(8704K)->7648K(8704K)
[0.397s][info][gc,heap        ] GC(22) ParOldGen: 27140K(39424K)->31460K(39424K)
[0.397s][info][gc,metaspace   ] GC(22) Metaspace: 6298K(6464K)->6298K(6464K) NonClass: 5765K(5824K)->5765K(5824K) Class: 533K(640K)->533K(640K)
[0.397s][info][gc             ] GC(22) Pause Young (Allocation Failure) 39M->38M(57M) 10.246ms
[0.397s][info][gc,cpu         ] GC(22) User=0.00s Sys=0.00s Real=0.01s
[0.413s][info][gc,start       ] GC(23) Pause Young (Allocation Failure)
[0.426s][info][gc,heap        ] GC(23) PSYoungGen: 18400K(19456K)->9696K(20480K) Eden: 10752K(10752K)->0K(10752K) From: 7648K(8704K)->9696K(9728K)
[0.426s][info][gc,heap        ] GC(23) ParOldGen: 31460K(39424K)->40268K(40448K)
[0.426s][info][gc,metaspace   ] GC(23) Metaspace: 6298K(6464K)->6298K(6464K) NonClass: 5765K(5824K)->5765K(5824K) Class: 533K(640K)->533K(640K)
[0.426s][info][gc             ] GC(23) Pause Young (Allocation Failure) 48M->48M(59M) 13.445ms
[0.426s][info][gc,cpu         ] GC(23) User=0.00s Sys=0.00s Real=0.01s
[0.426s][info][gc,start       ] GC(24) Pause Full (Ergonomics)
[0.426s][info][gc,phases,start] GC(24) Marking Phase
[0.445s][info][gc,phases      ] GC(24) Marking Phase 19.064ms
[0.445s][info][gc,phases,start] GC(24) Summary Phase
[0.445s][info][gc,phases      ] GC(24) Summary Phase 0.016ms
[0.445s][info][gc,phases,start] GC(24) Adjust Roots
[0.445s][info][gc,phases      ] GC(24) Adjust Roots 0.160ms
[0.445s][info][gc,phases,start] GC(24) Compaction Phase
[0.460s][info][gc,phases      ] GC(24) Compaction Phase 14.874ms
[0.460s][info][gc,phases,start] GC(24) Post Compact
[0.460s][info][gc,phases      ] GC(24) Post Compact 0.149ms
[0.461s][info][gc,heap        ] GC(24) PSYoungGen: 9696K(20480K)->9681K(20480K) Eden: 0K(10752K)->0K(10752K) From: 9696K(9728K)->9681K(9728K)
[0.461s][info][gc,heap        ] GC(24) ParOldGen: 40268K(40448K)->39027K(54784K)
[0.461s][info][gc,metaspace   ] GC(24) Metaspace: 6298K(6464K)->6298K(6464K) NonClass: 5765K(5824K)->5765K(5824K) Class: 533K(640K)->533K(640K)
[0.461s][info][gc             ] GC(24) Pause Full (Ergonomics) 48M->47M(73M) 34.567ms
[0.461s][info][gc,cpu         ] GC(24) User=0.02s Sys=0.00s Real=0.03s
[0.471s][info][gc,start       ] GC(25) Pause Young (Allocation Failure)
[0.486s][info][gc,heap        ] GC(25) PSYoungGen: 20433K(20480K)->10784K(26624K) Eden: 10752K(10752K)->0K(12288K) From: 9681K(9728K)->10784K(14336K)
[0.486s][info][gc,heap        ] GC(25) ParOldGen: 39027K(54784K)->48843K(54784K)
[0.486s][info][gc,metaspace   ] GC(25) Metaspace: 6298K(6464K)->6298K(6464K) NonClass: 5765K(5824K)->5765K(5824K) Class: 533K(640K)->533K(640K)
[0.487s][info][gc             ] GC(25) Pause Young (Allocation Failure) 58M->58M(79M) 15.684ms
[0.487s][info][gc,cpu         ] GC(25) User=0.00s Sys=0.00s Real=0.02s
[0.487s][info][gc,start       ] GC(26) Pause Full (Ergonomics)
[0.487s][info][gc,phases,start] GC(26) Marking Phase
[0.509s][info][gc,phases      ] GC(26) Marking Phase 22.085ms
[0.509s][info][gc,phases,start] GC(26) Summary Phase
[0.509s][info][gc,phases      ] GC(26) Summary Phase 0.024ms
[0.509s][info][gc,phases,start] GC(26) Adjust Roots
[0.509s][info][gc,phases      ] GC(26) Adjust Roots 0.152ms
[0.509s][info][gc,phases,start] GC(26) Compaction Phase
[0.526s][info][gc,phases      ] GC(26) Compaction Phase 17.000ms
[0.526s][info][gc,phases,start] GC(26) Post Compact
[0.527s][info][gc,phases      ] GC(26) Post Compact 0.160ms
[0.527s][info][gc,heap        ] GC(26) PSYoungGen: 10784K(26624K)->5098K(26624K) Eden: 0K(12288K)->0K(12288K) From: 10784K(14336K)->5098K(14336K)
[0.527s][info][gc,heap        ] GC(26) ParOldGen: 48843K(54784K)->54330K(73728K)
[0.527s][info][gc,metaspace   ] GC(26) Metaspace: 6298K(6464K)->6298K(6464K) NonClass: 5765K(5824K)->5765K(5824K) Class: 533K(640K)->533K(640K)
[0.527s][info][gc             ] GC(26) Pause Full (Ergonomics) 58M->58M(98M) 39.751ms
[0.527s][info][gc,cpu         ] GC(26) User=0.03s Sys=0.00s Real=0.04s
[0.539s][info][gc,start       ] GC(27) Pause Young (Allocation Failure)
[0.555s][info][gc,heap        ] GC(27) PSYoungGen: 17386K(26624K)->12320K(27648K) Eden: 12288K(12288K)->0K(12288K) From: 5098K(14336K)->12320K(15360K)
[0.555s][info][gc,heap        ] GC(27) ParOldGen: 54330K(73728K)->59514K(73728K)
[0.555s][info][gc,metaspace   ] GC(27) Metaspace: 6298K(6464K)->6298K(6464K) NonClass: 5765K(5824K)->5765K(5824K) Class: 533K(640K)->533K(640K)
[0.555s][info][gc             ] GC(27) Pause Young (Allocation Failure) 70M->70M(99M) 15.860ms
[0.555s][info][gc,cpu         ] GC(27) User=0.00s Sys=0.00s Real=0.02s
[0.567s][info][gc,start       ] GC(28) Pause Young (Allocation Failure)
[0.586s][info][gc,heap        ] GC(28) PSYoungGen: 24608K(27648K)->16896K(26112K) Eden: 12288K(12288K)->0K(9216K) From: 12320K(15360K)->16896K(16896K)
[0.586s][info][gc,heap        ] GC(28) ParOldGen: 59514K(73728K)->67282K(73728K)
[0.586s][info][gc,metaspace   ] GC(28) Metaspace: 6298K(6464K)->6298K(6464K) NonClass: 5765K(5824K)->5765K(5824K) Class: 533K(640K)->533K(640K)
[0.586s][info][gc             ] GC(28) Pause Young (Allocation Failure) 82M->82M(97M) 19.169ms
[0.586s][info][gc,cpu         ] GC(28) User=0.06s Sys=0.00s Real=0.02s
[0.586s][info][gc,start       ] GC(29) Pause Full (Ergonomics)
[0.586s][info][gc,phases,start] GC(29) Marking Phase
[0.618s][info][gc,phases      ] GC(29) Marking Phase 32.135ms
[0.619s][info][gc,phases,start] GC(29) Summary Phase
[0.619s][info][gc,phases      ] GC(29) Summary Phase 0.021ms
[0.619s][info][gc,phases,start] GC(29) Adjust Roots
[0.619s][info][gc,phases      ] GC(29) Adjust Roots 0.179ms
[0.619s][info][gc,phases,start] GC(29) Compaction Phase
[0.638s][info][gc,phases      ] GC(29) Compaction Phase 19.098ms
[0.638s][info][gc,phases,start] GC(29) Post Compact
[0.638s][info][gc,phases      ] GC(29) Post Compact 0.451ms
[0.639s][info][gc,heap        ] GC(29) PSYoungGen: 16896K(26112K)->10219K(26112K) Eden: 0K(9216K)->0K(9216K) From: 16896K(16896K)->10219K(16896K)
[0.639s][info][gc,heap        ] GC(29) ParOldGen: 67282K(73728K)->73720K(95232K)
[0.639s][info][gc,metaspace   ] GC(29) Metaspace: 6298K(6464K)->6298K(6464K) NonClass: 5765K(5824K)->5765K(5824K) Class: 533K(640K)->533K(640K)
[0.639s][info][gc             ] GC(29) Pause Full (Ergonomics) 82M->81M(118M) 52.415ms
[0.639s][info][gc,cpu         ] GC(29) User=0.06s Sys=0.00s Real=0.05s
[0.655s][info][gc,start       ] GC(30) Pause Young (Allocation Failure)
[0.672s][info][gc,heap        ] GC(30) PSYoungGen: 19435K(26112K)->9248K(31744K) Eden: 9216K(9216K)->0K(9216K) From: 10219K(16896K)->9248K(22528K)
[0.672s][info][gc,heap        ] GC(30) ParOldGen: 73720K(95232K)->84112K(95232K)
[0.672s][info][gc,metaspace   ] GC(30) Metaspace: 6298K(6464K)->6298K(6464K) NonClass: 5765K(5824K)->5765K(5824K) Class: 533K(640K)->533K(640K)
[0.672s][info][gc             ] GC(30) Pause Young (Allocation Failure) 90M->91M(124M) 16.833ms
[0.672s][info][gc,cpu         ] GC(30) User=0.02s Sys=0.00s Real=0.02s
[0.672s][info][gc,start       ] GC(31) Pause Full (Ergonomics)
[0.672s][info][gc,phases,start] GC(31) Marking Phase
[0.708s][info][gc,phases      ] GC(31) Marking Phase 35.834ms
[0.708s][info][gc,phases,start] GC(31) Summary Phase
[0.708s][info][gc,phases      ] GC(31) Summary Phase 0.017ms
[0.708s][info][gc,phases,start] GC(31) Adjust Roots
[0.708s][info][gc,phases      ] GC(31) Adjust Roots 0.171ms
[0.708s][info][gc,phases,start] GC(31) Compaction Phase
[0.732s][info][gc,phases      ] GC(31) Compaction Phase 23.640ms
[0.732s][info][gc,phases,start] GC(31) Post Compact
[0.732s][info][gc,phases      ] GC(31) Post Compact 0.392ms
[0.733s][info][gc,heap        ] GC(31) PSYoungGen: 9248K(31744K)->0K(32768K) Eden: 0K(9216K)->0K(11264K) From: 9248K(22528K)->0K(21504K)
[0.733s][info][gc,heap        ] GC(31) ParOldGen: 84112K(95232K)->91092K(116224K)
[0.733s][info][gc,metaspace   ] GC(31) Metaspace: 6298K(6464K)->6298K(6464K) NonClass: 5765K(5824K)->5765K(5824K) Class: 533K(640K)->533K(640K)
[0.733s][info][gc             ] GC(31) Pause Full (Ergonomics) 91M->88M(145M) 60.459ms
[0.733s][info][gc,cpu         ] GC(31) User=0.11s Sys=0.00s Real=0.06s
[0.742s][info][gc,start       ] GC(32) Pause Young (Allocation Failure)
[0.749s][info][gc,heap        ] GC(32) PSYoungGen: 11264K(32768K)->11296K(32768K) Eden: 11264K(11264K)->0K(11264K) From: 0K(21504K)->11296K(21504K)
[0.749s][info][gc,heap        ] GC(32) ParOldGen: 91092K(116224K)->91092K(116224K)
[0.749s][info][gc,metaspace   ] GC(32) Metaspace: 6298K(6464K)->6298K(6464K) NonClass: 5765K(5824K)->5765K(5824K) Class: 533K(640K)->533K(640K)
[0.749s][info][gc             ] GC(32) Pause Young (Allocation Failure) 99M->99M(145M) 6.884ms
[0.749s][info][gc,cpu         ] GC(32) User=0.00s Sys=0.00s Real=0.01s
[0.758s][info][gc,start       ] GC(33) Pause Young (Allocation Failure)
[0.771s][info][gc,heap        ] GC(33) PSYoungGen: 22560K(32768K)->21504K(31232K) Eden: 11264K(11264K)->0K(9728K) From: 11296K(21504K)->21504K(21504K)
[0.771s][info][gc,heap        ] GC(33) ParOldGen: 91092K(116224K)->92124K(116224K)
[0.771s][info][gc,metaspace   ] GC(33) Metaspace: 6298K(6464K)->6298K(6464K) NonClass: 5765K(5824K)->5765K(5824K) Class: 533K(640K)->533K(640K)
[0.771s][info][gc             ] GC(33) Pause Young (Allocation Failure) 110M->110M(144M) 12.328ms
[0.771s][info][gc,cpu         ] GC(33) User=0.00s Sys=0.02s Real=0.01s
[0.780s][info][gc,start       ] GC(34) Pause Young (Allocation Failure)
[0.795s][info][gc,heap        ] GC(34) PSYoungGen: 31232K(31232K)->20032K(34816K) Eden: 9728K(9728K)->0K(9728K) From: 21504K(21504K)->20032K(25088K)
[0.796s][info][gc,heap        ] GC(34) ParOldGen: 92124K(116224K)->103524K(116224K)
[0.796s][info][gc,metaspace   ] GC(34) Metaspace: 6298K(6464K)->6298K(6464K) NonClass: 5765K(5824K)->5765K(5824K) Class: 533K(640K)->533K(640K)
[0.796s][info][gc             ] GC(34) Pause Young (Allocation Failure) 120M->120M(147M) 15.974ms
[0.796s][info][gc,cpu         ] GC(34) User=0.00s Sys=0.00s Real=0.02s
[0.796s][info][gc,start       ] GC(35) Pause Full (Ergonomics)
[0.796s][info][gc,phases,start] GC(35) Marking Phase
[0.828s][info][gc,phases      ] GC(35) Marking Phase 32.362ms
[0.828s][info][gc,phases,start] GC(35) Summary Phase
[0.828s][info][gc,phases      ] GC(35) Summary Phase 0.022ms
[0.828s][info][gc,phases,start] GC(35) Adjust Roots
[0.828s][info][gc,phases      ] GC(35) Adjust Roots 0.148ms
[0.828s][info][gc,phases,start] GC(35) Compaction Phase
[0.848s][info][gc,phases      ] GC(35) Compaction Phase 19.543ms
[0.848s][info][gc,phases,start] GC(35) Post Compact
[0.849s][info][gc,phases      ] GC(35) Post Compact 0.807ms
[0.849s][info][gc,heap        ] GC(35) PSYoungGen: 20032K(34816K)->7167K(34816K) Eden: 0K(9728K)->0K(9728K) From: 20032K(25088K)->7167K(25088K)
[0.849s][info][gc,heap        ] GC(35) ParOldGen: 103524K(116224K)->116089K(144384K)
[0.849s][info][gc,metaspace   ] GC(35) Metaspace: 6298K(6464K)->6298K(6464K) NonClass: 5765K(5824K)->5765K(5824K) Class: 533K(640K)->533K(640K)
[0.849s][info][gc             ] GC(35) Pause Full (Ergonomics) 120M->120M(175M) 53.366ms
[0.849s][info][gc,cpu         ] GC(35) User=0.11s Sys=0.00s Real=0.05s
[0.859s][info][gc,start       ] GC(36) Pause Young (Allocation Failure)
[0.874s][info][gc,heap        ] GC(36) PSYoungGen: 16895K(34816K)->16960K(37888K) Eden: 9728K(9728K)->0K(10752K) From: 7167K(25088K)->16960K(27136K)
[0.874s][info][gc,heap        ] GC(36) ParOldGen: 116089K(144384K)->116089K(144384K)
[0.874s][info][gc,metaspace   ] GC(36) Metaspace: 6298K(6464K)->6298K(6464K) NonClass: 5765K(5824K)->5765K(5824K) Class: 533K(640K)->533K(640K)
[0.874s][info][gc             ] GC(36) Pause Young (Allocation Failure) 129M->129M(178M) 15.134ms
[0.874s][info][gc,cpu         ] GC(36) User=0.00s Sys=0.00s Real=0.02s
[0.884s][info][gc,start       ] GC(37) Pause Young (Allocation Failure)
[0.898s][info][gc,heap        ] GC(37) PSYoungGen: 27712K(37888K)->27648K(38400K) Eden: 10752K(10752K)->0K(10752K) From: 16960K(27136K)->27648K(27648K)
[0.898s][info][gc,heap        ] GC(37) ParOldGen: 116089K(144384K)->116137K(144384K)
[0.898s][info][gc,metaspace   ] GC(37) Metaspace: 6298K(6464K)->6298K(6464K) NonClass: 5765K(5824K)->5765K(5824K) Class: 533K(640K)->533K(640K)
[0.898s][info][gc             ] GC(37) Pause Young (Allocation Failure) 140M->140M(178M) 13.824ms
[0.898s][info][gc,cpu         ] GC(37) User=0.00s Sys=0.00s Real=0.01s
[0.909s][info][gc,start       ] GC(38) Pause Young (Allocation Failure)
[0.928s][info][gc,heap        ] GC(38) PSYoungGen: 38400K(38400K)->31232K(40448K) Eden: 10752K(10752K)->0K(8192K) From: 27648K(27648K)->31232K(32256K)
[0.928s][info][gc,heap        ] GC(38) ParOldGen: 116137K(144384K)->123433K(144384K)
[0.928s][info][gc,metaspace   ] GC(38) Metaspace: 6298K(6464K)->6298K(6464K) NonClass: 5765K(5824K)->5765K(5824K) Class: 533K(640K)->533K(640K)
[0.928s][info][gc             ] GC(38) Pause Young (Allocation Failure) 150M->151M(180M) 19.182ms
[0.928s][info][gc,cpu         ] GC(38) User=0.05s Sys=0.02s Real=0.02s
[0.936s][info][gc,start       ] GC(39) Pause Young (Allocation Failure)
[0.957s][info][gc,heap        ] GC(39) PSYoungGen: 39424K(40448K)->29696K(45056K) Eden: 8192K(8192K)->0K(8192K) From: 31232K(32256K)->29696K(36864K)
[0.957s][info][gc,heap        ] GC(39) ParOldGen: 123433K(144384K)->133289K(144384K)
[0.957s][info][gc,metaspace   ] GC(39) Metaspace: 6298K(6464K)->6298K(6464K) NonClass: 5765K(5824K)->5765K(5824K) Class: 533K(640K)->533K(640K)
[0.957s][info][gc             ] GC(39) Pause Young (Allocation Failure) 159M->159M(185M) 21.014ms
[0.957s][info][gc,cpu         ] GC(39) User=0.06s Sys=0.00s Real=0.02s
[0.957s][info][gc,start       ] GC(40) Pause Full (Ergonomics)
[0.957s][info][gc,phases,start] GC(40) Marking Phase
[1.002s][info][gc,phases      ] GC(40) Marking Phase 44.968ms
[1.002s][info][gc,phases,start] GC(40) Summary Phase
[1.002s][info][gc,phases      ] GC(40) Summary Phase 0.019ms
[1.002s][info][gc,phases,start] GC(40) Adjust Roots
[1.002s][info][gc,phases      ] GC(40) Adjust Roots 0.199ms
[1.002s][info][gc,phases,start] GC(40) Compaction Phase
[1.028s][info][gc,phases      ] GC(40) Compaction Phase 25.580ms
[1.028s][info][gc,phases,start] GC(40) Post Compact
[1.029s][info][gc,phases      ] GC(40) Post Compact 0.906ms
[1.029s][info][gc,heap        ] GC(40) PSYoungGen: 29696K(45056K)->18325K(45056K) Eden: 0K(8192K)->0K(8192K) From: 29696K(36864K)->18325K(36864K)
[1.029s][info][gc,heap        ] GC(40) ParOldGen: 133289K(144384K)->144232K(174592K)
[1.029s][info][gc,metaspace   ] GC(40) Metaspace: 6298K(6464K)->6298K(6464K) NonClass: 5765K(5824K)->5765K(5824K) Class: 533K(640K)->533K(640K)
[1.029s][info][gc             ] GC(40) Pause Full (Ergonomics) 159M->158M(214M) 72.176ms
[1.029s][info][gc,cpu         ] GC(40) User=0.14s Sys=0.03s Real=0.07s
[1.037s][info][gc,start       ] GC(41) Pause Young (Allocation Failure)
[1.058s][info][gc,heap        ] GC(41) PSYoungGen: 26517K(45056K)->13600K(46592K) Eden: 8192K(8192K)->0K(9728K) From: 18325K(36864K)->13600K(36864K)
[1.058s][info][gc,heap        ] GC(41) ParOldGen: 144232K(174592K)->157472K(174592K)
[1.058s][info][gc,metaspace   ] GC(41) Metaspace: 6298K(6464K)->6298K(6464K) NonClass: 5765K(5824K)->5765K(5824K) Class: 533K(640K)->533K(640K)
[1.058s][info][gc             ] GC(41) Pause Young (Allocation Failure) 166M->167M(216M) 21.029ms
[1.058s][info][gc,cpu         ] GC(41) User=0.06s Sys=0.02s Real=0.02s
[1.091s][info][gc,start       ] GC(42) Pause Full (Ergonomics)
[1.091s][info][gc,phases,start] GC(42) Marking Phase
[1.142s][info][gc,phases      ] GC(42) Marking Phase 50.169ms
[1.142s][info][gc,phases,start] GC(42) Summary Phase
[1.142s][info][gc,phases      ] GC(42) Summary Phase 0.018ms
[1.142s][info][gc,phases,start] GC(42) Adjust Roots
[1.142s][info][gc,phases      ] GC(42) Adjust Roots 0.142ms
[1.142s][info][gc,phases,start] GC(42) Compaction Phase
[1.179s][info][gc,phases      ] GC(42) Compaction Phase 36.685ms
[1.179s][info][gc,phases,start] GC(42) Post Compact
[1.179s][info][gc,phases      ] GC(42) Post Compact 0.752ms
[1.180s][info][gc,heap        ] GC(42) PSYoungGen: 23328K(46592K)->10394K(48128K) Eden: 9728K(9728K)->0K(11264K) From: 13600K(36864K)->10394K(36864K)
[1.180s][info][gc,heap        ] GC(42) ParOldGen: 165664K(174592K)->174114K(208896K)
[1.180s][info][gc,metaspace   ] GC(42) Metaspace: 6298K(6464K)->6298K(6464K) NonClass: 5765K(5824K)->5765K(5824K) Class: 533K(640K)->533K(640K)
[1.180s][info][gc             ] GC(42) Pause Full (Ergonomics) 184M->180M(251M) 88.275ms
[1.180s][info][gc,cpu         ] GC(42) User=0.25s Sys=0.00s Real=0.09s
[1.192s][info][gc,start       ] GC(43) Pause Young (Allocation Failure)
[1.211s][info][gc,heap        ] GC(43) PSYoungGen: 21658K(48128K)->16832K(28160K) Eden: 11264K(11264K)->0K(11264K) From: 10394K(36864K)->16832K(16896K)
[1.211s][info][gc,heap        ] GC(43) ParOldGen: 174114K(208896K)->179162K(208896K)
[1.211s][info][gc,metaspace   ] GC(43) Metaspace: 6298K(6464K)->6298K(6464K) NonClass: 5765K(5824K)->5765K(5824K) Class: 533K(640K)->533K(640K)
[1.211s][info][gc             ] GC(43) Pause Young (Allocation Failure) 191M->191M(231M) 19.015ms
[1.211s][info][gc,cpu         ] GC(43) User=0.05s Sys=0.02s Real=0.02s
[1.222s][info][gc,start       ] GC(44) Pause Young (Allocation Failure)
[1.237s][info][gc,heap        ] GC(44) PSYoungGen: 28096K(28160K)->28064K(46592K) Eden: 11264K(11264K)->0K(10240K) From: 16832K(16896K)->28064K(36352K)
[1.237s][info][gc,heap        ] GC(44) ParOldGen: 179162K(208896K)->179162K(208896K)
[1.237s][info][gc,metaspace   ] GC(44) Metaspace: 6298K(6464K)->6298K(6464K) NonClass: 5765K(5824K)->5765K(5824K) Class: 533K(640K)->533K(640K)
[1.237s][info][gc             ] GC(44) Pause Young (Allocation Failure) 202M->202M(249M) 14.847ms
[1.237s][info][gc,cpu         ] GC(44) User=0.00s Sys=0.00s Real=0.02s
[1.248s][info][gc,start       ] GC(45) Pause Young (Allocation Failure)
[1.265s][info][gc,heap        ] GC(45) PSYoungGen: 38304K(46592K)->38304K(49152K) Eden: 10240K(10240K)->0K(10240K) From: 28064K(36352K)->38304K(38912K)
[1.266s][info][gc,heap        ] GC(45) ParOldGen: 179162K(208896K)->179162K(208896K)
[1.266s][info][gc,metaspace   ] GC(45) Metaspace: 6298K(6464K)->6298K(6464K) NonClass: 5765K(5824K)->5765K(5824K) Class: 533K(640K)->533K(640K)
[1.266s][info][gc             ] GC(45) Pause Young (Allocation Failure) 212M->212M(252M) 17.736ms
[1.266s][info][gc,cpu         ] GC(45) User=0.06s Sys=0.00s Real=0.02s
[1.276s][info][gc,start       ] GC(46) Pause Young (Allocation Failure)
[1.299s][info][gc,heap        ] GC(46) PSYoungGen: 48544K(49152K)->43072K(50176K) Eden: 10240K(10240K)->0K(5632K) From: 38304K(38912K)->43072K(44544K)
[1.299s][info][gc,heap        ] GC(46) ParOldGen: 179162K(208896K)->184698K(208896K)
[1.299s][info][gc,metaspace   ] GC(46) Metaspace: 6298K(6464K)->6298K(6464K) NonClass: 5765K(5824K)->5765K(5824K) Class: 533K(640K)->533K(640K)
[1.299s][info][gc             ] GC(46) Pause Young (Allocation Failure) 222M->222M(253M) 22.215ms
[1.299s][info][gc,cpu         ] GC(46) User=0.09s Sys=0.00s Real=0.02s
[1.305s][info][gc,start       ] GC(47) Pause Young (Allocation Failure)
[1.326s][info][gc,heap        ] GC(47) PSYoungGen: 48704K(50176K)->37440K(56320K) Eden: 5632K(5632K)->0K(5632K) From: 43072K(44544K)->37440K(50688K)
[1.326s][info][gc,heap        ] GC(47) ParOldGen: 184698K(208896K)->196114K(208896K)
[1.326s][info][gc,metaspace   ] GC(47) Metaspace: 6298K(6464K)->6298K(6464K) NonClass: 5765K(5824K)->5765K(5824K) Class: 533K(640K)->533K(640K)
[1.326s][info][gc             ] GC(47) Pause Young (Allocation Failure) 227M->228M(259M) 20.574ms
[1.326s][info][gc,cpu         ] GC(47) User=0.08s Sys=0.02s Real=0.02s
[1.326s][info][gc,start       ] GC(48) Pause Full (Ergonomics)
[1.326s][info][gc,phases,start] GC(48) Marking Phase
[1.379s][info][gc,phases      ] GC(48) Marking Phase 53.353ms
[1.379s][info][gc,phases,start] GC(48) Summary Phase
[1.379s][info][gc,phases      ] GC(48) Summary Phase 0.017ms
[1.379s][info][gc,phases,start] GC(48) Adjust Roots
[1.379s][info][gc,phases      ] GC(48) Adjust Roots 0.151ms
[1.379s][info][gc,phases,start] GC(48) Compaction Phase
[1.406s][info][gc,phases      ] GC(48) Compaction Phase 26.295ms
[1.406s][info][gc,phases,start] GC(48) Post Compact
[1.407s][info][gc,phases      ] GC(48) Post Compact 1.170ms
[1.407s][info][gc,heap        ] GC(48) PSYoungGen: 37440K(56320K)->24481K(56320K) Eden: 0K(5632K)->0K(5632K) From: 37440K(50688K)->24481K(50688K)
[1.407s][info][gc,heap        ] GC(48) ParOldGen: 196114K(208896K)->208519K(244224K)
[1.407s][info][gc,metaspace   ] GC(48) Metaspace: 6298K(6464K)->6298K(6464K) NonClass: 5765K(5824K)->5765K(5824K) Class: 533K(640K)->533K(640K)
[1.407s][info][gc             ] GC(48) Pause Full (Ergonomics) 228M->227M(293M) 81.487ms
[1.407s][info][gc,cpu         ] GC(48) User=0.31s Sys=0.02s Real=0.08s
[1.414s][info][gc,start       ] GC(49) Pause Young (Allocation Failure)
[1.437s][info][gc,heap        ] GC(49) PSYoungGen: 30113K(56320K)->16032K(56832K) Eden: 5632K(5632K)->0K(6656K) From: 24481K(50688K)->16032K(50176K)
[1.437s][info][gc,heap        ] GC(49) ParOldGen: 208519K(244224K)->222927K(244224K)
[1.437s][info][gc,metaspace   ] GC(49) Metaspace: 6298K(6464K)->6298K(6464K) NonClass: 5765K(5824K)->5765K(5824K) Class: 533K(640K)->533K(640K)
[1.437s][info][gc             ] GC(49) Pause Young (Allocation Failure) 233M->233M(294M) 23.269ms
[1.437s][info][gc,cpu         ] GC(49) User=0.09s Sys=0.02s Real=0.02s
[1.445s][info][gc,start       ] GC(50) Pause Young (Allocation Failure)
[1.456s][info][gc,heap        ] GC(50) PSYoungGen: 22688K(56832K)->16064K(58368K) Eden: 6656K(6656K)->0K(6656K) From: 16032K(50176K)->16064K(51712K)
[1.456s][info][gc,heap        ] GC(50) ParOldGen: 222927K(244224K)->229639K(244224K)
[1.457s][info][gc,metaspace   ] GC(50) Metaspace: 6298K(6464K)->6298K(6464K) NonClass: 5765K(5824K)->5765K(5824K) Class: 533K(640K)->533K(640K)
[1.457s][info][gc             ] GC(50) Pause Young (Allocation Failure) 239M->239M(295M) 11.543ms
[1.457s][info][gc,cpu         ] GC(50) User=0.00s Sys=0.00s Real=0.01s
[1.457s][info][gc,start       ] GC(51) Pause Full (Ergonomics)
[1.457s][info][gc,phases,start] GC(51) Marking Phase
[1.511s][info][gc,phases      ] GC(51) Marking Phase 54.153ms
[1.511s][info][gc,phases,start] GC(51) Summary Phase
[1.511s][info][gc,phases      ] GC(51) Summary Phase 0.017ms
[1.511s][info][gc,phases,start] GC(51) Adjust Roots
[1.511s][info][gc,phases      ] GC(51) Adjust Roots 0.168ms
[1.511s][info][gc,phases,start] GC(51) Compaction Phase
[1.540s][info][gc,phases      ] GC(51) Compaction Phase 28.937ms
[1.540s][info][gc,phases,start] GC(51) Post Compact
[1.541s][info][gc,phases      ] GC(51) Post Compact 1.311ms
[1.542s][info][gc,heap        ] GC(51) PSYoungGen: 16064K(58368K)->1110K(58368K) Eden: 0K(6656K)->0K(6656K) From: 16064K(51712K)->1110K(51712K)
[1.542s][info][gc,heap        ] GC(51) ParOldGen: 229639K(244224K)->244116K(283648K)
[1.542s][info][gc,metaspace   ] GC(51) Metaspace: 6298K(6464K)->6298K(6464K) NonClass: 5765K(5824K)->5765K(5824K) Class: 533K(640K)->533K(640K)
[1.542s][info][gc             ] GC(51) Pause Full (Ergonomics) 239M->239M(334M) 85.145ms
[1.542s][info][gc,cpu         ] GC(51) User=0.42s Sys=0.00s Real=0.09s
[1.549s][info][gc,start       ] GC(52) Pause Young (Allocation Failure)
[1.568s][info][gc,heap        ] GC(52) PSYoungGen: 7766K(58368K)->7264K(56320K) Eden: 6656K(6656K)->0K(7680K) From: 1110K(51712K)->7264K(48640K)
[1.568s][info][gc,heap        ] GC(52) ParOldGen: 244116K(283648K)->244828K(283648K)
[1.568s][info][gc,metaspace   ] GC(52) Metaspace: 6298K(6464K)->6298K(6464K) NonClass: 5765K(5824K)->5765K(5824K) Class: 533K(640K)->533K(640K)
[1.568s][info][gc             ] GC(52) Pause Young (Allocation Failure) 245M->246M(332M) 19.150ms
[1.568s][info][gc,cpu         ] GC(52) User=0.02s Sys=0.00s Real=0.02s
[1.577s][info][gc,start       ] GC(53) Pause Young (Allocation Failure)
[1.586s][info][gc,heap        ] GC(53) PSYoungGen: 14944K(56320K)->14848K(22528K) Eden: 7680K(7680K)->0K(7680K) From: 7264K(48640K)->14848K(14848K)
[1.586s][info][gc,heap        ] GC(53) ParOldGen: 244828K(283648K)->244828K(283648K)
[1.586s][info][gc,metaspace   ] GC(53) Metaspace: 6298K(6464K)->6298K(6464K) NonClass: 5765K(5824K)->5765K(5824K) Class: 533K(640K)->533K(640K)
[1.586s][info][gc             ] GC(53) Pause Young (Allocation Failure) 253M->253M(299M) 8.900ms
[1.586s][info][gc,cpu         ] GC(53) User=0.02s Sys=0.00s Real=0.01s
[1.596s][info][gc,start       ] GC(54) Pause Young (Allocation Failure)
[1.607s][info][gc,heap        ] GC(54) PSYoungGen: 22528K(22528K)->22560K(53248K) Eden: 7680K(7680K)->0K(8704K) From: 14848K(14848K)->22560K(44544K)
[1.607s][info][gc,heap        ] GC(54) ParOldGen: 244828K(283648K)->244828K(283648K)
[1.607s][info][gc,metaspace   ] GC(54) Metaspace: 6298K(6464K)->6298K(6464K) NonClass: 5765K(5824K)->5765K(5824K) Class: 533K(640K)->533K(640K)
[1.607s][info][gc             ] GC(54) Pause Young (Allocation Failure) 261M->261M(329M) 11.450ms
[1.607s][info][gc,cpu         ] GC(54) User=0.00s Sys=0.00s Real=0.01s
[1.616s][info][gc,start       ] GC(55) Pause Young (Allocation Failure)
[1.632s][info][gc,heap        ] GC(55) PSYoungGen: 31264K(53248K)->30752K(54784K) Eden: 8704K(8704K)->0K(8704K) From: 22560K(44544K)->30752K(46080K)
[1.632s][info][gc,heap        ] GC(55) ParOldGen: 244828K(283648K)->245300K(283648K)
[1.632s][info][gc,metaspace   ] GC(55) Metaspace: 6298K(6464K)->6298K(6464K) NonClass: 5765K(5824K)->5765K(5824K) Class: 533K(640K)->533K(640K)
[1.632s][info][gc             ] GC(55) Pause Young (Allocation Failure) 269M->269M(330M) 15.772ms
[1.632s][info][gc,cpu         ] GC(55) User=0.02s Sys=0.00s Real=0.02s
[1.642s][info][gc,start       ] GC(56) Pause Young (Allocation Failure)
[1.661s][info][gc,heap        ] GC(56) PSYoungGen: 39456K(54784K)->32832K(54784K) Eden: 8704K(8704K)->0K(7680K) From: 30752K(46080K)->32832K(47104K)
[1.661s][info][gc,heap        ] GC(56) ParOldGen: 245300K(283648K)->252044K(283648K)
[1.661s][info][gc,metaspace   ] GC(56) Metaspace: 6298K(6464K)->6298K(6464K) NonClass: 5765K(5824K)->5765K(5824K) Class: 533K(640K)->533K(640K)
[1.661s][info][gc             ] GC(56) Pause Young (Allocation Failure) 278M->278M(330M) 18.462ms
[1.661s][info][gc,cpu         ] GC(56) User=0.08s Sys=0.02s Real=0.02s
[1.670s][info][gc,start       ] GC(57) Pause Young (Allocation Failure)
[1.688s][info][gc,heap        ] GC(57) PSYoungGen: 40512K(54784K)->32832K(56832K) Eden: 7680K(7680K)->0K(7680K) From: 32832K(47104K)->32832K(49152K)
[1.688s][info][gc,heap        ] GC(57) ParOldGen: 252044K(283648K)->259828K(283648K)
[1.688s][info][gc,metaspace   ] GC(57) Metaspace: 6298K(6464K)->6298K(6464K) NonClass: 5765K(5824K)->5765K(5824K) Class: 533K(640K)->533K(640K)
[1.688s][info][gc             ] GC(57) Pause Young (Allocation Failure) 285M->285M(332M) 18.408ms
[1.688s][info][gc,cpu         ] GC(57) User=0.11s Sys=0.00s Real=0.02s
[1.697s][info][gc,start       ] GC(58) Pause Young (Allocation Failure)
[1.716s][info][gc,heap        ] GC(58) PSYoungGen: 40512K(56832K)->24096K(54272K) Eden: 7680K(7680K)->0K(9216K) From: 32832K(49152K)->24096K(45056K)
[1.716s][info][gc,heap        ] GC(58) ParOldGen: 259828K(283648K)->276412K(283648K)
[1.716s][info][gc,metaspace   ] GC(58) Metaspace: 6298K(6464K)->6298K(6464K) NonClass: 5765K(5824K)->5765K(5824K) Class: 533K(640K)->533K(640K)
[1.716s][info][gc             ] GC(58) Pause Young (Allocation Failure) 293M->293M(330M) 19.028ms
[1.716s][info][gc,cpu         ] GC(58) User=0.08s Sys=0.00s Real=0.02s
[1.716s][info][gc,start       ] GC(59) Pause Full (Ergonomics)
[1.716s][info][gc,phases,start] GC(59) Marking Phase
[1.784s][info][gc,phases      ] GC(59) Marking Phase 68.623ms
[1.784s][info][gc,phases,start] GC(59) Summary Phase
[1.785s][info][gc,phases      ] GC(59) Summary Phase 0.019ms
[1.785s][info][gc,phases,start] GC(59) Adjust Roots
[1.785s][info][gc,phases      ] GC(59) Adjust Roots 0.150ms
[1.785s][info][gc,phases,start] GC(59) Compaction Phase
[1.815s][info][gc,phases      ] GC(59) Compaction Phase 30.645ms
[1.815s][info][gc,phases,start] GC(59) Post Compact
[1.817s][info][gc,phases      ] GC(59) Post Compact 1.540ms
[1.817s][info][gc,heap        ] GC(59) PSYoungGen: 24096K(54272K)->16296K(55808K) Eden: 0K(9216K)->0K(10752K) From: 24096K(45056K)->16296K(45056K)
[1.817s][info][gc,heap        ] GC(59) ParOldGen: 276412K(283648K)->283484K(327168K)
[1.817s][info][gc,metaspace   ] GC(59) Metaspace: 6298K(6464K)->6298K(6464K) NonClass: 5765K(5824K)->5765K(5824K) Class: 533K(640K)->533K(640K)
[1.817s][info][gc             ] GC(59) Pause Full (Ergonomics) 293M->292M(374M) 101.477ms
[1.817s][info][gc,cpu         ] GC(59) User=0.52s Sys=0.00s Real=0.10s
[1.830s][info][gc,start       ] GC(60) Pause Young (Allocation Failure)
[1.854s][info][gc,heap        ] GC(60) PSYoungGen: 27048K(55808K)->16576K(58368K) Eden: 10752K(10752K)->0K(10752K) From: 16296K(45056K)->16576K(47616K)
[1.854s][info][gc,heap        ] GC(60) ParOldGen: 283484K(327168K)->294292K(327168K)
[1.854s][info][gc,metaspace   ] GC(60) Metaspace: 6298K(6464K)->6298K(6464K) NonClass: 5765K(5824K)->5765K(5824K) Class: 533K(640K)->533K(640K)
[1.854s][info][gc             ] GC(60) Pause Young (Allocation Failure) 303M->303M(376M) 24.526ms
[1.854s][info][gc,cpu         ] GC(60) User=0.12s Sys=0.02s Real=0.02s
[1.867s][info][gc,start       ] GC(61) Pause Young (Allocation Failure)
[1.880s][info][gc,heap        ] GC(61) PSYoungGen: 27328K(58368K)->21664K(54784K) Eden: 10752K(10752K)->0K(12288K) From: 16576K(47616K)->21664K(42496K)
[1.880s][info][gc,heap        ] GC(61) ParOldGen: 294292K(327168K)->300068K(327168K)
[1.881s][info][gc,metaspace   ] GC(61) Metaspace: 6298K(6464K)->6298K(6464K) NonClass: 5765K(5824K)->5765K(5824K) Class: 533K(640K)->533K(640K)
[1.881s][info][gc             ] GC(61) Pause Young (Allocation Failure) 314M->314M(373M) 13.850ms
[1.881s][info][gc,cpu         ] GC(61) User=0.00s Sys=0.00s Real=0.01s
[1.894s][info][gc,start       ] GC(62) Pause Young (Allocation Failure)
[1.911s][info][gc,heap        ] GC(62) PSYoungGen: 33952K(54784K)->23104K(56832K) Eden: 12288K(12288K)->0K(12288K) From: 21664K(42496K)->23104K(44544K)
[1.911s][info][gc,heap        ] GC(62) ParOldGen: 300068K(327168K)->310980K(327168K)
[1.911s][info][gc,metaspace   ] GC(62) Metaspace: 6298K(6464K)->6298K(6464K) NonClass: 5765K(5824K)->5765K(5824K) Class: 533K(640K)->533K(640K)
[1.911s][info][gc             ] GC(62) Pause Young (Allocation Failure) 326M->326M(375M) 16.946ms
[1.911s][info][gc,cpu         ] GC(62) User=0.05s Sys=0.02s Real=0.02s
[1.911s][info][gc,start       ] GC(63) Pause Full (Ergonomics)
[1.912s][info][gc,phases,start] GC(63) Marking Phase
[1.985s][info][gc,phases      ] GC(63) Marking Phase 73.779ms
[1.985s][info][gc,phases,start] GC(63) Summary Phase
[1.985s][info][gc,phases      ] GC(63) Summary Phase 0.028ms
[1.985s][info][gc,phases,start] GC(63) Adjust Roots
[1.986s][info][gc,phases      ] GC(63) Adjust Roots 0.159ms
[1.986s][info][gc,phases,start] GC(63) Compaction Phase
[2.019s][info][gc,phases      ] GC(63) Compaction Phase 33.586ms
[2.019s][info][gc,phases,start] GC(63) Post Compact
[2.021s][info][gc,phases      ] GC(63) Post Compact 1.459ms
[2.021s][info][gc,heap        ] GC(63) PSYoungGen: 23104K(56832K)->6624K(56832K) Eden: 0K(12288K)->0K(12288K) From: 23104K(44544K)->6624K(44544K)
[2.021s][info][gc,heap        ] GC(63) ParOldGen: 310980K(327168K)->326855K(372736K)
[2.021s][info][gc,metaspace   ] GC(63) Metaspace: 6298K(6464K)->6298K(6464K) NonClass: 5765K(5824K)->5765K(5824K) Class: 533K(640K)->533K(640K)
[2.021s][info][gc             ] GC(63) Pause Full (Ergonomics) 326M->325M(419M) 109.522ms
[2.021s][info][gc,cpu         ] GC(63) User=0.66s Sys=0.02s Real=0.11s
[2.038s][info][gc,start       ] GC(64) Pause Young (Allocation Failure)
[2.063s][info][gc,heap        ] GC(64) PSYoungGen: 18912K(56832K)->15968K(53760K) Eden: 12288K(12288K)->0K(13824K) From: 6624K(44544K)->15968K(39936K)
[2.063s][info][gc,heap        ] GC(64) ParOldGen: 326855K(372736K)->330031K(372736K)
[2.063s][info][gc,metaspace   ] GC(64) Metaspace: 6298K(6464K)->6298K(6464K) NonClass: 5765K(5824K)->5765K(5824K) Class: 533K(640K)->533K(640K)
[2.063s][info][gc             ] GC(64) Pause Young (Allocation Failure) 337M->337M(416M) 25.278ms
[2.063s][info][gc,cpu         ] GC(64) User=0.12s Sys=0.00s Real=0.03s
[2.141s][info][gc,start       ] GC(65) Pause Young (Allocation Failure)
[2.163s][info][gc,heap        ] GC(65) PSYoungGen: 29792K(53760K)->29760K(55296K) Eden: 13824K(13824K)->0K(13824K) From: 15968K(39936K)->29760K(41472K)
[2.163s][info][gc,heap        ] GC(65) ParOldGen: 346415K(372736K)->346415K(372736K)
[2.163s][info][gc,metaspace   ] GC(65) Metaspace: 6298K(6464K)->6298K(6464K) NonClass: 5765K(5824K)->5765K(5824K) Class: 533K(640K)->533K(640K)
[2.163s][info][gc             ] GC(65) Pause Young (Allocation Failure) 367M->367M(418M) 21.815ms
[2.163s][info][gc,cpu         ] GC(65) User=0.14s Sys=0.00s Real=0.02s
[2.176s][info][gc,start       ] GC(66) Pause Young (Allocation Failure)
[2.196s][info][gc,heap        ] GC(66) PSYoungGen: 43584K(55296K)->42496K(52224K) Eden: 13824K(13824K)->0K(9728K) From: 29760K(41472K)->42496K(42496K)
[2.196s][info][gc,heap        ] GC(66) ParOldGen: 346415K(372736K)->347423K(372736K)
[2.196s][info][gc,metaspace   ] GC(66) Metaspace: 6298K(6464K)->6298K(6464K) NonClass: 5765K(5824K)->5765K(5824K) Class: 533K(640K)->533K(640K)
[2.196s][info][gc             ] GC(66) Pause Young (Allocation Failure) 380M->380M(415M) 20.232ms
[2.196s][info][gc,cpu         ] GC(66) User=0.14s Sys=0.00s Real=0.02s
[2.207s][info][gc,start       ] GC(67) Pause Young (Allocation Failure)
[2.230s][info][gc,heap        ] GC(67) PSYoungGen: 52224K(52224K)->36608K(57856K) Eden: 9728K(9728K)->0K(9728K) From: 42496K(42496K)->36608K(48128K)
[2.230s][info][gc,heap        ] GC(67) ParOldGen: 347423K(372736K)->363375K(372736K)
[2.230s][info][gc,metaspace   ] GC(67) Metaspace: 6298K(6464K)->6298K(6464K) NonClass: 5765K(5824K)->5765K(5824K) Class: 533K(640K)->533K(640K)
[2.230s][info][gc             ] GC(67) Pause Young (Allocation Failure) 390M->390M(420M) 23.812ms
[2.230s][info][gc,cpu         ] GC(67) User=0.12s Sys=0.02s Real=0.02s
[2.230s][info][gc,start       ] GC(68) Pause Full (Ergonomics)
[2.230s][info][gc,phases,start] GC(68) Marking Phase
[2.316s][info][gc,phases      ] GC(68) Marking Phase 85.325ms
[2.316s][info][gc,phases,start] GC(68) Summary Phase
[2.316s][info][gc,phases      ] GC(68) Summary Phase 0.027ms
[2.316s][info][gc,phases,start] GC(68) Adjust Roots
[2.316s][info][gc,phases      ] GC(68) Adjust Roots 0.151ms
[2.316s][info][gc,phases,start] GC(68) Compaction Phase
[2.386s][info][gc,phases      ] GC(68) Compaction Phase 69.751ms
[2.386s][info][gc,phases,start] GC(68) Post Compact
[2.388s][info][gc,phases      ] GC(68) Post Compact 2.076ms
[2.388s][info][gc,heap        ] GC(68) PSYoungGen: 36608K(57856K)->18511K(57856K) Eden: 0K(9728K)->0K(9728K) From: 36608K(48128K)->18511K(48128K)
[2.388s][info][gc,heap        ] GC(68) ParOldGen: 363375K(372736K)->372702K(422912K)
[2.388s][info][gc,metaspace   ] GC(68) Metaspace: 6298K(6464K)->6298K(6464K) NonClass: 5765K(5824K)->5765K(5824K) Class: 533K(640K)->533K(640K)
[2.388s][info][gc             ] GC(68) Pause Full (Ergonomics) 390M->382M(469M) 157.955ms
[2.388s][info][gc,cpu         ] GC(68) User=1.00s Sys=0.02s Real=0.16s
[2.400s][info][gc,start       ] GC(69) Pause Young (Allocation Failure)
[2.428s][info][gc,heap        ] GC(69) PSYoungGen: 28239K(57856K)->22944K(57344K) Eden: 9728K(9728K)->0K(10752K) From: 18511K(48128K)->22944K(46592K)
[2.428s][info][gc,heap        ] GC(69) ParOldGen: 372702K(422912K)->378230K(422912K)
[2.428s][info][gc,metaspace   ] GC(69) Metaspace: 6298K(6464K)->6298K(6464K) NonClass: 5765K(5824K)->5765K(5824K) Class: 533K(640K)->533K(640K)
[2.428s][info][gc             ] GC(69) Pause Young (Allocation Failure) 391M->391M(469M) 28.043ms
[2.428s][info][gc,cpu         ] GC(69) User=0.12s Sys=0.00s Real=0.03s
[2.440s][info][gc,start       ] GC(70) Pause Young (Allocation Failure)
[2.456s][info][gc,heap        ] GC(70) PSYoungGen: 33696K(57344K)->33696K(59392K) Eden: 10752K(10752K)->0K(10752K) From: 22944K(46592K)->33696K(48640K)
[2.456s][info][gc,heap        ] GC(70) ParOldGen: 378230K(422912K)->378230K(422912K)
[2.456s][info][gc,metaspace   ] GC(70) Metaspace: 6298K(6464K)->6298K(6464K) NonClass: 5765K(5824K)->5765K(5824K) Class: 533K(640K)->533K(640K)
[2.456s][info][gc             ] GC(70) Pause Young (Allocation Failure) 402M->402M(471M) 16.156ms
[2.456s][info][gc,cpu         ] GC(70) User=0.02s Sys=0.00s Real=0.02s
[2.466s][info][gc,start       ] GC(71) Pause Young (Allocation Failure)
[2.487s][info][gc,heap        ] GC(71) PSYoungGen: 44448K(59392K)->36960K(59904K) Eden: 10752K(10752K)->0K(10752K) From: 33696K(48640K)->36960K(49152K)
[2.487s][info][gc,heap        ] GC(71) ParOldGen: 378230K(422912K)->385822K(422912K)
[2.487s][info][gc,metaspace   ] GC(71) Metaspace: 6298K(6464K)->6298K(6464K) NonClass: 5765K(5824K)->5765K(5824K) Class: 533K(640K)->533K(640K)
[2.487s][info][gc             ] GC(71) Pause Young (Allocation Failure) 412M->412M(471M) 20.362ms
[2.487s][info][gc,cpu         ] GC(71) User=0.11s Sys=0.02s Real=0.02s
[2.498s][info][gc,start       ] GC(72) Pause Young (Allocation Failure)
[2.520s][info][gc,heap        ] GC(72) PSYoungGen: 47712K(59904K)->42112K(61440K) Eden: 10752K(10752K)->0K(10752K) From: 36960K(49152K)->42112K(50688K)
[2.520s][info][gc,heap        ] GC(72) ParOldGen: 385822K(422912K)->391518K(422912K)
[2.520s][info][gc,metaspace   ] GC(72) Metaspace: 6298K(6464K)->6298K(6464K) NonClass: 5765K(5824K)->5765K(5824K) Class: 533K(640K)->533K(640K)
[2.520s][info][gc             ] GC(72) Pause Young (Allocation Failure) 423M->423M(473M) 22.041ms
[2.520s][info][gc,cpu         ] GC(72) User=0.12s Sys=0.00s Real=0.02s
[2.531s][info][gc,start       ] GC(73) Pause Young (Allocation Failure)
[2.555s][info][gc,heap        ] GC(73) PSYoungGen: 52864K(61440K)->32352K(64000K) Eden: 10752K(10752K)->0K(12288K) From: 42112K(50688K)->32352K(51712K)
[2.555s][info][gc,heap        ] GC(73) ParOldGen: 391518K(422912K)->412246K(422912K)
[2.555s][info][gc,metaspace   ] GC(73) Metaspace: 6298K(6464K)->6298K(6464K) NonClass: 5765K(5824K)->5765K(5824K) Class: 533K(640K)->533K(640K)
[2.555s][info][gc             ] GC(73) Pause Young (Allocation Failure) 433M->434M(475M) 24.333ms
[2.555s][info][gc,cpu         ] GC(73) User=0.11s Sys=0.02s Real=0.02s
[2.555s][info][gc,start       ] GC(74) Pause Full (Ergonomics)
[2.555s][info][gc,phases,start] GC(74) Marking Phase
[2.654s][info][gc,phases      ] GC(74) Marking Phase 99.270ms
[2.654s][info][gc,phases,start] GC(74) Summary Phase
[2.654s][info][gc,phases      ] GC(74) Summary Phase 0.045ms
[2.654s][info][gc,phases,start] GC(74) Adjust Roots
[2.655s][info][gc,phases      ] GC(74) Adjust Roots 0.213ms
[2.655s][info][gc,phases,start] GC(74) Compaction Phase
[2.705s][info][gc,phases      ] GC(74) Compaction Phase 50.477ms
[2.705s][info][gc,phases,start] GC(74) Post Compact
[2.707s][info][gc,phases      ] GC(74) Post Compact 2.184ms
[2.708s][info][gc,heap        ] GC(74) PSYoungGen: 32352K(64000K)->20916K(65024K) Eden: 0K(12288K)->0K(13312K) From: 32352K(51712K)->20916K(51712K)
[2.708s][info][gc,heap        ] GC(74) ParOldGen: 412246K(422912K)->422867K(477184K)
[2.708s][info][gc,metaspace   ] GC(74) Metaspace: 6298K(6464K)->6298K(6464K) NonClass: 5765K(5824K)->5765K(5824K) Class: 533K(640K)->533K(640K)
[2.708s][info][gc             ] GC(74) Pause Full (Ergonomics) 434M->433M(529M) 152.861ms
[2.708s][info][gc,cpu         ] GC(74) User=1.00s Sys=0.00s Real=0.15s
[2.723s][info][gc,start       ] GC(75) Pause Young (Allocation Failure)
[2.755s][info][gc,heap        ] GC(75) PSYoungGen: 34228K(65024K)->20672K(66048K) Eden: 13312K(13312K)->0K(13312K) From: 20916K(51712K)->20672K(52736K)
[2.755s][info][gc,heap        ] GC(75) ParOldGen: 422867K(477184K)->436787K(477184K)
[2.755s][info][gc,metaspace   ] GC(75) Metaspace: 6298K(6464K)->6298K(6464K) NonClass: 5765K(5824K)->5765K(5824K) Class: 533K(640K)->533K(640K)
[2.755s][info][gc             ] GC(75) Pause Young (Allocation Failure) 446M->446M(530M) 32.577ms
[2.755s][info][gc,cpu         ] GC(75) User=0.17s Sys=0.00s Real=0.03s
[2.770s][info][gc,start       ] GC(76) Pause Young (Allocation Failure)
[2.787s][info][gc,heap        ] GC(76) PSYoungGen: 33984K(66048K)->26784K(62976K) Eden: 13312K(13312K)->0K(15360K) From: 20672K(52736K)->26784K(47616K)
[2.787s][info][gc,heap        ] GC(76) ParOldGen: 436787K(477184K)->444099K(477184K)
[2.787s][info][gc,metaspace   ] GC(76) Metaspace: 6298K(6464K)->6298K(6464K) NonClass: 5765K(5824K)->5765K(5824K) Class: 533K(640K)->533K(640K)
[2.787s][info][gc             ] GC(76) Pause Young (Allocation Failure) 459M->459M(527M) 17.033ms
[2.787s][info][gc,cpu         ] GC(76) User=0.05s Sys=0.02s Real=0.02s
[2.804s][info][gc,start       ] GC(77) Pause Young (Allocation Failure)
[2.825s][info][gc,heap        ] GC(77) PSYoungGen: 42144K(62976K)->28800K(65024K) Eden: 15360K(15360K)->0K(15360K) From: 26784K(47616K)->28800K(49664K)
[2.825s][info][gc,heap        ] GC(77) ParOldGen: 444099K(477184K)->457587K(477184K)
[2.825s][info][gc,metaspace   ] GC(77) Metaspace: 6298K(6464K)->6298K(6464K) NonClass: 5765K(5824K)->5765K(5824K) Class: 533K(640K)->533K(640K)
[2.825s][info][gc             ] GC(77) Pause Young (Allocation Failure) 474M->474M(529M) 21.124ms
[2.825s][info][gc,cpu         ] GC(77) User=0.12s Sys=0.00s Real=0.02s
[2.825s][info][gc,start       ] GC(78) Pause Full (Ergonomics)
[2.825s][info][gc,phases,start] GC(78) Marking Phase
[2.930s][info][gc,phases      ] GC(78) Marking Phase 105.438ms
[2.930s][info][gc,phases,start] GC(78) Summary Phase
[2.930s][info][gc,phases      ] GC(78) Summary Phase 0.027ms
[2.930s][info][gc,phases,start] GC(78) Adjust Roots
[2.931s][info][gc,phases      ] GC(78) Adjust Roots 0.151ms
[2.931s][info][gc,phases,start] GC(78) Compaction Phase
[2.978s][info][gc,phases      ] GC(78) Compaction Phase 47.014ms
[2.978s][info][gc,phases,start] GC(78) Post Compact
[2.980s][info][gc,phases      ] GC(78) Post Compact 2.349ms
[2.980s][info][gc,heap        ] GC(78) PSYoungGen: 28800K(65024K)->8686K(65024K) Eden: 0K(15360K)->0K(15360K) From: 28800K(49664K)->8686K(49664K)
[2.980s][info][gc,heap        ] GC(78) ParOldGen: 457587K(477184K)->476995K(535552K)
[2.980s][info][gc,metaspace   ] GC(78) Metaspace: 6298K(6464K)->6298K(6464K) NonClass: 5765K(5824K)->5765K(5824K) Class: 533K(640K)->533K(640K)
[2.980s][info][gc             ] GC(78) Pause Full (Ergonomics) 474M->474M(586M) 155.511ms
[2.980s][info][gc,cpu         ] GC(78) User=1.00s Sys=0.00s Real=0.15s
[2.998s][info][gc,start       ] GC(79) Pause Young (Allocation Failure)
[3.030s][info][gc,heap        ] GC(79) PSYoungGen: 24046K(65024K)->19200K(64000K) Eden: 15360K(15360K)->0K(16896K) From: 8686K(49664K)->19200K(47104K)
[3.030s][info][gc,heap        ] GC(79) ParOldGen: 476995K(535552K)->482059K(535552K)
[3.030s][info][gc,metaspace   ] GC(79) Metaspace: 6298K(6464K)->6298K(6464K) NonClass: 5765K(5824K)->5765K(5824K) Class: 533K(640K)->533K(640K)
[3.030s][info][gc             ] GC(79) Pause Young (Allocation Failure) 489M->489M(585M) 31.549ms
[3.030s][info][gc,cpu         ] GC(79) User=0.14s Sys=0.00s Real=0.03s
[3.048s][info][gc,start       ] GC(80) Pause Young (Allocation Failure)
[3.067s][info][gc,heap        ] GC(80) PSYoungGen: 36096K(64000K)->36064K(64512K) Eden: 16896K(16896K)->0K(16896K) From: 19200K(47104K)->36064K(47616K)
[3.067s][info][gc,heap        ] GC(80) ParOldGen: 482059K(535552K)->482059K(535552K)
[3.067s][info][gc,metaspace   ] GC(80) Metaspace: 6298K(6464K)->6298K(6464K) NonClass: 5765K(5824K)->5765K(5824K) Class: 533K(640K)->533K(640K)
[3.067s][info][gc             ] GC(80) Pause Young (Allocation Failure) 506M->505M(586M) 19.166ms
[3.067s][info][gc,cpu         ] GC(80) User=0.12s Sys=0.00s Real=0.02s
[3.085s][info][gc,start       ] GC(81) Pause Young (Allocation Failure)
[3.111s][info][gc,heap        ] GC(81) PSYoungGen: 52960K(64512K)->48640K(60416K) Eden: 16896K(16896K)->0K(11776K) From: 36064K(47616K)->48640K(48640K)
[3.111s][info][gc,heap        ] GC(81) ParOldGen: 482059K(535552K)->486387K(535552K)
[3.111s][info][gc,metaspace   ] GC(81) Metaspace: 6298K(6464K)->6298K(6464K) NonClass: 5765K(5824K)->5765K(5824K) Class: 533K(640K)->533K(640K)
[3.111s][info][gc             ] GC(81) Pause Young (Allocation Failure) 522M->522M(582M) 26.524ms
[3.111s][info][gc,cpu         ] GC(81) User=0.11s Sys=0.02s Real=0.03s
[3.125s][info][gc,start       ] GC(82) Pause Young (Allocation Failure)
[3.153s][info][gc,heap        ] GC(82) PSYoungGen: 60416K(60416K)->42848K(67584K) Eden: 11776K(11776K)->0K(11776K) From: 48640K(48640K)->42848K(55808K)
[3.153s][info][gc,heap        ] GC(82) ParOldGen: 486387K(535552K)->504291K(535552K)
[3.153s][info][gc,metaspace   ] GC(82) Metaspace: 6298K(6464K)->6298K(6464K) NonClass: 5765K(5824K)->5765K(5824K) Class: 533K(640K)->533K(640K)
[3.153s][info][gc             ] GC(82) Pause Young (Allocation Failure) 533M->534M(589M) 28.008ms
[3.153s][info][gc,cpu         ] GC(82) User=0.08s Sys=0.06s Real=0.03s
[3.167s][info][gc,start       ] GC(83) Pause Young (Allocation Failure)
[3.193s][info][gc,heap        ] GC(83) PSYoungGen: 54624K(67584K)->39264K(71168K) Eden: 11776K(11776K)->0K(13312K) From: 42848K(55808K)->39264K(57856K)
[3.193s][info][gc,heap        ] GC(83) ParOldGen: 504291K(535552K)->519835K(535552K)
[3.193s][info][gc,metaspace   ] GC(83) Metaspace: 6298K(6464K)->6298K(6464K) NonClass: 5765K(5824K)->5765K(5824K) Class: 533K(640K)->533K(640K)
[3.193s][info][gc             ] GC(83) Pause Young (Allocation Failure) 545M->545M(592M) 26.117ms
[3.193s][info][gc,cpu         ] GC(83) User=0.12s Sys=0.00s Real=0.03s
[3.193s][info][gc,start       ] GC(84) Pause Full (Ergonomics)
[3.193s][info][gc,phases,start] GC(84) Marking Phase
[3.316s][info][gc,phases      ] GC(84) Marking Phase 123.247ms
[3.316s][info][gc,phases,start] GC(84) Summary Phase
[3.316s][info][gc,phases      ] GC(84) Summary Phase 0.027ms
[3.316s][info][gc,phases,start] GC(84) Adjust Roots
[3.316s][info][gc,phases      ] GC(84) Adjust Roots 0.151ms
[3.316s][info][gc,phases,start] GC(84) Compaction Phase
[3.371s][info][gc,phases      ] GC(84) Compaction Phase 54.912ms
[3.371s][info][gc,phases,start] GC(84) Post Compact
[3.372s][info][gc,phases      ] GC(84) Post Compact 0.935ms
[3.372s][info][gc,heap        ] GC(84) PSYoungGen: 39264K(71168K)->22730K(71168K) Eden: 0K(13312K)->0K(13312K) From: 39264K(57856K)->22730K(57856K)
[3.372s][info][gc,heap        ] GC(84) ParOldGen: 519835K(535552K)->535497K(600064K)
[3.372s][info][gc,metaspace   ] GC(84) Metaspace: 6298K(6464K)->6298K(6464K) NonClass: 5765K(5824K)->5765K(5824K) Class: 533K(640K)->533K(640K)
[3.372s][info][gc             ] GC(84) Pause Full (Ergonomics) 545M->545M(655M) 179.762ms
[3.372s][info][gc,cpu         ] GC(84) User=1.25s Sys=0.00s Real=0.18s
[3.388s][info][gc,start       ] GC(85) Pause Young (Allocation Failure)
[3.427s][info][gc,heap        ] GC(85) PSYoungGen: 36042K(71168K)->20256K(71168K) Eden: 13312K(13312K)->0K(13312K) From: 22730K(57856K)->20256K(57856K)
[3.427s][info][gc,heap        ] GC(85) ParOldGen: 535497K(600064K)->551665K(600064K)
[3.428s][info][gc,metaspace   ] GC(85) Metaspace: 6298K(6464K)->6298K(6464K) NonClass: 5765K(5824K)->5765K(5824K) Class: 533K(640K)->533K(640K)
[3.428s][info][gc             ] GC(85) Pause Young (Allocation Failure) 558M->558M(655M) 39.082ms
[3.428s][info][gc,cpu         ] GC(85) User=0.25s Sys=0.00s Real=0.04s
[3.443s][info][gc,start       ] GC(86) Pause Young (Allocation Failure)
[3.461s][info][gc,heap        ] GC(86) PSYoungGen: 33568K(71168K)->26720K(69120K) Eden: 13312K(13312K)->0K(14848K) From: 20256K(57856K)->26720K(54272K)
[3.461s][info][gc,heap        ] GC(86) ParOldGen: 551665K(600064K)->558577K(600064K)
[3.461s][info][gc,metaspace   ] GC(86) Metaspace: 6298K(6464K)->6298K(6464K) NonClass: 5765K(5824K)->5765K(5824K) Class: 533K(640K)->533K(640K)
[3.461s][info][gc             ] GC(86) Pause Young (Allocation Failure) 571M->571M(653M) 18.048ms
[3.461s][info][gc,cpu         ] GC(86) User=0.03s Sys=0.00s Real=0.02s
[3.476s][info][gc,start       ] GC(87) Pause Young (Allocation Failure)
[3.498s][info][gc,heap        ] GC(87) PSYoungGen: 41568K(69120K)->28320K(70656K) Eden: 14848K(14848K)->0K(14848K) From: 26720K(54272K)->28320K(55808K)
[3.498s][info][gc,heap        ] GC(87) ParOldGen: 558577K(600064K)->572073K(600064K)
[3.498s][info][gc,metaspace   ] GC(87) Metaspace: 6298K(6464K)->6298K(6464K) NonClass: 5765K(5824K)->5765K(5824K) Class: 533K(640K)->533K(640K)
[3.498s][info][gc             ] GC(87) Pause Young (Allocation Failure) 586M->586M(655M) 21.553ms
[3.498s][info][gc,cpu         ] GC(87) User=0.12s Sys=0.00s Real=0.02s
[3.515s][info][gc,start       ] GC(88) Pause Young (Allocation Failure)
[3.537s][info][gc,heap        ] GC(88) PSYoungGen: 43168K(70656K)->29856K(66560K) Eden: 14848K(14848K)->0K(16896K) From: 28320K(55808K)->29856K(49664K)
[3.537s][info][gc,heap        ] GC(88) ParOldGen: 572073K(600064K)->585553K(600064K)
[3.537s][info][gc,metaspace   ] GC(88) Metaspace: 6298K(6464K)->6298K(6464K) NonClass: 5765K(5824K)->5765K(5824K) Class: 533K(640K)->533K(640K)
[3.537s][info][gc             ] GC(88) Pause Young (Allocation Failure) 600M->600M(651M) 22.343ms
[3.537s][info][gc,cpu         ] GC(88) User=0.11s Sys=0.02s Real=0.02s
[3.537s][info][gc,start       ] GC(89) Pause Full (Ergonomics)
[3.537s][info][gc,phases,start] GC(89) Marking Phase
[3.670s][info][gc,phases      ] GC(89) Marking Phase 132.531ms
[3.670s][info][gc,phases,start] GC(89) Summary Phase
[3.670s][info][gc,phases      ] GC(89) Summary Phase 0.021ms
[3.670s][info][gc,phases,start] GC(89) Adjust Roots
[3.670s][info][gc,phases      ] GC(89) Adjust Roots 0.152ms
[3.670s][info][gc,phases,start] GC(89) Compaction Phase
[3.732s][info][gc,phases      ] GC(89) Compaction Phase 62.315ms
[3.732s][info][gc,phases,start] GC(89) Post Compact
[3.734s][info][gc,phases      ] GC(89) Post Compact 1.093ms
[3.734s][info][gc,heap        ] GC(89) PSYoungGen: 29856K(66560K)->14810K(68608K) Eden: 0K(16896K)->0K(18944K) From: 29856K(49664K)->14810K(49664K)
[3.734s][info][gc,heap        ] GC(89) ParOldGen: 585553K(600064K)->599605K(669184K)
[3.734s][info][gc,metaspace   ] GC(89) Metaspace: 6298K(6464K)->6298K(6464K) NonClass: 5765K(5824K)->5765K(5824K) Class: 533K(640K)->533K(640K)
[3.734s][info][gc             ] GC(89) Pause Full (Ergonomics) 600M->600M(720M) 196.732ms
[3.734s][info][gc,cpu         ] GC(89) User=1.30s Sys=0.02s Real=0.20s
[3.757s][info][gc,start       ] GC(90) Pause Young (Allocation Failure)
[3.801s][info][gc,heap        ] GC(90) PSYoungGen: 33754K(68608K)->26112K(70656K) Eden: 18944K(18944K)->0K(18944K) From: 14810K(49664K)->26112K(51712K)
[3.801s][info][gc,heap        ] GC(90) ParOldGen: 599605K(669184K)->607533K(669184K)
[3.801s][info][gc,metaspace   ] GC(90) Metaspace: 6298K(6464K)->6298K(6464K) NonClass: 5765K(5824K)->5765K(5824K) Class: 533K(640K)->533K(640K)
[3.801s][info][gc             ] GC(90) Pause Young (Allocation Failure) 618M->618M(722M) 44.066ms
[3.801s][info][gc,cpu         ] GC(90) User=0.25s Sys=0.00s Real=0.04s
[3.825s][info][gc,start       ] GC(91) Pause Young (Allocation Failure)
[3.850s][info][gc,heap        ] GC(91) PSYoungGen: 45056K(70656K)->45056K(67584K) Eden: 18944K(18944K)->0K(17408K) From: 26112K(51712K)->45056K(50176K)
[3.850s][info][gc,heap        ] GC(91) ParOldGen: 607533K(669184K)->607533K(669184K)
[3.850s][info][gc,metaspace   ] GC(91) Metaspace: 6298K(6464K)->6298K(6464K) NonClass: 5765K(5824K)->5765K(5824K) Class: 533K(640K)->533K(640K)
[3.850s][info][gc             ] GC(91) Pause Young (Allocation Failure) 637M->637M(719M) 24.417ms
[3.850s][info][gc,cpu         ] GC(91) User=0.14s Sys=0.00s Real=0.02s
[3.870s][info][gc,start       ] GC(92) Pause Young (Allocation Failure)
[3.900s][info][gc,heap        ] GC(92) PSYoungGen: 62464K(67584K)->53760K(71168K) Eden: 17408K(17408K)->0K(17408K) From: 45056K(50176K)->53760K(53760K)
[3.900s][info][gc,heap        ] GC(92) ParOldGen: 607533K(669184K)->616237K(669184K)
[3.900s][info][gc,metaspace   ] GC(92) Metaspace: 6298K(6464K)->6298K(6464K) NonClass: 5765K(5824K)->5765K(5824K) Class: 533K(640K)->533K(640K)
[3.900s][info][gc             ] GC(92) Pause Young (Allocation Failure) 654M->654M(723M) 30.604ms
[3.900s][info][gc,cpu         ] GC(92) User=0.14s Sys=0.00s Real=0.03s
[3.923s][info][gc,start       ] GC(93) Pause Young (Allocation Failure)
[3.957s][info][gc,heap        ] GC(93) PSYoungGen: 71168K(71168K)->49344K(79872K) Eden: 17408K(17408K)->0K(16896K) From: 53760K(53760K)->49344K(62976K)
[3.957s][info][gc,heap        ] GC(93) ParOldGen: 616237K(669184K)->638445K(669184K)
[3.957s][info][gc,metaspace   ] GC(93) Metaspace: 6298K(6464K)->6298K(6464K) NonClass: 5765K(5824K)->5765K(5824K) Class: 533K(640K)->533K(640K)
[3.957s][info][gc             ] GC(93) Pause Young (Allocation Failure) 671M->671M(731M) 33.674ms
[3.957s][info][gc,cpu         ] GC(93) User=0.20s Sys=0.05s Real=0.03s
[3.978s][info][gc,start       ] GC(94) Pause Young (Allocation Failure)
[4.009s][info][gc,heap        ] GC(94) PSYoungGen: 66240K(79872K)->50048K(82432K) Eden: 16896K(16896K)->0K(16896K) From: 49344K(62976K)->50048K(65536K)
[4.009s][info][gc,heap        ] GC(94) ParOldGen: 638445K(669184K)->654901K(669184K)
[4.009s][info][gc,metaspace   ] GC(94) Metaspace: 6298K(6464K)->6298K(6464K) NonClass: 5765K(5824K)->5765K(5824K) Class: 533K(640K)->533K(640K)
[4.009s][info][gc             ] GC(94) Pause Young (Allocation Failure) 688M->688M(734M) 31.248ms
[4.009s][info][gc,cpu         ] GC(94) User=0.14s Sys=0.00s Real=0.03s
[4.009s][info][gc,start       ] GC(95) Pause Full (Ergonomics)
[4.009s][info][gc,phases,start] GC(95) Marking Phase
[4.161s][info][gc,phases      ] GC(95) Marking Phase 151.789ms
[4.161s][info][gc,phases,start] GC(95) Summary Phase
[4.161s][info][gc,phases      ] GC(95) Summary Phase 0.032ms
[4.161s][info][gc,phases,start] GC(95) Adjust Roots
[4.162s][info][gc,phases      ] GC(95) Adjust Roots 0.328ms
[4.162s][info][gc,phases,start] GC(95) Compaction Phase
[4.230s][info][gc,phases      ] GC(95) Compaction Phase 68.660ms
[4.230s][info][gc,phases,start] GC(95) Post Compact
[4.232s][info][gc,phases      ] GC(95) Post Compact 1.201ms
[4.232s][info][gc,heap        ] GC(95) PSYoungGen: 50048K(82432K)->34995K(82432K) Eden: 0K(16896K)->0K(16896K) From: 50048K(65536K)->34995K(65536K)
[4.232s][info][gc,heap        ] GC(95) ParOldGen: 654901K(669184K)->668854K(744448K)
[4.232s][info][gc,metaspace   ] GC(95) Metaspace: 6298K(6464K)->6298K(6464K) NonClass: 5765K(5824K)->5765K(5824K) Class: 533K(640K)->533K(640K)
[4.232s][info][gc             ] GC(95) Pause Full (Ergonomics) 688M->687M(807M) 222.657ms
[4.232s][info][gc,cpu         ] GC(95) User=1.48s Sys=0.03s Real=0.22s
[4.374s][info][gc,start       ] GC(96) Pause Young (Allocation Failure)
[4.423s][info][gc,heap        ] GC(96) PSYoungGen: 51891K(82432K)->40704K(83456K) Eden: 16896K(16896K)->0K(18944K) From: 34995K(65536K)->40704K(64512K)
[4.424s][info][gc,heap        ] GC(96) ParOldGen: 701622K(744448K)->713198K(744448K)
[4.424s][info][gc,metaspace   ] GC(96) Metaspace: 6298K(6464K)->6298K(6464K) NonClass: 5765K(5824K)->5765K(5824K) Class: 533K(640K)->533K(640K)
[4.424s][info][gc             ] GC(96) Pause Young (Allocation Failure) 735M->736M(808M) 49.507ms
[4.424s][info][gc,cpu         ] GC(96) User=0.38s Sys=0.00s Real=0.05s
[4.445s][info][gc,start       ] GC(97) Pause Young (Allocation Failure)
[4.474s][info][gc,heap        ] GC(97) PSYoungGen: 59648K(83456K)->59680K(84992K) Eden: 18944K(18944K)->0K(18944K) From: 40704K(64512K)->59680K(66048K)
[4.474s][info][gc,heap        ] GC(97) ParOldGen: 713198K(744448K)->713198K(744448K)
[4.474s][info][gc,metaspace   ] GC(97) Metaspace: 6298K(6464K)->6298K(6464K) NonClass: 5765K(5824K)->5765K(5824K) Class: 533K(640K)->533K(640K)
[4.474s][info][gc             ] GC(97) Pause Young (Allocation Failure) 754M->754M(810M) 29.200ms
[4.474s][info][gc,cpu         ] GC(97) User=0.14s Sys=0.00s Real=0.03s
[4.494s][info][gc,start       ] GC(98) Pause Young (Allocation Failure)
[4.531s][info][gc,heap        ] GC(98) PSYoungGen: 78624K(84992K)->66016K(85504K) Eden: 18944K(18944K)->0K(14336K) From: 59680K(66048K)->66016K(71168K)
[4.531s][info][gc,heap        ] GC(98) ParOldGen: 713198K(744448K)->725934K(744448K)
[4.531s][info][gc,metaspace   ] GC(98) Metaspace: 6298K(6464K)->6298K(6464K) NonClass: 5765K(5824K)->5765K(5824K) Class: 533K(640K)->533K(640K)
[4.531s][info][gc             ] GC(98) Pause Young (Allocation Failure) 773M->773M(810M) 37.830ms
[4.531s][info][gc,cpu         ] GC(98) User=0.22s Sys=0.03s Real=0.04s
[4.532s][info][gc,start       ] GC(99) Pause Full (Ergonomics)
[4.532s][info][gc,phases,start] GC(99) Marking Phase
[4.701s][info][gc,phases      ] GC(99) Marking Phase 169.709ms
[4.701s][info][gc,phases,start] GC(99) Summary Phase
[4.701s][info][gc,phases      ] GC(99) Summary Phase 0.029ms
[4.701s][info][gc,phases,start] GC(99) Adjust Roots
[4.702s][info][gc,phases      ] GC(99) Adjust Roots 0.196ms
[4.702s][info][gc,phases,start] GC(99) Compaction Phase
[4.831s][info][gc,phases      ] GC(99) Compaction Phase 129.302ms
[4.831s][info][gc,phases,start] GC(99) Post Compact
[4.833s][info][gc,phases      ] GC(99) Post Compact 1.642ms
[4.833s][info][gc,heap        ] GC(99) PSYoungGen: 66016K(85504K)->30510K(85504K) Eden: 0K(14336K)->0K(14336K) From: 66016K(71168K)->30510K(71168K)
[4.833s][info][gc,heap        ] GC(99) ParOldGen: 725934K(744448K)->744418K(822784K)
[4.833s][info][gc,metaspace   ] GC(99) Metaspace: 6298K(6464K)->6298K(6464K) NonClass: 5765K(5824K)->5765K(5824K) Class: 533K(640K)->533K(640K)
[4.833s][info][gc             ] GC(99) Pause Full (Ergonomics) 773M->756M(887M) 301.518ms
[4.833s][info][gc,cpu         ] GC(99) User=1.89s Sys=0.00s Real=0.30s
[4.851s][info][gc,start       ] GC(100) Pause Young (Allocation Failure)
[4.901s][info][gc,heap        ] GC(100) PSYoungGen: 44846K(85504K)->40096K(54784K) Eden: 14336K(14336K)->0K(14336K) From: 30510K(71168K)->40096K(40448K)
[4.901s][info][gc,heap        ] GC(100) ParOldGen: 744418K(822784K)->749418K(822784K)
[4.901s][info][gc,metaspace   ] GC(100) Metaspace: 6298K(6464K)->6298K(6464K) NonClass: 5765K(5824K)->5765K(5824K) Class: 533K(640K)->533K(640K)
[4.901s][info][gc             ] GC(100) Pause Young (Allocation Failure) 770M->771M(857M) 49.643ms
[4.901s][info][gc,cpu         ] GC(100) User=0.30s Sys=0.00s Real=0.05s
[4.915s][info][gc,start       ] GC(101) Pause Young (Allocation Failure)
[4.941s][info][gc,heap        ] GC(101) PSYoungGen: 54432K(54784K)->54464K(89600K) Eden: 14336K(14336K)->0K(14848K) From: 40096K(40448K)->54464K(74752K)
[4.942s][info][gc,heap        ] GC(101) ParOldGen: 749418K(822784K)->749418K(822784K)
[4.942s][info][gc,metaspace   ] GC(101) Metaspace: 6298K(6464K)->6298K(6464K) NonClass: 5765K(5824K)->5765K(5824K) Class: 533K(640K)->533K(640K)
[4.942s][info][gc             ] GC(101) Pause Young (Allocation Failure) 785M->785M(891M) 26.204ms
[4.942s][info][gc,cpu         ] GC(101) User=0.12s Sys=0.00s Real=0.03s
[4.957s][info][gc,start       ] GC(102) Pause Young (Allocation Failure)
[4.990s][info][gc,heap        ] GC(102) PSYoungGen: 69312K(89600K)->59488K(90624K) Eden: 14848K(14848K)->0K(14848K) From: 54464K(74752K)->59488K(75776K)
[4.990s][info][gc,heap        ] GC(102) ParOldGen: 749418K(822784K)->759362K(822784K)
[4.990s][info][gc,metaspace   ] GC(102) Metaspace: 6298K(6464K)->6298K(6464K) NonClass: 5765K(5824K)->5765K(5824K) Class: 533K(640K)->533K(640K)
[4.990s][info][gc             ] GC(102) Pause Young (Allocation Failure) 799M->799M(892M) 33.357ms
[4.990s][info][gc,cpu         ] GC(102) User=0.23s Sys=0.02s Real=0.03s
[5.005s][info][gc,start       ] GC(103) Pause Young (Allocation Failure)
[5.040s][info][gc,heap        ] GC(103) PSYoungGen: 74336K(90624K)->65984K(91648K) Eden: 14848K(14848K)->0K(12800K) From: 59488K(75776K)->65984K(78848K)
[5.040s][info][gc,heap        ] GC(103) ParOldGen: 759362K(822784K)->767834K(822784K)
[5.040s][info][gc,metaspace   ] GC(103) Metaspace: 6298K(6464K)->6298K(6464K) NonClass: 5765K(5824K)->5765K(5824K) Class: 533K(640K)->533K(640K)
[5.040s][info][gc             ] GC(103) Pause Young (Allocation Failure) 814M->814M(893M) 34.642ms
[5.040s][info][gc,cpu         ] GC(103) User=0.23s Sys=0.03s Real=0.04s
[5.054s][info][gc,start       ] GC(104) Pause Young (Allocation Failure)
[5.090s][info][gc,heap        ] GC(104) PSYoungGen: 78784K(91648K)->56960K(95744K) Eden: 12800K(12800K)->0K(12800K) From: 65984K(78848K)->56960K(82944K)
[5.090s][info][gc,heap        ] GC(104) ParOldGen: 767834K(822784K)->789938K(822784K)
[5.090s][info][gc,metaspace   ] GC(104) Metaspace: 6298K(6464K)->6298K(6464K) NonClass: 5765K(5824K)->5765K(5824K) Class: 533K(640K)->533K(640K)
[5.090s][info][gc             ] GC(104) Pause Young (Allocation Failure) 826M->827M(897M) 36.162ms
[5.090s][info][gc,cpu         ] GC(104) User=0.22s Sys=0.03s Real=0.04s
[5.104s][info][gc,start       ] GC(105) Pause Young (Allocation Failure)
[5.137s][info][gc,heap        ] GC(105) PSYoungGen: 69760K(95744K)->40544K(93696K) Eden: 12800K(12800K)->0K(14848K) From: 56960K(82944K)->40544K(78848K)
[5.137s][info][gc,heap        ] GC(105) ParOldGen: 789938K(822784K)->819506K(822784K)
[5.137s][info][gc,metaspace   ] GC(105) Metaspace: 6298K(6464K)->6298K(6464K) NonClass: 5765K(5824K)->5765K(5824K) Class: 533K(640K)->533K(640K)
[5.137s][info][gc             ] GC(105) Pause Young (Allocation Failure) 839M->839M(895M) 33.158ms
[5.137s][info][gc,cpu         ] GC(105) User=0.17s Sys=0.00s Real=0.03s
[5.137s][info][gc,start       ] GC(106) Pause Full (Ergonomics)
[5.137s][info][gc,phases,start] GC(106) Marking Phase
[5.331s][info][gc,phases      ] GC(106) Marking Phase 193.184ms
[5.331s][info][gc,phases,start] GC(106) Summary Phase
[5.331s][info][gc,phases      ] GC(106) Summary Phase 0.023ms
[5.331s][info][gc,phases,start] GC(106) Adjust Roots
[5.331s][info][gc,phases      ] GC(106) Adjust Roots 0.151ms
[5.331s][info][gc,phases,start] GC(106) Compaction Phase
[5.421s][info][gc,phases      ] GC(106) Compaction Phase 90.125ms
[5.421s][info][gc,phases,start] GC(106) Post Compact
[5.423s][info][gc,phases      ] GC(106) Post Compact 1.533ms
[5.423s][info][gc,heap        ] GC(106) PSYoungGen: 40544K(93696K)->36270K(95744K) Eden: 0K(14848K)->0K(16896K) From: 40544K(78848K)->36270K(78848K)
[5.423s][info][gc,heap        ] GC(106) ParOldGen: 819506K(822784K)->822448K(912896K)
[5.423s][info][gc,metaspace   ] GC(106) Metaspace: 6298K(6464K)->6298K(6464K) NonClass: 5765K(5824K)->5765K(5824K) Class: 533K(640K)->533K(640K)
[5.423s][info][gc             ] GC(106) Pause Full (Ergonomics) 839M->838M(985M) 285.634ms
[5.423s][info][gc,cpu         ] GC(106) User=2.00s Sys=0.00s Real=0.29s
[5.445s][info][gc,start       ] GC(107) Pause Young (Allocation Failure)
[5.501s][info][gc,heap        ] GC(107) PSYoungGen: 53166K(95744K)->28512K(97792K) Eden: 16896K(16896K)->0K(16896K) From: 36270K(78848K)->28512K(80896K)
[5.501s][info][gc,heap        ] GC(107) ParOldGen: 822448K(912896K)->847624K(912896K)
[5.501s][info][gc,metaspace   ] GC(107) Metaspace: 6298K(6464K)->6298K(6464K) NonClass: 5765K(5824K)->5765K(5824K) Class: 533K(640K)->533K(640K)
[5.501s][info][gc             ] GC(107) Pause Young (Allocation Failure) 855M->855M(987M) 56.046ms
[5.501s][info][gc,cpu         ] GC(107) User=0.36s Sys=0.02s Real=0.06s
[5.519s][info][gc,start       ] GC(108) Pause Young (Allocation Failure)
[5.543s][info][gc,heap        ] GC(108) PSYoungGen: 45408K(97792K)->33920K(96768K) Eden: 16896K(16896K)->0K(18944K) From: 28512K(80896K)->33920K(77824K)
[5.543s][info][gc,heap        ] GC(108) ParOldGen: 847624K(912896K)->859288K(912896K)
[5.543s][info][gc,metaspace   ] GC(108) Metaspace: 6298K(6464K)->6298K(6464K) NonClass: 5765K(5824K)->5765K(5824K) Class: 533K(640K)->533K(640K)
[5.543s][info][gc             ] GC(108) Pause Young (Allocation Failure) 872M->872M(986M) 24.535ms
[5.543s][info][gc,cpu         ] GC(108) User=0.14s Sys=0.00s Real=0.03s
[5.565s][info][gc,start       ] GC(109) Pause Young (Allocation Failure)
[5.593s][info][gc,heap        ] GC(109) PSYoungGen: 52864K(96768K)->36000K(98304K) Eden: 18944K(18944K)->0K(18944K) From: 33920K(77824K)->36000K(79360K)
[5.593s][info][gc,heap        ] GC(109) ParOldGen: 859288K(912896K)->876408K(912896K)
[5.593s][info][gc,metaspace   ] GC(109) Metaspace: 6298K(6464K)->6298K(6464K) NonClass: 5765K(5824K)->5765K(5824K) Class: 533K(640K)->533K(640K)
[5.593s][info][gc             ] GC(109) Pause Young (Allocation Failure) 890M->891M(987M) 27.903ms
[5.593s][info][gc,cpu         ] GC(109) User=0.14s Sys=0.00s Real=0.03s
[5.615s][info][gc,start       ] GC(110) Pause Young (Allocation Failure)
[5.643s][info][gc,heap        ] GC(110) PSYoungGen: 54944K(98304K)->38080K(93696K) Eden: 18944K(18944K)->0K(21504K) From: 36000K(79360K)->38080K(72192K)
[5.644s][info][gc,heap        ] GC(110) ParOldGen: 876408K(912896K)->893536K(912896K)
[5.644s][info][gc,metaspace   ] GC(110) Metaspace: 6298K(6464K)->6298K(6464K) NonClass: 5765K(5824K)->5765K(5824K) Class: 533K(640K)->533K(640K)
[5.644s][info][gc             ] GC(110) Pause Young (Allocation Failure) 909M->909M(983M) 28.481ms
[5.644s][info][gc,cpu         ] GC(110) User=0.11s Sys=0.00s Real=0.03s
[5.644s][info][gc,start       ] GC(111) Pause Full (Ergonomics)
[5.644s][info][gc,phases,start] GC(111) Marking Phase
[5.846s][info][gc,phases      ] GC(111) Marking Phase 202.791ms
[5.847s][info][gc,phases,start] GC(111) Summary Phase
[5.847s][info][gc,phases      ] GC(111) Summary Phase 0.027ms
[5.847s][info][gc,phases,start] GC(111) Adjust Roots
[5.847s][info][gc,phases      ] GC(111) Adjust Roots 0.177ms
[5.847s][info][gc,phases,start] GC(111) Compaction Phase
[5.939s][info][gc,phases      ] GC(111) Compaction Phase 92.093ms
[5.939s][info][gc,phases,start] GC(111) Post Compact
[5.941s][info][gc,phases      ] GC(111) Post Compact 1.635ms
[5.941s][info][gc,heap        ] GC(111) PSYoungGen: 38080K(93696K)->17392K(96256K) Eden: 0K(21504K)->0K(24064K) From: 38080K(72192K)->17392K(72192K)
[5.941s][info][gc,heap        ] GC(111) ParOldGen: 893536K(912896K)->912883K(1010688K)
[5.941s][info][gc,metaspace   ] GC(111) Metaspace: 6298K(6464K)->6298K(6464K) NonClass: 5765K(5824K)->5765K(5824K) Class: 533K(640K)->533K(640K)
[5.941s][info][gc             ] GC(111) Pause Full (Ergonomics) 909M->908M(1081M) 297.387ms
[5.941s][info][gc,cpu         ] GC(111) User=2.17s Sys=0.00s Real=0.30s
[5.970s][info][gc,start       ] GC(112) Pause Young (Allocation Failure)
[6.028s][info][gc,heap        ] GC(112) PSYoungGen: 41456K(96256K)->24256K(98816K) Eden: 24064K(24064K)->0K(24064K) From: 17392K(72192K)->24256K(74752K)
[6.028s][info][gc,heap        ] GC(112) ParOldGen: 912883K(1010688K)->930531K(1010688K)
[6.028s][info][gc,metaspace   ] GC(112) Metaspace: 6298K(6464K)->6298K(6464K) NonClass: 5765K(5824K)->5765K(5824K) Class: 533K(640K)->533K(640K)
[6.028s][info][gc             ] GC(112) Pause Young (Allocation Failure) 931M->932M(1083M) 57.704ms
[6.028s][info][gc,cpu         ] GC(112) User=0.33s Sys=0.06s Real=0.06s
[6.055s][info][gc,start       ] GC(113) Pause Young (Allocation Failure)
[6.081s][info][gc,heap        ] GC(113) PSYoungGen: 48320K(98816K)->48320K(100352K) Eden: 24064K(24064K)->0K(26624K) From: 24256K(74752K)->48320K(73728K)
[6.081s][info][gc,heap        ] GC(113) ParOldGen: 930531K(1010688K)->930531K(1010688K)
[6.081s][info][gc,metaspace   ] GC(113) Metaspace: 6298K(6464K)->6298K(6464K) NonClass: 5765K(5824K)->5765K(5824K) Class: 533K(640K)->533K(640K)
[6.081s][info][gc             ] GC(113) Pause Young (Allocation Failure) 955M->955M(1085M) 25.922ms
[6.081s][info][gc,cpu         ] GC(113) User=0.12s Sys=0.00s Real=0.03s
[6.110s][info][gc,start       ] GC(114) Pause Young (Allocation Failure)
[6.147s][info][gc,heap        ] GC(114) PSYoungGen: 74944K(100352K)->74240K(100864K) Eden: 26624K(26624K)->0K(26624K) From: 48320K(73728K)->74240K(74240K)
[6.147s][info][gc,heap        ] GC(114) ParOldGen: 930531K(1010688K)->931259K(1010688K)
[6.147s][info][gc,metaspace   ] GC(114) Metaspace: 6298K(6464K)->6298K(6464K) NonClass: 5765K(5824K)->5765K(5824K) Class: 533K(640K)->533K(640K)
[6.147s][info][gc             ] GC(114) Pause Young (Allocation Failure) 981M->981M(1085M) 37.063ms
[6.147s][info][gc,cpu         ] GC(114) User=0.25s Sys=0.00s Real=0.04s
[6.178s][info][gc,start       ] GC(115) Pause Young (Allocation Failure)
[6.228s][info][gc,heap        ] GC(115) PSYoungGen: 100864K(100864K)->53088K(111104K) Eden: 26624K(26624K)->0K(29696K) From: 74240K(74240K)->53088K(81408K)
[6.228s][info][gc,heap        ] GC(115) ParOldGen: 931259K(1010688K)->979691K(1010688K)
[6.229s][info][gc,metaspace   ] GC(115) Metaspace: 6298K(6464K)->6298K(6464K) NonClass: 5765K(5824K)->5765K(5824K) Class: 533K(640K)->533K(640K)
[6.229s][info][gc             ] GC(115) Pause Young (Allocation Failure) 1007M->1008M(1095M) 50.843ms
[6.229s][info][gc,cpu         ] GC(115) User=0.38s Sys=0.00s Real=0.05s
[6.229s][info][gc,start       ] GC(116) Pause Full (Ergonomics)
[6.229s][info][gc,phases,start] GC(116) Marking Phase
[6.457s][info][gc,phases      ] GC(116) Marking Phase 228.717ms
[6.457s][info][gc,phases,start] GC(116) Summary Phase
[6.457s][info][gc,phases      ] GC(116) Summary Phase 0.032ms
[6.457s][info][gc,phases,start] GC(116) Adjust Roots
[6.458s][info][gc,phases      ] GC(116) Adjust Roots 0.149ms
[6.458s][info][gc,phases,start] GC(116) Compaction Phase
[6.550s][info][gc,phases      ] GC(116) Compaction Phase 91.976ms
[6.550s][info][gc,phases,start] GC(116) Post Compact
[6.551s][info][gc,phases      ] GC(116) Post Compact 1.739ms
[6.552s][info][gc,heap        ] GC(116) PSYoungGen: 53088K(111104K)->21114K(112128K) Eden: 0K(29696K)->0K(30720K) From: 53088K(81408K)->21114K(81408K)
[6.552s][info][gc,heap        ] GC(116) ParOldGen: 979691K(1010688K)->1010415K(1126400K)
[6.552s][info][gc,metaspace   ] GC(116) Metaspace: 6298K(6464K)->6298K(6464K) NonClass: 5765K(5824K)->5765K(5824K) Class: 533K(640K)->533K(640K)
[6.552s][info][gc             ] GC(116) Pause Full (Ergonomics) 1008M->1007M(1209M) 323.405ms
[6.552s][info][gc,cpu         ] GC(116) User=2.44s Sys=0.00s Real=0.32s
[6.588s][info][gc,start       ] GC(117) Pause Young (Allocation Failure)
[6.655s][info][gc,heap        ] GC(117) PSYoungGen: 51834K(112128K)->45216K(76288K) Eden: 30720K(30720K)->0K(30720K) From: 21114K(81408K)->45216K(45568K)
[6.655s][info][gc,heap        ] GC(117) ParOldGen: 1010415K(1126400K)->1017375K(1126400K)
[6.655s][info][gc,metaspace   ] GC(117) Metaspace: 6298K(6464K)->6298K(6464K) NonClass: 5765K(5824K)->5765K(5824K) Class: 533K(640K)->533K(640K)
[6.655s][info][gc             ] GC(117) Pause Young (Allocation Failure) 1037M->1037M(1174M) 67.290ms
[6.655s][info][gc,cpu         ] GC(117) User=0.38s Sys=0.00s Real=0.07s
[6.691s][info][gc,start       ] GC(118) Pause Young (Allocation Failure)
[6.731s][info][gc,heap        ] GC(118) PSYoungGen: 75936K(76288K)->76000K(104960K) Eden: 30720K(30720K)->0K(26112K) From: 45216K(45568K)->76000K(78848K)
[6.731s][info][gc,heap        ] GC(118) ParOldGen: 1017375K(1126400K)->1017375K(1126400K)
[6.731s][info][gc,metaspace   ] GC(118) Metaspace: 6298K(6464K)->6298K(6464K) NonClass: 5765K(5824K)->5765K(5824K) Class: 533K(640K)->533K(640K)
[6.731s][info][gc             ] GC(118) Pause Young (Allocation Failure) 1067M->1067M(1202M) 39.483ms
[6.731s][info][gc,cpu         ] GC(118) User=0.27s Sys=0.00s Real=0.04s
[6.760s][info][gc,start       ] GC(119) Pause Young (Allocation Failure)
[6.813s][info][gc,heap        ] GC(119) PSYoungGen: 102112K(104960K)->86528K(112640K) Eden: 26112K(26112K)->0K(26112K) From: 76000K(78848K)->86528K(86528K)
[6.813s][info][gc,heap        ] GC(119) ParOldGen: 1017375K(1126400K)->1033015K(1126400K)
[6.813s][info][gc,metaspace   ] GC(119) Metaspace: 6298K(6464K)->6298K(6464K) NonClass: 5765K(5824K)->5765K(5824K) Class: 533K(640K)->533K(640K)
[6.813s][info][gc             ] GC(119) Pause Young (Allocation Failure) 1093M->1093M(1210M) 53.096ms
[6.813s][info][gc,cpu         ] GC(119) User=0.38s Sys=0.00s Real=0.05s
[6.843s][info][gc,start       ] GC(120) Pause Young (Allocation Failure)
[6.904s][info][gc,heap        ] GC(120) PSYoungGen: 112640K(112640K)->75680K(129024K) Eden: 26112K(26112K)->0K(26112K) From: 86528K(86528K)->75680K(102912K)
[6.904s][info][gc,heap        ] GC(120) ParOldGen: 1033015K(1126400K)->1070567K(1126400K)
[6.904s][info][gc,metaspace   ] GC(120) Metaspace: 6298K(6464K)->6298K(6464K) NonClass: 5765K(5824K)->5765K(5824K) Class: 533K(640K)->533K(640K)
[6.904s][info][gc             ] GC(120) Pause Young (Allocation Failure) 1118M->1119M(1226M) 61.498ms
[6.904s][info][gc,cpu         ] GC(120) User=0.38s Sys=0.02s Real=0.06s
[6.934s][info][gc,start       ] GC(121) Pause Young (Allocation Failure)
[6.987s][info][gc,heap        ] GC(121) PSYoungGen: 101792K(129024K)->76224K(132096K) Eden: 26112K(26112K)->0K(26112K) From: 75680K(102912K)->76224K(105984K)
[6.988s][info][gc,heap        ] GC(121) ParOldGen: 1070567K(1126400K)->1096567K(1126400K)
[6.988s][info][gc,metaspace   ] GC(121) Metaspace: 6298K(6464K)->6298K(6464K) NonClass: 5765K(5824K)->5765K(5824K) Class: 533K(640K)->533K(640K)
[6.988s][info][gc             ] GC(121) Pause Young (Allocation Failure) 1144M->1145M(1229M) 53.655ms
[6.988s][info][gc,cpu         ] GC(121) User=0.33s Sys=0.03s Real=0.05s
[6.988s][info][gc,start       ] GC(122) Pause Full (Ergonomics)
[6.988s][info][gc,phases,start] GC(122) Marking Phase
[7.245s][info][gc,phases      ] GC(122) Marking Phase 257.180ms
[7.245s][info][gc,phases,start] GC(122) Summary Phase
[7.245s][info][gc,phases      ] GC(122) Summary Phase 0.034ms
[7.245s][info][gc,phases,start] GC(122) Adjust Roots
[7.245s][info][gc,phases      ] GC(122) Adjust Roots 0.148ms
[7.245s][info][gc,phases,start] GC(122) Compaction Phase
[7.376s][info][gc,phases      ] GC(122) Compaction Phase 130.255ms
[7.376s][info][gc,phases,start] GC(122) Post Compact
[7.378s][info][gc,phases      ] GC(122) Post Compact 2.281ms
[7.379s][info][gc,heap        ] GC(122) PSYoungGen: 76224K(132096K)->45212K(132096K) Eden: 0K(26112K)->0K(26112K) From: 76224K(105984K)->45212K(105984K)
[7.379s][info][gc,heap        ] GC(122) ParOldGen: 1096567K(1126400K)->1125939K(1253376K)
[7.379s][info][gc,metaspace   ] GC(122) Metaspace: 6298K(6464K)->6298K(6464K) NonClass: 5765K(5824K)->5765K(5824K) Class: 533K(640K)->533K(640K)
[7.379s][info][gc             ] GC(122) Pause Full (Ergonomics) 1145M->1143M(1353M) 390.865ms
[7.379s][info][gc,cpu         ] GC(122) User=2.66s Sys=0.02s Real=0.39s
[7.413s][info][gc,start       ] GC(123) Pause Young (Allocation Failure)
[7.502s][info][gc,heap        ] GC(123) PSYoungGen: 71324K(132096K)->42144K(132608K) Eden: 26112K(26112K)->0K(29184K) From: 45212K(105984K)->42144K(103424K)
[7.502s][info][gc,heap        ] GC(123) ParOldGen: 1125939K(1253376K)->1155675K(1253376K)
[7.502s][info][gc,metaspace   ] GC(123) Metaspace: 6298K(6464K)->6298K(6464K) NonClass: 5765K(5824K)->5765K(5824K) Class: 533K(640K)->533K(640K)
[7.502s][info][gc             ] GC(123) Pause Young (Allocation Failure) 1169M->1169M(1353M) 89.380ms
[7.502s][info][gc,cpu         ] GC(123) User=0.50s Sys=0.02s Real=0.09s
[7.539s][info][gc,start       ] GC(124) Pause Young (Allocation Failure)
[7.577s][info][gc,heap        ] GC(124) PSYoungGen: 71328K(132608K)->55520K(84992K) Eden: 29184K(29184K)->0K(29184K) From: 42144K(103424K)->55520K(55808K)
[7.577s][info][gc,heap        ] GC(124) ParOldGen: 1155675K(1253376K)->1171771K(1253376K)
[7.577s][info][gc,metaspace   ] GC(124) Metaspace: 6298K(6464K)->6298K(6464K) NonClass: 5765K(5824K)->5765K(5824K) Class: 533K(640K)->533K(640K)
[7.577s][info][gc             ] GC(124) Pause Young (Allocation Failure) 1198M->1198M(1307M) 38.583ms
[7.578s][info][gc,cpu         ] GC(124) User=0.22s Sys=0.03s Real=0.04s
[7.611s][info][gc,start       ] GC(125) Pause Young (Allocation Failure)
[7.655s][info][gc,heap        ] GC(125) PSYoungGen: 84704K(84992K)->58528K(126464K) Eden: 29184K(29184K)->0K(32256K) From: 55520K(55808K)->58528K(94208K)
[7.655s][info][gc,heap        ] GC(125) ParOldGen: 1171771K(1253376K)->1198251K(1253376K)
[7.655s][info][gc,metaspace   ] GC(125) Metaspace: 6298K(6464K)->6298K(6464K) NonClass: 5765K(5824K)->5765K(5824K) Class: 533K(640K)->533K(640K)
[7.655s][info][gc             ] GC(125) Pause Young (Allocation Failure) 1227M->1227M(1347M) 43.825ms
[7.655s][info][gc,cpu         ] GC(125) User=0.23s Sys=0.03s Real=0.04s
[7.694s][info][gc,start       ] GC(126) Pause Young (Allocation Failure)
[7.743s][info][gc,heap        ] GC(126) PSYoungGen: 90784K(126464K)->61632K(130048K) Eden: 32256K(32256K)->0K(32256K) From: 58528K(94208K)->61632K(97792K)
[7.743s][info][gc,heap        ] GC(126) ParOldGen: 1198251K(1253376K)->1227843K(1253376K)
[7.743s][info][gc,metaspace   ] GC(126) Metaspace: 6298K(6464K)->6298K(6464K) NonClass: 5765K(5824K)->5765K(5824K) Class: 533K(640K)->533K(640K)
[7.743s][info][gc             ] GC(126) Pause Young (Allocation Failure) 1258M->1259M(1351M) 49.532ms
[7.743s][info][gc,cpu         ] GC(126) User=0.27s Sys=0.00s Real=0.05s
[7.743s][info][gc,start       ] GC(127) Pause Full (Ergonomics)
[7.743s][info][gc,phases,start] GC(127) Marking Phase
[8.036s][info][gc,phases      ] GC(127) Marking Phase 292.827ms
[8.036s][info][gc,phases,start] GC(127) Summary Phase
[8.036s][info][gc,phases      ] GC(127) Summary Phase 0.028ms
[8.036s][info][gc,phases,start] GC(127) Adjust Roots
[8.036s][info][gc,phases      ] GC(127) Adjust Roots 0.190ms
[8.036s][info][gc,phases,start] GC(127) Compaction Phase
[8.159s][info][gc,phases      ] GC(127) Compaction Phase 122.817ms
[8.159s][info][gc,phases,start] GC(127) Post Compact
[8.162s][info][gc,phases      ] GC(127) Post Compact 2.488ms
[8.162s][info][gc,heap        ] GC(127) PSYoungGen: 61632K(130048K)->34804K(130048K) Eden: 0K(32256K)->0K(32256K) From: 61632K(97792K)->34804K(97792K)
[8.162s][info][gc,heap        ] GC(127) ParOldGen: 1227843K(1253376K)->1252957K(1390592K)
[8.162s][info][gc,metaspace   ] GC(127) Metaspace: 6298K(6464K)->6298K(6464K) NonClass: 5765K(5824K)->5765K(5824K) Class: 533K(640K)->533K(640K)
[8.162s][info][gc             ] GC(127) Pause Full (Ergonomics) 1259M->1257M(1485M) 419.326ms
[8.162s][info][gc,cpu         ] GC(127) User=2.97s Sys=0.00s Real=0.42s
[8.200s][info][gc,start       ] GC(128) Pause Young (Allocation Failure)
[8.283s][info][gc,heap        ] GC(128) PSYoungGen: 67060K(130048K)->41952K(128000K) Eden: 32256K(32256K)->0K(35328K) From: 34804K(97792K)->41952K(92672K)
[8.283s][info][gc,heap        ] GC(128) ParOldGen: 1252957K(1390592K)->1269437K(1390592K)
[8.283s][info][gc,metaspace   ] GC(128) Metaspace: 6298K(6464K)->6298K(6464K) NonClass: 5765K(5824K)->5765K(5824K) Class: 533K(640K)->533K(640K)
[8.283s][info][gc             ] GC(128) Pause Young (Allocation Failure) 1289M->1280M(1483M) 82.638ms
[8.283s][info][gc,cpu         ] GC(128) User=0.52s Sys=0.00s Real=0.08s
[8.320s][info][gc,start       ] GC(129) Pause Young (Allocation Failure)
[8.358s][info][gc,heap        ] GC(129) PSYoungGen: 77280K(128000K)->68032K(129536K) Eden: 35328K(35328K)->0K(35328K) From: 41952K(92672K)->68032K(94208K)
[8.358s][info][gc,heap        ] GC(129) ParOldGen: 1269437K(1390592K)->1269437K(1390592K)
[8.358s][info][gc,metaspace   ] GC(129) Metaspace: 6298K(6464K)->6298K(6464K) NonClass: 5765K(5824K)->5765K(5824K) Class: 533K(640K)->533K(640K)
[8.358s][info][gc             ] GC(129) Pause Young (Allocation Failure) 1315M->1306M(1484M) 37.498ms
[8.358s][info][gc,cpu         ] GC(129) User=0.25s Sys=0.00s Real=0.04s
[8.403s][info][gc,start       ] GC(130) Pause Young (Allocation Failure)
[8.462s][info][gc,heap        ] GC(130) PSYoungGen: 103360K(129536K)->94720K(119808K) Eden: 35328K(35328K)->0K(25088K) From: 68032K(94208K)->94720K(94720K)
[8.462s][info][gc,heap        ] GC(130) ParOldGen: 1269437K(1390592K)->1278149K(1390592K)
[8.462s][info][gc,metaspace   ] GC(130) Metaspace: 6298K(6464K)->6298K(6464K) NonClass: 5765K(5824K)->5765K(5824K) Class: 533K(640K)->533K(640K)
[8.462s][info][gc             ] GC(130) Pause Young (Allocation Failure) 1340M->1340M(1475M) 59.440ms
[8.462s][info][gc,cpu         ] GC(130) User=0.36s Sys=0.02s Real=0.06s
[8.494s][info][gc,start       ] GC(131) Pause Young (Allocation Failure)
[8.561s][info][gc,heap        ] GC(131) PSYoungGen: 119808K(119808K)->82784K(133632K) Eden: 25088K(25088K)->0K(25088K) From: 94720K(94720K)->82784K(108544K)
[8.561s][info][gc,heap        ] GC(131) ParOldGen: 1278149K(1390592K)->1315749K(1390592K)
[8.561s][info][gc,metaspace   ] GC(131) Metaspace: 6298K(6464K)->6298K(6464K) NonClass: 5765K(5824K)->5765K(5824K) Class: 533K(640K)->533K(640K)
[8.561s][info][gc             ] GC(131) Pause Young (Allocation Failure) 1365M->1365M(1488M) 67.114ms
[8.561s][info][gc,cpu         ] GC(131) User=0.47s Sys=0.03s Real=0.07s
[8.835s][info][gc,start       ] GC(132) Pause Full (Ergonomics)
[8.835s][info][gc,phases,start] GC(132) Marking Phase
[9.192s][info][gc,phases      ] GC(132) Marking Phase 357.041ms
[9.192s][info][gc,phases,start] GC(132) Summary Phase
[9.192s][info][gc,phases      ] GC(132) Summary Phase 0.031ms
[9.192s][info][gc,phases,start] GC(132) Adjust Roots
[9.192s][info][gc,phases      ] GC(132) Adjust Roots 0.271ms
[9.192s][info][gc,phases,start] GC(132) Compaction Phase
[9.550s][info][gc,phases      ] GC(132) Compaction Phase 357.296ms
[9.550s][info][gc,phases,start] GC(132) Post Compact
[9.553s][info][gc,phases      ] GC(132) Post Compact 3.134ms
[9.553s][info][gc,heap        ] GC(132) PSYoungGen: 107872K(133632K)->64601K(133632K) Eden: 25088K(25088K)->0K(25088K) From: 82784K(108544K)->64601K(108544K)
[9.554s][info][gc,heap        ] GC(132) ParOldGen: 1381285K(1390592K)->1390556K(1538560K)
[9.554s][info][gc,metaspace   ] GC(132) Metaspace: 6298K(6464K)->6298K(6464K) NonClass: 5765K(5824K)->5765K(5824K) Class: 533K(640K)->533K(640K)
[9.554s][info][gc             ] GC(132) Pause Full (Ergonomics) 1454M->1421M(1633M) 718.667ms
[9.554s][info][gc,cpu         ] GC(132) User=4.34s Sys=0.05s Real=0.72s
[9.578s][info][gc,start       ] GC(133) Pause Young (Allocation Failure)
[9.680s][info][gc,heap        ] GC(133) PSYoungGen: 89689K(133632K)->70688K(134656K) Eden: 25088K(25088K)->0K(27648K) From: 64601K(108544K)->70688K(107008K)
[9.680s][info][gc,heap        ] GC(133) ParOldGen: 1390556K(1538560K)->1410100K(1538560K)
[9.680s][info][gc,metaspace   ] GC(133) Metaspace: 6298K(6464K)->6298K(6464K) NonClass: 5765K(5824K)->5765K(5824K) Class: 533K(640K)->533K(640K)
[9.680s][info][gc             ] GC(133) Pause Young (Allocation Failure) 1445M->1446M(1634M) 101.212ms
[9.680s][info][gc,cpu         ] GC(133) User=0.47s Sys=0.00s Real=0.10s
[9.707s][info][gc,start       ] GC(134) Pause Young (Allocation Failure)
[9.758s][info][gc,heap        ] GC(134) PSYoungGen: 98336K(134656K)->98336K(137216K) Eden: 27648K(27648K)->0K(27648K) From: 70688K(107008K)->98336K(109568K)
[9.758s][info][gc,heap        ] GC(134) ParOldGen: 1410100K(1538560K)->1410100K(1538560K)
[9.758s][info][gc,metaspace   ] GC(134) Metaspace: 6298K(6464K)->6298K(6464K) NonClass: 5765K(5824K)->5765K(5824K) Class: 533K(640K)->533K(640K)
[9.758s][info][gc             ] GC(134) Pause Young (Allocation Failure) 1473M->1473M(1636M) 50.792ms
[9.758s][info][gc,cpu         ] GC(134) User=0.38s Sys=0.00s Real=0.05s
[9.788s][info][gc,start       ] GC(135) Pause Young (Allocation Failure)
[9.856s][info][gc,heap        ] GC(135) PSYoungGen: 125984K(137216K)->99776K(140800K) Eden: 27648K(27648K)->0K(23552K) From: 98336K(109568K)->99776K(117248K)
[9.857s][info][gc,heap        ] GC(135) ParOldGen: 1410100K(1538560K)->1436724K(1538560K)
[9.857s][info][gc,metaspace   ] GC(135) Metaspace: 6298K(6464K)->6298K(6464K) NonClass: 5765K(5824K)->5765K(5824K) Class: 533K(640K)->533K(640K)
[9.857s][info][gc             ] GC(135) Pause Young (Allocation Failure) 1500M->1500M(1640M) 68.128ms
[9.857s][info][gc,cpu         ] GC(135) User=0.39s Sys=0.02s Real=0.07s
[9.882s][info][gc,start       ] GC(136) Pause Young (Allocation Failure)
[9.950s][info][gc,heap        ] GC(136) PSYoungGen: 123328K(140800K)->104160K(147968K) Eden: 23552K(23552K)->0K(23552K) From: 99776K(117248K)->104160K(124416K)
[9.950s][info][gc,heap        ] GC(136) ParOldGen: 1436724K(1538560K)->1456140K(1538560K)
[9.950s][info][gc,metaspace   ] GC(136) Metaspace: 6298K(6464K)->6298K(6464K) NonClass: 5765K(5824K)->5765K(5824K) Class: 533K(640K)->533K(640K)
[9.950s][info][gc             ] GC(136) Pause Young (Allocation Failure) 1523M->1523M(1647M) 68.671ms
[9.950s][info][gc,cpu         ] GC(136) User=0.41s Sys=0.02s Real=0.07s
[9.977s][info][gc,start       ] GC(137) Pause Young (Allocation Failure)
[10.049s][info][gc,heap        ] GC(137) PSYoungGen: 127712K(147968K)->74944K(148480K) Eden: 23552K(23552K)->0K(27136K) From: 104160K(124416K)->74944K(121344K)
[10.049s][info][gc,heap        ] GC(137) ParOldGen: 1456140K(1538560K)->1509572K(1538560K)
[10.049s][info][gc,metaspace   ] GC(137) Metaspace: 6298K(6464K)->6298K(6464K) NonClass: 5765K(5824K)->5765K(5824K) Class: 533K(640K)->533K(640K)
[10.049s][info][gc             ] GC(137) Pause Young (Allocation Failure) 1546M->1547M(1647M) 72.085ms
[10.049s][info][gc,cpu         ] GC(137) User=0.42s Sys=0.00s Real=0.07s
[10.049s][info][gc,start       ] GC(138) Pause Full (Ergonomics)
[10.049s][info][gc,phases,start] GC(138) Marking Phase
[10.428s][info][gc,phases      ] GC(138) Marking Phase 378.986ms
[10.428s][info][gc,phases,start] GC(138) Summary Phase
[10.428s][info][gc,phases      ] GC(138) Summary Phase 0.056ms
[10.428s][info][gc,phases,start] GC(138) Adjust Roots
[10.429s][info][gc,phases      ] GC(138) Adjust Roots 0.244ms
[10.429s][info][gc,phases,start] GC(138) Compaction Phase
[10.627s][info][gc,phases      ] GC(138) Compaction Phase 198.118ms
[10.627s][info][gc,phases,start] GC(138) Post Compact
[10.630s][info][gc,phases      ] GC(138) Post Compact 2.984ms
[10.631s][info][gc,heap        ] GC(138) PSYoungGen: 74944K(148480K)->44000K(152064K) Eden: 0K(27136K)->0K(30720K) From: 74944K(121344K)->44000K(121344K)
[10.631s][info][gc,heap        ] GC(138) ParOldGen: 1509572K(1538560K)->1538487K(1702912K)
[10.631s][info][gc,metaspace   ] GC(138) Metaspace: 6298K(6464K)->6298K(6464K) NonClass: 5765K(5824K)->5765K(5824K) Class: 533K(640K)->533K(640K)
[10.631s][info][gc             ] GC(138) Pause Full (Ergonomics) 1547M->1545M(1811M) 581.463ms
[10.631s][info][gc,cpu         ] GC(138) User=3.66s Sys=0.03s Real=0.58s
[10.661s][info][gc,start       ] GC(139) Pause Young (Allocation Failure)
[10.758s][info][gc,heap        ] GC(139) PSYoungGen: 74720K(152064K)->46944K(156672K) Eden: 30720K(30720K)->0K(30720K) From: 44000K(121344K)->46944K(125952K)
[10.758s][info][gc,heap        ] GC(139) ParOldGen: 1538487K(1702912K)->1566871K(1702912K)
[10.758s][info][gc,metaspace   ] GC(139) Metaspace: 6298K(6464K)->6298K(6464K) NonClass: 5765K(5824K)->5765K(5824K) Class: 533K(640K)->533K(640K)
[10.758s][info][gc             ] GC(139) Pause Young (Allocation Failure) 1575M->1575M(1816M) 96.357ms
[10.758s][info][gc,cpu         ] GC(139) User=0.58s Sys=0.03s Real=0.10s
[10.788s][info][gc,start       ] GC(140) Pause Young (Allocation Failure)
[10.829s][info][gc,heap        ] GC(140) PSYoungGen: 77664K(156672K)->61632K(153088K) Eden: 30720K(30720K)->0K(34304K) From: 46944K(125952K)->61632K(118784K)
[10.829s][info][gc,heap        ] GC(140) ParOldGen: 1566871K(1702912K)->1583071K(1702912K)
[10.829s][info][gc,metaspace   ] GC(140) Metaspace: 6298K(6464K)->6298K(6464K) NonClass: 5765K(5824K)->5765K(5824K) Class: 533K(640K)->533K(640K)
[10.829s][info][gc             ] GC(140) Pause Young (Allocation Failure) 1605M->1606M(1812M) 40.325ms
[10.829s][info][gc,cpu         ] GC(140) User=0.22s Sys=0.03s Real=0.04s
[10.863s][info][gc,start       ] GC(141) Pause Young (Allocation Failure)
[10.911s][info][gc,heap        ] GC(141) PSYoungGen: 95936K(153088K)->65216K(156160K) Eden: 34304K(34304K)->0K(34304K) From: 61632K(118784K)->65216K(121856K)
[10.911s][info][gc,heap        ] GC(141) ParOldGen: 1583071K(1702912K)->1614215K(1702912K)
[10.911s][info][gc,metaspace   ] GC(141) Metaspace: 6298K(6464K)->6298K(6464K) NonClass: 5765K(5824K)->5765K(5824K) Class: 533K(640K)->533K(640K)
[10.911s][info][gc             ] GC(141) Pause Young (Allocation Failure) 1639M->1640M(1815M) 48.377ms
[10.911s][info][gc,cpu         ] GC(141) User=0.25s Sys=0.03s Real=0.05s
[10.948s][info][gc,start       ] GC(142) Pause Young (Allocation Failure)
[10.999s][info][gc,heap        ] GC(142) PSYoungGen: 99520K(156160K)->68864K(146944K) Eden: 34304K(34304K)->0K(38400K) From: 65216K(121856K)->68864K(108544K)
[10.999s][info][gc,heap        ] GC(142) ParOldGen: 1614215K(1702912K)->1645351K(1702912K)
[10.999s][info][gc,metaspace   ] GC(142) Metaspace: 6298K(6464K)->6298K(6464K) NonClass: 5765K(5824K)->5765K(5824K) Class: 533K(640K)->533K(640K)
[10.999s][info][gc             ] GC(142) Pause Young (Allocation Failure) 1673M->1674M(1806M) 51.457ms
[10.999s][info][gc,cpu         ] GC(142) User=0.33s Sys=0.02s Real=0.05s
[11.040s][info][gc,start       ] GC(143) Pause Young (Allocation Failure)
[11.093s][info][gc,heap        ] GC(143) PSYoungGen: 107264K(146944K)->72928K(151552K) Eden: 38400K(38400K)->0K(38400K) From: 68864K(108544K)->72928K(113152K)
[11.093s][info][gc,heap        ] GC(143) ParOldGen: 1645351K(1702912K)->1680127K(1702912K)
[11.094s][info][gc,metaspace   ] GC(143) Metaspace: 6298K(6464K)->6298K(6464K) NonClass: 5765K(5824K)->5765K(5824K) Class: 533K(640K)->533K(640K)
[11.094s][info][gc             ] GC(143) Pause Young (Allocation Failure) 1711M->1711M(1811M) 53.376ms
[11.094s][info][gc,cpu         ] GC(143) User=0.36s Sys=0.02s Real=0.05s
[11.094s][info][gc,start       ] GC(144) Pause Full (Ergonomics)
[11.094s][info][gc,phases,start] GC(144) Marking Phase
[11.499s][info][gc,phases      ] GC(144) Marking Phase 405.593ms
[11.499s][info][gc,phases,start] GC(144) Summary Phase
[11.499s][info][gc,phases      ] GC(144) Summary Phase 0.031ms
[11.499s][info][gc,phases,start] GC(144) Adjust Roots
[11.499s][info][gc,phases      ] GC(144) Adjust Roots 0.187ms
[11.500s][info][gc,phases,start] GC(144) Compaction Phase
[11.696s][info][gc,phases      ] GC(144) Compaction Phase 196.525ms
[11.696s][info][gc,phases,start] GC(144) Post Compact
[11.700s][info][gc,phases      ] GC(144) Post Compact 3.530ms
[11.700s][info][gc,heap        ] GC(144) PSYoungGen: 72928K(151552K)->48110K(151552K) Eden: 0K(38400K)->0K(38400K) From: 72928K(113152K)->48110K(113152K)
[11.700s][info][gc,heap        ] GC(144) ParOldGen: 1680127K(1702912K)->1702660K(1879552K)
[11.700s][info][gc,metaspace   ] GC(144) Metaspace: 6298K(6464K)->6298K(6464K) NonClass: 5765K(5824K)->5765K(5824K) Class: 533K(640K)->533K(640K)
[11.700s][info][gc             ] GC(144) Pause Full (Ergonomics) 1711M->1709M(1983M) 606.842ms
[11.700s][info][gc,cpu         ] GC(144) User=4.22s Sys=0.03s Real=0.61s
[11.743s][info][gc,start       ] GC(145) Pause Young (Allocation Failure)
[11.858s][info][gc,heap        ] GC(145) PSYoungGen: 86510K(151552K)->61760K(145920K) Eden: 38400K(38400K)->0K(41984K) From: 48110K(113152K)->61760K(103936K)
[11.858s][info][gc,heap        ] GC(145) ParOldGen: 1702660K(1879552K)->1728004K(1879552K)
[11.858s][info][gc,metaspace   ] GC(145) Metaspace: 6298K(6464K)->6298K(6464K) NonClass: 5765K(5824K)->5765K(5824K) Class: 533K(640K)->533K(640K)
[11.859s][info][gc             ] GC(145) Pause Young (Allocation Failure) 1747M->1747M(1978M) 115.966ms
[11.859s][info][gc,cpu         ] GC(145) User=0.66s Sys=0.00s Real=0.12s
[11.904s][info][gc,start       ] GC(146) Pause Young (Allocation Failure)
[11.958s][info][gc,heap        ] GC(146) PSYoungGen: 103744K(145920K)->103840K(149504K) Eden: 41984K(41984K)->0K(41984K) From: 61760K(103936K)->103840K(107520K)
[11.958s][info][gc,heap        ] GC(146) ParOldGen: 1728004K(1879552K)->1728004K(1879552K)
[11.958s][info][gc,metaspace   ] GC(146) Metaspace: 6298K(6464K)->6298K(6464K) NonClass: 5765K(5824K)->5765K(5824K) Class: 533K(640K)->533K(640K)
[11.958s][info][gc             ] GC(146) Pause Young (Allocation Failure) 1788M->1788M(1981M) 53.629ms
[11.958s][info][gc,cpu         ] GC(146) User=0.38s Sys=0.00s Real=0.06s
[12.004s][info][gc,start       ] GC(147) Pause Young (Allocation Failure)
[12.082s][info][gc,heap        ] GC(147) PSYoungGen: 145824K(149504K)->116224K(139264K) Eden: 41984K(41984K)->0K(23040K) From: 103840K(107520K)->116224K(116224K)
[12.082s][info][gc,heap        ] GC(147) ParOldGen: 1728004K(1879552K)->1757820K(1879552K)
[12.082s][info][gc,metaspace   ] GC(147) Metaspace: 6298K(6464K)->6298K(6464K) NonClass: 5765K(5824K)->5765K(5824K) Class: 533K(640K)->533K(640K)
[12.082s][info][gc             ] GC(147) Pause Young (Allocation Failure) 1829M->1830M(1971M) 78.633ms
[12.082s][info][gc,cpu         ] GC(147) User=0.56s Sys=0.06s Real=0.08s
[12.109s][info][gc,start       ] GC(148) Pause Young (Allocation Failure)
[12.185s][info][gc,heap        ] GC(148) PSYoungGen: 139264K(139264K)->88160K(162304K) Eden: 23040K(23040K)->0K(23040K) From: 116224K(116224K)->88160K(139264K)
[12.185s][info][gc,heap        ] GC(148) ParOldGen: 1757820K(1879552K)->1809692K(1879552K)
[12.185s][info][gc,metaspace   ] GC(148) Metaspace: 6298K(6464K)->6298K(6464K) NonClass: 5765K(5824K)->5765K(5824K) Class: 533K(640K)->533K(640K)
[12.185s][info][gc             ] GC(148) Pause Young (Allocation Failure) 1852M->1853M(1994M) 75.694ms
[12.185s][info][gc,cpu         ] GC(148) User=0.44s Sys=0.05s Real=0.08s
[12.212s][info][gc,start       ] GC(149) Pause Young (Allocation Failure)
[12.269s][info][gc,heap        ] GC(149) PSYoungGen: 111200K(162304K)->77184K(152064K) Eden: 23040K(23040K)->0K(26112K) From: 88160K(139264K)->77184K(125952K)
[12.269s][info][gc,heap        ] GC(149) ParOldGen: 1809692K(1879552K)->1844052K(1879552K)
[12.269s][info][gc,metaspace   ] GC(149) Metaspace: 6298K(6464K)->6298K(6464K) NonClass: 5765K(5824K)->5765K(5824K) Class: 533K(640K)->533K(640K)
[12.269s][info][gc             ] GC(149) Pause Young (Allocation Failure) 1875M->1876M(1984M) 56.530ms
[12.269s][info][gc,cpu         ] GC(149) User=0.36s Sys=0.02s Real=0.06s
[12.269s][info][gc,start       ] GC(150) Pause Full (Ergonomics)
[12.269s][info][gc,phases,start] GC(150) Marking Phase
[12.698s][info][gc,phases      ] GC(150) Marking Phase 429.204ms
[12.698s][info][gc,phases,start] GC(150) Summary Phase
[12.698s][info][gc,phases      ] GC(150) Summary Phase 0.035ms
[12.698s][info][gc,phases,start] GC(150) Adjust Roots
[12.698s][info][gc,phases      ] GC(150) Adjust Roots 0.198ms
[12.698s][info][gc,phases,start] GC(150) Compaction Phase
[12.923s][info][gc,phases      ] GC(150) Compaction Phase 224.700ms
[12.923s][info][gc,phases,start] GC(150) Post Compact
[12.927s][info][gc,phases      ] GC(150) Post Compact 4.091ms
[12.928s][info][gc,heap        ] GC(150) PSYoungGen: 77184K(152064K)->39654K(155648K) Eden: 0K(26112K)->0K(29696K) From: 77184K(125952K)->39654K(125952K)
[12.928s][info][gc,heap        ] GC(150) ParOldGen: 1844052K(1879552K)->1879404K(2073600K)
[12.928s][info][gc,metaspace   ] GC(150) Metaspace: 6298K(6464K)->6298K(6464K) NonClass: 5765K(5824K)->5765K(5824K) Class: 533K(640K)->533K(640K)
[12.928s][info][gc             ] GC(150) Pause Full (Ergonomics) 1876M->1874M(2177M) 659.253ms
[12.928s][info][gc,cpu         ] GC(150) User=4.38s Sys=0.05s Real=0.66s
[12.959s][info][gc,start       ] GC(151) Pause Young (Allocation Failure)
[13.090s][info][gc,heap        ] GC(151) PSYoungGen: 69350K(155648K)->43168K(160768K) Eden: 29696K(29696K)->0K(29696K) From: 39654K(125952K)->43168K(131072K)
[13.090s][info][gc,heap        ] GC(151) ParOldGen: 1879404K(2073600K)->1906196K(2073600K)
[13.090s][info][gc,metaspace   ] GC(151) Metaspace: 6298K(6464K)->6298K(6464K) NonClass: 5765K(5824K)->5765K(5824K) Class: 533K(640K)->533K(640K)
[13.090s][info][gc             ] GC(151) Pause Young (Allocation Failure) 1903M->1903M(2182M) 130.385ms
[13.090s][info][gc,cpu         ] GC(151) User=0.73s Sys=0.05s Real=0.13s
[13.124s][info][gc,start       ] GC(152) Pause Young (Allocation Failure)
[13.167s][info][gc,heap        ] GC(152) PSYoungGen: 72864K(160768K)->72864K(157184K) Eden: 29696K(29696K)->0K(33280K) From: 43168K(131072K)->72864K(123904K)
[13.167s][info][gc,heap        ] GC(152) ParOldGen: 1906196K(2073600K)->1906196K(2073600K)
[13.167s][info][gc,metaspace   ] GC(152) Metaspace: 6298K(6464K)->6298K(6464K) NonClass: 5765K(5824K)->5765K(5824K) Class: 533K(640K)->533K(640K)
[13.167s][info][gc             ] GC(152) Pause Young (Allocation Failure) 1932M->1932M(2178M) 43.240ms
[13.168s][info][gc,cpu         ] GC(152) User=0.23s Sys=0.00s Real=0.04s
[13.209s][info][gc,start       ] GC(153) Pause Young (Allocation Failure)
[13.267s][info][gc,heap        ] GC(153) PSYoungGen: 106144K(157184K)->92864K(161280K) Eden: 33280K(33280K)->0K(33280K) From: 72864K(123904K)->92864K(128000K)
[13.267s][info][gc,heap        ] GC(153) ParOldGen: 1906196K(2073600K)->1919636K(2073600K)
[13.267s][info][gc,metaspace   ] GC(153) Metaspace: 6298K(6464K)->6298K(6464K) NonClass: 5765K(5824K)->5765K(5824K) Class: 533K(640K)->533K(640K)
[13.267s][info][gc             ] GC(153) Pause Young (Allocation Failure) 1965M->1965M(2182M) 58.589ms
[13.267s][info][gc,cpu         ] GC(153) User=0.31s Sys=0.02s Real=0.06s
[13.307s][info][gc,start       ] GC(154) Pause Young (Allocation Failure)
[13.376s][info][gc,heap        ] GC(154) PSYoungGen: 126144K(161280K)->96512K(163328K) Eden: 33280K(33280K)->0K(34816K) From: 92864K(128000K)->96512K(128512K)
[13.376s][info][gc,heap        ] GC(154) ParOldGen: 1919636K(2073600K)->1949748K(2073600K)
[13.376s][info][gc,metaspace   ] GC(154) Metaspace: 6298K(6464K)->6298K(6464K) NonClass: 5765K(5824K)->5765K(5824K) Class: 533K(640K)->533K(640K)
[13.376s][info][gc             ] GC(154) Pause Young (Allocation Failure) 1997M->1998M(2184M) 69.597ms
[13.376s][info][gc,cpu         ] GC(154) User=0.47s Sys=0.00s Real=0.07s
[13.413s][info][gc,start       ] GC(155) Pause Young (Allocation Failure)
[13.483s][info][gc,heap        ] GC(155) PSYoungGen: 131328K(163328K)->101600K(165376K) Eden: 34816K(34816K)->0K(34816K) From: 96512K(128512K)->101600K(130560K)
[13.483s][info][gc,heap        ] GC(155) ParOldGen: 1949748K(2073600K)->1979836K(2073600K)
[13.483s][info][gc,metaspace   ] GC(155) Metaspace: 6298K(6464K)->6298K(6464K) NonClass: 5765K(5824K)->5765K(5824K) Class: 533K(640K)->533K(640K)
[13.483s][info][gc             ] GC(155) Pause Young (Allocation Failure) 2032M->2032M(2186M) 70.011ms
[13.483s][info][gc,cpu         ] GC(155) User=0.44s Sys=0.05s Real=0.07s
[13.521s][info][gc,start       ] GC(156) Pause Young (Allocation Failure)
[13.599s][info][gc,heap        ] GC(156) PSYoungGen: 136416K(165376K)->103200K(170496K) Eden: 34816K(34816K)->0K(36864K) From: 101600K(130560K)->103200K(133632K)
[13.599s][info][gc,heap        ] GC(156) ParOldGen: 1979836K(2073600K)->2013596K(2073600K)
[13.599s][info][gc,metaspace   ] GC(156) Metaspace: 6298K(6464K)->6298K(6464K) NonClass: 5765K(5824K)->5765K(5824K) Class: 533K(640K)->533K(640K)
[13.599s][info][gc             ] GC(156) Pause Young (Allocation Failure) 2066M->2067M(2191M) 77.551ms
[13.599s][info][gc,cpu         ] GC(156) User=0.39s Sys=0.02s Real=0.08s
[13.642s][info][gc,start       ] GC(157) Pause Young (Allocation Failure)
[13.746s][info][gc,heap        ] GC(157) PSYoungGen: 140064K(170496K)->71872K(173056K) Eden: 36864K(36864K)->0K(36864K) From: 103200K(133632K)->71872K(136192K)
[13.746s][info][gc,heap        ] GC(157) ParOldGen: 2013596K(2073600K)->2082628K(2082816K)
[13.746s][info][gc,metaspace   ] GC(157) Metaspace: 6298K(6464K)->6298K(6464K) NonClass: 5765K(5824K)->5765K(5824K) Class: 533K(640K)->533K(640K)
[13.746s][info][gc             ] GC(157) Pause Young (Allocation Failure) 2103M->2104M(2203M) 104.000ms
[13.746s][info][gc,cpu         ] GC(157) User=0.34s Sys=0.06s Real=0.11s
[13.746s][info][gc,start       ] GC(158) Pause Full (Ergonomics)
[13.746s][info][gc,phases,start] GC(158) Marking Phase
[14.246s][info][gc,phases      ] GC(158) Marking Phase 499.375ms
[14.246s][info][gc,phases,start] GC(158) Summary Phase
[14.246s][info][gc,phases      ] GC(158) Summary Phase 0.060ms
[14.246s][info][gc,phases,start] GC(158) Adjust Roots
[14.246s][info][gc,phases      ] GC(158) Adjust Roots 0.303ms
[14.246s][info][gc,phases,start] GC(158) Compaction Phase
[14.458s][info][gc,phases      ] GC(158) Compaction Phase 211.888ms
[14.458s][info][gc,phases,start] GC(158) Post Compact
[14.462s][info][gc,phases      ] GC(158) Post Compact 4.113ms
[14.463s][info][gc,heap        ] GC(158) PSYoungGen: 71872K(173056K)->68550K(173056K) Eden: 0K(36864K)->0K(36864K) From: 71872K(136192K)->68550K(136192K)
[14.463s][info][gc,heap        ] GC(158) ParOldGen: 2082628K(2082816K)->2082732K(2299392K)
[14.463s][info][gc,metaspace   ] GC(158) Metaspace: 6298K(6464K)->6298K(6464K) NonClass: 5765K(5824K)->5765K(5824K) Class: 533K(640K)->533K(640K)
[14.463s][info][gc             ] GC(158) Pause Full (Ergonomics) 2104M->2100M(2414M) 716.998ms
[14.463s][info][gc,cpu         ] GC(158) User=4.92s Sys=0.00s Real=0.72s
[14.508s][info][gc,start       ] GC(159) Pause Young (Allocation Failure)
[14.654s][info][gc,heap        ] GC(159) PSYoungGen: 105414K(173056K)->36992K(172032K) Eden: 36864K(36864K)->0K(38912K) From: 68550K(136192K)->36992K(133120K)
[14.654s][info][gc,heap        ] GC(159) ParOldGen: 2082732K(2299392K)->2152204K(2299392K)
[14.654s][info][gc,metaspace   ] GC(159) Metaspace: 6298K(6464K)->6298K(6464K) NonClass: 5765K(5824K)->5765K(5824K) Class: 533K(640K)->533K(640K)
[14.654s][info][gc             ] GC(159) Pause Young (Allocation Failure) 2136M->2137M(2413M) 145.787ms
[14.654s][info][gc,cpu         ] GC(159) User=0.91s Sys=0.11s Real=0.15s
[14.703s][info][gc,start       ] GC(160) Pause Young (Allocation Failure)
[14.749s][info][gc,heap        ] GC(160) PSYoungGen: 75904K(172032K)->39072K(175104K) Eden: 38912K(38912K)->0K(38912K) From: 36992K(133120K)->39072K(136192K)
[14.749s][info][gc,heap        ] GC(160) ParOldGen: 2152204K(2299392K)->2189564K(2299392K)
[14.749s][info][gc,metaspace   ] GC(160) Metaspace: 6298K(6464K)->6298K(6464K) NonClass: 5765K(5824K)->5765K(5824K) Class: 533K(640K)->533K(640K)
[14.749s][info][gc             ] GC(160) Pause Young (Allocation Failure) 2175M->2176M(2416M) 45.542ms
[14.749s][info][gc,cpu         ] GC(160) User=0.25s Sys=0.02s Real=0.05s
[14.797s][info][gc,start       ] GC(161) Pause Young (Allocation Failure)
[14.845s][info][gc,heap        ] GC(161) PSYoungGen: 77984K(175104K)->39104K(179200K) Eden: 38912K(38912K)->0K(43008K) From: 39072K(136192K)->39104K(136192K)
[14.845s][info][gc,heap        ] GC(161) ParOldGen: 2189564K(2299392K)->2229020K(2299392K)
[14.845s][info][gc,metaspace   ] GC(161) Metaspace: 6298K(6464K)->6298K(6464K) NonClass: 5765K(5824K)->5765K(5824K) Class: 533K(640K)->533K(640K)
[14.845s][info][gc             ] GC(161) Pause Young (Allocation Failure) 2214M->2214M(2420M) 47.435ms
[14.845s][info][gc,cpu         ] GC(161) User=0.27s Sys=0.02s Real=0.05s
[14.845s][info][gc,start       ] GC(162) Pause Full (Ergonomics)
[14.845s][info][gc,phases,start] GC(162) Marking Phase
[15.370s][info][gc,phases      ] GC(162) Marking Phase 524.719ms
[15.370s][info][gc,phases,start] GC(162) Summary Phase
[15.370s][info][gc,phases      ] GC(162) Summary Phase 0.056ms
[15.370s][info][gc,phases,start] GC(162) Adjust Roots
[15.370s][info][gc,phases      ] GC(162) Adjust Roots 0.168ms
[15.370s][info][gc,phases,start] GC(162) Compaction Phase
[15.572s][info][gc,phases      ] GC(162) Compaction Phase 202.245ms
[15.572s][info][gc,phases,start] GC(162) Post Compact
[15.577s][info][gc,phases      ] GC(162) Post Compact 4.484ms
[15.578s][info][gc,heap        ] GC(162) PSYoungGen: 39104K(179200K)->0K(179712K) Eden: 0K(43008K)->0K(43008K) From: 39104K(136192K)->0K(136704K)
[15.578s][info][gc,heap        ] GC(162) ParOldGen: 2229020K(2299392K)->2265869K(2506752K)
[15.578s][info][gc,metaspace   ] GC(162) Metaspace: 6298K(6464K)->6298K(6464K) NonClass: 5765K(5824K)->5765K(5824K) Class: 533K(640K)->533K(640K)
[15.578s][info][gc             ] GC(162) Pause Full (Ergonomics) 2214M->2212M(2623M) 733.012ms
[15.578s][info][gc,cpu         ] GC(162) User=5.34s Sys=0.00s Real=0.73s
[15.631s][info][gc,start       ] GC(163) Pause Young (Allocation Failure)
[15.661s][info][gc,heap        ] GC(163) PSYoungGen: 43008K(179712K)->43168K(178176K) Eden: 43008K(43008K)->0K(46592K) From: 0K(136704K)->43168K(131584K)
[15.661s][info][gc,heap        ] GC(163) ParOldGen: 2265869K(2506752K)->2265869K(2506752K)
[15.661s][info][gc,metaspace   ] GC(163) Metaspace: 6298K(6464K)->6298K(6464K) NonClass: 5765K(5824K)->5765K(5824K) Class: 533K(640K)->533K(640K)
[15.661s][info][gc             ] GC(163) Pause Young (Allocation Failure) 2254M->2254M(2622M) 29.667ms
[15.661s][info][gc,cpu         ] GC(163) User=0.12s Sys=0.00s Real=0.03s
[15.716s][info][gc,start       ] GC(164) Pause Young (Allocation Failure)
[15.763s][info][gc,heap        ] GC(164) PSYoungGen: 89760K(178176K)->89824K(181248K) Eden: 46592K(46592K)->0K(46592K) From: 43168K(131584K)->89824K(134656K)
[15.763s][info][gc,heap        ] GC(164) ParOldGen: 2265869K(2506752K)->2265869K(2506752K)
[15.763s][info][gc,metaspace   ] GC(164) Metaspace: 6298K(6464K)->6298K(6464K) NonClass: 5765K(5824K)->5765K(5824K) Class: 533K(640K)->533K(640K)
[15.763s][info][gc             ] GC(164) Pause Young (Allocation Failure) 2300M->2300M(2625M) 46.694ms
[15.763s][info][gc,cpu         ] GC(164) User=0.27s Sys=0.00s Real=0.05s
[15.819s][info][gc,start       ] GC(165) Pause Young (Allocation Failure)
[15.887s][info][gc,heap        ] GC(165) PSYoungGen: 136416K(181248K)->136192K(169472K) Eden: 46592K(46592K)->0K(33280K) From: 89824K(134656K)->136192K(136192K)
[15.887s][info][gc,heap        ] GC(165) ParOldGen: 2265869K(2506752K)->2266189K(2506752K)
[15.887s][info][gc,metaspace   ] GC(165) Metaspace: 6298K(6464K)->6298K(6464K) NonClass: 5765K(5824K)->5765K(5824K) Class: 533K(640K)->533K(640K)
[15.887s][info][gc             ] GC(165) Pause Young (Allocation Failure) 2345M->2346M(2613M) 67.990ms
[15.887s][info][gc,cpu         ] GC(165) User=0.36s Sys=0.03s Real=0.07s
[15.928s][info][gc,start       ] GC(166) Pause Young (Allocation Failure)
[16.024s][info][gc,heap        ] GC(166) PSYoungGen: 169472K(169472K)->80000K(113664K) Eden: 33280K(33280K)->0K(33280K) From: 136192K(136192K)->80000K(80384K)
[16.024s][info][gc,heap        ] GC(166) ParOldGen: 2266189K(2506752K)->2356357K(2506752K)
[16.024s][info][gc,metaspace   ] GC(166) Metaspace: 6298K(6464K)->6298K(6464K) NonClass: 5765K(5824K)->5765K(5824K) Class: 533K(640K)->533K(640K)
[16.024s][info][gc             ] GC(166) Pause Young (Allocation Failure) 2378M->2379M(2559M) 96.153ms
[16.024s][info][gc,cpu         ] GC(166) User=0.42s Sys=0.06s Real=0.10s
[16.062s][info][gc,start       ] GC(167) Pause Young (Allocation Failure)
[16.126s][info][gc,heap        ] GC(167) PSYoungGen: 113280K(113664K)->66752K(174080K) Eden: 33280K(33280K)->0K(36864K) From: 80000K(80384K)->66752K(137216K)
[16.126s][info][gc,heap        ] GC(167) ParOldGen: 2356357K(2506752K)->2403253K(2506752K)
[16.126s][info][gc,metaspace   ] GC(167) Metaspace: 6298K(6464K)->6298K(6464K) NonClass: 5765K(5824K)->5765K(5824K) Class: 533K(640K)->533K(640K)
[16.126s][info][gc             ] GC(167) Pause Young (Allocation Failure) 2411M->2412M(2618M) 63.535ms
[16.126s][info][gc,cpu         ] GC(167) User=0.31s Sys=0.03s Real=0.06s
[16.170s][info][gc,start       ] GC(168) Pause Young (Allocation Failure)
[16.225s][info][gc,heap        ] GC(168) PSYoungGen: 103616K(174080K)->70336K(107520K) Eden: 36864K(36864K)->0K(36864K) From: 66752K(137216K)->70336K(70656K)
[16.225s][info][gc,heap        ] GC(168) ParOldGen: 2403253K(2506752K)->2436821K(2506752K)
[16.225s][info][gc,metaspace   ] GC(168) Metaspace: 6298K(6464K)->6298K(6464K) NonClass: 5765K(5824K)->5765K(5824K) Class: 533K(640K)->533K(640K)
[16.225s][info][gc             ] GC(168) Pause Young (Allocation Failure) 2448M->2448M(2553M) 55.794ms
[16.226s][info][gc,cpu         ] GC(168) User=0.38s Sys=0.02s Real=0.06s
[16.226s][info][gc,start       ] GC(169) Pause Full (Ergonomics)
[16.226s][info][gc,phases,start] GC(169) Marking Phase
[16.783s][info][gc,phases      ] GC(169) Marking Phase 557.522ms
[16.783s][info][gc,phases,start] GC(169) Summary Phase
[16.783s][info][gc,phases      ] GC(169) Summary Phase 0.062ms
[16.783s][info][gc,phases,start] GC(169) Adjust Roots
[16.783s][info][gc,phases      ] GC(169) Adjust Roots 0.164ms
[16.783s][info][gc,phases,start] GC(169) Compaction Phase
[16.992s][info][gc,phases      ] GC(169) Compaction Phase 208.791ms
[16.992s][info][gc,phases,start] GC(169) Post Compact
[16.997s][info][gc,phases      ] GC(169) Post Compact 4.375ms
[16.998s][info][gc,heap        ] GC(169) PSYoungGen: 70336K(107520K)->0K(178176K) Eden: 0K(36864K)->0K(41472K) From: 70336K(70656K)->0K(136704K)
[16.998s][info][gc,heap        ] GC(169) ParOldGen: 2436821K(2506752K)->2505298K(2775040K)
[16.998s][info][gc,metaspace   ] GC(169) Metaspace: 6298K(6464K)->6298K(6464K) NonClass: 5765K(5824K)->5765K(5824K) Class: 533K(640K)->533K(640K)
[16.998s][info][gc             ] GC(169) Pause Full (Ergonomics) 2448M->2446M(2884M) 772.090ms
[16.998s][info][gc,cpu         ] GC(169) User=5.88s Sys=0.00s Real=0.77s
[17.054s][info][gc,start       ] GC(170) Pause Young (Allocation Failure)
[17.085s][info][gc,heap        ] GC(170) PSYoungGen: 41472K(178176K)->41696K(178176K) Eden: 41472K(41472K)->0K(41472K) From: 0K(136704K)->41696K(136704K)
[17.085s][info][gc,heap        ] GC(170) ParOldGen: 2505298K(2775040K)->2505298K(2775040K)
[17.085s][info][gc,metaspace   ] GC(170) Metaspace: 6298K(6464K)->6298K(6464K) NonClass: 5765K(5824K)->5765K(5824K) Class: 533K(640K)->533K(640K)
[17.085s][info][gc             ] GC(170) Pause Young (Allocation Failure) 2487M->2487M(2884M) 31.253ms
[17.085s][info][gc,cpu         ] GC(170) User=0.05s Sys=0.00s Real=0.03s
[17.134s][info][gc,start       ] GC(171) Pause Young (Allocation Failure)
[17.179s][info][gc,heap        ] GC(171) PSYoungGen: 83168K(178176K)->83200K(177664K) Eden: 41472K(41472K)->0K(45568K) From: 41696K(136704K)->83200K(132096K)
[17.179s][info][gc,heap        ] GC(171) ParOldGen: 2505298K(2775040K)->2505298K(2775040K)
[17.179s][info][gc,metaspace   ] GC(171) Metaspace: 6298K(6464K)->6298K(6464K) NonClass: 5765K(5824K)->5765K(5824K) Class: 533K(640K)->533K(640K)
[17.179s][info][gc             ] GC(171) Pause Young (Allocation Failure) 2527M->2527M(2883M) 44.779ms
[17.179s][info][gc,cpu         ] GC(171) User=0.27s Sys=0.00s Real=0.05s
[17.238s][info][gc,start       ] GC(172) Pause Young (Allocation Failure)
[17.303s][info][gc,heap        ] GC(172) PSYoungGen: 128768K(177664K)->128768K(179712K) Eden: 45568K(45568K)->0K(45568K) From: 83200K(132096K)->128768K(134144K)
[17.303s][info][gc,heap        ] GC(172) ParOldGen: 2505298K(2775040K)->2505298K(2775040K)
[17.303s][info][gc,metaspace   ] GC(172) Metaspace: 6298K(6464K)->6298K(6464K) NonClass: 5765K(5824K)->5765K(5824K) Class: 533K(640K)->533K(640K)
[17.303s][info][gc             ] GC(172) Pause Young (Allocation Failure) 2572M->2572M(2885M) 64.340ms
[17.303s][info][gc,cpu         ] GC(172) User=0.50s Sys=0.00s Real=0.06s
[17.359s][info][gc,start       ] GC(173) Pause Young (Allocation Failure)
[17.451s][info][gc,heap        ] GC(173) PSYoungGen: 174336K(179712K)->148480K(169984K) Eden: 45568K(45568K)->0K(21504K) From: 128768K(134144K)->148480K(148480K)
[17.451s][info][gc,heap        ] GC(173) ParOldGen: 2505298K(2775040K)->2531346K(2775040K)
[17.451s][info][gc,metaspace   ] GC(173) Metaspace: 6298K(6464K)->6298K(6464K) NonClass: 5765K(5824K)->5765K(5824K) Class: 533K(640K)->533K(640K)
[17.451s][info][gc             ] GC(173) Pause Young (Allocation Failure) 2616M->2617M(2876M) 91.677ms
[17.451s][info][gc,cpu         ] GC(173) User=0.59s Sys=0.05s Real=0.09s
[17.479s][info][gc,start       ] GC(174) Pause Young (Allocation Failure)
[17.561s][info][gc,heap        ] GC(174) PSYoungGen: 169984K(169984K)->135936K(198656K) Eden: 21504K(21504K)->0K(21504K) From: 148480K(148480K)->135936K(177152K)
[17.561s][info][gc,heap        ] GC(174) ParOldGen: 2531346K(2775040K)->2565802K(2775040K)
[17.561s][info][gc,metaspace   ] GC(174) Metaspace: 6298K(6464K)->6298K(6464K) NonClass: 5765K(5824K)->5765K(5824K) Class: 533K(640K)->533K(640K)
[17.561s][info][gc             ] GC(174) Pause Young (Allocation Failure) 2638M->2638M(2904M) 82.483ms
[17.561s][info][gc,cpu         ] GC(174) User=0.53s Sys=0.00s Real=0.08s
[17.585s][info][gc,start       ] GC(175) Pause Young (Allocation Failure)
[17.663s][info][gc,heap        ] GC(175) PSYoungGen: 157440K(198656K)->121952K(208896K) Eden: 21504K(21504K)->0K(23040K) From: 135936K(177152K)->121952K(185856K)
[17.663s][info][gc,heap        ] GC(175) ParOldGen: 2565802K(2775040K)->2601586K(2775040K)
[17.663s][info][gc,metaspace   ] GC(175) Metaspace: 6298K(6464K)->6298K(6464K) NonClass: 5765K(5824K)->5765K(5824K) Class: 533K(640K)->533K(640K)
[17.663s][info][gc             ] GC(175) Pause Young (Allocation Failure) 2659M->2659M(2914M) 77.610ms
[17.663s][info][gc,cpu         ] GC(175) User=0.42s Sys=0.08s Real=0.08s
[17.691s][info][gc,start       ] GC(176) Pause Young (Allocation Failure)
[17.767s][info][gc,heap        ] GC(176) PSYoungGen: 144992K(208896K)->66272K(89600K) Eden: 23040K(23040K)->0K(23040K) From: 121952K(185856K)->66272K(66560K)
[17.767s][info][gc,heap        ] GC(176) ParOldGen: 2601586K(2775040K)->2680978K(2775040K)
[17.767s][info][gc,metaspace   ] GC(176) Metaspace: 6298K(6464K)->6298K(6464K) NonClass: 5765K(5824K)->5765K(5824K) Class: 533K(640K)->533K(640K)
[17.767s][info][gc             ] GC(176) Pause Young (Allocation Failure) 2682M->2682M(2797M) 75.792ms
[17.767s][info][gc,cpu         ] GC(176) User=0.59s Sys=0.03s Real=0.08s
[17.795s][info][gc,start       ] GC(177) Pause Young (Allocation Failure)
[17.844s][info][gc,heap        ] GC(177) PSYoungGen: 89312K(89600K)->46240K(207360K) Eden: 23040K(23040K)->0K(26112K) From: 66272K(66560K)->46240K(181248K)
[17.844s][info][gc,heap        ] GC(177) ParOldGen: 2680978K(2775040K)->2724346K(2775040K)
[17.844s][info][gc,metaspace   ] GC(177) Metaspace: 6298K(6464K)->6298K(6464K) NonClass: 5765K(5824K)->5765K(5824K) Class: 533K(640K)->533K(640K)
[17.844s][info][gc             ] GC(177) Pause Young (Allocation Failure) 2705M->2705M(2912M) 49.150ms
[17.844s][info][gc,cpu         ] GC(177) User=0.28s Sys=0.00s Real=0.05s
[17.845s][info][gc,start       ] GC(178) Pause Full (Ergonomics)
[17.845s][info][gc,phases,start] GC(178) Marking Phase
[18.473s][info][gc,phases      ] GC(178) Marking Phase 628.487ms
[18.473s][info][gc,phases,start] GC(178) Summary Phase
[18.473s][info][gc,phases      ] GC(178) Summary Phase 0.094ms
[18.473s][info][gc,phases,start] GC(178) Adjust Roots
[18.473s][info][gc,phases      ] GC(178) Adjust Roots 0.257ms
[18.474s][info][gc,phases,start] GC(178) Compaction Phase
[18.736s][info][gc,phases      ] GC(178) Compaction Phase 262.134ms
[18.736s][info][gc,phases,start] GC(178) Post Compact
[18.742s][info][gc,phases      ] GC(178) Post Compact 5.951ms
[18.743s][info][gc,heap        ] GC(178) PSYoungGen: 46240K(207360K)->0K(208384K) Eden: 0K(26112K)->0K(26112K) From: 46240K(181248K)->0K(182272K)
[18.743s][info][gc,heap        ] GC(178) ParOldGen: 2724346K(2775040K)->2768213K(3059200K)
[18.743s][info][gc,metaspace   ] GC(178) Metaspace: 6298K(6464K)->6298K(6464K) NonClass: 5765K(5824K)->5765K(5824K) Class: 533K(640K)->533K(640K)
[18.743s][info][gc             ] GC(178) Pause Full (Ergonomics) 2705M->2703M(3191M) 898.477ms
[18.743s][info][gc,cpu         ] GC(178) User=6.67s Sys=0.03s Real=0.90s
[18.772s][info][gc,start       ] GC(179) Pause Young (Allocation Failure)
[18.798s][info][gc,heap        ] GC(179) PSYoungGen: 26112K(208384K)->26272K(210944K) Eden: 26112K(26112K)->0K(28672K) From: 0K(182272K)->26272K(182272K)
[18.798s][info][gc,heap        ] GC(179) ParOldGen: 2768213K(3059200K)->2768213K(3059200K)
[18.798s][info][gc,metaspace   ] GC(179) Metaspace: 6298K(6464K)->6298K(6464K) NonClass: 5765K(5824K)->5765K(5824K) Class: 533K(640K)->533K(640K)
[18.798s][info][gc             ] GC(179) Pause Young (Allocation Failure) 2728M->2728M(3193M) 26.271ms
[18.798s][info][gc,cpu         ] GC(179) User=0.02s Sys=0.00s Real=0.03s
[18.833s][info][gc,start       ] GC(180) Pause Young (Allocation Failure)
[18.866s][info][gc,heap        ] GC(180) PSYoungGen: 54944K(210944K)->55008K(83968K) Eden: 28672K(28672K)->0K(28672K) From: 26272K(182272K)->55008K(55296K)
[18.866s][info][gc,heap        ] GC(180) ParOldGen: 2768213K(3059200K)->2768213K(3059200K)
[18.866s][info][gc,metaspace   ] GC(180) Metaspace: 6298K(6464K)->6298K(6464K) NonClass: 5765K(5824K)->5765K(5824K) Class: 533K(640K)->533K(640K)
[18.866s][info][gc             ] GC(180) Pause Young (Allocation Failure) 2756M->2757M(3069M) 33.371ms
[18.866s][info][gc,cpu         ] GC(180) User=0.16s Sys=0.00s Real=0.03s
[19.439s][info][gc,start       ] GC(181) Pause Young (Allocation Failure)
[19.549s][info][gc,heap        ] GC(181) PSYoungGen: 83680K(83968K)->83648K(193024K) Eden: 28672K(28672K)->0K(31744K) From: 55008K(55296K)->83648K(161280K)
[19.549s][info][gc,heap        ] GC(181) ParOldGen: 2899285K(3059200K)->2899285K(3059200K)
[19.549s][info][gc,metaspace   ] GC(181) Metaspace: 6298K(6464K)->6298K(6464K) NonClass: 5765K(5824K)->5765K(5824K) Class: 533K(640K)->533K(640K)
[19.549s][info][gc             ] GC(181) Pause Young (Allocation Failure) 2913M->2913M(3176M) 109.474ms
[19.549s][info][gc,cpu         ] GC(181) User=0.50s Sys=0.00s Real=0.11s
[19.586s][info][gc,start       ] GC(182) Pause Young (Allocation Failure)
[19.650s][info][gc,heap        ] GC(182) PSYoungGen: 115392K(193024K)->115456K(201216K) Eden: 31744K(31744K)->0K(31744K) From: 83648K(161280K)->115456K(169472K)
[19.651s][info][gc,heap        ] GC(182) ParOldGen: 2899285K(3059200K)->2899285K(3059200K)
[19.651s][info][gc,metaspace   ] GC(182) Metaspace: 6298K(6464K)->6298K(6464K) NonClass: 5765K(5824K)->5765K(5824K) Class: 533K(640K)->533K(640K)
[19.651s][info][gc             ] GC(182) Pause Young (Allocation Failure) 2944M->2944M(3184M) 65.057ms
[19.651s][info][gc,cpu         ] GC(182) User=0.22s Sys=0.00s Real=0.06s
[19.683s][info][gc,start       ] GC(183) Pause Young (Allocation Failure)
[19.757s][info][gc,heap        ] GC(183) PSYoungGen: 147200K(201216K)->147264K(194560K) Eden: 31744K(31744K)->0K(20480K) From: 115456K(169472K)->147264K(174080K)
[19.757s][info][gc,heap        ] GC(183) ParOldGen: 2899285K(3059200K)->2899285K(3059200K)
[19.757s][info][gc,metaspace   ] GC(183) Metaspace: 6298K(6464K)->6298K(6464K) NonClass: 5765K(5824K)->5765K(5824K) Class: 533K(640K)->533K(640K)
[19.757s][info][gc             ] GC(183) Pause Young (Allocation Failure) 2975M->2975M(3177M) 73.588ms
[19.757s][info][gc,cpu         ] GC(183) User=0.31s Sys=0.00s Real=0.07s
[19.780s][info][gc,start       ] GC(184) Pause Young (Allocation Failure)
[19.859s][info][gc,heap        ] GC(184) PSYoungGen: 167744K(194560K)->141600K(208896K) Eden: 20480K(20480K)->0K(20480K) From: 147264K(174080K)->141600K(188416K)
[19.859s][info][gc,heap        ] GC(184) ParOldGen: 2899285K(3059200K)->2925629K(3059200K)
[19.859s][info][gc,metaspace   ] GC(184) Metaspace: 6298K(6464K)->6298K(6464K) NonClass: 5765K(5824K)->5765K(5824K) Class: 533K(640K)->533K(640K)
[19.859s][info][gc             ] GC(184) Pause Young (Allocation Failure) 2995M->2995M(3191M) 79.942ms
[19.860s][info][gc,cpu         ] GC(184) User=0.30s Sys=0.00s Real=0.08s
[19.878s][info][gc,start       ] GC(185) Pause Young (Allocation Failure)
[19.957s][info][gc,heap        ] GC(185) PSYoungGen: 162080K(208896K)->133344K(216576K) Eden: 20480K(20480K)->0K(18944K) From: 141600K(188416K)->133344K(197632K)
[19.957s][info][gc,heap        ] GC(185) ParOldGen: 2925629K(3059200K)->2954573K(3059200K)
[19.957s][info][gc,metaspace   ] GC(185) Metaspace: 6298K(6464K)->6298K(6464K) NonClass: 5765K(5824K)->5765K(5824K) Class: 533K(640K)->533K(640K)
[19.957s][info][gc             ] GC(185) Pause Young (Allocation Failure) 3015M->3015M(3199M) 78.836ms
[19.957s][info][gc,cpu         ] GC(185) User=0.28s Sys=0.02s Real=0.08s
[19.975s][info][gc,start       ] GC(186) Pause Young (Allocation Failure)
[20.052s][info][gc,heap        ] GC(186) PSYoungGen: 152288K(216576K)->91808K(111104K) Eden: 18944K(18944K)->0K(18944K) From: 133344K(197632K)->91808K(92160K)
[20.052s][info][gc,heap        ] GC(186) ParOldGen: 2954573K(3059200K)->3015501K(3059200K)
[20.052s][info][gc,metaspace   ] GC(186) Metaspace: 6298K(6464K)->6298K(6464K) NonClass: 5765K(5824K)->5765K(5824K) Class: 533K(640K)->533K(640K)
[20.052s][info][gc             ] GC(186) Pause Young (Allocation Failure) 3034M->3034M(3096M) 76.964ms
[20.052s][info][gc,cpu         ] GC(186) User=0.25s Sys=0.05s Real=0.08s
[20.052s][info][gc,start       ] GC(187) Pause Full (Ergonomics)
[20.052s][info][gc,phases,start] GC(187) Marking Phase
[20.738s][info][gc,phases      ] GC(187) Marking Phase 686.216ms
[20.738s][info][gc,phases,start] GC(187) Summary Phase
[20.738s][info][gc,phases      ] GC(187) Summary Phase 0.059ms
[20.738s][info][gc,phases,start] GC(187) Adjust Roots
[20.739s][info][gc,phases      ] GC(187) Adjust Roots 0.165ms
[20.739s][info][gc,phases,start] GC(187) Compaction Phase
[21.216s][info][gc,phases      ] GC(187) Compaction Phase 477.578ms
[21.216s][info][gc,phases,start] GC(187) Post Compact
[21.223s][info][gc,phases      ] GC(187) Post Compact 6.421ms
[21.224s][info][gc,heap        ] GC(187) PSYoungGen: 91808K(111104K)->0K(214528K) Eden: 0K(18944K)->0K(22016K) From: 91808K(92160K)->0K(192512K)
[21.224s][info][gc,heap        ] GC(187) ParOldGen: 3015501K(3059200K)->3040339K(3346944K)
[21.224s][info][gc,metaspace   ] GC(187) Metaspace: 6298K(6464K)->6298K(6464K) NonClass: 5765K(5824K)->5765K(5824K) Class: 533K(640K)->533K(640K)
[21.224s][info][gc             ] GC(187) Pause Full (Ergonomics) 3034M->2969M(3478M) 1171.781ms
[21.224s][info][gc,cpu         ] GC(187) User=8.09s Sys=0.05s Real=1.17s
[21.249s][info][gc,start       ] GC(188) Pause Young (Allocation Failure)
[21.282s][info][gc,heap        ] GC(188) PSYoungGen: 22016K(214528K)->22176K(214528K) Eden: 22016K(22016K)->0K(22016K) From: 0K(192512K)->22176K(192512K)
[21.282s][info][gc,heap        ] GC(188) ParOldGen: 3040339K(3346944K)->3040339K(3346944K)
[21.282s][info][gc,metaspace   ] GC(188) Metaspace: 6298K(6464K)->6298K(6464K) NonClass: 5765K(5824K)->5765K(5824K) Class: 533K(640K)->533K(640K)
[21.283s][info][gc             ] GC(188) Pause Young (Allocation Failure) 2990M->2990M(3478M) 33.162ms
[21.283s][info][gc,cpu         ] GC(188) User=0.05s Sys=0.00s Real=0.03s
[21.303s][info][gc,start       ] GC(189) Pause Young (Allocation Failure)
[21.348s][info][gc,heap        ] GC(189) PSYoungGen: 44192K(214528K)->44224K(216576K) Eden: 22016K(22016K)->0K(25088K) From: 22176K(192512K)->44224K(191488K)
[21.348s][info][gc,heap        ] GC(189) ParOldGen: 3040339K(3346944K)->3040339K(3346944K)
[21.348s][info][gc,metaspace   ] GC(189) Metaspace: 6298K(6464K)->6298K(6464K) NonClass: 5765K(5824K)->5765K(5824K) Class: 533K(640K)->533K(640K)
[21.348s][info][gc             ] GC(189) Pause Young (Allocation Failure) 3012M->3012M(3480M) 45.162ms
[21.348s][info][gc,cpu         ] GC(189) User=0.03s Sys=0.00s Real=0.05s
[21.373s][info][gc,start       ] GC(190) Pause Young (Allocation Failure)
[21.423s][info][gc,heap        ] GC(190) PSYoungGen: 69312K(216576K)->69280K(94720K) Eden: 25088K(25088K)->0K(25088K) From: 44224K(191488K)->69280K(69632K)
[21.423s][info][gc,heap        ] GC(190) ParOldGen: 3040339K(3346944K)->3040339K(3346944K)
[21.423s][info][gc,metaspace   ] GC(190) Metaspace: 6298K(6464K)->6298K(6464K) NonClass: 5765K(5824K)->5765K(5824K) Class: 533K(640K)->533K(640K)
[21.423s][info][gc             ] GC(190) Pause Young (Allocation Failure) 3036M->3036M(3361M) 50.110ms
[21.423s][info][gc,cpu         ] GC(190) User=0.17s Sys=0.00s Real=0.05s
[21.447s][info][gc,start       ] GC(191) Pause Young (Allocation Failure)
[21.505s][info][gc,heap        ] GC(191) PSYoungGen: 94368K(94720K)->50336K(206336K) Eden: 25088K(25088K)->0K(28672K) From: 69280K(69632K)->50336K(177664K)
[21.505s][info][gc,heap        ] GC(191) ParOldGen: 3040339K(3346944K)->3084763K(3346944K)
[21.505s][info][gc,metaspace   ] GC(191) Metaspace: 6298K(6464K)->6298K(6464K) NonClass: 5765K(5824K)->5765K(5824K) Class: 533K(640K)->533K(640K)
[21.505s][info][gc             ] GC(191) Pause Young (Allocation Failure) 3061M->3061M(3470M) 58.401ms
[21.505s][info][gc,cpu         ] GC(191) User=0.16s Sys=0.00s Real=0.06s
[21.533s][info][gc,start       ] GC(192) Pause Young (Allocation Failure)
[21.587s][info][gc,heap        ] GC(192) PSYoungGen: 79008K(206336K)->28832K(209920K) Eden: 28672K(28672K)->0K(28672K) From: 50336K(177664K)->28832K(181248K)
[21.587s][info][gc,heap        ] GC(192) ParOldGen: 3084763K(3346944K)->3135387K(3346944K)
[21.587s][info][gc,metaspace   ] GC(192) Metaspace: 6298K(6464K)->6298K(6464K) NonClass: 5765K(5824K)->5765K(5824K) Class: 533K(640K)->533K(640K)
[21.587s][info][gc             ] GC(192) Pause Young (Allocation Failure) 3089M->3090M(3473M) 53.547ms
[21.587s][info][gc,cpu         ] GC(192) User=0.17s Sys=0.00s Real=0.05s
[21.619s][info][gc,start       ] GC(193) Pause Young (Allocation Failure)
[21.669s][info][gc,heap        ] GC(193) PSYoungGen: 57504K(209920K)->28896K(207872K) Eden: 28672K(28672K)->0K(32768K) From: 28832K(181248K)->28896K(175104K)
[21.669s][info][gc,heap        ] GC(193) ParOldGen: 3135387K(3346944K)->3164331K(3346944K)
[21.669s][info][gc,metaspace   ] GC(193) Metaspace: 6298K(6464K)->6298K(6464K) NonClass: 5765K(5824K)->5765K(5824K) Class: 533K(640K)->533K(640K)
[21.669s][info][gc             ] GC(193) Pause Young (Allocation Failure) 3118M->3118M(3471M) 49.873ms
[21.669s][info][gc,cpu         ] GC(193) User=0.16s Sys=0.00s Real=0.05s
[21.706s][info][gc,start       ] GC(194) Pause Young (Allocation Failure)
[21.754s][info][gc,heap        ] GC(194) PSYoungGen: 61664K(207872K)->32928K(210432K) Eden: 32768K(32768K)->0K(32768K) From: 28896K(175104K)->32928K(177664K)
[21.754s][info][gc,heap        ] GC(194) ParOldGen: 3164331K(3346944K)->3193267K(3346944K)
[21.754s][info][gc,metaspace   ] GC(194) Metaspace: 6298K(6464K)->6298K(6464K) NonClass: 5765K(5824K)->5765K(5824K) Class: 533K(640K)->533K(640K)
[21.754s][info][gc             ] GC(194) Pause Young (Allocation Failure) 3150M->3150M(3474M) 48.488ms
[21.754s][info][gc,cpu         ] GC(194) User=0.16s Sys=0.02s Real=0.05s
[21.789s][info][gc,start       ] GC(195) Pause Young (Allocation Failure)
[21.840s][info][gc,heap        ] GC(195) PSYoungGen: 65696K(210432K)->32960K(200192K) Eden: 32768K(32768K)->0K(36864K) From: 32928K(177664K)->32960K(163328K)
[21.840s][info][gc,heap        ] GC(195) ParOldGen: 3193267K(3346944K)->3226339K(3346944K)
[21.840s][info][gc,metaspace   ] GC(195) Metaspace: 6298K(6464K)->6298K(6464K) NonClass: 5765K(5824K)->5765K(5824K) Class: 533K(640K)->533K(640K)
[21.840s][info][gc             ] GC(195) Pause Young (Allocation Failure) 3182M->3182M(3464M) 50.916ms
[21.840s][info][gc,cpu         ] GC(195) User=0.14s Sys=0.00s Real=0.05s
[21.875s][info][gc,start       ] GC(196) Pause Young (Allocation Failure)
[21.924s][info][gc,heap        ] GC(196) PSYoungGen: 69824K(200192K)->37056K(74240K) Eden: 36864K(36864K)->0K(36864K) From: 32960K(163328K)->37056K(37376K)
[21.924s][info][gc,heap        ] GC(196) ParOldGen: 3226339K(3346944K)->3259411K(3346944K)
[21.924s][info][gc,metaspace   ] GC(196) Metaspace: 6298K(6464K)->6298K(6464K) NonClass: 5765K(5824K)->5765K(5824K) Class: 533K(640K)->533K(640K)
[21.924s][info][gc             ] GC(196) Pause Young (Allocation Failure) 3218M->3219M(3341M) 49.233ms
[21.924s][info][gc,cpu         ] GC(196) User=0.16s Sys=0.00s Real=0.05s
[21.963s][info][gc,start       ] GC(197) Pause Young (Allocation Failure)
[22.019s][info][gc,heap        ] GC(197) PSYoungGen: 73920K(74240K)->37056K(192000K) Eden: 36864K(36864K)->0K(41472K) From: 37056K(37376K)->37056K(150528K)
[22.019s][info][gc,heap        ] GC(197) ParOldGen: 3259411K(3346944K)->3296611K(3346944K)
[22.019s][info][gc,metaspace   ] GC(197) Metaspace: 6298K(6464K)->6298K(6464K) NonClass: 5765K(5824K)->5765K(5824K) Class: 533K(640K)->533K(640K)
[22.019s][info][gc             ] GC(197) Pause Young (Allocation Failure) 3255M->3255M(3456M) 56.378ms
[22.019s][info][gc,cpu         ] GC(197) User=0.20s Sys=0.02s Real=0.06s
[22.019s][info][gc,start       ] GC(198) Pause Full (Ergonomics)
[22.019s][info][gc,phases,start] GC(198) Marking Phase
[22.771s][info][gc,phases      ] GC(198) Marking Phase 751.596ms
[22.771s][info][gc,phases,start] GC(198) Summary Phase
[22.771s][info][gc,phases      ] GC(198) Summary Phase 0.081ms
[22.771s][info][gc,phases,start] GC(198) Adjust Roots
[22.771s][info][gc,phases      ] GC(198) Adjust Roots 0.212ms
[22.771s][info][gc,phases,start] GC(198) Compaction Phase
[23.105s][info][gc,phases      ] GC(198) Compaction Phase 333.507ms
[23.105s][info][gc,phases,start] GC(198) Post Compact
[23.111s][info][gc,phases      ] GC(198) Post Compact 6.264ms
[23.112s][info][gc,heap        ] GC(198) PSYoungGen: 37056K(192000K)->0K(198144K) Eden: 0K(41472K)->0K(41472K) From: 37056K(150528K)->0K(156672K)
[23.113s][info][gc,heap        ] GC(198) ParOldGen: 3296611K(3346944K)->3330845K(3655680K)
[23.113s][info][gc,metaspace   ] GC(198) Metaspace: 6298K(6464K)->6298K(6464K) NonClass: 5765K(5824K)->5765K(5824K) Class: 533K(640K)->533K(640K)
[23.113s][info][gc             ] GC(198) Pause Full (Ergonomics) 3255M->3252M(3763M) 1093.237ms
[23.113s][info][gc,cpu         ] GC(198) User=7.89s Sys=0.02s Real=1.09s
[23.157s][info][gc,start       ] GC(199) Pause Young (Allocation Failure)
[23.202s][info][gc,heap        ] GC(199) PSYoungGen: 41472K(198144K)->41664K(187392K) Eden: 41472K(41472K)->0K(45568K) From: 0K(156672K)->41664K(141824K)
[23.202s][info][gc,heap        ] GC(199) ParOldGen: 3330845K(3655680K)->3330845K(3655680K)
[23.202s][info][gc,metaspace   ] GC(199) Metaspace: 6298K(6464K)->6298K(6464K) NonClass: 5765K(5824K)->5765K(5824K) Class: 533K(640K)->533K(640K)
[23.202s][info][gc             ] GC(199) Pause Young (Allocation Failure) 3293M->3293M(3753M) 45.234ms
[23.202s][info][gc,cpu         ] GC(199) User=0.05s Sys=0.00s Real=0.05s
[23.251s][info][gc,start       ] GC(200) Pause Young (Allocation Failure)
[23.307s][info][gc,heap        ] GC(200) PSYoungGen: 87232K(187392K)->87264K(195584K) Eden: 45568K(45568K)->0K(45568K) From: 41664K(141824K)->87264K(150016K)
[23.307s][info][gc,heap        ] GC(200) ParOldGen: 3330845K(3655680K)->3330845K(3655680K)
[23.307s][info][gc,metaspace   ] GC(200) Metaspace: 6298K(6464K)->6298K(6464K) NonClass: 5765K(5824K)->5765K(5824K) Class: 533K(640K)->533K(640K)
[23.307s][info][gc             ] GC(200) Pause Young (Allocation Failure) 3337M->3337M(3761M) 56.377ms
[23.307s][info][gc,cpu         ] GC(200) User=0.20s Sys=0.00s Real=0.06s
[23.355s][info][gc,start       ] GC(201) Pause Young (Allocation Failure)
[23.427s][info][gc,heap        ] GC(201) PSYoungGen: 132832K(195584K)->132896K(183808K) Eden: 45568K(45568K)->0K(32256K) From: 87264K(150016K)->132896K(151552K)
[23.427s][info][gc,heap        ] GC(201) ParOldGen: 3330845K(3655680K)->3330845K(3655680K)
[23.427s][info][gc,metaspace   ] GC(201) Metaspace: 6298K(6464K)->6298K(6464K) NonClass: 5765K(5824K)->5765K(5824K) Class: 533K(640K)->533K(640K)
[23.427s][info][gc             ] GC(201) Pause Young (Allocation Failure) 3382M->3382M(3749M) 72.019ms
[23.427s][info][gc,cpu         ] GC(201) User=0.28s Sys=0.02s Real=0.07s
[23.458s][info][gc,start       ] GC(202) Pause Young (Allocation Failure)
[23.538s][info][gc,heap        ] GC(202) PSYoungGen: 165152K(183808K)->123680K(201728K) Eden: 32256K(32256K)->0K(32256K) From: 132896K(151552K)->123680K(169472K)
[23.538s][info][gc,heap        ] GC(202) ParOldGen: 3330845K(3655680K)->3372701K(3655680K)
[23.538s][info][gc,metaspace   ] GC(202) Metaspace: 6298K(6464K)->6298K(6464K) NonClass: 5765K(5824K)->5765K(5824K) Class: 533K(640K)->533K(640K)
[23.538s][info][gc             ] GC(202) Pause Young (Allocation Failure) 3414M->3414M(3767M) 80.132ms
[23.538s][info][gc,cpu         ] GC(202) User=0.39s Sys=0.02s Real=0.08s
[23.569s][info][gc,start       ] GC(203) Pause Young (Allocation Failure)
[23.645s][info][gc,heap        ] GC(203) PSYoungGen: 155936K(201728K)->110400K(213504K) Eden: 32256K(32256K)->0K(33280K) From: 123680K(169472K)->110400K(180224K)
[23.645s][info][gc,heap        ] GC(203) ParOldGen: 3372701K(3655680K)->3418685K(3655680K)
[23.645s][info][gc,metaspace   ] GC(203) Metaspace: 6298K(6464K)->6298K(6464K) NonClass: 5765K(5824K)->5765K(5824K) Class: 533K(640K)->533K(640K)
[23.645s][info][gc             ] GC(203) Pause Young (Allocation Failure) 3445M->3446M(3778M) 76.026ms
[23.645s][info][gc,cpu         ] GC(203) User=0.38s Sys=0.03s Real=0.08s
[23.680s][info][gc,start       ] GC(204) Pause Young (Allocation Failure)
[23.753s][info][gc,heap        ] GC(204) PSYoungGen: 143680K(213504K)->65792K(99328K) Eden: 33280K(33280K)->0K(33280K) From: 110400K(180224K)->65792K(66048K)
[23.753s][info][gc,heap        ] GC(204) ParOldGen: 3418685K(3655680K)->3497181K(3655680K)
[23.753s][info][gc,metaspace   ] GC(204) Metaspace: 6298K(6464K)->6298K(6464K) NonClass: 5765K(5824K)->5765K(5824K) Class: 533K(640K)->533K(640K)
[23.753s][info][gc             ] GC(204) Pause Young (Allocation Failure) 3478M->3479M(3667M) 73.072ms
[23.753s][info][gc,cpu         ] GC(204) User=0.44s Sys=0.02s Real=0.07s
[23.788s][info][gc,start       ] GC(205) Pause Young (Allocation Failure)
[23.847s][info][gc,heap        ] GC(205) PSYoungGen: 99072K(99328K)->33440K(207360K) Eden: 33280K(33280K)->0K(37888K) From: 65792K(66048K)->33440K(169472K)
[23.847s][info][gc,heap        ] GC(205) ParOldGen: 3497181K(3655680K)->3563301K(3655680K)
[23.847s][info][gc,metaspace   ] GC(205) Metaspace: 6298K(6464K)->6298K(6464K) NonClass: 5765K(5824K)->5765K(5824K) Class: 533K(640K)->533K(640K)
[23.847s][info][gc             ] GC(205) Pause Young (Allocation Failure) 3511M->3512M(3772M) 59.091ms
[23.847s][info][gc,cpu         ] GC(205) User=0.16s Sys=0.03s Real=0.06s
[23.847s][info][gc,start       ] GC(206) Pause Full (Ergonomics)
[23.848s][info][gc,phases,start] GC(206) Marking Phase
[24.671s][info][gc,phases      ] GC(206) Marking Phase 823.388ms
[24.671s][info][gc,phases,start] GC(206) Summary Phase
[24.671s][info][gc,phases      ] GC(206) Summary Phase 0.108ms
[24.671s][info][gc,phases,start] GC(206) Adjust Roots
[24.671s][info][gc,phases      ] GC(206) Adjust Roots 0.214ms
[24.671s][info][gc,phases,start] GC(206) Compaction Phase
[25.015s][info][gc,phases      ] GC(206) Compaction Phase 344.054ms
[25.015s][info][gc,phases,start] GC(206) Post Compact
[25.022s][info][gc,phases      ] GC(206) Post Compact 6.731ms
[25.023s][info][gc,heap        ] GC(206) PSYoungGen: 33440K(207360K)->0K(209920K) Eden: 0K(37888K)->0K(37888K) From: 33440K(169472K)->0K(172032K)
[25.023s][info][gc,heap        ] GC(206) ParOldGen: 3563301K(3655680K)->3594298K(3972608K)
[25.023s][info][gc,metaspace   ] GC(206) Metaspace: 6298K(6464K)->6298K(6464K) NonClass: 5765K(5824K)->5765K(5824K) Class: 533K(640K)->533K(640K)
[25.023s][info][gc             ] GC(206) Pause Full (Ergonomics) 3512M->3510M(4084M) 1175.956ms
[25.023s][info][gc,cpu         ] GC(206) User=8.41s Sys=0.00s Real=1.18s
[25.066s][info][gc,start       ] GC(207) Pause Young (Allocation Failure)
[25.108s][info][gc,heap        ] GC(207) PSYoungGen: 37888K(209920K)->38048K(203776K) Eden: 37888K(37888K)->0K(41984K) From: 0K(172032K)->38048K(161792K)
[25.108s][info][gc,heap        ] GC(207) ParOldGen: 3594298K(3972608K)->3594298K(3972608K)
[25.108s][info][gc,metaspace   ] GC(207) Metaspace: 6298K(6464K)->6298K(6464K) NonClass: 5765K(5824K)->5765K(5824K) Class: 533K(640K)->533K(640K)
[25.108s][info][gc             ] GC(207) Pause Young (Allocation Failure) 3547M->3547M(4078M) 42.512ms
[25.108s][info][gc,cpu         ] GC(207) User=0.05s Sys=0.00s Real=0.04s
[25.153s][info][gc,start       ] GC(208) Pause Young (Allocation Failure)
[25.209s][info][gc,heap        ] GC(208) PSYoungGen: 80032K(203776K)->80128K(122368K) Eden: 41984K(41984K)->0K(41984K) From: 38048K(161792K)->80128K(80384K)
[25.209s][info][gc,heap        ] GC(208) ParOldGen: 3594298K(3972608K)->3594298K(3972608K)
[25.209s][info][gc,metaspace   ] GC(208) Metaspace: 6298K(6464K)->6298K(6464K) NonClass: 5765K(5824K)->5765K(5824K) Class: 533K(640K)->533K(640K)
[25.209s][info][gc             ] GC(208) Pause Young (Allocation Failure) 3588M->3588M(3999M) 56.451ms
[25.209s][info][gc,cpu         ] GC(208) User=0.22s Sys=0.00s Real=0.06s
[25.250s][info][gc,start       ] GC(209) Pause Young (Allocation Failure)
[25.317s][info][gc,heap        ] GC(209) PSYoungGen: 122112K(122368K)->122176K(198656K) Eden: 41984K(41984K)->0K(36352K) From: 80128K(80384K)->122176K(162304K)
[25.317s][info][gc,heap        ] GC(209) ParOldGen: 3594298K(3972608K)->3594298K(3972608K)
[25.317s][info][gc,metaspace   ] GC(209) Metaspace: 6298K(6464K)->6298K(6464K) NonClass: 5765K(5824K)->5765K(5824K) Class: 533K(640K)->533K(640K)
[25.317s][info][gc             ] GC(209) Pause Young (Allocation Failure) 3629M->3629M(4073M) 67.168ms
[25.317s][info][gc,cpu         ] GC(209) User=0.28s Sys=0.00s Real=0.07s
[25.353s][info][gc,start       ] GC(210) Pause Young (Allocation Failure)
[25.430s][info][gc,heap        ] GC(210) PSYoungGen: 158528K(198656K)->120576K(208896K) Eden: 36352K(36352K)->0K(36352K) From: 122176K(162304K)->120576K(172544K)
[25.430s][info][gc,heap        ] GC(210) ParOldGen: 3594298K(3972608K)->3632530K(3972608K)
[25.430s][info][gc,metaspace   ] GC(210) Metaspace: 6298K(6464K)->6298K(6464K) NonClass: 5765K(5824K)->5765K(5824K) Class: 533K(640K)->533K(640K)
[25.430s][info][gc             ] GC(210) Pause Young (Allocation Failure) 3664M->3665M(4083M) 77.309ms
[25.430s][info][gc,cpu         ] GC(210) User=0.42s Sys=0.00s Real=0.08s
[25.467s][info][gc,start       ] GC(211) Pause Young (Allocation Failure)
[25.545s][info][gc,heap        ] GC(211) PSYoungGen: 156928K(208896K)->114976K(217600K) Eden: 36352K(36352K)->0K(37888K) From: 120576K(172544K)->114976K(179712K)
[25.545s][info][gc,heap        ] GC(211) ParOldGen: 3632530K(3972608K)->3674890K(3972608K)
[25.545s][info][gc,metaspace   ] GC(211) Metaspace: 6298K(6464K)->6298K(6464K) NonClass: 5765K(5824K)->5765K(5824K) Class: 533K(640K)->533K(640K)
[25.545s][info][gc             ] GC(211) Pause Young (Allocation Failure) 3700M->3701M(4092M) 78.139ms
[25.545s][info][gc,cpu         ] GC(211) User=0.41s Sys=0.02s Real=0.08s
[25.586s][info][gc,start       ] GC(212) Pause Young (Allocation Failure)
[25.661s][info][gc,heap        ] GC(212) PSYoungGen: 152864K(217600K)->110848K(220672K) Eden: 37888K(37888K)->0K(37888K) From: 114976K(179712K)->110848K(182784K)
[25.661s][info][gc,heap        ] GC(212) ParOldGen: 3674890K(3972608K)->3717258K(3972608K)
[25.661s][info][gc,metaspace   ] GC(212) Metaspace: 6298K(6464K)->6298K(6464K) NonClass: 5765K(5824K)->5765K(5824K) Class: 533K(640K)->533K(640K)
[25.661s][info][gc             ] GC(212) Pause Young (Allocation Failure) 3738M->3738M(4095M) 74.813ms
[25.661s][info][gc,cpu         ] GC(212) User=0.50s Sys=0.00s Real=0.07s
[25.704s][info][gc,start       ] GC(213) Pause Young (Allocation Failure)
[25.777s][info][gc,heap        ] GC(213) PSYoungGen: 148736K(220672K)->112448K(226304K) Eden: 37888K(37888K)->0K(43008K) From: 110848K(182784K)->112448K(183296K)
[25.777s][info][gc,heap        ] GC(213) ParOldGen: 3717258K(3972608K)->3753946K(3972608K)
[25.777s][info][gc,metaspace   ] GC(213) Metaspace: 6298K(6464K)->6298K(6464K) NonClass: 5765K(5824K)->5765K(5824K) Class: 533K(640K)->533K(640K)
[25.777s][info][gc             ] GC(213) Pause Young (Allocation Failure) 3775M->3775M(4100M) 73.616ms
[25.777s][info][gc,cpu         ] GC(213) User=0.52s Sys=0.00s Real=0.07s
[25.828s][info][gc,start       ] GC(214) Pause Young (Allocation Failure)
[25.905s][info][gc,heap        ] GC(214) PSYoungGen: 155456K(226304K)->119072K(226304K) Eden: 43008K(43008K)->0K(43008K) From: 112448K(183296K)->119072K(183296K)
[25.905s][info][gc,heap        ] GC(214) ParOldGen: 3753946K(3972608K)->3790618K(3972608K)
[25.905s][info][gc,metaspace   ] GC(214) Metaspace: 6298K(6464K)->6298K(6464K) NonClass: 5765K(5824K)->5765K(5824K) Class: 533K(640K)->533K(640K)
[25.905s][info][gc             ] GC(214) Pause Young (Allocation Failure) 3817M->3818M(4100M) 77.335ms
[25.905s][info][gc,cpu         ] GC(214) User=0.48s Sys=0.03s Real=0.08s
[25.950s][info][gc,start       ] GC(215) Pause Young (Allocation Failure)
[26.032s][info][gc,heap        ] GC(215) PSYoungGen: 162080K(226304K)->124192K(230912K) Eden: 43008K(43008K)->0K(45568K) From: 119072K(183296K)->124192K(185344K)
[26.032s][info][gc,heap        ] GC(215) ParOldGen: 3790618K(3972608K)->3828850K(3972608K)
[26.032s][info][gc,metaspace   ] GC(215) Metaspace: 6298K(6464K)->6298K(6464K) NonClass: 5765K(5824K)->5765K(5824K) Class: 533K(640K)->533K(640K)
[26.032s][info][gc             ] GC(215) Pause Young (Allocation Failure) 3860M->3860M(4105M) 82.483ms
[26.032s][info][gc,cpu         ] GC(215) User=0.45s Sys=0.02s Real=0.08s
[26.076s][info][gc,start       ] GC(216) Pause Young (Allocation Failure)
[26.163s][info][gc,heap        ] GC(216) PSYoungGen: 169760K(230912K)->88832K(134656K) Eden: 45568K(45568K)->0K(45568K) From: 124192K(185344K)->88832K(89088K)
[26.163s][info][gc,heap        ] GC(216) ParOldGen: 3828850K(3972608K)->3910442K(3972608K)
[26.163s][info][gc,metaspace   ] GC(216) Metaspace: 6298K(6464K)->6298K(6464K) NonClass: 5765K(5824K)->5765K(5824K) Class: 533K(640K)->533K(640K)
[26.163s][info][gc             ] GC(216) Pause Young (Allocation Failure) 3904M->3905M(4011M) 86.902ms
[26.163s][info][gc,cpu         ] GC(216) User=0.61s Sys=0.02s Real=0.09s
[26.163s][info][gc,start       ] GC(217) Pause Full (Ergonomics)
[26.163s][info][gc,phases,start] GC(217) Marking Phase
[27.074s][info][gc,phases      ] GC(217) Marking Phase 910.578ms
[27.074s][info][gc,phases,start] GC(217) Summary Phase
[27.074s][info][gc,phases      ] GC(217) Summary Phase 0.054ms
[27.074s][info][gc,phases,start] GC(217) Adjust Roots
[27.074s][info][gc,phases      ] GC(217) Adjust Roots 0.165ms
[27.074s][info][gc,phases,start] GC(217) Compaction Phase
[27.958s][info][gc,phases      ] GC(217) Compaction Phase 883.932ms
[27.958s][info][gc,phases,start] GC(217) Post Compact
[27.967s][info][gc,phases      ] GC(217) Post Compact 8.516ms
[27.968s][info][gc,heap        ] GC(217) PSYoungGen: 88832K(134656K)->23631K(134656K) Eden: 0K(45568K)->0K(45568K) From: 88832K(89088K)->23631K(89088K)
[27.968s][info][gc,heap        ] GC(217) ParOldGen: 3910442K(3972608K)->3972285K(4381184K)
[27.968s][info][gc,metaspace   ] GC(217) Metaspace: 6298K(6464K)->6298K(6464K) NonClass: 5765K(5824K)->5765K(5824K) Class: 533K(640K)->533K(640K)
[27.968s][info][gc             ] GC(217) Pause Full (Ergonomics) 3905M->3902M(4410M) 1804.857ms
[27.968s][info][gc,cpu         ] GC(217) User=12.75s Sys=0.05s Real=1.81s
[28.019s][info][gc,start       ] GC(218) Pause Young (Allocation Failure)
[28.226s][info][gc,heap        ] GC(218) PSYoungGen: 69199K(134656K)->45792K(228352K) Eden: 45568K(45568K)->0K(50176K) From: 23631K(89088K)->45792K(178176K)
[28.226s][info][gc,heap        ] GC(218) ParOldGen: 3972285K(4381184K)->3996165K(4381184K)
[28.226s][info][gc,metaspace   ] GC(218) Metaspace: 6298K(6464K)->6298K(6464K) NonClass: 5765K(5824K)->5765K(5824K) Class: 533K(640K)->533K(640K)
[28.226s][info][gc             ] GC(218) Pause Young (Allocation Failure) 3946M->3947M(4501M) 206.993ms
[28.226s][info][gc,cpu         ] GC(218) User=1.53s Sys=0.00s Real=0.21s
[28.285s][info][gc,start       ] GC(219) Pause Young (Allocation Failure)
[28.350s][info][gc,heap        ] GC(219) PSYoungGen: 95968K(228352K)->95968K(146432K) Eden: 50176K(50176K)->0K(50176K) From: 45792K(178176K)->95968K(96256K)
[28.350s][info][gc,heap        ] GC(219) ParOldGen: 3996165K(4381184K)->3996165K(4381184K)
[28.350s][info][gc,metaspace   ] GC(219) Metaspace: 6298K(6464K)->6298K(6464K) NonClass: 5765K(5824K)->5765K(5824K) Class: 533K(640K)->533K(640K)
[28.350s][info][gc             ] GC(219) Pause Young (Allocation Failure) 3996M->3996M(4421M) 65.467ms
[28.350s][info][gc,cpu         ] GC(219) User=0.30s Sys=0.00s Real=0.07s
[28.410s][info][gc,start       ] GC(220) Pause Young (Allocation Failure)
[28.487s][info][gc,heap        ] GC(220) PSYoungGen: 146144K(146432K)->146272K(216576K) Eden: 50176K(50176K)->0K(43520K) From: 95968K(96256K)->146272K(173056K)
[28.488s][info][gc,heap        ] GC(220) ParOldGen: 3996165K(4381184K)->3996165K(4381184K)
[28.488s][info][gc,metaspace   ] GC(220) Metaspace: 6298K(6464K)->6298K(6464K) NonClass: 5765K(5824K)->5765K(5824K) Class: 533K(640K)->533K(640K)
[28.488s][info][gc             ] GC(220) Pause Young (Allocation Failure) 4045M->4045M(4490M) 77.394ms
[28.488s][info][gc,cpu         ] GC(220) User=0.44s Sys=0.00s Real=0.08s
[28.531s][info][gc,start       ] GC(221) Pause Young (Allocation Failure)
[28.624s][info][gc,heap        ] GC(221) PSYoungGen: 189792K(216576K)->185344K(228864K) Eden: 43520K(43520K)->0K(43520K) From: 146272K(173056K)->185344K(185344K)
[28.624s][info][gc,heap        ] GC(221) ParOldGen: 3996165K(4381184K)->4000605K(4381184K)
[28.624s][info][gc,metaspace   ] GC(221) Metaspace: 6298K(6464K)->6298K(6464K) NonClass: 5765K(5824K)->5765K(5824K) Class: 533K(640K)->533K(640K)
[28.624s][info][gc             ] GC(221) Pause Young (Allocation Failure) 4087M->4087M(4502M) 92.961ms
[28.624s][info][gc,cpu         ] GC(221) User=0.64s Sys=0.00s Real=0.09s
[28.668s][info][gc,start       ] GC(222) Pause Young (Allocation Failure)
[28.783s][info][gc,heap        ] GC(222) PSYoungGen: 228864K(228864K)->135072K(259584K) Eden: 43520K(43520K)->0K(48128K) From: 185344K(185344K)->135072K(211456K)
[28.783s][info][gc,heap        ] GC(222) ParOldGen: 4000605K(4381184K)->4095253K(4381184K)
[28.783s][info][gc,metaspace   ] GC(222) Metaspace: 6298K(6464K)->6298K(6464K) NonClass: 5765K(5824K)->5765K(5824K) Class: 533K(640K)->533K(640K)
[28.783s][info][gc             ] GC(222) Pause Young (Allocation Failure) 4130M->4131M(4532M) 115.598ms
[28.783s][info][gc,cpu         ] GC(222) User=0.81s Sys=0.06s Real=0.12s
[28.841s][info][gc,start       ] GC(223) Pause Young (Allocation Failure)
[28.935s][info][gc,heap        ] GC(223) PSYoungGen: 183200K(259584K)->134720K(260096K) Eden: 48128K(48128K)->0K(48128K) From: 135072K(211456K)->134720K(211968K)
[28.935s][info][gc,heap        ] GC(223) ParOldGen: 4095253K(4381184K)->4144213K(4381184K)
[28.935s][info][gc,metaspace   ] GC(223) Metaspace: 6298K(6464K)->6298K(6464K) NonClass: 5765K(5824K)->5765K(5824K) Class: 533K(640K)->533K(640K)
[28.935s][info][gc             ] GC(223) Pause Young (Allocation Failure) 4178M->4178M(4532M) 94.056ms
[28.935s][info][gc,cpu         ] GC(223) User=0.62s Sys=0.02s Real=0.09s
[28.995s][info][gc,start       ] GC(224) Pause Young (Allocation Failure)
[29.088s][info][gc,heap        ] GC(224) PSYoungGen: 182848K(260096K)->140096K(264704K) Eden: 48128K(48128K)->0K(53248K) From: 134720K(211968K)->140096K(211456K)
[29.088s][info][gc,heap        ] GC(224) ParOldGen: 4144213K(4381184K)->4187309K(4381184K)
[29.088s][info][gc,metaspace   ] GC(224) Metaspace: 6298K(6464K)->6298K(6464K) NonClass: 5765K(5824K)->5765K(5824K) Class: 533K(640K)->533K(640K)
[29.088s][info][gc             ] GC(224) Pause Young (Allocation Failure) 4225M->4225M(4537M) 92.532ms
[29.088s][info][gc,cpu         ] GC(224) User=0.61s Sys=0.02s Real=0.09s
[29.149s][info][gc,start       ] GC(225) Pause Young (Allocation Failure)
[29.247s][info][gc,heap        ] GC(225) PSYoungGen: 193344K(264704K)->149824K(265728K) Eden: 53248K(53248K)->0K(53248K) From: 140096K(211456K)->149824K(212480K)
[29.247s][info][gc,heap        ] GC(225) ParOldGen: 4187309K(4381184K)->4231213K(4381184K)
[29.247s][info][gc,metaspace   ] GC(225) Metaspace: 6298K(6464K)->6298K(6464K) NonClass: 5765K(5824K)->5765K(5824K) Class: 533K(640K)->533K(640K)
[29.247s][info][gc             ] GC(225) Pause Young (Allocation Failure) 4277M->4278M(4538M) 97.890ms
[29.247s][info][gc,cpu         ] GC(225) User=0.56s Sys=0.06s Real=0.10s
[29.303s][info][gc,start       ] GC(226) Pause Young (Allocation Failure)
[29.409s][info][gc,heap        ] GC(226) PSYoungGen: 203072K(265728K)->155008K(271872K) Eden: 53248K(53248K)->0K(55808K) From: 149824K(212480K)->155008K(216064K)
[29.409s][info][gc,heap        ] GC(226) ParOldGen: 4231213K(4381184K)->4279765K(4381184K)
[29.409s][info][gc,metaspace   ] GC(226) Metaspace: 6298K(6464K)->6298K(6464K) NonClass: 5765K(5824K)->5765K(5824K) Class: 533K(640K)->533K(640K)
[29.409s][info][gc             ] GC(226) Pause Young (Allocation Failure) 4330M->4330M(4544M) 105.976ms
[29.409s][info][gc,cpu         ] GC(226) User=0.67s Sys=0.08s Real=0.11s
[29.463s][info][gc,start       ] GC(227) Pause Young (Allocation Failure)
[29.576s][info][gc,heap        ] GC(227) PSYoungGen: 210816K(271872K)->162688K(275968K) Eden: 55808K(55808K)->0K(55808K) From: 155008K(216064K)->162688K(220160K)
[29.576s][info][gc,heap        ] GC(227) ParOldGen: 4279765K(4381184K)->4328325K(4381184K)
[29.576s][info][gc,metaspace   ] GC(227) Metaspace: 6298K(6464K)->6298K(6464K) NonClass: 5765K(5824K)->5765K(5824K) Class: 533K(640K)->533K(640K)
[29.576s][info][gc             ] GC(227) Pause Young (Allocation Failure) 4385M->4385M(4548M) 112.663ms
[29.576s][info][gc,cpu         ] GC(227) User=0.72s Sys=0.05s Real=0.11s
[29.576s][info][gc,start       ] GC(228) Pause Full (Ergonomics)
[29.576s][info][gc,phases,start] GC(228) Marking Phase
[30.596s][info][gc,phases      ] GC(228) Marking Phase 1020.430ms
[30.596s][info][gc,phases,start] GC(228) Summary Phase
[30.597s][info][gc,phases      ] GC(228) Summary Phase 0.125ms
[30.597s][info][gc,phases,start] GC(228) Adjust Roots
[30.597s][info][gc,phases      ] GC(228) Adjust Roots 0.324ms
[30.597s][info][gc,phases,start] GC(228) Compaction Phase
[31.027s][info][gc,phases      ] GC(228) Compaction Phase 430.456ms
[31.027s][info][gc,phases,start] GC(228) Post Compact
[31.034s][info][gc,phases      ] GC(228) Post Compact 6.889ms
[31.036s][info][gc,heap        ] GC(228) PSYoungGen: 162688K(275968K)->105992K(275968K) Eden: 0K(55808K)->0K(55808K) From: 162688K(220160K)->105992K(220160K)
[31.036s][info][gc,heap        ] GC(228) ParOldGen: 4328325K(4381184K)->4381133K(4825600K)
[31.036s][info][gc,metaspace   ] GC(228) Metaspace: 6298K(6464K)->6298K(6464K) NonClass: 5765K(5824K)->5765K(5824K) Class: 533K(640K)->533K(640K)
[31.036s][info][gc             ] GC(228) Pause Full (Ergonomics) 4385M->4381M(4982M) 1460.074ms
[31.036s][info][gc,cpu         ] GC(228) User=10.84s Sys=0.08s Real=1.46s
[31.103s][info][gc,start       ] GC(229) Pause Young (Allocation Failure)
[31.401s][info][gc,heap        ] GC(229) PSYoungGen: 161800K(275968K)->96800K(275456K) Eden: 55808K(55808K)->0K(61952K) From: 105992K(220160K)->96800K(213504K)
[31.401s][info][gc,heap        ] GC(229) ParOldGen: 4381133K(4825600K)->4447117K(4825600K)
[31.401s][info][gc,metaspace   ] GC(229) Metaspace: 6298K(6464K)->6298K(6464K) NonClass: 5765K(5824K)->5765K(5824K) Class: 533K(640K)->533K(640K)
[31.401s][info][gc             ] GC(229) Pause Young (Allocation Failure) 4436M->4437M(4981M) 297.319ms
[31.401s][info][gc,cpu         ] GC(229) User=1.98s Sys=0.05s Real=0.30s
[31.476s][info][gc,start       ] GC(230) Pause Young (Allocation Failure)
[31.570s][info][gc,heap        ] GC(230) PSYoungGen: 158752K(275456K)->118080K(180224K) Eden: 61952K(61952K)->0K(61952K) From: 96800K(213504K)->118080K(118272K)
[31.570s][info][gc,heap        ] GC(230) ParOldGen: 4447117K(4825600K)->4488141K(4825600K)
[31.570s][info][gc,metaspace   ] GC(230) Metaspace: 6298K(6464K)->6298K(6464K) NonClass: 5765K(5824K)->5765K(5824K) Class: 533K(640K)->533K(640K)
[31.570s][info][gc             ] GC(230) Pause Young (Allocation Failure) 4497M->4498M(4888M) 93.933ms
[31.570s][info][gc,cpu         ] GC(230) User=0.59s Sys=0.03s Real=0.09s
[31.638s][info][gc,start       ] GC(231) Pause Young (Allocation Failure)
[31.737s][info][gc,heap        ] GC(231) PSYoungGen: 180032K(180224K)->124224K(264192K) Eden: 61952K(61952K)->0K(69120K) From: 118080K(118272K)->124224K(195072K)
[31.737s][info][gc,heap        ] GC(231) ParOldGen: 4488141K(4825600K)->4544453K(4825600K)
[31.737s][info][gc,metaspace   ] GC(231) Metaspace: 6298K(6464K)->6298K(6464K) NonClass: 5765K(5824K)->5765K(5824K) Class: 533K(640K)->533K(640K)
[31.737s][info][gc             ] GC(231) Pause Young (Allocation Failure) 4558M->4559M(4970M) 98.994ms
[31.737s][info][gc,cpu         ] GC(231) User=0.62s Sys=0.02s Real=0.10s
[31.810s][info][gc,start       ] GC(232) Pause Young (Allocation Failure)
[31.914s][info][gc,heap        ] GC(232) PSYoungGen: 193344K(264192K)->131424K(272384K) Eden: 69120K(69120K)->0K(69120K) From: 124224K(195072K)->131424K(203264K)
[31.914s][info][gc,heap        ] GC(232) ParOldGen: 4544453K(4825600K)->4606973K(4825600K)
[31.914s][info][gc,metaspace   ] GC(232) Metaspace: 6298K(6464K)->6298K(6464K) NonClass: 5765K(5824K)->5765K(5824K) Class: 533K(640K)->533K(640K)
[31.914s][info][gc             ] GC(232) Pause Young (Allocation Failure) 4626M->4627M(4978M) 104.129ms
[31.915s][info][gc,cpu         ] GC(232) User=0.69s Sys=0.06s Real=0.10s
[32.002s][info][gc,start       ] GC(233) Pause Young (Allocation Failure)
[32.111s][info][gc,heap        ] GC(233) PSYoungGen: 200544K(272384K)->138592K(271360K) Eden: 69120K(69120K)->0K(76800K) From: 131424K(203264K)->138592K(194560K)
[32.111s][info][gc,heap        ] GC(233) ParOldGen: 4606973K(4825600K)->4669485K(4825600K)
[32.111s][info][gc,metaspace   ] GC(233) Metaspace: 6298K(6464K)->6298K(6464K) NonClass: 5765K(5824K)->5765K(5824K) Class: 533K(640K)->533K(640K)
[32.111s][info][gc             ] GC(233) Pause Young (Allocation Failure) 4694M->4695M(4977M) 109.714ms
[32.111s][info][gc,cpu         ] GC(233) User=0.77s Sys=0.00s Real=0.11s
[32.191s][info][gc,start       ] GC(234) Pause Young (Allocation Failure)
[32.309s][info][gc,heap        ] GC(234) PSYoungGen: 215392K(271360K)->146304K(273408K) Eden: 76800K(76800K)->0K(76800K) From: 138592K(194560K)->146304K(196608K)
[32.309s][info][gc,heap        ] GC(234) ParOldGen: 4669485K(4825600K)->4739229K(4825600K)
[32.309s][info][gc,metaspace   ] GC(234) Metaspace: 6298K(6464K)->6298K(6464K) NonClass: 5765K(5824K)->5765K(5824K) Class: 533K(640K)->533K(640K)
[32.309s][info][gc             ] GC(234) Pause Young (Allocation Failure) 4770M->4771M(4979M) 118.305ms
[32.309s][info][gc,cpu         ] GC(234) User=0.77s Sys=0.05s Real=0.12s
[32.309s][info][gc,start       ] GC(235) Pause Full (Ergonomics)
[32.309s][info][gc,phases,start] GC(235) Marking Phase
[33.419s][info][gc,phases      ] GC(235) Marking Phase 1109.757ms
[33.419s][info][gc,phases,start] GC(235) Summary Phase
[33.419s][info][gc,phases      ] GC(235) Summary Phase 0.063ms
[33.419s][info][gc,phases,start] GC(235) Adjust Roots
[33.419s][info][gc,phases      ] GC(235) Adjust Roots 0.163ms
[33.419s][info][gc,phases,start] GC(235) Compaction Phase
[33.860s][info][gc,phases      ] GC(235) Compaction Phase 440.418ms
[33.860s][info][gc,phases,start] GC(235) Post Compact
[33.867s][info][gc,phases      ] GC(235) Post Compact 7.582ms
[33.869s][info][gc,heap        ] GC(235) PSYoungGen: 146304K(273408K)->56432K(273408K) Eden: 0K(76800K)->0K(76800K) From: 146304K(196608K)->56432K(196608K)
[33.869s][info][gc,heap        ] GC(235) ParOldGen: 4739229K(4825600K)->4825266K(5317120K)
[33.869s][info][gc,metaspace   ] GC(235) Metaspace: 6298K(6464K)->6298K(6464K) NonClass: 5765K(5824K)->5765K(5824K) Class: 533K(640K)->533K(640K)
[33.869s][info][gc             ] GC(235) Pause Full (Ergonomics) 4771M->4767M(5459M) 1559.923ms
[33.869s][info][gc,cpu         ] GC(235) User=11.88s Sys=0.03s Real=1.56s
[33.951s][info][gc,start       ] GC(236) Pause Young (Allocation Failure)
[34.258s][info][gc,heap        ] GC(236) PSYoungGen: 133232K(273408K)->111968K(270848K) Eden: 76800K(76800K)->0K(83968K) From: 56432K(196608K)->111968K(186880K)
[34.258s][info][gc,heap        ] GC(236) ParOldGen: 4825266K(5317120K)->4847106K(5317120K)
[34.258s][info][gc,metaspace   ] GC(236) Metaspace: 6298K(6464K)->6298K(6464K) NonClass: 5765K(5824K)->5765K(5824K) Class: 533K(640K)->533K(640K)
[34.259s][info][gc             ] GC(236) Pause Young (Allocation Failure) 4842M->4842M(5457M) 307.318ms
[34.259s][info][gc,cpu         ] GC(236) User=2.03s Sys=0.03s Real=0.31s
[34.357s][info][gc,start       ] GC(237) Pause Young (Allocation Failure)
[34.468s][info][gc,heap        ] GC(237) PSYoungGen: 195936K(270848K)->193024K(276992K) Eden: 83968K(83968K)->0K(83968K) From: 111968K(186880K)->193024K(193024K)
[34.468s][info][gc,heap        ] GC(237) ParOldGen: 4847106K(5317120K)->4850114K(5317120K)
[34.468s][info][gc,metaspace   ] GC(237) Metaspace: 6298K(6464K)->6298K(6464K) NonClass: 5765K(5824K)->5765K(5824K) Class: 533K(640K)->533K(640K)
[34.468s][info][gc             ] GC(237) Pause Young (Allocation Failure) 4924M->4924M(5463M) 110.635ms
[34.468s][info][gc,cpu         ] GC(237) User=0.75s Sys=0.00s Real=0.11s
[34.565s][info][gc,start       ] GC(238) Pause Young (Allocation Failure)
[34.729s][info][gc,heap        ] GC(238) PSYoungGen: 276992K(276992K)->167104K(299520K) Eden: 83968K(83968K)->0K(87040K) From: 193024K(193024K)->167104K(212480K)
[34.729s][info][gc,heap        ] GC(238) ParOldGen: 4850114K(5317120K)->4961042K(5317120K)
[34.729s][info][gc,metaspace   ] GC(238) Metaspace: 6298K(6464K)->6298K(6464K) NonClass: 5765K(5824K)->5765K(5824K) Class: 533K(640K)->533K(640K)
[34.729s][info][gc             ] GC(238) Pause Young (Allocation Failure) 5006M->5007M(5485M) 164.087ms
[34.729s][info][gc,cpu         ] GC(238) User=1.12s Sys=0.06s Real=0.16s
[34.826s][info][gc,start       ] GC(239) Pause Young (Allocation Failure)
[34.977s][info][gc,heap        ] GC(239) PSYoungGen: 254144K(299520K)->171456K(304640K) Eden: 87040K(87040K)->0K(87040K) From: 167104K(212480K)->171456K(217600K)
[34.977s][info][gc,heap        ] GC(239) ParOldGen: 4961042K(5317120K)->5044522K(5317120K)
[34.977s][info][gc,metaspace   ] GC(239) Metaspace: 6298K(6464K)->6298K(6464K) NonClass: 5765K(5824K)->5765K(5824K) Class: 533K(640K)->533K(640K)
[34.977s][info][gc             ] GC(239) Pause Young (Allocation Failure) 5092M->5093M(5490M) 150.818ms
[34.977s][info][gc,cpu         ] GC(239) User=0.89s Sys=0.12s Real=0.15s
[35.077s][info][gc,start       ] GC(240) Pause Young (Allocation Failure)
[35.228s][info][gc,heap        ] GC(240) PSYoungGen: 258496K(304640K)->174496K(313856K) Eden: 87040K(87040K)->0K(91648K) From: 171456K(217600K)->174496K(222208K)
[35.229s][info][gc,heap        ] GC(240) ParOldGen: 5044522K(5317120K)->5129266K(5317120K)
[35.229s][info][gc,metaspace   ] GC(240) Metaspace: 6298K(6464K)->6298K(6464K) NonClass: 5765K(5824K)->5765K(5824K) Class: 533K(640K)->533K(640K)
[35.229s][info][gc             ] GC(240) Pause Young (Allocation Failure) 5178M->5179M(5499M) 151.735ms
[35.229s][info][gc,cpu         ] GC(240) User=1.02s Sys=0.03s Real=0.15s
[35.334s][info][gc,start       ] GC(241) Pause Young (Allocation Failure)
[35.491s][info][gc,heap        ] GC(241) PSYoungGen: 266144K(313856K)->179136K(318976K) Eden: 91648K(91648K)->0K(91648K) From: 174496K(222208K)->179136K(227328K)
[35.491s][info][gc,heap        ] GC(241) ParOldGen: 5129266K(5317120K)->5217090K(5317120K)
[35.491s][info][gc,metaspace   ] GC(241) Metaspace: 6298K(6464K)->6298K(6464K) NonClass: 5765K(5824K)->5765K(5824K) Class: 533K(640K)->533K(640K)
[35.491s][info][gc             ] GC(241) Pause Young (Allocation Failure) 5268M->5269M(5504M) 156.404ms
[35.491s][info][gc,cpu         ] GC(241) User=1.03s Sys=0.11s Real=0.16s
[35.491s][info][gc,start       ] GC(242) Pause Full (Ergonomics)
[35.491s][info][gc,phases,start] GC(242) Marking Phase
[36.695s][info][gc,phases      ] GC(242) Marking Phase 1204.526ms
[36.696s][info][gc,phases,start] GC(242) Summary Phase
[36.696s][info][gc,phases      ] GC(242) Summary Phase 0.071ms
[36.696s][info][gc,phases,start] GC(242) Adjust Roots
[36.696s][info][gc,phases      ] GC(242) Adjust Roots 0.185ms
[36.696s][info][gc,phases,start] GC(242) Compaction Phase
[37.177s][info][gc,phases      ] GC(242) Compaction Phase 481.555ms
[37.177s][info][gc,phases,start] GC(242) Post Compact
[37.187s][info][gc,phases      ] GC(242) Post Compact 9.056ms
[37.189s][info][gc,heap        ] GC(242) PSYoungGen: 179136K(318976K)->74886K(318976K) Eden: 0K(91648K)->0K(91648K) From: 179136K(227328K)->74886K(227328K)
[37.189s][info][gc,heap        ] GC(242) ParOldGen: 5217090K(5317120K)->5317079K(5888000K)
[37.189s][info][gc,metaspace   ] GC(242) Metaspace: 6298K(6464K)->6298K(6464K) NonClass: 5765K(5824K)->5765K(5824K) Class: 533K(640K)->533K(640K)
[37.189s][info][gc             ] GC(242) Pause Full (Ergonomics) 5269M->5265M(6061M) 1697.661ms
[37.189s][info][gc,cpu         ] GC(242) User=12.88s Sys=0.05s Real=1.70s
[37.297s][info][gc,start       ] GC(243) Pause Young (Allocation Failure)
[37.638s][info][gc,heap        ] GC(243) PSYoungGen: 166534K(318976K)->137600K(316928K) Eden: 91648K(91648K)->0K(100352K) From: 74886K(227328K)->137600K(216576K)
[37.638s][info][gc,heap        ] GC(243) ParOldGen: 5317079K(5888000K)->5346727K(5888000K)
[37.638s][info][gc,metaspace   ] GC(243) Metaspace: 6298K(6464K)->6298K(6464K) NonClass: 5765K(5824K)->5765K(5824K) Class: 533K(640K)->533K(640K)
[37.638s][info][gc             ] GC(243) Pause Young (Allocation Failure) 5355M->5355M(6059M) 340.834ms
[37.638s][info][gc,cpu         ] GC(243) User=2.28s Sys=0.02s Real=0.34s
[37.751s][info][gc,start       ] GC(244) Pause Young (Allocation Failure)
[37.895s][info][gc,heap        ] GC(244) PSYoungGen: 237952K(316928K)->225280K(325632K) Eden: 100352K(100352K)->0K(100352K) From: 137600K(216576K)->225280K(225280K)
[37.896s][info][gc,heap        ] GC(244) ParOldGen: 5346727K(5888000K)->5359575K(5888000K)
[37.896s][info][gc,metaspace   ] GC(244) Metaspace: 6298K(6464K)->6298K(6464K) NonClass: 5765K(5824K)->5765K(5824K) Class: 533K(640K)->533K(640K)
[37.896s][info][gc             ] GC(244) Pause Young (Allocation Failure) 5453M->5453M(6068M) 144.731ms
[37.896s][info][gc,cpu         ] GC(244) User=1.02s Sys=0.02s Real=0.14s
[38.017s][info][gc,start       ] GC(245) Pause Young (Allocation Failure)
[38.214s][info][gc,heap        ] GC(245) PSYoungGen: 325632K(325632K)->195040K(356864K) Eden: 100352K(100352K)->0K(105472K) From: 225280K(225280K)->195040K(251392K)
[38.214s][info][gc,heap        ] GC(245) ParOldGen: 5359575K(5888000K)->5491447K(5888000K)
[38.214s][info][gc,metaspace   ] GC(245) Metaspace: 6298K(6464K)->6298K(6464K) NonClass: 5765K(5824K)->5765K(5824K) Class: 533K(640K)->533K(640K)
[38.214s][info][gc             ] GC(245) Pause Young (Allocation Failure) 5551M->5553M(6098M) 197.749ms
[38.215s][info][gc,cpu         ] GC(245) User=1.22s Sys=0.28s Real=0.20s
[39.383s][info][gc,start       ] GC(246) Pause Full (Ergonomics)
[39.383s][info][gc,phases,start] GC(246) Marking Phase
[40.691s][info][gc,phases      ] GC(246) Marking Phase 1307.815ms
[40.691s][info][gc,phases,start] GC(246) Summary Phase
[40.691s][info][gc,phases      ] GC(246) Summary Phase 0.074ms
[40.691s][info][gc,phases,start] GC(246) Adjust Roots
[40.691s][info][gc,phases      ] GC(246) Adjust Roots 0.166ms
[40.691s][info][gc,phases,start] GC(246) Compaction Phase
[41.609s][info][gc,phases      ] GC(246) Compaction Phase 918.124ms
[41.609s][info][gc,phases,start] GC(246) Post Compact
[41.620s][info][gc,phases      ] GC(246) Post Compact 10.530ms
[41.622s][info][gc,heap        ] GC(246) PSYoungGen: 300512K(356864K)->32988K(356864K) Eden: 105472K(105472K)->0K(105472K) From: 195040K(251392K)->32988K(251392K)
[41.622s][info][gc,heap        ] GC(246) ParOldGen: 5753591K(5888000K)->5887732K(6523904K)
[41.622s][info][gc,metaspace   ] GC(246) Metaspace: 6298K(6464K)->6298K(6464K) NonClass: 5765K(5824K)->5765K(5824K) Class: 533K(640K)->533K(640K)
[41.622s][info][gc             ] GC(246) Pause Full (Ergonomics) 5912M->5781M(6719M) 2239.188ms
[41.622s][info][gc,cpu         ] GC(246) User=15.67s Sys=0.05s Real=2.24s
[41.738s][info][gc,start       ] GC(247) Pause Young (Allocation Failure)
[42.058s][info][gc,heap        ] GC(247) PSYoungGen: 138460K(356864K)->120736K(361984K) Eden: 105472K(105472K)->0K(105472K) From: 32988K(251392K)->120736K(256512K)
[42.058s][info][gc,heap        ] GC(247) ParOldGen: 5887732K(6523904K)->5906044K(6523904K)
[42.058s][info][gc,metaspace   ] GC(247) Metaspace: 6298K(6464K)->6298K(6464K) NonClass: 5765K(5824K)->5765K(5824K) Class: 533K(640K)->533K(640K)
[42.058s][info][gc             ] GC(247) Pause Young (Allocation Failure) 5884M->5885M(6724M) 320.601ms
[42.058s][info][gc,cpu         ] GC(247) User=2.09s Sys=0.00s Real=0.32s
[42.174s][info][gc,start       ] GC(248) Pause Young (Allocation Failure)
[42.308s][info][gc,heap        ] GC(248) PSYoungGen: 226208K(361984K)->226400K(352256K) Eden: 105472K(105472K)->0K(98816K) From: 120736K(256512K)->226400K(253440K)
[42.308s][info][gc,heap        ] GC(248) ParOldGen: 5906044K(6523904K)->5906044K(6523904K)
[42.308s][info][gc,metaspace   ] GC(248) Metaspace: 6298K(6464K)->6298K(6464K) NonClass: 5765K(5824K)->5765K(5824K) Class: 533K(640K)->533K(640K)
[42.309s][info][gc             ] GC(248) Pause Young (Allocation Failure) 5988M->5988M(6715M) 134.785ms
[42.309s][info][gc,cpu         ] GC(248) User=0.52s Sys=0.00s Real=0.13s
[42.413s][info][gc,start       ] GC(249) Pause Young (Allocation Failure)
[42.573s][info][gc,heap        ] GC(249) PSYoungGen: 325216K(352256K)->269824K(368640K) Eden: 98816K(98816K)->0K(98816K) From: 226400K(253440K)->269824K(269824K)
[42.573s][info][gc,heap        ] GC(249) ParOldGen: 5906044K(6523904K)->5961860K(6523904K)
[42.573s][info][gc,metaspace   ] GC(249) Metaspace: 6298K(6464K)->6298K(6464K) NonClass: 5765K(5824K)->5765K(5824K) Class: 533K(640K)->533K(640K)
[42.573s][info][gc             ] GC(249) Pause Young (Allocation Failure) 6085M->6085M(6731M) 160.189ms
[42.573s][info][gc,cpu         ] GC(249) User=0.84s Sys=0.03s Real=0.16s
[42.678s][info][gc,start       ] GC(250) Pause Young (Allocation Failure)
[42.861s][info][gc,heap        ] GC(250) PSYoungGen: 368640K(368640K)->264352K(410112K) Eden: 98816K(98816K)->0K(90624K) From: 269824K(269824K)->264352K(319488K)
[42.862s][info][gc,heap        ] GC(250) ParOldGen: 5961860K(6523904K)->6067180K(6523904K)
[42.862s][info][gc,metaspace   ] GC(250) Metaspace: 6298K(6464K)->6298K(6464K) NonClass: 5765K(5824K)->5765K(5824K) Class: 533K(640K)->533K(640K)
[42.862s][info][gc             ] GC(250) Pause Young (Allocation Failure) 6182M->6183M(6771M) 183.301ms
[42.862s][info][gc,cpu         ] GC(250) User=1.17s Sys=0.09s Real=0.18s
[42.959s][info][gc,start       ] GC(251) Pause Young (Allocation Failure)
[43.154s][info][gc,heap        ] GC(251) PSYoungGen: 354976K(410112K)->267808K(428032K) Eden: 90624K(90624K)->0K(90624K) From: 264352K(319488K)->267808K(337408K)
[43.154s][info][gc,heap        ] GC(251) ParOldGen: 6067180K(6523904K)->6155172K(6523904K)
[43.154s][info][gc,metaspace   ] GC(251) Metaspace: 6298K(6464K)->6298K(6464K) NonClass: 5765K(5824K)->5765K(5824K) Class: 533K(640K)->533K(640K)
[43.154s][info][gc             ] GC(251) Pause Young (Allocation Failure) 6271M->6272M(6789M) 194.819ms
[43.154s][info][gc,cpu         ] GC(251) User=1.03s Sys=0.06s Real=0.19s
[43.260s][info][gc,start       ] GC(252) Pause Young (Allocation Failure)
[43.437s][info][gc,heap        ] GC(252) PSYoungGen: 358432K(428032K)->280736K(437760K) Eden: 90624K(90624K)->0K(85504K) From: 267808K(337408K)->280736K(352256K)
[43.437s][info][gc,heap        ] GC(252) ParOldGen: 6155172K(6523904K)->6233652K(6523904K)
[43.437s][info][gc,metaspace   ] GC(252) Metaspace: 6298K(6464K)->6298K(6464K) NonClass: 5765K(5824K)->5765K(5824K) Class: 533K(640K)->533K(640K)
[43.437s][info][gc             ] GC(252) Pause Young (Allocation Failure) 6360M->6361M(6798M) 177.028ms
[43.437s][info][gc,cpu         ] GC(252) User=1.23s Sys=0.03s Real=0.18s
[43.532s][info][gc,start       ] GC(253) Pause Young (Allocation Failure)
[43.705s][info][gc,heap        ] GC(253) PSYoungGen: 366240K(437760K)->267392K(453632K) Eden: 85504K(85504K)->0K(85504K) From: 280736K(352256K)->267392K(368128K)
[43.705s][info][gc,heap        ] GC(253) ParOldGen: 6233652K(6523904K)->6333356K(6523904K)
[43.705s][info][gc,metaspace   ] GC(253) Metaspace: 6298K(6464K)->6298K(6464K) NonClass: 5765K(5824K)->5765K(5824K) Class: 533K(640K)->533K(640K)
[43.705s][info][gc             ] GC(253) Pause Young (Allocation Failure) 6445M->6446M(6814M) 173.467ms
[43.705s][info][gc,cpu         ] GC(253) User=1.17s Sys=0.08s Real=0.17s
[43.802s][info][gc,start       ] GC(254) Pause Young (Allocation Failure)
[43.974s][info][gc,heap        ] GC(254) PSYoungGen: 352896K(453632K)->171456K(452096K) Eden: 85504K(85504K)->0K(96256K) From: 267392K(368128K)->171456K(355840K)
[43.974s][info][gc,heap        ] GC(254) ParOldGen: 6333356K(6523904K)->6516188K(6523904K)
[43.974s][info][gc,metaspace   ] GC(254) Metaspace: 6298K(6464K)->6298K(6464K) NonClass: 5765K(5824K)->5765K(5824K) Class: 533K(640K)->533K(640K)
[43.974s][info][gc             ] GC(254) Pause Young (Allocation Failure) 6529M->6530M(6812M) 172.501ms
[43.974s][info][gc,cpu         ] GC(254) User=0.97s Sys=0.11s Real=0.17s
[43.974s][info][gc,start       ] GC(255) Pause Full (Ergonomics)
[43.974s][info][gc,phases,start] GC(255) Marking Phase
[45.500s][info][gc,phases      ] GC(255) Marking Phase 1525.374ms
[45.500s][info][gc,phases,start] GC(255) Summary Phase
[45.500s][info][gc,phases      ] GC(255) Summary Phase 0.068ms
[45.500s][info][gc,phases,start] GC(255) Adjust Roots
[45.500s][info][gc,phases      ] GC(255) Adjust Roots 0.161ms
[45.500s][info][gc,phases,start] GC(255) Compaction Phase
[46.177s][info][gc,phases      ] GC(255) Compaction Phase 677.461ms
[46.178s][info][gc,phases,start] GC(255) Post Compact
[46.188s][info][gc,phases      ] GC(255) Post Compact 10.063ms
[46.190s][info][gc,heap        ] GC(255) PSYoungGen: 171456K(452096K)->157659K(461824K) Eden: 0K(96256K)->0K(105984K) From: 171456K(355840K)->157659K(355840K)
[46.190s][info][gc,heap        ] GC(255) ParOldGen: 6516188K(6523904K)->6523653K(7236608K)
[46.190s][info][gc,metaspace   ] GC(255) Metaspace: 6298K(6464K)->6298K(6464K) NonClass: 5765K(5824K)->5765K(5824K) Class: 533K(640K)->533K(640K)
[46.190s][info][gc             ] GC(255) Pause Full (Ergonomics) 6530M->6524M(7518M) 2215.663ms
[46.190s][info][gc,cpu         ] GC(255) User=15.92s Sys=0.06s Real=2.22s
[46.317s][info][gc,start       ] GC(256) Pause Young (Allocation Failure)
[46.704s][info][gc,heap        ] GC(256) PSYoungGen: 263643K(461824K)->106272K(471552K) Eden: 105984K(105984K)->0K(105984K) From: 157659K(355840K)->106272K(365568K)
[46.704s][info][gc,heap        ] GC(256) ParOldGen: 6523653K(7236608K)->6682765K(7236608K)
[46.704s][info][gc,metaspace   ] GC(256) Metaspace: 6298K(6464K)->6298K(6464K) NonClass: 5765K(5824K)->5765K(5824K) Class: 533K(640K)->533K(640K)
[46.704s][info][gc             ] GC(256) Pause Young (Allocation Failure) 6628M->6629M(7527M) 386.376ms
[46.704s][info][gc,cpu         ] GC(256) User=2.67s Sys=0.06s Real=0.39s
[46.816s][info][gc,start       ] GC(257) Pause Young (Allocation Failure)
[46.953s][info][gc,heap        ] GC(257) PSYoungGen: 212256K(471552K)->106336K(480256K) Eden: 105984K(105984K)->0K(117248K) From: 106272K(365568K)->106336K(363008K)
[46.953s][info][gc,heap        ] GC(257) ParOldGen: 6682765K(7236608K)->6789693K(7236608K)
[46.953s][info][gc,metaspace   ] GC(257) Metaspace: 6298K(6464K)->6298K(6464K) NonClass: 5765K(5824K)->5765K(5824K) Class: 533K(640K)->533K(640K)
[46.953s][info][gc             ] GC(257) Pause Young (Allocation Failure) 6733M->6734M(7536M) 137.456ms
[46.953s][info][gc,cpu         ] GC(257) User=0.58s Sys=0.03s Real=0.14s
[47.092s][info][gc,start       ] GC(258) Pause Young (Allocation Failure)
[47.242s][info][gc,heap        ] GC(258) PSYoungGen: 223584K(480256K)->117632K(481792K) Eden: 117248K(117248K)->0K(117248K) From: 106336K(363008K)->117632K(364544K)
[47.242s][info][gc,heap        ] GC(258) ParOldGen: 6789693K(7236608K)->6896653K(7236608K)
[47.242s][info][gc,metaspace   ] GC(258) Metaspace: 6298K(6464K)->6298K(6464K) NonClass: 5765K(5824K)->5765K(5824K) Class: 533K(640K)->533K(640K)
[47.242s][info][gc             ] GC(258) Pause Young (Allocation Failure) 6848M->6849M(7537M) 149.896ms
[47.242s][info][gc,cpu         ] GC(258) User=0.48s Sys=0.02s Real=0.15s
[47.365s][info][gc,start       ] GC(259) Pause Young (Allocation Failure)
[47.505s][info][gc,heap        ] GC(259) PSYoungGen: 234880K(481792K)->117600K(474112K) Eden: 117248K(117248K)->0K(129536K) From: 117632K(364544K)->117600K(344576K)
[47.505s][info][gc,heap        ] GC(259) ParOldGen: 6896653K(7236608K)->7014957K(7236608K)
[47.505s][info][gc,metaspace   ] GC(259) Metaspace: 6298K(6464K)->6298K(6464K) NonClass: 5765K(5824K)->5765K(5824K) Class: 533K(640K)->533K(640K)
[47.505s][info][gc             ] GC(259) Pause Young (Allocation Failure) 6964M->6965M(7530M) 139.854ms
[47.505s][info][gc,cpu         ] GC(259) User=0.69s Sys=0.11s Real=0.14s
[47.644s][info][gc,start       ] GC(260) Pause Young (Allocation Failure)
[47.788s][info][gc,heap        ] GC(260) PSYoungGen: 247136K(474112K)->129920K(481280K) Eden: 129536K(129536K)->0K(129536K) From: 117600K(344576K)->129920K(351744K)
[47.788s][info][gc,heap        ] GC(260) ParOldGen: 7014957K(7236608K)->7133253K(7236608K)
[47.788s][info][gc,metaspace   ] GC(260) Metaspace: 6298K(6464K)->6298K(6464K) NonClass: 5765K(5824K)->5765K(5824K) Class: 533K(640K)->533K(640K)
[47.788s][info][gc             ] GC(260) Pause Young (Allocation Failure) 7091M->7092M(7537M) 144.318ms
[47.788s][info][gc,cpu         ] GC(260) User=0.89s Sys=0.11s Real=0.14s
[47.788s][info][gc,start       ] GC(261) Pause Full (Ergonomics)
[47.788s][info][gc,phases,start] GC(261) Marking Phase
[49.430s][info][gc,phases      ] GC(261) Marking Phase 1641.492ms
[49.430s][info][gc,phases,start] GC(261) Summary Phase
[49.430s][info][gc,phases      ] GC(261) Summary Phase 0.080ms
[49.430s][info][gc,phases,start] GC(261) Adjust Roots
[49.430s][info][gc,phases      ] GC(261) Adjust Roots 0.241ms
[49.430s][info][gc,phases,start] GC(261) Compaction Phase
[50.134s][info][gc,phases      ] GC(261) Compaction Phase 703.115ms
[50.134s][info][gc,phases,start] GC(261) Post Compact
[50.145s][info][gc,phases      ] GC(261) Post Compact 11.333ms
[50.145s][info][gc,heap        ] GC(261) PSYoungGen: 129920K(481280K)->20686K(481280K) Eden: 0K(129536K)->0K(129536K) From: 129920K(351744K)->20686K(351744K)
[50.145s][info][gc,heap        ] GC(261) ParOldGen: 7133253K(7236608K)->7236471K(7236608K)
[50.145s][info][gc,metaspace   ] GC(261) Metaspace: 6298K(6464K)->6298K(6464K) NonClass: 5765K(5824K)->5765K(5824K) Class: 533K(640K)->533K(640K)
[50.145s][info][gc             ] GC(261) Pause Full (Ergonomics) 7092M->7087M(7537M) 2356.576ms
[50.145s][info][gc,cpu         ] GC(261) User=17.14s Sys=0.08s Real=2.36s
[50.284s][info][gc,start       ] GC(262) Pause Full (Ergonomics)
[50.284s][info][gc,phases,start] GC(262) Marking Phase
[51.945s][info][gc,phases      ] GC(262) Marking Phase 1660.314ms
[51.945s][info][gc,phases,start] GC(262) Summary Phase
[51.945s][info][gc,phases      ] GC(262) Summary Phase 0.077ms
[51.945s][info][gc,phases,start] GC(262) Adjust Roots
[51.945s][info][gc,phases      ] GC(262) Adjust Roots 0.168ms
[51.945s][info][gc,phases,start] GC(262) Compaction Phase
[52.533s][info][gc,phases      ] GC(262) Compaction Phase 587.659ms
[52.533s][info][gc,phases,start] GC(262) Post Compact
[52.544s][info][gc,phases      ] GC(262) Post Compact 10.927ms
[52.544s][info][gc,heap        ] GC(262) PSYoungGen: 150222K(481280K)->150192K(481280K) Eden: 129536K(129536K)->129506K(129536K) From: 20686K(351744K)->20686K(351744K)
[52.544s][info][gc,heap        ] GC(262) ParOldGen: 7236471K(7236608K)->7236471K(7236608K)
[52.544s][info][gc,metaspace   ] GC(262) Metaspace: 6298K(6464K)->6298K(6464K) NonClass: 5765K(5824K)->5765K(5824K) Class: 533K(640K)->533K(640K)
[52.544s][info][gc             ] GC(262) Pause Full (Ergonomics) 7213M->7213M(7537M) 2259.512ms
[52.544s][info][gc,cpu         ] GC(262) User=16.42s Sys=0.03s Real=2.26s
[52.544s][info][gc,start       ] GC(263) Pause Full (Ergonomics)
[52.544s][info][gc,phases,start] GC(263) Marking Phase
[54.226s][info][gc,phases      ] GC(263) Marking Phase 1681.617ms
[54.226s][info][gc,phases,start] GC(263) Summary Phase
[54.226s][info][gc,phases      ] GC(263) Summary Phase 0.407ms
[54.226s][info][gc,phases,start] GC(263) Adjust Roots
[54.226s][info][gc,phases      ] GC(263) Adjust Roots 0.191ms
[54.226s][info][gc,phases,start] GC(263) Compaction Phase
[54.815s][info][gc,phases      ] GC(263) Compaction Phase 588.419ms
[54.815s][info][gc,phases,start] GC(263) Post Compact
[54.826s][info][gc,phases      ] GC(263) Post Compact 10.874ms
[54.826s][info][gc,heap        ] GC(263) PSYoungGen: 150222K(481280K)->150221K(481280K) Eden: 129536K(129536K)->129535K(129536K) From: 20686K(351744K)->20686K(351744K)
[54.826s][info][gc,heap        ] GC(263) ParOldGen: 7236471K(7236608K)->7236471K(7236608K)
[54.826s][info][gc,metaspace   ] GC(263) Metaspace: 6298K(6464K)->6298K(6464K) NonClass: 5765K(5824K)->5765K(5824K) Class: 533K(640K)->533K(640K)
[54.826s][info][gc             ] GC(263) Pause Full (Ergonomics) 7213M->7213M(7537M) 2281.885ms
[54.826s][info][gc,cpu         ] GC(263) User=16.45s Sys=0.00s Real=2.28s
[54.826s][info][gc,start       ] GC(264) Pause Full (Ergonomics)
[54.826s][info][gc,phases,start] GC(264) Marking Phase
[56.472s][info][gc,phases      ] GC(264) Marking Phase 1645.555ms
[56.472s][info][gc,phases,start] GC(264) Summary Phase
[56.472s][info][gc,phases      ] GC(264) Summary Phase 0.072ms
[56.472s][info][gc,phases,start] GC(264) Adjust Roots
[56.472s][info][gc,phases      ] GC(264) Adjust Roots 0.167ms
[56.472s][info][gc,phases,start] GC(264) Compaction Phase
[57.019s][info][gc,phases      ] GC(264) Compaction Phase 547.420ms
[57.020s][info][gc,phases,start] GC(264) Post Compact
[57.030s][info][gc,phases      ] GC(264) Post Compact 10.937ms
[57.031s][info][gc,heap        ] GC(264) PSYoungGen: 150222K(481280K)->150222K(481280K) Eden: 129536K(129536K)->129536K(129536K) From: 20686K(351744K)->20686K(351744K)
[57.031s][info][gc,heap        ] GC(264) ParOldGen: 7236471K(7236608K)->7236471K(7236608K)
[57.031s][info][gc,metaspace   ] GC(264) Metaspace: 6298K(6464K)->6298K(6464K) NonClass: 5765K(5824K)->5765K(5824K) Class: 533K(640K)->533K(640K)
[57.031s][info][gc             ] GC(264) Pause Full (Ergonomics) 7213M->7213M(7537M) 2204.504ms
[57.031s][info][gc,cpu         ] GC(264) User=16.34s Sys=0.00s Real=2.20s
[57.031s][info][gc,start       ] GC(265) Pause Full (Ergonomics)
[57.031s][info][gc,phases,start] GC(265) Marking Phase
[58.681s][info][gc,phases      ] GC(265) Marking Phase 1650.377ms
[58.681s][info][gc,phases,start] GC(265) Summary Phase
[58.681s][info][gc,phases      ] GC(265) Summary Phase 0.073ms
[58.681s][info][gc,phases,start] GC(265) Adjust Roots
[58.682s][info][gc,phases      ] GC(265) Adjust Roots 0.168ms
[58.682s][info][gc,phases,start] GC(265) Compaction Phase
[59.252s][info][gc,phases      ] GC(265) Compaction Phase 570.810ms
[59.252s][info][gc,phases,start] GC(265) Post Compact
[59.264s][info][gc,phases      ] GC(265) Post Compact 11.295ms
[59.264s][info][gc,heap        ] GC(265) PSYoungGen: 150222K(481280K)->150222K(481280K) Eden: 129536K(129536K)->129536K(129536K) From: 20686K(351744K)->20686K(351744K)
[59.264s][info][gc,heap        ] GC(265) ParOldGen: 7236476K(7236608K)->7236476K(7236608K)
[59.264s][info][gc,metaspace   ] GC(265) Metaspace: 6298K(6464K)->6298K(6464K) NonClass: 5765K(5824K)->5765K(5824K) Class: 533K(640K)->533K(640K)
[59.264s][info][gc             ] GC(265) Pause Full (Ergonomics) 7213M->7213M(7537M) 2233.057ms
[59.264s][info][gc,cpu         ] GC(265) User=16.36s Sys=0.00s Real=2.23s
[59.264s][info][gc,start       ] GC(266) Pause Full (Ergonomics)
[59.264s][info][gc,phases,start] GC(266) Marking Phase
[60.915s][info][gc,phases      ] GC(266) Marking Phase 1650.610ms
[60.915s][info][gc,phases,start] GC(266) Summary Phase
[60.915s][info][gc,phases      ] GC(266) Summary Phase 0.081ms
[60.915s][info][gc,phases,start] GC(266) Adjust Roots
[60.915s][info][gc,phases      ] GC(266) Adjust Roots 0.190ms
[60.915s][info][gc,phases,start] GC(266) Compaction Phase
[61.465s][info][gc,phases      ] GC(266) Compaction Phase 549.934ms
[61.465s][info][gc,phases,start] GC(266) Post Compact
[61.476s][info][gc,phases      ] GC(266) Post Compact 11.073ms
[61.476s][info][gc,heap        ] GC(266) PSYoungGen: 150222K(481280K)->150222K(481280K) Eden: 129536K(129536K)->129536K(129536K) From: 20686K(351744K)->20686K(351744K)
[61.476s][info][gc,heap        ] GC(266) ParOldGen: 7236481K(7236608K)->7236481K(7236608K)
[61.476s][info][gc,metaspace   ] GC(266) Metaspace: 6298K(6464K)->6298K(6464K) NonClass: 5765K(5824K)->5765K(5824K) Class: 533K(640K)->533K(640K)
[61.476s][info][gc             ] GC(266) Pause Full (Ergonomics) 7213M->7213M(7537M) 2212.242ms
[61.476s][info][gc,cpu         ] GC(266) User=16.27s Sys=0.00s Real=2.21s
[61.477s][info][gc,start       ] GC(267) Pause Full (Ergonomics)
[61.477s][info][gc,phases,start] GC(267) Marking Phase
[63.137s][info][gc,phases      ] GC(267) Marking Phase 1660.072ms
[63.137s][info][gc,phases,start] GC(267) Summary Phase
[63.137s][info][gc,phases      ] GC(267) Summary Phase 0.074ms
[63.137s][info][gc,phases,start] GC(267) Adjust Roots
[63.137s][info][gc,phases      ] GC(267) Adjust Roots 0.173ms
[63.137s][info][gc,phases,start] GC(267) Compaction Phase
[63.678s][info][gc,phases      ] GC(267) Compaction Phase 541.285ms
[63.678s][info][gc,phases,start] GC(267) Post Compact
[63.689s][info][gc,phases      ] GC(267) Post Compact 11.069ms
[63.690s][info][gc,heap        ] GC(267) PSYoungGen: 150222K(481280K)->150222K(481280K) Eden: 129536K(129536K)->129536K(129536K) From: 20686K(351744K)->20686K(351744K)
[63.690s][info][gc,heap        ] GC(267) ParOldGen: 7236486K(7236608K)->7236486K(7236608K)
[63.690s][info][gc,metaspace   ] GC(267) Metaspace: 6298K(6464K)->6298K(6464K) NonClass: 5765K(5824K)->5765K(5824K) Class: 533K(640K)->533K(640K)
[63.690s][info][gc             ] GC(267) Pause Full (Ergonomics) 7213M->7213M(7537M) 2213.017ms
[63.690s][info][gc,cpu         ] GC(267) User=16.33s Sys=0.02s Real=2.21s
[63.690s][info][gc,start       ] GC(268) Pause Full (Ergonomics)
[63.690s][info][gc,phases,start] GC(268) Marking Phase
[65.346s][info][gc,phases      ] GC(268) Marking Phase 1656.615ms
[65.347s][info][gc,phases,start] GC(268) Summary Phase
[65.347s][info][gc,phases      ] GC(268) Summary Phase 0.080ms
[65.347s][info][gc,phases,start] GC(268) Adjust Roots
[65.347s][info][gc,phases      ] GC(268) Adjust Roots 0.227ms
[65.347s][info][gc,phases,start] GC(268) Compaction Phase
[65.887s][info][gc,phases      ] GC(268) Compaction Phase 539.640ms
[65.887s][info][gc,phases,start] GC(268) Post Compact
[65.898s][info][gc,phases      ] GC(268) Post Compact 11.013ms
[65.898s][info][gc,heap        ] GC(268) PSYoungGen: 150222K(481280K)->150222K(481280K) Eden: 129536K(129536K)->129536K(129536K) From: 20686K(351744K)->20686K(351744K)
[65.898s][info][gc,heap        ] GC(268) ParOldGen: 7236490K(7236608K)->7236490K(7236608K)
[65.898s][info][gc,metaspace   ] GC(268) Metaspace: 6298K(6464K)->6298K(6464K) NonClass: 5765K(5824K)->5765K(5824K) Class: 533K(640K)->533K(640K)
[65.898s][info][gc             ] GC(268) Pause Full (Ergonomics) 7213M->7213M(7537M) 2207.937ms
[65.898s][info][gc,cpu         ] GC(268) User=16.36s Sys=0.08s Real=2.21s
[65.898s][info][gc,start       ] GC(269) Pause Full (Ergonomics)
[65.898s][info][gc,phases,start] GC(269) Marking Phase
[67.571s][info][gc,phases      ] GC(269) Marking Phase 1672.675ms
[67.571s][info][gc,phases,start] GC(269) Summary Phase
[67.571s][info][gc,phases      ] GC(269) Summary Phase 0.072ms
[67.571s][info][gc,phases,start] GC(269) Adjust Roots
[67.571s][info][gc,phases      ] GC(269) Adjust Roots 0.170ms
[67.571s][info][gc,phases,start] GC(269) Compaction Phase
[68.151s][info][gc,phases      ] GC(269) Compaction Phase 580.439ms
[68.151s][info][gc,phases,start] GC(269) Post Compact
[68.162s][info][gc,phases      ] GC(269) Post Compact 10.956ms
[68.163s][info][gc,heap        ] GC(269) PSYoungGen: 150222K(481280K)->150222K(481280K) Eden: 129536K(129536K)->129536K(129536K) From: 20686K(351744K)->20686K(351744K)
[68.163s][info][gc,heap        ] GC(269) ParOldGen: 7236495K(7236608K)->7236495K(7236608K)
[68.163s][info][gc,metaspace   ] GC(269) Metaspace: 6298K(6464K)->6298K(6464K) NonClass: 5765K(5824K)->5765K(5824K) Class: 533K(640K)->533K(640K)
[68.163s][info][gc             ] GC(269) Pause Full (Ergonomics) 7213M->7213M(7537M) 2264.648ms
[68.163s][info][gc,cpu         ] GC(269) User=16.61s Sys=0.02s Real=2.26s
[68.163s][info][gc,start       ] GC(270) Pause Full (Ergonomics)
[68.163s][info][gc,phases,start] GC(270) Marking Phase
[69.830s][info][gc,phases      ] GC(270) Marking Phase 1667.691ms
[69.831s][info][gc,phases,start] GC(270) Summary Phase
[69.831s][info][gc,phases      ] GC(270) Summary Phase 0.078ms
[69.831s][info][gc,phases,start] GC(270) Adjust Roots
[69.831s][info][gc,phases      ] GC(270) Adjust Roots 0.183ms
[69.831s][info][gc,phases,start] GC(270) Compaction Phase
[70.379s][info][gc,phases      ] GC(270) Compaction Phase 547.682ms
[70.379s][info][gc,phases,start] GC(270) Post Compact
[70.390s][info][gc,phases      ] GC(270) Post Compact 10.903ms
[70.390s][info][gc,heap        ] GC(270) PSYoungGen: 150222K(481280K)->150222K(481280K) Eden: 129536K(129536K)->129536K(129536K) From: 20686K(351744K)->20686K(351744K)
[70.390s][info][gc,heap        ] GC(270) ParOldGen: 7236500K(7236608K)->7236500K(7236608K)
[70.390s][info][gc,metaspace   ] GC(270) Metaspace: 6298K(6464K)->6298K(6464K) NonClass: 5765K(5824K)->5765K(5824K) Class: 533K(640K)->533K(640K)
[70.390s][info][gc             ] GC(270) Pause Full (Ergonomics) 7213M->7213M(7537M) 2226.854ms
[70.390s][info][gc,cpu         ] GC(270) User=16.34s Sys=0.00s Real=2.23s
[70.390s][info][gc,start       ] GC(271) Pause Full (Ergonomics)
[70.390s][info][gc,phases,start] GC(271) Marking Phase
[72.043s][info][gc,phases      ] GC(271) Marking Phase 1653.529ms
[72.043s][info][gc,phases,start] GC(271) Summary Phase
[72.044s][info][gc,phases      ] GC(271) Summary Phase 0.079ms
[72.044s][info][gc,phases,start] GC(271) Adjust Roots
[72.044s][info][gc,phases      ] GC(271) Adjust Roots 0.178ms
[72.044s][info][gc,phases,start] GC(271) Compaction Phase
[72.588s][info][gc,phases      ] GC(271) Compaction Phase 543.846ms
[72.588s][info][gc,phases,start] GC(271) Post Compact
[72.599s][info][gc,phases      ] GC(271) Post Compact 10.988ms
[72.599s][info][gc,heap        ] GC(271) PSYoungGen: 150222K(481280K)->150222K(481280K) Eden: 129536K(129536K)->129536K(129536K) From: 20686K(351744K)->20686K(351744K)
[72.599s][info][gc,heap        ] GC(271) ParOldGen: 7236505K(7236608K)->7236505K(7236608K)
[72.599s][info][gc,metaspace   ] GC(271) Metaspace: 6298K(6464K)->6298K(6464K) NonClass: 5765K(5824K)->5765K(5824K) Class: 533K(640K)->533K(640K)
[72.599s][info][gc             ] GC(271) Pause Full (Ergonomics) 7213M->7213M(7537M) 2208.985ms
[72.599s][info][gc,cpu         ] GC(271) User=16.39s Sys=0.00s Real=2.21s
[72.599s][info][gc,start       ] GC(272) Pause Full (Ergonomics)
[72.599s][info][gc,phases,start] GC(272) Marking Phase
[74.278s][info][gc,phases      ] GC(272) Marking Phase 1678.569ms
[74.278s][info][gc,phases,start] GC(272) Summary Phase
[74.278s][info][gc,phases      ] GC(272) Summary Phase 0.076ms
[74.278s][info][gc,phases,start] GC(272) Adjust Roots
[74.278s][info][gc,phases      ] GC(272) Adjust Roots 0.177ms
[74.278s][info][gc,phases,start] GC(272) Compaction Phase
[74.804s][info][gc,phases      ] GC(272) Compaction Phase 525.517ms
[74.804s][info][gc,phases,start] GC(272) Post Compact
[74.815s][info][gc,phases      ] GC(272) Post Compact 10.967ms
[74.815s][info][gc,heap        ] GC(272) PSYoungGen: 150222K(481280K)->150222K(481280K) Eden: 129536K(129536K)->129536K(129536K) From: 20686K(351744K)->20686K(351744K)
[74.815s][info][gc,heap        ] GC(272) ParOldGen: 7236510K(7236608K)->7236510K(7236608K)
[74.815s][info][gc,metaspace   ] GC(272) Metaspace: 6298K(6464K)->6298K(6464K) NonClass: 5765K(5824K)->5765K(5824K) Class: 533K(640K)->533K(640K)
[74.815s][info][gc             ] GC(272) Pause Full (Ergonomics) 7213M->7213M(7537M) 2215.632ms
[74.815s][info][gc,cpu         ] GC(272) User=16.39s Sys=0.00s Real=2.21s
[74.815s][info][gc,start       ] GC(273) Pause Full (Ergonomics)
[74.815s][info][gc,phases,start] GC(273) Marking Phase
[76.500s][info][gc,phases      ] GC(273) Marking Phase 1685.030ms
[76.500s][info][gc,phases,start] GC(273) Summary Phase
[76.500s][info][gc,phases      ] GC(273) Summary Phase 0.083ms
[76.500s][info][gc,phases,start] GC(273) Adjust Roots
[76.500s][info][gc,phases      ] GC(273) Adjust Roots 0.190ms
[76.500s][info][gc,phases,start] GC(273) Compaction Phase
[77.037s][info][gc,phases      ] GC(273) Compaction Phase 536.811ms
[77.037s][info][gc,phases,start] GC(273) Post Compact
[77.048s][info][gc,phases      ] GC(273) Post Compact 11.281ms
[77.049s][info][gc,heap        ] GC(273) PSYoungGen: 150222K(481280K)->150222K(481280K) Eden: 129536K(129536K)->129536K(129536K) From: 20686K(351744K)->20686K(351744K)
[77.049s][info][gc,heap        ] GC(273) ParOldGen: 7236515K(7236608K)->7236515K(7236608K)
[77.049s][info][gc,metaspace   ] GC(273) Metaspace: 6298K(6464K)->6298K(6464K) NonClass: 5765K(5824K)->5765K(5824K) Class: 533K(640K)->533K(640K)
[77.049s][info][gc             ] GC(273) Pause Full (Ergonomics) 7213M->7213M(7537M) 2233.751ms
[77.049s][info][gc,cpu         ] GC(273) User=16.69s Sys=0.00s Real=2.23s
[77.049s][info][gc,start       ] GC(274) Pause Full (Ergonomics)
[77.049s][info][gc,phases,start] GC(274) Marking Phase
[78.700s][info][gc,phases      ] GC(274) Marking Phase 1651.115ms
[78.700s][info][gc,phases,start] GC(274) Summary Phase
[78.700s][info][gc,phases      ] GC(274) Summary Phase 0.079ms
[78.700s][info][gc,phases,start] GC(274) Adjust Roots
[78.700s][info][gc,phases      ] GC(274) Adjust Roots 0.179ms
[78.700s][info][gc,phases,start] GC(274) Compaction Phase
[79.238s][info][gc,phases      ] GC(274) Compaction Phase 537.658ms
[79.238s][info][gc,phases,start] GC(274) Post Compact
[79.249s][info][gc,phases      ] GC(274) Post Compact 10.931ms
[79.249s][info][gc,heap        ] GC(274) PSYoungGen: 150222K(481280K)->150222K(481280K) Eden: 129536K(129536K)->129536K(129536K) From: 20686K(351744K)->20686K(351744K)
[79.249s][info][gc,heap        ] GC(274) ParOldGen: 7236519K(7236608K)->7236519K(7236608K)
[79.249s][info][gc,metaspace   ] GC(274) Metaspace: 6298K(6464K)->6298K(6464K) NonClass: 5765K(5824K)->5765K(5824K) Class: 533K(640K)->533K(640K)
[79.249s][info][gc             ] GC(274) Pause Full (Ergonomics) 7213M->7213M(7537M) 2200.273ms
[79.249s][info][gc,cpu         ] GC(274) User=16.47s Sys=0.00s Real=2.20s
[79.249s][info][gc,start       ] GC(275) Pause Full (Ergonomics)
[79.249s][info][gc,phases,start] GC(275) Marking Phase
[80.931s][info][gc,phases      ] GC(275) Marking Phase 1681.266ms
[80.931s][info][gc,phases,start] GC(275) Summary Phase
[80.931s][info][gc,phases      ] GC(275) Summary Phase 0.073ms
[80.931s][info][gc,phases,start] GC(275) Adjust Roots
[80.931s][info][gc,phases      ] GC(275) Adjust Roots 0.198ms
[80.931s][info][gc,phases,start] GC(275) Compaction Phase
[81.484s][info][gc,phases      ] GC(275) Compaction Phase 552.813ms
[81.484s][info][gc,phases,start] GC(275) Post Compact
[81.495s][info][gc,phases      ] GC(275) Post Compact 11.546ms
[81.496s][info][gc,heap        ] GC(275) PSYoungGen: 150222K(481280K)->150222K(481280K) Eden: 129536K(129536K)->129536K(129536K) From: 20686K(351744K)->20686K(351744K)
[81.496s][info][gc,heap        ] GC(275) ParOldGen: 7236524K(7236608K)->7236524K(7236608K)
[81.496s][info][gc,metaspace   ] GC(275) Metaspace: 6298K(6464K)->6298K(6464K) NonClass: 5765K(5824K)->5765K(5824K) Class: 533K(640K)->533K(640K)
[81.496s][info][gc             ] GC(275) Pause Full (Ergonomics) 7213M->7213M(7537M) 2246.245ms
[81.496s][info][gc,cpu         ] GC(275) User=16.61s Sys=0.00s Real=2.25s
[81.496s][info][gc,start       ] GC(276) Pause Full (Ergonomics)
[81.496s][info][gc,phases,start] GC(276) Marking Phase
[83.180s][info][gc,phases      ] GC(276) Marking Phase 1684.033ms
[83.180s][info][gc,phases,start] GC(276) Summary Phase
[83.180s][info][gc,phases      ] GC(276) Summary Phase 0.074ms
[83.180s][info][gc,phases,start] GC(276) Adjust Roots
[83.180s][info][gc,phases      ] GC(276) Adjust Roots 0.182ms
[83.180s][info][gc,phases,start] GC(276) Compaction Phase
[83.725s][info][gc,phases      ] GC(276) Compaction Phase 544.437ms
[83.725s][info][gc,phases,start] GC(276) Post Compact
[83.736s][info][gc,phases      ] GC(276) Post Compact 10.976ms
[83.736s][info][gc,heap        ] GC(276) PSYoungGen: 150222K(481280K)->150222K(481280K) Eden: 129536K(129536K)->129536K(129536K) From: 20686K(351744K)->20686K(351744K)
[83.736s][info][gc,heap        ] GC(276) ParOldGen: 7236529K(7236608K)->7236529K(7236608K)
[83.736s][info][gc,metaspace   ] GC(276) Metaspace: 6298K(6464K)->6298K(6464K) NonClass: 5765K(5824K)->5765K(5824K) Class: 533K(640K)->533K(640K)
[83.736s][info][gc             ] GC(276) Pause Full (Ergonomics) 7213M->7213M(7537M) 2240.044ms
[83.736s][info][gc,cpu         ] GC(276) User=16.58s Sys=0.00s Real=2.24s
[83.736s][info][gc,start       ] GC(277) Pause Full (Ergonomics)
[83.736s][info][gc,phases,start] GC(277) Marking Phase
[85.379s][info][gc,phases      ] GC(277) Marking Phase 1642.533ms
[85.379s][info][gc,phases,start] GC(277) Summary Phase
[85.379s][info][gc,phases      ] GC(277) Summary Phase 0.074ms
[85.379s][info][gc,phases,start] GC(277) Adjust Roots
[85.379s][info][gc,phases      ] GC(277) Adjust Roots 0.187ms
[85.379s][info][gc,phases,start] GC(277) Compaction Phase
[85.888s][info][gc,phases      ] GC(277) Compaction Phase 509.511ms
[85.889s][info][gc,phases,start] GC(277) Post Compact
[85.900s][info][gc,phases      ] GC(277) Post Compact 10.943ms
[85.900s][info][gc,heap        ] GC(277) PSYoungGen: 150222K(481280K)->150222K(481280K) Eden: 129536K(129536K)->129536K(129536K) From: 20686K(351744K)->20686K(351744K)
[85.900s][info][gc,heap        ] GC(277) ParOldGen: 7236534K(7236608K)->7236534K(7236608K)
[85.900s][info][gc,metaspace   ] GC(277) Metaspace: 6298K(6464K)->6298K(6464K) NonClass: 5765K(5824K)->5765K(5824K) Class: 533K(640K)->533K(640K)
[85.900s][info][gc             ] GC(277) Pause Full (Ergonomics) 7213M->7213M(7537M) 2163.574ms
[85.900s][info][gc,cpu         ] GC(277) User=16.34s Sys=0.00s Real=2.16s
[85.900s][info][gc,start       ] GC(278) Pause Full (Ergonomics)
[85.900s][info][gc,phases,start] GC(278) Marking Phase
[87.552s][info][gc,phases      ] GC(278) Marking Phase 1652.588ms
[87.553s][info][gc,phases,start] GC(278) Summary Phase
[87.553s][info][gc,phases      ] GC(278) Summary Phase 0.073ms
[87.553s][info][gc,phases,start] GC(278) Adjust Roots
[87.553s][info][gc,phases      ] GC(278) Adjust Roots 0.173ms
[87.553s][info][gc,phases,start] GC(278) Compaction Phase
[88.121s][info][gc,phases      ] GC(278) Compaction Phase 568.428ms
[88.121s][info][gc,phases,start] GC(278) Post Compact
[88.132s][info][gc,phases      ] GC(278) Post Compact 11.027ms
[88.132s][info][gc,heap        ] GC(278) PSYoungGen: 150222K(481280K)->150222K(481280K) Eden: 129536K(129536K)->129536K(129536K) From: 20686K(351744K)->20686K(351744K)
[88.132s][info][gc,heap        ] GC(278) ParOldGen: 7236539K(7236608K)->7236539K(7236608K)
[88.132s][info][gc,metaspace   ] GC(278) Metaspace: 6298K(6464K)->6298K(6464K) NonClass: 5765K(5824K)->5765K(5824K) Class: 533K(640K)->533K(640K)
[88.132s][info][gc             ] GC(278) Pause Full (Ergonomics) 7213M->7213M(7537M) 2232.630ms
[88.132s][info][gc,cpu         ] GC(278) User=16.31s Sys=0.00s Real=2.23s
[88.133s][info][gc,start       ] GC(279) Pause Full (Ergonomics)
[88.133s][info][gc,phases,start] GC(279) Marking Phase
[89.790s][info][gc,phases      ] GC(279) Marking Phase 1656.862ms
[89.790s][info][gc,phases,start] GC(279) Summary Phase
[89.790s][info][gc,phases      ] GC(279) Summary Phase 0.073ms
[89.790s][info][gc,phases,start] GC(279) Adjust Roots
[89.790s][info][gc,phases      ] GC(279) Adjust Roots 0.168ms
[89.790s][info][gc,phases,start] GC(279) Compaction Phase
[90.330s][info][gc,phases      ] GC(279) Compaction Phase 540.096ms
[90.330s][info][gc,phases,start] GC(279) Post Compact
[90.341s][info][gc,phases      ] GC(279) Post Compact 11.347ms
[90.342s][info][gc,heap        ] GC(279) PSYoungGen: 150222K(481280K)->150222K(481280K) Eden: 129536K(129536K)->129536K(129536K) From: 20686K(351744K)->20686K(351744K)
[90.342s][info][gc,heap        ] GC(279) ParOldGen: 7236544K(7236608K)->7236544K(7236608K)
[90.342s][info][gc,metaspace   ] GC(279) Metaspace: 6298K(6464K)->6298K(6464K) NonClass: 5765K(5824K)->5765K(5824K) Class: 533K(640K)->533K(640K)
[90.342s][info][gc             ] GC(279) Pause Full (Ergonomics) 7213M->7213M(7537M) 2208.912ms
[90.342s][info][gc,cpu         ] GC(279) User=16.27s Sys=0.00s Real=2.21s
[90.342s][info][gc,start       ] GC(280) Pause Full (Ergonomics)
[90.342s][info][gc,phases,start] GC(280) Marking Phase
[92.008s][info][gc,phases      ] GC(280) Marking Phase 1665.832ms
[92.008s][info][gc,phases,start] GC(280) Summary Phase
[92.008s][info][gc,phases      ] GC(280) Summary Phase 0.079ms
[92.008s][info][gc,phases,start] GC(280) Adjust Roots
[92.008s][info][gc,phases      ] GC(280) Adjust Roots 0.186ms
[92.008s][info][gc,phases,start] GC(280) Compaction Phase
[92.545s][info][gc,phases      ] GC(280) Compaction Phase 537.241ms
[92.545s][info][gc,phases,start] GC(280) Post Compact
[92.556s][info][gc,phases      ] GC(280) Post Compact 10.908ms
[92.556s][info][gc,heap        ] GC(280) PSYoungGen: 150222K(481280K)->150222K(481280K) Eden: 129536K(129536K)->129536K(129536K) From: 20686K(351744K)->20686K(351744K)
[92.556s][info][gc,heap        ] GC(280) ParOldGen: 7236548K(7236608K)->7236548K(7236608K)
[92.556s][info][gc,metaspace   ] GC(280) Metaspace: 6298K(6464K)->6298K(6464K) NonClass: 5765K(5824K)->5765K(5824K) Class: 533K(640K)->533K(640K)
[92.556s][info][gc             ] GC(280) Pause Full (Ergonomics) 7213M->7213M(7537M) 2214.571ms
[92.556s][info][gc,cpu         ] GC(280) User=16.38s Sys=0.02s Real=2.22s
[92.557s][info][gc,start       ] GC(281) Pause Full (Ergonomics)
[92.557s][info][gc,phases,start] GC(281) Marking Phase
[94.205s][info][gc,phases      ] GC(281) Marking Phase 1648.326ms
[94.205s][info][gc,phases,start] GC(281) Summary Phase
[94.205s][info][gc,phases      ] GC(281) Summary Phase 0.072ms
[94.205s][info][gc,phases,start] GC(281) Adjust Roots
[94.205s][info][gc,phases      ] GC(281) Adjust Roots 0.184ms
[94.205s][info][gc,phases,start] GC(281) Compaction Phase
[94.780s][info][gc,phases      ] GC(281) Compaction Phase 575.101ms
[94.780s][info][gc,phases,start] GC(281) Post Compact
[94.792s][info][gc,phases      ] GC(281) Post Compact 11.037ms
[94.792s][info][gc,heap        ] GC(281) PSYoungGen: 150222K(481280K)->150222K(481280K) Eden: 129536K(129536K)->129536K(129536K) From: 20686K(351744K)->20686K(351744K)
[94.792s][info][gc,heap        ] GC(281) ParOldGen: 7236553K(7236608K)->7236553K(7236608K)
[94.792s][info][gc,metaspace   ] GC(281) Metaspace: 6298K(6464K)->6298K(6464K) NonClass: 5765K(5824K)->5765K(5824K) Class: 533K(640K)->533K(640K)
[94.792s][info][gc             ] GC(281) Pause Full (Ergonomics) 7213M->7213M(7537M) 2235.075ms
[94.792s][info][gc,cpu         ] GC(281) User=16.14s Sys=0.00s Real=2.23s
[94.792s][info][gc,start       ] GC(282) Pause Full (Ergonomics)
[94.792s][info][gc,phases,start] GC(282) Marking Phase
[96.469s][info][gc,phases      ] GC(282) Marking Phase 1676.914ms
[96.469s][info][gc,phases,start] GC(282) Summary Phase
[96.469s][info][gc,phases      ] GC(282) Summary Phase 0.073ms
[96.469s][info][gc,phases,start] GC(282) Adjust Roots
[96.469s][info][gc,phases      ] GC(282) Adjust Roots 0.174ms
[96.469s][info][gc,phases,start] GC(282) Compaction Phase
[97.030s][info][gc,phases      ] GC(282) Compaction Phase 560.590ms
[97.030s][info][gc,phases,start] GC(282) Post Compact
[97.041s][info][gc,phases      ] GC(282) Post Compact 10.997ms
[97.041s][info][gc,heap        ] GC(282) PSYoungGen: 150222K(481280K)->150222K(481280K) Eden: 129536K(129536K)->129536K(129536K) From: 20686K(351744K)->20686K(351744K)
[97.041s][info][gc,heap        ] GC(282) ParOldGen: 7236558K(7236608K)->7236558K(7236608K)
[97.041s][info][gc,metaspace   ] GC(282) Metaspace: 6298K(6464K)->6298K(6464K) NonClass: 5765K(5824K)->5765K(5824K) Class: 533K(640K)->533K(640K)
[97.041s][info][gc             ] GC(282) Pause Full (Ergonomics) 7213M->7213M(7537M) 2249.089ms
[97.041s][info][gc,cpu         ] GC(282) User=16.62s Sys=0.02s Real=2.25s
[97.041s][info][gc,start       ] GC(283) Pause Full (Ergonomics)
[97.041s][info][gc,phases,start] GC(283) Marking Phase
[98.685s][info][gc,phases      ] GC(283) Marking Phase 1644.180ms
[98.685s][info][gc,phases,start] GC(283) Summary Phase
[98.686s][info][gc,phases      ] GC(283) Summary Phase 0.080ms
[98.686s][info][gc,phases,start] GC(283) Adjust Roots
[98.686s][info][gc,phases      ] GC(283) Adjust Roots 0.184ms
[98.686s][info][gc,phases,start] GC(283) Compaction Phase
[99.184s][info][gc,phases      ] GC(283) Compaction Phase 497.834ms
[99.184s][info][gc,phases,start] GC(283) Post Compact
[99.195s][info][gc,phases      ] GC(283) Post Compact 11.153ms
[99.195s][info][gc,heap        ] GC(283) PSYoungGen: 150222K(481280K)->150222K(481280K) Eden: 129536K(129536K)->129536K(129536K) From: 20686K(351744K)->20686K(351744K)
[99.195s][info][gc,heap        ] GC(283) ParOldGen: 7236563K(7236608K)->7236563K(7236608K)
[99.195s][info][gc,metaspace   ] GC(283) Metaspace: 6298K(6464K)->6298K(6464K) NonClass: 5765K(5824K)->5765K(5824K) Class: 533K(640K)->533K(640K)
[99.195s][info][gc             ] GC(283) Pause Full (Ergonomics) 7213M->7213M(7537M) 2153.780ms
[99.195s][info][gc,cpu         ] GC(283) User=16.23s Sys=0.03s Real=2.15s
[99.195s][info][gc,start       ] GC(284) Pause Full (Ergonomics)
[99.195s][info][gc,phases,start] GC(284) Marking Phase
[100.862s][info][gc,phases      ] GC(284) Marking Phase 1666.846ms
[100.862s][info][gc,phases,start] GC(284) Summary Phase
[100.862s][info][gc,phases      ] GC(284) Summary Phase 0.096ms
[100.862s][info][gc,phases,start] GC(284) Adjust Roots
[100.862s][info][gc,phases      ] GC(284) Adjust Roots 0.213ms
[100.862s][info][gc,phases,start] GC(284) Compaction Phase
[101.440s][info][gc,phases      ] GC(284) Compaction Phase 577.797ms
[101.440s][info][gc,phases,start] GC(284) Post Compact
[101.451s][info][gc,phases      ] GC(284) Post Compact 10.811ms
[101.451s][info][gc,heap        ] GC(284) PSYoungGen: 150222K(481280K)->150222K(481280K) Eden: 129536K(129536K)->129536K(129536K) From: 20686K(351744K)->20686K(351744K)
[101.451s][info][gc,heap        ] GC(284) ParOldGen: 7236568K(7236608K)->7236568K(7236608K)
[101.451s][info][gc,metaspace   ] GC(284) Metaspace: 6298K(6464K)->6298K(6464K) NonClass: 5765K(5824K)->5765K(5824K) Class: 533K(640K)->533K(640K)
[101.451s][info][gc             ] GC(284) Pause Full (Ergonomics) 7213M->7213M(7537M) 2256.111ms
[101.451s][info][gc,cpu         ] GC(284) User=16.45s Sys=0.00s Real=2.26s
[101.451s][info][gc,start       ] GC(285) Pause Full (Ergonomics)
[101.452s][info][gc,phases,start] GC(285) Marking Phase
[103.097s][info][gc,phases      ] GC(285) Marking Phase 1645.081ms
[103.097s][info][gc,phases,start] GC(285) Summary Phase
[103.097s][info][gc,phases      ] GC(285) Summary Phase 0.074ms
[103.097s][info][gc,phases,start] GC(285) Adjust Roots
[103.097s][info][gc,phases      ] GC(285) Adjust Roots 0.166ms
[103.097s][info][gc,phases,start] GC(285) Compaction Phase
[103.676s][info][gc,phases      ] GC(285) Compaction Phase 578.577ms
[103.676s][info][gc,phases,start] GC(285) Post Compact
[103.686s][info][gc,phases      ] GC(285) Post Compact 10.758ms
[103.686s][info][gc,heap        ] GC(285) PSYoungGen: 150222K(481280K)->150222K(481280K) Eden: 129536K(129536K)->129536K(129536K) From: 20686K(351744K)->20686K(351744K)
[103.686s][info][gc,heap        ] GC(285) ParOldGen: 7236573K(7236608K)->7236573K(7236608K)
[103.686s][info][gc,metaspace   ] GC(285) Metaspace: 6298K(6464K)->6298K(6464K) NonClass: 5765K(5824K)->5765K(5824K) Class: 533K(640K)->533K(640K)
[103.686s][info][gc             ] GC(285) Pause Full (Ergonomics) 7213M->7213M(7537M) 2234.990ms
[103.686s][info][gc,cpu         ] GC(285) User=16.42s Sys=0.00s Real=2.23s
[103.687s][info][gc,start       ] GC(286) Pause Full (Ergonomics)
[103.687s][info][gc,phases,start] GC(286) Marking Phase
[105.366s][info][gc,phases      ] GC(286) Marking Phase 1679.505ms
[105.366s][info][gc,phases,start] GC(286) Summary Phase
[105.366s][info][gc,phases      ] GC(286) Summary Phase 0.074ms
[105.366s][info][gc,phases,start] GC(286) Adjust Roots
[105.367s][info][gc,phases      ] GC(286) Adjust Roots 0.173ms
[105.367s][info][gc,phases,start] GC(286) Compaction Phase
[105.874s][info][gc,phases      ] GC(286) Compaction Phase 507.835ms
[105.875s][info][gc,phases,start] GC(286) Post Compact
[105.885s][info][gc,phases      ] GC(286) Post Compact 10.886ms
[105.885s][info][gc,heap        ] GC(286) PSYoungGen: 150222K(481280K)->150222K(481280K) Eden: 129536K(129536K)->129536K(129536K) From: 20686K(351744K)->20686K(351744K)
[105.885s][info][gc,heap        ] GC(286) ParOldGen: 7236577K(7236608K)->7236577K(7236608K)
[105.885s][info][gc,metaspace   ] GC(286) Metaspace: 6298K(6464K)->6298K(6464K) NonClass: 5765K(5824K)->5765K(5824K) Class: 533K(640K)->533K(640K)
[105.886s][info][gc             ] GC(286) Pause Full (Ergonomics) 7213M->7213M(7537M) 2198.828ms
[105.886s][info][gc,cpu         ] GC(286) User=16.42s Sys=0.02s Real=2.20s
[105.886s][info][gc,start       ] GC(287) Pause Full (Ergonomics)
[105.886s][info][gc,phases,start] GC(287) Marking Phase
[107.520s][info][gc,phases      ] GC(287) Marking Phase 1633.811ms
[107.520s][info][gc,phases,start] GC(287) Summary Phase
[107.520s][info][gc,phases      ] GC(287) Summary Phase 0.086ms
[107.520s][info][gc,phases,start] GC(287) Adjust Roots
[107.520s][info][gc,phases      ] GC(287) Adjust Roots 0.167ms
[107.520s][info][gc,phases,start] GC(287) Compaction Phase
[108.082s][info][gc,phases      ] GC(287) Compaction Phase 562.014ms
[108.082s][info][gc,phases,start] GC(287) Post Compact
[108.094s][info][gc,phases      ] GC(287) Post Compact 11.621ms
[108.094s][info][gc,heap        ] GC(287) PSYoungGen: 150222K(481280K)->150222K(481280K) Eden: 129536K(129536K)->129536K(129536K) From: 20686K(351744K)->20686K(351744K)
[108.094s][info][gc,heap        ] GC(287) ParOldGen: 7236582K(7236608K)->7236582K(7236608K)
[108.094s][info][gc,metaspace   ] GC(287) Metaspace: 6298K(6464K)->6298K(6464K) NonClass: 5765K(5824K)->5765K(5824K) Class: 533K(640K)->533K(640K)
[108.094s][info][gc             ] GC(287) Pause Full (Ergonomics) 7213M->7213M(7537M) 2208.070ms
[108.094s][info][gc,cpu         ] GC(287) User=16.19s Sys=0.00s Real=2.21s
[108.094s][info][gc,start       ] GC(288) Pause Full (Ergonomics)
[108.094s][info][gc,phases,start] GC(288) Marking Phase
[109.775s][info][gc,phases      ] GC(288) Marking Phase 1680.911ms
[109.775s][info][gc,phases,start] GC(288) Summary Phase
[109.775s][info][gc,phases      ] GC(288) Summary Phase 0.076ms
[109.775s][info][gc,phases,start] GC(288) Adjust Roots
[109.775s][info][gc,phases      ] GC(288) Adjust Roots 0.196ms
[109.775s][info][gc,phases,start] GC(288) Compaction Phase
[110.332s][info][gc,phases      ] GC(288) Compaction Phase 556.897ms
[110.332s][info][gc,phases,start] GC(288) Post Compact
[110.343s][info][gc,phases      ] GC(288) Post Compact 11.053ms
[110.343s][info][gc,heap        ] GC(288) PSYoungGen: 150222K(481280K)->150222K(481280K) Eden: 129536K(129536K)->129536K(129536K) From: 20686K(351744K)->20686K(351744K)
[110.343s][info][gc,heap        ] GC(288) ParOldGen: 7236587K(7236608K)->7236587K(7236608K)
[110.343s][info][gc,metaspace   ] GC(288) Metaspace: 6298K(6464K)->6298K(6464K) NonClass: 5765K(5824K)->5765K(5824K) Class: 533K(640K)->533K(640K)
[110.343s][info][gc             ] GC(288) Pause Full (Ergonomics) 7213M->7213M(7537M) 2249.474ms
[110.343s][info][gc,cpu         ] GC(288) User=16.42s Sys=0.00s Real=2.25s
[110.344s][info][gc,start       ] GC(289) Pause Full (Ergonomics)
[110.344s][info][gc,phases,start] GC(289) Marking Phase
[111.983s][info][gc,phases      ] GC(289) Marking Phase 1639.304ms
[111.983s][info][gc,phases,start] GC(289) Summary Phase
[111.983s][info][gc,phases      ] GC(289) Summary Phase 0.075ms
[111.983s][info][gc,phases,start] GC(289) Adjust Roots
[111.983s][info][gc,phases      ] GC(289) Adjust Roots 0.176ms
[111.983s][info][gc,phases,start] GC(289) Compaction Phase
[112.540s][info][gc,phases      ] GC(289) Compaction Phase 557.065ms
[112.541s][info][gc,phases,start] GC(289) Post Compact
[112.551s][info][gc,phases      ] GC(289) Post Compact 10.931ms
[112.552s][info][gc,heap        ] GC(289) PSYoungGen: 150222K(481280K)->150222K(481280K) Eden: 129536K(129536K)->129536K(129536K) From: 20686K(351744K)->20686K(351744K)
[112.552s][info][gc,heap        ] GC(289) ParOldGen: 7236592K(7236608K)->7236592K(7236608K)
[112.552s][info][gc,metaspace   ] GC(289) Metaspace: 6298K(6464K)->6298K(6464K) NonClass: 5765K(5824K)->5765K(5824K) Class: 533K(640K)->533K(640K)
[112.552s][info][gc             ] GC(289) Pause Full (Ergonomics) 7213M->7213M(7537M) 2207.889ms
[112.552s][info][gc,cpu         ] GC(289) User=16.33s Sys=0.00s Real=2.21s
[112.552s][info][gc,start       ] GC(290) Pause Full (Ergonomics)
[112.552s][info][gc,phases,start] GC(290) Marking Phase
[114.225s][info][gc,phases      ] GC(290) Marking Phase 1673.500ms
[114.225s][info][gc,phases,start] GC(290) Summary Phase
[114.226s][info][gc,phases      ] GC(290) Summary Phase 0.071ms
[114.226s][info][gc,phases,start] GC(290) Adjust Roots
[114.226s][info][gc,phases      ] GC(290) Adjust Roots 0.164ms
[114.226s][info][gc,phases,start] GC(290) Compaction Phase
[114.810s][info][gc,phases      ] GC(290) Compaction Phase 584.445ms
[114.810s][info][gc,phases,start] GC(290) Post Compact
[114.821s][info][gc,phases      ] GC(290) Post Compact 10.972ms
[114.821s][info][gc,heap        ] GC(290) PSYoungGen: 150222K(481280K)->150222K(481280K) Eden: 129536K(129536K)->129536K(129536K) From: 20686K(351744K)->20686K(351744K)
[114.821s][info][gc,heap        ] GC(290) ParOldGen: 7236597K(7236608K)->7236597K(7236608K)
[114.821s][info][gc,metaspace   ] GC(290) Metaspace: 6298K(6464K)->6298K(6464K) NonClass: 5765K(5824K)->5765K(5824K) Class: 533K(640K)->533K(640K)
[114.821s][info][gc             ] GC(290) Pause Full (Ergonomics) 7213M->7213M(7537M) 2269.546ms
[114.821s][info][gc,cpu         ] GC(290) User=16.44s Sys=0.00s Real=2.27s
[114.822s][info][gc,start       ] GC(291) Pause Full (Ergonomics)
[114.822s][info][gc,phases,start] GC(291) Marking Phase
[116.484s][info][gc,phases      ] GC(291) Marking Phase 1662.240ms
[116.484s][info][gc,phases,start] GC(291) Summary Phase
[116.484s][info][gc,phases      ] GC(291) Summary Phase 0.077ms
[116.484s][info][gc,phases,start] GC(291) Adjust Roots
[116.484s][info][gc,phases      ] GC(291) Adjust Roots 0.176ms
[116.484s][info][gc,phases,start] GC(291) Compaction Phase
[117.040s][info][gc,phases      ] GC(291) Compaction Phase 556.081ms
[117.040s][info][gc,phases,start] GC(291) Post Compact
[117.051s][info][gc,phases      ] GC(291) Post Compact 10.989ms
[117.051s][info][gc,heap        ] GC(291) PSYoungGen: 150222K(481280K)->150222K(481280K) Eden: 129536K(129536K)->129536K(129536K) From: 20686K(351744K)->20686K(351744K)
[117.051s][info][gc,heap        ] GC(291) ParOldGen: 7236602K(7236608K)->7236602K(7236608K)
[117.051s][info][gc,metaspace   ] GC(291) Metaspace: 6298K(6464K)->6298K(6464K) NonClass: 5765K(5824K)->5765K(5824K) Class: 533K(640K)->533K(640K)
[117.051s][info][gc             ] GC(291) Pause Full (Ergonomics) 7213M->7213M(7537M) 2229.901ms
[117.051s][info][gc,cpu         ] GC(291) User=16.23s Sys=0.00s Real=2.23s
[117.052s][info][gc,start       ] GC(292) Pause Full (Ergonomics)
[117.052s][info][gc,phases,start] GC(292) Marking Phase
[118.679s][info][gc,phases      ] GC(292) Marking Phase 1626.968ms
[118.679s][info][gc,phases,start] GC(292) Summary Phase
[118.679s][info][gc,phases      ] GC(292) Summary Phase 0.097ms
[118.679s][info][gc,phases,start] GC(292) Adjust Roots
[118.679s][info][gc,phases      ] GC(292) Adjust Roots 0.192ms
[118.679s][info][gc,phases,start] GC(292) Compaction Phase
[119.258s][info][gc,phases      ] GC(292) Compaction Phase 578.727ms
[119.258s][info][gc,phases,start] GC(292) Post Compact
[119.269s][info][gc,phases      ] GC(292) Post Compact 10.893ms
[119.269s][info][gc,heap        ] GC(292) PSYoungGen: 150222K(481280K)->150222K(481280K) Eden: 129536K(129536K)->129536K(129536K) From: 20686K(351744K)->20686K(351744K)
[119.269s][info][gc,heap        ] GC(292) ParOldGen: 7236606K(7236608K)->7236606K(7236608K)
[119.269s][info][gc,metaspace   ] GC(292) Metaspace: 6298K(6464K)->6298K(6464K) NonClass: 5765K(5824K)->5765K(5824K) Class: 533K(640K)->533K(640K)
[119.269s][info][gc             ] GC(292) Pause Full (Ergonomics) 7213M->7213M(7537M) 2217.222ms
[119.269s][info][gc,cpu         ] GC(292) User=16.05s Sys=0.06s Real=2.22s
[119.269s][info][gc,start       ] GC(293) Pause Full (Ergonomics)
[119.269s][info][gc,phases,start] GC(293) Marking Phase
[120.920s][info][gc,phases      ] GC(293) Marking Phase 1650.930ms
[120.920s][info][gc,phases,start] GC(293) Summary Phase
[120.920s][info][gc,phases      ] GC(293) Summary Phase 0.076ms
[120.920s][info][gc,phases,start] GC(293) Adjust Roots
[120.920s][info][gc,phases      ] GC(293) Adjust Roots 0.182ms
[120.920s][info][gc,phases,start] GC(293) Compaction Phase
[121.472s][info][gc,phases      ] GC(293) Compaction Phase 551.307ms
[121.472s][info][gc,phases,start] GC(293) Post Compact
[121.483s][info][gc,phases      ] GC(293) Post Compact 11.035ms
[121.483s][info][gc,heap        ] GC(293) PSYoungGen: 150222K(481280K)->150222K(481280K) Eden: 129536K(129536K)->129536K(129536K) From: 20686K(351744K)->20686K(351744K)
[121.483s][info][gc,heap        ] GC(293) ParOldGen: 7236607K(7236608K)->7236607K(7236608K)
[121.483s][info][gc,metaspace   ] GC(293) Metaspace: 6298K(6464K)->6298K(6464K) NonClass: 5765K(5824K)->5765K(5824K) Class: 533K(640K)->533K(640K)
[121.483s][info][gc             ] GC(293) Pause Full (Ergonomics) 7213M->7213M(7537M) 2213.864ms
[121.483s][info][gc,cpu         ] GC(293) User=16.38s Sys=0.02s Real=2.21s
[121.483s][info][gc,start       ] GC(294) Pause Full (Allocation Failure)
[121.483s][info][gc,phases,start] GC(294) Marking Phase
[123.176s][info][gc,phases      ] GC(294) Marking Phase 1692.570ms
[123.176s][info][gc,phases,start] GC(294) Summary Phase
[123.176s][info][gc,phases      ] GC(294) Summary Phase 0.077ms
[123.176s][info][gc,phases,start] GC(294) Adjust Roots
[123.176s][info][gc,phases      ] GC(294) Adjust Roots 0.492ms
[123.176s][info][gc,phases,start] GC(294) Compaction Phase
[125.044s][info][gc,phases      ] GC(294) Compaction Phase 1868.159ms
[125.045s][info][gc,phases,start] GC(294) Post Compact
[125.056s][info][gc,phases      ] GC(294) Post Compact 11.182ms
[125.056s][info][gc,heap        ] GC(294) PSYoungGen: 150222K(481280K)->150222K(481280K) Eden: 129536K(129536K)->129536K(129536K) From: 20686K(351744K)->20686K(351744K)
[125.056s][info][gc,heap        ] GC(294) ParOldGen: 7236607K(7236608K)->7236603K(7236608K)
[125.056s][info][gc,metaspace   ] GC(294) Metaspace: 6298K(6464K)->6296K(6464K) NonClass: 5765K(5824K)->5763K(5824K) Class: 533K(640K)->532K(640K)
[125.056s][info][gc             ] GC(294) Pause Full (Allocation Failure) 7213M->7213M(7537M) 3572.842ms
[125.056s][info][gc,cpu         ] GC(294) User=26.52s Sys=0.00s Real=3.57s
[125.056s][info][gc,start       ] GC(295) Pause Full (Ergonomics)
[125.056s][info][gc,phases,start] GC(295) Marking Phase
[126.711s][info][gc,phases      ] GC(295) Marking Phase 1654.232ms
[126.711s][info][gc,phases,start] GC(295) Summary Phase
[126.711s][info][gc,phases      ] GC(295) Summary Phase 0.073ms
[126.711s][info][gc,phases,start] GC(295) Adjust Roots
[126.711s][info][gc,phases      ] GC(295) Adjust Roots 0.175ms
[126.711s][info][gc,phases,start] GC(295) Compaction Phase
[127.271s][info][gc,phases      ] GC(295) Compaction Phase 559.720ms
[127.271s][info][gc,phases,start] GC(295) Post Compact
[127.282s][info][gc,phases      ] GC(295) Post Compact 10.935ms
[127.282s][info][gc,heap        ] GC(295) PSYoungGen: 150222K(481280K)->150222K(481280K) Eden: 129536K(129536K)->129536K(129536K) From: 20686K(351744K)->20686K(351744K)
[127.282s][info][gc,heap        ] GC(295) ParOldGen: 7236607K(7236608K)->7236607K(7236608K)
[127.282s][info][gc,metaspace   ] GC(295) Metaspace: 6296K(6464K)->6296K(6464K) NonClass: 5763K(5824K)->5763K(5824K) Class: 532K(640K)->532K(640K)
[127.282s][info][gc             ] GC(295) Pause Full (Ergonomics) 7213M->7213M(7537M) 2225.491ms
[127.282s][info][gc,cpu         ] GC(295) User=16.44s Sys=0.02s Real=2.22s
[127.282s][info][gc,start       ] GC(296) Pause Full (Ergonomics)
[127.282s][info][gc,phases,start] GC(296) Marking Phase
[128.958s][info][gc,phases      ] GC(296) Marking Phase 1675.676ms
[128.958s][info][gc,phases,start] GC(296) Summary Phase
[128.958s][info][gc,phases      ] GC(296) Summary Phase 0.082ms
[128.958s][info][gc,phases,start] GC(296) Adjust Roots
[128.958s][info][gc,phases      ] GC(296) Adjust Roots 0.205ms
[128.959s][info][gc,phases,start] GC(296) Compaction Phase
[129.500s][info][gc,phases      ] GC(296) Compaction Phase 541.487ms
[129.500s][info][gc,phases,start] GC(296) Post Compact
[129.511s][info][gc,phases      ] GC(296) Post Compact 10.864ms
[129.511s][info][gc,heap        ] GC(296) PSYoungGen: 150222K(481280K)->150222K(481280K) Eden: 129536K(129536K)->129536K(129536K) From: 20686K(351744K)->20686K(351744K)
[129.511s][info][gc,heap        ] GC(296) ParOldGen: 7236608K(7236608K)->7236608K(7236608K)
[129.511s][info][gc,metaspace   ] GC(296) Metaspace: 6296K(6464K)->6296K(6464K) NonClass: 5763K(5824K)->5763K(5824K) Class: 532K(640K)->532K(640K)
[129.511s][info][gc             ] GC(296) Pause Full (Ergonomics) 7213M->7213M(7537M) 2228.702ms
[129.511s][info][gc,cpu         ] GC(296) User=16.56s Sys=0.00s Real=2.23s
[129.511s][info][gc,start       ] GC(297) Pause Full (Allocation Failure)
[129.511s][info][gc,phases,start] GC(297) Marking Phase
[131.157s][info][gc,phases      ] GC(297) Marking Phase 1645.533ms
[131.157s][info][gc,phases,start] GC(297) Summary Phase
[131.157s][info][gc,phases      ] GC(297) Summary Phase 0.078ms
[131.157s][info][gc,phases,start] GC(297) Adjust Roots
[131.157s][info][gc,phases      ] GC(297) Adjust Roots 0.182ms
[131.157s][info][gc,phases,start] GC(297) Compaction Phase
[131.680s][info][gc,phases      ] GC(297) Compaction Phase 522.795ms
[131.680s][info][gc,phases,start] GC(297) Post Compact
[131.691s][info][gc,phases      ] GC(297) Post Compact 11.050ms
[131.691s][info][gc,heap        ] GC(297) PSYoungGen: 150222K(481280K)->150222K(481280K) Eden: 129536K(129536K)->129536K(129536K) From: 20686K(351744K)->20686K(351744K)
[131.691s][info][gc,heap        ] GC(297) ParOldGen: 7236608K(7236608K)->7236608K(7236608K)
[131.691s][info][gc,metaspace   ] GC(297) Metaspace: 6296K(6464K)->6296K(6464K) NonClass: 5763K(5824K)->5763K(5824K) Class: 532K(640K)->532K(640K)
[131.691s][info][gc             ] GC(297) Pause Full (Allocation Failure) 7213M->7213M(7537M) 2179.962ms
[131.691s][info][gc,cpu         ] GC(297) User=16.20s Sys=0.02s Real=2.18s
[131.692s][info][gc,start       ] GC(298) Pause Full (Ergonomics)
[131.692s][info][gc,phases,start] GC(298) Marking Phase
[133.355s][info][gc,phases      ] GC(298) Marking Phase 1663.538ms
[133.355s][info][gc,phases,start] GC(298) Summary Phase
[133.355s][info][gc,phases      ] GC(298) Summary Phase 0.082ms
[133.355s][info][gc,phases,start] GC(298) Adjust Roots
[133.356s][info][gc,phases      ] GC(298) Adjust Roots 0.305ms
[133.356s][info][gc,phases,start] GC(298) Compaction Phase
[135.224s][info][gc,phases      ] GC(298) Compaction Phase 1868.693ms
[135.224s][info][gc,phases,start] GC(298) Post Compact
[135.235s][info][gc,phases      ] GC(298) Post Compact 11.012ms
[135.235s][info][gc,heap        ] GC(298) PSYoungGen: 150222K(481280K)->150222K(481280K) Eden: 129536K(129536K)->129536K(129536K) From: 20686K(351744K)->20686K(351744K)
[135.236s][info][gc,heap        ] GC(298) ParOldGen: 7236608K(7236608K)->7236606K(7236608K)
[135.236s][info][gc,metaspace   ] GC(298) Metaspace: 6296K(6464K)->6296K(6464K) NonClass: 5763K(5824K)->5763K(5824K) Class: 532K(640K)->532K(640K)
[135.236s][info][gc             ] GC(298) Pause Full (Ergonomics) 7213M->7213M(7537M) 3543.974ms
[135.236s][info][gc,cpu         ] GC(298) User=26.39s Sys=0.02s Real=3.54s
[135.237s][info][gc,start       ] GC(299) Pause Full (Ergonomics)
[135.237s][info][gc,phases,start] GC(299) Marking Phase
[136.902s][info][gc,phases      ] GC(299) Marking Phase 1665.262ms
[136.902s][info][gc,phases,start] GC(299) Summary Phase
[136.902s][info][gc,phases      ] GC(299) Summary Phase 0.089ms
[136.902s][info][gc,phases,start] GC(299) Adjust Roots
[136.903s][info][gc,phases      ] GC(299) Adjust Roots 0.311ms
[136.903s][info][gc,phases,start] GC(299) Compaction Phase
[138.778s][info][gc,phases      ] GC(299) Compaction Phase 1874.928ms
[138.778s][info][gc,phases,start] GC(299) Post Compact
[138.788s][info][gc,phases      ] GC(299) Post Compact 10.854ms
[138.789s][info][gc,heap        ] GC(299) PSYoungGen: 150222K(481280K)->150222K(481280K) Eden: 129536K(129536K)->129536K(129536K) From: 20686K(351744K)->20686K(351744K)
[138.789s][info][gc,heap        ] GC(299) ParOldGen: 7236607K(7236608K)->7236605K(7236608K)
[138.789s][info][gc,metaspace   ] GC(299) Metaspace: 6298K(6464K)->6298K(6464K) NonClass: 5764K(5824K)->5764K(5824K) Class: 533K(640K)->533K(640K)
[138.789s][info][gc             ] GC(299) Pause Full (Ergonomics) 7213M->7213M(7537M) 3551.802ms
[138.789s][info][gc,cpu         ] GC(299) User=26.50s Sys=0.00s Real=3.55s
[138.789s][info][gc,heap,exit   ] Heap
[138.789s][info][gc,heap,exit   ]  PSYoungGen      total 481280K, used 150222K [0x0000000723300000, 0x0000000755a00000, 0x0000000800000000)
[138.789s][info][gc,heap,exit   ]   eden space 129536K, 100% used [0x0000000723300000,0x000000072b180000,0x000000072b180000)
[138.789s][info][gc,heap,exit   ]   from space 351744K, 5% used [0x000000072b180000,0x000000072c5b39d8,0x0000000740900000)
[138.789s][info][gc,heap,exit   ]   to   space 341504K, 0% used [0x0000000740c80000,0x0000000740c80000,0x0000000755a00000)
[138.789s][info][gc,heap,exit   ]  ParOldGen       total 7236608K, used 7236606K [0x0000000569800000, 0x0000000723300000, 0x0000000723300000)
[138.789s][info][gc,heap,exit   ]   object space 7236608K, 99% used [0x0000000569800000,0x00000007232ff828,0x0000000723300000)
[138.789s][info][gc,heap,exit   ]  Metaspace       used 6301K, committed 6464K, reserved 1114112K
[138.789s][info][gc,heap,exit   ]   class space    used 534K, committed 640K, reserved 1048576K
