[0.012s][info][gc,init] CardTable entry size: 512
[0.012s][info][gc     ] Using Parallel
[0.013s][info][gc,init] Version: 18.0.1+10 (release)
[0.013s][info][gc,init] CPUs: 8 total, 8 available
[0.013s][info][gc,init] Memory: 16063M
[0.013s][info][gc,init] Large Page Support: Disabled
[0.013s][info][gc,init] NUMA Support: Disabled
[0.013s][info][gc,init] Compressed Oops: Enabled (Zero based)
[0.013s][info][gc,init] Alignments: Space 512K, Generation 512K, Heap 2M
[0.013s][info][gc,init] Heap Min Capacity: 2M
[0.013s][info][gc,init] Heap Initial Capacity: 2M
[0.013s][info][gc,init] Heap Max Capacity: 2400M
[0.013s][info][gc,init] Pre-touch: Disabled
[0.013s][info][gc,init] Parallel Workers: 8
[0.014s][info][gc,metaspace] CDS archive(s) not mapped
[0.014s][info][gc,metaspace] Compressed class space mapped at: 0x0000000800000000-0x0000000840000000, reserved size: 1073741824
[0.014s][info][gc,metaspace] Narrow klass base: 0x0000000800000000, Narrow klass shift: 0, Narrow klass range: 0x40000000
[0.115s][info][gc,start    ] GC(0) Pause Young (Allocation Failure)
[0.117s][info][gc,heap     ] GC(0) PSYoungGen: 512K(1024K)->480K(1024K) Eden: 512K(512K)->0K(512K) From: 0K(512K)->480K(512K)
[0.117s][info][gc,heap     ] GC(0) ParOldGen: 0K(512K)->8K(512K)
[0.117s][info][gc,metaspace] GC(0) Metaspace: 4229K(4352K)->4229K(4352K) NonClass: 3908K(3968K)->3908K(3968K) Class: 321K(384K)->321K(384K)
[0.117s][info][gc          ] GC(0) Pause Young (Allocation Failure) 0M->0M(1M) 1.486ms
[0.117s][info][gc,cpu      ] GC(0) User=0.00s Sys=0.00s Real=0.00s
[0.181s][info][gc,start    ] GC(1) Pause Young (Allocation Failure)
[0.181s][info][gc,heap     ] GC(1) PSYoungGen: 991K(1024K)->512K(1536K) Eden: 511K(512K)->0K(1024K) From: 480K(512K)->512K(512K)
[0.181s][info][gc,heap     ] GC(1) ParOldGen: 8K(512K)->88K(512K)
[0.181s][info][gc,metaspace] GC(1) Metaspace: 5880K(6016K)->5880K(6016K) NonClass: 5383K(5504K)->5383K(5504K) Class: 496K(512K)->496K(512K)
[0.181s][info][gc          ] GC(1) Pause Young (Allocation Failure) 0M->0M(2M) 0.911ms
[0.181s][info][gc,cpu      ] GC(1) User=0.00s Sys=0.00s Real=0.00s
[0.202s][info][gc,start    ] GC(2) Pause Young (Allocation Failure)
[0.203s][info][gc,heap     ] GC(2) PSYoungGen: 1536K(1536K)->512K(1536K) Eden: 1024K(1024K)->0K(1024K) From: 512K(512K)->512K(512K)
[0.203s][info][gc,heap     ] GC(2) ParOldGen: 88K(512K)->504K(512K)
[0.203s][info][gc,metaspace] GC(2) Metaspace: 6300K(6464K)->6300K(6464K) NonClass: 5766K(5824K)->5766K(5824K) Class: 533K(640K)->533K(640K)
[0.203s][info][gc          ] GC(2) Pause Young (Allocation Failure) 1M->0M(2M) 1.308ms
[0.203s][info][gc,cpu      ] GC(2) User=0.00s Sys=0.00s Real=0.00s
[0.203s][info][gc,start    ] GC(3) Pause Full (Ergonomics)
[0.203s][info][gc,phases,start] GC(3) Marking Phase
[0.204s][info][gc,phases      ] GC(3) Marking Phase 0.890ms
[0.204s][info][gc,phases,start] GC(3) Summary Phase
[0.204s][info][gc,phases      ] GC(3) Summary Phase 0.016ms
[0.204s][info][gc,phases,start] GC(3) Adjust Roots
[0.204s][info][gc,phases      ] GC(3) Adjust Roots 0.333ms
[0.204s][info][gc,phases,start] GC(3) Compaction Phase
[0.206s][info][gc,phases      ] GC(3) Compaction Phase 1.538ms
[0.206s][info][gc,phases,start] GC(3) Post Compact
[0.206s][info][gc,phases      ] GC(3) Post Compact 0.068ms
[0.206s][info][gc,heap        ] GC(3) PSYoungGen: 512K(1536K)->510K(1536K) Eden: 0K(1024K)->0K(1024K) From: 512K(512K)->510K(512K)
[0.206s][info][gc,heap        ] GC(3) ParOldGen: 504K(512K)->470K(2048K)
[0.206s][info][gc,metaspace   ] GC(3) Metaspace: 6300K(6464K)->6300K(6464K) NonClass: 5766K(5824K)->5766K(5824K) Class: 533K(640K)->533K(640K)
[0.206s][info][gc             ] GC(3) Pause Full (Ergonomics) 0M->0M(3M) 3.080ms
[0.206s][info][gc,cpu         ] GC(3) User=0.00s Sys=0.00s Real=0.00s
[0.207s][info][gc,start       ] GC(4) Pause Young (Allocation Failure)
[0.209s][info][gc,heap        ] GC(4) PSYoungGen: 1534K(1536K)->480K(2560K) Eden: 1024K(1024K)->0K(2048K) From: 510K(512K)->480K(512K)
[0.209s][info][gc,heap        ] GC(4) ParOldGen: 470K(2048K)->1034K(2048K)
[0.209s][info][gc,metaspace   ] GC(4) Metaspace: 6300K(6464K)->6300K(6464K) NonClass: 5766K(5824K)->5766K(5824K) Class: 533K(640K)->533K(640K)
[0.209s][info][gc             ] GC(4) Pause Young (Allocation Failure) 1M->1M(4M) 1.487ms
[0.209s][info][gc,cpu         ] GC(4) User=0.00s Sys=0.00s Real=0.00s
[0.212s][info][gc,start       ] GC(5) Pause Young (Allocation Failure)
[0.214s][info][gc,heap        ] GC(5) PSYoungGen: 2528K(2560K)->480K(2560K) Eden: 2048K(2048K)->0K(2048K) From: 480K(512K)->480K(512K)
[0.214s][info][gc,heap        ] GC(5) ParOldGen: 1034K(2048K)->2106K(2560K)
[0.214s][info][gc,metaspace   ] GC(5) Metaspace: 6300K(6464K)->6300K(6464K) NonClass: 5766K(5824K)->5766K(5824K) Class: 533K(640K)->533K(640K)
[0.214s][info][gc             ] GC(5) Pause Young (Allocation Failure) 3M->2M(5M) 2.147ms
[0.214s][info][gc,cpu         ] GC(5) User=0.00s Sys=0.00s Real=0.00s
[0.214s][info][gc,start       ] GC(6) Pause Full (Ergonomics)
[0.214s][info][gc,phases,start] GC(6) Marking Phase
[0.215s][info][gc,phases      ] GC(6) Marking Phase 1.539ms
[0.215s][info][gc,phases,start] GC(6) Summary Phase
[0.215s][info][gc,phases      ] GC(6) Summary Phase 0.015ms
[0.215s][info][gc,phases,start] GC(6) Adjust Roots
[0.216s][info][gc,phases      ] GC(6) Adjust Roots 0.405ms
[0.216s][info][gc,phases,start] GC(6) Compaction Phase
[0.218s][info][gc,phases      ] GC(6) Compaction Phase 2.253ms
[0.218s][info][gc,phases,start] GC(6) Post Compact
[0.218s][info][gc,phases      ] GC(6) Post Compact 0.034ms
[0.218s][info][gc,heap        ] GC(6) PSYoungGen: 480K(2560K)->0K(4096K) Eden: 0K(2048K)->0K(3072K) From: 480K(512K)->0K(1024K)
[0.218s][info][gc,heap        ] GC(6) ParOldGen: 2106K(2560K)->2542K(6144K)
[0.218s][info][gc,metaspace   ] GC(6) Metaspace: 6300K(6464K)->6300K(6464K) NonClass: 5766K(5824K)->5766K(5824K) Class: 533K(640K)->533K(640K)
[0.218s][info][gc             ] GC(6) Pause Full (Ergonomics) 2M->2M(10M) 4.585ms
[0.218s][info][gc,cpu         ] GC(6) User=0.00s Sys=0.00s Real=0.00s
[0.223s][info][gc,start       ] GC(7) Pause Young (Allocation Failure)
[0.225s][info][gc,heap        ] GC(7) PSYoungGen: 3072K(4096K)->1696K(5120K) Eden: 3072K(3072K)->0K(3072K) From: 0K(1024K)->1696K(2048K)
[0.225s][info][gc,heap        ] GC(7) ParOldGen: 2542K(6144K)->2542K(6144K)
[0.225s][info][gc,metaspace   ] GC(7) Metaspace: 6300K(6464K)->6300K(6464K) NonClass: 5766K(5824K)->5766K(5824K) Class: 533K(640K)->533K(640K)
[0.225s][info][gc             ] GC(7) Pause Young (Allocation Failure) 5M->4M(11M) 2.181ms
[0.225s][info][gc,cpu         ] GC(7) User=0.00s Sys=0.00s Real=0.00s
[0.229s][info][gc,start       ] GC(8) Pause Young (Allocation Failure)
[0.232s][info][gc,heap        ] GC(8) PSYoungGen: 4768K(5120K)->2016K(5632K) Eden: 3072K(3072K)->0K(3584K) From: 1696K(2048K)->2016K(2048K)
[0.232s][info][gc,heap        ] GC(8) ParOldGen: 2542K(6144K)->3774K(6144K)
[0.233s][info][gc,metaspace   ] GC(8) Metaspace: 6300K(6464K)->6300K(6464K) NonClass: 5766K(5824K)->5766K(5824K) Class: 533K(640K)->533K(640K)
[0.233s][info][gc             ] GC(8) Pause Young (Allocation Failure) 7M->5M(11M) 3.596ms
[0.233s][info][gc,cpu         ] GC(8) User=0.02s Sys=0.00s Real=0.00s
[0.239s][info][gc,start       ] GC(9) Pause Young (Allocation Failure)
[0.242s][info][gc,heap        ] GC(9) PSYoungGen: 5600K(5632K)->3040K(6656K) Eden: 3584K(3584K)->0K(3584K) From: 2016K(2048K)->3040K(3072K)
[0.242s][info][gc,heap        ] GC(9) ParOldGen: 3774K(6144K)->4614K(6144K)
[0.242s][info][gc,metaspace   ] GC(9) Metaspace: 6300K(6464K)->6300K(6464K) NonClass: 5766K(5824K)->5766K(5824K) Class: 533K(640K)->533K(640K)
[0.242s][info][gc             ] GC(9) Pause Young (Allocation Failure) 9M->7M(12M) 3.340ms
[0.242s][info][gc,cpu         ] GC(9) User=0.00s Sys=0.00s Real=0.00s
[0.247s][info][gc,start       ] GC(10) Pause Young (Allocation Failure)
[0.251s][info][gc,heap        ] GC(10) PSYoungGen: 6624K(6656K)->4064K(9216K) Eden: 3584K(3584K)->0K(5120K) From: 3040K(3072K)->4064K(4096K)
[0.251s][info][gc,heap        ] GC(10) ParOldGen: 4614K(6144K)->5454K(6144K)
[0.251s][info][gc,metaspace   ] GC(10) Metaspace: 6300K(6464K)->6300K(6464K) NonClass: 5766K(5824K)->5766K(5824K) Class: 533K(640K)->533K(640K)
[0.251s][info][gc             ] GC(10) Pause Young (Allocation Failure) 10M->9M(15M) 4.218ms
[0.251s][info][gc,cpu         ] GC(10) User=0.00s Sys=0.00s Real=0.00s
[0.251s][info][gc,start       ] GC(11) Pause Full (Ergonomics)
[0.251s][info][gc,phases,start] GC(11) Marking Phase
[0.256s][info][gc,phases      ] GC(11) Marking Phase 5.001ms
[0.256s][info][gc,phases,start] GC(11) Summary Phase
[0.256s][info][gc,phases      ] GC(11) Summary Phase 0.014ms
[0.256s][info][gc,phases,start] GC(11) Adjust Roots
[0.256s][info][gc,phases      ] GC(11) Adjust Roots 0.348ms
[0.257s][info][gc,phases,start] GC(11) Compaction Phase
[0.264s][info][gc,phases      ] GC(11) Compaction Phase 7.088ms
[0.264s][info][gc,phases,start] GC(11) Post Compact
[0.264s][info][gc,phases      ] GC(11) Post Compact 0.064ms
[0.264s][info][gc,heap        ] GC(11) PSYoungGen: 4064K(9216K)->3545K(9216K) Eden: 0K(5120K)->0K(5120K) From: 4064K(4096K)->3545K(4096K)
[0.264s][info][gc,heap        ] GC(11) ParOldGen: 5454K(6144K)->5831K(10752K)
[0.264s][info][gc,metaspace   ] GC(11) Metaspace: 6300K(6464K)->6300K(6464K) NonClass: 5766K(5824K)->5766K(5824K) Class: 533K(640K)->533K(640K)
[0.264s][info][gc             ] GC(11) Pause Full (Ergonomics) 9M->9M(19M) 12.846ms
[0.264s][info][gc,cpu         ] GC(11) User=0.00s Sys=0.00s Real=0.01s
[0.271s][info][gc,start       ] GC(12) Pause Young (Allocation Failure)
[0.276s][info][gc,heap        ] GC(12) PSYoungGen: 8665K(9216K)->5088K(10240K) Eden: 5120K(5120K)->0K(5120K) From: 3545K(4096K)->5088K(5120K)
[0.276s][info][gc,heap        ] GC(12) ParOldGen: 5831K(10752K)->6951K(10752K)
[0.276s][info][gc,metaspace   ] GC(12) Metaspace: 6300K(6464K)->6300K(6464K) NonClass: 5766K(5824K)->5766K(5824K) Class: 533K(640K)->533K(640K)
[0.276s][info][gc             ] GC(12) Pause Young (Allocation Failure) 14M->11M(20M) 5.322ms
[0.276s][info][gc,cpu         ] GC(12) User=0.00s Sys=0.00s Real=0.01s
[0.280s][info][gc,start       ] GC(13) Pause Young (Allocation Failure)
[0.286s][info][gc,heap        ] GC(13) PSYoungGen: 10208K(10240K)->6464K(12800K) Eden: 5120K(5120K)->0K(6144K) From: 5088K(5120K)->6464K(6656K)
[0.286s][info][gc,heap        ] GC(13) ParOldGen: 6951K(10752K)->8239K(10752K)
[0.286s][info][gc,metaspace   ] GC(13) Metaspace: 6301K(6464K)->6301K(6464K) NonClass: 5768K(5824K)->5768K(5824K) Class: 533K(640K)->533K(640K)
[0.286s][info][gc             ] GC(13) Pause Young (Allocation Failure) 16M->14M(23M) 5.848ms
[0.286s][info][gc,cpu         ] GC(13) User=0.00s Sys=0.00s Real=0.01s
[0.291s][info][gc,start       ] GC(14) Pause Young (Allocation Failure)
[0.297s][info][gc,heap        ] GC(14) PSYoungGen: 12608K(12800K)->5792K(13824K) Eden: 6144K(6144K)->0K(6144K) From: 6464K(6656K)->5792K(7680K)
[0.297s][info][gc,heap        ] GC(14) ParOldGen: 8239K(10752K)->12119K(12288K)
[0.298s][info][gc,metaspace   ] GC(14) Metaspace: 6301K(6464K)->6301K(6464K) NonClass: 5768K(5824K)->5768K(5824K) Class: 533K(640K)->533K(640K)
[0.298s][info][gc             ] GC(14) Pause Young (Allocation Failure) 20M->17M(25M) 6.248ms
[0.298s][info][gc,cpu         ] GC(14) User=0.00s Sys=0.00s Real=0.01s
[0.298s][info][gc,start       ] GC(15) Pause Full (Ergonomics)
[0.298s][info][gc,phases,start] GC(15) Marking Phase
[0.305s][info][gc,phases      ] GC(15) Marking Phase 7.789ms
[0.305s][info][gc,phases,start] GC(15) Summary Phase
[0.305s][info][gc,phases      ] GC(15) Summary Phase 0.014ms
[0.305s][info][gc,phases,start] GC(15) Adjust Roots
[0.306s][info][gc,phases      ] GC(15) Adjust Roots 0.214ms
[0.306s][info][gc,phases,start] GC(15) Compaction Phase
[0.313s][info][gc,phases      ] GC(15) Compaction Phase 6.810ms
[0.313s][info][gc,phases,start] GC(15) Post Compact
[0.313s][info][gc,phases      ] GC(15) Post Compact 0.075ms
[0.313s][info][gc,heap        ] GC(15) PSYoungGen: 5792K(13824K)->5758K(13824K) Eden: 0K(6144K)->0K(6144K) From: 5792K(7680K)->5758K(7680K)
[0.313s][info][gc,heap        ] GC(15) ParOldGen: 12119K(12288K)->12006K(18944K)
[0.313s][info][gc,metaspace   ] GC(15) Metaspace: 6301K(6464K)->6301K(6464K) NonClass: 5768K(5824K)->5768K(5824K) Class: 533K(640K)->533K(640K)
[0.313s][info][gc             ] GC(15) Pause Full (Ergonomics) 17M->17M(32M) 15.262ms
[0.313s][info][gc,cpu         ] GC(15) User=0.02s Sys=0.00s Real=0.02s
[0.317s][info][gc,start       ] GC(16) Pause Young (Allocation Failure)
[0.324s][info][gc,heap        ] GC(16) PSYoungGen: 11902K(13824K)->3232K(15872K) Eden: 6144K(6144K)->0K(8704K) From: 5758K(7680K)->3232K(7168K)
[0.324s][info][gc,heap        ] GC(16) ParOldGen: 12006K(18944K)->17870K(18944K)
[0.324s][info][gc,metaspace   ] GC(16) Metaspace: 6301K(6464K)->6301K(6464K) NonClass: 5768K(5824K)->5768K(5824K) Class: 533K(640K)->533K(640K)
[0.324s][info][gc             ] GC(16) Pause Young (Allocation Failure) 23M->20M(34M) 7.326ms
[0.324s][info][gc,cpu         ] GC(16) User=0.00s Sys=0.00s Real=0.01s
[0.324s][info][gc,start       ] GC(17) Pause Full (Ergonomics)
[0.324s][info][gc,phases,start] GC(17) Marking Phase
[0.333s][info][gc,phases      ] GC(17) Marking Phase 8.748ms
[0.333s][info][gc,phases,start] GC(17) Summary Phase
[0.333s][info][gc,phases      ] GC(17) Summary Phase 0.017ms
[0.333s][info][gc,phases,start] GC(17) Adjust Roots
[0.333s][info][gc,phases      ] GC(17) Adjust Roots 0.217ms
[0.333s][info][gc,phases,start] GC(17) Compaction Phase
[0.339s][info][gc,phases      ] GC(17) Compaction Phase 5.711ms
[0.339s][info][gc,phases,start] GC(17) Post Compact
[0.339s][info][gc,phases      ] GC(17) Post Compact 0.113ms
[0.339s][info][gc,heap        ] GC(17) PSYoungGen: 3232K(15872K)->2146K(16384K) Eden: 0K(8704K)->0K(9216K) From: 3232K(7168K)->2146K(7168K)
[0.339s][info][gc,heap        ] GC(17) ParOldGen: 17870K(18944K)->18786K(28672K)
[0.339s][info][gc,metaspace   ] GC(17) Metaspace: 6301K(6464K)->6301K(6464K) NonClass: 5768K(5824K)->5768K(5824K) Class: 533K(640K)->533K(640K)
[0.339s][info][gc             ] GC(17) Pause Full (Ergonomics) 20M->20M(44M) 15.113ms
[0.339s][info][gc,cpu         ] GC(17) User=0.00s Sys=0.00s Real=0.02s
[0.349s][info][gc,start       ] GC(18) Pause Young (Allocation Failure)
[0.357s][info][gc,heap        ] GC(18) PSYoungGen: 11362K(16384K)->5312K(16896K) Eden: 9216K(9216K)->0K(9216K) From: 2146K(7168K)->5312K(7680K)
[0.357s][info][gc,heap        ] GC(18) ParOldGen: 18786K(28672K)->20978K(28672K)
[0.357s][info][gc,metaspace   ] GC(18) Metaspace: 6301K(6464K)->6301K(6464K) NonClass: 5768K(5824K)->5768K(5824K) Class: 533K(640K)->533K(640K)
[0.357s][info][gc             ] GC(18) Pause Young (Allocation Failure) 29M->25M(44M) 8.193ms
[0.357s][info][gc,cpu         ] GC(18) User=0.00s Sys=0.00s Real=0.01s
[0.362s][info][gc,start       ] GC(19) Pause Young (Allocation Failure)
[0.370s][info][gc,heap        ] GC(19) PSYoungGen: 14528K(16896K)->4800K(20480K) Eden: 9216K(9216K)->0K(12288K) From: 5312K(7680K)->4800K(8192K)
[0.370s][info][gc,heap        ] GC(19) ParOldGen: 20978K(28672K)->26306K(28672K)
[0.370s][info][gc,metaspace   ] GC(19) Metaspace: 6301K(6464K)->6301K(6464K) NonClass: 5768K(5824K)->5768K(5824K) Class: 533K(640K)->533K(640K)
[0.370s][info][gc             ] GC(19) Pause Young (Allocation Failure) 34M->30M(48M) 8.237ms
[0.370s][info][gc,cpu         ] GC(19) User=0.00s Sys=0.00s Real=0.01s
[0.370s][info][gc,start       ] GC(20) Pause Full (Ergonomics)
[0.370s][info][gc,phases,start] GC(20) Marking Phase
[0.383s][info][gc,phases      ] GC(20) Marking Phase 12.289ms
[0.383s][info][gc,phases,start] GC(20) Summary Phase
[0.383s][info][gc,phases      ] GC(20) Summary Phase 0.014ms
[0.383s][info][gc,phases,start] GC(20) Adjust Roots
[0.383s][info][gc,phases      ] GC(20) Adjust Roots 0.176ms
[0.383s][info][gc,phases,start] GC(20) Compaction Phase
[0.394s][info][gc,phases      ] GC(20) Compaction Phase 11.224ms
[0.394s][info][gc,phases,start] GC(20) Post Compact
[0.394s][info][gc,phases      ] GC(20) Post Compact 0.098ms
[0.395s][info][gc,heap        ] GC(20) PSYoungGen: 4800K(20480K)->2206K(20480K) Eden: 0K(12288K)->0K(12288K) From: 4800K(8192K)->2206K(8192K)
[0.395s][info][gc,heap        ] GC(20) ParOldGen: 26306K(28672K)->28232K(39936K)
[0.395s][info][gc,metaspace   ] GC(20) Metaspace: 6301K(6464K)->6301K(6464K) NonClass: 5768K(5824K)->5768K(5824K) Class: 533K(640K)->533K(640K)
[0.395s][info][gc             ] GC(20) Pause Full (Ergonomics) 30M->29M(59M) 24.179ms
[0.395s][info][gc,cpu         ] GC(20) User=0.00s Sys=0.00s Real=0.03s
[0.403s][info][gc,start       ] GC(21) Pause Young (Allocation Failure)
[0.412s][info][gc,heap        ] GC(21) PSYoungGen: 14494K(20480K)->8160K(20480K) Eden: 12288K(12288K)->0K(12288K) From: 2206K(8192K)->8160K(8192K)
[0.412s][info][gc,heap        ] GC(21) ParOldGen: 28232K(39936K)->30480K(39936K)
[0.412s][info][gc,metaspace   ] GC(21) Metaspace: 6301K(6464K)->6301K(6464K) NonClass: 5768K(5824K)->5768K(5824K) Class: 533K(640K)->533K(640K)
[0.413s][info][gc             ] GC(21) Pause Young (Allocation Failure) 41M->37M(59M) 9.430ms
[0.413s][info][gc,cpu         ] GC(21) User=0.00s Sys=0.00s Real=0.01s
[0.427s][info][gc,start       ] GC(22) Pause Young (Allocation Failure)
[0.443s][info][gc,heap        ] GC(22) PSYoungGen: 20448K(20480K)->9696K(20480K) Eden: 12288K(12288K)->0K(10752K) From: 8160K(8192K)->9696K(9728K)
[0.443s][info][gc,heap        ] GC(22) ParOldGen: 30480K(39936K)->41352K(41472K)
[0.443s][info][gc,metaspace   ] GC(22) Metaspace: 6301K(6464K)->6301K(6464K) NonClass: 5768K(5824K)->5768K(5824K) Class: 533K(640K)->533K(640K)
[0.443s][info][gc             ] GC(22) Pause Young (Allocation Failure) 49M->49M(60M) 16.055ms
[0.443s][info][gc,cpu         ] GC(22) User=0.00s Sys=0.00s Real=0.02s
[0.443s][info][gc,start       ] GC(23) Pause Full (Ergonomics)
[0.443s][info][gc,phases,start] GC(23) Marking Phase
[0.462s][info][gc,phases      ] GC(23) Marking Phase 19.152ms
[0.462s][info][gc,phases,start] GC(23) Summary Phase
[0.462s][info][gc,phases      ] GC(23) Summary Phase 0.015ms
[0.462s][info][gc,phases,start] GC(23) Adjust Roots
[0.463s][info][gc,phases      ] GC(23) Adjust Roots 0.157ms
[0.463s][info][gc,phases,start] GC(23) Compaction Phase
[0.479s][info][gc,phases      ] GC(23) Compaction Phase 16.084ms
[0.479s][info][gc,phases,start] GC(23) Post Compact
[0.479s][info][gc,phases      ] GC(23) Post Compact 0.140ms
[0.479s][info][gc,heap        ] GC(23) PSYoungGen: 9696K(20480K)->9681K(20480K) Eden: 0K(10752K)->0K(10752K) From: 9696K(9728K)->9681K(9728K)
[0.479s][info][gc,heap        ] GC(23) ParOldGen: 41352K(41472K)->40111K(55808K)
[0.479s][info][gc,metaspace   ] GC(23) Metaspace: 6301K(6464K)->6301K(6464K) NonClass: 5768K(5824K)->5768K(5824K) Class: 533K(640K)->533K(640K)
[0.479s][info][gc             ] GC(23) Pause Full (Ergonomics) 49M->48M(74M) 35.866ms
[0.479s][info][gc,cpu         ] GC(23) User=0.03s Sys=0.00s Real=0.04s
[0.489s][info][gc,start       ] GC(24) Pause Young (Allocation Failure)
[0.504s][info][gc,heap        ] GC(24) PSYoungGen: 20433K(20480K)->10752K(26112K) Eden: 10752K(10752K)->0K(10752K) From: 9681K(9728K)->10752K(15360K)
[0.504s][info][gc,heap        ] GC(24) ParOldGen: 40111K(55808K)->49919K(55808K)
[0.504s][info][gc,metaspace   ] GC(24) Metaspace: 6301K(6464K)->6301K(6464K) NonClass: 5768K(5824K)->5768K(5824K) Class: 533K(640K)->533K(640K)
[0.504s][info][gc             ] GC(24) Pause Young (Allocation Failure) 59M->59M(80M) 14.761ms
[0.504s][info][gc,cpu         ] GC(24) User=0.00s Sys=0.00s Real=0.01s
[0.504s][info][gc,start       ] GC(25) Pause Full (Ergonomics)
[0.504s][info][gc,phases,start] GC(25) Marking Phase
[0.527s][info][gc,phases      ] GC(25) Marking Phase 23.541ms
[0.527s][info][gc,phases,start] GC(25) Summary Phase
[0.528s][info][gc,phases      ] GC(25) Summary Phase 0.024ms
[0.528s][info][gc,phases,start] GC(25) Adjust Roots
[0.528s][info][gc,phases      ] GC(25) Adjust Roots 0.157ms
[0.528s][info][gc,phases,start] GC(25) Compaction Phase
[0.544s][info][gc,phases      ] GC(25) Compaction Phase 16.440ms
[0.544s][info][gc,phases,start] GC(25) Post Compact
[0.544s][info][gc,phases      ] GC(25) Post Compact 0.205ms
[0.545s][info][gc,heap        ] GC(25) PSYoungGen: 10752K(26112K)->5097K(26112K) Eden: 0K(10752K)->0K(10752K) From: 10752K(15360K)->5097K(15360K)
[0.545s][info][gc,heap        ] GC(25) ParOldGen: 49919K(55808K)->55413K(74752K)
[0.545s][info][gc,metaspace   ] GC(25) Metaspace: 6301K(6464K)->6301K(6464K) NonClass: 5768K(5824K)->5768K(5824K) Class: 533K(640K)->533K(640K)
[0.545s][info][gc             ] GC(25) Pause Full (Ergonomics) 59M->59M(98M) 40.710ms
[0.545s][info][gc,cpu         ] GC(25) User=0.03s Sys=0.00s Real=0.04s
[0.555s][info][gc,start       ] GC(26) Pause Young (Allocation Failure)
[0.570s][info][gc,heap        ] GC(26) PSYoungGen: 15849K(26112K)->10784K(28160K) Eden: 10752K(10752K)->0K(12288K) From: 5097K(15360K)->10784K(15872K)
[0.570s][info][gc,heap        ] GC(26) ParOldGen: 55413K(74752K)->60597K(74752K)
[0.570s][info][gc,metaspace   ] GC(26) Metaspace: 6301K(6464K)->6301K(6464K) NonClass: 5768K(5824K)->5768K(5824K) Class: 533K(640K)->533K(640K)
[0.570s][info][gc             ] GC(26) Pause Young (Allocation Failure) 69M->69M(100M) 15.426ms
[0.570s][info][gc,cpu         ] GC(26) User=0.02s Sys=0.00s Real=0.02s
[0.584s][info][gc,start       ] GC(27) Pause Young (Allocation Failure)
[0.599s][info][gc,heap        ] GC(27) PSYoungGen: 23072K(28160K)->16896K(29184K) Eden: 12288K(12288K)->0K(12288K) From: 10784K(15872K)->16896K(16896K)
[0.599s][info][gc,heap        ] GC(27) ParOldGen: 60597K(74752K)->66821K(74752K)
[0.599s][info][gc,metaspace   ] GC(27) Metaspace: 6301K(6464K)->6301K(6464K) NonClass: 5768K(5824K)->5768K(5824K) Class: 533K(640K)->533K(640K)
[0.599s][info][gc             ] GC(27) Pause Young (Allocation Failure) 81M->81M(101M) 15.864ms
[0.599s][info][gc,cpu         ] GC(27) User=0.00s Sys=0.00s Real=0.02s
[0.599s][info][gc,start       ] GC(28) Pause Full (Ergonomics)
[0.600s][info][gc,phases,start] GC(28) Marking Phase
[0.634s][info][gc,phases      ] GC(28) Marking Phase 34.570ms
[0.634s][info][gc,phases,start] GC(28) Summary Phase
[0.634s][info][gc,phases      ] GC(28) Summary Phase 0.018ms
[0.634s][info][gc,phases,start] GC(28) Adjust Roots
[0.634s][info][gc,phases      ] GC(28) Adjust Roots 0.166ms
[0.634s][info][gc,phases,start] GC(28) Compaction Phase
[0.654s][info][gc,phases      ] GC(28) Compaction Phase 19.630ms
[0.654s][info][gc,phases,start] GC(28) Post Compact
[0.655s][info][gc,phases      ] GC(28) Post Compact 0.455ms
[0.655s][info][gc,heap        ] GC(28) PSYoungGen: 16896K(29184K)->9198K(29184K) Eden: 0K(12288K)->0K(12288K) From: 16896K(16896K)->9198K(16896K)
[0.655s][info][gc,heap        ] GC(28) ParOldGen: 66821K(74752K)->74293K(95232K)
[0.655s][info][gc,metaspace   ] GC(28) Metaspace: 6301K(6464K)->6301K(6464K) NonClass: 5768K(5824K)->5768K(5824K) Class: 533K(640K)->533K(640K)
[0.655s][info][gc             ] GC(28) Pause Full (Ergonomics) 81M->81M(121M) 55.312ms
[0.655s][info][gc,cpu         ] GC(28) User=0.08s Sys=0.00s Real=0.06s
[0.675s][info][gc,start       ] GC(29) Pause Young (Allocation Failure)
[0.693s][info][gc,heap        ] GC(29) PSYoungGen: 21486K(29184K)->12288K(36864K) Eden: 12288K(12288K)->0K(14848K) From: 9198K(16896K)->12288K(22016K)
[0.693s][info][gc,heap        ] GC(29) ParOldGen: 74293K(95232K)->83645K(95232K)
[0.693s][info][gc,metaspace   ] GC(29) Metaspace: 6301K(6464K)->6301K(6464K) NonClass: 5768K(5824K)->5768K(5824K) Class: 533K(640K)->533K(640K)
[0.693s][info][gc             ] GC(29) Pause Young (Allocation Failure) 93M->93M(129M) 17.691ms
[0.693s][info][gc,cpu         ] GC(29) User=0.02s Sys=0.02s Real=0.02s
[0.693s][info][gc,start       ] GC(30) Pause Full (Ergonomics)
[0.693s][info][gc,phases,start] GC(30) Marking Phase
[0.719s][info][gc,phases      ] GC(30) Marking Phase 25.901ms
[0.719s][info][gc,phases,start] GC(30) Summary Phase
[0.719s][info][gc,phases      ] GC(30) Summary Phase 0.017ms
[0.719s][info][gc,phases,start] GC(30) Adjust Roots
[0.719s][info][gc,phases      ] GC(30) Adjust Roots 0.148ms
[0.719s][info][gc,phases,start] GC(30) Compaction Phase
[0.739s][info][gc,phases      ] GC(30) Compaction Phase 20.038ms
[0.739s][info][gc,phases,start] GC(30) Post Compact
[0.740s][info][gc,phases      ] GC(30) Post Compact 0.357ms
[0.740s][info][gc,heap        ] GC(30) PSYoungGen: 12288K(36864K)->0K(36864K) Eden: 0K(14848K)->0K(14848K) From: 12288K(22016K)->0K(22016K)
[0.740s][info][gc,heap        ] GC(30) ParOldGen: 83645K(95232K)->93710K(117760K)
[0.740s][info][gc,metaspace   ] GC(30) Metaspace: 6301K(6464K)->6301K(6464K) NonClass: 5768K(5824K)->5768K(5824K) Class: 533K(640K)->533K(640K)
[0.740s][info][gc             ] GC(30) Pause Full (Ergonomics) 93M->91M(151M) 46.876ms
[0.740s][info][gc,cpu         ] GC(30) User=0.06s Sys=0.00s Real=0.05s
[0.752s][info][gc,start       ] GC(31) Pause Young (Allocation Failure)
[0.761s][info][gc,heap        ] GC(31) PSYoungGen: 14848K(36864K)->14880K(38400K) Eden: 14848K(14848K)->0K(16384K) From: 0K(22016K)->14880K(22016K)
[0.761s][info][gc,heap        ] GC(31) ParOldGen: 93710K(117760K)->93710K(117760K)
[0.761s][info][gc,metaspace   ] GC(31) Metaspace: 6301K(6464K)->6301K(6464K) NonClass: 5768K(5824K)->5768K(5824K) Class: 533K(640K)->533K(640K)
[0.761s][info][gc             ] GC(31) Pause Young (Allocation Failure) 106M->106M(152M) 9.107ms
[0.761s][info][gc,cpu         ] GC(31) User=0.00s Sys=0.00s Real=0.01s
[0.776s][info][gc,start       ] GC(32) Pause Young (Allocation Failure)
[0.795s][info][gc,heap        ] GC(32) PSYoungGen: 31264K(38400K)->23040K(39424K) Eden: 16384K(16384K)->0K(16384K) From: 14880K(22016K)->23040K(23040K)
[0.795s][info][gc,heap        ] GC(32) ParOldGen: 93710K(117760K)->102030K(117760K)
[0.795s][info][gc,metaspace   ] GC(32) Metaspace: 6301K(6464K)->6301K(6464K) NonClass: 5768K(5824K)->5768K(5824K) Class: 533K(640K)->533K(640K)
[0.795s][info][gc             ] GC(32) Pause Young (Allocation Failure) 122M->122M(153M) 19.098ms
[0.796s][info][gc,cpu         ] GC(32) User=0.06s Sys=0.03s Real=0.02s
[0.811s][info][gc,start       ] GC(33) Pause Young (Allocation Failure)
[0.835s][info][gc,heap        ] GC(33) PSYoungGen: 39424K(39424K)->27584K(45056K) Eden: 16384K(16384K)->0K(15360K) From: 23040K(23040K)->27584K(29696K)
[0.835s][info][gc,heap        ] GC(33) ParOldGen: 102030K(117760K)->114070K(117760K)
[0.835s][info][gc,metaspace   ] GC(33) Metaspace: 6301K(6464K)->6301K(6464K) NonClass: 5768K(5824K)->5768K(5824K) Class: 533K(640K)->533K(640K)
[0.835s][info][gc             ] GC(33) Pause Young (Allocation Failure) 138M->138M(159M) 24.025ms
[0.835s][info][gc,cpu         ] GC(33) User=0.03s Sys=0.02s Real=0.02s
[0.835s][info][gc,start       ] GC(34) Pause Full (Ergonomics)
[0.835s][info][gc,phases,start] GC(34) Marking Phase
[0.874s][info][gc,phases      ] GC(34) Marking Phase 39.080ms
[0.874s][info][gc,phases,start] GC(34) Summary Phase
[0.874s][info][gc,phases      ] GC(34) Summary Phase 0.017ms
[0.874s][info][gc,phases,start] GC(34) Adjust Roots
[0.874s][info][gc,phases      ] GC(34) Adjust Roots 0.151ms
[0.874s][info][gc,phases,start] GC(34) Compaction Phase
[0.898s][info][gc,phases      ] GC(34) Compaction Phase 23.629ms
[0.898s][info][gc,phases,start] GC(34) Post Compact
[0.899s][info][gc,phases      ] GC(34) Post Compact 0.728ms
[0.899s][info][gc,heap        ] GC(34) PSYoungGen: 27584K(45056K)->23922K(45056K) Eden: 0K(15360K)->0K(15360K) From: 27584K(29696K)->23922K(29696K)
[0.899s][info][gc,heap        ] GC(34) ParOldGen: 114070K(117760K)->117309K(145408K)
[0.899s][info][gc,metaspace   ] GC(34) Metaspace: 6301K(6464K)->6301K(6464K) NonClass: 5768K(5824K)->5768K(5824K) Class: 533K(640K)->533K(640K)
[0.899s][info][gc             ] GC(34) Pause Full (Ergonomics) 138M->137M(186M) 64.093ms
[0.899s][info][gc,cpu         ] GC(34) User=0.11s Sys=0.00s Real=0.07s
[0.915s][info][gc,start       ] GC(35) Pause Young (Allocation Failure)
[0.940s][info][gc,heap        ] GC(35) PSYoungGen: 39282K(45056K)->33792K(49152K) Eden: 15360K(15360K)->0K(15360K) From: 23922K(29696K)->33792K(33792K)
[0.940s][info][gc,heap        ] GC(35) ParOldGen: 117309K(145408K)->122925K(145408K)
[0.940s][info][gc,metaspace   ] GC(35) Metaspace: 6301K(6464K)->6301K(6464K) NonClass: 5768K(5824K)->5768K(5824K) Class: 533K(640K)->533K(640K)
[0.940s][info][gc             ] GC(35) Pause Young (Allocation Failure) 152M->153M(190M) 25.051ms
[0.940s][info][gc,cpu         ] GC(35) User=0.05s Sys=0.00s Real=0.03s
[0.954s][info][gc,start       ] GC(36) Pause Young (Allocation Failure)
[0.980s][info][gc,heap        ] GC(36) PSYoungGen: 49152K(49152K)->28416K(56832K) Eden: 15360K(15360K)->0K(15360K) From: 33792K(33792K)->28416K(41472K)
[0.980s][info][gc,heap        ] GC(36) ParOldGen: 122925K(145408K)->144021K(145408K)
[0.980s][info][gc,metaspace   ] GC(36) Metaspace: 6301K(6464K)->6301K(6464K) NonClass: 5768K(5824K)->5768K(5824K) Class: 533K(640K)->533K(640K)
[0.980s][info][gc             ] GC(36) Pause Young (Allocation Failure) 168M->168M(197M) 25.582ms
[0.980s][info][gc,cpu         ] GC(36) User=0.05s Sys=0.02s Real=0.03s
[0.980s][info][gc,start       ] GC(37) Pause Full (Ergonomics)
[0.980s][info][gc,phases,start] GC(37) Marking Phase
[1.023s][info][gc,phases      ] GC(37) Marking Phase 43.360ms
[1.023s][info][gc,phases,start] GC(37) Summary Phase
[1.023s][info][gc,phases      ] GC(37) Summary Phase 0.015ms
[1.023s][info][gc,phases,start] GC(37) Adjust Roots
[1.024s][info][gc,phases      ] GC(37) Adjust Roots 0.238ms
[1.024s][info][gc,phases,start] GC(37) Compaction Phase
[1.048s][info][gc,phases      ] GC(37) Compaction Phase 24.307ms
[1.048s][info][gc,phases,start] GC(37) Post Compact
[1.049s][info][gc,phases      ] GC(37) Post Compact 0.769ms
[1.049s][info][gc,heap        ] GC(37) PSYoungGen: 28416K(56832K)->26755K(56832K) Eden: 0K(15360K)->0K(15360K) From: 28416K(41472K)->26755K(41472K)
[1.049s][info][gc,heap        ] GC(37) ParOldGen: 144021K(145408K)->145127K(179712K)
[1.049s][info][gc,metaspace   ] GC(37) Metaspace: 6301K(6464K)->6301K(6464K) NonClass: 5768K(5824K)->5768K(5824K) Class: 533K(640K)->533K(640K)
[1.049s][info][gc             ] GC(37) Pause Full (Ergonomics) 168M->167M(231M) 69.199ms
[1.049s][info][gc,cpu         ] GC(37) User=0.17s Sys=0.00s Real=0.07s
[1.096s][info][gc,start       ] GC(38) Pause Young (Allocation Failure)
[1.129s][info][gc,heap        ] GC(38) PSYoungGen: 42115K(56832K)->30368K(59392K) Eden: 15360K(15360K)->0K(15360K) From: 26755K(41472K)->30368K(44032K)
[1.129s][info][gc,heap        ] GC(38) ParOldGen: 145127K(179712K)->157207K(179712K)
[1.129s][info][gc,metaspace   ] GC(38) Metaspace: 6301K(6464K)->6301K(6464K) NonClass: 5768K(5824K)->5768K(5824K) Class: 533K(640K)->533K(640K)
[1.129s][info][gc             ] GC(38) Pause Young (Allocation Failure) 182M->183M(233M) 32.581ms
[1.129s][info][gc,cpu         ] GC(38) User=0.03s Sys=0.00s Real=0.03s
[1.143s][info][gc,start       ] GC(39) Pause Young (Allocation Failure)
[1.172s][info][gc,heap        ] GC(39) PSYoungGen: 45728K(59392K)->46048K(53760K) Eden: 15360K(15360K)->0K(7680K) From: 30368K(44032K)->46048K(46080K)
[1.172s][info][gc,heap        ] GC(39) ParOldGen: 157207K(179712K)->165119K(179712K)
[1.172s][info][gc,metaspace   ] GC(39) Metaspace: 6301K(6464K)->6301K(6464K) NonClass: 5768K(5824K)->5768K(5824K) Class: 533K(640K)->533K(640K)
[1.172s][info][gc             ] GC(39) Pause Young (Allocation Failure) 198M->206M(228M) 29.091ms
[1.172s][info][gc,cpu         ] GC(39) User=0.02s Sys=0.00s Real=0.03s
[1.172s][info][gc,start       ] GC(40) Pause Full (Ergonomics)
[1.172s][info][gc,phases,start] GC(40) Marking Phase
[1.224s][info][gc,phases      ] GC(40) Marking Phase 52.010ms
[1.224s][info][gc,phases,start] GC(40) Summary Phase
[1.224s][info][gc,phases      ] GC(40) Summary Phase 0.018ms
[1.224s][info][gc,phases,start] GC(40) Adjust Roots
[1.225s][info][gc,phases      ] GC(40) Adjust Roots 0.157ms
[1.225s][info][gc,phases,start] GC(40) Compaction Phase
[1.266s][info][gc,phases      ] GC(40) Compaction Phase 41.433ms
[1.266s][info][gc,phases,start] GC(40) Post Compact
[1.267s][info][gc,phases      ] GC(40) Post Compact 1.045ms
[1.267s][info][gc,heap        ] GC(40) PSYoungGen: 46048K(53760K)->18841K(53760K) Eden: 0K(7680K)->0K(7680K) From: 46048K(46080K)->18841K(46080K)
[1.268s][info][gc,heap        ] GC(40) ParOldGen: 165119K(179712K)->179620K(216064K)
[1.268s][info][gc,metaspace   ] GC(40) Metaspace: 6301K(6464K)->6301K(6464K) NonClass: 5768K(5824K)->5768K(5824K) Class: 533K(640K)->533K(640K)
[1.268s][info][gc             ] GC(40) Pause Full (Ergonomics) 206M->193M(263M) 95.345ms
[1.268s][info][gc,cpu         ] GC(40) User=0.22s Sys=0.00s Real=0.10s
[1.276s][info][gc,start       ] GC(41) Pause Young (Allocation Failure)
[1.299s][info][gc,heap        ] GC(41) PSYoungGen: 26521K(53760K)->15456K(23552K) Eden: 7680K(7680K)->0K(7680K) From: 18841K(46080K)->15456K(15872K)
[1.299s][info][gc,heap        ] GC(41) ParOldGen: 179620K(216064K)->191004K(216064K)
[1.299s][info][gc,metaspace   ] GC(41) Metaspace: 6301K(6464K)->6301K(6464K) NonClass: 5768K(5824K)->5768K(5824K) Class: 533K(640K)->533K(640K)
[1.299s][info][gc             ] GC(41) Pause Young (Allocation Failure) 201M->201M(234M) 22.460ms
[1.299s][info][gc,cpu         ] GC(41) User=0.06s Sys=0.00s Real=0.02s
[1.307s][info][gc,start       ] GC(42) Pause Young (Allocation Failure)
[1.320s][info][gc,heap        ] GC(42) PSYoungGen: 23136K(23552K)->23040K(58368K) Eden: 7680K(7680K)->0K(9216K) From: 15456K(15872K)->23040K(49152K)
[1.320s][info][gc,heap        ] GC(42) ParOldGen: 191004K(216064K)->191004K(216064K)
[1.320s][info][gc,metaspace   ] GC(42) Metaspace: 6301K(6464K)->6301K(6464K) NonClass: 5768K(5824K)->5768K(5824K) Class: 533K(640K)->533K(640K)
[1.320s][info][gc             ] GC(42) Pause Young (Allocation Failure) 209M->209M(268M) 13.135ms
[1.320s][info][gc,cpu         ] GC(42) User=0.02s Sys=0.00s Real=0.01s
[1.330s][info][gc,start       ] GC(43) Pause Young (Allocation Failure)
[1.346s][info][gc,heap        ] GC(43) PSYoungGen: 32256K(58368K)->24608K(60928K) Eden: 9216K(9216K)->0K(9216K) From: 23040K(49152K)->24608K(51712K)
[1.347s][info][gc,heap        ] GC(43) ParOldGen: 191004K(216064K)->198764K(216064K)
[1.347s][info][gc,metaspace   ] GC(43) Metaspace: 6301K(6464K)->6301K(6464K) NonClass: 5768K(5824K)->5768K(5824K) Class: 533K(640K)->533K(640K)
[1.347s][info][gc             ] GC(43) Pause Young (Allocation Failure) 218M->218M(270M) 16.435ms
[1.347s][info][gc,cpu         ] GC(43) User=0.00s Sys=0.00s Real=0.02s
[1.356s][info][gc,start       ] GC(44) Pause Young (Allocation Failure)
[1.374s][info][gc,heap        ] GC(44) PSYoungGen: 33824K(60928K)->26176K(58880K) Eden: 9216K(9216K)->0K(11264K) From: 24608K(51712K)->26176K(47616K)
[1.374s][info][gc,heap        ] GC(44) ParOldGen: 198764K(216064K)->206548K(216064K)
[1.374s][info][gc,metaspace   ] GC(44) Metaspace: 6301K(6464K)->6301K(6464K) NonClass: 5768K(5824K)->5768K(5824K) Class: 533K(640K)->533K(640K)
[1.374s][info][gc             ] GC(44) Pause Young (Allocation Failure) 227M->227M(268M) 17.787ms
[1.374s][info][gc,cpu         ] GC(44) User=0.08s Sys=0.00s Real=0.02s
[1.374s][info][gc,start       ] GC(45) Pause Full (Ergonomics)
[1.374s][info][gc,phases,start] GC(45) Marking Phase
[1.431s][info][gc,phases      ] GC(45) Marking Phase 57.049ms
[1.431s][info][gc,phases,start] GC(45) Summary Phase
[1.431s][info][gc,phases      ] GC(45) Summary Phase 0.026ms
[1.431s][info][gc,phases,start] GC(45) Adjust Roots
[1.432s][info][gc,phases      ] GC(45) Adjust Roots 0.149ms
[1.432s][info][gc,phases,start] GC(45) Compaction Phase
[1.463s][info][gc,phases      ] GC(45) Compaction Phase 31.223ms
[1.463s][info][gc,phases,start] GC(45) Post Compact
[1.464s][info][gc,phases      ] GC(45) Post Compact 1.302ms
[1.465s][info][gc,heap        ] GC(45) PSYoungGen: 26176K(58880K)->16309K(59904K) Eden: 0K(11264K)->0K(12288K) From: 26176K(47616K)->16309K(47616K)
[1.465s][info][gc,heap        ] GC(45) ParOldGen: 206548K(216064K)->215822K(252416K)
[1.465s][info][gc,metaspace   ] GC(45) Metaspace: 6301K(6464K)->6301K(6464K) NonClass: 5768K(5824K)->5768K(5824K) Class: 533K(640K)->533K(640K)
[1.465s][info][gc             ] GC(45) Pause Full (Ergonomics) 227M->226M(305M) 90.285ms
[1.465s][info][gc,cpu         ] GC(45) User=0.33s Sys=0.03s Real=0.09s
[1.479s][info][gc,start       ] GC(46) Pause Young (Allocation Failure)
[1.504s][info][gc,heap        ] GC(46) PSYoungGen: 28597K(59904K)->18272K(30720K) Eden: 12288K(12288K)->0K(12288K) From: 16309K(47616K)->18272K(18432K)
[1.504s][info][gc,heap        ] GC(46) ParOldGen: 215822K(252416K)->226478K(252416K)
[1.504s][info][gc,metaspace   ] GC(46) Metaspace: 6301K(6464K)->6301K(6464K) NonClass: 5768K(5824K)->5768K(5824K) Class: 533K(640K)->533K(640K)
[1.504s][info][gc             ] GC(46) Pause Young (Allocation Failure) 238M->239M(276M) 24.965ms
[1.504s][info][gc,cpu         ] GC(46) User=0.12s Sys=0.00s Real=0.03s
[1.520s][info][gc,start       ] GC(47) Pause Young (Allocation Failure)
[1.539s][info][gc,heap        ] GC(47) PSYoungGen: 30560K(30720K)->24640K(58368K) Eden: 12288K(12288K)->0K(14336K) From: 18272K(18432K)->24640K(44032K)
[1.539s][info][gc,heap        ] GC(47) ParOldGen: 226478K(252416K)->232414K(252416K)
[1.539s][info][gc,metaspace   ] GC(47) Metaspace: 6301K(6464K)->6301K(6464K) NonClass: 5768K(5824K)->5768K(5824K) Class: 533K(640K)->533K(640K)
[1.539s][info][gc             ] GC(47) Pause Young (Allocation Failure) 251M->251M(303M) 19.018ms
[1.539s][info][gc,cpu         ] GC(47) User=0.06s Sys=0.00s Real=0.02s
[1.557s][info][gc,start       ] GC(48) Pause Young (Allocation Failure)
[1.580s][info][gc,heap        ] GC(48) PSYoungGen: 38976K(58368K)->26688K(59392K) Eden: 14336K(14336K)->0K(14336K) From: 24640K(44032K)->26688K(45056K)
[1.580s][info][gc,heap        ] GC(48) ParOldGen: 232414K(252416K)->244894K(252416K)
[1.580s][info][gc,metaspace   ] GC(48) Metaspace: 6301K(6464K)->6301K(6464K) NonClass: 5768K(5824K)->5768K(5824K) Class: 533K(640K)->533K(640K)
[1.580s][info][gc             ] GC(48) Pause Young (Allocation Failure) 265M->265M(304M) 22.696ms
[1.580s][info][gc,cpu         ] GC(48) User=0.11s Sys=0.00s Real=0.02s
[1.580s][info][gc,start       ] GC(49) Pause Full (Ergonomics)
[1.580s][info][gc,phases,start] GC(49) Marking Phase
[1.641s][info][gc,phases      ] GC(49) Marking Phase 60.863ms
[1.641s][info][gc,phases,start] GC(49) Summary Phase
[1.641s][info][gc,phases      ] GC(49) Summary Phase 0.019ms
[1.641s][info][gc,phases,start] GC(49) Adjust Roots
[1.641s][info][gc,phases      ] GC(49) Adjust Roots 0.192ms
[1.641s][info][gc,phases,start] GC(49) Compaction Phase
[1.673s][info][gc,phases      ] GC(49) Compaction Phase 31.882ms
[1.673s][info][gc,phases,start] GC(49) Post Compact
[1.674s][info][gc,phases      ] GC(49) Post Compact 1.146ms
[1.674s][info][gc,heap        ] GC(49) PSYoungGen: 26688K(59392K)->18895K(59392K) Eden: 0K(14336K)->0K(14336K) From: 26688K(45056K)->18895K(45056K)
[1.674s][info][gc,heap        ] GC(49) ParOldGen: 244894K(252416K)->252055K(291328K)
[1.674s][info][gc,metaspace   ] GC(49) Metaspace: 6301K(6464K)->6301K(6464K) NonClass: 5768K(5824K)->5768K(5824K) Class: 533K(640K)->533K(640K)
[1.674s][info][gc             ] GC(49) Pause Full (Ergonomics) 265M->264M(342M) 94.616ms
[1.674s][info][gc,cpu         ] GC(49) User=0.33s Sys=0.03s Real=0.10s
[1.691s][info][gc,start       ] GC(50) Pause Young (Allocation Failure)
[1.718s][info][gc,heap        ] GC(50) PSYoungGen: 33231K(59392K)->24832K(58880K) Eden: 14336K(14336K)->0K(16384K) From: 18895K(45056K)->24832K(42496K)
[1.718s][info][gc,heap        ] GC(50) ParOldGen: 252055K(291328K)->260775K(291328K)
[1.718s][info][gc,metaspace   ] GC(50) Metaspace: 6301K(6464K)->6301K(6464K) NonClass: 5768K(5824K)->5768K(5824K) Class: 533K(640K)->533K(640K)
[1.718s][info][gc             ] GC(50) Pause Young (Allocation Failure) 278M->278M(342M) 26.995ms
[1.718s][info][gc,cpu         ] GC(50) User=0.14s Sys=0.00s Real=0.03s
[1.737s][info][gc,start       ] GC(51) Pause Young (Allocation Failure)
[1.757s][info][gc,heap        ] GC(51) PSYoungGen: 41216K(58880K)->41216K(59904K) Eden: 16384K(16384K)->0K(16384K) From: 24832K(42496K)->41216K(43520K)
[1.757s][info][gc,heap        ] GC(51) ParOldGen: 260775K(291328K)->260775K(291328K)
[1.757s][info][gc,metaspace   ] GC(51) Metaspace: 6301K(6464K)->6301K(6464K) NonClass: 5768K(5824K)->5768K(5824K) Class: 533K(640K)->533K(640K)
[1.757s][info][gc             ] GC(51) Pause Young (Allocation Failure) 294M->294M(343M) 20.855ms
[1.757s][info][gc,cpu         ] GC(51) User=0.11s Sys=0.00s Real=0.02s
[1.776s][info][gc,start       ] GC(52) Pause Young (Allocation Failure)
[1.804s][info][gc,heap        ] GC(52) PSYoungGen: 57600K(59904K)->47200K(60416K) Eden: 16384K(16384K)->0K(12288K) From: 41216K(43520K)->47200K(48128K)
[1.804s][info][gc,heap        ] GC(52) ParOldGen: 260775K(291328K)->271279K(291328K)
[1.804s][info][gc,metaspace   ] GC(52) Metaspace: 6301K(6464K)->6301K(6464K) NonClass: 5768K(5824K)->5768K(5824K) Class: 533K(640K)->533K(640K)
[1.804s][info][gc             ] GC(52) Pause Young (Allocation Failure) 310M->311M(343M) 27.788ms
[1.804s][info][gc,cpu         ] GC(52) User=0.22s Sys=0.00s Real=0.03s
[1.819s][info][gc,start       ] GC(53) Pause Young (Allocation Failure)
[1.848s][info][gc,heap        ] GC(53) PSYoungGen: 59488K(60416K)->45152K(66560K) Eden: 12288K(12288K)->0K(12288K) From: 47200K(48128K)->45152K(54272K)
[1.848s][info][gc,heap        ] GC(53) ParOldGen: 271279K(291328K)->285823K(291328K)
[1.848s][info][gc,metaspace   ] GC(53) Metaspace: 6301K(6464K)->6301K(6464K) NonClass: 5768K(5824K)->5768K(5824K) Class: 533K(640K)->533K(640K)
[1.848s][info][gc             ] GC(53) Pause Young (Allocation Failure) 323M->323M(349M) 29.072ms
[1.848s][info][gc,cpu         ] GC(53) User=0.11s Sys=0.00s Real=0.03s
[1.848s][info][gc,start       ] GC(54) Pause Full (Ergonomics)
[1.848s][info][gc,phases,start] GC(54) Marking Phase
[1.923s][info][gc,phases      ] GC(54) Marking Phase 75.241ms
[1.923s][info][gc,phases,start] GC(54) Summary Phase
[1.923s][info][gc,phases      ] GC(54) Summary Phase 0.019ms
[1.923s][info][gc,phases,start] GC(54) Adjust Roots
[1.923s][info][gc,phases      ] GC(54) Adjust Roots 0.173ms
[1.923s][info][gc,phases,start] GC(54) Compaction Phase
[1.960s][info][gc,phases      ] GC(54) Compaction Phase 36.392ms
[1.960s][info][gc,phases,start] GC(54) Post Compact
[1.962s][info][gc,phases      ] GC(54) Post Compact 1.763ms
[1.962s][info][gc,heap        ] GC(54) PSYoungGen: 45152K(66560K)->39341K(66560K) Eden: 0K(12288K)->0K(12288K) From: 45152K(54272K)->39341K(54272K)
[1.962s][info][gc,heap        ] GC(54) ParOldGen: 285823K(291328K)->290873K(333312K)
[1.962s][info][gc,metaspace   ] GC(54) Metaspace: 6301K(6464K)->6301K(6464K) NonClass: 5768K(5824K)->5768K(5824K) Class: 533K(640K)->533K(640K)
[1.962s][info][gc             ] GC(54) Pause Full (Ergonomics) 323M->322M(390M) 114.156ms
[1.962s][info][gc,cpu         ] GC(54) User=0.61s Sys=0.02s Real=0.12s
[1.977s][info][gc,start       ] GC(55) Pause Young (Allocation Failure)
[2.012s][info][gc,heap        ] GC(55) PSYoungGen: 51629K(66560K)->23328K(68608K) Eden: 12288K(12288K)->0K(14336K) From: 39341K(54272K)->23328K(54272K)
[2.012s][info][gc,heap        ] GC(55) ParOldGen: 290873K(333312K)->319777K(333312K)
[2.012s][info][gc,metaspace   ] GC(55) Metaspace: 6301K(6464K)->6301K(6464K) NonClass: 5768K(5824K)->5768K(5824K) Class: 533K(640K)->533K(640K)
[2.012s][info][gc             ] GC(55) Pause Young (Allocation Failure) 334M->335M(392M) 35.005ms
[2.012s][info][gc,cpu         ] GC(55) User=0.14s Sys=0.00s Real=0.04s
[2.012s][info][gc,start       ] GC(56) Pause Full (Ergonomics)
[2.012s][info][gc,phases,start] GC(56) Marking Phase
[2.089s][info][gc,phases      ] GC(56) Marking Phase 76.404ms
[2.089s][info][gc,phases,start] GC(56) Summary Phase
[2.089s][info][gc,phases      ] GC(56) Summary Phase 0.019ms
[2.089s][info][gc,phases,start] GC(56) Adjust Roots
[2.089s][info][gc,phases      ] GC(56) Adjust Roots 0.158ms
[2.089s][info][gc,phases,start] GC(56) Compaction Phase
[2.120s][info][gc,phases      ] GC(56) Compaction Phase 31.305ms
[2.120s][info][gc,phases,start] GC(56) Post Compact
[2.122s][info][gc,phases      ] GC(56) Post Compact 1.776ms
[2.122s][info][gc,heap        ] GC(56) PSYoungGen: 23328K(68608K)->9324K(70656K) Eden: 0K(14336K)->0K(16384K) From: 23328K(54272K)->9324K(54272K)
[2.122s][info][gc,heap        ] GC(56) ParOldGen: 319777K(333312K)->333149K(385536K)
[2.122s][info][gc,metaspace   ] GC(56) Metaspace: 6301K(6464K)->6301K(6464K) NonClass: 5768K(5824K)->5768K(5824K) Class: 533K(640K)->533K(640K)
[2.122s][info][gc             ] GC(56) Pause Full (Ergonomics) 335M->334M(445M) 110.217ms
[2.122s][info][gc,cpu         ] GC(56) User=0.70s Sys=0.03s Real=0.11s
[2.204s][info][gc,start       ] GC(57) Pause Young (Allocation Failure)
[2.230s][info][gc,heap        ] GC(57) PSYoungGen: 25708K(70656K)->20800K(72704K) Eden: 16384K(16384K)->0K(16384K) From: 9324K(54272K)->20800K(56320K)
[2.230s][info][gc,heap        ] GC(57) ParOldGen: 349533K(385536K)->354645K(385536K)
[2.230s][info][gc,metaspace   ] GC(57) Metaspace: 6301K(6464K)->6301K(6464K) NonClass: 5768K(5824K)->5768K(5824K) Class: 533K(640K)->533K(640K)
[2.230s][info][gc             ] GC(57) Pause Young (Allocation Failure) 366M->366M(447M) 25.316ms
[2.230s][info][gc,cpu         ] GC(57) User=0.11s Sys=0.02s Real=0.03s
[2.245s][info][gc,start       ] GC(58) Pause Young (Allocation Failure)
[2.263s][info][gc,heap        ] GC(58) PSYoungGen: 37184K(72704K)->37248K(72192K) Eden: 16384K(16384K)->0K(17408K) From: 20800K(56320K)->37248K(54784K)
[2.263s][info][gc,heap        ] GC(58) ParOldGen: 354645K(385536K)->354645K(385536K)
[2.263s][info][gc,metaspace   ] GC(58) Metaspace: 6301K(6464K)->6301K(6464K) NonClass: 5768K(5824K)->5768K(5824K) Class: 533K(640K)->533K(640K)
[2.263s][info][gc             ] GC(58) Pause Young (Allocation Failure) 382M->382M(447M) 18.209ms
[2.263s][info][gc,cpu         ] GC(58) User=0.14s Sys=0.00s Real=0.02s
[2.280s][info][gc,start       ] GC(59) Pause Young (Allocation Failure)
[2.306s][info][gc,heap        ] GC(59) PSYoungGen: 54656K(72192K)->54592K(73216K) Eden: 17408K(17408K)->0K(17408K) From: 37248K(54784K)->54592K(55808K)
[2.306s][info][gc,heap        ] GC(59) ParOldGen: 354645K(385536K)->354645K(385536K)
[2.306s][info][gc,metaspace   ] GC(59) Metaspace: 6301K(6464K)->6301K(6464K) NonClass: 5768K(5824K)->5768K(5824K) Class: 533K(640K)->533K(640K)
[2.306s][info][gc             ] GC(59) Pause Young (Allocation Failure) 399M->399M(448M) 25.966ms
[2.306s][info][gc,cpu         ] GC(59) User=0.09s Sys=0.00s Real=0.03s
[2.325s][info][gc,start       ] GC(60) Pause Young (Allocation Failure)
[2.362s][info][gc,heap        ] GC(60) PSYoungGen: 72000K(73216K)->62464K(69632K) Eden: 17408K(17408K)->0K(7168K) From: 54592K(55808K)->62464K(62464K)
[2.362s][info][gc,heap        ] GC(60) ParOldGen: 354645K(385536K)->364245K(385536K)
[2.362s][info][gc,metaspace   ] GC(60) Metaspace: 6301K(6464K)->6301K(6464K) NonClass: 5768K(5824K)->5768K(5824K) Class: 533K(640K)->533K(640K)
[2.362s][info][gc             ] GC(60) Pause Young (Allocation Failure) 416M->416M(444M) 37.101ms
[2.362s][info][gc,cpu         ] GC(60) User=0.16s Sys=0.06s Real=0.04s
[2.362s][info][gc,start       ] GC(61) Pause Full (Ergonomics)
[2.362s][info][gc,phases,start] GC(61) Marking Phase
[2.472s][info][gc,phases      ] GC(61) Marking Phase 109.822ms
[2.472s][info][gc,phases,start] GC(61) Summary Phase
[2.472s][info][gc,phases      ] GC(61) Summary Phase 0.033ms
[2.472s][info][gc,phases,start] GC(61) Adjust Roots
[2.472s][info][gc,phases      ] GC(61) Adjust Roots 0.255ms
[2.472s][info][gc,phases,start] GC(61) Compaction Phase
[2.554s][info][gc,phases      ] GC(61) Compaction Phase 81.135ms
[2.554s][info][gc,phases,start] GC(61) Post Compact
[2.556s][info][gc,phases      ] GC(61) Post Compact 2.717ms
[2.557s][info][gc,heap        ] GC(61) PSYoungGen: 62464K(69632K)->32690K(69632K) Eden: 0K(7168K)->0K(7168K) From: 62464K(62464K)->32690K(62464K)
[2.557s][info][gc,heap        ] GC(61) ParOldGen: 364245K(385536K)->385434K(437760K)
[2.557s][info][gc,metaspace   ] GC(61) Metaspace: 6301K(6464K)->6301K(6464K) NonClass: 5768K(5824K)->5768K(5824K) Class: 533K(640K)->533K(640K)
[2.557s][info][gc             ] GC(61) Pause Full (Ergonomics) 416M->408M(495M) 194.653ms
[2.557s][info][gc,cpu         ] GC(61) User=1.06s Sys=0.05s Real=0.20s
[2.565s][info][gc,start       ] GC(62) Pause Young (Allocation Failure)
[2.605s][info][gc,heap        ] GC(62) PSYoungGen: 39858K(69632K)->24576K(31744K) Eden: 7168K(7168K)->0K(7168K) From: 32690K(62464K)->24576K(24576K)
[2.605s][info][gc,heap        ] GC(62) ParOldGen: 385434K(437760K)->401154K(437760K)
[2.605s][info][gc,metaspace   ] GC(62) Metaspace: 6301K(6464K)->6301K(6464K) NonClass: 5768K(5824K)->5768K(5824K) Class: 533K(640K)->533K(640K)
[2.605s][info][gc             ] GC(62) Pause Young (Allocation Failure) 415M->415M(458M) 39.918ms
[2.605s][info][gc,cpu         ] GC(62) User=0.22s Sys=0.00s Real=0.04s
[2.614s][info][gc,start       ] GC(63) Pause Young (Allocation Failure)
[2.631s][info][gc,heap        ] GC(63) PSYoungGen: 31744K(31744K)->31680K(73728K) Eden: 7168K(7168K)->0K(8192K) From: 24576K(24576K)->31680K(65536K)
[2.631s][info][gc,heap        ] GC(63) ParOldGen: 401154K(437760K)->401154K(437760K)
[2.631s][info][gc,metaspace   ] GC(63) Metaspace: 6301K(6464K)->6301K(6464K) NonClass: 5768K(5824K)->5768K(5824K) Class: 533K(640K)->533K(640K)
[2.631s][info][gc             ] GC(63) Pause Young (Allocation Failure) 422M->422M(499M) 17.532ms
[2.631s][info][gc,cpu         ] GC(63) User=0.09s Sys=0.00s Real=0.02s
[2.642s][info][gc,start       ] GC(64) Pause Young (Allocation Failure)
[2.662s][info][gc,heap        ] GC(64) PSYoungGen: 39872K(73728K)->31904K(40448K) Eden: 8192K(8192K)->0K(8192K) From: 31680K(65536K)->31904K(32256K)
[2.663s][info][gc,heap        ] GC(64) ParOldGen: 401154K(437760K)->409186K(437760K)
[2.663s][info][gc,metaspace   ] GC(64) Metaspace: 6301K(6464K)->6301K(6464K) NonClass: 5768K(5824K)->5768K(5824K) Class: 533K(640K)->533K(640K)
[2.663s][info][gc             ] GC(64) Pause Young (Allocation Failure) 430M->430M(467M) 20.944ms
[2.663s][info][gc,cpu         ] GC(64) User=0.09s Sys=0.02s Real=0.02s
[2.672s][info][gc,start       ] GC(65) Pause Young (Allocation Failure)
[2.693s][info][gc,heap        ] GC(65) PSYoungGen: 40096K(40448K)->30816K(69632K) Eden: 8192K(8192K)->0K(9728K) From: 31904K(32256K)->30816K(59904K)
[2.693s][info][gc,heap        ] GC(65) ParOldGen: 409186K(437760K)->418650K(437760K)
[2.693s][info][gc,metaspace   ] GC(65) Metaspace: 6301K(6464K)->6301K(6464K) NonClass: 5768K(5824K)->5768K(5824K) Class: 533K(640K)->533K(640K)
[2.693s][info][gc             ] GC(65) Pause Young (Allocation Failure) 438M->438M(495M) 21.091ms
[2.693s][info][gc,cpu         ] GC(65) User=0.12s Sys=0.00s Real=0.02s
[2.693s][info][gc,start       ] GC(66) Pause Full (Ergonomics)
[2.693s][info][gc,phases,start] GC(66) Marking Phase
[2.804s][info][gc,phases      ] GC(66) Marking Phase 110.645ms
[2.804s][info][gc,phases,start] GC(66) Summary Phase
[2.804s][info][gc,phases      ] GC(66) Summary Phase 0.026ms
[2.804s][info][gc,phases,start] GC(66) Adjust Roots
[2.804s][info][gc,phases      ] GC(66) Adjust Roots 0.274ms
[2.804s][info][gc,phases,start] GC(66) Compaction Phase
[2.855s][info][gc,phases      ] GC(66) Compaction Phase 50.942ms
[2.855s][info][gc,phases,start] GC(66) Post Compact
[2.858s][info][gc,phases      ] GC(66) Post Compact 3.081ms
[2.858s][info][gc,heap        ] GC(66) PSYoungGen: 30816K(69632K)->11183K(71168K) Eden: 0K(9728K)->0K(11264K) From: 30816K(59904K)->11183K(59904K)
[2.858s][info][gc,heap        ] GC(66) ParOldGen: 418650K(437760K)->437540K(492032K)
[2.858s][info][gc,metaspace   ] GC(66) Metaspace: 6301K(6464K)->6301K(6464K) NonClass: 5768K(5824K)->5768K(5824K) Class: 533K(640K)->533K(640K)
[2.858s][info][gc             ] GC(66) Pause Full (Ergonomics) 438M->438M(550M) 165.557ms
[2.858s][info][gc,cpu         ] GC(66) User=0.92s Sys=0.00s Real=0.16s
[2.872s][info][gc,start       ] GC(67) Pause Young (Allocation Failure)
[2.901s][info][gc,heap        ] GC(67) PSYoungGen: 22447K(71168K)->18240K(74240K) Eden: 11264K(11264K)->0K(11264K) From: 11183K(59904K)->18240K(62976K)
[2.901s][info][gc,heap        ] GC(67) ParOldGen: 437540K(492032K)->441940K(492032K)
[2.901s][info][gc,metaspace   ] GC(67) Metaspace: 6301K(6464K)->6301K(6464K) NonClass: 5768K(5824K)->5768K(5824K) Class: 533K(640K)->533K(640K)
[2.901s][info][gc             ] GC(67) Pause Young (Allocation Failure) 449M->449M(553M) 29.158ms
[2.901s][info][gc,cpu         ] GC(67) User=0.12s Sys=0.00s Real=0.03s
[2.913s][info][gc,start       ] GC(68) Pause Young (Allocation Failure)
[2.929s][info][gc,heap        ] GC(68) PSYoungGen: 29504K(74240K)->25792K(71680K) Eden: 11264K(11264K)->0K(12800K) From: 18240K(62976K)->25792K(58880K)
[2.929s][info][gc,heap        ] GC(68) ParOldGen: 441940K(492032K)->445772K(492032K)
[2.929s][info][gc,metaspace   ] GC(68) Metaspace: 6301K(6464K)->6301K(6464K) NonClass: 5768K(5824K)->5768K(5824K) Class: 533K(640K)->533K(640K)
[2.929s][info][gc             ] GC(68) Pause Young (Allocation Failure) 460M->460M(550M) 15.611ms
[2.929s][info][gc,cpu         ] GC(68) User=0.02s Sys=0.00s Real=0.02s
[2.944s][info][gc,start       ] GC(69) Pause Young (Allocation Failure)
[2.963s][info][gc,heap        ] GC(69) PSYoungGen: 38592K(71680K)->35424K(73728K) Eden: 12800K(12800K)->0K(12800K) From: 25792K(58880K)->35424K(60928K)
[2.963s][info][gc,heap        ] GC(69) ParOldGen: 445772K(492032K)->448956K(492032K)
[2.963s][info][gc,metaspace   ] GC(69) Metaspace: 6301K(6464K)->6301K(6464K) NonClass: 5768K(5824K)->5768K(5824K) Class: 533K(640K)->533K(640K)
[2.963s][info][gc             ] GC(69) Pause Young (Allocation Failure) 473M->473M(552M) 19.756ms
[2.963s][info][gc,cpu         ] GC(69) User=0.12s Sys=0.00s Real=0.02s
[2.978s][info][gc,start       ] GC(70) Pause Young (Allocation Failure)
[3.001s][info][gc,heap        ] GC(70) PSYoungGen: 48224K(73728K)->36960K(72192K) Eden: 12800K(12800K)->0K(14848K) From: 35424K(60928K)->36960K(57344K)
[3.001s][info][gc,heap        ] GC(70) ParOldGen: 448956K(492032K)->460364K(492032K)
[3.001s][info][gc,metaspace   ] GC(70) Metaspace: 6301K(6464K)->6301K(6464K) NonClass: 5768K(5824K)->5768K(5824K) Class: 533K(640K)->533K(640K)
[3.001s][info][gc             ] GC(70) Pause Young (Allocation Failure) 485M->485M(551M) 23.610ms
[3.001s][info][gc,cpu         ] GC(70) User=0.14s Sys=0.00s Real=0.02s
[3.017s][info][gc,start       ] GC(71) Pause Young (Allocation Failure)
[3.043s][info][gc,heap        ] GC(71) PSYoungGen: 51808K(72192K)->40576K(73216K) Eden: 14848K(14848K)->0K(14848K) From: 36960K(57344K)->40576K(58368K)
[3.043s][info][gc,heap        ] GC(71) ParOldGen: 460364K(492032K)->471796K(492032K)
[3.043s][info][gc,metaspace   ] GC(71) Metaspace: 6301K(6464K)->6301K(6464K) NonClass: 5768K(5824K)->5768K(5824K) Class: 533K(640K)->533K(640K)
[3.043s][info][gc             ] GC(71) Pause Young (Allocation Failure) 500M->500M(552M) 25.256ms
[3.043s][info][gc,cpu         ] GC(71) User=0.12s Sys=0.00s Real=0.02s
[3.059s][info][gc,start       ] GC(72) Pause Young (Allocation Failure)
[3.086s][info][gc,heap        ] GC(72) PSYoungGen: 55424K(73216K)->42592K(74752K) Eden: 14848K(14848K)->0K(15872K) From: 40576K(58368K)->42592K(58880K)
[3.086s][info][gc,heap        ] GC(72) ParOldGen: 471796K(492032K)->484780K(492032K)
[3.086s][info][gc,metaspace   ] GC(72) Metaspace: 6301K(6464K)->6301K(6464K) NonClass: 5768K(5824K)->5768K(5824K) Class: 533K(640K)->533K(640K)
[3.086s][info][gc             ] GC(72) Pause Young (Allocation Failure) 514M->515M(553M) 26.587ms
[3.086s][info][gc,cpu         ] GC(72) User=0.12s Sys=0.00s Real=0.03s
[3.086s][info][gc,start       ] GC(73) Pause Full (Ergonomics)
[3.086s][info][gc,phases,start] GC(73) Marking Phase
[3.204s][info][gc,phases      ] GC(73) Marking Phase 117.930ms
[3.204s][info][gc,phases,start] GC(73) Summary Phase
[3.204s][info][gc,phases      ] GC(73) Summary Phase 0.023ms
[3.204s][info][gc,phases,start] GC(73) Adjust Roots
[3.204s][info][gc,phases      ] GC(73) Adjust Roots 0.168ms
[3.204s][info][gc,phases,start] GC(73) Compaction Phase
[3.260s][info][gc,phases      ] GC(73) Compaction Phase 55.228ms
[3.260s][info][gc,phases,start] GC(73) Post Compact
[3.262s][info][gc,phases      ] GC(73) Post Compact 2.577ms
[3.263s][info][gc,heap        ] GC(73) PSYoungGen: 42592K(74752K)->34736K(74752K) Eden: 0K(15872K)->0K(15872K) From: 42592K(58880K)->34736K(58880K)
[3.263s][info][gc,heap        ] GC(73) ParOldGen: 484780K(492032K)->491624K(549888K)
[3.263s][info][gc,metaspace   ] GC(73) Metaspace: 6301K(6464K)->6301K(6464K) NonClass: 5768K(5824K)->5768K(5824K) Class: 533K(640K)->533K(640K)
[3.263s][info][gc             ] GC(73) Pause Full (Ergonomics) 515M->514M(610M) 176.540ms
[3.263s][info][gc,cpu         ] GC(73) User=1.17s Sys=0.00s Real=0.18s
[3.280s][info][gc,start       ] GC(74) Pause Young (Allocation Failure)
[3.323s][info][gc,heap        ] GC(74) PSYoungGen: 50608K(74752K)->28512K(75776K) Eden: 15872K(15872K)->0K(15872K) From: 34736K(58880K)->28512K(59904K)
[3.323s][info][gc,heap        ] GC(74) ParOldGen: 491624K(549888K)->514200K(549888K)
[3.323s][info][gc,metaspace   ] GC(74) Metaspace: 6301K(6464K)->6301K(6464K) NonClass: 5768K(5824K)->5768K(5824K) Class: 533K(640K)->533K(640K)
[3.323s][info][gc             ] GC(74) Pause Young (Allocation Failure) 529M->529M(611M) 42.580ms
[3.323s][info][gc,cpu         ] GC(74) User=0.25s Sys=0.00s Real=0.04s
[3.341s][info][gc,start       ] GC(75) Pause Young (Allocation Failure)
[3.364s][info][gc,heap        ] GC(75) PSYoungGen: 44384K(75776K)->31840K(72192K) Eden: 15872K(15872K)->0K(17920K) From: 28512K(59904K)->31840K(54272K)
[3.364s][info][gc,heap        ] GC(75) ParOldGen: 514200K(549888K)->526880K(549888K)
[3.364s][info][gc,metaspace   ] GC(75) Metaspace: 6301K(6464K)->6301K(6464K) NonClass: 5768K(5824K)->5768K(5824K) Class: 533K(640K)->533K(640K)
[3.364s][info][gc             ] GC(75) Pause Young (Allocation Failure) 545M->545M(607M) 23.526ms
[3.364s][info][gc,cpu         ] GC(75) User=0.11s Sys=0.00s Real=0.02s
[3.364s][info][gc,start       ] GC(76) Pause Full (Ergonomics)
[3.364s][info][gc,phases,start] GC(76) Marking Phase
[3.491s][info][gc,phases      ] GC(76) Marking Phase 126.927ms
[3.491s][info][gc,phases,start] GC(76) Summary Phase
[3.491s][info][gc,phases      ] GC(76) Summary Phase 0.022ms
[3.491s][info][gc,phases,start] GC(76) Adjust Roots
[3.492s][info][gc,phases      ] GC(76) Adjust Roots 0.174ms
[3.492s][info][gc,phases,start] GC(76) Compaction Phase
[3.542s][info][gc,phases      ] GC(76) Compaction Phase 50.172ms
[3.542s][info][gc,phases,start] GC(76) Post Compact
[3.543s][info][gc,phases      ] GC(76) Post Compact 1.077ms
[3.543s][info][gc,heap        ] GC(76) PSYoungGen: 31840K(72192K)->8182K(74240K) Eden: 0K(17920K)->0K(19968K) From: 31840K(54272K)->8182K(54272K)
[3.543s][info][gc,heap        ] GC(76) ParOldGen: 526880K(549888K)->549862K(615936K)
[3.543s][info][gc,metaspace   ] GC(76) Metaspace: 6301K(6464K)->6301K(6464K) NonClass: 5768K(5824K)->5768K(5824K) Class: 533K(640K)->533K(640K)
[3.543s][info][gc             ] GC(76) Pause Full (Ergonomics) 545M->544M(674M) 178.937ms
[3.543s][info][gc,cpu         ] GC(76) User=1.12s Sys=0.05s Real=0.18s
[3.566s][info][gc,start       ] GC(77) Pause Young (Allocation Failure)
[3.603s][info][gc,heap        ] GC(77) PSYoungGen: 28150K(74240K)->24064K(76288K) Eden: 19968K(19968K)->0K(19968K) From: 8182K(54272K)->24064K(56320K)
[3.603s][info][gc,heap        ] GC(77) ParOldGen: 549862K(615936K)->554158K(615936K)
[3.603s][info][gc,metaspace   ] GC(77) Metaspace: 6301K(6464K)->6301K(6464K) NonClass: 5768K(5824K)->5768K(5824K) Class: 533K(640K)->533K(640K)
[3.603s][info][gc             ] GC(77) Pause Young (Allocation Failure) 564M->564M(676M) 37.024ms
[3.603s][info][gc,cpu         ] GC(77) User=0.14s Sys=0.00s Real=0.04s
[3.625s][info][gc,start       ] GC(78) Pause Young (Allocation Failure)
[3.648s][info][gc,heap        ] GC(78) PSYoungGen: 44032K(76288K)->44064K(75264K) Eden: 19968K(19968K)->0K(19968K) From: 24064K(56320K)->44064K(55296K)
[3.648s][info][gc,heap        ] GC(78) ParOldGen: 554158K(615936K)->554158K(615936K)
[3.648s][info][gc,metaspace   ] GC(78) Metaspace: 6301K(6464K)->6301K(6464K) NonClass: 5768K(5824K)->5768K(5824K) Class: 533K(640K)->533K(640K)
[3.648s][info][gc             ] GC(78) Pause Young (Allocation Failure) 584M->584M(675M) 23.223ms
[3.648s][info][gc,cpu         ] GC(78) User=0.12s Sys=0.00s Real=0.02s
[3.672s][info][gc,start       ] GC(79) Pause Young (Allocation Failure)
[3.704s][info][gc,heap        ] GC(79) PSYoungGen: 64032K(75264K)->57344K(77312K) Eden: 19968K(19968K)->0K(19968K) From: 44064K(55296K)->57344K(57344K)
[3.704s][info][gc,heap        ] GC(79) ParOldGen: 554158K(615936K)->560838K(615936K)
[3.704s][info][gc,metaspace   ] GC(79) Metaspace: 6301K(6464K)->6301K(6464K) NonClass: 5768K(5824K)->5768K(5824K) Class: 533K(640K)->533K(640K)
[3.704s][info][gc             ] GC(79) Pause Young (Allocation Failure) 603M->603M(677M) 32.142ms
[3.704s][info][gc,cpu         ] GC(79) User=0.14s Sys=0.00s Real=0.03s
[3.728s][info][gc,start       ] GC(80) Pause Young (Allocation Failure)
[3.767s][info][gc,heap        ] GC(80) PSYoungGen: 77312K(77312K)->57504K(83968K) Eden: 19968K(19968K)->0K(17408K) From: 57344K(57344K)->57504K(66560K)
[3.767s][info][gc,heap        ] GC(80) ParOldGen: 560838K(615936K)->581046K(615936K)
[3.767s][info][gc,metaspace   ] GC(80) Metaspace: 6301K(6464K)->6301K(6464K) NonClass: 5768K(5824K)->5768K(5824K) Class: 533K(640K)->533K(640K)
[3.767s][info][gc             ] GC(80) Pause Young (Allocation Failure) 623M->623M(683M) 38.882ms
[3.767s][info][gc,cpu         ] GC(80) User=0.23s Sys=0.03s Real=0.04s
[3.789s][info][gc,start       ] GC(81) Pause Young (Allocation Failure)
[3.826s][info][gc,heap        ] GC(81) PSYoungGen: 74912K(83968K)->55808K(88576K) Eden: 17408K(17408K)->0K(17408K) From: 57504K(66560K)->55808K(71168K)
[3.826s][info][gc,heap        ] GC(81) ParOldGen: 581046K(615936K)->600390K(615936K)
[3.826s][info][gc,metaspace   ] GC(81) Metaspace: 6301K(6464K)->6301K(6464K) NonClass: 5768K(5824K)->5768K(5824K) Class: 533K(640K)->533K(640K)
[3.826s][info][gc             ] GC(81) Pause Young (Allocation Failure) 640M->640M(688M) 36.963ms
[3.826s][info][gc,cpu         ] GC(81) User=0.22s Sys=0.03s Real=0.04s
[3.826s][info][gc,start       ] GC(82) Pause Full (Ergonomics)
[3.826s][info][gc,phases,start] GC(82) Marking Phase
[3.972s][info][gc,phases      ] GC(82) Marking Phase 146.548ms
[3.972s][info][gc,phases,start] GC(82) Summary Phase
[3.972s][info][gc,phases      ] GC(82) Summary Phase 0.022ms
[3.972s][info][gc,phases,start] GC(82) Adjust Roots
[3.973s][info][gc,phases      ] GC(82) Adjust Roots 0.161ms
[3.973s][info][gc,phases,start] GC(82) Compaction Phase
[4.030s][info][gc,phases      ] GC(82) Compaction Phase 57.885ms
[4.031s][info][gc,phases,start] GC(82) Post Compact
[4.032s][info][gc,phases      ] GC(82) Post Compact 1.053ms
[4.032s][info][gc,heap        ] GC(82) PSYoungGen: 55808K(88576K)->39737K(88576K) Eden: 0K(17408K)->0K(17408K) From: 55808K(71168K)->39737K(71168K)
[4.032s][info][gc,heap        ] GC(82) ParOldGen: 600390K(615936K)->615425K(688640K)
[4.032s][info][gc,metaspace   ] GC(82) Metaspace: 6301K(6464K)->6301K(6464K) NonClass: 5768K(5824K)->5768K(5824K) Class: 533K(640K)->533K(640K)
[4.032s][info][gc             ] GC(82) Pause Full (Ergonomics) 640M->639M(759M) 206.199ms
[4.032s][info][gc,cpu         ] GC(82) User=1.45s Sys=0.03s Real=0.21s
[4.053s][info][gc,start       ] GC(83) Pause Young (Allocation Failure)
[4.104s][info][gc,heap        ] GC(83) PSYoungGen: 57145K(88576K)->44416K(90624K) Eden: 17408K(17408K)->0K(19456K) From: 39737K(71168K)->44416K(71168K)
[4.104s][info][gc,heap        ] GC(83) ParOldGen: 615425K(688640K)->628529K(688640K)
[4.104s][info][gc,metaspace   ] GC(83) Metaspace: 6301K(6464K)->6301K(6464K) NonClass: 5768K(5824K)->5768K(5824K) Class: 533K(640K)->533K(640K)
[4.104s][info][gc             ] GC(83) Pause Young (Allocation Failure) 656M->657M(761M) 51.781ms
[4.104s][info][gc,cpu         ] GC(83) User=0.27s Sys=0.00s Real=0.05s
[4.131s][info][gc,start       ] GC(84) Pause Young (Allocation Failure)
[4.163s][info][gc,heap        ] GC(84) PSYoungGen: 63872K(90624K)->63872K(92160K) Eden: 19456K(19456K)->0K(19456K) From: 44416K(71168K)->63872K(72704K)
[4.163s][info][gc,heap        ] GC(84) ParOldGen: 628529K(688640K)->628529K(688640K)
[4.163s][info][gc,metaspace   ] GC(84) Metaspace: 6301K(6464K)->6301K(6464K) NonClass: 5768K(5824K)->5768K(5824K) Class: 533K(640K)->533K(640K)
[4.163s][info][gc             ] GC(84) Pause Young (Allocation Failure) 676M->676M(762M) 32.735ms
[4.163s][info][gc,cpu         ] GC(84) User=0.16s Sys=0.00s Real=0.03s
[4.327s][info][gc,start       ] GC(85) Pause Young (Allocation Failure)
[4.379s][info][gc,heap        ] GC(85) PSYoungGen: 83328K(92160K)->68544K(93184K) Eden: 19456K(19456K)->0K(15360K) From: 63872K(72704K)->68544K(77824K)
[4.379s][info][gc,heap        ] GC(85) ParOldGen: 661298K(688640K)->676314K(688640K)
[4.379s][info][gc,metaspace   ] GC(85) Metaspace: 6301K(6464K)->6301K(6464K) NonClass: 5768K(5824K)->5768K(5824K) Class: 533K(640K)->533K(640K)
[4.379s][info][gc             ] GC(85) Pause Young (Allocation Failure) 727M->727M(763M) 52.552ms
[4.379s][info][gc,cpu         ] GC(85) User=0.34s Sys=0.03s Real=0.05s
[4.379s][info][gc,start       ] GC(86) Pause Full (Ergonomics)
[4.379s][info][gc,phases,start] GC(86) Marking Phase
[4.542s][info][gc,phases      ] GC(86) Marking Phase 162.269ms
[4.542s][info][gc,phases,start] GC(86) Summary Phase
[4.542s][info][gc,phases      ] GC(86) Summary Phase 0.030ms
[4.542s][info][gc,phases,start] GC(86) Adjust Roots
[4.542s][info][gc,phases      ] GC(86) Adjust Roots 0.182ms
[4.542s][info][gc,phases,start] GC(86) Compaction Phase
[4.663s][info][gc,phases      ] GC(86) Compaction Phase 120.566ms
[4.663s][info][gc,phases,start] GC(86) Post Compact
[4.664s][info][gc,phases      ] GC(86) Post Compact 1.538ms
[4.665s][info][gc,heap        ] GC(86) PSYoungGen: 68544K(93184K)->39169K(93184K) Eden: 0K(15360K)->0K(15360K) From: 68544K(77824K)->39169K(77824K)
[4.665s][info][gc,heap        ] GC(86) ParOldGen: 676314K(688640K)->688608K(766464K)
[4.665s][info][gc,metaspace   ] GC(86) Metaspace: 6301K(6464K)->6301K(6464K) NonClass: 5768K(5824K)->5768K(5824K) Class: 533K(640K)->533K(640K)
[4.665s][info][gc             ] GC(86) Pause Full (Ergonomics) 727M->710M(839M) 285.250ms
[4.665s][info][gc,cpu         ] GC(86) User=1.97s Sys=0.05s Real=0.28s
[4.683s][info][gc,start       ] GC(87) Pause Young (Allocation Failure)
[4.733s][info][gc,heap        ] GC(87) PSYoungGen: 54529K(93184K)->54720K(99328K) Eden: 15360K(15360K)->0K(15360K) From: 39169K(77824K)->54720K(83968K)
[4.733s][info][gc,heap        ] GC(87) ParOldGen: 688608K(766464K)->688608K(766464K)
[4.733s][info][gc,metaspace   ] GC(87) Metaspace: 6301K(6464K)->6301K(6464K) NonClass: 5768K(5824K)->5768K(5824K) Class: 533K(640K)->533K(640K)
[4.733s][info][gc             ] GC(87) Pause Young (Allocation Failure) 725M->725M(845M) 50.635ms
[4.733s][info][gc,cpu         ] GC(87) User=0.50s Sys=0.00s Real=0.05s
[4.749s][info][gc,start       ] GC(88) Pause Young (Allocation Failure)
[4.781s][info][gc,heap        ] GC(88) PSYoungGen: 70080K(99328K)->70112K(95232K) Eden: 15360K(15360K)->0K(11776K) From: 54720K(83968K)->70112K(83456K)
[4.781s][info][gc,heap        ] GC(88) ParOldGen: 688608K(766464K)->688608K(766464K)
[4.781s][info][gc,metaspace   ] GC(88) Metaspace: 6301K(6464K)->6301K(6464K) NonClass: 5768K(5824K)->5768K(5824K) Class: 533K(640K)->533K(640K)
[4.781s][info][gc             ] GC(88) Pause Young (Allocation Failure) 740M->740M(841M) 31.949ms
[4.781s][info][gc,cpu         ] GC(88) User=0.14s Sys=0.00s Real=0.03s
[4.794s][info][gc,start       ] GC(89) Pause Young (Allocation Failure)
[4.829s][info][gc,heap        ] GC(89) PSYoungGen: 81888K(95232K)->81920K(100352K) Eden: 11776K(11776K)->0K(11776K) From: 70112K(83456K)->81920K(88576K)
[4.829s][info][gc,heap        ] GC(89) ParOldGen: 688608K(766464K)->688608K(766464K)
[4.829s][info][gc,metaspace   ] GC(89) Metaspace: 6301K(6464K)->6301K(6464K) NonClass: 5768K(5824K)->5768K(5824K) Class: 533K(640K)->533K(640K)
[4.829s][info][gc             ] GC(89) Pause Young (Allocation Failure) 752M->752M(846M) 35.877ms
[4.830s][info][gc,cpu         ] GC(89) User=0.23s Sys=0.00s Real=0.04s
[4.842s][info][gc,start       ] GC(90) Pause Young (Allocation Failure)
[4.884s][info][gc,heap        ] GC(90) PSYoungGen: 93696K(100352K)->86016K(101888K) Eden: 11776K(11776K)->0K(5120K) From: 81920K(88576K)->86016K(96768K)
[4.884s][info][gc,heap        ] GC(90) ParOldGen: 688608K(766464K)->696368K(766464K)
[4.884s][info][gc,metaspace   ] GC(90) Metaspace: 6301K(6464K)->6301K(6464K) NonClass: 5768K(5824K)->5768K(5824K) Class: 533K(640K)->533K(640K)
[4.884s][info][gc             ] GC(90) Pause Young (Allocation Failure) 763M->764M(848M) 42.265ms
[4.884s][info][gc,cpu         ] GC(90) User=0.23s Sys=0.02s Real=0.04s
[4.890s][info][gc,start       ] GC(91) Pause Young (Allocation Failure)
[4.930s][info][gc,heap        ] GC(91) PSYoungGen: 91136K(101888K)->69664K(110080K) Eden: 5120K(5120K)->0K(5120K) From: 86016K(96768K)->69664K(104960K)
[4.930s][info][gc,heap        ] GC(91) ParOldGen: 696368K(766464K)->718000K(766464K)
[4.930s][info][gc,metaspace   ] GC(91) Metaspace: 6301K(6464K)->6301K(6464K) NonClass: 5768K(5824K)->5768K(5824K) Class: 533K(640K)->533K(640K)
[4.930s][info][gc             ] GC(91) Pause Young (Allocation Failure) 769M->769M(856M) 40.182ms
[4.930s][info][gc,cpu         ] GC(91) User=0.22s Sys=0.03s Real=0.04s
[4.935s][info][gc,start       ] GC(92) Pause Young (Allocation Failure)
[4.969s][info][gc,heap        ] GC(92) PSYoungGen: 74784K(110080K)->49216K(104960K) Eden: 5120K(5120K)->0K(6144K) From: 69664K(104960K)->49216K(98816K)
[4.969s][info][gc,heap        ] GC(92) ParOldGen: 718000K(766464K)->743856K(766464K)
[4.969s][info][gc,metaspace   ] GC(92) Metaspace: 6301K(6464K)->6301K(6464K) NonClass: 5768K(5824K)->5768K(5824K) Class: 533K(640K)->533K(640K)
[4.969s][info][gc             ] GC(92) Pause Young (Allocation Failure) 774M->774M(851M) 33.855ms
[4.969s][info][gc,cpu         ] GC(92) User=0.25s Sys=0.00s Real=0.03s
[4.969s][info][gc,start       ] GC(93) Pause Full (Ergonomics)
[4.969s][info][gc,phases,start] GC(93) Marking Phase
[5.143s][info][gc,phases      ] GC(93) Marking Phase 173.544ms
[5.143s][info][gc,phases,start] GC(93) Summary Phase
[5.143s][info][gc,phases      ] GC(93) Summary Phase 0.024ms
[5.143s][info][gc,phases,start] GC(93) Adjust Roots
[5.143s][info][gc,phases      ] GC(93) Adjust Roots 0.159ms
[5.143s][info][gc,phases,start] GC(93) Compaction Phase
[5.224s][info][gc,phases      ] GC(93) Compaction Phase 81.200ms
[5.224s][info][gc,phases,start] GC(93) Post Compact
[5.226s][info][gc,phases      ] GC(93) Post Compact 1.436ms
[5.226s][info][gc,heap        ] GC(93) PSYoungGen: 49216K(104960K)->25991K(106496K) Eden: 0K(6144K)->0K(7680K) From: 49216K(98816K)->25991K(98816K)
[5.226s][info][gc,heap        ] GC(93) ParOldGen: 743856K(766464K)->766102K(854016K)
[5.226s][info][gc,metaspace   ] GC(93) Metaspace: 6301K(6464K)->6301K(6464K) NonClass: 5768K(5824K)->5768K(5824K) Class: 533K(640K)->533K(640K)
[5.226s][info][gc             ] GC(93) Pause Full (Ergonomics) 774M->773M(938M) 257.059ms
[5.226s][info][gc,cpu         ] GC(93) User=1.70s Sys=0.00s Real=0.26s
[5.236s][info][gc,start       ] GC(94) Pause Young (Allocation Failure)
[5.282s][info][gc,heap        ] GC(94) PSYoungGen: 33671K(106496K)->21184K(109568K) Eden: 7680K(7680K)->0K(7680K) From: 25991K(98816K)->21184K(101888K)
[5.282s][info][gc,heap        ] GC(94) ParOldGen: 766102K(854016K)->778950K(854016K)
[5.282s][info][gc,metaspace   ] GC(94) Metaspace: 6301K(6464K)->6301K(6464K) NonClass: 5768K(5824K)->5768K(5824K) Class: 533K(640K)->533K(640K)
[5.282s][info][gc             ] GC(94) Pause Young (Allocation Failure) 781M->781M(941M) 46.147ms
[5.282s][info][gc,cpu         ] GC(94) User=0.25s Sys=0.02s Real=0.05s
[5.290s][info][gc,start       ] GC(95) Pause Young (Allocation Failure)
[5.307s][info][gc,heap        ] GC(95) PSYoungGen: 28864K(109568K)->18560K(110592K) Eden: 7680K(7680K)->0K(7680K) From: 21184K(101888K)->18560K(102912K)
[5.307s][info][gc,heap        ] GC(95) ParOldGen: 778950K(854016K)->789358K(854016K)
[5.307s][info][gc,metaspace   ] GC(95) Metaspace: 6301K(6464K)->6301K(6464K) NonClass: 5768K(5824K)->5768K(5824K) Class: 533K(640K)->533K(640K)
[5.307s][info][gc             ] GC(95) Pause Young (Allocation Failure) 788M->788M(942M) 16.918ms
[5.307s][info][gc,cpu         ] GC(95) User=0.03s Sys=0.00s Real=0.02s
[5.315s][info][gc,start       ] GC(96) Pause Young (Allocation Failure)
[5.332s][info][gc,heap        ] GC(96) PSYoungGen: 26240K(110592K)->15488K(111616K) Eden: 7680K(7680K)->0K(7680K) From: 18560K(102912K)->15488K(103936K)
[5.332s][info][gc,heap        ] GC(96) ParOldGen: 789358K(854016K)->800246K(854016K)
[5.332s][info][gc,metaspace   ] GC(96) Metaspace: 6301K(6464K)->6301K(6464K) NonClass: 5768K(5824K)->5768K(5824K) Class: 533K(640K)->533K(640K)
[5.332s][info][gc             ] GC(96) Pause Young (Allocation Failure) 796M->796M(943M) 16.846ms
[5.332s][info][gc,cpu         ] GC(96) User=0.02s Sys=0.00s Real=0.02s
[5.340s][info][gc,start       ] GC(97) Pause Young (Allocation Failure)
[5.355s][info][gc,heap        ] GC(97) PSYoungGen: 23168K(111616K)->7840K(112640K) Eden: 7680K(7680K)->0K(8192K) From: 15488K(103936K)->7840K(104448K)
[5.355s][info][gc,heap        ] GC(97) ParOldGen: 800246K(854016K)->815782K(854016K)
[5.355s][info][gc,metaspace   ] GC(97) Metaspace: 6301K(6464K)->6301K(6464K) NonClass: 5768K(5824K)->5768K(5824K) Class: 533K(640K)->533K(640K)
[5.355s][info][gc             ] GC(97) Pause Young (Allocation Failure) 804M->804M(944M) 15.237ms
[5.355s][info][gc,cpu         ] GC(97) User=0.02s Sys=0.00s Real=0.02s
[5.363s][info][gc,start       ] GC(98) Pause Young (Allocation Failure)
[5.376s][info][gc,heap        ] GC(98) PSYoungGen: 16032K(112640K)->8288K(113152K) Eden: 8192K(8192K)->0K(8192K) From: 7840K(104448K)->8288K(104960K)
[5.376s][info][gc,heap        ] GC(98) ParOldGen: 815782K(854016K)->823574K(854016K)
[5.376s][info][gc,metaspace   ] GC(98) Metaspace: 6301K(6464K)->6301K(6464K) NonClass: 5768K(5824K)->5768K(5824K) Class: 533K(640K)->533K(640K)
[5.376s][info][gc             ] GC(98) Pause Young (Allocation Failure) 812M->812M(944M) 12.768ms
[5.376s][info][gc,cpu         ] GC(98) User=0.02s Sys=0.00s Real=0.01s
[5.385s][info][gc,start       ] GC(99) Pause Young (Allocation Failure)
[5.398s][info][gc,heap        ] GC(99) PSYoungGen: 16480K(113152K)->8352K(111104K) Eden: 8192K(8192K)->0K(9728K) From: 8288K(104960K)->8352K(101376K)
[5.398s][info][gc,heap        ] GC(99) ParOldGen: 823574K(854016K)->831878K(854016K)
[5.398s][info][gc,metaspace   ] GC(99) Metaspace: 6301K(6464K)->6301K(6464K) NonClass: 5768K(5824K)->5768K(5824K) Class: 533K(640K)->533K(640K)
[5.398s][info][gc             ] GC(99) Pause Young (Allocation Failure) 820M->820M(942M) 12.935ms
[5.398s][info][gc,cpu         ] GC(99) User=0.02s Sys=0.00s Real=0.01s
[5.398s][info][gc,start       ] GC(100) Pause Full (Ergonomics)
[5.398s][info][gc,phases,start] GC(100) Marking Phase
[5.585s][info][gc,phases      ] GC(100) Marking Phase 186.742ms
[5.585s][info][gc,phases,start] GC(100) Summary Phase
[5.585s][info][gc,phases      ] GC(100) Summary Phase 0.027ms
[5.585s][info][gc,phases,start] GC(100) Adjust Roots
[5.585s][info][gc,phases      ] GC(100) Adjust Roots 0.182ms
[5.585s][info][gc,phases,start] GC(100) Compaction Phase
[5.665s][info][gc,phases      ] GC(100) Compaction Phase 80.305ms
[5.665s][info][gc,phases,start] GC(100) Post Compact
[5.667s][info][gc,phases      ] GC(100) Post Compact 1.400ms
[5.667s][info][gc,heap        ] GC(100) PSYoungGen: 8352K(111104K)->0K(112640K) Eden: 0K(9728K)->0K(9728K) From: 8352K(101376K)->0K(102912K)
[5.667s][info][gc,heap        ] GC(100) ParOldGen: 831878K(854016K)->839012K(927232K)
[5.667s][info][gc,metaspace   ] GC(100) Metaspace: 6301K(6464K)->6301K(6464K) NonClass: 5768K(5824K)->5768K(5824K) Class: 533K(640K)->533K(640K)
[5.667s][info][gc             ] GC(100) Pause Full (Ergonomics) 820M->819M(1015M) 269.197ms
[5.667s][info][gc,cpu         ] GC(100) User=1.91s Sys=0.02s Real=0.27s
[5.677s][info][gc,start       ] GC(101) Pause Young (Allocation Failure)
[5.690s][info][gc,heap        ] GC(101) PSYoungGen: 9728K(112640K)->9856K(109056K) Eden: 9728K(9728K)->0K(10752K) From: 0K(102912K)->9856K(98304K)
[5.690s][info][gc,heap        ] GC(101) ParOldGen: 839012K(927232K)->839012K(927232K)
[5.690s][info][gc,metaspace   ] GC(101) Metaspace: 6301K(6464K)->6301K(6464K) NonClass: 5768K(5824K)->5768K(5824K) Class: 533K(640K)->533K(640K)
[5.690s][info][gc             ] GC(101) Pause Young (Allocation Failure) 828M->828M(1012M) 12.495ms
[5.690s][info][gc,cpu         ] GC(101) User=0.00s Sys=0.00s Real=0.01s
[5.702s][info][gc,start       ] GC(102) Pause Young (Allocation Failure)
[5.718s][info][gc,heap        ] GC(102) PSYoungGen: 20608K(109056K)->10848K(22016K) Eden: 10752K(10752K)->0K(10752K) From: 9856K(98304K)->10848K(11264K)
[5.719s][info][gc,heap        ] GC(102) ParOldGen: 839012K(927232K)->848876K(927232K)
[5.719s][info][gc,metaspace   ] GC(102) Metaspace: 6301K(6464K)->6301K(6464K) NonClass: 5768K(5824K)->5768K(5824K) Class: 533K(640K)->533K(640K)
[5.719s][info][gc             ] GC(102) Pause Young (Allocation Failure) 839M->839M(927M) 16.589ms
[5.719s][info][gc,cpu         ] GC(102) User=0.02s Sys=0.00s Real=0.02s
[5.730s][info][gc,start       ] GC(103) Pause Young (Allocation Failure)
[5.745s][info][gc,heap        ] GC(103) PSYoungGen: 21600K(22016K)->10848K(103936K) Eden: 10752K(10752K)->0K(12288K) From: 10848K(11264K)->10848K(91648K)
[5.745s][info][gc,heap        ] GC(103) ParOldGen: 848876K(927232K)->859788K(927232K)
[5.745s][info][gc,metaspace   ] GC(103) Metaspace: 6301K(6464K)->6301K(6464K) NonClass: 5768K(5824K)->5768K(5824K) Class: 533K(640K)->533K(640K)
[5.745s][info][gc             ] GC(103) Pause Young (Allocation Failure) 850M->850M(1007M) 15.556ms
[5.745s][info][gc,cpu         ] GC(103) User=0.02s Sys=0.00s Real=0.02s
[5.759s][info][gc,start       ] GC(104) Pause Young (Allocation Failure)
[5.775s][info][gc,heap        ] GC(104) PSYoungGen: 23136K(103936K)->12416K(25088K) Eden: 12288K(12288K)->0K(12288K) From: 10848K(91648K)->12416K(12800K)
[5.775s][info][gc,heap        ] GC(104) ParOldGen: 859788K(927232K)->870684K(927232K)
[5.775s][info][gc,metaspace   ] GC(104) Metaspace: 6301K(6464K)->6301K(6464K) NonClass: 5768K(5824K)->5768K(5824K) Class: 533K(640K)->533K(640K)
[5.775s][info][gc             ] GC(104) Pause Young (Allocation Failure) 862M->862M(930M) 15.984ms
[5.775s][info][gc,cpu         ] GC(104) User=0.05s Sys=0.00s Real=0.02s
[5.788s][info][gc,start       ] GC(105) Pause Young (Allocation Failure)
[5.803s][info][gc,heap        ] GC(105) PSYoungGen: 24704K(25088K)->12448K(97280K) Eden: 12288K(12288K)->0K(13824K) From: 12416K(12800K)->12448K(83456K)
[5.804s][info][gc,heap        ] GC(105) ParOldGen: 870684K(927232K)->883140K(927232K)
[5.804s][info][gc,metaspace   ] GC(105) Metaspace: 6301K(6464K)->6301K(6464K) NonClass: 5768K(5824K)->5768K(5824K) Class: 533K(640K)->533K(640K)
[5.804s][info][gc             ] GC(105) Pause Young (Allocation Failure) 874M->874M(1000M) 15.978ms
[5.804s][info][gc,cpu         ] GC(105) User=0.02s Sys=0.00s Real=0.02s
[5.819s][info][gc,start       ] GC(106) Pause Young (Allocation Failure)
[5.835s][info][gc,heap        ] GC(106) PSYoungGen: 26272K(97280K)->13952K(28160K) Eden: 13824K(13824K)->0K(13824K) From: 12448K(83456K)->13952K(14336K)
[5.836s][info][gc,heap        ] GC(106) ParOldGen: 883140K(927232K)->895588K(927232K)
[5.836s][info][gc,metaspace   ] GC(106) Metaspace: 6301K(6464K)->6301K(6464K) NonClass: 5768K(5824K)->5768K(5824K) Class: 533K(640K)->533K(640K)
[5.836s][info][gc             ] GC(106) Pause Young (Allocation Failure) 888M->888M(933M) 16.273ms
[5.836s][info][gc,cpu         ] GC(106) User=0.00s Sys=0.02s Real=0.02s
[5.851s][info][gc,start       ] GC(107) Pause Young (Allocation Failure)
[5.868s][info][gc,heap        ] GC(107) PSYoungGen: 27776K(28160K)->14016K(90624K) Eden: 13824K(13824K)->0K(15872K) From: 13952K(14336K)->14016K(74752K)
[5.868s][info][gc,heap        ] GC(107) ParOldGen: 895588K(927232K)->909588K(927232K)
[5.868s][info][gc,metaspace   ] GC(107) Metaspace: 6301K(6464K)->6301K(6464K) NonClass: 5768K(5824K)->5768K(5824K) Class: 533K(640K)->533K(640K)
[5.868s][info][gc             ] GC(107) Pause Young (Allocation Failure) 901M->901M(994M) 16.959ms
[5.868s][info][gc,cpu         ] GC(107) User=0.02s Sys=0.00s Real=0.02s
[5.868s][info][gc,start       ] GC(108) Pause Full (Ergonomics)
[5.868s][info][gc,phases,start] GC(108) Marking Phase
[6.075s][info][gc,phases      ] GC(108) Marking Phase 207.041ms
[6.075s][info][gc,phases,start] GC(108) Summary Phase
[6.075s][info][gc,phases      ] GC(108) Summary Phase 0.029ms
[6.075s][info][gc,phases,start] GC(108) Adjust Roots
[6.075s][info][gc,phases      ] GC(108) Adjust Roots 0.151ms
[6.075s][info][gc,phases,start] GC(108) Compaction Phase
[6.168s][info][gc,phases      ] GC(108) Compaction Phase 92.528ms
[6.168s][info][gc,phases,start] GC(108) Post Compact
[6.170s][info][gc,phases      ] GC(108) Post Compact 1.578ms
[6.170s][info][gc,heap        ] GC(108) PSYoungGen: 14016K(90624K)->0K(94720K) Eden: 0K(15872K)->0K(15872K) From: 14016K(74752K)->0K(78848K)
[6.170s][info][gc,heap        ] GC(108) ParOldGen: 909588K(927232K)->922253K(1014272K)
[6.170s][info][gc,metaspace   ] GC(108) Metaspace: 6301K(6464K)->6301K(6464K) NonClass: 5768K(5824K)->5768K(5824K) Class: 533K(640K)->533K(640K)
[6.170s][info][gc             ] GC(108) Pause Full (Ergonomics) 901M->900M(1083M) 302.026ms
[6.170s][info][gc,cpu         ] GC(108) User=2.06s Sys=0.05s Real=0.30s
[6.189s][info][gc,start       ] GC(109) Pause Young (Allocation Failure)
[6.202s][info][gc,heap        ] GC(109) PSYoungGen: 15872K(94720K)->16000K(87552K) Eden: 15872K(15872K)->0K(17408K) From: 0K(78848K)->16000K(70144K)
[6.202s][info][gc,heap        ] GC(109) ParOldGen: 922253K(1014272K)->922253K(1014272K)
[6.202s][info][gc,metaspace   ] GC(109) Metaspace: 6301K(6464K)->6301K(6464K) NonClass: 5768K(5824K)->5768K(5824K) Class: 533K(640K)->533K(640K)
[6.203s][info][gc             ] GC(109) Pause Young (Allocation Failure) 916M->916M(1076M) 13.776ms
[6.203s][info][gc,cpu         ] GC(109) User=0.02s Sys=0.00s Real=0.01s
[6.222s][info][gc,start       ] GC(110) Pause Young (Allocation Failure)
[6.241s][info][gc,heap        ] GC(110) PSYoungGen: 33408K(87552K)->33408K(92160K) Eden: 17408K(17408K)->0K(17408K) From: 16000K(70144K)->33408K(74752K)
[6.241s][info][gc,heap        ] GC(110) ParOldGen: 922253K(1014272K)->922253K(1014272K)
[6.241s][info][gc,metaspace   ] GC(110) Metaspace: 6301K(6464K)->6301K(6464K) NonClass: 5768K(5824K)->5768K(5824K) Class: 533K(640K)->533K(640K)
[6.241s][info][gc             ] GC(110) Pause Young (Allocation Failure) 933M->933M(1080M) 18.820ms
[6.241s][info][gc,cpu         ] GC(110) User=0.06s Sys=0.00s Real=0.02s
[6.260s][info][gc,start       ] GC(111) Pause Young (Allocation Failure)
[6.285s][info][gc,heap        ] GC(111) PSYoungGen: 50816K(92160K)->50848K(87552K) Eden: 17408K(17408K)->0K(14336K) From: 33408K(74752K)->50848K(73216K)
[6.285s][info][gc,heap        ] GC(111) ParOldGen: 922253K(1014272K)->922253K(1014272K)
[6.285s][info][gc,metaspace   ] GC(111) Metaspace: 6301K(6464K)->6301K(6464K) NonClass: 5768K(5824K)->5768K(5824K) Class: 533K(640K)->533K(640K)
[6.286s][info][gc             ] GC(111) Pause Young (Allocation Failure) 950M->950M(1076M) 25.514ms
[6.286s][info][gc,cpu         ] GC(111) User=0.14s Sys=0.00s Real=0.03s
[6.301s][info][gc,start       ] GC(112) Pause Young (Allocation Failure)
[6.332s][info][gc,heap        ] GC(112) PSYoungGen: 65184K(87552K)->65184K(92672K) Eden: 14336K(14336K)->0K(14336K) From: 50848K(73216K)->65184K(78336K)
[6.332s][info][gc,heap        ] GC(112) ParOldGen: 922253K(1014272K)->922253K(1014272K)
[6.332s][info][gc,metaspace   ] GC(112) Metaspace: 6301K(6464K)->6301K(6464K) NonClass: 5768K(5824K)->5768K(5824K) Class: 533K(640K)->533K(640K)
[6.332s][info][gc             ] GC(112) Pause Young (Allocation Failure) 964M->964M(1081M) 31.347ms
[6.332s][info][gc,cpu         ] GC(112) User=0.14s Sys=0.00s Real=0.03s
[6.348s][info][gc,start       ] GC(113) Pause Young (Allocation Failure)
[6.385s][info][gc,heap        ] GC(113) PSYoungGen: 79520K(92672K)->63616K(97280K) Eden: 14336K(14336K)->0K(9728K) From: 65184K(78336K)->63616K(87552K)
[6.385s][info][gc,heap        ] GC(113) ParOldGen: 922253K(1014272K)->938341K(1014272K)
[6.385s][info][gc,metaspace   ] GC(113) Metaspace: 6301K(6464K)->6301K(6464K) NonClass: 5768K(5824K)->5768K(5824K) Class: 533K(640K)->533K(640K)
[6.385s][info][gc             ] GC(113) Pause Young (Allocation Failure) 978M->978M(1085M) 37.454ms
[6.385s][info][gc,cpu         ] GC(113) User=0.19s Sys=0.03s Real=0.04s
[6.396s][info][gc,start       ] GC(114) Pause Young (Allocation Failure)
[6.431s][info][gc,heap        ] GC(114) PSYoungGen: 73344K(97280K)->55968K(103936K) Eden: 9728K(9728K)->0K(9728K) From: 63616K(87552K)->55968K(94208K)
[6.431s][info][gc,heap        ] GC(114) ParOldGen: 938341K(1014272K)->955989K(1014272K)
[6.431s][info][gc,metaspace   ] GC(114) Metaspace: 6301K(6464K)->6301K(6464K) NonClass: 5768K(5824K)->5768K(5824K) Class: 533K(640K)->533K(640K)
[6.431s][info][gc             ] GC(114) Pause Young (Allocation Failure) 987M->988M(1092M) 34.828ms
[6.431s][info][gc,cpu         ] GC(114) User=0.16s Sys=0.02s Real=0.04s
[6.442s][info][gc,start       ] GC(115) Pause Young (Allocation Failure)
[6.474s][info][gc,heap        ] GC(115) PSYoungGen: 65696K(103936K)->33920K(96256K) Eden: 9728K(9728K)->0K(11264K) From: 55968K(94208K)->33920K(84992K)
[6.474s][info][gc,heap        ] GC(115) ParOldGen: 955989K(1014272K)->988141K(1014272K)
[6.474s][info][gc,metaspace   ] GC(115) Metaspace: 6301K(6464K)->6301K(6464K) NonClass: 5768K(5824K)->5768K(5824K) Class: 533K(640K)->533K(640K)
[6.474s][info][gc             ] GC(115) Pause Young (Allocation Failure) 997M->998M(1084M) 32.103ms
[6.474s][info][gc,cpu         ] GC(115) User=0.14s Sys=0.00s Real=0.03s
[6.474s][info][gc,start       ] GC(116) Pause Full (Ergonomics)
[6.474s][info][gc,phases,start] GC(116) Marking Phase
[6.696s][info][gc,phases      ] GC(116) Marking Phase 221.724ms
[6.696s][info][gc,phases,start] GC(116) Summary Phase
[6.696s][info][gc,phases      ] GC(116) Summary Phase 0.029ms
[6.696s][info][gc,phases,start] GC(116) Adjust Roots
[6.696s][info][gc,phases      ] GC(116) Adjust Roots 0.151ms
[6.696s][info][gc,phases,start] GC(116) Compaction Phase
[6.791s][info][gc,phases      ] GC(116) Compaction Phase 94.690ms
[6.791s][info][gc,phases,start] GC(116) Post Compact
[6.792s][info][gc,phases      ] GC(116) Post Compact 1.750ms
[6.793s][info][gc,heap        ] GC(116) PSYoungGen: 33920K(96256K)->6620K(98304K) Eden: 0K(11264K)->0K(13312K) From: 33920K(84992K)->6620K(84992K)
[6.793s][info][gc,heap        ] GC(116) ParOldGen: 988141K(1014272K)->1014231K(1122304K)
[6.793s][info][gc,metaspace   ] GC(116) Metaspace: 6301K(6464K)->6301K(6464K) NonClass: 5768K(5824K)->5768K(5824K) Class: 533K(640K)->533K(640K)
[6.793s][info][gc             ] GC(116) Pause Full (Ergonomics) 998M->996M(1192M) 319.013ms
[6.793s][info][gc,cpu         ] GC(116) User=2.17s Sys=0.00s Real=0.32s
[6.810s][info][gc,start       ] GC(117) Pause Young (Allocation Failure)
[6.864s][info][gc,heap        ] GC(117) PSYoungGen: 19932K(98304K)->16704K(103936K) Eden: 13312K(13312K)->0K(13312K) From: 6620K(84992K)->16704K(90624K)
[6.864s][info][gc,heap        ] GC(117) ParOldGen: 1014231K(1122304K)->1017687K(1122304K)
[6.864s][info][gc,metaspace   ] GC(117) Metaspace: 6301K(6464K)->6301K(6464K) NonClass: 5768K(5824K)->5768K(5824K) Class: 533K(640K)->533K(640K)
[6.864s][info][gc             ] GC(117) Pause Young (Allocation Failure) 1009M->1010M(1197M) 53.382ms
[6.864s][info][gc,cpu         ] GC(117) User=0.28s Sys=0.00s Real=0.05s
[6.878s][info][gc,start       ] GC(118) Pause Young (Allocation Failure)
[6.896s][info][gc,heap        ] GC(118) PSYoungGen: 30016K(103936K)->26752K(95744K) Eden: 13312K(13312K)->0K(15360K) From: 16704K(90624K)->26752K(80384K)
[6.897s][info][gc,heap        ] GC(118) ParOldGen: 1017687K(1122304K)->1020999K(1122304K)
[6.897s][info][gc,metaspace   ] GC(118) Metaspace: 6301K(6464K)->6301K(6464K) NonClass: 5768K(5824K)->5768K(5824K) Class: 533K(640K)->533K(640K)
[6.897s][info][gc             ] GC(118) Pause Young (Allocation Failure) 1023M->1023M(1189M) 18.654ms
[6.897s][info][gc,cpu         ] GC(118) User=0.03s Sys=0.00s Real=0.02s
[6.913s][info][gc,start       ] GC(119) Pause Young (Allocation Failure)
[6.936s][info][gc,heap        ] GC(119) PSYoungGen: 42112K(95744K)->28800K(44544K) Eden: 15360K(15360K)->0K(15360K) From: 26752K(80384K)->28800K(29184K)
[6.936s][info][gc,heap        ] GC(119) ParOldGen: 1020999K(1122304K)->1034495K(1122304K)
[6.936s][info][gc,metaspace   ] GC(119) Metaspace: 6301K(6464K)->6301K(6464K) NonClass: 5768K(5824K)->5768K(5824K) Class: 533K(640K)->533K(640K)
[6.936s][info][gc             ] GC(119) Pause Young (Allocation Failure) 1038M->1038M(1139M) 23.390ms
[6.936s][info][gc,cpu         ] GC(119) User=0.11s Sys=0.03s Real=0.02s
[6.955s][info][gc,start       ] GC(120) Pause Young (Allocation Failure)
[6.980s][info][gc,heap        ] GC(120) PSYoungGen: 44160K(44544K)->30912K(88064K) Eden: 15360K(15360K)->0K(17408K) From: 28800K(29184K)->30912K(70656K)
[6.980s][info][gc,heap        ] GC(120) ParOldGen: 1034495K(1122304K)->1048007K(1122304K)
[6.980s][info][gc,metaspace   ] GC(120) Metaspace: 6301K(6464K)->6301K(6464K) NonClass: 5768K(5824K)->5768K(5824K) Class: 533K(640K)->533K(640K)
[6.980s][info][gc             ] GC(120) Pause Young (Allocation Failure) 1053M->1053M(1182M) 24.552ms
[6.980s][info][gc,cpu         ] GC(120) User=0.12s Sys=0.00s Real=0.02s
[7.000s][info][gc,start       ] GC(121) Pause Young (Allocation Failure)
[7.026s][info][gc,heap        ] GC(121) PSYoungGen: 48320K(88064K)->32896K(50688K) Eden: 17408K(17408K)->0K(17408K) From: 30912K(70656K)->32896K(33280K)
[7.026s][info][gc,heap        ] GC(121) ParOldGen: 1048007K(1122304K)->1063575K(1122304K)
[7.027s][info][gc,metaspace   ] GC(121) Metaspace: 6301K(6464K)->6301K(6464K) NonClass: 5768K(5824K)->5768K(5824K) Class: 533K(640K)->533K(640K)
[7.027s][info][gc             ] GC(121) Pause Young (Allocation Failure) 1070M->1070M(1145M) 26.751ms
[7.027s][info][gc,cpu         ] GC(121) User=0.09s Sys=0.03s Real=0.03s
[7.046s][info][gc,start       ] GC(122) Pause Young (Allocation Failure)
[7.074s][info][gc,heap        ] GC(122) PSYoungGen: 50304K(50688K)->34944K(85504K) Eden: 17408K(17408K)->0K(19456K) From: 32896K(33280K)->34944K(66048K)
[7.074s][info][gc,heap        ] GC(122) ParOldGen: 1063575K(1122304K)->1079143K(1122304K)
[7.074s][info][gc,metaspace   ] GC(122) Metaspace: 6301K(6464K)->6301K(6464K) NonClass: 5768K(5824K)->5768K(5824K) Class: 533K(640K)->533K(640K)
[7.074s][info][gc             ] GC(122) Pause Young (Allocation Failure) 1087M->1087M(1179M) 27.890ms
[7.074s][info][gc,cpu         ] GC(122) User=0.12s Sys=0.00s Real=0.03s
[7.095s][info][gc,start       ] GC(123) Pause Young (Allocation Failure)
[7.125s][info][gc,heap        ] GC(123) PSYoungGen: 54400K(85504K)->36992K(88064K) Eden: 19456K(19456K)->0K(19456K) From: 34944K(66048K)->36992K(68608K)
[7.125s][info][gc,heap        ] GC(123) ParOldGen: 1079143K(1122304K)->1096791K(1122304K)
[7.125s][info][gc,metaspace   ] GC(123) Metaspace: 6301K(6464K)->6301K(6464K) NonClass: 5768K(5824K)->5768K(5824K) Class: 533K(640K)->533K(640K)
[7.125s][info][gc             ] GC(123) Pause Young (Allocation Failure) 1106M->1107M(1182M) 30.368ms
[7.125s][info][gc,cpu         ] GC(123) User=0.14s Sys=0.00s Real=0.03s
[7.125s][info][gc,start       ] GC(124) Pause Full (Ergonomics)
[7.125s][info][gc,phases,start] GC(124) Marking Phase
[7.382s][info][gc,phases      ] GC(124) Marking Phase 256.617ms
[7.382s][info][gc,phases,start] GC(124) Summary Phase
[7.382s][info][gc,phases      ] GC(124) Summary Phase 0.032ms
[7.382s][info][gc,phases,start] GC(124) Adjust Roots
[7.382s][info][gc,phases      ] GC(124) Adjust Roots 0.153ms
[7.382s][info][gc,phases,start] GC(124) Compaction Phase
[7.480s][info][gc,phases      ] GC(124) Compaction Phase 97.842ms
[7.480s][info][gc,phases,start] GC(124) Post Compact
[7.482s][info][gc,phases      ] GC(124) Post Compact 1.787ms
[7.482s][info][gc,heap        ] GC(124) PSYoungGen: 36992K(88064K)->10230K(88064K) Eden: 0K(19456K)->0K(19456K) From: 36992K(68608K)->10230K(68608K)
[7.482s][info][gc,heap        ] GC(124) ParOldGen: 1096791K(1122304K)->1122018K(1238016K)
[7.483s][info][gc,metaspace   ] GC(124) Metaspace: 6301K(6464K)->6301K(6464K) NonClass: 5768K(5824K)->5768K(5824K) Class: 533K(640K)->533K(640K)
[7.483s][info][gc             ] GC(124) Pause Full (Ergonomics) 1107M->1105M(1295M) 357.220ms
[7.483s][info][gc,cpu         ] GC(124) User=2.61s Sys=0.03s Real=0.36s
[7.505s][info][gc,start       ] GC(125) Pause Young (Allocation Failure)
[7.567s][info][gc,heap        ] GC(125) PSYoungGen: 29686K(88064K)->26368K(83456K) Eden: 19456K(19456K)->0K(21504K) From: 10230K(68608K)->26368K(61952K)
[7.567s][info][gc,heap        ] GC(125) ParOldGen: 1122018K(1238016K)->1125538K(1238016K)
[7.567s][info][gc,metaspace   ] GC(125) Metaspace: 6301K(6464K)->6301K(6464K) NonClass: 5768K(5824K)->5768K(5824K) Class: 533K(640K)->533K(640K)
[7.567s][info][gc             ] GC(125) Pause Young (Allocation Failure) 1124M->1124M(1290M) 61.776ms
[7.567s][info][gc,cpu         ] GC(125) User=0.36s Sys=0.02s Real=0.06s
[7.593s][info][gc,start       ] GC(126) Pause Young (Allocation Failure)
[7.620s][info][gc,heap        ] GC(126) PSYoungGen: 47872K(83456K)->47936K(86016K) Eden: 21504K(21504K)->0K(21504K) From: 26368K(61952K)->47936K(64512K)
[7.620s][info][gc,heap        ] GC(126) ParOldGen: 1125538K(1238016K)->1125538K(1238016K)
[7.620s][info][gc,metaspace   ] GC(126) Metaspace: 6301K(6464K)->6301K(6464K) NonClass: 5768K(5824K)->5768K(5824K) Class: 533K(640K)->533K(640K)
[7.620s][info][gc             ] GC(126) Pause Young (Allocation Failure) 1145M->1145M(1293M) 27.156ms
[7.620s][info][gc,cpu         ] GC(126) User=0.12s Sys=0.00s Real=0.03s
[7.647s][info][gc,start       ] GC(127) Pause Young (Allocation Failure)
[7.682s][info][gc,heap        ] GC(127) PSYoungGen: 69440K(86016K)->67072K(81408K) Eden: 21504K(21504K)->0K(14336K) From: 47936K(64512K)->67072K(67072K)
[7.682s][info][gc,heap        ] GC(127) ParOldGen: 1125538K(1238016K)->1127850K(1238016K)
[7.682s][info][gc,metaspace   ] GC(127) Metaspace: 6301K(6464K)->6301K(6464K) NonClass: 5768K(5824K)->5768K(5824K) Class: 533K(640K)->533K(640K)
[7.682s][info][gc             ] GC(127) Pause Young (Allocation Failure) 1166M->1166M(1288M) 35.697ms
[7.682s][info][gc,cpu         ] GC(127) User=0.16s Sys=0.00s Real=0.04s
[7.701s][info][gc,start       ] GC(128) Pause Young (Allocation Failure)
[7.742s][info][gc,heap        ] GC(128) PSYoungGen: 81408K(81408K)->56096K(91136K) Eden: 14336K(14336K)->0K(14336K) From: 67072K(67072K)->56096K(76800K)
[7.742s][info][gc,heap        ] GC(128) ParOldGen: 1127850K(1238016K)->1153570K(1238016K)
[7.742s][info][gc,metaspace   ] GC(128) Metaspace: 6301K(6464K)->6301K(6464K) NonClass: 5768K(5824K)->5768K(5824K) Class: 533K(640K)->533K(640K)
[7.742s][info][gc             ] GC(128) Pause Young (Allocation Failure) 1180M->1181M(1298M) 40.700ms
[7.742s][info][gc,cpu         ] GC(128) User=0.25s Sys=0.00s Real=0.04s
[7.760s][info][gc,start       ] GC(129) Pause Young (Allocation Failure)
[7.796s][info][gc,heap        ] GC(129) PSYoungGen: 70432K(91136K)->49664K(95232K) Eden: 14336K(14336K)->0K(16384K) From: 56096K(76800K)->49664K(78848K)
[7.796s][info][gc,heap        ] GC(129) ParOldGen: 1153570K(1238016K)->1174586K(1238016K)
[7.796s][info][gc,metaspace   ] GC(129) Metaspace: 6301K(6464K)->6301K(6464K) NonClass: 5768K(5824K)->5768K(5824K) Class: 533K(640K)->533K(640K)
[7.796s][info][gc             ] GC(129) Pause Young (Allocation Failure) 1195M->1195M(1302M) 36.125ms
[7.796s][info][gc,cpu         ] GC(129) User=0.27s Sys=0.00s Real=0.04s
[7.815s][info][gc,start       ] GC(130) Pause Young (Allocation Failure)
[7.850s][info][gc,heap        ] GC(130) PSYoungGen: 66048K(95232K)->45184K(95744K) Eden: 16384K(16384K)->0K(16384K) From: 49664K(78848K)->45184K(79360K)
[7.850s][info][gc,heap        ] GC(130) ParOldGen: 1174586K(1238016K)->1195754K(1238016K)
[7.850s][info][gc,metaspace   ] GC(130) Metaspace: 6301K(6464K)->6301K(6464K) NonClass: 5768K(5824K)->5768K(5824K) Class: 533K(640K)->533K(640K)
[7.850s][info][gc             ] GC(130) Pause Young (Allocation Failure) 1211M->1211M(1302M) 34.751ms
[7.850s][info][gc,cpu         ] GC(130) User=0.16s Sys=0.00s Real=0.04s
[7.871s][info][gc,start       ] GC(131) Pause Young (Allocation Failure)
[7.904s][info][gc,heap        ] GC(131) PSYoungGen: 61568K(95744K)->32864K(92160K) Eden: 16384K(16384K)->0K(18944K) From: 45184K(79360K)->32864K(73216K)
[7.904s][info][gc,heap        ] GC(131) ParOldGen: 1195754K(1238016K)->1224802K(1238016K)
[7.904s][info][gc,metaspace   ] GC(131) Metaspace: 6301K(6464K)->6301K(6464K) NonClass: 5768K(5824K)->5768K(5824K) Class: 533K(640K)->533K(640K)
[7.904s][info][gc             ] GC(131) Pause Young (Allocation Failure) 1227M->1228M(1299M) 33.379ms
[7.904s][info][gc,cpu         ] GC(131) User=0.14s Sys=0.00s Real=0.03s
[7.904s][info][gc,start       ] GC(132) Pause Full (Ergonomics)
[7.904s][info][gc,phases,start] GC(132) Marking Phase
[8.192s][info][gc,phases      ] GC(132) Marking Phase 288.208ms
[8.193s][info][gc,phases,start] GC(132) Summary Phase
[8.193s][info][gc,phases      ] GC(132) Summary Phase 0.027ms
[8.193s][info][gc,phases,start] GC(132) Adjust Roots
[8.193s][info][gc,phases      ] GC(132) Adjust Roots 0.182ms
[8.193s][info][gc,phases,start] GC(132) Compaction Phase
[8.301s][info][gc,phases      ] GC(132) Compaction Phase 108.095ms
[8.301s][info][gc,phases,start] GC(132) Post Compact
[8.303s][info][gc,phases      ] GC(132) Post Compact 1.967ms
[8.303s][info][gc,heap        ] GC(132) PSYoungGen: 32864K(92160K)->18394K(94208K) Eden: 0K(18944K)->0K(20992K) From: 32864K(73216K)->18394K(73216K)
[8.303s][info][gc,heap        ] GC(132) ParOldGen: 1224802K(1238016K)->1237547K(1372672K)
[8.303s][info][gc,metaspace   ] GC(132) Metaspace: 6301K(6464K)->6301K(6464K) NonClass: 5768K(5824K)->5768K(5824K) Class: 533K(640K)->533K(640K)
[8.303s][info][gc             ] GC(132) Pause Full (Ergonomics) 1228M->1226M(1432M) 399.266ms
[8.304s][info][gc,cpu         ] GC(132) User=2.78s Sys=0.05s Real=0.40s
[8.333s][info][gc,start       ] GC(133) Pause Young (Allocation Failure)
[8.405s][info][gc,heap        ] GC(133) PSYoungGen: 39386K(94208K)->21120K(96256K) Eden: 20992K(20992K)->0K(20992K) From: 18394K(73216K)->21120K(75264K)
[8.405s][info][gc,heap        ] GC(133) ParOldGen: 1237547K(1372672K)->1256203K(1372672K)
[8.405s][info][gc,metaspace   ] GC(133) Metaspace: 6301K(6464K)->6301K(6464K) NonClass: 5768K(5824K)->5768K(5824K) Class: 533K(640K)->533K(640K)
[8.405s][info][gc             ] GC(133) Pause Young (Allocation Failure) 1247M->1247M(1434M) 72.222ms
[8.405s][info][gc,cpu         ] GC(133) User=0.39s Sys=0.02s Real=0.07s
[8.431s][info][gc,start       ] GC(134) Pause Young (Allocation Failure)
[8.457s][info][gc,heap        ] GC(134) PSYoungGen: 42112K(96256K)->21088K(97280K) Eden: 20992K(20992K)->0K(23552K) From: 21120K(75264K)->21088K(73728K)
[8.457s][info][gc,heap        ] GC(134) ParOldGen: 1256203K(1372672K)->1277499K(1372672K)
[8.457s][info][gc,metaspace   ] GC(134) Metaspace: 6301K(6464K)->6301K(6464K) NonClass: 5768K(5824K)->5768K(5824K) Class: 533K(640K)->533K(640K)
[8.457s][info][gc             ] GC(134) Pause Young (Allocation Failure) 1267M->1268M(1435M) 25.971ms
[8.457s][info][gc,cpu         ] GC(134) User=0.14s Sys=0.00s Real=0.03s
[8.479s][info][gc,start       ] GC(135) Pause Young (Allocation Failure)
[8.501s][info][gc,heap        ] GC(135) PSYoungGen: 44640K(97280K)->13952K(97792K) Eden: 23552K(23552K)->0K(23552K) From: 21088K(73728K)->13952K(74240K)
[8.501s][info][gc,heap        ] GC(135) ParOldGen: 1277499K(1372672K)->1298795K(1372672K)
[8.501s][info][gc,metaspace   ] GC(135) Metaspace: 6301K(6464K)->6301K(6464K) NonClass: 5768K(5824K)->5768K(5824K) Class: 533K(640K)->533K(640K)
[8.501s][info][gc             ] GC(135) Pause Young (Allocation Failure) 1291M->1281M(1436M) 22.864ms
[8.501s][info][gc,cpu         ] GC(135) User=0.17s Sys=0.00s Real=0.02s
[8.523s][info][gc,start       ] GC(136) Pause Young (Allocation Failure)
[8.542s][info][gc,heap        ] GC(136) PSYoungGen: 37504K(97792K)->15072K(99328K) Eden: 23552K(23552K)->0K(26112K) From: 13952K(74240K)->15072K(73216K)
[8.542s][info][gc,heap        ] GC(136) ParOldGen: 1298795K(1372672K)->1312803K(1372672K)
[8.542s][info][gc,metaspace   ] GC(136) Metaspace: 6301K(6464K)->6301K(6464K) NonClass: 5768K(5824K)->5768K(5824K) Class: 533K(640K)->533K(640K)
[8.542s][info][gc             ] GC(136) Pause Young (Allocation Failure) 1304M->1296M(1437M) 19.853ms
[8.542s][info][gc,cpu         ] GC(136) User=0.12s Sys=0.00s Real=0.02s
[8.576s][info][gc,start       ] GC(137) Pause Young (Allocation Failure)
[8.603s][info][gc,heap        ] GC(137) PSYoungGen: 41184K(99328K)->26272K(99840K) Eden: 26112K(26112K)->0K(26112K) From: 15072K(73216K)->26272K(73728K)
[8.603s][info][gc,heap        ] GC(137) ParOldGen: 1312803K(1372672K)->1328019K(1372672K)
[8.603s][info][gc,metaspace   ] GC(137) Metaspace: 6301K(6464K)->6301K(6464K) NonClass: 5768K(5824K)->5768K(5824K) Class: 533K(640K)->533K(640K)
[8.603s][info][gc             ] GC(137) Pause Young (Allocation Failure) 1322M->1322M(1438M) 26.374ms
[8.603s][info][gc,cpu         ] GC(137) User=0.12s Sys=0.00s Real=0.03s
[8.635s][info][gc,start       ] GC(138) Pause Young (Allocation Failure)
[8.665s][info][gc,heap        ] GC(138) PSYoungGen: 52384K(99840K)->26272K(93696K) Eden: 26112K(26112K)->0K(29184K) From: 26272K(73728K)->26272K(64512K)
[8.666s][info][gc,heap        ] GC(138) ParOldGen: 1328019K(1372672K)->1354507K(1372672K)
[8.666s][info][gc,metaspace   ] GC(138) Metaspace: 6301K(6464K)->6301K(6464K) NonClass: 5768K(5824K)->5768K(5824K) Class: 533K(640K)->533K(640K)
[8.666s][info][gc             ] GC(138) Pause Young (Allocation Failure) 1348M->1348M(1432M) 30.401ms
[8.666s][info][gc,cpu         ] GC(138) User=0.14s Sys=0.00s Real=0.03s
[8.666s][info][gc,start       ] GC(139) Pause Full (Ergonomics)
[8.666s][info][gc,phases,start] GC(139) Marking Phase
[8.981s][info][gc,phases      ] GC(139) Marking Phase 315.712ms
[8.981s][info][gc,phases,start] GC(139) Summary Phase
[8.981s][info][gc,phases      ] GC(139) Summary Phase 0.035ms
[8.981s][info][gc,phases,start] GC(139) Adjust Roots
[8.982s][info][gc,phases      ] GC(139) Adjust Roots 0.239ms
[8.982s][info][gc,phases,start] GC(139) Compaction Phase
[9.355s][info][gc,phases      ] GC(139) Compaction Phase 373.502ms
[9.355s][info][gc,phases,start] GC(139) Post Compact
[9.358s][info][gc,phases      ] GC(139) Post Compact 2.638ms
[9.359s][info][gc,heap        ] GC(139) PSYoungGen: 26272K(93696K)->6153K(96768K) Eden: 0K(29184K)->0K(32256K) From: 26272K(64512K)->6153K(64512K)
[9.359s][info][gc,heap        ] GC(139) ParOldGen: 1354507K(1372672K)->1372608K(1516544K)
[9.359s][info][gc,metaspace   ] GC(139) Metaspace: 6301K(6464K)->6301K(6464K) NonClass: 5768K(5824K)->5768K(5824K) Class: 533K(640K)->533K(640K)
[9.359s][info][gc             ] GC(139) Pause Full (Ergonomics) 1348M->1346M(1575M) 692.983ms
[9.359s][info][gc,cpu         ] GC(139) User=4.95s Sys=0.00s Real=0.69s
[9.632s][info][gc,start       ] GC(140) Pause Young (Allocation Failure)
[9.709s][info][gc,heap        ] GC(140) PSYoungGen: 38409K(96768K)->32416K(99840K) Eden: 32256K(32256K)->0K(32256K) From: 6153K(64512K)->32416K(67584K)
[9.709s][info][gc,heap        ] GC(140) ParOldGen: 1438144K(1516544K)->1444416K(1516544K)
[9.709s][info][gc,metaspace   ] GC(140) Metaspace: 6301K(6464K)->6301K(6464K) NonClass: 5768K(5824K)->5768K(5824K) Class: 533K(640K)->533K(640K)
[9.709s][info][gc             ] GC(140) Pause Young (Allocation Failure) 1441M->1442M(1578M) 77.072ms
[9.709s][info][gc,cpu         ] GC(140) User=0.42s Sys=0.00s Real=0.08s
[9.744s][info][gc,start       ] GC(141) Pause Young (Allocation Failure)
[9.779s][info][gc,heap        ] GC(141) PSYoungGen: 64672K(99840K)->64512K(91136K) Eden: 32256K(32256K)->0K(26624K) From: 32416K(67584K)->64512K(64512K)
[9.779s][info][gc,heap        ] GC(141) ParOldGen: 1444416K(1516544K)->1444536K(1516544K)
[9.779s][info][gc,metaspace   ] GC(141) Metaspace: 6301K(6464K)->6301K(6464K) NonClass: 5768K(5824K)->5768K(5824K) Class: 533K(640K)->533K(640K)
[9.779s][info][gc             ] GC(141) Pause Young (Allocation Failure) 1473M->1473M(1570M) 35.683ms
[9.779s][info][gc,cpu         ] GC(141) User=0.14s Sys=0.00s Real=0.04s
[9.803s][info][gc,start       ] GC(142) Pause Young (Allocation Failure)
[9.855s][info][gc,heap        ] GC(142) PSYoungGen: 91136K(91136K)->26784K(99840K) Eden: 26624K(26624K)->0K(26624K) From: 64512K(64512K)->26784K(73216K)
[9.855s][info][gc,heap        ] GC(142) ParOldGen: 1444536K(1516544K)->1509768K(1516544K)
[9.855s][info][gc,metaspace   ] GC(142) Metaspace: 6301K(6464K)->6301K(6464K) NonClass: 5768K(5824K)->5768K(5824K) Class: 533K(640K)->533K(640K)
[9.855s][info][gc             ] GC(142) Pause Young (Allocation Failure) 1499M->1500M(1578M) 51.615ms
[9.855s][info][gc,cpu         ] GC(142) User=0.19s Sys=0.02s Real=0.05s
[9.855s][info][gc,start       ] GC(143) Pause Full (Ergonomics)
[9.855s][info][gc,phases,start] GC(143) Marking Phase
[10.188s][info][gc,phases      ] GC(143) Marking Phase 333.179ms
[10.188s][info][gc,phases,start] GC(143) Summary Phase
[10.188s][info][gc,phases      ] GC(143) Summary Phase 0.038ms
[10.188s][info][gc,phases,start] GC(143) Adjust Roots
[10.188s][info][gc,phases      ] GC(143) Adjust Roots 0.167ms
[10.188s][info][gc,phases,start] GC(143) Compaction Phase
[10.425s][info][gc,phases      ] GC(143) Compaction Phase 236.779ms
[10.425s][info][gc,phases,start] GC(143) Post Compact
[10.428s][info][gc,phases      ] GC(143) Post Compact 2.951ms
[10.429s][info][gc,heap        ] GC(143) PSYoungGen: 26784K(99840K)->0K(100352K) Eden: 0K(26624K)->0K(29696K) From: 26784K(73216K)->0K(70656K)
[10.429s][info][gc,heap        ] GC(143) ParOldGen: 1509768K(1516544K)->1502572K(1638400K)
[10.429s][info][gc,metaspace   ] GC(143) Metaspace: 6301K(6464K)->6301K(6464K) NonClass: 5768K(5824K)->5768K(5824K) Class: 533K(640K)->533K(640K)
[10.429s][info][gc             ] GC(143) Pause Full (Ergonomics) 1500M->1467M(1698M) 573.901ms
[10.429s][info][gc,cpu         ] GC(143) User=3.91s Sys=0.05s Real=0.57s
[10.457s][info][gc,start       ] GC(144) Pause Young (Allocation Failure)
[10.482s][info][gc,heap        ] GC(144) PSYoungGen: 29696K(100352K)->29888K(100352K) Eden: 29696K(29696K)->0K(29696K) From: 0K(70656K)->29888K(70656K)
[10.482s][info][gc,heap        ] GC(144) ParOldGen: 1502572K(1638400K)->1502572K(1638400K)
[10.482s][info][gc,metaspace   ] GC(144) Metaspace: 6301K(6464K)->6301K(6464K) NonClass: 5768K(5824K)->5768K(5824K) Class: 533K(640K)->533K(640K)
[10.482s][info][gc             ] GC(144) Pause Young (Allocation Failure) 1496M->1496M(1698M) 24.656ms
[10.482s][info][gc,cpu         ] GC(144) User=0.02s Sys=0.00s Real=0.03s
[10.512s][info][gc,start       ] GC(145) Pause Young (Allocation Failure)
[10.545s][info][gc,heap        ] GC(145) PSYoungGen: 59584K(100352K)->59584K(94208K) Eden: 29696K(29696K)->0K(26112K) From: 29888K(70656K)->59584K(68096K)
[10.545s][info][gc,heap        ] GC(145) ParOldGen: 1502572K(1638400K)->1502572K(1638400K)
[10.545s][info][gc,metaspace   ] GC(145) Metaspace: 6301K(6464K)->6301K(6464K) NonClass: 5768K(5824K)->5768K(5824K) Class: 533K(640K)->533K(640K)
[10.545s][info][gc             ] GC(145) Pause Young (Allocation Failure) 1525M->1525M(1692M) 33.197ms
[10.545s][info][gc,cpu         ] GC(145) User=0.06s Sys=0.00s Real=0.03s
[10.574s][info][gc,start       ] GC(146) Pause Young (Allocation Failure)
[10.615s][info][gc,heap        ] GC(146) PSYoungGen: 85696K(94208K)->74240K(100352K) Eden: 26112K(26112K)->0K(26112K) From: 59584K(68096K)->74240K(74240K)
[10.615s][info][gc,heap        ] GC(146) ParOldGen: 1502572K(1638400K)->1514068K(1638400K)
[10.615s][info][gc,metaspace   ] GC(146) Metaspace: 6301K(6464K)->6301K(6464K) NonClass: 5768K(5824K)->5768K(5824K) Class: 533K(640K)->533K(640K)
[10.615s][info][gc             ] GC(146) Pause Young (Allocation Failure) 1551M->1551M(1698M) 41.497ms
[10.615s][info][gc,cpu         ] GC(146) User=0.14s Sys=0.00s Real=0.04s
[10.640s][info][gc,start       ] GC(147) Pause Young (Allocation Failure)
[10.688s][info][gc,heap        ] GC(147) PSYoungGen: 100352K(100352K)->75552K(109056K) Eden: 26112K(26112K)->0K(20480K) From: 74240K(74240K)->75552K(88576K)
[10.688s][info][gc,heap        ] GC(147) ParOldGen: 1514068K(1638400K)->1539284K(1638400K)
[10.689s][info][gc,metaspace   ] GC(147) Metaspace: 6301K(6464K)->6301K(6464K) NonClass: 5768K(5824K)->5768K(5824K) Class: 533K(640K)->533K(640K)
[10.689s][info][gc             ] GC(147) Pause Young (Allocation Failure) 1576M->1576M(1706M) 48.264ms
[10.689s][info][gc,cpu         ] GC(147) User=0.25s Sys=0.02s Real=0.05s
[10.711s][info][gc,start       ] GC(148) Pause Young (Allocation Failure)
[10.756s][info][gc,heap        ] GC(148) PSYoungGen: 96032K(109056K)->68800K(117248K) Eden: 20480K(20480K)->0K(20480K) From: 75552K(88576K)->68800K(96768K)
[10.756s][info][gc,heap        ] GC(148) ParOldGen: 1539284K(1638400K)->1566900K(1638400K)
[10.756s][info][gc,metaspace   ] GC(148) Metaspace: 6301K(6464K)->6301K(6464K) NonClass: 5768K(5824K)->5768K(5824K) Class: 533K(640K)->533K(640K)
[10.756s][info][gc             ] GC(148) Pause Young (Allocation Failure) 1596M->1597M(1714M) 45.985ms
[10.757s][info][gc,cpu         ] GC(148) User=0.27s Sys=0.00s Real=0.05s
[10.777s][info][gc,start       ] GC(149) Pause Young (Allocation Failure)
[10.819s][info][gc,heap        ] GC(149) PSYoungGen: 89280K(117248K)->67232K(120832K) Eden: 20480K(20480K)->0K(20480K) From: 68800K(96768K)->67232K(100352K)
[10.820s][info][gc,heap        ] GC(149) ParOldGen: 1566900K(1638400K)->1589236K(1638400K)
[10.820s][info][gc,metaspace   ] GC(149) Metaspace: 6301K(6464K)->6301K(6464K) NonClass: 5768K(5824K)->5768K(5824K) Class: 533K(640K)->533K(640K)
[10.820s][info][gc             ] GC(149) Pause Young (Allocation Failure) 1617M->1617M(1718M) 42.904ms
[10.820s][info][gc,cpu         ] GC(149) User=0.34s Sys=0.03s Real=0.04s
[10.840s][info][gc,start       ] GC(150) Pause Young (Allocation Failure)
[10.882s][info][gc,heap        ] GC(150) PSYoungGen: 87712K(120832K)->61632K(123392K) Eden: 20480K(20480K)->0K(20480K) From: 67232K(100352K)->61632K(102912K)
[10.882s][info][gc,heap        ] GC(150) ParOldGen: 1589236K(1638400K)->1615700K(1638400K)
[10.883s][info][gc,metaspace   ] GC(150) Metaspace: 6301K(6464K)->6301K(6464K) NonClass: 5768K(5824K)->5768K(5824K) Class: 533K(640K)->533K(640K)
[10.883s][info][gc             ] GC(150) Pause Young (Allocation Failure) 1637M->1638M(1720M) 42.412ms
[10.883s][info][gc,cpu         ] GC(150) User=0.23s Sys=0.02s Real=0.04s
[10.883s][info][gc,start       ] GC(151) Pause Full (Ergonomics)
[10.883s][info][gc,phases,start] GC(151) Marking Phase
[11.262s][info][gc,phases      ] GC(151) Marking Phase 379.070ms
[11.262s][info][gc,phases,start] GC(151) Summary Phase
[11.262s][info][gc,phases      ] GC(151) Summary Phase 0.029ms
[11.262s][info][gc,phases,start] GC(151) Adjust Roots
[11.262s][info][gc,phases      ] GC(151) Adjust Roots 0.166ms
[11.262s][info][gc,phases,start] GC(151) Compaction Phase
[11.436s][info][gc,phases      ] GC(151) Compaction Phase 174.124ms
[11.436s][info][gc,phases,start] GC(151) Post Compact
[11.440s][info][gc,phases      ] GC(151) Post Compact 3.417ms
[11.440s][info][gc,heap        ] GC(151) PSYoungGen: 61632K(123392K)->37329K(123392K) Eden: 0K(20480K)->0K(20480K) From: 61632K(102912K)->37329K(102912K)
[11.440s][info][gc,heap        ] GC(151) ParOldGen: 1615700K(1638400K)->1638077K(1638400K)
[11.440s][info][gc,metaspace   ] GC(151) Metaspace: 6301K(6464K)->6301K(6464K) NonClass: 5768K(5824K)->5768K(5824K) Class: 533K(640K)->533K(640K)
[11.440s][info][gc             ] GC(151) Pause Full (Ergonomics) 1638M->1636M(1720M) 557.178ms
[11.440s][info][gc,cpu         ] GC(151) User=3.84s Sys=0.05s Real=0.56s
[11.462s][info][gc,start       ] GC(152) Pause Full (Ergonomics)
[11.463s][info][gc,phases,start] GC(152) Marking Phase
[11.849s][info][gc,phases      ] GC(152) Marking Phase 386.058ms
[11.849s][info][gc,phases,start] GC(152) Summary Phase
[11.849s][info][gc,phases      ] GC(152) Summary Phase 0.029ms
[11.849s][info][gc,phases,start] GC(152) Adjust Roots
[11.849s][info][gc,phases      ] GC(152) Adjust Roots 0.171ms
[11.849s][info][gc,phases,start] GC(152) Compaction Phase
[11.987s][info][gc,phases      ] GC(152) Compaction Phase 137.705ms
[11.987s][info][gc,phases,start] GC(152) Post Compact
[11.990s][info][gc,phases      ] GC(152) Post Compact 3.132ms
[11.990s][info][gc,heap        ] GC(152) PSYoungGen: 57809K(123392K)->57780K(123392K) Eden: 20480K(20480K)->20451K(20480K) From: 37329K(102912K)->37329K(102912K)
[11.990s][info][gc,heap        ] GC(152) ParOldGen: 1638077K(1638400K)->1638077K(1638400K)
[11.990s][info][gc,metaspace   ] GC(152) Metaspace: 6301K(6464K)->6301K(6464K) NonClass: 5768K(5824K)->5768K(5824K) Class: 533K(640K)->533K(640K)
[11.990s][info][gc             ] GC(152) Pause Full (Ergonomics) 1656M->1656M(1720M) 527.538ms
[11.990s][info][gc,cpu         ] GC(152) User=3.67s Sys=0.00s Real=0.53s
[11.990s][info][gc,start       ] GC(153) Pause Full (Ergonomics)
[11.990s][info][gc,phases,start] GC(153) Marking Phase
[12.361s][info][gc,phases      ] GC(153) Marking Phase 370.450ms
[12.361s][info][gc,phases,start] GC(153) Summary Phase
[12.361s][info][gc,phases      ] GC(153) Summary Phase 0.044ms
[12.361s][info][gc,phases,start] GC(153) Adjust Roots
[12.361s][info][gc,phases      ] GC(153) Adjust Roots 0.200ms
[12.361s][info][gc,phases,start] GC(153) Compaction Phase
[12.487s][info][gc,phases      ] GC(153) Compaction Phase 126.065ms
[12.487s][info][gc,phases,start] GC(153) Post Compact
[12.490s][info][gc,phases      ] GC(153) Post Compact 2.972ms
[12.490s][info][gc,heap        ] GC(153) PSYoungGen: 57809K(123392K)->57808K(123392K) Eden: 20480K(20480K)->20479K(20480K) From: 37329K(102912K)->37329K(102912K)
[12.490s][info][gc,heap        ] GC(153) ParOldGen: 1638077K(1638400K)->1638077K(1638400K)
[12.490s][info][gc,metaspace   ] GC(153) Metaspace: 6301K(6464K)->6301K(6464K) NonClass: 5768K(5824K)->5768K(5824K) Class: 533K(640K)->533K(640K)
[12.490s][info][gc             ] GC(153) Pause Full (Ergonomics) 1656M->1656M(1720M) 500.076ms
[12.490s][info][gc,cpu         ] GC(153) User=3.67s Sys=0.00s Real=0.50s
[12.490s][info][gc,start       ] GC(154) Pause Full (Ergonomics)
[12.491s][info][gc,phases,start] GC(154) Marking Phase
[12.866s][info][gc,phases      ] GC(154) Marking Phase 375.022ms
[12.866s][info][gc,phases,start] GC(154) Summary Phase
[12.866s][info][gc,phases      ] GC(154) Summary Phase 0.030ms
[12.866s][info][gc,phases,start] GC(154) Adjust Roots
[12.866s][info][gc,phases      ] GC(154) Adjust Roots 0.183ms
[12.866s][info][gc,phases,start] GC(154) Compaction Phase
[12.999s][info][gc,phases      ] GC(154) Compaction Phase 133.433ms
[12.999s][info][gc,phases,start] GC(154) Post Compact
[13.002s][info][gc,phases      ] GC(154) Post Compact 2.963ms
[13.002s][info][gc,heap        ] GC(154) PSYoungGen: 57809K(123392K)->57809K(123392K) Eden: 20479K(20480K)->20479K(20480K) From: 37329K(102912K)->37329K(102912K)
[13.002s][info][gc,heap        ] GC(154) ParOldGen: 1638077K(1638400K)->1638077K(1638400K)
[13.002s][info][gc,metaspace   ] GC(154) Metaspace: 6301K(6464K)->6301K(6464K) NonClass: 5768K(5824K)->5768K(5824K) Class: 533K(640K)->533K(640K)
[13.002s][info][gc             ] GC(154) Pause Full (Ergonomics) 1656M->1656M(1720M) 511.973ms
[13.002s][info][gc,cpu         ] GC(154) User=3.67s Sys=0.00s Real=0.51s
[13.003s][info][gc,start       ] GC(155) Pause Full (Ergonomics)
[13.003s][info][gc,phases,start] GC(155) Marking Phase
[13.367s][info][gc,phases      ] GC(155) Marking Phase 364.120ms
[13.367s][info][gc,phases,start] GC(155) Summary Phase
[13.367s][info][gc,phases      ] GC(155) Summary Phase 0.029ms
[13.367s][info][gc,phases,start] GC(155) Adjust Roots
[13.367s][info][gc,phases      ] GC(155) Adjust Roots 0.158ms
[13.367s][info][gc,phases,start] GC(155) Compaction Phase
[13.490s][info][gc,phases      ] GC(155) Compaction Phase 123.289ms
[13.490s][info][gc,phases,start] GC(155) Post Compact
[13.494s][info][gc,phases      ] GC(155) Post Compact 3.220ms
[13.494s][info][gc,heap        ] GC(155) PSYoungGen: 57809K(123392K)->57809K(123392K) Eden: 20480K(20480K)->20480K(20480K) From: 37329K(102912K)->37329K(102912K)
[13.494s][info][gc,heap        ] GC(155) ParOldGen: 1638082K(1638400K)->1638082K(1638400K)
[13.494s][info][gc,metaspace   ] GC(155) Metaspace: 6301K(6464K)->6301K(6464K) NonClass: 5768K(5824K)->5768K(5824K) Class: 533K(640K)->533K(640K)
[13.494s][info][gc             ] GC(155) Pause Full (Ergonomics) 1656M->1656M(1720M) 491.358ms
[13.494s][info][gc,cpu         ] GC(155) User=3.48s Sys=0.02s Real=0.49s
[13.494s][info][gc,start       ] GC(156) Pause Full (Ergonomics)
[13.494s][info][gc,phases,start] GC(156) Marking Phase
[13.869s][info][gc,phases      ] GC(156) Marking Phase 374.984ms
[13.869s][info][gc,phases,start] GC(156) Summary Phase
[13.869s][info][gc,phases      ] GC(156) Summary Phase 0.029ms
[13.869s][info][gc,phases,start] GC(156) Adjust Roots
[13.870s][info][gc,phases      ] GC(156) Adjust Roots 0.175ms
[13.870s][info][gc,phases,start] GC(156) Compaction Phase
[13.990s][info][gc,phases      ] GC(156) Compaction Phase 120.023ms
[13.990s][info][gc,phases,start] GC(156) Post Compact
[13.993s][info][gc,phases      ] GC(156) Post Compact 3.240ms
[13.993s][info][gc,heap        ] GC(156) PSYoungGen: 57809K(123392K)->57809K(123392K) Eden: 20480K(20480K)->20480K(20480K) From: 37329K(102912K)->37329K(102912K)
[13.993s][info][gc,heap        ] GC(156) ParOldGen: 1638087K(1638400K)->1638087K(1638400K)
[13.993s][info][gc,metaspace   ] GC(156) Metaspace: 6301K(6464K)->6301K(6464K) NonClass: 5768K(5824K)->5768K(5824K) Class: 533K(640K)->533K(640K)
[13.993s][info][gc             ] GC(156) Pause Full (Ergonomics) 1656M->1656M(1720M) 498.822ms
[13.993s][info][gc,cpu         ] GC(156) User=3.78s Sys=0.00s Real=0.50s
[13.993s][info][gc,start       ] GC(157) Pause Full (Ergonomics)
[13.993s][info][gc,phases,start] GC(157) Marking Phase
[14.365s][info][gc,phases      ] GC(157) Marking Phase 372.025ms
[14.365s][info][gc,phases,start] GC(157) Summary Phase
[14.365s][info][gc,phases      ] GC(157) Summary Phase 0.029ms
[14.365s][info][gc,phases,start] GC(157) Adjust Roots
[14.366s][info][gc,phases      ] GC(157) Adjust Roots 0.170ms
[14.366s][info][gc,phases,start] GC(157) Compaction Phase
[14.499s][info][gc,phases      ] GC(157) Compaction Phase 132.986ms
[14.499s][info][gc,phases,start] GC(157) Post Compact
[14.502s][info][gc,phases      ] GC(157) Post Compact 2.971ms
[14.502s][info][gc,heap        ] GC(157) PSYoungGen: 57809K(123392K)->57809K(123392K) Eden: 20480K(20480K)->20480K(20480K) From: 37329K(102912K)->37329K(102912K)
[14.502s][info][gc,heap        ] GC(157) ParOldGen: 1638091K(1638400K)->1638091K(1638400K)
[14.502s][info][gc,metaspace   ] GC(157) Metaspace: 6301K(6464K)->6301K(6464K) NonClass: 5768K(5824K)->5768K(5824K) Class: 533K(640K)->533K(640K)
[14.502s][info][gc             ] GC(157) Pause Full (Ergonomics) 1656M->1656M(1720M) 508.526ms
[14.502s][info][gc,cpu         ] GC(157) User=3.66s Sys=0.00s Real=0.51s
[14.502s][info][gc,start       ] GC(158) Pause Full (Ergonomics)
[14.502s][info][gc,phases,start] GC(158) Marking Phase
[14.875s][info][gc,phases      ] GC(158) Marking Phase 372.916ms
[14.875s][info][gc,phases,start] GC(158) Summary Phase
[14.875s][info][gc,phases      ] GC(158) Summary Phase 0.029ms
[14.875s][info][gc,phases,start] GC(158) Adjust Roots
[14.875s][info][gc,phases      ] GC(158) Adjust Roots 0.160ms
[14.875s][info][gc,phases,start] GC(158) Compaction Phase
[15.003s][info][gc,phases      ] GC(158) Compaction Phase 127.757ms
[15.003s][info][gc,phases,start] GC(158) Post Compact
[15.006s][info][gc,phases      ] GC(158) Post Compact 3.040ms
[15.006s][info][gc,heap        ] GC(158) PSYoungGen: 57809K(123392K)->57809K(123392K) Eden: 20480K(20480K)->20480K(20480K) From: 37329K(102912K)->37329K(102912K)
[15.006s][info][gc,heap        ] GC(158) ParOldGen: 1638096K(1638400K)->1638096K(1638400K)
[15.006s][info][gc,metaspace   ] GC(158) Metaspace: 6301K(6464K)->6301K(6464K) NonClass: 5768K(5824K)->5768K(5824K) Class: 533K(640K)->533K(640K)
[15.006s][info][gc             ] GC(158) Pause Full (Ergonomics) 1656M->1656M(1720M) 504.275ms
[15.006s][info][gc,cpu         ] GC(158) User=3.58s Sys=0.00s Real=0.50s
[15.007s][info][gc,start       ] GC(159) Pause Full (Ergonomics)
[15.007s][info][gc,phases,start] GC(159) Marking Phase
[15.391s][info][gc,phases      ] GC(159) Marking Phase 383.947ms
[15.391s][info][gc,phases,start] GC(159) Summary Phase
[15.391s][info][gc,phases      ] GC(159) Summary Phase 0.029ms
[15.391s][info][gc,phases,start] GC(159) Adjust Roots
[15.391s][info][gc,phases      ] GC(159) Adjust Roots 0.170ms
[15.391s][info][gc,phases,start] GC(159) Compaction Phase
[15.531s][info][gc,phases      ] GC(159) Compaction Phase 140.492ms
[15.531s][info][gc,phases,start] GC(159) Post Compact
[15.534s][info][gc,phases      ] GC(159) Post Compact 2.873ms
[15.534s][info][gc,heap        ] GC(159) PSYoungGen: 57809K(123392K)->57809K(123392K) Eden: 20480K(20480K)->20480K(20480K) From: 37329K(102912K)->37329K(102912K)
[15.534s][info][gc,heap        ] GC(159) ParOldGen: 1638101K(1638400K)->1638101K(1638400K)
[15.534s][info][gc,metaspace   ] GC(159) Metaspace: 6301K(6464K)->6301K(6464K) NonClass: 5768K(5824K)->5768K(5824K) Class: 533K(640K)->533K(640K)
[15.534s][info][gc             ] GC(159) Pause Full (Ergonomics) 1656M->1656M(1720M) 527.851ms
[15.534s][info][gc,cpu         ] GC(159) User=3.70s Sys=0.00s Real=0.53s
[15.535s][info][gc,start       ] GC(160) Pause Full (Ergonomics)
[15.535s][info][gc,phases,start] GC(160) Marking Phase
[15.924s][info][gc,phases      ] GC(160) Marking Phase 389.508ms
[15.924s][info][gc,phases,start] GC(160) Summary Phase
[15.924s][info][gc,phases      ] GC(160) Summary Phase 0.029ms
[15.924s][info][gc,phases,start] GC(160) Adjust Roots
[15.924s][info][gc,phases      ] GC(160) Adjust Roots 0.165ms
[15.924s][info][gc,phases,start] GC(160) Compaction Phase
[16.047s][info][gc,phases      ] GC(160) Compaction Phase 122.516ms
[16.047s][info][gc,phases,start] GC(160) Post Compact
[16.050s][info][gc,phases      ] GC(160) Post Compact 3.205ms
[16.050s][info][gc,heap        ] GC(160) PSYoungGen: 57809K(123392K)->57809K(123392K) Eden: 20480K(20480K)->20480K(20480K) From: 37329K(102912K)->37329K(102912K)
[16.050s][info][gc,heap        ] GC(160) ParOldGen: 1638105K(1638400K)->1638105K(1638400K)
[16.050s][info][gc,metaspace   ] GC(160) Metaspace: 6301K(6464K)->6301K(6464K) NonClass: 5768K(5824K)->5768K(5824K) Class: 533K(640K)->533K(640K)
[16.050s][info][gc             ] GC(160) Pause Full (Ergonomics) 1656M->1656M(1720M) 515.785ms
[16.050s][info][gc,cpu         ] GC(160) User=3.81s Sys=0.00s Real=0.52s
[16.051s][info][gc,start       ] GC(161) Pause Full (Ergonomics)
[16.051s][info][gc,phases,start] GC(161) Marking Phase
[16.426s][info][gc,phases      ] GC(161) Marking Phase 375.573ms
[16.426s][info][gc,phases,start] GC(161) Summary Phase
[16.426s][info][gc,phases      ] GC(161) Summary Phase 0.029ms
[16.426s][info][gc,phases,start] GC(161) Adjust Roots
[16.426s][info][gc,phases      ] GC(161) Adjust Roots 0.162ms
[16.426s][info][gc,phases,start] GC(161) Compaction Phase
[16.553s][info][gc,phases      ] GC(161) Compaction Phase 126.347ms
[16.553s][info][gc,phases,start] GC(161) Post Compact
[16.556s][info][gc,phases      ] GC(161) Post Compact 3.051ms
[16.556s][info][gc,heap        ] GC(161) PSYoungGen: 57809K(123392K)->57809K(123392K) Eden: 20480K(20480K)->20480K(20480K) From: 37329K(102912K)->37329K(102912K)
[16.556s][info][gc,heap        ] GC(161) ParOldGen: 1638110K(1638400K)->1638110K(1638400K)
[16.556s][info][gc,metaspace   ] GC(161) Metaspace: 6301K(6464K)->6301K(6464K) NonClass: 5768K(5824K)->5768K(5824K) Class: 533K(640K)->533K(640K)
[16.556s][info][gc             ] GC(161) Pause Full (Ergonomics) 1656M->1656M(1720M) 505.517ms
[16.556s][info][gc,cpu         ] GC(161) User=3.66s Sys=0.00s Real=0.51s
[16.556s][info][gc,start       ] GC(162) Pause Full (Ergonomics)
[16.556s][info][gc,phases,start] GC(162) Marking Phase
[16.922s][info][gc,phases      ] GC(162) Marking Phase 365.326ms
[16.922s][info][gc,phases,start] GC(162) Summary Phase
[16.922s][info][gc,phases      ] GC(162) Summary Phase 0.033ms
[16.922s][info][gc,phases,start] GC(162) Adjust Roots
[16.922s][info][gc,phases      ] GC(162) Adjust Roots 0.162ms
[16.922s][info][gc,phases,start] GC(162) Compaction Phase
[17.045s][info][gc,phases      ] GC(162) Compaction Phase 122.542ms
[17.045s][info][gc,phases,start] GC(162) Post Compact
[17.048s][info][gc,phases      ] GC(162) Post Compact 2.983ms
[17.048s][info][gc,heap        ] GC(162) PSYoungGen: 57809K(123392K)->57809K(123392K) Eden: 20480K(20480K)->20480K(20480K) From: 37329K(102912K)->37329K(102912K)
[17.048s][info][gc,heap        ] GC(162) ParOldGen: 1638115K(1638400K)->1638115K(1638400K)
[17.048s][info][gc,metaspace   ] GC(162) Metaspace: 6301K(6464K)->6301K(6464K) NonClass: 5768K(5824K)->5768K(5824K) Class: 533K(640K)->533K(640K)
[17.048s][info][gc             ] GC(162) Pause Full (Ergonomics) 1656M->1656M(1720M) 491.400ms
[17.048s][info][gc,cpu         ] GC(162) User=3.58s Sys=0.00s Real=0.49s
[17.048s][info][gc,start       ] GC(163) Pause Full (Ergonomics)
[17.048s][info][gc,phases,start] GC(163) Marking Phase
[17.427s][info][gc,phases      ] GC(163) Marking Phase 378.981ms
[17.427s][info][gc,phases,start] GC(163) Summary Phase
[17.427s][info][gc,phases      ] GC(163) Summary Phase 0.028ms
[17.427s][info][gc,phases,start] GC(163) Adjust Roots
[17.427s][info][gc,phases      ] GC(163) Adjust Roots 0.166ms
[17.427s][info][gc,phases,start] GC(163) Compaction Phase
[17.551s][info][gc,phases      ] GC(163) Compaction Phase 123.569ms
[17.551s][info][gc,phases,start] GC(163) Post Compact
[17.554s][info][gc,phases      ] GC(163) Post Compact 3.017ms
[17.554s][info][gc,heap        ] GC(163) PSYoungGen: 57809K(123392K)->57809K(123392K) Eden: 20480K(20480K)->20480K(20480K) From: 37329K(102912K)->37329K(102912K)
[17.554s][info][gc,heap        ] GC(163) ParOldGen: 1638119K(1638400K)->1638119K(1638400K)
[17.554s][info][gc,metaspace   ] GC(163) Metaspace: 6301K(6464K)->6301K(6464K) NonClass: 5768K(5824K)->5768K(5824K) Class: 533K(640K)->533K(640K)
[17.554s][info][gc             ] GC(163) Pause Full (Ergonomics) 1656M->1656M(1720M) 506.116ms
[17.554s][info][gc,cpu         ] GC(163) User=3.64s Sys=0.00s Real=0.51s
[17.554s][info][gc,start       ] GC(164) Pause Full (Ergonomics)
[17.554s][info][gc,phases,start] GC(164) Marking Phase
[17.931s][info][gc,phases      ] GC(164) Marking Phase 376.927ms
[17.931s][info][gc,phases,start] GC(164) Summary Phase
[17.931s][info][gc,phases      ] GC(164) Summary Phase 0.028ms
[17.931s][info][gc,phases,start] GC(164) Adjust Roots
[17.931s][info][gc,phases      ] GC(164) Adjust Roots 0.159ms
[17.932s][info][gc,phases,start] GC(164) Compaction Phase
[18.056s][info][gc,phases      ] GC(164) Compaction Phase 124.301ms
[18.056s][info][gc,phases,start] GC(164) Post Compact
[18.059s][info][gc,phases      ] GC(164) Post Compact 2.971ms
[18.059s][info][gc,heap        ] GC(164) PSYoungGen: 57809K(123392K)->57809K(123392K) Eden: 20480K(20480K)->20480K(20480K) From: 37329K(102912K)->37329K(102912K)
[18.059s][info][gc,heap        ] GC(164) ParOldGen: 1638124K(1638400K)->1638124K(1638400K)
[18.059s][info][gc,metaspace   ] GC(164) Metaspace: 6301K(6464K)->6301K(6464K) NonClass: 5768K(5824K)->5768K(5824K) Class: 533K(640K)->533K(640K)
[18.059s][info][gc             ] GC(164) Pause Full (Ergonomics) 1656M->1656M(1720M) 504.717ms
[18.059s][info][gc,cpu         ] GC(164) User=3.80s Sys=0.00s Real=0.51s
[18.059s][info][gc,start       ] GC(165) Pause Full (Ergonomics)
[18.059s][info][gc,phases,start] GC(165) Marking Phase
[18.414s][info][gc,phases      ] GC(165) Marking Phase 354.689ms
[18.414s][info][gc,phases,start] GC(165) Summary Phase
[18.414s][info][gc,phases      ] GC(165) Summary Phase 0.029ms
[18.414s][info][gc,phases,start] GC(165) Adjust Roots
[18.414s][info][gc,phases      ] GC(165) Adjust Roots 0.162ms
[18.414s][info][gc,phases,start] GC(165) Compaction Phase
[18.537s][info][gc,phases      ] GC(165) Compaction Phase 122.990ms
[18.537s][info][gc,phases,start] GC(165) Post Compact
[18.540s][info][gc,phases      ] GC(165) Post Compact 3.111ms
[18.540s][info][gc,heap        ] GC(165) PSYoungGen: 57809K(123392K)->57809K(123392K) Eden: 20480K(20480K)->20480K(20480K) From: 37329K(102912K)->37329K(102912K)
[18.540s][info][gc,heap        ] GC(165) ParOldGen: 1638129K(1638400K)->1638129K(1638400K)
[18.540s][info][gc,metaspace   ] GC(165) Metaspace: 6301K(6464K)->6301K(6464K) NonClass: 5768K(5824K)->5768K(5824K) Class: 533K(640K)->533K(640K)
[18.541s][info][gc             ] GC(165) Pause Full (Ergonomics) 1656M->1656M(1720M) 481.347ms
[18.541s][info][gc,cpu         ] GC(165) User=3.36s Sys=0.00s Real=0.48s
[18.541s][info][gc,start       ] GC(166) Pause Full (Ergonomics)
[18.541s][info][gc,phases,start] GC(166) Marking Phase
[18.921s][info][gc,phases      ] GC(166) Marking Phase 380.066ms
[18.921s][info][gc,phases,start] GC(166) Summary Phase
[18.921s][info][gc,phases      ] GC(166) Summary Phase 0.029ms
[18.921s][info][gc,phases,start] GC(166) Adjust Roots
[18.921s][info][gc,phases      ] GC(166) Adjust Roots 0.160ms
[18.921s][info][gc,phases,start] GC(166) Compaction Phase
[19.049s][info][gc,phases      ] GC(166) Compaction Phase 127.413ms
[19.049s][info][gc,phases,start] GC(166) Post Compact
[19.052s][info][gc,phases      ] GC(166) Post Compact 2.960ms
[19.052s][info][gc,heap        ] GC(166) PSYoungGen: 57809K(123392K)->57809K(123392K) Eden: 20480K(20480K)->20480K(20480K) From: 37329K(102912K)->37329K(102912K)
[19.052s][info][gc,heap        ] GC(166) ParOldGen: 1638133K(1638400K)->1638133K(1638400K)
[19.052s][info][gc,metaspace   ] GC(166) Metaspace: 6301K(6464K)->6301K(6464K) NonClass: 5768K(5824K)->5768K(5824K) Class: 533K(640K)->533K(640K)
[19.052s][info][gc             ] GC(166) Pause Full (Ergonomics) 1656M->1656M(1720M) 510.950ms
[19.052s][info][gc,cpu         ] GC(166) User=3.67s Sys=0.00s Real=0.51s
[19.052s][info][gc,start       ] GC(167) Pause Full (Ergonomics)
[19.052s][info][gc,phases,start] GC(167) Marking Phase
[19.433s][info][gc,phases      ] GC(167) Marking Phase 381.448ms
[19.433s][info][gc,phases,start] GC(167) Summary Phase
[19.433s][info][gc,phases      ] GC(167) Summary Phase 0.029ms
[19.433s][info][gc,phases,start] GC(167) Adjust Roots
[19.434s][info][gc,phases      ] GC(167) Adjust Roots 0.163ms
[19.434s][info][gc,phases,start] GC(167) Compaction Phase
[19.572s][info][gc,phases      ] GC(167) Compaction Phase 138.748ms
[19.572s][info][gc,phases,start] GC(167) Post Compact
[19.575s][info][gc,phases      ] GC(167) Post Compact 2.975ms
[19.576s][info][gc,heap        ] GC(167) PSYoungGen: 57809K(123392K)->57809K(123392K) Eden: 20480K(20480K)->20480K(20480K) From: 37329K(102912K)->37329K(102912K)
[19.576s][info][gc,heap        ] GC(167) ParOldGen: 1638138K(1638400K)->1638138K(1638400K)
[19.576s][info][gc,metaspace   ] GC(167) Metaspace: 6301K(6464K)->6301K(6464K) NonClass: 5768K(5824K)->5768K(5824K) Class: 533K(640K)->533K(640K)
[19.576s][info][gc             ] GC(167) Pause Full (Ergonomics) 1656M->1656M(1720M) 523.709ms
[19.576s][info][gc,cpu         ] GC(167) User=3.72s Sys=0.00s Real=0.52s
[19.576s][info][gc,start       ] GC(168) Pause Full (Ergonomics)
[19.576s][info][gc,phases,start] GC(168) Marking Phase
[19.954s][info][gc,phases      ] GC(168) Marking Phase 378.507ms
[19.954s][info][gc,phases,start] GC(168) Summary Phase
[19.954s][info][gc,phases      ] GC(168) Summary Phase 0.029ms
[19.954s][info][gc,phases,start] GC(168) Adjust Roots
[19.955s][info][gc,phases      ] GC(168) Adjust Roots 0.160ms
[19.955s][info][gc,phases,start] GC(168) Compaction Phase
[20.081s][info][gc,phases      ] GC(168) Compaction Phase 126.239ms
[20.081s][info][gc,phases,start] GC(168) Post Compact
[20.084s][info][gc,phases      ] GC(168) Post Compact 3.286ms
[20.084s][info][gc,heap        ] GC(168) PSYoungGen: 57809K(123392K)->57809K(123392K) Eden: 20480K(20480K)->20480K(20480K) From: 37329K(102912K)->37329K(102912K)
[20.084s][info][gc,heap        ] GC(168) ParOldGen: 1638143K(1638400K)->1638143K(1638400K)
[20.084s][info][gc,metaspace   ] GC(168) Metaspace: 6301K(6464K)->6301K(6464K) NonClass: 5768K(5824K)->5768K(5824K) Class: 533K(640K)->533K(640K)
[20.084s][info][gc             ] GC(168) Pause Full (Ergonomics) 1656M->1656M(1720M) 508.637ms
[20.084s][info][gc,cpu         ] GC(168) User=3.53s Sys=0.00s Real=0.51s
[20.085s][info][gc,start       ] GC(169) Pause Full (Ergonomics)
[20.085s][info][gc,phases,start] GC(169) Marking Phase
[20.460s][info][gc,phases      ] GC(169) Marking Phase 375.036ms
[20.460s][info][gc,phases,start] GC(169) Summary Phase
[20.460s][info][gc,phases      ] GC(169) Summary Phase 0.029ms
[20.460s][info][gc,phases,start] GC(169) Adjust Roots
[20.460s][info][gc,phases      ] GC(169) Adjust Roots 0.164ms
[20.460s][info][gc,phases,start] GC(169) Compaction Phase
[20.587s][info][gc,phases      ] GC(169) Compaction Phase 127.285ms
[20.587s][info][gc,phases,start] GC(169) Post Compact
[20.590s][info][gc,phases      ] GC(169) Post Compact 2.978ms
[20.590s][info][gc,heap        ] GC(169) PSYoungGen: 57809K(123392K)->57809K(123392K) Eden: 20480K(20480K)->20480K(20480K) From: 37329K(102912K)->37329K(102912K)
[20.590s][info][gc,heap        ] GC(169) ParOldGen: 1638147K(1638400K)->1638147K(1638400K)
[20.591s][info][gc,metaspace   ] GC(169) Metaspace: 6301K(6464K)->6301K(6464K) NonClass: 5768K(5824K)->5768K(5824K) Class: 533K(640K)->533K(640K)
[20.591s][info][gc             ] GC(169) Pause Full (Ergonomics) 1656M->1656M(1720M) 505.822ms
[20.591s][info][gc,cpu         ] GC(169) User=3.67s Sys=0.00s Real=0.51s
[20.591s][info][gc,start       ] GC(170) Pause Full (Ergonomics)
[20.591s][info][gc,phases,start] GC(170) Marking Phase
[20.970s][info][gc,phases      ] GC(170) Marking Phase 379.532ms
[20.970s][info][gc,phases,start] GC(170) Summary Phase
[20.970s][info][gc,phases      ] GC(170) Summary Phase 0.029ms
[20.970s][info][gc,phases,start] GC(170) Adjust Roots
[20.971s][info][gc,phases      ] GC(170) Adjust Roots 0.161ms
[20.971s][info][gc,phases,start] GC(170) Compaction Phase
[21.099s][info][gc,phases      ] GC(170) Compaction Phase 128.360ms
[21.099s][info][gc,phases,start] GC(170) Post Compact
[21.102s][info][gc,phases      ] GC(170) Post Compact 2.978ms
[21.102s][info][gc,heap        ] GC(170) PSYoungGen: 57809K(123392K)->57809K(123392K) Eden: 20480K(20480K)->20480K(20480K) From: 37329K(102912K)->37329K(102912K)
[21.102s][info][gc,heap        ] GC(170) ParOldGen: 1638152K(1638400K)->1638152K(1638400K)
[21.102s][info][gc,metaspace   ] GC(170) Metaspace: 6301K(6464K)->6301K(6464K) NonClass: 5768K(5824K)->5768K(5824K) Class: 533K(640K)->533K(640K)
[21.102s][info][gc             ] GC(170) Pause Full (Ergonomics) 1656M->1656M(1720M) 511.405ms
[21.102s][info][gc,cpu         ] GC(170) User=3.56s Sys=0.00s Real=0.51s
[21.102s][info][gc,start       ] GC(171) Pause Full (Ergonomics)
[21.102s][info][gc,phases,start] GC(171) Marking Phase
[21.480s][info][gc,phases      ] GC(171) Marking Phase 377.205ms
[21.480s][info][gc,phases,start] GC(171) Summary Phase
[21.480s][info][gc,phases      ] GC(171) Summary Phase 0.029ms
[21.480s][info][gc,phases,start] GC(171) Adjust Roots
[21.480s][info][gc,phases      ] GC(171) Adjust Roots 0.162ms
[21.480s][info][gc,phases,start] GC(171) Compaction Phase
[21.603s][info][gc,phases      ] GC(171) Compaction Phase 122.855ms
[21.603s][info][gc,phases,start] GC(171) Post Compact
[21.606s][info][gc,phases      ] GC(171) Post Compact 3.011ms
[21.606s][info][gc,heap        ] GC(171) PSYoungGen: 57809K(123392K)->57809K(123392K) Eden: 20480K(20480K)->20480K(20480K) From: 37329K(102912K)->37329K(102912K)
[21.606s][info][gc,heap        ] GC(171) ParOldGen: 1638157K(1638400K)->1638157K(1638400K)
[21.606s][info][gc,metaspace   ] GC(171) Metaspace: 6301K(6464K)->6301K(6464K) NonClass: 5768K(5824K)->5768K(5824K) Class: 533K(640K)->533K(640K)
[21.606s][info][gc             ] GC(171) Pause Full (Ergonomics) 1656M->1656M(1720M) 503.601ms
[21.606s][info][gc,cpu         ] GC(171) User=3.62s Sys=0.00s Real=0.50s
[21.606s][info][gc,start       ] GC(172) Pause Full (Ergonomics)
[21.606s][info][gc,phases,start] GC(172) Marking Phase
[21.984s][info][gc,phases      ] GC(172) Marking Phase 377.976ms
[21.984s][info][gc,phases,start] GC(172) Summary Phase
[21.984s][info][gc,phases      ] GC(172) Summary Phase 0.028ms
[21.984s][info][gc,phases,start] GC(172) Adjust Roots
[21.984s][info][gc,phases      ] GC(172) Adjust Roots 0.165ms
[21.984s][info][gc,phases,start] GC(172) Compaction Phase
[22.131s][info][gc,phases      ] GC(172) Compaction Phase 146.860ms
[22.131s][info][gc,phases,start] GC(172) Post Compact
[22.134s][info][gc,phases      ] GC(172) Post Compact 2.915ms
[22.134s][info][gc,heap        ] GC(172) PSYoungGen: 57809K(123392K)->57809K(123392K) Eden: 20480K(20480K)->20480K(20480K) From: 37329K(102912K)->37329K(102912K)
[22.134s][info][gc,heap        ] GC(172) ParOldGen: 1638161K(1638400K)->1638161K(1638400K)
[22.134s][info][gc,metaspace   ] GC(172) Metaspace: 6301K(6464K)->6301K(6464K) NonClass: 5768K(5824K)->5768K(5824K) Class: 533K(640K)->533K(640K)
[22.134s][info][gc             ] GC(172) Pause Full (Ergonomics) 1656M->1656M(1720M) 528.318ms
[22.135s][info][gc,cpu         ] GC(172) User=3.58s Sys=0.00s Real=0.53s
[22.135s][info][gc,start       ] GC(173) Pause Full (Ergonomics)
[22.135s][info][gc,phases,start] GC(173) Marking Phase
[22.510s][info][gc,phases      ] GC(173) Marking Phase 375.351ms
[22.510s][info][gc,phases,start] GC(173) Summary Phase
[22.510s][info][gc,phases      ] GC(173) Summary Phase 0.034ms
[22.510s][info][gc,phases,start] GC(173) Adjust Roots
[22.510s][info][gc,phases      ] GC(173) Adjust Roots 0.170ms
[22.510s][info][gc,phases,start] GC(173) Compaction Phase
[22.656s][info][gc,phases      ] GC(173) Compaction Phase 146.017ms
[22.657s][info][gc,phases,start] GC(173) Post Compact
[22.659s][info][gc,phases      ] GC(173) Post Compact 2.920ms
[22.660s][info][gc,heap        ] GC(173) PSYoungGen: 57809K(123392K)->57809K(123392K) Eden: 20480K(20480K)->20480K(20480K) From: 37329K(102912K)->37329K(102912K)
[22.660s][info][gc,heap        ] GC(173) ParOldGen: 1638166K(1638400K)->1638166K(1638400K)
[22.660s][info][gc,metaspace   ] GC(173) Metaspace: 6301K(6464K)->6301K(6464K) NonClass: 5768K(5824K)->5768K(5824K) Class: 533K(640K)->533K(640K)
[22.660s][info][gc             ] GC(173) Pause Full (Ergonomics) 1656M->1656M(1720M) 524.868ms
[22.660s][info][gc,cpu         ] GC(173) User=3.80s Sys=0.00s Real=0.53s
[22.660s][info][gc,start       ] GC(174) Pause Full (Ergonomics)
[22.660s][info][gc,phases,start] GC(174) Marking Phase
[23.037s][info][gc,phases      ] GC(174) Marking Phase 377.222ms
[23.037s][info][gc,phases,start] GC(174) Summary Phase
[23.037s][info][gc,phases      ] GC(174) Summary Phase 0.029ms
[23.037s][info][gc,phases,start] GC(174) Adjust Roots
[23.037s][info][gc,phases      ] GC(174) Adjust Roots 0.160ms
[23.037s][info][gc,phases,start] GC(174) Compaction Phase
[23.164s][info][gc,phases      ] GC(174) Compaction Phase 126.481ms
[23.164s][info][gc,phases,start] GC(174) Post Compact
[23.167s][info][gc,phases      ] GC(174) Post Compact 2.968ms
[23.167s][info][gc,heap        ] GC(174) PSYoungGen: 57809K(123392K)->57809K(123392K) Eden: 20480K(20480K)->20480K(20480K) From: 37329K(102912K)->37329K(102912K)
[23.167s][info][gc,heap        ] GC(174) ParOldGen: 1638171K(1638400K)->1638171K(1638400K)
[23.167s][info][gc,metaspace   ] GC(174) Metaspace: 6301K(6464K)->6301K(6464K) NonClass: 5768K(5824K)->5768K(5824K) Class: 533K(640K)->533K(640K)
[23.167s][info][gc             ] GC(174) Pause Full (Ergonomics) 1656M->1656M(1720M) 507.196ms
[23.167s][info][gc,cpu         ] GC(174) User=3.69s Sys=0.00s Real=0.51s
[23.167s][info][gc,start       ] GC(175) Pause Full (Ergonomics)
[23.167s][info][gc,phases,start] GC(175) Marking Phase
[23.546s][info][gc,phases      ] GC(175) Marking Phase 378.361ms
[23.546s][info][gc,phases,start] GC(175) Summary Phase
[23.546s][info][gc,phases      ] GC(175) Summary Phase 0.028ms
[23.546s][info][gc,phases,start] GC(175) Adjust Roots
[23.546s][info][gc,phases      ] GC(175) Adjust Roots 0.169ms
[23.546s][info][gc,phases,start] GC(175) Compaction Phase
[23.672s][info][gc,phases      ] GC(175) Compaction Phase 125.938ms
[23.672s][info][gc,phases,start] GC(175) Post Compact
[23.675s][info][gc,phases      ] GC(175) Post Compact 3.003ms
[23.675s][info][gc,heap        ] GC(175) PSYoungGen: 57809K(123392K)->57809K(123392K) Eden: 20480K(20480K)->20480K(20480K) From: 37329K(102912K)->37329K(102912K)
[23.675s][info][gc,heap        ] GC(175) ParOldGen: 1638175K(1638400K)->1638175K(1638400K)
[23.675s][info][gc,metaspace   ] GC(175) Metaspace: 6301K(6464K)->6301K(6464K) NonClass: 5768K(5824K)->5768K(5824K) Class: 533K(640K)->533K(640K)
[23.675s][info][gc             ] GC(175) Pause Full (Ergonomics) 1656M->1656M(1720M) 507.827ms
[23.675s][info][gc,cpu         ] GC(175) User=3.70s Sys=0.00s Real=0.51s
[23.675s][info][gc,start       ] GC(176) Pause Full (Ergonomics)
[23.675s][info][gc,phases,start] GC(176) Marking Phase
[24.052s][info][gc,phases      ] GC(176) Marking Phase 376.846ms
[24.052s][info][gc,phases,start] GC(176) Summary Phase
[24.052s][info][gc,phases      ] GC(176) Summary Phase 0.029ms
[24.052s][info][gc,phases,start] GC(176) Adjust Roots
[24.052s][info][gc,phases      ] GC(176) Adjust Roots 0.163ms
[24.052s][info][gc,phases,start] GC(176) Compaction Phase
[24.198s][info][gc,phases      ] GC(176) Compaction Phase 145.133ms
[24.198s][info][gc,phases,start] GC(176) Post Compact
[24.201s][info][gc,phases      ] GC(176) Post Compact 3.062ms
[24.201s][info][gc,heap        ] GC(176) PSYoungGen: 57809K(123392K)->57809K(123392K) Eden: 20480K(20480K)->20480K(20480K) From: 37329K(102912K)->37329K(102912K)
[24.201s][info][gc,heap        ] GC(176) ParOldGen: 1638180K(1638400K)->1638180K(1638400K)
[24.201s][info][gc,metaspace   ] GC(176) Metaspace: 6301K(6464K)->6301K(6464K) NonClass: 5768K(5824K)->5768K(5824K) Class: 533K(640K)->533K(640K)
[24.201s][info][gc             ] GC(176) Pause Full (Ergonomics) 1656M->1656M(1720M) 525.612ms
[24.201s][info][gc,cpu         ] GC(176) User=3.70s Sys=0.00s Real=0.53s
[24.201s][info][gc,start       ] GC(177) Pause Full (Ergonomics)
[24.201s][info][gc,phases,start] GC(177) Marking Phase
[24.583s][info][gc,phases      ] GC(177) Marking Phase 382.403ms
[24.584s][info][gc,phases,start] GC(177) Summary Phase
[24.584s][info][gc,phases      ] GC(177) Summary Phase 0.049ms
[24.584s][info][gc,phases,start] GC(177) Adjust Roots
[24.584s][info][gc,phases      ] GC(177) Adjust Roots 0.269ms
[24.584s][info][gc,phases,start] GC(177) Compaction Phase
[24.714s][info][gc,phases      ] GC(177) Compaction Phase 130.206ms
[24.714s][info][gc,phases,start] GC(177) Post Compact
[24.717s][info][gc,phases      ] GC(177) Post Compact 3.176ms
[24.718s][info][gc,heap        ] GC(177) PSYoungGen: 57809K(123392K)->57809K(123392K) Eden: 20480K(20480K)->20480K(20480K) From: 37329K(102912K)->37329K(102912K)
[24.718s][info][gc,heap        ] GC(177) ParOldGen: 1638185K(1638400K)->1638185K(1638400K)
[24.718s][info][gc,metaspace   ] GC(177) Metaspace: 6301K(6464K)->6301K(6464K) NonClass: 5768K(5824K)->5768K(5824K) Class: 533K(640K)->533K(640K)
[24.718s][info][gc             ] GC(177) Pause Full (Ergonomics) 1656M->1656M(1720M) 516.825ms
[24.718s][info][gc,cpu         ] GC(177) User=3.56s Sys=0.00s Real=0.52s
[24.718s][info][gc,start       ] GC(178) Pause Full (Ergonomics)
[24.718s][info][gc,phases,start] GC(178) Marking Phase
[25.098s][info][gc,phases      ] GC(178) Marking Phase 379.605ms
[25.098s][info][gc,phases,start] GC(178) Summary Phase
[25.098s][info][gc,phases      ] GC(178) Summary Phase 0.029ms
[25.098s][info][gc,phases,start] GC(178) Adjust Roots
[25.098s][info][gc,phases      ] GC(178) Adjust Roots 0.182ms
[25.098s][info][gc,phases,start] GC(178) Compaction Phase
[25.226s][info][gc,phases      ] GC(178) Compaction Phase 127.995ms
[25.226s][info][gc,phases,start] GC(178) Post Compact
[25.229s][info][gc,phases      ] GC(178) Post Compact 2.981ms
[25.229s][info][gc,heap        ] GC(178) PSYoungGen: 57809K(123392K)->57809K(123392K) Eden: 20480K(20480K)->20480K(20480K) From: 37329K(102912K)->37329K(102912K)
[25.229s][info][gc,heap        ] GC(178) ParOldGen: 1638189K(1638400K)->1638189K(1638400K)
[25.229s][info][gc,metaspace   ] GC(178) Metaspace: 6301K(6464K)->6301K(6464K) NonClass: 5768K(5824K)->5768K(5824K) Class: 533K(640K)->533K(640K)
[25.229s][info][gc             ] GC(178) Pause Full (Ergonomics) 1656M->1656M(1720M) 511.120ms
[25.229s][info][gc,cpu         ] GC(178) User=3.59s Sys=0.00s Real=0.51s
[25.229s][info][gc,start       ] GC(179) Pause Full (Ergonomics)
[25.229s][info][gc,phases,start] GC(179) Marking Phase
[25.616s][info][gc,phases      ] GC(179) Marking Phase 386.258ms
[25.616s][info][gc,phases,start] GC(179) Summary Phase
[25.616s][info][gc,phases      ] GC(179) Summary Phase 0.029ms
[25.616s][info][gc,phases,start] GC(179) Adjust Roots
[25.616s][info][gc,phases      ] GC(179) Adjust Roots 0.160ms
[25.616s][info][gc,phases,start] GC(179) Compaction Phase
[25.744s][info][gc,phases      ] GC(179) Compaction Phase 128.343ms
[25.744s][info][gc,phases,start] GC(179) Post Compact
[25.747s][info][gc,phases      ] GC(179) Post Compact 2.998ms
[25.747s][info][gc,heap        ] GC(179) PSYoungGen: 57809K(123392K)->57809K(123392K) Eden: 20480K(20480K)->20480K(20480K) From: 37329K(102912K)->37329K(102912K)
[25.747s][info][gc,heap        ] GC(179) ParOldGen: 1638194K(1638400K)->1638194K(1638400K)
[25.748s][info][gc,metaspace   ] GC(179) Metaspace: 6301K(6464K)->6301K(6464K) NonClass: 5768K(5824K)->5768K(5824K) Class: 533K(640K)->533K(640K)
[25.748s][info][gc             ] GC(179) Pause Full (Ergonomics) 1656M->1656M(1720M) 518.129ms
[25.748s][info][gc,cpu         ] GC(179) User=3.81s Sys=0.00s Real=0.52s
[25.748s][info][gc,start       ] GC(180) Pause Full (Ergonomics)
[25.748s][info][gc,phases,start] GC(180) Marking Phase
[26.124s][info][gc,phases      ] GC(180) Marking Phase 376.620ms
[26.124s][info][gc,phases,start] GC(180) Summary Phase
[26.124s][info][gc,phases      ] GC(180) Summary Phase 0.029ms
[26.125s][info][gc,phases,start] GC(180) Adjust Roots
[26.125s][info][gc,phases      ] GC(180) Adjust Roots 0.219ms
[26.125s][info][gc,phases,start] GC(180) Compaction Phase
[26.252s][info][gc,phases      ] GC(180) Compaction Phase 126.773ms
[26.252s][info][gc,phases,start] GC(180) Post Compact
[26.255s][info][gc,phases      ] GC(180) Post Compact 3.851ms
[26.256s][info][gc,heap        ] GC(180) PSYoungGen: 57809K(123392K)->57809K(123392K) Eden: 20480K(20480K)->20480K(20480K) From: 37329K(102912K)->37329K(102912K)
[26.256s][info][gc,heap        ] GC(180) ParOldGen: 1638199K(1638400K)->1638199K(1638400K)
[26.256s][info][gc,metaspace   ] GC(180) Metaspace: 6301K(6464K)->6301K(6464K) NonClass: 5768K(5824K)->5768K(5824K) Class: 533K(640K)->533K(640K)
[26.256s][info][gc             ] GC(180) Pause Full (Ergonomics) 1656M->1656M(1720M) 507.870ms
[26.256s][info][gc,cpu         ] GC(180) User=3.52s Sys=0.00s Real=0.51s
[26.256s][info][gc,start       ] GC(181) Pause Full (Ergonomics)
[26.256s][info][gc,phases,start] GC(181) Marking Phase
[26.633s][info][gc,phases      ] GC(181) Marking Phase 377.260ms
[26.633s][info][gc,phases,start] GC(181) Summary Phase
[26.633s][info][gc,phases      ] GC(181) Summary Phase 0.029ms
[26.633s][info][gc,phases,start] GC(181) Adjust Roots
[26.633s][info][gc,phases      ] GC(181) Adjust Roots 0.163ms
[26.633s][info][gc,phases,start] GC(181) Compaction Phase
[26.762s][info][gc,phases      ] GC(181) Compaction Phase 128.316ms
[26.762s][info][gc,phases,start] GC(181) Post Compact
[26.765s][info][gc,phases      ] GC(181) Post Compact 2.999ms
[26.765s][info][gc,heap        ] GC(181) PSYoungGen: 57809K(123392K)->57809K(123392K) Eden: 20480K(20480K)->20480K(20480K) From: 37329K(102912K)->37329K(102912K)
[26.765s][info][gc,heap        ] GC(181) ParOldGen: 1638203K(1638400K)->1638203K(1638400K)
[26.765s][info][gc,metaspace   ] GC(181) Metaspace: 6301K(6464K)->6301K(6464K) NonClass: 5768K(5824K)->5768K(5824K) Class: 533K(640K)->533K(640K)
[26.765s][info][gc             ] GC(181) Pause Full (Ergonomics) 1656M->1656M(1720M) 509.125ms
[26.765s][info][gc,cpu         ] GC(181) User=3.73s Sys=0.00s Real=0.51s
[26.765s][info][gc,start       ] GC(182) Pause Full (Ergonomics)
[26.765s][info][gc,phases,start] GC(182) Marking Phase
[27.147s][info][gc,phases      ] GC(182) Marking Phase 381.469ms
[27.147s][info][gc,phases,start] GC(182) Summary Phase
[27.147s][info][gc,phases      ] GC(182) Summary Phase 0.028ms
[27.147s][info][gc,phases,start] GC(182) Adjust Roots
[27.147s][info][gc,phases      ] GC(182) Adjust Roots 0.164ms
[27.147s][info][gc,phases,start] GC(182) Compaction Phase
[27.292s][info][gc,phases      ] GC(182) Compaction Phase 144.969ms
[27.292s][info][gc,phases,start] GC(182) Post Compact
[27.295s][info][gc,phases      ] GC(182) Post Compact 2.864ms
[27.295s][info][gc,heap        ] GC(182) PSYoungGen: 57809K(123392K)->57809K(123392K) Eden: 20480K(20480K)->20480K(20480K) From: 37329K(102912K)->37329K(102912K)
[27.295s][info][gc,heap        ] GC(182) ParOldGen: 1638208K(1638400K)->1638208K(1638400K)
[27.295s][info][gc,metaspace   ] GC(182) Metaspace: 6301K(6464K)->6301K(6464K) NonClass: 5768K(5824K)->5768K(5824K) Class: 533K(640K)->533K(640K)
[27.295s][info][gc             ] GC(182) Pause Full (Ergonomics) 1656M->1656M(1720M) 529.819ms
[27.295s][info][gc,cpu         ] GC(182) User=3.61s Sys=0.00s Real=0.53s
[27.295s][info][gc,start       ] GC(183) Pause Full (Ergonomics)
[27.295s][info][gc,phases,start] GC(183) Marking Phase
[27.670s][info][gc,phases      ] GC(183) Marking Phase 375.170ms
[27.670s][info][gc,phases,start] GC(183) Summary Phase
[27.670s][info][gc,phases      ] GC(183) Summary Phase 0.034ms
[27.671s][info][gc,phases,start] GC(183) Adjust Roots
[27.671s][info][gc,phases      ] GC(183) Adjust Roots 0.173ms
[27.671s][info][gc,phases,start] GC(183) Compaction Phase
[27.798s][info][gc,phases      ] GC(183) Compaction Phase 127.723ms
[27.799s][info][gc,phases,start] GC(183) Post Compact
[27.801s][info][gc,phases      ] GC(183) Post Compact 2.974ms
[27.802s][info][gc,heap        ] GC(183) PSYoungGen: 57809K(123392K)->57809K(123392K) Eden: 20480K(20480K)->20480K(20480K) From: 37329K(102912K)->37329K(102912K)
[27.802s][info][gc,heap        ] GC(183) ParOldGen: 1638213K(1638400K)->1638213K(1638400K)
[27.802s][info][gc,metaspace   ] GC(183) Metaspace: 6301K(6464K)->6301K(6464K) NonClass: 5768K(5824K)->5768K(5824K) Class: 533K(640K)->533K(640K)
[27.802s][info][gc             ] GC(183) Pause Full (Ergonomics) 1656M->1656M(1720M) 506.416ms
[27.802s][info][gc,cpu         ] GC(183) User=3.58s Sys=0.00s Real=0.51s
[27.802s][info][gc,start       ] GC(184) Pause Full (Ergonomics)
[27.802s][info][gc,phases,start] GC(184) Marking Phase
[28.179s][info][gc,phases      ] GC(184) Marking Phase 377.085ms
[28.179s][info][gc,phases,start] GC(184) Summary Phase
[28.179s][info][gc,phases      ] GC(184) Summary Phase 0.028ms
[28.179s][info][gc,phases,start] GC(184) Adjust Roots
[28.179s][info][gc,phases      ] GC(184) Adjust Roots 0.162ms
[28.179s][info][gc,phases,start] GC(184) Compaction Phase
[28.306s][info][gc,phases      ] GC(184) Compaction Phase 126.893ms
[28.306s][info][gc,phases,start] GC(184) Post Compact
[28.309s][info][gc,phases      ] GC(184) Post Compact 2.981ms
[28.309s][info][gc,heap        ] GC(184) PSYoungGen: 57809K(123392K)->57809K(123392K) Eden: 20480K(20480K)->20480K(20480K) From: 37329K(102912K)->37329K(102912K)
[28.309s][info][gc,heap        ] GC(184) ParOldGen: 1638217K(1638400K)->1638217K(1638400K)
[28.309s][info][gc,metaspace   ] GC(184) Metaspace: 6301K(6464K)->6301K(6464K) NonClass: 5768K(5824K)->5768K(5824K) Class: 533K(640K)->533K(640K)
[28.309s][info][gc             ] GC(184) Pause Full (Ergonomics) 1656M->1656M(1720M) 507.494ms
[28.309s][info][gc,cpu         ] GC(184) User=3.70s Sys=0.00s Real=0.51s
[28.310s][info][gc,start       ] GC(185) Pause Full (Ergonomics)
[28.310s][info][gc,phases,start] GC(185) Marking Phase
[28.691s][info][gc,phases      ] GC(185) Marking Phase 381.913ms
[28.692s][info][gc,phases,start] GC(185) Summary Phase
[28.692s][info][gc,phases      ] GC(185) Summary Phase 0.037ms
[28.692s][info][gc,phases,start] GC(185) Adjust Roots
[28.692s][info][gc,phases      ] GC(185) Adjust Roots 0.177ms
[28.692s][info][gc,phases,start] GC(185) Compaction Phase
[28.824s][info][gc,phases      ] GC(185) Compaction Phase 132.655ms
[28.825s][info][gc,phases,start] GC(185) Post Compact
[28.827s][info][gc,phases      ] GC(185) Post Compact 2.957ms
[28.828s][info][gc,heap        ] GC(185) PSYoungGen: 57809K(123392K)->57809K(123392K) Eden: 20480K(20480K)->20480K(20480K) From: 37329K(102912K)->37329K(102912K)
[28.828s][info][gc,heap        ] GC(185) ParOldGen: 1638222K(1638400K)->1638222K(1638400K)
[28.828s][info][gc,metaspace   ] GC(185) Metaspace: 6301K(6464K)->6301K(6464K) NonClass: 5768K(5824K)->5768K(5824K) Class: 533K(640K)->533K(640K)
[28.828s][info][gc             ] GC(185) Pause Full (Ergonomics) 1656M->1656M(1720M) 518.090ms
[28.828s][info][gc,cpu         ] GC(185) User=3.52s Sys=0.00s Real=0.52s
[28.828s][info][gc,start       ] GC(186) Pause Full (Ergonomics)
[28.828s][info][gc,phases,start] GC(186) Marking Phase
[29.208s][info][gc,phases      ] GC(186) Marking Phase 379.965ms
[29.208s][info][gc,phases,start] GC(186) Summary Phase
[29.208s][info][gc,phases      ] GC(186) Summary Phase 0.030ms
[29.208s][info][gc,phases,start] GC(186) Adjust Roots
[29.208s][info][gc,phases      ] GC(186) Adjust Roots 0.159ms
[29.208s][info][gc,phases,start] GC(186) Compaction Phase
[29.341s][info][gc,phases      ] GC(186) Compaction Phase 132.627ms
[29.341s][info][gc,phases,start] GC(186) Post Compact
[29.344s][info][gc,phases      ] GC(186) Post Compact 3.038ms
[29.344s][info][gc,heap        ] GC(186) PSYoungGen: 57809K(123392K)->57809K(123392K) Eden: 20480K(20480K)->20480K(20480K) From: 37329K(102912K)->37329K(102912K)
[29.344s][info][gc,heap        ] GC(186) ParOldGen: 1638227K(1638400K)->1638227K(1638400K)
[29.344s][info][gc,metaspace   ] GC(186) Metaspace: 6301K(6464K)->6301K(6464K) NonClass: 5768K(5824K)->5768K(5824K) Class: 533K(640K)->533K(640K)
[29.344s][info][gc             ] GC(186) Pause Full (Ergonomics) 1656M->1656M(1720M) 516.162ms
[29.344s][info][gc,cpu         ] GC(186) User=3.58s Sys=0.00s Real=0.52s
[29.344s][info][gc,start       ] GC(187) Pause Full (Ergonomics)
[29.344s][info][gc,phases,start] GC(187) Marking Phase
[29.734s][info][gc,phases      ] GC(187) Marking Phase 389.620ms
[29.734s][info][gc,phases,start] GC(187) Summary Phase
[29.734s][info][gc,phases      ] GC(187) Summary Phase 0.029ms
[29.734s][info][gc,phases,start] GC(187) Adjust Roots
[29.734s][info][gc,phases      ] GC(187) Adjust Roots 0.165ms
[29.734s][info][gc,phases,start] GC(187) Compaction Phase
[29.883s][info][gc,phases      ] GC(187) Compaction Phase 148.763ms
[29.883s][info][gc,phases,start] GC(187) Post Compact
[29.886s][info][gc,phases      ] GC(187) Post Compact 2.944ms
[29.886s][info][gc,heap        ] GC(187) PSYoungGen: 57809K(123392K)->57809K(123392K) Eden: 20480K(20480K)->20480K(20480K) From: 37329K(102912K)->37329K(102912K)
[29.886s][info][gc,heap        ] GC(187) ParOldGen: 1638231K(1638400K)->1638231K(1638400K)
[29.886s][info][gc,metaspace   ] GC(187) Metaspace: 6301K(6464K)->6301K(6464K) NonClass: 5768K(5824K)->5768K(5824K) Class: 533K(640K)->533K(640K)
[29.886s][info][gc             ] GC(187) Pause Full (Ergonomics) 1656M->1656M(1720M) 541.878ms
[29.886s][info][gc,cpu         ] GC(187) User=3.67s Sys=0.00s Real=0.54s
[29.886s][info][gc,start       ] GC(188) Pause Full (Ergonomics)
[29.886s][info][gc,phases,start] GC(188) Marking Phase
[30.272s][info][gc,phases      ] GC(188) Marking Phase 385.479ms
[30.272s][info][gc,phases,start] GC(188) Summary Phase
[30.272s][info][gc,phases      ] GC(188) Summary Phase 0.029ms
[30.272s][info][gc,phases,start] GC(188) Adjust Roots
[30.272s][info][gc,phases      ] GC(188) Adjust Roots 0.189ms
[30.272s][info][gc,phases,start] GC(188) Compaction Phase
[30.421s][info][gc,phases      ] GC(188) Compaction Phase 148.381ms
[30.421s][info][gc,phases,start] GC(188) Post Compact
[30.423s][info][gc,phases      ] GC(188) Post Compact 2.905ms
[30.424s][info][gc,heap        ] GC(188) PSYoungGen: 57809K(123392K)->57809K(123392K) Eden: 20480K(20480K)->20480K(20480K) From: 37329K(102912K)->37329K(102912K)
[30.424s][info][gc,heap        ] GC(188) ParOldGen: 1638236K(1638400K)->1638236K(1638400K)
[30.424s][info][gc,metaspace   ] GC(188) Metaspace: 6301K(6464K)->6301K(6464K) NonClass: 5768K(5824K)->5768K(5824K) Class: 533K(640K)->533K(640K)
[30.424s][info][gc             ] GC(188) Pause Full (Ergonomics) 1656M->1656M(1720M) 537.381ms
[30.424s][info][gc,cpu         ] GC(188) User=3.80s Sys=0.00s Real=0.54s
[30.424s][info][gc,start       ] GC(189) Pause Full (Ergonomics)
[30.424s][info][gc,phases,start] GC(189) Marking Phase
[30.804s][info][gc,phases      ] GC(189) Marking Phase 380.536ms
[30.805s][info][gc,phases,start] GC(189) Summary Phase
[30.805s][info][gc,phases      ] GC(189) Summary Phase 0.028ms
[30.805s][info][gc,phases,start] GC(189) Adjust Roots
[30.805s][info][gc,phases      ] GC(189) Adjust Roots 0.163ms
[30.805s][info][gc,phases,start] GC(189) Compaction Phase
[30.935s][info][gc,phases      ] GC(189) Compaction Phase 129.954ms
[30.935s][info][gc,phases,start] GC(189) Post Compact
[30.938s][info][gc,phases      ] GC(189) Post Compact 3.042ms
[30.938s][info][gc,heap        ] GC(189) PSYoungGen: 57809K(123392K)->57809K(123392K) Eden: 20480K(20480K)->20480K(20480K) From: 37329K(102912K)->37329K(102912K)
[30.938s][info][gc,heap        ] GC(189) ParOldGen: 1638241K(1638400K)->1638241K(1638400K)
[30.938s][info][gc,metaspace   ] GC(189) Metaspace: 6301K(6464K)->6301K(6464K) NonClass: 5768K(5824K)->5768K(5824K) Class: 533K(640K)->533K(640K)
[30.938s][info][gc             ] GC(189) Pause Full (Ergonomics) 1656M->1656M(1720M) 514.080ms
[30.938s][info][gc,cpu         ] GC(189) User=3.66s Sys=0.00s Real=0.52s
[30.938s][info][gc,start       ] GC(190) Pause Full (Ergonomics)
[30.938s][info][gc,phases,start] GC(190) Marking Phase
[31.322s][info][gc,phases      ] GC(190) Marking Phase 383.487ms
[31.322s][info][gc,phases,start] GC(190) Summary Phase
[31.322s][info][gc,phases      ] GC(190) Summary Phase 0.029ms
[31.322s][info][gc,phases,start] GC(190) Adjust Roots
[31.322s][info][gc,phases      ] GC(190) Adjust Roots 0.163ms
[31.322s][info][gc,phases,start] GC(190) Compaction Phase
[31.454s][info][gc,phases      ] GC(190) Compaction Phase 131.864ms
[31.454s][info][gc,phases,start] GC(190) Post Compact
[31.457s][info][gc,phases      ] GC(190) Post Compact 3.251ms
[31.457s][info][gc,heap        ] GC(190) PSYoungGen: 57809K(123392K)->57809K(123392K) Eden: 20480K(20480K)->20480K(20480K) From: 37329K(102912K)->37329K(102912K)
[31.457s][info][gc,heap        ] GC(190) ParOldGen: 1638245K(1638400K)->1638245K(1638400K)
[31.457s][info][gc,metaspace   ] GC(190) Metaspace: 6301K(6464K)->6301K(6464K) NonClass: 5768K(5824K)->5768K(5824K) Class: 533K(640K)->533K(640K)
[31.457s][info][gc             ] GC(190) Pause Full (Ergonomics) 1656M->1656M(1720M) 519.146ms
[31.457s][info][gc,cpu         ] GC(190) User=3.66s Sys=0.00s Real=0.52s
[31.458s][info][gc,start       ] GC(191) Pause Full (Ergonomics)
[31.458s][info][gc,phases,start] GC(191) Marking Phase
[31.837s][info][gc,phases      ] GC(191) Marking Phase 379.718ms
[31.837s][info][gc,phases,start] GC(191) Summary Phase
[31.837s][info][gc,phases      ] GC(191) Summary Phase 0.029ms
[31.837s][info][gc,phases,start] GC(191) Adjust Roots
[31.838s][info][gc,phases      ] GC(191) Adjust Roots 0.159ms
[31.838s][info][gc,phases,start] GC(191) Compaction Phase
[31.965s][info][gc,phases      ] GC(191) Compaction Phase 127.167ms
[31.965s][info][gc,phases,start] GC(191) Post Compact
[31.968s][info][gc,phases      ] GC(191) Post Compact 2.982ms
[31.968s][info][gc,heap        ] GC(191) PSYoungGen: 57809K(123392K)->57809K(123392K) Eden: 20480K(20480K)->20480K(20480K) From: 37329K(102912K)->37329K(102912K)
[31.968s][info][gc,heap        ] GC(191) ParOldGen: 1638250K(1638400K)->1638250K(1638400K)
[31.968s][info][gc,metaspace   ] GC(191) Metaspace: 6301K(6464K)->6301K(6464K) NonClass: 5768K(5824K)->5768K(5824K) Class: 533K(640K)->533K(640K)
[31.968s][info][gc             ] GC(191) Pause Full (Ergonomics) 1656M->1656M(1720M) 510.411ms
[31.968s][info][gc,cpu         ] GC(191) User=3.77s Sys=0.02s Real=0.51s
[31.968s][info][gc,start       ] GC(192) Pause Full (Ergonomics)
[31.968s][info][gc,phases,start] GC(192) Marking Phase
[32.358s][info][gc,phases      ] GC(192) Marking Phase 389.699ms
[32.358s][info][gc,phases,start] GC(192) Summary Phase
[32.358s][info][gc,phases      ] GC(192) Summary Phase 0.030ms
[32.358s][info][gc,phases,start] GC(192) Adjust Roots
[32.358s][info][gc,phases      ] GC(192) Adjust Roots 0.173ms
[32.358s][info][gc,phases,start] GC(192) Compaction Phase
[32.479s][info][gc,phases      ] GC(192) Compaction Phase 121.010ms
[32.479s][info][gc,phases,start] GC(192) Post Compact
[32.483s][info][gc,phases      ] GC(192) Post Compact 3.365ms
[32.483s][info][gc,heap        ] GC(192) PSYoungGen: 57809K(123392K)->57809K(123392K) Eden: 20480K(20480K)->20480K(20480K) From: 37329K(102912K)->37329K(102912K)
[32.483s][info][gc,heap        ] GC(192) ParOldGen: 1638255K(1638400K)->1638255K(1638400K)
[32.483s][info][gc,metaspace   ] GC(192) Metaspace: 6301K(6464K)->6301K(6464K) NonClass: 5768K(5824K)->5768K(5824K) Class: 533K(640K)->533K(640K)
[32.483s][info][gc             ] GC(192) Pause Full (Ergonomics) 1656M->1656M(1720M) 514.693ms
[32.483s][info][gc,cpu         ] GC(192) User=3.67s Sys=0.00s Real=0.51s
[32.483s][info][gc,start       ] GC(193) Pause Full (Ergonomics)
[32.483s][info][gc,phases,start] GC(193) Marking Phase
[32.858s][info][gc,phases      ] GC(193) Marking Phase 374.478ms
[32.858s][info][gc,phases,start] GC(193) Summary Phase
[32.858s][info][gc,phases      ] GC(193) Summary Phase 0.029ms
[32.858s][info][gc,phases,start] GC(193) Adjust Roots
[32.858s][info][gc,phases      ] GC(193) Adjust Roots 0.204ms
[32.858s][info][gc,phases,start] GC(193) Compaction Phase
[32.987s][info][gc,phases      ] GC(193) Compaction Phase 128.809ms
[32.987s][info][gc,phases,start] GC(193) Post Compact
[32.990s][info][gc,phases      ] GC(193) Post Compact 3.006ms
[32.990s][info][gc,heap        ] GC(193) PSYoungGen: 57809K(123392K)->57809K(123392K) Eden: 20480K(20480K)->20480K(20480K) From: 37329K(102912K)->37329K(102912K)
[32.990s][info][gc,heap        ] GC(193) ParOldGen: 1638259K(1638400K)->1638259K(1638400K)
[32.990s][info][gc,metaspace   ] GC(193) Metaspace: 6301K(6464K)->6301K(6464K) NonClass: 5768K(5824K)->5768K(5824K) Class: 533K(640K)->533K(640K)
[32.990s][info][gc             ] GC(193) Pause Full (Ergonomics) 1656M->1656M(1720M) 506.879ms
[32.990s][info][gc,cpu         ] GC(193) User=3.59s Sys=0.00s Real=0.51s
[32.990s][info][gc,start       ] GC(194) Pause Full (Ergonomics)
[32.990s][info][gc,phases,start] GC(194) Marking Phase
[33.388s][info][gc,phases      ] GC(194) Marking Phase 397.717ms
[33.388s][info][gc,phases,start] GC(194) Summary Phase
[33.388s][info][gc,phases      ] GC(194) Summary Phase 0.049ms
[33.388s][info][gc,phases,start] GC(194) Adjust Roots
[33.388s][info][gc,phases      ] GC(194) Adjust Roots 0.291ms
[33.388s][info][gc,phases,start] GC(194) Compaction Phase
[33.522s][info][gc,phases      ] GC(194) Compaction Phase 133.683ms
[33.522s][info][gc,phases,start] GC(194) Post Compact
[33.525s][info][gc,phases      ] GC(194) Post Compact 3.061ms
[33.525s][info][gc,heap        ] GC(194) PSYoungGen: 57809K(123392K)->57809K(123392K) Eden: 20480K(20480K)->20480K(20480K) From: 37329K(102912K)->37329K(102912K)
[33.525s][info][gc,heap        ] GC(194) ParOldGen: 1638264K(1638400K)->1638264K(1638400K)
[33.525s][info][gc,metaspace   ] GC(194) Metaspace: 6301K(6464K)->6301K(6464K) NonClass: 5768K(5824K)->5768K(5824K) Class: 533K(640K)->533K(640K)
[33.525s][info][gc             ] GC(194) Pause Full (Ergonomics) 1656M->1656M(1720M) 535.213ms
[33.525s][info][gc,cpu         ] GC(194) User=3.91s Sys=0.00s Real=0.53s
[33.526s][info][gc,start       ] GC(195) Pause Full (Ergonomics)
[33.526s][info][gc,phases,start] GC(195) Marking Phase
[33.896s][info][gc,phases      ] GC(195) Marking Phase 370.776ms
[33.897s][info][gc,phases,start] GC(195) Summary Phase
[33.897s][info][gc,phases      ] GC(195) Summary Phase 0.030ms
[33.897s][info][gc,phases,start] GC(195) Adjust Roots
[33.897s][info][gc,phases      ] GC(195) Adjust Roots 0.189ms
[33.897s][info][gc,phases,start] GC(195) Compaction Phase
[34.029s][info][gc,phases      ] GC(195) Compaction Phase 132.161ms
[34.029s][info][gc,phases,start] GC(195) Post Compact
[34.032s][info][gc,phases      ] GC(195) Post Compact 3.056ms
[34.032s][info][gc,heap        ] GC(195) PSYoungGen: 57809K(123392K)->57809K(123392K) Eden: 20480K(20480K)->20480K(20480K) From: 37329K(102912K)->37329K(102912K)
[34.032s][info][gc,heap        ] GC(195) ParOldGen: 1638269K(1638400K)->1638269K(1638400K)
[34.032s][info][gc,metaspace   ] GC(195) Metaspace: 6301K(6464K)->6301K(6464K) NonClass: 5768K(5824K)->5768K(5824K) Class: 533K(640K)->533K(640K)
[34.032s][info][gc             ] GC(195) Pause Full (Ergonomics) 1656M->1656M(1720M) 506.557ms
[34.032s][info][gc,cpu         ] GC(195) User=3.72s Sys=0.00s Real=0.51s
[34.032s][info][gc,start       ] GC(196) Pause Full (Ergonomics)
[34.033s][info][gc,phases,start] GC(196) Marking Phase
[34.406s][info][gc,phases      ] GC(196) Marking Phase 373.243ms
[34.406s][info][gc,phases,start] GC(196) Summary Phase
[34.406s][info][gc,phases      ] GC(196) Summary Phase 0.029ms
[34.406s][info][gc,phases,start] GC(196) Adjust Roots
[34.406s][info][gc,phases      ] GC(196) Adjust Roots 0.180ms
[34.406s][info][gc,phases,start] GC(196) Compaction Phase
[34.540s][info][gc,phases      ] GC(196) Compaction Phase 134.310ms
[34.540s][info][gc,phases,start] GC(196) Post Compact
[34.544s][info][gc,phases      ] GC(196) Post Compact 3.206ms
[34.544s][info][gc,heap        ] GC(196) PSYoungGen: 57809K(123392K)->57809K(123392K) Eden: 20480K(20480K)->20480K(20480K) From: 37329K(102912K)->37329K(102912K)
[34.544s][info][gc,heap        ] GC(196) ParOldGen: 1638273K(1638400K)->1638273K(1638400K)
[34.544s][info][gc,metaspace   ] GC(196) Metaspace: 6301K(6464K)->6301K(6464K) NonClass: 5768K(5824K)->5768K(5824K) Class: 533K(640K)->533K(640K)
[34.544s][info][gc             ] GC(196) Pause Full (Ergonomics) 1656M->1656M(1720M) 511.371ms
[34.544s][info][gc,cpu         ] GC(196) User=3.59s Sys=0.00s Real=0.51s
[34.544s][info][gc,start       ] GC(197) Pause Full (Ergonomics)
[34.544s][info][gc,phases,start] GC(197) Marking Phase
[34.931s][info][gc,phases      ] GC(197) Marking Phase 387.272ms
[34.931s][info][gc,phases,start] GC(197) Summary Phase
[34.932s][info][gc,phases      ] GC(197) Summary Phase 0.028ms
[34.932s][info][gc,phases,start] GC(197) Adjust Roots
[34.932s][info][gc,phases      ] GC(197) Adjust Roots 0.173ms
[34.932s][info][gc,phases,start] GC(197) Compaction Phase
[35.058s][info][gc,phases      ] GC(197) Compaction Phase 126.100ms
[35.058s][info][gc,phases,start] GC(197) Post Compact
[35.061s][info][gc,phases      ] GC(197) Post Compact 3.036ms
[35.061s][info][gc,heap        ] GC(197) PSYoungGen: 57809K(123392K)->57809K(123392K) Eden: 20480K(20480K)->20480K(20480K) From: 37329K(102912K)->37329K(102912K)
[35.061s][info][gc,heap        ] GC(197) ParOldGen: 1638278K(1638400K)->1638278K(1638400K)
[35.061s][info][gc,metaspace   ] GC(197) Metaspace: 6301K(6464K)->6301K(6464K) NonClass: 5768K(5824K)->5768K(5824K) Class: 533K(640K)->533K(640K)
[35.061s][info][gc             ] GC(197) Pause Full (Ergonomics) 1656M->1656M(1720M) 516.983ms
[35.061s][info][gc,cpu         ] GC(197) User=3.78s Sys=0.00s Real=0.52s
[35.061s][info][gc,start       ] GC(198) Pause Full (Ergonomics)
[35.061s][info][gc,phases,start] GC(198) Marking Phase
[35.443s][info][gc,phases      ] GC(198) Marking Phase 382.099ms
[35.443s][info][gc,phases,start] GC(198) Summary Phase
[35.444s][info][gc,phases      ] GC(198) Summary Phase 0.029ms
[35.444s][info][gc,phases,start] GC(198) Adjust Roots
[35.444s][info][gc,phases      ] GC(198) Adjust Roots 0.162ms
[35.444s][info][gc,phases,start] GC(198) Compaction Phase
[35.579s][info][gc,phases      ] GC(198) Compaction Phase 135.600ms
[35.579s][info][gc,phases,start] GC(198) Post Compact
[35.582s][info][gc,phases      ] GC(198) Post Compact 2.977ms
[35.582s][info][gc,heap        ] GC(198) PSYoungGen: 57809K(123392K)->57809K(123392K) Eden: 20480K(20480K)->20480K(20480K) From: 37329K(102912K)->37329K(102912K)
[35.582s][info][gc,heap        ] GC(198) ParOldGen: 1638283K(1638400K)->1638283K(1638400K)
[35.582s][info][gc,metaspace   ] GC(198) Metaspace: 6301K(6464K)->6301K(6464K) NonClass: 5768K(5824K)->5768K(5824K) Class: 533K(640K)->533K(640K)
[35.583s][info][gc             ] GC(198) Pause Full (Ergonomics) 1656M->1656M(1720M) 521.209ms
[35.583s][info][gc,cpu         ] GC(198) User=3.61s Sys=0.00s Real=0.52s
[35.583s][info][gc,start       ] GC(199) Pause Full (Ergonomics)
[35.583s][info][gc,phases,start] GC(199) Marking Phase
[35.956s][info][gc,phases      ] GC(199) Marking Phase 373.526ms
[35.956s][info][gc,phases,start] GC(199) Summary Phase
[35.956s][info][gc,phases      ] GC(199) Summary Phase 0.034ms
[35.956s][info][gc,phases,start] GC(199) Adjust Roots
[35.957s][info][gc,phases      ] GC(199) Adjust Roots 0.168ms
[35.957s][info][gc,phases,start] GC(199) Compaction Phase
[36.083s][info][gc,phases      ] GC(199) Compaction Phase 126.100ms
[36.083s][info][gc,phases,start] GC(199) Post Compact
[36.086s][info][gc,phases      ] GC(199) Post Compact 3.180ms
[36.086s][info][gc,heap        ] GC(199) PSYoungGen: 57809K(123392K)->57809K(123392K) Eden: 20480K(20480K)->20480K(20480K) From: 37329K(102912K)->37329K(102912K)
[36.086s][info][gc,heap        ] GC(199) ParOldGen: 1638287K(1638400K)->1638287K(1638400K)
[36.086s][info][gc,metaspace   ] GC(199) Metaspace: 6301K(6464K)->6301K(6464K) NonClass: 5768K(5824K)->5768K(5824K) Class: 533K(640K)->533K(640K)
[36.086s][info][gc             ] GC(199) Pause Full (Ergonomics) 1656M->1656M(1720M) 503.375ms
[36.086s][info][gc,cpu         ] GC(199) User=3.64s Sys=0.00s Real=0.50s
[36.086s][info][gc,start       ] GC(200) Pause Full (Ergonomics)
[36.086s][info][gc,phases,start] GC(200) Marking Phase
[36.471s][info][gc,phases      ] GC(200) Marking Phase 384.526ms
[36.471s][info][gc,phases,start] GC(200) Summary Phase
[36.471s][info][gc,phases      ] GC(200) Summary Phase 0.028ms
[36.471s][info][gc,phases,start] GC(200) Adjust Roots
[36.471s][info][gc,phases      ] GC(200) Adjust Roots 0.163ms
[36.471s][info][gc,phases,start] GC(200) Compaction Phase
[36.604s][info][gc,phases      ] GC(200) Compaction Phase 133.049ms
[36.604s][info][gc,phases,start] GC(200) Post Compact
[36.607s][info][gc,phases      ] GC(200) Post Compact 2.972ms
[36.607s][info][gc,heap        ] GC(200) PSYoungGen: 57809K(123392K)->57809K(123392K) Eden: 20480K(20480K)->20480K(20480K) From: 37329K(102912K)->37329K(102912K)
[36.607s][info][gc,heap        ] GC(200) ParOldGen: 1638292K(1638400K)->1638292K(1638400K)
[36.607s][info][gc,metaspace   ] GC(200) Metaspace: 6301K(6464K)->6301K(6464K) NonClass: 5768K(5824K)->5768K(5824K) Class: 533K(640K)->533K(640K)
[36.607s][info][gc             ] GC(200) Pause Full (Ergonomics) 1656M->1656M(1720M) 521.084ms
[36.607s][info][gc,cpu         ] GC(200) User=3.70s Sys=0.02s Real=0.52s
[36.608s][info][gc,start       ] GC(201) Pause Full (Ergonomics)
[36.608s][info][gc,phases,start] GC(201) Marking Phase
[36.997s][info][gc,phases      ] GC(201) Marking Phase 389.296ms
[36.997s][info][gc,phases,start] GC(201) Summary Phase
[36.997s][info][gc,phases      ] GC(201) Summary Phase 0.029ms
[36.997s][info][gc,phases,start] GC(201) Adjust Roots
[36.997s][info][gc,phases      ] GC(201) Adjust Roots 0.185ms
[36.997s][info][gc,phases,start] GC(201) Compaction Phase
[37.150s][info][gc,phases      ] GC(201) Compaction Phase 152.914ms
[37.150s][info][gc,phases,start] GC(201) Post Compact
[37.153s][info][gc,phases      ] GC(201) Post Compact 2.922ms
[37.153s][info][gc,heap        ] GC(201) PSYoungGen: 57809K(123392K)->57809K(123392K) Eden: 20480K(20480K)->20480K(20480K) From: 37329K(102912K)->37329K(102912K)
[37.153s][info][gc,heap        ] GC(201) ParOldGen: 1638297K(1638400K)->1638297K(1638400K)
[37.153s][info][gc,metaspace   ] GC(201) Metaspace: 6301K(6464K)->6301K(6464K) NonClass: 5768K(5824K)->5768K(5824K) Class: 533K(640K)->533K(640K)
[37.153s][info][gc             ] GC(201) Pause Full (Ergonomics) 1656M->1656M(1720M) 545.728ms
[37.153s][info][gc,cpu         ] GC(201) User=3.75s Sys=0.00s Real=0.55s
[37.154s][info][gc,start       ] GC(202) Pause Full (Ergonomics)
[37.154s][info][gc,phases,start] GC(202) Marking Phase
[37.550s][info][gc,phases      ] GC(202) Marking Phase 396.270ms
[37.550s][info][gc,phases,start] GC(202) Summary Phase
[37.550s][info][gc,phases      ] GC(202) Summary Phase 0.029ms
[37.550s][info][gc,phases,start] GC(202) Adjust Roots
[37.550s][info][gc,phases      ] GC(202) Adjust Roots 0.160ms
[37.550s][info][gc,phases,start] GC(202) Compaction Phase
[37.678s][info][gc,phases      ] GC(202) Compaction Phase 128.092ms
[37.678s][info][gc,phases,start] GC(202) Post Compact
[37.681s][info][gc,phases      ] GC(202) Post Compact 2.972ms
[37.681s][info][gc,heap        ] GC(202) PSYoungGen: 57809K(123392K)->57809K(123392K) Eden: 20480K(20480K)->20480K(20480K) From: 37329K(102912K)->37329K(102912K)
[37.681s][info][gc,heap        ] GC(202) ParOldGen: 1638301K(1638400K)->1638301K(1638400K)
[37.681s][info][gc,metaspace   ] GC(202) Metaspace: 6301K(6464K)->6301K(6464K) NonClass: 5768K(5824K)->5768K(5824K) Class: 533K(640K)->533K(640K)
[37.681s][info][gc             ] GC(202) Pause Full (Ergonomics) 1656M->1656M(1720M) 527.859ms
[37.681s][info][gc,cpu         ] GC(202) User=3.73s Sys=0.00s Real=0.53s
[37.682s][info][gc,start       ] GC(203) Pause Full (Ergonomics)
[37.682s][info][gc,phases,start] GC(203) Marking Phase
[38.063s][info][gc,phases      ] GC(203) Marking Phase 381.482ms
[38.063s][info][gc,phases,start] GC(203) Summary Phase
[38.063s][info][gc,phases      ] GC(203) Summary Phase 0.029ms
[38.063s][info][gc,phases,start] GC(203) Adjust Roots
[38.063s][info][gc,phases      ] GC(203) Adjust Roots 0.159ms
[38.063s][info][gc,phases,start] GC(203) Compaction Phase
[38.223s][info][gc,phases      ] GC(203) Compaction Phase 159.278ms
[38.223s][info][gc,phases,start] GC(203) Post Compact
[38.226s][info][gc,phases      ] GC(203) Post Compact 2.965ms
[38.226s][info][gc,heap        ] GC(203) PSYoungGen: 57809K(123392K)->57809K(123392K) Eden: 20480K(20480K)->20480K(20480K) From: 37329K(102912K)->37329K(102912K)
[38.226s][info][gc,heap        ] GC(203) ParOldGen: 1638306K(1638400K)->1638306K(1638400K)
[38.226s][info][gc,metaspace   ] GC(203) Metaspace: 6301K(6464K)->6301K(6464K) NonClass: 5768K(5824K)->5768K(5824K) Class: 533K(640K)->533K(640K)
[38.226s][info][gc             ] GC(203) Pause Full (Ergonomics) 1656M->1656M(1720M) 544.257ms
[38.226s][info][gc,cpu         ] GC(203) User=3.69s Sys=0.00s Real=0.54s
[38.226s][info][gc,start       ] GC(204) Pause Full (Ergonomics)
[38.226s][info][gc,phases,start] GC(204) Marking Phase
[38.608s][info][gc,phases      ] GC(204) Marking Phase 381.787ms
[38.608s][info][gc,phases,start] GC(204) Summary Phase
[38.608s][info][gc,phases      ] GC(204) Summary Phase 0.028ms
[38.608s][info][gc,phases,start] GC(204) Adjust Roots
[38.608s][info][gc,phases      ] GC(204) Adjust Roots 0.161ms
[38.608s][info][gc,phases,start] GC(204) Compaction Phase
[38.734s][info][gc,phases      ] GC(204) Compaction Phase 125.332ms
[38.734s][info][gc,phases,start] GC(204) Post Compact
[38.737s][info][gc,phases      ] GC(204) Post Compact 3.208ms
[38.737s][info][gc,heap        ] GC(204) PSYoungGen: 57809K(123392K)->57809K(123392K) Eden: 20480K(20480K)->20480K(20480K) From: 37329K(102912K)->37329K(102912K)
[38.737s][info][gc,heap        ] GC(204) ParOldGen: 1638311K(1638400K)->1638311K(1638400K)
[38.737s][info][gc,metaspace   ] GC(204) Metaspace: 6301K(6464K)->6301K(6464K) NonClass: 5768K(5824K)->5768K(5824K) Class: 533K(640K)->533K(640K)
[38.737s][info][gc             ] GC(204) Pause Full (Ergonomics) 1656M->1656M(1720M) 510.885ms
[38.737s][info][gc,cpu         ] GC(204) User=3.72s Sys=0.00s Real=0.51s
[38.737s][info][gc,start       ] GC(205) Pause Full (Ergonomics)
[38.737s][info][gc,phases,start] GC(205) Marking Phase
[39.117s][info][gc,phases      ] GC(205) Marking Phase 379.841ms
[39.117s][info][gc,phases,start] GC(205) Summary Phase
[39.117s][info][gc,phases      ] GC(205) Summary Phase 0.029ms
[39.117s][info][gc,phases,start] GC(205) Adjust Roots
[39.117s][info][gc,phases      ] GC(205) Adjust Roots 0.161ms
[39.117s][info][gc,phases,start] GC(205) Compaction Phase
[39.245s][info][gc,phases      ] GC(205) Compaction Phase 127.618ms
[39.245s][info][gc,phases,start] GC(205) Post Compact
[39.248s][info][gc,phases      ] GC(205) Post Compact 2.967ms
[39.248s][info][gc,heap        ] GC(205) PSYoungGen: 57809K(123392K)->57809K(123392K) Eden: 20480K(20480K)->20480K(20480K) From: 37329K(102912K)->37329K(102912K)
[39.248s][info][gc,heap        ] GC(205) ParOldGen: 1638315K(1638400K)->1638315K(1638400K)
[39.248s][info][gc,metaspace   ] GC(205) Metaspace: 6301K(6464K)->6301K(6464K) NonClass: 5768K(5824K)->5768K(5824K) Class: 533K(640K)->533K(640K)
[39.248s][info][gc             ] GC(205) Pause Full (Ergonomics) 1656M->1656M(1720M) 510.970ms
[39.248s][info][gc,cpu         ] GC(205) User=3.69s Sys=0.00s Real=0.51s
[39.248s][info][gc,start       ] GC(206) Pause Full (Ergonomics)
[39.248s][info][gc,phases,start] GC(206) Marking Phase
[39.629s][info][gc,phases      ] GC(206) Marking Phase 380.763ms
[39.629s][info][gc,phases,start] GC(206) Summary Phase
[39.629s][info][gc,phases      ] GC(206) Summary Phase 0.030ms
[39.629s][info][gc,phases,start] GC(206) Adjust Roots
[39.630s][info][gc,phases      ] GC(206) Adjust Roots 0.185ms
[39.630s][info][gc,phases,start] GC(206) Compaction Phase
[39.753s][info][gc,phases      ] GC(206) Compaction Phase 123.778ms
[39.753s][info][gc,phases,start] GC(206) Post Compact
[39.756s][info][gc,phases      ] GC(206) Post Compact 2.969ms
[39.756s][info][gc,heap        ] GC(206) PSYoungGen: 57809K(123392K)->57809K(123392K) Eden: 20480K(20480K)->20480K(20480K) From: 37329K(102912K)->37329K(102912K)
[39.756s][info][gc,heap        ] GC(206) ParOldGen: 1638320K(1638400K)->1638320K(1638400K)
[39.756s][info][gc,metaspace   ] GC(206) Metaspace: 6301K(6464K)->6301K(6464K) NonClass: 5768K(5824K)->5768K(5824K) Class: 533K(640K)->533K(640K)
[39.757s][info][gc             ] GC(206) Pause Full (Ergonomics) 1656M->1656M(1720M) 508.084ms
[39.757s][info][gc,cpu         ] GC(206) User=3.59s Sys=0.00s Real=0.51s
[39.757s][info][gc,start       ] GC(207) Pause Full (Ergonomics)
[39.757s][info][gc,phases,start] GC(207) Marking Phase
[40.149s][info][gc,phases      ] GC(207) Marking Phase 392.014ms
[40.149s][info][gc,phases,start] GC(207) Summary Phase
[40.149s][info][gc,phases      ] GC(207) Summary Phase 0.029ms
[40.149s][info][gc,phases,start] GC(207) Adjust Roots
[40.149s][info][gc,phases      ] GC(207) Adjust Roots 0.172ms
[40.149s][info][gc,phases,start] GC(207) Compaction Phase
[40.280s][info][gc,phases      ] GC(207) Compaction Phase 130.725ms
[40.280s][info][gc,phases,start] GC(207) Post Compact
[40.283s][info][gc,phases      ] GC(207) Post Compact 3.019ms
[40.283s][info][gc,heap        ] GC(207) PSYoungGen: 57809K(123392K)->57809K(123392K) Eden: 20480K(20480K)->20480K(20480K) From: 37329K(102912K)->37329K(102912K)
[40.283s][info][gc,heap        ] GC(207) ParOldGen: 1638325K(1638400K)->1638325K(1638400K)
[40.283s][info][gc,metaspace   ] GC(207) Metaspace: 6301K(6464K)->6301K(6464K) NonClass: 5768K(5824K)->5768K(5824K) Class: 533K(640K)->533K(640K)
[40.283s][info][gc             ] GC(207) Pause Full (Ergonomics) 1656M->1656M(1720M) 526.288ms
[40.283s][info][gc,cpu         ] GC(207) User=3.94s Sys=0.00s Real=0.53s
[40.283s][info][gc,start       ] GC(208) Pause Full (Ergonomics)
[40.283s][info][gc,phases,start] GC(208) Marking Phase
[40.677s][info][gc,phases      ] GC(208) Marking Phase 393.568ms
[40.677s][info][gc,phases,start] GC(208) Summary Phase
[40.677s][info][gc,phases      ] GC(208) Summary Phase 0.030ms
[40.677s][info][gc,phases,start] GC(208) Adjust Roots
[40.677s][info][gc,phases      ] GC(208) Adjust Roots 0.186ms
[40.677s][info][gc,phases,start] GC(208) Compaction Phase
[40.810s][info][gc,phases      ] GC(208) Compaction Phase 132.427ms
[40.810s][info][gc,phases,start] GC(208) Post Compact
[40.813s][info][gc,phases      ] GC(208) Post Compact 3.226ms
[40.813s][info][gc,heap        ] GC(208) PSYoungGen: 57809K(123392K)->57809K(123392K) Eden: 20480K(20480K)->20480K(20480K) From: 37329K(102912K)->37329K(102912K)
[40.813s][info][gc,heap        ] GC(208) ParOldGen: 1638329K(1638400K)->1638329K(1638400K)
[40.813s][info][gc,metaspace   ] GC(208) Metaspace: 6301K(6464K)->6301K(6464K) NonClass: 5768K(5824K)->5768K(5824K) Class: 533K(640K)->533K(640K)
[40.813s][info][gc             ] GC(208) Pause Full (Ergonomics) 1656M->1656M(1720M) 529.826ms
[40.813s][info][gc,cpu         ] GC(208) User=3.83s Sys=0.00s Real=0.53s
[40.813s][info][gc,start       ] GC(209) Pause Full (Ergonomics)
[40.813s][info][gc,phases,start] GC(209) Marking Phase
[41.202s][info][gc,phases      ] GC(209) Marking Phase 388.224ms
[41.202s][info][gc,phases,start] GC(209) Summary Phase
[41.202s][info][gc,phases      ] GC(209) Summary Phase 0.043ms
[41.202s][info][gc,phases,start] GC(209) Adjust Roots
[41.202s][info][gc,phases      ] GC(209) Adjust Roots 0.220ms
[41.202s][info][gc,phases,start] GC(209) Compaction Phase
[41.330s][info][gc,phases      ] GC(209) Compaction Phase 127.820ms
[41.330s][info][gc,phases,start] GC(209) Post Compact
[41.333s][info][gc,phases      ] GC(209) Post Compact 3.209ms
[41.333s][info][gc,heap        ] GC(209) PSYoungGen: 57809K(123392K)->57809K(123392K) Eden: 20480K(20480K)->20480K(20480K) From: 37329K(102912K)->37329K(102912K)
[41.333s][info][gc,heap        ] GC(209) ParOldGen: 1638334K(1638400K)->1638334K(1638400K)
[41.333s][info][gc,metaspace   ] GC(209) Metaspace: 6301K(6464K)->6301K(6464K) NonClass: 5768K(5824K)->5768K(5824K) Class: 533K(640K)->533K(640K)
[41.333s][info][gc             ] GC(209) Pause Full (Ergonomics) 1656M->1656M(1720M) 519.914ms
[41.333s][info][gc,cpu         ] GC(209) User=3.72s Sys=0.00s Real=0.52s
[41.333s][info][gc,start       ] GC(210) Pause Full (Ergonomics)
[41.333s][info][gc,phases,start] GC(210) Marking Phase
[41.715s][info][gc,phases      ] GC(210) Marking Phase 381.438ms
[41.715s][info][gc,phases,start] GC(210) Summary Phase
[41.715s][info][gc,phases      ] GC(210) Summary Phase 0.029ms
[41.715s][info][gc,phases,start] GC(210) Adjust Roots
[41.715s][info][gc,phases      ] GC(210) Adjust Roots 0.197ms
[41.715s][info][gc,phases,start] GC(210) Compaction Phase
[41.850s][info][gc,phases      ] GC(210) Compaction Phase 134.527ms
[41.850s][info][gc,phases,start] GC(210) Post Compact
[41.853s][info][gc,phases      ] GC(210) Post Compact 3.212ms
[41.853s][info][gc,heap        ] GC(210) PSYoungGen: 57809K(123392K)->57809K(123392K) Eden: 20480K(20480K)->20480K(20480K) From: 37329K(102912K)->37329K(102912K)
[41.853s][info][gc,heap        ] GC(210) ParOldGen: 1638339K(1638400K)->1638339K(1638400K)
[41.853s][info][gc,metaspace   ] GC(210) Metaspace: 6301K(6464K)->6301K(6464K) NonClass: 5768K(5824K)->5768K(5824K) Class: 533K(640K)->533K(640K)
[41.853s][info][gc             ] GC(210) Pause Full (Ergonomics) 1656M->1656M(1720M) 519.774ms
[41.853s][info][gc,cpu         ] GC(210) User=3.70s Sys=0.00s Real=0.52s
[41.853s][info][gc,start       ] GC(211) Pause Full (Ergonomics)
[41.854s][info][gc,phases,start] GC(211) Marking Phase
[42.233s][info][gc,phases      ] GC(211) Marking Phase 379.942ms
[42.234s][info][gc,phases,start] GC(211) Summary Phase
[42.234s][info][gc,phases      ] GC(211) Summary Phase 0.029ms
[42.234s][info][gc,phases,start] GC(211) Adjust Roots
[42.234s][info][gc,phases      ] GC(211) Adjust Roots 0.164ms
[42.234s][info][gc,phases,start] GC(211) Compaction Phase
[42.359s][info][gc,phases      ] GC(211) Compaction Phase 125.224ms
[42.359s][info][gc,phases,start] GC(211) Post Compact
[42.362s][info][gc,phases      ] GC(211) Post Compact 2.951ms
[42.362s][info][gc,heap        ] GC(211) PSYoungGen: 57809K(123392K)->57809K(123392K) Eden: 20480K(20480K)->20480K(20480K) From: 37329K(102912K)->37329K(102912K)
[42.362s][info][gc,heap        ] GC(211) ParOldGen: 1638343K(1638400K)->1638343K(1638400K)
[42.362s][info][gc,metaspace   ] GC(211) Metaspace: 6301K(6464K)->6301K(6464K) NonClass: 5768K(5824K)->5768K(5824K) Class: 533K(640K)->533K(640K)
[42.362s][info][gc             ] GC(211) Pause Full (Ergonomics) 1656M->1656M(1720M) 508.799ms
[42.362s][info][gc,cpu         ] GC(211) User=3.69s Sys=0.00s Real=0.51s
[42.363s][info][gc,start       ] GC(212) Pause Full (Ergonomics)
[42.363s][info][gc,phases,start] GC(212) Marking Phase
[42.749s][info][gc,phases      ] GC(212) Marking Phase 386.703ms
[42.749s][info][gc,phases,start] GC(212) Summary Phase
[42.749s][info][gc,phases      ] GC(212) Summary Phase 0.030ms
[42.749s][info][gc,phases,start] GC(212) Adjust Roots
[42.750s][info][gc,phases      ] GC(212) Adjust Roots 0.166ms
[42.750s][info][gc,phases,start] GC(212) Compaction Phase
[42.881s][info][gc,phases      ] GC(212) Compaction Phase 131.451ms
[42.881s][info][gc,phases,start] GC(212) Post Compact
[42.884s][info][gc,phases      ] GC(212) Post Compact 3.188ms
[42.884s][info][gc,heap        ] GC(212) PSYoungGen: 57809K(123392K)->57809K(123392K) Eden: 20480K(20480K)->20480K(20480K) From: 37329K(102912K)->37329K(102912K)
[42.884s][info][gc,heap        ] GC(212) ParOldGen: 1638348K(1638400K)->1638348K(1638400K)
[42.884s][info][gc,metaspace   ] GC(212) Metaspace: 6301K(6464K)->6301K(6464K) NonClass: 5768K(5824K)->5768K(5824K) Class: 533K(640K)->533K(640K)
[42.884s][info][gc             ] GC(212) Pause Full (Ergonomics) 1656M->1656M(1720M) 521.886ms
[42.884s][info][gc,cpu         ] GC(212) User=3.80s Sys=0.00s Real=0.52s
[42.885s][info][gc,start       ] GC(213) Pause Full (Ergonomics)
[42.885s][info][gc,phases,start] GC(213) Marking Phase
[43.263s][info][gc,phases      ] GC(213) Marking Phase 377.967ms
[43.263s][info][gc,phases,start] GC(213) Summary Phase
[43.263s][info][gc,phases      ] GC(213) Summary Phase 0.029ms
[43.263s][info][gc,phases,start] GC(213) Adjust Roots
[43.263s][info][gc,phases      ] GC(213) Adjust Roots 0.159ms
[43.263s][info][gc,phases,start] GC(213) Compaction Phase
[43.397s][info][gc,phases      ] GC(213) Compaction Phase 134.175ms
[43.397s][info][gc,phases,start] GC(213) Post Compact
[43.400s][info][gc,phases      ] GC(213) Post Compact 3.017ms
[43.400s][info][gc,heap        ] GC(213) PSYoungGen: 57809K(123392K)->57809K(123392K) Eden: 20480K(20480K)->20480K(20480K) From: 37329K(102912K)->37329K(102912K)
[43.400s][info][gc,heap        ] GC(213) ParOldGen: 1638353K(1638400K)->1638353K(1638400K)
[43.400s][info][gc,metaspace   ] GC(213) Metaspace: 6301K(6464K)->6301K(6464K) NonClass: 5768K(5824K)->5768K(5824K) Class: 533K(640K)->533K(640K)
[43.400s][info][gc             ] GC(213) Pause Full (Ergonomics) 1656M->1656M(1720M) 515.675ms
[43.400s][info][gc,cpu         ] GC(213) User=3.72s Sys=0.00s Real=0.52s
[43.401s][info][gc,start       ] GC(214) Pause Full (Ergonomics)
[43.401s][info][gc,phases,start] GC(214) Marking Phase
[43.780s][info][gc,phases      ] GC(214) Marking Phase 379.086ms
[43.780s][info][gc,phases,start] GC(214) Summary Phase
[43.780s][info][gc,phases      ] GC(214) Summary Phase 0.029ms
[43.780s][info][gc,phases,start] GC(214) Adjust Roots
[43.780s][info][gc,phases      ] GC(214) Adjust Roots 0.164ms
[43.780s][info][gc,phases,start] GC(214) Compaction Phase
[43.916s][info][gc,phases      ] GC(214) Compaction Phase 135.953ms
[43.916s][info][gc,phases,start] GC(214) Post Compact
[43.919s][info][gc,phases      ] GC(214) Post Compact 3.337ms
[43.919s][info][gc,heap        ] GC(214) PSYoungGen: 57809K(123392K)->57809K(123392K) Eden: 20480K(20480K)->20480K(20480K) From: 37329K(102912K)->37329K(102912K)
[43.919s][info][gc,heap        ] GC(214) ParOldGen: 1638357K(1638400K)->1638357K(1638400K)
[43.919s][info][gc,metaspace   ] GC(214) Metaspace: 6301K(6464K)->6301K(6464K) NonClass: 5768K(5824K)->5768K(5824K) Class: 533K(640K)->533K(640K)
[43.920s][info][gc             ] GC(214) Pause Full (Ergonomics) 1656M->1656M(1720M) 518.999ms
[43.920s][info][gc,cpu         ] GC(214) User=3.69s Sys=0.00s Real=0.52s
[43.920s][info][gc,start       ] GC(215) Pause Full (Ergonomics)
[43.920s][info][gc,phases,start] GC(215) Marking Phase
[44.305s][info][gc,phases      ] GC(215) Marking Phase 384.836ms
[44.305s][info][gc,phases,start] GC(215) Summary Phase
[44.305s][info][gc,phases      ] GC(215) Summary Phase 0.029ms
[44.305s][info][gc,phases,start] GC(215) Adjust Roots
[44.305s][info][gc,phases      ] GC(215) Adjust Roots 0.164ms
[44.305s][info][gc,phases,start] GC(215) Compaction Phase
[44.432s][info][gc,phases      ] GC(215) Compaction Phase 127.266ms
[44.432s][info][gc,phases,start] GC(215) Post Compact
[44.435s][info][gc,phases      ] GC(215) Post Compact 2.993ms
[44.435s][info][gc,heap        ] GC(215) PSYoungGen: 57809K(123392K)->57809K(123392K) Eden: 20480K(20480K)->20480K(20480K) From: 37329K(102912K)->37329K(102912K)
[44.435s][info][gc,heap        ] GC(215) ParOldGen: 1638362K(1638400K)->1638362K(1638400K)
[44.435s][info][gc,metaspace   ] GC(215) Metaspace: 6301K(6464K)->6301K(6464K) NonClass: 5768K(5824K)->5768K(5824K) Class: 533K(640K)->533K(640K)
[44.435s][info][gc             ] GC(215) Pause Full (Ergonomics) 1656M->1656M(1720M) 515.638ms
[44.435s][info][gc,cpu         ] GC(215) User=3.72s Sys=0.00s Real=0.52s
[44.436s][info][gc,start       ] GC(216) Pause Full (Ergonomics)
[44.436s][info][gc,phases,start] GC(216) Marking Phase
[44.812s][info][gc,phases      ] GC(216) Marking Phase 375.869ms
[44.812s][info][gc,phases,start] GC(216) Summary Phase
[44.812s][info][gc,phases      ] GC(216) Summary Phase 0.030ms
[44.812s][info][gc,phases,start] GC(216) Adjust Roots
[44.812s][info][gc,phases      ] GC(216) Adjust Roots 0.157ms
[44.812s][info][gc,phases,start] GC(216) Compaction Phase
[44.943s][info][gc,phases      ] GC(216) Compaction Phase 131.330ms
[44.943s][info][gc,phases,start] GC(216) Post Compact
[44.946s][info][gc,phases      ] GC(216) Post Compact 3.004ms
[44.946s][info][gc,heap        ] GC(216) PSYoungGen: 57809K(123392K)->57809K(123392K) Eden: 20480K(20480K)->20480K(20480K) From: 37329K(102912K)->37329K(102912K)
[44.946s][info][gc,heap        ] GC(216) ParOldGen: 1638367K(1638400K)->1638367K(1638400K)
[44.946s][info][gc,metaspace   ] GC(216) Metaspace: 6301K(6464K)->6301K(6464K) NonClass: 5768K(5824K)->5768K(5824K) Class: 533K(640K)->533K(640K)
[44.946s][info][gc             ] GC(216) Pause Full (Ergonomics) 1656M->1656M(1720M) 510.737ms
[44.946s][info][gc,cpu         ] GC(216) User=3.61s Sys=0.00s Real=0.51s
[44.947s][info][gc,start       ] GC(217) Pause Full (Ergonomics)
[44.947s][info][gc,phases,start] GC(217) Marking Phase
[45.333s][info][gc,phases      ] GC(217) Marking Phase 385.950ms
[45.333s][info][gc,phases,start] GC(217) Summary Phase
[45.333s][info][gc,phases      ] GC(217) Summary Phase 0.029ms
[45.333s][info][gc,phases,start] GC(217) Adjust Roots
[45.333s][info][gc,phases      ] GC(217) Adjust Roots 0.162ms
[45.333s][info][gc,phases,start] GC(217) Compaction Phase
[45.467s][info][gc,phases      ] GC(217) Compaction Phase 134.151ms
[45.467s][info][gc,phases,start] GC(217) Post Compact
[45.470s][info][gc,phases      ] GC(217) Post Compact 3.046ms
[45.470s][info][gc,heap        ] GC(217) PSYoungGen: 57809K(123392K)->57809K(123392K) Eden: 20480K(20480K)->20480K(20480K) From: 37329K(102912K)->37329K(102912K)
[45.470s][info][gc,heap        ] GC(217) ParOldGen: 1638371K(1638400K)->1638371K(1638400K)
[45.470s][info][gc,metaspace   ] GC(217) Metaspace: 6301K(6464K)->6301K(6464K) NonClass: 5768K(5824K)->5768K(5824K) Class: 533K(640K)->533K(640K)
[45.470s][info][gc             ] GC(217) Pause Full (Ergonomics) 1656M->1656M(1720M) 523.671ms
[45.470s][info][gc,cpu         ] GC(217) User=3.72s Sys=0.00s Real=0.52s
[45.470s][info][gc,start       ] GC(218) Pause Full (Ergonomics)
[45.471s][info][gc,phases,start] GC(218) Marking Phase
[45.861s][info][gc,phases      ] GC(218) Marking Phase 390.454ms
[45.861s][info][gc,phases,start] GC(218) Summary Phase
[45.861s][info][gc,phases      ] GC(218) Summary Phase 0.029ms
[45.861s][info][gc,phases,start] GC(218) Adjust Roots
[45.861s][info][gc,phases      ] GC(218) Adjust Roots 0.160ms
[45.861s][info][gc,phases,start] GC(218) Compaction Phase
[45.989s][info][gc,phases      ] GC(218) Compaction Phase 127.963ms
[45.989s][info][gc,phases,start] GC(218) Post Compact
[45.992s][info][gc,phases      ] GC(218) Post Compact 2.978ms
[45.992s][info][gc,heap        ] GC(218) PSYoungGen: 57809K(123392K)->57809K(123392K) Eden: 20480K(20480K)->20480K(20480K) From: 37329K(102912K)->37329K(102912K)
[45.992s][info][gc,heap        ] GC(218) ParOldGen: 1638376K(1638400K)->1638376K(1638400K)
[45.992s][info][gc,metaspace   ] GC(218) Metaspace: 6301K(6464K)->6301K(6464K) NonClass: 5768K(5824K)->5768K(5824K) Class: 533K(640K)->533K(640K)
[45.992s][info][gc             ] GC(218) Pause Full (Ergonomics) 1656M->1656M(1720M) 521.933ms
[45.992s][info][gc,cpu         ] GC(218) User=3.83s Sys=0.00s Real=0.52s
[45.993s][info][gc,start       ] GC(219) Pause Full (Ergonomics)
[45.993s][info][gc,phases,start] GC(219) Marking Phase
[46.376s][info][gc,phases      ] GC(219) Marking Phase 382.868ms
[46.376s][info][gc,phases,start] GC(219) Summary Phase
[46.376s][info][gc,phases      ] GC(219) Summary Phase 0.040ms
[46.376s][info][gc,phases,start] GC(219) Adjust Roots
[46.376s][info][gc,phases      ] GC(219) Adjust Roots 0.176ms
[46.376s][info][gc,phases,start] GC(219) Compaction Phase
[46.506s][info][gc,phases      ] GC(219) Compaction Phase 130.318ms
[46.506s][info][gc,phases,start] GC(219) Post Compact
[46.509s][info][gc,phases      ] GC(219) Post Compact 2.984ms
[46.509s][info][gc,heap        ] GC(219) PSYoungGen: 57809K(123392K)->57809K(123392K) Eden: 20480K(20480K)->20480K(20480K) From: 37329K(102912K)->37329K(102912K)
[46.509s][info][gc,heap        ] GC(219) ParOldGen: 1638381K(1638400K)->1638381K(1638400K)
[46.509s][info][gc,metaspace   ] GC(219) Metaspace: 6301K(6464K)->6301K(6464K) NonClass: 5768K(5824K)->5768K(5824K) Class: 533K(640K)->533K(640K)
[46.509s][info][gc             ] GC(219) Pause Full (Ergonomics) 1656M->1656M(1720M) 516.769ms
[46.509s][info][gc,cpu         ] GC(219) User=3.72s Sys=0.00s Real=0.52s
[46.510s][info][gc,start       ] GC(220) Pause Full (Ergonomics)
[46.510s][info][gc,phases,start] GC(220) Marking Phase
[46.898s][info][gc,phases      ] GC(220) Marking Phase 388.051ms
[46.898s][info][gc,phases,start] GC(220) Summary Phase
[46.898s][info][gc,phases      ] GC(220) Summary Phase 0.029ms
[46.898s][info][gc,phases,start] GC(220) Adjust Roots
[46.898s][info][gc,phases      ] GC(220) Adjust Roots 0.161ms
[46.898s][info][gc,phases,start] GC(220) Compaction Phase
[47.030s][info][gc,phases      ] GC(220) Compaction Phase 131.994ms
[47.030s][info][gc,phases,start] GC(220) Post Compact
[47.033s][info][gc,phases      ] GC(220) Post Compact 3.204ms
[47.033s][info][gc,heap        ] GC(220) PSYoungGen: 57809K(123392K)->57809K(123392K) Eden: 20480K(20480K)->20480K(20480K) From: 37329K(102912K)->37329K(102912K)
[47.033s][info][gc,heap        ] GC(220) ParOldGen: 1638385K(1638400K)->1638385K(1638400K)
[47.033s][info][gc,metaspace   ] GC(220) Metaspace: 6301K(6464K)->6301K(6464K) NonClass: 5768K(5824K)->5768K(5824K) Class: 533K(640K)->533K(640K)
[47.033s][info][gc             ] GC(220) Pause Full (Ergonomics) 1656M->1656M(1720M) 523.827ms
[47.033s][info][gc,cpu         ] GC(220) User=3.84s Sys=0.00s Real=0.52s
[47.034s][info][gc,start       ] GC(221) Pause Full (Ergonomics)
[47.034s][info][gc,phases,start] GC(221) Marking Phase
[47.408s][info][gc,phases      ] GC(221) Marking Phase 374.421ms
[47.408s][info][gc,phases,start] GC(221) Summary Phase
[47.408s][info][gc,phases      ] GC(221) Summary Phase 0.034ms
[47.408s][info][gc,phases,start] GC(221) Adjust Roots
[47.408s][info][gc,phases      ] GC(221) Adjust Roots 0.185ms
[47.408s][info][gc,phases,start] GC(221) Compaction Phase
[47.542s][info][gc,phases      ] GC(221) Compaction Phase 133.210ms
[47.542s][info][gc,phases,start] GC(221) Post Compact
[47.545s][info][gc,phases      ] GC(221) Post Compact 3.281ms
[47.545s][info][gc,heap        ] GC(221) PSYoungGen: 57809K(123392K)->57809K(123392K) Eden: 20480K(20480K)->20480K(20480K) From: 37329K(102912K)->37329K(102912K)
[47.545s][info][gc,heap        ] GC(221) ParOldGen: 1638390K(1638400K)->1638390K(1638400K)
[47.545s][info][gc,metaspace   ] GC(221) Metaspace: 6301K(6464K)->6301K(6464K) NonClass: 5768K(5824K)->5768K(5824K) Class: 533K(640K)->533K(640K)
[47.545s][info][gc             ] GC(221) Pause Full (Ergonomics) 1656M->1656M(1720M) 511.524ms
[47.545s][info][gc,cpu         ] GC(221) User=3.66s Sys=0.00s Real=0.51s
[47.545s][info][gc,start       ] GC(222) Pause Full (Ergonomics)
[47.546s][info][gc,phases,start] GC(222) Marking Phase
[47.924s][info][gc,phases      ] GC(222) Marking Phase 378.155ms
[47.924s][info][gc,phases,start] GC(222) Summary Phase
[47.924s][info][gc,phases      ] GC(222) Summary Phase 0.028ms
[47.924s][info][gc,phases,start] GC(222) Adjust Roots
[47.924s][info][gc,phases      ] GC(222) Adjust Roots 0.188ms
[47.924s][info][gc,phases,start] GC(222) Compaction Phase
[48.059s][info][gc,phases      ] GC(222) Compaction Phase 135.290ms
[48.059s][info][gc,phases,start] GC(222) Post Compact
[48.062s][info][gc,phases      ] GC(222) Post Compact 2.978ms
[48.062s][info][gc,heap        ] GC(222) PSYoungGen: 57809K(123392K)->57809K(123392K) Eden: 20480K(20480K)->20480K(20480K) From: 37329K(102912K)->37329K(102912K)
[48.062s][info][gc,heap        ] GC(222) ParOldGen: 1638395K(1638400K)->1638395K(1638400K)
[48.062s][info][gc,metaspace   ] GC(222) Metaspace: 6301K(6464K)->6301K(6464K) NonClass: 5768K(5824K)->5768K(5824K) Class: 533K(640K)->533K(640K)
[48.062s][info][gc             ] GC(222) Pause Full (Ergonomics) 1656M->1656M(1720M) 516.971ms
[48.062s][info][gc,cpu         ] GC(222) User=3.61s Sys=0.00s Real=0.52s
[48.063s][info][gc,start       ] GC(223) Pause Full (Ergonomics)
[48.063s][info][gc,phases,start] GC(223) Marking Phase
[48.448s][info][gc,phases      ] GC(223) Marking Phase 385.254ms
[48.448s][info][gc,phases,start] GC(223) Summary Phase
[48.448s][info][gc,phases      ] GC(223) Summary Phase 0.028ms
[48.448s][info][gc,phases,start] GC(223) Adjust Roots
[48.448s][info][gc,phases      ] GC(223) Adjust Roots 0.176ms
[48.448s][info][gc,phases,start] GC(223) Compaction Phase
[48.581s][info][gc,phases      ] GC(223) Compaction Phase 133.190ms
[48.581s][info][gc,phases,start] GC(223) Post Compact
[48.585s][info][gc,phases      ] GC(223) Post Compact 3.074ms
[48.585s][info][gc,heap        ] GC(223) PSYoungGen: 57809K(123392K)->57809K(123392K) Eden: 20480K(20480K)->20480K(20480K) From: 37329K(102912K)->37329K(102912K)
[48.585s][info][gc,heap        ] GC(223) ParOldGen: 1638399K(1638400K)->1638399K(1638400K)
[48.585s][info][gc,metaspace   ] GC(223) Metaspace: 6301K(6464K)->6301K(6464K) NonClass: 5768K(5824K)->5768K(5824K) Class: 533K(640K)->533K(640K)
[48.585s][info][gc             ] GC(223) Pause Full (Ergonomics) 1656M->1656M(1720M) 522.040ms
[48.585s][info][gc,cpu         ] GC(223) User=3.81s Sys=0.00s Real=0.52s
[48.585s][info][gc,start       ] GC(224) Pause Full (Ergonomics)
[48.585s][info][gc,phases,start] GC(224) Marking Phase
[48.974s][info][gc,phases      ] GC(224) Marking Phase 388.867ms
[48.974s][info][gc,phases,start] GC(224) Summary Phase
[48.974s][info][gc,phases      ] GC(224) Summary Phase 0.029ms
[48.974s][info][gc,phases,start] GC(224) Adjust Roots
[48.974s][info][gc,phases      ] GC(224) Adjust Roots 0.183ms
[48.974s][info][gc,phases,start] GC(224) Compaction Phase
[49.099s][info][gc,phases      ] GC(224) Compaction Phase 124.922ms
[49.099s][info][gc,phases,start] GC(224) Post Compact
[49.102s][info][gc,phases      ] GC(224) Post Compact 2.978ms
[49.102s][info][gc,heap        ] GC(224) PSYoungGen: 57809K(123392K)->57809K(123392K) Eden: 20480K(20480K)->20480K(20480K) From: 37329K(102912K)->37329K(102912K)
[49.102s][info][gc,heap        ] GC(224) ParOldGen: 1638399K(1638400K)->1638399K(1638400K)
[49.102s][info][gc,metaspace   ] GC(224) Metaspace: 6301K(6464K)->6301K(6464K) NonClass: 5768K(5824K)->5768K(5824K) Class: 533K(640K)->533K(640K)
[49.102s][info][gc             ] GC(224) Pause Full (Ergonomics) 1656M->1656M(1720M) 517.430ms
[49.102s][info][gc,cpu         ] GC(224) User=3.86s Sys=0.00s Real=0.52s
[49.102s][info][gc,start       ] GC(225) Pause Full (Allocation Failure)
[49.102s][info][gc,phases,start] GC(225) Marking Phase
[49.486s][info][gc,phases      ] GC(225) Marking Phase 383.823ms
[49.486s][info][gc,phases,start] GC(225) Summary Phase
[49.486s][info][gc,phases      ] GC(225) Summary Phase 0.035ms
[49.486s][info][gc,phases,start] GC(225) Adjust Roots
[49.487s][info][gc,phases      ] GC(225) Adjust Roots 0.383ms
[49.487s][info][gc,phases,start] GC(225) Compaction Phase
[49.912s][info][gc,phases      ] GC(225) Compaction Phase 424.926ms
[49.912s][info][gc,phases,start] GC(225) Post Compact
[49.915s][info][gc,phases      ] GC(225) Post Compact 3.301ms
[49.915s][info][gc,heap        ] GC(225) PSYoungGen: 57809K(123392K)->57809K(123392K) Eden: 20480K(20480K)->20480K(20480K) From: 37329K(102912K)->37329K(102912K)
[49.915s][info][gc,heap        ] GC(225) ParOldGen: 1638399K(1638400K)->1638395K(1638400K)
[49.915s][info][gc,metaspace   ] GC(225) Metaspace: 6301K(6464K)->6300K(6464K) NonClass: 5768K(5824K)->5767K(5824K) Class: 533K(640K)->532K(640K)
[49.915s][info][gc             ] GC(225) Pause Full (Allocation Failure) 1656M->1656M(1720M) 812.826ms
[49.915s][info][gc,cpu         ] GC(225) User=6.00s Sys=0.00s Real=0.81s
[49.916s][info][gc,start       ] GC(226) Pause Full (Ergonomics)
[49.916s][info][gc,phases,start] GC(226) Marking Phase
[50.305s][info][gc,phases      ] GC(226) Marking Phase 389.668ms
[50.305s][info][gc,phases,start] GC(226) Summary Phase
[50.305s][info][gc,phases      ] GC(226) Summary Phase 0.029ms
[50.305s][info][gc,phases,start] GC(226) Adjust Roots
[50.306s][info][gc,phases      ] GC(226) Adjust Roots 0.163ms
[50.306s][info][gc,phases,start] GC(226) Compaction Phase
[50.441s][info][gc,phases      ] GC(226) Compaction Phase 135.512ms
[50.441s][info][gc,phases,start] GC(226) Post Compact
[50.444s][info][gc,phases      ] GC(226) Post Compact 2.974ms
[50.444s][info][gc,heap        ] GC(226) PSYoungGen: 57809K(123392K)->57809K(123392K) Eden: 20480K(20480K)->20480K(20480K) From: 37329K(102912K)->37329K(102912K)
[50.444s][info][gc,heap        ] GC(226) ParOldGen: 1638399K(1638400K)->1638399K(1638400K)
[50.444s][info][gc,metaspace   ] GC(226) Metaspace: 6300K(6464K)->6300K(6464K) NonClass: 5767K(5824K)->5767K(5824K) Class: 532K(640K)->532K(640K)
[50.444s][info][gc             ] GC(226) Pause Full (Ergonomics) 1656M->1656M(1720M) 528.667ms
[50.444s][info][gc,cpu         ] GC(226) User=3.88s Sys=0.00s Real=0.53s
[50.444s][info][gc,start       ] GC(227) Pause Full (Allocation Failure)
[50.444s][info][gc,phases,start] GC(227) Marking Phase
[50.813s][info][gc,phases      ] GC(227) Marking Phase 368.934ms
[50.813s][info][gc,phases,start] GC(227) Summary Phase
[50.813s][info][gc,phases      ] GC(227) Summary Phase 0.029ms
[50.813s][info][gc,phases,start] GC(227) Adjust Roots
[50.814s][info][gc,phases      ] GC(227) Adjust Roots 0.161ms
[50.814s][info][gc,phases,start] GC(227) Compaction Phase
[50.940s][info][gc,phases      ] GC(227) Compaction Phase 126.070ms
[50.940s][info][gc,phases,start] GC(227) Post Compact
[50.943s][info][gc,phases      ] GC(227) Post Compact 2.979ms
[50.943s][info][gc,heap        ] GC(227) PSYoungGen: 57809K(123392K)->57809K(123392K) Eden: 20480K(20480K)->20480K(20480K) From: 37329K(102912K)->37329K(102912K)
[50.943s][info][gc,heap        ] GC(227) ParOldGen: 1638399K(1638400K)->1638399K(1638400K)
[50.943s][info][gc,metaspace   ] GC(227) Metaspace: 6300K(6464K)->6300K(6464K) NonClass: 5767K(5824K)->5767K(5824K) Class: 532K(640K)->532K(640K)
[50.943s][info][gc             ] GC(227) Pause Full (Allocation Failure) 1656M->1656M(1720M) 498.488ms
[50.943s][info][gc,cpu         ] GC(227) User=3.73s Sys=0.00s Real=0.50s
[50.944s][info][gc,start       ] GC(228) Pause Full (Ergonomics)
[50.944s][info][gc,phases,start] GC(228) Marking Phase
[51.323s][info][gc,phases      ] GC(228) Marking Phase 379.007ms
[51.323s][info][gc,phases,start] GC(228) Summary Phase
[51.323s][info][gc,phases      ] GC(228) Summary Phase 0.029ms
[51.323s][info][gc,phases,start] GC(228) Adjust Roots
[51.323s][info][gc,phases      ] GC(228) Adjust Roots 0.243ms
[51.323s][info][gc,phases,start] GC(228) Compaction Phase
[51.753s][info][gc,phases      ] GC(228) Compaction Phase 430.270ms
[51.753s][info][gc,phases,start] GC(228) Post Compact
[51.757s][info][gc,phases      ] GC(228) Post Compact 3.151ms
[51.757s][info][gc,heap        ] GC(228) PSYoungGen: 57809K(123392K)->57809K(123392K) Eden: 20480K(20480K)->20480K(20480K) From: 37329K(102912K)->37329K(102912K)
[51.757s][info][gc,heap        ] GC(228) ParOldGen: 1638399K(1638400K)->1638398K(1638400K)
[51.757s][info][gc,metaspace   ] GC(228) Metaspace: 6300K(6464K)->6300K(6464K) NonClass: 5767K(5824K)->5767K(5824K) Class: 532K(640K)->532K(640K)
[51.757s][info][gc             ] GC(228) Pause Full (Ergonomics) 1656M->1656M(1720M) 813.037ms
[51.757s][info][gc,cpu         ] GC(228) User=6.02s Sys=0.00s Real=0.81s
[51.758s][info][gc,start       ] GC(229) Pause Full (Ergonomics)
[51.758s][info][gc,phases,start] GC(229) Marking Phase
[52.139s][info][gc,phases      ] GC(229) Marking Phase 381.195ms
[52.139s][info][gc,phases,start] GC(229) Summary Phase
[52.139s][info][gc,phases      ] GC(229) Summary Phase 0.029ms
[52.139s][info][gc,phases,start] GC(229) Adjust Roots
[52.139s][info][gc,phases      ] GC(229) Adjust Roots 0.230ms
[52.139s][info][gc,phases,start] GC(229) Compaction Phase
[52.570s][info][gc,phases      ] GC(229) Compaction Phase 430.186ms
[52.570s][info][gc,phases,start] GC(229) Post Compact
[52.573s][info][gc,phases      ] GC(229) Post Compact 3.239ms
[52.573s][info][gc,heap        ] GC(229) PSYoungGen: 57809K(123392K)->57809K(123392K) Eden: 20480K(20480K)->20480K(20480K) From: 37329K(102912K)->37329K(102912K)
[52.573s][info][gc,heap        ] GC(229) ParOldGen: 1638399K(1638400K)->1638397K(1638400K)
[52.573s][info][gc,metaspace   ] GC(229) Metaspace: 6301K(6464K)->6301K(6464K) NonClass: 5767K(5824K)->5767K(5824K) Class: 533K(640K)->533K(640K)
[52.573s][info][gc             ] GC(229) Pause Full (Ergonomics) 1656M->1656M(1720M) 815.249ms
[52.573s][info][gc,cpu         ] GC(229) User=5.89s Sys=0.00s Real=0.82s
[52.574s][info][gc,heap,exit   ] Heap
[52.574s][info][gc,heap,exit   ]  PSYoungGen      total 123392K, used 57809K [0x00000007ce000000, 0x00000007dbd80000, 0x0000000800000000)
[52.574s][info][gc,heap,exit   ]   eden space 20480K, 100% used [0x00000007ce000000,0x00000007cf400000,0x00000007cf400000)
[52.574s][info][gc,heap,exit   ]   from space 102912K, 36% used [0x00000007cf400000,0x00000007d18744f0,0x00000007d5880000)
[52.574s][info][gc,heap,exit   ]   to   space 101888K, 0% used [0x00000007d5a00000,0x00000007d5a00000,0x00000007dbd80000)
[52.574s][info][gc,heap,exit   ]  ParOldGen       total 1638400K, used 1638397K [0x000000076a000000, 0x00000007ce000000, 0x00000007ce000000)
[52.574s][info][gc,heap,exit   ]   object space 1638400K, 99% used [0x000000076a000000,0x00000007cdfff7d0,0x00000007ce000000)
[52.574s][info][gc,heap,exit   ]  Metaspace       used 6304K, committed 6528K, reserved 1114112K
[52.574s][info][gc,heap,exit   ]   class space    used 534K, committed 640K, reserved 1048576K
