[0.012s][info][gc,init] CardTable entry size: 512
[0.012s][info][gc     ] Using Parallel
[0.014s][info][gc,init] Version: 18.0.1+10 (release)
[0.014s][info][gc,init] CPUs: 8 total, 8 available
[0.014s][info][gc,init] Memory: 16063M
[0.014s][info][gc,init] Large Page Support: Disabled
[0.014s][info][gc,init] NUMA Support: Disabled
[0.014s][info][gc,init] Compressed Oops: Enabled (Zero based)
[0.014s][info][gc,init] Alignments: Space 512K, Generation 512K, Heap 2M
[0.014s][info][gc,init] Heap Min Capacity: 2M
[0.014s][info][gc,init] Heap Initial Capacity: 2M
[0.014s][info][gc,init] Heap Max Capacity: 16600M
[0.014s][info][gc,init] Pre-touch: Disabled
[0.014s][info][gc,init] Parallel Workers: 8
[0.014s][info][gc,metaspace] CDS archive(s) not mapped
[0.014s][info][gc,metaspace] Compressed class space mapped at: 0x0000000800000000-0x0000000840000000, reserved size: 1073741824
[0.014s][info][gc,metaspace] Narrow klass base: 0x0000000800000000, Narrow klass shift: 0, Narrow klass range: 0x40000000
[0.109s][info][gc,start    ] GC(0) Pause Young (Allocation Failure)
[0.110s][info][gc,heap     ] GC(0) PSYoungGen: 512K(1024K)->480K(1024K) Eden: 512K(512K)->0K(512K) From: 0K(512K)->480K(512K)
[0.110s][info][gc,heap     ] GC(0) ParOldGen: 0K(512K)->8K(512K)
[0.110s][info][gc,metaspace] GC(0) Metaspace: 4229K(4352K)->4229K(4352K) NonClass: 3908K(3968K)->3908K(3968K) Class: 321K(384K)->321K(384K)
[0.110s][info][gc          ] GC(0) Pause Young (Allocation Failure) 0M->0M(1M) 1.206ms
[0.110s][info][gc,cpu      ] GC(0) User=0.00s Sys=0.00s Real=0.00s
[0.172s][info][gc,start    ] GC(1) Pause Young (Allocation Failure)
[0.173s][info][gc,heap     ] GC(1) PSYoungGen: 991K(1024K)->512K(1536K) Eden: 511K(512K)->0K(1024K) From: 480K(512K)->512K(512K)
[0.173s][info][gc,heap     ] GC(1) ParOldGen: 8K(512K)->88K(512K)
[0.173s][info][gc,metaspace] GC(1) Metaspace: 5880K(6016K)->5880K(6016K) NonClass: 5383K(5504K)->5383K(5504K) Class: 496K(512K)->496K(512K)
[0.173s][info][gc          ] GC(1) Pause Young (Allocation Failure) 0M->0M(2M) 0.953ms
[0.173s][info][gc,cpu      ] GC(1) User=0.00s Sys=0.00s Real=0.00s
[0.194s][info][gc,start    ] GC(2) Pause Young (Allocation Failure)
[0.195s][info][gc,heap     ] GC(2) PSYoungGen: 1536K(1536K)->512K(1536K) Eden: 1024K(1024K)->0K(1024K) From: 512K(512K)->512K(512K)
[0.195s][info][gc,heap     ] GC(2) ParOldGen: 88K(512K)->504K(512K)
[0.195s][info][gc,metaspace] GC(2) Metaspace: 6298K(6464K)->6298K(6464K) NonClass: 5765K(5824K)->5765K(5824K) Class: 533K(640K)->533K(640K)
[0.196s][info][gc          ] GC(2) Pause Young (Allocation Failure) 1M->0M(2M) 1.450ms
[0.196s][info][gc,cpu      ] GC(2) User=0.00s Sys=0.00s Real=0.00s
[0.196s][info][gc,start    ] GC(3) Pause Full (Ergonomics)
[0.196s][info][gc,phases,start] GC(3) Marking Phase
[0.197s][info][gc,phases      ] GC(3) Marking Phase 0.989ms
[0.197s][info][gc,phases,start] GC(3) Summary Phase
[0.197s][info][gc,phases      ] GC(3) Summary Phase 0.017ms
[0.197s][info][gc,phases,start] GC(3) Adjust Roots
[0.197s][info][gc,phases      ] GC(3) Adjust Roots 0.389ms
[0.197s][info][gc,phases,start] GC(3) Compaction Phase
[0.199s][info][gc,phases      ] GC(3) Compaction Phase 1.771ms
[0.199s][info][gc,phases,start] GC(3) Post Compact
[0.199s][info][gc,phases      ] GC(3) Post Compact 0.088ms
[0.199s][info][gc,heap        ] GC(3) PSYoungGen: 512K(1536K)->511K(1536K) Eden: 0K(1024K)->0K(1024K) From: 512K(512K)->511K(512K)
[0.199s][info][gc,heap        ] GC(3) ParOldGen: 504K(512K)->469K(2048K)
[0.199s][info][gc,metaspace   ] GC(3) Metaspace: 6298K(6464K)->6298K(6464K) NonClass: 5765K(5824K)->5765K(5824K) Class: 533K(640K)->533K(640K)
[0.199s][info][gc             ] GC(3) Pause Full (Ergonomics) 0M->0M(3M) 3.531ms
[0.199s][info][gc,cpu         ] GC(3) User=0.00s Sys=0.00s Real=0.00s
[0.201s][info][gc,start       ] GC(4) Pause Young (Allocation Failure)
[0.202s][info][gc,heap        ] GC(4) PSYoungGen: 1535K(1536K)->480K(2560K) Eden: 1024K(1024K)->0K(2048K) From: 511K(512K)->480K(512K)
[0.202s][info][gc,heap        ] GC(4) ParOldGen: 469K(2048K)->1034K(2048K)
[0.202s][info][gc,metaspace   ] GC(4) Metaspace: 6298K(6464K)->6298K(6464K) NonClass: 5765K(5824K)->5765K(5824K) Class: 533K(640K)->533K(640K)
[0.202s][info][gc             ] GC(4) Pause Young (Allocation Failure) 1M->1M(4M) 1.547ms
[0.202s][info][gc,cpu         ] GC(4) User=0.00s Sys=0.00s Real=0.00s
[0.205s][info][gc,start       ] GC(5) Pause Young (Allocation Failure)
[0.207s][info][gc,heap        ] GC(5) PSYoungGen: 2528K(2560K)->480K(2560K) Eden: 2048K(2048K)->0K(2048K) From: 480K(512K)->480K(512K)
[0.207s][info][gc,heap        ] GC(5) ParOldGen: 1034K(2048K)->2106K(2560K)
[0.207s][info][gc,metaspace   ] GC(5) Metaspace: 6298K(6464K)->6298K(6464K) NonClass: 5765K(5824K)->5765K(5824K) Class: 533K(640K)->533K(640K)
[0.207s][info][gc             ] GC(5) Pause Young (Allocation Failure) 3M->2M(5M) 1.856ms
[0.207s][info][gc,cpu         ] GC(5) User=0.00s Sys=0.00s Real=0.00s
[0.207s][info][gc,start       ] GC(6) Pause Full (Ergonomics)
[0.207s][info][gc,phases,start] GC(6) Marking Phase
[0.209s][info][gc,phases      ] GC(6) Marking Phase 1.568ms
[0.209s][info][gc,phases,start] GC(6) Summary Phase
[0.209s][info][gc,phases      ] GC(6) Summary Phase 0.019ms
[0.209s][info][gc,phases,start] GC(6) Adjust Roots
[0.209s][info][gc,phases      ] GC(6) Adjust Roots 0.348ms
[0.209s][info][gc,phases,start] GC(6) Compaction Phase
[0.212s][info][gc,phases      ] GC(6) Compaction Phase 2.442ms
[0.212s][info][gc,phases,start] GC(6) Post Compact
[0.212s][info][gc,phases      ] GC(6) Post Compact 0.040ms
[0.212s][info][gc,heap        ] GC(6) PSYoungGen: 480K(2560K)->0K(4096K) Eden: 0K(2048K)->0K(3072K) From: 480K(512K)->0K(1024K)
[0.212s][info][gc,heap        ] GC(6) ParOldGen: 2106K(2560K)->2542K(6144K)
[0.212s][info][gc,metaspace   ] GC(6) Metaspace: 6298K(6464K)->6298K(6464K) NonClass: 5765K(5824K)->5765K(5824K) Class: 533K(640K)->533K(640K)
[0.212s][info][gc             ] GC(6) Pause Full (Ergonomics) 2M->2M(10M) 4.809ms
[0.212s][info][gc,cpu         ] GC(6) User=0.00s Sys=0.00s Real=0.00s
[0.217s][info][gc,start       ] GC(7) Pause Young (Allocation Failure)
[0.219s][info][gc,heap        ] GC(7) PSYoungGen: 3072K(4096K)->1696K(5120K) Eden: 3072K(3072K)->0K(3072K) From: 0K(1024K)->1696K(2048K)
[0.219s][info][gc,heap        ] GC(7) ParOldGen: 2542K(6144K)->2542K(6144K)
[0.219s][info][gc,metaspace   ] GC(7) Metaspace: 6298K(6464K)->6298K(6464K) NonClass: 5765K(5824K)->5765K(5824K) Class: 533K(640K)->533K(640K)
[0.219s][info][gc             ] GC(7) Pause Young (Allocation Failure) 5M->4M(11M) 1.978ms
[0.219s][info][gc,cpu         ] GC(7) User=0.00s Sys=0.00s Real=0.00s
[0.224s][info][gc,start       ] GC(8) Pause Young (Allocation Failure)
[0.227s][info][gc,heap        ] GC(8) PSYoungGen: 4768K(5120K)->2016K(5632K) Eden: 3072K(3072K)->0K(3584K) From: 1696K(2048K)->2016K(2048K)
[0.227s][info][gc,heap        ] GC(8) ParOldGen: 2542K(6144K)->3774K(6144K)
[0.227s][info][gc,metaspace   ] GC(8) Metaspace: 6298K(6464K)->6298K(6464K) NonClass: 5765K(5824K)->5765K(5824K) Class: 533K(640K)->533K(640K)
[0.227s][info][gc             ] GC(8) Pause Young (Allocation Failure) 7M->5M(11M) 2.996ms
[0.227s][info][gc,cpu         ] GC(8) User=0.00s Sys=0.00s Real=0.00s
[0.232s][info][gc,start       ] GC(9) Pause Young (Allocation Failure)
[0.235s][info][gc,heap        ] GC(9) PSYoungGen: 5600K(5632K)->3040K(6656K) Eden: 3584K(3584K)->0K(3584K) From: 2016K(2048K)->3040K(3072K)
[0.235s][info][gc,heap        ] GC(9) ParOldGen: 3774K(6144K)->4614K(6144K)
[0.235s][info][gc,metaspace   ] GC(9) Metaspace: 6298K(6464K)->6298K(6464K) NonClass: 5765K(5824K)->5765K(5824K) Class: 533K(640K)->533K(640K)
[0.235s][info][gc             ] GC(9) Pause Young (Allocation Failure) 9M->7M(12M) 3.331ms
[0.235s][info][gc,cpu         ] GC(9) User=0.00s Sys=0.00s Real=0.00s
[0.239s][info][gc,start       ] GC(10) Pause Young (Allocation Failure)
[0.244s][info][gc,heap        ] GC(10) PSYoungGen: 6624K(6656K)->4064K(8704K) Eden: 3584K(3584K)->0K(4608K) From: 3040K(3072K)->4064K(4096K)
[0.244s][info][gc,heap        ] GC(10) ParOldGen: 4614K(6144K)->5454K(6144K)
[0.244s][info][gc,metaspace   ] GC(10) Metaspace: 6298K(6464K)->6298K(6464K) NonClass: 5765K(5824K)->5765K(5824K) Class: 533K(640K)->533K(640K)
[0.244s][info][gc             ] GC(10) Pause Young (Allocation Failure) 10M->9M(14M) 4.338ms
[0.244s][info][gc,cpu         ] GC(10) User=0.00s Sys=0.00s Real=0.00s
[0.244s][info][gc,start       ] GC(11) Pause Full (Ergonomics)
[0.244s][info][gc,phases,start] GC(11) Marking Phase
[0.249s][info][gc,phases      ] GC(11) Marking Phase 4.763ms
[0.249s][info][gc,phases,start] GC(11) Summary Phase
[0.249s][info][gc,phases      ] GC(11) Summary Phase 0.017ms
[0.249s][info][gc,phases,start] GC(11) Adjust Roots
[0.249s][info][gc,phases      ] GC(11) Adjust Roots 0.364ms
[0.249s][info][gc,phases,start] GC(11) Compaction Phase
[0.255s][info][gc,phases      ] GC(11) Compaction Phase 5.511ms
[0.255s][info][gc,phases,start] GC(11) Post Compact
[0.255s][info][gc,phases      ] GC(11) Post Compact 0.053ms
[0.255s][info][gc,heap        ] GC(11) PSYoungGen: 4064K(8704K)->3545K(8704K) Eden: 0K(4608K)->0K(4608K) From: 4064K(4096K)->3545K(4096K)
[0.255s][info][gc,heap        ] GC(11) ParOldGen: 5454K(6144K)->5831K(10752K)
[0.255s][info][gc,metaspace   ] GC(11) Metaspace: 6298K(6464K)->6298K(6464K) NonClass: 5765K(5824K)->5765K(5824K) Class: 533K(640K)->533K(640K)
[0.255s][info][gc             ] GC(11) Pause Full (Ergonomics) 9M->9M(19M) 11.003ms
[0.255s][info][gc,cpu         ] GC(11) User=0.00s Sys=0.00s Real=0.01s
[0.259s][info][gc,start       ] GC(12) Pause Young (Allocation Failure)
[0.264s][info][gc,heap        ] GC(12) PSYoungGen: 8013K(8704K)->5088K(9728K) Eden: 4468K(4608K)->0K(4608K) From: 3545K(4096K)->5088K(5120K)
[0.264s][info][gc,heap        ] GC(12) ParOldGen: 5831K(10752K)->6615K(10752K)
[0.264s][info][gc,metaspace   ] GC(12) Metaspace: 6298K(6464K)->6298K(6464K) NonClass: 5765K(5824K)->5765K(5824K) Class: 533K(640K)->533K(640K)
[0.264s][info][gc             ] GC(12) Pause Young (Allocation Failure) 13M->11M(20M) 4.430ms
[0.264s][info][gc,cpu         ] GC(12) User=0.00s Sys=0.00s Real=0.00s
[0.269s][info][gc,start       ] GC(13) Pause Young (Allocation Failure)
[0.276s][info][gc,heap        ] GC(13) PSYoungGen: 9696K(9728K)->6112K(11264K) Eden: 4608K(4608K)->0K(5120K) From: 5088K(5120K)->6112K(6144K)
[0.277s][info][gc,heap        ] GC(13) ParOldGen: 6615K(10752K)->7983K(10752K)
[0.277s][info][gc,metaspace   ] GC(13) Metaspace: 6298K(6464K)->6298K(6464K) NonClass: 5765K(5824K)->5765K(5824K) Class: 533K(640K)->533K(640K)
[0.277s][info][gc             ] GC(13) Pause Young (Allocation Failure) 15M->13M(21M) 7.495ms
[0.277s][info][gc,cpu         ] GC(13) User=0.00s Sys=0.00s Real=0.01s
[0.281s][info][gc,start       ] GC(14) Pause Young (Allocation Failure)
[0.286s][info][gc,heap        ] GC(14) PSYoungGen: 11232K(11264K)->5248K(12800K) Eden: 5120K(5120K)->0K(5120K) From: 6112K(6144K)->5248K(7680K)
[0.286s][info][gc,heap        ] GC(14) ParOldGen: 7983K(10752K)->11567K(11776K)
[0.286s][info][gc,metaspace   ] GC(14) Metaspace: 6300K(6464K)->6300K(6464K) NonClass: 5767K(5824K)->5767K(5824K) Class: 533K(640K)->533K(640K)
[0.286s][info][gc             ] GC(14) Pause Young (Allocation Failure) 18M->16M(24M) 5.270ms
[0.286s][info][gc,cpu         ] GC(14) User=0.02s Sys=0.00s Real=0.01s
[0.286s][info][gc,start       ] GC(15) Pause Full (Ergonomics)
[0.286s][info][gc,phases,start] GC(15) Marking Phase
[0.294s][info][gc,phases      ] GC(15) Marking Phase 7.852ms
[0.294s][info][gc,phases,start] GC(15) Summary Phase
[0.294s][info][gc,phases      ] GC(15) Summary Phase 0.016ms
[0.294s][info][gc,phases,start] GC(15) Adjust Roots
[0.295s][info][gc,phases      ] GC(15) Adjust Roots 0.216ms
[0.295s][info][gc,phases,start] GC(15) Compaction Phase
[0.302s][info][gc,phases      ] GC(15) Compaction Phase 6.999ms
[0.302s][info][gc,phases,start] GC(15) Post Compact
[0.302s][info][gc,phases      ] GC(15) Post Compact 0.080ms
[0.302s][info][gc,heap        ] GC(15) PSYoungGen: 5248K(12800K)->5194K(12800K) Eden: 0K(5120K)->0K(5120K) From: 5248K(7680K)->5194K(7680K)
[0.302s][info][gc,heap        ] GC(15) ParOldGen: 11567K(11776K)->11456K(18432K)
[0.302s][info][gc,metaspace   ] GC(15) Metaspace: 6300K(6464K)->6300K(6464K) NonClass: 5767K(5824K)->5767K(5824K) Class: 533K(640K)->533K(640K)
[0.302s][info][gc             ] GC(15) Pause Full (Ergonomics) 16M->16M(30M) 15.496ms
[0.302s][info][gc,cpu         ] GC(15) User=0.02s Sys=0.00s Real=0.02s
[0.306s][info][gc,start       ] GC(16) Pause Young (Allocation Failure)
[0.312s][info][gc,heap        ] GC(16) PSYoungGen: 10314K(12800K)->2656K(14336K) Eden: 5120K(5120K)->0K(7168K) From: 5194K(7680K)->2656K(7168K)
[0.312s][info][gc,heap        ] GC(16) ParOldGen: 11456K(18432K)->16736K(18432K)
[0.312s][info][gc,metaspace   ] GC(16) Metaspace: 6300K(6464K)->6300K(6464K) NonClass: 5767K(5824K)->5767K(5824K) Class: 533K(640K)->533K(640K)
[0.312s][info][gc             ] GC(16) Pause Young (Allocation Failure) 21M->18M(32M) 5.962ms
[0.312s][info][gc,cpu         ] GC(16) User=0.00s Sys=0.00s Real=0.01s
[0.312s][info][gc,start       ] GC(17) Pause Full (Ergonomics)
[0.312s][info][gc,phases,start] GC(17) Marking Phase
[0.321s][info][gc,phases      ] GC(17) Marking Phase 9.035ms
[0.321s][info][gc,phases,start] GC(17) Summary Phase
[0.321s][info][gc,phases      ] GC(17) Summary Phase 0.018ms
[0.321s][info][gc,phases,start] GC(17) Adjust Roots
[0.321s][info][gc,phases      ] GC(17) Adjust Roots 0.218ms
[0.321s][info][gc,phases,start] GC(17) Compaction Phase
[0.328s][info][gc,phases      ] GC(17) Compaction Phase 6.911ms
[0.328s][info][gc,phases,start] GC(17) Post Compact
[0.328s][info][gc,phases      ] GC(17) Post Compact 0.092ms
[0.329s][info][gc,heap        ] GC(17) PSYoungGen: 2656K(14336K)->1105K(14848K) Eden: 0K(7168K)->0K(7680K) From: 2656K(7168K)->1105K(7168K)
[0.329s][info][gc,heap        ] GC(17) ParOldGen: 16736K(18432K)->18183K(27648K)
[0.329s][info][gc,metaspace   ] GC(17) Metaspace: 6300K(6464K)->6300K(6464K) NonClass: 5767K(5824K)->5767K(5824K) Class: 533K(640K)->533K(640K)
[0.329s][info][gc             ] GC(17) Pause Full (Ergonomics) 18M->18M(41M) 16.634ms
[0.329s][info][gc,cpu         ] GC(17) User=0.00s Sys=0.00s Real=0.02s
[0.333s][info][gc,start       ] GC(18) Pause Young (Allocation Failure)
[0.337s][info][gc,heap        ] GC(18) PSYoungGen: 7799K(14848K)->3424K(15360K) Eden: 6694K(7680K)->0K(7680K) From: 1105K(7168K)->3424K(7680K)
[0.338s][info][gc,heap        ] GC(18) ParOldGen: 18183K(27648K)->19319K(27648K)
[0.338s][info][gc,metaspace   ] GC(18) Metaspace: 6300K(6464K)->6300K(6464K) NonClass: 5767K(5824K)->5767K(5824K) Class: 533K(640K)->533K(640K)
[0.338s][info][gc             ] GC(18) Pause Young (Allocation Failure) 25M->22M(42M) 4.897ms
[0.338s][info][gc,cpu         ] GC(18) User=0.00s Sys=0.00s Real=0.01s
[0.345s][info][gc,start       ] GC(19) Pause Young (Allocation Failure)
[0.352s][info][gc,heap        ] GC(19) PSYoungGen: 11103K(15360K)->4480K(17920K) Eden: 7679K(7680K)->0K(10240K) From: 3424K(7680K)->4480K(7680K)
[0.352s][info][gc,heap        ] GC(19) ParOldGen: 19319K(27648K)->22767K(27648K)
[0.352s][info][gc,metaspace   ] GC(19) Metaspace: 6300K(6464K)->6300K(6464K) NonClass: 5767K(5824K)->5767K(5824K) Class: 533K(640K)->533K(640K)
[0.352s][info][gc             ] GC(19) Pause Young (Allocation Failure) 29M->26M(44M) 6.545ms
[0.352s][info][gc,cpu         ] GC(19) User=0.02s Sys=0.00s Real=0.01s
[0.358s][info][gc,start       ] GC(20) Pause Young (Allocation Failure)
[0.365s][info][gc,heap        ] GC(20) PSYoungGen: 14720K(17920K)->5312K(17920K) Eden: 10240K(10240K)->0K(10240K) From: 4480K(7680K)->5312K(7680K)
[0.365s][info][gc,heap        ] GC(20) ParOldGen: 22767K(27648K)->27287K(27648K)
[0.365s][info][gc,metaspace   ] GC(20) Metaspace: 6300K(6464K)->6300K(6464K) NonClass: 5767K(5824K)->5767K(5824K) Class: 533K(640K)->533K(640K)
[0.365s][info][gc             ] GC(20) Pause Young (Allocation Failure) 36M->31M(44M) 7.242ms
[0.365s][info][gc,cpu         ] GC(20) User=0.02s Sys=0.00s Real=0.01s
[0.365s][info][gc,start       ] GC(21) Pause Full (Ergonomics)
[0.365s][info][gc,phases,start] GC(21) Marking Phase
[0.378s][info][gc,phases      ] GC(21) Marking Phase 12.582ms
[0.378s][info][gc,phases,start] GC(21) Summary Phase
[0.378s][info][gc,phases      ] GC(21) Summary Phase 0.018ms
[0.378s][info][gc,phases,start] GC(21) Adjust Roots
[0.378s][info][gc,phases      ] GC(21) Adjust Roots 0.179ms
[0.378s][info][gc,phases,start] GC(21) Compaction Phase
[0.390s][info][gc,phases      ] GC(21) Compaction Phase 12.085ms
[0.390s][info][gc,phases,start] GC(21) Post Compact
[0.391s][info][gc,phases      ] GC(21) Post Compact 0.147ms
[0.391s][info][gc,heap        ] GC(21) PSYoungGen: 5312K(17920K)->4779K(17920K) Eden: 0K(10240K)->0K(10240K) From: 5312K(7680K)->4779K(7680K)
[0.391s][info][gc,heap        ] GC(21) ParOldGen: 27287K(27648K)->27140K(38912K)
[0.391s][info][gc,metaspace   ] GC(21) Metaspace: 6300K(6464K)->6300K(6464K) NonClass: 5767K(5824K)->5767K(5824K) Class: 533K(640K)->533K(640K)
[0.391s][info][gc             ] GC(21) Pause Full (Ergonomics) 31M->31M(55M) 25.580ms
[0.391s][info][gc,cpu         ] GC(21) User=0.02s Sys=0.00s Real=0.03s
[0.400s][info][gc,start       ] GC(22) Pause Young (Allocation Failure)
[0.412s][info][gc,heap        ] GC(22) PSYoungGen: 15019K(17920K)->8192K(17920K) Eden: 10240K(10240K)->0K(9728K) From: 4779K(7680K)->8192K(8192K)
[0.412s][info][gc,heap        ] GC(22) ParOldGen: 27140K(38912K)->32956K(38912K)
[0.412s][info][gc,metaspace   ] GC(22) Metaspace: 6300K(6464K)->6300K(6464K) NonClass: 5767K(5824K)->5767K(5824K) Class: 533K(640K)->533K(640K)
[0.412s][info][gc             ] GC(22) Pause Young (Allocation Failure) 41M->40M(55M) 11.715ms
[0.412s][info][gc,cpu         ] GC(22) User=0.02s Sys=0.00s Real=0.01s
[0.412s][info][gc,start       ] GC(23) Pause Full (Ergonomics)
[0.412s][info][gc,phases,start] GC(23) Marking Phase
[0.428s][info][gc,phases      ] GC(23) Marking Phase 16.043ms
[0.428s][info][gc,phases,start] GC(23) Summary Phase
[0.428s][info][gc,phases      ] GC(23) Summary Phase 0.018ms
[0.428s][info][gc,phases,start] GC(23) Adjust Roots
[0.428s][info][gc,phases      ] GC(23) Adjust Roots 0.156ms
[0.428s][info][gc,phases,start] GC(23) Compaction Phase
[0.439s][info][gc,phases      ] GC(23) Compaction Phase 10.716ms
[0.439s][info][gc,phases,start] GC(23) Post Compact
[0.439s][info][gc,phases      ] GC(23) Post Compact 0.192ms
[0.439s][info][gc,heap        ] GC(23) PSYoungGen: 8192K(17920K)->2555K(17920K) Eden: 0K(9728K)->0K(9728K) From: 8192K(8192K)->2555K(8192K)
[0.439s][info][gc,heap        ] GC(23) ParOldGen: 32956K(38912K)->38482K(52736K)
[0.439s][info][gc,metaspace   ] GC(23) Metaspace: 6300K(6464K)->6300K(6464K) NonClass: 5767K(5824K)->5767K(5824K) Class: 533K(640K)->533K(640K)
[0.439s][info][gc             ] GC(23) Pause Full (Ergonomics) 40M->40M(69M) 27.491ms
[0.439s][info][gc,cpu         ] GC(23) User=0.02s Sys=0.00s Real=0.03s
[0.454s][info][gc,start       ] GC(24) Pause Young (Allocation Failure)
[0.464s][info][gc,heap        ] GC(24) PSYoungGen: 12283K(17920K)->9760K(20992K) Eden: 9728K(9728K)->0K(9728K) From: 2555K(8192K)->9760K(11264K)
[0.464s][info][gc,heap        ] GC(24) ParOldGen: 38482K(52736K)->41082K(52736K)
[0.464s][info][gc,metaspace   ] GC(24) Metaspace: 6300K(6464K)->6300K(6464K) NonClass: 5767K(5824K)->5767K(5824K) Class: 533K(640K)->533K(640K)
[0.464s][info][gc             ] GC(24) Pause Young (Allocation Failure) 49M->49M(72M) 9.959ms
[0.464s][info][gc,cpu         ] GC(24) User=0.02s Sys=0.00s Real=0.01s
[0.473s][info][gc,start       ] GC(25) Pause Young (Allocation Failure)
[0.486s][info][gc,heap        ] GC(25) PSYoungGen: 19488K(20992K)->12768K(19968K) Eden: 9728K(9728K)->0K(7168K) From: 9760K(11264K)->12768K(12800K)
[0.486s][info][gc,heap        ] GC(25) ParOldGen: 41082K(52736K)->47858K(52736K)
[0.486s][info][gc,metaspace   ] GC(25) Metaspace: 6300K(6464K)->6300K(6464K) NonClass: 5767K(5824K)->5767K(5824K) Class: 533K(640K)->533K(640K)
[0.486s][info][gc             ] GC(25) Pause Young (Allocation Failure) 59M->59M(71M) 12.474ms
[0.486s][info][gc,cpu         ] GC(25) User=0.00s Sys=0.00s Real=0.01s
[0.486s][info][gc,start       ] GC(26) Pause Full (Ergonomics)
[0.486s][info][gc,phases,start] GC(26) Marking Phase
[0.508s][info][gc,phases      ] GC(26) Marking Phase 22.546ms
[0.509s][info][gc,phases,start] GC(26) Summary Phase
[0.509s][info][gc,phases      ] GC(26) Summary Phase 0.018ms
[0.509s][info][gc,phases,start] GC(26) Adjust Roots
[0.509s][info][gc,phases      ] GC(26) Adjust Roots 0.156ms
[0.509s][info][gc,phases,start] GC(26) Compaction Phase
[0.528s][info][gc,phases      ] GC(26) Compaction Phase 19.133ms
[0.528s][info][gc,phases,start] GC(26) Post Compact
[0.528s][info][gc,phases      ] GC(26) Post Compact 0.232ms
[0.528s][info][gc,heap        ] GC(26) PSYoungGen: 12768K(19968K)->7122K(19968K) Eden: 0K(7168K)->0K(7168K) From: 12768K(12800K)->7122K(12800K)
[0.528s][info][gc,heap        ] GC(26) ParOldGen: 47858K(52736K)->52294K(69120K)
[0.528s][info][gc,metaspace   ] GC(26) Metaspace: 6300K(6464K)->6300K(6464K) NonClass: 5767K(5824K)->5767K(5824K) Class: 533K(640K)->533K(640K)
[0.528s][info][gc             ] GC(26) Pause Full (Ergonomics) 59M->58M(87M) 42.485ms
[0.528s][info][gc,cpu         ] GC(26) User=0.05s Sys=0.00s Real=0.04s
[0.537s][info][gc,start       ] GC(27) Pause Young (Allocation Failure)
[0.550s][info][gc,heap        ] GC(27) PSYoungGen: 14290K(19968K)->7168K(24576K) Eden: 7168K(7168K)->0K(7168K) From: 7122K(12800K)->7168K(17408K)
[0.550s][info][gc,heap        ] GC(27) ParOldGen: 52294K(69120K)->59534K(69120K)
[0.550s][info][gc,metaspace   ] GC(27) Metaspace: 6300K(6464K)->6300K(6464K) NonClass: 5767K(5824K)->5767K(5824K) Class: 533K(640K)->533K(640K)
[0.550s][info][gc             ] GC(27) Pause Young (Allocation Failure) 65M->65M(91M) 13.014ms
[0.551s][info][gc,cpu         ] GC(27) User=0.02s Sys=0.00s Real=0.01s
[0.557s][info][gc,start       ] GC(28) Pause Young (Allocation Failure)
[0.567s][info][gc,heap        ] GC(28) PSYoungGen: 14336K(24576K)->14336K(23040K) Eden: 7168K(7168K)->0K(6656K) From: 7168K(17408K)->14336K(16384K)
[0.567s][info][gc,heap        ] GC(28) ParOldGen: 59534K(69120K)->59534K(69120K)
[0.567s][info][gc,metaspace   ] GC(28) Metaspace: 6300K(6464K)->6300K(6464K) NonClass: 5767K(5824K)->5767K(5824K) Class: 533K(640K)->533K(640K)
[0.567s][info][gc             ] GC(28) Pause Young (Allocation Failure) 72M->72M(90M) 9.551ms
[0.567s][info][gc,cpu         ] GC(28) User=0.02s Sys=0.00s Real=0.01s
[0.573s][info][gc,start       ] GC(29) Pause Young (Allocation Failure)
[0.587s][info][gc,heap        ] GC(29) PSYoungGen: 20992K(23040K)->13824K(25088K) Eden: 6656K(6656K)->0K(6656K) From: 14336K(16384K)->13824K(18432K)
[0.587s][info][gc,heap        ] GC(29) ParOldGen: 59534K(69120K)->66790K(69120K)
[0.587s][info][gc,metaspace   ] GC(29) Metaspace: 6300K(6464K)->6300K(6464K) NonClass: 5767K(5824K)->5767K(5824K) Class: 533K(640K)->533K(640K)
[0.587s][info][gc             ] GC(29) Pause Young (Allocation Failure) 78M->78M(92M) 13.459ms
[0.587s][info][gc,cpu         ] GC(29) User=0.00s Sys=0.00s Real=0.01s
[0.587s][info][gc,start       ] GC(30) Pause Full (Ergonomics)
[0.587s][info][gc,phases,start] GC(30) Marking Phase
[0.618s][info][gc,phases      ] GC(30) Marking Phase 30.716ms
[0.618s][info][gc,phases,start] GC(30) Summary Phase
[0.618s][info][gc,phases      ] GC(30) Summary Phase 0.015ms
[0.618s][info][gc,phases,start] GC(30) Adjust Roots
[0.618s][info][gc,phases      ] GC(30) Adjust Roots 0.200ms
[0.618s][info][gc,phases,start] GC(30) Compaction Phase
[0.638s][info][gc,phases      ] GC(30) Compaction Phase 19.859ms
[0.638s][info][gc,phases,start] GC(30) Post Compact
[0.638s][info][gc,phases      ] GC(30) Post Compact 0.394ms
[0.638s][info][gc,heap        ] GC(30) PSYoungGen: 13824K(25088K)->11209K(25088K) Eden: 0K(6656K)->0K(6656K) From: 13824K(18432K)->11209K(18432K)
[0.638s][info][gc,heap        ] GC(30) ParOldGen: 66790K(69120K)->69110K(89600K)
[0.638s][info][gc,metaspace   ] GC(30) Metaspace: 6300K(6464K)->6300K(6464K) NonClass: 5767K(5824K)->5767K(5824K) Class: 533K(640K)->533K(640K)
[0.638s][info][gc             ] GC(30) Pause Full (Ergonomics) 78M->78M(112M) 51.577ms
[0.638s][info][gc,cpu         ] GC(30) User=0.06s Sys=0.00s Real=0.05s
[0.645s][info][gc,start       ] GC(31) Pause Young (Allocation Failure)
[0.660s][info][gc,heap        ] GC(31) PSYoungGen: 17865K(25088K)->11968K(27648K) Eden: 6656K(6656K)->0K(8192K) From: 11209K(18432K)->11968K(19456K)
[0.660s][info][gc,heap        ] GC(31) ParOldGen: 69110K(89600K)->75134K(89600K)
[0.660s][info][gc,metaspace   ] GC(31) Metaspace: 6300K(6464K)->6300K(6464K) NonClass: 5767K(5824K)->5767K(5824K) Class: 533K(640K)->533K(640K)
[0.660s][info][gc             ] GC(31) Pause Young (Allocation Failure) 84M->85M(114M) 14.956ms
[0.660s][info][gc,cpu         ] GC(31) User=0.02s Sys=0.00s Real=0.02s
[0.676s][info][gc,start       ] GC(32) Pause Young (Allocation Failure)
[0.689s][info][gc,heap        ] GC(32) PSYoungGen: 20160K(27648K)->14880K(28160K) Eden: 8192K(8192K)->0K(8192K) From: 11968K(19456K)->14880K(19968K)
[0.689s][info][gc,heap        ] GC(32) ParOldGen: 75134K(89600K)->80510K(89600K)
[0.689s][info][gc,metaspace   ] GC(32) Metaspace: 6300K(6464K)->6300K(6464K) NonClass: 5767K(5824K)->5767K(5824K) Class: 533K(640K)->533K(640K)
[0.689s][info][gc             ] GC(32) Pause Young (Allocation Failure) 93M->93M(115M) 13.528ms
[0.689s][info][gc,cpu         ] GC(32) User=0.00s Sys=0.00s Real=0.01s
[0.689s][info][gc,start       ] GC(33) Pause Full (Ergonomics)
[0.689s][info][gc,phases,start] GC(33) Marking Phase
[0.725s][info][gc,phases      ] GC(33) Marking Phase 35.330ms
[0.725s][info][gc,phases,start] GC(33) Summary Phase
[0.725s][info][gc,phases      ] GC(33) Summary Phase 0.021ms
[0.725s][info][gc,phases,start] GC(33) Adjust Roots
[0.725s][info][gc,phases      ] GC(33) Adjust Roots 0.157ms
[0.725s][info][gc,phases,start] GC(33) Compaction Phase
[0.752s][info][gc,phases      ] GC(33) Compaction Phase 26.424ms
[0.752s][info][gc,phases,start] GC(33) Post Compact
[0.752s][info][gc,phases      ] GC(33) Post Compact 0.339ms
[0.752s][info][gc,heap        ] GC(33) PSYoungGen: 14880K(28160K)->3553K(28160K) Eden: 0K(8192K)->0K(8192K) From: 14880K(19968K)->3553K(19968K)
[0.752s][info][gc,heap        ] GC(33) ParOldGen: 80510K(89600K)->89522K(112128K)
[0.752s][info][gc,metaspace   ] GC(33) Metaspace: 6300K(6464K)->6300K(6464K) NonClass: 5767K(5824K)->5767K(5824K) Class: 533K(640K)->533K(640K)
[0.752s][info][gc             ] GC(33) Pause Full (Ergonomics) 93M->90M(137M) 62.698ms
[0.752s][info][gc,cpu         ] GC(33) User=0.11s Sys=0.02s Real=0.06s
[0.760s][info][gc,start       ] GC(34) Pause Young (Allocation Failure)
[0.771s][info][gc,heap        ] GC(34) PSYoungGen: 11745K(28160K)->10176K(29184K) Eden: 8192K(8192K)->0K(9728K) From: 3553K(19968K)->10176K(19456K)
[0.771s][info][gc,heap        ] GC(34) ParOldGen: 89522K(112128K)->91154K(112128K)
[0.771s][info][gc,metaspace   ] GC(34) Metaspace: 6300K(6464K)->6300K(6464K) NonClass: 5767K(5824K)->5767K(5824K) Class: 533K(640K)->533K(640K)
[0.771s][info][gc             ] GC(34) Pause Young (Allocation Failure) 98M->98M(138M) 11.535ms
[0.771s][info][gc,cpu         ] GC(34) User=0.02s Sys=0.00s Real=0.01s
[0.780s][info][gc,start       ] GC(35) Pause Young (Allocation Failure)
[0.790s][info][gc,heap        ] GC(35) PSYoungGen: 19904K(29184K)->19904K(30208K) Eden: 9728K(9728K)->0K(9728K) From: 10176K(19456K)->19904K(20480K)
[0.790s][info][gc,heap        ] GC(35) ParOldGen: 91154K(112128K)->91154K(112128K)
[0.790s][info][gc,metaspace   ] GC(35) Metaspace: 6300K(6464K)->6300K(6464K) NonClass: 5767K(5824K)->5767K(5824K) Class: 533K(640K)->533K(640K)
[0.790s][info][gc             ] GC(35) Pause Young (Allocation Failure) 108M->108M(139M) 9.778ms
[0.790s][info][gc,cpu         ] GC(35) User=0.02s Sys=0.00s Real=0.01s
[0.799s][info][gc,start       ] GC(36) Pause Young (Allocation Failure)
[0.815s][info][gc,heap        ] GC(36) PSYoungGen: 29632K(30208K)->23552K(29184K) Eden: 9728K(9728K)->0K(5632K) From: 19904K(20480K)->23552K(23552K)
[0.815s][info][gc,heap        ] GC(36) ParOldGen: 91154K(112128K)->97258K(112128K)
[0.815s][info][gc,metaspace   ] GC(36) Metaspace: 6300K(6464K)->6300K(6464K) NonClass: 5767K(5824K)->5767K(5824K) Class: 533K(640K)->533K(640K)
[0.815s][info][gc             ] GC(36) Pause Young (Allocation Failure) 117M->117M(138M) 16.251ms
[0.815s][info][gc,cpu         ] GC(36) User=0.00s Sys=0.02s Real=0.02s
[0.820s][info][gc,start       ] GC(37) Pause Young (Allocation Failure)
[0.834s][info][gc,heap        ] GC(37) PSYoungGen: 29184K(29184K)->19808K(34816K) Eden: 5632K(5632K)->0K(5632K) From: 23552K(23552K)->19808K(29184K)
[0.834s][info][gc,heap        ] GC(37) ParOldGen: 97258K(112128K)->106818K(112128K)
[0.834s][info][gc,metaspace   ] GC(37) Metaspace: 6300K(6464K)->6300K(6464K) NonClass: 5767K(5824K)->5767K(5824K) Class: 533K(640K)->533K(640K)
[0.834s][info][gc             ] GC(37) Pause Young (Allocation Failure) 123M->123M(143M) 13.996ms
[0.834s][info][gc,cpu         ] GC(37) User=0.02s Sys=0.00s Real=0.01s
[0.835s][info][gc,start       ] GC(38) Pause Full (Ergonomics)
[0.835s][info][gc,phases,start] GC(38) Marking Phase
[0.875s][info][gc,phases      ] GC(38) Marking Phase 40.038ms
[0.875s][info][gc,phases,start] GC(38) Summary Phase
[0.875s][info][gc,phases      ] GC(38) Summary Phase 0.016ms
[0.875s][info][gc,phases,start] GC(38) Adjust Roots
[0.875s][info][gc,phases      ] GC(38) Adjust Roots 0.162ms
[0.875s][info][gc,phases,start] GC(38) Compaction Phase
[0.899s][info][gc,phases      ] GC(38) Compaction Phase 23.915ms
[0.899s][info][gc,phases,start] GC(38) Post Compact
[0.899s][info][gc,phases      ] GC(38) Post Compact 0.551ms
[0.900s][info][gc,heap        ] GC(38) PSYoungGen: 19808K(34816K)->14595K(34816K) Eden: 0K(5632K)->0K(5632K) From: 19808K(29184K)->14595K(29184K)
[0.900s][info][gc,heap        ] GC(38) ParOldGen: 106818K(112128K)->111628K(137728K)
[0.900s][info][gc,metaspace   ] GC(38) Metaspace: 6300K(6464K)->6300K(6464K) NonClass: 5767K(5824K)->5767K(5824K) Class: 533K(640K)->533K(640K)
[0.900s][info][gc             ] GC(38) Pause Full (Ergonomics) 123M->123M(168M) 65.136ms
[0.900s][info][gc,cpu         ] GC(38) User=0.16s Sys=0.00s Real=0.07s
[0.905s][info][gc,start       ] GC(39) Pause Young (Allocation Failure)
[0.920s][info][gc,heap        ] GC(39) PSYoungGen: 20227K(34816K)->10144K(34304K) Eden: 5632K(5632K)->0K(6656K) From: 14595K(29184K)->10144K(27648K)
[0.920s][info][gc,heap        ] GC(39) ParOldGen: 111628K(137728K)->121924K(137728K)
[0.920s][info][gc,metaspace   ] GC(39) Metaspace: 6300K(6464K)->6300K(6464K) NonClass: 5767K(5824K)->5767K(5824K) Class: 533K(640K)->533K(640K)
[0.920s][info][gc             ] GC(39) Pause Young (Allocation Failure) 128M->128M(168M) 15.712ms
[0.920s][info][gc,cpu         ] GC(39) User=0.02s Sys=0.00s Real=0.02s
[0.928s][info][gc,start       ] GC(40) Pause Young (Allocation Failure)
[0.936s][info][gc,heap        ] GC(40) PSYoungGen: 16800K(34304K)->12320K(19456K) Eden: 6656K(6656K)->0K(6656K) From: 10144K(27648K)->12320K(12800K)
[0.936s][info][gc,heap        ] GC(40) ParOldGen: 121924K(137728K)->126476K(137728K)
[0.936s][info][gc,metaspace   ] GC(40) Metaspace: 6300K(6464K)->6300K(6464K) NonClass: 5767K(5824K)->5767K(5824K) Class: 533K(640K)->533K(640K)
[0.936s][info][gc             ] GC(40) Pause Young (Allocation Failure) 135M->135M(153M) 8.723ms
[0.936s][info][gc,cpu         ] GC(40) User=0.00s Sys=0.00s Real=0.01s
[0.936s][info][gc,start       ] GC(41) Pause Full (Ergonomics)
[0.936s][info][gc,phases,start] GC(41) Marking Phase
[0.977s][info][gc,phases      ] GC(41) Marking Phase 40.731ms
[0.977s][info][gc,phases,start] GC(41) Summary Phase
[0.977s][info][gc,phases      ] GC(41) Summary Phase 0.020ms
[0.977s][info][gc,phases,start] GC(41) Adjust Roots
[0.977s][info][gc,phases      ] GC(41) Adjust Roots 0.148ms
[0.977s][info][gc,phases,start] GC(41) Compaction Phase
[0.997s][info][gc,phases      ] GC(41) Compaction Phase 19.718ms
[0.997s][info][gc,phases,start] GC(41) Post Compact
[0.998s][info][gc,phases      ] GC(41) Post Compact 0.687ms
[0.998s][info][gc,heap        ] GC(41) PSYoungGen: 12320K(19456K)->987K(19456K) Eden: 0K(6656K)->0K(6656K) From: 12320K(12800K)->987K(12800K)
[0.998s][info][gc,heap        ] GC(41) ParOldGen: 126476K(137728K)->137465K(166400K)
[0.998s][info][gc,metaspace   ] GC(41) Metaspace: 6300K(6464K)->6300K(6464K) NonClass: 5767K(5824K)->5767K(5824K) Class: 533K(640K)->533K(640K)
[0.998s][info][gc             ] GC(41) Pause Full (Ergonomics) 135M->135M(181M) 61.781ms
[0.998s][info][gc,cpu         ] GC(41) User=0.16s Sys=0.00s Real=0.06s
[1.005s][info][gc,start       ] GC(42) Pause Young (Allocation Failure)
[1.017s][info][gc,heap        ] GC(42) PSYoungGen: 7643K(19456K)->7552K(34304K) Eden: 6656K(6656K)->0K(7680K) From: 987K(12800K)->7552K(26624K)
[1.017s][info][gc,heap        ] GC(42) ParOldGen: 137465K(166400K)->137609K(166400K)
[1.017s][info][gc,metaspace   ] GC(42) Metaspace: 6300K(6464K)->6300K(6464K) NonClass: 5767K(5824K)->5767K(5824K) Class: 533K(640K)->533K(640K)
[1.017s][info][gc             ] GC(42) Pause Young (Allocation Failure) 141M->141M(196M) 11.965ms
[1.017s][info][gc,cpu         ] GC(42) User=0.00s Sys=0.00s Real=0.01s
[1.026s][info][gc,start       ] GC(43) Pause Young (Allocation Failure)
[1.035s][info][gc,heap        ] GC(43) PSYoungGen: 15232K(34304K)->15232K(34816K) Eden: 7680K(7680K)->0K(7680K) From: 7552K(26624K)->15232K(27136K)
[1.035s][info][gc,heap        ] GC(43) ParOldGen: 137609K(166400K)->137609K(166400K)
[1.035s][info][gc,metaspace   ] GC(43) Metaspace: 6300K(6464K)->6300K(6464K) NonClass: 5767K(5824K)->5767K(5824K) Class: 533K(640K)->533K(640K)
[1.035s][info][gc             ] GC(43) Pause Young (Allocation Failure) 149M->149M(196M) 9.049ms
[1.035s][info][gc,cpu         ] GC(43) User=0.02s Sys=0.00s Real=0.01s
[1.043s][info][gc,start       ] GC(44) Pause Young (Allocation Failure)
[1.054s][info][gc,heap        ] GC(44) PSYoungGen: 22912K(34816K)->22880K(33280K) Eden: 7680K(7680K)->0K(6656K) From: 15232K(27136K)->22880K(26624K)
[1.054s][info][gc,heap        ] GC(44) ParOldGen: 137609K(166400K)->137609K(166400K)
[1.054s][info][gc,metaspace   ] GC(44) Metaspace: 6300K(6464K)->6300K(6464K) NonClass: 5767K(5824K)->5767K(5824K) Class: 533K(640K)->533K(640K)
[1.054s][info][gc             ] GC(44) Pause Young (Allocation Failure) 156M->156M(195M) 10.802ms
[1.054s][info][gc,cpu         ] GC(44) User=0.00s Sys=0.00s Real=0.01s
[1.061s][info][gc,start       ] GC(45) Pause Young (Allocation Failure)
[1.074s][info][gc,heap        ] GC(45) PSYoungGen: 29536K(33280K)->29184K(35840K) Eden: 6656K(6656K)->0K(6656K) From: 22880K(26624K)->29184K(29184K)
[1.074s][info][gc,heap        ] GC(45) ParOldGen: 137609K(166400K)->137937K(166400K)
[1.074s][info][gc,metaspace   ] GC(45) Metaspace: 6300K(6464K)->6300K(6464K) NonClass: 5767K(5824K)->5767K(5824K) Class: 533K(640K)->533K(640K)
[1.074s][info][gc             ] GC(45) Pause Young (Allocation Failure) 163M->163M(197M) 13.033ms
[1.074s][info][gc,cpu         ] GC(45) User=0.02s Sys=0.00s Real=0.01s
[1.082s][info][gc,start       ] GC(46) Pause Young (Allocation Failure)
[1.099s][info][gc,heap        ] GC(46) PSYoungGen: 35840K(35840K)->28384K(38400K) Eden: 6656K(6656K)->0K(4608K) From: 29184K(29184K)->28384K(33792K)
[1.099s][info][gc,heap        ] GC(46) ParOldGen: 137937K(166400K)->145529K(166400K)
[1.099s][info][gc,metaspace   ] GC(46) Metaspace: 6300K(6464K)->6300K(6464K) NonClass: 5767K(5824K)->5767K(5824K) Class: 533K(640K)->533K(640K)
[1.099s][info][gc             ] GC(46) Pause Young (Allocation Failure) 169M->169M(200M) 17.145ms
[1.099s][info][gc,cpu         ] GC(46) User=0.02s Sys=0.00s Real=0.02s
[1.131s][info][gc,start       ] GC(47) Pause Young (Allocation Failure)
[1.149s][info][gc,heap        ] GC(47) PSYoungGen: 32992K(38400K)->25312K(41472K) Eden: 4608K(4608K)->0K(4608K) From: 28384K(33792K)->25312K(36864K)
[1.150s][info][gc,heap        ] GC(47) ParOldGen: 153721K(166400K)->161481K(166400K)
[1.150s][info][gc,metaspace   ] GC(47) Metaspace: 6300K(6464K)->6300K(6464K) NonClass: 5767K(5824K)->5767K(5824K) Class: 533K(640K)->533K(640K)
[1.150s][info][gc             ] GC(47) Pause Young (Allocation Failure) 182M->182M(203M) 18.812ms
[1.150s][info][gc,cpu         ] GC(47) User=0.05s Sys=0.00s Real=0.02s
[1.150s][info][gc,start       ] GC(48) Pause Full (Ergonomics)
[1.150s][info][gc,phases,start] GC(48) Marking Phase
[1.191s][info][gc,phases      ] GC(48) Marking Phase 41.414ms
[1.191s][info][gc,phases,start] GC(48) Summary Phase
[1.191s][info][gc,phases      ] GC(48) Summary Phase 0.015ms
[1.191s][info][gc,phases,start] GC(48) Adjust Roots
[1.191s][info][gc,phases      ] GC(48) Adjust Roots 0.137ms
[1.191s][info][gc,phases,start] GC(48) Compaction Phase
[1.227s][info][gc,phases      ] GC(48) Compaction Phase 35.315ms
[1.227s][info][gc,phases,start] GC(48) Post Compact
[1.227s][info][gc,phases      ] GC(48) Post Compact 0.758ms
[1.228s][info][gc,heap        ] GC(48) PSYoungGen: 25312K(41472K)->16006K(41472K) Eden: 0K(4608K)->0K(4608K) From: 25312K(36864K)->16006K(36864K)
[1.228s][info][gc,heap        ] GC(48) ParOldGen: 161481K(166400K)->166291K(197632K)
[1.228s][info][gc,metaspace   ] GC(48) Metaspace: 6300K(6464K)->6300K(6464K) NonClass: 5767K(5824K)->5767K(5824K) Class: 533K(640K)->533K(640K)
[1.228s][info][gc             ] GC(48) Pause Full (Ergonomics) 182M->178M(233M) 78.058ms
[1.228s][info][gc,cpu         ] GC(48) User=0.20s Sys=0.00s Real=0.08s
[1.233s][info][gc,start       ] GC(49) Pause Young (Allocation Failure)
[1.252s][info][gc,heap        ] GC(49) PSYoungGen: 20614K(41472K)->15872K(40448K) Eden: 4608K(4608K)->0K(5632K) From: 16006K(36864K)->15872K(34816K)
[1.252s][info][gc,heap        ] GC(49) ParOldGen: 166291K(197632K)->171195K(197632K)
[1.252s][info][gc,metaspace   ] GC(49) Metaspace: 6300K(6464K)->6300K(6464K) NonClass: 5767K(5824K)->5767K(5824K) Class: 533K(640K)->533K(640K)
[1.252s][info][gc             ] GC(49) Pause Young (Allocation Failure) 182M->182M(232M) 18.272ms
[1.252s][info][gc,cpu         ] GC(49) User=0.06s Sys=0.00s Real=0.02s
[1.258s][info][gc,start       ] GC(50) Pause Young (Allocation Failure)
[1.269s][info][gc,heap        ] GC(50) PSYoungGen: 21504K(40448K)->18048K(24064K) Eden: 5632K(5632K)->0K(5632K) From: 15872K(34816K)->18048K(18432K)
[1.269s][info][gc,heap        ] GC(50) ParOldGen: 171195K(197632K)->174699K(197632K)
[1.269s][info][gc,metaspace   ] GC(50) Metaspace: 6300K(6464K)->6300K(6464K) NonClass: 5767K(5824K)->5767K(5824K) Class: 533K(640K)->533K(640K)
[1.269s][info][gc             ] GC(50) Pause Young (Allocation Failure) 188M->188M(216M) 11.044ms
[1.269s][info][gc,cpu         ] GC(50) User=0.02s Sys=0.00s Real=0.01s
[1.275s][info][gc,start       ] GC(51) Pause Young (Allocation Failure)
[1.287s][info][gc,heap        ] GC(51) PSYoungGen: 23680K(24064K)->18976K(39424K) Eden: 5632K(5632K)->0K(6656K) From: 18048K(18432K)->18976K(32768K)
[1.287s][info][gc,heap        ] GC(51) ParOldGen: 174699K(197632K)->179467K(197632K)
[1.287s][info][gc,metaspace   ] GC(51) Metaspace: 6300K(6464K)->6300K(6464K) NonClass: 5767K(5824K)->5767K(5824K) Class: 533K(640K)->533K(640K)
[1.287s][info][gc             ] GC(51) Pause Young (Allocation Failure) 193M->193M(231M) 12.038ms
[1.287s][info][gc,cpu         ] GC(51) User=0.02s Sys=0.00s Real=0.01s
[1.295s][info][gc,start       ] GC(52) Pause Young (Allocation Failure)
[1.307s][info][gc,heap        ] GC(52) PSYoungGen: 25632K(39424K)->17952K(40448K) Eden: 6656K(6656K)->0K(6656K) From: 18976K(32768K)->17952K(33792K)
[1.308s][info][gc,heap        ] GC(52) ParOldGen: 179467K(197632K)->187219K(197632K)
[1.308s][info][gc,metaspace   ] GC(52) Metaspace: 6300K(6464K)->6300K(6464K) NonClass: 5767K(5824K)->5767K(5824K) Class: 533K(640K)->533K(640K)
[1.308s][info][gc             ] GC(52) Pause Young (Allocation Failure) 200M->200M(232M) 12.946ms
[1.308s][info][gc,cpu         ] GC(52) User=0.02s Sys=0.00s Real=0.01s
[1.308s][info][gc,start       ] GC(53) Pause Full (Ergonomics)
[1.308s][info][gc,phases,start] GC(53) Marking Phase
[1.361s][info][gc,phases      ] GC(53) Marking Phase 53.528ms
[1.361s][info][gc,phases,start] GC(53) Summary Phase
[1.361s][info][gc,phases      ] GC(53) Summary Phase 0.017ms
[1.361s][info][gc,phases,start] GC(53) Adjust Roots
[1.361s][info][gc,phases      ] GC(53) Adjust Roots 0.151ms
[1.361s][info][gc,phases,start] GC(53) Compaction Phase
[1.388s][info][gc,phases      ] GC(53) Compaction Phase 26.942ms
[1.388s][info][gc,phases,start] GC(53) Post Compact
[1.389s][info][gc,phases      ] GC(53) Post Compact 0.886ms
[1.390s][info][gc,heap        ] GC(53) PSYoungGen: 17952K(40448K)->7102K(13824K) Eden: 0K(6656K)->0K(6656K) From: 17952K(33792K)->7102K(7168K)
[1.390s][info][gc,heap        ] GC(53) ParOldGen: 187219K(197632K)->197604K(229888K)
[1.390s][info][gc,metaspace   ] GC(53) Metaspace: 6300K(6464K)->6300K(6464K) NonClass: 5767K(5824K)->5767K(5824K) Class: 533K(640K)->533K(640K)
[1.390s][info][gc             ] GC(53) Pause Full (Ergonomics) 200M->199M(238M) 82.125ms
[1.390s][info][gc,cpu         ] GC(53) User=0.30s Sys=0.00s Real=0.08s
[1.397s][info][gc,start       ] GC(54) Pause Young (Allocation Failure)
[1.414s][info][gc,heap        ] GC(54) PSYoungGen: 13758K(13824K)->9280K(39936K) Eden: 6656K(6656K)->0K(7680K) From: 7102K(7168K)->9280K(32256K)
[1.414s][info][gc,heap        ] GC(54) ParOldGen: 197604K(229888K)->202188K(229888K)
[1.414s][info][gc,metaspace   ] GC(54) Metaspace: 6300K(6464K)->6300K(6464K) NonClass: 5767K(5824K)->5767K(5824K) Class: 533K(640K)->533K(640K)
[1.414s][info][gc             ] GC(54) Pause Young (Allocation Failure) 206M->206M(263M) 16.776ms
[1.414s][info][gc,cpu         ] GC(54) User=0.03s Sys=0.00s Real=0.02s
[1.423s][info][gc,start       ] GC(55) Pause Young (Allocation Failure)
[1.432s][info][gc,heap        ] GC(55) PSYoungGen: 16960K(39936K)->14400K(22528K) Eden: 7680K(7680K)->0K(7680K) From: 9280K(32256K)->14400K(14848K)
[1.432s][info][gc,heap        ] GC(55) ParOldGen: 202188K(229888K)->204852K(229888K)
[1.432s][info][gc,metaspace   ] GC(55) Metaspace: 6300K(6464K)->6300K(6464K) NonClass: 5767K(5824K)->5767K(5824K) Class: 533K(640K)->533K(640K)
[1.432s][info][gc             ] GC(55) Pause Young (Allocation Failure) 214M->214M(246M) 9.369ms
[1.432s][info][gc,cpu         ] GC(55) User=0.02s Sys=0.00s Real=0.01s
[1.441s][info][gc,start       ] GC(56) Pause Young (Allocation Failure)
[1.453s][info][gc,heap        ] GC(56) PSYoungGen: 22080K(22528K)->15456K(38400K) Eden: 7680K(7680K)->0K(9216K) From: 14400K(14848K)->15456K(29184K)
[1.453s][info][gc,heap        ] GC(56) ParOldGen: 204852K(229888K)->211596K(229888K)
[1.453s][info][gc,metaspace   ] GC(56) Metaspace: 6300K(6464K)->6300K(6464K) NonClass: 5767K(5824K)->5767K(5824K) Class: 533K(640K)->533K(640K)
[1.453s][info][gc             ] GC(56) Pause Young (Allocation Failure) 221M->221M(262M) 11.866ms
[1.453s][info][gc,cpu         ] GC(56) User=0.00s Sys=0.00s Real=0.01s
[1.464s][info][gc,start       ] GC(57) Pause Young (Allocation Failure)
[1.476s][info][gc,heap        ] GC(57) PSYoungGen: 24672K(38400K)->16992K(38912K) Eden: 9216K(9216K)->0K(9216K) From: 15456K(29184K)->16992K(29696K)
[1.476s][info][gc,heap        ] GC(57) ParOldGen: 211596K(229888K)->219372K(229888K)
[1.476s][info][gc,metaspace   ] GC(57) Metaspace: 6300K(6464K)->6300K(6464K) NonClass: 5767K(5824K)->5767K(5824K) Class: 533K(640K)->533K(640K)
[1.476s][info][gc             ] GC(57) Pause Young (Allocation Failure) 230M->230M(262M) 12.550ms
[1.476s][info][gc,cpu         ] GC(57) User=0.02s Sys=0.00s Real=0.01s
[1.476s][info][gc,start       ] GC(58) Pause Full (Ergonomics)
[1.476s][info][gc,phases,start] GC(58) Marking Phase
[1.529s][info][gc,phases      ] GC(58) Marking Phase 52.661ms
[1.529s][info][gc,phases,start] GC(58) Summary Phase
[1.529s][info][gc,phases      ] GC(58) Summary Phase 0.017ms
[1.529s][info][gc,phases,start] GC(58) Adjust Roots
[1.529s][info][gc,phases      ] GC(58) Adjust Roots 0.142ms
[1.529s][info][gc,phases,start] GC(58) Compaction Phase
[1.556s][info][gc,phases      ] GC(58) Compaction Phase 26.322ms
[1.556s][info][gc,phases,start] GC(58) Post Compact
[1.557s][info][gc,phases      ] GC(58) Post Compact 1.138ms
[1.557s][info][gc,heap        ] GC(58) PSYoungGen: 16992K(38912K)->6102K(38912K) Eden: 0K(9216K)->0K(9216K) From: 16992K(29696K)->6102K(29696K)
[1.557s][info][gc,heap        ] GC(58) ParOldGen: 219372K(229888K)->229714K(263680K)
[1.557s][info][gc,metaspace   ] GC(58) Metaspace: 6300K(6464K)->6300K(6464K) NonClass: 5767K(5824K)->5767K(5824K) Class: 533K(640K)->533K(640K)
[1.557s][info][gc             ] GC(58) Pause Full (Ergonomics) 230M->230M(295M) 80.745ms
[1.557s][info][gc,cpu         ] GC(58) User=0.38s Sys=0.02s Real=0.08s
[1.567s][info][gc,start       ] GC(59) Pause Young (Allocation Failure)
[1.586s][info][gc,heap        ] GC(59) PSYoungGen: 15318K(38912K)->12704K(37376K) Eden: 9216K(9216K)->0K(10240K) From: 6102K(29696K)->12704K(27136K)
[1.586s][info][gc,heap        ] GC(59) ParOldGen: 229714K(263680K)->232482K(263680K)
[1.586s][info][gc,metaspace   ] GC(59) Metaspace: 6300K(6464K)->6300K(6464K) NonClass: 5767K(5824K)->5767K(5824K) Class: 533K(640K)->533K(640K)
[1.586s][info][gc             ] GC(59) Pause Young (Allocation Failure) 239M->239M(294M) 18.579ms
[1.586s][info][gc,cpu         ] GC(59) User=0.05s Sys=0.00s Real=0.02s
[1.597s][info][gc,start       ] GC(60) Pause Young (Allocation Failure)
[1.610s][info][gc,heap        ] GC(60) PSYoungGen: 22944K(37376K)->22944K(38400K) Eden: 10240K(10240K)->0K(10240K) From: 12704K(27136K)->22944K(28160K)
[1.610s][info][gc,heap        ] GC(60) ParOldGen: 232482K(263680K)->232482K(263680K)
[1.610s][info][gc,metaspace   ] GC(60) Metaspace: 6300K(6464K)->6300K(6464K) NonClass: 5767K(5824K)->5767K(5824K) Class: 533K(640K)->533K(640K)
[1.610s][info][gc             ] GC(60) Pause Young (Allocation Failure) 249M->249M(295M) 12.468ms
[1.610s][info][gc,cpu         ] GC(60) User=0.00s Sys=0.00s Real=0.01s
[1.621s][info][gc,start       ] GC(61) Pause Young (Allocation Failure)
[1.638s][info][gc,heap        ] GC(61) PSYoungGen: 33184K(38400K)->29696K(36864K) Eden: 10240K(10240K)->0K(7168K) From: 22944K(28160K)->29696K(29696K)
[1.638s][info][gc,heap        ] GC(61) ParOldGen: 232482K(263680K)->236010K(263680K)
[1.638s][info][gc,metaspace   ] GC(61) Metaspace: 6300K(6464K)->6300K(6464K) NonClass: 5767K(5824K)->5767K(5824K) Class: 533K(640K)->533K(640K)
[1.638s][info][gc             ] GC(61) Pause Young (Allocation Failure) 259M->259M(293M) 16.622ms
[1.638s][info][gc,cpu         ] GC(61) User=0.02s Sys=0.00s Real=0.02s
[1.647s][info][gc,start       ] GC(62) Pause Young (Allocation Failure)
[1.665s][info][gc,heap        ] GC(62) PSYoungGen: 36864K(36864K)->17440K(41472K) Eden: 7168K(7168K)->0K(7168K) From: 29696K(29696K)->17440K(34304K)
[1.665s][info][gc,heap        ] GC(62) ParOldGen: 236010K(263680K)->255682K(263680K)
[1.665s][info][gc,metaspace   ] GC(62) Metaspace: 6300K(6464K)->6300K(6464K) NonClass: 5767K(5824K)->5767K(5824K) Class: 533K(640K)->533K(640K)
[1.665s][info][gc             ] GC(62) Pause Young (Allocation Failure) 266M->266M(298M) 18.701ms
[1.665s][info][gc,cpu         ] GC(62) User=0.11s Sys=0.00s Real=0.02s
[1.666s][info][gc,start       ] GC(63) Pause Full (Ergonomics)
[1.666s][info][gc,phases,start] GC(63) Marking Phase
[1.733s][info][gc,phases      ] GC(63) Marking Phase 66.989ms
[1.733s][info][gc,phases,start] GC(63) Summary Phase
[1.733s][info][gc,phases      ] GC(63) Summary Phase 0.029ms
[1.733s][info][gc,phases,start] GC(63) Adjust Roots
[1.733s][info][gc,phases      ] GC(63) Adjust Roots 0.219ms
[1.733s][info][gc,phases,start] GC(63) Compaction Phase
[1.758s][info][gc,phases      ] GC(63) Compaction Phase 25.240ms
[1.758s][info][gc,phases,start] GC(63) Post Compact
[1.760s][info][gc,phases      ] GC(63) Post Compact 1.446ms
[1.760s][info][gc,heap        ] GC(63) PSYoungGen: 17440K(41472K)->9140K(16384K) Eden: 0K(7168K)->0K(7168K) From: 17440K(34304K)->9140K(9216K)
[1.760s][info][gc,heap        ] GC(63) ParOldGen: 255682K(263680K)->263414K(304128K)
[1.760s][info][gc,metaspace   ] GC(63) Metaspace: 6300K(6464K)->6300K(6464K) NonClass: 5767K(5824K)->5767K(5824K) Class: 533K(640K)->533K(640K)
[1.760s][info][gc             ] GC(63) Pause Full (Ergonomics) 266M->266M(313M) 94.500ms
[1.760s][info][gc,cpu         ] GC(63) User=0.50s Sys=0.00s Real=0.09s
[1.769s][info][gc,start       ] GC(64) Pause Young (Allocation Failure)
[1.788s][info][gc,heap        ] GC(64) PSYoungGen: 16308K(16384K)->7264K(40448K) Eden: 7168K(7168K)->0K(7680K) From: 9140K(9216K)->7264K(32768K)
[1.788s][info][gc,heap        ] GC(64) ParOldGen: 263414K(304128K)->272702K(304128K)
[1.788s][info][gc,metaspace   ] GC(64) Metaspace: 6300K(6464K)->6300K(6464K) NonClass: 5767K(5824K)->5767K(5824K) Class: 533K(640K)->533K(640K)
[1.788s][info][gc             ] GC(64) Pause Young (Allocation Failure) 273M->273M(336M) 19.573ms
[1.788s][info][gc,cpu         ] GC(64) User=0.03s Sys=0.02s Real=0.02s
[1.798s][info][gc,start       ] GC(65) Pause Young (Allocation Failure)
[1.806s][info][gc,heap        ] GC(65) PSYoungGen: 14944K(40448K)->7808K(40960K) Eden: 7680K(7680K)->0K(7680K) From: 7264K(32768K)->7808K(33280K)
[1.806s][info][gc,heap        ] GC(65) ParOldGen: 272702K(304128K)->279974K(304128K)
[1.806s][info][gc,metaspace   ] GC(65) Metaspace: 6300K(6464K)->6300K(6464K) NonClass: 5767K(5824K)->5767K(5824K) Class: 533K(640K)->533K(640K)
[1.806s][info][gc             ] GC(65) Pause Young (Allocation Failure) 280M->281M(337M) 8.801ms
[1.807s][info][gc,cpu         ] GC(65) User=0.02s Sys=0.00s Real=0.01s
[1.816s][info][gc,start       ] GC(66) Pause Young (Allocation Failure)
[1.825s][info][gc,heap        ] GC(66) PSYoungGen: 15488K(40960K)->7776K(41984K) Eden: 7680K(7680K)->0K(8704K) From: 7808K(33280K)->7776K(33280K)
[1.825s][info][gc,heap        ] GC(66) ParOldGen: 279974K(304128K)->287750K(304128K)
[1.825s][info][gc,metaspace   ] GC(66) Metaspace: 6300K(6464K)->6300K(6464K) NonClass: 5767K(5824K)->5767K(5824K) Class: 533K(640K)->533K(640K)
[1.825s][info][gc             ] GC(66) Pause Young (Allocation Failure) 288M->288M(338M) 8.969ms
[1.825s][info][gc,cpu         ] GC(66) User=0.00s Sys=0.00s Real=0.01s
[1.835s][info][gc,start       ] GC(67) Pause Young (Allocation Failure)
[1.844s][info][gc,heap        ] GC(67) PSYoungGen: 16480K(41984K)->8800K(41984K) Eden: 8704K(8704K)->0K(8704K) From: 7776K(33280K)->8800K(33280K)
[1.844s][info][gc,heap        ] GC(67) ParOldGen: 287750K(304128K)->295550K(304128K)
[1.844s][info][gc,metaspace   ] GC(67) Metaspace: 6300K(6464K)->6300K(6464K) NonClass: 5767K(5824K)->5767K(5824K) Class: 533K(640K)->533K(640K)
[1.844s][info][gc             ] GC(67) Pause Young (Allocation Failure) 297M->297M(338M) 9.389ms
[1.844s][info][gc,cpu         ] GC(67) User=0.00s Sys=0.00s Real=0.01s
[1.844s][info][gc,start       ] GC(68) Pause Full (Ergonomics)
[1.844s][info][gc,phases,start] GC(68) Marking Phase
[1.903s][info][gc,phases      ] GC(68) Marking Phase 58.251ms
[1.903s][info][gc,phases,start] GC(68) Summary Phase
[1.903s][info][gc,phases      ] GC(68) Summary Phase 0.022ms
[1.903s][info][gc,phases,start] GC(68) Adjust Roots
[1.903s][info][gc,phases      ] GC(68) Adjust Roots 0.148ms
[1.903s][info][gc,phases,start] GC(68) Compaction Phase
[1.930s][info][gc,phases      ] GC(68) Compaction Phase 26.653ms
[1.930s][info][gc,phases,start] GC(68) Post Compact
[1.931s][info][gc,phases      ] GC(68) Post Compact 1.410ms
[1.932s][info][gc,heap        ] GC(68) PSYoungGen: 8800K(41984K)->0K(41984K) Eden: 0K(8704K)->0K(9728K) From: 8800K(33280K)->0K(32256K)
[1.932s][info][gc,heap        ] GC(68) ParOldGen: 295550K(304128K)->303653K(346624K)
[1.932s][info][gc,metaspace   ] GC(68) Metaspace: 6300K(6464K)->6300K(6464K) NonClass: 5767K(5824K)->5767K(5824K) Class: 533K(640K)->533K(640K)
[1.932s][info][gc             ] GC(68) Pause Full (Ergonomics) 297M->296M(379M) 87.118ms
[1.932s][info][gc,cpu         ] GC(68) User=0.53s Sys=0.00s Real=0.09s
[1.943s][info][gc,start       ] GC(69) Pause Young (Allocation Failure)
[1.949s][info][gc,heap        ] GC(69) PSYoungGen: 9728K(41984K)->9856K(41984K) Eden: 9728K(9728K)->0K(9728K) From: 0K(32256K)->9856K(32256K)
[1.949s][info][gc,heap        ] GC(69) ParOldGen: 303653K(346624K)->303653K(346624K)
[1.949s][info][gc,metaspace   ] GC(69) Metaspace: 6300K(6464K)->6300K(6464K) NonClass: 5767K(5824K)->5767K(5824K) Class: 533K(640K)->533K(640K)
[1.949s][info][gc             ] GC(69) Pause Young (Allocation Failure) 306M->306M(379M) 6.548ms
[1.949s][info][gc,cpu         ] GC(69) User=0.00s Sys=0.00s Real=0.01s
[1.961s][info][gc,start       ] GC(70) Pause Young (Allocation Failure)
[1.972s][info][gc,heap        ] GC(70) PSYoungGen: 19584K(41984K)->19552K(42496K) Eden: 9728K(9728K)->0K(10752K) From: 9856K(32256K)->19552K(31744K)
[1.972s][info][gc,heap        ] GC(70) ParOldGen: 303653K(346624K)->303653K(346624K)
[1.972s][info][gc,metaspace   ] GC(70) Metaspace: 6300K(6464K)->6300K(6464K) NonClass: 5767K(5824K)->5767K(5824K) Class: 533K(640K)->533K(640K)
[1.972s][info][gc             ] GC(70) Pause Young (Allocation Failure) 315M->315M(380M) 10.345ms
[1.972s][info][gc,cpu         ] GC(70) User=0.00s Sys=0.00s Real=0.01s
[1.985s][info][gc,start       ] GC(71) Pause Young (Allocation Failure)
[2.000s][info][gc,heap        ] GC(71) PSYoungGen: 30304K(42496K)->30240K(42496K) Eden: 10752K(10752K)->0K(10752K) From: 19552K(31744K)->30240K(31744K)
[2.000s][info][gc,heap        ] GC(71) ParOldGen: 303653K(346624K)->303653K(346624K)
[2.000s][info][gc,metaspace   ] GC(71) Metaspace: 6300K(6464K)->6300K(6464K) NonClass: 5767K(5824K)->5767K(5824K) Class: 533K(640K)->533K(640K)
[2.000s][info][gc             ] GC(71) Pause Young (Allocation Failure) 326M->326M(380M) 15.073ms
[2.000s][info][gc,cpu         ] GC(71) User=0.02s Sys=0.00s Real=0.02s
[2.013s][info][gc,start       ] GC(72) Pause Young (Allocation Failure)
[2.032s][info][gc,heap        ] GC(72) PSYoungGen: 40992K(42496K)->35840K(40960K) Eden: 10752K(10752K)->0K(5120K) From: 30240K(31744K)->35840K(35840K)
[2.033s][info][gc,heap        ] GC(72) ParOldGen: 303653K(346624K)->308821K(346624K)
[2.033s][info][gc,metaspace   ] GC(72) Metaspace: 6300K(6464K)->6300K(6464K) NonClass: 5767K(5824K)->5767K(5824K) Class: 533K(640K)->533K(640K)
[2.033s][info][gc             ] GC(72) Pause Young (Allocation Failure) 336M->336M(378M) 19.910ms
[2.033s][info][gc,cpu         ] GC(72) User=0.11s Sys=0.02s Real=0.02s
[2.039s][info][gc,start       ] GC(73) Pause Young (Allocation Failure)
[2.057s][info][gc,heap        ] GC(73) PSYoungGen: 40960K(40960K)->25120K(48128K) Eden: 5120K(5120K)->0K(5120K) From: 35840K(35840K)->25120K(43008K)
[2.057s][info][gc,heap        ] GC(73) ParOldGen: 308821K(346624K)->325013K(346624K)
[2.057s][info][gc,metaspace   ] GC(73) Metaspace: 6300K(6464K)->6300K(6464K) NonClass: 5767K(5824K)->5767K(5824K) Class: 533K(640K)->533K(640K)
[2.057s][info][gc             ] GC(73) Pause Young (Allocation Failure) 341M->341M(385M) 17.950ms
[2.057s][info][gc,cpu         ] GC(73) User=0.12s Sys=0.00s Real=0.02s
[2.131s][info][gc,start       ] GC(74) Pause Full (Ergonomics)
[2.131s][info][gc,phases,start] GC(74) Marking Phase
[2.206s][info][gc,phases      ] GC(74) Marking Phase 75.419ms
[2.207s][info][gc,phases,start] GC(74) Summary Phase
[2.207s][info][gc,phases      ] GC(74) Summary Phase 0.022ms
[2.207s][info][gc,phases,start] GC(74) Adjust Roots
[2.207s][info][gc,phases      ] GC(74) Adjust Roots 0.167ms
[2.207s][info][gc,phases,start] GC(74) Compaction Phase
[2.271s][info][gc,phases      ] GC(74) Compaction Phase 64.353ms
[2.271s][info][gc,phases,start] GC(74) Post Compact
[2.273s][info][gc,phases      ] GC(74) Post Compact 1.839ms
[2.273s][info][gc,heap        ] GC(74) PSYoungGen: 30240K(48128K)->16240K(48128K) Eden: 5120K(5120K)->0K(5120K) From: 25120K(43008K)->16240K(43008K)
[2.273s][info][gc,heap        ] GC(74) ParOldGen: 341397K(346624K)->346617K(393728K)
[2.273s][info][gc,metaspace   ] GC(74) Metaspace: 6300K(6464K)->6300K(6464K) NonClass: 5767K(5824K)->5767K(5824K) Class: 533K(640K)->533K(640K)
[2.273s][info][gc             ] GC(74) Pause Full (Ergonomics) 362M->354M(431M) 142.370ms
[2.273s][info][gc,cpu         ] GC(74) User=0.81s Sys=0.00s Real=0.14s
[2.280s][info][gc,start       ] GC(75) Pause Young (Allocation Failure)
[2.305s][info][gc,heap        ] GC(75) PSYoungGen: 21360K(48128K)->8928K(47104K) Eden: 5120K(5120K)->0K(5632K) From: 16240K(43008K)->8928K(41472K)
[2.305s][info][gc,heap        ] GC(75) ParOldGen: 346617K(393728K)->359321K(393728K)
[2.305s][info][gc,metaspace   ] GC(75) Metaspace: 6300K(6464K)->6300K(6464K) NonClass: 5767K(5824K)->5767K(5824K) Class: 533K(640K)->533K(640K)
[2.305s][info][gc             ] GC(75) Pause Young (Allocation Failure) 359M->359M(430M) 24.291ms
[2.305s][info][gc,cpu         ] GC(75) User=0.14s Sys=0.00s Real=0.02s
[2.311s][info][gc,start       ] GC(76) Pause Young (Allocation Failure)
[2.319s][info][gc,heap        ] GC(76) PSYoungGen: 14560K(47104K)->10816K(48128K) Eden: 5632K(5632K)->0K(5632K) From: 8928K(41472K)->10816K(42496K)
[2.319s][info][gc,heap        ] GC(76) ParOldGen: 359321K(393728K)->363129K(393728K)
[2.319s][info][gc,metaspace   ] GC(76) Metaspace: 6300K(6464K)->6300K(6464K) NonClass: 5767K(5824K)->5767K(5824K) Class: 533K(640K)->533K(640K)
[2.319s][info][gc             ] GC(76) Pause Young (Allocation Failure) 365M->365M(431M) 8.494ms
[2.319s][info][gc,cpu         ] GC(76) User=0.00s Sys=0.02s Real=0.01s
[2.326s][info][gc,start       ] GC(77) Pause Young (Allocation Failure)
[2.335s][info][gc,heap        ] GC(77) PSYoungGen: 16448K(48128K)->11360K(45056K) Eden: 5632K(5632K)->0K(6656K) From: 10816K(42496K)->11360K(38400K)
[2.335s][info][gc,heap        ] GC(77) ParOldGen: 363129K(393728K)->368321K(393728K)
[2.335s][info][gc,metaspace   ] GC(77) Metaspace: 6300K(6464K)->6300K(6464K) NonClass: 5767K(5824K)->5767K(5824K) Class: 533K(640K)->533K(640K)
[2.335s][info][gc             ] GC(77) Pause Young (Allocation Failure) 370M->370M(428M) 9.520ms
[2.335s][info][gc,cpu         ] GC(77) User=0.00s Sys=0.00s Real=0.01s
[2.343s][info][gc,start       ] GC(78) Pause Young (Allocation Failure)
[2.353s][info][gc,heap        ] GC(78) PSYoungGen: 18016K(45056K)->12416K(19456K) Eden: 6656K(6656K)->0K(6656K) From: 11360K(38400K)->12416K(12800K)
[2.353s][info][gc,heap        ] GC(78) ParOldGen: 368321K(393728K)->374033K(393728K)
[2.353s][info][gc,metaspace   ] GC(78) Metaspace: 6300K(6464K)->6300K(6464K) NonClass: 5767K(5824K)->5767K(5824K) Class: 533K(640K)->533K(640K)
[2.353s][info][gc             ] GC(78) Pause Young (Allocation Failure) 377M->377M(403M) 10.050ms
[2.353s][info][gc,cpu         ] GC(78) User=0.02s Sys=0.00s Real=0.01s
[2.361s][info][gc,start       ] GC(79) Pause Young (Allocation Failure)
[2.372s][info][gc,heap        ] GC(79) PSYoungGen: 19072K(19456K)->13376K(43008K) Eden: 6656K(6656K)->0K(7680K) From: 12416K(12800K)->13376K(35328K)
[2.372s][info][gc,heap        ] GC(79) ParOldGen: 374033K(393728K)->379737K(393728K)
[2.372s][info][gc,metaspace   ] GC(79) Metaspace: 6300K(6464K)->6300K(6464K) NonClass: 5767K(5824K)->5767K(5824K) Class: 533K(640K)->533K(640K)
[2.372s][info][gc             ] GC(79) Pause Young (Allocation Failure) 383M->383M(426M) 10.986ms
[2.372s][info][gc,cpu         ] GC(79) User=0.02s Sys=0.00s Real=0.01s
[2.372s][info][gc,start       ] GC(80) Pause Full (Ergonomics)
[2.372s][info][gc,phases,start] GC(80) Marking Phase
[2.459s][info][gc,phases      ] GC(80) Marking Phase 86.461ms
[2.459s][info][gc,phases,start] GC(80) Summary Phase
[2.459s][info][gc,phases      ] GC(80) Summary Phase 0.022ms
[2.459s][info][gc,phases,start] GC(80) Adjust Roots
[2.459s][info][gc,phases      ] GC(80) Adjust Roots 0.172ms
[2.459s][info][gc,phases,start] GC(80) Compaction Phase
[2.503s][info][gc,phases      ] GC(80) Compaction Phase 43.835ms
[2.503s][info][gc,phases,start] GC(80) Post Compact
[2.505s][info][gc,phases      ] GC(80) Post Compact 1.923ms
[2.505s][info][gc,heap        ] GC(80) PSYoungGen: 13376K(43008K)->0K(44544K) Eden: 0K(7680K)->0K(7680K) From: 13376K(35328K)->0K(36864K)
[2.505s][info][gc,heap        ] GC(80) ParOldGen: 379737K(393728K)->392404K(441344K)
[2.505s][info][gc,metaspace   ] GC(80) Metaspace: 6300K(6464K)->6300K(6464K) NonClass: 5767K(5824K)->5767K(5824K) Class: 533K(640K)->533K(640K)
[2.505s][info][gc             ] GC(80) Pause Full (Ergonomics) 383M->383M(474M) 133.021ms
[2.506s][info][gc,cpu         ] GC(80) User=0.81s Sys=0.00s Real=0.13s
[2.513s][info][gc,start       ] GC(81) Pause Young (Allocation Failure)
[2.520s][info][gc,heap        ] GC(81) PSYoungGen: 7680K(44544K)->7808K(44544K) Eden: 7680K(7680K)->0K(8704K) From: 0K(36864K)->7808K(35840K)
[2.520s][info][gc,heap        ] GC(81) ParOldGen: 392404K(441344K)->392404K(441344K)
[2.520s][info][gc,metaspace   ] GC(81) Metaspace: 6300K(6464K)->6300K(6464K) NonClass: 5767K(5824K)->5767K(5824K) Class: 533K(640K)->533K(640K)
[2.520s][info][gc             ] GC(81) Pause Young (Allocation Failure) 390M->390M(474M) 7.328ms
[2.520s][info][gc,cpu         ] GC(81) User=0.02s Sys=0.00s Real=0.01s
[2.531s][info][gc,start       ] GC(82) Pause Young (Allocation Failure)
[2.541s][info][gc,heap        ] GC(82) PSYoungGen: 16512K(44544K)->16544K(25600K) Eden: 8704K(8704K)->0K(8704K) From: 7808K(35840K)->16544K(16896K)
[2.541s][info][gc,heap        ] GC(82) ParOldGen: 392404K(441344K)->392404K(441344K)
[2.541s][info][gc,metaspace   ] GC(82) Metaspace: 6300K(6464K)->6300K(6464K) NonClass: 5767K(5824K)->5767K(5824K) Class: 533K(640K)->533K(640K)
[2.541s][info][gc             ] GC(82) Pause Young (Allocation Failure) 399M->399M(456M) 10.079ms
[2.541s][info][gc,cpu         ] GC(82) User=0.02s Sys=0.00s Real=0.01s
[2.551s][info][gc,start       ] GC(83) Pause Young (Allocation Failure)
[2.563s][info][gc,heap        ] GC(83) PSYoungGen: 25248K(25600K)->25216K(43008K) Eden: 8704K(8704K)->0K(8192K) From: 16544K(16896K)->25216K(34816K)
[2.563s][info][gc,heap        ] GC(83) ParOldGen: 392404K(441344K)->392404K(441344K)
[2.563s][info][gc,metaspace   ] GC(83) Metaspace: 6300K(6464K)->6300K(6464K) NonClass: 5767K(5824K)->5767K(5824K) Class: 533K(640K)->533K(640K)
[2.563s][info][gc             ] GC(83) Pause Young (Allocation Failure) 407M->407M(473M) 12.553ms
[2.563s][info][gc,cpu         ] GC(83) User=0.00s Sys=0.00s Real=0.01s
[2.572s][info][gc,start       ] GC(84) Pause Young (Allocation Failure)
[2.588s][info][gc,heap        ] GC(84) PSYoungGen: 33408K(43008K)->25696K(44544K) Eden: 8192K(8192K)->0K(8192K) From: 25216K(34816K)->25696K(36352K)
[2.588s][info][gc,heap        ] GC(84) ParOldGen: 392404K(441344K)->400196K(441344K)
[2.588s][info][gc,metaspace   ] GC(84) Metaspace: 6300K(6464K)->6300K(6464K) NonClass: 5767K(5824K)->5767K(5824K) Class: 533K(640K)->533K(640K)
[2.588s][info][gc             ] GC(84) Pause Young (Allocation Failure) 415M->415M(474M) 15.973ms
[2.588s][info][gc,cpu         ] GC(84) User=0.02s Sys=0.00s Real=0.02s
[2.597s][info][gc,start       ] GC(85) Pause Young (Allocation Failure)
[2.613s][info][gc,heap        ] GC(85) PSYoungGen: 33888K(44544K)->25216K(46592K) Eden: 8192K(8192K)->0K(8704K) From: 25696K(36352K)->25216K(37888K)
[2.613s][info][gc,heap        ] GC(85) ParOldGen: 400196K(441344K)->409020K(441344K)
[2.613s][info][gc,metaspace   ] GC(85) Metaspace: 6300K(6464K)->6300K(6464K) NonClass: 5767K(5824K)->5767K(5824K) Class: 533K(640K)->533K(640K)
[2.613s][info][gc             ] GC(85) Pause Young (Allocation Failure) 423M->424M(476M) 16.278ms
[2.613s][info][gc,cpu         ] GC(85) User=0.02s Sys=0.00s Real=0.02s
[2.622s][info][gc,start       ] GC(86) Pause Young (Allocation Failure)
[2.639s][info][gc,heap        ] GC(86) PSYoungGen: 33920K(46592K)->25152K(47616K) Eden: 8704K(8704K)->0K(8704K) From: 25216K(37888K)->25152K(38912K)
[2.639s][info][gc,heap        ] GC(86) ParOldGen: 409020K(441344K)->417844K(441344K)
[2.639s][info][gc,metaspace   ] GC(86) Metaspace: 6300K(6464K)->6300K(6464K) NonClass: 5767K(5824K)->5767K(5824K) Class: 533K(640K)->533K(640K)
[2.639s][info][gc             ] GC(86) Pause Young (Allocation Failure) 432M->432M(477M) 16.311ms
[2.639s][info][gc,cpu         ] GC(86) User=0.03s Sys=0.00s Real=0.02s
[2.649s][info][gc,start       ] GC(87) Pause Young (Allocation Failure)
[2.665s][info][gc,heap        ] GC(87) PSYoungGen: 33856K(47616K)->17504K(45568K) Eden: 8704K(8704K)->0K(10240K) From: 25152K(38912K)->17504K(35328K)
[2.665s][info][gc,heap        ] GC(87) ParOldGen: 417844K(441344K)->434420K(441344K)
[2.665s][info][gc,metaspace   ] GC(87) Metaspace: 6300K(6464K)->6300K(6464K) NonClass: 5767K(5824K)->5767K(5824K) Class: 533K(640K)->533K(640K)
[2.665s][info][gc             ] GC(87) Pause Young (Allocation Failure) 441M->441M(475M) 16.940ms
[2.665s][info][gc,cpu         ] GC(87) User=0.02s Sys=0.00s Real=0.02s
[2.666s][info][gc,start       ] GC(88) Pause Full (Ergonomics)
[2.666s][info][gc,phases,start] GC(88) Marking Phase
[2.765s][info][gc,phases      ] GC(88) Marking Phase 99.924ms
[2.766s][info][gc,phases,start] GC(88) Summary Phase
[2.766s][info][gc,phases      ] GC(88) Summary Phase 0.019ms
[2.766s][info][gc,phases,start] GC(88) Adjust Roots
[2.766s][info][gc,phases      ] GC(88) Adjust Roots 0.146ms
[2.766s][info][gc,phases,start] GC(88) Compaction Phase
[2.812s][info][gc,phases      ] GC(88) Compaction Phase 46.618ms
[2.812s][info][gc,phases,start] GC(88) Post Compact
[2.815s][info][gc,phases      ] GC(88) Post Compact 2.176ms
[2.815s][info][gc,heap        ] GC(88) PSYoungGen: 17504K(45568K)->10195K(47104K) Eden: 0K(10240K)->0K(11776K) From: 17504K(35328K)->10195K(35328K)
[2.815s][info][gc,heap        ] GC(88) ParOldGen: 434420K(441344K)->440871K(496640K)
[2.815s][info][gc,metaspace   ] GC(88) Metaspace: 6300K(6464K)->6300K(6464K) NonClass: 5767K(5824K)->5767K(5824K) Class: 533K(640K)->533K(640K)
[2.815s][info][gc             ] GC(88) Pause Full (Ergonomics) 441M->440M(531M) 149.516ms
[2.815s][info][gc,cpu         ] GC(88) User=1.00s Sys=0.00s Real=0.15s
[2.829s][info][gc,start       ] GC(89) Pause Young (Allocation Failure)
[2.859s][info][gc,heap        ] GC(89) PSYoungGen: 21971K(47104K)->11904K(49152K) Eden: 11776K(11776K)->0K(11776K) From: 10195K(35328K)->11904K(37376K)
[2.859s][info][gc,heap        ] GC(89) ParOldGen: 440871K(496640K)->451215K(496640K)
[2.859s][info][gc,metaspace   ] GC(89) Metaspace: 6300K(6464K)->6300K(6464K) NonClass: 5767K(5824K)->5767K(5824K) Class: 533K(640K)->533K(640K)
[2.859s][info][gc             ] GC(89) Pause Young (Allocation Failure) 451M->452M(533M) 29.390ms
[2.859s][info][gc,cpu         ] GC(89) User=0.14s Sys=0.00s Real=0.03s
[2.872s][info][gc,start       ] GC(90) Pause Young (Allocation Failure)
[2.885s][info][gc,heap        ] GC(90) PSYoungGen: 23680K(49152K)->11872K(48128K) Eden: 11776K(11776K)->0K(13312K) From: 11904K(37376K)->11872K(34816K)
[2.885s][info][gc,heap        ] GC(90) ParOldGen: 451215K(496640K)->463151K(496640K)
[2.885s][info][gc,metaspace   ] GC(90) Metaspace: 6300K(6464K)->6300K(6464K) NonClass: 5767K(5824K)->5767K(5824K) Class: 533K(640K)->533K(640K)
[2.885s][info][gc             ] GC(90) Pause Young (Allocation Failure) 463M->463M(532M) 13.620ms
[2.885s][info][gc,cpu         ] GC(90) User=0.02s Sys=0.00s Real=0.01s
[2.901s][info][gc,start       ] GC(91) Pause Young (Allocation Failure)
[2.916s][info][gc,heap        ] GC(91) PSYoungGen: 25184K(48128K)->13408K(49152K) Eden: 13312K(13312K)->0K(13312K) From: 11872K(34816K)->13408K(35840K)
[2.916s][info][gc,heap        ] GC(91) ParOldGen: 463151K(496640K)->475095K(496640K)
[2.916s][info][gc,metaspace   ] GC(91) Metaspace: 6300K(6464K)->6300K(6464K) NonClass: 5767K(5824K)->5767K(5824K) Class: 533K(640K)->533K(640K)
[2.916s][info][gc             ] GC(91) Pause Young (Allocation Failure) 476M->477M(533M) 14.419ms
[2.916s][info][gc,cpu         ] GC(91) User=0.02s Sys=0.00s Real=0.01s
[2.931s][info][gc,start       ] GC(92) Pause Young (Allocation Failure)
[2.946s][info][gc,heap        ] GC(92) PSYoungGen: 26720K(49152K)->13408K(47616K) Eden: 13312K(13312K)->0K(14848K) From: 13408K(35840K)->13408K(32768K)
[2.947s][info][gc,heap        ] GC(92) ParOldGen: 475095K(496640K)->488591K(496640K)
[2.947s][info][gc,metaspace   ] GC(92) Metaspace: 6300K(6464K)->6300K(6464K) NonClass: 5767K(5824K)->5767K(5824K) Class: 533K(640K)->533K(640K)
[2.947s][info][gc             ] GC(92) Pause Young (Allocation Failure) 490M->490M(531M) 15.342ms
[2.947s][info][gc,cpu         ] GC(92) User=0.02s Sys=0.00s Real=0.02s
[2.947s][info][gc,start       ] GC(93) Pause Full (Ergonomics)
[2.947s][info][gc,phases,start] GC(93) Marking Phase
[3.060s][info][gc,phases      ] GC(93) Marking Phase 112.916ms
[3.060s][info][gc,phases,start] GC(93) Summary Phase
[3.060s][info][gc,phases      ] GC(93) Summary Phase 0.020ms
[3.060s][info][gc,phases,start] GC(93) Adjust Roots
[3.060s][info][gc,phases      ] GC(93) Adjust Roots 0.149ms
[3.060s][info][gc,phases,start] GC(93) Compaction Phase
[3.108s][info][gc,phases      ] GC(93) Compaction Phase 48.598ms
[3.109s][info][gc,phases,start] GC(93) Post Compact
[3.111s][info][gc,phases      ] GC(93) Post Compact 2.397ms
[3.111s][info][gc,heap        ] GC(93) PSYoungGen: 13408K(47616K)->4597K(48640K) Eden: 0K(14848K)->0K(15872K) From: 13408K(32768K)->4597K(32768K)
[3.111s][info][gc,heap        ] GC(93) ParOldGen: 488591K(496640K)->496520K(559104K)
[3.111s][info][gc,metaspace   ] GC(93) Metaspace: 6300K(6464K)->6300K(6464K) NonClass: 5767K(5824K)->5767K(5824K) Class: 533K(640K)->533K(640K)
[3.111s][info][gc             ] GC(93) Pause Full (Ergonomics) 490M->489M(593M) 164.649ms
[3.111s][info][gc,cpu         ] GC(93) User=1.16s Sys=0.00s Real=0.16s
[3.130s][info][gc,start       ] GC(94) Pause Young (Allocation Failure)
[3.162s][info][gc,heap        ] GC(94) PSYoungGen: 20469K(48640K)->15968K(49664K) Eden: 15872K(15872K)->0K(15872K) From: 4597K(32768K)->15968K(33792K)
[3.162s][info][gc,heap        ] GC(94) ParOldGen: 496520K(559104K)->501200K(559104K)
[3.162s][info][gc,metaspace   ] GC(94) Metaspace: 6300K(6464K)->6300K(6464K) NonClass: 5767K(5824K)->5767K(5824K) Class: 533K(640K)->533K(640K)
[3.162s][info][gc             ] GC(94) Pause Young (Allocation Failure) 504M->505M(594M) 31.717ms
[3.162s][info][gc,cpu         ] GC(94) User=0.14s Sys=0.00s Real=0.03s
[3.180s][info][gc,start       ] GC(95) Pause Young (Allocation Failure)
[3.197s][info][gc,heap        ] GC(95) PSYoungGen: 31840K(49664K)->31840K(46080K) Eden: 15872K(15872K)->0K(13824K) From: 15968K(33792K)->31840K(32256K)
[3.197s][info][gc,heap        ] GC(95) ParOldGen: 501200K(559104K)->501200K(559104K)
[3.197s][info][gc,metaspace   ] GC(95) Metaspace: 6300K(6464K)->6300K(6464K) NonClass: 5767K(5824K)->5767K(5824K) Class: 533K(640K)->533K(640K)
[3.197s][info][gc             ] GC(95) Pause Young (Allocation Failure) 520M->520M(591M) 17.142ms
[3.197s][info][gc,cpu         ] GC(95) User=0.03s Sys=0.00s Real=0.02s
[3.213s][info][gc,start       ] GC(96) Pause Young (Allocation Failure)
[3.236s][info][gc,heap        ] GC(96) PSYoungGen: 45664K(46080K)->36352K(50176K) Eden: 13824K(13824K)->0K(13824K) From: 31840K(32256K)->36352K(36352K)
[3.236s][info][gc,heap        ] GC(96) ParOldGen: 501200K(559104K)->510536K(559104K)
[3.236s][info][gc,metaspace   ] GC(96) Metaspace: 6300K(6464K)->6300K(6464K) NonClass: 5767K(5824K)->5767K(5824K) Class: 533K(640K)->533K(640K)
[3.236s][info][gc             ] GC(96) Pause Young (Allocation Failure) 534M->534M(595M) 22.774ms
[3.236s][info][gc,cpu         ] GC(96) User=0.12s Sys=0.00s Real=0.02s
[3.252s][info][gc,start       ] GC(97) Pause Young (Allocation Failure)
[3.277s][info][gc,heap        ] GC(97) PSYoungGen: 50176K(50176K)->24288K(57856K) Eden: 13824K(13824K)->0K(15360K) From: 36352K(36352K)->24288K(42496K)
[3.277s][info][gc,heap        ] GC(97) ParOldGen: 510536K(559104K)->536880K(559104K)
[3.277s][info][gc,metaspace   ] GC(97) Metaspace: 6300K(6464K)->6300K(6464K) NonClass: 5767K(5824K)->5767K(5824K) Class: 533K(640K)->533K(640K)
[3.277s][info][gc             ] GC(97) Pause Young (Allocation Failure) 547M->548M(602M) 24.843ms
[3.277s][info][gc,cpu         ] GC(97) User=0.11s Sys=0.03s Real=0.02s
[3.277s][info][gc,start       ] GC(98) Pause Full (Ergonomics)
[3.277s][info][gc,phases,start] GC(98) Marking Phase
[3.398s][info][gc,phases      ] GC(98) Marking Phase 121.776ms
[3.399s][info][gc,phases,start] GC(98) Summary Phase
[3.399s][info][gc,phases      ] GC(98) Summary Phase 0.021ms
[3.399s][info][gc,phases,start] GC(98) Adjust Roots
[3.399s][info][gc,phases      ] GC(98) Adjust Roots 0.149ms
[3.399s][info][gc,phases,start] GC(98) Compaction Phase
[3.450s][info][gc,phases      ] GC(98) Compaction Phase 50.851ms
[3.450s][info][gc,phases,start] GC(98) Post Compact
[3.451s][info][gc,phases      ] GC(98) Post Compact 0.917ms
[3.451s][info][gc,heap        ] GC(98) PSYoungGen: 24288K(57856K)->1633K(58880K) Eden: 0K(15360K)->0K(16384K) From: 24288K(42496K)->1633K(42496K)
[3.451s][info][gc,heap        ] GC(98) ParOldGen: 536880K(559104K)->558750K(630272K)
[3.451s][info][gc,metaspace   ] GC(98) Metaspace: 6300K(6464K)->6300K(6464K) NonClass: 5767K(5824K)->5767K(5824K) Class: 533K(640K)->533K(640K)
[3.451s][info][gc             ] GC(98) Pause Full (Ergonomics) 548M->547M(673M) 174.233ms
[3.451s][info][gc,cpu         ] GC(98) User=1.14s Sys=0.02s Real=0.17s
[3.470s][info][gc,start       ] GC(99) Pause Young (Allocation Failure)
[3.504s][info][gc,heap        ] GC(99) PSYoungGen: 18017K(58880K)->17568K(59904K) Eden: 16384K(16384K)->0K(16384K) From: 1633K(42496K)->17568K(43520K)
[3.504s][info][gc,heap        ] GC(99) ParOldGen: 558750K(630272K)->559390K(630272K)
[3.504s][info][gc,metaspace   ] GC(99) Metaspace: 6300K(6464K)->6300K(6464K) NonClass: 5767K(5824K)->5767K(5824K) Class: 533K(640K)->533K(640K)
[3.504s][info][gc             ] GC(99) Pause Young (Allocation Failure) 563M->563M(674M) 34.303ms
[3.504s][info][gc,cpu         ] GC(99) User=0.16s Sys=0.00s Real=0.03s
[3.523s][info][gc,start       ] GC(100) Pause Young (Allocation Failure)
[3.543s][info][gc,heap        ] GC(100) PSYoungGen: 33952K(59904K)->33920K(57856K) Eden: 16384K(16384K)->0K(15872K) From: 17568K(43520K)->33920K(41984K)
[3.543s][info][gc,heap        ] GC(100) ParOldGen: 559390K(630272K)->559390K(630272K)
[3.543s][info][gc,metaspace   ] GC(100) Metaspace: 6300K(6464K)->6300K(6464K) NonClass: 5767K(5824K)->5767K(5824K) Class: 533K(640K)->533K(640K)
[3.543s][info][gc             ] GC(100) Pause Young (Allocation Failure) 579M->579M(672M) 20.091ms
[3.543s][info][gc,cpu         ] GC(100) User=0.12s Sys=0.00s Real=0.02s
[3.561s][info][gc,start       ] GC(101) Pause Young (Allocation Failure)
[3.587s][info][gc,heap        ] GC(101) PSYoungGen: 49792K(57856K)->44544K(60416K) Eden: 15872K(15872K)->0K(15872K) From: 33920K(41984K)->44544K(44544K)
[3.587s][info][gc,heap        ] GC(101) ParOldGen: 559390K(630272K)->564598K(630272K)
[3.587s][info][gc,metaspace   ] GC(101) Metaspace: 6300K(6464K)->6300K(6464K) NonClass: 5767K(5824K)->5767K(5824K) Class: 533K(640K)->533K(640K)
[3.587s][info][gc             ] GC(101) Pause Young (Allocation Failure) 594M->594M(674M) 25.888ms
[3.587s][info][gc,cpu         ] GC(101) User=0.14s Sys=0.00s Real=0.02s
[3.606s][info][gc,start       ] GC(102) Pause Young (Allocation Failure)
[3.636s][info][gc,heap        ] GC(102) PSYoungGen: 60416K(60416K)->45856K(65536K) Eden: 15872K(15872K)->0K(12800K) From: 44544K(44544K)->45856K(52736K)
[3.636s][info][gc,heap        ] GC(102) ParOldGen: 564598K(630272K)->579510K(630272K)
[3.636s][info][gc,metaspace   ] GC(102) Metaspace: 6300K(6464K)->6300K(6464K) NonClass: 5767K(5824K)->5767K(5824K) Class: 533K(640K)->533K(640K)
[3.636s][info][gc             ] GC(102) Pause Young (Allocation Failure) 610M->610M(679M) 29.788ms
[3.636s][info][gc,cpu         ] GC(102) User=0.12s Sys=0.02s Real=0.03s
[3.652s][info][gc,start       ] GC(103) Pause Young (Allocation Failure)
[3.682s][info][gc,heap        ] GC(103) PSYoungGen: 58656K(65536K)->42880K(70656K) Eden: 12800K(12800K)->0K(12800K) From: 45856K(52736K)->42880K(57856K)
[3.682s][info][gc,heap        ] GC(103) ParOldGen: 579510K(630272K)->595462K(630272K)
[3.682s][info][gc,metaspace   ] GC(103) Metaspace: 6300K(6464K)->6300K(6464K) NonClass: 5767K(5824K)->5767K(5824K) Class: 533K(640K)->533K(640K)
[3.682s][info][gc             ] GC(103) Pause Young (Allocation Failure) 623M->623M(684M) 29.683ms
[3.682s][info][gc,cpu         ] GC(103) User=0.14s Sys=0.00s Real=0.03s
[3.698s][info][gc,start       ] GC(104) Pause Young (Allocation Failure)
[3.727s][info][gc,heap        ] GC(104) PSYoungGen: 55680K(70656K)->41568K(73216K) Eden: 12800K(12800K)->0K(12800K) From: 42880K(57856K)->41568K(60416K)
[3.727s][info][gc,heap        ] GC(104) ParOldGen: 595462K(630272K)->609766K(630272K)
[3.727s][info][gc,metaspace   ] GC(104) Metaspace: 6300K(6464K)->6300K(6464K) NonClass: 5767K(5824K)->5767K(5824K) Class: 533K(640K)->533K(640K)
[3.727s][info][gc             ] GC(104) Pause Young (Allocation Failure) 635M->636M(687M) 28.612ms
[3.727s][info][gc,cpu         ] GC(104) User=0.14s Sys=0.00s Real=0.03s
[3.727s][info][gc,start       ] GC(105) Pause Full (Ergonomics)
[3.727s][info][gc,phases,start] GC(105) Marking Phase
[3.876s][info][gc,phases      ] GC(105) Marking Phase 149.337ms
[3.877s][info][gc,phases,start] GC(105) Summary Phase
[3.877s][info][gc,phases      ] GC(105) Summary Phase 0.025ms
[3.877s][info][gc,phases,start] GC(105) Adjust Roots
[3.877s][info][gc,phases      ] GC(105) Adjust Roots 0.151ms
[3.877s][info][gc,phases,start] GC(105) Compaction Phase
[3.933s][info][gc,phases      ] GC(105) Compaction Phase 56.080ms
[3.933s][info][gc,phases,start] GC(105) Post Compact
[3.934s][info][gc,phases      ] GC(105) Post Compact 1.023ms
[3.934s][info][gc,heap        ] GC(105) PSYoungGen: 41568K(73216K)->20427K(73216K) Eden: 0K(12800K)->0K(12800K) From: 41568K(60416K)->20427K(60416K)
[3.934s][info][gc,heap        ] GC(105) ParOldGen: 609766K(630272K)->629883K(707584K)
[3.934s][info][gc,metaspace   ] GC(105) Metaspace: 6300K(6464K)->6300K(6464K) NonClass: 5767K(5824K)->5767K(5824K) Class: 533K(640K)->533K(640K)
[3.934s][info][gc             ] GC(105) Pause Full (Ergonomics) 636M->635M(762M) 207.319ms
[3.934s][info][gc,cpu         ] GC(105) User=1.59s Sys=0.03s Real=0.21s
[3.948s][info][gc,start       ] GC(106) Pause Young (Allocation Failure)
[3.990s][info][gc,heap        ] GC(106) PSYoungGen: 33227K(73216K)->18112K(74752K) Eden: 12800K(12800K)->0K(12800K) From: 20427K(60416K)->18112K(61952K)
[3.990s][info][gc,heap        ] GC(106) ParOldGen: 629883K(707584K)->645307K(707584K)
[3.990s][info][gc,metaspace   ] GC(106) Metaspace: 6300K(6464K)->6300K(6464K) NonClass: 5767K(5824K)->5767K(5824K) Class: 533K(640K)->533K(640K)
[3.990s][info][gc             ] GC(106) Pause Young (Allocation Failure) 647M->647M(764M) 41.951ms
[3.990s][info][gc,cpu         ] GC(106) User=0.20s Sys=0.05s Real=0.04s
[4.007s][info][gc,start       ] GC(107) Pause Young (Allocation Failure)
[4.025s][info][gc,heap        ] GC(107) PSYoungGen: 30912K(74752K)->25760K(70144K) Eden: 12800K(12800K)->0K(14336K) From: 18112K(61952K)->25760K(55808K)
[4.025s][info][gc,heap        ] GC(107) ParOldGen: 645307K(707584K)->650627K(707584K)
[4.025s][info][gc,metaspace   ] GC(107) Metaspace: 6300K(6464K)->6300K(6464K) NonClass: 5767K(5824K)->5767K(5824K) Class: 533K(640K)->533K(640K)
[4.025s][info][gc             ] GC(107) Pause Young (Allocation Failure) 660M->660M(759M) 18.449ms
[4.025s][info][gc,cpu         ] GC(107) User=0.03s Sys=0.00s Real=0.02s
[4.044s][info][gc,start       ] GC(108) Pause Young (Allocation Failure)
[4.066s][info][gc,heap        ] GC(108) PSYoungGen: 40096K(70144K)->27264K(41984K) Eden: 14336K(14336K)->0K(14336K) From: 25760K(55808K)->27264K(27648K)
[4.066s][info][gc,heap        ] GC(108) ParOldGen: 650627K(707584K)->663595K(707584K)
[4.066s][info][gc,metaspace   ] GC(108) Metaspace: 6300K(6464K)->6300K(6464K) NonClass: 5767K(5824K)->5767K(5824K) Class: 533K(640K)->533K(640K)
[4.066s][info][gc             ] GC(108) Pause Young (Allocation Failure) 674M->674M(732M) 21.491ms
[4.066s][info][gc,cpu         ] GC(108) User=0.12s Sys=0.00s Real=0.02s
[4.085s][info][gc,start       ] GC(109) Pause Young (Allocation Failure)
[4.107s][info][gc,heap        ] GC(109) PSYoungGen: 41600K(41984K)->28832K(67584K) Eden: 14336K(14336K)->0K(16384K) From: 27264K(27648K)->28832K(51200K)
[4.107s][info][gc,heap        ] GC(109) ParOldGen: 663595K(707584K)->676579K(707584K)
[4.107s][info][gc,metaspace   ] GC(109) Metaspace: 6300K(6464K)->6300K(6464K) NonClass: 5767K(5824K)->5767K(5824K) Class: 533K(640K)->533K(640K)
[4.107s][info][gc             ] GC(109) Pause Young (Allocation Failure) 688M->688M(757M) 22.672ms
[4.107s][info][gc,cpu         ] GC(109) User=0.11s Sys=0.02s Real=0.02s
[4.270s][info][gc,start       ] GC(110) Pause Young (Allocation Failure)
[4.308s][info][gc,heap        ] GC(110) PSYoungGen: 45216K(67584K)->30848K(69632K) Eden: 16384K(16384K)->0K(16384K) From: 28832K(51200K)->30848K(53248K)
[4.309s][info][gc,heap        ] GC(110) ParOldGen: 709347K(740864K)->723891K(740864K)
[4.309s][info][gc,metaspace   ] GC(110) Metaspace: 6300K(6464K)->6300K(6464K) NonClass: 5767K(5824K)->5767K(5824K) Class: 533K(640K)->533K(640K)
[4.309s][info][gc             ] GC(110) Pause Young (Allocation Failure) 736M->737M(791M) 38.145ms
[4.309s][info][gc,cpu         ] GC(110) User=0.16s Sys=0.02s Real=0.04s
[4.309s][info][gc,start       ] GC(111) Pause Full (Ergonomics)
[4.309s][info][gc,phases,start] GC(111) Marking Phase
[4.472s][info][gc,phases      ] GC(111) Marking Phase 163.023ms
[4.472s][info][gc,phases,start] GC(111) Summary Phase
[4.472s][info][gc,phases      ] GC(111) Summary Phase 0.046ms
[4.472s][info][gc,phases,start] GC(111) Adjust Roots
[4.472s][info][gc,phases      ] GC(111) Adjust Roots 0.231ms
[4.472s][info][gc,phases,start] GC(111) Compaction Phase
[4.598s][info][gc,phases      ] GC(111) Compaction Phase 125.607ms
[4.598s][info][gc,phases,start] GC(111) Post Compact
[4.599s][info][gc,phases      ] GC(111) Post Compact 1.464ms
[4.600s][info][gc,heap        ] GC(111) PSYoungGen: 30848K(69632K)->0K(70144K) Eden: 0K(16384K)->0K(18432K) From: 30848K(53248K)->0K(51712K)
[4.600s][info][gc,heap        ] GC(111) ParOldGen: 723891K(740864K)->737203K(820224K)
[4.600s][info][gc,metaspace   ] GC(111) Metaspace: 6300K(6464K)->6300K(6464K) NonClass: 5767K(5824K)->5767K(5824K) Class: 533K(640K)->533K(640K)
[4.600s][info][gc             ] GC(111) Pause Full (Ergonomics) 737M->719M(869M) 290.995ms
[4.600s][info][gc,cpu         ] GC(111) User=1.89s Sys=0.00s Real=0.29s
[4.621s][info][gc,start       ] GC(112) Pause Young (Allocation Failure)
[4.634s][info][gc,heap        ] GC(112) PSYoungGen: 18432K(70144K)->18528K(70144K) Eden: 18432K(18432K)->0K(18432K) From: 0K(51712K)->18528K(51712K)
[4.634s][info][gc,heap        ] GC(112) ParOldGen: 737203K(820224K)->737203K(820224K)
[4.634s][info][gc,metaspace   ] GC(112) Metaspace: 6300K(6464K)->6300K(6464K) NonClass: 5767K(5824K)->5767K(5824K) Class: 533K(640K)->533K(640K)
[4.634s][info][gc             ] GC(112) Pause Young (Allocation Failure) 737M->738M(869M) 13.696ms
[4.634s][info][gc,cpu         ] GC(112) User=0.02s Sys=0.00s Real=0.01s
[4.654s][info][gc,start       ] GC(113) Pause Young (Allocation Failure)
[4.675s][info][gc,heap        ] GC(113) PSYoungGen: 36960K(70144K)->37056K(69632K) Eden: 18432K(18432K)->0K(18944K) From: 18528K(51712K)->37056K(50688K)
[4.675s][info][gc,heap        ] GC(113) ParOldGen: 737203K(820224K)->737203K(820224K)
[4.675s][info][gc,metaspace   ] GC(113) Metaspace: 6300K(6464K)->6300K(6464K) NonClass: 5767K(5824K)->5767K(5824K) Class: 533K(640K)->533K(640K)
[4.675s][info][gc             ] GC(113) Pause Young (Allocation Failure) 756M->756M(869M) 20.875ms
[4.675s][info][gc,cpu         ] GC(113) User=0.02s Sys=0.00s Real=0.02s
[4.696s][info][gc,start       ] GC(114) Pause Young (Allocation Failure)
[4.724s][info][gc,heap        ] GC(114) PSYoungGen: 56000K(69632K)->52224K(71168K) Eden: 18944K(18944K)->0K(18944K) From: 37056K(50688K)->52224K(52224K)
[4.724s][info][gc,heap        ] GC(114) ParOldGen: 737203K(820224K)->740891K(820224K)
[4.724s][info][gc,metaspace   ] GC(114) Metaspace: 6300K(6464K)->6300K(6464K) NonClass: 5767K(5824K)->5767K(5824K) Class: 533K(640K)->533K(640K)
[4.724s][info][gc             ] GC(114) Pause Young (Allocation Failure) 774M->774M(870M) 28.172ms
[4.724s][info][gc,cpu         ] GC(114) User=0.03s Sys=0.00s Real=0.03s
[4.742s][info][gc,start       ] GC(115) Pause Young (Allocation Failure)
[4.776s][info][gc,heap        ] GC(115) PSYoungGen: 71168K(71168K)->59904K(69120K) Eden: 18944K(18944K)->0K(9216K) From: 52224K(52224K)->59904K(59904K)
[4.776s][info][gc,heap        ] GC(115) ParOldGen: 740891K(820224K)->752299K(820224K)
[4.776s][info][gc,metaspace   ] GC(115) Metaspace: 6300K(6464K)->6300K(6464K) NonClass: 5767K(5824K)->5767K(5824K) Class: 533K(640K)->533K(640K)
[4.776s][info][gc             ] GC(115) Pause Young (Allocation Failure) 793M->793M(868M) 34.080ms
[4.776s][info][gc,cpu         ] GC(115) User=0.19s Sys=0.06s Real=0.04s
[4.787s][info][gc,start       ] GC(116) Pause Young (Allocation Failure)
[4.819s][info][gc,heap        ] GC(116) PSYoungGen: 69120K(69120K)->38080K(47616K) Eden: 9216K(9216K)->0K(9216K) From: 59904K(59904K)->38080K(38400K)
[4.819s][info][gc,heap        ] GC(116) ParOldGen: 752299K(820224K)->783835K(820224K)
[4.819s][info][gc,metaspace   ] GC(116) Metaspace: 6300K(6464K)->6300K(6464K) NonClass: 5767K(5824K)->5767K(5824K) Class: 533K(640K)->533K(640K)
[4.819s][info][gc             ] GC(116) Pause Young (Allocation Failure) 802M->802M(847M) 32.839ms
[4.819s][info][gc,cpu         ] GC(116) User=0.19s Sys=0.06s Real=0.03s
[4.829s][info][gc,start       ] GC(117) Pause Young (Allocation Failure)
[4.854s][info][gc,heap        ] GC(117) PSYoungGen: 47296K(47616K)->18560K(78848K) Eden: 9216K(9216K)->0K(10752K) From: 38080K(38400K)->18560K(68096K)
[4.854s][info][gc,heap        ] GC(117) ParOldGen: 783835K(820224K)->812963K(820224K)
[4.854s][info][gc,metaspace   ] GC(117) Metaspace: 6300K(6464K)->6300K(6464K) NonClass: 5767K(5824K)->5767K(5824K) Class: 533K(640K)->533K(640K)
[4.854s][info][gc             ] GC(117) Pause Young (Allocation Failure) 811M->812M(878M) 24.487ms
[4.854s][info][gc,cpu         ] GC(117) User=0.12s Sys=0.02s Real=0.03s
[4.854s][info][gc,start       ] GC(118) Pause Full (Ergonomics)
[4.854s][info][gc,phases,start] GC(118) Marking Phase
[5.036s][info][gc,phases      ] GC(118) Marking Phase 181.697ms
[5.036s][info][gc,phases,start] GC(118) Summary Phase
[5.036s][info][gc,phases      ] GC(118) Summary Phase 0.022ms
[5.036s][info][gc,phases,start] GC(118) Adjust Roots
[5.036s][info][gc,phases      ] GC(118) Adjust Roots 0.149ms
[5.036s][info][gc,phases,start] GC(118) Compaction Phase
[5.119s][info][gc,phases      ] GC(118) Compaction Phase 83.044ms
[5.119s][info][gc,phases,start] GC(118) Post Compact
[5.120s][info][gc,phases      ] GC(118) Post Compact 1.481ms
[5.121s][info][gc,heap        ] GC(118) PSYoungGen: 18560K(78848K)->10205K(79360K) Eden: 0K(10752K)->0K(11264K) From: 18560K(68096K)->10205K(68096K)
[5.121s][info][gc,heap        ] GC(118) ParOldGen: 812963K(820224K)->819993K(918528K)
[5.121s][info][gc,metaspace   ] GC(118) Metaspace: 6300K(6464K)->6300K(6464K) NonClass: 5767K(5824K)->5767K(5824K) Class: 533K(640K)->533K(640K)
[5.121s][info][gc             ] GC(118) Pause Full (Ergonomics) 812M->810M(974M) 267.177ms
[5.121s][info][gc,cpu         ] GC(118) User=1.80s Sys=0.00s Real=0.27s
[5.134s][info][gc,start       ] GC(119) Pause Young (Allocation Failure)
[5.178s][info][gc,heap        ] GC(119) PSYoungGen: 21469K(79360K)->11392K(79872K) Eden: 11264K(11264K)->0K(11264K) From: 10205K(68096K)->11392K(68608K)
[5.178s][info][gc,heap        ] GC(119) ParOldGen: 819993K(918528K)->830353K(918528K)
[5.178s][info][gc,metaspace   ] GC(119) Metaspace: 6300K(6464K)->6300K(6464K) NonClass: 5767K(5824K)->5767K(5824K) Class: 533K(640K)->533K(640K)
[5.178s][info][gc             ] GC(119) Pause Young (Allocation Failure) 821M->822M(975M) 44.553ms
[5.178s][info][gc,cpu         ] GC(119) User=0.27s Sys=0.00s Real=0.04s
[5.191s][info][gc,start       ] GC(120) Pause Young (Allocation Failure)
[5.208s][info][gc,heap        ] GC(120) PSYoungGen: 22656K(79872K)->11392K(81920K) Eden: 11264K(11264K)->0K(12800K) From: 11392K(68608K)->11392K(69120K)
[5.208s][info][gc,heap        ] GC(120) ParOldGen: 830353K(918528K)->841769K(918528K)
[5.208s][info][gc,metaspace   ] GC(120) Metaspace: 6300K(6464K)->6300K(6464K) NonClass: 5767K(5824K)->5767K(5824K) Class: 533K(640K)->533K(640K)
[5.208s][info][gc             ] GC(120) Pause Young (Allocation Failure) 833M->833M(977M) 16.399ms
[5.208s][info][gc,cpu         ] GC(120) User=0.02s Sys=0.00s Real=0.02s
[5.222s][info][gc,start       ] GC(121) Pause Young (Allocation Failure)
[5.240s][info][gc,heap        ] GC(121) PSYoungGen: 24192K(81920K)->12896K(81920K) Eden: 12800K(12800K)->0K(12800K) From: 11392K(69120K)->12896K(69120K)
[5.240s][info][gc,heap        ] GC(121) ParOldGen: 841769K(918528K)->853185K(918528K)
[5.240s][info][gc,metaspace   ] GC(121) Metaspace: 6300K(6464K)->6300K(6464K) NonClass: 5767K(5824K)->5767K(5824K) Class: 533K(640K)->533K(640K)
[5.240s][info][gc             ] GC(121) Pause Young (Allocation Failure) 845M->845M(977M) 17.784ms
[5.240s][info][gc,cpu         ] GC(121) User=0.02s Sys=0.00s Real=0.02s
[5.255s][info][gc,start       ] GC(122) Pause Young (Allocation Failure)
[5.273s][info][gc,heap        ] GC(122) PSYoungGen: 25696K(81920K)->12896K(79872K) Eden: 12800K(12800K)->0K(14336K) From: 12896K(69120K)->12896K(65536K)
[5.273s][info][gc,heap        ] GC(122) ParOldGen: 853185K(918528K)->866169K(918528K)
[5.273s][info][gc,metaspace   ] GC(122) Metaspace: 6300K(6464K)->6300K(6464K) NonClass: 5767K(5824K)->5767K(5824K) Class: 533K(640K)->533K(640K)
[5.273s][info][gc             ] GC(122) Pause Young (Allocation Failure) 858M->858M(975M) 18.264ms
[5.273s][info][gc,cpu         ] GC(122) User=0.02s Sys=0.00s Real=0.02s
[5.290s][info][gc,start       ] GC(123) Pause Young (Allocation Failure)
[5.309s][info][gc,heap        ] GC(123) PSYoungGen: 27232K(79872K)->14464K(80896K) Eden: 14336K(14336K)->0K(14336K) From: 12896K(65536K)->14464K(66560K)
[5.309s][info][gc,heap        ] GC(123) ParOldGen: 866169K(918528K)->879137K(918528K)
[5.309s][info][gc,metaspace   ] GC(123) Metaspace: 6300K(6464K)->6300K(6464K) NonClass: 5767K(5824K)->5767K(5824K) Class: 533K(640K)->533K(640K)
[5.309s][info][gc             ] GC(123) Pause Young (Allocation Failure) 872M->872M(976M) 18.795ms
[5.309s][info][gc,cpu         ] GC(123) User=0.03s Sys=0.00s Real=0.02s
[5.325s][info][gc,start       ] GC(124) Pause Young (Allocation Failure)
[5.342s][info][gc,heap        ] GC(124) PSYoungGen: 28800K(80896K)->14432K(76800K) Eden: 14336K(14336K)->0K(16384K) From: 14464K(66560K)->14432K(60416K)
[5.342s][info][gc,heap        ] GC(124) ParOldGen: 879137K(918528K)->893665K(918528K)
[5.342s][info][gc,metaspace   ] GC(124) Metaspace: 6300K(6464K)->6300K(6464K) NonClass: 5767K(5824K)->5767K(5824K) Class: 533K(640K)->533K(640K)
[5.342s][info][gc             ] GC(124) Pause Young (Allocation Failure) 886M->886M(972M) 17.706ms
[5.342s][info][gc,cpu         ] GC(124) User=0.03s Sys=0.00s Real=0.02s
[5.342s][info][gc,start       ] GC(125) Pause Full (Ergonomics)
[5.342s][info][gc,phases,start] GC(125) Marking Phase
[5.545s][info][gc,phases      ] GC(125) Marking Phase 202.506ms
[5.545s][info][gc,phases,start] GC(125) Summary Phase
[5.545s][info][gc,phases      ] GC(125) Summary Phase 0.027ms
[5.545s][info][gc,phases,start] GC(125) Adjust Roots
[5.545s][info][gc,phases      ] GC(125) Adjust Roots 0.150ms
[5.545s][info][gc,phases,start] GC(125) Compaction Phase
[5.631s][info][gc,phases      ] GC(125) Compaction Phase 86.336ms
[5.632s][info][gc,phases,start] GC(125) Post Compact
[5.633s][info][gc,phases      ] GC(125) Post Compact 1.557ms
[5.633s][info][gc,heap        ] GC(125) PSYoungGen: 14432K(76800K)->0K(78848K) Eden: 0K(16384K)->0K(16384K) From: 14432K(60416K)->0K(62464K)
[5.633s][info][gc,heap        ] GC(125) ParOldGen: 893665K(918528K)->906802K(1004032K)
[5.633s][info][gc,metaspace   ] GC(125) Metaspace: 6300K(6464K)->6300K(6464K) NonClass: 5767K(5824K)->5767K(5824K) Class: 533K(640K)->533K(640K)
[5.633s][info][gc             ] GC(125) Pause Full (Ergonomics) 886M->885M(1057M) 291.168ms
[5.633s][info][gc,cpu         ] GC(125) User=2.08s Sys=0.02s Real=0.29s
[5.654s][info][gc,start       ] GC(126) Pause Young (Allocation Failure)
[5.668s][info][gc,heap        ] GC(126) PSYoungGen: 16384K(78848K)->16512K(75776K) Eden: 16384K(16384K)->0K(18432K) From: 0K(62464K)->16512K(57344K)
[5.668s][info][gc,heap        ] GC(126) ParOldGen: 906802K(1004032K)->906802K(1004032K)
[5.668s][info][gc,metaspace   ] GC(126) Metaspace: 6300K(6464K)->6300K(6464K) NonClass: 5767K(5824K)->5767K(5824K) Class: 533K(640K)->533K(640K)
[5.668s][info][gc             ] GC(126) Pause Young (Allocation Failure) 901M->901M(1054M) 14.520ms
[5.668s][info][gc,cpu         ] GC(126) User=0.02s Sys=0.00s Real=0.02s
[5.689s][info][gc,start       ] GC(127) Pause Young (Allocation Failure)
[5.708s][info][gc,heap        ] GC(127) PSYoungGen: 34944K(75776K)->34976K(78336K) Eden: 18432K(18432K)->0K(18432K) From: 16512K(57344K)->34976K(59904K)
[5.709s][info][gc,heap        ] GC(127) ParOldGen: 906802K(1004032K)->906802K(1004032K)
[5.709s][info][gc,metaspace   ] GC(127) Metaspace: 6300K(6464K)->6300K(6464K) NonClass: 5767K(5824K)->5767K(5824K) Class: 533K(640K)->533K(640K)
[5.709s][info][gc             ] GC(127) Pause Young (Allocation Failure) 919M->919M(1057M) 20.051ms
[5.709s][info][gc,cpu         ] GC(127) User=0.05s Sys=0.03s Real=0.02s
[5.729s][info][gc,start       ] GC(128) Pause Young (Allocation Failure)
[5.756s][info][gc,heap        ] GC(128) PSYoungGen: 53408K(78336K)->53376K(73728K) Eden: 18432K(18432K)->0K(13312K) From: 34976K(59904K)->53376K(60416K)
[5.756s][info][gc,heap        ] GC(128) ParOldGen: 906802K(1004032K)->906802K(1004032K)
[5.756s][info][gc,metaspace   ] GC(128) Metaspace: 6300K(6464K)->6300K(6464K) NonClass: 5767K(5824K)->5767K(5824K) Class: 533K(640K)->533K(640K)
[5.756s][info][gc             ] GC(128) Pause Young (Allocation Failure) 937M->937M(1052M) 27.587ms
[5.756s][info][gc,cpu         ] GC(128) User=0.14s Sys=0.00s Real=0.03s
[5.771s][info][gc,start       ] GC(129) Pause Young (Allocation Failure)
[5.804s][info][gc,heap        ] GC(129) PSYoungGen: 66688K(73728K)->50336K(80896K) Eden: 13312K(13312K)->0K(13312K) From: 53376K(60416K)->50336K(67584K)
[5.804s][info][gc,heap        ] GC(129) ParOldGen: 906802K(1004032K)->923410K(1004032K)
[5.804s][info][gc,metaspace   ] GC(129) Metaspace: 6300K(6464K)->6300K(6464K) NonClass: 5767K(5824K)->5767K(5824K) Class: 533K(640K)->533K(640K)
[5.804s][info][gc             ] GC(129) Pause Young (Allocation Failure) 950M->950M(1059M) 32.645ms
[5.804s][info][gc,cpu         ] GC(129) User=0.14s Sys=0.00s Real=0.03s
[5.818s][info][gc,start       ] GC(130) Pause Young (Allocation Failure)
[5.850s][info][gc,heap        ] GC(130) PSYoungGen: 63648K(80896K)->45184K(86016K) Eden: 13312K(13312K)->0K(13824K) From: 50336K(67584K)->45184K(72192K)
[5.850s][info][gc,heap        ] GC(130) ParOldGen: 923410K(1004032K)->942082K(1004032K)
[5.850s][info][gc,metaspace   ] GC(130) Metaspace: 6300K(6464K)->6300K(6464K) NonClass: 5767K(5824K)->5767K(5824K) Class: 533K(640K)->533K(640K)
[5.850s][info][gc             ] GC(130) Pause Young (Allocation Failure) 963M->964M(1064M) 31.526ms
[5.850s][info][gc,cpu         ] GC(130) User=0.12s Sys=0.02s Real=0.03s
[5.866s][info][gc,start       ] GC(131) Pause Young (Allocation Failure)
[5.895s][info][gc,heap        ] GC(131) PSYoungGen: 59008K(86016K)->27264K(41472K) Eden: 13824K(13824K)->0K(13824K) From: 45184K(72192K)->27264K(27648K)
[5.895s][info][gc,heap        ] GC(131) ParOldGen: 942082K(1004032K)->974226K(1004032K)
[5.895s][info][gc,metaspace   ] GC(131) Metaspace: 6300K(6464K)->6300K(6464K) NonClass: 5767K(5824K)->5767K(5824K) Class: 533K(640K)->533K(640K)
[5.895s][info][gc             ] GC(131) Pause Young (Allocation Failure) 977M->978M(1021M) 29.683ms
[5.895s][info][gc,cpu         ] GC(131) User=0.12s Sys=0.02s Real=0.03s
[5.895s][info][gc,start       ] GC(132) Pause Full (Ergonomics)
[5.895s][info][gc,phases,start] GC(132) Marking Phase
[6.120s][info][gc,phases      ] GC(132) Marking Phase 224.382ms
[6.120s][info][gc,phases,start] GC(132) Summary Phase
[6.120s][info][gc,phases      ] GC(132) Summary Phase 0.034ms
[6.120s][info][gc,phases,start] GC(132) Adjust Roots
[6.120s][info][gc,phases      ] GC(132) Adjust Roots 0.174ms
[6.120s][info][gc,phases,start] GC(132) Compaction Phase
[6.204s][info][gc,phases      ] GC(132) Compaction Phase 83.787ms
[6.204s][info][gc,phases,start] GC(132) Post Compact
[6.206s][info][gc,phases      ] GC(132) Post Compact 1.601ms
[6.206s][info][gc,heap        ] GC(132) PSYoungGen: 27264K(41472K)->0K(86016K) Eden: 0K(13824K)->0K(15872K) From: 27264K(27648K)->0K(70144K)
[6.206s][info][gc,heap        ] GC(132) ParOldGen: 974226K(1004032K)->1000310K(1112064K)
[6.206s][info][gc,metaspace   ] GC(132) Metaspace: 6300K(6464K)->6300K(6464K) NonClass: 5767K(5824K)->5767K(5824K) Class: 533K(640K)->533K(640K)
[6.206s][info][gc             ] GC(132) Pause Full (Ergonomics) 978M->976M(1170M) 310.679ms
[6.206s][info][gc,cpu         ] GC(132) User=2.17s Sys=0.00s Real=0.31s
[6.226s][info][gc,start       ] GC(133) Pause Young (Allocation Failure)
[6.240s][info][gc,heap        ] GC(133) PSYoungGen: 15872K(86016K)->16000K(86016K) Eden: 15872K(15872K)->0K(15872K) From: 0K(70144K)->16000K(70144K)
[6.240s][info][gc,heap        ] GC(133) ParOldGen: 1000310K(1112064K)->1000310K(1112064K)
[6.240s][info][gc,metaspace   ] GC(133) Metaspace: 6300K(6464K)->6300K(6464K) NonClass: 5767K(5824K)->5767K(5824K) Class: 533K(640K)->533K(640K)
[6.240s][info][gc             ] GC(133) Pause Young (Allocation Failure) 992M->992M(1170M) 14.592ms
[6.240s][info][gc,cpu         ] GC(133) User=0.02s Sys=0.00s Real=0.01s
[6.259s][info][gc,start       ] GC(134) Pause Young (Allocation Failure)
[6.278s][info][gc,heap        ] GC(134) PSYoungGen: 31872K(86016K)->31840K(80384K) Eden: 15872K(15872K)->0K(17920K) From: 16000K(70144K)->31840K(62464K)
[6.278s][info][gc,heap        ] GC(134) ParOldGen: 1000310K(1112064K)->1000310K(1112064K)
[6.278s][info][gc,metaspace   ] GC(134) Metaspace: 6300K(6464K)->6300K(6464K) NonClass: 5767K(5824K)->5767K(5824K) Class: 533K(640K)->533K(640K)
[6.278s][info][gc             ] GC(134) Pause Young (Allocation Failure) 1007M->1007M(1164M) 19.127ms
[6.278s][info][gc,cpu         ] GC(134) User=0.02s Sys=0.00s Real=0.02s
[6.298s][info][gc,start       ] GC(135) Pause Young (Allocation Failure)
[6.324s][info][gc,heap        ] GC(135) PSYoungGen: 49760K(80384K)->49856K(83456K) Eden: 17920K(17920K)->0K(17920K) From: 31840K(62464K)->49856K(65536K)
[6.324s][info][gc,heap        ] GC(135) ParOldGen: 1000310K(1112064K)->1000310K(1112064K)
[6.324s][info][gc,metaspace   ] GC(135) Metaspace: 6300K(6464K)->6300K(6464K) NonClass: 5767K(5824K)->5767K(5824K) Class: 533K(640K)->533K(640K)
[6.324s][info][gc             ] GC(135) Pause Young (Allocation Failure) 1025M->1025M(1167M) 25.769ms
[6.324s][info][gc,cpu         ] GC(135) User=0.14s Sys=0.00s Real=0.02s
[6.344s][info][gc,start       ] GC(136) Pause Young (Allocation Failure)
[6.378s][info][gc,heap        ] GC(136) PSYoungGen: 67776K(83456K)->51840K(86016K) Eden: 17920K(17920K)->0K(16384K) From: 49856K(65536K)->51840K(69632K)
[6.378s][info][gc,heap        ] GC(136) ParOldGen: 1000310K(1112064K)->1016398K(1112064K)
[6.378s][info][gc,metaspace   ] GC(136) Metaspace: 6300K(6464K)->6300K(6464K) NonClass: 5767K(5824K)->5767K(5824K) Class: 533K(640K)->533K(640K)
[6.378s][info][gc             ] GC(136) Pause Young (Allocation Failure) 1043M->1043M(1170M) 34.326ms
[6.378s][info][gc,cpu         ] GC(136) User=0.16s Sys=0.00s Real=0.04s
[6.397s][info][gc,start       ] GC(137) Pause Young (Allocation Failure)
[6.431s][info][gc,heap        ] GC(137) PSYoungGen: 68224K(86016K)->52320K(89600K) Eden: 16384K(16384K)->0K(16384K) From: 51840K(69632K)->52320K(73216K)
[6.431s][info][gc,heap        ] GC(137) ParOldGen: 1016398K(1112064K)->1032486K(1112064K)
[6.431s][info][gc,metaspace   ] GC(137) Metaspace: 6300K(6464K)->6300K(6464K) NonClass: 5767K(5824K)->5767K(5824K) Class: 533K(640K)->533K(640K)
[6.431s][info][gc             ] GC(137) Pause Young (Allocation Failure) 1059M->1059M(1173M) 33.873ms
[6.431s][info][gc,cpu         ] GC(137) User=0.16s Sys=0.00s Real=0.03s
[6.451s][info][gc,start       ] GC(138) Pause Young (Allocation Failure)
[6.485s][info][gc,heap        ] GC(138) PSYoungGen: 68704K(89600K)->50880K(93184K) Eden: 16384K(16384K)->0K(16896K) From: 52320K(73216K)->50880K(76288K)
[6.485s][info][gc,heap        ] GC(138) ParOldGen: 1032486K(1112064K)->1050662K(1112064K)
[6.485s][info][gc,metaspace   ] GC(138) Metaspace: 6300K(6464K)->6300K(6464K) NonClass: 5767K(5824K)->5767K(5824K) Class: 533K(640K)->533K(640K)
[6.485s][info][gc             ] GC(138) Pause Young (Allocation Failure) 1075M->1075M(1177M) 34.053ms
[6.485s][info][gc,cpu         ] GC(138) User=0.16s Sys=0.00s Real=0.03s
[6.505s][info][gc,start       ] GC(139) Pause Young (Allocation Failure)
[6.540s][info][gc,heap        ] GC(139) PSYoungGen: 67776K(93184K)->33440K(50688K) Eden: 16896K(16896K)->0K(16896K) From: 50880K(76288K)->33440K(33792K)
[6.540s][info][gc,heap        ] GC(139) ParOldGen: 1050662K(1112064K)->1085406K(1112064K)
[6.540s][info][gc,metaspace   ] GC(139) Metaspace: 6300K(6464K)->6300K(6464K) NonClass: 5767K(5824K)->5767K(5824K) Class: 533K(640K)->533K(640K)
[6.540s][info][gc             ] GC(139) Pause Young (Allocation Failure) 1092M->1092M(1135M) 35.129ms
[6.540s][info][gc,cpu         ] GC(139) User=0.25s Sys=0.00s Real=0.04s
[6.540s][info][gc,start       ] GC(140) Pause Full (Ergonomics)
[6.540s][info][gc,phases,start] GC(140) Marking Phase
[6.789s][info][gc,phases      ] GC(140) Marking Phase 249.099ms
[6.789s][info][gc,phases,start] GC(140) Summary Phase
[6.789s][info][gc,phases      ] GC(140) Summary Phase 0.033ms
[6.789s][info][gc,phases,start] GC(140) Adjust Roots
[6.789s][info][gc,phases      ] GC(140) Adjust Roots 0.191ms
[6.789s][info][gc,phases,start] GC(140) Compaction Phase
[6.883s][info][gc,phases      ] GC(140) Compaction Phase 94.070ms
[6.883s][info][gc,phases,start] GC(140) Post Compact
[6.885s][info][gc,phases      ] GC(140) Post Compact 1.824ms
[6.886s][info][gc,heap        ] GC(140) PSYoungGen: 33440K(50688K)->5628K(50688K) Eden: 0K(16896K)->0K(16896K) From: 33440K(33792K)->5628K(33792K)
[6.886s][info][gc,heap        ] GC(140) ParOldGen: 1085406K(1112064K)->1111710K(1236480K)
[6.886s][info][gc,metaspace   ] GC(140) Metaspace: 6300K(6464K)->6300K(6464K) NonClass: 5767K(5824K)->5767K(5824K) Class: 533K(640K)->533K(640K)
[6.886s][info][gc             ] GC(140) Pause Full (Ergonomics) 1092M->1091M(1257M) 345.939ms
[6.886s][info][gc,cpu         ] GC(140) User=2.42s Sys=0.00s Real=0.35s
[6.906s][info][gc,start       ] GC(141) Pause Young (Allocation Failure)
[6.965s][info][gc,heap        ] GC(141) PSYoungGen: 22524K(50688K)->17056K(92672K) Eden: 16896K(16896K)->0K(18944K) From: 5628K(33792K)->17056K(73728K)
[6.965s][info][gc,heap        ] GC(141) ParOldGen: 1111710K(1236480K)->1117438K(1236480K)
[6.965s][info][gc,metaspace   ] GC(141) Metaspace: 6300K(6464K)->6300K(6464K) NonClass: 5767K(5824K)->5767K(5824K) Class: 533K(640K)->533K(640K)
[6.965s][info][gc             ] GC(141) Pause Young (Allocation Failure) 1107M->1107M(1298M) 59.889ms
[6.966s][info][gc,cpu         ] GC(141) User=0.38s Sys=0.02s Real=0.06s
[6.989s][info][gc,start       ] GC(142) Pause Young (Allocation Failure)
[7.011s][info][gc,heap        ] GC(142) PSYoungGen: 36000K(92672K)->19072K(93184K) Eden: 18944K(18944K)->0K(18944K) From: 17056K(73728K)->19072K(74240K)
[7.011s][info][gc,heap        ] GC(142) ParOldGen: 1117438K(1236480K)->1134574K(1236480K)
[7.011s][info][gc,metaspace   ] GC(142) Metaspace: 6300K(6464K)->6300K(6464K) NonClass: 5767K(5824K)->5767K(5824K) Class: 533K(640K)->533K(640K)
[7.011s][info][gc             ] GC(142) Pause Young (Allocation Failure) 1126M->1126M(1298M) 22.327ms
[7.011s][info][gc,cpu         ] GC(142) User=0.11s Sys=0.02s Real=0.02s
[7.034s][info][gc,start       ] GC(143) Pause Young (Allocation Failure)
[7.057s][info][gc,heap        ] GC(143) PSYoungGen: 38016K(93184K)->19104K(90624K) Eden: 18944K(18944K)->0K(20992K) From: 19072K(74240K)->19104K(69632K)
[7.057s][info][gc,heap        ] GC(143) ParOldGen: 1134574K(1236480K)->1153774K(1236480K)
[7.057s][info][gc,metaspace   ] GC(143) Metaspace: 6300K(6464K)->6300K(6464K) NonClass: 5767K(5824K)->5767K(5824K) Class: 533K(640K)->533K(640K)
[7.057s][info][gc             ] GC(143) Pause Young (Allocation Failure) 1145M->1145M(1296M) 23.464ms
[7.057s][info][gc,cpu         ] GC(143) User=0.11s Sys=0.02s Real=0.02s
[7.082s][info][gc,start       ] GC(144) Pause Young (Allocation Failure)
[7.106s][info][gc,heap        ] GC(144) PSYoungGen: 40096K(90624K)->21152K(92160K) Eden: 20992K(20992K)->0K(20992K) From: 19104K(69632K)->21152K(71168K)
[7.106s][info][gc,heap        ] GC(144) ParOldGen: 1153774K(1236480K)->1172982K(1236480K)
[7.106s][info][gc,metaspace   ] GC(144) Metaspace: 6300K(6464K)->6300K(6464K) NonClass: 5767K(5824K)->5767K(5824K) Class: 533K(640K)->533K(640K)
[7.106s][info][gc             ] GC(144) Pause Young (Allocation Failure) 1165M->1166M(1297M) 23.977ms
[7.106s][info][gc,cpu         ] GC(144) User=0.09s Sys=0.03s Real=0.02s
[7.132s][info][gc,start       ] GC(145) Pause Young (Allocation Failure)
[7.157s][info][gc,heap        ] GC(145) PSYoungGen: 42144K(92160K)->21120K(88576K) Eden: 20992K(20992K)->0K(23552K) From: 21152K(71168K)->21120K(65024K)
[7.158s][info][gc,heap        ] GC(145) ParOldGen: 1172982K(1236480K)->1194270K(1236480K)
[7.158s][info][gc,metaspace   ] GC(145) Metaspace: 6300K(6464K)->6300K(6464K) NonClass: 5767K(5824K)->5767K(5824K) Class: 533K(640K)->533K(640K)
[7.158s][info][gc             ] GC(145) Pause Young (Allocation Failure) 1186M->1186M(1294M) 25.604ms
[7.158s][info][gc,cpu         ] GC(145) User=0.09s Sys=0.03s Real=0.03s
[7.187s][info][gc,start       ] GC(146) Pause Young (Allocation Failure)
[7.214s][info][gc,heap        ] GC(146) PSYoungGen: 44672K(88576K)->23680K(90624K) Eden: 23552K(23552K)->0K(23552K) From: 21120K(65024K)->23680K(67072K)
[7.214s][info][gc,heap        ] GC(146) ParOldGen: 1194270K(1236480K)->1215550K(1236480K)
[7.214s][info][gc,metaspace   ] GC(146) Metaspace: 6300K(6464K)->6300K(6464K) NonClass: 5767K(5824K)->5767K(5824K) Class: 533K(640K)->533K(640K)
[7.214s][info][gc             ] GC(146) Pause Young (Allocation Failure) 1209M->1210M(1296M) 27.240ms
[7.214s][info][gc,cpu         ] GC(146) User=0.09s Sys=0.05s Real=0.03s
[7.214s][info][gc,start       ] GC(147) Pause Full (Ergonomics)
[7.214s][info][gc,phases,start] GC(147) Marking Phase
[7.485s][info][gc,phases      ] GC(147) Marking Phase 270.405ms
[7.485s][info][gc,phases,start] GC(147) Summary Phase
[7.485s][info][gc,phases      ] GC(147) Summary Phase 0.029ms
[7.485s][info][gc,phases,start] GC(147) Adjust Roots
[7.485s][info][gc,phases      ] GC(147) Adjust Roots 0.194ms
[7.485s][info][gc,phases,start] GC(147) Compaction Phase
[7.584s][info][gc,phases      ] GC(147) Compaction Phase 99.502ms
[7.584s][info][gc,phases,start] GC(147) Post Compact
[7.586s][info][gc,phases      ] GC(147) Post Compact 2.027ms
[7.587s][info][gc,heap        ] GC(147) PSYoungGen: 23680K(90624K)->1044K(90624K) Eden: 0K(23552K)->0K(23552K) From: 23680K(67072K)->1044K(67072K)
[7.587s][info][gc,heap        ] GC(147) ParOldGen: 1215550K(1236480K)->1236432K(1369600K)
[7.587s][info][gc,metaspace   ] GC(147) Metaspace: 6300K(6464K)->6300K(6464K) NonClass: 5767K(5824K)->5767K(5824K) Class: 533K(640K)->533K(640K)
[7.587s][info][gc             ] GC(147) Pause Full (Ergonomics) 1210M->1208M(1426M) 372.935ms
[7.587s][info][gc,cpu         ] GC(147) User=2.86s Sys=0.03s Real=0.37s
[7.615s][info][gc,start       ] GC(148) Pause Young (Allocation Failure)
[7.680s][info][gc,heap        ] GC(148) PSYoungGen: 24596K(90624K)->23680K(85504K) Eden: 23552K(23552K)->0K(26112K) From: 1044K(67072K)->23680K(59392K)
[7.680s][info][gc,heap        ] GC(148) ParOldGen: 1236432K(1369600K)->1237528K(1369600K)
[7.680s][info][gc,metaspace   ] GC(148) Metaspace: 6300K(6464K)->6300K(6464K) NonClass: 5767K(5824K)->5767K(5824K) Class: 533K(640K)->533K(640K)
[7.680s][info][gc             ] GC(148) Pause Young (Allocation Failure) 1231M->1231M(1421M) 65.590ms
[7.680s][info][gc,cpu         ] GC(148) User=0.38s Sys=0.00s Real=0.07s
[7.712s][info][gc,start       ] GC(149) Pause Young (Allocation Failure)
[7.742s][info][gc,heap        ] GC(149) PSYoungGen: 49792K(85504K)->49792K(88064K) Eden: 26112K(26112K)->0K(26112K) From: 23680K(59392K)->49792K(61952K)
[7.742s][info][gc,heap        ] GC(149) ParOldGen: 1237528K(1369600K)->1237528K(1369600K)
[7.742s][info][gc,metaspace   ] GC(149) Metaspace: 6300K(6464K)->6300K(6464K) NonClass: 5767K(5824K)->5767K(5824K) Class: 533K(640K)->533K(640K)
[7.742s][info][gc             ] GC(149) Pause Young (Allocation Failure) 1257M->1257M(1423M) 30.124ms
[7.742s][info][gc,cpu         ] GC(149) User=0.12s Sys=0.00s Real=0.03s
[7.773s][info][gc,start       ] GC(150) Pause Young (Allocation Failure)
[7.811s][info][gc,heap        ] GC(150) PSYoungGen: 75904K(88064K)->66048K(83456K) Eden: 26112K(26112K)->0K(17408K) From: 49792K(61952K)->66048K(66048K)
[7.811s][info][gc,heap        ] GC(150) ParOldGen: 1237528K(1369600K)->1241600K(1369600K)
[7.811s][info][gc,metaspace   ] GC(150) Metaspace: 6300K(6464K)->6300K(6464K) NonClass: 5767K(5824K)->5767K(5824K) Class: 533K(640K)->533K(640K)
[7.811s][info][gc             ] GC(150) Pause Young (Allocation Failure) 1282M->1277M(1419M) 37.999ms
[7.811s][info][gc,cpu         ] GC(150) User=0.23s Sys=0.02s Real=0.04s
[7.826s][info][gc,start       ] GC(151) Pause Young (Allocation Failure)
[7.866s][info][gc,heap        ] GC(151) PSYoungGen: 83456K(83456K)->28384K(46080K) Eden: 17408K(17408K)->0K(17408K) From: 66048K(66048K)->28384K(28672K)
[7.866s][info][gc,heap        ] GC(151) ParOldGen: 1241600K(1369600K)->1289000K(1369600K)
[7.866s][info][gc,metaspace   ] GC(151) Metaspace: 6300K(6464K)->6300K(6464K) NonClass: 5767K(5824K)->5767K(5824K) Class: 533K(640K)->533K(640K)
[7.866s][info][gc             ] GC(151) Pause Young (Allocation Failure) 1294M->1286M(1382M) 39.656ms
[7.866s][info][gc,cpu         ] GC(151) User=0.20s Sys=0.08s Real=0.04s
[7.888s][info][gc,start       ] GC(152) Pause Young (Allocation Failure)
[7.915s][info][gc,heap        ] GC(152) PSYoungGen: 45792K(46080K)->25728K(88576K) Eden: 17408K(17408K)->0K(19456K) From: 28384K(28672K)->25728K(69120K)
[7.915s][info][gc,heap        ] GC(152) ParOldGen: 1289000K(1369600K)->1308496K(1369600K)
[7.915s][info][gc,metaspace   ] GC(152) Metaspace: 6300K(6464K)->6300K(6464K) NonClass: 5767K(5824K)->5767K(5824K) Class: 533K(640K)->533K(640K)
[7.915s][info][gc             ] GC(152) Pause Young (Allocation Failure) 1303M->1302M(1424M) 27.294ms
[7.915s][info][gc,cpu         ] GC(152) User=0.14s Sys=0.00s Real=0.03s
[7.941s][info][gc,start       ] GC(153) Pause Young (Allocation Failure)
[7.970s][info][gc,heap        ] GC(153) PSYoungGen: 45184K(88576K)->36160K(91136K) Eden: 19456K(19456K)->0K(19456K) From: 25728K(69120K)->36160K(71680K)
[7.970s][info][gc,heap        ] GC(153) ParOldGen: 1308496K(1369600K)->1317656K(1369600K)
[7.970s][info][gc,metaspace   ] GC(153) Metaspace: 6300K(6464K)->6300K(6464K) NonClass: 5767K(5824K)->5767K(5824K) Class: 533K(640K)->533K(640K)
[7.970s][info][gc             ] GC(153) Pause Young (Allocation Failure) 1321M->1322M(1426M) 28.625ms
[7.970s][info][gc,cpu         ] GC(153) User=0.12s Sys=0.00s Real=0.03s
[7.994s][info][gc,start       ] GC(154) Pause Young (Allocation Failure)
[8.026s][info][gc,heap        ] GC(154) PSYoungGen: 55616K(91136K)->39072K(88064K) Eden: 19456K(19456K)->0K(22016K) From: 36160K(71680K)->39072K(66048K)
[8.026s][info][gc,heap        ] GC(154) ParOldGen: 1317656K(1369600K)->1334472K(1369600K)
[8.026s][info][gc,metaspace   ] GC(154) Metaspace: 6300K(6464K)->6300K(6464K) NonClass: 5767K(5824K)->5767K(5824K) Class: 533K(640K)->533K(640K)
[8.026s][info][gc             ] GC(154) Pause Young (Allocation Failure) 1341M->1341M(1423M) 32.146ms
[8.026s][info][gc,cpu         ] GC(154) User=0.14s Sys=0.00s Real=0.03s
[8.026s][info][gc,start       ] GC(155) Pause Full (Ergonomics)
[8.026s][info][gc,phases,start] GC(155) Marking Phase
[8.337s][info][gc,phases      ] GC(155) Marking Phase 311.388ms
[8.337s][info][gc,phases,start] GC(155) Summary Phase
[8.338s][info][gc,phases      ] GC(155) Summary Phase 0.050ms
[8.338s][info][gc,phases,start] GC(155) Adjust Roots
[8.338s][info][gc,phases      ] GC(155) Adjust Roots 0.337ms
[8.338s][info][gc,phases,start] GC(155) Compaction Phase
[8.705s][info][gc,phases      ] GC(155) Compaction Phase 366.724ms
[8.705s][info][gc,phases,start] GC(155) Post Compact
[8.707s][info][gc,phases      ] GC(155) Post Compact 2.701ms
[8.708s][info][gc,heap        ] GC(155) PSYoungGen: 39072K(88064K)->2575K(89600K) Eden: 0K(22016K)->0K(23552K) From: 39072K(66048K)->2575K(66048K)
[8.708s][info][gc,heap        ] GC(155) ParOldGen: 1334472K(1369600K)->1369207K(1517056K)
[8.708s][info][gc,metaspace   ] GC(155) Metaspace: 6300K(6464K)->6300K(6464K) NonClass: 5767K(5824K)->5767K(5824K) Class: 533K(640K)->533K(640K)
[8.708s][info][gc             ] GC(155) Pause Full (Ergonomics) 1341M->1339M(1569M) 682.112ms
[8.708s][info][gc,cpu         ] GC(155) User=5.02s Sys=0.02s Real=0.68s
[8.741s][info][gc,start       ] GC(156) Pause Young (Allocation Failure)
[8.815s][info][gc,heap        ] GC(156) PSYoungGen: 26127K(89600K)->24736K(91136K) Eden: 23552K(23552K)->0K(23552K) From: 2575K(66048K)->24736K(67584K)
[8.815s][info][gc,heap        ] GC(156) ParOldGen: 1369207K(1517056K)->1370767K(1517056K)
[8.815s][info][gc,metaspace   ] GC(156) Metaspace: 6300K(6464K)->6300K(6464K) NonClass: 5767K(5824K)->5767K(5824K) Class: 533K(640K)->533K(640K)
[8.815s][info][gc             ] GC(156) Pause Young (Allocation Failure) 1362M->1362M(1570M) 73.754ms
[8.815s][info][gc,cpu         ] GC(156) User=0.42s Sys=0.00s Real=0.07s
[9.104s][info][gc,start       ] GC(157) Pause Young (Allocation Failure)
[9.165s][info][gc,heap        ] GC(157) PSYoungGen: 48288K(91136K)->48352K(89088K) Eden: 23552K(23552K)->0K(23552K) From: 24736K(67584K)->48352K(65536K)
[9.165s][info][gc,heap        ] GC(157) ParOldGen: 1436303K(1517056K)->1436303K(1517056K)
[9.165s][info][gc,metaspace   ] GC(157) Metaspace: 6300K(6464K)->6300K(6464K) NonClass: 5767K(5824K)->5767K(5824K) Class: 533K(640K)->533K(640K)
[9.165s][info][gc             ] GC(157) Pause Young (Allocation Failure) 1449M->1449M(1568M) 60.889ms
[9.165s][info][gc,cpu         ] GC(157) User=0.31s Sys=0.00s Real=0.06s
[9.188s][info][gc,start       ] GC(158) Pause Young (Allocation Failure)
[9.225s][info][gc,heap        ] GC(158) PSYoungGen: 71904K(89088K)->68096K(91648K) Eden: 23552K(23552K)->0K(23552K) From: 48352K(65536K)->68096K(68096K)
[9.225s][info][gc,heap        ] GC(158) ParOldGen: 1436303K(1517056K)->1440079K(1517056K)
[9.225s][info][gc,metaspace   ] GC(158) Metaspace: 6300K(6464K)->6300K(6464K) NonClass: 5767K(5824K)->5767K(5824K) Class: 533K(640K)->533K(640K)
[9.225s][info][gc             ] GC(158) Pause Young (Allocation Failure) 1472M->1472M(1571M) 37.415ms
[9.225s][info][gc,cpu         ] GC(158) User=0.14s Sys=0.00s Real=0.04s
[9.247s][info][gc,start       ] GC(159) Pause Young (Allocation Failure)
[9.293s][info][gc,heap        ] GC(159) PSYoungGen: 91648K(91648K)->68960K(96768K) Eden: 23552K(23552K)->0K(18432K) From: 68096K(68096K)->68960K(78336K)
[9.293s][info][gc,heap        ] GC(159) ParOldGen: 1440079K(1517056K)->1463159K(1517056K)
[9.293s][info][gc,metaspace   ] GC(159) Metaspace: 6300K(6464K)->6300K(6464K) NonClass: 5767K(5824K)->5767K(5824K) Class: 533K(640K)->533K(640K)
[9.293s][info][gc             ] GC(159) Pause Young (Allocation Failure) 1495M->1496M(1576M) 46.051ms
[9.293s][info][gc,cpu         ] GC(159) User=0.27s Sys=0.00s Real=0.05s
[9.312s][info][gc,start       ] GC(160) Pause Young (Allocation Failure)
[9.355s][info][gc,heap        ] GC(160) PSYoungGen: 87392K(96768K)->86016K(104448K) Eden: 18432K(18432K)->0K(18432K) From: 68960K(78336K)->86016K(86016K)
[9.355s][info][gc,heap        ] GC(160) ParOldGen: 1463159K(1517056K)->1464495K(1517056K)
[9.355s][info][gc,metaspace   ] GC(160) Metaspace: 6300K(6464K)->6300K(6464K) NonClass: 5767K(5824K)->5767K(5824K) Class: 533K(640K)->533K(640K)
[9.355s][info][gc             ] GC(160) Pause Young (Allocation Failure) 1514M->1514M(1583M) 42.437ms
[9.355s][info][gc,cpu         ] GC(160) User=0.27s Sys=0.00s Real=0.04s
[9.373s][info][gc,start       ] GC(161) Pause Young (Allocation Failure)
[9.425s][info][gc,heap        ] GC(161) PSYoungGen: 104448K(104448K)->60416K(118784K) Eden: 18432K(18432K)->0K(20480K) From: 86016K(86016K)->60416K(98304K)
[9.425s][info][gc,heap        ] GC(161) ParOldGen: 1464495K(1517056K)->1509199K(1517056K)
[9.425s][info][gc,metaspace   ] GC(161) Metaspace: 6300K(6464K)->6300K(6464K) NonClass: 5767K(5824K)->5767K(5824K) Class: 533K(640K)->533K(640K)
[9.425s][info][gc             ] GC(161) Pause Young (Allocation Failure) 1532M->1532M(1597M) 51.525ms
[9.425s][info][gc,cpu         ] GC(161) User=0.34s Sys=0.05s Real=0.05s
[9.425s][info][gc,start       ] GC(162) Pause Full (Ergonomics)
[9.425s][info][gc,phases,start] GC(162) Marking Phase
[9.768s][info][gc,phases      ] GC(162) Marking Phase 343.036ms
[9.768s][info][gc,phases,start] GC(162) Summary Phase
[9.768s][info][gc,phases      ] GC(162) Summary Phase 0.030ms
[9.768s][info][gc,phases,start] GC(162) Adjust Roots
[9.768s][info][gc,phases      ] GC(162) Adjust Roots 0.191ms
[9.768s][info][gc,phases,start] GC(162) Compaction Phase
[10.015s][info][gc,phases      ] GC(162) Compaction Phase 246.447ms
[10.015s][info][gc,phases,start] GC(162) Post Compact
[10.018s][info][gc,phases      ] GC(162) Post Compact 3.115ms
[10.019s][info][gc,heap        ] GC(162) PSYoungGen: 60416K(118784K)->18751K(118784K) Eden: 0K(20480K)->0K(20480K) From: 60416K(98304K)->18751K(98304K)
[10.019s][info][gc,heap        ] GC(162) ParOldGen: 1509199K(1517056K)->1516684K(1684480K)
[10.019s][info][gc,metaspace   ] GC(162) Metaspace: 6300K(6464K)->6300K(6464K) NonClass: 5767K(5824K)->5767K(5824K) Class: 533K(640K)->533K(640K)
[10.019s][info][gc             ] GC(162) Pause Full (Ergonomics) 1532M->1499M(1761M) 593.927ms
[10.019s][info][gc,cpu         ] GC(162) User=3.91s Sys=0.02s Real=0.59s
[10.043s][info][gc,start       ] GC(163) Pause Young (Allocation Failure)
[10.126s][info][gc,heap        ] GC(163) PSYoungGen: 39231K(118784K)->30176K(50688K) Eden: 20480K(20480K)->0K(20480K) From: 18751K(98304K)->30176K(30208K)
[10.126s][info][gc,heap        ] GC(163) ParOldGen: 1516684K(1684480K)->1526020K(1684480K)
[10.126s][info][gc,metaspace   ] GC(163) Metaspace: 6300K(6464K)->6300K(6464K) NonClass: 5767K(5824K)->5767K(5824K) Class: 533K(640K)->533K(640K)
[10.126s][info][gc             ] GC(163) Pause Young (Allocation Failure) 1519M->1519M(1694M) 82.961ms
[10.126s][info][gc,cpu         ] GC(163) User=0.41s Sys=0.00s Real=0.08s
[10.149s][info][gc,start       ] GC(164) Pause Young (Allocation Failure)
[10.180s][info][gc,heap        ] GC(164) PSYoungGen: 50656K(50688K)->50688K(112640K) Eden: 20480K(20480K)->0K(22528K) From: 30176K(30208K)->50688K(90112K)
[10.180s][info][gc,heap        ] GC(164) ParOldGen: 1526020K(1684480K)->1526020K(1684480K)
[10.180s][info][gc,metaspace   ] GC(164) Metaspace: 6300K(6464K)->6300K(6464K) NonClass: 5767K(5824K)->5767K(5824K) Class: 533K(640K)->533K(640K)
[10.180s][info][gc             ] GC(164) Pause Young (Allocation Failure) 1539M->1539M(1755M) 31.188ms
[10.180s][info][gc,cpu         ] GC(164) User=0.05s Sys=0.00s Real=0.03s
[10.203s][info][gc,start       ] GC(165) Pause Young (Allocation Failure)
[10.247s][info][gc,heap        ] GC(165) PSYoungGen: 73216K(112640K)->68032K(115712K) Eden: 22528K(22528K)->0K(22528K) From: 50688K(90112K)->68032K(93184K)
[10.247s][info][gc,heap        ] GC(165) ParOldGen: 1526020K(1684480K)->1531324K(1684480K)
[10.247s][info][gc,metaspace   ] GC(165) Metaspace: 6300K(6464K)->6300K(6464K) NonClass: 5767K(5824K)->5767K(5824K) Class: 533K(640K)->533K(640K)
[10.247s][info][gc             ] GC(165) Pause Young (Allocation Failure) 1561M->1561M(1758M) 44.587ms
[10.247s][info][gc,cpu         ] GC(165) User=0.16s Sys=0.00s Real=0.04s
[10.272s][info][gc,start       ] GC(166) Pause Young (Allocation Failure)
[10.319s][info][gc,heap        ] GC(166) PSYoungGen: 90560K(115712K)->86208K(112640K) Eden: 22528K(22528K)->0K(15872K) From: 68032K(93184K)->86208K(96768K)
[10.319s][info][gc,heap        ] GC(166) ParOldGen: 1531324K(1684480K)->1535764K(1684480K)
[10.319s][info][gc,metaspace   ] GC(166) Metaspace: 6300K(6464K)->6300K(6464K) NonClass: 5767K(5824K)->5767K(5824K) Class: 533K(640K)->533K(640K)
[10.319s][info][gc             ] GC(166) Pause Young (Allocation Failure) 1583M->1583M(1755M) 47.396ms
[10.319s][info][gc,cpu         ] GC(166) User=0.30s Sys=0.02s Real=0.05s
[10.336s][info][gc,start       ] GC(167) Pause Young (Allocation Failure)
[10.385s][info][gc,heap        ] GC(167) PSYoungGen: 102080K(112640K)->81600K(121856K) Eden: 15872K(15872K)->0K(15872K) From: 86208K(96768K)->81600K(105984K)
[10.385s][info][gc,heap        ] GC(167) ParOldGen: 1535764K(1684480K)->1556508K(1684480K)
[10.385s][info][gc,metaspace   ] GC(167) Metaspace: 6300K(6464K)->6300K(6464K) NonClass: 5767K(5824K)->5767K(5824K) Class: 533K(640K)->533K(640K)
[10.385s][info][gc             ] GC(167) Pause Young (Allocation Failure) 1599M->1599M(1764M) 49.320ms
[10.385s][info][gc,cpu         ] GC(167) User=0.27s Sys=0.02s Real=0.05s
[10.402s][info][gc,start       ] GC(168) Pause Young (Allocation Failure)
[10.450s][info][gc,heap        ] GC(168) PSYoungGen: 97472K(121856K)->54400K(119296K) Eden: 15872K(15872K)->0K(18432K) From: 81600K(105984K)->54400K(100864K)
[10.450s][info][gc,heap        ] GC(168) ParOldGen: 1556508K(1684480K)->1600036K(1684480K)
[10.450s][info][gc,metaspace   ] GC(168) Metaspace: 6300K(6464K)->6300K(6464K) NonClass: 5767K(5824K)->5767K(5824K) Class: 533K(640K)->533K(640K)
[10.450s][info][gc             ] GC(168) Pause Young (Allocation Failure) 1615M->1615M(1761M) 48.511ms
[10.450s][info][gc,cpu         ] GC(168) User=0.22s Sys=0.02s Real=0.05s
[10.471s][info][gc,start       ] GC(169) Pause Young (Allocation Failure)
[10.509s][info][gc,heap        ] GC(169) PSYoungGen: 72832K(119296K)->34432K(124416K) Eden: 18432K(18432K)->0K(18432K) From: 54400K(100864K)->34432K(105984K)
[10.509s][info][gc,heap        ] GC(169) ParOldGen: 1600036K(1684480K)->1638884K(1684480K)
[10.509s][info][gc,metaspace   ] GC(169) Metaspace: 6300K(6464K)->6300K(6464K) NonClass: 5767K(5824K)->5767K(5824K) Class: 533K(640K)->533K(640K)
[10.509s][info][gc             ] GC(169) Pause Young (Allocation Failure) 1633M->1634M(1766M) 37.895ms
[10.509s][info][gc,cpu         ] GC(169) User=0.22s Sys=0.03s Real=0.04s
[10.509s][info][gc,start       ] GC(170) Pause Full (Ergonomics)
[10.509s][info][gc,phases,start] GC(170) Marking Phase
[10.891s][info][gc,phases      ] GC(170) Marking Phase 381.673ms
[10.891s][info][gc,phases,start] GC(170) Summary Phase
[10.891s][info][gc,phases      ] GC(170) Summary Phase 0.039ms
[10.891s][info][gc,phases,start] GC(170) Adjust Roots
[10.891s][info][gc,phases      ] GC(170) Adjust Roots 0.199ms
[10.891s][info][gc,phases,start] GC(170) Compaction Phase
[11.063s][info][gc,phases      ] GC(170) Compaction Phase 172.417ms
[11.063s][info][gc,phases,start] GC(170) Post Compact
[11.067s][info][gc,phases      ] GC(170) Post Compact 3.079ms
[11.067s][info][gc,heap        ] GC(170) PSYoungGen: 34432K(124416K)->0K(125952K) Eden: 0K(18432K)->0K(21504K) From: 34432K(105984K)->0K(104448K)
[11.067s][info][gc,heap        ] GC(170) ParOldGen: 1638884K(1684480K)->1671411K(1859072K)
[11.067s][info][gc,metaspace   ] GC(170) Metaspace: 6300K(6464K)->6300K(6464K) NonClass: 5767K(5824K)->5767K(5824K) Class: 533K(640K)->533K(640K)
[11.067s][info][gc             ] GC(170) Pause Full (Ergonomics) 1634M->1632M(1938M) 558.552ms
[11.068s][info][gc,cpu         ] GC(170) User=3.94s Sys=0.05s Real=0.56s
[11.090s][info][gc,start       ] GC(171) Pause Young (Allocation Failure)
[11.111s][info][gc,heap        ] GC(171) PSYoungGen: 21504K(125952K)->21664K(125952K) Eden: 21504K(21504K)->0K(21504K) From: 0K(104448K)->21664K(104448K)
[11.111s][info][gc,heap        ] GC(171) ParOldGen: 1671411K(1859072K)->1671411K(1859072K)
[11.111s][info][gc,metaspace   ] GC(171) Metaspace: 6300K(6464K)->6300K(6464K) NonClass: 5767K(5824K)->5767K(5824K) Class: 533K(640K)->533K(640K)
[11.111s][info][gc             ] GC(171) Pause Young (Allocation Failure) 1653M->1653M(1938M) 21.355ms
[11.111s][info][gc,cpu         ] GC(171) User=0.02s Sys=0.00s Real=0.02s
[11.136s][info][gc,start       ] GC(172) Pause Young (Allocation Failure)
[11.166s][info][gc,heap        ] GC(172) PSYoungGen: 43168K(125952K)->21664K(127488K) Eden: 21504K(21504K)->0K(24064K) From: 21664K(104448K)->21664K(103424K)
[11.166s][info][gc,heap        ] GC(172) ParOldGen: 1671411K(1859072K)->1693203K(1859072K)
[11.166s][info][gc,metaspace   ] GC(172) Metaspace: 6300K(6464K)->6300K(6464K) NonClass: 5767K(5824K)->5767K(5824K) Class: 533K(640K)->533K(640K)
[11.166s][info][gc             ] GC(172) Pause Young (Allocation Failure) 1674M->1674M(1940M) 30.213ms
[11.166s][info][gc,cpu         ] GC(172) User=0.03s Sys=0.00s Real=0.03s
[11.193s][info][gc,start       ] GC(173) Pause Young (Allocation Failure)
[11.224s][info][gc,heap        ] GC(173) PSYoungGen: 45728K(127488K)->24256K(128000K) Eden: 24064K(24064K)->0K(24064K) From: 21664K(103424K)->24256K(103936K)
[11.225s][info][gc,heap        ] GC(173) ParOldGen: 1693203K(1859072K)->1714995K(1859072K)
[11.225s][info][gc,metaspace   ] GC(173) Metaspace: 6300K(6464K)->6300K(6464K) NonClass: 5767K(5824K)->5767K(5824K) Class: 533K(640K)->533K(640K)
[11.225s][info][gc             ] GC(173) Pause Young (Allocation Failure) 1698M->1698M(1940M) 32.023ms
[11.225s][info][gc,cpu         ] GC(173) User=0.05s Sys=0.00s Real=0.03s
[11.251s][info][gc,start       ] GC(174) Pause Young (Allocation Failure)
[11.286s][info][gc,heap        ] GC(174) PSYoungGen: 48320K(128000K)->24256K(124928K) Eden: 24064K(24064K)->0K(27136K) From: 24256K(103936K)->24256K(97792K)
[11.286s][info][gc,heap        ] GC(174) ParOldGen: 1714995K(1859072K)->1739403K(1859072K)
[11.286s][info][gc,metaspace   ] GC(174) Metaspace: 6300K(6464K)->6300K(6464K) NonClass: 5767K(5824K)->5767K(5824K) Class: 533K(640K)->533K(640K)
[11.286s][info][gc             ] GC(174) Pause Young (Allocation Failure) 1721M->1722M(1937M) 34.687ms
[11.286s][info][gc,cpu         ] GC(174) User=0.05s Sys=0.02s Real=0.03s
[11.317s][info][gc,start       ] GC(175) Pause Young (Allocation Failure)
[11.354s][info][gc,heap        ] GC(175) PSYoungGen: 51392K(124928K)->27296K(126976K) Eden: 27136K(27136K)->0K(27136K) From: 24256K(97792K)->27296K(99840K)
[11.354s][info][gc,heap        ] GC(175) ParOldGen: 1739403K(1859072K)->1763795K(1859072K)
[11.354s][info][gc,metaspace   ] GC(175) Metaspace: 6300K(6464K)->6300K(6464K) NonClass: 5767K(5824K)->5767K(5824K) Class: 533K(640K)->533K(640K)
[11.354s][info][gc             ] GC(175) Pause Young (Allocation Failure) 1748M->1749M(1939M) 36.893ms
[11.354s][info][gc,cpu         ] GC(175) User=0.14s Sys=0.00s Real=0.04s
[11.386s][info][gc,start       ] GC(176) Pause Young (Allocation Failure)
[11.422s][info][gc,heap        ] GC(176) PSYoungGen: 54432K(126976K)->27296K(120832K) Eden: 27136K(27136K)->0K(30208K) From: 27296K(99840K)->27296K(90624K)
[11.422s][info][gc,heap        ] GC(176) ParOldGen: 1763795K(1859072K)->1791315K(1859072K)
[11.422s][info][gc,metaspace   ] GC(176) Metaspace: 6300K(6464K)->6300K(6464K) NonClass: 5767K(5824K)->5767K(5824K) Class: 533K(640K)->533K(640K)
[11.422s][info][gc             ] GC(176) Pause Young (Allocation Failure) 1775M->1775M(1933M) 36.532ms
[11.422s][info][gc,cpu         ] GC(176) User=0.12s Sys=0.02s Real=0.04s
[11.453s][info][gc,start       ] GC(177) Pause Young (Allocation Failure)
[11.490s][info][gc,heap        ] GC(177) PSYoungGen: 57504K(120832K)->30368K(123904K) Eden: 30208K(30208K)->0K(30208K) From: 27296K(90624K)->30368K(93696K)
[11.490s][info][gc,heap        ] GC(177) ParOldGen: 1791315K(1859072K)->1818811K(1859072K)
[11.490s][info][gc,metaspace   ] GC(177) Metaspace: 6300K(6464K)->6300K(6464K) NonClass: 5767K(5824K)->5767K(5824K) Class: 533K(640K)->533K(640K)
[11.490s][info][gc             ] GC(177) Pause Young (Allocation Failure) 1805M->1805M(1936M) 36.600ms
[11.490s][info][gc,cpu         ] GC(177) User=0.11s Sys=0.05s Real=0.04s
[11.490s][info][gc,start       ] GC(178) Pause Full (Ergonomics)
[11.490s][info][gc,phases,start] GC(178) Marking Phase
[11.934s][info][gc,phases      ] GC(178) Marking Phase 443.783ms
[11.934s][info][gc,phases,start] GC(178) Summary Phase
[11.934s][info][gc,phases      ] GC(178) Summary Phase 0.072ms
[11.934s][info][gc,phases,start] GC(178) Adjust Roots
[11.934s][info][gc,phases      ] GC(178) Adjust Roots 0.293ms
[11.934s][info][gc,phases,start] GC(178) Compaction Phase
[12.113s][info][gc,phases      ] GC(178) Compaction Phase 178.997ms
[12.113s][info][gc,phases,start] GC(178) Post Compact
[12.117s][info][gc,phases      ] GC(178) Post Compact 3.337ms
[12.118s][info][gc,heap        ] GC(178) PSYoungGen: 30368K(123904K)->0K(123904K) Eden: 0K(30208K)->0K(33792K) From: 30368K(93696K)->0K(90112K)
[12.118s][info][gc,heap        ] GC(178) ParOldGen: 1818811K(1859072K)->1846820K(2043392K)
[12.118s][info][gc,metaspace   ] GC(178) Metaspace: 6300K(6464K)->6300K(6464K) NonClass: 5767K(5824K)->5767K(5824K) Class: 533K(640K)->533K(640K)
[12.118s][info][gc             ] GC(178) Pause Full (Ergonomics) 1805M->1803M(2116M) 627.570ms
[12.118s][info][gc,cpu         ] GC(178) User=4.44s Sys=0.00s Real=0.63s
[12.158s][info][gc,start       ] GC(179) Pause Young (Allocation Failure)
[12.186s][info][gc,heap        ] GC(179) PSYoungGen: 33792K(123904K)->33984K(68096K) Eden: 33792K(33792K)->0K(33792K) From: 0K(90112K)->33984K(34304K)
[12.186s][info][gc,heap        ] GC(179) ParOldGen: 1846820K(2043392K)->1846820K(2043392K)
[12.186s][info][gc,metaspace   ] GC(179) Metaspace: 6300K(6464K)->6300K(6464K) NonClass: 5767K(5824K)->5767K(5824K) Class: 533K(640K)->533K(640K)
[12.186s][info][gc             ] GC(179) Pause Young (Allocation Failure) 1836M->1836M(2062M) 28.440ms
[12.186s][info][gc,cpu         ] GC(179) User=0.05s Sys=0.00s Real=0.03s
[12.225s][info][gc,start       ] GC(180) Pause Young (Allocation Failure)
[12.262s][info][gc,heap        ] GC(180) PSYoungGen: 67776K(68096K)->67744K(116736K) Eden: 33792K(33792K)->0K(31232K) From: 33984K(34304K)->67744K(85504K)
[12.262s][info][gc,heap        ] GC(180) ParOldGen: 1846820K(2043392K)->1846820K(2043392K)
[12.262s][info][gc,metaspace   ] GC(180) Metaspace: 6300K(6464K)->6300K(6464K) NonClass: 5767K(5824K)->5767K(5824K) Class: 533K(640K)->533K(640K)
[12.262s][info][gc             ] GC(180) Pause Young (Allocation Failure) 1869M->1869M(2109M) 37.524ms
[12.263s][info][gc,cpu         ] GC(180) User=0.16s Sys=0.00s Real=0.04s
[12.297s][info][gc,start       ] GC(181) Pause Young (Allocation Failure)
[12.347s][info][gc,heap        ] GC(181) PSYoungGen: 98976K(116736K)->91648K(122880K) Eden: 31232K(31232K)->0K(31232K) From: 67744K(85504K)->91648K(91648K)
[12.347s][info][gc,heap        ] GC(181) ParOldGen: 1846820K(2043392K)->1854228K(2043392K)
[12.347s][info][gc,metaspace   ] GC(181) Metaspace: 6300K(6464K)->6300K(6464K) NonClass: 5767K(5824K)->5767K(5824K) Class: 533K(640K)->533K(640K)
[12.347s][info][gc             ] GC(181) Pause Young (Allocation Failure) 1900M->1900M(2115M) 50.039ms
[12.348s][info][gc,cpu         ] GC(181) User=0.28s Sys=0.00s Real=0.05s
[12.384s][info][gc,start       ] GC(182) Pause Young (Allocation Failure)
[12.446s][info][gc,heap        ] GC(182) PSYoungGen: 122880K(122880K)->59200K(139776K) Eden: 31232K(31232K)->0K(34816K) From: 91648K(91648K)->59200K(104960K)
[12.446s][info][gc,heap        ] GC(182) ParOldGen: 1854228K(2043392K)->1918852K(2043392K)
[12.446s][info][gc,metaspace   ] GC(182) Metaspace: 6300K(6464K)->6300K(6464K) NonClass: 5767K(5824K)->5767K(5824K) Class: 533K(640K)->533K(640K)
[12.446s][info][gc             ] GC(182) Pause Young (Allocation Failure) 1930M->1931M(2132M) 62.050ms
[12.446s][info][gc,cpu         ] GC(182) User=0.33s Sys=0.06s Real=0.06s
[12.490s][info][gc,start       ] GC(183) Pause Young (Allocation Failure)
[12.541s][info][gc,heap        ] GC(183) PSYoungGen: 94016K(139776K)->66272K(141312K) Eden: 34816K(34816K)->0K(34816K) From: 59200K(104960K)->66272K(106496K)
[12.541s][info][gc,heap        ] GC(183) ParOldGen: 1918852K(2043392K)->1946988K(2043392K)
[12.541s][info][gc,metaspace   ] GC(183) Metaspace: 6300K(6464K)->6300K(6464K) NonClass: 5767K(5824K)->5767K(5824K) Class: 533K(640K)->533K(640K)
[12.541s][info][gc             ] GC(183) Pause Young (Allocation Failure) 1965M->1966M(2133M) 50.220ms
[12.541s][info][gc,cpu         ] GC(183) User=0.22s Sys=0.06s Real=0.05s
[12.582s][info][gc,start       ] GC(184) Pause Young (Allocation Failure)
[12.636s][info][gc,heap        ] GC(184) PSYoungGen: 101088K(141312K)->69856K(144896K) Eden: 34816K(34816K)->0K(37376K) From: 66272K(106496K)->69856K(107520K)
[12.636s][info][gc,heap        ] GC(184) ParOldGen: 1946988K(2043392K)->1978644K(2043392K)
[12.636s][info][gc,metaspace   ] GC(184) Metaspace: 6300K(6464K)->6300K(6464K) NonClass: 5767K(5824K)->5767K(5824K) Class: 533K(640K)->533K(640K)
[12.636s][info][gc             ] GC(184) Pause Young (Allocation Failure) 2000M->2000M(2137M) 53.797ms
[12.636s][info][gc,cpu         ] GC(184) User=0.30s Sys=0.06s Real=0.05s
[12.675s][info][gc,start       ] GC(185) Pause Young (Allocation Failure)
[12.732s][info][gc,heap        ] GC(185) PSYoungGen: 107232K(144896K)->72416K(146432K) Eden: 37376K(37376K)->0K(37376K) From: 69856K(107520K)->72416K(109056K)
[12.732s][info][gc,heap        ] GC(185) ParOldGen: 1978644K(2043392K)->2013964K(2043392K)
[12.732s][info][gc,metaspace   ] GC(185) Metaspace: 6300K(6464K)->6300K(6464K) NonClass: 5767K(5824K)->5767K(5824K) Class: 533K(640K)->533K(640K)
[12.732s][info][gc             ] GC(185) Pause Young (Allocation Failure) 2036M->2037M(2138M) 56.737ms
[12.732s][info][gc,cpu         ] GC(185) User=0.33s Sys=0.02s Real=0.06s
[12.732s][info][gc,start       ] GC(186) Pause Full (Ergonomics)
[12.732s][info][gc,phases,start] GC(186) Marking Phase
[13.211s][info][gc,phases      ] GC(186) Marking Phase 478.969ms
[13.211s][info][gc,phases,start] GC(186) Summary Phase
[13.211s][info][gc,phases      ] GC(186) Summary Phase 0.035ms
[13.211s][info][gc,phases,start] GC(186) Adjust Roots
[13.211s][info][gc,phases      ] GC(186) Adjust Roots 0.188ms
[13.211s][info][gc,phases,start] GC(186) Compaction Phase
[13.414s][info][gc,phases      ] GC(186) Compaction Phase 202.433ms
[13.414s][info][gc,phases,start] GC(186) Post Compact
[13.418s][info][gc,phases      ] GC(186) Post Compact 4.010ms
[13.419s][info][gc,heap        ] GC(186) PSYoungGen: 72416K(146432K)->40446K(146432K) Eden: 0K(37376K)->0K(37376K) From: 72416K(109056K)->40446K(109056K)
[13.419s][info][gc,heap        ] GC(186) ParOldGen: 2013964K(2043392K)->2043212K(2266624K)
[13.419s][info][gc,metaspace   ] GC(186) Metaspace: 6300K(6464K)->6300K(6464K) NonClass: 5767K(5824K)->5767K(5824K) Class: 533K(640K)->533K(640K)
[13.419s][info][gc             ] GC(186) Pause Full (Ergonomics) 2037M->2034M(2356M) 686.728ms
[13.419s][info][gc,cpu         ] GC(186) User=5.02s Sys=0.03s Real=0.69s
[13.459s][info][gc,start       ] GC(187) Pause Young (Allocation Failure)
[13.587s][info][gc,heap        ] GC(187) PSYoungGen: 77822K(146432K)->60864K(143872K) Eden: 37376K(37376K)->0K(40960K) From: 40446K(109056K)->60864K(102912K)
[13.587s][info][gc,heap        ] GC(187) ParOldGen: 2043212K(2266624K)->2060676K(2266624K)
[13.587s][info][gc,metaspace   ] GC(187) Metaspace: 6300K(6464K)->6300K(6464K) NonClass: 5767K(5824K)->5767K(5824K) Class: 533K(640K)->533K(640K)
[13.587s][info][gc             ] GC(187) Pause Young (Allocation Failure) 2071M->2071M(2354M) 127.782ms
[13.587s][info][gc,cpu         ] GC(187) User=0.84s Sys=0.02s Real=0.13s
[13.631s][info][gc,start       ] GC(188) Pause Young (Allocation Failure)
[13.685s][info][gc,heap        ] GC(188) PSYoungGen: 101824K(143872K)->101888K(148480K) Eden: 40960K(40960K)->0K(40960K) From: 60864K(102912K)->101888K(107520K)
[13.685s][info][gc,heap        ] GC(188) ParOldGen: 2060676K(2266624K)->2060676K(2266624K)
[13.685s][info][gc,metaspace   ] GC(188) Metaspace: 6300K(6464K)->6300K(6464K) NonClass: 5767K(5824K)->5767K(5824K) Class: 533K(640K)->533K(640K)
[13.685s][info][gc             ] GC(188) Pause Young (Allocation Failure) 2111M->2111M(2358M) 54.112ms
[13.685s][info][gc,cpu         ] GC(188) User=0.38s Sys=0.00s Real=0.05s
[13.736s][info][gc,start       ] GC(189) Pause Young (Allocation Failure)
[13.814s][info][gc,heap        ] GC(189) PSYoungGen: 142848K(148480K)->119808K(139776K) Eden: 40960K(40960K)->0K(19968K) From: 101888K(107520K)->119808K(119808K)
[13.814s][info][gc,heap        ] GC(189) ParOldGen: 2060676K(2266624K)->2083884K(2266624K)
[13.814s][info][gc,metaspace   ] GC(189) Metaspace: 6300K(6464K)->6300K(6464K) NonClass: 5767K(5824K)->5767K(5824K) Class: 533K(640K)->533K(640K)
[13.814s][info][gc             ] GC(189) Pause Young (Allocation Failure) 2151M->2152M(2350M) 78.309ms
[13.814s][info][gc,cpu         ] GC(189) User=0.55s Sys=0.06s Real=0.08s
[13.840s][info][gc,start       ] GC(190) Pause Young (Allocation Failure)
[13.910s][info][gc,heap        ] GC(190) PSYoungGen: 139776K(139776K)->91264K(164864K) Eden: 19968K(19968K)->0K(19968K) From: 119808K(119808K)->91264K(144896K)
[13.910s][info][gc,heap        ] GC(190) ParOldGen: 2083884K(2266624K)->2133092K(2266624K)
[13.910s][info][gc,metaspace   ] GC(190) Metaspace: 6300K(6464K)->6300K(6464K) NonClass: 5767K(5824K)->5767K(5824K) Class: 533K(640K)->533K(640K)
[13.910s][info][gc             ] GC(190) Pause Young (Allocation Failure) 2171M->2172M(2374M) 70.008ms
[13.910s][info][gc,cpu         ] GC(190) User=0.47s Sys=0.03s Real=0.07s
[13.936s][info][gc,start       ] GC(191) Pause Young (Allocation Failure)
[13.994s][info][gc,heap        ] GC(191) PSYoungGen: 111232K(164864K)->76096K(157184K) Eden: 19968K(19968K)->0K(22528K) From: 91264K(144896K)->76096K(134656K)
[13.994s][info][gc,heap        ] GC(191) ParOldGen: 2133092K(2266624K)->2168660K(2266624K)
[13.994s][info][gc,metaspace   ] GC(191) Metaspace: 6300K(6464K)->6300K(6464K) NonClass: 5767K(5824K)->5767K(5824K) Class: 533K(640K)->533K(640K)
[13.994s][info][gc             ] GC(191) Pause Young (Allocation Failure) 2191M->2192M(2367M) 57.782ms
[13.994s][info][gc,cpu         ] GC(191) User=0.36s Sys=0.03s Real=0.06s
[14.023s][info][gc,start       ] GC(192) Pause Young (Allocation Failure)
[14.077s][info][gc,heap        ] GC(192) PSYoungGen: 98624K(157184K)->62592K(85504K) Eden: 22528K(22528K)->0K(22528K) From: 76096K(134656K)->62592K(62976K)
[14.077s][info][gc,heap        ] GC(192) ParOldGen: 2168660K(2266624K)->2205116K(2266624K)
[14.077s][info][gc,metaspace   ] GC(192) Metaspace: 6300K(6464K)->6300K(6464K) NonClass: 5767K(5824K)->5767K(5824K) Class: 533K(640K)->533K(640K)
[14.077s][info][gc             ] GC(192) Pause Young (Allocation Failure) 2214M->2214M(2297M) 53.292ms
[14.077s][info][gc,cpu         ] GC(192) User=0.38s Sys=0.00s Real=0.05s
[14.102s][info][gc,start       ] GC(193) Pause Young (Allocation Failure)
[14.148s][info][gc,heap        ] GC(193) PSYoungGen: 85120K(85504K)->45184K(156160K) Eden: 22528K(22528K)->0K(25600K) From: 62592K(62976K)->45184K(130560K)
[14.148s][info][gc,heap        ] GC(193) ParOldGen: 2205116K(2266624K)->2245588K(2266624K)
[14.148s][info][gc,metaspace   ] GC(193) Metaspace: 6300K(6464K)->6300K(6464K) NonClass: 5767K(5824K)->5767K(5824K) Class: 533K(640K)->533K(640K)
[14.148s][info][gc             ] GC(193) Pause Young (Allocation Failure) 2236M->2237M(2366M) 46.843ms
[14.148s][info][gc,cpu         ] GC(193) User=0.27s Sys=0.00s Real=0.05s
[14.148s][info][gc,start       ] GC(194) Pause Full (Ergonomics)
[14.148s][info][gc,phases,start] GC(194) Marking Phase
[14.663s][info][gc,phases      ] GC(194) Marking Phase 514.595ms
[14.663s][info][gc,phases,start] GC(194) Summary Phase
[14.663s][info][gc,phases      ] GC(194) Summary Phase 0.037ms
[14.663s][info][gc,phases,start] GC(194) Adjust Roots
[14.663s][info][gc,phases      ] GC(194) Adjust Roots 0.161ms
[14.663s][info][gc,phases,start] GC(194) Compaction Phase
[14.861s][info][gc,phases      ] GC(194) Compaction Phase 197.385ms
[14.861s][info][gc,phases,start] GC(194) Post Compact
[14.865s][info][gc,phases      ] GC(194) Post Compact 4.458ms
[14.866s][info][gc,heap        ] GC(194) PSYoungGen: 45184K(156160K)->21488K(158208K) Eden: 0K(25600K)->0K(27648K) From: 45184K(130560K)->21488K(130560K)
[14.866s][info][gc,heap        ] GC(194) ParOldGen: 2245588K(2266624K)->2266239K(2510848K)
[14.866s][info][gc,metaspace   ] GC(194) Metaspace: 6300K(6464K)->6300K(6464K) NonClass: 5767K(5824K)->5767K(5824K) Class: 533K(640K)->533K(640K)
[14.867s][info][gc             ] GC(194) Pause Full (Ergonomics) 2237M->2234M(2606M) 718.161ms
[14.867s][info][gc,cpu         ] GC(194) User=5.38s Sys=0.02s Real=0.72s
[14.901s][info][gc,start       ] GC(195) Pause Young (Allocation Failure)
[15.025s][info][gc,heap        ] GC(195) PSYoungGen: 49136K(158208K)->27808K(160256K) Eden: 27648K(27648K)->0K(27648K) From: 21488K(130560K)->27808K(132608K)
[15.026s][info][gc,heap        ] GC(195) ParOldGen: 2266239K(2510848K)->2287975K(2510848K)
[15.026s][info][gc,metaspace   ] GC(195) Metaspace: 6300K(6464K)->6300K(6464K) NonClass: 5767K(5824K)->5767K(5824K) Class: 533K(640K)->533K(640K)
[15.026s][info][gc             ] GC(195) Pause Young (Allocation Failure) 2261M->2261M(2608M) 125.020ms
[15.026s][info][gc,cpu         ] GC(195) User=0.78s Sys=0.00s Real=0.13s
[15.060s][info][gc,start       ] GC(196) Pause Young (Allocation Failure)
[15.095s][info][gc,heap        ] GC(196) PSYoungGen: 55456K(160256K)->27808K(161792K) Eden: 27648K(27648K)->0K(30720K) From: 27808K(132608K)->27808K(131072K)
[15.095s][info][gc,heap        ] GC(196) ParOldGen: 2287975K(2510848K)->2315863K(2510848K)
[15.095s][info][gc,metaspace   ] GC(196) Metaspace: 6300K(6464K)->6300K(6464K) NonClass: 5767K(5824K)->5767K(5824K) Class: 533K(640K)->533K(640K)
[15.095s][info][gc             ] GC(196) Pause Young (Allocation Failure) 2288M->2288M(2610M) 34.597ms
[15.095s][info][gc,cpu         ] GC(196) User=0.12s Sys=0.03s Real=0.04s
[15.132s][info][gc,start       ] GC(197) Pause Young (Allocation Failure)
[15.169s][info][gc,heap        ] GC(197) PSYoungGen: 58528K(161792K)->30848K(162816K) Eden: 30720K(30720K)->0K(30720K) From: 27808K(131072K)->30848K(132096K)
[15.169s][info][gc,heap        ] GC(197) ParOldGen: 2315863K(2510848K)->2343775K(2510848K)
[15.169s][info][gc,metaspace   ] GC(197) Metaspace: 6300K(6464K)->6300K(6464K) NonClass: 5767K(5824K)->5767K(5824K) Class: 533K(640K)->533K(640K)
[15.169s][info][gc             ] GC(197) Pause Young (Allocation Failure) 2318M->2318M(2611M) 36.909ms
[15.169s][info][gc,cpu         ] GC(197) User=0.22s Sys=0.00s Real=0.04s
[15.204s][info][gc,start       ] GC(198) Pause Young (Allocation Failure)
[15.245s][info][gc,heap        ] GC(198) PSYoungGen: 61568K(162816K)->30880K(158720K) Eden: 30720K(30720K)->0K(34304K) From: 30848K(132096K)->30880K(124416K)
[15.245s][info][gc,heap        ] GC(198) ParOldGen: 2343775K(2510848K)->2374775K(2510848K)
[15.245s][info][gc,metaspace   ] GC(198) Metaspace: 6300K(6464K)->6300K(6464K) NonClass: 5767K(5824K)->5767K(5824K) Class: 533K(640K)->533K(640K)
[15.245s][info][gc             ] GC(198) Pause Young (Allocation Failure) 2348M->2349M(2607M) 40.773ms
[15.245s][info][gc,cpu         ] GC(198) User=0.25s Sys=0.02s Real=0.04s
[15.289s][info][gc,start       ] GC(199) Pause Young (Allocation Failure)
[15.333s][info][gc,heap        ] GC(199) PSYoungGen: 65184K(158720K)->34400K(161280K) Eden: 34304K(34304K)->0K(34304K) From: 30880K(124416K)->34400K(126976K)
[15.333s][info][gc,heap        ] GC(199) ParOldGen: 2374775K(2510848K)->2405759K(2510848K)
[15.333s][info][gc,metaspace   ] GC(199) Metaspace: 6300K(6464K)->6300K(6464K) NonClass: 5767K(5824K)->5767K(5824K) Class: 533K(640K)->533K(640K)
[15.333s][info][gc             ] GC(199) Pause Young (Allocation Failure) 2382M->2382M(2609M) 43.436ms
[15.333s][info][gc,cpu         ] GC(199) User=0.19s Sys=0.02s Real=0.04s
[15.375s][info][gc,start       ] GC(200) Pause Young (Allocation Failure)
[15.419s][info][gc,heap        ] GC(200) PSYoungGen: 68704K(161280K)->34528K(153600K) Eden: 34304K(34304K)->0K(38400K) From: 34400K(126976K)->34528K(115200K)
[15.419s][info][gc,heap        ] GC(200) ParOldGen: 2405759K(2510848K)->2440375K(2510848K)
[15.419s][info][gc,metaspace   ] GC(200) Metaspace: 6300K(6464K)->6300K(6464K) NonClass: 5767K(5824K)->5767K(5824K) Class: 533K(640K)->533K(640K)
[15.419s][info][gc             ] GC(200) Pause Young (Allocation Failure) 2416M->2416M(2602M) 44.200ms
[15.419s][info][gc,cpu         ] GC(200) User=0.27s Sys=0.00s Real=0.04s
[15.467s][info][gc,start       ] GC(201) Pause Young (Allocation Failure)
[15.511s][info][gc,heap        ] GC(201) PSYoungGen: 72928K(153600K)->38560K(77312K) Eden: 38400K(38400K)->0K(38400K) From: 34528K(115200K)->38560K(38912K)
[15.511s][info][gc,heap        ] GC(201) ParOldGen: 2440375K(2510848K)->2474991K(2510848K)
[15.511s][info][gc,metaspace   ] GC(201) Metaspace: 6300K(6464K)->6300K(6464K) NonClass: 5767K(5824K)->5767K(5824K) Class: 533K(640K)->533K(640K)
[15.512s][info][gc             ] GC(201) Pause Young (Allocation Failure) 2454M->2454M(2527M) 44.302ms
[15.512s][info][gc,cpu         ] GC(201) User=0.25s Sys=0.00s Real=0.05s
[15.512s][info][gc,start       ] GC(202) Pause Full (Ergonomics)
[15.512s][info][gc,phases,start] GC(202) Marking Phase
[16.082s][info][gc,phases      ] GC(202) Marking Phase 570.861ms
[16.083s][info][gc,phases,start] GC(202) Summary Phase
[16.083s][info][gc,phases      ] GC(202) Summary Phase 0.043ms
[16.083s][info][gc,phases,start] GC(202) Adjust Roots
[16.083s][info][gc,phases      ] GC(202) Adjust Roots 0.165ms
[16.083s][info][gc,phases,start] GC(202) Compaction Phase
[16.299s][info][gc,phases      ] GC(202) Compaction Phase 215.841ms
[16.299s][info][gc,phases,start] GC(202) Post Compact
[16.303s][info][gc,phases      ] GC(202) Post Compact 4.700ms
[16.304s][info][gc,heap        ] GC(202) PSYoungGen: 38560K(77312K)->581K(77312K) Eden: 0K(38400K)->0K(38400K) From: 38560K(38912K)->581K(38912K)
[16.304s][info][gc,heap        ] GC(202) ParOldGen: 2474991K(2510848K)->2510675K(2763776K)
[16.304s][info][gc,metaspace   ] GC(202) Metaspace: 6300K(6464K)->6300K(6464K) NonClass: 5767K(5824K)->5767K(5824K) Class: 533K(640K)->533K(640K)
[16.304s][info][gc             ] GC(202) Pause Full (Ergonomics) 2454M->2452M(2774M) 792.853ms
[16.304s][info][gc,cpu         ] GC(202) User=5.91s Sys=0.02s Real=0.79s
[16.350s][info][gc,start       ] GC(203) Pause Young (Allocation Failure)
[16.483s][info][gc,heap        ] GC(203) PSYoungGen: 38981K(77312K)->38560K(146432K) Eden: 38400K(38400K)->0K(41984K) From: 581K(38912K)->38560K(104448K)
[16.484s][info][gc,heap        ] GC(203) ParOldGen: 2510675K(2763776K)->2511299K(2763776K)
[16.484s][info][gc,metaspace   ] GC(203) Metaspace: 6300K(6464K)->6300K(6464K) NonClass: 5767K(5824K)->5767K(5824K) Class: 533K(640K)->533K(640K)
[16.484s][info][gc             ] GC(203) Pause Young (Allocation Failure) 2489M->2490M(2842M) 133.366ms
[16.484s][info][gc,cpu         ] GC(203) User=0.78s Sys=0.00s Real=0.13s
[16.535s][info][gc,start       ] GC(204) Pause Young (Allocation Failure)
[16.581s][info][gc,heap        ] GC(204) PSYoungGen: 80544K(146432K)->80576K(151552K) Eden: 41984K(41984K)->0K(41984K) From: 38560K(104448K)->80576K(109568K)
[16.582s][info][gc,heap        ] GC(204) ParOldGen: 2511299K(2763776K)->2511299K(2763776K)
[16.582s][info][gc,metaspace   ] GC(204) Metaspace: 6300K(6464K)->6300K(6464K) NonClass: 5767K(5824K)->5767K(5824K) Class: 533K(640K)->533K(640K)
[16.582s][info][gc             ] GC(204) Pause Young (Allocation Failure) 2531M->2531M(2847M) 46.586ms
[16.582s][info][gc,cpu         ] GC(204) User=0.25s Sys=0.00s Real=0.05s
[16.635s][info][gc,start       ] GC(205) Pause Young (Allocation Failure)
[16.699s][info][gc,heap        ] GC(205) PSYoungGen: 122560K(151552K)->115712K(141824K) Eden: 41984K(41984K)->0K(26112K) From: 80576K(109568K)->115712K(115712K)
[16.699s][info][gc,heap        ] GC(205) ParOldGen: 2511299K(2763776K)->2518187K(2763776K)
[16.699s][info][gc,metaspace   ] GC(205) Metaspace: 6300K(6464K)->6300K(6464K) NonClass: 5767K(5824K)->5767K(5824K) Class: 533K(640K)->533K(640K)
[16.699s][info][gc             ] GC(205) Pause Young (Allocation Failure) 2572M->2572M(2837M) 63.552ms
[16.699s][info][gc,cpu         ] GC(205) User=0.39s Sys=0.00s Real=0.06s
[16.733s][info][gc,start       ] GC(206) Pause Young (Allocation Failure)
[16.815s][info][gc,heap        ] GC(206) PSYoungGen: 141824K(141824K)->65920K(92160K) Eden: 26112K(26112K)->0K(26112K) From: 115712K(115712K)->65920K(66048K)
[16.815s][info][gc,heap        ] GC(206) ParOldGen: 2518187K(2763776K)->2594819K(2763776K)
[16.815s][info][gc,metaspace   ] GC(206) Metaspace: 6300K(6464K)->6300K(6464K) NonClass: 5767K(5824K)->5767K(5824K) Class: 533K(640K)->533K(640K)
[16.815s][info][gc             ] GC(206) Pause Young (Allocation Failure) 2597M->2598M(2789M) 81.868ms
[16.815s][info][gc,cpu         ] GC(206) User=0.48s Sys=0.02s Real=0.08s
[16.848s][info][gc,start       ] GC(207) Pause Young (Allocation Failure)
[16.902s][info][gc,heap        ] GC(207) PSYoungGen: 92032K(92160K)->52384K(147456K) Eden: 26112K(26112K)->0K(29184K) From: 65920K(66048K)->52384K(118272K)
[16.902s][info][gc,heap        ] GC(207) ParOldGen: 2594819K(2763776K)->2634763K(2763776K)
[16.902s][info][gc,metaspace   ] GC(207) Metaspace: 6300K(6464K)->6300K(6464K) NonClass: 5767K(5824K)->5767K(5824K) Class: 533K(640K)->533K(640K)
[16.902s][info][gc             ] GC(207) Pause Young (Allocation Failure) 2623M->2624M(2843M) 53.556ms
[16.902s][info][gc,cpu         ] GC(207) User=0.30s Sys=0.00s Real=0.05s
[16.942s][info][gc,start       ] GC(208) Pause Young (Allocation Failure)
[16.991s][info][gc,heap        ] GC(208) PSYoungGen: 81568K(147456K)->55520K(84992K) Eden: 29184K(29184K)->0K(29184K) From: 52384K(118272K)->55520K(55808K)
[16.991s][info][gc,heap        ] GC(208) ParOldGen: 2634763K(2763776K)->2661107K(2763776K)
[16.991s][info][gc,metaspace   ] GC(208) Metaspace: 6300K(6464K)->6300K(6464K) NonClass: 5767K(5824K)->5767K(5824K) Class: 533K(640K)->533K(640K)
[16.991s][info][gc             ] GC(208) Pause Young (Allocation Failure) 2652M->2652M(2782M) 48.775ms
[16.991s][info][gc,cpu         ] GC(208) User=0.27s Sys=0.00s Real=0.05s
[17.023s][info][gc,start       ] GC(209) Pause Young (Allocation Failure)
[17.073s][info][gc,heap        ] GC(209) PSYoungGen: 84704K(84992K)->58496K(139264K) Eden: 29184K(29184K)->0K(32768K) From: 55520K(55808K)->58496K(106496K)
[17.074s][info][gc,heap        ] GC(209) ParOldGen: 2661107K(2763776K)->2687451K(2763776K)
[17.074s][info][gc,metaspace   ] GC(209) Metaspace: 6300K(6464K)->6300K(6464K) NonClass: 5767K(5824K)->5767K(5824K) Class: 533K(640K)->533K(640K)
[17.074s][info][gc             ] GC(209) Pause Young (Allocation Failure) 2681M->2681M(2835M) 50.146ms
[17.074s][info][gc,cpu         ] GC(209) User=0.28s Sys=0.00s Real=0.05s
[17.111s][info][gc,start       ] GC(210) Pause Young (Allocation Failure)
[17.163s][info][gc,heap        ] GC(210) PSYoungGen: 91264K(139264K)->62144K(145408K) Eden: 32768K(32768K)->0K(32768K) From: 58496K(106496K)->62144K(112640K)
[17.163s][info][gc,heap        ] GC(210) ParOldGen: 2687451K(2763776K)->2716891K(2763776K)
[17.163s][info][gc,metaspace   ] GC(210) Metaspace: 6300K(6464K)->6300K(6464K) NonClass: 5767K(5824K)->5767K(5824K) Class: 533K(640K)->533K(640K)
[17.164s][info][gc             ] GC(210) Pause Young (Allocation Failure) 2713M->2713M(2841M) 52.086ms
[17.164s][info][gc,cpu         ] GC(210) User=0.27s Sys=0.00s Real=0.05s
[17.164s][info][gc,start       ] GC(211) Pause Full (Ergonomics)
[17.164s][info][gc,phases,start] GC(211) Marking Phase
[17.791s][info][gc,phases      ] GC(211) Marking Phase 627.693ms
[17.791s][info][gc,phases,start] GC(211) Summary Phase
[17.791s][info][gc,phases      ] GC(211) Summary Phase 0.056ms
[17.791s][info][gc,phases,start] GC(211) Adjust Roots
[17.792s][info][gc,phases      ] GC(211) Adjust Roots 0.170ms
[17.792s][info][gc,phases,start] GC(211) Compaction Phase
[18.024s][info][gc,phases      ] GC(211) Compaction Phase 231.920ms
[18.024s][info][gc,phases,start] GC(211) Post Compact
[18.029s][info][gc,phases      ] GC(211) Post Compact 4.967ms
[18.030s][info][gc,heap        ] GC(211) PSYoungGen: 62144K(145408K)->13351K(145408K) Eden: 0K(32768K)->0K(32768K) From: 62144K(112640K)->13351K(112640K)
[18.030s][info][gc,heap        ] GC(211) ParOldGen: 2716891K(2763776K)->2763386K(3045376K)
[18.030s][info][gc,metaspace   ] GC(211) Metaspace: 6300K(6464K)->6300K(6464K) NonClass: 5767K(5824K)->5767K(5824K) Class: 533K(640K)->533K(640K)
[18.030s][info][gc             ] GC(211) Pause Full (Ergonomics) 2713M->2711M(3116M) 866.068ms
[18.030s][info][gc,cpu         ] GC(211) User=6.61s Sys=0.02s Real=0.87s
[18.072s][info][gc,start       ] GC(212) Pause Young (Allocation Failure)
[18.222s][info][gc,heap        ] GC(212) PSYoungGen: 46119K(145408K)->40064K(141312K) Eden: 32768K(32768K)->0K(36352K) From: 13351K(112640K)->40064K(104960K)
[18.222s][info][gc,heap        ] GC(212) ParOldGen: 2763386K(3045376K)->2769690K(3045376K)
[18.222s][info][gc,metaspace   ] GC(212) Metaspace: 6300K(6464K)->6300K(6464K) NonClass: 5767K(5824K)->5767K(5824K) Class: 533K(640K)->533K(640K)
[18.222s][info][gc             ] GC(212) Pause Young (Allocation Failure) 2743M->2743M(3112M) 149.475ms
[18.222s][info][gc,cpu         ] GC(212) User=0.91s Sys=0.00s Real=0.15s
[18.817s][info][gc,start       ] GC(213) Pause Young (Allocation Failure)
[18.924s][info][gc,heap        ] GC(213) PSYoungGen: 76416K(141312K)->76512K(143360K) Eden: 36352K(36352K)->0K(36352K) From: 40064K(104960K)->76512K(107008K)
[18.924s][info][gc,heap        ] GC(213) ParOldGen: 2900762K(3045376K)->2900762K(3045376K)
[18.924s][info][gc,metaspace   ] GC(213) Metaspace: 6300K(6464K)->6300K(6464K) NonClass: 5767K(5824K)->5767K(5824K) Class: 533K(640K)->533K(640K)
[18.924s][info][gc             ] GC(213) Pause Young (Allocation Failure) 2907M->2907M(3114M) 107.526ms
[18.925s][info][gc,cpu         ] GC(213) User=0.66s Sys=0.00s Real=0.11s
[18.968s][info][gc,start       ] GC(214) Pause Young (Allocation Failure)
[19.036s][info][gc,heap        ] GC(214) PSYoungGen: 112864K(143360K)->109056K(134144K) Eden: 36352K(36352K)->0K(25088K) From: 76512K(107008K)->109056K(109056K)
[19.036s][info][gc,heap        ] GC(214) ParOldGen: 2900762K(3045376K)->2904530K(3045376K)
[19.036s][info][gc,metaspace   ] GC(214) Metaspace: 6300K(6464K)->6300K(6464K) NonClass: 5767K(5824K)->5767K(5824K) Class: 533K(640K)->533K(640K)
[19.036s][info][gc             ] GC(214) Pause Young (Allocation Failure) 2942M->2942M(3105M) 67.703ms
[19.036s][info][gc,cpu         ] GC(214) User=0.31s Sys=0.00s Real=0.07s
[19.062s][info][gc,start       ] GC(215) Pause Young (Allocation Failure)
[19.135s][info][gc,heap        ] GC(215) PSYoungGen: 134144K(134144K)->96896K(148992K) Eden: 25088K(25088K)->0K(25088K) From: 109056K(109056K)->96896K(123904K)
[19.135s][info][gc,heap        ] GC(215) ParOldGen: 2904530K(3045376K)->2942226K(3045376K)
[19.136s][info][gc,metaspace   ] GC(215) Metaspace: 6300K(6464K)->6300K(6464K) NonClass: 5767K(5824K)->5767K(5824K) Class: 533K(640K)->533K(640K)
[19.136s][info][gc             ] GC(215) Pause Young (Allocation Failure) 2967M->2967M(3119M) 73.173ms
[19.136s][info][gc,cpu         ] GC(215) User=0.31s Sys=0.02s Real=0.07s
[19.164s][info][gc,start       ] GC(216) Pause Young (Allocation Failure)
[19.241s][info][gc,heap        ] GC(216) PSYoungGen: 121984K(148992K)->86784K(157184K) Eden: 25088K(25088K)->0K(27136K) From: 96896K(123904K)->86784K(130048K)
[19.241s][info][gc,heap        ] GC(216) ParOldGen: 2942226K(3045376K)->2977754K(3045376K)
[19.241s][info][gc,metaspace   ] GC(216) Metaspace: 6300K(6464K)->6300K(6464K) NonClass: 5767K(5824K)->5767K(5824K) Class: 533K(640K)->533K(640K)
[19.241s][info][gc             ] GC(216) Pause Young (Allocation Failure) 2992M->2992M(3127M) 77.017ms
[19.241s][info][gc,cpu         ] GC(216) User=0.22s Sys=0.03s Real=0.08s
[19.269s][info][gc,start       ] GC(217) Pause Young (Allocation Failure)
[19.337s][info][gc,heap        ] GC(217) PSYoungGen: 113920K(157184K)->77536K(158208K) Eden: 27136K(27136K)->0K(27136K) From: 86784K(130048K)->77536K(131072K)
[19.337s][info][gc,heap        ] GC(217) ParOldGen: 2977754K(3045376K)->3014442K(3045376K)
[19.337s][info][gc,metaspace   ] GC(217) Metaspace: 6300K(6464K)->6300K(6464K) NonClass: 5767K(5824K)->5767K(5824K) Class: 533K(640K)->533K(640K)
[19.337s][info][gc             ] GC(217) Pause Young (Allocation Failure) 3019M->3019M(3128M) 67.755ms
[19.337s][info][gc,cpu         ] GC(217) User=0.27s Sys=0.05s Real=0.07s
[19.337s][info][gc,start       ] GC(218) Pause Full (Ergonomics)
[19.337s][info][gc,phases,start] GC(218) Marking Phase
[20.052s][info][gc,phases      ] GC(218) Marking Phase 714.944ms
[20.052s][info][gc,phases,start] GC(218) Summary Phase
[20.052s][info][gc,phases      ] GC(218) Summary Phase 0.070ms
[20.052s][info][gc,phases,start] GC(218) Adjust Roots
[20.052s][info][gc,phases      ] GC(218) Adjust Roots 0.190ms
[20.052s][info][gc,phases,start] GC(218) Compaction Phase
[20.525s][info][gc,phases      ] GC(218) Compaction Phase 472.493ms
[20.525s][info][gc,phases,start] GC(218) Post Compact
[20.531s][info][gc,phases      ] GC(218) Post Compact 6.079ms
[20.532s][info][gc,heap        ] GC(218) PSYoungGen: 77536K(158208K)->0K(158720K) Eden: 0K(27136K)->0K(30720K) From: 77536K(131072K)->0K(128000K)
[20.532s][info][gc,heap        ] GC(218) ParOldGen: 3014442K(3045376K)->3024871K(3332096K)
[20.532s][info][gc,metaspace   ] GC(218) Metaspace: 6300K(6464K)->6300K(6464K) NonClass: 5767K(5824K)->5767K(5824K) Class: 533K(640K)->533K(640K)
[20.532s][info][gc             ] GC(218) Pause Full (Ergonomics) 3019M->2953M(3409M) 1195.082ms
[20.532s][info][gc,cpu         ] GC(218) User=8.34s Sys=0.08s Real=1.19s
[20.567s][info][gc,start       ] GC(219) Pause Young (Allocation Failure)
[20.603s][info][gc,heap        ] GC(219) PSYoungGen: 30720K(158720K)->30880K(158720K) Eden: 30720K(30720K)->0K(30720K) From: 0K(128000K)->30880K(128000K)
[20.603s][info][gc,heap        ] GC(219) ParOldGen: 3024871K(3332096K)->3024871K(3332096K)
[20.603s][info][gc,metaspace   ] GC(219) Metaspace: 6300K(6464K)->6300K(6464K) NonClass: 5767K(5824K)->5767K(5824K) Class: 533K(640K)->533K(640K)
[20.604s][info][gc             ] GC(219) Pause Young (Allocation Failure) 2983M->2984M(3409M) 36.542ms
[20.604s][info][gc,cpu         ] GC(219) User=0.05s Sys=0.00s Real=0.04s
[20.632s][info][gc,start       ] GC(220) Pause Young (Allocation Failure)
[20.678s][info][gc,heap        ] GC(220) PSYoungGen: 61600K(158720K)->61632K(151552K) Eden: 30720K(30720K)->0K(33792K) From: 30880K(128000K)->61632K(117760K)
[20.678s][info][gc,heap        ] GC(220) ParOldGen: 3024871K(3332096K)->3024871K(3332096K)
[20.678s][info][gc,metaspace   ] GC(220) Metaspace: 6300K(6464K)->6300K(6464K) NonClass: 5767K(5824K)->5767K(5824K) Class: 533K(640K)->533K(640K)
[20.678s][info][gc             ] GC(220) Pause Young (Allocation Failure) 3014M->3014M(3402M) 46.049ms
[20.678s][info][gc,cpu         ] GC(220) User=0.09s Sys=0.00s Real=0.05s
[20.711s][info][gc,start       ] GC(221) Pause Young (Allocation Failure)
[20.768s][info][gc,heap        ] GC(221) PSYoungGen: 95424K(151552K)->95520K(157184K) Eden: 33792K(33792K)->0K(33792K) From: 61632K(117760K)->95520K(123392K)
[20.768s][info][gc,heap        ] GC(221) ParOldGen: 3024871K(3332096K)->3024871K(3332096K)
[20.768s][info][gc,metaspace   ] GC(221) Metaspace: 6300K(6464K)->6300K(6464K) NonClass: 5767K(5824K)->5767K(5824K) Class: 533K(640K)->533K(640K)
[20.768s][info][gc             ] GC(221) Pause Young (Allocation Failure) 3047M->3047M(3407M) 57.845ms
[20.768s][info][gc,cpu         ] GC(221) User=0.19s Sys=0.00s Real=0.06s
[20.804s][info][gc,start       ] GC(222) Pause Young (Allocation Failure)
[20.875s][info][gc,heap        ] GC(222) PSYoungGen: 129312K(157184K)->98560K(161280K) Eden: 33792K(33792K)->0K(32768K) From: 95520K(123392K)->98560K(128512K)
[20.875s][info][gc,heap        ] GC(222) ParOldGen: 3024871K(3332096K)->3055887K(3332096K)
[20.875s][info][gc,metaspace   ] GC(222) Metaspace: 6300K(6464K)->6300K(6464K) NonClass: 5767K(5824K)->5767K(5824K) Class: 533K(640K)->533K(640K)
[20.875s][info][gc             ] GC(222) Pause Young (Allocation Failure) 3080M->3080M(3411M) 71.235ms
[20.875s][info][gc,cpu         ] GC(222) User=0.25s Sys=0.03s Real=0.07s
[20.911s][info][gc,start       ] GC(223) Pause Young (Allocation Failure)
[20.980s][info][gc,heap        ] GC(223) PSYoungGen: 131328K(161280K)->66784K(99840K) Eden: 32768K(32768K)->0K(32768K) From: 98560K(128512K)->66784K(67072K)
[20.980s][info][gc,heap        ] GC(223) ParOldGen: 3055887K(3332096K)->3120967K(3332096K)
[20.980s][info][gc,metaspace   ] GC(223) Metaspace: 6300K(6464K)->6300K(6464K) NonClass: 5767K(5824K)->5767K(5824K) Class: 533K(640K)->533K(640K)
[20.980s][info][gc             ] GC(223) Pause Young (Allocation Failure) 3112M->3113M(3351M) 68.665ms
[20.980s][info][gc,cpu         ] GC(223) User=0.34s Sys=0.06s Real=0.07s
[21.017s][info][gc,start       ] GC(224) Pause Young (Allocation Failure)
[21.079s][info][gc,heap        ] GC(224) PSYoungGen: 99552K(99840K)->32960K(164864K) Eden: 32768K(32768K)->0K(36352K) From: 66784K(67072K)->32960K(128512K)
[21.079s][info][gc,heap        ] GC(224) ParOldGen: 3120967K(3332096K)->3188111K(3332096K)
[21.079s][info][gc,metaspace   ] GC(224) Metaspace: 6300K(6464K)->6300K(6464K) NonClass: 5767K(5824K)->5767K(5824K) Class: 533K(640K)->533K(640K)
[21.079s][info][gc             ] GC(224) Pause Young (Allocation Failure) 3145M->3145M(3415M) 61.178ms
[21.079s][info][gc,cpu         ] GC(224) User=0.28s Sys=0.03s Real=0.06s
[21.120s][info][gc,start       ] GC(225) Pause Young (Allocation Failure)
[21.173s][info][gc,heap        ] GC(225) PSYoungGen: 69312K(164864K)->36512K(165376K) Eden: 36352K(36352K)->0K(36352K) From: 32960K(128512K)->36512K(129024K)
[21.174s][info][gc,heap        ] GC(225) ParOldGen: 3188111K(3332096K)->3221175K(3332096K)
[21.174s][info][gc,metaspace   ] GC(225) Metaspace: 6300K(6464K)->6300K(6464K) NonClass: 5767K(5824K)->5767K(5824K) Class: 533K(640K)->533K(640K)
[21.174s][info][gc             ] GC(225) Pause Young (Allocation Failure) 3181M->3181M(3415M) 53.769ms
[21.174s][info][gc,cpu         ] GC(225) User=0.17s Sys=0.00s Real=0.05s
[21.208s][info][gc,start       ] GC(226) Pause Young (Allocation Failure)
[21.259s][info][gc,heap        ] GC(226) PSYoungGen: 72864K(165376K)->36512K(166400K) Eden: 36352K(36352K)->0K(40960K) From: 36512K(129024K)->36512K(125440K)
[21.259s][info][gc,heap        ] GC(226) ParOldGen: 3221175K(3332096K)->3257855K(3332096K)
[21.259s][info][gc,metaspace   ] GC(226) Metaspace: 6300K(6464K)->6300K(6464K) NonClass: 5767K(5824K)->5767K(5824K) Class: 533K(640K)->533K(640K)
[21.259s][info][gc             ] GC(226) Pause Young (Allocation Failure) 3216M->3217M(3416M) 50.791ms
[21.259s][info][gc,cpu         ] GC(226) User=0.14s Sys=0.00s Real=0.05s
[21.259s][info][gc,start       ] GC(227) Pause Full (Ergonomics)
[21.259s][info][gc,phases,start] GC(227) Marking Phase
[22.050s][info][gc,phases      ] GC(227) Marking Phase 790.899ms
[22.050s][info][gc,phases,start] GC(227) Summary Phase
[22.050s][info][gc,phases      ] GC(227) Summary Phase 0.088ms
[22.050s][info][gc,phases,start] GC(227) Adjust Roots
[22.050s][info][gc,phases      ] GC(227) Adjust Roots 0.192ms
[22.050s][info][gc,phases,start] GC(227) Compaction Phase
[22.386s][info][gc,phases      ] GC(227) Compaction Phase 336.061ms
[22.386s][info][gc,phases,start] GC(227) Post Compact
[22.392s][info][gc,phases      ] GC(227) Post Compact 5.981ms
[22.393s][info][gc,heap        ] GC(227) PSYoungGen: 36512K(166400K)->0K(167936K) Eden: 0K(40960K)->0K(40960K) From: 36512K(125440K)->0K(126976K)
[22.393s][info][gc,heap        ] GC(227) ParOldGen: 3257855K(3332096K)->3291886K(3638784K)
[22.393s][info][gc,metaspace   ] GC(227) Metaspace: 6300K(6464K)->6300K(6464K) NonClass: 5767K(5824K)->5767K(5824K) Class: 533K(640K)->533K(640K)
[22.393s][info][gc             ] GC(227) Pause Full (Ergonomics) 3217M->3214M(3717M) 1134.723ms
[22.394s][info][gc,cpu         ] GC(227) User=7.97s Sys=0.05s Real=1.13s
[22.437s][info][gc,start       ] GC(228) Pause Young (Allocation Failure)
[22.484s][info][gc,heap        ] GC(228) PSYoungGen: 40960K(167936K)->41152K(164864K) Eden: 40960K(40960K)->0K(45056K) From: 0K(126976K)->41152K(119808K)
[22.484s][info][gc,heap        ] GC(228) ParOldGen: 3291886K(3638784K)->3291886K(3638784K)
[22.484s][info][gc,metaspace   ] GC(228) Metaspace: 6300K(6464K)->6300K(6464K) NonClass: 5767K(5824K)->5767K(5824K) Class: 533K(640K)->533K(640K)
[22.484s][info][gc             ] GC(228) Pause Young (Allocation Failure) 3254M->3254M(3714M) 47.626ms
[22.484s][info][gc,cpu         ] GC(228) User=0.06s Sys=0.00s Real=0.05s
[22.531s][info][gc,start       ] GC(229) Pause Young (Allocation Failure)
[22.587s][info][gc,heap        ] GC(229) PSYoungGen: 86208K(164864K)->86272K(168960K) Eden: 45056K(45056K)->0K(45056K) From: 41152K(119808K)->86272K(123904K)
[22.587s][info][gc,heap        ] GC(229) ParOldGen: 3291886K(3638784K)->3291886K(3638784K)
[22.587s][info][gc,metaspace   ] GC(229) Metaspace: 6300K(6464K)->6300K(6464K) NonClass: 5767K(5824K)->5767K(5824K) Class: 533K(640K)->533K(640K)
[22.587s][info][gc             ] GC(229) Pause Young (Allocation Failure) 3298M->3298M(3718M) 55.815ms
[22.587s][info][gc,cpu         ] GC(229) User=0.19s Sys=0.00s Real=0.06s
[22.635s][info][gc,start       ] GC(230) Pause Young (Allocation Failure)
[22.706s][info][gc,heap        ] GC(230) PSYoungGen: 131328K(168960K)->126976K(157184K) Eden: 45056K(45056K)->0K(30208K) From: 86272K(123904K)->126976K(126976K)
[22.706s][info][gc,heap        ] GC(230) ParOldGen: 3291886K(3638784K)->3296238K(3638784K)
[22.706s][info][gc,metaspace   ] GC(230) Metaspace: 6300K(6464K)->6300K(6464K) NonClass: 5767K(5824K)->5767K(5824K) Class: 533K(640K)->533K(640K)
[22.706s][info][gc             ] GC(230) Pause Young (Allocation Failure) 3342M->3342M(3707M) 70.484ms
[22.706s][info][gc,cpu         ] GC(230) User=0.31s Sys=0.00s Real=0.07s
[22.740s][info][gc,start       ] GC(231) Pause Young (Allocation Failure)
[22.844s][info][gc,heap        ] GC(231) PSYoungGen: 157184K(157184K)->75200K(105472K) Eden: 30208K(30208K)->0K(30208K) From: 126976K(126976K)->75200K(75264K)
[22.844s][info][gc,heap        ] GC(231) ParOldGen: 3296238K(3638784K)->3378990K(3638784K)
[22.844s][info][gc,metaspace   ] GC(231) Metaspace: 6300K(6464K)->6300K(6464K) NonClass: 5767K(5824K)->5767K(5824K) Class: 533K(640K)->533K(640K)
[22.844s][info][gc             ] GC(231) Pause Young (Allocation Failure) 3372M->3373M(3656M) 103.823ms
[22.844s][info][gc,cpu         ] GC(231) User=0.45s Sys=0.30s Real=0.10s
[22.873s][info][gc,start       ] GC(232) Pause Young (Allocation Failure)
[22.944s][info][gc,heap        ] GC(232) PSYoungGen: 105408K(105472K)->60640K(164352K) Eden: 30208K(30208K)->0K(34304K) From: 75200K(75264K)->60640K(130048K)
[22.944s][info][gc,heap        ] GC(232) ParOldGen: 3378990K(3638784K)->3424158K(3638784K)
[22.944s][info][gc,metaspace   ] GC(232) Metaspace: 6300K(6464K)->6300K(6464K) NonClass: 5767K(5824K)->5767K(5824K) Class: 533K(640K)->533K(640K)
[22.944s][info][gc             ] GC(232) Pause Young (Allocation Failure) 3402M->3403M(3714M) 71.129ms
[22.944s][info][gc,cpu         ] GC(232) User=0.38s Sys=0.14s Real=0.07s
[22.976s][info][gc,start       ] GC(233) Pause Young (Allocation Failure)
[23.046s][info][gc,heap        ] GC(233) PSYoungGen: 94944K(164352K)->34496K(169472K) Eden: 34304K(34304K)->0K(34304K) From: 60640K(130048K)->34496K(135168K)
[23.046s][info][gc,heap        ] GC(233) ParOldGen: 3424158K(3638784K)->3485078K(3638784K)
[23.046s][info][gc,metaspace   ] GC(233) Metaspace: 6300K(6464K)->6300K(6464K) NonClass: 5767K(5824K)->5767K(5824K) Class: 533K(640K)->533K(640K)
[23.046s][info][gc             ] GC(233) Pause Young (Allocation Failure) 3436M->3437M(3719M) 70.320ms
[23.046s][info][gc,cpu         ] GC(233) User=0.25s Sys=0.25s Real=0.07s
[23.082s][info][gc,start       ] GC(234) Pause Young (Allocation Failure)
[23.140s][info][gc,heap        ] GC(234) PSYoungGen: 68800K(169472K)->34464K(170496K) Eden: 34304K(34304K)->0K(38912K) From: 34496K(135168K)->34464K(131584K)
[23.140s][info][gc,heap        ] GC(234) ParOldGen: 3485078K(3638784K)->3519694K(3638784K)
[23.140s][info][gc,metaspace   ] GC(234) Metaspace: 6300K(6464K)->6300K(6464K) NonClass: 5767K(5824K)->5767K(5824K) Class: 533K(640K)->533K(640K)
[23.140s][info][gc             ] GC(234) Pause Young (Allocation Failure) 3470M->3470M(3720M) 57.864ms
[23.140s][info][gc,cpu         ] GC(234) User=0.17s Sys=0.00s Real=0.06s
[23.180s][info][gc,start       ] GC(235) Pause Young (Allocation Failure)
[23.242s][info][gc,heap        ] GC(235) PSYoungGen: 73376K(170496K)->39072K(172032K) Eden: 38912K(38912K)->0K(38912K) From: 34464K(131584K)->39072K(133120K)
[23.242s][info][gc,heap        ] GC(235) ParOldGen: 3519694K(3638784K)->3554302K(3638784K)
[23.242s][info][gc,metaspace   ] GC(235) Metaspace: 6300K(6464K)->6300K(6464K) NonClass: 5767K(5824K)->5767K(5824K) Class: 533K(640K)->533K(640K)
[23.242s][info][gc             ] GC(235) Pause Young (Allocation Failure) 3508M->3509M(3721M) 62.214ms
[23.242s][info][gc,cpu         ] GC(235) User=0.30s Sys=0.08s Real=0.06s
[23.285s][info][gc,start       ] GC(236) Pause Young (Allocation Failure)
[23.346s][info][gc,heap        ] GC(236) PSYoungGen: 77984K(172032K)->39104K(166912K) Eden: 38912K(38912K)->0K(44032K) From: 39072K(133120K)->39104K(122880K)
[23.346s][info][gc,heap        ] GC(236) ParOldGen: 3554302K(3638784K)->3593574K(3638784K)
[23.346s][info][gc,metaspace   ] GC(236) Metaspace: 6300K(6464K)->6300K(6464K) NonClass: 5767K(5824K)->5767K(5824K) Class: 533K(640K)->533K(640K)
[23.346s][info][gc             ] GC(236) Pause Young (Allocation Failure) 3547M->3547M(3716M) 60.514ms
[23.346s][info][gc,cpu         ] GC(236) User=0.27s Sys=0.02s Real=0.06s
[23.346s][info][gc,start       ] GC(237) Pause Full (Ergonomics)
[23.346s][info][gc,phases,start] GC(237) Marking Phase
[24.177s][info][gc,phases      ] GC(237) Marking Phase 831.597ms
[24.177s][info][gc,phases,start] GC(237) Summary Phase
[24.178s][info][gc,phases      ] GC(237) Summary Phase 0.093ms
[24.178s][info][gc,phases,start] GC(237) Adjust Roots
[24.178s][info][gc,phases      ] GC(237) Adjust Roots 0.266ms
[24.178s][info][gc,phases,start] GC(237) Compaction Phase
[24.536s][info][gc,phases      ] GC(237) Compaction Phase 358.082ms
[24.536s][info][gc,phases,start] GC(237) Post Compact
[24.543s][info][gc,phases      ] GC(237) Post Compact 6.634ms
[24.545s][info][gc,heap        ] GC(237) PSYoungGen: 39104K(166912K)->0K(170496K) Eden: 0K(44032K)->0K(44032K) From: 39104K(122880K)->0K(126464K)
[24.545s][info][gc,heap        ] GC(237) ParOldGen: 3593574K(3638784K)->3629529K(4010496K)
[24.545s][info][gc,metaspace   ] GC(237) Metaspace: 6300K(6464K)->6300K(6464K) NonClass: 5767K(5824K)->5767K(5824K) Class: 533K(640K)->533K(640K)
[24.545s][info][gc             ] GC(237) Pause Full (Ergonomics) 3547M->3544M(4083M) 1199.419ms
[24.545s][info][gc,cpu         ] GC(237) User=8.59s Sys=0.08s Real=1.20s
[24.592s][info][gc,start       ] GC(238) Pause Young (Allocation Failure)
[24.635s][info][gc,heap        ] GC(238) PSYoungGen: 44032K(170496K)->44256K(164864K) Eden: 44032K(44032K)->0K(48640K) From: 0K(126464K)->44256K(116224K)
[24.635s][info][gc,heap        ] GC(238) ParOldGen: 3629529K(4010496K)->3629529K(4010496K)
[24.635s][info][gc,metaspace   ] GC(238) Metaspace: 6300K(6464K)->6300K(6464K) NonClass: 5767K(5824K)->5767K(5824K) Class: 533K(640K)->533K(640K)
[24.635s][info][gc             ] GC(238) Pause Young (Allocation Failure) 3587M->3587M(4077M) 43.530ms
[24.635s][info][gc,cpu         ] GC(238) User=0.08s Sys=0.00s Real=0.04s
[24.682s][info][gc,start       ] GC(239) Pause Young (Allocation Failure)
[24.744s][info][gc,heap        ] GC(239) PSYoungGen: 92896K(164864K)->92960K(170496K) Eden: 48640K(48640K)->0K(48640K) From: 44256K(116224K)->92960K(121856K)
[24.745s][info][gc,heap        ] GC(239) ParOldGen: 3629529K(4010496K)->3629529K(4010496K)
[24.745s][info][gc,metaspace   ] GC(239) Metaspace: 6300K(6464K)->6300K(6464K) NonClass: 5767K(5824K)->5767K(5824K) Class: 533K(640K)->533K(640K)
[24.745s][info][gc             ] GC(239) Pause Young (Allocation Failure) 3635M->3635M(4083M) 62.419ms
[24.745s][info][gc,cpu         ] GC(239) User=0.17s Sys=0.00s Real=0.06s
[24.792s][info][gc,start       ] GC(240) Pause Young (Allocation Failure)
[24.875s][info][gc,heap        ] GC(240) PSYoungGen: 141600K(170496K)->129024K(159744K) Eden: 48640K(48640K)->0K(30720K) From: 92960K(121856K)->129024K(129024K)
[24.875s][info][gc,heap        ] GC(240) ParOldGen: 3629529K(4010496K)->3642137K(4010496K)
[24.875s][info][gc,metaspace   ] GC(240) Metaspace: 6300K(6464K)->6300K(6464K) NonClass: 5767K(5824K)->5767K(5824K) Class: 533K(640K)->533K(640K)
[24.875s][info][gc             ] GC(240) Pause Young (Allocation Failure) 3682M->3682M(4072M) 83.253ms
[24.875s][info][gc,cpu         ] GC(240) User=0.33s Sys=0.11s Real=0.08s
[24.907s][info][gc,start       ] GC(241) Pause Young (Allocation Failure)
[25.017s][info][gc,heap        ] GC(241) PSYoungGen: 159744K(159744K)->69376K(100352K) Eden: 30720K(30720K)->0K(30720K) From: 129024K(129024K)->69376K(69632K)
[25.017s][info][gc,heap        ] GC(241) ParOldGen: 3642137K(4010496K)->3733265K(4010496K)
[25.017s][info][gc,metaspace   ] GC(241) Metaspace: 6300K(6464K)->6300K(6464K) NonClass: 5767K(5824K)->5767K(5824K) Class: 533K(640K)->533K(640K)
[25.017s][info][gc             ] GC(241) Pause Young (Allocation Failure) 3712M->3713M(4014M) 110.367ms
[25.017s][info][gc,cpu         ] GC(241) User=0.48s Sys=0.39s Real=0.11s
[25.051s][info][gc,start       ] GC(242) Pause Young (Allocation Failure)
[25.117s][info][gc,heap        ] GC(242) PSYoungGen: 100096K(100352K)->61600K(165888K) Eden: 30720K(30720K)->0K(34816K) From: 69376K(69632K)->61600K(131072K)
[25.118s][info][gc,heap        ] GC(242) ParOldGen: 3733265K(4010496K)->3772105K(4010496K)
[25.118s][info][gc,metaspace   ] GC(242) Metaspace: 6300K(6464K)->6300K(6464K) NonClass: 5767K(5824K)->5767K(5824K) Class: 533K(640K)->533K(640K)
[25.118s][info][gc             ] GC(242) Pause Young (Allocation Failure) 3743M->3743M(4078M) 66.168ms
[25.118s][info][gc,cpu         ] GC(242) User=0.22s Sys=0.20s Real=0.07s
[25.155s][info][gc,start       ] GC(243) Pause Young (Allocation Failure)
[25.237s][info][gc,heap        ] GC(243) PSYoungGen: 96416K(165888K)->35040K(172544K) Eden: 34816K(34816K)->0K(34816K) From: 61600K(131072K)->35040K(137728K)
[25.237s][info][gc,heap        ] GC(243) ParOldGen: 3772105K(4010496K)->3834065K(4010496K)
[25.237s][info][gc,metaspace   ] GC(243) Metaspace: 6300K(6464K)->6300K(6464K) NonClass: 5767K(5824K)->5767K(5824K) Class: 533K(640K)->533K(640K)
[25.237s][info][gc             ] GC(243) Pause Young (Allocation Failure) 3777M->3778M(4085M) 82.212ms
[25.237s][info][gc,cpu         ] GC(243) User=0.22s Sys=0.20s Real=0.08s
[25.275s][info][gc,start       ] GC(244) Pause Young (Allocation Failure)
[25.333s][info][gc,heap        ] GC(244) PSYoungGen: 69856K(172544K)->34944K(171520K) Eden: 34816K(34816K)->0K(39424K) From: 35040K(137728K)->34944K(132096K)
[25.334s][info][gc,heap        ] GC(244) ParOldGen: 3834065K(4010496K)->3869193K(4010496K)
[25.334s][info][gc,metaspace   ] GC(244) Metaspace: 6300K(6464K)->6300K(6464K) NonClass: 5767K(5824K)->5767K(5824K) Class: 533K(640K)->533K(640K)
[25.334s][info][gc             ] GC(244) Pause Young (Allocation Failure) 3812M->3812M(4084M) 58.237ms
[25.334s][info][gc,cpu         ] GC(244) User=0.22s Sys=0.08s Real=0.06s
[25.375s][info][gc,start       ] GC(245) Pause Young (Allocation Failure)
[25.433s][info][gc,heap        ] GC(245) PSYoungGen: 74368K(171520K)->39616K(173568K) Eden: 39424K(39424K)->0K(39424K) From: 34944K(132096K)->39616K(134144K)
[25.433s][info][gc,heap        ] GC(245) ParOldGen: 3869193K(4010496K)->3904329K(4010496K)
[25.433s][info][gc,metaspace   ] GC(245) Metaspace: 6300K(6464K)->6300K(6464K) NonClass: 5767K(5824K)->5767K(5824K) Class: 533K(640K)->533K(640K)
[25.433s][info][gc             ] GC(245) Pause Young (Allocation Failure) 3851M->3851M(4086M) 57.475ms
[25.433s][info][gc,cpu         ] GC(245) User=0.19s Sys=0.11s Real=0.06s
[25.472s][info][gc,start       ] GC(246) Pause Young (Allocation Failure)
[25.536s][info][gc,heap        ] GC(246) PSYoungGen: 79040K(173568K)->39616K(167936K) Eden: 39424K(39424K)->0K(44544K) From: 39616K(134144K)->39616K(123392K)
[25.536s][info][gc,heap        ] GC(246) ParOldGen: 3904329K(4010496K)->3944097K(4010496K)
[25.536s][info][gc,metaspace   ] GC(246) Metaspace: 6300K(6464K)->6300K(6464K) NonClass: 5767K(5824K)->5767K(5824K) Class: 533K(640K)->533K(640K)
[25.536s][info][gc             ] GC(246) Pause Young (Allocation Failure) 3890M->3890M(4080M) 63.921ms
[25.536s][info][gc,cpu         ] GC(246) User=0.14s Sys=0.14s Real=0.06s
[25.536s][info][gc,start       ] GC(247) Pause Full (Ergonomics)
[25.536s][info][gc,phases,start] GC(247) Marking Phase
[26.423s][info][gc,phases      ] GC(247) Marking Phase 886.899ms
[26.423s][info][gc,phases,start] GC(247) Summary Phase
[26.423s][info][gc,phases      ] GC(247) Summary Phase 0.088ms
[26.423s][info][gc,phases,start] GC(247) Adjust Roots
[26.423s][info][gc,phases      ] GC(247) Adjust Roots 0.162ms
[26.423s][info][gc,phases,start] GC(247) Compaction Phase
[26.772s][info][gc,phases      ] GC(247) Compaction Phase 348.110ms
[26.772s][info][gc,phases,start] GC(247) Post Compact
[26.779s][info][gc,phases      ] GC(247) Post Compact 7.773ms
[26.782s][info][gc,heap        ] GC(247) PSYoungGen: 39616K(167936K)->0K(171520K) Eden: 0K(44544K)->0K(44544K) From: 39616K(123392K)->0K(126976K)
[26.782s][info][gc,heap        ] GC(247) ParOldGen: 3944097K(4010496K)->3980479K(4394496K)
[26.782s][info][gc,metaspace   ] GC(247) Metaspace: 6300K(6464K)->6300K(6464K) NonClass: 5767K(5824K)->5767K(5824K) Class: 533K(640K)->533K(640K)
[26.782s][info][gc             ] GC(247) Pause Full (Ergonomics) 3890M->3887M(4459M) 1246.077ms
[26.782s][info][gc,cpu         ] GC(247) User=9.05s Sys=0.08s Real=1.25s
[26.829s][info][gc,start       ] GC(248) Pause Young (Allocation Failure)
[26.876s][info][gc,heap        ] GC(248) PSYoungGen: 44544K(171520K)->44736K(165888K) Eden: 44544K(44544K)->0K(49152K) From: 0K(126976K)->44736K(116736K)
[26.876s][info][gc,heap        ] GC(248) ParOldGen: 3980479K(4394496K)->3980479K(4394496K)
[26.876s][info][gc,metaspace   ] GC(248) Metaspace: 6300K(6464K)->6300K(6464K) NonClass: 5767K(5824K)->5767K(5824K) Class: 533K(640K)->533K(640K)
[26.876s][info][gc             ] GC(248) Pause Young (Allocation Failure) 3930M->3930M(4453M) 46.200ms
[26.876s][info][gc,cpu         ] GC(248) User=0.05s Sys=0.00s Real=0.05s
[26.932s][info][gc,start       ] GC(249) Pause Young (Allocation Failure)
[26.994s][info][gc,heap        ] GC(249) PSYoungGen: 93888K(165888K)->94016K(171520K) Eden: 49152K(49152K)->0K(49152K) From: 44736K(116736K)->94016K(122368K)
[26.994s][info][gc,heap        ] GC(249) ParOldGen: 3980479K(4394496K)->3980479K(4394496K)
[26.994s][info][gc,metaspace   ] GC(249) Metaspace: 6300K(6464K)->6300K(6464K) NonClass: 5767K(5824K)->5767K(5824K) Class: 533K(640K)->533K(640K)
[26.994s][info][gc             ] GC(249) Pause Young (Allocation Failure) 3978M->3978M(4459M) 62.734ms
[26.994s][info][gc,cpu         ] GC(249) User=0.27s Sys=0.00s Real=0.06s
[27.052s][info][gc,start       ] GC(250) Pause Young (Allocation Failure)
[27.137s][info][gc,heap        ] GC(250) PSYoungGen: 143168K(171520K)->129536K(159744K) Eden: 49152K(49152K)->0K(30208K) From: 94016K(122368K)->129536K(129536K)
[27.137s][info][gc,heap        ] GC(250) ParOldGen: 3980479K(4394496K)->3994119K(4394496K)
[27.137s][info][gc,metaspace   ] GC(250) Metaspace: 6300K(6464K)->6300K(6464K) NonClass: 5767K(5824K)->5767K(5824K) Class: 533K(640K)->533K(640K)
[27.137s][info][gc             ] GC(250) Pause Young (Allocation Failure) 4026M->4027M(4447M) 85.544ms
[27.137s][info][gc,cpu         ] GC(250) User=0.44s Sys=0.08s Real=0.09s
[27.167s][info][gc,start       ] GC(251) Pause Young (Allocation Failure)
[27.277s][info][gc,heap        ] GC(251) PSYoungGen: 159744K(159744K)->77184K(107520K) Eden: 30208K(30208K)->0K(30208K) From: 129536K(129536K)->77184K(77312K)
[27.277s][info][gc,heap        ] GC(251) ParOldGen: 3994119K(4394496K)->4077439K(4394496K)
[27.277s][info][gc,metaspace   ] GC(251) Metaspace: 6300K(6464K)->6300K(6464K) NonClass: 5767K(5824K)->5767K(5824K) Class: 533K(640K)->533K(640K)
[27.277s][info][gc             ] GC(251) Pause Young (Allocation Failure) 4056M->4057M(4396M) 109.371ms
[27.277s][info][gc,cpu         ] GC(251) User=0.41s Sys=0.36s Real=0.11s
[27.307s][info][gc,start       ] GC(252) Pause Young (Allocation Failure)
[27.388s][info][gc,heap        ] GC(252) PSYoungGen: 107392K(107520K)->60640K(169984K) Eden: 30208K(30208K)->0K(34304K) From: 77184K(77312K)->60640K(135680K)
[27.388s][info][gc,heap        ] GC(252) ParOldGen: 4077439K(4394496K)->4124631K(4394496K)
[27.388s][info][gc,metaspace   ] GC(252) Metaspace: 6300K(6464K)->6300K(6464K) NonClass: 5767K(5824K)->5767K(5824K) Class: 533K(640K)->533K(640K)
[27.388s][info][gc             ] GC(252) Pause Young (Allocation Failure) 4086M->4087M(4457M) 80.600ms
[27.388s][info][gc,cpu         ] GC(252) User=0.36s Sys=0.17s Real=0.08s
[27.423s][info][gc,start       ] GC(253) Pause Young (Allocation Failure)
[27.497s][info][gc,heap        ] GC(253) PSYoungGen: 94944K(169984K)->34496K(176128K) Eden: 34304K(34304K)->0K(34304K) From: 60640K(135680K)->34496K(141824K)
[27.497s][info][gc,heap        ] GC(253) ParOldGen: 4124631K(4394496K)->4185559K(4394496K)
[27.497s][info][gc,metaspace   ] GC(253) Metaspace: 6300K(6464K)->6300K(6464K) NonClass: 5767K(5824K)->5767K(5824K) Class: 533K(640K)->533K(640K)
[27.497s][info][gc             ] GC(253) Pause Young (Allocation Failure) 4120M->4121M(4463M) 74.045ms
[27.497s][info][gc,cpu         ] GC(253) User=0.22s Sys=0.41s Real=0.07s
[27.536s][info][gc,start       ] GC(254) Pause Young (Allocation Failure)
[27.595s][info][gc,heap        ] GC(254) PSYoungGen: 68800K(176128K)->34464K(174080K) Eden: 34304K(34304K)->0K(38912K) From: 34496K(141824K)->34464K(135168K)
[27.595s][info][gc,heap        ] GC(254) ParOldGen: 4185559K(4394496K)->4220175K(4394496K)
[27.595s][info][gc,metaspace   ] GC(254) Metaspace: 6300K(6464K)->6300K(6464K) NonClass: 5767K(5824K)->5767K(5824K) Class: 533K(640K)->533K(640K)
[27.595s][info][gc             ] GC(254) Pause Young (Allocation Failure) 4154M->4154M(4461M) 59.875ms
[27.595s][info][gc,cpu         ] GC(254) User=0.25s Sys=0.02s Real=0.06s
[27.638s][info][gc,start       ] GC(255) Pause Young (Allocation Failure)
[27.699s][info][gc,heap        ] GC(255) PSYoungGen: 73376K(174080K)->39040K(176640K) Eden: 38912K(38912K)->0K(38912K) From: 34464K(135168K)->39040K(137728K)
[27.699s][info][gc,heap        ] GC(255) ParOldGen: 4220175K(4394496K)->4254791K(4394496K)
[27.699s][info][gc,metaspace   ] GC(255) Metaspace: 6300K(6464K)->6300K(6464K) NonClass: 5767K(5824K)->5767K(5824K) Class: 533K(640K)->533K(640K)
[27.699s][info][gc             ] GC(255) Pause Young (Allocation Failure) 4192M->4193M(4464M) 60.176ms
[27.699s][info][gc,cpu         ] GC(255) User=0.20s Sys=0.09s Real=0.06s
[27.753s][info][gc,start       ] GC(256) Pause Young (Allocation Failure)
[27.815s][info][gc,heap        ] GC(256) PSYoungGen: 77952K(176640K)->39136K(169984K) Eden: 38912K(38912K)->0K(44032K) From: 39040K(137728K)->39136K(125952K)
[27.815s][info][gc,heap        ] GC(256) ParOldGen: 4254791K(4394496K)->4294063K(4394496K)
[27.815s][info][gc,metaspace   ] GC(256) Metaspace: 6300K(6464K)->6300K(6464K) NonClass: 5767K(5824K)->5767K(5824K) Class: 533K(640K)->533K(640K)
[27.815s][info][gc             ] GC(256) Pause Young (Allocation Failure) 4231M->4231M(4457M) 62.512ms
[27.815s][info][gc,cpu         ] GC(256) User=0.31s Sys=0.06s Real=0.06s
[27.869s][info][gc,start       ] GC(257) Pause Young (Allocation Failure)
[27.937s][info][gc,heap        ] GC(257) PSYoungGen: 83168K(169984K)->44224K(174080K) Eden: 44032K(44032K)->0K(44032K) From: 39136K(125952K)->44224K(130048K)
[27.937s][info][gc,heap        ] GC(257) ParOldGen: 4294063K(4394496K)->4333327K(4394496K)
[27.937s][info][gc,metaspace   ] GC(257) Metaspace: 6300K(6464K)->6300K(6464K) NonClass: 5767K(5824K)->5767K(5824K) Class: 533K(640K)->533K(640K)
[27.938s][info][gc             ] GC(257) Pause Young (Allocation Failure) 4274M->4274M(4461M) 68.265ms
[27.938s][info][gc,cpu         ] GC(257) User=0.23s Sys=0.08s Real=0.07s
[27.938s][info][gc,start       ] GC(258) Pause Full (Ergonomics)
[27.938s][info][gc,phases,start] GC(258) Marking Phase
[28.992s][info][gc,phases      ] GC(258) Marking Phase 1054.245ms
[28.992s][info][gc,phases,start] GC(258) Summary Phase
[28.992s][info][gc,phases      ] GC(258) Summary Phase 0.215ms
[28.992s][info][gc,phases,start] GC(258) Adjust Roots
[28.992s][info][gc,phases      ] GC(258) Adjust Roots 0.283ms
[28.992s][info][gc,phases,start] GC(258) Compaction Phase
[29.378s][info][gc,phases      ] GC(258) Compaction Phase 385.300ms
[29.378s][info][gc,phases,start] GC(258) Post Compact
[29.384s][info][gc,phases      ] GC(258) Post Compact 6.411ms
[29.388s][info][gc,heap        ] GC(258) PSYoungGen: 44224K(174080K)->0K(175104K) Eden: 0K(44032K)->0K(49664K) From: 44224K(130048K)->0K(125440K)
[29.388s][info][gc,heap        ] GC(258) ParOldGen: 4333327K(4394496K)->4373906K(4820480K)
[29.388s][info][gc,metaspace   ] GC(258) Metaspace: 6300K(6464K)->6300K(6464K) NonClass: 5767K(5824K)->5767K(5824K) Class: 533K(640K)->533K(640K)
[29.388s][info][gc             ] GC(258) Pause Full (Ergonomics) 4274M->4271M(4878M) 1450.021ms
[29.388s][info][gc,cpu         ] GC(258) User=10.77s Sys=0.06s Real=1.45s
[29.439s][info][gc,start       ] GC(259) Pause Young (Allocation Failure)
[29.487s][info][gc,heap        ] GC(259) PSYoungGen: 49664K(175104K)->49888K(99840K) Eden: 49664K(49664K)->0K(49664K) From: 0K(125440K)->49888K(50176K)
[29.487s][info][gc,heap        ] GC(259) ParOldGen: 4373906K(4820480K)->4373906K(4820480K)
[29.487s][info][gc,metaspace   ] GC(259) Metaspace: 6300K(6464K)->6300K(6464K) NonClass: 5767K(5824K)->5767K(5824K) Class: 533K(640K)->533K(640K)
[29.487s][info][gc             ] GC(259) Pause Young (Allocation Failure) 4319M->4320M(4805M) 48.438ms
[29.487s][info][gc,cpu         ] GC(259) User=0.06s Sys=0.00s Real=0.05s
[29.537s][info][gc,start       ] GC(260) Pause Young (Allocation Failure)
[29.602s][info][gc,heap        ] GC(260) PSYoungGen: 99552K(99840K)->99616K(163328K) Eden: 49664K(49664K)->0K(44032K) From: 49888K(50176K)->99616K(119296K)
[29.602s][info][gc,heap        ] GC(260) ParOldGen: 4373906K(4820480K)->4373906K(4820480K)
[29.602s][info][gc,metaspace   ] GC(260) Metaspace: 6300K(6464K)->6300K(6464K) NonClass: 5767K(5824K)->5767K(5824K) Class: 533K(640K)->533K(640K)
[29.602s][info][gc             ] GC(260) Pause Young (Allocation Failure) 4368M->4368M(4867M) 65.819ms
[29.602s][info][gc,cpu         ] GC(260) User=0.27s Sys=0.00s Real=0.07s
[29.651s][info][gc,start       ] GC(261) Pause Young (Allocation Failure)
[29.729s][info][gc,heap        ] GC(261) PSYoungGen: 143648K(163328K)->129536K(173568K) Eden: 44032K(44032K)->0K(44032K) From: 99616K(119296K)->129536K(129536K)
[29.729s][info][gc,heap        ] GC(261) ParOldGen: 4373906K(4820480K)->4388082K(4820480K)
[29.729s][info][gc,metaspace   ] GC(261) Metaspace: 6300K(6464K)->6300K(6464K) NonClass: 5767K(5824K)->5767K(5824K) Class: 533K(640K)->533K(640K)
[29.729s][info][gc             ] GC(261) Pause Young (Allocation Failure) 4411M->4411M(4877M) 78.277ms
[29.729s][info][gc,cpu         ] GC(261) User=0.39s Sys=0.02s Real=0.08s
[29.785s][info][gc,start       ] GC(262) Pause Young (Allocation Failure)
[29.915s][info][gc,heap        ] GC(262) PSYoungGen: 173568K(173568K)->77152K(193536K) Eden: 44032K(44032K)->0K(49664K) From: 129536K(129536K)->77152K(143872K)
[29.915s][info][gc,heap        ] GC(262) ParOldGen: 4388082K(4820480K)->4485362K(4820480K)
[29.915s][info][gc,metaspace   ] GC(262) Metaspace: 6300K(6464K)->6300K(6464K) NonClass: 5767K(5824K)->5767K(5824K) Class: 533K(640K)->533K(640K)
[29.915s][info][gc             ] GC(262) Pause Young (Allocation Failure) 4454M->4455M(4896M) 130.016ms
[29.915s][info][gc,cpu         ] GC(262) User=0.39s Sys=0.50s Real=0.13s
[29.976s][info][gc,start       ] GC(263) Pause Young (Allocation Failure)
[30.055s][info][gc,heap        ] GC(263) PSYoungGen: 126816K(193536K)->93952K(198144K) Eden: 49664K(49664K)->0K(49664K) From: 77152K(143872K)->93952K(148480K)
[30.055s][info][gc,heap        ] GC(263) ParOldGen: 4485362K(4820480K)->4518570K(4820480K)
[30.055s][info][gc,metaspace   ] GC(263) Metaspace: 6300K(6464K)->6300K(6464K) NonClass: 5767K(5824K)->5767K(5824K) Class: 533K(640K)->533K(640K)
[30.055s][info][gc             ] GC(263) Pause Young (Allocation Failure) 4504M->4504M(4901M) 79.262ms
[30.055s][info][gc,cpu         ] GC(263) User=0.41s Sys=0.11s Real=0.08s
[30.107s][info][gc,start       ] GC(264) Pause Young (Allocation Failure)
[30.202s][info][gc,heap        ] GC(264) PSYoungGen: 143616K(198144K)->99616K(202752K) Eden: 49664K(49664K)->0K(53248K) From: 93952K(148480K)->99616K(149504K)
[30.202s][info][gc,heap        ] GC(264) ParOldGen: 4518570K(4820480K)->4562986K(4820480K)
[30.202s][info][gc,metaspace   ] GC(264) Metaspace: 6300K(6464K)->6300K(6464K) NonClass: 5767K(5824K)->5767K(5824K) Class: 533K(640K)->533K(640K)
[30.202s][info][gc             ] GC(264) Pause Young (Allocation Failure) 4552M->4553M(4905M) 94.827ms
[30.202s][info][gc,cpu         ] GC(264) User=0.39s Sys=0.25s Real=0.10s
[30.258s][info][gc,start       ] GC(265) Pause Young (Allocation Failure)
[30.353s][info][gc,heap        ] GC(265) PSYoungGen: 152864K(202752K)->103200K(205312K) Eden: 53248K(53248K)->0K(53248K) From: 99616K(149504K)->103200K(152064K)
[30.353s][info][gc,heap        ] GC(265) ParOldGen: 4562986K(4820480K)->4613090K(4820480K)
[30.353s][info][gc,metaspace   ] GC(265) Metaspace: 6300K(6464K)->6300K(6464K) NonClass: 5767K(5824K)->5767K(5824K) Class: 533K(640K)->533K(640K)
[30.353s][info][gc             ] GC(265) Pause Young (Allocation Failure) 4605M->4605M(4908M) 95.441ms
[30.353s][info][gc,cpu         ] GC(265) User=0.56s Sys=0.08s Real=0.10s
[30.414s][info][gc,start       ] GC(266) Pause Young (Allocation Failure)
[30.520s][info][gc,heap        ] GC(266) PSYoungGen: 156448K(205312K)->106752K(211968K) Eden: 53248K(53248K)->0K(56832K) From: 103200K(152064K)->106752K(155136K)
[30.520s][info][gc,heap        ] GC(266) ParOldGen: 4613090K(4820480K)->4663186K(4820480K)
[30.520s][info][gc,metaspace   ] GC(266) Metaspace: 6300K(6464K)->6300K(6464K) NonClass: 5767K(5824K)->5767K(5824K) Class: 533K(640K)->533K(640K)
[30.520s][info][gc             ] GC(266) Pause Young (Allocation Failure) 4657M->4658M(4914M) 105.875ms
[30.520s][info][gc,cpu         ] GC(266) User=0.38s Sys=0.39s Real=0.11s
[30.587s][info][gc,start       ] GC(267) Pause Young (Allocation Failure)
[30.718s][info][gc,heap        ] GC(267) PSYoungGen: 163584K(211968K)->57024K(215040K) Eden: 56832K(56832K)->0K(56832K) From: 106752K(155136K)->57024K(158208K)
[30.718s][info][gc,heap        ] GC(267) ParOldGen: 4663186K(4820480K)->4770578K(4820480K)
[30.718s][info][gc,metaspace   ] GC(267) Metaspace: 6300K(6464K)->6300K(6464K) NonClass: 5767K(5824K)->5767K(5824K) Class: 533K(640K)->533K(640K)
[30.718s][info][gc             ] GC(267) Pause Young (Allocation Failure) 4713M->4714M(4917M) 130.594ms
[30.718s][info][gc,cpu         ] GC(267) User=0.45s Sys=0.42s Real=0.13s
[30.718s][info][gc,start       ] GC(268) Pause Full (Ergonomics)
[30.718s][info][gc,phases,start] GC(268) Marking Phase
[31.869s][info][gc,phases      ] GC(268) Marking Phase 1150.846ms
[31.869s][info][gc,phases,start] GC(268) Summary Phase
[31.869s][info][gc,phases      ] GC(268) Summary Phase 0.068ms
[31.869s][info][gc,phases,start] GC(268) Adjust Roots
[31.869s][info][gc,phases      ] GC(268) Adjust Roots 0.202ms
[31.869s][info][gc,phases,start] GC(268) Compaction Phase
[32.949s][info][gc,phases      ] GC(268) Compaction Phase 1079.393ms
[32.949s][info][gc,phases,start] GC(268) Post Compact
[32.956s][info][gc,phases      ] GC(268) Post Compact 7.279ms
[32.960s][info][gc,heap        ] GC(268) PSYoungGen: 57024K(215040K)->3666K(215040K) Eden: 0K(56832K)->0K(56832K) From: 57024K(158208K)->3666K(158208K)
[32.960s][info][gc,heap        ] GC(268) ParOldGen: 4770578K(4820480K)->4819993K(5338112K)
[32.960s][info][gc,metaspace   ] GC(268) Metaspace: 6300K(6464K)->6300K(6464K) NonClass: 5767K(5824K)->5767K(5824K) Class: 533K(640K)->533K(640K)
[32.960s][info][gc             ] GC(268) Pause Full (Ergonomics) 4714M->4710M(5423M) 2241.976ms
[32.960s][info][gc,cpu         ] GC(268) User=16.08s Sys=0.17s Real=2.24s
[33.017s][info][gc,start       ] GC(269) Pause Young (Allocation Failure)
[33.263s][info][gc,heap        ] GC(269) PSYoungGen: 60498K(215040K)->57024K(207360K) Eden: 56832K(56832K)->0K(62976K) From: 3666K(158208K)->57024K(144384K)
[33.263s][info][gc,heap        ] GC(269) ParOldGen: 4819993K(5338112K)->4823729K(5338112K)
[33.263s][info][gc,metaspace   ] GC(269) Metaspace: 6300K(6464K)->6300K(6464K) NonClass: 5767K(5824K)->5767K(5824K) Class: 533K(640K)->533K(640K)
[33.263s][info][gc             ] GC(269) Pause Young (Allocation Failure) 4766M->4766M(5415M) 246.124ms
[33.263s][info][gc,cpu         ] GC(269) User=1.66s Sys=0.00s Real=0.25s
[33.330s][info][gc,start       ] GC(270) Pause Young (Allocation Failure)
[33.403s][info][gc,heap        ] GC(270) PSYoungGen: 120000K(207360K)->120128K(212992K) Eden: 62976K(62976K)->0K(62976K) From: 57024K(144384K)->120128K(150016K)
[33.403s][info][gc,heap        ] GC(270) ParOldGen: 4823729K(5338112K)->4823729K(5338112K)
[33.403s][info][gc,metaspace   ] GC(270) Metaspace: 6300K(6464K)->6300K(6464K) NonClass: 5767K(5824K)->5767K(5824K) Class: 533K(640K)->533K(640K)
[33.403s][info][gc             ] GC(270) Pause Young (Allocation Failure) 4827M->4827M(5421M) 73.304ms
[33.403s][info][gc,cpu         ] GC(270) User=0.62s Sys=0.00s Real=0.07s
[33.474s][info][gc,start       ] GC(271) Pause Young (Allocation Failure)
[33.607s][info][gc,heap        ] GC(271) PSYoungGen: 183104K(212992K)->159232K(198656K) Eden: 62976K(62976K)->0K(39424K) From: 120128K(150016K)->159232K(159232K)
[33.607s][info][gc,heap        ] GC(271) ParOldGen: 4823729K(5338112K)->4847761K(5338112K)
[33.607s][info][gc,metaspace   ] GC(271) Metaspace: 6300K(6464K)->6300K(6464K) NonClass: 5767K(5824K)->5767K(5824K) Class: 533K(640K)->533K(640K)
[33.607s][info][gc             ] GC(271) Pause Young (Allocation Failure) 4889M->4889M(5407M) 133.598ms
[33.607s][info][gc,cpu         ] GC(271) User=0.58s Sys=0.31s Real=0.13s
[33.654s][info][gc,start       ] GC(272) Pause Young (Allocation Failure)
[33.798s][info][gc,heap        ] GC(272) PSYoungGen: 198656K(198656K)->95520K(135168K) Eden: 39424K(39424K)->0K(39424K) From: 159232K(159232K)->95520K(95744K)
[33.798s][info][gc,heap        ] GC(272) ParOldGen: 4847761K(5338112K)->4951857K(5338112K)
[33.798s][info][gc,metaspace   ] GC(272) Metaspace: 6300K(6464K)->6300K(6464K) NonClass: 5767K(5824K)->5767K(5824K) Class: 533K(640K)->533K(640K)
[33.798s][info][gc             ] GC(272) Pause Young (Allocation Failure) 4928M->4929M(5345M) 143.753ms
[33.798s][info][gc,cpu         ] GC(272) User=0.59s Sys=0.39s Real=0.14s
[33.842s][info][gc,start       ] GC(273) Pause Young (Allocation Failure)
[33.941s][info][gc,heap        ] GC(273) PSYoungGen: 134944K(135168K)->79104K(212480K) Eden: 39424K(39424K)->0K(44544K) From: 95520K(95744K)->79104K(167936K)
[33.941s][info][gc,heap        ] GC(273) ParOldGen: 4951857K(5338112K)->5008185K(5338112K)
[33.941s][info][gc,metaspace   ] GC(273) Metaspace: 6300K(6464K)->6300K(6464K) NonClass: 5767K(5824K)->5767K(5824K) Class: 533K(640K)->533K(640K)
[33.941s][info][gc             ] GC(273) Pause Young (Allocation Failure) 4967M->4968M(5420M) 98.908ms
[33.941s][info][gc,cpu         ] GC(273) User=0.38s Sys=0.28s Real=0.10s
[33.991s][info][gc,start       ] GC(274) Pause Young (Allocation Failure)
[34.076s][info][gc,heap        ] GC(274) PSYoungGen: 123648K(212480K)->84288K(129024K) Eden: 44544K(44544K)->0K(44544K) From: 79104K(167936K)->84288K(84480K)
[34.076s][info][gc,heap        ] GC(274) ParOldGen: 5008185K(5338112K)->5047953K(5338112K)
[34.076s][info][gc,metaspace   ] GC(274) Metaspace: 6300K(6464K)->6300K(6464K) NonClass: 5767K(5824K)->5767K(5824K) Class: 533K(640K)->533K(640K)
[34.076s][info][gc             ] GC(274) Pause Young (Allocation Failure) 5011M->5011M(5339M) 84.742ms
[34.076s][info][gc,cpu         ] GC(274) User=0.44s Sys=0.09s Real=0.08s
[34.126s][info][gc,start       ] GC(275) Pause Young (Allocation Failure)
[34.211s][info][gc,heap        ] GC(275) PSYoungGen: 128832K(129024K)->89312K(202240K) Eden: 44544K(44544K)->0K(50688K) From: 84288K(84480K)->89312K(151552K)
[34.211s][info][gc,heap        ] GC(275) ParOldGen: 5047953K(5338112K)->5087729K(5338112K)
[34.211s][info][gc,metaspace   ] GC(275) Metaspace: 6300K(6464K)->6300K(6464K) NonClass: 5767K(5824K)->5767K(5824K) Class: 533K(640K)->533K(640K)
[34.211s][info][gc             ] GC(275) Pause Young (Allocation Failure) 5055M->5055M(5410M) 84.729ms
[34.211s][info][gc,cpu         ] GC(275) User=0.52s Sys=0.12s Real=0.09s
[34.269s][info][gc,start       ] GC(276) Pause Young (Allocation Failure)
[34.359s][info][gc,heap        ] GC(276) PSYoungGen: 140000K(202240K)->95488K(209920K) Eden: 50688K(50688K)->0K(50688K) From: 89312K(151552K)->95488K(159232K)
[34.359s][info][gc,heap        ] GC(276) ParOldGen: 5087729K(5338112K)->5132681K(5338112K)
[34.359s][info][gc,metaspace   ] GC(276) Metaspace: 6300K(6464K)->6300K(6464K) NonClass: 5767K(5824K)->5767K(5824K) Class: 533K(640K)->533K(640K)
[34.359s][info][gc             ] GC(276) Pause Young (Allocation Failure) 5105M->5105M(5418M) 89.902ms
[34.359s][info][gc,cpu         ] GC(276) User=0.52s Sys=0.11s Real=0.09s
[34.419s][info][gc,start       ] GC(277) Pause Young (Allocation Failure)
[34.516s][info][gc,heap        ] GC(277) PSYoungGen: 146176K(209920K)->101696K(207872K) Eden: 50688K(50688K)->0K(57344K) From: 95488K(159232K)->101696K(150528K)
[34.516s][info][gc,heap        ] GC(277) ParOldGen: 5132681K(5338112K)->5177625K(5338112K)
[34.516s][info][gc,metaspace   ] GC(277) Metaspace: 6300K(6464K)->6300K(6464K) NonClass: 5767K(5824K)->5767K(5824K) Class: 533K(640K)->533K(640K)
[34.516s][info][gc             ] GC(277) Pause Young (Allocation Failure) 5155M->5155M(5416M) 97.142ms
[34.516s][info][gc,cpu         ] GC(277) User=0.59s Sys=0.05s Real=0.10s
[34.578s][info][gc,start       ] GC(278) Pause Young (Allocation Failure)
[34.681s][info][gc,heap        ] GC(278) PSYoungGen: 159040K(207872K)->108320K(209920K) Eden: 57344K(57344K)->0K(57344K) From: 101696K(150528K)->108320K(152576K)
[34.681s][info][gc,heap        ] GC(278) ParOldGen: 5177625K(5338112K)->5228777K(5338112K)
[34.681s][info][gc,metaspace   ] GC(278) Metaspace: 6300K(6464K)->6300K(6464K) NonClass: 5767K(5824K)->5767K(5824K) Class: 533K(640K)->533K(640K)
[34.681s][info][gc             ] GC(278) Pause Young (Allocation Failure) 5211M->5212M(5418M) 102.676ms
[34.681s][info][gc,cpu         ] GC(278) User=0.58s Sys=0.05s Real=0.10s
[34.749s][info][gc,start       ] GC(279) Pause Young (Allocation Failure)
[34.862s][info][gc,heap        ] GC(279) PSYoungGen: 165664K(209920K)->115008K(215040K) Eden: 57344K(57344K)->0K(62464K) From: 108320K(152576K)->115008K(152576K)
[34.862s][info][gc,heap        ] GC(279) ParOldGen: 5228777K(5338112K)->5279921K(5338112K)
[34.862s][info][gc,metaspace   ] GC(279) Metaspace: 6300K(6464K)->6300K(6464K) NonClass: 5767K(5824K)->5767K(5824K) Class: 533K(640K)->533K(640K)
[34.863s][info][gc             ] GC(279) Pause Young (Allocation Failure) 5268M->5268M(5423M) 113.917ms
[34.863s][info][gc,cpu         ] GC(279) User=0.53s Sys=0.19s Real=0.11s
[34.863s][info][gc,start       ] GC(280) Pause Full (Ergonomics)
[34.863s][info][gc,phases,start] GC(280) Marking Phase
[36.148s][info][gc,phases      ] GC(280) Marking Phase 1285.082ms
[36.148s][info][gc,phases,start] GC(280) Summary Phase
[36.148s][info][gc,phases      ] GC(280) Summary Phase 0.081ms
[36.148s][info][gc,phases,start] GC(280) Adjust Roots
[36.148s][info][gc,phases      ] GC(280) Adjust Roots 0.275ms
[36.148s][info][gc,phases,start] GC(280) Compaction Phase
[36.615s][info][gc,phases      ] GC(280) Compaction Phase 467.028ms
[36.615s][info][gc,phases,start] GC(280) Post Compact
[36.624s][info][gc,phases      ] GC(280) Post Compact 8.336ms
[36.628s][info][gc,heap        ] GC(280) PSYoungGen: 115008K(215040K)->52275K(215040K) Eden: 0K(62464K)->0K(62464K) From: 115008K(152576K)->52275K(152576K)
[36.628s][info][gc,heap        ] GC(280) ParOldGen: 5279921K(5338112K)->5337827K(5885440K)
[36.628s][info][gc,metaspace   ] GC(280) Metaspace: 6300K(6464K)->6300K(6464K) NonClass: 5767K(5824K)->5767K(5824K) Class: 533K(640K)->533K(640K)
[36.628s][info][gc             ] GC(280) Pause Full (Ergonomics) 5268M->5263M(5957M) 1765.540ms
[36.628s][info][gc,cpu         ] GC(280) User=13.14s Sys=0.14s Real=1.77s
[36.703s][info][gc,start       ] GC(281) Pause Young (Allocation Failure)
[37.024s][info][gc,heap        ] GC(281) PSYoungGen: 114739K(215040K)->85568K(217600K) Eden: 62464K(62464K)->0K(62464K) From: 52275K(152576K)->85568K(155136K)
[37.024s][info][gc,heap        ] GC(281) ParOldGen: 5337827K(5885440K)->5367563K(5885440K)
[37.025s][info][gc,metaspace   ] GC(281) Metaspace: 6300K(6464K)->6300K(6464K) NonClass: 5767K(5824K)->5767K(5824K) Class: 533K(640K)->533K(640K)
[37.025s][info][gc             ] GC(281) Pause Young (Allocation Failure) 5324M->5325M(5960M) 321.586ms
[37.025s][info][gc,cpu         ] GC(281) User=2.03s Sys=0.08s Real=0.32s
[37.103s][info][gc,start       ] GC(282) Pause Young (Allocation Failure)
[37.202s][info][gc,heap        ] GC(282) PSYoungGen: 148032K(217600K)->125312K(213504K) Eden: 62464K(62464K)->0K(62976K) From: 85568K(155136K)->125312K(150528K)
[37.202s][info][gc,heap        ] GC(282) ParOldGen: 5367563K(5885440K)->5390651K(5885440K)
[37.202s][info][gc,metaspace   ] GC(282) Metaspace: 6300K(6464K)->6300K(6464K) NonClass: 5767K(5824K)->5767K(5824K) Class: 533K(640K)->533K(640K)
[37.202s][info][gc             ] GC(282) Pause Young (Allocation Failure) 5386M->5386M(5956M) 99.379ms
[37.202s][info][gc,cpu         ] GC(282) User=0.48s Sys=0.17s Real=0.10s
[37.271s][info][gc,start       ] GC(283) Pause Young (Allocation Failure)
[37.403s][info][gc,heap        ] GC(283) PSYoungGen: 188288K(213504K)->125728K(219648K) Eden: 62976K(62976K)->0K(62976K) From: 125312K(150528K)->125728K(156672K)
[37.403s][info][gc,heap        ] GC(283) ParOldGen: 5390651K(5885440K)->5453683K(5885440K)
[37.403s][info][gc,metaspace   ] GC(283) Metaspace: 6300K(6464K)->6300K(6464K) NonClass: 5767K(5824K)->5767K(5824K) Class: 533K(640K)->533K(640K)
[37.403s][info][gc             ] GC(283) Pause Young (Allocation Failure) 5448M->5448M(5962M) 132.163ms
[37.403s][info][gc,cpu         ] GC(283) User=0.72s Sys=0.17s Real=0.13s
[37.473s][info][gc,start       ] GC(284) Pause Young (Allocation Failure)
[37.605s][info][gc,heap        ] GC(284) PSYoungGen: 188704K(219648K)->126272K(227840K) Eden: 62976K(62976K)->0K(66560K) From: 125728K(156672K)->126272K(161280K)
[37.605s][info][gc,heap        ] GC(284) ParOldGen: 5453683K(5885440K)->5516707K(5885440K)
[37.605s][info][gc,metaspace   ] GC(284) Metaspace: 6300K(6464K)->6300K(6464K) NonClass: 5767K(5824K)->5767K(5824K) Class: 533K(640K)->533K(640K)
[37.605s][info][gc             ] GC(284) Pause Young (Allocation Failure) 5510M->5510M(5970M) 131.754ms
[37.605s][info][gc,cpu         ] GC(284) User=0.80s Sys=0.09s Real=0.13s
[37.701s][info][gc,start       ] GC(285) Pause Young (Allocation Failure)
[37.855s][info][gc,heap        ] GC(285) PSYoungGen: 192832K(227840K)->129856K(231424K) Eden: 66560K(66560K)->0K(66560K) From: 126272K(161280K)->129856K(164864K)
[37.855s][info][gc,heap        ] GC(285) ParOldGen: 5516707K(5885440K)->5580259K(5885440K)
[37.855s][info][gc,metaspace   ] GC(285) Metaspace: 6300K(6464K)->6300K(6464K) NonClass: 5767K(5824K)->5767K(5824K) Class: 533K(640K)->533K(640K)
[37.855s][info][gc             ] GC(285) Pause Young (Allocation Failure) 5575M->5576M(5973M) 154.321ms
[37.855s][info][gc,cpu         ] GC(285) User=0.86s Sys=0.12s Real=0.15s
[39.225s][info][gc,start       ] GC(286) Pause Full (Ergonomics)
[39.225s][info][gc,phases,start] GC(286) Marking Phase
[40.501s][info][gc,phases      ] GC(286) Marking Phase 1275.574ms
[40.501s][info][gc,phases,start] GC(286) Summary Phase
[40.501s][info][gc,phases      ] GC(286) Summary Phase 0.070ms
[40.501s][info][gc,phases,start] GC(286) Adjust Roots
[40.501s][info][gc,phases      ] GC(286) Adjust Roots 0.166ms
[40.501s][info][gc,phases,start] GC(286) Compaction Phase
[41.391s][info][gc,phases      ] GC(286) Compaction Phase 889.375ms
[41.391s][info][gc,phases,start] GC(286) Post Compact
[41.402s][info][gc,phases      ] GC(286) Post Compact 11.560ms
[41.406s][info][gc,heap        ] GC(286) PSYoungGen: 196416K(231424K)->19609K(231424K) Eden: 66560K(66560K)->0K(66560K) From: 129856K(164864K)->19609K(164864K)
[41.406s][info][gc,heap        ] GC(286) ParOldGen: 5842403K(5885440K)->5885354K(6487552K)
[41.407s][info][gc,metaspace   ] GC(286) Metaspace: 6300K(6464K)->6300K(6464K) NonClass: 5767K(5824K)->5767K(5824K) Class: 533K(640K)->533K(640K)
[41.407s][info][gc             ] GC(286) Pause Full (Ergonomics) 5897M->5766M(6561M) 2181.123ms
[41.407s][info][gc,cpu         ] GC(286) User=15.22s Sys=0.12s Real=2.18s
[41.472s][info][gc,start       ] GC(287) Pause Young (Allocation Failure)
[41.776s][info][gc,heap        ] GC(287) PSYoungGen: 86169K(231424K)->79360K(237056K) Eden: 66560K(66560K)->0K(73216K) From: 19609K(164864K)->79360K(163840K)
[41.776s][info][gc,heap        ] GC(287) ParOldGen: 5885354K(6487552K)->5892546K(6487552K)
[41.776s][info][gc,metaspace   ] GC(287) Metaspace: 6300K(6464K)->6300K(6464K) NonClass: 5767K(5824K)->5767K(5824K) Class: 533K(640K)->533K(640K)
[41.776s][info][gc             ] GC(287) Pause Young (Allocation Failure) 5831M->5831M(6567M) 303.844ms
[41.776s][info][gc,cpu         ] GC(287) User=1.77s Sys=0.00s Real=0.30s
[41.861s][info][gc,start       ] GC(288) Pause Young (Allocation Failure)
[41.979s][info][gc,heap        ] GC(288) PSYoungGen: 152576K(237056K)->152704K(240128K) Eden: 73216K(73216K)->0K(73216K) From: 79360K(163840K)->152704K(166912K)
[41.979s][info][gc,heap        ] GC(288) ParOldGen: 5892546K(6487552K)->5892546K(6487552K)
[41.979s][info][gc,metaspace   ] GC(288) Metaspace: 6300K(6464K)->6300K(6464K) NonClass: 5767K(5824K)->5767K(5824K) Class: 533K(640K)->533K(640K)
[41.979s][info][gc             ] GC(288) Pause Young (Allocation Failure) 5903M->5903M(6570M) 118.602ms
[41.979s][info][gc,cpu         ] GC(288) User=0.45s Sys=0.00s Real=0.12s
[42.055s][info][gc,start       ] GC(289) Pause Young (Allocation Failure)
[42.221s][info][gc,heap        ] GC(289) PSYoungGen: 225920K(240128K)->178688K(222720K) Eden: 73216K(73216K)->0K(44032K) From: 152704K(166912K)->178688K(178688K)
[42.221s][info][gc,heap        ] GC(289) ParOldGen: 5892546K(6487552K)->5940098K(6487552K)
[42.221s][info][gc,metaspace   ] GC(289) Metaspace: 6300K(6464K)->6300K(6464K) NonClass: 5767K(5824K)->5767K(5824K) Class: 533K(640K)->533K(640K)
[42.221s][info][gc             ] GC(289) Pause Young (Allocation Failure) 5975M->5975M(6553M) 165.807ms
[42.221s][info][gc,cpu         ] GC(289) User=0.69s Sys=0.44s Real=0.17s
[42.268s][info][gc,start       ] GC(290) Pause Young (Allocation Failure)
[42.417s][info][gc,heap        ] GC(290) PSYoungGen: 222720K(222720K)->107456K(151552K) Eden: 44032K(44032K)->0K(44032K) From: 178688K(178688K)->107456K(107520K)
[42.417s][info][gc,heap        ] GC(290) ParOldGen: 5940098K(6487552K)->6056466K(6487552K)
[42.417s][info][gc,metaspace   ] GC(290) Metaspace: 6300K(6464K)->6300K(6464K) NonClass: 5767K(5824K)->5767K(5824K) Class: 533K(640K)->533K(640K)
[42.417s][info][gc             ] GC(290) Pause Young (Allocation Failure) 6018M->6019M(6483M) 149.742ms
[42.417s][info][gc,cpu         ] GC(290) User=0.83s Sys=0.31s Real=0.15s
[42.466s][info][gc,start       ] GC(291) Pause Young (Allocation Failure)
[42.589s][info][gc,heap        ] GC(291) PSYoungGen: 151488K(151552K)->44192K(253440K) Eden: 44032K(44032K)->0K(45568K) From: 107456K(107520K)->44192K(207872K)
[42.589s][info][gc,heap        ] GC(291) ParOldGen: 6056466K(6487552K)->6164506K(6487552K)
[42.589s][info][gc,metaspace   ] GC(291) Metaspace: 6300K(6464K)->6300K(6464K) NonClass: 5767K(5824K)->5767K(5824K) Class: 533K(640K)->533K(640K)
[42.589s][info][gc             ] GC(291) Pause Young (Allocation Failure) 6062M->6063M(6583M) 123.227ms
[42.589s][info][gc,cpu         ] GC(291) User=0.44s Sys=0.36s Real=0.12s
[42.641s][info][gc,start       ] GC(292) Pause Young (Allocation Failure)
[42.742s][info][gc,heap        ] GC(292) PSYoungGen: 89760K(253440K)->45792K(257536K) Eden: 45568K(45568K)->0K(45568K) From: 44192K(207872K)->45792K(211968K)
[42.742s][info][gc,heap        ] GC(292) ParOldGen: 6164506K(6487552K)->6208922K(6487552K)
[42.742s][info][gc,metaspace   ] GC(292) Metaspace: 6300K(6464K)->6300K(6464K) NonClass: 5767K(5824K)->5767K(5824K) Class: 533K(640K)->533K(640K)
[42.742s][info][gc             ] GC(292) Pause Young (Allocation Failure) 6107M->6108M(6587M) 100.777ms
[42.742s][info][gc,cpu         ] GC(292) User=0.28s Sys=0.05s Real=0.10s
[42.798s][info][gc,start       ] GC(293) Pause Young (Allocation Failure)
[42.902s][info][gc,heap        ] GC(293) PSYoungGen: 91360K(257536K)->45792K(262656K) Eden: 45568K(45568K)->0K(51712K) From: 45792K(211968K)->45792K(210944K)
[42.902s][info][gc,heap        ] GC(293) ParOldGen: 6208922K(6487552K)->6254890K(6487552K)
[42.902s][info][gc,metaspace   ] GC(293) Metaspace: 6300K(6464K)->6300K(6464K) NonClass: 5767K(5824K)->5767K(5824K) Class: 533K(640K)->533K(640K)
[42.902s][info][gc             ] GC(293) Pause Young (Allocation Failure) 6152M->6153M(6592M) 104.453ms
[42.902s][info][gc,cpu         ] GC(293) User=0.36s Sys=0.06s Real=0.11s
[42.955s][info][gc,start       ] GC(294) Pause Young (Allocation Failure)
[43.057s][info][gc,heap        ] GC(294) PSYoungGen: 97504K(262656K)->51936K(263680K) Eden: 51712K(51712K)->0K(51712K) From: 45792K(210944K)->51936K(211968K)
[43.057s][info][gc,heap        ] GC(294) ParOldGen: 6254890K(6487552K)->6300858K(6487552K)
[43.057s][info][gc,metaspace   ] GC(294) Metaspace: 6300K(6464K)->6300K(6464K) NonClass: 5767K(5824K)->5767K(5824K) Class: 533K(640K)->533K(640K)
[43.057s][info][gc             ] GC(294) Pause Young (Allocation Failure) 6203M->6203M(6593M) 102.076ms
[43.057s][info][gc,cpu         ] GC(294) User=0.33s Sys=0.11s Real=0.10s
[43.112s][info][gc,start       ] GC(295) Pause Young (Allocation Failure)
[43.213s][info][gc,heap        ] GC(295) PSYoungGen: 103648K(263680K)->51936K(259072K) Eden: 51712K(51712K)->0K(58880K) From: 51936K(211968K)->51936K(200192K)
[43.213s][info][gc,heap        ] GC(295) ParOldGen: 6300858K(6487552K)->6353034K(6487552K)
[43.213s][info][gc,metaspace   ] GC(295) Metaspace: 6300K(6464K)->6300K(6464K) NonClass: 5767K(5824K)->5767K(5824K) Class: 533K(640K)->533K(640K)
[43.213s][info][gc             ] GC(295) Pause Young (Allocation Failure) 6254M->6254M(6588M) 101.199ms
[43.213s][info][gc,cpu         ] GC(295) User=0.25s Sys=0.14s Real=0.10s
[43.274s][info][gc,start       ] GC(296) Pause Young (Allocation Failure)
[43.384s][info][gc,heap        ] GC(296) PSYoungGen: 110816K(259072K)->59072K(263168K) Eden: 58880K(58880K)->0K(58880K) From: 51936K(200192K)->59072K(204288K)
[43.384s][info][gc,heap        ] GC(296) ParOldGen: 6353034K(6487552K)->6405218K(6487552K)
[43.384s][info][gc,metaspace   ] GC(296) Metaspace: 6300K(6464K)->6300K(6464K) NonClass: 5767K(5824K)->5767K(5824K) Class: 533K(640K)->533K(640K)
[43.384s][info][gc             ] GC(296) Pause Young (Allocation Failure) 6312M->6312M(6592M) 109.712ms
[43.384s][info][gc,cpu         ] GC(296) User=0.30s Sys=0.14s Real=0.11s
[43.384s][info][gc,start       ] GC(297) Pause Full (Ergonomics)
[43.384s][info][gc,phases,start] GC(297) Marking Phase
[44.817s][info][gc,phases      ] GC(297) Marking Phase 1433.361ms
[44.817s][info][gc,phases,start] GC(297) Summary Phase
[44.817s][info][gc,phases      ] GC(297) Summary Phase 0.113ms
[44.817s][info][gc,phases,start] GC(297) Adjust Roots
[44.818s][info][gc,phases      ] GC(297) Adjust Roots 0.161ms
[44.818s][info][gc,phases,start] GC(297) Compaction Phase
[45.402s][info][gc,phases      ] GC(297) Compaction Phase 584.206ms
[45.402s][info][gc,phases,start] GC(297) Post Compact
[45.411s][info][gc,phases      ] GC(297) Post Compact 9.493ms
[45.415s][info][gc,heap        ] GC(297) PSYoungGen: 59072K(263168K)->0K(264704K) Eden: 0K(58880K)->0K(66560K) From: 59072K(204288K)->0K(198144K)
[45.415s][info][gc,heap        ] GC(297) ParOldGen: 6405218K(6487552K)->6459151K(7121408K)
[45.415s][info][gc,metaspace   ] GC(297) Metaspace: 6300K(6464K)->6300K(6464K) NonClass: 5767K(5824K)->5767K(5824K) Class: 533K(640K)->533K(640K)
[45.416s][info][gc             ] GC(297) Pause Full (Ergonomics) 6312M->6307M(7213M) 2031.628ms
[45.416s][info][gc,cpu         ] GC(297) User=14.44s Sys=0.12s Real=2.03s
[45.493s][info][gc,start       ] GC(298) Pause Young (Allocation Failure)
[45.584s][info][gc,heap        ] GC(298) PSYoungGen: 66560K(264704K)->66816K(133632K) Eden: 66560K(66560K)->0K(66560K) From: 0K(198144K)->66816K(67072K)
[45.584s][info][gc,heap        ] GC(298) ParOldGen: 6459151K(7121408K)->6459151K(7121408K)
[45.584s][info][gc,metaspace   ] GC(298) Metaspace: 6300K(6464K)->6300K(6464K) NonClass: 5767K(5824K)->5767K(5824K) Class: 533K(640K)->533K(640K)
[45.584s][info][gc             ] GC(298) Pause Young (Allocation Failure) 6372M->6373M(7085M) 91.005ms
[45.584s][info][gc,cpu         ] GC(298) User=0.22s Sys=0.00s Real=0.09s
[45.650s][info][gc,start       ] GC(299) Pause Young (Allocation Failure)
[45.766s][info][gc,heap        ] GC(299) PSYoungGen: 133376K(133632K)->66752K(249344K) Eden: 66560K(66560K)->0K(73728K) From: 66816K(67072K)->66752K(175616K)
[45.766s][info][gc,heap        ] GC(299) ParOldGen: 6459151K(7121408K)->6526311K(7121408K)
[45.766s][info][gc,metaspace   ] GC(299) Metaspace: 6300K(6464K)->6300K(6464K) NonClass: 5767K(5824K)->5767K(5824K) Class: 533K(640K)->533K(640K)
[45.766s][info][gc             ] GC(299) Pause Young (Allocation Failure) 6438M->6438M(7198M) 116.406ms
[45.766s][info][gc,cpu         ] GC(299) User=0.30s Sys=0.12s Real=0.12s
[45.842s][info][gc,start       ] GC(300) Pause Young (Allocation Failure)
[45.959s][info][gc,heap        ] GC(300) PSYoungGen: 140480K(249344K)->73984K(256512K) Eden: 73728K(73728K)->0K(73728K) From: 66752K(175616K)->73984K(182784K)
[45.959s][info][gc,heap        ] GC(300) ParOldGen: 6526311K(7121408K)->6593471K(7121408K)
[45.959s][info][gc,metaspace   ] GC(300) Metaspace: 6300K(6464K)->6300K(6464K) NonClass: 5767K(5824K)->5767K(5824K) Class: 533K(640K)->533K(640K)
[45.959s][info][gc             ] GC(300) Pause Young (Allocation Failure) 6510M->6511M(7205M) 116.841ms
[45.959s][info][gc,cpu         ] GC(300) User=0.38s Sys=0.14s Real=0.12s
[46.046s][info][gc,start       ] GC(301) Pause Young (Allocation Failure)
[46.171s][info][gc,heap        ] GC(301) PSYoungGen: 147712K(256512K)->73984K(241152K) Eden: 73728K(73728K)->0K(82432K) From: 73984K(182784K)->73984K(158720K)
[46.171s][info][gc,heap        ] GC(301) ParOldGen: 6593471K(7121408K)->6667847K(7121408K)
[46.171s][info][gc,metaspace   ] GC(301) Metaspace: 6300K(6464K)->6300K(6464K) NonClass: 5767K(5824K)->5767K(5824K) Class: 533K(640K)->533K(640K)
[46.171s][info][gc             ] GC(301) Pause Young (Allocation Failure) 6583M->6583M(7190M) 124.808ms
[46.171s][info][gc,cpu         ] GC(301) User=0.36s Sys=0.23s Real=0.12s
[46.257s][info][gc,start       ] GC(302) Pause Young (Allocation Failure)
[46.377s][info][gc,heap        ] GC(302) PSYoungGen: 156416K(241152K)->82720K(248832K) Eden: 82432K(82432K)->0K(82432K) From: 73984K(158720K)->82720K(166400K)
[46.377s][info][gc,heap        ] GC(302) ParOldGen: 6667847K(7121408K)->6742215K(7121408K)
[46.378s][info][gc,metaspace   ] GC(302) Metaspace: 6300K(6464K)->6300K(6464K) NonClass: 5767K(5824K)->5767K(5824K) Class: 533K(640K)->533K(640K)
[46.378s][info][gc             ] GC(302) Pause Young (Allocation Failure) 6664M->6664M(7197M) 120.496ms
[46.378s][info][gc,cpu         ] GC(302) User=0.38s Sys=0.28s Real=0.12s
[46.471s][info][gc,start       ] GC(303) Pause Young (Allocation Failure)
[46.598s][info][gc,heap        ] GC(303) PSYoungGen: 165152K(248832K)->82656K(236544K) Eden: 82432K(82432K)->0K(92160K) From: 82720K(166400K)->82656K(144384K)
[46.598s][info][gc,heap        ] GC(303) ParOldGen: 6742215K(7121408K)->6825375K(7121408K)
[46.598s][info][gc,metaspace   ] GC(303) Metaspace: 6300K(6464K)->6300K(6464K) NonClass: 5767K(5824K)->5767K(5824K) Class: 533K(640K)->533K(640K)
[46.598s][info][gc             ] GC(303) Pause Young (Allocation Failure) 6745M->6746M(7185M) 127.346ms
[46.598s][info][gc,cpu         ] GC(303) User=0.41s Sys=0.41s Real=0.13s
[46.702s][info][gc,start       ] GC(304) Pause Young (Allocation Failure)
[46.844s][info][gc,heap        ] GC(304) PSYoungGen: 174816K(236544K)->92448K(243712K) Eden: 92160K(92160K)->0K(92160K) From: 82656K(144384K)->92448K(151552K)
[46.844s][info][gc,heap        ] GC(304) ParOldGen: 6825375K(7121408K)->6908535K(7121408K)
[46.844s][info][gc,metaspace   ] GC(304) Metaspace: 6300K(6464K)->6300K(6464K) NonClass: 5767K(5824K)->5767K(5824K) Class: 533K(640K)->533K(640K)
[46.844s][info][gc             ] GC(304) Pause Young (Allocation Failure) 6836M->6836M(7192M) 141.988ms
[46.844s][info][gc,cpu         ] GC(304) User=0.48s Sys=0.12s Real=0.14s
[46.935s][info][gc,start       ] GC(305) Pause Young (Allocation Failure)
[47.079s][info][gc,heap        ] GC(305) PSYoungGen: 184608K(243712K)->92448K(245248K) Eden: 92160K(92160K)->0K(102912K) From: 92448K(151552K)->92448K(142336K)
[47.079s][info][gc,heap        ] GC(305) ParOldGen: 6908535K(7121408K)->7001519K(7121408K)
[47.079s][info][gc,metaspace   ] GC(305) Metaspace: 6300K(6464K)->6300K(6464K) NonClass: 5767K(5824K)->5767K(5824K) Class: 533K(640K)->533K(640K)
[47.079s][info][gc             ] GC(305) Pause Young (Allocation Failure) 6926M->6927M(7194M) 143.555ms
[47.079s][info][gc,cpu         ] GC(305) User=0.41s Sys=0.25s Real=0.14s
[47.079s][info][gc,start       ] GC(306) Pause Full (Ergonomics)
[47.079s][info][gc,phases,start] GC(306) Marking Phase
[48.730s][info][gc,phases      ] GC(306) Marking Phase 1651.244ms
[48.730s][info][gc,phases,start] GC(306) Summary Phase
[48.730s][info][gc,phases      ] GC(306) Summary Phase 0.140ms
[48.730s][info][gc,phases,start] GC(306) Adjust Roots
[48.731s][info][gc,phases      ] GC(306) Adjust Roots 0.194ms
[48.731s][info][gc,phases,start] GC(306) Compaction Phase
[49.438s][info][gc,phases      ] GC(306) Compaction Phase 707.404ms
[49.438s][info][gc,phases,start] GC(306) Post Compact
[49.449s][info][gc,phases      ] GC(306) Post Compact 10.510ms
[49.455s][info][gc,heap        ] GC(306) PSYoungGen: 92448K(245248K)->0K(248320K) Eden: 0K(102912K)->0K(102912K) From: 92448K(142336K)->0K(145408K)
[49.455s][info][gc,heap        ] GC(306) ParOldGen: 7001519K(7121408K)->7088650K(7833600K)
[49.455s][info][gc,metaspace   ] GC(306) Metaspace: 6300K(6464K)->6300K(6464K) NonClass: 5767K(5824K)->5767K(5824K) Class: 533K(640K)->533K(640K)
[49.455s][info][gc             ] GC(306) Pause Full (Ergonomics) 6927M->6922M(7892M) 2376.041ms
[49.455s][info][gc,cpu         ] GC(306) User=17.25s Sys=0.19s Real=2.38s
[49.579s][info][gc,start       ] GC(307) Pause Young (Allocation Failure)
[49.687s][info][gc,heap        ] GC(307) PSYoungGen: 102912K(248320K)->103200K(257536K) Eden: 102912K(102912K)->0K(112640K) From: 0K(145408K)->103200K(144896K)
[49.687s][info][gc,heap        ] GC(307) ParOldGen: 7088650K(7833600K)->7088650K(7833600K)
[49.687s][info][gc,metaspace   ] GC(307) Metaspace: 6300K(6464K)->6300K(6464K) NonClass: 5767K(5824K)->5767K(5824K) Class: 533K(640K)->533K(640K)
[49.687s][info][gc             ] GC(307) Pause Young (Allocation Failure) 7023M->7023M(7901M) 107.350ms
[49.687s][info][gc,cpu         ] GC(307) User=0.34s Sys=0.00s Real=0.11s
[49.807s][info][gc,start       ] GC(308) Pause Young (Allocation Failure)
[49.953s][info][gc,heap        ] GC(308) PSYoungGen: 215840K(257536K)->146432K(259072K) Eden: 112640K(112640K)->0K(112640K) From: 103200K(144896K)->146432K(146432K)
[49.953s][info][gc,heap        ] GC(308) ParOldGen: 7088650K(7833600K)->7158658K(7833600K)
[49.953s][info][gc,metaspace   ] GC(308) Metaspace: 6300K(6464K)->6300K(6464K) NonClass: 5767K(5824K)->5767K(5824K) Class: 533K(640K)->533K(640K)
[49.953s][info][gc             ] GC(308) Pause Young (Allocation Failure) 7133M->7133M(7903M) 146.197ms
[49.953s][info][gc,cpu         ] GC(308) User=0.59s Sys=0.23s Real=0.15s
[50.080s][info][gc,start       ] GC(309) Pause Young (Allocation Failure)
[50.278s][info][gc,heap        ] GC(309) PSYoungGen: 259072K(259072K)->112960K(307200K) Eden: 112640K(112640K)->0K(124416K) From: 146432K(146432K)->112960K(182784K)
[50.278s][info][gc,heap        ] GC(309) ParOldGen: 7158658K(7833600K)->7306146K(7833600K)
[50.278s][info][gc,metaspace   ] GC(309) Metaspace: 6300K(6464K)->6300K(6464K) NonClass: 5767K(5824K)->5767K(5824K) Class: 533K(640K)->533K(640K)
[50.278s][info][gc             ] GC(309) Pause Young (Allocation Failure) 7243M->7245M(7950M) 197.755ms
[50.278s][info][gc,cpu         ] GC(309) User=0.86s Sys=0.66s Real=0.20s
[50.403s][info][gc,start       ] GC(310) Pause Young (Allocation Failure)
[50.563s][info][gc,heap        ] GC(310) PSYoungGen: 237376K(307200K)->124768K(309760K) Eden: 124416K(124416K)->0K(124416K) From: 112960K(182784K)->124768K(185344K)
[50.564s][info][gc,heap        ] GC(310) ParOldGen: 7306146K(7833600K)->7419802K(7833600K)
[50.564s][info][gc,metaspace   ] GC(310) Metaspace: 6300K(6464K)->6300K(6464K) NonClass: 5767K(5824K)->5767K(5824K) Class: 533K(640K)->533K(640K)
[50.564s][info][gc             ] GC(310) Pause Young (Allocation Failure) 7366M->7367M(7952M) 160.717ms
[50.564s][info][gc,cpu         ] GC(310) User=0.62s Sys=0.50s Real=0.16s
[50.700s][info][gc,start       ] GC(311) Pause Young (Allocation Failure)
[50.881s][info][gc,heap        ] GC(311) PSYoungGen: 249184K(309760K)->124768K(323584K) Eden: 124416K(124416K)->0K(137728K) From: 124768K(185344K)->124768K(185856K)
[50.881s][info][gc,heap        ] GC(311) ParOldGen: 7419802K(7833600K)->7545330K(7833600K)
[50.881s][info][gc,metaspace   ] GC(311) Metaspace: 6300K(6464K)->6300K(6464K) NonClass: 5767K(5824K)->5767K(5824K) Class: 533K(640K)->533K(640K)
[50.881s][info][gc             ] GC(311) Pause Young (Allocation Failure) 7489M->7490M(7966M) 181.527ms
[50.881s][info][gc,cpu         ] GC(311) User=0.75s Sys=0.39s Real=0.18s
[51.023s][info][gc,start       ] GC(312) Pause Young (Allocation Failure)
[51.195s][info][gc,heap        ] GC(312) PSYoungGen: 262496K(323584K)->138080K(323584K) Eden: 137728K(137728K)->0K(137728K) From: 124768K(185856K)->138080K(185856K)
[51.195s][info][gc,heap        ] GC(312) ParOldGen: 7545330K(7833600K)->7670866K(7833600K)
[51.195s][info][gc,metaspace   ] GC(312) Metaspace: 6300K(6464K)->6300K(6464K) NonClass: 5767K(5824K)->5767K(5824K) Class: 533K(640K)->533K(640K)
[51.195s][info][gc             ] GC(312) Pause Young (Allocation Failure) 7624M->7625M(7966M) 171.796ms
[51.195s][info][gc,cpu         ] GC(312) User=0.75s Sys=0.50s Real=0.17s
[51.195s][info][gc,start       ] GC(313) Pause Full (Ergonomics)
[51.195s][info][gc,phases,start] GC(313) Marking Phase
[52.929s][info][gc,phases      ] GC(313) Marking Phase 1733.620ms
[52.929s][info][gc,phases,start] GC(313) Summary Phase
[52.929s][info][gc,phases      ] GC(313) Summary Phase 0.135ms
[52.929s][info][gc,phases,start] GC(313) Adjust Roots
[52.929s][info][gc,phases      ] GC(313) Adjust Roots 0.247ms
[52.929s][info][gc,phases,start] GC(313) Compaction Phase
[53.660s][info][gc,phases      ] GC(313) Compaction Phase 730.634ms
[53.660s][info][gc,phases,start] GC(313) Post Compact
[53.674s][info][gc,phases      ] GC(313) Post Compact 13.950ms
[53.679s][info][gc,heap        ] GC(313) PSYoungGen: 138080K(323584K)->0K(342528K) Eden: 0K(137728K)->0K(152576K) From: 138080K(185856K)->0K(189952K)
[53.679s][info][gc,heap        ] GC(313) ParOldGen: 7670866K(7833600K)->7803212K(8667136K)
[53.679s][info][gc,metaspace   ] GC(313) Metaspace: 6300K(6464K)->6300K(6464K) NonClass: 5767K(5824K)->5767K(5824K) Class: 533K(640K)->533K(640K)
[53.679s][info][gc             ] GC(313) Pause Full (Ergonomics) 7625M->7620M(8798M) 2484.176ms
[53.680s][info][gc,cpu         ] GC(313) User=17.89s Sys=0.23s Real=2.48s
[53.842s][info][gc,start       ] GC(314) Pause Young (Allocation Failure)
[53.957s][info][gc,heap        ] GC(314) PSYoungGen: 152576K(342528K)->152960K(342528K) Eden: 152576K(152576K)->0K(152576K) From: 0K(189952K)->152960K(189952K)
[53.958s][info][gc,heap        ] GC(314) ParOldGen: 7803212K(8667136K)->7803212K(8667136K)
[53.958s][info][gc,metaspace   ] GC(314) Metaspace: 6300K(6464K)->6300K(6464K) NonClass: 5767K(5824K)->5767K(5824K) Class: 533K(640K)->533K(640K)
[53.958s][info][gc             ] GC(314) Pause Young (Allocation Failure) 7769M->7769M(8798M) 115.238ms
[53.958s][info][gc,cpu         ] GC(314) User=0.41s Sys=0.00s Real=0.12s
[54.120s][info][gc,start       ] GC(315) Pause Young (Allocation Failure)
[54.359s][info][gc,heap        ] GC(315) PSYoungGen: 305536K(342528K)->198656K(301568K) Eden: 152576K(152576K)->0K(102912K) From: 152960K(189952K)->198656K(198656K)
[54.360s][info][gc,heap        ] GC(315) ParOldGen: 7803212K(8667136K)->7911012K(8667136K)
[54.360s][info][gc,metaspace   ] GC(315) Metaspace: 6300K(6464K)->6300K(6464K) NonClass: 5767K(5824K)->5767K(5824K) Class: 533K(640K)->533K(640K)
[54.360s][info][gc             ] GC(315) Pause Young (Allocation Failure) 7918M->7919M(8758M) 239.336ms
[54.360s][info][gc,cpu         ] GC(315) User=0.89s Sys=0.73s Real=0.24s
[54.470s][info][gc,start       ] GC(316) Pause Young (Allocation Failure)
[54.696s][info][gc,heap        ] GC(316) PSYoungGen: 301568K(301568K)->103232K(364544K) Eden: 102912K(102912K)->0K(102912K) From: 198656K(198656K)->103232K(261632K)
[54.696s][info][gc,heap        ] GC(316) ParOldGen: 7911012K(8667136K)->8111124K(8667136K)
[54.696s][info][gc,metaspace   ] GC(316) Metaspace: 6300K(6464K)->6300K(6464K) NonClass: 5767K(5824K)->5767K(5824K) Class: 533K(640K)->533K(640K)
[54.696s][info][gc             ] GC(316) Pause Young (Allocation Failure) 8020M->8021M(8820M) 225.889ms
[54.696s][info][gc,cpu         ] GC(316) User=1.11s Sys=0.56s Real=0.23s
[54.804s][info][gc,start       ] GC(317) Pause Young (Allocation Failure)
[54.945s][info][gc,heap        ] GC(317) PSYoungGen: 206144K(364544K)->103232K(352768K) Eden: 102912K(102912K)->0K(114176K) From: 103232K(261632K)->103232K(238592K)
[54.945s][info][gc,heap        ] GC(317) ParOldGen: 8111124K(8667136K)->8214956K(8667136K)
[54.945s][info][gc,metaspace   ] GC(317) Metaspace: 6300K(6464K)->6300K(6464K) NonClass: 5767K(5824K)->5767K(5824K) Class: 533K(640K)->533K(640K)
[54.945s][info][gc             ] GC(317) Pause Young (Allocation Failure) 8122M->8123M(8808M) 141.165ms
[54.945s][info][gc,cpu         ] GC(317) User=0.84s Sys=0.16s Real=0.14s
[55.061s][info][gc,start       ] GC(318) Pause Young (Allocation Failure)
[55.208s][info][gc,heap        ] GC(318) PSYoungGen: 217408K(352768K)->114528K(359936K) Eden: 114176K(114176K)->0K(114176K) From: 103232K(238592K)->114528K(245760K)
[55.208s][info][gc,heap        ] GC(318) ParOldGen: 8214956K(8667136K)->8318788K(8667136K)
[55.208s][info][gc,metaspace   ] GC(318) Metaspace: 6300K(6464K)->6300K(6464K) NonClass: 5767K(5824K)->5767K(5824K) Class: 533K(640K)->533K(640K)
[55.208s][info][gc             ] GC(318) Pause Young (Allocation Failure) 8234M->8235M(8815M) 147.358ms
[55.208s][info][gc,cpu         ] GC(318) User=0.72s Sys=0.30s Real=0.15s
[55.334s][info][gc,start       ] GC(319) Pause Young (Allocation Failure)
[55.489s][info][gc,heap        ] GC(319) PSYoungGen: 228704K(359936K)->114464K(345600K) Eden: 114176K(114176K)->0K(126976K) From: 114528K(245760K)->114464K(218624K)
[55.490s][info][gc,heap        ] GC(319) ParOldGen: 8318788K(8667136K)->8433988K(8667136K)
[55.490s][info][gc,metaspace   ] GC(319) Metaspace: 6300K(6464K)->6300K(6464K) NonClass: 5767K(5824K)->5767K(5824K) Class: 533K(640K)->533K(640K)
[55.490s][info][gc             ] GC(319) Pause Young (Allocation Failure) 8347M->8348M(8801M) 155.396ms
[55.490s][info][gc,cpu         ] GC(319) User=0.78s Sys=0.36s Real=0.16s
[55.620s][info][gc,start       ] GC(320) Pause Young (Allocation Failure)
[55.799s][info][gc,heap        ] GC(320) PSYoungGen: 241440K(345600K)->127360K(353792K) Eden: 126976K(126976K)->0K(126976K) From: 114464K(218624K)->127360K(226816K)
[55.799s][info][gc,heap        ] GC(320) ParOldGen: 8433988K(8667136K)->8549180K(8667136K)
[55.799s][info][gc,metaspace   ] GC(320) Metaspace: 6300K(6464K)->6300K(6464K) NonClass: 5767K(5824K)->5767K(5824K) Class: 533K(640K)->533K(640K)
[55.800s][info][gc             ] GC(320) Pause Young (Allocation Failure) 8472M->8473M(8809M) 179.433ms
[55.800s][info][gc,cpu         ] GC(320) User=0.64s Sys=0.41s Real=0.18s
[55.800s][info][gc,start       ] GC(321) Pause Full (Ergonomics)
[55.800s][info][gc,phases,start] GC(321) Marking Phase
[57.747s][info][gc,phases      ] GC(321) Marking Phase 1947.852ms
[57.748s][info][gc,phases,start] GC(321) Summary Phase
[57.748s][info][gc,phases      ] GC(321) Summary Phase 0.126ms
[57.748s][info][gc,phases,start] GC(321) Adjust Roots
[57.748s][info][gc,phases      ] GC(321) Adjust Roots 0.237ms
[57.748s][info][gc,phases,start] GC(321) Compaction Phase
[58.487s][info][gc,phases      ] GC(321) Compaction Phase 738.828ms
[58.487s][info][gc,phases,start] GC(321) Post Compact
[58.501s][info][gc,phases      ] GC(321) Post Compact 13.855ms
[58.507s][info][gc,heap        ] GC(321) PSYoungGen: 127360K(353792K)->2294K(353792K) Eden: 0K(126976K)->0K(126976K) From: 127360K(226816K)->2294K(226816K)
[58.507s][info][gc,heap        ] GC(321) ParOldGen: 8549180K(8667136K)->8666999K(9623040K)
[58.507s][info][gc,metaspace   ] GC(321) Metaspace: 6300K(6464K)->6300K(6464K) NonClass: 5767K(5824K)->5767K(5824K) Class: 533K(640K)->533K(640K)
[58.507s][info][gc             ] GC(321) Pause Full (Ergonomics) 8473M->8466M(9743M) 2707.926ms
[58.508s][info][gc,cpu         ] GC(321) User=20.12s Sys=0.14s Real=2.71s
[58.648s][info][gc,start       ] GC(322) Pause Young (Allocation Failure)
[59.109s][info][gc,heap        ] GC(322) PSYoungGen: 129270K(353792K)->127328K(337408K) Eden: 126976K(126976K)->0K(138752K) From: 2294K(226816K)->127328K(198656K)
[59.109s][info][gc,heap        ] GC(322) ParOldGen: 8666999K(9623040K)->8669351K(9623040K)
[59.109s][info][gc,metaspace   ] GC(322) Metaspace: 6300K(6464K)->6300K(6464K) NonClass: 5767K(5824K)->5767K(5824K) Class: 533K(640K)->533K(640K)
[59.109s][info][gc             ] GC(322) Pause Young (Allocation Failure) 8590M->8590M(9727M) 461.344ms
[59.109s][info][gc,cpu         ] GC(322) User=2.89s Sys=0.00s Real=0.46s
[59.253s][info][gc,start       ] GC(323) Pause Young (Allocation Failure)
[59.429s][info][gc,heap        ] GC(323) PSYoungGen: 266080K(337408K)->209408K(348160K) Eden: 138752K(138752K)->0K(138752K) From: 127328K(198656K)->209408K(209408K)
[59.429s][info][gc,heap        ] GC(323) ParOldGen: 8669351K(9623040K)->8726583K(9623040K)
[59.429s][info][gc,metaspace   ] GC(323) Metaspace: 6300K(6464K)->6300K(6464K) NonClass: 5767K(5824K)->5767K(5824K) Class: 533K(640K)->533K(640K)
[59.429s][info][gc             ] GC(323) Pause Young (Allocation Failure) 8726M->8726M(9737M) 176.126ms
[59.429s][info][gc,cpu         ] GC(323) User=1.00s Sys=0.16s Real=0.18s
[59.585s][info][gc,start       ] GC(324) Pause Young (Allocation Failure)
[59.890s][info][gc,heap        ] GC(324) PSYoungGen: 348160K(348160K)->139136K(386048K) Eden: 138752K(138752K)->0K(153600K) From: 209408K(209408K)->139136K(232448K)
[59.890s][info][gc,heap        ] GC(324) ParOldGen: 8726583K(9623040K)->8937495K(9623040K)
[59.890s][info][gc,metaspace   ] GC(324) Metaspace: 6300K(6464K)->6300K(6464K) NonClass: 5767K(5824K)->5767K(5824K) Class: 533K(640K)->533K(640K)
[59.890s][info][gc             ] GC(324) Pause Young (Allocation Failure) 8862M->8863M(9774M) 305.107ms
[59.890s][info][gc,cpu         ] GC(324) User=1.02s Sys=0.48s Real=0.30s
[60.069s][info][gc,start       ] GC(325) Pause Young (Allocation Failure)
[60.286s][info][gc,heap        ] GC(325) PSYoungGen: 292736K(386048K)->154016K(395776K) Eden: 153600K(153600K)->0K(153600K) From: 139136K(232448K)->154016K(242176K)
[60.287s][info][gc,heap        ] GC(325) ParOldGen: 8937495K(9623040K)->9077495K(9623040K)
[60.287s][info][gc,metaspace   ] GC(325) Metaspace: 6300K(6464K)->6300K(6464K) NonClass: 5767K(5824K)->5767K(5824K) Class: 533K(640K)->533K(640K)
[60.287s][info][gc             ] GC(325) Pause Young (Allocation Failure) 9013M->9015M(9784M) 217.958ms
[60.287s][info][gc,cpu         ] GC(325) User=1.23s Sys=0.30s Real=0.22s
[60.458s][info][gc,start       ] GC(326) Pause Young (Allocation Failure)
[60.707s][info][gc,heap        ] GC(326) PSYoungGen: 307616K(395776K)->154048K(398848K) Eden: 153600K(153600K)->0K(170496K) From: 154016K(242176K)->154048K(228352K)
[60.707s][info][gc,heap        ] GC(326) ParOldGen: 9077495K(9623040K)->9232463K(9623040K)
[60.707s][info][gc,metaspace   ] GC(326) Metaspace: 6300K(6464K)->6300K(6464K) NonClass: 5767K(5824K)->5767K(5824K) Class: 533K(640K)->533K(640K)
[60.707s][info][gc             ] GC(326) Pause Young (Allocation Failure) 9165M->9166M(9787M) 249.462ms
[60.707s][info][gc,cpu         ] GC(326) User=1.41s Sys=0.38s Real=0.25s
[60.896s][info][gc,start       ] GC(327) Pause Young (Allocation Failure)
[61.146s][info][gc,heap        ] GC(327) PSYoungGen: 324544K(398848K)->170912K(402944K) Eden: 170496K(170496K)->0K(170496K) From: 154048K(228352K)->170912K(232448K)
[61.147s][info][gc,heap        ] GC(327) ParOldGen: 9232463K(9623040K)->9387447K(9623040K)
[61.147s][info][gc,metaspace   ] GC(327) Metaspace: 6300K(6464K)->6300K(6464K) NonClass: 5767K(5824K)->5767K(5824K) Class: 533K(640K)->533K(640K)
[61.147s][info][gc             ] GC(327) Pause Young (Allocation Failure) 9333M->9334M(9791M) 250.349ms
[61.147s][info][gc,cpu         ] GC(327) User=1.16s Sys=0.55s Real=0.25s
[61.147s][info][gc,start       ] GC(328) Pause Full (Ergonomics)
[61.147s][info][gc,phases,start] GC(328) Marking Phase
[63.338s][info][gc,phases      ] GC(328) Marking Phase 2191.725ms
[63.338s][info][gc,phases,start] GC(328) Summary Phase
[63.339s][info][gc,phases      ] GC(328) Summary Phase 0.152ms
[63.339s][info][gc,phases,start] GC(328) Adjust Roots
[63.339s][info][gc,phases      ] GC(328) Adjust Roots 0.202ms
[63.339s][info][gc,phases,start] GC(328) Compaction Phase
[64.115s][info][gc,phases      ] GC(328) Compaction Phase 775.856ms
[64.115s][info][gc,phases,start] GC(328) Post Compact
[64.133s][info][gc,phases      ] GC(328) Post Compact 18.437ms
[64.140s][info][gc,heap        ] GC(328) PSYoungGen: 170912K(402944K)->0K(423936K) Eden: 0K(170496K)->0K(189440K) From: 170912K(232448K)->0K(234496K)
[64.140s][info][gc,heap        ] GC(328) ParOldGen: 9387447K(9623040K)->9551271K(10643456K)
[64.140s][info][gc,metaspace   ] GC(328) Metaspace: 6300K(6464K)->6300K(6464K) NonClass: 5767K(5824K)->5767K(5824K) Class: 533K(640K)->533K(640K)
[64.140s][info][gc             ] GC(328) Pause Full (Ergonomics) 9334M->9327M(10808M) 2993.510ms
[64.140s][info][gc,cpu         ] GC(328) User=22.20s Sys=0.28s Real=2.99s
[64.351s][info][gc,start       ] GC(329) Pause Young (Allocation Failure)
[64.480s][info][gc,heap        ] GC(329) PSYoungGen: 189440K(423936K)->189952K(423936K) Eden: 189440K(189440K)->0K(189440K) From: 0K(234496K)->189952K(234496K)
[64.480s][info][gc,heap        ] GC(329) ParOldGen: 9551271K(10643456K)->9551271K(10643456K)
[64.480s][info][gc,metaspace   ] GC(329) Metaspace: 6300K(6464K)->6300K(6464K) NonClass: 5767K(5824K)->5767K(5824K) Class: 533K(640K)->533K(640K)
[64.480s][info][gc             ] GC(329) Pause Young (Allocation Failure) 9512M->9512M(10808M) 128.615ms
[64.480s][info][gc,cpu         ] GC(329) User=0.58s Sys=0.00s Real=0.13s
[64.681s][info][gc,start       ] GC(330) Pause Young (Allocation Failure)
[65.005s][info][gc,heap        ] GC(330) PSYoungGen: 379392K(423936K)->242176K(372224K) Eden: 189440K(189440K)->0K(130048K) From: 189952K(234496K)->242176K(242176K)
[65.005s][info][gc,heap        ] GC(330) ParOldGen: 9551271K(10643456K)->9689671K(10643456K)
[65.005s][info][gc,metaspace   ] GC(330) Metaspace: 6300K(6464K)->6300K(6464K) NonClass: 5767K(5824K)->5767K(5824K) Class: 533K(640K)->533K(640K)
[65.005s][info][gc             ] GC(330) Pause Young (Allocation Failure) 9697M->9699M(10757M) 323.514ms
[65.005s][info][gc,cpu         ] GC(330) User=0.92s Sys=0.59s Real=0.32s
[65.145s][info][gc,start       ] GC(331) Pause Young (Allocation Failure)
[65.449s][info][gc,heap        ] GC(331) PSYoungGen: 372224K(372224K)->130432K(448512K) Eden: 130048K(130048K)->0K(130048K) From: 242176K(242176K)->130432K(318464K)
[65.449s][info][gc,heap        ] GC(331) ParOldGen: 9689671K(10643456K)->9933631K(10643456K)
[65.449s][info][gc,metaspace   ] GC(331) Metaspace: 6300K(6464K)->6300K(6464K) NonClass: 5767K(5824K)->5767K(5824K) Class: 533K(640K)->533K(640K)
[65.449s][info][gc             ] GC(331) Pause Young (Allocation Failure) 9826M->9828M(10832M) 303.990ms
[65.449s][info][gc,cpu         ] GC(331) User=1.45s Sys=0.73s Real=0.31s
[65.596s][info][gc,start       ] GC(332) Pause Young (Allocation Failure)
[65.798s][info][gc,heap        ] GC(332) PSYoungGen: 260480K(448512K)->130464K(440320K) Eden: 130048K(130048K)->0K(144384K) From: 130432K(318464K)->130464K(295936K)
[65.798s][info][gc,heap        ] GC(332) ParOldGen: 9933631K(10643456K)->10064855K(10643456K)
[65.798s][info][gc,metaspace   ] GC(332) Metaspace: 6300K(6464K)->6300K(6464K) NonClass: 5767K(5824K)->5767K(5824K) Class: 533K(640K)->533K(640K)
[65.798s][info][gc             ] GC(332) Pause Young (Allocation Failure) 9955M->9956M(10824M) 201.938ms
[65.798s][info][gc,cpu         ] GC(332) User=0.84s Sys=0.33s Real=0.20s
[65.959s][info][gc,start       ] GC(333) Pause Young (Allocation Failure)
[66.170s][info][gc,heap        ] GC(333) PSYoungGen: 274848K(440320K)->144800K(447488K) Eden: 144384K(144384K)->0K(144384K) From: 130464K(295936K)->144800K(303104K)
[66.170s][info][gc,heap        ] GC(333) ParOldGen: 10064855K(10643456K)->10196071K(10643456K)
[66.170s][info][gc,metaspace   ] GC(333) Metaspace: 6300K(6464K)->6300K(6464K) NonClass: 5767K(5824K)->5767K(5824K) Class: 533K(640K)->533K(640K)
[66.170s][info][gc             ] GC(333) Pause Young (Allocation Failure) 10097M->10098M(10831M) 211.353ms
[66.170s][info][gc,cpu         ] GC(333) User=1.02s Sys=0.30s Real=0.21s
[66.330s][info][gc,start       ] GC(334) Pause Young (Allocation Failure)
[66.572s][info][gc,heap        ] GC(334) PSYoungGen: 289184K(447488K)->144768K(433152K) Eden: 144384K(144384K)->0K(160768K) From: 144800K(303104K)->144768K(272384K)
[66.572s][info][gc,heap        ] GC(334) ParOldGen: 10196071K(10643456K)->10341759K(10643456K)
[66.572s][info][gc,metaspace   ] GC(334) Metaspace: 6300K(6464K)->6300K(6464K) NonClass: 5767K(5824K)->5767K(5824K) Class: 533K(640K)->533K(640K)
[66.572s][info][gc             ] GC(334) Pause Young (Allocation Failure) 10239M->10240M(10817M) 242.826ms
[66.572s][info][gc,cpu         ] GC(334) User=1.22s Sys=0.66s Real=0.24s
[66.753s][info][gc,start       ] GC(335) Pause Young (Allocation Failure)
[66.974s][info][gc,heap        ] GC(335) PSYoungGen: 305536K(433152K)->161184K(443392K) Eden: 160768K(160768K)->0K(160768K) From: 144768K(272384K)->161184K(282624K)
[66.974s][info][gc,heap        ] GC(335) ParOldGen: 10341759K(10643456K)->10487439K(10643456K)
[66.974s][info][gc,metaspace   ] GC(335) Metaspace: 6300K(6464K)->6300K(6464K) NonClass: 5767K(5824K)->5767K(5824K) Class: 533K(640K)->533K(640K)
[66.974s][info][gc             ] GC(335) Pause Young (Allocation Failure) 10397M->10399M(10827M) 221.099ms
[66.974s][info][gc,cpu         ] GC(335) User=0.89s Sys=0.16s Real=0.22s
[66.975s][info][gc,start       ] GC(336) Pause Full (Ergonomics)
[66.975s][info][gc,phases,start] GC(336) Marking Phase
[69.481s][info][gc,phases      ] GC(336) Marking Phase 2506.549ms
[69.481s][info][gc,phases,start] GC(336) Summary Phase
[69.481s][info][gc,phases      ] GC(336) Summary Phase 0.182ms
[69.481s][info][gc,phases,start] GC(336) Adjust Roots
[69.482s][info][gc,phases      ] GC(336) Adjust Roots 0.261ms
[69.482s][info][gc,phases,start] GC(336) Compaction Phase
[70.399s][info][gc,phases      ] GC(336) Compaction Phase 917.528ms
[70.399s][info][gc,phases,start] GC(336) Post Compact
[70.417s][info][gc,phases      ] GC(336) Post Compact 17.416ms
[70.419s][info][gc,heap        ] GC(336) PSYoungGen: 161184K(443392K)->0K(450048K) Eden: 0K(160768K)->0K(179200K) From: 161184K(282624K)->0K(270848K)
[70.419s][info][gc,heap        ] GC(336) ParOldGen: 10487439K(10643456K)->10639567K(11332608K)
[70.419s][info][gc,metaspace   ] GC(336) Metaspace: 6300K(6464K)->6300K(6464K) NonClass: 5767K(5824K)->5767K(5824K) Class: 533K(640K)->533K(640K)
[70.419s][info][gc             ] GC(336) Pause Full (Ergonomics) 10399M->10390M(11506M) 3444.574ms
[70.419s][info][gc,cpu         ] GC(336) User=24.88s Sys=0.08s Real=3.45s
[70.624s][info][gc,start       ] GC(337) Pause Young (Allocation Failure)
[70.753s][info][gc,heap        ] GC(337) PSYoungGen: 179200K(450048K)->179680K(450048K) Eden: 179200K(179200K)->0K(179200K) From: 0K(270848K)->179680K(270848K)
[70.753s][info][gc,heap        ] GC(337) ParOldGen: 10639567K(11332608K)->10639567K(11332608K)
[70.753s][info][gc,metaspace   ] GC(337) Metaspace: 6300K(6464K)->6300K(6464K) NonClass: 5767K(5824K)->5767K(5824K) Class: 533K(640K)->533K(640K)
[70.753s][info][gc             ] GC(337) Pause Young (Allocation Failure) 10565M->10565M(11506M) 128.664ms
[70.753s][info][gc,cpu         ] GC(337) User=0.55s Sys=0.00s Real=0.13s
[70.950s][info][gc,start       ] GC(338) Pause Young (Allocation Failure)
[71.157s][info][gc,heap        ] GC(338) PSYoungGen: 358880K(450048K)->266752K(399360K) Eden: 179200K(179200K)->0K(132608K) From: 179680K(270848K)->266752K(266752K)
[71.157s][info][gc,heap        ] GC(338) ParOldGen: 10639567K(11332608K)->10732567K(11332608K)
[71.157s][info][gc,metaspace   ] GC(338) Metaspace: 6300K(6464K)->6300K(6464K) NonClass: 5767K(5824K)->5767K(5824K) Class: 533K(640K)->533K(640K)
[71.157s][info][gc             ] GC(338) Pause Young (Allocation Failure) 10740M->10741M(11457M) 206.729ms
[71.157s][info][gc,cpu         ] GC(338) User=1.45s Sys=0.00s Real=0.21s
[71.313s][info][gc,start       ] GC(339) Pause Young (Allocation Failure)
[71.581s][info][gc,heap        ] GC(339) PSYoungGen: 399360K(399360K)->133024K(461824K) Eden: 132608K(132608K)->0K(132608K) From: 266752K(266752K)->133024K(329216K)
[71.582s][info][gc,heap        ] GC(339) ParOldGen: 10732567K(11332608K)->11001207K(11332608K)
[71.582s][info][gc,metaspace   ] GC(339) Metaspace: 6300K(6464K)->6300K(6464K) NonClass: 5767K(5824K)->5767K(5824K) Class: 533K(640K)->533K(640K)
[71.582s][info][gc             ] GC(339) Pause Young (Allocation Failure) 10871M->10873M(11518M) 268.481ms
[71.582s][info][gc,cpu         ] GC(339) User=1.66s Sys=0.17s Real=0.27s
[71.737s][info][gc,start       ] GC(340) Pause Young (Allocation Failure)
[71.919s][info][gc,heap        ] GC(340) PSYoungGen: 265632K(461824K)->265856K(451072K) Eden: 132608K(132608K)->0K(128000K) From: 133024K(329216K)->265856K(323072K)
[71.919s][info][gc,heap        ] GC(340) ParOldGen: 11001207K(11332608K)->11001207K(11332608K)
[71.919s][info][gc,metaspace   ] GC(340) Metaspace: 6300K(6464K)->6300K(6464K) NonClass: 5767K(5824K)->5767K(5824K) Class: 533K(640K)->533K(640K)
[71.919s][info][gc             ] GC(340) Pause Young (Allocation Failure) 11002M->11002M(11507M) 182.709ms
[71.919s][info][gc,cpu         ] GC(340) User=0.66s Sys=0.00s Real=0.18s
[72.069s][info][gc,start       ] GC(341) Pause Young (Allocation Failure)
[72.317s][info][gc,heap        ] GC(341) PSYoungGen: 393856K(451072K)->261184K(468992K) Eden: 128000K(128000K)->0K(128000K) From: 265856K(323072K)->261184K(340992K)
[72.317s][info][gc,heap        ] GC(341) ParOldGen: 11001207K(11332608K)->11135007K(11332608K)
[72.317s][info][gc,metaspace   ] GC(341) Metaspace: 6300K(6464K)->6300K(6464K) NonClass: 5767K(5824K)->5767K(5824K) Class: 533K(640K)->533K(640K)
[72.317s][info][gc             ] GC(341) Pause Young (Allocation Failure) 11127M->11129M(11525M) 247.829ms
[72.317s][info][gc,cpu         ] GC(341) User=1.11s Sys=0.20s Real=0.25s
[72.317s][info][gc,start       ] GC(342) Pause Full (Ergonomics)
[72.317s][info][gc,phases,start] GC(342) Marking Phase
[74.981s][info][gc,phases      ] GC(342) Marking Phase 2663.263ms
[74.981s][info][gc,phases,start] GC(342) Summary Phase
[74.981s][info][gc,phases      ] GC(342) Summary Phase 0.118ms
[74.981s][info][gc,phases,start] GC(342) Adjust Roots
[74.981s][info][gc,phases      ] GC(342) Adjust Roots 0.210ms
[74.981s][info][gc,phases,start] GC(342) Compaction Phase
[76.470s][info][gc,phases      ] GC(342) Compaction Phase 1489.399ms
[76.471s][info][gc,phases,start] GC(342) Post Compact
[76.494s][info][gc,phases      ] GC(342) Post Compact 23.010ms
[76.494s][info][gc,heap        ] GC(342) PSYoungGen: 261184K(468992K)->58699K(468992K) Eden: 0K(128000K)->0K(128000K) From: 261184K(340992K)->58699K(340992K)
[76.494s][info][gc,heap        ] GC(342) ParOldGen: 11135007K(11332608K)->11332330K(11332608K)
[76.494s][info][gc,metaspace   ] GC(342) Metaspace: 6300K(6464K)->6300K(6464K) NonClass: 5767K(5824K)->5767K(5824K) Class: 533K(640K)->533K(640K)
[76.494s][info][gc             ] GC(342) Pause Full (Ergonomics) 11129M->11124M(11525M) 4176.370ms
[76.494s][info][gc,cpu         ] GC(342) User=26.30s Sys=1.75s Real=4.18s
[76.653s][info][gc,start       ] GC(343) Pause Full (Ergonomics)
[76.653s][info][gc,phases,start] GC(343) Marking Phase
[79.250s][info][gc,phases      ] GC(343) Marking Phase 2596.602ms
[79.250s][info][gc,phases,start] GC(343) Summary Phase
[79.250s][info][gc,phases      ] GC(343) Summary Phase 0.103ms
[79.250s][info][gc,phases,start] GC(343) Adjust Roots
[79.250s][info][gc,phases      ] GC(343) Adjust Roots 0.190ms
[79.250s][info][gc,phases,start] GC(343) Compaction Phase
[79.972s][info][gc,phases      ] GC(343) Compaction Phase 722.009ms
[79.972s][info][gc,phases,start] GC(343) Post Compact
[79.987s][info][gc,phases      ] GC(343) Post Compact 15.175ms
[79.988s][info][gc,heap        ] GC(343) PSYoungGen: 186699K(468992K)->186670K(468992K) Eden: 128000K(128000K)->127970K(128000K) From: 58699K(340992K)->58699K(340992K)
[79.988s][info][gc,heap        ] GC(343) ParOldGen: 11332330K(11332608K)->11332330K(11332608K)
[79.988s][info][gc,metaspace   ] GC(343) Metaspace: 6300K(6464K)->6300K(6464K) NonClass: 5767K(5824K)->5767K(5824K) Class: 533K(640K)->533K(640K)
[79.988s][info][gc             ] GC(343) Pause Full (Ergonomics) 11249M->11249M(11525M) 3334.469ms
[79.988s][info][gc,cpu         ] GC(343) User=25.25s Sys=0.00s Real=3.33s
[79.988s][info][gc,start       ] GC(344) Pause Full (Ergonomics)
[79.988s][info][gc,phases,start] GC(344) Marking Phase
[82.581s][info][gc,phases      ] GC(344) Marking Phase 2592.754ms
[82.581s][info][gc,phases,start] GC(344) Summary Phase
[82.581s][info][gc,phases      ] GC(344) Summary Phase 0.104ms
[82.581s][info][gc,phases,start] GC(344) Adjust Roots
[82.581s][info][gc,phases      ] GC(344) Adjust Roots 0.177ms
[82.581s][info][gc,phases,start] GC(344) Compaction Phase
[83.272s][info][gc,phases      ] GC(344) Compaction Phase 690.667ms
[83.272s][info][gc,phases,start] GC(344) Post Compact
[83.288s][info][gc,phases      ] GC(344) Post Compact 16.532ms
[83.288s][info][gc,heap        ] GC(344) PSYoungGen: 186699K(468992K)->186699K(468992K) Eden: 128000K(128000K)->127999K(128000K) From: 58699K(340992K)->58699K(340992K)
[83.288s][info][gc,heap        ] GC(344) ParOldGen: 11332330K(11332608K)->11332330K(11332608K)
[83.288s][info][gc,metaspace   ] GC(344) Metaspace: 6300K(6464K)->6300K(6464K) NonClass: 5767K(5824K)->5767K(5824K) Class: 533K(640K)->533K(640K)
[83.288s][info][gc             ] GC(344) Pause Full (Ergonomics) 11249M->11249M(11525M) 3300.561ms
[83.288s][info][gc,cpu         ] GC(344) User=25.41s Sys=0.02s Real=3.30s
[83.289s][info][gc,start       ] GC(345) Pause Full (Ergonomics)
[83.289s][info][gc,phases,start] GC(345) Marking Phase
[85.823s][info][gc,phases      ] GC(345) Marking Phase 2534.473ms
[85.823s][info][gc,phases,start] GC(345) Summary Phase
[85.823s][info][gc,phases      ] GC(345) Summary Phase 0.212ms
[85.823s][info][gc,phases,start] GC(345) Adjust Roots
[85.824s][info][gc,phases      ] GC(345) Adjust Roots 0.283ms
[85.824s][info][gc,phases,start] GC(345) Compaction Phase
[86.519s][info][gc,phases      ] GC(345) Compaction Phase 694.959ms
[86.519s][info][gc,phases,start] GC(345) Post Compact
[86.532s][info][gc,phases      ] GC(345) Post Compact 13.765ms
[86.533s][info][gc,heap        ] GC(345) PSYoungGen: 186699K(468992K)->186699K(468992K) Eden: 127999K(128000K)->127999K(128000K) From: 58699K(340992K)->58699K(340992K)
[86.533s][info][gc,heap        ] GC(345) ParOldGen: 11332330K(11332608K)->11332330K(11332608K)
[86.533s][info][gc,metaspace   ] GC(345) Metaspace: 6300K(6464K)->6300K(6464K) NonClass: 5767K(5824K)->5767K(5824K) Class: 533K(640K)->533K(640K)
[86.533s][info][gc             ] GC(345) Pause Full (Ergonomics) 11249M->11249M(11525M) 3244.066ms
[86.533s][info][gc,cpu         ] GC(345) User=25.19s Sys=0.00s Real=3.24s
[86.533s][info][gc,start       ] GC(346) Pause Full (Ergonomics)
[86.533s][info][gc,phases,start] GC(346) Marking Phase
[89.081s][info][gc,phases      ] GC(346) Marking Phase 2548.285ms
[89.081s][info][gc,phases,start] GC(346) Summary Phase
[89.081s][info][gc,phases      ] GC(346) Summary Phase 0.109ms
[89.081s][info][gc,phases,start] GC(346) Adjust Roots
[89.082s][info][gc,phases      ] GC(346) Adjust Roots 0.163ms
[89.082s][info][gc,phases,start] GC(346) Compaction Phase
[89.789s][info][gc,phases      ] GC(346) Compaction Phase 707.517ms
[89.789s][info][gc,phases,start] GC(346) Post Compact
[89.805s][info][gc,phases      ] GC(346) Post Compact 15.936ms
[89.805s][info][gc,heap        ] GC(346) PSYoungGen: 186699K(468992K)->186699K(468992K) Eden: 127999K(128000K)->127999K(128000K) From: 58699K(340992K)->58699K(340992K)
[89.805s][info][gc,heap        ] GC(346) ParOldGen: 11332335K(11332608K)->11332335K(11332608K)
[89.805s][info][gc,metaspace   ] GC(346) Metaspace: 6300K(6464K)->6300K(6464K) NonClass: 5767K(5824K)->5767K(5824K) Class: 533K(640K)->533K(640K)
[89.805s][info][gc             ] GC(346) Pause Full (Ergonomics) 11249M->11249M(11525M) 3272.352ms
[89.805s][info][gc,cpu         ] GC(346) User=25.50s Sys=0.00s Real=3.27s
[89.805s][info][gc,start       ] GC(347) Pause Full (Ergonomics)
[89.805s][info][gc,phases,start] GC(347) Marking Phase
[92.367s][info][gc,phases      ] GC(347) Marking Phase 2561.834ms
[92.367s][info][gc,phases,start] GC(347) Summary Phase
[92.367s][info][gc,phases      ] GC(347) Summary Phase 0.126ms
[92.367s][info][gc,phases,start] GC(347) Adjust Roots
[92.368s][info][gc,phases      ] GC(347) Adjust Roots 0.229ms
[92.368s][info][gc,phases,start] GC(347) Compaction Phase
[93.061s][info][gc,phases      ] GC(347) Compaction Phase 693.020ms
[93.061s][info][gc,phases,start] GC(347) Post Compact
[93.075s][info][gc,phases      ] GC(347) Post Compact 13.874ms
[93.075s][info][gc,heap        ] GC(347) PSYoungGen: 186699K(468992K)->186699K(468992K) Eden: 127999K(128000K)->127999K(128000K) From: 58699K(340992K)->58699K(340992K)
[93.075s][info][gc,heap        ] GC(347) ParOldGen: 11332340K(11332608K)->11332340K(11332608K)
[93.075s][info][gc,metaspace   ] GC(347) Metaspace: 6300K(6464K)->6300K(6464K) NonClass: 5767K(5824K)->5767K(5824K) Class: 533K(640K)->533K(640K)
[93.075s][info][gc             ] GC(347) Pause Full (Ergonomics) 11249M->11249M(11525M) 3269.442ms
[93.075s][info][gc,cpu         ] GC(347) User=25.50s Sys=0.00s Real=3.27s
[93.075s][info][gc,start       ] GC(348) Pause Full (Ergonomics)
[93.075s][info][gc,phases,start] GC(348) Marking Phase
[95.655s][info][gc,phases      ] GC(348) Marking Phase 2579.791ms
[95.655s][info][gc,phases,start] GC(348) Summary Phase
[95.655s][info][gc,phases      ] GC(348) Summary Phase 0.106ms
[95.655s][info][gc,phases,start] GC(348) Adjust Roots
[95.655s][info][gc,phases      ] GC(348) Adjust Roots 0.167ms
[95.655s][info][gc,phases,start] GC(348) Compaction Phase
[96.375s][info][gc,phases      ] GC(348) Compaction Phase 719.950ms
[96.375s][info][gc,phases,start] GC(348) Post Compact
[96.390s][info][gc,phases      ] GC(348) Post Compact 14.582ms
[96.390s][info][gc,heap        ] GC(348) PSYoungGen: 186699K(468992K)->186699K(468992K) Eden: 127999K(128000K)->127999K(128000K) From: 58699K(340992K)->58699K(340992K)
[96.390s][info][gc,heap        ] GC(348) ParOldGen: 11332345K(11332608K)->11332345K(11332608K)
[96.390s][info][gc,metaspace   ] GC(348) Metaspace: 6300K(6464K)->6300K(6464K) NonClass: 5767K(5824K)->5767K(5824K) Class: 533K(640K)->533K(640K)
[96.390s][info][gc             ] GC(348) Pause Full (Ergonomics) 11249M->11249M(11525M) 3314.924ms
[96.390s][info][gc,cpu         ] GC(348) User=25.75s Sys=0.00s Real=3.31s
[96.390s][info][gc,start       ] GC(349) Pause Full (Ergonomics)
[96.390s][info][gc,phases,start] GC(349) Marking Phase
[98.987s][info][gc,phases      ] GC(349) Marking Phase 2596.489ms
[98.987s][info][gc,phases,start] GC(349) Summary Phase
[98.987s][info][gc,phases      ] GC(349) Summary Phase 0.116ms
[98.987s][info][gc,phases,start] GC(349) Adjust Roots
[98.987s][info][gc,phases      ] GC(349) Adjust Roots 0.183ms
[98.987s][info][gc,phases,start] GC(349) Compaction Phase
[99.706s][info][gc,phases      ] GC(349) Compaction Phase 719.070ms
[99.706s][info][gc,phases,start] GC(349) Post Compact
[99.720s][info][gc,phases      ] GC(349) Post Compact 13.881ms
[99.720s][info][gc,heap        ] GC(349) PSYoungGen: 186699K(468992K)->186699K(468992K) Eden: 127999K(128000K)->127999K(128000K) From: 58699K(340992K)->58699K(340992K)
[99.720s][info][gc,heap        ] GC(349) ParOldGen: 11332349K(11332608K)->11332349K(11332608K)
[99.720s][info][gc,metaspace   ] GC(349) Metaspace: 6300K(6464K)->6300K(6464K) NonClass: 5767K(5824K)->5767K(5824K) Class: 533K(640K)->533K(640K)
[99.720s][info][gc             ] GC(349) Pause Full (Ergonomics) 11249M->11249M(11525M) 3330.102ms
[99.720s][info][gc,cpu         ] GC(349) User=25.89s Sys=0.00s Real=3.33s
[99.720s][info][gc,start       ] GC(350) Pause Full (Ergonomics)
[99.721s][info][gc,phases,start] GC(350) Marking Phase
[102.321s][info][gc,phases      ] GC(350) Marking Phase 2600.002ms
[102.321s][info][gc,phases,start] GC(350) Summary Phase
[102.321s][info][gc,phases      ] GC(350) Summary Phase 0.105ms
[102.321s][info][gc,phases,start] GC(350) Adjust Roots
[102.321s][info][gc,phases      ] GC(350) Adjust Roots 0.171ms
[102.321s][info][gc,phases,start] GC(350) Compaction Phase
[103.089s][info][gc,phases      ] GC(350) Compaction Phase 767.800ms
[103.089s][info][gc,phases,start] GC(350) Post Compact
[103.104s][info][gc,phases      ] GC(350) Post Compact 15.447ms
[103.104s][info][gc,heap        ] GC(350) PSYoungGen: 186699K(468992K)->186699K(468992K) Eden: 127999K(128000K)->127999K(128000K) From: 58699K(340992K)->58699K(340992K)
[103.104s][info][gc,heap        ] GC(350) ParOldGen: 11332354K(11332608K)->11332354K(11332608K)
[103.104s][info][gc,metaspace   ] GC(350) Metaspace: 6300K(6464K)->6300K(6464K) NonClass: 5767K(5824K)->5767K(5824K) Class: 533K(640K)->533K(640K)
[103.104s][info][gc             ] GC(350) Pause Full (Ergonomics) 11249M->11249M(11525M) 3383.847ms
[103.104s][info][gc,cpu         ] GC(350) User=25.92s Sys=0.00s Real=3.38s
[103.105s][info][gc,start       ] GC(351) Pause Full (Ergonomics)
[103.105s][info][gc,phases,start] GC(351) Marking Phase
[105.697s][info][gc,phases      ] GC(351) Marking Phase 2591.949ms
[105.697s][info][gc,phases,start] GC(351) Summary Phase
[105.697s][info][gc,phases      ] GC(351) Summary Phase 0.104ms
[105.697s][info][gc,phases,start] GC(351) Adjust Roots
[105.697s][info][gc,phases      ] GC(351) Adjust Roots 0.187ms
[105.697s][info][gc,phases,start] GC(351) Compaction Phase
[106.431s][info][gc,phases      ] GC(351) Compaction Phase 733.863ms
[106.431s][info][gc,phases,start] GC(351) Post Compact
[106.445s][info][gc,phases      ] GC(351) Post Compact 14.107ms
[106.445s][info][gc,heap        ] GC(351) PSYoungGen: 186699K(468992K)->186699K(468992K) Eden: 127999K(128000K)->127999K(128000K) From: 58699K(340992K)->58699K(340992K)
[106.445s][info][gc,heap        ] GC(351) ParOldGen: 11332359K(11332608K)->11332359K(11332608K)
[106.445s][info][gc,metaspace   ] GC(351) Metaspace: 6300K(6464K)->6300K(6464K) NonClass: 5767K(5824K)->5767K(5824K) Class: 533K(640K)->533K(640K)
[106.445s][info][gc             ] GC(351) Pause Full (Ergonomics) 11249M->11249M(11525M) 3340.573ms
[106.445s][info][gc,cpu         ] GC(351) User=25.95s Sys=0.00s Real=3.34s
[106.445s][info][gc,start       ] GC(352) Pause Full (Ergonomics)
[106.445s][info][gc,phases,start] GC(352) Marking Phase
[109.027s][info][gc,phases      ] GC(352) Marking Phase 2581.445ms
[109.027s][info][gc,phases,start] GC(352) Summary Phase
[109.027s][info][gc,phases      ] GC(352) Summary Phase 0.105ms
[109.027s][info][gc,phases,start] GC(352) Adjust Roots
[109.027s][info][gc,phases      ] GC(352) Adjust Roots 0.162ms
[109.027s][info][gc,phases,start] GC(352) Compaction Phase
[109.771s][info][gc,phases      ] GC(352) Compaction Phase 744.222ms
[109.772s][info][gc,phases,start] GC(352) Post Compact
[109.786s][info][gc,phases      ] GC(352) Post Compact 14.130ms
[109.786s][info][gc,heap        ] GC(352) PSYoungGen: 186699K(468992K)->186699K(468992K) Eden: 127999K(128000K)->127999K(128000K) From: 58699K(340992K)->58699K(340992K)
[109.786s][info][gc,heap        ] GC(352) ParOldGen: 11332364K(11332608K)->11332364K(11332608K)
[109.786s][info][gc,metaspace   ] GC(352) Metaspace: 6300K(6464K)->6300K(6464K) NonClass: 5767K(5824K)->5767K(5824K) Class: 533K(640K)->533K(640K)
[109.786s][info][gc             ] GC(352) Pause Full (Ergonomics) 11249M->11249M(11525M) 3340.519ms
[109.786s][info][gc,cpu         ] GC(352) User=25.97s Sys=0.03s Real=3.34s
[109.786s][info][gc,start       ] GC(353) Pause Full (Ergonomics)
[109.786s][info][gc,phases,start] GC(353) Marking Phase
[112.392s][info][gc,phases      ] GC(353) Marking Phase 2605.793ms
[112.392s][info][gc,phases,start] GC(353) Summary Phase
[112.392s][info][gc,phases      ] GC(353) Summary Phase 0.108ms
[112.392s][info][gc,phases,start] GC(353) Adjust Roots
[112.392s][info][gc,phases      ] GC(353) Adjust Roots 0.197ms
[112.392s][info][gc,phases,start] GC(353) Compaction Phase
[113.164s][info][gc,phases      ] GC(353) Compaction Phase 771.777ms
[113.164s][info][gc,phases,start] GC(353) Post Compact
[113.180s][info][gc,phases      ] GC(353) Post Compact 16.191ms
[113.180s][info][gc,heap        ] GC(353) PSYoungGen: 186699K(468992K)->186699K(468992K) Eden: 127999K(128000K)->127999K(128000K) From: 58699K(340992K)->58699K(340992K)
[113.180s][info][gc,heap        ] GC(353) ParOldGen: 11332369K(11332608K)->11332369K(11332608K)
[113.180s][info][gc,metaspace   ] GC(353) Metaspace: 6300K(6464K)->6300K(6464K) NonClass: 5767K(5824K)->5767K(5824K) Class: 533K(640K)->533K(640K)
[113.181s][info][gc             ] GC(353) Pause Full (Ergonomics) 11249M->11249M(11525M) 3394.403ms
[113.181s][info][gc,cpu         ] GC(353) User=26.19s Sys=0.00s Real=3.39s
[113.181s][info][gc,start       ] GC(354) Pause Full (Ergonomics)
[113.181s][info][gc,phases,start] GC(354) Marking Phase
[115.784s][info][gc,phases      ] GC(354) Marking Phase 2602.956ms
[115.784s][info][gc,phases,start] GC(354) Summary Phase
[115.784s][info][gc,phases      ] GC(354) Summary Phase 0.103ms
[115.784s][info][gc,phases,start] GC(354) Adjust Roots
[115.784s][info][gc,phases      ] GC(354) Adjust Roots 0.193ms
[115.784s][info][gc,phases,start] GC(354) Compaction Phase
[116.553s][info][gc,phases      ] GC(354) Compaction Phase 768.720ms
[116.553s][info][gc,phases,start] GC(354) Post Compact
[116.567s][info][gc,phases      ] GC(354) Post Compact 14.139ms
[116.567s][info][gc,heap        ] GC(354) PSYoungGen: 186699K(468992K)->186699K(468992K) Eden: 127999K(128000K)->127999K(128000K) From: 58699K(340992K)->58699K(340992K)
[116.567s][info][gc,heap        ] GC(354) ParOldGen: 11332374K(11332608K)->11332374K(11332608K)
[116.567s][info][gc,metaspace   ] GC(354) Metaspace: 6300K(6464K)->6300K(6464K) NonClass: 5767K(5824K)->5767K(5824K) Class: 533K(640K)->533K(640K)
[116.567s][info][gc             ] GC(354) Pause Full (Ergonomics) 11249M->11249M(11525M) 3386.450ms
[116.567s][info][gc,cpu         ] GC(354) User=26.06s Sys=0.06s Real=3.39s
[116.567s][info][gc,start       ] GC(355) Pause Full (Ergonomics)
[116.567s][info][gc,phases,start] GC(355) Marking Phase
[119.145s][info][gc,phases      ] GC(355) Marking Phase 2577.911ms
[119.145s][info][gc,phases,start] GC(355) Summary Phase
[119.146s][info][gc,phases      ] GC(355) Summary Phase 0.103ms
[119.146s][info][gc,phases,start] GC(355) Adjust Roots
[119.146s][info][gc,phases      ] GC(355) Adjust Roots 0.185ms
[119.146s][info][gc,phases,start] GC(355) Compaction Phase
[119.916s][info][gc,phases      ] GC(355) Compaction Phase 769.819ms
[119.916s][info][gc,phases,start] GC(355) Post Compact
[119.930s][info][gc,phases      ] GC(355) Post Compact 14.126ms
[119.930s][info][gc,heap        ] GC(355) PSYoungGen: 186699K(468992K)->186699K(468992K) Eden: 127999K(128000K)->127999K(128000K) From: 58699K(340992K)->58699K(340992K)
[119.930s][info][gc,heap        ] GC(355) ParOldGen: 11332378K(11332608K)->11332378K(11332608K)
[119.930s][info][gc,metaspace   ] GC(355) Metaspace: 6300K(6464K)->6300K(6464K) NonClass: 5767K(5824K)->5767K(5824K) Class: 533K(640K)->533K(640K)
[119.930s][info][gc             ] GC(355) Pause Full (Ergonomics) 11249M->11249M(11525M) 3362.508ms
[119.930s][info][gc,cpu         ] GC(355) User=26.08s Sys=0.00s Real=3.36s
[119.930s][info][gc,start       ] GC(356) Pause Full (Ergonomics)
[119.930s][info][gc,phases,start] GC(356) Marking Phase
[122.462s][info][gc,phases      ] GC(356) Marking Phase 2531.522ms
[122.462s][info][gc,phases,start] GC(356) Summary Phase
[122.462s][info][gc,phases      ] GC(356) Summary Phase 0.121ms
[122.462s][info][gc,phases,start] GC(356) Adjust Roots
[122.462s][info][gc,phases      ] GC(356) Adjust Roots 0.172ms
[122.462s][info][gc,phases,start] GC(356) Compaction Phase
[123.249s][info][gc,phases      ] GC(356) Compaction Phase 786.990ms
[123.249s][info][gc,phases,start] GC(356) Post Compact
[123.264s][info][gc,phases      ] GC(356) Post Compact 15.059ms
[123.264s][info][gc,heap        ] GC(356) PSYoungGen: 186699K(468992K)->186699K(468992K) Eden: 127999K(128000K)->127999K(128000K) From: 58699K(340992K)->58699K(340992K)
[123.264s][info][gc,heap        ] GC(356) ParOldGen: 11332383K(11332608K)->11332383K(11332608K)
[123.264s][info][gc,metaspace   ] GC(356) Metaspace: 6300K(6464K)->6300K(6464K) NonClass: 5767K(5824K)->5767K(5824K) Class: 533K(640K)->533K(640K)
[123.264s][info][gc             ] GC(356) Pause Full (Ergonomics) 11249M->11249M(11525M) 3334.236ms
[123.264s][info][gc,cpu         ] GC(356) User=25.84s Sys=0.00s Real=3.33s
[123.265s][info][gc,start       ] GC(357) Pause Full (Ergonomics)
[123.265s][info][gc,phases,start] GC(357) Marking Phase
[125.905s][info][gc,phases      ] GC(357) Marking Phase 2640.246ms
[125.905s][info][gc,phases,start] GC(357) Summary Phase
[125.905s][info][gc,phases      ] GC(357) Summary Phase 0.136ms
[125.905s][info][gc,phases,start] GC(357) Adjust Roots
[125.905s][info][gc,phases      ] GC(357) Adjust Roots 0.255ms
[125.905s][info][gc,phases,start] GC(357) Compaction Phase
[126.734s][info][gc,phases      ] GC(357) Compaction Phase 829.014ms
[126.734s][info][gc,phases,start] GC(357) Post Compact
[126.752s][info][gc,phases      ] GC(357) Post Compact 17.776ms
[126.752s][info][gc,heap        ] GC(357) PSYoungGen: 186699K(468992K)->186699K(468992K) Eden: 127999K(128000K)->127999K(128000K) From: 58699K(340992K)->58699K(340992K)
[126.752s][info][gc,heap        ] GC(357) ParOldGen: 11332388K(11332608K)->11332388K(11332608K)
[126.752s][info][gc,metaspace   ] GC(357) Metaspace: 6300K(6464K)->6300K(6464K) NonClass: 5767K(5824K)->5767K(5824K) Class: 533K(640K)->533K(640K)
[126.752s][info][gc             ] GC(357) Pause Full (Ergonomics) 11249M->11249M(11525M) 3487.783ms
[126.752s][info][gc,cpu         ] GC(357) User=26.75s Sys=0.00s Real=3.49s
[126.753s][info][gc,start       ] GC(358) Pause Full (Ergonomics)
[126.753s][info][gc,phases,start] GC(358) Marking Phase
[129.334s][info][gc,phases      ] GC(358) Marking Phase 2581.819ms
[129.334s][info][gc,phases,start] GC(358) Summary Phase
[129.335s][info][gc,phases      ] GC(358) Summary Phase 0.156ms
[129.335s][info][gc,phases,start] GC(358) Adjust Roots
[129.335s][info][gc,phases      ] GC(358) Adjust Roots 0.321ms
[129.335s][info][gc,phases,start] GC(358) Compaction Phase
[130.159s][info][gc,phases      ] GC(358) Compaction Phase 823.663ms
[130.159s][info][gc,phases,start] GC(358) Post Compact
[130.174s][info][gc,phases      ] GC(358) Post Compact 15.024ms
[130.174s][info][gc,heap        ] GC(358) PSYoungGen: 186699K(468992K)->186699K(468992K) Eden: 127999K(128000K)->127999K(128000K) From: 58699K(340992K)->58699K(340992K)
[130.174s][info][gc,heap        ] GC(358) ParOldGen: 11332393K(11332608K)->11332393K(11332608K)
[130.174s][info][gc,metaspace   ] GC(358) Metaspace: 6300K(6464K)->6300K(6464K) NonClass: 5767K(5824K)->5767K(5824K) Class: 533K(640K)->533K(640K)
[130.174s][info][gc             ] GC(358) Pause Full (Ergonomics) 11249M->11249M(11525M) 3421.405ms
[130.174s][info][gc,cpu         ] GC(358) User=26.47s Sys=0.00s Real=3.42s
[130.174s][info][gc,start       ] GC(359) Pause Full (Ergonomics)
[130.174s][info][gc,phases,start] GC(359) Marking Phase
[132.778s][info][gc,phases      ] GC(359) Marking Phase 2604.137ms
[132.778s][info][gc,phases,start] GC(359) Summary Phase
[132.779s][info][gc,phases      ] GC(359) Summary Phase 0.248ms
[132.779s][info][gc,phases,start] GC(359) Adjust Roots
[132.779s][info][gc,phases      ] GC(359) Adjust Roots 0.326ms
[132.779s][info][gc,phases,start] GC(359) Compaction Phase
[133.596s][info][gc,phases      ] GC(359) Compaction Phase 817.291ms
[133.596s][info][gc,phases,start] GC(359) Post Compact
[133.612s][info][gc,phases      ] GC(359) Post Compact 15.754ms
[133.612s][info][gc,heap        ] GC(359) PSYoungGen: 186699K(468992K)->186699K(468992K) Eden: 127999K(128000K)->127999K(128000K) From: 58699K(340992K)->58699K(340992K)
[133.612s][info][gc,heap        ] GC(359) ParOldGen: 11332398K(11332608K)->11332398K(11332608K)
[133.612s][info][gc,metaspace   ] GC(359) Metaspace: 6300K(6464K)->6300K(6464K) NonClass: 5767K(5824K)->5767K(5824K) Class: 533K(640K)->533K(640K)
[133.612s][info][gc             ] GC(359) Pause Full (Ergonomics) 11249M->11249M(11525M) 3438.181ms
[133.612s][info][gc,cpu         ] GC(359) User=26.47s Sys=0.00s Real=3.44s
[133.613s][info][gc,start       ] GC(360) Pause Full (Ergonomics)
[133.613s][info][gc,phases,start] GC(360) Marking Phase
[136.228s][info][gc,phases      ] GC(360) Marking Phase 2614.973ms
[136.228s][info][gc,phases,start] GC(360) Summary Phase
[136.228s][info][gc,phases      ] GC(360) Summary Phase 0.132ms
[136.228s][info][gc,phases,start] GC(360) Adjust Roots
[136.228s][info][gc,phases      ] GC(360) Adjust Roots 0.369ms
[136.228s][info][gc,phases,start] GC(360) Compaction Phase
[137.092s][info][gc,phases      ] GC(360) Compaction Phase 863.303ms
[137.092s][info][gc,phases,start] GC(360) Post Compact
[137.108s][info][gc,phases      ] GC(360) Post Compact 16.114ms
[137.108s][info][gc,heap        ] GC(360) PSYoungGen: 186699K(468992K)->186699K(468992K) Eden: 127999K(128000K)->127999K(128000K) From: 58699K(340992K)->58699K(340992K)
[137.108s][info][gc,heap        ] GC(360) ParOldGen: 11332403K(11332608K)->11332403K(11332608K)
[137.108s][info][gc,metaspace   ] GC(360) Metaspace: 6300K(6464K)->6300K(6464K) NonClass: 5767K(5824K)->5767K(5824K) Class: 533K(640K)->533K(640K)
[137.108s][info][gc             ] GC(360) Pause Full (Ergonomics) 11249M->11249M(11525M) 3495.262ms
[137.108s][info][gc,cpu         ] GC(360) User=26.66s Sys=0.03s Real=3.50s
[137.108s][info][gc,start       ] GC(361) Pause Full (Ergonomics)
[137.108s][info][gc,phases,start] GC(361) Marking Phase
[139.717s][info][gc,phases      ] GC(361) Marking Phase 2608.708ms
[139.717s][info][gc,phases,start] GC(361) Summary Phase
[139.717s][info][gc,phases      ] GC(361) Summary Phase 0.104ms
[139.717s][info][gc,phases,start] GC(361) Adjust Roots
[139.717s][info][gc,phases      ] GC(361) Adjust Roots 0.159ms
[139.717s][info][gc,phases,start] GC(361) Compaction Phase
[140.544s][info][gc,phases      ] GC(361) Compaction Phase 827.229ms
[140.544s][info][gc,phases,start] GC(361) Post Compact
[140.560s][info][gc,phases      ] GC(361) Post Compact 15.220ms
[140.560s][info][gc,heap        ] GC(361) PSYoungGen: 186699K(468992K)->186699K(468992K) Eden: 127999K(128000K)->127999K(128000K) From: 58699K(340992K)->58699K(340992K)
[140.560s][info][gc,heap        ] GC(361) ParOldGen: 11332407K(11332608K)->11332407K(11332608K)
[140.560s][info][gc,metaspace   ] GC(361) Metaspace: 6300K(6464K)->6300K(6464K) NonClass: 5767K(5824K)->5767K(5824K) Class: 533K(640K)->533K(640K)
[140.560s][info][gc             ] GC(361) Pause Full (Ergonomics) 11249M->11249M(11525M) 3451.755ms
[140.560s][info][gc,cpu         ] GC(361) User=26.80s Sys=0.02s Real=3.45s
[140.560s][info][gc,start       ] GC(362) Pause Full (Ergonomics)
[140.560s][info][gc,phases,start] GC(362) Marking Phase
[143.242s][info][gc,phases      ] GC(362) Marking Phase 2681.497ms
[143.242s][info][gc,phases,start] GC(362) Summary Phase
[143.242s][info][gc,phases      ] GC(362) Summary Phase 0.187ms
[143.242s][info][gc,phases,start] GC(362) Adjust Roots
[143.242s][info][gc,phases      ] GC(362) Adjust Roots 0.277ms
[143.242s][info][gc,phases,start] GC(362) Compaction Phase
[144.101s][info][gc,phases      ] GC(362) Compaction Phase 858.745ms
[144.101s][info][gc,phases,start] GC(362) Post Compact
[144.117s][info][gc,phases      ] GC(362) Post Compact 16.158ms
[144.117s][info][gc,heap        ] GC(362) PSYoungGen: 186699K(468992K)->186699K(468992K) Eden: 127999K(128000K)->127999K(128000K) From: 58699K(340992K)->58699K(340992K)
[144.117s][info][gc,heap        ] GC(362) ParOldGen: 11332412K(11332608K)->11332412K(11332608K)
[144.117s][info][gc,metaspace   ] GC(362) Metaspace: 6300K(6464K)->6300K(6464K) NonClass: 5767K(5824K)->5767K(5824K) Class: 533K(640K)->533K(640K)
[144.117s][info][gc             ] GC(362) Pause Full (Ergonomics) 11249M->11249M(11525M) 3557.285ms
[144.117s][info][gc,cpu         ] GC(362) User=27.39s Sys=0.00s Real=3.56s
[144.118s][info][gc,start       ] GC(363) Pause Full (Ergonomics)
[144.118s][info][gc,phases,start] GC(363) Marking Phase
[146.811s][info][gc,phases      ] GC(363) Marking Phase 2693.093ms
[146.811s][info][gc,phases,start] GC(363) Summary Phase
[146.811s][info][gc,phases      ] GC(363) Summary Phase 0.171ms
[146.811s][info][gc,phases,start] GC(363) Adjust Roots
[146.811s][info][gc,phases      ] GC(363) Adjust Roots 0.300ms
[146.811s][info][gc,phases,start] GC(363) Compaction Phase
[147.670s][info][gc,phases      ] GC(363) Compaction Phase 858.532ms
[147.670s][info][gc,phases,start] GC(363) Post Compact
[147.686s][info][gc,phases      ] GC(363) Post Compact 16.360ms
[147.686s][info][gc,heap        ] GC(363) PSYoungGen: 186699K(468992K)->186699K(468992K) Eden: 127999K(128000K)->127999K(128000K) From: 58699K(340992K)->58699K(340992K)
[147.686s][info][gc,heap        ] GC(363) ParOldGen: 11332417K(11332608K)->11332417K(11332608K)
[147.686s][info][gc,metaspace   ] GC(363) Metaspace: 6300K(6464K)->6300K(6464K) NonClass: 5767K(5824K)->5767K(5824K) Class: 533K(640K)->533K(640K)
[147.686s][info][gc             ] GC(363) Pause Full (Ergonomics) 11249M->11249M(11525M) 3568.875ms
[147.686s][info][gc,cpu         ] GC(363) User=27.12s Sys=0.02s Real=3.57s
[147.687s][info][gc,start       ] GC(364) Pause Full (Ergonomics)
[147.687s][info][gc,phases,start] GC(364) Marking Phase
[150.361s][info][gc,phases      ] GC(364) Marking Phase 2673.969ms
[150.361s][info][gc,phases,start] GC(364) Summary Phase
[150.361s][info][gc,phases      ] GC(364) Summary Phase 0.212ms
[150.361s][info][gc,phases,start] GC(364) Adjust Roots
[150.361s][info][gc,phases      ] GC(364) Adjust Roots 0.226ms
[150.361s][info][gc,phases,start] GC(364) Compaction Phase
[151.218s][info][gc,phases      ] GC(364) Compaction Phase 856.637ms
[151.218s][info][gc,phases,start] GC(364) Post Compact
[151.235s][info][gc,phases      ] GC(364) Post Compact 17.314ms
[151.235s][info][gc,heap        ] GC(364) PSYoungGen: 186699K(468992K)->186699K(468992K) Eden: 127999K(128000K)->127999K(128000K) From: 58699K(340992K)->58699K(340992K)
[151.235s][info][gc,heap        ] GC(364) ParOldGen: 11332422K(11332608K)->11332422K(11332608K)
[151.235s][info][gc,metaspace   ] GC(364) Metaspace: 6300K(6464K)->6300K(6464K) NonClass: 5767K(5824K)->5767K(5824K) Class: 533K(640K)->533K(640K)
[151.235s][info][gc             ] GC(364) Pause Full (Ergonomics) 11249M->11249M(11525M) 3548.770ms
[151.235s][info][gc,cpu         ] GC(364) User=27.41s Sys=0.00s Real=3.55s
[151.236s][info][gc,start       ] GC(365) Pause Full (Ergonomics)
[151.236s][info][gc,phases,start] GC(365) Marking Phase
[153.958s][info][gc,phases      ] GC(365) Marking Phase 2722.028ms
[153.958s][info][gc,phases,start] GC(365) Summary Phase
[153.958s][info][gc,phases      ] GC(365) Summary Phase 0.104ms
[153.958s][info][gc,phases,start] GC(365) Adjust Roots
[153.958s][info][gc,phases      ] GC(365) Adjust Roots 0.171ms
[153.958s][info][gc,phases,start] GC(365) Compaction Phase
[154.826s][info][gc,phases      ] GC(365) Compaction Phase 868.140ms
[154.826s][info][gc,phases,start] GC(365) Post Compact
[154.842s][info][gc,phases      ] GC(365) Post Compact 15.947ms
[154.842s][info][gc,heap        ] GC(365) PSYoungGen: 186699K(468992K)->186699K(468992K) Eden: 127999K(128000K)->127999K(128000K) From: 58699K(340992K)->58699K(340992K)
[154.842s][info][gc,heap        ] GC(365) ParOldGen: 11332427K(11332608K)->11332427K(11332608K)
[154.842s][info][gc,metaspace   ] GC(365) Metaspace: 6300K(6464K)->6300K(6464K) NonClass: 5767K(5824K)->5767K(5824K) Class: 533K(640K)->533K(640K)
[154.842s][info][gc             ] GC(365) Pause Full (Ergonomics) 11249M->11249M(11525M) 3606.763ms
[154.842s][info][gc,cpu         ] GC(365) User=27.70s Sys=0.00s Real=3.61s
[154.843s][info][gc,start       ] GC(366) Pause Full (Ergonomics)
[154.843s][info][gc,phases,start] GC(366) Marking Phase
[157.560s][info][gc,phases      ] GC(366) Marking Phase 2717.411ms
[157.560s][info][gc,phases,start] GC(366) Summary Phase
[157.560s][info][gc,phases      ] GC(366) Summary Phase 0.110ms
[157.560s][info][gc,phases,start] GC(366) Adjust Roots
[157.561s][info][gc,phases      ] GC(366) Adjust Roots 0.243ms
[157.561s][info][gc,phases,start] GC(366) Compaction Phase
[158.411s][info][gc,phases      ] GC(366) Compaction Phase 850.258ms
[158.411s][info][gc,phases,start] GC(366) Post Compact
[158.428s][info][gc,phases      ] GC(366) Post Compact 16.788ms
[158.428s][info][gc,heap        ] GC(366) PSYoungGen: 186699K(468992K)->186699K(468992K) Eden: 127999K(128000K)->127999K(128000K) From: 58699K(340992K)->58699K(340992K)
[158.428s][info][gc,heap        ] GC(366) ParOldGen: 11332432K(11332608K)->11332432K(11332608K)
[158.428s][info][gc,metaspace   ] GC(366) Metaspace: 6300K(6464K)->6300K(6464K) NonClass: 5767K(5824K)->5767K(5824K) Class: 533K(640K)->533K(640K)
[158.428s][info][gc             ] GC(366) Pause Full (Ergonomics) 11249M->11249M(11525M) 3585.157ms
[158.428s][info][gc,cpu         ] GC(366) User=27.86s Sys=0.00s Real=3.59s
[158.428s][info][gc,start       ] GC(367) Pause Full (Ergonomics)
[158.428s][info][gc,phases,start] GC(367) Marking Phase
[161.161s][info][gc,phases      ] GC(367) Marking Phase 2733.454ms
[161.162s][info][gc,phases,start] GC(367) Summary Phase
[161.162s][info][gc,phases      ] GC(367) Summary Phase 0.159ms
[161.162s][info][gc,phases,start] GC(367) Adjust Roots
[161.162s][info][gc,phases      ] GC(367) Adjust Roots 0.195ms
[161.162s][info][gc,phases,start] GC(367) Compaction Phase
[161.993s][info][gc,phases      ] GC(367) Compaction Phase 830.955ms
[161.993s][info][gc,phases,start] GC(367) Post Compact
[162.008s][info][gc,phases      ] GC(367) Post Compact 15.373ms
[162.008s][info][gc,heap        ] GC(367) PSYoungGen: 186699K(468992K)->186699K(468992K) Eden: 127999K(128000K)->127999K(128000K) From: 58699K(340992K)->58699K(340992K)
[162.008s][info][gc,heap        ] GC(367) ParOldGen: 11332436K(11332608K)->11332436K(11332608K)
[162.008s][info][gc,metaspace   ] GC(367) Metaspace: 6300K(6464K)->6300K(6464K) NonClass: 5767K(5824K)->5767K(5824K) Class: 533K(640K)->533K(640K)
[162.008s][info][gc             ] GC(367) Pause Full (Ergonomics) 11249M->11249M(11525M) 3580.481ms
[162.009s][info][gc,cpu         ] GC(367) User=27.80s Sys=0.00s Real=3.58s
[162.009s][info][gc,start       ] GC(368) Pause Full (Ergonomics)
[162.009s][info][gc,phases,start] GC(368) Marking Phase
[164.794s][info][gc,phases      ] GC(368) Marking Phase 2785.441ms
[164.794s][info][gc,phases,start] GC(368) Summary Phase
[164.794s][info][gc,phases      ] GC(368) Summary Phase 0.104ms
[164.794s][info][gc,phases,start] GC(368) Adjust Roots
[164.795s][info][gc,phases      ] GC(368) Adjust Roots 0.173ms
[164.795s][info][gc,phases,start] GC(368) Compaction Phase
[165.662s][info][gc,phases      ] GC(368) Compaction Phase 867.351ms
[165.662s][info][gc,phases,start] GC(368) Post Compact
[165.679s][info][gc,phases      ] GC(368) Post Compact 16.905ms
[165.679s][info][gc,heap        ] GC(368) PSYoungGen: 186699K(468992K)->186699K(468992K) Eden: 127999K(128000K)->127999K(128000K) From: 58699K(340992K)->58699K(340992K)
[165.679s][info][gc,heap        ] GC(368) ParOldGen: 11332441K(11332608K)->11332441K(11332608K)
[165.679s][info][gc,metaspace   ] GC(368) Metaspace: 6300K(6464K)->6300K(6464K) NonClass: 5767K(5824K)->5767K(5824K) Class: 533K(640K)->533K(640K)
[165.679s][info][gc             ] GC(368) Pause Full (Ergonomics) 11249M->11249M(11525M) 3670.325ms
[165.679s][info][gc,cpu         ] GC(368) User=28.22s Sys=0.00s Real=3.67s
[165.679s][info][gc,start       ] GC(369) Pause Full (Ergonomics)
[165.679s][info][gc,phases,start] GC(369) Marking Phase
[168.415s][info][gc,phases      ] GC(369) Marking Phase 2735.768ms
[168.415s][info][gc,phases,start] GC(369) Summary Phase
[168.415s][info][gc,phases      ] GC(369) Summary Phase 0.103ms
[168.415s][info][gc,phases,start] GC(369) Adjust Roots
[168.415s][info][gc,phases      ] GC(369) Adjust Roots 0.169ms
[168.415s][info][gc,phases,start] GC(369) Compaction Phase
[169.276s][info][gc,phases      ] GC(369) Compaction Phase 861.000ms
[169.276s][info][gc,phases,start] GC(369) Post Compact
[169.293s][info][gc,phases      ] GC(369) Post Compact 16.005ms
[169.293s][info][gc,heap        ] GC(369) PSYoungGen: 186699K(468992K)->186699K(468992K) Eden: 127999K(128000K)->127999K(128000K) From: 58699K(340992K)->58699K(340992K)
[169.293s][info][gc,heap        ] GC(369) ParOldGen: 11332446K(11332608K)->11332446K(11332608K)
[169.293s][info][gc,metaspace   ] GC(369) Metaspace: 6300K(6464K)->6300K(6464K) NonClass: 5767K(5824K)->5767K(5824K) Class: 533K(640K)->533K(640K)
[169.293s][info][gc             ] GC(369) Pause Full (Ergonomics) 11249M->11249M(11525M) 3613.371ms
[169.293s][info][gc,cpu         ] GC(369) User=27.69s Sys=0.02s Real=3.61s
[169.293s][info][gc,start       ] GC(370) Pause Full (Ergonomics)
[169.293s][info][gc,phases,start] GC(370) Marking Phase
[172.073s][info][gc,phases      ] GC(370) Marking Phase 2779.690ms
[172.073s][info][gc,phases,start] GC(370) Summary Phase
[172.073s][info][gc,phases      ] GC(370) Summary Phase 0.104ms
[172.073s][info][gc,phases,start] GC(370) Adjust Roots
[172.073s][info][gc,phases      ] GC(370) Adjust Roots 0.167ms
[172.073s][info][gc,phases,start] GC(370) Compaction Phase
[172.927s][info][gc,phases      ] GC(370) Compaction Phase 853.689ms
[172.927s][info][gc,phases,start] GC(370) Post Compact
[172.942s][info][gc,phases      ] GC(370) Post Compact 15.708ms
[172.942s][info][gc,heap        ] GC(370) PSYoungGen: 186699K(468992K)->186699K(468992K) Eden: 127999K(128000K)->127999K(128000K) From: 58699K(340992K)->58699K(340992K)
[172.943s][info][gc,heap        ] GC(370) ParOldGen: 11332451K(11332608K)->11332451K(11332608K)
[172.943s][info][gc,metaspace   ] GC(370) Metaspace: 6300K(6464K)->6300K(6464K) NonClass: 5767K(5824K)->5767K(5824K) Class: 533K(640K)->533K(640K)
[172.943s][info][gc             ] GC(370) Pause Full (Ergonomics) 11249M->11249M(11525M) 3649.707ms
[172.943s][info][gc,cpu         ] GC(370) User=28.36s Sys=0.00s Real=3.65s
[172.943s][info][gc,start       ] GC(371) Pause Full (Ergonomics)
[172.943s][info][gc,phases,start] GC(371) Marking Phase
[175.736s][info][gc,phases      ] GC(371) Marking Phase 2792.714ms
[175.736s][info][gc,phases,start] GC(371) Summary Phase
[175.736s][info][gc,phases      ] GC(371) Summary Phase 0.104ms
[175.736s][info][gc,phases,start] GC(371) Adjust Roots
[175.736s][info][gc,phases      ] GC(371) Adjust Roots 0.174ms
[175.736s][info][gc,phases,start] GC(371) Compaction Phase
[176.588s][info][gc,phases      ] GC(371) Compaction Phase 851.972ms
[176.588s][info][gc,phases,start] GC(371) Post Compact
[176.603s][info][gc,phases      ] GC(371) Post Compact 15.053ms
[176.603s][info][gc,heap        ] GC(371) PSYoungGen: 186699K(468992K)->186699K(468992K) Eden: 127999K(128000K)->127999K(128000K) From: 58699K(340992K)->58699K(340992K)
[176.603s][info][gc,heap        ] GC(371) ParOldGen: 11332456K(11332608K)->11332456K(11332608K)
[176.603s][info][gc,metaspace   ] GC(371) Metaspace: 6300K(6464K)->6300K(6464K) NonClass: 5767K(5824K)->5767K(5824K) Class: 533K(640K)->533K(640K)
[176.603s][info][gc             ] GC(371) Pause Full (Ergonomics) 11249M->11249M(11525M) 3660.350ms
[176.603s][info][gc,cpu         ] GC(371) User=28.16s Sys=0.00s Real=3.66s
[176.603s][info][gc,start       ] GC(372) Pause Full (Ergonomics)
[176.603s][info][gc,phases,start] GC(372) Marking Phase
[179.383s][info][gc,phases      ] GC(372) Marking Phase 2779.501ms
[179.383s][info][gc,phases,start] GC(372) Summary Phase
[179.383s][info][gc,phases      ] GC(372) Summary Phase 0.112ms
[179.383s][info][gc,phases,start] GC(372) Adjust Roots
[179.383s][info][gc,phases      ] GC(372) Adjust Roots 0.167ms
[179.383s][info][gc,phases,start] GC(372) Compaction Phase
[180.234s][info][gc,phases      ] GC(372) Compaction Phase 850.850ms
[180.234s][info][gc,phases,start] GC(372) Post Compact
[180.250s][info][gc,phases      ] GC(372) Post Compact 16.040ms
[180.250s][info][gc,heap        ] GC(372) PSYoungGen: 186699K(468992K)->186699K(468992K) Eden: 127999K(128000K)->127999K(128000K) From: 58699K(340992K)->58699K(340992K)
[180.250s][info][gc,heap        ] GC(372) ParOldGen: 11332461K(11332608K)->11332461K(11332608K)
[180.250s][info][gc,metaspace   ] GC(372) Metaspace: 6300K(6464K)->6300K(6464K) NonClass: 5767K(5824K)->5767K(5824K) Class: 533K(640K)->533K(640K)
[180.250s][info][gc             ] GC(372) Pause Full (Ergonomics) 11249M->11249M(11525M) 3647.039ms
[180.250s][info][gc,cpu         ] GC(372) User=28.22s Sys=0.00s Real=3.65s
[180.251s][info][gc,start       ] GC(373) Pause Full (Ergonomics)
[180.251s][info][gc,phases,start] GC(373) Marking Phase
[183.073s][info][gc,phases      ] GC(373) Marking Phase 2822.406ms
[183.073s][info][gc,phases,start] GC(373) Summary Phase
[183.073s][info][gc,phases      ] GC(373) Summary Phase 0.106ms
[183.073s][info][gc,phases,start] GC(373) Adjust Roots
[183.073s][info][gc,phases      ] GC(373) Adjust Roots 0.215ms
[183.073s][info][gc,phases,start] GC(373) Compaction Phase
[183.945s][info][gc,phases      ] GC(373) Compaction Phase 871.345ms
[183.945s][info][gc,phases,start] GC(373) Post Compact
[183.961s][info][gc,phases      ] GC(373) Post Compact 16.114ms
[183.961s][info][gc,heap        ] GC(373) PSYoungGen: 186699K(468992K)->186699K(468992K) Eden: 127999K(128000K)->127999K(128000K) From: 58699K(340992K)->58699K(340992K)
[183.961s][info][gc,heap        ] GC(373) ParOldGen: 11332465K(11332608K)->11332465K(11332608K)
[183.961s][info][gc,metaspace   ] GC(373) Metaspace: 6300K(6464K)->6300K(6464K) NonClass: 5767K(5824K)->5767K(5824K) Class: 533K(640K)->533K(640K)
[183.961s][info][gc             ] GC(373) Pause Full (Ergonomics) 11249M->11249M(11525M) 3710.557ms
[183.961s][info][gc,cpu         ] GC(373) User=28.80s Sys=0.00s Real=3.71s
[183.961s][info][gc,start       ] GC(374) Pause Full (Ergonomics)
[183.961s][info][gc,phases,start] GC(374) Marking Phase
[186.828s][info][gc,phases      ] GC(374) Marking Phase 2866.304ms
[186.828s][info][gc,phases,start] GC(374) Summary Phase
[186.828s][info][gc,phases      ] GC(374) Summary Phase 0.103ms
[186.828s][info][gc,phases,start] GC(374) Adjust Roots
[186.828s][info][gc,phases      ] GC(374) Adjust Roots 0.166ms
[186.828s][info][gc,phases,start] GC(374) Compaction Phase
[187.686s][info][gc,phases      ] GC(374) Compaction Phase 858.104ms
[187.686s][info][gc,phases,start] GC(374) Post Compact
[187.701s][info][gc,phases      ] GC(374) Post Compact 15.117ms
[187.701s][info][gc,heap        ] GC(374) PSYoungGen: 186699K(468992K)->186699K(468992K) Eden: 127999K(128000K)->127999K(128000K) From: 58699K(340992K)->58699K(340992K)
[187.701s][info][gc,heap        ] GC(374) ParOldGen: 11332470K(11332608K)->11332470K(11332608K)
[187.702s][info][gc,metaspace   ] GC(374) Metaspace: 6300K(6464K)->6300K(6464K) NonClass: 5767K(5824K)->5767K(5824K) Class: 533K(640K)->533K(640K)
[187.702s][info][gc             ] GC(374) Pause Full (Ergonomics) 11249M->11249M(11525M) 3740.155ms
[187.702s][info][gc,cpu         ] GC(374) User=29.03s Sys=0.00s Real=3.74s
[187.702s][info][gc,start       ] GC(375) Pause Full (Ergonomics)
[187.702s][info][gc,phases,start] GC(375) Marking Phase
[190.559s][info][gc,phases      ] GC(375) Marking Phase 2857.410ms
[190.559s][info][gc,phases,start] GC(375) Summary Phase
[190.559s][info][gc,phases      ] GC(375) Summary Phase 0.190ms
[190.560s][info][gc,phases,start] GC(375) Adjust Roots
[190.560s][info][gc,phases      ] GC(375) Adjust Roots 0.182ms
[190.560s][info][gc,phases,start] GC(375) Compaction Phase
[191.479s][info][gc,phases      ] GC(375) Compaction Phase 919.210ms
[191.479s][info][gc,phases,start] GC(375) Post Compact
[191.496s][info][gc,phases      ] GC(375) Post Compact 17.387ms
[191.496s][info][gc,heap        ] GC(375) PSYoungGen: 186699K(468992K)->186699K(468992K) Eden: 127999K(128000K)->127999K(128000K) From: 58699K(340992K)->58699K(340992K)
[191.497s][info][gc,heap        ] GC(375) ParOldGen: 11332475K(11332608K)->11332475K(11332608K)
[191.497s][info][gc,metaspace   ] GC(375) Metaspace: 6300K(6464K)->6300K(6464K) NonClass: 5767K(5824K)->5767K(5824K) Class: 533K(640K)->533K(640K)
[191.497s][info][gc             ] GC(375) Pause Full (Ergonomics) 11249M->11249M(11525M) 3794.787ms
[191.497s][info][gc,cpu         ] GC(375) User=29.08s Sys=0.02s Real=3.80s
[191.497s][info][gc,start       ] GC(376) Pause Full (Ergonomics)
[191.497s][info][gc,phases,start] GC(376) Marking Phase
[194.307s][info][gc,phases      ] GC(376) Marking Phase 2810.082ms
[194.307s][info][gc,phases,start] GC(376) Summary Phase
[194.307s][info][gc,phases      ] GC(376) Summary Phase 0.102ms
[194.307s][info][gc,phases,start] GC(376) Adjust Roots
[194.307s][info][gc,phases      ] GC(376) Adjust Roots 0.167ms
[194.307s][info][gc,phases,start] GC(376) Compaction Phase
[195.184s][info][gc,phases      ] GC(376) Compaction Phase 876.481ms
[195.184s][info][gc,phases,start] GC(376) Post Compact
[195.200s][info][gc,phases      ] GC(376) Post Compact 15.950ms
[195.200s][info][gc,heap        ] GC(376) PSYoungGen: 186699K(468992K)->186699K(468992K) Eden: 127999K(128000K)->127999K(128000K) From: 58699K(340992K)->58699K(340992K)
[195.200s][info][gc,heap        ] GC(376) ParOldGen: 11332480K(11332608K)->11332480K(11332608K)
[195.200s][info][gc,metaspace   ] GC(376) Metaspace: 6300K(6464K)->6300K(6464K) NonClass: 5767K(5824K)->5767K(5824K) Class: 533K(640K)->533K(640K)
[195.200s][info][gc             ] GC(376) Pause Full (Ergonomics) 11249M->11249M(11525M) 3703.164ms
[195.200s][info][gc,cpu         ] GC(376) User=28.62s Sys=0.00s Real=3.70s
[195.200s][info][gc,start       ] GC(377) Pause Full (Ergonomics)
[195.200s][info][gc,phases,start] GC(377) Marking Phase
[198.030s][info][gc,phases      ] GC(377) Marking Phase 2829.558ms
[198.030s][info][gc,phases,start] GC(377) Summary Phase
[198.030s][info][gc,phases      ] GC(377) Summary Phase 0.115ms
[198.030s][info][gc,phases,start] GC(377) Adjust Roots
[198.030s][info][gc,phases      ] GC(377) Adjust Roots 0.199ms
[198.030s][info][gc,phases,start] GC(377) Compaction Phase
[198.889s][info][gc,phases      ] GC(377) Compaction Phase 859.204ms
[198.889s][info][gc,phases,start] GC(377) Post Compact
[198.906s][info][gc,phases      ] GC(377) Post Compact 16.084ms
[198.906s][info][gc,heap        ] GC(377) PSYoungGen: 186699K(468992K)->186699K(468992K) Eden: 127999K(128000K)->127999K(128000K) From: 58699K(340992K)->58699K(340992K)
[198.906s][info][gc,heap        ] GC(377) ParOldGen: 11332485K(11332608K)->11332485K(11332608K)
[198.906s][info][gc,metaspace   ] GC(377) Metaspace: 6300K(6464K)->6300K(6464K) NonClass: 5767K(5824K)->5767K(5824K) Class: 533K(640K)->533K(640K)
[198.906s][info][gc             ] GC(377) Pause Full (Ergonomics) 11249M->11249M(11525M) 3705.492ms
[198.906s][info][gc,cpu         ] GC(377) User=28.70s Sys=0.02s Real=3.70s
[198.906s][info][gc,start       ] GC(378) Pause Full (Ergonomics)
[198.906s][info][gc,phases,start] GC(378) Marking Phase
[201.746s][info][gc,phases      ] GC(378) Marking Phase 2839.650ms
[201.746s][info][gc,phases,start] GC(378) Summary Phase
[201.746s][info][gc,phases      ] GC(378) Summary Phase 0.221ms
[201.746s][info][gc,phases,start] GC(378) Adjust Roots
[201.746s][info][gc,phases      ] GC(378) Adjust Roots 0.215ms
[201.746s][info][gc,phases,start] GC(378) Compaction Phase
[202.610s][info][gc,phases      ] GC(378) Compaction Phase 863.898ms
[202.610s][info][gc,phases,start] GC(378) Post Compact
[202.626s][info][gc,phases      ] GC(378) Post Compact 16.142ms
[202.626s][info][gc,heap        ] GC(378) PSYoungGen: 186699K(468992K)->186699K(468992K) Eden: 127999K(128000K)->127999K(128000K) From: 58699K(340992K)->58699K(340992K)
[202.626s][info][gc,heap        ] GC(378) ParOldGen: 11332490K(11332608K)->11332490K(11332608K)
[202.626s][info][gc,metaspace   ] GC(378) Metaspace: 6300K(6464K)->6300K(6464K) NonClass: 5767K(5824K)->5767K(5824K) Class: 533K(640K)->533K(640K)
[202.626s][info][gc             ] GC(378) Pause Full (Ergonomics) 11249M->11249M(11525M) 3720.480ms
[202.626s][info][gc,cpu         ] GC(378) User=28.86s Sys=0.02s Real=3.72s
[202.627s][info][gc,start       ] GC(379) Pause Full (Ergonomics)
[202.627s][info][gc,phases,start] GC(379) Marking Phase
[205.422s][info][gc,phases      ] GC(379) Marking Phase 2795.336ms
[205.422s][info][gc,phases,start] GC(379) Summary Phase
[205.422s][info][gc,phases      ] GC(379) Summary Phase 0.103ms
[205.422s][info][gc,phases,start] GC(379) Adjust Roots
[205.422s][info][gc,phases      ] GC(379) Adjust Roots 0.169ms
[205.422s][info][gc,phases,start] GC(379) Compaction Phase
[206.329s][info][gc,phases      ] GC(379) Compaction Phase 907.126ms
[206.330s][info][gc,phases,start] GC(379) Post Compact
[206.346s][info][gc,phases      ] GC(379) Post Compact 16.765ms
[206.346s][info][gc,heap        ] GC(379) PSYoungGen: 186699K(468992K)->186699K(468992K) Eden: 127999K(128000K)->127999K(128000K) From: 58699K(340992K)->58699K(340992K)
[206.346s][info][gc,heap        ] GC(379) ParOldGen: 11332494K(11332608K)->11332494K(11332608K)
[206.346s][info][gc,metaspace   ] GC(379) Metaspace: 6300K(6464K)->6300K(6464K) NonClass: 5767K(5824K)->5767K(5824K) Class: 533K(640K)->533K(640K)
[206.346s][info][gc             ] GC(379) Pause Full (Ergonomics) 11249M->11249M(11525M) 3719.857ms
[206.346s][info][gc,cpu         ] GC(379) User=28.58s Sys=0.00s Real=3.72s
[206.347s][info][gc,start       ] GC(380) Pause Full (Ergonomics)
[206.347s][info][gc,phases,start] GC(380) Marking Phase
[209.172s][info][gc,phases      ] GC(380) Marking Phase 2825.285ms
[209.172s][info][gc,phases,start] GC(380) Summary Phase
[209.172s][info][gc,phases      ] GC(380) Summary Phase 0.186ms
[209.172s][info][gc,phases,start] GC(380) Adjust Roots
[209.172s][info][gc,phases      ] GC(380) Adjust Roots 0.203ms
[209.172s][info][gc,phases,start] GC(380) Compaction Phase
[210.060s][info][gc,phases      ] GC(380) Compaction Phase 887.243ms
[210.060s][info][gc,phases,start] GC(380) Post Compact
[210.076s][info][gc,phases      ] GC(380) Post Compact 16.413ms
[210.076s][info][gc,heap        ] GC(380) PSYoungGen: 186699K(468992K)->186699K(468992K) Eden: 127999K(128000K)->127999K(128000K) From: 58699K(340992K)->58699K(340992K)
[210.076s][info][gc,heap        ] GC(380) ParOldGen: 11332499K(11332608K)->11332499K(11332608K)
[210.076s][info][gc,metaspace   ] GC(380) Metaspace: 6300K(6464K)->6300K(6464K) NonClass: 5767K(5824K)->5767K(5824K) Class: 533K(640K)->533K(640K)
[210.076s][info][gc             ] GC(380) Pause Full (Ergonomics) 11249M->11249M(11525M) 3729.707ms
[210.076s][info][gc,cpu         ] GC(380) User=28.78s Sys=0.00s Real=3.73s
[210.077s][info][gc,start       ] GC(381) Pause Full (Ergonomics)
[210.077s][info][gc,phases,start] GC(381) Marking Phase
[212.846s][info][gc,phases      ] GC(381) Marking Phase 2769.465ms
[212.846s][info][gc,phases,start] GC(381) Summary Phase
[212.846s][info][gc,phases      ] GC(381) Summary Phase 0.103ms
[212.846s][info][gc,phases,start] GC(381) Adjust Roots
[212.846s][info][gc,phases      ] GC(381) Adjust Roots 0.173ms
[212.846s][info][gc,phases,start] GC(381) Compaction Phase
[213.714s][info][gc,phases      ] GC(381) Compaction Phase 867.741ms
[213.714s][info][gc,phases,start] GC(381) Post Compact
[213.731s][info][gc,phases      ] GC(381) Post Compact 16.334ms
[213.731s][info][gc,heap        ] GC(381) PSYoungGen: 186699K(468992K)->186699K(468992K) Eden: 127999K(128000K)->127999K(128000K) From: 58699K(340992K)->58699K(340992K)
[213.731s][info][gc,heap        ] GC(381) ParOldGen: 11332504K(11332608K)->11332504K(11332608K)
[213.731s][info][gc,metaspace   ] GC(381) Metaspace: 6300K(6464K)->6300K(6464K) NonClass: 5767K(5824K)->5767K(5824K) Class: 533K(640K)->533K(640K)
[213.731s][info][gc             ] GC(381) Pause Full (Ergonomics) 11249M->11249M(11525M) 3654.190ms
[213.731s][info][gc,cpu         ] GC(381) User=28.20s Sys=0.00s Real=3.65s
[213.731s][info][gc,start       ] GC(382) Pause Full (Ergonomics)
[213.731s][info][gc,phases,start] GC(382) Marking Phase
[216.512s][info][gc,phases      ] GC(382) Marking Phase 2781.351ms
[216.512s][info][gc,phases,start] GC(382) Summary Phase
[216.512s][info][gc,phases      ] GC(382) Summary Phase 0.104ms
[216.513s][info][gc,phases,start] GC(382) Adjust Roots
[216.513s][info][gc,phases      ] GC(382) Adjust Roots 0.254ms
[216.513s][info][gc,phases,start] GC(382) Compaction Phase
[217.406s][info][gc,phases      ] GC(382) Compaction Phase 893.604ms
[217.406s][info][gc,phases,start] GC(382) Post Compact
[217.423s][info][gc,phases      ] GC(382) Post Compact 16.723ms
[217.423s][info][gc,heap        ] GC(382) PSYoungGen: 186699K(468992K)->186699K(468992K) Eden: 127999K(128000K)->127999K(128000K) From: 58699K(340992K)->58699K(340992K)
[217.423s][info][gc,heap        ] GC(382) ParOldGen: 11332509K(11332608K)->11332509K(11332608K)
[217.423s][info][gc,metaspace   ] GC(382) Metaspace: 6300K(6464K)->6300K(6464K) NonClass: 5767K(5824K)->5767K(5824K) Class: 533K(640K)->533K(640K)
[217.423s][info][gc             ] GC(382) Pause Full (Ergonomics) 11249M->11249M(11525M) 3692.385ms
[217.423s][info][gc,cpu         ] GC(382) User=28.47s Sys=0.00s Real=3.69s
[217.424s][info][gc,start       ] GC(383) Pause Full (Ergonomics)
[217.424s][info][gc,phases,start] GC(383) Marking Phase
[220.207s][info][gc,phases      ] GC(383) Marking Phase 2782.940ms
[220.207s][info][gc,phases,start] GC(383) Summary Phase
[220.207s][info][gc,phases      ] GC(383) Summary Phase 0.102ms
[220.207s][info][gc,phases,start] GC(383) Adjust Roots
[220.207s][info][gc,phases      ] GC(383) Adjust Roots 0.167ms
[220.207s][info][gc,phases,start] GC(383) Compaction Phase
[221.073s][info][gc,phases      ] GC(383) Compaction Phase 866.337ms
[221.073s][info][gc,phases,start] GC(383) Post Compact
[221.090s][info][gc,phases      ] GC(383) Post Compact 16.484ms
[221.090s][info][gc,heap        ] GC(383) PSYoungGen: 186699K(468992K)->186699K(468992K) Eden: 127999K(128000K)->127999K(128000K) From: 58699K(340992K)->58699K(340992K)
[221.090s][info][gc,heap        ] GC(383) ParOldGen: 11332514K(11332608K)->11332514K(11332608K)
[221.090s][info][gc,metaspace   ] GC(383) Metaspace: 6300K(6464K)->6300K(6464K) NonClass: 5767K(5824K)->5767K(5824K) Class: 533K(640K)->533K(640K)
[221.090s][info][gc             ] GC(383) Pause Full (Ergonomics) 11249M->11249M(11525M) 3666.379ms
[221.090s][info][gc,cpu         ] GC(383) User=28.19s Sys=0.03s Real=3.67s
[221.090s][info][gc,start       ] GC(384) Pause Full (Ergonomics)
[221.090s][info][gc,phases,start] GC(384) Marking Phase
[223.870s][info][gc,phases      ] GC(384) Marking Phase 2779.371ms
[223.870s][info][gc,phases,start] GC(384) Summary Phase
[223.870s][info][gc,phases      ] GC(384) Summary Phase 0.104ms
[223.870s][info][gc,phases,start] GC(384) Adjust Roots
[223.870s][info][gc,phases      ] GC(384) Adjust Roots 0.164ms
[223.870s][info][gc,phases,start] GC(384) Compaction Phase
[224.719s][info][gc,phases      ] GC(384) Compaction Phase 848.929ms
[224.719s][info][gc,phases,start] GC(384) Post Compact
[224.734s][info][gc,phases      ] GC(384) Post Compact 15.443ms
[224.735s][info][gc,heap        ] GC(384) PSYoungGen: 186699K(468992K)->186699K(468992K) Eden: 127999K(128000K)->127999K(128000K) From: 58699K(340992K)->58699K(340992K)
[224.735s][info][gc,heap        ] GC(384) ParOldGen: 11332519K(11332608K)->11332519K(11332608K)
[224.735s][info][gc,metaspace   ] GC(384) Metaspace: 6300K(6464K)->6300K(6464K) NonClass: 5767K(5824K)->5767K(5824K) Class: 533K(640K)->533K(640K)
[224.735s][info][gc             ] GC(384) Pause Full (Ergonomics) 11249M->11249M(11525M) 3644.464ms
[224.735s][info][gc,cpu         ] GC(384) User=28.28s Sys=0.02s Real=3.64s
[224.735s][info][gc,start       ] GC(385) Pause Full (Ergonomics)
[224.735s][info][gc,phases,start] GC(385) Marking Phase
[227.498s][info][gc,phases      ] GC(385) Marking Phase 2762.934ms
[227.498s][info][gc,phases,start] GC(385) Summary Phase
[227.498s][info][gc,phases      ] GC(385) Summary Phase 0.112ms
[227.498s][info][gc,phases,start] GC(385) Adjust Roots
[227.498s][info][gc,phases      ] GC(385) Adjust Roots 0.221ms
[227.498s][info][gc,phases,start] GC(385) Compaction Phase
[228.353s][info][gc,phases      ] GC(385) Compaction Phase 854.894ms
[228.353s][info][gc,phases,start] GC(385) Post Compact
[228.368s][info][gc,phases      ] GC(385) Post Compact 15.078ms
[228.368s][info][gc,heap        ] GC(385) PSYoungGen: 186699K(468992K)->186699K(468992K) Eden: 127999K(128000K)->127999K(128000K) From: 58699K(340992K)->58699K(340992K)
[228.368s][info][gc,heap        ] GC(385) ParOldGen: 11332523K(11332608K)->11332523K(11332608K)
[228.368s][info][gc,metaspace   ] GC(385) Metaspace: 6300K(6464K)->6300K(6464K) NonClass: 5767K(5824K)->5767K(5824K) Class: 533K(640K)->533K(640K)
[228.368s][info][gc             ] GC(385) Pause Full (Ergonomics) 11249M->11249M(11525M) 3633.579ms
[228.368s][info][gc,cpu         ] GC(385) User=28.27s Sys=0.03s Real=3.63s
[228.369s][info][gc,start       ] GC(386) Pause Full (Ergonomics)
[228.369s][info][gc,phases,start] GC(386) Marking Phase
[231.146s][info][gc,phases      ] GC(386) Marking Phase 2777.714ms
[231.147s][info][gc,phases,start] GC(386) Summary Phase
[231.147s][info][gc,phases      ] GC(386) Summary Phase 0.103ms
[231.147s][info][gc,phases,start] GC(386) Adjust Roots
[231.147s][info][gc,phases      ] GC(386) Adjust Roots 0.167ms
[231.147s][info][gc,phases,start] GC(386) Compaction Phase
[232.025s][info][gc,phases      ] GC(386) Compaction Phase 878.188ms
[232.025s][info][gc,phases,start] GC(386) Post Compact
[232.042s][info][gc,phases      ] GC(386) Post Compact 16.915ms
[232.042s][info][gc,heap        ] GC(386) PSYoungGen: 186699K(468992K)->186699K(468992K) Eden: 127999K(128000K)->127999K(128000K) From: 58699K(340992K)->58699K(340992K)
[232.042s][info][gc,heap        ] GC(386) ParOldGen: 11332528K(11332608K)->11332528K(11332608K)
[232.042s][info][gc,metaspace   ] GC(386) Metaspace: 6300K(6464K)->6300K(6464K) NonClass: 5767K(5824K)->5767K(5824K) Class: 533K(640K)->533K(640K)
[232.042s][info][gc             ] GC(386) Pause Full (Ergonomics) 11249M->11249M(11525M) 3673.450ms
[232.042s][info][gc,cpu         ] GC(386) User=28.25s Sys=0.00s Real=3.67s
[232.042s][info][gc,start       ] GC(387) Pause Full (Ergonomics)
[232.042s][info][gc,phases,start] GC(387) Marking Phase
[234.762s][info][gc,phases      ] GC(387) Marking Phase 2719.887ms
[234.762s][info][gc,phases,start] GC(387) Summary Phase
[234.762s][info][gc,phases      ] GC(387) Summary Phase 0.115ms
[234.762s][info][gc,phases,start] GC(387) Adjust Roots
[234.763s][info][gc,phases      ] GC(387) Adjust Roots 0.186ms
[234.763s][info][gc,phases,start] GC(387) Compaction Phase
[235.643s][info][gc,phases      ] GC(387) Compaction Phase 880.099ms
[235.643s][info][gc,phases,start] GC(387) Post Compact
[235.660s][info][gc,phases      ] GC(387) Post Compact 17.118ms
[235.660s][info][gc,heap        ] GC(387) PSYoungGen: 186699K(468992K)->186699K(468992K) Eden: 127999K(128000K)->127999K(128000K) From: 58699K(340992K)->58699K(340992K)
[235.660s][info][gc,heap        ] GC(387) ParOldGen: 11332533K(11332608K)->11332533K(11332608K)
[235.660s][info][gc,metaspace   ] GC(387) Metaspace: 6300K(6464K)->6300K(6464K) NonClass: 5767K(5824K)->5767K(5824K) Class: 533K(640K)->533K(640K)
[235.660s][info][gc             ] GC(387) Pause Full (Ergonomics) 11249M->11249M(11525M) 3617.802ms
[235.660s][info][gc,cpu         ] GC(387) User=27.81s Sys=0.00s Real=3.62s
[235.660s][info][gc,start       ] GC(388) Pause Full (Ergonomics)
[235.660s][info][gc,phases,start] GC(388) Marking Phase
[238.332s][info][gc,phases      ] GC(388) Marking Phase 2671.331ms
[238.332s][info][gc,phases,start] GC(388) Summary Phase
[238.332s][info][gc,phases      ] GC(388) Summary Phase 0.145ms
[238.332s][info][gc,phases,start] GC(388) Adjust Roots
[238.332s][info][gc,phases      ] GC(388) Adjust Roots 0.218ms
[238.332s][info][gc,phases,start] GC(388) Compaction Phase
[239.191s][info][gc,phases      ] GC(388) Compaction Phase 858.801ms
[239.191s][info][gc,phases,start] GC(388) Post Compact
[239.206s][info][gc,phases      ] GC(388) Post Compact 15.172ms
[239.206s][info][gc,heap        ] GC(388) PSYoungGen: 186699K(468992K)->186699K(468992K) Eden: 127999K(128000K)->127999K(128000K) From: 58699K(340992K)->58699K(340992K)
[239.206s][info][gc,heap        ] GC(388) ParOldGen: 11332538K(11332608K)->11332538K(11332608K)
[239.206s][info][gc,metaspace   ] GC(388) Metaspace: 6300K(6464K)->6300K(6464K) NonClass: 5767K(5824K)->5767K(5824K) Class: 533K(640K)->533K(640K)
[239.206s][info][gc             ] GC(388) Pause Full (Ergonomics) 11249M->11249M(11525M) 3546.014ms
[239.206s][info][gc,cpu         ] GC(388) User=27.38s Sys=0.00s Real=3.55s
[239.207s][info][gc,start       ] GC(389) Pause Full (Ergonomics)
[239.207s][info][gc,phases,start] GC(389) Marking Phase
[241.935s][info][gc,phases      ] GC(389) Marking Phase 2728.043ms
[241.935s][info][gc,phases,start] GC(389) Summary Phase
[241.935s][info][gc,phases      ] GC(389) Summary Phase 0.131ms
[241.935s][info][gc,phases,start] GC(389) Adjust Roots
[241.935s][info][gc,phases      ] GC(389) Adjust Roots 0.232ms
[241.935s][info][gc,phases,start] GC(389) Compaction Phase
[242.818s][info][gc,phases      ] GC(389) Compaction Phase 882.337ms
[242.818s][info][gc,phases,start] GC(389) Post Compact
[242.836s][info][gc,phases      ] GC(389) Post Compact 17.976ms
[242.836s][info][gc,heap        ] GC(389) PSYoungGen: 186699K(468992K)->186699K(468992K) Eden: 127999K(128000K)->127999K(128000K) From: 58699K(340992K)->58699K(340992K)
[242.836s][info][gc,heap        ] GC(389) ParOldGen: 11332543K(11332608K)->11332543K(11332608K)
[242.836s][info][gc,metaspace   ] GC(389) Metaspace: 6300K(6464K)->6300K(6464K) NonClass: 5767K(5824K)->5767K(5824K) Class: 533K(640K)->533K(640K)
[242.836s][info][gc             ] GC(389) Pause Full (Ergonomics) 11249M->11249M(11525M) 3629.086ms
[242.836s][info][gc,cpu         ] GC(389) User=27.84s Sys=0.00s Real=3.63s
[242.836s][info][gc,start       ] GC(390) Pause Full (Ergonomics)
[242.836s][info][gc,phases,start] GC(390) Marking Phase
[245.564s][info][gc,phases      ] GC(390) Marking Phase 2728.191ms
[245.564s][info][gc,phases,start] GC(390) Summary Phase
[245.564s][info][gc,phases      ] GC(390) Summary Phase 0.115ms
[245.564s][info][gc,phases,start] GC(390) Adjust Roots
[245.565s][info][gc,phases      ] GC(390) Adjust Roots 0.244ms
[245.565s][info][gc,phases,start] GC(390) Compaction Phase
[246.411s][info][gc,phases      ] GC(390) Compaction Phase 846.281ms
[246.411s][info][gc,phases,start] GC(390) Post Compact
[246.443s][info][gc,phases      ] GC(390) Post Compact 31.637ms
[246.443s][info][gc,heap        ] GC(390) PSYoungGen: 186699K(468992K)->186699K(468992K) Eden: 127999K(128000K)->127999K(128000K) From: 58699K(340992K)->58699K(340992K)
[246.443s][info][gc,heap        ] GC(390) ParOldGen: 11332548K(11332608K)->11332548K(11332608K)
[246.443s][info][gc,metaspace   ] GC(390) Metaspace: 6300K(6464K)->6300K(6464K) NonClass: 5767K(5824K)->5767K(5824K) Class: 533K(640K)->533K(640K)
[246.443s][info][gc             ] GC(390) Pause Full (Ergonomics) 11249M->11249M(11525M) 3606.916ms
[246.443s][info][gc,cpu         ] GC(390) User=27.73s Sys=0.03s Real=3.61s
[246.443s][info][gc,start       ] GC(391) Pause Full (Ergonomics)
[246.443s][info][gc,phases,start] GC(391) Marking Phase
[249.105s][info][gc,phases      ] GC(391) Marking Phase 2661.734ms
[249.105s][info][gc,phases,start] GC(391) Summary Phase
[249.105s][info][gc,phases      ] GC(391) Summary Phase 0.155ms
[249.105s][info][gc,phases,start] GC(391) Adjust Roots
[249.105s][info][gc,phases      ] GC(391) Adjust Roots 0.254ms
[249.106s][info][gc,phases,start] GC(391) Compaction Phase
[249.992s][info][gc,phases      ] GC(391) Compaction Phase 886.003ms
[249.992s][info][gc,phases,start] GC(391) Post Compact
[250.008s][info][gc,phases      ] GC(391) Post Compact 16.755ms
[250.008s][info][gc,heap        ] GC(391) PSYoungGen: 186699K(468992K)->186699K(468992K) Eden: 127999K(128000K)->127999K(128000K) From: 58699K(340992K)->58699K(340992K)
[250.008s][info][gc,heap        ] GC(391) ParOldGen: 11332552K(11332608K)->11332552K(11332608K)
[250.008s][info][gc,metaspace   ] GC(391) Metaspace: 6300K(6464K)->6300K(6464K) NonClass: 5767K(5824K)->5767K(5824K) Class: 533K(640K)->533K(640K)
[250.009s][info][gc             ] GC(391) Pause Full (Ergonomics) 11249M->11249M(11525M) 3565.324ms
[250.009s][info][gc,cpu         ] GC(391) User=27.33s Sys=0.00s Real=3.57s
[250.009s][info][gc,start       ] GC(392) Pause Full (Ergonomics)
[250.009s][info][gc,phases,start] GC(392) Marking Phase
[252.650s][info][gc,phases      ] GC(392) Marking Phase 2640.889ms
[252.650s][info][gc,phases,start] GC(392) Summary Phase
[252.650s][info][gc,phases      ] GC(392) Summary Phase 0.126ms
[252.650s][info][gc,phases,start] GC(392) Adjust Roots
[252.650s][info][gc,phases      ] GC(392) Adjust Roots 0.315ms
[252.650s][info][gc,phases,start] GC(392) Compaction Phase
[253.490s][info][gc,phases      ] GC(392) Compaction Phase 839.970ms
[253.490s][info][gc,phases,start] GC(392) Post Compact
[253.506s][info][gc,phases      ] GC(392) Post Compact 15.380ms
[253.506s][info][gc,heap        ] GC(392) PSYoungGen: 186699K(468992K)->186699K(468992K) Eden: 127999K(128000K)->127999K(128000K) From: 58699K(340992K)->58699K(340992K)
[253.506s][info][gc,heap        ] GC(392) ParOldGen: 11332557K(11332608K)->11332557K(11332608K)
[253.506s][info][gc,metaspace   ] GC(392) Metaspace: 6300K(6464K)->6300K(6464K) NonClass: 5767K(5824K)->5767K(5824K) Class: 533K(640K)->533K(640K)
[253.506s][info][gc             ] GC(392) Pause Full (Ergonomics) 11249M->11249M(11525M) 3497.024ms
[253.506s][info][gc,cpu         ] GC(392) User=26.91s Sys=0.00s Real=3.50s
[253.506s][info][gc,start       ] GC(393) Pause Full (Ergonomics)
[253.506s][info][gc,phases,start] GC(393) Marking Phase
[256.173s][info][gc,phases      ] GC(393) Marking Phase 2666.571ms
[256.173s][info][gc,phases,start] GC(393) Summary Phase
[256.173s][info][gc,phases      ] GC(393) Summary Phase 0.103ms
[256.173s][info][gc,phases,start] GC(393) Adjust Roots
[256.173s][info][gc,phases      ] GC(393) Adjust Roots 0.163ms
[256.173s][info][gc,phases,start] GC(393) Compaction Phase
[257.018s][info][gc,phases      ] GC(393) Compaction Phase 844.754ms
[257.018s][info][gc,phases,start] GC(393) Post Compact
[257.033s][info][gc,phases      ] GC(393) Post Compact 15.677ms
[257.034s][info][gc,heap        ] GC(393) PSYoungGen: 186699K(468992K)->186699K(468992K) Eden: 127999K(128000K)->127999K(128000K) From: 58699K(340992K)->58699K(340992K)
[257.034s][info][gc,heap        ] GC(393) ParOldGen: 11332562K(11332608K)->11332562K(11332608K)
[257.034s][info][gc,metaspace   ] GC(393) Metaspace: 6300K(6464K)->6300K(6464K) NonClass: 5767K(5824K)->5767K(5824K) Class: 533K(640K)->533K(640K)
[257.034s][info][gc             ] GC(393) Pause Full (Ergonomics) 11249M->11249M(11525M) 3527.623ms
[257.034s][info][gc,cpu         ] GC(393) User=27.05s Sys=0.00s Real=3.53s
[257.034s][info][gc,start       ] GC(394) Pause Full (Ergonomics)
[257.034s][info][gc,phases,start] GC(394) Marking Phase
[259.686s][info][gc,phases      ] GC(394) Marking Phase 2652.479ms
[259.686s][info][gc,phases,start] GC(394) Summary Phase
[259.686s][info][gc,phases      ] GC(394) Summary Phase 0.108ms
[259.686s][info][gc,phases,start] GC(394) Adjust Roots
[259.687s][info][gc,phases      ] GC(394) Adjust Roots 0.187ms
[259.687s][info][gc,phases,start] GC(394) Compaction Phase
[260.536s][info][gc,phases      ] GC(394) Compaction Phase 849.023ms
[260.536s][info][gc,phases,start] GC(394) Post Compact
[260.552s][info][gc,phases      ] GC(394) Post Compact 16.172ms
[260.552s][info][gc,heap        ] GC(394) PSYoungGen: 186699K(468992K)->186699K(468992K) Eden: 127999K(128000K)->127999K(128000K) From: 58699K(340992K)->58699K(340992K)
[260.552s][info][gc,heap        ] GC(394) ParOldGen: 11332567K(11332608K)->11332567K(11332608K)
[260.552s][info][gc,metaspace   ] GC(394) Metaspace: 6300K(6464K)->6300K(6464K) NonClass: 5767K(5824K)->5767K(5824K) Class: 533K(640K)->533K(640K)
[260.552s][info][gc             ] GC(394) Pause Full (Ergonomics) 11249M->11249M(11525M) 3518.312ms
[260.552s][info][gc,cpu         ] GC(394) User=27.14s Sys=0.00s Real=3.52s
[260.552s][info][gc,start       ] GC(395) Pause Full (Ergonomics)
[260.552s][info][gc,phases,start] GC(395) Marking Phase
[263.176s][info][gc,phases      ] GC(395) Marking Phase 2623.396ms
[263.176s][info][gc,phases,start] GC(395) Summary Phase
[263.176s][info][gc,phases      ] GC(395) Summary Phase 0.103ms
[263.176s][info][gc,phases,start] GC(395) Adjust Roots
[263.176s][info][gc,phases      ] GC(395) Adjust Roots 0.165ms
[263.176s][info][gc,phases,start] GC(395) Compaction Phase
[264.015s][info][gc,phases      ] GC(395) Compaction Phase 839.237ms
[264.015s][info][gc,phases,start] GC(395) Post Compact
[264.031s][info][gc,phases      ] GC(395) Post Compact 15.613ms
[264.031s][info][gc,heap        ] GC(395) PSYoungGen: 186699K(468992K)->186699K(468992K) Eden: 127999K(128000K)->127999K(128000K) From: 58699K(340992K)->58699K(340992K)
[264.031s][info][gc,heap        ] GC(395) ParOldGen: 11332572K(11332608K)->11332572K(11332608K)
[264.031s][info][gc,metaspace   ] GC(395) Metaspace: 6300K(6464K)->6300K(6464K) NonClass: 5767K(5824K)->5767K(5824K) Class: 533K(640K)->533K(640K)
[264.031s][info][gc             ] GC(395) Pause Full (Ergonomics) 11249M->11249M(11525M) 3478.855ms
[264.031s][info][gc,cpu         ] GC(395) User=26.83s Sys=0.02s Real=3.48s
[264.031s][info][gc,start       ] GC(396) Pause Full (Ergonomics)
[264.031s][info][gc,phases,start] GC(396) Marking Phase
[266.656s][info][gc,phases      ] GC(396) Marking Phase 2624.380ms
[266.656s][info][gc,phases,start] GC(396) Summary Phase
[266.656s][info][gc,phases      ] GC(396) Summary Phase 0.104ms
[266.656s][info][gc,phases,start] GC(396) Adjust Roots
[266.656s][info][gc,phases      ] GC(396) Adjust Roots 0.169ms
[266.656s][info][gc,phases,start] GC(396) Compaction Phase
[267.461s][info][gc,phases      ] GC(396) Compaction Phase 805.183ms
[267.461s][info][gc,phases,start] GC(396) Post Compact
[267.475s][info][gc,phases      ] GC(396) Post Compact 14.008ms
[267.476s][info][gc,heap        ] GC(396) PSYoungGen: 186699K(468992K)->186699K(468992K) Eden: 127999K(128000K)->127999K(128000K) From: 58699K(340992K)->58699K(340992K)
[267.476s][info][gc,heap        ] GC(396) ParOldGen: 11332577K(11332608K)->11332577K(11332608K)
[267.476s][info][gc,metaspace   ] GC(396) Metaspace: 6300K(6464K)->6300K(6464K) NonClass: 5767K(5824K)->5767K(5824K) Class: 533K(640K)->533K(640K)
[267.476s][info][gc             ] GC(396) Pause Full (Ergonomics) 11249M->11249M(11525M) 3444.168ms
[267.476s][info][gc,cpu         ] GC(396) User=26.83s Sys=0.00s Real=3.44s
[267.476s][info][gc,start       ] GC(397) Pause Full (Ergonomics)
[267.476s][info][gc,phases,start] GC(397) Marking Phase
[270.112s][info][gc,phases      ] GC(397) Marking Phase 2636.363ms
[270.112s][info][gc,phases,start] GC(397) Summary Phase
[270.112s][info][gc,phases      ] GC(397) Summary Phase 0.103ms
[270.112s][info][gc,phases,start] GC(397) Adjust Roots
[270.113s][info][gc,phases      ] GC(397) Adjust Roots 0.164ms
[270.113s][info][gc,phases,start] GC(397) Compaction Phase
[270.959s][info][gc,phases      ] GC(397) Compaction Phase 845.958ms
[270.959s][info][gc,phases,start] GC(397) Post Compact
[270.975s][info][gc,phases      ] GC(397) Post Compact 16.806ms
[270.976s][info][gc,heap        ] GC(397) PSYoungGen: 186699K(468992K)->186699K(468992K) Eden: 127999K(128000K)->127999K(128000K) From: 58699K(340992K)->58699K(340992K)
[270.976s][info][gc,heap        ] GC(397) ParOldGen: 11332581K(11332608K)->11332581K(11332608K)
[270.976s][info][gc,metaspace   ] GC(397) Metaspace: 6300K(6464K)->6300K(6464K) NonClass: 5767K(5824K)->5767K(5824K) Class: 533K(640K)->533K(640K)
[270.976s][info][gc             ] GC(397) Pause Full (Ergonomics) 11249M->11249M(11525M) 3499.787ms
[270.976s][info][gc,cpu         ] GC(397) User=26.73s Sys=0.02s Real=3.50s
[270.976s][info][gc,start       ] GC(398) Pause Full (Ergonomics)
[270.976s][info][gc,phases,start] GC(398) Marking Phase
[273.605s][info][gc,phases      ] GC(398) Marking Phase 2628.771ms
[273.605s][info][gc,phases,start] GC(398) Summary Phase
[273.605s][info][gc,phases      ] GC(398) Summary Phase 0.115ms
[273.605s][info][gc,phases,start] GC(398) Adjust Roots
[273.605s][info][gc,phases      ] GC(398) Adjust Roots 0.239ms
[273.605s][info][gc,phases,start] GC(398) Compaction Phase
[274.410s][info][gc,phases      ] GC(398) Compaction Phase 804.908ms
[274.410s][info][gc,phases,start] GC(398) Post Compact
[274.425s][info][gc,phases      ] GC(398) Post Compact 15.457ms
[274.426s][info][gc,heap        ] GC(398) PSYoungGen: 186699K(468992K)->186699K(468992K) Eden: 127999K(128000K)->127999K(128000K) From: 58699K(340992K)->58699K(340992K)
[274.426s][info][gc,heap        ] GC(398) ParOldGen: 11332586K(11332608K)->11332586K(11332608K)
[274.426s][info][gc,metaspace   ] GC(398) Metaspace: 6300K(6464K)->6300K(6464K) NonClass: 5767K(5824K)->5767K(5824K) Class: 533K(640K)->533K(640K)
[274.426s][info][gc             ] GC(398) Pause Full (Ergonomics) 11249M->11249M(11525M) 3449.816ms
[274.426s][info][gc,cpu         ] GC(398) User=26.59s Sys=0.00s Real=3.45s
[274.426s][info][gc,start       ] GC(399) Pause Full (Ergonomics)
[274.426s][info][gc,phases,start] GC(399) Marking Phase
[277.103s][info][gc,phases      ] GC(399) Marking Phase 2677.283ms
[277.103s][info][gc,phases,start] GC(399) Summary Phase
[277.103s][info][gc,phases      ] GC(399) Summary Phase 0.161ms
[277.103s][info][gc,phases,start] GC(399) Adjust Roots
[277.104s][info][gc,phases      ] GC(399) Adjust Roots 0.342ms
[277.104s][info][gc,phases,start] GC(399) Compaction Phase
[277.927s][info][gc,phases      ] GC(399) Compaction Phase 823.382ms
[277.927s][info][gc,phases,start] GC(399) Post Compact
[277.949s][info][gc,phases      ] GC(399) Post Compact 21.412ms
[277.949s][info][gc,heap        ] GC(399) PSYoungGen: 186699K(468992K)->186699K(468992K) Eden: 127999K(128000K)->127999K(128000K) From: 58699K(340992K)->58699K(340992K)
[277.949s][info][gc,heap        ] GC(399) ParOldGen: 11332591K(11332608K)->11332591K(11332608K)
[277.949s][info][gc,metaspace   ] GC(399) Metaspace: 6300K(6464K)->6300K(6464K) NonClass: 5767K(5824K)->5767K(5824K) Class: 533K(640K)->533K(640K)
[277.949s][info][gc             ] GC(399) Pause Full (Ergonomics) 11249M->11249M(11525M) 3523.102ms
[277.949s][info][gc,cpu         ] GC(399) User=26.58s Sys=0.02s Real=3.52s
[277.949s][info][gc,start       ] GC(400) Pause Full (Ergonomics)
[277.949s][info][gc,phases,start] GC(400) Marking Phase
[280.852s][info][gc,phases      ] GC(400) Marking Phase 2902.602ms
[280.852s][info][gc,phases,start] GC(400) Summary Phase
[280.852s][info][gc,phases      ] GC(400) Summary Phase 0.205ms
[280.852s][info][gc,phases,start] GC(400) Adjust Roots
[280.853s][info][gc,phases      ] GC(400) Adjust Roots 0.537ms
[280.853s][info][gc,phases,start] GC(400) Compaction Phase
[281.886s][info][gc,phases      ] GC(400) Compaction Phase 1033.703ms
[281.887s][info][gc,phases,start] GC(400) Post Compact
[281.908s][info][gc,phases      ] GC(400) Post Compact 21.011ms
[281.908s][info][gc,heap        ] GC(400) PSYoungGen: 186699K(468992K)->186699K(468992K) Eden: 127999K(128000K)->127999K(128000K) From: 58699K(340992K)->58699K(340992K)
[281.908s][info][gc,heap        ] GC(400) ParOldGen: 11332596K(11332608K)->11332596K(11332608K)
[281.908s][info][gc,metaspace   ] GC(400) Metaspace: 6300K(6464K)->6300K(6464K) NonClass: 5767K(5824K)->5767K(5824K) Class: 533K(640K)->533K(640K)
[281.908s][info][gc             ] GC(400) Pause Full (Ergonomics) 11249M->11249M(11525M) 3958.592ms
[281.908s][info][gc,cpu         ] GC(400) User=26.09s Sys=0.00s Real=3.96s
[281.908s][info][gc,start       ] GC(401) Pause Full (Ergonomics)
[281.908s][info][gc,phases,start] GC(401) Marking Phase
[284.719s][info][gc,phases      ] GC(401) Marking Phase 2811.334ms
[284.719s][info][gc,phases,start] GC(401) Summary Phase
[284.720s][info][gc,phases      ] GC(401) Summary Phase 0.287ms
[284.720s][info][gc,phases,start] GC(401) Adjust Roots
[284.720s][info][gc,phases      ] GC(401) Adjust Roots 0.321ms
[284.720s][info][gc,phases,start] GC(401) Compaction Phase
[285.601s][info][gc,phases      ] GC(401) Compaction Phase 881.329ms
[285.602s][info][gc,phases,start] GC(401) Post Compact
[285.622s][info][gc,phases      ] GC(401) Post Compact 20.583ms
[285.622s][info][gc,heap        ] GC(401) PSYoungGen: 186699K(468992K)->186699K(468992K) Eden: 127999K(128000K)->127999K(128000K) From: 58699K(340992K)->58699K(340992K)
[285.622s][info][gc,heap        ] GC(401) ParOldGen: 11332601K(11332608K)->11332601K(11332608K)
[285.622s][info][gc,metaspace   ] GC(401) Metaspace: 6300K(6464K)->6300K(6464K) NonClass: 5767K(5824K)->5767K(5824K) Class: 533K(640K)->533K(640K)
[285.622s][info][gc             ] GC(401) Pause Full (Ergonomics) 11249M->11249M(11525M) 3714.284ms
[285.622s][info][gc,cpu         ] GC(401) User=25.84s Sys=0.03s Real=3.71s
[285.622s][info][gc,start       ] GC(402) Pause Full (Ergonomics)
[285.622s][info][gc,phases,start] GC(402) Marking Phase
[288.322s][info][gc,phases      ] GC(402) Marking Phase 2699.263ms
[288.322s][info][gc,phases,start] GC(402) Summary Phase
[288.322s][info][gc,phases      ] GC(402) Summary Phase 0.195ms
[288.322s][info][gc,phases,start] GC(402) Adjust Roots
[288.322s][info][gc,phases      ] GC(402) Adjust Roots 0.370ms
[288.322s][info][gc,phases,start] GC(402) Compaction Phase
[289.137s][info][gc,phases      ] GC(402) Compaction Phase 814.753ms
[289.137s][info][gc,phases,start] GC(402) Post Compact
[289.157s][info][gc,phases      ] GC(402) Post Compact 19.723ms
[289.157s][info][gc,heap        ] GC(402) PSYoungGen: 186699K(468992K)->186699K(468992K) Eden: 127999K(128000K)->127999K(128000K) From: 58699K(340992K)->58699K(340992K)
[289.157s][info][gc,heap        ] GC(402) ParOldGen: 11332606K(11332608K)->11332606K(11332608K)
[289.157s][info][gc,metaspace   ] GC(402) Metaspace: 6300K(6464K)->6300K(6464K) NonClass: 5767K(5824K)->5767K(5824K) Class: 533K(640K)->533K(640K)
[289.157s][info][gc             ] GC(402) Pause Full (Ergonomics) 11249M->11249M(11525M) 3534.774ms
[289.157s][info][gc,cpu         ] GC(402) User=26.19s Sys=0.02s Real=3.54s
[289.157s][info][gc,start       ] GC(403) Pause Full (Ergonomics)
[289.157s][info][gc,phases,start] GC(403) Marking Phase
[291.808s][info][gc,phases      ] GC(403) Marking Phase 2650.749ms
[291.808s][info][gc,phases,start] GC(403) Summary Phase
[291.809s][info][gc,phases      ] GC(403) Summary Phase 0.261ms
[291.809s][info][gc,phases,start] GC(403) Adjust Roots
[291.809s][info][gc,phases      ] GC(403) Adjust Roots 0.370ms
[291.809s][info][gc,phases,start] GC(403) Compaction Phase
[292.646s][info][gc,phases      ] GC(403) Compaction Phase 836.547ms
[292.646s][info][gc,phases,start] GC(403) Post Compact
[292.666s][info][gc,phases      ] GC(403) Post Compact 20.606ms
[292.666s][info][gc,heap        ] GC(403) PSYoungGen: 186699K(468992K)->186699K(468992K) Eden: 127999K(128000K)->127999K(128000K) From: 58699K(340992K)->58699K(340992K)
[292.666s][info][gc,heap        ] GC(403) ParOldGen: 11332607K(11332608K)->11332607K(11332608K)
[292.667s][info][gc,metaspace   ] GC(403) Metaspace: 6300K(6464K)->6300K(6464K) NonClass: 5767K(5824K)->5767K(5824K) Class: 533K(640K)->533K(640K)
[292.667s][info][gc             ] GC(403) Pause Full (Ergonomics) 11249M->11249M(11525M) 3509.128ms
[292.667s][info][gc,cpu         ] GC(403) User=26.69s Sys=0.00s Real=3.51s
[292.667s][info][gc,start       ] GC(404) Pause Full (Allocation Failure)
[292.667s][info][gc,phases,start] GC(404) Marking Phase
[295.276s][info][gc,phases      ] GC(404) Marking Phase 2608.965ms
[295.276s][info][gc,phases,start] GC(404) Summary Phase
[295.276s][info][gc,phases      ] GC(404) Summary Phase 0.105ms
[295.276s][info][gc,phases,start] GC(404) Adjust Roots
[295.276s][info][gc,phases      ] GC(404) Adjust Roots 0.378ms
[295.276s][info][gc,phases,start] GC(404) Compaction Phase
[298.100s][info][gc,phases      ] GC(404) Compaction Phase 2823.363ms
[298.100s][info][gc,phases,start] GC(404) Post Compact
[298.119s][info][gc,phases      ] GC(404) Post Compact 19.233ms
[298.119s][info][gc,heap        ] GC(404) PSYoungGen: 186699K(468992K)->186699K(468992K) Eden: 127999K(128000K)->127999K(128000K) From: 58699K(340992K)->58699K(340992K)
[298.119s][info][gc,heap        ] GC(404) ParOldGen: 11332607K(11332608K)->11332603K(11332608K)
[298.119s][info][gc,metaspace   ] GC(404) Metaspace: 6300K(6464K)->6298K(6464K) NonClass: 5767K(5824K)->5765K(5824K) Class: 533K(640K)->532K(640K)
[298.119s][info][gc             ] GC(404) Pause Full (Allocation Failure) 11249M->11249M(11525M) 5452.464ms
[298.119s][info][gc,cpu         ] GC(404) User=40.62s Sys=0.02s Real=5.45s
[298.120s][info][gc,start       ] GC(405) Pause Full (Ergonomics)
[298.120s][info][gc,phases,start] GC(405) Marking Phase
[300.698s][info][gc,phases      ] GC(405) Marking Phase 2578.737ms
[300.698s][info][gc,phases,start] GC(405) Summary Phase
[300.699s][info][gc,phases      ] GC(405) Summary Phase 0.114ms
[300.699s][info][gc,phases,start] GC(405) Adjust Roots
[300.699s][info][gc,phases      ] GC(405) Adjust Roots 0.200ms
[300.699s][info][gc,phases,start] GC(405) Compaction Phase
[301.450s][info][gc,phases      ] GC(405) Compaction Phase 751.159ms
[301.450s][info][gc,phases,start] GC(405) Post Compact
[301.464s][info][gc,phases      ] GC(405) Post Compact 14.280ms
[301.464s][info][gc,heap        ] GC(405) PSYoungGen: 186699K(468992K)->186699K(468992K) Eden: 127999K(128000K)->127999K(128000K) From: 58699K(340992K)->58699K(340992K)
[301.464s][info][gc,heap        ] GC(405) ParOldGen: 11332606K(11332608K)->11332606K(11332608K)
[301.464s][info][gc,metaspace   ] GC(405) Metaspace: 6298K(6464K)->6298K(6464K) NonClass: 5765K(5824K)->5765K(5824K) Class: 532K(640K)->532K(640K)
[301.464s][info][gc             ] GC(405) Pause Full (Ergonomics) 11249M->11249M(11525M) 3344.842ms
[301.464s][info][gc,cpu         ] GC(405) User=25.86s Sys=0.02s Real=3.35s
[301.465s][info][gc,start       ] GC(406) Pause Full (Ergonomics)
[301.465s][info][gc,phases,start] GC(406) Marking Phase
[304.052s][info][gc,phases      ] GC(406) Marking Phase 2587.483ms
[304.052s][info][gc,phases,start] GC(406) Summary Phase
[304.053s][info][gc,phases      ] GC(406) Summary Phase 0.171ms
[304.053s][info][gc,phases,start] GC(406) Adjust Roots
[304.053s][info][gc,phases      ] GC(406) Adjust Roots 0.251ms
[304.053s][info][gc,phases,start] GC(406) Compaction Phase
[304.857s][info][gc,phases      ] GC(406) Compaction Phase 804.316ms
[304.857s][info][gc,phases,start] GC(406) Post Compact
[304.873s][info][gc,phases      ] GC(406) Post Compact 15.865ms
[304.873s][info][gc,heap        ] GC(406) PSYoungGen: 186699K(468992K)->186699K(468992K) Eden: 127999K(128000K)->127999K(128000K) From: 58699K(340992K)->58699K(340992K)
[304.873s][info][gc,heap        ] GC(406) ParOldGen: 11332607K(11332608K)->11332607K(11332608K)
[304.873s][info][gc,metaspace   ] GC(406) Metaspace: 6298K(6464K)->6298K(6464K) NonClass: 5765K(5824K)->5765K(5824K) Class: 532K(640K)->532K(640K)
[304.873s][info][gc             ] GC(406) Pause Full (Ergonomics) 11249M->11249M(11525M) 3408.476ms
[304.873s][info][gc,cpu         ] GC(406) User=26.22s Sys=0.00s Real=3.41s
[304.873s][info][gc,start       ] GC(407) Pause Full (Allocation Failure)
[304.873s][info][gc,phases,start] GC(407) Marking Phase
[307.469s][info][gc,phases      ] GC(407) Marking Phase 2596.020ms
[307.470s][info][gc,phases,start] GC(407) Summary Phase
[307.470s][info][gc,phases      ] GC(407) Summary Phase 0.104ms
[307.470s][info][gc,phases,start] GC(407) Adjust Roots
[307.470s][info][gc,phases      ] GC(407) Adjust Roots 0.161ms
[307.470s][info][gc,phases,start] GC(407) Compaction Phase
[308.258s][info][gc,phases      ] GC(407) Compaction Phase 788.339ms
[308.258s][info][gc,phases,start] GC(407) Post Compact
[308.274s][info][gc,phases      ] GC(407) Post Compact 16.125ms
[308.274s][info][gc,heap        ] GC(407) PSYoungGen: 186699K(468992K)->186699K(468992K) Eden: 127999K(128000K)->127999K(128000K) From: 58699K(340992K)->58699K(340992K)
[308.274s][info][gc,heap        ] GC(407) ParOldGen: 11332607K(11332608K)->11332607K(11332608K)
[308.274s][info][gc,metaspace   ] GC(407) Metaspace: 6298K(6464K)->6298K(6464K) NonClass: 5765K(5824K)->5765K(5824K) Class: 532K(640K)->532K(640K)
[308.274s][info][gc             ] GC(407) Pause Full (Allocation Failure) 11249M->11249M(11525M) 3401.073ms
[308.275s][info][gc,cpu         ] GC(407) User=26.17s Sys=0.03s Real=3.40s
[308.275s][info][gc,start       ] GC(408) Pause Full (Ergonomics)
[308.275s][info][gc,phases,start] GC(408) Marking Phase
[310.882s][info][gc,phases      ] GC(408) Marking Phase 2607.300ms
[310.882s][info][gc,phases,start] GC(408) Summary Phase
[310.883s][info][gc,phases      ] GC(408) Summary Phase 0.164ms
[310.883s][info][gc,phases,start] GC(408) Adjust Roots
[310.883s][info][gc,phases      ] GC(408) Adjust Roots 0.351ms
[310.883s][info][gc,phases,start] GC(408) Compaction Phase
[313.742s][info][gc,phases      ] GC(408) Compaction Phase 2859.342ms
[313.742s][info][gc,phases,start] GC(408) Post Compact
[313.759s][info][gc,phases      ] GC(408) Post Compact 16.989ms
[313.759s][info][gc,heap        ] GC(408) PSYoungGen: 186699K(468992K)->186699K(468992K) Eden: 127999K(128000K)->127999K(128000K) From: 58699K(340992K)->58699K(340992K)
[313.759s][info][gc,heap        ] GC(408) ParOldGen: 11332608K(11332608K)->11332606K(11332608K)
[313.759s][info][gc,metaspace   ] GC(408) Metaspace: 6298K(6464K)->6298K(6464K) NonClass: 5765K(5824K)->5765K(5824K) Class: 532K(640K)->532K(640K)
[313.760s][info][gc             ] GC(408) Pause Full (Ergonomics) 11249M->11249M(11525M) 5484.565ms
[313.760s][info][gc,cpu         ] GC(408) User=41.25s Sys=0.05s Real=5.48s
[313.761s][info][gc,start       ] GC(409) Pause Full (Ergonomics)
[313.761s][info][gc,phases,start] GC(409) Marking Phase
[316.347s][info][gc,phases      ] GC(409) Marking Phase 2585.806ms
[316.347s][info][gc,phases,start] GC(409) Summary Phase
[316.347s][info][gc,phases      ] GC(409) Summary Phase 0.184ms
[316.347s][info][gc,phases,start] GC(409) Adjust Roots
[316.347s][info][gc,phases      ] GC(409) Adjust Roots 0.262ms
[316.347s][info][gc,phases,start] GC(409) Compaction Phase
[319.235s][info][gc,phases      ] GC(409) Compaction Phase 2887.656ms
[319.235s][info][gc,phases,start] GC(409) Post Compact
[319.254s][info][gc,phases      ] GC(409) Post Compact 18.886ms
[319.254s][info][gc,heap        ] GC(409) PSYoungGen: 186699K(468992K)->186699K(468992K) Eden: 127999K(128000K)->127999K(128000K) From: 58699K(340992K)->58699K(340992K)
[319.254s][info][gc,heap        ] GC(409) ParOldGen: 11332607K(11332608K)->11332605K(11332608K)
[319.254s][info][gc,metaspace   ] GC(409) Metaspace: 6300K(6464K)->6300K(6464K) NonClass: 5766K(5824K)->5766K(5824K) Class: 533K(640K)->533K(640K)
[319.254s][info][gc             ] GC(409) Pause Full (Ergonomics) 11249M->11249M(11525M) 5493.194ms
[319.254s][info][gc,cpu         ] GC(409) User=41.08s Sys=0.05s Real=5.49s
[319.254s][info][gc,heap,exit   ] Heap
[319.254s][info][gc,heap,exit   ]  PSYoungGen      total 468992K, used 186699K [0x00000006a6300000, 0x00000006d9f80000, 0x0000000800000000)
[319.255s][info][gc,heap,exit   ]   eden space 128000K, 99% used [0x00000006a6300000,0x00000006adfffff8,0x00000006ae000000)
[319.255s][info][gc,heap,exit   ]   from space 340992K, 17% used [0x00000006ae000000,0x00000006b1952fd8,0x00000006c2d00000)
[319.255s][info][gc,heap,exit   ]   to   space 353280K, 0% used [0x00000006c4680000,0x00000006c4680000,0x00000006d9f80000)
[319.255s][info][gc,heap,exit   ]  ParOldGen       total 11332608K, used 11332605K [0x00000003f2800000, 0x00000006a6300000, 0x00000006a6300000)
[319.255s][info][gc,heap,exit   ]   object space 11332608K, 99% used [0x00000003f2800000,0x00000006a62ff798,0x00000006a6300000)
[319.255s][info][gc,heap,exit   ]  Metaspace       used 6303K, committed 6528K, reserved 1114112K
[319.255s][info][gc,heap,exit   ]   class space    used 534K, committed 640K, reserved 1048576K
