[0.013s][info][gc,init] CardTable entry size: 512
[0.013s][info][gc     ] Using Parallel
[0.014s][info][gc,init] Version: 18.0.1+10 (release)
[0.014s][info][gc,init] CPUs: 8 total, 8 available
[0.014s][info][gc,init] Memory: 16063M
[0.014s][info][gc,init] Large Page Support: Disabled
[0.014s][info][gc,init] NUMA Support: Disabled
[0.014s][info][gc,init] Compressed Oops: Enabled (Zero based)
[0.014s][info][gc,init] Alignments: Space 512K, Generation 512K, Heap 2M
[0.014s][info][gc,init] Heap Min Capacity: 2M
[0.014s][info][gc,init] Heap Initial Capacity: 2M
[0.014s][info][gc,init] Heap Max Capacity: 10800M
[0.014s][info][gc,init] Pre-touch: Disabled
[0.014s][info][gc,init] Parallel Workers: 8
[0.015s][info][gc,metaspace] CDS archive(s) not mapped
[0.015s][info][gc,metaspace] Compressed class space mapped at: 0x0000000800000000-0x0000000840000000, reserved size: 1073741824
[0.015s][info][gc,metaspace] Narrow klass base: 0x0000000800000000, Narrow klass shift: 0, Narrow klass range: 0x40000000
[0.115s][info][gc,start    ] GC(0) Pause Young (Allocation Failure)
[0.116s][info][gc,heap     ] GC(0) PSYoungGen: 512K(1024K)->480K(1024K) Eden: 512K(512K)->0K(512K) From: 0K(512K)->480K(512K)
[0.116s][info][gc,heap     ] GC(0) ParOldGen: 0K(512K)->8K(512K)
[0.116s][info][gc,metaspace] GC(0) Metaspace: 4229K(4352K)->4229K(4352K) NonClass: 3908K(3968K)->3908K(3968K) Class: 321K(384K)->321K(384K)
[0.116s][info][gc          ] GC(0) Pause Young (Allocation Failure) 0M->0M(1M) 1.387ms
[0.116s][info][gc,cpu      ] GC(0) User=0.00s Sys=0.00s Real=0.00s
[0.177s][info][gc,start    ] GC(1) Pause Young (Allocation Failure)
[0.178s][info][gc,heap     ] GC(1) PSYoungGen: 991K(1024K)->512K(1536K) Eden: 511K(512K)->0K(1024K) From: 480K(512K)->512K(512K)
[0.178s][info][gc,heap     ] GC(1) ParOldGen: 8K(512K)->92K(512K)
[0.178s][info][gc,metaspace] GC(1) Metaspace: 5877K(5952K)->5877K(5952K) NonClass: 5380K(5440K)->5380K(5440K) Class: 496K(512K)->496K(512K)
[0.178s][info][gc          ] GC(1) Pause Young (Allocation Failure) 0M->0M(2M) 0.878ms
[0.178s][info][gc,cpu      ] GC(1) User=0.00s Sys=0.00s Real=0.00s
[0.200s][info][gc,start    ] GC(2) Pause Young (Allocation Failure)
[0.201s][info][gc,heap     ] GC(2) PSYoungGen: 1536K(1536K)->512K(1536K) Eden: 1024K(1024K)->0K(1024K) From: 512K(512K)->512K(512K)
[0.201s][info][gc,heap     ] GC(2) ParOldGen: 92K(512K)->508K(512K)
[0.201s][info][gc,metaspace] GC(2) Metaspace: 6296K(6464K)->6296K(6464K) NonClass: 5762K(5824K)->5762K(5824K) Class: 533K(640K)->533K(640K)
[0.201s][info][gc          ] GC(2) Pause Young (Allocation Failure) 1M->0M(2M) 1.342ms
[0.201s][info][gc,cpu      ] GC(2) User=0.00s Sys=0.00s Real=0.00s
[0.201s][info][gc,start    ] GC(3) Pause Full (Ergonomics)
[0.201s][info][gc,phases,start] GC(3) Marking Phase
[0.202s][info][gc,phases      ] GC(3) Marking Phase 1.132ms
[0.202s][info][gc,phases,start] GC(3) Summary Phase
[0.202s][info][gc,phases      ] GC(3) Summary Phase 0.018ms
[0.202s][info][gc,phases,start] GC(3) Adjust Roots
[0.203s][info][gc,phases      ] GC(3) Adjust Roots 0.353ms
[0.203s][info][gc,phases,start] GC(3) Compaction Phase
[0.204s][info][gc,phases      ] GC(3) Compaction Phase 1.465ms
[0.204s][info][gc,phases,start] GC(3) Post Compact
[0.204s][info][gc,phases      ] GC(3) Post Compact 0.076ms
[0.204s][info][gc,heap        ] GC(3) PSYoungGen: 512K(1536K)->500K(1536K) Eden: 0K(1024K)->0K(1024K) From: 512K(512K)->500K(512K)
[0.204s][info][gc,heap        ] GC(3) ParOldGen: 508K(512K)->479K(2048K)
[0.204s][info][gc,metaspace   ] GC(3) Metaspace: 6296K(6464K)->6296K(6464K) NonClass: 5762K(5824K)->5762K(5824K) Class: 533K(640K)->533K(640K)
[0.204s][info][gc             ] GC(3) Pause Full (Ergonomics) 0M->0M(3M) 3.318ms
[0.204s][info][gc,cpu         ] GC(3) User=0.00s Sys=0.00s Real=0.00s
[0.206s][info][gc,start       ] GC(4) Pause Young (Allocation Failure)
[0.207s][info][gc,heap        ] GC(4) PSYoungGen: 1524K(1536K)->480K(2560K) Eden: 1024K(1024K)->0K(2048K) From: 500K(512K)->480K(512K)
[0.207s][info][gc,heap        ] GC(4) ParOldGen: 479K(2048K)->1032K(2048K)
[0.207s][info][gc,metaspace   ] GC(4) Metaspace: 6296K(6464K)->6296K(6464K) NonClass: 5762K(5824K)->5762K(5824K) Class: 533K(640K)->533K(640K)
[0.207s][info][gc             ] GC(4) Pause Young (Allocation Failure) 1M->1M(4M) 1.323ms
[0.207s][info][gc,cpu         ] GC(4) User=0.00s Sys=0.00s Real=0.00s
[0.210s][info][gc,start       ] GC(5) Pause Young (Allocation Failure)
[0.212s][info][gc,heap        ] GC(5) PSYoungGen: 2528K(2560K)->480K(2560K) Eden: 2048K(2048K)->0K(2048K) From: 480K(512K)->480K(512K)
[0.212s][info][gc,heap        ] GC(5) ParOldGen: 1032K(2048K)->2096K(2560K)
[0.212s][info][gc,metaspace   ] GC(5) Metaspace: 6296K(6464K)->6296K(6464K) NonClass: 5762K(5824K)->5762K(5824K) Class: 533K(640K)->533K(640K)
[0.212s][info][gc             ] GC(5) Pause Young (Allocation Failure) 3M->2M(5M) 2.120ms
[0.212s][info][gc,cpu         ] GC(5) User=0.00s Sys=0.00s Real=0.00s
[0.212s][info][gc,start       ] GC(6) Pause Full (Ergonomics)
[0.212s][info][gc,phases,start] GC(6) Marking Phase
[0.213s][info][gc,phases      ] GC(6) Marking Phase 1.480ms
[0.214s][info][gc,phases,start] GC(6) Summary Phase
[0.214s][info][gc,phases      ] GC(6) Summary Phase 0.016ms
[0.214s][info][gc,phases,start] GC(6) Adjust Roots
[0.214s][info][gc,phases      ] GC(6) Adjust Roots 0.304ms
[0.214s][info][gc,phases,start] GC(6) Compaction Phase
[0.216s][info][gc,phases      ] GC(6) Compaction Phase 2.184ms
[0.216s][info][gc,phases,start] GC(6) Post Compact
[0.216s][info][gc,phases      ] GC(6) Post Compact 0.044ms
[0.216s][info][gc,heap        ] GC(6) PSYoungGen: 480K(2560K)->0K(4096K) Eden: 0K(2048K)->0K(3072K) From: 480K(512K)->0K(1024K)
[0.216s][info][gc,heap        ] GC(6) ParOldGen: 2096K(2560K)->2542K(6144K)
[0.216s][info][gc,metaspace   ] GC(6) Metaspace: 6296K(6464K)->6296K(6464K) NonClass: 5762K(5824K)->5762K(5824K) Class: 533K(640K)->533K(640K)
[0.216s][info][gc             ] GC(6) Pause Full (Ergonomics) 2M->2M(10M) 4.434ms
[0.216s][info][gc,cpu         ] GC(6) User=0.00s Sys=0.00s Real=0.00s
[0.222s][info][gc,start       ] GC(7) Pause Young (Allocation Failure)
[0.224s][info][gc,heap        ] GC(7) PSYoungGen: 3072K(4096K)->1664K(5120K) Eden: 3072K(3072K)->0K(3072K) From: 0K(1024K)->1664K(2048K)
[0.224s][info][gc,heap        ] GC(7) ParOldGen: 2542K(6144K)->2542K(6144K)
[0.224s][info][gc,metaspace   ] GC(7) Metaspace: 6296K(6464K)->6296K(6464K) NonClass: 5762K(5824K)->5762K(5824K) Class: 533K(640K)->533K(640K)
[0.224s][info][gc             ] GC(7) Pause Young (Allocation Failure) 5M->4M(11M) 2.131ms
[0.224s][info][gc,cpu         ] GC(7) User=0.00s Sys=0.00s Real=0.00s
[0.230s][info][gc,start       ] GC(8) Pause Young (Allocation Failure)
[0.233s][info][gc,heap        ] GC(8) PSYoungGen: 4736K(5120K)->2016K(5632K) Eden: 3072K(3072K)->0K(3584K) From: 1664K(2048K)->2016K(2048K)
[0.233s][info][gc,heap        ] GC(8) ParOldGen: 2542K(6144K)->3774K(6144K)
[0.233s][info][gc,metaspace   ] GC(8) Metaspace: 6296K(6464K)->6296K(6464K) NonClass: 5762K(5824K)->5762K(5824K) Class: 533K(640K)->533K(640K)
[0.233s][info][gc             ] GC(8) Pause Young (Allocation Failure) 7M->5M(11M) 3.299ms
[0.233s][info][gc,cpu         ] GC(8) User=0.00s Sys=0.00s Real=0.00s
[0.238s][info][gc,start       ] GC(9) Pause Young (Allocation Failure)
[0.242s][info][gc,heap        ] GC(9) PSYoungGen: 5600K(5632K)->3040K(6656K) Eden: 3584K(3584K)->0K(3584K) From: 2016K(2048K)->3040K(3072K)
[0.242s][info][gc,heap        ] GC(9) ParOldGen: 3774K(6144K)->4614K(6144K)
[0.242s][info][gc,metaspace   ] GC(9) Metaspace: 6296K(6464K)->6296K(6464K) NonClass: 5762K(5824K)->5762K(5824K) Class: 533K(640K)->533K(640K)
[0.242s][info][gc             ] GC(9) Pause Young (Allocation Failure) 9M->7M(12M) 3.937ms
[0.242s][info][gc,cpu         ] GC(9) User=0.00s Sys=0.00s Real=0.00s
[0.246s][info][gc,start       ] GC(10) Pause Young (Allocation Failure)
[0.251s][info][gc,heap        ] GC(10) PSYoungGen: 6624K(6656K)->4064K(8704K) Eden: 3584K(3584K)->0K(4608K) From: 3040K(3072K)->4064K(4096K)
[0.251s][info][gc,heap        ] GC(10) ParOldGen: 4614K(6144K)->5462K(6144K)
[0.251s][info][gc,metaspace   ] GC(10) Metaspace: 6296K(6464K)->6296K(6464K) NonClass: 5762K(5824K)->5762K(5824K) Class: 533K(640K)->533K(640K)
[0.251s][info][gc             ] GC(10) Pause Young (Allocation Failure) 10M->9M(14M) 4.326ms
[0.251s][info][gc,cpu         ] GC(10) User=0.00s Sys=0.00s Real=0.00s
[0.251s][info][gc,start       ] GC(11) Pause Full (Ergonomics)
[0.251s][info][gc,phases,start] GC(11) Marking Phase
[0.256s][info][gc,phases      ] GC(11) Marking Phase 4.908ms
[0.256s][info][gc,phases,start] GC(11) Summary Phase
[0.256s][info][gc,phases      ] GC(11) Summary Phase 0.018ms
[0.256s][info][gc,phases,start] GC(11) Adjust Roots
[0.256s][info][gc,phases      ] GC(11) Adjust Roots 0.385ms
[0.256s][info][gc,phases,start] GC(11) Compaction Phase
[0.263s][info][gc,phases      ] GC(11) Compaction Phase 6.744ms
[0.263s][info][gc,phases,start] GC(11) Post Compact
[0.263s][info][gc,phases      ] GC(11) Post Compact 0.058ms
[0.263s][info][gc,heap        ] GC(11) PSYoungGen: 4064K(8704K)->3545K(8704K) Eden: 0K(4608K)->0K(4608K) From: 4064K(4096K)->3545K(4096K)
[0.263s][info][gc,heap        ] GC(11) ParOldGen: 5462K(6144K)->5831K(10752K)
[0.263s][info][gc,metaspace   ] GC(11) Metaspace: 6296K(6464K)->6296K(6464K) NonClass: 5762K(5824K)->5762K(5824K) Class: 533K(640K)->533K(640K)
[0.263s][info][gc             ] GC(11) Pause Full (Ergonomics) 9M->9M(19M) 12.465ms
[0.263s][info][gc,cpu         ] GC(11) User=0.00s Sys=0.00s Real=0.01s
[0.268s][info][gc,start       ] GC(12) Pause Young (Allocation Failure)
[0.272s][info][gc,heap        ] GC(12) PSYoungGen: 8013K(8704K)->5088K(9728K) Eden: 4468K(4608K)->0K(4608K) From: 3545K(4096K)->5088K(5120K)
[0.272s][info][gc,heap        ] GC(12) ParOldGen: 5831K(10752K)->6615K(10752K)
[0.272s][info][gc,metaspace   ] GC(12) Metaspace: 6296K(6464K)->6296K(6464K) NonClass: 5762K(5824K)->5762K(5824K) Class: 533K(640K)->533K(640K)
[0.272s][info][gc             ] GC(12) Pause Young (Allocation Failure) 13M->11M(20M) 4.160ms
[0.272s][info][gc,cpu         ] GC(12) User=0.00s Sys=0.00s Real=0.00s
[0.279s][info][gc,start       ] GC(13) Pause Young (Allocation Failure)
[0.287s][info][gc,heap        ] GC(13) PSYoungGen: 9696K(9728K)->6112K(11264K) Eden: 4608K(4608K)->0K(5120K) From: 5088K(5120K)->6112K(6144K)
[0.287s][info][gc,heap        ] GC(13) ParOldGen: 6615K(10752K)->7991K(10752K)
[0.287s][info][gc,metaspace   ] GC(13) Metaspace: 6296K(6464K)->6296K(6464K) NonClass: 5762K(5824K)->5762K(5824K) Class: 533K(640K)->533K(640K)
[0.287s][info][gc             ] GC(13) Pause Young (Allocation Failure) 15M->13M(21M) 7.247ms
[0.287s][info][gc,cpu         ] GC(13) User=0.00s Sys=0.00s Real=0.01s
[0.291s][info][gc,start       ] GC(14) Pause Young (Allocation Failure)
[0.297s][info][gc,heap        ] GC(14) PSYoungGen: 11232K(11264K)->5216K(12800K) Eden: 5120K(5120K)->0K(5120K) From: 6112K(6144K)->5216K(7680K)
[0.297s][info][gc,heap        ] GC(14) ParOldGen: 7991K(10752K)->11583K(11776K)
[0.297s][info][gc,metaspace   ] GC(14) Metaspace: 6298K(6464K)->6298K(6464K) NonClass: 5764K(5824K)->5764K(5824K) Class: 533K(640K)->533K(640K)
[0.297s][info][gc             ] GC(14) Pause Young (Allocation Failure) 18M->16M(24M) 6.144ms
[0.297s][info][gc,cpu         ] GC(14) User=0.00s Sys=0.00s Real=0.01s
[0.297s][info][gc,start       ] GC(15) Pause Full (Ergonomics)
[0.298s][info][gc,phases,start] GC(15) Marking Phase
[0.305s][info][gc,phases      ] GC(15) Marking Phase 7.593ms
[0.305s][info][gc,phases,start] GC(15) Summary Phase
[0.305s][info][gc,phases      ] GC(15) Summary Phase 0.018ms
[0.305s][info][gc,phases,start] GC(15) Adjust Roots
[0.305s][info][gc,phases      ] GC(15) Adjust Roots 0.255ms
[0.305s][info][gc,phases,start] GC(15) Compaction Phase
[0.312s][info][gc,phases      ] GC(15) Compaction Phase 6.985ms
[0.313s][info][gc,phases,start] GC(15) Post Compact
[0.313s][info][gc,phases      ] GC(15) Post Compact 0.073ms
[0.313s][info][gc,heap        ] GC(15) PSYoungGen: 5216K(12800K)->5189K(12800K) Eden: 0K(5120K)->0K(5120K) From: 5216K(7680K)->5189K(7680K)
[0.313s][info][gc,heap        ] GC(15) ParOldGen: 11583K(11776K)->11461K(18432K)
[0.313s][info][gc,metaspace   ] GC(15) Metaspace: 6298K(6464K)->6298K(6464K) NonClass: 5764K(5824K)->5764K(5824K) Class: 533K(640K)->533K(640K)
[0.313s][info][gc             ] GC(15) Pause Full (Ergonomics) 16M->16M(30M) 15.346ms
[0.313s][info][gc,cpu         ] GC(15) User=0.00s Sys=0.00s Real=0.02s
[0.317s][info][gc,start       ] GC(16) Pause Young (Allocation Failure)
[0.323s][info][gc,heap        ] GC(16) PSYoungGen: 10309K(12800K)->2688K(14336K) Eden: 5120K(5120K)->0K(7168K) From: 5189K(7680K)->2688K(7168K)
[0.323s][info][gc,heap        ] GC(16) ParOldGen: 11461K(18432K)->16733K(18432K)
[0.323s][info][gc,metaspace   ] GC(16) Metaspace: 6298K(6464K)->6298K(6464K) NonClass: 5764K(5824K)->5764K(5824K) Class: 533K(640K)->533K(640K)
[0.323s][info][gc             ] GC(16) Pause Young (Allocation Failure) 21M->18M(32M) 6.663ms
[0.323s][info][gc,cpu         ] GC(16) User=0.02s Sys=0.00s Real=0.01s
[0.323s][info][gc,start       ] GC(17) Pause Full (Ergonomics)
[0.323s][info][gc,phases,start] GC(17) Marking Phase
[0.331s][info][gc,phases      ] GC(17) Marking Phase 7.855ms
[0.331s][info][gc,phases,start] GC(17) Summary Phase
[0.331s][info][gc,phases      ] GC(17) Summary Phase 0.015ms
[0.331s][info][gc,phases,start] GC(17) Adjust Roots
[0.331s][info][gc,phases      ] GC(17) Adjust Roots 0.185ms
[0.331s][info][gc,phases,start] GC(17) Compaction Phase
[0.338s][info][gc,phases      ] GC(17) Compaction Phase 6.354ms
[0.338s][info][gc,phases,start] GC(17) Post Compact
[0.338s][info][gc,phases      ] GC(17) Post Compact 0.072ms
[0.338s][info][gc,heap        ] GC(17) PSYoungGen: 2688K(14336K)->1105K(14848K) Eden: 0K(7168K)->0K(7680K) From: 2688K(7168K)->1105K(7168K)
[0.338s][info][gc,heap        ] GC(17) ParOldGen: 16733K(18432K)->18183K(27648K)
[0.338s][info][gc,metaspace   ] GC(17) Metaspace: 6298K(6464K)->6298K(6464K) NonClass: 5764K(5824K)->5764K(5824K) Class: 533K(640K)->533K(640K)
[0.338s][info][gc             ] GC(17) Pause Full (Ergonomics) 18M->18M(41M) 14.828ms
[0.338s][info][gc,cpu         ] GC(17) User=0.00s Sys=0.00s Real=0.02s
[0.342s][info][gc,start       ] GC(18) Pause Young (Allocation Failure)
[0.347s][info][gc,heap        ] GC(18) PSYoungGen: 7799K(14848K)->3424K(15360K) Eden: 6694K(7680K)->0K(7680K) From: 1105K(7168K)->3424K(7680K)
[0.347s][info][gc,heap        ] GC(18) ParOldGen: 18183K(27648K)->19311K(27648K)
[0.347s][info][gc,metaspace   ] GC(18) Metaspace: 6298K(6464K)->6298K(6464K) NonClass: 5764K(5824K)->5764K(5824K) Class: 533K(640K)->533K(640K)
[0.347s][info][gc             ] GC(18) Pause Young (Allocation Failure) 25M->22M(42M) 4.703ms
[0.347s][info][gc,cpu         ] GC(18) User=0.00s Sys=0.00s Real=0.00s
[0.356s][info][gc,start       ] GC(19) Pause Young (Allocation Failure)
[0.362s][info][gc,heap        ] GC(19) PSYoungGen: 11103K(15360K)->4512K(17920K) Eden: 7679K(7680K)->0K(10240K) From: 3424K(7680K)->4512K(7680K)
[0.362s][info][gc,heap        ] GC(19) ParOldGen: 19311K(27648K)->22759K(27648K)
[0.362s][info][gc,metaspace   ] GC(19) Metaspace: 6298K(6464K)->6298K(6464K) NonClass: 5764K(5824K)->5764K(5824K) Class: 533K(640K)->533K(640K)
[0.362s][info][gc             ] GC(19) Pause Young (Allocation Failure) 29M->26M(44M) 6.689ms
[0.362s][info][gc,cpu         ] GC(19) User=0.00s Sys=0.00s Real=0.01s
[0.368s][info][gc,start       ] GC(20) Pause Young (Allocation Failure)
[0.376s][info][gc,heap        ] GC(20) PSYoungGen: 14752K(17920K)->5344K(17920K) Eden: 10240K(10240K)->0K(10240K) From: 4512K(7680K)->5344K(7680K)
[0.376s][info][gc,heap        ] GC(20) ParOldGen: 22759K(27648K)->27279K(27648K)
[0.376s][info][gc,metaspace   ] GC(20) Metaspace: 6298K(6464K)->6298K(6464K) NonClass: 5764K(5824K)->5764K(5824K) Class: 533K(640K)->533K(640K)
[0.376s][info][gc             ] GC(20) Pause Young (Allocation Failure) 36M->31M(44M) 7.340ms
[0.376s][info][gc,cpu         ] GC(20) User=0.00s Sys=0.00s Real=0.01s
[0.376s][info][gc,start       ] GC(21) Pause Full (Ergonomics)
[0.376s][info][gc,phases,start] GC(21) Marking Phase
[0.388s][info][gc,phases      ] GC(21) Marking Phase 12.641ms
[0.389s][info][gc,phases,start] GC(21) Summary Phase
[0.389s][info][gc,phases      ] GC(21) Summary Phase 0.016ms
[0.389s][info][gc,phases,start] GC(21) Adjust Roots
[0.389s][info][gc,phases      ] GC(21) Adjust Roots 0.185ms
[0.389s][info][gc,phases,start] GC(21) Compaction Phase
[0.401s][info][gc,phases      ] GC(21) Compaction Phase 12.014ms
[0.401s][info][gc,phases,start] GC(21) Post Compact
[0.401s][info][gc,phases      ] GC(21) Post Compact 0.118ms
[0.401s][info][gc,heap        ] GC(21) PSYoungGen: 5344K(17920K)->4779K(17920K) Eden: 0K(10240K)->0K(10240K) From: 5344K(7680K)->4779K(7680K)
[0.401s][info][gc,heap        ] GC(21) ParOldGen: 27279K(27648K)->27139K(38912K)
[0.401s][info][gc,metaspace   ] GC(21) Metaspace: 6298K(6464K)->6298K(6464K) NonClass: 5764K(5824K)->5764K(5824K) Class: 533K(640K)->533K(640K)
[0.401s][info][gc             ] GC(21) Pause Full (Ergonomics) 31M->31M(55M) 25.405ms
[0.401s][info][gc,cpu         ] GC(21) User=0.00s Sys=0.00s Real=0.03s
[0.410s][info][gc,start       ] GC(22) Pause Young (Allocation Failure)
[0.422s][info][gc,heap        ] GC(22) PSYoungGen: 15019K(17920K)->8192K(17920K) Eden: 10240K(10240K)->0K(9728K) From: 4779K(7680K)->8192K(8192K)
[0.422s][info][gc,heap        ] GC(22) ParOldGen: 27139K(38912K)->32963K(38912K)
[0.422s][info][gc,metaspace   ] GC(22) Metaspace: 6298K(6464K)->6298K(6464K) NonClass: 5764K(5824K)->5764K(5824K) Class: 533K(640K)->533K(640K)
[0.422s][info][gc             ] GC(22) Pause Young (Allocation Failure) 41M->40M(55M) 11.993ms
[0.422s][info][gc,cpu         ] GC(22) User=0.00s Sys=0.00s Real=0.01s
[0.422s][info][gc,start       ] GC(23) Pause Full (Ergonomics)
[0.422s][info][gc,phases,start] GC(23) Marking Phase
[0.438s][info][gc,phases      ] GC(23) Marking Phase 16.050ms
[0.438s][info][gc,phases,start] GC(23) Summary Phase
[0.438s][info][gc,phases      ] GC(23) Summary Phase 0.014ms
[0.438s][info][gc,phases,start] GC(23) Adjust Roots
[0.438s][info][gc,phases      ] GC(23) Adjust Roots 0.148ms
[0.438s][info][gc,phases,start] GC(23) Compaction Phase
[0.448s][info][gc,phases      ] GC(23) Compaction Phase 9.873ms
[0.448s][info][gc,phases,start] GC(23) Post Compact
[0.449s][info][gc,phases      ] GC(23) Post Compact 0.184ms
[0.449s][info][gc,heap        ] GC(23) PSYoungGen: 8192K(17920K)->2555K(17920K) Eden: 0K(9728K)->0K(9728K) From: 8192K(8192K)->2555K(8192K)
[0.449s][info][gc,heap        ] GC(23) ParOldGen: 32963K(38912K)->38483K(52736K)
[0.449s][info][gc,metaspace   ] GC(23) Metaspace: 6298K(6464K)->6298K(6464K) NonClass: 5764K(5824K)->5764K(5824K) Class: 533K(640K)->533K(640K)
[0.449s][info][gc             ] GC(23) Pause Full (Ergonomics) 40M->40M(69M) 26.613ms
[0.449s][info][gc,cpu         ] GC(23) User=0.00s Sys=0.00s Real=0.03s
[0.463s][info][gc,start       ] GC(24) Pause Young (Allocation Failure)
[0.472s][info][gc,heap        ] GC(24) PSYoungGen: 12283K(17920K)->9760K(20992K) Eden: 9728K(9728K)->0K(9728K) From: 2555K(8192K)->9760K(11264K)
[0.472s][info][gc,heap        ] GC(24) ParOldGen: 38483K(52736K)->41091K(52736K)
[0.472s][info][gc,metaspace   ] GC(24) Metaspace: 6298K(6464K)->6298K(6464K) NonClass: 5764K(5824K)->5764K(5824K) Class: 533K(640K)->533K(640K)
[0.472s][info][gc             ] GC(24) Pause Young (Allocation Failure) 49M->49M(72M) 9.615ms
[0.472s][info][gc,cpu         ] GC(24) User=0.00s Sys=0.00s Real=0.01s
[0.482s][info][gc,start       ] GC(25) Pause Young (Allocation Failure)
[0.495s][info][gc,heap        ] GC(25) PSYoungGen: 19488K(20992K)->12768K(19968K) Eden: 9728K(9728K)->0K(7168K) From: 9760K(11264K)->12768K(12800K)
[0.495s][info][gc,heap        ] GC(25) ParOldGen: 41091K(52736K)->47859K(52736K)
[0.495s][info][gc,metaspace   ] GC(25) Metaspace: 6298K(6464K)->6298K(6464K) NonClass: 5764K(5824K)->5764K(5824K) Class: 533K(640K)->533K(640K)
[0.495s][info][gc             ] GC(25) Pause Young (Allocation Failure) 59M->59M(71M) 13.027ms
[0.495s][info][gc,cpu         ] GC(25) User=0.00s Sys=0.00s Real=0.01s
[0.495s][info][gc,start       ] GC(26) Pause Full (Ergonomics)
[0.495s][info][gc,phases,start] GC(26) Marking Phase
[0.519s][info][gc,phases      ] GC(26) Marking Phase 23.781ms
[0.519s][info][gc,phases,start] GC(26) Summary Phase
[0.519s][info][gc,phases      ] GC(26) Summary Phase 0.014ms
[0.519s][info][gc,phases,start] GC(26) Adjust Roots
[0.519s][info][gc,phases      ] GC(26) Adjust Roots 0.151ms
[0.519s][info][gc,phases,start] GC(26) Compaction Phase
[0.536s][info][gc,phases      ] GC(26) Compaction Phase 17.540ms
[0.537s][info][gc,phases,start] GC(26) Post Compact
[0.537s][info][gc,phases      ] GC(26) Post Compact 0.189ms
[0.537s][info][gc,heap        ] GC(26) PSYoungGen: 12768K(19968K)->7122K(19968K) Eden: 0K(7168K)->0K(7168K) From: 12768K(12800K)->7122K(12800K)
[0.537s][info][gc,heap        ] GC(26) ParOldGen: 47859K(52736K)->52296K(69120K)
[0.537s][info][gc,metaspace   ] GC(26) Metaspace: 6298K(6464K)->6298K(6464K) NonClass: 5764K(5824K)->5764K(5824K) Class: 533K(640K)->533K(640K)
[0.537s][info][gc             ] GC(26) Pause Full (Ergonomics) 59M->58M(87M) 42.058ms
[0.537s][info][gc,cpu         ] GC(26) User=0.03s Sys=0.00s Real=0.04s
[0.544s][info][gc,start       ] GC(27) Pause Young (Allocation Failure)
[0.558s][info][gc,heap        ] GC(27) PSYoungGen: 14290K(19968K)->7168K(24576K) Eden: 7168K(7168K)->0K(7168K) From: 7122K(12800K)->7168K(17408K)
[0.558s][info][gc,heap        ] GC(27) ParOldGen: 52296K(69120K)->59536K(69120K)
[0.558s][info][gc,metaspace   ] GC(27) Metaspace: 6298K(6464K)->6298K(6464K) NonClass: 5764K(5824K)->5764K(5824K) Class: 533K(640K)->533K(640K)
[0.558s][info][gc             ] GC(27) Pause Young (Allocation Failure) 65M->65M(91M) 13.874ms
[0.558s][info][gc,cpu         ] GC(27) User=0.00s Sys=0.00s Real=0.01s
[0.565s][info][gc,start       ] GC(28) Pause Young (Allocation Failure)
[0.575s][info][gc,heap        ] GC(28) PSYoungGen: 14336K(24576K)->14336K(23040K) Eden: 7168K(7168K)->0K(6656K) From: 7168K(17408K)->14336K(16384K)
[0.575s][info][gc,heap        ] GC(28) ParOldGen: 59536K(69120K)->59536K(69120K)
[0.575s][info][gc,metaspace   ] GC(28) Metaspace: 6298K(6464K)->6298K(6464K) NonClass: 5764K(5824K)->5764K(5824K) Class: 533K(640K)->533K(640K)
[0.575s][info][gc             ] GC(28) Pause Young (Allocation Failure) 72M->72M(90M) 10.637ms
[0.575s][info][gc,cpu         ] GC(28) User=0.02s Sys=0.00s Real=0.01s
[0.582s][info][gc,start       ] GC(29) Pause Young (Allocation Failure)
[0.595s][info][gc,heap        ] GC(29) PSYoungGen: 20992K(23040K)->13824K(25088K) Eden: 6656K(6656K)->0K(6656K) From: 14336K(16384K)->13824K(18432K)
[0.595s][info][gc,heap        ] GC(29) ParOldGen: 59536K(69120K)->66800K(69120K)
[0.595s][info][gc,metaspace   ] GC(29) Metaspace: 6298K(6464K)->6298K(6464K) NonClass: 5764K(5824K)->5764K(5824K) Class: 533K(640K)->533K(640K)
[0.595s][info][gc             ] GC(29) Pause Young (Allocation Failure) 78M->78M(92M) 13.604ms
[0.595s][info][gc,cpu         ] GC(29) User=0.00s Sys=0.00s Real=0.01s
[0.595s][info][gc,start       ] GC(30) Pause Full (Ergonomics)
[0.595s][info][gc,phases,start] GC(30) Marking Phase
[0.626s][info][gc,phases      ] GC(30) Marking Phase 30.319ms
[0.626s][info][gc,phases,start] GC(30) Summary Phase
[0.626s][info][gc,phases      ] GC(30) Summary Phase 0.017ms
[0.626s][info][gc,phases,start] GC(30) Adjust Roots
[0.626s][info][gc,phases      ] GC(30) Adjust Roots 0.158ms
[0.626s][info][gc,phases,start] GC(30) Compaction Phase
[0.647s][info][gc,phases      ] GC(30) Compaction Phase 20.593ms
[0.647s][info][gc,phases,start] GC(30) Post Compact
[0.647s][info][gc,phases      ] GC(30) Post Compact 0.556ms
[0.647s][info][gc,heap        ] GC(30) PSYoungGen: 13824K(25088K)->11209K(25088K) Eden: 0K(6656K)->0K(6656K) From: 13824K(18432K)->11209K(18432K)
[0.647s][info][gc,heap        ] GC(30) ParOldGen: 66800K(69120K)->69112K(89600K)
[0.647s][info][gc,metaspace   ] GC(30) Metaspace: 6298K(6464K)->6298K(6464K) NonClass: 5764K(5824K)->5764K(5824K) Class: 533K(640K)->533K(640K)
[0.648s][info][gc             ] GC(30) Pause Full (Ergonomics) 78M->78M(112M) 52.168ms
[0.648s][info][gc,cpu         ] GC(30) User=0.08s Sys=0.00s Real=0.05s
[0.655s][info][gc,start       ] GC(31) Pause Young (Allocation Failure)
[0.673s][info][gc,heap        ] GC(31) PSYoungGen: 17865K(25088K)->6688K(25600K) Eden: 6656K(6656K)->0K(8192K) From: 11209K(18432K)->6688K(17408K)
[0.673s][info][gc,heap        ] GC(31) ParOldGen: 69112K(89600K)->80512K(89600K)
[0.673s][info][gc,metaspace   ] GC(31) Metaspace: 6298K(6464K)->6298K(6464K) NonClass: 5764K(5824K)->5764K(5824K) Class: 533K(640K)->533K(640K)
[0.673s][info][gc             ] GC(31) Pause Young (Allocation Failure) 84M->85M(112M) 17.591ms
[0.673s][info][gc,cpu         ] GC(31) User=0.02s Sys=0.00s Real=0.02s
[0.673s][info][gc,start       ] GC(32) Pause Full (Ergonomics)
[0.673s][info][gc,phases,start] GC(32) Marking Phase
[0.709s][info][gc,phases      ] GC(32) Marking Phase 35.922ms
[0.709s][info][gc,phases,start] GC(32) Summary Phase
[0.709s][info][gc,phases      ] GC(32) Summary Phase 0.015ms
[0.709s][info][gc,phases,start] GC(32) Adjust Roots
[0.709s][info][gc,phases      ] GC(32) Adjust Roots 0.152ms
[0.709s][info][gc,phases,start] GC(32) Compaction Phase
[0.726s][info][gc,phases      ] GC(32) Compaction Phase 17.227ms
[0.726s][info][gc,phases,start] GC(32) Post Compact
[0.727s][info][gc,phases      ] GC(32) Post Compact 0.374ms
[0.727s][info][gc,heap        ] GC(32) PSYoungGen: 6688K(25600K)->0K(27136K) Eden: 0K(8192K)->0K(8192K) From: 6688K(17408K)->0K(18944K)
[0.727s][info][gc,heap        ] GC(32) ParOldGen: 80512K(89600K)->86948K(111616K)
[0.727s][info][gc,metaspace   ] GC(32) Metaspace: 6298K(6464K)->6298K(6464K) NonClass: 5764K(5824K)->5764K(5824K) Class: 533K(640K)->533K(640K)
[0.727s][info][gc             ] GC(32) Pause Full (Ergonomics) 85M->84M(135M) 54.083ms
[0.727s][info][gc,cpu         ] GC(32) User=0.06s Sys=0.00s Real=0.05s
[0.742s][info][gc,start       ] GC(33) Pause Young (Allocation Failure)
[0.748s][info][gc,heap        ] GC(33) PSYoungGen: 8192K(27136K)->8256K(26112K) Eden: 8192K(8192K)->0K(9728K) From: 0K(18944K)->8256K(16384K)
[0.748s][info][gc,heap        ] GC(33) ParOldGen: 86948K(111616K)->86948K(111616K)
[0.748s][info][gc,metaspace   ] GC(33) Metaspace: 6298K(6464K)->6298K(6464K) NonClass: 5764K(5824K)->5764K(5824K) Class: 533K(640K)->533K(640K)
[0.748s][info][gc             ] GC(33) Pause Young (Allocation Failure) 92M->92M(134M) 5.779ms
[0.748s][info][gc,cpu         ] GC(33) User=0.02s Sys=0.00s Real=0.01s
[0.756s][info][gc,start       ] GC(34) Pause Young (Allocation Failure)
[0.765s][info][gc,heap        ] GC(34) PSYoungGen: 17984K(26112K)->17888K(27648K) Eden: 9728K(9728K)->0K(9728K) From: 8256K(16384K)->17888K(17920K)
[0.765s][info][gc,heap        ] GC(34) ParOldGen: 86948K(111616K)->86972K(111616K)
[0.765s][info][gc,metaspace   ] GC(34) Metaspace: 6298K(6464K)->6298K(6464K) NonClass: 5764K(5824K)->5764K(5824K) Class: 533K(640K)->533K(640K)
[0.765s][info][gc             ] GC(34) Pause Young (Allocation Failure) 102M->102M(136M) 8.734ms
[0.765s][info][gc,cpu         ] GC(34) User=0.02s Sys=0.00s Real=0.01s
[0.775s][info][gc,start       ] GC(35) Pause Young (Allocation Failure)
[0.791s][info][gc,heap        ] GC(35) PSYoungGen: 27616K(27648K)->9792K(30720K) Eden: 9728K(9728K)->0K(11264K) From: 17888K(17920K)->9792K(19456K)
[0.791s][info][gc,heap        ] GC(35) ParOldGen: 86972K(111616K)->105060K(111616K)
[0.791s][info][gc,metaspace   ] GC(35) Metaspace: 6298K(6464K)->6298K(6464K) NonClass: 5764K(5824K)->5764K(5824K) Class: 533K(640K)->533K(640K)
[0.791s][info][gc             ] GC(35) Pause Young (Allocation Failure) 111M->112M(139M) 16.367ms
[0.791s][info][gc,cpu         ] GC(35) User=0.02s Sys=0.00s Real=0.02s
[0.791s][info][gc,start       ] GC(36) Pause Full (Ergonomics)
[0.791s][info][gc,phases,start] GC(36) Marking Phase
[0.824s][info][gc,phases      ] GC(36) Marking Phase 32.690ms
[0.824s][info][gc,phases,start] GC(36) Summary Phase
[0.824s][info][gc,phases      ] GC(36) Summary Phase 0.018ms
[0.824s][info][gc,phases,start] GC(36) Adjust Roots
[0.824s][info][gc,phases      ] GC(36) Adjust Roots 0.169ms
[0.824s][info][gc,phases,start] GC(36) Compaction Phase
[0.853s][info][gc,phases      ] GC(36) Compaction Phase 28.859ms
[0.853s][info][gc,phases,start] GC(36) Post Compact
[0.853s][info][gc,phases      ] GC(36) Post Compact 0.519ms
[0.854s][info][gc,heap        ] GC(36) PSYoungGen: 9792K(30720K)->1007K(31232K) Eden: 0K(11264K)->0K(11776K) From: 9792K(19456K)->1007K(19456K)
[0.854s][info][gc,heap        ] GC(36) ParOldGen: 105060K(111616K)->111457K(142336K)
[0.854s][info][gc,metaspace   ] GC(36) Metaspace: 6298K(6464K)->6298K(6464K) NonClass: 5764K(5824K)->5764K(5824K) Class: 533K(640K)->533K(640K)
[0.854s][info][gc             ] GC(36) Pause Full (Ergonomics) 112M->109M(169M) 62.805ms
[0.854s][info][gc,cpu         ] GC(36) User=0.12s Sys=0.00s Real=0.06s
[0.865s][info][gc,start       ] GC(37) Pause Young (Allocation Failure)
[0.878s][info][gc,heap        ] GC(37) PSYoungGen: 12783K(31232K)->12864K(31744K) Eden: 11776K(11776K)->0K(11776K) From: 1007K(19456K)->12864K(19968K)
[0.878s][info][gc,heap        ] GC(37) ParOldGen: 111457K(142336K)->111457K(142336K)
[0.878s][info][gc,metaspace   ] GC(37) Metaspace: 6298K(6464K)->6298K(6464K) NonClass: 5764K(5824K)->5764K(5824K) Class: 533K(640K)->533K(640K)
[0.878s][info][gc             ] GC(37) Pause Young (Allocation Failure) 121M->121M(170M) 13.116ms
[0.878s][info][gc,cpu         ] GC(37) User=0.02s Sys=0.00s Real=0.01s
[0.889s][info][gc,start       ] GC(38) Pause Young (Allocation Failure)
[0.903s][info][gc,heap        ] GC(38) PSYoungGen: 24640K(31744K)->19968K(28672K) Eden: 11776K(11776K)->0K(8704K) From: 12864K(19968K)->19968K(19968K)
[0.903s][info][gc,heap        ] GC(38) ParOldGen: 111457K(142336K)->116113K(142336K)
[0.903s][info][gc,metaspace   ] GC(38) Metaspace: 6298K(6464K)->6298K(6464K) NonClass: 5764K(5824K)->5764K(5824K) Class: 533K(640K)->533K(640K)
[0.903s][info][gc             ] GC(38) Pause Young (Allocation Failure) 132M->132M(167M) 14.068ms
[0.903s][info][gc,cpu         ] GC(38) User=0.00s Sys=0.02s Real=0.01s
[0.912s][info][gc,start       ] GC(39) Pause Young (Allocation Failure)
[0.927s][info][gc,heap        ] GC(39) PSYoungGen: 28672K(28672K)->18976K(33280K) Eden: 8704K(8704K)->0K(8704K) From: 19968K(19968K)->18976K(24576K)
[0.927s][info][gc,heap        ] GC(39) ParOldGen: 116113K(142336K)->126001K(142336K)
[0.927s][info][gc,metaspace   ] GC(39) Metaspace: 6298K(6464K)->6298K(6464K) NonClass: 5764K(5824K)->5764K(5824K) Class: 533K(640K)->533K(640K)
[0.927s][info][gc             ] GC(39) Pause Young (Allocation Failure) 141M->141M(171M) 15.077ms
[0.927s][info][gc,cpu         ] GC(39) User=0.02s Sys=0.00s Real=0.01s
[0.936s][info][gc,start       ] GC(40) Pause Young (Allocation Failure)
[0.949s][info][gc,heap        ] GC(40) PSYoungGen: 27680K(33280K)->17472K(36352K) Eden: 8704K(8704K)->0K(9728K) From: 18976K(24576K)->17472K(26624K)
[0.949s][info][gc,heap        ] GC(40) ParOldGen: 126001K(142336K)->136377K(142336K)
[0.949s][info][gc,metaspace   ] GC(40) Metaspace: 6298K(6464K)->6298K(6464K) NonClass: 5764K(5824K)->5764K(5824K) Class: 533K(640K)->533K(640K)
[0.949s][info][gc             ] GC(40) Pause Young (Allocation Failure) 150M->150M(174M) 13.366ms
[0.949s][info][gc,cpu         ] GC(40) User=0.02s Sys=0.00s Real=0.01s
[0.949s][info][gc,start       ] GC(41) Pause Full (Ergonomics)
[0.949s][info][gc,phases,start] GC(41) Marking Phase
[0.987s][info][gc,phases      ] GC(41) Marking Phase 37.821ms
[0.987s][info][gc,phases,start] GC(41) Summary Phase
[0.987s][info][gc,phases      ] GC(41) Summary Phase 0.017ms
[0.987s][info][gc,phases,start] GC(41) Adjust Roots
[0.987s][info][gc,phases      ] GC(41) Adjust Roots 0.142ms
[0.987s][info][gc,phases,start] GC(41) Compaction Phase
[1.010s][info][gc,phases      ] GC(41) Compaction Phase 22.954ms
[1.010s][info][gc,phases,start] GC(41) Post Compact
[1.011s][info][gc,phases      ] GC(41) Post Compact 1.032ms
[1.012s][info][gc,heap        ] GC(41) PSYoungGen: 17472K(36352K)->11209K(36352K) Eden: 0K(9728K)->0K(9728K) From: 17472K(26624K)->11209K(26624K)
[1.012s][info][gc,heap        ] GC(41) ParOldGen: 136377K(142336K)->142086K(175616K)
[1.012s][info][gc,metaspace   ] GC(41) Metaspace: 6298K(6464K)->6298K(6464K) NonClass: 5764K(5824K)->5764K(5824K) Class: 533K(640K)->533K(640K)
[1.012s][info][gc             ] GC(41) Pause Full (Ergonomics) 150M->149M(207M) 62.720ms
[1.012s][info][gc,cpu         ] GC(41) User=0.14s Sys=0.00s Real=0.06s
[1.021s][info][gc,start       ] GC(42) Pause Young (Allocation Failure)
[1.041s][info][gc,heap        ] GC(42) PSYoungGen: 20937K(36352K)->15328K(36864K) Eden: 9728K(9728K)->0K(9728K) From: 11209K(26624K)->15328K(27136K)
[1.041s][info][gc,heap        ] GC(42) ParOldGen: 142086K(175616K)->147846K(175616K)
[1.041s][info][gc,metaspace   ] GC(42) Metaspace: 6298K(6464K)->6298K(6464K) NonClass: 5764K(5824K)->5764K(5824K) Class: 533K(640K)->533K(640K)
[1.041s][info][gc             ] GC(42) Pause Young (Allocation Failure) 159M->159M(207M) 19.939ms
[1.041s][info][gc,cpu         ] GC(42) User=0.03s Sys=0.00s Real=0.02s
[1.051s][info][gc,start       ] GC(43) Pause Young (Allocation Failure)
[1.065s][info][gc,heap        ] GC(43) PSYoungGen: 25056K(36864K)->19488K(36352K) Eden: 9728K(9728K)->0K(9728K) From: 15328K(27136K)->19488K(26624K)
[1.065s][info][gc,heap        ] GC(43) ParOldGen: 147846K(175616K)->153510K(175616K)
[1.065s][info][gc,metaspace   ] GC(43) Metaspace: 6298K(6464K)->6298K(6464K) NonClass: 5764K(5824K)->5764K(5824K) Class: 533K(640K)->533K(640K)
[1.065s][info][gc             ] GC(43) Pause Young (Allocation Failure) 168M->168M(207M) 13.917ms
[1.065s][info][gc,cpu         ] GC(43) User=0.02s Sys=0.00s Real=0.01s
[1.100s][info][gc,start       ] GC(44) Pause Full (Ergonomics)
[1.100s][info][gc,phases,start] GC(44) Marking Phase
[1.148s][info][gc,phases      ] GC(44) Marking Phase 48.162ms
[1.148s][info][gc,phases,start] GC(44) Summary Phase
[1.148s][info][gc,phases      ] GC(44) Summary Phase 0.018ms
[1.148s][info][gc,phases,start] GC(44) Adjust Roots
[1.148s][info][gc,phases      ] GC(44) Adjust Roots 0.141ms
[1.148s][info][gc,phases,start] GC(44) Compaction Phase
[1.188s][info][gc,phases      ] GC(44) Compaction Phase 39.864ms
[1.188s][info][gc,phases,start] GC(44) Post Compact
[1.189s][info][gc,phases      ] GC(44) Post Compact 0.748ms
[1.189s][info][gc,heap        ] GC(44) PSYoungGen: 29216K(36352K)->11211K(36352K) Eden: 9728K(9728K)->0K(9728K) From: 19488K(26624K)->11211K(26624K)
[1.189s][info][gc,heap        ] GC(44) ParOldGen: 161702K(175616K)->175261K(208896K)
[1.189s][info][gc,metaspace   ] GC(44) Metaspace: 6298K(6464K)->6298K(6464K) NonClass: 5764K(5824K)->5764K(5824K) Class: 533K(640K)->533K(640K)
[1.189s][info][gc             ] GC(44) Pause Full (Ergonomics) 186M->182M(239M) 89.423ms
[1.189s][info][gc,cpu         ] GC(44) User=0.23s Sys=0.00s Real=0.09s
[1.200s][info][gc,start       ] GC(45) Pause Young (Allocation Failure)
[1.223s][info][gc,heap        ] GC(45) PSYoungGen: 20939K(36352K)->15424K(37888K) Eden: 9728K(9728K)->0K(9728K) From: 11211K(26624K)->15424K(28160K)
[1.223s][info][gc,heap        ] GC(45) ParOldGen: 175261K(208896K)->180941K(208896K)
[1.223s][info][gc,metaspace   ] GC(45) Metaspace: 6298K(6464K)->6298K(6464K) NonClass: 5764K(5824K)->5764K(5824K) Class: 533K(640K)->533K(640K)
[1.223s][info][gc             ] GC(45) Pause Young (Allocation Failure) 191M->191M(241M) 23.361ms
[1.223s][info][gc,cpu         ] GC(45) User=0.00s Sys=0.00s Real=0.02s
[1.234s][info][gc,start       ] GC(46) Pause Young (Allocation Failure)
[1.249s][info][gc,heap        ] GC(46) PSYoungGen: 25152K(37888K)->25152K(35328K) Eden: 9728K(9728K)->0K(8192K) From: 15424K(28160K)->25152K(27136K)
[1.249s][info][gc,heap        ] GC(46) ParOldGen: 180941K(208896K)->180941K(208896K)
[1.249s][info][gc,metaspace   ] GC(46) Metaspace: 6298K(6464K)->6298K(6464K) NonClass: 5764K(5824K)->5764K(5824K) Class: 533K(640K)->533K(640K)
[1.249s][info][gc             ] GC(46) Pause Young (Allocation Failure) 201M->201M(238M) 15.208ms
[1.249s][info][gc,cpu         ] GC(46) User=0.00s Sys=0.00s Real=0.02s
[1.258s][info][gc,start       ] GC(47) Pause Young (Allocation Failure)
[1.276s][info][gc,heap        ] GC(47) PSYoungGen: 33344K(35328K)->30208K(38400K) Eden: 8192K(8192K)->0K(8192K) From: 25152K(27136K)->30208K(30208K)
[1.276s][info][gc,heap        ] GC(47) ParOldGen: 180941K(208896K)->184045K(208896K)
[1.276s][info][gc,metaspace   ] GC(47) Metaspace: 6298K(6464K)->6298K(6464K) NonClass: 5764K(5824K)->5764K(5824K) Class: 533K(640K)->533K(640K)
[1.276s][info][gc             ] GC(47) Pause Young (Allocation Failure) 209M->209M(241M) 17.572ms
[1.276s][info][gc,cpu         ] GC(47) User=0.06s Sys=0.02s Real=0.02s
[1.284s][info][gc,start       ] GC(48) Pause Young (Allocation Failure)
[1.305s][info][gc,heap        ] GC(48) PSYoungGen: 38400K(38400K)->25056K(44544K) Eden: 8192K(8192K)->0K(8704K) From: 30208K(30208K)->25056K(35840K)
[1.305s][info][gc,heap        ] GC(48) ParOldGen: 184045K(208896K)->197645K(208896K)
[1.305s][info][gc,metaspace   ] GC(48) Metaspace: 6298K(6464K)->6298K(6464K) NonClass: 5764K(5824K)->5764K(5824K) Class: 533K(640K)->533K(640K)
[1.305s][info][gc             ] GC(48) Pause Young (Allocation Failure) 217M->217M(247M) 20.907ms
[1.305s][info][gc,cpu         ] GC(48) User=0.06s Sys=0.00s Real=0.02s
[1.305s][info][gc,start       ] GC(49) Pause Full (Ergonomics)
[1.305s][info][gc,phases,start] GC(49) Marking Phase
[1.370s][info][gc,phases      ] GC(49) Marking Phase 65.040ms
[1.370s][info][gc,phases,start] GC(49) Summary Phase
[1.370s][info][gc,phases      ] GC(49) Summary Phase 0.018ms
[1.370s][info][gc,phases,start] GC(49) Adjust Roots
[1.371s][info][gc,phases      ] GC(49) Adjust Roots 0.184ms
[1.371s][info][gc,phases,start] GC(49) Compaction Phase
[1.399s][info][gc,phases      ] GC(49) Compaction Phase 28.636ms
[1.399s][info][gc,phases,start] GC(49) Post Compact
[1.401s][info][gc,phases      ] GC(49) Post Compact 1.376ms
[1.401s][info][gc,heap        ] GC(49) PSYoungGen: 25056K(44544K)->13687K(44544K) Eden: 0K(8704K)->0K(8704K) From: 25056K(35840K)->13687K(35840K)
[1.401s][info][gc,heap        ] GC(49) ParOldGen: 197645K(208896K)->208502K(244736K)
[1.401s][info][gc,metaspace   ] GC(49) Metaspace: 6298K(6464K)->6298K(6464K) NonClass: 5764K(5824K)->5764K(5824K) Class: 533K(640K)->533K(640K)
[1.401s][info][gc             ] GC(49) Pause Full (Ergonomics) 217M->216M(282M) 95.766ms
[1.401s][info][gc,cpu         ] GC(49) User=0.31s Sys=0.00s Real=0.10s
[1.411s][info][gc,start       ] GC(50) Pause Young (Allocation Failure)
[1.435s][info][gc,heap        ] GC(50) PSYoungGen: 22391K(44544K)->13344K(45568K) Eden: 8704K(8704K)->0K(8704K) From: 13687K(35840K)->13344K(36864K)
[1.435s][info][gc,heap        ] GC(50) ParOldGen: 208502K(244736K)->217782K(244736K)
[1.435s][info][gc,metaspace   ] GC(50) Metaspace: 6298K(6464K)->6298K(6464K) NonClass: 5764K(5824K)->5764K(5824K) Class: 533K(640K)->533K(640K)
[1.435s][info][gc             ] GC(50) Pause Young (Allocation Failure) 225M->225M(283M) 24.246ms
[1.435s][info][gc,cpu         ] GC(50) User=0.08s Sys=0.02s Real=0.03s
[1.445s][info][gc,start       ] GC(51) Pause Young (Allocation Failure)
[1.458s][info][gc,heap        ] GC(51) PSYoungGen: 22048K(45568K)->17504K(41984K) Eden: 8704K(8704K)->0K(10240K) From: 13344K(36864K)->17504K(31744K)
[1.458s][info][gc,heap        ] GC(51) ParOldGen: 217782K(244736K)->222430K(244736K)
[1.458s][info][gc,metaspace   ] GC(51) Metaspace: 6298K(6464K)->6298K(6464K) NonClass: 5764K(5824K)->5764K(5824K) Class: 533K(640K)->533K(640K)
[1.458s][info][gc             ] GC(51) Pause Young (Allocation Failure) 234M->234M(280M) 12.943ms
[1.458s][info][gc,cpu         ] GC(51) User=0.02s Sys=0.00s Real=0.01s
[1.470s][info][gc,start       ] GC(52) Pause Young (Allocation Failure)
[1.486s][info][gc,heap        ] GC(52) PSYoungGen: 27744K(41984K)->19008K(44032K) Eden: 10240K(10240K)->0K(10240K) From: 17504K(31744K)->19008K(33792K)
[1.486s][info][gc,heap        ] GC(52) ParOldGen: 222430K(244736K)->231254K(244736K)
[1.486s][info][gc,metaspace   ] GC(52) Metaspace: 6298K(6464K)->6298K(6464K) NonClass: 5764K(5824K)->5764K(5824K) Class: 533K(640K)->533K(640K)
[1.486s][info][gc             ] GC(52) Pause Young (Allocation Failure) 244M->244M(282M) 16.155ms
[1.486s][info][gc,cpu         ] GC(52) User=0.02s Sys=0.00s Real=0.02s
[1.486s][info][gc,start       ] GC(53) Pause Full (Ergonomics)
[1.486s][info][gc,phases,start] GC(53) Marking Phase
[1.555s][info][gc,phases      ] GC(53) Marking Phase 68.307ms
[1.555s][info][gc,phases,start] GC(53) Summary Phase
[1.555s][info][gc,phases      ] GC(53) Summary Phase 0.017ms
[1.555s][info][gc,phases,start] GC(53) Adjust Roots
[1.555s][info][gc,phases      ] GC(53) Adjust Roots 0.147ms
[1.555s][info][gc,phases,start] GC(53) Compaction Phase
[1.586s][info][gc,phases      ] GC(53) Compaction Phase 30.614ms
[1.586s][info][gc,phases,start] GC(53) Post Compact
[1.587s][info][gc,phases      ] GC(53) Post Compact 1.198ms
[1.587s][info][gc,heap        ] GC(53) PSYoungGen: 19008K(44032K)->5087K(44032K) Eden: 0K(10240K)->0K(10240K) From: 19008K(33792K)->5087K(33792K)
[1.587s][info][gc,heap        ] GC(53) ParOldGen: 231254K(244736K)->244656K(283648K)
[1.587s][info][gc,metaspace   ] GC(53) Metaspace: 6298K(6464K)->6298K(6464K) NonClass: 5764K(5824K)->5764K(5824K) Class: 533K(640K)->533K(640K)
[1.587s][info][gc             ] GC(53) Pause Full (Ergonomics) 244M->243M(320M) 100.758ms
[1.587s][info][gc,cpu         ] GC(53) User=0.48s Sys=0.03s Real=0.10s
[1.599s][info][gc,start       ] GC(54) Pause Young (Allocation Failure)
[1.620s][info][gc,heap        ] GC(54) PSYoungGen: 15327K(44032K)->13056K(43008K) Eden: 10240K(10240K)->0K(11776K) From: 5087K(33792K)->13056K(31232K)
[1.620s][info][gc,heap        ] GC(54) ParOldGen: 244656K(283648K)->247072K(283648K)
[1.620s][info][gc,metaspace   ] GC(54) Metaspace: 6298K(6464K)->6298K(6464K) NonClass: 5764K(5824K)->5764K(5824K) Class: 533K(640K)->533K(640K)
[1.620s][info][gc             ] GC(54) Pause Young (Allocation Failure) 253M->254M(319M) 21.012ms
[1.620s][info][gc,cpu         ] GC(54) User=0.08s Sys=0.03s Real=0.02s
[1.634s][info][gc,start       ] GC(55) Pause Young (Allocation Failure)
[1.648s][info][gc,heap        ] GC(55) PSYoungGen: 24832K(43008K)->24832K(44032K) Eden: 11776K(11776K)->0K(11776K) From: 13056K(31232K)->24832K(32256K)
[1.648s][info][gc,heap        ] GC(55) ParOldGen: 247072K(283648K)->247072K(283648K)
[1.648s][info][gc,metaspace   ] GC(55) Metaspace: 6298K(6464K)->6298K(6464K) NonClass: 5764K(5824K)->5764K(5824K) Class: 533K(640K)->533K(640K)
[1.648s][info][gc             ] GC(55) Pause Young (Allocation Failure) 265M->265M(320M) 14.296ms
[1.648s][info][gc,cpu         ] GC(55) User=0.00s Sys=0.00s Real=0.01s
[1.662s][info][gc,start       ] GC(56) Pause Young (Allocation Failure)
[1.681s][info][gc,heap        ] GC(56) PSYoungGen: 36608K(44032K)->33792K(41984K) Eden: 11776K(11776K)->0K(8192K) From: 24832K(32256K)->33792K(33792K)
[1.681s][info][gc,heap        ] GC(56) ParOldGen: 247072K(283648K)->249824K(283648K)
[1.681s][info][gc,metaspace   ] GC(56) Metaspace: 6298K(6464K)->6298K(6464K) NonClass: 5764K(5824K)->5764K(5824K) Class: 533K(640K)->533K(640K)
[1.681s][info][gc             ] GC(56) Pause Young (Allocation Failure) 277M->276M(318M) 18.947ms
[1.681s][info][gc,cpu         ] GC(56) User=0.08s Sys=0.03s Real=0.02s
[1.691s][info][gc,start       ] GC(57) Pause Young (Allocation Failure)
[1.710s][info][gc,heap        ] GC(57) PSYoungGen: 41984K(41984K)->30656K(47104K) Eden: 8192K(8192K)->0K(8192K) From: 33792K(33792K)->30656K(38912K)
[1.710s][info][gc,heap        ] GC(57) ParOldGen: 249824K(283648K)->261408K(283648K)
[1.710s][info][gc,metaspace   ] GC(57) Metaspace: 6298K(6464K)->6298K(6464K) NonClass: 5764K(5824K)->5764K(5824K) Class: 533K(640K)->533K(640K)
[1.710s][info][gc             ] GC(57) Pause Young (Allocation Failure) 284M->285M(323M) 19.258ms
[1.710s][info][gc,cpu         ] GC(57) User=0.03s Sys=0.00s Real=0.02s
[1.719s][info][gc,start       ] GC(58) Pause Young (Allocation Failure)
[1.737s][info][gc,heap        ] GC(58) PSYoungGen: 38848K(47104K)->27616K(50688K) Eden: 8192K(8192K)->0K(9216K) From: 30656K(38912K)->27616K(41472K)
[1.737s][info][gc,heap        ] GC(58) ParOldGen: 261408K(283648K)->272760K(283648K)
[1.737s][info][gc,metaspace   ] GC(58) Metaspace: 6298K(6464K)->6298K(6464K) NonClass: 5764K(5824K)->5764K(5824K) Class: 533K(640K)->533K(640K)
[1.737s][info][gc             ] GC(58) Pause Young (Allocation Failure) 293M->293M(326M) 18.383ms
[1.737s][info][gc,cpu         ] GC(58) User=0.06s Sys=0.02s Real=0.02s
[1.737s][info][gc,start       ] GC(59) Pause Full (Ergonomics)
[1.738s][info][gc,phases,start] GC(59) Marking Phase
[1.803s][info][gc,phases      ] GC(59) Marking Phase 65.586ms
[1.803s][info][gc,phases,start] GC(59) Summary Phase
[1.803s][info][gc,phases      ] GC(59) Summary Phase 0.018ms
[1.803s][info][gc,phases,start] GC(59) Adjust Roots
[1.803s][info][gc,phases      ] GC(59) Adjust Roots 0.150ms
[1.803s][info][gc,phases,start] GC(59) Compaction Phase
[1.834s][info][gc,phases      ] GC(59) Compaction Phase 30.925ms
[1.834s][info][gc,phases,start] GC(59) Post Compact
[1.836s][info][gc,phases      ] GC(59) Post Compact 1.526ms
[1.836s][info][gc,heap        ] GC(59) PSYoungGen: 27616K(50688K)->16245K(50688K) Eden: 0K(9216K)->0K(9216K) From: 27616K(41472K)->16245K(41472K)
[1.836s][info][gc,heap        ] GC(59) ParOldGen: 272760K(283648K)->283515K(326144K)
[1.836s][info][gc,metaspace   ] GC(59) Metaspace: 6298K(6464K)->6298K(6464K) NonClass: 5764K(5824K)->5764K(5824K) Class: 533K(640K)->533K(640K)
[1.836s][info][gc             ] GC(59) Pause Full (Ergonomics) 293M->292M(368M) 98.712ms
[1.836s][info][gc,cpu         ] GC(59) User=0.47s Sys=0.00s Real=0.10s
[1.847s][info][gc,start       ] GC(60) Pause Young (Allocation Failure)
[1.872s][info][gc,heap        ] GC(60) PSYoungGen: 25461K(50688K)->14944K(51200K) Eden: 9216K(9216K)->0K(9216K) From: 16245K(41472K)->14944K(41984K)
[1.872s][info][gc,heap        ] GC(60) ParOldGen: 283515K(326144K)->294315K(326144K)
[1.872s][info][gc,metaspace   ] GC(60) Metaspace: 6298K(6464K)->6298K(6464K) NonClass: 5764K(5824K)->5764K(5824K) Class: 533K(640K)->533K(640K)
[1.872s][info][gc             ] GC(60) Pause Young (Allocation Failure) 301M->302M(368M) 25.386ms
[1.872s][info][gc,cpu         ] GC(60) User=0.12s Sys=0.02s Real=0.03s
[1.884s][info][gc,start       ] GC(61) Pause Young (Allocation Failure)
[1.896s][info][gc,heap        ] GC(61) PSYoungGen: 24160K(51200K)->18560K(49152K) Eden: 9216K(9216K)->0K(10752K) From: 14944K(41984K)->18560K(38400K)
[1.896s][info][gc,heap        ] GC(61) ParOldGen: 294315K(326144K)->300027K(326144K)
[1.896s][info][gc,metaspace   ] GC(61) Metaspace: 6298K(6464K)->6298K(6464K) NonClass: 5764K(5824K)->5764K(5824K) Class: 533K(640K)->533K(640K)
[1.896s][info][gc             ] GC(61) Pause Young (Allocation Failure) 311M->311M(366M) 12.748ms
[1.896s][info][gc,cpu         ] GC(61) User=0.00s Sys=0.00s Real=0.01s
[1.908s][info][gc,start       ] GC(62) Pause Young (Allocation Failure)
[1.923s][info][gc,heap        ] GC(62) PSYoungGen: 29312K(49152K)->20032K(31232K) Eden: 10752K(10752K)->0K(10752K) From: 18560K(38400K)->20032K(20480K)
[1.923s][info][gc,heap        ] GC(62) ParOldGen: 300027K(326144K)->309363K(326144K)
[1.923s][info][gc,metaspace   ] GC(62) Metaspace: 6298K(6464K)->6298K(6464K) NonClass: 5764K(5824K)->5764K(5824K) Class: 533K(640K)->533K(640K)
[1.923s][info][gc             ] GC(62) Pause Young (Allocation Failure) 321M->321M(349M) 14.639ms
[1.923s][info][gc,cpu         ] GC(62) User=0.02s Sys=0.00s Real=0.01s
[1.935s][info][gc,start       ] GC(63) Pause Young (Allocation Failure)
[1.951s][info][gc,heap        ] GC(63) PSYoungGen: 30784K(31232K)->21664K(47616K) Eden: 10752K(10752K)->0K(12288K) From: 20032K(20480K)->21664K(35328K)
[1.951s][info][gc,heap        ] GC(63) ParOldGen: 309363K(326144K)->318699K(326144K)
[1.951s][info][gc,metaspace   ] GC(63) Metaspace: 6298K(6464K)->6298K(6464K) NonClass: 5764K(5824K)->5764K(5824K) Class: 533K(640K)->533K(640K)
[1.951s][info][gc             ] GC(63) Pause Young (Allocation Failure) 332M->332M(365M) 15.722ms
[1.951s][info][gc,cpu         ] GC(63) User=0.02s Sys=0.00s Real=0.02s
[1.951s][info][gc,start       ] GC(64) Pause Full (Ergonomics)
[1.951s][info][gc,phases,start] GC(64) Marking Phase
[2.027s][info][gc,phases      ] GC(64) Marking Phase 75.407ms
[2.027s][info][gc,phases,start] GC(64) Summary Phase
[2.027s][info][gc,phases      ] GC(64) Summary Phase 0.019ms
[2.027s][info][gc,phases,start] GC(64) Adjust Roots
[2.027s][info][gc,phases      ] GC(64) Adjust Roots 0.150ms
[2.027s][info][gc,phases,start] GC(64) Compaction Phase
[2.059s][info][gc,phases      ] GC(64) Compaction Phase 32.397ms
[2.059s][info][gc,phases,start] GC(64) Post Compact
[2.061s][info][gc,phases      ] GC(64) Post Compact 1.508ms
[2.061s][info][gc,heap        ] GC(64) PSYoungGen: 21664K(47616K)->13778K(48640K) Eden: 0K(12288K)->0K(13312K) From: 21664K(35328K)->13778K(35328K)
[2.061s][info][gc,heap        ] GC(64) ParOldGen: 318699K(326144K)->325798K(371712K)
[2.061s][info][gc,metaspace   ] GC(64) Metaspace: 6298K(6464K)->6298K(6464K) NonClass: 5764K(5824K)->5764K(5824K) Class: 533K(640K)->533K(640K)
[2.061s][info][gc             ] GC(64) Pause Full (Ergonomics) 332M->331M(410M) 109.987ms
[2.061s][info][gc,cpu         ] GC(64) User=0.66s Sys=0.00s Real=0.11s
[2.076s][info][gc,start       ] GC(65) Pause Young (Allocation Failure)
[2.108s][info][gc,heap        ] GC(65) PSYoungGen: 27090K(48640K)->20192K(49664K) Eden: 13312K(13312K)->0K(13312K) From: 13778K(35328K)->20192K(36352K)
[2.108s][info][gc,heap        ] GC(65) ParOldGen: 325798K(371712K)->332974K(371712K)
[2.108s][info][gc,metaspace   ] GC(65) Metaspace: 6298K(6464K)->6298K(6464K) NonClass: 5764K(5824K)->5764K(5824K) Class: 533K(640K)->533K(640K)
[2.108s][info][gc             ] GC(65) Pause Young (Allocation Failure) 344M->344M(411M) 32.306ms
[2.108s][info][gc,cpu         ] GC(65) User=0.09s Sys=0.02s Real=0.03s
[2.187s][info][gc,start       ] GC(66) Pause Young (Allocation Failure)
[2.210s][info][gc,heap        ] GC(66) PSYoungGen: 33504K(49664K)->26784K(48640K) Eden: 13312K(13312K)->0K(13824K) From: 20192K(36352K)->26784K(34816K)
[2.210s][info][gc,heap        ] GC(66) ParOldGen: 349358K(371712K)->356206K(371712K)
[2.210s][info][gc,metaspace   ] GC(66) Metaspace: 6298K(6464K)->6298K(6464K) NonClass: 5764K(5824K)->5764K(5824K) Class: 533K(640K)->533K(640K)
[2.210s][info][gc             ] GC(66) Pause Young (Allocation Failure) 373M->374M(410M) 23.284ms
[2.210s][info][gc,cpu         ] GC(66) User=0.12s Sys=0.00s Real=0.02s
[2.224s][info][gc,start       ] GC(67) Pause Young (Allocation Failure)
[2.244s][info][gc,heap        ] GC(67) PSYoungGen: 40608K(48640K)->35840K(49664K) Eden: 13824K(13824K)->0K(13824K) From: 26784K(34816K)->35840K(35840K)
[2.244s][info][gc,heap        ] GC(67) ParOldGen: 356206K(371712K)->360902K(371712K)
[2.244s][info][gc,metaspace   ] GC(67) Metaspace: 6298K(6464K)->6298K(6464K) NonClass: 5764K(5824K)->5764K(5824K) Class: 533K(640K)->533K(640K)
[2.244s][info][gc             ] GC(67) Pause Young (Allocation Failure) 387M->387M(411M) 19.618ms
[2.244s][info][gc,cpu         ] GC(67) User=0.12s Sys=0.00s Real=0.02s
[2.244s][info][gc,start       ] GC(68) Pause Full (Ergonomics)
[2.244s][info][gc,phases,start] GC(68) Marking Phase
[2.331s][info][gc,phases      ] GC(68) Marking Phase 87.310ms
[2.331s][info][gc,phases,start] GC(68) Summary Phase
[2.331s][info][gc,phases      ] GC(68) Summary Phase 0.023ms
[2.331s][info][gc,phases,start] GC(68) Adjust Roots
[2.331s][info][gc,phases      ] GC(68) Adjust Roots 0.148ms
[2.331s][info][gc,phases,start] GC(68) Compaction Phase
[2.403s][info][gc,phases      ] GC(68) Compaction Phase 71.122ms
[2.403s][info][gc,phases,start] GC(68) Post Compact
[2.405s][info][gc,phases      ] GC(68) Post Compact 2.031ms
[2.405s][info][gc,heap        ] GC(68) PSYoungGen: 35840K(49664K)->16856K(49664K) Eden: 0K(13824K)->0K(13824K) From: 35840K(35840K)->16856K(35840K)
[2.405s][info][gc,heap        ] GC(68) ParOldGen: 360902K(371712K)->371267K(418304K)
[2.405s][info][gc,metaspace   ] GC(68) Metaspace: 6298K(6464K)->6298K(6464K) NonClass: 5764K(5824K)->5764K(5824K) Class: 533K(640K)->533K(640K)
[2.405s][info][gc             ] GC(68) Pause Full (Ergonomics) 387M->379M(457M) 161.327ms
[2.405s][info][gc,cpu         ] GC(68) User=0.94s Sys=0.03s Real=0.16s
[2.420s][info][gc,start       ] GC(69) Pause Young (Allocation Failure)
[2.450s][info][gc,heap        ] GC(69) PSYoungGen: 30680K(49664K)->20032K(53760K) Eden: 13824K(13824K)->0K(15360K) From: 16856K(35840K)->20032K(38400K)
[2.450s][info][gc,heap        ] GC(69) ParOldGen: 371267K(418304K)->382267K(418304K)
[2.450s][info][gc,metaspace   ] GC(69) Metaspace: 6298K(6464K)->6298K(6464K) NonClass: 5764K(5824K)->5764K(5824K) Class: 533K(640K)->533K(640K)
[2.450s][info][gc             ] GC(69) Pause Young (Allocation Failure) 392M->392M(461M) 29.616ms
[2.450s][info][gc,cpu         ] GC(69) User=0.14s Sys=0.00s Real=0.03s
[2.466s][info][gc,start       ] GC(70) Pause Young (Allocation Failure)
[2.484s][info][gc,heap        ] GC(70) PSYoungGen: 35392K(53760K)->35360K(55296K) Eden: 15360K(15360K)->0K(15360K) From: 20032K(38400K)->35360K(39936K)
[2.484s][info][gc,heap        ] GC(70) ParOldGen: 382267K(418304K)->382267K(418304K)
[2.484s][info][gc,metaspace   ] GC(70) Metaspace: 6298K(6464K)->6298K(6464K) NonClass: 5764K(5824K)->5764K(5824K) Class: 533K(640K)->533K(640K)
[2.484s][info][gc             ] GC(70) Pause Young (Allocation Failure) 407M->407M(462M) 17.870ms
[2.484s][info][gc,cpu         ] GC(70) User=0.06s Sys=0.00s Real=0.02s
[2.500s][info][gc,start       ] GC(71) Pause Young (Allocation Failure)
[2.524s][info][gc,heap        ] GC(71) PSYoungGen: 50720K(55296K)->43008K(52224K) Eden: 15360K(15360K)->0K(9216K) From: 35360K(39936K)->43008K(43008K)
[2.524s][info][gc,heap        ] GC(71) ParOldGen: 382267K(418304K)->389923K(418304K)
[2.524s][info][gc,metaspace   ] GC(71) Metaspace: 6298K(6464K)->6298K(6464K) NonClass: 5764K(5824K)->5764K(5824K) Class: 533K(640K)->533K(640K)
[2.524s][info][gc             ] GC(71) Pause Young (Allocation Failure) 422M->422M(459M) 24.073ms
[2.524s][info][gc,cpu         ] GC(71) User=0.09s Sys=0.03s Real=0.02s
[2.533s][info][gc,start       ] GC(72) Pause Young (Allocation Failure)
[2.556s][info][gc,heap        ] GC(72) PSYoungGen: 52224K(52224K)->37184K(60416K) Eden: 9216K(9216K)->0K(9216K) From: 43008K(43008K)->37184K(51200K)
[2.556s][info][gc,heap        ] GC(72) ParOldGen: 389923K(418304K)->405283K(418304K)
[2.556s][info][gc,metaspace   ] GC(72) Metaspace: 6298K(6464K)->6298K(6464K) NonClass: 5764K(5824K)->5764K(5824K) Class: 533K(640K)->533K(640K)
[2.556s][info][gc             ] GC(72) Pause Young (Allocation Failure) 431M->432M(467M) 23.481ms
[2.556s][info][gc,cpu         ] GC(72) User=0.12s Sys=0.02s Real=0.02s
[2.556s][info][gc,start       ] GC(73) Pause Full (Ergonomics)
[2.556s][info][gc,phases,start] GC(73) Marking Phase
[2.652s][info][gc,phases      ] GC(73) Marking Phase 95.337ms
[2.652s][info][gc,phases,start] GC(73) Summary Phase
[2.652s][info][gc,phases      ] GC(73) Summary Phase 0.023ms
[2.652s][info][gc,phases,start] GC(73) Adjust Roots
[2.652s][info][gc,phases      ] GC(73) Adjust Roots 0.175ms
[2.652s][info][gc,phases,start] GC(73) Compaction Phase
[2.704s][info][gc,phases      ] GC(73) Compaction Phase 52.446ms
[2.704s][info][gc,phases,start] GC(73) Post Compact
[2.707s][info][gc,phases      ] GC(73) Post Compact 2.280ms
[2.707s][info][gc,heap        ] GC(73) PSYoungGen: 37184K(60416K)->23687K(60416K) Eden: 0K(9216K)->0K(9216K) From: 37184K(51200K)->23687K(51200K)
[2.707s][info][gc,heap        ] GC(73) ParOldGen: 405283K(418304K)->418063K(471040K)
[2.707s][info][gc,metaspace   ] GC(73) Metaspace: 6298K(6464K)->6298K(6464K) NonClass: 5764K(5824K)->5764K(5824K) Class: 533K(640K)->533K(640K)
[2.707s][info][gc             ] GC(73) Pause Full (Ergonomics) 432M->431M(519M) 150.806ms
[2.707s][info][gc,cpu         ] GC(73) User=0.86s Sys=0.05s Real=0.15s
[2.717s][info][gc,start       ] GC(74) Pause Young (Allocation Failure)
[2.749s][info][gc,heap        ] GC(74) PSYoungGen: 32903K(60416K)->24608K(58368K) Eden: 9216K(9216K)->0K(10240K) From: 23687K(51200K)->24608K(48128K)
[2.749s][info][gc,heap        ] GC(74) ParOldGen: 418063K(471040K)->426663K(471040K)
[2.749s][info][gc,metaspace   ] GC(74) Metaspace: 6298K(6464K)->6298K(6464K) NonClass: 5764K(5824K)->5764K(5824K) Class: 533K(640K)->533K(640K)
[2.749s][info][gc             ] GC(74) Pause Young (Allocation Failure) 440M->440M(517M) 32.284ms
[2.749s][info][gc,cpu         ] GC(74) User=0.12s Sys=0.00s Real=0.03s
[2.760s][info][gc,start       ] GC(75) Pause Young (Allocation Failure)
[2.776s][info][gc,heap        ] GC(75) PSYoungGen: 34848K(58368K)->34816K(60928K) Eden: 10240K(10240K)->0K(10240K) From: 24608K(48128K)->34816K(50688K)
[2.776s][info][gc,heap        ] GC(75) ParOldGen: 426663K(471040K)->426663K(471040K)
[2.777s][info][gc,metaspace   ] GC(75) Metaspace: 6298K(6464K)->6298K(6464K) NonClass: 5764K(5824K)->5764K(5824K) Class: 533K(640K)->533K(640K)
[2.777s][info][gc             ] GC(75) Pause Young (Allocation Failure) 450M->450M(519M) 16.744ms
[2.777s][info][gc,cpu         ] GC(75) User=0.05s Sys=0.00s Real=0.02s
[2.787s][info][gc,start       ] GC(76) Pause Young (Allocation Failure)
[2.808s][info][gc,heap        ] GC(76) PSYoungGen: 45056K(60928K)->36288K(61952K) Eden: 10240K(10240K)->0K(10752K) From: 34816K(50688K)->36288K(51200K)
[2.809s][info][gc,heap        ] GC(76) ParOldGen: 426663K(471040K)->435535K(471040K)
[2.809s][info][gc,metaspace   ] GC(76) Metaspace: 6298K(6464K)->6298K(6464K) NonClass: 5764K(5824K)->5764K(5824K) Class: 533K(640K)->533K(640K)
[2.809s][info][gc             ] GC(76) Pause Young (Allocation Failure) 460M->460M(520M) 21.343ms
[2.809s][info][gc,cpu         ] GC(76) User=0.14s Sys=0.00s Real=0.02s
[2.820s][info][gc,start       ] GC(77) Pause Young (Allocation Failure)
[2.843s][info][gc,heap        ] GC(77) PSYoungGen: 47040K(61952K)->40480K(62464K) Eden: 10752K(10752K)->0K(10752K) From: 36288K(51200K)->40480K(51712K)
[2.843s][info][gc,heap        ] GC(77) ParOldGen: 435535K(471040K)->442119K(471040K)
[2.843s][info][gc,metaspace   ] GC(77) Metaspace: 6298K(6464K)->6298K(6464K) NonClass: 5764K(5824K)->5764K(5824K) Class: 533K(640K)->533K(640K)
[2.843s][info][gc             ] GC(77) Pause Young (Allocation Failure) 471M->471M(521M) 22.654ms
[2.843s][info][gc,cpu         ] GC(77) User=0.23s Sys=0.02s Real=0.02s
[2.855s][info][gc,start       ] GC(78) Pause Young (Allocation Failure)
[2.880s][info][gc,heap        ] GC(78) PSYoungGen: 51232K(62464K)->31904K(62976K) Eden: 10752K(10752K)->0K(12288K) From: 40480K(51712K)->31904K(50688K)
[2.880s][info][gc,heap        ] GC(78) ParOldGen: 442119K(471040K)->461807K(471040K)
[2.880s][info][gc,metaspace   ] GC(78) Metaspace: 6298K(6464K)->6298K(6464K) NonClass: 5764K(5824K)->5764K(5824K) Class: 533K(640K)->533K(640K)
[2.880s][info][gc             ] GC(78) Pause Young (Allocation Failure) 481M->482M(521M) 24.904ms
[2.880s][info][gc,cpu         ] GC(78) User=0.12s Sys=0.00s Real=0.02s
[2.880s][info][gc,start       ] GC(79) Pause Full (Ergonomics)
[2.880s][info][gc,phases,start] GC(79) Marking Phase
[2.991s][info][gc,phases      ] GC(79) Marking Phase 110.409ms
[2.991s][info][gc,phases,start] GC(79) Summary Phase
[2.991s][info][gc,phases      ] GC(79) Summary Phase 0.027ms
[2.991s][info][gc,phases,start] GC(79) Adjust Roots
[2.991s][info][gc,phases      ] GC(79) Adjust Roots 0.159ms
[2.991s][info][gc,phases,start] GC(79) Compaction Phase
[3.045s][info][gc,phases      ] GC(79) Compaction Phase 53.602ms
[3.045s][info][gc,phases,start] GC(79) Post Compact
[3.047s][info][gc,phases      ] GC(79) Post Compact 2.583ms
[3.048s][info][gc,heap        ] GC(79) PSYoungGen: 31904K(62976K)->21940K(64512K) Eden: 0K(12288K)->0K(13824K) From: 31904K(50688K)->21940K(50688K)
[3.048s][info][gc,heap        ] GC(79) ParOldGen: 461807K(471040K)->470845K(529920K)
[3.048s][info][gc,metaspace   ] GC(79) Metaspace: 6298K(6464K)->6298K(6464K) NonClass: 5764K(5824K)->5764K(5824K) Class: 533K(640K)->533K(640K)
[3.048s][info][gc             ] GC(79) Pause Full (Ergonomics) 482M->481M(580M) 167.338ms
[3.048s][info][gc,cpu         ] GC(79) User=1.00s Sys=0.00s Real=0.17s
[3.062s][info][gc,start       ] GC(80) Pause Young (Allocation Failure)
[3.103s][info][gc,heap        ] GC(80) PSYoungGen: 35764K(64512K)->21216K(66048K) Eden: 13824K(13824K)->0K(13824K) From: 21940K(50688K)->21216K(52224K)
[3.103s][info][gc,heap        ] GC(80) ParOldGen: 470845K(529920K)->485749K(529920K)
[3.103s][info][gc,metaspace   ] GC(80) Metaspace: 6298K(6464K)->6298K(6464K) NonClass: 5764K(5824K)->5764K(5824K) Class: 533K(640K)->533K(640K)
[3.103s][info][gc             ] GC(80) Pause Young (Allocation Failure) 494M->495M(582M) 40.536ms
[3.103s][info][gc,cpu         ] GC(80) User=0.20s Sys=0.02s Real=0.04s
[3.119s][info][gc,start       ] GC(81) Pause Young (Allocation Failure)
[3.139s][info][gc,heap        ] GC(81) PSYoungGen: 35040K(66048K)->27776K(64000K) Eden: 13824K(13824K)->0K(15872K) From: 21216K(52224K)->27776K(48128K)
[3.139s][info][gc,heap        ] GC(81) ParOldGen: 485749K(529920K)->493149K(529920K)
[3.139s][info][gc,metaspace   ] GC(81) Metaspace: 6298K(6464K)->6298K(6464K) NonClass: 5764K(5824K)->5764K(5824K) Class: 533K(640K)->533K(640K)
[3.139s][info][gc             ] GC(81) Pause Young (Allocation Failure) 508M->508M(580M) 20.160ms
[3.139s][info][gc,cpu         ] GC(81) User=0.11s Sys=0.02s Real=0.02s
[3.156s][info][gc,start       ] GC(82) Pause Young (Allocation Failure)
[3.180s][info][gc,heap        ] GC(82) PSYoungGen: 43648K(64000K)->29824K(65536K) Eden: 15872K(15872K)->0K(15872K) From: 27776K(48128K)->29824K(49664K)
[3.180s][info][gc,heap        ] GC(82) ParOldGen: 493149K(529920K)->507173K(529920K)
[3.180s][info][gc,metaspace   ] GC(82) Metaspace: 6298K(6464K)->6298K(6464K) NonClass: 5764K(5824K)->5764K(5824K) Class: 533K(640K)->533K(640K)
[3.180s][info][gc             ] GC(82) Pause Young (Allocation Failure) 524M->524M(581M) 23.751ms
[3.180s][info][gc,cpu         ] GC(82) User=0.09s Sys=0.00s Real=0.02s
[3.197s][info][gc,start       ] GC(83) Pause Young (Allocation Failure)
[3.220s][info][gc,heap        ] GC(83) PSYoungGen: 45696K(65536K)->31872K(64512K) Eden: 15872K(15872K)->0K(17920K) From: 29824K(49664K)->31872K(46592K)
[3.220s][info][gc,heap        ] GC(83) ParOldGen: 507173K(529920K)->521189K(529920K)
[3.220s][info][gc,metaspace   ] GC(83) Metaspace: 6298K(6464K)->6298K(6464K) NonClass: 5764K(5824K)->5764K(5824K) Class: 533K(640K)->533K(640K)
[3.220s][info][gc             ] GC(83) Pause Young (Allocation Failure) 539M->540M(580M) 23.571ms
[3.220s][info][gc,cpu         ] GC(83) User=0.12s Sys=0.00s Real=0.02s
[3.220s][info][gc,start       ] GC(84) Pause Full (Ergonomics)
[3.220s][info][gc,phases,start] GC(84) Marking Phase
[3.348s][info][gc,phases      ] GC(84) Marking Phase 127.449ms
[3.348s][info][gc,phases,start] GC(84) Summary Phase
[3.348s][info][gc,phases      ] GC(84) Summary Phase 0.052ms
[3.348s][info][gc,phases,start] GC(84) Adjust Roots
[3.348s][info][gc,phases      ] GC(84) Adjust Roots 0.205ms
[3.348s][info][gc,phases,start] GC(84) Compaction Phase
[3.406s][info][gc,phases      ] GC(84) Compaction Phase 57.476ms
[3.406s][info][gc,phases,start] GC(84) Post Compact
[3.407s][info][gc,phases      ] GC(84) Post Compact 0.896ms
[3.407s][info][gc,heap        ] GC(84) PSYoungGen: 31872K(64512K)->22482K(65024K) Eden: 0K(17920K)->0K(18432K) From: 31872K(46592K)->22482K(46592K)
[3.407s][info][gc,heap        ] GC(84) ParOldGen: 521189K(529920K)->529565K(594944K)
[3.407s][info][gc,metaspace   ] GC(84) Metaspace: 6298K(6464K)->6298K(6464K) NonClass: 5764K(5824K)->5764K(5824K) Class: 533K(640K)->533K(640K)
[3.407s][info][gc             ] GC(84) Pause Full (Ergonomics) 540M->539M(644M) 186.624ms
[3.407s][info][gc,cpu         ] GC(84) User=1.17s Sys=0.00s Real=0.19s
[3.429s][info][gc,start       ] GC(85) Pause Young (Allocation Failure)
[3.472s][info][gc,heap        ] GC(85) PSYoungGen: 40914K(65024K)->18592K(65536K) Eden: 18432K(18432K)->0K(18432K) From: 22482K(46592K)->18592K(47104K)
[3.472s][info][gc,heap        ] GC(85) ParOldGen: 529565K(594944K)->552389K(594944K)
[3.472s][info][gc,metaspace   ] GC(85) Metaspace: 6298K(6464K)->6298K(6464K) NonClass: 5764K(5824K)->5764K(5824K) Class: 533K(640K)->533K(640K)
[3.472s][info][gc             ] GC(85) Pause Young (Allocation Failure) 557M->557M(645M) 42.609ms
[3.472s][info][gc,cpu         ] GC(85) User=0.27s Sys=0.06s Real=0.04s
[3.493s][info][gc,start       ] GC(86) Pause Young (Allocation Failure)
[3.513s][info][gc,heap        ] GC(86) PSYoungGen: 37024K(65536K)->36992K(66048K) Eden: 18432K(18432K)->0K(18944K) From: 18592K(47104K)->36992K(47104K)
[3.513s][info][gc,heap        ] GC(86) ParOldGen: 552389K(594944K)->552389K(594944K)
[3.513s][info][gc,metaspace   ] GC(86) Metaspace: 6298K(6464K)->6298K(6464K) NonClass: 5764K(5824K)->5764K(5824K) Class: 533K(640K)->533K(640K)
[3.513s][info][gc             ] GC(86) Pause Young (Allocation Failure) 575M->575M(645M) 20.354ms
[3.513s][info][gc,cpu         ] GC(86) User=0.11s Sys=0.00s Real=0.02s
[3.534s][info][gc,start       ] GC(87) Pause Young (Allocation Failure)
[3.564s][info][gc,heap        ] GC(87) PSYoungGen: 55936K(66048K)->37536K(67584K) Eden: 18944K(18944K)->0K(18944K) From: 36992K(47104K)->37536K(48640K)
[3.564s][info][gc,heap        ] GC(87) ParOldGen: 552389K(594944K)->571085K(594944K)
[3.564s][info][gc,metaspace   ] GC(87) Metaspace: 6298K(6464K)->6298K(6464K) NonClass: 5764K(5824K)->5764K(5824K) Class: 533K(640K)->533K(640K)
[3.564s][info][gc             ] GC(87) Pause Young (Allocation Failure) 594M->594M(647M) 29.590ms
[3.564s][info][gc,cpu         ] GC(87) User=0.14s Sys=0.00s Real=0.03s
[3.564s][info][gc,start       ] GC(88) Pause Full (Ergonomics)
[3.564s][info][gc,phases,start] GC(88) Marking Phase
[3.694s][info][gc,phases      ] GC(88) Marking Phase 129.991ms
[3.694s][info][gc,phases,start] GC(88) Summary Phase
[3.694s][info][gc,phases      ] GC(88) Summary Phase 0.030ms
[3.694s][info][gc,phases,start] GC(88) Adjust Roots
[3.694s][info][gc,phases      ] GC(88) Adjust Roots 0.157ms
[3.694s][info][gc,phases,start] GC(88) Compaction Phase
[3.751s][info][gc,phases      ] GC(88) Compaction Phase 56.971ms
[3.751s][info][gc,phases,start] GC(88) Post Compact
[3.752s][info][gc,phases      ] GC(88) Post Compact 0.999ms
[3.753s][info][gc,heap        ] GC(88) PSYoungGen: 37536K(67584K)->13301K(67584K) Eden: 0K(18944K)->0K(18944K) From: 37536K(48640K)->13301K(48640K)
[3.753s][info][gc,heap        ] GC(88) ParOldGen: 571085K(594944K)->594460K(669696K)
[3.753s][info][gc,metaspace   ] GC(88) Metaspace: 6298K(6464K)->6298K(6464K) NonClass: 5764K(5824K)->5764K(5824K) Class: 533K(640K)->533K(640K)
[3.753s][info][gc             ] GC(88) Pause Full (Ergonomics) 594M->593M(720M) 188.669ms
[3.753s][info][gc,cpu         ] GC(88) User=1.38s Sys=0.00s Real=0.19s
[3.777s][info][gc,start       ] GC(89) Pause Young (Allocation Failure)
[3.822s][info][gc,heap        ] GC(89) PSYoungGen: 32245K(67584K)->25280K(68608K) Eden: 18944K(18944K)->0K(20992K) From: 13301K(48640K)->25280K(47616K)
[3.822s][info][gc,heap        ] GC(89) ParOldGen: 594460K(669696K)->601724K(669696K)
[3.822s][info][gc,metaspace   ] GC(89) Metaspace: 6298K(6464K)->6298K(6464K) NonClass: 5764K(5824K)->5764K(5824K) Class: 533K(640K)->533K(640K)
[3.822s][info][gc             ] GC(89) Pause Young (Allocation Failure) 612M->612M(721M) 44.880ms
[3.822s][info][gc,cpu         ] GC(89) User=0.20s Sys=0.02s Real=0.04s
[3.848s][info][gc,start       ] GC(90) Pause Young (Allocation Failure)
[3.873s][info][gc,heap        ] GC(90) PSYoungGen: 46272K(68608K)->46272K(69632K) Eden: 20992K(20992K)->0K(20992K) From: 25280K(47616K)->46272K(48640K)
[3.874s][info][gc,heap        ] GC(90) ParOldGen: 601724K(669696K)->601724K(669696K)
[3.874s][info][gc,metaspace   ] GC(90) Metaspace: 6298K(6464K)->6298K(6464K) NonClass: 5764K(5824K)->5764K(5824K) Class: 533K(640K)->533K(640K)
[3.874s][info][gc             ] GC(90) Pause Young (Allocation Failure) 632M->632M(722M) 25.968ms
[3.874s][info][gc,cpu         ] GC(90) User=0.14s Sys=0.00s Real=0.03s
[3.898s][info][gc,start       ] GC(91) Pause Young (Allocation Failure)
[3.935s][info][gc,heap        ] GC(91) PSYoungGen: 67264K(69632K)->52736K(65024K) Eden: 20992K(20992K)->0K(12288K) From: 46272K(48640K)->52736K(52736K)
[3.935s][info][gc,heap        ] GC(91) ParOldGen: 601724K(669696K)->616332K(669696K)
[3.935s][info][gc,metaspace   ] GC(91) Metaspace: 6298K(6464K)->6298K(6464K) NonClass: 5764K(5824K)->5764K(5824K) Class: 533K(640K)->533K(640K)
[3.935s][info][gc             ] GC(91) Pause Young (Allocation Failure) 653M->653M(717M) 37.659ms
[3.935s][info][gc,cpu         ] GC(91) User=0.20s Sys=0.05s Real=0.04s
[3.950s][info][gc,start       ] GC(92) Pause Young (Allocation Failure)
[3.981s][info][gc,heap        ] GC(92) PSYoungGen: 65024K(65024K)->46976K(76288K) Eden: 12288K(12288K)->0K(12288K) From: 52736K(52736K)->46976K(64000K)
[3.981s][info][gc,heap        ] GC(92) ParOldGen: 616332K(669696K)->634756K(669696K)
[3.981s][info][gc,metaspace   ] GC(92) Metaspace: 6298K(6464K)->6298K(6464K) NonClass: 5764K(5824K)->5764K(5824K) Class: 533K(640K)->533K(640K)
[3.981s][info][gc             ] GC(92) Pause Young (Allocation Failure) 665M->665M(728M) 30.591ms
[3.981s][info][gc,cpu         ] GC(92) User=0.14s Sys=0.00s Real=0.03s
[3.997s][info][gc,start       ] GC(93) Pause Young (Allocation Failure)
[4.025s][info][gc,heap        ] GC(93) PSYoungGen: 59264K(76288K)->41792K(77312K) Eden: 12288K(12288K)->0K(13824K) From: 46976K(64000K)->41792K(63488K)
[4.025s][info][gc,heap        ] GC(93) ParOldGen: 634756K(669696K)->652492K(669696K)
[4.025s][info][gc,metaspace   ] GC(93) Metaspace: 6298K(6464K)->6298K(6464K) NonClass: 5764K(5824K)->5764K(5824K) Class: 533K(640K)->533K(640K)
[4.025s][info][gc             ] GC(93) Pause Young (Allocation Failure) 677M->678M(729M) 28.270ms
[4.025s][info][gc,cpu         ] GC(93) User=0.08s Sys=0.05s Real=0.03s
[4.025s][info][gc,start       ] GC(94) Pause Full (Ergonomics)
[4.025s][info][gc,phases,start] GC(94) Marking Phase
[4.175s][info][gc,phases      ] GC(94) Marking Phase 150.207ms
[4.176s][info][gc,phases,start] GC(94) Summary Phase
[4.176s][info][gc,phases      ] GC(94) Summary Phase 0.027ms
[4.176s][info][gc,phases,start] GC(94) Adjust Roots
[4.176s][info][gc,phases      ] GC(94) Adjust Roots 0.225ms
[4.176s][info][gc,phases,start] GC(94) Compaction Phase
[4.250s][info][gc,phases      ] GC(94) Compaction Phase 73.953ms
[4.250s][info][gc,phases,start] GC(94) Post Compact
[4.251s][info][gc,phases      ] GC(94) Post Compact 1.147ms
[4.251s][info][gc,heap        ] GC(94) PSYoungGen: 41792K(77312K)->23667K(78336K) Eden: 0K(13824K)->0K(14848K) From: 41792K(63488K)->23667K(63488K)
[4.251s][info][gc,heap        ] GC(94) ParOldGen: 652492K(669696K)->669443K(751104K)
[4.251s][info][gc,metaspace   ] GC(94) Metaspace: 6298K(6464K)->6298K(6464K) NonClass: 5764K(5824K)->5764K(5824K) Class: 533K(640K)->533K(640K)
[4.251s][info][gc             ] GC(94) Pause Full (Ergonomics) 678M->676M(810M) 226.144ms
[4.251s][info][gc,cpu         ] GC(94) User=1.48s Sys=0.00s Real=0.23s
[4.404s][info][gc,start       ] GC(95) Pause Young (Allocation Failure)
[4.450s][info][gc,heap        ] GC(95) PSYoungGen: 38515K(78336K)->28768K(79360K) Eden: 14848K(14848K)->0K(14848K) From: 23667K(63488K)->28768K(64512K)
[4.450s][info][gc,heap        ] GC(95) ParOldGen: 702211K(751104K)->712283K(751104K)
[4.450s][info][gc,metaspace   ] GC(95) Metaspace: 6298K(6464K)->6298K(6464K) NonClass: 5764K(5824K)->5764K(5824K) Class: 533K(640K)->533K(640K)
[4.450s][info][gc             ] GC(95) Pause Young (Allocation Failure) 723M->723M(811M) 45.989ms
[4.450s][info][gc,cpu         ] GC(95) User=0.22s Sys=0.00s Real=0.04s
[4.466s][info][gc,start       ] GC(96) Pause Young (Allocation Failure)
[4.488s][info][gc,heap        ] GC(96) PSYoungGen: 43616K(79360K)->43616K(79872K) Eden: 14848K(14848K)->0K(16384K) From: 28768K(64512K)->43616K(63488K)
[4.488s][info][gc,heap        ] GC(96) ParOldGen: 712283K(751104K)->712283K(751104K)
[4.488s][info][gc,metaspace   ] GC(96) Metaspace: 6298K(6464K)->6298K(6464K) NonClass: 5764K(5824K)->5764K(5824K) Class: 533K(640K)->533K(640K)
[4.488s][info][gc             ] GC(96) Pause Young (Allocation Failure) 738M->738M(811M) 22.701ms
[4.488s][info][gc,cpu         ] GC(96) User=0.05s Sys=0.00s Real=0.02s
[4.505s][info][gc,start       ] GC(97) Pause Young (Allocation Failure)
[4.534s][info][gc,heap        ] GC(97) PSYoungGen: 60000K(79872K)->52256K(79872K) Eden: 16384K(16384K)->0K(16384K) From: 43616K(63488K)->52256K(63488K)
[4.535s][info][gc,heap        ] GC(97) ParOldGen: 712283K(751104K)->720139K(751104K)
[4.535s][info][gc,metaspace   ] GC(97) Metaspace: 6298K(6464K)->6298K(6464K) NonClass: 5764K(5824K)->5764K(5824K) Class: 533K(640K)->533K(640K)
[4.535s][info][gc             ] GC(97) Pause Young (Allocation Failure) 754M->754M(811M) 29.171ms
[4.535s][info][gc,cpu         ] GC(97) User=0.14s Sys=0.00s Real=0.03s
[4.551s][info][gc,start       ] GC(98) Pause Young (Allocation Failure)
[4.584s][info][gc,heap        ] GC(98) PSYoungGen: 68640K(79872K)->62624K(78848K) Eden: 16384K(16384K)->0K(12288K) From: 52256K(63488K)->62624K(66560K)
[4.584s][info][gc,heap        ] GC(98) ParOldGen: 720139K(751104K)->726275K(751104K)
[4.584s][info][gc,metaspace   ] GC(98) Metaspace: 6298K(6464K)->6298K(6464K) NonClass: 5764K(5824K)->5764K(5824K) Class: 533K(640K)->533K(640K)
[4.585s][info][gc             ] GC(98) Pause Young (Allocation Failure) 770M->770M(810M) 33.088ms
[4.585s][info][gc,cpu         ] GC(98) User=0.20s Sys=0.03s Real=0.03s
[4.597s][info][gc,start       ] GC(99) Pause Young (Allocation Failure)
[4.638s][info][gc,heap        ] GC(99) PSYoungGen: 74912K(78848K)->45184K(84992K) Eden: 12288K(12288K)->0K(12288K) From: 62624K(66560K)->45184K(72704K)
[4.638s][info][gc,heap        ] GC(99) ParOldGen: 726275K(751104K)->756347K(756736K)
[4.638s][info][gc,metaspace   ] GC(99) Metaspace: 6298K(6464K)->6298K(6464K) NonClass: 5764K(5824K)->5764K(5824K) Class: 533K(640K)->533K(640K)
[4.638s][info][gc             ] GC(99) Pause Young (Allocation Failure) 782M->782M(822M) 40.624ms
[4.638s][info][gc,cpu         ] GC(99) User=0.19s Sys=0.02s Real=0.04s
[4.638s][info][gc,start       ] GC(100) Pause Full (Ergonomics)
[4.638s][info][gc,phases,start] GC(100) Marking Phase
[4.820s][info][gc,phases      ] GC(100) Marking Phase 181.878ms
[4.820s][info][gc,phases,start] GC(100) Summary Phase
[4.820s][info][gc,phases      ] GC(100) Summary Phase 0.024ms
[4.820s][info][gc,phases,start] GC(100) Adjust Roots
[4.820s][info][gc,phases      ] GC(100) Adjust Roots 0.163ms
[4.820s][info][gc,phases,start] GC(100) Compaction Phase
[4.955s][info][gc,phases      ] GC(100) Compaction Phase 135.418ms
[4.956s][info][gc,phases,start] GC(100) Post Compact
[4.957s][info][gc,phases      ] GC(100) Post Compact 1.575ms
[4.958s][info][gc,heap        ] GC(100) PSYoungGen: 45184K(84992K)->27583K(84992K) Eden: 0K(12288K)->0K(12288K) From: 45184K(72704K)->27583K(72704K)
[4.958s][info][gc,heap        ] GC(100) ParOldGen: 756347K(756736K)->756497K(845824K)
[4.958s][info][gc,metaspace   ] GC(100) Metaspace: 6298K(6464K)->6298K(6464K) NonClass: 5764K(5824K)->5764K(5824K) Class: 533K(640K)->533K(640K)
[4.958s][info][gc             ] GC(100) Pause Full (Ergonomics) 782M->765M(909M) 319.683ms
[4.958s][info][gc,cpu         ] GC(100) User=2.17s Sys=0.02s Real=0.32s
[4.973s][info][gc,start       ] GC(101) Pause Young (Allocation Failure)
[5.022s][info][gc,heap        ] GC(101) PSYoungGen: 39871K(84992K)->20192K(84992K) Eden: 12288K(12288K)->0K(13824K) From: 27583K(72704K)->20192K(71168K)
[5.022s][info][gc,heap        ] GC(101) ParOldGen: 756497K(845824K)->776601K(845824K)
[5.022s][info][gc,metaspace   ] GC(101) Metaspace: 6298K(6464K)->6298K(6464K) NonClass: 5764K(5824K)->5764K(5824K) Class: 533K(640K)->533K(640K)
[5.022s][info][gc             ] GC(101) Pause Young (Allocation Failure) 777M->778M(909M) 49.351ms
[5.022s][info][gc,cpu         ] GC(101) User=0.25s Sys=0.00s Real=0.05s
[5.036s][info][gc,start       ] GC(102) Pause Young (Allocation Failure)
[5.055s][info][gc,heap        ] GC(102) PSYoungGen: 34016K(84992K)->26240K(85504K) Eden: 13824K(13824K)->0K(13824K) From: 20192K(71168K)->26240K(71680K)
[5.056s][info][gc,heap        ] GC(102) ParOldGen: 776601K(845824K)->784473K(845824K)
[5.056s][info][gc,metaspace   ] GC(102) Metaspace: 6298K(6464K)->6298K(6464K) NonClass: 5764K(5824K)->5764K(5824K) Class: 533K(640K)->533K(640K)
[5.056s][info][gc             ] GC(102) Pause Young (Allocation Failure) 791M->791M(909M) 19.451ms
[5.056s][info][gc,cpu         ] GC(102) User=0.05s Sys=0.00s Real=0.02s
[5.070s][info][gc,start       ] GC(103) Pause Young (Allocation Failure)
[5.092s][info][gc,heap        ] GC(103) PSYoungGen: 40064K(85504K)->27744K(83456K) Eden: 13824K(13824K)->0K(15872K) From: 26240K(71680K)->27744K(67584K)
[5.092s][info][gc,heap        ] GC(103) ParOldGen: 784473K(845824K)->796937K(845824K)
[5.092s][info][gc,metaspace   ] GC(103) Metaspace: 6298K(6464K)->6298K(6464K) NonClass: 5764K(5824K)->5764K(5824K) Class: 533K(640K)->533K(640K)
[5.092s][info][gc             ] GC(103) Pause Young (Allocation Failure) 805M->805M(907M) 21.968ms
[5.092s][info][gc,cpu         ] GC(103) User=0.08s Sys=0.00s Real=0.02s
[5.109s][info][gc,start       ] GC(104) Pause Young (Allocation Failure)
[5.131s][info][gc,heap        ] GC(104) PSYoungGen: 43616K(83456K)->29824K(84992K) Eden: 15872K(15872K)->0K(15872K) From: 27744K(67584K)->29824K(69120K)
[5.131s][info][gc,heap        ] GC(104) ParOldGen: 796937K(845824K)->810945K(845824K)
[5.131s][info][gc,metaspace   ] GC(104) Metaspace: 6298K(6464K)->6298K(6464K) NonClass: 5764K(5824K)->5764K(5824K) Class: 533K(640K)->533K(640K)
[5.131s][info][gc             ] GC(104) Pause Young (Allocation Failure) 820M->821M(909M) 22.719ms
[5.131s][info][gc,cpu         ] GC(104) User=0.12s Sys=0.00s Real=0.02s
[5.148s][info][gc,start       ] GC(105) Pause Young (Allocation Failure)
[5.173s][info][gc,heap        ] GC(105) PSYoungGen: 45696K(84992K)->16000K(84480K) Eden: 15872K(15872K)->0K(17408K) From: 29824K(69120K)->16000K(67072K)
[5.173s][info][gc,heap        ] GC(105) ParOldGen: 810945K(845824K)->841017K(845824K)
[5.173s][info][gc,metaspace   ] GC(105) Metaspace: 6298K(6464K)->6298K(6464K) NonClass: 5764K(5824K)->5764K(5824K) Class: 533K(640K)->533K(640K)
[5.173s][info][gc             ] GC(105) Pause Young (Allocation Failure) 836M->836M(908M) 24.497ms
[5.173s][info][gc,cpu         ] GC(105) User=0.09s Sys=0.05s Real=0.02s
[5.173s][info][gc,start       ] GC(106) Pause Full (Ergonomics)
[5.173s][info][gc,phases,start] GC(106) Marking Phase
[5.361s][info][gc,phases      ] GC(106) Marking Phase 188.214ms
[5.361s][info][gc,phases,start] GC(106) Summary Phase
[5.361s][info][gc,phases      ] GC(106) Summary Phase 0.025ms
[5.361s][info][gc,phases,start] GC(106) Adjust Roots
[5.361s][info][gc,phases      ] GC(106) Adjust Roots 0.175ms
[5.362s][info][gc,phases,start] GC(106) Compaction Phase
[5.452s][info][gc,phases      ] GC(106) Compaction Phase 90.494ms
[5.452s][info][gc,phases,start] GC(106) Post Compact
[5.454s][info][gc,phases      ] GC(106) Post Compact 1.457ms
[5.454s][info][gc,heap        ] GC(106) PSYoungGen: 16000K(84480K)->10219K(84480K) Eden: 0K(17408K)->0K(17408K) From: 16000K(67072K)->10219K(67072K)
[5.454s][info][gc,heap        ] GC(106) ParOldGen: 841017K(845824K)->845389K(944640K)
[5.454s][info][gc,metaspace   ] GC(106) Metaspace: 6298K(6464K)->6298K(6464K) NonClass: 5764K(5824K)->5764K(5824K) Class: 533K(640K)->533K(640K)
[5.454s][info][gc             ] GC(106) Pause Full (Ergonomics) 836M->835M(1005M) 281.048ms
[5.454s][info][gc,cpu         ] GC(106) User=1.89s Sys=0.00s Real=0.28s
[5.476s][info][gc,start       ] GC(107) Pause Young (Allocation Failure)
[5.524s][info][gc,heap        ] GC(107) PSYoungGen: 27627K(84480K)->17536K(84992K) Eden: 17408K(17408K)->0K(17408K) From: 10219K(67072K)->17536K(67584K)
[5.524s][info][gc,heap        ] GC(107) ParOldGen: 845389K(944640K)->855773K(944640K)
[5.524s][info][gc,metaspace   ] GC(107) Metaspace: 6298K(6464K)->6298K(6464K) NonClass: 5764K(5824K)->5764K(5824K) Class: 533K(640K)->533K(640K)
[5.524s][info][gc             ] GC(107) Pause Young (Allocation Failure) 852M->852M(1005M) 48.345ms
[5.524s][info][gc,cpu         ] GC(107) User=0.28s Sys=0.00s Real=0.05s
[5.544s][info][gc,start       ] GC(108) Pause Young (Allocation Failure)
[5.565s][info][gc,heap        ] GC(108) PSYoungGen: 34944K(84992K)->34976K(81408K) Eden: 17408K(17408K)->0K(19456K) From: 17536K(67584K)->34976K(61952K)
[5.565s][info][gc,heap        ] GC(108) ParOldGen: 855773K(944640K)->855773K(944640K)
[5.565s][info][gc,metaspace   ] GC(108) Metaspace: 6298K(6464K)->6298K(6464K) NonClass: 5764K(5824K)->5764K(5824K) Class: 533K(640K)->533K(640K)
[5.565s][info][gc             ] GC(108) Pause Young (Allocation Failure) 869M->869M(1002M) 20.962ms
[5.565s][info][gc,cpu         ] GC(108) User=0.02s Sys=0.00s Real=0.02s
[5.586s][info][gc,start       ] GC(109) Pause Young (Allocation Failure)
[5.614s][info][gc,heap        ] GC(109) PSYoungGen: 54432K(81408K)->37024K(83968K) Eden: 19456K(19456K)->0K(19456K) From: 34976K(61952K)->37024K(64512K)
[5.614s][info][gc,heap        ] GC(109) ParOldGen: 855773K(944640K)->873421K(944640K)
[5.615s][info][gc,metaspace   ] GC(109) Metaspace: 6298K(6464K)->6298K(6464K) NonClass: 5764K(5824K)->5764K(5824K) Class: 533K(640K)->533K(640K)
[5.615s][info][gc             ] GC(109) Pause Young (Allocation Failure) 888M->889M(1004M) 28.758ms
[5.615s][info][gc,cpu         ] GC(109) User=0.20s Sys=0.03s Real=0.03s
[5.637s][info][gc,start       ] GC(110) Pause Young (Allocation Failure)
[5.666s][info][gc,heap        ] GC(110) PSYoungGen: 56480K(83968K)->39072K(83456K) Eden: 19456K(19456K)->0K(22016K) From: 37024K(64512K)->39072K(61440K)
[5.666s][info][gc,heap        ] GC(110) ParOldGen: 873421K(944640K)->891069K(944640K)
[5.666s][info][gc,metaspace   ] GC(110) Metaspace: 6298K(6464K)->6298K(6464K) NonClass: 5764K(5824K)->5764K(5824K) Class: 533K(640K)->533K(640K)
[5.666s][info][gc             ] GC(110) Pause Young (Allocation Failure) 908M->908M(1004M) 29.603ms
[5.666s][info][gc,cpu         ] GC(110) User=0.14s Sys=0.00s Real=0.03s
[5.691s][info][gc,start       ] GC(111) Pause Young (Allocation Failure)
[5.722s][info][gc,heap        ] GC(111) PSYoungGen: 61088K(83456K)->41600K(83968K) Eden: 22016K(22016K)->0K(22016K) From: 39072K(61440K)->41600K(61952K)
[5.722s][info][gc,heap        ] GC(111) ParOldGen: 891069K(944640K)->910797K(944640K)
[5.722s][info][gc,metaspace   ] GC(111) Metaspace: 6298K(6464K)->6298K(6464K) NonClass: 5764K(5824K)->5764K(5824K) Class: 533K(640K)->533K(640K)
[5.722s][info][gc             ] GC(111) Pause Young (Allocation Failure) 929M->930M(1004M) 31.082ms
[5.722s][info][gc,cpu         ] GC(111) User=0.14s Sys=0.00s Real=0.03s
[5.747s][info][gc,start       ] GC(112) Pause Young (Allocation Failure)
[5.780s][info][gc,heap        ] GC(112) PSYoungGen: 63616K(83968K)->44160K(86528K) Eden: 22016K(22016K)->0K(24064K) From: 41600K(61952K)->44160K(62464K)
[5.780s][info][gc,heap        ] GC(112) ParOldGen: 910797K(944640K)->930533K(944640K)
[5.780s][info][gc,metaspace   ] GC(112) Metaspace: 6298K(6464K)->6298K(6464K) NonClass: 5764K(5824K)->5764K(5824K) Class: 533K(640K)->533K(640K)
[5.780s][info][gc             ] GC(112) Pause Young (Allocation Failure) 951M->951M(1007M) 32.331ms
[5.780s][info][gc,cpu         ] GC(112) User=0.16s Sys=0.00s Real=0.03s
[5.780s][info][gc,start       ] GC(113) Pause Full (Ergonomics)
[5.780s][info][gc,phases,start] GC(113) Marking Phase
[6.002s][info][gc,phases      ] GC(113) Marking Phase 222.150ms
[6.002s][info][gc,phases,start] GC(113) Summary Phase
[6.002s][info][gc,phases      ] GC(113) Summary Phase 0.048ms
[6.002s][info][gc,phases,start] GC(113) Adjust Roots
[6.002s][info][gc,phases      ] GC(113) Adjust Roots 0.179ms
[6.002s][info][gc,phases,start] GC(113) Compaction Phase
[6.099s][info][gc,phases      ] GC(113) Compaction Phase 97.016ms
[6.099s][info][gc,phases,start] GC(113) Post Compact
[6.101s][info][gc,phases      ] GC(113) Post Compact 1.881ms
[6.102s][info][gc,heap        ] GC(113) PSYoungGen: 44160K(86528K)->28634K(86528K) Eden: 0K(24064K)->0K(24064K) From: 44160K(62464K)->28634K(62464K)
[6.102s][info][gc,heap        ] GC(113) ParOldGen: 930533K(944640K)->944529K(1050112K)
[6.102s][info][gc,metaspace   ] GC(113) Metaspace: 6298K(6464K)->6298K(6464K) NonClass: 5764K(5824K)->5764K(5824K) Class: 533K(640K)->533K(640K)
[6.102s][info][gc             ] GC(113) Pause Full (Ergonomics) 951M->950M(1110M) 322.118ms
[6.102s][info][gc,cpu         ] GC(113) User=2.17s Sys=0.02s Real=0.32s
[6.130s][info][gc,start       ] GC(114) Pause Young (Allocation Failure)
[6.192s][info][gc,heap        ] GC(114) PSYoungGen: 52698K(86528K)->38848K(87040K) Eden: 24064K(24064K)->0K(24064K) From: 28634K(62464K)->38848K(62976K)
[6.192s][info][gc,heap        ] GC(114) ParOldGen: 944529K(1050112K)->958761K(1050112K)
[6.192s][info][gc,metaspace   ] GC(114) Metaspace: 6298K(6464K)->6298K(6464K) NonClass: 5764K(5824K)->5764K(5824K) Class: 533K(640K)->533K(640K)
[6.193s][info][gc             ] GC(114) Pause Young (Allocation Failure) 973M->974M(1110M) 62.508ms
[6.193s][info][gc,cpu         ] GC(114) User=0.38s Sys=0.00s Real=0.06s
[6.220s][info][gc,start       ] GC(115) Pause Young (Allocation Failure)
[6.252s][info][gc,heap        ] GC(115) PSYoungGen: 62912K(87040K)->61440K(80384K) Eden: 24064K(24064K)->0K(18944K) From: 38848K(62976K)->61440K(61440K)
[6.252s][info][gc,heap        ] GC(115) ParOldGen: 958761K(1050112K)->960161K(1050112K)
[6.252s][info][gc,metaspace   ] GC(115) Metaspace: 6298K(6464K)->6298K(6464K) NonClass: 5764K(5824K)->5764K(5824K) Class: 533K(640K)->533K(640K)
[6.252s][info][gc             ] GC(115) Pause Young (Allocation Failure) 997M->997M(1104M) 32.318ms
[6.252s][info][gc,cpu         ] GC(115) User=0.14s Sys=0.00s Real=0.03s
[6.274s][info][gc,start       ] GC(116) Pause Young (Allocation Failure)
[6.314s][info][gc,heap        ] GC(116) PSYoungGen: 80384K(80384K)->42656K(88064K) Eden: 18944K(18944K)->0K(18944K) From: 61440K(61440K)->42656K(69120K)
[6.314s][info][gc,heap        ] GC(116) ParOldGen: 960161K(1050112K)->998497K(1050112K)
[6.314s][info][gc,metaspace   ] GC(116) Metaspace: 6298K(6464K)->6298K(6464K) NonClass: 5764K(5824K)->5764K(5824K) Class: 533K(640K)->533K(640K)
[6.314s][info][gc             ] GC(116) Pause Young (Allocation Failure) 1016M->1016M(1111M) 39.771ms
[6.314s][info][gc,cpu         ] GC(116) User=0.27s Sys=0.00s Real=0.04s
[6.336s][info][gc,start       ] GC(117) Pause Young (Allocation Failure)
[6.368s][info][gc,heap        ] GC(117) PSYoungGen: 61600K(88064K)->38016K(83968K) Eden: 18944K(18944K)->0K(21504K) From: 42656K(69120K)->38016K(62464K)
[6.368s][info][gc,heap        ] GC(117) ParOldGen: 998497K(1050112K)->1022353K(1050112K)
[6.368s][info][gc,metaspace   ] GC(117) Metaspace: 6298K(6464K)->6298K(6464K) NonClass: 5764K(5824K)->5764K(5824K) Class: 533K(640K)->533K(640K)
[6.368s][info][gc             ] GC(117) Pause Young (Allocation Failure) 1035M->1035M(1107M) 32.294ms
[6.368s][info][gc,cpu         ] GC(117) User=0.16s Sys=0.00s Real=0.03s
[6.368s][info][gc,start       ] GC(118) Pause Full (Ergonomics)
[6.368s][info][gc,phases,start] GC(118) Marking Phase
[6.596s][info][gc,phases      ] GC(118) Marking Phase 227.715ms
[6.596s][info][gc,phases,start] GC(118) Summary Phase
[6.596s][info][gc,phases      ] GC(118) Summary Phase 0.030ms
[6.596s][info][gc,phases,start] GC(118) Adjust Roots
[6.596s][info][gc,phases      ] GC(118) Adjust Roots 0.148ms
[6.596s][info][gc,phases,start] GC(118) Compaction Phase
[6.689s][info][gc,phases      ] GC(118) Compaction Phase 93.326ms
[6.689s][info][gc,phases,start] GC(118) Post Compact
[6.691s][info][gc,phases      ] GC(118) Post Compact 1.718ms
[6.691s][info][gc,heap        ] GC(118) PSYoungGen: 38016K(83968K)->9210K(86528K) Eden: 0K(21504K)->0K(24064K) From: 38016K(62464K)->9210K(62464K)
[6.692s][info][gc,heap        ] GC(118) ParOldGen: 1022353K(1050112K)->1049845K(1170432K)
[6.692s][info][gc,metaspace   ] GC(118) Metaspace: 6298K(6464K)->6298K(6464K) NonClass: 5764K(5824K)->5764K(5824K) Class: 533K(640K)->533K(640K)
[6.692s][info][gc             ] GC(118) Pause Full (Ergonomics) 1035M->1034M(1227M) 323.670ms
[6.692s][info][gc,cpu         ] GC(118) User=2.36s Sys=0.00s Real=0.32s
[6.719s][info][gc,start       ] GC(119) Pause Young (Allocation Failure)
[6.779s][info][gc,heap        ] GC(119) PSYoungGen: 33274K(86528K)->28864K(89088K) Eden: 24064K(24064K)->0K(24064K) From: 9210K(62464K)->28864K(65024K)
[6.779s][info][gc,heap        ] GC(119) ParOldGen: 1049845K(1170432K)->1054501K(1170432K)
[6.779s][info][gc,metaspace   ] GC(119) Metaspace: 6298K(6464K)->6298K(6464K) NonClass: 5764K(5824K)->5764K(5824K) Class: 533K(640K)->533K(640K)
[6.779s][info][gc             ] GC(119) Pause Young (Allocation Failure) 1057M->1057M(1230M) 60.326ms
[6.779s][info][gc,cpu         ] GC(119) User=0.39s Sys=0.00s Real=0.06s
[6.806s][info][gc,start       ] GC(120) Pause Young (Allocation Failure)
[6.835s][info][gc,heap        ] GC(120) PSYoungGen: 52928K(89088K)->52960K(87552K) Eden: 24064K(24064K)->0K(23552K) From: 28864K(65024K)->52960K(64000K)
[6.835s][info][gc,heap        ] GC(120) ParOldGen: 1054501K(1170432K)->1054501K(1170432K)
[6.835s][info][gc,metaspace   ] GC(120) Metaspace: 6298K(6464K)->6298K(6464K) NonClass: 5764K(5824K)->5764K(5824K) Class: 533K(640K)->533K(640K)
[6.835s][info][gc             ] GC(120) Pause Young (Allocation Failure) 1081M->1081M(1228M) 28.898ms
[6.835s][info][gc,cpu         ] GC(120) User=0.12s Sys=0.00s Real=0.03s
[6.862s][info][gc,start       ] GC(121) Pause Young (Allocation Failure)
[6.901s][info][gc,heap        ] GC(121) PSYoungGen: 76512K(87552K)->67072K(90624K) Eden: 23552K(23552K)->0K(23552K) From: 52960K(64000K)->67072K(67072K)
[6.901s][info][gc,heap        ] GC(121) ParOldGen: 1054501K(1170432K)->1063957K(1170432K)
[6.901s][info][gc,metaspace   ] GC(121) Metaspace: 6298K(6464K)->6298K(6464K) NonClass: 5764K(5824K)->5764K(5824K) Class: 533K(640K)->533K(640K)
[6.901s][info][gc             ] GC(121) Pause Young (Allocation Failure) 1104M->1104M(1231M) 38.822ms
[6.901s][info][gc,cpu         ] GC(121) User=0.23s Sys=0.03s Real=0.04s
[6.927s][info][gc,start       ] GC(122) Pause Young (Allocation Failure)
[6.973s][info][gc,heap        ] GC(122) PSYoungGen: 90624K(90624K)->67552K(98304K) Eden: 23552K(23552K)->0K(20480K) From: 67072K(67072K)->67552K(77824K)
[6.973s][info][gc,heap        ] GC(122) ParOldGen: 1063957K(1170432K)->1087445K(1170432K)
[6.973s][info][gc,metaspace   ] GC(122) Metaspace: 6298K(6464K)->6298K(6464K) NonClass: 5764K(5824K)->5764K(5824K) Class: 533K(640K)->533K(640K)
[6.973s][info][gc             ] GC(122) Pause Young (Allocation Failure) 1127M->1127M(1239M) 46.075ms
[6.973s][info][gc,cpu         ] GC(122) User=0.23s Sys=0.03s Real=0.05s
[6.996s][info][gc,start       ] GC(123) Pause Young (Allocation Failure)
[7.040s][info][gc,heap        ] GC(123) PSYoungGen: 88032K(98304K)->65984K(103936K) Eden: 20480K(20480K)->0K(20480K) From: 67552K(77824K)->65984K(83456K)
[7.041s][info][gc,heap        ] GC(123) ParOldGen: 1087445K(1170432K)->1109853K(1170432K)
[7.041s][info][gc,metaspace   ] GC(123) Metaspace: 6298K(6464K)->6298K(6464K) NonClass: 5764K(5824K)->5764K(5824K) Class: 533K(640K)->533K(640K)
[7.041s][info][gc             ] GC(123) Pause Young (Allocation Failure) 1147M->1148M(1244M) 44.195ms
[7.041s][info][gc,cpu         ] GC(123) User=0.25s Sys=0.00s Real=0.04s
[7.064s][info][gc,start       ] GC(124) Pause Young (Allocation Failure)
[7.109s][info][gc,heap        ] GC(124) PSYoungGen: 86464K(103936K)->64704K(108544K) Eden: 20480K(20480K)->0K(20992K) From: 65984K(83456K)->64704K(87552K)
[7.109s][info][gc,heap        ] GC(124) ParOldGen: 1109853K(1170432K)->1131901K(1170432K)
[7.109s][info][gc,metaspace   ] GC(124) Metaspace: 6298K(6464K)->6298K(6464K) NonClass: 5764K(5824K)->5764K(5824K) Class: 533K(640K)->533K(640K)
[7.109s][info][gc             ] GC(124) Pause Young (Allocation Failure) 1168M->1168M(1249M) 44.312ms
[7.109s][info][gc,cpu         ] GC(124) User=0.25s Sys=0.02s Real=0.04s
[7.136s][info][gc,start       ] GC(125) Pause Young (Allocation Failure)
[7.182s][info][gc,heap        ] GC(125) PSYoungGen: 85696K(108544K)->41632K(110592K) Eden: 20992K(20992K)->0K(20992K) From: 64704K(87552K)->41632K(89600K)
[7.182s][info][gc,heap        ] GC(125) ParOldGen: 1131901K(1170432K)->1176509K(1176576K)
[7.182s][info][gc,metaspace   ] GC(125) Metaspace: 6298K(6464K)->6298K(6464K) NonClass: 5764K(5824K)->5764K(5824K) Class: 533K(640K)->533K(640K)
[7.182s][info][gc             ] GC(125) Pause Young (Allocation Failure) 1189M->1189M(1257M) 46.343ms
[7.182s][info][gc,cpu         ] GC(125) User=0.25s Sys=0.02s Real=0.05s
[7.182s][info][gc,start       ] GC(126) Pause Full (Ergonomics)
[7.182s][info][gc,phases,start] GC(126) Marking Phase
[7.462s][info][gc,phases      ] GC(126) Marking Phase 279.837ms
[7.462s][info][gc,phases,start] GC(126) Summary Phase
[7.462s][info][gc,phases      ] GC(126) Summary Phase 0.028ms
[7.462s][info][gc,phases,start] GC(126) Adjust Roots
[7.462s][info][gc,phases      ] GC(126) Adjust Roots 0.182ms
[7.462s][info][gc,phases,start] GC(126) Compaction Phase
[7.610s][info][gc,phases      ] GC(126) Compaction Phase 147.683ms
[7.610s][info][gc,phases,start] GC(126) Post Compact
[7.612s][info][gc,phases      ] GC(126) Post Compact 2.213ms
[7.613s][info][gc,heap        ] GC(126) PSYoungGen: 41632K(110592K)->39879K(110592K) Eden: 0K(20992K)->0K(20992K) From: 41632K(89600K)->39879K(89600K)
[7.613s][info][gc,heap        ] GC(126) ParOldGen: 1176509K(1176576K)->1176144K(1313280K)
[7.613s][info][gc,metaspace   ] GC(126) Metaspace: 6298K(6464K)->6298K(6464K) NonClass: 5764K(5824K)->5764K(5824K) Class: 533K(640K)->533K(640K)
[7.613s][info][gc             ] GC(126) Pause Full (Ergonomics) 1189M->1187M(1390M) 430.843ms
[7.613s][info][gc,cpu         ] GC(126) User=2.66s Sys=0.00s Real=0.43s
[7.643s][info][gc,start       ] GC(127) Pause Young (Allocation Failure)
[7.727s][info][gc,heap        ] GC(127) PSYoungGen: 60871K(110592K)->21088K(110080K) Eden: 20992K(20992K)->0K(23040K) From: 39879K(89600K)->21088K(87040K)
[7.727s][info][gc,heap        ] GC(127) ParOldGen: 1176144K(1313280K)->1216632K(1313280K)
[7.727s][info][gc,metaspace   ] GC(127) Metaspace: 6298K(6464K)->6298K(6464K) NonClass: 5764K(5824K)->5764K(5824K) Class: 533K(640K)->533K(640K)
[7.727s][info][gc             ] GC(127) Pause Young (Allocation Failure) 1208M->1208M(1390M) 84.181ms
[7.727s][info][gc,cpu         ] GC(127) User=0.44s Sys=0.03s Real=0.08s
[7.755s][info][gc,start       ] GC(128) Pause Young (Allocation Failure)
[7.783s][info][gc,heap        ] GC(128) PSYoungGen: 44128K(110080K)->23200K(111104K) Eden: 23040K(23040K)->0K(23040K) From: 21088K(87040K)->23200K(88064K)
[7.783s][info][gc,heap        ] GC(128) ParOldGen: 1216632K(1313280K)->1237928K(1313280K)
[7.783s][info][gc,metaspace   ] GC(128) Metaspace: 6298K(6464K)->6298K(6464K) NonClass: 5764K(5824K)->5764K(5824K) Class: 533K(640K)->533K(640K)
[7.783s][info][gc             ] GC(128) Pause Young (Allocation Failure) 1231M->1231M(1391M) 27.426ms
[7.783s][info][gc,cpu         ] GC(128) User=0.12s Sys=0.02s Real=0.03s
[7.811s][info][gc,start       ] GC(129) Pause Young (Allocation Failure)
[7.839s][info][gc,heap        ] GC(129) PSYoungGen: 46240K(111104K)->23232K(111104K) Eden: 23040K(23040K)->0K(25600K) From: 23200K(88064K)->23232K(85504K)
[7.839s][info][gc,heap        ] GC(129) ParOldGen: 1237928K(1313280K)->1261296K(1313280K)
[7.839s][info][gc,metaspace   ] GC(129) Metaspace: 6298K(6464K)->6298K(6464K) NonClass: 5764K(5824K)->5764K(5824K) Class: 533K(640K)->533K(640K)
[7.839s][info][gc             ] GC(129) Pause Young (Allocation Failure) 1254M->1254M(1391M) 28.800ms
[7.840s][info][gc,cpu         ] GC(129) User=0.12s Sys=0.02s Real=0.03s
[7.871s][info][gc,start       ] GC(130) Pause Young (Allocation Failure)
[7.901s][info][gc,heap        ] GC(130) PSYoungGen: 48832K(111104K)->22144K(112128K) Eden: 25600K(25600K)->0K(25600K) From: 23232K(85504K)->22144K(86528K)
[7.901s][info][gc,heap        ] GC(130) ParOldGen: 1261296K(1313280K)->1284672K(1313280K)
[7.901s][info][gc,metaspace   ] GC(130) Metaspace: 6298K(6464K)->6298K(6464K) NonClass: 5764K(5824K)->5764K(5824K) Class: 533K(640K)->533K(640K)
[7.901s][info][gc             ] GC(130) Pause Young (Allocation Failure) 1279M->1276M(1392M) 29.564ms
[7.901s][info][gc,cpu         ] GC(130) User=0.11s Sys=0.00s Real=0.03s
[7.901s][info][gc,start       ] GC(131) Pause Full (Ergonomics)
[7.901s][info][gc,phases,start] GC(131) Marking Phase
[8.205s][info][gc,phases      ] GC(131) Marking Phase 303.767ms
[8.205s][info][gc,phases,start] GC(131) Summary Phase
[8.205s][info][gc,phases      ] GC(131) Summary Phase 0.056ms
[8.205s][info][gc,phases,start] GC(131) Adjust Roots
[8.205s][info][gc,phases      ] GC(131) Adjust Roots 0.258ms
[8.205s][info][gc,phases,start] GC(131) Compaction Phase
[8.329s][info][gc,phases      ] GC(131) Compaction Phase 124.029ms
[8.329s][info][gc,phases,start] GC(131) Post Compact
[8.332s][info][gc,phases      ] GC(131) Post Compact 2.539ms
[8.332s][info][gc,heap        ] GC(131) PSYoungGen: 22144K(112128K)->0K(113664K) Eden: 0K(25600K)->0K(28160K) From: 22144K(86528K)->0K(85504K)
[8.332s][info][gc,heap        ] GC(131) ParOldGen: 1284672K(1313280K)->1305001K(1450496K)
[8.332s][info][gc,metaspace   ] GC(131) Metaspace: 6298K(6464K)->6298K(6464K) NonClass: 5764K(5824K)->5764K(5824K) Class: 533K(640K)->533K(640K)
[8.332s][info][gc             ] GC(131) Pause Full (Ergonomics) 1276M->1274M(1527M) 431.474ms
[8.332s][info][gc,cpu         ] GC(131) User=2.69s Sys=0.02s Real=0.43s
[8.355s][info][gc,start       ] GC(132) Pause Young (Allocation Failure)
[8.370s][info][gc,heap        ] GC(132) PSYoungGen: 28160K(113664K)->14720K(113664K) Eden: 28160K(28160K)->0K(28160K) From: 0K(85504K)->14720K(85504K)
[8.370s][info][gc,heap        ] GC(132) ParOldGen: 1305001K(1450496K)->1305001K(1450496K)
[8.370s][info][gc,metaspace   ] GC(132) Metaspace: 6298K(6464K)->6298K(6464K) NonClass: 5764K(5824K)->5764K(5824K) Class: 533K(640K)->533K(640K)
[8.370s][info][gc             ] GC(132) Pause Young (Allocation Failure) 1301M->1288M(1527M) 15.141ms
[8.370s][info][gc,cpu         ] GC(132) User=0.00s Sys=0.00s Real=0.01s
[8.407s][info][gc,start       ] GC(133) Pause Young (Allocation Failure)
[8.433s][info][gc,heap        ] GC(133) PSYoungGen: 42880K(113664K)->41728K(109568K) Eden: 28160K(28160K)->0K(30720K) From: 14720K(85504K)->41728K(78848K)
[8.433s][info][gc,heap        ] GC(133) ParOldGen: 1305001K(1450496K)->1305001K(1450496K)
[8.433s][info][gc,metaspace   ] GC(133) Metaspace: 6298K(6464K)->6298K(6464K) NonClass: 5764K(5824K)->5764K(5824K) Class: 533K(640K)->533K(640K)
[8.433s][info][gc             ] GC(133) Pause Young (Allocation Failure) 1316M->1315M(1523M) 26.204ms
[8.433s][info][gc,cpu         ] GC(133) User=0.14s Sys=0.00s Real=0.03s
[8.470s][info][gc,start       ] GC(134) Pause Young (Allocation Failure)
[8.509s][info][gc,heap        ] GC(134) PSYoungGen: 72448K(109568K)->72480K(112640K) Eden: 30720K(30720K)->0K(30720K) From: 41728K(78848K)->72480K(81920K)
[8.509s][info][gc,heap        ] GC(134) ParOldGen: 1305001K(1450496K)->1305001K(1450496K)
[8.509s][info][gc,metaspace   ] GC(134) Metaspace: 6298K(6464K)->6298K(6464K) NonClass: 5764K(5824K)->5764K(5824K) Class: 533K(640K)->533K(640K)
[8.509s][info][gc             ] GC(134) Pause Young (Allocation Failure) 1345M->1345M(1526M) 39.564ms
[8.509s][info][gc,cpu         ] GC(134) User=0.27s Sys=0.00s Real=0.04s
[8.547s][info][gc,start       ] GC(135) Pause Young (Allocation Failure)
[8.605s][info][gc,heap        ] GC(135) PSYoungGen: 103200K(112640K)->90624K(106496K) Eden: 30720K(30720K)->0K(15872K) From: 72480K(81920K)->90624K(90624K)
[8.605s][info][gc,heap        ] GC(135) ParOldGen: 1305001K(1450496K)->1317657K(1450496K)
[8.605s][info][gc,metaspace   ] GC(135) Metaspace: 6298K(6464K)->6298K(6464K) NonClass: 5764K(5824K)->5764K(5824K) Class: 533K(640K)->533K(640K)
[8.605s][info][gc             ] GC(135) Pause Young (Allocation Failure) 1375M->1375M(1520M) 57.376ms
[8.605s][info][gc,cpu         ] GC(135) User=0.31s Sys=0.06s Real=0.06s
[8.857s][info][gc,start       ] GC(136) Pause Young (Allocation Failure)
[8.944s][info][gc,heap        ] GC(136) PSYoungGen: 106496K(106496K)->70336K(124416K) Eden: 15872K(15872K)->0K(15872K) From: 90624K(90624K)->70336K(108544K)
[8.945s][info][gc,heap        ] GC(136) ParOldGen: 1383193K(1450496K)->1419937K(1450496K)
[8.945s][info][gc,metaspace   ] GC(136) Metaspace: 6298K(6464K)->6298K(6464K) NonClass: 5764K(5824K)->5764K(5824K) Class: 533K(640K)->533K(640K)
[8.945s][info][gc             ] GC(136) Pause Young (Allocation Failure) 1454M->1455M(1538M) 87.465ms
[8.945s][info][gc,cpu         ] GC(136) User=0.47s Sys=0.03s Real=0.09s
[8.945s][info][gc,start       ] GC(137) Pause Full (Ergonomics)
[8.945s][info][gc,phases,start] GC(137) Marking Phase
[9.269s][info][gc,phases      ] GC(137) Marking Phase 324.441ms
[9.269s][info][gc,phases,start] GC(137) Summary Phase
[9.269s][info][gc,phases      ] GC(137) Summary Phase 0.032ms
[9.269s][info][gc,phases,start] GC(137) Adjust Roots
[9.269s][info][gc,phases      ] GC(137) Adjust Roots 0.257ms
[9.270s][info][gc,phases,start] GC(137) Compaction Phase
[9.610s][info][gc,phases      ] GC(137) Compaction Phase 340.236ms
[9.610s][info][gc,phases,start] GC(137) Post Compact
[9.613s][info][gc,phases      ] GC(137) Post Compact 3.137ms
[9.614s][info][gc,heap        ] GC(137) PSYoungGen: 70336K(124416K)->6209K(124416K) Eden: 0K(15872K)->0K(15872K) From: 70336K(108544K)->6209K(108544K)
[9.614s][info][gc,heap        ] GC(137) ParOldGen: 1419937K(1450496K)->1450298K(1605632K)
[9.614s][info][gc,metaspace   ] GC(137) Metaspace: 6298K(6464K)->6298K(6464K) NonClass: 5764K(5824K)->5764K(5824K) Class: 533K(640K)->533K(640K)
[9.614s][info][gc             ] GC(137) Pause Full (Ergonomics) 1455M->1422M(1689M) 669.080ms
[9.614s][info][gc,cpu         ] GC(137) User=4.75s Sys=0.02s Real=0.67s
[9.630s][info][gc,start       ] GC(138) Pause Young (Allocation Failure)
[9.709s][info][gc,heap        ] GC(138) PSYoungGen: 22081K(124416K)->22240K(124928K) Eden: 15872K(15872K)->0K(17408K) From: 6209K(108544K)->22240K(107520K)
[9.709s][info][gc,heap        ] GC(138) ParOldGen: 1450298K(1605632K)->1450298K(1605632K)
[9.709s][info][gc,metaspace   ] GC(138) Metaspace: 6298K(6464K)->6298K(6464K) NonClass: 5764K(5824K)->5764K(5824K) Class: 533K(640K)->533K(640K)
[9.710s][info][gc             ] GC(138) Pause Young (Allocation Failure) 1437M->1438M(1690M) 79.070ms
[9.710s][info][gc,cpu         ] GC(138) User=0.39s Sys=0.00s Real=0.08s
[9.726s][info][gc,start       ] GC(139) Pause Young (Allocation Failure)
[9.754s][info][gc,heap        ] GC(139) PSYoungGen: 39648K(124928K)->39616K(57344K) Eden: 17408K(17408K)->0K(17408K) From: 22240K(107520K)->39616K(39936K)
[9.754s][info][gc,heap        ] GC(139) ParOldGen: 1450298K(1605632K)->1450298K(1605632K)
[9.754s][info][gc,metaspace   ] GC(139) Metaspace: 6298K(6464K)->6298K(6464K) NonClass: 5764K(5824K)->5764K(5824K) Class: 533K(640K)->533K(640K)
[9.754s][info][gc             ] GC(139) Pause Young (Allocation Failure) 1455M->1454M(1624M) 28.553ms
[9.754s][info][gc,cpu         ] GC(139) User=0.03s Sys=0.00s Real=0.03s
[9.772s][info][gc,start       ] GC(140) Pause Young (Allocation Failure)
[9.804s][info][gc,heap        ] GC(140) PSYoungGen: 57024K(57344K)->57024K(120832K) Eden: 17408K(17408K)->0K(19456K) From: 39616K(39936K)->57024K(101376K)
[9.804s][info][gc,heap        ] GC(140) ParOldGen: 1450298K(1605632K)->1450298K(1605632K)
[9.804s][info][gc,metaspace   ] GC(140) Metaspace: 6298K(6464K)->6298K(6464K) NonClass: 5764K(5824K)->5764K(5824K) Class: 533K(640K)->533K(640K)
[9.804s][info][gc             ] GC(140) Pause Young (Allocation Failure) 1471M->1471M(1686M) 32.636ms
[9.805s][info][gc,cpu         ] GC(140) User=0.06s Sys=0.00s Real=0.03s
[9.822s][info][gc,start       ] GC(141) Pause Young (Allocation Failure)
[9.861s][info][gc,heap        ] GC(141) PSYoungGen: 76480K(120832K)->76576K(122368K) Eden: 19456K(19456K)->0K(19456K) From: 57024K(101376K)->76576K(102912K)
[9.862s][info][gc,heap        ] GC(141) ParOldGen: 1450298K(1605632K)->1450298K(1605632K)
[9.862s][info][gc,metaspace   ] GC(141) Metaspace: 6298K(6464K)->6298K(6464K) NonClass: 5764K(5824K)->5764K(5824K) Class: 533K(640K)->533K(640K)
[9.862s][info][gc             ] GC(141) Pause Young (Allocation Failure) 1490M->1491M(1687M) 39.087ms
[9.862s][info][gc,cpu         ] GC(141) User=0.16s Sys=0.00s Real=0.04s
[9.881s][info][gc,start       ] GC(142) Pause Young (Allocation Failure)
[9.928s][info][gc,heap        ] GC(142) PSYoungGen: 96032K(122368K)->92640K(119808K) Eden: 19456K(19456K)->0K(11776K) From: 76576K(102912K)->92640K(108032K)
[9.928s][info][gc,heap        ] GC(142) ParOldGen: 1450298K(1605632K)->1453706K(1605632K)
[9.928s][info][gc,metaspace   ] GC(142) Metaspace: 6298K(6464K)->6298K(6464K) NonClass: 5764K(5824K)->5764K(5824K) Class: 533K(640K)->533K(640K)
[9.928s][info][gc             ] GC(142) Pause Young (Allocation Failure) 1510M->1510M(1685M) 46.977ms
[9.928s][info][gc,cpu         ] GC(142) User=0.25s Sys=0.00s Real=0.05s
[9.940s][info][gc,start       ] GC(143) Pause Young (Allocation Failure)
[9.988s][info][gc,heap        ] GC(143) PSYoungGen: 104416K(119808K)->102624K(130048K) Eden: 11776K(11776K)->0K(11776K) From: 92640K(108032K)->102624K(118272K)
[9.988s][info][gc,heap        ] GC(143) ParOldGen: 1453706K(1605632K)->1455594K(1605632K)
[9.988s][info][gc,metaspace   ] GC(143) Metaspace: 6298K(6464K)->6298K(6464K) NonClass: 5764K(5824K)->5764K(5824K) Class: 533K(640K)->533K(640K)
[9.988s][info][gc             ] GC(143) Pause Young (Allocation Failure) 1521M->1521M(1695M) 47.835ms
[9.988s][info][gc,cpu         ] GC(143) User=0.27s Sys=0.00s Real=0.05s
[10.000s][info][gc,start       ] GC(144) Pause Young (Allocation Failure)
[10.052s][info][gc,heap        ] GC(144) PSYoungGen: 114400K(130048K)->97408K(136192K) Eden: 11776K(11776K)->0K(6656K) From: 102624K(118272K)->97408K(129536K)
[10.052s][info][gc,heap        ] GC(144) ParOldGen: 1455594K(1605632K)->1472738K(1605632K)
[10.052s][info][gc,metaspace   ] GC(144) Metaspace: 6298K(6464K)->6298K(6464K) NonClass: 5764K(5824K)->5764K(5824K) Class: 533K(640K)->533K(640K)
[10.052s][info][gc             ] GC(144) Pause Young (Allocation Failure) 1533M->1533M(1701M) 52.663ms
[10.052s][info][gc,cpu         ] GC(144) User=0.30s Sys=0.02s Real=0.05s
[10.059s][info][gc,start       ] GC(145) Pause Young (Allocation Failure)
[10.108s][info][gc,heap        ] GC(145) PSYoungGen: 104064K(136192K)->69248K(76288K) Eden: 6656K(6656K)->0K(6656K) From: 97408K(129536K)->69248K(69632K)
[10.108s][info][gc,heap        ] GC(145) ParOldGen: 1472738K(1605632K)->1507970K(1605632K)
[10.108s][info][gc,metaspace   ] GC(145) Metaspace: 6298K(6464K)->6298K(6464K) NonClass: 5764K(5824K)->5764K(5824K) Class: 533K(640K)->533K(640K)
[10.108s][info][gc             ] GC(145) Pause Young (Allocation Failure) 1539M->1540M(1642M) 48.381ms
[10.108s][info][gc,cpu         ] GC(145) User=0.27s Sys=0.00s Real=0.05s
[10.114s][info][gc,start       ] GC(146) Pause Young (Allocation Failure)
[10.153s][info][gc,heap        ] GC(146) PSYoungGen: 75904K(76288K)->36960K(135680K) Eden: 6656K(6656K)->0K(8192K) From: 69248K(69632K)->36960K(127488K)
[10.153s][info][gc,heap        ] GC(146) ParOldGen: 1507970K(1605632K)->1547370K(1605632K)
[10.153s][info][gc,metaspace   ] GC(146) Metaspace: 6298K(6464K)->6298K(6464K) NonClass: 5764K(5824K)->5764K(5824K) Class: 533K(640K)->533K(640K)
[10.153s][info][gc             ] GC(146) Pause Young (Allocation Failure) 1546M->1547M(1700M) 38.861ms
[10.153s][info][gc,cpu         ] GC(146) User=0.19s Sys=0.00s Real=0.04s
[10.162s][info][gc,start       ] GC(147) Pause Young (Allocation Failure)
[10.191s][info][gc,heap        ] GC(147) PSYoungGen: 45152K(135680K)->21600K(137728K) Eden: 8192K(8192K)->0K(8192K) From: 36960K(127488K)->21600K(129536K)
[10.191s][info][gc,heap        ] GC(147) ParOldGen: 1547370K(1605632K)->1571210K(1605632K)
[10.191s][info][gc,metaspace   ] GC(147) Metaspace: 6298K(6464K)->6298K(6464K) NonClass: 5764K(5824K)->5764K(5824K) Class: 533K(640K)->533K(640K)
[10.191s][info][gc             ] GC(147) Pause Young (Allocation Failure) 1555M->1555M(1702M) 29.552ms
[10.191s][info][gc,cpu         ] GC(147) User=0.06s Sys=0.00s Real=0.03s
[10.191s][info][gc,start       ] GC(148) Pause Full (Ergonomics)
[10.191s][info][gc,phases,start] GC(148) Marking Phase
[10.541s][info][gc,phases      ] GC(148) Marking Phase 349.509ms
[10.541s][info][gc,phases,start] GC(148) Summary Phase
[10.541s][info][gc,phases      ] GC(148) Summary Phase 0.042ms
[10.541s][info][gc,phases,start] GC(148) Adjust Roots
[10.541s][info][gc,phases      ] GC(148) Adjust Roots 0.190ms
[10.541s][info][gc,phases,start] GC(148) Compaction Phase
[10.709s][info][gc,phases      ] GC(148) Compaction Phase 167.550ms
[10.709s][info][gc,phases,start] GC(148) Post Compact
[10.712s][info][gc,phases      ] GC(148) Post Compact 2.771ms
[10.712s][info][gc,heap        ] GC(148) PSYoungGen: 21600K(137728K)->0K(139776K) Eden: 0K(8192K)->0K(10240K) From: 21600K(129536K)->0K(129536K)
[10.712s][info][gc,heap        ] GC(148) ParOldGen: 1571210K(1605632K)->1590850K(1763328K)
[10.712s][info][gc,metaspace   ] GC(148) Metaspace: 6298K(6464K)->6298K(6464K) NonClass: 5764K(5824K)->5764K(5824K) Class: 533K(640K)->533K(640K)
[10.712s][info][gc             ] GC(148) Pause Full (Ergonomics) 1555M->1553M(1858M) 520.965ms
[10.712s][info][gc,cpu         ] GC(148) User=3.56s Sys=0.02s Real=0.52s
[10.723s][info][gc,start       ] GC(149) Pause Young (Allocation Failure)
[10.740s][info][gc,heap        ] GC(149) PSYoungGen: 10240K(139776K)->10336K(139776K) Eden: 10240K(10240K)->0K(10240K) From: 0K(129536K)->10336K(129536K)
[10.741s][info][gc,heap        ] GC(149) ParOldGen: 1590850K(1763328K)->1590850K(1763328K)
[10.741s][info][gc,metaspace   ] GC(149) Metaspace: 6298K(6464K)->6298K(6464K) NonClass: 5764K(5824K)->5764K(5824K) Class: 533K(640K)->533K(640K)
[10.741s][info][gc             ] GC(149) Pause Young (Allocation Failure) 1563M->1563M(1858M) 17.460ms
[10.741s][info][gc,cpu         ] GC(149) User=0.02s Sys=0.00s Real=0.02s
[10.751s][info][gc,start       ] GC(150) Pause Young (Allocation Failure)
[10.771s][info][gc,heap        ] GC(150) PSYoungGen: 20576K(139776K)->10368K(140800K) Eden: 10240K(10240K)->0K(11776K) From: 10336K(129536K)->10368K(129024K)
[10.771s][info][gc,heap        ] GC(150) ParOldGen: 1590850K(1763328K)->1601218K(1763328K)
[10.771s][info][gc,metaspace   ] GC(150) Metaspace: 6298K(6464K)->6298K(6464K) NonClass: 5764K(5824K)->5764K(5824K) Class: 533K(640K)->533K(640K)
[10.771s][info][gc             ] GC(150) Pause Young (Allocation Failure) 1573M->1573M(1859M) 20.293ms
[10.771s][info][gc,cpu         ] GC(150) User=0.02s Sys=0.00s Real=0.02s
[10.783s][info][gc,start       ] GC(151) Pause Young (Allocation Failure)
[10.804s][info][gc,heap        ] GC(151) PSYoungGen: 22144K(140800K)->11904K(141312K) Eden: 11776K(11776K)->0K(11776K) From: 10368K(129024K)->11904K(129536K)
[10.804s][info][gc,heap        ] GC(151) ParOldGen: 1601218K(1763328K)->1611594K(1763328K)
[10.804s][info][gc,metaspace   ] GC(151) Metaspace: 6298K(6464K)->6298K(6464K) NonClass: 5764K(5824K)->5764K(5824K) Class: 533K(640K)->533K(640K)
[10.804s][info][gc             ] GC(151) Pause Young (Allocation Failure) 1585M->1585M(1860M) 21.671ms
[10.804s][info][gc,cpu         ] GC(151) User=0.02s Sys=0.00s Real=0.02s
[10.816s][info][gc,start       ] GC(152) Pause Young (Allocation Failure)
[10.837s][info][gc,heap        ] GC(152) PSYoungGen: 23680K(141312K)->11872K(136192K) Eden: 11776K(11776K)->0K(13824K) From: 11904K(129536K)->11872K(122368K)
[10.837s][info][gc,heap        ] GC(152) ParOldGen: 1611594K(1763328K)->1623506K(1763328K)
[10.837s][info][gc,metaspace   ] GC(152) Metaspace: 6298K(6464K)->6298K(6464K) NonClass: 5764K(5824K)->5764K(5824K) Class: 533K(640K)->533K(640K)
[10.837s][info][gc             ] GC(152) Pause Young (Allocation Failure) 1596M->1597M(1855M) 21.118ms
[10.837s][info][gc,cpu         ] GC(152) User=0.03s Sys=0.02s Real=0.02s
[10.851s][info][gc,start       ] GC(153) Pause Young (Allocation Failure)
[10.875s][info][gc,heap        ] GC(153) PSYoungGen: 25696K(136192K)->13952K(28160K) Eden: 13824K(13824K)->0K(13824K) From: 11872K(122368K)->13952K(14336K)
[10.875s][info][gc,heap        ] GC(153) ParOldGen: 1623506K(1763328K)->1635426K(1763328K)
[10.875s][info][gc,metaspace   ] GC(153) Metaspace: 6298K(6464K)->6298K(6464K) NonClass: 5764K(5824K)->5764K(5824K) Class: 533K(640K)->533K(640K)
[10.875s][info][gc             ] GC(153) Pause Young (Allocation Failure) 1610M->1610M(1749M) 24.209ms
[10.875s][info][gc,cpu         ] GC(153) User=0.05s Sys=0.00s Real=0.03s
[10.889s][info][gc,start       ] GC(154) Pause Young (Allocation Failure)
[10.913s][info][gc,heap        ] GC(154) PSYoungGen: 27776K(28160K)->13952K(129024K) Eden: 13824K(13824K)->0K(15872K) From: 13952K(14336K)->13952K(113152K)
[10.913s][info][gc,heap        ] GC(154) ParOldGen: 1635426K(1763328K)->1649442K(1763328K)
[10.913s][info][gc,metaspace   ] GC(154) Metaspace: 6298K(6464K)->6298K(6464K) NonClass: 5764K(5824K)->5764K(5824K) Class: 533K(640K)->533K(640K)
[10.913s][info][gc             ] GC(154) Pause Young (Allocation Failure) 1624M->1624M(1848M) 23.368ms
[10.913s][info][gc,cpu         ] GC(154) User=0.02s Sys=0.00s Real=0.02s
[10.929s][info][gc,start       ] GC(155) Pause Young (Allocation Failure)
[10.953s][info][gc,heap        ] GC(155) PSYoungGen: 29824K(129024K)->16000K(32256K) Eden: 15872K(15872K)->0K(15872K) From: 13952K(113152K)->16000K(16384K)
[10.953s][info][gc,heap        ] GC(155) ParOldGen: 1649442K(1763328K)->1663434K(1763328K)
[10.953s][info][gc,metaspace   ] GC(155) Metaspace: 6298K(6464K)->6298K(6464K) NonClass: 5764K(5824K)->5764K(5824K) Class: 533K(640K)->533K(640K)
[10.953s][info][gc             ] GC(155) Pause Young (Allocation Failure) 1639M->1640M(1753M) 24.101ms
[10.953s][info][gc,cpu         ] GC(155) User=0.03s Sys=0.00s Real=0.03s
[10.969s][info][gc,start       ] GC(156) Pause Young (Allocation Failure)
[10.994s][info][gc,heap        ] GC(156) PSYoungGen: 31872K(32256K)->16000K(120832K) Eden: 15872K(15872K)->0K(18432K) From: 16000K(16384K)->16000K(102400K)
[10.994s][info][gc,heap        ] GC(156) ParOldGen: 1663434K(1763328K)->1679506K(1763328K)
[10.994s][info][gc,metaspace   ] GC(156) Metaspace: 6298K(6464K)->6298K(6464K) NonClass: 5764K(5824K)->5764K(5824K) Class: 533K(640K)->533K(640K)
[10.994s][info][gc             ] GC(156) Pause Young (Allocation Failure) 1655M->1655M(1840M) 25.052ms
[10.994s][info][gc,cpu         ] GC(156) User=0.03s Sys=0.00s Real=0.03s
[11.013s][info][gc,start       ] GC(157) Pause Young (Allocation Failure)
[11.039s][info][gc,heap        ] GC(157) PSYoungGen: 34432K(120832K)->18560K(37376K) Eden: 18432K(18432K)->0K(18432K) From: 16000K(102400K)->18560K(18944K)
[11.039s][info][gc,heap        ] GC(157) ParOldGen: 1679506K(1763328K)->1695578K(1763328K)
[11.039s][info][gc,metaspace   ] GC(157) Metaspace: 6298K(6464K)->6298K(6464K) NonClass: 5764K(5824K)->5764K(5824K) Class: 533K(640K)->533K(640K)
[11.040s][info][gc             ] GC(157) Pause Young (Allocation Failure) 1673M->1673M(1758M) 26.074ms
[11.040s][info][gc,cpu         ] GC(157) User=0.03s Sys=0.00s Real=0.03s
[11.060s][info][gc,start       ] GC(158) Pause Young (Allocation Failure)
[11.088s][info][gc,heap        ] GC(158) PSYoungGen: 36992K(37376K)->18592K(113152K) Eden: 18432K(18432K)->0K(20992K) From: 18560K(18944K)->18592K(92160K)
[11.088s][info][gc,heap        ] GC(158) ParOldGen: 1695578K(1763328K)->1714242K(1763328K)
[11.088s][info][gc,metaspace   ] GC(158) Metaspace: 6298K(6464K)->6298K(6464K) NonClass: 5764K(5824K)->5764K(5824K) Class: 533K(640K)->533K(640K)
[11.088s][info][gc             ] GC(158) Pause Young (Allocation Failure) 1691M->1692M(1832M) 27.964ms
[11.088s][info][gc,cpu         ] GC(158) User=0.05s Sys=0.00s Real=0.03s
[11.111s][info][gc,start       ] GC(159) Pause Young (Allocation Failure)
[11.142s][info][gc,heap        ] GC(159) PSYoungGen: 39584K(113152K)->21152K(42496K) Eden: 20992K(20992K)->0K(20992K) From: 18592K(92160K)->21152K(21504K)
[11.142s][info][gc,heap        ] GC(159) ParOldGen: 1714242K(1763328K)->1732930K(1763328K)
[11.142s][info][gc,metaspace   ] GC(159) Metaspace: 6298K(6464K)->6298K(6464K) NonClass: 5764K(5824K)->5764K(5824K) Class: 533K(640K)->533K(640K)
[11.142s][info][gc             ] GC(159) Pause Young (Allocation Failure) 1712M->1712M(1763M) 30.730ms
[11.142s][info][gc,cpu         ] GC(159) User=0.06s Sys=0.00s Real=0.03s
[11.142s][info][gc,start       ] GC(160) Pause Full (Ergonomics)
[11.142s][info][gc,phases,start] GC(160) Marking Phase
[11.529s][info][gc,phases      ] GC(160) Marking Phase 386.627ms
[11.529s][info][gc,phases,start] GC(160) Summary Phase
[11.529s][info][gc,phases      ] GC(160) Summary Phase 0.039ms
[11.529s][info][gc,phases,start] GC(160) Adjust Roots
[11.529s][info][gc,phases      ] GC(160) Adjust Roots 0.158ms
[11.529s][info][gc,phases,start] GC(160) Compaction Phase
[11.700s][info][gc,phases      ] GC(160) Compaction Phase 170.325ms
[11.700s][info][gc,phases,start] GC(160) Post Compact
[11.703s][info][gc,phases      ] GC(160) Post Compact 3.122ms
[11.703s][info][gc,heap        ] GC(160) PSYoungGen: 21152K(42496K)->0K(116224K) Eden: 0K(20992K)->0K(24064K) From: 21152K(21504K)->0K(92160K)
[11.703s][info][gc,heap        ] GC(160) ParOldGen: 1732930K(1763328K)->1751781K(1920000K)
[11.703s][info][gc,metaspace   ] GC(160) Metaspace: 6298K(6464K)->6298K(6464K) NonClass: 5764K(5824K)->5764K(5824K) Class: 533K(640K)->533K(640K)
[11.703s][info][gc             ] GC(160) Pause Full (Ergonomics) 1712M->1710M(1988M) 561.180ms
[11.703s][info][gc,cpu         ] GC(160) User=4.03s Sys=0.00s Real=0.56s
[11.729s][info][gc,start       ] GC(161) Pause Young (Allocation Failure)
[11.753s][info][gc,heap        ] GC(161) PSYoungGen: 24064K(116224K)->24224K(48640K) Eden: 24064K(24064K)->0K(24064K) From: 0K(92160K)->24224K(24576K)
[11.753s][info][gc,heap        ] GC(161) ParOldGen: 1751781K(1920000K)->1751781K(1920000K)
[11.753s][info][gc,metaspace   ] GC(161) Metaspace: 6298K(6464K)->6298K(6464K) NonClass: 5764K(5824K)->5764K(5824K) Class: 533K(640K)->533K(640K)
[11.753s][info][gc             ] GC(161) Pause Young (Allocation Failure) 1734M->1734M(1922M) 24.458ms
[11.753s][info][gc,cpu         ] GC(161) User=0.03s Sys=0.00s Real=0.03s
[11.780s][info][gc,start       ] GC(162) Pause Young (Allocation Failure)
[11.812s][info][gc,heap        ] GC(162) PSYoungGen: 48288K(48640K)->48288K(111616K) Eden: 24064K(24064K)->0K(25088K) From: 24224K(24576K)->48288K(86528K)
[11.812s][info][gc,heap        ] GC(162) ParOldGen: 1751781K(1920000K)->1751781K(1920000K)
[11.812s][info][gc,metaspace   ] GC(162) Metaspace: 6298K(6464K)->6298K(6464K) NonClass: 5764K(5824K)->5764K(5824K) Class: 533K(640K)->533K(640K)
[11.812s][info][gc             ] GC(162) Pause Young (Allocation Failure) 1757M->1757M(1984M) 31.930ms
[11.812s][info][gc,cpu         ] GC(162) User=0.05s Sys=0.00s Real=0.03s
[11.838s][info][gc,start       ] GC(163) Pause Young (Allocation Failure)
[11.877s][info][gc,heap        ] GC(163) PSYoungGen: 73376K(111616K)->73408K(113152K) Eden: 25088K(25088K)->0K(25088K) From: 48288K(86528K)->73408K(88064K)
[11.877s][info][gc,heap        ] GC(163) ParOldGen: 1751781K(1920000K)->1751781K(1920000K)
[11.877s][info][gc,metaspace   ] GC(163) Metaspace: 6298K(6464K)->6298K(6464K) NonClass: 5764K(5824K)->5764K(5824K) Class: 533K(640K)->533K(640K)
[11.877s][info][gc             ] GC(163) Pause Young (Allocation Failure) 1782M->1782M(1985M) 39.244ms
[11.877s][info][gc,cpu         ] GC(163) User=0.17s Sys=0.00s Real=0.04s
[11.905s][info][gc,start       ] GC(164) Pause Young (Allocation Failure)
[11.954s][info][gc,heap        ] GC(164) PSYoungGen: 98496K(113152K)->74400K(117760K) Eden: 25088K(25088K)->0K(19456K) From: 73408K(88064K)->74400K(98304K)
[11.955s][info][gc,heap        ] GC(164) ParOldGen: 1751781K(1920000K)->1776165K(1920000K)
[11.955s][info][gc,metaspace   ] GC(164) Metaspace: 6298K(6464K)->6298K(6464K) NonClass: 5764K(5824K)->5764K(5824K) Class: 533K(640K)->533K(640K)
[11.955s][info][gc             ] GC(164) Pause Young (Allocation Failure) 1806M->1807M(1990M) 49.661ms
[11.955s][info][gc,cpu         ] GC(164) User=0.28s Sys=0.00s Real=0.05s
[11.976s][info][gc,start       ] GC(165) Pause Young (Allocation Failure)
[12.022s][info][gc,heap        ] GC(165) PSYoungGen: 93856K(117760K)->69824K(125952K) Eden: 19456K(19456K)->0K(19456K) From: 74400K(98304K)->69824K(106496K)
[12.022s][info][gc,heap        ] GC(165) ParOldGen: 1776165K(1920000K)->1800541K(1920000K)
[12.022s][info][gc,metaspace   ] GC(165) Metaspace: 6298K(6464K)->6298K(6464K) NonClass: 5764K(5824K)->5764K(5824K) Class: 533K(640K)->533K(640K)
[12.022s][info][gc             ] GC(165) Pause Young (Allocation Failure) 1826M->1826M(1998M) 46.334ms
[12.022s][info][gc,cpu         ] GC(165) User=0.36s Sys=0.00s Real=0.05s
[12.045s][info][gc,start       ] GC(166) Pause Young (Allocation Failure)
[12.089s][info][gc,heap        ] GC(166) PSYoungGen: 89280K(125952K)->64160K(132608K) Eden: 19456K(19456K)->0K(20992K) From: 69824K(106496K)->64160K(111616K)
[12.089s][info][gc,heap        ] GC(166) ParOldGen: 1800541K(1920000K)->1825957K(1920000K)
[12.089s][info][gc,metaspace   ] GC(166) Metaspace: 6298K(6464K)->6298K(6464K) NonClass: 5764K(5824K)->5764K(5824K) Class: 533K(640K)->533K(640K)
[12.089s][info][gc             ] GC(166) Pause Young (Allocation Failure) 1845M->1845M(2004M) 43.993ms
[12.089s][info][gc,cpu         ] GC(166) User=0.27s Sys=0.00s Real=0.04s
[12.113s][info][gc,start       ] GC(167) Pause Young (Allocation Failure)
[12.157s][info][gc,heap        ] GC(167) PSYoungGen: 85152K(132608K)->40576K(61952K) Eden: 20992K(20992K)->0K(20992K) From: 64160K(111616K)->40576K(40960K)
[12.157s][info][gc,heap        ] GC(167) ParOldGen: 1825957K(1920000K)->1871061K(1920000K)
[12.157s][info][gc,metaspace   ] GC(167) Metaspace: 6298K(6464K)->6298K(6464K) NonClass: 5764K(5824K)->5764K(5824K) Class: 533K(640K)->533K(640K)
[12.157s][info][gc             ] GC(167) Pause Young (Allocation Failure) 1866M->1866M(1935M) 43.861ms
[12.157s][info][gc,cpu         ] GC(167) User=0.27s Sys=0.00s Real=0.04s
[12.179s][info][gc,start       ] GC(168) Pause Young (Allocation Failure)
[12.215s][info][gc,heap        ] GC(168) PSYoungGen: 61568K(61952K)->21088K(125440K) Eden: 20992K(20992K)->0K(24064K) From: 40576K(40960K)->21088K(101376K)
[12.215s][info][gc,heap        ] GC(168) ParOldGen: 1871061K(1920000K)->1912037K(1920000K)
[12.215s][info][gc,metaspace   ] GC(168) Metaspace: 6298K(6464K)->6298K(6464K) NonClass: 5764K(5824K)->5764K(5824K) Class: 533K(640K)->533K(640K)
[12.215s][info][gc             ] GC(168) Pause Young (Allocation Failure) 1887M->1887M(1997M) 35.342ms
[12.215s][info][gc,cpu         ] GC(168) User=0.17s Sys=0.02s Real=0.04s
[12.215s][info][gc,start       ] GC(169) Pause Full (Ergonomics)
[12.215s][info][gc,phases,start] GC(169) Marking Phase
[12.640s][info][gc,phases      ] GC(169) Marking Phase 424.977ms
[12.640s][info][gc,phases,start] GC(169) Summary Phase
[12.640s][info][gc,phases      ] GC(169) Summary Phase 0.032ms
[12.640s][info][gc,phases,start] GC(169) Adjust Roots
[12.640s][info][gc,phases      ] GC(169) Adjust Roots 0.162ms
[12.640s][info][gc,phases,start] GC(169) Compaction Phase
[12.831s][info][gc,phases      ] GC(169) Compaction Phase 190.753ms
[12.831s][info][gc,phases,start] GC(169) Post Compact
[12.834s][info][gc,phases      ] GC(169) Post Compact 3.589ms
[12.835s][info][gc,heap        ] GC(169) PSYoungGen: 21088K(125440K)->10738K(128000K) Eden: 0K(24064K)->0K(26624K) From: 21088K(101376K)->10738K(101376K)
[12.835s][info][gc,heap        ] GC(169) ParOldGen: 1912037K(1920000K)->1919982K(2122752K)
[12.835s][info][gc,metaspace   ] GC(169) Metaspace: 6298K(6464K)->6298K(6464K) NonClass: 5764K(5824K)->5764K(5824K) Class: 533K(640K)->533K(640K)
[12.835s][info][gc             ] GC(169) Pause Full (Ergonomics) 1887M->1885M(2198M) 620.560ms
[12.835s][info][gc,cpu         ] GC(169) User=4.19s Sys=0.03s Real=0.62s
[12.864s][info][gc,start       ] GC(170) Pause Young (Allocation Failure)
[12.965s][info][gc,heap        ] GC(170) PSYoungGen: 37362K(128000K)->26752K(53760K) Eden: 26624K(26624K)->0K(26624K) From: 10738K(101376K)->26752K(27136K)
[12.965s][info][gc,heap        ] GC(170) ParOldGen: 1919982K(2122752K)->1930886K(2122752K)
[12.965s][info][gc,metaspace   ] GC(170) Metaspace: 6298K(6464K)->6298K(6464K) NonClass: 5764K(5824K)->5764K(5824K) Class: 533K(640K)->533K(640K)
[12.965s][info][gc             ] GC(170) Pause Young (Allocation Failure) 1911M->1911M(2125M) 101.407ms
[12.965s][info][gc,cpu         ] GC(170) User=0.61s Sys=0.00s Real=0.10s
[12.996s][info][gc,start       ] GC(171) Pause Young (Allocation Failure)
[13.032s][info][gc,heap        ] GC(171) PSYoungGen: 53376K(53760K)->26784K(122880K) Eden: 26624K(26624K)->0K(29696K) From: 26752K(27136K)->26784K(93184K)
[13.032s][info][gc,heap        ] GC(171) ParOldGen: 1930886K(2122752K)->1957878K(2122752K)
[13.032s][info][gc,metaspace   ] GC(171) Metaspace: 6298K(6464K)->6298K(6464K) NonClass: 5764K(5824K)->5764K(5824K) Class: 533K(640K)->533K(640K)
[13.032s][info][gc             ] GC(171) Pause Young (Allocation Failure) 1937M->1938M(2193M) 35.294ms
[13.032s][info][gc,cpu         ] GC(171) User=0.16s Sys=0.00s Real=0.03s
[13.072s][info][gc,start       ] GC(172) Pause Young (Allocation Failure)
[13.108s][info][gc,heap        ] GC(172) PSYoungGen: 56480K(122880K)->29888K(59904K) Eden: 29696K(29696K)->0K(29696K) From: 26784K(93184K)->29888K(30208K)
[13.108s][info][gc,heap        ] GC(172) ParOldGen: 1957878K(2122752K)->1984878K(2122752K)
[13.108s][info][gc,metaspace   ] GC(172) Metaspace: 6298K(6464K)->6298K(6464K) NonClass: 5764K(5824K)->5764K(5824K) Class: 533K(640K)->533K(640K)
[13.108s][info][gc             ] GC(172) Pause Young (Allocation Failure) 1967M->1967M(2131M) 36.317ms
[13.108s][info][gc,cpu         ] GC(172) User=0.16s Sys=0.00s Real=0.04s
[13.145s][info][gc,start       ] GC(173) Pause Young (Allocation Failure)
[13.183s][info][gc,heap        ] GC(173) PSYoungGen: 59584K(59904K)->29888K(116736K) Eden: 29696K(29696K)->0K(32768K) From: 29888K(30208K)->29888K(83968K)
[13.183s][info][gc,heap        ] GC(173) ParOldGen: 1984878K(2122752K)->2014990K(2122752K)
[13.183s][info][gc,metaspace   ] GC(173) Metaspace: 6298K(6464K)->6298K(6464K) NonClass: 5764K(5824K)->5764K(5824K) Class: 533K(640K)->533K(640K)
[13.183s][info][gc             ] GC(173) Pause Young (Allocation Failure) 1996M->1996M(2187M) 37.970ms
[13.183s][info][gc,cpu         ] GC(173) User=0.16s Sys=0.00s Real=0.04s
[13.218s][info][gc,start       ] GC(174) Pause Young (Allocation Failure)
[13.257s][info][gc,heap        ] GC(174) PSYoungGen: 62656K(116736K)->32928K(66048K) Eden: 32768K(32768K)->0K(32768K) From: 29888K(83968K)->32928K(33280K)
[13.257s][info][gc,heap        ] GC(174) ParOldGen: 2014990K(2122752K)->2045094K(2122752K)
[13.257s][info][gc,metaspace   ] GC(174) Metaspace: 6298K(6464K)->6298K(6464K) NonClass: 5764K(5824K)->5764K(5824K) Class: 533K(640K)->533K(640K)
[13.257s][info][gc             ] GC(174) Pause Young (Allocation Failure) 2028M->2029M(2137M) 38.319ms
[13.257s][info][gc,cpu         ] GC(174) User=0.23s Sys=0.00s Real=0.04s
[13.293s][info][gc,start       ] GC(175) Pause Young (Allocation Failure)
[13.332s][info][gc,heap        ] GC(175) PSYoungGen: 65696K(66048K)->32928K(112128K) Eden: 32768K(32768K)->0K(36352K) From: 32928K(33280K)->32928K(75776K)
[13.332s][info][gc,heap        ] GC(175) ParOldGen: 2045094K(2122752K)->2078310K(2122752K)
[13.332s][info][gc,metaspace   ] GC(175) Metaspace: 6298K(6464K)->6298K(6464K) NonClass: 5764K(5824K)->5764K(5824K) Class: 533K(640K)->533K(640K)
[13.332s][info][gc             ] GC(175) Pause Young (Allocation Failure) 2061M->2061M(2182M) 38.933ms
[13.332s][info][gc,cpu         ] GC(175) User=0.23s Sys=0.02s Real=0.04s
[13.332s][info][gc,start       ] GC(176) Pause Full (Ergonomics)
[13.332s][info][gc,phases,start] GC(176) Marking Phase
[13.802s][info][gc,phases      ] GC(176) Marking Phase 470.281ms
[13.802s][info][gc,phases,start] GC(176) Summary Phase
[13.802s][info][gc,phases      ] GC(176) Summary Phase 0.049ms
[13.802s][info][gc,phases,start] GC(176) Adjust Roots
[13.802s][info][gc,phases      ] GC(176) Adjust Roots 0.164ms
[13.802s][info][gc,phases,start] GC(176) Compaction Phase
[13.990s][info][gc,phases      ] GC(176) Compaction Phase 187.892ms
[13.990s][info][gc,phases,start] GC(176) Post Compact
[13.994s][info][gc,phases      ] GC(176) Post Compact 4.008ms
[13.995s][info][gc,heap        ] GC(176) PSYoungGen: 32928K(112128K)->0K(116224K) Eden: 0K(36352K)->0K(36352K) From: 32928K(75776K)->0K(79872K)
[13.995s][info][gc,heap        ] GC(176) ParOldGen: 2078310K(2122752K)->2108705K(2329088K)
[13.995s][info][gc,metaspace   ] GC(176) Metaspace: 6298K(6464K)->6298K(6464K) NonClass: 5764K(5824K)->5764K(5824K) Class: 533K(640K)->533K(640K)
[13.995s][info][gc             ] GC(176) Pause Full (Ergonomics) 2061M->2059M(2388M) 663.460ms
[13.995s][info][gc,cpu         ] GC(176) User=4.94s Sys=0.06s Real=0.66s
[14.034s][info][gc,start       ] GC(177) Pause Young (Allocation Failure)
[14.061s][info][gc,heap        ] GC(177) PSYoungGen: 36352K(116224K)->36544K(110080K) Eden: 36352K(36352K)->0K(39936K) From: 0K(79872K)->36544K(70144K)
[14.061s][info][gc,heap        ] GC(177) ParOldGen: 2108705K(2329088K)->2108705K(2329088K)
[14.061s][info][gc,metaspace   ] GC(177) Metaspace: 6298K(6464K)->6298K(6464K) NonClass: 5764K(5824K)->5764K(5824K) Class: 533K(640K)->533K(640K)
[14.061s][info][gc             ] GC(177) Pause Young (Allocation Failure) 2094M->2094M(2382M) 26.695ms
[14.061s][info][gc,cpu         ] GC(177) User=0.05s Sys=0.00s Real=0.03s
[14.103s][info][gc,start       ] GC(178) Pause Young (Allocation Failure)
[14.144s][info][gc,heap        ] GC(178) PSYoungGen: 76480K(110080K)->75264K(115200K) Eden: 39936K(39936K)->0K(39936K) From: 36544K(70144K)->75264K(75264K)
[14.145s][info][gc,heap        ] GC(178) ParOldGen: 2108705K(2329088K)->2109881K(2329088K)
[14.145s][info][gc,metaspace   ] GC(178) Metaspace: 6298K(6464K)->6298K(6464K) NonClass: 5764K(5824K)->5764K(5824K) Class: 533K(640K)->533K(640K)
[14.145s][info][gc             ] GC(178) Pause Young (Allocation Failure) 2133M->2133M(2387M) 41.689ms
[14.145s][info][gc,cpu         ] GC(178) User=0.25s Sys=0.00s Real=0.04s
[14.194s][info][gc,start       ] GC(179) Pause Young (Allocation Failure)
[14.255s][info][gc,heap        ] GC(179) PSYoungGen: 115200K(115200K)->40128K(121856K) Eden: 39936K(39936K)->0K(44032K) From: 75264K(75264K)->40128K(77824K)
[14.256s][info][gc,heap        ] GC(179) ParOldGen: 2109881K(2329088K)->2186033K(2329088K)
[14.256s][info][gc,metaspace   ] GC(179) Metaspace: 6298K(6464K)->6298K(6464K) NonClass: 5764K(5824K)->5764K(5824K) Class: 533K(640K)->533K(640K)
[14.256s][info][gc             ] GC(179) Pause Young (Allocation Failure) 2172M->2173M(2393M) 61.408ms
[14.256s][info][gc,cpu         ] GC(179) User=0.30s Sys=0.12s Real=0.06s
[14.311s][info][gc,start       ] GC(180) Pause Young (Allocation Failure)
[14.357s][info][gc,heap        ] GC(180) PSYoungGen: 84160K(121856K)->81920K(125952K) Eden: 44032K(44032K)->0K(44032K) From: 40128K(77824K)->81920K(81920K)
[14.357s][info][gc,heap        ] GC(180) ParOldGen: 2186033K(2329088K)->2188257K(2329088K)
[14.357s][info][gc,metaspace   ] GC(180) Metaspace: 6298K(6464K)->6298K(6464K) NonClass: 5764K(5824K)->5764K(5824K) Class: 533K(640K)->533K(640K)
[14.357s][info][gc             ] GC(180) Pause Young (Allocation Failure) 2216M->2216M(2397M) 45.621ms
[14.357s][info][gc,cpu         ] GC(180) User=0.27s Sys=0.00s Real=0.05s
[14.407s][info][gc,start       ] GC(181) Pause Young (Allocation Failure)
[14.472s][info][gc,heap        ] GC(181) PSYoungGen: 125952K(125952K)->44256K(132608K) Eden: 44032K(44032K)->0K(48640K) From: 81920K(81920K)->44256K(83968K)
[14.473s][info][gc,heap        ] GC(181) ParOldGen: 2188257K(2329088K)->2271057K(2329088K)
[14.473s][info][gc,metaspace   ] GC(181) Metaspace: 6298K(6464K)->6298K(6464K) NonClass: 5764K(5824K)->5764K(5824K) Class: 533K(640K)->533K(640K)
[14.473s][info][gc             ] GC(181) Pause Young (Allocation Failure) 2259M->2261M(2404M) 65.785ms
[14.473s][info][gc,cpu         ] GC(181) User=0.34s Sys=0.05s Real=0.07s
[14.473s][info][gc,start       ] GC(182) Pause Full (Ergonomics)
[14.473s][info][gc,phases,start] GC(182) Marking Phase
[14.991s][info][gc,phases      ] GC(182) Marking Phase 518.287ms
[14.991s][info][gc,phases,start] GC(182) Summary Phase
[14.991s][info][gc,phases      ] GC(182) Summary Phase 0.057ms
[14.991s][info][gc,phases,start] GC(182) Adjust Roots
[14.991s][info][gc,phases      ] GC(182) Adjust Roots 0.168ms
[14.991s][info][gc,phases,start] GC(182) Compaction Phase
[15.187s][info][gc,phases      ] GC(182) Compaction Phase 195.437ms
[15.187s][info][gc,phases,start] GC(182) Post Compact
[15.191s][info][gc,phases      ] GC(182) Post Compact 4.408ms
[15.192s][info][gc,heap        ] GC(182) PSYoungGen: 44256K(132608K)->0K(137728K) Eden: 0K(48640K)->0K(48640K) From: 44256K(83968K)->0K(89088K)
[15.192s][info][gc,heap        ] GC(182) ParOldGen: 2271057K(2329088K)->2312839K(2585600K)
[15.192s][info][gc,metaspace   ] GC(182) Metaspace: 6298K(6464K)->6298K(6464K) NonClass: 5764K(5824K)->5764K(5824K) Class: 533K(640K)->533K(640K)
[15.192s][info][gc             ] GC(182) Pause Full (Ergonomics) 2261M->2258M(2659M) 719.735ms
[15.192s][info][gc,cpu         ] GC(182) User=5.45s Sys=0.06s Real=0.72s
[15.250s][info][gc,start       ] GC(183) Pause Young (Allocation Failure)
[15.283s][info][gc,heap        ] GC(183) PSYoungGen: 48640K(137728K)->48800K(135680K) Eden: 48640K(48640K)->0K(52736K) From: 0K(89088K)->48800K(82944K)
[15.283s][info][gc,heap        ] GC(183) ParOldGen: 2312839K(2585600K)->2312839K(2585600K)
[15.283s][info][gc,metaspace   ] GC(183) Metaspace: 6298K(6464K)->6298K(6464K) NonClass: 5764K(5824K)->5764K(5824K) Class: 533K(640K)->533K(640K)
[15.283s][info][gc             ] GC(183) Pause Young (Allocation Failure) 2306M->2306M(2657M) 32.759ms
[15.283s][info][gc,cpu         ] GC(183) User=0.14s Sys=0.00s Real=0.03s
[15.345s][info][gc,start       ] GC(184) Pause Young (Allocation Failure)
[15.401s][info][gc,heap        ] GC(184) PSYoungGen: 101536K(135680K)->86528K(139264K) Eden: 52736K(52736K)->0K(52736K) From: 48800K(82944K)->86528K(86528K)
[15.401s][info][gc,heap        ] GC(184) ParOldGen: 2312839K(2585600K)->2327959K(2585600K)
[15.401s][info][gc,metaspace   ] GC(184) Metaspace: 6298K(6464K)->6298K(6464K) NonClass: 5764K(5824K)->5764K(5824K) Class: 533K(640K)->533K(640K)
[15.401s][info][gc             ] GC(184) Pause Young (Allocation Failure) 2357M->2357M(2661M) 55.318ms
[15.401s][info][gc,cpu         ] GC(184) User=0.33s Sys=0.02s Real=0.05s
[15.464s][info][gc,start       ] GC(185) Pause Young (Allocation Failure)
[15.543s][info][gc,heap        ] GC(185) PSYoungGen: 139264K(139264K)->98784K(147456K) Eden: 52736K(52736K)->0K(44544K) From: 86528K(86528K)->98784K(102912K)
[15.543s][info][gc,heap        ] GC(185) ParOldGen: 2327959K(2585600K)->2368951K(2585600K)
[15.543s][info][gc,metaspace   ] GC(185) Metaspace: 6298K(6464K)->6298K(6464K) NonClass: 5764K(5824K)->5764K(5824K) Class: 533K(640K)->533K(640K)
[15.543s][info][gc             ] GC(185) Pause Young (Allocation Failure) 2409M->2409M(2669M) 79.123ms
[15.543s][info][gc,cpu         ] GC(185) User=0.48s Sys=0.03s Real=0.08s
[15.597s][info][gc,start       ] GC(186) Pause Young (Allocation Failure)
[15.670s][info][gc,heap        ] GC(186) PSYoungGen: 143328K(147456K)->115712K(160256K) Eden: 44544K(44544K)->0K(44544K) From: 98784K(102912K)->115712K(115712K)
[15.670s][info][gc,heap        ] GC(186) ParOldGen: 2368951K(2585600K)->2396751K(2585600K)
[15.670s][info][gc,metaspace   ] GC(186) Metaspace: 6298K(6464K)->6298K(6464K) NonClass: 5764K(5824K)->5764K(5824K) Class: 533K(640K)->533K(640K)
[15.670s][info][gc             ] GC(186) Pause Young (Allocation Failure) 2453M->2453M(2681M) 73.050ms
[15.670s][info][gc,cpu         ] GC(186) User=0.52s Sys=0.00s Real=0.07s
[15.725s][info][gc,start       ] GC(187) Pause Young (Allocation Failure)
[15.814s][info][gc,heap        ] GC(187) PSYoungGen: 160256K(160256K)->79360K(188416K) Eden: 44544K(44544K)->0K(49664K) From: 115712K(115712K)->79360K(138752K)
[15.814s][info][gc,heap        ] GC(187) ParOldGen: 2396751K(2585600K)->2478447K(2585600K)
[15.814s][info][gc,metaspace   ] GC(187) Metaspace: 6298K(6464K)->6298K(6464K) NonClass: 5764K(5824K)->5764K(5824K) Class: 533K(640K)->533K(640K)
[15.814s][info][gc             ] GC(187) Pause Young (Allocation Failure) 2497M->2497M(2709M) 89.273ms
[15.814s][info][gc,cpu         ] GC(187) User=0.73s Sys=0.02s Real=0.09s
[15.877s][info][gc,start       ] GC(188) Pause Young (Allocation Failure)
[15.949s][info][gc,heap        ] GC(188) PSYoungGen: 129024K(188416K)->129056K(189952K) Eden: 49664K(49664K)->0K(49664K) From: 79360K(138752K)->129056K(140288K)
[15.949s][info][gc,heap        ] GC(188) ParOldGen: 2478447K(2585600K)->2478447K(2585600K)
[15.949s][info][gc,metaspace   ] GC(188) Metaspace: 6298K(6464K)->6298K(6464K) NonClass: 5764K(5824K)->5764K(5824K) Class: 533K(640K)->533K(640K)
[15.949s][info][gc             ] GC(188) Pause Young (Allocation Failure) 2546M->2546M(2710M) 71.506ms
[15.949s][info][gc,cpu         ] GC(188) User=0.47s Sys=0.00s Real=0.07s
[16.015s][info][gc,start       ] GC(189) Pause Young (Allocation Failure)
[16.117s][info][gc,heap        ] GC(189) PSYoungGen: 178720K(189952K)->144224K(193024K) Eden: 49664K(49664K)->0K(36864K) From: 129056K(140288K)->144224K(156160K)
[16.117s][info][gc,heap        ] GC(189) ParOldGen: 2478447K(2585600K)->2513351K(2585600K)
[16.117s][info][gc,metaspace   ] GC(189) Metaspace: 6298K(6464K)->6298K(6464K) NonClass: 5764K(5824K)->5764K(5824K) Class: 533K(640K)->533K(640K)
[16.117s][info][gc             ] GC(189) Pause Young (Allocation Failure) 2594M->2595M(2713M) 101.434ms
[16.117s][info][gc,cpu         ] GC(189) User=0.58s Sys=0.08s Real=0.10s
[16.117s][info][gc,start       ] GC(190) Pause Full (Ergonomics)
[16.117s][info][gc,phases,start] GC(190) Marking Phase
[16.703s][info][gc,phases      ] GC(190) Marking Phase 586.690ms
[16.703s][info][gc,phases,start] GC(190) Summary Phase
[16.704s][info][gc,phases      ] GC(190) Summary Phase 0.044ms
[16.704s][info][gc,phases,start] GC(190) Adjust Roots
[16.704s][info][gc,phases      ] GC(190) Adjust Roots 0.182ms
[16.704s][info][gc,phases,start] GC(190) Compaction Phase
[16.938s][info][gc,phases      ] GC(190) Compaction Phase 234.135ms
[16.938s][info][gc,phases,start] GC(190) Post Compact
[16.943s][info][gc,phases      ] GC(190) Post Compact 4.873ms
[16.944s][info][gc,heap        ] GC(190) PSYoungGen: 144224K(193024K)->69660K(193024K) Eden: 0K(36864K)->0K(36864K) From: 144224K(156160K)->69660K(156160K)
[16.944s][info][gc,heap        ] GC(190) ParOldGen: 2513351K(2585600K)->2585481K(2877440K)
[16.944s][info][gc,metaspace   ] GC(190) Metaspace: 6298K(6464K)->6298K(6464K) NonClass: 5764K(5824K)->5764K(5824K) Class: 533K(640K)->533K(640K)
[16.944s][info][gc             ] GC(190) Pause Full (Ergonomics) 2595M->2592M(2998M) 827.369ms
[16.944s][info][gc,cpu         ] GC(190) User=6.27s Sys=0.05s Real=0.83s
[16.992s][info][gc,start       ] GC(191) Pause Young (Allocation Failure)
[17.165s][info][gc,heap        ] GC(191) PSYoungGen: 106524K(193024K)->83168K(120320K) Eden: 36864K(36864K)->0K(36864K) From: 69660K(156160K)->83168K(83456K)
[17.165s][info][gc,heap        ] GC(191) ParOldGen: 2585481K(2877440K)->2609425K(2877440K)
[17.165s][info][gc,metaspace   ] GC(191) Metaspace: 6298K(6464K)->6298K(6464K) NonClass: 5764K(5824K)->5764K(5824K) Class: 533K(640K)->533K(640K)
[17.165s][info][gc             ] GC(191) Pause Young (Allocation Failure) 2628M->2629M(2927M) 173.232ms
[17.165s][info][gc,cpu         ] GC(191) User=1.27s Sys=0.02s Real=0.17s
[17.207s][info][gc,start       ] GC(192) Pause Young (Allocation Failure)
[17.273s][info][gc,heap        ] GC(192) PSYoungGen: 120032K(120320K)->120032K(200704K) Eden: 36864K(36864K)->0K(34304K) From: 83168K(83456K)->120032K(166400K)
[17.273s][info][gc,heap        ] GC(192) ParOldGen: 2609425K(2877440K)->2609425K(2877440K)
[17.273s][info][gc,metaspace   ] GC(192) Metaspace: 6298K(6464K)->6298K(6464K) NonClass: 5764K(5824K)->5764K(5824K) Class: 533K(640K)->533K(640K)
[17.273s][info][gc             ] GC(192) Pause Young (Allocation Failure) 2665M->2665M(3006M) 65.905ms
[17.273s][info][gc,cpu         ] GC(192) User=0.41s Sys=0.00s Real=0.06s
[17.314s][info][gc,start       ] GC(193) Pause Young (Allocation Failure)
[17.402s][info][gc,heap        ] GC(193) PSYoungGen: 154336K(200704K)->154432K(206848K) Eden: 34304K(34304K)->0K(34304K) From: 120032K(166400K)->154432K(172544K)
[17.402s][info][gc,heap        ] GC(193) ParOldGen: 2609425K(2877440K)->2609425K(2877440K)
[17.402s][info][gc,metaspace   ] GC(193) Metaspace: 6298K(6464K)->6298K(6464K) NonClass: 5764K(5824K)->5764K(5824K) Class: 533K(640K)->533K(640K)
[17.402s][info][gc             ] GC(193) Pause Young (Allocation Failure) 2698M->2699M(3012M) 88.513ms
[17.402s][info][gc,cpu         ] GC(193) User=0.52s Sys=0.00s Real=0.09s
[17.442s][info][gc,start       ] GC(194) Pause Young (Allocation Failure)
[17.552s][info][gc,heap        ] GC(194) PSYoungGen: 188736K(206848K)->164928K(210944K) Eden: 34304K(34304K)->0K(20992K) From: 154432K(172544K)->164928K(189952K)
[17.552s][info][gc,heap        ] GC(194) ParOldGen: 2609425K(2877440K)->2633401K(2877440K)
[17.552s][info][gc,metaspace   ] GC(194) Metaspace: 6298K(6464K)->6298K(6464K) NonClass: 5764K(5824K)->5764K(5824K) Class: 533K(640K)->533K(640K)
[17.552s][info][gc             ] GC(194) Pause Young (Allocation Failure) 2732M->2732M(3016M) 109.805ms
[17.552s][info][gc,cpu         ] GC(194) User=0.73s Sys=0.03s Real=0.11s
[17.576s][info][gc,start       ] GC(195) Pause Young (Allocation Failure)
[17.683s][info][gc,heap        ] GC(195) PSYoungGen: 185920K(210944K)->163616K(228352K) Eden: 20992K(20992K)->0K(20992K) From: 164928K(189952K)->163616K(207360K)
[17.683s][info][gc,heap        ] GC(195) ParOldGen: 2633401K(2877440K)->2655889K(2877440K)
[17.683s][info][gc,metaspace   ] GC(195) Metaspace: 6298K(6464K)->6298K(6464K) NonClass: 5764K(5824K)->5764K(5824K) Class: 533K(640K)->533K(640K)
[17.683s][info][gc             ] GC(195) Pause Young (Allocation Failure) 2753M->2753M(3033M) 107.089ms
[17.683s][info][gc,cpu         ] GC(195) User=0.66s Sys=0.02s Real=0.11s
[18.220s][info][gc,start       ] GC(196) Pause Young (Allocation Failure)
[18.367s][info][gc,heap        ] GC(196) PSYoungGen: 184608K(228352K)->110880K(225280K) Eden: 20992K(20992K)->0K(23552K) From: 163616K(207360K)->110880K(201728K)
[18.367s][info][gc,heap        ] GC(196) ParOldGen: 2786961K(2877440K)->2861329K(2877440K)
[18.367s][info][gc,metaspace   ] GC(196) Metaspace: 6298K(6464K)->6298K(6464K) NonClass: 5764K(5824K)->5764K(5824K) Class: 533K(640K)->533K(640K)
[18.367s][info][gc             ] GC(196) Pause Young (Allocation Failure) 2901M->2902M(3030M) 146.753ms
[18.367s][info][gc,cpu         ] GC(196) User=1.11s Sys=0.02s Real=0.15s
[18.367s][info][gc,start       ] GC(197) Pause Full (Ergonomics)
[18.367s][info][gc,phases,start] GC(197) Marking Phase
[19.014s][info][gc,phases      ] GC(197) Marking Phase 646.698ms
[19.014s][info][gc,phases,start] GC(197) Summary Phase
[19.014s][info][gc,phases      ] GC(197) Summary Phase 0.045ms
[19.014s][info][gc,phases,start] GC(197) Adjust Roots
[19.014s][info][gc,phases      ] GC(197) Adjust Roots 0.176ms
[19.014s][info][gc,phases,start] GC(197) Compaction Phase
[19.475s][info][gc,phases      ] GC(197) Compaction Phase 461.133ms
[19.475s][info][gc,phases,start] GC(197) Post Compact
[19.481s][info][gc,phases      ] GC(197) Post Compact 5.918ms
[19.482s][info][gc,heap        ] GC(197) PSYoungGen: 110880K(225280K)->27705K(228352K) Eden: 0K(23552K)->0K(26624K) From: 110880K(201728K)->27705K(201728K)
[19.482s][info][gc,heap        ] GC(197) ParOldGen: 2861329K(2877440K)->2877106K(3186176K)
[19.482s][info][gc,metaspace   ] GC(197) Metaspace: 6298K(6464K)->6298K(6464K) NonClass: 5764K(5824K)->5764K(5824K) Class: 533K(640K)->533K(640K)
[19.482s][info][gc             ] GC(197) Pause Full (Ergonomics) 2902M->2836M(3334M) 1115.335ms
[19.482s][info][gc,cpu         ] GC(197) User=7.72s Sys=0.03s Real=1.12s
[19.513s][info][gc,start       ] GC(198) Pause Young (Allocation Failure)
[19.664s][info][gc,heap        ] GC(198) PSYoungGen: 54329K(228352K)->49152K(238080K) Eden: 26624K(26624K)->0K(26624K) From: 27705K(201728K)->49152K(211456K)
[19.664s][info][gc,heap        ] GC(198) ParOldGen: 2877106K(3186176K)->2882514K(3186176K)
[19.664s][info][gc,metaspace   ] GC(198) Metaspace: 6298K(6464K)->6298K(6464K) NonClass: 5764K(5824K)->5764K(5824K) Class: 533K(640K)->533K(640K)
[19.664s][info][gc             ] GC(198) Pause Young (Allocation Failure) 2862M->2862M(3344M) 150.481ms
[19.664s][info][gc,cpu         ] GC(198) User=0.88s Sys=0.00s Real=0.15s
[19.692s][info][gc,start       ] GC(199) Pause Young (Allocation Failure)
[19.744s][info][gc,heap        ] GC(199) PSYoungGen: 75776K(238080K)->75872K(225792K) Eden: 26624K(26624K)->0K(29696K) From: 49152K(211456K)->75872K(196096K)
[19.744s][info][gc,heap        ] GC(199) ParOldGen: 2882514K(3186176K)->2882514K(3186176K)
[19.744s][info][gc,metaspace   ] GC(199) Metaspace: 6298K(6464K)->6298K(6464K) NonClass: 5764K(5824K)->5764K(5824K) Class: 533K(640K)->533K(640K)
[19.744s][info][gc             ] GC(199) Pause Young (Allocation Failure) 2888M->2889M(3332M) 52.435ms
[19.744s][info][gc,cpu         ] GC(199) User=0.17s Sys=0.00s Real=0.05s
[19.777s][info][gc,start       ] GC(200) Pause Young (Allocation Failure)
[19.840s][info][gc,heap        ] GC(200) PSYoungGen: 105568K(225792K)->104000K(134144K) Eden: 29696K(29696K)->0K(29696K) From: 75872K(196096K)->104000K(104448K)
[19.840s][info][gc,heap        ] GC(200) ParOldGen: 2882514K(3186176K)->2884122K(3186176K)
[19.840s][info][gc,metaspace   ] GC(200) Metaspace: 6298K(6464K)->6298K(6464K) NonClass: 5764K(5824K)->5764K(5824K) Class: 533K(640K)->533K(640K)
[19.840s][info][gc             ] GC(200) Pause Young (Allocation Failure) 2918M->2918M(3242M) 63.576ms
[19.840s][info][gc,cpu         ] GC(200) User=0.17s Sys=0.00s Real=0.06s
[19.870s][info][gc,start       ] GC(201) Pause Young (Allocation Failure)
[19.944s][info][gc,heap        ] GC(201) PSYoungGen: 133696K(134144K)->124928K(227840K) Eden: 29696K(29696K)->0K(32768K) From: 104000K(104448K)->124928K(195072K)
[19.944s][info][gc,heap        ] GC(201) ParOldGen: 2884122K(3186176K)->2893058K(3186176K)
[19.944s][info][gc,metaspace   ] GC(201) Metaspace: 6298K(6464K)->6298K(6464K) NonClass: 5764K(5824K)->5764K(5824K) Class: 533K(640K)->533K(640K)
[19.944s][info][gc             ] GC(201) Pause Young (Allocation Failure) 2947M->2947M(3334M) 74.061ms
[19.944s][info][gc,cpu         ] GC(201) User=0.30s Sys=0.00s Real=0.07s
[19.978s][info][gc,start       ] GC(202) Pause Young (Allocation Failure)
[20.058s][info][gc,heap        ] GC(202) PSYoungGen: 157696K(227840K)->119040K(228352K) Eden: 32768K(32768K)->0K(32768K) From: 124928K(195072K)->119040K(195584K)
[20.058s][info][gc,heap        ] GC(202) ParOldGen: 2893058K(3186176K)->2932034K(3186176K)
[20.058s][info][gc,metaspace   ] GC(202) Metaspace: 6298K(6464K)->6298K(6464K) NonClass: 5764K(5824K)->5764K(5824K) Class: 533K(640K)->533K(640K)
[20.058s][info][gc             ] GC(202) Pause Young (Allocation Failure) 2979M->2979M(3334M) 80.544ms
[20.058s][info][gc,cpu         ] GC(202) User=0.41s Sys=0.00s Real=0.08s
[20.091s][info][gc,start       ] GC(203) Pause Young (Allocation Failure)
[20.168s][info][gc,heap        ] GC(203) PSYoungGen: 151808K(228352K)->95520K(214528K) Eden: 32768K(32768K)->0K(37376K) From: 119040K(195584K)->95520K(177152K)
[20.169s][info][gc,heap        ] GC(203) ParOldGen: 2932034K(3186176K)->2988834K(3186176K)
[20.169s][info][gc,metaspace   ] GC(203) Metaspace: 6298K(6464K)->6298K(6464K) NonClass: 5764K(5824K)->5764K(5824K) Class: 533K(640K)->533K(640K)
[20.169s][info][gc             ] GC(203) Pause Young (Allocation Failure) 3011M->3012M(3321M) 77.950ms
[20.169s][info][gc,cpu         ] GC(203) User=0.31s Sys=0.02s Real=0.08s
[20.203s][info][gc,start       ] GC(204) Pause Young (Allocation Failure)
[20.274s][info][gc,heap        ] GC(204) PSYoungGen: 132896K(214528K)->70368K(222208K) Eden: 37376K(37376K)->0K(37376K) From: 95520K(177152K)->70368K(184832K)
[20.274s][info][gc,heap        ] GC(204) ParOldGen: 2988834K(3186176K)->3051834K(3186176K)
[20.274s][info][gc,metaspace   ] GC(204) Metaspace: 6298K(6464K)->6298K(6464K) NonClass: 5764K(5824K)->5764K(5824K) Class: 533K(640K)->533K(640K)
[20.274s][info][gc             ] GC(204) Pause Young (Allocation Failure) 3048M->3049M(3328M) 71.141ms
[20.274s][info][gc,cpu         ] GC(204) User=0.19s Sys=0.02s Real=0.07s
[20.313s][info][gc,start       ] GC(205) Pause Young (Allocation Failure)
[20.377s][info][gc,heap        ] GC(205) PSYoungGen: 107744K(222208K)->37536K(222720K) Eden: 37376K(37376K)->0K(40448K) From: 70368K(184832K)->37536K(182272K)
[20.377s][info][gc,heap        ] GC(205) ParOldGen: 3051834K(3186176K)->3122578K(3186176K)
[20.377s][info][gc,metaspace   ] GC(205) Metaspace: 6298K(6464K)->6298K(6464K) NonClass: 5764K(5824K)->5764K(5824K) Class: 533K(640K)->533K(640K)
[20.377s][info][gc             ] GC(205) Pause Young (Allocation Failure) 3085M->3086M(3329M) 63.412ms
[20.377s][info][gc,cpu         ] GC(205) User=0.25s Sys=0.05s Real=0.06s
[20.377s][info][gc,start       ] GC(206) Pause Full (Ergonomics)
[20.377s][info][gc,phases,start] GC(206) Marking Phase
[21.082s][info][gc,phases      ] GC(206) Marking Phase 705.774ms
[21.083s][info][gc,phases,start] GC(206) Summary Phase
[21.083s][info][gc,phases      ] GC(206) Summary Phase 0.064ms
[21.083s][info][gc,phases,start] GC(206) Adjust Roots
[21.083s][info][gc,phases      ] GC(206) Adjust Roots 0.158ms
[21.083s][info][gc,phases,start] GC(206) Compaction Phase
[21.407s][info][gc,phases      ] GC(206) Compaction Phase 324.474ms
[21.407s][info][gc,phases,start] GC(206) Post Compact
[21.413s][info][gc,phases      ] GC(206) Post Compact 5.705ms
[21.414s][info][gc,heap        ] GC(206) PSYoungGen: 37536K(222720K)->0K(224768K) Eden: 0K(40448K)->0K(40448K) From: 37536K(182272K)->0K(184320K)
[21.414s][info][gc,heap        ] GC(206) ParOldGen: 3122578K(3186176K)->3157486K(3509760K)
[21.414s][info][gc,metaspace   ] GC(206) Metaspace: 6298K(6464K)->6298K(6464K) NonClass: 5764K(5824K)->5764K(5824K) Class: 533K(640K)->533K(640K)
[21.414s][info][gc             ] GC(206) Pause Full (Ergonomics) 3086M->3083M(3647M) 1037.635ms
[21.414s][info][gc,cpu         ] GC(206) User=7.48s Sys=0.00s Real=1.04s
[21.463s][info][gc,start       ] GC(207) Pause Young (Allocation Failure)
[21.504s][info][gc,heap        ] GC(207) PSYoungGen: 40448K(224768K)->40640K(226304K) Eden: 40448K(40448K)->0K(44544K) From: 0K(184320K)->40640K(181760K)
[21.504s][info][gc,heap        ] GC(207) ParOldGen: 3157486K(3509760K)->3157486K(3509760K)
[21.504s][info][gc,metaspace   ] GC(207) Metaspace: 6298K(6464K)->6298K(6464K) NonClass: 5764K(5824K)->5764K(5824K) Class: 533K(640K)->533K(640K)
[21.504s][info][gc             ] GC(207) Pause Young (Allocation Failure) 3122M->3123M(3648M) 41.062ms
[21.504s][info][gc,cpu         ] GC(207) User=0.14s Sys=0.00s Real=0.04s
[21.550s][info][gc,start       ] GC(208) Pause Young (Allocation Failure)
[21.608s][info][gc,heap        ] GC(208) PSYoungGen: 85184K(226304K)->44768K(228352K) Eden: 44544K(44544K)->0K(44544K) From: 40640K(181760K)->44768K(183808K)
[21.608s][info][gc,heap        ] GC(208) ParOldGen: 3157486K(3509760K)->3198302K(3509760K)
[21.608s][info][gc,metaspace   ] GC(208) Metaspace: 6298K(6464K)->6298K(6464K) NonClass: 5764K(5824K)->5764K(5824K) Class: 533K(640K)->533K(640K)
[21.608s][info][gc             ] GC(208) Pause Young (Allocation Failure) 3166M->3167M(3650M) 57.924ms
[21.608s][info][gc,cpu         ] GC(208) User=0.19s Sys=0.02s Real=0.06s
[21.651s][info][gc,start       ] GC(209) Pause Young (Allocation Failure)
[21.713s][info][gc,heap        ] GC(209) PSYoungGen: 89312K(228352K)->44736K(224256K) Eden: 44544K(44544K)->0K(49664K) From: 44768K(183808K)->44736K(174592K)
[21.713s][info][gc,heap        ] GC(209) ParOldGen: 3198302K(3509760K)->3243254K(3509760K)
[21.713s][info][gc,metaspace   ] GC(209) Metaspace: 6298K(6464K)->6298K(6464K) NonClass: 5764K(5824K)->5764K(5824K) Class: 533K(640K)->533K(640K)
[21.713s][info][gc             ] GC(209) Pause Young (Allocation Failure) 3210M->3210M(3646M) 61.754ms
[21.713s][info][gc,cpu         ] GC(209) User=0.19s Sys=0.00s Real=0.06s
[21.764s][info][gc,start       ] GC(210) Pause Young (Allocation Failure)
[21.824s][info][gc,heap        ] GC(210) PSYoungGen: 94400K(224256K)->49856K(227840K) Eden: 49664K(49664K)->0K(49664K) From: 44736K(174592K)->49856K(178176K)
[21.824s][info][gc,heap        ] GC(210) ParOldGen: 3243254K(3509760K)->3288198K(3509760K)
[21.824s][info][gc,metaspace   ] GC(210) Metaspace: 6298K(6464K)->6298K(6464K) NonClass: 5764K(5824K)->5764K(5824K) Class: 533K(640K)->533K(640K)
[21.824s][info][gc             ] GC(210) Pause Young (Allocation Failure) 3259M->3259M(3650M) 59.669ms
[21.824s][info][gc,cpu         ] GC(210) User=0.30s Sys=0.00s Real=0.06s
[21.877s][info][gc,start       ] GC(211) Pause Young (Allocation Failure)
[21.940s][info][gc,heap        ] GC(211) PSYoungGen: 99520K(227840K)->49856K(218624K) Eden: 49664K(49664K)->0K(55296K) From: 49856K(178176K)->49856K(163328K)
[21.940s][info][gc,heap        ] GC(211) ParOldGen: 3288198K(3509760K)->3338310K(3509760K)
[21.940s][info][gc,metaspace   ] GC(211) Metaspace: 6298K(6464K)->6298K(6464K) NonClass: 5764K(5824K)->5764K(5824K) Class: 533K(640K)->533K(640K)
[21.940s][info][gc             ] GC(211) Pause Young (Allocation Failure) 3308M->3308M(3641M) 62.633ms
[21.940s][info][gc,cpu         ] GC(211) User=0.20s Sys=0.00s Real=0.06s
[22.000s][info][gc,start       ] GC(212) Pause Young (Allocation Failure)
[22.066s][info][gc,heap        ] GC(212) PSYoungGen: 105152K(218624K)->55488K(111104K) Eden: 55296K(55296K)->0K(55296K) From: 49856K(163328K)->55488K(55808K)
[22.066s][info][gc,heap        ] GC(212) ParOldGen: 3338310K(3509760K)->3388430K(3509760K)
[22.066s][info][gc,metaspace   ] GC(212) Metaspace: 6298K(6464K)->6298K(6464K) NonClass: 5764K(5824K)->5764K(5824K) Class: 533K(640K)->533K(640K)
[22.066s][info][gc             ] GC(212) Pause Young (Allocation Failure) 3362M->3363M(3536M) 65.791ms
[22.066s][info][gc,cpu         ] GC(212) User=0.20s Sys=0.00s Real=0.07s
[22.125s][info][gc,start       ] GC(213) Pause Young (Allocation Failure)
[22.190s][info][gc,heap        ] GC(213) PSYoungGen: 110784K(111104K)->55488K(210944K) Eden: 55296K(55296K)->0K(61440K) From: 55488K(55808K)->55488K(149504K)
[22.190s][info][gc,heap        ] GC(213) ParOldGen: 3388430K(3509760K)->3444222K(3509760K)
[22.190s][info][gc,metaspace   ] GC(213) Metaspace: 6298K(6464K)->6298K(6464K) NonClass: 5764K(5824K)->5764K(5824K) Class: 533K(640K)->533K(640K)
[22.190s][info][gc             ] GC(213) Pause Young (Allocation Failure) 3417M->3417M(3633M) 65.392ms
[22.190s][info][gc,cpu         ] GC(213) User=0.25s Sys=0.05s Real=0.06s
[22.190s][info][gc,start       ] GC(214) Pause Full (Ergonomics)
[22.190s][info][gc,phases,start] GC(214) Marking Phase
[22.982s][info][gc,phases      ] GC(214) Marking Phase 792.147ms
[22.982s][info][gc,phases,start] GC(214) Summary Phase
[22.982s][info][gc,phases      ] GC(214) Summary Phase 0.071ms
[22.982s][info][gc,phases,start] GC(214) Adjust Roots
[22.983s][info][gc,phases      ] GC(214) Adjust Roots 0.161ms
[22.983s][info][gc,phases,start] GC(214) Compaction Phase
[23.320s][info][gc,phases      ] GC(214) Compaction Phase 337.730ms
[23.320s][info][gc,phases,start] GC(214) Post Compact
[23.327s][info][gc,phases      ] GC(214) Post Compact 6.404ms
[23.328s][info][gc,heap        ] GC(214) PSYoungGen: 55488K(210944K)->0K(217088K) Eden: 0K(61440K)->0K(61440K) From: 55488K(149504K)->0K(155648K)
[23.328s][info][gc,heap        ] GC(214) ParOldGen: 3444222K(3509760K)->3496721K(3870720K)
[23.328s][info][gc,metaspace   ] GC(214) Metaspace: 6298K(6464K)->6298K(6464K) NonClass: 5764K(5824K)->5764K(5824K) Class: 533K(640K)->533K(640K)
[23.328s][info][gc             ] GC(214) Pause Full (Ergonomics) 3417M->3414M(3992M) 1137.990ms
[23.328s][info][gc,cpu         ] GC(214) User=8.16s Sys=0.03s Real=1.14s
[23.390s][info][gc,start       ] GC(215) Pause Young (Allocation Failure)
[23.440s][info][gc,heap        ] GC(215) PSYoungGen: 61440K(217088K)->61632K(207360K) Eden: 61440K(61440K)->0K(67072K) From: 0K(155648K)->61632K(140288K)
[23.440s][info][gc,heap        ] GC(215) ParOldGen: 3496721K(3870720K)->3496721K(3870720K)
[23.440s][info][gc,metaspace   ] GC(215) Metaspace: 6298K(6464K)->6298K(6464K) NonClass: 5764K(5824K)->5764K(5824K) Class: 533K(640K)->533K(640K)
[23.440s][info][gc             ] GC(215) Pause Young (Allocation Failure) 3474M->3474M(3982M) 49.964ms
[23.440s][info][gc,cpu         ] GC(215) User=0.06s Sys=0.00s Real=0.05s
[23.513s][info][gc,start       ] GC(216) Pause Young (Allocation Failure)
[23.583s][info][gc,heap        ] GC(216) PSYoungGen: 128704K(207360K)->128896K(215552K) Eden: 67072K(67072K)->0K(67072K) From: 61632K(140288K)->128896K(148480K)
[23.583s][info][gc,heap        ] GC(216) ParOldGen: 3496721K(3870720K)->3496721K(3870720K)
[23.583s][info][gc,metaspace   ] GC(216) Metaspace: 6298K(6464K)->6298K(6464K) NonClass: 5764K(5824K)->5764K(5824K) Class: 533K(640K)->533K(640K)
[23.583s][info][gc             ] GC(216) Pause Young (Allocation Failure) 3540M->3540M(3990M) 70.434ms
[23.583s][info][gc,cpu         ] GC(216) User=0.41s Sys=0.00s Real=0.07s
[23.655s][info][gc,start       ] GC(217) Pause Young (Allocation Failure)
[23.750s][info][gc,heap        ] GC(217) PSYoungGen: 195968K(215552K)->162816K(200192K) Eden: 67072K(67072K)->0K(37376K) From: 128896K(148480K)->162816K(162816K)
[23.750s][info][gc,heap        ] GC(217) ParOldGen: 3496721K(3870720K)->3530073K(3870720K)
[23.750s][info][gc,metaspace   ] GC(217) Metaspace: 6298K(6464K)->6298K(6464K) NonClass: 5764K(5824K)->5764K(5824K) Class: 533K(640K)->533K(640K)
[23.750s][info][gc             ] GC(217) Pause Young (Allocation Failure) 3606M->3606M(3975M) 95.684ms
[23.750s][info][gc,cpu         ] GC(217) User=0.61s Sys=0.03s Real=0.10s
[23.788s][info][gc,start       ] GC(218) Pause Young (Allocation Failure)
[23.893s][info][gc,heap        ] GC(218) PSYoungGen: 200192K(200192K)->89696K(127488K) Eden: 37376K(37376K)->0K(37376K) From: 162816K(162816K)->89696K(90112K)
[23.893s][info][gc,heap        ] GC(218) ParOldGen: 3530073K(3870720K)->3641585K(3870720K)
[23.893s][info][gc,metaspace   ] GC(218) Metaspace: 6298K(6464K)->6298K(6464K) NonClass: 5764K(5824K)->5764K(5824K) Class: 533K(640K)->533K(640K)
[23.893s][info][gc             ] GC(218) Pause Young (Allocation Failure) 3642M->3643M(3904M) 105.303ms
[23.893s][info][gc,cpu         ] GC(218) User=0.72s Sys=0.05s Real=0.11s
[23.933s][info][gc,start       ] GC(219) Pause Young (Allocation Failure)
[24.003s][info][gc,heap        ] GC(219) PSYoungGen: 127072K(127488K)->74976K(215552K) Eden: 37376K(37376K)->0K(41984K) From: 89696K(90112K)->74976K(173568K)
[24.003s][info][gc,heap        ] GC(219) ParOldGen: 3641585K(3870720K)->3694081K(3870720K)
[24.003s][info][gc,metaspace   ] GC(219) Metaspace: 6298K(6464K)->6298K(6464K) NonClass: 5764K(5824K)->5764K(5824K) Class: 533K(640K)->533K(640K)
[24.003s][info][gc             ] GC(219) Pause Young (Allocation Failure) 3680M->3680M(3990M) 69.733ms
[24.003s][info][gc,cpu         ] GC(219) User=0.34s Sys=0.03s Real=0.07s
[24.047s][info][gc,start       ] GC(220) Pause Young (Allocation Failure)
[24.111s][info][gc,heap        ] GC(220) PSYoungGen: 116960K(215552K)->79616K(121856K) Eden: 41984K(41984K)->0K(41984K) From: 74976K(173568K)->79616K(79872K)
[24.111s][info][gc,heap        ] GC(220) ParOldGen: 3694081K(3870720K)->3731817K(3870720K)
[24.111s][info][gc,metaspace   ] GC(220) Metaspace: 6298K(6464K)->6298K(6464K) NonClass: 5764K(5824K)->5764K(5824K) Class: 533K(640K)->533K(640K)
[24.111s][info][gc             ] GC(220) Pause Young (Allocation Failure) 3721M->3722M(3899M) 64.250ms
[24.111s][info][gc,cpu         ] GC(220) User=0.25s Sys=0.05s Real=0.07s
[24.158s][info][gc,start       ] GC(221) Pause Young (Allocation Failure)
[24.230s][info][gc,heap        ] GC(221) PSYoungGen: 121600K(121856K)->84192K(202240K) Eden: 41984K(41984K)->0K(47104K) From: 79616K(79872K)->84192K(155136K)
[24.230s][info][gc,heap        ] GC(221) ParOldGen: 3731817K(3870720K)->3769537K(3870720K)
[24.230s][info][gc,metaspace   ] GC(221) Metaspace: 6298K(6464K)->6298K(6464K) NonClass: 5764K(5824K)->5764K(5824K) Class: 533K(640K)->533K(640K)
[24.230s][info][gc             ] GC(221) Pause Young (Allocation Failure) 3763M->3763M(3977M) 71.525ms
[24.230s][info][gc,cpu         ] GC(221) User=0.38s Sys=0.02s Real=0.07s
[24.282s][info][gc,start       ] GC(222) Pause Young (Allocation Failure)
[24.353s][info][gc,heap        ] GC(222) PSYoungGen: 131296K(202240K)->89344K(136704K) Eden: 47104K(47104K)->0K(47104K) From: 84192K(155136K)->89344K(89600K)
[24.353s][info][gc,heap        ] GC(222) ParOldGen: 3769537K(3870720K)->3811889K(3870720K)
[24.353s][info][gc,metaspace   ] GC(222) Metaspace: 6298K(6464K)->6298K(6464K) NonClass: 5764K(5824K)->5764K(5824K) Class: 533K(640K)->533K(640K)
[24.353s][info][gc             ] GC(222) Pause Young (Allocation Failure) 3809M->3809M(3913M) 71.105ms
[24.353s][info][gc,cpu         ] GC(222) User=0.42s Sys=0.00s Real=0.07s
[24.353s][info][gc,start       ] GC(223) Pause Full (Ergonomics)
[24.353s][info][gc,phases,start] GC(223) Marking Phase
[25.231s][info][gc,phases      ] GC(223) Marking Phase 877.909ms
[25.231s][info][gc,phases,start] GC(223) Summary Phase
[25.232s][info][gc,phases      ] GC(223) Summary Phase 0.056ms
[25.232s][info][gc,phases,start] GC(223) Adjust Roots
[25.232s][info][gc,phases      ] GC(223) Adjust Roots 0.160ms
[25.232s][info][gc,phases,start] GC(223) Compaction Phase
[25.665s][info][gc,phases      ] GC(223) Compaction Phase 433.520ms
[25.665s][info][gc,phases,start] GC(223) Post Compact
[25.673s][info][gc,phases      ] GC(223) Post Compact 7.382ms
[25.674s][info][gc,heap        ] GC(223) PSYoungGen: 89344K(136704K)->27195K(136704K) Eden: 0K(47104K)->0K(47104K) From: 89344K(89600K)->27195K(89600K)
[25.674s][info][gc,heap        ] GC(223) ParOldGen: 3811889K(3870720K)->3870669K(4271104K)
[25.674s][info][gc,metaspace   ] GC(223) Metaspace: 6298K(6464K)->6298K(6464K) NonClass: 5764K(5824K)->5764K(5824K) Class: 533K(640K)->533K(640K)
[25.674s][info][gc             ] GC(223) Pause Full (Ergonomics) 3809M->3806M(4304M) 1320.677ms
[25.674s][info][gc,cpu         ] GC(223) User=9.39s Sys=0.02s Real=1.32s
[25.725s][info][gc,start       ] GC(224) Pause Young (Allocation Failure)
[25.929s][info][gc,heap        ] GC(224) PSYoungGen: 74299K(136704K)->57312K(203264K) Eden: 47104K(47104K)->0K(51712K) From: 27195K(89600K)->57312K(151552K)
[25.929s][info][gc,heap        ] GC(224) ParOldGen: 3870669K(4271104K)->3888093K(4271104K)
[25.929s][info][gc,metaspace   ] GC(224) Metaspace: 6298K(6464K)->6298K(6464K) NonClass: 5764K(5824K)->5764K(5824K) Class: 533K(640K)->533K(640K)
[25.929s][info][gc             ] GC(224) Pause Young (Allocation Failure) 3852M->3852M(4369M) 203.712ms
[25.929s][info][gc,cpu         ] GC(224) User=1.48s Sys=0.02s Real=0.20s
[25.982s][info][gc,start       ] GC(225) Pause Young (Allocation Failure)
[26.048s][info][gc,heap        ] GC(225) PSYoungGen: 109024K(203264K)->109120K(206848K) Eden: 51712K(51712K)->0K(51712K) From: 57312K(151552K)->109120K(155136K)
[26.048s][info][gc,heap        ] GC(225) ParOldGen: 3888093K(4271104K)->3888093K(4271104K)
[26.048s][info][gc,metaspace   ] GC(225) Metaspace: 6298K(6464K)->6298K(6464K) NonClass: 5764K(5824K)->5764K(5824K) Class: 533K(640K)->533K(640K)
[26.048s][info][gc             ] GC(225) Pause Young (Allocation Failure) 3903M->3903M(4373M) 65.472ms
[26.048s][info][gc,cpu         ] GC(225) User=0.31s Sys=0.00s Real=0.07s
[26.101s][info][gc,start       ] GC(226) Pause Young (Allocation Failure)
[26.183s][info][gc,heap        ] GC(226) PSYoungGen: 160832K(206848K)->157696K(194560K) Eden: 51712K(51712K)->0K(36864K) From: 109120K(155136K)->157696K(157696K)
[26.183s][info][gc,heap        ] GC(226) ParOldGen: 3888093K(4271104K)->3891221K(4271104K)
[26.183s][info][gc,metaspace   ] GC(226) Metaspace: 6298K(6464K)->6298K(6464K) NonClass: 5764K(5824K)->5764K(5824K) Class: 533K(640K)->533K(640K)
[26.183s][info][gc             ] GC(226) Pause Young (Allocation Failure) 3954M->3954M(4361M) 81.946ms
[26.183s][info][gc,cpu         ] GC(226) User=0.66s Sys=0.00s Real=0.08s
[26.225s][info][gc,start       ] GC(227) Pause Young (Allocation Failure)
[26.320s][info][gc,heap        ] GC(227) PSYoungGen: 194560K(194560K)->139168K(215040K) Eden: 36864K(36864K)->0K(36864K) From: 157696K(157696K)->139168K(178176K)
[26.320s][info][gc,heap        ] GC(227) ParOldGen: 3891221K(4271104K)->3947245K(4271104K)
[26.320s][info][gc,metaspace   ] GC(227) Metaspace: 6298K(6464K)->6298K(6464K) NonClass: 5764K(5824K)->5764K(5824K) Class: 533K(640K)->533K(640K)
[26.320s][info][gc             ] GC(227) Pause Young (Allocation Failure) 3990M->3990M(4381M) 94.706ms
[26.320s][info][gc,cpu         ] GC(227) User=0.75s Sys=0.00s Real=0.09s
[26.364s][info][gc,start       ] GC(228) Pause Young (Allocation Failure)
[26.453s][info][gc,heap        ] GC(228) PSYoungGen: 176032K(215040K)->124960K(227328K) Eden: 36864K(36864K)->0K(40448K) From: 139168K(178176K)->124960K(186880K)
[26.453s][info][gc,heap        ] GC(228) ParOldGen: 3947245K(4271104K)->3998741K(4271104K)
[26.453s][info][gc,metaspace   ] GC(228) Metaspace: 6298K(6464K)->6298K(6464K) NonClass: 5764K(5824K)->5764K(5824K) Class: 533K(640K)->533K(640K)
[26.453s][info][gc             ] GC(228) Pause Young (Allocation Failure) 4026M->4027M(4393M) 88.985ms
[26.453s][info][gc,cpu         ] GC(228) User=0.64s Sys=0.00s Real=0.09s
[26.498s][info][gc,start       ] GC(229) Pause Young (Allocation Failure)
[26.586s][info][gc,heap        ] GC(229) PSYoungGen: 165408K(227328K)->114432K(228352K) Eden: 40448K(40448K)->0K(40448K) From: 124960K(186880K)->114432K(187904K)
[26.586s][info][gc,heap        ] GC(229) ParOldGen: 3998741K(4271104K)->4050093K(4271104K)
[26.586s][info][gc,metaspace   ] GC(229) Metaspace: 6298K(6464K)->6298K(6464K) NonClass: 5764K(5824K)->5764K(5824K) Class: 533K(640K)->533K(640K)
[26.586s][info][gc             ] GC(229) Pause Young (Allocation Failure) 4066M->4066M(4394M) 88.720ms
[26.586s][info][gc,cpu         ] GC(229) User=0.48s Sys=0.03s Real=0.09s
[26.627s][info][gc,start       ] GC(230) Pause Young (Allocation Failure)
[26.710s][info][gc,heap        ] GC(230) PSYoungGen: 154880K(228352K)->81120K(220672K) Eden: 40448K(40448K)->0K(45568K) From: 114432K(187904K)->81120K(175104K)
[26.710s][info][gc,heap        ] GC(230) ParOldGen: 4050093K(4271104K)->4124477K(4271104K)
[26.710s][info][gc,metaspace   ] GC(230) Metaspace: 6298K(6464K)->6298K(6464K) NonClass: 5764K(5824K)->5764K(5824K) Class: 533K(640K)->533K(640K)
[26.710s][info][gc             ] GC(230) Pause Young (Allocation Failure) 4106M->4107M(4386M) 82.393ms
[26.710s][info][gc,cpu         ] GC(230) User=0.52s Sys=0.02s Real=0.08s
[26.758s][info][gc,start       ] GC(231) Pause Young (Allocation Failure)
[26.829s][info][gc,heap        ] GC(231) PSYoungGen: 126688K(220672K)->45792K(225280K) Eden: 45568K(45568K)->0K(45568K) From: 81120K(175104K)->45792K(179712K)
[26.829s][info][gc,heap        ] GC(231) ParOldGen: 4124477K(4271104K)->4206069K(4271104K)
[26.829s][info][gc,metaspace   ] GC(231) Metaspace: 6298K(6464K)->6298K(6464K) NonClass: 5764K(5824K)->5764K(5824K) Class: 533K(640K)->533K(640K)
[26.829s][info][gc             ] GC(231) Pause Young (Allocation Failure) 4151M->4152M(4391M) 71.075ms
[26.829s][info][gc,cpu         ] GC(231) User=0.45s Sys=0.05s Real=0.07s
[26.829s][info][gc,start       ] GC(232) Pause Full (Ergonomics)
[26.829s][info][gc,phases,start] GC(232) Marking Phase
[27.797s][info][gc,phases      ] GC(232) Marking Phase 967.142ms
[27.797s][info][gc,phases,start] GC(232) Summary Phase
[27.797s][info][gc,phases      ] GC(232) Summary Phase 0.077ms
[27.797s][info][gc,phases,start] GC(232) Adjust Roots
[27.797s][info][gc,phases      ] GC(232) Adjust Roots 0.201ms
[27.797s][info][gc,phases,start] GC(232) Compaction Phase
[28.180s][info][gc,phases      ] GC(232) Compaction Phase 382.951ms
[28.180s][info][gc,phases,start] GC(232) Post Compact
[28.187s][info][gc,phases      ] GC(232) Post Compact 6.747ms
[28.188s][info][gc,heap        ] GC(232) PSYoungGen: 45792K(225280K)->0K(232448K) Eden: 0K(45568K)->0K(51712K) From: 45792K(179712K)->0K(180736K)
[28.188s][info][gc,heap        ] GC(232) ParOldGen: 4206069K(4271104K)->4248339K(4702208K)
[28.188s][info][gc,metaspace   ] GC(232) Metaspace: 6298K(6464K)->6298K(6464K) NonClass: 5764K(5824K)->5764K(5824K) Class: 533K(640K)->533K(640K)
[28.188s][info][gc             ] GC(232) Pause Full (Ergonomics) 4152M->4148M(4819M) 1358.701ms
[28.188s][info][gc,cpu         ] GC(232) User=10.14s Sys=0.00s Real=1.36s
[28.247s][info][gc,start       ] GC(233) Pause Young (Allocation Failure)
[28.296s][info][gc,heap        ] GC(233) PSYoungGen: 51712K(232448K)->51904K(232448K) Eden: 51712K(51712K)->0K(51712K) From: 0K(180736K)->51904K(180736K)
[28.296s][info][gc,heap        ] GC(233) ParOldGen: 4248339K(4702208K)->4248339K(4702208K)
[28.296s][info][gc,metaspace   ] GC(233) Metaspace: 6298K(6464K)->6298K(6464K) NonClass: 5764K(5824K)->5764K(5824K) Class: 533K(640K)->533K(640K)
[28.296s][info][gc             ] GC(233) Pause Young (Allocation Failure) 4199M->4199M(4819M) 49.261ms
[28.296s][info][gc,cpu         ] GC(233) User=0.14s Sys=0.00s Real=0.05s
[28.364s][info][gc,start       ] GC(234) Pause Young (Allocation Failure)
[28.434s][info][gc,heap        ] GC(234) PSYoungGen: 103616K(232448K)->103712K(229376K) Eden: 51712K(51712K)->0K(57344K) From: 51904K(180736K)->103712K(172032K)
[28.434s][info][gc,heap        ] GC(234) ParOldGen: 4248339K(4702208K)->4248339K(4702208K)
[28.434s][info][gc,metaspace   ] GC(234) Metaspace: 6298K(6464K)->6298K(6464K) NonClass: 5764K(5824K)->5764K(5824K) Class: 533K(640K)->533K(640K)
[28.434s][info][gc             ] GC(234) Pause Young (Allocation Failure) 4249M->4250M(4816M) 70.168ms
[28.434s][info][gc,cpu         ] GC(234) User=0.33s Sys=0.00s Real=0.07s
[28.496s][info][gc,start       ] GC(235) Pause Young (Allocation Failure)
[28.577s][info][gc,heap        ] GC(235) PSYoungGen: 161056K(229376K)->161120K(232960K) Eden: 57344K(57344K)->0K(57344K) From: 103712K(172032K)->161120K(175616K)
[28.578s][info][gc,heap        ] GC(235) ParOldGen: 4248339K(4702208K)->4248339K(4702208K)
[28.578s][info][gc,metaspace   ] GC(235) Metaspace: 6298K(6464K)->6298K(6464K) NonClass: 5764K(5824K)->5764K(5824K) Class: 533K(640K)->533K(640K)
[28.578s][info][gc             ] GC(235) Pause Young (Allocation Failure) 4306M->4306M(4819M) 82.018ms
[28.578s][info][gc,cpu         ] GC(235) User=0.52s Sys=0.00s Real=0.08s
[28.636s][info][gc,start       ] GC(236) Pause Young (Allocation Failure)
[28.758s][info][gc,heap        ] GC(236) PSYoungGen: 218464K(232960K)->166784K(240640K) Eden: 57344K(57344K)->0K(47616K) From: 161120K(175616K)->166784K(193024K)
[28.758s][info][gc,heap        ] GC(236) ParOldGen: 4248339K(4702208K)->4300531K(4702208K)
[28.758s][info][gc,metaspace   ] GC(236) Metaspace: 6298K(6464K)->6298K(6464K) NonClass: 5764K(5824K)->5764K(5824K) Class: 533K(640K)->533K(640K)
[28.758s][info][gc             ] GC(236) Pause Young (Allocation Failure) 4362M->4362M(4827M) 122.034ms
[28.758s][info][gc,cpu         ] GC(236) User=0.77s Sys=0.05s Real=0.12s
[28.816s][info][gc,start       ] GC(237) Pause Young (Allocation Failure)
[28.945s][info][gc,heap        ] GC(237) PSYoungGen: 214400K(240640K)->162656K(256512K) Eden: 47616K(47616K)->0K(47616K) From: 166784K(193024K)->162656K(208896K)
[28.945s][info][gc,heap        ] GC(237) ParOldGen: 4300531K(4702208K)->4352707K(4702208K)
[28.945s][info][gc,metaspace   ] GC(237) Metaspace: 6298K(6464K)->6298K(6464K) NonClass: 5764K(5824K)->5764K(5824K) Class: 533K(640K)->533K(640K)
[28.945s][info][gc             ] GC(237) Pause Young (Allocation Failure) 4409M->4409M(4842M) 129.082ms
[28.945s][info][gc,cpu         ] GC(237) User=0.69s Sys=0.03s Real=0.13s
[29.011s][info][gc,start       ] GC(238) Pause Young (Allocation Failure)
[29.131s][info][gc,heap        ] GC(238) PSYoungGen: 210272K(256512K)->152896K(268800K) Eden: 47616K(47616K)->0K(49152K) From: 162656K(208896K)->152896K(219648K)
[29.131s][info][gc,heap        ] GC(238) ParOldGen: 4352707K(4702208K)->4410563K(4702208K)
[29.131s][info][gc,metaspace   ] GC(238) Metaspace: 6298K(6464K)->6298K(6464K) NonClass: 5764K(5824K)->5764K(5824K) Class: 533K(640K)->533K(640K)
[29.131s][info][gc             ] GC(238) Pause Young (Allocation Failure) 4456M->4456M(4854M) 119.954ms
[29.131s][info][gc,cpu         ] GC(238) User=0.72s Sys=0.02s Real=0.12s
[29.191s][info][gc,start       ] GC(239) Pause Young (Allocation Failure)
[29.305s][info][gc,heap        ] GC(239) PSYoungGen: 202048K(268800K)->144704K(273408K) Eden: 49152K(49152K)->0K(49152K) From: 152896K(219648K)->144704K(224256K)
[29.306s][info][gc,heap        ] GC(239) ParOldGen: 4410563K(4702208K)->4468427K(4702208K)
[29.306s][info][gc,metaspace   ] GC(239) Metaspace: 6298K(6464K)->6298K(6464K) NonClass: 5764K(5824K)->5764K(5824K) Class: 533K(640K)->533K(640K)
[29.306s][info][gc             ] GC(239) Pause Young (Allocation Failure) 4504M->4505M(4859M) 114.123ms
[29.306s][info][gc,cpu         ] GC(239) User=0.70s Sys=0.05s Real=0.11s
[29.364s][info][gc,start       ] GC(240) Pause Young (Allocation Failure)
[29.497s][info][gc,heap        ] GC(240) PSYoungGen: 193856K(273408K)->98592K(265728K) Eden: 49152K(49152K)->0K(55808K) From: 144704K(224256K)->98592K(209920K)
[29.497s][info][gc,heap        ] GC(240) ParOldGen: 4468427K(4702208K)->4564499K(4702208K)
[29.497s][info][gc,metaspace   ] GC(240) Metaspace: 6298K(6464K)->6298K(6464K) NonClass: 5764K(5824K)->5764K(5824K) Class: 533K(640K)->533K(640K)
[29.497s][info][gc             ] GC(240) Pause Young (Allocation Failure) 4553M->4553M(4851M) 133.104ms
[29.497s][info][gc,cpu         ] GC(240) User=0.62s Sys=0.05s Real=0.13s
[29.567s][info][gc,start       ] GC(241) Pause Young (Allocation Failure)
[29.666s][info][gc,heap        ] GC(241) PSYoungGen: 154400K(265728K)->56000K(272896K) Eden: 55808K(55808K)->0K(55808K) From: 98592K(209920K)->56000K(217088K)
[29.666s][info][gc,heap        ] GC(241) ParOldGen: 4564499K(4702208K)->4663659K(4702208K)
[29.666s][info][gc,metaspace   ] GC(241) Metaspace: 6298K(6464K)->6298K(6464K) NonClass: 5764K(5824K)->5764K(5824K) Class: 533K(640K)->533K(640K)
[29.666s][info][gc             ] GC(241) Pause Young (Allocation Failure) 4608M->4609M(4858M) 98.626ms
[29.666s][info][gc,cpu         ] GC(241) User=0.56s Sys=0.00s Real=0.10s
[29.666s][info][gc,start       ] GC(242) Pause Full (Ergonomics)
[29.666s][info][gc,phases,start] GC(242) Marking Phase
[30.856s][info][gc,phases      ] GC(242) Marking Phase 1190.387ms
[30.856s][info][gc,phases,start] GC(242) Summary Phase
[30.857s][info][gc,phases      ] GC(242) Summary Phase 0.097ms
[30.857s][info][gc,phases,start] GC(242) Adjust Roots
[30.857s][info][gc,phases      ] GC(242) Adjust Roots 0.358ms
[30.857s][info][gc,phases,start] GC(242) Compaction Phase
[31.330s][info][gc,phases      ] GC(242) Compaction Phase 472.734ms
[31.330s][info][gc,phases,start] GC(242) Post Compact
[31.339s][info][gc,phases      ] GC(242) Post Compact 8.803ms
[31.340s][info][gc,heap        ] GC(242) PSYoungGen: 56000K(272896K)->13363K(272896K) Eden: 0K(55808K)->0K(55808K) From: 56000K(217088K)->13363K(217088K)
[31.340s][info][gc,heap        ] GC(242) ParOldGen: 4663659K(4702208K)->4702146K(5213696K)
[31.340s][info][gc,metaspace   ] GC(242) Metaspace: 6298K(6464K)->6298K(6464K) NonClass: 5764K(5824K)->5764K(5824K) Class: 533K(640K)->533K(640K)
[31.340s][info][gc             ] GC(242) Pause Full (Ergonomics) 4609M->4604M(5358M) 1674.452ms
[31.340s][info][gc,cpu         ] GC(242) User=11.58s Sys=0.09s Real=1.67s
[31.413s][info][gc,start       ] GC(243) Pause Young (Allocation Failure)
[31.679s][info][gc,heap        ] GC(243) PSYoungGen: 69171K(272896K)->56000K(274944K) Eden: 55808K(55808K)->0K(61440K) From: 13363K(217088K)->56000K(213504K)
[31.679s][info][gc,heap        ] GC(243) ParOldGen: 4702146K(5213696K)->4715674K(5213696K)
[31.679s][info][gc,metaspace   ] GC(243) Metaspace: 6298K(6464K)->6298K(6464K) NonClass: 5764K(5824K)->5764K(5824K) Class: 533K(640K)->533K(640K)
[31.679s][info][gc             ] GC(243) Pause Young (Allocation Failure) 4659M->4659M(5360M) 265.499ms
[31.679s][info][gc,cpu         ] GC(243) User=1.64s Sys=0.00s Real=0.27s
[31.756s][info][gc,start       ] GC(244) Pause Young (Allocation Failure)
[31.840s][info][gc,heap        ] GC(244) PSYoungGen: 117440K(274944K)->61728K(277504K) Eden: 61440K(61440K)->0K(61440K) From: 56000K(213504K)->61728K(216064K)
[31.840s][info][gc,heap        ] GC(244) ParOldGen: 4715674K(5213696K)->4771970K(5213696K)
[31.840s][info][gc,metaspace   ] GC(244) Metaspace: 6298K(6464K)->6298K(6464K) NonClass: 5764K(5824K)->5764K(5824K) Class: 533K(640K)->533K(640K)
[31.840s][info][gc             ] GC(244) Pause Young (Allocation Failure) 4719M->4720M(5362M) 83.459ms
[31.840s][info][gc,cpu         ] GC(244) User=0.41s Sys=0.06s Real=0.08s
[31.910s][info][gc,start       ] GC(245) Pause Young (Allocation Failure)
[32.000s][info][gc,heap        ] GC(245) PSYoungGen: 123168K(277504K)->61632K(270848K) Eden: 61440K(61440K)->0K(68096K) From: 61728K(216064K)->61632K(202752K)
[32.000s][info][gc,heap        ] GC(245) ParOldGen: 4771970K(5213696K)->4833962K(5213696K)
[32.000s][info][gc,metaspace   ] GC(245) Metaspace: 6298K(6464K)->6298K(6464K) NonClass: 5764K(5824K)->5764K(5824K) Class: 533K(640K)->533K(640K)
[32.000s][info][gc             ] GC(245) Pause Young (Allocation Failure) 4780M->4780M(5356M) 90.217ms
[32.000s][info][gc,cpu         ] GC(245) User=0.33s Sys=0.02s Real=0.09s
[32.084s][info][gc,start       ] GC(246) Pause Young (Allocation Failure)
[32.168s][info][gc,heap        ] GC(246) PSYoungGen: 129728K(270848K)->68352K(275456K) Eden: 68096K(68096K)->0K(68096K) From: 61632K(202752K)->68352K(207360K)
[32.168s][info][gc,heap        ] GC(246) ParOldGen: 4833962K(5213696K)->4895970K(5213696K)
[32.168s][info][gc,metaspace   ] GC(246) Metaspace: 6298K(6464K)->6298K(6464K) NonClass: 5764K(5824K)->5764K(5824K) Class: 533K(640K)->533K(640K)
[32.168s][info][gc             ] GC(246) Pause Young (Allocation Failure) 4847M->4847M(5360M) 84.029ms
[32.168s][info][gc,cpu         ] GC(246) User=0.45s Sys=0.03s Real=0.08s
[32.258s][info][gc,start       ] GC(247) Pause Young (Allocation Failure)
[32.354s][info][gc,heap        ] GC(247) PSYoungGen: 136448K(275456K)->68288K(264192K) Eden: 68096K(68096K)->0K(75264K) From: 68352K(207360K)->68288K(188928K)
[32.354s][info][gc,heap        ] GC(247) ParOldGen: 4895970K(5213696K)->4964690K(5213696K)
[32.354s][info][gc,metaspace   ] GC(247) Metaspace: 6298K(6464K)->6298K(6464K) NonClass: 5764K(5824K)->5764K(5824K) Class: 533K(640K)->533K(640K)
[32.354s][info][gc             ] GC(247) Pause Young (Allocation Failure) 4914M->4915M(5349M) 96.630ms
[32.354s][info][gc,cpu         ] GC(247) User=0.64s Sys=0.02s Real=0.10s
[32.463s][info][gc,start       ] GC(248) Pause Young (Allocation Failure)
[32.565s][info][gc,heap        ] GC(248) PSYoungGen: 143552K(264192K)->75488K(270336K) Eden: 75264K(75264K)->0K(75264K) From: 68288K(188928K)->75488K(195072K)
[32.565s][info][gc,heap        ] GC(248) ParOldGen: 4964690K(5213696K)->5033402K(5213696K)
[32.565s][info][gc,metaspace   ] GC(248) Metaspace: 6298K(6464K)->6298K(6464K) NonClass: 5764K(5824K)->5764K(5824K) Class: 533K(640K)->533K(640K)
[32.565s][info][gc             ] GC(248) Pause Young (Allocation Failure) 4988M->4989M(5355M) 101.481ms
[32.565s][info][gc,cpu         ] GC(248) User=0.59s Sys=0.02s Real=0.10s
[32.679s][info][gc,start       ] GC(249) Pause Young (Allocation Failure)
[32.783s][info][gc,heap        ] GC(249) PSYoungGen: 150752K(270336K)->75520K(254464K) Eden: 75264K(75264K)->0K(82944K) From: 75488K(195072K)->75520K(171520K)
[32.783s][info][gc,heap        ] GC(249) ParOldGen: 5033402K(5213696K)->5109362K(5213696K)
[32.783s][info][gc,metaspace   ] GC(249) Metaspace: 6298K(6464K)->6298K(6464K) NonClass: 5764K(5824K)->5764K(5824K) Class: 533K(640K)->533K(640K)
[32.783s][info][gc             ] GC(249) Pause Young (Allocation Failure) 5062M->5063M(5340M) 104.405ms
[32.783s][info][gc,cpu         ] GC(249) User=0.66s Sys=0.08s Real=0.10s
[32.783s][info][gc,start       ] GC(250) Pause Full (Ergonomics)
[32.784s][info][gc,phases,start] GC(250) Marking Phase
[33.978s][info][gc,phases      ] GC(250) Marking Phase 1194.923ms
[33.979s][info][gc,phases,start] GC(250) Summary Phase
[33.979s][info][gc,phases      ] GC(250) Summary Phase 0.156ms
[33.979s][info][gc,phases,start] GC(250) Adjust Roots
[33.979s][info][gc,phases      ] GC(250) Adjust Roots 0.396ms
[33.979s][info][gc,phases,start] GC(250) Compaction Phase
[34.449s][info][gc,phases      ] GC(250) Compaction Phase 469.956ms
[34.449s][info][gc,phases,start] GC(250) Post Compact
[34.462s][info][gc,phases      ] GC(250) Post Compact 12.246ms
[34.464s][info][gc,heap        ] GC(250) PSYoungGen: 75520K(254464K)->0K(262656K) Eden: 0K(82944K)->0K(82944K) From: 75520K(171520K)->0K(179712K)
[34.464s][info][gc,heap        ] GC(250) ParOldGen: 5109362K(5213696K)->5180692K(5725184K)
[34.464s][info][gc,metaspace   ] GC(250) Metaspace: 6298K(6464K)->6298K(6464K) NonClass: 5764K(5824K)->5764K(5824K) Class: 533K(640K)->533K(640K)
[34.464s][info][gc             ] GC(250) Pause Full (Ergonomics) 5063M->5059M(5847M) 1680.324ms
[34.464s][info][gc,cpu         ] GC(250) User=12.09s Sys=0.06s Real=1.68s
[34.596s][info][gc,start       ] GC(251) Pause Young (Allocation Failure)
[34.672s][info][gc,heap        ] GC(251) PSYoungGen: 82944K(262656K)->83200K(251904K) Eden: 82944K(82944K)->0K(90112K) From: 0K(179712K)->83200K(161792K)
[34.672s][info][gc,heap        ] GC(251) ParOldGen: 5180692K(5725184K)->5180692K(5725184K)
[34.672s][info][gc,metaspace   ] GC(251) Metaspace: 6298K(6464K)->6298K(6464K) NonClass: 5764K(5824K)->5764K(5824K) Class: 533K(640K)->533K(640K)
[34.672s][info][gc             ] GC(251) Pause Young (Allocation Failure) 5140M->5140M(5837M) 75.608ms
[34.672s][info][gc,cpu         ] GC(251) User=0.28s Sys=0.00s Real=0.08s
[34.777s][info][gc,start       ] GC(252) Pause Young (Allocation Failure)
[34.885s][info][gc,heap        ] GC(252) PSYoungGen: 173312K(251904K)->171520K(261632K) Eden: 90112K(90112K)->0K(90112K) From: 83200K(161792K)->171520K(171520K)
[34.885s][info][gc,heap        ] GC(252) ParOldGen: 5180692K(5725184K)->5182580K(5725184K)
[34.885s][info][gc,metaspace   ] GC(252) Metaspace: 6298K(6464K)->6298K(6464K) NonClass: 5764K(5824K)->5764K(5824K) Class: 533K(640K)->533K(640K)
[34.885s][info][gc             ] GC(252) Pause Young (Allocation Failure) 5228M->5228M(5846M) 107.687ms
[34.885s][info][gc,cpu         ] GC(252) User=0.67s Sys=0.00s Real=0.11s
[35.005s][info][gc,start       ] GC(253) Pause Young (Allocation Failure)
[35.174s][info][gc,heap        ] GC(253) PSYoungGen: 261632K(261632K)->90368K(275968K) Eden: 90112K(90112K)->0K(98816K) From: 171520K(171520K)->90368K(177152K)
[35.174s][info][gc,heap        ] GC(253) ParOldGen: 5182580K(5725184K)->5355332K(5725184K)
[35.174s][info][gc,metaspace   ] GC(253) Metaspace: 6298K(6464K)->6298K(6464K) NonClass: 5764K(5824K)->5764K(5824K) Class: 533K(640K)->533K(640K)
[35.174s][info][gc             ] GC(253) Pause Young (Allocation Failure) 5316M->5318M(5860M) 168.869ms
[35.174s][info][gc,cpu         ] GC(253) User=1.16s Sys=0.08s Real=0.17s
[35.307s][info][gc,start       ] GC(254) Pause Young (Allocation Failure)
[35.426s][info][gc,heap        ] GC(254) PSYoungGen: 189184K(275968K)->185856K(284672K) Eden: 98816K(98816K)->0K(98816K) From: 90368K(177152K)->185856K(185856K)
[35.426s][info][gc,heap        ] GC(254) ParOldGen: 5355332K(5725184K)->5358804K(5725184K)
[35.426s][info][gc,metaspace   ] GC(254) Metaspace: 6298K(6464K)->6298K(6464K) NonClass: 5764K(5824K)->5764K(5824K) Class: 533K(640K)->533K(640K)
[35.426s][info][gc             ] GC(254) Pause Young (Allocation Failure) 5414M->5414M(5869M) 119.310ms
[35.426s][info][gc,cpu         ] GC(254) User=0.73s Sys=0.00s Real=0.12s
[35.552s][info][gc,start       ] GC(255) Pause Young (Allocation Failure)
[35.755s][info][gc,heap        ] GC(255) PSYoungGen: 284672K(284672K)->99104K(302592K) Eden: 98816K(98816K)->0K(109056K) From: 185856K(185856K)->99104K(193536K)
[35.755s][info][gc,heap        ] GC(255) ParOldGen: 5358804K(5725184K)->5545956K(5725184K)
[35.755s][info][gc,metaspace   ] GC(255) Metaspace: 6298K(6464K)->6298K(6464K) NonClass: 5764K(5824K)->5764K(5824K) Class: 533K(640K)->533K(640K)
[35.755s][info][gc             ] GC(255) Pause Young (Allocation Failure) 5511M->5512M(5886M) 202.928ms
[35.755s][info][gc,cpu         ] GC(255) User=1.12s Sys=0.16s Real=0.20s
[35.756s][info][gc,start       ] GC(256) Pause Full (Ergonomics)
[35.756s][info][gc,phases,start] GC(256) Marking Phase
[37.171s][info][gc,phases      ] GC(256) Marking Phase 1415.069ms
[37.171s][info][gc,phases,start] GC(256) Summary Phase
[37.171s][info][gc,phases      ] GC(256) Summary Phase 0.173ms
[37.171s][info][gc,phases,start] GC(256) Adjust Roots
[37.172s][info][gc,phases      ] GC(256) Adjust Roots 1.300ms
[37.172s][info][gc,phases,start] GC(256) Compaction Phase
[37.700s][info][gc,phases      ] GC(256) Compaction Phase 527.331ms
[37.700s][info][gc,phases,start] GC(256) Post Compact
[37.712s][info][gc,phases      ] GC(256) Post Compact 12.590ms
[37.715s][info][gc,heap        ] GC(256) PSYoungGen: 99104K(302592K)->0K(311296K) Eden: 0K(109056K)->0K(109056K) From: 99104K(193536K)->0K(202240K)
[37.715s][info][gc,heap        ] GC(256) ParOldGen: 5545956K(5725184K)->5641340K(6309376K)
[37.715s][info][gc,metaspace   ] GC(256) Metaspace: 6298K(6464K)->6298K(6464K) NonClass: 5764K(5824K)->5764K(5824K) Class: 533K(640K)->533K(640K)
[37.715s][info][gc             ] GC(256) Pause Full (Ergonomics) 5512M->5509M(6465M) 1959.821ms
[37.715s][info][gc,cpu         ] GC(256) User=13.42s Sys=0.09s Real=1.96s
[37.868s][info][gc,start       ] GC(257) Pause Young (Allocation Failure)
[37.970s][info][gc,heap        ] GC(257) PSYoungGen: 109056K(311296K)->109376K(302080K) Eden: 109056K(109056K)->0K(118272K) From: 0K(202240K)->109376K(183808K)
[37.970s][info][gc,heap        ] GC(257) ParOldGen: 5641340K(6309376K)->5641340K(6309376K)
[37.970s][info][gc,metaspace   ] GC(257) Metaspace: 6298K(6464K)->6298K(6464K) NonClass: 5764K(5824K)->5764K(5824K) Class: 533K(640K)->533K(640K)
[37.970s][info][gc             ] GC(257) Pause Young (Allocation Failure) 5615M->5615M(6456M) 102.358ms
[37.970s][info][gc,cpu         ] GC(257) User=0.33s Sys=0.00s Real=0.10s
[39.330s][info][gc,start       ] GC(258) Pause Young (Allocation Failure)
[39.608s][info][gc,heap        ] GC(258) PSYoungGen: 227648K(302080K)->194048K(312320K) Eden: 118272K(118272K)->0K(118272K) From: 109376K(183808K)->194048K(194048K)
[39.608s][info][gc,heap        ] GC(258) ParOldGen: 5903484K(6309376K)->5937436K(6309376K)
[39.608s][info][gc,metaspace   ] GC(258) Metaspace: 6298K(6464K)->6298K(6464K) NonClass: 5764K(5824K)->5764K(5824K) Class: 533K(640K)->533K(640K)
[39.608s][info][gc             ] GC(258) Pause Young (Allocation Failure) 5987M->5987M(6466M) 278.320ms
[39.608s][info][gc,cpu         ] GC(258) User=1.20s Sys=0.00s Real=0.28s
[39.760s][info][gc,start       ] GC(259) Pause Young (Allocation Failure)
[39.926s][info][gc,heap        ] GC(259) PSYoungGen: 312320K(312320K)->118624K(338944K) Eden: 118272K(118272K)->0K(128512K) From: 194048K(194048K)->118624K(210432K)
[39.926s][info][gc,heap        ] GC(259) ParOldGen: 5937436K(6309376K)->6132828K(6309376K)
[39.926s][info][gc,metaspace   ] GC(259) Metaspace: 6298K(6464K)->6298K(6464K) NonClass: 5764K(5824K)->5764K(5824K) Class: 533K(640K)->533K(640K)
[39.926s][info][gc             ] GC(259) Pause Young (Allocation Failure) 6103M->6104M(6492M) 166.158ms
[39.926s][info][gc,cpu         ] GC(259) User=1.11s Sys=0.11s Real=0.17s
[39.926s][info][gc,start       ] GC(260) Pause Full (Ergonomics)
[39.926s][info][gc,phases,start] GC(260) Marking Phase
[41.275s][info][gc,phases      ] GC(260) Marking Phase 1348.292ms
[41.275s][info][gc,phases,start] GC(260) Summary Phase
[41.275s][info][gc,phases      ] GC(260) Summary Phase 0.132ms
[41.275s][info][gc,phases,start] GC(260) Adjust Roots
[41.275s][info][gc,phases      ] GC(260) Adjust Roots 0.167ms
[41.275s][info][gc,phases,start] GC(260) Compaction Phase
[42.224s][info][gc,phases      ] GC(260) Compaction Phase 948.724ms
[42.224s][info][gc,phases,start] GC(260) Post Compact
[42.234s][info][gc,phases      ] GC(260) Post Compact 10.242ms
[42.236s][info][gc,heap        ] GC(260) PSYoungGen: 118624K(338944K)->0K(348672K) Eden: 0K(128512K)->0K(128512K) From: 118624K(210432K)->0K(220160K)
[42.236s][info][gc,heap        ] GC(260) ParOldGen: 6132828K(6309376K)->6117919K(6866432K)
[42.236s][info][gc,metaspace   ] GC(260) Metaspace: 6298K(6464K)->6298K(6464K) NonClass: 5764K(5824K)->5764K(5824K) Class: 533K(640K)->533K(640K)
[42.236s][info][gc             ] GC(260) Pause Full (Ergonomics) 6104M->5974M(7046M) 2309.625ms
[42.236s][info][gc,cpu         ] GC(260) User=16.16s Sys=0.03s Real=2.31s
[42.377s][info][gc,start       ] GC(261) Pause Young (Allocation Failure)
[42.485s][info][gc,heap        ] GC(261) PSYoungGen: 128512K(348672K)->128928K(344064K) Eden: 128512K(128512K)->0K(137728K) From: 0K(220160K)->128928K(206336K)
[42.485s][info][gc,heap        ] GC(261) ParOldGen: 6117919K(6866432K)->6117919K(6866432K)
[42.485s][info][gc,metaspace   ] GC(261) Metaspace: 6298K(6464K)->6298K(6464K) NonClass: 5764K(5824K)->5764K(5824K) Class: 533K(640K)->533K(640K)
[42.485s][info][gc             ] GC(261) Pause Young (Allocation Failure) 6100M->6100M(7041M) 107.605ms
[42.485s][info][gc,cpu         ] GC(261) User=0.34s Sys=0.00s Real=0.11s
[42.633s][info][gc,start       ] GC(262) Pause Young (Allocation Failure)
[42.774s][info][gc,heap        ] GC(262) PSYoungGen: 266656K(344064K)->214016K(351744K) Eden: 137728K(137728K)->0K(137728K) From: 128928K(206336K)->214016K(214016K)
[42.774s][info][gc,heap        ] GC(262) ParOldGen: 6117919K(6866432K)->6171055K(6866432K)
[42.775s][info][gc,metaspace   ] GC(262) Metaspace: 6298K(6464K)->6298K(6464K) NonClass: 5764K(5824K)->5764K(5824K) Class: 533K(640K)->533K(640K)
[42.775s][info][gc             ] GC(262) Pause Young (Allocation Failure) 6234M->6235M(7049M) 141.965ms
[42.775s][info][gc,cpu         ] GC(262) User=0.62s Sys=0.02s Real=0.14s
[42.940s][info][gc,start       ] GC(263) Pause Young (Allocation Failure)
[43.117s][info][gc,heap        ] GC(263) PSYoungGen: 351744K(351744K)->253824K(376320K) Eden: 137728K(137728K)->0K(116736K) From: 214016K(214016K)->253824K(259584K)
[43.117s][info][gc,heap        ] GC(263) ParOldGen: 6171055K(6866432K)->6270103K(6866432K)
[43.117s][info][gc,metaspace   ] GC(263) Metaspace: 6298K(6464K)->6298K(6464K) NonClass: 5764K(5824K)->5764K(5824K) Class: 533K(640K)->533K(640K)
[43.117s][info][gc             ] GC(263) Pause Young (Allocation Failure) 6369M->6371M(7073M) 177.084ms
[43.117s][info][gc,cpu         ] GC(263) User=1.09s Sys=0.17s Real=0.18s
[43.243s][info][gc,start       ] GC(264) Pause Young (Allocation Failure)
[43.415s][info][gc,heap        ] GC(264) PSYoungGen: 370560K(376320K)->291328K(408064K) Eden: 116736K(116736K)->0K(116736K) From: 253824K(259584K)->291328K(291328K)
[43.415s][info][gc,heap        ] GC(264) ParOldGen: 6270103K(6866432K)->6350023K(6866432K)
[43.415s][info][gc,metaspace   ] GC(264) Metaspace: 6298K(6464K)->6298K(6464K) NonClass: 5764K(5824K)->5764K(5824K) Class: 533K(640K)->533K(640K)
[43.415s][info][gc             ] GC(264) Pause Young (Allocation Failure) 6485M->6485M(7104M) 172.406ms
[43.415s][info][gc,cpu         ] GC(264) User=1.03s Sys=0.02s Real=0.17s
[43.554s][info][gc,start       ] GC(265) Pause Young (Allocation Failure)
[43.764s][info][gc,heap        ] GC(265) PSYoungGen: 408064K(408064K)->200672K(474624K) Eden: 116736K(116736K)->0K(128000K) From: 291328K(291328K)->200672K(346624K)
[43.764s][info][gc,heap        ] GC(265) ParOldGen: 6350023K(6866432K)->6559303K(6866432K)
[43.764s][info][gc,metaspace   ] GC(265) Metaspace: 6298K(6464K)->6298K(6464K) NonClass: 5764K(5824K)->5764K(5824K) Class: 533K(640K)->533K(640K)
[43.764s][info][gc             ] GC(265) Pause Young (Allocation Failure) 6599M->6601M(7169M) 210.543ms
[43.764s][info][gc,cpu         ] GC(265) User=1.41s Sys=0.25s Real=0.21s
[43.894s][info][gc,start       ] GC(266) Pause Young (Allocation Failure)
[44.085s][info][gc,heap        ] GC(266) PSYoungGen: 328672K(474624K)->328896K(481280K) Eden: 128000K(128000K)->0K(128000K) From: 200672K(346624K)->328896K(353280K)
[44.085s][info][gc,heap        ] GC(266) ParOldGen: 6559303K(6866432K)->6559303K(6866432K)
[44.085s][info][gc,metaspace   ] GC(266) Metaspace: 6298K(6464K)->6298K(6464K) NonClass: 5764K(5824K)->5764K(5824K) Class: 533K(640K)->533K(640K)
[44.085s][info][gc             ] GC(266) Pause Young (Allocation Failure) 6726M->6726M(7175M) 191.053ms
[44.085s][info][gc,cpu         ] GC(266) User=0.64s Sys=0.02s Real=0.19s
[44.231s][info][gc,start       ] GC(267) Pause Young (Allocation Failure)
[44.453s][info][gc,heap        ] GC(267) PSYoungGen: 456896K(481280K)->373568K(485888K) Eden: 128000K(128000K)->0K(92672K) From: 328896K(353280K)->373568K(393216K)
[44.453s][info][gc,heap        ] GC(267) ParOldGen: 6559303K(6866432K)->6643487K(6866432K)
[44.453s][info][gc,metaspace   ] GC(267) Metaspace: 6298K(6464K)->6298K(6464K) NonClass: 5764K(5824K)->5764K(5824K) Class: 533K(640K)->533K(640K)
[44.453s][info][gc             ] GC(267) Pause Young (Allocation Failure) 6851M->6852M(7180M) 222.583ms
[44.453s][info][gc,cpu         ] GC(267) User=1.36s Sys=0.27s Real=0.22s
[44.542s][info][gc,start       ] GC(268) Pause Young (Allocation Failure)
[44.764s][info][gc,heap        ] GC(268) PSYoungGen: 466240K(485888K)->349440K(534528K) Eden: 92672K(92672K)->0K(92672K) From: 373568K(393216K)->349440K(441856K)
[44.764s][info][gc,heap        ] GC(268) ParOldGen: 6643487K(6866432K)->6761295K(6866432K)
[44.764s][info][gc,metaspace   ] GC(268) Metaspace: 6298K(6464K)->6298K(6464K) NonClass: 5764K(5824K)->5764K(5824K) Class: 533K(640K)->533K(640K)
[44.764s][info][gc             ] GC(268) Pause Young (Allocation Failure) 6943M->6944M(7227M) 221.695ms
[44.764s][info][gc,cpu         ] GC(268) User=1.52s Sys=0.12s Real=0.22s
[44.764s][info][gc,start       ] GC(269) Pause Full (Ergonomics)
[44.764s][info][gc,phases,start] GC(269) Marking Phase
[46.395s][info][gc,phases      ] GC(269) Marking Phase 1630.483ms
[46.395s][info][gc,phases,start] GC(269) Summary Phase
[46.395s][info][gc,phases      ] GC(269) Summary Phase 0.087ms
[46.395s][info][gc,phases,start] GC(269) Adjust Roots
[46.395s][info][gc,phases      ] GC(269) Adjust Roots 0.212ms
[46.395s][info][gc,phases,start] GC(269) Compaction Phase
[47.195s][info][gc,phases      ] GC(269) Compaction Phase 800.453ms
[47.195s][info][gc,phases,start] GC(269) Post Compact
[47.207s][info][gc,phases      ] GC(269) Post Compact 11.851ms
[47.209s][info][gc,heap        ] GC(269) PSYoungGen: 349440K(534528K)->237669K(534528K) Eden: 0K(92672K)->0K(92672K) From: 349440K(441856K)->237669K(441856K)
[47.209s][info][gc,heap        ] GC(269) ParOldGen: 6761295K(6866432K)->6866115K(7372800K)
[47.209s][info][gc,metaspace   ] GC(269) Metaspace: 6298K(6464K)->6298K(6464K) NonClass: 5764K(5824K)->5764K(5824K) Class: 533K(640K)->533K(640K)
[47.209s][info][gc             ] GC(269) Pause Full (Ergonomics) 6944M->6937M(7722M) 2445.036ms
[47.209s][info][gc,cpu         ] GC(269) User=17.09s Sys=0.05s Real=2.44s
[47.308s][info][gc,start       ] GC(270) Pause Young (Allocation Failure)
[47.768s][info][gc,heap        ] GC(270) PSYoungGen: 330341K(534528K)->248160K(541696K) Eden: 92672K(92672K)->0K(101888K) From: 237669K(441856K)->248160K(439808K)
[47.768s][info][gc,heap        ] GC(270) ParOldGen: 6866115K(7372800K)->6949723K(7372800K)
[47.768s][info][gc,metaspace   ] GC(270) Metaspace: 6298K(6464K)->6298K(6464K) NonClass: 5764K(5824K)->5764K(5824K) Class: 533K(640K)->533K(640K)
[47.768s][info][gc             ] GC(270) Pause Young (Allocation Failure) 7027M->7029M(7729M) 460.555ms
[47.768s][info][gc,cpu         ] GC(270) User=3.36s Sys=0.03s Real=0.46s
[47.872s][info][gc,start       ] GC(271) Pause Young (Allocation Failure)
[48.062s][info][gc,heap        ] GC(271) PSYoungGen: 350048K(541696K)->350240K(558592K) Eden: 101888K(101888K)->0K(101888K) From: 248160K(439808K)->350240K(456704K)
[48.062s][info][gc,heap        ] GC(271) ParOldGen: 6949723K(7372800K)->6949723K(7372800K)
[48.062s][info][gc,metaspace   ] GC(271) Metaspace: 6298K(6464K)->6298K(6464K) NonClass: 5764K(5824K)->5764K(5824K) Class: 533K(640K)->533K(640K)
[48.062s][info][gc             ] GC(271) Pause Young (Allocation Failure) 7128M->7128M(7745M) 189.899ms
[48.062s][info][gc,cpu         ] GC(271) User=1.33s Sys=0.00s Real=0.19s
[48.179s][info][gc,start       ] GC(272) Pause Young (Allocation Failure)
[48.420s][info][gc,heap        ] GC(272) PSYoungGen: 452128K(558592K)->366912K(568320K) Eden: 101888K(101888K)->0K(88064K) From: 350240K(456704K)->366912K(480256K)
[48.420s][info][gc,heap        ] GC(272) ParOldGen: 6949723K(7372800K)->7035755K(7372800K)
[48.420s][info][gc,metaspace   ] GC(272) Metaspace: 6298K(6464K)->6298K(6464K) NonClass: 5764K(5824K)->5764K(5824K) Class: 533K(640K)->533K(640K)
[48.420s][info][gc             ] GC(272) Pause Young (Allocation Failure) 7228M->7229M(7755M) 241.645ms
[48.420s][info][gc,cpu         ] GC(272) User=1.59s Sys=0.27s Real=0.24s
[48.515s][info][gc,start       ] GC(273) Pause Young (Allocation Failure)
[48.756s][info][gc,heap        ] GC(273) PSYoungGen: 454976K(568320K)->385376K(592896K) Eden: 88064K(88064K)->0K(88064K) From: 366912K(480256K)->385376K(504832K)
[48.756s][info][gc,heap        ] GC(273) ParOldGen: 7035755K(7372800K)->7106043K(7372800K)
[48.756s][info][gc,metaspace   ] GC(273) Metaspace: 6298K(6464K)->6298K(6464K) NonClass: 5764K(5824K)->5764K(5824K) Class: 533K(640K)->533K(640K)
[48.756s][info][gc             ] GC(273) Pause Young (Allocation Failure) 7315M->7315M(7779M) 241.085ms
[48.756s][info][gc,cpu         ] GC(273) User=1.70s Sys=0.05s Real=0.24s
[48.857s][info][gc,start       ] GC(274) Pause Young (Allocation Failure)
[49.124s][info][gc,heap        ] GC(274) PSYoungGen: 473440K(592896K)->278688K(588288K) Eden: 88064K(88064K)->0K(99328K) From: 385376K(504832K)->278688K(488960K)
[49.124s][info][gc,heap        ] GC(274) ParOldGen: 7106043K(7372800K)->7302323K(7372800K)
[49.124s][info][gc,metaspace   ] GC(274) Metaspace: 6298K(6464K)->6298K(6464K) NonClass: 5764K(5824K)->5764K(5824K) Class: 533K(640K)->533K(640K)
[49.124s][info][gc             ] GC(274) Pause Young (Allocation Failure) 7401M->7403M(7774M) 267.116ms
[49.125s][info][gc,cpu         ] GC(274) User=1.70s Sys=0.09s Real=0.27s
[49.125s][info][gc,start       ] GC(275) Pause Full (Ergonomics)
[49.125s][info][gc,phases,start] GC(275) Marking Phase
[50.860s][info][gc,phases      ] GC(275) Marking Phase 1735.368ms
[50.860s][info][gc,phases,start] GC(275) Summary Phase
[50.860s][info][gc,phases      ] GC(275) Summary Phase 0.080ms
[50.860s][info][gc,phases,start] GC(275) Adjust Roots
[50.860s][info][gc,phases      ] GC(275) Adjust Roots 0.175ms
[50.860s][info][gc,phases,start] GC(275) Compaction Phase
[51.619s][info][gc,phases      ] GC(275) Compaction Phase 758.959ms
[51.619s][info][gc,phases,start] GC(275) Post Compact
[51.631s][info][gc,phases      ] GC(275) Post Compact 11.681ms
[51.631s][info][gc,heap        ] GC(275) PSYoungGen: 278688K(588288K)->203813K(601088K) Eden: 0K(99328K)->0K(112128K) From: 278688K(488960K)->203813K(488960K)
[51.631s][info][gc,heap        ] GC(275) ParOldGen: 7302323K(7372800K)->7372398K(7372800K)
[51.631s][info][gc,metaspace   ] GC(275) Metaspace: 6298K(6464K)->6298K(6464K) NonClass: 5764K(5824K)->5764K(5824K) Class: 533K(640K)->533K(640K)
[51.631s][info][gc             ] GC(275) Pause Full (Ergonomics) 7403M->7398M(7787M) 2506.657ms
[51.631s][info][gc,cpu         ] GC(275) User=18.16s Sys=0.09s Real=2.51s
[51.753s][info][gc,start       ] GC(276) Pause Full (Ergonomics)
[51.753s][info][gc,phases,start] GC(276) Marking Phase
[53.483s][info][gc,phases      ] GC(276) Marking Phase 1729.127ms
[53.483s][info][gc,phases,start] GC(276) Summary Phase
[53.483s][info][gc,phases      ] GC(276) Summary Phase 0.076ms
[53.483s][info][gc,phases,start] GC(276) Adjust Roots
[53.483s][info][gc,phases      ] GC(276) Adjust Roots 0.160ms
[53.483s][info][gc,phases,start] GC(276) Compaction Phase
[54.113s][info][gc,phases      ] GC(276) Compaction Phase 630.209ms
[54.113s][info][gc,phases,start] GC(276) Post Compact
[54.125s][info][gc,phases      ] GC(276) Post Compact 11.926ms
[54.125s][info][gc,heap        ] GC(276) PSYoungGen: 315941K(601088K)->315908K(601088K) Eden: 112128K(112128K)->112095K(112128K) From: 203813K(488960K)->203813K(488960K)
[54.125s][info][gc,heap        ] GC(276) ParOldGen: 7372398K(7372800K)->7372398K(7372800K)
[54.125s][info][gc,metaspace   ] GC(276) Metaspace: 6298K(6464K)->6298K(6464K) NonClass: 5764K(5824K)->5764K(5824K) Class: 533K(640K)->533K(640K)
[54.125s][info][gc             ] GC(276) Pause Full (Ergonomics) 7508M->7508M(7787M) 2371.970ms
[54.125s][info][gc,cpu         ] GC(276) User=17.12s Sys=0.02s Real=2.37s
[54.126s][info][gc,start       ] GC(277) Pause Full (Ergonomics)
[54.126s][info][gc,phases,start] GC(277) Marking Phase
[55.868s][info][gc,phases      ] GC(277) Marking Phase 1742.128ms
[55.868s][info][gc,phases,start] GC(277) Summary Phase
[55.868s][info][gc,phases      ] GC(277) Summary Phase 0.082ms
[55.868s][info][gc,phases,start] GC(277) Adjust Roots
[55.868s][info][gc,phases      ] GC(277) Adjust Roots 0.177ms
[55.868s][info][gc,phases,start] GC(277) Compaction Phase
[56.477s][info][gc,phases      ] GC(277) Compaction Phase 608.870ms
[56.477s][info][gc,phases,start] GC(277) Post Compact
[56.489s][info][gc,phases      ] GC(277) Post Compact 11.901ms
[56.489s][info][gc,heap        ] GC(277) PSYoungGen: 315941K(601088K)->315940K(601088K) Eden: 112128K(112128K)->112127K(112128K) From: 203813K(488960K)->203813K(488960K)
[56.489s][info][gc,heap        ] GC(277) ParOldGen: 7372398K(7372800K)->7372398K(7372800K)
[56.489s][info][gc,metaspace   ] GC(277) Metaspace: 6298K(6464K)->6298K(6464K) NonClass: 5764K(5824K)->5764K(5824K) Class: 533K(640K)->533K(640K)
[56.489s][info][gc             ] GC(277) Pause Full (Ergonomics) 7508M->7508M(7787M) 2363.485ms
[56.489s][info][gc,cpu         ] GC(277) User=17.31s Sys=0.00s Real=2.36s
[56.489s][info][gc,start       ] GC(278) Pause Full (Ergonomics)
[56.489s][info][gc,phases,start] GC(278) Marking Phase
[58.228s][info][gc,phases      ] GC(278) Marking Phase 1739.078ms
[58.228s][info][gc,phases,start] GC(278) Summary Phase
[58.229s][info][gc,phases      ] GC(278) Summary Phase 0.076ms
[58.229s][info][gc,phases,start] GC(278) Adjust Roots
[58.229s][info][gc,phases      ] GC(278) Adjust Roots 0.176ms
[58.229s][info][gc,phases,start] GC(278) Compaction Phase
[58.844s][info][gc,phases      ] GC(278) Compaction Phase 615.197ms
[58.844s][info][gc,phases,start] GC(278) Post Compact
[58.856s][info][gc,phases      ] GC(278) Post Compact 11.792ms
[58.856s][info][gc,heap        ] GC(278) PSYoungGen: 315941K(601088K)->315941K(601088K) Eden: 112127K(112128K)->112127K(112128K) From: 203813K(488960K)->203813K(488960K)
[58.856s][info][gc,heap        ] GC(278) ParOldGen: 7372398K(7372800K)->7372398K(7372800K)
[58.856s][info][gc,metaspace   ] GC(278) Metaspace: 6298K(6464K)->6298K(6464K) NonClass: 5764K(5824K)->5764K(5824K) Class: 533K(640K)->533K(640K)
[58.856s][info][gc             ] GC(278) Pause Full (Ergonomics) 7508M->7508M(7787M) 2366.648ms
[58.856s][info][gc,cpu         ] GC(278) User=17.33s Sys=0.00s Real=2.37s
[58.856s][info][gc,start       ] GC(279) Pause Full (Ergonomics)
[58.856s][info][gc,phases,start] GC(279) Marking Phase
[60.586s][info][gc,phases      ] GC(279) Marking Phase 1729.707ms
[60.586s][info][gc,phases,start] GC(279) Summary Phase
[60.586s][info][gc,phases      ] GC(279) Summary Phase 0.076ms
[60.586s][info][gc,phases,start] GC(279) Adjust Roots
[60.586s][info][gc,phases      ] GC(279) Adjust Roots 0.167ms
[60.586s][info][gc,phases,start] GC(279) Compaction Phase
[61.228s][info][gc,phases      ] GC(279) Compaction Phase 641.506ms
[61.228s][info][gc,phases,start] GC(279) Post Compact
[61.240s][info][gc,phases      ] GC(279) Post Compact 11.744ms
[61.240s][info][gc,heap        ] GC(279) PSYoungGen: 315941K(601088K)->315941K(601088K) Eden: 112127K(112128K)->112127K(112128K) From: 203813K(488960K)->203813K(488960K)
[61.240s][info][gc,heap        ] GC(279) ParOldGen: 7372403K(7372800K)->7372403K(7372800K)
[61.240s][info][gc,metaspace   ] GC(279) Metaspace: 6298K(6464K)->6298K(6464K) NonClass: 5764K(5824K)->5764K(5824K) Class: 533K(640K)->533K(640K)
[61.240s][info][gc             ] GC(279) Pause Full (Ergonomics) 7508M->7508M(7787M) 2383.638ms
[61.240s][info][gc,cpu         ] GC(279) User=17.19s Sys=0.00s Real=2.38s
[61.240s][info][gc,start       ] GC(280) Pause Full (Ergonomics)
[61.240s][info][gc,phases,start] GC(280) Marking Phase
[62.986s][info][gc,phases      ] GC(280) Marking Phase 1745.697ms
[62.986s][info][gc,phases,start] GC(280) Summary Phase
[62.986s][info][gc,phases      ] GC(280) Summary Phase 0.109ms
[62.986s][info][gc,phases,start] GC(280) Adjust Roots
[62.986s][info][gc,phases      ] GC(280) Adjust Roots 0.170ms
[62.986s][info][gc,phases,start] GC(280) Compaction Phase
[63.598s][info][gc,phases      ] GC(280) Compaction Phase 612.311ms
[63.599s][info][gc,phases,start] GC(280) Post Compact
[63.611s][info][gc,phases      ] GC(280) Post Compact 12.058ms
[63.611s][info][gc,heap        ] GC(280) PSYoungGen: 315941K(601088K)->315941K(601088K) Eden: 112127K(112128K)->112127K(112128K) From: 203813K(488960K)->203813K(488960K)
[63.611s][info][gc,heap        ] GC(280) ParOldGen: 7372408K(7372800K)->7372408K(7372800K)
[63.611s][info][gc,metaspace   ] GC(280) Metaspace: 6298K(6464K)->6298K(6464K) NonClass: 5764K(5824K)->5764K(5824K) Class: 533K(640K)->533K(640K)
[63.611s][info][gc             ] GC(280) Pause Full (Ergonomics) 7508M->7508M(7787M) 2370.719ms
[63.611s][info][gc,cpu         ] GC(280) User=17.64s Sys=0.00s Real=2.37s
[63.611s][info][gc,start       ] GC(281) Pause Full (Ergonomics)
[63.611s][info][gc,phases,start] GC(281) Marking Phase
[65.375s][info][gc,phases      ] GC(281) Marking Phase 1763.753ms
[65.375s][info][gc,phases,start] GC(281) Summary Phase
[65.375s][info][gc,phases      ] GC(281) Summary Phase 0.085ms
[65.375s][info][gc,phases,start] GC(281) Adjust Roots
[65.375s][info][gc,phases      ] GC(281) Adjust Roots 0.192ms
[65.375s][info][gc,phases,start] GC(281) Compaction Phase
[66.015s][info][gc,phases      ] GC(281) Compaction Phase 640.369ms
[66.016s][info][gc,phases,start] GC(281) Post Compact
[66.028s][info][gc,phases      ] GC(281) Post Compact 12.184ms
[66.028s][info][gc,heap        ] GC(281) PSYoungGen: 315941K(601088K)->315941K(601088K) Eden: 112127K(112128K)->112127K(112128K) From: 203813K(488960K)->203813K(488960K)
[66.028s][info][gc,heap        ] GC(281) ParOldGen: 7372413K(7372800K)->7372413K(7372800K)
[66.028s][info][gc,metaspace   ] GC(281) Metaspace: 6298K(6464K)->6298K(6464K) NonClass: 5764K(5824K)->5764K(5824K) Class: 533K(640K)->533K(640K)
[66.028s][info][gc             ] GC(281) Pause Full (Ergonomics) 7508M->7508M(7787M) 2416.935ms
[66.028s][info][gc,cpu         ] GC(281) User=17.69s Sys=0.00s Real=2.42s
[66.028s][info][gc,start       ] GC(282) Pause Full (Ergonomics)
[66.028s][info][gc,phases,start] GC(282) Marking Phase
[67.770s][info][gc,phases      ] GC(282) Marking Phase 1742.315ms
[67.771s][info][gc,phases,start] GC(282) Summary Phase
[67.771s][info][gc,phases      ] GC(282) Summary Phase 0.185ms
[67.771s][info][gc,phases,start] GC(282) Adjust Roots
[67.771s][info][gc,phases      ] GC(282) Adjust Roots 0.337ms
[67.771s][info][gc,phases,start] GC(282) Compaction Phase
[68.428s][info][gc,phases      ] GC(282) Compaction Phase 656.755ms
[68.428s][info][gc,phases,start] GC(282) Post Compact
[68.440s][info][gc,phases      ] GC(282) Post Compact 11.729ms
[68.440s][info][gc,heap        ] GC(282) PSYoungGen: 315941K(601088K)->315941K(601088K) Eden: 112127K(112128K)->112127K(112128K) From: 203813K(488960K)->203813K(488960K)
[68.440s][info][gc,heap        ] GC(282) ParOldGen: 7372418K(7372800K)->7372418K(7372800K)
[68.440s][info][gc,metaspace   ] GC(282) Metaspace: 6298K(6464K)->6298K(6464K) NonClass: 5764K(5824K)->5764K(5824K) Class: 533K(640K)->533K(640K)
[68.440s][info][gc             ] GC(282) Pause Full (Ergonomics) 7508M->7508M(7787M) 2411.738ms
[68.440s][info][gc,cpu         ] GC(282) User=17.61s Sys=0.00s Real=2.41s
[68.440s][info][gc,start       ] GC(283) Pause Full (Ergonomics)
[68.440s][info][gc,phases,start] GC(283) Marking Phase
[70.211s][info][gc,phases      ] GC(283) Marking Phase 1770.673ms
[70.211s][info][gc,phases,start] GC(283) Summary Phase
[70.211s][info][gc,phases      ] GC(283) Summary Phase 0.120ms
[70.211s][info][gc,phases,start] GC(283) Adjust Roots
[70.211s][info][gc,phases      ] GC(283) Adjust Roots 0.302ms
[70.211s][info][gc,phases,start] GC(283) Compaction Phase
[70.873s][info][gc,phases      ] GC(283) Compaction Phase 661.735ms
[70.873s][info][gc,phases,start] GC(283) Post Compact
[70.887s][info][gc,phases      ] GC(283) Post Compact 13.851ms
[70.887s][info][gc,heap        ] GC(283) PSYoungGen: 315941K(601088K)->315941K(601088K) Eden: 112127K(112128K)->112127K(112128K) From: 203813K(488960K)->203813K(488960K)
[70.887s][info][gc,heap        ] GC(283) ParOldGen: 7372422K(7372800K)->7372422K(7372800K)
[70.887s][info][gc,metaspace   ] GC(283) Metaspace: 6298K(6464K)->6298K(6464K) NonClass: 5764K(5824K)->5764K(5824K) Class: 533K(640K)->533K(640K)
[70.887s][info][gc             ] GC(283) Pause Full (Ergonomics) 7508M->7508M(7787M) 2447.082ms
[70.887s][info][gc,cpu         ] GC(283) User=17.73s Sys=0.00s Real=2.45s
[70.887s][info][gc,start       ] GC(284) Pause Full (Ergonomics)
[70.887s][info][gc,phases,start] GC(284) Marking Phase
[72.667s][info][gc,phases      ] GC(284) Marking Phase 1780.087ms
[72.667s][info][gc,phases,start] GC(284) Summary Phase
[72.668s][info][gc,phases      ] GC(284) Summary Phase 0.078ms
[72.668s][info][gc,phases,start] GC(284) Adjust Roots
[72.668s][info][gc,phases      ] GC(284) Adjust Roots 0.171ms
[72.668s][info][gc,phases,start] GC(284) Compaction Phase
[73.340s][info][gc,phases      ] GC(284) Compaction Phase 671.830ms
[73.340s][info][gc,phases,start] GC(284) Post Compact
[73.353s][info][gc,phases      ] GC(284) Post Compact 13.786ms
[73.354s][info][gc,heap        ] GC(284) PSYoungGen: 315941K(601088K)->315941K(601088K) Eden: 112127K(112128K)->112127K(112128K) From: 203813K(488960K)->203813K(488960K)
[73.354s][info][gc,heap        ] GC(284) ParOldGen: 7372427K(7372800K)->7372427K(7372800K)
[73.354s][info][gc,metaspace   ] GC(284) Metaspace: 6298K(6464K)->6298K(6464K) NonClass: 5764K(5824K)->5764K(5824K) Class: 533K(640K)->533K(640K)
[73.354s][info][gc             ] GC(284) Pause Full (Ergonomics) 7508M->7508M(7787M) 2466.328ms
[73.354s][info][gc,cpu         ] GC(284) User=18.00s Sys=0.00s Real=2.47s
[73.354s][info][gc,start       ] GC(285) Pause Full (Ergonomics)
[73.354s][info][gc,phases,start] GC(285) Marking Phase
[75.140s][info][gc,phases      ] GC(285) Marking Phase 1785.830ms
[75.140s][info][gc,phases,start] GC(285) Summary Phase
[75.140s][info][gc,phases      ] GC(285) Summary Phase 0.117ms
[75.140s][info][gc,phases,start] GC(285) Adjust Roots
[75.140s][info][gc,phases      ] GC(285) Adjust Roots 0.270ms
[75.140s][info][gc,phases,start] GC(285) Compaction Phase
[75.758s][info][gc,phases      ] GC(285) Compaction Phase 617.899ms
[75.758s][info][gc,phases,start] GC(285) Post Compact
[75.772s][info][gc,phases      ] GC(285) Post Compact 13.852ms
[75.772s][info][gc,heap        ] GC(285) PSYoungGen: 315941K(601088K)->315941K(601088K) Eden: 112127K(112128K)->112127K(112128K) From: 203813K(488960K)->203813K(488960K)
[75.772s][info][gc,heap        ] GC(285) ParOldGen: 7372432K(7372800K)->7372432K(7372800K)
[75.772s][info][gc,metaspace   ] GC(285) Metaspace: 6298K(6464K)->6298K(6464K) NonClass: 5764K(5824K)->5764K(5824K) Class: 533K(640K)->533K(640K)
[75.772s][info][gc             ] GC(285) Pause Full (Ergonomics) 7508M->7508M(7787M) 2418.350ms
[75.772s][info][gc,cpu         ] GC(285) User=17.92s Sys=0.03s Real=2.42s
[75.772s][info][gc,start       ] GC(286) Pause Full (Ergonomics)
[75.772s][info][gc,phases,start] GC(286) Marking Phase
[77.540s][info][gc,phases      ] GC(286) Marking Phase 1767.292ms
[77.540s][info][gc,phases,start] GC(286) Summary Phase
[77.540s][info][gc,phases      ] GC(286) Summary Phase 0.079ms
[77.540s][info][gc,phases,start] GC(286) Adjust Roots
[77.540s][info][gc,phases      ] GC(286) Adjust Roots 0.209ms
[77.540s][info][gc,phases,start] GC(286) Compaction Phase
[78.195s][info][gc,phases      ] GC(286) Compaction Phase 654.948ms
[78.195s][info][gc,phases,start] GC(286) Post Compact
[78.209s][info][gc,phases      ] GC(286) Post Compact 14.169ms
[78.209s][info][gc,heap        ] GC(286) PSYoungGen: 315941K(601088K)->315941K(601088K) Eden: 112127K(112128K)->112127K(112128K) From: 203813K(488960K)->203813K(488960K)
[78.209s][info][gc,heap        ] GC(286) ParOldGen: 7372437K(7372800K)->7372437K(7372800K)
[78.209s][info][gc,metaspace   ] GC(286) Metaspace: 6298K(6464K)->6298K(6464K) NonClass: 5764K(5824K)->5764K(5824K) Class: 533K(640K)->533K(640K)
[78.210s][info][gc             ] GC(286) Pause Full (Ergonomics) 7508M->7508M(7787M) 2437.053ms
[78.210s][info][gc,cpu         ] GC(286) User=17.72s Sys=0.00s Real=2.44s
[78.210s][info][gc,start       ] GC(287) Pause Full (Ergonomics)
[78.210s][info][gc,phases,start] GC(287) Marking Phase
[79.995s][info][gc,phases      ] GC(287) Marking Phase 1784.956ms
[79.995s][info][gc,phases,start] GC(287) Summary Phase
[79.995s][info][gc,phases      ] GC(287) Summary Phase 0.081ms
[79.995s][info][gc,phases,start] GC(287) Adjust Roots
[79.995s][info][gc,phases      ] GC(287) Adjust Roots 0.174ms
[79.995s][info][gc,phases,start] GC(287) Compaction Phase
[80.667s][info][gc,phases      ] GC(287) Compaction Phase 672.141ms
[80.667s][info][gc,phases,start] GC(287) Post Compact
[80.679s][info][gc,phases      ] GC(287) Post Compact 12.107ms
[80.679s][info][gc,heap        ] GC(287) PSYoungGen: 315941K(601088K)->315941K(601088K) Eden: 112127K(112128K)->112127K(112128K) From: 203813K(488960K)->203813K(488960K)
[80.679s][info][gc,heap        ] GC(287) ParOldGen: 7372442K(7372800K)->7372442K(7372800K)
[80.679s][info][gc,metaspace   ] GC(287) Metaspace: 6298K(6464K)->6298K(6464K) NonClass: 5764K(5824K)->5764K(5824K) Class: 533K(640K)->533K(640K)
[80.680s][info][gc             ] GC(287) Pause Full (Ergonomics) 7508M->7508M(7787M) 2469.808ms
[80.680s][info][gc,cpu         ] GC(287) User=17.91s Sys=0.00s Real=2.47s
[80.680s][info][gc,start       ] GC(288) Pause Full (Ergonomics)
[80.680s][info][gc,phases,start] GC(288) Marking Phase
[82.484s][info][gc,phases      ] GC(288) Marking Phase 1804.295ms
[82.484s][info][gc,phases,start] GC(288) Summary Phase
[82.484s][info][gc,phases      ] GC(288) Summary Phase 0.084ms
[82.484s][info][gc,phases,start] GC(288) Adjust Roots
[82.484s][info][gc,phases      ] GC(288) Adjust Roots 0.215ms
[82.484s][info][gc,phases,start] GC(288) Compaction Phase
[83.123s][info][gc,phases      ] GC(288) Compaction Phase 638.803ms
[83.123s][info][gc,phases,start] GC(288) Post Compact
[83.135s][info][gc,phases      ] GC(288) Post Compact 11.882ms
[83.135s][info][gc,heap        ] GC(288) PSYoungGen: 315941K(601088K)->315941K(601088K) Eden: 112127K(112128K)->112127K(112128K) From: 203813K(488960K)->203813K(488960K)
[83.135s][info][gc,heap        ] GC(288) ParOldGen: 7372447K(7372800K)->7372447K(7372800K)
[83.135s][info][gc,metaspace   ] GC(288) Metaspace: 6298K(6464K)->6298K(6464K) NonClass: 5764K(5824K)->5764K(5824K) Class: 533K(640K)->533K(640K)
[83.135s][info][gc             ] GC(288) Pause Full (Ergonomics) 7508M->7508M(7787M) 2455.637ms
[83.135s][info][gc,cpu         ] GC(288) User=18.05s Sys=0.00s Real=2.46s
[83.136s][info][gc,start       ] GC(289) Pause Full (Ergonomics)
[83.136s][info][gc,phases,start] GC(289) Marking Phase
[84.918s][info][gc,phases      ] GC(289) Marking Phase 1781.984ms
[84.918s][info][gc,phases,start] GC(289) Summary Phase
[84.918s][info][gc,phases      ] GC(289) Summary Phase 0.076ms
[84.918s][info][gc,phases,start] GC(289) Adjust Roots
[84.918s][info][gc,phases      ] GC(289) Adjust Roots 0.188ms
[84.918s][info][gc,phases,start] GC(289) Compaction Phase
[85.553s][info][gc,phases      ] GC(289) Compaction Phase 635.333ms
[85.553s][info][gc,phases,start] GC(289) Post Compact
[85.565s][info][gc,phases      ] GC(289) Post Compact 12.104ms
[85.566s][info][gc,heap        ] GC(289) PSYoungGen: 315941K(601088K)->315941K(601088K) Eden: 112127K(112128K)->112127K(112128K) From: 203813K(488960K)->203813K(488960K)
[85.566s][info][gc,heap        ] GC(289) ParOldGen: 7372451K(7372800K)->7372451K(7372800K)
[85.566s][info][gc,metaspace   ] GC(289) Metaspace: 6298K(6464K)->6298K(6464K) NonClass: 5764K(5824K)->5764K(5824K) Class: 533K(640K)->533K(640K)
[85.566s][info][gc             ] GC(289) Pause Full (Ergonomics) 7508M->7508M(7787M) 2430.051ms
[85.566s][info][gc,cpu         ] GC(289) User=17.73s Sys=0.00s Real=2.43s
[85.566s][info][gc,start       ] GC(290) Pause Full (Ergonomics)
[85.566s][info][gc,phases,start] GC(290) Marking Phase
[87.351s][info][gc,phases      ] GC(290) Marking Phase 1784.866ms
[87.351s][info][gc,phases,start] GC(290) Summary Phase
[87.351s][info][gc,phases      ] GC(290) Summary Phase 0.077ms
[87.351s][info][gc,phases,start] GC(290) Adjust Roots
[87.351s][info][gc,phases      ] GC(290) Adjust Roots 0.161ms
[87.351s][info][gc,phases,start] GC(290) Compaction Phase
[87.969s][info][gc,phases      ] GC(290) Compaction Phase 618.249ms
[87.969s][info][gc,phases,start] GC(290) Post Compact
[87.981s][info][gc,phases      ] GC(290) Post Compact 11.832ms
[87.981s][info][gc,heap        ] GC(290) PSYoungGen: 315941K(601088K)->315941K(601088K) Eden: 112127K(112128K)->112127K(112128K) From: 203813K(488960K)->203813K(488960K)
[87.981s][info][gc,heap        ] GC(290) ParOldGen: 7372456K(7372800K)->7372456K(7372800K)
[87.981s][info][gc,metaspace   ] GC(290) Metaspace: 6298K(6464K)->6298K(6464K) NonClass: 5764K(5824K)->5764K(5824K) Class: 533K(640K)->533K(640K)
[87.981s][info][gc             ] GC(290) Pause Full (Ergonomics) 7508M->7508M(7787M) 2415.533ms
[87.981s][info][gc,cpu         ] GC(290) User=17.94s Sys=0.00s Real=2.42s
[87.982s][info][gc,start       ] GC(291) Pause Full (Ergonomics)
[87.982s][info][gc,phases,start] GC(291) Marking Phase
[89.770s][info][gc,phases      ] GC(291) Marking Phase 1788.693ms
[89.770s][info][gc,phases,start] GC(291) Summary Phase
[89.770s][info][gc,phases      ] GC(291) Summary Phase 0.080ms
[89.771s][info][gc,phases,start] GC(291) Adjust Roots
[89.771s][info][gc,phases      ] GC(291) Adjust Roots 0.199ms
[89.771s][info][gc,phases,start] GC(291) Compaction Phase
[90.414s][info][gc,phases      ] GC(291) Compaction Phase 643.454ms
[90.414s][info][gc,phases,start] GC(291) Post Compact
[90.426s][info][gc,phases      ] GC(291) Post Compact 11.905ms
[90.426s][info][gc,heap        ] GC(291) PSYoungGen: 315941K(601088K)->315941K(601088K) Eden: 112127K(112128K)->112127K(112128K) From: 203813K(488960K)->203813K(488960K)
[90.426s][info][gc,heap        ] GC(291) ParOldGen: 7372461K(7372800K)->7372461K(7372800K)
[90.426s][info][gc,metaspace   ] GC(291) Metaspace: 6298K(6464K)->6298K(6464K) NonClass: 5764K(5824K)->5764K(5824K) Class: 533K(640K)->533K(640K)
[90.426s][info][gc             ] GC(291) Pause Full (Ergonomics) 7508M->7508M(7787M) 2444.686ms
[90.426s][info][gc,cpu         ] GC(291) User=17.83s Sys=0.02s Real=2.44s
[90.427s][info][gc,start       ] GC(292) Pause Full (Ergonomics)
[90.427s][info][gc,phases,start] GC(292) Marking Phase
[92.188s][info][gc,phases      ] GC(292) Marking Phase 1760.995ms
[92.188s][info][gc,phases,start] GC(292) Summary Phase
[92.188s][info][gc,phases      ] GC(292) Summary Phase 0.084ms
[92.188s][info][gc,phases,start] GC(292) Adjust Roots
[92.188s][info][gc,phases      ] GC(292) Adjust Roots 0.234ms
[92.188s][info][gc,phases,start] GC(292) Compaction Phase
[92.809s][info][gc,phases      ] GC(292) Compaction Phase 621.182ms
[92.809s][info][gc,phases,start] GC(292) Post Compact
[92.823s][info][gc,phases      ] GC(292) Post Compact 13.971ms
[92.823s][info][gc,heap        ] GC(292) PSYoungGen: 315941K(601088K)->315941K(601088K) Eden: 112127K(112128K)->112127K(112128K) From: 203813K(488960K)->203813K(488960K)
[92.823s][info][gc,heap        ] GC(292) ParOldGen: 7372466K(7372800K)->7372466K(7372800K)
[92.823s][info][gc,metaspace   ] GC(292) Metaspace: 6298K(6464K)->6298K(6464K) NonClass: 5764K(5824K)->5764K(5824K) Class: 533K(640K)->533K(640K)
[92.823s][info][gc             ] GC(292) Pause Full (Ergonomics) 7508M->7508M(7787M) 2396.832ms
[92.823s][info][gc,cpu         ] GC(292) User=17.75s Sys=0.00s Real=2.40s
[92.824s][info][gc,start       ] GC(293) Pause Full (Ergonomics)
[92.824s][info][gc,phases,start] GC(293) Marking Phase
[94.602s][info][gc,phases      ] GC(293) Marking Phase 1778.705ms
[94.602s][info][gc,phases,start] GC(293) Summary Phase
[94.602s][info][gc,phases      ] GC(293) Summary Phase 0.081ms
[94.602s][info][gc,phases,start] GC(293) Adjust Roots
[94.603s][info][gc,phases      ] GC(293) Adjust Roots 0.181ms
[94.603s][info][gc,phases,start] GC(293) Compaction Phase
[95.227s][info][gc,phases      ] GC(293) Compaction Phase 624.102ms
[95.227s][info][gc,phases,start] GC(293) Post Compact
[95.239s][info][gc,phases      ] GC(293) Post Compact 11.891ms
[95.239s][info][gc,heap        ] GC(293) PSYoungGen: 315941K(601088K)->315941K(601088K) Eden: 112127K(112128K)->112127K(112128K) From: 203813K(488960K)->203813K(488960K)
[95.239s][info][gc,heap        ] GC(293) ParOldGen: 7372471K(7372800K)->7372471K(7372800K)
[95.239s][info][gc,metaspace   ] GC(293) Metaspace: 6298K(6464K)->6298K(6464K) NonClass: 5764K(5824K)->5764K(5824K) Class: 533K(640K)->533K(640K)
[95.239s][info][gc             ] GC(293) Pause Full (Ergonomics) 7508M->7508M(7787M) 2415.334ms
[95.239s][info][gc,cpu         ] GC(293) User=17.72s Sys=0.00s Real=2.41s
[95.239s][info][gc,start       ] GC(294) Pause Full (Ergonomics)
[95.239s][info][gc,phases,start] GC(294) Marking Phase
[97.043s][info][gc,phases      ] GC(294) Marking Phase 1803.988ms
[97.043s][info][gc,phases,start] GC(294) Summary Phase
[97.043s][info][gc,phases      ] GC(294) Summary Phase 0.155ms
[97.043s][info][gc,phases,start] GC(294) Adjust Roots
[97.044s][info][gc,phases      ] GC(294) Adjust Roots 0.194ms
[97.044s][info][gc,phases,start] GC(294) Compaction Phase
[97.669s][info][gc,phases      ] GC(294) Compaction Phase 625.084ms
[97.669s][info][gc,phases,start] GC(294) Post Compact
[97.681s][info][gc,phases      ] GC(294) Post Compact 11.904ms
[97.681s][info][gc,heap        ] GC(294) PSYoungGen: 315941K(601088K)->315941K(601088K) Eden: 112127K(112128K)->112127K(112128K) From: 203813K(488960K)->203813K(488960K)
[97.681s][info][gc,heap        ] GC(294) ParOldGen: 7372476K(7372800K)->7372476K(7372800K)
[97.681s][info][gc,metaspace   ] GC(294) Metaspace: 6298K(6464K)->6298K(6464K) NonClass: 5764K(5824K)->5764K(5824K) Class: 533K(640K)->533K(640K)
[97.681s][info][gc             ] GC(294) Pause Full (Ergonomics) 7508M->7508M(7787M) 2441.669ms
[97.681s][info][gc,cpu         ] GC(294) User=18.02s Sys=0.00s Real=2.44s
[97.681s][info][gc,start       ] GC(295) Pause Full (Ergonomics)
[97.681s][info][gc,phases,start] GC(295) Marking Phase
[99.465s][info][gc,phases      ] GC(295) Marking Phase 1784.373ms
[99.465s][info][gc,phases,start] GC(295) Summary Phase
[99.466s][info][gc,phases      ] GC(295) Summary Phase 0.080ms
[99.466s][info][gc,phases,start] GC(295) Adjust Roots
[99.466s][info][gc,phases      ] GC(295) Adjust Roots 0.163ms
[99.466s][info][gc,phases,start] GC(295) Compaction Phase
[100.096s][info][gc,phases      ] GC(295) Compaction Phase 630.327ms
[100.096s][info][gc,phases,start] GC(295) Post Compact
[100.108s][info][gc,phases      ] GC(295) Post Compact 12.091ms
[100.108s][info][gc,heap        ] GC(295) PSYoungGen: 315941K(601088K)->315941K(601088K) Eden: 112127K(112128K)->112127K(112128K) From: 203813K(488960K)->203813K(488960K)
[100.108s][info][gc,heap        ] GC(295) ParOldGen: 7372480K(7372800K)->7372480K(7372800K)
[100.108s][info][gc,metaspace   ] GC(295) Metaspace: 6298K(6464K)->6298K(6464K) NonClass: 5764K(5824K)->5764K(5824K) Class: 533K(640K)->533K(640K)
[100.108s][info][gc             ] GC(295) Pause Full (Ergonomics) 7508M->7508M(7787M) 2427.376ms
[100.108s][info][gc,cpu         ] GC(295) User=17.91s Sys=0.00s Real=2.43s
[100.109s][info][gc,start       ] GC(296) Pause Full (Ergonomics)
[100.109s][info][gc,phases,start] GC(296) Marking Phase
[101.879s][info][gc,phases      ] GC(296) Marking Phase 1770.730ms
[101.879s][info][gc,phases,start] GC(296) Summary Phase
[101.880s][info][gc,phases      ] GC(296) Summary Phase 0.089ms
[101.880s][info][gc,phases,start] GC(296) Adjust Roots
[101.880s][info][gc,phases      ] GC(296) Adjust Roots 0.271ms
[101.880s][info][gc,phases,start] GC(296) Compaction Phase
[102.508s][info][gc,phases      ] GC(296) Compaction Phase 628.237ms
[102.508s][info][gc,phases,start] GC(296) Post Compact
[102.521s][info][gc,phases      ] GC(296) Post Compact 12.912ms
[102.521s][info][gc,heap        ] GC(296) PSYoungGen: 315941K(601088K)->315941K(601088K) Eden: 112127K(112128K)->112127K(112128K) From: 203813K(488960K)->203813K(488960K)
[102.521s][info][gc,heap        ] GC(296) ParOldGen: 7372485K(7372800K)->7372485K(7372800K)
[102.521s][info][gc,metaspace   ] GC(296) Metaspace: 6298K(6464K)->6298K(6464K) NonClass: 5764K(5824K)->5764K(5824K) Class: 533K(640K)->533K(640K)
[102.521s][info][gc             ] GC(296) Pause Full (Ergonomics) 7508M->7508M(7787M) 2412.600ms
[102.521s][info][gc,cpu         ] GC(296) User=17.77s Sys=0.00s Real=2.41s
[102.521s][info][gc,start       ] GC(297) Pause Full (Ergonomics)
[102.521s][info][gc,phases,start] GC(297) Marking Phase
[104.289s][info][gc,phases      ] GC(297) Marking Phase 1767.107ms
[104.289s][info][gc,phases,start] GC(297) Summary Phase
[104.289s][info][gc,phases      ] GC(297) Summary Phase 0.084ms
[104.289s][info][gc,phases,start] GC(297) Adjust Roots
[104.289s][info][gc,phases      ] GC(297) Adjust Roots 0.235ms
[104.289s][info][gc,phases,start] GC(297) Compaction Phase
[104.887s][info][gc,phases      ] GC(297) Compaction Phase 598.270ms
[104.887s][info][gc,phases,start] GC(297) Post Compact
[104.899s][info][gc,phases      ] GC(297) Post Compact 12.077ms
[104.900s][info][gc,heap        ] GC(297) PSYoungGen: 315941K(601088K)->315941K(601088K) Eden: 112127K(112128K)->112127K(112128K) From: 203813K(488960K)->203813K(488960K)
[104.900s][info][gc,heap        ] GC(297) ParOldGen: 7372490K(7372800K)->7372490K(7372800K)
[104.900s][info][gc,metaspace   ] GC(297) Metaspace: 6298K(6464K)->6298K(6464K) NonClass: 5764K(5824K)->5764K(5824K) Class: 533K(640K)->533K(640K)
[104.900s][info][gc             ] GC(297) Pause Full (Ergonomics) 7508M->7508M(7787M) 2378.133ms
[104.900s][info][gc,cpu         ] GC(297) User=17.62s Sys=0.00s Real=2.38s
[104.900s][info][gc,start       ] GC(298) Pause Full (Ergonomics)
[104.900s][info][gc,phases,start] GC(298) Marking Phase
[106.666s][info][gc,phases      ] GC(298) Marking Phase 1766.324ms
[106.666s][info][gc,phases,start] GC(298) Summary Phase
[106.666s][info][gc,phases      ] GC(298) Summary Phase 0.108ms
[106.666s][info][gc,phases,start] GC(298) Adjust Roots
[106.667s][info][gc,phases      ] GC(298) Adjust Roots 0.191ms
[106.667s][info][gc,phases,start] GC(298) Compaction Phase
[107.278s][info][gc,phases      ] GC(298) Compaction Phase 611.379ms
[107.278s][info][gc,phases,start] GC(298) Post Compact
[107.290s][info][gc,phases      ] GC(298) Post Compact 11.984ms
[107.290s][info][gc,heap        ] GC(298) PSYoungGen: 315941K(601088K)->315941K(601088K) Eden: 112127K(112128K)->112127K(112128K) From: 203813K(488960K)->203813K(488960K)
[107.290s][info][gc,heap        ] GC(298) ParOldGen: 7372495K(7372800K)->7372495K(7372800K)
[107.290s][info][gc,metaspace   ] GC(298) Metaspace: 6298K(6464K)->6298K(6464K) NonClass: 5764K(5824K)->5764K(5824K) Class: 533K(640K)->533K(640K)
[107.290s][info][gc             ] GC(298) Pause Full (Ergonomics) 7508M->7508M(7787M) 2390.357ms
[107.290s][info][gc,cpu         ] GC(298) User=17.44s Sys=0.03s Real=2.39s
[107.290s][info][gc,start       ] GC(299) Pause Full (Ergonomics)
[107.290s][info][gc,phases,start] GC(299) Marking Phase
[109.032s][info][gc,phases      ] GC(299) Marking Phase 1741.600ms
[109.032s][info][gc,phases,start] GC(299) Summary Phase
[109.032s][info][gc,phases      ] GC(299) Summary Phase 0.090ms
[109.032s][info][gc,phases,start] GC(299) Adjust Roots
[109.032s][info][gc,phases      ] GC(299) Adjust Roots 0.199ms
[109.032s][info][gc,phases,start] GC(299) Compaction Phase
[109.633s][info][gc,phases      ] GC(299) Compaction Phase 600.392ms
[109.633s][info][gc,phases,start] GC(299) Post Compact
[109.645s][info][gc,phases      ] GC(299) Post Compact 11.788ms
[109.645s][info][gc,heap        ] GC(299) PSYoungGen: 315941K(601088K)->315941K(601088K) Eden: 112127K(112128K)->112127K(112128K) From: 203813K(488960K)->203813K(488960K)
[109.645s][info][gc,heap        ] GC(299) ParOldGen: 7372500K(7372800K)->7372500K(7372800K)
[109.645s][info][gc,metaspace   ] GC(299) Metaspace: 6298K(6464K)->6298K(6464K) NonClass: 5764K(5824K)->5764K(5824K) Class: 533K(640K)->533K(640K)
[109.645s][info][gc             ] GC(299) Pause Full (Ergonomics) 7508M->7508M(7787M) 2354.432ms
[109.645s][info][gc,cpu         ] GC(299) User=17.28s Sys=0.03s Real=2.36s
[109.645s][info][gc,start       ] GC(300) Pause Full (Ergonomics)
[109.645s][info][gc,phases,start] GC(300) Marking Phase
[111.397s][info][gc,phases      ] GC(300) Marking Phase 1752.114ms
[111.397s][info][gc,phases,start] GC(300) Summary Phase
[111.397s][info][gc,phases      ] GC(300) Summary Phase 0.102ms
[111.397s][info][gc,phases,start] GC(300) Adjust Roots
[111.398s][info][gc,phases      ] GC(300) Adjust Roots 0.284ms
[111.398s][info][gc,phases,start] GC(300) Compaction Phase
[111.991s][info][gc,phases      ] GC(300) Compaction Phase 593.183ms
[111.991s][info][gc,phases,start] GC(300) Post Compact
[112.003s][info][gc,phases      ] GC(300) Post Compact 11.842ms
[112.003s][info][gc,heap        ] GC(300) PSYoungGen: 315941K(601088K)->315941K(601088K) Eden: 112127K(112128K)->112127K(112128K) From: 203813K(488960K)->203813K(488960K)
[112.003s][info][gc,heap        ] GC(300) ParOldGen: 7372505K(7372800K)->7372505K(7372800K)
[112.003s][info][gc,metaspace   ] GC(300) Metaspace: 6298K(6464K)->6298K(6464K) NonClass: 5764K(5824K)->5764K(5824K) Class: 533K(640K)->533K(640K)
[112.003s][info][gc             ] GC(300) Pause Full (Ergonomics) 7508M->7508M(7787M) 2357.913ms
[112.003s][info][gc,cpu         ] GC(300) User=17.41s Sys=0.00s Real=2.36s
[112.003s][info][gc,start       ] GC(301) Pause Full (Ergonomics)
[112.003s][info][gc,phases,start] GC(301) Marking Phase
[113.756s][info][gc,phases      ] GC(301) Marking Phase 1752.690ms
[113.756s][info][gc,phases,start] GC(301) Summary Phase
[113.756s][info][gc,phases      ] GC(301) Summary Phase 0.082ms
[113.756s][info][gc,phases,start] GC(301) Adjust Roots
[113.756s][info][gc,phases      ] GC(301) Adjust Roots 0.188ms
[113.756s][info][gc,phases,start] GC(301) Compaction Phase
[114.325s][info][gc,phases      ] GC(301) Compaction Phase 568.893ms
[114.325s][info][gc,phases,start] GC(301) Post Compact
[114.338s][info][gc,phases      ] GC(301) Post Compact 12.546ms
[114.338s][info][gc,heap        ] GC(301) PSYoungGen: 315941K(601088K)->315941K(601088K) Eden: 112127K(112128K)->112127K(112128K) From: 203813K(488960K)->203813K(488960K)
[114.338s][info][gc,heap        ] GC(301) ParOldGen: 7372509K(7372800K)->7372509K(7372800K)
[114.338s][info][gc,metaspace   ] GC(301) Metaspace: 6298K(6464K)->6298K(6464K) NonClass: 5764K(5824K)->5764K(5824K) Class: 533K(640K)->533K(640K)
[114.338s][info][gc             ] GC(301) Pause Full (Ergonomics) 7508M->7508M(7787M) 2334.722ms
[114.338s][info][gc,cpu         ] GC(301) User=17.31s Sys=0.00s Real=2.33s
[114.338s][info][gc,start       ] GC(302) Pause Full (Ergonomics)
[114.338s][info][gc,phases,start] GC(302) Marking Phase
[116.081s][info][gc,phases      ] GC(302) Marking Phase 1743.317ms
[116.082s][info][gc,phases,start] GC(302) Summary Phase
[116.082s][info][gc,phases      ] GC(302) Summary Phase 0.076ms
[116.082s][info][gc,phases,start] GC(302) Adjust Roots
[116.082s][info][gc,phases      ] GC(302) Adjust Roots 0.185ms
[116.082s][info][gc,phases,start] GC(302) Compaction Phase
[116.634s][info][gc,phases      ] GC(302) Compaction Phase 552.337ms
[116.634s][info][gc,phases,start] GC(302) Post Compact
[116.646s][info][gc,phases      ] GC(302) Post Compact 11.862ms
[116.646s][info][gc,heap        ] GC(302) PSYoungGen: 315941K(601088K)->315941K(601088K) Eden: 112127K(112128K)->112127K(112128K) From: 203813K(488960K)->203813K(488960K)
[116.646s][info][gc,heap        ] GC(302) ParOldGen: 7372514K(7372800K)->7372514K(7372800K)
[116.646s][info][gc,metaspace   ] GC(302) Metaspace: 6298K(6464K)->6298K(6464K) NonClass: 5764K(5824K)->5764K(5824K) Class: 533K(640K)->533K(640K)
[116.646s][info][gc             ] GC(302) Pause Full (Ergonomics) 7508M->7508M(7787M) 2308.122ms
[116.646s][info][gc,cpu         ] GC(302) User=16.89s Sys=0.05s Real=2.31s
[116.646s][info][gc,start       ] GC(303) Pause Full (Ergonomics)
[116.647s][info][gc,phases,start] GC(303) Marking Phase
[118.407s][info][gc,phases      ] GC(303) Marking Phase 1760.572ms
[118.407s][info][gc,phases,start] GC(303) Summary Phase
[118.407s][info][gc,phases      ] GC(303) Summary Phase 0.076ms
[118.407s][info][gc,phases,start] GC(303) Adjust Roots
[118.407s][info][gc,phases      ] GC(303) Adjust Roots 0.166ms
[118.407s][info][gc,phases,start] GC(303) Compaction Phase
[118.959s][info][gc,phases      ] GC(303) Compaction Phase 551.347ms
[118.959s][info][gc,phases,start] GC(303) Post Compact
[118.971s][info][gc,phases      ] GC(303) Post Compact 12.326ms
[118.971s][info][gc,heap        ] GC(303) PSYoungGen: 315941K(601088K)->315941K(601088K) Eden: 112127K(112128K)->112127K(112128K) From: 203813K(488960K)->203813K(488960K)
[118.971s][info][gc,heap        ] GC(303) ParOldGen: 7372519K(7372800K)->7372519K(7372800K)
[118.971s][info][gc,metaspace   ] GC(303) Metaspace: 6298K(6464K)->6298K(6464K) NonClass: 5764K(5824K)->5764K(5824K) Class: 533K(640K)->533K(640K)
[118.971s][info][gc             ] GC(303) Pause Full (Ergonomics) 7508M->7508M(7787M) 2324.834ms
[118.971s][info][gc,cpu         ] GC(303) User=17.41s Sys=0.02s Real=2.33s
[118.972s][info][gc,start       ] GC(304) Pause Full (Ergonomics)
[118.972s][info][gc,phases,start] GC(304) Marking Phase
[120.723s][info][gc,phases      ] GC(304) Marking Phase 1751.193ms
[120.723s][info][gc,phases,start] GC(304) Summary Phase
[120.723s][info][gc,phases      ] GC(304) Summary Phase 0.112ms
[120.723s][info][gc,phases,start] GC(304) Adjust Roots
[120.723s][info][gc,phases      ] GC(304) Adjust Roots 0.214ms
[120.723s][info][gc,phases,start] GC(304) Compaction Phase
[121.275s][info][gc,phases      ] GC(304) Compaction Phase 552.111ms
[121.275s][info][gc,phases,start] GC(304) Post Compact
[121.287s][info][gc,phases      ] GC(304) Post Compact 11.867ms
[121.287s][info][gc,heap        ] GC(304) PSYoungGen: 315941K(601088K)->315941K(601088K) Eden: 112127K(112128K)->112127K(112128K) From: 203813K(488960K)->203813K(488960K)
[121.287s][info][gc,heap        ] GC(304) ParOldGen: 7372524K(7372800K)->7372524K(7372800K)
[121.287s][info][gc,metaspace   ] GC(304) Metaspace: 6298K(6464K)->6298K(6464K) NonClass: 5764K(5824K)->5764K(5824K) Class: 533K(640K)->533K(640K)
[121.287s][info][gc             ] GC(304) Pause Full (Ergonomics) 7508M->7508M(7787M) 2315.858ms
[121.287s][info][gc,cpu         ] GC(304) User=17.28s Sys=0.03s Real=2.32s
[121.288s][info][gc,start       ] GC(305) Pause Full (Ergonomics)
[121.288s][info][gc,phases,start] GC(305) Marking Phase
[123.040s][info][gc,phases      ] GC(305) Marking Phase 1752.303ms
[123.040s][info][gc,phases,start] GC(305) Summary Phase
[123.040s][info][gc,phases      ] GC(305) Summary Phase 0.083ms
[123.040s][info][gc,phases,start] GC(305) Adjust Roots
[123.040s][info][gc,phases      ] GC(305) Adjust Roots 0.167ms
[123.040s][info][gc,phases,start] GC(305) Compaction Phase
[123.590s][info][gc,phases      ] GC(305) Compaction Phase 549.816ms
[123.590s][info][gc,phases,start] GC(305) Post Compact
[123.602s][info][gc,phases      ] GC(305) Post Compact 11.916ms
[123.602s][info][gc,heap        ] GC(305) PSYoungGen: 315941K(601088K)->315941K(601088K) Eden: 112127K(112128K)->112127K(112128K) From: 203813K(488960K)->203813K(488960K)
[123.602s][info][gc,heap        ] GC(305) ParOldGen: 7372529K(7372800K)->7372529K(7372800K)
[123.602s][info][gc,metaspace   ] GC(305) Metaspace: 6298K(6464K)->6298K(6464K) NonClass: 5764K(5824K)->5764K(5824K) Class: 533K(640K)->533K(640K)
[123.602s][info][gc             ] GC(305) Pause Full (Ergonomics) 7508M->7508M(7787M) 2314.645ms
[123.602s][info][gc,cpu         ] GC(305) User=17.33s Sys=0.00s Real=2.32s
[123.603s][info][gc,start       ] GC(306) Pause Full (Ergonomics)
[123.603s][info][gc,phases,start] GC(306) Marking Phase
[125.346s][info][gc,phases      ] GC(306) Marking Phase 1743.866ms
[125.346s][info][gc,phases,start] GC(306) Summary Phase
[125.347s][info][gc,phases      ] GC(306) Summary Phase 0.077ms
[125.347s][info][gc,phases,start] GC(306) Adjust Roots
[125.347s][info][gc,phases      ] GC(306) Adjust Roots 0.169ms
[125.347s][info][gc,phases,start] GC(306) Compaction Phase
[125.900s][info][gc,phases      ] GC(306) Compaction Phase 553.296ms
[125.900s][info][gc,phases,start] GC(306) Post Compact
[125.913s][info][gc,phases      ] GC(306) Post Compact 12.814ms
[125.913s][info][gc,heap        ] GC(306) PSYoungGen: 315941K(601088K)->315941K(601088K) Eden: 112127K(112128K)->112127K(112128K) From: 203813K(488960K)->203813K(488960K)
[125.913s][info][gc,heap        ] GC(306) ParOldGen: 7372534K(7372800K)->7372534K(7372800K)
[125.913s][info][gc,metaspace   ] GC(306) Metaspace: 6298K(6464K)->6298K(6464K) NonClass: 5764K(5824K)->5764K(5824K) Class: 533K(640K)->533K(640K)
[125.913s][info][gc             ] GC(306) Pause Full (Ergonomics) 7508M->7508M(7787M) 2310.598ms
[125.913s][info][gc,cpu         ] GC(306) User=17.06s Sys=0.00s Real=2.31s
[125.913s][info][gc,start       ] GC(307) Pause Full (Ergonomics)
[125.913s][info][gc,phases,start] GC(307) Marking Phase
[127.658s][info][gc,phases      ] GC(307) Marking Phase 1744.486ms
[127.658s][info][gc,phases,start] GC(307) Summary Phase
[127.658s][info][gc,phases      ] GC(307) Summary Phase 0.092ms
[127.658s][info][gc,phases,start] GC(307) Adjust Roots
[127.658s][info][gc,phases      ] GC(307) Adjust Roots 0.315ms
[127.658s][info][gc,phases,start] GC(307) Compaction Phase
[128.208s][info][gc,phases      ] GC(307) Compaction Phase 549.361ms
[128.208s][info][gc,phases,start] GC(307) Post Compact
[128.220s][info][gc,phases      ] GC(307) Post Compact 11.871ms
[128.220s][info][gc,heap        ] GC(307) PSYoungGen: 315941K(601088K)->315941K(601088K) Eden: 112127K(112128K)->112127K(112128K) From: 203813K(488960K)->203813K(488960K)
[128.220s][info][gc,heap        ] GC(307) ParOldGen: 7372538K(7372800K)->7372538K(7372800K)
[128.220s][info][gc,metaspace   ] GC(307) Metaspace: 6298K(6464K)->6298K(6464K) NonClass: 5764K(5824K)->5764K(5824K) Class: 533K(640K)->533K(640K)
[128.220s][info][gc             ] GC(307) Pause Full (Ergonomics) 7508M->7508M(7787M) 2306.518ms
[128.220s][info][gc,cpu         ] GC(307) User=17.23s Sys=0.00s Real=2.31s
[128.220s][info][gc,start       ] GC(308) Pause Full (Ergonomics)
[128.220s][info][gc,phases,start] GC(308) Marking Phase
[129.980s][info][gc,phases      ] GC(308) Marking Phase 1760.278ms
[129.980s][info][gc,phases,start] GC(308) Summary Phase
[129.981s][info][gc,phases      ] GC(308) Summary Phase 0.077ms
[129.981s][info][gc,phases,start] GC(308) Adjust Roots
[129.981s][info][gc,phases      ] GC(308) Adjust Roots 0.175ms
[129.981s][info][gc,phases,start] GC(308) Compaction Phase
[130.535s][info][gc,phases      ] GC(308) Compaction Phase 554.067ms
[130.535s][info][gc,phases,start] GC(308) Post Compact
[130.547s][info][gc,phases      ] GC(308) Post Compact 11.899ms
[130.547s][info][gc,heap        ] GC(308) PSYoungGen: 315941K(601088K)->315941K(601088K) Eden: 112127K(112128K)->112127K(112128K) From: 203813K(488960K)->203813K(488960K)
[130.547s][info][gc,heap        ] GC(308) ParOldGen: 7372543K(7372800K)->7372543K(7372800K)
[130.547s][info][gc,metaspace   ] GC(308) Metaspace: 6298K(6464K)->6298K(6464K) NonClass: 5764K(5824K)->5764K(5824K) Class: 533K(640K)->533K(640K)
[130.547s][info][gc             ] GC(308) Pause Full (Ergonomics) 7508M->7508M(7787M) 2326.853ms
[130.547s][info][gc,cpu         ] GC(308) User=17.27s Sys=0.00s Real=2.33s
[130.547s][info][gc,start       ] GC(309) Pause Full (Ergonomics)
[130.547s][info][gc,phases,start] GC(309) Marking Phase
[132.305s][info][gc,phases      ] GC(309) Marking Phase 1757.410ms
[132.305s][info][gc,phases,start] GC(309) Summary Phase
[132.305s][info][gc,phases      ] GC(309) Summary Phase 0.078ms
[132.305s][info][gc,phases,start] GC(309) Adjust Roots
[132.305s][info][gc,phases      ] GC(309) Adjust Roots 0.179ms
[132.305s][info][gc,phases,start] GC(309) Compaction Phase
[132.863s][info][gc,phases      ] GC(309) Compaction Phase 558.527ms
[132.864s][info][gc,phases,start] GC(309) Post Compact
[132.876s][info][gc,phases      ] GC(309) Post Compact 11.967ms
[132.876s][info][gc,heap        ] GC(309) PSYoungGen: 315941K(601088K)->315941K(601088K) Eden: 112127K(112128K)->112127K(112128K) From: 203813K(488960K)->203813K(488960K)
[132.876s][info][gc,heap        ] GC(309) ParOldGen: 7372548K(7372800K)->7372548K(7372800K)
[132.876s][info][gc,metaspace   ] GC(309) Metaspace: 6298K(6464K)->6298K(6464K) NonClass: 5764K(5824K)->5764K(5824K) Class: 533K(640K)->533K(640K)
[132.876s][info][gc             ] GC(309) Pause Full (Ergonomics) 7508M->7508M(7787M) 2328.515ms
[132.876s][info][gc,cpu         ] GC(309) User=17.34s Sys=0.00s Real=2.33s
[132.876s][info][gc,start       ] GC(310) Pause Full (Ergonomics)
[132.876s][info][gc,phases,start] GC(310) Marking Phase
[134.647s][info][gc,phases      ] GC(310) Marking Phase 1771.024ms
[134.647s][info][gc,phases,start] GC(310) Summary Phase
[134.647s][info][gc,phases      ] GC(310) Summary Phase 0.081ms
[134.647s][info][gc,phases,start] GC(310) Adjust Roots
[134.647s][info][gc,phases      ] GC(310) Adjust Roots 0.197ms
[134.647s][info][gc,phases,start] GC(310) Compaction Phase
[135.208s][info][gc,phases      ] GC(310) Compaction Phase 560.340ms
[135.208s][info][gc,phases,start] GC(310) Post Compact
[135.220s][info][gc,phases      ] GC(310) Post Compact 11.912ms
[135.220s][info][gc,heap        ] GC(310) PSYoungGen: 315941K(601088K)->315941K(601088K) Eden: 112127K(112128K)->112127K(112128K) From: 203813K(488960K)->203813K(488960K)
[135.220s][info][gc,heap        ] GC(310) ParOldGen: 7372553K(7372800K)->7372553K(7372800K)
[135.220s][info][gc,metaspace   ] GC(310) Metaspace: 6298K(6464K)->6298K(6464K) NonClass: 5764K(5824K)->5764K(5824K) Class: 533K(640K)->533K(640K)
[135.220s][info][gc             ] GC(310) Pause Full (Ergonomics) 7508M->7508M(7787M) 2343.885ms
[135.220s][info][gc,cpu         ] GC(310) User=17.23s Sys=0.03s Real=2.34s
[135.220s][info][gc,start       ] GC(311) Pause Full (Ergonomics)
[135.220s][info][gc,phases,start] GC(311) Marking Phase
[136.966s][info][gc,phases      ] GC(311) Marking Phase 1746.295ms
[136.966s][info][gc,phases,start] GC(311) Summary Phase
[136.966s][info][gc,phases      ] GC(311) Summary Phase 0.095ms
[136.966s][info][gc,phases,start] GC(311) Adjust Roots
[136.967s][info][gc,phases      ] GC(311) Adjust Roots 0.242ms
[136.967s][info][gc,phases,start] GC(311) Compaction Phase
[137.513s][info][gc,phases      ] GC(311) Compaction Phase 546.516ms
[137.513s][info][gc,phases,start] GC(311) Post Compact
[137.526s][info][gc,phases      ] GC(311) Post Compact 12.286ms
[137.526s][info][gc,heap        ] GC(311) PSYoungGen: 315941K(601088K)->315941K(601088K) Eden: 112127K(112128K)->112127K(112128K) From: 203813K(488960K)->203813K(488960K)
[137.526s][info][gc,heap        ] GC(311) ParOldGen: 7372558K(7372800K)->7372558K(7372800K)
[137.526s][info][gc,metaspace   ] GC(311) Metaspace: 6298K(6464K)->6298K(6464K) NonClass: 5764K(5824K)->5764K(5824K) Class: 533K(640K)->533K(640K)
[137.526s][info][gc             ] GC(311) Pause Full (Ergonomics) 7508M->7508M(7787M) 2305.801ms
[137.526s][info][gc,cpu         ] GC(311) User=16.98s Sys=0.02s Real=2.30s
[137.526s][info][gc,start       ] GC(312) Pause Full (Ergonomics)
[137.526s][info][gc,phases,start] GC(312) Marking Phase
[139.276s][info][gc,phases      ] GC(312) Marking Phase 1750.120ms
[139.276s][info][gc,phases,start] GC(312) Summary Phase
[139.276s][info][gc,phases      ] GC(312) Summary Phase 0.083ms
[139.276s][info][gc,phases,start] GC(312) Adjust Roots
[139.277s][info][gc,phases      ] GC(312) Adjust Roots 0.214ms
[139.277s][info][gc,phases,start] GC(312) Compaction Phase
[139.829s][info][gc,phases      ] GC(312) Compaction Phase 552.876ms
[139.830s][info][gc,phases,start] GC(312) Post Compact
[139.842s][info][gc,phases      ] GC(312) Post Compact 11.995ms
[139.842s][info][gc,heap        ] GC(312) PSYoungGen: 315941K(601088K)->315941K(601088K) Eden: 112127K(112128K)->112127K(112128K) From: 203813K(488960K)->203813K(488960K)
[139.842s][info][gc,heap        ] GC(312) ParOldGen: 7372563K(7372800K)->7372563K(7372800K)
[139.842s][info][gc,metaspace   ] GC(312) Metaspace: 6298K(6464K)->6298K(6464K) NonClass: 5764K(5824K)->5764K(5824K) Class: 533K(640K)->533K(640K)
[139.842s][info][gc             ] GC(312) Pause Full (Ergonomics) 7508M->7508M(7787M) 2315.645ms
[139.842s][info][gc,cpu         ] GC(312) User=17.16s Sys=0.00s Real=2.31s
[139.842s][info][gc,start       ] GC(313) Pause Full (Ergonomics)
[139.842s][info][gc,phases,start] GC(313) Marking Phase
[141.610s][info][gc,phases      ] GC(313) Marking Phase 1768.249ms
[141.610s][info][gc,phases,start] GC(313) Summary Phase
[141.610s][info][gc,phases      ] GC(313) Summary Phase 0.076ms
[141.610s][info][gc,phases,start] GC(313) Adjust Roots
[141.611s][info][gc,phases      ] GC(313) Adjust Roots 0.164ms
[141.611s][info][gc,phases,start] GC(313) Compaction Phase
[142.167s][info][gc,phases      ] GC(313) Compaction Phase 556.733ms
[142.167s][info][gc,phases,start] GC(313) Post Compact
[142.179s][info][gc,phases      ] GC(313) Post Compact 11.860ms
[142.179s][info][gc,heap        ] GC(313) PSYoungGen: 315941K(601088K)->315941K(601088K) Eden: 112127K(112128K)->112127K(112128K) From: 203813K(488960K)->203813K(488960K)
[142.179s][info][gc,heap        ] GC(313) ParOldGen: 7372567K(7372800K)->7372567K(7372800K)
[142.179s][info][gc,metaspace   ] GC(313) Metaspace: 6298K(6464K)->6298K(6464K) NonClass: 5764K(5824K)->5764K(5824K) Class: 533K(640K)->533K(640K)
[142.179s][info][gc             ] GC(313) Pause Full (Ergonomics) 7508M->7508M(7787M) 2337.408ms
[142.179s][info][gc,cpu         ] GC(313) User=17.45s Sys=0.00s Real=2.34s
[142.180s][info][gc,start       ] GC(314) Pause Full (Ergonomics)
[142.180s][info][gc,phases,start] GC(314) Marking Phase
[143.937s][info][gc,phases      ] GC(314) Marking Phase 1757.082ms
[143.937s][info][gc,phases,start] GC(314) Summary Phase
[143.937s][info][gc,phases      ] GC(314) Summary Phase 0.084ms
[143.937s][info][gc,phases,start] GC(314) Adjust Roots
[143.937s][info][gc,phases      ] GC(314) Adjust Roots 0.180ms
[143.937s][info][gc,phases,start] GC(314) Compaction Phase
[144.487s][info][gc,phases      ] GC(314) Compaction Phase 550.176ms
[144.487s][info][gc,phases,start] GC(314) Post Compact
[144.499s][info][gc,phases      ] GC(314) Post Compact 11.893ms
[144.499s][info][gc,heap        ] GC(314) PSYoungGen: 315941K(601088K)->315941K(601088K) Eden: 112127K(112128K)->112127K(112128K) From: 203813K(488960K)->203813K(488960K)
[144.499s][info][gc,heap        ] GC(314) ParOldGen: 7372572K(7372800K)->7372572K(7372800K)
[144.499s][info][gc,metaspace   ] GC(314) Metaspace: 6298K(6464K)->6298K(6464K) NonClass: 5764K(5824K)->5764K(5824K) Class: 533K(640K)->533K(640K)
[144.499s][info][gc             ] GC(314) Pause Full (Ergonomics) 7508M->7508M(7787M) 2319.755ms
[144.499s][info][gc,cpu         ] GC(314) User=17.39s Sys=0.03s Real=2.32s
[144.500s][info][gc,start       ] GC(315) Pause Full (Ergonomics)
[144.500s][info][gc,phases,start] GC(315) Marking Phase
[146.263s][info][gc,phases      ] GC(315) Marking Phase 1763.535ms
[146.263s][info][gc,phases,start] GC(315) Summary Phase
[146.263s][info][gc,phases      ] GC(315) Summary Phase 0.126ms
[146.263s][info][gc,phases,start] GC(315) Adjust Roots
[146.264s][info][gc,phases      ] GC(315) Adjust Roots 0.215ms
[146.264s][info][gc,phases,start] GC(315) Compaction Phase
[146.810s][info][gc,phases      ] GC(315) Compaction Phase 546.938ms
[146.811s][info][gc,phases,start] GC(315) Post Compact
[146.822s][info][gc,phases      ] GC(315) Post Compact 11.939ms
[146.823s][info][gc,heap        ] GC(315) PSYoungGen: 315941K(601088K)->315941K(601088K) Eden: 112127K(112128K)->112127K(112128K) From: 203813K(488960K)->203813K(488960K)
[146.823s][info][gc,heap        ] GC(315) ParOldGen: 7372577K(7372800K)->7372577K(7372800K)
[146.823s][info][gc,metaspace   ] GC(315) Metaspace: 6298K(6464K)->6298K(6464K) NonClass: 5764K(5824K)->5764K(5824K) Class: 533K(640K)->533K(640K)
[146.823s][info][gc             ] GC(315) Pause Full (Ergonomics) 7508M->7508M(7787M) 2323.140ms
[146.823s][info][gc,cpu         ] GC(315) User=17.38s Sys=0.02s Real=2.32s
[146.823s][info][gc,start       ] GC(316) Pause Full (Ergonomics)
[146.823s][info][gc,phases,start] GC(316) Marking Phase
[148.569s][info][gc,phases      ] GC(316) Marking Phase 1745.667ms
[148.569s][info][gc,phases,start] GC(316) Summary Phase
[148.569s][info][gc,phases      ] GC(316) Summary Phase 0.077ms
[148.569s][info][gc,phases,start] GC(316) Adjust Roots
[148.569s][info][gc,phases      ] GC(316) Adjust Roots 0.163ms
[148.569s][info][gc,phases,start] GC(316) Compaction Phase
[149.133s][info][gc,phases      ] GC(316) Compaction Phase 564.423ms
[149.133s][info][gc,phases,start] GC(316) Post Compact
[149.145s][info][gc,phases      ] GC(316) Post Compact 11.988ms
[149.145s][info][gc,heap        ] GC(316) PSYoungGen: 315941K(601088K)->315941K(601088K) Eden: 112127K(112128K)->112127K(112128K) From: 203813K(488960K)->203813K(488960K)
[149.145s][info][gc,heap        ] GC(316) ParOldGen: 7372582K(7372800K)->7372582K(7372800K)
[149.145s][info][gc,metaspace   ] GC(316) Metaspace: 6298K(6464K)->6298K(6464K) NonClass: 5764K(5824K)->5764K(5824K) Class: 533K(640K)->533K(640K)
[149.146s][info][gc             ] GC(316) Pause Full (Ergonomics) 7508M->7508M(7787M) 2322.637ms
[149.146s][info][gc,cpu         ] GC(316) User=17.27s Sys=0.00s Real=2.32s
[149.146s][info][gc,start       ] GC(317) Pause Full (Ergonomics)
[149.146s][info][gc,phases,start] GC(317) Marking Phase
[150.893s][info][gc,phases      ] GC(317) Marking Phase 1747.678ms
[150.893s][info][gc,phases,start] GC(317) Summary Phase
[150.894s][info][gc,phases      ] GC(317) Summary Phase 0.080ms
[150.894s][info][gc,phases,start] GC(317) Adjust Roots
[150.894s][info][gc,phases      ] GC(317) Adjust Roots 0.187ms
[150.894s][info][gc,phases,start] GC(317) Compaction Phase
[151.446s][info][gc,phases      ] GC(317) Compaction Phase 552.572ms
[151.446s][info][gc,phases,start] GC(317) Post Compact
[151.459s][info][gc,phases      ] GC(317) Post Compact 12.099ms
[151.459s][info][gc,heap        ] GC(317) PSYoungGen: 315941K(601088K)->315941K(601088K) Eden: 112127K(112128K)->112127K(112128K) From: 203813K(488960K)->203813K(488960K)
[151.459s][info][gc,heap        ] GC(317) ParOldGen: 7372587K(7372800K)->7372587K(7372800K)
[151.459s][info][gc,metaspace   ] GC(317) Metaspace: 6298K(6464K)->6298K(6464K) NonClass: 5764K(5824K)->5764K(5824K) Class: 533K(640K)->533K(640K)
[151.459s][info][gc             ] GC(317) Pause Full (Ergonomics) 7508M->7508M(7787M) 2312.997ms
[151.459s][info][gc,cpu         ] GC(317) User=17.30s Sys=0.03s Real=2.31s
[151.459s][info][gc,start       ] GC(318) Pause Full (Ergonomics)
[151.459s][info][gc,phases,start] GC(318) Marking Phase
[153.203s][info][gc,phases      ] GC(318) Marking Phase 1743.716ms
[153.203s][info][gc,phases,start] GC(318) Summary Phase
[153.203s][info][gc,phases      ] GC(318) Summary Phase 0.080ms
[153.203s][info][gc,phases,start] GC(318) Adjust Roots
[153.203s][info][gc,phases      ] GC(318) Adjust Roots 0.177ms
[153.203s][info][gc,phases,start] GC(318) Compaction Phase
[153.766s][info][gc,phases      ] GC(318) Compaction Phase 563.177ms
[153.766s][info][gc,phases,start] GC(318) Post Compact
[153.778s][info][gc,phases      ] GC(318) Post Compact 11.800ms
[153.778s][info][gc,heap        ] GC(318) PSYoungGen: 315941K(601088K)->315941K(601088K) Eden: 112127K(112128K)->112127K(112128K) From: 203813K(488960K)->203813K(488960K)
[153.778s][info][gc,heap        ] GC(318) ParOldGen: 7372592K(7372800K)->7372592K(7372800K)
[153.778s][info][gc,metaspace   ] GC(318) Metaspace: 6298K(6464K)->6298K(6464K) NonClass: 5764K(5824K)->5764K(5824K) Class: 533K(640K)->533K(640K)
[153.778s][info][gc             ] GC(318) Pause Full (Ergonomics) 7508M->7508M(7787M) 2319.312ms
[153.778s][info][gc,cpu         ] GC(318) User=17.27s Sys=0.02s Real=2.32s
[153.779s][info][gc,start       ] GC(319) Pause Full (Ergonomics)
[153.779s][info][gc,phases,start] GC(319) Marking Phase
[155.513s][info][gc,phases      ] GC(319) Marking Phase 1734.497ms
[155.513s][info][gc,phases,start] GC(319) Summary Phase
[155.513s][info][gc,phases      ] GC(319) Summary Phase 0.088ms
[155.513s][info][gc,phases,start] GC(319) Adjust Roots
[155.513s][info][gc,phases      ] GC(319) Adjust Roots 0.174ms
[155.513s][info][gc,phases,start] GC(319) Compaction Phase
[156.065s][info][gc,phases      ] GC(319) Compaction Phase 551.268ms
[156.065s][info][gc,phases,start] GC(319) Post Compact
[156.077s][info][gc,phases      ] GC(319) Post Compact 11.903ms
[156.077s][info][gc,heap        ] GC(319) PSYoungGen: 315941K(601088K)->315941K(601088K) Eden: 112127K(112128K)->112127K(112128K) From: 203813K(488960K)->203813K(488960K)
[156.077s][info][gc,heap        ] GC(319) ParOldGen: 7372596K(7372800K)->7372596K(7372800K)
[156.077s][info][gc,metaspace   ] GC(319) Metaspace: 6298K(6464K)->6298K(6464K) NonClass: 5764K(5824K)->5764K(5824K) Class: 533K(640K)->533K(640K)
[156.077s][info][gc             ] GC(319) Pause Full (Ergonomics) 7508M->7508M(7787M) 2298.292ms
[156.077s][info][gc,cpu         ] GC(319) User=17.23s Sys=0.00s Real=2.30s
[156.077s][info][gc,start       ] GC(320) Pause Full (Ergonomics)
[156.077s][info][gc,phases,start] GC(320) Marking Phase
[157.834s][info][gc,phases      ] GC(320) Marking Phase 1757.375ms
[157.834s][info][gc,phases,start] GC(320) Summary Phase
[157.835s][info][gc,phases      ] GC(320) Summary Phase 0.082ms
[157.835s][info][gc,phases,start] GC(320) Adjust Roots
[157.835s][info][gc,phases      ] GC(320) Adjust Roots 0.185ms
[157.835s][info][gc,phases,start] GC(320) Compaction Phase
[158.394s][info][gc,phases      ] GC(320) Compaction Phase 559.402ms
[158.394s][info][gc,phases,start] GC(320) Post Compact
[158.406s][info][gc,phases      ] GC(320) Post Compact 11.710ms
[158.406s][info][gc,heap        ] GC(320) PSYoungGen: 315941K(601088K)->315941K(601088K) Eden: 112127K(112128K)->112127K(112128K) From: 203813K(488960K)->203813K(488960K)
[158.406s][info][gc,heap        ] GC(320) ParOldGen: 7372601K(7372800K)->7372601K(7372800K)
[158.406s][info][gc,metaspace   ] GC(320) Metaspace: 6298K(6464K)->6298K(6464K) NonClass: 5764K(5824K)->5764K(5824K) Class: 533K(640K)->533K(640K)
[158.406s][info][gc             ] GC(320) Pause Full (Ergonomics) 7508M->7508M(7787M) 2329.090ms
[158.406s][info][gc,cpu         ] GC(320) User=17.38s Sys=0.00s Real=2.33s
[158.406s][info][gc,start       ] GC(321) Pause Full (Ergonomics)
[158.406s][info][gc,phases,start] GC(321) Marking Phase
[160.145s][info][gc,phases      ] GC(321) Marking Phase 1738.567ms
[160.145s][info][gc,phases,start] GC(321) Summary Phase
[160.145s][info][gc,phases      ] GC(321) Summary Phase 0.092ms
[160.145s][info][gc,phases,start] GC(321) Adjust Roots
[160.145s][info][gc,phases      ] GC(321) Adjust Roots 0.186ms
[160.145s][info][gc,phases,start] GC(321) Compaction Phase
[160.710s][info][gc,phases      ] GC(321) Compaction Phase 564.989ms
[160.710s][info][gc,phases,start] GC(321) Post Compact
[160.722s][info][gc,phases      ] GC(321) Post Compact 12.004ms
[160.722s][info][gc,heap        ] GC(321) PSYoungGen: 315941K(601088K)->315941K(601088K) Eden: 112127K(112128K)->112127K(112128K) From: 203813K(488960K)->203813K(488960K)
[160.722s][info][gc,heap        ] GC(321) ParOldGen: 7372606K(7372800K)->7372606K(7372800K)
[160.723s][info][gc,metaspace   ] GC(321) Metaspace: 6298K(6464K)->6298K(6464K) NonClass: 5764K(5824K)->5764K(5824K) Class: 533K(640K)->533K(640K)
[160.723s][info][gc             ] GC(321) Pause Full (Ergonomics) 7508M->7508M(7787M) 2316.204ms
[160.723s][info][gc,cpu         ] GC(321) User=17.12s Sys=0.05s Real=2.32s
[160.723s][info][gc,start       ] GC(322) Pause Full (Ergonomics)
[160.723s][info][gc,phases,start] GC(322) Marking Phase
[162.451s][info][gc,phases      ] GC(322) Marking Phase 1727.950ms
[162.451s][info][gc,phases,start] GC(322) Summary Phase
[162.451s][info][gc,phases      ] GC(322) Summary Phase 0.077ms
[162.451s][info][gc,phases,start] GC(322) Adjust Roots
[162.451s][info][gc,phases      ] GC(322) Adjust Roots 0.166ms
[162.451s][info][gc,phases,start] GC(322) Compaction Phase
[163.010s][info][gc,phases      ] GC(322) Compaction Phase 558.743ms
[163.010s][info][gc,phases,start] GC(322) Post Compact
[163.022s][info][gc,phases      ] GC(322) Post Compact 11.968ms
[163.022s][info][gc,heap        ] GC(322) PSYoungGen: 315941K(601088K)->315941K(601088K) Eden: 112127K(112128K)->112127K(112128K) From: 203813K(488960K)->203813K(488960K)
[163.022s][info][gc,heap        ] GC(322) ParOldGen: 7372611K(7372800K)->7372611K(7372800K)
[163.022s][info][gc,metaspace   ] GC(322) Metaspace: 6298K(6464K)->6298K(6464K) NonClass: 5764K(5824K)->5764K(5824K) Class: 533K(640K)->533K(640K)
[163.022s][info][gc             ] GC(322) Pause Full (Ergonomics) 7508M->7508M(7787M) 2299.259ms
[163.022s][info][gc,cpu         ] GC(322) User=17.16s Sys=0.00s Real=2.30s
[163.022s][info][gc,start       ] GC(323) Pause Full (Ergonomics)
[163.022s][info][gc,phases,start] GC(323) Marking Phase
[164.777s][info][gc,phases      ] GC(323) Marking Phase 1754.479ms
[164.777s][info][gc,phases,start] GC(323) Summary Phase
[164.777s][info][gc,phases      ] GC(323) Summary Phase 0.081ms
[164.777s][info][gc,phases,start] GC(323) Adjust Roots
[164.777s][info][gc,phases      ] GC(323) Adjust Roots 0.218ms
[164.777s][info][gc,phases,start] GC(323) Compaction Phase
[165.333s][info][gc,phases      ] GC(323) Compaction Phase 555.455ms
[165.333s][info][gc,phases,start] GC(323) Post Compact
[165.345s][info][gc,phases      ] GC(323) Post Compact 11.880ms
[165.345s][info][gc,heap        ] GC(323) PSYoungGen: 315941K(601088K)->315941K(601088K) Eden: 112127K(112128K)->112127K(112128K) From: 203813K(488960K)->203813K(488960K)
[165.345s][info][gc,heap        ] GC(323) ParOldGen: 7372616K(7372800K)->7372616K(7372800K)
[165.345s][info][gc,metaspace   ] GC(323) Metaspace: 6298K(6464K)->6298K(6464K) NonClass: 5764K(5824K)->5764K(5824K) Class: 533K(640K)->533K(640K)
[165.345s][info][gc             ] GC(323) Pause Full (Ergonomics) 7508M->7508M(7787M) 2322.478ms
[165.345s][info][gc,cpu         ] GC(323) User=17.36s Sys=0.00s Real=2.32s
[165.345s][info][gc,start       ] GC(324) Pause Full (Ergonomics)
[165.345s][info][gc,phases,start] GC(324) Marking Phase
[167.083s][info][gc,phases      ] GC(324) Marking Phase 1737.854ms
[167.083s][info][gc,phases,start] GC(324) Summary Phase
[167.083s][info][gc,phases      ] GC(324) Summary Phase 0.084ms
[167.083s][info][gc,phases,start] GC(324) Adjust Roots
[167.083s][info][gc,phases      ] GC(324) Adjust Roots 0.172ms
[167.083s][info][gc,phases,start] GC(324) Compaction Phase
[167.644s][info][gc,phases      ] GC(324) Compaction Phase 560.486ms
[167.644s][info][gc,phases,start] GC(324) Post Compact
[167.656s][info][gc,phases      ] GC(324) Post Compact 11.830ms
[167.656s][info][gc,heap        ] GC(324) PSYoungGen: 315941K(601088K)->315941K(601088K) Eden: 112127K(112128K)->112127K(112128K) From: 203813K(488960K)->203813K(488960K)
[167.656s][info][gc,heap        ] GC(324) ParOldGen: 7372621K(7372800K)->7372621K(7372800K)
[167.656s][info][gc,metaspace   ] GC(324) Metaspace: 6298K(6464K)->6298K(6464K) NonClass: 5764K(5824K)->5764K(5824K) Class: 533K(640K)->533K(640K)
[167.656s][info][gc             ] GC(324) Pause Full (Ergonomics) 7508M->7508M(7787M) 2310.782ms
[167.656s][info][gc,cpu         ] GC(324) User=17.25s Sys=0.02s Real=2.31s
[167.656s][info][gc,start       ] GC(325) Pause Full (Ergonomics)
[167.656s][info][gc,phases,start] GC(325) Marking Phase
[169.427s][info][gc,phases      ] GC(325) Marking Phase 1770.535ms
[169.427s][info][gc,phases,start] GC(325) Summary Phase
[169.427s][info][gc,phases      ] GC(325) Summary Phase 0.158ms
[169.427s][info][gc,phases,start] GC(325) Adjust Roots
[169.427s][info][gc,phases      ] GC(325) Adjust Roots 0.216ms
[169.427s][info][gc,phases,start] GC(325) Compaction Phase
[169.979s][info][gc,phases      ] GC(325) Compaction Phase 551.965ms
[169.979s][info][gc,phases,start] GC(325) Post Compact
[169.991s][info][gc,phases      ] GC(325) Post Compact 11.896ms
[169.991s][info][gc,heap        ] GC(325) PSYoungGen: 315941K(601088K)->315941K(601088K) Eden: 112127K(112128K)->112127K(112128K) From: 203813K(488960K)->203813K(488960K)
[169.991s][info][gc,heap        ] GC(325) ParOldGen: 7372625K(7372800K)->7372625K(7372800K)
[169.991s][info][gc,metaspace   ] GC(325) Metaspace: 6298K(6464K)->6298K(6464K) NonClass: 5764K(5824K)->5764K(5824K) Class: 533K(640K)->533K(640K)
[169.991s][info][gc             ] GC(325) Pause Full (Ergonomics) 7508M->7508M(7787M) 2335.148ms
[169.991s][info][gc,cpu         ] GC(325) User=17.52s Sys=0.00s Real=2.34s
[169.991s][info][gc,start       ] GC(326) Pause Full (Ergonomics)
[169.992s][info][gc,phases,start] GC(326) Marking Phase
[171.752s][info][gc,phases      ] GC(326) Marking Phase 1760.138ms
[171.752s][info][gc,phases,start] GC(326) Summary Phase
[171.752s][info][gc,phases      ] GC(326) Summary Phase 0.075ms
[171.752s][info][gc,phases,start] GC(326) Adjust Roots
[171.752s][info][gc,phases      ] GC(326) Adjust Roots 0.172ms
[171.752s][info][gc,phases,start] GC(326) Compaction Phase
[172.308s][info][gc,phases      ] GC(326) Compaction Phase 556.014ms
[172.308s][info][gc,phases,start] GC(326) Post Compact
[172.320s][info][gc,phases      ] GC(326) Post Compact 12.062ms
[172.320s][info][gc,heap        ] GC(326) PSYoungGen: 315941K(601088K)->315941K(601088K) Eden: 112127K(112128K)->112127K(112128K) From: 203813K(488960K)->203813K(488960K)
[172.320s][info][gc,heap        ] GC(326) ParOldGen: 7372630K(7372800K)->7372630K(7372800K)
[172.320s][info][gc,metaspace   ] GC(326) Metaspace: 6298K(6464K)->6298K(6464K) NonClass: 5764K(5824K)->5764K(5824K) Class: 533K(640K)->533K(640K)
[172.320s][info][gc             ] GC(326) Pause Full (Ergonomics) 7508M->7508M(7787M) 2328.825ms
[172.320s][info][gc,cpu         ] GC(326) User=17.34s Sys=0.02s Real=2.33s
[172.321s][info][gc,start       ] GC(327) Pause Full (Ergonomics)
[172.321s][info][gc,phases,start] GC(327) Marking Phase
[174.060s][info][gc,phases      ] GC(327) Marking Phase 1738.971ms
[174.060s][info][gc,phases,start] GC(327) Summary Phase
[174.060s][info][gc,phases      ] GC(327) Summary Phase 0.077ms
[174.060s][info][gc,phases,start] GC(327) Adjust Roots
[174.060s][info][gc,phases      ] GC(327) Adjust Roots 0.167ms
[174.060s][info][gc,phases,start] GC(327) Compaction Phase
[174.618s][info][gc,phases      ] GC(327) Compaction Phase 558.028ms
[174.618s][info][gc,phases,start] GC(327) Post Compact
[174.630s][info][gc,phases      ] GC(327) Post Compact 11.931ms
[174.630s][info][gc,heap        ] GC(327) PSYoungGen: 315941K(601088K)->315941K(601088K) Eden: 112127K(112128K)->112127K(112128K) From: 203813K(488960K)->203813K(488960K)
[174.630s][info][gc,heap        ] GC(327) ParOldGen: 7372635K(7372800K)->7372635K(7372800K)
[174.630s][info][gc,metaspace   ] GC(327) Metaspace: 6298K(6464K)->6298K(6464K) NonClass: 5764K(5824K)->5764K(5824K) Class: 533K(640K)->533K(640K)
[174.630s][info][gc             ] GC(327) Pause Full (Ergonomics) 7508M->7508M(7787M) 2309.547ms
[174.630s][info][gc,cpu         ] GC(327) User=17.16s Sys=0.00s Real=2.31s
[174.630s][info][gc,start       ] GC(328) Pause Full (Ergonomics)
[174.630s][info][gc,phases,start] GC(328) Marking Phase
[176.356s][info][gc,phases      ] GC(328) Marking Phase 1725.332ms
[176.356s][info][gc,phases,start] GC(328) Summary Phase
[176.356s][info][gc,phases      ] GC(328) Summary Phase 0.115ms
[176.356s][info][gc,phases,start] GC(328) Adjust Roots
[176.356s][info][gc,phases      ] GC(328) Adjust Roots 0.193ms
[176.356s][info][gc,phases,start] GC(328) Compaction Phase
[176.918s][info][gc,phases      ] GC(328) Compaction Phase 561.862ms
[176.918s][info][gc,phases,start] GC(328) Post Compact
[176.930s][info][gc,phases      ] GC(328) Post Compact 11.877ms
[176.930s][info][gc,heap        ] GC(328) PSYoungGen: 315941K(601088K)->315941K(601088K) Eden: 112127K(112128K)->112127K(112128K) From: 203813K(488960K)->203813K(488960K)
[176.930s][info][gc,heap        ] GC(328) ParOldGen: 7372640K(7372800K)->7372640K(7372800K)
[176.930s][info][gc,metaspace   ] GC(328) Metaspace: 6298K(6464K)->6298K(6464K) NonClass: 5764K(5824K)->5764K(5824K) Class: 533K(640K)->533K(640K)
[176.930s][info][gc             ] GC(328) Pause Full (Ergonomics) 7508M->7508M(7787M) 2299.889ms
[176.930s][info][gc,cpu         ] GC(328) User=17.17s Sys=0.00s Real=2.30s
[176.930s][info][gc,start       ] GC(329) Pause Full (Ergonomics)
[176.930s][info][gc,phases,start] GC(329) Marking Phase
[178.670s][info][gc,phases      ] GC(329) Marking Phase 1739.574ms
[178.670s][info][gc,phases,start] GC(329) Summary Phase
[178.670s][info][gc,phases      ] GC(329) Summary Phase 0.077ms
[178.670s][info][gc,phases,start] GC(329) Adjust Roots
[178.670s][info][gc,phases      ] GC(329) Adjust Roots 0.168ms
[178.670s][info][gc,phases,start] GC(329) Compaction Phase
[179.222s][info][gc,phases      ] GC(329) Compaction Phase 551.860ms
[179.222s][info][gc,phases,start] GC(329) Post Compact
[179.234s][info][gc,phases      ] GC(329) Post Compact 11.739ms
[179.234s][info][gc,heap        ] GC(329) PSYoungGen: 315941K(601088K)->315941K(601088K) Eden: 112127K(112128K)->112127K(112128K) From: 203813K(488960K)->203813K(488960K)
[179.234s][info][gc,heap        ] GC(329) ParOldGen: 7372645K(7372800K)->7372645K(7372800K)
[179.234s][info][gc,metaspace   ] GC(329) Metaspace: 6298K(6464K)->6298K(6464K) NonClass: 5764K(5824K)->5764K(5824K) Class: 533K(640K)->533K(640K)
[179.234s][info][gc             ] GC(329) Pause Full (Ergonomics) 7508M->7508M(7787M) 2303.770ms
[179.234s][info][gc,cpu         ] GC(329) User=17.11s Sys=0.00s Real=2.30s
[179.234s][info][gc,start       ] GC(330) Pause Full (Ergonomics)
[179.234s][info][gc,phases,start] GC(330) Marking Phase
[180.994s][info][gc,phases      ] GC(330) Marking Phase 1759.170ms
[180.994s][info][gc,phases,start] GC(330) Summary Phase
[180.994s][info][gc,phases      ] GC(330) Summary Phase 0.082ms
[180.994s][info][gc,phases,start] GC(330) Adjust Roots
[180.994s][info][gc,phases      ] GC(330) Adjust Roots 0.203ms
[180.994s][info][gc,phases,start] GC(330) Compaction Phase
[181.549s][info][gc,phases      ] GC(330) Compaction Phase 555.214ms
[181.549s][info][gc,phases,start] GC(330) Post Compact
[181.561s][info][gc,phases      ] GC(330) Post Compact 12.049ms
[181.561s][info][gc,heap        ] GC(330) PSYoungGen: 315941K(601088K)->315941K(601088K) Eden: 112127K(112128K)->112127K(112128K) From: 203813K(488960K)->203813K(488960K)
[181.561s][info][gc,heap        ] GC(330) ParOldGen: 7372650K(7372800K)->7372650K(7372800K)
[181.561s][info][gc,metaspace   ] GC(330) Metaspace: 6298K(6464K)->6298K(6464K) NonClass: 5764K(5824K)->5764K(5824K) Class: 533K(640K)->533K(640K)
[181.561s][info][gc             ] GC(330) Pause Full (Ergonomics) 7508M->7508M(7787M) 2327.061ms
[181.562s][info][gc,cpu         ] GC(330) User=17.16s Sys=0.02s Real=2.33s
[181.562s][info][gc,start       ] GC(331) Pause Full (Ergonomics)
[181.562s][info][gc,phases,start] GC(331) Marking Phase
[183.327s][info][gc,phases      ] GC(331) Marking Phase 1764.977ms
[183.327s][info][gc,phases,start] GC(331) Summary Phase
[183.327s][info][gc,phases      ] GC(331) Summary Phase 0.077ms
[183.327s][info][gc,phases,start] GC(331) Adjust Roots
[183.327s][info][gc,phases      ] GC(331) Adjust Roots 0.163ms
[183.327s][info][gc,phases,start] GC(331) Compaction Phase
[183.883s][info][gc,phases      ] GC(331) Compaction Phase 555.524ms
[183.883s][info][gc,phases,start] GC(331) Post Compact
[183.894s][info][gc,phases      ] GC(331) Post Compact 11.806ms
[183.895s][info][gc,heap        ] GC(331) PSYoungGen: 315941K(601088K)->315941K(601088K) Eden: 112127K(112128K)->112127K(112128K) From: 203813K(488960K)->203813K(488960K)
[183.895s][info][gc,heap        ] GC(331) ParOldGen: 7372654K(7372800K)->7372654K(7372800K)
[183.895s][info][gc,metaspace   ] GC(331) Metaspace: 6298K(6464K)->6298K(6464K) NonClass: 5764K(5824K)->5764K(5824K) Class: 533K(640K)->533K(640K)
[183.895s][info][gc             ] GC(331) Pause Full (Ergonomics) 7508M->7508M(7787M) 2332.902ms
[183.895s][info][gc,cpu         ] GC(331) User=17.48s Sys=0.00s Real=2.33s
[183.895s][info][gc,start       ] GC(332) Pause Full (Ergonomics)
[183.895s][info][gc,phases,start] GC(332) Marking Phase
[185.644s][info][gc,phases      ] GC(332) Marking Phase 1749.616ms
[185.645s][info][gc,phases,start] GC(332) Summary Phase
[185.645s][info][gc,phases      ] GC(332) Summary Phase 0.120ms
[185.645s][info][gc,phases,start] GC(332) Adjust Roots
[185.645s][info][gc,phases      ] GC(332) Adjust Roots 0.241ms
[185.645s][info][gc,phases,start] GC(332) Compaction Phase
[186.198s][info][gc,phases      ] GC(332) Compaction Phase 553.011ms
[186.198s][info][gc,phases,start] GC(332) Post Compact
[186.210s][info][gc,phases      ] GC(332) Post Compact 11.756ms
[186.210s][info][gc,heap        ] GC(332) PSYoungGen: 315941K(601088K)->315941K(601088K) Eden: 112127K(112128K)->112127K(112128K) From: 203813K(488960K)->203813K(488960K)
[186.210s][info][gc,heap        ] GC(332) ParOldGen: 7372659K(7372800K)->7372659K(7372800K)
[186.210s][info][gc,metaspace   ] GC(332) Metaspace: 6298K(6464K)->6298K(6464K) NonClass: 5764K(5824K)->5764K(5824K) Class: 533K(640K)->533K(640K)
[186.210s][info][gc             ] GC(332) Pause Full (Ergonomics) 7508M->7508M(7787M) 2315.122ms
[186.210s][info][gc,cpu         ] GC(332) User=17.39s Sys=0.00s Real=2.32s
[186.210s][info][gc,start       ] GC(333) Pause Full (Ergonomics)
[186.210s][info][gc,phases,start] GC(333) Marking Phase
[187.992s][info][gc,phases      ] GC(333) Marking Phase 1781.496ms
[187.992s][info][gc,phases,start] GC(333) Summary Phase
[187.992s][info][gc,phases      ] GC(333) Summary Phase 0.081ms
[187.992s][info][gc,phases,start] GC(333) Adjust Roots
[187.992s][info][gc,phases      ] GC(333) Adjust Roots 0.206ms
[187.992s][info][gc,phases,start] GC(333) Compaction Phase
[188.549s][info][gc,phases      ] GC(333) Compaction Phase 557.148ms
[188.549s][info][gc,phases,start] GC(333) Post Compact
[188.561s][info][gc,phases      ] GC(333) Post Compact 11.905ms
[188.561s][info][gc,heap        ] GC(333) PSYoungGen: 315941K(601088K)->315941K(601088K) Eden: 112127K(112128K)->112127K(112128K) From: 203813K(488960K)->203813K(488960K)
[188.561s][info][gc,heap        ] GC(333) ParOldGen: 7372664K(7372800K)->7372664K(7372800K)
[188.561s][info][gc,metaspace   ] GC(333) Metaspace: 6298K(6464K)->6298K(6464K) NonClass: 5764K(5824K)->5764K(5824K) Class: 533K(640K)->533K(640K)
[188.561s][info][gc             ] GC(333) Pause Full (Ergonomics) 7508M->7508M(7787M) 2351.212ms
[188.561s][info][gc,cpu         ] GC(333) User=17.42s Sys=0.00s Real=2.35s
[188.562s][info][gc,start       ] GC(334) Pause Full (Ergonomics)
[188.562s][info][gc,phases,start] GC(334) Marking Phase
[190.315s][info][gc,phases      ] GC(334) Marking Phase 1753.729ms
[190.315s][info][gc,phases,start] GC(334) Summary Phase
[190.316s][info][gc,phases      ] GC(334) Summary Phase 0.118ms
[190.316s][info][gc,phases,start] GC(334) Adjust Roots
[190.316s][info][gc,phases      ] GC(334) Adjust Roots 0.230ms
[190.316s][info][gc,phases,start] GC(334) Compaction Phase
[190.864s][info][gc,phases      ] GC(334) Compaction Phase 548.424ms
[190.864s][info][gc,phases,start] GC(334) Post Compact
[190.876s][info][gc,phases      ] GC(334) Post Compact 11.822ms
[190.876s][info][gc,heap        ] GC(334) PSYoungGen: 315941K(601088K)->315941K(601088K) Eden: 112127K(112128K)->112127K(112128K) From: 203813K(488960K)->203813K(488960K)
[190.876s][info][gc,heap        ] GC(334) ParOldGen: 7372669K(7372800K)->7372669K(7372800K)
[190.876s][info][gc,metaspace   ] GC(334) Metaspace: 6298K(6464K)->6298K(6464K) NonClass: 5764K(5824K)->5764K(5824K) Class: 533K(640K)->533K(640K)
[190.876s][info][gc             ] GC(334) Pause Full (Ergonomics) 7508M->7508M(7787M) 2314.705ms
[190.876s][info][gc,cpu         ] GC(334) User=17.31s Sys=0.00s Real=2.32s
[190.877s][info][gc,start       ] GC(335) Pause Full (Ergonomics)
[190.877s][info][gc,phases,start] GC(335) Marking Phase
[192.628s][info][gc,phases      ] GC(335) Marking Phase 1751.514ms
[192.628s][info][gc,phases,start] GC(335) Summary Phase
[192.628s][info][gc,phases      ] GC(335) Summary Phase 0.077ms
[192.628s][info][gc,phases,start] GC(335) Adjust Roots
[192.628s][info][gc,phases      ] GC(335) Adjust Roots 0.163ms
[192.628s][info][gc,phases,start] GC(335) Compaction Phase
[193.185s][info][gc,phases      ] GC(335) Compaction Phase 556.906ms
[193.185s][info][gc,phases,start] GC(335) Post Compact
[193.197s][info][gc,phases      ] GC(335) Post Compact 12.035ms
[193.198s][info][gc,heap        ] GC(335) PSYoungGen: 315941K(601088K)->315941K(601088K) Eden: 112127K(112128K)->112127K(112128K) From: 203813K(488960K)->203813K(488960K)
[193.198s][info][gc,heap        ] GC(335) ParOldGen: 7372674K(7372800K)->7372674K(7372800K)
[193.198s][info][gc,metaspace   ] GC(335) Metaspace: 6298K(6464K)->6298K(6464K) NonClass: 5764K(5824K)->5764K(5824K) Class: 533K(640K)->533K(640K)
[193.198s][info][gc             ] GC(335) Pause Full (Ergonomics) 7508M->7508M(7787M) 2321.052ms
[193.198s][info][gc,cpu         ] GC(335) User=17.20s Sys=0.00s Real=2.32s
[193.198s][info][gc,start       ] GC(336) Pause Full (Ergonomics)
[193.198s][info][gc,phases,start] GC(336) Marking Phase
[194.920s][info][gc,phases      ] GC(336) Marking Phase 1721.918ms
[194.920s][info][gc,phases,start] GC(336) Summary Phase
[194.920s][info][gc,phases      ] GC(336) Summary Phase 0.077ms
[194.920s][info][gc,phases,start] GC(336) Adjust Roots
[194.920s][info][gc,phases      ] GC(336) Adjust Roots 0.167ms
[194.920s][info][gc,phases,start] GC(336) Compaction Phase
[195.481s][info][gc,phases      ] GC(336) Compaction Phase 561.191ms
[195.481s][info][gc,phases,start] GC(336) Post Compact
[195.493s][info][gc,phases      ] GC(336) Post Compact 11.905ms
[195.493s][info][gc,heap        ] GC(336) PSYoungGen: 315941K(601088K)->315941K(601088K) Eden: 112127K(112128K)->112127K(112128K) From: 203813K(488960K)->203813K(488960K)
[195.493s][info][gc,heap        ] GC(336) ParOldGen: 7372679K(7372800K)->7372679K(7372800K)
[195.493s][info][gc,metaspace   ] GC(336) Metaspace: 6298K(6464K)->6298K(6464K) NonClass: 5764K(5824K)->5764K(5824K) Class: 533K(640K)->533K(640K)
[195.493s][info][gc             ] GC(336) Pause Full (Ergonomics) 7508M->7508M(7787M) 2295.609ms
[195.493s][info][gc,cpu         ] GC(336) User=16.95s Sys=0.00s Real=2.30s
[195.494s][info][gc,start       ] GC(337) Pause Full (Ergonomics)
[195.494s][info][gc,phases,start] GC(337) Marking Phase
[197.262s][info][gc,phases      ] GC(337) Marking Phase 1768.286ms
[197.262s][info][gc,phases,start] GC(337) Summary Phase
[197.262s][info][gc,phases      ] GC(337) Summary Phase 0.076ms
[197.262s][info][gc,phases,start] GC(337) Adjust Roots
[197.262s][info][gc,phases      ] GC(337) Adjust Roots 0.166ms
[197.262s][info][gc,phases,start] GC(337) Compaction Phase
[197.818s][info][gc,phases      ] GC(337) Compaction Phase 555.476ms
[197.818s][info][gc,phases,start] GC(337) Post Compact
[197.830s][info][gc,phases      ] GC(337) Post Compact 11.778ms
[197.830s][info][gc,heap        ] GC(337) PSYoungGen: 315941K(601088K)->315941K(601088K) Eden: 112127K(112128K)->112127K(112128K) From: 203813K(488960K)->203813K(488960K)
[197.830s][info][gc,heap        ] GC(337) ParOldGen: 7372683K(7372800K)->7372683K(7372800K)
[197.830s][info][gc,metaspace   ] GC(337) Metaspace: 6298K(6464K)->6298K(6464K) NonClass: 5764K(5824K)->5764K(5824K) Class: 533K(640K)->533K(640K)
[197.830s][info][gc             ] GC(337) Pause Full (Ergonomics) 7508M->7508M(7787M) 2336.133ms
[197.830s][info][gc,cpu         ] GC(337) User=17.25s Sys=0.00s Real=2.34s
[197.830s][info][gc,start       ] GC(338) Pause Full (Ergonomics)
[197.830s][info][gc,phases,start] GC(338) Marking Phase
[199.563s][info][gc,phases      ] GC(338) Marking Phase 1732.545ms
[199.563s][info][gc,phases,start] GC(338) Summary Phase
[199.563s][info][gc,phases      ] GC(338) Summary Phase 0.076ms
[199.563s][info][gc,phases,start] GC(338) Adjust Roots
[199.563s][info][gc,phases      ] GC(338) Adjust Roots 0.165ms
[199.563s][info][gc,phases,start] GC(338) Compaction Phase
[200.121s][info][gc,phases      ] GC(338) Compaction Phase 557.724ms
[200.121s][info][gc,phases,start] GC(338) Post Compact
[200.133s][info][gc,phases      ] GC(338) Post Compact 11.793ms
[200.133s][info][gc,heap        ] GC(338) PSYoungGen: 315941K(601088K)->315941K(601088K) Eden: 112127K(112128K)->112127K(112128K) From: 203813K(488960K)->203813K(488960K)
[200.133s][info][gc,heap        ] GC(338) ParOldGen: 7372688K(7372800K)->7372688K(7372800K)
[200.133s][info][gc,metaspace   ] GC(338) Metaspace: 6298K(6464K)->6298K(6464K) NonClass: 5764K(5824K)->5764K(5824K) Class: 533K(640K)->533K(640K)
[200.133s][info][gc             ] GC(338) Pause Full (Ergonomics) 7508M->7508M(7787M) 2302.652ms
[200.133s][info][gc,cpu         ] GC(338) User=17.23s Sys=0.00s Real=2.30s
[200.133s][info][gc,start       ] GC(339) Pause Full (Ergonomics)
[200.133s][info][gc,phases,start] GC(339) Marking Phase
[201.888s][info][gc,phases      ] GC(339) Marking Phase 1755.119ms
[201.888s][info][gc,phases,start] GC(339) Summary Phase
[201.888s][info][gc,phases      ] GC(339) Summary Phase 0.078ms
[201.888s][info][gc,phases,start] GC(339) Adjust Roots
[201.888s][info][gc,phases      ] GC(339) Adjust Roots 0.166ms
[201.888s][info][gc,phases,start] GC(339) Compaction Phase
[202.445s][info][gc,phases      ] GC(339) Compaction Phase 556.171ms
[202.445s][info][gc,phases,start] GC(339) Post Compact
[202.457s][info][gc,phases      ] GC(339) Post Compact 11.806ms
[202.457s][info][gc,heap        ] GC(339) PSYoungGen: 315941K(601088K)->315941K(601088K) Eden: 112127K(112128K)->112127K(112128K) From: 203813K(488960K)->203813K(488960K)
[202.457s][info][gc,heap        ] GC(339) ParOldGen: 7372693K(7372800K)->7372693K(7372800K)
[202.457s][info][gc,metaspace   ] GC(339) Metaspace: 6298K(6464K)->6298K(6464K) NonClass: 5764K(5824K)->5764K(5824K) Class: 533K(640K)->533K(640K)
[202.457s][info][gc             ] GC(339) Pause Full (Ergonomics) 7508M->7508M(7787M) 2323.704ms
[202.457s][info][gc,cpu         ] GC(339) User=17.39s Sys=0.02s Real=2.32s
[202.457s][info][gc,start       ] GC(340) Pause Full (Ergonomics)
[202.457s][info][gc,phases,start] GC(340) Marking Phase
[204.204s][info][gc,phases      ] GC(340) Marking Phase 1747.591ms
[204.205s][info][gc,phases,start] GC(340) Summary Phase
[204.205s][info][gc,phases      ] GC(340) Summary Phase 0.078ms
[204.205s][info][gc,phases,start] GC(340) Adjust Roots
[204.205s][info][gc,phases      ] GC(340) Adjust Roots 0.165ms
[204.205s][info][gc,phases,start] GC(340) Compaction Phase
[204.764s][info][gc,phases      ] GC(340) Compaction Phase 559.268ms
[204.764s][info][gc,phases,start] GC(340) Post Compact
[204.776s][info][gc,phases      ] GC(340) Post Compact 12.018ms
[204.776s][info][gc,heap        ] GC(340) PSYoungGen: 315941K(601088K)->315941K(601088K) Eden: 112127K(112128K)->112127K(112128K) From: 203813K(488960K)->203813K(488960K)
[204.776s][info][gc,heap        ] GC(340) ParOldGen: 7372698K(7372800K)->7372698K(7372800K)
[204.776s][info][gc,metaspace   ] GC(340) Metaspace: 6298K(6464K)->6298K(6464K) NonClass: 5764K(5824K)->5764K(5824K) Class: 533K(640K)->533K(640K)
[204.776s][info][gc             ] GC(340) Pause Full (Ergonomics) 7508M->7508M(7787M) 2319.477ms
[204.776s][info][gc,cpu         ] GC(340) User=17.27s Sys=0.00s Real=2.32s
[204.777s][info][gc,start       ] GC(341) Pause Full (Ergonomics)
[204.777s][info][gc,phases,start] GC(341) Marking Phase
[206.515s][info][gc,phases      ] GC(341) Marking Phase 1738.636ms
[206.515s][info][gc,phases,start] GC(341) Summary Phase
[206.515s][info][gc,phases      ] GC(341) Summary Phase 0.076ms
[206.515s][info][gc,phases,start] GC(341) Adjust Roots
[206.516s][info][gc,phases      ] GC(341) Adjust Roots 0.173ms
[206.516s][info][gc,phases,start] GC(341) Compaction Phase
[207.078s][info][gc,phases      ] GC(341) Compaction Phase 562.541ms
[207.078s][info][gc,phases,start] GC(341) Post Compact
[207.090s][info][gc,phases      ] GC(341) Post Compact 11.798ms
[207.090s][info][gc,heap        ] GC(341) PSYoungGen: 315941K(601088K)->315941K(601088K) Eden: 112127K(112128K)->112127K(112128K) From: 203813K(488960K)->203813K(488960K)
[207.090s][info][gc,heap        ] GC(341) ParOldGen: 7372703K(7372800K)->7372703K(7372800K)
[207.090s][info][gc,metaspace   ] GC(341) Metaspace: 6298K(6464K)->6298K(6464K) NonClass: 5764K(5824K)->5764K(5824K) Class: 533K(640K)->533K(640K)
[207.090s][info][gc             ] GC(341) Pause Full (Ergonomics) 7508M->7508M(7787M) 2313.560ms
[207.090s][info][gc,cpu         ] GC(341) User=17.16s Sys=0.00s Real=2.31s
[207.090s][info][gc,start       ] GC(342) Pause Full (Ergonomics)
[207.090s][info][gc,phases,start] GC(342) Marking Phase
[208.869s][info][gc,phases      ] GC(342) Marking Phase 1778.414ms
[208.869s][info][gc,phases,start] GC(342) Summary Phase
[208.869s][info][gc,phases      ] GC(342) Summary Phase 0.076ms
[208.869s][info][gc,phases,start] GC(342) Adjust Roots
[208.869s][info][gc,phases      ] GC(342) Adjust Roots 0.170ms
[208.869s][info][gc,phases,start] GC(342) Compaction Phase
[209.428s][info][gc,phases      ] GC(342) Compaction Phase 559.212ms
[209.428s][info][gc,phases,start] GC(342) Post Compact
[209.440s][info][gc,phases      ] GC(342) Post Compact 11.779ms
[209.440s][info][gc,heap        ] GC(342) PSYoungGen: 315941K(601088K)->315941K(601088K) Eden: 112127K(112128K)->112127K(112128K) From: 203813K(488960K)->203813K(488960K)
[209.440s][info][gc,heap        ] GC(342) ParOldGen: 7372708K(7372800K)->7372708K(7372800K)
[209.440s][info][gc,metaspace   ] GC(342) Metaspace: 6298K(6464K)->6298K(6464K) NonClass: 5764K(5824K)->5764K(5824K) Class: 533K(640K)->533K(640K)
[209.440s][info][gc             ] GC(342) Pause Full (Ergonomics) 7508M->7508M(7787M) 2349.997ms
[209.440s][info][gc,cpu         ] GC(342) User=17.23s Sys=0.00s Real=2.35s
[209.441s][info][gc,start       ] GC(343) Pause Full (Ergonomics)
[209.441s][info][gc,phases,start] GC(343) Marking Phase
[211.191s][info][gc,phases      ] GC(343) Marking Phase 1750.385ms
[211.191s][info][gc,phases,start] GC(343) Summary Phase
[211.191s][info][gc,phases      ] GC(343) Summary Phase 0.077ms
[211.191s][info][gc,phases,start] GC(343) Adjust Roots
[211.191s][info][gc,phases      ] GC(343) Adjust Roots 0.161ms
[211.191s][info][gc,phases,start] GC(343) Compaction Phase
[211.748s][info][gc,phases      ] GC(343) Compaction Phase 556.875ms
[211.748s][info][gc,phases,start] GC(343) Post Compact
[211.760s][info][gc,phases      ] GC(343) Post Compact 11.843ms
[211.760s][info][gc,heap        ] GC(343) PSYoungGen: 315941K(601088K)->315941K(601088K) Eden: 112127K(112128K)->112127K(112128K) From: 203813K(488960K)->203813K(488960K)
[211.760s][info][gc,heap        ] GC(343) ParOldGen: 7372712K(7372800K)->7372712K(7372800K)
[211.760s][info][gc,metaspace   ] GC(343) Metaspace: 6298K(6464K)->6298K(6464K) NonClass: 5764K(5824K)->5764K(5824K) Class: 533K(640K)->533K(640K)
[211.760s][info][gc             ] GC(343) Pause Full (Ergonomics) 7508M->7508M(7787M) 2319.722ms
[211.760s][info][gc,cpu         ] GC(343) User=17.31s Sys=0.03s Real=2.32s
[211.761s][info][gc,start       ] GC(344) Pause Full (Ergonomics)
[211.761s][info][gc,phases,start] GC(344) Marking Phase
[213.501s][info][gc,phases      ] GC(344) Marking Phase 1740.629ms
[213.501s][info][gc,phases,start] GC(344) Summary Phase
[213.501s][info][gc,phases      ] GC(344) Summary Phase 0.079ms
[213.501s][info][gc,phases,start] GC(344) Adjust Roots
[213.502s][info][gc,phases      ] GC(344) Adjust Roots 0.170ms
[213.502s][info][gc,phases,start] GC(344) Compaction Phase
[214.057s][info][gc,phases      ] GC(344) Compaction Phase 555.570ms
[214.057s][info][gc,phases,start] GC(344) Post Compact
[214.071s][info][gc,phases      ] GC(344) Post Compact 13.778ms
[214.071s][info][gc,heap        ] GC(344) PSYoungGen: 315941K(601088K)->315941K(601088K) Eden: 112127K(112128K)->112127K(112128K) From: 203813K(488960K)->203813K(488960K)
[214.071s][info][gc,heap        ] GC(344) ParOldGen: 7372717K(7372800K)->7372717K(7372800K)
[214.071s][info][gc,metaspace   ] GC(344) Metaspace: 6298K(6464K)->6298K(6464K) NonClass: 5764K(5824K)->5764K(5824K) Class: 533K(640K)->533K(640K)
[214.071s][info][gc             ] GC(344) Pause Full (Ergonomics) 7508M->7508M(7787M) 2310.615ms
[214.071s][info][gc,cpu         ] GC(344) User=17.20s Sys=0.00s Real=2.31s
[214.071s][info][gc,start       ] GC(345) Pause Full (Ergonomics)
[214.071s][info][gc,phases,start] GC(345) Marking Phase
[215.833s][info][gc,phases      ] GC(345) Marking Phase 1761.375ms
[215.833s][info][gc,phases,start] GC(345) Summary Phase
[215.833s][info][gc,phases      ] GC(345) Summary Phase 0.081ms
[215.833s][info][gc,phases,start] GC(345) Adjust Roots
[215.833s][info][gc,phases      ] GC(345) Adjust Roots 0.204ms
[215.833s][info][gc,phases,start] GC(345) Compaction Phase
[216.413s][info][gc,phases      ] GC(345) Compaction Phase 579.584ms
[216.413s][info][gc,phases,start] GC(345) Post Compact
[216.426s][info][gc,phases      ] GC(345) Post Compact 13.393ms
[216.426s][info][gc,heap        ] GC(345) PSYoungGen: 315941K(601088K)->315941K(601088K) Eden: 112127K(112128K)->112127K(112128K) From: 203813K(488960K)->203813K(488960K)
[216.426s][info][gc,heap        ] GC(345) ParOldGen: 7372722K(7372800K)->7372722K(7372800K)
[216.426s][info][gc,metaspace   ] GC(345) Metaspace: 6298K(6464K)->6298K(6464K) NonClass: 5764K(5824K)->5764K(5824K) Class: 533K(640K)->533K(640K)
[216.426s][info][gc             ] GC(345) Pause Full (Ergonomics) 7508M->7508M(7787M) 2355.012ms
[216.426s][info][gc,cpu         ] GC(345) User=17.19s Sys=0.00s Real=2.36s
[216.427s][info][gc,start       ] GC(346) Pause Full (Ergonomics)
[216.427s][info][gc,phases,start] GC(346) Marking Phase
[218.185s][info][gc,phases      ] GC(346) Marking Phase 1758.702ms
[218.185s][info][gc,phases,start] GC(346) Summary Phase
[218.186s][info][gc,phases      ] GC(346) Summary Phase 0.076ms
[218.186s][info][gc,phases,start] GC(346) Adjust Roots
[218.186s][info][gc,phases      ] GC(346) Adjust Roots 0.167ms
[218.186s][info][gc,phases,start] GC(346) Compaction Phase
[218.752s][info][gc,phases      ] GC(346) Compaction Phase 566.332ms
[218.752s][info][gc,phases,start] GC(346) Post Compact
[218.764s][info][gc,phases      ] GC(346) Post Compact 11.798ms
[218.764s][info][gc,heap        ] GC(346) PSYoungGen: 315941K(601088K)->315941K(601088K) Eden: 112127K(112128K)->112127K(112128K) From: 203813K(488960K)->203813K(488960K)
[218.764s][info][gc,heap        ] GC(346) ParOldGen: 7372727K(7372800K)->7372727K(7372800K)
[218.764s][info][gc,metaspace   ] GC(346) Metaspace: 6298K(6464K)->6298K(6464K) NonClass: 5764K(5824K)->5764K(5824K) Class: 533K(640K)->533K(640K)
[218.764s][info][gc             ] GC(346) Pause Full (Ergonomics) 7508M->7508M(7787M) 2337.418ms
[218.764s][info][gc,cpu         ] GC(346) User=17.36s Sys=0.00s Real=2.34s
[218.764s][info][gc,start       ] GC(347) Pause Full (Ergonomics)
[218.764s][info][gc,phases,start] GC(347) Marking Phase
[220.512s][info][gc,phases      ] GC(347) Marking Phase 1747.366ms
[220.512s][info][gc,phases,start] GC(347) Summary Phase
[220.512s][info][gc,phases      ] GC(347) Summary Phase 0.089ms
[220.512s][info][gc,phases,start] GC(347) Adjust Roots
[220.512s][info][gc,phases      ] GC(347) Adjust Roots 0.219ms
[220.512s][info][gc,phases,start] GC(347) Compaction Phase
[221.072s][info][gc,phases      ] GC(347) Compaction Phase 560.241ms
[221.072s][info][gc,phases,start] GC(347) Post Compact
[221.084s][info][gc,phases      ] GC(347) Post Compact 12.077ms
[221.085s][info][gc,heap        ] GC(347) PSYoungGen: 315941K(601088K)->315941K(601088K) Eden: 112127K(112128K)->112127K(112128K) From: 203813K(488960K)->203813K(488960K)
[221.085s][info][gc,heap        ] GC(347) ParOldGen: 7372732K(7372800K)->7372732K(7372800K)
[221.085s][info][gc,metaspace   ] GC(347) Metaspace: 6298K(6464K)->6298K(6464K) NonClass: 5764K(5824K)->5764K(5824K) Class: 533K(640K)->533K(640K)
[221.085s][info][gc             ] GC(347) Pause Full (Ergonomics) 7508M->7508M(7787M) 2320.386ms
[221.085s][info][gc,cpu         ] GC(347) User=17.20s Sys=0.05s Real=2.32s
[221.085s][info][gc,start       ] GC(348) Pause Full (Ergonomics)
[221.085s][info][gc,phases,start] GC(348) Marking Phase
[222.862s][info][gc,phases      ] GC(348) Marking Phase 1777.351ms
[222.862s][info][gc,phases,start] GC(348) Summary Phase
[222.862s][info][gc,phases      ] GC(348) Summary Phase 0.077ms
[222.862s][info][gc,phases,start] GC(348) Adjust Roots
[222.863s][info][gc,phases      ] GC(348) Adjust Roots 0.168ms
[222.863s][info][gc,phases,start] GC(348) Compaction Phase
[223.432s][info][gc,phases      ] GC(348) Compaction Phase 569.253ms
[223.432s][info][gc,phases,start] GC(348) Post Compact
[223.444s][info][gc,phases      ] GC(348) Post Compact 11.799ms
[223.444s][info][gc,heap        ] GC(348) PSYoungGen: 315941K(601088K)->315941K(601088K) Eden: 112127K(112128K)->112127K(112128K) From: 203813K(488960K)->203813K(488960K)
[223.444s][info][gc,heap        ] GC(348) ParOldGen: 7372737K(7372800K)->7372737K(7372800K)
[223.444s][info][gc,metaspace   ] GC(348) Metaspace: 6298K(6464K)->6298K(6464K) NonClass: 5764K(5824K)->5764K(5824K) Class: 533K(640K)->533K(640K)
[223.444s][info][gc             ] GC(348) Pause Full (Ergonomics) 7508M->7508M(7787M) 2358.974ms
[223.444s][info][gc,cpu         ] GC(348) User=17.53s Sys=0.00s Real=2.36s
[223.444s][info][gc,start       ] GC(349) Pause Full (Ergonomics)
[223.444s][info][gc,phases,start] GC(349) Marking Phase
[225.168s][info][gc,phases      ] GC(349) Marking Phase 1724.232ms
[225.168s][info][gc,phases,start] GC(349) Summary Phase
[225.168s][info][gc,phases      ] GC(349) Summary Phase 0.079ms
[225.168s][info][gc,phases,start] GC(349) Adjust Roots
[225.169s][info][gc,phases      ] GC(349) Adjust Roots 0.179ms
[225.169s][info][gc,phases,start] GC(349) Compaction Phase
[225.727s][info][gc,phases      ] GC(349) Compaction Phase 558.673ms
[225.727s][info][gc,phases,start] GC(349) Post Compact
[225.739s][info][gc,phases      ] GC(349) Post Compact 11.888ms
[225.739s][info][gc,heap        ] GC(349) PSYoungGen: 315941K(601088K)->315941K(601088K) Eden: 112127K(112128K)->112127K(112128K) From: 203813K(488960K)->203813K(488960K)
[225.739s][info][gc,heap        ] GC(349) ParOldGen: 7372741K(7372800K)->7372741K(7372800K)
[225.739s][info][gc,metaspace   ] GC(349) Metaspace: 6298K(6464K)->6298K(6464K) NonClass: 5764K(5824K)->5764K(5824K) Class: 533K(640K)->533K(640K)
[225.739s][info][gc             ] GC(349) Pause Full (Ergonomics) 7508M->7508M(7787M) 2295.400ms
[225.739s][info][gc,cpu         ] GC(349) User=17.08s Sys=0.02s Real=2.29s
[225.740s][info][gc,start       ] GC(350) Pause Full (Ergonomics)
[225.740s][info][gc,phases,start] GC(350) Marking Phase
[227.489s][info][gc,phases      ] GC(350) Marking Phase 1749.650ms
[227.489s][info][gc,phases,start] GC(350) Summary Phase
[227.490s][info][gc,phases      ] GC(350) Summary Phase 0.079ms
[227.490s][info][gc,phases,start] GC(350) Adjust Roots
[227.490s][info][gc,phases      ] GC(350) Adjust Roots 0.196ms
[227.490s][info][gc,phases,start] GC(350) Compaction Phase
[228.037s][info][gc,phases      ] GC(350) Compaction Phase 547.614ms
[228.037s][info][gc,phases,start] GC(350) Post Compact
[228.049s][info][gc,phases      ] GC(350) Post Compact 11.880ms
[228.049s][info][gc,heap        ] GC(350) PSYoungGen: 315941K(601088K)->315941K(601088K) Eden: 112127K(112128K)->112127K(112128K) From: 203813K(488960K)->203813K(488960K)
[228.049s][info][gc,heap        ] GC(350) ParOldGen: 7372746K(7372800K)->7372746K(7372800K)
[228.049s][info][gc,metaspace   ] GC(350) Metaspace: 6298K(6464K)->6298K(6464K) NonClass: 5764K(5824K)->5764K(5824K) Class: 533K(640K)->533K(640K)
[228.049s][info][gc             ] GC(350) Pause Full (Ergonomics) 7508M->7508M(7787M) 2309.807ms
[228.050s][info][gc,cpu         ] GC(350) User=17.41s Sys=0.00s Real=2.31s
[228.050s][info][gc,start       ] GC(351) Pause Full (Ergonomics)
[228.050s][info][gc,phases,start] GC(351) Marking Phase
[229.816s][info][gc,phases      ] GC(351) Marking Phase 1766.698ms
[229.816s][info][gc,phases,start] GC(351) Summary Phase
[229.817s][info][gc,phases      ] GC(351) Summary Phase 0.091ms
[229.817s][info][gc,phases,start] GC(351) Adjust Roots
[229.817s][info][gc,phases      ] GC(351) Adjust Roots 0.198ms
[229.817s][info][gc,phases,start] GC(351) Compaction Phase
[230.367s][info][gc,phases      ] GC(351) Compaction Phase 549.870ms
[230.367s][info][gc,phases,start] GC(351) Post Compact
[230.378s][info][gc,phases      ] GC(351) Post Compact 11.678ms
[230.379s][info][gc,heap        ] GC(351) PSYoungGen: 315941K(601088K)->315941K(601088K) Eden: 112127K(112128K)->112127K(112128K) From: 203813K(488960K)->203813K(488960K)
[230.379s][info][gc,heap        ] GC(351) ParOldGen: 7372751K(7372800K)->7372751K(7372800K)
[230.379s][info][gc,metaspace   ] GC(351) Metaspace: 6298K(6464K)->6298K(6464K) NonClass: 5764K(5824K)->5764K(5824K) Class: 533K(640K)->533K(640K)
[230.379s][info][gc             ] GC(351) Pause Full (Ergonomics) 7508M->7508M(7787M) 2328.851ms
[230.379s][info][gc,cpu         ] GC(351) User=17.31s Sys=0.03s Real=2.33s
[230.379s][info][gc,start       ] GC(352) Pause Full (Ergonomics)
[230.379s][info][gc,phases,start] GC(352) Marking Phase
[232.125s][info][gc,phases      ] GC(352) Marking Phase 1746.222ms
[232.125s][info][gc,phases,start] GC(352) Summary Phase
[232.125s][info][gc,phases      ] GC(352) Summary Phase 0.077ms
[232.125s][info][gc,phases,start] GC(352) Adjust Roots
[232.125s][info][gc,phases      ] GC(352) Adjust Roots 0.171ms
[232.125s][info][gc,phases,start] GC(352) Compaction Phase
[232.682s][info][gc,phases      ] GC(352) Compaction Phase 556.446ms
[232.682s][info][gc,phases,start] GC(352) Post Compact
[232.694s][info][gc,phases      ] GC(352) Post Compact 12.353ms
[232.694s][info][gc,heap        ] GC(352) PSYoungGen: 315941K(601088K)->315941K(601088K) Eden: 112127K(112128K)->112127K(112128K) From: 203813K(488960K)->203813K(488960K)
[232.694s][info][gc,heap        ] GC(352) ParOldGen: 7372756K(7372800K)->7372756K(7372800K)
[232.694s][info][gc,metaspace   ] GC(352) Metaspace: 6298K(6464K)->6298K(6464K) NonClass: 5764K(5824K)->5764K(5824K) Class: 533K(640K)->533K(640K)
[232.694s][info][gc             ] GC(352) Pause Full (Ergonomics) 7508M->7508M(7787M) 2315.641ms
[232.694s][info][gc,cpu         ] GC(352) User=17.27s Sys=0.00s Real=2.32s
[232.695s][info][gc,start       ] GC(353) Pause Full (Ergonomics)
[232.695s][info][gc,phases,start] GC(353) Marking Phase
[234.449s][info][gc,phases      ] GC(353) Marking Phase 1754.038ms
[234.449s][info][gc,phases,start] GC(353) Summary Phase
[234.449s][info][gc,phases      ] GC(353) Summary Phase 0.077ms
[234.449s][info][gc,phases,start] GC(353) Adjust Roots
[234.449s][info][gc,phases      ] GC(353) Adjust Roots 0.184ms
[234.449s][info][gc,phases,start] GC(353) Compaction Phase
[235.005s][info][gc,phases      ] GC(353) Compaction Phase 555.702ms
[235.005s][info][gc,phases,start] GC(353) Post Compact
[235.017s][info][gc,phases      ] GC(353) Post Compact 11.811ms
[235.017s][info][gc,heap        ] GC(353) PSYoungGen: 315941K(601088K)->315941K(601088K) Eden: 112127K(112128K)->112127K(112128K) From: 203813K(488960K)->203813K(488960K)
[235.017s][info][gc,heap        ] GC(353) ParOldGen: 7372761K(7372800K)->7372761K(7372800K)
[235.017s][info][gc,metaspace   ] GC(353) Metaspace: 6298K(6464K)->6298K(6464K) NonClass: 5764K(5824K)->5764K(5824K) Class: 533K(640K)->533K(640K)
[235.017s][info][gc             ] GC(353) Pause Full (Ergonomics) 7508M->7508M(7787M) 2322.175ms
[235.017s][info][gc,cpu         ] GC(353) User=17.33s Sys=0.00s Real=2.32s
[235.017s][info][gc,start       ] GC(354) Pause Full (Ergonomics)
[235.017s][info][gc,phases,start] GC(354) Marking Phase
[236.765s][info][gc,phases      ] GC(354) Marking Phase 1748.127ms
[236.765s][info][gc,phases,start] GC(354) Summary Phase
[236.765s][info][gc,phases      ] GC(354) Summary Phase 0.089ms
[236.765s][info][gc,phases,start] GC(354) Adjust Roots
[236.766s][info][gc,phases      ] GC(354) Adjust Roots 0.259ms
[236.766s][info][gc,phases,start] GC(354) Compaction Phase
[237.306s][info][gc,phases      ] GC(354) Compaction Phase 540.560ms
[237.306s][info][gc,phases,start] GC(354) Post Compact
[237.318s][info][gc,phases      ] GC(354) Post Compact 11.929ms
[237.318s][info][gc,heap        ] GC(354) PSYoungGen: 315941K(601088K)->315941K(601088K) Eden: 112127K(112128K)->112127K(112128K) From: 203813K(488960K)->203813K(488960K)
[237.318s][info][gc,heap        ] GC(354) ParOldGen: 7372766K(7372800K)->7372766K(7372800K)
[237.318s][info][gc,metaspace   ] GC(354) Metaspace: 6298K(6464K)->6298K(6464K) NonClass: 5764K(5824K)->5764K(5824K) Class: 533K(640K)->533K(640K)
[237.318s][info][gc             ] GC(354) Pause Full (Ergonomics) 7508M->7508M(7787M) 2301.329ms
[237.318s][info][gc,cpu         ] GC(354) User=17.11s Sys=0.00s Real=2.30s
[237.319s][info][gc,start       ] GC(355) Pause Full (Ergonomics)
[237.319s][info][gc,phases,start] GC(355) Marking Phase
[239.077s][info][gc,phases      ] GC(355) Marking Phase 1757.961ms
[239.077s][info][gc,phases,start] GC(355) Summary Phase
[239.077s][info][gc,phases      ] GC(355) Summary Phase 0.077ms
[239.077s][info][gc,phases,start] GC(355) Adjust Roots
[239.077s][info][gc,phases      ] GC(355) Adjust Roots 0.165ms
[239.077s][info][gc,phases,start] GC(355) Compaction Phase
[239.634s][info][gc,phases      ] GC(355) Compaction Phase 556.695ms
[239.634s][info][gc,phases,start] GC(355) Post Compact
[239.646s][info][gc,phases      ] GC(355) Post Compact 11.877ms
[239.646s][info][gc,heap        ] GC(355) PSYoungGen: 315941K(601088K)->315941K(601088K) Eden: 112127K(112128K)->112127K(112128K) From: 203813K(488960K)->203813K(488960K)
[239.646s][info][gc,heap        ] GC(355) ParOldGen: 7372770K(7372800K)->7372770K(7372800K)
[239.646s][info][gc,metaspace   ] GC(355) Metaspace: 6298K(6464K)->6298K(6464K) NonClass: 5764K(5824K)->5764K(5824K) Class: 533K(640K)->533K(640K)
[239.646s][info][gc             ] GC(355) Pause Full (Ergonomics) 7508M->7508M(7787M) 2327.140ms
[239.646s][info][gc,cpu         ] GC(355) User=17.31s Sys=0.00s Real=2.33s
[239.646s][info][gc,start       ] GC(356) Pause Full (Ergonomics)
[239.646s][info][gc,phases,start] GC(356) Marking Phase
[241.381s][info][gc,phases      ] GC(356) Marking Phase 1735.159ms
[241.381s][info][gc,phases,start] GC(356) Summary Phase
[241.381s][info][gc,phases      ] GC(356) Summary Phase 0.081ms
[241.381s][info][gc,phases,start] GC(356) Adjust Roots
[241.382s][info][gc,phases      ] GC(356) Adjust Roots 0.175ms
[241.382s][info][gc,phases,start] GC(356) Compaction Phase
[241.932s][info][gc,phases      ] GC(356) Compaction Phase 550.401ms
[241.932s][info][gc,phases,start] GC(356) Post Compact
[241.944s][info][gc,phases      ] GC(356) Post Compact 11.871ms
[241.944s][info][gc,heap        ] GC(356) PSYoungGen: 315941K(601088K)->315941K(601088K) Eden: 112127K(112128K)->112127K(112128K) From: 203813K(488960K)->203813K(488960K)
[241.944s][info][gc,heap        ] GC(356) ParOldGen: 7372775K(7372800K)->7372775K(7372800K)
[241.944s][info][gc,metaspace   ] GC(356) Metaspace: 6298K(6464K)->6298K(6464K) NonClass: 5764K(5824K)->5764K(5824K) Class: 533K(640K)->533K(640K)
[241.944s][info][gc             ] GC(356) Pause Full (Ergonomics) 7508M->7508M(7787M) 2298.046ms
[241.944s][info][gc,cpu         ] GC(356) User=17.22s Sys=0.00s Real=2.30s
[241.944s][info][gc,start       ] GC(357) Pause Full (Ergonomics)
[241.944s][info][gc,phases,start] GC(357) Marking Phase
[243.691s][info][gc,phases      ] GC(357) Marking Phase 1746.224ms
[243.691s][info][gc,phases,start] GC(357) Summary Phase
[243.691s][info][gc,phases      ] GC(357) Summary Phase 0.078ms
[243.691s][info][gc,phases,start] GC(357) Adjust Roots
[243.691s][info][gc,phases      ] GC(357) Adjust Roots 0.184ms
[243.691s][info][gc,phases,start] GC(357) Compaction Phase
[244.260s][info][gc,phases      ] GC(357) Compaction Phase 569.096ms
[244.260s][info][gc,phases,start] GC(357) Post Compact
[244.272s][info][gc,phases      ] GC(357) Post Compact 11.873ms
[244.272s][info][gc,heap        ] GC(357) PSYoungGen: 315941K(601088K)->315941K(601088K) Eden: 112127K(112128K)->112127K(112128K) From: 203813K(488960K)->203813K(488960K)
[244.272s][info][gc,heap        ] GC(357) ParOldGen: 7372780K(7372800K)->7372780K(7372800K)
[244.272s][info][gc,metaspace   ] GC(357) Metaspace: 6298K(6464K)->6298K(6464K) NonClass: 5764K(5824K)->5764K(5824K) Class: 533K(640K)->533K(640K)
[244.272s][info][gc             ] GC(357) Pause Full (Ergonomics) 7508M->7508M(7787M) 2327.814ms
[244.272s][info][gc,cpu         ] GC(357) User=17.27s Sys=0.00s Real=2.33s
[244.272s][info][gc,start       ] GC(358) Pause Full (Ergonomics)
[244.272s][info][gc,phases,start] GC(358) Marking Phase
[246.059s][info][gc,phases      ] GC(358) Marking Phase 1786.731ms
[246.059s][info][gc,phases,start] GC(358) Summary Phase
[246.059s][info][gc,phases      ] GC(358) Summary Phase 0.083ms
[246.059s][info][gc,phases,start] GC(358) Adjust Roots
[246.059s][info][gc,phases      ] GC(358) Adjust Roots 0.208ms
[246.059s][info][gc,phases,start] GC(358) Compaction Phase
[246.616s][info][gc,phases      ] GC(358) Compaction Phase 556.487ms
[246.616s][info][gc,phases,start] GC(358) Post Compact
[246.628s][info][gc,phases      ] GC(358) Post Compact 11.896ms
[246.628s][info][gc,heap        ] GC(358) PSYoungGen: 315941K(601088K)->315941K(601088K) Eden: 112127K(112128K)->112127K(112128K) From: 203813K(488960K)->203813K(488960K)
[246.628s][info][gc,heap        ] GC(358) ParOldGen: 7372785K(7372800K)->7372785K(7372800K)
[246.628s][info][gc,metaspace   ] GC(358) Metaspace: 6298K(6464K)->6298K(6464K) NonClass: 5764K(5824K)->5764K(5824K) Class: 533K(640K)->533K(640K)
[246.628s][info][gc             ] GC(358) Pause Full (Ergonomics) 7508M->7508M(7787M) 2355.767ms
[246.628s][info][gc,cpu         ] GC(358) User=17.42s Sys=0.00s Real=2.36s
[246.628s][info][gc,start       ] GC(359) Pause Full (Ergonomics)
[246.628s][info][gc,phases,start] GC(359) Marking Phase
[248.398s][info][gc,phases      ] GC(359) Marking Phase 1769.249ms
[248.398s][info][gc,phases,start] GC(359) Summary Phase
[248.398s][info][gc,phases      ] GC(359) Summary Phase 0.083ms
[248.398s][info][gc,phases,start] GC(359) Adjust Roots
[248.398s][info][gc,phases      ] GC(359) Adjust Roots 0.190ms
[248.398s][info][gc,phases,start] GC(359) Compaction Phase
[248.943s][info][gc,phases      ] GC(359) Compaction Phase 545.195ms
[248.943s][info][gc,phases,start] GC(359) Post Compact
[248.955s][info][gc,phases      ] GC(359) Post Compact 11.796ms
[248.955s][info][gc,heap        ] GC(359) PSYoungGen: 315941K(601088K)->315941K(601088K) Eden: 112127K(112128K)->112127K(112128K) From: 203813K(488960K)->203813K(488960K)
[248.955s][info][gc,heap        ] GC(359) ParOldGen: 7372790K(7372800K)->7372790K(7372800K)
[248.955s][info][gc,metaspace   ] GC(359) Metaspace: 6298K(6464K)->6298K(6464K) NonClass: 5764K(5824K)->5764K(5824K) Class: 533K(640K)->533K(640K)
[248.955s][info][gc             ] GC(359) Pause Full (Ergonomics) 7508M->7508M(7787M) 2326.851ms
[248.955s][info][gc,cpu         ] GC(359) User=17.23s Sys=0.00s Real=2.33s
[248.955s][info][gc,start       ] GC(360) Pause Full (Ergonomics)
[248.955s][info][gc,phases,start] GC(360) Marking Phase
[250.711s][info][gc,phases      ] GC(360) Marking Phase 1756.067ms
[250.712s][info][gc,phases,start] GC(360) Summary Phase
[250.712s][info][gc,phases      ] GC(360) Summary Phase 0.083ms
[250.712s][info][gc,phases,start] GC(360) Adjust Roots
[250.712s][info][gc,phases      ] GC(360) Adjust Roots 0.213ms
[250.712s][info][gc,phases,start] GC(360) Compaction Phase
[251.272s][info][gc,phases      ] GC(360) Compaction Phase 560.211ms
[251.272s][info][gc,phases,start] GC(360) Post Compact
[251.284s][info][gc,phases      ] GC(360) Post Compact 11.932ms
[251.284s][info][gc,heap        ] GC(360) PSYoungGen: 315941K(601088K)->315941K(601088K) Eden: 112127K(112128K)->112127K(112128K) From: 203813K(488960K)->203813K(488960K)
[251.284s][info][gc,heap        ] GC(360) ParOldGen: 7372795K(7372800K)->7372795K(7372800K)
[251.284s][info][gc,metaspace   ] GC(360) Metaspace: 6298K(6464K)->6298K(6464K) NonClass: 5764K(5824K)->5764K(5824K) Class: 533K(640K)->533K(640K)
[251.284s][info][gc             ] GC(360) Pause Full (Ergonomics) 7508M->7508M(7787M) 2328.896ms
[251.284s][info][gc,cpu         ] GC(360) User=17.12s Sys=0.00s Real=2.33s
[251.284s][info][gc,start       ] GC(361) Pause Full (Ergonomics)
[251.285s][info][gc,phases,start] GC(361) Marking Phase
[253.029s][info][gc,phases      ] GC(361) Marking Phase 1744.280ms
[253.029s][info][gc,phases,start] GC(361) Summary Phase
[253.029s][info][gc,phases      ] GC(361) Summary Phase 0.081ms
[253.029s][info][gc,phases,start] GC(361) Adjust Roots
[253.029s][info][gc,phases      ] GC(361) Adjust Roots 0.224ms
[253.029s][info][gc,phases,start] GC(361) Compaction Phase
[253.586s][info][gc,phases      ] GC(361) Compaction Phase 556.589ms
[253.586s][info][gc,phases,start] GC(361) Post Compact
[253.598s][info][gc,phases      ] GC(361) Post Compact 12.004ms
[253.598s][info][gc,heap        ] GC(361) PSYoungGen: 315941K(601088K)->315941K(601088K) Eden: 112127K(112128K)->112127K(112128K) From: 203813K(488960K)->203813K(488960K)
[253.598s][info][gc,heap        ] GC(361) ParOldGen: 7372799K(7372800K)->7372799K(7372800K)
[253.598s][info][gc,metaspace   ] GC(361) Metaspace: 6298K(6464K)->6298K(6464K) NonClass: 5764K(5824K)->5764K(5824K) Class: 533K(640K)->533K(640K)
[253.598s][info][gc             ] GC(361) Pause Full (Ergonomics) 7508M->7508M(7787M) 2313.521ms
[253.598s][info][gc,cpu         ] GC(361) User=17.17s Sys=0.00s Real=2.31s
[253.598s][info][gc,start       ] GC(362) Pause Full (Allocation Failure)
[253.598s][info][gc,phases,start] GC(362) Marking Phase
[255.372s][info][gc,phases      ] GC(362) Marking Phase 1773.991ms
[255.372s][info][gc,phases,start] GC(362) Summary Phase
[255.372s][info][gc,phases      ] GC(362) Summary Phase 0.078ms
[255.372s][info][gc,phases,start] GC(362) Adjust Roots
[255.373s][info][gc,phases      ] GC(362) Adjust Roots 0.376ms
[255.373s][info][gc,phases,start] GC(362) Compaction Phase
[257.262s][info][gc,phases      ] GC(362) Compaction Phase 1889.400ms
[257.262s][info][gc,phases,start] GC(362) Post Compact
[257.274s][info][gc,phases      ] GC(362) Post Compact 12.103ms
[257.274s][info][gc,heap        ] GC(362) PSYoungGen: 315941K(601088K)->315941K(601088K) Eden: 112127K(112128K)->112127K(112128K) From: 203813K(488960K)->203813K(488960K)
[257.274s][info][gc,heap        ] GC(362) ParOldGen: 7372799K(7372800K)->7372795K(7372800K)
[257.274s][info][gc,metaspace   ] GC(362) Metaspace: 6298K(6464K)->6296K(6464K) NonClass: 5764K(5824K)->5763K(5824K) Class: 533K(640K)->532K(640K)
[257.274s][info][gc             ] GC(362) Pause Full (Allocation Failure) 7508M->7508M(7787M) 3676.311ms
[257.274s][info][gc,cpu         ] GC(362) User=27.58s Sys=0.03s Real=3.68s
[257.275s][info][gc,start       ] GC(363) Pause Full (Ergonomics)
[257.275s][info][gc,phases,start] GC(363) Marking Phase
[259.013s][info][gc,phases      ] GC(363) Marking Phase 1737.856ms
[259.013s][info][gc,phases,start] GC(363) Summary Phase
[259.013s][info][gc,phases      ] GC(363) Summary Phase 0.077ms
[259.013s][info][gc,phases,start] GC(363) Adjust Roots
[259.013s][info][gc,phases      ] GC(363) Adjust Roots 0.161ms
[259.013s][info][gc,phases,start] GC(363) Compaction Phase
[259.565s][info][gc,phases      ] GC(363) Compaction Phase 551.836ms
[259.565s][info][gc,phases,start] GC(363) Post Compact
[259.577s][info][gc,phases      ] GC(363) Post Compact 11.894ms
[259.577s][info][gc,heap        ] GC(363) PSYoungGen: 315941K(601088K)->315941K(601088K) Eden: 112127K(112128K)->112127K(112128K) From: 203813K(488960K)->203813K(488960K)
[259.577s][info][gc,heap        ] GC(363) ParOldGen: 7372799K(7372800K)->7372799K(7372800K)
[259.577s][info][gc,metaspace   ] GC(363) Metaspace: 6296K(6464K)->6296K(6464K) NonClass: 5763K(5824K)->5763K(5824K) Class: 532K(640K)->532K(640K)
[259.577s][info][gc             ] GC(363) Pause Full (Ergonomics) 7508M->7508M(7787M) 2302.199ms
[259.577s][info][gc,cpu         ] GC(363) User=17.06s Sys=0.00s Real=2.30s
[259.577s][info][gc,start       ] GC(364) Pause Full (Allocation Failure)
[259.577s][info][gc,phases,start] GC(364) Marking Phase
[261.327s][info][gc,phases      ] GC(364) Marking Phase 1750.215ms
[261.327s][info][gc,phases,start] GC(364) Summary Phase
[261.328s][info][gc,phases      ] GC(364) Summary Phase 0.081ms
[261.328s][info][gc,phases,start] GC(364) Adjust Roots
[261.328s][info][gc,phases      ] GC(364) Adjust Roots 0.231ms
[261.328s][info][gc,phases,start] GC(364) Compaction Phase
[261.887s][info][gc,phases      ] GC(364) Compaction Phase 558.969ms
[261.887s][info][gc,phases,start] GC(364) Post Compact
[261.899s][info][gc,phases      ] GC(364) Post Compact 11.909ms
[261.899s][info][gc,heap        ] GC(364) PSYoungGen: 315941K(601088K)->315941K(601088K) Eden: 112127K(112128K)->112127K(112128K) From: 203813K(488960K)->203813K(488960K)
[261.899s][info][gc,heap        ] GC(364) ParOldGen: 7372799K(7372800K)->7372799K(7372800K)
[261.899s][info][gc,metaspace   ] GC(364) Metaspace: 6296K(6464K)->6296K(6464K) NonClass: 5763K(5824K)->5763K(5824K) Class: 532K(640K)->532K(640K)
[261.899s][info][gc             ] GC(364) Pause Full (Allocation Failure) 7508M->7508M(7787M) 2321.751ms
[261.899s][info][gc,cpu         ] GC(364) User=17.34s Sys=0.00s Real=2.32s
[261.899s][info][gc,start       ] GC(365) Pause Full (Ergonomics)
[261.899s][info][gc,phases,start] GC(365) Marking Phase
[263.644s][info][gc,phases      ] GC(365) Marking Phase 1744.164ms
[263.644s][info][gc,phases,start] GC(365) Summary Phase
[263.644s][info][gc,phases      ] GC(365) Summary Phase 0.081ms
[263.644s][info][gc,phases,start] GC(365) Adjust Roots
[263.644s][info][gc,phases      ] GC(365) Adjust Roots 0.247ms
[263.644s][info][gc,phases,start] GC(365) Compaction Phase
[265.566s][info][gc,phases      ] GC(365) Compaction Phase 1922.112ms
[265.566s][info][gc,phases,start] GC(365) Post Compact
[265.578s][info][gc,phases      ] GC(365) Post Compact 11.962ms
[265.578s][info][gc,heap        ] GC(365) PSYoungGen: 315941K(601088K)->315941K(601088K) Eden: 112127K(112128K)->112127K(112128K) From: 203813K(488960K)->203813K(488960K)
[265.578s][info][gc,heap        ] GC(365) ParOldGen: 7372799K(7372800K)->7372798K(7372800K)
[265.578s][info][gc,metaspace   ] GC(365) Metaspace: 6296K(6464K)->6296K(6464K) NonClass: 5763K(5824K)->5763K(5824K) Class: 532K(640K)->532K(640K)
[265.578s][info][gc             ] GC(365) Pause Full (Ergonomics) 7508M->7508M(7787M) 3678.925ms
[265.578s][info][gc,cpu         ] GC(365) User=27.33s Sys=0.00s Real=3.68s
[265.579s][info][gc,start       ] GC(366) Pause Full (Ergonomics)
[265.579s][info][gc,phases,start] GC(366) Marking Phase
[267.333s][info][gc,phases      ] GC(366) Marking Phase 1754.298ms
[267.333s][info][gc,phases,start] GC(366) Summary Phase
[267.333s][info][gc,phases      ] GC(366) Summary Phase 0.078ms
[267.333s][info][gc,phases,start] GC(366) Adjust Roots
[267.333s][info][gc,phases      ] GC(366) Adjust Roots 0.162ms
[267.333s][info][gc,phases,start] GC(366) Compaction Phase
[267.897s][info][gc,phases      ] GC(366) Compaction Phase 563.866ms
[267.897s][info][gc,phases,start] GC(366) Post Compact
[267.910s][info][gc,phases      ] GC(366) Post Compact 12.602ms
[267.910s][info][gc,heap        ] GC(366) PSYoungGen: 315941K(601088K)->315941K(601088K) Eden: 112127K(112128K)->112127K(112128K) From: 203813K(488960K)->203813K(488960K)
[267.910s][info][gc,heap        ] GC(366) ParOldGen: 7372798K(7372800K)->7372798K(7372800K)
[267.910s][info][gc,metaspace   ] GC(366) Metaspace: 6296K(6464K)->6296K(6464K) NonClass: 5763K(5824K)->5763K(5824K) Class: 532K(640K)->532K(640K)
[267.910s][info][gc             ] GC(366) Pause Full (Ergonomics) 7508M->7508M(7787M) 2331.377ms
[267.910s][info][gc,cpu         ] GC(366) User=17.27s Sys=0.00s Real=2.33s
[267.911s][info][gc,start       ] GC(367) Pause Full (Ergonomics)
[267.911s][info][gc,phases,start] GC(367) Marking Phase
[269.667s][info][gc,phases      ] GC(367) Marking Phase 1755.504ms
[269.667s][info][gc,phases,start] GC(367) Summary Phase
[269.667s][info][gc,phases      ] GC(367) Summary Phase 0.079ms
[269.667s][info][gc,phases,start] GC(367) Adjust Roots
[269.667s][info][gc,phases      ] GC(367) Adjust Roots 0.247ms
[269.667s][info][gc,phases,start] GC(367) Compaction Phase
[271.590s][info][gc,phases      ] GC(367) Compaction Phase 1922.802ms
[271.590s][info][gc,phases,start] GC(367) Post Compact
[271.603s][info][gc,phases      ] GC(367) Post Compact 13.161ms
[271.603s][info][gc,heap        ] GC(367) PSYoungGen: 315941K(601088K)->315941K(601088K) Eden: 112127K(112128K)->112127K(112128K) From: 203813K(488960K)->203813K(488960K)
[271.603s][info][gc,heap        ] GC(367) ParOldGen: 7372799K(7372800K)->7372797K(7372800K)
[271.603s][info][gc,metaspace   ] GC(367) Metaspace: 6298K(6464K)->6298K(6464K) NonClass: 5764K(5824K)->5764K(5824K) Class: 533K(640K)->533K(640K)
[271.603s][info][gc             ] GC(367) Pause Full (Ergonomics) 7508M->7508M(7787M) 3692.153ms
[271.603s][info][gc,cpu         ] GC(367) User=27.50s Sys=0.02s Real=3.69s
[271.604s][info][gc,heap,exit   ] Heap
[271.604s][info][gc,heap,exit   ]  PSYoungGen      total 601088K, used 315941K [0x000000071f000000, 0x0000000764d80000, 0x0000000800000000)
[271.604s][info][gc,heap,exit   ]   eden space 112128K, 99% used [0x000000071f000000,0x0000000725d7fff8,0x0000000725d80000)
[271.604s][info][gc,heap,exit   ]   from space 488960K, 41% used [0x0000000745580000,0x0000000751c89498,0x0000000763300000)
[271.604s][info][gc,heap,exit   ]   to   space 508928K, 0% used [0x0000000725d80000,0x0000000725d80000,0x0000000744e80000)
[271.604s][info][gc,heap,exit   ]  ParOldGen       total 7372800K, used 7372797K [0x000000055d000000, 0x000000071f000000, 0x000000071f000000)
[271.604s][info][gc,heap,exit   ]   object space 7372800K, 99% used [0x000000055d000000,0x000000071efff7a8,0x000000071f000000)
[271.604s][info][gc,heap,exit   ]  Metaspace       used 6301K, committed 6464K, reserved 1114112K
[271.604s][info][gc,heap,exit   ]   class space    used 534K, committed 640K, reserved 1048576K
