[0.014s][info][gc,init] CardTable entry size: 512
[0.014s][info][gc     ] Using Parallel
[0.015s][info][gc,init] Version: 18.0.1+10 (release)
[0.015s][info][gc,init] CPUs: 8 total, 8 available
[0.015s][info][gc,init] Memory: 16063M
[0.016s][info][gc,init] Large Page Support: Disabled
[0.016s][info][gc,init] NUMA Support: Disabled
[0.016s][info][gc,init] Compressed Oops: Enabled (Zero based)
[0.016s][info][gc,init] Alignments: Space 512K, Generation 512K, Heap 2M
[0.016s][info][gc,init] Heap Min Capacity: 2M
[0.016s][info][gc,init] Heap Initial Capacity: 2M
[0.016s][info][gc,init] Heap Max Capacity: 11200M
[0.016s][info][gc,init] Pre-touch: Disabled
[0.016s][info][gc,init] Parallel Workers: 8
[0.016s][info][gc,metaspace] CDS archive(s) not mapped
[0.016s][info][gc,metaspace] Compressed class space mapped at: 0x0000000800000000-0x0000000840000000, reserved size: 1073741824
[0.016s][info][gc,metaspace] Narrow klass base: 0x0000000800000000, Narrow klass shift: 0, Narrow klass range: 0x40000000
[0.120s][info][gc,start    ] GC(0) Pause Young (Allocation Failure)
[0.121s][info][gc,heap     ] GC(0) PSYoungGen: 512K(1024K)->480K(1024K) Eden: 512K(512K)->0K(512K) From: 0K(512K)->480K(512K)
[0.121s][info][gc,heap     ] GC(0) ParOldGen: 0K(512K)->8K(512K)
[0.121s][info][gc,metaspace] GC(0) Metaspace: 4229K(4352K)->4229K(4352K) NonClass: 3908K(3968K)->3908K(3968K) Class: 321K(384K)->321K(384K)
[0.121s][info][gc          ] GC(0) Pause Young (Allocation Failure) 0M->0M(1M) 1.525ms
[0.121s][info][gc,cpu      ] GC(0) User=0.00s Sys=0.00s Real=0.00s
[0.184s][info][gc,start    ] GC(1) Pause Young (Allocation Failure)
[0.185s][info][gc,heap     ] GC(1) PSYoungGen: 991K(1024K)->512K(1536K) Eden: 511K(512K)->0K(1024K) From: 480K(512K)->512K(512K)
[0.185s][info][gc,heap     ] GC(1) ParOldGen: 8K(512K)->104K(512K)
[0.185s][info][gc,metaspace] GC(1) Metaspace: 5882K(6016K)->5882K(6016K) NonClass: 5385K(5504K)->5385K(5504K) Class: 496K(512K)->496K(512K)
[0.185s][info][gc          ] GC(1) Pause Young (Allocation Failure) 0M->0M(2M) 0.936ms
[0.185s][info][gc,cpu      ] GC(1) User=0.00s Sys=0.00s Real=0.00s
[0.205s][info][gc,start    ] GC(2) Pause Young (Allocation Failure)
[0.206s][info][gc,heap     ] GC(2) PSYoungGen: 1536K(1536K)->512K(1536K) Eden: 1024K(1024K)->0K(1024K) From: 512K(512K)->512K(512K)
[0.206s][info][gc,heap     ] GC(2) ParOldGen: 104K(512K)->512K(1024K)
[0.206s][info][gc,metaspace] GC(2) Metaspace: 6300K(6464K)->6300K(6464K) NonClass: 5766K(5824K)->5766K(5824K) Class: 533K(640K)->533K(640K)
[0.206s][info][gc          ] GC(2) Pause Young (Allocation Failure) 1M->1M(2M) 1.171ms
[0.206s][info][gc,cpu      ] GC(2) User=0.00s Sys=0.00s Real=0.00s
[0.208s][info][gc,start    ] GC(3) Pause Young (Allocation Failure)
[0.209s][info][gc,heap     ] GC(3) PSYoungGen: 1536K(1536K)->480K(2560K) Eden: 1024K(1024K)->0K(2048K) From: 512K(512K)->480K(512K)
[0.209s][info][gc,heap     ] GC(3) ParOldGen: 512K(1024K)->1072K(1536K)
[0.209s][info][gc,metaspace] GC(3) Metaspace: 6300K(6464K)->6300K(6464K) NonClass: 5766K(5824K)->5766K(5824K) Class: 533K(640K)->533K(640K)
[0.209s][info][gc          ] GC(3) Pause Young (Allocation Failure) 2M->1M(4M) 1.335ms
[0.209s][info][gc,cpu      ] GC(3) User=0.00s Sys=0.00s Real=0.00s
[0.209s][info][gc,start    ] GC(4) Pause Full (Ergonomics)
[0.209s][info][gc,phases,start] GC(4) Marking Phase
[0.211s][info][gc,phases      ] GC(4) Marking Phase 1.159ms
[0.211s][info][gc,phases,start] GC(4) Summary Phase
[0.211s][info][gc,phases      ] GC(4) Summary Phase 0.015ms
[0.211s][info][gc,phases,start] GC(4) Adjust Roots
[0.211s][info][gc,phases      ] GC(4) Adjust Roots 0.388ms
[0.211s][info][gc,phases,start] GC(4) Compaction Phase
[0.214s][info][gc,phases      ] GC(4) Compaction Phase 2.501ms
[0.214s][info][gc,phases,start] GC(4) Post Compact
[0.214s][info][gc,phases      ] GC(4) Post Compact 0.102ms
[0.214s][info][gc,heap        ] GC(4) PSYoungGen: 480K(2560K)->0K(2560K) Eden: 0K(2048K)->0K(2048K) From: 480K(512K)->0K(512K)
[0.214s][info][gc,heap        ] GC(4) ParOldGen: 1072K(1536K)->1496K(3584K)
[0.214s][info][gc,metaspace   ] GC(4) Metaspace: 6300K(6464K)->6300K(6464K) NonClass: 5766K(5824K)->5766K(5824K) Class: 533K(640K)->533K(640K)
[0.214s][info][gc             ] GC(4) Pause Full (Ergonomics) 1M->1M(6M) 4.567ms
[0.214s][info][gc,cpu         ] GC(4) User=0.02s Sys=0.00s Real=0.00s
[0.217s][info][gc,start       ] GC(5) Pause Young (Allocation Failure)
[0.218s][info][gc,heap        ] GC(5) PSYoungGen: 2048K(2560K)->480K(3584K) Eden: 2048K(2048K)->0K(3072K) From: 0K(512K)->480K(512K)
[0.218s][info][gc,heap        ] GC(5) ParOldGen: 1496K(3584K)->2112K(3584K)
[0.218s][info][gc,metaspace   ] GC(5) Metaspace: 6300K(6464K)->6300K(6464K) NonClass: 5766K(5824K)->5766K(5824K) Class: 533K(640K)->533K(640K)
[0.218s][info][gc             ] GC(5) Pause Young (Allocation Failure) 3M->2M(7M) 1.182ms
[0.218s][info][gc,cpu         ] GC(5) User=0.00s Sys=0.00s Real=0.00s
[0.223s][info][gc,start       ] GC(6) Pause Young (Allocation Failure)
[0.225s][info][gc,heap        ] GC(6) PSYoungGen: 3552K(3584K)->1504K(4608K) Eden: 3072K(3072K)->0K(3072K) From: 480K(512K)->1504K(1536K)
[0.225s][info][gc,heap        ] GC(6) ParOldGen: 2112K(3584K)->2680K(3584K)
[0.226s][info][gc,metaspace   ] GC(6) Metaspace: 6300K(6464K)->6300K(6464K) NonClass: 5766K(5824K)->5766K(5824K) Class: 533K(640K)->533K(640K)
[0.226s][info][gc             ] GC(6) Pause Young (Allocation Failure) 5M->4M(8M) 2.094ms
[0.226s][info][gc,cpu         ] GC(6) User=0.00s Sys=0.00s Real=0.00s
[0.231s][info][gc,start       ] GC(7) Pause Young (Allocation Failure)
[0.234s][info][gc,heap        ] GC(7) PSYoungGen: 4576K(4608K)->2016K(7168K) Eden: 3072K(3072K)->0K(5120K) From: 1504K(1536K)->2016K(2048K)
[0.234s][info][gc,heap        ] GC(7) ParOldGen: 2680K(3584K)->3776K(4096K)
[0.234s][info][gc,metaspace   ] GC(7) Metaspace: 6300K(6464K)->6300K(6464K) NonClass: 5766K(5824K)->5766K(5824K) Class: 533K(640K)->533K(640K)
[0.234s][info][gc             ] GC(7) Pause Young (Allocation Failure) 7M->5M(11M) 3.091ms
[0.234s][info][gc,cpu         ] GC(7) User=0.00s Sys=0.00s Real=0.00s
[0.234s][info][gc,start       ] GC(8) Pause Full (Ergonomics)
[0.234s][info][gc,phases,start] GC(8) Marking Phase
[0.237s][info][gc,phases      ] GC(8) Marking Phase 2.754ms
[0.237s][info][gc,phases,start] GC(8) Summary Phase
[0.237s][info][gc,phases      ] GC(8) Summary Phase 0.016ms
[0.237s][info][gc,phases,start] GC(8) Adjust Roots
[0.237s][info][gc,phases      ] GC(8) Adjust Roots 0.312ms
[0.237s][info][gc,phases,start] GC(8) Compaction Phase
[0.240s][info][gc,phases      ] GC(8) Compaction Phase 2.911ms
[0.240s][info][gc,phases,start] GC(8) Post Compact
[0.240s][info][gc,phases      ] GC(8) Post Compact 0.037ms
[0.241s][info][gc,heap        ] GC(8) PSYoungGen: 2016K(7168K)->2012K(7168K) Eden: 0K(5120K)->0K(5120K) From: 2016K(2048K)->2012K(2048K)
[0.241s][info][gc,heap        ] GC(8) ParOldGen: 3776K(4096K)->3682K(6656K)
[0.241s][info][gc,metaspace   ] GC(8) Metaspace: 6300K(6464K)->6300K(6464K) NonClass: 5766K(5824K)->5766K(5824K) Class: 533K(640K)->533K(640K)
[0.241s][info][gc             ] GC(8) Pause Full (Ergonomics) 5M->5M(13M) 6.339ms
[0.241s][info][gc,cpu         ] GC(8) User=0.00s Sys=0.00s Real=0.01s
[0.248s][info][gc,start       ] GC(9) Pause Young (Allocation Failure)
[0.252s][info][gc,heap        ] GC(9) PSYoungGen: 7132K(7168K)->3040K(8192K) Eden: 5120K(5120K)->0K(5120K) From: 2012K(2048K)->3040K(3072K)
[0.252s][info][gc,heap        ] GC(9) ParOldGen: 3682K(6656K)->5322K(6656K)
[0.252s][info][gc,metaspace   ] GC(9) Metaspace: 6300K(6464K)->6300K(6464K) NonClass: 5766K(5824K)->5766K(5824K) Class: 533K(640K)->533K(640K)
[0.252s][info][gc             ] GC(9) Pause Young (Allocation Failure) 10M->8M(14M) 3.898ms
[0.252s][info][gc,cpu         ] GC(9) User=0.00s Sys=0.00s Real=0.00s
[0.252s][info][gc,start       ] GC(10) Pause Full (Ergonomics)
[0.252s][info][gc,phases,start] GC(10) Marking Phase
[0.256s][info][gc,phases      ] GC(10) Marking Phase 4.062ms
[0.256s][info][gc,phases,start] GC(10) Summary Phase
[0.256s][info][gc,phases      ] GC(10) Summary Phase 0.018ms
[0.256s][info][gc,phases,start] GC(10) Adjust Roots
[0.257s][info][gc,phases      ] GC(10) Adjust Roots 0.205ms
[0.257s][info][gc,phases,start] GC(10) Compaction Phase
[0.259s][info][gc,phases      ] GC(10) Compaction Phase 2.702ms
[0.259s][info][gc,phases,start] GC(10) Post Compact
[0.259s][info][gc,phases      ] GC(10) Post Compact 0.065ms
[0.260s][info][gc,heap        ] GC(10) PSYoungGen: 3040K(8192K)->2012K(8192K) Eden: 0K(5120K)->0K(5120K) From: 3040K(3072K)->2012K(3072K)
[0.260s][info][gc,heap        ] GC(10) ParOldGen: 5322K(6656K)->6318K(10752K)
[0.260s][info][gc,metaspace   ] GC(10) Metaspace: 6300K(6464K)->6300K(6464K) NonClass: 5766K(5824K)->5766K(5824K) Class: 533K(640K)->533K(640K)
[0.260s][info][gc             ] GC(10) Pause Full (Ergonomics) 8M->8M(18M) 7.458ms
[0.260s][info][gc,cpu         ] GC(10) User=0.00s Sys=0.00s Real=0.01s
[0.266s][info][gc,start       ] GC(11) Pause Young (Allocation Failure)
[0.270s][info][gc,heap        ] GC(11) PSYoungGen: 7132K(8192K)->4192K(10752K) Eden: 5120K(5120K)->0K(6144K) From: 2012K(3072K)->4192K(4608K)
[0.270s][info][gc,heap        ] GC(11) ParOldGen: 6318K(10752K)->6814K(10752K)
[0.270s][info][gc,metaspace   ] GC(11) Metaspace: 6300K(6464K)->6300K(6464K) NonClass: 5766K(5824K)->5766K(5824K) Class: 533K(640K)->533K(640K)
[0.270s][info][gc             ] GC(11) Pause Young (Allocation Failure) 13M->10M(21M) 4.202ms
[0.270s][info][gc,cpu         ] GC(11) User=0.00s Sys=0.00s Real=0.00s
[0.276s][info][gc,start       ] GC(12) Pause Young (Allocation Failure)
[0.282s][info][gc,heap        ] GC(12) PSYoungGen: 10336K(10752K)->5088K(11264K) Eden: 6144K(6144K)->0K(6144K) From: 4192K(4608K)->5088K(5120K)
[0.282s][info][gc,heap        ] GC(12) ParOldGen: 6814K(10752K)->9366K(10752K)
[0.282s][info][gc,metaspace   ] GC(12) Metaspace: 6300K(6464K)->6300K(6464K) NonClass: 5766K(5824K)->5766K(5824K) Class: 533K(640K)->533K(640K)
[0.282s][info][gc             ] GC(12) Pause Young (Allocation Failure) 16M->14M(21M) 5.621ms
[0.282s][info][gc,cpu         ] GC(12) User=0.00s Sys=0.00s Real=0.01s
[0.282s][info][gc,start       ] GC(13) Pause Full (Ergonomics)
[0.282s][info][gc,phases,start] GC(13) Marking Phase
[0.289s][info][gc,phases      ] GC(13) Marking Phase 7.298ms
[0.289s][info][gc,phases,start] GC(13) Summary Phase
[0.289s][info][gc,phases      ] GC(13) Summary Phase 0.029ms
[0.289s][info][gc,phases,start] GC(13) Adjust Roots
[0.289s][info][gc,phases      ] GC(13) Adjust Roots 0.212ms
[0.289s][info][gc,phases,start] GC(13) Compaction Phase
[0.295s][info][gc,phases      ] GC(13) Compaction Phase 5.400ms
[0.295s][info][gc,phases,start] GC(13) Post Compact
[0.295s][info][gc,phases      ] GC(13) Post Compact 0.065ms
[0.295s][info][gc,heap        ] GC(13) PSYoungGen: 5088K(11264K)->3545K(11264K) Eden: 0K(6144K)->0K(6144K) From: 5088K(5120K)->3545K(5120K)
[0.295s][info][gc,heap        ] GC(13) ParOldGen: 9366K(10752K)->10586K(16384K)
[0.295s][info][gc,metaspace   ] GC(13) Metaspace: 6300K(6464K)->6300K(6464K) NonClass: 5766K(5824K)->5766K(5824K) Class: 533K(640K)->533K(640K)
[0.295s][info][gc             ] GC(13) Pause Full (Ergonomics) 14M->13M(27M) 13.311ms
[0.295s][info][gc,cpu         ] GC(13) User=0.02s Sys=0.00s Real=0.01s
[0.300s][info][gc,start       ] GC(14) Pause Young (Allocation Failure)
[0.306s][info][gc,heap        ] GC(14) PSYoungGen: 9689K(11264K)->4640K(15872K) Eden: 6144K(6144K)->0K(8704K) From: 3545K(5120K)->4640K(7168K)
[0.306s][info][gc,heap        ] GC(14) ParOldGen: 10586K(16384K)->12714K(16384K)
[0.306s][info][gc,metaspace   ] GC(14) Metaspace: 6302K(6464K)->6302K(6464K) NonClass: 5768K(5824K)->5768K(5824K) Class: 533K(640K)->533K(640K)
[0.306s][info][gc             ] GC(14) Pause Young (Allocation Failure) 19M->16M(31M) 6.423ms
[0.306s][info][gc,cpu         ] GC(14) User=0.00s Sys=0.00s Real=0.01s
[0.311s][info][gc,start       ] GC(15) Pause Young (Allocation Failure)
[0.317s][info][gc,heap        ] GC(15) PSYoungGen: 13344K(15872K)->7168K(15872K) Eden: 8704K(8704K)->0K(8704K) From: 4640K(7168K)->7168K(7168K)
[0.318s][info][gc,heap        ] GC(15) ParOldGen: 12714K(16384K)->14690K(16384K)
[0.318s][info][gc,metaspace   ] GC(15) Metaspace: 6302K(6464K)->6302K(6464K) NonClass: 5768K(5824K)->5768K(5824K) Class: 533K(640K)->533K(640K)
[0.318s][info][gc             ] GC(15) Pause Young (Allocation Failure) 25M->21M(31M) 6.354ms
[0.318s][info][gc,cpu         ] GC(15) User=0.00s Sys=0.00s Real=0.01s
[0.318s][info][gc,start       ] GC(16) Pause Full (Ergonomics)
[0.318s][info][gc,phases,start] GC(16) Marking Phase
[0.327s][info][gc,phases      ] GC(16) Marking Phase 9.220ms
[0.327s][info][gc,phases,start] GC(16) Summary Phase
[0.327s][info][gc,phases      ] GC(16) Summary Phase 0.015ms
[0.327s][info][gc,phases,start] GC(16) Adjust Roots
[0.327s][info][gc,phases      ] GC(16) Adjust Roots 0.215ms
[0.327s][info][gc,phases,start] GC(16) Compaction Phase
[0.335s][info][gc,phases      ] GC(16) Compaction Phase 7.658ms
[0.335s][info][gc,phases,start] GC(16) Post Compact
[0.335s][info][gc,phases      ] GC(16) Post Compact 0.119ms
[0.335s][info][gc,heap        ] GC(16) PSYoungGen: 7168K(15872K)->5621K(15872K) Eden: 0K(8704K)->0K(8704K) From: 7168K(7168K)->5621K(7168K)
[0.335s][info][gc,heap        ] GC(16) ParOldGen: 14690K(16384K)->16144K(23552K)
[0.335s][info][gc,metaspace   ] GC(16) Metaspace: 6302K(6464K)->6302K(6464K) NonClass: 5768K(5824K)->5768K(5824K) Class: 533K(640K)->533K(640K)
[0.335s][info][gc             ] GC(16) Pause Full (Ergonomics) 21M->21M(38M) 17.585ms
[0.335s][info][gc,cpu         ] GC(16) User=0.02s Sys=0.00s Real=0.02s
[0.343s][info][gc,start       ] GC(17) Pause Young (Allocation Failure)
[0.352s][info][gc,heap        ] GC(17) PSYoungGen: 14325K(15872K)->5024K(20992K) Eden: 8704K(8704K)->0K(11776K) From: 5621K(7168K)->5024K(9216K)
[0.352s][info][gc,heap        ] GC(17) ParOldGen: 16144K(23552K)->21864K(23552K)
[0.352s][info][gc,metaspace   ] GC(17) Metaspace: 6302K(6464K)->6302K(6464K) NonClass: 5768K(5824K)->5768K(5824K) Class: 533K(640K)->533K(640K)
[0.352s][info][gc             ] GC(17) Pause Young (Allocation Failure) 29M->26M(43M) 9.208ms
[0.352s][info][gc,cpu         ] GC(17) User=0.00s Sys=0.00s Real=0.01s
[0.352s][info][gc,start       ] GC(18) Pause Full (Ergonomics)
[0.352s][info][gc,phases,start] GC(18) Marking Phase
[0.363s][info][gc,phases      ] GC(18) Marking Phase 10.678ms
[0.363s][info][gc,phases,start] GC(18) Summary Phase
[0.363s][info][gc,phases      ] GC(18) Summary Phase 0.019ms
[0.363s][info][gc,phases,start] GC(18) Adjust Roots
[0.363s][info][gc,phases      ] GC(18) Adjust Roots 0.181ms
[0.363s][info][gc,phases,start] GC(18) Compaction Phase
[0.374s][info][gc,phases      ] GC(18) Compaction Phase 10.674ms
[0.374s][info][gc,phases,start] GC(18) Post Compact
[0.374s][info][gc,phases      ] GC(18) Post Compact 0.114ms
[0.374s][info][gc,heap        ] GC(18) PSYoungGen: 5024K(20992K)->2945K(20992K) Eden: 0K(11776K)->0K(11776K) From: 5024K(9216K)->2945K(9216K)
[0.374s][info][gc,heap        ] GC(18) ParOldGen: 21864K(23552K)->23299K(33792K)
[0.374s][info][gc,metaspace   ] GC(18) Metaspace: 6302K(6464K)->6302K(6464K) NonClass: 5768K(5824K)->5768K(5824K) Class: 533K(640K)->533K(640K)
[0.374s][info][gc             ] GC(18) Pause Full (Ergonomics) 26M->25M(53M) 21.988ms
[0.374s][info][gc,cpu         ] GC(18) User=0.02s Sys=0.00s Real=0.02s
[0.381s][info][gc,start       ] GC(19) Pause Young (Allocation Failure)
[0.389s][info][gc,heap        ] GC(19) PSYoungGen: 14721K(20992K)->6144K(20992K) Eden: 11776K(11776K)->0K(11776K) From: 2945K(9216K)->6144K(9216K)
[0.389s][info][gc,heap        ] GC(19) ParOldGen: 23299K(33792K)->26299K(33792K)
[0.389s][info][gc,metaspace   ] GC(19) Metaspace: 6302K(6464K)->6302K(6464K) NonClass: 5768K(5824K)->5768K(5824K) Class: 533K(640K)->533K(640K)
[0.389s][info][gc             ] GC(19) Pause Young (Allocation Failure) 37M->31M(53M) 8.050ms
[0.389s][info][gc,cpu         ] GC(19) User=0.00s Sys=0.00s Real=0.01s
[0.400s][info][gc,start       ] GC(20) Pause Young (Allocation Failure)
[0.413s][info][gc,heap        ] GC(20) PSYoungGen: 17920K(20992K)->9728K(20480K) Eden: 11776K(11776K)->0K(10752K) From: 6144K(9216K)->9728K(9728K)
[0.413s][info][gc,heap        ] GC(20) ParOldGen: 26299K(33792K)->33851K(34304K)
[0.413s][info][gc,metaspace   ] GC(20) Metaspace: 6302K(6464K)->6302K(6464K) NonClass: 5768K(5824K)->5768K(5824K) Class: 533K(640K)->533K(640K)
[0.413s][info][gc             ] GC(20) Pause Young (Allocation Failure) 43M->42M(53M) 13.312ms
[0.413s][info][gc,cpu         ] GC(20) User=0.00s Sys=0.00s Real=0.01s
[0.413s][info][gc,start       ] GC(21) Pause Full (Ergonomics)
[0.413s][info][gc,phases,start] GC(21) Marking Phase
[0.430s][info][gc,phases      ] GC(21) Marking Phase 16.956ms
[0.430s][info][gc,phases,start] GC(21) Summary Phase
[0.430s][info][gc,phases      ] GC(21) Summary Phase 0.019ms
[0.430s][info][gc,phases,start] GC(21) Adjust Roots
[0.430s][info][gc,phases      ] GC(21) Adjust Roots 0.160ms
[0.431s][info][gc,phases,start] GC(21) Compaction Phase
[0.444s][info][gc,phases      ] GC(21) Compaction Phase 13.397ms
[0.444s][info][gc,phases,start] GC(21) Post Compact
[0.444s][info][gc,phases      ] GC(21) Post Compact 0.251ms
[0.444s][info][gc,heap        ] GC(21) PSYoungGen: 9728K(20480K)->9197K(20480K) Eden: 0K(10752K)->0K(10752K) From: 9728K(9728K)->9197K(9728K)
[0.444s][info][gc,heap        ] GC(21) ParOldGen: 33851K(34304K)->34183K(48640K)
[0.444s][info][gc,metaspace   ] GC(21) Metaspace: 6302K(6464K)->6302K(6464K) NonClass: 5768K(5824K)->5768K(5824K) Class: 533K(640K)->533K(640K)
[0.444s][info][gc             ] GC(21) Pause Full (Ergonomics) 42M->42M(67M) 31.177ms
[0.444s][info][gc,cpu         ] GC(21) User=0.03s Sys=0.00s Real=0.03s
[0.458s][info][gc,start       ] GC(22) Pause Young (Allocation Failure)
[0.473s][info][gc,heap        ] GC(22) PSYoungGen: 19949K(20480K)->10784K(25088K) Eden: 10752K(10752K)->0K(10752K) From: 9197K(9728K)->10784K(14336K)
[0.473s][info][gc,heap        ] GC(22) ParOldGen: 34183K(48640K)->43535K(48640K)
[0.473s][info][gc,metaspace   ] GC(22) Metaspace: 6302K(6464K)->6302K(6464K) NonClass: 5768K(5824K)->5768K(5824K) Class: 533K(640K)->533K(640K)
[0.473s][info][gc             ] GC(22) Pause Young (Allocation Failure) 52M->53M(72M) 15.322ms
[0.473s][info][gc,cpu         ] GC(22) User=0.00s Sys=0.00s Real=0.01s
[0.473s][info][gc,start       ] GC(23) Pause Full (Ergonomics)
[0.473s][info][gc,phases,start] GC(23) Marking Phase
[0.493s][info][gc,phases      ] GC(23) Marking Phase 20.329ms
[0.494s][info][gc,phases,start] GC(23) Summary Phase
[0.494s][info][gc,phases      ] GC(23) Summary Phase 0.020ms
[0.494s][info][gc,phases,start] GC(23) Adjust Roots
[0.494s][info][gc,phases      ] GC(23) Adjust Roots 0.183ms
[0.494s][info][gc,phases,start] GC(23) Compaction Phase
[0.510s][info][gc,phases      ] GC(23) Compaction Phase 16.297ms
[0.510s][info][gc,phases,start] GC(23) Post Compact
[0.510s][info][gc,phases      ] GC(23) Post Compact 0.189ms
[0.510s][info][gc,heap        ] GC(23) PSYoungGen: 10784K(25088K)->4591K(25088K) Eden: 0K(10752K)->0K(10752K) From: 10784K(14336K)->4591K(14336K)
[0.511s][info][gc,heap        ] GC(23) ParOldGen: 43535K(48640K)->48493K(66560K)
[0.511s][info][gc,metaspace   ] GC(23) Metaspace: 6302K(6464K)->6302K(6464K) NonClass: 5768K(5824K)->5768K(5824K) Class: 533K(640K)->533K(640K)
[0.511s][info][gc             ] GC(23) Pause Full (Ergonomics) 53M->51M(89M) 37.435ms
[0.511s][info][gc,cpu         ] GC(23) User=0.05s Sys=0.00s Real=0.04s
[0.521s][info][gc,start       ] GC(24) Pause Young (Allocation Failure)
[0.536s][info][gc,heap        ] GC(24) PSYoungGen: 15343K(25088K)->15360K(25600K) Eden: 10752K(10752K)->0K(10240K) From: 4591K(14336K)->15360K(15360K)
[0.536s][info][gc,heap        ] GC(24) ParOldGen: 48493K(66560K)->48501K(66560K)
[0.536s][info][gc,metaspace   ] GC(24) Metaspace: 6302K(6464K)->6302K(6464K) NonClass: 5768K(5824K)->5768K(5824K) Class: 533K(640K)->533K(640K)
[0.536s][info][gc             ] GC(24) Pause Young (Allocation Failure) 62M->62M(90M) 14.544ms
[0.536s][info][gc,cpu         ] GC(24) User=0.00s Sys=0.00s Real=0.01s
[0.546s][info][gc,start       ] GC(25) Pause Young (Allocation Failure)
[0.564s][info][gc,heap        ] GC(25) PSYoungGen: 25600K(25600K)->10272K(28160K) Eden: 10240K(10240K)->0K(10240K) From: 15360K(15360K)->10272K(17920K)
[0.564s][info][gc,heap        ] GC(25) ParOldGen: 48501K(66560K)->64053K(66560K)
[0.564s][info][gc,metaspace   ] GC(25) Metaspace: 6302K(6464K)->6302K(6464K) NonClass: 5768K(5824K)->5768K(5824K) Class: 533K(640K)->533K(640K)
[0.564s][info][gc             ] GC(25) Pause Young (Allocation Failure) 72M->72M(92M) 18.498ms
[0.564s][info][gc,cpu         ] GC(25) User=0.03s Sys=0.00s Real=0.02s
[0.564s][info][gc,start       ] GC(26) Pause Full (Ergonomics)
[0.564s][info][gc,phases,start] GC(26) Marking Phase
[0.593s][info][gc,phases      ] GC(26) Marking Phase 28.721ms
[0.593s][info][gc,phases,start] GC(26) Summary Phase
[0.593s][info][gc,phases      ] GC(26) Summary Phase 0.020ms
[0.593s][info][gc,phases,start] GC(26) Adjust Roots
[0.593s][info][gc,phases      ] GC(26) Adjust Roots 0.183ms
[0.593s][info][gc,phases,start] GC(26) Compaction Phase
[0.612s][info][gc,phases      ] GC(26) Compaction Phase 18.162ms
[0.612s][info][gc,phases,start] GC(26) Post Compact
[0.612s][info][gc,phases      ] GC(26) Post Compact 0.354ms
[0.612s][info][gc,heap        ] GC(26) PSYoungGen: 10272K(28160K)->7654K(28160K) Eden: 0K(10240K)->0K(10240K) From: 10272K(17920K)->7654K(17920K)
[0.612s][info][gc,heap        ] GC(26) ParOldGen: 64053K(66560K)->66356K(90112K)
[0.612s][info][gc,metaspace   ] GC(26) Metaspace: 6302K(6464K)->6302K(6464K) NonClass: 5768K(5824K)->5768K(5824K) Class: 533K(640K)->533K(640K)
[0.612s][info][gc             ] GC(26) Pause Full (Ergonomics) 72M->72M(115M) 47.874ms
[0.612s][info][gc,cpu         ] GC(26) User=0.06s Sys=0.00s Real=0.05s
[0.622s][info][gc,start       ] GC(27) Pause Young (Allocation Failure)
[0.639s][info][gc,heap        ] GC(27) PSYoungGen: 17894K(28160K)->17920K(27136K) Eden: 10240K(10240K)->0K(9216K) From: 7654K(17920K)->17920K(17920K)
[0.639s][info][gc,heap        ] GC(27) ParOldGen: 66356K(90112K)->66356K(90112K)
[0.639s][info][gc,metaspace   ] GC(27) Metaspace: 6302K(6464K)->6302K(6464K) NonClass: 5768K(5824K)->5768K(5824K) Class: 533K(640K)->533K(640K)
[0.639s][info][gc             ] GC(27) Pause Young (Allocation Failure) 82M->82M(114M) 16.634ms
[0.639s][info][gc,cpu         ] GC(27) User=0.02s Sys=0.00s Real=0.02s
[0.657s][info][gc,start       ] GC(28) Pause Young (Allocation Failure)
[0.676s][info][gc,heap        ] GC(28) PSYoungGen: 27136K(27136K)->20960K(30208K) Eden: 9216K(9216K)->0K(9216K) From: 17920K(17920K)->20960K(20992K)
[0.676s][info][gc,heap        ] GC(28) ParOldGen: 66356K(90112K)->72596K(90112K)
[0.676s][info][gc,metaspace   ] GC(28) Metaspace: 6302K(6464K)->6302K(6464K) NonClass: 5768K(5824K)->5768K(5824K) Class: 533K(640K)->533K(640K)
[0.676s][info][gc             ] GC(28) Pause Young (Allocation Failure) 91M->91M(117M) 19.068ms
[0.676s][info][gc,cpu         ] GC(28) User=0.02s Sys=0.00s Real=0.02s
[0.684s][info][gc,start       ] GC(29) Pause Young (Allocation Failure)
[0.702s][info][gc,heap        ] GC(29) PSYoungGen: 30176K(30208K)->15936K(37888K) Eden: 9216K(9216K)->0K(10752K) From: 20960K(20992K)->15936K(27136K)
[0.702s][info][gc,heap        ] GC(29) ParOldGen: 72596K(90112K)->87060K(90112K)
[0.702s][info][gc,metaspace   ] GC(29) Metaspace: 6302K(6464K)->6302K(6464K) NonClass: 5768K(5824K)->5768K(5824K) Class: 533K(640K)->533K(640K)
[0.702s][info][gc             ] GC(29) Pause Young (Allocation Failure) 100M->100M(125M) 18.233ms
[0.702s][info][gc,cpu         ] GC(29) User=0.02s Sys=0.02s Real=0.02s
[0.702s][info][gc,start       ] GC(30) Pause Full (Ergonomics)
[0.702s][info][gc,phases,start] GC(30) Marking Phase
[0.731s][info][gc,phases      ] GC(30) Marking Phase 28.236ms
[0.731s][info][gc,phases,start] GC(30) Summary Phase
[0.731s][info][gc,phases      ] GC(30) Summary Phase 0.020ms
[0.731s][info][gc,phases,start] GC(30) Adjust Roots
[0.731s][info][gc,phases      ] GC(30) Adjust Roots 0.161ms
[0.731s][info][gc,phases,start] GC(30) Compaction Phase
[0.756s][info][gc,phases      ] GC(30) Compaction Phase 24.908ms
[0.756s][info][gc,phases,start] GC(30) Post Compact
[0.756s][info][gc,phases      ] GC(30) Post Compact 0.368ms
[0.756s][info][gc,heap        ] GC(30) PSYoungGen: 15936K(37888K)->10765K(37888K) Eden: 0K(10752K)->0K(10752K) From: 15936K(27136K)->10765K(27136K)
[0.756s][info][gc,heap        ] GC(30) ParOldGen: 87060K(90112K)->89788K(117760K)
[0.756s][info][gc,metaspace   ] GC(30) Metaspace: 6302K(6464K)->6302K(6464K) NonClass: 5768K(5824K)->5768K(5824K) Class: 533K(640K)->533K(640K)
[0.756s][info][gc             ] GC(30) Pause Full (Ergonomics) 100M->98M(152M) 54.094ms
[0.756s][info][gc,cpu         ] GC(30) User=0.08s Sys=0.00s Real=0.05s
[0.767s][info][gc,start       ] GC(31) Pause Young (Allocation Failure)
[0.783s][info][gc,heap        ] GC(31) PSYoungGen: 21517K(37888K)->19488K(38400K) Eden: 10752K(10752K)->0K(10752K) From: 10765K(27136K)->19488K(27648K)
[0.783s][info][gc,heap        ] GC(31) ParOldGen: 89788K(117760K)->91940K(117760K)
[0.783s][info][gc,metaspace   ] GC(31) Metaspace: 6302K(6464K)->6302K(6464K) NonClass: 5768K(5824K)->5768K(5824K) Class: 533K(640K)->533K(640K)
[0.783s][info][gc             ] GC(31) Pause Young (Allocation Failure) 108M->108M(152M) 16.024ms
[0.783s][info][gc,cpu         ] GC(31) User=0.02s Sys=0.00s Real=0.02s
[0.793s][info][gc,start       ] GC(32) Pause Young (Allocation Failure)
[0.809s][info][gc,heap        ] GC(32) PSYoungGen: 30240K(38400K)->21504K(40448K) Eden: 10752K(10752K)->0K(11264K) From: 19488K(27648K)->21504K(29184K)
[0.809s][info][gc,heap        ] GC(32) ParOldGen: 91940K(117760K)->100748K(117760K)
[0.809s][info][gc,metaspace   ] GC(32) Metaspace: 6302K(6464K)->6302K(6464K) NonClass: 5768K(5824K)->5768K(5824K) Class: 533K(640K)->533K(640K)
[0.809s][info][gc             ] GC(32) Pause Young (Allocation Failure) 119M->119M(154M) 16.195ms
[0.809s][info][gc,cpu         ] GC(32) User=0.00s Sys=0.00s Real=0.01s
[0.820s][info][gc,start       ] GC(33) Pause Young (Allocation Failure)
[0.839s][info][gc,heap        ] GC(33) PSYoungGen: 32768K(40448K)->22048K(42496K) Eden: 11264K(11264K)->0K(11264K) From: 21504K(29184K)->22048K(31232K)
[0.839s][info][gc,heap        ] GC(33) ParOldGen: 100748K(117760K)->111644K(117760K)
[0.839s][info][gc,metaspace   ] GC(33) Metaspace: 6302K(6464K)->6302K(6464K) NonClass: 5768K(5824K)->5768K(5824K) Class: 533K(640K)->533K(640K)
[0.839s][info][gc             ] GC(33) Pause Young (Allocation Failure) 130M->130M(156M) 19.357ms
[0.839s][info][gc,cpu         ] GC(33) User=0.05s Sys=0.00s Real=0.02s
[0.839s][info][gc,start       ] GC(34) Pause Full (Ergonomics)
[0.839s][info][gc,phases,start] GC(34) Marking Phase
[0.879s][info][gc,phases      ] GC(34) Marking Phase 39.445ms
[0.879s][info][gc,phases,start] GC(34) Summary Phase
[0.879s][info][gc,phases      ] GC(34) Summary Phase 0.016ms
[0.879s][info][gc,phases,start] GC(34) Adjust Roots
[0.879s][info][gc,phases      ] GC(34) Adjust Roots 0.153ms
[0.879s][info][gc,phases,start] GC(34) Compaction Phase
[0.907s][info][gc,phases      ] GC(34) Compaction Phase 28.121ms
[0.907s][info][gc,phases,start] GC(34) Post Compact
[0.908s][info][gc,phases      ] GC(34) Post Compact 0.591ms
[0.908s][info][gc,heap        ] GC(34) PSYoungGen: 22048K(42496K)->15821K(42496K) Eden: 0K(11264K)->0K(11264K) From: 22048K(31232K)->15821K(31232K)
[0.908s][info][gc,heap        ] GC(34) ParOldGen: 111644K(117760K)->117406K(147968K)
[0.908s][info][gc,metaspace   ] GC(34) Metaspace: 6302K(6464K)->6302K(6464K) NonClass: 5768K(5824K)->5768K(5824K) Class: 533K(640K)->533K(640K)
[0.908s][info][gc             ] GC(34) Pause Full (Ergonomics) 130M->130M(186M) 68.977ms
[0.908s][info][gc,cpu         ] GC(34) User=0.12s Sys=0.00s Real=0.07s
[0.919s][info][gc,start       ] GC(35) Pause Young (Allocation Failure)
[0.941s][info][gc,heap        ] GC(35) PSYoungGen: 27085K(42496K)->11360K(43008K) Eden: 11264K(11264K)->0K(13312K) From: 15821K(31232K)->11360K(29696K)
[0.941s][info][gc,heap        ] GC(35) ParOldGen: 117406K(147968K)->133486K(147968K)
[0.941s][info][gc,metaspace   ] GC(35) Metaspace: 6302K(6464K)->6302K(6464K) NonClass: 5768K(5824K)->5768K(5824K) Class: 533K(640K)->533K(640K)
[0.941s][info][gc             ] GC(35) Pause Young (Allocation Failure) 141M->141M(186M) 21.843ms
[0.941s][info][gc,cpu         ] GC(35) User=0.05s Sys=0.00s Real=0.02s
[0.941s][info][gc,start       ] GC(36) Pause Full (Ergonomics)
[0.941s][info][gc,phases,start] GC(36) Marking Phase
[0.984s][info][gc,phases      ] GC(36) Marking Phase 42.522ms
[0.984s][info][gc,phases,start] GC(36) Summary Phase
[0.984s][info][gc,phases      ] GC(36) Summary Phase 0.019ms
[0.984s][info][gc,phases,start] GC(36) Adjust Roots
[0.984s][info][gc,phases      ] GC(36) Adjust Roots 0.146ms
[0.984s][info][gc,phases,start] GC(36) Compaction Phase
[1.002s][info][gc,phases      ] GC(36) Compaction Phase 18.552ms
[1.003s][info][gc,phases,start] GC(36) Post Compact
[1.003s][info][gc,phases      ] GC(36) Post Compact 0.706ms
[1.003s][info][gc,heap        ] GC(36) PSYoungGen: 11360K(43008K)->0K(44544K) Eden: 0K(13312K)->0K(13312K) From: 11360K(29696K)->0K(31232K)
[1.003s][info][gc,heap        ] GC(36) ParOldGen: 133486K(147968K)->144463K(179712K)
[1.003s][info][gc,metaspace   ] GC(36) Metaspace: 6302K(6464K)->6302K(6464K) NonClass: 5768K(5824K)->5768K(5824K) Class: 533K(640K)->533K(640K)
[1.003s][info][gc             ] GC(36) Pause Full (Ergonomics) 141M->141M(219M) 62.373ms
[1.003s][info][gc,cpu         ] GC(36) User=0.17s Sys=0.00s Real=0.06s
[1.017s][info][gc,start       ] GC(37) Pause Young (Allocation Failure)
[1.025s][info][gc,heap        ] GC(37) PSYoungGen: 13312K(44544K)->13376K(43520K) Eden: 13312K(13312K)->0K(15360K) From: 0K(31232K)->13376K(28160K)
[1.025s][info][gc,heap        ] GC(37) ParOldGen: 144463K(179712K)->144463K(179712K)
[1.025s][info][gc,metaspace   ] GC(37) Metaspace: 6302K(6464K)->6302K(6464K) NonClass: 5768K(5824K)->5768K(5824K) Class: 533K(640K)->533K(640K)
[1.025s][info][gc             ] GC(37) Pause Young (Allocation Failure) 154M->154M(218M) 7.932ms
[1.025s][info][gc,cpu         ] GC(37) User=0.00s Sys=0.00s Real=0.01s
[1.040s][info][gc,start       ] GC(38) Pause Young (Allocation Failure)
[1.055s][info][gc,heap        ] GC(38) PSYoungGen: 28736K(43520K)->28736K(45056K) Eden: 15360K(15360K)->0K(15360K) From: 13376K(28160K)->28736K(29696K)
[1.055s][info][gc,heap        ] GC(38) ParOldGen: 144463K(179712K)->144463K(179712K)
[1.055s][info][gc,metaspace   ] GC(38) Metaspace: 6302K(6464K)->6302K(6464K) NonClass: 5768K(5824K)->5768K(5824K) Class: 533K(640K)->533K(640K)
[1.055s][info][gc             ] GC(38) Pause Young (Allocation Failure) 169M->169M(219M) 15.069ms
[1.055s][info][gc,cpu         ] GC(38) User=0.00s Sys=0.00s Real=0.02s
[1.086s][info][gc,start       ] GC(39) Pause Young (Allocation Failure)
[1.116s][info][gc,heap        ] GC(39) PSYoungGen: 44096K(45056K)->33760K(42496K) Eden: 15360K(15360K)->0K(8704K) From: 28736K(29696K)->33760K(33792K)
[1.116s][info][gc,heap        ] GC(39) ParOldGen: 144463K(179712K)->154895K(179712K)
[1.116s][info][gc,metaspace   ] GC(39) Metaspace: 6302K(6464K)->6302K(6464K) NonClass: 5768K(5824K)->5768K(5824K) Class: 533K(640K)->533K(640K)
[1.116s][info][gc             ] GC(39) Pause Young (Allocation Failure) 184M->184M(217M) 30.098ms
[1.116s][info][gc,cpu         ] GC(39) User=0.02s Sys=0.00s Real=0.03s
[1.124s][info][gc,start       ] GC(40) Pause Young (Allocation Failure)
[1.145s][info][gc,heap        ] GC(40) PSYoungGen: 42464K(42496K)->22240K(51200K) Eden: 8704K(8704K)->0K(8704K) From: 33760K(33792K)->22240K(42496K)
[1.145s][info][gc,heap        ] GC(40) ParOldGen: 154895K(179712K)->175455K(179712K)
[1.145s][info][gc,metaspace   ] GC(40) Metaspace: 6302K(6464K)->6302K(6464K) NonClass: 5768K(5824K)->5768K(5824K) Class: 533K(640K)->533K(640K)
[1.145s][info][gc             ] GC(40) Pause Young (Allocation Failure) 192M->193M(225M) 20.477ms
[1.145s][info][gc,cpu         ] GC(40) User=0.02s Sys=0.00s Real=0.02s
[1.145s][info][gc,start       ] GC(41) Pause Full (Ergonomics)
[1.145s][info][gc,phases,start] GC(41) Marking Phase
[1.192s][info][gc,phases      ] GC(41) Marking Phase 47.035ms
[1.192s][info][gc,phases,start] GC(41) Summary Phase
[1.192s][info][gc,phases      ] GC(41) Summary Phase 0.018ms
[1.192s][info][gc,phases,start] GC(41) Adjust Roots
[1.192s][info][gc,phases      ] GC(41) Adjust Roots 0.163ms
[1.192s][info][gc,phases,start] GC(41) Compaction Phase
[1.227s][info][gc,phases      ] GC(41) Compaction Phase 34.701ms
[1.227s][info][gc,phases,start] GC(41) Post Compact
[1.228s][info][gc,phases      ] GC(41) Post Compact 0.852ms
[1.228s][info][gc,heap        ] GC(41) PSYoungGen: 22240K(51200K)->18578K(51200K) Eden: 0K(8704K)->0K(8704K) From: 22240K(42496K)->18578K(42496K)
[1.228s][info][gc,heap        ] GC(41) ParOldGen: 175455K(179712K)->174417K(215552K)
[1.228s][info][gc,metaspace   ] GC(41) Metaspace: 6302K(6464K)->6302K(6464K) NonClass: 5768K(5824K)->5768K(5824K) Class: 533K(640K)->533K(640K)
[1.228s][info][gc             ] GC(41) Pause Full (Ergonomics) 193M->188M(260M) 83.327ms
[1.228s][info][gc,cpu         ] GC(41) User=0.25s Sys=0.00s Real=0.08s
[1.237s][info][gc,start       ] GC(42) Pause Young (Allocation Failure)
[1.261s][info][gc,heap        ] GC(42) PSYoungGen: 27282K(51200K)->15712K(47616K) Eden: 8704K(8704K)->0K(10240K) From: 18578K(42496K)->15712K(37376K)
[1.261s][info][gc,heap        ] GC(42) ParOldGen: 174417K(215552K)->186169K(215552K)
[1.261s][info][gc,metaspace   ] GC(42) Metaspace: 6302K(6464K)->6302K(6464K) NonClass: 5768K(5824K)->5768K(5824K) Class: 533K(640K)->533K(640K)
[1.261s][info][gc             ] GC(42) Pause Young (Allocation Failure) 196M->197M(257M) 24.313ms
[1.261s][info][gc,cpu         ] GC(42) User=0.02s Sys=0.00s Real=0.03s
[1.271s][info][gc,start       ] GC(43) Pause Young (Allocation Failure)
[1.284s][info][gc,heap        ] GC(43) PSYoungGen: 25952K(47616K)->25952K(50176K) Eden: 10240K(10240K)->0K(10240K) From: 15712K(37376K)->25952K(39936K)
[1.284s][info][gc,heap        ] GC(43) ParOldGen: 186169K(215552K)->186169K(215552K)
[1.284s][info][gc,metaspace   ] GC(43) Metaspace: 6302K(6464K)->6302K(6464K) NonClass: 5768K(5824K)->5768K(5824K) Class: 533K(640K)->533K(640K)
[1.284s][info][gc             ] GC(43) Pause Young (Allocation Failure) 207M->207M(259M) 13.337ms
[1.284s][info][gc,cpu         ] GC(43) User=0.02s Sys=0.00s Real=0.01s
[1.295s][info][gc,start       ] GC(44) Pause Young (Allocation Failure)
[1.311s][info][gc,heap        ] GC(44) PSYoungGen: 36192K(50176K)->29216K(50176K) Eden: 10240K(10240K)->0K(9728K) From: 25952K(39936K)->29216K(40448K)
[1.311s][info][gc,heap        ] GC(44) ParOldGen: 186169K(215552K)->193201K(215552K)
[1.311s][info][gc,metaspace   ] GC(44) Metaspace: 6302K(6464K)->6302K(6464K) NonClass: 5768K(5824K)->5768K(5824K) Class: 533K(640K)->533K(640K)
[1.311s][info][gc             ] GC(44) Pause Young (Allocation Failure) 217M->217M(259M) 16.232ms
[1.311s][info][gc,cpu         ] GC(44) User=0.02s Sys=0.00s Real=0.02s
[1.321s][info][gc,start       ] GC(45) Pause Young (Allocation Failure)
[1.339s][info][gc,heap        ] GC(45) PSYoungGen: 38944K(50176K)->30240K(52224K) Eden: 9728K(9728K)->0K(9728K) From: 29216K(40448K)->30240K(42496K)
[1.339s][info][gc,heap        ] GC(45) ParOldGen: 193201K(215552K)->202025K(215552K)
[1.339s][info][gc,metaspace   ] GC(45) Metaspace: 6302K(6464K)->6302K(6464K) NonClass: 5768K(5824K)->5768K(5824K) Class: 533K(640K)->533K(640K)
[1.339s][info][gc             ] GC(45) Pause Young (Allocation Failure) 226M->226M(261M) 18.077ms
[1.339s][info][gc,cpu         ] GC(45) User=0.08s Sys=0.00s Real=0.02s
[1.339s][info][gc,start       ] GC(46) Pause Full (Ergonomics)
[1.339s][info][gc,phases,start] GC(46) Marking Phase
[1.393s][info][gc,phases      ] GC(46) Marking Phase 53.292ms
[1.393s][info][gc,phases,start] GC(46) Summary Phase
[1.393s][info][gc,phases      ] GC(46) Summary Phase 0.022ms
[1.393s][info][gc,phases,start] GC(46) Adjust Roots
[1.393s][info][gc,phases      ] GC(46) Adjust Roots 0.148ms
[1.393s][info][gc,phases,start] GC(46) Compaction Phase
[1.431s][info][gc,phases      ] GC(46) Compaction Phase 37.656ms
[1.431s][info][gc,phases,start] GC(46) Post Compact
[1.432s][info][gc,phases      ] GC(46) Post Compact 1.079ms
[1.432s][info][gc,heap        ] GC(46) PSYoungGen: 30240K(52224K)->16324K(52224K) Eden: 0K(9728K)->0K(9728K) From: 30240K(42496K)->16324K(42496K)
[1.432s][info][gc,heap        ] GC(46) ParOldGen: 202025K(215552K)->215465K(255488K)
[1.432s][info][gc,metaspace   ] GC(46) Metaspace: 6302K(6464K)->6302K(6464K) NonClass: 5768K(5824K)->5768K(5824K) Class: 533K(640K)->533K(640K)
[1.432s][info][gc             ] GC(46) Pause Full (Ergonomics) 226M->226M(300M) 92.744ms
[1.432s][info][gc,cpu         ] GC(46) User=0.31s Sys=0.02s Real=0.09s
[1.444s][info][gc,start       ] GC(47) Pause Young (Allocation Failure)
[1.466s][info][gc,heap        ] GC(47) PSYoungGen: 26052K(52224K)->15072K(52224K) Eden: 9728K(9728K)->0K(11264K) From: 16324K(42496K)->15072K(40960K)
[1.466s][info][gc,heap        ] GC(47) ParOldGen: 215465K(255488K)->226721K(255488K)
[1.466s][info][gc,metaspace   ] GC(47) Metaspace: 6302K(6464K)->6302K(6464K) NonClass: 5768K(5824K)->5768K(5824K) Class: 533K(640K)->533K(640K)
[1.466s][info][gc             ] GC(47) Pause Young (Allocation Failure) 235M->236M(300M) 22.294ms
[1.466s][info][gc,cpu         ] GC(47) User=0.09s Sys=0.02s Real=0.02s
[1.479s][info][gc,start       ] GC(48) Pause Young (Allocation Failure)
[1.492s][info][gc,heap        ] GC(48) PSYoungGen: 26336K(52224K)->21120K(53760K) Eden: 11264K(11264K)->0K(11264K) From: 15072K(40960K)->21120K(42496K)
[1.492s][info][gc,heap        ] GC(48) ParOldGen: 226721K(255488K)->232057K(255488K)
[1.492s][info][gc,metaspace   ] GC(48) Metaspace: 6302K(6464K)->6302K(6464K) NonClass: 5768K(5824K)->5768K(5824K) Class: 533K(640K)->533K(640K)
[1.492s][info][gc             ] GC(48) Pause Young (Allocation Failure) 247M->247M(302M) 13.275ms
[1.492s][info][gc,cpu         ] GC(48) User=0.00s Sys=0.00s Real=0.01s
[1.505s][info][gc,start       ] GC(49) Pause Young (Allocation Failure)
[1.521s][info][gc,heap        ] GC(49) PSYoungGen: 32384K(53760K)->22624K(51712K) Eden: 11264K(11264K)->0K(13312K) From: 21120K(42496K)->22624K(38400K)
[1.521s][info][gc,heap        ] GC(49) ParOldGen: 232057K(255488K)->241937K(255488K)
[1.521s][info][gc,metaspace   ] GC(49) Metaspace: 6302K(6464K)->6302K(6464K) NonClass: 5768K(5824K)->5768K(5824K) Class: 533K(640K)->533K(640K)
[1.521s][info][gc             ] GC(49) Pause Young (Allocation Failure) 258M->258M(300M) 16.009ms
[1.521s][info][gc,cpu         ] GC(49) User=0.02s Sys=0.00s Real=0.02s
[1.521s][info][gc,start       ] GC(50) Pause Full (Ergonomics)
[1.521s][info][gc,phases,start] GC(50) Marking Phase
[1.584s][info][gc,phases      ] GC(50) Marking Phase 62.926ms
[1.584s][info][gc,phases,start] GC(50) Summary Phase
[1.584s][info][gc,phases      ] GC(50) Summary Phase 0.020ms
[1.584s][info][gc,phases,start] GC(50) Adjust Roots
[1.584s][info][gc,phases      ] GC(50) Adjust Roots 0.178ms
[1.584s][info][gc,phases,start] GC(50) Compaction Phase
[1.613s][info][gc,phases      ] GC(50) Compaction Phase 28.982ms
[1.613s][info][gc,phases,start] GC(50) Post Compact
[1.615s][info][gc,phases      ] GC(50) Post Compact 1.218ms
[1.615s][info][gc,heap        ] GC(50) PSYoungGen: 22624K(51712K)->8672K(52736K) Eden: 0K(13312K)->0K(14336K) From: 22624K(38400K)->8672K(38400K)
[1.615s][info][gc,heap        ] GC(50) ParOldGen: 241937K(255488K)->255285K(296448K)
[1.615s][info][gc,metaspace   ] GC(50) Metaspace: 6302K(6464K)->6302K(6464K) NonClass: 5768K(5824K)->5768K(5824K) Class: 533K(640K)->533K(640K)
[1.615s][info][gc             ] GC(50) Pause Full (Ergonomics) 258M->257M(341M) 93.956ms
[1.615s][info][gc,cpu         ] GC(50) User=0.39s Sys=0.03s Real=0.09s
[1.631s][info][gc,start       ] GC(51) Pause Young (Allocation Failure)
[1.653s][info][gc,heap        ] GC(51) PSYoungGen: 23008K(52736K)->17952K(53760K) Eden: 14336K(14336K)->0K(14336K) From: 8672K(38400K)->17952K(39424K)
[1.653s][info][gc,heap        ] GC(51) ParOldGen: 255285K(296448K)->260533K(296448K)
[1.653s][info][gc,metaspace   ] GC(51) Metaspace: 6302K(6464K)->6302K(6464K) NonClass: 5768K(5824K)->5768K(5824K) Class: 533K(640K)->533K(640K)
[1.653s][info][gc             ] GC(51) Pause Young (Allocation Failure) 271M->271M(342M) 21.880ms
[1.653s][info][gc,cpu         ] GC(51) User=0.14s Sys=0.00s Real=0.02s
[1.670s][info][gc,start       ] GC(52) Pause Young (Allocation Failure)
[1.686s][info][gc,heap        ] GC(52) PSYoungGen: 32288K(53760K)->32352K(52224K) Eden: 14336K(14336K)->0K(13824K) From: 17952K(39424K)->32352K(38400K)
[1.686s][info][gc,heap        ] GC(52) ParOldGen: 260533K(296448K)->260533K(296448K)
[1.686s][info][gc,metaspace   ] GC(52) Metaspace: 6302K(6464K)->6302K(6464K) NonClass: 5768K(5824K)->5768K(5824K) Class: 533K(640K)->533K(640K)
[1.686s][info][gc             ] GC(52) Pause Young (Allocation Failure) 285M->286M(340M) 16.304ms
[1.686s][info][gc,cpu         ] GC(52) User=0.02s Sys=0.00s Real=0.02s
[1.701s][info][gc,start       ] GC(53) Pause Young (Allocation Failure)
[1.723s][info][gc,heap        ] GC(53) PSYoungGen: 46176K(52224K)->40960K(54784K) Eden: 13824K(13824K)->0K(13824K) From: 32352K(38400K)->40960K(40960K)
[1.723s][info][gc,heap        ] GC(53) ParOldGen: 260533K(296448K)->265677K(296448K)
[1.723s][info][gc,metaspace   ] GC(53) Metaspace: 6302K(6464K)->6302K(6464K) NonClass: 5768K(5824K)->5768K(5824K) Class: 533K(640K)->533K(640K)
[1.723s][info][gc             ] GC(53) Pause Young (Allocation Failure) 299M->299M(343M) 21.388ms
[1.723s][info][gc,cpu         ] GC(53) User=0.12s Sys=0.00s Real=0.02s
[1.739s][info][gc,start       ] GC(54) Pause Young (Allocation Failure)
[1.763s][info][gc,heap        ] GC(54) PSYoungGen: 54784K(54784K)->38528K(60928K) Eden: 13824K(13824K)->0K(12800K) From: 40960K(40960K)->38528K(48128K)
[1.763s][info][gc,heap        ] GC(54) ParOldGen: 265677K(296448K)->282293K(296448K)
[1.763s][info][gc,metaspace   ] GC(54) Metaspace: 6302K(6464K)->6302K(6464K) NonClass: 5768K(5824K)->5768K(5824K) Class: 533K(640K)->533K(640K)
[1.763s][info][gc             ] GC(54) Pause Young (Allocation Failure) 312M->313M(349M) 24.617ms
[1.763s][info][gc,cpu         ] GC(54) User=0.09s Sys=0.05s Real=0.02s
[1.763s][info][gc,start       ] GC(55) Pause Full (Ergonomics)
[1.763s][info][gc,phases,start] GC(55) Marking Phase
[1.829s][info][gc,phases      ] GC(55) Marking Phase 65.937ms
[1.829s][info][gc,phases,start] GC(55) Summary Phase
[1.829s][info][gc,phases      ] GC(55) Summary Phase 0.019ms
[1.829s][info][gc,phases,start] GC(55) Adjust Roots
[1.830s][info][gc,phases      ] GC(55) Adjust Roots 0.148ms
[1.830s][info][gc,phases,start] GC(55) Compaction Phase
[1.863s][info][gc,phases      ] GC(55) Compaction Phase 32.974ms
[1.863s][info][gc,phases,start] GC(55) Post Compact
[1.864s][info][gc,phases      ] GC(55) Post Compact 1.476ms
[1.864s][info][gc,heap        ] GC(55) PSYoungGen: 38528K(60928K)->24007K(60928K) Eden: 0K(12800K)->0K(12800K) From: 38528K(48128K)->24007K(48128K)
[1.864s][info][gc,heap        ] GC(55) ParOldGen: 282293K(296448K)->296145K(340480K)
[1.864s][info][gc,metaspace   ] GC(55) Metaspace: 6302K(6464K)->6302K(6464K) NonClass: 5768K(5824K)->5768K(5824K) Class: 533K(640K)->533K(640K)
[1.864s][info][gc             ] GC(55) Pause Full (Ergonomics) 313M->312M(392M) 101.125ms
[1.864s][info][gc,cpu         ] GC(55) User=0.61s Sys=0.00s Real=0.10s
[1.879s][info][gc,start       ] GC(56) Pause Young (Allocation Failure)
[1.907s][info][gc,heap        ] GC(56) PSYoungGen: 36807K(60928K)->29792K(64000K) Eden: 12800K(12800K)->0K(12800K) From: 24007K(48128K)->29792K(51200K)
[1.908s][info][gc,heap        ] GC(56) ParOldGen: 296145K(340480K)->303465K(340480K)
[1.908s][info][gc,metaspace   ] GC(56) Metaspace: 6302K(6464K)->6302K(6464K) NonClass: 5768K(5824K)->5768K(5824K) Class: 533K(640K)->533K(640K)
[1.908s][info][gc             ] GC(56) Pause Young (Allocation Failure) 325M->325M(395M) 28.119ms
[1.908s][info][gc,cpu         ] GC(56) User=0.14s Sys=0.00s Real=0.03s
[1.922s][info][gc,start       ] GC(57) Pause Young (Allocation Failure)
[1.942s][info][gc,heap        ] GC(57) PSYoungGen: 42592K(64000K)->34944K(63488K) Eden: 12800K(12800K)->0K(13312K) From: 29792K(51200K)->34944K(50176K)
[1.942s][info][gc,heap        ] GC(57) ParOldGen: 303465K(340480K)->311249K(340480K)
[1.942s][info][gc,metaspace   ] GC(57) Metaspace: 6302K(6464K)->6302K(6464K) NonClass: 5768K(5824K)->5768K(5824K) Class: 533K(640K)->533K(640K)
[1.942s][info][gc             ] GC(57) Pause Young (Allocation Failure) 337M->338M(394M) 20.425ms
[1.942s][info][gc,cpu         ] GC(57) User=0.12s Sys=0.00s Real=0.02s
[2.021s][info][gc,start       ] GC(58) Pause Full (Ergonomics)
[2.021s][info][gc,phases,start] GC(58) Marking Phase
[2.102s][info][gc,phases      ] GC(58) Marking Phase 80.373ms
[2.102s][info][gc,phases,start] GC(58) Summary Phase
[2.102s][info][gc,phases      ] GC(58) Summary Phase 0.020ms
[2.102s][info][gc,phases,start] GC(58) Adjust Roots
[2.102s][info][gc,phases      ] GC(58) Adjust Roots 0.227ms
[2.102s][info][gc,phases,start] GC(58) Compaction Phase
[2.166s][info][gc,phases      ] GC(58) Compaction Phase 64.377ms
[2.166s][info][gc,phases,start] GC(58) Post Compact
[2.168s][info][gc,phases      ] GC(58) Post Compact 1.831ms
[2.168s][info][gc,heap        ] GC(58) PSYoungGen: 48256K(63488K)->27047K(63488K) Eden: 13312K(13312K)->0K(13312K) From: 34944K(50176K)->27047K(50176K)
[2.168s][info][gc,heap        ] GC(58) ParOldGen: 327633K(340480K)->340117K(385024K)
[2.168s][info][gc,metaspace   ] GC(58) Metaspace: 6302K(6464K)->6302K(6464K) NonClass: 5768K(5824K)->5768K(5824K) Class: 533K(640K)->533K(640K)
[2.169s][info][gc             ] GC(58) Pause Full (Ergonomics) 367M->358M(438M) 147.380ms
[2.169s][info][gc,cpu         ] GC(58) User=0.81s Sys=0.00s Real=0.15s
[2.184s][info][gc,start       ] GC(59) Pause Young (Allocation Failure)
[2.218s][info][gc,heap        ] GC(59) PSYoungGen: 40359K(63488K)->31616K(64512K) Eden: 13312K(13312K)->0K(13312K) From: 27047K(50176K)->31616K(51200K)
[2.218s][info][gc,heap        ] GC(59) ParOldGen: 340117K(385024K)->349141K(385024K)
[2.218s][info][gc,metaspace   ] GC(59) Metaspace: 6302K(6464K)->6302K(6464K) NonClass: 5768K(5824K)->5768K(5824K) Class: 533K(640K)->533K(640K)
[2.218s][info][gc             ] GC(59) Pause Young (Allocation Failure) 371M->371M(439M) 33.826ms
[2.218s][info][gc,cpu         ] GC(59) User=0.16s Sys=0.00s Real=0.03s
[2.232s][info][gc,start       ] GC(60) Pause Young (Allocation Failure)
[2.253s][info][gc,heap        ] GC(60) PSYoungGen: 44928K(64512K)->44960K(61440K) Eden: 13312K(13312K)->0K(10752K) From: 31616K(51200K)->44960K(50688K)
[2.253s][info][gc,heap        ] GC(60) ParOldGen: 349141K(385024K)->349141K(385024K)
[2.253s][info][gc,metaspace   ] GC(60) Metaspace: 6302K(6464K)->6302K(6464K) NonClass: 5768K(5824K)->5768K(5824K) Class: 533K(640K)->533K(640K)
[2.254s][info][gc             ] GC(60) Pause Young (Allocation Failure) 384M->384M(436M) 21.344ms
[2.254s][info][gc,cpu         ] GC(60) User=0.12s Sys=0.00s Real=0.02s
[2.265s][info][gc,start       ] GC(61) Pause Young (Allocation Failure)
[2.290s][info][gc,heap        ] GC(61) PSYoungGen: 55712K(61440K)->46784K(65536K) Eden: 10752K(10752K)->0K(10752K) From: 44960K(50688K)->46784K(54784K)
[2.290s][info][gc,heap        ] GC(61) ParOldGen: 349141K(385024K)->358165K(385024K)
[2.290s][info][gc,metaspace   ] GC(61) Metaspace: 6302K(6464K)->6302K(6464K) NonClass: 5768K(5824K)->5768K(5824K) Class: 533K(640K)->533K(640K)
[2.290s][info][gc             ] GC(61) Pause Young (Allocation Failure) 395M->395M(440M) 24.872ms
[2.290s][info][gc,cpu         ] GC(61) User=0.12s Sys=0.00s Real=0.03s
[2.301s][info][gc,start       ] GC(62) Pause Young (Allocation Failure)
[2.327s][info][gc,heap        ] GC(62) PSYoungGen: 57536K(65536K)->48256K(67584K) Eden: 10752K(10752K)->0K(8704K) From: 46784K(54784K)->48256K(58880K)
[2.328s][info][gc,heap        ] GC(62) ParOldGen: 358165K(385024K)->367605K(385024K)
[2.328s][info][gc,metaspace   ] GC(62) Metaspace: 6302K(6464K)->6302K(6464K) NonClass: 5768K(5824K)->5768K(5824K) Class: 533K(640K)->533K(640K)
[2.328s][info][gc             ] GC(62) Pause Young (Allocation Failure) 405M->406M(442M) 26.344ms
[2.328s][info][gc,cpu         ] GC(62) User=0.12s Sys=0.02s Real=0.03s
[2.336s][info][gc,start       ] GC(63) Pause Young (Allocation Failure)
[2.363s][info][gc,heap        ] GC(63) PSYoungGen: 56960K(67584K)->30272K(39424K) Eden: 8704K(8704K)->0K(8704K) From: 48256K(58880K)->30272K(30720K)
[2.363s][info][gc,heap        ] GC(63) ParOldGen: 367605K(385024K)->394549K(394752K)
[2.363s][info][gc,metaspace   ] GC(63) Metaspace: 6302K(6464K)->6302K(6464K) NonClass: 5768K(5824K)->5768K(5824K) Class: 533K(640K)->533K(640K)
[2.363s][info][gc             ] GC(63) Pause Young (Allocation Failure) 414M->414M(424M) 26.292ms
[2.363s][info][gc,cpu         ] GC(63) User=0.12s Sys=0.02s Real=0.03s
[2.363s][info][gc,start       ] GC(64) Pause Full (Ergonomics)
[2.363s][info][gc,phases,start] GC(64) Marking Phase
[2.457s][info][gc,phases      ] GC(64) Marking Phase 94.083ms
[2.457s][info][gc,phases,start] GC(64) Summary Phase
[2.457s][info][gc,phases      ] GC(64) Summary Phase 0.020ms
[2.457s][info][gc,phases,start] GC(64) Adjust Roots
[2.457s][info][gc,phases      ] GC(64) Adjust Roots 0.151ms
[2.457s][info][gc,phases,start] GC(64) Compaction Phase
[2.507s][info][gc,phases      ] GC(64) Compaction Phase 49.814ms
[2.507s][info][gc,phases,start] GC(64) Post Compact
[2.509s][info][gc,phases      ] GC(64) Post Compact 1.969ms
[2.509s][info][gc,heap        ] GC(64) PSYoungGen: 30272K(39424K)->29093K(39424K) Eden: 0K(8704K)->0K(8704K) From: 30272K(30720K)->29093K(30720K)
[2.509s][info][gc,heap        ] GC(64) ParOldGen: 394549K(394752K)->394748K(446976K)
[2.509s][info][gc,metaspace   ] GC(64) Metaspace: 6302K(6464K)->6302K(6464K) NonClass: 5768K(5824K)->5768K(5824K) Class: 533K(640K)->533K(640K)
[2.509s][info][gc             ] GC(64) Pause Full (Ergonomics) 414M->413M(475M) 146.579ms
[2.509s][info][gc,cpu         ] GC(64) User=0.91s Sys=0.00s Real=0.15s
[2.520s][info][gc,start       ] GC(65) Pause Young (Allocation Failure)
[2.553s][info][gc,heap        ] GC(65) PSYoungGen: 37797K(39424K)->17472K(70144K) Eden: 8704K(8704K)->0K(10240K) From: 29093K(30720K)->17472K(59904K)
[2.553s][info][gc,heap        ] GC(65) ParOldGen: 394748K(446976K)->415484K(446976K)
[2.553s][info][gc,metaspace   ] GC(65) Metaspace: 6302K(6464K)->6302K(6464K) NonClass: 5768K(5824K)->5768K(5824K) Class: 533K(640K)->533K(640K)
[2.553s][info][gc             ] GC(65) Pause Young (Allocation Failure) 422M->422M(505M) 32.479ms
[2.553s][info][gc,cpu         ] GC(65) User=0.16s Sys=0.00s Real=0.03s
[2.563s][info][gc,start       ] GC(66) Pause Young (Allocation Failure)
[2.577s][info][gc,heap        ] GC(66) PSYoungGen: 27712K(70144K)->19072K(70144K) Eden: 10240K(10240K)->0K(10240K) From: 17472K(59904K)->19072K(59904K)
[2.577s][info][gc,heap        ] GC(66) ParOldGen: 415484K(446976K)->424300K(446976K)
[2.577s][info][gc,metaspace   ] GC(66) Metaspace: 6302K(6464K)->6302K(6464K) NonClass: 5768K(5824K)->5768K(5824K) Class: 533K(640K)->533K(640K)
[2.577s][info][gc             ] GC(66) Pause Young (Allocation Failure) 432M->432M(505M) 14.594ms
[2.577s][info][gc,cpu         ] GC(66) User=0.02s Sys=0.00s Real=0.01s
[2.577s][info][gc,start       ] GC(67) Pause Full (Ergonomics)
[2.578s][info][gc,phases,start] GC(67) Marking Phase
[2.676s][info][gc,phases      ] GC(67) Marking Phase 98.484ms
[2.676s][info][gc,phases,start] GC(67) Summary Phase
[2.676s][info][gc,phases      ] GC(67) Summary Phase 0.031ms
[2.676s][info][gc,phases,start] GC(67) Adjust Roots
[2.676s][info][gc,phases      ] GC(67) Adjust Roots 0.196ms
[2.676s][info][gc,phases,start] GC(67) Compaction Phase
[2.720s][info][gc,phases      ] GC(67) Compaction Phase 43.981ms
[2.720s][info][gc,phases,start] GC(67) Post Compact
[2.723s][info][gc,phases      ] GC(67) Post Compact 2.210ms
[2.723s][info][gc,heap        ] GC(67) PSYoungGen: 19072K(70144K)->0K(70656K) Eden: 0K(10240K)->0K(11776K) From: 19072K(59904K)->0K(58880K)
[2.723s][info][gc,heap        ] GC(67) ParOldGen: 424300K(446976K)->442721K(500224K)
[2.723s][info][gc,metaspace   ] GC(67) Metaspace: 6302K(6464K)->6302K(6464K) NonClass: 5768K(5824K)->5768K(5824K) Class: 533K(640K)->533K(640K)
[2.723s][info][gc             ] GC(67) Pause Full (Ergonomics) 432M->432M(557M) 145.452ms
[2.723s][info][gc,cpu         ] GC(67) User=0.92s Sys=0.02s Real=0.14s
[2.736s][info][gc,start       ] GC(68) Pause Young (Allocation Failure)
[2.744s][info][gc,heap        ] GC(68) PSYoungGen: 11776K(70656K)->11904K(70656K) Eden: 11776K(11776K)->0K(11776K) From: 0K(58880K)->11904K(58880K)
[2.744s][info][gc,heap        ] GC(68) ParOldGen: 442721K(500224K)->442721K(500224K)
[2.744s][info][gc,metaspace   ] GC(68) Metaspace: 6302K(6464K)->6302K(6464K) NonClass: 5768K(5824K)->5768K(5824K) Class: 533K(640K)->533K(640K)
[2.744s][info][gc             ] GC(68) Pause Young (Allocation Failure) 443M->443M(557M) 8.891ms
[2.745s][info][gc,cpu         ] GC(68) User=0.02s Sys=0.00s Real=0.01s
[2.757s][info][gc,start       ] GC(69) Pause Young (Allocation Failure)
[2.770s][info][gc,heap        ] GC(69) PSYoungGen: 23680K(70656K)->23616K(68096K) Eden: 11776K(11776K)->0K(13312K) From: 11904K(58880K)->23616K(54784K)
[2.770s][info][gc,heap        ] GC(69) ParOldGen: 442721K(500224K)->442721K(500224K)
[2.770s][info][gc,metaspace   ] GC(69) Metaspace: 6302K(6464K)->6302K(6464K) NonClass: 5768K(5824K)->5768K(5824K) Class: 533K(640K)->533K(640K)
[2.770s][info][gc             ] GC(69) Pause Young (Allocation Failure) 455M->455M(555M) 13.253ms
[2.770s][info][gc,cpu         ] GC(69) User=0.02s Sys=0.00s Real=0.01s
[2.785s][info][gc,start       ] GC(70) Pause Young (Allocation Failure)
[2.804s][info][gc,heap        ] GC(70) PSYoungGen: 36928K(68096K)->36992K(70144K) Eden: 13312K(13312K)->0K(13312K) From: 23616K(54784K)->36992K(56832K)
[2.804s][info][gc,heap        ] GC(70) ParOldGen: 442721K(500224K)->442721K(500224K)
[2.804s][info][gc,metaspace   ] GC(70) Metaspace: 6302K(6464K)->6302K(6464K) NonClass: 5768K(5824K)->5768K(5824K) Class: 533K(640K)->533K(640K)
[2.804s][info][gc             ] GC(70) Pause Young (Allocation Failure) 468M->468M(557M) 18.989ms
[2.804s][info][gc,cpu         ] GC(70) User=0.12s Sys=0.00s Real=0.02s
[2.819s][info][gc,start       ] GC(71) Pause Young (Allocation Failure)
[2.843s][info][gc,heap        ] GC(71) PSYoungGen: 50304K(70144K)->50304K(67072K) Eden: 13312K(13312K)->0K(9728K) From: 36992K(56832K)->50304K(57344K)
[2.843s][info][gc,heap        ] GC(71) ParOldGen: 442721K(500224K)->442721K(500224K)
[2.843s][info][gc,metaspace   ] GC(71) Metaspace: 6302K(6464K)->6302K(6464K) NonClass: 5768K(5824K)->5768K(5824K) Class: 533K(640K)->533K(640K)
[2.843s][info][gc             ] GC(71) Pause Young (Allocation Failure) 481M->481M(554M) 24.372ms
[2.843s][info][gc,cpu         ] GC(71) User=0.11s Sys=0.00s Real=0.02s
[2.853s][info][gc,start       ] GC(72) Pause Young (Allocation Failure)
[2.881s][info][gc,heap        ] GC(72) PSYoungGen: 60032K(67072K)->48256K(72192K) Eden: 9728K(9728K)->0K(9728K) From: 50304K(57344K)->48256K(62464K)
[2.881s][info][gc,heap        ] GC(72) ParOldGen: 442721K(500224K)->454641K(500224K)
[2.882s][info][gc,metaspace   ] GC(72) Metaspace: 6302K(6464K)->6302K(6464K) NonClass: 5768K(5824K)->5768K(5824K) Class: 533K(640K)->533K(640K)
[2.882s][info][gc             ] GC(72) Pause Young (Allocation Failure) 490M->491M(559M) 28.208ms
[2.882s][info][gc,cpu         ] GC(72) User=0.14s Sys=0.00s Real=0.03s
[2.892s][info][gc,start       ] GC(73) Pause Young (Allocation Failure)
[2.920s][info][gc,heap        ] GC(73) PSYoungGen: 57984K(72192K)->46176K(75776K) Eden: 9728K(9728K)->0K(9728K) From: 48256K(62464K)->46176K(66048K)
[2.920s][info][gc,heap        ] GC(73) ParOldGen: 454641K(500224K)->466585K(500224K)
[2.920s][info][gc,metaspace   ] GC(73) Metaspace: 6302K(6464K)->6302K(6464K) NonClass: 5768K(5824K)->5768K(5824K) Class: 533K(640K)->533K(640K)
[2.920s][info][gc             ] GC(73) Pause Young (Allocation Failure) 500M->500M(562M) 27.730ms
[2.920s][info][gc,cpu         ] GC(73) User=0.14s Sys=0.00s Real=0.03s
[2.931s][info][gc,start       ] GC(74) Pause Young (Allocation Failure)
[2.958s][info][gc,heap        ] GC(74) PSYoungGen: 55904K(75776K)->29280K(39424K) Eden: 9728K(9728K)->0K(9728K) From: 46176K(66048K)->29280K(29696K)
[2.958s][info][gc,heap        ] GC(74) ParOldGen: 466585K(500224K)->493553K(500224K)
[2.958s][info][gc,metaspace   ] GC(74) Metaspace: 6302K(6464K)->6302K(6464K) NonClass: 5768K(5824K)->5768K(5824K) Class: 533K(640K)->533K(640K)
[2.958s][info][gc             ] GC(74) Pause Young (Allocation Failure) 510M->510M(527M) 27.431ms
[2.958s][info][gc,cpu         ] GC(74) User=0.14s Sys=0.00s Real=0.03s
[2.958s][info][gc,start       ] GC(75) Pause Full (Ergonomics)
[2.959s][info][gc,phases,start] GC(75) Marking Phase
[3.075s][info][gc,phases      ] GC(75) Marking Phase 116.358ms
[3.075s][info][gc,phases,start] GC(75) Summary Phase
[3.075s][info][gc,phases      ] GC(75) Summary Phase 0.026ms
[3.075s][info][gc,phases,start] GC(75) Adjust Roots
[3.075s][info][gc,phases      ] GC(75) Adjust Roots 0.246ms
[3.075s][info][gc,phases,start] GC(75) Compaction Phase
[3.127s][info][gc,phases      ] GC(75) Compaction Phase 52.124ms
[3.127s][info][gc,phases,start] GC(75) Post Compact
[3.130s][info][gc,phases      ] GC(75) Post Compact 3.002ms
[3.131s][info][gc,heap        ] GC(75) PSYoungGen: 29280K(39424K)->21940K(39424K) Eden: 0K(9728K)->0K(9728K) From: 29280K(29696K)->21940K(29696K)
[3.131s][info][gc,heap        ] GC(75) ParOldGen: 493553K(500224K)->499919K(564224K)
[3.131s][info][gc,metaspace   ] GC(75) Metaspace: 6302K(6464K)->6302K(6464K) NonClass: 5768K(5824K)->5768K(5824K) Class: 533K(640K)->533K(640K)
[3.131s][info][gc             ] GC(75) Pause Full (Ergonomics) 510M->509M(589M) 172.398ms
[3.131s][info][gc,cpu         ] GC(75) User=1.11s Sys=0.02s Real=0.17s
[3.141s][info][gc,start       ] GC(76) Pause Young (Allocation Failure)
[3.178s][info][gc,heap        ] GC(76) PSYoungGen: 31668K(39424K)->17184K(75264K) Eden: 9728K(9728K)->0K(11264K) From: 21940K(29696K)->17184K(64000K)
[3.178s][info][gc,heap        ] GC(76) ParOldGen: 499919K(564224K)->514767K(564224K)
[3.178s][info][gc,metaspace   ] GC(76) Metaspace: 6302K(6464K)->6302K(6464K) NonClass: 5768K(5824K)->5768K(5824K) Class: 533K(640K)->533K(640K)
[3.178s][info][gc             ] GC(76) Pause Young (Allocation Failure) 519M->519M(624M) 36.488ms
[3.178s][info][gc,cpu         ] GC(76) User=0.14s Sys=0.02s Real=0.04s
[3.190s][info][gc,start       ] GC(77) Pause Young (Allocation Failure)
[3.206s][info][gc,heap        ] GC(77) PSYoungGen: 28448K(75264K)->21088K(75776K) Eden: 11264K(11264K)->0K(11264K) From: 17184K(64000K)->21088K(64512K)
[3.206s][info][gc,heap        ] GC(77) ParOldGen: 514767K(564224K)->522215K(564224K)
[3.206s][info][gc,metaspace   ] GC(77) Metaspace: 6302K(6464K)->6302K(6464K) NonClass: 5768K(5824K)->5768K(5824K) Class: 533K(640K)->533K(640K)
[3.206s][info][gc             ] GC(77) Pause Young (Allocation Failure) 530M->530M(625M) 16.391ms
[3.206s][info][gc,cpu         ] GC(77) User=0.02s Sys=0.00s Real=0.02s
[3.219s][info][gc,start       ] GC(78) Pause Young (Allocation Failure)
[3.237s][info][gc,heap        ] GC(78) PSYoungGen: 32352K(75776K)->22656K(72704K) Eden: 11264K(11264K)->0K(12800K) From: 21088K(64512K)->22656K(59904K)
[3.237s][info][gc,heap        ] GC(78) ParOldGen: 522215K(564224K)->532095K(564224K)
[3.237s][info][gc,metaspace   ] GC(78) Metaspace: 6302K(6464K)->6302K(6464K) NonClass: 5768K(5824K)->5768K(5824K) Class: 533K(640K)->533K(640K)
[3.237s][info][gc             ] GC(78) Pause Young (Allocation Failure) 541M->541M(622M) 18.312ms
[3.237s][info][gc,cpu         ] GC(78) User=0.11s Sys=0.00s Real=0.02s
[3.251s][info][gc,start       ] GC(79) Pause Young (Allocation Failure)
[3.271s][info][gc,heap        ] GC(79) PSYoungGen: 35456K(72704K)->24160K(37376K) Eden: 12800K(12800K)->0K(12800K) From: 22656K(59904K)->24160K(24576K)
[3.271s][info][gc,heap        ] GC(79) ParOldGen: 532095K(564224K)->543535K(564224K)
[3.271s][info][gc,metaspace   ] GC(79) Metaspace: 6302K(6464K)->6302K(6464K) NonClass: 5768K(5824K)->5768K(5824K) Class: 533K(640K)->533K(640K)
[3.271s][info][gc             ] GC(79) Pause Young (Allocation Failure) 554M->554M(587M) 19.809ms
[3.271s][info][gc,cpu         ] GC(79) User=0.11s Sys=0.00s Real=0.02s
[3.271s][info][gc,start       ] GC(80) Pause Full (Ergonomics)
[3.271s][info][gc,phases,start] GC(80) Marking Phase
[3.399s][info][gc,phases      ] GC(80) Marking Phase 127.756ms
[3.399s][info][gc,phases,start] GC(80) Summary Phase
[3.399s][info][gc,phases      ] GC(80) Summary Phase 0.030ms
[3.399s][info][gc,phases,start] GC(80) Adjust Roots
[3.399s][info][gc,phases      ] GC(80) Adjust Roots 0.169ms
[3.399s][info][gc,phases,start] GC(80) Compaction Phase
[3.455s][info][gc,phases      ] GC(80) Compaction Phase 55.602ms
[3.455s][info][gc,phases,start] GC(80) Post Compact
[3.456s][info][gc,phases      ] GC(80) Post Compact 0.908ms
[3.456s][info][gc,heap        ] GC(80) PSYoungGen: 24160K(37376K)->3055K(37376K) Eden: 0K(12800K)->0K(12800K) From: 24160K(24576K)->3055K(24576K)
[3.456s][info][gc,heap        ] GC(80) ParOldGen: 543535K(564224K)->563741K(628736K)
[3.456s][info][gc,metaspace   ] GC(80) Metaspace: 6302K(6464K)->6302K(6464K) NonClass: 5768K(5824K)->5768K(5824K) Class: 533K(640K)->533K(640K)
[3.456s][info][gc             ] GC(80) Pause Full (Ergonomics) 554M->553M(650M) 185.108ms
[3.456s][info][gc,cpu         ] GC(80) User=1.19s Sys=0.00s Real=0.18s
[3.471s][info][gc,start       ] GC(81) Pause Young (Allocation Failure)
[3.504s][info][gc,heap        ] GC(81) PSYoungGen: 15855K(37376K)->12960K(73216K) Eden: 12800K(12800K)->0K(14336K) From: 3055K(24576K)->12960K(58880K)
[3.504s][info][gc,heap        ] GC(81) ParOldGen: 563741K(628736K)->566869K(628736K)
[3.504s][info][gc,metaspace   ] GC(81) Metaspace: 6302K(6464K)->6302K(6464K) NonClass: 5768K(5824K)->5768K(5824K) Class: 533K(640K)->533K(640K)
[3.504s][info][gc             ] GC(81) Pause Young (Allocation Failure) 566M->566M(685M) 33.258ms
[3.504s][info][gc,cpu         ] GC(81) User=0.14s Sys=0.00s Real=0.03s
[3.520s][info][gc,start       ] GC(82) Pause Young (Allocation Failure)
[3.536s][info][gc,heap        ] GC(82) PSYoungGen: 27296K(73216K)->27264K(41984K) Eden: 14336K(14336K)->0K(14336K) From: 12960K(58880K)->27264K(27648K)
[3.536s][info][gc,heap        ] GC(82) ParOldGen: 566869K(628736K)->566869K(628736K)
[3.536s][info][gc,metaspace   ] GC(82) Metaspace: 6302K(6464K)->6302K(6464K) NonClass: 5768K(5824K)->5768K(5824K) Class: 533K(640K)->533K(640K)
[3.536s][info][gc             ] GC(82) Pause Young (Allocation Failure) 580M->580M(655M) 16.219ms
[3.536s][info][gc,cpu         ] GC(82) User=0.02s Sys=0.00s Real=0.02s
[3.554s][info][gc,start       ] GC(83) Pause Young (Allocation Failure)
[3.575s][info][gc,heap        ] GC(83) PSYoungGen: 41600K(41984K)->41568K(69120K) Eden: 14336K(14336K)->0K(13312K) From: 27264K(27648K)->41568K(55808K)
[3.575s][info][gc,heap        ] GC(83) ParOldGen: 566869K(628736K)->566869K(628736K)
[3.575s][info][gc,metaspace   ] GC(83) Metaspace: 6302K(6464K)->6302K(6464K) NonClass: 5768K(5824K)->5768K(5824K) Class: 533K(640K)->533K(640K)
[3.576s][info][gc             ] GC(83) Pause Young (Allocation Failure) 594M->594M(681M) 21.811ms
[3.576s][info][gc,cpu         ] GC(83) User=0.14s Sys=0.00s Real=0.02s
[3.591s][info][gc,start       ] GC(84) Pause Young (Allocation Failure)
[3.619s][info][gc,heap        ] GC(84) PSYoungGen: 54880K(69120K)->42112K(71680K) Eden: 13312K(13312K)->0K(13312K) From: 41568K(55808K)->42112K(58368K)
[3.619s][info][gc,heap        ] GC(84) ParOldGen: 566869K(628736K)->579861K(628736K)
[3.619s][info][gc,metaspace   ] GC(84) Metaspace: 6302K(6464K)->6302K(6464K) NonClass: 5768K(5824K)->5768K(5824K) Class: 533K(640K)->533K(640K)
[3.619s][info][gc             ] GC(84) Pause Young (Allocation Failure) 607M->607M(684M) 27.609ms
[3.619s][info][gc,cpu         ] GC(84) User=0.12s Sys=0.00s Real=0.03s
[3.635s][info][gc,start       ] GC(85) Pause Young (Allocation Failure)
[3.664s][info][gc,heap        ] GC(85) PSYoungGen: 55424K(71680K)->41088K(74752K) Eden: 13312K(13312K)->0K(14336K) From: 42112K(58368K)->41088K(60416K)
[3.664s][info][gc,heap        ] GC(85) ParOldGen: 579861K(628736K)->594389K(628736K)
[3.664s][info][gc,metaspace   ] GC(85) Metaspace: 6302K(6464K)->6302K(6464K) NonClass: 5768K(5824K)->5768K(5824K) Class: 533K(640K)->533K(640K)
[3.664s][info][gc             ] GC(85) Pause Young (Allocation Failure) 620M->620M(687M) 28.779ms
[3.664s][info][gc,cpu         ] GC(85) User=0.12s Sys=0.00s Real=0.03s
[3.682s][info][gc,start       ] GC(86) Pause Young (Allocation Failure)
[3.710s][info][gc,heap        ] GC(86) PSYoungGen: 55424K(74752K)->41120K(75776K) Eden: 14336K(14336K)->0K(14336K) From: 41088K(60416K)->41120K(61440K)
[3.710s][info][gc,heap        ] GC(86) ParOldGen: 594389K(628736K)->608925K(628736K)
[3.710s][info][gc,metaspace   ] GC(86) Metaspace: 6302K(6464K)->6302K(6464K) NonClass: 5768K(5824K)->5768K(5824K) Class: 533K(640K)->533K(640K)
[3.710s][info][gc             ] GC(86) Pause Young (Allocation Failure) 634M->634M(688M) 28.707ms
[3.710s][info][gc,cpu         ] GC(86) User=0.12s Sys=0.00s Real=0.03s
[3.710s][info][gc,start       ] GC(87) Pause Full (Ergonomics)
[3.710s][info][gc,phases,start] GC(87) Marking Phase
[3.856s][info][gc,phases      ] GC(87) Marking Phase 145.779ms
[3.856s][info][gc,phases,start] GC(87) Summary Phase
[3.856s][info][gc,phases      ] GC(87) Summary Phase 0.021ms
[3.856s][info][gc,phases,start] GC(87) Adjust Roots
[3.856s][info][gc,phases      ] GC(87) Adjust Roots 0.152ms
[3.856s][info][gc,phases,start] GC(87) Compaction Phase
[3.912s][info][gc,phases      ] GC(87) Compaction Phase 55.045ms
[3.912s][info][gc,phases,start] GC(87) Post Compact
[3.913s][info][gc,phases      ] GC(87) Post Compact 1.044ms
[3.913s][info][gc,heap        ] GC(87) PSYoungGen: 41120K(75776K)->20427K(75776K) Eden: 0K(14336K)->0K(14336K) From: 41120K(61440K)->20427K(61440K)
[3.913s][info][gc,heap        ] GC(87) ParOldGen: 608925K(628736K)->628607K(697856K)
[3.913s][info][gc,metaspace   ] GC(87) Metaspace: 6302K(6464K)->6302K(6464K) NonClass: 5768K(5824K)->5768K(5824K) Class: 533K(640K)->533K(640K)
[3.913s][info][gc             ] GC(87) Pause Full (Ergonomics) 634M->633M(755M) 202.663ms
[3.913s][info][gc,cpu         ] GC(87) User=1.56s Sys=0.00s Real=0.20s
[3.929s][info][gc,start       ] GC(88) Pause Young (Allocation Failure)
[3.973s][info][gc,heap        ] GC(88) PSYoungGen: 34763K(75776K)->20832K(75264K) Eden: 14336K(14336K)->0K(15872K) From: 20427K(61440K)->20832K(59392K)
[3.973s][info][gc,heap        ] GC(88) ParOldGen: 628607K(697856K)->642863K(697856K)
[3.973s][info][gc,metaspace   ] GC(88) Metaspace: 6302K(6464K)->6302K(6464K) NonClass: 5768K(5824K)->5768K(5824K) Class: 533K(640K)->533K(640K)
[3.973s][info][gc             ] GC(88) Pause Young (Allocation Failure) 647M->648M(755M) 43.744ms
[3.973s][info][gc,cpu         ] GC(88) User=0.27s Sys=0.00s Real=0.04s
[3.992s][info][gc,start       ] GC(89) Pause Young (Allocation Failure)
[4.013s][info][gc,heap        ] GC(89) PSYoungGen: 36704K(75264K)->30368K(46592K) Eden: 15872K(15872K)->0K(15872K) From: 20832K(59392K)->30368K(30720K)
[4.013s][info][gc,heap        ] GC(89) ParOldGen: 642863K(697856K)->649359K(697856K)
[4.013s][info][gc,metaspace   ] GC(89) Metaspace: 6302K(6464K)->6302K(6464K) NonClass: 5768K(5824K)->5768K(5824K) Class: 533K(640K)->533K(640K)
[4.013s][info][gc             ] GC(89) Pause Young (Allocation Failure) 663M->663M(727M) 21.164ms
[4.013s][info][gc,cpu         ] GC(89) User=0.14s Sys=0.00s Real=0.02s
[4.034s][info][gc,start       ] GC(90) Pause Young (Allocation Failure)
[4.059s][info][gc,heap        ] GC(90) PSYoungGen: 46240K(46592K)->31872K(71680K) Eden: 15872K(15872K)->0K(17920K) From: 30368K(30720K)->31872K(53760K)
[4.059s][info][gc,heap        ] GC(90) ParOldGen: 649359K(697856K)->663895K(697856K)
[4.059s][info][gc,metaspace   ] GC(90) Metaspace: 6302K(6464K)->6302K(6464K) NonClass: 5768K(5824K)->5768K(5824K) Class: 533K(640K)->533K(640K)
[4.059s][info][gc             ] GC(90) Pause Young (Allocation Failure) 679M->679M(751M) 24.535ms
[4.059s][info][gc,cpu         ] GC(90) User=0.09s Sys=0.00s Real=0.02s
[4.195s][info][gc,start       ] GC(91) Pause Full (Ergonomics)
[4.195s][info][gc,phases,start] GC(91) Marking Phase
[4.361s][info][gc,phases      ] GC(91) Marking Phase 165.604ms
[4.361s][info][gc,phases,start] GC(91) Summary Phase
[4.361s][info][gc,phases      ] GC(91) Summary Phase 0.044ms
[4.361s][info][gc,phases,start] GC(91) Adjust Roots
[4.362s][info][gc,phases      ] GC(91) Adjust Roots 0.280ms
[4.362s][info][gc,phases,start] GC(91) Compaction Phase
[4.486s][info][gc,phases      ] GC(91) Compaction Phase 124.778ms
[4.486s][info][gc,phases,start] GC(91) Post Compact
[4.488s][info][gc,phases      ] GC(91) Post Compact 1.613ms
[4.489s][info][gc,heap        ] GC(91) PSYoungGen: 49792K(71680K)->31682K(73728K) Eden: 17920K(17920K)->0K(19968K) From: 31872K(53760K)->31682K(53760K)
[4.489s][info][gc,heap        ] GC(91) ParOldGen: 696663K(697856K)->697614K(772096K)
[4.489s][info][gc,metaspace   ] GC(91) Metaspace: 6302K(6464K)->6302K(6464K) NonClass: 5768K(5824K)->5768K(5824K) Class: 533K(640K)->533K(640K)
[4.489s][info][gc             ] GC(91) Pause Full (Ergonomics) 728M->712M(826M) 293.238ms
[4.489s][info][gc,cpu         ] GC(91) User=1.98s Sys=0.00s Real=0.29s
[4.512s][info][gc,start       ] GC(92) Pause Young (Allocation Failure)
[4.563s][info][gc,heap        ] GC(92) PSYoungGen: 51650K(73728K)->35904K(75776K) Eden: 19968K(19968K)->0K(19968K) From: 31682K(53760K)->35904K(55808K)
[4.563s][info][gc,heap        ] GC(92) ParOldGen: 697614K(772096K)->713702K(772096K)
[4.563s][info][gc,metaspace   ] GC(92) Metaspace: 6302K(6464K)->6302K(6464K) NonClass: 5768K(5824K)->5768K(5824K) Class: 533K(640K)->533K(640K)
[4.563s][info][gc             ] GC(92) Pause Young (Allocation Failure) 731M->732M(828M) 50.730ms
[4.563s][info][gc,cpu         ] GC(92) User=0.31s Sys=0.00s Real=0.05s
[4.584s][info][gc,start       ] GC(93) Pause Young (Allocation Failure)
[4.613s][info][gc,heap        ] GC(93) PSYoungGen: 55872K(75776K)->54784K(70144K) Eden: 19968K(19968K)->0K(15360K) From: 35904K(55808K)->54784K(54784K)
[4.613s][info][gc,heap        ] GC(93) ParOldGen: 713702K(772096K)->714798K(772096K)
[4.613s][info][gc,metaspace   ] GC(93) Metaspace: 6302K(6464K)->6302K(6464K) NonClass: 5768K(5824K)->5768K(5824K) Class: 533K(640K)->533K(640K)
[4.613s][info][gc             ] GC(93) Pause Young (Allocation Failure) 751M->751M(822M) 29.364ms
[4.613s][info][gc,cpu         ] GC(93) User=0.05s Sys=0.00s Real=0.03s
[4.629s][info][gc,start       ] GC(94) Pause Young (Allocation Failure)
[4.664s][info][gc,heap        ] GC(94) PSYoungGen: 70144K(70144K)->35456K(76800K) Eden: 15360K(15360K)->0K(15360K) From: 54784K(54784K)->35456K(61440K)
[4.664s][info][gc,heap        ] GC(94) ParOldGen: 714798K(772096K)->750038K(772096K)
[4.664s][info][gc,metaspace   ] GC(94) Metaspace: 6302K(6464K)->6302K(6464K) NonClass: 5768K(5824K)->5768K(5824K) Class: 533K(640K)->533K(640K)
[4.664s][info][gc             ] GC(94) Pause Young (Allocation Failure) 766M->767M(829M) 34.320ms
[4.664s][info][gc,cpu         ] GC(94) User=0.12s Sys=0.02s Real=0.03s
[4.664s][info][gc,start       ] GC(95) Pause Full (Ergonomics)
[4.664s][info][gc,phases,start] GC(95) Marking Phase
[4.839s][info][gc,phases      ] GC(95) Marking Phase 174.955ms
[4.839s][info][gc,phases,start] GC(95) Summary Phase
[4.839s][info][gc,phases      ] GC(95) Summary Phase 0.039ms
[4.839s][info][gc,phases,start] GC(95) Adjust Roots
[4.839s][info][gc,phases      ] GC(95) Adjust Roots 0.179ms
[4.839s][info][gc,phases,start] GC(95) Compaction Phase
[4.915s][info][gc,phases      ] GC(95) Compaction Phase 75.554ms
[4.915s][info][gc,phases,start] GC(95) Post Compact
[4.916s][info][gc,phases      ] GC(95) Post Compact 1.462ms
[4.917s][info][gc,heap        ] GC(95) PSYoungGen: 35456K(76800K)->12762K(28160K) Eden: 0K(15360K)->0K(15360K) From: 35456K(61440K)->12762K(12800K)
[4.917s][info][gc,heap        ] GC(95) ParOldGen: 750038K(772096K)->771733K(860672K)
[4.917s][info][gc,metaspace   ] GC(95) Metaspace: 6302K(6464K)->6302K(6464K) NonClass: 5768K(5824K)->5768K(5824K) Class: 533K(640K)->533K(640K)
[4.917s][info][gc             ] GC(95) Pause Full (Ergonomics) 767M->766M(868M) 253.253ms
[4.917s][info][gc,cpu         ] GC(95) User=1.73s Sys=0.02s Real=0.25s
[4.935s][info][gc,start       ] GC(96) Pause Young (Allocation Failure)
[4.979s][info][gc,heap        ] GC(96) PSYoungGen: 28122K(28160K)->22432K(75264K) Eden: 15360K(15360K)->0K(16896K) From: 12762K(12800K)->22432K(58368K)
[4.979s][info][gc,heap        ] GC(96) ParOldGen: 771733K(860672K)->777661K(860672K)
[4.979s][info][gc,metaspace   ] GC(96) Metaspace: 6302K(6464K)->6302K(6464K) NonClass: 5768K(5824K)->5768K(5824K) Class: 533K(640K)->533K(640K)
[4.979s][info][gc             ] GC(96) Pause Young (Allocation Failure) 781M->781M(914M) 43.757ms
[4.979s][info][gc,cpu         ] GC(96) User=0.27s Sys=0.00s Real=0.04s
[4.997s][info][gc,start       ] GC(97) Pause Young (Allocation Failure)
[5.018s][info][gc,heap        ] GC(97) PSYoungGen: 39328K(75264K)->39360K(75776K) Eden: 16896K(16896K)->0K(16896K) From: 22432K(58368K)->39360K(58880K)
[5.018s][info][gc,heap        ] GC(97) ParOldGen: 777661K(860672K)->777661K(860672K)
[5.018s][info][gc,metaspace   ] GC(97) Metaspace: 6302K(6464K)->6302K(6464K) NonClass: 5768K(5824K)->5768K(5824K) Class: 533K(640K)->533K(640K)
[5.018s][info][gc             ] GC(97) Pause Young (Allocation Failure) 797M->797M(914M) 20.864ms
[5.018s][info][gc,cpu         ] GC(97) User=0.03s Sys=0.00s Real=0.02s
[5.035s][info][gc,start       ] GC(98) Pause Young (Allocation Failure)
[5.062s][info][gc,heap        ] GC(98) PSYoungGen: 56256K(75776K)->56224K(72192K) Eden: 16896K(16896K)->0K(13312K) From: 39360K(58880K)->56224K(58880K)
[5.062s][info][gc,heap        ] GC(98) ParOldGen: 777661K(860672K)->777661K(860672K)
[5.062s][info][gc,metaspace   ] GC(98) Metaspace: 6302K(6464K)->6302K(6464K) NonClass: 5768K(5824K)->5768K(5824K) Class: 533K(640K)->533K(640K)
[5.062s][info][gc             ] GC(98) Pause Young (Allocation Failure) 814M->814M(911M) 26.488ms
[5.062s][info][gc,cpu         ] GC(98) User=0.14s Sys=0.00s Real=0.03s
[5.076s][info][gc,start       ] GC(99) Pause Young (Allocation Failure)
[5.108s][info][gc,heap        ] GC(99) PSYoungGen: 69536K(72192K)->62656K(77824K) Eden: 13312K(13312K)->0K(13312K) From: 56224K(58880K)->62656K(64512K)
[5.108s][info][gc,heap        ] GC(99) ParOldGen: 777661K(860672K)->784709K(860672K)
[5.108s][info][gc,metaspace   ] GC(99) Metaspace: 6302K(6464K)->6302K(6464K) NonClass: 5768K(5824K)->5768K(5824K) Class: 533K(640K)->533K(640K)
[5.108s][info][gc             ] GC(99) Pause Young (Allocation Failure) 827M->827M(916M) 32.147ms
[5.108s][info][gc,cpu         ] GC(99) User=0.12s Sys=0.02s Real=0.03s
[5.122s][info][gc,start       ] GC(100) Pause Young (Allocation Failure)
[5.157s][info][gc,heap        ] GC(100) PSYoungGen: 75968K(77824K)->60512K(82432K) Eden: 13312K(13312K)->0K(10752K) From: 62656K(64512K)->60512K(71680K)
[5.157s][info][gc,heap        ] GC(100) ParOldGen: 784709K(860672K)->800277K(860672K)
[5.157s][info][gc,metaspace   ] GC(100) Metaspace: 6302K(6464K)->6302K(6464K) NonClass: 5768K(5824K)->5768K(5824K) Class: 533K(640K)->533K(640K)
[5.157s][info][gc             ] GC(100) Pause Young (Allocation Failure) 840M->840M(921M) 35.415ms
[5.157s][info][gc,cpu         ] GC(100) User=0.23s Sys=0.02s Real=0.03s
[5.168s][info][gc,start       ] GC(101) Pause Young (Allocation Failure)
[5.202s][info][gc,heap        ] GC(101) PSYoungGen: 71264K(82432K)->37536K(48640K) Eden: 10752K(10752K)->0K(10752K) From: 60512K(71680K)->37536K(37888K)
[5.203s][info][gc,heap        ] GC(101) ParOldGen: 800277K(860672K)->834477K(860672K)
[5.203s][info][gc,metaspace   ] GC(101) Metaspace: 6302K(6464K)->6302K(6464K) NonClass: 5768K(5824K)->5768K(5824K) Class: 533K(640K)->533K(640K)
[5.203s][info][gc             ] GC(101) Pause Young (Allocation Failure) 851M->851M(888M) 34.128ms
[5.203s][info][gc,cpu         ] GC(101) User=0.25s Sys=0.00s Real=0.03s
[5.203s][info][gc,start       ] GC(102) Pause Full (Ergonomics)
[5.203s][info][gc,phases,start] GC(102) Marking Phase
[5.398s][info][gc,phases      ] GC(102) Marking Phase 195.849ms
[5.399s][info][gc,phases,start] GC(102) Summary Phase
[5.399s][info][gc,phases      ] GC(102) Summary Phase 0.042ms
[5.399s][info][gc,phases,start] GC(102) Adjust Roots
[5.399s][info][gc,phases      ] GC(102) Adjust Roots 0.211ms
[5.399s][info][gc,phases,start] GC(102) Compaction Phase
[5.485s][info][gc,phases      ] GC(102) Compaction Phase 86.430ms
[5.485s][info][gc,phases,start] GC(102) Post Compact
[5.487s][info][gc,phases      ] GC(102) Post Compact 1.532ms
[5.487s][info][gc,heap        ] GC(102) PSYoungGen: 37536K(48640K)->10208K(48640K) Eden: 0K(10752K)->0K(10752K) From: 37536K(37888K)->10208K(37888K)
[5.487s][info][gc,heap        ] GC(102) ParOldGen: 834477K(860672K)->860635K(958464K)
[5.487s][info][gc,metaspace   ] GC(102) Metaspace: 6302K(6464K)->6302K(6464K) NonClass: 5768K(5824K)->5768K(5824K) Class: 533K(640K)->533K(640K)
[5.487s][info][gc             ] GC(102) Pause Full (Ergonomics) 851M->850M(983M) 284.718ms
[5.487s][info][gc,cpu         ] GC(102) User=1.95s Sys=0.08s Real=0.29s
[5.501s][info][gc,start       ] GC(103) Pause Young (Allocation Failure)
[5.546s][info][gc,heap        ] GC(103) PSYoungGen: 20960K(48640K)->13888K(85504K) Eden: 10752K(10752K)->0K(11776K) From: 10208K(37888K)->13888K(73728K)
[5.547s][info][gc,heap        ] GC(103) ParOldGen: 860635K(958464K)->867939K(958464K)
[5.547s][info][gc,metaspace   ] GC(103) Metaspace: 6302K(6464K)->6302K(6464K) NonClass: 5768K(5824K)->5768K(5824K) Class: 533K(640K)->533K(640K)
[5.547s][info][gc             ] GC(103) Pause Young (Allocation Failure) 860M->861M(1019M) 45.259ms
[5.547s][info][gc,cpu         ] GC(103) User=0.25s Sys=0.00s Real=0.05s
[5.558s][info][gc,start       ] GC(104) Pause Young (Allocation Failure)
[5.575s][info][gc,heap        ] GC(104) PSYoungGen: 25664K(85504K)->22656K(86528K) Eden: 11776K(11776K)->0K(11776K) From: 13888K(73728K)->22656K(74752K)
[5.575s][info][gc,heap        ] GC(104) ParOldGen: 867939K(958464K)->871027K(958464K)
[5.575s][info][gc,metaspace   ] GC(104) Metaspace: 6302K(6464K)->6302K(6464K) NonClass: 5768K(5824K)->5768K(5824K) Class: 533K(640K)->533K(640K)
[5.575s][info][gc             ] GC(104) Pause Young (Allocation Failure) 872M->872M(1020M) 16.541ms
[5.575s][info][gc,cpu         ] GC(104) User=0.03s Sys=0.00s Real=0.02s
[5.588s][info][gc,start       ] GC(105) Pause Young (Allocation Failure)
[5.608s][info][gc,heap        ] GC(105) PSYoungGen: 34432K(86528K)->23648K(83968K) Eden: 11776K(11776K)->0K(13312K) From: 22656K(74752K)->23648K(70656K)
[5.608s][info][gc,heap        ] GC(105) ParOldGen: 871027K(958464K)->881939K(958464K)
[5.608s][info][gc,metaspace   ] GC(105) Metaspace: 6302K(6464K)->6302K(6464K) NonClass: 5768K(5824K)->5768K(5824K) Class: 533K(640K)->533K(640K)
[5.608s][info][gc             ] GC(105) Pause Young (Allocation Failure) 884M->884M(1018M) 19.387ms
[5.608s][info][gc,cpu         ] GC(105) User=0.12s Sys=0.00s Real=0.02s
[5.622s][info][gc,start       ] GC(106) Pause Young (Allocation Failure)
[5.643s][info][gc,heap        ] GC(106) PSYoungGen: 36960K(83968K)->25184K(85504K) Eden: 13312K(13312K)->0K(13312K) From: 23648K(70656K)->25184K(72192K)
[5.643s][info][gc,heap        ] GC(106) ParOldGen: 881939K(958464K)->893875K(958464K)
[5.643s][info][gc,metaspace   ] GC(106) Metaspace: 6302K(6464K)->6302K(6464K) NonClass: 5768K(5824K)->5768K(5824K) Class: 533K(640K)->533K(640K)
[5.643s][info][gc             ] GC(106) Pause Young (Allocation Failure) 897M->897M(1019M) 20.666ms
[5.643s][info][gc,cpu         ] GC(106) User=0.12s Sys=0.00s Real=0.02s
[5.658s][info][gc,start       ] GC(107) Pause Young (Allocation Failure)
[5.678s][info][gc,heap        ] GC(107) PSYoungGen: 38496K(85504K)->26720K(80384K) Eden: 13312K(13312K)->0K(15360K) From: 25184K(72192K)->26720K(65024K)
[5.678s][info][gc,heap        ] GC(107) ParOldGen: 893875K(958464K)->905819K(958464K)
[5.678s][info][gc,metaspace   ] GC(107) Metaspace: 6302K(6464K)->6302K(6464K) NonClass: 5768K(5824K)->5768K(5824K) Class: 533K(640K)->533K(640K)
[5.678s][info][gc             ] GC(107) Pause Young (Allocation Failure) 910M->910M(1014M) 20.948ms
[5.678s][info][gc,cpu         ] GC(107) User=0.08s Sys=0.05s Real=0.02s
[5.696s][info][gc,start       ] GC(108) Pause Young (Allocation Failure)
[5.718s][info][gc,heap        ] GC(108) PSYoungGen: 42080K(80384K)->28832K(44544K) Eden: 15360K(15360K)->0K(15360K) From: 26720K(65024K)->28832K(29184K)
[5.718s][info][gc,heap        ] GC(108) ParOldGen: 905819K(958464K)->919323K(958464K)
[5.718s][info][gc,metaspace   ] GC(108) Metaspace: 6302K(6464K)->6302K(6464K) NonClass: 5768K(5824K)->5768K(5824K) Class: 533K(640K)->533K(640K)
[5.718s][info][gc             ] GC(108) Pause Young (Allocation Failure) 925M->925M(979M) 22.404ms
[5.718s][info][gc,cpu         ] GC(108) User=0.11s Sys=0.02s Real=0.02s
[5.735s][info][gc,start       ] GC(109) Pause Young (Allocation Failure)
[5.759s][info][gc,heap        ] GC(109) PSYoungGen: 44192K(44544K)->30880K(77312K) Eden: 15360K(15360K)->0K(17408K) From: 28832K(29184K)->30880K(59904K)
[5.759s][info][gc,heap        ] GC(109) ParOldGen: 919323K(958464K)->932811K(958464K)
[5.759s][info][gc,metaspace   ] GC(109) Metaspace: 6302K(6464K)->6302K(6464K) NonClass: 5768K(5824K)->5768K(5824K) Class: 533K(640K)->533K(640K)
[5.759s][info][gc             ] GC(109) Pause Young (Allocation Failure) 940M->941M(1011M) 24.147ms
[5.759s][info][gc,cpu         ] GC(109) User=0.11s Sys=0.02s Real=0.02s
[5.759s][info][gc,start       ] GC(110) Pause Full (Ergonomics)
[5.759s][info][gc,phases,start] GC(110) Marking Phase
[5.967s][info][gc,phases      ] GC(110) Marking Phase 207.672ms
[5.967s][info][gc,phases,start] GC(110) Summary Phase
[5.967s][info][gc,phases      ] GC(110) Summary Phase 0.029ms
[5.967s][info][gc,phases,start] GC(110) Adjust Roots
[5.967s][info][gc,phases      ] GC(110) Adjust Roots 0.149ms
[5.967s][info][gc,phases,start] GC(110) Compaction Phase
[6.059s][info][gc,phases      ] GC(110) Compaction Phase 91.670ms
[6.059s][info][gc,phases,start] GC(110) Post Compact
[6.061s][info][gc,phases      ] GC(110) Post Compact 1.796ms
[6.061s][info][gc,heap        ] GC(110) PSYoungGen: 30880K(77312K)->4091K(79360K) Eden: 0K(17408K)->0K(19456K) From: 30880K(59904K)->4091K(59904K)
[6.061s][info][gc,heap        ] GC(110) ParOldGen: 932811K(958464K)->958184K(1053696K)
[6.061s][info][gc,metaspace   ] GC(110) Metaspace: 6302K(6464K)->6302K(6464K) NonClass: 5768K(5824K)->5768K(5824K) Class: 533K(640K)->533K(640K)
[6.061s][info][gc             ] GC(110) Pause Full (Ergonomics) 941M->939M(1106M) 302.082ms
[6.061s][info][gc,cpu         ] GC(110) User=2.09s Sys=0.02s Real=0.30s
[6.085s][info][gc,start       ] GC(111) Pause Young (Allocation Failure)
[6.136s][info][gc,heap        ] GC(111) PSYoungGen: 23547K(79360K)->20896K(81920K) Eden: 19456K(19456K)->0K(19456K) From: 4091K(59904K)->20896K(62464K)
[6.136s][info][gc,heap        ] GC(111) ParOldGen: 958184K(1053696K)->961120K(1053696K)
[6.136s][info][gc,metaspace   ] GC(111) Metaspace: 6302K(6464K)->6302K(6464K) NonClass: 5768K(5824K)->5768K(5824K) Class: 533K(640K)->533K(640K)
[6.136s][info][gc             ] GC(111) Pause Young (Allocation Failure) 958M->959M(1109M) 51.482ms
[6.136s][info][gc,cpu         ] GC(111) User=0.27s Sys=0.00s Real=0.05s
[6.157s][info][gc,start       ] GC(112) Pause Young (Allocation Failure)
[6.179s][info][gc,heap        ] GC(112) PSYoungGen: 40352K(81920K)->40320K(82944K) Eden: 19456K(19456K)->0K(21504K) From: 20896K(62464K)->40320K(61440K)
[6.179s][info][gc,heap        ] GC(112) ParOldGen: 961120K(1053696K)->961120K(1053696K)
[6.179s][info][gc,metaspace   ] GC(112) Metaspace: 6302K(6464K)->6302K(6464K) NonClass: 5768K(5824K)->5768K(5824K) Class: 533K(640K)->533K(640K)
[6.179s][info][gc             ] GC(112) Pause Young (Allocation Failure) 978M->977M(1110M) 22.239ms
[6.179s][info][gc,cpu         ] GC(112) User=0.12s Sys=0.00s Real=0.02s
[6.204s][info][gc,start       ] GC(113) Pause Young (Allocation Failure)
[6.235s][info][gc,heap        ] GC(113) PSYoungGen: 61824K(82944K)->61440K(82944K) Eden: 21504K(21504K)->0K(21504K) From: 40320K(61440K)->61440K(61440K)
[6.235s][info][gc,heap        ] GC(113) ParOldGen: 961120K(1053696K)->961448K(1053696K)
[6.235s][info][gc,metaspace   ] GC(113) Metaspace: 6302K(6464K)->6302K(6464K) NonClass: 5768K(5824K)->5768K(5824K) Class: 533K(640K)->533K(640K)
[6.236s][info][gc             ] GC(113) Pause Young (Allocation Failure) 998M->998M(1110M) 31.137ms
[6.236s][info][gc,cpu         ] GC(113) User=0.14s Sys=0.00s Real=0.03s
[6.259s][info][gc,start       ] GC(114) Pause Young (Allocation Failure)
[6.300s][info][gc,heap        ] GC(114) PSYoungGen: 82944K(82944K)->62368K(87040K) Eden: 21504K(21504K)->0K(17408K) From: 61440K(61440K)->62368K(69632K)
[6.300s][info][gc,heap        ] GC(114) ParOldGen: 961448K(1053696K)->982392K(1053696K)
[6.300s][info][gc,metaspace   ] GC(114) Metaspace: 6302K(6464K)->6302K(6464K) NonClass: 5768K(5824K)->5768K(5824K) Class: 533K(640K)->533K(640K)
[6.300s][info][gc             ] GC(114) Pause Young (Allocation Failure) 1019M->1020M(1114M) 40.764ms
[6.300s][info][gc,cpu         ] GC(114) User=0.33s Sys=0.03s Real=0.04s
[6.318s][info][gc,start       ] GC(115) Pause Young (Allocation Failure)
[6.358s][info][gc,heap        ] GC(115) PSYoungGen: 79776K(87040K)->60448K(93696K) Eden: 17408K(17408K)->0K(17408K) From: 62368K(69632K)->60448K(76288K)
[6.358s][info][gc,heap        ] GC(115) ParOldGen: 982392K(1053696K)->1001968K(1053696K)
[6.358s][info][gc,metaspace   ] GC(115) Metaspace: 6302K(6464K)->6302K(6464K) NonClass: 5768K(5824K)->5768K(5824K) Class: 533K(640K)->533K(640K)
[6.358s][info][gc             ] GC(115) Pause Young (Allocation Failure) 1037M->1037M(1120M) 39.435ms
[6.358s][info][gc,cpu         ] GC(115) User=0.25s Sys=0.02s Real=0.04s
[6.377s][info][gc,start       ] GC(116) Pause Young (Allocation Failure)
[6.416s][info][gc,heap        ] GC(116) PSYoungGen: 77856K(93696K)->56480K(98816K) Eden: 17408K(17408K)->0K(17920K) From: 60448K(76288K)->56480K(80896K)
[6.416s][info][gc,heap        ] GC(116) ParOldGen: 1001968K(1053696K)->1023632K(1053696K)
[6.416s][info][gc,metaspace   ] GC(116) Metaspace: 6302K(6464K)->6302K(6464K) NonClass: 5768K(5824K)->5768K(5824K) Class: 533K(640K)->533K(640K)
[6.416s][info][gc             ] GC(116) Pause Young (Allocation Failure) 1054M->1054M(1125M) 38.546ms
[6.416s][info][gc,cpu         ] GC(116) User=0.23s Sys=0.02s Real=0.04s
[6.416s][info][gc,start       ] GC(117) Pause Full (Ergonomics)
[6.416s][info][gc,phases,start] GC(117) Marking Phase
[6.652s][info][gc,phases      ] GC(117) Marking Phase 236.204ms
[6.652s][info][gc,phases,start] GC(117) Summary Phase
[6.652s][info][gc,phases      ] GC(117) Summary Phase 0.032ms
[6.652s][info][gc,phases,start] GC(117) Adjust Roots
[6.652s][info][gc,phases      ] GC(117) Adjust Roots 0.150ms
[6.652s][info][gc,phases,start] GC(117) Compaction Phase
[6.755s][info][gc,phases      ] GC(117) Compaction Phase 102.918ms
[6.755s][info][gc,phases,start] GC(117) Post Compact
[6.757s][info][gc,phases      ] GC(117) Post Compact 2.156ms
[6.758s][info][gc,heap        ] GC(117) PSYoungGen: 56480K(98816K)->25565K(98816K) Eden: 0K(17920K)->0K(17920K) From: 56480K(80896K)->25565K(80896K)
[6.758s][info][gc,heap        ] GC(117) ParOldGen: 1023632K(1053696K)->1053251K(1161216K)
[6.758s][info][gc,metaspace   ] GC(117) Metaspace: 6302K(6464K)->6302K(6464K) NonClass: 5768K(5824K)->5768K(5824K) Class: 533K(640K)->533K(640K)
[6.758s][info][gc             ] GC(117) Pause Full (Ergonomics) 1054M->1053M(1230M) 342.285ms
[6.758s][info][gc,cpu         ] GC(117) User=2.42s Sys=0.03s Real=0.34s
[6.780s][info][gc,start       ] GC(118) Pause Young (Allocation Failure)
[6.845s][info][gc,heap        ] GC(118) PSYoungGen: 43485K(98816K)->25696K(100352K) Eden: 17920K(17920K)->0K(17920K) From: 25565K(80896K)->25696K(82432K)
[6.845s][info][gc,heap        ] GC(118) ParOldGen: 1053251K(1161216K)->1071411K(1161216K)
[6.845s][info][gc,metaspace   ] GC(118) Metaspace: 6302K(6464K)->6302K(6464K) NonClass: 5768K(5824K)->5768K(5824K) Class: 533K(640K)->533K(640K)
[6.845s][info][gc             ] GC(118) Pause Young (Allocation Failure) 1071M->1071M(1232M) 64.901ms
[6.845s][info][gc,cpu         ] GC(118) User=0.39s Sys=0.00s Real=0.06s
[6.865s][info][gc,start       ] GC(119) Pause Young (Allocation Failure)
[6.890s][info][gc,heap        ] GC(119) PSYoungGen: 43616K(100352K)->35968K(94208K) Eden: 17920K(17920K)->0K(19968K) From: 25696K(82432K)->35968K(74240K)
[6.890s][info][gc,heap        ] GC(119) ParOldGen: 1071411K(1161216K)->1079171K(1161216K)
[6.890s][info][gc,metaspace   ] GC(119) Metaspace: 6302K(6464K)->6302K(6464K) NonClass: 5768K(5824K)->5768K(5824K) Class: 533K(640K)->533K(640K)
[6.890s][info][gc             ] GC(119) Pause Young (Allocation Failure) 1088M->1089M(1226M) 24.966ms
[6.890s][info][gc,cpu         ] GC(119) User=0.14s Sys=0.00s Real=0.03s
[6.913s][info][gc,start       ] GC(120) Pause Young (Allocation Failure)
[6.943s][info][gc,heap        ] GC(120) PSYoungGen: 55936K(94208K)->38016K(58368K) Eden: 19968K(19968K)->0K(19968K) From: 35968K(74240K)->38016K(38400K)
[6.943s][info][gc,heap        ] GC(120) ParOldGen: 1079171K(1161216K)->1097339K(1161216K)
[6.943s][info][gc,metaspace   ] GC(120) Metaspace: 6302K(6464K)->6302K(6464K) NonClass: 5768K(5824K)->5768K(5824K) Class: 533K(640K)->533K(640K)
[6.943s][info][gc             ] GC(120) Pause Young (Allocation Failure) 1108M->1108M(1191M) 30.129ms
[6.943s][info][gc,cpu         ] GC(120) User=0.12s Sys=0.02s Real=0.03s
[6.965s][info][gc,start       ] GC(121) Pause Young (Allocation Failure)
[6.996s][info][gc,heap        ] GC(121) PSYoungGen: 57984K(58368K)->40096K(90112K) Eden: 19968K(19968K)->0K(22528K) From: 38016K(38400K)->40096K(67584K)
[6.996s][info][gc,heap        ] GC(121) ParOldGen: 1097339K(1161216K)->1115507K(1161216K)
[6.996s][info][gc,metaspace   ] GC(121) Metaspace: 6302K(6464K)->6302K(6464K) NonClass: 5768K(5824K)->5768K(5824K) Class: 533K(640K)->533K(640K)
[6.996s][info][gc             ] GC(121) Pause Young (Allocation Failure) 1128M->1128M(1222M) 30.741ms
[6.996s][info][gc,cpu         ] GC(121) User=0.11s Sys=0.02s Real=0.03s
[7.023s][info][gc,start       ] GC(122) Pause Young (Allocation Failure)
[7.057s][info][gc,heap        ] GC(122) PSYoungGen: 62624K(90112K)->42656K(93696K) Eden: 22528K(22528K)->0K(22528K) From: 40096K(67584K)->42656K(71168K)
[7.057s][info][gc,heap        ] GC(122) ParOldGen: 1115507K(1161216K)->1135755K(1161216K)
[7.057s][info][gc,metaspace   ] GC(122) Metaspace: 6302K(6464K)->6302K(6464K) NonClass: 5768K(5824K)->5768K(5824K) Class: 533K(640K)->533K(640K)
[7.057s][info][gc             ] GC(122) Pause Young (Allocation Failure) 1150M->1150M(1225M) 33.606ms
[7.057s][info][gc,cpu         ] GC(122) User=0.14s Sys=0.00s Real=0.03s
[7.057s][info][gc,start       ] GC(123) Pause Full (Ergonomics)
[7.057s][info][gc,phases,start] GC(123) Marking Phase
[7.329s][info][gc,phases      ] GC(123) Marking Phase 271.716ms
[7.329s][info][gc,phases,start] GC(123) Summary Phase
[7.329s][info][gc,phases      ] GC(123) Summary Phase 0.033ms
[7.329s][info][gc,phases,start] GC(123) Adjust Roots
[7.329s][info][gc,phases      ] GC(123) Adjust Roots 0.153ms
[7.329s][info][gc,phases,start] GC(123) Compaction Phase
[7.432s][info][gc,phases      ] GC(123) Compaction Phase 102.970ms
[7.432s][info][gc,phases,start] GC(123) Post Compact
[7.434s][info][gc,phases      ] GC(123) Post Compact 2.177ms
[7.435s][info][gc,heap        ] GC(123) PSYoungGen: 42656K(93696K)->15867K(93696K) Eden: 0K(22528K)->0K(22528K) From: 42656K(71168K)->15867K(71168K)
[7.435s][info][gc,heap        ] GC(123) ParOldGen: 1135755K(1161216K)->1161107K(1277952K)
[7.435s][info][gc,metaspace   ] GC(123) Metaspace: 6302K(6464K)->6302K(6464K) NonClass: 5768K(5824K)->5768K(5824K) Class: 533K(640K)->533K(640K)
[7.435s][info][gc             ] GC(123) Pause Full (Ergonomics) 1150M->1149M(1339M) 377.832ms
[7.435s][info][gc,cpu         ] GC(123) User=2.61s Sys=0.03s Real=0.38s
[7.463s][info][gc,start       ] GC(124) Pause Young (Allocation Failure)
[7.530s][info][gc,heap        ] GC(124) PSYoungGen: 38395K(93696K)->29600K(92160K) Eden: 22528K(22528K)->0K(25088K) From: 15867K(71168K)->29600K(67072K)
[7.530s][info][gc,heap        ] GC(124) ParOldGen: 1161107K(1277952K)->1170219K(1277952K)
[7.530s][info][gc,metaspace   ] GC(124) Metaspace: 6302K(6464K)->6302K(6464K) NonClass: 5768K(5824K)->5768K(5824K) Class: 533K(640K)->533K(640K)
[7.530s][info][gc             ] GC(124) Pause Young (Allocation Failure) 1171M->1171M(1338M) 67.592ms
[7.530s][info][gc,cpu         ] GC(124) User=0.50s Sys=0.00s Real=0.07s
[7.562s][info][gc,start       ] GC(125) Pause Young (Allocation Failure)
[7.593s][info][gc,heap        ] GC(125) PSYoungGen: 54688K(92160K)->54720K(93184K) Eden: 25088K(25088K)->0K(25088K) From: 29600K(67072K)->54720K(68096K)
[7.593s][info][gc,heap        ] GC(125) ParOldGen: 1170219K(1277952K)->1170219K(1277952K)
[7.593s][info][gc,metaspace   ] GC(125) Metaspace: 6302K(6464K)->6302K(6464K) NonClass: 5768K(5824K)->5768K(5824K) Class: 533K(640K)->533K(640K)
[7.593s][info][gc             ] GC(125) Pause Young (Allocation Failure) 1196M->1196M(1339M) 30.856ms
[7.593s][info][gc,cpu         ] GC(125) User=0.14s Sys=0.00s Real=0.03s
[7.623s][info][gc,start       ] GC(126) Pause Young (Allocation Failure)
[7.664s][info][gc,heap        ] GC(126) PSYoungGen: 79808K(93184K)->71168K(87552K) Eden: 25088K(25088K)->0K(16384K) From: 54720K(68096K)->71168K(71168K)
[7.665s][info][gc,heap        ] GC(126) ParOldGen: 1170219K(1277952K)->1178875K(1277952K)
[7.665s][info][gc,metaspace   ] GC(126) Metaspace: 6302K(6464K)->6302K(6464K) NonClass: 5768K(5824K)->5768K(5824K) Class: 533K(640K)->533K(640K)
[7.665s][info][gc             ] GC(126) Pause Young (Allocation Failure) 1220M->1220M(1333M) 41.635ms
[7.665s][info][gc,cpu         ] GC(126) User=0.22s Sys=0.03s Real=0.04s
[7.684s][info][gc,start       ] GC(127) Pause Young (Allocation Failure)
[7.727s][info][gc,heap        ] GC(127) PSYoungGen: 87552K(87552K)->62496K(98816K) Eden: 16384K(16384K)->0K(16384K) From: 71168K(71168K)->62496K(82432K)
[7.727s][info][gc,heap        ] GC(127) ParOldGen: 1178875K(1277952K)->1204379K(1277952K)
[7.727s][info][gc,metaspace   ] GC(127) Metaspace: 6302K(6464K)->6302K(6464K) NonClass: 5768K(5824K)->5768K(5824K) Class: 533K(640K)->533K(640K)
[7.727s][info][gc             ] GC(127) Pause Young (Allocation Failure) 1236M->1237M(1344M) 43.589ms
[7.727s][info][gc,cpu         ] GC(127) User=0.22s Sys=0.03s Real=0.04s
[7.748s][info][gc,start       ] GC(128) Pause Young (Allocation Failure)
[7.788s][info][gc,heap        ] GC(128) PSYoungGen: 78880K(98816K)->56736K(103936K) Eden: 16384K(16384K)->0K(18432K) From: 62496K(82432K)->56736K(85504K)
[7.788s][info][gc,heap        ] GC(128) ParOldGen: 1204379K(1277952K)->1226851K(1277952K)
[7.788s][info][gc,metaspace   ] GC(128) Metaspace: 6302K(6464K)->6302K(6464K) NonClass: 5768K(5824K)->5768K(5824K) Class: 533K(640K)->533K(640K)
[7.788s][info][gc             ] GC(128) Pause Young (Allocation Failure) 1253M->1253M(1349M) 39.780ms
[7.788s][info][gc,cpu         ] GC(128) User=0.23s Sys=0.02s Real=0.04s
[7.811s][info][gc,start       ] GC(129) Pause Young (Allocation Failure)
[7.850s][info][gc,heap        ] GC(129) PSYoungGen: 75168K(103936K)->51360K(103936K) Eden: 18432K(18432K)->0K(18432K) From: 56736K(85504K)->51360K(85504K)
[7.850s][info][gc,heap        ] GC(129) ParOldGen: 1226851K(1277952K)->1250987K(1277952K)
[7.850s][info][gc,metaspace   ] GC(129) Metaspace: 6302K(6464K)->6302K(6464K) NonClass: 5768K(5824K)->5768K(5824K) Class: 533K(640K)->533K(640K)
[7.850s][info][gc             ] GC(129) Pause Young (Allocation Failure) 1271M->1271M(1349M) 39.068ms
[7.850s][info][gc,cpu         ] GC(129) User=0.25s Sys=0.00s Real=0.04s
[7.850s][info][gc,start       ] GC(130) Pause Full (Ergonomics)
[7.850s][info][gc,phases,start] GC(130) Marking Phase
[8.143s][info][gc,phases      ] GC(130) Marking Phase 293.727ms
[8.144s][info][gc,phases,start] GC(130) Summary Phase
[8.144s][info][gc,phases      ] GC(130) Summary Phase 0.035ms
[8.144s][info][gc,phases,start] GC(130) Adjust Roots
[8.144s][info][gc,phases      ] GC(130) Adjust Roots 0.156ms
[8.144s][info][gc,phases,start] GC(130) Compaction Phase
[8.252s][info][gc,phases      ] GC(130) Compaction Phase 107.812ms
[8.252s][info][gc,phases,start] GC(130) Post Compact
[8.254s][info][gc,phases      ] GC(130) Post Compact 2.154ms
[8.254s][info][gc,heap        ] GC(130) PSYoungGen: 51360K(103936K)->23004K(103936K) Eden: 0K(18432K)->0K(18432K) From: 51360K(85504K)->23004K(85504K)
[8.254s][info][gc,heap        ] GC(130) ParOldGen: 1250987K(1277952K)->1277695K(1405952K)
[8.254s][info][gc,metaspace   ] GC(130) Metaspace: 6302K(6464K)->6302K(6464K) NonClass: 5768K(5824K)->5768K(5824K) Class: 533K(640K)->533K(640K)
[8.254s][info][gc             ] GC(130) Pause Full (Ergonomics) 1271M->1270M(1474M) 404.690ms
[8.254s][info][gc,cpu         ] GC(130) User=3.03s Sys=0.03s Real=0.40s
[8.271s][info][gc,start       ] GC(131) Pause Young (Allocation Failure)
[8.342s][info][gc,heap        ] GC(131) PSYoungGen: 41436K(103936K)->18016K(102400K) Eden: 18432K(18432K)->0K(19456K) From: 23004K(85504K)->18016K(82944K)
[8.342s][info][gc,heap        ] GC(131) ParOldGen: 1277695K(1405952K)->1292799K(1405952K)
[8.342s][info][gc,metaspace   ] GC(131) Metaspace: 6302K(6464K)->6302K(6464K) NonClass: 5768K(5824K)->5768K(5824K) Class: 533K(640K)->533K(640K)
[8.342s][info][gc             ] GC(131) Pause Young (Allocation Failure) 1288M->1280M(1473M) 70.802ms
[8.342s][info][gc,cpu         ] GC(131) User=0.42s Sys=0.02s Real=0.07s
[8.358s][info][gc,start       ] GC(132) Pause Young (Allocation Failure)
[8.377s][info][gc,heap        ] GC(132) PSYoungGen: 37472K(102400K)->19968K(103936K) Eden: 19456K(19456K)->0K(19456K) From: 18016K(82944K)->19968K(84480K)
[8.377s][info][gc,heap        ] GC(132) ParOldGen: 1292799K(1405952K)->1301047K(1405952K)
[8.377s][info][gc,metaspace   ] GC(132) Metaspace: 6302K(6464K)->6302K(6464K) NonClass: 5768K(5824K)->5768K(5824K) Class: 533K(640K)->533K(640K)
[8.377s][info][gc             ] GC(132) Pause Young (Allocation Failure) 1299M->1290M(1474M) 19.103ms
[8.377s][info][gc,cpu         ] GC(132) User=0.03s Sys=0.00s Real=0.02s
[8.403s][info][gc,start       ] GC(133) Pause Young (Allocation Failure)
[8.427s][info][gc,heap        ] GC(133) PSYoungGen: 39424K(103936K)->29376K(102400K) Eden: 19456K(19456K)->0K(21504K) From: 19968K(84480K)->29376K(80896K)
[8.427s][info][gc,heap        ] GC(133) ParOldGen: 1301047K(1405952K)->1310967K(1405952K)
[8.427s][info][gc,metaspace   ] GC(133) Metaspace: 6302K(6464K)->6302K(6464K) NonClass: 5768K(5824K)->5768K(5824K) Class: 533K(640K)->533K(640K)
[8.427s][info][gc             ] GC(133) Pause Young (Allocation Failure) 1309M->1308M(1473M) 24.562ms
[8.427s][info][gc,cpu         ] GC(133) User=0.12s Sys=0.00s Real=0.02s
[8.453s][info][gc,start       ] GC(134) Pause Young (Allocation Failure)
[8.483s][info][gc,heap        ] GC(134) PSYoungGen: 50880K(102400K)->40800K(62464K) Eden: 21504K(21504K)->0K(21504K) From: 29376K(80896K)->40800K(40960K)
[8.483s][info][gc,heap        ] GC(134) ParOldGen: 1310967K(1405952K)->1321215K(1405952K)
[8.483s][info][gc,metaspace   ] GC(134) Metaspace: 6302K(6464K)->6302K(6464K) NonClass: 5768K(5824K)->5768K(5824K) Class: 533K(640K)->533K(640K)
[8.483s][info][gc             ] GC(134) Pause Young (Allocation Failure) 1329M->1330M(1434M) 30.040ms
[8.483s][info][gc,cpu         ] GC(134) User=0.14s Sys=0.00s Real=0.03s
[8.511s][info][gc,start       ] GC(135) Pause Young (Allocation Failure)
[8.545s][info][gc,heap        ] GC(135) PSYoungGen: 62304K(62464K)->43168K(96768K) Eden: 21504K(21504K)->0K(24064K) From: 40800K(40960K)->43168K(72704K)
[8.545s][info][gc,heap        ] GC(135) ParOldGen: 1321215K(1405952K)->1340631K(1405952K)
[8.545s][info][gc,metaspace   ] GC(135) Metaspace: 6302K(6464K)->6302K(6464K) NonClass: 5768K(5824K)->5768K(5824K) Class: 533K(640K)->533K(640K)
[8.545s][info][gc             ] GC(135) Pause Young (Allocation Failure) 1351M->1351M(1467M) 33.965ms
[8.545s][info][gc,cpu         ] GC(135) User=0.12s Sys=0.03s Real=0.03s
[8.576s][info][gc,start       ] GC(136) Pause Young (Allocation Failure)
[8.612s][info][gc,heap        ] GC(136) PSYoungGen: 67232K(96768K)->45696K(99840K) Eden: 24064K(24064K)->0K(24064K) From: 43168K(72704K)->45696K(75776K)
[8.613s][info][gc,heap        ] GC(136) ParOldGen: 1340631K(1405952K)->1362447K(1405952K)
[8.613s][info][gc,metaspace   ] GC(136) Metaspace: 6302K(6464K)->6302K(6464K) NonClass: 5768K(5824K)->5768K(5824K) Class: 533K(640K)->533K(640K)
[8.613s][info][gc             ] GC(136) Pause Young (Allocation Failure) 1374M->1375M(1470M) 36.936ms
[8.613s][info][gc,cpu         ] GC(136) User=0.25s Sys=0.00s Real=0.04s
[8.874s][info][gc,start       ] GC(137) Pause Young (Allocation Failure)
[8.940s][info][gc,heap        ] GC(137) PSYoungGen: 69760K(99840K)->48288K(98304K) Eden: 24064K(24064K)->0K(26624K) From: 45696K(75776K)->48288K(71680K)
[8.940s][info][gc,heap        ] GC(137) ParOldGen: 1427983K(1472000K)->1449759K(1472000K)
[8.940s][info][gc,metaspace   ] GC(137) Metaspace: 6302K(6464K)->6302K(6464K) NonClass: 5768K(5824K)->5768K(5824K) Class: 533K(640K)->533K(640K)
[8.940s][info][gc             ] GC(137) Pause Young (Allocation Failure) 1462M->1462M(1533M) 66.220ms
[8.940s][info][gc,cpu         ] GC(137) User=0.47s Sys=0.02s Real=0.07s
[8.940s][info][gc,start       ] GC(138) Pause Full (Ergonomics)
[8.940s][info][gc,phases,start] GC(138) Marking Phase
[9.265s][info][gc,phases      ] GC(138) Marking Phase 324.578ms
[9.265s][info][gc,phases,start] GC(138) Summary Phase
[9.265s][info][gc,phases      ] GC(138) Summary Phase 0.068ms
[9.265s][info][gc,phases,start] GC(138) Adjust Roots
[9.265s][info][gc,phases      ] GC(138) Adjust Roots 0.204ms
[9.265s][info][gc,phases,start] GC(138) Compaction Phase
[9.504s][info][gc,phases      ] GC(138) Compaction Phase 238.480ms
[9.504s][info][gc,phases,start] GC(138) Post Compact
[9.507s][info][gc,phases      ] GC(138) Post Compact 2.885ms
[9.507s][info][gc,heap        ] GC(138) PSYoungGen: 48288K(98304K)->0K(99840K) Eden: 0K(26624K)->0K(26624K) From: 48288K(71680K)->0K(73216K)
[9.507s][info][gc,heap        ] GC(138) ParOldGen: 1449759K(1472000K)->1463431K(1599488K)
[9.507s][info][gc,metaspace   ] GC(138) Metaspace: 6302K(6464K)->6302K(6464K) NonClass: 5768K(5824K)->5768K(5824K) Class: 533K(640K)->533K(640K)
[9.508s][info][gc             ] GC(138) Pause Full (Ergonomics) 1462M->1429M(1659M) 567.040ms
[9.508s][info][gc,cpu         ] GC(138) User=3.83s Sys=0.02s Real=0.57s
[9.537s][info][gc,start       ] GC(139) Pause Young (Allocation Failure)
[9.560s][info][gc,heap        ] GC(139) PSYoungGen: 26624K(99840K)->26784K(100864K) Eden: 26624K(26624K)->0K(29184K) From: 0K(73216K)->26784K(71680K)
[9.560s][info][gc,heap        ] GC(139) ParOldGen: 1463431K(1599488K)->1463431K(1599488K)
[9.560s][info][gc,metaspace   ] GC(139) Metaspace: 6302K(6464K)->6302K(6464K) NonClass: 5768K(5824K)->5768K(5824K) Class: 533K(640K)->533K(640K)
[9.560s][info][gc             ] GC(139) Pause Young (Allocation Failure) 1455M->1455M(1660M) 22.455ms
[9.560s][info][gc,cpu         ] GC(139) User=0.03s Sys=0.00s Real=0.02s
[9.586s][info][gc,start       ] GC(140) Pause Young (Allocation Failure)
[9.616s][info][gc,heap        ] GC(140) PSYoungGen: 55968K(100864K)->56032K(101888K) Eden: 29184K(29184K)->0K(29184K) From: 26784K(71680K)->56032K(72704K)
[9.616s][info][gc,heap        ] GC(140) ParOldGen: 1463431K(1599488K)->1463431K(1599488K)
[9.616s][info][gc,metaspace   ] GC(140) Metaspace: 6302K(6464K)->6302K(6464K) NonClass: 5768K(5824K)->5768K(5824K) Class: 533K(640K)->533K(640K)
[9.616s][info][gc             ] GC(140) Pause Young (Allocation Failure) 1483M->1483M(1661M) 30.366ms
[9.616s][info][gc,cpu         ] GC(140) User=0.05s Sys=0.00s Real=0.03s
[9.644s][info][gc,start       ] GC(141) Pause Young (Allocation Failure)
[9.686s][info][gc,heap        ] GC(141) PSYoungGen: 85216K(101888K)->75264K(94720K) Eden: 29184K(29184K)->0K(19456K) From: 56032K(72704K)->75264K(75264K)
[9.686s][info][gc,heap        ] GC(141) ParOldGen: 1463431K(1599488K)->1473383K(1599488K)
[9.686s][info][gc,metaspace   ] GC(141) Metaspace: 6302K(6464K)->6302K(6464K) NonClass: 5768K(5824K)->5768K(5824K) Class: 533K(640K)->533K(640K)
[9.686s][info][gc             ] GC(141) Pause Young (Allocation Failure) 1512M->1512M(1654M) 41.989ms
[9.686s][info][gc,cpu         ] GC(141) User=0.23s Sys=0.03s Real=0.04s
[9.707s][info][gc,start       ] GC(142) Pause Young (Allocation Failure)
[9.751s][info][gc,heap        ] GC(142) PSYoungGen: 94720K(94720K)->88064K(107520K) Eden: 19456K(19456K)->0K(19456K) From: 75264K(75264K)->88064K(88064K)
[9.751s][info][gc,heap        ] GC(142) ParOldGen: 1473383K(1599488K)->1480159K(1599488K)
[9.751s][info][gc,metaspace   ] GC(142) Metaspace: 6302K(6464K)->6302K(6464K) NonClass: 5768K(5824K)->5768K(5824K) Class: 533K(640K)->533K(640K)
[9.751s][info][gc             ] GC(142) Pause Young (Allocation Failure) 1531M->1531M(1667M) 43.858ms
[9.751s][info][gc,cpu         ] GC(142) User=0.27s Sys=0.00s Real=0.04s
[9.772s][info][gc,start       ] GC(143) Pause Young (Allocation Failure)
[9.822s][info][gc,heap        ] GC(143) PSYoungGen: 107520K(107520K)->59552K(120320K) Eden: 19456K(19456K)->0K(22016K) From: 88064K(88064K)->59552K(98304K)
[9.822s][info][gc,heap        ] GC(143) ParOldGen: 1480159K(1599488K)->1528815K(1599488K)
[9.822s][info][gc,metaspace   ] GC(143) Metaspace: 6302K(6464K)->6302K(6464K) NonClass: 5768K(5824K)->5768K(5824K) Class: 533K(640K)->533K(640K)
[9.822s][info][gc             ] GC(143) Pause Young (Allocation Failure) 1550M->1551M(1679M) 50.280ms
[9.822s][info][gc,cpu         ] GC(143) User=0.36s Sys=0.02s Real=0.05s
[9.846s][info][gc,start       ] GC(144) Pause Young (Allocation Failure)
[9.887s][info][gc,heap        ] GC(144) PSYoungGen: 81568K(120320K)->57440K(121856K) Eden: 22016K(22016K)->0K(22016K) From: 59552K(98304K)->57440K(99840K)
[9.887s][info][gc,heap        ] GC(144) ParOldGen: 1528815K(1599488K)->1553231K(1599488K)
[9.887s][info][gc,metaspace   ] GC(144) Metaspace: 6302K(6464K)->6302K(6464K) NonClass: 5768K(5824K)->5768K(5824K) Class: 533K(640K)->533K(640K)
[9.887s][info][gc             ] GC(144) Pause Young (Allocation Failure) 1572M->1572M(1681M) 40.682ms
[9.887s][info][gc,cpu         ] GC(144) User=0.27s Sys=0.00s Real=0.04s
[9.910s][info][gc,start       ] GC(145) Pause Young (Allocation Failure)
[9.951s][info][gc,heap        ] GC(145) PSYoungGen: 79456K(121856K)->44192K(116736K) Eden: 22016K(22016K)->0K(25088K) From: 57440K(99840K)->44192K(91648K)
[9.951s][info][gc,heap        ] GC(145) ParOldGen: 1553231K(1599488K)->1589007K(1599488K)
[9.951s][info][gc,metaspace   ] GC(145) Metaspace: 6302K(6464K)->6302K(6464K) NonClass: 5768K(5824K)->5768K(5824K) Class: 533K(640K)->533K(640K)
[9.951s][info][gc             ] GC(145) Pause Young (Allocation Failure) 1594M->1594M(1676M) 40.747ms
[9.951s][info][gc,cpu         ] GC(145) User=0.23s Sys=0.03s Real=0.04s
[9.951s][info][gc,start       ] GC(146) Pause Full (Ergonomics)
[9.951s][info][gc,phases,start] GC(146) Marking Phase
[10.325s][info][gc,phases      ] GC(146) Marking Phase 373.577ms
[10.325s][info][gc,phases,start] GC(146) Summary Phase
[10.325s][info][gc,phases      ] GC(146) Summary Phase 0.049ms
[10.325s][info][gc,phases,start] GC(146) Adjust Roots
[10.325s][info][gc,phases      ] GC(146) Adjust Roots 0.290ms
[10.325s][info][gc,phases,start] GC(146) Compaction Phase
[10.779s][info][gc,phases      ] GC(146) Compaction Phase 454.068ms
[10.779s][info][gc,phases,start] GC(146) Post Compact
[10.782s][info][gc,phases      ] GC(146) Post Compact 3.050ms
[10.783s][info][gc,heap        ] GC(146) PSYoungGen: 44192K(116736K)->31702K(119296K) Eden: 0K(25088K)->0K(27648K) From: 44192K(91648K)->31702K(91648K)
[10.783s][info][gc,heap        ] GC(146) ParOldGen: 1589007K(1599488K)->1599450K(1760256K)
[10.783s][info][gc,metaspace   ] GC(146) Metaspace: 6302K(6464K)->6302K(6464K) NonClass: 5768K(5824K)->5768K(5824K) Class: 533K(640K)->533K(640K)
[10.783s][info][gc             ] GC(146) Pause Full (Ergonomics) 1594M->1592M(1835M) 831.945ms
[10.783s][info][gc,cpu         ] GC(146) User=5.58s Sys=0.00s Real=0.83s
[10.813s][info][gc,start       ] GC(147) Pause Young (Allocation Failure)
[10.904s][info][gc,heap        ] GC(147) PSYoungGen: 59350K(119296K)->27808K(121856K) Eden: 27648K(27648K)->0K(27648K) From: 31702K(91648K)->27808K(94208K)
[10.904s][info][gc,heap        ] GC(147) ParOldGen: 1599450K(1760256K)->1631562K(1760256K)
[10.904s][info][gc,metaspace   ] GC(147) Metaspace: 6302K(6464K)->6302K(6464K) NonClass: 5768K(5824K)->5768K(5824K) Class: 533K(640K)->533K(640K)
[10.904s][info][gc             ] GC(147) Pause Young (Allocation Failure) 1619M->1620M(1838M) 91.215ms
[10.904s][info][gc,cpu         ] GC(147) User=0.62s Sys=0.00s Real=0.09s
[10.934s][info][gc,start       ] GC(148) Pause Young (Allocation Failure)
[10.969s][info][gc,heap        ] GC(148) PSYoungGen: 55456K(121856K)->55520K(120320K) Eden: 27648K(27648K)->0K(30720K) From: 27808K(94208K)->55520K(89600K)
[10.969s][info][gc,heap        ] GC(148) ParOldGen: 1631562K(1760256K)->1631562K(1760256K)
[10.969s][info][gc,metaspace   ] GC(148) Metaspace: 6302K(6464K)->6302K(6464K) NonClass: 5768K(5824K)->5768K(5824K) Class: 533K(640K)->533K(640K)
[10.969s][info][gc             ] GC(148) Pause Young (Allocation Failure) 1647M->1647M(1836M) 34.708ms
[10.969s][info][gc,cpu         ] GC(148) User=0.20s Sys=0.00s Real=0.04s
[10.999s][info][gc,start       ] GC(149) Pause Young (Allocation Failure)
[11.044s][info][gc,heap        ] GC(149) PSYoungGen: 86240K(120320K)->86208K(122368K) Eden: 30720K(30720K)->0K(30720K) From: 55520K(89600K)->86208K(91648K)
[11.044s][info][gc,heap        ] GC(149) ParOldGen: 1631562K(1760256K)->1631562K(1760256K)
[11.044s][info][gc,metaspace   ] GC(149) Metaspace: 6302K(6464K)->6302K(6464K) NonClass: 5768K(5824K)->5768K(5824K) Class: 533K(640K)->533K(640K)
[11.044s][info][gc             ] GC(149) Pause Young (Allocation Failure) 1677M->1677M(1838M) 44.706ms
[11.044s][info][gc,cpu         ] GC(149) User=0.25s Sys=0.00s Real=0.04s
[11.077s][info][gc,start       ] GC(150) Pause Young (Allocation Failure)
[11.135s][info][gc,heap        ] GC(150) PSYoungGen: 116928K(122368K)->89248K(126464K) Eden: 30720K(30720K)->0K(25600K) From: 86208K(91648K)->89248K(100864K)
[11.135s][info][gc,heap        ] GC(150) ParOldGen: 1631562K(1760256K)->1659578K(1760256K)
[11.135s][info][gc,metaspace   ] GC(150) Metaspace: 6302K(6464K)->6302K(6464K) NonClass: 5768K(5824K)->5768K(5824K) Class: 533K(640K)->533K(640K)
[11.135s][info][gc             ] GC(150) Pause Young (Allocation Failure) 1707M->1707M(1842M) 57.982ms
[11.135s][info][gc,cpu         ] GC(150) User=0.31s Sys=0.08s Real=0.06s
[11.161s][info][gc,start       ] GC(151) Pause Young (Allocation Failure)
[11.217s][info][gc,heap        ] GC(151) PSYoungGen: 114848K(126464K)->87264K(135168K) Eden: 25600K(25600K)->0K(25600K) From: 89248K(100864K)->87264K(109568K)
[11.217s][info][gc,heap        ] GC(151) ParOldGen: 1659578K(1760256K)->1687578K(1760256K)
[11.217s][info][gc,metaspace   ] GC(151) Metaspace: 6302K(6464K)->6302K(6464K) NonClass: 5768K(5824K)->5768K(5824K) Class: 533K(640K)->533K(640K)
[11.217s][info][gc             ] GC(151) Pause Young (Allocation Failure) 1732M->1733M(1851M) 55.864ms
[11.217s][info][gc,cpu         ] GC(151) User=0.38s Sys=0.02s Real=0.06s
[11.246s][info][gc,start       ] GC(152) Pause Young (Allocation Failure)
[11.301s][info][gc,heap        ] GC(152) PSYoungGen: 112864K(135168K)->82112K(141312K) Eden: 25600K(25600K)->0K(26112K) From: 87264K(109568K)->82112K(115200K)
[11.302s][info][gc,heap        ] GC(152) ParOldGen: 1687578K(1760256K)->1718714K(1760256K)
[11.302s][info][gc,metaspace   ] GC(152) Metaspace: 6302K(6464K)->6302K(6464K) NonClass: 5768K(5824K)->5768K(5824K) Class: 533K(640K)->533K(640K)
[11.302s][info][gc             ] GC(152) Pause Young (Allocation Failure) 1758M->1758M(1857M) 55.191ms
[11.302s][info][gc,cpu         ] GC(152) User=0.38s Sys=0.00s Real=0.06s
[11.302s][info][gc,start       ] GC(153) Pause Full (Ergonomics)
[11.302s][info][gc,phases,start] GC(153) Marking Phase
[11.699s][info][gc,phases      ] GC(153) Marking Phase 397.435ms
[11.699s][info][gc,phases,start] GC(153) Summary Phase
[11.699s][info][gc,phases      ] GC(153) Summary Phase 0.041ms
[11.699s][info][gc,phases,start] GC(153) Adjust Roots
[11.699s][info][gc,phases      ] GC(153) Adjust Roots 0.173ms
[11.699s][info][gc,phases,start] GC(153) Compaction Phase
[11.880s][info][gc,phases      ] GC(153) Compaction Phase 181.058ms
[11.881s][info][gc,phases,start] GC(153) Post Compact
[11.884s][info][gc,phases      ] GC(153) Post Compact 3.593ms
[11.885s][info][gc,heap        ] GC(153) PSYoungGen: 82112K(141312K)->38907K(141312K) Eden: 0K(26112K)->0K(26112K) From: 82112K(115200K)->38907K(115200K)
[11.885s][info][gc,heap        ] GC(153) ParOldGen: 1718714K(1760256K)->1759990K(1936384K)
[11.885s][info][gc,metaspace   ] GC(153) Metaspace: 6302K(6464K)->6302K(6464K) NonClass: 5768K(5824K)->5768K(5824K) Class: 533K(640K)->533K(640K)
[11.885s][info][gc             ] GC(153) Pause Full (Ergonomics) 1758M->1756M(2029M) 583.510ms
[11.885s][info][gc,cpu         ] GC(153) User=4.14s Sys=0.02s Real=0.58s
[11.915s][info][gc,start       ] GC(154) Pause Young (Allocation Failure)
[12.017s][info][gc,heap        ] GC(154) PSYoungGen: 65019K(141312K)->38560K(143872K) Eden: 26112K(26112K)->0K(26112K) From: 38907K(115200K)->38560K(117760K)
[12.017s][info][gc,heap        ] GC(154) ParOldGen: 1759990K(1936384K)->1786958K(1936384K)
[12.017s][info][gc,metaspace   ] GC(154) Metaspace: 6302K(6464K)->6302K(6464K) NonClass: 5768K(5824K)->5768K(5824K) Class: 533K(640K)->533K(640K)
[12.017s][info][gc             ] GC(154) Pause Young (Allocation Failure) 1782M->1782M(2031M) 102.018ms
[12.017s][info][gc,cpu         ] GC(154) User=0.75s Sys=0.00s Real=0.10s
[12.043s][info][gc,start       ] GC(155) Pause Young (Allocation Failure)
[12.080s][info][gc,heap        ] GC(155) PSYoungGen: 64672K(143872K)->64704K(138240K) Eden: 26112K(26112K)->0K(29184K) From: 38560K(117760K)->64704K(109056K)
[12.080s][info][gc,heap        ] GC(155) ParOldGen: 1786958K(1936384K)->1786958K(1936384K)
[12.080s][info][gc,metaspace   ] GC(155) Metaspace: 6302K(6464K)->6302K(6464K) NonClass: 5768K(5824K)->5768K(5824K) Class: 533K(640K)->533K(640K)
[12.080s][info][gc             ] GC(155) Pause Young (Allocation Failure) 1808M->1808M(2026M) 36.676ms
[12.080s][info][gc,cpu         ] GC(155) User=0.16s Sys=0.00s Real=0.04s
[12.115s][info][gc,start       ] GC(156) Pause Young (Allocation Failure)
[12.162s][info][gc,heap        ] GC(156) PSYoungGen: 93888K(138240K)->81632K(141824K) Eden: 29184K(29184K)->0K(29184K) From: 64704K(109056K)->81632K(112640K)
[12.162s][info][gc,heap        ] GC(156) ParOldGen: 1786958K(1936384K)->1799398K(1936384K)
[12.162s][info][gc,metaspace   ] GC(156) Metaspace: 6302K(6464K)->6302K(6464K) NonClass: 5768K(5824K)->5768K(5824K) Class: 533K(640K)->533K(640K)
[12.162s][info][gc             ] GC(156) Pause Young (Allocation Failure) 1836M->1836M(2029M) 47.516ms
[12.162s][info][gc,cpu         ] GC(156) User=0.25s Sys=0.02s Real=0.05s
[12.196s][info][gc,start       ] GC(157) Pause Young (Allocation Failure)
[12.251s][info][gc,heap        ] GC(157) PSYoungGen: 110816K(141824K)->84704K(144896K) Eden: 29184K(29184K)->0K(29696K) From: 81632K(112640K)->84704K(115200K)
[12.251s][info][gc,heap        ] GC(157) ParOldGen: 1799398K(1936384K)->1825854K(1936384K)
[12.251s][info][gc,metaspace   ] GC(157) Metaspace: 6302K(6464K)->6302K(6464K) NonClass: 5768K(5824K)->5768K(5824K) Class: 533K(640K)->533K(640K)
[12.251s][info][gc             ] GC(157) Pause Young (Allocation Failure) 1865M->1865M(2032M) 55.118ms
[12.251s][info][gc,cpu         ] GC(157) User=0.48s Sys=0.00s Real=0.06s
[12.283s][info][gc,start       ] GC(158) Pause Young (Allocation Failure)
[12.339s][info][gc,heap        ] GC(158) PSYoungGen: 114400K(144896K)->88288K(147968K) Eden: 29696K(29696K)->0K(29696K) From: 84704K(115200K)->88288K(118272K)
[12.339s][info][gc,heap        ] GC(158) ParOldGen: 1825854K(1936384K)->1852310K(1936384K)
[12.339s][info][gc,metaspace   ] GC(158) Metaspace: 6302K(6464K)->6302K(6464K) NonClass: 5768K(5824K)->5768K(5824K) Class: 533K(640K)->533K(640K)
[12.339s][info][gc             ] GC(158) Pause Young (Allocation Failure) 1894M->1895M(2035M) 55.669ms
[12.339s][info][gc,cpu         ] GC(158) User=0.39s Sys=0.00s Real=0.06s
[12.374s][info][gc,start       ] GC(159) Pause Young (Allocation Failure)
[12.433s][info][gc,heap        ] GC(159) PSYoungGen: 117984K(147968K)->88832K(152064K) Eden: 29696K(29696K)->0K(30720K) From: 88288K(118272K)->88832K(121344K)
[12.433s][info][gc,heap        ] GC(159) ParOldGen: 1852310K(1936384K)->1881894K(1936384K)
[12.433s][info][gc,metaspace   ] GC(159) Metaspace: 6302K(6464K)->6302K(6464K) NonClass: 5768K(5824K)->5768K(5824K) Class: 533K(640K)->533K(640K)
[12.433s][info][gc             ] GC(159) Pause Young (Allocation Failure) 1924M->1924M(2039M) 58.795ms
[12.433s][info][gc,cpu         ] GC(159) User=0.36s Sys=0.02s Real=0.06s
[12.470s][info][gc,start       ] GC(160) Pause Young (Allocation Failure)
[12.530s][info][gc,heap        ] GC(160) PSYoungGen: 119552K(152064K)->90336K(154624K) Eden: 30720K(30720K)->0K(30720K) From: 88832K(121344K)->90336K(123904K)
[12.530s][info][gc,heap        ] GC(160) ParOldGen: 1881894K(1936384K)->1911462K(1936384K)
[12.530s][info][gc,metaspace   ] GC(160) Metaspace: 6302K(6464K)->6302K(6464K) NonClass: 5768K(5824K)->5768K(5824K) Class: 533K(640K)->533K(640K)
[12.530s][info][gc             ] GC(160) Pause Young (Allocation Failure) 1954M->1954M(2042M) 59.454ms
[12.530s][info][gc,cpu         ] GC(160) User=0.38s Sys=0.02s Real=0.06s
[12.530s][info][gc,start       ] GC(161) Pause Full (Ergonomics)
[12.530s][info][gc,phases,start] GC(161) Marking Phase
[12.971s][info][gc,phases      ] GC(161) Marking Phase 440.813ms
[12.971s][info][gc,phases,start] GC(161) Summary Phase
[12.971s][info][gc,phases      ] GC(161) Summary Phase 0.033ms
[12.971s][info][gc,phases,start] GC(161) Adjust Roots
[12.971s][info][gc,phases      ] GC(161) Adjust Roots 0.173ms
[12.971s][info][gc,phases,start] GC(161) Compaction Phase
[13.162s][info][gc,phases      ] GC(161) Compaction Phase 191.098ms
[13.162s][info][gc,phases,start] GC(161) Post Compact
[13.166s][info][gc,phases      ] GC(161) Post Compact 3.808ms
[13.167s][info][gc,heap        ] GC(161) PSYoungGen: 90336K(154624K)->63448K(154624K) Eden: 0K(30720K)->0K(30720K) From: 90336K(123904K)->63448K(123904K)
[13.167s][info][gc,heap        ] GC(161) ParOldGen: 1911462K(1936384K)->1935937K(2124800K)
[13.167s][info][gc,metaspace   ] GC(161) Metaspace: 6302K(6464K)->6302K(6464K) NonClass: 5768K(5824K)->5768K(5824K) Class: 533K(640K)->533K(640K)
[13.167s][info][gc             ] GC(161) Pause Full (Ergonomics) 1954M->1952M(2226M) 636.916ms
[13.167s][info][gc,cpu         ] GC(161) User=4.44s Sys=0.03s Real=0.64s
[13.207s][info][gc,start       ] GC(162) Pause Young (Allocation Failure)
[13.337s][info][gc,heap        ] GC(162) PSYoungGen: 94168K(154624K)->53184K(154112K) Eden: 30720K(30720K)->0K(33792K) From: 63448K(123904K)->53184K(120320K)
[13.337s][info][gc,heap        ] GC(162) ParOldGen: 1935937K(2124800K)->1977697K(2124800K)
[13.337s][info][gc,metaspace   ] GC(162) Metaspace: 6302K(6464K)->6302K(6464K) NonClass: 5768K(5824K)->5768K(5824K) Class: 533K(640K)->533K(640K)
[13.337s][info][gc             ] GC(162) Pause Young (Allocation Failure) 1982M->1983M(2225M) 130.313ms
[13.337s][info][gc,cpu         ] GC(162) User=0.89s Sys=0.00s Real=0.13s
[13.376s][info][gc,start       ] GC(163) Pause Young (Allocation Failure)
[13.424s][info][gc,heap        ] GC(163) PSYoungGen: 86976K(154112K)->64736K(98816K) Eden: 33792K(33792K)->0K(33792K) From: 53184K(120320K)->64736K(65024K)
[13.424s][info][gc,heap        ] GC(163) ParOldGen: 1977697K(2124800K)->2000241K(2124800K)
[13.424s][info][gc,metaspace   ] GC(163) Metaspace: 6302K(6464K)->6302K(6464K) NonClass: 5768K(5824K)->5768K(5824K) Class: 533K(640K)->533K(640K)
[13.424s][info][gc             ] GC(163) Pause Young (Allocation Failure) 2016M->2016M(2171M) 48.801ms
[13.424s][info][gc,cpu         ] GC(163) User=0.27s Sys=0.00s Real=0.05s
[13.462s][info][gc,start       ] GC(164) Pause Young (Allocation Failure)
[13.515s][info][gc,heap        ] GC(164) PSYoungGen: 98528K(98816K)->67808K(147968K) Eden: 33792K(33792K)->0K(37888K) From: 64736K(65024K)->67808K(110080K)
[13.515s][info][gc,heap        ] GC(164) ParOldGen: 2000241K(2124800K)->2031393K(2124800K)
[13.515s][info][gc,metaspace   ] GC(164) Metaspace: 6302K(6464K)->6302K(6464K) NonClass: 5768K(5824K)->5768K(5824K) Class: 533K(640K)->533K(640K)
[13.515s][info][gc             ] GC(164) Pause Young (Allocation Failure) 2049M->2050M(2219M) 52.954ms
[13.515s][info][gc,cpu         ] GC(164) User=0.39s Sys=0.11s Real=0.05s
[13.557s][info][gc,start       ] GC(165) Pause Young (Allocation Failure)
[13.612s][info][gc,heap        ] GC(165) PSYoungGen: 105696K(147968K)->71936K(152576K) Eden: 37888K(37888K)->0K(37888K) From: 67808K(110080K)->71936K(114688K)
[13.612s][info][gc,heap        ] GC(165) ParOldGen: 2031393K(2124800K)->2065633K(2124800K)
[13.612s][info][gc,metaspace   ] GC(165) Metaspace: 6302K(6464K)->6302K(6464K) NonClass: 5768K(5824K)->5768K(5824K) Class: 533K(640K)->533K(640K)
[13.612s][info][gc             ] GC(165) Pause Young (Allocation Failure) 2087M->2087M(2224M) 55.004ms
[13.612s][info][gc,cpu         ] GC(165) User=0.34s Sys=0.03s Real=0.06s
[13.653s][info][gc,start       ] GC(166) Pause Young (Allocation Failure)
[13.710s][info][gc,heap        ] GC(166) PSYoungGen: 109824K(152576K)->76064K(151040K) Eden: 37888K(37888K)->0K(42496K) From: 71936K(114688K)->76064K(108544K)
[13.710s][info][gc,heap        ] GC(166) ParOldGen: 2065633K(2124800K)->2099857K(2124800K)
[13.710s][info][gc,metaspace   ] GC(166) Metaspace: 6302K(6464K)->6302K(6464K) NonClass: 5768K(5824K)->5768K(5824K) Class: 533K(640K)->533K(640K)
[13.710s][info][gc             ] GC(166) Pause Young (Allocation Failure) 2124M->2124M(2222M) 57.064ms
[13.710s][info][gc,cpu         ] GC(166) User=0.36s Sys=0.02s Real=0.06s
[13.710s][info][gc,start       ] GC(167) Pause Full (Ergonomics)
[13.710s][info][gc,phases,start] GC(167) Marking Phase
[14.180s][info][gc,phases      ] GC(167) Marking Phase 470.712ms
[14.180s][info][gc,phases,start] GC(167) Summary Phase
[14.180s][info][gc,phases      ] GC(167) Summary Phase 0.034ms
[14.180s][info][gc,phases,start] GC(167) Adjust Roots
[14.181s][info][gc,phases      ] GC(167) Adjust Roots 0.160ms
[14.181s][info][gc,phases,start] GC(167) Compaction Phase
[14.389s][info][gc,phases      ] GC(167) Compaction Phase 208.107ms
[14.389s][info][gc,phases,start] GC(167) Post Compact
[14.393s][info][gc,phases      ] GC(167) Post Compact 4.322ms
[14.394s][info][gc,heap        ] GC(167) PSYoungGen: 76064K(151040K)->48633K(152064K) Eden: 0K(42496K)->0K(43520K) From: 76064K(108544K)->48633K(108544K)
[14.394s][info][gc,heap        ] GC(167) ParOldGen: 2099857K(2124800K)->2124673K(2333696K)
[14.394s][info][gc,metaspace   ] GC(167) Metaspace: 6302K(6464K)->6302K(6464K) NonClass: 5768K(5824K)->5768K(5824K) Class: 533K(640K)->533K(640K)
[14.394s][info][gc             ] GC(167) Pause Full (Ergonomics) 2124M->2122M(2427M) 684.672ms
[14.394s][info][gc,cpu         ] GC(167) User=5.09s Sys=0.02s Real=0.68s
[14.451s][info][gc,start       ] GC(168) Pause Young (Allocation Failure)
[14.595s][info][gc,heap        ] GC(168) PSYoungGen: 92153K(152064K)->68224K(153088K) Eden: 43520K(43520K)->0K(43520K) From: 48633K(108544K)->68224K(109568K)
[14.595s][info][gc,heap        ] GC(168) ParOldGen: 2124673K(2333696K)->2149145K(2333696K)
[14.595s][info][gc,metaspace   ] GC(168) Metaspace: 6302K(6464K)->6302K(6464K) NonClass: 5768K(5824K)->5768K(5824K) Class: 533K(640K)->533K(640K)
[14.595s][info][gc             ] GC(168) Pause Young (Allocation Failure) 2164M->2165M(2428M) 144.109ms
[14.595s][info][gc,cpu         ] GC(168) User=0.88s Sys=0.03s Real=0.14s
[14.653s][info][gc,start       ] GC(169) Pause Young (Allocation Failure)
[14.714s][info][gc,heap        ] GC(169) PSYoungGen: 111744K(153088K)->105984K(141824K) Eden: 43520K(43520K)->0K(35840K) From: 68224K(109568K)->105984K(105984K)
[14.715s][info][gc,heap        ] GC(169) ParOldGen: 2149145K(2333696K)->2154945K(2333696K)
[14.715s][info][gc,metaspace   ] GC(169) Metaspace: 6302K(6464K)->6302K(6464K) NonClass: 5768K(5824K)->5768K(5824K) Class: 533K(640K)->533K(640K)
[14.715s][info][gc             ] GC(169) Pause Young (Allocation Failure) 2207M->2207M(2417M) 61.445ms
[14.715s][info][gc,cpu         ] GC(169) User=0.39s Sys=0.00s Real=0.06s
[14.754s][info][gc,start       ] GC(170) Pause Young (Allocation Failure)
[14.830s][info][gc,heap        ] GC(170) PSYoungGen: 141824K(141824K)->78016K(153600K) Eden: 35840K(35840K)->0K(35840K) From: 105984K(105984K)->78016K(117760K)
[14.830s][info][gc,heap        ] GC(170) ParOldGen: 2154945K(2333696K)->2219641K(2333696K)
[14.830s][info][gc,metaspace   ] GC(170) Metaspace: 6302K(6464K)->6302K(6464K) NonClass: 5768K(5824K)->5768K(5824K) Class: 533K(640K)->533K(640K)
[14.830s][info][gc             ] GC(170) Pause Young (Allocation Failure) 2242M->2243M(2429M) 75.391ms
[14.830s][info][gc,cpu         ] GC(170) User=0.47s Sys=0.03s Real=0.08s
[14.871s][info][gc,start       ] GC(171) Pause Young (Allocation Failure)
[14.930s][info][gc,heap        ] GC(171) PSYoungGen: 113856K(153600K)->71872K(147968K) Eden: 35840K(35840K)->0K(39936K) From: 78016K(117760K)->71872K(108032K)
[14.930s][info][gc,heap        ] GC(171) ParOldGen: 2219641K(2333696K)->2262153K(2333696K)
[14.930s][info][gc,metaspace   ] GC(171) Metaspace: 6302K(6464K)->6302K(6464K) NonClass: 5768K(5824K)->5768K(5824K) Class: 533K(640K)->533K(640K)
[14.930s][info][gc             ] GC(171) Pause Young (Allocation Failure) 2278M->2279M(2423M) 58.961ms
[14.930s][info][gc,cpu         ] GC(171) User=0.33s Sys=0.05s Real=0.06s
[14.977s][info][gc,start       ] GC(172) Pause Young (Allocation Failure)
[15.039s][info][gc,heap        ] GC(172) PSYoungGen: 111808K(147968K)->76000K(151552K) Eden: 39936K(39936K)->0K(39936K) From: 71872K(108032K)->76000K(111616K)
[15.039s][info][gc,heap        ] GC(172) ParOldGen: 2262153K(2333696K)->2298313K(2333696K)
[15.039s][info][gc,metaspace   ] GC(172) Metaspace: 6302K(6464K)->6302K(6464K) NonClass: 5768K(5824K)->5768K(5824K) Class: 533K(640K)->533K(640K)
[15.039s][info][gc             ] GC(172) Pause Young (Allocation Failure) 2318M->2318M(2427M) 62.147ms
[15.039s][info][gc,cpu         ] GC(172) User=0.27s Sys=0.00s Real=0.06s
[15.039s][info][gc,start       ] GC(173) Pause Full (Ergonomics)
[15.039s][info][gc,phases,start] GC(173) Marking Phase
[15.569s][info][gc,phases      ] GC(173) Marking Phase 530.115ms
[15.569s][info][gc,phases,start] GC(173) Summary Phase
[15.569s][info][gc,phases      ] GC(173) Summary Phase 0.037ms
[15.569s][info][gc,phases,start] GC(173) Adjust Roots
[15.569s][info][gc,phases      ] GC(173) Adjust Roots 0.160ms
[15.569s][info][gc,phases,start] GC(173) Compaction Phase
[15.771s][info][gc,phases      ] GC(173) Compaction Phase 201.906ms
[15.771s][info][gc,phases,start] GC(173) Post Compact
[15.775s][info][gc,phases      ] GC(173) Post Compact 4.137ms
[15.776s][info][gc,heap        ] GC(173) PSYoungGen: 76000K(151552K)->38397K(151552K) Eden: 0K(39936K)->0K(39936K) From: 76000K(111616K)->38397K(111616K)
[15.776s][info][gc,heap        ] GC(173) ParOldGen: 2298313K(2333696K)->2333394K(2571776K)
[15.776s][info][gc,metaspace   ] GC(173) Metaspace: 6302K(6464K)->6302K(6464K) NonClass: 5768K(5824K)->5768K(5824K) Class: 533K(640K)->533K(640K)
[15.776s][info][gc             ] GC(173) Pause Full (Ergonomics) 2318M->2316M(2659M) 737.471ms
[15.776s][info][gc,cpu         ] GC(173) User=5.70s Sys=0.02s Real=0.74s
[15.825s][info][gc,start       ] GC(174) Pause Young (Allocation Failure)
[15.971s][info][gc,heap        ] GC(174) PSYoungGen: 78333K(151552K)->60992K(150016K) Eden: 39936K(39936K)->0K(44032K) From: 38397K(111616K)->60992K(105984K)
[15.971s][info][gc,heap        ] GC(174) ParOldGen: 2333394K(2571776K)->2351186K(2571776K)
[15.971s][info][gc,metaspace   ] GC(174) Metaspace: 6302K(6464K)->6302K(6464K) NonClass: 5768K(5824K)->5768K(5824K) Class: 533K(640K)->533K(640K)
[15.971s][info][gc             ] GC(174) Pause Young (Allocation Failure) 2355M->2355M(2658M) 145.935ms
[15.971s][info][gc,cpu         ] GC(174) User=0.89s Sys=0.03s Real=0.15s
[16.028s][info][gc,start       ] GC(175) Pause Young (Allocation Failure)
[16.086s][info][gc,heap        ] GC(175) PSYoungGen: 105024K(150016K)->105056K(151552K) Eden: 44032K(44032K)->0K(44032K) From: 60992K(105984K)->105056K(107520K)
[16.086s][info][gc,heap        ] GC(175) ParOldGen: 2351186K(2571776K)->2351186K(2571776K)
[16.086s][info][gc,metaspace   ] GC(175) Metaspace: 6302K(6464K)->6302K(6464K) NonClass: 5768K(5824K)->5768K(5824K) Class: 533K(640K)->533K(640K)
[16.086s][info][gc             ] GC(175) Pause Young (Allocation Failure) 2398M->2398M(2659M) 57.898ms
[16.086s][info][gc,cpu         ] GC(175) User=0.38s Sys=0.00s Real=0.06s
[16.137s][info][gc,start       ] GC(176) Pause Young (Allocation Failure)
[16.218s][info][gc,heap        ] GC(176) PSYoungGen: 149088K(151552K)->115712K(141312K) Eden: 44032K(44032K)->0K(25600K) From: 105056K(107520K)->115712K(115712K)
[16.218s][info][gc,heap        ] GC(176) ParOldGen: 2351186K(2571776K)->2384778K(2571776K)
[16.218s][info][gc,metaspace   ] GC(176) Metaspace: 6302K(6464K)->6302K(6464K) NonClass: 5768K(5824K)->5768K(5824K) Class: 533K(640K)->533K(640K)
[16.218s][info][gc             ] GC(176) Pause Young (Allocation Failure) 2441M->2441M(2649M) 80.188ms
[16.218s][info][gc,cpu         ] GC(176) User=0.48s Sys=0.02s Real=0.08s
[16.247s][info][gc,start       ] GC(177) Pause Young (Allocation Failure)
[16.322s][info][gc,heap        ] GC(177) PSYoungGen: 141312K(141312K)->96544K(164352K) Eden: 25600K(25600K)->0K(25600K) From: 115712K(115712K)->96544K(138752K)
[16.322s][info][gc,heap        ] GC(177) ParOldGen: 2384778K(2571776K)->2430066K(2571776K)
[16.322s][info][gc,metaspace   ] GC(177) Metaspace: 6302K(6464K)->6302K(6464K) NonClass: 5768K(5824K)->5768K(5824K) Class: 533K(640K)->533K(640K)
[16.323s][info][gc             ] GC(177) Pause Young (Allocation Failure) 2466M->2467M(2672M) 75.174ms
[16.323s][info][gc,cpu         ] GC(177) User=0.50s Sys=0.00s Real=0.07s
[16.352s][info][gc,start       ] GC(178) Pause Young (Allocation Failure)
[16.416s][info][gc,heap        ] GC(178) PSYoungGen: 122144K(164352K)->86976K(157696K) Eden: 25600K(25600K)->0K(28672K) From: 96544K(138752K)->86976K(129024K)
[16.416s][info][gc,heap        ] GC(178) ParOldGen: 2430066K(2571776K)->2465514K(2571776K)
[16.416s][info][gc,metaspace   ] GC(178) Metaspace: 6302K(6464K)->6302K(6464K) NonClass: 5768K(5824K)->5768K(5824K) Class: 533K(640K)->533K(640K)
[16.416s][info][gc             ] GC(178) Pause Young (Allocation Failure) 2492M->2492M(2665M) 63.550ms
[16.416s][info][gc,cpu         ] GC(178) User=0.42s Sys=0.05s Real=0.06s
[16.449s][info][gc,start       ] GC(179) Pause Young (Allocation Failure)
[16.509s][info][gc,heap        ] GC(179) PSYoungGen: 115648K(157696K)->80064K(162304K) Eden: 28672K(28672K)->0K(28672K) From: 86976K(129024K)->80064K(133632K)
[16.510s][info][gc,heap        ] GC(179) ParOldGen: 2465514K(2571776K)->2501394K(2571776K)
[16.510s][info][gc,metaspace   ] GC(179) Metaspace: 6302K(6464K)->6302K(6464K) NonClass: 5768K(5824K)->5768K(5824K) Class: 533K(640K)->533K(640K)
[16.510s][info][gc             ] GC(179) Pause Young (Allocation Failure) 2520M->2520M(2670M) 60.553ms
[16.510s][info][gc,cpu         ] GC(179) User=0.34s Sys=0.03s Real=0.06s
[16.545s][info][gc,start       ] GC(180) Pause Young (Allocation Failure)
[16.602s][info][gc,heap        ] GC(180) PSYoungGen: 108736K(162304K)->57536K(162304K) Eden: 28672K(28672K)->0K(32768K) From: 80064K(133632K)->57536K(129536K)
[16.602s][info][gc,heap        ] GC(180) ParOldGen: 2501394K(2571776K)->2553034K(2571776K)
[16.602s][info][gc,metaspace   ] GC(180) Metaspace: 6302K(6464K)->6302K(6464K) NonClass: 5768K(5824K)->5768K(5824K) Class: 533K(640K)->533K(640K)
[16.603s][info][gc             ] GC(180) Pause Young (Allocation Failure) 2548M->2549M(2670M) 57.454ms
[16.603s][info][gc,cpu         ] GC(180) User=0.36s Sys=0.02s Real=0.06s
[16.603s][info][gc,start       ] GC(181) Pause Full (Ergonomics)
[16.603s][info][gc,phases,start] GC(181) Marking Phase
[17.191s][info][gc,phases      ] GC(181) Marking Phase 588.049ms
[17.191s][info][gc,phases,start] GC(181) Summary Phase
[17.191s][info][gc,phases      ] GC(181) Summary Phase 0.042ms
[17.191s][info][gc,phases,start] GC(181) Adjust Roots
[17.191s][info][gc,phases      ] GC(181) Adjust Roots 0.180ms
[17.191s][info][gc,phases,start] GC(181) Compaction Phase
[17.408s][info][gc,phases      ] GC(181) Compaction Phase 216.781ms
[17.408s][info][gc,phases,start] GC(181) Post Compact
[17.412s][info][gc,phases      ] GC(181) Post Compact 4.466ms
[17.413s][info][gc,heap        ] GC(181) PSYoungGen: 57536K(162304K)->36827K(162304K) Eden: 0K(32768K)->0K(32768K) From: 57536K(129536K)->36827K(129536K)
[17.413s][info][gc,heap        ] GC(181) ParOldGen: 2553034K(2571776K)->2571278K(2829824K)
[17.413s][info][gc,metaspace   ] GC(181) Metaspace: 6302K(6464K)->6302K(6464K) NonClass: 5768K(5824K)->5768K(5824K) Class: 533K(640K)->533K(640K)
[17.413s][info][gc             ] GC(181) Pause Full (Ergonomics) 2549M->2546M(2922M) 810.836ms
[17.413s][info][gc,cpu         ] GC(181) User=6.17s Sys=0.00s Real=0.81s
[17.458s][info][gc,start       ] GC(182) Pause Young (Allocation Failure)
[17.604s][info][gc,heap        ] GC(182) PSYoungGen: 69595K(162304K)->32864K(162304K) Eden: 32768K(32768K)->0K(32768K) From: 36827K(129536K)->32864K(129536K)
[17.604s][info][gc,heap        ] GC(182) ParOldGen: 2571278K(2829824K)->2608470K(2829824K)
[17.604s][info][gc,metaspace   ] GC(182) Metaspace: 6302K(6464K)->6302K(6464K) NonClass: 5768K(5824K)->5768K(5824K) Class: 533K(640K)->533K(640K)
[17.604s][info][gc             ] GC(182) Pause Young (Allocation Failure) 2578M->2579M(2922M) 145.440ms
[17.604s][info][gc,cpu         ] GC(182) User=0.88s Sys=0.00s Real=0.15s
[17.645s][info][gc,start       ] GC(183) Pause Young (Allocation Failure)
[17.688s][info][gc,heap        ] GC(183) PSYoungGen: 65632K(162304K)->32992K(167424K) Eden: 32768K(32768K)->0K(34304K) From: 32864K(129536K)->32992K(133120K)
[17.688s][info][gc,heap        ] GC(183) ParOldGen: 2608470K(2829824K)->2641526K(2829824K)
[17.688s][info][gc,metaspace   ] GC(183) Metaspace: 6302K(6464K)->6302K(6464K) NonClass: 5768K(5824K)->5768K(5824K) Class: 533K(640K)->533K(640K)
[17.689s][info][gc             ] GC(183) Pause Young (Allocation Failure) 2611M->2611M(2927M) 43.375ms
[17.689s][info][gc,cpu         ] GC(183) User=0.27s Sys=0.00s Real=0.04s
[17.733s][info][gc,start       ] GC(184) Pause Young (Allocation Failure)
[17.776s][info][gc,heap        ] GC(184) PSYoungGen: 67296K(167424K)->34464K(169472K) Eden: 34304K(34304K)->0K(34304K) From: 32992K(133120K)->34464K(135168K)
[17.776s][info][gc,heap        ] GC(184) ParOldGen: 2641526K(2829824K)->2674582K(2829824K)
[17.776s][info][gc,metaspace   ] GC(184) Metaspace: 6302K(6464K)->6302K(6464K) NonClass: 5768K(5824K)->5768K(5824K) Class: 533K(640K)->533K(640K)
[17.776s][info][gc             ] GC(184) Pause Young (Allocation Failure) 2645M->2645M(2929M) 42.905ms
[17.776s][info][gc,cpu         ] GC(184) User=0.27s Sys=0.00s Real=0.04s
[17.814s][info][gc,start       ] GC(185) Pause Young (Allocation Failure)
[17.857s][info][gc,heap        ] GC(185) PSYoungGen: 68768K(169472K)->34432K(173056K) Eden: 34304K(34304K)->0K(38400K) From: 34464K(135168K)->34432K(134656K)
[17.857s][info][gc,heap        ] GC(185) ParOldGen: 2674582K(2829824K)->2709190K(2829824K)
[17.857s][info][gc,metaspace   ] GC(185) Metaspace: 6302K(6464K)->6302K(6464K) NonClass: 5768K(5824K)->5768K(5824K) Class: 533K(640K)->533K(640K)
[17.857s][info][gc             ] GC(185) Pause Young (Allocation Failure) 2679M->2679M(2932M) 43.176ms
[17.857s][info][gc,cpu         ] GC(185) User=0.20s Sys=0.05s Real=0.04s
[17.903s][info][gc,start       ] GC(186) Pause Young (Allocation Failure)
[17.948s][info][gc,heap        ] GC(186) PSYoungGen: 72832K(173056K)->38560K(173056K) Eden: 38400K(38400K)->0K(38400K) From: 34432K(134656K)->38560K(134656K)
[17.948s][info][gc,heap        ] GC(186) ParOldGen: 2709190K(2829824K)->2743790K(2829824K)
[17.948s][info][gc,metaspace   ] GC(186) Metaspace: 6302K(6464K)->6302K(6464K) NonClass: 5768K(5824K)->5768K(5824K) Class: 533K(640K)->533K(640K)
[17.948s][info][gc             ] GC(186) Pause Young (Allocation Failure) 2716M->2717M(2932M) 45.017ms
[17.948s][info][gc,cpu         ] GC(186) User=0.27s Sys=0.00s Real=0.05s
[17.993s][info][gc,start       ] GC(187) Pause Young (Allocation Failure)
[18.043s][info][gc,heap        ] GC(187) PSYoungGen: 76960K(173056K)->38592K(169472K) Eden: 38400K(38400K)->0K(42496K) From: 38560K(134656K)->38592K(126976K)
[18.043s][info][gc,heap        ] GC(187) ParOldGen: 2743790K(2829824K)->2782534K(2829824K)
[18.043s][info][gc,metaspace   ] GC(187) Metaspace: 6302K(6464K)->6302K(6464K) NonClass: 5768K(5824K)->5768K(5824K) Class: 533K(640K)->533K(640K)
[18.043s][info][gc             ] GC(187) Pause Young (Allocation Failure) 2754M->2755M(2929M) 49.556ms
[18.043s][info][gc,cpu         ] GC(187) User=0.34s Sys=0.02s Real=0.05s
[18.043s][info][gc,start       ] GC(188) Pause Full (Ergonomics)
[18.043s][info][gc,phases,start] GC(188) Marking Phase
[18.691s][info][gc,phases      ] GC(188) Marking Phase 648.301ms
[18.691s][info][gc,phases,start] GC(188) Summary Phase
[18.691s][info][gc,phases      ] GC(188) Summary Phase 0.053ms
[18.691s][info][gc,phases,start] GC(188) Adjust Roots
[18.692s][info][gc,phases      ] GC(188) Adjust Roots 0.177ms
[18.692s][info][gc,phases,start] GC(188) Compaction Phase
[18.922s][info][gc,phases      ] GC(188) Compaction Phase 230.616ms
[18.922s][info][gc,phases,start] GC(188) Post Compact
[18.928s][info][gc,phases      ] GC(188) Post Compact 5.510ms
[18.929s][info][gc,heap        ] GC(188) PSYoungGen: 38592K(169472K)->0K(172032K) Eden: 0K(42496K)->0K(42496K) From: 38592K(126976K)->0K(129536K)
[18.929s][info][gc,heap        ] GC(188) ParOldGen: 2782534K(2829824K)->2818857K(3087872K)
[18.929s][info][gc,metaspace   ] GC(188) Metaspace: 6302K(6464K)->6302K(6464K) NonClass: 5768K(5824K)->5768K(5824K) Class: 533K(640K)->533K(640K)
[18.929s][info][gc             ] GC(188) Pause Full (Ergonomics) 2755M->2752M(3183M) 885.842ms
[18.929s][info][gc,cpu         ] GC(188) User=6.77s Sys=0.00s Real=0.89s
[19.530s][info][gc,start       ] GC(189) Pause Young (Allocation Failure)
[19.630s][info][gc,heap        ] GC(189) PSYoungGen: 42496K(172032K)->42688K(167424K) Eden: 42496K(42496K)->0K(46592K) From: 0K(129536K)->42688K(120832K)
[19.630s][info][gc,heap        ] GC(189) ParOldGen: 2949929K(3087872K)->2949929K(3087872K)
[19.630s][info][gc,metaspace   ] GC(189) Metaspace: 6302K(6464K)->6302K(6464K) NonClass: 5768K(5824K)->5768K(5824K) Class: 533K(640K)->533K(640K)
[19.630s][info][gc             ] GC(189) Pause Young (Allocation Failure) 2922M->2922M(3179M) 100.090ms
[19.630s][info][gc,cpu         ] GC(189) User=0.55s Sys=0.00s Real=0.10s
[19.684s][info][gc,start       ] GC(190) Pause Young (Allocation Failure)
[19.743s][info][gc,heap        ] GC(190) PSYoungGen: 89280K(167424K)->89344K(172032K) Eden: 46592K(46592K)->0K(46592K) From: 42688K(120832K)->89344K(125440K)
[19.743s][info][gc,heap        ] GC(190) ParOldGen: 2949929K(3087872K)->2949929K(3087872K)
[19.743s][info][gc,metaspace   ] GC(190) Metaspace: 6302K(6464K)->6302K(6464K) NonClass: 5768K(5824K)->5768K(5824K) Class: 533K(640K)->533K(640K)
[19.743s][info][gc             ] GC(190) Pause Young (Allocation Failure) 2967M->2968M(3183M) 58.978ms
[19.743s][info][gc,cpu         ] GC(190) User=0.14s Sys=0.00s Real=0.06s
[19.792s][info][gc,start       ] GC(191) Pause Young (Allocation Failure)
[19.865s][info][gc,heap        ] GC(191) PSYoungGen: 135936K(172032K)->130048K(160256K) Eden: 46592K(46592K)->0K(30208K) From: 89344K(125440K)->130048K(130048K)
[19.865s][info][gc,heap        ] GC(191) ParOldGen: 2949929K(3087872K)->2955825K(3087872K)
[19.865s][info][gc,metaspace   ] GC(191) Metaspace: 6302K(6464K)->6302K(6464K) NonClass: 5768K(5824K)->5768K(5824K) Class: 533K(640K)->533K(640K)
[19.865s][info][gc             ] GC(191) Pause Young (Allocation Failure) 3013M->3013M(3172M) 72.893ms
[19.865s][info][gc,cpu         ] GC(191) User=0.19s Sys=0.00s Real=0.07s
[19.896s][info][gc,start       ] GC(192) Pause Young (Allocation Failure)
[19.977s][info][gc,heap        ] GC(192) PSYoungGen: 160256K(160256K)->72992K(103424K) Eden: 30208K(30208K)->0K(30208K) From: 130048K(130048K)->72992K(73216K)
[19.977s][info][gc,heap        ] GC(192) ParOldGen: 2955825K(3087872K)->3043897K(3087872K)
[19.977s][info][gc,metaspace   ] GC(192) Metaspace: 6302K(6464K)->6302K(6464K) NonClass: 5768K(5824K)->5768K(5824K) Class: 533K(640K)->533K(640K)
[19.977s][info][gc             ] GC(192) Pause Young (Allocation Failure) 3043M->3043M(3116M) 80.685ms
[19.977s][info][gc,cpu         ] GC(192) User=0.33s Sys=0.08s Real=0.08s
[19.977s][info][gc,start       ] GC(193) Pause Full (Ergonomics)
[19.977s][info][gc,phases,start] GC(193) Marking Phase
[20.652s][info][gc,phases      ] GC(193) Marking Phase 675.265ms
[20.652s][info][gc,phases,start] GC(193) Summary Phase
[20.652s][info][gc,phases      ] GC(193) Summary Phase 0.059ms
[20.652s][info][gc,phases,start] GC(193) Adjust Roots
[20.653s][info][gc,phases      ] GC(193) Adjust Roots 0.161ms
[20.653s][info][gc,phases,start] GC(193) Compaction Phase
[21.122s][info][gc,phases      ] GC(193) Compaction Phase 469.469ms
[21.122s][info][gc,phases,start] GC(193) Post Compact
[21.128s][info][gc,phases      ] GC(193) Post Compact 6.254ms
[21.129s][info][gc,heap        ] GC(193) PSYoungGen: 72992K(103424K)->0K(178176K) Eden: 0K(30208K)->0K(33792K) From: 72992K(73216K)->0K(144384K)
[21.129s][info][gc,heap        ] GC(193) ParOldGen: 3043897K(3087872K)->3050158K(3357696K)
[21.129s][info][gc,metaspace   ] GC(193) Metaspace: 6302K(6464K)->6302K(6464K) NonClass: 5768K(5824K)->5768K(5824K) Class: 533K(640K)->533K(640K)
[21.129s][info][gc             ] GC(193) Pause Full (Ergonomics) 3043M->2978M(3453M) 1152.404ms
[21.129s][info][gc,cpu         ] GC(193) User=8.11s Sys=0.05s Real=1.15s
[21.162s][info][gc,start       ] GC(194) Pause Young (Allocation Failure)
[21.202s][info][gc,heap        ] GC(194) PSYoungGen: 33792K(178176K)->33952K(178176K) Eden: 33792K(33792K)->0K(33792K) From: 0K(144384K)->33952K(144384K)
[21.202s][info][gc,heap        ] GC(194) ParOldGen: 3050158K(3357696K)->3050158K(3357696K)
[21.202s][info][gc,metaspace   ] GC(194) Metaspace: 6302K(6464K)->6302K(6464K) NonClass: 5768K(5824K)->5768K(5824K) Class: 533K(640K)->533K(640K)
[21.202s][info][gc             ] GC(194) Pause Young (Allocation Failure) 3011M->3011M(3453M) 39.425ms
[21.202s][info][gc,cpu         ] GC(194) User=0.06s Sys=0.00s Real=0.04s
[21.232s][info][gc,start       ] GC(195) Pause Young (Allocation Failure)
[21.279s][info][gc,heap        ] GC(195) PSYoungGen: 67744K(178176K)->67808K(165888K) Eden: 33792K(33792K)->0K(37376K) From: 33952K(144384K)->67808K(128512K)
[21.279s][info][gc,heap        ] GC(195) ParOldGen: 3050158K(3357696K)->3050158K(3357696K)
[21.280s][info][gc,metaspace   ] GC(195) Metaspace: 6302K(6464K)->6302K(6464K) NonClass: 5768K(5824K)->5768K(5824K) Class: 533K(640K)->533K(640K)
[21.280s][info][gc             ] GC(195) Pause Young (Allocation Failure) 3044M->3044M(3441M) 47.497ms
[21.280s][info][gc,cpu         ] GC(195) User=0.08s Sys=0.00s Real=0.05s
[21.315s][info][gc,start       ] GC(196) Pause Young (Allocation Failure)
[21.374s][info][gc,heap        ] GC(196) PSYoungGen: 105184K(165888K)->105248K(173056K) Eden: 37376K(37376K)->0K(37376K) From: 67808K(128512K)->105248K(135680K)
[21.374s][info][gc,heap        ] GC(196) ParOldGen: 3050158K(3357696K)->3050158K(3357696K)
[21.374s][info][gc,metaspace   ] GC(196) Metaspace: 6302K(6464K)->6302K(6464K) NonClass: 5768K(5824K)->5768K(5824K) Class: 533K(640K)->533K(640K)
[21.374s][info][gc             ] GC(196) Pause Young (Allocation Failure) 3081M->3081M(3448M) 59.633ms
[21.374s][info][gc,cpu         ] GC(196) User=0.27s Sys=0.00s Real=0.06s
[21.416s][info][gc,start       ] GC(197) Pause Young (Allocation Failure)
[21.487s][info][gc,heap        ] GC(197) PSYoungGen: 142624K(173056K)->142656K(165376K) Eden: 37376K(37376K)->0K(22016K) From: 105248K(135680K)->142656K(143360K)
[21.488s][info][gc,heap        ] GC(197) ParOldGen: 3050158K(3357696K)->3050158K(3357696K)
[21.488s][info][gc,metaspace   ] GC(197) Metaspace: 6302K(6464K)->6302K(6464K) NonClass: 5768K(5824K)->5768K(5824K) Class: 533K(640K)->533K(640K)
[21.488s][info][gc             ] GC(197) Pause Young (Allocation Failure) 3117M->3117M(3440M) 71.422ms
[21.488s][info][gc,cpu         ] GC(197) User=0.30s Sys=0.00s Real=0.07s
[21.511s][info][gc,start       ] GC(198) Pause Young (Allocation Failure)
[21.590s][info][gc,heap        ] GC(198) PSYoungGen: 164672K(165376K)->130912K(184832K) Eden: 22016K(22016K)->0K(22016K) From: 142656K(143360K)->130912K(162816K)
[21.590s][info][gc,heap        ] GC(198) ParOldGen: 3050158K(3357696K)->3084254K(3357696K)
[21.590s][info][gc,metaspace   ] GC(198) Metaspace: 6302K(6464K)->6302K(6464K) NonClass: 5768K(5824K)->5768K(5824K) Class: 533K(640K)->533K(640K)
[21.590s][info][gc             ] GC(198) Pause Young (Allocation Failure) 3139M->3139M(3459M) 79.125ms
[21.590s][info][gc,cpu         ] GC(198) User=0.30s Sys=0.03s Real=0.08s
[21.615s][info][gc,start       ] GC(199) Pause Young (Allocation Failure)
[21.690s][info][gc,heap        ] GC(199) PSYoungGen: 152928K(184832K)->81632K(181760K) Eden: 22016K(22016K)->0K(25088K) From: 130912K(162816K)->81632K(156672K)
[21.690s][info][gc,heap        ] GC(199) ParOldGen: 3084254K(3357696K)->3156038K(3357696K)
[21.690s][info][gc,metaspace   ] GC(199) Metaspace: 6302K(6464K)->6302K(6464K) NonClass: 5768K(5824K)->5768K(5824K) Class: 533K(640K)->533K(640K)
[21.690s][info][gc             ] GC(199) Pause Young (Allocation Failure) 3161M->3161M(3456M) 75.304ms
[21.690s][info][gc,cpu         ] GC(199) User=0.45s Sys=0.06s Real=0.08s
[21.716s][info][gc,start       ] GC(200) Pause Young (Allocation Failure)
[21.779s][info][gc,heap        ] GC(200) PSYoungGen: 106720K(181760K)->47296K(190464K) Eden: 25088K(25088K)->0K(25088K) From: 81632K(156672K)->47296K(165376K)
[21.779s][info][gc,heap        ] GC(200) ParOldGen: 3156038K(3357696K)->3215918K(3357696K)
[21.779s][info][gc,metaspace   ] GC(200) Metaspace: 6302K(6464K)->6302K(6464K) NonClass: 5768K(5824K)->5768K(5824K) Class: 533K(640K)->533K(640K)
[21.779s][info][gc             ] GC(200) Pause Young (Allocation Failure) 3186M->3186M(3465M) 63.207ms
[21.779s][info][gc,cpu         ] GC(200) User=0.14s Sys=0.05s Real=0.06s
[21.806s][info][gc,start       ] GC(201) Pause Young (Allocation Failure)
[21.857s][info][gc,heap        ] GC(201) PSYoungGen: 72384K(190464K)->25248K(190464K) Eden: 25088K(25088K)->0K(27648K) From: 47296K(165376K)->25248K(162816K)
[21.857s][info][gc,heap        ] GC(201) ParOldGen: 3215918K(3357696K)->3263398K(3357696K)
[21.857s][info][gc,metaspace   ] GC(201) Metaspace: 6302K(6464K)->6302K(6464K) NonClass: 5768K(5824K)->5768K(5824K) Class: 533K(640K)->533K(640K)
[21.857s][info][gc             ] GC(201) Pause Young (Allocation Failure) 3211M->3211M(3465M) 51.673ms
[21.858s][info][gc,cpu         ] GC(201) User=0.20s Sys=0.00s Real=0.05s
[21.884s][info][gc,start       ] GC(202) Pause Young (Allocation Failure)
[21.931s][info][gc,heap        ] GC(202) PSYoungGen: 52896K(190464K)->27744K(191488K) Eden: 27648K(27648K)->0K(27648K) From: 25248K(162816K)->27744K(163840K)
[21.931s][info][gc,heap        ] GC(202) ParOldGen: 3263398K(3357696K)->3288710K(3357696K)
[21.931s][info][gc,metaspace   ] GC(202) Metaspace: 6302K(6464K)->6302K(6464K) NonClass: 5768K(5824K)->5768K(5824K) Class: 533K(640K)->533K(640K)
[21.931s][info][gc             ] GC(202) Pause Young (Allocation Failure) 3238M->3238M(3466M) 46.666ms
[21.931s][info][gc,cpu         ] GC(202) User=0.23s Sys=0.00s Real=0.05s
[21.931s][info][gc,start       ] GC(203) Pause Full (Ergonomics)
[21.931s][info][gc,phases,start] GC(203) Marking Phase
[22.676s][info][gc,phases      ] GC(203) Marking Phase 745.176ms
[22.676s][info][gc,phases,start] GC(203) Summary Phase
[22.676s][info][gc,phases      ] GC(203) Summary Phase 0.079ms
[22.676s][info][gc,phases,start] GC(203) Adjust Roots
[22.676s][info][gc,phases      ] GC(203) Adjust Roots 0.202ms
[22.677s][info][gc,phases,start] GC(203) Compaction Phase
[22.999s][info][gc,phases      ] GC(203) Compaction Phase 322.300ms
[22.999s][info][gc,phases,start] GC(203) Post Compact
[23.005s][info][gc,phases      ] GC(203) Post Compact 6.129ms
[23.006s][info][gc,heap        ] GC(203) PSYoungGen: 27744K(191488K)->0K(194560K) Eden: 0K(27648K)->0K(31744K) From: 27744K(163840K)->0K(162816K)
[23.006s][info][gc,heap        ] GC(203) ParOldGen: 3288710K(3357696K)->3314075K(3657216K)
[23.006s][info][gc,metaspace   ] GC(203) Metaspace: 6302K(6464K)->6302K(6464K) NonClass: 5768K(5824K)->5768K(5824K) Class: 533K(640K)->533K(640K)
[23.006s][info][gc             ] GC(203) Pause Full (Ergonomics) 3238M->3236M(3761M) 1075.438ms
[23.006s][info][gc,cpu         ] GC(203) User=7.88s Sys=0.03s Real=1.08s
[23.042s][info][gc,start       ] GC(204) Pause Young (Allocation Failure)
[23.086s][info][gc,heap        ] GC(204) PSYoungGen: 31744K(194560K)->31904K(194560K) Eden: 31744K(31744K)->0K(31744K) From: 0K(162816K)->31904K(162816K)
[23.086s][info][gc,heap        ] GC(204) ParOldGen: 3314075K(3657216K)->3314075K(3657216K)
[23.086s][info][gc,metaspace   ] GC(204) Metaspace: 6302K(6464K)->6302K(6464K) NonClass: 5768K(5824K)->5768K(5824K) Class: 533K(640K)->533K(640K)
[23.086s][info][gc             ] GC(204) Pause Young (Allocation Failure) 3267M->3267M(3761M) 43.225ms
[23.086s][info][gc,cpu         ] GC(204) User=0.06s Sys=0.00s Real=0.04s
[23.121s][info][gc,start       ] GC(205) Pause Young (Allocation Failure)
[23.170s][info][gc,heap        ] GC(205) PSYoungGen: 63648K(194560K)->63680K(176640K) Eden: 31744K(31744K)->0K(35328K) From: 31904K(162816K)->63680K(141312K)
[23.170s][info][gc,heap        ] GC(205) ParOldGen: 3314075K(3657216K)->3314075K(3657216K)
[23.170s][info][gc,metaspace   ] GC(205) Metaspace: 6302K(6464K)->6302K(6464K) NonClass: 5768K(5824K)->5768K(5824K) Class: 533K(640K)->533K(640K)
[23.170s][info][gc             ] GC(205) Pause Young (Allocation Failure) 3298M->3298M(3744M) 48.771ms
[23.170s][info][gc,cpu         ] GC(205) User=0.17s Sys=0.00s Real=0.05s
[23.208s][info][gc,start       ] GC(206) Pause Young (Allocation Failure)
[23.268s][info][gc,heap        ] GC(206) PSYoungGen: 99008K(176640K)->67296K(102912K) Eden: 35328K(35328K)->0K(35328K) From: 63680K(141312K)->67296K(67584K)
[23.268s][info][gc,heap        ] GC(206) ParOldGen: 3314075K(3657216K)->3346107K(3657216K)
[23.268s][info][gc,metaspace   ] GC(206) Metaspace: 6302K(6464K)->6302K(6464K) NonClass: 5768K(5824K)->5768K(5824K) Class: 533K(640K)->533K(640K)
[23.268s][info][gc             ] GC(206) Pause Young (Allocation Failure) 3333M->3333M(3672M) 59.629ms
[23.268s][info][gc,cpu         ] GC(206) User=0.19s Sys=0.00s Real=0.06s
[23.307s][info][gc,start       ] GC(207) Pause Young (Allocation Failure)
[23.373s][info][gc,heap        ] GC(207) PSYoungGen: 102624K(102912K)->70848K(171008K) Eden: 35328K(35328K)->0K(39424K) From: 67296K(67584K)->70848K(131584K)
[23.373s][info][gc,heap        ] GC(207) ParOldGen: 3346107K(3657216K)->3378155K(3657216K)
[23.373s][info][gc,metaspace   ] GC(207) Metaspace: 6302K(6464K)->6302K(6464K) NonClass: 5768K(5824K)->5768K(5824K) Class: 533K(640K)->533K(640K)
[23.373s][info][gc             ] GC(207) Pause Young (Allocation Failure) 3367M->3368M(3738M) 65.427ms
[23.373s][info][gc,cpu         ] GC(207) User=0.14s Sys=0.02s Real=0.07s
[23.411s][info][gc,start       ] GC(208) Pause Young (Allocation Failure)
[23.476s][info][gc,heap        ] GC(208) PSYoungGen: 110272K(171008K)->74944K(176640K) Eden: 39424K(39424K)->0K(39424K) From: 70848K(131584K)->74944K(137216K)
[23.476s][info][gc,heap        ] GC(208) ParOldGen: 3378155K(3657216K)->3413819K(3657216K)
[23.476s][info][gc,metaspace   ] GC(208) Metaspace: 6302K(6464K)->6302K(6464K) NonClass: 5768K(5824K)->5768K(5824K) Class: 533K(640K)->533K(640K)
[23.476s][info][gc             ] GC(208) Pause Young (Allocation Failure) 3406M->3406M(3744M) 64.513ms
[23.476s][info][gc,cpu         ] GC(208) User=0.19s Sys=0.00s Real=0.07s
[23.518s][info][gc,start       ] GC(209) Pause Young (Allocation Failure)
[23.582s][info][gc,heap        ] GC(209) PSYoungGen: 114368K(176640K)->79040K(173568K) Eden: 39424K(39424K)->0K(44544K) From: 74944K(137216K)->79040K(129024K)
[23.582s][info][gc,heap        ] GC(209) ParOldGen: 3413819K(3657216K)->3449475K(3657216K)
[23.582s][info][gc,metaspace   ] GC(209) Metaspace: 6302K(6464K)->6302K(6464K) NonClass: 5768K(5824K)->5768K(5824K) Class: 533K(640K)->533K(640K)
[23.582s][info][gc             ] GC(209) Pause Young (Allocation Failure) 3445M->3445M(3741M) 64.419ms
[23.582s][info][gc,cpu         ] GC(209) User=0.17s Sys=0.03s Real=0.06s
[23.630s][info][gc,start       ] GC(210) Pause Young (Allocation Failure)
[23.696s][info][gc,heap        ] GC(210) PSYoungGen: 123584K(173568K)->84224K(175616K) Eden: 44544K(44544K)->0K(44544K) From: 79040K(129024K)->84224K(131072K)
[23.696s][info][gc,heap        ] GC(210) ParOldGen: 3449475K(3657216K)->3489275K(3657216K)
[23.696s][info][gc,metaspace   ] GC(210) Metaspace: 6302K(6464K)->6302K(6464K) NonClass: 5768K(5824K)->5768K(5824K) Class: 533K(640K)->533K(640K)
[23.696s][info][gc             ] GC(210) Pause Young (Allocation Failure) 3489M->3489M(3743M) 66.059ms
[23.696s][info][gc,cpu         ] GC(210) User=0.19s Sys=0.03s Real=0.07s
[23.741s][info][gc,start       ] GC(211) Pause Young (Allocation Failure)
[23.809s][info][gc,heap        ] GC(211) PSYoungGen: 128768K(175616K)->89344K(180224K) Eden: 44544K(44544K)->0K(49152K) From: 84224K(131072K)->89344K(131072K)
[23.809s][info][gc,heap        ] GC(211) ParOldGen: 3489275K(3657216K)->3529067K(3657216K)
[23.809s][info][gc,metaspace   ] GC(211) Metaspace: 6302K(6464K)->6302K(6464K) NonClass: 5768K(5824K)->5768K(5824K) Class: 533K(640K)->533K(640K)
[23.809s][info][gc             ] GC(211) Pause Young (Allocation Failure) 3533M->3533M(3747M) 67.620ms
[23.809s][info][gc,cpu         ] GC(211) User=0.41s Sys=0.02s Real=0.07s
[23.864s][info][gc,start       ] GC(212) Pause Young (Allocation Failure)
[23.937s][info][gc,heap        ] GC(212) PSYoungGen: 138496K(180224K)->93952K(181248K) Eden: 49152K(49152K)->0K(49152K) From: 89344K(131072K)->93952K(132096K)
[23.937s][info][gc,heap        ] GC(212) ParOldGen: 3529067K(3657216K)->3574027K(3657216K)
[23.937s][info][gc,metaspace   ] GC(212) Metaspace: 6302K(6464K)->6302K(6464K) NonClass: 5768K(5824K)->5768K(5824K) Class: 533K(640K)->533K(640K)
[23.937s][info][gc             ] GC(212) Pause Young (Allocation Failure) 3581M->3582M(3748M) 73.432ms
[23.937s][info][gc,cpu         ] GC(212) User=0.41s Sys=0.02s Real=0.07s
[23.985s][info][gc,start       ] GC(213) Pause Young (Allocation Failure)
[24.061s][info][gc,heap        ] GC(213) PSYoungGen: 143104K(181248K)->98592K(186368K) Eden: 49152K(49152K)->0K(52224K) From: 93952K(132096K)->98592K(134144K)
[24.061s][info][gc,heap        ] GC(213) ParOldGen: 3574027K(3657216K)->3618987K(3657216K)
[24.061s][info][gc,metaspace   ] GC(213) Metaspace: 6302K(6464K)->6302K(6464K) NonClass: 5768K(5824K)->5768K(5824K) Class: 533K(640K)->533K(640K)
[24.062s][info][gc             ] GC(213) Pause Young (Allocation Failure) 3630M->3630M(3753M) 76.120ms
[24.062s][info][gc,cpu         ] GC(213) User=0.42s Sys=0.00s Real=0.08s
[24.062s][info][gc,start       ] GC(214) Pause Full (Ergonomics)
[24.062s][info][gc,phases,start] GC(214) Marking Phase
[24.895s][info][gc,phases      ] GC(214) Marking Phase 833.492ms
[24.895s][info][gc,phases,start] GC(214) Summary Phase
[24.895s][info][gc,phases      ] GC(214) Summary Phase 0.049ms
[24.895s][info][gc,phases,start] GC(214) Adjust Roots
[24.895s][info][gc,phases      ] GC(214) Adjust Roots 0.191ms
[24.895s][info][gc,phases,start] GC(214) Compaction Phase
[25.686s][info][gc,phases      ] GC(214) Compaction Phase 790.817ms
[25.686s][info][gc,phases,start] GC(214) Post Compact
[25.694s][info][gc,phases      ] GC(214) Post Compact 7.161ms
[25.695s][info][gc,heap        ] GC(214) PSYoungGen: 98592K(186368K)->57355K(186368K) Eden: 0K(52224K)->0K(52224K) From: 98592K(134144K)->57355K(134144K)
[25.695s][info][gc,heap        ] GC(214) ParOldGen: 3618987K(3657216K)->3656787K(4019712K)
[25.695s][info][gc,metaspace   ] GC(214) Metaspace: 6302K(6464K)->6302K(6464K) NonClass: 5768K(5824K)->5768K(5824K) Class: 533K(640K)->533K(640K)
[25.695s][info][gc             ] GC(214) Pause Full (Ergonomics) 3630M->3627M(4107M) 1633.555ms
[25.695s][info][gc,cpu         ] GC(214) User=11.59s Sys=0.00s Real=1.63s
[25.747s][info][gc,start       ] GC(215) Pause Young (Allocation Failure)
[25.950s][info][gc,heap        ] GC(215) PSYoungGen: 109579K(186368K)->82944K(189440K) Eden: 52224K(52224K)->0K(52224K) From: 57355K(134144K)->82944K(137216K)
[25.950s][info][gc,heap        ] GC(215) ParOldGen: 3656787K(4019712K)->3684043K(4019712K)
[25.950s][info][gc,metaspace   ] GC(215) Metaspace: 6302K(6464K)->6302K(6464K) NonClass: 5768K(5824K)->5768K(5824K) Class: 533K(640K)->533K(640K)
[25.950s][info][gc             ] GC(215) Pause Young (Allocation Failure) 3678M->3678M(4110M) 203.107ms
[25.950s][info][gc,cpu         ] GC(215) User=1.33s Sys=0.03s Real=0.20s
[26.001s][info][gc,start       ] GC(216) Pause Young (Allocation Failure)
[26.077s][info][gc,heap        ] GC(216) PSYoungGen: 135168K(189440K)->133632K(175104K) Eden: 52224K(52224K)->0K(41472K) From: 82944K(137216K)->133632K(133632K)
[26.077s][info][gc,heap        ] GC(216) ParOldGen: 3684043K(4019712K)->3685555K(4019712K)
[26.077s][info][gc,metaspace   ] GC(216) Metaspace: 6302K(6464K)->6302K(6464K) NonClass: 5768K(5824K)->5768K(5824K) Class: 533K(640K)->533K(640K)
[26.077s][info][gc             ] GC(216) Pause Young (Allocation Failure) 3729M->3729M(4096M) 76.581ms
[26.077s][info][gc,cpu         ] GC(216) User=0.30s Sys=0.02s Real=0.08s
[26.123s][info][gc,start       ] GC(217) Pause Young (Allocation Failure)
[26.211s][info][gc,heap        ] GC(217) PSYoungGen: 175104K(175104K)->93632K(190976K) Eden: 41472K(41472K)->0K(41472K) From: 133632K(133632K)->93632K(149504K)
[26.211s][info][gc,heap        ] GC(217) ParOldGen: 3685555K(4019712K)->3767827K(4019712K)
[26.211s][info][gc,metaspace   ] GC(217) Metaspace: 6302K(6464K)->6302K(6464K) NonClass: 5768K(5824K)->5768K(5824K) Class: 533K(640K)->533K(640K)
[26.211s][info][gc             ] GC(217) Pause Young (Allocation Failure) 3770M->3770M(4112M) 88.058ms
[26.211s][info][gc,cpu         ] GC(217) User=0.53s Sys=0.08s Real=0.09s
[26.257s][info][gc,start       ] GC(218) Pause Young (Allocation Failure)
[26.331s][info][gc,heap        ] GC(218) PSYoungGen: 135104K(190976K)->83232K(181248K) Eden: 41472K(41472K)->0K(46592K) From: 93632K(149504K)->83232K(134656K)
[26.331s][info][gc,heap        ] GC(218) ParOldGen: 3767827K(4019712K)->3820195K(4019712K)
[26.331s][info][gc,metaspace   ] GC(218) Metaspace: 6302K(6464K)->6302K(6464K) NonClass: 5768K(5824K)->5768K(5824K) Class: 533K(640K)->533K(640K)
[26.331s][info][gc             ] GC(218) Pause Young (Allocation Failure) 3811M->3811M(4102M) 73.798ms
[26.331s][info][gc,cpu         ] GC(218) User=0.48s Sys=0.03s Real=0.07s
[26.377s][info][gc,start       ] GC(219) Pause Young (Allocation Failure)
[26.450s][info][gc,heap        ] GC(219) PSYoungGen: 129824K(181248K)->88352K(187392K) Eden: 46592K(46592K)->0K(46592K) From: 83232K(134656K)->88352K(140800K)
[26.450s][info][gc,heap        ] GC(219) ParOldGen: 3820195K(4019712K)->3862051K(4019712K)
[26.450s][info][gc,metaspace   ] GC(219) Metaspace: 6302K(6464K)->6302K(6464K) NonClass: 5768K(5824K)->5768K(5824K) Class: 533K(640K)->533K(640K)
[26.450s][info][gc             ] GC(219) Pause Young (Allocation Failure) 3857M->3857M(4108M) 73.091ms
[26.450s][info][gc,cpu         ] GC(219) User=0.41s Sys=0.00s Real=0.07s
[26.497s][info][gc,start       ] GC(220) Pause Young (Allocation Failure)
[26.571s][info][gc,heap        ] GC(220) PSYoungGen: 134944K(187392K)->93440K(186880K) Eden: 46592K(46592K)->0K(52736K) From: 88352K(140800K)->93440K(134144K)
[26.571s][info][gc,heap        ] GC(220) ParOldGen: 3862051K(4019712K)->3903915K(4019712K)
[26.571s][info][gc,metaspace   ] GC(220) Metaspace: 6302K(6464K)->6302K(6464K) NonClass: 5768K(5824K)->5768K(5824K) Class: 533K(640K)->533K(640K)
[26.571s][info][gc             ] GC(220) Pause Young (Allocation Failure) 3903M->3903M(4108M) 74.512ms
[26.571s][info][gc,cpu         ] GC(220) User=0.41s Sys=0.02s Real=0.08s
[26.626s][info][gc,start       ] GC(221) Pause Young (Allocation Failure)
[26.704s][info][gc,heap        ] GC(221) PSYoungGen: 146176K(186880K)->99584K(187904K) Eden: 52736K(52736K)->0K(52736K) From: 93440K(134144K)->99584K(135168K)
[26.704s][info][gc,heap        ] GC(221) ParOldGen: 3903915K(4019712K)->3950939K(4019712K)
[26.704s][info][gc,metaspace   ] GC(221) Metaspace: 6302K(6464K)->6302K(6464K) NonClass: 5768K(5824K)->5768K(5824K) Class: 533K(640K)->533K(640K)
[26.704s][info][gc             ] GC(221) Pause Young (Allocation Failure) 3955M->3955M(4109M) 78.190ms
[26.704s][info][gc,cpu         ] GC(221) User=0.47s Sys=0.05s Real=0.08s
[26.704s][info][gc,start       ] GC(222) Pause Full (Ergonomics)
[26.704s][info][gc,phases,start] GC(222) Marking Phase
[27.591s][info][gc,phases      ] GC(222) Marking Phase 887.371ms
[27.591s][info][gc,phases,start] GC(222) Summary Phase
[27.591s][info][gc,phases      ] GC(222) Summary Phase 0.058ms
[27.591s][info][gc,phases,start] GC(222) Adjust Roots
[27.592s][info][gc,phases      ] GC(222) Adjust Roots 0.169ms
[27.592s][info][gc,phases,start] GC(222) Compaction Phase
[27.990s][info][gc,phases      ] GC(222) Compaction Phase 398.281ms
[27.990s][info][gc,phases,start] GC(222) Post Compact
[27.998s][info][gc,phases      ] GC(222) Post Compact 7.843ms
[27.999s][info][gc,heap        ] GC(222) PSYoungGen: 99584K(187904K)->27731K(187904K) Eden: 0K(52736K)->0K(52736K) From: 99584K(135168K)->27731K(135168K)
[27.999s][info][gc,heap        ] GC(222) ParOldGen: 3950939K(4019712K)->4019501K(4425216K)
[27.999s][info][gc,metaspace   ] GC(222) Metaspace: 6302K(6464K)->6302K(6464K) NonClass: 5768K(5824K)->5768K(5824K) Class: 533K(640K)->533K(640K)
[27.999s][info][gc             ] GC(222) Pause Full (Ergonomics) 3955M->3952M(4505M) 1295.631ms
[27.999s][info][gc,cpu         ] GC(222) User=9.33s Sys=0.05s Real=1.29s
[28.063s][info][gc,start       ] GC(223) Pause Young (Allocation Failure)
[28.273s][info][gc,heap        ] GC(223) PSYoungGen: 80467K(187904K)->60896K(190464K) Eden: 52736K(52736K)->0K(57856K) From: 27731K(135168K)->60896K(132608K)
[28.273s][info][gc,heap        ] GC(223) ParOldGen: 4019501K(4425216K)->4039501K(4425216K)
[28.273s][info][gc,metaspace   ] GC(223) Metaspace: 6302K(6464K)->6302K(6464K) NonClass: 5768K(5824K)->5768K(5824K) Class: 533K(640K)->533K(640K)
[28.273s][info][gc             ] GC(223) Pause Young (Allocation Failure) 4003M->4004M(4507M) 210.074ms
[28.273s][info][gc,cpu         ] GC(223) User=1.41s Sys=0.00s Real=0.21s
[28.337s][info][gc,start       ] GC(224) Pause Young (Allocation Failure)
[28.410s][info][gc,heap        ] GC(224) PSYoungGen: 118752K(190464K)->118848K(192512K) Eden: 57856K(57856K)->0K(57856K) From: 60896K(132608K)->118848K(134656K)
[28.410s][info][gc,heap        ] GC(224) ParOldGen: 4039501K(4425216K)->4039501K(4425216K)
[28.410s][info][gc,metaspace   ] GC(224) Metaspace: 6302K(6464K)->6302K(6464K) NonClass: 5768K(5824K)->5768K(5824K) Class: 533K(640K)->533K(640K)
[28.410s][info][gc             ] GC(224) Pause Young (Allocation Failure) 4060M->4060M(4509M) 72.635ms
[28.410s][info][gc,cpu         ] GC(224) User=0.44s Sys=0.00s Real=0.07s
[28.467s][info][gc,start       ] GC(225) Pause Young (Allocation Failure)
[28.560s][info][gc,heap        ] GC(225) PSYoungGen: 176704K(192512K)->142848K(179200K) Eden: 57856K(57856K)->0K(36352K) From: 118848K(134656K)->142848K(142848K)
[28.560s][info][gc,heap        ] GC(225) ParOldGen: 4039501K(4425216K)->4073597K(4425216K)
[28.560s][info][gc,metaspace   ] GC(225) Metaspace: 6302K(6464K)->6302K(6464K) NonClass: 5768K(5824K)->5768K(5824K) Class: 533K(640K)->533K(640K)
[28.560s][info][gc             ] GC(225) Pause Young (Allocation Failure) 4117M->4117M(4496M) 93.775ms
[28.560s][info][gc,cpu         ] GC(225) User=0.52s Sys=0.00s Real=0.09s
[28.601s][info][gc,start       ] GC(226) Pause Young (Allocation Failure)
[28.692s][info][gc,heap        ] GC(226) PSYoungGen: 179200K(179200K)->136064K(206848K) Eden: 36352K(36352K)->0K(36352K) From: 142848K(142848K)->136064K(170496K)
[28.692s][info][gc,heap        ] GC(226) ParOldGen: 4073597K(4425216K)->4117285K(4425216K)
[28.692s][info][gc,metaspace   ] GC(226) Metaspace: 6302K(6464K)->6302K(6464K) NonClass: 5768K(5824K)->5768K(5824K) Class: 533K(640K)->533K(640K)
[28.692s][info][gc             ] GC(226) Pause Young (Allocation Failure) 4153M->4153M(4523M) 90.635ms
[28.692s][info][gc,cpu         ] GC(226) User=0.69s Sys=0.06s Real=0.09s
[28.732s][info][gc,start       ] GC(227) Pause Young (Allocation Failure)
[28.820s][info][gc,heap        ] GC(227) PSYoungGen: 172416K(206848K)->116960K(215552K) Eden: 36352K(36352K)->0K(40960K) From: 136064K(170496K)->116960K(174592K)
[28.820s][info][gc,heap        ] GC(227) ParOldGen: 4117285K(4425216K)->4173157K(4425216K)
[28.820s][info][gc,metaspace   ] GC(227) Metaspace: 6302K(6464K)->6302K(6464K) NonClass: 5768K(5824K)->5768K(5824K) Class: 533K(640K)->533K(640K)
[28.820s][info][gc             ] GC(227) Pause Young (Allocation Failure) 4189M->4189M(4532M) 88.391ms
[28.820s][info][gc,cpu         ] GC(227) User=0.61s Sys=0.02s Real=0.09s
[28.872s][info][gc,start       ] GC(228) Pause Young (Allocation Failure)
[28.955s][info][gc,heap        ] GC(228) PSYoungGen: 157920K(215552K)->113952K(217088K) Eden: 40960K(40960K)->0K(40960K) From: 116960K(174592K)->113952K(176128K)
[28.955s][info][gc,heap        ] GC(228) ParOldGen: 4173157K(4425216K)->4217533K(4425216K)
[28.955s][info][gc,metaspace   ] GC(228) Metaspace: 6302K(6464K)->6302K(6464K) NonClass: 5768K(5824K)->5768K(5824K) Class: 533K(640K)->533K(640K)
[28.955s][info][gc             ] GC(228) Pause Young (Allocation Failure) 4229M->4229M(4533M) 83.748ms
[28.956s][info][gc,cpu         ] GC(228) User=0.45s Sys=0.06s Real=0.08s
[29.006s][info][gc,start       ] GC(229) Pause Young (Allocation Failure)
[29.093s][info][gc,heap        ] GC(229) PSYoungGen: 154912K(217088K)->118560K(216064K) Eden: 40960K(40960K)->0K(46080K) From: 113952K(176128K)->118560K(169984K)
[29.093s][info][gc,heap        ] GC(229) ParOldGen: 4217533K(4425216K)->4254221K(4425216K)
[29.093s][info][gc,metaspace   ] GC(229) Metaspace: 6302K(6464K)->6302K(6464K) NonClass: 5768K(5824K)->5768K(5824K) Class: 533K(640K)->533K(640K)
[29.093s][info][gc             ] GC(229) Pause Young (Allocation Failure) 4269M->4270M(4532M) 87.027ms
[29.093s][info][gc,cpu         ] GC(229) User=0.50s Sys=0.02s Real=0.09s
[29.139s][info][gc,start       ] GC(230) Pause Young (Allocation Failure)
[29.226s][info][gc,heap        ] GC(230) PSYoungGen: 164640K(216064K)->128288K(217600K) Eden: 46080K(46080K)->0K(46080K) From: 118560K(169984K)->128288K(171520K)
[29.226s][info][gc,heap        ] GC(230) ParOldGen: 4254221K(4425216K)->4290909K(4425216K)
[29.226s][info][gc,metaspace   ] GC(230) Metaspace: 6302K(6464K)->6302K(6464K) NonClass: 5768K(5824K)->5768K(5824K) Class: 533K(640K)->533K(640K)
[29.226s][info][gc             ] GC(230) Pause Young (Allocation Failure) 4315M->4315M(4534M) 86.424ms
[29.226s][info][gc,cpu         ] GC(230) User=0.50s Sys=0.02s Real=0.09s
[29.271s][info][gc,start       ] GC(231) Pause Young (Allocation Failure)
[29.364s][info][gc,heap        ] GC(231) PSYoungGen: 174368K(217600K)->92416K(217600K) Eden: 46080K(46080K)->0K(52224K) From: 128288K(171520K)->92416K(165376K)
[29.364s][info][gc,heap        ] GC(231) ParOldGen: 4290909K(4425216K)->4373525K(4425216K)
[29.364s][info][gc,metaspace   ] GC(231) Metaspace: 6302K(6464K)->6302K(6464K) NonClass: 5768K(5824K)->5768K(5824K) Class: 533K(640K)->533K(640K)
[29.364s][info][gc             ] GC(231) Pause Young (Allocation Failure) 4360M->4361M(4534M) 93.771ms
[29.364s][info][gc,cpu         ] GC(231) User=0.61s Sys=0.03s Real=0.09s
[29.365s][info][gc,start       ] GC(232) Pause Full (Ergonomics)
[29.365s][info][gc,phases,start] GC(232) Marking Phase
[30.377s][info][gc,phases      ] GC(232) Marking Phase 1012.385ms
[30.377s][info][gc,phases,start] GC(232) Summary Phase
[30.377s][info][gc,phases      ] GC(232) Summary Phase 0.060ms
[30.377s][info][gc,phases,start] GC(232) Adjust Roots
[30.377s][info][gc,phases      ] GC(232) Adjust Roots 0.187ms
[30.377s][info][gc,phases,start] GC(232) Compaction Phase
[30.806s][info][gc,phases      ] GC(232) Compaction Phase 428.699ms
[30.806s][info][gc,phases,start] GC(232) Post Compact
[30.813s][info][gc,phases      ] GC(232) Post Compact 6.615ms
[30.814s][info][gc,heap        ] GC(232) PSYoungGen: 92416K(217600K)->37425K(221696K) Eden: 0K(52224K)->0K(56320K) From: 92416K(165376K)->37425K(165376K)
[30.814s][info][gc,heap        ] GC(232) ParOldGen: 4373525K(4425216K)->4424756K(4868608K)
[30.814s][info][gc,metaspace   ] GC(232) Metaspace: 6302K(6464K)->6302K(6464K) NonClass: 5768K(5824K)->5768K(5824K) Class: 533K(640K)->533K(640K)
[30.814s][info][gc             ] GC(232) Pause Full (Ergonomics) 4361M->4357M(4971M) 1449.632ms
[30.814s][info][gc,cpu         ] GC(232) User=10.66s Sys=0.11s Real=1.45s
[30.875s][info][gc,start       ] GC(233) Pause Young (Allocation Failure)
[31.121s][info][gc,heap        ] GC(233) PSYoungGen: 93745K(221696K)->56544K(225792K) Eden: 56320K(56320K)->0K(56320K) From: 37425K(165376K)->56544K(169472K)
[31.121s][info][gc,heap        ] GC(233) ParOldGen: 4424756K(4868608K)->4462556K(4868608K)
[31.121s][info][gc,metaspace   ] GC(233) Metaspace: 6302K(6464K)->6302K(6464K) NonClass: 5768K(5824K)->5768K(5824K) Class: 533K(640K)->533K(640K)
[31.121s][info][gc             ] GC(233) Pause Young (Allocation Failure) 4412M->4413M(4975M) 245.842ms
[31.121s][info][gc,cpu         ] GC(233) User=1.58s Sys=0.05s Real=0.25s
[31.191s][info][gc,start       ] GC(234) Pause Young (Allocation Failure)
[31.264s][info][gc,heap        ] GC(234) PSYoungGen: 112864K(225792K)->56512K(233472K) Eden: 56320K(56320K)->0K(61952K) From: 56544K(169472K)->56512K(171520K)
[31.264s][info][gc,heap        ] GC(234) ParOldGen: 4462556K(4868608K)->4519372K(4868608K)
[31.264s][info][gc,metaspace   ] GC(234) Metaspace: 6302K(6464K)->6302K(6464K) NonClass: 5768K(5824K)->5768K(5824K) Class: 533K(640K)->533K(640K)
[31.264s][info][gc             ] GC(234) Pause Young (Allocation Failure) 4468M->4468M(4982M) 72.841ms
[31.264s][info][gc,cpu         ] GC(234) User=0.41s Sys=0.00s Real=0.07s
[31.333s][info][gc,start       ] GC(235) Pause Young (Allocation Failure)
[31.407s][info][gc,heap        ] GC(235) PSYoungGen: 118464K(233472K)->62144K(233984K) Eden: 61952K(61952K)->0K(61952K) From: 56512K(171520K)->62144K(172032K)
[31.407s][info][gc,heap        ] GC(235) ParOldGen: 4519372K(4868608K)->4576196K(4868608K)
[31.407s][info][gc,metaspace   ] GC(235) Metaspace: 6302K(6464K)->6302K(6464K) NonClass: 5768K(5824K)->5768K(5824K) Class: 533K(640K)->533K(640K)
[31.407s][info][gc             ] GC(235) Pause Young (Allocation Failure) 4529M->4529M(4983M) 73.941ms
[31.407s][info][gc,cpu         ] GC(235) User=0.42s Sys=0.08s Real=0.07s
[31.474s][info][gc,start       ] GC(236) Pause Young (Allocation Failure)
[31.550s][info][gc,heap        ] GC(236) PSYoungGen: 124096K(233984K)->62176K(233984K) Eden: 61952K(61952K)->0K(68608K) From: 62144K(172032K)->62176K(165376K)
[31.550s][info][gc,heap        ] GC(236) ParOldGen: 4576196K(4868608K)->4638716K(4868608K)
[31.550s][info][gc,metaspace   ] GC(236) Metaspace: 6302K(6464K)->6302K(6464K) NonClass: 5768K(5824K)->5768K(5824K) Class: 533K(640K)->533K(640K)
[31.550s][info][gc             ] GC(236) Pause Young (Allocation Failure) 4590M->4590M(4983M) 76.191ms
[31.550s][info][gc,cpu         ] GC(236) User=0.48s Sys=0.03s Real=0.08s
[31.630s][info][gc,start       ] GC(237) Pause Young (Allocation Failure)
[31.708s][info][gc,heap        ] GC(237) PSYoungGen: 130784K(233984K)->68864K(236544K) Eden: 68608K(68608K)->0K(68608K) From: 62176K(165376K)->68864K(167936K)
[31.708s][info][gc,heap        ] GC(237) ParOldGen: 4638716K(4868608K)->4701236K(4868608K)
[31.708s][info][gc,metaspace   ] GC(237) Metaspace: 6302K(6464K)->6302K(6464K) NonClass: 5768K(5824K)->5768K(5824K) Class: 533K(640K)->533K(640K)
[31.708s][info][gc             ] GC(237) Pause Young (Allocation Failure) 4657M->4658M(4985M) 78.080ms
[31.708s][info][gc,cpu         ] GC(237) User=0.45s Sys=0.06s Real=0.08s
[31.787s][info][gc,start       ] GC(238) Pause Young (Allocation Failure)
[31.870s][info][gc,heap        ] GC(238) PSYoungGen: 137472K(236544K)->68800K(230400K) Eden: 68608K(68608K)->0K(75776K) From: 68864K(167936K)->68800K(154624K)
[31.870s][info][gc,heap        ] GC(238) ParOldGen: 4701236K(4868608K)->4770452K(4868608K)
[31.870s][info][gc,metaspace   ] GC(238) Metaspace: 6302K(6464K)->6302K(6464K) NonClass: 5768K(5824K)->5768K(5824K) Class: 533K(640K)->533K(640K)
[31.870s][info][gc             ] GC(238) Pause Young (Allocation Failure) 4725M->4725M(4979M) 82.973ms
[31.870s][info][gc,cpu         ] GC(238) User=0.47s Sys=0.00s Real=0.08s
[31.951s][info][gc,start       ] GC(239) Pause Young (Allocation Failure)
[32.037s][info][gc,heap        ] GC(239) PSYoungGen: 144576K(230400K)->76032K(235008K) Eden: 75776K(75776K)->0K(75776K) From: 68800K(154624K)->76032K(159232K)
[32.037s][info][gc,heap        ] GC(239) ParOldGen: 4770452K(4868608K)->4839684K(4868608K)
[32.037s][info][gc,metaspace   ] GC(239) Metaspace: 6302K(6464K)->6302K(6464K) NonClass: 5768K(5824K)->5768K(5824K) Class: 533K(640K)->533K(640K)
[32.037s][info][gc             ] GC(239) Pause Young (Allocation Failure) 4799M->4800M(4984M) 85.424ms
[32.037s][info][gc,cpu         ] GC(239) User=0.48s Sys=0.02s Real=0.08s
[32.037s][info][gc,start       ] GC(240) Pause Full (Ergonomics)
[32.037s][info][gc,phases,start] GC(240) Marking Phase
[33.165s][info][gc,phases      ] GC(240) Marking Phase 1128.751ms
[33.165s][info][gc,phases,start] GC(240) Summary Phase
[33.166s][info][gc,phases      ] GC(240) Summary Phase 0.056ms
[33.166s][info][gc,phases,start] GC(240) Adjust Roots
[33.166s][info][gc,phases      ] GC(240) Adjust Roots 0.181ms
[33.166s][info][gc,phases,start] GC(240) Compaction Phase
[33.639s][info][gc,phases      ] GC(240) Compaction Phase 472.798ms
[33.639s][info][gc,phases,start] GC(240) Post Compact
[33.646s][info][gc,phases      ] GC(240) Post Compact 7.251ms
[33.648s][info][gc,heap        ] GC(240) PSYoungGen: 76032K(235008K)->43039K(235008K) Eden: 0K(75776K)->0K(75776K) From: 76032K(159232K)->43039K(159232K)
[33.648s][info][gc,heap        ] GC(240) ParOldGen: 4839684K(4868608K)->4868458K(5365248K)
[33.648s][info][gc,metaspace   ] GC(240) Metaspace: 6302K(6464K)->6302K(6464K) NonClass: 5768K(5824K)->5768K(5824K) Class: 533K(640K)->533K(640K)
[33.648s][info][gc             ] GC(240) Pause Full (Ergonomics) 4800M->4796M(5469M) 1610.893ms
[33.648s][info][gc,cpu         ] GC(240) User=11.77s Sys=0.03s Real=1.61s
[33.726s][info][gc,start       ] GC(241) Pause Young (Allocation Failure)
[34.014s][info][gc,heap        ] GC(241) PSYoungGen: 118815K(235008K)->76000K(224256K) Eden: 75776K(75776K)->0K(82432K) From: 43039K(159232K)->76000K(141824K)
[34.014s][info][gc,heap        ] GC(241) ParOldGen: 4868458K(5365248K)->4911946K(5365248K)
[34.014s][info][gc,metaspace   ] GC(241) Metaspace: 6302K(6464K)->6302K(6464K) NonClass: 5768K(5824K)->5768K(5824K) Class: 533K(640K)->533K(640K)
[34.014s][info][gc             ] GC(241) Pause Young (Allocation Failure) 4870M->4871M(5458M) 288.390ms
[34.014s][info][gc,cpu         ] GC(241) User=2.00s Sys=0.02s Real=0.29s
[34.113s][info][gc,start       ] GC(242) Pause Young (Allocation Failure)
[34.203s][info][gc,heap        ] GC(242) PSYoungGen: 158432K(224256K)->148480K(230912K) Eden: 82432K(82432K)->0K(82432K) From: 76000K(141824K)->148480K(148480K)
[34.203s][info][gc,heap        ] GC(242) ParOldGen: 4911946K(5365248K)->4922050K(5365248K)
[34.203s][info][gc,metaspace   ] GC(242) Metaspace: 6302K(6464K)->6302K(6464K) NonClass: 5768K(5824K)->5768K(5824K) Class: 533K(640K)->533K(640K)
[34.203s][info][gc             ] GC(242) Pause Young (Allocation Failure) 4951M->4951M(5465M) 90.144ms
[34.203s][info][gc,cpu         ] GC(242) User=0.62s Sys=0.00s Real=0.09s
[34.296s][info][gc,start       ] GC(243) Pause Young (Allocation Failure)
[34.431s][info][gc,heap        ] GC(243) PSYoungGen: 230912K(230912K)->82688K(248320K) Eden: 82432K(82432K)->0K(90624K) From: 148480K(148480K)->82688K(157696K)
[34.431s][info][gc,heap        ] GC(243) ParOldGen: 4922050K(5365248K)->5071578K(5365248K)
[34.431s][info][gc,metaspace   ] GC(243) Metaspace: 6302K(6464K)->6302K(6464K) NonClass: 5768K(5824K)->5768K(5824K) Class: 533K(640K)->533K(640K)
[34.431s][info][gc             ] GC(243) Pause Young (Allocation Failure) 5032M->5033M(5482M) 134.580ms
[34.431s][info][gc,cpu         ] GC(243) User=0.97s Sys=0.03s Real=0.13s
[34.539s][info][gc,start       ] GC(244) Pause Young (Allocation Failure)
[34.636s][info][gc,heap        ] GC(244) PSYoungGen: 173312K(248320K)->163328K(253952K) Eden: 90624K(90624K)->0K(90624K) From: 82688K(157696K)->163328K(163328K)
[34.636s][info][gc,heap        ] GC(244) ParOldGen: 5071578K(5365248K)->5081722K(5365248K)
[34.636s][info][gc,metaspace   ] GC(244) Metaspace: 6302K(6464K)->6302K(6464K) NonClass: 5768K(5824K)->5768K(5824K) Class: 533K(640K)->533K(640K)
[34.636s][info][gc             ] GC(244) Pause Young (Allocation Failure) 5121M->5122M(5487M) 97.894ms
[34.636s][info][gc,cpu         ] GC(244) User=0.67s Sys=0.00s Real=0.10s
[34.742s][info][gc,start       ] GC(245) Pause Young (Allocation Failure)
[34.897s][info][gc,heap        ] GC(245) PSYoungGen: 253952K(253952K)->90880K(272384K) Eden: 90624K(90624K)->0K(100352K) From: 163328K(163328K)->90880K(172032K)
[34.897s][info][gc,heap        ] GC(245) ParOldGen: 5081722K(5365248K)->5246218K(5365248K)
[34.897s][info][gc,metaspace   ] GC(245) Metaspace: 6302K(6464K)->6302K(6464K) NonClass: 5768K(5824K)->5768K(5824K) Class: 533K(640K)->533K(640K)
[34.897s][info][gc             ] GC(245) Pause Young (Allocation Failure) 5210M->5212M(5505M) 154.506ms
[34.897s][info][gc,cpu         ] GC(245) User=1.08s Sys=0.17s Real=0.15s
[34.897s][info][gc,start       ] GC(246) Pause Full (Ergonomics)
[34.897s][info][gc,phases,start] GC(246) Marking Phase
[36.104s][info][gc,phases      ] GC(246) Marking Phase 1207.125ms
[36.104s][info][gc,phases,start] GC(246) Summary Phase
[36.104s][info][gc,phases      ] GC(246) Summary Phase 0.094ms
[36.104s][info][gc,phases,start] GC(246) Adjust Roots
[36.104s][info][gc,phases      ] GC(246) Adjust Roots 0.192ms
[36.104s][info][gc,phases,start] GC(246) Compaction Phase
[36.559s][info][gc,phases      ] GC(246) Compaction Phase 455.034ms
[36.560s][info][gc,phases,start] GC(246) Post Compact
[36.567s][info][gc,phases      ] GC(246) Post Compact 7.879ms
[36.569s][info][gc,heap        ] GC(246) PSYoungGen: 90880K(272384K)->0K(279552K) Eden: 0K(100352K)->0K(100352K) From: 90880K(172032K)->0K(179200K)
[36.569s][info][gc,heap        ] GC(246) ParOldGen: 5246218K(5365248K)->5333233K(5943808K)
[36.569s][info][gc,metaspace   ] GC(246) Metaspace: 6302K(6464K)->6302K(6464K) NonClass: 5768K(5824K)->5768K(5824K) Class: 533K(640K)->533K(640K)
[36.569s][info][gc             ] GC(246) Pause Full (Ergonomics) 5212M->5208M(6077M) 1672.497ms
[36.569s][info][gc,cpu         ] GC(246) User=12.80s Sys=0.06s Real=1.67s
[36.688s][info][gc,start       ] GC(247) Pause Young (Allocation Failure)
[36.755s][info][gc,heap        ] GC(247) PSYoungGen: 100352K(279552K)->100704K(271872K) Eden: 100352K(100352K)->0K(109056K) From: 0K(179200K)->100704K(162816K)
[36.756s][info][gc,heap        ] GC(247) ParOldGen: 5333233K(5943808K)->5333233K(5943808K)
[36.756s][info][gc,metaspace   ] GC(247) Metaspace: 6302K(6464K)->6302K(6464K) NonClass: 5768K(5824K)->5768K(5824K) Class: 533K(640K)->533K(640K)
[36.756s][info][gc             ] GC(247) Pause Young (Allocation Failure) 5306M->5306M(6070M) 67.981ms
[36.756s][info][gc,cpu         ] GC(247) User=0.39s Sys=0.00s Real=0.07s
[36.890s][info][gc,start       ] GC(248) Pause Young (Allocation Failure)
[37.009s][info][gc,heap        ] GC(248) PSYoungGen: 209760K(271872K)->172032K(281088K) Eden: 109056K(109056K)->0K(109056K) From: 100704K(162816K)->172032K(172032K)
[37.009s][info][gc,heap        ] GC(248) ParOldGen: 5333233K(5943808K)->5371273K(5943808K)
[37.010s][info][gc,metaspace   ] GC(248) Metaspace: 6302K(6464K)->6302K(6464K) NonClass: 5768K(5824K)->5768K(5824K) Class: 533K(640K)->533K(640K)
[37.010s][info][gc             ] GC(248) Pause Young (Allocation Failure) 5413M->5413M(6079M) 119.994ms
[37.010s][info][gc,cpu         ] GC(248) User=0.77s Sys=0.00s Real=0.12s
[37.129s][info][gc,start       ] GC(249) Pause Young (Allocation Failure)
[37.297s][info][gc,heap        ] GC(249) PSYoungGen: 281088K(281088K)->198752K(302080K) Eden: 109056K(109056K)->0K(95744K) From: 172032K(172032K)->198752K(206336K)
[37.297s][info][gc,heap        ] GC(249) ParOldGen: 5371273K(5943808K)->5454537K(5943808K)
[37.297s][info][gc,metaspace   ] GC(249) Metaspace: 6302K(6464K)->6302K(6464K) NonClass: 5768K(5824K)->5768K(5824K) Class: 533K(640K)->533K(640K)
[37.297s][info][gc             ] GC(249) Pause Young (Allocation Failure) 5519M->5520M(6099M) 167.822ms
[37.297s][info][gc,cpu         ] GC(249) User=1.03s Sys=0.16s Real=0.17s
[37.419s][info][gc,start       ] GC(250) Pause Young (Allocation Failure)
[37.581s][info][gc,heap        ] GC(250) PSYoungGen: 294496K(302080K)->229376K(325120K) Eden: 95744K(95744K)->0K(95744K) From: 198752K(206336K)->229376K(229376K)
[37.581s][info][gc,heap        ] GC(250) ParOldGen: 5454537K(5943808K)->5520185K(5943808K)
[37.581s][info][gc,metaspace   ] GC(250) Metaspace: 6302K(6464K)->6302K(6464K) NonClass: 5768K(5824K)->5768K(5824K) Class: 533K(640K)->533K(640K)
[37.581s][info][gc             ] GC(250) Pause Young (Allocation Failure) 5614M->5614M(6122M) 162.544ms
[37.581s][info][gc,cpu         ] GC(250) User=1.12s Sys=0.00s Real=0.16s
[38.740s][info][gc,start       ] GC(251) Pause Young (Allocation Failure)
[39.036s][info][gc,heap        ] GC(251) PSYoungGen: 325120K(325120K)->167200K(380928K) Eden: 95744K(95744K)->0K(104448K) From: 229376K(229376K)->167200K(276480K)
[39.036s][info][gc,heap        ] GC(251) ParOldGen: 5782329K(5943808K)->5941689K(5943808K)
[39.036s][info][gc,metaspace   ] GC(251) Metaspace: 6302K(6464K)->6302K(6464K) NonClass: 5768K(5824K)->5768K(5824K) Class: 533K(640K)->533K(640K)
[39.036s][info][gc             ] GC(251) Pause Young (Allocation Failure) 5964M->5965M(6176M) 296.133ms
[39.036s][info][gc,cpu         ] GC(251) User=1.86s Sys=0.12s Real=0.30s
[39.036s][info][gc,start       ] GC(252) Pause Full (Ergonomics)
[39.036s][info][gc,phases,start] GC(252) Marking Phase
[40.384s][info][gc,phases      ] GC(252) Marking Phase 1347.506ms
[40.384s][info][gc,phases,start] GC(252) Summary Phase
[40.384s][info][gc,phases      ] GC(252) Summary Phase 0.078ms
[40.384s][info][gc,phases,start] GC(252) Adjust Roots
[40.384s][info][gc,phases      ] GC(252) Adjust Roots 0.258ms
[40.384s][info][gc,phases,start] GC(252) Compaction Phase
[41.318s][info][gc,phases      ] GC(252) Compaction Phase 934.014ms
[41.318s][info][gc,phases,start] GC(252) Post Compact
[41.328s][info][gc,phases      ] GC(252) Post Compact 10.014ms
[41.331s][info][gc,heap        ] GC(252) PSYoungGen: 167200K(380928K)->30318K(385024K) Eden: 0K(104448K)->0K(108544K) From: 167200K(276480K)->30318K(276480K)
[41.331s][info][gc,heap        ] GC(252) ParOldGen: 5941689K(5943808K)->5943774K(6615552K)
[41.331s][info][gc,metaspace   ] GC(252) Metaspace: 6302K(6464K)->6302K(6464K) NonClass: 5768K(5824K)->5768K(5824K) Class: 533K(640K)->533K(640K)
[41.331s][info][gc             ] GC(252) Pause Full (Ergonomics) 5965M->5834M(6836M) 2294.684ms
[41.331s][info][gc,cpu         ] GC(252) User=16.14s Sys=0.02s Real=2.30s
[41.454s][info][gc,start       ] GC(253) Pause Young (Allocation Failure)
[41.775s][info][gc,heap        ] GC(253) PSYoungGen: 138862K(385024K)->139264K(247808K) Eden: 108544K(108544K)->0K(108544K) From: 30318K(276480K)->139264K(139264K)
[41.775s][info][gc,heap        ] GC(253) ParOldGen: 5943774K(6615552K)->5943774K(6615552K)
[41.775s][info][gc,metaspace   ] GC(253) Metaspace: 6302K(6464K)->6302K(6464K) NonClass: 5768K(5824K)->5768K(5824K) Class: 533K(640K)->533K(640K)
[41.775s][info][gc             ] GC(253) Pause Young (Allocation Failure) 5940M->5940M(6702M) 320.686ms
[41.775s][info][gc,cpu         ] GC(253) User=2.09s Sys=0.00s Real=0.32s
[41.880s][info][gc,start       ] GC(254) Pause Young (Allocation Failure)
[42.022s][info][gc,heap        ] GC(254) PSYoungGen: 247808K(247808K)->248000K(355840K) Eden: 108544K(108544K)->0K(89600K) From: 139264K(139264K)->248000K(266240K)
[42.022s][info][gc,heap        ] GC(254) ParOldGen: 5943774K(6615552K)->5943774K(6615552K)
[42.022s][info][gc,metaspace   ] GC(254) Metaspace: 6302K(6464K)->6302K(6464K) NonClass: 5768K(5824K)->5768K(5824K) Class: 533K(640K)->533K(640K)
[42.022s][info][gc             ] GC(254) Pause Young (Allocation Failure) 6046M->6046M(6808M) 142.497ms
[42.022s][info][gc,cpu         ] GC(254) User=0.62s Sys=0.00s Real=0.14s
[42.123s][info][gc,start       ] GC(255) Pause Young (Allocation Failure)
[42.292s][info][gc,heap        ] GC(255) PSYoungGen: 337600K(355840K)->293888K(383488K) Eden: 89600K(89600K)->0K(89600K) From: 248000K(266240K)->293888K(293888K)
[42.292s][info][gc,heap        ] GC(255) ParOldGen: 5943774K(6615552K)->5987870K(6615552K)
[42.292s][info][gc,metaspace   ] GC(255) Metaspace: 6302K(6464K)->6302K(6464K) NonClass: 5768K(5824K)->5768K(5824K) Class: 533K(640K)->533K(640K)
[42.292s][info][gc             ] GC(255) Pause Young (Allocation Failure) 6134M->6134M(6835M) 169.671ms
[42.292s][info][gc,cpu         ] GC(255) User=0.81s Sys=0.05s Real=0.17s
[42.386s][info][gc,start       ] GC(256) Pause Young (Allocation Failure)
[42.571s][info][gc,heap        ] GC(256) PSYoungGen: 383488K(383488K)->349184K(386048K) Eden: 89600K(89600K)->0K(36864K) From: 293888K(293888K)->349184K(349184K)
[42.571s][info][gc,heap        ] GC(256) ParOldGen: 5987870K(6615552K)->6022598K(6615552K)
[42.571s][info][gc,metaspace   ] GC(256) Metaspace: 6302K(6464K)->6302K(6464K) NonClass: 5768K(5824K)->5768K(5824K) Class: 533K(640K)->533K(640K)
[42.571s][info][gc             ] GC(256) Pause Young (Allocation Failure) 6222M->6222M(6837M) 185.545ms
[42.571s][info][gc,cpu         ] GC(256) User=1.14s Sys=0.16s Real=0.18s
[42.612s][info][gc,start       ] GC(257) Pause Young (Allocation Failure)
[42.799s][info][gc,heap        ] GC(257) PSYoungGen: 386048K(386048K)->204544K(241664K) Eden: 36864K(36864K)->0K(36864K) From: 349184K(349184K)->204544K(204800K)
[42.799s][info][gc,heap        ] GC(257) ParOldGen: 6022598K(6615552K)->6205526K(6615552K)
[42.799s][info][gc,metaspace   ] GC(257) Metaspace: 6302K(6464K)->6302K(6464K) NonClass: 5768K(5824K)->5768K(5824K) Class: 533K(640K)->533K(640K)
[42.799s][info][gc             ] GC(257) Pause Young (Allocation Failure) 6258M->6259M(6696M) 186.352ms
[42.799s][info][gc,cpu         ] GC(257) User=1.20s Sys=0.09s Real=0.19s
[42.838s][info][gc,start       ] GC(258) Pause Young (Allocation Failure)
[42.975s][info][gc,heap        ] GC(258) PSYoungGen: 241408K(241664K)->155168K(408576K) Eden: 36864K(36864K)->0K(41984K) From: 204544K(204800K)->155168K(366592K)
[42.975s][info][gc,heap        ] GC(258) ParOldGen: 6205526K(6615552K)->6292486K(6615552K)
[42.975s][info][gc,metaspace   ] GC(258) Metaspace: 6302K(6464K)->6302K(6464K) NonClass: 5768K(5824K)->5768K(5824K) Class: 533K(640K)->533K(640K)
[42.975s][info][gc             ] GC(258) Pause Young (Allocation Failure) 6295M->6296M(6859M) 136.591ms
[42.975s][info][gc,cpu         ] GC(258) User=0.66s Sys=0.05s Real=0.14s
[43.019s][info][gc,start       ] GC(259) Pause Young (Allocation Failure)
[43.144s][info][gc,heap        ] GC(259) PSYoungGen: 197152K(408576K)->79104K(421888K) Eden: 41984K(41984K)->0K(41984K) From: 155168K(366592K)->79104K(379904K)
[43.144s][info][gc,heap        ] GC(259) ParOldGen: 6292486K(6615552K)->6411398K(6615552K)
[43.144s][info][gc,metaspace   ] GC(259) Metaspace: 6302K(6464K)->6302K(6464K) NonClass: 5768K(5824K)->5768K(5824K) Class: 533K(640K)->533K(640K)
[43.144s][info][gc             ] GC(259) Pause Young (Allocation Failure) 6337M->6338M(6872M) 124.271ms
[43.144s][info][gc,cpu         ] GC(259) User=0.47s Sys=0.08s Real=0.12s
[43.197s][info][gc,start       ] GC(260) Pause Young (Allocation Failure)
[43.308s][info][gc,heap        ] GC(260) PSYoungGen: 121088K(421888K)->42176K(424960K) Eden: 41984K(41984K)->0K(45568K) From: 79104K(379904K)->42176K(379392K)
[43.308s][info][gc,heap        ] GC(260) ParOldGen: 6411398K(6615552K)->6490926K(6615552K)
[43.308s][info][gc,metaspace   ] GC(260) Metaspace: 6302K(6464K)->6302K(6464K) NonClass: 5768K(5824K)->5768K(5824K) Class: 533K(640K)->533K(640K)
[43.308s][info][gc             ] GC(260) Pause Young (Allocation Failure) 6379M->6379M(6875M) 111.296ms
[43.308s][info][gc,cpu         ] GC(260) User=0.39s Sys=0.03s Real=0.11s
[43.308s][info][gc,start       ] GC(261) Pause Full (Ergonomics)
[43.308s][info][gc,phases,start] GC(261) Marking Phase
[44.768s][info][gc,phases      ] GC(261) Marking Phase 1459.962ms
[44.768s][info][gc,phases,start] GC(261) Summary Phase
[44.768s][info][gc,phases      ] GC(261) Summary Phase 0.104ms
[44.768s][info][gc,phases,start] GC(261) Adjust Roots
[44.768s][info][gc,phases      ] GC(261) Adjust Roots 0.188ms
[44.769s][info][gc,phases,start] GC(261) Compaction Phase
[45.436s][info][gc,phases      ] GC(261) Compaction Phase 667.657ms
[45.436s][info][gc,phases,start] GC(261) Post Compact
[45.446s][info][gc,phases      ] GC(261) Post Compact 9.619ms
[45.448s][info][gc,heap        ] GC(261) PSYoungGen: 42176K(424960K)->0K(427520K) Eden: 0K(45568K)->0K(45568K) From: 42176K(379392K)->0K(381952K)
[45.448s][info][gc,heap        ] GC(261) ParOldGen: 6490926K(6615552K)->6527832K(7259648K)
[45.448s][info][gc,metaspace   ] GC(261) Metaspace: 6302K(6464K)->6302K(6464K) NonClass: 5768K(5824K)->5768K(5824K) Class: 533K(640K)->533K(640K)
[45.448s][info][gc             ] GC(261) Pause Full (Ergonomics) 6379M->6374M(7507M) 2139.716ms
[45.448s][info][gc,cpu         ] GC(261) User=15.45s Sys=0.03s Real=2.14s
[45.494s][info][gc,start       ] GC(262) Pause Young (Allocation Failure)
[45.565s][info][gc,heap        ] GC(262) PSYoungGen: 45568K(427520K)->45760K(428544K) Eden: 45568K(45568K)->0K(50688K) From: 0K(381952K)->45760K(377856K)
[45.566s][info][gc,heap        ] GC(262) ParOldGen: 6527832K(7259648K)->6527832K(7259648K)
[45.566s][info][gc,metaspace   ] GC(262) Metaspace: 6302K(6464K)->6302K(6464K) NonClass: 5768K(5824K)->5768K(5824K) Class: 533K(640K)->533K(640K)
[45.566s][info][gc             ] GC(262) Pause Young (Allocation Failure) 6419M->6419M(7508M) 71.960ms
[45.566s][info][gc,cpu         ] GC(262) User=0.28s Sys=0.00s Real=0.07s
[45.620s][info][gc,start       ] GC(263) Pause Young (Allocation Failure)
[45.704s][info][gc,heap        ] GC(263) PSYoungGen: 96448K(428544K)->50880K(431104K) Eden: 50688K(50688K)->0K(50688K) From: 45760K(377856K)->50880K(380416K)
[45.704s][info][gc,heap        ] GC(263) ParOldGen: 6527832K(7259648K)->6573824K(7259648K)
[45.704s][info][gc,metaspace   ] GC(263) Metaspace: 6302K(6464K)->6302K(6464K) NonClass: 5768K(5824K)->5768K(5824K) Class: 533K(640K)->533K(640K)
[45.704s][info][gc             ] GC(263) Pause Young (Allocation Failure) 6469M->6469M(7510M) 84.271ms
[45.704s][info][gc,cpu         ] GC(263) User=0.28s Sys=0.02s Real=0.08s
[45.758s][info][gc,start       ] GC(264) Pause Young (Allocation Failure)
[45.852s][info][gc,heap        ] GC(264) PSYoungGen: 101568K(431104K)->50848K(416768K) Eden: 50688K(50688K)->0K(56832K) From: 50880K(380416K)->50848K(359936K)
[45.852s][info][gc,heap        ] GC(264) ParOldGen: 6573824K(7259648K)->6624968K(7259648K)
[45.852s][info][gc,metaspace   ] GC(264) Metaspace: 6302K(6464K)->6302K(6464K) NonClass: 5768K(5824K)->5768K(5824K) Class: 533K(640K)->533K(640K)
[45.852s][info][gc             ] GC(264) Pause Young (Allocation Failure) 6518M->6519M(7496M) 93.702ms
[45.852s][info][gc,cpu         ] GC(264) User=0.22s Sys=0.00s Real=0.09s
[45.920s][info][gc,start       ] GC(265) Pause Young (Allocation Failure)
[46.015s][info][gc,heap        ] GC(265) PSYoungGen: 107680K(416768K)->57024K(114176K) Eden: 56832K(56832K)->0K(56832K) From: 50848K(359936K)->57024K(57344K)
[46.015s][info][gc,heap        ] GC(265) ParOldGen: 6624968K(7259648K)->6676120K(7259648K)
[46.015s][info][gc,metaspace   ] GC(265) Metaspace: 6302K(6464K)->6302K(6464K) NonClass: 5768K(5824K)->5768K(5824K) Class: 533K(640K)->533K(640K)
[46.015s][info][gc             ] GC(265) Pause Young (Allocation Failure) 6574M->6575M(7201M) 94.653ms
[46.015s][info][gc,cpu         ] GC(265) User=0.28s Sys=0.03s Real=0.10s
[46.079s][info][gc,start       ] GC(266) Pause Young (Allocation Failure)
[46.181s][info][gc,heap        ] GC(266) PSYoungGen: 113856K(114176K)->57024K(398336K) Eden: 56832K(56832K)->0K(64000K) From: 57024K(57344K)->57024K(334336K)
[46.181s][info][gc,heap        ] GC(266) ParOldGen: 6676120K(7259648K)->6733472K(7259648K)
[46.181s][info][gc,metaspace   ] GC(266) Metaspace: 6302K(6464K)->6302K(6464K) NonClass: 5768K(5824K)->5768K(5824K) Class: 533K(640K)->533K(640K)
[46.181s][info][gc             ] GC(266) Pause Young (Allocation Failure) 6630M->6631M(7478M) 102.466ms
[46.181s][info][gc,cpu         ] GC(266) User=0.31s Sys=0.03s Real=0.10s
[46.245s][info][gc,start       ] GC(267) Pause Young (Allocation Failure)
[46.343s][info][gc,heap        ] GC(267) PSYoungGen: 121024K(398336K)->64224K(128512K) Eden: 64000K(64000K)->0K(64000K) From: 57024K(334336K)->64224K(64512K)
[46.344s][info][gc,heap        ] GC(267) ParOldGen: 6733472K(7259648K)->6790824K(7259648K)
[46.344s][info][gc,metaspace   ] GC(267) Metaspace: 6302K(6464K)->6302K(6464K) NonClass: 5768K(5824K)->5768K(5824K) Class: 533K(640K)->533K(640K)
[46.344s][info][gc             ] GC(267) Pause Young (Allocation Failure) 6693M->6694M(7215M) 98.708ms
[46.344s][info][gc,cpu         ] GC(267) User=0.34s Sys=0.00s Real=0.10s
[46.419s][info][gc,start       ] GC(268) Pause Young (Allocation Failure)
[46.520s][info][gc,heap        ] GC(268) PSYoungGen: 128224K(128512K)->64224K(376320K) Eden: 64000K(64000K)->0K(71680K) From: 64224K(64512K)->64224K(304640K)
[46.520s][info][gc,heap        ] GC(268) ParOldGen: 6790824K(7259648K)->6855400K(7259648K)
[46.520s][info][gc,metaspace   ] GC(268) Metaspace: 6302K(6464K)->6302K(6464K) NonClass: 5768K(5824K)->5768K(5824K) Class: 533K(640K)->533K(640K)
[46.520s][info][gc             ] GC(268) Pause Young (Allocation Failure) 6756M->6757M(7457M) 101.108ms
[46.520s][info][gc,cpu         ] GC(268) User=0.31s Sys=0.02s Real=0.10s
[46.600s][info][gc,start       ] GC(269) Pause Young (Allocation Failure)
[46.704s][info][gc,heap        ] GC(269) PSYoungGen: 135904K(376320K)->71904K(143872K) Eden: 71680K(71680K)->0K(71680K) From: 64224K(304640K)->71904K(72192K)
[46.704s][info][gc,heap        ] GC(269) ParOldGen: 6855400K(7259648K)->6919976K(7259648K)
[46.704s][info][gc,metaspace   ] GC(269) Metaspace: 6302K(6464K)->6302K(6464K) NonClass: 5768K(5824K)->5768K(5824K) Class: 533K(640K)->533K(640K)
[46.704s][info][gc             ] GC(269) Pause Young (Allocation Failure) 6827M->6828M(7230M) 103.790ms
[46.704s][info][gc,cpu         ] GC(269) User=0.27s Sys=0.05s Real=0.10s
[46.771s][info][gc,start       ] GC(270) Pause Young (Allocation Failure)
[46.883s][info][gc,heap        ] GC(270) PSYoungGen: 143584K(143872K)->71936K(354816K) Eden: 71680K(71680K)->0K(80384K) From: 71904K(72192K)->71936K(274432K)
[46.883s][info][gc,heap        ] GC(270) ParOldGen: 6919976K(7259648K)->6992304K(7259648K)
[46.883s][info][gc,metaspace   ] GC(270) Metaspace: 6302K(6464K)->6302K(6464K) NonClass: 5768K(5824K)->5768K(5824K) Class: 533K(640K)->533K(640K)
[46.883s][info][gc             ] GC(270) Pause Young (Allocation Failure) 6898M->6898M(7436M) 111.783ms
[46.883s][info][gc,cpu         ] GC(270) User=0.45s Sys=0.00s Real=0.11s
[46.960s][info][gc,start       ] GC(271) Pause Young (Allocation Failure)
[47.070s][info][gc,heap        ] GC(271) PSYoungGen: 152320K(354816K)->80640K(161280K) Eden: 80384K(80384K)->0K(80384K) From: 71936K(274432K)->80640K(80896K)
[47.070s][info][gc,heap        ] GC(271) ParOldGen: 6992304K(7259648K)->7064632K(7259648K)
[47.070s][info][gc,metaspace   ] GC(271) Metaspace: 6302K(6464K)->6302K(6464K) NonClass: 5768K(5824K)->5768K(5824K) Class: 533K(640K)->533K(640K)
[47.070s][info][gc             ] GC(271) Pause Young (Allocation Failure) 6977M->6977M(7247M) 110.323ms
[47.070s][info][gc,cpu         ] GC(271) User=0.31s Sys=0.02s Real=0.11s
[47.162s][info][gc,start       ] GC(272) Pause Young (Allocation Failure)
[47.272s][info][gc,heap        ] GC(272) PSYoungGen: 161024K(161280K)->80640K(334848K) Eden: 80384K(80384K)->0K(90112K) From: 80640K(80896K)->80640K(244736K)
[47.272s][info][gc,heap        ] GC(272) ParOldGen: 7064632K(7259648K)->7145744K(7259648K)
[47.272s][info][gc,metaspace   ] GC(272) Metaspace: 6302K(6464K)->6302K(6464K) NonClass: 5768K(5824K)->5768K(5824K) Class: 533K(640K)->533K(640K)
[47.272s][info][gc             ] GC(272) Pause Young (Allocation Failure) 7056M->7057M(7416M) 109.840ms
[47.272s][info][gc,cpu         ] GC(272) User=0.34s Sys=0.02s Real=0.11s
[47.272s][info][gc,start       ] GC(273) Pause Full (Ergonomics)
[47.272s][info][gc,phases,start] GC(273) Marking Phase
[48.921s][info][gc,phases      ] GC(273) Marking Phase 1649.184ms
[48.921s][info][gc,phases,start] GC(273) Summary Phase
[48.921s][info][gc,phases      ] GC(273) Summary Phase 0.115ms
[48.921s][info][gc,phases,start] GC(273) Adjust Roots
[48.921s][info][gc,phases      ] GC(273) Adjust Roots 0.188ms
[48.921s][info][gc,phases,start] GC(273) Compaction Phase
[49.637s][info][gc,phases      ] GC(273) Compaction Phase 715.960ms
[49.637s][info][gc,phases,start] GC(273) Post Compact
[49.648s][info][gc,phases      ] GC(273) Post Compact 10.916ms
[49.649s][info][gc,heap        ] GC(273) PSYoungGen: 80640K(334848K)->0K(349184K) Eden: 0K(90112K)->0K(90112K) From: 80640K(244736K)->0K(259072K)
[49.650s][info][gc,heap        ] GC(273) ParOldGen: 7145744K(7259648K)->7220217K(7646208K)
[49.650s][info][gc,metaspace   ] GC(273) Metaspace: 6302K(6464K)->6302K(6464K) NonClass: 5768K(5824K)->5768K(5824K) Class: 533K(640K)->533K(640K)
[49.650s][info][gc             ] GC(273) Pause Full (Ergonomics) 7057M->7050M(7808M) 2377.824ms
[49.650s][info][gc,cpu         ] GC(273) User=17.41s Sys=0.05s Real=2.38s
[49.735s][info][gc,start       ] GC(274) Pause Young (Allocation Failure)
[49.826s][info][gc,heap        ] GC(274) PSYoungGen: 90112K(349184K)->90400K(326144K) Eden: 90112K(90112K)->0K(98816K) From: 0K(259072K)->90400K(227328K)
[49.826s][info][gc,heap        ] GC(274) ParOldGen: 7220217K(7646208K)->7220217K(7646208K)
[49.826s][info][gc,metaspace   ] GC(274) Metaspace: 6302K(6464K)->6302K(6464K) NonClass: 5768K(5824K)->5768K(5824K) Class: 533K(640K)->533K(640K)
[49.826s][info][gc             ] GC(274) Pause Young (Allocation Failure) 7138M->7139M(7785M) 90.873ms
[49.826s][info][gc,cpu         ] GC(274) User=0.25s Sys=0.00s Real=0.09s
[49.931s][info][gc,start       ] GC(275) Pause Young (Allocation Failure)
[50.053s][info][gc,heap        ] GC(275) PSYoungGen: 189216K(326144K)->189440K(343040K) Eden: 98816K(98816K)->0K(98816K) From: 90400K(227328K)->189440K(244224K)
[50.053s][info][gc,heap        ] GC(275) ParOldGen: 7220217K(7646208K)->7220217K(7646208K)
[50.053s][info][gc,metaspace   ] GC(275) Metaspace: 6302K(6464K)->6302K(6464K) NonClass: 5768K(5824K)->5768K(5824K) Class: 533K(640K)->533K(640K)
[50.053s][info][gc             ] GC(275) Pause Young (Allocation Failure) 7235M->7235M(7802M) 122.518ms
[50.053s][info][gc,cpu         ] GC(275) User=0.55s Sys=0.00s Real=0.12s
[50.160s][info][gc,start       ] GC(276) Pause Young (Allocation Failure)
[50.305s][info][gc,heap        ] GC(276) PSYoungGen: 288256K(343040K)->263680K(320000K) Eden: 98816K(98816K)->0K(56320K) From: 189440K(244224K)->263680K(263680K)
[50.305s][info][gc,heap        ] GC(276) ParOldGen: 7220217K(7646208K)->7245001K(7646208K)
[50.305s][info][gc,metaspace   ] GC(276) Metaspace: 6302K(6464K)->6302K(6464K) NonClass: 5768K(5824K)->5768K(5824K) Class: 533K(640K)->533K(640K)
[50.305s][info][gc             ] GC(276) Pause Young (Allocation Failure) 7332M->7332M(7779M) 144.576ms
[50.305s][info][gc,cpu         ] GC(276) User=0.91s Sys=0.00s Real=0.14s
[50.365s][info][gc,start       ] GC(277) Pause Young (Allocation Failure)
[50.524s][info][gc,heap        ] GC(277) PSYoungGen: 320000K(320000K)->150592K(207360K) Eden: 56320K(56320K)->0K(56320K) From: 263680K(263680K)->150592K(151040K)
[50.524s][info][gc,heap        ] GC(277) ParOldGen: 7245001K(7646208K)->7415849K(7646208K)
[50.524s][info][gc,metaspace   ] GC(277) Metaspace: 6302K(6464K)->6302K(6464K) NonClass: 5768K(5824K)->5768K(5824K) Class: 533K(640K)->533K(640K)
[50.524s][info][gc             ] GC(277) Pause Young (Allocation Failure) 7387M->7389M(7669M) 159.400ms
[50.524s][info][gc,cpu         ] GC(277) User=1.02s Sys=0.12s Real=0.16s
[50.585s][info][gc,start       ] GC(278) Pause Young (Allocation Failure)
[50.708s][info][gc,heap        ] GC(278) PSYoungGen: 206912K(207360K)->112960K(338432K) Eden: 56320K(56320K)->0K(62976K) From: 150592K(151040K)->112960K(275456K)
[50.708s][info][gc,heap        ] GC(278) ParOldGen: 7415849K(7646208K)->7510569K(7646208K)
[50.708s][info][gc,metaspace   ] GC(278) Metaspace: 6302K(6464K)->6302K(6464K) NonClass: 5768K(5824K)->5768K(5824K) Class: 533K(640K)->533K(640K)
[50.708s][info][gc             ] GC(278) Pause Young (Allocation Failure) 7444M->7444M(7797M) 123.025ms
[50.708s][info][gc,cpu         ] GC(278) User=0.56s Sys=0.02s Real=0.12s
[50.708s][info][gc,start       ] GC(279) Pause Full (Ergonomics)
[50.708s][info][gc,phases,start] GC(279) Marking Phase
[52.463s][info][gc,phases      ] GC(279) Marking Phase 1755.407ms
[52.463s][info][gc,phases,start] GC(279) Summary Phase
[52.463s][info][gc,phases      ] GC(279) Summary Phase 0.115ms
[52.463s][info][gc,phases,start] GC(279) Adjust Roots
[52.464s][info][gc,phases      ] GC(279) Adjust Roots 0.185ms
[52.464s][info][gc,phases,start] GC(279) Compaction Phase
[53.161s][info][gc,phases      ] GC(279) Compaction Phase 697.801ms
[53.161s][info][gc,phases,start] GC(279) Post Compact
[53.173s][info][gc,phases      ] GC(279) Post Compact 11.277ms
[53.173s][info][gc,heap        ] GC(279) PSYoungGen: 112960K(338432K)->0K(353792K) Eden: 0K(62976K)->0K(62976K) From: 112960K(275456K)->0K(290816K)
[53.173s][info][gc,heap        ] GC(279) ParOldGen: 7510569K(7646208K)->7620448K(7646208K)
[53.173s][info][gc,metaspace   ] GC(279) Metaspace: 6302K(6464K)->6302K(6464K) NonClass: 5768K(5824K)->5768K(5824K) Class: 533K(640K)->533K(640K)
[53.173s][info][gc             ] GC(279) Pause Full (Ergonomics) 7444M->7441M(7812M) 2465.117ms
[53.173s][info][gc,cpu         ] GC(279) User=17.95s Sys=0.08s Real=2.46s
[53.241s][info][gc,start       ] GC(280) Pause Full (Ergonomics)
[53.241s][info][gc,phases,start] GC(280) Marking Phase
[54.998s][info][gc,phases      ] GC(280) Marking Phase 1756.932ms
[54.998s][info][gc,phases,start] GC(280) Summary Phase
[54.998s][info][gc,phases      ] GC(280) Summary Phase 0.074ms
[54.999s][info][gc,phases,start] GC(280) Adjust Roots
[54.999s][info][gc,phases      ] GC(280) Adjust Roots 0.193ms
[54.999s][info][gc,phases,start] GC(280) Compaction Phase
[55.644s][info][gc,phases      ] GC(280) Compaction Phase 644.969ms
[55.644s][info][gc,phases,start] GC(280) Post Compact
[55.655s][info][gc,phases      ] GC(280) Post Compact 11.121ms
[55.655s][info][gc,heap        ] GC(280) PSYoungGen: 62976K(353792K)->37357K(353792K) Eden: 62976K(62976K)->37357K(62976K) From: 0K(290816K)->0K(290816K)
[55.655s][info][gc,heap        ] GC(280) ParOldGen: 7620448K(7646208K)->7646036K(7646208K)
[55.655s][info][gc,metaspace   ] GC(280) Metaspace: 6302K(6464K)->6302K(6464K) NonClass: 5768K(5824K)->5768K(5824K) Class: 533K(640K)->533K(640K)
[55.655s][info][gc             ] GC(280) Pause Full (Ergonomics) 7503M->7503M(7812M) 2413.632ms
[55.655s][info][gc,cpu         ] GC(280) User=17.72s Sys=0.02s Real=2.41s
[55.682s][info][gc,start       ] GC(281) Pause Full (Ergonomics)
[55.682s][info][gc,phases,start] GC(281) Marking Phase
[57.472s][info][gc,phases      ] GC(281) Marking Phase 1790.490ms
[57.472s][info][gc,phases,start] GC(281) Summary Phase
[57.472s][info][gc,phases      ] GC(281) Summary Phase 0.075ms
[57.473s][info][gc,phases,start] GC(281) Adjust Roots
[57.473s][info][gc,phases      ] GC(281) Adjust Roots 0.192ms
[57.473s][info][gc,phases,start] GC(281) Compaction Phase
[58.104s][info][gc,phases      ] GC(281) Compaction Phase 631.658ms
[58.104s][info][gc,phases,start] GC(281) Post Compact
[58.116s][info][gc,phases      ] GC(281) Post Compact 11.068ms
[58.116s][info][gc,heap        ] GC(281) PSYoungGen: 62976K(353792K)->62963K(353792K) Eden: 62976K(62976K)->62963K(62976K) From: 0K(290816K)->0K(290816K)
[58.116s][info][gc,heap        ] GC(281) ParOldGen: 7646036K(7646208K)->7646036K(7646208K)
[58.116s][info][gc,metaspace   ] GC(281) Metaspace: 6302K(6464K)->6302K(6464K) NonClass: 5768K(5824K)->5768K(5824K) Class: 533K(640K)->533K(640K)
[58.116s][info][gc             ] GC(281) Pause Full (Ergonomics) 7528M->7528M(7812M) 2433.814ms
[58.116s][info][gc,cpu         ] GC(281) User=17.77s Sys=0.02s Real=2.43s
[58.116s][info][gc,start       ] GC(282) Pause Full (Ergonomics)
[58.116s][info][gc,phases,start] GC(282) Marking Phase
[59.882s][info][gc,phases      ] GC(282) Marking Phase 1766.439ms
[59.882s][info][gc,phases,start] GC(282) Summary Phase
[59.882s][info][gc,phases      ] GC(282) Summary Phase 0.080ms
[59.882s][info][gc,phases,start] GC(282) Adjust Roots
[59.883s][info][gc,phases      ] GC(282) Adjust Roots 0.234ms
[59.883s][info][gc,phases,start] GC(282) Compaction Phase
[60.486s][info][gc,phases      ] GC(282) Compaction Phase 603.477ms
[60.486s][info][gc,phases,start] GC(282) Post Compact
[60.497s][info][gc,phases      ] GC(282) Post Compact 11.205ms
[60.498s][info][gc,heap        ] GC(282) PSYoungGen: 62976K(353792K)->62975K(353792K) Eden: 62976K(62976K)->62975K(62976K) From: 0K(290816K)->0K(290816K)
[60.498s][info][gc,heap        ] GC(282) ParOldGen: 7646036K(7646208K)->7646036K(7646208K)
[60.498s][info][gc,metaspace   ] GC(282) Metaspace: 6302K(6464K)->6302K(6464K) NonClass: 5768K(5824K)->5768K(5824K) Class: 533K(640K)->533K(640K)
[60.498s][info][gc             ] GC(282) Pause Full (Ergonomics) 7528M->7528M(7812M) 2381.756ms
[60.498s][info][gc,cpu         ] GC(282) User=17.80s Sys=0.00s Real=2.38s
[60.498s][info][gc,start       ] GC(283) Pause Full (Ergonomics)
[60.498s][info][gc,phases,start] GC(283) Marking Phase
[62.269s][info][gc,phases      ] GC(283) Marking Phase 1771.012ms
[62.269s][info][gc,phases,start] GC(283) Summary Phase
[62.269s][info][gc,phases      ] GC(283) Summary Phase 0.091ms
[62.269s][info][gc,phases,start] GC(283) Adjust Roots
[62.269s][info][gc,phases      ] GC(283) Adjust Roots 0.232ms
[62.269s][info][gc,phases,start] GC(283) Compaction Phase
[62.893s][info][gc,phases      ] GC(283) Compaction Phase 623.895ms
[62.893s][info][gc,phases,start] GC(283) Post Compact
[62.904s][info][gc,phases      ] GC(283) Post Compact 11.315ms
[62.905s][info][gc,heap        ] GC(283) PSYoungGen: 62975K(353792K)->62975K(353792K) Eden: 62975K(62976K)->62975K(62976K) From: 0K(290816K)->0K(290816K)
[62.905s][info][gc,heap        ] GC(283) ParOldGen: 7646036K(7646208K)->7646036K(7646208K)
[62.905s][info][gc,metaspace   ] GC(283) Metaspace: 6302K(6464K)->6302K(6464K) NonClass: 5768K(5824K)->5768K(5824K) Class: 533K(640K)->533K(640K)
[62.905s][info][gc             ] GC(283) Pause Full (Ergonomics) 7528M->7528M(7812M) 2406.851ms
[62.905s][info][gc,cpu         ] GC(283) User=17.83s Sys=0.00s Real=2.41s
[62.905s][info][gc,start       ] GC(284) Pause Full (Ergonomics)
[62.905s][info][gc,phases,start] GC(284) Marking Phase
[64.676s][info][gc,phases      ] GC(284) Marking Phase 1771.224ms
[64.676s][info][gc,phases,start] GC(284) Summary Phase
[64.676s][info][gc,phases      ] GC(284) Summary Phase 0.076ms
[64.676s][info][gc,phases,start] GC(284) Adjust Roots
[64.676s][info][gc,phases      ] GC(284) Adjust Roots 0.182ms
[64.676s][info][gc,phases,start] GC(284) Compaction Phase
[65.286s][info][gc,phases      ] GC(284) Compaction Phase 609.218ms
[65.286s][info][gc,phases,start] GC(284) Post Compact
[65.297s][info][gc,phases      ] GC(284) Post Compact 11.263ms
[65.297s][info][gc,heap        ] GC(284) PSYoungGen: 62975K(353792K)->62975K(353792K) Eden: 62975K(62976K)->62975K(62976K) From: 0K(290816K)->0K(290816K)
[65.297s][info][gc,heap        ] GC(284) ParOldGen: 7646041K(7646208K)->7646041K(7646208K)
[65.297s][info][gc,metaspace   ] GC(284) Metaspace: 6302K(6464K)->6302K(6464K) NonClass: 5768K(5824K)->5768K(5824K) Class: 533K(640K)->533K(640K)
[65.297s][info][gc             ] GC(284) Pause Full (Ergonomics) 7528M->7528M(7812M) 2392.288ms
[65.297s][info][gc,cpu         ] GC(284) User=17.92s Sys=0.00s Real=2.39s
[65.297s][info][gc,start       ] GC(285) Pause Full (Ergonomics)
[65.297s][info][gc,phases,start] GC(285) Marking Phase
[67.078s][info][gc,phases      ] GC(285) Marking Phase 1780.971ms
[67.078s][info][gc,phases,start] GC(285) Summary Phase
[67.078s][info][gc,phases      ] GC(285) Summary Phase 0.082ms
[67.078s][info][gc,phases,start] GC(285) Adjust Roots
[67.079s][info][gc,phases      ] GC(285) Adjust Roots 0.185ms
[67.079s][info][gc,phases,start] GC(285) Compaction Phase
[67.694s][info][gc,phases      ] GC(285) Compaction Phase 615.418ms
[67.694s][info][gc,phases,start] GC(285) Post Compact
[67.705s][info][gc,phases      ] GC(285) Post Compact 11.255ms
[67.705s][info][gc,heap        ] GC(285) PSYoungGen: 62975K(353792K)->62975K(353792K) Eden: 62975K(62976K)->62975K(62976K) From: 0K(290816K)->0K(290816K)
[67.705s][info][gc,heap        ] GC(285) ParOldGen: 7646045K(7646208K)->7646045K(7646208K)
[67.705s][info][gc,metaspace   ] GC(285) Metaspace: 6302K(6464K)->6302K(6464K) NonClass: 5768K(5824K)->5768K(5824K) Class: 533K(640K)->533K(640K)
[67.705s][info][gc             ] GC(285) Pause Full (Ergonomics) 7528M->7528M(7812M) 2408.204ms
[67.705s][info][gc,cpu         ] GC(285) User=17.83s Sys=0.00s Real=2.41s
[67.706s][info][gc,start       ] GC(286) Pause Full (Ergonomics)
[67.706s][info][gc,phases,start] GC(286) Marking Phase
[69.491s][info][gc,phases      ] GC(286) Marking Phase 1785.040ms
[69.491s][info][gc,phases,start] GC(286) Summary Phase
[69.491s][info][gc,phases      ] GC(286) Summary Phase 0.075ms
[69.491s][info][gc,phases,start] GC(286) Adjust Roots
[69.491s][info][gc,phases      ] GC(286) Adjust Roots 0.168ms
[69.491s][info][gc,phases,start] GC(286) Compaction Phase
[70.107s][info][gc,phases      ] GC(286) Compaction Phase 616.101ms
[70.107s][info][gc,phases,start] GC(286) Post Compact
[70.118s][info][gc,phases      ] GC(286) Post Compact 11.281ms
[70.119s][info][gc,heap        ] GC(286) PSYoungGen: 62975K(353792K)->62975K(353792K) Eden: 62975K(62976K)->62975K(62976K) From: 0K(290816K)->0K(290816K)
[70.119s][info][gc,heap        ] GC(286) ParOldGen: 7646050K(7646208K)->7646050K(7646208K)
[70.119s][info][gc,metaspace   ] GC(286) Metaspace: 6302K(6464K)->6302K(6464K) NonClass: 5768K(5824K)->5768K(5824K) Class: 533K(640K)->533K(640K)
[70.119s][info][gc             ] GC(286) Pause Full (Ergonomics) 7528M->7528M(7812M) 2412.951ms
[70.119s][info][gc,cpu         ] GC(286) User=17.97s Sys=0.00s Real=2.41s
[70.119s][info][gc,start       ] GC(287) Pause Full (Ergonomics)
[70.119s][info][gc,phases,start] GC(287) Marking Phase
[71.890s][info][gc,phases      ] GC(287) Marking Phase 1771.230ms
[71.890s][info][gc,phases,start] GC(287) Summary Phase
[71.890s][info][gc,phases      ] GC(287) Summary Phase 0.080ms
[71.890s][info][gc,phases,start] GC(287) Adjust Roots
[71.890s][info][gc,phases      ] GC(287) Adjust Roots 0.241ms
[71.890s][info][gc,phases,start] GC(287) Compaction Phase
[72.516s][info][gc,phases      ] GC(287) Compaction Phase 625.337ms
[72.516s][info][gc,phases,start] GC(287) Post Compact
[72.527s][info][gc,phases      ] GC(287) Post Compact 11.061ms
[72.527s][info][gc,heap        ] GC(287) PSYoungGen: 62975K(353792K)->62975K(353792K) Eden: 62975K(62976K)->62975K(62976K) From: 0K(290816K)->0K(290816K)
[72.527s][info][gc,heap        ] GC(287) ParOldGen: 7646055K(7646208K)->7646055K(7646208K)
[72.527s][info][gc,metaspace   ] GC(287) Metaspace: 6302K(6464K)->6302K(6464K) NonClass: 5768K(5824K)->5768K(5824K) Class: 533K(640K)->533K(640K)
[72.527s][info][gc             ] GC(287) Pause Full (Ergonomics) 7528M->7528M(7812M) 2408.239ms
[72.527s][info][gc,cpu         ] GC(287) User=17.45s Sys=0.03s Real=2.41s
[72.527s][info][gc,start       ] GC(288) Pause Full (Ergonomics)
[72.527s][info][gc,phases,start] GC(288) Marking Phase
[74.312s][info][gc,phases      ] GC(288) Marking Phase 1785.202ms
[74.313s][info][gc,phases,start] GC(288) Summary Phase
[74.313s][info][gc,phases      ] GC(288) Summary Phase 0.074ms
[74.313s][info][gc,phases,start] GC(288) Adjust Roots
[74.313s][info][gc,phases      ] GC(288) Adjust Roots 0.167ms
[74.313s][info][gc,phases,start] GC(288) Compaction Phase
[74.944s][info][gc,phases      ] GC(288) Compaction Phase 631.046ms
[74.944s][info][gc,phases,start] GC(288) Post Compact
[74.955s][info][gc,phases      ] GC(288) Post Compact 11.224ms
[74.955s][info][gc,heap        ] GC(288) PSYoungGen: 62975K(353792K)->62975K(353792K) Eden: 62975K(62976K)->62975K(62976K) From: 0K(290816K)->0K(290816K)
[74.955s][info][gc,heap        ] GC(288) ParOldGen: 7646060K(7646208K)->7646060K(7646208K)
[74.955s][info][gc,metaspace   ] GC(288) Metaspace: 6302K(6464K)->6302K(6464K) NonClass: 5768K(5824K)->5768K(5824K) Class: 533K(640K)->533K(640K)
[74.955s][info][gc             ] GC(288) Pause Full (Ergonomics) 7528M->7528M(7812M) 2428.014ms
[74.955s][info][gc,cpu         ] GC(288) User=17.81s Sys=0.00s Real=2.43s
[74.955s][info][gc,start       ] GC(289) Pause Full (Ergonomics)
[74.955s][info][gc,phases,start] GC(289) Marking Phase
[76.744s][info][gc,phases      ] GC(289) Marking Phase 1788.963ms
[76.744s][info][gc,phases,start] GC(289) Summary Phase
[76.745s][info][gc,phases      ] GC(289) Summary Phase 0.079ms
[76.745s][info][gc,phases,start] GC(289) Adjust Roots
[76.745s][info][gc,phases      ] GC(289) Adjust Roots 0.201ms
[76.745s][info][gc,phases,start] GC(289) Compaction Phase
[77.374s][info][gc,phases      ] GC(289) Compaction Phase 629.580ms
[77.374s][info][gc,phases,start] GC(289) Post Compact
[77.386s][info][gc,phases      ] GC(289) Post Compact 11.137ms
[77.386s][info][gc,heap        ] GC(289) PSYoungGen: 62975K(353792K)->62975K(353792K) Eden: 62975K(62976K)->62975K(62976K) From: 0K(290816K)->0K(290816K)
[77.386s][info][gc,heap        ] GC(289) ParOldGen: 7646065K(7646208K)->7646065K(7646208K)
[77.386s][info][gc,metaspace   ] GC(289) Metaspace: 6302K(6464K)->6302K(6464K) NonClass: 5768K(5824K)->5768K(5824K) Class: 533K(640K)->533K(640K)
[77.386s][info][gc             ] GC(289) Pause Full (Ergonomics) 7528M->7528M(7812M) 2430.220ms
[77.386s][info][gc,cpu         ] GC(289) User=17.84s Sys=0.02s Real=2.43s
[77.386s][info][gc,start       ] GC(290) Pause Full (Ergonomics)
[77.386s][info][gc,phases,start] GC(290) Marking Phase
[79.192s][info][gc,phases      ] GC(290) Marking Phase 1806.037ms
[79.192s][info][gc,phases,start] GC(290) Summary Phase
[79.192s][info][gc,phases      ] GC(290) Summary Phase 0.074ms
[79.192s][info][gc,phases,start] GC(290) Adjust Roots
[79.192s][info][gc,phases      ] GC(290) Adjust Roots 0.168ms
[79.192s][info][gc,phases,start] GC(290) Compaction Phase
[79.812s][info][gc,phases      ] GC(290) Compaction Phase 620.139ms
[79.812s][info][gc,phases,start] GC(290) Post Compact
[79.824s][info][gc,phases      ] GC(290) Post Compact 11.199ms
[79.824s][info][gc,heap        ] GC(290) PSYoungGen: 62975K(353792K)->62975K(353792K) Eden: 62975K(62976K)->62975K(62976K) From: 0K(290816K)->0K(290816K)
[79.824s][info][gc,heap        ] GC(290) ParOldGen: 7646070K(7646208K)->7646070K(7646208K)
[79.824s][info][gc,metaspace   ] GC(290) Metaspace: 6302K(6464K)->6302K(6464K) NonClass: 5768K(5824K)->5768K(5824K) Class: 533K(640K)->533K(640K)
[79.824s][info][gc             ] GC(290) Pause Full (Ergonomics) 7528M->7528M(7812M) 2437.887ms
[79.824s][info][gc,cpu         ] GC(290) User=17.84s Sys=0.00s Real=2.44s
[79.824s][info][gc,start       ] GC(291) Pause Full (Ergonomics)
[79.824s][info][gc,phases,start] GC(291) Marking Phase
[81.607s][info][gc,phases      ] GC(291) Marking Phase 1783.057ms
[81.607s][info][gc,phases,start] GC(291) Summary Phase
[81.607s][info][gc,phases      ] GC(291) Summary Phase 0.082ms
[81.607s][info][gc,phases,start] GC(291) Adjust Roots
[81.607s][info][gc,phases      ] GC(291) Adjust Roots 0.164ms
[81.607s][info][gc,phases,start] GC(291) Compaction Phase
[82.243s][info][gc,phases      ] GC(291) Compaction Phase 635.185ms
[82.243s][info][gc,phases,start] GC(291) Post Compact
[82.254s][info][gc,phases      ] GC(291) Post Compact 11.217ms
[82.254s][info][gc,heap        ] GC(291) PSYoungGen: 62975K(353792K)->62975K(353792K) Eden: 62975K(62976K)->62975K(62976K) From: 0K(290816K)->0K(290816K)
[82.254s][info][gc,heap        ] GC(291) ParOldGen: 7646074K(7646208K)->7646074K(7646208K)
[82.254s][info][gc,metaspace   ] GC(291) Metaspace: 6302K(6464K)->6302K(6464K) NonClass: 5768K(5824K)->5768K(5824K) Class: 533K(640K)->533K(640K)
[82.254s][info][gc             ] GC(291) Pause Full (Ergonomics) 7528M->7528M(7812M) 2430.002ms
[82.254s][info][gc,cpu         ] GC(291) User=17.88s Sys=0.00s Real=2.43s
[82.254s][info][gc,start       ] GC(292) Pause Full (Ergonomics)
[82.254s][info][gc,phases,start] GC(292) Marking Phase
[84.007s][info][gc,phases      ] GC(292) Marking Phase 1752.941ms
[84.007s][info][gc,phases,start] GC(292) Summary Phase
[84.007s][info][gc,phases      ] GC(292) Summary Phase 0.074ms
[84.007s][info][gc,phases,start] GC(292) Adjust Roots
[84.007s][info][gc,phases      ] GC(292) Adjust Roots 0.164ms
[84.007s][info][gc,phases,start] GC(292) Compaction Phase
[84.623s][info][gc,phases      ] GC(292) Compaction Phase 615.120ms
[84.623s][info][gc,phases,start] GC(292) Post Compact
[84.634s][info][gc,phases      ] GC(292) Post Compact 11.175ms
[84.634s][info][gc,heap        ] GC(292) PSYoungGen: 62975K(353792K)->62975K(353792K) Eden: 62975K(62976K)->62975K(62976K) From: 0K(290816K)->0K(290816K)
[84.634s][info][gc,heap        ] GC(292) ParOldGen: 7646079K(7646208K)->7646079K(7646208K)
[84.634s][info][gc,metaspace   ] GC(292) Metaspace: 6302K(6464K)->6302K(6464K) NonClass: 5768K(5824K)->5768K(5824K) Class: 533K(640K)->533K(640K)
[84.634s][info][gc             ] GC(292) Pause Full (Ergonomics) 7528M->7528M(7812M) 2379.746ms
[84.634s][info][gc,cpu         ] GC(292) User=17.69s Sys=0.02s Real=2.38s
[84.634s][info][gc,start       ] GC(293) Pause Full (Ergonomics)
[84.634s][info][gc,phases,start] GC(293) Marking Phase
[86.434s][info][gc,phases      ] GC(293) Marking Phase 1800.089ms
[86.434s][info][gc,phases,start] GC(293) Summary Phase
[86.434s][info][gc,phases      ] GC(293) Summary Phase 0.079ms
[86.434s][info][gc,phases,start] GC(293) Adjust Roots
[86.435s][info][gc,phases      ] GC(293) Adjust Roots 0.214ms
[86.435s][info][gc,phases,start] GC(293) Compaction Phase
[87.044s][info][gc,phases      ] GC(293) Compaction Phase 609.255ms
[87.044s][info][gc,phases,start] GC(293) Post Compact
[87.055s][info][gc,phases      ] GC(293) Post Compact 11.240ms
[87.055s][info][gc,heap        ] GC(293) PSYoungGen: 62975K(353792K)->62975K(353792K) Eden: 62975K(62976K)->62975K(62976K) From: 0K(290816K)->0K(290816K)
[87.055s][info][gc,heap        ] GC(293) ParOldGen: 7646084K(7646208K)->7646084K(7646208K)
[87.055s][info][gc,metaspace   ] GC(293) Metaspace: 6302K(6464K)->6302K(6464K) NonClass: 5768K(5824K)->5768K(5824K) Class: 533K(640K)->533K(640K)
[87.055s][info][gc             ] GC(293) Pause Full (Ergonomics) 7528M->7528M(7812M) 2421.161ms
[87.055s][info][gc,cpu         ] GC(293) User=17.98s Sys=0.00s Real=2.42s
[87.055s][info][gc,start       ] GC(294) Pause Full (Ergonomics)
[87.055s][info][gc,phases,start] GC(294) Marking Phase
[88.840s][info][gc,phases      ] GC(294) Marking Phase 1784.341ms
[88.840s][info][gc,phases,start] GC(294) Summary Phase
[88.840s][info][gc,phases      ] GC(294) Summary Phase 0.076ms
[88.840s][info][gc,phases,start] GC(294) Adjust Roots
[88.840s][info][gc,phases      ] GC(294) Adjust Roots 0.168ms
[88.840s][info][gc,phases,start] GC(294) Compaction Phase
[89.465s][info][gc,phases      ] GC(294) Compaction Phase 624.538ms
[89.465s][info][gc,phases,start] GC(294) Post Compact
[89.476s][info][gc,phases      ] GC(294) Post Compact 11.423ms
[89.476s][info][gc,heap        ] GC(294) PSYoungGen: 62975K(353792K)->62975K(353792K) Eden: 62975K(62976K)->62975K(62976K) From: 0K(290816K)->0K(290816K)
[89.476s][info][gc,heap        ] GC(294) ParOldGen: 7646089K(7646208K)->7646089K(7646208K)
[89.476s][info][gc,metaspace   ] GC(294) Metaspace: 6302K(6464K)->6302K(6464K) NonClass: 5768K(5824K)->5768K(5824K) Class: 533K(640K)->533K(640K)
[89.476s][info][gc             ] GC(294) Pause Full (Ergonomics) 7528M->7528M(7812M) 2420.835ms
[89.476s][info][gc,cpu         ] GC(294) User=17.91s Sys=0.00s Real=2.42s
[89.476s][info][gc,start       ] GC(295) Pause Full (Ergonomics)
[89.476s][info][gc,phases,start] GC(295) Marking Phase
[91.244s][info][gc,phases      ] GC(295) Marking Phase 1768.053ms
[91.245s][info][gc,phases,start] GC(295) Summary Phase
[91.245s][info][gc,phases      ] GC(295) Summary Phase 0.080ms
[91.245s][info][gc,phases,start] GC(295) Adjust Roots
[91.245s][info][gc,phases      ] GC(295) Adjust Roots 0.196ms
[91.245s][info][gc,phases,start] GC(295) Compaction Phase
[91.879s][info][gc,phases      ] GC(295) Compaction Phase 633.963ms
[91.879s][info][gc,phases,start] GC(295) Post Compact
[91.890s][info][gc,phases      ] GC(295) Post Compact 11.225ms
[91.890s][info][gc,heap        ] GC(295) PSYoungGen: 62975K(353792K)->62975K(353792K) Eden: 62975K(62976K)->62975K(62976K) From: 0K(290816K)->0K(290816K)
[91.890s][info][gc,heap        ] GC(295) ParOldGen: 7646094K(7646208K)->7646094K(7646208K)
[91.890s][info][gc,metaspace   ] GC(295) Metaspace: 6302K(6464K)->6302K(6464K) NonClass: 5768K(5824K)->5768K(5824K) Class: 533K(640K)->533K(640K)
[91.890s][info][gc             ] GC(295) Pause Full (Ergonomics) 7528M->7528M(7812M) 2413.805ms
[91.890s][info][gc,cpu         ] GC(295) User=17.70s Sys=0.00s Real=2.41s
[91.890s][info][gc,start       ] GC(296) Pause Full (Ergonomics)
[91.890s][info][gc,phases,start] GC(296) Marking Phase
[93.656s][info][gc,phases      ] GC(296) Marking Phase 1765.906ms
[93.656s][info][gc,phases,start] GC(296) Summary Phase
[93.656s][info][gc,phases      ] GC(296) Summary Phase 0.075ms
[93.656s][info][gc,phases,start] GC(296) Adjust Roots
[93.657s][info][gc,phases      ] GC(296) Adjust Roots 0.170ms
[93.657s][info][gc,phases,start] GC(296) Compaction Phase
[94.280s][info][gc,phases      ] GC(296) Compaction Phase 622.917ms
[94.280s][info][gc,phases,start] GC(296) Post Compact
[94.291s][info][gc,phases      ] GC(296) Post Compact 11.213ms
[94.291s][info][gc,heap        ] GC(296) PSYoungGen: 62975K(353792K)->62975K(353792K) Eden: 62975K(62976K)->62975K(62976K) From: 0K(290816K)->0K(290816K)
[94.291s][info][gc,heap        ] GC(296) ParOldGen: 7646099K(7646208K)->7646099K(7646208K)
[94.291s][info][gc,metaspace   ] GC(296) Metaspace: 6302K(6464K)->6302K(6464K) NonClass: 5768K(5824K)->5768K(5824K) Class: 533K(640K)->533K(640K)
[94.291s][info][gc             ] GC(296) Pause Full (Ergonomics) 7528M->7528M(7812M) 2400.563ms
[94.291s][info][gc,cpu         ] GC(296) User=17.81s Sys=0.02s Real=2.40s
[94.291s][info][gc,start       ] GC(297) Pause Full (Ergonomics)
[94.291s][info][gc,phases,start] GC(297) Marking Phase
[96.035s][info][gc,phases      ] GC(297) Marking Phase 1743.577ms
[96.035s][info][gc,phases,start] GC(297) Summary Phase
[96.035s][info][gc,phases      ] GC(297) Summary Phase 0.075ms
[96.035s][info][gc,phases,start] GC(297) Adjust Roots
[96.035s][info][gc,phases      ] GC(297) Adjust Roots 0.199ms
[96.035s][info][gc,phases,start] GC(297) Compaction Phase
[96.637s][info][gc,phases      ] GC(297) Compaction Phase 602.302ms
[96.637s][info][gc,phases,start] GC(297) Post Compact
[96.649s][info][gc,phases      ] GC(297) Post Compact 11.304ms
[96.649s][info][gc,heap        ] GC(297) PSYoungGen: 62975K(353792K)->62975K(353792K) Eden: 62975K(62976K)->62975K(62976K) From: 0K(290816K)->0K(290816K)
[96.649s][info][gc,heap        ] GC(297) ParOldGen: 7646103K(7646208K)->7646103K(7646208K)
[96.649s][info][gc,metaspace   ] GC(297) Metaspace: 6302K(6464K)->6302K(6464K) NonClass: 5768K(5824K)->5768K(5824K) Class: 533K(640K)->533K(640K)
[96.649s][info][gc             ] GC(297) Pause Full (Ergonomics) 7528M->7528M(7812M) 2357.752ms
[96.649s][info][gc,cpu         ] GC(297) User=17.50s Sys=0.02s Real=2.36s
[96.649s][info][gc,start       ] GC(298) Pause Full (Ergonomics)
[96.649s][info][gc,phases,start] GC(298) Marking Phase
[98.423s][info][gc,phases      ] GC(298) Marking Phase 1773.943ms
[98.423s][info][gc,phases,start] GC(298) Summary Phase
[98.423s][info][gc,phases      ] GC(298) Summary Phase 0.074ms
[98.423s][info][gc,phases,start] GC(298) Adjust Roots
[98.423s][info][gc,phases      ] GC(298) Adjust Roots 0.165ms
[98.423s][info][gc,phases,start] GC(298) Compaction Phase
[99.052s][info][gc,phases      ] GC(298) Compaction Phase 628.129ms
[99.052s][info][gc,phases,start] GC(298) Post Compact
[99.063s][info][gc,phases      ] GC(298) Post Compact 11.295ms
[99.063s][info][gc,heap        ] GC(298) PSYoungGen: 62975K(353792K)->62975K(353792K) Eden: 62975K(62976K)->62975K(62976K) From: 0K(290816K)->0K(290816K)
[99.063s][info][gc,heap        ] GC(298) ParOldGen: 7646108K(7646208K)->7646108K(7646208K)
[99.063s][info][gc,metaspace   ] GC(298) Metaspace: 6302K(6464K)->6302K(6464K) NonClass: 5768K(5824K)->5768K(5824K) Class: 533K(640K)->533K(640K)
[99.063s][info][gc             ] GC(298) Pause Full (Ergonomics) 7528M->7528M(7812M) 2413.912ms
[99.063s][info][gc,cpu         ] GC(298) User=17.70s Sys=0.00s Real=2.41s
[99.063s][info][gc,start       ] GC(299) Pause Full (Ergonomics)
[99.063s][info][gc,phases,start] GC(299) Marking Phase
[100.860s][info][gc,phases      ] GC(299) Marking Phase 1796.474ms
[100.860s][info][gc,phases,start] GC(299) Summary Phase
[100.860s][info][gc,phases      ] GC(299) Summary Phase 0.106ms
[100.860s][info][gc,phases,start] GC(299) Adjust Roots
[100.860s][info][gc,phases      ] GC(299) Adjust Roots 0.272ms
[100.860s][info][gc,phases,start] GC(299) Compaction Phase
[101.482s][info][gc,phases      ] GC(299) Compaction Phase 621.635ms
[101.482s][info][gc,phases,start] GC(299) Post Compact
[101.495s][info][gc,phases      ] GC(299) Post Compact 13.224ms
[101.495s][info][gc,heap        ] GC(299) PSYoungGen: 62975K(353792K)->62975K(353792K) Eden: 62975K(62976K)->62975K(62976K) From: 0K(290816K)->0K(290816K)
[101.495s][info][gc,heap        ] GC(299) ParOldGen: 7646113K(7646208K)->7646113K(7646208K)
[101.495s][info][gc,metaspace   ] GC(299) Metaspace: 6302K(6464K)->6302K(6464K) NonClass: 5768K(5824K)->5768K(5824K) Class: 533K(640K)->533K(640K)
[101.495s][info][gc             ] GC(299) Pause Full (Ergonomics) 7528M->7528M(7812M) 2432.077ms
[101.495s][info][gc,cpu         ] GC(299) User=17.22s Sys=0.02s Real=2.43s
[101.495s][info][gc,start       ] GC(300) Pause Full (Ergonomics)
[101.496s][info][gc,phases,start] GC(300) Marking Phase
[103.375s][info][gc,phases      ] GC(300) Marking Phase 1879.663ms
[103.375s][info][gc,phases,start] GC(300) Summary Phase
[103.375s][info][gc,phases      ] GC(300) Summary Phase 0.098ms
[103.375s][info][gc,phases,start] GC(300) Adjust Roots
[103.376s][info][gc,phases      ] GC(300) Adjust Roots 0.305ms
[103.376s][info][gc,phases,start] GC(300) Compaction Phase
[104.017s][info][gc,phases      ] GC(300) Compaction Phase 641.744ms
[104.018s][info][gc,phases,start] GC(300) Post Compact
[104.031s][info][gc,phases      ] GC(300) Post Compact 13.562ms
[104.031s][info][gc,heap        ] GC(300) PSYoungGen: 62975K(353792K)->62975K(353792K) Eden: 62975K(62976K)->62975K(62976K) From: 0K(290816K)->0K(290816K)
[104.031s][info][gc,heap        ] GC(300) ParOldGen: 7646118K(7646208K)->7646118K(7646208K)
[104.031s][info][gc,metaspace   ] GC(300) Metaspace: 6302K(6464K)->6302K(6464K) NonClass: 5768K(5824K)->5768K(5824K) Class: 533K(640K)->533K(640K)
[104.031s][info][gc             ] GC(300) Pause Full (Ergonomics) 7528M->7528M(7812M) 2535.832ms
[104.031s][info][gc,cpu         ] GC(300) User=17.50s Sys=0.06s Real=2.54s
[104.032s][info][gc,start       ] GC(301) Pause Full (Ergonomics)
[104.032s][info][gc,phases,start] GC(301) Marking Phase
[105.811s][info][gc,phases      ] GC(301) Marking Phase 1779.663ms
[105.811s][info][gc,phases,start] GC(301) Summary Phase
[105.811s][info][gc,phases      ] GC(301) Summary Phase 0.113ms
[105.811s][info][gc,phases,start] GC(301) Adjust Roots
[105.812s][info][gc,phases      ] GC(301) Adjust Roots 0.206ms
[105.812s][info][gc,phases,start] GC(301) Compaction Phase
[106.441s][info][gc,phases      ] GC(301) Compaction Phase 629.097ms
[106.441s][info][gc,phases,start] GC(301) Post Compact
[106.452s][info][gc,phases      ] GC(301) Post Compact 11.172ms
[106.452s][info][gc,heap        ] GC(301) PSYoungGen: 62975K(353792K)->62975K(353792K) Eden: 62975K(62976K)->62975K(62976K) From: 0K(290816K)->0K(290816K)
[106.452s][info][gc,heap        ] GC(301) ParOldGen: 7646123K(7646208K)->7646123K(7646208K)
[106.452s][info][gc,metaspace   ] GC(301) Metaspace: 6302K(6464K)->6302K(6464K) NonClass: 5768K(5824K)->5768K(5824K) Class: 533K(640K)->533K(640K)
[106.452s][info][gc             ] GC(301) Pause Full (Ergonomics) 7528M->7528M(7812M) 2420.593ms
[106.452s][info][gc,cpu         ] GC(301) User=17.42s Sys=0.02s Real=2.42s
[106.452s][info][gc,start       ] GC(302) Pause Full (Ergonomics)
[106.452s][info][gc,phases,start] GC(302) Marking Phase
[108.232s][info][gc,phases      ] GC(302) Marking Phase 1779.498ms
[108.232s][info][gc,phases,start] GC(302) Summary Phase
[108.232s][info][gc,phases      ] GC(302) Summary Phase 0.115ms
[108.232s][info][gc,phases,start] GC(302) Adjust Roots
[108.232s][info][gc,phases      ] GC(302) Adjust Roots 0.233ms
[108.232s][info][gc,phases,start] GC(302) Compaction Phase
[108.889s][info][gc,phases      ] GC(302) Compaction Phase 656.455ms
[108.889s][info][gc,phases,start] GC(302) Post Compact
[108.902s][info][gc,phases      ] GC(302) Post Compact 12.966ms
[108.902s][info][gc,heap        ] GC(302) PSYoungGen: 62975K(353792K)->62975K(353792K) Eden: 62975K(62976K)->62975K(62976K) From: 0K(290816K)->0K(290816K)
[108.902s][info][gc,heap        ] GC(302) ParOldGen: 7646128K(7646208K)->7646128K(7646208K)
[108.902s][info][gc,metaspace   ] GC(302) Metaspace: 6302K(6464K)->6302K(6464K) NonClass: 5768K(5824K)->5768K(5824K) Class: 533K(640K)->533K(640K)
[108.902s][info][gc             ] GC(302) Pause Full (Ergonomics) 7528M->7528M(7812M) 2449.692ms
[108.902s][info][gc,cpu         ] GC(302) User=17.50s Sys=0.00s Real=2.45s
[108.902s][info][gc,start       ] GC(303) Pause Full (Ergonomics)
[108.902s][info][gc,phases,start] GC(303) Marking Phase
[110.749s][info][gc,phases      ] GC(303) Marking Phase 1846.420ms
[110.749s][info][gc,phases,start] GC(303) Summary Phase
[110.749s][info][gc,phases      ] GC(303) Summary Phase 0.076ms
[110.749s][info][gc,phases,start] GC(303) Adjust Roots
[110.749s][info][gc,phases      ] GC(303) Adjust Roots 0.207ms
[110.749s][info][gc,phases,start] GC(303) Compaction Phase
[111.357s][info][gc,phases      ] GC(303) Compaction Phase 608.448ms
[111.358s][info][gc,phases,start] GC(303) Post Compact
[111.370s][info][gc,phases      ] GC(303) Post Compact 12.226ms
[111.370s][info][gc,heap        ] GC(303) PSYoungGen: 62975K(353792K)->62975K(353792K) Eden: 62975K(62976K)->62975K(62976K) From: 0K(290816K)->0K(290816K)
[111.370s][info][gc,heap        ] GC(303) ParOldGen: 7646132K(7646208K)->7646132K(7646208K)
[111.370s][info][gc,metaspace   ] GC(303) Metaspace: 6302K(6464K)->6302K(6464K) NonClass: 5768K(5824K)->5768K(5824K) Class: 533K(640K)->533K(640K)
[111.370s][info][gc             ] GC(303) Pause Full (Ergonomics) 7528M->7528M(7812M) 2467.713ms
[111.370s][info][gc,cpu         ] GC(303) User=17.17s Sys=0.02s Real=2.47s
[111.370s][info][gc,start       ] GC(304) Pause Full (Ergonomics)
[111.370s][info][gc,phases,start] GC(304) Marking Phase
[113.258s][info][gc,phases      ] GC(304) Marking Phase 1888.034ms
[113.258s][info][gc,phases,start] GC(304) Summary Phase
[113.258s][info][gc,phases      ] GC(304) Summary Phase 0.089ms
[113.258s][info][gc,phases,start] GC(304) Adjust Roots
[113.259s][info][gc,phases      ] GC(304) Adjust Roots 0.194ms
[113.259s][info][gc,phases,start] GC(304) Compaction Phase
[113.901s][info][gc,phases      ] GC(304) Compaction Phase 642.203ms
[113.901s][info][gc,phases,start] GC(304) Post Compact
[113.913s][info][gc,phases      ] GC(304) Post Compact 12.672ms
[113.914s][info][gc,heap        ] GC(304) PSYoungGen: 62975K(353792K)->62975K(353792K) Eden: 62975K(62976K)->62975K(62976K) From: 0K(290816K)->0K(290816K)
[113.914s][info][gc,heap        ] GC(304) ParOldGen: 7646137K(7646208K)->7646137K(7646208K)
[113.914s][info][gc,metaspace   ] GC(304) Metaspace: 6302K(6464K)->6302K(6464K) NonClass: 5768K(5824K)->5768K(5824K) Class: 533K(640K)->533K(640K)
[113.914s][info][gc             ] GC(304) Pause Full (Ergonomics) 7528M->7528M(7812M) 2543.492ms
[113.914s][info][gc,cpu         ] GC(304) User=16.97s Sys=0.00s Real=2.54s
[113.914s][info][gc,start       ] GC(305) Pause Full (Ergonomics)
[113.914s][info][gc,phases,start] GC(305) Marking Phase
[115.874s][info][gc,phases      ] GC(305) Marking Phase 1960.164ms
[115.874s][info][gc,phases,start] GC(305) Summary Phase
[115.874s][info][gc,phases      ] GC(305) Summary Phase 0.105ms
[115.874s][info][gc,phases,start] GC(305) Adjust Roots
[115.875s][info][gc,phases      ] GC(305) Adjust Roots 0.281ms
[115.875s][info][gc,phases,start] GC(305) Compaction Phase
[116.504s][info][gc,phases      ] GC(305) Compaction Phase 629.867ms
[116.504s][info][gc,phases,start] GC(305) Post Compact
[116.516s][info][gc,phases      ] GC(305) Post Compact 11.217ms
[116.516s][info][gc,heap        ] GC(305) PSYoungGen: 62975K(353792K)->62975K(353792K) Eden: 62975K(62976K)->62975K(62976K) From: 0K(290816K)->0K(290816K)
[116.516s][info][gc,heap        ] GC(305) ParOldGen: 7646142K(7646208K)->7646142K(7646208K)
[116.516s][info][gc,metaspace   ] GC(305) Metaspace: 6302K(6464K)->6302K(6464K) NonClass: 5768K(5824K)->5768K(5824K) Class: 533K(640K)->533K(640K)
[116.516s][info][gc             ] GC(305) Pause Full (Ergonomics) 7528M->7528M(7812M) 2601.988ms
[116.516s][info][gc,cpu         ] GC(305) User=17.11s Sys=0.00s Real=2.60s
[116.516s][info][gc,start       ] GC(306) Pause Full (Ergonomics)
[116.516s][info][gc,phases,start] GC(306) Marking Phase
[118.319s][info][gc,phases      ] GC(306) Marking Phase 1802.904ms
[118.319s][info][gc,phases,start] GC(306) Summary Phase
[118.319s][info][gc,phases      ] GC(306) Summary Phase 0.091ms
[118.319s][info][gc,phases,start] GC(306) Adjust Roots
[118.319s][info][gc,phases      ] GC(306) Adjust Roots 0.222ms
[118.319s][info][gc,phases,start] GC(306) Compaction Phase
[118.936s][info][gc,phases      ] GC(306) Compaction Phase 617.095ms
[118.937s][info][gc,phases,start] GC(306) Post Compact
[118.950s][info][gc,phases      ] GC(306) Post Compact 13.435ms
[118.950s][info][gc,heap        ] GC(306) PSYoungGen: 62975K(353792K)->62975K(353792K) Eden: 62975K(62976K)->62975K(62976K) From: 0K(290816K)->0K(290816K)
[118.950s][info][gc,heap        ] GC(306) ParOldGen: 7646147K(7646208K)->7646147K(7646208K)
[118.950s][info][gc,metaspace   ] GC(306) Metaspace: 6302K(6464K)->6302K(6464K) NonClass: 5768K(5824K)->5768K(5824K) Class: 533K(640K)->533K(640K)
[118.950s][info][gc             ] GC(306) Pause Full (Ergonomics) 7528M->7528M(7812M) 2434.119ms
[118.950s][info][gc,cpu         ] GC(306) User=17.58s Sys=0.02s Real=2.43s
[118.950s][info][gc,start       ] GC(307) Pause Full (Ergonomics)
[118.950s][info][gc,phases,start] GC(307) Marking Phase
[120.730s][info][gc,phases      ] GC(307) Marking Phase 1779.714ms
[120.730s][info][gc,phases,start] GC(307) Summary Phase
[120.730s][info][gc,phases      ] GC(307) Summary Phase 0.082ms
[120.730s][info][gc,phases,start] GC(307) Adjust Roots
[120.730s][info][gc,phases      ] GC(307) Adjust Roots 0.163ms
[120.730s][info][gc,phases,start] GC(307) Compaction Phase
[121.324s][info][gc,phases      ] GC(307) Compaction Phase 593.761ms
[121.324s][info][gc,phases,start] GC(307) Post Compact
[121.335s][info][gc,phases      ] GC(307) Post Compact 11.108ms
[121.335s][info][gc,heap        ] GC(307) PSYoungGen: 62975K(353792K)->62975K(353792K) Eden: 62975K(62976K)->62975K(62976K) From: 0K(290816K)->0K(290816K)
[121.335s][info][gc,heap        ] GC(307) ParOldGen: 7646152K(7646208K)->7646152K(7646208K)
[121.335s][info][gc,metaspace   ] GC(307) Metaspace: 6302K(6464K)->6302K(6464K) NonClass: 5768K(5824K)->5768K(5824K) Class: 533K(640K)->533K(640K)
[121.335s][info][gc             ] GC(307) Pause Full (Ergonomics) 7528M->7528M(7812M) 2385.139ms
[121.335s][info][gc,cpu         ] GC(307) User=17.23s Sys=0.00s Real=2.38s
[121.336s][info][gc,start       ] GC(308) Pause Full (Ergonomics)
[121.336s][info][gc,phases,start] GC(308) Marking Phase
[123.103s][info][gc,phases      ] GC(308) Marking Phase 1767.180ms
[123.103s][info][gc,phases,start] GC(308) Summary Phase
[123.103s][info][gc,phases      ] GC(308) Summary Phase 0.164ms
[123.103s][info][gc,phases,start] GC(308) Adjust Roots
[123.104s][info][gc,phases      ] GC(308) Adjust Roots 0.347ms
[123.104s][info][gc,phases,start] GC(308) Compaction Phase
[123.756s][info][gc,phases      ] GC(308) Compaction Phase 652.698ms
[123.756s][info][gc,phases,start] GC(308) Post Compact
[123.770s][info][gc,phases      ] GC(308) Post Compact 13.316ms
[123.770s][info][gc,heap        ] GC(308) PSYoungGen: 62975K(353792K)->62975K(353792K) Eden: 62975K(62976K)->62975K(62976K) From: 0K(290816K)->0K(290816K)
[123.770s][info][gc,heap        ] GC(308) ParOldGen: 7646157K(7646208K)->7646157K(7646208K)
[123.770s][info][gc,metaspace   ] GC(308) Metaspace: 6302K(6464K)->6302K(6464K) NonClass: 5768K(5824K)->5768K(5824K) Class: 533K(640K)->533K(640K)
[123.770s][info][gc             ] GC(308) Pause Full (Ergonomics) 7528M->7528M(7812M) 2434.095ms
[123.770s][info][gc,cpu         ] GC(308) User=17.62s Sys=0.00s Real=2.43s
[123.770s][info][gc,start       ] GC(309) Pause Full (Ergonomics)
[123.770s][info][gc,phases,start] GC(309) Marking Phase
[125.568s][info][gc,phases      ] GC(309) Marking Phase 1797.877ms
[125.568s][info][gc,phases,start] GC(309) Summary Phase
[125.568s][info][gc,phases      ] GC(309) Summary Phase 0.095ms
[125.568s][info][gc,phases,start] GC(309) Adjust Roots
[125.568s][info][gc,phases      ] GC(309) Adjust Roots 0.251ms
[125.568s][info][gc,phases,start] GC(309) Compaction Phase
[126.169s][info][gc,phases      ] GC(309) Compaction Phase 600.913ms
[126.169s][info][gc,phases,start] GC(309) Post Compact
[126.182s][info][gc,phases      ] GC(309) Post Compact 12.625ms
[126.182s][info][gc,heap        ] GC(309) PSYoungGen: 62975K(353792K)->62975K(353792K) Eden: 62975K(62976K)->62975K(62976K) From: 0K(290816K)->0K(290816K)
[126.182s][info][gc,heap        ] GC(309) ParOldGen: 7646161K(7646208K)->7646161K(7646208K)
[126.182s][info][gc,metaspace   ] GC(309) Metaspace: 6302K(6464K)->6302K(6464K) NonClass: 5768K(5824K)->5768K(5824K) Class: 533K(640K)->533K(640K)
[126.182s][info][gc             ] GC(309) Pause Full (Ergonomics) 7528M->7528M(7812M) 2412.123ms
[126.182s][info][gc,cpu         ] GC(309) User=17.34s Sys=0.00s Real=2.41s
[126.182s][info][gc,start       ] GC(310) Pause Full (Ergonomics)
[126.182s][info][gc,phases,start] GC(310) Marking Phase
[127.968s][info][gc,phases      ] GC(310) Marking Phase 1785.924ms
[127.968s][info][gc,phases,start] GC(310) Summary Phase
[127.968s][info][gc,phases      ] GC(310) Summary Phase 0.083ms
[127.968s][info][gc,phases,start] GC(310) Adjust Roots
[127.969s][info][gc,phases      ] GC(310) Adjust Roots 0.187ms
[127.969s][info][gc,phases,start] GC(310) Compaction Phase
[128.589s][info][gc,phases      ] GC(310) Compaction Phase 620.637ms
[128.589s][info][gc,phases,start] GC(310) Post Compact
[128.601s][info][gc,phases      ] GC(310) Post Compact 11.895ms
[128.601s][info][gc,heap        ] GC(310) PSYoungGen: 62975K(353792K)->62975K(353792K) Eden: 62975K(62976K)->62975K(62976K) From: 0K(290816K)->0K(290816K)
[128.601s][info][gc,heap        ] GC(310) ParOldGen: 7646166K(7646208K)->7646166K(7646208K)
[128.601s][info][gc,metaspace   ] GC(310) Metaspace: 6302K(6464K)->6302K(6464K) NonClass: 5768K(5824K)->5768K(5824K) Class: 533K(640K)->533K(640K)
[128.601s][info][gc             ] GC(310) Pause Full (Ergonomics) 7528M->7528M(7812M) 2419.055ms
[128.601s][info][gc,cpu         ] GC(310) User=17.22s Sys=0.00s Real=2.42s
[128.602s][info][gc,start       ] GC(311) Pause Full (Ergonomics)
[128.602s][info][gc,phases,start] GC(311) Marking Phase
[130.426s][info][gc,phases      ] GC(311) Marking Phase 1824.451ms
[130.426s][info][gc,phases,start] GC(311) Summary Phase
[130.426s][info][gc,phases      ] GC(311) Summary Phase 0.126ms
[130.426s][info][gc,phases,start] GC(311) Adjust Roots
[130.427s][info][gc,phases      ] GC(311) Adjust Roots 0.271ms
[130.427s][info][gc,phases,start] GC(311) Compaction Phase
[131.025s][info][gc,phases      ] GC(311) Compaction Phase 598.633ms
[131.025s][info][gc,phases,start] GC(311) Post Compact
[131.039s][info][gc,phases      ] GC(311) Post Compact 13.384ms
[131.039s][info][gc,heap        ] GC(311) PSYoungGen: 62975K(353792K)->62975K(353792K) Eden: 62975K(62976K)->62975K(62976K) From: 0K(290816K)->0K(290816K)
[131.039s][info][gc,heap        ] GC(311) ParOldGen: 7646171K(7646208K)->7646171K(7646208K)
[131.039s][info][gc,metaspace   ] GC(311) Metaspace: 6302K(6464K)->6302K(6464K) NonClass: 5768K(5824K)->5768K(5824K) Class: 533K(640K)->533K(640K)
[131.039s][info][gc             ] GC(311) Pause Full (Ergonomics) 7528M->7528M(7812M) 2437.254ms
[131.039s][info][gc,cpu         ] GC(311) User=17.00s Sys=0.02s Real=2.44s
[131.039s][info][gc,start       ] GC(312) Pause Full (Ergonomics)
[131.039s][info][gc,phases,start] GC(312) Marking Phase
[132.894s][info][gc,phases      ] GC(312) Marking Phase 1854.877ms
[132.894s][info][gc,phases,start] GC(312) Summary Phase
[132.894s][info][gc,phases      ] GC(312) Summary Phase 0.117ms
[132.894s][info][gc,phases,start] GC(312) Adjust Roots
[132.894s][info][gc,phases      ] GC(312) Adjust Roots 0.329ms
[132.895s][info][gc,phases,start] GC(312) Compaction Phase
[133.588s][info][gc,phases      ] GC(312) Compaction Phase 693.691ms
[133.588s][info][gc,phases,start] GC(312) Post Compact
[133.603s][info][gc,phases      ] GC(312) Post Compact 14.761ms
[133.603s][info][gc,heap        ] GC(312) PSYoungGen: 62975K(353792K)->62975K(353792K) Eden: 62975K(62976K)->62975K(62976K) From: 0K(290816K)->0K(290816K)
[133.603s][info][gc,heap        ] GC(312) ParOldGen: 7646176K(7646208K)->7646176K(7646208K)
[133.603s][info][gc,metaspace   ] GC(312) Metaspace: 6302K(6464K)->6302K(6464K) NonClass: 5768K(5824K)->5768K(5824K) Class: 533K(640K)->533K(640K)
[133.603s][info][gc             ] GC(312) Pause Full (Ergonomics) 7528M->7528M(7812M) 2564.246ms
[133.603s][info][gc,cpu         ] GC(312) User=17.00s Sys=0.09s Real=2.57s
[133.604s][info][gc,start       ] GC(313) Pause Full (Ergonomics)
[133.604s][info][gc,phases,start] GC(313) Marking Phase
[135.601s][info][gc,phases      ] GC(313) Marking Phase 1997.702ms
[135.601s][info][gc,phases,start] GC(313) Summary Phase
[135.601s][info][gc,phases      ] GC(313) Summary Phase 0.132ms
[135.602s][info][gc,phases,start] GC(313) Adjust Roots
[135.602s][info][gc,phases      ] GC(313) Adjust Roots 0.331ms
[135.602s][info][gc,phases,start] GC(313) Compaction Phase
[136.224s][info][gc,phases      ] GC(313) Compaction Phase 622.607ms
[136.225s][info][gc,phases,start] GC(313) Post Compact
[136.247s][info][gc,phases      ] GC(313) Post Compact 22.035ms
[136.247s][info][gc,heap        ] GC(313) PSYoungGen: 62975K(353792K)->62975K(353792K) Eden: 62975K(62976K)->62975K(62976K) From: 0K(290816K)->0K(290816K)
[136.247s][info][gc,heap        ] GC(313) ParOldGen: 7646181K(7646208K)->7646181K(7646208K)
[136.247s][info][gc,metaspace   ] GC(313) Metaspace: 6302K(6464K)->6302K(6464K) NonClass: 5768K(5824K)->5768K(5824K) Class: 533K(640K)->533K(640K)
[136.247s][info][gc             ] GC(313) Pause Full (Ergonomics) 7528M->7528M(7812M) 2643.203ms
[136.247s][info][gc,cpu         ] GC(313) User=16.73s Sys=0.02s Real=2.64s
[136.247s][info][gc,start       ] GC(314) Pause Full (Ergonomics)
[136.247s][info][gc,phases,start] GC(314) Marking Phase
[138.250s][info][gc,phases      ] GC(314) Marking Phase 2002.619ms
[138.250s][info][gc,phases,start] GC(314) Summary Phase
[138.250s][info][gc,phases      ] GC(314) Summary Phase 0.166ms
[138.250s][info][gc,phases,start] GC(314) Adjust Roots
[138.250s][info][gc,phases      ] GC(314) Adjust Roots 0.377ms
[138.250s][info][gc,phases,start] GC(314) Compaction Phase
[138.881s][info][gc,phases      ] GC(314) Compaction Phase 631.147ms
[138.882s][info][gc,phases,start] GC(314) Post Compact
[138.899s][info][gc,phases      ] GC(314) Post Compact 16.949ms
[138.899s][info][gc,heap        ] GC(314) PSYoungGen: 62975K(353792K)->62975K(353792K) Eden: 62975K(62976K)->62975K(62976K) From: 0K(290816K)->0K(290816K)
[138.899s][info][gc,heap        ] GC(314) ParOldGen: 7646186K(7646208K)->7646186K(7646208K)
[138.899s][info][gc,metaspace   ] GC(314) Metaspace: 6302K(6464K)->6302K(6464K) NonClass: 5768K(5824K)->5768K(5824K) Class: 533K(640K)->533K(640K)
[138.899s][info][gc             ] GC(314) Pause Full (Ergonomics) 7528M->7528M(7812M) 2651.778ms
[138.899s][info][gc,cpu         ] GC(314) User=17.47s Sys=0.06s Real=2.65s
[138.899s][info][gc,start       ] GC(315) Pause Full (Ergonomics)
[138.899s][info][gc,phases,start] GC(315) Marking Phase
[140.800s][info][gc,phases      ] GC(315) Marking Phase 1901.328ms
[140.800s][info][gc,phases,start] GC(315) Summary Phase
[140.801s][info][gc,phases      ] GC(315) Summary Phase 0.128ms
[140.801s][info][gc,phases,start] GC(315) Adjust Roots
[140.801s][info][gc,phases      ] GC(315) Adjust Roots 0.420ms
[140.801s][info][gc,phases,start] GC(315) Compaction Phase
[141.392s][info][gc,phases      ] GC(315) Compaction Phase 591.042ms
[141.392s][info][gc,phases,start] GC(315) Post Compact
[141.405s][info][gc,phases      ] GC(315) Post Compact 12.983ms
[141.405s][info][gc,heap        ] GC(315) PSYoungGen: 62975K(353792K)->62975K(353792K) Eden: 62975K(62976K)->62975K(62976K) From: 0K(290816K)->0K(290816K)
[141.405s][info][gc,heap        ] GC(315) ParOldGen: 7646190K(7646208K)->7646190K(7646208K)
[141.405s][info][gc,metaspace   ] GC(315) Metaspace: 6302K(6464K)->6302K(6464K) NonClass: 5768K(5824K)->5768K(5824K) Class: 533K(640K)->533K(640K)
[141.406s][info][gc             ] GC(315) Pause Full (Ergonomics) 7528M->7528M(7812M) 2506.497ms
[141.406s][info][gc,cpu         ] GC(315) User=17.02s Sys=0.05s Real=2.51s
[141.406s][info][gc,start       ] GC(316) Pause Full (Ergonomics)
[141.406s][info][gc,phases,start] GC(316) Marking Phase
[143.206s][info][gc,phases      ] GC(316) Marking Phase 1800.122ms
[143.206s][info][gc,phases,start] GC(316) Summary Phase
[143.206s][info][gc,phases      ] GC(316) Summary Phase 0.139ms
[143.206s][info][gc,phases,start] GC(316) Adjust Roots
[143.206s][info][gc,phases      ] GC(316) Adjust Roots 0.332ms
[143.207s][info][gc,phases,start] GC(316) Compaction Phase
[143.763s][info][gc,phases      ] GC(316) Compaction Phase 556.760ms
[143.763s][info][gc,phases,start] GC(316) Post Compact
[143.776s][info][gc,phases      ] GC(316) Post Compact 12.961ms
[143.776s][info][gc,heap        ] GC(316) PSYoungGen: 62975K(353792K)->62975K(353792K) Eden: 62975K(62976K)->62975K(62976K) From: 0K(290816K)->0K(290816K)
[143.776s][info][gc,heap        ] GC(316) ParOldGen: 7646195K(7646208K)->7646195K(7646208K)
[143.776s][info][gc,metaspace   ] GC(316) Metaspace: 6302K(6464K)->6302K(6464K) NonClass: 5768K(5824K)->5768K(5824K) Class: 533K(640K)->533K(640K)
[143.777s][info][gc             ] GC(316) Pause Full (Ergonomics) 7528M->7528M(7812M) 2370.772ms
[143.777s][info][gc,cpu         ] GC(316) User=17.22s Sys=0.00s Real=2.37s
[143.777s][info][gc,start       ] GC(317) Pause Full (Ergonomics)
[143.777s][info][gc,phases,start] GC(317) Marking Phase
[145.567s][info][gc,phases      ] GC(317) Marking Phase 1789.718ms
[145.567s][info][gc,phases,start] GC(317) Summary Phase
[145.567s][info][gc,phases      ] GC(317) Summary Phase 0.120ms
[145.567s][info][gc,phases,start] GC(317) Adjust Roots
[145.567s][info][gc,phases      ] GC(317) Adjust Roots 0.244ms
[145.567s][info][gc,phases,start] GC(317) Compaction Phase
[146.264s][info][gc,phases      ] GC(317) Compaction Phase 696.549ms
[146.264s][info][gc,phases,start] GC(317) Post Compact
[146.277s][info][gc,phases      ] GC(317) Post Compact 13.513ms
[146.277s][info][gc,heap        ] GC(317) PSYoungGen: 62975K(353792K)->62975K(353792K) Eden: 62975K(62976K)->62975K(62976K) From: 0K(290816K)->0K(290816K)
[146.277s][info][gc,heap        ] GC(317) ParOldGen: 7646200K(7646208K)->7646200K(7646208K)
[146.277s][info][gc,metaspace   ] GC(317) Metaspace: 6302K(6464K)->6302K(6464K) NonClass: 5768K(5824K)->5768K(5824K) Class: 533K(640K)->533K(640K)
[146.277s][info][gc             ] GC(317) Pause Full (Ergonomics) 7528M->7528M(7812M) 2500.530ms
[146.277s][info][gc,cpu         ] GC(317) User=16.94s Sys=0.00s Real=2.50s
[146.278s][info][gc,start       ] GC(318) Pause Full (Ergonomics)
[146.278s][info][gc,phases,start] GC(318) Marking Phase
[148.144s][info][gc,phases      ] GC(318) Marking Phase 1866.491ms
[148.144s][info][gc,phases,start] GC(318) Summary Phase
[148.144s][info][gc,phases      ] GC(318) Summary Phase 0.164ms
[148.144s][info][gc,phases,start] GC(318) Adjust Roots
[148.145s][info][gc,phases      ] GC(318) Adjust Roots 0.370ms
[148.145s][info][gc,phases,start] GC(318) Compaction Phase
[148.746s][info][gc,phases      ] GC(318) Compaction Phase 601.561ms
[148.746s][info][gc,phases,start] GC(318) Post Compact
[148.762s][info][gc,phases      ] GC(318) Post Compact 15.096ms
[148.762s][info][gc,heap        ] GC(318) PSYoungGen: 62975K(353792K)->62975K(353792K) Eden: 62975K(62976K)->62975K(62976K) From: 0K(290816K)->0K(290816K)
[148.762s][info][gc,heap        ] GC(318) ParOldGen: 7646205K(7646208K)->7646205K(7646208K)
[148.762s][info][gc,metaspace   ] GC(318) Metaspace: 6302K(6464K)->6302K(6464K) NonClass: 5768K(5824K)->5768K(5824K) Class: 533K(640K)->533K(640K)
[148.762s][info][gc             ] GC(318) Pause Full (Ergonomics) 7528M->7528M(7812M) 2484.208ms
[148.762s][info][gc,cpu         ] GC(318) User=17.39s Sys=0.02s Real=2.48s
[148.762s][info][gc,start       ] GC(319) Pause Full (Ergonomics)
[148.762s][info][gc,phases,start] GC(319) Marking Phase
[150.748s][info][gc,phases      ] GC(319) Marking Phase 1985.718ms
[150.748s][info][gc,phases,start] GC(319) Summary Phase
[150.748s][info][gc,phases      ] GC(319) Summary Phase 0.131ms
[150.748s][info][gc,phases,start] GC(319) Adjust Roots
[150.748s][info][gc,phases      ] GC(319) Adjust Roots 0.360ms
[150.748s][info][gc,phases,start] GC(319) Compaction Phase
[151.431s][info][gc,phases      ] GC(319) Compaction Phase 682.835ms
[151.431s][info][gc,phases,start] GC(319) Post Compact
[151.448s][info][gc,phases      ] GC(319) Post Compact 16.929ms
[151.448s][info][gc,heap        ] GC(319) PSYoungGen: 62975K(353792K)->62975K(353792K) Eden: 62975K(62976K)->62975K(62976K) From: 0K(290816K)->0K(290816K)
[151.448s][info][gc,heap        ] GC(319) ParOldGen: 7646207K(7646208K)->7646207K(7646208K)
[151.448s][info][gc,metaspace   ] GC(319) Metaspace: 6302K(6464K)->6302K(6464K) NonClass: 5768K(5824K)->5768K(5824K) Class: 533K(640K)->533K(640K)
[151.449s][info][gc             ] GC(319) Pause Full (Ergonomics) 7528M->7528M(7812M) 2686.514ms
[151.449s][info][gc,cpu         ] GC(319) User=16.80s Sys=0.02s Real=2.69s
[151.449s][info][gc,start       ] GC(320) Pause Full (Allocation Failure)
[151.449s][info][gc,phases,start] GC(320) Marking Phase
[153.454s][info][gc,phases      ] GC(320) Marking Phase 2005.739ms
[153.454s][info][gc,phases,start] GC(320) Summary Phase
[153.455s][info][gc,phases      ] GC(320) Summary Phase 0.123ms
[153.455s][info][gc,phases,start] GC(320) Adjust Roots
[153.455s][info][gc,phases      ] GC(320) Adjust Roots 0.613ms
[153.455s][info][gc,phases,start] GC(320) Compaction Phase
[155.496s][info][gc,phases      ] GC(320) Compaction Phase 2041.056ms
[155.496s][info][gc,phases,start] GC(320) Post Compact
[155.512s][info][gc,phases      ] GC(320) Post Compact 15.212ms
[155.512s][info][gc,heap        ] GC(320) PSYoungGen: 62975K(353792K)->62975K(353792K) Eden: 62975K(62976K)->62975K(62976K) From: 0K(290816K)->0K(290816K)
[155.512s][info][gc,heap        ] GC(320) ParOldGen: 7646207K(7646208K)->7646203K(7646208K)
[155.512s][info][gc,metaspace   ] GC(320) Metaspace: 6302K(6464K)->6300K(6464K) NonClass: 5768K(5824K)->5767K(5824K) Class: 533K(640K)->532K(640K)
[155.512s][info][gc             ] GC(320) Pause Full (Allocation Failure) 7528M->7528M(7812M) 4063.270ms
[155.512s][info][gc,cpu         ] GC(320) User=23.31s Sys=0.11s Real=4.06s
[155.512s][info][gc,start       ] GC(321) Pause Full (Ergonomics)
[155.512s][info][gc,phases,start] GC(321) Marking Phase
[157.438s][info][gc,phases      ] GC(321) Marking Phase 1925.965ms
[157.439s][info][gc,phases,start] GC(321) Summary Phase
[157.439s][info][gc,phases      ] GC(321) Summary Phase 0.153ms
[157.439s][info][gc,phases,start] GC(321) Adjust Roots
[157.439s][info][gc,phases      ] GC(321) Adjust Roots 0.336ms
[157.439s][info][gc,phases,start] GC(321) Compaction Phase
[158.063s][info][gc,phases      ] GC(321) Compaction Phase 624.251ms
[158.063s][info][gc,phases,start] GC(321) Post Compact
[158.078s][info][gc,phases      ] GC(321) Post Compact 14.304ms
[158.078s][info][gc,heap        ] GC(321) PSYoungGen: 62975K(353792K)->62975K(353792K) Eden: 62975K(62976K)->62975K(62976K) From: 0K(290816K)->0K(290816K)
[158.078s][info][gc,heap        ] GC(321) ParOldGen: 7646205K(7646208K)->7646205K(7646208K)
[158.078s][info][gc,metaspace   ] GC(321) Metaspace: 6300K(6464K)->6300K(6464K) NonClass: 5767K(5824K)->5767K(5824K) Class: 532K(640K)->532K(640K)
[158.078s][info][gc             ] GC(321) Pause Full (Ergonomics) 7528M->7528M(7812M) 2565.480ms
[158.078s][info][gc,cpu         ] GC(321) User=17.00s Sys=0.00s Real=2.57s
[158.078s][info][gc,start       ] GC(322) Pause Full (Ergonomics)
[158.079s][info][gc,phases,start] GC(322) Marking Phase
[160.052s][info][gc,phases      ] GC(322) Marking Phase 1973.484ms
[160.052s][info][gc,phases,start] GC(322) Summary Phase
[160.052s][info][gc,phases      ] GC(322) Summary Phase 0.116ms
[160.052s][info][gc,phases,start] GC(322) Adjust Roots
[160.053s][info][gc,phases      ] GC(322) Adjust Roots 0.290ms
[160.053s][info][gc,phases,start] GC(322) Compaction Phase
[160.655s][info][gc,phases      ] GC(322) Compaction Phase 602.803ms
[160.655s][info][gc,phases,start] GC(322) Post Compact
[160.672s][info][gc,phases      ] GC(322) Post Compact 16.481ms
[160.672s][info][gc,heap        ] GC(322) PSYoungGen: 62975K(353792K)->62975K(353792K) Eden: 62975K(62976K)->62975K(62976K) From: 0K(290816K)->0K(290816K)
[160.672s][info][gc,heap        ] GC(322) ParOldGen: 7646207K(7646208K)->7646207K(7646208K)
[160.672s][info][gc,metaspace   ] GC(322) Metaspace: 6300K(6464K)->6300K(6464K) NonClass: 5767K(5824K)->5767K(5824K) Class: 532K(640K)->532K(640K)
[160.672s][info][gc             ] GC(322) Pause Full (Ergonomics) 7528M->7528M(7812M) 2593.786ms
[160.672s][info][gc,cpu         ] GC(322) User=16.53s Sys=0.03s Real=2.59s
[160.672s][info][gc,start       ] GC(323) Pause Full (Allocation Failure)
[160.672s][info][gc,phases,start] GC(323) Marking Phase
[162.617s][info][gc,phases      ] GC(323) Marking Phase 1944.303ms
[162.617s][info][gc,phases,start] GC(323) Summary Phase
[162.617s][info][gc,phases      ] GC(323) Summary Phase 0.165ms
[162.617s][info][gc,phases,start] GC(323) Adjust Roots
[162.617s][info][gc,phases      ] GC(323) Adjust Roots 0.332ms
[162.617s][info][gc,phases,start] GC(323) Compaction Phase
[163.231s][info][gc,phases      ] GC(323) Compaction Phase 613.803ms
[163.231s][info][gc,phases,start] GC(323) Post Compact
[163.245s][info][gc,phases      ] GC(323) Post Compact 13.299ms
[163.245s][info][gc,heap        ] GC(323) PSYoungGen: 62975K(353792K)->62975K(353792K) Eden: 62975K(62976K)->62975K(62976K) From: 0K(290816K)->0K(290816K)
[163.245s][info][gc,heap        ] GC(323) ParOldGen: 7646207K(7646208K)->7646207K(7646208K)
[163.245s][info][gc,metaspace   ] GC(323) Metaspace: 6300K(6464K)->6300K(6464K) NonClass: 5767K(5824K)->5767K(5824K) Class: 532K(640K)->532K(640K)
[163.245s][info][gc             ] GC(323) Pause Full (Allocation Failure) 7528M->7528M(7812M) 2572.344ms
[163.245s][info][gc,cpu         ] GC(323) User=16.94s Sys=0.03s Real=2.57s
[163.246s][info][gc,start       ] GC(324) Pause Full (Ergonomics)
[163.246s][info][gc,phases,start] GC(324) Marking Phase
[165.195s][info][gc,phases      ] GC(324) Marking Phase 1948.502ms
[165.195s][info][gc,phases,start] GC(324) Summary Phase
[165.195s][info][gc,phases      ] GC(324) Summary Phase 0.130ms
[165.195s][info][gc,phases,start] GC(324) Adjust Roots
[165.196s][info][gc,phases      ] GC(324) Adjust Roots 0.407ms
[165.196s][info][gc,phases,start] GC(324) Compaction Phase
[167.217s][info][gc,phases      ] GC(324) Compaction Phase 2021.378ms
[167.217s][info][gc,phases,start] GC(324) Post Compact
[167.233s][info][gc,phases      ] GC(324) Post Compact 15.791ms
[167.233s][info][gc,heap        ] GC(324) PSYoungGen: 62975K(353792K)->62975K(353792K) Eden: 62975K(62976K)->62975K(62976K) From: 0K(290816K)->0K(290816K)
[167.233s][info][gc,heap        ] GC(324) ParOldGen: 7646208K(7646208K)->7646206K(7646208K)
[167.233s][info][gc,metaspace   ] GC(324) Metaspace: 6300K(6464K)->6300K(6464K) NonClass: 5767K(5824K)->5767K(5824K) Class: 532K(640K)->532K(640K)
[167.233s][info][gc             ] GC(324) Pause Full (Ergonomics) 7528M->7528M(7812M) 3986.780ms
[167.233s][info][gc,cpu         ] GC(324) User=24.75s Sys=0.05s Real=3.99s
[167.235s][info][gc,start       ] GC(325) Pause Full (Ergonomics)
[167.235s][info][gc,phases,start] GC(325) Marking Phase
[169.090s][info][gc,phases      ] GC(325) Marking Phase 1855.117ms
[169.090s][info][gc,phases,start] GC(325) Summary Phase
[169.090s][info][gc,phases      ] GC(325) Summary Phase 0.113ms
[169.090s][info][gc,phases,start] GC(325) Adjust Roots
[169.091s][info][gc,phases      ] GC(325) Adjust Roots 0.429ms
[169.091s][info][gc,phases,start] GC(325) Compaction Phase
[171.106s][info][gc,phases      ] GC(325) Compaction Phase 2015.518ms
[171.106s][info][gc,phases,start] GC(325) Post Compact
[171.120s][info][gc,phases      ] GC(325) Post Compact 13.964ms
[171.120s][info][gc,heap        ] GC(325) PSYoungGen: 62975K(353792K)->62975K(353792K) Eden: 62975K(62976K)->62975K(62976K) From: 0K(290816K)->0K(290816K)
[171.120s][info][gc,heap        ] GC(325) ParOldGen: 7646207K(7646208K)->7646204K(7646208K)
[171.120s][info][gc,metaspace   ] GC(325) Metaspace: 6302K(6528K)->6302K(6528K) NonClass: 5768K(5888K)->5768K(5888K) Class: 533K(640K)->533K(640K)
[171.120s][info][gc             ] GC(325) Pause Full (Ergonomics) 7528M->7528M(7812M) 3885.647ms
[171.121s][info][gc,cpu         ] GC(325) User=24.56s Sys=0.02s Real=3.88s
[171.121s][info][gc,start       ] GC(326) Pause Full (Ergonomics)
[171.121s][info][gc,phases,start] GC(326) Marking Phase
[172.991s][info][gc,phases      ] GC(326) Marking Phase 1869.669ms
[172.991s][info][gc,phases,start] GC(326) Summary Phase
[172.991s][info][gc,phases      ] GC(326) Summary Phase 0.185ms
[172.991s][info][gc,phases,start] GC(326) Adjust Roots
[172.991s][info][gc,phases      ] GC(326) Adjust Roots 0.360ms
[172.991s][info][gc,phases,start] GC(326) Compaction Phase
[173.590s][info][gc,phases      ] GC(326) Compaction Phase 598.766ms
[173.590s][info][gc,phases,start] GC(326) Post Compact
[173.604s][info][gc,phases      ] GC(326) Post Compact 14.063ms
[173.605s][info][gc,heap        ] GC(326) PSYoungGen: 62975K(353792K)->62975K(353792K) Eden: 62975K(62976K)->62975K(62976K) From: 0K(290816K)->0K(290816K)
[173.605s][info][gc,heap        ] GC(326) ParOldGen: 7646205K(7646208K)->7646205K(7646208K)
[173.605s][info][gc,metaspace   ] GC(326) Metaspace: 6303K(6528K)->6303K(6528K) NonClass: 5769K(5888K)->5769K(5888K) Class: 534K(640K)->534K(640K)
[173.605s][info][gc             ] GC(326) Pause Full (Ergonomics) 7528M->7528M(7812M) 2483.529ms
[173.605s][info][gc,cpu         ] GC(326) User=17.09s Sys=0.00s Real=2.48s
[173.605s][info][gc,heap,exit   ] Heap
[173.605s][info][gc,heap,exit   ]  PSYoungGen      total 353792K, used 62975K [0x0000000716b00000, 0x000000073e800000, 0x0000000800000000)
[173.605s][info][gc,heap,exit   ]   eden space 62976K, 99% used [0x0000000716b00000,0x000000071a87fff8,0x000000071a880000)
[173.605s][info][gc,heap,exit   ]   from space 290816K, 0% used [0x000000072cc00000,0x000000072cc00000,0x000000073e800000)
[173.605s][info][gc,heap,exit   ]   to   space 290816K, 0% used [0x000000071a880000,0x000000071a880000,0x000000072c480000)
[173.605s][info][gc,heap,exit   ]  ParOldGen       total 7646208K, used 7646205K [0x0000000544000000, 0x0000000716b00000, 0x0000000716b00000)
[173.605s][info][gc,heap,exit   ]   object space 7646208K, 99% used [0x0000000544000000,0x0000000716aff748,0x0000000716b00000)
[173.605s][info][gc,heap,exit   ]  Metaspace       used 6305K, committed 6528K, reserved 1114112K
[173.605s][info][gc,heap,exit   ]   class space    used 534K, committed 640K, reserved 1048576K
