[0.011s][info][gc,init] CardTable entry size: 512
[0.011s][info][gc     ] Using Parallel
[0.013s][info][gc,init] Version: 18.0.1+10 (release)
[0.013s][info][gc,init] CPUs: 8 total, 8 available
[0.013s][info][gc,init] Memory: 16063M
[0.013s][info][gc,init] Large Page Support: Disabled
[0.013s][info][gc,init] NUMA Support: Disabled
[0.013s][info][gc,init] Compressed Oops: Enabled (Zero based)
[0.013s][info][gc,init] Alignments: Space 512K, Generation 512K, Heap 2M
[0.013s][info][gc,init] Heap Min Capacity: 2M
[0.013s][info][gc,init] Heap Initial Capacity: 2M
[0.013s][info][gc,init] Heap Max Capacity: 16300M
[0.014s][info][gc,init] Pre-touch: Disabled
[0.014s][info][gc,init] Parallel Workers: 8
[0.014s][info][gc,metaspace] CDS archive(s) not mapped
[0.014s][info][gc,metaspace] Compressed class space mapped at: 0x0000000800000000-0x0000000840000000, reserved size: 1073741824
[0.014s][info][gc,metaspace] Narrow klass base: 0x0000000800000000, Narrow klass shift: 0, Narrow klass range: 0x40000000
[0.108s][info][gc,start    ] GC(0) Pause Young (Allocation Failure)
[0.109s][info][gc,heap     ] GC(0) PSYoungGen: 512K(1024K)->480K(1024K) Eden: 512K(512K)->0K(512K) From: 0K(512K)->480K(512K)
[0.109s][info][gc,heap     ] GC(0) ParOldGen: 0K(512K)->8K(512K)
[0.109s][info][gc,metaspace] GC(0) Metaspace: 4228K(4352K)->4228K(4352K) NonClass: 3907K(3968K)->3907K(3968K) Class: 321K(384K)->321K(384K)
[0.109s][info][gc          ] GC(0) Pause Young (Allocation Failure) 0M->0M(1M) 1.400ms
[0.109s][info][gc,cpu      ] GC(0) User=0.00s Sys=0.00s Real=0.00s
[0.181s][info][gc,start    ] GC(1) Pause Young (Allocation Failure)
[0.182s][info][gc,heap     ] GC(1) PSYoungGen: 991K(1024K)->512K(1536K) Eden: 511K(512K)->0K(1024K) From: 480K(512K)->512K(512K)
[0.182s][info][gc,heap     ] GC(1) ParOldGen: 8K(512K)->80K(512K)
[0.182s][info][gc,metaspace] GC(1) Metaspace: 5881K(6016K)->5881K(6016K) NonClass: 5385K(5504K)->5385K(5504K) Class: 496K(512K)->496K(512K)
[0.182s][info][gc          ] GC(1) Pause Young (Allocation Failure) 0M->0M(2M) 1.211ms
[0.182s][info][gc,cpu      ] GC(1) User=0.00s Sys=0.00s Real=0.00s
[0.207s][info][gc,start    ] GC(2) Pause Young (Allocation Failure)
[0.208s][info][gc,heap     ] GC(2) PSYoungGen: 1536K(1536K)->512K(1536K) Eden: 1024K(1024K)->0K(1024K) From: 512K(512K)->512K(512K)
[0.208s][info][gc,heap     ] GC(2) ParOldGen: 80K(512K)->504K(512K)
[0.208s][info][gc,metaspace] GC(2) Metaspace: 6301K(6528K)->6301K(6528K) NonClass: 5767K(5888K)->5767K(5888K) Class: 533K(640K)->533K(640K)
[0.208s][info][gc          ] GC(2) Pause Young (Allocation Failure) 1M->0M(2M) 1.262ms
[0.208s][info][gc,cpu      ] GC(2) User=0.02s Sys=0.00s Real=0.00s
[0.208s][info][gc,start    ] GC(3) Pause Full (Ergonomics)
[0.208s][info][gc,phases,start] GC(3) Marking Phase
[0.209s][info][gc,phases      ] GC(3) Marking Phase 1.119ms
[0.209s][info][gc,phases,start] GC(3) Summary Phase
[0.209s][info][gc,phases      ] GC(3) Summary Phase 0.017ms
[0.209s][info][gc,phases,start] GC(3) Adjust Roots
[0.210s][info][gc,phases      ] GC(3) Adjust Roots 0.463ms
[0.210s][info][gc,phases,start] GC(3) Compaction Phase
[0.212s][info][gc,phases      ] GC(3) Compaction Phase 2.452ms
[0.212s][info][gc,phases,start] GC(3) Post Compact
[0.213s][info][gc,phases      ] GC(3) Post Compact 0.086ms
[0.213s][info][gc,heap        ] GC(3) PSYoungGen: 512K(1536K)->510K(1536K) Eden: 0K(1024K)->0K(1024K) From: 512K(512K)->510K(512K)
[0.213s][info][gc,heap        ] GC(3) ParOldGen: 504K(512K)->470K(2048K)
[0.213s][info][gc,metaspace   ] GC(3) Metaspace: 6301K(6528K)->6301K(6528K) NonClass: 5767K(5888K)->5767K(5888K) Class: 533K(640K)->533K(640K)
[0.213s][info][gc             ] GC(3) Pause Full (Ergonomics) 0M->0M(3M) 4.437ms
[0.213s][info][gc,cpu         ] GC(3) User=0.00s Sys=0.00s Real=0.00s
[0.214s][info][gc,start       ] GC(4) Pause Young (Allocation Failure)
[0.216s][info][gc,heap        ] GC(4) PSYoungGen: 1534K(1536K)->480K(2560K) Eden: 1024K(1024K)->0K(2048K) From: 510K(512K)->480K(512K)
[0.216s][info][gc,heap        ] GC(4) ParOldGen: 470K(2048K)->1031K(2048K)
[0.216s][info][gc,metaspace   ] GC(4) Metaspace: 6301K(6528K)->6301K(6528K) NonClass: 5767K(5888K)->5767K(5888K) Class: 533K(640K)->533K(640K)
[0.216s][info][gc             ] GC(4) Pause Young (Allocation Failure) 1M->1M(4M) 1.501ms
[0.216s][info][gc,cpu         ] GC(4) User=0.00s Sys=0.00s Real=0.00s
[0.219s][info][gc,start       ] GC(5) Pause Young (Allocation Failure)
[0.221s][info][gc,heap        ] GC(5) PSYoungGen: 2528K(2560K)->480K(2560K) Eden: 2048K(2048K)->0K(2048K) From: 480K(512K)->480K(512K)
[0.221s][info][gc,heap        ] GC(5) ParOldGen: 1031K(2048K)->2103K(2560K)
[0.221s][info][gc,metaspace   ] GC(5) Metaspace: 6301K(6528K)->6301K(6528K) NonClass: 5767K(5888K)->5767K(5888K) Class: 533K(640K)->533K(640K)
[0.221s][info][gc             ] GC(5) Pause Young (Allocation Failure) 3M->2M(5M) 2.114ms
[0.221s][info][gc,cpu         ] GC(5) User=0.00s Sys=0.00s Real=0.00s
[0.221s][info][gc,start       ] GC(6) Pause Full (Ergonomics)
[0.221s][info][gc,phases,start] GC(6) Marking Phase
[0.223s][info][gc,phases      ] GC(6) Marking Phase 1.751ms
[0.223s][info][gc,phases,start] GC(6) Summary Phase
[0.223s][info][gc,phases      ] GC(6) Summary Phase 0.020ms
[0.223s][info][gc,phases,start] GC(6) Adjust Roots
[0.224s][info][gc,phases      ] GC(6) Adjust Roots 0.378ms
[0.224s][info][gc,phases,start] GC(6) Compaction Phase
[0.226s][info][gc,phases      ] GC(6) Compaction Phase 2.360ms
[0.226s][info][gc,phases,start] GC(6) Post Compact
[0.226s][info][gc,phases      ] GC(6) Post Compact 0.040ms
[0.226s][info][gc,heap        ] GC(6) PSYoungGen: 480K(2560K)->0K(4096K) Eden: 0K(2048K)->0K(3072K) From: 480K(512K)->0K(1024K)
[0.226s][info][gc,heap        ] GC(6) ParOldGen: 2103K(2560K)->2542K(6144K)
[0.226s][info][gc,metaspace   ] GC(6) Metaspace: 6301K(6528K)->6301K(6528K) NonClass: 5767K(5888K)->5767K(5888K) Class: 533K(640K)->533K(640K)
[0.226s][info][gc             ] GC(6) Pause Full (Ergonomics) 2M->2M(10M) 4.984ms
[0.226s][info][gc,cpu         ] GC(6) User=0.00s Sys=0.00s Real=0.00s
[0.234s][info][gc,start       ] GC(7) Pause Young (Allocation Failure)
[0.237s][info][gc,heap        ] GC(7) PSYoungGen: 3072K(4096K)->1664K(5120K) Eden: 3072K(3072K)->0K(3072K) From: 0K(1024K)->1664K(2048K)
[0.237s][info][gc,heap        ] GC(7) ParOldGen: 2542K(6144K)->2542K(6144K)
[0.237s][info][gc,metaspace   ] GC(7) Metaspace: 6301K(6528K)->6301K(6528K) NonClass: 5767K(5888K)->5767K(5888K) Class: 533K(640K)->533K(640K)
[0.237s][info][gc             ] GC(7) Pause Young (Allocation Failure) 5M->4M(11M) 2.428ms
[0.237s][info][gc,cpu         ] GC(7) User=0.00s Sys=0.00s Real=0.00s
[0.243s][info][gc,start       ] GC(8) Pause Young (Allocation Failure)
[0.247s][info][gc,heap        ] GC(8) PSYoungGen: 4736K(5120K)->2016K(5632K) Eden: 3072K(3072K)->0K(3584K) From: 1664K(2048K)->2016K(2048K)
[0.247s][info][gc,heap        ] GC(8) ParOldGen: 2542K(6144K)->3774K(6144K)
[0.247s][info][gc,metaspace   ] GC(8) Metaspace: 6301K(6528K)->6301K(6528K) NonClass: 5767K(5888K)->5767K(5888K) Class: 533K(640K)->533K(640K)
[0.247s][info][gc             ] GC(8) Pause Young (Allocation Failure) 7M->5M(11M) 4.363ms
[0.247s][info][gc,cpu         ] GC(8) User=0.00s Sys=0.00s Real=0.00s
[0.254s][info][gc,start       ] GC(9) Pause Young (Allocation Failure)
[0.259s][info][gc,heap        ] GC(9) PSYoungGen: 5600K(5632K)->3040K(6656K) Eden: 3584K(3584K)->0K(3584K) From: 2016K(2048K)->3040K(3072K)
[0.259s][info][gc,heap        ] GC(9) ParOldGen: 3774K(6144K)->4614K(6144K)
[0.259s][info][gc,metaspace   ] GC(9) Metaspace: 6301K(6528K)->6301K(6528K) NonClass: 5767K(5888K)->5767K(5888K) Class: 533K(640K)->533K(640K)
[0.259s][info][gc             ] GC(9) Pause Young (Allocation Failure) 9M->7M(12M) 4.758ms
[0.259s][info][gc,cpu         ] GC(9) User=0.06s Sys=0.00s Real=0.01s
[0.265s][info][gc,start       ] GC(10) Pause Young (Allocation Failure)
[0.270s][info][gc,heap        ] GC(10) PSYoungGen: 6624K(6656K)->4064K(8704K) Eden: 3584K(3584K)->0K(4608K) From: 3040K(3072K)->4064K(4096K)
[0.270s][info][gc,heap        ] GC(10) ParOldGen: 4614K(6144K)->5462K(6144K)
[0.270s][info][gc,metaspace   ] GC(10) Metaspace: 6301K(6528K)->6301K(6528K) NonClass: 5767K(5888K)->5767K(5888K) Class: 533K(640K)->533K(640K)
[0.270s][info][gc             ] GC(10) Pause Young (Allocation Failure) 10M->9M(14M) 5.239ms
[0.270s][info][gc,cpu         ] GC(10) User=0.00s Sys=0.00s Real=0.01s
[0.270s][info][gc,start       ] GC(11) Pause Full (Ergonomics)
[0.270s][info][gc,phases,start] GC(11) Marking Phase
[0.276s][info][gc,phases      ] GC(11) Marking Phase 5.945ms
[0.276s][info][gc,phases,start] GC(11) Summary Phase
[0.276s][info][gc,phases      ] GC(11) Summary Phase 0.023ms
[0.276s][info][gc,phases,start] GC(11) Adjust Roots
[0.276s][info][gc,phases      ] GC(11) Adjust Roots 0.440ms
[0.276s][info][gc,phases,start] GC(11) Compaction Phase
[0.284s][info][gc,phases      ] GC(11) Compaction Phase 7.704ms
[0.284s][info][gc,phases,start] GC(11) Post Compact
[0.284s][info][gc,phases      ] GC(11) Post Compact 0.063ms
[0.284s][info][gc,heap        ] GC(11) PSYoungGen: 4064K(8704K)->3545K(8704K) Eden: 0K(4608K)->0K(4608K) From: 4064K(4096K)->3545K(4096K)
[0.284s][info][gc,heap        ] GC(11) ParOldGen: 5462K(6144K)->5831K(10752K)
[0.284s][info][gc,metaspace   ] GC(11) Metaspace: 6301K(6528K)->6301K(6528K) NonClass: 5767K(5888K)->5767K(5888K) Class: 533K(640K)->533K(640K)
[0.284s][info][gc             ] GC(11) Pause Full (Ergonomics) 9M->9M(19M) 14.557ms
[0.285s][info][gc,cpu         ] GC(11) User=0.00s Sys=0.00s Real=0.01s
[0.290s][info][gc,start       ] GC(12) Pause Young (Allocation Failure)
[0.296s][info][gc,heap        ] GC(12) PSYoungGen: 8013K(8704K)->5088K(9728K) Eden: 4468K(4608K)->0K(4608K) From: 3545K(4096K)->5088K(5120K)
[0.296s][info][gc,heap        ] GC(12) ParOldGen: 5831K(10752K)->6615K(10752K)
[0.296s][info][gc,metaspace   ] GC(12) Metaspace: 6301K(6528K)->6301K(6528K) NonClass: 5767K(5888K)->5767K(5888K) Class: 533K(640K)->533K(640K)
[0.296s][info][gc             ] GC(12) Pause Young (Allocation Failure) 13M->11M(20M) 5.470ms
[0.296s][info][gc,cpu         ] GC(12) User=0.00s Sys=0.00s Real=0.01s
[0.303s][info][gc,start       ] GC(13) Pause Young (Allocation Failure)
[0.310s][info][gc,heap        ] GC(13) PSYoungGen: 9696K(9728K)->6112K(11264K) Eden: 4608K(4608K)->0K(5120K) From: 5088K(5120K)->6112K(6144K)
[0.311s][info][gc,heap        ] GC(13) ParOldGen: 6615K(10752K)->7983K(10752K)
[0.311s][info][gc,metaspace   ] GC(13) Metaspace: 6301K(6528K)->6301K(6528K) NonClass: 5767K(5888K)->5767K(5888K) Class: 533K(640K)->533K(640K)
[0.311s][info][gc             ] GC(13) Pause Young (Allocation Failure) 15M->13M(21M) 7.571ms
[0.311s][info][gc,cpu         ] GC(13) User=0.00s Sys=0.00s Real=0.01s
[0.315s][info][gc,start       ] GC(14) Pause Young (Allocation Failure)
[0.322s][info][gc,heap        ] GC(14) PSYoungGen: 11232K(11264K)->5216K(12800K) Eden: 5120K(5120K)->0K(5120K) From: 6112K(6144K)->5216K(7680K)
[0.322s][info][gc,heap        ] GC(14) ParOldGen: 7983K(10752K)->11583K(11776K)
[0.322s][info][gc,metaspace   ] GC(14) Metaspace: 6303K(6528K)->6303K(6528K) NonClass: 5769K(5888K)->5769K(5888K) Class: 533K(640K)->533K(640K)
[0.322s][info][gc             ] GC(14) Pause Young (Allocation Failure) 18M->16M(24M) 7.031ms
[0.322s][info][gc,cpu         ] GC(14) User=0.02s Sys=0.00s Real=0.01s
[0.322s][info][gc,start       ] GC(15) Pause Full (Ergonomics)
[0.322s][info][gc,phases,start] GC(15) Marking Phase
[0.331s][info][gc,phases      ] GC(15) Marking Phase 8.611ms
[0.331s][info][gc,phases,start] GC(15) Summary Phase
[0.331s][info][gc,phases      ] GC(15) Summary Phase 0.019ms
[0.331s][info][gc,phases,start] GC(15) Adjust Roots
[0.331s][info][gc,phases      ] GC(15) Adjust Roots 0.215ms
[0.331s][info][gc,phases,start] GC(15) Compaction Phase
[0.341s][info][gc,phases      ] GC(15) Compaction Phase 9.396ms
[0.341s][info][gc,phases,start] GC(15) Post Compact
[0.341s][info][gc,phases      ] GC(15) Post Compact 0.075ms
[0.341s][info][gc,heap        ] GC(15) PSYoungGen: 5216K(12800K)->5184K(12800K) Eden: 0K(5120K)->0K(5120K) From: 5216K(7680K)->5184K(7680K)
[0.341s][info][gc,heap        ] GC(15) ParOldGen: 11583K(11776K)->11466K(18432K)
[0.341s][info][gc,metaspace   ] GC(15) Metaspace: 6303K(6528K)->6303K(6528K) NonClass: 5769K(5888K)->5769K(5888K) Class: 533K(640K)->533K(640K)
[0.341s][info][gc             ] GC(15) Pause Full (Ergonomics) 16M->16M(30M) 18.623ms
[0.341s][info][gc,cpu         ] GC(15) User=0.00s Sys=0.00s Real=0.02s
[0.345s][info][gc,start       ] GC(16) Pause Young (Allocation Failure)
[0.354s][info][gc,heap        ] GC(16) PSYoungGen: 10304K(12800K)->2688K(14336K) Eden: 5120K(5120K)->0K(7168K) From: 5184K(7680K)->2688K(7168K)
[0.354s][info][gc,heap        ] GC(16) ParOldGen: 11466K(18432K)->16730K(18432K)
[0.354s][info][gc,metaspace   ] GC(16) Metaspace: 6303K(6528K)->6303K(6528K) NonClass: 5769K(5888K)->5769K(5888K) Class: 533K(640K)->533K(640K)
[0.354s][info][gc             ] GC(16) Pause Young (Allocation Failure) 21M->18M(32M) 8.402ms
[0.354s][info][gc,cpu         ] GC(16) User=0.02s Sys=0.00s Real=0.01s
[0.354s][info][gc,start       ] GC(17) Pause Full (Ergonomics)
[0.354s][info][gc,phases,start] GC(17) Marking Phase
[0.364s][info][gc,phases      ] GC(17) Marking Phase 10.313ms
[0.364s][info][gc,phases,start] GC(17) Summary Phase
[0.364s][info][gc,phases      ] GC(17) Summary Phase 0.021ms
[0.364s][info][gc,phases,start] GC(17) Adjust Roots
[0.365s][info][gc,phases      ] GC(17) Adjust Roots 0.278ms
[0.365s][info][gc,phases,start] GC(17) Compaction Phase
[0.371s][info][gc,phases      ] GC(17) Compaction Phase 6.719ms
[0.371s][info][gc,phases,start] GC(17) Post Compact
[0.372s][info][gc,phases      ] GC(17) Post Compact 0.087ms
[0.372s][info][gc,heap        ] GC(17) PSYoungGen: 2688K(14336K)->1105K(14848K) Eden: 0K(7168K)->0K(7680K) From: 2688K(7168K)->1105K(7168K)
[0.372s][info][gc,heap        ] GC(17) ParOldGen: 16730K(18432K)->18183K(27648K)
[0.372s][info][gc,metaspace   ] GC(17) Metaspace: 6303K(6528K)->6303K(6528K) NonClass: 5769K(5888K)->5769K(5888K) Class: 533K(640K)->533K(640K)
[0.372s][info][gc             ] GC(17) Pause Full (Ergonomics) 18M->18M(41M) 17.773ms
[0.372s][info][gc,cpu         ] GC(17) User=0.02s Sys=0.00s Real=0.02s
[0.376s][info][gc,start       ] GC(18) Pause Young (Allocation Failure)
[0.382s][info][gc,heap        ] GC(18) PSYoungGen: 7799K(14848K)->3456K(15360K) Eden: 6694K(7680K)->0K(7680K) From: 1105K(7168K)->3456K(7680K)
[0.382s][info][gc,heap        ] GC(18) ParOldGen: 18183K(27648K)->19311K(27648K)
[0.382s][info][gc,metaspace   ] GC(18) Metaspace: 6303K(6528K)->6303K(6528K) NonClass: 5769K(5888K)->5769K(5888K) Class: 533K(640K)->533K(640K)
[0.382s][info][gc             ] GC(18) Pause Young (Allocation Failure) 25M->22M(42M) 5.549ms
[0.382s][info][gc,cpu         ] GC(18) User=0.00s Sys=0.00s Real=0.01s
[0.390s][info][gc,start       ] GC(19) Pause Young (Allocation Failure)
[0.398s][info][gc,heap        ] GC(19) PSYoungGen: 11135K(15360K)->4480K(17920K) Eden: 7679K(7680K)->0K(10240K) From: 3456K(7680K)->4480K(7680K)
[0.398s][info][gc,heap        ] GC(19) ParOldGen: 19311K(27648K)->22767K(27648K)
[0.398s][info][gc,metaspace   ] GC(19) Metaspace: 6303K(6528K)->6303K(6528K) NonClass: 5769K(5888K)->5769K(5888K) Class: 533K(640K)->533K(640K)
[0.398s][info][gc             ] GC(19) Pause Young (Allocation Failure) 29M->26M(44M) 7.897ms
[0.398s][info][gc,cpu         ] GC(19) User=0.00s Sys=0.00s Real=0.01s
[0.405s][info][gc,start       ] GC(20) Pause Young (Allocation Failure)
[0.414s][info][gc,heap        ] GC(20) PSYoungGen: 14720K(17920K)->5344K(17920K) Eden: 10240K(10240K)->0K(10240K) From: 4480K(7680K)->5344K(7680K)
[0.414s][info][gc,heap        ] GC(20) ParOldGen: 22767K(27648K)->27287K(27648K)
[0.414s][info][gc,metaspace   ] GC(20) Metaspace: 6303K(6528K)->6303K(6528K) NonClass: 5769K(5888K)->5769K(5888K) Class: 533K(640K)->533K(640K)
[0.414s][info][gc             ] GC(20) Pause Young (Allocation Failure) 36M->31M(44M) 8.806ms
[0.414s][info][gc,cpu         ] GC(20) User=0.02s Sys=0.00s Real=0.01s
[0.414s][info][gc,start       ] GC(21) Pause Full (Ergonomics)
[0.414s][info][gc,phases,start] GC(21) Marking Phase
[0.428s][info][gc,phases      ] GC(21) Marking Phase 13.902ms
[0.428s][info][gc,phases,start] GC(21) Summary Phase
[0.428s][info][gc,phases      ] GC(21) Summary Phase 0.017ms
[0.428s][info][gc,phases,start] GC(21) Adjust Roots
[0.428s][info][gc,phases      ] GC(21) Adjust Roots 0.257ms
[0.428s][info][gc,phases,start] GC(21) Compaction Phase
[0.444s][info][gc,phases      ] GC(21) Compaction Phase 15.576ms
[0.444s][info][gc,phases,start] GC(21) Post Compact
[0.444s][info][gc,phases      ] GC(21) Post Compact 0.100ms
[0.444s][info][gc,heap        ] GC(21) PSYoungGen: 5344K(17920K)->4779K(17920K) Eden: 0K(10240K)->0K(10240K) From: 5344K(7680K)->4779K(7680K)
[0.444s][info][gc,heap        ] GC(21) ParOldGen: 27287K(27648K)->27140K(38912K)
[0.444s][info][gc,metaspace   ] GC(21) Metaspace: 6303K(6528K)->6303K(6528K) NonClass: 5769K(5888K)->5769K(5888K) Class: 533K(640K)->533K(640K)
[0.444s][info][gc             ] GC(21) Pause Full (Ergonomics) 31M->31M(55M) 30.330ms
[0.444s][info][gc,cpu         ] GC(21) User=0.00s Sys=0.00s Real=0.03s
[0.454s][info][gc,start       ] GC(22) Pause Young (Allocation Failure)
[0.467s][info][gc,heap        ] GC(22) PSYoungGen: 15019K(17920K)->8192K(17920K) Eden: 10240K(10240K)->0K(9728K) From: 4779K(7680K)->8192K(8192K)
[0.467s][info][gc,heap        ] GC(22) ParOldGen: 27140K(38912K)->32964K(38912K)
[0.467s][info][gc,metaspace   ] GC(22) Metaspace: 6303K(6528K)->6303K(6528K) NonClass: 5769K(5888K)->5769K(5888K) Class: 533K(640K)->533K(640K)
[0.467s][info][gc             ] GC(22) Pause Young (Allocation Failure) 41M->40M(55M) 13.150ms
[0.467s][info][gc,cpu         ] GC(22) User=0.00s Sys=0.00s Real=0.01s
[0.467s][info][gc,start       ] GC(23) Pause Full (Ergonomics)
[0.467s][info][gc,phases,start] GC(23) Marking Phase
[0.486s][info][gc,phases      ] GC(23) Marking Phase 19.073ms
[0.486s][info][gc,phases,start] GC(23) Summary Phase
[0.486s][info][gc,phases      ] GC(23) Summary Phase 0.020ms
[0.486s][info][gc,phases,start] GC(23) Adjust Roots
[0.487s][info][gc,phases      ] GC(23) Adjust Roots 0.175ms
[0.487s][info][gc,phases,start] GC(23) Compaction Phase
[0.498s][info][gc,phases      ] GC(23) Compaction Phase 11.586ms
[0.498s][info][gc,phases,start] GC(23) Post Compact
[0.498s][info][gc,phases      ] GC(23) Post Compact 0.195ms
[0.499s][info][gc,heap        ] GC(23) PSYoungGen: 8192K(17920K)->2555K(17920K) Eden: 0K(9728K)->0K(9728K) From: 8192K(8192K)->2555K(8192K)
[0.499s][info][gc,heap        ] GC(23) ParOldGen: 32964K(38912K)->38490K(52736K)
[0.499s][info][gc,metaspace   ] GC(23) Metaspace: 6303K(6528K)->6303K(6528K) NonClass: 5769K(5888K)->5769K(5888K) Class: 533K(640K)->533K(640K)
[0.499s][info][gc             ] GC(23) Pause Full (Ergonomics) 40M->40M(69M) 31.398ms
[0.499s][info][gc,cpu         ] GC(23) User=0.05s Sys=0.00s Real=0.03s
[0.513s][info][gc,start       ] GC(24) Pause Young (Allocation Failure)
[0.525s][info][gc,heap        ] GC(24) PSYoungGen: 12283K(17920K)->9728K(20992K) Eden: 9728K(9728K)->0K(9728K) From: 2555K(8192K)->9728K(11264K)
[0.525s][info][gc,heap        ] GC(24) ParOldGen: 38490K(52736K)->41098K(52736K)
[0.525s][info][gc,metaspace   ] GC(24) Metaspace: 6303K(6528K)->6303K(6528K) NonClass: 5769K(5888K)->5769K(5888K) Class: 533K(640K)->533K(640K)
[0.525s][info][gc             ] GC(24) Pause Young (Allocation Failure) 49M->49M(72M) 11.468ms
[0.525s][info][gc,cpu         ] GC(24) User=0.00s Sys=0.00s Real=0.01s
[0.536s][info][gc,start       ] GC(25) Pause Young (Allocation Failure)
[0.551s][info][gc,heap        ] GC(25) PSYoungGen: 19456K(20992K)->12768K(19968K) Eden: 9728K(9728K)->0K(7168K) From: 9728K(11264K)->12768K(12800K)
[0.551s][info][gc,heap        ] GC(25) ParOldGen: 41098K(52736K)->47866K(52736K)
[0.551s][info][gc,metaspace   ] GC(25) Metaspace: 6303K(6528K)->6303K(6528K) NonClass: 5769K(5888K)->5769K(5888K) Class: 533K(640K)->533K(640K)
[0.551s][info][gc             ] GC(25) Pause Young (Allocation Failure) 59M->59M(71M) 15.285ms
[0.551s][info][gc,cpu         ] GC(25) User=0.00s Sys=0.00s Real=0.02s
[0.551s][info][gc,start       ] GC(26) Pause Full (Ergonomics)
[0.551s][info][gc,phases,start] GC(26) Marking Phase
[0.577s][info][gc,phases      ] GC(26) Marking Phase 26.202ms
[0.577s][info][gc,phases,start] GC(26) Summary Phase
[0.577s][info][gc,phases      ] GC(26) Summary Phase 0.017ms
[0.577s][info][gc,phases,start] GC(26) Adjust Roots
[0.577s][info][gc,phases      ] GC(26) Adjust Roots 0.174ms
[0.577s][info][gc,phases,start] GC(26) Compaction Phase
[0.598s][info][gc,phases      ] GC(26) Compaction Phase 20.043ms
[0.598s][info][gc,phases,start] GC(26) Post Compact
[0.598s][info][gc,phases      ] GC(26) Post Compact 0.255ms
[0.598s][info][gc,heap        ] GC(26) PSYoungGen: 12768K(19968K)->7122K(19968K) Eden: 0K(7168K)->0K(7168K) From: 12768K(12800K)->7122K(12800K)
[0.598s][info][gc,heap        ] GC(26) ParOldGen: 47866K(52736K)->52300K(69120K)
[0.598s][info][gc,metaspace   ] GC(26) Metaspace: 6303K(6528K)->6303K(6528K) NonClass: 5769K(5888K)->5769K(5888K) Class: 533K(640K)->533K(640K)
[0.598s][info][gc             ] GC(26) Pause Full (Ergonomics) 59M->58M(87M) 47.070ms
[0.598s][info][gc,cpu         ] GC(26) User=0.06s Sys=0.00s Real=0.05s
[0.606s][info][gc,start       ] GC(27) Pause Young (Allocation Failure)
[0.623s][info][gc,heap        ] GC(27) PSYoungGen: 14290K(19968K)->7168K(24576K) Eden: 7168K(7168K)->0K(7168K) From: 7122K(12800K)->7168K(17408K)
[0.623s][info][gc,heap        ] GC(27) ParOldGen: 52300K(69120K)->59540K(69120K)
[0.623s][info][gc,metaspace   ] GC(27) Metaspace: 6303K(6528K)->6303K(6528K) NonClass: 5769K(5888K)->5769K(5888K) Class: 533K(640K)->533K(640K)
[0.623s][info][gc             ] GC(27) Pause Young (Allocation Failure) 65M->65M(91M) 17.352ms
[0.623s][info][gc,cpu         ] GC(27) User=0.03s Sys=0.00s Real=0.02s
[0.631s][info][gc,start       ] GC(28) Pause Young (Allocation Failure)
[0.643s][info][gc,heap        ] GC(28) PSYoungGen: 14336K(24576K)->14368K(23040K) Eden: 7168K(7168K)->0K(6656K) From: 7168K(17408K)->14368K(16384K)
[0.643s][info][gc,heap        ] GC(28) ParOldGen: 59540K(69120K)->59540K(69120K)
[0.643s][info][gc,metaspace   ] GC(28) Metaspace: 6303K(6528K)->6303K(6528K) NonClass: 5769K(5888K)->5769K(5888K) Class: 533K(640K)->533K(640K)
[0.643s][info][gc             ] GC(28) Pause Young (Allocation Failure) 72M->72M(90M) 12.091ms
[0.643s][info][gc,cpu         ] GC(28) User=0.00s Sys=0.00s Real=0.01s
[0.651s][info][gc,start       ] GC(29) Pause Young (Allocation Failure)
[0.668s][info][gc,heap        ] GC(29) PSYoungGen: 21024K(23040K)->13824K(25088K) Eden: 6656K(6656K)->0K(6656K) From: 14368K(16384K)->13824K(18432K)
[0.668s][info][gc,heap        ] GC(29) ParOldGen: 59540K(69120K)->66804K(69120K)
[0.668s][info][gc,metaspace   ] GC(29) Metaspace: 6303K(6528K)->6303K(6528K) NonClass: 5769K(5888K)->5769K(5888K) Class: 533K(640K)->533K(640K)
[0.668s][info][gc             ] GC(29) Pause Young (Allocation Failure) 78M->78M(92M) 17.179ms
[0.668s][info][gc,cpu         ] GC(29) User=0.03s Sys=0.00s Real=0.02s
[0.668s][info][gc,start       ] GC(30) Pause Full (Ergonomics)
[0.668s][info][gc,phases,start] GC(30) Marking Phase
[0.701s][info][gc,phases      ] GC(30) Marking Phase 33.162ms
[0.701s][info][gc,phases,start] GC(30) Summary Phase
[0.701s][info][gc,phases      ] GC(30) Summary Phase 0.018ms
[0.701s][info][gc,phases,start] GC(30) Adjust Roots
[0.701s][info][gc,phases      ] GC(30) Adjust Roots 0.174ms
[0.701s][info][gc,phases,start] GC(30) Compaction Phase
[0.725s][info][gc,phases      ] GC(30) Compaction Phase 23.478ms
[0.725s][info][gc,phases,start] GC(30) Post Compact
[0.725s][info][gc,phases      ] GC(30) Post Compact 0.340ms
[0.725s][info][gc,heap        ] GC(30) PSYoungGen: 13824K(25088K)->11209K(25088K) Eden: 0K(6656K)->0K(6656K) From: 13824K(18432K)->11209K(18432K)
[0.725s][info][gc,heap        ] GC(30) ParOldGen: 66804K(69120K)->69116K(89600K)
[0.725s][info][gc,metaspace   ] GC(30) Metaspace: 6303K(6528K)->6303K(6528K) NonClass: 5769K(5888K)->5769K(5888K) Class: 533K(640K)->533K(640K)
[0.726s][info][gc             ] GC(30) Pause Full (Ergonomics) 78M->78M(112M) 57.652ms
[0.726s][info][gc,cpu         ] GC(30) User=0.08s Sys=0.00s Real=0.06s
[0.733s][info][gc,start       ] GC(31) Pause Young (Allocation Failure)
[0.750s][info][gc,heap        ] GC(31) PSYoungGen: 17865K(25088K)->6688K(25600K) Eden: 6656K(6656K)->0K(8192K) From: 11209K(18432K)->6688K(17408K)
[0.750s][info][gc,heap        ] GC(31) ParOldGen: 69116K(89600K)->80508K(89600K)
[0.750s][info][gc,metaspace   ] GC(31) Metaspace: 6303K(6528K)->6303K(6528K) NonClass: 5769K(5888K)->5769K(5888K) Class: 533K(640K)->533K(640K)
[0.750s][info][gc             ] GC(31) Pause Young (Allocation Failure) 84M->85M(112M) 17.478ms
[0.750s][info][gc,cpu         ] GC(31) User=0.02s Sys=0.00s Real=0.02s
[0.750s][info][gc,start       ] GC(32) Pause Full (Ergonomics)
[0.750s][info][gc,phases,start] GC(32) Marking Phase
[0.785s][info][gc,phases      ] GC(32) Marking Phase 35.014ms
[0.785s][info][gc,phases,start] GC(32) Summary Phase
[0.785s][info][gc,phases      ] GC(32) Summary Phase 0.017ms
[0.785s][info][gc,phases,start] GC(32) Adjust Roots
[0.786s][info][gc,phases      ] GC(32) Adjust Roots 0.163ms
[0.786s][info][gc,phases,start] GC(32) Compaction Phase
[0.805s][info][gc,phases      ] GC(32) Compaction Phase 19.136ms
[0.805s][info][gc,phases,start] GC(32) Post Compact
[0.805s][info][gc,phases      ] GC(32) Post Compact 0.516ms
[0.805s][info][gc,heap        ] GC(32) PSYoungGen: 6688K(25600K)->0K(27136K) Eden: 0K(8192K)->0K(8192K) From: 6688K(17408K)->0K(18944K)
[0.805s][info][gc,heap        ] GC(32) ParOldGen: 80508K(89600K)->86952K(111616K)
[0.806s][info][gc,metaspace   ] GC(32) Metaspace: 6303K(6528K)->6303K(6528K) NonClass: 5769K(5888K)->5769K(5888K) Class: 533K(640K)->533K(640K)
[0.806s][info][gc             ] GC(32) Pause Full (Ergonomics) 85M->84M(135M) 55.267ms
[0.806s][info][gc,cpu         ] GC(32) User=0.08s Sys=0.00s Real=0.06s
[0.828s][info][gc,start       ] GC(33) Pause Young (Allocation Failure)
[0.833s][info][gc,heap        ] GC(33) PSYoungGen: 8192K(27136K)->8256K(26112K) Eden: 8192K(8192K)->0K(9728K) From: 0K(18944K)->8256K(16384K)
[0.833s][info][gc,heap        ] GC(33) ParOldGen: 86952K(111616K)->86952K(111616K)
[0.833s][info][gc,metaspace   ] GC(33) Metaspace: 6303K(6528K)->6303K(6528K) NonClass: 5769K(5888K)->5769K(5888K) Class: 533K(640K)->533K(640K)
[0.833s][info][gc             ] GC(33) Pause Young (Allocation Failure) 92M->92M(134M) 5.659ms
[0.833s][info][gc,cpu         ] GC(33) User=0.00s Sys=0.00s Real=0.00s
[0.841s][info][gc,start       ] GC(34) Pause Young (Allocation Failure)
[0.850s][info][gc,heap        ] GC(34) PSYoungGen: 17984K(26112K)->17888K(27648K) Eden: 9728K(9728K)->0K(9728K) From: 8256K(16384K)->17888K(17920K)
[0.850s][info][gc,heap        ] GC(34) ParOldGen: 86952K(111616K)->86976K(111616K)
[0.850s][info][gc,metaspace   ] GC(34) Metaspace: 6303K(6528K)->6303K(6528K) NonClass: 5769K(5888K)->5769K(5888K) Class: 533K(640K)->533K(640K)
[0.850s][info][gc             ] GC(34) Pause Young (Allocation Failure) 102M->102M(136M) 9.037ms
[0.850s][info][gc,cpu         ] GC(34) User=0.00s Sys=0.00s Real=0.01s
[0.859s][info][gc,start       ] GC(35) Pause Young (Allocation Failure)
[0.874s][info][gc,heap        ] GC(35) PSYoungGen: 27616K(27648K)->9760K(30720K) Eden: 9728K(9728K)->0K(11264K) From: 17888K(17920K)->9760K(19456K)
[0.874s][info][gc,heap        ] GC(35) ParOldGen: 86976K(111616K)->105064K(111616K)
[0.874s][info][gc,metaspace   ] GC(35) Metaspace: 6303K(6528K)->6303K(6528K) NonClass: 5769K(5888K)->5769K(5888K) Class: 533K(640K)->533K(640K)
[0.874s][info][gc             ] GC(35) Pause Young (Allocation Failure) 111M->112M(139M) 15.474ms
[0.874s][info][gc,cpu         ] GC(35) User=0.00s Sys=0.00s Real=0.02s
[0.874s][info][gc,start       ] GC(36) Pause Full (Ergonomics)
[0.874s][info][gc,phases,start] GC(36) Marking Phase
[0.907s][info][gc,phases      ] GC(36) Marking Phase 33.033ms
[0.908s][info][gc,phases,start] GC(36) Summary Phase
[0.908s][info][gc,phases      ] GC(36) Summary Phase 0.017ms
[0.908s][info][gc,phases,start] GC(36) Adjust Roots
[0.908s][info][gc,phases      ] GC(36) Adjust Roots 0.161ms
[0.908s][info][gc,phases,start] GC(36) Compaction Phase
[0.935s][info][gc,phases      ] GC(36) Compaction Phase 27.332ms
[0.935s][info][gc,phases,start] GC(36) Post Compact
[0.936s][info][gc,phases      ] GC(36) Post Compact 0.587ms
[0.936s][info][gc,heap        ] GC(36) PSYoungGen: 9760K(30720K)->1007K(31232K) Eden: 0K(11264K)->0K(11776K) From: 9760K(19456K)->1007K(19456K)
[0.936s][info][gc,heap        ] GC(36) ParOldGen: 105064K(111616K)->111462K(142336K)
[0.936s][info][gc,metaspace   ] GC(36) Metaspace: 6303K(6528K)->6303K(6528K) NonClass: 5769K(5888K)->5769K(5888K) Class: 533K(640K)->533K(640K)
[0.936s][info][gc             ] GC(36) Pause Full (Ergonomics) 112M->109M(169M) 61.610ms
[0.936s][info][gc,cpu         ] GC(36) User=0.11s Sys=0.00s Real=0.06s
[0.947s][info][gc,start       ] GC(37) Pause Young (Allocation Failure)
[0.960s][info][gc,heap        ] GC(37) PSYoungGen: 12783K(31232K)->12864K(31744K) Eden: 11776K(11776K)->0K(11776K) From: 1007K(19456K)->12864K(19968K)
[0.960s][info][gc,heap        ] GC(37) ParOldGen: 111462K(142336K)->111462K(142336K)
[0.960s][info][gc,metaspace   ] GC(37) Metaspace: 6303K(6528K)->6303K(6528K) NonClass: 5769K(5888K)->5769K(5888K) Class: 533K(640K)->533K(640K)
[0.960s][info][gc             ] GC(37) Pause Young (Allocation Failure) 121M->121M(170M) 13.154ms
[0.960s][info][gc,cpu         ] GC(37) User=0.00s Sys=0.00s Real=0.01s
[0.972s][info][gc,start       ] GC(38) Pause Young (Allocation Failure)
[0.987s][info][gc,heap        ] GC(38) PSYoungGen: 24640K(31744K)->19968K(29184K) Eden: 11776K(11776K)->0K(9216K) From: 12864K(19968K)->19968K(19968K)
[0.987s][info][gc,heap        ] GC(38) ParOldGen: 111462K(142336K)->116110K(142336K)
[0.987s][info][gc,metaspace   ] GC(38) Metaspace: 6303K(6528K)->6303K(6528K) NonClass: 5769K(5888K)->5769K(5888K) Class: 533K(640K)->533K(640K)
[0.988s][info][gc             ] GC(38) Pause Young (Allocation Failure) 132M->132M(167M) 15.804ms
[0.988s][info][gc,cpu         ] GC(38) User=0.02s Sys=0.00s Real=0.01s
[0.997s][info][gc,start       ] GC(39) Pause Young (Allocation Failure)
[1.014s][info][gc,heap        ] GC(39) PSYoungGen: 29184K(29184K)->18912K(33792K) Eden: 9216K(9216K)->0K(9216K) From: 19968K(19968K)->18912K(24576K)
[1.014s][info][gc,heap        ] GC(39) ParOldGen: 116110K(142336K)->126606K(142336K)
[1.014s][info][gc,metaspace   ] GC(39) Metaspace: 6303K(6528K)->6303K(6528K) NonClass: 5769K(5888K)->5769K(5888K) Class: 533K(640K)->533K(640K)
[1.014s][info][gc             ] GC(39) Pause Young (Allocation Failure) 141M->142M(172M) 16.220ms
[1.014s][info][gc,cpu         ] GC(39) User=0.02s Sys=0.00s Real=0.02s
[1.023s][info][gc,start       ] GC(40) Pause Young (Allocation Failure)
[1.039s][info][gc,heap        ] GC(40) PSYoungGen: 28128K(33792K)->18496K(35328K) Eden: 9216K(9216K)->0K(9216K) From: 18912K(24576K)->18496K(26112K)
[1.039s][info][gc,heap        ] GC(40) ParOldGen: 126606K(142336K)->136382K(142336K)
[1.039s][info][gc,metaspace   ] GC(40) Metaspace: 6303K(6528K)->6303K(6528K) NonClass: 5769K(5888K)->5769K(5888K) Class: 533K(640K)->533K(640K)
[1.039s][info][gc             ] GC(40) Pause Young (Allocation Failure) 151M->151M(173M) 16.486ms
[1.039s][info][gc,cpu         ] GC(40) User=0.02s Sys=0.00s Real=0.02s
[1.039s][info][gc,start       ] GC(41) Pause Full (Ergonomics)
[1.039s][info][gc,phases,start] GC(41) Marking Phase
[1.080s][info][gc,phases      ] GC(41) Marking Phase 40.513ms
[1.080s][info][gc,phases,start] GC(41) Summary Phase
[1.080s][info][gc,phases      ] GC(41) Summary Phase 0.019ms
[1.080s][info][gc,phases,start] GC(41) Adjust Roots
[1.080s][info][gc,phases      ] GC(41) Adjust Roots 0.160ms
[1.080s][info][gc,phases,start] GC(41) Compaction Phase
[1.106s][info][gc,phases      ] GC(41) Compaction Phase 25.398ms
[1.106s][info][gc,phases,start] GC(41) Post Compact
[1.107s][info][gc,phases      ] GC(41) Post Compact 0.935ms
[1.107s][info][gc,heap        ] GC(41) PSYoungGen: 18496K(35328K)->12238K(35328K) Eden: 0K(9216K)->0K(9216K) From: 18496K(26112K)->12238K(26112K)
[1.107s][info][gc,heap        ] GC(41) ParOldGen: 136382K(142336K)->142091K(175616K)
[1.107s][info][gc,metaspace   ] GC(41) Metaspace: 6303K(6528K)->6303K(6528K) NonClass: 5769K(5888K)->5769K(5888K) Class: 533K(640K)->533K(640K)
[1.107s][info][gc             ] GC(41) Pause Full (Ergonomics) 151M->150M(206M) 67.503ms
[1.107s][info][gc,cpu         ] GC(41) User=0.19s Sys=0.00s Real=0.07s
[1.116s][info][gc,start       ] GC(42) Pause Young (Allocation Failure)
[1.136s][info][gc,heap        ] GC(42) PSYoungGen: 21454K(35328K)->15296K(36864K) Eden: 9216K(9216K)->0K(9216K) From: 12238K(26112K)->15296K(27648K)
[1.136s][info][gc,heap        ] GC(42) ParOldGen: 142091K(175616K)->148435K(175616K)
[1.136s][info][gc,metaspace   ] GC(42) Metaspace: 6303K(6528K)->6303K(6528K) NonClass: 5769K(5888K)->5769K(5888K) Class: 533K(640K)->533K(640K)
[1.136s][info][gc             ] GC(42) Pause Young (Allocation Failure) 159M->159M(207M) 19.565ms
[1.136s][info][gc,cpu         ] GC(42) User=0.06s Sys=0.00s Real=0.02s
[1.145s][info][gc,start       ] GC(43) Pause Young (Allocation Failure)
[1.160s][info][gc,heap        ] GC(43) PSYoungGen: 24512K(36864K)->18496K(37376K) Eden: 9216K(9216K)->0K(10240K) From: 15296K(27648K)->18496K(27136K)
[1.160s][info][gc,heap        ] GC(43) ParOldGen: 148435K(175616K)->154555K(175616K)
[1.160s][info][gc,metaspace   ] GC(43) Metaspace: 6303K(6528K)->6303K(6528K) NonClass: 5769K(5888K)->5769K(5888K) Class: 533K(640K)->533K(640K)
[1.160s][info][gc             ] GC(43) Pause Young (Allocation Failure) 168M->168M(208M) 15.058ms
[1.160s][info][gc,cpu         ] GC(43) User=0.00s Sys=0.02s Real=0.02s
[1.197s][info][gc,start       ] GC(44) Pause Full (Ergonomics)
[1.197s][info][gc,phases,start] GC(44) Marking Phase
[1.244s][info][gc,phases      ] GC(44) Marking Phase 47.759ms
[1.244s][info][gc,phases,start] GC(44) Summary Phase
[1.244s][info][gc,phases      ] GC(44) Summary Phase 0.018ms
[1.244s][info][gc,phases,start] GC(44) Adjust Roots
[1.245s][info][gc,phases      ] GC(44) Adjust Roots 0.189ms
[1.245s][info][gc,phases,start] GC(44) Compaction Phase
[1.285s][info][gc,phases      ] GC(44) Compaction Phase 40.106ms
[1.285s][info][gc,phases,start] GC(44) Post Compact
[1.286s][info][gc,phases      ] GC(44) Post Compact 1.110ms
[1.286s][info][gc,heap        ] GC(44) PSYoungGen: 28736K(37376K)->11729K(37376K) Eden: 10240K(10240K)->0K(10240K) From: 18496K(27136K)->11729K(27136K)
[1.286s][info][gc,heap        ] GC(44) ParOldGen: 162747K(175616K)->175275K(209408K)
[1.286s][info][gc,metaspace   ] GC(44) Metaspace: 6303K(6528K)->6303K(6528K) NonClass: 5769K(5888K)->5769K(5888K) Class: 533K(640K)->533K(640K)
[1.286s][info][gc             ] GC(44) Pause Full (Ergonomics) 186M->182M(241M) 89.700ms
[1.286s][info][gc,cpu         ] GC(44) User=0.25s Sys=0.00s Real=0.09s
[1.297s][info][gc,start       ] GC(45) Pause Young (Allocation Failure)
[1.317s][info][gc,heap        ] GC(45) PSYoungGen: 21969K(37376K)->16064K(37888K) Eden: 10240K(10240K)->0K(10240K) From: 11729K(27136K)->16064K(27648K)
[1.317s][info][gc,heap        ] GC(45) ParOldGen: 175275K(209408K)->181363K(209408K)
[1.317s][info][gc,metaspace   ] GC(45) Metaspace: 6303K(6528K)->6303K(6528K) NonClass: 5769K(5888K)->5769K(5888K) Class: 533K(640K)->533K(640K)
[1.317s][info][gc             ] GC(45) Pause Young (Allocation Failure) 192M->192M(241M) 20.061ms
[1.317s][info][gc,cpu         ] GC(45) User=0.08s Sys=0.00s Real=0.02s
[1.328s][info][gc,start       ] GC(46) Pause Young (Allocation Failure)
[1.344s][info][gc,heap        ] GC(46) PSYoungGen: 26304K(37888K)->26272K(36352K) Eden: 10240K(10240K)->0K(8704K) From: 16064K(27648K)->26272K(27648K)
[1.344s][info][gc,heap        ] GC(46) ParOldGen: 181363K(209408K)->181363K(209408K)
[1.344s][info][gc,metaspace   ] GC(46) Metaspace: 6303K(6528K)->6303K(6528K) NonClass: 5769K(5888K)->5769K(5888K) Class: 533K(640K)->533K(640K)
[1.344s][info][gc             ] GC(46) Pause Young (Allocation Failure) 202M->202M(240M) 16.085ms
[1.344s][info][gc,cpu         ] GC(46) User=0.02s Sys=0.00s Real=0.02s
[1.353s][info][gc,start       ] GC(47) Pause Young (Allocation Failure)
[1.371s][info][gc,heap        ] GC(47) PSYoungGen: 34976K(36352K)->29216K(39424K) Eden: 8704K(8704K)->0K(8704K) From: 26272K(27648K)->29216K(30720K)
[1.371s][info][gc,heap        ] GC(47) ParOldGen: 181363K(209408K)->187211K(209408K)
[1.371s][info][gc,metaspace   ] GC(47) Metaspace: 6303K(6528K)->6303K(6528K) NonClass: 5769K(5888K)->5769K(5888K) Class: 533K(640K)->533K(640K)
[1.371s][info][gc             ] GC(47) Pause Young (Allocation Failure) 211M->211M(243M) 17.855ms
[1.371s][info][gc,cpu         ] GC(47) User=0.06s Sys=0.00s Real=0.02s
[1.380s][info][gc,start       ] GC(48) Pause Young (Allocation Failure)
[1.401s][info][gc,heap        ] GC(48) PSYoungGen: 37920K(39424K)->27680K(41984K) Eden: 8704K(8704K)->0K(7680K) From: 29216K(30720K)->27680K(34304K)
[1.401s][info][gc,heap        ] GC(48) ParOldGen: 187211K(209408K)->197595K(209408K)
[1.401s][info][gc,metaspace   ] GC(48) Metaspace: 6303K(6528K)->6303K(6528K) NonClass: 5769K(5888K)->5769K(5888K) Class: 533K(640K)->533K(640K)
[1.401s][info][gc             ] GC(48) Pause Young (Allocation Failure) 219M->219M(245M) 20.455ms
[1.401s][info][gc,cpu         ] GC(48) User=0.06s Sys=0.03s Real=0.02s
[1.401s][info][gc,start       ] GC(49) Pause Full (Ergonomics)
[1.401s][info][gc,phases,start] GC(49) Marking Phase
[1.461s][info][gc,phases      ] GC(49) Marking Phase 59.723ms
[1.461s][info][gc,phases,start] GC(49) Summary Phase
[1.461s][info][gc,phases      ] GC(49) Summary Phase 0.022ms
[1.461s][info][gc,phases,start] GC(49) Adjust Roots
[1.461s][info][gc,phases      ] GC(49) Adjust Roots 0.166ms
[1.461s][info][gc,phases,start] GC(49) Compaction Phase
[1.489s][info][gc,phases      ] GC(49) Compaction Phase 27.850ms
[1.489s][info][gc,phases,start] GC(49) Post Compact
[1.490s][info][gc,phases      ] GC(49) Post Compact 1.131ms
[1.490s][info][gc,heap        ] GC(49) PSYoungGen: 27680K(41984K)->15807K(41984K) Eden: 0K(7680K)->0K(7680K) From: 27680K(34304K)->15807K(34304K)
[1.490s][info][gc,heap        ] GC(49) ParOldGen: 197595K(209408K)->208964K(244224K)
[1.490s][info][gc,metaspace   ] GC(49) Metaspace: 6303K(6528K)->6303K(6528K) NonClass: 5769K(5888K)->5769K(5888K) Class: 533K(640K)->533K(640K)
[1.490s][info][gc             ] GC(49) Pause Full (Ergonomics) 219M->219M(279M) 89.395ms
[1.490s][info][gc,cpu         ] GC(49) User=0.33s Sys=0.00s Real=0.09s
[1.499s][info][gc,start       ] GC(50) Pause Young (Allocation Failure)
[1.522s][info][gc,heap        ] GC(50) PSYoungGen: 23487K(41984K)->12768K(44544K) Eden: 7680K(7680K)->0K(7680K) From: 15807K(34304K)->12768K(36864K)
[1.522s][info][gc,heap        ] GC(50) ParOldGen: 208964K(244224K)->219948K(244224K)
[1.522s][info][gc,metaspace   ] GC(50) Metaspace: 6303K(6528K)->6303K(6528K) NonClass: 5769K(5888K)->5769K(5888K) Class: 533K(640K)->533K(640K)
[1.522s][info][gc             ] GC(50) Pause Young (Allocation Failure) 227M->227M(282M) 22.890ms
[1.522s][info][gc,cpu         ] GC(50) User=0.09s Sys=0.02s Real=0.02s
[1.531s][info][gc,start       ] GC(51) Pause Young (Allocation Failure)
[1.544s][info][gc,heap        ] GC(51) PSYoungGen: 20448K(44544K)->15424K(42496K) Eden: 7680K(7680K)->0K(9216K) From: 12768K(36864K)->15424K(33280K)
[1.544s][info][gc,heap        ] GC(51) ParOldGen: 219948K(244224K)->225044K(244224K)
[1.544s][info][gc,metaspace   ] GC(51) Metaspace: 6303K(6528K)->6303K(6528K) NonClass: 5769K(5888K)->5769K(5888K) Class: 533K(640K)->533K(640K)
[1.544s][info][gc             ] GC(51) Pause Young (Allocation Failure) 234M->234M(280M) 12.418ms
[1.544s][info][gc,cpu         ] GC(51) User=0.02s Sys=0.00s Real=0.01s
[1.555s][info][gc,start       ] GC(52) Pause Young (Allocation Failure)
[1.568s][info][gc,heap        ] GC(52) PSYoungGen: 24640K(42496K)->16992K(43520K) Eden: 9216K(9216K)->0K(9216K) From: 15424K(33280K)->16992K(34304K)
[1.568s][info][gc,heap        ] GC(52) ParOldGen: 225044K(244224K)->232844K(244224K)
[1.568s][info][gc,metaspace   ] GC(52) Metaspace: 6303K(6528K)->6303K(6528K) NonClass: 5769K(5888K)->5769K(5888K) Class: 533K(640K)->533K(640K)
[1.568s][info][gc             ] GC(52) Pause Young (Allocation Failure) 243M->243M(281M) 13.546ms
[1.568s][info][gc,cpu         ] GC(52) User=0.00s Sys=0.00s Real=0.01s
[1.568s][info][gc,start       ] GC(53) Pause Full (Ergonomics)
[1.568s][info][gc,phases,start] GC(53) Marking Phase
[1.627s][info][gc,phases      ] GC(53) Marking Phase 58.672ms
[1.627s][info][gc,phases,start] GC(53) Summary Phase
[1.627s][info][gc,phases      ] GC(53) Summary Phase 0.018ms
[1.627s][info][gc,phases,start] GC(53) Adjust Roots
[1.627s][info][gc,phases      ] GC(53) Adjust Roots 0.164ms
[1.627s][info][gc,phases,start] GC(53) Compaction Phase
[1.652s][info][gc,phases      ] GC(53) Compaction Phase 25.362ms
[1.653s][info][gc,phases,start] GC(53) Post Compact
[1.654s][info][gc,phases      ] GC(53) Post Compact 1.203ms
[1.654s][info][gc,heap        ] GC(53) PSYoungGen: 16992K(43520K)->5084K(43520K) Eden: 0K(9216K)->0K(9216K) From: 16992K(34304K)->5084K(34304K)
[1.654s][info][gc,heap        ] GC(53) ParOldGen: 232844K(244224K)->244174K(282112K)
[1.654s][info][gc,metaspace   ] GC(53) Metaspace: 6303K(6528K)->6303K(6528K) NonClass: 5769K(5888K)->5769K(5888K) Class: 533K(640K)->533K(640K)
[1.654s][info][gc             ] GC(53) Pause Full (Ergonomics) 243M->243M(318M) 85.891ms
[1.654s][info][gc,cpu         ] GC(53) User=0.36s Sys=0.02s Real=0.09s
[1.665s][info][gc,start       ] GC(54) Pause Young (Allocation Failure)
[1.683s][info][gc,heap        ] GC(54) PSYoungGen: 14300K(43520K)->12256K(41472K) Eden: 9216K(9216K)->0K(10752K) From: 5084K(34304K)->12256K(30720K)
[1.683s][info][gc,heap        ] GC(54) ParOldGen: 244174K(282112K)->246342K(282112K)
[1.683s][info][gc,metaspace   ] GC(54) Metaspace: 6303K(6528K)->6303K(6528K) NonClass: 5769K(5888K)->5769K(5888K) Class: 533K(640K)->533K(640K)
[1.683s][info][gc             ] GC(54) Pause Young (Allocation Failure) 252M->252M(316M) 17.737ms
[1.683s][info][gc,cpu         ] GC(54) User=0.02s Sys=0.00s Real=0.02s
[1.695s][info][gc,start       ] GC(55) Pause Young (Allocation Failure)
[1.707s][info][gc,heap        ] GC(55) PSYoungGen: 23008K(41472K)->23040K(42496K) Eden: 10752K(10752K)->0K(10752K) From: 12256K(30720K)->23040K(31744K)
[1.707s][info][gc,heap        ] GC(55) ParOldGen: 246342K(282112K)->246342K(282112K)
[1.707s][info][gc,metaspace   ] GC(55) Metaspace: 6303K(6528K)->6303K(6528K) NonClass: 5769K(5888K)->5769K(5888K) Class: 533K(640K)->533K(640K)
[1.707s][info][gc             ] GC(55) Pause Young (Allocation Failure) 263M->263M(317M) 11.952ms
[1.707s][info][gc,cpu         ] GC(55) User=0.00s Sys=0.00s Real=0.01s
[1.719s][info][gc,start       ] GC(56) Pause Young (Allocation Failure)
[1.735s][info][gc,heap        ] GC(56) PSYoungGen: 33792K(42496K)->32768K(40448K) Eden: 10752K(10752K)->0K(7680K) From: 23040K(31744K)->32768K(32768K)
[1.735s][info][gc,heap        ] GC(56) ParOldGen: 246342K(282112K)->247286K(282112K)
[1.735s][info][gc,metaspace   ] GC(56) Metaspace: 6303K(6528K)->6303K(6528K) NonClass: 5769K(5888K)->5769K(5888K) Class: 533K(640K)->533K(640K)
[1.735s][info][gc             ] GC(56) Pause Young (Allocation Failure) 273M->273M(315M) 16.104ms
[1.735s][info][gc,cpu         ] GC(56) User=0.02s Sys=0.00s Real=0.02s
[1.744s][info][gc,start       ] GC(57) Pause Young (Allocation Failure)
[1.762s][info][gc,heap        ] GC(57) PSYoungGen: 40448K(40448K)->28608K(45056K) Eden: 7680K(7680K)->0K(7680K) From: 32768K(32768K)->28608K(37376K)
[1.762s][info][gc,heap        ] GC(57) ParOldGen: 247286K(282112K)->259382K(282112K)
[1.762s][info][gc,metaspace   ] GC(57) Metaspace: 6303K(6528K)->6303K(6528K) NonClass: 5769K(5888K)->5769K(5888K) Class: 533K(640K)->533K(640K)
[1.762s][info][gc             ] GC(57) Pause Young (Allocation Failure) 280M->281M(319M) 18.434ms
[1.762s][info][gc,cpu         ] GC(57) User=0.09s Sys=0.02s Real=0.02s
[1.771s][info][gc,start       ] GC(58) Pause Young (Allocation Failure)
[1.789s][info][gc,heap        ] GC(58) PSYoungGen: 36288K(45056K)->25888K(48640K) Eden: 7680K(7680K)->0K(9216K) From: 28608K(37376K)->25888K(39424K)
[1.789s][info][gc,heap        ] GC(58) ParOldGen: 259382K(282112K)->269934K(282112K)
[1.789s][info][gc,metaspace   ] GC(58) Metaspace: 6303K(6528K)->6303K(6528K) NonClass: 5769K(5888K)->5769K(5888K) Class: 533K(640K)->533K(640K)
[1.789s][info][gc             ] GC(58) Pause Young (Allocation Failure) 288M->288M(323M) 18.026ms
[1.789s][info][gc,cpu         ] GC(58) User=0.12s Sys=0.00s Real=0.02s
[1.789s][info][gc,start       ] GC(59) Pause Full (Ergonomics)
[1.789s][info][gc,phases,start] GC(59) Marking Phase
[1.854s][info][gc,phases      ] GC(59) Marking Phase 65.604ms
[1.855s][info][gc,phases,start] GC(59) Summary Phase
[1.855s][info][gc,phases      ] GC(59) Summary Phase 0.019ms
[1.855s][info][gc,phases,start] GC(59) Adjust Roots
[1.855s][info][gc,phases      ] GC(59) Adjust Roots 0.153ms
[1.855s][info][gc,phases,start] GC(59) Compaction Phase
[1.883s][info][gc,phases      ] GC(59) Compaction Phase 27.819ms
[1.883s][info][gc,phases,start] GC(59) Post Compact
[1.884s][info][gc,phases      ] GC(59) Post Compact 1.336ms
[1.884s][info][gc,heap        ] GC(59) PSYoungGen: 25888K(48640K)->13454K(48640K) Eden: 0K(9216K)->0K(9216K) From: 25888K(39424K)->13454K(39424K)
[1.884s][info][gc,heap        ] GC(59) ParOldGen: 269934K(282112K)->281732K(324096K)
[1.884s][info][gc,metaspace   ] GC(59) Metaspace: 6303K(6528K)->6303K(6528K) NonClass: 5769K(5888K)->5769K(5888K) Class: 533K(640K)->533K(640K)
[1.884s][info][gc             ] GC(59) Pause Full (Ergonomics) 288M->288M(364M) 95.463ms
[1.884s][info][gc,cpu         ] GC(59) User=0.48s Sys=0.03s Real=0.10s
[1.895s][info][gc,start       ] GC(60) Pause Young (Allocation Failure)
[1.917s][info][gc,heap        ] GC(60) PSYoungGen: 22670K(48640K)->13856K(48640K) Eden: 9216K(9216K)->0K(9216K) From: 13454K(39424K)->13856K(39424K)
[1.917s][info][gc,heap        ] GC(60) ParOldGen: 281732K(324096K)->290780K(324096K)
[1.917s][info][gc,metaspace   ] GC(60) Metaspace: 6303K(6528K)->6303K(6528K) NonClass: 5769K(5888K)->5769K(5888K) Class: 533K(640K)->533K(640K)
[1.917s][info][gc             ] GC(60) Pause Young (Allocation Failure) 297M->297M(364M) 22.365ms
[1.917s][info][gc,cpu         ] GC(60) User=0.11s Sys=0.02s Real=0.02s
[1.928s][info][gc,start       ] GC(61) Pause Young (Allocation Failure)
[1.940s][info][gc,heap        ] GC(61) PSYoungGen: 23072K(48640K)->18560K(46080K) Eden: 9216K(9216K)->0K(10752K) From: 13856K(39424K)->18560K(35328K)
[1.940s][info][gc,heap        ] GC(61) ParOldGen: 290780K(324096K)->295412K(324096K)
[1.940s][info][gc,metaspace   ] GC(61) Metaspace: 6303K(6528K)->6303K(6528K) NonClass: 5769K(5888K)->5769K(5888K) Class: 533K(640K)->533K(640K)
[1.940s][info][gc             ] GC(61) Pause Young (Allocation Failure) 306M->306M(361M) 11.977ms
[1.940s][info][gc,cpu         ] GC(61) User=0.00s Sys=0.00s Real=0.01s
[1.953s][info][gc,start       ] GC(62) Pause Young (Allocation Failure)
[1.967s][info][gc,heap        ] GC(62) PSYoungGen: 29312K(46080K)->20064K(47616K) Eden: 10752K(10752K)->0K(10752K) From: 18560K(35328K)->20064K(36864K)
[1.967s][info][gc,heap        ] GC(62) ParOldGen: 295412K(324096K)->304748K(324096K)
[1.967s][info][gc,metaspace   ] GC(62) Metaspace: 6303K(6528K)->6303K(6528K) NonClass: 5769K(5888K)->5769K(5888K) Class: 533K(640K)->533K(640K)
[1.967s][info][gc             ] GC(62) Pause Young (Allocation Failure) 317M->317M(363M) 14.879ms
[1.967s][info][gc,cpu         ] GC(62) User=0.02s Sys=0.00s Real=0.01s
[1.980s][info][gc,start       ] GC(63) Pause Young (Allocation Failure)
[1.996s][info][gc,heap        ] GC(63) PSYoungGen: 30816K(47616K)->21600K(46592K) Eden: 10752K(10752K)->0K(12288K) From: 20064K(36864K)->21600K(34304K)
[1.996s][info][gc,heap        ] GC(63) ParOldGen: 304748K(324096K)->314108K(324096K)
[1.996s][info][gc,metaspace   ] GC(63) Metaspace: 6303K(6528K)->6303K(6528K) NonClass: 5769K(5888K)->5769K(5888K) Class: 533K(640K)->533K(640K)
[1.996s][info][gc             ] GC(63) Pause Young (Allocation Failure) 327M->327M(362M) 15.670ms
[1.996s][info][gc,cpu         ] GC(63) User=0.02s Sys=0.00s Real=0.02s
[1.996s][info][gc,start       ] GC(64) Pause Full (Ergonomics)
[1.996s][info][gc,phases,start] GC(64) Marking Phase
[2.067s][info][gc,phases      ] GC(64) Marking Phase 71.556ms
[2.067s][info][gc,phases,start] GC(64) Summary Phase
[2.067s][info][gc,phases      ] GC(64) Summary Phase 0.033ms
[2.067s][info][gc,phases,start] GC(64) Adjust Roots
[2.068s][info][gc,phases      ] GC(64) Adjust Roots 0.275ms
[2.068s][info][gc,phases,start] GC(64) Compaction Phase
[2.100s][info][gc,phases      ] GC(64) Compaction Phase 31.982ms
[2.100s][info][gc,phases,start] GC(64) Post Compact
[2.102s][info][gc,phases      ] GC(64) Post Compact 1.982ms
[2.102s][info][gc,heap        ] GC(64) PSYoungGen: 21600K(46592K)->11223K(47104K) Eden: 0K(12288K)->0K(12800K) From: 21600K(34304K)->11223K(34304K)
[2.102s][info][gc,heap        ] GC(64) ParOldGen: 314108K(324096K)->323781K(369152K)
[2.102s][info][gc,metaspace   ] GC(64) Metaspace: 6303K(6528K)->6303K(6528K) NonClass: 5769K(5888K)->5769K(5888K) Class: 533K(640K)->533K(640K)
[2.102s][info][gc             ] GC(64) Pause Full (Ergonomics) 327M->327M(406M) 106.454ms
[2.102s][info][gc,cpu         ] GC(64) User=0.69s Sys=0.00s Real=0.11s
[2.120s][info][gc,start       ] GC(65) Pause Young (Allocation Failure)
[2.145s][info][gc,heap        ] GC(65) PSYoungGen: 24023K(47104K)->18048K(47616K) Eden: 12800K(12800K)->0K(12800K) From: 11223K(34304K)->18048K(34816K)
[2.145s][info][gc,heap        ] GC(65) ParOldGen: 323781K(369152K)->330013K(369152K)
[2.145s][info][gc,metaspace   ] GC(65) Metaspace: 6303K(6528K)->6303K(6528K) NonClass: 5769K(5888K)->5769K(5888K) Class: 533K(640K)->533K(640K)
[2.145s][info][gc             ] GC(65) Pause Young (Allocation Failure) 339M->339M(407M) 24.701ms
[2.145s][info][gc,cpu         ] GC(65) User=0.12s Sys=0.00s Real=0.03s
[2.223s][info][gc,start       ] GC(66) Pause Young (Allocation Failure)
[2.245s][info][gc,heap        ] GC(66) PSYoungGen: 30848K(47616K)->30848K(44544K) Eden: 12800K(12800K)->0K(11264K) From: 18048K(34816K)->30848K(33280K)
[2.245s][info][gc,heap        ] GC(66) ParOldGen: 346397K(369152K)->346397K(369152K)
[2.245s][info][gc,metaspace   ] GC(66) Metaspace: 6303K(6528K)->6303K(6528K) NonClass: 5769K(5888K)->5769K(5888K) Class: 533K(640K)->533K(640K)
[2.245s][info][gc             ] GC(66) Pause Young (Allocation Failure) 368M->368M(404M) 21.331ms
[2.245s][info][gc,cpu         ] GC(66) User=0.16s Sys=0.00s Real=0.02s
[2.256s][info][gc,start       ] GC(67) Pause Young (Allocation Failure)
[2.276s][info][gc,heap        ] GC(67) PSYoungGen: 42112K(44544K)->36352K(47616K) Eden: 11264K(11264K)->0K(11264K) From: 30848K(33280K)->36352K(36352K)
[2.276s][info][gc,heap        ] GC(67) ParOldGen: 346397K(369152K)->352141K(369152K)
[2.276s][info][gc,metaspace   ] GC(67) Metaspace: 6303K(6528K)->6303K(6528K) NonClass: 5769K(5888K)->5769K(5888K) Class: 533K(640K)->533K(640K)
[2.276s][info][gc             ] GC(67) Pause Young (Allocation Failure) 379M->379M(407M) 19.796ms
[2.276s][info][gc,cpu         ] GC(67) User=0.11s Sys=0.00s Real=0.02s
[2.288s][info][gc,start       ] GC(68) Pause Young (Allocation Failure)
[2.311s][info][gc,heap        ] GC(68) PSYoungGen: 47616K(47616K)->31648K(53760K) Eden: 11264K(11264K)->0K(11264K) From: 36352K(36352K)->31648K(42496K)
[2.311s][info][gc,heap        ] GC(68) ParOldGen: 352141K(369152K)->368413K(369152K)
[2.311s][info][gc,metaspace   ] GC(68) Metaspace: 6303K(6528K)->6303K(6528K) NonClass: 5769K(5888K)->5769K(5888K) Class: 533K(640K)->533K(640K)
[2.311s][info][gc             ] GC(68) Pause Young (Allocation Failure) 390M->390M(413M) 22.924ms
[2.311s][info][gc,cpu         ] GC(68) User=0.12s Sys=0.00s Real=0.02s
[2.311s][info][gc,start       ] GC(69) Pause Full (Ergonomics)
[2.311s][info][gc,phases,start] GC(69) Marking Phase
[2.393s][info][gc,phases      ] GC(69) Marking Phase 81.985ms
[2.393s][info][gc,phases,start] GC(69) Summary Phase
[2.393s][info][gc,phases      ] GC(69) Summary Phase 0.026ms
[2.393s][info][gc,phases,start] GC(69) Adjust Roots
[2.393s][info][gc,phases      ] GC(69) Adjust Roots 0.268ms
[2.393s][info][gc,phases,start] GC(69) Compaction Phase
[2.465s][info][gc,phases      ] GC(69) Compaction Phase 72.076ms
[2.465s][info][gc,phases,start] GC(69) Post Compact
[2.468s][info][gc,phases      ] GC(69) Post Compact 2.414ms
[2.468s][info][gc,heap        ] GC(69) PSYoungGen: 31648K(53760K)->22244K(53760K) Eden: 0K(11264K)->0K(11264K) From: 31648K(42496K)->22244K(42496K)
[2.468s][info][gc,heap        ] GC(69) ParOldGen: 368413K(369152K)->368959K(418304K)
[2.468s][info][gc,metaspace   ] GC(69) Metaspace: 6303K(6528K)->6303K(6528K) NonClass: 5769K(5888K)->5769K(5888K) Class: 533K(640K)->533K(640K)
[2.468s][info][gc             ] GC(69) Pause Full (Ergonomics) 390M->382M(461M) 157.410ms
[2.468s][info][gc,cpu         ] GC(69) User=1.00s Sys=0.00s Real=0.16s
[2.480s][info][gc,start       ] GC(70) Pause Young (Allocation Failure)
[2.510s][info][gc,heap        ] GC(70) PSYoungGen: 33508K(53760K)->27264K(55296K) Eden: 11264K(11264K)->0K(11264K) From: 22244K(42496K)->27264K(44032K)
[2.510s][info][gc,heap        ] GC(70) ParOldGen: 368959K(418304K)->375447K(418304K)
[2.510s][info][gc,metaspace   ] GC(70) Metaspace: 6303K(6528K)->6303K(6528K) NonClass: 5769K(5888K)->5769K(5888K) Class: 533K(640K)->533K(640K)
[2.510s][info][gc             ] GC(70) Pause Young (Allocation Failure) 393M->393M(462M) 29.772ms
[2.510s][info][gc,cpu         ] GC(70) User=0.12s Sys=0.00s Real=0.03s
[2.525s][info][gc,start       ] GC(71) Pause Young (Allocation Failure)
[2.544s][info][gc,heap        ] GC(71) PSYoungGen: 38528K(55296K)->38560K(53248K) Eden: 11264K(11264K)->0K(9728K) From: 27264K(44032K)->38560K(43520K)
[2.544s][info][gc,heap        ] GC(71) ParOldGen: 375447K(418304K)->375447K(418304K)
[2.544s][info][gc,metaspace   ] GC(71) Metaspace: 6303K(6528K)->6303K(6528K) NonClass: 5769K(5888K)->5769K(5888K) Class: 533K(640K)->533K(640K)
[2.544s][info][gc             ] GC(71) Pause Young (Allocation Failure) 404M->404M(460M) 18.582ms
[2.544s][info][gc,cpu         ] GC(71) User=0.11s Sys=0.02s Real=0.02s
[2.554s][info][gc,start       ] GC(72) Pause Young (Allocation Failure)
[2.575s][info][gc,heap        ] GC(72) PSYoungGen: 48288K(53248K)->40384K(56320K) Eden: 9728K(9728K)->0K(9728K) From: 38560K(43520K)->40384K(46592K)
[2.576s][info][gc,heap        ] GC(72) ParOldGen: 375447K(418304K)->383463K(418304K)
[2.576s][info][gc,metaspace   ] GC(72) Metaspace: 6303K(6528K)->6303K(6528K) NonClass: 5769K(5888K)->5769K(5888K) Class: 533K(640K)->533K(640K)
[2.576s][info][gc             ] GC(72) Pause Young (Allocation Failure) 413M->413M(463M) 21.654ms
[2.576s][info][gc,cpu         ] GC(72) User=0.12s Sys=0.00s Real=0.02s
[2.586s][info][gc,start       ] GC(73) Pause Young (Allocation Failure)
[2.608s][info][gc,heap        ] GC(73) PSYoungGen: 50112K(56320K)->42080K(58368K) Eden: 9728K(9728K)->0K(8192K) From: 40384K(46592K)->42080K(50176K)
[2.608s][info][gc,heap        ] GC(73) ParOldGen: 383463K(418304K)->391583K(418304K)
[2.608s][info][gc,metaspace   ] GC(73) Metaspace: 6303K(6528K)->6303K(6528K) NonClass: 5769K(5888K)->5769K(5888K) Class: 533K(640K)->533K(640K)
[2.608s][info][gc             ] GC(73) Pause Young (Allocation Failure) 423M->423M(465M) 22.803ms
[2.609s][info][gc,cpu         ] GC(73) User=0.09s Sys=0.03s Real=0.02s
[2.617s][info][gc,start       ] GC(74) Pause Young (Allocation Failure)
[2.640s][info][gc,heap        ] GC(74) PSYoungGen: 50272K(58368K)->27712K(36352K) Eden: 8192K(8192K)->0K(8192K) From: 42080K(50176K)->27712K(28160K)
[2.640s][info][gc,heap        ] GC(74) ParOldGen: 391583K(418304K)->414367K(418304K)
[2.640s][info][gc,metaspace   ] GC(74) Metaspace: 6303K(6528K)->6303K(6528K) NonClass: 5769K(5888K)->5769K(5888K) Class: 533K(640K)->533K(640K)
[2.640s][info][gc             ] GC(74) Pause Young (Allocation Failure) 431M->431M(444M) 23.120ms
[2.640s][info][gc,cpu         ] GC(74) User=0.12s Sys=0.00s Real=0.02s
[2.640s][info][gc,start       ] GC(75) Pause Full (Ergonomics)
[2.640s][info][gc,phases,start] GC(75) Marking Phase
[2.731s][info][gc,phases      ] GC(75) Marking Phase 90.713ms
[2.731s][info][gc,phases,start] GC(75) Summary Phase
[2.731s][info][gc,phases      ] GC(75) Summary Phase 0.028ms
[2.731s][info][gc,phases,start] GC(75) Adjust Roots
[2.731s][info][gc,phases      ] GC(75) Adjust Roots 0.254ms
[2.731s][info][gc,phases,start] GC(75) Compaction Phase
[2.781s][info][gc,phases      ] GC(75) Compaction Phase 49.452ms
[2.781s][info][gc,phases,start] GC(75) Post Compact
[2.783s][info][gc,phases      ] GC(75) Post Compact 2.613ms
[2.784s][info][gc,heap        ] GC(75) PSYoungGen: 27712K(36352K)->22958K(36352K) Eden: 0K(8192K)->0K(8192K) From: 27712K(28160K)->22958K(28160K)
[2.784s][info][gc,heap        ] GC(75) ParOldGen: 414367K(418304K)->418263K(473600K)
[2.784s][info][gc,metaspace   ] GC(75) Metaspace: 6303K(6528K)->6303K(6528K) NonClass: 5769K(5888K)->5769K(5888K) Class: 533K(640K)->533K(640K)
[2.784s][info][gc             ] GC(75) Pause Full (Ergonomics) 431M->430M(498M) 143.650ms
[2.784s][info][gc,cpu         ] GC(75) User=0.92s Sys=0.00s Real=0.14s
[2.793s][info][gc,start       ] GC(76) Pause Young (Allocation Failure)
[2.824s][info][gc,heap        ] GC(76) PSYoungGen: 31150K(36352K)->15296K(60928K) Eden: 8192K(8192K)->0K(9728K) From: 22958K(28160K)->15296K(51200K)
[2.824s][info][gc,heap        ] GC(76) ParOldGen: 418263K(473600K)->434495K(473600K)
[2.824s][info][gc,metaspace   ] GC(76) Metaspace: 6303K(6528K)->6303K(6528K) NonClass: 5769K(5888K)->5769K(5888K) Class: 533K(640K)->533K(640K)
[2.824s][info][gc             ] GC(76) Pause Young (Allocation Failure) 438M->439M(522M) 31.033ms
[2.824s][info][gc,cpu         ] GC(76) User=0.12s Sys=0.00s Real=0.03s
[2.836s][info][gc,start       ] GC(77) Pause Young (Allocation Failure)
[2.849s][info][gc,heap        ] GC(77) PSYoungGen: 25024K(60928K)->18016K(60928K) Eden: 9728K(9728K)->0K(9728K) From: 15296K(51200K)->18016K(51200K)
[2.849s][info][gc,heap        ] GC(77) ParOldGen: 434495K(473600K)->441615K(473600K)
[2.849s][info][gc,metaspace   ] GC(77) Metaspace: 6303K(6528K)->6303K(6528K) NonClass: 5769K(5888K)->5769K(5888K) Class: 533K(640K)->533K(640K)
[2.849s][info][gc             ] GC(77) Pause Young (Allocation Failure) 448M->448M(522M) 13.664ms
[2.849s][info][gc,cpu         ] GC(77) User=0.00s Sys=0.00s Real=0.01s
[2.861s][info][gc,start       ] GC(78) Pause Young (Allocation Failure)
[2.876s][info][gc,heap        ] GC(78) PSYoungGen: 27744K(60928K)->19584K(59392K) Eden: 9728K(9728K)->0K(11264K) From: 18016K(51200K)->19584K(48128K)
[2.876s][info][gc,heap        ] GC(78) ParOldGen: 441615K(473600K)->449919K(473600K)
[2.876s][info][gc,metaspace   ] GC(78) Metaspace: 6303K(6528K)->6303K(6528K) NonClass: 5769K(5888K)->5769K(5888K) Class: 533K(640K)->533K(640K)
[2.876s][info][gc             ] GC(78) Pause Young (Allocation Failure) 458M->458M(520M) 14.450ms
[2.876s][info][gc,cpu         ] GC(78) User=0.03s Sys=0.00s Real=0.02s
[2.889s][info][gc,start       ] GC(79) Pause Young (Allocation Failure)
[2.906s][info][gc,heap        ] GC(79) PSYoungGen: 30848K(59392K)->11360K(60416K) Eden: 11264K(11264K)->0K(11264K) From: 19584K(48128K)->11360K(49152K)
[2.906s][info][gc,heap        ] GC(79) ParOldGen: 449919K(473600K)->469631K(473600K)
[2.906s][info][gc,metaspace   ] GC(79) Metaspace: 6303K(6528K)->6303K(6528K) NonClass: 5769K(5888K)->5769K(5888K) Class: 533K(640K)->533K(640K)
[2.907s][info][gc             ] GC(79) Pause Young (Allocation Failure) 469M->469M(521M) 17.488ms
[2.907s][info][gc,cpu         ] GC(79) User=0.08s Sys=0.00s Real=0.02s
[2.907s][info][gc,start       ] GC(80) Pause Full (Ergonomics)
[2.907s][info][gc,phases,start] GC(80) Marking Phase
[3.016s][info][gc,phases      ] GC(80) Marking Phase 109.037ms
[3.016s][info][gc,phases,start] GC(80) Summary Phase
[3.016s][info][gc,phases      ] GC(80) Summary Phase 0.026ms
[3.016s][info][gc,phases,start] GC(80) Adjust Roots
[3.016s][info][gc,phases      ] GC(80) Adjust Roots 0.244ms
[3.016s][info][gc,phases,start] GC(80) Compaction Phase
[3.064s][info][gc,phases      ] GC(80) Compaction Phase 47.464ms
[3.064s][info][gc,phases,start] GC(80) Post Compact
[3.067s][info][gc,phases      ] GC(80) Post Compact 3.045ms
[3.067s][info][gc,heap        ] GC(80) PSYoungGen: 11360K(60416K)->6635K(60416K) Eden: 0K(11264K)->0K(11264K) From: 11360K(49152K)->6635K(49152K)
[3.067s][info][gc,heap        ] GC(80) ParOldGen: 469631K(473600K)->473382K(535040K)
[3.067s][info][gc,metaspace   ] GC(80) Metaspace: 6303K(6528K)->6303K(6528K) NonClass: 5769K(5888K)->5769K(5888K) Class: 533K(640K)->533K(640K)
[3.067s][info][gc             ] GC(80) Pause Full (Ergonomics) 469M->468M(581M) 160.540ms
[3.067s][info][gc,cpu         ] GC(80) User=1.00s Sys=0.02s Real=0.16s
[3.082s][info][gc,start       ] GC(81) Pause Young (Allocation Failure)
[3.110s][info][gc,heap        ] GC(81) PSYoungGen: 17899K(60416K)->11392K(60928K) Eden: 11264K(11264K)->0K(12800K) From: 6635K(49152K)->11392K(48128K)
[3.110s][info][gc,heap        ] GC(81) ParOldGen: 473382K(535040K)->480142K(535040K)
[3.110s][info][gc,metaspace   ] GC(81) Metaspace: 6303K(6528K)->6303K(6528K) NonClass: 5769K(5888K)->5769K(5888K) Class: 533K(640K)->533K(640K)
[3.110s][info][gc             ] GC(81) Pause Young (Allocation Failure) 479M->480M(582M) 28.081ms
[3.110s][info][gc,cpu         ] GC(81) User=0.14s Sys=0.00s Real=0.03s
[3.124s][info][gc,start       ] GC(82) Pause Young (Allocation Failure)
[3.137s][info][gc,heap        ] GC(82) PSYoungGen: 24192K(60928K)->24192K(37376K) Eden: 12800K(12800K)->0K(12800K) From: 11392K(48128K)->24192K(24576K)
[3.137s][info][gc,heap        ] GC(82) ParOldGen: 480142K(535040K)->480142K(535040K)
[3.137s][info][gc,metaspace   ] GC(82) Metaspace: 6303K(6528K)->6303K(6528K) NonClass: 5769K(5888K)->5769K(5888K) Class: 533K(640K)->533K(640K)
[3.137s][info][gc             ] GC(82) Pause Young (Allocation Failure) 492M->492M(559M) 13.183ms
[3.137s][info][gc,cpu         ] GC(82) User=0.02s Sys=0.00s Real=0.01s
[3.151s][info][gc,start       ] GC(83) Pause Young (Allocation Failure)
[3.169s][info][gc,heap        ] GC(83) PSYoungGen: 36992K(37376K)->36992K(57856K) Eden: 12800K(12800K)->0K(11264K) From: 24192K(24576K)->36992K(46592K)
[3.169s][info][gc,heap        ] GC(83) ParOldGen: 480142K(535040K)->480142K(535040K)
[3.169s][info][gc,metaspace   ] GC(83) Metaspace: 6303K(6528K)->6303K(6528K) NonClass: 5769K(5888K)->5769K(5888K) Class: 533K(640K)->533K(640K)
[3.169s][info][gc             ] GC(83) Pause Young (Allocation Failure) 505M->505M(579M) 18.022ms
[3.169s][info][gc,cpu         ] GC(83) User=0.12s Sys=0.00s Real=0.02s
[3.181s][info][gc,start       ] GC(84) Pause Young (Allocation Failure)
[3.204s][info][gc,heap        ] GC(84) PSYoungGen: 48256K(57856K)->36960K(60928K) Eden: 11264K(11264K)->0K(11264K) From: 36992K(46592K)->36960K(49664K)
[3.204s][info][gc,heap        ] GC(84) ParOldGen: 480142K(535040K)->491566K(535040K)
[3.204s][info][gc,metaspace   ] GC(84) Metaspace: 6303K(6528K)->6303K(6528K) NonClass: 5769K(5888K)->5769K(5888K) Class: 533K(640K)->533K(640K)
[3.204s][info][gc             ] GC(84) Pause Young (Allocation Failure) 516M->516M(582M) 22.934ms
[3.204s][info][gc,cpu         ] GC(84) User=0.06s Sys=0.06s Real=0.02s
[3.217s][info][gc,start       ] GC(85) Pause Young (Allocation Failure)
[3.240s][info][gc,heap        ] GC(85) PSYoungGen: 48224K(60928K)->35456K(63488K) Eden: 11264K(11264K)->0K(11776K) From: 36960K(49664K)->35456K(51712K)
[3.240s][info][gc,heap        ] GC(85) ParOldGen: 491566K(535040K)->504534K(535040K)
[3.240s][info][gc,metaspace   ] GC(85) Metaspace: 6303K(6528K)->6303K(6528K) NonClass: 5769K(5888K)->5769K(5888K) Class: 533K(640K)->533K(640K)
[3.240s][info][gc             ] GC(85) Pause Young (Allocation Failure) 527M->527M(584M) 23.246ms
[3.240s][info][gc,cpu         ] GC(85) User=0.14s Sys=0.00s Real=0.02s
[3.255s][info][gc,start       ] GC(86) Pause Young (Allocation Failure)
[3.278s][info][gc,heap        ] GC(86) PSYoungGen: 47232K(63488K)->23136K(35328K) Eden: 11776K(11776K)->0K(11776K) From: 35456K(51712K)->23136K(23552K)
[3.278s][info][gc,heap        ] GC(86) ParOldGen: 504534K(535040K)->528902K(535040K)
[3.278s][info][gc,metaspace   ] GC(86) Metaspace: 6303K(6528K)->6303K(6528K) NonClass: 5769K(5888K)->5769K(5888K) Class: 533K(640K)->533K(640K)
[3.278s][info][gc             ] GC(86) Pause Young (Allocation Failure) 538M->539M(557M) 23.577ms
[3.278s][info][gc,cpu         ] GC(86) User=0.08s Sys=0.08s Real=0.02s
[3.278s][info][gc,start       ] GC(87) Pause Full (Ergonomics)
[3.278s][info][gc,phases,start] GC(87) Marking Phase
[3.398s][info][gc,phases      ] GC(87) Marking Phase 120.066ms
[3.398s][info][gc,phases,start] GC(87) Summary Phase
[3.398s][info][gc,phases      ] GC(87) Summary Phase 0.032ms
[3.398s][info][gc,phases,start] GC(87) Adjust Roots
[3.399s][info][gc,phases      ] GC(87) Adjust Roots 0.207ms
[3.399s][info][gc,phases,start] GC(87) Compaction Phase
[3.455s][info][gc,phases      ] GC(87) Compaction Phase 56.024ms
[3.455s][info][gc,phases,start] GC(87) Post Compact
[3.456s][info][gc,phases      ] GC(87) Post Compact 1.178ms
[3.456s][info][gc,heap        ] GC(87) PSYoungGen: 23136K(35328K)->16335K(35328K) Eden: 0K(11776K)->0K(11776K) From: 23136K(23552K)->16335K(23552K)
[3.456s][info][gc,heap        ] GC(87) ParOldGen: 528902K(535040K)->534665K(603136K)
[3.456s][info][gc,metaspace   ] GC(87) Metaspace: 6303K(6528K)->6303K(6528K) NonClass: 5769K(5888K)->5769K(5888K) Class: 533K(640K)->533K(640K)
[3.456s][info][gc             ] GC(87) Pause Full (Ergonomics) 539M->538M(623M) 178.161ms
[3.456s][info][gc,cpu         ] GC(87) User=1.16s Sys=0.02s Real=0.18s
[3.473s][info][gc,start       ] GC(88) Pause Young (Allocation Failure)
[3.508s][info][gc,heap        ] GC(88) PSYoungGen: 28111K(35328K)->11936K(64000K) Eden: 11776K(11776K)->0K(13312K) From: 16335K(23552K)->11936K(50688K)
[3.508s][info][gc,heap        ] GC(88) ParOldGen: 534665K(603136K)->551273K(603136K)
[3.508s][info][gc,metaspace   ] GC(88) Metaspace: 6303K(6528K)->6303K(6528K) NonClass: 5769K(5888K)->5769K(5888K) Class: 533K(640K)->533K(640K)
[3.508s][info][gc             ] GC(88) Pause Young (Allocation Failure) 549M->550M(651M) 35.108ms
[3.508s][info][gc,cpu         ] GC(88) User=0.14s Sys=0.02s Real=0.03s
[3.524s][info][gc,start       ] GC(89) Pause Young (Allocation Failure)
[3.538s][info][gc,heap        ] GC(89) PSYoungGen: 25248K(64000K)->13440K(64000K) Eden: 13312K(13312K)->0K(13312K) From: 11936K(50688K)->13440K(50688K)
[3.538s][info][gc,heap        ] GC(89) ParOldGen: 551273K(603136K)->563209K(603136K)
[3.538s][info][gc,metaspace   ] GC(89) Metaspace: 6303K(6528K)->6303K(6528K) NonClass: 5769K(5888K)->5769K(5888K) Class: 533K(640K)->533K(640K)
[3.538s][info][gc             ] GC(89) Pause Young (Allocation Failure) 563M->563M(651M) 14.635ms
[3.538s][info][gc,cpu         ] GC(89) User=0.00s Sys=0.02s Real=0.01s
[3.554s][info][gc,start       ] GC(90) Pause Young (Allocation Failure)
[3.570s][info][gc,heap        ] GC(90) PSYoungGen: 26752K(64000K)->13440K(62976K) Eden: 13312K(13312K)->0K(14848K) From: 13440K(50688K)->13440K(48128K)
[3.570s][info][gc,heap        ] GC(90) ParOldGen: 563209K(603136K)->576705K(603136K)
[3.570s][info][gc,metaspace   ] GC(90) Metaspace: 6303K(6528K)->6303K(6528K) NonClass: 5769K(5888K)->5769K(5888K) Class: 533K(640K)->533K(640K)
[3.570s][info][gc             ] GC(90) Pause Young (Allocation Failure) 576M->576M(650M) 15.303ms
[3.570s][info][gc,cpu         ] GC(90) User=0.02s Sys=0.00s Real=0.02s
[3.588s][info][gc,start       ] GC(91) Pause Young (Allocation Failure)
[3.603s][info][gc,heap        ] GC(91) PSYoungGen: 28288K(62976K)->14944K(64000K) Eden: 14848K(14848K)->0K(14848K) From: 13440K(48128K)->14944K(49152K)
[3.603s][info][gc,heap        ] GC(91) ParOldGen: 576705K(603136K)->590193K(603136K)
[3.603s][info][gc,metaspace   ] GC(91) Metaspace: 6303K(6528K)->6303K(6528K) NonClass: 5769K(5888K)->5769K(5888K) Class: 533K(640K)->533K(640K)
[3.603s][info][gc             ] GC(91) Pause Young (Allocation Failure) 590M->590M(651M) 15.785ms
[3.603s][info][gc,cpu         ] GC(91) User=0.02s Sys=0.00s Real=0.02s
[3.604s][info][gc,start       ] GC(92) Pause Full (Ergonomics)
[3.604s][info][gc,phases,start] GC(92) Marking Phase
[3.741s][info][gc,phases      ] GC(92) Marking Phase 137.415ms
[3.741s][info][gc,phases,start] GC(92) Summary Phase
[3.741s][info][gc,phases      ] GC(92) Summary Phase 0.044ms
[3.741s][info][gc,phases,start] GC(92) Adjust Roots
[3.741s][info][gc,phases      ] GC(92) Adjust Roots 0.273ms
[3.741s][info][gc,phases,start] GC(92) Compaction Phase
[3.798s][info][gc,phases      ] GC(92) Compaction Phase 56.826ms
[3.798s][info][gc,phases,start] GC(92) Post Compact
[3.799s][info][gc,phases      ] GC(92) Post Compact 0.979ms
[3.800s][info][gc,heap        ] GC(92) PSYoungGen: 14944K(64000K)->1019K(64000K) Eden: 0K(14848K)->0K(14848K) From: 14944K(49152K)->1019K(49152K)
[3.800s][info][gc,heap        ] GC(92) ParOldGen: 590193K(603136K)->603104K(675328K)
[3.800s][info][gc,metaspace   ] GC(92) Metaspace: 6303K(6528K)->6303K(6528K) NonClass: 5769K(5888K)->5769K(5888K) Class: 533K(640K)->533K(640K)
[3.800s][info][gc             ] GC(92) Pause Full (Ergonomics) 590M->589M(722M) 196.124ms
[3.800s][info][gc,cpu         ] GC(92) User=1.38s Sys=0.00s Real=0.20s
[3.817s][info][gc,start       ] GC(93) Pause Young (Allocation Failure)
[3.852s][info][gc,heap        ] GC(93) PSYoungGen: 15867K(64000K)->14976K(61440K) Eden: 14848K(14848K)->0K(16384K) From: 1019K(49152K)->14976K(45056K)
[3.852s][info][gc,heap        ] GC(93) ParOldGen: 603104K(675328K)->604176K(675328K)
[3.852s][info][gc,metaspace   ] GC(93) Metaspace: 6303K(6528K)->6303K(6528K) NonClass: 5769K(5888K)->5769K(5888K) Class: 533K(640K)->533K(640K)
[3.852s][info][gc             ] GC(93) Pause Young (Allocation Failure) 604M->604M(719M) 34.566ms
[3.852s][info][gc,cpu         ] GC(93) User=0.16s Sys=0.00s Real=0.03s
[3.873s][info][gc,start       ] GC(94) Pause Young (Allocation Failure)
[3.891s][info][gc,heap        ] GC(94) PSYoungGen: 31360K(61440K)->31392K(62976K) Eden: 16384K(16384K)->0K(16384K) From: 14976K(45056K)->31392K(46592K)
[3.891s][info][gc,heap        ] GC(94) ParOldGen: 604176K(675328K)->604176K(675328K)
[3.891s][info][gc,metaspace   ] GC(94) Metaspace: 6303K(6528K)->6303K(6528K) NonClass: 5769K(5888K)->5769K(5888K) Class: 533K(640K)->533K(640K)
[3.891s][info][gc             ] GC(94) Pause Young (Allocation Failure) 620M->620M(721M) 17.844ms
[3.891s][info][gc,cpu         ] GC(94) User=0.12s Sys=0.00s Real=0.02s
[3.911s][info][gc,start       ] GC(95) Pause Young (Allocation Failure)
[3.936s][info][gc,heap        ] GC(95) PSYoungGen: 47776K(62976K)->47616K(58880K) Eden: 16384K(16384K)->0K(11264K) From: 31392K(46592K)->47616K(47616K)
[3.936s][info][gc,heap        ] GC(95) ParOldGen: 604176K(675328K)->604280K(675328K)
[3.936s][info][gc,metaspace   ] GC(95) Metaspace: 6303K(6528K)->6303K(6528K) NonClass: 5769K(5888K)->5769K(5888K) Class: 533K(640K)->533K(640K)
[3.936s][info][gc             ] GC(95) Pause Young (Allocation Failure) 636M->636M(717M) 25.313ms
[3.936s][info][gc,cpu         ] GC(95) User=0.22s Sys=0.00s Real=0.03s
[3.948s][info][gc,start       ] GC(96) Pause Young (Allocation Failure)
[3.978s][info][gc,heap        ] GC(96) PSYoungGen: 58880K(58880K)->27712K(39424K) Eden: 11264K(11264K)->0K(11264K) From: 47616K(47616K)->27712K(28160K)
[3.978s][info][gc,heap        ] GC(96) ParOldGen: 604280K(675328K)->635896K(675328K)
[3.978s][info][gc,metaspace   ] GC(96) Metaspace: 6303K(6528K)->6303K(6528K) NonClass: 5769K(5888K)->5769K(5888K) Class: 533K(640K)->533K(640K)
[3.978s][info][gc             ] GC(96) Pause Young (Allocation Failure) 647M->648M(698M) 29.560ms
[3.978s][info][gc,cpu         ] GC(96) User=0.14s Sys=0.00s Real=0.03s
[3.992s][info][gc,start       ] GC(97) Pause Young (Allocation Failure)
[4.013s][info][gc,heap        ] GC(97) PSYoungGen: 38976K(39424K)->22624K(61440K) Eden: 11264K(11264K)->0K(12800K) From: 27712K(28160K)->22624K(48640K)
[4.013s][info][gc,heap        ] GC(97) ParOldGen: 635896K(675328K)->652424K(675328K)
[4.013s][info][gc,metaspace   ] GC(97) Metaspace: 6303K(6528K)->6303K(6528K) NonClass: 5769K(5888K)->5769K(5888K) Class: 533K(640K)->533K(640K)
[4.013s][info][gc             ] GC(97) Pause Young (Allocation Failure) 659M->659M(719M) 20.981ms
[4.013s][info][gc,cpu         ] GC(97) User=0.11s Sys=0.02s Real=0.02s
[4.013s][info][gc,start       ] GC(98) Pause Full (Ergonomics)
[4.013s][info][gc,phases,start] GC(98) Marking Phase
[4.164s][info][gc,phases      ] GC(98) Marking Phase 151.555ms
[4.164s][info][gc,phases,start] GC(98) Summary Phase
[4.164s][info][gc,phases      ] GC(98) Summary Phase 0.033ms
[4.164s][info][gc,phases,start] GC(98) Adjust Roots
[4.165s][info][gc,phases      ] GC(98) Adjust Roots 0.172ms
[4.165s][info][gc,phases,start] GC(98) Compaction Phase
[4.220s][info][gc,phases      ] GC(98) Compaction Phase 55.056ms
[4.220s][info][gc,phases,start] GC(98) Post Compact
[4.221s][info][gc,phases      ] GC(98) Post Compact 1.222ms
[4.221s][info][gc,heap        ] GC(98) PSYoungGen: 22624K(61440K)->0K(63488K) Eden: 0K(12800K)->0K(12800K) From: 22624K(48640K)->0K(50688K)
[4.221s][info][gc,heap        ] GC(98) ParOldGen: 652424K(675328K)->674116K(757760K)
[4.221s][info][gc,metaspace   ] GC(98) Metaspace: 6303K(6528K)->6303K(6528K) NonClass: 5769K(5888K)->5769K(5888K) Class: 533K(640K)->533K(640K)
[4.221s][info][gc             ] GC(98) Pause Full (Ergonomics) 659M->658M(802M) 208.729ms
[4.221s][info][gc,cpu         ] GC(98) User=1.47s Sys=0.02s Real=0.21s
[4.237s][info][gc,start       ] GC(99) Pause Young (Allocation Failure)
[4.246s][info][gc,heap        ] GC(99) PSYoungGen: 12800K(63488K)->12928K(64000K) Eden: 12800K(12800K)->0K(14336K) From: 0K(50688K)->12928K(49664K)
[4.246s][info][gc,heap        ] GC(99) ParOldGen: 674116K(757760K)->674116K(757760K)
[4.246s][info][gc,metaspace   ] GC(99) Metaspace: 6303K(6528K)->6303K(6528K) NonClass: 5769K(5888K)->5769K(5888K) Class: 533K(640K)->533K(640K)
[4.246s][info][gc             ] GC(99) Pause Young (Allocation Failure) 670M->670M(802M) 8.779ms
[4.246s][info][gc,cpu         ] GC(99) User=0.02s Sys=0.00s Real=0.01s
[4.266s][info][gc,start       ] GC(100) Pause Young (Allocation Failure)
[4.282s][info][gc,heap        ] GC(100) PSYoungGen: 27264K(64000K)->27264K(64512K) Eden: 14336K(14336K)->0K(14336K) From: 12928K(49664K)->27264K(50176K)
[4.282s][info][gc,heap        ] GC(100) ParOldGen: 674116K(757760K)->674116K(757760K)
[4.282s][info][gc,metaspace   ] GC(100) Metaspace: 6303K(6528K)->6303K(6528K) NonClass: 5769K(5888K)->5769K(5888K) Class: 533K(640K)->533K(640K)
[4.282s][info][gc             ] GC(100) Pause Young (Allocation Failure) 684M->684M(803M) 16.650ms
[4.282s][info][gc,cpu         ] GC(100) User=0.02s Sys=0.00s Real=0.02s
[4.437s][info][gc,start       ] GC(101) Pause Young (Allocation Failure)
[4.472s][info][gc,heap        ] GC(101) PSYoungGen: 41600K(64512K)->41568K(60416K) Eden: 14336K(14336K)->0K(11776K) From: 27264K(50176K)->41568K(48640K)
[4.472s][info][gc,heap        ] GC(101) ParOldGen: 706884K(757760K)->706884K(757760K)
[4.472s][info][gc,metaspace   ] GC(101) Metaspace: 6303K(6528K)->6303K(6528K) NonClass: 5769K(5888K)->5769K(5888K) Class: 533K(640K)->533K(640K)
[4.472s][info][gc             ] GC(101) Pause Young (Allocation Failure) 730M->730M(799M) 34.697ms
[4.472s][info][gc,cpu         ] GC(101) User=0.16s Sys=0.00s Real=0.04s
[4.484s][info][gc,start       ] GC(102) Pause Young (Allocation Failure)
[4.509s][info][gc,heap        ] GC(102) PSYoungGen: 53344K(60416K)->52736K(64512K) Eden: 11776K(11776K)->0K(11776K) From: 41568K(48640K)->52736K(52736K)
[4.509s][info][gc,heap        ] GC(102) ParOldGen: 706884K(757760K)->707436K(757760K)
[4.509s][info][gc,metaspace   ] GC(102) Metaspace: 6303K(6528K)->6303K(6528K) NonClass: 5769K(5888K)->5769K(5888K) Class: 533K(640K)->533K(640K)
[4.509s][info][gc             ] GC(102) Pause Young (Allocation Failure) 742M->742M(803M) 25.313ms
[4.509s][info][gc,cpu         ] GC(102) User=0.05s Sys=0.00s Real=0.02s
[4.521s][info][gc,start       ] GC(103) Pause Young (Allocation Failure)
[4.552s][info][gc,heap        ] GC(103) PSYoungGen: 64512K(64512K)->52160K(68096K) Eden: 11776K(11776K)->0K(7680K) From: 52736K(52736K)->52160K(60416K)
[4.552s][info][gc,heap        ] GC(103) ParOldGen: 707436K(757760K)->720092K(757760K)
[4.552s][info][gc,metaspace   ] GC(103) Metaspace: 6303K(6528K)->6303K(6528K) NonClass: 5769K(5888K)->5769K(5888K) Class: 533K(640K)->533K(640K)
[4.552s][info][gc             ] GC(103) Pause Young (Allocation Failure) 753M->754M(806M) 30.162ms
[4.552s][info][gc,cpu         ] GC(103) User=0.11s Sys=0.00s Real=0.03s
[4.560s][info][gc,start       ] GC(104) Pause Young (Allocation Failure)
[4.587s][info][gc,heap        ] GC(104) PSYoungGen: 59840K(68096K)->45632K(73728K) Eden: 7680K(7680K)->0K(7680K) From: 52160K(60416K)->45632K(66048K)
[4.587s][info][gc,heap        ] GC(104) ParOldGen: 720092K(757760K)->734452K(757760K)
[4.588s][info][gc,metaspace   ] GC(104) Metaspace: 6303K(6528K)->6303K(6528K) NonClass: 5769K(5888K)->5769K(5888K) Class: 533K(640K)->533K(640K)
[4.588s][info][gc             ] GC(104) Pause Young (Allocation Failure) 761M->761M(812M) 27.927ms
[4.588s][info][gc,cpu         ] GC(104) User=0.12s Sys=0.02s Real=0.03s
[4.588s][info][gc,start       ] GC(105) Pause Full (Ergonomics)
[4.588s][info][gc,phases,start] GC(105) Marking Phase
[4.755s][info][gc,phases      ] GC(105) Marking Phase 167.120ms
[4.755s][info][gc,phases,start] GC(105) Summary Phase
[4.755s][info][gc,phases      ] GC(105) Summary Phase 0.027ms
[4.755s][info][gc,phases,start] GC(105) Adjust Roots
[4.755s][info][gc,phases      ] GC(105) Adjust Roots 0.156ms
[4.755s][info][gc,phases,start] GC(105) Compaction Phase
[4.877s][info][gc,phases      ] GC(105) Compaction Phase 122.431ms
[4.878s][info][gc,phases,start] GC(105) Post Compact
[4.879s][info][gc,phases      ] GC(105) Post Compact 1.641ms
[4.880s][info][gc,heap        ] GC(105) PSYoungGen: 45632K(73728K)->5595K(73728K) Eden: 0K(7680K)->0K(7680K) From: 45632K(66048K)->5595K(66048K)
[4.880s][info][gc,heap        ] GC(105) ParOldGen: 734452K(757760K)->757430K(843776K)
[4.880s][info][gc,metaspace   ] GC(105) Metaspace: 6303K(6528K)->6303K(6528K) NonClass: 5769K(5888K)->5769K(5888K) Class: 533K(640K)->533K(640K)
[4.880s][info][gc             ] GC(105) Pause Full (Ergonomics) 761M->745M(896M) 292.111ms
[4.880s][info][gc,cpu         ] GC(105) User=1.91s Sys=0.00s Real=0.29s
[4.890s][info][gc,start       ] GC(106) Pause Young (Allocation Failure)
[4.928s][info][gc,heap        ] GC(106) PSYoungGen: 13275K(73728K)->10880K(76800K) Eden: 7680K(7680K)->0K(8704K) From: 5595K(66048K)->10880K(68096K)
[4.928s][info][gc,heap        ] GC(106) ParOldGen: 757430K(843776K)->759974K(843776K)
[4.928s][info][gc,metaspace   ] GC(106) Metaspace: 6303K(6528K)->6303K(6528K) NonClass: 5769K(5888K)->5769K(5888K) Class: 533K(640K)->533K(640K)
[4.928s][info][gc             ] GC(106) Pause Young (Allocation Failure) 752M->752M(899M) 38.280ms
[4.928s][info][gc,cpu         ] GC(106) User=0.17s Sys=0.00s Real=0.04s
[4.937s][info][gc,start       ] GC(107) Pause Young (Allocation Failure)
[4.952s][info][gc,heap        ] GC(107) PSYoungGen: 19584K(76800K)->18112K(27136K) Eden: 8704K(8704K)->0K(8704K) From: 10880K(68096K)->18112K(18432K)
[4.952s][info][gc,heap        ] GC(107) ParOldGen: 759974K(843776K)->761486K(843776K)
[4.952s][info][gc,metaspace   ] GC(107) Metaspace: 6303K(6528K)->6303K(6528K) NonClass: 5769K(5888K)->5769K(5888K) Class: 533K(640K)->533K(640K)
[4.952s][info][gc             ] GC(107) Pause Young (Allocation Failure) 761M->761M(850M) 14.654ms
[4.952s][info][gc,cpu         ] GC(107) User=0.00s Sys=0.00s Real=0.02s
[4.961s][info][gc,start       ] GC(108) Pause Young (Allocation Failure)
[4.977s][info][gc,heap        ] GC(108) PSYoungGen: 26816K(27136K)->25152K(71168K) Eden: 8704K(8704K)->0K(10240K) From: 18112K(18432K)->25152K(60928K)
[4.977s][info][gc,heap        ] GC(108) ParOldGen: 761486K(843776K)->763206K(843776K)
[4.977s][info][gc,metaspace   ] GC(108) Metaspace: 6303K(6528K)->6303K(6528K) NonClass: 5769K(5888K)->5769K(5888K) Class: 533K(640K)->533K(640K)
[4.977s][info][gc             ] GC(108) Pause Young (Allocation Failure) 769M->769M(893M) 16.347ms
[4.977s][info][gc,cpu         ] GC(108) User=0.02s Sys=0.00s Real=0.02s
[4.988s][info][gc,start       ] GC(109) Pause Young (Allocation Failure)
[5.007s][info][gc,heap        ] GC(109) PSYoungGen: 35392K(71168K)->27776K(38400K) Eden: 10240K(10240K)->0K(10240K) From: 25152K(60928K)->27776K(28160K)
[5.007s][info][gc,heap        ] GC(109) ParOldGen: 763206K(843776K)->770982K(843776K)
[5.007s][info][gc,metaspace   ] GC(109) Metaspace: 6303K(6528K)->6303K(6528K) NonClass: 5769K(5888K)->5769K(5888K) Class: 533K(640K)->533K(640K)
[5.007s][info][gc             ] GC(109) Pause Young (Allocation Failure) 779M->780M(861M) 19.466ms
[5.007s][info][gc,cpu         ] GC(109) User=0.02s Sys=0.00s Real=0.02s
[5.017s][info][gc,start       ] GC(110) Pause Young (Allocation Failure)
[5.038s][info][gc,heap        ] GC(110) PSYoungGen: 38016K(38400K)->20576K(68608K) Eden: 10240K(10240K)->0K(11776K) From: 27776K(28160K)->20576K(56832K)
[5.038s][info][gc,heap        ] GC(110) ParOldGen: 770982K(843776K)->788598K(843776K)
[5.038s][info][gc,metaspace   ] GC(110) Metaspace: 6303K(6528K)->6303K(6528K) NonClass: 5769K(5888K)->5769K(5888K) Class: 533K(640K)->533K(640K)
[5.038s][info][gc             ] GC(110) Pause Young (Allocation Failure) 790M->790M(891M) 20.897ms
[5.038s][info][gc,cpu         ] GC(110) User=0.05s Sys=0.00s Real=0.02s
[5.050s][info][gc,start       ] GC(111) Pause Young (Allocation Failure)
[5.070s][info][gc,heap        ] GC(111) PSYoungGen: 32352K(68608K)->11968K(70144K) Eden: 11776K(11776K)->0K(11776K) From: 20576K(56832K)->11968K(58368K)
[5.070s][info][gc,heap        ] GC(111) ParOldGen: 788598K(843776K)->809326K(843776K)
[5.070s][info][gc,metaspace   ] GC(111) Metaspace: 6303K(6528K)->6303K(6528K) NonClass: 5769K(5888K)->5769K(5888K) Class: 533K(640K)->533K(640K)
[5.070s][info][gc             ] GC(111) Pause Young (Allocation Failure) 801M->802M(892M) 19.425ms
[5.070s][info][gc,cpu         ] GC(111) User=0.03s Sys=0.02s Real=0.02s
[5.082s][info][gc,start       ] GC(112) Pause Young (Allocation Failure)
[5.097s][info][gc,heap        ] GC(112) PSYoungGen: 23744K(70144K)->11936K(70144K) Eden: 11776K(11776K)->0K(13312K) From: 11968K(58368K)->11936K(56832K)
[5.097s][info][gc,heap        ] GC(112) ParOldGen: 809326K(843776K)->821254K(843776K)
[5.097s][info][gc,metaspace   ] GC(112) Metaspace: 6303K(6528K)->6303K(6528K) NonClass: 5769K(5888K)->5769K(5888K) Class: 533K(640K)->533K(640K)
[5.097s][info][gc             ] GC(112) Pause Young (Allocation Failure) 813M->813M(892M) 15.271ms
[5.097s][info][gc,cpu         ] GC(112) User=0.02s Sys=0.03s Real=0.02s
[5.097s][info][gc,start       ] GC(113) Pause Full (Ergonomics)
[5.097s][info][gc,phases,start] GC(113) Marking Phase
[5.284s][info][gc,phases      ] GC(113) Marking Phase 186.298ms
[5.284s][info][gc,phases,start] GC(113) Summary Phase
[5.284s][info][gc,phases      ] GC(113) Summary Phase 0.045ms
[5.284s][info][gc,phases,start] GC(113) Adjust Roots
[5.284s][info][gc,phases      ] GC(113) Adjust Roots 0.267ms
[5.284s][info][gc,phases,start] GC(113) Compaction Phase
[5.371s][info][gc,phases      ] GC(113) Compaction Phase 86.743ms
[5.371s][info][gc,phases,start] GC(113) Post Compact
[5.372s][info][gc,phases      ] GC(113) Post Compact 1.393ms
[5.373s][info][gc,heap        ] GC(113) PSYoungGen: 11936K(70144K)->0K(70656K) Eden: 0K(13312K)->0K(13312K) From: 11936K(56832K)->0K(57344K)
[5.373s][info][gc,heap        ] GC(113) ParOldGen: 821254K(843776K)->831919K(924672K)
[5.373s][info][gc,metaspace   ] GC(113) Metaspace: 6303K(6528K)->6303K(6528K) NonClass: 5769K(5888K)->5769K(5888K) Class: 533K(640K)->533K(640K)
[5.373s][info][gc             ] GC(113) Pause Full (Ergonomics) 813M->812M(972M) 275.380ms
[5.373s][info][gc,cpu         ] GC(113) User=2.00s Sys=0.00s Real=0.28s
[5.389s][info][gc,start       ] GC(114) Pause Young (Allocation Failure)
[5.404s][info][gc,heap        ] GC(114) PSYoungGen: 13312K(70656K)->13408K(68608K) Eden: 13312K(13312K)->0K(14848K) From: 0K(57344K)->13408K(53760K)
[5.404s][info][gc,heap        ] GC(114) ParOldGen: 831919K(924672K)->831919K(924672K)
[5.404s][info][gc,metaspace   ] GC(114) Metaspace: 6303K(6528K)->6303K(6528K) NonClass: 5769K(5888K)->5769K(5888K) Class: 533K(640K)->533K(640K)
[5.404s][info][gc             ] GC(114) Pause Young (Allocation Failure) 825M->825M(970M) 14.753ms
[5.404s][info][gc,cpu         ] GC(114) User=0.00s Sys=0.00s Real=0.01s
[5.420s][info][gc,start       ] GC(115) Pause Young (Allocation Failure)
[5.437s][info][gc,heap        ] GC(115) PSYoungGen: 28256K(68608K)->28288K(70656K) Eden: 14848K(14848K)->0K(14848K) From: 13408K(53760K)->28288K(55808K)
[5.437s][info][gc,heap        ] GC(115) ParOldGen: 831919K(924672K)->831919K(924672K)
[5.437s][info][gc,metaspace   ] GC(115) Metaspace: 6303K(6528K)->6303K(6528K) NonClass: 5769K(5888K)->5769K(5888K) Class: 533K(640K)->533K(640K)
[5.437s][info][gc             ] GC(115) Pause Young (Allocation Failure) 840M->840M(972M) 17.478ms
[5.437s][info][gc,cpu         ] GC(115) User=0.03s Sys=0.00s Real=0.02s
[5.453s][info][gc,start       ] GC(116) Pause Young (Allocation Failure)
[5.475s][info][gc,heap        ] GC(116) PSYoungGen: 43136K(70656K)->29824K(68608K) Eden: 14848K(14848K)->0K(16384K) From: 28288K(55808K)->29824K(52224K)
[5.475s][info][gc,heap        ] GC(116) ParOldGen: 831919K(924672K)->845407K(924672K)
[5.475s][info][gc,metaspace   ] GC(116) Metaspace: 6303K(6528K)->6303K(6528K) NonClass: 5769K(5888K)->5769K(5888K) Class: 533K(640K)->533K(640K)
[5.475s][info][gc             ] GC(116) Pause Young (Allocation Failure) 854M->854M(970M) 22.385ms
[5.475s][info][gc,cpu         ] GC(116) User=0.09s Sys=0.05s Real=0.02s
[5.493s][info][gc,start       ] GC(117) Pause Young (Allocation Failure)
[5.517s][info][gc,heap        ] GC(117) PSYoungGen: 46208K(68608K)->31360K(69632K) Eden: 16384K(16384K)->0K(16384K) From: 29824K(52224K)->31360K(53248K)
[5.517s][info][gc,heap        ] GC(117) ParOldGen: 845407K(924672K)->860455K(924672K)
[5.517s][info][gc,metaspace   ] GC(117) Metaspace: 6303K(6528K)->6303K(6528K) NonClass: 5769K(5888K)->5769K(5888K) Class: 533K(640K)->533K(640K)
[5.517s][info][gc             ] GC(117) Pause Young (Allocation Failure) 870M->870M(971M) 23.848ms
[5.517s][info][gc,cpu         ] GC(117) User=0.12s Sys=0.00s Real=0.02s
[5.535s][info][gc,start       ] GC(118) Pause Young (Allocation Failure)
[5.559s][info][gc,heap        ] GC(118) PSYoungGen: 47744K(69632K)->32960K(71680K) Eden: 16384K(16384K)->0K(18432K) From: 31360K(53248K)->32960K(53248K)
[5.559s][info][gc,heap        ] GC(118) ParOldGen: 860455K(924672K)->875503K(924672K)
[5.559s][info][gc,metaspace   ] GC(118) Metaspace: 6303K(6528K)->6303K(6528K) NonClass: 5769K(5888K)->5769K(5888K) Class: 533K(640K)->533K(640K)
[5.559s][info][gc             ] GC(118) Pause Young (Allocation Failure) 886M->887M(973M) 24.642ms
[5.559s][info][gc,cpu         ] GC(118) User=0.14s Sys=0.00s Real=0.02s
[5.580s][info][gc,start       ] GC(119) Pause Young (Allocation Failure)
[5.606s][info][gc,heap        ] GC(119) PSYoungGen: 51392K(71680K)->34912K(71680K) Eden: 18432K(18432K)->0K(18432K) From: 32960K(53248K)->34912K(53248K)
[5.606s][info][gc,heap        ] GC(119) ParOldGen: 875503K(924672K)->892087K(924672K)
[5.606s][info][gc,metaspace   ] GC(119) Metaspace: 6303K(6528K)->6303K(6528K) NonClass: 5769K(5888K)->5769K(5888K) Class: 533K(640K)->533K(640K)
[5.606s][info][gc             ] GC(119) Pause Young (Allocation Failure) 905M->905M(973M) 26.624ms
[5.606s][info][gc,cpu         ] GC(119) User=0.14s Sys=0.00s Real=0.03s
[5.626s][info][gc,start       ] GC(120) Pause Young (Allocation Failure)
[5.654s][info][gc,heap        ] GC(120) PSYoungGen: 53344K(71680K)->37024K(73728K) Eden: 18432K(18432K)->0K(19968K) From: 34912K(53248K)->37024K(53760K)
[5.654s][info][gc,heap        ] GC(120) ParOldGen: 892087K(924672K)->908687K(924672K)
[5.654s][info][gc,metaspace   ] GC(120) Metaspace: 6303K(6528K)->6303K(6528K) NonClass: 5769K(5888K)->5769K(5888K) Class: 533K(640K)->533K(640K)
[5.654s][info][gc             ] GC(120) Pause Young (Allocation Failure) 923M->923M(975M) 27.666ms
[5.654s][info][gc,cpu         ] GC(120) User=0.14s Sys=0.00s Real=0.03s
[5.654s][info][gc,start       ] GC(121) Pause Full (Ergonomics)
[5.654s][info][gc,phases,start] GC(121) Marking Phase
[5.864s][info][gc,phases      ] GC(121) Marking Phase 209.838ms
[5.864s][info][gc,phases,start] GC(121) Summary Phase
[5.864s][info][gc,phases      ] GC(121) Summary Phase 0.024ms
[5.864s][info][gc,phases,start] GC(121) Adjust Roots
[5.864s][info][gc,phases      ] GC(121) Adjust Roots 0.166ms
[5.864s][info][gc,phases,start] GC(121) Compaction Phase
[5.959s][info][gc,phases      ] GC(121) Compaction Phase 94.997ms
[5.959s][info][gc,phases,start] GC(121) Post Compact
[5.961s][info][gc,phases      ] GC(121) Post Compact 1.746ms
[5.962s][info][gc,heap        ] GC(121) PSYoungGen: 37024K(73728K)->19942K(73728K) Eden: 0K(19968K)->0K(19968K) From: 37024K(53760K)->19942K(53760K)
[5.962s][info][gc,heap        ] GC(121) ParOldGen: 908687K(924672K)->924399K(1025024K)
[5.962s][info][gc,metaspace   ] GC(121) Metaspace: 6303K(6528K)->6303K(6528K) NonClass: 5769K(5888K)->5769K(5888K) Class: 533K(640K)->533K(640K)
[5.962s][info][gc             ] GC(121) Pause Full (Ergonomics) 923M->922M(1073M) 307.580ms
[5.962s][info][gc,cpu         ] GC(121) User=2.14s Sys=0.00s Real=0.31s
[5.985s][info][gc,start       ] GC(122) Pause Young (Allocation Failure)
[6.041s][info][gc,heap        ] GC(122) PSYoungGen: 39910K(73728K)->30528K(74752K) Eden: 19968K(19968K)->0K(19968K) From: 19942K(53760K)->30528K(54784K)
[6.041s][info][gc,heap        ] GC(122) ParOldGen: 924399K(1025024K)->934079K(1025024K)
[6.041s][info][gc,metaspace   ] GC(122) Metaspace: 6303K(6528K)->6303K(6528K) NonClass: 5769K(5888K)->5769K(5888K) Class: 533K(640K)->533K(640K)
[6.041s][info][gc             ] GC(122) Pause Young (Allocation Failure) 941M->941M(1074M) 56.403ms
[6.041s][info][gc,cpu         ] GC(122) User=0.34s Sys=0.00s Real=0.06s
[6.063s][info][gc,start       ] GC(123) Pause Young (Allocation Failure)
[6.092s][info][gc,heap        ] GC(123) PSYoungGen: 50496K(74752K)->50528K(69632K) Eden: 19968K(19968K)->0K(16384K) From: 30528K(54784K)->50528K(53248K)
[6.092s][info][gc,heap        ] GC(123) ParOldGen: 934079K(1025024K)->934079K(1025024K)
[6.092s][info][gc,metaspace   ] GC(123) Metaspace: 6303K(6528K)->6303K(6528K) NonClass: 5769K(5888K)->5769K(5888K) Class: 533K(640K)->533K(640K)
[6.092s][info][gc             ] GC(123) Pause Young (Allocation Failure) 961M->961M(1069M) 28.453ms
[6.092s][info][gc,cpu         ] GC(123) User=0.12s Sys=0.00s Real=0.03s
[6.110s][info][gc,start       ] GC(124) Pause Young (Allocation Failure)
[6.143s][info][gc,heap        ] GC(124) PSYoungGen: 66912K(69632K)->56416K(75264K) Eden: 16384K(16384K)->0K(16384K) From: 50528K(53248K)->56416K(58880K)
[6.143s][info][gc,heap        ] GC(124) ParOldGen: 934079K(1025024K)->944655K(1025024K)
[6.143s][info][gc,metaspace   ] GC(124) Metaspace: 6303K(6528K)->6303K(6528K) NonClass: 5769K(5888K)->5769K(5888K) Class: 533K(640K)->533K(640K)
[6.143s][info][gc             ] GC(124) Pause Young (Allocation Failure) 977M->977M(1074M) 32.972ms
[6.143s][info][gc,cpu         ] GC(124) User=0.16s Sys=0.00s Real=0.03s
[6.162s][info][gc,start       ] GC(125) Pause Young (Allocation Failure)
[6.198s][info][gc,heap        ] GC(125) PSYoungGen: 72800K(75264K)->52832K(79872K) Eden: 16384K(16384K)->0K(14336K) From: 56416K(58880K)->52832K(65536K)
[6.198s][info][gc,heap        ] GC(125) ParOldGen: 944655K(1025024K)->964903K(1025024K)
[6.198s][info][gc,metaspace   ] GC(125) Metaspace: 6303K(6528K)->6303K(6528K) NonClass: 5769K(5888K)->5769K(5888K) Class: 533K(640K)->533K(640K)
[6.198s][info][gc             ] GC(125) Pause Young (Allocation Failure) 993M->993M(1079M) 36.605ms
[6.198s][info][gc,cpu         ] GC(125) User=0.22s Sys=0.03s Real=0.04s
[6.214s][info][gc,start       ] GC(126) Pause Young (Allocation Failure)
[6.247s][info][gc,heap        ] GC(126) PSYoungGen: 67168K(79872K)->47232K(83968K) Eden: 14336K(14336K)->0K(14336K) From: 52832K(65536K)->47232K(69632K)
[6.248s][info][gc,heap        ] GC(126) ParOldGen: 964903K(1025024K)->985135K(1025024K)
[6.248s][info][gc,metaspace   ] GC(126) Metaspace: 6303K(6528K)->6303K(6528K) NonClass: 5769K(5888K)->5769K(5888K) Class: 533K(640K)->533K(640K)
[6.248s][info][gc             ] GC(126) Pause Young (Allocation Failure) 1007M->1008M(1083M) 33.461ms
[6.248s][info][gc,cpu         ] GC(126) User=0.16s Sys=0.00s Real=0.03s
[6.263s][info][gc,start       ] GC(127) Pause Young (Allocation Failure)
[6.295s][info][gc,heap        ] GC(127) PSYoungGen: 61568K(83968K)->28832K(82944K) Eden: 14336K(14336K)->0K(16384K) From: 47232K(69632K)->28832K(66560K)
[6.295s][info][gc,heap        ] GC(127) ParOldGen: 985135K(1025024K)->1018311K(1025024K)
[6.295s][info][gc,metaspace   ] GC(127) Metaspace: 6303K(6528K)->6303K(6528K) NonClass: 5769K(5888K)->5769K(5888K) Class: 533K(640K)->533K(640K)
[6.295s][info][gc             ] GC(127) Pause Young (Allocation Failure) 1022M->1022M(1082M) 31.872ms
[6.295s][info][gc,cpu         ] GC(127) User=0.14s Sys=0.00s Real=0.03s
[6.295s][info][gc,start       ] GC(128) Pause Full (Ergonomics)
[6.295s][info][gc,phases,start] GC(128) Marking Phase
[6.528s][info][gc,phases      ] GC(128) Marking Phase 232.900ms
[6.528s][info][gc,phases,start] GC(128) Summary Phase
[6.528s][info][gc,phases      ] GC(128) Summary Phase 0.029ms
[6.528s][info][gc,phases,start] GC(128) Adjust Roots
[6.528s][info][gc,phases      ] GC(128) Adjust Roots 0.202ms
[6.528s][info][gc,phases,start] GC(128) Compaction Phase
[6.630s][info][gc,phases      ] GC(128) Compaction Phase 101.552ms
[6.630s][info][gc,phases,start] GC(128) Post Compact
[6.632s][info][gc,phases      ] GC(128) Post Compact 1.818ms
[6.632s][info][gc,heap        ] GC(128) PSYoungGen: 28832K(82944K)->20942K(84992K) Eden: 0K(16384K)->0K(18432K) From: 28832K(66560K)->20942K(66560K)
[6.632s][info][gc,heap        ] GC(128) ParOldGen: 1018311K(1025024K)->1024576K(1139200K)
[6.632s][info][gc,metaspace   ] GC(128) Metaspace: 6303K(6528K)->6303K(6528K) NonClass: 5769K(5888K)->5769K(5888K) Class: 533K(640K)->533K(640K)
[6.632s][info][gc             ] GC(128) Pause Full (Ergonomics) 1022M->1021M(1195M) 337.220ms
[6.632s][info][gc,cpu         ] GC(128) User=2.36s Sys=0.03s Real=0.34s
[6.654s][info][gc,start       ] GC(129) Pause Young (Allocation Failure)
[6.714s][info][gc,heap        ] GC(129) PSYoungGen: 39374K(84992K)->18560K(87040K) Eden: 18432K(18432K)->0K(18432K) From: 20942K(66560K)->18560K(68608K)
[6.715s][info][gc,heap        ] GC(129) ParOldGen: 1024576K(1139200K)->1045840K(1139200K)
[6.715s][info][gc,metaspace   ] GC(129) Metaspace: 6303K(6528K)->6303K(6528K) NonClass: 5769K(5888K)->5769K(5888K) Class: 533K(640K)->533K(640K)
[6.715s][info][gc             ] GC(129) Pause Young (Allocation Failure) 1039M->1039M(1197M) 60.513ms
[6.715s][info][gc,cpu         ] GC(129) User=0.38s Sys=0.02s Real=0.06s
[6.736s][info][gc,start       ] GC(130) Pause Young (Allocation Failure)
[6.757s][info][gc,heap        ] GC(130) PSYoungGen: 36992K(87040K)->18592K(87552K) Eden: 18432K(18432K)->0K(20480K) From: 18560K(68608K)->18592K(67072K)
[6.757s][info][gc,heap        ] GC(130) ParOldGen: 1045840K(1139200K)->1064520K(1139200K)
[6.757s][info][gc,metaspace   ] GC(130) Metaspace: 6303K(6528K)->6303K(6528K) NonClass: 5769K(5888K)->5769K(5888K) Class: 533K(640K)->533K(640K)
[6.758s][info][gc             ] GC(130) Pause Young (Allocation Failure) 1057M->1057M(1198M) 21.995ms
[6.758s][info][gc,cpu         ] GC(130) User=0.14s Sys=0.00s Real=0.02s
[6.781s][info][gc,start       ] GC(131) Pause Young (Allocation Failure)
[6.804s][info][gc,heap        ] GC(131) PSYoungGen: 39072K(87552K)->20640K(88064K) Eden: 20480K(20480K)->0K(20480K) From: 18592K(67072K)->20640K(67584K)
[6.804s][info][gc,heap        ] GC(131) ParOldGen: 1064520K(1139200K)->1083208K(1139200K)
[6.804s][info][gc,metaspace   ] GC(131) Metaspace: 6303K(6528K)->6303K(6528K) NonClass: 5769K(5888K)->5769K(5888K) Class: 533K(640K)->533K(640K)
[6.804s][info][gc             ] GC(131) Pause Young (Allocation Failure) 1077M->1077M(1198M) 23.007ms
[6.804s][info][gc,cpu         ] GC(131) User=0.14s Sys=0.00s Real=0.02s
[6.826s][info][gc,start       ] GC(132) Pause Young (Allocation Failure)
[6.850s][info][gc,heap        ] GC(132) PSYoungGen: 41120K(88064K)->20608K(84480K) Eden: 20480K(20480K)->0K(22528K) From: 20640K(67584K)->20608K(61952K)
[6.850s][info][gc,heap        ] GC(132) ParOldGen: 1083208K(1139200K)->1103976K(1139200K)
[6.850s][info][gc,metaspace   ] GC(132) Metaspace: 6303K(6528K)->6303K(6528K) NonClass: 5769K(5888K)->5769K(5888K) Class: 533K(640K)->533K(640K)
[6.850s][info][gc             ] GC(132) Pause Young (Allocation Failure) 1097M->1098M(1195M) 24.053ms
[6.850s][info][gc,cpu         ] GC(132) User=0.12s Sys=0.00s Real=0.02s
[6.875s][info][gc,start       ] GC(133) Pause Young (Allocation Failure)
[6.899s][info][gc,heap        ] GC(133) PSYoungGen: 43136K(84480K)->22656K(86528K) Eden: 22528K(22528K)->0K(22528K) From: 20608K(61952K)->22656K(64000K)
[6.900s][info][gc,heap        ] GC(133) ParOldGen: 1103976K(1139200K)->1124736K(1139200K)
[6.900s][info][gc,metaspace   ] GC(133) Metaspace: 6303K(6528K)->6303K(6528K) NonClass: 5769K(5888K)->5769K(5888K) Class: 533K(640K)->533K(640K)
[6.900s][info][gc             ] GC(133) Pause Young (Allocation Failure) 1120M->1120M(1197M) 24.763ms
[6.900s][info][gc,cpu         ] GC(133) User=0.12s Sys=0.02s Real=0.03s
[6.900s][info][gc,start       ] GC(134) Pause Full (Ergonomics)
[6.900s][info][gc,phases,start] GC(134) Marking Phase
[7.151s][info][gc,phases      ] GC(134) Marking Phase 251.018ms
[7.151s][info][gc,phases,start] GC(134) Summary Phase
[7.151s][info][gc,phases      ] GC(134) Summary Phase 0.025ms
[7.151s][info][gc,phases,start] GC(134) Adjust Roots
[7.151s][info][gc,phases      ] GC(134) Adjust Roots 0.154ms
[7.151s][info][gc,phases,start] GC(134) Compaction Phase
[7.256s][info][gc,phases      ] GC(134) Compaction Phase 105.164ms
[7.256s][info][gc,phases,start] GC(134) Post Compact
[7.258s][info][gc,phases      ] GC(134) Post Compact 2.088ms
[7.259s][info][gc,heap        ] GC(134) PSYoungGen: 22656K(86528K)->6655K(86528K) Eden: 0K(22528K)->0K(22528K) From: 22656K(64000K)->6655K(64000K)
[7.259s][info][gc,heap        ] GC(134) ParOldGen: 1124736K(1139200K)->1139057K(1262080K)
[7.259s][info][gc,metaspace   ] GC(134) Metaspace: 6303K(6528K)->6303K(6528K) NonClass: 5769K(5888K)->5769K(5888K) Class: 533K(640K)->533K(640K)
[7.259s][info][gc             ] GC(134) Pause Full (Ergonomics) 1120M->1118M(1317M) 359.214ms
[7.259s][info][gc,cpu         ] GC(134) User=2.48s Sys=0.02s Real=0.36s
[7.286s][info][gc,start       ] GC(135) Pause Young (Allocation Failure)
[7.348s][info][gc,heap        ] GC(135) PSYoungGen: 29183K(86528K)->22656K(81920K) Eden: 22528K(22528K)->0K(24576K) From: 6655K(64000K)->22656K(57344K)
[7.348s][info][gc,heap        ] GC(135) ParOldGen: 1139057K(1262080K)->1145833K(1262080K)
[7.348s][info][gc,metaspace   ] GC(135) Metaspace: 6303K(6528K)->6303K(6528K) NonClass: 5769K(5888K)->5769K(5888K) Class: 533K(640K)->533K(640K)
[7.348s][info][gc             ] GC(135) Pause Young (Allocation Failure) 1140M->1141M(1312M) 62.750ms
[7.348s][info][gc,cpu         ] GC(135) User=0.48s Sys=0.00s Real=0.06s
[7.376s][info][gc,start       ] GC(136) Pause Young (Allocation Failure)
[7.402s][info][gc,heap        ] GC(136) PSYoungGen: 47232K(81920K)->47232K(84480K) Eden: 24576K(24576K)->0K(24576K) From: 22656K(57344K)->47232K(59904K)
[7.402s][info][gc,heap        ] GC(136) ParOldGen: 1145833K(1262080K)->1145833K(1262080K)
[7.402s][info][gc,metaspace   ] GC(136) Metaspace: 6303K(6528K)->6303K(6528K) NonClass: 5769K(5888K)->5769K(5888K) Class: 533K(640K)->533K(640K)
[7.402s][info][gc             ] GC(136) Pause Young (Allocation Failure) 1165M->1165M(1315M) 26.311ms
[7.402s][info][gc,cpu         ] GC(136) User=0.14s Sys=0.00s Real=0.03s
[7.433s][info][gc,start       ] GC(137) Pause Young (Allocation Failure)
[7.471s][info][gc,heap        ] GC(137) PSYoungGen: 71808K(84480K)->64000K(79360K) Eden: 24576K(24576K)->0K(15360K) From: 47232K(59904K)->64000K(64000K)
[7.471s][info][gc,heap        ] GC(137) ParOldGen: 1145833K(1262080K)->1153681K(1262080K)
[7.471s][info][gc,metaspace   ] GC(137) Metaspace: 6303K(6528K)->6303K(6528K) NonClass: 5769K(5888K)->5769K(5888K) Class: 533K(640K)->533K(640K)
[7.471s][info][gc             ] GC(137) Pause Young (Allocation Failure) 1189M->1189M(1310M) 38.102ms
[7.471s][info][gc,cpu         ] GC(137) User=0.25s Sys=0.00s Real=0.04s
[7.490s][info][gc,start       ] GC(138) Pause Young (Allocation Failure)
[7.530s][info][gc,heap        ] GC(138) PSYoungGen: 79360K(79360K)->36864K(52224K) Eden: 15360K(15360K)->0K(15360K) From: 64000K(64000K)->36864K(36864K)
[7.530s][info][gc,heap        ] GC(138) ParOldGen: 1153681K(1262080K)->1196817K(1262080K)
[7.530s][info][gc,metaspace   ] GC(138) Metaspace: 6303K(6528K)->6303K(6528K) NonClass: 5769K(5888K)->5769K(5888K) Class: 533K(640K)->533K(640K)
[7.530s][info][gc             ] GC(138) Pause Young (Allocation Failure) 1204M->1204M(1283M) 40.964ms
[7.531s][info][gc,cpu         ] GC(138) User=0.23s Sys=0.02s Real=0.04s
[7.548s][info][gc,start       ] GC(139) Pause Young (Allocation Failure)
[7.577s][info][gc,heap        ] GC(139) PSYoungGen: 52224K(52224K)->30880K(83968K) Eden: 15360K(15360K)->0K(17408K) From: 36864K(36864K)->30880K(66560K)
[7.577s][info][gc,heap        ] GC(139) ParOldGen: 1196817K(1262080K)->1218521K(1262080K)
[7.577s][info][gc,metaspace   ] GC(139) Metaspace: 6303K(6528K)->6303K(6528K) NonClass: 5769K(5888K)->5769K(5888K) Class: 533K(640K)->533K(640K)
[7.577s][info][gc             ] GC(139) Pause Young (Allocation Failure) 1219M->1220M(1314M) 28.474ms
[7.577s][info][gc,cpu         ] GC(139) User=0.08s Sys=0.06s Real=0.03s
[7.597s][info][gc,start       ] GC(140) Pause Young (Allocation Failure)
[7.625s][info][gc,heap        ] GC(140) PSYoungGen: 48288K(83968K)->32928K(50688K) Eden: 17408K(17408K)->0K(17408K) From: 30880K(66560K)->32928K(33280K)
[7.625s][info][gc,heap        ] GC(140) ParOldGen: 1218521K(1262080K)->1234105K(1262080K)
[7.625s][info][gc,metaspace   ] GC(140) Metaspace: 6303K(6528K)->6303K(6528K) NonClass: 5769K(5888K)->5769K(5888K) Class: 533K(640K)->533K(640K)
[7.625s][info][gc             ] GC(140) Pause Young (Allocation Failure) 1237M->1237M(1282M) 27.735ms
[7.625s][info][gc,cpu         ] GC(140) User=0.14s Sys=0.00s Real=0.03s
[7.625s][info][gc,start       ] GC(141) Pause Full (Ergonomics)
[7.625s][info][gc,phases,start] GC(141) Marking Phase
[7.912s][info][gc,phases      ] GC(141) Marking Phase 286.570ms
[7.912s][info][gc,phases,start] GC(141) Summary Phase
[7.912s][info][gc,phases      ] GC(141) Summary Phase 0.030ms
[7.912s][info][gc,phases,start] GC(141) Adjust Roots
[7.912s][info][gc,phases      ] GC(141) Adjust Roots 0.186ms
[7.912s][info][gc,phases,start] GC(141) Compaction Phase
[8.029s][info][gc,phases      ] GC(141) Compaction Phase 116.687ms
[8.029s][info][gc,phases,start] GC(141) Post Compact
[8.031s][info][gc,phases      ] GC(141) Post Compact 2.134ms
[8.031s][info][gc,heap        ] GC(141) PSYoungGen: 32928K(50688K)->3587K(50688K) Eden: 0K(17408K)->0K(17408K) From: 32928K(33280K)->3587K(33280K)
[8.031s][info][gc,heap        ] GC(141) ParOldGen: 1234105K(1262080K)->1261741K(1398272K)
[8.031s][info][gc,metaspace   ] GC(141) Metaspace: 6303K(6528K)->6303K(6528K) NonClass: 5769K(5888K)->5769K(5888K) Class: 533K(640K)->533K(640K)
[8.031s][info][gc             ] GC(141) Pause Full (Ergonomics) 1237M->1235M(1415M) 406.493ms
[8.031s][info][gc,cpu         ] GC(141) User=2.95s Sys=0.03s Real=0.41s
[8.057s][info][gc,start       ] GC(142) Pause Young (Allocation Failure)
[8.128s][info][gc,heap        ] GC(142) PSYoungGen: 20995K(50688K)->20352K(84480K) Eden: 17408K(17408K)->0K(19456K) From: 3587K(33280K)->20352K(65024K)
[8.128s][info][gc,heap        ] GC(142) ParOldGen: 1261741K(1398272K)->1262565K(1398272K)
[8.128s][info][gc,metaspace   ] GC(142) Metaspace: 6303K(6528K)->6303K(6528K) NonClass: 5769K(5888K)->5769K(5888K) Class: 533K(640K)->533K(640K)
[8.128s][info][gc             ] GC(142) Pause Young (Allocation Failure) 1252M->1252M(1448M) 70.727ms
[8.128s][info][gc,cpu         ] GC(142) User=0.38s Sys=0.00s Real=0.07s
[8.153s][info][gc,start       ] GC(143) Pause Young (Allocation Failure)
[8.178s][info][gc,heap        ] GC(143) PSYoungGen: 39808K(84480K)->39328K(84992K) Eden: 19456K(19456K)->0K(19456K) From: 20352K(65024K)->39328K(65536K)
[8.178s][info][gc,heap        ] GC(143) ParOldGen: 1262565K(1398272K)->1262565K(1398272K)
[8.178s][info][gc,metaspace   ] GC(143) Metaspace: 6303K(6528K)->6303K(6528K) NonClass: 5769K(5888K)->5769K(5888K) Class: 533K(640K)->533K(640K)
[8.178s][info][gc             ] GC(143) Pause Young (Allocation Failure) 1271M->1271M(1448M) 24.370ms
[8.178s][info][gc,cpu         ] GC(143) User=0.12s Sys=0.00s Real=0.03s
[8.193s][info][gc,start       ] GC(144) Pause Young (Allocation Failure)
[8.220s][info][gc,heap        ] GC(144) PSYoungGen: 58784K(84992K)->49376K(82944K) Eden: 19456K(19456K)->0K(18432K) From: 39328K(65536K)->49376K(64512K)
[8.220s][info][gc,heap        ] GC(144) ParOldGen: 1262565K(1398272K)->1262565K(1398272K)
[8.220s][info][gc,metaspace   ] GC(144) Metaspace: 6303K(6528K)->6303K(6528K) NonClass: 5769K(5888K)->5769K(5888K) Class: 533K(640K)->533K(640K)
[8.220s][info][gc             ] GC(144) Pause Young (Allocation Failure) 1290M->1281M(1446M) 27.260ms
[8.220s][info][gc,cpu         ] GC(144) User=0.14s Sys=0.00s Real=0.03s
[8.236s][info][gc,start       ] GC(145) Pause Young (Allocation Failure)
[8.268s][info][gc,heap        ] GC(145) PSYoungGen: 67808K(82944K)->56544K(86016K) Eden: 18432K(18432K)->0K(18432K) From: 49376K(64512K)->56544K(67584K)
[8.268s][info][gc,heap        ] GC(145) ParOldGen: 1262565K(1398272K)->1265421K(1398272K)
[8.268s][info][gc,metaspace   ] GC(145) Metaspace: 6303K(6528K)->6303K(6528K) NonClass: 5769K(5888K)->5769K(5888K) Class: 533K(640K)->533K(640K)
[8.268s][info][gc             ] GC(145) Pause Young (Allocation Failure) 1299M->1290M(1449M) 32.453ms
[8.268s][info][gc,cpu         ] GC(145) User=0.16s Sys=0.00s Real=0.03s
[8.291s][info][gc,start       ] GC(146) Pause Young (Allocation Failure)
[8.331s][info][gc,heap        ] GC(146) PSYoungGen: 74976K(86016K)->57632K(89088K) Eden: 18432K(18432K)->0K(16896K) From: 56544K(67584K)->57632K(72192K)
[8.331s][info][gc,heap        ] GC(146) ParOldGen: 1265421K(1398272K)->1283077K(1398272K)
[8.331s][info][gc,metaspace   ] GC(146) Metaspace: 6303K(6528K)->6303K(6528K) NonClass: 5769K(5888K)->5769K(5888K) Class: 533K(640K)->533K(640K)
[8.331s][info][gc             ] GC(146) Pause Young (Allocation Failure) 1308M->1309M(1452M) 39.910ms
[8.331s][info][gc,cpu         ] GC(146) User=0.25s Sys=0.00s Real=0.04s
[8.352s][info][gc,start       ] GC(147) Pause Young (Allocation Failure)
[8.393s][info][gc,heap        ] GC(147) PSYoungGen: 74528K(89088K)->55488K(93184K) Eden: 16896K(16896K)->0K(16896K) From: 57632K(72192K)->55488K(76288K)
[8.393s][info][gc,heap        ] GC(147) ParOldGen: 1283077K(1398272K)->1302333K(1398272K)
[8.393s][info][gc,metaspace   ] GC(147) Metaspace: 6303K(6528K)->6303K(6528K) NonClass: 5769K(5888K)->5769K(5888K) Class: 533K(640K)->533K(640K)
[8.393s][info][gc             ] GC(147) Pause Young (Allocation Failure) 1325M->1325M(1456M) 40.619ms
[8.393s][info][gc,cpu         ] GC(147) User=0.25s Sys=0.00s Real=0.04s
[8.412s][info][gc,start       ] GC(148) Pause Young (Allocation Failure)
[8.451s][info][gc,heap        ] GC(148) PSYoungGen: 72384K(93184K)->52384K(97280K) Eden: 16896K(16896K)->0K(18944K) From: 55488K(76288K)->52384K(78336K)
[8.451s][info][gc,heap        ] GC(148) ParOldGen: 1302333K(1398272K)->1322653K(1398272K)
[8.451s][info][gc,metaspace   ] GC(148) Metaspace: 6303K(6528K)->6303K(6528K) NonClass: 5769K(5888K)->5769K(5888K) Class: 533K(640K)->533K(640K)
[8.451s][info][gc             ] GC(148) Pause Young (Allocation Failure) 1342M->1342M(1460M) 38.786ms
[8.451s][info][gc,cpu         ] GC(148) User=0.22s Sys=0.03s Real=0.04s
[8.475s][info][gc,start       ] GC(149) Pause Young (Allocation Failure)
[8.515s][info][gc,heap        ] GC(149) PSYoungGen: 71328K(97280K)->35968K(97792K) Eden: 18944K(18944K)->0K(18944K) From: 52384K(78336K)->35968K(78848K)
[8.515s][info][gc,heap        ] GC(149) ParOldGen: 1322653K(1398272K)->1358429K(1398272K)
[8.515s][info][gc,metaspace   ] GC(149) Metaspace: 6303K(6528K)->6303K(6528K) NonClass: 5769K(5888K)->5769K(5888K) Class: 533K(640K)->533K(640K)
[8.515s][info][gc             ] GC(149) Pause Young (Allocation Failure) 1361M->1361M(1461M) 40.238ms
[8.515s][info][gc,cpu         ] GC(149) User=0.22s Sys=0.03s Real=0.04s
[8.515s][info][gc,start       ] GC(150) Pause Full (Ergonomics)
[8.515s][info][gc,phases,start] GC(150) Marking Phase
[8.827s][info][gc,phases      ] GC(150) Marking Phase 312.227ms
[8.827s][info][gc,phases,start] GC(150) Summary Phase
[8.827s][info][gc,phases      ] GC(150) Summary Phase 0.050ms
[8.827s][info][gc,phases,start] GC(150) Adjust Roots
[8.827s][info][gc,phases      ] GC(150) Adjust Roots 0.162ms
[8.827s][info][gc,phases,start] GC(150) Compaction Phase
[8.948s][info][gc,phases      ] GC(150) Compaction Phase 120.658ms
[8.948s][info][gc,phases,start] GC(150) Post Compact
[8.950s][info][gc,phases      ] GC(150) Post Compact 2.276ms
[8.951s][info][gc,heap        ] GC(150) PSYoungGen: 35968K(97792K)->0K(97792K) Eden: 0K(18944K)->0K(21504K) From: 35968K(78848K)->0K(76288K)
[8.951s][info][gc,heap        ] GC(150) ParOldGen: 1358429K(1398272K)->1392695K(1543168K)
[8.951s][info][gc,metaspace   ] GC(150) Metaspace: 6303K(6528K)->6303K(6528K) NonClass: 5769K(5888K)->5769K(5888K) Class: 533K(640K)->533K(640K)
[8.951s][info][gc             ] GC(150) Pause Full (Ergonomics) 1361M->1360M(1602M) 436.203ms
[8.951s][info][gc,cpu         ] GC(150) User=3.27s Sys=0.02s Real=0.44s
[9.273s][info][gc,start       ] GC(151) Pause Young (Allocation Failure)
[9.324s][info][gc,heap        ] GC(151) PSYoungGen: 21504K(97792K)->21664K(97792K) Eden: 21504K(21504K)->0K(21504K) From: 0K(76288K)->21664K(76288K)
[9.324s][info][gc,heap        ] GC(151) ParOldGen: 1458231K(1543168K)->1458231K(1543168K)
[9.324s][info][gc,metaspace   ] GC(151) Metaspace: 6303K(6528K)->6303K(6528K) NonClass: 5769K(5888K)->5769K(5888K) Class: 533K(640K)->533K(640K)
[9.324s][info][gc             ] GC(151) Pause Young (Allocation Failure) 1445M->1445M(1602M) 50.676ms
[9.324s][info][gc,cpu         ] GC(151) User=0.27s Sys=0.00s Real=0.05s
[9.344s][info][gc,start       ] GC(152) Pause Young (Allocation Failure)
[9.372s][info][gc,heap        ] GC(152) PSYoungGen: 43168K(97792K)->21632K(99328K) Eden: 21504K(21504K)->0K(24064K) From: 21664K(76288K)->21632K(75264K)
[9.372s][info][gc,heap        ] GC(152) ParOldGen: 1458231K(1543168K)->1480023K(1543168K)
[9.372s][info][gc,metaspace   ] GC(152) Metaspace: 6303K(6528K)->6303K(6528K) NonClass: 5769K(5888K)->5769K(5888K) Class: 533K(640K)->533K(640K)
[9.372s][info][gc             ] GC(152) Pause Young (Allocation Failure) 1466M->1466M(1604M) 27.916ms
[9.372s][info][gc,cpu         ] GC(152) User=0.03s Sys=0.00s Real=0.03s
[9.394s][info][gc,start       ] GC(153) Pause Young (Allocation Failure)
[9.423s][info][gc,heap        ] GC(153) PSYoungGen: 45696K(99328K)->24224K(99840K) Eden: 24064K(24064K)->0K(24064K) From: 21632K(75264K)->24224K(75776K)
[9.423s][info][gc,heap        ] GC(153) ParOldGen: 1480023K(1543168K)->1501807K(1543168K)
[9.423s][info][gc,metaspace   ] GC(153) Metaspace: 6303K(6528K)->6303K(6528K) NonClass: 5769K(5888K)->5769K(5888K) Class: 533K(640K)->533K(640K)
[9.423s][info][gc             ] GC(153) Pause Young (Allocation Failure) 1489M->1490M(1604M) 28.976ms
[9.423s][info][gc,cpu         ] GC(153) User=0.03s Sys=0.00s Real=0.03s
[9.445s][info][gc,start       ] GC(154) Pause Young (Allocation Failure)
[9.474s][info][gc,heap        ] GC(154) PSYoungGen: 48288K(99840K)->24224K(98304K) Eden: 24064K(24064K)->0K(27136K) From: 24224K(75776K)->24224K(71168K)
[9.474s][info][gc,heap        ] GC(154) ParOldGen: 1501807K(1543168K)->1526191K(1543168K)
[9.474s][info][gc,metaspace   ] GC(154) Metaspace: 6303K(6528K)->6303K(6528K) NonClass: 5769K(5888K)->5769K(5888K) Class: 533K(640K)->533K(640K)
[9.474s][info][gc             ] GC(154) Pause Young (Allocation Failure) 1513M->1514M(1603M) 29.604ms
[9.474s][info][gc,cpu         ] GC(154) User=0.03s Sys=0.00s Real=0.03s
[9.474s][info][gc,start       ] GC(155) Pause Full (Ergonomics)
[9.474s][info][gc,phases,start] GC(155) Marking Phase
[9.808s][info][gc,phases      ] GC(155) Marking Phase 333.637ms
[9.808s][info][gc,phases,start] GC(155) Summary Phase
[9.808s][info][gc,phases      ] GC(155) Summary Phase 0.044ms
[9.808s][info][gc,phases,start] GC(155) Adjust Roots
[9.808s][info][gc,phases      ] GC(155) Adjust Roots 0.164ms
[9.808s][info][gc,phases,start] GC(155) Compaction Phase
[10.046s][info][gc,phases      ] GC(155) Compaction Phase 237.808ms
[10.046s][info][gc,phases,start] GC(155) Post Compact
[10.049s][info][gc,phases      ] GC(155) Post Compact 3.095ms
[10.050s][info][gc,heap        ] GC(155) PSYoungGen: 24224K(98304K)->0K(99840K) Eden: 0K(27136K)->0K(27136K) From: 24224K(71168K)->0K(72704K)
[10.050s][info][gc,heap        ] GC(155) ParOldGen: 1526191K(1543168K)->1516470K(1677824K)
[10.050s][info][gc,metaspace   ] GC(155) Metaspace: 6303K(6528K)->6303K(6528K) NonClass: 5769K(5888K)->5769K(5888K) Class: 533K(640K)->533K(640K)
[10.050s][info][gc             ] GC(155) Pause Full (Ergonomics) 1514M->1480M(1736M) 575.553ms
[10.050s][info][gc,cpu         ] GC(155) User=3.83s Sys=0.00s Real=0.58s
[10.077s][info][gc,start       ] GC(156) Pause Young (Allocation Failure)
[10.101s][info][gc,heap        ] GC(156) PSYoungGen: 27136K(99840K)->27264K(96768K) Eden: 27136K(27136K)->0K(29696K) From: 0K(72704K)->27264K(67072K)
[10.101s][info][gc,heap        ] GC(156) ParOldGen: 1516470K(1677824K)->1516470K(1677824K)
[10.101s][info][gc,metaspace   ] GC(156) Metaspace: 6303K(6528K)->6303K(6528K) NonClass: 5769K(5888K)->5769K(5888K) Class: 533K(640K)->533K(640K)
[10.101s][info][gc             ] GC(156) Pause Young (Allocation Failure) 1507M->1507M(1733M) 24.205ms
[10.101s][info][gc,cpu         ] GC(156) User=0.03s Sys=0.00s Real=0.02s
[10.132s][info][gc,start       ] GC(157) Pause Young (Allocation Failure)
[10.164s][info][gc,heap        ] GC(157) PSYoungGen: 56960K(96768K)->57024K(99840K) Eden: 29696K(29696K)->0K(29696K) From: 27264K(67072K)->57024K(70144K)
[10.164s][info][gc,heap        ] GC(157) ParOldGen: 1516470K(1677824K)->1516470K(1677824K)
[10.164s][info][gc,metaspace   ] GC(157) Metaspace: 6303K(6528K)->6303K(6528K) NonClass: 5769K(5888K)->5769K(5888K) Class: 533K(640K)->533K(640K)
[10.164s][info][gc             ] GC(157) Pause Young (Allocation Failure) 1536M->1536M(1736M) 32.373ms
[10.164s][info][gc,cpu         ] GC(157) User=0.16s Sys=0.00s Real=0.03s
[10.194s][info][gc,start       ] GC(158) Pause Young (Allocation Failure)
[10.237s][info][gc,heap        ] GC(158) PSYoungGen: 86720K(99840K)->74752K(92672K) Eden: 29696K(29696K)->0K(17920K) From: 57024K(70144K)->74752K(74752K)
[10.237s][info][gc,heap        ] GC(158) ParOldGen: 1516470K(1677824K)->1528486K(1677824K)
[10.237s][info][gc,metaspace   ] GC(158) Metaspace: 6303K(6528K)->6303K(6528K) NonClass: 5769K(5888K)->5769K(5888K) Class: 533K(640K)->533K(640K)
[10.237s][info][gc             ] GC(158) Pause Young (Allocation Failure) 1565M->1565M(1729M) 43.090ms
[10.237s][info][gc,cpu         ] GC(158) User=0.22s Sys=0.02s Real=0.04s
[10.255s][info][gc,start       ] GC(159) Pause Young (Allocation Failure)
[10.300s][info][gc,heap        ] GC(159) PSYoungGen: 92672K(92672K)->43744K(61952K) Eden: 17920K(17920K)->0K(17920K) From: 74752K(74752K)->43744K(44032K)
[10.300s][info][gc,heap        ] GC(159) ParOldGen: 1528486K(1677824K)->1578134K(1677824K)
[10.300s][info][gc,metaspace   ] GC(159) Metaspace: 6303K(6528K)->6303K(6528K) NonClass: 5769K(5888K)->5769K(5888K) Class: 533K(640K)->533K(640K)
[10.300s][info][gc             ] GC(159) Pause Young (Allocation Failure) 1583M->1583M(1699M) 45.416ms
[10.300s][info][gc,cpu         ] GC(159) User=0.30s Sys=0.08s Real=0.05s
[10.318s][info][gc,start       ] GC(160) Pause Young (Allocation Failure)
[10.352s][info][gc,heap        ] GC(160) PSYoungGen: 61664K(61952K)->36032K(99328K) Eden: 17920K(17920K)->0K(19968K) From: 43744K(44032K)->36032K(79360K)
[10.352s][info][gc,heap        ] GC(160) ParOldGen: 1578134K(1677824K)->1604126K(1677824K)
[10.352s][info][gc,metaspace   ] GC(160) Metaspace: 6303K(6528K)->6303K(6528K) NonClass: 5769K(5888K)->5769K(5888K) Class: 533K(640K)->533K(640K)
[10.352s][info][gc             ] GC(160) Pause Young (Allocation Failure) 1601M->1601M(1735M) 34.029ms
[10.352s][info][gc,cpu         ] GC(160) User=0.14s Sys=0.02s Real=0.03s
[10.372s][info][gc,start       ] GC(161) Pause Young (Allocation Failure)
[10.405s][info][gc,heap        ] GC(161) PSYoungGen: 56000K(99328K)->38016K(58368K) Eden: 19968K(19968K)->0K(19968K) From: 36032K(79360K)->38016K(38400K)
[10.405s][info][gc,heap        ] GC(161) ParOldGen: 1604126K(1677824K)->1622270K(1677824K)
[10.405s][info][gc,metaspace   ] GC(161) Metaspace: 6303K(6528K)->6303K(6528K) NonClass: 5769K(5888K)->5769K(5888K) Class: 533K(640K)->533K(640K)
[10.405s][info][gc             ] GC(161) Pause Young (Allocation Failure) 1621M->1621M(1695M) 33.196ms
[10.405s][info][gc,cpu         ] GC(161) User=0.05s Sys=0.00s Real=0.03s
[10.426s][info][gc,start       ] GC(162) Pause Young (Allocation Failure)
[10.460s][info][gc,heap        ] GC(162) PSYoungGen: 57984K(58368K)->20128K(100352K) Eden: 19968K(19968K)->0K(22528K) From: 38016K(38400K)->20128K(77824K)
[10.460s][info][gc,heap        ] GC(162) ParOldGen: 1622270K(1677824K)->1660614K(1677824K)
[10.460s][info][gc,metaspace   ] GC(162) Metaspace: 6303K(6528K)->6303K(6528K) NonClass: 5769K(5888K)->5769K(5888K) Class: 533K(640K)->533K(640K)
[10.460s][info][gc             ] GC(162) Pause Young (Allocation Failure) 1640M->1641M(1736M) 34.421ms
[10.460s][info][gc,cpu         ] GC(162) User=0.09s Sys=0.00s Real=0.03s
[10.460s][info][gc,start       ] GC(163) Pause Full (Ergonomics)
[10.460s][info][gc,phases,start] GC(163) Marking Phase
[10.839s][info][gc,phases      ] GC(163) Marking Phase 378.404ms
[10.839s][info][gc,phases,start] GC(163) Summary Phase
[10.839s][info][gc,phases      ] GC(163) Summary Phase 0.039ms
[10.839s][info][gc,phases,start] GC(163) Adjust Roots
[10.839s][info][gc,phases      ] GC(163) Adjust Roots 0.306ms
[10.839s][info][gc,phases,start] GC(163) Compaction Phase
[11.301s][info][gc,phases      ] GC(163) Compaction Phase 462.072ms
[11.301s][info][gc,phases,start] GC(163) Post Compact
[11.304s][info][gc,phases      ] GC(163) Post Compact 3.038ms
[11.305s][info][gc,heap        ] GC(163) PSYoungGen: 20128K(100352K)->1037K(100864K) Eden: 0K(22528K)->0K(23040K) From: 20128K(77824K)->1037K(77824K)
[11.305s][info][gc,heap        ] GC(163) ParOldGen: 1660614K(1677824K)->1677526K(1861120K)
[11.305s][info][gc,metaspace   ] GC(163) Metaspace: 6303K(6528K)->6303K(6528K) NonClass: 5769K(5888K)->5769K(5888K) Class: 533K(640K)->533K(640K)
[11.305s][info][gc             ] GC(163) Pause Full (Ergonomics) 1641M->1639M(1916M) 844.802ms
[11.305s][info][gc,cpu         ] GC(163) User=5.92s Sys=0.02s Real=0.85s
[11.330s][info][gc,start       ] GC(164) Pause Young (Allocation Failure)
[11.415s][info][gc,heap        ] GC(164) PSYoungGen: 24077K(100864K)->23232K(101376K) Eden: 23040K(23040K)->0K(23040K) From: 1037K(77824K)->23232K(78336K)
[11.415s][info][gc,heap        ] GC(164) ParOldGen: 1677526K(1861120K)->1678606K(1861120K)
[11.415s][info][gc,metaspace   ] GC(164) Metaspace: 6303K(6528K)->6303K(6528K) NonClass: 5769K(5888K)->5769K(5888K) Class: 533K(640K)->533K(640K)
[11.415s][info][gc             ] GC(164) Pause Young (Allocation Failure) 1661M->1661M(1916M) 85.951ms
[11.415s][info][gc,cpu         ] GC(164) User=0.53s Sys=0.00s Real=0.09s
[11.438s][info][gc,start       ] GC(165) Pause Young (Allocation Failure)
[11.469s][info][gc,heap        ] GC(165) PSYoungGen: 46272K(101376K)->46240K(101888K) Eden: 23040K(23040K)->0K(25600K) From: 23232K(78336K)->46240K(76288K)
[11.469s][info][gc,heap        ] GC(165) ParOldGen: 1678606K(1861120K)->1678606K(1861120K)
[11.469s][info][gc,metaspace   ] GC(165) Metaspace: 6303K(6528K)->6303K(6528K) NonClass: 5769K(5888K)->5769K(5888K) Class: 533K(640K)->533K(640K)
[11.469s][info][gc             ] GC(165) Pause Young (Allocation Failure) 1684M->1684M(1917M) 30.650ms
[11.469s][info][gc,cpu         ] GC(165) User=0.05s Sys=0.00s Real=0.03s
[11.499s][info][gc,start       ] GC(166) Pause Young (Allocation Failure)
[11.537s][info][gc,heap        ] GC(166) PSYoungGen: 71840K(101888K)->71840K(102400K) Eden: 25600K(25600K)->0K(25600K) From: 46240K(76288K)->71840K(76800K)
[11.537s][info][gc,heap        ] GC(166) ParOldGen: 1678606K(1861120K)->1678606K(1861120K)
[11.537s][info][gc,metaspace   ] GC(166) Metaspace: 6303K(6528K)->6303K(6528K) NonClass: 5769K(5888K)->5769K(5888K) Class: 533K(640K)->533K(640K)
[11.537s][info][gc             ] GC(166) Pause Young (Allocation Failure) 1709M->1709M(1917M) 38.348ms
[11.537s][info][gc,cpu         ] GC(166) User=0.16s Sys=0.02s Real=0.04s
[11.565s][info][gc,start       ] GC(167) Pause Young (Allocation Failure)
[11.614s][info][gc,heap        ] GC(167) PSYoungGen: 97440K(102400K)->74464K(106496K) Eden: 25600K(25600K)->0K(20992K) From: 71840K(76800K)->74464K(85504K)
[11.614s][info][gc,heap        ] GC(167) ParOldGen: 1678606K(1861120K)->1701950K(1861120K)
[11.614s][info][gc,metaspace   ] GC(167) Metaspace: 6303K(6528K)->6303K(6528K) NonClass: 5769K(5888K)->5769K(5888K) Class: 533K(640K)->533K(640K)
[11.614s][info][gc             ] GC(167) Pause Young (Allocation Failure) 1734M->1734M(1921M) 49.031ms
[11.614s][info][gc,cpu         ] GC(167) User=0.27s Sys=0.00s Real=0.05s
[11.636s][info][gc,start       ] GC(168) Pause Young (Allocation Failure)
[11.683s][info][gc,heap        ] GC(168) PSYoungGen: 95456K(106496K)->72352K(114176K) Eden: 20992K(20992K)->0K(20992K) From: 74464K(85504K)->72352K(93184K)
[11.683s][info][gc,heap        ] GC(168) ParOldGen: 1701950K(1861120K)->1725278K(1861120K)
[11.683s][info][gc,metaspace   ] GC(168) Metaspace: 6303K(6528K)->6303K(6528K) NonClass: 5769K(5888K)->5769K(5888K) Class: 533K(640K)->533K(640K)
[11.683s][info][gc             ] GC(168) Pause Young (Allocation Failure) 1755M->1755M(1929M) 47.164ms
[11.683s][info][gc,cpu         ] GC(168) User=0.25s Sys=0.02s Real=0.05s
[11.706s][info][gc,start       ] GC(169) Pause Young (Allocation Failure)
[11.754s][info][gc,heap        ] GC(169) PSYoungGen: 93344K(114176K)->67776K(119808K) Eden: 20992K(20992K)->0K(21504K) From: 72352K(93184K)->67776K(98304K)
[11.754s][info][gc,heap        ] GC(169) ParOldGen: 1725278K(1861120K)->1751238K(1861120K)
[11.754s][info][gc,metaspace   ] GC(169) Metaspace: 6303K(6528K)->6303K(6528K) NonClass: 5769K(5888K)->5769K(5888K) Class: 533K(640K)->533K(640K)
[11.754s][info][gc             ] GC(169) Pause Young (Allocation Failure) 1775M->1776M(1934M) 47.374ms
[11.754s][info][gc,cpu         ] GC(169) User=0.25s Sys=0.02s Real=0.05s
[11.774s][info][gc,start       ] GC(170) Pause Young (Allocation Failure)
[11.820s][info][gc,heap        ] GC(170) PSYoungGen: 89280K(119808K)->63648K(122368K) Eden: 21504K(21504K)->0K(21504K) From: 67776K(98304K)->63648K(100864K)
[11.820s][info][gc,heap        ] GC(170) ParOldGen: 1751238K(1861120K)->1777182K(1861120K)
[11.820s][info][gc,metaspace   ] GC(170) Metaspace: 6303K(6528K)->6303K(6528K) NonClass: 5769K(5888K)->5769K(5888K) Class: 533K(640K)->533K(640K)
[11.820s][info][gc             ] GC(170) Pause Young (Allocation Failure) 1797M->1797M(1937M) 46.075ms
[11.820s][info][gc,cpu         ] GC(170) User=0.25s Sys=0.02s Real=0.05s
[11.844s][info][gc,start       ] GC(171) Pause Young (Allocation Failure)
[11.889s][info][gc,heap        ] GC(171) PSYoungGen: 85152K(122368K)->43168K(118272K) Eden: 21504K(21504K)->0K(24576K) From: 63648K(100864K)->43168K(93696K)
[11.889s][info][gc,heap        ] GC(171) ParOldGen: 1777182K(1861120K)->1819718K(1861120K)
[11.889s][info][gc,metaspace   ] GC(171) Metaspace: 6303K(6528K)->6303K(6528K) NonClass: 5769K(5888K)->5769K(5888K) Class: 533K(640K)->533K(640K)
[11.889s][info][gc             ] GC(171) Pause Young (Allocation Failure) 1818M->1819M(1933M) 45.468ms
[11.889s][info][gc,cpu         ] GC(171) User=0.23s Sys=0.03s Real=0.05s
[11.889s][info][gc,start       ] GC(172) Pause Full (Ergonomics)
[11.889s][info][gc,phases,start] GC(172) Marking Phase
[12.301s][info][gc,phases      ] GC(172) Marking Phase 411.446ms
[12.301s][info][gc,phases,start] GC(172) Summary Phase
[12.301s][info][gc,phases      ] GC(172) Summary Phase 0.047ms
[12.301s][info][gc,phases,start] GC(172) Adjust Roots
[12.301s][info][gc,phases      ] GC(172) Adjust Roots 0.227ms
[12.301s][info][gc,phases,start] GC(172) Compaction Phase
[12.478s][info][gc,phases      ] GC(172) Compaction Phase 176.509ms
[12.478s][info][gc,phases,start] GC(172) Post Compact
[12.481s][info][gc,phases      ] GC(172) Post Compact 3.453ms
[12.482s][info][gc,heap        ] GC(172) PSYoungGen: 43168K(118272K)->0K(121856K) Eden: 0K(24576K)->0K(24576K) From: 43168K(93696K)->0K(97280K)
[12.482s][info][gc,heap        ] GC(172) ParOldGen: 1819718K(1861120K)->1860575K(2062848K)
[12.482s][info][gc,metaspace   ] GC(172) Metaspace: 6303K(6528K)->6303K(6528K) NonClass: 5769K(5888K)->5769K(5888K) Class: 533K(640K)->533K(640K)
[12.482s][info][gc             ] GC(172) Pause Full (Ergonomics) 1819M->1816M(2133M) 592.768ms
[12.482s][info][gc,cpu         ] GC(172) User=4.34s Sys=0.02s Real=0.59s
[12.513s][info][gc,start       ] GC(173) Pause Young (Allocation Failure)
[12.538s][info][gc,heap        ] GC(173) PSYoungGen: 24576K(121856K)->24736K(122368K) Eden: 24576K(24576K)->0K(27136K) From: 0K(97280K)->24736K(95232K)
[12.538s][info][gc,heap        ] GC(173) ParOldGen: 1860575K(2062848K)->1860575K(2062848K)
[12.538s][info][gc,metaspace   ] GC(173) Metaspace: 6303K(6528K)->6303K(6528K) NonClass: 5769K(5888K)->5769K(5888K) Class: 533K(640K)->533K(640K)
[12.538s][info][gc             ] GC(173) Pause Young (Allocation Failure) 1840M->1841M(2134M) 25.514ms
[12.538s][info][gc,cpu         ] GC(173) User=0.03s Sys=0.00s Real=0.03s
[12.570s][info][gc,start       ] GC(174) Pause Young (Allocation Failure)
[12.602s][info][gc,heap        ] GC(174) PSYoungGen: 51872K(122368K)->51904K(123904K) Eden: 27136K(27136K)->0K(27136K) From: 24736K(95232K)->51904K(96768K)
[12.602s][info][gc,heap        ] GC(174) ParOldGen: 1860575K(2062848K)->1860575K(2062848K)
[12.602s][info][gc,metaspace   ] GC(174) Metaspace: 6303K(6528K)->6303K(6528K) NonClass: 5769K(5888K)->5769K(5888K) Class: 533K(640K)->533K(640K)
[12.602s][info][gc             ] GC(174) Pause Young (Allocation Failure) 1867M->1867M(2135M) 32.041ms
[12.602s][info][gc,cpu         ] GC(174) User=0.12s Sys=0.00s Real=0.03s
[12.632s][info][gc,start       ] GC(175) Pause Young (Allocation Failure)
[12.675s][info][gc,heap        ] GC(175) PSYoungGen: 79040K(123904K)->79104K(117248K) Eden: 27136K(27136K)->0K(23552K) From: 51904K(96768K)->79104K(93696K)
[12.675s][info][gc,heap        ] GC(175) ParOldGen: 1860575K(2062848K)->1860575K(2062848K)
[12.675s][info][gc,metaspace   ] GC(175) Metaspace: 6303K(6528K)->6303K(6528K) NonClass: 5769K(5888K)->5769K(5888K) Class: 533K(640K)->533K(640K)
[12.675s][info][gc             ] GC(175) Pause Young (Allocation Failure) 1894M->1894M(2129M) 42.463ms
[12.675s][info][gc,cpu         ] GC(175) User=0.16s Sys=0.00s Real=0.04s
[12.703s][info][gc,start       ] GC(176) Pause Young (Allocation Failure)
[12.753s][info][gc,heap        ] GC(176) PSYoungGen: 102656K(117248K)->77984K(123904K) Eden: 23552K(23552K)->0K(23552K) From: 79104K(93696K)->77984K(100352K)
[12.753s][info][gc,heap        ] GC(176) ParOldGen: 1860575K(2062848K)->1885495K(2062848K)
[12.753s][info][gc,metaspace   ] GC(176) Metaspace: 6303K(6528K)->6303K(6528K) NonClass: 5769K(5888K)->5769K(5888K) Class: 533K(640K)->533K(640K)
[12.753s][info][gc             ] GC(176) Pause Young (Allocation Failure) 1917M->1917M(2135M) 50.045ms
[12.753s][info][gc,cpu         ] GC(176) User=0.25s Sys=0.00s Real=0.05s
[12.780s][info][gc,start       ] GC(177) Pause Young (Allocation Failure)
[12.831s][info][gc,heap        ] GC(177) PSYoungGen: 101536K(123904K)->74432K(129536K) Eden: 23552K(23552K)->0K(24064K) From: 77984K(100352K)->74432K(105472K)
[12.831s][info][gc,heap        ] GC(177) ParOldGen: 1885495K(2062848K)->1913023K(2062848K)
[12.831s][info][gc,metaspace   ] GC(177) Metaspace: 6303K(6528K)->6303K(6528K) NonClass: 5769K(5888K)->5769K(5888K) Class: 533K(640K)->533K(640K)
[12.831s][info][gc             ] GC(177) Pause Young (Allocation Failure) 1940M->1940M(2141M) 51.308ms
[12.831s][info][gc,cpu         ] GC(177) User=0.27s Sys=0.00s Real=0.05s
[12.861s][info][gc,start       ] GC(178) Pause Young (Allocation Failure)
[12.910s][info][gc,heap        ] GC(178) PSYoungGen: 98496K(129536K)->71328K(132096K) Eden: 24064K(24064K)->0K(24064K) From: 74432K(105472K)->71328K(108032K)
[12.911s][info][gc,heap        ] GC(178) ParOldGen: 1913023K(2062848K)->1940527K(2062848K)
[12.911s][info][gc,metaspace   ] GC(178) Metaspace: 6303K(6528K)->6303K(6528K) NonClass: 5769K(5888K)->5769K(5888K) Class: 533K(640K)->533K(640K)
[12.911s][info][gc             ] GC(178) Pause Young (Allocation Failure) 1964M->1964M(2143M) 49.984ms
[12.911s][info][gc,cpu         ] GC(178) User=0.28s Sys=0.00s Real=0.05s
[12.942s][info][gc,start       ] GC(179) Pause Young (Allocation Failure)
[12.991s][info][gc,heap        ] GC(179) PSYoungGen: 95392K(132096K)->71872K(135680K) Eden: 24064K(24064K)->0K(27136K) From: 71328K(108032K)->71872K(108544K)
[12.991s][info][gc,heap        ] GC(179) ParOldGen: 1940527K(2062848K)->1964407K(2062848K)
[12.991s][info][gc,metaspace   ] GC(179) Metaspace: 6303K(6528K)->6303K(6528K) NonClass: 5769K(5888K)->5769K(5888K) Class: 533K(640K)->533K(640K)
[12.991s][info][gc             ] GC(179) Pause Young (Allocation Failure) 1988M->1988M(2147M) 49.365ms
[12.991s][info][gc,cpu         ] GC(179) User=0.31s Sys=0.06s Real=0.05s
[13.021s][info][gc,start       ] GC(180) Pause Young (Allocation Failure)
[13.072s][info][gc,heap        ] GC(180) PSYoungGen: 99008K(135680K)->75456K(135680K) Eden: 27136K(27136K)->0K(27136K) From: 71872K(108544K)->75456K(108544K)
[13.072s][info][gc,heap        ] GC(180) ParOldGen: 1964407K(2062848K)->1988271K(2062848K)
[13.072s][info][gc,metaspace   ] GC(180) Metaspace: 6303K(6528K)->6303K(6528K) NonClass: 5769K(5888K)->5769K(5888K) Class: 533K(640K)->533K(640K)
[13.072s][info][gc             ] GC(180) Pause Young (Allocation Failure) 2015M->2015M(2147M) 50.910ms
[13.072s][info][gc,cpu         ] GC(180) User=0.27s Sys=0.00s Real=0.05s
[13.100s][info][gc,start       ] GC(181) Pause Young (Allocation Failure)
[13.155s][info][gc,heap        ] GC(181) PSYoungGen: 102592K(135680K)->54432K(132608K) Eden: 27136K(27136K)->0K(30720K) From: 75456K(108544K)->54432K(101888K)
[13.155s][info][gc,heap        ] GC(181) ParOldGen: 1988271K(2062848K)->2037047K(2062848K)
[13.155s][info][gc,metaspace   ] GC(181) Metaspace: 6303K(6528K)->6303K(6528K) NonClass: 5769K(5888K)->5769K(5888K) Class: 533K(640K)->533K(640K)
[13.155s][info][gc             ] GC(181) Pause Young (Allocation Failure) 2041M->2042M(2144M) 54.540ms
[13.155s][info][gc,cpu         ] GC(181) User=0.34s Sys=0.03s Real=0.06s
[13.155s][info][gc,start       ] GC(182) Pause Full (Ergonomics)
[13.155s][info][gc,phases,start] GC(182) Marking Phase
[13.642s][info][gc,phases      ] GC(182) Marking Phase 487.024ms
[13.642s][info][gc,phases,start] GC(182) Summary Phase
[13.642s][info][gc,phases      ] GC(182) Summary Phase 0.041ms
[13.642s][info][gc,phases,start] GC(182) Adjust Roots
[13.642s][info][gc,phases      ] GC(182) Adjust Roots 0.196ms
[13.642s][info][gc,phases,start] GC(182) Compaction Phase
[13.844s][info][gc,phases      ] GC(182) Compaction Phase 201.392ms
[13.844s][info][gc,phases,start] GC(182) Post Compact
[13.848s][info][gc,phases      ] GC(182) Post Compact 4.561ms
[13.849s][info][gc,heap        ] GC(182) PSYoungGen: 54432K(132608K)->26111K(136704K) Eden: 0K(30720K)->0K(34816K) From: 54432K(101888K)->26111K(101888K)
[13.849s][info][gc,heap        ] GC(182) ParOldGen: 2037047K(2062848K)->2062542K(2283008K)
[13.850s][info][gc,metaspace   ] GC(182) Metaspace: 6303K(6528K)->6303K(6528K) NonClass: 5769K(5888K)->5769K(5888K) Class: 533K(640K)->533K(640K)
[13.850s][info][gc             ] GC(182) Pause Full (Ergonomics) 2042M->2039M(2363M) 694.632ms
[13.850s][info][gc,cpu         ] GC(182) User=5.27s Sys=0.00s Real=0.69s
[13.890s][info][gc,start       ] GC(183) Pause Young (Allocation Failure)
[14.006s][info][gc,heap        ] GC(183) PSYoungGen: 60927K(136704K)->34976K(140800K) Eden: 34816K(34816K)->0K(34816K) From: 26111K(101888K)->34976K(105984K)
[14.006s][info][gc,heap        ] GC(183) ParOldGen: 2062542K(2283008K)->2088982K(2283008K)
[14.006s][info][gc,metaspace   ] GC(183) Metaspace: 6303K(6528K)->6303K(6528K) NonClass: 5769K(5888K)->5769K(5888K) Class: 533K(640K)->533K(640K)
[14.006s][info][gc             ] GC(183) Pause Young (Allocation Failure) 2073M->2074M(2367M) 116.757ms
[14.006s][info][gc,cpu         ] GC(183) User=0.75s Sys=0.02s Real=0.12s
[14.044s][info][gc,start       ] GC(184) Pause Young (Allocation Failure)
[14.086s][info][gc,heap        ] GC(184) PSYoungGen: 69792K(140800K)->34976K(143360K) Eden: 34816K(34816K)->0K(38912K) From: 34976K(105984K)->34976K(104448K)
[14.086s][info][gc,heap        ] GC(184) ParOldGen: 2088982K(2283008K)->2124270K(2283008K)
[14.087s][info][gc,metaspace   ] GC(184) Metaspace: 6303K(6528K)->6303K(6528K) NonClass: 5769K(5888K)->5769K(5888K) Class: 533K(640K)->533K(640K)
[14.087s][info][gc             ] GC(184) Pause Young (Allocation Failure) 2108M->2108M(2369M) 42.711ms
[14.087s][info][gc,cpu         ] GC(184) User=0.25s Sys=0.00s Real=0.04s
[14.129s][info][gc,start       ] GC(185) Pause Young (Allocation Failure)
[14.173s][info][gc,heap        ] GC(185) PSYoungGen: 73888K(143360K)->39136K(143872K) Eden: 38912K(38912K)->0K(38912K) From: 34976K(104448K)->39136K(104960K)
[14.173s][info][gc,heap        ] GC(185) ParOldGen: 2124270K(2283008K)->2159558K(2283008K)
[14.173s][info][gc,metaspace   ] GC(185) Metaspace: 6303K(6528K)->6303K(6528K) NonClass: 5769K(5888K)->5769K(5888K) Class: 533K(640K)->533K(640K)
[14.173s][info][gc             ] GC(185) Pause Young (Allocation Failure) 2146M->2147M(2370M) 43.593ms
[14.173s][info][gc,cpu         ] GC(185) User=0.38s Sys=0.00s Real=0.04s
[14.224s][info][gc,start       ] GC(186) Pause Young (Allocation Failure)
[14.270s][info][gc,heap        ] GC(186) PSYoungGen: 78048K(143872K)->39104K(140800K) Eden: 38912K(38912K)->0K(43008K) From: 39136K(104960K)->39104K(97792K)
[14.270s][info][gc,heap        ] GC(186) ParOldGen: 2159558K(2283008K)->2198998K(2283008K)
[14.270s][info][gc,metaspace   ] GC(186) Metaspace: 6303K(6528K)->6303K(6528K) NonClass: 5769K(5888K)->5769K(5888K) Class: 533K(640K)->533K(640K)
[14.270s][info][gc             ] GC(186) Pause Young (Allocation Failure) 2185M->2185M(2367M) 45.610ms
[14.270s][info][gc,cpu         ] GC(186) User=0.23s Sys=0.00s Real=0.05s
[14.323s][info][gc,start       ] GC(187) Pause Young (Allocation Failure)
[14.369s][info][gc,heap        ] GC(187) PSYoungGen: 82112K(140800K)->43168K(143360K) Eden: 43008K(43008K)->0K(43008K) From: 39104K(97792K)->43168K(100352K)
[14.369s][info][gc,heap        ] GC(187) ParOldGen: 2198998K(2283008K)->2238462K(2283008K)
[14.369s][info][gc,metaspace   ] GC(187) Metaspace: 6303K(6528K)->6303K(6528K) NonClass: 5769K(5888K)->5769K(5888K) Class: 533K(640K)->533K(640K)
[14.369s][info][gc             ] GC(187) Pause Young (Allocation Failure) 2227M->2228M(2369M) 46.827ms
[14.369s][info][gc,cpu         ] GC(187) User=0.25s Sys=0.02s Real=0.05s
[14.369s][info][gc,start       ] GC(188) Pause Full (Ergonomics)
[14.369s][info][gc,phases,start] GC(188) Marking Phase
[14.885s][info][gc,phases      ] GC(188) Marking Phase 515.088ms
[14.885s][info][gc,phases,start] GC(188) Summary Phase
[14.885s][info][gc,phases      ] GC(188) Summary Phase 0.071ms
[14.885s][info][gc,phases,start] GC(188) Adjust Roots
[14.885s][info][gc,phases      ] GC(188) Adjust Roots 0.223ms
[14.885s][info][gc,phases,start] GC(188) Compaction Phase
[15.103s][info][gc,phases      ] GC(188) Compaction Phase 218.469ms
[15.103s][info][gc,phases,start] GC(188) Post Compact
[15.108s][info][gc,phases      ] GC(188) Post Compact 4.942ms
[15.109s][info][gc,heap        ] GC(188) PSYoungGen: 43168K(143360K)->0K(144384K) Eden: 0K(43008K)->0K(47616K) From: 43168K(100352K)->0K(96768K)
[15.109s][info][gc,heap        ] GC(188) ParOldGen: 2238462K(2283008K)->2278955K(2522112K)
[15.109s][info][gc,metaspace   ] GC(188) Metaspace: 6303K(6528K)->6303K(6528K) NonClass: 5769K(5888K)->5769K(5888K) Class: 533K(640K)->533K(640K)
[15.110s][info][gc             ] GC(188) Pause Full (Ergonomics) 2228M->2225M(2604M) 740.106ms
[15.110s][info][gc,cpu         ] GC(188) User=5.42s Sys=0.02s Real=0.74s
[15.166s][info][gc,start       ] GC(189) Pause Young (Allocation Failure)
[15.199s][info][gc,heap        ] GC(189) PSYoungGen: 47616K(144384K)->47808K(144384K) Eden: 47616K(47616K)->0K(47616K) From: 0K(96768K)->47808K(96768K)
[15.199s][info][gc,heap        ] GC(189) ParOldGen: 2278955K(2522112K)->2278955K(2522112K)
[15.199s][info][gc,metaspace   ] GC(189) Metaspace: 6303K(6528K)->6303K(6528K) NonClass: 5769K(5888K)->5769K(5888K) Class: 533K(640K)->533K(640K)
[15.199s][info][gc             ] GC(189) Pause Young (Allocation Failure) 2272M->2272M(2604M) 33.211ms
[15.199s][info][gc,cpu         ] GC(189) User=0.12s Sys=0.00s Real=0.03s
[15.252s][info][gc,start       ] GC(190) Pause Young (Allocation Failure)
[15.302s][info][gc,heap        ] GC(190) PSYoungGen: 95424K(144384K)->93184K(132608K) Eden: 47616K(47616K)->0K(39424K) From: 47808K(96768K)->93184K(93184K)
[15.302s][info][gc,heap        ] GC(190) ParOldGen: 2278955K(2522112K)->2281203K(2522112K)
[15.302s][info][gc,metaspace   ] GC(190) Metaspace: 6303K(6528K)->6303K(6528K) NonClass: 5769K(5888K)->5769K(5888K) Class: 533K(640K)->533K(640K)
[15.302s][info][gc             ] GC(190) Pause Young (Allocation Failure) 2318M->2318M(2592M) 49.974ms
[15.302s][info][gc,cpu         ] GC(190) User=0.22s Sys=0.05s Real=0.05s
[15.348s][info][gc,start       ] GC(191) Pause Young (Allocation Failure)
[15.419s][info][gc,heap        ] GC(191) PSYoungGen: 132608K(132608K)->39584K(144896K) Eden: 39424K(39424K)->0K(39424K) From: 93184K(93184K)->39584K(105472K)
[15.420s][info][gc,heap        ] GC(191) ParOldGen: 2281203K(2522112K)->2375059K(2522112K)
[15.420s][info][gc,metaspace   ] GC(191) Metaspace: 6303K(6528K)->6303K(6528K) NonClass: 5769K(5888K)->5769K(5888K) Class: 533K(640K)->533K(640K)
[15.420s][info][gc             ] GC(191) Pause Young (Allocation Failure) 2357M->2358M(2604M) 71.882ms
[15.420s][info][gc,cpu         ] GC(191) User=0.59s Sys=0.03s Real=0.07s
[15.471s][info][gc,start       ] GC(192) Pause Young (Allocation Failure)
[15.514s][info][gc,heap        ] GC(192) PSYoungGen: 79008K(144896K)->79072K(141824K) Eden: 39424K(39424K)->0K(38912K) From: 39584K(105472K)->79072K(102912K)
[15.514s][info][gc,heap        ] GC(192) ParOldGen: 2375059K(2522112K)->2375059K(2522112K)
[15.514s][info][gc,metaspace   ] GC(192) Metaspace: 6303K(6528K)->6303K(6528K) NonClass: 5769K(5888K)->5769K(5888K) Class: 533K(640K)->533K(640K)
[15.514s][info][gc             ] GC(192) Pause Young (Allocation Failure) 2396M->2396M(2601M) 43.286ms
[15.514s][info][gc,cpu         ] GC(192) User=0.27s Sys=0.00s Real=0.04s
[15.562s][info][gc,start       ] GC(193) Pause Young (Allocation Failure)
[15.621s][info][gc,heap        ] GC(193) PSYoungGen: 117984K(141824K)->107520K(146432K) Eden: 38912K(38912K)->0K(38912K) From: 79072K(102912K)->107520K(107520K)
[15.621s][info][gc,heap        ] GC(193) ParOldGen: 2375059K(2522112K)->2385571K(2522112K)
[15.621s][info][gc,metaspace   ] GC(193) Metaspace: 6303K(6528K)->6303K(6528K) NonClass: 5769K(5888K)->5769K(5888K) Class: 533K(640K)->533K(640K)
[15.621s][info][gc             ] GC(193) Pause Young (Allocation Failure) 2434M->2434M(2606M) 59.465ms
[15.621s][info][gc,cpu         ] GC(193) User=0.39s Sys=0.00s Real=0.06s
[15.666s][info][gc,start       ] GC(194) Pause Young (Allocation Failure)
[15.746s][info][gc,heap        ] GC(194) PSYoungGen: 146432K(146432K)->75136K(165888K) Eden: 38912K(38912K)->0K(43520K) From: 107520K(107520K)->75136K(122368K)
[15.746s][info][gc,heap        ] GC(194) ParOldGen: 2385571K(2522112K)->2457619K(2522112K)
[15.746s][info][gc,metaspace   ] GC(194) Metaspace: 6303K(6528K)->6303K(6528K) NonClass: 5769K(5888K)->5769K(5888K) Class: 533K(640K)->533K(640K)
[15.746s][info][gc             ] GC(194) Pause Young (Allocation Failure) 2472M->2473M(2625M) 79.297ms
[15.746s][info][gc,cpu         ] GC(194) User=0.38s Sys=0.12s Real=0.08s
[15.746s][info][gc,start       ] GC(195) Pause Full (Ergonomics)
[15.746s][info][gc,phases,start] GC(195) Marking Phase
[16.313s][info][gc,phases      ] GC(195) Marking Phase 566.952ms
[16.313s][info][gc,phases,start] GC(195) Summary Phase
[16.313s][info][gc,phases      ] GC(195) Summary Phase 0.047ms
[16.313s][info][gc,phases,start] GC(195) Adjust Roots
[16.313s][info][gc,phases      ] GC(195) Adjust Roots 0.205ms
[16.313s][info][gc,phases,start] GC(195) Compaction Phase
[16.526s][info][gc,phases      ] GC(195) Compaction Phase 212.631ms
[16.526s][info][gc,phases,start] GC(195) Post Compact
[16.531s][info][gc,phases      ] GC(195) Post Compact 4.991ms
[16.532s][info][gc,heap        ] GC(195) PSYoungGen: 75136K(165888K)->8899K(166912K) Eden: 0K(43520K)->0K(44544K) From: 75136K(122368K)->8899K(122368K)
[16.532s][info][gc,heap        ] GC(195) ParOldGen: 2457619K(2522112K)->2521780K(2813440K)
[16.532s][info][gc,metaspace   ] GC(195) Metaspace: 6303K(6528K)->6303K(6528K) NonClass: 5769K(5888K)->5769K(5888K) Class: 533K(640K)->533K(640K)
[16.532s][info][gc             ] GC(195) Pause Full (Ergonomics) 2473M->2471M(2910M) 786.161ms
[16.532s][info][gc,cpu         ] GC(195) User=6.16s Sys=0.00s Real=0.79s
[16.591s][info][gc,start       ] GC(196) Pause Young (Allocation Failure)
[16.725s][info][gc,heap        ] GC(196) PSYoungGen: 53443K(166912K)->48800K(167936K) Eden: 44544K(44544K)->0K(44544K) From: 8899K(122368K)->48800K(123392K)
[16.725s][info][gc,heap        ] GC(196) ParOldGen: 2521780K(2813440K)->2526684K(2813440K)
[16.725s][info][gc,metaspace   ] GC(196) Metaspace: 6303K(6528K)->6303K(6528K) NonClass: 5769K(5888K)->5769K(5888K) Class: 533K(640K)->533K(640K)
[16.725s][info][gc             ] GC(196) Pause Young (Allocation Failure) 2514M->2515M(2911M) 134.620ms
[16.725s][info][gc,cpu         ] GC(196) User=0.80s Sys=0.00s Real=0.13s
[16.779s][info][gc,start       ] GC(197) Pause Young (Allocation Failure)
[16.833s][info][gc,heap        ] GC(197) PSYoungGen: 93344K(167936K)->93376K(163328K) Eden: 44544K(44544K)->0K(43008K) From: 48800K(123392K)->93376K(120320K)
[16.833s][info][gc,heap        ] GC(197) ParOldGen: 2526684K(2813440K)->2526684K(2813440K)
[16.833s][info][gc,metaspace   ] GC(197) Metaspace: 6303K(6528K)->6303K(6528K) NonClass: 5769K(5888K)->5769K(5888K) Class: 533K(640K)->533K(640K)
[16.833s][info][gc             ] GC(197) Pause Young (Allocation Failure) 2558M->2558M(2907M) 53.997ms
[16.833s][info][gc,cpu         ] GC(197) User=0.28s Sys=0.00s Real=0.05s
[16.890s][info][gc,start       ] GC(198) Pause Young (Allocation Failure)
[16.960s][info][gc,heap        ] GC(198) PSYoungGen: 136384K(163328K)->125952K(168960K) Eden: 43008K(43008K)->0K(43008K) From: 93376K(120320K)->125952K(125952K)
[16.960s][info][gc,heap        ] GC(198) ParOldGen: 2526684K(2813440K)->2537188K(2813440K)
[16.960s][info][gc,metaspace   ] GC(198) Metaspace: 6303K(6528K)->6303K(6528K) NonClass: 5769K(5888K)->5769K(5888K) Class: 533K(640K)->533K(640K)
[16.960s][info][gc             ] GC(198) Pause Young (Allocation Failure) 2600M->2600M(2912M) 69.700ms
[16.960s][info][gc,cpu         ] GC(198) User=0.39s Sys=0.00s Real=0.07s
[17.015s][info][gc,start       ] GC(199) Pause Young (Allocation Failure)
[17.112s][info][gc,heap        ] GC(199) PSYoungGen: 168960K(168960K)->123104K(182272K) Eden: 43008K(43008K)->0K(35840K) From: 125952K(125952K)->123104K(146432K)
[17.112s][info][gc,heap        ] GC(199) ParOldGen: 2537188K(2813440K)->2583596K(2813440K)
[17.112s][info][gc,metaspace   ] GC(199) Metaspace: 6303K(6528K)->6303K(6528K) NonClass: 5769K(5888K)->5769K(5888K) Class: 533K(640K)->533K(640K)
[17.112s][info][gc             ] GC(199) Pause Young (Allocation Failure) 2642M->2643M(2925M) 97.364ms
[17.112s][info][gc,cpu         ] GC(199) User=0.48s Sys=0.03s Real=0.10s
[17.152s][info][gc,start       ] GC(200) Pause Young (Allocation Failure)
[17.239s][info][gc,heap        ] GC(200) PSYoungGen: 158944K(182272K)->119264K(193536K) Eden: 35840K(35840K)->0K(35840K) From: 123104K(146432K)->119264K(157696K)
[17.239s][info][gc,heap        ] GC(200) ParOldGen: 2583596K(2813440K)->2623644K(2813440K)
[17.239s][info][gc,metaspace   ] GC(200) Metaspace: 6303K(6528K)->6303K(6528K) NonClass: 5769K(5888K)->5769K(5888K) Class: 533K(640K)->533K(640K)
[17.239s][info][gc             ] GC(200) Pause Young (Allocation Failure) 2678M->2678M(2936M) 87.424ms
[17.239s][info][gc,cpu         ] GC(200) User=0.64s Sys=0.00s Real=0.09s
[17.280s][info][gc,start       ] GC(201) Pause Young (Allocation Failure)
[17.367s][info][gc,heap        ] GC(201) PSYoungGen: 155104K(193536K)->114976K(200704K) Eden: 35840K(35840K)->0K(35840K) From: 119264K(157696K)->114976K(164864K)
[17.367s][info][gc,heap        ] GC(201) ParOldGen: 2623644K(2813440K)->2664116K(2813440K)
[17.367s][info][gc,metaspace   ] GC(201) Metaspace: 6303K(6528K)->6303K(6528K) NonClass: 5769K(5888K)->5769K(5888K) Class: 533K(640K)->533K(640K)
[17.367s][info][gc             ] GC(201) Pause Young (Allocation Failure) 2713M->2713M(2943M) 87.102ms
[17.367s][info][gc,cpu         ] GC(201) User=0.48s Sys=0.05s Real=0.09s
[17.410s][info][gc,start       ] GC(202) Pause Young (Allocation Failure)
[17.496s][info][gc,heap        ] GC(202) PSYoungGen: 150816K(200704K)->107840K(204800K) Eden: 35840K(35840K)->0K(35840K) From: 114976K(164864K)->107840K(168960K)
[17.496s][info][gc,heap        ] GC(202) ParOldGen: 2664116K(2813440K)->2707524K(2813440K)
[17.496s][info][gc,metaspace   ] GC(202) Metaspace: 6303K(6528K)->6303K(6528K) NonClass: 5769K(5888K)->5769K(5888K) Class: 533K(640K)->533K(640K)
[17.496s][info][gc             ] GC(202) Pause Young (Allocation Failure) 2748M->2749M(2947M) 85.739ms
[17.496s][info][gc,cpu         ] GC(202) User=0.64s Sys=0.00s Real=0.09s
[18.079s][info][gc,start       ] GC(203) Pause Young (Allocation Failure)
[18.212s][info][gc,heap        ] GC(203) PSYoungGen: 143680K(204800K)->71904K(197120K) Eden: 35840K(35840K)->0K(39936K) From: 107840K(168960K)->71904K(157184K)
[18.212s][info][gc,heap        ] GC(203) ParOldGen: 2838596K(2945024K)->2910908K(2945024K)
[18.212s][info][gc,metaspace   ] GC(203) Metaspace: 6303K(6528K)->6303K(6528K) NonClass: 5769K(5888K)->5769K(5888K) Class: 533K(640K)->533K(640K)
[18.212s][info][gc             ] GC(203) Pause Young (Allocation Failure) 2912M->2912M(3068M) 132.995ms
[18.212s][info][gc,cpu         ] GC(203) User=0.86s Sys=0.02s Real=0.13s
[18.212s][info][gc,start       ] GC(204) Pause Full (Ergonomics)
[18.212s][info][gc,phases,start] GC(204) Marking Phase
[18.868s][info][gc,phases      ] GC(204) Marking Phase 656.399ms
[18.868s][info][gc,phases,start] GC(204) Summary Phase
[18.868s][info][gc,phases      ] GC(204) Summary Phase 0.057ms
[18.868s][info][gc,phases,start] GC(204) Adjust Roots
[18.868s][info][gc,phases      ] GC(204) Adjust Roots 0.168ms
[18.868s][info][gc,phases,start] GC(204) Compaction Phase
[19.332s][info][gc,phases      ] GC(204) Compaction Phase 463.541ms
[19.332s][info][gc,phases,start] GC(204) Post Compact
[19.338s][info][gc,phases      ] GC(204) Post Compact 5.788ms
[19.339s][info][gc,heap        ] GC(204) PSYoungGen: 71904K(197120K)->0K(203264K) Eden: 0K(39936K)->0K(39936K) From: 71904K(157184K)->0K(163328K)
[19.339s][info][gc,heap        ] GC(204) ParOldGen: 2910908K(2945024K)->2914421K(3231744K)
[19.339s][info][gc,metaspace   ] GC(204) Metaspace: 6303K(6528K)->6303K(6528K) NonClass: 5769K(5888K)->5769K(5888K) Class: 533K(640K)->533K(640K)
[19.339s][info][gc             ] GC(204) Pause Full (Ergonomics) 2912M->2846M(3354M) 1127.191ms
[19.339s][info][gc,cpu         ] GC(204) User=7.73s Sys=0.00s Real=1.13s
[19.384s][info][gc,start       ] GC(205) Pause Young (Allocation Failure)
[19.427s][info][gc,heap        ] GC(205) PSYoungGen: 39936K(203264K)->40096K(206848K) Eden: 39936K(39936K)->0K(43520K) From: 0K(163328K)->40096K(163328K)
[19.427s][info][gc,heap        ] GC(205) ParOldGen: 2914421K(3231744K)->2914421K(3231744K)
[19.427s][info][gc,metaspace   ] GC(205) Metaspace: 6303K(6528K)->6303K(6528K) NonClass: 5769K(5888K)->5769K(5888K) Class: 533K(640K)->533K(640K)
[19.427s][info][gc             ] GC(205) Pause Young (Allocation Failure) 2885M->2885M(3358M) 42.808ms
[19.427s][info][gc,cpu         ] GC(205) User=0.06s Sys=0.00s Real=0.04s
[19.477s][info][gc,start       ] GC(206) Pause Young (Allocation Failure)
[19.536s][info][gc,heap        ] GC(206) PSYoungGen: 83616K(206848K)->83712K(127488K) Eden: 43520K(43520K)->0K(43520K) From: 40096K(163328K)->83712K(83968K)
[19.537s][info][gc,heap        ] GC(206) ParOldGen: 2914421K(3231744K)->2914421K(3231744K)
[19.537s][info][gc,metaspace   ] GC(206) Metaspace: 6303K(6528K)->6303K(6528K) NonClass: 5769K(5888K)->5769K(5888K) Class: 533K(640K)->533K(640K)
[19.537s][info][gc             ] GC(206) Pause Young (Allocation Failure) 2927M->2927M(3280M) 59.291ms
[19.537s][info][gc,cpu         ] GC(206) User=0.19s Sys=0.00s Real=0.06s
[19.579s][info][gc,start       ] GC(207) Pause Young (Allocation Failure)
[19.649s][info][gc,heap        ] GC(207) PSYoungGen: 127232K(127488K)->127264K(194048K) Eden: 43520K(43520K)->0K(37888K) From: 83712K(83968K)->127264K(156160K)
[19.649s][info][gc,heap        ] GC(207) ParOldGen: 2914421K(3231744K)->2914421K(3231744K)
[19.649s][info][gc,metaspace   ] GC(207) Metaspace: 6303K(6528K)->6303K(6528K) NonClass: 5769K(5888K)->5769K(5888K) Class: 533K(640K)->533K(640K)
[19.649s][info][gc             ] GC(207) Pause Young (Allocation Failure) 2970M->2970M(3345M) 69.822ms
[19.649s][info][gc,cpu         ] GC(207) User=0.22s Sys=0.00s Real=0.07s
[19.686s][info][gc,start       ] GC(208) Pause Young (Allocation Failure)
[19.764s][info][gc,heap        ] GC(208) PSYoungGen: 165152K(194048K)->165216K(203776K) Eden: 37888K(37888K)->0K(37888K) From: 127264K(156160K)->165216K(165888K)
[19.764s][info][gc,heap        ] GC(208) ParOldGen: 2914421K(3231744K)->2914421K(3231744K)
[19.764s][info][gc,metaspace   ] GC(208) Metaspace: 6303K(6528K)->6303K(6528K) NonClass: 5769K(5888K)->5769K(5888K) Class: 533K(640K)->533K(640K)
[19.764s][info][gc             ] GC(208) Pause Young (Allocation Failure) 3007M->3007M(3355M) 78.086ms
[19.764s][info][gc,cpu         ] GC(208) User=0.34s Sys=0.00s Real=0.08s
[19.799s][info][gc,start       ] GC(209) Pause Young (Allocation Failure)
[19.893s][info][gc,heap        ] GC(209) PSYoungGen: 203104K(203776K)->163168K(213504K) Eden: 37888K(37888K)->0K(26112K) From: 165216K(165888K)->163168K(187392K)
[19.894s][info][gc,heap        ] GC(209) ParOldGen: 2914421K(3231744K)->2954709K(3231744K)
[19.894s][info][gc,metaspace   ] GC(209) Metaspace: 6303K(6528K)->6303K(6528K) NonClass: 5769K(5888K)->5769K(5888K) Class: 533K(640K)->533K(640K)
[19.894s][info][gc             ] GC(209) Pause Young (Allocation Failure) 3044M->3044M(3364M) 94.785ms
[19.894s][info][gc,cpu         ] GC(209) User=0.47s Sys=0.06s Real=0.09s
[19.919s][info][gc,start       ] GC(210) Pause Young (Allocation Failure)
[20.007s][info][gc,heap        ] GC(210) PSYoungGen: 189280K(213504K)->102176K(128512K) Eden: 26112K(26112K)->0K(26112K) From: 163168K(187392K)->102176K(102400K)
[20.007s][info][gc,heap        ] GC(210) ParOldGen: 2954709K(3231744K)->3042501K(3231744K)
[20.007s][info][gc,metaspace   ] GC(210) Metaspace: 6303K(6528K)->6303K(6528K) NonClass: 5769K(5888K)->5769K(5888K) Class: 533K(640K)->533K(640K)
[20.007s][info][gc             ] GC(210) Pause Young (Allocation Failure) 3070M->3070M(3281M) 88.056ms
[20.007s][info][gc,cpu         ] GC(210) User=0.55s Sys=0.09s Real=0.09s
[20.036s][info][gc,start       ] GC(211) Pause Young (Allocation Failure)
[20.105s][info][gc,heap        ] GC(211) PSYoungGen: 128288K(128512K)->52416K(222208K) Eden: 26112K(26112K)->0K(30208K) From: 102176K(102400K)->52416K(192000K)
[20.105s][info][gc,heap        ] GC(211) ParOldGen: 3042501K(3231744K)->3118917K(3231744K)
[20.105s][info][gc,metaspace   ] GC(211) Metaspace: 6303K(6528K)->6303K(6528K) NonClass: 5769K(5888K)->5769K(5888K) Class: 533K(640K)->533K(640K)
[20.106s][info][gc             ] GC(211) Pause Young (Allocation Failure) 3096M->3097M(3373M) 69.765ms
[20.106s][info][gc,cpu         ] GC(211) User=0.38s Sys=0.02s Real=0.07s
[20.141s][info][gc,start       ] GC(212) Pause Young (Allocation Failure)
[20.201s][info][gc,heap        ] GC(212) PSYoungGen: 82624K(222208K)->30368K(222720K) Eden: 30208K(30208K)->0K(30208K) From: 52416K(192000K)->30368K(192512K)
[20.201s][info][gc,heap        ] GC(212) ParOldGen: 3118917K(3231744K)->3171573K(3231744K)
[20.201s][info][gc,metaspace   ] GC(212) Metaspace: 6303K(6528K)->6303K(6528K) NonClass: 5769K(5888K)->5769K(5888K) Class: 533K(640K)->533K(640K)
[20.201s][info][gc             ] GC(212) Pause Young (Allocation Failure) 3126M->3126M(3373M) 60.342ms
[20.201s][info][gc,cpu         ] GC(212) User=0.16s Sys=0.03s Real=0.06s
[20.201s][info][gc,start       ] GC(213) Pause Full (Ergonomics)
[20.201s][info][gc,phases,start] GC(213) Marking Phase
[20.926s][info][gc,phases      ] GC(213) Marking Phase 725.154ms
[20.926s][info][gc,phases,start] GC(213) Summary Phase
[20.926s][info][gc,phases      ] GC(213) Summary Phase 0.080ms
[20.926s][info][gc,phases,start] GC(213) Adjust Roots
[20.927s][info][gc,phases      ] GC(213) Adjust Roots 0.190ms
[20.927s][info][gc,phases,start] GC(213) Compaction Phase
[21.267s][info][gc,phases      ] GC(213) Compaction Phase 340.918ms
[21.268s][info][gc,phases,start] GC(213) Post Compact
[21.273s][info][gc,phases      ] GC(213) Post Compact 5.833ms
[21.275s][info][gc,heap        ] GC(213) PSYoungGen: 30368K(222720K)->0K(228352K) Eden: 0K(30208K)->0K(34304K) From: 30368K(192512K)->0K(194048K)
[21.275s][info][gc,heap        ] GC(213) ParOldGen: 3171573K(3231744K)->3199348K(3555840K)
[21.275s][info][gc,metaspace   ] GC(213) Metaspace: 6303K(6528K)->6303K(6528K) NonClass: 5769K(5888K)->5769K(5888K) Class: 533K(640K)->533K(640K)
[21.275s][info][gc             ] GC(213) Pause Full (Ergonomics) 3126M->3124M(3695M) 1073.694ms
[21.275s][info][gc,cpu         ] GC(213) User=7.56s Sys=0.03s Real=1.07s
[21.312s][info][gc,start       ] GC(214) Pause Young (Allocation Failure)
[21.356s][info][gc,heap        ] GC(214) PSYoungGen: 34304K(228352K)->34496K(228352K) Eden: 34304K(34304K)->0K(34304K) From: 0K(194048K)->34496K(194048K)
[21.356s][info][gc,heap        ] GC(214) ParOldGen: 3199348K(3555840K)->3199348K(3555840K)
[21.356s][info][gc,metaspace   ] GC(214) Metaspace: 6303K(6528K)->6303K(6528K) NonClass: 5769K(5888K)->5769K(5888K) Class: 533K(640K)->533K(640K)
[21.356s][info][gc             ] GC(214) Pause Young (Allocation Failure) 3157M->3158M(3695M) 43.784ms
[21.356s][info][gc,cpu         ] GC(214) User=0.06s Sys=0.00s Real=0.04s
[21.389s][info][gc,start       ] GC(215) Pause Young (Allocation Failure)
[21.439s][info][gc,heap        ] GC(215) PSYoungGen: 68800K(228352K)->34432K(227840K) Eden: 34304K(34304K)->0K(38400K) From: 34496K(194048K)->34432K(189440K)
[21.439s][info][gc,heap        ] GC(215) ParOldGen: 3199348K(3555840K)->3233964K(3555840K)
[21.439s][info][gc,metaspace   ] GC(215) Metaspace: 6303K(6528K)->6303K(6528K) NonClass: 5769K(5888K)->5769K(5888K) Class: 533K(640K)->533K(640K)
[21.439s][info][gc             ] GC(215) Pause Young (Allocation Failure) 3191M->3191M(3695M) 49.701ms
[21.439s][info][gc,cpu         ] GC(215) User=0.16s Sys=0.02s Real=0.05s
[21.477s][info][gc,start       ] GC(216) Pause Young (Allocation Failure)
[21.531s][info][gc,heap        ] GC(216) PSYoungGen: 72832K(227840K)->38592K(77312K) Eden: 38400K(38400K)->0K(38400K) From: 34432K(189440K)->38592K(38912K)
[21.531s][info][gc,heap        ] GC(216) ParOldGen: 3233964K(3555840K)->3268588K(3555840K)
[21.531s][info][gc,metaspace   ] GC(216) Metaspace: 6303K(6528K)->6303K(6528K) NonClass: 5769K(5888K)->5769K(5888K) Class: 533K(640K)->533K(640K)
[21.531s][info][gc             ] GC(216) Pause Young (Allocation Failure) 3229M->3229M(3548M) 54.038ms
[21.531s][info][gc,cpu         ] GC(216) User=0.17s Sys=0.00s Real=0.05s
[21.571s][info][gc,start       ] GC(217) Pause Young (Allocation Failure)
[21.628s][info][gc,heap        ] GC(217) PSYoungGen: 76992K(77312K)->38560K(220672K) Eden: 38400K(38400K)->0K(43008K) From: 38592K(38912K)->38560K(177664K)
[21.628s][info][gc,heap        ] GC(217) ParOldGen: 3268588K(3555840K)->3307340K(3555840K)
[21.628s][info][gc,metaspace   ] GC(217) Metaspace: 6303K(6528K)->6303K(6528K) NonClass: 5769K(5888K)->5769K(5888K) Class: 533K(640K)->533K(640K)
[21.628s][info][gc             ] GC(217) Pause Young (Allocation Failure) 3267M->3267M(3688M) 56.858ms
[21.628s][info][gc,cpu         ] GC(217) User=0.17s Sys=0.00s Real=0.06s
[21.675s][info][gc,start       ] GC(218) Pause Young (Allocation Failure)
[21.732s][info][gc,heap        ] GC(218) PSYoungGen: 81568K(220672K)->43136K(86528K) Eden: 43008K(43008K)->0K(43008K) From: 38560K(177664K)->43136K(43520K)
[21.732s][info][gc,heap        ] GC(218) ParOldGen: 3307340K(3555840K)->3346092K(3555840K)
[21.732s][info][gc,metaspace   ] GC(218) Metaspace: 6303K(6528K)->6303K(6528K) NonClass: 5769K(5888K)->5769K(5888K) Class: 533K(640K)->533K(640K)
[21.732s][info][gc             ] GC(218) Pause Young (Allocation Failure) 3309M->3309M(3557M) 57.049ms
[21.732s][info][gc,cpu         ] GC(218) User=0.20s Sys=0.00s Real=0.06s
[21.779s][info][gc,start       ] GC(219) Pause Young (Allocation Failure)
[21.838s][info][gc,heap        ] GC(219) PSYoungGen: 86144K(86528K)->43200K(210432K) Eden: 43008K(43008K)->0K(48128K) From: 43136K(43520K)->43200K(162304K)
[21.838s][info][gc,heap        ] GC(219) ParOldGen: 3346092K(3555840K)->3389476K(3555840K)
[21.838s][info][gc,metaspace   ] GC(219) Metaspace: 6303K(6528K)->6303K(6528K) NonClass: 5769K(5888K)->5769K(5888K) Class: 533K(640K)->533K(640K)
[21.838s][info][gc             ] GC(219) Pause Young (Allocation Failure) 3351M->3352M(3678M) 59.114ms
[21.838s][info][gc,cpu         ] GC(219) User=0.14s Sys=0.03s Real=0.06s
[21.886s][info][gc,start       ] GC(220) Pause Young (Allocation Failure)
[21.946s][info][gc,heap        ] GC(220) PSYoungGen: 91328K(210432K)->48320K(96768K) Eden: 48128K(48128K)->0K(48128K) From: 43200K(162304K)->48320K(48640K)
[21.946s][info][gc,heap        ] GC(220) ParOldGen: 3389476K(3555840K)->3432876K(3555840K)
[21.946s][info][gc,metaspace   ] GC(220) Metaspace: 6303K(6528K)->6303K(6528K) NonClass: 5769K(5888K)->5769K(5888K) Class: 533K(640K)->533K(640K)
[21.946s][info][gc             ] GC(220) Pause Young (Allocation Failure) 3399M->3399M(3567M) 59.277ms
[21.946s][info][gc,cpu         ] GC(220) User=0.27s Sys=0.02s Real=0.06s
[21.990s][info][gc,start       ] GC(221) Pause Young (Allocation Failure)
[22.047s][info][gc,heap        ] GC(221) PSYoungGen: 96448K(96768K)->48384K(201216K) Eden: 48128K(48128K)->0K(53760K) From: 48320K(48640K)->48384K(147456K)
[22.047s][info][gc,heap        ] GC(221) ParOldGen: 3432876K(3555840K)->3481444K(3555840K)
[22.047s][info][gc,metaspace   ] GC(221) Metaspace: 6303K(6528K)->6303K(6528K) NonClass: 5769K(5888K)->5769K(5888K) Class: 533K(640K)->533K(640K)
[22.047s][info][gc             ] GC(221) Pause Young (Allocation Failure) 3446M->3447M(3669M) 57.151ms
[22.047s][info][gc,cpu         ] GC(221) User=0.27s Sys=0.02s Real=0.06s
[22.047s][info][gc,start       ] GC(222) Pause Full (Ergonomics)
[22.047s][info][gc,phases,start] GC(222) Marking Phase
[22.860s][info][gc,phases      ] GC(222) Marking Phase 812.574ms
[22.860s][info][gc,phases,start] GC(222) Summary Phase
[22.860s][info][gc,phases      ] GC(222) Summary Phase 0.125ms
[22.860s][info][gc,phases,start] GC(222) Adjust Roots
[22.860s][info][gc,phases      ] GC(222) Adjust Roots 0.248ms
[22.860s][info][gc,phases,start] GC(222) Compaction Phase
[23.218s][info][gc,phases      ] GC(222) Compaction Phase 357.977ms
[23.218s][info][gc,phases,start] GC(222) Post Compact
[23.225s][info][gc,phases      ] GC(222) Post Compact 6.419ms
[23.226s][info][gc,heap        ] GC(222) PSYoungGen: 48384K(201216K)->0K(208384K) Eden: 0K(53760K)->0K(53760K) From: 48384K(147456K)->0K(154624K)
[23.226s][info][gc,heap        ] GC(222) ParOldGen: 3481444K(3555840K)->3526769K(3883008K)
[23.226s][info][gc,metaspace   ] GC(222) Metaspace: 6303K(6528K)->6303K(6528K) NonClass: 5769K(5888K)->5769K(5888K) Class: 533K(640K)->533K(640K)
[23.226s][info][gc             ] GC(222) Pause Full (Ergonomics) 3447M->3444M(3995M) 1178.853ms
[23.226s][info][gc,cpu         ] GC(222) User=8.48s Sys=0.00s Real=1.18s
[23.280s][info][gc,start       ] GC(223) Pause Young (Allocation Failure)
[23.329s][info][gc,heap        ] GC(223) PSYoungGen: 53760K(208384K)->53952K(197120K) Eden: 53760K(53760K)->0K(58880K) From: 0K(154624K)->53952K(138240K)
[23.329s][info][gc,heap        ] GC(223) ParOldGen: 3526769K(3883008K)->3526769K(3883008K)
[23.329s][info][gc,metaspace   ] GC(223) Metaspace: 6303K(6528K)->6303K(6528K) NonClass: 5769K(5888K)->5769K(5888K) Class: 533K(640K)->533K(640K)
[23.329s][info][gc             ] GC(223) Pause Young (Allocation Failure) 3496M->3496M(3984M) 48.854ms
[23.329s][info][gc,cpu         ] GC(223) User=0.08s Sys=0.00s Real=0.05s
[23.394s][info][gc,start       ] GC(224) Pause Young (Allocation Failure)
[23.461s][info][gc,heap        ] GC(224) PSYoungGen: 112832K(197120K)->112992K(205824K) Eden: 58880K(58880K)->0K(58880K) From: 53952K(138240K)->112992K(146944K)
[23.461s][info][gc,heap        ] GC(224) ParOldGen: 3526769K(3883008K)->3526769K(3883008K)
[23.461s][info][gc,metaspace   ] GC(224) Metaspace: 6303K(6528K)->6303K(6528K) NonClass: 5769K(5888K)->5769K(5888K) Class: 533K(640K)->533K(640K)
[23.461s][info][gc             ] GC(224) Pause Young (Allocation Failure) 3554M->3554M(3993M) 67.192ms
[23.461s][info][gc,cpu         ] GC(224) User=0.30s Sys=0.00s Real=0.07s
[23.522s][info][gc,start       ] GC(225) Pause Young (Allocation Failure)
[23.606s][info][gc,heap        ] GC(225) PSYoungGen: 171872K(205824K)->157696K(192512K) Eden: 58880K(58880K)->0K(34816K) From: 112992K(146944K)->157696K(157696K)
[23.606s][info][gc,heap        ] GC(225) ParOldGen: 3526769K(3883008K)->3540993K(3883008K)
[23.606s][info][gc,metaspace   ] GC(225) Metaspace: 6303K(6528K)->6303K(6528K) NonClass: 5769K(5888K)->5769K(5888K) Class: 533K(640K)->533K(640K)
[23.606s][info][gc             ] GC(225) Pause Young (Allocation Failure) 3611M->3612M(3980M) 83.764ms
[23.606s][info][gc,cpu         ] GC(225) User=0.52s Sys=0.03s Real=0.08s
[23.643s][info][gc,start       ] GC(226) Pause Young (Allocation Failure)
[23.737s][info][gc,heap        ] GC(226) PSYoungGen: 192512K(192512K)->93312K(128512K) Eden: 34816K(34816K)->0K(34816K) From: 157696K(157696K)->93312K(93696K)
[23.737s][info][gc,heap        ] GC(226) ParOldGen: 3540993K(3883008K)->3641081K(3883008K)
[23.737s][info][gc,metaspace   ] GC(226) Metaspace: 6303K(6528K)->6303K(6528K) NonClass: 5769K(5888K)->5769K(5888K) Class: 533K(640K)->533K(640K)
[23.738s][info][gc             ] GC(226) Pause Young (Allocation Failure) 3646M->3646M(3917M) 94.805ms
[23.738s][info][gc,cpu         ] GC(226) User=0.52s Sys=0.12s Real=0.10s
[23.771s][info][gc,start       ] GC(227) Pause Young (Allocation Failure)
[23.839s][info][gc,heap        ] GC(227) PSYoungGen: 128128K(128512K)->69856K(203776K) Eden: 34816K(34816K)->0K(38912K) From: 93312K(93696K)->69856K(164864K)
[23.839s][info][gc,heap        ] GC(227) ParOldGen: 3641081K(3883008K)->3699833K(3883008K)
[23.839s][info][gc,metaspace   ] GC(227) Metaspace: 6303K(6528K)->6303K(6528K) NonClass: 5769K(5888K)->5769K(5888K) Class: 533K(640K)->533K(640K)
[23.839s][info][gc             ] GC(227) Pause Young (Allocation Failure) 3680M->3681M(3991M) 68.356ms
[23.839s][info][gc,cpu         ] GC(227) User=0.36s Sys=0.03s Real=0.07s
[23.876s][info][gc,start       ] GC(228) Pause Young (Allocation Failure)
[23.938s][info][gc,heap        ] GC(228) PSYoungGen: 108768K(203776K)->73984K(113152K) Eden: 38912K(38912K)->0K(38912K) From: 69856K(164864K)->73984K(74240K)
[23.938s][info][gc,heap        ] GC(228) ParOldGen: 3699833K(3883008K)->3734961K(3883008K)
[23.938s][info][gc,metaspace   ] GC(228) Metaspace: 6303K(6528K)->6303K(6528K) NonClass: 5769K(5888K)->5769K(5888K) Class: 533K(640K)->533K(640K)
[23.938s][info][gc             ] GC(228) Pause Young (Allocation Failure) 3719M->3719M(3902M) 61.974ms
[23.938s][info][gc,cpu         ] GC(228) User=0.25s Sys=0.02s Real=0.06s
[23.978s][info][gc,start       ] GC(229) Pause Young (Allocation Failure)
[24.043s][info][gc,heap        ] GC(229) PSYoungGen: 112896K(113152K)->78080K(191488K) Eden: 38912K(38912K)->0K(44032K) From: 73984K(74240K)->78080K(147456K)
[24.043s][info][gc,heap        ] GC(229) ParOldGen: 3734961K(3883008K)->3770081K(3883008K)
[24.043s][info][gc,metaspace   ] GC(229) Metaspace: 6303K(6528K)->6303K(6528K) NonClass: 5769K(5888K)->5769K(5888K) Class: 533K(640K)->533K(640K)
[24.043s][info][gc             ] GC(229) Pause Young (Allocation Failure) 3757M->3757M(3979M) 65.612ms
[24.043s][info][gc,cpu         ] GC(229) User=0.17s Sys=0.02s Real=0.07s
[24.094s][info][gc,start       ] GC(230) Pause Young (Allocation Failure)
[24.166s][info][gc,heap        ] GC(230) PSYoungGen: 122112K(191488K)->83232K(200192K) Eden: 44032K(44032K)->0K(44032K) From: 78080K(147456K)->83232K(156160K)
[24.166s][info][gc,heap        ] GC(230) ParOldGen: 3770081K(3883008K)->3809345K(3883008K)
[24.166s][info][gc,metaspace   ] GC(230) Metaspace: 6303K(6528K)->6303K(6528K) NonClass: 5769K(5888K)->5769K(5888K) Class: 533K(640K)->533K(640K)
[24.166s][info][gc             ] GC(230) Pause Young (Allocation Failure) 3800M->3801M(3987M) 71.870ms
[24.166s][info][gc,cpu         ] GC(230) User=0.41s Sys=0.00s Real=0.07s
[24.166s][info][gc,start       ] GC(231) Pause Full (Ergonomics)
[24.166s][info][gc,phases,start] GC(231) Marking Phase
[25.060s][info][gc,phases      ] GC(231) Marking Phase 893.963ms
[25.060s][info][gc,phases,start] GC(231) Summary Phase
[25.060s][info][gc,phases      ] GC(231) Summary Phase 0.055ms
[25.060s][info][gc,phases,start] GC(231) Adjust Roots
[25.060s][info][gc,phases      ] GC(231) Adjust Roots 0.167ms
[25.060s][info][gc,phases,start] GC(231) Compaction Phase
[25.896s][info][gc,phases      ] GC(231) Compaction Phase 835.901ms
[25.896s][info][gc,phases,start] GC(231) Post Compact
[25.903s][info][gc,phases      ] GC(231) Post Compact 7.121ms
[25.905s][info][gc,heap        ] GC(231) PSYoungGen: 83232K(200192K)->6752K(200192K) Eden: 0K(44032K)->0K(44032K) From: 83232K(156160K)->6752K(156160K)
[25.905s][info][gc,heap        ] GC(231) ParOldGen: 3809345K(3883008K)->3882761K(4272128K)
[25.905s][info][gc,metaspace   ] GC(231) Metaspace: 6303K(6528K)->6303K(6528K) NonClass: 5769K(5888K)->5769K(5888K) Class: 533K(640K)->533K(640K)
[25.905s][info][gc             ] GC(231) Pause Full (Ergonomics) 3801M->3798M(4367M) 1738.809ms
[25.905s][info][gc,cpu         ] GC(231) User=12.36s Sys=0.03s Real=1.74s
[25.950s][info][gc,start       ] GC(232) Pause Young (Allocation Failure)
[26.140s][info][gc,heap        ] GC(232) PSYoungGen: 50784K(200192K)->49248K(193024K) Eden: 44032K(44032K)->0K(48640K) From: 6752K(156160K)->49248K(144384K)
[26.140s][info][gc,heap        ] GC(232) ParOldGen: 3882761K(4272128K)->3884529K(4272128K)
[26.140s][info][gc,metaspace   ] GC(232) Metaspace: 6303K(6528K)->6303K(6528K) NonClass: 5769K(5888K)->5769K(5888K) Class: 533K(640K)->533K(640K)
[26.140s][info][gc             ] GC(232) Pause Young (Allocation Failure) 3841M->3841M(4360M) 190.253ms
[26.140s][info][gc,cpu         ] GC(232) User=1.25s Sys=0.00s Real=0.19s
[26.187s][info][gc,start       ] GC(233) Pause Young (Allocation Failure)
[26.250s][info][gc,heap        ] GC(233) PSYoungGen: 97888K(193024K)->98016K(196608K) Eden: 48640K(48640K)->0K(48640K) From: 49248K(144384K)->98016K(147968K)
[26.250s][info][gc,heap        ] GC(233) ParOldGen: 3884529K(4272128K)->3884529K(4272128K)
[26.250s][info][gc,metaspace   ] GC(233) Metaspace: 6303K(6528K)->6303K(6528K) NonClass: 5769K(5888K)->5769K(5888K) Class: 533K(640K)->533K(640K)
[26.250s][info][gc             ] GC(233) Pause Young (Allocation Failure) 3889M->3889M(4364M) 62.495ms
[26.250s][info][gc,cpu         ] GC(233) User=0.19s Sys=0.00s Real=0.06s
[26.298s][info][gc,start       ] GC(234) Pause Young (Allocation Failure)
[26.375s][info][gc,heap        ] GC(234) PSYoungGen: 146656K(196608K)->146688K(185344K) Eden: 48640K(48640K)->0K(35840K) From: 98016K(147968K)->146688K(149504K)
[26.376s][info][gc,heap        ] GC(234) ParOldGen: 3884529K(4272128K)->3884529K(4272128K)
[26.376s][info][gc,metaspace   ] GC(234) Metaspace: 6303K(6528K)->6303K(6528K) NonClass: 5769K(5888K)->5769K(5888K) Class: 533K(640K)->533K(640K)
[26.376s][info][gc             ] GC(234) Pause Young (Allocation Failure) 3936M->3936M(4353M) 77.319ms
[26.376s][info][gc,cpu         ] GC(234) User=0.52s Sys=0.00s Real=0.08s
[26.414s][info][gc,start       ] GC(235) Pause Young (Allocation Failure)
[26.503s][info][gc,heap        ] GC(235) PSYoungGen: 182528K(185344K)->167424K(203264K) Eden: 35840K(35840K)->0K(35840K) From: 146688K(149504K)->167424K(167424K)
[26.503s][info][gc,heap        ] GC(235) ParOldGen: 3884529K(4272128K)->3899729K(4272128K)
[26.503s][info][gc,metaspace   ] GC(235) Metaspace: 6303K(6528K)->6303K(6528K) NonClass: 5769K(5888K)->5769K(5888K) Class: 533K(640K)->533K(640K)
[26.503s][info][gc             ] GC(235) Pause Young (Allocation Failure) 3971M->3971M(4370M) 89.369ms
[26.503s][info][gc,cpu         ] GC(235) User=0.58s Sys=0.05s Real=0.09s
[26.545s][info][gc,start       ] GC(236) Pause Young (Allocation Failure)
[26.646s][info][gc,heap        ] GC(236) PSYoungGen: 203264K(203264K)->112704K(230400K) Eden: 35840K(35840K)->0K(40448K) From: 167424K(167424K)->112704K(189952K)
[26.646s][info][gc,heap        ] GC(236) ParOldGen: 3899729K(4272128K)->3991137K(4272128K)
[26.646s][info][gc,metaspace   ] GC(236) Metaspace: 6303K(6528K)->6303K(6528K) NonClass: 5769K(5888K)->5769K(5888K) Class: 533K(640K)->533K(640K)
[26.646s][info][gc             ] GC(236) Pause Young (Allocation Failure) 4006M->4007M(4397M) 100.302ms
[26.646s][info][gc,cpu         ] GC(236) User=0.58s Sys=0.11s Real=0.10s
[26.693s][info][gc,start       ] GC(237) Pause Young (Allocation Failure)
[26.773s][info][gc,heap        ] GC(237) PSYoungGen: 153152K(230400K)->107712K(148480K) Eden: 40448K(40448K)->0K(40448K) From: 112704K(189952K)->107712K(108032K)
[26.773s][info][gc,heap        ] GC(237) ParOldGen: 3991137K(4272128K)->4036961K(4272128K)
[26.773s][info][gc,metaspace   ] GC(237) Metaspace: 6303K(6528K)->6303K(6528K) NonClass: 5769K(5888K)->5769K(5888K) Class: 533K(640K)->533K(640K)
[26.773s][info][gc             ] GC(237) Pause Young (Allocation Failure) 4047M->4047M(4317M) 79.900ms
[26.773s][info][gc,cpu         ] GC(237) User=0.50s Sys=0.00s Real=0.08s
[26.816s][info][gc,start       ] GC(238) Pause Young (Allocation Failure)
[26.895s][info][gc,heap        ] GC(238) PSYoungGen: 148160K(148480K)->117056K(229376K) Eden: 40448K(40448K)->0K(45568K) From: 107712K(108032K)->117056K(183808K)
[26.895s][info][gc,heap        ] GC(238) ParOldGen: 4036961K(4272128K)->4068425K(4272128K)
[26.895s][info][gc,metaspace   ] GC(238) Metaspace: 6303K(6528K)->6303K(6528K) NonClass: 5769K(5888K)->5769K(5888K) Class: 533K(640K)->533K(640K)
[26.895s][info][gc             ] GC(238) Pause Young (Allocation Failure) 4087M->4087M(4396M) 79.322ms
[26.895s][info][gc,cpu         ] GC(238) User=0.41s Sys=0.00s Real=0.08s
[26.939s][info][gc,start       ] GC(239) Pause Young (Allocation Failure)
[27.022s][info][gc,heap        ] GC(239) PSYoungGen: 162624K(229376K)->126720K(230912K) Eden: 45568K(45568K)->0K(45568K) From: 117056K(183808K)->126720K(185344K)
[27.022s][info][gc,heap        ] GC(239) ParOldGen: 4068425K(4272128K)->4104601K(4272128K)
[27.022s][info][gc,metaspace   ] GC(239) Metaspace: 6303K(6528K)->6303K(6528K) NonClass: 5769K(5888K)->5769K(5888K) Class: 533K(640K)->533K(640K)
[27.022s][info][gc             ] GC(239) Pause Young (Allocation Failure) 4131M->4132M(4397M) 82.635ms
[27.022s][info][gc,cpu         ] GC(239) User=0.53s Sys=0.02s Real=0.08s
[27.071s][info][gc,start       ] GC(240) Pause Young (Allocation Failure)
[27.161s][info][gc,heap        ] GC(240) PSYoungGen: 172288K(230912K)->131936K(236032K) Eden: 45568K(45568K)->0K(49152K) From: 126720K(185344K)->131936K(186880K)
[27.161s][info][gc,heap        ] GC(240) ParOldGen: 4104601K(4272128K)->4145425K(4272128K)
[27.161s][info][gc,metaspace   ] GC(240) Metaspace: 6303K(6528K)->6303K(6528K) NonClass: 5769K(5888K)->5769K(5888K) Class: 533K(640K)->533K(640K)
[27.161s][info][gc             ] GC(240) Pause Young (Allocation Failure) 4176M->4177M(4402M) 90.382ms
[27.161s][info][gc,cpu         ] GC(240) User=0.56s Sys=0.03s Real=0.09s
[27.220s][info][gc,start       ] GC(241) Pause Young (Allocation Failure)
[27.313s][info][gc,heap        ] GC(241) PSYoungGen: 181088K(236032K)->95008K(238592K) Eden: 49152K(49152K)->0K(49152K) From: 131936K(186880K)->95008K(189440K)
[27.313s][info][gc,heap        ] GC(241) ParOldGen: 4145425K(4272128K)->4232209K(4272128K)
[27.313s][info][gc,metaspace   ] GC(241) Metaspace: 6303K(6528K)->6303K(6528K) NonClass: 5769K(5888K)->5769K(5888K) Class: 533K(640K)->533K(640K)
[27.313s][info][gc             ] GC(241) Pause Young (Allocation Failure) 4225M->4225M(4405M) 93.187ms
[27.313s][info][gc,cpu         ] GC(241) User=0.56s Sys=0.08s Real=0.09s
[27.313s][info][gc,start       ] GC(242) Pause Full (Ergonomics)
[27.313s][info][gc,phases,start] GC(242) Marking Phase
[28.310s][info][gc,phases      ] GC(242) Marking Phase 996.406ms
[28.310s][info][gc,phases,start] GC(242) Summary Phase
[28.310s][info][gc,phases      ] GC(242) Summary Phase 0.085ms
[28.310s][info][gc,phases,start] GC(242) Adjust Roots
[28.310s][info][gc,phases      ] GC(242) Adjust Roots 0.316ms
[28.310s][info][gc,phases,start] GC(242) Compaction Phase
[28.719s][info][gc,phases      ] GC(242) Compaction Phase 408.721ms
[28.719s][info][gc,phases,start] GC(242) Post Compact
[28.726s][info][gc,phases      ] GC(242) Post Compact 6.371ms
[28.727s][info][gc,heap        ] GC(242) PSYoungGen: 95008K(238592K)->51724K(238592K) Eden: 0K(49152K)->0K(49152K) From: 95008K(189440K)->51724K(189440K)
[28.727s][info][gc,heap        ] GC(242) ParOldGen: 4232209K(4272128K)->4271667K(4707840K)
[28.727s][info][gc,metaspace   ] GC(242) Metaspace: 6303K(6528K)->6303K(6528K) NonClass: 5769K(5888K)->5769K(5888K) Class: 533K(640K)->533K(640K)
[28.727s][info][gc             ] GC(242) Pause Full (Ergonomics) 4225M->4222M(4830M) 1413.564ms
[28.727s][info][gc,cpu         ] GC(242) User=10.61s Sys=0.06s Real=1.41s
[28.785s][info][gc,start       ] GC(243) Pause Young (Allocation Failure)
[29.029s][info][gc,heap        ] GC(243) PSYoungGen: 100876K(238592K)->74208K(231424K) Eden: 49152K(49152K)->0K(54784K) From: 51724K(189440K)->74208K(176640K)
[29.029s][info][gc,heap        ] GC(243) ParOldGen: 4271667K(4707840K)->4298851K(4707840K)
[29.029s][info][gc,metaspace   ] GC(243) Metaspace: 6303K(6528K)->6303K(6528K) NonClass: 5769K(5888K)->5769K(5888K) Class: 533K(640K)->533K(640K)
[29.029s][info][gc             ] GC(243) Pause Young (Allocation Failure) 4270M->4270M(4823M) 243.753ms
[29.029s][info][gc,cpu         ] GC(243) User=1.75s Sys=0.03s Real=0.24s
[29.087s][info][gc,start       ] GC(244) Pause Young (Allocation Failure)
[29.161s][info][gc,heap        ] GC(244) PSYoungGen: 128992K(231424K)->104192K(159232K) Eden: 54784K(54784K)->0K(54784K) From: 74208K(176640K)->104192K(104448K)
[29.161s][info][gc,heap        ] GC(244) ParOldGen: 4298851K(4707840K)->4323955K(4707840K)
[29.161s][info][gc,metaspace   ] GC(244) Metaspace: 6303K(6528K)->6303K(6528K) NonClass: 5769K(5888K)->5769K(5888K) Class: 533K(640K)->533K(640K)
[29.161s][info][gc             ] GC(244) Pause Young (Allocation Failure) 4324M->4324M(4753M) 74.962ms
[29.162s][info][gc,cpu         ] GC(244) User=0.50s Sys=0.00s Real=0.08s
[29.221s][info][gc,start       ] GC(245) Pause Young (Allocation Failure)
[29.307s][info][gc,heap        ] GC(245) PSYoungGen: 158976K(159232K)->109856K(226304K) Eden: 54784K(54784K)->0K(60928K) From: 104192K(104448K)->109856K(165376K)
[29.307s][info][gc,heap        ] GC(245) ParOldGen: 4323955K(4707840K)->4373563K(4707840K)
[29.307s][info][gc,metaspace   ] GC(245) Metaspace: 6303K(6528K)->6303K(6528K) NonClass: 5769K(5888K)->5769K(5888K) Class: 533K(640K)->533K(640K)
[29.307s][info][gc             ] GC(245) Pause Young (Allocation Failure) 4377M->4378M(4818M) 85.676ms
[29.307s][info][gc,cpu         ] GC(245) User=0.50s Sys=0.03s Real=0.09s
[29.375s][info][gc,start       ] GC(246) Pause Young (Allocation Failure)
[29.468s][info][gc,heap        ] GC(246) PSYoungGen: 170784K(226304K)->116032K(230400K) Eden: 60928K(60928K)->0K(60928K) From: 109856K(165376K)->116032K(169472K)
[29.468s][info][gc,heap        ] GC(246) ParOldGen: 4373563K(4707840K)->4428843K(4707840K)
[29.468s][info][gc,metaspace   ] GC(246) Metaspace: 6303K(6528K)->6303K(6528K) NonClass: 5769K(5888K)->5769K(5888K) Class: 533K(640K)->533K(640K)
[29.468s][info][gc             ] GC(246) Pause Young (Allocation Failure) 4437M->4438M(4822M) 93.359ms
[29.468s][info][gc,cpu         ] GC(246) User=0.64s Sys=0.00s Real=0.09s
[29.543s][info][gc,start       ] GC(247) Pause Young (Allocation Failure)
[29.644s][info][gc,heap        ] GC(247) PSYoungGen: 176960K(230400K)->122176K(235520K) Eden: 60928K(60928K)->0K(67584K) From: 116032K(169472K)->122176K(167936K)
[29.644s][info][gc,heap        ] GC(247) ParOldGen: 4428843K(4707840K)->4484123K(4707840K)
[29.644s][info][gc,metaspace   ] GC(247) Metaspace: 6303K(6528K)->6303K(6528K) NonClass: 5769K(5888K)->5769K(5888K) Class: 533K(640K)->533K(640K)
[29.644s][info][gc             ] GC(247) Pause Young (Allocation Failure) 4497M->4498M(4827M) 101.438ms
[29.644s][info][gc,cpu         ] GC(247) User=0.62s Sys=0.02s Real=0.10s
[29.717s][info][gc,start       ] GC(248) Pause Young (Allocation Failure)
[29.822s][info][gc,heap        ] GC(248) PSYoungGen: 189760K(235520K)->128832K(236032K) Eden: 67584K(67584K)->0K(67584K) From: 122176K(167936K)->128832K(168448K)
[29.822s][info][gc,heap        ] GC(248) ParOldGen: 4484123K(4707840K)->4545611K(4707840K)
[29.822s][info][gc,metaspace   ] GC(248) Metaspace: 6303K(6528K)->6303K(6528K) NonClass: 5769K(5888K)->5769K(5888K) Class: 533K(640K)->533K(640K)
[29.822s][info][gc             ] GC(248) Pause Young (Allocation Failure) 4564M->4564M(4828M) 105.816ms
[29.822s][info][gc,cpu         ] GC(248) User=0.72s Sys=0.03s Real=0.11s
[29.894s][info][gc,start       ] GC(249) Pause Young (Allocation Failure)
[30.004s][info][gc,heap        ] GC(249) PSYoungGen: 196416K(236032K)->135520K(242176K) Eden: 67584K(67584K)->0K(71680K) From: 128832K(168448K)->135520K(170496K)
[30.004s][info][gc,heap        ] GC(249) ParOldGen: 4545611K(4707840K)->4607075K(4707840K)
[30.004s][info][gc,metaspace   ] GC(249) Metaspace: 6303K(6528K)->6303K(6528K) NonClass: 5769K(5888K)->5769K(5888K) Class: 533K(640K)->533K(640K)
[30.004s][info][gc             ] GC(249) Pause Young (Allocation Failure) 4630M->4631M(4834M) 109.712ms
[30.004s][info][gc,cpu         ] GC(249) User=0.78s Sys=0.09s Real=0.11s
[30.089s][info][gc,start       ] GC(250) Pause Young (Allocation Failure)
[30.208s][info][gc,heap        ] GC(250) PSYoungGen: 207200K(242176K)->139680K(246272K) Eden: 71680K(71680K)->0K(71680K) From: 135520K(170496K)->139680K(174592K)
[30.208s][info][gc,heap        ] GC(250) ParOldGen: 4607075K(4707840K)->4675275K(4707840K)
[30.208s][info][gc,metaspace   ] GC(250) Metaspace: 6303K(6528K)->6303K(6528K) NonClass: 5769K(5888K)->5769K(5888K) Class: 533K(640K)->533K(640K)
[30.208s][info][gc             ] GC(250) Pause Young (Allocation Failure) 4701M->4702M(4838M) 119.012ms
[30.208s][info][gc,cpu         ] GC(250) User=0.77s Sys=0.00s Real=0.12s
[30.208s][info][gc,start       ] GC(251) Pause Full (Ergonomics)
[30.208s][info][gc,phases,start] GC(251) Marking Phase
[31.314s][info][gc,phases      ] GC(251) Marking Phase 1105.781ms
[31.314s][info][gc,phases,start] GC(251) Summary Phase
[31.314s][info][gc,phases      ] GC(251) Summary Phase 0.070ms
[31.314s][info][gc,phases,start] GC(251) Adjust Roots
[31.314s][info][gc,phases      ] GC(251) Adjust Roots 0.191ms
[31.314s][info][gc,phases,start] GC(251) Compaction Phase
[31.761s][info][gc,phases      ] GC(251) Compaction Phase 446.418ms
[31.761s][info][gc,phases,start] GC(251) Post Compact
[31.768s][info][gc,phases      ] GC(251) Post Compact 7.117ms
[31.769s][info][gc,heap        ] GC(251) PSYoungGen: 139680K(246272K)->102907K(246272K) Eden: 0K(71680K)->0K(71680K) From: 139680K(174592K)->102907K(174592K)
[31.769s][info][gc,heap        ] GC(251) ParOldGen: 4675275K(4707840K)->4707648K(5184000K)
[31.769s][info][gc,metaspace   ] GC(251) Metaspace: 6303K(6528K)->6303K(6528K) NonClass: 5769K(5888K)->5769K(5888K) Class: 533K(640K)->533K(640K)
[31.769s][info][gc             ] GC(251) Pause Full (Ergonomics) 4702M->4697M(5303M) 1561.376ms
[31.769s][info][gc,cpu         ] GC(251) User=11.62s Sys=0.00s Real=1.56s
[31.844s][info][gc,start       ] GC(252) Pause Young (Allocation Failure)
[32.155s][info][gc,heap        ] GC(252) PSYoungGen: 174587K(246272K)->123104K(250368K) Eden: 71680K(71680K)->0K(78848K) From: 102907K(174592K)->123104K(171520K)
[32.155s][info][gc,heap        ] GC(252) ParOldGen: 4707648K(5184000K)->4760008K(5184000K)
[32.155s][info][gc,metaspace   ] GC(252) Metaspace: 6303K(6528K)->6303K(6528K) NonClass: 5769K(5888K)->5769K(5888K) Class: 533K(640K)->533K(640K)
[32.156s][info][gc             ] GC(252) Pause Young (Allocation Failure) 4767M->4768M(5307M) 311.506ms
[32.156s][info][gc,cpu         ] GC(252) User=2.11s Sys=0.02s Real=0.31s
[32.236s][info][gc,start       ] GC(253) Pause Young (Allocation Failure)
[32.355s][info][gc,heap        ] GC(253) PSYoungGen: 201952K(250368K)->176128K(254976K) Eden: 78848K(78848K)->0K(78848K) From: 123104K(171520K)->176128K(176128K)
[32.355s][info][gc,heap        ] GC(253) ParOldGen: 4760008K(5184000K)->4786048K(5184000K)
[32.355s][info][gc,metaspace   ] GC(253) Metaspace: 6303K(6528K)->6303K(6528K) NonClass: 5769K(5888K)->5769K(5888K) Class: 533K(640K)->533K(640K)
[32.355s][info][gc             ] GC(253) Pause Young (Allocation Failure) 4845M->4845M(5311M) 118.322ms
[32.355s][info][gc,cpu         ] GC(253) User=0.78s Sys=0.02s Real=0.12s
[32.447s][info][gc,start       ] GC(254) Pause Young (Allocation Failure)
[32.596s][info][gc,heap        ] GC(254) PSYoungGen: 254976K(254976K)->144960K(288768K) Eden: 78848K(78848K)->0K(86528K) From: 176128K(176128K)->144960K(202240K)
[32.596s][info][gc,heap        ] GC(254) ParOldGen: 4786048K(5184000K)->4897080K(5184000K)
[32.596s][info][gc,metaspace   ] GC(254) Metaspace: 6303K(6528K)->6303K(6528K) NonClass: 5769K(5888K)->5769K(5888K) Class: 533K(640K)->533K(640K)
[32.596s][info][gc             ] GC(254) Pause Young (Allocation Failure) 4922M->4923M(5344M) 149.041ms
[32.596s][info][gc,cpu         ] GC(254) User=0.97s Sys=0.05s Real=0.15s
[32.690s][info][gc,start       ] GC(255) Pause Young (Allocation Failure)
[32.824s][info][gc,heap        ] GC(255) PSYoungGen: 231488K(288768K)->165792K(289280K) Eden: 86528K(86528K)->0K(86528K) From: 144960K(202240K)->165792K(202752K)
[32.824s][info][gc,heap        ] GC(255) ParOldGen: 4897080K(5184000K)->4963440K(5184000K)
[32.824s][info][gc,metaspace   ] GC(255) Metaspace: 6303K(6528K)->6303K(6528K) NonClass: 5769K(5888K)->5769K(5888K) Class: 533K(640K)->533K(640K)
[32.824s][info][gc             ] GC(255) Pause Young (Allocation Failure) 5008M->5009M(5345M) 134.258ms
[32.824s][info][gc,cpu         ] GC(255) User=1.02s Sys=0.02s Real=0.13s
[32.919s][info][gc,start       ] GC(256) Pause Young (Allocation Failure)
[33.063s][info][gc,heap        ] GC(256) PSYoungGen: 252320K(289280K)->173536K(297984K) Eden: 86528K(86528K)->0K(88064K) From: 165792K(202752K)->173536K(209920K)
[33.063s][info][gc,heap        ] GC(256) ParOldGen: 4963440K(5184000K)->5043000K(5184000K)
[33.063s][info][gc,metaspace   ] GC(256) Metaspace: 6303K(6528K)->6303K(6528K) NonClass: 5769K(5888K)->5769K(5888K) Class: 533K(640K)->533K(640K)
[33.063s][info][gc             ] GC(256) Pause Young (Allocation Failure) 5093M->5094M(5353M) 144.160ms
[33.063s][info][gc,cpu         ] GC(256) User=0.91s Sys=0.09s Real=0.14s
[33.164s][info][gc,start       ] GC(257) Pause Young (Allocation Failure)
[33.317s][info][gc,heap        ] GC(257) PSYoungGen: 261600K(297984K)->175040K(306176K) Eden: 88064K(88064K)->0K(88064K) From: 173536K(209920K)->175040K(218112K)
[33.317s][info][gc,heap        ] GC(257) ParOldGen: 5043000K(5184000K)->5130304K(5184000K)
[33.317s][info][gc,metaspace   ] GC(257) Metaspace: 6303K(6528K)->6303K(6528K) NonClass: 5769K(5888K)->5769K(5888K) Class: 533K(640K)->533K(640K)
[33.317s][info][gc             ] GC(257) Pause Young (Allocation Failure) 5180M->5181M(5361M) 152.810ms
[33.317s][info][gc,cpu         ] GC(257) User=0.89s Sys=0.08s Real=0.15s
[33.317s][info][gc,start       ] GC(258) Pause Full (Ergonomics)
[33.317s][info][gc,phases,start] GC(258) Marking Phase
[34.527s][info][gc,phases      ] GC(258) Marking Phase 1209.490ms
[34.527s][info][gc,phases,start] GC(258) Summary Phase
[34.527s][info][gc,phases      ] GC(258) Summary Phase 0.065ms
[34.527s][info][gc,phases,start] GC(258) Adjust Roots
[34.527s][info][gc,phases      ] GC(258) Adjust Roots 0.184ms
[34.527s][info][gc,phases,start] GC(258) Compaction Phase
[34.995s][info][gc,phases      ] GC(258) Compaction Phase 467.927ms
[34.995s][info][gc,phases,start] GC(258) Post Compact
[35.004s][info][gc,phases      ] GC(258) Post Compact 8.786ms
[35.005s][info][gc,heap        ] GC(258) PSYoungGen: 175040K(306176K)->117282K(306176K) Eden: 0K(88064K)->0K(88064K) From: 175040K(218112K)->117282K(218112K)
[35.005s][info][gc,heap        ] GC(258) ParOldGen: 5130304K(5184000K)->5183579K(5724160K)
[35.005s][info][gc,metaspace   ] GC(258) Metaspace: 6303K(6528K)->6303K(6528K) NonClass: 5769K(5888K)->5769K(5888K) Class: 533K(640K)->533K(640K)
[35.005s][info][gc             ] GC(258) Pause Full (Ergonomics) 5181M->5176M(5889M) 1688.462ms
[35.006s][info][gc,cpu         ] GC(258) User=12.70s Sys=0.05s Real=1.69s
[35.100s][info][gc,start       ] GC(259) Pause Young (Allocation Failure)
[35.460s][info][gc,heap        ] GC(259) PSYoungGen: 205346K(306176K)->145888K(308736K) Eden: 88064K(88064K)->0K(96768K) From: 117282K(218112K)->145888K(211968K)
[35.460s][info][gc,heap        ] GC(259) ParOldGen: 5183579K(5724160K)->5244043K(5724160K)
[35.460s][info][gc,metaspace   ] GC(259) Metaspace: 6303K(6528K)->6303K(6528K) NonClass: 5769K(5888K)->5769K(5888K) Class: 533K(640K)->533K(640K)
[35.460s][info][gc             ] GC(259) Pause Young (Allocation Failure) 5262M->5263M(5891M) 359.812ms
[35.460s][info][gc,cpu         ] GC(259) User=2.28s Sys=0.05s Real=0.36s
[35.569s][info][gc,start       ] GC(260) Pause Young (Allocation Failure)
[35.715s][info][gc,heap        ] GC(260) PSYoungGen: 242656K(308736K)->219136K(315904K) Eden: 96768K(96768K)->0K(96768K) From: 145888K(211968K)->219136K(219136K)
[35.715s][info][gc,heap        ] GC(260) ParOldGen: 5244043K(5724160K)->5267819K(5724160K)
[35.715s][info][gc,metaspace   ] GC(260) Metaspace: 6303K(6528K)->6303K(6528K) NonClass: 5769K(5888K)->5769K(5888K) Class: 533K(640K)->533K(640K)
[35.715s][info][gc             ] GC(260) Pause Young (Allocation Failure) 5358M->5358M(5898M) 146.241ms
[35.715s][info][gc,cpu         ] GC(260) User=1.02s Sys=0.00s Real=0.15s
[35.823s][info][gc,start       ] GC(261) Pause Young (Allocation Failure)
[36.011s][info][gc,heap        ] GC(261) PSYoungGen: 315904K(315904K)->187392K(352256K) Eden: 96768K(96768K)->0K(102400K) From: 219136K(219136K)->187392K(249856K)
[36.011s][info][gc,heap        ] GC(261) ParOldGen: 5267819K(5724160K)->5397531K(5724160K)
[36.011s][info][gc,metaspace   ] GC(261) Metaspace: 6303K(6528K)->6303K(6528K) NonClass: 5769K(5888K)->5769K(5888K) Class: 533K(640K)->533K(640K)
[36.011s][info][gc             ] GC(261) Pause Young (Allocation Failure) 5452M->5454M(5934M) 187.962ms
[36.011s][info][gc,cpu         ] GC(261) User=1.27s Sys=0.11s Real=0.19s
[36.129s][info][gc,start       ] GC(262) Pause Young (Allocation Failure)
[36.302s][info][gc,heap        ] GC(262) PSYoungGen: 289792K(352256K)->199680K(356352K) Eden: 102400K(102400K)->0K(102400K) From: 187392K(249856K)->199680K(253952K)
[36.302s][info][gc,heap        ] GC(262) ParOldGen: 5397531K(5724160K)->5488547K(5724160K)
[36.302s][info][gc,metaspace   ] GC(262) Metaspace: 6303K(6528K)->6303K(6528K) NonClass: 5769K(5888K)->5769K(5888K) Class: 533K(640K)->533K(640K)
[36.302s][info][gc             ] GC(262) Pause Young (Allocation Failure) 5554M->5554M(5938M) 173.101ms
[36.302s][info][gc,cpu         ] GC(262) User=1.22s Sys=0.09s Real=0.17s
[37.557s][info][gc,start       ] GC(263) Pause Young (Allocation Failure)
[37.824s][info][gc,heap        ] GC(263) PSYoungGen: 302080K(356352K)->205376K(367616K) Eden: 102400K(102400K)->0K(106496K) From: 199680K(253952K)->205376K(261120K)
[37.824s][info][gc,heap        ] GC(263) ParOldGen: 5750691K(5986816K)->5848347K(5986816K)
[37.824s][info][gc,metaspace   ] GC(263) Metaspace: 6303K(6528K)->6303K(6528K) NonClass: 5769K(5888K)->5769K(5888K) Class: 533K(640K)->533K(640K)
[37.824s][info][gc             ] GC(263) Pause Young (Allocation Failure) 5910M->5911M(6205M) 267.476ms
[37.824s][info][gc,cpu         ] GC(263) User=1.72s Sys=0.02s Real=0.27s
[37.824s][info][gc,start       ] GC(264) Pause Full (Ergonomics)
[37.824s][info][gc,phases,start] GC(264) Marking Phase
[39.136s][info][gc,phases      ] GC(264) Marking Phase 1311.958ms
[39.136s][info][gc,phases,start] GC(264) Summary Phase
[39.136s][info][gc,phases      ] GC(264) Summary Phase 0.168ms
[39.136s][info][gc,phases,start] GC(264) Adjust Roots
[39.137s][info][gc,phases      ] GC(264) Adjust Roots 0.204ms
[39.137s][info][gc,phases,start] GC(264) Compaction Phase
[40.073s][info][gc,phases      ] GC(264) Compaction Phase 936.828ms
[40.073s][info][gc,phases,start] GC(264) Post Compact
[40.085s][info][gc,phases      ] GC(264) Post Compact 11.157ms
[40.086s][info][gc,heap        ] GC(264) PSYoungGen: 205376K(367616K)->0K(374784K) Eden: 0K(106496K)->0K(106496K) From: 205376K(261120K)->0K(268288K)
[40.087s][info][gc,heap        ] GC(264) ParOldGen: 5848347K(5986816K)->5918166K(6526976K)
[40.087s][info][gc,metaspace   ] GC(264) Metaspace: 6303K(6528K)->6303K(6528K) NonClass: 5769K(5888K)->5769K(5888K) Class: 533K(640K)->533K(640K)
[40.087s][info][gc             ] GC(264) Pause Full (Ergonomics) 5911M->5779M(6740M) 2262.477ms
[40.087s][info][gc,cpu         ] GC(264) User=15.78s Sys=0.05s Real=2.26s
[40.201s][info][gc,start       ] GC(265) Pause Young (Allocation Failure)
[40.294s][info][gc,heap        ] GC(265) PSYoungGen: 106496K(374784K)->106816K(380928K) Eden: 106496K(106496K)->0K(115712K) From: 0K(268288K)->106816K(265216K)
[40.294s][info][gc,heap        ] GC(265) ParOldGen: 5918166K(6526976K)->5918166K(6526976K)
[40.294s][info][gc,metaspace   ] GC(265) Metaspace: 6303K(6528K)->6303K(6528K) NonClass: 5769K(5888K)->5769K(5888K) Class: 533K(640K)->533K(640K)
[40.294s][info][gc             ] GC(265) Pause Young (Allocation Failure) 5883M->5883M(6746M) 93.831ms
[40.294s][info][gc,cpu         ] GC(265) User=0.31s Sys=0.00s Real=0.09s
[40.417s][info][gc,start       ] GC(266) Pause Young (Allocation Failure)
[40.545s][info][gc,heap        ] GC(266) PSYoungGen: 222528K(380928K)->222688K(382976K) Eden: 115712K(115712K)->0K(115712K) From: 106816K(265216K)->222688K(267264K)
[40.545s][info][gc,heap        ] GC(266) ParOldGen: 5918166K(6526976K)->5918166K(6526976K)
[40.545s][info][gc,metaspace   ] GC(266) Metaspace: 6303K(6528K)->6303K(6528K) NonClass: 5769K(5888K)->5769K(5888K) Class: 533K(640K)->533K(640K)
[40.545s][info][gc             ] GC(266) Pause Young (Allocation Failure) 5996M->5996M(6748M) 128.481ms
[40.545s][info][gc,cpu         ] GC(266) User=0.64s Sys=0.00s Real=0.13s
[40.664s][info][gc,start       ] GC(267) Pause Young (Allocation Failure)
[40.838s][info][gc,heap        ] GC(267) PSYoungGen: 338400K(382976K)->280576K(353280K) Eden: 115712K(115712K)->0K(72704K) From: 222688K(267264K)->280576K(280576K)
[40.838s][info][gc,heap        ] GC(267) ParOldGen: 5918166K(6526976K)->5976558K(6526976K)
[40.838s][info][gc,metaspace   ] GC(267) Metaspace: 6303K(6528K)->6303K(6528K) NonClass: 5769K(5888K)->5769K(5888K) Class: 533K(640K)->533K(640K)
[40.838s][info][gc             ] GC(267) Pause Young (Allocation Failure) 6109M->6110M(6719M) 173.726ms
[40.838s][info][gc,cpu         ] GC(267) User=1.06s Sys=0.09s Real=0.17s
[40.916s][info][gc,start       ] GC(268) Pause Young (Allocation Failure)
[41.083s][info][gc,heap        ] GC(268) PSYoungGen: 353280K(353280K)->333824K(406528K) Eden: 72704K(72704K)->0K(72704K) From: 280576K(280576K)->333824K(333824K)
[41.083s][info][gc,heap        ] GC(268) ParOldGen: 5976558K(6526976K)->5996318K(6526976K)
[41.083s][info][gc,metaspace   ] GC(268) Metaspace: 6303K(6528K)->6303K(6528K) NonClass: 5769K(5888K)->5769K(5888K) Class: 533K(640K)->533K(640K)
[41.083s][info][gc             ] GC(268) Pause Young (Allocation Failure) 6181M->6181M(6771M) 167.177ms
[41.083s][info][gc,cpu         ] GC(268) User=1.14s Sys=0.02s Real=0.17s
[41.161s][info][gc,start       ] GC(269) Pause Young (Allocation Failure)
[41.362s][info][gc,heap        ] GC(269) PSYoungGen: 406528K(406528K)->226080K(448512K) Eden: 72704K(72704K)->0K(81408K) From: 333824K(333824K)->226080K(367104K)
[41.362s][info][gc,heap        ] GC(269) ParOldGen: 5996318K(6526976K)->6178326K(6526976K)
[41.362s][info][gc,metaspace   ] GC(269) Metaspace: 6303K(6528K)->6303K(6528K) NonClass: 5769K(5888K)->5769K(5888K) Class: 533K(640K)->533K(640K)
[41.362s][info][gc             ] GC(269) Pause Young (Allocation Failure) 6252M->6254M(6812M) 201.122ms
[41.362s][info][gc,cpu         ] GC(269) User=1.31s Sys=0.20s Real=0.20s
[41.448s][info][gc,start       ] GC(270) Pause Young (Allocation Failure)
[41.603s][info][gc,heap        ] GC(270) PSYoungGen: 307488K(448512K)->217856K(299520K) Eden: 81408K(81408K)->0K(81408K) From: 226080K(367104K)->217856K(218112K)
[41.603s][info][gc,heap        ] GC(270) ParOldGen: 6178326K(6526976K)->6268726K(6526976K)
[41.603s][info][gc,metaspace   ] GC(270) Metaspace: 6303K(6528K)->6303K(6528K) NonClass: 5769K(5888K)->5769K(5888K) Class: 533K(640K)->533K(640K)
[41.603s][info][gc             ] GC(270) Pause Young (Allocation Failure) 6333M->6334M(6666M) 155.441ms
[41.603s][info][gc,cpu         ] GC(270) User=0.98s Sys=0.03s Real=0.15s
[41.692s][info][gc,start       ] GC(271) Pause Young (Allocation Failure)
[41.844s][info][gc,heap        ] GC(271) PSYoungGen: 299264K(299520K)->163232K(435200K) Eden: 81408K(81408K)->0K(91136K) From: 217856K(218112K)->163232K(344064K)
[41.844s][info][gc,heap        ] GC(271) ParOldGen: 6268726K(6526976K)->6405862K(6526976K)
[41.844s][info][gc,metaspace   ] GC(271) Metaspace: 6303K(6528K)->6303K(6528K) NonClass: 5769K(5888K)->5769K(5888K) Class: 533K(640K)->533K(640K)
[41.844s][info][gc             ] GC(271) Pause Young (Allocation Failure) 6414M->6415M(6799M) 152.448ms
[41.844s][info][gc,cpu         ] GC(271) User=0.84s Sys=0.05s Real=0.15s
[41.844s][info][gc,start       ] GC(272) Pause Full (Ergonomics)
[41.844s][info][gc,phases,start] GC(272) Marking Phase
[43.345s][info][gc,phases      ] GC(272) Marking Phase 1501.063ms
[43.345s][info][gc,phases,start] GC(272) Summary Phase
[43.345s][info][gc,phases      ] GC(272) Summary Phase 0.102ms
[43.345s][info][gc,phases,start] GC(272) Adjust Roots
[43.346s][info][gc,phases      ] GC(272) Adjust Roots 0.203ms
[43.346s][info][gc,phases,start] GC(272) Compaction Phase
[44.041s][info][gc,phases      ] GC(272) Compaction Phase 694.944ms
[44.041s][info][gc,phases,start] GC(272) Post Compact
[44.050s][info][gc,phases      ] GC(272) Post Compact 9.755ms
[44.053s][info][gc,heap        ] GC(272) PSYoungGen: 163232K(435200K)->37592K(444928K) Eden: 0K(91136K)->0K(100864K) From: 163232K(344064K)->37592K(344064K)
[44.053s][info][gc,heap        ] GC(272) ParOldGen: 6405862K(6526976K)->6526501K(7220224K)
[44.053s][info][gc,metaspace   ] GC(272) Metaspace: 6303K(6528K)->6303K(6528K) NonClass: 5769K(5888K)->5769K(5888K) Class: 533K(640K)->533K(640K)
[44.053s][info][gc             ] GC(272) Pause Full (Ergonomics) 6415M->6410M(7485M) 2208.564ms
[44.053s][info][gc,cpu         ] GC(272) User=15.66s Sys=0.06s Real=2.21s
[44.155s][info][gc,start       ] GC(273) Pause Young (Allocation Failure)
[44.506s][info][gc,heap        ] GC(273) PSYoungGen: 138456K(444928K)->101184K(454656K) Eden: 100864K(100864K)->0K(100864K) From: 37592K(344064K)->101184K(353792K)
[44.506s][info][gc,heap        ] GC(273) ParOldGen: 6526501K(7220224K)->6564461K(7220224K)
[44.506s][info][gc,metaspace   ] GC(273) Metaspace: 6303K(6528K)->6303K(6528K) NonClass: 5769K(5888K)->5769K(5888K) Class: 533K(640K)->533K(640K)
[44.506s][info][gc             ] GC(273) Pause Young (Allocation Failure) 6508M->6509M(7495M) 351.619ms
[44.506s][info][gc,cpu         ] GC(273) User=2.16s Sys=0.02s Real=0.35s
[44.622s][info][gc,start       ] GC(274) Pause Young (Allocation Failure)
[44.754s][info][gc,heap        ] GC(274) PSYoungGen: 202048K(454656K)->202240K(443392K) Eden: 100864K(100864K)->0K(111104K) From: 101184K(353792K)->202240K(332288K)
[44.754s][info][gc,heap        ] GC(274) ParOldGen: 6564461K(7220224K)->6564461K(7220224K)
[44.754s][info][gc,metaspace   ] GC(274) Metaspace: 6303K(6528K)->6303K(6528K) NonClass: 5769K(5888K)->5769K(5888K) Class: 533K(640K)->533K(640K)
[44.754s][info][gc             ] GC(274) Pause Young (Allocation Failure) 6607M->6608M(7484M) 131.316ms
[44.754s][info][gc,cpu         ] GC(274) User=0.56s Sys=0.00s Real=0.13s
[44.865s][info][gc,start       ] GC(275) Pause Young (Allocation Failure)
[45.026s][info][gc,heap        ] GC(275) PSYoungGen: 313344K(443392K)->212512K(454656K) Eden: 111104K(111104K)->0K(111104K) From: 202240K(332288K)->212512K(343552K)
[45.026s][info][gc,heap        ] GC(275) ParOldGen: 6564461K(7220224K)->6666245K(7220224K)
[45.026s][info][gc,metaspace   ] GC(275) Metaspace: 6303K(6528K)->6303K(6528K) NonClass: 5769K(5888K)->5769K(5888K) Class: 533K(640K)->533K(640K)
[45.026s][info][gc             ] GC(275) Pause Young (Allocation Failure) 6716M->6717M(7495M) 161.715ms
[45.026s][info][gc,cpu         ] GC(275) User=0.72s Sys=0.08s Real=0.16s
[45.151s][info][gc,start       ] GC(276) Pause Young (Allocation Failure)
[45.323s][info][gc,heap        ] GC(276) PSYoungGen: 323616K(454656K)->222720K(454144K) Eden: 111104K(111104K)->0K(123392K) From: 212512K(343552K)->222720K(330752K)
[45.323s][info][gc,heap        ] GC(276) ParOldGen: 6666245K(7220224K)->6768013K(7220224K)
[45.323s][info][gc,metaspace   ] GC(276) Metaspace: 6303K(6528K)->6303K(6528K) NonClass: 5769K(5888K)->5769K(5888K) Class: 533K(640K)->533K(640K)
[45.323s][info][gc             ] GC(276) Pause Young (Allocation Failure) 6826M->6826M(7494M) 172.281ms
[45.323s][info][gc,cpu         ] GC(276) User=0.81s Sys=0.06s Real=0.17s
[45.440s][info][gc,start       ] GC(277) Pause Young (Allocation Failure)
[45.607s][info][gc,heap        ] GC(277) PSYoungGen: 346112K(454144K)->235040K(456704K) Eden: 123392K(123392K)->0K(123392K) From: 222720K(330752K)->235040K(333312K)
[45.607s][info][gc,heap        ] GC(277) ParOldGen: 6768013K(7220224K)->6880125K(7220224K)
[45.607s][info][gc,metaspace   ] GC(277) Metaspace: 6303K(6528K)->6303K(6528K) NonClass: 5769K(5888K)->5769K(5888K) Class: 533K(640K)->533K(640K)
[45.607s][info][gc             ] GC(277) Pause Young (Allocation Failure) 6947M->6948M(7497M) 167.597ms
[45.607s][info][gc,cpu         ] GC(277) User=1.20s Sys=0.12s Real=0.17s
[45.734s][info][gc,start       ] GC(278) Pause Young (Allocation Failure)
[45.914s][info][gc,heap        ] GC(278) PSYoungGen: 358432K(456704K)->247392K(466432K) Eden: 123392K(123392K)->0K(132608K) From: 235040K(333312K)->247392K(333824K)
[45.914s][info][gc,heap        ] GC(278) ParOldGen: 6880125K(7220224K)->6992221K(7220224K)
[45.914s][info][gc,metaspace   ] GC(278) Metaspace: 6303K(6528K)->6303K(6528K) NonClass: 5769K(5888K)->5769K(5888K) Class: 533K(640K)->533K(640K)
[45.914s][info][gc             ] GC(278) Pause Young (Allocation Failure) 7068M->7069M(7506M) 179.629ms
[45.914s][info][gc,cpu         ] GC(278) User=1.16s Sys=0.12s Real=0.18s
[46.045s][info][gc,start       ] GC(279) Pause Young (Allocation Failure)
[46.244s][info][gc,heap        ] GC(279) PSYoungGen: 380000K(466432K)->256640K(471040K) Eden: 132608K(132608K)->0K(132608K) From: 247392K(333824K)->256640K(338432K)
[46.244s][info][gc,heap        ] GC(279) ParOldGen: 6992221K(7220224K)->7116733K(7220224K)
[46.244s][info][gc,metaspace   ] GC(279) Metaspace: 6303K(6528K)->6303K(6528K) NonClass: 5769K(5888K)->5769K(5888K) Class: 533K(640K)->533K(640K)
[46.244s][info][gc             ] GC(279) Pause Young (Allocation Failure) 7199M->7200M(7511M) 199.530ms
[46.244s][info][gc,cpu         ] GC(279) User=1.17s Sys=0.08s Real=0.20s
[46.244s][info][gc,start       ] GC(280) Pause Full (Ergonomics)
[46.244s][info][gc,phases,start] GC(280) Marking Phase
[47.933s][info][gc,phases      ] GC(280) Marking Phase 1688.464ms
[47.933s][info][gc,phases,start] GC(280) Summary Phase
[47.933s][info][gc,phases      ] GC(280) Summary Phase 0.084ms
[47.933s][info][gc,phases,start] GC(280) Adjust Roots
[47.933s][info][gc,phases      ] GC(280) Adjust Roots 0.195ms
[47.933s][info][gc,phases,start] GC(280) Compaction Phase
[48.713s][info][gc,phases      ] GC(280) Compaction Phase 780.215ms
[48.713s][info][gc,phases,start] GC(280) Post Compact
[48.725s][info][gc,phases      ] GC(280) Post Compact 11.630ms
[48.727s][info][gc,heap        ] GC(280) PSYoungGen: 256640K(471040K)->147077K(471040K) Eden: 0K(132608K)->0K(132608K) From: 256640K(338432K)->147077K(338432K)
[48.727s][info][gc,heap        ] GC(280) ParOldGen: 7116733K(7220224K)->7220123K(7976960K)
[48.727s][info][gc,metaspace   ] GC(280) Metaspace: 6303K(6528K)->6303K(6528K) NonClass: 5769K(5888K)->5769K(5888K) Class: 533K(640K)->533K(640K)
[48.727s][info][gc             ] GC(280) Pause Full (Ergonomics) 7200M->7194M(8250M) 2483.264ms
[48.727s][info][gc,cpu         ] GC(280) User=17.81s Sys=0.03s Real=2.48s
[48.870s][info][gc,start       ] GC(281) Pause Young (Allocation Failure)
[49.332s][info][gc,heap        ] GC(281) PSYoungGen: 279685K(471040K)->213536K(463360K) Eden: 132608K(132608K)->0K(145408K) From: 147077K(338432K)->213536K(317952K)
[49.332s][info][gc,heap        ] GC(281) ParOldGen: 7220123K(7976960K)->7287491K(7976960K)
[49.332s][info][gc,metaspace   ] GC(281) Metaspace: 6303K(6528K)->6303K(6528K) NonClass: 5769K(5888K)->5769K(5888K) Class: 533K(640K)->533K(640K)
[49.332s][info][gc             ] GC(281) Pause Young (Allocation Failure) 7324M->7325M(8242M) 462.236ms
[49.332s][info][gc,cpu         ] GC(281) User=3.25s Sys=0.03s Real=0.46s
[49.484s][info][gc,start       ] GC(282) Pause Young (Allocation Failure)
[49.669s][info][gc,heap        ] GC(282) PSYoungGen: 358944K(463360K)->332288K(477696K) Eden: 145408K(145408K)->0K(145408K) From: 213536K(317952K)->332288K(332288K)
[49.669s][info][gc,heap        ] GC(282) ParOldGen: 7287491K(7976960K)->7314571K(7976960K)
[49.669s][info][gc,metaspace   ] GC(282) Metaspace: 6303K(6528K)->6303K(6528K) NonClass: 5769K(5888K)->5769K(5888K) Class: 533K(640K)->533K(640K)
[49.669s][info][gc             ] GC(282) Pause Young (Allocation Failure) 7467M->7467M(8256M) 185.200ms
[49.669s][info][gc,cpu         ] GC(282) User=1.39s Sys=0.00s Real=0.18s
[49.822s][info][gc,start       ] GC(283) Pause Young (Allocation Failure)
[50.095s][info][gc,heap        ] GC(283) PSYoungGen: 477696K(477696K)->280640K(529408K) Eden: 145408K(145408K)->0K(154112K) From: 332288K(332288K)->280640K(375296K)
[50.096s][info][gc,heap        ] GC(283) ParOldGen: 7314571K(7976960K)->7513499K(7976960K)
[50.096s][info][gc,metaspace   ] GC(283) Metaspace: 6303K(6528K)->6303K(6528K) NonClass: 5769K(5888K)->5769K(5888K) Class: 533K(640K)->533K(640K)
[50.096s][info][gc             ] GC(283) Pause Young (Allocation Failure) 7609M->7611M(8307M) 273.532ms
[50.096s][info][gc,cpu         ] GC(283) User=1.70s Sys=0.09s Real=0.27s
[50.267s][info][gc,start       ] GC(284) Pause Young (Allocation Failure)
[50.500s][info][gc,heap        ] GC(284) PSYoungGen: 434752K(529408K)->300256K(535040K) Eden: 154112K(154112K)->0K(154112K) From: 280640K(375296K)->300256K(380928K)
[50.501s][info][gc,heap        ] GC(284) ParOldGen: 7513499K(7976960K)->7649291K(7976960K)
[50.501s][info][gc,metaspace   ] GC(284) Metaspace: 6303K(6528K)->6303K(6528K) NonClass: 5769K(5888K)->5769K(5888K) Class: 533K(640K)->533K(640K)
[50.501s][info][gc             ] GC(284) Pause Young (Allocation Failure) 7761M->7763M(8312M) 233.119ms
[50.501s][info][gc,cpu         ] GC(284) User=1.83s Sys=0.02s Real=0.23s
[50.660s][info][gc,start       ] GC(285) Pause Young (Allocation Failure)
[50.901s][info][gc,heap        ] GC(285) PSYoungGen: 454368K(535040K)->308960K(551424K) Eden: 154112K(154112K)->0K(159744K) From: 300256K(380928K)->308960K(391680K)
[50.901s][info][gc,heap        ] GC(285) ParOldGen: 7649291K(7976960K)->7796043K(7976960K)
[50.901s][info][gc,metaspace   ] GC(285) Metaspace: 6303K(6528K)->6303K(6528K) NonClass: 5769K(5888K)->5769K(5888K) Class: 533K(640K)->533K(640K)
[50.901s][info][gc             ] GC(285) Pause Young (Allocation Failure) 7913M->7915M(8328M) 240.374ms
[50.901s][info][gc,cpu         ] GC(285) User=1.77s Sys=0.12s Real=0.24s
[50.901s][info][gc,start       ] GC(286) Pause Full (Ergonomics)
[50.901s][info][gc,phases,start] GC(286) Marking Phase
[52.786s][info][gc,phases      ] GC(286) Marking Phase 1885.154ms
[52.786s][info][gc,phases,start] GC(286) Summary Phase
[52.786s][info][gc,phases      ] GC(286) Summary Phase 0.094ms
[52.786s][info][gc,phases,start] GC(286) Adjust Roots
[52.786s][info][gc,phases      ] GC(286) Adjust Roots 0.171ms
[52.786s][info][gc,phases,start] GC(286) Compaction Phase
[53.623s][info][gc,phases      ] GC(286) Compaction Phase 836.942ms
[53.623s][info][gc,phases,start] GC(286) Post Compact
[53.636s][info][gc,phases      ] GC(286) Post Compact 12.349ms
[53.638s][info][gc,heap        ] GC(286) PSYoungGen: 308960K(551424K)->122143K(551424K) Eden: 0K(159744K)->0K(159744K) From: 308960K(391680K)->122143K(391680K)
[53.638s][info][gc,heap        ] GC(286) ParOldGen: 7796043K(7976960K)->7976544K(8832512K)
[53.639s][info][gc,metaspace   ] GC(286) Metaspace: 6303K(6528K)->6303K(6528K) NonClass: 5769K(5888K)->5769K(5888K) Class: 533K(640K)->533K(640K)
[53.639s][info][gc             ] GC(286) Pause Full (Ergonomics) 7915M->7908M(9164M) 2737.687ms
[53.639s][info][gc,cpu         ] GC(286) User=19.67s Sys=0.08s Real=2.74s
[53.802s][info][gc,start       ] GC(287) Pause Young (Allocation Failure)
[54.313s][info][gc,heap        ] GC(287) PSYoungGen: 281887K(551424K)->222240K(562688K) Eden: 159744K(159744K)->0K(159744K) From: 122143K(391680K)->222240K(402944K)
[54.313s][info][gc,heap        ] GC(287) ParOldGen: 7976544K(8832512K)->8037416K(8832512K)
[54.313s][info][gc,metaspace   ] GC(287) Metaspace: 6303K(6528K)->6303K(6528K) NonClass: 5769K(5888K)->5769K(5888K) Class: 533K(640K)->533K(640K)
[54.313s][info][gc             ] GC(287) Pause Young (Allocation Failure) 8064M->8066M(9175M) 510.884ms
[54.313s][info][gc,cpu         ] GC(287) User=3.41s Sys=0.02s Real=0.51s
[54.475s][info][gc,start       ] GC(288) Pause Young (Allocation Failure)
[54.682s][info][gc,heap        ] GC(288) PSYoungGen: 381984K(562688K)->382272K(527872K) Eden: 159744K(159744K)->0K(137216K) From: 222240K(402944K)->382272K(390656K)
[54.682s][info][gc,heap        ] GC(288) ParOldGen: 8037416K(8832512K)->8037416K(8832512K)
[54.682s][info][gc,metaspace   ] GC(288) Metaspace: 6303K(6528K)->6303K(6528K) NonClass: 5769K(5888K)->5769K(5888K) Class: 533K(640K)->533K(640K)
[54.682s][info][gc             ] GC(288) Pause Young (Allocation Failure) 8222M->8222M(9141M) 207.891ms
[54.683s][info][gc,cpu         ] GC(288) User=1.47s Sys=0.03s Real=0.21s
[54.829s][info][gc,start       ] GC(289) Pause Young (Allocation Failure)
[55.098s][info][gc,heap        ] GC(289) PSYoungGen: 519488K(527872K)->428032K(565248K) Eden: 137216K(137216K)->0K(137216K) From: 382272K(390656K)->428032K(428032K)
[55.098s][info][gc,heap        ] GC(289) ParOldGen: 8037416K(8832512K)->8129712K(8832512K)
[55.098s][info][gc,metaspace   ] GC(289) Metaspace: 6303K(6528K)->6303K(6528K) NonClass: 5769K(5888K)->5769K(5888K) Class: 533K(640K)->533K(640K)
[55.098s][info][gc             ] GC(289) Pause Young (Allocation Failure) 8356M->8357M(9177M) 268.746ms
[55.098s][info][gc,cpu         ] GC(289) User=1.95s Sys=0.05s Real=0.27s
[55.234s][info][gc,start       ] GC(290) Pause Young (Allocation Failure)
[55.562s][info][gc,heap        ] GC(290) PSYoungGen: 565248K(565248K)->393024K(642048K) Eden: 137216K(137216K)->0K(133632K) From: 428032K(428032K)->393024K(508416K)
[55.562s][info][gc,heap        ] GC(290) ParOldGen: 8129712K(8832512K)->8303568K(8832512K)
[55.562s][info][gc,metaspace   ] GC(290) Metaspace: 6303K(6528K)->6303K(6528K) NonClass: 5769K(5888K)->5769K(5888K) Class: 533K(640K)->533K(640K)
[55.562s][info][gc             ] GC(290) Pause Young (Allocation Failure) 8491M->8492M(9252M) 327.507ms
[55.562s][info][gc,cpu         ] GC(290) User=2.05s Sys=0.17s Real=0.33s
[55.706s][info][gc,start       ] GC(291) Pause Young (Allocation Failure)
[56.005s][info][gc,heap        ] GC(291) PSYoungGen: 526656K(642048K)->393408K(660480K) Eden: 133632K(133632K)->0K(133632K) From: 393024K(508416K)->393408K(526848K)
[56.005s][info][gc,heap        ] GC(291) ParOldGen: 8303568K(8832512K)->8438048K(8832512K)
[56.005s][info][gc,metaspace   ] GC(291) Metaspace: 6303K(6528K)->6303K(6528K) NonClass: 5769K(5888K)->5769K(5888K) Class: 533K(640K)->533K(640K)
[56.005s][info][gc             ] GC(291) Pause Young (Allocation Failure) 8623M->8624M(9270M) 298.798ms
[56.005s][info][gc,cpu         ] GC(291) User=2.19s Sys=0.08s Real=0.30s
[56.151s][info][gc,start       ] GC(292) Pause Young (Allocation Failure)
[56.483s][info][gc,heap        ] GC(292) PSYoungGen: 527040K(660480K)->267936K(656384K) Eden: 133632K(133632K)->0K(150528K) From: 393408K(526848K)->267936K(505856K)
[56.483s][info][gc,heap        ] GC(292) ParOldGen: 8438048K(8832512K)->8699232K(8832512K)
[56.483s][info][gc,metaspace   ] GC(292) Metaspace: 6303K(6528K)->6303K(6528K) NonClass: 5769K(5888K)->5769K(5888K) Class: 533K(640K)->533K(640K)
[56.483s][info][gc             ] GC(292) Pause Young (Allocation Failure) 8754M->8757M(9266M) 332.501ms
[56.483s][info][gc,cpu         ] GC(292) User=2.11s Sys=0.14s Real=0.33s
[56.483s][info][gc,start       ] GC(293) Pause Full (Ergonomics)
[56.483s][info][gc,phases,start] GC(293) Marking Phase
[58.631s][info][gc,phases      ] GC(293) Marking Phase 2147.840ms
[58.631s][info][gc,phases,start] GC(293) Summary Phase
[58.631s][info][gc,phases      ] GC(293) Summary Phase 0.092ms
[58.631s][info][gc,phases,start] GC(293) Adjust Roots
[58.631s][info][gc,phases      ] GC(293) Adjust Roots 0.219ms
[58.631s][info][gc,phases,start] GC(293) Compaction Phase
[59.480s][info][gc,phases      ] GC(293) Compaction Phase 848.448ms
[59.480s][info][gc,phases,start] GC(293) Post Compact
[59.494s][info][gc,phases      ] GC(293) Post Compact 13.758ms
[59.497s][info][gc,heap        ] GC(293) PSYoungGen: 267936K(656384K)->127173K(673280K) Eden: 0K(150528K)->0K(167424K) From: 267936K(505856K)->127173K(505856K)
[59.497s][info][gc,heap        ] GC(293) ParOldGen: 8699232K(8832512K)->8832503K(9800192K)
[59.497s][info][gc,metaspace   ] GC(293) Metaspace: 6303K(6528K)->6303K(6528K) NonClass: 5769K(5888K)->5769K(5888K) Class: 533K(640K)->533K(640K)
[59.497s][info][gc             ] GC(293) Pause Full (Ergonomics) 8757M->8749M(10228M) 3013.906ms
[59.497s][info][gc,cpu         ] GC(293) User=22.11s Sys=0.06s Real=3.01s
[59.677s][info][gc,start       ] GC(294) Pause Young (Allocation Failure)
[60.267s][info][gc,heap        ] GC(294) PSYoungGen: 294597K(673280K)->167872K(690176K) Eden: 167424K(167424K)->0K(167424K) From: 127173K(505856K)->167872K(522752K)
[60.267s][info][gc,heap        ] GC(294) ParOldGen: 8832503K(9800192K)->8960911K(9800192K)
[60.267s][info][gc,metaspace   ] GC(294) Metaspace: 6303K(6528K)->6303K(6528K) NonClass: 5769K(5888K)->5769K(5888K) Class: 533K(640K)->533K(640K)
[60.267s][info][gc             ] GC(294) Pause Young (Allocation Failure) 8913M->8914M(10244M) 590.593ms
[60.267s][info][gc,cpu         ] GC(294) User=3.75s Sys=0.09s Real=0.59s
[60.461s][info][gc,start       ] GC(295) Pause Young (Allocation Failure)
[60.667s][info][gc,heap        ] GC(295) PSYoungGen: 335296K(690176K)->167904K(701440K) Eden: 167424K(167424K)->0K(184832K) From: 167872K(522752K)->167904K(516608K)
[60.667s][info][gc,heap        ] GC(295) ParOldGen: 8960911K(9800192K)->9129863K(9800192K)
[60.667s][info][gc,metaspace   ] GC(295) Metaspace: 6303K(6528K)->6303K(6528K) NonClass: 5769K(5888K)->5769K(5888K) Class: 533K(640K)->533K(640K)
[60.667s][info][gc             ] GC(295) Pause Young (Allocation Failure) 9078M->9079M(10255M) 206.516ms
[60.667s][info][gc,cpu         ] GC(295) User=1.33s Sys=0.05s Real=0.21s
[60.868s][info][gc,start       ] GC(296) Pause Young (Allocation Failure)
[61.075s][info][gc,heap        ] GC(296) PSYoungGen: 352736K(701440K)->185312K(704512K) Eden: 184832K(184832K)->0K(184832K) From: 167904K(516608K)->185312K(519680K)
[61.075s][info][gc,heap        ] GC(296) ParOldGen: 9129863K(9800192K)->9298791K(9800192K)
[61.075s][info][gc,metaspace   ] GC(296) Metaspace: 6303K(6528K)->6303K(6528K) NonClass: 5769K(5888K)->5769K(5888K) Class: 533K(640K)->533K(640K)
[61.075s][info][gc             ] GC(296) Pause Young (Allocation Failure) 9260M->9261M(10258M) 207.501ms
[61.075s][info][gc,cpu         ] GC(296) User=1.38s Sys=0.03s Real=0.21s
[61.271s][info][gc,start       ] GC(297) Pause Young (Allocation Failure)
[61.506s][info][gc,heap        ] GC(297) PSYoungGen: 370144K(704512K)->185376K(693760K) Eden: 184832K(184832K)->0K(204288K) From: 185312K(519680K)->185376K(489472K)
[61.506s][info][gc,heap        ] GC(297) ParOldGen: 9298791K(9800192K)->9485303K(9800192K)
[61.506s][info][gc,metaspace   ] GC(297) Metaspace: 6303K(6528K)->6303K(6528K) NonClass: 5769K(5888K)->5769K(5888K) Class: 533K(640K)->533K(640K)
[61.507s][info][gc             ] GC(297) Pause Young (Allocation Failure) 9442M->9444M(10248M) 235.242ms
[61.507s][info][gc,cpu         ] GC(297) User=1.42s Sys=0.14s Real=0.24s
[61.721s][info][gc,start       ] GC(298) Pause Young (Allocation Failure)
[61.958s][info][gc,heap        ] GC(298) PSYoungGen: 389664K(693760K)->204832K(704000K) Eden: 204288K(204288K)->0K(204288K) From: 185376K(489472K)->204832K(499712K)
[61.958s][info][gc,heap        ] GC(298) ParOldGen: 9485303K(9800192K)->9671831K(9800192K)
[61.958s][info][gc,metaspace   ] GC(298) Metaspace: 6303K(6528K)->6303K(6528K) NonClass: 5769K(5888K)->5769K(5888K) Class: 533K(640K)->533K(640K)
[61.958s][info][gc             ] GC(298) Pause Young (Allocation Failure) 9643M->9645M(10258M) 237.588ms
[61.958s][info][gc,cpu         ] GC(298) User=1.70s Sys=0.06s Real=0.24s
[61.958s][info][gc,start       ] GC(299) Pause Full (Ergonomics)
[61.958s][info][gc,phases,start] GC(299) Marking Phase
[64.333s][info][gc,phases      ] GC(299) Marking Phase 2374.617ms
[64.333s][info][gc,phases,start] GC(299) Summary Phase
[64.333s][info][gc,phases      ] GC(299) Summary Phase 0.098ms
[64.333s][info][gc,phases,start] GC(299) Adjust Roots
[64.333s][info][gc,phases      ] GC(299) Adjust Roots 0.194ms
[64.334s][info][gc,phases,start] GC(299) Compaction Phase
[65.166s][info][gc,phases      ] GC(299) Compaction Phase 832.222ms
[65.166s][info][gc,phases,start] GC(299) Post Compact
[65.186s][info][gc,phases      ] GC(299) Post Compact 19.966ms
[65.189s][info][gc,heap        ] GC(299) PSYoungGen: 204832K(704000K)->68344K(704000K) Eden: 0K(204288K)->0K(204288K) From: 204832K(499712K)->68344K(499712K)
[65.189s][info][gc,heap        ] GC(299) ParOldGen: 9671831K(9800192K)->9799965K(10853888K)
[65.189s][info][gc,metaspace   ] GC(299) Metaspace: 6303K(6528K)->6303K(6528K) NonClass: 5769K(5888K)->5769K(5888K) Class: 533K(640K)->533K(640K)
[65.190s][info][gc             ] GC(299) Pause Full (Ergonomics) 9645M->9637M(11287M) 3231.034ms
[65.190s][info][gc,cpu         ] GC(299) User=23.78s Sys=0.14s Real=3.23s
[65.417s][info][gc,start       ] GC(300) Pause Young (Allocation Failure)
[66.023s][info][gc,heap        ] GC(300) PSYoungGen: 272632K(704000K)->204768K(673792K) Eden: 204288K(204288K)->0K(222720K) From: 68344K(499712K)->204768K(451072K)
[66.023s][info][gc,heap        ] GC(300) ParOldGen: 9799965K(10853888K)->9868981K(10853888K)
[66.023s][info][gc,metaspace   ] GC(300) Metaspace: 6303K(6528K)->6303K(6528K) NonClass: 5769K(5888K)->5769K(5888K) Class: 533K(640K)->533K(640K)
[66.023s][info][gc             ] GC(300) Pause Young (Allocation Failure) 9836M->9837M(11257M) 606.736ms
[66.023s][info][gc,cpu         ] GC(300) User=4.02s Sys=0.14s Real=0.61s
[66.260s][info][gc,start       ] GC(301) Pause Young (Allocation Failure)
[66.517s][info][gc,heap        ] GC(301) PSYoungGen: 427488K(673792K)->428000K(692224K) Eden: 222720K(222720K)->0K(222720K) From: 204768K(451072K)->428000K(469504K)
[66.518s][info][gc,heap        ] GC(301) ParOldGen: 9868981K(10853888K)->9868981K(10853888K)
[66.518s][info][gc,metaspace   ] GC(301) Metaspace: 6303K(6528K)->6303K(6528K) NonClass: 5769K(5888K)->5769K(5888K) Class: 533K(640K)->533K(640K)
[66.518s][info][gc             ] GC(301) Pause Young (Allocation Failure) 10055M->10055M(11275M) 257.468ms
[66.518s][info][gc,cpu         ] GC(301) User=1.80s Sys=0.00s Real=0.26s
[66.764s][info][gc,start       ] GC(302) Pause Young (Allocation Failure)
[67.159s][info][gc,heap        ] GC(302) PSYoungGen: 650720K(692224K)->514048K(638976K) Eden: 222720K(222720K)->0K(124928K) From: 428000K(469504K)->514048K(514048K)
[67.159s][info][gc,heap        ] GC(302) ParOldGen: 9868981K(10853888K)->10006933K(10853888K)
[67.159s][info][gc,metaspace   ] GC(302) Metaspace: 6303K(6528K)->6303K(6528K) NonClass: 5769K(5888K)->5769K(5888K) Class: 533K(640K)->533K(640K)
[67.159s][info][gc             ] GC(302) Pause Young (Allocation Failure) 10273M->10274M(11223M) 395.883ms
[67.160s][info][gc,cpu         ] GC(302) User=2.45s Sys=0.30s Real=0.39s
[67.304s][info][gc,start       ] GC(303) Pause Young (Allocation Failure)
[67.677s][info][gc,heap        ] GC(303) PSYoungGen: 638976K(638976K)->297856K(422912K) Eden: 124928K(124928K)->0K(124928K) From: 514048K(514048K)->297856K(297984K)
[67.677s][info][gc,heap        ] GC(303) ParOldGen: 10006933K(10853888K)->10350901K(10853888K)
[67.677s][info][gc,metaspace   ] GC(303) Metaspace: 6303K(6528K)->6303K(6528K) NonClass: 5769K(5888K)->5769K(5888K) Class: 533K(640K)->533K(640K)
[67.677s][info][gc             ] GC(303) Pause Young (Allocation Failure) 10396M->10399M(11012M) 373.178ms
[67.677s][info][gc,cpu         ] GC(303) User=2.55s Sys=0.20s Real=0.37s
[67.820s][info][gc,start       ] GC(304) Pause Young (Allocation Failure)
[68.079s][info][gc,heap        ] GC(304) PSYoungGen: 422784K(422912K)->250496K(699392K) Eden: 124928K(124928K)->0K(139264K) From: 297856K(297984K)->250496K(560128K)
[68.079s][info][gc,heap        ] GC(304) ParOldGen: 10350901K(10853888K)->10524653K(10853888K)
[68.079s][info][gc,metaspace   ] GC(304) Metaspace: 6303K(6528K)->6303K(6528K) NonClass: 5769K(5888K)->5769K(5888K) Class: 533K(640K)->533K(640K)
[68.079s][info][gc             ] GC(304) Pause Young (Allocation Failure) 10521M->10522M(11282M) 258.599ms
[68.079s][info][gc,cpu         ] GC(304) User=1.69s Sys=0.08s Real=0.26s
[68.232s][info][gc,start       ] GC(305) Pause Young (Allocation Failure)
[68.485s][info][gc,heap        ] GC(305) PSYoungGen: 389760K(699392K)->264800K(404480K) Eden: 139264K(139264K)->0K(139264K) From: 250496K(560128K)->264800K(265216K)
[68.486s][info][gc,heap        ] GC(305) ParOldGen: 10524653K(10853888K)->10650709K(10853888K)
[68.486s][info][gc,metaspace   ] GC(305) Metaspace: 6303K(6528K)->6303K(6528K) NonClass: 5769K(5888K)->5769K(5888K) Class: 533K(640K)->533K(640K)
[68.486s][info][gc             ] GC(305) Pause Young (Allocation Failure) 10658M->10659M(10994M) 254.012ms
[68.486s][info][gc,cpu         ] GC(305) User=1.33s Sys=0.06s Real=0.25s
[68.486s][info][gc,start       ] GC(306) Pause Full (Ergonomics)
[68.486s][info][gc,phases,start] GC(306) Marking Phase
[71.260s][info][gc,phases      ] GC(306) Marking Phase 2774.805ms
[71.261s][info][gc,phases,start] GC(306) Summary Phase
[71.261s][info][gc,phases      ] GC(306) Summary Phase 0.164ms
[71.261s][info][gc,phases,start] GC(306) Adjust Roots
[71.261s][info][gc,phases      ] GC(306) Adjust Roots 0.244ms
[71.261s][info][gc,phases,start] GC(306) Compaction Phase
[73.209s][info][gc,phases      ] GC(306) Compaction Phase 1948.279ms
[73.209s][info][gc,phases,start] GC(306) Post Compact
[73.234s][info][gc,phases      ] GC(306) Post Compact 24.825ms
[73.238s][info][gc,heap        ] GC(306) PSYoungGen: 264800K(404480K)->53097K(404480K) Eden: 0K(139264K)->0K(139264K) From: 264800K(265216K)->53097K(265216K)
[73.238s][info][gc,heap        ] GC(306) ParOldGen: 10650709K(10853888K)->10853866K(11127808K)
[73.238s][info][gc,metaspace   ] GC(306) Metaspace: 6303K(6528K)->6303K(6528K) NonClass: 5769K(5888K)->5769K(5888K) Class: 533K(640K)->533K(640K)
[73.238s][info][gc             ] GC(306) Pause Full (Ergonomics) 10659M->10651M(11262M) 4752.516ms
[73.238s][info][gc,cpu         ] GC(306) User=26.56s Sys=0.89s Real=4.75s
[73.430s][info][gc,start       ] GC(307) Pause Young (Allocation Failure)
[74.118s][info][gc,heap        ] GC(307) PSYoungGen: 192361K(404480K)->169184K(697344K) Eden: 139264K(139264K)->0K(152576K) From: 53097K(265216K)->169184K(544768K)
[74.118s][info][gc,heap        ] GC(307) ParOldGen: 10853866K(11127808K)->10877762K(11127808K)
[74.118s][info][gc,metaspace   ] GC(307) Metaspace: 6303K(6528K)->6303K(6528K) NonClass: 5769K(5888K)->5769K(5888K) Class: 533K(640K)->533K(640K)
[74.118s][info][gc             ] GC(307) Pause Young (Allocation Failure) 10787M->10788M(11548M) 688.723ms
[74.118s][info][gc,cpu         ] GC(307) User=4.16s Sys=0.05s Real=0.69s
[74.118s][info][gc,start       ] GC(308) Pause Full (Ergonomics)
[74.118s][info][gc,phases,start] GC(308) Marking Phase
[76.779s][info][gc,phases      ] GC(308) Marking Phase 2660.256ms
[76.779s][info][gc,phases,start] GC(308) Summary Phase
[76.779s][info][gc,phases      ] GC(308) Summary Phase 0.177ms
[76.779s][info][gc,phases,start] GC(308) Adjust Roots
[76.779s][info][gc,phases      ] GC(308) Adjust Roots 0.230ms
[76.779s][info][gc,phases,start] GC(308) Compaction Phase
[77.602s][info][gc,phases      ] GC(308) Compaction Phase 823.046ms
[77.602s][info][gc,phases,start] GC(308) Post Compact
[77.620s][info][gc,phases      ] GC(308) Post Compact 17.297ms
[77.620s][info][gc,heap        ] GC(308) PSYoungGen: 169184K(697344K)->0K(705536K) Eden: 0K(152576K)->0K(152576K) From: 169184K(544768K)->0K(552960K)
[77.620s][info][gc,heap        ] GC(308) ParOldGen: 10877762K(11127808K)->11046197K(11127808K)
[77.620s][info][gc,metaspace   ] GC(308) Metaspace: 6303K(6528K)->6303K(6528K) NonClass: 5769K(5888K)->5769K(5888K) Class: 533K(640K)->533K(640K)
[77.620s][info][gc             ] GC(308) Pause Full (Ergonomics) 10788M->10787M(11556M) 3501.458ms
[77.620s][info][gc,cpu         ] GC(308) User=24.53s Sys=0.67s Real=3.50s
[77.788s][info][gc,start       ] GC(309) Pause Full (Ergonomics)
[77.788s][info][gc,phases,start] GC(309) Marking Phase
[80.546s][info][gc,phases      ] GC(309) Marking Phase 2757.863ms
[80.546s][info][gc,phases,start] GC(309) Summary Phase
[80.546s][info][gc,phases      ] GC(309) Summary Phase 0.140ms
[80.546s][info][gc,phases,start] GC(309) Adjust Roots
[80.546s][info][gc,phases      ] GC(309) Adjust Roots 0.264ms
[80.546s][info][gc,phases,start] GC(309) Compaction Phase
[81.492s][info][gc,phases      ] GC(309) Compaction Phase 945.292ms
[81.492s][info][gc,phases,start] GC(309) Post Compact
[81.515s][info][gc,phases      ] GC(309) Post Compact 23.287ms
[81.515s][info][gc,heap        ] GC(309) PSYoungGen: 152576K(705536K)->71153K(705536K) Eden: 152576K(152576K)->71153K(152576K) From: 0K(552960K)->0K(552960K)
[81.515s][info][gc,heap        ] GC(309) ParOldGen: 11046197K(11127808K)->11127590K(11127808K)
[81.515s][info][gc,metaspace   ] GC(309) Metaspace: 6303K(6528K)->6303K(6528K) NonClass: 5769K(5888K)->5769K(5888K) Class: 533K(640K)->533K(640K)
[81.515s][info][gc             ] GC(309) Pause Full (Ergonomics) 10936M->10936M(11556M) 3727.353ms
[81.515s][info][gc,cpu         ] GC(309) User=25.19s Sys=0.08s Real=3.73s
[81.626s][info][gc,start       ] GC(310) Pause Full (Ergonomics)
[81.626s][info][gc,phases,start] GC(310) Marking Phase
[84.221s][info][gc,phases      ] GC(310) Marking Phase 2595.146ms
[84.222s][info][gc,phases,start] GC(310) Summary Phase
[84.222s][info][gc,phases      ] GC(310) Summary Phase 0.141ms
[84.222s][info][gc,phases,start] GC(310) Adjust Roots
[84.222s][info][gc,phases      ] GC(310) Adjust Roots 0.315ms
[84.222s][info][gc,phases,start] GC(310) Compaction Phase
[84.939s][info][gc,phases      ] GC(310) Compaction Phase 717.403ms
[84.940s][info][gc,phases,start] GC(310) Post Compact
[84.955s][info][gc,phases      ] GC(310) Post Compact 15.056ms
[84.955s][info][gc,heap        ] GC(310) PSYoungGen: 152576K(705536K)->152559K(705536K) Eden: 152576K(152576K)->152559K(152576K) From: 0K(552960K)->0K(552960K)
[84.955s][info][gc,heap        ] GC(310) ParOldGen: 11127590K(11127808K)->11127590K(11127808K)
[84.955s][info][gc,metaspace   ] GC(310) Metaspace: 6303K(6528K)->6303K(6528K) NonClass: 5769K(5888K)->5769K(5888K) Class: 533K(640K)->533K(640K)
[84.955s][info][gc             ] GC(310) Pause Full (Ergonomics) 11015M->11015M(11556M) 3328.490ms
[84.955s][info][gc,cpu         ] GC(310) User=25.59s Sys=0.00s Real=3.33s
[84.955s][info][gc,start       ] GC(311) Pause Full (Ergonomics)
[84.955s][info][gc,phases,start] GC(311) Marking Phase
[87.514s][info][gc,phases      ] GC(311) Marking Phase 2558.911ms
[87.514s][info][gc,phases,start] GC(311) Summary Phase
[87.514s][info][gc,phases      ] GC(311) Summary Phase 0.121ms
[87.514s][info][gc,phases,start] GC(311) Adjust Roots
[87.514s][info][gc,phases      ] GC(311) Adjust Roots 0.200ms
[87.514s][info][gc,phases,start] GC(311) Compaction Phase
[88.247s][info][gc,phases      ] GC(311) Compaction Phase 733.117ms
[88.248s][info][gc,phases,start] GC(311) Post Compact
[88.266s][info][gc,phases      ] GC(311) Post Compact 18.536ms
[88.266s][info][gc,heap        ] GC(311) PSYoungGen: 152576K(705536K)->152575K(705536K) Eden: 152576K(152576K)->152575K(152576K) From: 0K(552960K)->0K(552960K)
[88.266s][info][gc,heap        ] GC(311) ParOldGen: 11127590K(11127808K)->11127590K(11127808K)
[88.266s][info][gc,metaspace   ] GC(311) Metaspace: 6303K(6528K)->6303K(6528K) NonClass: 5769K(5888K)->5769K(5888K) Class: 533K(640K)->533K(640K)
[88.266s][info][gc             ] GC(311) Pause Full (Ergonomics) 11015M->11015M(11556M) 3311.274ms
[88.266s][info][gc,cpu         ] GC(311) User=25.33s Sys=0.02s Real=3.31s
[88.266s][info][gc,start       ] GC(312) Pause Full (Ergonomics)
[88.266s][info][gc,phases,start] GC(312) Marking Phase
[90.836s][info][gc,phases      ] GC(312) Marking Phase 2569.799ms
[90.836s][info][gc,phases,start] GC(312) Summary Phase
[90.836s][info][gc,phases      ] GC(312) Summary Phase 0.133ms
[90.836s][info][gc,phases,start] GC(312) Adjust Roots
[90.837s][info][gc,phases      ] GC(312) Adjust Roots 0.326ms
[90.837s][info][gc,phases,start] GC(312) Compaction Phase
[91.572s][info][gc,phases      ] GC(312) Compaction Phase 734.746ms
[91.572s][info][gc,phases,start] GC(312) Post Compact
[91.587s][info][gc,phases      ] GC(312) Post Compact 15.029ms
[91.587s][info][gc,heap        ] GC(312) PSYoungGen: 152575K(705536K)->152575K(705536K) Eden: 152575K(152576K)->152575K(152576K) From: 0K(552960K)->0K(552960K)
[91.587s][info][gc,heap        ] GC(312) ParOldGen: 11127590K(11127808K)->11127590K(11127808K)
[91.587s][info][gc,metaspace   ] GC(312) Metaspace: 6303K(6528K)->6303K(6528K) NonClass: 5769K(5888K)->5769K(5888K) Class: 533K(640K)->533K(640K)
[91.587s][info][gc             ] GC(312) Pause Full (Ergonomics) 11015M->11015M(11556M) 3320.462ms
[91.587s][info][gc,cpu         ] GC(312) User=25.62s Sys=0.02s Real=3.32s
[91.587s][info][gc,start       ] GC(313) Pause Full (Ergonomics)
[91.587s][info][gc,phases,start] GC(313) Marking Phase
[94.161s][info][gc,phases      ] GC(313) Marking Phase 2574.033ms
[94.161s][info][gc,phases,start] GC(313) Summary Phase
[94.162s][info][gc,phases      ] GC(313) Summary Phase 0.183ms
[94.162s][info][gc,phases,start] GC(313) Adjust Roots
[94.162s][info][gc,phases      ] GC(313) Adjust Roots 0.327ms
[94.162s][info][gc,phases,start] GC(313) Compaction Phase
[94.891s][info][gc,phases      ] GC(313) Compaction Phase 729.234ms
[94.891s][info][gc,phases,start] GC(313) Post Compact
[94.907s][info][gc,phases      ] GC(313) Post Compact 16.226ms
[94.908s][info][gc,heap        ] GC(313) PSYoungGen: 152575K(705536K)->152575K(705536K) Eden: 152575K(152576K)->152575K(152576K) From: 0K(552960K)->0K(552960K)
[94.908s][info][gc,heap        ] GC(313) ParOldGen: 11127595K(11127808K)->11127595K(11127808K)
[94.908s][info][gc,metaspace   ] GC(313) Metaspace: 6303K(6528K)->6303K(6528K) NonClass: 5769K(5888K)->5769K(5888K) Class: 533K(640K)->533K(640K)
[94.908s][info][gc             ] GC(313) Pause Full (Ergonomics) 11015M->11015M(11556M) 3320.500ms
[94.908s][info][gc,cpu         ] GC(313) User=25.55s Sys=0.00s Real=3.32s
[94.908s][info][gc,start       ] GC(314) Pause Full (Ergonomics)
[94.908s][info][gc,phases,start] GC(314) Marking Phase
[97.464s][info][gc,phases      ] GC(314) Marking Phase 2556.227ms
[97.464s][info][gc,phases,start] GC(314) Summary Phase
[97.464s][info][gc,phases      ] GC(314) Summary Phase 0.118ms
[97.464s][info][gc,phases,start] GC(314) Adjust Roots
[97.465s][info][gc,phases      ] GC(314) Adjust Roots 0.188ms
[97.465s][info][gc,phases,start] GC(314) Compaction Phase
[98.190s][info][gc,phases      ] GC(314) Compaction Phase 725.755ms
[98.190s][info][gc,phases,start] GC(314) Post Compact
[98.207s][info][gc,phases      ] GC(314) Post Compact 16.223ms
[98.207s][info][gc,heap        ] GC(314) PSYoungGen: 152575K(705536K)->152575K(705536K) Eden: 152575K(152576K)->152575K(152576K) From: 0K(552960K)->0K(552960K)
[98.207s][info][gc,heap        ] GC(314) ParOldGen: 11127600K(11127808K)->11127600K(11127808K)
[98.207s][info][gc,metaspace   ] GC(314) Metaspace: 6303K(6528K)->6303K(6528K) NonClass: 5769K(5888K)->5769K(5888K) Class: 533K(640K)->533K(640K)
[98.207s][info][gc             ] GC(314) Pause Full (Ergonomics) 11015M->11015M(11556M) 3298.870ms
[98.207s][info][gc,cpu         ] GC(314) User=25.41s Sys=0.00s Real=3.30s
[98.207s][info][gc,start       ] GC(315) Pause Full (Ergonomics)
[98.207s][info][gc,phases,start] GC(315) Marking Phase
[100.780s][info][gc,phases      ] GC(315) Marking Phase 2572.973ms
[100.780s][info][gc,phases,start] GC(315) Summary Phase
[100.780s][info][gc,phases      ] GC(315) Summary Phase 0.161ms
[100.780s][info][gc,phases,start] GC(315) Adjust Roots
[100.780s][info][gc,phases      ] GC(315) Adjust Roots 0.245ms
[100.780s][info][gc,phases,start] GC(315) Compaction Phase
[101.499s][info][gc,phases      ] GC(315) Compaction Phase 718.624ms
[101.499s][info][gc,phases,start] GC(315) Post Compact
[101.515s][info][gc,phases      ] GC(315) Post Compact 15.965ms
[101.515s][info][gc,heap        ] GC(315) PSYoungGen: 152575K(705536K)->152575K(705536K) Eden: 152575K(152576K)->152575K(152576K) From: 0K(552960K)->0K(552960K)
[101.515s][info][gc,heap        ] GC(315) ParOldGen: 11127604K(11127808K)->11127604K(11127808K)
[101.515s][info][gc,metaspace   ] GC(315) Metaspace: 6303K(6528K)->6303K(6528K) NonClass: 5769K(5888K)->5769K(5888K) Class: 533K(640K)->533K(640K)
[101.515s][info][gc             ] GC(315) Pause Full (Ergonomics) 11015M->11015M(11556M) 3308.361ms
[101.515s][info][gc,cpu         ] GC(315) User=25.70s Sys=0.02s Real=3.31s
[101.516s][info][gc,start       ] GC(316) Pause Full (Ergonomics)
[101.516s][info][gc,phases,start] GC(316) Marking Phase
[104.078s][info][gc,phases      ] GC(316) Marking Phase 2562.541ms
[104.078s][info][gc,phases,start] GC(316) Summary Phase
[104.078s][info][gc,phases      ] GC(316) Summary Phase 0.171ms
[104.078s][info][gc,phases,start] GC(316) Adjust Roots
[104.079s][info][gc,phases      ] GC(316) Adjust Roots 0.335ms
[104.079s][info][gc,phases,start] GC(316) Compaction Phase
[104.789s][info][gc,phases      ] GC(316) Compaction Phase 710.197ms
[104.789s][info][gc,phases,start] GC(316) Post Compact
[104.805s][info][gc,phases      ] GC(316) Post Compact 15.971ms
[104.805s][info][gc,heap        ] GC(316) PSYoungGen: 152575K(705536K)->152575K(705536K) Eden: 152575K(152576K)->152575K(152576K) From: 0K(552960K)->0K(552960K)
[104.805s][info][gc,heap        ] GC(316) ParOldGen: 11127609K(11127808K)->11127609K(11127808K)
[104.805s][info][gc,metaspace   ] GC(316) Metaspace: 6303K(6528K)->6303K(6528K) NonClass: 5769K(5888K)->5769K(5888K) Class: 533K(640K)->533K(640K)
[104.805s][info][gc             ] GC(316) Pause Full (Ergonomics) 11015M->11015M(11556M) 3289.640ms
[104.805s][info][gc,cpu         ] GC(316) User=25.47s Sys=0.00s Real=3.29s
[104.805s][info][gc,start       ] GC(317) Pause Full (Ergonomics)
[104.805s][info][gc,phases,start] GC(317) Marking Phase
[107.361s][info][gc,phases      ] GC(317) Marking Phase 2555.343ms
[107.361s][info][gc,phases,start] GC(317) Summary Phase
[107.361s][info][gc,phases      ] GC(317) Summary Phase 0.136ms
[107.361s][info][gc,phases,start] GC(317) Adjust Roots
[107.361s][info][gc,phases      ] GC(317) Adjust Roots 0.229ms
[107.361s][info][gc,phases,start] GC(317) Compaction Phase
[108.070s][info][gc,phases      ] GC(317) Compaction Phase 708.454ms
[108.070s][info][gc,phases,start] GC(317) Post Compact
[108.087s][info][gc,phases      ] GC(317) Post Compact 17.165ms
[108.087s][info][gc,heap        ] GC(317) PSYoungGen: 152575K(705536K)->152575K(705536K) Eden: 152575K(152576K)->152575K(152576K) From: 0K(552960K)->0K(552960K)
[108.087s][info][gc,heap        ] GC(317) ParOldGen: 11127614K(11127808K)->11127614K(11127808K)
[108.087s][info][gc,metaspace   ] GC(317) Metaspace: 6303K(6528K)->6303K(6528K) NonClass: 5769K(5888K)->5769K(5888K) Class: 533K(640K)->533K(640K)
[108.087s][info][gc             ] GC(317) Pause Full (Ergonomics) 11015M->11015M(11556M) 3281.730ms
[108.087s][info][gc,cpu         ] GC(317) User=25.48s Sys=0.00s Real=3.28s
[108.087s][info][gc,start       ] GC(318) Pause Full (Ergonomics)
[108.087s][info][gc,phases,start] GC(318) Marking Phase
[110.661s][info][gc,phases      ] GC(318) Marking Phase 2573.305ms
[110.661s][info][gc,phases,start] GC(318) Summary Phase
[110.661s][info][gc,phases      ] GC(318) Summary Phase 0.102ms
[110.661s][info][gc,phases,start] GC(318) Adjust Roots
[110.661s][info][gc,phases      ] GC(318) Adjust Roots 0.181ms
[110.661s][info][gc,phases,start] GC(318) Compaction Phase
[111.392s][info][gc,phases      ] GC(318) Compaction Phase 731.134ms
[111.392s][info][gc,phases,start] GC(318) Post Compact
[111.409s][info][gc,phases      ] GC(318) Post Compact 16.244ms
[111.409s][info][gc,heap        ] GC(318) PSYoungGen: 152575K(705536K)->152575K(705536K) Eden: 152575K(152576K)->152575K(152576K) From: 0K(552960K)->0K(552960K)
[111.409s][info][gc,heap        ] GC(318) ParOldGen: 11127619K(11127808K)->11127619K(11127808K)
[111.409s][info][gc,metaspace   ] GC(318) Metaspace: 6303K(6528K)->6303K(6528K) NonClass: 5769K(5888K)->5769K(5888K) Class: 533K(640K)->533K(640K)
[111.409s][info][gc             ] GC(318) Pause Full (Ergonomics) 11015M->11015M(11556M) 3321.351ms
[111.409s][info][gc,cpu         ] GC(318) User=25.58s Sys=0.02s Real=3.32s
[111.409s][info][gc,start       ] GC(319) Pause Full (Ergonomics)
[111.409s][info][gc,phases,start] GC(319) Marking Phase
[114.005s][info][gc,phases      ] GC(319) Marking Phase 2596.054ms
[114.005s][info][gc,phases,start] GC(319) Summary Phase
[114.005s][info][gc,phases      ] GC(319) Summary Phase 0.133ms
[114.005s][info][gc,phases,start] GC(319) Adjust Roots
[114.005s][info][gc,phases      ] GC(319) Adjust Roots 0.273ms
[114.005s][info][gc,phases,start] GC(319) Compaction Phase
[114.735s][info][gc,phases      ] GC(319) Compaction Phase 729.941ms
[114.735s][info][gc,phases,start] GC(319) Post Compact
[114.752s][info][gc,phases      ] GC(319) Post Compact 16.320ms
[114.752s][info][gc,heap        ] GC(319) PSYoungGen: 152575K(705536K)->152575K(705536K) Eden: 152575K(152576K)->152575K(152576K) From: 0K(552960K)->0K(552960K)
[114.752s][info][gc,heap        ] GC(319) ParOldGen: 11127624K(11127808K)->11127624K(11127808K)
[114.752s][info][gc,metaspace   ] GC(319) Metaspace: 6303K(6528K)->6303K(6528K) NonClass: 5769K(5888K)->5769K(5888K) Class: 533K(640K)->533K(640K)
[114.752s][info][gc             ] GC(319) Pause Full (Ergonomics) 11015M->11015M(11556M) 3343.096ms
[114.752s][info][gc,cpu         ] GC(319) User=25.69s Sys=0.00s Real=3.34s
[114.752s][info][gc,start       ] GC(320) Pause Full (Ergonomics)
[114.752s][info][gc,phases,start] GC(320) Marking Phase
[117.305s][info][gc,phases      ] GC(320) Marking Phase 2552.853ms
[117.305s][info][gc,phases,start] GC(320) Summary Phase
[117.305s][info][gc,phases      ] GC(320) Summary Phase 0.113ms
[117.305s][info][gc,phases,start] GC(320) Adjust Roots
[117.305s][info][gc,phases      ] GC(320) Adjust Roots 0.227ms
[117.306s][info][gc,phases,start] GC(320) Compaction Phase
[118.014s][info][gc,phases      ] GC(320) Compaction Phase 708.427ms
[118.014s][info][gc,phases,start] GC(320) Post Compact
[118.030s][info][gc,phases      ] GC(320) Post Compact 15.957ms
[118.030s][info][gc,heap        ] GC(320) PSYoungGen: 152575K(705536K)->152575K(705536K) Eden: 152575K(152576K)->152575K(152576K) From: 0K(552960K)->0K(552960K)
[118.030s][info][gc,heap        ] GC(320) ParOldGen: 11127629K(11127808K)->11127629K(11127808K)
[118.030s][info][gc,metaspace   ] GC(320) Metaspace: 6303K(6528K)->6303K(6528K) NonClass: 5769K(5888K)->5769K(5888K) Class: 533K(640K)->533K(640K)
[118.030s][info][gc             ] GC(320) Pause Full (Ergonomics) 11015M->11015M(11556M) 3277.967ms
[118.030s][info][gc,cpu         ] GC(320) User=25.66s Sys=0.00s Real=3.28s
[118.030s][info][gc,start       ] GC(321) Pause Full (Ergonomics)
[118.030s][info][gc,phases,start] GC(321) Marking Phase
[120.594s][info][gc,phases      ] GC(321) Marking Phase 2563.189ms
[120.594s][info][gc,phases,start] GC(321) Summary Phase
[120.594s][info][gc,phases      ] GC(321) Summary Phase 0.139ms
[120.594s][info][gc,phases,start] GC(321) Adjust Roots
[120.594s][info][gc,phases      ] GC(321) Adjust Roots 0.245ms
[120.594s][info][gc,phases,start] GC(321) Compaction Phase
[121.317s][info][gc,phases      ] GC(321) Compaction Phase 722.920ms
[121.317s][info][gc,phases,start] GC(321) Post Compact
[121.333s][info][gc,phases      ] GC(321) Post Compact 15.957ms
[121.333s][info][gc,heap        ] GC(321) PSYoungGen: 152575K(705536K)->152575K(705536K) Eden: 152575K(152576K)->152575K(152576K) From: 0K(552960K)->0K(552960K)
[121.333s][info][gc,heap        ] GC(321) ParOldGen: 11127633K(11127808K)->11127633K(11127808K)
[121.333s][info][gc,metaspace   ] GC(321) Metaspace: 6303K(6528K)->6303K(6528K) NonClass: 5769K(5888K)->5769K(5888K) Class: 533K(640K)->533K(640K)
[121.333s][info][gc             ] GC(321) Pause Full (Ergonomics) 11015M->11015M(11556M) 3302.853ms
[121.333s][info][gc,cpu         ] GC(321) User=25.52s Sys=0.02s Real=3.30s
[121.333s][info][gc,start       ] GC(322) Pause Full (Ergonomics)
[121.333s][info][gc,phases,start] GC(322) Marking Phase
[123.918s][info][gc,phases      ] GC(322) Marking Phase 2584.448ms
[123.918s][info][gc,phases,start] GC(322) Summary Phase
[123.918s][info][gc,phases      ] GC(322) Summary Phase 0.125ms
[123.918s][info][gc,phases,start] GC(322) Adjust Roots
[123.918s][info][gc,phases      ] GC(322) Adjust Roots 0.221ms
[123.918s][info][gc,phases,start] GC(322) Compaction Phase
[124.649s][info][gc,phases      ] GC(322) Compaction Phase 730.619ms
[124.649s][info][gc,phases,start] GC(322) Post Compact
[124.665s][info][gc,phases      ] GC(322) Post Compact 16.138ms
[124.665s][info][gc,heap        ] GC(322) PSYoungGen: 152575K(705536K)->152575K(705536K) Eden: 152575K(152576K)->152575K(152576K) From: 0K(552960K)->0K(552960K)
[124.665s][info][gc,heap        ] GC(322) ParOldGen: 11127638K(11127808K)->11127638K(11127808K)
[124.665s][info][gc,metaspace   ] GC(322) Metaspace: 6303K(6528K)->6303K(6528K) NonClass: 5769K(5888K)->5769K(5888K) Class: 533K(640K)->533K(640K)
[124.665s][info][gc             ] GC(322) Pause Full (Ergonomics) 11015M->11015M(11556M) 3331.947ms
[124.665s][info][gc,cpu         ] GC(322) User=25.81s Sys=0.00s Real=3.33s
[124.666s][info][gc,start       ] GC(323) Pause Full (Ergonomics)
[124.666s][info][gc,phases,start] GC(323) Marking Phase
[127.251s][info][gc,phases      ] GC(323) Marking Phase 2585.346ms
[127.251s][info][gc,phases,start] GC(323) Summary Phase
[127.251s][info][gc,phases      ] GC(323) Summary Phase 0.140ms
[127.251s][info][gc,phases,start] GC(323) Adjust Roots
[127.252s][info][gc,phases      ] GC(323) Adjust Roots 0.236ms
[127.252s][info][gc,phases,start] GC(323) Compaction Phase
[127.989s][info][gc,phases      ] GC(323) Compaction Phase 737.157ms
[127.989s][info][gc,phases,start] GC(323) Post Compact
[128.007s][info][gc,phases      ] GC(323) Post Compact 18.024ms
[128.007s][info][gc,heap        ] GC(323) PSYoungGen: 152575K(705536K)->152575K(705536K) Eden: 152575K(152576K)->152575K(152576K) From: 0K(552960K)->0K(552960K)
[128.007s][info][gc,heap        ] GC(323) ParOldGen: 11127643K(11127808K)->11127643K(11127808K)
[128.007s][info][gc,metaspace   ] GC(323) Metaspace: 6303K(6528K)->6303K(6528K) NonClass: 5769K(5888K)->5769K(5888K) Class: 533K(640K)->533K(640K)
[128.007s][info][gc             ] GC(323) Pause Full (Ergonomics) 11015M->11015M(11556M) 3341.323ms
[128.007s][info][gc,cpu         ] GC(323) User=25.95s Sys=0.00s Real=3.34s
[128.008s][info][gc,start       ] GC(324) Pause Full (Ergonomics)
[128.008s][info][gc,phases,start] GC(324) Marking Phase
[130.530s][info][gc,phases      ] GC(324) Marking Phase 2522.656ms
[130.530s][info][gc,phases,start] GC(324) Summary Phase
[130.531s][info][gc,phases      ] GC(324) Summary Phase 0.114ms
[130.531s][info][gc,phases,start] GC(324) Adjust Roots
[130.531s][info][gc,phases      ] GC(324) Adjust Roots 0.216ms
[130.531s][info][gc,phases,start] GC(324) Compaction Phase
[131.250s][info][gc,phases      ] GC(324) Compaction Phase 718.696ms
[131.250s][info][gc,phases,start] GC(324) Post Compact
[131.266s][info][gc,phases      ] GC(324) Post Compact 16.350ms
[131.266s][info][gc,heap        ] GC(324) PSYoungGen: 152575K(705536K)->152575K(705536K) Eden: 152575K(152576K)->152575K(152576K) From: 0K(552960K)->0K(552960K)
[131.266s][info][gc,heap        ] GC(324) ParOldGen: 11127648K(11127808K)->11127648K(11127808K)
[131.266s][info][gc,metaspace   ] GC(324) Metaspace: 6303K(6528K)->6303K(6528K) NonClass: 5769K(5888K)->5769K(5888K) Class: 533K(640K)->533K(640K)
[131.266s][info][gc             ] GC(324) Pause Full (Ergonomics) 11015M->11015M(11556M) 3258.419ms
[131.266s][info][gc,cpu         ] GC(324) User=25.12s Sys=0.00s Real=3.26s
[131.267s][info][gc,start       ] GC(325) Pause Full (Ergonomics)
[131.267s][info][gc,phases,start] GC(325) Marking Phase
[133.818s][info][gc,phases      ] GC(325) Marking Phase 2551.033ms
[133.818s][info][gc,phases,start] GC(325) Summary Phase
[133.818s][info][gc,phases      ] GC(325) Summary Phase 0.126ms
[133.818s][info][gc,phases,start] GC(325) Adjust Roots
[133.818s][info][gc,phases      ] GC(325) Adjust Roots 0.293ms
[133.818s][info][gc,phases,start] GC(325) Compaction Phase
[134.540s][info][gc,phases      ] GC(325) Compaction Phase 721.794ms
[134.540s][info][gc,phases,start] GC(325) Post Compact
[134.556s][info][gc,phases      ] GC(325) Post Compact 16.060ms
[134.556s][info][gc,heap        ] GC(325) PSYoungGen: 152575K(705536K)->152575K(705536K) Eden: 152575K(152576K)->152575K(152576K) From: 0K(552960K)->0K(552960K)
[134.556s][info][gc,heap        ] GC(325) ParOldGen: 11127653K(11127808K)->11127653K(11127808K)
[134.556s][info][gc,metaspace   ] GC(325) Metaspace: 6303K(6528K)->6303K(6528K) NonClass: 5769K(5888K)->5769K(5888K) Class: 533K(640K)->533K(640K)
[134.556s][info][gc             ] GC(325) Pause Full (Ergonomics) 11015M->11015M(11556M) 3289.672ms
[134.556s][info][gc,cpu         ] GC(325) User=25.64s Sys=0.00s Real=3.29s
[134.557s][info][gc,start       ] GC(326) Pause Full (Ergonomics)
[134.557s][info][gc,phases,start] GC(326) Marking Phase
[137.115s][info][gc,phases      ] GC(326) Marking Phase 2558.360ms
[137.115s][info][gc,phases,start] GC(326) Summary Phase
[137.115s][info][gc,phases      ] GC(326) Summary Phase 0.114ms
[137.115s][info][gc,phases,start] GC(326) Adjust Roots
[137.115s][info][gc,phases      ] GC(326) Adjust Roots 0.178ms
[137.115s][info][gc,phases,start] GC(326) Compaction Phase
[137.851s][info][gc,phases      ] GC(326) Compaction Phase 735.944ms
[137.851s][info][gc,phases,start] GC(326) Post Compact
[137.867s][info][gc,phases      ] GC(326) Post Compact 15.616ms
[137.867s][info][gc,heap        ] GC(326) PSYoungGen: 152575K(705536K)->152575K(705536K) Eden: 152575K(152576K)->152575K(152576K) From: 0K(552960K)->0K(552960K)
[137.867s][info][gc,heap        ] GC(326) ParOldGen: 11127658K(11127808K)->11127658K(11127808K)
[137.867s][info][gc,metaspace   ] GC(326) Metaspace: 6303K(6528K)->6303K(6528K) NonClass: 5769K(5888K)->5769K(5888K) Class: 533K(640K)->533K(640K)
[137.867s][info][gc             ] GC(326) Pause Full (Ergonomics) 11015M->11015M(11556M) 3310.518ms
[137.867s][info][gc,cpu         ] GC(326) User=25.36s Sys=0.05s Real=3.31s
[137.867s][info][gc,start       ] GC(327) Pause Full (Ergonomics)
[137.867s][info][gc,phases,start] GC(327) Marking Phase
[140.474s][info][gc,phases      ] GC(327) Marking Phase 2607.086ms
[140.474s][info][gc,phases,start] GC(327) Summary Phase
[140.475s][info][gc,phases      ] GC(327) Summary Phase 0.168ms
[140.475s][info][gc,phases,start] GC(327) Adjust Roots
[140.475s][info][gc,phases      ] GC(327) Adjust Roots 0.268ms
[140.475s][info][gc,phases,start] GC(327) Compaction Phase
[141.203s][info][gc,phases      ] GC(327) Compaction Phase 728.007ms
[141.203s][info][gc,phases,start] GC(327) Post Compact
[141.220s][info][gc,phases      ] GC(327) Post Compact 16.701ms
[141.220s][info][gc,heap        ] GC(327) PSYoungGen: 152575K(705536K)->152575K(705536K) Eden: 152575K(152576K)->152575K(152576K) From: 0K(552960K)->0K(552960K)
[141.220s][info][gc,heap        ] GC(327) ParOldGen: 11127662K(11127808K)->11127662K(11127808K)
[141.220s][info][gc,metaspace   ] GC(327) Metaspace: 6303K(6528K)->6303K(6528K) NonClass: 5769K(5888K)->5769K(5888K) Class: 533K(640K)->533K(640K)
[141.220s][info][gc             ] GC(327) Pause Full (Ergonomics) 11015M->11015M(11556M) 3352.599ms
[141.220s][info][gc,cpu         ] GC(327) User=25.64s Sys=0.00s Real=3.35s
[141.220s][info][gc,start       ] GC(328) Pause Full (Ergonomics)
[141.220s][info][gc,phases,start] GC(328) Marking Phase
[143.765s][info][gc,phases      ] GC(328) Marking Phase 2544.666ms
[143.765s][info][gc,phases,start] GC(328) Summary Phase
[143.765s][info][gc,phases      ] GC(328) Summary Phase 0.130ms
[143.765s][info][gc,phases,start] GC(328) Adjust Roots
[143.766s][info][gc,phases      ] GC(328) Adjust Roots 0.297ms
[143.766s][info][gc,phases,start] GC(328) Compaction Phase
[144.467s][info][gc,phases      ] GC(328) Compaction Phase 701.377ms
[144.467s][info][gc,phases,start] GC(328) Post Compact
[144.483s][info][gc,phases      ] GC(328) Post Compact 16.073ms
[144.483s][info][gc,heap        ] GC(328) PSYoungGen: 152575K(705536K)->152575K(705536K) Eden: 152575K(152576K)->152575K(152576K) From: 0K(552960K)->0K(552960K)
[144.483s][info][gc,heap        ] GC(328) ParOldGen: 11127667K(11127808K)->11127667K(11127808K)
[144.483s][info][gc,metaspace   ] GC(328) Metaspace: 6303K(6528K)->6303K(6528K) NonClass: 5769K(5888K)->5769K(5888K) Class: 533K(640K)->533K(640K)
[144.483s][info][gc             ] GC(328) Pause Full (Ergonomics) 11015M->11015M(11556M) 3262.890ms
[144.483s][info][gc,cpu         ] GC(328) User=25.41s Sys=0.00s Real=3.26s
[144.484s][info][gc,start       ] GC(329) Pause Full (Ergonomics)
[144.484s][info][gc,phases,start] GC(329) Marking Phase
[147.089s][info][gc,phases      ] GC(329) Marking Phase 2605.069ms
[147.089s][info][gc,phases,start] GC(329) Summary Phase
[147.089s][info][gc,phases      ] GC(329) Summary Phase 0.102ms
[147.089s][info][gc,phases,start] GC(329) Adjust Roots
[147.089s][info][gc,phases      ] GC(329) Adjust Roots 0.209ms
[147.089s][info][gc,phases,start] GC(329) Compaction Phase
[147.803s][info][gc,phases      ] GC(329) Compaction Phase 714.222ms
[147.803s][info][gc,phases,start] GC(329) Post Compact
[147.818s][info][gc,phases      ] GC(329) Post Compact 14.392ms
[147.818s][info][gc,heap        ] GC(329) PSYoungGen: 152575K(705536K)->152575K(705536K) Eden: 152575K(152576K)->152575K(152576K) From: 0K(552960K)->0K(552960K)
[147.818s][info][gc,heap        ] GC(329) ParOldGen: 11127672K(11127808K)->11127672K(11127808K)
[147.818s][info][gc,metaspace   ] GC(329) Metaspace: 6303K(6528K)->6303K(6528K) NonClass: 5769K(5888K)->5769K(5888K) Class: 533K(640K)->533K(640K)
[147.818s][info][gc             ] GC(329) Pause Full (Ergonomics) 11015M->11015M(11556M) 3334.377ms
[147.818s][info][gc,cpu         ] GC(329) User=25.91s Sys=0.00s Real=3.33s
[147.818s][info][gc,start       ] GC(330) Pause Full (Ergonomics)
[147.818s][info][gc,phases,start] GC(330) Marking Phase
[150.378s][info][gc,phases      ] GC(330) Marking Phase 2559.836ms
[150.378s][info][gc,phases,start] GC(330) Summary Phase
[150.378s][info][gc,phases      ] GC(330) Summary Phase 0.102ms
[150.378s][info][gc,phases,start] GC(330) Adjust Roots
[150.379s][info][gc,phases      ] GC(330) Adjust Roots 0.220ms
[150.379s][info][gc,phases,start] GC(330) Compaction Phase
[151.095s][info][gc,phases      ] GC(330) Compaction Phase 716.545ms
[151.095s][info][gc,phases,start] GC(330) Post Compact
[151.109s][info][gc,phases      ] GC(330) Post Compact 13.652ms
[151.109s][info][gc,heap        ] GC(330) PSYoungGen: 152575K(705536K)->152575K(705536K) Eden: 152575K(152576K)->152575K(152576K) From: 0K(552960K)->0K(552960K)
[151.109s][info][gc,heap        ] GC(330) ParOldGen: 11127677K(11127808K)->11127677K(11127808K)
[151.109s][info][gc,metaspace   ] GC(330) Metaspace: 6303K(6528K)->6303K(6528K) NonClass: 5769K(5888K)->5769K(5888K) Class: 533K(640K)->533K(640K)
[151.109s][info][gc             ] GC(330) Pause Full (Ergonomics) 11015M->11015M(11556M) 3290.691ms
[151.109s][info][gc,cpu         ] GC(330) User=25.48s Sys=0.00s Real=3.29s
[151.109s][info][gc,start       ] GC(331) Pause Full (Ergonomics)
[151.109s][info][gc,phases,start] GC(331) Marking Phase
[153.684s][info][gc,phases      ] GC(331) Marking Phase 2574.901ms
[153.684s][info][gc,phases,start] GC(331) Summary Phase
[153.684s][info][gc,phases      ] GC(331) Summary Phase 0.102ms
[153.684s][info][gc,phases,start] GC(331) Adjust Roots
[153.684s][info][gc,phases      ] GC(331) Adjust Roots 0.167ms
[153.684s][info][gc,phases,start] GC(331) Compaction Phase
[154.393s][info][gc,phases      ] GC(331) Compaction Phase 708.932ms
[154.393s][info][gc,phases,start] GC(331) Post Compact
[154.407s][info][gc,phases      ] GC(331) Post Compact 13.473ms
[154.407s][info][gc,heap        ] GC(331) PSYoungGen: 152575K(705536K)->152575K(705536K) Eden: 152575K(152576K)->152575K(152576K) From: 0K(552960K)->0K(552960K)
[154.407s][info][gc,heap        ] GC(331) ParOldGen: 11127682K(11127808K)->11127682K(11127808K)
[154.407s][info][gc,metaspace   ] GC(331) Metaspace: 6303K(6528K)->6303K(6528K) NonClass: 5769K(5888K)->5769K(5888K) Class: 533K(640K)->533K(640K)
[154.407s][info][gc             ] GC(331) Pause Full (Ergonomics) 11015M->11015M(11556M) 3297.908ms
[154.407s][info][gc,cpu         ] GC(331) User=25.73s Sys=0.02s Real=3.30s
[154.407s][info][gc,start       ] GC(332) Pause Full (Ergonomics)
[154.407s][info][gc,phases,start] GC(332) Marking Phase
[156.981s][info][gc,phases      ] GC(332) Marking Phase 2573.131ms
[156.981s][info][gc,phases,start] GC(332) Summary Phase
[156.981s][info][gc,phases      ] GC(332) Summary Phase 0.111ms
[156.981s][info][gc,phases,start] GC(332) Adjust Roots
[156.981s][info][gc,phases      ] GC(332) Adjust Roots 0.207ms
[156.981s][info][gc,phases,start] GC(332) Compaction Phase
[157.710s][info][gc,phases      ] GC(332) Compaction Phase 729.212ms
[157.710s][info][gc,phases,start] GC(332) Post Compact
[157.725s][info][gc,phases      ] GC(332) Post Compact 15.037ms
[157.725s][info][gc,heap        ] GC(332) PSYoungGen: 152575K(705536K)->152575K(705536K) Eden: 152575K(152576K)->152575K(152576K) From: 0K(552960K)->0K(552960K)
[157.725s][info][gc,heap        ] GC(332) ParOldGen: 11127687K(11127808K)->11127687K(11127808K)
[157.725s][info][gc,metaspace   ] GC(332) Metaspace: 6303K(6528K)->6303K(6528K) NonClass: 5769K(5888K)->5769K(5888K) Class: 533K(640K)->533K(640K)
[157.725s][info][gc             ] GC(332) Pause Full (Ergonomics) 11015M->11015M(11556M) 3318.067ms
[157.725s][info][gc,cpu         ] GC(332) User=25.67s Sys=0.00s Real=3.32s
[157.726s][info][gc,start       ] GC(333) Pause Full (Ergonomics)
[157.726s][info][gc,phases,start] GC(333) Marking Phase
[160.311s][info][gc,phases      ] GC(333) Marking Phase 2585.649ms
[160.311s][info][gc,phases,start] GC(333) Summary Phase
[160.312s][info][gc,phases      ] GC(333) Summary Phase 0.139ms
[160.312s][info][gc,phases,start] GC(333) Adjust Roots
[160.312s][info][gc,phases      ] GC(333) Adjust Roots 0.216ms
[160.312s][info][gc,phases,start] GC(333) Compaction Phase
[161.011s][info][gc,phases      ] GC(333) Compaction Phase 699.613ms
[161.011s][info][gc,phases,start] GC(333) Post Compact
[161.025s][info][gc,phases      ] GC(333) Post Compact 13.657ms
[161.025s][info][gc,heap        ] GC(333) PSYoungGen: 152575K(705536K)->152575K(705536K) Eden: 152575K(152576K)->152575K(152576K) From: 0K(552960K)->0K(552960K)
[161.025s][info][gc,heap        ] GC(333) ParOldGen: 11127691K(11127808K)->11127691K(11127808K)
[161.025s][info][gc,metaspace   ] GC(333) Metaspace: 6303K(6528K)->6303K(6528K) NonClass: 5769K(5888K)->5769K(5888K) Class: 533K(640K)->533K(640K)
[161.025s][info][gc             ] GC(333) Pause Full (Ergonomics) 11015M->11015M(11556M) 3299.627ms
[161.025s][info][gc,cpu         ] GC(333) User=25.73s Sys=0.02s Real=3.30s
[161.025s][info][gc,start       ] GC(334) Pause Full (Ergonomics)
[161.025s][info][gc,phases,start] GC(334) Marking Phase
[163.601s][info][gc,phases      ] GC(334) Marking Phase 2575.723ms
[163.601s][info][gc,phases,start] GC(334) Summary Phase
[163.601s][info][gc,phases      ] GC(334) Summary Phase 0.101ms
[163.601s][info][gc,phases,start] GC(334) Adjust Roots
[163.602s][info][gc,phases      ] GC(334) Adjust Roots 0.166ms
[163.602s][info][gc,phases,start] GC(334) Compaction Phase
[164.334s][info][gc,phases      ] GC(334) Compaction Phase 732.480ms
[164.334s][info][gc,phases,start] GC(334) Post Compact
[164.350s][info][gc,phases      ] GC(334) Post Compact 16.127ms
[164.350s][info][gc,heap        ] GC(334) PSYoungGen: 152575K(705536K)->152575K(705536K) Eden: 152575K(152576K)->152575K(152576K) From: 0K(552960K)->0K(552960K)
[164.350s][info][gc,heap        ] GC(334) ParOldGen: 11127696K(11127808K)->11127696K(11127808K)
[164.350s][info][gc,metaspace   ] GC(334) Metaspace: 6303K(6528K)->6303K(6528K) NonClass: 5769K(5888K)->5769K(5888K) Class: 533K(640K)->533K(640K)
[164.350s][info][gc             ] GC(334) Pause Full (Ergonomics) 11015M->11015M(11556M) 3324.947ms
[164.350s][info][gc,cpu         ] GC(334) User=25.56s Sys=0.00s Real=3.33s
[164.351s][info][gc,start       ] GC(335) Pause Full (Ergonomics)
[164.351s][info][gc,phases,start] GC(335) Marking Phase
[166.914s][info][gc,phases      ] GC(335) Marking Phase 2563.642ms
[166.914s][info][gc,phases,start] GC(335) Summary Phase
[166.914s][info][gc,phases      ] GC(335) Summary Phase 0.101ms
[166.914s][info][gc,phases,start] GC(335) Adjust Roots
[166.915s][info][gc,phases      ] GC(335) Adjust Roots 0.166ms
[166.915s][info][gc,phases,start] GC(335) Compaction Phase
[167.635s][info][gc,phases      ] GC(335) Compaction Phase 720.035ms
[167.635s][info][gc,phases,start] GC(335) Post Compact
[167.649s][info][gc,phases      ] GC(335) Post Compact 14.637ms
[167.649s][info][gc,heap        ] GC(335) PSYoungGen: 152575K(705536K)->152575K(705536K) Eden: 152575K(152576K)->152575K(152576K) From: 0K(552960K)->0K(552960K)
[167.649s][info][gc,heap        ] GC(335) ParOldGen: 11127701K(11127808K)->11127701K(11127808K)
[167.650s][info][gc,metaspace   ] GC(335) Metaspace: 6303K(6528K)->6303K(6528K) NonClass: 5769K(5888K)->5769K(5888K) Class: 533K(640K)->533K(640K)
[167.650s][info][gc             ] GC(335) Pause Full (Ergonomics) 11015M->11015M(11556M) 3298.959ms
[167.650s][info][gc,cpu         ] GC(335) User=25.44s Sys=0.06s Real=3.30s
[167.650s][info][gc,start       ] GC(336) Pause Full (Ergonomics)
[167.650s][info][gc,phases,start] GC(336) Marking Phase
[170.205s][info][gc,phases      ] GC(336) Marking Phase 2555.251ms
[170.205s][info][gc,phases,start] GC(336) Summary Phase
[170.205s][info][gc,phases      ] GC(336) Summary Phase 0.110ms
[170.205s][info][gc,phases,start] GC(336) Adjust Roots
[170.206s][info][gc,phases      ] GC(336) Adjust Roots 0.240ms
[170.206s][info][gc,phases,start] GC(336) Compaction Phase
[170.900s][info][gc,phases      ] GC(336) Compaction Phase 694.499ms
[170.900s][info][gc,phases,start] GC(336) Post Compact
[170.914s][info][gc,phases      ] GC(336) Post Compact 14.042ms
[170.914s][info][gc,heap        ] GC(336) PSYoungGen: 152575K(705536K)->152575K(705536K) Eden: 152575K(152576K)->152575K(152576K) From: 0K(552960K)->0K(552960K)
[170.914s][info][gc,heap        ] GC(336) ParOldGen: 11127706K(11127808K)->11127706K(11127808K)
[170.914s][info][gc,metaspace   ] GC(336) Metaspace: 6303K(6528K)->6303K(6528K) NonClass: 5769K(5888K)->5769K(5888K) Class: 533K(640K)->533K(640K)
[170.914s][info][gc             ] GC(336) Pause Full (Ergonomics) 11015M->11015M(11556M) 3264.673ms
[170.914s][info][gc,cpu         ] GC(336) User=25.55s Sys=0.00s Real=3.26s
[170.915s][info][gc,start       ] GC(337) Pause Full (Ergonomics)
[170.915s][info][gc,phases,start] GC(337) Marking Phase
[173.494s][info][gc,phases      ] GC(337) Marking Phase 2579.126ms
[173.494s][info][gc,phases,start] GC(337) Summary Phase
[173.494s][info][gc,phases      ] GC(337) Summary Phase 0.108ms
[173.494s][info][gc,phases,start] GC(337) Adjust Roots
[173.494s][info][gc,phases      ] GC(337) Adjust Roots 0.200ms
[173.494s][info][gc,phases,start] GC(337) Compaction Phase
[174.204s][info][gc,phases      ] GC(337) Compaction Phase 709.937ms
[174.204s][info][gc,phases,start] GC(337) Post Compact
[174.219s][info][gc,phases      ] GC(337) Post Compact 14.419ms
[174.219s][info][gc,heap        ] GC(337) PSYoungGen: 152575K(705536K)->152575K(705536K) Eden: 152575K(152576K)->152575K(152576K) From: 0K(552960K)->0K(552960K)
[174.219s][info][gc,heap        ] GC(337) ParOldGen: 11127711K(11127808K)->11127711K(11127808K)
[174.219s][info][gc,metaspace   ] GC(337) Metaspace: 6303K(6528K)->6303K(6528K) NonClass: 5769K(5888K)->5769K(5888K) Class: 533K(640K)->533K(640K)
[174.219s][info][gc             ] GC(337) Pause Full (Ergonomics) 11015M->11015M(11556M) 3304.123ms
[174.219s][info][gc,cpu         ] GC(337) User=25.66s Sys=0.00s Real=3.31s
[174.219s][info][gc,start       ] GC(338) Pause Full (Ergonomics)
[174.219s][info][gc,phases,start] GC(338) Marking Phase
[176.816s][info][gc,phases      ] GC(338) Marking Phase 2597.266ms
[176.816s][info][gc,phases,start] GC(338) Summary Phase
[176.816s][info][gc,phases      ] GC(338) Summary Phase 0.105ms
[176.816s][info][gc,phases,start] GC(338) Adjust Roots
[176.817s][info][gc,phases      ] GC(338) Adjust Roots 0.179ms
[176.817s][info][gc,phases,start] GC(338) Compaction Phase
[177.531s][info][gc,phases      ] GC(338) Compaction Phase 714.070ms
[177.531s][info][gc,phases,start] GC(338) Post Compact
[177.544s][info][gc,phases      ] GC(338) Post Compact 13.538ms
[177.544s][info][gc,heap        ] GC(338) PSYoungGen: 152575K(705536K)->152575K(705536K) Eden: 152575K(152576K)->152575K(152576K) From: 0K(552960K)->0K(552960K)
[177.544s][info][gc,heap        ] GC(338) ParOldGen: 11127716K(11127808K)->11127716K(11127808K)
[177.544s][info][gc,metaspace   ] GC(338) Metaspace: 6303K(6528K)->6303K(6528K) NonClass: 5769K(5888K)->5769K(5888K) Class: 533K(640K)->533K(640K)
[177.544s][info][gc             ] GC(338) Pause Full (Ergonomics) 11015M->11015M(11556M) 3325.496ms
[177.544s][info][gc,cpu         ] GC(338) User=25.77s Sys=0.02s Real=3.33s
[177.545s][info][gc,start       ] GC(339) Pause Full (Ergonomics)
[177.545s][info][gc,phases,start] GC(339) Marking Phase
[180.127s][info][gc,phases      ] GC(339) Marking Phase 2582.763ms
[180.127s][info][gc,phases,start] GC(339) Summary Phase
[180.128s][info][gc,phases      ] GC(339) Summary Phase 0.115ms
[180.128s][info][gc,phases,start] GC(339) Adjust Roots
[180.128s][info][gc,phases      ] GC(339) Adjust Roots 0.180ms
[180.128s][info][gc,phases,start] GC(339) Compaction Phase
[180.836s][info][gc,phases      ] GC(339) Compaction Phase 707.749ms
[180.836s][info][gc,phases,start] GC(339) Post Compact
[180.849s][info][gc,phases      ] GC(339) Post Compact 13.595ms
[180.849s][info][gc,heap        ] GC(339) PSYoungGen: 152575K(705536K)->152575K(705536K) Eden: 152575K(152576K)->152575K(152576K) From: 0K(552960K)->0K(552960K)
[180.849s][info][gc,heap        ] GC(339) ParOldGen: 11127720K(11127808K)->11127720K(11127808K)
[180.849s][info][gc,metaspace   ] GC(339) Metaspace: 6303K(6528K)->6303K(6528K) NonClass: 5769K(5888K)->5769K(5888K) Class: 533K(640K)->533K(640K)
[180.849s][info][gc             ] GC(339) Pause Full (Ergonomics) 11015M->11015M(11556M) 3304.721ms
[180.849s][info][gc,cpu         ] GC(339) User=25.83s Sys=0.00s Real=3.31s
[180.850s][info][gc,start       ] GC(340) Pause Full (Ergonomics)
[180.850s][info][gc,phases,start] GC(340) Marking Phase
[183.410s][info][gc,phases      ] GC(340) Marking Phase 2560.402ms
[183.410s][info][gc,phases,start] GC(340) Summary Phase
[183.410s][info][gc,phases      ] GC(340) Summary Phase 0.107ms
[183.410s][info][gc,phases,start] GC(340) Adjust Roots
[183.410s][info][gc,phases      ] GC(340) Adjust Roots 0.165ms
[183.410s][info][gc,phases,start] GC(340) Compaction Phase
[184.112s][info][gc,phases      ] GC(340) Compaction Phase 701.916ms
[184.112s][info][gc,phases,start] GC(340) Post Compact
[184.127s][info][gc,phases      ] GC(340) Post Compact 14.752ms
[184.127s][info][gc,heap        ] GC(340) PSYoungGen: 152575K(705536K)->152575K(705536K) Eden: 152575K(152576K)->152575K(152576K) From: 0K(552960K)->0K(552960K)
[184.127s][info][gc,heap        ] GC(340) ParOldGen: 11127725K(11127808K)->11127725K(11127808K)
[184.127s][info][gc,metaspace   ] GC(340) Metaspace: 6303K(6528K)->6303K(6528K) NonClass: 5769K(5888K)->5769K(5888K) Class: 533K(640K)->533K(640K)
[184.127s][info][gc             ] GC(340) Pause Full (Ergonomics) 11015M->11015M(11556M) 3277.737ms
[184.127s][info][gc,cpu         ] GC(340) User=25.50s Sys=0.00s Real=3.28s
[184.128s][info][gc,start       ] GC(341) Pause Full (Ergonomics)
[184.128s][info][gc,phases,start] GC(341) Marking Phase
[186.689s][info][gc,phases      ] GC(341) Marking Phase 2561.455ms
[186.689s][info][gc,phases,start] GC(341) Summary Phase
[186.689s][info][gc,phases      ] GC(341) Summary Phase 0.100ms
[186.689s][info][gc,phases,start] GC(341) Adjust Roots
[186.689s][info][gc,phases      ] GC(341) Adjust Roots 0.166ms
[186.689s][info][gc,phases,start] GC(341) Compaction Phase
[187.404s][info][gc,phases      ] GC(341) Compaction Phase 715.027ms
[187.404s][info][gc,phases,start] GC(341) Post Compact
[187.419s][info][gc,phases      ] GC(341) Post Compact 14.646ms
[187.419s][info][gc,heap        ] GC(341) PSYoungGen: 152575K(705536K)->152575K(705536K) Eden: 152575K(152576K)->152575K(152576K) From: 0K(552960K)->0K(552960K)
[187.419s][info][gc,heap        ] GC(341) ParOldGen: 11127730K(11127808K)->11127730K(11127808K)
[187.419s][info][gc,metaspace   ] GC(341) Metaspace: 6303K(6528K)->6303K(6528K) NonClass: 5769K(5888K)->5769K(5888K) Class: 533K(640K)->533K(640K)
[187.419s][info][gc             ] GC(341) Pause Full (Ergonomics) 11015M->11015M(11556M) 3291.728ms
[187.419s][info][gc,cpu         ] GC(341) User=25.59s Sys=0.00s Real=3.29s
[187.419s][info][gc,start       ] GC(342) Pause Full (Ergonomics)
[187.419s][info][gc,phases,start] GC(342) Marking Phase
[190.003s][info][gc,phases      ] GC(342) Marking Phase 2583.937ms
[190.003s][info][gc,phases,start] GC(342) Summary Phase
[190.004s][info][gc,phases      ] GC(342) Summary Phase 0.101ms
[190.004s][info][gc,phases,start] GC(342) Adjust Roots
[190.004s][info][gc,phases      ] GC(342) Adjust Roots 0.167ms
[190.004s][info][gc,phases,start] GC(342) Compaction Phase
[190.713s][info][gc,phases      ] GC(342) Compaction Phase 709.587ms
[190.713s][info][gc,phases,start] GC(342) Post Compact
[190.727s][info][gc,phases      ] GC(342) Post Compact 14.011ms
[190.728s][info][gc,heap        ] GC(342) PSYoungGen: 152575K(705536K)->152575K(705536K) Eden: 152575K(152576K)->152575K(152576K) From: 0K(552960K)->0K(552960K)
[190.728s][info][gc,heap        ] GC(342) ParOldGen: 11127735K(11127808K)->11127735K(11127808K)
[190.728s][info][gc,metaspace   ] GC(342) Metaspace: 6303K(6528K)->6303K(6528K) NonClass: 5769K(5888K)->5769K(5888K) Class: 533K(640K)->533K(640K)
[190.728s][info][gc             ] GC(342) Pause Full (Ergonomics) 11015M->11015M(11556M) 3308.150ms
[190.728s][info][gc,cpu         ] GC(342) User=25.78s Sys=0.02s Real=3.31s
[190.728s][info][gc,start       ] GC(343) Pause Full (Ergonomics)
[190.728s][info][gc,phases,start] GC(343) Marking Phase
[193.309s][info][gc,phases      ] GC(343) Marking Phase 2581.472ms
[193.309s][info][gc,phases,start] GC(343) Summary Phase
[193.310s][info][gc,phases      ] GC(343) Summary Phase 0.134ms
[193.310s][info][gc,phases,start] GC(343) Adjust Roots
[193.310s][info][gc,phases      ] GC(343) Adjust Roots 0.326ms
[193.310s][info][gc,phases,start] GC(343) Compaction Phase
[194.038s][info][gc,phases      ] GC(343) Compaction Phase 728.167ms
[194.038s][info][gc,phases,start] GC(343) Post Compact
[194.053s][info][gc,phases      ] GC(343) Post Compact 15.109ms
[194.053s][info][gc,heap        ] GC(343) PSYoungGen: 152575K(705536K)->152575K(705536K) Eden: 152575K(152576K)->152575K(152576K) From: 0K(552960K)->0K(552960K)
[194.053s][info][gc,heap        ] GC(343) ParOldGen: 11127740K(11127808K)->11127740K(11127808K)
[194.053s][info][gc,metaspace   ] GC(343) Metaspace: 6303K(6528K)->6303K(6528K) NonClass: 5769K(5888K)->5769K(5888K) Class: 533K(640K)->533K(640K)
[194.053s][info][gc             ] GC(343) Pause Full (Ergonomics) 11015M->11015M(11556M) 3325.572ms
[194.053s][info][gc,cpu         ] GC(343) User=25.77s Sys=0.00s Real=3.33s
[194.054s][info][gc,start       ] GC(344) Pause Full (Ergonomics)
[194.054s][info][gc,phases,start] GC(344) Marking Phase
[196.645s][info][gc,phases      ] GC(344) Marking Phase 2591.783ms
[196.646s][info][gc,phases,start] GC(344) Summary Phase
[196.646s][info][gc,phases      ] GC(344) Summary Phase 0.175ms
[196.646s][info][gc,phases,start] GC(344) Adjust Roots
[196.646s][info][gc,phases      ] GC(344) Adjust Roots 0.302ms
[196.646s][info][gc,phases,start] GC(344) Compaction Phase
[197.373s][info][gc,phases      ] GC(344) Compaction Phase 726.819ms
[197.373s][info][gc,phases,start] GC(344) Post Compact
[197.387s][info][gc,phases      ] GC(344) Post Compact 14.104ms
[197.387s][info][gc,heap        ] GC(344) PSYoungGen: 152575K(705536K)->152575K(705536K) Eden: 152575K(152576K)->152575K(152576K) From: 0K(552960K)->0K(552960K)
[197.387s][info][gc,heap        ] GC(344) ParOldGen: 11127745K(11127808K)->11127745K(11127808K)
[197.387s][info][gc,metaspace   ] GC(344) Metaspace: 6303K(6528K)->6303K(6528K) NonClass: 5769K(5888K)->5769K(5888K) Class: 533K(640K)->533K(640K)
[197.387s][info][gc             ] GC(344) Pause Full (Ergonomics) 11015M->11015M(11556M) 3333.578ms
[197.387s][info][gc,cpu         ] GC(344) User=25.64s Sys=0.02s Real=3.33s
[197.387s][info][gc,start       ] GC(345) Pause Full (Ergonomics)
[197.387s][info][gc,phases,start] GC(345) Marking Phase
[199.967s][info][gc,phases      ] GC(345) Marking Phase 2579.140ms
[199.967s][info][gc,phases,start] GC(345) Summary Phase
[199.967s][info][gc,phases      ] GC(345) Summary Phase 0.200ms
[199.967s][info][gc,phases,start] GC(345) Adjust Roots
[199.967s][info][gc,phases      ] GC(345) Adjust Roots 0.385ms
[199.967s][info][gc,phases,start] GC(345) Compaction Phase
[200.695s][info][gc,phases      ] GC(345) Compaction Phase 727.721ms
[200.695s][info][gc,phases,start] GC(345) Post Compact
[200.711s][info][gc,phases      ] GC(345) Post Compact 15.581ms
[200.711s][info][gc,heap        ] GC(345) PSYoungGen: 152575K(705536K)->152575K(705536K) Eden: 152575K(152576K)->152575K(152576K) From: 0K(552960K)->0K(552960K)
[200.711s][info][gc,heap        ] GC(345) ParOldGen: 11127749K(11127808K)->11127749K(11127808K)
[200.711s][info][gc,metaspace   ] GC(345) Metaspace: 6303K(6528K)->6303K(6528K) NonClass: 5769K(5888K)->5769K(5888K) Class: 533K(640K)->533K(640K)
[200.711s][info][gc             ] GC(345) Pause Full (Ergonomics) 11015M->11015M(11556M) 3323.529ms
[200.711s][info][gc,cpu         ] GC(345) User=25.61s Sys=0.00s Real=3.32s
[200.711s][info][gc,start       ] GC(346) Pause Full (Ergonomics)
[200.711s][info][gc,phases,start] GC(346) Marking Phase
[203.275s][info][gc,phases      ] GC(346) Marking Phase 2563.592ms
[203.275s][info][gc,phases,start] GC(346) Summary Phase
[203.275s][info][gc,phases      ] GC(346) Summary Phase 0.135ms
[203.275s][info][gc,phases,start] GC(346) Adjust Roots
[203.275s][info][gc,phases      ] GC(346) Adjust Roots 0.180ms
[203.275s][info][gc,phases,start] GC(346) Compaction Phase
[204.008s][info][gc,phases      ] GC(346) Compaction Phase 732.786ms
[204.008s][info][gc,phases,start] GC(346) Post Compact
[204.023s][info][gc,phases      ] GC(346) Post Compact 15.230ms
[204.023s][info][gc,heap        ] GC(346) PSYoungGen: 152575K(705536K)->152575K(705536K) Eden: 152575K(152576K)->152575K(152576K) From: 0K(552960K)->0K(552960K)
[204.023s][info][gc,heap        ] GC(346) ParOldGen: 11127754K(11127808K)->11127754K(11127808K)
[204.023s][info][gc,metaspace   ] GC(346) Metaspace: 6303K(6528K)->6303K(6528K) NonClass: 5769K(5888K)->5769K(5888K) Class: 533K(640K)->533K(640K)
[204.023s][info][gc             ] GC(346) Pause Full (Ergonomics) 11015M->11015M(11556M) 3312.292ms
[204.023s][info][gc,cpu         ] GC(346) User=25.50s Sys=0.00s Real=3.31s
[204.024s][info][gc,start       ] GC(347) Pause Full (Ergonomics)
[204.024s][info][gc,phases,start] GC(347) Marking Phase
[206.599s][info][gc,phases      ] GC(347) Marking Phase 2575.484ms
[206.599s][info][gc,phases,start] GC(347) Summary Phase
[206.599s][info][gc,phases      ] GC(347) Summary Phase 0.105ms
[206.599s][info][gc,phases,start] GC(347) Adjust Roots
[206.600s][info][gc,phases      ] GC(347) Adjust Roots 0.181ms
[206.600s][info][gc,phases,start] GC(347) Compaction Phase
[207.321s][info][gc,phases      ] GC(347) Compaction Phase 721.915ms
[207.322s][info][gc,phases,start] GC(347) Post Compact
[207.336s][info][gc,phases      ] GC(347) Post Compact 14.250ms
[207.336s][info][gc,heap        ] GC(347) PSYoungGen: 152575K(705536K)->152575K(705536K) Eden: 152575K(152576K)->152575K(152576K) From: 0K(552960K)->0K(552960K)
[207.336s][info][gc,heap        ] GC(347) ParOldGen: 11127759K(11127808K)->11127759K(11127808K)
[207.336s][info][gc,metaspace   ] GC(347) Metaspace: 6303K(6528K)->6303K(6528K) NonClass: 5769K(5888K)->5769K(5888K) Class: 533K(640K)->533K(640K)
[207.336s][info][gc             ] GC(347) Pause Full (Ergonomics) 11015M->11015M(11556M) 3312.264ms
[207.336s][info][gc,cpu         ] GC(347) User=25.59s Sys=0.02s Real=3.31s
[207.336s][info][gc,start       ] GC(348) Pause Full (Ergonomics)
[207.336s][info][gc,phases,start] GC(348) Marking Phase
[209.923s][info][gc,phases      ] GC(348) Marking Phase 2587.075ms
[209.923s][info][gc,phases,start] GC(348) Summary Phase
[209.923s][info][gc,phases      ] GC(348) Summary Phase 0.131ms
[209.923s][info][gc,phases,start] GC(348) Adjust Roots
[209.924s][info][gc,phases      ] GC(348) Adjust Roots 0.196ms
[209.924s][info][gc,phases,start] GC(348) Compaction Phase
[210.649s][info][gc,phases      ] GC(348) Compaction Phase 725.702ms
[210.649s][info][gc,phases,start] GC(348) Post Compact
[210.664s][info][gc,phases      ] GC(348) Post Compact 14.125ms
[210.664s][info][gc,heap        ] GC(348) PSYoungGen: 152575K(705536K)->152575K(705536K) Eden: 152575K(152576K)->152575K(152576K) From: 0K(552960K)->0K(552960K)
[210.664s][info][gc,heap        ] GC(348) ParOldGen: 11127764K(11127808K)->11127764K(11127808K)
[210.664s][info][gc,metaspace   ] GC(348) Metaspace: 6303K(6528K)->6303K(6528K) NonClass: 5769K(5888K)->5769K(5888K) Class: 533K(640K)->533K(640K)
[210.664s][info][gc             ] GC(348) Pause Full (Ergonomics) 11015M->11015M(11556M) 3327.595ms
[210.664s][info][gc,cpu         ] GC(348) User=25.66s Sys=0.02s Real=3.33s
[210.664s][info][gc,start       ] GC(349) Pause Full (Ergonomics)
[210.664s][info][gc,phases,start] GC(349) Marking Phase
[213.254s][info][gc,phases      ] GC(349) Marking Phase 2589.987ms
[213.254s][info][gc,phases,start] GC(349) Summary Phase
[213.254s][info][gc,phases      ] GC(349) Summary Phase 0.114ms
[213.254s][info][gc,phases,start] GC(349) Adjust Roots
[213.254s][info][gc,phases      ] GC(349) Adjust Roots 0.244ms
[213.254s][info][gc,phases,start] GC(349) Compaction Phase
[213.976s][info][gc,phases      ] GC(349) Compaction Phase 721.901ms
[213.976s][info][gc,phases,start] GC(349) Post Compact
[213.991s][info][gc,phases      ] GC(349) Post Compact 14.934ms
[213.991s][info][gc,heap        ] GC(349) PSYoungGen: 152575K(705536K)->152575K(705536K) Eden: 152575K(152576K)->152575K(152576K) From: 0K(552960K)->0K(552960K)
[213.991s][info][gc,heap        ] GC(349) ParOldGen: 11127769K(11127808K)->11127769K(11127808K)
[213.991s][info][gc,metaspace   ] GC(349) Metaspace: 6303K(6528K)->6303K(6528K) NonClass: 5769K(5888K)->5769K(5888K) Class: 533K(640K)->533K(640K)
[213.991s][info][gc             ] GC(349) Pause Full (Ergonomics) 11015M->11015M(11556M) 3327.540ms
[213.992s][info][gc,cpu         ] GC(349) User=25.72s Sys=0.02s Real=3.33s
[213.992s][info][gc,start       ] GC(350) Pause Full (Ergonomics)
[213.992s][info][gc,phases,start] GC(350) Marking Phase
[216.592s][info][gc,phases      ] GC(350) Marking Phase 2599.873ms
[216.592s][info][gc,phases,start] GC(350) Summary Phase
[216.592s][info][gc,phases      ] GC(350) Summary Phase 0.112ms
[216.592s][info][gc,phases,start] GC(350) Adjust Roots
[216.592s][info][gc,phases      ] GC(350) Adjust Roots 0.163ms
[216.592s][info][gc,phases,start] GC(350) Compaction Phase
[217.313s][info][gc,phases      ] GC(350) Compaction Phase 720.719ms
[217.313s][info][gc,phases,start] GC(350) Post Compact
[217.327s][info][gc,phases      ] GC(350) Post Compact 14.375ms
[217.327s][info][gc,heap        ] GC(350) PSYoungGen: 152575K(705536K)->152575K(705536K) Eden: 152575K(152576K)->152575K(152576K) From: 0K(552960K)->0K(552960K)
[217.327s][info][gc,heap        ] GC(350) ParOldGen: 11127774K(11127808K)->11127774K(11127808K)
[217.327s][info][gc,metaspace   ] GC(350) Metaspace: 6303K(6528K)->6303K(6528K) NonClass: 5769K(5888K)->5769K(5888K) Class: 533K(640K)->533K(640K)
[217.327s][info][gc             ] GC(350) Pause Full (Ergonomics) 11015M->11015M(11556M) 3335.600ms
[217.327s][info][gc,cpu         ] GC(350) User=25.97s Sys=0.00s Real=3.34s
[217.328s][info][gc,start       ] GC(351) Pause Full (Ergonomics)
[217.328s][info][gc,phases,start] GC(351) Marking Phase
[219.897s][info][gc,phases      ] GC(351) Marking Phase 2569.146ms
[219.897s][info][gc,phases,start] GC(351) Summary Phase
[219.897s][info][gc,phases      ] GC(351) Summary Phase 0.101ms
[219.897s][info][gc,phases,start] GC(351) Adjust Roots
[219.897s][info][gc,phases      ] GC(351) Adjust Roots 0.163ms
[219.897s][info][gc,phases,start] GC(351) Compaction Phase
[220.629s][info][gc,phases      ] GC(351) Compaction Phase 731.596ms
[220.629s][info][gc,phases,start] GC(351) Post Compact
[220.644s][info][gc,phases      ] GC(351) Post Compact 15.086ms
[220.644s][info][gc,heap        ] GC(351) PSYoungGen: 152575K(705536K)->152575K(705536K) Eden: 152575K(152576K)->152575K(152576K) From: 0K(552960K)->0K(552960K)
[220.644s][info][gc,heap        ] GC(351) ParOldGen: 11127778K(11127808K)->11127778K(11127808K)
[220.644s][info][gc,metaspace   ] GC(351) Metaspace: 6303K(6528K)->6303K(6528K) NonClass: 5769K(5888K)->5769K(5888K) Class: 533K(640K)->533K(640K)
[220.644s][info][gc             ] GC(351) Pause Full (Ergonomics) 11015M->11015M(11556M) 3316.422ms
[220.644s][info][gc,cpu         ] GC(351) User=25.38s Sys=0.03s Real=3.32s
[220.644s][info][gc,start       ] GC(352) Pause Full (Ergonomics)
[220.644s][info][gc,phases,start] GC(352) Marking Phase
[223.188s][info][gc,phases      ] GC(352) Marking Phase 2543.799ms
[223.188s][info][gc,phases,start] GC(352) Summary Phase
[223.188s][info][gc,phases      ] GC(352) Summary Phase 0.120ms
[223.188s][info][gc,phases,start] GC(352) Adjust Roots
[223.188s][info][gc,phases      ] GC(352) Adjust Roots 0.214ms
[223.188s][info][gc,phases,start] GC(352) Compaction Phase
[223.905s][info][gc,phases      ] GC(352) Compaction Phase 716.286ms
[223.905s][info][gc,phases,start] GC(352) Post Compact
[223.918s][info][gc,phases      ] GC(352) Post Compact 13.641ms
[223.919s][info][gc,heap        ] GC(352) PSYoungGen: 152575K(705536K)->152575K(705536K) Eden: 152575K(152576K)->152575K(152576K) From: 0K(552960K)->0K(552960K)
[223.919s][info][gc,heap        ] GC(352) ParOldGen: 11127783K(11127808K)->11127783K(11127808K)
[223.919s][info][gc,metaspace   ] GC(352) Metaspace: 6303K(6528K)->6303K(6528K) NonClass: 5769K(5888K)->5769K(5888K) Class: 533K(640K)->533K(640K)
[223.919s][info][gc             ] GC(352) Pause Full (Ergonomics) 11015M->11015M(11556M) 3274.419ms
[223.919s][info][gc,cpu         ] GC(352) User=25.42s Sys=0.00s Real=3.28s
[223.919s][info][gc,start       ] GC(353) Pause Full (Ergonomics)
[223.919s][info][gc,phases,start] GC(353) Marking Phase
[226.507s][info][gc,phases      ] GC(353) Marking Phase 2588.401ms
[226.507s][info][gc,phases,start] GC(353) Summary Phase
[226.507s][info][gc,phases      ] GC(353) Summary Phase 0.102ms
[226.507s][info][gc,phases,start] GC(353) Adjust Roots
[226.508s][info][gc,phases      ] GC(353) Adjust Roots 0.167ms
[226.508s][info][gc,phases,start] GC(353) Compaction Phase
[227.253s][info][gc,phases      ] GC(353) Compaction Phase 745.680ms
[227.253s][info][gc,phases,start] GC(353) Post Compact
[227.270s][info][gc,phases      ] GC(353) Post Compact 16.278ms
[227.270s][info][gc,heap        ] GC(353) PSYoungGen: 152575K(705536K)->152575K(705536K) Eden: 152575K(152576K)->152575K(152576K) From: 0K(552960K)->0K(552960K)
[227.270s][info][gc,heap        ] GC(353) ParOldGen: 11127788K(11127808K)->11127788K(11127808K)
[227.270s][info][gc,metaspace   ] GC(353) Metaspace: 6303K(6528K)->6303K(6528K) NonClass: 5769K(5888K)->5769K(5888K) Class: 533K(640K)->533K(640K)
[227.270s][info][gc             ] GC(353) Pause Full (Ergonomics) 11015M->11015M(11556M) 3350.969ms
[227.270s][info][gc,cpu         ] GC(353) User=25.59s Sys=0.02s Real=3.35s
[227.270s][info][gc,start       ] GC(354) Pause Full (Ergonomics)
[227.270s][info][gc,phases,start] GC(354) Marking Phase
[229.849s][info][gc,phases      ] GC(354) Marking Phase 2578.708ms
[229.849s][info][gc,phases,start] GC(354) Summary Phase
[229.849s][info][gc,phases      ] GC(354) Summary Phase 0.125ms
[229.849s][info][gc,phases,start] GC(354) Adjust Roots
[229.849s][info][gc,phases      ] GC(354) Adjust Roots 0.226ms
[229.849s][info][gc,phases,start] GC(354) Compaction Phase
[230.566s][info][gc,phases      ] GC(354) Compaction Phase 717.235ms
[230.567s][info][gc,phases,start] GC(354) Post Compact
[230.581s][info][gc,phases      ] GC(354) Post Compact 14.853ms
[230.581s][info][gc,heap        ] GC(354) PSYoungGen: 152575K(705536K)->152575K(705536K) Eden: 152575K(152576K)->152575K(152576K) From: 0K(552960K)->0K(552960K)
[230.581s][info][gc,heap        ] GC(354) ParOldGen: 11127793K(11127808K)->11127793K(11127808K)
[230.581s][info][gc,metaspace   ] GC(354) Metaspace: 6303K(6528K)->6303K(6528K) NonClass: 5769K(5888K)->5769K(5888K) Class: 533K(640K)->533K(640K)
[230.581s][info][gc             ] GC(354) Pause Full (Ergonomics) 11015M->11015M(11556M) 3311.498ms
[230.582s][info][gc,cpu         ] GC(354) User=25.73s Sys=0.00s Real=3.31s
[230.582s][info][gc,start       ] GC(355) Pause Full (Ergonomics)
[230.582s][info][gc,phases,start] GC(355) Marking Phase
[233.148s][info][gc,phases      ] GC(355) Marking Phase 2566.482ms
[233.148s][info][gc,phases,start] GC(355) Summary Phase
[233.148s][info][gc,phases      ] GC(355) Summary Phase 0.160ms
[233.148s][info][gc,phases,start] GC(355) Adjust Roots
[233.149s][info][gc,phases      ] GC(355) Adjust Roots 0.218ms
[233.149s][info][gc,phases,start] GC(355) Compaction Phase
[233.866s][info][gc,phases      ] GC(355) Compaction Phase 716.945ms
[233.866s][info][gc,phases,start] GC(355) Post Compact
[233.879s][info][gc,phases      ] GC(355) Post Compact 13.284ms
[233.879s][info][gc,heap        ] GC(355) PSYoungGen: 152575K(705536K)->152575K(705536K) Eden: 152575K(152576K)->152575K(152576K) From: 0K(552960K)->0K(552960K)
[233.879s][info][gc,heap        ] GC(355) ParOldGen: 11127798K(11127808K)->11127798K(11127808K)
[233.879s][info][gc,metaspace   ] GC(355) Metaspace: 6303K(6528K)->6303K(6528K) NonClass: 5769K(5888K)->5769K(5888K) Class: 533K(640K)->533K(640K)
[233.879s][info][gc             ] GC(355) Pause Full (Ergonomics) 11015M->11015M(11556M) 3297.413ms
[233.879s][info][gc,cpu         ] GC(355) User=25.47s Sys=0.03s Real=3.30s
[233.879s][info][gc,start       ] GC(356) Pause Full (Ergonomics)
[233.879s][info][gc,phases,start] GC(356) Marking Phase
[236.423s][info][gc,phases      ] GC(356) Marking Phase 2544.053ms
[236.424s][info][gc,phases,start] GC(356) Summary Phase
[236.424s][info][gc,phases      ] GC(356) Summary Phase 0.155ms
[236.424s][info][gc,phases,start] GC(356) Adjust Roots
[236.424s][info][gc,phases      ] GC(356) Adjust Roots 0.295ms
[236.424s][info][gc,phases,start] GC(356) Compaction Phase
[237.157s][info][gc,phases      ] GC(356) Compaction Phase 732.982ms
[237.157s][info][gc,phases,start] GC(356) Post Compact
[237.173s][info][gc,phases      ] GC(356) Post Compact 15.706ms
[237.173s][info][gc,heap        ] GC(356) PSYoungGen: 152575K(705536K)->152575K(705536K) Eden: 152575K(152576K)->152575K(152576K) From: 0K(552960K)->0K(552960K)
[237.173s][info][gc,heap        ] GC(356) ParOldGen: 11127803K(11127808K)->11127803K(11127808K)
[237.173s][info][gc,metaspace   ] GC(356) Metaspace: 6303K(6528K)->6303K(6528K) NonClass: 5769K(5888K)->5769K(5888K) Class: 533K(640K)->533K(640K)
[237.173s][info][gc             ] GC(356) Pause Full (Ergonomics) 11015M->11015M(11556M) 3293.603ms
[237.173s][info][gc,cpu         ] GC(356) User=25.52s Sys=0.00s Real=3.29s
[237.173s][info][gc,start       ] GC(357) Pause Full (Ergonomics)
[237.173s][info][gc,phases,start] GC(357) Marking Phase
[239.744s][info][gc,phases      ] GC(357) Marking Phase 2571.167ms
[239.744s][info][gc,phases,start] GC(357) Summary Phase
[239.745s][info][gc,phases      ] GC(357) Summary Phase 0.190ms
[239.745s][info][gc,phases,start] GC(357) Adjust Roots
[239.745s][info][gc,phases      ] GC(357) Adjust Roots 0.375ms
[239.745s][info][gc,phases,start] GC(357) Compaction Phase
[240.444s][info][gc,phases      ] GC(357) Compaction Phase 698.676ms
[240.444s][info][gc,phases,start] GC(357) Post Compact
[240.460s][info][gc,phases      ] GC(357) Post Compact 15.872ms
[240.460s][info][gc,heap        ] GC(357) PSYoungGen: 152575K(705536K)->152575K(705536K) Eden: 152575K(152576K)->152575K(152576K) From: 0K(552960K)->0K(552960K)
[240.460s][info][gc,heap        ] GC(357) ParOldGen: 11127807K(11127808K)->11127807K(11127808K)
[240.460s][info][gc,metaspace   ] GC(357) Metaspace: 6303K(6528K)->6303K(6528K) NonClass: 5769K(5888K)->5769K(5888K) Class: 533K(640K)->533K(640K)
[240.460s][info][gc             ] GC(357) Pause Full (Ergonomics) 11015M->11015M(11556M) 3286.723ms
[240.460s][info][gc,cpu         ] GC(357) User=25.77s Sys=0.02s Real=3.29s
[240.460s][info][gc,start       ] GC(358) Pause Full (Ergonomics)
[240.460s][info][gc,phases,start] GC(358) Marking Phase
[243.056s][info][gc,phases      ] GC(358) Marking Phase 2595.641ms
[243.056s][info][gc,phases,start] GC(358) Summary Phase
[243.056s][info][gc,phases      ] GC(358) Summary Phase 0.176ms
[243.056s][info][gc,phases,start] GC(358) Adjust Roots
[243.056s][info][gc,phases      ] GC(358) Adjust Roots 0.386ms
[243.056s][info][gc,phases,start] GC(358) Compaction Phase
[243.792s][info][gc,phases      ] GC(358) Compaction Phase 735.836ms
[243.792s][info][gc,phases,start] GC(358) Post Compact
[243.811s][info][gc,phases      ] GC(358) Post Compact 18.281ms
[243.811s][info][gc,heap        ] GC(358) PSYoungGen: 152575K(705536K)->152575K(705536K) Eden: 152575K(152576K)->152575K(152576K) From: 0K(552960K)->0K(552960K)
[243.811s][info][gc,heap        ] GC(358) ParOldGen: 11127807K(11127808K)->11127807K(11127808K)
[243.811s][info][gc,metaspace   ] GC(358) Metaspace: 6303K(6528K)->6303K(6528K) NonClass: 5769K(5888K)->5769K(5888K) Class: 533K(640K)->533K(640K)
[243.811s][info][gc             ] GC(358) Pause Full (Ergonomics) 11015M->11015M(11556M) 3350.737ms
[243.811s][info][gc,cpu         ] GC(358) User=25.61s Sys=0.03s Real=3.35s
[243.811s][info][gc,start       ] GC(359) Pause Full (Allocation Failure)
[243.811s][info][gc,phases,start] GC(359) Marking Phase
[246.457s][info][gc,phases      ] GC(359) Marking Phase 2646.509ms
[246.457s][info][gc,phases,start] GC(359) Summary Phase
[246.458s][info][gc,phases      ] GC(359) Summary Phase 0.147ms
[246.458s][info][gc,phases,start] GC(359) Adjust Roots
[246.458s][info][gc,phases      ] GC(359) Adjust Roots 0.430ms
[246.458s][info][gc,phases,start] GC(359) Compaction Phase
[249.228s][info][gc,phases      ] GC(359) Compaction Phase 2769.717ms
[249.228s][info][gc,phases,start] GC(359) Post Compact
[249.245s][info][gc,phases      ] GC(359) Post Compact 17.294ms
[249.245s][info][gc,heap        ] GC(359) PSYoungGen: 152575K(705536K)->152575K(705536K) Eden: 152575K(152576K)->152575K(152576K) From: 0K(552960K)->0K(552960K)
[249.245s][info][gc,heap        ] GC(359) ParOldGen: 11127807K(11127808K)->11127803K(11127808K)
[249.245s][info][gc,metaspace   ] GC(359) Metaspace: 6303K(6528K)->6301K(6528K) NonClass: 5769K(5888K)->5768K(5888K) Class: 533K(640K)->532K(640K)
[249.245s][info][gc             ] GC(359) Pause Full (Allocation Failure) 11015M->11015M(11556M) 5434.469ms
[249.245s][info][gc,cpu         ] GC(359) User=40.38s Sys=0.02s Real=5.43s
[249.259s][info][gc,start       ] GC(360) Pause Full (Ergonomics)
[249.259s][info][gc,phases,start] GC(360) Marking Phase
[251.840s][info][gc,phases      ] GC(360) Marking Phase 2581.466ms
[251.840s][info][gc,phases,start] GC(360) Summary Phase
[251.841s][info][gc,phases      ] GC(360) Summary Phase 0.155ms
[251.841s][info][gc,phases,start] GC(360) Adjust Roots
[251.841s][info][gc,phases      ] GC(360) Adjust Roots 0.199ms
[251.841s][info][gc,phases,start] GC(360) Compaction Phase
[252.548s][info][gc,phases      ] GC(360) Compaction Phase 706.982ms
[252.548s][info][gc,phases,start] GC(360) Post Compact
[252.562s][info][gc,phases      ] GC(360) Post Compact 14.021ms
[252.562s][info][gc,heap        ] GC(360) PSYoungGen: 152575K(705536K)->152575K(705536K) Eden: 152575K(152576K)->152575K(152576K) From: 0K(552960K)->0K(552960K)
[252.562s][info][gc,heap        ] GC(360) ParOldGen: 11127807K(11127808K)->11127807K(11127808K)
[252.562s][info][gc,metaspace   ] GC(360) Metaspace: 6301K(6528K)->6301K(6528K) NonClass: 5768K(5888K)->5768K(5888K) Class: 532K(640K)->532K(640K)
[252.562s][info][gc             ] GC(360) Pause Full (Ergonomics) 11015M->11015M(11556M) 3303.261ms
[252.562s][info][gc,cpu         ] GC(360) User=25.75s Sys=0.00s Real=3.30s
[252.562s][info][gc,start       ] GC(361) Pause Full (Allocation Failure)
[252.562s][info][gc,phases,start] GC(361) Marking Phase
[255.148s][info][gc,phases      ] GC(361) Marking Phase 2586.250ms
[255.148s][info][gc,phases,start] GC(361) Summary Phase
[255.149s][info][gc,phases      ] GC(361) Summary Phase 0.113ms
[255.149s][info][gc,phases,start] GC(361) Adjust Roots
[255.149s][info][gc,phases      ] GC(361) Adjust Roots 0.170ms
[255.149s][info][gc,phases,start] GC(361) Compaction Phase
[255.857s][info][gc,phases      ] GC(361) Compaction Phase 708.630ms
[255.858s][info][gc,phases,start] GC(361) Post Compact
[255.873s][info][gc,phases      ] GC(361) Post Compact 15.111ms
[255.873s][info][gc,heap        ] GC(361) PSYoungGen: 152575K(705536K)->152575K(705536K) Eden: 152575K(152576K)->152575K(152576K) From: 0K(552960K)->0K(552960K)
[255.873s][info][gc,heap        ] GC(361) ParOldGen: 11127807K(11127808K)->11127807K(11127808K)
[255.873s][info][gc,metaspace   ] GC(361) Metaspace: 6301K(6528K)->6301K(6528K) NonClass: 5768K(5888K)->5768K(5888K) Class: 532K(640K)->532K(640K)
[255.873s][info][gc             ] GC(361) Pause Full (Allocation Failure) 11015M->11015M(11556M) 3310.626ms
[255.873s][info][gc,cpu         ] GC(361) User=25.81s Sys=0.02s Real=3.31s
[255.874s][info][gc,start       ] GC(362) Pause Full (Ergonomics)
[255.874s][info][gc,phases,start] GC(362) Marking Phase
[258.469s][info][gc,phases      ] GC(362) Marking Phase 2595.799ms
[258.469s][info][gc,phases,start] GC(362) Summary Phase
[258.470s][info][gc,phases      ] GC(362) Summary Phase 0.116ms
[258.470s][info][gc,phases,start] GC(362) Adjust Roots
[258.470s][info][gc,phases      ] GC(362) Adjust Roots 0.267ms
[258.470s][info][gc,phases,start] GC(362) Compaction Phase
[261.085s][info][gc,phases      ] GC(362) Compaction Phase 2615.568ms
[261.085s][info][gc,phases,start] GC(362) Post Compact
[261.105s][info][gc,phases      ] GC(362) Post Compact 19.583ms
[261.105s][info][gc,heap        ] GC(362) PSYoungGen: 152576K(705536K)->152576K(705536K) Eden: 152576K(152576K)->152576K(152576K) From: 0K(552960K)->0K(552960K)
[261.105s][info][gc,heap        ] GC(362) ParOldGen: 11127807K(11127808K)->11127806K(11127808K)
[261.105s][info][gc,metaspace   ] GC(362) Metaspace: 6301K(6528K)->6301K(6528K) NonClass: 5768K(5888K)->5768K(5888K) Class: 532K(640K)->532K(640K)
[261.105s][info][gc             ] GC(362) Pause Full (Ergonomics) 11015M->11015M(11556M) 5231.715ms
[261.105s][info][gc,cpu         ] GC(362) User=37.41s Sys=0.02s Real=5.23s
[261.106s][info][gc,start       ] GC(363) Pause Full (Ergonomics)
[261.106s][info][gc,phases,start] GC(363) Marking Phase
[263.626s][info][gc,phases      ] GC(363) Marking Phase 2520.479ms
[263.626s][info][gc,phases,start] GC(363) Summary Phase
[263.627s][info][gc,phases      ] GC(363) Summary Phase 0.127ms
[263.627s][info][gc,phases,start] GC(363) Adjust Roots
[263.627s][info][gc,phases      ] GC(363) Adjust Roots 0.216ms
[263.627s][info][gc,phases,start] GC(363) Compaction Phase
[264.360s][info][gc,phases      ] GC(363) Compaction Phase 733.654ms
[264.361s][info][gc,phases,start] GC(363) Post Compact
[264.377s][info][gc,phases      ] GC(363) Post Compact 16.182ms
[264.377s][info][gc,heap        ] GC(363) PSYoungGen: 152576K(705536K)->152576K(705536K) Eden: 152576K(152576K)->152576K(152576K) From: 0K(552960K)->0K(552960K)
[264.377s][info][gc,heap        ] GC(363) ParOldGen: 11127806K(11127808K)->11127806K(11127808K)
[264.377s][info][gc,metaspace   ] GC(363) Metaspace: 6301K(6528K)->6301K(6528K) NonClass: 5768K(5888K)->5768K(5888K) Class: 532K(640K)->532K(640K)
[264.377s][info][gc             ] GC(363) Pause Full (Ergonomics) 11015M->11015M(11556M) 3271.038ms
[264.377s][info][gc,cpu         ] GC(363) User=25.27s Sys=0.00s Real=3.27s
[264.380s][info][gc,start       ] GC(364) Pause Full (Ergonomics)
[264.380s][info][gc,phases,start] GC(364) Marking Phase
[266.910s][info][gc,phases      ] GC(364) Marking Phase 2529.854ms
[266.910s][info][gc,phases,start] GC(364) Summary Phase
[266.910s][info][gc,phases      ] GC(364) Summary Phase 0.125ms
[266.910s][info][gc,phases,start] GC(364) Adjust Roots
[266.910s][info][gc,phases      ] GC(364) Adjust Roots 0.294ms
[266.910s][info][gc,phases,start] GC(364) Compaction Phase
[269.727s][info][gc,phases      ] GC(364) Compaction Phase 2816.711ms
[269.727s][info][gc,phases,start] GC(364) Post Compact
[269.747s][info][gc,phases      ] GC(364) Post Compact 20.169ms
[269.747s][info][gc,heap        ] GC(364) PSYoungGen: 152576K(705536K)->152576K(705536K) Eden: 152576K(152576K)->152576K(152576K) From: 0K(552960K)->0K(552960K)
[269.747s][info][gc,heap        ] GC(364) ParOldGen: 11127807K(11127808K)->11127804K(11127808K)
[269.747s][info][gc,metaspace   ] GC(364) Metaspace: 6303K(6528K)->6303K(6528K) NonClass: 5769K(5888K)->5769K(5888K) Class: 533K(640K)->533K(640K)
[269.747s][info][gc             ] GC(364) Pause Full (Ergonomics) 11015M->11015M(11556M) 5367.551ms
[269.747s][info][gc,cpu         ] GC(364) User=40.42s Sys=0.03s Real=5.37s
[269.748s][info][gc,heap,exit   ] Heap
[269.748s][info][gc,heap,exit   ]  PSYoungGen      total 705536K, used 152576K [0x00000006ac700000, 0x00000006fa280000, 0x0000000800000000)
[269.748s][info][gc,heap,exit   ]   eden space 152576K, 100% used [0x00000006ac700000,0x00000006b5c00000,0x00000006b5c00000)
[269.748s][info][gc,heap,exit   ]   from space 552960K, 0% used [0x00000006b5c00000,0x00000006b5c00000,0x00000006d7800000)
[269.748s][info][gc,heap,exit   ]   to   space 552960K, 0% used [0x00000006d8680000,0x00000006d8680000,0x00000006fa280000)
[269.748s][info][gc,heap,exit   ]  ParOldGen       total 11127808K, used 11127805K [0x0000000405400000, 0x00000006ac700000, 0x00000006ac700000)
[269.748s][info][gc,heap,exit   ]   object space 11127808K, 99% used [0x0000000405400000,0x00000006ac6ff610,0x00000006ac700000)
[269.748s][info][gc,heap,exit   ]  Metaspace       used 6306K, committed 6528K, reserved 1114112K
[269.748s][info][gc,heap,exit   ]   class space    used 534K, committed 640K, reserved 1048576K
