[0.025s][info][gc,init] CardTable entry size: 512
[0.025s][info][gc     ] Using Serial
[0.025s][info][gc,init] Version: 18.0.1+10 (release)
[0.025s][info][gc,init] CPUs: 8 total, 8 available
[0.025s][info][gc,init] Memory: 16063M
[0.025s][info][gc,init] Large Page Support: Disabled
[0.025s][info][gc,init] NUMA Support: Disabled
[0.025s][info][gc,init] Compressed Oops: Enabled (Zero based)
[0.025s][info][gc,init] Heap Min Capacity: 2M
[0.025s][info][gc,init] Heap Initial Capacity: 2M
[0.025s][info][gc,init] Heap Max Capacity: 15300M
[0.025s][info][gc,init] Pre-touch: Disabled
[0.026s][info][gc,metaspace] CDS archive(s) not mapped
[0.026s][info][gc,metaspace] Compressed class space mapped at: 0x0000000800000000-0x0000000840000000, reserved size: 1073741824
[0.026s][info][gc,metaspace] Narrow klass base: 0x0000000800000000, Narrow klass shift: 0, Narrow klass range: 0x40000000
[0.175s][info][gc,start    ] GC(0) Pause Young (Allocation Failure)
[0.177s][info][gc,heap     ] GC(0) DefNew: 1023K(1152K)->127K(1152K) Eden: 1023K(1024K)->0K(1024K) From: 0K(128K)->127K(128K)
[0.177s][info][gc,heap     ] GC(0) Tenured: 0K(768K)->439K(768K)
[0.177s][info][gc,metaspace] GC(0) Metaspace: 5899K(6016K)->5899K(6016K) NonClass: 5399K(5504K)->5399K(5504K) Class: 499K(512K)->499K(512K)
[0.177s][info][gc          ] GC(0) Pause Young (Allocation Failure) 0M->0M(1M) 1.525ms
[0.177s][info][gc,cpu      ] GC(0) User=0.00s Sys=0.00s Real=0.00s
[0.194s][info][gc,start    ] GC(1) Pause Young (Allocation Failure)
[0.196s][info][gc          ] GC(1) Pause Young (Allocation Failure) 1M->0M(2M) 1.596ms
[0.196s][info][gc,cpu      ] GC(1) User=0.00s Sys=0.00s Real=0.00s
[0.196s][info][gc,start    ] GC(2) Pause Full (Allocation Failure)
[0.196s][info][gc,phases,start] GC(2) Phase 1: Mark live objects
[0.197s][info][gc,phases      ] GC(2) Phase 1: Mark live objects 1.093ms
[0.197s][info][gc,phases,start] GC(2) Phase 2: Compute new object addresses
[0.198s][info][gc,phases      ] GC(2) Phase 2: Compute new object addresses 0.254ms
[0.198s][info][gc,phases,start] GC(2) Phase 3: Adjust pointers
[0.198s][info][gc,phases      ] GC(2) Phase 3: Adjust pointers 0.511ms
[0.198s][info][gc,phases,start] GC(2) Phase 4: Move objects
[0.198s][info][gc,phases      ] GC(2) Phase 4: Move objects 0.063ms
[0.198s][info][gc,heap        ] GC(2) DefNew: 1151K(1152K)->40K(1152K) Eden: 1024K(1024K)->40K(1024K) From: 127K(128K)->0K(128K)
[0.198s][info][gc,heap        ] GC(2) Tenured: 439K(768K)->959K(1600K)
[0.198s][info][gc,metaspace   ] GC(2) Metaspace: 6297K(6464K)->6297K(6464K) NonClass: 5763K(5824K)->5763K(5824K) Class: 533K(640K)->533K(640K)
[0.198s][info][gc             ] GC(2) Pause Full (Allocation Failure) 0M->0M(2M) 2.212ms
[0.198s][info][gc,cpu         ] GC(2) User=0.00s Sys=0.00s Real=0.00s
[0.200s][info][gc,start       ] GC(3) Pause Young (Allocation Failure)
[0.201s][info][gc,heap        ] GC(3) DefNew: 1024K(1152K)->128K(1152K) Eden: 1024K(1024K)->0K(1024K) From: 0K(128K)->128K(128K)
[0.201s][info][gc,heap        ] GC(3) Tenured: 959K(1600K)->1374K(1600K)
[0.201s][info][gc,metaspace   ] GC(3) Metaspace: 6297K(6464K)->6297K(6464K) NonClass: 5763K(5824K)->5763K(5824K) Class: 533K(640K)->533K(640K)
[0.201s][info][gc             ] GC(3) Pause Young (Allocation Failure) 1M->1M(2M) 1.470ms
[0.201s][info][gc,cpu         ] GC(3) User=0.00s Sys=0.00s Real=0.00s
[0.203s][info][gc,start       ] GC(4) Pause Young (Allocation Failure)
[0.204s][info][gc             ] GC(4) Pause Young (Allocation Failure) 2M->1M(3M) 1.489ms
[0.204s][info][gc,cpu         ] GC(4) User=0.00s Sys=0.00s Real=0.00s
[0.204s][info][gc,start       ] GC(5) Pause Full (Allocation Failure)
[0.204s][info][gc,phases,start] GC(5) Phase 1: Mark live objects
[0.206s][info][gc,phases      ] GC(5) Phase 1: Mark live objects 1.548ms
[0.206s][info][gc,phases,start] GC(5) Phase 2: Compute new object addresses
[0.206s][info][gc,phases      ] GC(5) Phase 2: Compute new object addresses 0.381ms
[0.206s][info][gc,phases,start] GC(5) Phase 3: Adjust pointers
[0.207s][info][gc,phases      ] GC(5) Phase 3: Adjust pointers 0.684ms
[0.207s][info][gc,phases,start] GC(5) Phase 4: Move objects
[0.207s][info][gc,phases      ] GC(5) Phase 4: Move objects 0.067ms
[0.207s][info][gc,heap        ] GC(5) DefNew: 1152K(1152K)->34K(1536K) Eden: 1024K(1024K)->34K(1408K) From: 128K(128K)->0K(128K)
[0.207s][info][gc,heap        ] GC(5) Tenured: 1374K(1600K)->1983K(3308K)
[0.207s][info][gc,metaspace   ] GC(5) Metaspace: 6297K(6464K)->6297K(6464K) NonClass: 5763K(5824K)->5763K(5824K) Class: 533K(640K)->533K(640K)
[0.207s][info][gc             ] GC(5) Pause Full (Allocation Failure) 1M->1M(4M) 3.008ms
[0.207s][info][gc,cpu         ] GC(5) User=0.00s Sys=0.00s Real=0.00s
[0.209s][info][gc,start       ] GC(6) Pause Young (Allocation Failure)
[0.211s][info][gc,heap        ] GC(6) DefNew: 1407K(1536K)->127K(1536K) Eden: 1407K(1408K)->0K(1408K) From: 0K(128K)->127K(128K)
[0.211s][info][gc,heap        ] GC(6) Tenured: 1983K(3308K)->2617K(3308K)
[0.211s][info][gc,metaspace   ] GC(6) Metaspace: 6297K(6464K)->6297K(6464K) NonClass: 5763K(5824K)->5763K(5824K) Class: 533K(640K)->533K(640K)
[0.211s][info][gc             ] GC(6) Pause Young (Allocation Failure) 3M->2M(4M) 1.940ms
[0.211s][info][gc,cpu         ] GC(6) User=0.00s Sys=0.00s Real=0.00s
[0.213s][info][gc,start       ] GC(7) Pause Young (Allocation Failure)
[0.215s][info][gc             ] GC(7) Pause Young (Allocation Failure) 4M->3M(4M) 1.928ms
[0.215s][info][gc,cpu         ] GC(7) User=0.00s Sys=0.00s Real=0.00s
[0.215s][info][gc,start       ] GC(8) Pause Full (Allocation Failure)
[0.215s][info][gc,phases,start] GC(8) Phase 1: Mark live objects
[0.217s][info][gc,phases      ] GC(8) Phase 1: Mark live objects 2.252ms
[0.217s][info][gc,phases,start] GC(8) Phase 2: Compute new object addresses
[0.218s][info][gc,phases      ] GC(8) Phase 2: Compute new object addresses 0.611ms
[0.218s][info][gc,phases,start] GC(8) Phase 3: Adjust pointers
[0.219s][info][gc,phases      ] GC(8) Phase 3: Adjust pointers 0.964ms
[0.219s][info][gc,phases,start] GC(8) Phase 4: Move objects
[0.219s][info][gc,phases      ] GC(8) Phase 4: Move objects 0.072ms
[0.219s][info][gc,heap        ] GC(8) DefNew: 1535K(1536K)->0K(2688K) Eden: 1408K(1408K)->0K(2432K) From: 127K(128K)->0K(256K)
[0.219s][info][gc,heap        ] GC(8) Tenured: 2617K(3308K)->3460K(5768K)
[0.219s][info][gc,metaspace   ] GC(8) Metaspace: 6297K(6464K)->6297K(6464K) NonClass: 5763K(5824K)->5763K(5824K) Class: 533K(640K)->533K(640K)
[0.219s][info][gc             ] GC(8) Pause Full (Allocation Failure) 3M->3M(8M) 4.245ms
[0.219s][info][gc,cpu         ] GC(8) User=0.00s Sys=0.00s Real=0.00s
[0.223s][info][gc,start       ] GC(9) Pause Young (Allocation Failure)
[0.226s][info][gc,heap        ] GC(9) DefNew: 2432K(2688K)->255K(2688K) Eden: 2432K(2432K)->0K(2432K) From: 0K(256K)->255K(256K)
[0.226s][info][gc,heap        ] GC(9) Tenured: 3460K(5768K)->4512K(5768K)
[0.226s][info][gc,metaspace   ] GC(9) Metaspace: 6297K(6464K)->6297K(6464K) NonClass: 5763K(5824K)->5763K(5824K) Class: 533K(640K)->533K(640K)
[0.226s][info][gc             ] GC(9) Pause Young (Allocation Failure) 5M->4M(8M) 3.113ms
[0.226s][info][gc,cpu         ] GC(9) User=0.00s Sys=0.00s Real=0.00s
[0.229s][info][gc,start       ] GC(10) Pause Young (Allocation Failure)
[0.232s][info][gc,heap        ] GC(10) DefNew: 2687K(2688K)->256K(2688K) Eden: 2432K(2432K)->0K(2432K) From: 255K(256K)->256K(256K)
[0.232s][info][gc,heap        ] GC(10) Tenured: 4512K(5768K)->5755K(5768K)
[0.232s][info][gc,metaspace   ] GC(10) Metaspace: 6297K(6464K)->6297K(6464K) NonClass: 5763K(5824K)->5763K(5824K) Class: 533K(640K)->533K(640K)
[0.232s][info][gc             ] GC(10) Pause Young (Allocation Failure) 7M->5M(8M) 3.156ms
[0.232s][info][gc,cpu         ] GC(10) User=0.00s Sys=0.00s Real=0.00s
[0.235s][info][gc,start       ] GC(11) Pause Young (Allocation Failure)
[0.239s][info][gc             ] GC(11) Pause Young (Allocation Failure) 8M->7M(9M) 3.819ms
[0.239s][info][gc,cpu         ] GC(11) User=0.00s Sys=0.00s Real=0.00s
[0.239s][info][gc,start       ] GC(12) Pause Full (Allocation Failure)
[0.239s][info][gc,phases,start] GC(12) Phase 1: Mark live objects
[0.243s][info][gc,phases      ] GC(12) Phase 1: Mark live objects 3.972ms
[0.243s][info][gc,phases,start] GC(12) Phase 2: Compute new object addresses
[0.244s][info][gc,phases      ] GC(12) Phase 2: Compute new object addresses 1.192ms
[0.244s][info][gc,phases,start] GC(12) Phase 3: Adjust pointers
[0.246s][info][gc,phases      ] GC(12) Phase 3: Adjust pointers 1.691ms
[0.246s][info][gc,phases,start] GC(12) Phase 4: Move objects
[0.247s][info][gc,phases      ] GC(12) Phase 4: Move objects 1.295ms
[0.247s][info][gc,heap        ] GC(12) DefNew: 2688K(2688K)->0K(5376K) Eden: 2432K(2432K)->0K(4800K) From: 256K(256K)->0K(576K)
[0.248s][info][gc,heap        ] GC(12) Tenured: 5755K(5768K)->7132K(11888K)
[0.248s][info][gc,metaspace   ] GC(12) Metaspace: 6297K(6464K)->6297K(6464K) NonClass: 5763K(5824K)->5763K(5824K) Class: 533K(640K)->533K(640K)
[0.248s][info][gc             ] GC(12) Pause Full (Allocation Failure) 7M->6M(16M) 8.682ms
[0.248s][info][gc,cpu         ] GC(12) User=0.00s Sys=0.00s Real=0.01s
[0.253s][info][gc,start       ] GC(13) Pause Young (Allocation Failure)
[0.259s][info][gc,heap        ] GC(13) DefNew: 4800K(5376K)->575K(5376K) Eden: 4800K(4800K)->0K(4800K) From: 0K(576K)->575K(576K)
[0.259s][info][gc,heap        ] GC(13) Tenured: 7132K(11888K)->9027K(11888K)
[0.259s][info][gc,metaspace   ] GC(13) Metaspace: 6297K(6464K)->6297K(6464K) NonClass: 5763K(5824K)->5763K(5824K) Class: 533K(640K)->533K(640K)
[0.259s][info][gc             ] GC(13) Pause Young (Allocation Failure) 11M->9M(16M) 5.486ms
[0.259s][info][gc,cpu         ] GC(13) User=0.00s Sys=0.00s Real=0.00s
[0.264s][info][gc,start       ] GC(14) Pause Young (Allocation Failure)
[0.271s][info][gc,heap        ] GC(14) DefNew: 5375K(5376K)->576K(5376K) Eden: 4800K(4800K)->0K(4800K) From: 575K(576K)->576K(576K)
[0.271s][info][gc,heap        ] GC(14) Tenured: 9027K(11888K)->11746K(11888K)
[0.271s][info][gc,metaspace   ] GC(14) Metaspace: 6297K(6464K)->6297K(6464K) NonClass: 5763K(5824K)->5763K(5824K) Class: 533K(640K)->533K(640K)
[0.271s][info][gc             ] GC(14) Pause Young (Allocation Failure) 14M->12M(16M) 7.261ms
[0.271s][info][gc,cpu         ] GC(14) User=0.02s Sys=0.00s Real=0.01s
[0.275s][info][gc,start       ] GC(15) Pause Young (Allocation Failure)
[0.281s][info][gc             ] GC(15) Pause Young (Allocation Failure) 16M->14M(19M) 6.067ms
[0.281s][info][gc,cpu         ] GC(15) User=0.00s Sys=0.00s Real=0.01s
[0.281s][info][gc,start       ] GC(16) Pause Full (Allocation Failure)
[0.281s][info][gc,phases,start] GC(16) Phase 1: Mark live objects
[0.289s][info][gc,phases      ] GC(16) Phase 1: Mark live objects 7.655ms
[0.289s][info][gc,phases,start] GC(16) Phase 2: Compute new object addresses
[0.291s][info][gc,phases      ] GC(16) Phase 2: Compute new object addresses 2.322ms
[0.291s][info][gc,phases,start] GC(16) Phase 3: Adjust pointers
[0.294s][info][gc,phases      ] GC(16) Phase 3: Adjust pointers 2.706ms
[0.294s][info][gc,phases,start] GC(16) Phase 4: Move objects
[0.294s][info][gc,phases      ] GC(16) Phase 4: Move objects 0.135ms
[0.294s][info][gc,heap        ] GC(16) DefNew: 5376K(5376K)->446K(10816K) Eden: 4800K(4800K)->446K(9664K) From: 576K(576K)->0K(1152K)
[0.294s][info][gc,heap        ] GC(16) Tenured: 11746K(11888K)->14323K(23876K)
[0.294s][info][gc,metaspace   ] GC(16) Metaspace: 6298K(6464K)->6298K(6464K) NonClass: 5765K(5824K)->5765K(5824K) Class: 533K(640K)->533K(640K)
[0.294s][info][gc             ] GC(16) Pause Full (Allocation Failure) 14M->14M(33M) 13.157ms
[0.294s][info][gc,cpu         ] GC(16) User=0.02s Sys=0.00s Real=0.01s
[0.302s][info][gc,start       ] GC(17) Pause Young (Allocation Failure)
[0.314s][info][gc,heap        ] GC(17) DefNew: 9664K(10816K)->1151K(10816K) Eden: 9664K(9664K)->0K(9664K) From: 0K(1152K)->1151K(1152K)
[0.314s][info][gc,heap        ] GC(17) Tenured: 14323K(23876K)->18351K(23876K)
[0.314s][info][gc,metaspace   ] GC(17) Metaspace: 6298K(6464K)->6298K(6464K) NonClass: 5765K(5824K)->5765K(5824K) Class: 533K(640K)->533K(640K)
[0.314s][info][gc             ] GC(17) Pause Young (Allocation Failure) 23M->19M(33M) 12.478ms
[0.314s][info][gc,cpu         ] GC(17) User=0.00s Sys=0.00s Real=0.01s
[0.322s][info][gc,start       ] GC(18) Pause Young (Allocation Failure)
[0.336s][info][gc,heap        ] GC(18) DefNew: 10815K(10816K)->1151K(10816K) Eden: 9664K(9664K)->0K(9664K) From: 1151K(1152K)->1151K(1152K)
[0.336s][info][gc,heap        ] GC(18) Tenured: 18351K(23876K)->23839K(23876K)
[0.336s][info][gc,metaspace   ] GC(18) Metaspace: 6298K(6464K)->6298K(6464K) NonClass: 5765K(5824K)->5765K(5824K) Class: 533K(640K)->533K(640K)
[0.336s][info][gc             ] GC(18) Pause Young (Allocation Failure) 28M->24M(33M) 14.245ms
[0.336s][info][gc,cpu         ] GC(18) User=0.00s Sys=0.00s Real=0.01s
[0.342s][info][gc,start       ] GC(19) Pause Young (Allocation Failure)
[0.354s][info][gc             ] GC(19) Pause Young (Allocation Failure) 33M->29M(38M) 11.725ms
[0.354s][info][gc,cpu         ] GC(19) User=0.00s Sys=0.00s Real=0.01s
[0.354s][info][gc,start       ] GC(20) Pause Full (Allocation Failure)
[0.354s][info][gc,phases,start] GC(20) Phase 1: Mark live objects
[0.369s][info][gc,phases      ] GC(20) Phase 1: Mark live objects 14.829ms
[0.369s][info][gc,phases,start] GC(20) Phase 2: Compute new object addresses
[0.374s][info][gc,phases      ] GC(20) Phase 2: Compute new object addresses 5.101ms
[0.374s][info][gc,phases,start] GC(20) Phase 3: Adjust pointers
[0.380s][info][gc,phases      ] GC(20) Phase 3: Adjust pointers 6.070ms
[0.380s][info][gc,phases,start] GC(20) Phase 4: Move objects
[0.380s][info][gc,phases      ] GC(20) Phase 4: Move objects 0.268ms
[0.381s][info][gc,heap        ] GC(20) DefNew: 10815K(10816K)->1048K(21760K) Eden: 9664K(9664K)->1048K(19392K) From: 1151K(1152K)->0K(2368K)
[0.381s][info][gc,heap        ] GC(20) Tenured: 23839K(23876K)->28935K(48228K)
[0.381s][info][gc,metaspace   ] GC(20) Metaspace: 6298K(6464K)->6298K(6464K) NonClass: 5765K(5824K)->5765K(5824K) Class: 533K(640K)->533K(640K)
[0.381s][info][gc             ] GC(20) Pause Full (Allocation Failure) 29M->29M(68M) 26.755ms
[0.381s][info][gc,cpu         ] GC(20) User=0.05s Sys=0.00s Real=0.03s
[0.395s][info][gc,start       ] GC(21) Pause Young (Allocation Failure)
[0.426s][info][gc,heap        ] GC(21) DefNew: 19392K(21760K)->2368K(21760K) Eden: 19392K(19392K)->0K(19392K) From: 0K(2368K)->2368K(2368K)
[0.426s][info][gc,heap        ] GC(21) Tenured: 28935K(48228K)->38998K(48228K)
[0.426s][info][gc,metaspace   ] GC(21) Metaspace: 6298K(6464K)->6298K(6464K) NonClass: 5765K(5824K)->5765K(5824K) Class: 533K(640K)->533K(640K)
[0.426s][info][gc             ] GC(21) Pause Young (Allocation Failure) 47M->40M(68M) 30.732ms
[0.426s][info][gc,cpu         ] GC(21) User=0.02s Sys=0.00s Real=0.03s
[0.444s][info][gc,start       ] GC(22) Pause Young (Allocation Failure)
[0.478s][info][gc             ] GC(22) Pause Young (Allocation Failure) 59M->59M(78M) 33.969ms
[0.478s][info][gc,cpu         ] GC(22) User=0.03s Sys=0.00s Real=0.03s
[0.478s][info][gc,start       ] GC(23) Pause Full (Allocation Failure)
[0.478s][info][gc,phases,start] GC(23) Phase 1: Mark live objects
[0.503s][info][gc,phases      ] GC(23) Phase 1: Mark live objects 24.722ms
[0.503s][info][gc,phases,start] GC(23) Phase 2: Compute new object addresses
[0.512s][info][gc,phases      ] GC(23) Phase 2: Compute new object addresses 9.425ms
[0.513s][info][gc,phases,start] GC(23) Phase 3: Adjust pointers
[0.523s][info][gc,phases      ] GC(23) Phase 3: Adjust pointers 10.537ms
[0.523s][info][gc,phases,start] GC(23) Phase 4: Move objects
[0.523s][info][gc,phases      ] GC(23) Phase 4: Move objects 0.269ms
[0.524s][info][gc,heap        ] GC(23) DefNew: 21760K(21760K)->2367K(43776K) Eden: 19392K(19392K)->2367K(38912K) From: 2368K(2368K)->0K(4864K)
[0.524s][info][gc,heap        ] GC(23) Tenured: 38998K(48228K)->58358K(97264K)
[0.524s][info][gc,metaspace   ] GC(23) Metaspace: 6298K(6464K)->6298K(6464K) NonClass: 5765K(5824K)->5765K(5824K) Class: 533K(640K)->533K(640K)
[0.524s][info][gc             ] GC(23) Pause Full (Allocation Failure) 59M->59M(137M) 45.510ms
[0.524s][info][gc,cpu         ] GC(23) User=0.03s Sys=0.00s Real=0.05s
[0.564s][info][gc,start       ] GC(24) Pause Young (Allocation Failure)
[0.625s][info][gc,heap        ] GC(24) DefNew: 38912K(43776K)->4863K(43776K) Eden: 38912K(38912K)->0K(38912K) From: 0K(4864K)->4863K(4864K)
[0.625s][info][gc,heap        ] GC(24) Tenured: 58358K(97264K)->90333K(97264K)
[0.625s][info][gc,metaspace   ] GC(24) Metaspace: 6298K(6464K)->6298K(6464K) NonClass: 5765K(5824K)->5765K(5824K) Class: 533K(640K)->533K(640K)
[0.625s][info][gc             ] GC(24) Pause Young (Allocation Failure) 94M->92M(137M) 61.071ms
[0.625s][info][gc,cpu         ] GC(24) User=0.03s Sys=0.02s Real=0.06s
[0.655s][info][gc,start       ] GC(25) Pause Young (Allocation Failure)
[0.724s][info][gc             ] GC(25) Pause Young (Allocation Failure) 130M->130M(169M) 68.926ms
[0.724s][info][gc,cpu         ] GC(25) User=0.06s Sys=0.00s Real=0.07s
[0.724s][info][gc,start       ] GC(26) Pause Full (Allocation Failure)
[0.724s][info][gc,phases,start] GC(26) Phase 1: Mark live objects
[0.779s][info][gc,phases      ] GC(26) Phase 1: Mark live objects 54.460ms
[0.779s][info][gc,phases,start] GC(26) Phase 2: Compute new object addresses
[0.802s][info][gc,phases      ] GC(26) Phase 2: Compute new object addresses 22.799ms
[0.802s][info][gc,phases,start] GC(26) Phase 3: Adjust pointers
[0.831s][info][gc,phases      ] GC(26) Phase 3: Adjust pointers 29.468ms
[0.831s][info][gc,phases,start] GC(26) Phase 4: Move objects
[0.857s][info][gc,phases      ] GC(26) Phase 4: Move objects 25.709ms
[0.858s][info][gc,heap        ] GC(26) DefNew: 43775K(43776K)->2959K(97088K) Eden: 38912K(38912K)->2959K(86336K) From: 4863K(4864K)->0K(10752K)
[0.858s][info][gc,heap        ] GC(26) Tenured: 90333K(97264K)->129327K(215548K)
[0.858s][info][gc,metaspace   ] GC(26) Metaspace: 6298K(6464K)->6298K(6464K) NonClass: 5765K(5824K)->5765K(5824K) Class: 533K(640K)->533K(640K)
[0.858s][info][gc             ] GC(26) Pause Full (Allocation Failure) 130M->129M(305M) 133.205ms
[0.858s][info][gc,cpu         ] GC(26) User=0.12s Sys=0.00s Real=0.13s
[0.943s][info][gc,start       ] GC(27) Pause Young (Allocation Failure)
[1.087s][info][gc,heap        ] GC(27) DefNew: 86336K(97088K)->10751K(97088K) Eden: 86336K(86336K)->0K(86336K) From: 0K(10752K)->10751K(10752K)
[1.087s][info][gc,heap        ] GC(27) Tenured: 129327K(215548K)->204882K(215548K)
[1.087s][info][gc,metaspace   ] GC(27) Metaspace: 6298K(6464K)->6298K(6464K) NonClass: 5765K(5824K)->5765K(5824K) Class: 533K(640K)->533K(640K)
[1.087s][info][gc             ] GC(27) Pause Young (Allocation Failure) 210M->210M(305M) 143.816ms
[1.087s][info][gc,cpu         ] GC(27) User=0.09s Sys=0.03s Real=0.14s
[1.164s][info][gc,start       ] GC(28) Pause Young (Allocation Failure)
[1.330s][info][gc             ] GC(28) Pause Young (Allocation Failure) 294M->294M(379M) 166.241ms
[1.330s][info][gc,cpu         ] GC(28) User=0.09s Sys=0.05s Real=0.17s
[1.330s][info][gc,start       ] GC(29) Pause Full (Allocation Failure)
[1.330s][info][gc,phases,start] GC(29) Phase 1: Mark live objects
[1.465s][info][gc,phases      ] GC(29) Phase 1: Mark live objects 134.500ms
[1.465s][info][gc,phases,start] GC(29) Phase 2: Compute new object addresses
[1.512s][info][gc,phases      ] GC(29) Phase 2: Compute new object addresses 46.714ms
[1.512s][info][gc,phases,start] GC(29) Phase 3: Adjust pointers
[1.566s][info][gc,phases      ] GC(29) Phase 3: Adjust pointers 54.517ms
[1.566s][info][gc,phases,start] GC(29) Phase 4: Move objects
[1.569s][info][gc,phases      ] GC(29) Phase 4: Move objects 2.610ms
[1.570s][info][gc,heap        ] GC(29) DefNew: 97087K(97088K)->10607K(218560K) Eden: 86336K(86336K)->10607K(194304K) From: 10751K(10752K)->0K(24256K)
[1.570s][info][gc,heap        ] GC(29) Tenured: 204882K(215548K)->291327K(485548K)
[1.570s][info][gc,metaspace   ] GC(29) Metaspace: 6298K(6464K)->6298K(6464K) NonClass: 5765K(5824K)->5765K(5824K) Class: 533K(640K)->533K(640K)
[1.570s][info][gc             ] GC(29) Pause Full (Allocation Failure) 294M->294M(687M) 239.645ms
[1.570s][info][gc,cpu         ] GC(29) User=0.22s Sys=0.00s Real=0.24s
[1.783s][info][gc,start       ] GC(30) Pause Young (Allocation Failure)
[2.134s][info][gc,heap        ] GC(30) DefNew: 194304K(218560K)->24255K(218560K) Eden: 194304K(194304K)->0K(194304K) From: 0K(24256K)->24255K(24256K)
[2.134s][info][gc,heap        ] GC(30) Tenured: 291327K(485548K)->461350K(485548K)
[2.134s][info][gc,metaspace   ] GC(30) Metaspace: 6298K(6464K)->6298K(6464K) NonClass: 5765K(5824K)->5765K(5824K) Class: 533K(640K)->533K(640K)
[2.134s][info][gc             ] GC(30) Pause Young (Allocation Failure) 474M->474M(687M) 351.150ms
[2.134s][info][gc,cpu         ] GC(30) User=0.30s Sys=0.05s Real=0.35s
[2.316s][info][gc,start       ] GC(31) Pause Young (Allocation Failure)
[2.680s][info][gc             ] GC(31) Pause Young (Allocation Failure) 663M->663M(853M) 363.843ms
[2.680s][info][gc,cpu         ] GC(31) User=0.30s Sys=0.05s Real=0.37s
[2.680s][info][gc,start       ] GC(32) Pause Full (Allocation Failure)
[2.680s][info][gc,phases,start] GC(32) Phase 1: Mark live objects
[2.976s][info][gc,phases      ] GC(32) Phase 1: Mark live objects 296.114ms
[2.976s][info][gc,phases,start] GC(32) Phase 2: Compute new object addresses
[3.078s][info][gc,phases      ] GC(32) Phase 2: Compute new object addresses 101.733ms
[3.078s][info][gc,phases,start] GC(32) Phase 3: Adjust pointers
[3.192s][info][gc,phases      ] GC(32) Phase 3: Adjust pointers 113.919ms
[3.192s][info][gc,phases,start] GC(32) Phase 4: Move objects
[3.197s][info][gc,phases      ] GC(32) Phase 4: Move objects 5.087ms
[3.199s][info][gc,heap        ] GC(32) DefNew: 218559K(218560K)->24149K(491904K) Eden: 194304K(194304K)->24149K(437312K) From: 24255K(24256K)->0K(54592K)
[3.199s][info][gc,heap        ] GC(32) Tenured: 461350K(485548K)->655728K(1092880K)
[3.199s][info][gc,metaspace   ] GC(32) Metaspace: 6298K(6464K)->6298K(6464K) NonClass: 5765K(5824K)->5765K(5824K) Class: 533K(640K)->533K(640K)
[3.199s][info][gc             ] GC(32) Pause Full (Allocation Failure) 663M->663M(1547M) 519.072ms
[3.199s][info][gc,cpu         ] GC(32) User=0.50s Sys=0.00s Real=0.52s
[3.652s][info][gc,start       ] GC(33) Pause Young (Allocation Failure)
[4.408s][info][gc,heap        ] GC(33) DefNew: 437312K(491904K)->54591K(491904K) Eden: 437312K(437312K)->0K(437312K) From: 0K(54592K)->54591K(54592K)
[4.408s][info][gc,heap        ] GC(33) Tenured: 655728K(1092880K)->1038422K(1092880K)
[4.408s][info][gc,metaspace   ] GC(33) Metaspace: 6298K(6464K)->6298K(6464K) NonClass: 5765K(5824K)->5765K(5824K) Class: 533K(640K)->533K(640K)
[4.408s][info][gc             ] GC(33) Pause Young (Allocation Failure) 1067M->1067M(1547M) 756.673ms
[4.408s][info][gc,cpu         ] GC(33) User=0.61s Sys=0.14s Real=0.76s
[4.737s][info][gc,start       ] GC(34) Pause Young (Allocation Failure)
[5.447s][info][gc             ] GC(34) Pause Young (Allocation Failure) 1431M->1404M(1831M) 709.990ms
[5.447s][info][gc,cpu         ] GC(34) User=0.62s Sys=0.05s Real=0.71s
[5.447s][info][gc,start       ] GC(35) Pause Full (Allocation Failure)
[5.447s][info][gc,phases,start] GC(35) Phase 1: Mark live objects
[6.109s][info][gc,phases      ] GC(35) Phase 1: Mark live objects 661.527ms
[6.109s][info][gc,phases,start] GC(35) Phase 2: Compute new object addresses
[6.325s][info][gc,phases      ] GC(35) Phase 2: Compute new object addresses 216.551ms
[6.325s][info][gc,phases,start] GC(35) Phase 3: Adjust pointers
[6.571s][info][gc,phases      ] GC(35) Phase 3: Adjust pointers 245.743ms
[6.571s][info][gc,phases,start] GC(35) Phase 4: Move objects
[6.582s][info][gc,phases      ] GC(35) Phase 4: Move objects 11.267ms
[6.586s][info][gc,heap        ] GC(35) DefNew: 427010K(491904K)->54409K(1038016K) Eden: 372418K(437312K)->54409K(922688K) From: 54591K(54592K)->0K(115328K)
[6.586s][info][gc,heap        ] GC(35) Tenured: 1038422K(1092880K)->1383951K(2306588K)
[6.586s][info][gc,metaspace   ] GC(35) Metaspace: 6298K(6464K)->6298K(6464K) NonClass: 5765K(5824K)->5765K(5824K) Class: 533K(640K)->533K(640K)
[6.586s][info][gc             ] GC(35) Pause Full (Allocation Failure) 1404M->1404M(3266M) 1139.218ms
[6.586s][info][gc,cpu         ] GC(35) User=1.14s Sys=0.00s Real=1.14s
[7.523s][info][gc,start       ] GC(36) Pause Young (Allocation Failure)
[9.146s][info][gc,heap        ] GC(36) DefNew: 922688K(1038016K)->115327K(1038016K) Eden: 922688K(922688K)->0K(922688K) From: 0K(115328K)->115327K(115328K)
[9.146s][info][gc,heap        ] GC(36) Tenured: 1383951K(2306588K)->2191282K(2306588K)
[9.146s][info][gc,metaspace   ] GC(36) Metaspace: 6298K(6464K)->6298K(6464K) NonClass: 5765K(5824K)->5765K(5824K) Class: 533K(640K)->533K(640K)
[9.146s][info][gc             ] GC(36) Pause Young (Allocation Failure) 2252M->2252M(3266M) 1623.093ms
[9.146s][info][gc,cpu         ] GC(36) User=1.38s Sys=0.17s Real=1.63s
[10.122s][info][gc,start       ] GC(37) Pause Young (Allocation Failure)
[11.658s][info][gc             ] GC(37) Pause Young (Allocation Failure) 3153M->3089M(3990M) 1535.841ms
[11.658s][info][gc,cpu         ] GC(37) User=1.28s Sys=0.22s Real=1.54s
[11.658s][info][gc,start       ] GC(38) Pause Full (Allocation Failure)
[11.658s][info][gc,phases,start] GC(38) Phase 1: Mark live objects
[13.104s][info][gc,phases      ] GC(38) Phase 1: Mark live objects 1446.130ms
[13.104s][info][gc,phases,start] GC(38) Phase 2: Compute new object addresses
[13.578s][info][gc,phases      ] GC(38) Phase 2: Compute new object addresses 473.908ms
[13.578s][info][gc,phases,start] GC(38) Phase 3: Adjust pointers
[14.207s][info][gc,phases      ] GC(38) Phase 3: Adjust pointers 629.117ms
[14.207s][info][gc,phases,start] GC(38) Phase 4: Move objects
[14.803s][info][gc,phases      ] GC(38) Phase 4: Move objects 595.574ms
[14.811s][info][gc,heap        ] GC(38) DefNew: 1038015K(1038016K)->53877K(2286400K) Eden: 922688K(922688K)->53877K(2032384K) From: 115327K(115328K)->0K(254016K)
[14.811s][info][gc,heap        ] GC(38) Tenured: 2191282K(2306588K)->3048415K(5080696K)
[14.811s][info][gc,metaspace   ] GC(38) Metaspace: 6298K(6464K)->6298K(6464K) NonClass: 5765K(5824K)->5765K(5824K) Class: 533K(640K)->533K(640K)
[14.811s][info][gc             ] GC(38) Pause Full (Allocation Failure) 3089M->3029M(7194M) 3153.476ms
[14.811s][info][gc,cpu         ] GC(38) User=3.14s Sys=0.00s Real=3.15s
[16.879s][info][gc,start       ] GC(39) Pause Young (Allocation Failure)
[20.475s][info][gc,heap        ] GC(39) DefNew: 2032384K(2286400K)->254015K(2286400K) Eden: 2032384K(2032384K)->0K(2032384K) From: 0K(254016K)->254015K(254016K)
[20.475s][info][gc,heap        ] GC(39) Tenured: 3048415K(5080696K)->4826754K(5080696K)
[20.475s][info][gc,metaspace   ] GC(39) Metaspace: 6298K(6464K)->6298K(6464K) NonClass: 5765K(5824K)->5765K(5824K) Class: 533K(640K)->533K(640K)
[20.475s][info][gc             ] GC(39) Pause Young (Allocation Failure) 4961M->4961M(7194M) 3595.739ms
[20.475s][info][gc,cpu         ] GC(39) User=3.16s Sys=0.39s Real=3.60s
[22.472s][info][gc,start       ] GC(40) Pause Young (Allocation Failure)
[25.972s][info][gc             ] GC(40) Pause Young (Allocation Failure) 6946M->6946M(8931M) 3500.883ms
[25.973s][info][gc,cpu         ] GC(40) User=2.89s Sys=0.59s Real=3.50s
[25.973s][info][gc,start       ] GC(41) Pause Full (Allocation Failure)
[25.973s][info][gc,phases,start] GC(41) Phase 1: Mark live objects
[29.256s][info][gc,phases      ] GC(41) Phase 1: Mark live objects 3283.018ms
[29.256s][info][gc,phases,start] GC(41) Phase 2: Compute new object addresses
[30.303s][info][gc,phases      ] GC(41) Phase 2: Compute new object addresses 1047.593ms
[30.303s][info][gc,phases,start] GC(41) Phase 3: Adjust pointers
[31.534s][info][gc,phases      ] GC(41) Phase 3: Adjust pointers 1230.790ms
[31.534s][info][gc,phases,start] GC(41) Phase 4: Move objects
[31.592s][info][gc,phases      ] GC(41) Phase 4: Move objects 57.335ms
[31.606s][info][gc,heap        ] GC(41) DefNew: 2286399K(2286400K)->253868K(4700160K) Eden: 2032384K(2032384K)->253868K(4177920K) From: 254015K(254016K)->0K(522240K)
[31.606s][info][gc,heap        ] GC(41) Tenured: 4826754K(5080696K)->6859259K(10444800K)
[31.606s][info][gc,metaspace   ] GC(41) Metaspace: 6298K(6464K)->6298K(6464K) NonClass: 5765K(5824K)->5765K(5824K) Class: 533K(640K)->533K(640K)
[31.606s][info][gc             ] GC(41) Pause Full (Allocation Failure) 6946M->6946M(14790M) 5633.603ms
[31.606s][info][gc,cpu         ] GC(41) User=5.59s Sys=0.02s Real=5.63s
[35.618s][info][gc,start       ] GC(42) Pause Young (Allocation Failure)
[45.875s][info][gc,promotion   ] GC(42) Promotion failed
[45.875s][info][gc             ] GC(42) Pause Young (Allocation Failure) 10778M->14789M(14790M) 10256.705ms
[45.875s][info][gc,cpu         ] GC(42) User=7.64s Sys=2.03s Real=10.26s
[45.875s][info][gc,start       ] GC(43) Pause Full (Allocation Failure)
[45.875s][info][gc,phases,start] GC(43) Phase 1: Mark live objects
[69.137s][info][gc,phases      ] GC(43) Phase 1: Mark live objects 23261.862ms
[69.137s][info][gc,phases,start] GC(43) Phase 2: Compute new object addresses
[85.835s][info][gc,phases      ] GC(43) Phase 2: Compute new object addresses 16696.826ms
[85.835s][info][gc,phases,start] GC(43) Phase 3: Adjust pointers
[91.462s][info][gc,phases      ] GC(43) Phase 3: Adjust pointers 5626.508ms
[91.462s][info][gc,phases,start] GC(43) Phase 4: Move objects
[94.996s][info][gc,phases      ] GC(43) Phase 4: Move objects 3534.489ms
[95.054s][info][gc,heap        ] GC(43) DefNew: 4177920K(4700160K)->592348K(4700160K) Eden: 4177920K(4177920K)->592348K(4177920K) From: 0K(522240K)->0K(522240K)
[95.054s][info][gc,heap        ] GC(43) Tenured: 6859259K(10444800K)->10444799K(10444800K)
[95.055s][info][gc,metaspace   ] GC(43) Metaspace: 6298K(6464K)->6298K(6464K) NonClass: 5765K(5824K)->5765K(5824K) Class: 533K(640K)->533K(640K)
[95.056s][info][gc             ] GC(43) Pause Full (Allocation Failure) 14789M->10778M(14790M) 49180.376ms
[95.056s][info][gc,cpu         ] GC(43) User=6.98s Sys=16.16s Real=49.18s
[112.842s][info][gc,start       ] GC(44) Pause Full (Allocation Failure)
[112.843s][info][gc,phases,start] GC(44) Phase 1: Mark live objects
[131.950s][info][gc,phases      ] GC(44) Phase 1: Mark live objects 19106.458ms
[131.950s][info][gc,phases,start] GC(44) Phase 2: Compute new object addresses
[139.944s][info][gc,phases      ] GC(44) Phase 2: Compute new object addresses 7993.544ms
[139.944s][info][gc,phases,start] GC(44) Phase 3: Adjust pointers
[154.465s][info][gc,phases      ] GC(44) Phase 3: Adjust pointers 14520.195ms
[154.465s][info][gc,phases,start] GC(44) Phase 4: Move objects
[155.262s][info][gc,phases      ] GC(44) Phase 4: Move objects 796.946ms
[155.273s][info][gc,heap        ] GC(44) DefNew: 4700159K(4700160K)->4700134K(4700160K) Eden: 4177920K(4177920K)->4177919K(4177920K) From: 522239K(522240K)->522214K(522240K)
[155.273s][info][gc,heap        ] GC(44) Tenured: 10444799K(10444800K)->10444799K(10444800K)
[155.273s][info][gc,metaspace   ] GC(44) Metaspace: 6298K(6464K)->6298K(6464K) NonClass: 5765K(5824K)->5765K(5824K) Class: 533K(640K)->533K(640K)
[155.273s][info][gc             ] GC(44) Pause Full (Allocation Failure) 14789M->14789M(14790M) 42431.081ms
[155.274s][info][gc,cpu         ] GC(44) User=11.19s Sys=14.50s Real=42.43s
[155.275s][info][gc,start       ] GC(45) Pause Full (Allocation Failure)
[155.275s][info][gc,phases,start] GC(45) Phase 1: Mark live objects
[170.042s][info][gc,phases      ] GC(45) Phase 1: Mark live objects 14766.592ms
[170.042s][info][gc,phases,start] GC(45) Phase 2: Compute new object addresses
[177.285s][info][gc,phases      ] GC(45) Phase 2: Compute new object addresses 7242.933ms
[177.286s][info][gc,phases,start] GC(45) Phase 3: Adjust pointers
[191.019s][info][gc,phases      ] GC(45) Phase 3: Adjust pointers 13733.170ms
[191.019s][info][gc,phases,start] GC(45) Phase 4: Move objects
[194.419s][info][gc,phases      ] GC(45) Phase 4: Move objects 3400.048ms
[194.430s][info][gc,heap        ] GC(45) DefNew: 4700159K(4700160K)->4306943K(4700160K) Eden: 4177919K(4177920K)->4177919K(4177920K) From: 522239K(522240K)->129023K(522240K)
[194.430s][info][gc,heap        ] GC(45) Tenured: 10444799K(10444800K)->10444799K(10444800K)
[194.430s][info][gc,metaspace   ] GC(45) Metaspace: 6298K(6464K)->6298K(6464K) NonClass: 5765K(5824K)->5765K(5824K) Class: 533K(640K)->533K(640K)
[194.431s][info][gc             ] GC(45) Pause Full (Allocation Failure) 14789M->14405M(14790M) 39156.444ms
[194.431s][info][gc,cpu         ] GC(45) User=13.86s Sys=13.20s Real=39.16s
[195.526s][info][gc,start       ] GC(46) Pause Full (Allocation Failure)
[195.527s][info][gc,phases,start] GC(46) Phase 1: Mark live objects
[218.123s][info][gc,phases      ] GC(46) Phase 1: Mark live objects 22596.263ms
[218.123s][info][gc,phases,start] GC(46) Phase 2: Compute new object addresses
[235.875s][info][gc,phases      ] GC(46) Phase 2: Compute new object addresses 17751.380ms
[235.875s][info][gc,phases,start] GC(46) Phase 3: Adjust pointers
[274.805s][info][gc,phases      ] GC(46) Phase 3: Adjust pointers 38929.005ms
[274.805s][info][gc,phases,start] GC(46) Phase 4: Move objects
[274.806s][info][gc,phases      ] GC(46) Phase 4: Move objects 1.125ms
[274.820s][info][gc,heap        ] GC(46) DefNew: 4700159K(4700160K)->4700159K(4700160K) Eden: 4177919K(4177920K)->4177919K(4177920K) From: 522239K(522240K)->522239K(522240K)
[274.821s][info][gc,heap        ] GC(46) Tenured: 10444799K(10444800K)->10444799K(10444800K)
[274.821s][info][gc,metaspace   ] GC(46) Metaspace: 6298K(6464K)->6298K(6464K) NonClass: 5765K(5824K)->5765K(5824K) Class: 533K(640K)->533K(640K)
[274.823s][info][gc             ] GC(46) Pause Full (Allocation Failure) 14789M->14789M(14790M) 79295.872ms
[274.823s][info][gc,cpu         ] GC(46) User=9.91s Sys=31.83s Real=79.30s
[274.823s][info][gc,start       ] GC(47) Pause Full (Allocation Failure)
[274.824s][info][gc,phases,start] GC(47) Phase 1: Mark live objects
[302.482s][info][gc,phases      ] GC(47) Phase 1: Mark live objects 27658.213ms
[302.482s][info][gc,phases,start] GC(47) Phase 2: Compute new object addresses
[316.377s][info][gc,phases      ] GC(47) Phase 2: Compute new object addresses 13894.367ms
[316.377s][info][gc,phases,start] GC(47) Phase 3: Adjust pointers
[354.682s][info][gc,phases      ] GC(47) Phase 3: Adjust pointers 38304.625ms
[354.682s][info][gc,phases,start] GC(47) Phase 4: Move objects
[398.782s][info][gc,phases      ] GC(47) Phase 4: Move objects 44097.212ms
[398.819s][info][gc,heap        ] GC(47) DefNew: 4700159K(4700160K)->4700155K(4700160K) Eden: 4177919K(4177920K)->4177919K(4177920K) From: 522239K(522240K)->522235K(522240K)
[398.819s][info][gc,heap        ] GC(47) Tenured: 10444799K(10444800K)->10444799K(10444800K)
[398.819s][info][gc,metaspace   ] GC(47) Metaspace: 6298K(6464K)->6297K(6464K) NonClass: 5765K(5824K)->5764K(5824K) Class: 533K(640K)->532K(640K)
[398.822s][info][gc             ] GC(47) Pause Full (Allocation Failure) 14789M->14789M(14790M) 123998.953ms
[398.822s][info][gc,cpu         ] GC(47) User=13.88s Sys=43.97s Real=124.00s
[398.863s][info][gc,start       ] GC(48) Pause Full (Allocation Failure)
[398.863s][info][gc,phases,start] GC(48) Phase 1: Mark live objects
[425.904s][info][gc,phases      ] GC(48) Phase 1: Mark live objects 27040.717ms
[425.904s][info][gc,phases,start] GC(48) Phase 2: Compute new object addresses
[441.217s][info][gc,phases      ] GC(48) Phase 2: Compute new object addresses 15310.031ms
[441.219s][info][gc,phases,start] GC(48) Phase 3: Adjust pointers
[462.392s][info][gc,phases      ] GC(48) Phase 3: Adjust pointers 21171.586ms
[462.392s][info][gc,phases,start] GC(48) Phase 4: Move objects
[462.392s][info][gc,phases      ] GC(48) Phase 4: Move objects 0.123ms
[462.406s][info][gc,heap        ] GC(48) DefNew: 4700159K(4700160K)->4700159K(4700160K) Eden: 4177919K(4177920K)->4177919K(4177920K) From: 522239K(522240K)->522239K(522240K)
[462.407s][info][gc,heap        ] GC(48) Tenured: 10444799K(10444800K)->10444799K(10444800K)
[462.407s][info][gc,metaspace   ] GC(48) Metaspace: 6297K(6464K)->6297K(6464K) NonClass: 5764K(5824K)->5764K(5824K) Class: 532K(640K)->532K(640K)
[462.409s][info][gc             ] GC(48) Pause Full (Allocation Failure) 14789M->14789M(14790M) 63545.825ms
[462.409s][info][gc,cpu         ] GC(48) User=10.41s Sys=24.69s Real=63.55s
[462.409s][info][gc,start       ] GC(49) Pause Full (Allocation Failure)
[462.410s][info][gc,phases,start] GC(49) Phase 1: Mark live objects
[485.197s][info][gc,phases      ] GC(49) Phase 1: Mark live objects 22787.246ms
[485.197s][info][gc,phases,start] GC(49) Phase 2: Compute new object addresses
[497.358s][info][gc,phases      ] GC(49) Phase 2: Compute new object addresses 12161.374ms
[497.359s][info][gc,phases,start] GC(49) Phase 3: Adjust pointers
[527.591s][info][gc,phases      ] GC(49) Phase 3: Adjust pointers 30231.820ms
[527.591s][info][gc,phases,start] GC(49) Phase 4: Move objects
[527.591s][info][gc,phases      ] GC(49) Phase 4: Move objects 0.110ms
[527.602s][info][gc,heap        ] GC(49) DefNew: 4700159K(4700160K)->4700159K(4700160K) Eden: 4177919K(4177920K)->4177919K(4177920K) From: 522239K(522240K)->522239K(522240K)
[527.602s][info][gc,heap        ] GC(49) Tenured: 10444799K(10444800K)->10444799K(10444800K)
[527.602s][info][gc,metaspace   ] GC(49) Metaspace: 6297K(6464K)->6297K(6464K) NonClass: 5764K(5824K)->5764K(5824K) Class: 532K(640K)->532K(640K)
[527.603s][info][gc             ] GC(49) Pause Full (Allocation Failure) 14789M->14789M(14790M) 65194.085ms
[527.603s][info][gc,cpu         ] GC(49) User=10.05s Sys=23.23s Real=65.19s
[527.623s][info][gc,start       ] GC(50) Pause Full (Allocation Failure)
[527.623s][info][gc,phases,start] GC(50) Phase 1: Mark live objects
[553.318s][info][gc,phases      ] GC(50) Phase 1: Mark live objects 25694.439ms
[553.318s][info][gc,phases,start] GC(50) Phase 2: Compute new object addresses
[568.543s][info][gc,phases      ] GC(50) Phase 2: Compute new object addresses 15221.925ms
[568.545s][info][gc,phases,start] GC(50) Phase 3: Adjust pointers
[587.766s][info][gc,phases      ] GC(50) Phase 3: Adjust pointers 19210.351ms
[587.768s][info][gc,phases,start] GC(50) Phase 4: Move objects
[587.769s][info][gc,phases      ] GC(50) Phase 4: Move objects 1.351ms
[587.857s][info][gc,heap        ] GC(50) DefNew: 4700159K(4700160K)->4700159K(4700160K) Eden: 4177920K(4177920K)->4177920K(4177920K) From: 522239K(522240K)->522239K(522240K)
[587.857s][info][gc,heap        ] GC(50) Tenured: 10444799K(10444800K)->10444799K(10444800K)
[587.858s][info][gc,metaspace   ] GC(50) Metaspace: 6297K(6464K)->6297K(6464K) NonClass: 5764K(5824K)->5764K(5824K) Class: 532K(640K)->532K(640K)
[587.882s][info][gc             ] GC(50) Pause Full (Allocation Failure) 14789M->14789M(14790M) 60256.865ms
[587.883s][info][gc,cpu         ] GC(50) User=9.94s Sys=19.31s Real=60.26s
[587.888s][info][gc,start       ] GC(51) Pause Full (Allocation Failure)
[587.890s][info][gc,phases,start] GC(51) Phase 1: Mark live objects
[610.251s][info][gc,phases      ] GC(51) Phase 1: Mark live objects 22361.124ms
[610.251s][info][gc,phases,start] GC(51) Phase 2: Compute new object addresses
[621.703s][info][gc,phases      ] GC(51) Phase 2: Compute new object addresses 11452.278ms
[621.703s][info][gc,phases,start] GC(51) Phase 3: Adjust pointers
[647.275s][info][gc,phases      ] GC(51) Phase 3: Adjust pointers 25571.278ms
[647.275s][info][gc,phases,start] GC(51) Phase 4: Move objects
[684.051s][info][gc,phases      ] GC(51) Phase 4: Move objects 36773.285ms
[684.088s][info][gc,heap        ] GC(51) DefNew: 4700159K(4700160K)->4700158K(4700160K) Eden: 4177920K(4177920K)->4177919K(4177920K) From: 522239K(522240K)->522238K(522240K)
[684.088s][info][gc,heap        ] GC(51) Tenured: 10444799K(10444800K)->10444799K(10444800K)
[684.089s][info][gc,metaspace   ] GC(51) Metaspace: 6297K(6464K)->6297K(6464K) NonClass: 5764K(5824K)->5764K(5824K) Class: 532K(640K)->532K(640K)
[684.098s][info][gc             ] GC(51) Pause Full (Allocation Failure) 14789M->14789M(14790M) 96207.637ms
[684.099s][info][gc,cpu         ] GC(51) User=13.47s Sys=40.58s Real=96.21s
[684.328s][info][gc,start       ] GC(52) Pause Full (Allocation Failure)
[684.329s][info][gc,phases,start] GC(52) Phase 1: Mark live objects
[717.888s][info][gc,phases      ] GC(52) Phase 1: Mark live objects 33559.011ms
[717.888s][info][gc,phases,start] GC(52) Phase 2: Compute new object addresses
[730.948s][info][gc,phases      ] GC(52) Phase 2: Compute new object addresses 13055.591ms
[730.951s][info][gc,phases,start] GC(52) Phase 3: Adjust pointers
[770.298s][info][gc,phases      ] GC(52) Phase 3: Adjust pointers 39345.576ms
[770.300s][info][gc,phases,start] GC(52) Phase 4: Move objects
[770.301s][info][gc,phases      ] GC(52) Phase 4: Move objects 0.788ms
[770.351s][info][gc,heap        ] GC(52) DefNew: 4700159K(4700160K)->4700158K(4700160K) Eden: 4177920K(4177920K)->4177919K(4177920K) From: 522239K(522240K)->522238K(522240K)
[770.351s][info][gc,heap        ] GC(52) Tenured: 10444799K(10444800K)->10444799K(10444800K)
[770.352s][info][gc,metaspace   ] GC(52) Metaspace: 6299K(6464K)->6299K(6464K) NonClass: 5765K(5824K)->5765K(5824K) Class: 533K(640K)->533K(640K)
[770.352s][info][gc             ] GC(52) Pause Full (Allocation Failure) 14789M->14789M(14790M) 86023.750ms
[770.352s][info][gc,cpu         ] GC(52) User=10.02s Sys=29.95s Real=86.02s
[770.433s][info][gc,heap,exit   ] Heap
[770.433s][info][gc,heap,exit   ]  def new generation   total 4700160K, used 4700159K [0x0000000443c00000, 0x0000000582800000, 0x0000000582800000)
[770.433s][info][gc,heap,exit   ]   eden space 4177920K, 100% used [0x0000000443c00000, 0x0000000542c00000, 0x0000000542c00000)
[770.433s][info][gc,heap,exit   ]   from space 522240K,  99% used [0x0000000562a00000, 0x00000005827fff48, 0x0000000582800000)
[770.433s][info][gc,heap,exit   ]   to   space 522240K,   0% used [0x0000000542c00000, 0x0000000542c00000, 0x0000000562a00000)
[770.433s][info][gc,heap,exit   ]  tenured generation   total 10444800K, used 10444799K [0x0000000582800000, 0x0000000800000000, 0x0000000800000000)
[770.433s][info][gc,heap,exit   ]    the space 10444800K,  99% used [0x0000000582800000, 0x00000007fffffff0, 0x0000000800000000, 0x0000000800000000)
[770.433s][info][gc,heap,exit   ]  Metaspace       used 6302K, committed 6464K, reserved 1114112K
[770.433s][info][gc,heap,exit   ]   class space    used 534K, committed 640K, reserved 1048576K
