[0.013s][info][gc,init] CardTable entry size: 512
[0.013s][info][gc     ] Using Serial
[0.013s][info][gc,init] Version: 18.0.1+10 (release)
[0.013s][info][gc,init] CPUs: 8 total, 8 available
[0.013s][info][gc,init] Memory: 16063M
[0.013s][info][gc,init] Large Page Support: Disabled
[0.013s][info][gc,init] NUMA Support: Disabled
[0.013s][info][gc,init] Compressed Oops: Enabled (Zero based)
[0.013s][info][gc,init] Heap Min Capacity: 2M
[0.013s][info][gc,init] Heap Initial Capacity: 2M
[0.013s][info][gc,init] Heap Max Capacity: 11000M
[0.013s][info][gc,init] Pre-touch: Disabled
[0.014s][info][gc,metaspace] CDS archive(s) not mapped
[0.014s][info][gc,metaspace] Compressed class space mapped at: 0x0000000800000000-0x0000000840000000, reserved size: 1073741824
[0.014s][info][gc,metaspace] Narrow klass base: 0x0000000800000000, Narrow klass shift: 0, Narrow klass range: 0x40000000
[0.171s][info][gc,start    ] GC(0) Pause Young (Allocation Failure)
[0.172s][info][gc,heap     ] GC(0) DefNew: 1023K(1152K)->127K(1152K) Eden: 1023K(1024K)->0K(1024K) From: 0K(128K)->127K(128K)
[0.172s][info][gc,heap     ] GC(0) Tenured: 0K(768K)->439K(768K)
[0.172s][info][gc,metaspace] GC(0) Metaspace: 5898K(6016K)->5898K(6016K) NonClass: 5398K(5504K)->5398K(5504K) Class: 499K(512K)->499K(512K)
[0.172s][info][gc          ] GC(0) Pause Young (Allocation Failure) 0M->0M(1M) 1.550ms
[0.172s][info][gc,cpu      ] GC(0) User=0.00s Sys=0.00s Real=0.00s
[0.190s][info][gc,start    ] GC(1) Pause Young (Allocation Failure)
[0.191s][info][gc          ] GC(1) Pause Young (Allocation Failure) 1M->0M(2M) 1.234ms
[0.191s][info][gc,cpu      ] GC(1) User=0.00s Sys=0.00s Real=0.00s
[0.191s][info][gc,start    ] GC(2) Pause Full (Allocation Failure)
[0.191s][info][gc,phases,start] GC(2) Phase 1: Mark live objects
[0.192s][info][gc,phases      ] GC(2) Phase 1: Mark live objects 0.943ms
[0.192s][info][gc,phases,start] GC(2) Phase 2: Compute new object addresses
[0.192s][info][gc,phases      ] GC(2) Phase 2: Compute new object addresses 0.243ms
[0.192s][info][gc,phases,start] GC(2) Phase 3: Adjust pointers
[0.193s][info][gc,phases      ] GC(2) Phase 3: Adjust pointers 0.509ms
[0.193s][info][gc,phases,start] GC(2) Phase 4: Move objects
[0.193s][info][gc,phases      ] GC(2) Phase 4: Move objects 0.065ms
[0.193s][info][gc,heap        ] GC(2) DefNew: 1151K(1152K)->40K(1152K) Eden: 1024K(1024K)->40K(1024K) From: 127K(128K)->0K(128K)
[0.193s][info][gc,heap        ] GC(2) Tenured: 439K(768K)->959K(1600K)
[0.193s][info][gc,metaspace   ] GC(2) Metaspace: 6295K(6464K)->6295K(6464K) NonClass: 5761K(5824K)->5761K(5824K) Class: 533K(640K)->533K(640K)
[0.193s][info][gc             ] GC(2) Pause Full (Allocation Failure) 0M->0M(2M) 2.041ms
[0.193s][info][gc,cpu         ] GC(2) User=0.00s Sys=0.00s Real=0.00s
[0.194s][info][gc,start       ] GC(3) Pause Young (Allocation Failure)
[0.196s][info][gc,heap        ] GC(3) DefNew: 1024K(1152K)->128K(1152K) Eden: 1024K(1024K)->0K(1024K) From: 0K(128K)->128K(128K)
[0.196s][info][gc,heap        ] GC(3) Tenured: 959K(1600K)->1375K(1600K)
[0.196s][info][gc,metaspace   ] GC(3) Metaspace: 6295K(6464K)->6295K(6464K) NonClass: 5761K(5824K)->5761K(5824K) Class: 533K(640K)->533K(640K)
[0.196s][info][gc             ] GC(3) Pause Young (Allocation Failure) 1M->1M(2M) 1.411ms
[0.196s][info][gc,cpu         ] GC(3) User=0.00s Sys=0.00s Real=0.00s
[0.197s][info][gc,start       ] GC(4) Pause Young (Allocation Failure)
[0.198s][info][gc             ] GC(4) Pause Young (Allocation Failure) 2M->1M(3M) 1.074ms
[0.198s][info][gc,cpu         ] GC(4) User=0.00s Sys=0.00s Real=0.00s
[0.198s][info][gc,start       ] GC(5) Pause Full (Allocation Failure)
[0.198s][info][gc,phases,start] GC(5) Phase 1: Mark live objects
[0.200s][info][gc,phases      ] GC(5) Phase 1: Mark live objects 1.425ms
[0.200s][info][gc,phases,start] GC(5) Phase 2: Compute new object addresses
[0.200s][info][gc,phases      ] GC(5) Phase 2: Compute new object addresses 0.457ms
[0.200s][info][gc,phases,start] GC(5) Phase 3: Adjust pointers
[0.201s][info][gc,phases      ] GC(5) Phase 3: Adjust pointers 0.692ms
[0.201s][info][gc,phases,start] GC(5) Phase 4: Move objects
[0.201s][info][gc,phases      ] GC(5) Phase 4: Move objects 0.069ms
[0.201s][info][gc,heap        ] GC(5) DefNew: 1152K(1152K)->35K(1536K) Eden: 1024K(1024K)->35K(1408K) From: 128K(128K)->0K(128K)
[0.201s][info][gc,heap        ] GC(5) Tenured: 1375K(1600K)->1983K(3308K)
[0.201s][info][gc,metaspace   ] GC(5) Metaspace: 6295K(6464K)->6295K(6464K) NonClass: 5761K(5824K)->5761K(5824K) Class: 533K(640K)->533K(640K)
[0.201s][info][gc             ] GC(5) Pause Full (Allocation Failure) 1M->1M(4M) 2.962ms
[0.201s][info][gc,cpu         ] GC(5) User=0.00s Sys=0.00s Real=0.00s
[0.203s][info][gc,start       ] GC(6) Pause Young (Allocation Failure)
[0.204s][info][gc,heap        ] GC(6) DefNew: 1407K(1536K)->127K(1536K) Eden: 1407K(1408K)->0K(1408K) From: 0K(128K)->127K(128K)
[0.204s][info][gc,heap        ] GC(6) Tenured: 1983K(3308K)->2617K(3308K)
[0.204s][info][gc,metaspace   ] GC(6) Metaspace: 6295K(6464K)->6295K(6464K) NonClass: 5761K(5824K)->5761K(5824K) Class: 533K(640K)->533K(640K)
[0.204s][info][gc             ] GC(6) Pause Young (Allocation Failure) 3M->2M(4M) 1.623ms
[0.204s][info][gc,cpu         ] GC(6) User=0.00s Sys=0.00s Real=0.00s
[0.206s][info][gc,start       ] GC(7) Pause Young (Allocation Failure)
[0.208s][info][gc             ] GC(7) Pause Young (Allocation Failure) 4M->3M(4M) 1.718ms
[0.208s][info][gc,cpu         ] GC(7) User=0.00s Sys=0.00s Real=0.00s
[0.208s][info][gc,start       ] GC(8) Pause Full (Allocation Failure)
[0.208s][info][gc,phases,start] GC(8) Phase 1: Mark live objects
[0.210s][info][gc,phases      ] GC(8) Phase 1: Mark live objects 2.138ms
[0.210s][info][gc,phases,start] GC(8) Phase 2: Compute new object addresses
[0.211s][info][gc,phases      ] GC(8) Phase 2: Compute new object addresses 0.707ms
[0.211s][info][gc,phases,start] GC(8) Phase 3: Adjust pointers
[0.212s][info][gc,phases      ] GC(8) Phase 3: Adjust pointers 1.028ms
[0.212s][info][gc,phases,start] GC(8) Phase 4: Move objects
[0.212s][info][gc,phases      ] GC(8) Phase 4: Move objects 0.075ms
[0.212s][info][gc,heap        ] GC(8) DefNew: 1535K(1536K)->0K(2688K) Eden: 1408K(1408K)->0K(2432K) From: 127K(128K)->0K(256K)
[0.212s][info][gc,heap        ] GC(8) Tenured: 2617K(3308K)->3460K(5768K)
[0.212s][info][gc,metaspace   ] GC(8) Metaspace: 6295K(6464K)->6295K(6464K) NonClass: 5761K(5824K)->5761K(5824K) Class: 533K(640K)->533K(640K)
[0.212s][info][gc             ] GC(8) Pause Full (Allocation Failure) 3M->3M(8M) 4.313ms
[0.212s][info][gc,cpu         ] GC(8) User=0.00s Sys=0.00s Real=0.00s
[0.216s][info][gc,start       ] GC(9) Pause Young (Allocation Failure)
[0.219s][info][gc,heap        ] GC(9) DefNew: 2431K(2688K)->255K(2688K) Eden: 2431K(2432K)->0K(2432K) From: 0K(256K)->255K(256K)
[0.219s][info][gc,heap        ] GC(9) Tenured: 3460K(5768K)->4512K(5768K)
[0.219s][info][gc,metaspace   ] GC(9) Metaspace: 6295K(6464K)->6295K(6464K) NonClass: 5761K(5824K)->5761K(5824K) Class: 533K(640K)->533K(640K)
[0.219s][info][gc             ] GC(9) Pause Young (Allocation Failure) 5M->4M(8M) 2.579ms
[0.219s][info][gc,cpu         ] GC(9) User=0.00s Sys=0.00s Real=0.00s
[0.222s][info][gc,start       ] GC(10) Pause Young (Allocation Failure)
[0.225s][info][gc,heap        ] GC(10) DefNew: 2687K(2688K)->255K(2688K) Eden: 2432K(2432K)->0K(2432K) From: 255K(256K)->255K(256K)
[0.225s][info][gc,heap        ] GC(10) Tenured: 4512K(5768K)->5755K(5768K)
[0.225s][info][gc,metaspace   ] GC(10) Metaspace: 6295K(6464K)->6295K(6464K) NonClass: 5761K(5824K)->5761K(5824K) Class: 533K(640K)->533K(640K)
[0.225s][info][gc             ] GC(10) Pause Young (Allocation Failure) 7M->5M(8M) 2.916ms
[0.225s][info][gc,cpu         ] GC(10) User=0.00s Sys=0.00s Real=0.00s
[0.228s][info][gc,start       ] GC(11) Pause Young (Allocation Failure)
[0.232s][info][gc             ] GC(11) Pause Young (Allocation Failure) 8M->7M(9M) 3.776ms
[0.232s][info][gc,cpu         ] GC(11) User=0.00s Sys=0.00s Real=0.00s
[0.232s][info][gc,start       ] GC(12) Pause Full (Allocation Failure)
[0.232s][info][gc,phases,start] GC(12) Phase 1: Mark live objects
[0.237s][info][gc,phases      ] GC(12) Phase 1: Mark live objects 4.599ms
[0.237s][info][gc,phases,start] GC(12) Phase 2: Compute new object addresses
[0.238s][info][gc,phases      ] GC(12) Phase 2: Compute new object addresses 1.299ms
[0.238s][info][gc,phases,start] GC(12) Phase 3: Adjust pointers
[0.240s][info][gc,phases      ] GC(12) Phase 3: Adjust pointers 1.775ms
[0.240s][info][gc,phases,start] GC(12) Phase 4: Move objects
[0.241s][info][gc,phases      ] GC(12) Phase 4: Move objects 1.340ms
[0.242s][info][gc,heap        ] GC(12) DefNew: 2687K(2688K)->0K(5376K) Eden: 2432K(2432K)->0K(4800K) From: 255K(256K)->0K(576K)
[0.242s][info][gc,heap        ] GC(12) Tenured: 5755K(5768K)->7132K(11888K)
[0.242s][info][gc,metaspace   ] GC(12) Metaspace: 6295K(6464K)->6295K(6464K) NonClass: 5761K(5824K)->5761K(5824K) Class: 533K(640K)->533K(640K)
[0.242s][info][gc             ] GC(12) Pause Full (Allocation Failure) 7M->6M(16M) 9.548ms
[0.242s][info][gc,cpu         ] GC(12) User=0.00s Sys=0.00s Real=0.01s
[0.246s][info][gc,start       ] GC(13) Pause Young (Allocation Failure)
[0.252s][info][gc,heap        ] GC(13) DefNew: 4800K(5376K)->575K(5376K) Eden: 4800K(4800K)->0K(4800K) From: 0K(576K)->575K(576K)
[0.252s][info][gc,heap        ] GC(13) Tenured: 7132K(11888K)->9027K(11888K)
[0.252s][info][gc,metaspace   ] GC(13) Metaspace: 6295K(6464K)->6295K(6464K) NonClass: 5761K(5824K)->5761K(5824K) Class: 533K(640K)->533K(640K)
[0.252s][info][gc             ] GC(13) Pause Young (Allocation Failure) 11M->9M(16M) 5.820ms
[0.252s][info][gc,cpu         ] GC(13) User=0.00s Sys=0.00s Real=0.01s
[0.257s][info][gc,start       ] GC(14) Pause Young (Allocation Failure)
[0.264s][info][gc,heap        ] GC(14) DefNew: 5375K(5376K)->576K(5376K) Eden: 4800K(4800K)->0K(4800K) From: 575K(576K)->576K(576K)
[0.264s][info][gc,heap        ] GC(14) Tenured: 9027K(11888K)->11746K(11888K)
[0.264s][info][gc,metaspace   ] GC(14) Metaspace: 6295K(6464K)->6295K(6464K) NonClass: 5761K(5824K)->5761K(5824K) Class: 533K(640K)->533K(640K)
[0.264s][info][gc             ] GC(14) Pause Young (Allocation Failure) 14M->12M(16M) 6.687ms
[0.264s][info][gc,cpu         ] GC(14) User=0.00s Sys=0.00s Real=0.01s
[0.267s][info][gc,start       ] GC(15) Pause Young (Allocation Failure)
[0.273s][info][gc             ] GC(15) Pause Young (Allocation Failure) 16M->14M(19M) 5.505ms
[0.273s][info][gc,cpu         ] GC(15) User=0.00s Sys=0.00s Real=0.01s
[0.273s][info][gc,start       ] GC(16) Pause Full (Allocation Failure)
[0.273s][info][gc,phases,start] GC(16) Phase 1: Mark live objects
[0.280s][info][gc,phases      ] GC(16) Phase 1: Mark live objects 7.392ms
[0.280s][info][gc,phases,start] GC(16) Phase 2: Compute new object addresses
[0.283s][info][gc,phases      ] GC(16) Phase 2: Compute new object addresses 2.268ms
[0.283s][info][gc,phases,start] GC(16) Phase 3: Adjust pointers
[0.286s][info][gc,phases      ] GC(16) Phase 3: Adjust pointers 3.284ms
[0.286s][info][gc,phases,start] GC(16) Phase 4: Move objects
[0.286s][info][gc,phases      ] GC(16) Phase 4: Move objects 0.177ms
[0.286s][info][gc,heap        ] GC(16) DefNew: 5376K(5376K)->411K(10880K) Eden: 4800K(4800K)->411K(9728K) From: 576K(576K)->0K(1152K)
[0.286s][info][gc,heap        ] GC(16) Tenured: 11746K(11888K)->14383K(23976K)
[0.286s][info][gc,metaspace   ] GC(16) Metaspace: 6297K(6464K)->6297K(6464K) NonClass: 5763K(5824K)->5763K(5824K) Class: 533K(640K)->533K(640K)
[0.286s][info][gc             ] GC(16) Pause Full (Allocation Failure) 14M->14M(34M) 13.494ms
[0.286s][info][gc,cpu         ] GC(16) User=0.02s Sys=0.00s Real=0.01s
[0.294s][info][gc,start       ] GC(17) Pause Young (Allocation Failure)
[0.307s][info][gc,heap        ] GC(17) DefNew: 9728K(10880K)->1151K(10880K) Eden: 9728K(9728K)->0K(9728K) From: 0K(1152K)->1151K(1152K)
[0.307s][info][gc,heap        ] GC(17) Tenured: 14383K(23976K)->18409K(23976K)
[0.307s][info][gc,metaspace   ] GC(17) Metaspace: 6297K(6464K)->6297K(6464K) NonClass: 5763K(5824K)->5763K(5824K) Class: 533K(640K)->533K(640K)
[0.307s][info][gc             ] GC(17) Pause Young (Allocation Failure) 23M->19M(34M) 12.594ms
[0.307s][info][gc,cpu         ] GC(17) User=0.00s Sys=0.00s Real=0.01s
[0.313s][info][gc,start       ] GC(18) Pause Young (Allocation Failure)
[0.325s][info][gc,heap        ] GC(18) DefNew: 10879K(10880K)->1152K(10880K) Eden: 9728K(9728K)->0K(9728K) From: 1151K(1152K)->1152K(1152K)
[0.325s][info][gc,heap        ] GC(18) Tenured: 18409K(23976K)->23932K(23976K)
[0.325s][info][gc,metaspace   ] GC(18) Metaspace: 6297K(6464K)->6297K(6464K) NonClass: 5763K(5824K)->5763K(5824K) Class: 533K(640K)->533K(640K)
[0.325s][info][gc             ] GC(18) Pause Young (Allocation Failure) 28M->24M(34M) 11.601ms
[0.325s][info][gc,cpu         ] GC(18) User=0.00s Sys=0.00s Real=0.01s
[0.331s][info][gc,start       ] GC(19) Pause Young (Allocation Failure)
[0.342s][info][gc             ] GC(19) Pause Young (Allocation Failure) 33M->29M(38M) 11.143ms
[0.342s][info][gc,cpu         ] GC(19) User=0.00s Sys=0.00s Real=0.01s
[0.342s][info][gc,start       ] GC(20) Pause Full (Allocation Failure)
[0.342s][info][gc,phases,start] GC(20) Phase 1: Mark live objects
[0.356s][info][gc,phases      ] GC(20) Phase 1: Mark live objects 14.269ms
[0.356s][info][gc,phases,start] GC(20) Phase 2: Compute new object addresses
[0.361s][info][gc,phases      ] GC(20) Phase 2: Compute new object addresses 4.631ms
[0.361s][info][gc,phases,start] GC(20) Phase 3: Adjust pointers
[0.366s][info][gc,phases      ] GC(20) Phase 3: Adjust pointers 5.506ms
[0.367s][info][gc,phases,start] GC(20) Phase 4: Move objects
[0.367s][info][gc,phases      ] GC(20) Phase 4: Move objects 0.207ms
[0.367s][info][gc,heap        ] GC(20) DefNew: 10880K(10880K)->1075K(21888K) Eden: 9728K(9728K)->1075K(19520K) From: 1152K(1152K)->0K(2368K)
[0.367s][info][gc,heap        ] GC(20) Tenured: 23932K(23976K)->29036K(48396K)
[0.367s][info][gc,metaspace   ] GC(20) Metaspace: 6297K(6464K)->6297K(6464K) NonClass: 5763K(5824K)->5763K(5824K) Class: 533K(640K)->533K(640K)
[0.367s][info][gc             ] GC(20) Pause Full (Allocation Failure) 29M->29M(68M) 25.030ms
[0.367s][info][gc,cpu         ] GC(20) User=0.03s Sys=0.00s Real=0.03s
[0.384s][info][gc,start       ] GC(21) Pause Young (Allocation Failure)
[0.414s][info][gc,heap        ] GC(21) DefNew: 19520K(21888K)->2367K(21888K) Eden: 19520K(19520K)->0K(19520K) From: 0K(2368K)->2367K(2368K)
[0.414s][info][gc,heap        ] GC(21) Tenured: 29036K(48396K)->40997K(48396K)
[0.414s][info][gc,metaspace   ] GC(21) Metaspace: 6297K(6464K)->6297K(6464K) NonClass: 5763K(5824K)->5763K(5824K) Class: 533K(640K)->533K(640K)
[0.414s][info][gc             ] GC(21) Pause Young (Allocation Failure) 47M->42M(68M) 30.608ms
[0.414s][info][gc,cpu         ] GC(21) User=0.02s Sys=0.00s Real=0.03s
[0.433s][info][gc,start       ] GC(22) Pause Young (Allocation Failure)
[0.467s][info][gc             ] GC(22) Pause Young (Allocation Failure) 61M->61M(80M) 34.738ms
[0.467s][info][gc,cpu         ] GC(22) User=0.03s Sys=0.00s Real=0.03s
[0.467s][info][gc,start       ] GC(23) Pause Full (Allocation Failure)
[0.467s][info][gc,phases,start] GC(23) Phase 1: Mark live objects
[0.494s][info][gc,phases      ] GC(23) Phase 1: Mark live objects 26.253ms
[0.494s][info][gc,phases,start] GC(23) Phase 2: Compute new object addresses
[0.504s][info][gc,phases      ] GC(23) Phase 2: Compute new object addresses 10.563ms
[0.504s][info][gc,phases,start] GC(23) Phase 3: Adjust pointers
[0.515s][info][gc,phases      ] GC(23) Phase 3: Adjust pointers 11.126ms
[0.516s][info][gc,phases,start] GC(23) Phase 4: Move objects
[0.516s][info][gc,phases      ] GC(23) Phase 4: Move objects 0.270ms
[0.516s][info][gc,heap        ] GC(23) DefNew: 21887K(21888K)->2367K(45440K) Eden: 19520K(19520K)->2367K(40448K) From: 2367K(2368K)->0K(4992K)
[0.516s][info][gc,heap        ] GC(23) Tenured: 40997K(48396K)->60487K(100812K)
[0.516s][info][gc,metaspace   ] GC(23) Metaspace: 6297K(6464K)->6297K(6464K) NonClass: 5763K(5824K)->5763K(5824K) Class: 533K(640K)->533K(640K)
[0.516s][info][gc             ] GC(23) Pause Full (Allocation Failure) 61M->61M(142M) 48.787ms
[0.516s][info][gc,cpu         ] GC(23) User=0.05s Sys=0.00s Real=0.05s
[0.556s][info][gc,start       ] GC(24) Pause Young (Allocation Failure)
[0.618s][info][gc,heap        ] GC(24) DefNew: 40448K(45440K)->4991K(45440K) Eden: 40448K(40448K)->0K(40448K) From: 0K(4992K)->4991K(4992K)
[0.618s][info][gc,heap        ] GC(24) Tenured: 60487K(100812K)->93868K(100812K)
[0.619s][info][gc,metaspace   ] GC(24) Metaspace: 6297K(6464K)->6297K(6464K) NonClass: 5763K(5824K)->5763K(5824K) Class: 533K(640K)->533K(640K)
[0.619s][info][gc             ] GC(24) Pause Young (Allocation Failure) 98M->96M(142M) 62.246ms
[0.619s][info][gc,cpu         ] GC(24) User=0.05s Sys=0.00s Real=0.06s
[0.652s][info][gc,start       ] GC(25) Pause Young (Allocation Failure)
[0.729s][info][gc             ] GC(25) Pause Young (Allocation Failure) 136M->136M(175M) 76.944ms
[0.729s][info][gc,cpu         ] GC(25) User=0.05s Sys=0.02s Real=0.08s
[0.729s][info][gc,start       ] GC(26) Pause Full (Allocation Failure)
[0.729s][info][gc,phases,start] GC(26) Phase 1: Mark live objects
[0.788s][info][gc,phases      ] GC(26) Phase 1: Mark live objects 59.049ms
[0.788s][info][gc,phases,start] GC(26) Phase 2: Compute new object addresses
[0.812s][info][gc,phases      ] GC(26) Phase 2: Compute new object addresses 23.917ms
[0.812s][info][gc,phases,start] GC(26) Phase 3: Adjust pointers
[0.840s][info][gc,phases      ] GC(26) Phase 3: Adjust pointers 28.143ms
[0.840s][info][gc,phases,start] GC(26) Phase 4: Move objects
[0.869s][info][gc,phases      ] GC(26) Phase 4: Move objects 29.021ms
[0.870s][info][gc,heap        ] GC(26) DefNew: 45439K(45440K)->3072K(100864K) Eden: 40448K(40448K)->3072K(89664K) From: 4991K(4992K)->0K(11200K)
[0.870s][info][gc,heap        ] GC(26) Tenured: 93868K(100812K)->134411K(224020K)
[0.870s][info][gc,metaspace   ] GC(26) Metaspace: 6297K(6464K)->6297K(6464K) NonClass: 5763K(5824K)->5763K(5824K) Class: 533K(640K)->533K(640K)
[0.870s][info][gc             ] GC(26) Pause Full (Allocation Failure) 136M->134M(317M) 141.164ms
[0.870s][info][gc,cpu         ] GC(26) User=0.14s Sys=0.00s Real=0.14s
[0.965s][info][gc,start       ] GC(27) Pause Young (Allocation Failure)
[1.117s][info][gc,heap        ] GC(27) DefNew: 89664K(100864K)->11199K(100864K) Eden: 89664K(89664K)->0K(89664K) From: 0K(11200K)->11199K(11200K)
[1.117s][info][gc,heap        ] GC(27) Tenured: 134411K(224020K)->212849K(224020K)
[1.117s][info][gc,metaspace   ] GC(27) Metaspace: 6297K(6464K)->6297K(6464K) NonClass: 5763K(5824K)->5763K(5824K) Class: 533K(640K)->533K(640K)
[1.117s][info][gc             ] GC(27) Pause Young (Allocation Failure) 218M->218M(317M) 151.544ms
[1.117s][info][gc,cpu         ] GC(27) User=0.12s Sys=0.00s Real=0.15s
[1.198s][info][gc,start       ] GC(28) Pause Young (Allocation Failure)
[1.391s][info][gc             ] GC(28) Pause Young (Allocation Failure) 306M->306M(393M) 192.301ms
[1.391s][info][gc,cpu         ] GC(28) User=0.12s Sys=0.02s Real=0.19s
[1.391s][info][gc,start       ] GC(29) Pause Full (Allocation Failure)
[1.391s][info][gc,phases,start] GC(29) Phase 1: Mark live objects
[1.543s][info][gc,phases      ] GC(29) Phase 1: Mark live objects 152.213ms
[1.543s][info][gc,phases,start] GC(29) Phase 2: Compute new object addresses
[1.600s][info][gc,phases      ] GC(29) Phase 2: Compute new object addresses 57.139ms
[1.600s][info][gc,phases,start] GC(29) Phase 3: Adjust pointers
[1.670s][info][gc,phases      ] GC(29) Phase 3: Adjust pointers 69.946ms
[1.670s][info][gc,phases,start] GC(29) Phase 4: Move objects
[1.673s][info][gc,phases      ] GC(29) Phase 4: Move objects 2.334ms
[1.674s][info][gc,heap        ] GC(29) DefNew: 100863K(100864K)->11136K(226944K) Eden: 89664K(89664K)->11136K(201728K) From: 11199K(11200K)->0K(25216K)
[1.674s][info][gc,heap        ] GC(29) Tenured: 212849K(224020K)->302547K(504248K)
[1.674s][info][gc,metaspace   ] GC(29) Metaspace: 6297K(6464K)->6297K(6464K) NonClass: 5763K(5824K)->5763K(5824K) Class: 533K(640K)->533K(640K)
[1.674s][info][gc             ] GC(29) Pause Full (Allocation Failure) 306M->306M(714M) 283.173ms
[1.674s][info][gc,cpu         ] GC(29) User=0.28s Sys=0.02s Real=0.28s
[1.882s][info][gc,start       ] GC(30) Pause Young (Allocation Failure)
[2.224s][info][gc,heap        ] GC(30) DefNew: 201728K(226944K)->25215K(226944K) Eden: 201728K(201728K)->0K(201728K) From: 0K(25216K)->25215K(25216K)
[2.224s][info][gc,heap        ] GC(30) Tenured: 302547K(504248K)->479031K(504248K)
[2.224s][info][gc,metaspace   ] GC(30) Metaspace: 6297K(6464K)->6297K(6464K) NonClass: 5763K(5824K)->5763K(5824K) Class: 533K(640K)->533K(640K)
[2.224s][info][gc             ] GC(30) Pause Young (Allocation Failure) 492M->492M(714M) 342.473ms
[2.224s][info][gc,cpu         ] GC(30) User=0.20s Sys=0.12s Real=0.34s
[2.408s][info][gc,start       ] GC(31) Pause Young (Allocation Failure)
[2.799s][info][gc             ] GC(31) Pause Young (Allocation Failure) 689M->689M(886M) 390.997ms
[2.799s][info][gc,cpu         ] GC(31) User=0.36s Sys=0.03s Real=0.39s
[2.799s][info][gc,start       ] GC(32) Pause Full (Allocation Failure)
[2.799s][info][gc,phases,start] GC(32) Phase 1: Mark live objects
[3.152s][info][gc,phases      ] GC(32) Phase 1: Mark live objects 352.310ms
[3.152s][info][gc,phases,start] GC(32) Phase 2: Compute new object addresses
[3.273s][info][gc,phases      ] GC(32) Phase 2: Compute new object addresses 121.639ms
[3.273s][info][gc,phases,start] GC(32) Phase 3: Adjust pointers
[3.416s][info][gc,phases      ] GC(32) Phase 3: Adjust pointers 142.694ms
[3.416s][info][gc,phases,start] GC(32) Phase 4: Move objects
[3.423s][info][gc,phases      ] GC(32) Phase 4: Move objects 6.316ms
[3.425s][info][gc,heap        ] GC(32) DefNew: 226943K(226944K)->25057K(510720K) Eden: 201728K(201728K)->25057K(454016K) From: 25215K(25216K)->0K(56704K)
[3.425s][info][gc,heap        ] GC(32) Tenured: 479031K(504248K)->680887K(1134816K)
[3.425s][info][gc,metaspace   ] GC(32) Metaspace: 6297K(6464K)->6297K(6464K) NonClass: 5763K(5824K)->5763K(5824K) Class: 533K(640K)->533K(640K)
[3.425s][info][gc             ] GC(32) Pause Full (Allocation Failure) 689M->689M(1606M) 625.384ms
[3.425s][info][gc,cpu         ] GC(32) User=0.58s Sys=0.02s Real=0.63s
[3.905s][info][gc,start       ] GC(33) Pause Young (Allocation Failure)
[4.691s][info][gc,heap        ] GC(33) DefNew: 454016K(510720K)->56703K(510720K) Eden: 454016K(454016K)->0K(454016K) From: 0K(56704K)->56703K(56704K)
[4.691s][info][gc,heap        ] GC(33) Tenured: 680887K(1134816K)->1078170K(1134816K)
[4.691s][info][gc,metaspace   ] GC(33) Metaspace: 6297K(6464K)->6297K(6464K) NonClass: 5763K(5824K)->5763K(5824K) Class: 533K(640K)->533K(640K)
[4.691s][info][gc             ] GC(33) Pause Young (Allocation Failure) 1108M->1108M(1606M) 786.325ms
[4.691s][info][gc,cpu         ] GC(33) User=0.69s Sys=0.06s Real=0.79s
[5.181s][info][gc,start       ] GC(34) Pause Young (Allocation Failure)
[5.946s][info][gc             ] GC(34) Pause Young (Allocation Failure) 1551M->1500M(1943M) 764.500ms
[5.946s][info][gc,cpu         ] GC(34) User=0.64s Sys=0.09s Real=0.77s
[5.946s][info][gc,start       ] GC(35) Pause Full (Allocation Failure)
[5.946s][info][gc,phases,start] GC(35) Phase 1: Mark live objects
[6.619s][info][gc,phases      ] GC(35) Phase 1: Mark live objects 673.237ms
[6.619s][info][gc,phases,start] GC(35) Phase 2: Compute new object addresses
[6.840s][info][gc,phases      ] GC(35) Phase 2: Compute new object addresses 220.846ms
[6.840s][info][gc,phases,start] GC(35) Phase 3: Adjust pointers
[7.105s][info][gc,phases      ] GC(35) Phase 3: Adjust pointers 265.146ms
[7.105s][info][gc,phases,start] GC(35) Phase 4: Move objects
[7.116s][info][gc,phases      ] GC(35) Phase 4: Move objects 10.768ms
[7.120s][info][gc,heap        ] GC(35) DefNew: 510719K(510720K)->56604K(1109696K) Eden: 454016K(454016K)->56604K(986432K) From: 56703K(56704K)->0K(123264K)
[7.120s][info][gc,heap        ] GC(35) Tenured: 1078170K(1134816K)->1479523K(2465876K)
[7.120s][info][gc,metaspace   ] GC(35) Metaspace: 6297K(6464K)->6297K(6464K) NonClass: 5763K(5824K)->5763K(5824K) Class: 533K(640K)->533K(640K)
[7.120s][info][gc             ] GC(35) Pause Full (Allocation Failure) 1500M->1500M(3491M) 1174.579ms
[7.120s][info][gc,cpu         ] GC(35) User=1.12s Sys=0.00s Real=1.17s
[8.112s][info][gc,start       ] GC(36) Pause Young (Allocation Failure)
[9.945s][info][gc,heap        ] GC(36) DefNew: 986432K(1109696K)->123264K(1109696K) Eden: 986432K(986432K)->0K(986432K) From: 0K(123264K)->123264K(123264K)
[9.945s][info][gc,heap        ] GC(36) Tenured: 1479523K(2465876K)->2342663K(2465876K)
[9.945s][info][gc,metaspace   ] GC(36) Metaspace: 6297K(6464K)->6297K(6464K) NonClass: 5763K(5824K)->5763K(5824K) Class: 533K(640K)->533K(640K)
[9.945s][info][gc             ] GC(36) Pause Young (Allocation Failure) 2408M->2408M(3491M) 1832.566ms
[9.945s][info][gc,cpu         ] GC(36) User=1.52s Sys=0.22s Real=1.83s
[10.961s][info][gc,start       ] GC(37) Pause Young (Allocation Failure)
[12.668s][info][gc             ] GC(37) Pause Young (Allocation Failure) 3371M->3371M(4334M) 1707.684ms
[12.668s][info][gc,cpu         ] GC(37) User=1.38s Sys=0.31s Real=1.71s
[12.669s][info][gc,start       ] GC(38) Pause Full (Allocation Failure)
[12.669s][info][gc,phases,start] GC(38) Phase 1: Mark live objects
[14.216s][info][gc,phases      ] GC(38) Phase 1: Mark live objects 1547.629ms
[14.216s][info][gc,phases,start] GC(38) Phase 2: Compute new object addresses
[14.737s][info][gc,phases      ] GC(38) Phase 2: Compute new object addresses 520.553ms
[14.737s][info][gc,phases,start] GC(38) Phase 3: Adjust pointers
[15.419s][info][gc,phases      ] GC(38) Phase 3: Adjust pointers 682.474ms
[15.419s][info][gc,phases,start] GC(38) Phase 4: Move objects
[16.047s][info][gc,phases      ] GC(38) Phase 4: Move objects 628.012ms
[16.057s][info][gc,heap        ] GC(38) DefNew: 1109696K(1109696K)->28881K(2496960K) Eden: 986432K(986432K)->28881K(2219520K) From: 123264K(123264K)->0K(277440K)
[16.057s][info][gc,heap        ] GC(38) Tenured: 2342663K(2465876K)->3329239K(5548736K)
[16.057s][info][gc,metaspace   ] GC(38) Metaspace: 6297K(6464K)->6297K(6464K) NonClass: 5763K(5824K)->5763K(5824K) Class: 533K(640K)->533K(640K)
[16.057s][info][gc             ] GC(38) Pause Full (Allocation Failure) 3371M->3279M(7857M) 3388.365ms
[16.057s][info][gc,cpu         ] GC(38) User=3.38s Sys=0.00s Real=3.39s
[18.374s][info][gc,start       ] GC(39) Pause Young (Allocation Failure)
[22.731s][info][gc,heap        ] GC(39) DefNew: 2219520K(2496960K)->277440K(2496960K) Eden: 2219520K(2219520K)->0K(2219520K) From: 0K(277440K)->277440K(277440K)
[22.731s][info][gc,heap        ] GC(39) Tenured: 3329239K(5548736K)->5271288K(5548736K)
[22.731s][info][gc,metaspace   ] GC(39) Metaspace: 6297K(6464K)->6297K(6464K) NonClass: 5763K(5824K)->5763K(5824K) Class: 533K(640K)->533K(640K)
[22.731s][info][gc             ] GC(39) Pause Young (Allocation Failure) 5418M->5418M(7857M) 4356.840ms
[22.731s][info][gc,cpu         ] GC(39) User=3.30s Sys=1.02s Real=4.36s
[24.878s][info][gc,start       ] GC(40) Pause Young (Allocation Failure)
[30.406s][info][gc             ] GC(40) Pause Young (Allocation Failure) 7586M->7586M(9753M) 5527.672ms
[30.406s][info][gc,cpu         ] GC(40) User=3.09s Sys=2.42s Real=5.53s
[30.406s][info][gc,start       ] GC(41) Pause Full (Allocation Failure)
[30.406s][info][gc,phases,start] GC(41) Phase 1: Mark live objects
[33.940s][info][gc,phases      ] GC(41) Phase 1: Mark live objects 3534.455ms
[33.941s][info][gc,phases,start] GC(41) Phase 2: Compute new object addresses
[35.067s][info][gc,phases      ] GC(41) Phase 2: Compute new object addresses 1126.666ms
[35.067s][info][gc,phases,start] GC(41) Phase 3: Adjust pointers
[36.424s][info][gc,phases      ] GC(41) Phase 3: Adjust pointers 1356.583ms
[36.424s][info][gc,phases,start] GC(41) Phase 4: Move objects
[36.483s][info][gc,phases      ] GC(41) Phase 4: Move objects 58.621ms
[36.489s][info][gc,heap        ] GC(41) DefNew: 2496960K(2496960K)->277333K(3379200K) Eden: 2219520K(2219520K)->277333K(3003776K) From: 277440K(277440K)->0K(375424K)
[36.489s][info][gc,heap        ] GC(41) Tenured: 5271288K(5548736K)->7490883K(7509376K)
[36.489s][info][gc,metaspace   ] GC(41) Metaspace: 6297K(6464K)->6297K(6464K) NonClass: 5763K(5824K)->5763K(5824K) Class: 533K(640K)->533K(640K)
[36.489s][info][gc             ] GC(41) Pause Full (Allocation Failure) 7586M->7586M(10633M) 6083.065ms
[36.489s][info][gc,cpu         ] GC(41) User=6.03s Sys=0.00s Real=6.08s
[40.855s][info][gc,start       ] GC(42) Pause Full (Allocation Failure)
[40.856s][info][gc,phases,start] GC(42) Phase 1: Mark live objects
[45.790s][info][gc,phases      ] GC(42) Phase 1: Mark live objects 4934.133ms
[45.790s][info][gc,phases,start] GC(42) Phase 2: Compute new object addresses
[47.367s][info][gc,phases      ] GC(42) Phase 2: Compute new object addresses 1576.849ms
[47.367s][info][gc,phases,start] GC(42) Phase 3: Adjust pointers
[49.599s][info][gc,phases      ] GC(42) Phase 3: Adjust pointers 2232.140ms
[49.599s][info][gc,phases,start] GC(42) Phase 4: Move objects
[50.081s][info][gc,phases      ] GC(42) Phase 4: Move objects 482.447ms
[50.082s][info][gc,heap        ] GC(42) DefNew: 3379200K(3379200K)->3379173K(3379200K) Eden: 3003776K(3003776K)->3003775K(3003776K) From: 375424K(375424K)->375397K(375424K)
[50.082s][info][gc,heap        ] GC(42) Tenured: 7509375K(7509376K)->7509375K(7509376K)
[50.082s][info][gc,metaspace   ] GC(42) Metaspace: 6297K(6464K)->6297K(6464K) NonClass: 5763K(5824K)->5763K(5824K) Class: 533K(640K)->533K(640K)
[50.082s][info][gc             ] GC(42) Pause Full (Allocation Failure) 10633M->10633M(10633M) 9226.850ms
[50.082s][info][gc,cpu         ] GC(42) User=9.14s Sys=0.00s Real=9.23s
[50.082s][info][gc,start       ] GC(43) Pause Full (Allocation Failure)
[50.083s][info][gc,phases,start] GC(43) Phase 1: Mark live objects
[54.909s][info][gc,phases      ] GC(43) Phase 1: Mark live objects 4826.529ms
[54.909s][info][gc,phases,start] GC(43) Phase 2: Compute new object addresses
[56.446s][info][gc,phases      ] GC(43) Phase 2: Compute new object addresses 1537.216ms
[56.446s][info][gc,phases,start] GC(43) Phase 3: Adjust pointers
[58.452s][info][gc,phases      ] GC(43) Phase 3: Adjust pointers 2005.440ms
[58.452s][info][gc,phases,start] GC(43) Phase 4: Move objects
[58.452s][info][gc,phases      ] GC(43) Phase 4: Move objects 0.017ms
[58.452s][info][gc,heap        ] GC(43) DefNew: 3379199K(3379200K)->3379199K(3379200K) Eden: 3003776K(3003776K)->3003776K(3003776K) From: 375423K(375424K)->375423K(375424K)
[58.453s][info][gc,heap        ] GC(43) Tenured: 7509375K(7509376K)->7509375K(7509376K)
[58.453s][info][gc,metaspace   ] GC(43) Metaspace: 6297K(6464K)->6297K(6464K) NonClass: 5763K(5824K)->5763K(5824K) Class: 533K(640K)->533K(640K)
[58.453s][info][gc             ] GC(43) Pause Full (Allocation Failure) 10633M->10633M(10633M) 8370.084ms
[58.453s][info][gc,cpu         ] GC(43) User=8.19s Sys=0.02s Real=8.37s
[58.453s][info][gc,start       ] GC(44) Pause Full (Allocation Failure)
[58.453s][info][gc,phases,start] GC(44) Phase 1: Mark live objects
[63.325s][info][gc,phases      ] GC(44) Phase 1: Mark live objects 4872.109ms
[63.325s][info][gc,phases,start] GC(44) Phase 2: Compute new object addresses
[64.848s][info][gc,phases      ] GC(44) Phase 2: Compute new object addresses 1523.541ms
[64.848s][info][gc,phases,start] GC(44) Phase 3: Adjust pointers
[67.298s][info][gc,phases      ] GC(44) Phase 3: Adjust pointers 2449.425ms
[67.298s][info][gc,phases,start] GC(44) Phase 4: Move objects
[69.337s][info][gc,phases      ] GC(44) Phase 4: Move objects 2038.900ms
[69.337s][info][gc,heap        ] GC(44) DefNew: 3379199K(3379200K)->3248123K(3379200K) Eden: 3003776K(3003776K)->3003775K(3003776K) From: 375423K(375424K)->244347K(375424K)
[69.337s][info][gc,heap        ] GC(44) Tenured: 7509375K(7509376K)->7509375K(7509376K)
[69.337s][info][gc,metaspace   ] GC(44) Metaspace: 6297K(6464K)->6295K(6464K) NonClass: 5763K(5824K)->5762K(5824K) Class: 533K(640K)->532K(640K)
[69.338s][info][gc             ] GC(44) Pause Full (Allocation Failure) 10633M->10505M(10633M) 10884.938ms
[69.338s][info][gc,cpu         ] GC(44) User=10.45s Sys=0.00s Real=10.88s
[69.755s][info][gc,start       ] GC(45) Pause Full (Allocation Failure)
[69.755s][info][gc,phases,start] GC(45) Phase 1: Mark live objects
[74.563s][info][gc,phases      ] GC(45) Phase 1: Mark live objects 4808.491ms
[74.563s][info][gc,phases,start] GC(45) Phase 2: Compute new object addresses
[76.052s][info][gc,phases      ] GC(45) Phase 2: Compute new object addresses 1488.541ms
[76.052s][info][gc,phases,start] GC(45) Phase 3: Adjust pointers
[78.034s][info][gc,phases      ] GC(45) Phase 3: Adjust pointers 1981.651ms
[78.034s][info][gc,phases,start] GC(45) Phase 4: Move objects
[78.034s][info][gc,phases      ] GC(45) Phase 4: Move objects 0.016ms
[78.034s][info][gc,heap        ] GC(45) DefNew: 3379199K(3379200K)->3379199K(3379200K) Eden: 3003775K(3003776K)->3003775K(3003776K) From: 375423K(375424K)->375423K(375424K)
[78.034s][info][gc,heap        ] GC(45) Tenured: 7509375K(7509376K)->7509375K(7509376K)
[78.034s][info][gc,metaspace   ] GC(45) Metaspace: 6295K(6464K)->6295K(6464K) NonClass: 5762K(5824K)->5762K(5824K) Class: 532K(640K)->532K(640K)
[78.034s][info][gc             ] GC(45) Pause Full (Allocation Failure) 10633M->10633M(10633M) 8279.615ms
[78.034s][info][gc,cpu         ] GC(45) User=8.23s Sys=0.00s Real=8.28s
[78.034s][info][gc,start       ] GC(46) Pause Full (Allocation Failure)
[78.034s][info][gc,phases,start] GC(46) Phase 1: Mark live objects
[82.952s][info][gc,phases      ] GC(46) Phase 1: Mark live objects 4917.485ms
[82.952s][info][gc,phases,start] GC(46) Phase 2: Compute new object addresses
[84.509s][info][gc,phases      ] GC(46) Phase 2: Compute new object addresses 1557.288ms
[84.509s][info][gc,phases,start] GC(46) Phase 3: Adjust pointers
[86.542s][info][gc,phases      ] GC(46) Phase 3: Adjust pointers 2032.176ms
[86.542s][info][gc,phases,start] GC(46) Phase 4: Move objects
[86.542s][info][gc,phases      ] GC(46) Phase 4: Move objects 0.017ms
[86.542s][info][gc,heap        ] GC(46) DefNew: 3379199K(3379200K)->3379199K(3379200K) Eden: 3003775K(3003776K)->3003775K(3003776K) From: 375423K(375424K)->375423K(375424K)
[86.542s][info][gc,heap        ] GC(46) Tenured: 7509375K(7509376K)->7509375K(7509376K)
[86.542s][info][gc,metaspace   ] GC(46) Metaspace: 6295K(6464K)->6295K(6464K) NonClass: 5762K(5824K)->5762K(5824K) Class: 532K(640K)->532K(640K)
[86.542s][info][gc             ] GC(46) Pause Full (Allocation Failure) 10633M->10633M(10633M) 8507.921ms
[86.542s][info][gc,cpu         ] GC(46) User=8.27s Sys=0.00s Real=8.51s
[86.543s][info][gc,start       ] GC(47) Pause Full (Allocation Failure)
[86.543s][info][gc,phases,start] GC(47) Phase 1: Mark live objects
[91.522s][info][gc,phases      ] GC(47) Phase 1: Mark live objects 4979.371ms
[91.522s][info][gc,phases,start] GC(47) Phase 2: Compute new object addresses
[93.047s][info][gc,phases      ] GC(47) Phase 2: Compute new object addresses 1524.948ms
[93.047s][info][gc,phases,start] GC(47) Phase 3: Adjust pointers
[95.042s][info][gc,phases      ] GC(47) Phase 3: Adjust pointers 1995.058ms
[95.042s][info][gc,phases,start] GC(47) Phase 4: Move objects
[95.042s][info][gc,phases      ] GC(47) Phase 4: Move objects 0.016ms
[95.043s][info][gc,heap        ] GC(47) DefNew: 3379200K(3379200K)->3379200K(3379200K) Eden: 3003776K(3003776K)->3003776K(3003776K) From: 375424K(375424K)->375424K(375424K)
[95.043s][info][gc,heap        ] GC(47) Tenured: 7509375K(7509376K)->7509375K(7509376K)
[95.043s][info][gc,metaspace   ] GC(47) Metaspace: 6295K(6464K)->6295K(6464K) NonClass: 5762K(5824K)->5762K(5824K) Class: 532K(640K)->532K(640K)
[95.043s][info][gc             ] GC(47) Pause Full (Allocation Failure) 10633M->10633M(10633M) 8500.306ms
[95.043s][info][gc,cpu         ] GC(47) User=8.33s Sys=0.00s Real=8.50s
[95.043s][info][gc,start       ] GC(48) Pause Full (Allocation Failure)
[95.043s][info][gc,phases,start] GC(48) Phase 1: Mark live objects
[99.935s][info][gc,phases      ] GC(48) Phase 1: Mark live objects 4891.745ms
[99.935s][info][gc,phases,start] GC(48) Phase 2: Compute new object addresses
[101.483s][info][gc,phases      ] GC(48) Phase 2: Compute new object addresses 1548.215ms
[101.483s][info][gc,phases,start] GC(48) Phase 3: Adjust pointers
[103.931s][info][gc,phases      ] GC(48) Phase 3: Adjust pointers 2448.266ms
[103.931s][info][gc,phases,start] GC(48) Phase 4: Move objects
[105.762s][info][gc,phases      ] GC(48) Phase 4: Move objects 1830.304ms
[105.763s][info][gc,heap        ] GC(48) DefNew: 3379200K(3379200K)->3379198K(3379200K) Eden: 3003776K(3003776K)->3003775K(3003776K) From: 375424K(375424K)->375422K(375424K)
[105.763s][info][gc,heap        ] GC(48) Tenured: 7509375K(7509376K)->7509375K(7509376K)
[105.763s][info][gc,metaspace   ] GC(48) Metaspace: 6295K(6464K)->6295K(6464K) NonClass: 5762K(5824K)->5762K(5824K) Class: 532K(640K)->532K(640K)
[105.763s][info][gc             ] GC(48) Pause Full (Allocation Failure) 10633M->10633M(10633M) 10719.847ms
[105.763s][info][gc,cpu         ] GC(48) User=10.69s Sys=0.00s Real=10.72s
[105.764s][info][gc,start       ] GC(49) Pause Full (Allocation Failure)
[105.764s][info][gc,phases,start] GC(49) Phase 1: Mark live objects
[110.599s][info][gc,phases      ] GC(49) Phase 1: Mark live objects 4835.607ms
[110.599s][info][gc,phases,start] GC(49) Phase 2: Compute new object addresses
[112.090s][info][gc,phases      ] GC(49) Phase 2: Compute new object addresses 1490.398ms
[112.090s][info][gc,phases,start] GC(49) Phase 3: Adjust pointers
[114.231s][info][gc,phases      ] GC(49) Phase 3: Adjust pointers 2141.170ms
[114.231s][info][gc,phases,start] GC(49) Phase 4: Move objects
[114.231s][info][gc,phases      ] GC(49) Phase 4: Move objects 0.017ms
[114.232s][info][gc,heap        ] GC(49) DefNew: 3379199K(3379200K)->3379198K(3379200K) Eden: 3003776K(3003776K)->3003775K(3003776K) From: 375423K(375424K)->375423K(375424K)
[114.232s][info][gc,heap        ] GC(49) Tenured: 7509375K(7509376K)->7509375K(7509376K)
[114.232s][info][gc,metaspace   ] GC(49) Metaspace: 6297K(6464K)->6297K(6464K) NonClass: 5763K(5824K)->5763K(5824K) Class: 533K(640K)->533K(640K)
[114.232s][info][gc             ] GC(49) Pause Full (Allocation Failure) 10633M->10633M(10633M) 8468.209ms
[114.232s][info][gc,cpu         ] GC(49) User=8.41s Sys=0.00s Real=8.47s
[114.232s][info][gc,heap,exit   ] Heap
[114.232s][info][gc,heap,exit   ]  def new generation   total 3379200K, used 3379199K [0x0000000550800000, 0x0000000635aa0000, 0x0000000635aa0000)
[114.232s][info][gc,heap,exit   ]   eden space 3003776K, 100% used [0x0000000550800000, 0x0000000607d60000, 0x0000000607d60000)
[114.232s][info][gc,heap,exit   ]   from space 375424K,  99% used [0x0000000607d60000, 0x000000061ebfff60, 0x000000061ec00000)
[114.232s][info][gc,heap,exit   ]   to   space 375424K,   0% used [0x000000061ec00000, 0x000000061ec00000, 0x0000000635aa0000)
[114.232s][info][gc,heap,exit   ]  tenured generation   total 7509376K, used 7509375K [0x0000000635aa0000, 0x0000000800000000, 0x0000000800000000)
[114.232s][info][gc,heap,exit   ]    the space 7509376K,  99% used [0x0000000635aa0000, 0x00000007ffffffd0, 0x0000000800000000, 0x0000000800000000)
[114.232s][info][gc,heap,exit   ]  Metaspace       used 6300K, committed 6464K, reserved 1114112K
[114.232s][info][gc,heap,exit   ]   class space    used 534K, committed 640K, reserved 1048576K
