[0.011s][info][gc,init] CardTable entry size: 512
[0.011s][info][gc     ] Using Serial
[0.011s][info][gc,init] Version: 18.0.1+10 (release)
[0.011s][info][gc,init] CPUs: 8 total, 8 available
[0.011s][info][gc,init] Memory: 16063M
[0.011s][info][gc,init] Large Page Support: Disabled
[0.011s][info][gc,init] NUMA Support: Disabled
[0.011s][info][gc,init] Compressed Oops: Enabled (Zero based)
[0.011s][info][gc,init] Heap Min Capacity: 2M
[0.011s][info][gc,init] Heap Initial Capacity: 2M
[0.011s][info][gc,init] Heap Max Capacity: 11500M
[0.011s][info][gc,init] Pre-touch: Disabled
[0.012s][info][gc,metaspace] CDS archive(s) not mapped
[0.012s][info][gc,metaspace] Compressed class space mapped at: 0x0000000800000000-0x0000000840000000, reserved size: 1073741824
[0.012s][info][gc,metaspace] Narrow klass base: 0x0000000800000000, Narrow klass shift: 0, Narrow klass range: 0x40000000
[0.172s][info][gc,start    ] GC(0) Pause Young (Allocation Failure)
[0.174s][info][gc,heap     ] GC(0) DefNew: 1023K(1152K)->127K(1152K) Eden: 1023K(1024K)->0K(1024K) From: 0K(128K)->127K(128K)
[0.174s][info][gc,heap     ] GC(0) Tenured: 0K(768K)->439K(768K)
[0.174s][info][gc,metaspace] GC(0) Metaspace: 5902K(6016K)->5902K(6016K) NonClass: 5402K(5504K)->5402K(5504K) Class: 499K(512K)->499K(512K)
[0.174s][info][gc          ] GC(0) Pause Young (Allocation Failure) 0M->0M(1M) 2.013ms
[0.174s][info][gc,cpu      ] GC(0) User=0.00s Sys=0.00s Real=0.00s
[0.193s][info][gc,start    ] GC(1) Pause Young (Allocation Failure)
[0.194s][info][gc          ] GC(1) Pause Young (Allocation Failure) 1M->0M(2M) 1.370ms
[0.194s][info][gc,cpu      ] GC(1) User=0.00s Sys=0.00s Real=0.00s
[0.194s][info][gc,start    ] GC(2) Pause Full (Allocation Failure)
[0.194s][info][gc,phases,start] GC(2) Phase 1: Mark live objects
[0.195s][info][gc,phases      ] GC(2) Phase 1: Mark live objects 0.983ms
[0.195s][info][gc,phases,start] GC(2) Phase 2: Compute new object addresses
[0.196s][info][gc,phases      ] GC(2) Phase 2: Compute new object addresses 0.212ms
[0.196s][info][gc,phases,start] GC(2) Phase 3: Adjust pointers
[0.196s][info][gc,phases      ] GC(2) Phase 3: Adjust pointers 0.467ms
[0.196s][info][gc,phases,start] GC(2) Phase 4: Move objects
[0.196s][info][gc,phases      ] GC(2) Phase 4: Move objects 0.066ms
[0.196s][info][gc,heap        ] GC(2) DefNew: 1151K(1152K)->40K(1152K) Eden: 1024K(1024K)->40K(1024K) From: 127K(128K)->0K(128K)
[0.196s][info][gc,heap        ] GC(2) Tenured: 439K(768K)->959K(1600K)
[0.196s][info][gc,metaspace   ] GC(2) Metaspace: 6299K(6464K)->6299K(6464K) NonClass: 5766K(5824K)->5766K(5824K) Class: 533K(640K)->533K(640K)
[0.196s][info][gc             ] GC(2) Pause Full (Allocation Failure) 0M->0M(2M) 2.029ms
[0.196s][info][gc,cpu         ] GC(2) User=0.00s Sys=0.00s Real=0.00s
[0.198s][info][gc,start       ] GC(3) Pause Young (Allocation Failure)
[0.199s][info][gc,heap        ] GC(3) DefNew: 1024K(1152K)->127K(1152K) Eden: 1024K(1024K)->0K(1024K) From: 0K(128K)->127K(128K)
[0.199s][info][gc,heap        ] GC(3) Tenured: 959K(1600K)->1375K(1600K)
[0.199s][info][gc,metaspace   ] GC(3) Metaspace: 6299K(6464K)->6299K(6464K) NonClass: 5766K(5824K)->5766K(5824K) Class: 533K(640K)->533K(640K)
[0.199s][info][gc             ] GC(3) Pause Young (Allocation Failure) 1M->1M(2M) 1.518ms
[0.199s][info][gc,cpu         ] GC(3) User=0.00s Sys=0.00s Real=0.00s
[0.201s][info][gc,start       ] GC(4) Pause Young (Allocation Failure)
[0.202s][info][gc             ] GC(4) Pause Young (Allocation Failure) 2M->1M(3M) 1.535ms
[0.202s][info][gc,cpu         ] GC(4) User=0.00s Sys=0.00s Real=0.00s
[0.202s][info][gc,start       ] GC(5) Pause Full (Allocation Failure)
[0.202s][info][gc,phases,start] GC(5) Phase 1: Mark live objects
[0.204s][info][gc,phases      ] GC(5) Phase 1: Mark live objects 1.590ms
[0.204s][info][gc,phases,start] GC(5) Phase 2: Compute new object addresses
[0.204s][info][gc,phases      ] GC(5) Phase 2: Compute new object addresses 0.418ms
[0.204s][info][gc,phases,start] GC(5) Phase 3: Adjust pointers
[0.205s][info][gc,phases      ] GC(5) Phase 3: Adjust pointers 0.711ms
[0.205s][info][gc,phases,start] GC(5) Phase 4: Move objects
[0.205s][info][gc,phases      ] GC(5) Phase 4: Move objects 0.094ms
[0.205s][info][gc,heap        ] GC(5) DefNew: 1151K(1152K)->35K(1536K) Eden: 1024K(1024K)->35K(1408K) From: 127K(128K)->0K(128K)
[0.205s][info][gc,heap        ] GC(5) Tenured: 1375K(1600K)->1983K(3308K)
[0.205s][info][gc,metaspace   ] GC(5) Metaspace: 6299K(6464K)->6299K(6464K) NonClass: 5766K(5824K)->5766K(5824K) Class: 533K(640K)->533K(640K)
[0.206s][info][gc             ] GC(5) Pause Full (Allocation Failure) 1M->1M(4M) 3.179ms
[0.206s][info][gc,cpu         ] GC(5) User=0.00s Sys=0.00s Real=0.00s
[0.207s][info][gc,start       ] GC(6) Pause Young (Allocation Failure)
[0.209s][info][gc,heap        ] GC(6) DefNew: 1407K(1536K)->127K(1536K) Eden: 1407K(1408K)->0K(1408K) From: 0K(128K)->127K(128K)
[0.209s][info][gc,heap        ] GC(6) Tenured: 1983K(3308K)->2617K(3308K)
[0.209s][info][gc,metaspace   ] GC(6) Metaspace: 6299K(6464K)->6299K(6464K) NonClass: 5766K(5824K)->5766K(5824K) Class: 533K(640K)->533K(640K)
[0.209s][info][gc             ] GC(6) Pause Young (Allocation Failure) 3M->2M(4M) 1.779ms
[0.209s][info][gc,cpu         ] GC(6) User=0.00s Sys=0.00s Real=0.00s
[0.211s][info][gc,start       ] GC(7) Pause Young (Allocation Failure)
[0.213s][info][gc             ] GC(7) Pause Young (Allocation Failure) 4M->3M(4M) 1.658ms
[0.213s][info][gc,cpu         ] GC(7) User=0.00s Sys=0.00s Real=0.00s
[0.213s][info][gc,start       ] GC(8) Pause Full (Allocation Failure)
[0.213s][info][gc,phases,start] GC(8) Phase 1: Mark live objects
[0.215s][info][gc,phases      ] GC(8) Phase 1: Mark live objects 2.049ms
[0.215s][info][gc,phases,start] GC(8) Phase 2: Compute new object addresses
[0.216s][info][gc,phases      ] GC(8) Phase 2: Compute new object addresses 0.680ms
[0.216s][info][gc,phases,start] GC(8) Phase 3: Adjust pointers
[0.217s][info][gc,phases      ] GC(8) Phase 3: Adjust pointers 1.122ms
[0.217s][info][gc,phases,start] GC(8) Phase 4: Move objects
[0.217s][info][gc,phases      ] GC(8) Phase 4: Move objects 0.073ms
[0.217s][info][gc,heap        ] GC(8) DefNew: 1535K(1536K)->0K(2688K) Eden: 1408K(1408K)->0K(2432K) From: 127K(128K)->0K(256K)
[0.217s][info][gc,heap        ] GC(8) Tenured: 2617K(3308K)->3460K(5768K)
[0.217s][info][gc,metaspace   ] GC(8) Metaspace: 6299K(6464K)->6299K(6464K) NonClass: 5766K(5824K)->5766K(5824K) Class: 533K(640K)->533K(640K)
[0.217s][info][gc             ] GC(8) Pause Full (Allocation Failure) 3M->3M(8M) 4.263ms
[0.217s][info][gc,cpu         ] GC(8) User=0.00s Sys=0.00s Real=0.01s
[0.222s][info][gc,start       ] GC(9) Pause Young (Allocation Failure)
[0.225s][info][gc,heap        ] GC(9) DefNew: 2431K(2688K)->256K(2688K) Eden: 2431K(2432K)->0K(2432K) From: 0K(256K)->256K(256K)
[0.225s][info][gc,heap        ] GC(9) Tenured: 3460K(5768K)->4512K(5768K)
[0.225s][info][gc,metaspace   ] GC(9) Metaspace: 6299K(6464K)->6299K(6464K) NonClass: 5766K(5824K)->5766K(5824K) Class: 533K(640K)->533K(640K)
[0.225s][info][gc             ] GC(9) Pause Young (Allocation Failure) 5M->4M(8M) 2.850ms
[0.225s][info][gc,cpu         ] GC(9) User=0.00s Sys=0.00s Real=0.00s
[0.227s][info][gc,start       ] GC(10) Pause Young (Allocation Failure)
[0.231s][info][gc,heap        ] GC(10) DefNew: 2688K(2688K)->255K(2688K) Eden: 2432K(2432K)->0K(2432K) From: 256K(256K)->255K(256K)
[0.231s][info][gc,heap        ] GC(10) Tenured: 4512K(5768K)->5755K(5768K)
[0.231s][info][gc,metaspace   ] GC(10) Metaspace: 6299K(6464K)->6299K(6464K) NonClass: 5766K(5824K)->5766K(5824K) Class: 533K(640K)->533K(640K)
[0.231s][info][gc             ] GC(10) Pause Young (Allocation Failure) 7M->5M(8M) 4.003ms
[0.232s][info][gc,cpu         ] GC(10) User=0.00s Sys=0.00s Real=0.00s
[0.235s][info][gc,start       ] GC(11) Pause Young (Allocation Failure)
[0.239s][info][gc             ] GC(11) Pause Young (Allocation Failure) 8M->7M(9M) 4.194ms
[0.239s][info][gc,cpu         ] GC(11) User=0.00s Sys=0.00s Real=0.00s
[0.239s][info][gc,start       ] GC(12) Pause Full (Allocation Failure)
[0.239s][info][gc,phases,start] GC(12) Phase 1: Mark live objects
[0.244s][info][gc,phases      ] GC(12) Phase 1: Mark live objects 5.014ms
[0.244s][info][gc,phases,start] GC(12) Phase 2: Compute new object addresses
[0.245s][info][gc,phases      ] GC(12) Phase 2: Compute new object addresses 1.144ms
[0.246s][info][gc,phases,start] GC(12) Phase 3: Adjust pointers
[0.247s][info][gc,phases      ] GC(12) Phase 3: Adjust pointers 1.701ms
[0.247s][info][gc,phases,start] GC(12) Phase 4: Move objects
[0.249s][info][gc,phases      ] GC(12) Phase 4: Move objects 1.465ms
[0.249s][info][gc,heap        ] GC(12) DefNew: 2687K(2688K)->0K(5376K) Eden: 2432K(2432K)->0K(4800K) From: 255K(256K)->0K(576K)
[0.249s][info][gc,heap        ] GC(12) Tenured: 5755K(5768K)->7132K(11888K)
[0.249s][info][gc,metaspace   ] GC(12) Metaspace: 6299K(6464K)->6299K(6464K) NonClass: 5766K(5824K)->5766K(5824K) Class: 533K(640K)->533K(640K)
[0.249s][info][gc             ] GC(12) Pause Full (Allocation Failure) 7M->6M(16M) 9.828ms
[0.249s][info][gc,cpu         ] GC(12) User=0.00s Sys=0.00s Real=0.01s
[0.254s][info][gc,start       ] GC(13) Pause Young (Allocation Failure)
[0.260s][info][gc,heap        ] GC(13) DefNew: 4800K(5376K)->575K(5376K) Eden: 4800K(4800K)->0K(4800K) From: 0K(576K)->575K(576K)
[0.260s][info][gc,heap        ] GC(13) Tenured: 7132K(11888K)->9027K(11888K)
[0.260s][info][gc,metaspace   ] GC(13) Metaspace: 6299K(6464K)->6299K(6464K) NonClass: 5766K(5824K)->5766K(5824K) Class: 533K(640K)->533K(640K)
[0.260s][info][gc             ] GC(13) Pause Young (Allocation Failure) 11M->9M(16M) 5.902ms
[0.260s][info][gc,cpu         ] GC(13) User=0.00s Sys=0.00s Real=0.01s
[0.265s][info][gc,start       ] GC(14) Pause Young (Allocation Failure)
[0.271s][info][gc,heap        ] GC(14) DefNew: 5375K(5376K)->576K(5376K) Eden: 4800K(4800K)->0K(4800K) From: 575K(576K)->576K(576K)
[0.271s][info][gc,heap        ] GC(14) Tenured: 9027K(11888K)->11746K(11888K)
[0.271s][info][gc,metaspace   ] GC(14) Metaspace: 6299K(6464K)->6299K(6464K) NonClass: 5766K(5824K)->5766K(5824K) Class: 533K(640K)->533K(640K)
[0.271s][info][gc             ] GC(14) Pause Young (Allocation Failure) 14M->12M(16M) 6.105ms
[0.271s][info][gc,cpu         ] GC(14) User=0.00s Sys=0.00s Real=0.01s
[0.275s][info][gc,start       ] GC(15) Pause Young (Allocation Failure)
[0.282s][info][gc             ] GC(15) Pause Young (Allocation Failure) 16M->14M(19M) 6.474ms
[0.282s][info][gc,cpu         ] GC(15) User=0.00s Sys=0.00s Real=0.01s
[0.282s][info][gc,start       ] GC(16) Pause Full (Allocation Failure)
[0.282s][info][gc,phases,start] GC(16) Phase 1: Mark live objects
[0.290s][info][gc,phases      ] GC(16) Phase 1: Mark live objects 8.474ms
[0.290s][info][gc,phases,start] GC(16) Phase 2: Compute new object addresses
[0.293s][info][gc,phases      ] GC(16) Phase 2: Compute new object addresses 2.487ms
[0.293s][info][gc,phases,start] GC(16) Phase 3: Adjust pointers
[0.296s][info][gc,phases      ] GC(16) Phase 3: Adjust pointers 3.458ms
[0.296s][info][gc,phases,start] GC(16) Phase 4: Move objects
[0.297s][info][gc,phases      ] GC(16) Phase 4: Move objects 0.208ms
[0.297s][info][gc,heap        ] GC(16) DefNew: 5376K(5376K)->387K(10880K) Eden: 4800K(4800K)->387K(9728K) From: 576K(576K)->0K(1152K)
[0.297s][info][gc,heap        ] GC(16) Tenured: 11746K(11888K)->14383K(23976K)
[0.297s][info][gc,metaspace   ] GC(16) Metaspace: 6301K(6464K)->6301K(6464K) NonClass: 5768K(5824K)->5768K(5824K) Class: 533K(640K)->533K(640K)
[0.297s][info][gc             ] GC(16) Pause Full (Allocation Failure) 14M->14M(34M) 15.004ms
[0.297s][info][gc,cpu         ] GC(16) User=0.02s Sys=0.00s Real=0.02s
[0.304s][info][gc,start       ] GC(17) Pause Young (Allocation Failure)
[0.318s][info][gc,heap        ] GC(17) DefNew: 9728K(10880K)->1152K(10880K) Eden: 9728K(9728K)->0K(9728K) From: 0K(1152K)->1152K(1152K)
[0.318s][info][gc,heap        ] GC(17) Tenured: 14383K(23976K)->18415K(23976K)
[0.318s][info][gc,metaspace   ] GC(17) Metaspace: 6301K(6464K)->6301K(6464K) NonClass: 5768K(5824K)->5768K(5824K) Class: 533K(640K)->533K(640K)
[0.318s][info][gc             ] GC(17) Pause Young (Allocation Failure) 23M->19M(34M) 13.718ms
[0.318s][info][gc,cpu         ] GC(17) User=0.00s Sys=0.00s Real=0.01s
[0.325s][info][gc,start       ] GC(18) Pause Young (Allocation Failure)
[0.336s][info][gc,heap        ] GC(18) DefNew: 10880K(10880K)->1151K(10880K) Eden: 9728K(9728K)->0K(9728K) From: 1152K(1152K)->1151K(1152K)
[0.336s][info][gc,heap        ] GC(18) Tenured: 18415K(23976K)->23936K(23976K)
[0.336s][info][gc,metaspace   ] GC(18) Metaspace: 6301K(6464K)->6301K(6464K) NonClass: 5768K(5824K)->5768K(5824K) Class: 533K(640K)->533K(640K)
[0.336s][info][gc             ] GC(18) Pause Young (Allocation Failure) 28M->24M(34M) 11.619ms
[0.337s][info][gc,cpu         ] GC(18) User=0.00s Sys=0.00s Real=0.01s
[0.342s][info][gc,start       ] GC(19) Pause Young (Allocation Failure)
[0.353s][info][gc             ] GC(19) Pause Young (Allocation Failure) 34M->29M(38M) 11.112ms
[0.353s][info][gc,cpu         ] GC(19) User=0.00s Sys=0.00s Real=0.01s
[0.353s][info][gc,start       ] GC(20) Pause Full (Allocation Failure)
[0.353s][info][gc,phases,start] GC(20) Phase 1: Mark live objects
[0.367s][info][gc,phases      ] GC(20) Phase 1: Mark live objects 13.883ms
[0.367s][info][gc,phases,start] GC(20) Phase 2: Compute new object addresses
[0.372s][info][gc,phases      ] GC(20) Phase 2: Compute new object addresses 4.876ms
[0.372s][info][gc,phases,start] GC(20) Phase 3: Adjust pointers
[0.377s][info][gc,phases      ] GC(20) Phase 3: Adjust pointers 5.481ms
[0.377s][info][gc,phases,start] GC(20) Phase 4: Move objects
[0.377s][info][gc,phases      ] GC(20) Phase 4: Move objects 0.182ms
[0.377s][info][gc,heap        ] GC(20) DefNew: 10879K(10880K)->1080K(21888K) Eden: 9728K(9728K)->1080K(19520K) From: 1151K(1152K)->0K(2368K)
[0.377s][info][gc,heap        ] GC(20) Tenured: 23936K(23976K)->29035K(48396K)
[0.378s][info][gc,metaspace   ] GC(20) Metaspace: 6301K(6464K)->6301K(6464K) NonClass: 5768K(5824K)->5768K(5824K) Class: 533K(640K)->533K(640K)
[0.378s][info][gc             ] GC(20) Pause Full (Allocation Failure) 29M->29M(68M) 24.817ms
[0.378s][info][gc,cpu         ] GC(20) User=0.03s Sys=0.00s Real=0.02s
[0.391s][info][gc,start       ] GC(21) Pause Young (Allocation Failure)
[0.418s][info][gc,heap        ] GC(21) DefNew: 19520K(21888K)->2367K(21888K) Eden: 19520K(19520K)->0K(19520K) From: 0K(2368K)->2367K(2368K)
[0.418s][info][gc,heap        ] GC(21) Tenured: 29035K(48396K)->39348K(48396K)
[0.418s][info][gc,metaspace   ] GC(21) Metaspace: 6301K(6464K)->6301K(6464K) NonClass: 5768K(5824K)->5768K(5824K) Class: 533K(640K)->533K(640K)
[0.418s][info][gc             ] GC(21) Pause Young (Allocation Failure) 47M->40M(68M) 27.200ms
[0.418s][info][gc,cpu         ] GC(21) User=0.02s Sys=0.00s Real=0.03s
[0.437s][info][gc,start       ] GC(22) Pause Young (Allocation Failure)
[0.472s][info][gc             ] GC(22) Pause Young (Allocation Failure) 59M->59M(78M) 35.230ms
[0.472s][info][gc,cpu         ] GC(22) User=0.03s Sys=0.00s Real=0.04s
[0.472s][info][gc,start       ] GC(23) Pause Full (Allocation Failure)
[0.472s][info][gc,phases,start] GC(23) Phase 1: Mark live objects
[0.496s][info][gc,phases      ] GC(23) Phase 1: Mark live objects 24.413ms
[0.496s][info][gc,phases,start] GC(23) Phase 2: Compute new object addresses
[0.506s][info][gc,phases      ] GC(23) Phase 2: Compute new object addresses 9.509ms
[0.506s][info][gc,phases,start] GC(23) Phase 3: Adjust pointers
[0.516s][info][gc,phases      ] GC(23) Phase 3: Adjust pointers 10.450ms
[0.516s][info][gc,phases,start] GC(23) Phase 4: Move objects
[0.517s][info][gc,phases      ] GC(23) Phase 4: Move objects 0.377ms
[0.517s][info][gc,heap        ] GC(23) DefNew: 21887K(21888K)->2248K(44288K) Eden: 19520K(19520K)->2248K(39424K) From: 2367K(2368K)->0K(4864K)
[0.517s][info][gc,heap        ] GC(23) Tenured: 39348K(48396K)->58955K(98260K)
[0.517s][info][gc,metaspace   ] GC(23) Metaspace: 6301K(6464K)->6301K(6464K) NonClass: 5768K(5824K)->5768K(5824K) Class: 533K(640K)->533K(640K)
[0.517s][info][gc             ] GC(23) Pause Full (Allocation Failure) 59M->59M(139M) 45.409ms
[0.517s][info][gc,cpu         ] GC(23) User=0.05s Sys=0.00s Real=0.05s
[0.559s][info][gc,start       ] GC(24) Pause Young (Allocation Failure)
[0.621s][info][gc,heap        ] GC(24) DefNew: 39424K(44288K)->4863K(44288K) Eden: 39424K(39424K)->0K(39424K) From: 0K(4864K)->4863K(4864K)
[0.621s][info][gc,heap        ] GC(24) Tenured: 58955K(98260K)->93487K(98260K)
[0.621s][info][gc,metaspace   ] GC(24) Metaspace: 6301K(6464K)->6301K(6464K) NonClass: 5768K(5824K)->5768K(5824K) Class: 533K(640K)->533K(640K)
[0.621s][info][gc             ] GC(24) Pause Young (Allocation Failure) 96M->96M(139M) 61.748ms
[0.621s][info][gc,cpu         ] GC(24) User=0.03s Sys=0.02s Real=0.06s
[0.653s][info][gc,start       ] GC(25) Pause Young (Allocation Failure)
[0.725s][info][gc             ] GC(25) Pause Young (Allocation Failure) 134M->134M(173M) 71.261ms
[0.725s][info][gc,cpu         ] GC(25) User=0.05s Sys=0.02s Real=0.07s
[0.725s][info][gc,start       ] GC(26) Pause Full (Allocation Failure)
[0.725s][info][gc,phases,start] GC(26) Phase 1: Mark live objects
[0.782s][info][gc,phases      ] GC(26) Phase 1: Mark live objects 56.867ms
[0.782s][info][gc,phases,start] GC(26) Phase 2: Compute new object addresses
[0.804s][info][gc,phases      ] GC(26) Phase 2: Compute new object addresses 22.246ms
[0.804s][info][gc,phases,start] GC(26) Phase 3: Adjust pointers
[0.830s][info][gc,phases      ] GC(26) Phase 3: Adjust pointers 25.910ms
[0.830s][info][gc,phases,start] GC(26) Phase 4: Move objects
[0.856s][info][gc,phases      ] GC(26) Phase 4: Move objects 25.856ms
[0.856s][info][gc,heap        ] GC(26) DefNew: 44287K(44288K)->1012K(99712K) Eden: 39424K(39424K)->1012K(88640K) From: 4863K(4864K)->0K(11072K)
[0.856s][info][gc,heap        ] GC(26) Tenured: 93487K(98260K)->132887K(221480K)
[0.856s][info][gc,metaspace   ] GC(26) Metaspace: 6301K(6464K)->6301K(6464K) NonClass: 5768K(5824K)->5768K(5824K) Class: 533K(640K)->533K(640K)
[0.856s][info][gc             ] GC(26) Pause Full (Allocation Failure) 134M->130M(313M) 131.688ms
[0.856s][info][gc,cpu         ] GC(26) User=0.12s Sys=0.00s Real=0.13s
[0.952s][info][gc,start       ] GC(27) Pause Young (Allocation Failure)
[1.103s][info][gc,heap        ] GC(27) DefNew: 88640K(99712K)->11071K(99712K) Eden: 88640K(88640K)->0K(88640K) From: 0K(11072K)->11071K(11072K)
[1.103s][info][gc,heap        ] GC(27) Tenured: 132887K(221480K)->210430K(221480K)
[1.103s][info][gc,metaspace   ] GC(27) Metaspace: 6301K(6464K)->6301K(6464K) NonClass: 5768K(5824K)->5768K(5824K) Class: 533K(640K)->533K(640K)
[1.103s][info][gc             ] GC(27) Pause Young (Allocation Failure) 216M->216M(313M) 150.580ms
[1.103s][info][gc,cpu         ] GC(27) User=0.09s Sys=0.02s Real=0.15s
[1.183s][info][gc,start       ] GC(28) Pause Young (Allocation Failure)
[1.355s][info][gc             ] GC(28) Pause Young (Allocation Failure) 302M->302M(389M) 172.421ms
[1.355s][info][gc,cpu         ] GC(28) User=0.12s Sys=0.02s Real=0.17s
[1.355s][info][gc,start       ] GC(29) Pause Full (Allocation Failure)
[1.355s][info][gc,phases,start] GC(29) Phase 1: Mark live objects
[1.496s][info][gc,phases      ] GC(29) Phase 1: Mark live objects 140.944ms
[1.496s][info][gc,phases,start] GC(29) Phase 2: Compute new object addresses
[1.551s][info][gc,phases      ] GC(29) Phase 2: Compute new object addresses 54.941ms
[1.551s][info][gc,phases,start] GC(29) Phase 3: Adjust pointers
[1.608s][info][gc,phases      ] GC(29) Phase 3: Adjust pointers 56.520ms
[1.608s][info][gc,phases,start] GC(29) Phase 4: Move objects
[1.610s][info][gc,phases      ] GC(29) Phase 4: Move objects 2.459ms
[1.611s][info][gc,heap        ] GC(29) DefNew: 99711K(99712K)->10930K(224448K) Eden: 88640K(88640K)->10930K(199552K) From: 11071K(11072K)->0K(24896K)
[1.611s][info][gc,heap        ] GC(29) Tenured: 210430K(221480K)->299179K(498636K)
[1.611s][info][gc,metaspace   ] GC(29) Metaspace: 6301K(6464K)->6301K(6464K) NonClass: 5768K(5824K)->5768K(5824K) Class: 533K(640K)->533K(640K)
[1.611s][info][gc             ] GC(29) Pause Full (Allocation Failure) 302M->302M(706M) 256.146ms
[1.611s][info][gc,cpu         ] GC(29) User=0.27s Sys=0.00s Real=0.26s
[1.815s][info][gc,start       ] GC(30) Pause Young (Allocation Failure)
[2.162s][info][gc,heap        ] GC(30) DefNew: 199552K(224448K)->24895K(224448K) Eden: 199552K(199552K)->0K(199552K) From: 0K(24896K)->24895K(24896K)
[2.162s][info][gc,heap        ] GC(30) Tenured: 299179K(498636K)->473810K(498636K)
[2.162s][info][gc,metaspace   ] GC(30) Metaspace: 6301K(6464K)->6301K(6464K) NonClass: 5768K(5824K)->5768K(5824K) Class: 533K(640K)->533K(640K)
[2.162s][info][gc             ] GC(30) Pause Young (Allocation Failure) 487M->487M(706M) 346.891ms
[2.162s][info][gc,cpu         ] GC(30) User=0.27s Sys=0.03s Real=0.35s
[2.349s][info][gc,start       ] GC(31) Pause Young (Allocation Failure)
[2.745s][info][gc             ] GC(31) Pause Young (Allocation Failure) 681M->681M(876M) 396.608ms
[2.745s][info][gc,cpu         ] GC(31) User=0.28s Sys=0.06s Real=0.40s
[2.745s][info][gc,start       ] GC(32) Pause Full (Allocation Failure)
[2.745s][info][gc,phases,start] GC(32) Phase 1: Mark live objects
[3.056s][info][gc,phases      ] GC(32) Phase 1: Mark live objects 311.060ms
[3.057s][info][gc,phases,start] GC(32) Phase 2: Compute new object addresses
[3.163s][info][gc,phases      ] GC(32) Phase 2: Compute new object addresses 106.641ms
[3.163s][info][gc,phases,start] GC(32) Phase 3: Adjust pointers
[3.279s][info][gc,phases      ] GC(32) Phase 3: Adjust pointers 115.479ms
[3.279s][info][gc,phases,start] GC(32) Phase 4: Move objects
[3.284s][info][gc,phases      ] GC(32) Phase 4: Move objects 4.986ms
[3.286s][info][gc,heap        ] GC(32) DefNew: 224447K(224448K)->24804K(505152K) Eden: 199552K(199552K)->24804K(449088K) From: 24895K(24896K)->0K(56064K)
[3.286s][info][gc,heap        ] GC(32) Tenured: 473810K(498636K)->673423K(1122376K)
[3.286s][info][gc,metaspace   ] GC(32) Metaspace: 6301K(6464K)->6301K(6464K) NonClass: 5768K(5824K)->5768K(5824K) Class: 533K(640K)->533K(640K)
[3.286s][info][gc             ] GC(32) Pause Full (Allocation Failure) 681M->681M(1589M) 540.545ms
[3.286s][info][gc,cpu         ] GC(32) User=0.55s Sys=0.00s Real=0.54s
[3.752s][info][gc,start       ] GC(33) Pause Young (Allocation Failure)
[4.524s][info][gc,heap        ] GC(33) DefNew: 449088K(505152K)->56064K(505152K) Eden: 449088K(449088K)->0K(449088K) From: 0K(56064K)->56064K(56064K)
[4.524s][info][gc,heap        ] GC(33) Tenured: 673423K(1122376K)->1066421K(1122376K)
[4.524s][info][gc,metaspace   ] GC(33) Metaspace: 6301K(6464K)->6301K(6464K) NonClass: 5768K(5824K)->5768K(5824K) Class: 533K(640K)->533K(640K)
[4.525s][info][gc             ] GC(33) Pause Young (Allocation Failure) 1096M->1096M(1589M) 772.852ms
[4.525s][info][gc,cpu         ] GC(33) User=0.72s Sys=0.06s Real=0.77s
[4.992s][info][gc,start       ] GC(34) Pause Young (Allocation Failure)
[5.718s][info][gc             ] GC(34) Pause Young (Allocation Failure) 1534M->1484M(1923M) 726.270ms
[5.718s][info][gc,cpu         ] GC(34) User=0.59s Sys=0.11s Real=0.73s
[5.718s][info][gc,start       ] GC(35) Pause Full (Allocation Failure)
[5.718s][info][gc,phases,start] GC(35) Phase 1: Mark live objects
[6.369s][info][gc,phases      ] GC(35) Phase 1: Mark live objects 650.800ms
[6.369s][info][gc,phases,start] GC(35) Phase 2: Compute new object addresses
[6.589s][info][gc,phases      ] GC(35) Phase 2: Compute new object addresses 219.614ms
[6.589s][info][gc,phases,start] GC(35) Phase 3: Adjust pointers
[6.846s][info][gc,phases      ] GC(35) Phase 3: Adjust pointers 257.218ms
[6.846s][info][gc,phases,start] GC(35) Phase 4: Move objects
[6.857s][info][gc,phases      ] GC(35) Phase 4: Move objects 10.932ms
[6.861s][info][gc,heap        ] GC(35) DefNew: 505152K(505152K)->55886K(1098496K) Eden: 449088K(449088K)->55886K(976448K) From: 56064K(56064K)->0K(122048K)
[6.861s][info][gc,heap        ] GC(35) Tenured: 1066421K(1122376K)->1464587K(2440980K)
[6.861s][info][gc,metaspace   ] GC(35) Metaspace: 6301K(6464K)->6301K(6464K) NonClass: 5768K(5824K)->5768K(5824K) Class: 533K(640K)->533K(640K)
[6.861s][info][gc             ] GC(35) Pause Full (Allocation Failure) 1484M->1484M(3456M) 1142.958ms
[6.861s][info][gc,cpu         ] GC(35) User=1.14s Sys=0.02s Real=1.14s
[7.827s][info][gc,start       ] GC(36) Pause Young (Allocation Failure)
[9.578s][info][gc,heap        ] GC(36) DefNew: 976448K(1098496K)->122048K(1098496K) Eden: 976448K(976448K)->0K(976448K) From: 0K(122048K)->122048K(122048K)
[9.578s][info][gc,heap        ] GC(36) Tenured: 1464587K(2440980K)->2318959K(2440980K)
[9.578s][info][gc,metaspace   ] GC(36) Metaspace: 6301K(6464K)->6301K(6464K) NonClass: 5768K(5824K)->5768K(5824K) Class: 533K(640K)->533K(640K)
[9.578s][info][gc             ] GC(36) Pause Young (Allocation Failure) 2383M->2383M(3456M) 1750.495ms
[9.578s][info][gc,cpu         ] GC(36) User=1.45s Sys=0.28s Real=1.75s
[10.550s][info][gc,start       ] GC(37) Pause Young (Allocation Failure)
[12.256s][info][gc             ] GC(37) Pause Young (Allocation Failure) 3337M->3337M(4291M) 1705.266ms
[12.256s][info][gc,cpu         ] GC(37) User=1.47s Sys=0.23s Real=1.71s
[12.256s][info][gc,start       ] GC(38) Pause Full (Allocation Failure)
[12.256s][info][gc,phases,start] GC(38) Phase 1: Mark live objects
[13.785s][info][gc,phases      ] GC(38) Phase 1: Mark live objects 1528.923ms
[13.785s][info][gc,phases,start] GC(38) Phase 2: Compute new object addresses
[14.284s][info][gc,phases      ] GC(38) Phase 2: Compute new object addresses 499.116ms
[14.284s][info][gc,phases,start] GC(38) Phase 3: Adjust pointers
[14.971s][info][gc,phases      ] GC(38) Phase 3: Adjust pointers 687.229ms
[14.971s][info][gc,phases,start] GC(38) Phase 4: Move objects
[15.598s][info][gc,phases      ] GC(38) Phase 4: Move objects 626.921ms
[15.608s][info][gc,heap        ] GC(38) DefNew: 1098496K(1098496K)->27707K(2471680K) Eden: 976448K(976448K)->27707K(2197056K) From: 122048K(122048K)->0K(274624K)
[15.608s][info][gc,heap        ] GC(38) Tenured: 2318959K(2440980K)->3295511K(5492520K)
[15.608s][info][gc,metaspace   ] GC(38) Metaspace: 6301K(6464K)->6301K(6464K) NonClass: 5768K(5824K)->5768K(5824K) Class: 533K(640K)->533K(640K)
[15.608s][info][gc             ] GC(38) Pause Full (Allocation Failure) 3337M->3245M(7777M) 3352.367ms
[15.608s][info][gc,cpu         ] GC(38) User=3.28s Sys=0.00s Real=3.35s
[17.843s][info][gc,start       ] GC(39) Pause Young (Allocation Failure)
[21.747s][info][gc,heap        ] GC(39) DefNew: 2197056K(2471680K)->274623K(2471680K) Eden: 2197056K(2197056K)->0K(2197056K) From: 0K(274624K)->274623K(274624K)
[21.747s][info][gc,heap        ] GC(39) Tenured: 3295511K(5492520K)->5217915K(5492520K)
[21.747s][info][gc,metaspace   ] GC(39) Metaspace: 6301K(6464K)->6301K(6464K) NonClass: 5768K(5824K)->5768K(5824K) Class: 533K(640K)->533K(640K)
[21.747s][info][gc             ] GC(39) Pause Young (Allocation Failure) 5363M->5363M(7777M) 3903.506ms
[21.747s][info][gc,cpu         ] GC(39) User=3.17s Sys=0.69s Real=3.90s
[23.817s][info][gc,start       ] GC(40) Pause Young (Allocation Failure)
[27.612s][info][gc             ] GC(40) Pause Young (Allocation Failure) 7509M->7509M(9655M) 3794.897ms
[27.612s][info][gc,cpu         ] GC(40) User=3.28s Sys=0.48s Real=3.80s
[27.612s][info][gc,start       ] GC(41) Pause Full (Allocation Failure)
[27.612s][info][gc,phases,start] GC(41) Phase 1: Mark live objects
[31.162s][info][gc,phases      ] GC(41) Phase 1: Mark live objects 3549.428ms
[31.162s][info][gc,phases,start] GC(41) Phase 2: Compute new object addresses
[32.364s][info][gc,phases      ] GC(41) Phase 2: Compute new object addresses 1201.580ms
[32.364s][info][gc,phases,start] GC(41) Phase 3: Adjust pointers
[33.647s][info][gc,phases      ] GC(41) Phase 3: Adjust pointers 1283.526ms
[33.647s][info][gc,phases,start] GC(41) Phase 4: Move objects
[33.705s][info][gc,phases      ] GC(41) Phase 4: Move objects 57.631ms
[33.709s][info][gc,heap        ] GC(41) DefNew: 2471679K(2471680K)->274485K(3532800K) Eden: 2197056K(2197056K)->274485K(3140288K) From: 274623K(274624K)->0K(392512K)
[33.709s][info][gc,heap        ] GC(41) Tenured: 5217915K(5492520K)->7415083K(7850688K)
[33.709s][info][gc,metaspace   ] GC(41) Metaspace: 6301K(6464K)->6301K(6464K) NonClass: 5768K(5824K)->5768K(5824K) Class: 533K(640K)->533K(640K)
[33.709s][info][gc             ] GC(41) Pause Full (Allocation Failure) 7509M->7509M(11116M) 6096.782ms
[33.709s][info][gc,cpu         ] GC(41) User=6.03s Sys=0.00s Real=6.10s
[36.335s][info][gc,start       ] GC(42) Pause Young (Allocation Failure)
[36.335s][info][gc             ] GC(42) Pause Young (Allocation Failure) 10307M->10307M(11116M) 0.116ms
[36.335s][info][gc,cpu         ] GC(42) User=0.00s Sys=0.00s Real=0.00s
[36.335s][info][gc,start       ] GC(43) Pause Full (Allocation Failure)
[36.335s][info][gc,phases,start] GC(43) Phase 1: Mark live objects
[41.066s][info][gc,phases      ] GC(43) Phase 1: Mark live objects 4730.465ms
[41.066s][info][gc,phases,start] GC(43) Phase 2: Compute new object addresses
[42.538s][info][gc,phases      ] GC(43) Phase 2: Compute new object addresses 1472.014ms
[42.538s][info][gc,phases,start] GC(43) Phase 3: Adjust pointers
[44.647s][info][gc,phases      ] GC(43) Phase 3: Adjust pointers 2108.875ms
[44.647s][info][gc,phases,start] GC(43) Phase 4: Move objects
[45.325s][info][gc,phases      ] GC(43) Phase 4: Move objects 677.852ms
[45.326s][info][gc,heap        ] GC(43) DefNew: 3140288K(3532800K)->2704654K(3532800K) Eden: 3140288K(3140288K)->2704654K(3140288K) From: 0K(392512K)->0K(392512K)
[45.326s][info][gc,heap        ] GC(43) Tenured: 7415083K(7850688K)->7850687K(7850688K)
[45.326s][info][gc,metaspace   ] GC(43) Metaspace: 6301K(6464K)->6301K(6464K) NonClass: 5768K(5824K)->5768K(5824K) Class: 533K(640K)->533K(640K)
[45.326s][info][gc             ] GC(43) Pause Full (Allocation Failure) 10307M->10307M(11116M) 8990.227ms
[45.326s][info][gc,cpu         ] GC(43) User=8.77s Sys=0.08s Real=8.99s
[46.942s][info][gc,start       ] GC(44) Pause Full (Allocation Failure)
[46.943s][info][gc,phases,start] GC(44) Phase 1: Mark live objects
[52.146s][info][gc,phases      ] GC(44) Phase 1: Mark live objects 5203.498ms
[52.146s][info][gc,phases,start] GC(44) Phase 2: Compute new object addresses
[53.858s][info][gc,phases      ] GC(44) Phase 2: Compute new object addresses 1711.724ms
[53.858s][info][gc,phases,start] GC(44) Phase 3: Adjust pointers
[56.063s][info][gc,phases      ] GC(44) Phase 3: Adjust pointers 2205.152ms
[56.063s][info][gc,phases,start] GC(44) Phase 4: Move objects
[56.183s][info][gc,phases      ] GC(44) Phase 4: Move objects 120.115ms
[56.184s][info][gc,heap        ] GC(44) DefNew: 3532800K(3532800K)->3532795K(3532800K) Eden: 3140288K(3140288K)->3140287K(3140288K) From: 392512K(392512K)->392507K(392512K)
[56.184s][info][gc,heap        ] GC(44) Tenured: 7850687K(7850688K)->7850687K(7850688K)
[56.184s][info][gc,metaspace   ] GC(44) Metaspace: 6301K(6464K)->6301K(6464K) NonClass: 5768K(5824K)->5768K(5824K) Class: 533K(640K)->533K(640K)
[56.184s][info][gc             ] GC(44) Pause Full (Allocation Failure) 11116M->11116M(11116M) 9241.784ms
[56.184s][info][gc,cpu         ] GC(44) User=9.20s Sys=0.00s Real=9.24s
[56.184s][info][gc,start       ] GC(45) Pause Full (Allocation Failure)
[56.185s][info][gc,phases,start] GC(45) Phase 1: Mark live objects
[61.198s][info][gc,phases      ] GC(45) Phase 1: Mark live objects 5013.745ms
[61.198s][info][gc,phases,start] GC(45) Phase 2: Compute new object addresses
[62.743s][info][gc,phases      ] GC(45) Phase 2: Compute new object addresses 1544.542ms
[62.743s][info][gc,phases,start] GC(45) Phase 3: Adjust pointers
[65.236s][info][gc,phases      ] GC(45) Phase 3: Adjust pointers 2492.863ms
[65.236s][info][gc,phases,start] GC(45) Phase 4: Move objects
[66.811s][info][gc,phases      ] GC(45) Phase 4: Move objects 1575.393ms
[66.812s][info][gc,heap        ] GC(45) DefNew: 3532799K(3532800K)->3401727K(3532800K) Eden: 3140287K(3140288K)->3140287K(3140288K) From: 392511K(392512K)->261439K(392512K)
[66.812s][info][gc,heap        ] GC(45) Tenured: 7850687K(7850688K)->7850688K(7850688K)
[66.812s][info][gc,metaspace   ] GC(45) Metaspace: 6301K(6464K)->6301K(6464K) NonClass: 5768K(5824K)->5768K(5824K) Class: 533K(640K)->533K(640K)
[66.812s][info][gc             ] GC(45) Pause Full (Allocation Failure) 11116M->10988M(11116M) 10627.526ms
[66.812s][info][gc,cpu         ] GC(45) User=10.56s Sys=0.00s Real=10.63s
[67.183s][info][gc,start       ] GC(46) Pause Full (Allocation Failure)
[67.183s][info][gc,phases,start] GC(46) Phase 1: Mark live objects
[72.269s][info][gc,phases      ] GC(46) Phase 1: Mark live objects 5086.347ms
[72.270s][info][gc,phases,start] GC(46) Phase 2: Compute new object addresses
[73.826s][info][gc,phases      ] GC(46) Phase 2: Compute new object addresses 1556.207ms
[73.826s][info][gc,phases,start] GC(46) Phase 3: Adjust pointers
[75.941s][info][gc,phases      ] GC(46) Phase 3: Adjust pointers 2115.432ms
[75.941s][info][gc,phases,start] GC(46) Phase 4: Move objects
[75.941s][info][gc,phases      ] GC(46) Phase 4: Move objects 0.017ms
[75.942s][info][gc,heap        ] GC(46) DefNew: 3532799K(3532800K)->3532799K(3532800K) Eden: 3140287K(3140288K)->3140287K(3140288K) From: 392511K(392512K)->392511K(392512K)
[75.942s][info][gc,heap        ] GC(46) Tenured: 7850688K(7850688K)->7850688K(7850688K)
[75.942s][info][gc,metaspace   ] GC(46) Metaspace: 6301K(6464K)->6301K(6464K) NonClass: 5768K(5824K)->5768K(5824K) Class: 533K(640K)->533K(640K)
[75.942s][info][gc             ] GC(46) Pause Full (Allocation Failure) 11116M->11116M(11116M) 8758.952ms
[75.942s][info][gc,cpu         ] GC(46) User=8.70s Sys=0.00s Real=8.76s
[75.942s][info][gc,start       ] GC(47) Pause Full (Allocation Failure)
[75.942s][info][gc,phases,start] GC(47) Phase 1: Mark live objects
[81.014s][info][gc,phases      ] GC(47) Phase 1: Mark live objects 5072.246ms
[81.014s][info][gc,phases,start] GC(47) Phase 2: Compute new object addresses
[82.573s][info][gc,phases      ] GC(47) Phase 2: Compute new object addresses 1558.385ms
[82.573s][info][gc,phases,start] GC(47) Phase 3: Adjust pointers
[85.146s][info][gc,phases      ] GC(47) Phase 3: Adjust pointers 2573.002ms
[85.146s][info][gc,phases,start] GC(47) Phase 4: Move objects
[87.030s][info][gc,phases      ] GC(47) Phase 4: Move objects 1884.089ms
[87.031s][info][gc,heap        ] GC(47) DefNew: 3532799K(3532800K)->3532795K(3532800K) Eden: 3140287K(3140288K)->3140287K(3140288K) From: 392511K(392512K)->392507K(392512K)
[87.031s][info][gc,heap        ] GC(47) Tenured: 7850688K(7850688K)->7850687K(7850688K)
[87.031s][info][gc,metaspace   ] GC(47) Metaspace: 6301K(6464K)->6299K(6464K) NonClass: 5768K(5824K)->5767K(5824K) Class: 533K(640K)->532K(640K)
[87.031s][info][gc             ] GC(47) Pause Full (Allocation Failure) 11116M->11116M(11116M) 11088.715ms
[87.031s][info][gc,cpu         ] GC(47) User=11.03s Sys=0.02s Real=11.09s
[87.031s][info][gc,start       ] GC(48) Pause Full (Allocation Failure)
[87.031s][info][gc,phases,start] GC(48) Phase 1: Mark live objects
[92.126s][info][gc,phases      ] GC(48) Phase 1: Mark live objects 5094.975ms
[92.126s][info][gc,phases,start] GC(48) Phase 2: Compute new object addresses
[93.721s][info][gc,phases      ] GC(48) Phase 2: Compute new object addresses 1594.788ms
[93.721s][info][gc,phases,start] GC(48) Phase 3: Adjust pointers
[95.976s][info][gc,phases      ] GC(48) Phase 3: Adjust pointers 2254.397ms
[95.976s][info][gc,phases,start] GC(48) Phase 4: Move objects
[95.976s][info][gc,phases      ] GC(48) Phase 4: Move objects 0.018ms
[95.976s][info][gc,heap        ] GC(48) DefNew: 3532799K(3532800K)->3532799K(3532800K) Eden: 3140287K(3140288K)->3140287K(3140288K) From: 392511K(392512K)->392511K(392512K)
[95.976s][info][gc,heap        ] GC(48) Tenured: 7850687K(7850688K)->7850687K(7850688K)
[95.977s][info][gc,metaspace   ] GC(48) Metaspace: 6299K(6464K)->6299K(6464K) NonClass: 5767K(5824K)->5767K(5824K) Class: 532K(640K)->532K(640K)
[95.977s][info][gc             ] GC(48) Pause Full (Allocation Failure) 11116M->11116M(11116M) 8945.172ms
[95.977s][info][gc,cpu         ] GC(48) User=8.86s Sys=0.00s Real=8.94s
[95.977s][info][gc,start       ] GC(49) Pause Full (Allocation Failure)
[95.977s][info][gc,phases,start] GC(49) Phase 1: Mark live objects
[101.125s][info][gc,phases      ] GC(49) Phase 1: Mark live objects 5148.856ms
[101.126s][info][gc,phases,start] GC(49) Phase 2: Compute new object addresses
[102.689s][info][gc,phases      ] GC(49) Phase 2: Compute new object addresses 1563.665ms
[102.689s][info][gc,phases,start] GC(49) Phase 3: Adjust pointers
[104.838s][info][gc,phases      ] GC(49) Phase 3: Adjust pointers 2148.473ms
[104.838s][info][gc,phases,start] GC(49) Phase 4: Move objects
[104.838s][info][gc,phases      ] GC(49) Phase 4: Move objects 0.017ms
[104.838s][info][gc,heap        ] GC(49) DefNew: 3532799K(3532800K)->3532799K(3532800K) Eden: 3140287K(3140288K)->3140287K(3140288K) From: 392511K(392512K)->392511K(392512K)
[104.838s][info][gc,heap        ] GC(49) Tenured: 7850687K(7850688K)->7850687K(7850688K)
[104.838s][info][gc,metaspace   ] GC(49) Metaspace: 6299K(6464K)->6299K(6464K) NonClass: 5767K(5824K)->5767K(5824K) Class: 532K(640K)->532K(640K)
[104.838s][info][gc             ] GC(49) Pause Full (Allocation Failure) 11116M->11116M(11116M) 8861.889ms
[104.838s][info][gc,cpu         ] GC(49) User=8.78s Sys=0.00s Real=8.86s
[104.839s][info][gc,start       ] GC(50) Pause Full (Allocation Failure)
[104.839s][info][gc,phases,start] GC(50) Phase 1: Mark live objects
[109.883s][info][gc,phases      ] GC(50) Phase 1: Mark live objects 5043.605ms
[109.883s][info][gc,phases,start] GC(50) Phase 2: Compute new object addresses
[111.443s][info][gc,phases      ] GC(50) Phase 2: Compute new object addresses 1560.366ms
[111.443s][info][gc,phases,start] GC(50) Phase 3: Adjust pointers
[113.586s][info][gc,phases      ] GC(50) Phase 3: Adjust pointers 2142.555ms
[113.586s][info][gc,phases,start] GC(50) Phase 4: Move objects
[113.586s][info][gc,phases      ] GC(50) Phase 4: Move objects 0.016ms
[113.586s][info][gc,heap        ] GC(50) DefNew: 3532799K(3532800K)->3532799K(3532800K) Eden: 3140287K(3140288K)->3140287K(3140288K) From: 392511K(392512K)->392511K(392512K)
[113.586s][info][gc,heap        ] GC(50) Tenured: 7850688K(7850688K)->7850688K(7850688K)
[113.587s][info][gc,metaspace   ] GC(50) Metaspace: 6299K(6464K)->6299K(6464K) NonClass: 5767K(5824K)->5767K(5824K) Class: 532K(640K)->532K(640K)
[113.587s][info][gc             ] GC(50) Pause Full (Allocation Failure) 11116M->11116M(11116M) 8747.401ms
[113.587s][info][gc,cpu         ] GC(50) User=8.70s Sys=0.00s Real=8.75s
[113.587s][info][gc,start       ] GC(51) Pause Full (Allocation Failure)
[113.587s][info][gc,phases,start] GC(51) Phase 1: Mark live objects
[118.637s][info][gc,phases      ] GC(51) Phase 1: Mark live objects 5050.885ms
[118.638s][info][gc,phases,start] GC(51) Phase 2: Compute new object addresses
[120.191s][info][gc,phases      ] GC(51) Phase 2: Compute new object addresses 1552.979ms
[120.191s][info][gc,phases,start] GC(51) Phase 3: Adjust pointers
[122.911s][info][gc,phases      ] GC(51) Phase 3: Adjust pointers 2720.032ms
[122.911s][info][gc,phases,start] GC(51) Phase 4: Move objects
[124.785s][info][gc,phases      ] GC(51) Phase 4: Move objects 1873.780ms
[124.785s][info][gc,heap        ] GC(51) DefNew: 3532799K(3532800K)->3532798K(3532800K) Eden: 3140287K(3140288K)->3140287K(3140288K) From: 392511K(392512K)->392510K(392512K)
[124.785s][info][gc,heap        ] GC(51) Tenured: 7850688K(7850688K)->7850687K(7850688K)
[124.785s][info][gc,metaspace   ] GC(51) Metaspace: 6299K(6464K)->6299K(6464K) NonClass: 5767K(5824K)->5767K(5824K) Class: 532K(640K)->532K(640K)
[124.785s][info][gc             ] GC(51) Pause Full (Allocation Failure) 11116M->11116M(11116M) 11198.642ms
[124.785s][info][gc,cpu         ] GC(51) User=11.09s Sys=0.02s Real=11.20s
[124.786s][info][gc,start       ] GC(52) Pause Full (Allocation Failure)
[124.786s][info][gc,phases,start] GC(52) Phase 1: Mark live objects
[129.955s][info][gc,phases      ] GC(52) Phase 1: Mark live objects 5168.279ms
[129.955s][info][gc,phases,start] GC(52) Phase 2: Compute new object addresses
[131.643s][info][gc,phases      ] GC(52) Phase 2: Compute new object addresses 1688.166ms
[131.643s][info][gc,phases,start] GC(52) Phase 3: Adjust pointers
[133.811s][info][gc,phases      ] GC(52) Phase 3: Adjust pointers 2167.835ms
[133.811s][info][gc,phases,start] GC(52) Phase 4: Move objects
[133.811s][info][gc,phases      ] GC(52) Phase 4: Move objects 0.017ms
[133.812s][info][gc,heap        ] GC(52) DefNew: 3532799K(3532800K)->3532798K(3532800K) Eden: 3140287K(3140288K)->3140287K(3140288K) From: 392511K(392512K)->392510K(392512K)
[133.812s][info][gc,heap        ] GC(52) Tenured: 7850687K(7850688K)->7850687K(7850688K)
[133.812s][info][gc,metaspace   ] GC(52) Metaspace: 6301K(6464K)->6301K(6464K) NonClass: 5767K(5824K)->5767K(5824K) Class: 533K(640K)->533K(640K)
[133.812s][info][gc             ] GC(52) Pause Full (Allocation Failure) 11116M->11116M(11116M) 9025.214ms
[133.812s][info][gc,cpu         ] GC(52) User=8.67s Sys=0.00s Real=9.02s
[133.812s][info][gc,heap,exit   ] Heap
[133.812s][info][gc,heap,exit   ]  def new generation   total 3532800K, used 3532799K [0x0000000531400000, 0x0000000620d50000, 0x0000000620d50000)
[133.812s][info][gc,heap,exit   ]   eden space 3140288K,  99% used [0x0000000531400000, 0x00000005f0eafff8, 0x00000005f0eb0000)
[133.812s][info][gc,heap,exit   ]   from space 392512K,  99% used [0x00000005f0eb0000, 0x0000000608dfff68, 0x0000000608e00000)
[133.812s][info][gc,heap,exit   ]   to   space 392512K,   0% used [0x0000000608e00000, 0x0000000608e00000, 0x0000000620d50000)
[133.812s][info][gc,heap,exit   ]  tenured generation   total 7850688K, used 7850687K [0x0000000620d50000, 0x0000000800000000, 0x0000000800000000)
[133.812s][info][gc,heap,exit   ]    the space 7850688K,  99% used [0x0000000620d50000, 0x00000007fffffff0, 0x0000000800000000, 0x0000000800000000)
[133.812s][info][gc,heap,exit   ]  Metaspace       used 6304K, committed 6528K, reserved 1114112K
[133.812s][info][gc,heap,exit   ]   class space    used 534K, committed 640K, reserved 1048576K
