[0.021s][info][gc,init] CardTable entry size: 512
[0.021s][info][gc     ] Using Serial
[0.021s][info][gc,init] Version: 18.0.1+10 (release)
[0.021s][info][gc,init] CPUs: 8 total, 8 available
[0.021s][info][gc,init] Memory: 16063M
[0.021s][info][gc,init] Large Page Support: Disabled
[0.021s][info][gc,init] NUMA Support: Disabled
[0.022s][info][gc,init] Compressed Oops: Enabled (Zero based)
[0.022s][info][gc,init] Heap Min Capacity: 2M
[0.022s][info][gc,init] Heap Initial Capacity: 2M
[0.022s][info][gc,init] Heap Max Capacity: 15000M
[0.022s][info][gc,init] Pre-touch: Disabled
[0.022s][info][gc,metaspace] CDS archive(s) not mapped
[0.022s][info][gc,metaspace] Compressed class space mapped at: 0x0000000800000000-0x0000000840000000, reserved size: 1073741824
[0.022s][info][gc,metaspace] Narrow klass base: 0x0000000800000000, Narrow klass shift: 0, Narrow klass range: 0x40000000
[0.184s][info][gc,start    ] GC(0) Pause Young (Allocation Failure)
[0.186s][info][gc,heap     ] GC(0) DefNew: 1023K(1152K)->127K(1152K) Eden: 1023K(1024K)->0K(1024K) From: 0K(128K)->127K(128K)
[0.187s][info][gc,heap     ] GC(0) Tenured: 0K(768K)->439K(768K)
[0.187s][info][gc,metaspace] GC(0) Metaspace: 5899K(6016K)->5899K(6016K) NonClass: 5399K(5504K)->5399K(5504K) Class: 499K(512K)->499K(512K)
[0.187s][info][gc          ] GC(0) Pause Young (Allocation Failure) 0M->0M(1M) 2.336ms
[0.187s][info][gc,cpu      ] GC(0) User=0.00s Sys=0.00s Real=0.00s
[0.208s][info][gc,start    ] GC(1) Pause Young (Allocation Failure)
[0.210s][info][gc          ] GC(1) Pause Young (Allocation Failure) 1M->0M(2M) 1.349ms
[0.210s][info][gc,cpu      ] GC(1) User=0.00s Sys=0.00s Real=0.00s
[0.210s][info][gc,start    ] GC(2) Pause Full (Allocation Failure)
[0.210s][info][gc,phases,start] GC(2) Phase 1: Mark live objects
[0.211s][info][gc,phases      ] GC(2) Phase 1: Mark live objects 1.161ms
[0.211s][info][gc,phases,start] GC(2) Phase 2: Compute new object addresses
[0.211s][info][gc,phases      ] GC(2) Phase 2: Compute new object addresses 0.250ms
[0.211s][info][gc,phases,start] GC(2) Phase 3: Adjust pointers
[0.212s][info][gc,phases      ] GC(2) Phase 3: Adjust pointers 0.531ms
[0.212s][info][gc,phases,start] GC(2) Phase 4: Move objects
[0.212s][info][gc,phases      ] GC(2) Phase 4: Move objects 0.067ms
[0.212s][info][gc,heap        ] GC(2) DefNew: 1151K(1152K)->41K(1152K) Eden: 1024K(1024K)->41K(1024K) From: 127K(128K)->0K(128K)
[0.212s][info][gc,heap        ] GC(2) Tenured: 439K(768K)->959K(1600K)
[0.212s][info][gc,metaspace   ] GC(2) Metaspace: 6296K(6464K)->6296K(6464K) NonClass: 5762K(5824K)->5762K(5824K) Class: 533K(640K)->533K(640K)
[0.212s][info][gc             ] GC(2) Pause Full (Allocation Failure) 0M->0M(2M) 2.354ms
[0.212s][info][gc,cpu         ] GC(2) User=0.00s Sys=0.00s Real=0.00s
[0.214s][info][gc,start       ] GC(3) Pause Young (Allocation Failure)
[0.216s][info][gc,heap        ] GC(3) DefNew: 1024K(1152K)->127K(1152K) Eden: 1024K(1024K)->0K(1024K) From: 0K(128K)->127K(128K)
[0.216s][info][gc,heap        ] GC(3) Tenured: 959K(1600K)->1375K(1600K)
[0.216s][info][gc,metaspace   ] GC(3) Metaspace: 6296K(6464K)->6296K(6464K) NonClass: 5762K(5824K)->5762K(5824K) Class: 533K(640K)->533K(640K)
[0.216s][info][gc             ] GC(3) Pause Young (Allocation Failure) 1M->1M(2M) 1.657ms
[0.216s][info][gc,cpu         ] GC(3) User=0.00s Sys=0.00s Real=0.00s
[0.217s][info][gc,start       ] GC(4) Pause Young (Allocation Failure)
[0.219s][info][gc             ] GC(4) Pause Young (Allocation Failure) 2M->1M(3M) 1.339ms
[0.219s][info][gc,cpu         ] GC(4) User=0.00s Sys=0.00s Real=0.00s
[0.219s][info][gc,start       ] GC(5) Pause Full (Allocation Failure)
[0.219s][info][gc,phases,start] GC(5) Phase 1: Mark live objects
[0.220s][info][gc,phases      ] GC(5) Phase 1: Mark live objects 1.599ms
[0.221s][info][gc,phases,start] GC(5) Phase 2: Compute new object addresses
[0.221s][info][gc,phases      ] GC(5) Phase 2: Compute new object addresses 0.400ms
[0.221s][info][gc,phases,start] GC(5) Phase 3: Adjust pointers
[0.222s][info][gc,phases      ] GC(5) Phase 3: Adjust pointers 0.744ms
[0.222s][info][gc,phases,start] GC(5) Phase 4: Move objects
[0.222s][info][gc,phases      ] GC(5) Phase 4: Move objects 0.070ms
[0.222s][info][gc,heap        ] GC(5) DefNew: 1151K(1152K)->35K(1536K) Eden: 1024K(1024K)->35K(1408K) From: 127K(128K)->0K(128K)
[0.222s][info][gc,heap        ] GC(5) Tenured: 1375K(1600K)->1983K(3308K)
[0.222s][info][gc,metaspace   ] GC(5) Metaspace: 6296K(6464K)->6296K(6464K) NonClass: 5762K(5824K)->5762K(5824K) Class: 533K(640K)->533K(640K)
[0.222s][info][gc             ] GC(5) Pause Full (Allocation Failure) 1M->1M(4M) 3.143ms
[0.222s][info][gc,cpu         ] GC(5) User=0.00s Sys=0.00s Real=0.00s
[0.224s][info][gc,start       ] GC(6) Pause Young (Allocation Failure)
[0.225s][info][gc,heap        ] GC(6) DefNew: 1408K(1536K)->128K(1536K) Eden: 1408K(1408K)->0K(1408K) From: 0K(128K)->128K(128K)
[0.225s][info][gc,heap        ] GC(6) Tenured: 1983K(3308K)->2617K(3308K)
[0.225s][info][gc,metaspace   ] GC(6) Metaspace: 6296K(6464K)->6296K(6464K) NonClass: 5762K(5824K)->5762K(5824K) Class: 533K(640K)->533K(640K)
[0.225s][info][gc             ] GC(6) Pause Young (Allocation Failure) 3M->2M(4M) 1.774ms
[0.225s][info][gc,cpu         ] GC(6) User=0.00s Sys=0.00s Real=0.00s
[0.227s][info][gc,start       ] GC(7) Pause Young (Allocation Failure)
[0.229s][info][gc             ] GC(7) Pause Young (Allocation Failure) 4M->3M(4M) 1.755ms
[0.229s][info][gc,cpu         ] GC(7) User=0.00s Sys=0.00s Real=0.00s
[0.229s][info][gc,start       ] GC(8) Pause Full (Allocation Failure)
[0.229s][info][gc,phases,start] GC(8) Phase 1: Mark live objects
[0.231s][info][gc,phases      ] GC(8) Phase 1: Mark live objects 2.198ms
[0.231s][info][gc,phases,start] GC(8) Phase 2: Compute new object addresses
[0.232s][info][gc,phases      ] GC(8) Phase 2: Compute new object addresses 0.690ms
[0.232s][info][gc,phases,start] GC(8) Phase 3: Adjust pointers
[0.233s][info][gc,phases      ] GC(8) Phase 3: Adjust pointers 1.025ms
[0.233s][info][gc,phases,start] GC(8) Phase 4: Move objects
[0.233s][info][gc,phases      ] GC(8) Phase 4: Move objects 0.080ms
[0.233s][info][gc,heap        ] GC(8) DefNew: 1536K(1536K)->0K(2688K) Eden: 1408K(1408K)->0K(2432K) From: 128K(128K)->0K(256K)
[0.233s][info][gc,heap        ] GC(8) Tenured: 2617K(3308K)->3460K(5768K)
[0.233s][info][gc,metaspace   ] GC(8) Metaspace: 6296K(6464K)->6296K(6464K) NonClass: 5762K(5824K)->5762K(5824K) Class: 533K(640K)->533K(640K)
[0.233s][info][gc             ] GC(8) Pause Full (Allocation Failure) 3M->3M(8M) 4.335ms
[0.233s][info][gc,cpu         ] GC(8) User=0.00s Sys=0.00s Real=0.01s
[0.238s][info][gc,start       ] GC(9) Pause Young (Allocation Failure)
[0.241s][info][gc,heap        ] GC(9) DefNew: 2431K(2688K)->255K(2688K) Eden: 2431K(2432K)->0K(2432K) From: 0K(256K)->255K(256K)
[0.241s][info][gc,heap        ] GC(9) Tenured: 3460K(5768K)->4513K(5768K)
[0.241s][info][gc,metaspace   ] GC(9) Metaspace: 6296K(6464K)->6296K(6464K) NonClass: 5762K(5824K)->5762K(5824K) Class: 533K(640K)->533K(640K)
[0.241s][info][gc             ] GC(9) Pause Young (Allocation Failure) 5M->4M(8M) 3.399ms
[0.241s][info][gc,cpu         ] GC(9) User=0.00s Sys=0.00s Real=0.00s
[0.244s][info][gc,start       ] GC(10) Pause Young (Allocation Failure)
[0.248s][info][gc,heap        ] GC(10) DefNew: 2687K(2688K)->255K(2688K) Eden: 2432K(2432K)->0K(2432K) From: 255K(256K)->255K(256K)
[0.249s][info][gc,heap        ] GC(10) Tenured: 4513K(5768K)->5755K(5768K)
[0.249s][info][gc,metaspace   ] GC(10) Metaspace: 6296K(6464K)->6296K(6464K) NonClass: 5762K(5824K)->5762K(5824K) Class: 533K(640K)->533K(640K)
[0.249s][info][gc             ] GC(10) Pause Young (Allocation Failure) 7M->5M(8M) 4.737ms
[0.249s][info][gc,cpu         ] GC(10) User=0.00s Sys=0.00s Real=0.00s
[0.253s][info][gc,start       ] GC(11) Pause Young (Allocation Failure)
[0.256s][info][gc             ] GC(11) Pause Young (Allocation Failure) 8M->7M(9M) 3.703ms
[0.256s][info][gc,cpu         ] GC(11) User=0.00s Sys=0.00s Real=0.00s
[0.256s][info][gc,start       ] GC(12) Pause Full (Allocation Failure)
[0.257s][info][gc,phases,start] GC(12) Phase 1: Mark live objects
[0.261s][info][gc,phases      ] GC(12) Phase 1: Mark live objects 4.537ms
[0.261s][info][gc,phases,start] GC(12) Phase 2: Compute new object addresses
[0.263s][info][gc,phases      ] GC(12) Phase 2: Compute new object addresses 1.494ms
[0.263s][info][gc,phases,start] GC(12) Phase 3: Adjust pointers
[0.264s][info][gc,phases      ] GC(12) Phase 3: Adjust pointers 1.675ms
[0.264s][info][gc,phases,start] GC(12) Phase 4: Move objects
[0.266s][info][gc,phases      ] GC(12) Phase 4: Move objects 1.398ms
[0.266s][info][gc,heap        ] GC(12) DefNew: 2687K(2688K)->0K(5376K) Eden: 2432K(2432K)->0K(4800K) From: 255K(256K)->0K(576K)
[0.266s][info][gc,heap        ] GC(12) Tenured: 5755K(5768K)->7131K(11888K)
[0.266s][info][gc,metaspace   ] GC(12) Metaspace: 6296K(6464K)->6296K(6464K) NonClass: 5762K(5824K)->5762K(5824K) Class: 533K(640K)->533K(640K)
[0.266s][info][gc             ] GC(12) Pause Full (Allocation Failure) 7M->6M(16M) 9.678ms
[0.266s][info][gc,cpu         ] GC(12) User=0.00s Sys=0.00s Real=0.01s
[0.272s][info][gc,start       ] GC(13) Pause Young (Allocation Failure)
[0.276s][info][gc,heap        ] GC(13) DefNew: 4800K(5376K)->575K(5376K) Eden: 4800K(4800K)->0K(4800K) From: 0K(576K)->575K(576K)
[0.276s][info][gc,heap        ] GC(13) Tenured: 7131K(11888K)->9026K(11888K)
[0.276s][info][gc,metaspace   ] GC(13) Metaspace: 6296K(6464K)->6296K(6464K) NonClass: 5762K(5824K)->5762K(5824K) Class: 533K(640K)->533K(640K)
[0.276s][info][gc             ] GC(13) Pause Young (Allocation Failure) 11M->9M(16M) 4.854ms
[0.276s][info][gc,cpu         ] GC(13) User=0.00s Sys=0.00s Real=0.01s
[0.282s][info][gc,start       ] GC(14) Pause Young (Allocation Failure)
[0.288s][info][gc,heap        ] GC(14) DefNew: 5375K(5376K)->576K(5376K) Eden: 4800K(4800K)->0K(4800K) From: 575K(576K)->576K(576K)
[0.288s][info][gc,heap        ] GC(14) Tenured: 9026K(11888K)->11746K(11888K)
[0.288s][info][gc,metaspace   ] GC(14) Metaspace: 6296K(6464K)->6296K(6464K) NonClass: 5762K(5824K)->5762K(5824K) Class: 533K(640K)->533K(640K)
[0.288s][info][gc             ] GC(14) Pause Young (Allocation Failure) 14M->12M(16M) 6.495ms
[0.288s][info][gc,cpu         ] GC(14) User=0.00s Sys=0.00s Real=0.01s
[0.292s][info][gc,start       ] GC(15) Pause Young (Allocation Failure)
[0.299s][info][gc             ] GC(15) Pause Young (Allocation Failure) 16M->14M(19M) 6.552ms
[0.299s][info][gc,cpu         ] GC(15) User=0.00s Sys=0.00s Real=0.01s
[0.299s][info][gc,start       ] GC(16) Pause Full (Allocation Failure)
[0.299s][info][gc,phases,start] GC(16) Phase 1: Mark live objects
[0.308s][info][gc,phases      ] GC(16) Phase 1: Mark live objects 8.717ms
[0.308s][info][gc,phases,start] GC(16) Phase 2: Compute new object addresses
[0.310s][info][gc,phases      ] GC(16) Phase 2: Compute new object addresses 2.774ms
[0.310s][info][gc,phases,start] GC(16) Phase 3: Adjust pointers
[0.314s][info][gc,phases      ] GC(16) Phase 3: Adjust pointers 3.717ms
[0.314s][info][gc,phases,start] GC(16) Phase 4: Move objects
[0.314s][info][gc,phases      ] GC(16) Phase 4: Move objects 0.196ms
[0.315s][info][gc,heap        ] GC(16) DefNew: 5376K(5376K)->398K(10880K) Eden: 4800K(4800K)->398K(9728K) From: 576K(576K)->0K(1152K)
[0.315s][info][gc,heap        ] GC(16) Tenured: 11746K(11888K)->14383K(23976K)
[0.315s][info][gc,metaspace   ] GC(16) Metaspace: 6297K(6464K)->6297K(6464K) NonClass: 5764K(5824K)->5764K(5824K) Class: 533K(640K)->533K(640K)
[0.315s][info][gc             ] GC(16) Pause Full (Allocation Failure) 14M->14M(34M) 15.780ms
[0.315s][info][gc,cpu         ] GC(16) User=0.02s Sys=0.00s Real=0.02s
[0.321s][info][gc,start       ] GC(17) Pause Young (Allocation Failure)
[0.335s][info][gc,heap        ] GC(17) DefNew: 9728K(10880K)->1151K(10880K) Eden: 9728K(9728K)->0K(9728K) From: 0K(1152K)->1151K(1152K)
[0.335s][info][gc,heap        ] GC(17) Tenured: 14383K(23976K)->18401K(23976K)
[0.335s][info][gc,metaspace   ] GC(17) Metaspace: 6297K(6464K)->6297K(6464K) NonClass: 5764K(5824K)->5764K(5824K) Class: 533K(640K)->533K(640K)
[0.335s][info][gc             ] GC(17) Pause Young (Allocation Failure) 23M->19M(34M) 13.899ms
[0.335s][info][gc,cpu         ] GC(17) User=0.00s Sys=0.00s Real=0.01s
[0.344s][info][gc,start       ] GC(18) Pause Young (Allocation Failure)
[0.356s][info][gc,heap        ] GC(18) DefNew: 10879K(10880K)->1151K(10880K) Eden: 9728K(9728K)->0K(9728K) From: 1151K(1152K)->1151K(1152K)
[0.357s][info][gc,heap        ] GC(18) Tenured: 18401K(23976K)->23921K(23976K)
[0.357s][info][gc,metaspace   ] GC(18) Metaspace: 6297K(6464K)->6297K(6464K) NonClass: 5764K(5824K)->5764K(5824K) Class: 533K(640K)->533K(640K)
[0.357s][info][gc             ] GC(18) Pause Young (Allocation Failure) 28M->24M(34M) 12.133ms
[0.357s][info][gc,cpu         ] GC(18) User=0.00s Sys=0.00s Real=0.01s
[0.364s][info][gc,start       ] GC(19) Pause Young (Allocation Failure)
[0.377s][info][gc             ] GC(19) Pause Young (Allocation Failure) 33M->29M(38M) 12.776ms
[0.377s][info][gc,cpu         ] GC(19) User=0.02s Sys=0.00s Real=0.01s
[0.377s][info][gc,start       ] GC(20) Pause Full (Allocation Failure)
[0.377s][info][gc,phases,start] GC(20) Phase 1: Mark live objects
[0.391s][info][gc,phases      ] GC(20) Phase 1: Mark live objects 14.127ms
[0.391s][info][gc,phases,start] GC(20) Phase 2: Compute new object addresses
[0.396s][info][gc,phases      ] GC(20) Phase 2: Compute new object addresses 4.842ms
[0.396s][info][gc,phases,start] GC(20) Phase 3: Adjust pointers
[0.401s][info][gc,phases      ] GC(20) Phase 3: Adjust pointers 5.287ms
[0.401s][info][gc,phases,start] GC(20) Phase 4: Move objects
[0.401s][info][gc,phases      ] GC(20) Phase 4: Move objects 0.185ms
[0.401s][info][gc,heap        ] GC(20) DefNew: 10879K(10880K)->1065K(21888K) Eden: 9728K(9728K)->1065K(19520K) From: 1151K(1152K)->0K(2368K)
[0.401s][info][gc,heap        ] GC(20) Tenured: 23921K(23976K)->29035K(48396K)
[0.401s][info][gc,metaspace   ] GC(20) Metaspace: 6297K(6464K)->6297K(6464K) NonClass: 5764K(5824K)->5764K(5824K) Class: 533K(640K)->533K(640K)
[0.402s][info][gc             ] GC(20) Pause Full (Allocation Failure) 29M->29M(68M) 24.874ms
[0.402s][info][gc,cpu         ] GC(20) User=0.03s Sys=0.00s Real=0.03s
[0.418s][info][gc,start       ] GC(21) Pause Young (Allocation Failure)
[0.452s][info][gc,heap        ] GC(21) DefNew: 18408K(21888K)->2368K(21888K) Eden: 18408K(19520K)->0K(19520K) From: 0K(2368K)->2368K(2368K)
[0.452s][info][gc,heap        ] GC(21) Tenured: 29035K(48396K)->43096K(48396K)
[0.452s][info][gc,metaspace   ] GC(21) Metaspace: 6297K(6464K)->6297K(6464K) NonClass: 5764K(5824K)->5764K(5824K) Class: 533K(640K)->533K(640K)
[0.452s][info][gc             ] GC(21) Pause Young (Allocation Failure) 46M->44M(68M) 33.456ms
[0.452s][info][gc,cpu         ] GC(21) User=0.03s Sys=0.00s Real=0.03s
[0.469s][info][gc,start       ] GC(22) Pause Young (Allocation Failure)
[0.505s][info][gc             ] GC(22) Pause Young (Allocation Failure) 63M->63M(82M) 36.015ms
[0.505s][info][gc,cpu         ] GC(22) User=0.03s Sys=0.00s Real=0.04s
[0.506s][info][gc,start       ] GC(23) Pause Full (Allocation Failure)
[0.506s][info][gc,phases,start] GC(23) Phase 1: Mark live objects
[0.534s][info][gc,phases      ] GC(23) Phase 1: Mark live objects 28.867ms
[0.534s][info][gc,phases,start] GC(23) Phase 2: Compute new object addresses
[0.545s][info][gc,phases      ] GC(23) Phase 2: Compute new object addresses 10.456ms
[0.545s][info][gc,phases,start] GC(23) Phase 3: Adjust pointers
[0.556s][info][gc,phases      ] GC(23) Phase 3: Adjust pointers 11.389ms
[0.556s][info][gc,phases,start] GC(23) Phase 4: Move objects
[0.557s][info][gc,phases      ] GC(23) Phase 4: Move objects 0.371ms
[0.557s][info][gc,heap        ] GC(23) DefNew: 21888K(21888K)->2350K(47040K) Eden: 19520K(19520K)->2350K(41856K) From: 2368K(2368K)->0K(5184K)
[0.557s][info][gc,heap        ] GC(23) Tenured: 43096K(48396K)->62604K(104340K)
[0.557s][info][gc,metaspace   ] GC(23) Metaspace: 6297K(6464K)->6297K(6464K) NonClass: 5764K(5824K)->5764K(5824K) Class: 533K(640K)->533K(640K)
[0.557s][info][gc             ] GC(23) Pause Full (Allocation Failure) 63M->63M(147M) 51.736ms
[0.557s][info][gc,cpu         ] GC(23) User=0.03s Sys=0.00s Real=0.05s
[0.599s][info][gc,start       ] GC(24) Pause Young (Allocation Failure)
[0.665s][info][gc,heap        ] GC(24) DefNew: 41856K(47040K)->5183K(47040K) Eden: 41856K(41856K)->0K(41856K) From: 0K(5184K)->5183K(5184K)
[0.665s][info][gc,heap        ] GC(24) Tenured: 62604K(104340K)->99251K(104340K)
[0.665s][info][gc,metaspace   ] GC(24) Metaspace: 6297K(6464K)->6297K(6464K) NonClass: 5764K(5824K)->5764K(5824K) Class: 533K(640K)->533K(640K)
[0.665s][info][gc             ] GC(24) Pause Young (Allocation Failure) 102M->101M(147M) 66.420ms
[0.665s][info][gc,cpu         ] GC(24) User=0.08s Sys=0.00s Real=0.07s
[0.699s][info][gc,start       ] GC(25) Pause Young (Allocation Failure)
[0.775s][info][gc             ] GC(25) Pause Young (Allocation Failure) 142M->142M(183M) 76.362ms
[0.775s][info][gc,cpu         ] GC(25) User=0.06s Sys=0.00s Real=0.08s
[0.775s][info][gc,start       ] GC(26) Pause Full (Allocation Failure)
[0.775s][info][gc,phases,start] GC(26) Phase 1: Mark live objects
[0.837s][info][gc,phases      ] GC(26) Phase 1: Mark live objects 61.377ms
[0.837s][info][gc,phases,start] GC(26) Phase 2: Compute new object addresses
[0.861s][info][gc,phases      ] GC(26) Phase 2: Compute new object addresses 24.070ms
[0.861s][info][gc,phases,start] GC(26) Phase 3: Adjust pointers
[0.889s][info][gc,phases      ] GC(26) Phase 3: Adjust pointers 28.127ms
[0.889s][info][gc,phases,start] GC(26) Phase 4: Move objects
[0.916s][info][gc,phases      ] GC(26) Phase 4: Move objects 27.198ms
[0.917s][info][gc,heap        ] GC(26) DefNew: 47039K(47040K)->1210K(105984K) Eden: 41856K(41856K)->1210K(94272K) From: 5183K(5184K)->0K(11712K)
[0.917s][info][gc,heap        ] GC(26) Tenured: 99251K(104340K)->141203K(235340K)
[0.917s][info][gc,metaspace   ] GC(26) Metaspace: 6297K(6464K)->6297K(6464K) NonClass: 5764K(5824K)->5764K(5824K) Class: 533K(640K)->533K(640K)
[0.917s][info][gc             ] GC(26) Pause Full (Allocation Failure) 142M->139M(333M) 141.642ms
[0.917s][info][gc,cpu         ] GC(26) User=0.14s Sys=0.00s Real=0.14s
[1.021s][info][gc,start       ] GC(27) Pause Young (Allocation Failure)
[1.188s][info][gc,heap        ] GC(27) DefNew: 94272K(105984K)->11711K(105984K) Eden: 94272K(94272K)->0K(94272K) From: 0K(11712K)->11711K(11712K)
[1.188s][info][gc,heap        ] GC(27) Tenured: 141203K(235340K)->223732K(235340K)
[1.188s][info][gc,metaspace   ] GC(27) Metaspace: 6297K(6464K)->6297K(6464K) NonClass: 5764K(5824K)->5764K(5824K) Class: 533K(640K)->533K(640K)
[1.188s][info][gc             ] GC(27) Pause Young (Allocation Failure) 229M->229M(333M) 167.305ms
[1.188s][info][gc,cpu         ] GC(27) User=0.14s Sys=0.02s Real=0.17s
[1.277s][info][gc,start       ] GC(28) Pause Young (Allocation Failure)
[1.474s][info][gc             ] GC(28) Pause Young (Allocation Failure) 321M->321M(414M) 197.066ms
[1.474s][info][gc,cpu         ] GC(28) User=0.14s Sys=0.03s Real=0.20s
[1.475s][info][gc,start       ] GC(29) Pause Full (Allocation Failure)
[1.475s][info][gc,phases,start] GC(29) Phase 1: Mark live objects
[1.623s][info][gc,phases      ] GC(29) Phase 1: Mark live objects 148.031ms
[1.623s][info][gc,phases,start] GC(29) Phase 2: Compute new object addresses
[1.672s][info][gc,phases      ] GC(29) Phase 2: Compute new object addresses 49.705ms
[1.672s][info][gc,phases,start] GC(29) Phase 3: Adjust pointers
[1.730s][info][gc,phases      ] GC(29) Phase 3: Adjust pointers 57.111ms
[1.730s][info][gc,phases,start] GC(29) Phase 4: Move objects
[1.732s][info][gc,phases      ] GC(29) Phase 4: Move objects 2.476ms
[1.733s][info][gc,heap        ] GC(29) DefNew: 105983K(105984K)->11654K(238592K) Eden: 94272K(94272K)->11654K(212096K) From: 11711K(11712K)->0K(26496K)
[1.733s][info][gc,heap        ] GC(29) Tenured: 223732K(235340K)->318031K(530056K)
[1.733s][info][gc,metaspace   ] GC(29) Metaspace: 6297K(6464K)->6297K(6464K) NonClass: 5764K(5824K)->5764K(5824K) Class: 533K(640K)->533K(640K)
[1.733s][info][gc             ] GC(29) Pause Full (Allocation Failure) 321M->321M(750M) 258.752ms
[1.733s][info][gc,cpu         ] GC(29) User=0.25s Sys=0.00s Real=0.26s
[1.954s][info][gc,start       ] GC(30) Pause Young (Allocation Failure)
[2.328s][info][gc,heap        ] GC(30) DefNew: 212096K(238592K)->26496K(238592K) Eden: 212096K(212096K)->0K(212096K) From: 0K(26496K)->26496K(26496K)
[2.328s][info][gc,heap        ] GC(30) Tenured: 318031K(530056K)->503607K(530056K)
[2.328s][info][gc,metaspace   ] GC(30) Metaspace: 6297K(6464K)->6297K(6464K) NonClass: 5764K(5824K)->5764K(5824K) Class: 533K(640K)->533K(640K)
[2.328s][info][gc             ] GC(30) Pause Young (Allocation Failure) 517M->517M(750M) 373.275ms
[2.328s][info][gc,cpu         ] GC(30) User=0.31s Sys=0.05s Real=0.37s
[2.502s][info][gc,start       ] GC(31) Pause Young (Allocation Failure)
[2.878s][info][gc             ] GC(31) Pause Young (Allocation Failure) 702M->700M(907M) 376.196ms
[2.878s][info][gc,cpu         ] GC(31) User=0.22s Sys=0.12s Real=0.38s
[2.878s][info][gc,start       ] GC(32) Pause Full (Allocation Failure)
[2.878s][info][gc,phases,start] GC(32) Phase 1: Mark live objects
[3.204s][info][gc,phases      ] GC(32) Phase 1: Mark live objects 326.103ms
[3.204s][info][gc,phases,start] GC(32) Phase 2: Compute new object addresses
[3.312s][info][gc,phases      ] GC(32) Phase 2: Compute new object addresses 107.997ms
[3.312s][info][gc,phases,start] GC(32) Phase 3: Adjust pointers
[3.432s][info][gc,phases      ] GC(32) Phase 3: Adjust pointers 120.364ms
[3.433s][info][gc,phases,start] GC(32) Phase 4: Move objects
[3.439s][info][gc,phases      ] GC(32) Phase 4: Move objects 6.372ms
[3.441s][info][gc,heap        ] GC(32) DefNew: 216223K(238592K)->26320K(518400K) Eden: 189727K(212096K)->26320K(460800K) From: 26496K(26496K)->0K(57600K)
[3.441s][info][gc,heap        ] GC(32) Tenured: 503607K(530056K)->691143K(1151908K)
[3.441s][info][gc,metaspace   ] GC(32) Metaspace: 6297K(6464K)->6297K(6464K) NonClass: 5764K(5824K)->5764K(5824K) Class: 533K(640K)->533K(640K)
[3.441s][info][gc             ] GC(32) Pause Full (Allocation Failure) 700M->700M(1631M) 563.113ms
[3.441s][info][gc,cpu         ] GC(32) User=0.56s Sys=0.00s Real=0.56s
[3.909s][info][gc,start       ] GC(33) Pause Young (Allocation Failure)
[4.730s][info][gc,heap        ] GC(33) DefNew: 460800K(518400K)->57600K(518400K) Eden: 460800K(460800K)->0K(460800K) From: 0K(57600K)->57600K(57600K)
[4.730s][info][gc,heap        ] GC(33) Tenured: 691143K(1151908K)->1094313K(1151908K)
[4.730s][info][gc,metaspace   ] GC(33) Metaspace: 6297K(6464K)->6297K(6464K) NonClass: 5764K(5824K)->5764K(5824K) Class: 533K(640K)->533K(640K)
[4.730s][info][gc             ] GC(33) Pause Young (Allocation Failure) 1124M->1124M(1631M) 821.442ms
[4.730s][info][gc,cpu         ] GC(33) User=0.64s Sys=0.17s Real=0.82s
[5.201s][info][gc,start       ] GC(34) Pause Young (Allocation Failure)
[5.956s][info][gc             ] GC(34) Pause Young (Allocation Failure) 1574M->1525M(1975M) 754.736ms
[5.956s][info][gc,cpu         ] GC(34) User=0.61s Sys=0.14s Real=0.75s
[5.956s][info][gc,start       ] GC(35) Pause Full (Allocation Failure)
[5.956s][info][gc,phases,start] GC(35) Phase 1: Mark live objects
[6.644s][info][gc,phases      ] GC(35) Phase 1: Mark live objects 688.280ms
[6.644s][info][gc,phases,start] GC(35) Phase 2: Compute new object addresses
[6.874s][info][gc,phases      ] GC(35) Phase 2: Compute new object addresses 230.068ms
[6.874s][info][gc,phases,start] GC(35) Phase 3: Adjust pointers
[7.159s][info][gc,phases      ] GC(35) Phase 3: Adjust pointers 284.856ms
[7.159s][info][gc,phases,start] GC(35) Phase 4: Move objects
[7.171s][info][gc,phases      ] GC(35) Phase 4: Move objects 11.946ms
[7.175s][info][gc,heap        ] GC(35) DefNew: 518400K(518400K)->57509K(1128128K) Eden: 460800K(460800K)->57509K(1002816K) From: 57600K(57600K)->0K(125312K)
[7.175s][info][gc,heap        ] GC(35) Tenured: 1094313K(1151908K)->1504103K(2506840K)
[7.175s][info][gc,metaspace   ] GC(35) Metaspace: 6297K(6464K)->6297K(6464K) NonClass: 5764K(5824K)->5764K(5824K) Class: 533K(640K)->533K(640K)
[7.175s][info][gc             ] GC(35) Pause Full (Allocation Failure) 1525M->1525M(3549M) 1219.583ms
[7.175s][info][gc,cpu         ] GC(35) User=1.17s Sys=0.00s Real=1.22s
[8.183s][info][gc,start       ] GC(36) Pause Young (Allocation Failure)
[10.055s][info][gc,heap        ] GC(36) DefNew: 1002816K(1128128K)->125311K(1128128K) Eden: 1002816K(1002816K)->0K(1002816K) From: 0K(125312K)->125311K(125312K)
[10.055s][info][gc,heap        ] GC(36) Tenured: 1504103K(2506840K)->2381576K(2506840K)
[10.055s][info][gc,metaspace   ] GC(36) Metaspace: 6297K(6464K)->6297K(6464K) NonClass: 5764K(5824K)->5764K(5824K) Class: 533K(640K)->533K(640K)
[10.055s][info][gc             ] GC(36) Pause Young (Allocation Failure) 2448M->2448M(3549M) 1872.745ms
[10.055s][info][gc,cpu         ] GC(36) User=1.59s Sys=0.19s Real=1.87s
[11.102s][info][gc,start       ] GC(37) Pause Young (Allocation Failure)
[12.864s][info][gc             ] GC(37) Pause Young (Allocation Failure) 3427M->3427M(4406M) 1761.715ms
[12.864s][info][gc,cpu         ] GC(37) User=1.39s Sys=0.31s Real=1.76s
[12.864s][info][gc,start       ] GC(38) Pause Full (Allocation Failure)
[12.864s][info][gc,phases,start] GC(38) Phase 1: Mark live objects
[14.469s][info][gc,phases      ] GC(38) Phase 1: Mark live objects 1605.319ms
[14.469s][info][gc,phases,start] GC(38) Phase 2: Compute new object addresses
[14.977s][info][gc,phases      ] GC(38) Phase 2: Compute new object addresses 507.407ms
[14.977s][info][gc,phases,start] GC(38) Phase 3: Adjust pointers
[15.668s][info][gc,phases      ] GC(38) Phase 3: Adjust pointers 691.045ms
[15.668s][info][gc,phases,start] GC(38) Phase 4: Move objects
[16.325s][info][gc,phases      ] GC(38) Phase 4: Move objects 657.345ms
[16.334s][info][gc,heap        ] GC(38) DefNew: 1128127K(1128128K)->31055K(2538368K) Eden: 1002816K(1002816K)->31055K(2256384K) From: 125311K(125312K)->0K(281984K)
[16.335s][info][gc,heap        ] GC(38) Tenured: 2381576K(2506840K)->3384411K(5640688K)
[16.335s][info][gc,metaspace   ] GC(38) Metaspace: 6297K(6464K)->6297K(6464K) NonClass: 5764K(5824K)->5764K(5824K) Class: 533K(640K)->533K(640K)
[16.335s][info][gc             ] GC(38) Pause Full (Allocation Failure) 3427M->3335M(7987M) 3470.753ms
[16.335s][info][gc,cpu         ] GC(38) User=3.42s Sys=0.02s Real=3.47s
[18.639s][info][gc,start       ] GC(39) Pause Young (Allocation Failure)
[22.641s][info][gc,heap        ] GC(39) DefNew: 2256384K(2538368K)->281984K(2538368K) Eden: 2256384K(2256384K)->0K(2256384K) From: 0K(281984K)->281984K(281984K)
[22.641s][info][gc,heap        ] GC(39) Tenured: 3384411K(5640688K)->5358782K(5640688K)
[22.641s][info][gc,metaspace   ] GC(39) Metaspace: 6297K(6464K)->6297K(6464K) NonClass: 5764K(5824K)->5764K(5824K) Class: 533K(640K)->533K(640K)
[22.641s][info][gc             ] GC(39) Pause Young (Allocation Failure) 5508M->5508M(7987M) 4001.172ms
[22.641s][info][gc,cpu         ] GC(39) User=3.30s Sys=0.52s Real=4.00s
[24.752s][info][gc,start       ] GC(40) Pause Young (Allocation Failure)
[28.707s][info][gc             ] GC(40) Pause Young (Allocation Failure) 7712M->7712M(9915M) 3954.150ms
[28.707s][info][gc,cpu         ] GC(40) User=3.22s Sys=0.70s Real=3.95s
[28.707s][info][gc,start       ] GC(41) Pause Full (Allocation Failure)
[28.707s][info][gc,phases,start] GC(41) Phase 1: Mark live objects
[32.414s][info][gc,phases      ] GC(41) Phase 1: Mark live objects 3707.519ms
[32.414s][info][gc,phases,start] GC(41) Phase 2: Compute new object addresses
[33.628s][info][gc,phases      ] GC(41) Phase 2: Compute new object addresses 1213.774ms
[33.628s][info][gc,phases,start] GC(41) Phase 3: Adjust pointers
[34.952s][info][gc,phases      ] GC(41) Phase 3: Adjust pointers 1323.640ms
[34.952s][info][gc,phases,start] GC(41) Phase 4: Move objects
[35.020s][info][gc,phases      ] GC(41) Phase 4: Move objects 68.236ms
[35.107s][info][gc,heap        ] GC(41) DefNew: 2538368K(2538368K)->281838K(4608000K) Eden: 2256384K(2256384K)->281838K(4096000K) From: 281984K(281984K)->0K(512000K)
[35.107s][info][gc,heap        ] GC(41) Tenured: 5358782K(5640688K)->7615283K(10240000K)
[35.107s][info][gc,metaspace   ] GC(41) Metaspace: 6297K(6464K)->6297K(6464K) NonClass: 5764K(5824K)->5764K(5824K) Class: 533K(640K)->533K(640K)
[35.107s][info][gc             ] GC(41) Pause Full (Allocation Failure) 7712M->7712M(14500M) 6400.391ms
[35.107s][info][gc,cpu         ] GC(41) User=6.28s Sys=0.00s Real=6.40s
[38.914s][info][gc,start       ] GC(42) Pause Young (Allocation Failure)
[49.017s][info][gc,promotion   ] GC(42) Promotion failed
[49.018s][info][gc             ] GC(42) Pause Young (Allocation Failure) 11436M->14499M(14500M) 10103.246ms
[49.018s][info][gc,cpu         ] GC(42) User=7.41s Sys=2.50s Real=10.11s
[49.018s][info][gc,start       ] GC(43) Pause Full (Allocation Failure)
[49.018s][info][gc,phases,start] GC(43) Phase 1: Mark live objects
[67.910s][info][gc,phases      ] GC(43) Phase 1: Mark live objects 18892.000ms
[67.910s][info][gc,phases,start] GC(43) Phase 2: Compute new object addresses
[89.116s][info][gc,phases      ] GC(43) Phase 2: Compute new object addresses 21202.740ms
[89.118s][info][gc,phases,start] GC(43) Phase 3: Adjust pointers
[111.424s][info][gc,phases      ] GC(43) Phase 3: Adjust pointers 22306.296ms
[111.424s][info][gc,phases,start] GC(43) Phase 4: Move objects
[112.677s][info][gc,phases      ] GC(43) Phase 4: Move objects 1252.632ms
[112.712s][info][gc,heap        ] GC(43) DefNew: 4096000K(4608000K)->1471256K(4608000K) Eden: 4096000K(4096000K)->1471256K(4096000K) From: 0K(512000K)->0K(512000K)
[112.713s][info][gc,heap        ] GC(43) Tenured: 7615283K(10240000K)->10239999K(10240000K)
[112.713s][info][gc,metaspace   ] GC(43) Metaspace: 6297K(6464K)->6297K(6464K) NonClass: 5764K(5824K)->5764K(5824K) Class: 533K(640K)->533K(640K)
[112.715s][info][gc             ] GC(43) Pause Full (Allocation Failure) 14499M->11436M(14500M) 63696.701ms
[112.715s][info][gc,cpu         ] GC(43) User=8.88s Sys=23.30s Real=63.70s
[120.198s][info][gc,start       ] GC(44) Pause Full (Allocation Failure)
[120.199s][info][gc,phases,start] GC(44) Phase 1: Mark live objects
[132.353s][info][gc,phases      ] GC(44) Phase 1: Mark live objects 12153.860ms
[132.353s][info][gc,phases,start] GC(44) Phase 2: Compute new object addresses
[138.508s][info][gc,phases      ] GC(44) Phase 2: Compute new object addresses 6154.971ms
[138.508s][info][gc,phases,start] GC(44) Phase 3: Adjust pointers
[145.996s][info][gc,phases      ] GC(44) Phase 3: Adjust pointers 7486.738ms
[145.996s][info][gc,phases,start] GC(44) Phase 4: Move objects
[146.557s][info][gc,phases      ] GC(44) Phase 4: Move objects 561.732ms
[146.564s][info][gc,heap        ] GC(44) DefNew: 4607999K(4608000K)->4607983K(4608000K) Eden: 4096000K(4096000K)->4095999K(4096000K) From: 511999K(512000K)->511983K(512000K)
[146.564s][info][gc,heap        ] GC(44) Tenured: 10239999K(10240000K)->10239999K(10240000K)
[146.564s][info][gc,metaspace   ] GC(44) Metaspace: 6297K(6464K)->6297K(6464K) NonClass: 5764K(5824K)->5764K(5824K) Class: 533K(640K)->533K(640K)
[146.564s][info][gc             ] GC(44) Pause Full (Allocation Failure) 14499M->14499M(14500M) 26366.689ms
[146.564s][info][gc,cpu         ] GC(44) User=10.98s Sys=5.70s Real=26.37s
[146.566s][info][gc,start       ] GC(45) Pause Full (Allocation Failure)
[146.566s][info][gc,phases,start] GC(45) Phase 1: Mark live objects
[157.411s][info][gc,phases      ] GC(45) Phase 1: Mark live objects 10844.925ms
[157.411s][info][gc,phases,start] GC(45) Phase 2: Compute new object addresses
[163.377s][info][gc,phases      ] GC(45) Phase 2: Compute new object addresses 5966.088ms
[163.377s][info][gc,phases,start] GC(45) Phase 3: Adjust pointers
[170.777s][info][gc,phases      ] GC(45) Phase 3: Adjust pointers 7400.469ms
[170.778s][info][gc,phases,start] GC(45) Phase 4: Move objects
[173.907s][info][gc,phases      ] GC(45) Phase 4: Move objects 3129.416ms
[173.918s][info][gc,heap        ] GC(45) DefNew: 4607999K(4608000K)->4214784K(4608000K) Eden: 4095999K(4096000K)->4096000K(4096000K) From: 511999K(512000K)->118784K(512000K)
[173.918s][info][gc,heap        ] GC(45) Tenured: 10239999K(10240000K)->10239999K(10240000K)
[173.918s][info][gc,metaspace   ] GC(45) Metaspace: 6297K(6464K)->6297K(6464K) NonClass: 5764K(5824K)->5764K(5824K) Class: 533K(640K)->533K(640K)
[173.918s][info][gc             ] GC(45) Pause Full (Allocation Failure) 14499M->14115M(14500M) 27352.531ms
[173.919s][info][gc,cpu         ] GC(45) User=14.03s Sys=4.83s Real=27.35s
[175.008s][info][gc,start       ] GC(46) Pause Full (Allocation Failure)
[175.008s][info][gc,phases,start] GC(46) Phase 1: Mark live objects
[191.874s][info][gc,phases      ] GC(46) Phase 1: Mark live objects 16865.330ms
[191.874s][info][gc,phases,start] GC(46) Phase 2: Compute new object addresses
[205.346s][info][gc,phases      ] GC(46) Phase 2: Compute new object addresses 13472.002ms
[205.346s][info][gc,phases,start] GC(46) Phase 3: Adjust pointers
[224.780s][info][gc,phases      ] GC(46) Phase 3: Adjust pointers 19433.386ms
[224.780s][info][gc,phases,start] GC(46) Phase 4: Move objects
[224.780s][info][gc,phases      ] GC(46) Phase 4: Move objects 0.130ms
[224.802s][info][gc,heap        ] GC(46) DefNew: 4607999K(4608000K)->4607999K(4608000K) Eden: 4096000K(4096000K)->4096000K(4096000K) From: 511999K(512000K)->511999K(512000K)
[224.802s][info][gc,heap        ] GC(46) Tenured: 10239999K(10240000K)->10239999K(10240000K)
[224.802s][info][gc,metaspace   ] GC(46) Metaspace: 6297K(6464K)->6297K(6464K) NonClass: 5764K(5824K)->5764K(5824K) Class: 533K(640K)->533K(640K)
[224.802s][info][gc             ] GC(46) Pause Full (Allocation Failure) 14499M->14499M(14500M) 49794.671ms
[224.802s][info][gc,cpu         ] GC(46) User=11.08s Sys=22.14s Real=49.80s
[224.802s][info][gc,start       ] GC(47) Pause Full (Allocation Failure)
[224.803s][info][gc,phases,start] GC(47) Phase 1: Mark live objects
[246.597s][info][gc,phases      ] GC(47) Phase 1: Mark live objects 21794.128ms
[246.598s][info][gc,phases,start] GC(47) Phase 2: Compute new object addresses
[256.727s][info][gc,phases      ] GC(47) Phase 2: Compute new object addresses 10120.920ms
[256.727s][info][gc,phases,start] GC(47) Phase 3: Adjust pointers
[279.118s][info][gc,phases      ] GC(47) Phase 3: Adjust pointers 22389.237ms
[279.119s][info][gc,phases,start] GC(47) Phase 4: Move objects
[314.607s][info][gc,phases      ] GC(47) Phase 4: Move objects 35487.798ms
[314.625s][info][gc,heap        ] GC(47) DefNew: 4607999K(4608000K)->4607995K(4608000K) Eden: 4096000K(4096000K)->4095999K(4096000K) From: 511999K(512000K)->511995K(512000K)
[314.625s][info][gc,heap        ] GC(47) Tenured: 10239999K(10240000K)->10239999K(10240000K)
[314.625s][info][gc,metaspace   ] GC(47) Metaspace: 6297K(6464K)->6296K(6464K) NonClass: 5764K(5824K)->5763K(5824K) Class: 533K(640K)->532K(640K)
[314.626s][info][gc             ] GC(47) Pause Full (Allocation Failure) 14499M->14499M(14500M) 89823.465ms
[314.626s][info][gc,cpu         ] GC(47) User=13.59s Sys=38.55s Real=89.82s
[314.651s][info][gc,start       ] GC(48) Pause Full (Allocation Failure)
[314.652s][info][gc,phases,start] GC(48) Phase 1: Mark live objects
[336.219s][info][gc,phases      ] GC(48) Phase 1: Mark live objects 21567.149ms
[336.219s][info][gc,phases,start] GC(48) Phase 2: Compute new object addresses
[344.086s][info][gc,phases      ] GC(48) Phase 2: Compute new object addresses 7866.377ms
[344.086s][info][gc,phases,start] GC(48) Phase 3: Adjust pointers
[353.976s][info][gc,phases      ] GC(48) Phase 3: Adjust pointers 9890.148ms
[353.976s][info][gc,phases,start] GC(48) Phase 4: Move objects
[353.976s][info][gc,phases      ] GC(48) Phase 4: Move objects 0.382ms
[353.994s][info][gc,heap        ] GC(48) DefNew: 4607999K(4608000K)->4607999K(4608000K) Eden: 4095999K(4096000K)->4095999K(4096000K) From: 511999K(512000K)->511999K(512000K)
[353.994s][info][gc,heap        ] GC(48) Tenured: 10239999K(10240000K)->10239999K(10240000K)
[353.995s][info][gc,metaspace   ] GC(48) Metaspace: 6296K(6464K)->6296K(6464K) NonClass: 5763K(5824K)->5763K(5824K) Class: 532K(640K)->532K(640K)
[353.996s][info][gc             ] GC(48) Pause Full (Allocation Failure) 14499M->14499M(14500M) 39344.789ms
[353.997s][info][gc,cpu         ] GC(48) User=12.08s Sys=15.67s Real=39.35s
[353.997s][info][gc,start       ] GC(49) Pause Full (Allocation Failure)
[353.998s][info][gc,phases,start] GC(49) Phase 1: Mark live objects
[369.493s][info][gc,phases      ] GC(49) Phase 1: Mark live objects 15494.927ms
[369.493s][info][gc,phases,start] GC(49) Phase 2: Compute new object addresses
[376.564s][info][gc,phases      ] GC(49) Phase 2: Compute new object addresses 7070.220ms
[376.564s][info][gc,phases,start] GC(49) Phase 3: Adjust pointers
[392.641s][info][gc,phases      ] GC(49) Phase 3: Adjust pointers 16071.090ms
[392.651s][info][gc,phases,start] GC(49) Phase 4: Move objects
[392.653s][info][gc,phases      ] GC(49) Phase 4: Move objects 2.472ms
[392.714s][info][gc,heap        ] GC(49) DefNew: 4607999K(4608000K)->4607999K(4608000K) Eden: 4095999K(4096000K)->4095999K(4096000K) From: 511999K(512000K)->511999K(512000K)
[392.714s][info][gc,heap        ] GC(49) Tenured: 10239999K(10240000K)->10239999K(10240000K)
[392.714s][info][gc,metaspace   ] GC(49) Metaspace: 6296K(6464K)->6296K(6464K) NonClass: 5763K(5824K)->5763K(5824K) Class: 532K(640K)->532K(640K)
[392.721s][info][gc             ] GC(49) Pause Full (Allocation Failure) 14499M->14499M(14500M) 38721.714ms
[392.722s][info][gc,cpu         ] GC(49) User=10.62s Sys=12.64s Real=38.72s
[392.908s][info][gc,start       ] GC(50) Pause Full (Allocation Failure)
[392.910s][info][gc,phases,start] GC(50) Phase 1: Mark live objects
[418.595s][info][gc,phases      ] GC(50) Phase 1: Mark live objects 25684.302ms
[418.596s][info][gc,phases,start] GC(50) Phase 2: Compute new object addresses
[428.228s][info][gc,phases      ] GC(50) Phase 2: Compute new object addresses 9631.700ms
[428.229s][info][gc,phases,start] GC(50) Phase 3: Adjust pointers
[442.562s][info][gc,phases      ] GC(50) Phase 3: Adjust pointers 14332.978ms
[442.563s][info][gc,phases,start] GC(50) Phase 4: Move objects
[442.563s][info][gc,phases      ] GC(50) Phase 4: Move objects 0.132ms
[442.580s][info][gc,heap        ] GC(50) DefNew: 4607999K(4608000K)->4607999K(4608000K) Eden: 4096000K(4096000K)->4096000K(4096000K) From: 511999K(512000K)->511999K(512000K)
[442.580s][info][gc,heap        ] GC(50) Tenured: 10239999K(10240000K)->10239999K(10240000K)
[442.580s][info][gc,metaspace   ] GC(50) Metaspace: 6296K(6464K)->6296K(6464K) NonClass: 5763K(5824K)->5763K(5824K) Class: 532K(640K)->532K(640K)
[442.582s][info][gc             ] GC(50) Pause Full (Allocation Failure) 14499M->14499M(14500M) 49672.716ms
[442.582s][info][gc,cpu         ] GC(50) User=11.30s Sys=17.50s Real=49.67s
[442.582s][info][gc,start       ] GC(51) Pause Full (Allocation Failure)
[442.583s][info][gc,phases,start] GC(51) Phase 1: Mark live objects
[460.492s][info][gc,phases      ] GC(51) Phase 1: Mark live objects 17908.093ms
[460.492s][info][gc,phases,start] GC(51) Phase 2: Compute new object addresses
[470.546s][info][gc,phases      ] GC(51) Phase 2: Compute new object addresses 10052.707ms
[470.546s][info][gc,phases,start] GC(51) Phase 3: Adjust pointers
[482.817s][info][gc,phases      ] GC(51) Phase 3: Adjust pointers 12270.372ms
[482.818s][info][gc,phases,start] GC(51) Phase 4: Move objects
[517.982s][info][gc,phases      ] GC(51) Phase 4: Move objects 35159.725ms
[518.016s][info][gc,heap        ] GC(51) DefNew: 4607999K(4608000K)->4607998K(4608000K) Eden: 4096000K(4096000K)->4095999K(4096000K) From: 511999K(512000K)->511998K(512000K)
[518.017s][info][gc,heap        ] GC(51) Tenured: 10239999K(10240000K)->10239999K(10240000K)
[518.017s][info][gc,metaspace   ] GC(51) Metaspace: 6296K(6464K)->6296K(6464K) NonClass: 5763K(5824K)->5763K(5824K) Class: 532K(640K)->532K(640K)
[518.019s][info][gc             ] GC(51) Pause Full (Allocation Failure) 14499M->14499M(14500M) 75436.637ms
[518.019s][info][gc,cpu         ] GC(51) User=13.97s Sys=27.16s Real=75.44s
[518.084s][info][gc,start       ] GC(52) Pause Full (Allocation Failure)
[518.085s][info][gc,phases,start] GC(52) Phase 1: Mark live objects
[546.777s][info][gc,phases      ] GC(52) Phase 1: Mark live objects 28691.779ms
[546.777s][info][gc,phases,start] GC(52) Phase 2: Compute new object addresses
[557.807s][info][gc,phases      ] GC(52) Phase 2: Compute new object addresses 11029.914ms
[557.807s][info][gc,phases,start] GC(52) Phase 3: Adjust pointers
[576.184s][info][gc,phases      ] GC(52) Phase 3: Adjust pointers 18374.704ms
[576.185s][info][gc,phases,start] GC(52) Phase 4: Move objects
[576.186s][info][gc,phases      ] GC(52) Phase 4: Move objects 0.798ms
[576.205s][info][gc,heap        ] GC(52) DefNew: 4607999K(4608000K)->4607999K(4608000K) Eden: 4096000K(4096000K)->4095999K(4096000K) From: 511999K(512000K)->511999K(512000K)
[576.205s][info][gc,heap        ] GC(52) Tenured: 10239999K(10240000K)->10239999K(10240000K)
[576.205s][info][gc,metaspace   ] GC(52) Metaspace: 6298K(6464K)->6298K(6464K) NonClass: 5764K(5824K)->5764K(5824K) Class: 533K(640K)->533K(640K)
[576.206s][info][gc             ] GC(52) Pause Full (Allocation Failure) 14499M->14499M(14500M) 58122.061ms
[576.206s][info][gc,cpu         ] GC(52) User=10.91s Sys=23.50s Real=58.12s
[576.225s][info][gc,heap,exit   ] Heap
[576.225s][info][gc,heap,exit   ]  def new generation   total 4608000K, used 4607999K [0x0000000456800000, 0x000000058f000000, 0x000000058f000000)
[576.225s][info][gc,heap,exit   ]   eden space 4096000K, 100% used [0x0000000456800000, 0x0000000550800000, 0x0000000550800000)
[576.225s][info][gc,heap,exit   ]   from space 512000K,  99% used [0x000000056fc00000, 0x000000058effff70, 0x000000058f000000)
[576.225s][info][gc,heap,exit   ]   to   space 512000K,   0% used [0x0000000550800000, 0x0000000550800000, 0x000000056fc00000)
[576.225s][info][gc,heap,exit   ]  tenured generation   total 10240000K, used 10239999K [0x000000058f000000, 0x0000000800000000, 0x0000000800000000)
[576.225s][info][gc,heap,exit   ]    the space 10240000K,  99% used [0x000000058f000000, 0x00000007ffffffc8, 0x0000000800000000, 0x0000000800000000)
[576.225s][info][gc,heap,exit   ]  Metaspace       used 6301K, committed 6464K, reserved 1114112K
[576.225s][info][gc,heap,exit   ]   class space    used 534K, committed 640K, reserved 1048576K
