[0.012s][info][gc,init] CardTable entry size: 512
[0.012s][info][gc     ] Using Serial
[0.012s][info][gc,init] Version: 18.0.1+10 (release)
[0.012s][info][gc,init] CPUs: 8 total, 8 available
[0.012s][info][gc,init] Memory: 16063M
[0.012s][info][gc,init] Large Page Support: Disabled
[0.012s][info][gc,init] NUMA Support: Disabled
[0.012s][info][gc,init] Compressed Oops: Enabled (Zero based)
[0.012s][info][gc,init] Heap Min Capacity: 2M
[0.012s][info][gc,init] Heap Initial Capacity: 2M
[0.012s][info][gc,init] Heap Max Capacity: 2500M
[0.012s][info][gc,init] Pre-touch: Disabled
[0.013s][info][gc,metaspace] CDS archive(s) not mapped
[0.013s][info][gc,metaspace] Compressed class space mapped at: 0x0000000800000000-0x0000000840000000, reserved size: 1073741824
[0.013s][info][gc,metaspace] Narrow klass base: 0x0000000800000000, Narrow klass shift: 0, Narrow klass range: 0x40000000
[0.194s][info][gc,start    ] GC(0) Pause Young (Allocation Failure)
[0.196s][info][gc,heap     ] GC(0) DefNew: 1023K(1152K)->127K(1152K) Eden: 1023K(1024K)->0K(1024K) From: 0K(128K)->127K(128K)
[0.196s][info][gc,heap     ] GC(0) Tenured: 0K(768K)->439K(768K)
[0.196s][info][gc,metaspace] GC(0) Metaspace: 5898K(6016K)->5898K(6016K) NonClass: 5398K(5504K)->5398K(5504K) Class: 499K(512K)->499K(512K)
[0.196s][info][gc          ] GC(0) Pause Young (Allocation Failure) 0M->0M(1M) 2.011ms
[0.196s][info][gc,cpu      ] GC(0) User=0.00s Sys=0.00s Real=0.00s
[0.218s][info][gc,start    ] GC(1) Pause Young (Allocation Failure)
[0.220s][info][gc          ] GC(1) Pause Young (Allocation Failure) 1M->0M(2M) 1.667ms
[0.220s][info][gc,cpu      ] GC(1) User=0.00s Sys=0.00s Real=0.00s
[0.220s][info][gc,start    ] GC(2) Pause Full (Allocation Failure)
[0.220s][info][gc,phases,start] GC(2) Phase 1: Mark live objects
[0.221s][info][gc,phases      ] GC(2) Phase 1: Mark live objects 1.151ms
[0.221s][info][gc,phases,start] GC(2) Phase 2: Compute new object addresses
[0.222s][info][gc,phases      ] GC(2) Phase 2: Compute new object addresses 0.248ms
[0.222s][info][gc,phases,start] GC(2) Phase 3: Adjust pointers
[0.222s][info][gc,phases      ] GC(2) Phase 3: Adjust pointers 0.530ms
[0.222s][info][gc,phases,start] GC(2) Phase 4: Move objects
[0.222s][info][gc,phases      ] GC(2) Phase 4: Move objects 0.063ms
[0.222s][info][gc,heap        ] GC(2) DefNew: 1151K(1152K)->40K(1152K) Eden: 1024K(1024K)->40K(1024K) From: 127K(128K)->0K(128K)
[0.222s][info][gc,heap        ] GC(2) Tenured: 439K(768K)->959K(1600K)
[0.222s][info][gc,metaspace   ] GC(2) Metaspace: 6296K(6464K)->6296K(6464K) NonClass: 5762K(5824K)->5762K(5824K) Class: 533K(640K)->533K(640K)
[0.223s][info][gc             ] GC(2) Pause Full (Allocation Failure) 0M->0M(2M) 2.312ms
[0.223s][info][gc,cpu         ] GC(2) User=0.00s Sys=0.00s Real=0.00s
[0.224s][info][gc,start       ] GC(3) Pause Young (Allocation Failure)
[0.225s][info][gc,heap        ] GC(3) DefNew: 1024K(1152K)->127K(1152K) Eden: 1024K(1024K)->0K(1024K) From: 0K(128K)->127K(128K)
[0.226s][info][gc,heap        ] GC(3) Tenured: 959K(1600K)->1375K(1600K)
[0.226s][info][gc,metaspace   ] GC(3) Metaspace: 6296K(6464K)->6296K(6464K) NonClass: 5762K(5824K)->5762K(5824K) Class: 533K(640K)->533K(640K)
[0.226s][info][gc             ] GC(3) Pause Young (Allocation Failure) 1M->1M(2M) 1.623ms
[0.226s][info][gc,cpu         ] GC(3) User=0.00s Sys=0.00s Real=0.00s
[0.227s][info][gc,start       ] GC(4) Pause Young (Allocation Failure)
[0.228s][info][gc             ] GC(4) Pause Young (Allocation Failure) 2M->1M(3M) 1.547ms
[0.228s][info][gc,cpu         ] GC(4) User=0.00s Sys=0.00s Real=0.00s
[0.229s][info][gc,start       ] GC(5) Pause Full (Allocation Failure)
[0.229s][info][gc,phases,start] GC(5) Phase 1: Mark live objects
[0.230s][info][gc,phases      ] GC(5) Phase 1: Mark live objects 1.651ms
[0.230s][info][gc,phases,start] GC(5) Phase 2: Compute new object addresses
[0.231s][info][gc,phases      ] GC(5) Phase 2: Compute new object addresses 0.408ms
[0.231s][info][gc,phases,start] GC(5) Phase 3: Adjust pointers
[0.231s][info][gc,phases      ] GC(5) Phase 3: Adjust pointers 0.685ms
[0.231s][info][gc,phases,start] GC(5) Phase 4: Move objects
[0.232s][info][gc,phases      ] GC(5) Phase 4: Move objects 0.081ms
[0.232s][info][gc,heap        ] GC(5) DefNew: 1151K(1152K)->35K(1536K) Eden: 1024K(1024K)->35K(1408K) From: 127K(128K)->0K(128K)
[0.232s][info][gc,heap        ] GC(5) Tenured: 1375K(1600K)->1984K(3308K)
[0.232s][info][gc,metaspace   ] GC(5) Metaspace: 6296K(6464K)->6296K(6464K) NonClass: 5762K(5824K)->5762K(5824K) Class: 533K(640K)->533K(640K)
[0.232s][info][gc             ] GC(5) Pause Full (Allocation Failure) 1M->1M(4M) 3.139ms
[0.232s][info][gc,cpu         ] GC(5) User=0.00s Sys=0.00s Real=0.00s
[0.234s][info][gc,start       ] GC(6) Pause Young (Allocation Failure)
[0.236s][info][gc,heap        ] GC(6) DefNew: 1408K(1536K)->127K(1536K) Eden: 1408K(1408K)->0K(1408K) From: 0K(128K)->127K(128K)
[0.236s][info][gc,heap        ] GC(6) Tenured: 1984K(3308K)->2617K(3308K)
[0.236s][info][gc,metaspace   ] GC(6) Metaspace: 6296K(6464K)->6296K(6464K) NonClass: 5762K(5824K)->5762K(5824K) Class: 533K(640K)->533K(640K)
[0.236s][info][gc             ] GC(6) Pause Young (Allocation Failure) 3M->2M(4M) 2.078ms
[0.236s][info][gc,cpu         ] GC(6) User=0.00s Sys=0.00s Real=0.00s
[0.237s][info][gc,start       ] GC(7) Pause Young (Allocation Failure)
[0.239s][info][gc             ] GC(7) Pause Young (Allocation Failure) 4M->3M(4M) 1.768ms
[0.239s][info][gc,cpu         ] GC(7) User=0.00s Sys=0.00s Real=0.00s
[0.239s][info][gc,start       ] GC(8) Pause Full (Allocation Failure)
[0.239s][info][gc,phases,start] GC(8) Phase 1: Mark live objects
[0.242s][info][gc,phases      ] GC(8) Phase 1: Mark live objects 2.312ms
[0.242s][info][gc,phases,start] GC(8) Phase 2: Compute new object addresses
[0.242s][info][gc,phases      ] GC(8) Phase 2: Compute new object addresses 0.701ms
[0.242s][info][gc,phases,start] GC(8) Phase 3: Adjust pointers
[0.244s][info][gc,phases      ] GC(8) Phase 3: Adjust pointers 1.291ms
[0.244s][info][gc,phases,start] GC(8) Phase 4: Move objects
[0.244s][info][gc,phases      ] GC(8) Phase 4: Move objects 0.103ms
[0.244s][info][gc,heap        ] GC(8) DefNew: 1535K(1536K)->0K(2688K) Eden: 1408K(1408K)->0K(2432K) From: 127K(128K)->0K(256K)
[0.244s][info][gc,heap        ] GC(8) Tenured: 2617K(3308K)->3460K(5768K)
[0.244s][info][gc,metaspace   ] GC(8) Metaspace: 6296K(6464K)->6296K(6464K) NonClass: 5762K(5824K)->5762K(5824K) Class: 533K(640K)->533K(640K)
[0.244s][info][gc             ] GC(8) Pause Full (Allocation Failure) 3M->3M(8M) 4.754ms
[0.244s][info][gc,cpu         ] GC(8) User=0.00s Sys=0.00s Real=0.01s
[0.248s][info][gc,start       ] GC(9) Pause Young (Allocation Failure)
[0.251s][info][gc,heap        ] GC(9) DefNew: 2432K(2688K)->255K(2688K) Eden: 2432K(2432K)->0K(2432K) From: 0K(256K)->255K(256K)
[0.251s][info][gc,heap        ] GC(9) Tenured: 3460K(5768K)->4512K(5768K)
[0.251s][info][gc,metaspace   ] GC(9) Metaspace: 6296K(6464K)->6296K(6464K) NonClass: 5762K(5824K)->5762K(5824K) Class: 533K(640K)->533K(640K)
[0.251s][info][gc             ] GC(9) Pause Young (Allocation Failure) 5M->4M(8M) 2.627ms
[0.251s][info][gc,cpu         ] GC(9) User=0.00s Sys=0.00s Real=0.00s
[0.254s][info][gc,start       ] GC(10) Pause Young (Allocation Failure)
[0.257s][info][gc,heap        ] GC(10) DefNew: 2687K(2688K)->256K(2688K) Eden: 2432K(2432K)->0K(2432K) From: 255K(256K)->256K(256K)
[0.257s][info][gc,heap        ] GC(10) Tenured: 4512K(5768K)->5755K(5768K)
[0.257s][info][gc,metaspace   ] GC(10) Metaspace: 6296K(6464K)->6296K(6464K) NonClass: 5762K(5824K)->5762K(5824K) Class: 533K(640K)->533K(640K)
[0.257s][info][gc             ] GC(10) Pause Young (Allocation Failure) 7M->5M(8M) 2.853ms
[0.257s][info][gc,cpu         ] GC(10) User=0.00s Sys=0.00s Real=0.00s
[0.260s][info][gc,start       ] GC(11) Pause Young (Allocation Failure)
[0.264s][info][gc             ] GC(11) Pause Young (Allocation Failure) 8M->7M(9M) 3.671ms
[0.264s][info][gc,cpu         ] GC(11) User=0.02s Sys=0.00s Real=0.00s
[0.264s][info][gc,start       ] GC(12) Pause Full (Allocation Failure)
[0.264s][info][gc,phases,start] GC(12) Phase 1: Mark live objects
[0.269s][info][gc,phases      ] GC(12) Phase 1: Mark live objects 4.631ms
[0.269s][info][gc,phases,start] GC(12) Phase 2: Compute new object addresses
[0.270s][info][gc,phases      ] GC(12) Phase 2: Compute new object addresses 1.439ms
[0.270s][info][gc,phases,start] GC(12) Phase 3: Adjust pointers
[0.272s][info][gc,phases      ] GC(12) Phase 3: Adjust pointers 2.047ms
[0.272s][info][gc,phases,start] GC(12) Phase 4: Move objects
[0.274s][info][gc,phases      ] GC(12) Phase 4: Move objects 1.423ms
[0.274s][info][gc,heap        ] GC(12) DefNew: 2688K(2688K)->0K(5376K) Eden: 2432K(2432K)->0K(4800K) From: 256K(256K)->0K(576K)
[0.274s][info][gc,heap        ] GC(12) Tenured: 5755K(5768K)->7132K(11888K)
[0.274s][info][gc,metaspace   ] GC(12) Metaspace: 6296K(6464K)->6296K(6464K) NonClass: 5762K(5824K)->5762K(5824K) Class: 533K(640K)->533K(640K)
[0.274s][info][gc             ] GC(12) Pause Full (Allocation Failure) 7M->6M(16M) 10.048ms
[0.274s][info][gc,cpu         ] GC(12) User=0.00s Sys=0.00s Real=0.01s
[0.279s][info][gc,start       ] GC(13) Pause Young (Allocation Failure)
[0.284s][info][gc,heap        ] GC(13) DefNew: 4800K(5376K)->575K(5376K) Eden: 4800K(4800K)->0K(4800K) From: 0K(576K)->575K(576K)
[0.284s][info][gc,heap        ] GC(13) Tenured: 7132K(11888K)->9027K(11888K)
[0.284s][info][gc,metaspace   ] GC(13) Metaspace: 6296K(6464K)->6296K(6464K) NonClass: 5762K(5824K)->5762K(5824K) Class: 533K(640K)->533K(640K)
[0.284s][info][gc             ] GC(13) Pause Young (Allocation Failure) 11M->9M(16M) 4.516ms
[0.284s][info][gc,cpu         ] GC(13) User=0.00s Sys=0.00s Real=0.00s
[0.289s][info][gc,start       ] GC(14) Pause Young (Allocation Failure)
[0.296s][info][gc,heap        ] GC(14) DefNew: 5375K(5376K)->576K(5376K) Eden: 4800K(4800K)->0K(4800K) From: 575K(576K)->576K(576K)
[0.296s][info][gc,heap        ] GC(14) Tenured: 9027K(11888K)->11747K(11888K)
[0.296s][info][gc,metaspace   ] GC(14) Metaspace: 6296K(6464K)->6296K(6464K) NonClass: 5762K(5824K)->5762K(5824K) Class: 533K(640K)->533K(640K)
[0.296s][info][gc             ] GC(14) Pause Young (Allocation Failure) 14M->12M(16M) 6.830ms
[0.296s][info][gc,cpu         ] GC(14) User=0.00s Sys=0.00s Real=0.01s
[0.300s][info][gc,start       ] GC(15) Pause Young (Allocation Failure)
[0.306s][info][gc             ] GC(15) Pause Young (Allocation Failure) 16M->14M(19M) 6.365ms
[0.306s][info][gc,cpu         ] GC(15) User=0.00s Sys=0.00s Real=0.01s
[0.306s][info][gc,start       ] GC(16) Pause Full (Allocation Failure)
[0.306s][info][gc,phases,start] GC(16) Phase 1: Mark live objects
[0.314s][info][gc,phases      ] GC(16) Phase 1: Mark live objects 7.322ms
[0.314s][info][gc,phases,start] GC(16) Phase 2: Compute new object addresses
[0.316s][info][gc,phases      ] GC(16) Phase 2: Compute new object addresses 2.282ms
[0.316s][info][gc,phases,start] GC(16) Phase 3: Adjust pointers
[0.319s][info][gc,phases      ] GC(16) Phase 3: Adjust pointers 3.150ms
[0.319s][info][gc,phases,start] GC(16) Phase 4: Move objects
[0.320s][info][gc,phases      ] GC(16) Phase 4: Move objects 0.143ms
[0.320s][info][gc,heap        ] GC(16) DefNew: 5376K(5376K)->447K(10816K) Eden: 4800K(4800K)->447K(9664K) From: 576K(576K)->0K(1152K)
[0.320s][info][gc,heap        ] GC(16) Tenured: 11747K(11888K)->14324K(23876K)
[0.320s][info][gc,metaspace   ] GC(16) Metaspace: 6298K(6464K)->6298K(6464K) NonClass: 5764K(5824K)->5764K(5824K) Class: 533K(640K)->533K(640K)
[0.320s][info][gc             ] GC(16) Pause Full (Allocation Failure) 14M->14M(33M) 13.313ms
[0.320s][info][gc,cpu         ] GC(16) User=0.02s Sys=0.00s Real=0.01s
[0.328s][info][gc,start       ] GC(17) Pause Young (Allocation Failure)
[0.340s][info][gc,heap        ] GC(17) DefNew: 9664K(10816K)->1151K(10816K) Eden: 9664K(9664K)->0K(9664K) From: 0K(1152K)->1151K(1152K)
[0.340s][info][gc,heap        ] GC(17) Tenured: 14324K(23876K)->18352K(23876K)
[0.340s][info][gc,metaspace   ] GC(17) Metaspace: 6298K(6464K)->6298K(6464K) NonClass: 5764K(5824K)->5764K(5824K) Class: 533K(640K)->533K(640K)
[0.340s][info][gc             ] GC(17) Pause Young (Allocation Failure) 23M->19M(33M) 12.482ms
[0.340s][info][gc,cpu         ] GC(17) User=0.00s Sys=0.00s Real=0.01s
[0.348s][info][gc,start       ] GC(18) Pause Young (Allocation Failure)
[0.359s][info][gc,heap        ] GC(18) DefNew: 10815K(10816K)->1152K(10816K) Eden: 9664K(9664K)->0K(9664K) From: 1151K(1152K)->1152K(1152K)
[0.360s][info][gc,heap        ] GC(18) Tenured: 18352K(23876K)->23839K(23876K)
[0.360s][info][gc,metaspace   ] GC(18) Metaspace: 6298K(6464K)->6298K(6464K) NonClass: 5764K(5824K)->5764K(5824K) Class: 533K(640K)->533K(640K)
[0.360s][info][gc             ] GC(18) Pause Young (Allocation Failure) 28M->24M(33M) 11.871ms
[0.360s][info][gc,cpu         ] GC(18) User=0.00s Sys=0.00s Real=0.01s
[0.367s][info][gc,start       ] GC(19) Pause Young (Allocation Failure)
[0.377s][info][gc             ] GC(19) Pause Young (Allocation Failure) 33M->29M(38M) 10.546ms
[0.377s][info][gc,cpu         ] GC(19) User=0.00s Sys=0.00s Real=0.01s
[0.377s][info][gc,start       ] GC(20) Pause Full (Allocation Failure)
[0.377s][info][gc,phases,start] GC(20) Phase 1: Mark live objects
[0.391s][info][gc,phases      ] GC(20) Phase 1: Mark live objects 13.735ms
[0.391s][info][gc,phases,start] GC(20) Phase 2: Compute new object addresses
[0.396s][info][gc,phases      ] GC(20) Phase 2: Compute new object addresses 4.680ms
[0.396s][info][gc,phases,start] GC(20) Phase 3: Adjust pointers
[0.401s][info][gc,phases      ] GC(20) Phase 3: Adjust pointers 5.245ms
[0.401s][info][gc,phases,start] GC(20) Phase 4: Move objects
[0.401s][info][gc,phases      ] GC(20) Phase 4: Move objects 0.171ms
[0.401s][info][gc,heap        ] GC(20) DefNew: 10816K(10816K)->1048K(21760K) Eden: 9664K(9664K)->1048K(19392K) From: 1152K(1152K)->0K(2368K)
[0.401s][info][gc,heap        ] GC(20) Tenured: 23839K(23876K)->28935K(48228K)
[0.401s][info][gc,metaspace   ] GC(20) Metaspace: 6298K(6464K)->6298K(6464K) NonClass: 5764K(5824K)->5764K(5824K) Class: 533K(640K)->533K(640K)
[0.402s][info][gc             ] GC(20) Pause Full (Allocation Failure) 29M->29M(68M) 24.247ms
[0.402s][info][gc,cpu         ] GC(20) User=0.03s Sys=0.00s Real=0.02s
[0.418s][info][gc,start       ] GC(21) Pause Young (Allocation Failure)
[0.448s][info][gc,heap        ] GC(21) DefNew: 19392K(21760K)->2367K(21760K) Eden: 19392K(19392K)->0K(19392K) From: 0K(2368K)->2367K(2368K)
[0.448s][info][gc,heap        ] GC(21) Tenured: 28935K(48228K)->40665K(48228K)
[0.448s][info][gc,metaspace   ] GC(21) Metaspace: 6298K(6464K)->6298K(6464K) NonClass: 5764K(5824K)->5764K(5824K) Class: 533K(640K)->533K(640K)
[0.448s][info][gc             ] GC(21) Pause Young (Allocation Failure) 47M->42M(68M) 30.034ms
[0.448s][info][gc,cpu         ] GC(21) User=0.02s Sys=0.00s Real=0.03s
[0.468s][info][gc,start       ] GC(22) Pause Young (Allocation Failure)
[0.503s][info][gc             ] GC(22) Pause Young (Allocation Failure) 60M->60M(79M) 35.091ms
[0.503s][info][gc,cpu         ] GC(22) User=0.03s Sys=0.00s Real=0.04s
[0.503s][info][gc,start       ] GC(23) Pause Full (Allocation Failure)
[0.503s][info][gc,phases,start] GC(23) Phase 1: Mark live objects
[0.528s][info][gc,phases      ] GC(23) Phase 1: Mark live objects 24.479ms
[0.528s][info][gc,phases,start] GC(23) Phase 2: Compute new object addresses
[0.537s][info][gc,phases      ] GC(23) Phase 2: Compute new object addresses 9.516ms
[0.537s][info][gc,phases,start] GC(23) Phase 3: Adjust pointers
[0.548s][info][gc,phases      ] GC(23) Phase 3: Adjust pointers 10.673ms
[0.548s][info][gc,phases,start] GC(23) Phase 4: Move objects
[0.548s][info][gc,phases      ] GC(23) Phase 4: Move objects 0.354ms
[0.549s][info][gc,heap        ] GC(23) DefNew: 21759K(21760K)->2261K(45184K) Eden: 19392K(19392K)->2261K(40192K) From: 2367K(2368K)->0K(4992K)
[0.549s][info][gc,heap        ] GC(23) Tenured: 40665K(48228K)->60131K(100220K)
[0.549s][info][gc,metaspace   ] GC(23) Metaspace: 6298K(6464K)->6298K(6464K) NonClass: 5764K(5824K)->5764K(5824K) Class: 533K(640K)->533K(640K)
[0.549s][info][gc             ] GC(23) Pause Full (Allocation Failure) 60M->60M(141M) 45.747ms
[0.549s][info][gc,cpu         ] GC(23) User=0.03s Sys=0.02s Real=0.04s
[0.590s][info][gc,start       ] GC(24) Pause Young (Allocation Failure)
[0.652s][info][gc,heap        ] GC(24) DefNew: 40192K(45184K)->4991K(45184K) Eden: 40192K(40192K)->0K(40192K) From: 0K(4992K)->4991K(4992K)
[0.652s][info][gc,heap        ] GC(24) Tenured: 60131K(100220K)->95302K(100220K)
[0.652s][info][gc,metaspace   ] GC(24) Metaspace: 6298K(6464K)->6298K(6464K) NonClass: 5764K(5824K)->5764K(5824K) Class: 533K(640K)->533K(640K)
[0.652s][info][gc             ] GC(24) Pause Young (Allocation Failure) 97M->97M(141M) 62.374ms
[0.652s][info][gc,cpu         ] GC(24) User=0.03s Sys=0.03s Real=0.06s
[0.684s][info][gc,start       ] GC(25) Pause Young (Allocation Failure)
[0.755s][info][gc             ] GC(25) Pause Young (Allocation Failure) 137M->137M(176M) 70.505ms
[0.755s][info][gc,cpu         ] GC(25) User=0.05s Sys=0.02s Real=0.07s
[0.755s][info][gc,start       ] GC(26) Pause Full (Allocation Failure)
[0.755s][info][gc,phases,start] GC(26) Phase 1: Mark live objects
[0.813s][info][gc,phases      ] GC(26) Phase 1: Mark live objects 57.598ms
[0.813s][info][gc,phases,start] GC(26) Phase 2: Compute new object addresses
[0.836s][info][gc,phases      ] GC(26) Phase 2: Compute new object addresses 23.369ms
[0.836s][info][gc,phases,start] GC(26) Phase 3: Adjust pointers
[0.863s][info][gc,phases      ] GC(26) Phase 3: Adjust pointers 26.594ms
[0.863s][info][gc,phases,start] GC(26) Phase 4: Move objects
[0.888s][info][gc,phases      ] GC(26) Phase 4: Move objects 25.479ms
[0.889s][info][gc,heap        ] GC(26) DefNew: 45183K(45184K)->999K(101760K) Eden: 40192K(40192K)->999K(90496K) From: 4991K(4992K)->0K(11264K)
[0.889s][info][gc,heap        ] GC(26) Tenured: 95302K(100220K)->135615K(226028K)
[0.889s][info][gc,metaspace   ] GC(26) Metaspace: 6298K(6464K)->6298K(6464K) NonClass: 5764K(5824K)->5764K(5824K) Class: 533K(640K)->533K(640K)
[0.889s][info][gc             ] GC(26) Pause Full (Allocation Failure) 137M->133M(320M) 134.002ms
[0.889s][info][gc,cpu         ] GC(26) User=0.11s Sys=0.00s Real=0.13s
[0.981s][info][gc,start       ] GC(27) Pause Young (Allocation Failure)
[1.131s][info][gc,heap        ] GC(27) DefNew: 90496K(101760K)->11264K(101760K) Eden: 90496K(90496K)->0K(90496K) From: 0K(11264K)->11264K(11264K)
[1.131s][info][gc,heap        ] GC(27) Tenured: 135615K(226028K)->214822K(226028K)
[1.131s][info][gc,metaspace   ] GC(27) Metaspace: 6298K(6464K)->6298K(6464K) NonClass: 5764K(5824K)->5764K(5824K) Class: 533K(640K)->533K(640K)
[1.131s][info][gc             ] GC(27) Pause Young (Allocation Failure) 220M->220M(320M) 150.336ms
[1.131s][info][gc,cpu         ] GC(27) User=0.14s Sys=0.02s Real=0.15s
[1.217s][info][gc,start       ] GC(28) Pause Young (Allocation Failure)
[1.383s][info][gc             ] GC(28) Pause Young (Allocation Failure) 309M->309M(397M) 165.826ms
[1.383s][info][gc,cpu         ] GC(28) User=0.11s Sys=0.05s Real=0.17s
[1.383s][info][gc,start       ] GC(29) Pause Full (Allocation Failure)
[1.383s][info][gc,phases,start] GC(29) Phase 1: Mark live objects
[1.521s][info][gc,phases      ] GC(29) Phase 1: Mark live objects 137.609ms
[1.521s][info][gc,phases,start] GC(29) Phase 2: Compute new object addresses
[1.573s][info][gc,phases      ] GC(29) Phase 2: Compute new object addresses 51.933ms
[1.573s][info][gc,phases,start] GC(29) Phase 3: Adjust pointers
[1.627s][info][gc,phases      ] GC(29) Phase 3: Adjust pointers 54.386ms
[1.627s][info][gc,phases,start] GC(29) Phase 4: Move objects
[1.630s][info][gc,phases      ] GC(29) Phase 4: Move objects 2.206ms
[1.631s][info][gc,heap        ] GC(29) DefNew: 101760K(101760K)->11090K(229184K) Eden: 90496K(90496K)->11090K(203776K) From: 11264K(11264K)->0K(25408K)
[1.631s][info][gc,heap        ] GC(29) Tenured: 214822K(226028K)->305456K(509096K)
[1.631s][info][gc,metaspace   ] GC(29) Metaspace: 6298K(6464K)->6298K(6464K) NonClass: 5764K(5824K)->5764K(5824K) Class: 533K(640K)->533K(640K)
[1.631s][info][gc             ] GC(29) Pause Full (Allocation Failure) 309M->309M(720M) 247.392ms
[1.631s][info][gc,cpu         ] GC(29) User=0.23s Sys=0.00s Real=0.25s
[1.837s][info][gc,start       ] GC(30) Pause Young (Allocation Failure)
[2.172s][info][gc,heap        ] GC(30) DefNew: 203776K(229184K)->25407K(229184K) Eden: 203776K(203776K)->0K(203776K) From: 0K(25408K)->25407K(25408K)
[2.172s][info][gc,heap        ] GC(30) Tenured: 305456K(509096K)->483799K(509096K)
[2.172s][info][gc,metaspace   ] GC(30) Metaspace: 6298K(6464K)->6298K(6464K) NonClass: 5764K(5824K)->5764K(5824K) Class: 533K(640K)->533K(640K)
[2.172s][info][gc             ] GC(30) Pause Young (Allocation Failure) 497M->497M(720M) 334.892ms
[2.172s][info][gc,cpu         ] GC(30) User=0.27s Sys=0.08s Real=0.34s
[2.358s][info][gc,start       ] GC(31) Pause Young (Allocation Failure)
[2.736s][info][gc             ] GC(31) Pause Young (Allocation Failure) 696M->696M(895M) 378.281ms
[2.736s][info][gc,cpu         ] GC(31) User=0.30s Sys=0.08s Real=0.38s
[2.736s][info][gc,start       ] GC(32) Pause Full (Allocation Failure)
[2.736s][info][gc,phases,start] GC(32) Phase 1: Mark live objects
[3.055s][info][gc,phases      ] GC(32) Phase 1: Mark live objects 318.970ms
[3.055s][info][gc,phases,start] GC(32) Phase 2: Compute new object addresses
[3.161s][info][gc,phases      ] GC(32) Phase 2: Compute new object addresses 105.770ms
[3.161s][info][gc,phases,start] GC(32) Phase 3: Adjust pointers
[3.277s][info][gc,phases      ] GC(32) Phase 3: Adjust pointers 115.514ms
[3.277s][info][gc,phases,start] GC(32) Phase 4: Move objects
[3.282s][info][gc,phases      ] GC(32) Phase 4: Move objects 5.050ms
[3.284s][info][gc,heap        ] GC(32) DefNew: 229183K(229184K)->25224K(515840K) Eden: 203776K(203776K)->25224K(458560K) From: 25407K(25408K)->0K(57280K)
[3.284s][info][gc,heap        ] GC(32) Tenured: 483799K(509096K)->687723K(1146208K)
[3.284s][info][gc,metaspace   ] GC(32) Metaspace: 6298K(6464K)->6298K(6464K) NonClass: 5764K(5824K)->5764K(5824K) Class: 533K(640K)->533K(640K)
[3.284s][info][gc             ] GC(32) Pause Full (Allocation Failure) 696M->696M(1623M) 547.506ms
[3.284s][info][gc,cpu         ] GC(32) User=0.52s Sys=0.00s Real=0.55s
[3.749s][info][gc,start       ] GC(33) Pause Young (Allocation Failure)
[4.524s][info][gc,heap        ] GC(33) DefNew: 458560K(515840K)->57279K(515840K) Eden: 458560K(458560K)->0K(458560K) From: 0K(57280K)->57279K(57280K)
[4.524s][info][gc,heap        ] GC(33) Tenured: 687723K(1146208K)->1088976K(1146208K)
[4.524s][info][gc,metaspace   ] GC(33) Metaspace: 6298K(6464K)->6298K(6464K) NonClass: 5764K(5824K)->5764K(5824K) Class: 533K(640K)->533K(640K)
[4.524s][info][gc             ] GC(33) Pause Young (Allocation Failure) 1119M->1119M(1623M) 774.823ms
[4.524s][info][gc,cpu         ] GC(33) User=0.70s Sys=0.06s Real=0.77s
[4.998s][info][gc,start       ] GC(34) Pause Young (Allocation Failure)
[5.717s][info][gc             ] GC(34) Pause Young (Allocation Failure) 1567M->1515M(1963M) 718.554ms
[5.717s][info][gc,cpu         ] GC(34) User=0.58s Sys=0.11s Real=0.72s
[5.717s][info][gc,start       ] GC(35) Pause Full (Allocation Failure)
[5.717s][info][gc,phases,start] GC(35) Phase 1: Mark live objects
[6.380s][info][gc,phases      ] GC(35) Phase 1: Mark live objects 663.078ms
[6.380s][info][gc,phases,start] GC(35) Phase 2: Compute new object addresses
[6.597s][info][gc,phases      ] GC(35) Phase 2: Compute new object addresses 216.807ms
[6.597s][info][gc,phases,start] GC(35) Phase 3: Adjust pointers
[6.860s][info][gc,phases      ] GC(35) Phase 3: Adjust pointers 263.147ms
[6.860s][info][gc,phases,start] GC(35) Phase 4: Move objects
[6.871s][info][gc,phases      ] GC(35) Phase 4: Move objects 11.225ms
[6.873s][info][gc,heap        ] GC(35) DefNew: 515839K(515840K)->57105K(768000K) Eden: 458560K(458560K)->57105K(682688K) From: 57279K(57280K)->0K(85312K)
[6.873s][info][gc,heap        ] GC(35) Tenured: 1088976K(1146208K)->1494948K(1706688K)
[6.873s][info][gc,metaspace   ] GC(35) Metaspace: 6298K(6464K)->6298K(6464K) NonClass: 5764K(5824K)->5764K(5824K) Class: 533K(640K)->533K(640K)
[6.873s][info][gc             ] GC(35) Pause Full (Allocation Failure) 1515M->1515M(2416M) 1156.050ms
[6.873s][info][gc,cpu         ] GC(35) User=1.16s Sys=0.00s Real=1.16s
[7.459s][info][gc,start       ] GC(36) Pause Young (Allocation Failure)
[7.459s][info][gc             ] GC(36) Pause Young (Allocation Failure) 2126M->2126M(2416M) 0.097ms
[7.459s][info][gc,cpu         ] GC(36) User=0.00s Sys=0.00s Real=0.00s
[7.459s][info][gc,start       ] GC(37) Pause Full (Allocation Failure)
[7.459s][info][gc,phases,start] GC(37) Phase 1: Mark live objects
[8.420s][info][gc,phases      ] GC(37) Phase 1: Mark live objects 960.983ms
[8.420s][info][gc,phases,start] GC(37) Phase 2: Compute new object addresses
[8.729s][info][gc,phases      ] GC(37) Phase 2: Compute new object addresses 309.743ms
[8.730s][info][gc,phases,start] GC(37) Phase 3: Adjust pointers
[9.239s][info][gc,phases      ] GC(37) Phase 3: Adjust pointers 509.636ms
[9.239s][info][gc,phases,start] GC(37) Phase 4: Move objects
[9.671s][info][gc,phases      ] GC(37) Phase 4: Move objects 431.270ms
[9.671s][info][gc,heap        ] GC(37) DefNew: 682688K(768000K)->442248K(768000K) Eden: 682688K(682688K)->442248K(682688K) From: 0K(85312K)->0K(85312K)
[9.671s][info][gc,heap        ] GC(37) Tenured: 1494948K(1706688K)->1706687K(1706688K)
[9.671s][info][gc,metaspace   ] GC(37) Metaspace: 6298K(6464K)->6298K(6464K) NonClass: 5764K(5824K)->5764K(5824K) Class: 533K(640K)->533K(640K)
[9.671s][info][gc             ] GC(37) Pause Full (Allocation Failure) 2126M->2098M(2416M) 2212.385ms
[9.671s][info][gc,cpu         ] GC(37) User=2.14s Sys=0.06s Real=2.21s
[10.154s][info][gc,start       ] GC(38) Pause Full (Allocation Failure)
[10.154s][info][gc,phases,start] GC(38) Phase 1: Mark live objects
[11.265s][info][gc,phases      ] GC(38) Phase 1: Mark live objects 1110.920ms
[11.265s][info][gc,phases,start] GC(38) Phase 2: Compute new object addresses
[11.606s][info][gc,phases      ] GC(38) Phase 2: Compute new object addresses 341.245ms
[11.606s][info][gc,phases,start] GC(38) Phase 3: Adjust pointers
[12.103s][info][gc,phases      ] GC(38) Phase 3: Adjust pointers 496.867ms
[12.103s][info][gc,phases,start] GC(38) Phase 4: Move objects
[12.151s][info][gc,phases      ] GC(38) Phase 4: Move objects 47.614ms
[12.151s][info][gc,heap        ] GC(38) DefNew: 767999K(768000K)->767988K(768000K) Eden: 682688K(682688K)->682688K(682688K) From: 85311K(85312K)->85300K(85312K)
[12.151s][info][gc,heap        ] GC(38) Tenured: 1706687K(1706688K)->1706687K(1706688K)
[12.151s][info][gc,metaspace   ] GC(38) Metaspace: 6298K(6464K)->6298K(6464K) NonClass: 5764K(5824K)->5764K(5824K) Class: 533K(640K)->533K(640K)
[12.151s][info][gc             ] GC(38) Pause Full (Allocation Failure) 2416M->2416M(2416M) 1997.607ms
[12.152s][info][gc,cpu         ] GC(38) User=1.98s Sys=0.00s Real=2.00s
[12.152s][info][gc,start       ] GC(39) Pause Full (Allocation Failure)
[12.152s][info][gc,phases,start] GC(39) Phase 1: Mark live objects
[13.269s][info][gc,phases      ] GC(39) Phase 1: Mark live objects 1116.957ms
[13.269s][info][gc,phases,start] GC(39) Phase 2: Compute new object addresses
[13.609s][info][gc,phases      ] GC(39) Phase 2: Compute new object addresses 339.648ms
[13.609s][info][gc,phases,start] GC(39) Phase 3: Adjust pointers
[14.088s][info][gc,phases      ] GC(39) Phase 3: Adjust pointers 479.699ms
[14.088s][info][gc,phases,start] GC(39) Phase 4: Move objects
[14.088s][info][gc,phases      ] GC(39) Phase 4: Move objects 0.016ms
[14.089s][info][gc,heap        ] GC(39) DefNew: 767999K(768000K)->767999K(768000K) Eden: 682688K(682688K)->682688K(682688K) From: 85311K(85312K)->85311K(85312K)
[14.089s][info][gc,heap        ] GC(39) Tenured: 1706687K(1706688K)->1706687K(1706688K)
[14.089s][info][gc,metaspace   ] GC(39) Metaspace: 6298K(6464K)->6298K(6464K) NonClass: 5764K(5824K)->5764K(5824K) Class: 533K(640K)->533K(640K)
[14.089s][info][gc             ] GC(39) Pause Full (Allocation Failure) 2416M->2416M(2416M) 1936.878ms
[14.089s][info][gc,cpu         ] GC(39) User=1.88s Sys=0.00s Real=1.94s
[14.089s][info][gc,start       ] GC(40) Pause Full (Allocation Failure)
[14.089s][info][gc,phases,start] GC(40) Phase 1: Mark live objects
[15.200s][info][gc,phases      ] GC(40) Phase 1: Mark live objects 1111.277ms
[15.200s][info][gc,phases,start] GC(40) Phase 2: Compute new object addresses
[15.546s][info][gc,phases      ] GC(40) Phase 2: Compute new object addresses 346.219ms
[15.546s][info][gc,phases,start] GC(40) Phase 3: Adjust pointers
[16.127s][info][gc,phases      ] GC(40) Phase 3: Adjust pointers 581.127ms
[16.128s][info][gc,phases,start] GC(40) Phase 4: Move objects
[16.517s][info][gc,phases      ] GC(40) Phase 4: Move objects 389.069ms
[16.517s][info][gc,heap        ] GC(40) DefNew: 767999K(768000K)->767995K(768000K) Eden: 682688K(682688K)->682687K(682688K) From: 85311K(85312K)->85307K(85312K)
[16.517s][info][gc,heap        ] GC(40) Tenured: 1706687K(1706688K)->1706687K(1706688K)
[16.517s][info][gc,metaspace   ] GC(40) Metaspace: 6298K(6464K)->6296K(6464K) NonClass: 5764K(5824K)->5763K(5824K) Class: 533K(640K)->532K(640K)
[16.517s][info][gc             ] GC(40) Pause Full (Allocation Failure) 2416M->2416M(2416M) 2428.576ms
[16.517s][info][gc,cpu         ] GC(40) User=2.42s Sys=0.00s Real=2.43s
[16.518s][info][gc,start       ] GC(41) Pause Full (Allocation Failure)
[16.518s][info][gc,phases,start] GC(41) Phase 1: Mark live objects
[17.641s][info][gc,phases      ] GC(41) Phase 1: Mark live objects 1123.116ms
[17.641s][info][gc,phases,start] GC(41) Phase 2: Compute new object addresses
[17.986s][info][gc,phases      ] GC(41) Phase 2: Compute new object addresses 344.839ms
[17.986s][info][gc,phases,start] GC(41) Phase 3: Adjust pointers
[18.465s][info][gc,phases      ] GC(41) Phase 3: Adjust pointers 478.754ms
[18.465s][info][gc,phases,start] GC(41) Phase 4: Move objects
[18.465s][info][gc,phases      ] GC(41) Phase 4: Move objects 0.016ms
[18.465s][info][gc,heap        ] GC(41) DefNew: 768000K(768000K)->768000K(768000K) Eden: 682688K(682688K)->682688K(682688K) From: 85312K(85312K)->85312K(85312K)
[18.465s][info][gc,heap        ] GC(41) Tenured: 1706687K(1706688K)->1706687K(1706688K)
[18.465s][info][gc,metaspace   ] GC(41) Metaspace: 6296K(6464K)->6296K(6464K) NonClass: 5763K(5824K)->5763K(5824K) Class: 532K(640K)->532K(640K)
[18.465s][info][gc             ] GC(41) Pause Full (Allocation Failure) 2416M->2416M(2416M) 1947.364ms
[18.465s][info][gc,cpu         ] GC(41) User=1.94s Sys=0.00s Real=1.95s
[18.465s][info][gc,start       ] GC(42) Pause Full (Allocation Failure)
[18.465s][info][gc,phases,start] GC(42) Phase 1: Mark live objects
[19.586s][info][gc,phases      ] GC(42) Phase 1: Mark live objects 1120.845ms
[19.586s][info][gc,phases,start] GC(42) Phase 2: Compute new object addresses
[19.936s][info][gc,phases      ] GC(42) Phase 2: Compute new object addresses 349.275ms
[19.936s][info][gc,phases,start] GC(42) Phase 3: Adjust pointers
[20.412s][info][gc,phases      ] GC(42) Phase 3: Adjust pointers 476.488ms
[20.412s][info][gc,phases,start] GC(42) Phase 4: Move objects
[20.412s][info][gc,phases      ] GC(42) Phase 4: Move objects 0.016ms
[20.412s][info][gc,heap        ] GC(42) DefNew: 768000K(768000K)->768000K(768000K) Eden: 682688K(682688K)->682688K(682688K) From: 85312K(85312K)->85312K(85312K)
[20.412s][info][gc,heap        ] GC(42) Tenured: 1706687K(1706688K)->1706687K(1706688K)
[20.412s][info][gc,metaspace   ] GC(42) Metaspace: 6296K(6464K)->6296K(6464K) NonClass: 5763K(5824K)->5763K(5824K) Class: 532K(640K)->532K(640K)
[20.413s][info][gc             ] GC(42) Pause Full (Allocation Failure) 2416M->2416M(2416M) 1947.158ms
[20.413s][info][gc,cpu         ] GC(42) User=1.95s Sys=0.00s Real=1.95s
[20.413s][info][gc,start       ] GC(43) Pause Full (Allocation Failure)
[20.413s][info][gc,phases,start] GC(43) Phase 1: Mark live objects
[21.531s][info][gc,phases      ] GC(43) Phase 1: Mark live objects 1118.039ms
[21.531s][info][gc,phases,start] GC(43) Phase 2: Compute new object addresses
[21.874s][info][gc,phases      ] GC(43) Phase 2: Compute new object addresses 343.397ms
[21.875s][info][gc,phases,start] GC(43) Phase 3: Adjust pointers
[22.347s][info][gc,phases      ] GC(43) Phase 3: Adjust pointers 472.527ms
[22.347s][info][gc,phases,start] GC(43) Phase 4: Move objects
[22.347s][info][gc,phases      ] GC(43) Phase 4: Move objects 0.016ms
[22.347s][info][gc,heap        ] GC(43) DefNew: 768000K(768000K)->768000K(768000K) Eden: 682688K(682688K)->682688K(682688K) From: 85312K(85312K)->85312K(85312K)
[22.347s][info][gc,heap        ] GC(43) Tenured: 1706688K(1706688K)->1706688K(1706688K)
[22.347s][info][gc,metaspace   ] GC(43) Metaspace: 6296K(6464K)->6296K(6464K) NonClass: 5763K(5824K)->5763K(5824K) Class: 532K(640K)->532K(640K)
[22.347s][info][gc             ] GC(43) Pause Full (Allocation Failure) 2416M->2416M(2416M) 1934.605ms
[22.347s][info][gc,cpu         ] GC(43) User=1.92s Sys=0.00s Real=1.93s
[22.347s][info][gc,start       ] GC(44) Pause Full (Allocation Failure)
[22.348s][info][gc,phases,start] GC(44) Phase 1: Mark live objects
[23.461s][info][gc,phases      ] GC(44) Phase 1: Mark live objects 1113.553ms
[23.461s][info][gc,phases,start] GC(44) Phase 2: Compute new object addresses
[23.808s][info][gc,phases      ] GC(44) Phase 2: Compute new object addresses 347.089ms
[23.808s][info][gc,phases,start] GC(44) Phase 3: Adjust pointers
[24.383s][info][gc,phases      ] GC(44) Phase 3: Adjust pointers 574.430ms
[24.383s][info][gc,phases,start] GC(44) Phase 4: Move objects
[24.773s][info][gc,phases      ] GC(44) Phase 4: Move objects 390.370ms
[24.774s][info][gc,heap        ] GC(44) DefNew: 768000K(768000K)->767998K(768000K) Eden: 682688K(682688K)->682687K(682688K) From: 85312K(85312K)->85310K(85312K)
[24.774s][info][gc,heap        ] GC(44) Tenured: 1706688K(1706688K)->1706687K(1706688K)
[24.774s][info][gc,metaspace   ] GC(44) Metaspace: 6296K(6464K)->6296K(6464K) NonClass: 5763K(5824K)->5763K(5824K) Class: 532K(640K)->532K(640K)
[24.774s][info][gc             ] GC(44) Pause Full (Allocation Failure) 2416M->2416M(2416M) 2426.316ms
[24.774s][info][gc,cpu         ] GC(44) User=2.42s Sys=0.00s Real=2.43s
[24.775s][info][gc,start       ] GC(45) Pause Full (Allocation Failure)
[24.775s][info][gc,phases,start] GC(45) Phase 1: Mark live objects
[25.885s][info][gc,phases      ] GC(45) Phase 1: Mark live objects 1110.368ms
[25.885s][info][gc,phases,start] GC(45) Phase 2: Compute new object addresses
[26.229s][info][gc,phases      ] GC(45) Phase 2: Compute new object addresses 343.834ms
[26.229s][info][gc,phases,start] GC(45) Phase 3: Adjust pointers
[26.807s][info][gc,phases      ] GC(45) Phase 3: Adjust pointers 578.089ms
[26.807s][info][gc,phases,start] GC(45) Phase 4: Move objects
[27.200s][info][gc,phases      ] GC(45) Phase 4: Move objects 392.047ms
[27.200s][info][gc,heap        ] GC(45) DefNew: 767999K(768000K)->767997K(768000K) Eden: 682687K(682688K)->682687K(682688K) From: 85311K(85312K)->85309K(85312K)
[27.200s][info][gc,heap        ] GC(45) Tenured: 1706687K(1706688K)->1706687K(1706688K)
[27.200s][info][gc,metaspace   ] GC(45) Metaspace: 6298K(6464K)->6298K(6464K) NonClass: 5764K(5824K)->5764K(5824K) Class: 533K(640K)->533K(640K)
[27.200s][info][gc             ] GC(45) Pause Full (Allocation Failure) 2416M->2416M(2416M) 2425.312ms
[27.200s][info][gc,cpu         ] GC(45) User=2.41s Sys=0.02s Real=2.43s
[27.201s][info][gc,heap,exit   ] Heap
[27.201s][info][gc,heap,exit   ]  def new generation   total 768000K, used 767997K [0x0000000763c00000, 0x0000000797d50000, 0x0000000797d50000)
[27.201s][info][gc,heap,exit   ]   eden space 682688K, 100% used [0x0000000763c00000, 0x000000078d6b0000, 0x000000078d6b0000)
[27.201s][info][gc,heap,exit   ]   from space 85312K,  99% used [0x000000078d6b0000, 0x00000007929ff7c0, 0x0000000792a00000)
[27.201s][info][gc,heap,exit   ]   to   space 85312K,   0% used [0x0000000792a00000, 0x0000000792a00000, 0x0000000797d50000)
[27.201s][info][gc,heap,exit   ]  tenured generation   total 1706688K, used 1706687K [0x0000000797d50000, 0x0000000800000000, 0x0000000800000000)
[27.201s][info][gc,heap,exit   ]    the space 1706688K,  99% used [0x0000000797d50000, 0x00000007ffffffd8, 0x0000000800000000, 0x0000000800000000)
[27.201s][info][gc,heap,exit   ]  Metaspace       used 6301K, committed 6464K, reserved 1114112K
[27.201s][info][gc,heap,exit   ]   class space    used 534K, committed 640K, reserved 1048576K
