[0.011s][info][gc,init] CardTable entry size: 512
[0.011s][info][gc     ] Using Serial
[0.011s][info][gc,init] Version: 18.0.1+10 (release)
[0.011s][info][gc,init] CPUs: 8 total, 8 available
[0.011s][info][gc,init] Memory: 16063M
[0.011s][info][gc,init] Large Page Support: Disabled
[0.011s][info][gc,init] NUMA Support: Disabled
[0.011s][info][gc,init] Compressed Oops: Enabled (Zero based)
[0.011s][info][gc,init] Heap Min Capacity: 2M
[0.011s][info][gc,init] Heap Initial Capacity: 2M
[0.011s][info][gc,init] Heap Max Capacity: 16800M
[0.011s][info][gc,init] Pre-touch: Disabled
[0.012s][info][gc,metaspace] CDS archive(s) not mapped
[0.012s][info][gc,metaspace] Compressed class space mapped at: 0x0000000800000000-0x0000000840000000, reserved size: 1073741824
[0.012s][info][gc,metaspace] Narrow klass base: 0x0000000800000000, Narrow klass shift: 0, Narrow klass range: 0x40000000
[0.184s][info][gc,start    ] GC(0) Pause Young (Allocation Failure)
[0.187s][info][gc,heap     ] GC(0) DefNew: 1023K(1152K)->127K(1152K) Eden: 1023K(1024K)->0K(1024K) From: 0K(128K)->127K(128K)
[0.187s][info][gc,heap     ] GC(0) Tenured: 0K(768K)->439K(768K)
[0.187s][info][gc,metaspace] GC(0) Metaspace: 5902K(6016K)->5902K(6016K) NonClass: 5402K(5504K)->5402K(5504K) Class: 499K(512K)->499K(512K)
[0.187s][info][gc          ] GC(0) Pause Young (Allocation Failure) 0M->0M(1M) 2.501ms
[0.187s][info][gc,cpu      ] GC(0) User=0.00s Sys=0.00s Real=0.00s
[0.212s][info][gc,start    ] GC(1) Pause Young (Allocation Failure)
[0.214s][info][gc          ] GC(1) Pause Young (Allocation Failure) 1M->0M(2M) 1.792ms
[0.214s][info][gc,cpu      ] GC(1) User=0.00s Sys=0.00s Real=0.00s
[0.214s][info][gc,start    ] GC(2) Pause Full (Allocation Failure)
[0.214s][info][gc,phases,start] GC(2) Phase 1: Mark live objects
[0.215s][info][gc,phases      ] GC(2) Phase 1: Mark live objects 0.926ms
[0.215s][info][gc,phases,start] GC(2) Phase 2: Compute new object addresses
[0.215s][info][gc,phases      ] GC(2) Phase 2: Compute new object addresses 0.218ms
[0.215s][info][gc,phases,start] GC(2) Phase 3: Adjust pointers
[0.216s][info][gc,phases      ] GC(2) Phase 3: Adjust pointers 0.484ms
[0.216s][info][gc,phases,start] GC(2) Phase 4: Move objects
[0.216s][info][gc,phases      ] GC(2) Phase 4: Move objects 0.059ms
[0.216s][info][gc,heap        ] GC(2) DefNew: 1151K(1152K)->40K(1152K) Eden: 1024K(1024K)->40K(1024K) From: 127K(128K)->0K(128K)
[0.216s][info][gc,heap        ] GC(2) Tenured: 439K(768K)->959K(1600K)
[0.216s][info][gc,metaspace   ] GC(2) Metaspace: 6300K(6464K)->6300K(6464K) NonClass: 5766K(5824K)->5766K(5824K) Class: 533K(640K)->533K(640K)
[0.216s][info][gc             ] GC(2) Pause Full (Allocation Failure) 0M->0M(2M) 1.959ms
[0.216s][info][gc,cpu         ] GC(2) User=0.00s Sys=0.00s Real=0.00s
[0.218s][info][gc,start       ] GC(3) Pause Young (Allocation Failure)
[0.220s][info][gc,heap        ] GC(3) DefNew: 1024K(1152K)->127K(1152K) Eden: 1024K(1024K)->0K(1024K) From: 0K(128K)->127K(128K)
[0.220s][info][gc,heap        ] GC(3) Tenured: 959K(1600K)->1375K(1600K)
[0.220s][info][gc,metaspace   ] GC(3) Metaspace: 6300K(6464K)->6300K(6464K) NonClass: 5766K(5824K)->5766K(5824K) Class: 533K(640K)->533K(640K)
[0.220s][info][gc             ] GC(3) Pause Young (Allocation Failure) 1M->1M(2M) 1.594ms
[0.220s][info][gc,cpu         ] GC(3) User=0.00s Sys=0.00s Real=0.00s
[0.222s][info][gc,start       ] GC(4) Pause Young (Allocation Failure)
[0.223s][info][gc             ] GC(4) Pause Young (Allocation Failure) 2M->1M(3M) 1.230ms
[0.223s][info][gc,cpu         ] GC(4) User=0.00s Sys=0.00s Real=0.00s
[0.223s][info][gc,start       ] GC(5) Pause Full (Allocation Failure)
[0.223s][info][gc,phases,start] GC(5) Phase 1: Mark live objects
[0.225s][info][gc,phases      ] GC(5) Phase 1: Mark live objects 1.389ms
[0.225s][info][gc,phases,start] GC(5) Phase 2: Compute new object addresses
[0.225s][info][gc,phases      ] GC(5) Phase 2: Compute new object addresses 0.392ms
[0.225s][info][gc,phases,start] GC(5) Phase 3: Adjust pointers
[0.226s][info][gc,phases      ] GC(5) Phase 3: Adjust pointers 0.991ms
[0.226s][info][gc,phases,start] GC(5) Phase 4: Move objects
[0.226s][info][gc,phases      ] GC(5) Phase 4: Move objects 0.072ms
[0.227s][info][gc,heap        ] GC(5) DefNew: 1151K(1152K)->35K(1536K) Eden: 1024K(1024K)->35K(1408K) From: 127K(128K)->0K(128K)
[0.227s][info][gc,heap        ] GC(5) Tenured: 1375K(1600K)->1983K(3308K)
[0.227s][info][gc,metaspace   ] GC(5) Metaspace: 6300K(6464K)->6300K(6464K) NonClass: 5766K(5824K)->5766K(5824K) Class: 533K(640K)->533K(640K)
[0.227s][info][gc             ] GC(5) Pause Full (Allocation Failure) 1M->1M(4M) 3.282ms
[0.227s][info][gc,cpu         ] GC(5) User=0.00s Sys=0.00s Real=0.00s
[0.228s][info][gc,start       ] GC(6) Pause Young (Allocation Failure)
[0.230s][info][gc,heap        ] GC(6) DefNew: 1408K(1536K)->128K(1536K) Eden: 1408K(1408K)->0K(1408K) From: 0K(128K)->128K(128K)
[0.230s][info][gc,heap        ] GC(6) Tenured: 1983K(3308K)->2617K(3308K)
[0.230s][info][gc,metaspace   ] GC(6) Metaspace: 6300K(6464K)->6300K(6464K) NonClass: 5766K(5824K)->5766K(5824K) Class: 533K(640K)->533K(640K)
[0.230s][info][gc             ] GC(6) Pause Young (Allocation Failure) 3M->2M(4M) 1.647ms
[0.230s][info][gc,cpu         ] GC(6) User=0.00s Sys=0.00s Real=0.00s
[0.233s][info][gc,start       ] GC(7) Pause Young (Allocation Failure)
[0.235s][info][gc             ] GC(7) Pause Young (Allocation Failure) 4M->3M(4M) 2.243ms
[0.235s][info][gc,cpu         ] GC(7) User=0.00s Sys=0.00s Real=0.00s
[0.235s][info][gc,start       ] GC(8) Pause Full (Allocation Failure)
[0.235s][info][gc,phases,start] GC(8) Phase 1: Mark live objects
[0.237s][info][gc,phases      ] GC(8) Phase 1: Mark live objects 2.404ms
[0.237s][info][gc,phases,start] GC(8) Phase 2: Compute new object addresses
[0.238s][info][gc,phases      ] GC(8) Phase 2: Compute new object addresses 0.753ms
[0.238s][info][gc,phases,start] GC(8) Phase 3: Adjust pointers
[0.239s][info][gc,phases      ] GC(8) Phase 3: Adjust pointers 1.274ms
[0.240s][info][gc,phases,start] GC(8) Phase 4: Move objects
[0.240s][info][gc,phases      ] GC(8) Phase 4: Move objects 0.091ms
[0.240s][info][gc,heap        ] GC(8) DefNew: 1536K(1536K)->0K(2688K) Eden: 1408K(1408K)->0K(2432K) From: 128K(128K)->0K(256K)
[0.240s][info][gc,heap        ] GC(8) Tenured: 2617K(3308K)->3460K(5768K)
[0.240s][info][gc,metaspace   ] GC(8) Metaspace: 6300K(6464K)->6300K(6464K) NonClass: 5766K(5824K)->5766K(5824K) Class: 533K(640K)->533K(640K)
[0.240s][info][gc             ] GC(8) Pause Full (Allocation Failure) 3M->3M(8M) 4.950ms
[0.240s][info][gc,cpu         ] GC(8) User=0.00s Sys=0.00s Real=0.01s
[0.243s][info][gc,start       ] GC(9) Pause Young (Allocation Failure)
[0.247s][info][gc,heap        ] GC(9) DefNew: 2431K(2688K)->255K(2688K) Eden: 2431K(2432K)->0K(2432K) From: 0K(256K)->255K(256K)
[0.247s][info][gc,heap        ] GC(9) Tenured: 3460K(5768K)->4512K(5768K)
[0.247s][info][gc,metaspace   ] GC(9) Metaspace: 6300K(6464K)->6300K(6464K) NonClass: 5766K(5824K)->5766K(5824K) Class: 533K(640K)->533K(640K)
[0.247s][info][gc             ] GC(9) Pause Young (Allocation Failure) 5M->4M(8M) 3.594ms
[0.247s][info][gc,cpu         ] GC(9) User=0.00s Sys=0.00s Real=0.00s
[0.251s][info][gc,start       ] GC(10) Pause Young (Allocation Failure)
[0.255s][info][gc,heap        ] GC(10) DefNew: 2687K(2688K)->256K(2688K) Eden: 2432K(2432K)->0K(2432K) From: 255K(256K)->256K(256K)
[0.255s][info][gc,heap        ] GC(10) Tenured: 4512K(5768K)->5755K(5768K)
[0.255s][info][gc,metaspace   ] GC(10) Metaspace: 6300K(6464K)->6300K(6464K) NonClass: 5766K(5824K)->5766K(5824K) Class: 533K(640K)->533K(640K)
[0.255s][info][gc             ] GC(10) Pause Young (Allocation Failure) 7M->5M(8M) 4.495ms
[0.255s][info][gc,cpu         ] GC(10) User=0.00s Sys=0.00s Real=0.00s
[0.259s][info][gc,start       ] GC(11) Pause Young (Allocation Failure)
[0.263s][info][gc             ] GC(11) Pause Young (Allocation Failure) 8M->7M(9M) 4.652ms
[0.263s][info][gc,cpu         ] GC(11) User=0.00s Sys=0.00s Real=0.00s
[0.263s][info][gc,start       ] GC(12) Pause Full (Allocation Failure)
[0.264s][info][gc,phases,start] GC(12) Phase 1: Mark live objects
[0.271s][info][gc,phases      ] GC(12) Phase 1: Mark live objects 7.043ms
[0.271s][info][gc,phases,start] GC(12) Phase 2: Compute new object addresses
[0.272s][info][gc,phases      ] GC(12) Phase 2: Compute new object addresses 1.552ms
[0.272s][info][gc,phases,start] GC(12) Phase 3: Adjust pointers
[0.275s][info][gc,phases      ] GC(12) Phase 3: Adjust pointers 2.276ms
[0.275s][info][gc,phases,start] GC(12) Phase 4: Move objects
[0.276s][info][gc,phases      ] GC(12) Phase 4: Move objects 1.625ms
[0.276s][info][gc,heap        ] GC(12) DefNew: 2688K(2688K)->0K(5376K) Eden: 2432K(2432K)->0K(4800K) From: 256K(256K)->0K(576K)
[0.277s][info][gc,heap        ] GC(12) Tenured: 5755K(5768K)->7132K(11888K)
[0.277s][info][gc,metaspace   ] GC(12) Metaspace: 6300K(6464K)->6300K(6464K) NonClass: 5766K(5824K)->5766K(5824K) Class: 533K(640K)->533K(640K)
[0.277s][info][gc             ] GC(12) Pause Full (Allocation Failure) 7M->6M(16M) 13.137ms
[0.277s][info][gc,cpu         ] GC(12) User=0.02s Sys=0.00s Real=0.01s
[0.282s][info][gc,start       ] GC(13) Pause Young (Allocation Failure)
[0.288s][info][gc,heap        ] GC(13) DefNew: 4800K(5376K)->575K(5376K) Eden: 4800K(4800K)->0K(4800K) From: 0K(576K)->575K(576K)
[0.288s][info][gc,heap        ] GC(13) Tenured: 7132K(11888K)->9027K(11888K)
[0.288s][info][gc,metaspace   ] GC(13) Metaspace: 6300K(6464K)->6300K(6464K) NonClass: 5766K(5824K)->5766K(5824K) Class: 533K(640K)->533K(640K)
[0.288s][info][gc             ] GC(13) Pause Young (Allocation Failure) 11M->9M(16M) 5.511ms
[0.288s][info][gc,cpu         ] GC(13) User=0.00s Sys=0.00s Real=0.01s
[0.293s][info][gc,start       ] GC(14) Pause Young (Allocation Failure)
[0.301s][info][gc,heap        ] GC(14) DefNew: 5375K(5376K)->576K(5376K) Eden: 4800K(4800K)->0K(4800K) From: 575K(576K)->576K(576K)
[0.301s][info][gc,heap        ] GC(14) Tenured: 9027K(11888K)->11746K(11888K)
[0.301s][info][gc,metaspace   ] GC(14) Metaspace: 6300K(6464K)->6300K(6464K) NonClass: 5766K(5824K)->5766K(5824K) Class: 533K(640K)->533K(640K)
[0.301s][info][gc             ] GC(14) Pause Young (Allocation Failure) 14M->12M(16M) 7.640ms
[0.301s][info][gc,cpu         ] GC(14) User=0.00s Sys=0.00s Real=0.01s
[0.306s][info][gc,start       ] GC(15) Pause Young (Allocation Failure)
[0.312s][info][gc             ] GC(15) Pause Young (Allocation Failure) 16M->14M(19M) 6.322ms
[0.312s][info][gc,cpu         ] GC(15) User=0.00s Sys=0.00s Real=0.01s
[0.312s][info][gc,start       ] GC(16) Pause Full (Allocation Failure)
[0.312s][info][gc,phases,start] GC(16) Phase 1: Mark live objects
[0.320s][info][gc,phases      ] GC(16) Phase 1: Mark live objects 8.031ms
[0.320s][info][gc,phases,start] GC(16) Phase 2: Compute new object addresses
[0.323s][info][gc,phases      ] GC(16) Phase 2: Compute new object addresses 2.427ms
[0.323s][info][gc,phases,start] GC(16) Phase 3: Adjust pointers
[0.326s][info][gc,phases      ] GC(16) Phase 3: Adjust pointers 3.157ms
[0.326s][info][gc,phases,start] GC(16) Phase 4: Move objects
[0.326s][info][gc,phases      ] GC(16) Phase 4: Move objects 0.195ms
[0.326s][info][gc,heap        ] GC(16) DefNew: 5376K(5376K)->387K(10880K) Eden: 4800K(4800K)->387K(9728K) From: 576K(576K)->0K(1152K)
[0.326s][info][gc,heap        ] GC(16) Tenured: 11746K(11888K)->14383K(23976K)
[0.326s][info][gc,metaspace   ] GC(16) Metaspace: 6302K(6464K)->6302K(6464K) NonClass: 5768K(5824K)->5768K(5824K) Class: 533K(640K)->533K(640K)
[0.326s][info][gc             ] GC(16) Pause Full (Allocation Failure) 14M->14M(34M) 14.217ms
[0.326s][info][gc,cpu         ] GC(16) User=0.02s Sys=0.00s Real=0.01s
[0.334s][info][gc,start       ] GC(17) Pause Young (Allocation Failure)
[0.347s][info][gc,heap        ] GC(17) DefNew: 9728K(10880K)->1151K(10880K) Eden: 9728K(9728K)->0K(9728K) From: 0K(1152K)->1151K(1152K)
[0.347s][info][gc,heap        ] GC(17) Tenured: 14383K(23976K)->18415K(23976K)
[0.347s][info][gc,metaspace   ] GC(17) Metaspace: 6302K(6464K)->6302K(6464K) NonClass: 5768K(5824K)->5768K(5824K) Class: 533K(640K)->533K(640K)
[0.347s][info][gc             ] GC(17) Pause Young (Allocation Failure) 23M->19M(34M) 13.100ms
[0.347s][info][gc,cpu         ] GC(17) User=0.00s Sys=0.00s Real=0.01s
[0.356s][info][gc,start       ] GC(18) Pause Young (Allocation Failure)
[0.368s][info][gc,heap        ] GC(18) DefNew: 10879K(10880K)->1151K(10880K) Eden: 9728K(9728K)->0K(9728K) From: 1151K(1152K)->1151K(1152K)
[0.368s][info][gc,heap        ] GC(18) Tenured: 18415K(23976K)->23936K(23976K)
[0.368s][info][gc,metaspace   ] GC(18) Metaspace: 6302K(6464K)->6302K(6464K) NonClass: 5768K(5824K)->5768K(5824K) Class: 533K(640K)->533K(640K)
[0.368s][info][gc             ] GC(18) Pause Young (Allocation Failure) 28M->24M(34M) 12.064ms
[0.368s][info][gc,cpu         ] GC(18) User=0.00s Sys=0.00s Real=0.01s
[0.373s][info][gc,start       ] GC(19) Pause Young (Allocation Failure)
[0.385s][info][gc             ] GC(19) Pause Young (Allocation Failure) 34M->29M(38M) 11.137ms
[0.385s][info][gc,cpu         ] GC(19) User=0.00s Sys=0.00s Real=0.01s
[0.385s][info][gc,start       ] GC(20) Pause Full (Allocation Failure)
[0.385s][info][gc,phases,start] GC(20) Phase 1: Mark live objects
[0.399s][info][gc,phases      ] GC(20) Phase 1: Mark live objects 14.466ms
[0.399s][info][gc,phases,start] GC(20) Phase 2: Compute new object addresses
[0.404s][info][gc,phases      ] GC(20) Phase 2: Compute new object addresses 5.092ms
[0.404s][info][gc,phases,start] GC(20) Phase 3: Adjust pointers
[0.412s][info][gc,phases      ] GC(20) Phase 3: Adjust pointers 8.047ms
[0.412s][info][gc,phases,start] GC(20) Phase 4: Move objects
[0.413s][info][gc,phases      ] GC(20) Phase 4: Move objects 0.333ms
[0.413s][info][gc,heap        ] GC(20) DefNew: 10879K(10880K)->1080K(21888K) Eden: 9728K(9728K)->1080K(19520K) From: 1151K(1152K)->0K(2368K)
[0.413s][info][gc,heap        ] GC(20) Tenured: 23936K(23976K)->29035K(48396K)
[0.413s][info][gc,metaspace   ] GC(20) Metaspace: 6302K(6464K)->6302K(6464K) NonClass: 5768K(5824K)->5768K(5824K) Class: 533K(640K)->533K(640K)
[0.413s][info][gc             ] GC(20) Pause Full (Allocation Failure) 29M->29M(68M) 28.563ms
[0.413s][info][gc,cpu         ] GC(20) User=0.03s Sys=0.00s Real=0.03s
[0.431s][info][gc,start       ] GC(21) Pause Young (Allocation Failure)
[0.463s][info][gc,heap        ] GC(21) DefNew: 19520K(21888K)->2367K(21888K) Eden: 19520K(19520K)->0K(19520K) From: 0K(2368K)->2367K(2368K)
[0.463s][info][gc,heap        ] GC(21) Tenured: 29035K(48396K)->39368K(48396K)
[0.463s][info][gc,metaspace   ] GC(21) Metaspace: 6302K(6464K)->6302K(6464K) NonClass: 5768K(5824K)->5768K(5824K) Class: 533K(640K)->533K(640K)
[0.463s][info][gc             ] GC(21) Pause Young (Allocation Failure) 47M->40M(68M) 32.451ms
[0.463s][info][gc,cpu         ] GC(21) User=0.02s Sys=0.00s Real=0.03s
[0.481s][info][gc,start       ] GC(22) Pause Young (Allocation Failure)
[0.518s][info][gc             ] GC(22) Pause Young (Allocation Failure) 59M->59M(78M) 37.340ms
[0.518s][info][gc,cpu         ] GC(22) User=0.02s Sys=0.00s Real=0.04s
[0.518s][info][gc,start       ] GC(23) Pause Full (Allocation Failure)
[0.518s][info][gc,phases,start] GC(23) Phase 1: Mark live objects
[0.544s][info][gc,phases      ] GC(23) Phase 1: Mark live objects 25.674ms
[0.544s][info][gc,phases,start] GC(23) Phase 2: Compute new object addresses
[0.555s][info][gc,phases      ] GC(23) Phase 2: Compute new object addresses 10.595ms
[0.555s][info][gc,phases,start] GC(23) Phase 3: Adjust pointers
[0.568s][info][gc,phases      ] GC(23) Phase 3: Adjust pointers 12.768ms
[0.568s][info][gc,phases,start] GC(23) Phase 4: Move objects
[0.568s][info][gc,phases      ] GC(23) Phase 4: Move objects 0.378ms
[0.568s][info][gc,heap        ] GC(23) DefNew: 21887K(21888K)->2269K(44288K) Eden: 19520K(19520K)->2269K(39424K) From: 2367K(2368K)->0K(4864K)
[0.568s][info][gc,heap        ] GC(23) Tenured: 39368K(48396K)->58955K(98260K)
[0.568s][info][gc,metaspace   ] GC(23) Metaspace: 6302K(6464K)->6302K(6464K) NonClass: 5768K(5824K)->5768K(5824K) Class: 533K(640K)->533K(640K)
[0.568s][info][gc             ] GC(23) Pause Full (Allocation Failure) 59M->59M(139M) 50.231ms
[0.568s][info][gc,cpu         ] GC(23) User=0.05s Sys=0.00s Real=0.05s
[0.609s][info][gc,start       ] GC(24) Pause Young (Allocation Failure)
[0.677s][info][gc,heap        ] GC(24) DefNew: 39424K(44288K)->4864K(44288K) Eden: 39424K(39424K)->0K(39424K) From: 0K(4864K)->4864K(4864K)
[0.677s][info][gc,heap        ] GC(24) Tenured: 58955K(98260K)->93487K(98260K)
[0.678s][info][gc,metaspace   ] GC(24) Metaspace: 6302K(6464K)->6302K(6464K) NonClass: 5768K(5824K)->5768K(5824K) Class: 533K(640K)->533K(640K)
[0.678s][info][gc             ] GC(24) Pause Young (Allocation Failure) 96M->96M(139M) 68.129ms
[0.678s][info][gc,cpu         ] GC(24) User=0.05s Sys=0.02s Real=0.07s
[0.708s][info][gc,start       ] GC(25) Pause Young (Allocation Failure)
[0.783s][info][gc             ] GC(25) Pause Young (Allocation Failure) 134M->134M(173M) 75.047ms
[0.784s][info][gc,cpu         ] GC(25) User=0.05s Sys=0.00s Real=0.08s
[0.784s][info][gc,start       ] GC(26) Pause Full (Allocation Failure)
[0.784s][info][gc,phases,start] GC(26) Phase 1: Mark live objects
[0.842s][info][gc,phases      ] GC(26) Phase 1: Mark live objects 58.324ms
[0.842s][info][gc,phases,start] GC(26) Phase 2: Compute new object addresses
[0.866s][info][gc,phases      ] GC(26) Phase 2: Compute new object addresses 23.957ms
[0.866s][info][gc,phases,start] GC(26) Phase 3: Adjust pointers
[0.895s][info][gc,phases      ] GC(26) Phase 3: Adjust pointers 28.829ms
[0.895s][info][gc,phases,start] GC(26) Phase 4: Move objects
[0.922s][info][gc,phases      ] GC(26) Phase 4: Move objects 26.935ms
[0.922s][info][gc,heap        ] GC(26) DefNew: 44288K(44288K)->1017K(99712K) Eden: 39424K(39424K)->1017K(88640K) From: 4864K(4864K)->0K(11072K)
[0.922s][info][gc,heap        ] GC(26) Tenured: 93487K(98260K)->132887K(221480K)
[0.922s][info][gc,metaspace   ] GC(26) Metaspace: 6302K(6464K)->6302K(6464K) NonClass: 5768K(5824K)->5768K(5824K) Class: 533K(640K)->533K(640K)
[0.922s][info][gc             ] GC(26) Pause Full (Allocation Failure) 134M->130M(313M) 138.808ms
[0.922s][info][gc,cpu         ] GC(26) User=0.14s Sys=0.00s Real=0.14s
[1.011s][info][gc,start       ] GC(27) Pause Young (Allocation Failure)
[1.157s][info][gc,heap        ] GC(27) DefNew: 88640K(99712K)->11071K(99712K) Eden: 88640K(88640K)->0K(88640K) From: 0K(11072K)->11071K(11072K)
[1.158s][info][gc,heap        ] GC(27) Tenured: 132887K(221480K)->210429K(221480K)
[1.158s][info][gc,metaspace   ] GC(27) Metaspace: 6302K(6464K)->6302K(6464K) NonClass: 5768K(5824K)->5768K(5824K) Class: 533K(640K)->533K(640K)
[1.158s][info][gc             ] GC(27) Pause Young (Allocation Failure) 216M->216M(313M) 146.214ms
[1.158s][info][gc,cpu         ] GC(27) User=0.11s Sys=0.03s Real=0.15s
[1.239s][info][gc,start       ] GC(28) Pause Young (Allocation Failure)
[1.406s][info][gc             ] GC(28) Pause Young (Allocation Failure) 302M->302M(389M) 166.814ms
[1.406s][info][gc,cpu         ] GC(28) User=0.09s Sys=0.06s Real=0.17s
[1.406s][info][gc,start       ] GC(29) Pause Full (Allocation Failure)
[1.406s][info][gc,phases,start] GC(29) Phase 1: Mark live objects
[1.541s][info][gc,phases      ] GC(29) Phase 1: Mark live objects 135.331ms
[1.541s][info][gc,phases,start] GC(29) Phase 2: Compute new object addresses
[1.591s][info][gc,phases      ] GC(29) Phase 2: Compute new object addresses 49.679ms
[1.591s][info][gc,phases,start] GC(29) Phase 3: Adjust pointers
[1.647s][info][gc,phases      ] GC(29) Phase 3: Adjust pointers 55.909ms
[1.647s][info][gc,phases,start] GC(29) Phase 4: Move objects
[1.649s][info][gc,phases      ] GC(29) Phase 4: Move objects 2.294ms
[1.650s][info][gc,heap        ] GC(29) DefNew: 99711K(99712K)->10932K(224448K) Eden: 88640K(88640K)->10932K(199552K) From: 11071K(11072K)->0K(24896K)
[1.650s][info][gc,heap        ] GC(29) Tenured: 210429K(221480K)->299179K(498636K)
[1.650s][info][gc,metaspace   ] GC(29) Metaspace: 6302K(6464K)->6302K(6464K) NonClass: 5768K(5824K)->5768K(5824K) Class: 533K(640K)->533K(640K)
[1.650s][info][gc             ] GC(29) Pause Full (Allocation Failure) 302M->302M(706M) 244.654ms
[1.650s][info][gc,cpu         ] GC(29) User=0.25s Sys=0.00s Real=0.24s
[1.853s][info][gc,start       ] GC(30) Pause Young (Allocation Failure)
[2.208s][info][gc,heap        ] GC(30) DefNew: 199552K(224448K)->24895K(224448K) Eden: 199552K(199552K)->0K(199552K) From: 0K(24896K)->24895K(24896K)
[2.208s][info][gc,heap        ] GC(30) Tenured: 299179K(498636K)->473810K(498636K)
[2.208s][info][gc,metaspace   ] GC(30) Metaspace: 6302K(6464K)->6302K(6464K) NonClass: 5768K(5824K)->5768K(5824K) Class: 533K(640K)->533K(640K)
[2.208s][info][gc             ] GC(30) Pause Young (Allocation Failure) 487M->487M(706M) 354.709ms
[2.208s][info][gc,cpu         ] GC(30) User=0.28s Sys=0.06s Real=0.35s
[2.394s][info][gc,start       ] GC(31) Pause Young (Allocation Failure)
[2.789s][info][gc             ] GC(31) Pause Young (Allocation Failure) 681M->681M(876M) 394.957ms
[2.789s][info][gc,cpu         ] GC(31) User=0.33s Sys=0.06s Real=0.39s
[2.789s][info][gc,start       ] GC(32) Pause Full (Allocation Failure)
[2.789s][info][gc,phases,start] GC(32) Phase 1: Mark live objects
[3.130s][info][gc,phases      ] GC(32) Phase 1: Mark live objects 341.174ms
[3.130s][info][gc,phases,start] GC(32) Phase 2: Compute new object addresses
[3.241s][info][gc,phases      ] GC(32) Phase 2: Compute new object addresses 110.977ms
[3.241s][info][gc,phases,start] GC(32) Phase 3: Adjust pointers
[3.367s][info][gc,phases      ] GC(32) Phase 3: Adjust pointers 125.458ms
[3.367s][info][gc,phases,start] GC(32) Phase 4: Move objects
[3.374s][info][gc,phases      ] GC(32) Phase 4: Move objects 6.705ms
[3.376s][info][gc,heap        ] GC(32) DefNew: 224447K(224448K)->24801K(505152K) Eden: 199552K(199552K)->24801K(449088K) From: 24895K(24896K)->0K(56064K)
[3.376s][info][gc,heap        ] GC(32) Tenured: 473810K(498636K)->673423K(1122376K)
[3.376s][info][gc,metaspace   ] GC(32) Metaspace: 6302K(6464K)->6302K(6464K) NonClass: 5768K(5824K)->5768K(5824K) Class: 533K(640K)->533K(640K)
[3.376s][info][gc             ] GC(32) Pause Full (Allocation Failure) 681M->681M(1589M) 587.239ms
[3.376s][info][gc,cpu         ] GC(32) User=0.53s Sys=0.02s Real=0.59s
[3.869s][info][gc,start       ] GC(33) Pause Young (Allocation Failure)
[4.692s][info][gc,heap        ] GC(33) DefNew: 449088K(505152K)->56064K(505152K) Eden: 449088K(449088K)->0K(449088K) From: 0K(56064K)->56064K(56064K)
[4.692s][info][gc,heap        ] GC(33) Tenured: 673423K(1122376K)->1066421K(1122376K)
[4.692s][info][gc,metaspace   ] GC(33) Metaspace: 6302K(6464K)->6302K(6464K) NonClass: 5768K(5824K)->5768K(5824K) Class: 533K(640K)->533K(640K)
[4.693s][info][gc             ] GC(33) Pause Young (Allocation Failure) 1096M->1096M(1589M) 823.991ms
[4.693s][info][gc,cpu         ] GC(33) User=0.58s Sys=0.17s Real=0.82s
[5.168s][info][gc,start       ] GC(34) Pause Young (Allocation Failure)
[5.899s][info][gc             ] GC(34) Pause Young (Allocation Failure) 1534M->1484M(1923M) 730.388ms
[5.899s][info][gc,cpu         ] GC(34) User=0.64s Sys=0.08s Real=0.73s
[5.899s][info][gc,start       ] GC(35) Pause Full (Allocation Failure)
[5.899s][info][gc,phases,start] GC(35) Phase 1: Mark live objects
[6.558s][info][gc,phases      ] GC(35) Phase 1: Mark live objects 659.011ms
[6.558s][info][gc,phases,start] GC(35) Phase 2: Compute new object addresses
[6.788s][info][gc,phases      ] GC(35) Phase 2: Compute new object addresses 229.633ms
[6.788s][info][gc,phases,start] GC(35) Phase 3: Adjust pointers
[7.055s][info][gc,phases      ] GC(35) Phase 3: Adjust pointers 267.058ms
[7.055s][info][gc,phases,start] GC(35) Phase 4: Move objects
[7.066s][info][gc,phases      ] GC(35) Phase 4: Move objects 11.163ms
[7.070s][info][gc,heap        ] GC(35) DefNew: 505152K(505152K)->55885K(1098496K) Eden: 449088K(449088K)->55885K(976448K) From: 56064K(56064K)->0K(122048K)
[7.070s][info][gc,heap        ] GC(35) Tenured: 1066421K(1122376K)->1464587K(2440980K)
[7.070s][info][gc,metaspace   ] GC(35) Metaspace: 6302K(6464K)->6302K(6464K) NonClass: 5768K(5824K)->5768K(5824K) Class: 533K(640K)->533K(640K)
[7.070s][info][gc             ] GC(35) Pause Full (Allocation Failure) 1484M->1484M(3456M) 1171.172ms
[7.070s][info][gc,cpu         ] GC(35) User=1.17s Sys=0.02s Real=1.17s
[8.004s][info][gc,start       ] GC(36) Pause Young (Allocation Failure)
[9.770s][info][gc,heap        ] GC(36) DefNew: 976448K(1098496K)->122048K(1098496K) Eden: 976448K(976448K)->0K(976448K) From: 0K(122048K)->122048K(122048K)
[9.770s][info][gc,heap        ] GC(36) Tenured: 1464587K(2440980K)->2318959K(2440980K)
[9.770s][info][gc,metaspace   ] GC(36) Metaspace: 6302K(6464K)->6302K(6464K) NonClass: 5768K(5824K)->5768K(5824K) Class: 533K(640K)->533K(640K)
[9.770s][info][gc             ] GC(36) Pause Young (Allocation Failure) 2383M->2383M(3456M) 1765.490ms
[9.770s][info][gc,cpu         ] GC(36) User=1.52s Sys=0.22s Real=1.76s
[10.741s][info][gc,start       ] GC(37) Pause Young (Allocation Failure)
[12.577s][info][gc             ] GC(37) Pause Young (Allocation Failure) 3337M->3337M(4291M) 1835.515ms
[12.577s][info][gc,cpu         ] GC(37) User=1.34s Sys=0.44s Real=1.84s
[12.577s][info][gc,start       ] GC(38) Pause Full (Allocation Failure)
[12.577s][info][gc,phases,start] GC(38) Phase 1: Mark live objects
[14.091s][info][gc,phases      ] GC(38) Phase 1: Mark live objects 1513.740ms
[14.091s][info][gc,phases,start] GC(38) Phase 2: Compute new object addresses
[14.594s][info][gc,phases      ] GC(38) Phase 2: Compute new object addresses 503.055ms
[14.594s][info][gc,phases,start] GC(38) Phase 3: Adjust pointers
[15.280s][info][gc,phases      ] GC(38) Phase 3: Adjust pointers 686.375ms
[15.280s][info][gc,phases,start] GC(38) Phase 4: Move objects
[15.931s][info][gc,phases      ] GC(38) Phase 4: Move objects 650.675ms
[15.950s][info][gc,heap        ] GC(38) DefNew: 1098496K(1098496K)->27707K(2471680K) Eden: 976448K(976448K)->27707K(2197056K) From: 122048K(122048K)->0K(274624K)
[15.950s][info][gc,heap        ] GC(38) Tenured: 2318959K(2440980K)->3295511K(5492520K)
[15.950s][info][gc,metaspace   ] GC(38) Metaspace: 6302K(6464K)->6302K(6464K) NonClass: 5768K(5824K)->5768K(5824K) Class: 533K(640K)->533K(640K)
[15.950s][info][gc             ] GC(38) Pause Full (Allocation Failure) 3337M->3245M(7777M) 3373.154ms
[15.950s][info][gc,cpu         ] GC(38) User=3.31s Sys=0.06s Real=3.37s
[18.642s][info][gc,start       ] GC(39) Pause Young (Allocation Failure)
[24.107s][info][gc,heap        ] GC(39) DefNew: 2197056K(2471680K)->274623K(2471680K) Eden: 2197056K(2197056K)->0K(2197056K) From: 0K(274624K)->274623K(274624K)
[24.107s][info][gc,heap        ] GC(39) Tenured: 3295511K(5492520K)->5217913K(5492520K)
[24.107s][info][gc,metaspace   ] GC(39) Metaspace: 6302K(6464K)->6302K(6464K) NonClass: 5768K(5824K)->5768K(5824K) Class: 533K(640K)->533K(640K)
[24.107s][info][gc             ] GC(39) Pause Young (Allocation Failure) 5363M->5363M(7777M) 5465.028ms
[24.107s][info][gc,cpu         ] GC(39) User=3.45s Sys=1.95s Real=5.46s
[26.244s][info][gc,start       ] GC(40) Pause Young (Allocation Failure)
[31.595s][info][gc             ] GC(40) Pause Young (Allocation Failure) 7509M->7509M(9655M) 5350.397ms
[31.595s][info][gc,cpu         ] GC(40) User=3.33s Sys=1.98s Real=5.35s
[31.595s][info][gc,start       ] GC(41) Pause Full (Allocation Failure)
[31.595s][info][gc,phases,start] GC(41) Phase 1: Mark live objects
[35.171s][info][gc,phases      ] GC(41) Phase 1: Mark live objects 3576.108ms
[35.171s][info][gc,phases,start] GC(41) Phase 2: Compute new object addresses
[36.360s][info][gc,phases      ] GC(41) Phase 2: Compute new object addresses 1189.141ms
[36.360s][info][gc,phases,start] GC(41) Phase 3: Adjust pointers
[37.669s][info][gc,phases      ] GC(41) Phase 3: Adjust pointers 1308.351ms
[37.669s][info][gc,phases,start] GC(41) Phase 4: Move objects
[37.729s][info][gc,phases      ] GC(41) Phase 4: Move objects 60.088ms
[37.788s][info][gc,heap        ] GC(41) DefNew: 2471679K(2471680K)->274480K(5160960K) Eden: 2197056K(2197056K)->274480K(4587520K) From: 274623K(274624K)->0K(573440K)
[37.788s][info][gc,heap        ] GC(41) Tenured: 5217913K(5492520K)->7415083K(11468800K)
[37.788s][info][gc,metaspace   ] GC(41) Metaspace: 6302K(6464K)->6302K(6464K) NonClass: 5768K(5824K)->5768K(5824K) Class: 533K(640K)->533K(640K)
[37.788s][info][gc             ] GC(41) Pause Full (Allocation Failure) 7509M->7509M(16240M) 6193.012ms
[37.788s][info][gc,cpu         ] GC(41) User=6.08s Sys=0.03s Real=6.19s
[44.000s][info][gc,start       ] GC(42) Pause Young (Allocation Failure)
[63.230s][info][gc,heap        ] GC(42) DefNew: 4353880K(5160960K)->573439K(5160960K) Eden: 4353880K(4587520K)->0K(4587520K) From: 0K(573440K)->573439K(573440K)
[63.230s][info][gc,heap        ] GC(42) Tenured: 7415083K(11468800K)->11145579K(11468800K)
[63.230s][info][gc,metaspace   ] GC(42) Metaspace: 6302K(6464K)->6302K(6464K) NonClass: 5768K(5824K)->5768K(5824K) Class: 533K(640K)->533K(640K)
[63.231s][info][gc             ] GC(42) Pause Young (Allocation Failure) 11493M->11444M(16240M) 19230.253ms
[63.231s][info][gc,cpu         ] GC(42) User=6.80s Sys=8.88s Real=19.23s
[76.092s][info][gc,start       ] GC(43) Pause Young (Allocation Failure)
[76.092s][info][gc             ] GC(43) Pause Young (Allocation Failure) 15924M->15924M(16240M) 0.142ms
[76.092s][info][gc,cpu         ] GC(43) User=0.00s Sys=0.00s Real=0.00s
[76.092s][info][gc,start       ] GC(44) Pause Full (Allocation Failure)
[76.092s][info][gc,phases,start] GC(44) Phase 1: Mark live objects
[121.738s][info][gc,phases      ] GC(44) Phase 1: Mark live objects 45645.828ms
[121.739s][info][gc,phases,start] GC(44) Phase 2: Compute new object addresses
[143.350s][info][gc,phases      ] GC(44) Phase 2: Compute new object addresses 21606.452ms
[143.351s][info][gc,phases,start] GC(44) Phase 3: Adjust pointers
[193.349s][info][gc,phases      ] GC(44) Phase 3: Adjust pointers 49995.776ms
[193.352s][info][gc,phases,start] GC(44) Phase 4: Move objects
[194.259s][info][gc,phases      ] GC(44) Phase 4: Move objects 906.850ms
[194.308s][info][gc,heap        ] GC(44) DefNew: 5160959K(5160960K)->5142629K(5160960K) Eden: 4587520K(4587520K)->4587519K(4587520K) From: 573439K(573440K)->555109K(573440K)
[194.308s][info][gc,heap        ] GC(44) Tenured: 11145579K(11468800K)->11145579K(11468800K)
[194.308s][info][gc,metaspace   ] GC(44) Metaspace: 6302K(6464K)->6302K(6464K) NonClass: 5768K(5824K)->5768K(5824K) Class: 533K(640K)->533K(640K)
[194.309s][info][gc             ] GC(44) Pause Full (Allocation Failure) 15924M->15906M(16240M) 118216.425ms
[194.309s][info][gc,cpu         ] GC(44) User=10.77s Sys=38.81s Real=118.22s
[195.593s][info][gc,start       ] GC(45) Pause Full (Allocation Failure)
[195.595s][info][gc,phases,start] GC(45) Phase 1: Mark live objects
[239.521s][info][gc,phases      ] GC(45) Phase 1: Mark live objects 43925.228ms
[239.521s][info][gc,phases,start] GC(45) Phase 2: Compute new object addresses
[267.358s][info][gc,phases      ] GC(45) Phase 2: Compute new object addresses 27835.712ms
[267.359s][info][gc,phases,start] GC(45) Phase 3: Adjust pointers
[321.744s][info][gc,phases      ] GC(45) Phase 3: Adjust pointers 54382.669ms
[321.744s][info][gc,phases,start] GC(45) Phase 4: Move objects
[321.745s][info][gc,phases      ] GC(45) Phase 4: Move objects 0.326ms
[321.757s][info][gc,heap        ] GC(45) DefNew: 5160959K(5160960K)->5160959K(5160960K) Eden: 4587519K(4587520K)->4587519K(4587520K) From: 573439K(573440K)->573439K(573440K)
[321.758s][info][gc,heap        ] GC(45) Tenured: 11468799K(11468800K)->11468799K(11468800K)
[321.758s][info][gc,metaspace   ] GC(45) Metaspace: 6302K(6464K)->6302K(6464K) NonClass: 5768K(5824K)->5768K(5824K) Class: 533K(640K)->533K(640K)
[321.759s][info][gc             ] GC(45) Pause Full (Allocation Failure) 16239M->16239M(16240M) 126165.496ms
[321.759s][info][gc,cpu         ] GC(45) User=9.94s Sys=44.58s Real=126.17s
[321.759s][info][gc,start       ] GC(46) Pause Full (Allocation Failure)
[321.759s][info][gc,phases,start] GC(46) Phase 1: Mark live objects
[362.965s][info][gc,phases      ] GC(46) Phase 1: Mark live objects 41205.336ms
[362.966s][info][gc,phases,start] GC(46) Phase 2: Compute new object addresses
[388.744s][info][gc,phases      ] GC(46) Phase 2: Compute new object addresses 25776.875ms
[388.745s][info][gc,phases,start] GC(46) Phase 3: Adjust pointers
[445.982s][info][gc,phases      ] GC(46) Phase 3: Adjust pointers 57234.467ms
[445.983s][info][gc,phases,start] GC(46) Phase 4: Move objects
[476.601s][info][gc,phases      ] GC(46) Phase 4: Move objects 30616.903ms
[476.626s][info][gc,heap        ] GC(46) DefNew: 5160959K(5160960K)->5160959K(5160960K) Eden: 4587519K(4587520K)->4587519K(4587520K) From: 573439K(573440K)->573439K(573440K)
[476.626s][info][gc,heap        ] GC(46) Tenured: 11468799K(11468800K)->11075579K(11468800K)
[476.626s][info][gc,metaspace   ] GC(46) Metaspace: 6302K(6464K)->6300K(6464K) NonClass: 5768K(5824K)->5767K(5824K) Class: 533K(640K)->532K(640K)
[476.627s][info][gc             ] GC(46) Pause Full (Allocation Failure) 16239M->15855M(16240M) 154867.973ms
[476.628s][info][gc,cpu         ] GC(46) User=12.66s Sys=49.95s Real=154.87s
[478.977s][info][gc,start       ] GC(47) Pause Full (Allocation Failure)
[478.979s][info][gc,phases,start] GC(47) Phase 1: Mark live objects
[509.942s][info][gc,phases      ] GC(47) Phase 1: Mark live objects 30962.941ms
[509.942s][info][gc,phases,start] GC(47) Phase 2: Compute new object addresses
[536.061s][info][gc,phases      ] GC(47) Phase 2: Compute new object addresses 26116.359ms
[536.062s][info][gc,phases,start] GC(47) Phase 3: Adjust pointers
[588.994s][info][gc,phases      ] GC(47) Phase 3: Adjust pointers 52929.283ms
[588.998s][info][gc,phases,start] GC(47) Phase 4: Move objects
[589.001s][info][gc,phases      ] GC(47) Phase 4: Move objects 3.319ms
[589.033s][info][gc,heap        ] GC(47) DefNew: 5160959K(5160960K)->5160959K(5160960K) Eden: 4587519K(4587520K)->4587519K(4587520K) From: 573439K(573440K)->573439K(573440K)
[589.033s][info][gc,heap        ] GC(47) Tenured: 11468799K(11468800K)->11468799K(11468800K)
[589.033s][info][gc,metaspace   ] GC(47) Metaspace: 6300K(6464K)->6300K(6464K) NonClass: 5767K(5824K)->5767K(5824K) Class: 532K(640K)->532K(640K)
[589.037s][info][gc             ] GC(47) Pause Full (Allocation Failure) 16239M->16239M(16240M) 110058.579ms
[589.038s][info][gc,cpu         ] GC(47) User=11.20s Sys=35.03s Real=110.06s
[589.038s][info][gc,start       ] GC(48) Pause Full (Allocation Failure)
[589.039s][info][gc,phases,start] GC(48) Phase 1: Mark live objects
[636.693s][info][gc,phases      ] GC(48) Phase 1: Mark live objects 47654.376ms
[636.694s][info][gc,phases,start] GC(48) Phase 2: Compute new object addresses
[665.216s][info][gc,phases      ] GC(48) Phase 2: Compute new object addresses 28522.189ms
[665.216s][info][gc,phases,start] GC(48) Phase 3: Adjust pointers
[721.531s][info][gc,phases      ] GC(48) Phase 3: Adjust pointers 56313.694ms
[721.532s][info][gc,phases,start] GC(48) Phase 4: Move objects
[721.532s][info][gc,phases      ] GC(48) Phase 4: Move objects 0.138ms
[721.545s][info][gc,heap        ] GC(48) DefNew: 5160959K(5160960K)->5160959K(5160960K) Eden: 4587519K(4587520K)->4587519K(4587520K) From: 573439K(573440K)->573439K(573440K)
[721.545s][info][gc,heap        ] GC(48) Tenured: 11468799K(11468800K)->11468799K(11468800K)
[721.545s][info][gc,metaspace   ] GC(48) Metaspace: 6300K(6464K)->6300K(6464K) NonClass: 5767K(5824K)->5767K(5824K) Class: 532K(640K)->532K(640K)
[721.546s][info][gc             ] GC(48) Pause Full (Allocation Failure) 16239M->16239M(16240M) 132507.537ms
[721.546s][info][gc,cpu         ] GC(48) User=11.17s Sys=44.66s Real=132.51s
[721.564s][info][gc,start       ] GC(49) Pause Full (Allocation Failure)
[721.566s][info][gc,phases,start] GC(49) Phase 1: Mark live objects
[766.034s][info][gc,phases      ] GC(49) Phase 1: Mark live objects 44467.900ms
[766.034s][info][gc,phases,start] GC(49) Phase 2: Compute new object addresses
[795.721s][info][gc,phases      ] GC(49) Phase 2: Compute new object addresses 29687.305ms
[795.722s][info][gc,phases,start] GC(49) Phase 3: Adjust pointers
[851.426s][info][gc,phases      ] GC(49) Phase 3: Adjust pointers 55701.791ms
[851.429s][info][gc,phases,start] GC(49) Phase 4: Move objects
[851.430s][info][gc,phases      ] GC(49) Phase 4: Move objects 1.416ms
[851.460s][info][gc,heap        ] GC(49) DefNew: 5160959K(5160960K)->5160959K(5160960K) Eden: 4587520K(4587520K)->4587520K(4587520K) From: 573439K(573440K)->573439K(573440K)
[851.461s][info][gc,heap        ] GC(49) Tenured: 11468800K(11468800K)->11468800K(11468800K)
[851.461s][info][gc,metaspace   ] GC(49) Metaspace: 6300K(6464K)->6300K(6464K) NonClass: 5767K(5824K)->5767K(5824K) Class: 532K(640K)->532K(640K)
[851.465s][info][gc             ] GC(49) Pause Full (Allocation Failure) 16239M->16239M(16240M) 129899.637ms
[851.465s][info][gc,cpu         ] GC(49) User=10.69s Sys=40.92s Real=129.90s
[851.465s][info][gc,start       ] GC(50) Pause Full (Allocation Failure)
[851.466s][info][gc,phases,start] GC(50) Phase 1: Mark live objects
[896.127s][info][gc,phases      ] GC(50) Phase 1: Mark live objects 44660.539ms
[896.129s][info][gc,phases,start] GC(50) Phase 2: Compute new object addresses
[922.821s][info][gc,phases      ] GC(50) Phase 2: Compute new object addresses 26689.758ms
[922.823s][info][gc,phases,start] GC(50) Phase 3: Adjust pointers
[979.335s][info][gc,phases      ] GC(50) Phase 3: Adjust pointers 56512.887ms
[979.336s][info][gc,phases,start] GC(50) Phase 4: Move objects
[1008.948s][info][gc,phases      ] GC(50) Phase 4: Move objects 29612.509ms
[1008.962s][info][gc,heap        ] GC(50) DefNew: 5160959K(5160960K)->5160959K(5160960K) Eden: 4587520K(4587520K)->4587520K(4587520K) From: 573439K(573440K)->573439K(573440K)
[1008.962s][info][gc,heap        ] GC(50) Tenured: 11468800K(11468800K)->11468798K(11468800K)
[1008.963s][info][gc,metaspace   ] GC(50) Metaspace: 6300K(6464K)->6300K(6464K) NonClass: 5767K(5824K)->5767K(5824K) Class: 532K(640K)->532K(640K)
[1008.965s][info][gc             ] GC(50) Pause Full (Allocation Failure) 16239M->16239M(16240M) 157499.341ms
[1008.965s][info][gc,cpu         ] GC(50) User=13.25s Sys=57.98s Real=157.50s
[1009.036s][info][gc,start       ] GC(51) Pause Full (Allocation Failure)
[1009.037s][info][gc,phases,start] GC(51) Phase 1: Mark live objects
[1047.363s][info][gc,phases      ] GC(51) Phase 1: Mark live objects 38325.756ms
[1047.364s][info][gc,phases,start] GC(51) Phase 2: Compute new object addresses
[1075.859s][info][gc,phases      ] GC(51) Phase 2: Compute new object addresses 28493.980ms
[1075.861s][info][gc,phases,start] GC(51) Phase 3: Adjust pointers
[1130.186s][info][gc,phases      ] GC(51) Phase 3: Adjust pointers 54322.071ms
[1130.187s][info][gc,phases,start] GC(51) Phase 4: Move objects
[1130.187s][info][gc,phases      ] GC(51) Phase 4: Move objects 0.372ms
[1130.206s][info][gc,heap        ] GC(51) DefNew: 5160960K(5160960K)->5160959K(5160960K) Eden: 4587520K(4587520K)->4587520K(4587520K) From: 573440K(573440K)->573439K(573440K)
[1130.206s][info][gc,heap        ] GC(51) Tenured: 11468799K(11468800K)->11468799K(11468800K)
[1130.207s][info][gc,metaspace   ] GC(51) Metaspace: 6302K(6528K)->6302K(6528K) NonClass: 5768K(5888K)->5768K(5888K) Class: 533K(640K)->533K(640K)
[1130.207s][info][gc             ] GC(51) Pause Full (Allocation Failure) 16239M->16239M(16240M) 121171.196ms
[1130.208s][info][gc,cpu         ] GC(51) User=10.59s Sys=40.12s Real=121.17s
[1130.208s][info][gc,start       ] GC(52) Pause Full (Allocation Failure)
[1130.209s][info][gc,phases,start] GC(52) Phase 1: Mark live objects
[1175.247s][info][gc,phases      ] GC(52) Phase 1: Mark live objects 45038.613ms
[1175.248s][info][gc,phases,start] GC(52) Phase 2: Compute new object addresses
[1203.339s][info][gc,phases      ] GC(52) Phase 2: Compute new object addresses 28087.059ms
[1203.342s][info][gc,phases,start] GC(52) Phase 3: Adjust pointers
[1264.651s][info][gc,phases      ] GC(52) Phase 3: Adjust pointers 61306.354ms
[1264.653s][info][gc,phases,start] GC(52) Phase 4: Move objects
[1294.720s][info][gc,phases      ] GC(52) Phase 4: Move objects 30054.488ms
[1294.742s][info][gc,heap        ] GC(52) DefNew: 5160959K(5160960K)->5160959K(5160960K) Eden: 4587520K(4587520K)->4587520K(4587520K) From: 573439K(573440K)->573439K(573440K)
[1294.742s][info][gc,heap        ] GC(52) Tenured: 11468799K(11468800K)->11468796K(11468800K)
[1294.742s][info][gc,metaspace   ] GC(52) Metaspace: 6302K(6528K)->6302K(6528K) NonClass: 5768K(5888K)->5768K(5888K) Class: 533K(640K)->533K(640K)
[1294.746s][info][gc             ] GC(52) Pause Full (Allocation Failure) 16239M->16239M(16240M) 164537.570ms
[1294.746s][info][gc,cpu         ] GC(52) User=11.78s Sys=57.33s Real=164.54s
[1294.813s][info][gc,heap,exit   ] Heap
[1294.813s][info][gc,heap,exit   ]  def new generation   total 5160960K, used 5160960K [0x00000003e6000000, 0x0000000544000000, 0x0000000544000000)
[1294.813s][info][gc,heap,exit   ]   eden space 4587520K, 100% used [0x00000003e6000000, 0x00000004fe000000, 0x00000004fe000000)
[1294.813s][info][gc,heap,exit   ]   from space 573440K, 100% used [0x0000000521000000, 0x0000000544000000, 0x0000000544000000)
[1294.813s][info][gc,heap,exit   ]   to   space 573440K,   0% used [0x00000004fe000000, 0x00000004fe000000, 0x0000000521000000)
[1294.813s][info][gc,heap,exit   ]  tenured generation   total 11468800K, used 11468797K [0x0000000544000000, 0x0000000800000000, 0x0000000800000000)
[1294.813s][info][gc,heap,exit   ]    the space 11468800K,  99% used [0x0000000544000000, 0x00000007fffff610, 0x00000007fffff800, 0x0000000800000000)
[1294.813s][info][gc,heap,exit   ]  Metaspace       used 6305K, committed 6528K, reserved 1114112K
[1294.813s][info][gc,heap,exit   ]   class space    used 534K, committed 640K, reserved 1048576K
