[0.011s][info][gc,init] CardTable entry size: 512
[0.011s][info][gc     ] Using Serial
[0.011s][info][gc,init] Version: 18.0.1+10 (release)
[0.011s][info][gc,init] CPUs: 8 total, 8 available
[0.011s][info][gc,init] Memory: 16063M
[0.011s][info][gc,init] Large Page Support: Disabled
[0.011s][info][gc,init] NUMA Support: Disabled
[0.011s][info][gc,init] Compressed Oops: Enabled (Zero based)
[0.011s][info][gc,init] Heap Min Capacity: 2M
[0.012s][info][gc,init] Heap Initial Capacity: 2M
[0.012s][info][gc,init] Heap Max Capacity: 3700M
[0.012s][info][gc,init] Pre-touch: Disabled
[0.012s][info][gc,metaspace] CDS archive(s) not mapped
[0.012s][info][gc,metaspace] Compressed class space mapped at: 0x0000000800000000-0x0000000840000000, reserved size: 1073741824
[0.012s][info][gc,metaspace] Narrow klass base: 0x0000000800000000, Narrow klass shift: 0, Narrow klass range: 0x40000000
[0.175s][info][gc,start    ] GC(0) Pause Young (Allocation Failure)
[0.178s][info][gc,heap     ] GC(0) DefNew: 1023K(1152K)->127K(1152K) Eden: 1023K(1024K)->0K(1024K) From: 0K(128K)->127K(128K)
[0.178s][info][gc,heap     ] GC(0) Tenured: 0K(768K)->440K(768K)
[0.178s][info][gc,metaspace] GC(0) Metaspace: 5903K(6016K)->5903K(6016K) NonClass: 5403K(5504K)->5403K(5504K) Class: 499K(512K)->499K(512K)
[0.178s][info][gc          ] GC(0) Pause Young (Allocation Failure) 0M->0M(1M) 2.533ms
[0.178s][info][gc,cpu      ] GC(0) User=0.00s Sys=0.00s Real=0.00s
[0.199s][info][gc,start    ] GC(1) Pause Young (Allocation Failure)
[0.201s][info][gc          ] GC(1) Pause Young (Allocation Failure) 1M->0M(2M) 1.361ms
[0.201s][info][gc,cpu      ] GC(1) User=0.00s Sys=0.00s Real=0.00s
[0.201s][info][gc,start    ] GC(2) Pause Full (Allocation Failure)
[0.201s][info][gc,phases,start] GC(2) Phase 1: Mark live objects
[0.202s][info][gc,phases      ] GC(2) Phase 1: Mark live objects 1.037ms
[0.202s][info][gc,phases,start] GC(2) Phase 2: Compute new object addresses
[0.202s][info][gc,phases      ] GC(2) Phase 2: Compute new object addresses 0.250ms
[0.202s][info][gc,phases,start] GC(2) Phase 3: Adjust pointers
[0.203s][info][gc,phases      ] GC(2) Phase 3: Adjust pointers 0.539ms
[0.203s][info][gc,phases,start] GC(2) Phase 4: Move objects
[0.203s][info][gc,phases      ] GC(2) Phase 4: Move objects 0.070ms
[0.203s][info][gc,heap        ] GC(2) DefNew: 1151K(1152K)->40K(1152K) Eden: 1024K(1024K)->40K(1024K) From: 127K(128K)->0K(128K)
[0.203s][info][gc,heap        ] GC(2) Tenured: 440K(768K)->959K(1600K)
[0.203s][info][gc,metaspace   ] GC(2) Metaspace: 6301K(6528K)->6301K(6528K) NonClass: 5768K(5888K)->5768K(5888K) Class: 533K(640K)->533K(640K)
[0.203s][info][gc             ] GC(2) Pause Full (Allocation Failure) 0M->0M(2M) 2.172ms
[0.203s][info][gc,cpu         ] GC(2) User=0.00s Sys=0.00s Real=0.00s
[0.205s][info][gc,start       ] GC(3) Pause Young (Allocation Failure)
[0.206s][info][gc,heap        ] GC(3) DefNew: 1024K(1152K)->127K(1152K) Eden: 1024K(1024K)->0K(1024K) From: 0K(128K)->127K(128K)
[0.206s][info][gc,heap        ] GC(3) Tenured: 959K(1600K)->1375K(1600K)
[0.206s][info][gc,metaspace   ] GC(3) Metaspace: 6301K(6528K)->6301K(6528K) NonClass: 5768K(5888K)->5768K(5888K) Class: 533K(640K)->533K(640K)
[0.206s][info][gc             ] GC(3) Pause Young (Allocation Failure) 1M->1M(2M) 1.591ms
[0.206s][info][gc,cpu         ] GC(3) User=0.00s Sys=0.00s Real=0.00s
[0.207s][info][gc,start       ] GC(4) Pause Young (Allocation Failure)
[0.209s][info][gc             ] GC(4) Pause Young (Allocation Failure) 2M->1M(3M) 1.417ms
[0.209s][info][gc,cpu         ] GC(4) User=0.00s Sys=0.00s Real=0.00s
[0.209s][info][gc,start       ] GC(5) Pause Full (Allocation Failure)
[0.209s][info][gc,phases,start] GC(5) Phase 1: Mark live objects
[0.211s][info][gc,phases      ] GC(5) Phase 1: Mark live objects 1.657ms
[0.211s][info][gc,phases,start] GC(5) Phase 2: Compute new object addresses
[0.211s][info][gc,phases      ] GC(5) Phase 2: Compute new object addresses 0.448ms
[0.211s][info][gc,phases,start] GC(5) Phase 3: Adjust pointers
[0.212s][info][gc,phases      ] GC(5) Phase 3: Adjust pointers 0.768ms
[0.212s][info][gc,phases,start] GC(5) Phase 4: Move objects
[0.212s][info][gc,phases      ] GC(5) Phase 4: Move objects 0.082ms
[0.212s][info][gc,heap        ] GC(5) DefNew: 1151K(1152K)->35K(1536K) Eden: 1024K(1024K)->35K(1408K) From: 127K(128K)->0K(128K)
[0.212s][info][gc,heap        ] GC(5) Tenured: 1375K(1600K)->1983K(3308K)
[0.212s][info][gc,metaspace   ] GC(5) Metaspace: 6301K(6528K)->6301K(6528K) NonClass: 5768K(5888K)->5768K(5888K) Class: 533K(640K)->533K(640K)
[0.212s][info][gc             ] GC(5) Pause Full (Allocation Failure) 1M->1M(4M) 3.324ms
[0.212s][info][gc,cpu         ] GC(5) User=0.00s Sys=0.00s Real=0.00s
[0.214s][info][gc,start       ] GC(6) Pause Young (Allocation Failure)
[0.216s][info][gc,heap        ] GC(6) DefNew: 1408K(1536K)->128K(1536K) Eden: 1408K(1408K)->0K(1408K) From: 0K(128K)->128K(128K)
[0.216s][info][gc,heap        ] GC(6) Tenured: 1983K(3308K)->2617K(3308K)
[0.216s][info][gc,metaspace   ] GC(6) Metaspace: 6301K(6528K)->6301K(6528K) NonClass: 5768K(5888K)->5768K(5888K) Class: 533K(640K)->533K(640K)
[0.216s][info][gc             ] GC(6) Pause Young (Allocation Failure) 3M->2M(4M) 1.992ms
[0.216s][info][gc,cpu         ] GC(6) User=0.00s Sys=0.00s Real=0.00s
[0.218s][info][gc,start       ] GC(7) Pause Young (Allocation Failure)
[0.220s][info][gc             ] GC(7) Pause Young (Allocation Failure) 4M->3M(4M) 1.928ms
[0.220s][info][gc,cpu         ] GC(7) User=0.00s Sys=0.00s Real=0.00s
[0.220s][info][gc,start       ] GC(8) Pause Full (Allocation Failure)
[0.220s][info][gc,phases,start] GC(8) Phase 1: Mark live objects
[0.223s][info][gc,phases      ] GC(8) Phase 1: Mark live objects 2.321ms
[0.223s][info][gc,phases,start] GC(8) Phase 2: Compute new object addresses
[0.223s][info][gc,phases      ] GC(8) Phase 2: Compute new object addresses 0.770ms
[0.223s][info][gc,phases,start] GC(8) Phase 3: Adjust pointers
[0.225s][info][gc,phases      ] GC(8) Phase 3: Adjust pointers 1.107ms
[0.225s][info][gc,phases,start] GC(8) Phase 4: Move objects
[0.225s][info][gc,phases      ] GC(8) Phase 4: Move objects 0.090ms
[0.225s][info][gc,heap        ] GC(8) DefNew: 1536K(1536K)->0K(2688K) Eden: 1408K(1408K)->0K(2432K) From: 128K(128K)->0K(256K)
[0.225s][info][gc,heap        ] GC(8) Tenured: 2617K(3308K)->3460K(5768K)
[0.225s][info][gc,metaspace   ] GC(8) Metaspace: 6301K(6528K)->6301K(6528K) NonClass: 5768K(5888K)->5768K(5888K) Class: 533K(640K)->533K(640K)
[0.225s][info][gc             ] GC(8) Pause Full (Allocation Failure) 3M->3M(8M) 4.670ms
[0.225s][info][gc,cpu         ] GC(8) User=0.00s Sys=0.00s Real=0.00s
[0.228s][info][gc,start       ] GC(9) Pause Young (Allocation Failure)
[0.231s][info][gc,heap        ] GC(9) DefNew: 2432K(2688K)->255K(2688K) Eden: 2432K(2432K)->0K(2432K) From: 0K(256K)->255K(256K)
[0.231s][info][gc,heap        ] GC(9) Tenured: 3460K(5768K)->4512K(5768K)
[0.231s][info][gc,metaspace   ] GC(9) Metaspace: 6301K(6528K)->6301K(6528K) NonClass: 5768K(5888K)->5768K(5888K) Class: 533K(640K)->533K(640K)
[0.231s][info][gc             ] GC(9) Pause Young (Allocation Failure) 5M->4M(8M) 2.541ms
[0.231s][info][gc,cpu         ] GC(9) User=0.00s Sys=0.00s Real=0.00s
[0.233s][info][gc,start       ] GC(10) Pause Young (Allocation Failure)
[0.236s][info][gc,heap        ] GC(10) DefNew: 2687K(2688K)->256K(2688K) Eden: 2432K(2432K)->0K(2432K) From: 255K(256K)->256K(256K)
[0.236s][info][gc,heap        ] GC(10) Tenured: 4512K(5768K)->5755K(5768K)
[0.236s][info][gc,metaspace   ] GC(10) Metaspace: 6301K(6528K)->6301K(6528K) NonClass: 5768K(5888K)->5768K(5888K) Class: 533K(640K)->533K(640K)
[0.236s][info][gc             ] GC(10) Pause Young (Allocation Failure) 7M->5M(8M) 2.581ms
[0.236s][info][gc,cpu         ] GC(10) User=0.00s Sys=0.00s Real=0.00s
[0.238s][info][gc,start       ] GC(11) Pause Young (Allocation Failure)
[0.242s][info][gc             ] GC(11) Pause Young (Allocation Failure) 8M->7M(9M) 3.210ms
[0.242s][info][gc,cpu         ] GC(11) User=0.00s Sys=0.00s Real=0.00s
[0.242s][info][gc,start       ] GC(12) Pause Full (Allocation Failure)
[0.242s][info][gc,phases,start] GC(12) Phase 1: Mark live objects
[0.245s][info][gc,phases      ] GC(12) Phase 1: Mark live objects 3.768ms
[0.246s][info][gc,phases,start] GC(12) Phase 2: Compute new object addresses
[0.247s][info][gc,phases      ] GC(12) Phase 2: Compute new object addresses 1.103ms
[0.247s][info][gc,phases,start] GC(12) Phase 3: Adjust pointers
[0.248s][info][gc,phases      ] GC(12) Phase 3: Adjust pointers 1.583ms
[0.248s][info][gc,phases,start] GC(12) Phase 4: Move objects
[0.249s][info][gc,phases      ] GC(12) Phase 4: Move objects 1.124ms
[0.250s][info][gc,heap        ] GC(12) DefNew: 2688K(2688K)->0K(5376K) Eden: 2432K(2432K)->0K(4800K) From: 256K(256K)->0K(576K)
[0.250s][info][gc,heap        ] GC(12) Tenured: 5755K(5768K)->7132K(11888K)
[0.250s][info][gc,metaspace   ] GC(12) Metaspace: 6301K(6528K)->6301K(6528K) NonClass: 5768K(5888K)->5768K(5888K) Class: 533K(640K)->533K(640K)
[0.250s][info][gc             ] GC(12) Pause Full (Allocation Failure) 7M->6M(16M) 8.051ms
[0.250s][info][gc,cpu         ] GC(12) User=0.00s Sys=0.00s Real=0.01s
[0.254s][info][gc,start       ] GC(13) Pause Young (Allocation Failure)
[0.259s][info][gc,heap        ] GC(13) DefNew: 4800K(5376K)->576K(5376K) Eden: 4800K(4800K)->0K(4800K) From: 0K(576K)->576K(576K)
[0.259s][info][gc,heap        ] GC(13) Tenured: 7132K(11888K)->9027K(11888K)
[0.259s][info][gc,metaspace   ] GC(13) Metaspace: 6301K(6528K)->6301K(6528K) NonClass: 5768K(5888K)->5768K(5888K) Class: 533K(640K)->533K(640K)
[0.259s][info][gc             ] GC(13) Pause Young (Allocation Failure) 11M->9M(16M) 5.330ms
[0.259s][info][gc,cpu         ] GC(13) User=0.00s Sys=0.00s Real=0.01s
[0.265s][info][gc,start       ] GC(14) Pause Young (Allocation Failure)
[0.271s][info][gc,heap        ] GC(14) DefNew: 5376K(5376K)->576K(5376K) Eden: 4800K(4800K)->0K(4800K) From: 576K(576K)->576K(576K)
[0.271s][info][gc,heap        ] GC(14) Tenured: 9027K(11888K)->11747K(11888K)
[0.271s][info][gc,metaspace   ] GC(14) Metaspace: 6301K(6528K)->6301K(6528K) NonClass: 5768K(5888K)->5768K(5888K) Class: 533K(640K)->533K(640K)
[0.271s][info][gc             ] GC(14) Pause Young (Allocation Failure) 14M->12M(16M) 6.528ms
[0.272s][info][gc,cpu         ] GC(14) User=0.00s Sys=0.00s Real=0.01s
[0.275s][info][gc,start       ] GC(15) Pause Young (Allocation Failure)
[0.281s][info][gc             ] GC(15) Pause Young (Allocation Failure) 16M->14M(19M) 5.289ms
[0.281s][info][gc,cpu         ] GC(15) User=0.00s Sys=0.00s Real=0.01s
[0.281s][info][gc,start       ] GC(16) Pause Full (Allocation Failure)
[0.281s][info][gc,phases,start] GC(16) Phase 1: Mark live objects
[0.288s][info][gc,phases      ] GC(16) Phase 1: Mark live objects 7.399ms
[0.288s][info][gc,phases,start] GC(16) Phase 2: Compute new object addresses
[0.290s][info][gc,phases      ] GC(16) Phase 2: Compute new object addresses 2.304ms
[0.290s][info][gc,phases,start] GC(16) Phase 3: Adjust pointers
[0.293s][info][gc,phases      ] GC(16) Phase 3: Adjust pointers 2.845ms
[0.293s][info][gc,phases,start] GC(16) Phase 4: Move objects
[0.294s][info][gc,phases      ] GC(16) Phase 4: Move objects 0.170ms
[0.294s][info][gc,heap        ] GC(16) DefNew: 5376K(5376K)->387K(10880K) Eden: 4800K(4800K)->387K(9728K) From: 576K(576K)->0K(1152K)
[0.294s][info][gc,heap        ] GC(16) Tenured: 11747K(11888K)->14383K(23976K)
[0.294s][info][gc,metaspace   ] GC(16) Metaspace: 6303K(6528K)->6303K(6528K) NonClass: 5769K(5888K)->5769K(5888K) Class: 533K(640K)->533K(640K)
[0.294s][info][gc             ] GC(16) Pause Full (Allocation Failure) 14M->14M(34M) 13.078ms
[0.294s][info][gc,cpu         ] GC(16) User=0.02s Sys=0.00s Real=0.01s
[0.304s][info][gc,start       ] GC(17) Pause Young (Allocation Failure)
[0.317s][info][gc,heap        ] GC(17) DefNew: 9728K(10880K)->1151K(10880K) Eden: 9728K(9728K)->0K(9728K) From: 0K(1152K)->1151K(1152K)
[0.317s][info][gc,heap        ] GC(17) Tenured: 14383K(23976K)->18415K(23976K)
[0.317s][info][gc,metaspace   ] GC(17) Metaspace: 6303K(6528K)->6303K(6528K) NonClass: 5769K(5888K)->5769K(5888K) Class: 533K(640K)->533K(640K)
[0.317s][info][gc             ] GC(17) Pause Young (Allocation Failure) 23M->19M(34M) 13.057ms
[0.317s][info][gc,cpu         ] GC(17) User=0.00s Sys=0.00s Real=0.01s
[0.325s][info][gc,start       ] GC(18) Pause Young (Allocation Failure)
[0.337s][info][gc,heap        ] GC(18) DefNew: 10879K(10880K)->1151K(10880K) Eden: 9728K(9728K)->0K(9728K) From: 1151K(1152K)->1151K(1152K)
[0.337s][info][gc,heap        ] GC(18) Tenured: 18415K(23976K)->23936K(23976K)
[0.337s][info][gc,metaspace   ] GC(18) Metaspace: 6303K(6528K)->6303K(6528K) NonClass: 5769K(5888K)->5769K(5888K) Class: 533K(640K)->533K(640K)
[0.337s][info][gc             ] GC(18) Pause Young (Allocation Failure) 28M->24M(34M) 11.396ms
[0.337s][info][gc,cpu         ] GC(18) User=0.00s Sys=0.00s Real=0.01s
[0.343s][info][gc,start       ] GC(19) Pause Young (Allocation Failure)
[0.354s][info][gc             ] GC(19) Pause Young (Allocation Failure) 34M->29M(38M) 11.445ms
[0.355s][info][gc,cpu         ] GC(19) User=0.00s Sys=0.00s Real=0.01s
[0.355s][info][gc,start       ] GC(20) Pause Full (Allocation Failure)
[0.355s][info][gc,phases,start] GC(20) Phase 1: Mark live objects
[0.368s][info][gc,phases      ] GC(20) Phase 1: Mark live objects 13.580ms
[0.368s][info][gc,phases,start] GC(20) Phase 2: Compute new object addresses
[0.373s][info][gc,phases      ] GC(20) Phase 2: Compute new object addresses 4.527ms
[0.373s][info][gc,phases,start] GC(20) Phase 3: Adjust pointers
[0.378s][info][gc,phases      ] GC(20) Phase 3: Adjust pointers 5.361ms
[0.378s][info][gc,phases,start] GC(20) Phase 4: Move objects
[0.378s][info][gc,phases      ] GC(20) Phase 4: Move objects 0.185ms
[0.379s][info][gc,heap        ] GC(20) DefNew: 10879K(10880K)->1080K(21888K) Eden: 9728K(9728K)->1080K(19520K) From: 1151K(1152K)->0K(2368K)
[0.379s][info][gc,heap        ] GC(20) Tenured: 23936K(23976K)->29035K(48396K)
[0.379s][info][gc,metaspace   ] GC(20) Metaspace: 6303K(6528K)->6303K(6528K) NonClass: 5769K(5888K)->5769K(5888K) Class: 533K(640K)->533K(640K)
[0.379s][info][gc             ] GC(20) Pause Full (Allocation Failure) 29M->29M(68M) 24.072ms
[0.379s][info][gc,cpu         ] GC(20) User=0.03s Sys=0.00s Real=0.02s
[0.394s][info][gc,start       ] GC(21) Pause Young (Allocation Failure)
[0.422s][info][gc,heap        ] GC(21) DefNew: 19520K(21888K)->2367K(21888K) Eden: 19520K(19520K)->0K(19520K) From: 0K(2368K)->2367K(2368K)
[0.422s][info][gc,heap        ] GC(21) Tenured: 29035K(48396K)->39354K(48396K)
[0.422s][info][gc,metaspace   ] GC(21) Metaspace: 6303K(6528K)->6303K(6528K) NonClass: 5769K(5888K)->5769K(5888K) Class: 533K(640K)->533K(640K)
[0.422s][info][gc             ] GC(21) Pause Young (Allocation Failure) 47M->40M(68M) 28.171ms
[0.422s][info][gc,cpu         ] GC(21) User=0.02s Sys=0.00s Real=0.03s
[0.441s][info][gc,start       ] GC(22) Pause Young (Allocation Failure)
[0.475s][info][gc             ] GC(22) Pause Young (Allocation Failure) 59M->59M(78M) 34.918ms
[0.476s][info][gc,cpu         ] GC(22) User=0.03s Sys=0.00s Real=0.04s
[0.476s][info][gc,start       ] GC(23) Pause Full (Allocation Failure)
[0.476s][info][gc,phases,start] GC(23) Phase 1: Mark live objects
[0.500s][info][gc,phases      ] GC(23) Phase 1: Mark live objects 24.161ms
[0.500s][info][gc,phases,start] GC(23) Phase 2: Compute new object addresses
[0.509s][info][gc,phases      ] GC(23) Phase 2: Compute new object addresses 9.232ms
[0.509s][info][gc,phases,start] GC(23) Phase 3: Adjust pointers
[0.519s][info][gc,phases      ] GC(23) Phase 3: Adjust pointers 10.374ms
[0.520s][info][gc,phases,start] GC(23) Phase 4: Move objects
[0.520s][info][gc,phases      ] GC(23) Phase 4: Move objects 0.339ms
[0.520s][info][gc,heap        ] GC(23) DefNew: 21887K(21888K)->2255K(44288K) Eden: 19520K(19520K)->2255K(39424K) From: 2367K(2368K)->0K(4864K)
[0.520s][info][gc,heap        ] GC(23) Tenured: 39354K(48396K)->58955K(98260K)
[0.520s][info][gc,metaspace   ] GC(23) Metaspace: 6303K(6528K)->6303K(6528K) NonClass: 5769K(5888K)->5769K(5888K) Class: 533K(640K)->533K(640K)
[0.520s][info][gc             ] GC(23) Pause Full (Allocation Failure) 59M->59M(139M) 44.735ms
[0.520s][info][gc,cpu         ] GC(23) User=0.03s Sys=0.00s Real=0.04s
[0.560s][info][gc,start       ] GC(24) Pause Young (Allocation Failure)
[0.621s][info][gc,heap        ] GC(24) DefNew: 39424K(44288K)->4863K(44288K) Eden: 39424K(39424K)->0K(39424K) From: 0K(4864K)->4863K(4864K)
[0.622s][info][gc,heap        ] GC(24) Tenured: 58955K(98260K)->93487K(98260K)
[0.622s][info][gc,metaspace   ] GC(24) Metaspace: 6303K(6528K)->6303K(6528K) NonClass: 5769K(5888K)->5769K(5888K) Class: 533K(640K)->533K(640K)
[0.622s][info][gc             ] GC(24) Pause Young (Allocation Failure) 96M->96M(139M) 61.303ms
[0.622s][info][gc,cpu         ] GC(24) User=0.06s Sys=0.00s Real=0.06s
[0.657s][info][gc,start       ] GC(25) Pause Young (Allocation Failure)
[0.727s][info][gc             ] GC(25) Pause Young (Allocation Failure) 134M->134M(173M) 69.625ms
[0.727s][info][gc,cpu         ] GC(25) User=0.06s Sys=0.00s Real=0.07s
[0.727s][info][gc,start       ] GC(26) Pause Full (Allocation Failure)
[0.727s][info][gc,phases,start] GC(26) Phase 1: Mark live objects
[0.780s][info][gc,phases      ] GC(26) Phase 1: Mark live objects 53.715ms
[0.780s][info][gc,phases,start] GC(26) Phase 2: Compute new object addresses
[0.801s][info][gc,phases      ] GC(26) Phase 2: Compute new object addresses 20.668ms
[0.801s][info][gc,phases,start] GC(26) Phase 3: Adjust pointers
[0.828s][info][gc,phases      ] GC(26) Phase 3: Adjust pointers 26.750ms
[0.828s][info][gc,phases,start] GC(26) Phase 4: Move objects
[0.853s][info][gc,phases      ] GC(26) Phase 4: Move objects 24.690ms
[0.853s][info][gc,heap        ] GC(26) DefNew: 44287K(44288K)->1014K(99712K) Eden: 39424K(39424K)->1014K(88640K) From: 4863K(4864K)->0K(11072K)
[0.853s][info][gc,heap        ] GC(26) Tenured: 93487K(98260K)->132887K(221480K)
[0.853s][info][gc,metaspace   ] GC(26) Metaspace: 6303K(6528K)->6303K(6528K) NonClass: 5769K(5888K)->5769K(5888K) Class: 533K(640K)->533K(640K)
[0.853s][info][gc             ] GC(26) Pause Full (Allocation Failure) 134M->130M(313M) 126.677ms
[0.853s][info][gc,cpu         ] GC(26) User=0.12s Sys=0.00s Real=0.13s
[0.944s][info][gc,start       ] GC(27) Pause Young (Allocation Failure)
[1.092s][info][gc,heap        ] GC(27) DefNew: 88640K(99712K)->11072K(99712K) Eden: 88640K(88640K)->0K(88640K) From: 0K(11072K)->11072K(11072K)
[1.092s][info][gc,heap        ] GC(27) Tenured: 132887K(221480K)->210425K(221480K)
[1.092s][info][gc,metaspace   ] GC(27) Metaspace: 6303K(6528K)->6303K(6528K) NonClass: 5769K(5888K)->5769K(5888K) Class: 533K(640K)->533K(640K)
[1.092s][info][gc             ] GC(27) Pause Young (Allocation Failure) 216M->216M(313M) 147.606ms
[1.092s][info][gc,cpu         ] GC(27) User=0.09s Sys=0.03s Real=0.15s
[1.172s][info][gc,start       ] GC(28) Pause Young (Allocation Failure)
[1.338s][info][gc             ] GC(28) Pause Young (Allocation Failure) 302M->302M(389M) 166.731ms
[1.338s][info][gc,cpu         ] GC(28) User=0.11s Sys=0.03s Real=0.17s
[1.338s][info][gc,start       ] GC(29) Pause Full (Allocation Failure)
[1.338s][info][gc,phases,start] GC(29) Phase 1: Mark live objects
[1.468s][info][gc,phases      ] GC(29) Phase 1: Mark live objects 129.225ms
[1.468s][info][gc,phases,start] GC(29) Phase 2: Compute new object addresses
[1.515s][info][gc,phases      ] GC(29) Phase 2: Compute new object addresses 47.231ms
[1.515s][info][gc,phases,start] GC(29) Phase 3: Adjust pointers
[1.572s][info][gc,phases      ] GC(29) Phase 3: Adjust pointers 57.121ms
[1.572s][info][gc,phases,start] GC(29) Phase 4: Move objects
[1.574s][info][gc,phases      ] GC(29) Phase 4: Move objects 2.207ms
[1.575s][info][gc,heap        ] GC(29) DefNew: 99712K(99712K)->10927K(224448K) Eden: 88640K(88640K)->10927K(199552K) From: 11072K(11072K)->0K(24896K)
[1.575s][info][gc,heap        ] GC(29) Tenured: 210425K(221480K)->299179K(498636K)
[1.575s][info][gc,metaspace   ] GC(29) Metaspace: 6303K(6528K)->6303K(6528K) NonClass: 5769K(5888K)->5769K(5888K) Class: 533K(640K)->533K(640K)
[1.575s][info][gc             ] GC(29) Pause Full (Allocation Failure) 302M->302M(706M) 237.039ms
[1.575s][info][gc,cpu         ] GC(29) User=0.25s Sys=0.00s Real=0.24s
[1.789s][info][gc,start       ] GC(30) Pause Young (Allocation Failure)
[2.112s][info][gc,heap        ] GC(30) DefNew: 199552K(224448K)->24895K(224448K) Eden: 199552K(199552K)->0K(199552K) From: 0K(24896K)->24895K(24896K)
[2.112s][info][gc,heap        ] GC(30) Tenured: 299179K(498636K)->473807K(498636K)
[2.112s][info][gc,metaspace   ] GC(30) Metaspace: 6303K(6528K)->6303K(6528K) NonClass: 5769K(5888K)->5769K(5888K) Class: 533K(640K)->533K(640K)
[2.112s][info][gc             ] GC(30) Pause Young (Allocation Failure) 487M->487M(706M) 322.630ms
[2.112s][info][gc,cpu         ] GC(30) User=0.28s Sys=0.05s Real=0.32s
[2.302s][info][gc,start       ] GC(31) Pause Young (Allocation Failure)
[2.669s][info][gc             ] GC(31) Pause Young (Allocation Failure) 681M->681M(876M) 367.089ms
[2.670s][info][gc,cpu         ] GC(31) User=0.27s Sys=0.09s Real=0.37s
[2.670s][info][gc,start       ] GC(32) Pause Full (Allocation Failure)
[2.670s][info][gc,phases,start] GC(32) Phase 1: Mark live objects
[2.965s][info][gc,phases      ] GC(32) Phase 1: Mark live objects 295.561ms
[2.965s][info][gc,phases,start] GC(32) Phase 2: Compute new object addresses
[3.071s][info][gc,phases      ] GC(32) Phase 2: Compute new object addresses 105.324ms
[3.071s][info][gc,phases,start] GC(32) Phase 3: Adjust pointers
[3.185s][info][gc,phases      ] GC(32) Phase 3: Adjust pointers 113.949ms
[3.185s][info][gc,phases,start] GC(32) Phase 4: Move objects
[3.190s][info][gc,phases      ] GC(32) Phase 4: Move objects 5.092ms
[3.192s][info][gc,heap        ] GC(32) DefNew: 224447K(224448K)->24863K(505088K) Eden: 199552K(199552K)->24863K(449024K) From: 24895K(24896K)->0K(56064K)
[3.192s][info][gc,heap        ] GC(32) Tenured: 473807K(498636K)->673355K(1122260K)
[3.192s][info][gc,metaspace   ] GC(32) Metaspace: 6303K(6528K)->6303K(6528K) NonClass: 5769K(5888K)->5769K(5888K) Class: 533K(640K)->533K(640K)
[3.192s][info][gc             ] GC(32) Pause Full (Allocation Failure) 681M->681M(1589M) 522.266ms
[3.192s][info][gc,cpu         ] GC(32) User=0.52s Sys=0.00s Real=0.52s
[3.646s][info][gc,start       ] GC(33) Pause Young (Allocation Failure)
[4.395s][info][gc,heap        ] GC(33) DefNew: 449024K(505088K)->56063K(505088K) Eden: 449024K(449024K)->0K(449024K) From: 0K(56064K)->56063K(56064K)
[4.395s][info][gc,heap        ] GC(33) Tenured: 673355K(1122260K)->1066285K(1122260K)
[4.395s][info][gc,metaspace   ] GC(33) Metaspace: 6303K(6528K)->6303K(6528K) NonClass: 5769K(5888K)->5769K(5888K) Class: 533K(640K)->533K(640K)
[4.395s][info][gc             ] GC(33) Pause Young (Allocation Failure) 1096M->1096M(1589M) 749.114ms
[4.395s][info][gc,cpu         ] GC(33) User=0.56s Sys=0.16s Real=0.75s
[4.853s][info][gc,start       ] GC(34) Pause Young (Allocation Failure)
[5.548s][info][gc             ] GC(34) Pause Young (Allocation Failure) 1534M->1476M(1915M) 695.357ms
[5.548s][info][gc,cpu         ] GC(34) User=0.61s Sys=0.08s Real=0.70s
[5.548s][info][gc,start       ] GC(35) Pause Full (Allocation Failure)
[5.548s][info][gc,phases,start] GC(35) Phase 1: Mark live objects
[6.193s][info][gc,phases      ] GC(35) Phase 1: Mark live objects 644.401ms
[6.193s][info][gc,phases,start] GC(35) Phase 2: Compute new object addresses
[6.406s][info][gc,phases      ] GC(35) Phase 2: Compute new object addresses 213.773ms
[6.406s][info][gc,phases,start] GC(35) Phase 3: Adjust pointers
[6.661s][info][gc,phases      ] GC(35) Phase 3: Adjust pointers 254.579ms
[6.661s][info][gc,phases,start] GC(35) Phase 4: Move objects
[6.672s][info][gc,phases      ] GC(35) Phase 4: Move objects 11.274ms
[6.676s][info][gc,heap        ] GC(35) DefNew: 505087K(505088K)->55928K(1092096K) Eden: 449024K(449024K)->55928K(970816K) From: 56063K(56064K)->0K(121280K)
[6.676s][info][gc,heap        ] GC(35) Tenured: 1066285K(1122260K)->1456023K(2426708K)
[6.676s][info][gc,metaspace   ] GC(35) Metaspace: 6303K(6528K)->6303K(6528K) NonClass: 5769K(5888K)->5769K(5888K) Class: 533K(640K)->533K(640K)
[6.676s][info][gc             ] GC(35) Pause Full (Allocation Failure) 1476M->1476M(3436M) 1128.234ms
[6.676s][info][gc,cpu         ] GC(35) User=1.12s Sys=0.00s Real=1.13s
[7.611s][info][gc,start       ] GC(36) Pause Young (Allocation Failure)
[9.283s][info][gc,heap        ] GC(36) DefNew: 970816K(1092096K)->121280K(1092096K) Eden: 970816K(970816K)->0K(970816K) From: 0K(121280K)->121280K(121280K)
[9.283s][info][gc,heap        ] GC(36) Tenured: 1456023K(2426708K)->2305530K(2426708K)
[9.283s][info][gc,metaspace   ] GC(36) Metaspace: 6303K(6528K)->6303K(6528K) NonClass: 5769K(5888K)->5769K(5888K) Class: 533K(640K)->533K(640K)
[9.283s][info][gc             ] GC(36) Pause Young (Allocation Failure) 2369M->2369M(3436M) 1672.072ms
[9.283s][info][gc,cpu         ] GC(36) User=1.47s Sys=0.19s Real=1.67s
[10.246s][info][gc,start       ] GC(37) Pause Young (Allocation Failure)
[10.246s][info][gc             ] GC(37) Pause Young (Allocation Failure) 3317M->3317M(3436M) 0.119ms
[10.246s][info][gc,cpu         ] GC(37) User=0.00s Sys=0.00s Real=0.00s
[10.246s][info][gc,start       ] GC(38) Pause Full (Allocation Failure)
[10.246s][info][gc,phases,start] GC(38) Phase 1: Mark live objects
[11.758s][info][gc,phases      ] GC(38) Phase 1: Mark live objects 1511.957ms
[11.758s][info][gc,phases,start] GC(38) Phase 2: Compute new object addresses
[12.209s][info][gc,phases      ] GC(38) Phase 2: Compute new object addresses 451.256ms
[12.209s][info][gc,phases,start] GC(38) Phase 3: Adjust pointers
[12.930s][info][gc,phases      ] GC(38) Phase 3: Adjust pointers 720.997ms
[12.931s][info][gc,phases,start] GC(38) Phase 4: Move objects
[13.565s][info][gc,phases      ] GC(38) Phase 4: Move objects 634.073ms
[13.566s][info][gc,heap        ] GC(38) DefNew: 1092096K(1092096K)->876682K(1136640K) Eden: 970816K(970816K)->876682K(1010368K) From: 121280K(121280K)->0K(126272K)
[13.566s][info][gc,heap        ] GC(38) Tenured: 2305530K(2426708K)->2426707K(2525888K)
[13.566s][info][gc,metaspace   ] GC(38) Metaspace: 6303K(6528K)->6303K(6528K) NonClass: 5769K(5888K)->5769K(5888K) Class: 533K(640K)->533K(640K)
[13.566s][info][gc             ] GC(38) Pause Full (Allocation Failure) 3317M->3225M(3576M) 3319.648ms
[13.566s][info][gc,cpu         ] GC(38) User=3.27s Sys=0.03s Real=3.32s
[14.398s][info][gc,start       ] GC(39) Pause Full (Allocation Failure)
[14.399s][info][gc,phases,start] GC(39) Phase 1: Mark live objects
[16.058s][info][gc,phases      ] GC(39) Phase 1: Mark live objects 1659.779ms
[16.058s][info][gc,phases,start] GC(39) Phase 2: Compute new object addresses
[16.555s][info][gc,phases      ] GC(39) Phase 2: Compute new object addresses 496.175ms
[16.555s][info][gc,phases,start] GC(39) Phase 3: Adjust pointers
[17.251s][info][gc,phases      ] GC(39) Phase 3: Adjust pointers 696.625ms
[17.251s][info][gc,phases,start] GC(39) Phase 4: Move objects
[17.288s][info][gc,phases      ] GC(39) Phase 4: Move objects 36.321ms
[17.288s][info][gc,heap        ] GC(39) DefNew: 1136640K(1136640K)->1136635K(1136640K) Eden: 1010368K(1010368K)->1010367K(1010368K) From: 126272K(126272K)->126267K(126272K)
[17.288s][info][gc,heap        ] GC(39) Tenured: 2525887K(2525888K)->2525887K(2525888K)
[17.288s][info][gc,metaspace   ] GC(39) Metaspace: 6303K(6528K)->6303K(6528K) NonClass: 5769K(5888K)->5769K(5888K) Class: 533K(640K)->533K(640K)
[17.288s][info][gc             ] GC(39) Pause Full (Allocation Failure) 3576M->3576M(3576M) 2890.118ms
[17.289s][info][gc,cpu         ] GC(39) User=2.89s Sys=0.00s Real=2.89s
[17.289s][info][gc,start       ] GC(40) Pause Full (Allocation Failure)
[17.289s][info][gc,phases,start] GC(40) Phase 1: Mark live objects
[18.939s][info][gc,phases      ] GC(40) Phase 1: Mark live objects 1650.123ms
[18.939s][info][gc,phases,start] GC(40) Phase 2: Compute new object addresses
[19.436s][info][gc,phases      ] GC(40) Phase 2: Compute new object addresses 497.286ms
[19.436s][info][gc,phases,start] GC(40) Phase 3: Adjust pointers
[20.129s][info][gc,phases      ] GC(40) Phase 3: Adjust pointers 692.842ms
[20.129s][info][gc,phases,start] GC(40) Phase 4: Move objects
[20.129s][info][gc,phases      ] GC(40) Phase 4: Move objects 0.017ms
[20.130s][info][gc,heap        ] GC(40) DefNew: 1136639K(1136640K)->1136639K(1136640K) Eden: 1010367K(1010368K)->1010367K(1010368K) From: 126271K(126272K)->126271K(126272K)
[20.130s][info][gc,heap        ] GC(40) Tenured: 2525887K(2525888K)->2525887K(2525888K)
[20.130s][info][gc,metaspace   ] GC(40) Metaspace: 6303K(6528K)->6303K(6528K) NonClass: 5769K(5888K)->5769K(5888K) Class: 533K(640K)->533K(640K)
[20.130s][info][gc             ] GC(40) Pause Full (Allocation Failure) 3576M->3576M(3576M) 2840.993ms
[20.130s][info][gc,cpu         ] GC(40) User=2.78s Sys=0.00s Real=2.84s
[20.130s][info][gc,start       ] GC(41) Pause Full (Allocation Failure)
[20.130s][info][gc,phases,start] GC(41) Phase 1: Mark live objects
[21.781s][info][gc,phases      ] GC(41) Phase 1: Mark live objects 1650.904ms
[21.781s][info][gc,phases,start] GC(41) Phase 2: Compute new object addresses
[22.275s][info][gc,phases      ] GC(41) Phase 2: Compute new object addresses 494.141ms
[22.275s][info][gc,phases,start] GC(41) Phase 3: Adjust pointers
[23.090s][info][gc,phases      ] GC(41) Phase 3: Adjust pointers 815.481ms
[23.091s][info][gc,phases,start] GC(41) Phase 4: Move objects
[23.679s][info][gc,phases      ] GC(41) Phase 4: Move objects 588.042ms
[23.679s][info][gc,heap        ] GC(41) DefNew: 1136639K(1136640K)->1136635K(1136640K) Eden: 1010367K(1010368K)->1010367K(1010368K) From: 126271K(126272K)->126267K(126272K)
[23.680s][info][gc,heap        ] GC(41) Tenured: 2525887K(2525888K)->2525887K(2525888K)
[23.680s][info][gc,metaspace   ] GC(41) Metaspace: 6303K(6528K)->6301K(6528K) NonClass: 5769K(5888K)->5768K(5888K) Class: 533K(640K)->532K(640K)
[23.680s][info][gc             ] GC(41) Pause Full (Allocation Failure) 3576M->3576M(3576M) 3549.836ms
[23.680s][info][gc,cpu         ] GC(41) User=3.55s Sys=0.00s Real=3.55s
[23.680s][info][gc,start       ] GC(42) Pause Full (Allocation Failure)
[23.680s][info][gc,phases,start] GC(42) Phase 1: Mark live objects
[25.644s][info][gc,phases      ] GC(42) Phase 1: Mark live objects 1964.397ms
[25.644s][info][gc,phases,start] GC(42) Phase 2: Compute new object addresses
[26.238s][info][gc,phases      ] GC(42) Phase 2: Compute new object addresses 593.154ms
[26.238s][info][gc,phases,start] GC(42) Phase 3: Adjust pointers
[27.031s][info][gc,phases      ] GC(42) Phase 3: Adjust pointers 793.035ms
[27.031s][info][gc,phases,start] GC(42) Phase 4: Move objects
[27.031s][info][gc,phases      ] GC(42) Phase 4: Move objects 0.018ms
[27.031s][info][gc,heap        ] GC(42) DefNew: 1136639K(1136640K)->1136639K(1136640K) Eden: 1010367K(1010368K)->1010367K(1010368K) From: 126271K(126272K)->126271K(126272K)
[27.031s][info][gc,heap        ] GC(42) Tenured: 2525887K(2525888K)->2525887K(2525888K)
[27.031s][info][gc,metaspace   ] GC(42) Metaspace: 6301K(6528K)->6301K(6528K) NonClass: 5768K(5888K)->5768K(5888K) Class: 532K(640K)->532K(640K)
[27.031s][info][gc             ] GC(42) Pause Full (Allocation Failure) 3576M->3576M(3576M) 3351.459ms
[27.031s][info][gc,cpu         ] GC(42) User=3.17s Sys=0.00s Real=3.35s
[27.031s][info][gc,start       ] GC(43) Pause Full (Allocation Failure)
[27.031s][info][gc,phases,start] GC(43) Phase 1: Mark live objects
[28.925s][info][gc,phases      ] GC(43) Phase 1: Mark live objects 1893.058ms
[28.925s][info][gc,phases,start] GC(43) Phase 2: Compute new object addresses
[29.513s][info][gc,phases      ] GC(43) Phase 2: Compute new object addresses 588.040ms
[29.513s][info][gc,phases,start] GC(43) Phase 3: Adjust pointers
[30.305s][info][gc,phases      ] GC(43) Phase 3: Adjust pointers 792.159ms
[30.305s][info][gc,phases,start] GC(43) Phase 4: Move objects
[30.305s][info][gc,phases      ] GC(43) Phase 4: Move objects 0.016ms
[30.306s][info][gc,heap        ] GC(43) DefNew: 1136639K(1136640K)->1136639K(1136640K) Eden: 1010367K(1010368K)->1010367K(1010368K) From: 126271K(126272K)->126271K(126272K)
[30.306s][info][gc,heap        ] GC(43) Tenured: 2525887K(2525888K)->2525887K(2525888K)
[30.306s][info][gc,metaspace   ] GC(43) Metaspace: 6301K(6528K)->6301K(6528K) NonClass: 5768K(5888K)->5768K(5888K) Class: 532K(640K)->532K(640K)
[30.306s][info][gc             ] GC(43) Pause Full (Allocation Failure) 3576M->3576M(3576M) 3274.298ms
[30.306s][info][gc,cpu         ] GC(43) User=3.12s Sys=0.00s Real=3.28s
[30.306s][info][gc,start       ] GC(44) Pause Full (Allocation Failure)
[30.306s][info][gc,phases,start] GC(44) Phase 1: Mark live objects
[32.204s][info][gc,phases      ] GC(44) Phase 1: Mark live objects 1897.591ms
[32.204s][info][gc,phases,start] GC(44) Phase 2: Compute new object addresses
[32.793s][info][gc,phases      ] GC(44) Phase 2: Compute new object addresses 588.500ms
[32.793s][info][gc,phases,start] GC(44) Phase 3: Adjust pointers
[33.578s][info][gc,phases      ] GC(44) Phase 3: Adjust pointers 785.387ms
[33.578s][info][gc,phases,start] GC(44) Phase 4: Move objects
[33.578s][info][gc,phases      ] GC(44) Phase 4: Move objects 0.017ms
[33.578s][info][gc,heap        ] GC(44) DefNew: 1136639K(1136640K)->1136639K(1136640K) Eden: 1010368K(1010368K)->1010368K(1010368K) From: 126271K(126272K)->126271K(126272K)
[33.579s][info][gc,heap        ] GC(44) Tenured: 2525887K(2525888K)->2525887K(2525888K)
[33.579s][info][gc,metaspace   ] GC(44) Metaspace: 6301K(6528K)->6301K(6528K) NonClass: 5768K(5888K)->5768K(5888K) Class: 532K(640K)->532K(640K)
[33.579s][info][gc             ] GC(44) Pause Full (Allocation Failure) 3576M->3576M(3576M) 3272.294ms
[33.579s][info][gc,cpu         ] GC(44) User=3.22s Sys=0.00s Real=3.27s
[33.579s][info][gc,start       ] GC(45) Pause Full (Allocation Failure)
[33.579s][info][gc,phases,start] GC(45) Phase 1: Mark live objects
[35.459s][info][gc,phases      ] GC(45) Phase 1: Mark live objects 1879.771ms
[35.459s][info][gc,phases,start] GC(45) Phase 2: Compute new object addresses
[35.956s][info][gc,phases      ] GC(45) Phase 2: Compute new object addresses 497.554ms
[35.956s][info][gc,phases,start] GC(45) Phase 3: Adjust pointers
[36.632s][info][gc,phases      ] GC(45) Phase 3: Adjust pointers 675.981ms
[36.632s][info][gc,phases,start] GC(45) Phase 4: Move objects
[36.632s][info][gc,phases      ] GC(45) Phase 4: Move objects 0.018ms
[36.633s][info][gc,heap        ] GC(45) DefNew: 1136639K(1136640K)->1136639K(1136640K) Eden: 1010368K(1010368K)->1010368K(1010368K) From: 126271K(126272K)->126271K(126272K)
[36.633s][info][gc,heap        ] GC(45) Tenured: 2525887K(2525888K)->2525887K(2525888K)
[36.633s][info][gc,metaspace   ] GC(45) Metaspace: 6301K(6528K)->6301K(6528K) NonClass: 5768K(5888K)->5768K(5888K) Class: 532K(640K)->532K(640K)
[36.633s][info][gc             ] GC(45) Pause Full (Allocation Failure) 3576M->3576M(3576M) 3054.078ms
[36.633s][info][gc,cpu         ] GC(45) User=2.94s Sys=0.00s Real=3.06s
[36.633s][info][gc,start       ] GC(46) Pause Full (Allocation Failure)
[36.633s][info][gc,phases,start] GC(46) Phase 1: Mark live objects
[38.297s][info][gc,phases      ] GC(46) Phase 1: Mark live objects 1663.939ms
[38.297s][info][gc,phases,start] GC(46) Phase 2: Compute new object addresses
[38.794s][info][gc,phases      ] GC(46) Phase 2: Compute new object addresses 497.233ms
[38.794s][info][gc,phases,start] GC(46) Phase 3: Adjust pointers
[39.617s][info][gc,phases      ] GC(46) Phase 3: Adjust pointers 822.455ms
[39.617s][info][gc,phases,start] GC(46) Phase 4: Move objects
[40.200s][info][gc,phases      ] GC(46) Phase 4: Move objects 582.902ms
[40.201s][info][gc,heap        ] GC(46) DefNew: 1136639K(1136640K)->1136638K(1136640K) Eden: 1010368K(1010368K)->1010368K(1010368K) From: 126271K(126272K)->126270K(126272K)
[40.201s][info][gc,heap        ] GC(46) Tenured: 2525887K(2525888K)->2525887K(2525888K)
[40.201s][info][gc,metaspace   ] GC(46) Metaspace: 6301K(6528K)->6301K(6528K) NonClass: 5768K(5888K)->5768K(5888K) Class: 532K(640K)->532K(640K)
[40.201s][info][gc             ] GC(46) Pause Full (Allocation Failure) 3576M->3576M(3576M) 3567.646ms
[40.201s][info][gc,cpu         ] GC(46) User=3.56s Sys=0.00s Real=3.57s
[40.202s][info][gc,start       ] GC(47) Pause Full (Allocation Failure)
[40.202s][info][gc,phases,start] GC(47) Phase 1: Mark live objects
[41.907s][info][gc,phases      ] GC(47) Phase 1: Mark live objects 1705.248ms
[41.907s][info][gc,phases,start] GC(47) Phase 2: Compute new object addresses
[42.464s][info][gc,phases      ] GC(47) Phase 2: Compute new object addresses 557.018ms
[42.464s][info][gc,phases,start] GC(47) Phase 3: Adjust pointers
[43.150s][info][gc,phases      ] GC(47) Phase 3: Adjust pointers 685.436ms
[43.150s][info][gc,phases,start] GC(47) Phase 4: Move objects
[43.150s][info][gc,phases      ] GC(47) Phase 4: Move objects 0.017ms
[43.150s][info][gc,heap        ] GC(47) DefNew: 1136639K(1136640K)->1136638K(1136640K) Eden: 1010368K(1010368K)->1010368K(1010368K) From: 126271K(126272K)->126270K(126272K)
[43.150s][info][gc,heap        ] GC(47) Tenured: 2525887K(2525888K)->2525887K(2525888K)
[43.150s][info][gc,metaspace   ] GC(47) Metaspace: 6303K(6528K)->6303K(6528K) NonClass: 5769K(5888K)->5769K(5888K) Class: 533K(640K)->533K(640K)
[43.150s][info][gc             ] GC(47) Pause Full (Allocation Failure) 3576M->3576M(3576M) 2948.472ms
[43.150s][info][gc,cpu         ] GC(47) User=2.91s Sys=0.00s Real=2.95s
[43.151s][info][gc,heap,exit   ] Heap
[43.151s][info][gc,heap,exit   ]  def new generation   total 1136640K, used 1136639K [0x0000000718c00000, 0x0000000765d50000, 0x0000000765d50000)
[43.151s][info][gc,heap,exit   ]   eden space 1010368K, 100% used [0x0000000718c00000, 0x00000007566b0000, 0x00000007566b0000)
[43.151s][info][gc,heap,exit   ]   from space 126272K,  99% used [0x00000007566b0000, 0x000000075e1fff48, 0x000000075e200000)
[43.151s][info][gc,heap,exit   ]   to   space 126272K,   0% used [0x000000075e200000, 0x000000075e200000, 0x0000000765d50000)
[43.151s][info][gc,heap,exit   ]  tenured generation   total 2525888K, used 2525887K [0x0000000765d50000, 0x0000000800000000, 0x0000000800000000)
[43.151s][info][gc,heap,exit   ]    the space 2525888K,  99% used [0x0000000765d50000, 0x00000007ffffffa8, 0x0000000800000000, 0x0000000800000000)
[43.151s][info][gc,heap,exit   ]  Metaspace       used 6306K, committed 6528K, reserved 1114112K
[43.151s][info][gc,heap,exit   ]   class space    used 534K, committed 640K, reserved 1048576K
