[0.021s][info][gc,init] CardTable entry size: 512
[0.022s][info][gc     ] Using Serial
[0.022s][info][gc,init] Version: 18.0.1+10 (release)
[0.022s][info][gc,init] CPUs: 8 total, 8 available
[0.022s][info][gc,init] Memory: 16063M
[0.022s][info][gc,init] Large Page Support: Disabled
[0.022s][info][gc,init] NUMA Support: Disabled
[0.022s][info][gc,init] Compressed Oops: Enabled (Zero based)
[0.022s][info][gc,init] Heap Min Capacity: 2M
[0.022s][info][gc,init] Heap Initial Capacity: 2M
[0.022s][info][gc,init] Heap Max Capacity: 16300M
[0.022s][info][gc,init] Pre-touch: Disabled
[0.023s][info][gc,metaspace] CDS archive(s) not mapped
[0.023s][info][gc,metaspace] Compressed class space mapped at: 0x0000000800000000-0x0000000840000000, reserved size: 1073741824
[0.023s][info][gc,metaspace] Narrow klass base: 0x0000000800000000, Narrow klass shift: 0, Narrow klass range: 0x40000000
[0.185s][info][gc,start    ] GC(0) Pause Young (Allocation Failure)
[0.187s][info][gc,heap     ] GC(0) DefNew: 1023K(1152K)->127K(1152K) Eden: 1023K(1024K)->0K(1024K) From: 0K(128K)->127K(128K)
[0.187s][info][gc,heap     ] GC(0) Tenured: 0K(768K)->439K(768K)
[0.187s][info][gc,metaspace] GC(0) Metaspace: 5898K(6016K)->5898K(6016K) NonClass: 5398K(5504K)->5398K(5504K) Class: 499K(512K)->499K(512K)
[0.187s][info][gc          ] GC(0) Pause Young (Allocation Failure) 0M->0M(1M) 1.795ms
[0.187s][info][gc,cpu      ] GC(0) User=0.00s Sys=0.00s Real=0.00s
[0.205s][info][gc,start    ] GC(1) Pause Young (Allocation Failure)
[0.206s][info][gc          ] GC(1) Pause Young (Allocation Failure) 1M->0M(2M) 1.153ms
[0.206s][info][gc,cpu      ] GC(1) User=0.00s Sys=0.00s Real=0.00s
[0.206s][info][gc,start    ] GC(2) Pause Full (Allocation Failure)
[0.206s][info][gc,phases,start] GC(2) Phase 1: Mark live objects
[0.207s][info][gc,phases      ] GC(2) Phase 1: Mark live objects 0.866ms
[0.207s][info][gc,phases,start] GC(2) Phase 2: Compute new object addresses
[0.208s][info][gc,phases      ] GC(2) Phase 2: Compute new object addresses 0.211ms
[0.208s][info][gc,phases,start] GC(2) Phase 3: Adjust pointers
[0.208s][info][gc,phases      ] GC(2) Phase 3: Adjust pointers 0.453ms
[0.208s][info][gc,phases,start] GC(2) Phase 4: Move objects
[0.208s][info][gc,phases      ] GC(2) Phase 4: Move objects 0.064ms
[0.208s][info][gc,heap        ] GC(2) DefNew: 1151K(1152K)->40K(1152K) Eden: 1024K(1024K)->40K(1024K) From: 127K(128K)->0K(128K)
[0.208s][info][gc,heap        ] GC(2) Tenured: 439K(768K)->960K(1600K)
[0.208s][info][gc,metaspace   ] GC(2) Metaspace: 6294K(6464K)->6294K(6464K) NonClass: 5761K(5824K)->5761K(5824K) Class: 533K(640K)->533K(640K)
[0.208s][info][gc             ] GC(2) Pause Full (Allocation Failure) 0M->0M(2M) 1.837ms
[0.208s][info][gc,cpu         ] GC(2) User=0.00s Sys=0.00s Real=0.00s
[0.210s][info][gc,start       ] GC(3) Pause Young (Allocation Failure)
[0.211s][info][gc,heap        ] GC(3) DefNew: 1024K(1152K)->128K(1152K) Eden: 1024K(1024K)->0K(1024K) From: 0K(128K)->128K(128K)
[0.211s][info][gc,heap        ] GC(3) Tenured: 960K(1600K)->1374K(1600K)
[0.211s][info][gc,metaspace   ] GC(3) Metaspace: 6294K(6464K)->6294K(6464K) NonClass: 5761K(5824K)->5761K(5824K) Class: 533K(640K)->533K(640K)
[0.211s][info][gc             ] GC(3) Pause Young (Allocation Failure) 1M->1M(2M) 1.746ms
[0.211s][info][gc,cpu         ] GC(3) User=0.00s Sys=0.00s Real=0.00s
[0.213s][info][gc,start       ] GC(4) Pause Young (Allocation Failure)
[0.214s][info][gc             ] GC(4) Pause Young (Allocation Failure) 2M->1M(3M) 1.207ms
[0.214s][info][gc,cpu         ] GC(4) User=0.00s Sys=0.00s Real=0.00s
[0.214s][info][gc,start       ] GC(5) Pause Full (Allocation Failure)
[0.214s][info][gc,phases,start] GC(5) Phase 1: Mark live objects
[0.216s][info][gc,phases      ] GC(5) Phase 1: Mark live objects 1.587ms
[0.216s][info][gc,phases,start] GC(5) Phase 2: Compute new object addresses
[0.216s][info][gc,phases      ] GC(5) Phase 2: Compute new object addresses 0.502ms
[0.216s][info][gc,phases,start] GC(5) Phase 3: Adjust pointers
[0.217s][info][gc,phases      ] GC(5) Phase 3: Adjust pointers 0.910ms
[0.217s][info][gc,phases,start] GC(5) Phase 4: Move objects
[0.218s][info][gc,phases      ] GC(5) Phase 4: Move objects 0.068ms
[0.218s][info][gc,heap        ] GC(5) DefNew: 1152K(1152K)->34K(1536K) Eden: 1024K(1024K)->34K(1408K) From: 128K(128K)->0K(128K)
[0.218s][info][gc,heap        ] GC(5) Tenured: 1374K(1600K)->1983K(3308K)
[0.218s][info][gc,metaspace   ] GC(5) Metaspace: 6294K(6464K)->6294K(6464K) NonClass: 5761K(5824K)->5761K(5824K) Class: 533K(640K)->533K(640K)
[0.218s][info][gc             ] GC(5) Pause Full (Allocation Failure) 1M->1M(4M) 3.527ms
[0.218s][info][gc,cpu         ] GC(5) User=0.00s Sys=0.00s Real=0.00s
[0.219s][info][gc,start       ] GC(6) Pause Young (Allocation Failure)
[0.221s][info][gc,heap        ] GC(6) DefNew: 1407K(1536K)->127K(1536K) Eden: 1407K(1408K)->0K(1408K) From: 0K(128K)->127K(128K)
[0.221s][info][gc,heap        ] GC(6) Tenured: 1983K(3308K)->2617K(3308K)
[0.221s][info][gc,metaspace   ] GC(6) Metaspace: 6294K(6464K)->6294K(6464K) NonClass: 5761K(5824K)->5761K(5824K) Class: 533K(640K)->533K(640K)
[0.221s][info][gc             ] GC(6) Pause Young (Allocation Failure) 3M->2M(4M) 1.850ms
[0.221s][info][gc,cpu         ] GC(6) User=0.00s Sys=0.00s Real=0.00s
[0.223s][info][gc,start       ] GC(7) Pause Young (Allocation Failure)
[0.225s][info][gc             ] GC(7) Pause Young (Allocation Failure) 4M->3M(4M) 1.808ms
[0.225s][info][gc,cpu         ] GC(7) User=0.00s Sys=0.00s Real=0.00s
[0.225s][info][gc,start       ] GC(8) Pause Full (Allocation Failure)
[0.225s][info][gc,phases,start] GC(8) Phase 1: Mark live objects
[0.227s][info][gc,phases      ] GC(8) Phase 1: Mark live objects 2.165ms
[0.227s][info][gc,phases,start] GC(8) Phase 2: Compute new object addresses
[0.227s][info][gc,phases      ] GC(8) Phase 2: Compute new object addresses 0.551ms
[0.227s][info][gc,phases,start] GC(8) Phase 3: Adjust pointers
[0.228s][info][gc,phases      ] GC(8) Phase 3: Adjust pointers 0.801ms
[0.228s][info][gc,phases,start] GC(8) Phase 4: Move objects
[0.228s][info][gc,phases      ] GC(8) Phase 4: Move objects 0.082ms
[0.228s][info][gc,heap        ] GC(8) DefNew: 1535K(1536K)->0K(2688K) Eden: 1408K(1408K)->0K(2432K) From: 127K(128K)->0K(256K)
[0.228s][info][gc,heap        ] GC(8) Tenured: 2617K(3308K)->3460K(5768K)
[0.228s][info][gc,metaspace   ] GC(8) Metaspace: 6294K(6464K)->6294K(6464K) NonClass: 5761K(5824K)->5761K(5824K) Class: 533K(640K)->533K(640K)
[0.228s][info][gc             ] GC(8) Pause Full (Allocation Failure) 3M->3M(8M) 3.846ms
[0.228s][info][gc,cpu         ] GC(8) User=0.00s Sys=0.00s Real=0.00s
[0.233s][info][gc,start       ] GC(9) Pause Young (Allocation Failure)
[0.236s][info][gc,heap        ] GC(9) DefNew: 2432K(2688K)->255K(2688K) Eden: 2432K(2432K)->0K(2432K) From: 0K(256K)->255K(256K)
[0.236s][info][gc,heap        ] GC(9) Tenured: 3460K(5768K)->4512K(5768K)
[0.236s][info][gc,metaspace   ] GC(9) Metaspace: 6294K(6464K)->6294K(6464K) NonClass: 5761K(5824K)->5761K(5824K) Class: 533K(640K)->533K(640K)
[0.236s][info][gc             ] GC(9) Pause Young (Allocation Failure) 5M->4M(8M) 3.273ms
[0.236s][info][gc,cpu         ] GC(9) User=0.00s Sys=0.00s Real=0.00s
[0.238s][info][gc,start       ] GC(10) Pause Young (Allocation Failure)
[0.241s][info][gc,heap        ] GC(10) DefNew: 2687K(2688K)->256K(2688K) Eden: 2432K(2432K)->0K(2432K) From: 255K(256K)->256K(256K)
[0.241s][info][gc,heap        ] GC(10) Tenured: 4512K(5768K)->5755K(5768K)
[0.241s][info][gc,metaspace   ] GC(10) Metaspace: 6294K(6464K)->6294K(6464K) NonClass: 5761K(5824K)->5761K(5824K) Class: 533K(640K)->533K(640K)
[0.241s][info][gc             ] GC(10) Pause Young (Allocation Failure) 7M->5M(8M) 3.239ms
[0.242s][info][gc,cpu         ] GC(10) User=0.00s Sys=0.00s Real=0.00s
[0.244s][info][gc,start       ] GC(11) Pause Young (Allocation Failure)
[0.247s][info][gc             ] GC(11) Pause Young (Allocation Failure) 8M->7M(9M) 3.115ms
[0.248s][info][gc,cpu         ] GC(11) User=0.00s Sys=0.00s Real=0.00s
[0.248s][info][gc,start       ] GC(12) Pause Full (Allocation Failure)
[0.248s][info][gc,phases,start] GC(12) Phase 1: Mark live objects
[0.252s][info][gc,phases      ] GC(12) Phase 1: Mark live objects 4.116ms
[0.252s][info][gc,phases,start] GC(12) Phase 2: Compute new object addresses
[0.253s][info][gc,phases      ] GC(12) Phase 2: Compute new object addresses 1.185ms
[0.253s][info][gc,phases,start] GC(12) Phase 3: Adjust pointers
[0.255s][info][gc,phases      ] GC(12) Phase 3: Adjust pointers 1.677ms
[0.255s][info][gc,phases,start] GC(12) Phase 4: Move objects
[0.256s][info][gc,phases      ] GC(12) Phase 4: Move objects 1.408ms
[0.256s][info][gc,heap        ] GC(12) DefNew: 2688K(2688K)->0K(5376K) Eden: 2432K(2432K)->0K(4800K) From: 256K(256K)->0K(576K)
[0.256s][info][gc,heap        ] GC(12) Tenured: 5755K(5768K)->7132K(11888K)
[0.256s][info][gc,metaspace   ] GC(12) Metaspace: 6294K(6464K)->6294K(6464K) NonClass: 5761K(5824K)->5761K(5824K) Class: 533K(640K)->533K(640K)
[0.256s][info][gc             ] GC(12) Pause Full (Allocation Failure) 7M->6M(16M) 8.844ms
[0.256s][info][gc,cpu         ] GC(12) User=0.00s Sys=0.00s Real=0.01s
[0.261s][info][gc,start       ] GC(13) Pause Young (Allocation Failure)
[0.266s][info][gc,heap        ] GC(13) DefNew: 4800K(5376K)->575K(5376K) Eden: 4800K(4800K)->0K(4800K) From: 0K(576K)->575K(576K)
[0.266s][info][gc,heap        ] GC(13) Tenured: 7132K(11888K)->9027K(11888K)
[0.266s][info][gc,metaspace   ] GC(13) Metaspace: 6294K(6464K)->6294K(6464K) NonClass: 5761K(5824K)->5761K(5824K) Class: 533K(640K)->533K(640K)
[0.266s][info][gc             ] GC(13) Pause Young (Allocation Failure) 11M->9M(16M) 5.126ms
[0.266s][info][gc,cpu         ] GC(13) User=0.00s Sys=0.00s Real=0.00s
[0.271s][info][gc,start       ] GC(14) Pause Young (Allocation Failure)
[0.277s][info][gc,heap        ] GC(14) DefNew: 5375K(5376K)->576K(5376K) Eden: 4800K(4800K)->0K(4800K) From: 575K(576K)->576K(576K)
[0.277s][info][gc,heap        ] GC(14) Tenured: 9027K(11888K)->11746K(11888K)
[0.277s][info][gc,metaspace   ] GC(14) Metaspace: 6294K(6464K)->6294K(6464K) NonClass: 5761K(5824K)->5761K(5824K) Class: 533K(640K)->533K(640K)
[0.277s][info][gc             ] GC(14) Pause Young (Allocation Failure) 14M->12M(16M) 5.889ms
[0.277s][info][gc,cpu         ] GC(14) User=0.00s Sys=0.00s Real=0.01s
[0.281s][info][gc,start       ] GC(15) Pause Young (Allocation Failure)
[0.286s][info][gc             ] GC(15) Pause Young (Allocation Failure) 16M->14M(19M) 5.335ms
[0.286s][info][gc,cpu         ] GC(15) User=0.00s Sys=0.00s Real=0.01s
[0.286s][info][gc,start       ] GC(16) Pause Full (Allocation Failure)
[0.286s][info][gc,phases,start] GC(16) Phase 1: Mark live objects
[0.294s][info][gc,phases      ] GC(16) Phase 1: Mark live objects 7.218ms
[0.294s][info][gc,phases,start] GC(16) Phase 2: Compute new object addresses
[0.296s][info][gc,phases      ] GC(16) Phase 2: Compute new object addresses 2.400ms
[0.296s][info][gc,phases,start] GC(16) Phase 3: Adjust pointers
[0.299s][info][gc,phases      ] GC(16) Phase 3: Adjust pointers 3.244ms
[0.299s][info][gc,phases,start] GC(16) Phase 4: Move objects
[0.300s][info][gc,phases      ] GC(16) Phase 4: Move objects 0.133ms
[0.300s][info][gc,heap        ] GC(16) DefNew: 5376K(5376K)->446K(10816K) Eden: 4800K(4800K)->446K(9664K) From: 576K(576K)->0K(1152K)
[0.300s][info][gc,heap        ] GC(16) Tenured: 11746K(11888K)->14323K(23876K)
[0.300s][info][gc,metaspace   ] GC(16) Metaspace: 6296K(6464K)->6296K(6464K) NonClass: 5763K(5824K)->5763K(5824K) Class: 533K(640K)->533K(640K)
[0.300s][info][gc             ] GC(16) Pause Full (Allocation Failure) 14M->14M(33M) 13.365ms
[0.300s][info][gc,cpu         ] GC(16) User=0.02s Sys=0.00s Real=0.01s
[0.307s][info][gc,start       ] GC(17) Pause Young (Allocation Failure)
[0.319s][info][gc,heap        ] GC(17) DefNew: 9664K(10816K)->1151K(10816K) Eden: 9664K(9664K)->0K(9664K) From: 0K(1152K)->1151K(1152K)
[0.319s][info][gc,heap        ] GC(17) Tenured: 14323K(23876K)->18351K(23876K)
[0.319s][info][gc,metaspace   ] GC(17) Metaspace: 6296K(6464K)->6296K(6464K) NonClass: 5763K(5824K)->5763K(5824K) Class: 533K(640K)->533K(640K)
[0.319s][info][gc             ] GC(17) Pause Young (Allocation Failure) 23M->19M(33M) 11.862ms
[0.319s][info][gc,cpu         ] GC(17) User=0.00s Sys=0.00s Real=0.01s
[0.325s][info][gc,start       ] GC(18) Pause Young (Allocation Failure)
[0.337s][info][gc,heap        ] GC(18) DefNew: 10815K(10816K)->1151K(10816K) Eden: 9664K(9664K)->0K(9664K) From: 1151K(1152K)->1151K(1152K)
[0.337s][info][gc,heap        ] GC(18) Tenured: 18351K(23876K)->23839K(23876K)
[0.337s][info][gc,metaspace   ] GC(18) Metaspace: 6296K(6464K)->6296K(6464K) NonClass: 5763K(5824K)->5763K(5824K) Class: 533K(640K)->533K(640K)
[0.337s][info][gc             ] GC(18) Pause Young (Allocation Failure) 28M->24M(33M) 11.702ms
[0.337s][info][gc,cpu         ] GC(18) User=0.00s Sys=0.00s Real=0.01s
[0.343s][info][gc,start       ] GC(19) Pause Young (Allocation Failure)
[0.354s][info][gc             ] GC(19) Pause Young (Allocation Failure) 33M->29M(38M) 11.026ms
[0.354s][info][gc,cpu         ] GC(19) User=0.00s Sys=0.00s Real=0.01s
[0.354s][info][gc,start       ] GC(20) Pause Full (Allocation Failure)
[0.354s][info][gc,phases,start] GC(20) Phase 1: Mark live objects
[0.368s][info][gc,phases      ] GC(20) Phase 1: Mark live objects 14.304ms
[0.368s][info][gc,phases,start] GC(20) Phase 2: Compute new object addresses
[0.374s][info][gc,phases      ] GC(20) Phase 2: Compute new object addresses 5.228ms
[0.374s][info][gc,phases,start] GC(20) Phase 3: Adjust pointers
[0.379s][info][gc,phases      ] GC(20) Phase 3: Adjust pointers 5.411ms
[0.379s][info][gc,phases,start] GC(20) Phase 4: Move objects
[0.379s][info][gc,phases      ] GC(20) Phase 4: Move objects 0.184ms
[0.379s][info][gc,heap        ] GC(20) DefNew: 10815K(10816K)->1048K(21760K) Eden: 9664K(9664K)->1048K(19392K) From: 1151K(1152K)->0K(2368K)
[0.379s][info][gc,heap        ] GC(20) Tenured: 23839K(23876K)->28935K(48228K)
[0.379s][info][gc,metaspace   ] GC(20) Metaspace: 6296K(6464K)->6296K(6464K) NonClass: 5763K(5824K)->5763K(5824K) Class: 533K(640K)->533K(640K)
[0.379s][info][gc             ] GC(20) Pause Full (Allocation Failure) 29M->29M(68M) 25.556ms
[0.379s][info][gc,cpu         ] GC(20) User=0.03s Sys=0.00s Real=0.02s
[0.393s][info][gc,start       ] GC(21) Pause Young (Allocation Failure)
[0.422s][info][gc,heap        ] GC(21) DefNew: 19392K(21760K)->2367K(21760K) Eden: 19392K(19392K)->0K(19392K) From: 0K(2368K)->2367K(2368K)
[0.422s][info][gc,heap        ] GC(21) Tenured: 28935K(48228K)->38999K(48228K)
[0.422s][info][gc,metaspace   ] GC(21) Metaspace: 6296K(6464K)->6296K(6464K) NonClass: 5763K(5824K)->5763K(5824K) Class: 533K(640K)->533K(640K)
[0.422s][info][gc             ] GC(21) Pause Young (Allocation Failure) 47M->40M(68M) 28.587ms
[0.422s][info][gc,cpu         ] GC(21) User=0.02s Sys=0.00s Real=0.03s
[0.442s][info][gc,start       ] GC(22) Pause Young (Allocation Failure)
[0.477s][info][gc             ] GC(22) Pause Young (Allocation Failure) 59M->59M(78M) 35.348ms
[0.477s][info][gc,cpu         ] GC(22) User=0.03s Sys=0.00s Real=0.03s
[0.477s][info][gc,start       ] GC(23) Pause Full (Allocation Failure)
[0.477s][info][gc,phases,start] GC(23) Phase 1: Mark live objects
[0.502s][info][gc,phases      ] GC(23) Phase 1: Mark live objects 24.923ms
[0.502s][info][gc,phases,start] GC(23) Phase 2: Compute new object addresses
[0.512s][info][gc,phases      ] GC(23) Phase 2: Compute new object addresses 9.701ms
[0.512s][info][gc,phases,start] GC(23) Phase 3: Adjust pointers
[0.523s][info][gc,phases      ] GC(23) Phase 3: Adjust pointers 11.393ms
[0.523s][info][gc,phases,start] GC(23) Phase 4: Move objects
[0.524s][info][gc,phases      ] GC(23) Phase 4: Move objects 0.352ms
[0.524s][info][gc,heap        ] GC(23) DefNew: 21759K(21760K)->2329K(43840K) Eden: 19392K(19392K)->2329K(38976K) From: 2367K(2368K)->0K(4864K)
[0.524s][info][gc,heap        ] GC(23) Tenured: 38999K(48228K)->58403K(97340K)
[0.524s][info][gc,metaspace   ] GC(23) Metaspace: 6296K(6464K)->6296K(6464K) NonClass: 5763K(5824K)->5763K(5824K) Class: 533K(640K)->533K(640K)
[0.524s][info][gc             ] GC(23) Pause Full (Allocation Failure) 59M->59M(137M) 47.022ms
[0.524s][info][gc,cpu         ] GC(23) User=0.05s Sys=0.00s Real=0.05s
[0.565s][info][gc,start       ] GC(24) Pause Young (Allocation Failure)
[0.628s][info][gc,heap        ] GC(24) DefNew: 38976K(43840K)->4863K(43840K) Eden: 38976K(38976K)->0K(38976K) From: 0K(4864K)->4863K(4864K)
[0.629s][info][gc,heap        ] GC(24) Tenured: 58403K(97340K)->92490K(97340K)
[0.629s][info][gc,metaspace   ] GC(24) Metaspace: 6296K(6464K)->6296K(6464K) NonClass: 5763K(5824K)->5763K(5824K) Class: 533K(640K)->533K(640K)
[0.629s][info][gc             ] GC(24) Pause Young (Allocation Failure) 95M->95M(137M) 63.862ms
[0.629s][info][gc,cpu         ] GC(24) User=0.05s Sys=0.00s Real=0.07s
[0.659s][info][gc,start       ] GC(25) Pause Young (Allocation Failure)
[0.730s][info][gc             ] GC(25) Pause Young (Allocation Failure) 133M->133M(171M) 70.927ms
[0.730s][info][gc,cpu         ] GC(25) User=0.05s Sys=0.02s Real=0.07s
[0.730s][info][gc,start       ] GC(26) Pause Full (Allocation Failure)
[0.730s][info][gc,phases,start] GC(26) Phase 1: Mark live objects
[0.787s][info][gc,phases      ] GC(26) Phase 1: Mark live objects 56.804ms
[0.787s][info][gc,phases,start] GC(26) Phase 2: Compute new object addresses
[0.809s][info][gc,phases      ] GC(26) Phase 2: Compute new object addresses 21.534ms
[0.809s][info][gc,phases,start] GC(26) Phase 3: Adjust pointers
[0.839s][info][gc,phases      ] GC(26) Phase 3: Adjust pointers 30.518ms
[0.839s][info][gc,phases,start] GC(26) Phase 4: Move objects
[0.867s][info][gc,phases      ] GC(26) Phase 4: Move objects 27.751ms
[0.867s][info][gc,heap        ] GC(26) DefNew: 43839K(43840K)->873K(98752K) Eden: 38976K(38976K)->873K(87808K) From: 4863K(4864K)->0K(10944K)
[0.867s][info][gc,heap        ] GC(26) Tenured: 92490K(97340K)->131583K(219308K)
[0.867s][info][gc,metaspace   ] GC(26) Metaspace: 6296K(6464K)->6296K(6464K) NonClass: 5763K(5824K)->5763K(5824K) Class: 533K(640K)->533K(640K)
[0.868s][info][gc             ] GC(26) Pause Full (Allocation Failure) 133M->129M(310M) 137.411ms
[0.868s][info][gc,cpu         ] GC(26) User=0.11s Sys=0.02s Real=0.14s
[0.961s][info][gc,start       ] GC(27) Pause Young (Allocation Failure)
[1.110s][info][gc,heap        ] GC(27) DefNew: 87808K(98752K)->10943K(98752K) Eden: 87808K(87808K)->0K(87808K) From: 0K(10944K)->10943K(10944K)
[1.111s][info][gc,heap        ] GC(27) Tenured: 131583K(219308K)->208420K(219308K)
[1.111s][info][gc,metaspace   ] GC(27) Metaspace: 6296K(6464K)->6296K(6464K) NonClass: 5763K(5824K)->5763K(5824K) Class: 533K(640K)->533K(640K)
[1.111s][info][gc             ] GC(27) Pause Young (Allocation Failure) 214M->214M(310M) 150.057ms
[1.111s][info][gc,cpu         ] GC(27) User=0.11s Sys=0.02s Real=0.15s
[1.191s][info][gc,start       ] GC(28) Pause Young (Allocation Failure)
[1.362s][info][gc             ] GC(28) Pause Young (Allocation Failure) 299M->299M(385M) 170.364ms
[1.362s][info][gc,cpu         ] GC(28) User=0.11s Sys=0.05s Real=0.17s
[1.362s][info][gc,start       ] GC(29) Pause Full (Allocation Failure)
[1.362s][info][gc,phases,start] GC(29) Phase 1: Mark live objects
[1.501s][info][gc,phases      ] GC(29) Phase 1: Mark live objects 139.805ms
[1.501s][info][gc,phases,start] GC(29) Phase 2: Compute new object addresses
[1.553s][info][gc,phases      ] GC(29) Phase 2: Compute new object addresses 51.736ms
[1.553s][info][gc,phases,start] GC(29) Phase 3: Adjust pointers
[1.610s][info][gc,phases      ] GC(29) Phase 3: Adjust pointers 56.860ms
[1.610s][info][gc,phases,start] GC(29) Phase 4: Move objects
[1.613s][info][gc,phases      ] GC(29) Phase 4: Move objects 2.692ms
[1.614s][info][gc,heap        ] GC(29) DefNew: 98751K(98752K)->10840K(222336K) Eden: 87808K(87808K)->10840K(197696K) From: 10943K(10944K)->0K(24640K)
[1.614s][info][gc,heap        ] GC(29) Tenured: 208420K(219308K)->296299K(493836K)
[1.614s][info][gc,metaspace   ] GC(29) Metaspace: 6296K(6464K)->6296K(6464K) NonClass: 5763K(5824K)->5763K(5824K) Class: 533K(640K)->533K(640K)
[1.614s][info][gc             ] GC(29) Pause Full (Allocation Failure) 299M->299M(699M) 252.556ms
[1.614s][info][gc,cpu         ] GC(29) User=0.22s Sys=0.00s Real=0.25s
[1.836s][info][gc,start       ] GC(30) Pause Young (Allocation Failure)
[2.182s][info][gc,heap        ] GC(30) DefNew: 197696K(222336K)->24639K(222336K) Eden: 197696K(197696K)->0K(197696K) From: 0K(24640K)->24639K(24640K)
[2.182s][info][gc,heap        ] GC(30) Tenured: 296299K(493836K)->469329K(493836K)
[2.182s][info][gc,metaspace   ] GC(30) Metaspace: 6296K(6464K)->6296K(6464K) NonClass: 5763K(5824K)->5763K(5824K) Class: 533K(640K)->533K(640K)
[2.182s][info][gc             ] GC(30) Pause Young (Allocation Failure) 482M->482M(699M) 346.042ms
[2.182s][info][gc,cpu         ] GC(30) User=0.23s Sys=0.06s Real=0.35s
[2.372s][info][gc,start       ] GC(31) Pause Young (Allocation Failure)
[2.751s][info][gc             ] GC(31) Pause Young (Allocation Failure) 675M->675M(868M) 379.216ms
[2.751s][info][gc,cpu         ] GC(31) User=0.33s Sys=0.03s Real=0.38s
[2.751s][info][gc,start       ] GC(32) Pause Full (Allocation Failure)
[2.751s][info][gc,phases,start] GC(32) Phase 1: Mark live objects
[3.066s][info][gc,phases      ] GC(32) Phase 1: Mark live objects 314.215ms
[3.066s][info][gc,phases,start] GC(32) Phase 2: Compute new object addresses
[3.172s][info][gc,phases      ] GC(32) Phase 2: Compute new object addresses 106.434ms
[3.172s][info][gc,phases,start] GC(32) Phase 3: Adjust pointers
[3.288s][info][gc,phases      ] GC(32) Phase 3: Adjust pointers 115.452ms
[3.288s][info][gc,phases,start] GC(32) Phase 4: Move objects
[3.293s][info][gc,phases      ] GC(32) Phase 4: Move objects 5.261ms
[3.295s][info][gc,heap        ] GC(32) DefNew: 222335K(222336K)->24548K(500416K) Eden: 197696K(197696K)->24548K(444864K) From: 24639K(24640K)->0K(55552K)
[3.295s][info][gc,heap        ] GC(32) Tenured: 469329K(493836K)->667087K(1111816K)
[3.295s][info][gc,metaspace   ] GC(32) Metaspace: 6296K(6464K)->6296K(6464K) NonClass: 5763K(5824K)->5763K(5824K) Class: 533K(640K)->533K(640K)
[3.295s][info][gc             ] GC(32) Pause Full (Allocation Failure) 675M->675M(1574M) 543.669ms
[3.295s][info][gc,cpu         ] GC(32) User=0.55s Sys=0.00s Real=0.54s
[3.767s][info][gc,start       ] GC(33) Pause Young (Allocation Failure)
[4.554s][info][gc,heap        ] GC(33) DefNew: 444864K(500416K)->55551K(500416K) Eden: 444864K(444864K)->0K(444864K) From: 0K(55552K)->55551K(55552K)
[4.554s][info][gc,heap        ] GC(33) Tenured: 667087K(1111816K)->1056372K(1111816K)
[4.554s][info][gc,metaspace   ] GC(33) Metaspace: 6296K(6464K)->6296K(6464K) NonClass: 5763K(5824K)->5763K(5824K) Class: 533K(640K)->533K(640K)
[4.554s][info][gc             ] GC(33) Pause Young (Allocation Failure) 1085M->1085M(1574M) 787.673ms
[4.554s][info][gc,cpu         ] GC(33) User=0.66s Sys=0.12s Real=0.79s
[5.042s][info][gc,start       ] GC(34) Pause Young (Allocation Failure)
[5.779s][info][gc             ] GC(34) Pause Young (Allocation Failure) 1520M->1470M(1904M) 737.184ms
[5.779s][info][gc,cpu         ] GC(34) User=0.56s Sys=0.17s Real=0.74s
[5.779s][info][gc,start       ] GC(35) Pause Full (Allocation Failure)
[5.779s][info][gc,phases,start] GC(35) Phase 1: Mark live objects
[6.456s][info][gc,phases      ] GC(35) Phase 1: Mark live objects 676.397ms
[6.456s][info][gc,phases,start] GC(35) Phase 2: Compute new object addresses
[6.686s][info][gc,phases      ] GC(35) Phase 2: Compute new object addresses 230.639ms
[6.687s][info][gc,phases,start] GC(35) Phase 3: Adjust pointers
[6.961s][info][gc,phases      ] GC(35) Phase 3: Adjust pointers 274.399ms
[6.961s][info][gc,phases,start] GC(35) Phase 4: Move objects
[6.972s][info][gc,phases      ] GC(35) Phase 4: Move objects 11.064ms
[6.976s][info][gc,heap        ] GC(35) DefNew: 500415K(500416K)->55500K(1087680K) Eden: 444864K(444864K)->55500K(966848K) From: 55551K(55552K)->0K(120832K)
[6.976s][info][gc,heap        ] GC(35) Tenured: 1056372K(1111816K)->1450187K(2416980K)
[6.976s][info][gc,metaspace   ] GC(35) Metaspace: 6296K(6464K)->6296K(6464K) NonClass: 5763K(5824K)->5763K(5824K) Class: 533K(640K)->533K(640K)
[6.976s][info][gc             ] GC(35) Pause Full (Allocation Failure) 1470M->1470M(3422M) 1197.146ms
[6.976s][info][gc,cpu         ] GC(35) User=1.20s Sys=0.00s Real=1.20s
[7.917s][info][gc,start       ] GC(36) Pause Young (Allocation Failure)
[9.728s][info][gc,heap        ] GC(36) DefNew: 966848K(1087680K)->120831K(1087680K) Eden: 966848K(966848K)->0K(966848K) From: 0K(120832K)->120831K(120832K)
[9.728s][info][gc,heap        ] GC(36) Tenured: 1450187K(2416980K)->2296175K(2416980K)
[9.728s][info][gc,metaspace   ] GC(36) Metaspace: 6296K(6464K)->6296K(6464K) NonClass: 5763K(5824K)->5763K(5824K) Class: 533K(640K)->533K(640K)
[9.728s][info][gc             ] GC(36) Pause Young (Allocation Failure) 2360M->2360M(3422M) 1811.636ms
[9.728s][info][gc,cpu         ] GC(36) User=1.58s Sys=0.20s Real=1.81s
[10.749s][info][gc,start       ] GC(37) Pause Young (Allocation Failure)
[12.479s][info][gc             ] GC(37) Pause Young (Allocation Failure) 3304M->3304M(4248M) 1730.350ms
[12.480s][info][gc,cpu         ] GC(37) User=1.34s Sys=0.31s Real=1.73s
[12.480s][info][gc,start       ] GC(38) Pause Full (Allocation Failure)
[12.480s][info][gc,phases,start] GC(38) Phase 1: Mark live objects
[14.062s][info][gc,phases      ] GC(38) Phase 1: Mark live objects 1582.484ms
[14.062s][info][gc,phases,start] GC(38) Phase 2: Compute new object addresses
[14.592s][info][gc,phases      ] GC(38) Phase 2: Compute new object addresses 530.172ms
[14.592s][info][gc,phases,start] GC(38) Phase 3: Adjust pointers
[15.265s][info][gc,phases      ] GC(38) Phase 3: Adjust pointers 672.493ms
[15.265s][info][gc,phases,start] GC(38) Phase 4: Move objects
[15.910s][info][gc,phases      ] GC(38) Phase 4: Move objects 645.369ms
[15.919s][info][gc,heap        ] GC(38) DefNew: 1087679K(1087680K)->26551K(2447360K) Eden: 966848K(966848K)->26551K(2175488K) From: 120831K(120832K)->0K(271872K)
[15.919s][info][gc,heap        ] GC(38) Tenured: 2296175K(2416980K)->3263063K(5438440K)
[15.919s][info][gc,metaspace   ] GC(38) Metaspace: 6296K(6464K)->6296K(6464K) NonClass: 5763K(5824K)->5763K(5824K) Class: 533K(640K)->533K(640K)
[15.919s][info][gc             ] GC(38) Pause Full (Allocation Failure) 3304M->3212M(7700M) 3439.907ms
[15.919s][info][gc,cpu         ] GC(38) User=3.34s Sys=0.00s Real=3.44s
[18.136s][info][gc,start       ] GC(39) Pause Young (Allocation Failure)
[22.008s][info][gc,heap        ] GC(39) DefNew: 2175488K(2447360K)->271871K(2447360K) Eden: 2175488K(2175488K)->0K(2175488K) From: 0K(271872K)->271871K(271872K)
[22.008s][info][gc,heap        ] GC(39) Tenured: 3263063K(5438440K)->5166647K(5438440K)
[22.008s][info][gc,metaspace   ] GC(39) Metaspace: 6296K(6464K)->6296K(6464K) NonClass: 5763K(5824K)->5763K(5824K) Class: 533K(640K)->533K(640K)
[22.008s][info][gc             ] GC(39) Pause Young (Allocation Failure) 5311M->5311M(7700M) 3872.874ms
[22.008s][info][gc,cpu         ] GC(39) User=3.27s Sys=0.61s Real=3.87s
[24.074s][info][gc,start       ] GC(40) Pause Young (Allocation Failure)
[27.924s][info][gc             ] GC(40) Pause Young (Allocation Failure) 7435M->7435M(9560M) 3850.341ms
[27.924s][info][gc,cpu         ] GC(40) User=3.22s Sys=0.56s Real=3.85s
[27.924s][info][gc,start       ] GC(41) Pause Full (Allocation Failure)
[27.924s][info][gc,phases,start] GC(41) Phase 1: Mark live objects
[31.237s][info][gc,phases      ] GC(41) Phase 1: Mark live objects 3312.865ms
[31.237s][info][gc,phases,start] GC(41) Phase 2: Compute new object addresses
[32.338s][info][gc,phases      ] GC(41) Phase 2: Compute new object addresses 1101.006ms
[32.338s][info][gc,phases,start] GC(41) Phase 3: Adjust pointers
[33.624s][info][gc,phases      ] GC(41) Phase 3: Adjust pointers 1286.207ms
[33.624s][info][gc,phases,start] GC(41) Phase 4: Move objects
[33.679s][info][gc,phases      ] GC(41) Phase 4: Move objects 54.270ms
[33.888s][info][gc,heap        ] GC(41) DefNew: 2447359K(2447360K)->271793K(5007360K) Eden: 2175488K(2175488K)->271793K(4451008K) From: 271871K(271872K)->0K(556352K)
[33.888s][info][gc,heap        ] GC(41) Tenured: 5166647K(5438440K)->7342187K(11127488K)
[33.888s][info][gc,metaspace   ] GC(41) Metaspace: 6296K(6464K)->6296K(6464K) NonClass: 5763K(5824K)->5763K(5824K) Class: 533K(640K)->533K(640K)
[33.888s][info][gc             ] GC(41) Pause Full (Allocation Failure) 7435M->7435M(15756M) 5963.630ms
[33.888s][info][gc,cpu         ] GC(41) User=5.72s Sys=0.02s Real=5.96s
[38.045s][info][gc,start       ] GC(42) Pause Young (Allocation Failure)
[60.856s][info][gc,promotion   ] GC(42) Promotion failed
[60.857s][info][gc             ] GC(42) Pause Young (Allocation Failure) 11472M->15712M(15756M) 22811.200ms
[60.857s][info][gc,cpu         ] GC(42) User=6.84s Sys=4.95s Real=22.81s
[60.857s][info][gc,start       ] GC(43) Pause Full (Allocation Failure)
[60.857s][info][gc,phases,start] GC(43) Phase 1: Mark live objects
[96.860s][info][gc,phases      ] GC(43) Phase 1: Mark live objects 36003.819ms
[96.861s][info][gc,phases,start] GC(43) Phase 2: Compute new object addresses
[118.496s][info][gc,phases      ] GC(43) Phase 2: Compute new object addresses 21633.985ms
[118.497s][info][gc,phases,start] GC(43) Phase 3: Adjust pointers
[146.606s][info][gc,phases      ] GC(43) Phase 3: Adjust pointers 28108.601ms
[146.606s][info][gc,phases,start] GC(43) Phase 4: Move objects
[147.516s][info][gc,phases      ] GC(43) Phase 4: Move objects 909.317ms
[147.563s][info][gc,heap        ] GC(43) DefNew: 4406047K(5007360K)->591531K(5007360K) Eden: 4406047K(4451008K)->591531K(4451008K) From: 0K(556352K)->0K(556352K)
[147.563s][info][gc,heap        ] GC(43) Tenured: 7342187K(11127488K)->11127487K(11127488K)
[147.563s][info][gc,metaspace   ] GC(43) Metaspace: 6296K(6464K)->6296K(6464K) NonClass: 5763K(5824K)->5763K(5824K) Class: 533K(640K)->533K(640K)
[147.565s][info][gc             ] GC(43) Pause Full (Allocation Failure) 15712M->11444M(15756M) 86708.392ms
[147.565s][info][gc,cpu         ] GC(43) User=8.06s Sys=27.00s Real=86.71s
[164.673s][info][gc,start       ] GC(44) Pause Full (Allocation Failure)
[164.674s][info][gc,phases,start] GC(44) Phase 1: Mark live objects
[199.829s][info][gc,phases      ] GC(44) Phase 1: Mark live objects 35155.000ms
[199.829s][info][gc,phases,start] GC(44) Phase 2: Compute new object addresses
[220.544s][info][gc,phases      ] GC(44) Phase 2: Compute new object addresses 20714.516ms
[220.544s][info][gc,phases,start] GC(44) Phase 3: Adjust pointers
[267.964s][info][gc,phases      ] GC(44) Phase 3: Adjust pointers 47419.928ms
[267.965s][info][gc,phases,start] GC(44) Phase 4: Move objects
[268.788s][info][gc,phases      ] GC(44) Phase 4: Move objects 823.356ms
[268.806s][info][gc,heap        ] GC(44) DefNew: 5007360K(5007360K)->4994023K(5007360K) Eden: 4451008K(4451008K)->4451007K(4451008K) From: 556352K(556352K)->543015K(556352K)
[268.806s][info][gc,heap        ] GC(44) Tenured: 11127487K(11127488K)->11127487K(11127488K)
[268.807s][info][gc,metaspace   ] GC(44) Metaspace: 6296K(6464K)->6296K(6464K) NonClass: 5763K(5824K)->5763K(5824K) Class: 533K(640K)->533K(640K)
[268.809s][info][gc             ] GC(44) Pause Full (Allocation Failure) 15756M->15743M(15756M) 104135.431ms
[268.809s][info][gc,cpu         ] GC(44) User=11.16s Sys=41.42s Real=104.13s
[268.859s][info][gc,start       ] GC(45) Pause Full (Allocation Failure)
[268.861s][info][gc,phases,start] GC(45) Phase 1: Mark live objects
[306.986s][info][gc,phases      ] GC(45) Phase 1: Mark live objects 38124.929ms
[306.986s][info][gc,phases,start] GC(45) Phase 2: Compute new object addresses
[326.867s][info][gc,phases      ] GC(45) Phase 2: Compute new object addresses 19878.090ms
[326.868s][info][gc,phases,start] GC(45) Phase 3: Adjust pointers
[385.845s][info][gc,phases      ] GC(45) Phase 3: Adjust pointers 58975.853ms
[385.845s][info][gc,phases,start] GC(45) Phase 4: Move objects
[418.369s][info][gc,phases      ] GC(45) Phase 4: Move objects 32524.059ms
[418.420s][info][gc,heap        ] GC(45) DefNew: 5007359K(5007360K)->4614143K(5007360K) Eden: 4451007K(4451008K)->4451007K(4451008K) From: 556351K(556352K)->163135K(556352K)
[418.420s][info][gc,heap        ] GC(45) Tenured: 11127487K(11127488K)->11127488K(11127488K)
[418.421s][info][gc,metaspace   ] GC(45) Metaspace: 6296K(6464K)->6296K(6464K) NonClass: 5763K(5824K)->5763K(5824K) Class: 533K(640K)->533K(640K)
[418.426s][info][gc             ] GC(45) Pause Full (Allocation Failure) 15756M->15372M(15756M) 149566.188ms
[418.427s][info][gc,cpu         ] GC(45) User=12.91s Sys=46.59s Real=149.57s
[422.777s][info][gc,start       ] GC(46) Pause Full (Allocation Failure)
[422.779s][info][gc,phases,start] GC(46) Phase 1: Mark live objects
[465.161s][info][gc,phases      ] GC(46) Phase 1: Mark live objects 42382.199ms
[465.161s][info][gc,phases,start] GC(46) Phase 2: Compute new object addresses
[488.581s][info][gc,phases      ] GC(46) Phase 2: Compute new object addresses 23419.009ms
[488.582s][info][gc,phases,start] GC(46) Phase 3: Adjust pointers
[541.893s][info][gc,phases      ] GC(46) Phase 3: Adjust pointers 53311.372ms
[541.893s][info][gc,phases,start] GC(46) Phase 4: Move objects
[541.893s][info][gc,phases      ] GC(46) Phase 4: Move objects 0.423ms
[541.924s][info][gc,heap        ] GC(46) DefNew: 5007359K(5007360K)->5007359K(5007360K) Eden: 4451008K(4451008K)->4451008K(4451008K) From: 556351K(556352K)->556351K(556352K)
[541.924s][info][gc,heap        ] GC(46) Tenured: 11127488K(11127488K)->11127488K(11127488K)
[541.925s][info][gc,metaspace   ] GC(46) Metaspace: 6296K(6464K)->6296K(6464K) NonClass: 5763K(5824K)->5763K(5824K) Class: 533K(640K)->533K(640K)
[541.927s][info][gc             ] GC(46) Pause Full (Allocation Failure) 15756M->15756M(15756M) 119148.602ms
[541.927s][info][gc,cpu         ] GC(46) User=10.44s Sys=37.97s Real=119.15s
[541.927s][info][gc,start       ] GC(47) Pause Full (Allocation Failure)
[541.928s][info][gc,phases,start] GC(47) Phase 1: Mark live objects
[588.763s][info][gc,phases      ] GC(47) Phase 1: Mark live objects 46834.559ms
[588.763s][info][gc,phases,start] GC(47) Phase 2: Compute new object addresses
[615.830s][info][gc,phases      ] GC(47) Phase 2: Compute new object addresses 27063.448ms
[615.832s][info][gc,phases,start] GC(47) Phase 3: Adjust pointers
[704.286s][info][gc,phases      ] GC(47) Phase 3: Adjust pointers 88452.339ms
[704.287s][info][gc,phases,start] GC(47) Phase 4: Move objects
[769.306s][info][gc,phases      ] GC(47) Phase 4: Move objects 65019.066ms
[769.347s][info][gc,heap        ] GC(47) DefNew: 5007359K(5007360K)->5007355K(5007360K) Eden: 4451008K(4451008K)->4451007K(4451008K) From: 556351K(556352K)->556347K(556352K)
[769.347s][info][gc,heap        ] GC(47) Tenured: 11127488K(11127488K)->11127487K(11127488K)
[769.348s][info][gc,metaspace   ] GC(47) Metaspace: 6296K(6464K)->6295K(6464K) NonClass: 5763K(5824K)->5762K(5824K) Class: 533K(640K)->532K(640K)
[769.351s][info][gc             ] GC(47) Pause Full (Allocation Failure) 15756M->15756M(15756M) 227424.100ms
[769.352s][info][gc,cpu         ] GC(47) User=12.42s Sys=63.50s Real=227.42s
[769.396s][info][gc,start       ] GC(48) Pause Full (Allocation Failure)
[769.397s][info][gc,phases,start] GC(48) Phase 1: Mark live objects
[841.844s][info][gc,phases      ] GC(48) Phase 1: Mark live objects 72446.478ms
[841.847s][info][gc,phases,start] GC(48) Phase 2: Compute new object addresses
[866.094s][info][gc,phases      ] GC(48) Phase 2: Compute new object addresses 24246.583ms
[866.094s][info][gc,phases,start] GC(48) Phase 3: Adjust pointers
[921.718s][info][gc,phases      ] GC(48) Phase 3: Adjust pointers 55623.096ms
[921.719s][info][gc,phases,start] GC(48) Phase 4: Move objects
[921.719s][info][gc,phases      ] GC(48) Phase 4: Move objects 0.357ms
[921.734s][info][gc,heap        ] GC(48) DefNew: 5007359K(5007360K)->5007359K(5007360K) Eden: 4451007K(4451008K)->4451007K(4451008K) From: 556351K(556352K)->556351K(556352K)
[921.734s][info][gc,heap        ] GC(48) Tenured: 11127487K(11127488K)->11127487K(11127488K)
[921.735s][info][gc,metaspace   ] GC(48) Metaspace: 6295K(6464K)->6295K(6464K) NonClass: 5762K(5824K)->5762K(5824K) Class: 532K(640K)->532K(640K)
[921.736s][info][gc             ] GC(48) Pause Full (Allocation Failure) 15756M->15756M(15756M) 152340.178ms
[921.736s][info][gc,cpu         ] GC(48) User=8.86s Sys=39.14s Real=152.34s
[921.736s][info][gc,start       ] GC(49) Pause Full (Allocation Failure)
[921.737s][info][gc,phases,start] GC(49) Phase 1: Mark live objects
[973.705s][info][gc,phases      ] GC(49) Phase 1: Mark live objects 51968.138ms
[973.707s][info][gc,phases,start] GC(49) Phase 2: Compute new object addresses
[1001.750s][info][gc,phases      ] GC(49) Phase 2: Compute new object addresses 28042.943ms
[1001.750s][info][gc,phases,start] GC(49) Phase 3: Adjust pointers
[1062.030s][info][gc,phases      ] GC(49) Phase 3: Adjust pointers 60277.997ms
[1062.030s][info][gc,phases,start] GC(49) Phase 4: Move objects
[1062.031s][info][gc,phases      ] GC(49) Phase 4: Move objects 0.150ms
[1062.042s][info][gc,heap        ] GC(49) DefNew: 5007359K(5007360K)->5007359K(5007360K) Eden: 4451007K(4451008K)->4451007K(4451008K) From: 556351K(556352K)->556351K(556352K)
[1062.042s][info][gc,heap        ] GC(49) Tenured: 11127487K(11127488K)->11127487K(11127488K)
[1062.042s][info][gc,metaspace   ] GC(49) Metaspace: 6295K(6464K)->6295K(6464K) NonClass: 5762K(5824K)->5762K(5824K) Class: 532K(640K)->532K(640K)
[1062.042s][info][gc             ] GC(49) Pause Full (Allocation Failure) 15756M->15756M(15756M) 140305.971ms
[1062.042s][info][gc,cpu         ] GC(49) User=9.89s Sys=40.78s Real=140.31s
[1062.065s][info][gc,start       ] GC(50) Pause Full (Allocation Failure)
[1062.065s][info][gc,phases,start] GC(50) Phase 1: Mark live objects
[1113.151s][info][gc,phases      ] GC(50) Phase 1: Mark live objects 51085.534ms
[1113.152s][info][gc,phases,start] GC(50) Phase 2: Compute new object addresses
[1139.842s][info][gc,phases      ] GC(50) Phase 2: Compute new object addresses 26689.346ms
[1139.843s][info][gc,phases,start] GC(50) Phase 3: Adjust pointers
[1197.087s][info][gc,phases      ] GC(50) Phase 3: Adjust pointers 57242.913ms
[1197.088s][info][gc,phases,start] GC(50) Phase 4: Move objects
[1197.088s][info][gc,phases      ] GC(50) Phase 4: Move objects 0.521ms
[1197.103s][info][gc,heap        ] GC(50) DefNew: 5007359K(5007360K)->5007359K(5007360K) Eden: 4451007K(4451008K)->4451007K(4451008K) From: 556352K(556352K)->556352K(556352K)
[1197.103s][info][gc,heap        ] GC(50) Tenured: 11127487K(11127488K)->11127487K(11127488K)
[1197.104s][info][gc,metaspace   ] GC(50) Metaspace: 6295K(6464K)->6295K(6464K) NonClass: 5762K(5824K)->5762K(5824K) Class: 532K(640K)->532K(640K)
[1197.106s][info][gc             ] GC(50) Pause Full (Allocation Failure) 15756M->15756M(15756M) 135040.146ms
[1197.106s][info][gc,cpu         ] GC(50) User=9.48s Sys=37.53s Real=135.04s
[1197.106s][info][gc,start       ] GC(51) Pause Full (Allocation Failure)
[1197.107s][info][gc,phases,start] GC(51) Phase 1: Mark live objects
[1246.562s][info][gc,phases      ] GC(51) Phase 1: Mark live objects 49454.895ms
[1246.562s][info][gc,phases,start] GC(51) Phase 2: Compute new object addresses
[1270.458s][info][gc,phases      ] GC(51) Phase 2: Compute new object addresses 23895.265ms
[1270.459s][info][gc,phases,start] GC(51) Phase 3: Adjust pointers
[1338.827s][info][gc,phases      ] GC(51) Phase 3: Adjust pointers 68362.510ms
[1338.827s][info][gc,phases,start] GC(51) Phase 4: Move objects
[1398.044s][info][gc,phases      ] GC(51) Phase 4: Move objects 59209.365ms
[1398.059s][info][gc,heap        ] GC(51) DefNew: 5007359K(5007360K)->5007358K(5007360K) Eden: 4451007K(4451008K)->4451007K(4451008K) From: 556352K(556352K)->556350K(556352K)
[1398.059s][info][gc,heap        ] GC(51) Tenured: 11127487K(11127488K)->11127487K(11127488K)
[1398.059s][info][gc,metaspace   ] GC(51) Metaspace: 6295K(6464K)->6295K(6464K) NonClass: 5762K(5824K)->5762K(5824K) Class: 532K(640K)->532K(640K)
[1398.061s][info][gc             ] GC(51) Pause Full (Allocation Failure) 15756M->15756M(15756M) 200954.406ms
[1398.061s][info][gc,cpu         ] GC(51) User=12.16s Sys=63.25s Real=200.95s
[1398.104s][info][gc,start       ] GC(52) Pause Full (Allocation Failure)
[1398.105s][info][gc,phases,start] GC(52) Phase 1: Mark live objects
[1450.316s][info][gc,phases      ] GC(52) Phase 1: Mark live objects 52211.017ms
[1450.317s][info][gc,phases,start] GC(52) Phase 2: Compute new object addresses
[1480.243s][info][gc,phases      ] GC(52) Phase 2: Compute new object addresses 29923.962ms
[1480.246s][info][gc,phases,start] GC(52) Phase 3: Adjust pointers
[1541.081s][info][gc,phases      ] GC(52) Phase 3: Adjust pointers 60832.080ms
[1541.084s][info][gc,phases,start] GC(52) Phase 4: Move objects
[1541.088s][info][gc,phases      ] GC(52) Phase 4: Move objects 4.360ms
[1541.145s][info][gc,heap        ] GC(52) DefNew: 5007359K(5007360K)->5007358K(5007360K) Eden: 4451007K(4451008K)->4451007K(4451008K) From: 556351K(556352K)->556351K(556352K)
[1541.145s][info][gc,heap        ] GC(52) Tenured: 11127487K(11127488K)->11127487K(11127488K)
[1541.146s][info][gc,metaspace   ] GC(52) Metaspace: 6297K(6464K)->6297K(6464K) NonClass: 5763K(5824K)->5763K(5824K) Class: 533K(640K)->533K(640K)
[1541.148s][info][gc             ] GC(52) Pause Full (Allocation Failure) 15756M->15756M(15756M) 143043.564ms
[1541.150s][info][gc,cpu         ] GC(52) User=9.53s Sys=36.50s Real=143.04s
[1541.222s][info][gc,heap,exit   ] Heap
[1541.223s][info][gc,heap,exit   ]  def new generation   total 5007360K, used 5007359K [0x0000000405400000, 0x0000000558d50000, 0x0000000558d50000)
[1541.223s][info][gc,heap,exit   ]   eden space 4451008K,  99% used [0x0000000405400000, 0x0000000514eafff8, 0x0000000514eb0000)
[1541.223s][info][gc,heap,exit   ]   from space 556352K,  99% used [0x0000000536e00000, 0x0000000558d4ff70, 0x0000000558d50000)
[1541.223s][info][gc,heap,exit   ]   to   space 556352K,   0% used [0x0000000514eb0000, 0x0000000514eb0000, 0x0000000536e00000)
[1541.223s][info][gc,heap,exit   ]  tenured generation   total 11127488K, used 11127487K [0x0000000558d50000, 0x0000000800000000, 0x0000000800000000)
[1541.223s][info][gc,heap,exit   ]    the space 11127488K,  99% used [0x0000000558d50000, 0x00000007fffffff8, 0x0000000800000000, 0x0000000800000000)
[1541.223s][info][gc,heap,exit   ]  Metaspace       used 6300K, committed 6464K, reserved 1114112K
[1541.223s][info][gc,heap,exit   ]   class space    used 534K, committed 640K, reserved 1048576K
