[0.019s][info][gc,init] CardTable entry size: 512
[0.019s][info][gc     ] Using Serial
[0.020s][info][gc,init] Version: 18.0.1+10 (release)
[0.020s][info][gc,init] CPUs: 8 total, 8 available
[0.020s][info][gc,init] Memory: 16063M
[0.020s][info][gc,init] Large Page Support: Disabled
[0.020s][info][gc,init] NUMA Support: Disabled
[0.020s][info][gc,init] Compressed Oops: Enabled (Zero based)
[0.020s][info][gc,init] Heap Min Capacity: 2M
[0.020s][info][gc,init] Heap Initial Capacity: 2M
[0.020s][info][gc,init] Heap Max Capacity: 16500M
[0.020s][info][gc,init] Pre-touch: Disabled
[0.020s][info][gc,metaspace] CDS archive(s) not mapped
[0.020s][info][gc,metaspace] Compressed class space mapped at: 0x0000000800000000-0x0000000840000000, reserved size: 1073741824
[0.020s][info][gc,metaspace] Narrow klass base: 0x0000000800000000, Narrow klass shift: 0, Narrow klass range: 0x40000000
[0.204s][info][gc,start    ] GC(0) Pause Young (Allocation Failure)
[0.206s][info][gc,heap     ] GC(0) DefNew: 1023K(1152K)->127K(1152K) Eden: 1023K(1024K)->0K(1024K) From: 0K(128K)->127K(128K)
[0.206s][info][gc,heap     ] GC(0) Tenured: 0K(768K)->439K(768K)
[0.206s][info][gc,metaspace] GC(0) Metaspace: 5899K(6016K)->5899K(6016K) NonClass: 5399K(5504K)->5399K(5504K) Class: 499K(512K)->499K(512K)
[0.206s][info][gc          ] GC(0) Pause Young (Allocation Failure) 0M->0M(1M) 1.880ms
[0.206s][info][gc,cpu      ] GC(0) User=0.00s Sys=0.00s Real=0.00s
[0.230s][info][gc,start    ] GC(1) Pause Young (Allocation Failure)
[0.231s][info][gc          ] GC(1) Pause Young (Allocation Failure) 1M->0M(2M) 1.423ms
[0.231s][info][gc,cpu      ] GC(1) User=0.00s Sys=0.00s Real=0.00s
[0.231s][info][gc,start    ] GC(2) Pause Full (Allocation Failure)
[0.231s][info][gc,phases,start] GC(2) Phase 1: Mark live objects
[0.233s][info][gc,phases      ] GC(2) Phase 1: Mark live objects 1.303ms
[0.233s][info][gc,phases,start] GC(2) Phase 2: Compute new object addresses
[0.233s][info][gc,phases      ] GC(2) Phase 2: Compute new object addresses 0.303ms
[0.233s][info][gc,phases,start] GC(2) Phase 3: Adjust pointers
[0.234s][info][gc,phases      ] GC(2) Phase 3: Adjust pointers 0.765ms
[0.234s][info][gc,phases,start] GC(2) Phase 4: Move objects
[0.234s][info][gc,phases      ] GC(2) Phase 4: Move objects 0.107ms
[0.234s][info][gc,heap        ] GC(2) DefNew: 1151K(1152K)->41K(1152K) Eden: 1024K(1024K)->41K(1024K) From: 127K(128K)->0K(128K)
[0.234s][info][gc,heap        ] GC(2) Tenured: 439K(768K)->959K(1600K)
[0.234s][info][gc,metaspace   ] GC(2) Metaspace: 6296K(6464K)->6296K(6464K) NonClass: 5763K(5824K)->5763K(5824K) Class: 533K(640K)->533K(640K)
[0.234s][info][gc             ] GC(2) Pause Full (Allocation Failure) 0M->0M(2M) 2.950ms
[0.234s][info][gc,cpu         ] GC(2) User=0.00s Sys=0.00s Real=0.00s
[0.236s][info][gc,start       ] GC(3) Pause Young (Allocation Failure)
[0.238s][info][gc,heap        ] GC(3) DefNew: 1024K(1152K)->127K(1152K) Eden: 1024K(1024K)->0K(1024K) From: 0K(128K)->127K(128K)
[0.238s][info][gc,heap        ] GC(3) Tenured: 959K(1600K)->1375K(1600K)
[0.238s][info][gc,metaspace   ] GC(3) Metaspace: 6296K(6464K)->6296K(6464K) NonClass: 5763K(5824K)->5763K(5824K) Class: 533K(640K)->533K(640K)
[0.238s][info][gc             ] GC(3) Pause Young (Allocation Failure) 1M->1M(2M) 1.835ms
[0.238s][info][gc,cpu         ] GC(3) User=0.00s Sys=0.00s Real=0.00s
[0.240s][info][gc,start       ] GC(4) Pause Young (Allocation Failure)
[0.242s][info][gc             ] GC(4) Pause Young (Allocation Failure) 2M->1M(3M) 1.708ms
[0.242s][info][gc,cpu         ] GC(4) User=0.00s Sys=0.00s Real=0.00s
[0.242s][info][gc,start       ] GC(5) Pause Full (Allocation Failure)
[0.242s][info][gc,phases,start] GC(5) Phase 1: Mark live objects
[0.244s][info][gc,phases      ] GC(5) Phase 1: Mark live objects 1.865ms
[0.244s][info][gc,phases,start] GC(5) Phase 2: Compute new object addresses
[0.245s][info][gc,phases      ] GC(5) Phase 2: Compute new object addresses 0.455ms
[0.245s][info][gc,phases,start] GC(5) Phase 3: Adjust pointers
[0.246s][info][gc,phases      ] GC(5) Phase 3: Adjust pointers 0.849ms
[0.246s][info][gc,phases,start] GC(5) Phase 4: Move objects
[0.246s][info][gc,phases      ] GC(5) Phase 4: Move objects 0.085ms
[0.246s][info][gc,heap        ] GC(5) DefNew: 1151K(1152K)->35K(1536K) Eden: 1024K(1024K)->35K(1408K) From: 127K(128K)->0K(128K)
[0.246s][info][gc,heap        ] GC(5) Tenured: 1375K(1600K)->1983K(3308K)
[0.246s][info][gc,metaspace   ] GC(5) Metaspace: 6296K(6464K)->6296K(6464K) NonClass: 5763K(5824K)->5763K(5824K) Class: 533K(640K)->533K(640K)
[0.246s][info][gc             ] GC(5) Pause Full (Allocation Failure) 1M->1M(4M) 3.695ms
[0.246s][info][gc,cpu         ] GC(5) User=0.00s Sys=0.00s Real=0.00s
[0.248s][info][gc,start       ] GC(6) Pause Young (Allocation Failure)
[0.251s][info][gc,heap        ] GC(6) DefNew: 1408K(1536K)->128K(1536K) Eden: 1408K(1408K)->0K(1408K) From: 0K(128K)->128K(128K)
[0.251s][info][gc,heap        ] GC(6) Tenured: 1983K(3308K)->2617K(3308K)
[0.251s][info][gc,metaspace   ] GC(6) Metaspace: 6296K(6464K)->6296K(6464K) NonClass: 5763K(5824K)->5763K(5824K) Class: 533K(640K)->533K(640K)
[0.251s][info][gc             ] GC(6) Pause Young (Allocation Failure) 3M->2M(4M) 2.599ms
[0.251s][info][gc,cpu         ] GC(6) User=0.00s Sys=0.00s Real=0.00s
[0.253s][info][gc,start       ] GC(7) Pause Young (Allocation Failure)
[0.255s][info][gc             ] GC(7) Pause Young (Allocation Failure) 4M->3M(4M) 2.033ms
[0.255s][info][gc,cpu         ] GC(7) User=0.00s Sys=0.00s Real=0.00s
[0.255s][info][gc,start       ] GC(8) Pause Full (Allocation Failure)
[0.255s][info][gc,phases,start] GC(8) Phase 1: Mark live objects
[0.258s][info][gc,phases      ] GC(8) Phase 1: Mark live objects 2.892ms
[0.258s][info][gc,phases,start] GC(8) Phase 2: Compute new object addresses
[0.259s][info][gc,phases      ] GC(8) Phase 2: Compute new object addresses 0.673ms
[0.259s][info][gc,phases,start] GC(8) Phase 3: Adjust pointers
[0.260s][info][gc,phases      ] GC(8) Phase 3: Adjust pointers 0.951ms
[0.260s][info][gc,phases,start] GC(8) Phase 4: Move objects
[0.260s][info][gc,phases      ] GC(8) Phase 4: Move objects 0.070ms
[0.260s][info][gc,heap        ] GC(8) DefNew: 1536K(1536K)->0K(2688K) Eden: 1408K(1408K)->0K(2432K) From: 128K(128K)->0K(256K)
[0.260s][info][gc,heap        ] GC(8) Tenured: 2617K(3308K)->3460K(5768K)
[0.260s][info][gc,metaspace   ] GC(8) Metaspace: 6296K(6464K)->6296K(6464K) NonClass: 5763K(5824K)->5763K(5824K) Class: 533K(640K)->533K(640K)
[0.260s][info][gc             ] GC(8) Pause Full (Allocation Failure) 3M->3M(8M) 4.877ms
[0.260s][info][gc,cpu         ] GC(8) User=0.00s Sys=0.00s Real=0.01s
[0.265s][info][gc,start       ] GC(9) Pause Young (Allocation Failure)
[0.268s][info][gc,heap        ] GC(9) DefNew: 2431K(2688K)->255K(2688K) Eden: 2431K(2432K)->0K(2432K) From: 0K(256K)->255K(256K)
[0.268s][info][gc,heap        ] GC(9) Tenured: 3460K(5768K)->4513K(5768K)
[0.268s][info][gc,metaspace   ] GC(9) Metaspace: 6296K(6464K)->6296K(6464K) NonClass: 5763K(5824K)->5763K(5824K) Class: 533K(640K)->533K(640K)
[0.268s][info][gc             ] GC(9) Pause Young (Allocation Failure) 5M->4M(8M) 3.263ms
[0.268s][info][gc,cpu         ] GC(9) User=0.00s Sys=0.00s Real=0.00s
[0.272s][info][gc,start       ] GC(10) Pause Young (Allocation Failure)
[0.276s][info][gc,heap        ] GC(10) DefNew: 2687K(2688K)->255K(2688K) Eden: 2432K(2432K)->0K(2432K) From: 255K(256K)->255K(256K)
[0.276s][info][gc,heap        ] GC(10) Tenured: 4513K(5768K)->5755K(5768K)
[0.276s][info][gc,metaspace   ] GC(10) Metaspace: 6296K(6464K)->6296K(6464K) NonClass: 5763K(5824K)->5763K(5824K) Class: 533K(640K)->533K(640K)
[0.276s][info][gc             ] GC(10) Pause Young (Allocation Failure) 7M->5M(8M) 3.668ms
[0.276s][info][gc,cpu         ] GC(10) User=0.00s Sys=0.00s Real=0.00s
[0.280s][info][gc,start       ] GC(11) Pause Young (Allocation Failure)
[0.284s][info][gc             ] GC(11) Pause Young (Allocation Failure) 8M->7M(9M) 3.920ms
[0.284s][info][gc,cpu         ] GC(11) User=0.00s Sys=0.00s Real=0.00s
[0.284s][info][gc,start       ] GC(12) Pause Full (Allocation Failure)
[0.284s][info][gc,phases,start] GC(12) Phase 1: Mark live objects
[0.289s][info][gc,phases      ] GC(12) Phase 1: Mark live objects 4.767ms
[0.289s][info][gc,phases,start] GC(12) Phase 2: Compute new object addresses
[0.290s][info][gc,phases      ] GC(12) Phase 2: Compute new object addresses 1.229ms
[0.290s][info][gc,phases,start] GC(12) Phase 3: Adjust pointers
[0.292s][info][gc,phases      ] GC(12) Phase 3: Adjust pointers 1.950ms
[0.293s][info][gc,phases,start] GC(12) Phase 4: Move objects
[0.294s][info][gc,phases      ] GC(12) Phase 4: Move objects 1.685ms
[0.294s][info][gc,heap        ] GC(12) DefNew: 2687K(2688K)->0K(5376K) Eden: 2432K(2432K)->0K(4800K) From: 255K(256K)->0K(576K)
[0.294s][info][gc,heap        ] GC(12) Tenured: 5755K(5768K)->7131K(11888K)
[0.294s][info][gc,metaspace   ] GC(12) Metaspace: 6296K(6464K)->6296K(6464K) NonClass: 5763K(5824K)->5763K(5824K) Class: 533K(640K)->533K(640K)
[0.295s][info][gc             ] GC(12) Pause Full (Allocation Failure) 7M->6M(16M) 10.267ms
[0.295s][info][gc,cpu         ] GC(12) User=0.00s Sys=0.00s Real=0.01s
[0.301s][info][gc,start       ] GC(13) Pause Young (Allocation Failure)
[0.307s][info][gc,heap        ] GC(13) DefNew: 4800K(5376K)->575K(5376K) Eden: 4800K(4800K)->0K(4800K) From: 0K(576K)->575K(576K)
[0.307s][info][gc,heap        ] GC(13) Tenured: 7131K(11888K)->9026K(11888K)
[0.307s][info][gc,metaspace   ] GC(13) Metaspace: 6296K(6464K)->6296K(6464K) NonClass: 5763K(5824K)->5763K(5824K) Class: 533K(640K)->533K(640K)
[0.307s][info][gc             ] GC(13) Pause Young (Allocation Failure) 11M->9M(16M) 6.083ms
[0.307s][info][gc,cpu         ] GC(13) User=0.00s Sys=0.00s Real=0.01s
[0.312s][info][gc,start       ] GC(14) Pause Young (Allocation Failure)
[0.320s][info][gc,heap        ] GC(14) DefNew: 5375K(5376K)->576K(5376K) Eden: 4800K(4800K)->0K(4800K) From: 575K(576K)->576K(576K)
[0.320s][info][gc,heap        ] GC(14) Tenured: 9026K(11888K)->11746K(11888K)
[0.320s][info][gc,metaspace   ] GC(14) Metaspace: 6296K(6464K)->6296K(6464K) NonClass: 5763K(5824K)->5763K(5824K) Class: 533K(640K)->533K(640K)
[0.320s][info][gc             ] GC(14) Pause Young (Allocation Failure) 14M->12M(16M) 7.290ms
[0.320s][info][gc,cpu         ] GC(14) User=0.00s Sys=0.00s Real=0.01s
[0.324s][info][gc,start       ] GC(15) Pause Young (Allocation Failure)
[0.332s][info][gc             ] GC(15) Pause Young (Allocation Failure) 16M->14M(19M) 7.942ms
[0.332s][info][gc,cpu         ] GC(15) User=0.00s Sys=0.00s Real=0.01s
[0.332s][info][gc,start       ] GC(16) Pause Full (Allocation Failure)
[0.332s][info][gc,phases,start] GC(16) Phase 1: Mark live objects
[0.342s][info][gc,phases      ] GC(16) Phase 1: Mark live objects 9.198ms
[0.342s][info][gc,phases,start] GC(16) Phase 2: Compute new object addresses
[0.344s][info][gc,phases      ] GC(16) Phase 2: Compute new object addresses 2.822ms
[0.344s][info][gc,phases,start] GC(16) Phase 3: Adjust pointers
[0.348s][info][gc,phases      ] GC(16) Phase 3: Adjust pointers 3.426ms
[0.348s][info][gc,phases,start] GC(16) Phase 4: Move objects
[0.348s][info][gc,phases      ] GC(16) Phase 4: Move objects 0.204ms
[0.348s][info][gc,heap        ] GC(16) DefNew: 5376K(5376K)->410K(10880K) Eden: 4800K(4800K)->410K(9728K) From: 576K(576K)->0K(1152K)
[0.348s][info][gc,heap        ] GC(16) Tenured: 11746K(11888K)->14383K(23976K)
[0.348s][info][gc,metaspace   ] GC(16) Metaspace: 6298K(6464K)->6298K(6464K) NonClass: 5765K(5824K)->5765K(5824K) Class: 533K(640K)->533K(640K)
[0.348s][info][gc             ] GC(16) Pause Full (Allocation Failure) 14M->14M(34M) 16.077ms
[0.348s][info][gc,cpu         ] GC(16) User=0.02s Sys=0.00s Real=0.02s
[0.356s][info][gc,start       ] GC(17) Pause Young (Allocation Failure)
[0.371s][info][gc,heap        ] GC(17) DefNew: 9728K(10880K)->1152K(10880K) Eden: 9728K(9728K)->0K(9728K) From: 0K(1152K)->1152K(1152K)
[0.371s][info][gc,heap        ] GC(17) Tenured: 14383K(23976K)->18407K(23976K)
[0.371s][info][gc,metaspace   ] GC(17) Metaspace: 6298K(6464K)->6298K(6464K) NonClass: 5765K(5824K)->5765K(5824K) Class: 533K(640K)->533K(640K)
[0.371s][info][gc             ] GC(17) Pause Young (Allocation Failure) 23M->19M(34M) 14.677ms
[0.371s][info][gc,cpu         ] GC(17) User=0.00s Sys=0.00s Real=0.02s
[0.380s][info][gc,start       ] GC(18) Pause Young (Allocation Failure)
[0.394s][info][gc,heap        ] GC(18) DefNew: 10880K(10880K)->1151K(10880K) Eden: 9728K(9728K)->0K(9728K) From: 1152K(1152K)->1151K(1152K)
[0.394s][info][gc,heap        ] GC(18) Tenured: 18407K(23976K)->23930K(23976K)
[0.394s][info][gc,metaspace   ] GC(18) Metaspace: 6298K(6464K)->6298K(6464K) NonClass: 5765K(5824K)->5765K(5824K) Class: 533K(640K)->533K(640K)
[0.394s][info][gc             ] GC(18) Pause Young (Allocation Failure) 28M->24M(34M) 14.478ms
[0.394s][info][gc,cpu         ] GC(18) User=0.00s Sys=0.00s Real=0.02s
[0.400s][info][gc,start       ] GC(19) Pause Young (Allocation Failure)
[0.413s][info][gc             ] GC(19) Pause Young (Allocation Failure) 33M->29M(38M) 13.180ms
[0.413s][info][gc,cpu         ] GC(19) User=0.00s Sys=0.00s Real=0.01s
[0.413s][info][gc,start       ] GC(20) Pause Full (Allocation Failure)
[0.413s][info][gc,phases,start] GC(20) Phase 1: Mark live objects
[0.429s][info][gc,phases      ] GC(20) Phase 1: Mark live objects 16.008ms
[0.429s][info][gc,phases,start] GC(20) Phase 2: Compute new object addresses
[0.434s][info][gc,phases      ] GC(20) Phase 2: Compute new object addresses 5.126ms
[0.434s][info][gc,phases,start] GC(20) Phase 3: Adjust pointers
[0.441s][info][gc,phases      ] GC(20) Phase 3: Adjust pointers 6.210ms
[0.441s][info][gc,phases,start] GC(20) Phase 4: Move objects
[0.441s][info][gc,phases      ] GC(20) Phase 4: Move objects 0.208ms
[0.441s][info][gc,heap        ] GC(20) DefNew: 10879K(10880K)->1073K(21888K) Eden: 9728K(9728K)->1073K(19520K) From: 1151K(1152K)->0K(2368K)
[0.441s][info][gc,heap        ] GC(20) Tenured: 23930K(23976K)->29035K(48396K)
[0.441s][info][gc,metaspace   ] GC(20) Metaspace: 6298K(6464K)->6298K(6464K) NonClass: 5765K(5824K)->5765K(5824K) Class: 533K(640K)->533K(640K)
[0.441s][info][gc             ] GC(20) Pause Full (Allocation Failure) 29M->29M(68M) 28.028ms
[0.441s][info][gc,cpu         ] GC(20) User=0.03s Sys=0.00s Real=0.03s
[0.456s][info][gc,start       ] GC(21) Pause Young (Allocation Failure)
[0.484s][info][gc,heap        ] GC(21) DefNew: 19520K(21888K)->2367K(21888K) Eden: 19520K(19520K)->0K(19520K) From: 0K(2368K)->2367K(2368K)
[0.484s][info][gc,heap        ] GC(21) Tenured: 29035K(48396K)->39332K(48396K)
[0.484s][info][gc,metaspace   ] GC(21) Metaspace: 6298K(6464K)->6298K(6464K) NonClass: 5765K(5824K)->5765K(5824K) Class: 533K(640K)->533K(640K)
[0.484s][info][gc             ] GC(21) Pause Young (Allocation Failure) 47M->40M(68M) 28.364ms
[0.484s][info][gc,cpu         ] GC(21) User=0.02s Sys=0.00s Real=0.03s
[0.502s][info][gc,start       ] GC(22) Pause Young (Allocation Failure)
[0.537s][info][gc             ] GC(22) Pause Young (Allocation Failure) 59M->59M(78M) 34.857ms
[0.537s][info][gc,cpu         ] GC(22) User=0.03s Sys=0.00s Real=0.04s
[0.537s][info][gc,start       ] GC(23) Pause Full (Allocation Failure)
[0.537s][info][gc,phases,start] GC(23) Phase 1: Mark live objects
[0.562s][info][gc,phases      ] GC(23) Phase 1: Mark live objects 24.823ms
[0.562s][info][gc,phases,start] GC(23) Phase 2: Compute new object addresses
[0.571s][info][gc,phases      ] GC(23) Phase 2: Compute new object addresses 9.511ms
[0.571s][info][gc,phases,start] GC(23) Phase 3: Adjust pointers
[0.582s][info][gc,phases      ] GC(23) Phase 3: Adjust pointers 10.672ms
[0.582s][info][gc,phases,start] GC(23) Phase 4: Move objects
[0.582s][info][gc,phases      ] GC(23) Phase 4: Move objects 0.425ms
[0.583s][info][gc,heap        ] GC(23) DefNew: 21887K(21888K)->2233K(44288K) Eden: 19520K(19520K)->2233K(39424K) From: 2367K(2368K)->0K(4864K)
[0.583s][info][gc,heap        ] GC(23) Tenured: 39332K(48396K)->58955K(98260K)
[0.583s][info][gc,metaspace   ] GC(23) Metaspace: 6298K(6464K)->6298K(6464K) NonClass: 5765K(5824K)->5765K(5824K) Class: 533K(640K)->533K(640K)
[0.583s][info][gc             ] GC(23) Pause Full (Allocation Failure) 59M->59M(139M) 46.027ms
[0.583s][info][gc,cpu         ] GC(23) User=0.05s Sys=0.00s Real=0.04s
[0.635s][info][gc,start       ] GC(24) Pause Young (Allocation Failure)
[0.697s][info][gc,heap        ] GC(24) DefNew: 39424K(44288K)->4863K(44288K) Eden: 39424K(39424K)->0K(39424K) From: 0K(4864K)->4863K(4864K)
[0.697s][info][gc,heap        ] GC(24) Tenured: 58955K(98260K)->93487K(98260K)
[0.697s][info][gc,metaspace   ] GC(24) Metaspace: 6298K(6464K)->6298K(6464K) NonClass: 5765K(5824K)->5765K(5824K) Class: 533K(640K)->533K(640K)
[0.697s][info][gc             ] GC(24) Pause Young (Allocation Failure) 96M->96M(139M) 61.923ms
[0.697s][info][gc,cpu         ] GC(24) User=0.06s Sys=0.00s Real=0.06s
[0.731s][info][gc,start       ] GC(25) Pause Young (Allocation Failure)
[0.814s][info][gc             ] GC(25) Pause Young (Allocation Failure) 134M->134M(173M) 83.200ms
[0.814s][info][gc,cpu         ] GC(25) User=0.06s Sys=0.00s Real=0.08s
[0.814s][info][gc,start       ] GC(26) Pause Full (Allocation Failure)
[0.814s][info][gc,phases,start] GC(26) Phase 1: Mark live objects
[0.870s][info][gc,phases      ] GC(26) Phase 1: Mark live objects 56.088ms
[0.870s][info][gc,phases,start] GC(26) Phase 2: Compute new object addresses
[0.895s][info][gc,phases      ] GC(26) Phase 2: Compute new object addresses 24.853ms
[0.895s][info][gc,phases,start] GC(26) Phase 3: Adjust pointers
[0.927s][info][gc,phases      ] GC(26) Phase 3: Adjust pointers 32.151ms
[0.927s][info][gc,phases,start] GC(26) Phase 4: Move objects
[0.960s][info][gc,phases      ] GC(26) Phase 4: Move objects 32.378ms
[0.960s][info][gc,heap        ] GC(26) DefNew: 44287K(44288K)->1016K(99712K) Eden: 39424K(39424K)->1016K(88640K) From: 4863K(4864K)->0K(11072K)
[0.960s][info][gc,heap        ] GC(26) Tenured: 93487K(98260K)->132887K(221480K)
[0.960s][info][gc,metaspace   ] GC(26) Metaspace: 6298K(6464K)->6298K(6464K) NonClass: 5765K(5824K)->5765K(5824K) Class: 533K(640K)->533K(640K)
[0.960s][info][gc             ] GC(26) Pause Full (Allocation Failure) 134M->130M(313M) 146.287ms
[0.960s][info][gc,cpu         ] GC(26) User=0.12s Sys=0.00s Real=0.15s
[1.063s][info][gc,start       ] GC(27) Pause Young (Allocation Failure)
[1.239s][info][gc,heap        ] GC(27) DefNew: 88640K(99712K)->11071K(99712K) Eden: 88640K(88640K)->0K(88640K) From: 0K(11072K)->11071K(11072K)
[1.239s][info][gc,heap        ] GC(27) Tenured: 132887K(221480K)->210429K(221480K)
[1.239s][info][gc,metaspace   ] GC(27) Metaspace: 6298K(6464K)->6298K(6464K) NonClass: 5765K(5824K)->5765K(5824K) Class: 533K(640K)->533K(640K)
[1.239s][info][gc             ] GC(27) Pause Young (Allocation Failure) 216M->216M(313M) 175.499ms
[1.239s][info][gc,cpu         ] GC(27) User=0.12s Sys=0.03s Real=0.17s
[1.320s][info][gc,start       ] GC(28) Pause Young (Allocation Failure)
[1.499s][info][gc             ] GC(28) Pause Young (Allocation Failure) 302M->302M(389M) 179.156ms
[1.499s][info][gc,cpu         ] GC(28) User=0.11s Sys=0.00s Real=0.18s
[1.499s][info][gc,start       ] GC(29) Pause Full (Allocation Failure)
[1.499s][info][gc,phases,start] GC(29) Phase 1: Mark live objects
[1.643s][info][gc,phases      ] GC(29) Phase 1: Mark live objects 143.745ms
[1.643s][info][gc,phases,start] GC(29) Phase 2: Compute new object addresses
[1.695s][info][gc,phases      ] GC(29) Phase 2: Compute new object addresses 52.075ms
[1.695s][info][gc,phases,start] GC(29) Phase 3: Adjust pointers
[1.758s][info][gc,phases      ] GC(29) Phase 3: Adjust pointers 62.993ms
[1.758s][info][gc,phases,start] GC(29) Phase 4: Move objects
[1.761s][info][gc,phases      ] GC(29) Phase 4: Move objects 2.600ms
[1.762s][info][gc,heap        ] GC(29) DefNew: 99711K(99712K)->10933K(224448K) Eden: 88640K(88640K)->10933K(199552K) From: 11071K(11072K)->0K(24896K)
[1.762s][info][gc,heap        ] GC(29) Tenured: 210429K(221480K)->299179K(498636K)
[1.762s][info][gc,metaspace   ] GC(29) Metaspace: 6298K(6464K)->6298K(6464K) NonClass: 5765K(5824K)->5765K(5824K) Class: 533K(640K)->533K(640K)
[1.762s][info][gc             ] GC(29) Pause Full (Allocation Failure) 302M->302M(706M) 262.700ms
[1.762s][info][gc,cpu         ] GC(29) User=0.25s Sys=0.00s Real=0.26s
[1.984s][info][gc,start       ] GC(30) Pause Young (Allocation Failure)
[2.335s][info][gc,heap        ] GC(30) DefNew: 199552K(224448K)->24895K(224448K) Eden: 199552K(199552K)->0K(199552K) From: 0K(24896K)->24895K(24896K)
[2.335s][info][gc,heap        ] GC(30) Tenured: 299179K(498636K)->473810K(498636K)
[2.335s][info][gc,metaspace   ] GC(30) Metaspace: 6298K(6464K)->6298K(6464K) NonClass: 5765K(5824K)->5765K(5824K) Class: 533K(640K)->533K(640K)
[2.335s][info][gc             ] GC(30) Pause Young (Allocation Failure) 487M->487M(706M) 351.276ms
[2.335s][info][gc,cpu         ] GC(30) User=0.33s Sys=0.00s Real=0.35s
[2.516s][info][gc,start       ] GC(31) Pause Young (Allocation Failure)
[2.909s][info][gc             ] GC(31) Pause Young (Allocation Failure) 681M->681M(876M) 392.919ms
[2.909s][info][gc,cpu         ] GC(31) User=0.31s Sys=0.06s Real=0.39s
[2.909s][info][gc,start       ] GC(32) Pause Full (Allocation Failure)
[2.909s][info][gc,phases,start] GC(32) Phase 1: Mark live objects
[3.233s][info][gc,phases      ] GC(32) Phase 1: Mark live objects 323.741ms
[3.233s][info][gc,phases,start] GC(32) Phase 2: Compute new object addresses
[3.348s][info][gc,phases      ] GC(32) Phase 2: Compute new object addresses 115.191ms
[3.348s][info][gc,phases,start] GC(32) Phase 3: Adjust pointers
[3.474s][info][gc,phases      ] GC(32) Phase 3: Adjust pointers 125.408ms
[3.474s][info][gc,phases,start] GC(32) Phase 4: Move objects
[3.480s][info][gc,phases      ] GC(32) Phase 4: Move objects 5.775ms
[3.482s][info][gc,heap        ] GC(32) DefNew: 224447K(224448K)->24801K(505152K) Eden: 199552K(199552K)->24801K(449088K) From: 24895K(24896K)->0K(56064K)
[3.482s][info][gc,heap        ] GC(32) Tenured: 473810K(498636K)->673423K(1122376K)
[3.482s][info][gc,metaspace   ] GC(32) Metaspace: 6298K(6464K)->6298K(6464K) NonClass: 5765K(5824K)->5765K(5824K) Class: 533K(640K)->533K(640K)
[3.482s][info][gc             ] GC(32) Pause Full (Allocation Failure) 681M->681M(1589M) 572.502ms
[3.482s][info][gc,cpu         ] GC(32) User=0.55s Sys=0.00s Real=0.57s
[3.958s][info][gc,start       ] GC(33) Pause Young (Allocation Failure)
[4.755s][info][gc,heap        ] GC(33) DefNew: 449088K(505152K)->56064K(505152K) Eden: 449088K(449088K)->0K(449088K) From: 0K(56064K)->56064K(56064K)
[4.755s][info][gc,heap        ] GC(33) Tenured: 673423K(1122376K)->1066422K(1122376K)
[4.756s][info][gc,metaspace   ] GC(33) Metaspace: 6298K(6464K)->6298K(6464K) NonClass: 5765K(5824K)->5765K(5824K) Class: 533K(640K)->533K(640K)
[4.756s][info][gc             ] GC(33) Pause Young (Allocation Failure) 1096M->1096M(1589M) 797.163ms
[4.756s][info][gc,cpu         ] GC(33) User=0.61s Sys=0.16s Real=0.80s
[5.225s][info][gc,start       ] GC(34) Pause Young (Allocation Failure)
[5.974s][info][gc             ] GC(34) Pause Young (Allocation Failure) 1534M->1484M(1923M) 748.111ms
[5.974s][info][gc,cpu         ] GC(34) User=0.56s Sys=0.16s Real=0.75s
[5.974s][info][gc,start       ] GC(35) Pause Full (Allocation Failure)
[5.974s][info][gc,phases,start] GC(35) Phase 1: Mark live objects
[6.650s][info][gc,phases      ] GC(35) Phase 1: Mark live objects 676.323ms
[6.650s][info][gc,phases,start] GC(35) Phase 2: Compute new object addresses
[6.873s][info][gc,phases      ] GC(35) Phase 2: Compute new object addresses 223.059ms
[6.873s][info][gc,phases,start] GC(35) Phase 3: Adjust pointers
[7.140s][info][gc,phases      ] GC(35) Phase 3: Adjust pointers 266.481ms
[7.140s][info][gc,phases,start] GC(35) Phase 4: Move objects
[7.151s][info][gc,phases      ] GC(35) Phase 4: Move objects 11.082ms
[7.155s][info][gc,heap        ] GC(35) DefNew: 505152K(505152K)->55887K(1098496K) Eden: 449088K(449088K)->55887K(976448K) From: 56064K(56064K)->0K(122048K)
[7.155s][info][gc,heap        ] GC(35) Tenured: 1066422K(1122376K)->1464588K(2440980K)
[7.155s][info][gc,metaspace   ] GC(35) Metaspace: 6298K(6464K)->6298K(6464K) NonClass: 5765K(5824K)->5765K(5824K) Class: 533K(640K)->533K(640K)
[7.155s][info][gc             ] GC(35) Pause Full (Allocation Failure) 1484M->1484M(3456M) 1181.553ms
[7.155s][info][gc,cpu         ] GC(35) User=1.16s Sys=0.00s Real=1.18s
[8.129s][info][gc,start       ] GC(36) Pause Young (Allocation Failure)
[9.908s][info][gc,heap        ] GC(36) DefNew: 976448K(1098496K)->122048K(1098496K) Eden: 976448K(976448K)->0K(976448K) From: 0K(122048K)->122048K(122048K)
[9.909s][info][gc,heap        ] GC(36) Tenured: 1464588K(2440980K)->2318956K(2440980K)
[9.909s][info][gc,metaspace   ] GC(36) Metaspace: 6298K(6464K)->6298K(6464K) NonClass: 5765K(5824K)->5765K(5824K) Class: 533K(640K)->533K(640K)
[9.909s][info][gc             ] GC(36) Pause Young (Allocation Failure) 2383M->2383M(3456M) 1779.881ms
[9.909s][info][gc,cpu         ] GC(36) User=1.41s Sys=0.34s Real=1.78s
[10.884s][info][gc,start       ] GC(37) Pause Young (Allocation Failure)
[12.616s][info][gc             ] GC(37) Pause Young (Allocation Failure) 3337M->3337M(4291M) 1732.365ms
[12.616s][info][gc,cpu         ] GC(37) User=1.36s Sys=0.38s Real=1.73s
[12.616s][info][gc,start       ] GC(38) Pause Full (Allocation Failure)
[12.616s][info][gc,phases,start] GC(38) Phase 1: Mark live objects
[14.136s][info][gc,phases      ] GC(38) Phase 1: Mark live objects 1519.582ms
[14.136s][info][gc,phases,start] GC(38) Phase 2: Compute new object addresses
[14.630s][info][gc,phases      ] GC(38) Phase 2: Compute new object addresses 494.122ms
[14.630s][info][gc,phases,start] GC(38) Phase 3: Adjust pointers
[15.303s][info][gc,phases      ] GC(38) Phase 3: Adjust pointers 672.919ms
[15.303s][info][gc,phases,start] GC(38) Phase 4: Move objects
[15.950s][info][gc,phases      ] GC(38) Phase 4: Move objects 647.277ms
[15.960s][info][gc,heap        ] GC(38) DefNew: 1098496K(1098496K)->27701K(2471680K) Eden: 976448K(976448K)->27701K(2197056K) From: 122048K(122048K)->0K(274624K)
[15.960s][info][gc,heap        ] GC(38) Tenured: 2318956K(2440980K)->3295511K(5492520K)
[15.960s][info][gc,metaspace   ] GC(38) Metaspace: 6298K(6464K)->6298K(6464K) NonClass: 5765K(5824K)->5765K(5824K) Class: 533K(640K)->533K(640K)
[15.960s][info][gc             ] GC(38) Pause Full (Allocation Failure) 3337M->3245M(7777M) 3343.440ms
[15.960s][info][gc,cpu         ] GC(38) User=3.31s Sys=0.00s Real=3.34s
[18.224s][info][gc,start       ] GC(39) Pause Young (Allocation Failure)
[22.144s][info][gc,heap        ] GC(39) DefNew: 2197056K(2471680K)->274623K(2471680K) Eden: 2197056K(2197056K)->0K(2197056K) From: 0K(274624K)->274623K(274624K)
[22.144s][info][gc,heap        ] GC(39) Tenured: 3295511K(5492520K)->5217914K(5492520K)
[22.144s][info][gc,metaspace   ] GC(39) Metaspace: 6298K(6464K)->6298K(6464K) NonClass: 5765K(5824K)->5765K(5824K) Class: 533K(640K)->533K(640K)
[22.144s][info][gc             ] GC(39) Pause Young (Allocation Failure) 5363M->5363M(7777M) 3919.915ms
[22.144s][info][gc,cpu         ] GC(39) User=3.45s Sys=0.44s Real=3.92s
[24.225s][info][gc,start       ] GC(40) Pause Young (Allocation Failure)
[28.028s][info][gc             ] GC(40) Pause Young (Allocation Failure) 7509M->7509M(9655M) 3802.817ms
[28.028s][info][gc,cpu         ] GC(40) User=3.11s Sys=0.67s Real=3.80s
[28.028s][info][gc,start       ] GC(41) Pause Full (Allocation Failure)
[28.028s][info][gc,phases,start] GC(41) Phase 1: Mark live objects
[31.388s][info][gc,phases      ] GC(41) Phase 1: Mark live objects 3360.337ms
[31.388s][info][gc,phases,start] GC(41) Phase 2: Compute new object addresses
[32.488s][info][gc,phases      ] GC(41) Phase 2: Compute new object addresses 1100.251ms
[32.489s][info][gc,phases,start] GC(41) Phase 3: Adjust pointers
[33.843s][info][gc,phases      ] GC(41) Phase 3: Adjust pointers 1354.222ms
[33.843s][info][gc,phases,start] GC(41) Phase 4: Move objects
[33.904s][info][gc,phases      ] GC(41) Phase 4: Move objects 60.883ms
[34.105s][info][gc,heap        ] GC(41) DefNew: 2471679K(2471680K)->274483K(5068800K) Eden: 2197056K(2197056K)->274483K(4505600K) From: 274623K(274624K)->0K(563200K)
[34.105s][info][gc,heap        ] GC(41) Tenured: 5217914K(5492520K)->7415084K(11264000K)
[34.105s][info][gc,metaspace   ] GC(41) Metaspace: 6298K(6464K)->6298K(6464K) NonClass: 5765K(5824K)->5765K(5824K) Class: 533K(640K)->533K(640K)
[34.106s][info][gc             ] GC(41) Pause Full (Allocation Failure) 7509M->7509M(15950M) 6077.740ms
[34.106s][info][gc,cpu         ] GC(41) User=5.81s Sys=0.00s Real=6.08s
[38.176s][info][gc,start       ] GC(42) Pause Young (Allocation Failure)
[59.814s][info][gc,heap        ] GC(42) DefNew: 4370077K(5068800K)->563199K(5068800K) Eden: 4370077K(4505600K)->0K(4505600K) From: 0K(563200K)->563199K(563200K)
[59.814s][info][gc,heap        ] GC(42) Tenured: 7415084K(11264000K)->11155819K(11264000K)
[59.814s][info][gc,metaspace   ] GC(42) Metaspace: 6298K(6464K)->6298K(6464K) NonClass: 5765K(5824K)->5765K(5824K) Class: 533K(640K)->533K(640K)
[59.814s][info][gc             ] GC(42) Pause Young (Allocation Failure) 11508M->11444M(15950M) 21638.392ms
[59.814s][info][gc,cpu         ] GC(42) User=5.83s Sys=5.56s Real=21.64s
[72.658s][info][gc,start       ] GC(43) Pause Young (Allocation Failure)
[72.659s][info][gc             ] GC(43) Pause Young (Allocation Failure) 15844M->15844M(15950M) 0.528ms
[72.659s][info][gc,cpu         ] GC(43) User=0.00s Sys=0.00s Real=0.00s
[72.659s][info][gc,start       ] GC(44) Pause Full (Allocation Failure)
[72.659s][info][gc,phases,start] GC(44) Phase 1: Mark live objects
[116.292s][info][gc,phases      ] GC(44) Phase 1: Mark live objects 43632.527ms
[116.293s][info][gc,phases,start] GC(44) Phase 2: Compute new object addresses
[137.512s][info][gc,phases      ] GC(44) Phase 2: Compute new object addresses 21217.440ms
[137.513s][info][gc,phases,start] GC(44) Phase 3: Adjust pointers
[189.649s][info][gc,phases      ] GC(44) Phase 3: Adjust pointers 52136.110ms
[189.650s][info][gc,phases,start] GC(44) Phase 4: Move objects
[190.693s][info][gc,phases      ] GC(44) Phase 4: Move objects 1042.801ms
[190.739s][info][gc,heap        ] GC(44) DefNew: 5068799K(5068800K)->5052129K(5068800K) Eden: 4505600K(4505600K)->4505599K(4505600K) From: 563199K(563200K)->546529K(563200K)
[190.739s][info][gc,heap        ] GC(44) Tenured: 11155819K(11264000K)->11155819K(11264000K)
[190.740s][info][gc,metaspace   ] GC(44) Metaspace: 6298K(6464K)->6298K(6464K) NonClass: 5765K(5824K)->5765K(5824K) Class: 533K(640K)->533K(640K)
[190.741s][info][gc             ] GC(44) Pause Full (Allocation Failure) 15844M->15828M(15950M) 118081.639ms
[190.742s][info][gc,cpu         ] GC(44) User=10.88s Sys=37.08s Real=118.08s
[191.231s][info][gc,start       ] GC(45) Pause Full (Allocation Failure)
[191.232s][info][gc,phases,start] GC(45) Phase 1: Mark live objects
[234.270s][info][gc,phases      ] GC(45) Phase 1: Mark live objects 43037.881ms
[234.271s][info][gc,phases,start] GC(45) Phase 2: Compute new object addresses
[259.739s][info][gc,phases      ] GC(45) Phase 2: Compute new object addresses 25466.655ms
[259.741s][info][gc,phases,start] GC(45) Phase 3: Adjust pointers
[313.995s][info][gc,phases      ] GC(45) Phase 3: Adjust pointers 54252.390ms
[313.996s][info][gc,phases,start] GC(45) Phase 4: Move objects
[313.997s][info][gc,phases      ] GC(45) Phase 4: Move objects 0.820ms
[314.009s][info][gc,heap        ] GC(45) DefNew: 5068799K(5068800K)->5068799K(5068800K) Eden: 4505599K(4505600K)->4505599K(4505600K) From: 563199K(563200K)->563199K(563200K)
[314.009s][info][gc,heap        ] GC(45) Tenured: 11263999K(11264000K)->11263999K(11264000K)
[314.009s][info][gc,metaspace   ] GC(45) Metaspace: 6298K(6464K)->6298K(6464K) NonClass: 5765K(5824K)->5765K(5824K) Class: 533K(640K)->533K(640K)
[314.010s][info][gc             ] GC(45) Pause Full (Allocation Failure) 15949M->15949M(15950M) 122778.150ms
[314.010s][info][gc,cpu         ] GC(45) User=11.17s Sys=41.06s Real=122.78s
[314.010s][info][gc,start       ] GC(46) Pause Full (Allocation Failure)
[314.010s][info][gc,phases,start] GC(46) Phase 1: Mark live objects
[357.659s][info][gc,phases      ] GC(46) Phase 1: Mark live objects 43649.204ms
[357.660s][info][gc,phases,start] GC(46) Phase 2: Compute new object addresses
[380.480s][info][gc,phases      ] GC(46) Phase 2: Compute new object addresses 22819.896ms
[380.480s][info][gc,phases,start] GC(46) Phase 3: Adjust pointers
[436.218s][info][gc,phases      ] GC(46) Phase 3: Adjust pointers 55737.001ms
[436.218s][info][gc,phases,start] GC(46) Phase 4: Move objects
[469.357s][info][gc,phases      ] GC(46) Phase 4: Move objects 33133.007ms
[469.395s][info][gc,heap        ] GC(46) DefNew: 5068799K(5068800K)->5068799K(5068800K) Eden: 4505599K(4505600K)->4505599K(4505600K) From: 563199K(563200K)->563199K(563200K)
[469.395s][info][gc,heap        ] GC(46) Tenured: 11263999K(11264000K)->10870779K(11264000K)
[469.396s][info][gc,metaspace   ] GC(46) Metaspace: 6298K(6464K)->6296K(6464K) NonClass: 5765K(5824K)->5763K(5824K) Class: 533K(640K)->532K(640K)
[469.400s][info][gc             ] GC(46) Pause Full (Allocation Failure) 15949M->15565M(15950M) 155389.832ms
[469.401s][info][gc,cpu         ] GC(46) User=11.64s Sys=46.75s Real=155.39s
[471.756s][info][gc,start       ] GC(47) Pause Full (Allocation Failure)
[471.757s][info][gc,phases,start] GC(47) Phase 1: Mark live objects
[509.824s][info][gc,phases      ] GC(47) Phase 1: Mark live objects 38067.650ms
[509.825s][info][gc,phases,start] GC(47) Phase 2: Compute new object addresses
[538.467s][info][gc,phases      ] GC(47) Phase 2: Compute new object addresses 28640.344ms
[538.468s][info][gc,phases,start] GC(47) Phase 3: Adjust pointers
[592.806s][info][gc,phases      ] GC(47) Phase 3: Adjust pointers 54326.908ms
[592.807s][info][gc,phases,start] GC(47) Phase 4: Move objects
[592.807s][info][gc,phases      ] GC(47) Phase 4: Move objects 0.171ms
[592.823s][info][gc,heap        ] GC(47) DefNew: 5068799K(5068800K)->5068799K(5068800K) Eden: 4505599K(4505600K)->4505599K(4505600K) From: 563199K(563200K)->563199K(563200K)
[592.824s][info][gc,heap        ] GC(47) Tenured: 11263999K(11264000K)->11263999K(11264000K)
[592.824s][info][gc,metaspace   ] GC(47) Metaspace: 6296K(6464K)->6296K(6464K) NonClass: 5763K(5824K)->5763K(5824K) Class: 532K(640K)->532K(640K)
[592.826s][info][gc             ] GC(47) Pause Full (Allocation Failure) 15949M->15949M(15950M) 121069.541ms
[592.826s][info][gc,cpu         ] GC(47) User=10.52s Sys=38.36s Real=121.07s
[592.826s][info][gc,start       ] GC(48) Pause Full (Allocation Failure)
[592.827s][info][gc,phases,start] GC(48) Phase 1: Mark live objects
[636.076s][info][gc,phases      ] GC(48) Phase 1: Mark live objects 43248.351ms
[636.076s][info][gc,phases,start] GC(48) Phase 2: Compute new object addresses
[668.492s][info][gc,phases      ] GC(48) Phase 2: Compute new object addresses 32412.867ms
[668.494s][info][gc,phases,start] GC(48) Phase 3: Adjust pointers
[737.938s][info][gc,phases      ] GC(48) Phase 3: Adjust pointers 69439.341ms
[737.941s][info][gc,phases,start] GC(48) Phase 4: Move objects
[737.943s][info][gc,phases      ] GC(48) Phase 4: Move objects 1.968ms
[737.960s][info][gc,heap        ] GC(48) DefNew: 5068799K(5068800K)->5068799K(5068800K) Eden: 4505599K(4505600K)->4505599K(4505600K) From: 563199K(563200K)->563199K(563200K)
[737.960s][info][gc,heap        ] GC(48) Tenured: 11263999K(11264000K)->11263999K(11264000K)
[737.961s][info][gc,metaspace   ] GC(48) Metaspace: 6296K(6464K)->6296K(6464K) NonClass: 5763K(5824K)->5763K(5824K) Class: 532K(640K)->532K(640K)
[737.962s][info][gc             ] GC(48) Pause Full (Allocation Failure) 15949M->15949M(15950M) 145135.705ms
[737.962s][info][gc,cpu         ] GC(48) User=10.28s Sys=40.14s Real=145.14s
[737.991s][info][gc,start       ] GC(49) Pause Full (Allocation Failure)
[737.993s][info][gc,phases,start] GC(49) Phase 1: Mark live objects
[796.282s][info][gc,phases      ] GC(49) Phase 1: Mark live objects 58289.123ms
[796.284s][info][gc,phases,start] GC(49) Phase 2: Compute new object addresses
[835.603s][info][gc,phases      ] GC(49) Phase 2: Compute new object addresses 39314.709ms
[835.606s][info][gc,phases,start] GC(49) Phase 3: Adjust pointers
[896.200s][info][gc,phases      ] GC(49) Phase 3: Adjust pointers 60591.714ms
[896.201s][info][gc,phases,start] GC(49) Phase 4: Move objects
[896.201s][info][gc,phases      ] GC(49) Phase 4: Move objects 0.524ms
[896.213s][info][gc,heap        ] GC(49) DefNew: 5068799K(5068800K)->5068799K(5068800K) Eden: 4505599K(4505600K)->4505599K(4505600K) From: 563199K(563200K)->563199K(563200K)
[896.214s][info][gc,heap        ] GC(49) Tenured: 11263999K(11264000K)->11263999K(11264000K)
[896.214s][info][gc,metaspace   ] GC(49) Metaspace: 6296K(6464K)->6296K(6464K) NonClass: 5763K(5824K)->5763K(5824K) Class: 532K(640K)->532K(640K)
[896.214s][info][gc             ] GC(49) Pause Full (Allocation Failure) 15949M->15949M(15950M) 158222.772ms
[896.214s][info][gc,cpu         ] GC(49) User=9.45s Sys=41.27s Real=158.22s
[896.214s][info][gc,start       ] GC(50) Pause Full (Allocation Failure)
[896.215s][info][gc,phases,start] GC(50) Phase 1: Mark live objects
[945.768s][info][gc,phases      ] GC(50) Phase 1: Mark live objects 49553.269ms
[945.776s][info][gc,phases,start] GC(50) Phase 2: Compute new object addresses
[974.182s][info][gc,phases      ] GC(50) Phase 2: Compute new object addresses 28405.995ms
[974.182s][info][gc,phases,start] GC(50) Phase 3: Adjust pointers
[1038.140s][info][gc,phases      ] GC(50) Phase 3: Adjust pointers 63955.988ms
[1038.142s][info][gc,phases,start] GC(50) Phase 4: Move objects
[1073.538s][info][gc,phases      ] GC(50) Phase 4: Move objects 35396.267ms
[1073.551s][info][gc,heap        ] GC(50) DefNew: 5068799K(5068800K)->5068799K(5068800K) Eden: 4505599K(4505600K)->4505599K(4505600K) From: 563199K(563200K)->563199K(563200K)
[1073.551s][info][gc,heap        ] GC(50) Tenured: 11263999K(11264000K)->11263998K(11264000K)
[1073.551s][info][gc,metaspace   ] GC(50) Metaspace: 6296K(6464K)->6296K(6464K) NonClass: 5763K(5824K)->5763K(5824K) Class: 532K(640K)->532K(640K)
[1073.554s][info][gc             ] GC(50) Pause Full (Allocation Failure) 15949M->15949M(15950M) 177339.283ms
[1073.554s][info][gc,cpu         ] GC(50) User=11.08s Sys=49.06s Real=177.34s
[1073.612s][info][gc,start       ] GC(51) Pause Full (Allocation Failure)
[1073.612s][info][gc,phases,start] GC(51) Phase 1: Mark live objects
[1108.875s][info][gc,phases      ] GC(51) Phase 1: Mark live objects 35263.534ms
[1108.876s][info][gc,phases,start] GC(51) Phase 2: Compute new object addresses
[1141.299s][info][gc,phases      ] GC(51) Phase 2: Compute new object addresses 32422.580ms
[1141.299s][info][gc,phases,start] GC(51) Phase 3: Adjust pointers
[1217.802s][info][gc,phases      ] GC(51) Phase 3: Adjust pointers 76499.692ms
[1217.804s][info][gc,phases,start] GC(51) Phase 4: Move objects
[1217.805s][info][gc,phases      ] GC(51) Phase 4: Move objects 1.093ms
[1217.825s][info][gc,heap        ] GC(51) DefNew: 5068799K(5068800K)->5068799K(5068800K) Eden: 4505599K(4505600K)->4505599K(4505600K) From: 563199K(563200K)->563199K(563200K)
[1217.826s][info][gc,heap        ] GC(51) Tenured: 11263999K(11264000K)->11263999K(11264000K)
[1217.826s][info][gc,metaspace   ] GC(51) Metaspace: 6298K(6464K)->6298K(6464K) NonClass: 5764K(5824K)->5764K(5824K) Class: 533K(640K)->533K(640K)
[1217.828s][info][gc             ] GC(51) Pause Full (Allocation Failure) 15949M->15949M(15950M) 144215.368ms
[1217.829s][info][gc,cpu         ] GC(51) User=9.86s Sys=36.52s Real=144.22s
[1217.829s][info][gc,start       ] GC(52) Pause Full (Allocation Failure)
[1217.830s][info][gc,phases,start] GC(52) Phase 1: Mark live objects
[1274.231s][info][gc,phases      ] GC(52) Phase 1: Mark live objects 56400.905ms
[1274.234s][info][gc,phases,start] GC(52) Phase 2: Compute new object addresses
[1311.782s][info][gc,phases      ] GC(52) Phase 2: Compute new object addresses 37548.273ms
[1311.782s][info][gc,phases,start] GC(52) Phase 3: Adjust pointers
[1370.267s][info][gc,phases      ] GC(52) Phase 3: Adjust pointers 58468.736ms
[1370.270s][info][gc,phases,start] GC(52) Phase 4: Move objects
[1401.856s][info][gc,phases      ] GC(52) Phase 4: Move objects 31584.462ms
[1401.875s][info][gc,heap        ] GC(52) DefNew: 5068799K(5068800K)->5068799K(5068800K) Eden: 4505599K(4505600K)->4505599K(4505600K) From: 563199K(563200K)->563199K(563200K)
[1401.875s][info][gc,heap        ] GC(52) Tenured: 11263999K(11264000K)->11263996K(11264000K)
[1401.875s][info][gc,metaspace   ] GC(52) Metaspace: 6298K(6464K)->6298K(6464K) NonClass: 5764K(5824K)->5764K(5824K) Class: 533K(640K)->533K(640K)
[1401.877s][info][gc             ] GC(52) Pause Full (Allocation Failure) 15949M->15949M(15950M) 184048.043ms
[1401.878s][info][gc,cpu         ] GC(52) User=11.06s Sys=52.48s Real=184.05s
[1401.920s][info][gc,heap,exit   ] Heap
[1401.921s][info][gc,heap,exit   ]  def new generation   total 5068800K, used 5068799K [0x00000003f8c00000, 0x0000000550800000, 0x0000000550800000)
[1401.921s][info][gc,heap,exit   ]   eden space 4505600K,  99% used [0x00000003f8c00000, 0x000000050bbffff8, 0x000000050bc00000)
[1401.921s][info][gc,heap,exit   ]   from space 563200K,  99% used [0x000000052e200000, 0x00000005507ffff8, 0x0000000550800000)
[1401.921s][info][gc,heap,exit   ]   to   space 563200K,   0% used [0x000000050bc00000, 0x000000050bc00000, 0x000000052e200000)
[1401.921s][info][gc,heap,exit   ]  tenured generation   total 11264000K, used 11263997K [0x0000000550800000, 0x0000000800000000, 0x0000000800000000)
[1401.921s][info][gc,heap,exit   ]    the space 11264000K,  99% used [0x0000000550800000, 0x00000007fffff608, 0x00000007fffff800, 0x0000000800000000)
[1401.921s][info][gc,heap,exit   ]  Metaspace       used 6301K, committed 6464K, reserved 1114112K
[1401.921s][info][gc,heap,exit   ]   class space    used 534K, committed 640K, reserved 1048576K
