[0.011s][info][gc,init] CardTable entry size: 512
[0.011s][info][gc     ] Using Serial
[0.011s][info][gc,init] Version: 18.0.1+10 (release)
[0.011s][info][gc,init] CPUs: 8 total, 8 available
[0.011s][info][gc,init] Memory: 16063M
[0.011s][info][gc,init] Large Page Support: Disabled
[0.011s][info][gc,init] NUMA Support: Disabled
[0.011s][info][gc,init] Compressed Oops: Enabled (Zero based)
[0.011s][info][gc,init] Heap Min Capacity: 2M
[0.011s][info][gc,init] Heap Initial Capacity: 2M
[0.011s][info][gc,init] Heap Max Capacity: 4600M
[0.011s][info][gc,init] Pre-touch: Disabled
[0.011s][info][gc,metaspace] CDS archive(s) not mapped
[0.011s][info][gc,metaspace] Compressed class space mapped at: 0x0000000800000000-0x0000000840000000, reserved size: 1073741824
[0.011s][info][gc,metaspace] Narrow klass base: 0x0000000800000000, Narrow klass shift: 0, Narrow klass range: 0x40000000
[0.183s][info][gc,start    ] GC(0) Pause Young (Allocation Failure)
[0.185s][info][gc,heap     ] GC(0) DefNew: 1023K(1152K)->127K(1152K) Eden: 1023K(1024K)->0K(1024K) From: 0K(128K)->127K(128K)
[0.186s][info][gc,heap     ] GC(0) Tenured: 0K(768K)->439K(768K)
[0.186s][info][gc,metaspace] GC(0) Metaspace: 5899K(6016K)->5899K(6016K) NonClass: 5399K(5504K)->5399K(5504K) Class: 499K(512K)->499K(512K)
[0.186s][info][gc          ] GC(0) Pause Young (Allocation Failure) 0M->0M(1M) 2.489ms
[0.186s][info][gc,cpu      ] GC(0) User=0.00s Sys=0.00s Real=0.00s
[0.209s][info][gc,start    ] GC(1) Pause Young (Allocation Failure)
[0.211s][info][gc          ] GC(1) Pause Young (Allocation Failure) 1M->0M(2M) 1.491ms
[0.211s][info][gc,cpu      ] GC(1) User=0.00s Sys=0.00s Real=0.00s
[0.211s][info][gc,start    ] GC(2) Pause Full (Allocation Failure)
[0.211s][info][gc,phases,start] GC(2) Phase 1: Mark live objects
[0.212s][info][gc,phases      ] GC(2) Phase 1: Mark live objects 1.329ms
[0.212s][info][gc,phases,start] GC(2) Phase 2: Compute new object addresses
[0.213s][info][gc,phases      ] GC(2) Phase 2: Compute new object addresses 0.416ms
[0.213s][info][gc,phases,start] GC(2) Phase 3: Adjust pointers
[0.214s][info][gc,phases      ] GC(2) Phase 3: Adjust pointers 0.899ms
[0.214s][info][gc,phases,start] GC(2) Phase 4: Move objects
[0.214s][info][gc,phases      ] GC(2) Phase 4: Move objects 0.099ms
[0.214s][info][gc,heap        ] GC(2) DefNew: 1151K(1152K)->40K(1152K) Eden: 1024K(1024K)->40K(1024K) From: 127K(128K)->0K(128K)
[0.214s][info][gc,heap        ] GC(2) Tenured: 439K(768K)->959K(1600K)
[0.214s][info][gc,metaspace   ] GC(2) Metaspace: 6295K(6464K)->6295K(6464K) NonClass: 5762K(5824K)->5762K(5824K) Class: 533K(640K)->533K(640K)
[0.214s][info][gc             ] GC(2) Pause Full (Allocation Failure) 0M->0M(2M) 3.302ms
[0.214s][info][gc,cpu         ] GC(2) User=0.00s Sys=0.00s Real=0.00s
[0.216s][info][gc,start       ] GC(3) Pause Young (Allocation Failure)
[0.218s][info][gc,heap        ] GC(3) DefNew: 1024K(1152K)->128K(1152K) Eden: 1024K(1024K)->0K(1024K) From: 0K(128K)->128K(128K)
[0.218s][info][gc,heap        ] GC(3) Tenured: 959K(1600K)->1375K(1600K)
[0.218s][info][gc,metaspace   ] GC(3) Metaspace: 6295K(6464K)->6295K(6464K) NonClass: 5762K(5824K)->5762K(5824K) Class: 533K(640K)->533K(640K)
[0.218s][info][gc             ] GC(3) Pause Young (Allocation Failure) 1M->1M(2M) 2.080ms
[0.218s][info][gc,cpu         ] GC(3) User=0.00s Sys=0.00s Real=0.00s
[0.220s][info][gc,start       ] GC(4) Pause Young (Allocation Failure)
[0.221s][info][gc             ] GC(4) Pause Young (Allocation Failure) 2M->1M(3M) 1.397ms
[0.222s][info][gc,cpu         ] GC(4) User=0.00s Sys=0.00s Real=0.00s
[0.222s][info][gc,start       ] GC(5) Pause Full (Allocation Failure)
[0.222s][info][gc,phases,start] GC(5) Phase 1: Mark live objects
[0.223s][info][gc,phases      ] GC(5) Phase 1: Mark live objects 1.588ms
[0.223s][info][gc,phases,start] GC(5) Phase 2: Compute new object addresses
[0.224s][info][gc,phases      ] GC(5) Phase 2: Compute new object addresses 0.410ms
[0.224s][info][gc,phases,start] GC(5) Phase 3: Adjust pointers
[0.224s][info][gc,phases      ] GC(5) Phase 3: Adjust pointers 0.714ms
[0.224s][info][gc,phases,start] GC(5) Phase 4: Move objects
[0.225s][info][gc,phases      ] GC(5) Phase 4: Move objects 0.078ms
[0.225s][info][gc,heap        ] GC(5) DefNew: 1152K(1152K)->35K(1536K) Eden: 1024K(1024K)->35K(1408K) From: 128K(128K)->0K(128K)
[0.225s][info][gc,heap        ] GC(5) Tenured: 1375K(1600K)->1983K(3308K)
[0.225s][info][gc,metaspace   ] GC(5) Metaspace: 6295K(6464K)->6295K(6464K) NonClass: 5762K(5824K)->5762K(5824K) Class: 533K(640K)->533K(640K)
[0.225s][info][gc             ] GC(5) Pause Full (Allocation Failure) 1M->1M(4M) 3.168ms
[0.225s][info][gc,cpu         ] GC(5) User=0.00s Sys=0.00s Real=0.00s
[0.227s][info][gc,start       ] GC(6) Pause Young (Allocation Failure)
[0.229s][info][gc,heap        ] GC(6) DefNew: 1407K(1536K)->127K(1536K) Eden: 1407K(1408K)->0K(1408K) From: 0K(128K)->127K(128K)
[0.229s][info][gc,heap        ] GC(6) Tenured: 1983K(3308K)->2617K(3308K)
[0.229s][info][gc,metaspace   ] GC(6) Metaspace: 6295K(6464K)->6295K(6464K) NonClass: 5762K(5824K)->5762K(5824K) Class: 533K(640K)->533K(640K)
[0.229s][info][gc             ] GC(6) Pause Young (Allocation Failure) 3M->2M(4M) 1.995ms
[0.229s][info][gc,cpu         ] GC(6) User=0.00s Sys=0.00s Real=0.00s
[0.232s][info][gc,start       ] GC(7) Pause Young (Allocation Failure)
[0.234s][info][gc             ] GC(7) Pause Young (Allocation Failure) 4M->3M(4M) 1.819ms
[0.234s][info][gc,cpu         ] GC(7) User=0.00s Sys=0.00s Real=0.00s
[0.234s][info][gc,start       ] GC(8) Pause Full (Allocation Failure)
[0.234s][info][gc,phases,start] GC(8) Phase 1: Mark live objects
[0.236s][info][gc,phases      ] GC(8) Phase 1: Mark live objects 2.333ms
[0.236s][info][gc,phases,start] GC(8) Phase 2: Compute new object addresses
[0.237s][info][gc,phases      ] GC(8) Phase 2: Compute new object addresses 0.680ms
[0.237s][info][gc,phases,start] GC(8) Phase 3: Adjust pointers
[0.238s][info][gc,phases      ] GC(8) Phase 3: Adjust pointers 0.945ms
[0.238s][info][gc,phases,start] GC(8) Phase 4: Move objects
[0.238s][info][gc,phases      ] GC(8) Phase 4: Move objects 0.083ms
[0.238s][info][gc,heap        ] GC(8) DefNew: 1535K(1536K)->0K(2688K) Eden: 1408K(1408K)->0K(2432K) From: 127K(128K)->0K(256K)
[0.238s][info][gc,heap        ] GC(8) Tenured: 2617K(3308K)->3460K(5768K)
[0.238s][info][gc,metaspace   ] GC(8) Metaspace: 6295K(6464K)->6295K(6464K) NonClass: 5762K(5824K)->5762K(5824K) Class: 533K(640K)->533K(640K)
[0.238s][info][gc             ] GC(8) Pause Full (Allocation Failure) 3M->3M(8M) 4.359ms
[0.238s][info][gc,cpu         ] GC(8) User=0.00s Sys=0.00s Real=0.00s
[0.241s][info][gc,start       ] GC(9) Pause Young (Allocation Failure)
[0.244s][info][gc,heap        ] GC(9) DefNew: 2431K(2688K)->256K(2688K) Eden: 2431K(2432K)->0K(2432K) From: 0K(256K)->256K(256K)
[0.244s][info][gc,heap        ] GC(9) Tenured: 3460K(5768K)->4512K(5768K)
[0.244s][info][gc,metaspace   ] GC(9) Metaspace: 6295K(6464K)->6295K(6464K) NonClass: 5762K(5824K)->5762K(5824K) Class: 533K(640K)->533K(640K)
[0.244s][info][gc             ] GC(9) Pause Young (Allocation Failure) 5M->4M(8M) 2.789ms
[0.244s][info][gc,cpu         ] GC(9) User=0.00s Sys=0.00s Real=0.00s
[0.247s][info][gc,start       ] GC(10) Pause Young (Allocation Failure)
[0.252s][info][gc,heap        ] GC(10) DefNew: 2688K(2688K)->255K(2688K) Eden: 2432K(2432K)->0K(2432K) From: 256K(256K)->255K(256K)
[0.252s][info][gc,heap        ] GC(10) Tenured: 4512K(5768K)->5755K(5768K)
[0.252s][info][gc,metaspace   ] GC(10) Metaspace: 6295K(6464K)->6295K(6464K) NonClass: 5762K(5824K)->5762K(5824K) Class: 533K(640K)->533K(640K)
[0.252s][info][gc             ] GC(10) Pause Young (Allocation Failure) 7M->5M(8M) 5.136ms
[0.252s][info][gc,cpu         ] GC(10) User=0.00s Sys=0.00s Real=0.00s
[0.256s][info][gc,start       ] GC(11) Pause Young (Allocation Failure)
[0.262s][info][gc             ] GC(11) Pause Young (Allocation Failure) 8M->7M(9M) 5.423ms
[0.262s][info][gc,cpu         ] GC(11) User=0.00s Sys=0.00s Real=0.01s
[0.262s][info][gc,start       ] GC(12) Pause Full (Allocation Failure)
[0.262s][info][gc,phases,start] GC(12) Phase 1: Mark live objects
[0.268s][info][gc,phases      ] GC(12) Phase 1: Mark live objects 6.028ms
[0.268s][info][gc,phases,start] GC(12) Phase 2: Compute new object addresses
[0.270s][info][gc,phases      ] GC(12) Phase 2: Compute new object addresses 2.242ms
[0.270s][info][gc,phases,start] GC(12) Phase 3: Adjust pointers
[0.273s][info][gc,phases      ] GC(12) Phase 3: Adjust pointers 2.492ms
[0.273s][info][gc,phases,start] GC(12) Phase 4: Move objects
[0.275s][info][gc,phases      ] GC(12) Phase 4: Move objects 1.669ms
[0.275s][info][gc,heap        ] GC(12) DefNew: 2687K(2688K)->0K(5376K) Eden: 2432K(2432K)->0K(4800K) From: 255K(256K)->0K(576K)
[0.275s][info][gc,heap        ] GC(12) Tenured: 5755K(5768K)->7132K(11888K)
[0.275s][info][gc,metaspace   ] GC(12) Metaspace: 6295K(6464K)->6295K(6464K) NonClass: 5762K(5824K)->5762K(5824K) Class: 533K(640K)->533K(640K)
[0.275s][info][gc             ] GC(12) Pause Full (Allocation Failure) 7M->6M(16M) 13.080ms
[0.275s][info][gc,cpu         ] GC(12) User=0.02s Sys=0.00s Real=0.01s
[0.281s][info][gc,start       ] GC(13) Pause Young (Allocation Failure)
[0.286s][info][gc,heap        ] GC(13) DefNew: 4800K(5376K)->575K(5376K) Eden: 4800K(4800K)->0K(4800K) From: 0K(576K)->575K(576K)
[0.286s][info][gc,heap        ] GC(13) Tenured: 7132K(11888K)->9027K(11888K)
[0.286s][info][gc,metaspace   ] GC(13) Metaspace: 6295K(6464K)->6295K(6464K) NonClass: 5762K(5824K)->5762K(5824K) Class: 533K(640K)->533K(640K)
[0.286s][info][gc             ] GC(13) Pause Young (Allocation Failure) 11M->9M(16M) 5.246ms
[0.286s][info][gc,cpu         ] GC(13) User=0.00s Sys=0.00s Real=0.01s
[0.291s][info][gc,start       ] GC(14) Pause Young (Allocation Failure)
[0.297s][info][gc,heap        ] GC(14) DefNew: 5375K(5376K)->576K(5376K) Eden: 4800K(4800K)->0K(4800K) From: 575K(576K)->576K(576K)
[0.297s][info][gc,heap        ] GC(14) Tenured: 9027K(11888K)->11746K(11888K)
[0.297s][info][gc,metaspace   ] GC(14) Metaspace: 6295K(6464K)->6295K(6464K) NonClass: 5762K(5824K)->5762K(5824K) Class: 533K(640K)->533K(640K)
[0.297s][info][gc             ] GC(14) Pause Young (Allocation Failure) 14M->12M(16M) 5.751ms
[0.297s][info][gc,cpu         ] GC(14) User=0.00s Sys=0.00s Real=0.01s
[0.301s][info][gc,start       ] GC(15) Pause Young (Allocation Failure)
[0.307s][info][gc             ] GC(15) Pause Young (Allocation Failure) 16M->14M(19M) 5.639ms
[0.307s][info][gc,cpu         ] GC(15) User=0.00s Sys=0.00s Real=0.01s
[0.307s][info][gc,start       ] GC(16) Pause Full (Allocation Failure)
[0.307s][info][gc,phases,start] GC(16) Phase 1: Mark live objects
[0.314s][info][gc,phases      ] GC(16) Phase 1: Mark live objects 7.619ms
[0.314s][info][gc,phases,start] GC(16) Phase 2: Compute new object addresses
[0.317s][info][gc,phases      ] GC(16) Phase 2: Compute new object addresses 2.504ms
[0.317s][info][gc,phases,start] GC(16) Phase 3: Adjust pointers
[0.320s][info][gc,phases      ] GC(16) Phase 3: Adjust pointers 3.096ms
[0.320s][info][gc,phases,start] GC(16) Phase 4: Move objects
[0.320s][info][gc,phases      ] GC(16) Phase 4: Move objects 0.254ms
[0.320s][info][gc,heap        ] GC(16) DefNew: 5376K(5376K)->386K(10880K) Eden: 4800K(4800K)->386K(9728K) From: 576K(576K)->0K(1152K)
[0.320s][info][gc,heap        ] GC(16) Tenured: 11746K(11888K)->14384K(23976K)
[0.320s][info][gc,metaspace   ] GC(16) Metaspace: 6297K(6464K)->6297K(6464K) NonClass: 5764K(5824K)->5764K(5824K) Class: 533K(640K)->533K(640K)
[0.320s][info][gc             ] GC(16) Pause Full (Allocation Failure) 14M->14M(34M) 13.868ms
[0.321s][info][gc,cpu         ] GC(16) User=0.02s Sys=0.00s Real=0.01s
[0.329s][info][gc,start       ] GC(17) Pause Young (Allocation Failure)
[0.341s][info][gc,heap        ] GC(17) DefNew: 9728K(10880K)->1151K(10880K) Eden: 9728K(9728K)->0K(9728K) From: 0K(1152K)->1151K(1152K)
[0.341s][info][gc,heap        ] GC(17) Tenured: 14384K(23976K)->18415K(23976K)
[0.341s][info][gc,metaspace   ] GC(17) Metaspace: 6297K(6464K)->6297K(6464K) NonClass: 5764K(5824K)->5764K(5824K) Class: 533K(640K)->533K(640K)
[0.341s][info][gc             ] GC(17) Pause Young (Allocation Failure) 23M->19M(34M) 12.085ms
[0.341s][info][gc,cpu         ] GC(17) User=0.00s Sys=0.00s Real=0.01s
[0.348s][info][gc,start       ] GC(18) Pause Young (Allocation Failure)
[0.359s][info][gc,heap        ] GC(18) DefNew: 10879K(10880K)->1151K(10880K) Eden: 9728K(9728K)->0K(9728K) From: 1151K(1152K)->1151K(1152K)
[0.359s][info][gc,heap        ] GC(18) Tenured: 18415K(23976K)->23936K(23976K)
[0.359s][info][gc,metaspace   ] GC(18) Metaspace: 6297K(6464K)->6297K(6464K) NonClass: 5764K(5824K)->5764K(5824K) Class: 533K(640K)->533K(640K)
[0.359s][info][gc             ] GC(18) Pause Young (Allocation Failure) 28M->24M(34M) 11.331ms
[0.359s][info][gc,cpu         ] GC(18) User=0.00s Sys=0.00s Real=0.01s
[0.365s][info][gc,start       ] GC(19) Pause Young (Allocation Failure)
[0.376s][info][gc             ] GC(19) Pause Young (Allocation Failure) 34M->29M(38M) 11.372ms
[0.376s][info][gc,cpu         ] GC(19) User=0.00s Sys=0.00s Real=0.01s
[0.376s][info][gc,start       ] GC(20) Pause Full (Allocation Failure)
[0.376s][info][gc,phases,start] GC(20) Phase 1: Mark live objects
[0.391s][info][gc,phases      ] GC(20) Phase 1: Mark live objects 14.184ms
[0.391s][info][gc,phases,start] GC(20) Phase 2: Compute new object addresses
[0.395s][info][gc,phases      ] GC(20) Phase 2: Compute new object addresses 4.613ms
[0.395s][info][gc,phases,start] GC(20) Phase 3: Adjust pointers
[0.401s][info][gc,phases      ] GC(20) Phase 3: Adjust pointers 6.080ms
[0.402s][info][gc,phases,start] GC(20) Phase 4: Move objects
[0.402s][info][gc,phases      ] GC(20) Phase 4: Move objects 0.224ms
[0.402s][info][gc,heap        ] GC(20) DefNew: 10879K(10880K)->1080K(21888K) Eden: 9728K(9728K)->1080K(19520K) From: 1151K(1152K)->0K(2368K)
[0.402s][info][gc,heap        ] GC(20) Tenured: 23936K(23976K)->29036K(48396K)
[0.402s][info][gc,metaspace   ] GC(20) Metaspace: 6297K(6464K)->6297K(6464K) NonClass: 5764K(5824K)->5764K(5824K) Class: 533K(640K)->533K(640K)
[0.402s][info][gc             ] GC(20) Pause Full (Allocation Failure) 29M->29M(68M) 25.596ms
[0.402s][info][gc,cpu         ] GC(20) User=0.03s Sys=0.00s Real=0.03s
[0.418s][info][gc,start       ] GC(21) Pause Young (Allocation Failure)
[0.447s][info][gc,heap        ] GC(21) DefNew: 19520K(21888K)->2367K(21888K) Eden: 19520K(19520K)->0K(19520K) From: 0K(2368K)->2367K(2368K)
[0.447s][info][gc,heap        ] GC(21) Tenured: 29036K(48396K)->39355K(48396K)
[0.447s][info][gc,metaspace   ] GC(21) Metaspace: 6297K(6464K)->6297K(6464K) NonClass: 5764K(5824K)->5764K(5824K) Class: 533K(640K)->533K(640K)
[0.447s][info][gc             ] GC(21) Pause Young (Allocation Failure) 47M->40M(68M) 28.665ms
[0.447s][info][gc,cpu         ] GC(21) User=0.02s Sys=0.00s Real=0.03s
[0.466s][info][gc,start       ] GC(22) Pause Young (Allocation Failure)
[0.501s][info][gc             ] GC(22) Pause Young (Allocation Failure) 59M->59M(78M) 34.984ms
[0.501s][info][gc,cpu         ] GC(22) User=0.02s Sys=0.02s Real=0.04s
[0.501s][info][gc,start       ] GC(23) Pause Full (Allocation Failure)
[0.501s][info][gc,phases,start] GC(23) Phase 1: Mark live objects
[0.526s][info][gc,phases      ] GC(23) Phase 1: Mark live objects 25.326ms
[0.526s][info][gc,phases,start] GC(23) Phase 2: Compute new object addresses
[0.535s][info][gc,phases      ] GC(23) Phase 2: Compute new object addresses 9.441ms
[0.536s][info][gc,phases,start] GC(23) Phase 3: Adjust pointers
[0.546s][info][gc,phases      ] GC(23) Phase 3: Adjust pointers 10.882ms
[0.546s][info][gc,phases,start] GC(23) Phase 4: Move objects
[0.547s][info][gc,phases      ] GC(23) Phase 4: Move objects 0.396ms
[0.547s][info][gc,heap        ] GC(23) DefNew: 21887K(21888K)->2256K(44288K) Eden: 19520K(19520K)->2256K(39424K) From: 2367K(2368K)->0K(4864K)
[0.547s][info][gc,heap        ] GC(23) Tenured: 39355K(48396K)->58955K(98260K)
[0.547s][info][gc,metaspace   ] GC(23) Metaspace: 6297K(6464K)->6297K(6464K) NonClass: 5764K(5824K)->5764K(5824K) Class: 533K(640K)->533K(640K)
[0.547s][info][gc             ] GC(23) Pause Full (Allocation Failure) 59M->59M(139M) 46.663ms
[0.547s][info][gc,cpu         ] GC(23) User=0.05s Sys=0.00s Real=0.05s
[0.589s][info][gc,start       ] GC(24) Pause Young (Allocation Failure)
[0.650s][info][gc,heap        ] GC(24) DefNew: 39424K(44288K)->4863K(44288K) Eden: 39424K(39424K)->0K(39424K) From: 0K(4864K)->4863K(4864K)
[0.650s][info][gc,heap        ] GC(24) Tenured: 58955K(98260K)->93487K(98260K)
[0.650s][info][gc,metaspace   ] GC(24) Metaspace: 6297K(6464K)->6297K(6464K) NonClass: 5764K(5824K)->5764K(5824K) Class: 533K(640K)->533K(640K)
[0.650s][info][gc             ] GC(24) Pause Young (Allocation Failure) 96M->96M(139M) 61.207ms
[0.650s][info][gc,cpu         ] GC(24) User=0.03s Sys=0.02s Real=0.06s
[0.686s][info][gc,start       ] GC(25) Pause Young (Allocation Failure)
[0.756s][info][gc             ] GC(25) Pause Young (Allocation Failure) 134M->134M(173M) 70.408ms
[0.756s][info][gc,cpu         ] GC(25) User=0.05s Sys=0.02s Real=0.07s
[0.756s][info][gc,start       ] GC(26) Pause Full (Allocation Failure)
[0.756s][info][gc,phases,start] GC(26) Phase 1: Mark live objects
[0.813s][info][gc,phases      ] GC(26) Phase 1: Mark live objects 56.707ms
[0.813s][info][gc,phases,start] GC(26) Phase 2: Compute new object addresses
[0.834s][info][gc,phases      ] GC(26) Phase 2: Compute new object addresses 21.003ms
[0.834s][info][gc,phases,start] GC(26) Phase 3: Adjust pointers
[0.861s][info][gc,phases      ] GC(26) Phase 3: Adjust pointers 27.233ms
[0.862s][info][gc,phases,start] GC(26) Phase 4: Move objects
[0.887s][info][gc,phases      ] GC(26) Phase 4: Move objects 25.130ms
[0.887s][info][gc,heap        ] GC(26) DefNew: 44287K(44288K)->891K(99840K) Eden: 39424K(39424K)->891K(88768K) From: 4863K(4864K)->0K(11072K)
[0.887s][info][gc,heap        ] GC(26) Tenured: 93487K(98260K)->133011K(221688K)
[0.887s][info][gc,metaspace   ] GC(26) Metaspace: 6297K(6464K)->6297K(6464K) NonClass: 5764K(5824K)->5764K(5824K) Class: 533K(640K)->533K(640K)
[0.887s][info][gc             ] GC(26) Pause Full (Allocation Failure) 134M->130M(313M) 130.883ms
[0.887s][info][gc,cpu         ] GC(26) User=0.12s Sys=0.00s Real=0.13s
[0.983s][info][gc,start       ] GC(27) Pause Young (Allocation Failure)
[1.130s][info][gc,heap        ] GC(27) DefNew: 88768K(99840K)->11071K(99840K) Eden: 88768K(88768K)->0K(88768K) From: 0K(11072K)->11071K(11072K)
[1.130s][info][gc,heap        ] GC(27) Tenured: 133011K(221688K)->210680K(221688K)
[1.130s][info][gc,metaspace   ] GC(27) Metaspace: 6297K(6464K)->6297K(6464K) NonClass: 5764K(5824K)->5764K(5824K) Class: 533K(640K)->533K(640K)
[1.130s][info][gc             ] GC(27) Pause Young (Allocation Failure) 216M->216M(313M) 147.213ms
[1.130s][info][gc,cpu         ] GC(27) User=0.12s Sys=0.03s Real=0.15s
[1.214s][info][gc,start       ] GC(28) Pause Young (Allocation Failure)
[1.379s][info][gc             ] GC(28) Pause Young (Allocation Failure) 303M->303M(390M) 165.172ms
[1.379s][info][gc,cpu         ] GC(28) User=0.16s Sys=0.00s Real=0.17s
[1.379s][info][gc,start       ] GC(29) Pause Full (Allocation Failure)
[1.379s][info][gc,phases,start] GC(29) Phase 1: Mark live objects
[1.512s][info][gc,phases      ] GC(29) Phase 1: Mark live objects 133.127ms
[1.512s][info][gc,phases,start] GC(29) Phase 2: Compute new object addresses
[1.570s][info][gc,phases      ] GC(29) Phase 2: Compute new object addresses 57.570ms
[1.570s][info][gc,phases,start] GC(29) Phase 3: Adjust pointers
[1.626s][info][gc,phases      ] GC(29) Phase 3: Adjust pointers 55.591ms
[1.626s][info][gc,phases,start] GC(29) Phase 4: Move objects
[1.629s][info][gc,phases      ] GC(29) Phase 4: Move objects 2.851ms
[1.630s][info][gc,heap        ] GC(29) DefNew: 99839K(99840K)->10906K(224704K) Eden: 88768K(88768K)->10906K(199744K) From: 11071K(11072K)->0K(24960K)
[1.630s][info][gc,heap        ] GC(29) Tenured: 210680K(221688K)->299580K(499300K)
[1.630s][info][gc,metaspace   ] GC(29) Metaspace: 6297K(6464K)->6297K(6464K) NonClass: 5764K(5824K)->5764K(5824K) Class: 533K(640K)->533K(640K)
[1.630s][info][gc             ] GC(29) Pause Full (Allocation Failure) 303M->303M(707M) 250.691ms
[1.630s][info][gc,cpu         ] GC(29) User=0.22s Sys=0.00s Real=0.25s
[1.841s][info][gc,start       ] GC(30) Pause Young (Allocation Failure)
[2.178s][info][gc,heap        ] GC(30) DefNew: 199744K(224704K)->24959K(224704K) Eden: 199744K(199744K)->0K(199744K) From: 0K(24960K)->24959K(24960K)
[2.178s][info][gc,heap        ] GC(30) Tenured: 299580K(499300K)->474334K(499300K)
[2.178s][info][gc,metaspace   ] GC(30) Metaspace: 6297K(6464K)->6297K(6464K) NonClass: 5764K(5824K)->5764K(5824K) Class: 533K(640K)->533K(640K)
[2.178s][info][gc             ] GC(30) Pause Young (Allocation Failure) 487M->487M(707M) 336.701ms
[2.178s][info][gc,cpu         ] GC(30) User=0.30s Sys=0.03s Real=0.34s
[2.368s][info][gc,start       ] GC(31) Pause Young (Allocation Failure)
[2.760s][info][gc             ] GC(31) Pause Young (Allocation Failure) 682M->682M(877M) 391.877ms
[2.760s][info][gc,cpu         ] GC(31) User=0.30s Sys=0.05s Real=0.39s
[2.760s][info][gc,start       ] GC(32) Pause Full (Allocation Failure)
[2.760s][info][gc,phases,start] GC(32) Phase 1: Mark live objects
[3.068s][info][gc,phases      ] GC(32) Phase 1: Mark live objects 308.235ms
[3.068s][info][gc,phases,start] GC(32) Phase 2: Compute new object addresses
[3.175s][info][gc,phases      ] GC(32) Phase 2: Compute new object addresses 106.573ms
[3.175s][info][gc,phases,start] GC(32) Phase 3: Adjust pointers
[3.293s][info][gc,phases      ] GC(32) Phase 3: Adjust pointers 117.727ms
[3.293s][info][gc,phases,start] GC(32) Phase 4: Move objects
[3.298s][info][gc,phases      ] GC(32) Phase 4: Move objects 5.065ms
[3.300s][info][gc,heap        ] GC(32) DefNew: 224703K(224704K)->24793K(505728K) Eden: 199744K(199744K)->24793K(449600K) From: 24959K(24960K)->0K(56128K)
[3.300s][info][gc,heap        ] GC(32) Tenured: 474334K(499300K)->674212K(1123688K)
[3.300s][info][gc,metaspace   ] GC(32) Metaspace: 6297K(6464K)->6297K(6464K) NonClass: 5764K(5824K)->5764K(5824K) Class: 533K(640K)->533K(640K)
[3.300s][info][gc             ] GC(32) Pause Full (Allocation Failure) 682M->682M(1591M) 539.940ms
[3.300s][info][gc,cpu         ] GC(32) User=0.55s Sys=0.00s Real=0.54s
[3.766s][info][gc,start       ] GC(33) Pause Young (Allocation Failure)
[4.514s][info][gc,heap        ] GC(33) DefNew: 449600K(505728K)->56127K(505728K) Eden: 449600K(449600K)->0K(449600K) From: 0K(56128K)->56127K(56128K)
[4.514s][info][gc,heap        ] GC(33) Tenured: 674212K(1123688K)->1067654K(1123688K)
[4.514s][info][gc,metaspace   ] GC(33) Metaspace: 6297K(6464K)->6297K(6464K) NonClass: 5764K(5824K)->5764K(5824K) Class: 533K(640K)->533K(640K)
[4.514s][info][gc             ] GC(33) Pause Young (Allocation Failure) 1097M->1097M(1591M) 747.504ms
[4.514s][info][gc,cpu         ] GC(33) User=0.64s Sys=0.08s Real=0.75s
[4.971s][info][gc,start       ] GC(34) Pause Young (Allocation Failure)
[5.677s][info][gc             ] GC(34) Pause Young (Allocation Failure) 1536M->1484M(1924M) 706.391ms
[5.677s][info][gc,cpu         ] GC(34) User=0.56s Sys=0.11s Real=0.71s
[5.677s][info][gc,start       ] GC(35) Pause Full (Allocation Failure)
[5.677s][info][gc,phases,start] GC(35) Phase 1: Mark live objects
[6.320s][info][gc,phases      ] GC(35) Phase 1: Mark live objects 642.828ms
[6.320s][info][gc,phases,start] GC(35) Phase 2: Compute new object addresses
[6.533s][info][gc,phases      ] GC(35) Phase 2: Compute new object addresses 213.149ms
[6.533s][info][gc,phases,start] GC(35) Phase 3: Adjust pointers
[6.789s][info][gc,phases      ] GC(35) Phase 3: Adjust pointers 255.898ms
[6.789s][info][gc,phases,start] GC(35) Phase 4: Move objects
[6.800s][info][gc,phases      ] GC(35) Phase 4: Move objects 10.808ms
[6.804s][info][gc,heap        ] GC(35) DefNew: 505727K(505728K)->56062K(1098432K) Eden: 449600K(449600K)->56062K(976384K) From: 56127K(56128K)->0K(122048K)
[6.804s][info][gc,heap        ] GC(35) Tenured: 1067654K(1123688K)->1464556K(2440928K)
[6.804s][info][gc,metaspace   ] GC(35) Metaspace: 6297K(6464K)->6297K(6464K) NonClass: 5764K(5824K)->5764K(5824K) Class: 533K(640K)->533K(640K)
[6.804s][info][gc             ] GC(35) Pause Full (Allocation Failure) 1484M->1484M(3456M) 1126.942ms
[6.804s][info][gc,cpu         ] GC(35) User=1.12s Sys=0.02s Real=1.13s
[7.747s][info][gc,start       ] GC(36) Pause Young (Allocation Failure)
[9.436s][info][gc,heap        ] GC(36) DefNew: 976384K(1098432K)->122047K(1098432K) Eden: 976384K(976384K)->0K(976384K) From: 0K(122048K)->122047K(122048K)
[9.436s][info][gc,heap        ] GC(36) Tenured: 1464556K(2440928K)->2318861K(2440928K)
[9.436s][info][gc,metaspace   ] GC(36) Metaspace: 6297K(6464K)->6297K(6464K) NonClass: 5764K(5824K)->5764K(5824K) Class: 533K(640K)->533K(640K)
[9.436s][info][gc             ] GC(36) Pause Young (Allocation Failure) 2383M->2383M(3456M) 1689.211ms
[9.436s][info][gc,cpu         ] GC(36) User=1.38s Sys=0.27s Real=1.69s
[10.409s][info][gc,start       ] GC(37) Pause Young (Allocation Failure)
[12.146s][info][gc,promotion   ] GC(37) Promotion failed
[12.147s][info][gc             ] GC(37) Pause Young (Allocation Failure) 3337M->4139M(4139M) 1737.797ms
[12.147s][info][gc,cpu         ] GC(37) User=1.50s Sys=0.20s Real=1.74s
[12.147s][info][gc,start       ] GC(38) Pause Full (Allocation Failure)
[12.147s][info][gc,phases,start] GC(38) Phase 1: Mark live objects
[13.647s][info][gc,phases      ] GC(38) Phase 1: Mark live objects 1500.367ms
[13.647s][info][gc,phases,start] GC(38) Phase 2: Compute new object addresses
[14.193s][info][gc,phases      ] GC(38) Phase 2: Compute new object addresses 546.105ms
[14.193s][info][gc,phases,start] GC(38) Phase 3: Adjust pointers
[14.898s][info][gc,phases      ] GC(38) Phase 3: Adjust pointers 704.478ms
[14.898s][info][gc,phases,start] GC(38) Phase 4: Move objects
[15.526s][info][gc,phases      ] GC(38) Phase 4: Move objects 628.235ms
[15.528s][info][gc,heap        ] GC(38) DefNew: 1098431K(1098432K)->182766K(1413120K) Eden: 976384K(976384K)->182766K(1256128K) From: 122047K(122048K)->0K(156992K)
[15.528s][info][gc,heap        ] GC(38) Tenured: 2318861K(2440928K)->3140287K(3140288K)
[15.528s][info][gc,metaspace   ] GC(38) Metaspace: 6297K(6464K)->6297K(6464K) NonClass: 5764K(5824K)->5764K(5824K) Class: 533K(640K)->533K(640K)
[15.528s][info][gc             ] GC(38) Pause Full (Allocation Failure) 4139M->3245M(4446M) 3381.104ms
[15.528s][info][gc,cpu         ] GC(38) User=3.38s Sys=0.00s Real=3.38s
[16.931s][info][gc,start       ] GC(39) Pause Full (Allocation Failure)
[16.931s][info][gc,phases,start] GC(39) Phase 1: Mark live objects
[18.983s][info][gc,phases      ] GC(39) Phase 1: Mark live objects 2051.929ms
[18.983s][info][gc,phases,start] GC(39) Phase 2: Compute new object addresses
[19.602s][info][gc,phases      ] GC(39) Phase 2: Compute new object addresses 619.670ms
[19.603s][info][gc,phases,start] GC(39) Phase 3: Adjust pointers
[20.526s][info][gc,phases      ] GC(39) Phase 3: Adjust pointers 923.649ms
[20.526s][info][gc,phases,start] GC(39) Phase 4: Move objects
[20.713s][info][gc,phases      ] GC(39) Phase 4: Move objects 186.444ms
[20.714s][info][gc,heap        ] GC(39) DefNew: 1413119K(1413120K)->1413094K(1413120K) Eden: 1256128K(1256128K)->1256127K(1256128K) From: 156991K(156992K)->156966K(156992K)
[20.714s][info][gc,heap        ] GC(39) Tenured: 3140287K(3140288K)->3140287K(3140288K)
[20.714s][info][gc,metaspace   ] GC(39) Metaspace: 6297K(6464K)->6297K(6464K) NonClass: 5764K(5824K)->5764K(5824K) Class: 533K(640K)->533K(640K)
[20.714s][info][gc             ] GC(39) Pause Full (Allocation Failure) 4446M->4446M(4446M) 3783.071ms
[20.714s][info][gc,cpu         ] GC(39) User=3.75s Sys=0.00s Real=3.78s
[20.714s][info][gc,start       ] GC(40) Pause Full (Allocation Failure)
[20.714s][info][gc,phases,start] GC(40) Phase 1: Mark live objects
[22.763s][info][gc,phases      ] GC(40) Phase 1: Mark live objects 2048.394ms
[22.763s][info][gc,phases,start] GC(40) Phase 2: Compute new object addresses
[23.399s][info][gc,phases      ] GC(40) Phase 2: Compute new object addresses 636.586ms
[23.399s][info][gc,phases,start] GC(40) Phase 3: Adjust pointers
[24.271s][info][gc,phases      ] GC(40) Phase 3: Adjust pointers 871.344ms
[24.271s][info][gc,phases,start] GC(40) Phase 4: Move objects
[24.271s][info][gc,phases      ] GC(40) Phase 4: Move objects 0.016ms
[24.271s][info][gc,heap        ] GC(40) DefNew: 1413119K(1413120K)->1413119K(1413120K) Eden: 1256127K(1256128K)->1256127K(1256128K) From: 156991K(156992K)->156991K(156992K)
[24.271s][info][gc,heap        ] GC(40) Tenured: 3140287K(3140288K)->3140287K(3140288K)
[24.271s][info][gc,metaspace   ] GC(40) Metaspace: 6297K(6464K)->6297K(6464K) NonClass: 5764K(5824K)->5764K(5824K) Class: 533K(640K)->533K(640K)
[24.271s][info][gc             ] GC(40) Pause Full (Allocation Failure) 4446M->4446M(4446M) 3557.220ms
[24.271s][info][gc,cpu         ] GC(40) User=3.53s Sys=0.00s Real=3.56s
[24.271s][info][gc,start       ] GC(41) Pause Full (Allocation Failure)
[24.271s][info][gc,phases,start] GC(41) Phase 1: Mark live objects
[26.422s][info][gc,phases      ] GC(41) Phase 1: Mark live objects 2150.745ms
[26.422s][info][gc,phases,start] GC(41) Phase 2: Compute new object addresses
[27.061s][info][gc,phases      ] GC(41) Phase 2: Compute new object addresses 638.436ms
[27.061s][info][gc,phases,start] GC(41) Phase 3: Adjust pointers
[28.076s][info][gc,phases      ] GC(41) Phase 3: Adjust pointers 1015.017ms
[28.076s][info][gc,phases,start] GC(41) Phase 4: Move objects
[28.813s][info][gc,phases      ] GC(41) Phase 4: Move objects 737.529ms
[28.814s][info][gc,heap        ] GC(41) DefNew: 1413119K(1413120K)->1413115K(1413120K) Eden: 1256127K(1256128K)->1256127K(1256128K) From: 156991K(156992K)->156987K(156992K)
[28.814s][info][gc,heap        ] GC(41) Tenured: 3140287K(3140288K)->3140287K(3140288K)
[28.814s][info][gc,metaspace   ] GC(41) Metaspace: 6297K(6464K)->6295K(6464K) NonClass: 5764K(5824K)->5763K(5824K) Class: 533K(640K)->532K(640K)
[28.814s][info][gc             ] GC(41) Pause Full (Allocation Failure) 4446M->4446M(4446M) 4543.025ms
[28.814s][info][gc,cpu         ] GC(41) User=4.48s Sys=0.00s Real=4.54s
[28.815s][info][gc,start       ] GC(42) Pause Full (Allocation Failure)
[28.815s][info][gc,phases,start] GC(42) Phase 1: Mark live objects
[30.872s][info][gc,phases      ] GC(42) Phase 1: Mark live objects 2056.918ms
[30.872s][info][gc,phases,start] GC(42) Phase 2: Compute new object addresses
[31.494s][info][gc,phases      ] GC(42) Phase 2: Compute new object addresses 621.616ms
[31.494s][info][gc,phases,start] GC(42) Phase 3: Adjust pointers
[32.339s][info][gc,phases      ] GC(42) Phase 3: Adjust pointers 845.598ms
[32.340s][info][gc,phases,start] GC(42) Phase 4: Move objects
[32.340s][info][gc,phases      ] GC(42) Phase 4: Move objects 0.016ms
[32.340s][info][gc,heap        ] GC(42) DefNew: 1413119K(1413120K)->1413119K(1413120K) Eden: 1256127K(1256128K)->1256127K(1256128K) From: 156991K(156992K)->156991K(156992K)
[32.340s][info][gc,heap        ] GC(42) Tenured: 3140287K(3140288K)->3140287K(3140288K)
[32.340s][info][gc,metaspace   ] GC(42) Metaspace: 6295K(6464K)->6295K(6464K) NonClass: 5763K(5824K)->5763K(5824K) Class: 532K(640K)->532K(640K)
[32.340s][info][gc             ] GC(42) Pause Full (Allocation Failure) 4446M->4446M(4446M) 3525.045ms
[32.340s][info][gc,cpu         ] GC(42) User=3.45s Sys=0.00s Real=3.53s
[32.340s][info][gc,start       ] GC(43) Pause Full (Allocation Failure)
[32.340s][info][gc,phases,start] GC(43) Phase 1: Mark live objects
[34.409s][info][gc,phases      ] GC(43) Phase 1: Mark live objects 2068.456ms
[34.409s][info][gc,phases,start] GC(43) Phase 2: Compute new object addresses
[35.032s][info][gc,phases      ] GC(43) Phase 2: Compute new object addresses 622.903ms
[35.032s][info][gc,phases,start] GC(43) Phase 3: Adjust pointers
[35.869s][info][gc,phases      ] GC(43) Phase 3: Adjust pointers 837.069ms
[35.869s][info][gc,phases,start] GC(43) Phase 4: Move objects
[35.869s][info][gc,phases      ] GC(43) Phase 4: Move objects 0.016ms
[35.869s][info][gc,heap        ] GC(43) DefNew: 1413119K(1413120K)->1413119K(1413120K) Eden: 1256127K(1256128K)->1256127K(1256128K) From: 156991K(156992K)->156991K(156992K)
[35.870s][info][gc,heap        ] GC(43) Tenured: 3140287K(3140288K)->3140287K(3140288K)
[35.870s][info][gc,metaspace   ] GC(43) Metaspace: 6295K(6464K)->6295K(6464K) NonClass: 5763K(5824K)->5763K(5824K) Class: 532K(640K)->532K(640K)
[35.870s][info][gc             ] GC(43) Pause Full (Allocation Failure) 4446M->4446M(4446M) 3529.428ms
[35.870s][info][gc,cpu         ] GC(43) User=3.50s Sys=0.02s Real=3.53s
[35.870s][info][gc,start       ] GC(44) Pause Full (Allocation Failure)
[35.870s][info][gc,phases,start] GC(44) Phase 1: Mark live objects
[37.918s][info][gc,phases      ] GC(44) Phase 1: Mark live objects 2047.889ms
[37.918s][info][gc,phases,start] GC(44) Phase 2: Compute new object addresses
[38.538s][info][gc,phases      ] GC(44) Phase 2: Compute new object addresses 619.983ms
[38.538s][info][gc,phases,start] GC(44) Phase 3: Adjust pointers
[39.394s][info][gc,phases      ] GC(44) Phase 3: Adjust pointers 856.092ms
[39.394s][info][gc,phases,start] GC(44) Phase 4: Move objects
[39.394s][info][gc,phases      ] GC(44) Phase 4: Move objects 0.017ms
[39.395s][info][gc,heap        ] GC(44) DefNew: 1413119K(1413120K)->1413119K(1413120K) Eden: 1256127K(1256128K)->1256127K(1256128K) From: 156991K(156992K)->156991K(156992K)
[39.395s][info][gc,heap        ] GC(44) Tenured: 3140288K(3140288K)->3140288K(3140288K)
[39.395s][info][gc,metaspace   ] GC(44) Metaspace: 6295K(6464K)->6295K(6464K) NonClass: 5763K(5824K)->5763K(5824K) Class: 532K(640K)->532K(640K)
[39.395s][info][gc             ] GC(44) Pause Full (Allocation Failure) 4446M->4446M(4446M) 3524.877ms
[39.395s][info][gc,cpu         ] GC(44) User=3.52s Sys=0.00s Real=3.52s
[39.395s][info][gc,start       ] GC(45) Pause Full (Allocation Failure)
[39.395s][info][gc,phases,start] GC(45) Phase 1: Mark live objects
[41.465s][info][gc,phases      ] GC(45) Phase 1: Mark live objects 2070.187ms
[41.465s][info][gc,phases,start] GC(45) Phase 2: Compute new object addresses
[42.092s][info][gc,phases      ] GC(45) Phase 2: Compute new object addresses 626.342ms
[42.092s][info][gc,phases,start] GC(45) Phase 3: Adjust pointers
[43.091s][info][gc,phases      ] GC(45) Phase 3: Adjust pointers 999.026ms
[43.091s][info][gc,phases,start] GC(45) Phase 4: Move objects
[43.819s][info][gc,phases      ] GC(45) Phase 4: Move objects 728.535ms
[43.820s][info][gc,heap        ] GC(45) DefNew: 1413119K(1413120K)->1413118K(1413120K) Eden: 1256127K(1256128K)->1256127K(1256128K) From: 156991K(156992K)->156990K(156992K)
[43.820s][info][gc,heap        ] GC(45) Tenured: 3140288K(3140288K)->3140287K(3140288K)
[43.820s][info][gc,metaspace   ] GC(45) Metaspace: 6295K(6464K)->6295K(6464K) NonClass: 5763K(5824K)->5763K(5824K) Class: 532K(640K)->532K(640K)
[43.820s][info][gc             ] GC(45) Pause Full (Allocation Failure) 4446M->4446M(4446M) 4425.361ms
[43.820s][info][gc,cpu         ] GC(45) User=4.41s Sys=0.00s Real=4.43s
[43.822s][info][gc,start       ] GC(46) Pause Full (Allocation Failure)
[43.822s][info][gc,phases,start] GC(46) Phase 1: Mark live objects
[45.897s][info][gc,phases      ] GC(46) Phase 1: Mark live objects 2075.048ms
[45.897s][info][gc,phases,start] GC(46) Phase 2: Compute new object addresses
[46.526s][info][gc,phases      ] GC(46) Phase 2: Compute new object addresses 628.632ms
[46.526s][info][gc,phases,start] GC(46) Phase 3: Adjust pointers
[47.546s][info][gc,phases      ] GC(46) Phase 3: Adjust pointers 1019.744ms
[47.546s][info][gc,phases,start] GC(46) Phase 4: Move objects
[48.313s][info][gc,phases      ] GC(46) Phase 4: Move objects 767.293ms
[48.314s][info][gc,heap        ] GC(46) DefNew: 1413119K(1413120K)->1413117K(1413120K) Eden: 1256128K(1256128K)->1256127K(1256128K) From: 156991K(156992K)->156989K(156992K)
[48.314s][info][gc,heap        ] GC(46) Tenured: 3140287K(3140288K)->3140287K(3140288K)
[48.314s][info][gc,metaspace   ] GC(46) Metaspace: 6297K(6464K)->6297K(6464K) NonClass: 5763K(5824K)->5763K(5824K) Class: 533K(640K)->533K(640K)
[48.314s][info][gc             ] GC(46) Pause Full (Allocation Failure) 4446M->4446M(4446M) 4492.094ms
[48.314s][info][gc,cpu         ] GC(46) User=4.45s Sys=0.00s Real=4.49s
[48.315s][info][gc,heap,exit   ] Heap
[48.315s][info][gc,heap,exit   ]  def new generation   total 1413120K, used 1413117K [0x00000006e0800000, 0x0000000740550000, 0x0000000740550000)
[48.315s][info][gc,heap,exit   ]   eden space 1256128K, 100% used [0x00000006e0800000, 0x000000072d2b0000, 0x000000072d2b0000)
[48.315s][info][gc,heap,exit   ]   from space 156992K,  99% used [0x000000072d2b0000, 0x0000000736bff7e0, 0x0000000736c00000)
[48.315s][info][gc,heap,exit   ]   to   space 156992K,   0% used [0x0000000736c00000, 0x0000000736c00000, 0x0000000740550000)
[48.315s][info][gc,heap,exit   ]  tenured generation   total 3140288K, used 3140287K [0x0000000740550000, 0x0000000800000000, 0x0000000800000000)
[48.315s][info][gc,heap,exit   ]    the space 3140288K,  99% used [0x0000000740550000, 0x00000007ffffffe0, 0x0000000800000000, 0x0000000800000000)
[48.315s][info][gc,heap,exit   ]  Metaspace       used 6300K, committed 6464K, reserved 1114112K
[48.315s][info][gc,heap,exit   ]   class space    used 534K, committed 640K, reserved 1048576K
