[0.013s][info][gc,init] CardTable entry size: 512
[0.013s][info][gc     ] Using Serial
[0.014s][info][gc,init] Version: 18.0.1+10 (release)
[0.014s][info][gc,init] CPUs: 8 total, 8 available
[0.014s][info][gc,init] Memory: 16063M
[0.014s][info][gc,init] Large Page Support: Disabled
[0.014s][info][gc,init] NUMA Support: Disabled
[0.014s][info][gc,init] Compressed Oops: Enabled (32-bit)
[0.014s][info][gc,init] Heap Min Capacity: 2M
[0.014s][info][gc,init] Heap Initial Capacity: 2M
[0.014s][info][gc,init] Heap Max Capacity: 1000M
[0.014s][info][gc,init] Pre-touch: Disabled
[0.015s][info][gc,metaspace] CDS archive(s) not mapped
[0.015s][info][gc,metaspace] Compressed class space mapped at: 0x0000000100000000-0x0000000140000000, reserved size: 1073741824
[0.015s][info][gc,metaspace] Narrow klass base: 0x0000000000000000, Narrow klass shift: 3, Narrow klass range: 0x140000000
[0.193s][info][gc,start    ] GC(0) Pause Young (Allocation Failure)
[0.195s][info][gc,heap     ] GC(0) DefNew: 1023K(1152K)->127K(1152K) Eden: 1023K(1024K)->0K(1024K) From: 0K(128K)->127K(128K)
[0.195s][info][gc,heap     ] GC(0) Tenured: 0K(768K)->440K(768K)
[0.195s][info][gc,metaspace] GC(0) Metaspace: 5900K(6016K)->5900K(6016K) NonClass: 5401K(5504K)->5401K(5504K) Class: 499K(512K)->499K(512K)
[0.195s][info][gc          ] GC(0) Pause Young (Allocation Failure) 0M->0M(1M) 1.918ms
[0.195s][info][gc,cpu      ] GC(0) User=0.00s Sys=0.00s Real=0.00s
[0.214s][info][gc,start    ] GC(1) Pause Young (Allocation Failure)
[0.216s][info][gc          ] GC(1) Pause Young (Allocation Failure) 1M->0M(2M) 1.379ms
[0.216s][info][gc,cpu      ] GC(1) User=0.00s Sys=0.00s Real=0.00s
[0.216s][info][gc,start    ] GC(2) Pause Full (Allocation Failure)
[0.216s][info][gc,phases,start] GC(2) Phase 1: Mark live objects
[0.217s][info][gc,phases      ] GC(2) Phase 1: Mark live objects 1.021ms
[0.217s][info][gc,phases,start] GC(2) Phase 2: Compute new object addresses
[0.217s][info][gc,phases      ] GC(2) Phase 2: Compute new object addresses 0.272ms
[0.217s][info][gc,phases,start] GC(2) Phase 3: Adjust pointers
[0.218s][info][gc,phases      ] GC(2) Phase 3: Adjust pointers 0.615ms
[0.218s][info][gc,phases,start] GC(2) Phase 4: Move objects
[0.218s][info][gc,phases      ] GC(2) Phase 4: Move objects 0.080ms
[0.218s][info][gc,heap        ] GC(2) DefNew: 1151K(1152K)->40K(1152K) Eden: 1024K(1024K)->40K(1024K) From: 127K(128K)->0K(128K)
[0.218s][info][gc,heap        ] GC(2) Tenured: 440K(768K)->959K(1600K)
[0.218s][info][gc,metaspace   ] GC(2) Metaspace: 6299K(6464K)->6299K(6464K) NonClass: 5766K(5824K)->5766K(5824K) Class: 533K(640K)->533K(640K)
[0.218s][info][gc             ] GC(2) Pause Full (Allocation Failure) 0M->0M(2M) 2.295ms
[0.218s][info][gc,cpu         ] GC(2) User=0.00s Sys=0.00s Real=0.00s
[0.220s][info][gc,start       ] GC(3) Pause Young (Allocation Failure)
[0.221s][info][gc,heap        ] GC(3) DefNew: 1024K(1152K)->128K(1152K) Eden: 1024K(1024K)->0K(1024K) From: 0K(128K)->128K(128K)
[0.222s][info][gc,heap        ] GC(3) Tenured: 959K(1600K)->1374K(1600K)
[0.222s][info][gc,metaspace   ] GC(3) Metaspace: 6299K(6464K)->6299K(6464K) NonClass: 5766K(5824K)->5766K(5824K) Class: 533K(640K)->533K(640K)
[0.222s][info][gc             ] GC(3) Pause Young (Allocation Failure) 1M->1M(2M) 1.487ms
[0.222s][info][gc,cpu         ] GC(3) User=0.00s Sys=0.00s Real=0.00s
[0.224s][info][gc,start       ] GC(4) Pause Young (Allocation Failure)
[0.225s][info][gc             ] GC(4) Pause Young (Allocation Failure) 2M->1M(3M) 1.617ms
[0.225s][info][gc,cpu         ] GC(4) User=0.00s Sys=0.00s Real=0.00s
[0.225s][info][gc,start       ] GC(5) Pause Full (Allocation Failure)
[0.225s][info][gc,phases,start] GC(5) Phase 1: Mark live objects
[0.227s][info][gc,phases      ] GC(5) Phase 1: Mark live objects 1.372ms
[0.227s][info][gc,phases,start] GC(5) Phase 2: Compute new object addresses
[0.227s][info][gc,phases      ] GC(5) Phase 2: Compute new object addresses 0.461ms
[0.227s][info][gc,phases,start] GC(5) Phase 3: Adjust pointers
[0.228s][info][gc,phases      ] GC(5) Phase 3: Adjust pointers 0.707ms
[0.228s][info][gc,phases,start] GC(5) Phase 4: Move objects
[0.228s][info][gc,phases      ] GC(5) Phase 4: Move objects 0.072ms
[0.228s][info][gc,heap        ] GC(5) DefNew: 1152K(1152K)->34K(1536K) Eden: 1024K(1024K)->34K(1408K) From: 128K(128K)->0K(128K)
[0.228s][info][gc,heap        ] GC(5) Tenured: 1374K(1600K)->1983K(3308K)
[0.228s][info][gc,metaspace   ] GC(5) Metaspace: 6299K(6464K)->6299K(6464K) NonClass: 5766K(5824K)->5766K(5824K) Class: 533K(640K)->533K(640K)
[0.228s][info][gc             ] GC(5) Pause Full (Allocation Failure) 1M->1M(4M) 2.958ms
[0.228s][info][gc,cpu         ] GC(5) User=0.00s Sys=0.00s Real=0.00s
[0.230s][info][gc,start       ] GC(6) Pause Young (Allocation Failure)
[0.232s][info][gc,heap        ] GC(6) DefNew: 1408K(1536K)->128K(1536K) Eden: 1408K(1408K)->0K(1408K) From: 0K(128K)->128K(128K)
[0.232s][info][gc,heap        ] GC(6) Tenured: 1983K(3308K)->2617K(3308K)
[0.232s][info][gc,metaspace   ] GC(6) Metaspace: 6299K(6464K)->6299K(6464K) NonClass: 5766K(5824K)->5766K(5824K) Class: 533K(640K)->533K(640K)
[0.232s][info][gc             ] GC(6) Pause Young (Allocation Failure) 3M->2M(4M) 2.203ms
[0.232s][info][gc,cpu         ] GC(6) User=0.00s Sys=0.00s Real=0.00s
[0.234s][info][gc,start       ] GC(7) Pause Young (Allocation Failure)
[0.236s][info][gc             ] GC(7) Pause Young (Allocation Failure) 4M->3M(4M) 1.869ms
[0.236s][info][gc,cpu         ] GC(7) User=0.00s Sys=0.00s Real=0.00s
[0.236s][info][gc,start       ] GC(8) Pause Full (Allocation Failure)
[0.236s][info][gc,phases,start] GC(8) Phase 1: Mark live objects
[0.239s][info][gc,phases      ] GC(8) Phase 1: Mark live objects 2.434ms
[0.239s][info][gc,phases,start] GC(8) Phase 2: Compute new object addresses
[0.240s][info][gc,phases      ] GC(8) Phase 2: Compute new object addresses 0.877ms
[0.240s][info][gc,phases,start] GC(8) Phase 3: Adjust pointers
[0.241s][info][gc,phases      ] GC(8) Phase 3: Adjust pointers 1.159ms
[0.241s][info][gc,phases,start] GC(8) Phase 4: Move objects
[0.241s][info][gc,phases      ] GC(8) Phase 4: Move objects 0.101ms
[0.241s][info][gc,heap        ] GC(8) DefNew: 1536K(1536K)->0K(2688K) Eden: 1408K(1408K)->0K(2432K) From: 128K(128K)->0K(256K)
[0.241s][info][gc,heap        ] GC(8) Tenured: 2617K(3308K)->3460K(5768K)
[0.241s][info][gc,metaspace   ] GC(8) Metaspace: 6299K(6464K)->6299K(6464K) NonClass: 5766K(5824K)->5766K(5824K) Class: 533K(640K)->533K(640K)
[0.241s][info][gc             ] GC(8) Pause Full (Allocation Failure) 3M->3M(8M) 4.969ms
[0.241s][info][gc,cpu         ] GC(8) User=0.00s Sys=0.00s Real=0.00s
[0.246s][info][gc,start       ] GC(9) Pause Young (Allocation Failure)
[0.249s][info][gc,heap        ] GC(9) DefNew: 2432K(2688K)->256K(2688K) Eden: 2432K(2432K)->0K(2432K) From: 0K(256K)->256K(256K)
[0.249s][info][gc,heap        ] GC(9) Tenured: 3460K(5768K)->4512K(5768K)
[0.249s][info][gc,metaspace   ] GC(9) Metaspace: 6299K(6464K)->6299K(6464K) NonClass: 5766K(5824K)->5766K(5824K) Class: 533K(640K)->533K(640K)
[0.249s][info][gc             ] GC(9) Pause Young (Allocation Failure) 5M->4M(8M) 3.332ms
[0.249s][info][gc,cpu         ] GC(9) User=0.00s Sys=0.00s Real=0.00s
[0.253s][info][gc,start       ] GC(10) Pause Young (Allocation Failure)
[0.257s][info][gc,heap        ] GC(10) DefNew: 2688K(2688K)->255K(2688K) Eden: 2432K(2432K)->0K(2432K) From: 256K(256K)->255K(256K)
[0.257s][info][gc,heap        ] GC(10) Tenured: 4512K(5768K)->5755K(5768K)
[0.257s][info][gc,metaspace   ] GC(10) Metaspace: 6299K(6464K)->6299K(6464K) NonClass: 5766K(5824K)->5766K(5824K) Class: 533K(640K)->533K(640K)
[0.257s][info][gc             ] GC(10) Pause Young (Allocation Failure) 7M->5M(8M) 4.205ms
[0.257s][info][gc,cpu         ] GC(10) User=0.00s Sys=0.00s Real=0.00s
[0.260s][info][gc,start       ] GC(11) Pause Young (Allocation Failure)
[0.263s][info][gc             ] GC(11) Pause Young (Allocation Failure) 8M->7M(9M) 3.453ms
[0.263s][info][gc,cpu         ] GC(11) User=0.02s Sys=0.00s Real=0.00s
[0.263s][info][gc,start       ] GC(12) Pause Full (Allocation Failure)
[0.263s][info][gc,phases,start] GC(12) Phase 1: Mark live objects
[0.268s][info][gc,phases      ] GC(12) Phase 1: Mark live objects 4.443ms
[0.268s][info][gc,phases,start] GC(12) Phase 2: Compute new object addresses
[0.269s][info][gc,phases      ] GC(12) Phase 2: Compute new object addresses 1.231ms
[0.269s][info][gc,phases,start] GC(12) Phase 3: Adjust pointers
[0.271s][info][gc,phases      ] GC(12) Phase 3: Adjust pointers 1.998ms
[0.271s][info][gc,phases,start] GC(12) Phase 4: Move objects
[0.272s][info][gc,phases      ] GC(12) Phase 4: Move objects 1.256ms
[0.273s][info][gc,heap        ] GC(12) DefNew: 2687K(2688K)->0K(5376K) Eden: 2432K(2432K)->0K(4800K) From: 255K(256K)->0K(576K)
[0.273s][info][gc,heap        ] GC(12) Tenured: 5755K(5768K)->7132K(11888K)
[0.273s][info][gc,metaspace   ] GC(12) Metaspace: 6299K(6464K)->6299K(6464K) NonClass: 5766K(5824K)->5766K(5824K) Class: 533K(640K)->533K(640K)
[0.273s][info][gc             ] GC(12) Pause Full (Allocation Failure) 7M->6M(16M) 9.457ms
[0.273s][info][gc,cpu         ] GC(12) User=0.00s Sys=0.00s Real=0.01s
[0.277s][info][gc,start       ] GC(13) Pause Young (Allocation Failure)
[0.282s][info][gc,heap        ] GC(13) DefNew: 4800K(5376K)->576K(5376K) Eden: 4800K(4800K)->0K(4800K) From: 0K(576K)->576K(576K)
[0.282s][info][gc,heap        ] GC(13) Tenured: 7132K(11888K)->9027K(11888K)
[0.282s][info][gc,metaspace   ] GC(13) Metaspace: 6299K(6464K)->6299K(6464K) NonClass: 5766K(5824K)->5766K(5824K) Class: 533K(640K)->533K(640K)
[0.282s][info][gc             ] GC(13) Pause Young (Allocation Failure) 11M->9M(16M) 5.348ms
[0.282s][info][gc,cpu         ] GC(13) User=0.00s Sys=0.00s Real=0.01s
[0.287s][info][gc,start       ] GC(14) Pause Young (Allocation Failure)
[0.293s][info][gc,heap        ] GC(14) DefNew: 5376K(5376K)->576K(5376K) Eden: 4800K(4800K)->0K(4800K) From: 576K(576K)->576K(576K)
[0.293s][info][gc,heap        ] GC(14) Tenured: 9027K(11888K)->11746K(11888K)
[0.293s][info][gc,metaspace   ] GC(14) Metaspace: 6299K(6464K)->6299K(6464K) NonClass: 5766K(5824K)->5766K(5824K) Class: 533K(640K)->533K(640K)
[0.293s][info][gc             ] GC(14) Pause Young (Allocation Failure) 14M->12M(16M) 6.245ms
[0.293s][info][gc,cpu         ] GC(14) User=0.00s Sys=0.00s Real=0.01s
[0.297s][info][gc,start       ] GC(15) Pause Young (Allocation Failure)
[0.304s][info][gc             ] GC(15) Pause Young (Allocation Failure) 16M->14M(19M) 6.702ms
[0.304s][info][gc,cpu         ] GC(15) User=0.00s Sys=0.00s Real=0.01s
[0.304s][info][gc,start       ] GC(16) Pause Full (Allocation Failure)
[0.304s][info][gc,phases,start] GC(16) Phase 1: Mark live objects
[0.312s][info][gc,phases      ] GC(16) Phase 1: Mark live objects 8.155ms
[0.312s][info][gc,phases,start] GC(16) Phase 2: Compute new object addresses
[0.315s][info][gc,phases      ] GC(16) Phase 2: Compute new object addresses 2.646ms
[0.315s][info][gc,phases,start] GC(16) Phase 3: Adjust pointers
[0.318s][info][gc,phases      ] GC(16) Phase 3: Adjust pointers 3.129ms
[0.318s][info][gc,phases,start] GC(16) Phase 4: Move objects
[0.318s][info][gc,phases      ] GC(16) Phase 4: Move objects 0.170ms
[0.318s][info][gc,heap        ] GC(16) DefNew: 5376K(5376K)->403K(10880K) Eden: 4800K(4800K)->403K(9728K) From: 576K(576K)->0K(1152K)
[0.318s][info][gc,heap        ] GC(16) Tenured: 11746K(11888K)->14383K(23976K)
[0.318s][info][gc,metaspace   ] GC(16) Metaspace: 6301K(6464K)->6301K(6464K) NonClass: 5768K(5824K)->5768K(5824K) Class: 533K(640K)->533K(640K)
[0.318s][info][gc             ] GC(16) Pause Full (Allocation Failure) 14M->14M(34M) 14.476ms
[0.318s][info][gc,cpu         ] GC(16) User=0.02s Sys=0.00s Real=0.02s
[0.326s][info][gc,start       ] GC(17) Pause Young (Allocation Failure)
[0.338s][info][gc,heap        ] GC(17) DefNew: 9728K(10880K)->1151K(10880K) Eden: 9728K(9728K)->0K(9728K) From: 0K(1152K)->1151K(1152K)
[0.338s][info][gc,heap        ] GC(17) Tenured: 14383K(23976K)->18403K(23976K)
[0.338s][info][gc,metaspace   ] GC(17) Metaspace: 6301K(6464K)->6301K(6464K) NonClass: 5768K(5824K)->5768K(5824K) Class: 533K(640K)->533K(640K)
[0.338s][info][gc             ] GC(17) Pause Young (Allocation Failure) 23M->19M(34M) 12.218ms
[0.338s][info][gc,cpu         ] GC(17) User=0.00s Sys=0.00s Real=0.01s
[0.345s][info][gc,start       ] GC(18) Pause Young (Allocation Failure)
[0.358s][info][gc,heap        ] GC(18) DefNew: 10879K(10880K)->1151K(10880K) Eden: 9728K(9728K)->0K(9728K) From: 1151K(1152K)->1151K(1152K)
[0.358s][info][gc,heap        ] GC(18) Tenured: 18403K(23976K)->23925K(23976K)
[0.358s][info][gc,metaspace   ] GC(18) Metaspace: 6301K(6464K)->6301K(6464K) NonClass: 5768K(5824K)->5768K(5824K) Class: 533K(640K)->533K(640K)
[0.358s][info][gc             ] GC(18) Pause Young (Allocation Failure) 28M->24M(34M) 12.348ms
[0.358s][info][gc,cpu         ] GC(18) User=0.00s Sys=0.00s Real=0.01s
[0.365s][info][gc,start       ] GC(19) Pause Young (Allocation Failure)
[0.376s][info][gc             ] GC(19) Pause Young (Allocation Failure) 33M->29M(38M) 11.427ms
[0.376s][info][gc,cpu         ] GC(19) User=0.00s Sys=0.00s Real=0.01s
[0.376s][info][gc,start       ] GC(20) Pause Full (Allocation Failure)
[0.376s][info][gc,phases,start] GC(20) Phase 1: Mark live objects
[0.391s][info][gc,phases      ] GC(20) Phase 1: Mark live objects 15.086ms
[0.391s][info][gc,phases,start] GC(20) Phase 2: Compute new object addresses
[0.396s][info][gc,phases      ] GC(20) Phase 2: Compute new object addresses 4.829ms
[0.396s][info][gc,phases,start] GC(20) Phase 3: Adjust pointers
[0.402s][info][gc,phases      ] GC(20) Phase 3: Adjust pointers 5.482ms
[0.402s][info][gc,phases,start] GC(20) Phase 4: Move objects
[0.402s][info][gc,phases      ] GC(20) Phase 4: Move objects 0.168ms
[0.402s][info][gc,heap        ] GC(20) DefNew: 10879K(10880K)->1068K(21888K) Eden: 9728K(9728K)->1068K(19520K) From: 1151K(1152K)->0K(2368K)
[0.402s][info][gc,heap        ] GC(20) Tenured: 23925K(23976K)->29035K(48396K)
[0.402s][info][gc,metaspace   ] GC(20) Metaspace: 6301K(6464K)->6301K(6464K) NonClass: 5768K(5824K)->5768K(5824K) Class: 533K(640K)->533K(640K)
[0.402s][info][gc             ] GC(20) Pause Full (Allocation Failure) 29M->29M(68M) 26.014ms
[0.402s][info][gc,cpu         ] GC(20) User=0.03s Sys=0.00s Real=0.03s
[0.418s][info][gc,start       ] GC(21) Pause Young (Allocation Failure)
[0.449s][info][gc,heap        ] GC(21) DefNew: 19520K(21888K)->2367K(21888K) Eden: 19520K(19520K)->0K(19520K) From: 0K(2368K)->2367K(2368K)
[0.449s][info][gc,heap        ] GC(21) Tenured: 29035K(48396K)->40992K(48396K)
[0.449s][info][gc,metaspace   ] GC(21) Metaspace: 6301K(6464K)->6301K(6464K) NonClass: 5768K(5824K)->5768K(5824K) Class: 533K(640K)->533K(640K)
[0.449s][info][gc             ] GC(21) Pause Young (Allocation Failure) 47M->42M(68M) 31.147ms
[0.449s][info][gc,cpu         ] GC(21) User=0.02s Sys=0.00s Real=0.03s
[0.467s][info][gc,start       ] GC(22) Pause Young (Allocation Failure)
[0.503s][info][gc             ] GC(22) Pause Young (Allocation Failure) 61M->61M(80M) 35.012ms
[0.503s][info][gc,cpu         ] GC(22) User=0.03s Sys=0.00s Real=0.04s
[0.503s][info][gc,start       ] GC(23) Pause Full (Allocation Failure)
[0.503s][info][gc,phases,start] GC(23) Phase 1: Mark live objects
[0.528s][info][gc,phases      ] GC(23) Phase 1: Mark live objects 25.239ms
[0.528s][info][gc,phases,start] GC(23) Phase 2: Compute new object addresses
[0.538s][info][gc,phases      ] GC(23) Phase 2: Compute new object addresses 9.593ms
[0.538s][info][gc,phases,start] GC(23) Phase 3: Adjust pointers
[0.548s][info][gc,phases      ] GC(23) Phase 3: Adjust pointers 10.699ms
[0.548s][info][gc,phases,start] GC(23) Phase 4: Move objects
[0.549s][info][gc,phases      ] GC(23) Phase 4: Move objects 0.318ms
[0.549s][info][gc,heap        ] GC(23) DefNew: 21887K(21888K)->2359K(45440K) Eden: 19520K(19520K)->2359K(40448K) From: 2367K(2368K)->0K(4992K)
[0.549s][info][gc,heap        ] GC(23) Tenured: 40992K(48396K)->60491K(100820K)
[0.549s][info][gc,metaspace   ] GC(23) Metaspace: 6301K(6464K)->6301K(6464K) NonClass: 5768K(5824K)->5768K(5824K) Class: 533K(640K)->533K(640K)
[0.549s][info][gc             ] GC(23) Pause Full (Allocation Failure) 61M->61M(142M) 46.479ms
[0.549s][info][gc,cpu         ] GC(23) User=0.05s Sys=0.00s Real=0.05s
[0.590s][info][gc,start       ] GC(24) Pause Young (Allocation Failure)
[0.653s][info][gc,heap        ] GC(24) DefNew: 40448K(45440K)->4991K(45440K) Eden: 40448K(40448K)->0K(40448K) From: 0K(4992K)->4991K(4992K)
[0.653s][info][gc,heap        ] GC(24) Tenured: 60491K(100820K)->95921K(100820K)
[0.653s][info][gc,metaspace   ] GC(24) Metaspace: 6301K(6464K)->6301K(6464K) NonClass: 5768K(5824K)->5768K(5824K) Class: 533K(640K)->533K(640K)
[0.653s][info][gc             ] GC(24) Pause Young (Allocation Failure) 98M->98M(142M) 62.295ms
[0.653s][info][gc,cpu         ] GC(24) User=0.03s Sys=0.03s Real=0.06s
[0.685s][info][gc,start       ] GC(25) Pause Young (Allocation Failure)
[0.758s][info][gc             ] GC(25) Pause Young (Allocation Failure) 138M->138M(177M) 72.547ms
[0.758s][info][gc,cpu         ] GC(25) User=0.03s Sys=0.02s Real=0.07s
[0.758s][info][gc,start       ] GC(26) Pause Full (Allocation Failure)
[0.758s][info][gc,phases,start] GC(26) Phase 1: Mark live objects
[0.816s][info][gc,phases      ] GC(26) Phase 1: Mark live objects 58.034ms
[0.816s][info][gc,phases,start] GC(26) Phase 2: Compute new object addresses
[0.838s][info][gc,phases      ] GC(26) Phase 2: Compute new object addresses 21.537ms
[0.838s][info][gc,phases,start] GC(26) Phase 3: Adjust pointers
[0.865s][info][gc,phases      ] GC(26) Phase 3: Adjust pointers 27.227ms
[0.865s][info][gc,phases,start] GC(26) Phase 4: Move objects
[0.892s][info][gc,phases      ] GC(26) Phase 4: Move objects 26.729ms
[0.892s][info][gc,heap        ] GC(26) DefNew: 45439K(45440K)->1079K(102400K) Eden: 40448K(40448K)->1079K(91072K) From: 4991K(4992K)->0K(11328K)
[0.892s][info][gc,heap        ] GC(26) Tenured: 95921K(100820K)->136407K(227348K)
[0.892s][info][gc,metaspace   ] GC(26) Metaspace: 6301K(6464K)->6301K(6464K) NonClass: 5768K(5824K)->5768K(5824K) Class: 533K(640K)->533K(640K)
[0.892s][info][gc             ] GC(26) Pause Full (Allocation Failure) 138M->134M(322M) 134.332ms
[0.892s][info][gc,cpu         ] GC(26) User=0.12s Sys=0.00s Real=0.13s
[0.992s][info][gc,start       ] GC(27) Pause Young (Allocation Failure)
[1.141s][info][gc,heap        ] GC(27) DefNew: 91072K(102400K)->11327K(102400K) Eden: 91072K(91072K)->0K(91072K) From: 0K(11328K)->11327K(11328K)
[1.141s][info][gc,heap        ] GC(27) Tenured: 136407K(227348K)->216124K(227348K)
[1.141s][info][gc,metaspace   ] GC(27) Metaspace: 6301K(6464K)->6301K(6464K) NonClass: 5768K(5824K)->5768K(5824K) Class: 533K(640K)->533K(640K)
[1.141s][info][gc             ] GC(27) Pause Young (Allocation Failure) 222M->222M(322M) 149.228ms
[1.141s][info][gc,cpu         ] GC(27) User=0.09s Sys=0.05s Real=0.15s
[1.222s][info][gc,start       ] GC(28) Pause Young (Allocation Failure)
[1.397s][info][gc             ] GC(28) Pause Young (Allocation Failure) 311M->311M(400M) 174.855ms
[1.397s][info][gc,cpu         ] GC(28) User=0.16s Sys=0.00s Real=0.17s
[1.397s][info][gc,start       ] GC(29) Pause Full (Allocation Failure)
[1.397s][info][gc,phases,start] GC(29) Phase 1: Mark live objects
[1.541s][info][gc,phases      ] GC(29) Phase 1: Mark live objects 143.642ms
[1.541s][info][gc,phases,start] GC(29) Phase 2: Compute new object addresses
[1.589s][info][gc,phases      ] GC(29) Phase 2: Compute new object addresses 48.651ms
[1.590s][info][gc,phases,start] GC(29) Phase 3: Adjust pointers
[1.646s][info][gc,phases      ] GC(29) Phase 3: Adjust pointers 56.270ms
[1.646s][info][gc,phases,start] GC(29) Phase 4: Move objects
[1.648s][info][gc,phases      ] GC(29) Phase 4: Move objects 2.558ms
[1.649s][info][gc,heap        ] GC(29) DefNew: 102399K(102400K)->11142K(230592K) Eden: 91072K(91072K)->11142K(204992K) From: 11327K(11328K)->0K(25600K)
[1.649s][info][gc,heap        ] GC(29) Tenured: 216124K(227348K)->307352K(512256K)
[1.649s][info][gc,metaspace   ] GC(29) Metaspace: 6301K(6464K)->6301K(6464K) NonClass: 5768K(5824K)->5768K(5824K) Class: 533K(640K)->533K(640K)
[1.649s][info][gc             ] GC(29) Pause Full (Allocation Failure) 311M->311M(725M) 252.321ms
[1.649s][info][gc,cpu         ] GC(29) User=0.25s Sys=0.00s Real=0.25s
[1.860s][info][gc,start       ] GC(30) Pause Young (Allocation Failure)
[2.197s][info][gc,heap        ] GC(30) DefNew: 204992K(230592K)->25599K(230592K) Eden: 204992K(204992K)->0K(204992K) From: 0K(25600K)->25599K(25600K)
[2.197s][info][gc,heap        ] GC(30) Tenured: 307352K(512256K)->486715K(512256K)
[2.197s][info][gc,metaspace   ] GC(30) Metaspace: 6301K(6464K)->6301K(6464K) NonClass: 5768K(5824K)->5768K(5824K) Class: 533K(640K)->533K(640K)
[2.197s][info][gc             ] GC(30) Pause Young (Allocation Failure) 500M->500M(725M) 337.588ms
[2.197s][info][gc,cpu         ] GC(30) User=0.28s Sys=0.03s Real=0.34s
[2.391s][info][gc,start       ] GC(31) Pause Young (Allocation Failure)
[2.817s][info][gc,promotion   ] GC(31) Promotion failed
[2.817s][info][gc             ] GC(31) Pause Young (Allocation Failure) 700M->891M(891M) 426.289ms
[2.817s][info][gc,cpu         ] GC(31) User=0.39s Sys=0.02s Real=0.43s
[2.817s][info][gc,start       ] GC(32) Pause Full (Allocation Failure)
[2.817s][info][gc,phases,start] GC(32) Phase 1: Mark live objects
[3.153s][info][gc,phases      ] GC(32) Phase 1: Mark live objects 335.583ms
[3.153s][info][gc,phases,start] GC(32) Phase 2: Compute new object addresses
[3.281s][info][gc,phases      ] GC(32) Phase 2: Compute new object addresses 128.299ms
[3.281s][info][gc,phases,start] GC(32) Phase 3: Adjust pointers
[3.405s][info][gc,phases      ] GC(32) Phase 3: Adjust pointers 123.568ms
[3.405s][info][gc,phases,start] GC(32) Phase 4: Move objects
[3.414s][info][gc,phases      ] GC(32) Phase 4: Move objects 8.891ms
[3.414s][info][gc,heap        ] GC(32) DefNew: 230591K(230592K)->34589K(307200K) Eden: 204992K(204992K)->34589K(273088K) From: 25599K(25600K)->0K(34112K)
[3.414s][info][gc,heap        ] GC(32) Tenured: 486715K(512256K)->682687K(682688K)
[3.414s][info][gc,metaspace   ] GC(32) Metaspace: 6301K(6464K)->6301K(6464K) NonClass: 5768K(5824K)->5768K(5824K) Class: 533K(640K)->533K(640K)
[3.414s][info][gc             ] GC(32) Pause Full (Allocation Failure) 891M->700M(966M) 597.096ms
[3.414s][info][gc,cpu         ] GC(32) User=0.61s Sys=0.00s Real=0.60s
[3.755s][info][gc,start       ] GC(33) Pause Full (Allocation Failure)
[3.755s][info][gc,phases,start] GC(33) Phase 1: Mark live objects
[4.228s][info][gc,phases      ] GC(33) Phase 1: Mark live objects 472.651ms
[4.228s][info][gc,phases,start] GC(33) Phase 2: Compute new object addresses
[4.367s][info][gc,phases      ] GC(33) Phase 2: Compute new object addresses 139.513ms
[4.368s][info][gc,phases,start] GC(33) Phase 3: Adjust pointers
[4.569s][info][gc,phases      ] GC(33) Phase 3: Adjust pointers 201.654ms
[4.569s][info][gc,phases,start] GC(33) Phase 4: Move objects
[4.609s][info][gc,phases      ] GC(33) Phase 4: Move objects 40.152ms
[4.610s][info][gc,heap        ] GC(33) DefNew: 307199K(307200K)->307175K(307200K) Eden: 273088K(273088K)->273088K(273088K) From: 34111K(34112K)->34087K(34112K)
[4.610s][info][gc,heap        ] GC(33) Tenured: 682687K(682688K)->682687K(682688K)
[4.610s][info][gc,metaspace   ] GC(33) Metaspace: 6301K(6464K)->6301K(6464K) NonClass: 5768K(5824K)->5768K(5824K) Class: 533K(640K)->533K(640K)
[4.610s][info][gc             ] GC(33) Pause Full (Allocation Failure) 966M->966M(966M) 854.683ms
[4.610s][info][gc,cpu         ] GC(33) User=0.83s Sys=0.00s Real=0.86s
[4.610s][info][gc,start       ] GC(34) Pause Full (Allocation Failure)
[4.610s][info][gc,phases,start] GC(34) Phase 1: Mark live objects
[5.053s][info][gc,phases      ] GC(34) Phase 1: Mark live objects 442.889ms
[5.053s][info][gc,phases,start] GC(34) Phase 2: Compute new object addresses
[5.189s][info][gc,phases      ] GC(34) Phase 2: Compute new object addresses 136.388ms
[5.189s][info][gc,phases,start] GC(34) Phase 3: Adjust pointers
[5.401s][info][gc,phases      ] GC(34) Phase 3: Adjust pointers 211.805ms
[5.401s][info][gc,phases,start] GC(34) Phase 4: Move objects
[5.556s][info][gc,phases      ] GC(34) Phase 4: Move objects 154.251ms
[5.556s][info][gc,heap        ] GC(34) DefNew: 307199K(307200K)->278527K(307200K) Eden: 273088K(273088K)->273088K(273088K) From: 34111K(34112K)->5439K(34112K)
[5.556s][info][gc,heap        ] GC(34) Tenured: 682687K(682688K)->682687K(682688K)
[5.556s][info][gc,metaspace   ] GC(34) Metaspace: 6301K(6464K)->6301K(6464K) NonClass: 5768K(5824K)->5768K(5824K) Class: 533K(640K)->533K(640K)
[5.556s][info][gc             ] GC(34) Pause Full (Allocation Failure) 966M->938M(966M) 945.905ms
[5.556s][info][gc,cpu         ] GC(34) User=0.92s Sys=0.00s Real=0.95s
[5.637s][info][gc,start       ] GC(35) Pause Full (Allocation Failure)
[5.637s][info][gc,phases,start] GC(35) Phase 1: Mark live objects
[6.090s][info][gc,phases      ] GC(35) Phase 1: Mark live objects 452.137ms
[6.090s][info][gc,phases,start] GC(35) Phase 2: Compute new object addresses
[6.228s][info][gc,phases      ] GC(35) Phase 2: Compute new object addresses 138.644ms
[6.228s][info][gc,phases,start] GC(35) Phase 3: Adjust pointers
[6.411s][info][gc,phases      ] GC(35) Phase 3: Adjust pointers 182.593ms
[6.411s][info][gc,phases,start] GC(35) Phase 4: Move objects
[6.411s][info][gc,phases      ] GC(35) Phase 4: Move objects 0.016ms
[6.411s][info][gc,heap        ] GC(35) DefNew: 307199K(307200K)->307199K(307200K) Eden: 273088K(273088K)->273088K(273088K) From: 34111K(34112K)->34111K(34112K)
[6.411s][info][gc,heap        ] GC(35) Tenured: 682687K(682688K)->682687K(682688K)
[6.411s][info][gc,metaspace   ] GC(35) Metaspace: 6301K(6464K)->6301K(6464K) NonClass: 5768K(5824K)->5768K(5824K) Class: 533K(640K)->533K(640K)
[6.411s][info][gc             ] GC(35) Pause Full (Allocation Failure) 966M->966M(966M) 773.860ms
[6.411s][info][gc,cpu         ] GC(35) User=0.78s Sys=0.00s Real=0.77s
[6.411s][info][gc,start       ] GC(36) Pause Full (Allocation Failure)
[6.411s][info][gc,phases,start] GC(36) Phase 1: Mark live objects
[6.863s][info][gc,phases      ] GC(36) Phase 1: Mark live objects 451.440ms
[6.863s][info][gc,phases,start] GC(36) Phase 2: Compute new object addresses
[7.005s][info][gc,phases      ] GC(36) Phase 2: Compute new object addresses 141.964ms
[7.005s][info][gc,phases,start] GC(36) Phase 3: Adjust pointers
[7.229s][info][gc,phases      ] GC(36) Phase 3: Adjust pointers 223.797ms
[7.229s][info][gc,phases,start] GC(36) Phase 4: Move objects
[7.386s][info][gc,phases      ] GC(36) Phase 4: Move objects 157.562ms
[7.387s][info][gc,heap        ] GC(36) DefNew: 307199K(307200K)->307195K(307200K) Eden: 273088K(273088K)->273087K(273088K) From: 34111K(34112K)->34107K(34112K)
[7.387s][info][gc,heap        ] GC(36) Tenured: 682687K(682688K)->682687K(682688K)
[7.387s][info][gc,metaspace   ] GC(36) Metaspace: 6301K(6464K)->6300K(6464K) NonClass: 5768K(5824K)->5767K(5824K) Class: 533K(640K)->532K(640K)
[7.387s][info][gc             ] GC(36) Pause Full (Allocation Failure) 966M->966M(966M) 975.396ms
[7.387s][info][gc,cpu         ] GC(36) User=0.95s Sys=0.00s Real=0.98s
[7.387s][info][gc,start       ] GC(37) Pause Full (Allocation Failure)
[7.387s][info][gc,phases,start] GC(37) Phase 1: Mark live objects
[7.849s][info][gc,phases      ] GC(37) Phase 1: Mark live objects 461.680ms
[7.849s][info][gc,phases,start] GC(37) Phase 2: Compute new object addresses
[8.003s][info][gc,phases      ] GC(37) Phase 2: Compute new object addresses 153.620ms
[8.003s][info][gc,phases,start] GC(37) Phase 3: Adjust pointers
[8.229s][info][gc,phases      ] GC(37) Phase 3: Adjust pointers 226.320ms
[8.229s][info][gc,phases,start] GC(37) Phase 4: Move objects
[8.229s][info][gc,phases      ] GC(37) Phase 4: Move objects 0.019ms
[8.229s][info][gc,heap        ] GC(37) DefNew: 307199K(307200K)->307199K(307200K) Eden: 273087K(273088K)->273087K(273088K) From: 34111K(34112K)->34111K(34112K)
[8.229s][info][gc,heap        ] GC(37) Tenured: 682687K(682688K)->682687K(682688K)
[8.229s][info][gc,metaspace   ] GC(37) Metaspace: 6300K(6464K)->6300K(6464K) NonClass: 5767K(5824K)->5767K(5824K) Class: 532K(640K)->532K(640K)
[8.229s][info][gc             ] GC(37) Pause Full (Allocation Failure) 966M->966M(966M) 842.173ms
[8.229s][info][gc,cpu         ] GC(37) User=0.84s Sys=0.00s Real=0.84s
[8.229s][info][gc,start       ] GC(38) Pause Full (Allocation Failure)
[8.229s][info][gc,phases,start] GC(38) Phase 1: Mark live objects
[8.713s][info][gc,phases      ] GC(38) Phase 1: Mark live objects 484.025ms
[8.714s][info][gc,phases,start] GC(38) Phase 2: Compute new object addresses
[8.858s][info][gc,phases      ] GC(38) Phase 2: Compute new object addresses 144.155ms
[8.858s][info][gc,phases,start] GC(38) Phase 3: Adjust pointers
[9.041s][info][gc,phases      ] GC(38) Phase 3: Adjust pointers 183.447ms
[9.041s][info][gc,phases,start] GC(38) Phase 4: Move objects
[9.041s][info][gc,phases      ] GC(38) Phase 4: Move objects 0.016ms
[9.041s][info][gc,heap        ] GC(38) DefNew: 307199K(307200K)->307199K(307200K) Eden: 273087K(273088K)->273087K(273088K) From: 34111K(34112K)->34111K(34112K)
[9.041s][info][gc,heap        ] GC(38) Tenured: 682687K(682688K)->682687K(682688K)
[9.041s][info][gc,metaspace   ] GC(38) Metaspace: 6300K(6464K)->6300K(6464K) NonClass: 5767K(5824K)->5767K(5824K) Class: 532K(640K)->532K(640K)
[9.041s][info][gc             ] GC(38) Pause Full (Allocation Failure) 966M->966M(966M) 812.043ms
[9.041s][info][gc,cpu         ] GC(38) User=0.78s Sys=0.00s Real=0.81s
[9.042s][info][gc,start       ] GC(39) Pause Full (Allocation Failure)
[9.042s][info][gc,phases,start] GC(39) Phase 1: Mark live objects
[9.564s][info][gc,phases      ] GC(39) Phase 1: Mark live objects 522.775ms
[9.565s][info][gc,phases,start] GC(39) Phase 2: Compute new object addresses
[9.721s][info][gc,phases      ] GC(39) Phase 2: Compute new object addresses 156.232ms
[9.721s][info][gc,phases,start] GC(39) Phase 3: Adjust pointers
[9.907s][info][gc,phases      ] GC(39) Phase 3: Adjust pointers 186.326ms
[9.907s][info][gc,phases,start] GC(39) Phase 4: Move objects
[9.907s][info][gc,phases      ] GC(39) Phase 4: Move objects 0.017ms
[9.907s][info][gc,heap        ] GC(39) DefNew: 307199K(307200K)->307199K(307200K) Eden: 273087K(273088K)->273087K(273088K) From: 34111K(34112K)->34111K(34112K)
[9.907s][info][gc,heap        ] GC(39) Tenured: 682687K(682688K)->682687K(682688K)
[9.907s][info][gc,metaspace   ] GC(39) Metaspace: 6300K(6464K)->6300K(6464K) NonClass: 5767K(5824K)->5767K(5824K) Class: 532K(640K)->532K(640K)
[9.907s][info][gc             ] GC(39) Pause Full (Allocation Failure) 966M->966M(966M) 865.778ms
[9.907s][info][gc,cpu         ] GC(39) User=0.83s Sys=0.00s Real=0.87s
[9.907s][info][gc,start       ] GC(40) Pause Full (Allocation Failure)
[9.908s][info][gc,phases,start] GC(40) Phase 1: Mark live objects
[10.395s][info][gc,phases      ] GC(40) Phase 1: Mark live objects 487.258ms
[10.395s][info][gc,phases,start] GC(40) Phase 2: Compute new object addresses
[10.554s][info][gc,phases      ] GC(40) Phase 2: Compute new object addresses 159.195ms
[10.554s][info][gc,phases,start] GC(40) Phase 3: Adjust pointers
[10.838s][info][gc,phases      ] GC(40) Phase 3: Adjust pointers 283.499ms
[10.838s][info][gc,phases,start] GC(40) Phase 4: Move objects
[11.049s][info][gc,phases      ] GC(40) Phase 4: Move objects 210.785ms
[11.049s][info][gc,heap        ] GC(40) DefNew: 307199K(307200K)->307198K(307200K) Eden: 273087K(273088K)->273087K(273088K) From: 34111K(34112K)->34110K(34112K)
[11.049s][info][gc,heap        ] GC(40) Tenured: 682687K(682688K)->682687K(682688K)
[11.049s][info][gc,metaspace   ] GC(40) Metaspace: 6300K(6464K)->6300K(6464K) NonClass: 5767K(5824K)->5767K(5824K) Class: 532K(640K)->532K(640K)
[11.049s][info][gc             ] GC(40) Pause Full (Allocation Failure) 966M->966M(966M) 1141.388ms
[11.049s][info][gc,cpu         ] GC(40) User=1.12s Sys=0.00s Real=1.14s
[11.050s][info][gc,start       ] GC(41) Pause Full (Allocation Failure)
[11.050s][info][gc,phases,start] GC(41) Phase 1: Mark live objects
[11.547s][info][gc,phases      ] GC(41) Phase 1: Mark live objects 496.524ms
[11.547s][info][gc,phases,start] GC(41) Phase 2: Compute new object addresses
[11.697s][info][gc,phases      ] GC(41) Phase 2: Compute new object addresses 149.923ms
[11.697s][info][gc,phases,start] GC(41) Phase 3: Adjust pointers
[11.893s][info][gc,phases      ] GC(41) Phase 3: Adjust pointers 196.530ms
[11.893s][info][gc,phases,start] GC(41) Phase 4: Move objects
[11.893s][info][gc,phases      ] GC(41) Phase 4: Move objects 0.017ms
[11.893s][info][gc,heap        ] GC(41) DefNew: 307199K(307200K)->307199K(307200K) Eden: 273087K(273088K)->273087K(273088K) From: 34112K(34112K)->34111K(34112K)
[11.893s][info][gc,heap        ] GC(41) Tenured: 682687K(682688K)->682687K(682688K)
[11.893s][info][gc,metaspace   ] GC(41) Metaspace: 6301K(6464K)->6301K(6464K) NonClass: 5767K(5824K)->5767K(5824K) Class: 533K(640K)->533K(640K)
[11.893s][info][gc             ] GC(41) Pause Full (Allocation Failure) 966M->966M(966M) 843.498ms
[11.893s][info][gc,cpu         ] GC(41) User=0.80s Sys=0.00s Real=0.84s
[11.894s][info][gc,heap,exit   ] Heap
[11.894s][info][gc,heap,exit   ]  def new generation   total 307200K, used 307199K [0x00000000c1800000, 0x00000000d6550000, 0x00000000d6550000)
[11.894s][info][gc,heap,exit   ]   eden space 273088K,  99% used [0x00000000c1800000, 0x00000000d22afff8, 0x00000000d22b0000)
[11.894s][info][gc,heap,exit   ]   from space 34112K,  99% used [0x00000000d22b0000, 0x00000000d43fffe0, 0x00000000d4400000)
[11.894s][info][gc,heap,exit   ]   to   space 34112K,   0% used [0x00000000d4400000, 0x00000000d4400000, 0x00000000d6550000)
[11.894s][info][gc,heap,exit   ]  tenured generation   total 682688K, used 682687K [0x00000000d6550000, 0x0000000100000000, 0x0000000100000000)
[11.894s][info][gc,heap,exit   ]    the space 682688K,  99% used [0x00000000d6550000, 0x00000000ffffff98, 0x0000000100000000, 0x0000000100000000)
[11.894s][info][gc,heap,exit   ]  Metaspace       used 6304K, committed 6528K, reserved 1114112K
[11.894s][info][gc,heap,exit   ]   class space    used 534K, committed 640K, reserved 1048576K
