[0.016s][info][gc,init] CardTable entry size: 512
[0.016s][info][gc     ] Using Serial
[0.016s][info][gc,init] Version: 18.0.1+10 (release)
[0.016s][info][gc,init] CPUs: 8 total, 8 available
[0.016s][info][gc,init] Memory: 16063M
[0.016s][info][gc,init] Large Page Support: Disabled
[0.016s][info][gc,init] NUMA Support: Disabled
[0.016s][info][gc,init] Compressed Oops: Enabled (Zero based)
[0.016s][info][gc,init] Heap Min Capacity: 2M
[0.017s][info][gc,init] Heap Initial Capacity: 2M
[0.017s][info][gc,init] Heap Max Capacity: 13700M
[0.017s][info][gc,init] Pre-touch: Disabled
[0.017s][info][gc,metaspace] CDS archive(s) not mapped
[0.017s][info][gc,metaspace] Compressed class space mapped at: 0x0000000800000000-0x0000000840000000, reserved size: 1073741824
[0.017s][info][gc,metaspace] Narrow klass base: 0x0000000800000000, Narrow klass shift: 0, Narrow klass range: 0x40000000
[0.203s][info][gc,start    ] GC(0) Pause Young (Allocation Failure)
[0.205s][info][gc,heap     ] GC(0) DefNew: 1023K(1152K)->127K(1152K) Eden: 1023K(1024K)->0K(1024K) From: 0K(128K)->127K(128K)
[0.205s][info][gc,heap     ] GC(0) Tenured: 0K(768K)->439K(768K)
[0.205s][info][gc,metaspace] GC(0) Metaspace: 5897K(6016K)->5897K(6016K) NonClass: 5398K(5504K)->5398K(5504K) Class: 499K(512K)->499K(512K)
[0.205s][info][gc          ] GC(0) Pause Young (Allocation Failure) 0M->0M(1M) 2.683ms
[0.206s][info][gc,cpu      ] GC(0) User=0.00s Sys=0.00s Real=0.00s
[0.229s][info][gc,start    ] GC(1) Pause Young (Allocation Failure)
[0.231s][info][gc          ] GC(1) Pause Young (Allocation Failure) 1M->0M(2M) 1.858ms
[0.231s][info][gc,cpu      ] GC(1) User=0.00s Sys=0.00s Real=0.00s
[0.231s][info][gc,start    ] GC(2) Pause Full (Allocation Failure)
[0.232s][info][gc,phases,start] GC(2) Phase 1: Mark live objects
[0.233s][info][gc,phases      ] GC(2) Phase 1: Mark live objects 1.447ms
[0.233s][info][gc,phases,start] GC(2) Phase 2: Compute new object addresses
[0.233s][info][gc,phases      ] GC(2) Phase 2: Compute new object addresses 0.395ms
[0.233s][info][gc,phases,start] GC(2) Phase 3: Adjust pointers
[0.234s][info][gc,phases      ] GC(2) Phase 3: Adjust pointers 0.771ms
[0.234s][info][gc,phases,start] GC(2) Phase 4: Move objects
[0.234s][info][gc,phases      ] GC(2) Phase 4: Move objects 0.092ms
[0.234s][info][gc,heap        ] GC(2) DefNew: 1151K(1152K)->40K(1152K) Eden: 1024K(1024K)->40K(1024K) From: 127K(128K)->0K(128K)
[0.234s][info][gc,heap        ] GC(2) Tenured: 439K(768K)->959K(1600K)
[0.235s][info][gc,metaspace   ] GC(2) Metaspace: 6296K(6464K)->6296K(6464K) NonClass: 5762K(5824K)->5762K(5824K) Class: 533K(640K)->533K(640K)
[0.235s][info][gc             ] GC(2) Pause Full (Allocation Failure) 0M->0M(2M) 3.111ms
[0.235s][info][gc,cpu         ] GC(2) User=0.00s Sys=0.00s Real=0.00s
[0.236s][info][gc,start       ] GC(3) Pause Young (Allocation Failure)
[0.238s][info][gc,heap        ] GC(3) DefNew: 1024K(1152K)->128K(1152K) Eden: 1024K(1024K)->0K(1024K) From: 0K(128K)->128K(128K)
[0.238s][info][gc,heap        ] GC(3) Tenured: 959K(1600K)->1375K(1600K)
[0.238s][info][gc,metaspace   ] GC(3) Metaspace: 6296K(6464K)->6296K(6464K) NonClass: 5762K(5824K)->5762K(5824K) Class: 533K(640K)->533K(640K)
[0.238s][info][gc             ] GC(3) Pause Young (Allocation Failure) 1M->1M(2M) 1.759ms
[0.238s][info][gc,cpu         ] GC(3) User=0.00s Sys=0.00s Real=0.00s
[0.239s][info][gc,start       ] GC(4) Pause Young (Allocation Failure)
[0.241s][info][gc             ] GC(4) Pause Young (Allocation Failure) 2M->1M(3M) 1.244ms
[0.241s][info][gc,cpu         ] GC(4) User=0.00s Sys=0.00s Real=0.00s
[0.241s][info][gc,start       ] GC(5) Pause Full (Allocation Failure)
[0.241s][info][gc,phases,start] GC(5) Phase 1: Mark live objects
[0.242s][info][gc,phases      ] GC(5) Phase 1: Mark live objects 1.450ms
[0.242s][info][gc,phases,start] GC(5) Phase 2: Compute new object addresses
[0.243s][info][gc,phases      ] GC(5) Phase 2: Compute new object addresses 0.450ms
[0.243s][info][gc,phases,start] GC(5) Phase 3: Adjust pointers
[0.244s][info][gc,phases      ] GC(5) Phase 3: Adjust pointers 0.795ms
[0.244s][info][gc,phases,start] GC(5) Phase 4: Move objects
[0.244s][info][gc,phases      ] GC(5) Phase 4: Move objects 0.077ms
[0.244s][info][gc,heap        ] GC(5) DefNew: 1152K(1152K)->35K(1536K) Eden: 1024K(1024K)->35K(1408K) From: 128K(128K)->0K(128K)
[0.244s][info][gc,heap        ] GC(5) Tenured: 1375K(1600K)->1983K(3308K)
[0.244s][info][gc,metaspace   ] GC(5) Metaspace: 6296K(6464K)->6296K(6464K) NonClass: 5762K(5824K)->5762K(5824K) Class: 533K(640K)->533K(640K)
[0.244s][info][gc             ] GC(5) Pause Full (Allocation Failure) 1M->1M(4M) 3.146ms
[0.244s][info][gc,cpu         ] GC(5) User=0.00s Sys=0.00s Real=0.00s
[0.246s][info][gc,start       ] GC(6) Pause Young (Allocation Failure)
[0.248s][info][gc,heap        ] GC(6) DefNew: 1407K(1536K)->127K(1536K) Eden: 1407K(1408K)->0K(1408K) From: 0K(128K)->127K(128K)
[0.248s][info][gc,heap        ] GC(6) Tenured: 1983K(3308K)->2617K(3308K)
[0.248s][info][gc,metaspace   ] GC(6) Metaspace: 6296K(6464K)->6296K(6464K) NonClass: 5762K(5824K)->5762K(5824K) Class: 533K(640K)->533K(640K)
[0.248s][info][gc             ] GC(6) Pause Young (Allocation Failure) 3M->2M(4M) 2.136ms
[0.248s][info][gc,cpu         ] GC(6) User=0.00s Sys=0.00s Real=0.00s
[0.250s][info][gc,start       ] GC(7) Pause Young (Allocation Failure)
[0.252s][info][gc             ] GC(7) Pause Young (Allocation Failure) 4M->3M(4M) 1.758ms
[0.252s][info][gc,cpu         ] GC(7) User=0.02s Sys=0.00s Real=0.00s
[0.252s][info][gc,start       ] GC(8) Pause Full (Allocation Failure)
[0.252s][info][gc,phases,start] GC(8) Phase 1: Mark live objects
[0.255s][info][gc,phases      ] GC(8) Phase 1: Mark live objects 2.767ms
[0.255s][info][gc,phases,start] GC(8) Phase 2: Compute new object addresses
[0.256s][info][gc,phases      ] GC(8) Phase 2: Compute new object addresses 0.846ms
[0.256s][info][gc,phases,start] GC(8) Phase 3: Adjust pointers
[0.257s][info][gc,phases      ] GC(8) Phase 3: Adjust pointers 1.219ms
[0.257s][info][gc,phases,start] GC(8) Phase 4: Move objects
[0.257s][info][gc,phases      ] GC(8) Phase 4: Move objects 0.085ms
[0.257s][info][gc,heap        ] GC(8) DefNew: 1535K(1536K)->0K(2688K) Eden: 1408K(1408K)->0K(2432K) From: 127K(128K)->0K(256K)
[0.257s][info][gc,heap        ] GC(8) Tenured: 2617K(3308K)->3460K(5768K)
[0.257s][info][gc,metaspace   ] GC(8) Metaspace: 6296K(6464K)->6296K(6464K) NonClass: 5762K(5824K)->5762K(5824K) Class: 533K(640K)->533K(640K)
[0.257s][info][gc             ] GC(8) Pause Full (Allocation Failure) 3M->3M(8M) 5.328ms
[0.257s][info][gc,cpu         ] GC(8) User=0.00s Sys=0.00s Real=0.01s
[0.261s][info][gc,start       ] GC(9) Pause Young (Allocation Failure)
[0.264s][info][gc,heap        ] GC(9) DefNew: 2431K(2688K)->256K(2688K) Eden: 2431K(2432K)->0K(2432K) From: 0K(256K)->256K(256K)
[0.264s][info][gc,heap        ] GC(9) Tenured: 3460K(5768K)->4512K(5768K)
[0.264s][info][gc,metaspace   ] GC(9) Metaspace: 6296K(6464K)->6296K(6464K) NonClass: 5762K(5824K)->5762K(5824K) Class: 533K(640K)->533K(640K)
[0.264s][info][gc             ] GC(9) Pause Young (Allocation Failure) 5M->4M(8M) 2.873ms
[0.264s][info][gc,cpu         ] GC(9) User=0.00s Sys=0.00s Real=0.00s
[0.266s][info][gc,start       ] GC(10) Pause Young (Allocation Failure)
[0.269s][info][gc,heap        ] GC(10) DefNew: 2688K(2688K)->255K(2688K) Eden: 2432K(2432K)->0K(2432K) From: 256K(256K)->255K(256K)
[0.269s][info][gc,heap        ] GC(10) Tenured: 4512K(5768K)->5755K(5768K)
[0.269s][info][gc,metaspace   ] GC(10) Metaspace: 6296K(6464K)->6296K(6464K) NonClass: 5762K(5824K)->5762K(5824K) Class: 533K(640K)->533K(640K)
[0.269s][info][gc             ] GC(10) Pause Young (Allocation Failure) 7M->5M(8M) 3.190ms
[0.269s][info][gc,cpu         ] GC(10) User=0.00s Sys=0.00s Real=0.00s
[0.272s][info][gc,start       ] GC(11) Pause Young (Allocation Failure)
[0.275s][info][gc             ] GC(11) Pause Young (Allocation Failure) 8M->7M(9M) 3.456ms
[0.275s][info][gc,cpu         ] GC(11) User=0.00s Sys=0.00s Real=0.00s
[0.275s][info][gc,start       ] GC(12) Pause Full (Allocation Failure)
[0.275s][info][gc,phases,start] GC(12) Phase 1: Mark live objects
[0.280s][info][gc,phases      ] GC(12) Phase 1: Mark live objects 4.448ms
[0.280s][info][gc,phases,start] GC(12) Phase 2: Compute new object addresses
[0.281s][info][gc,phases      ] GC(12) Phase 2: Compute new object addresses 1.236ms
[0.281s][info][gc,phases,start] GC(12) Phase 3: Adjust pointers
[0.283s][info][gc,phases      ] GC(12) Phase 3: Adjust pointers 1.737ms
[0.283s][info][gc,phases,start] GC(12) Phase 4: Move objects
[0.285s][info][gc,phases      ] GC(12) Phase 4: Move objects 1.448ms
[0.285s][info][gc,heap        ] GC(12) DefNew: 2687K(2688K)->0K(5376K) Eden: 2432K(2432K)->0K(4800K) From: 255K(256K)->0K(576K)
[0.285s][info][gc,heap        ] GC(12) Tenured: 5755K(5768K)->7132K(11888K)
[0.285s][info][gc,metaspace   ] GC(12) Metaspace: 6296K(6464K)->6296K(6464K) NonClass: 5762K(5824K)->5762K(5824K) Class: 533K(640K)->533K(640K)
[0.285s][info][gc             ] GC(12) Pause Full (Allocation Failure) 7M->6M(16M) 9.426ms
[0.285s][info][gc,cpu         ] GC(12) User=0.00s Sys=0.00s Real=0.01s
[0.294s][info][gc,start       ] GC(13) Pause Young (Allocation Failure)
[0.299s][info][gc,heap        ] GC(13) DefNew: 4800K(5376K)->575K(5376K) Eden: 4800K(4800K)->0K(4800K) From: 0K(576K)->575K(576K)
[0.299s][info][gc,heap        ] GC(13) Tenured: 7132K(11888K)->9027K(11888K)
[0.299s][info][gc,metaspace   ] GC(13) Metaspace: 6296K(6464K)->6296K(6464K) NonClass: 5762K(5824K)->5762K(5824K) Class: 533K(640K)->533K(640K)
[0.299s][info][gc             ] GC(13) Pause Young (Allocation Failure) 11M->9M(16M) 5.371ms
[0.299s][info][gc,cpu         ] GC(13) User=0.00s Sys=0.00s Real=0.00s
[0.304s][info][gc,start       ] GC(14) Pause Young (Allocation Failure)
[0.311s][info][gc,heap        ] GC(14) DefNew: 5375K(5376K)->576K(5376K) Eden: 4800K(4800K)->0K(4800K) From: 575K(576K)->576K(576K)
[0.311s][info][gc,heap        ] GC(14) Tenured: 9027K(11888K)->11746K(11888K)
[0.311s][info][gc,metaspace   ] GC(14) Metaspace: 6296K(6464K)->6296K(6464K) NonClass: 5762K(5824K)->5762K(5824K) Class: 533K(640K)->533K(640K)
[0.311s][info][gc             ] GC(14) Pause Young (Allocation Failure) 14M->12M(16M) 6.995ms
[0.311s][info][gc,cpu         ] GC(14) User=0.00s Sys=0.00s Real=0.01s
[0.315s][info][gc,start       ] GC(15) Pause Young (Allocation Failure)
[0.321s][info][gc             ] GC(15) Pause Young (Allocation Failure) 16M->14M(19M) 6.293ms
[0.321s][info][gc,cpu         ] GC(15) User=0.00s Sys=0.00s Real=0.01s
[0.321s][info][gc,start       ] GC(16) Pause Full (Allocation Failure)
[0.321s][info][gc,phases,start] GC(16) Phase 1: Mark live objects
[0.330s][info][gc,phases      ] GC(16) Phase 1: Mark live objects 8.577ms
[0.330s][info][gc,phases,start] GC(16) Phase 2: Compute new object addresses
[0.333s][info][gc,phases      ] GC(16) Phase 2: Compute new object addresses 2.678ms
[0.333s][info][gc,phases,start] GC(16) Phase 3: Adjust pointers
[0.336s][info][gc,phases      ] GC(16) Phase 3: Adjust pointers 3.433ms
[0.336s][info][gc,phases,start] GC(16) Phase 4: Move objects
[0.337s][info][gc,phases      ] GC(16) Phase 4: Move objects 0.189ms
[0.337s][info][gc,heap        ] GC(16) DefNew: 5376K(5376K)->410K(10880K) Eden: 4800K(4800K)->410K(9728K) From: 576K(576K)->0K(1152K)
[0.337s][info][gc,heap        ] GC(16) Tenured: 11746K(11888K)->14383K(23976K)
[0.337s][info][gc,metaspace   ] GC(16) Metaspace: 6298K(6464K)->6298K(6464K) NonClass: 5764K(5824K)->5764K(5824K) Class: 533K(640K)->533K(640K)
[0.337s][info][gc             ] GC(16) Pause Full (Allocation Failure) 14M->14M(34M) 15.282ms
[0.337s][info][gc,cpu         ] GC(16) User=0.02s Sys=0.00s Real=0.02s
[0.345s][info][gc,start       ] GC(17) Pause Young (Allocation Failure)
[0.358s][info][gc,heap        ] GC(17) DefNew: 9728K(10880K)->1151K(10880K) Eden: 9728K(9728K)->0K(9728K) From: 0K(1152K)->1151K(1152K)
[0.358s][info][gc,heap        ] GC(17) Tenured: 14383K(23976K)->18409K(23976K)
[0.358s][info][gc,metaspace   ] GC(17) Metaspace: 6298K(6464K)->6298K(6464K) NonClass: 5764K(5824K)->5764K(5824K) Class: 533K(640K)->533K(640K)
[0.358s][info][gc             ] GC(17) Pause Young (Allocation Failure) 23M->19M(34M) 13.637ms
[0.358s][info][gc,cpu         ] GC(17) User=0.00s Sys=0.00s Real=0.01s
[0.367s][info][gc,start       ] GC(18) Pause Young (Allocation Failure)
[0.378s][info][gc,heap        ] GC(18) DefNew: 10879K(10880K)->1152K(10880K) Eden: 9728K(9728K)->0K(9728K) From: 1151K(1152K)->1152K(1152K)
[0.378s][info][gc,heap        ] GC(18) Tenured: 18409K(23976K)->23932K(23976K)
[0.378s][info][gc,metaspace   ] GC(18) Metaspace: 6298K(6464K)->6298K(6464K) NonClass: 5764K(5824K)->5764K(5824K) Class: 533K(640K)->533K(640K)
[0.378s][info][gc             ] GC(18) Pause Young (Allocation Failure) 28M->24M(34M) 11.421ms
[0.378s][info][gc,cpu         ] GC(18) User=0.00s Sys=0.00s Real=0.01s
[0.384s][info][gc,start       ] GC(19) Pause Young (Allocation Failure)
[0.395s][info][gc             ] GC(19) Pause Young (Allocation Failure) 33M->29M(38M) 10.920ms
[0.395s][info][gc,cpu         ] GC(19) User=0.00s Sys=0.00s Real=0.01s
[0.395s][info][gc,start       ] GC(20) Pause Full (Allocation Failure)
[0.395s][info][gc,phases,start] GC(20) Phase 1: Mark live objects
[0.408s][info][gc,phases      ] GC(20) Phase 1: Mark live objects 13.804ms
[0.409s][info][gc,phases,start] GC(20) Phase 2: Compute new object addresses
[0.413s][info][gc,phases      ] GC(20) Phase 2: Compute new object addresses 4.564ms
[0.413s][info][gc,phases,start] GC(20) Phase 3: Adjust pointers
[0.418s][info][gc,phases      ] GC(20) Phase 3: Adjust pointers 5.265ms
[0.418s][info][gc,phases,start] GC(20) Phase 4: Move objects
[0.419s][info][gc,phases      ] GC(20) Phase 4: Move objects 0.175ms
[0.419s][info][gc,heap        ] GC(20) DefNew: 10880K(10880K)->1077K(21888K) Eden: 9728K(9728K)->1077K(19520K) From: 1152K(1152K)->0K(2368K)
[0.419s][info][gc,heap        ] GC(20) Tenured: 23932K(23976K)->29035K(48396K)
[0.419s][info][gc,metaspace   ] GC(20) Metaspace: 6298K(6464K)->6298K(6464K) NonClass: 5764K(5824K)->5764K(5824K) Class: 533K(640K)->533K(640K)
[0.419s][info][gc             ] GC(20) Pause Full (Allocation Failure) 29M->29M(68M) 24.211ms
[0.419s][info][gc,cpu         ] GC(20) User=0.03s Sys=0.00s Real=0.02s
[0.435s][info][gc,start       ] GC(21) Pause Young (Allocation Failure)
[0.463s][info][gc,heap        ] GC(21) DefNew: 19520K(21888K)->2367K(21888K) Eden: 19520K(19520K)->0K(19520K) From: 0K(2368K)->2367K(2368K)
[0.463s][info][gc,heap        ] GC(21) Tenured: 29035K(48396K)->39334K(48396K)
[0.463s][info][gc,metaspace   ] GC(21) Metaspace: 6298K(6464K)->6298K(6464K) NonClass: 5764K(5824K)->5764K(5824K) Class: 533K(640K)->533K(640K)
[0.463s][info][gc             ] GC(21) Pause Young (Allocation Failure) 47M->40M(68M) 28.488ms
[0.463s][info][gc,cpu         ] GC(21) User=0.02s Sys=0.00s Real=0.03s
[0.481s][info][gc,start       ] GC(22) Pause Young (Allocation Failure)
[0.518s][info][gc             ] GC(22) Pause Young (Allocation Failure) 59M->59M(78M) 36.808ms
[0.518s][info][gc,cpu         ] GC(22) User=0.03s Sys=0.00s Real=0.04s
[0.518s][info][gc,start       ] GC(23) Pause Full (Allocation Failure)
[0.518s][info][gc,phases,start] GC(23) Phase 1: Mark live objects
[0.544s][info][gc,phases      ] GC(23) Phase 1: Mark live objects 25.451ms
[0.544s][info][gc,phases,start] GC(23) Phase 2: Compute new object addresses
[0.554s][info][gc,phases      ] GC(23) Phase 2: Compute new object addresses 9.951ms
[0.554s][info][gc,phases,start] GC(23) Phase 3: Adjust pointers
[0.566s][info][gc,phases      ] GC(23) Phase 3: Adjust pointers 12.695ms
[0.566s][info][gc,phases,start] GC(23) Phase 4: Move objects
[0.567s][info][gc,phases      ] GC(23) Phase 4: Move objects 0.493ms
[0.567s][info][gc,heap        ] GC(23) DefNew: 21887K(21888K)->2234K(44288K) Eden: 19520K(19520K)->2234K(39424K) From: 2367K(2368K)->0K(4864K)
[0.567s][info][gc,heap        ] GC(23) Tenured: 39334K(48396K)->58955K(98260K)
[0.567s][info][gc,metaspace   ] GC(23) Metaspace: 6298K(6464K)->6298K(6464K) NonClass: 5764K(5824K)->5764K(5824K) Class: 533K(640K)->533K(640K)
[0.567s][info][gc             ] GC(23) Pause Full (Allocation Failure) 59M->59M(139M) 49.311ms
[0.567s][info][gc,cpu         ] GC(23) User=0.05s Sys=0.00s Real=0.05s
[0.611s][info][gc,start       ] GC(24) Pause Young (Allocation Failure)
[0.674s][info][gc,heap        ] GC(24) DefNew: 39424K(44288K)->4863K(44288K) Eden: 39424K(39424K)->0K(39424K) From: 0K(4864K)->4863K(4864K)
[0.674s][info][gc,heap        ] GC(24) Tenured: 58955K(98260K)->93486K(98260K)
[0.674s][info][gc,metaspace   ] GC(24) Metaspace: 6298K(6464K)->6298K(6464K) NonClass: 5764K(5824K)->5764K(5824K) Class: 533K(640K)->533K(640K)
[0.674s][info][gc             ] GC(24) Pause Young (Allocation Failure) 96M->96M(139M) 62.757ms
[0.674s][info][gc,cpu         ] GC(24) User=0.02s Sys=0.03s Real=0.06s
[0.706s][info][gc,start       ] GC(25) Pause Young (Allocation Failure)
[0.778s][info][gc             ] GC(25) Pause Young (Allocation Failure) 134M->134M(173M) 71.906ms
[0.778s][info][gc,cpu         ] GC(25) User=0.03s Sys=0.03s Real=0.07s
[0.778s][info][gc,start       ] GC(26) Pause Full (Allocation Failure)
[0.778s][info][gc,phases,start] GC(26) Phase 1: Mark live objects
[0.836s][info][gc,phases      ] GC(26) Phase 1: Mark live objects 57.716ms
[0.836s][info][gc,phases,start] GC(26) Phase 2: Compute new object addresses
[0.860s][info][gc,phases      ] GC(26) Phase 2: Compute new object addresses 23.953ms
[0.860s][info][gc,phases,start] GC(26) Phase 3: Adjust pointers
[0.891s][info][gc,phases      ] GC(26) Phase 3: Adjust pointers 30.938ms
[0.891s][info][gc,phases,start] GC(26) Phase 4: Move objects
[0.920s][info][gc,phases      ] GC(26) Phase 4: Move objects 28.840ms
[0.920s][info][gc,heap        ] GC(26) DefNew: 44287K(44288K)->1015K(99712K) Eden: 39424K(39424K)->1015K(88640K) From: 4863K(4864K)->0K(11072K)
[0.920s][info][gc,heap        ] GC(26) Tenured: 93486K(98260K)->132887K(221480K)
[0.920s][info][gc,metaspace   ] GC(26) Metaspace: 6298K(6464K)->6298K(6464K) NonClass: 5764K(5824K)->5764K(5824K) Class: 533K(640K)->533K(640K)
[0.920s][info][gc             ] GC(26) Pause Full (Allocation Failure) 134M->130M(313M) 142.287ms
[0.920s][info][gc,cpu         ] GC(26) User=0.12s Sys=0.00s Real=0.14s
[1.022s][info][gc,start       ] GC(27) Pause Young (Allocation Failure)
[1.168s][info][gc,heap        ] GC(27) DefNew: 88640K(99712K)->11071K(99712K) Eden: 88640K(88640K)->0K(88640K) From: 0K(11072K)->11071K(11072K)
[1.168s][info][gc,heap        ] GC(27) Tenured: 132887K(221480K)->210423K(221480K)
[1.168s][info][gc,metaspace   ] GC(27) Metaspace: 6298K(6464K)->6298K(6464K) NonClass: 5764K(5824K)->5764K(5824K) Class: 533K(640K)->533K(640K)
[1.168s][info][gc             ] GC(27) Pause Young (Allocation Failure) 216M->216M(313M) 145.713ms
[1.168s][info][gc,cpu         ] GC(27) User=0.08s Sys=0.06s Real=0.15s
[1.250s][info][gc,start       ] GC(28) Pause Young (Allocation Failure)
[1.419s][info][gc             ] GC(28) Pause Young (Allocation Failure) 302M->302M(389M) 169.433ms
[1.419s][info][gc,cpu         ] GC(28) User=0.16s Sys=0.00s Real=0.17s
[1.419s][info][gc,start       ] GC(29) Pause Full (Allocation Failure)
[1.419s][info][gc,phases,start] GC(29) Phase 1: Mark live objects
[1.561s][info][gc,phases      ] GC(29) Phase 1: Mark live objects 141.823ms
[1.561s][info][gc,phases,start] GC(29) Phase 2: Compute new object addresses
[1.619s][info][gc,phases      ] GC(29) Phase 2: Compute new object addresses 58.017ms
[1.619s][info][gc,phases,start] GC(29) Phase 3: Adjust pointers
[1.675s][info][gc,phases      ] GC(29) Phase 3: Adjust pointers 55.740ms
[1.675s][info][gc,phases,start] GC(29) Phase 4: Move objects
[1.677s][info][gc,phases      ] GC(29) Phase 4: Move objects 2.351ms
[1.678s][info][gc,heap        ] GC(29) DefNew: 99711K(99712K)->10920K(224448K) Eden: 88640K(88640K)->10920K(199552K) From: 11071K(11072K)->0K(24896K)
[1.678s][info][gc,heap        ] GC(29) Tenured: 210423K(221480K)->299179K(498636K)
[1.678s][info][gc,metaspace   ] GC(29) Metaspace: 6298K(6464K)->6298K(6464K) NonClass: 5764K(5824K)->5764K(5824K) Class: 533K(640K)->533K(640K)
[1.678s][info][gc             ] GC(29) Pause Full (Allocation Failure) 302M->302M(706M) 259.240ms
[1.678s][info][gc,cpu         ] GC(29) User=0.25s Sys=0.00s Real=0.26s
[1.894s][info][gc,start       ] GC(30) Pause Young (Allocation Failure)
[2.241s][info][gc,heap        ] GC(30) DefNew: 199552K(224448K)->24895K(224448K) Eden: 199552K(199552K)->0K(199552K) From: 0K(24896K)->24895K(24896K)
[2.241s][info][gc,heap        ] GC(30) Tenured: 299179K(498636K)->473811K(498636K)
[2.241s][info][gc,metaspace   ] GC(30) Metaspace: 6298K(6464K)->6298K(6464K) NonClass: 5764K(5824K)->5764K(5824K) Class: 533K(640K)->533K(640K)
[2.241s][info][gc             ] GC(30) Pause Young (Allocation Failure) 487M->487M(706M) 346.897ms
[2.241s][info][gc,cpu         ] GC(30) User=0.23s Sys=0.08s Real=0.35s
[2.448s][info][gc,start       ] GC(31) Pause Young (Allocation Failure)
[2.864s][info][gc             ] GC(31) Pause Young (Allocation Failure) 681M->681M(876M) 415.748ms
[2.864s][info][gc,cpu         ] GC(31) User=0.30s Sys=0.06s Real=0.42s
[2.864s][info][gc,start       ] GC(32) Pause Full (Allocation Failure)
[2.864s][info][gc,phases,start] GC(32) Phase 1: Mark live objects
[3.179s][info][gc,phases      ] GC(32) Phase 1: Mark live objects 314.799ms
[3.179s][info][gc,phases,start] GC(32) Phase 2: Compute new object addresses
[3.285s][info][gc,phases      ] GC(32) Phase 2: Compute new object addresses 106.773ms
[3.286s][info][gc,phases,start] GC(32) Phase 3: Adjust pointers
[3.402s][info][gc,phases      ] GC(32) Phase 3: Adjust pointers 116.059ms
[3.402s][info][gc,phases,start] GC(32) Phase 4: Move objects
[3.407s][info][gc,phases      ] GC(32) Phase 4: Move objects 5.106ms
[3.409s][info][gc,heap        ] GC(32) DefNew: 224447K(224448K)->24802K(505152K) Eden: 199552K(199552K)->24802K(449088K) From: 24895K(24896K)->0K(56064K)
[3.409s][info][gc,heap        ] GC(32) Tenured: 473811K(498636K)->673423K(1122376K)
[3.409s][info][gc,metaspace   ] GC(32) Metaspace: 6298K(6464K)->6298K(6464K) NonClass: 5764K(5824K)->5764K(5824K) Class: 533K(640K)->533K(640K)
[3.409s][info][gc             ] GC(32) Pause Full (Allocation Failure) 681M->681M(1589M) 545.024ms
[3.409s][info][gc,cpu         ] GC(32) User=0.55s Sys=0.00s Real=0.55s
[3.874s][info][gc,start       ] GC(33) Pause Young (Allocation Failure)
[4.649s][info][gc,heap        ] GC(33) DefNew: 449088K(505152K)->56063K(505152K) Eden: 449088K(449088K)->0K(449088K) From: 0K(56064K)->56063K(56064K)
[4.649s][info][gc,heap        ] GC(33) Tenured: 673423K(1122376K)->1066416K(1122376K)
[4.649s][info][gc,metaspace   ] GC(33) Metaspace: 6298K(6464K)->6298K(6464K) NonClass: 5764K(5824K)->5764K(5824K) Class: 533K(640K)->533K(640K)
[4.650s][info][gc             ] GC(33) Pause Young (Allocation Failure) 1096M->1096M(1589M) 775.484ms
[4.650s][info][gc,cpu         ] GC(33) User=0.73s Sys=0.05s Real=0.78s
[5.143s][info][gc,start       ] GC(34) Pause Young (Allocation Failure)
[5.884s][info][gc             ] GC(34) Pause Young (Allocation Failure) 1534M->1483M(1921M) 741.549ms
[5.885s][info][gc,cpu         ] GC(34) User=0.59s Sys=0.12s Real=0.74s
[5.885s][info][gc,start       ] GC(35) Pause Full (Allocation Failure)
[5.885s][info][gc,phases,start] GC(35) Phase 1: Mark live objects
[6.529s][info][gc,phases      ] GC(35) Phase 1: Mark live objects 644.332ms
[6.529s][info][gc,phases,start] GC(35) Phase 2: Compute new object addresses
[6.743s][info][gc,phases      ] GC(35) Phase 2: Compute new object addresses 214.061ms
[6.743s][info][gc,phases,start] GC(35) Phase 3: Adjust pointers
[6.999s][info][gc,phases      ] GC(35) Phase 3: Adjust pointers 256.062ms
[6.999s][info][gc,phases,start] GC(35) Phase 4: Move objects
[7.010s][info][gc,phases      ] GC(35) Phase 4: Move objects 10.665ms
[7.014s][info][gc,heap        ] GC(35) DefNew: 505151K(505152K)->55946K(1097216K) Eden: 449088K(449088K)->55946K(975360K) From: 56063K(56064K)->0K(121856K)
[7.014s][info][gc,heap        ] GC(35) Tenured: 1066416K(1122376K)->1462859K(2438100K)
[7.014s][info][gc,metaspace   ] GC(35) Metaspace: 6298K(6464K)->6298K(6464K) NonClass: 5764K(5824K)->5764K(5824K) Class: 533K(640K)->533K(640K)
[7.014s][info][gc             ] GC(35) Pause Full (Allocation Failure) 1483M->1483M(3452M) 1129.492ms
[7.014s][info][gc,cpu         ] GC(35) User=1.11s Sys=0.02s Real=1.13s
[7.986s][info][gc,start       ] GC(36) Pause Young (Allocation Failure)
[9.746s][info][gc,heap        ] GC(36) DefNew: 975360K(1097216K)->121856K(1097216K) Eden: 975360K(975360K)->0K(975360K) From: 0K(121856K)->121856K(121856K)
[9.746s][info][gc,heap        ] GC(36) Tenured: 1462859K(2438100K)->2316331K(2438100K)
[9.746s][info][gc,metaspace   ] GC(36) Metaspace: 6298K(6464K)->6298K(6464K) NonClass: 5764K(5824K)->5764K(5824K) Class: 533K(640K)->533K(640K)
[9.746s][info][gc             ] GC(36) Pause Young (Allocation Failure) 2381M->2381M(3452M) 1759.625ms
[9.746s][info][gc,cpu         ] GC(36) User=1.53s Sys=0.20s Real=1.76s
[10.732s][info][gc,start       ] GC(37) Pause Young (Allocation Failure)
[12.434s][info][gc             ] GC(37) Pause Young (Allocation Failure) 3333M->3333M(4286M) 1701.350ms
[12.434s][info][gc,cpu         ] GC(37) User=1.39s Sys=0.30s Real=1.70s
[12.434s][info][gc,start       ] GC(38) Pause Full (Allocation Failure)
[12.434s][info][gc,phases,start] GC(38) Phase 1: Mark live objects
[13.995s][info][gc,phases      ] GC(38) Phase 1: Mark live objects 1561.043ms
[13.995s][info][gc,phases,start] GC(38) Phase 2: Compute new object addresses
[14.513s][info][gc,phases      ] GC(38) Phase 2: Compute new object addresses 518.053ms
[14.513s][info][gc,phases,start] GC(38) Phase 3: Adjust pointers
[15.169s][info][gc,phases      ] GC(38) Phase 3: Adjust pointers 655.531ms
[15.169s][info][gc,phases,start] GC(38) Phase 4: Move objects
[15.810s][info][gc,phases      ] GC(38) Phase 4: Move objects 641.220ms
[15.819s][info][gc,heap        ] GC(38) DefNew: 1097216K(1097216K)->27634K(2468800K) Eden: 975360K(975360K)->27634K(2194496K) From: 121856K(121856K)->0K(274304K)
[15.819s][info][gc,heap        ] GC(38) Tenured: 2316331K(2438100K)->3291671K(5486120K)
[15.819s][info][gc,metaspace   ] GC(38) Metaspace: 6298K(6464K)->6298K(6464K) NonClass: 5764K(5824K)->5764K(5824K) Class: 533K(640K)->533K(640K)
[15.819s][info][gc             ] GC(38) Pause Full (Allocation Failure) 3333M->3241M(7768M) 3385.445ms
[15.819s][info][gc,cpu         ] GC(38) User=3.34s Sys=0.02s Real=3.38s
[18.060s][info][gc,start       ] GC(39) Pause Young (Allocation Failure)
[21.930s][info][gc,heap        ] GC(39) DefNew: 2194496K(2468800K)->274303K(2468800K) Eden: 2194496K(2194496K)->0K(2194496K) From: 0K(274304K)->274303K(274304K)
[21.930s][info][gc,heap        ] GC(39) Tenured: 3291671K(5486120K)->5211833K(5486120K)
[21.930s][info][gc,metaspace   ] GC(39) Metaspace: 6298K(6464K)->6298K(6464K) NonClass: 5764K(5824K)->5764K(5824K) Class: 533K(640K)->533K(640K)
[21.930s][info][gc             ] GC(39) Pause Young (Allocation Failure) 5357M->5357M(7768M) 3869.993ms
[21.930s][info][gc,cpu         ] GC(39) User=3.22s Sys=0.62s Real=3.87s
[24.007s][info][gc,start       ] GC(40) Pause Young (Allocation Failure)
[27.737s][info][gc             ] GC(40) Pause Young (Allocation Failure) 7500M->7500M(9643M) 3730.355ms
[27.737s][info][gc,cpu         ] GC(40) User=3.16s Sys=0.55s Real=3.73s
[27.737s][info][gc,start       ] GC(41) Pause Full (Allocation Failure)
[27.737s][info][gc,phases,start] GC(41) Phase 1: Mark live objects
[31.286s][info][gc,phases      ] GC(41) Phase 1: Mark live objects 3549.088ms
[31.286s][info][gc,phases,start] GC(41) Phase 2: Compute new object addresses
[32.503s][info][gc,phases      ] GC(41) Phase 2: Compute new object addresses 1216.222ms
[32.503s][info][gc,phases,start] GC(41) Phase 3: Adjust pointers
[33.770s][info][gc,phases      ] GC(41) Phase 3: Adjust pointers 1266.827ms
[33.770s][info][gc,phases,start] GC(41) Phase 4: Move objects
[33.796s][info][gc,phases      ] GC(41) Phase 4: Move objects 26.713ms
[33.907s][info][gc,heap        ] GC(41) DefNew: 2468799K(2468800K)->274304K(4208640K) Eden: 2194496K(2194496K)->274304K(3741056K) From: 274303K(274304K)->0K(467584K)
[33.907s][info][gc,heap        ] GC(41) Tenured: 5211833K(5486120K)->7406299K(9352576K)
[33.907s][info][gc,metaspace   ] GC(41) Metaspace: 6298K(6464K)->6298K(6464K) NonClass: 5764K(5824K)->5764K(5824K) Class: 533K(640K)->533K(640K)
[33.907s][info][gc             ] GC(41) Pause Full (Allocation Failure) 7500M->7500M(13243M) 6169.377ms
[33.907s][info][gc,cpu         ] GC(41) User=6.02s Sys=0.00s Real=6.17s
[37.260s][info][gc,start       ] GC(42) Pause Young (Allocation Failure)
[37.260s][info][gc             ] GC(42) Pause Young (Allocation Failure) 10886M->10886M(13243M) 0.120ms
[37.260s][info][gc,cpu         ] GC(42) User=0.00s Sys=0.00s Real=0.00s
[37.260s][info][gc,start       ] GC(43) Pause Full (Allocation Failure)
[37.260s][info][gc,phases,start] GC(43) Phase 1: Mark live objects
[42.326s][info][gc,phases      ] GC(43) Phase 1: Mark live objects 5066.238ms
[42.326s][info][gc,phases,start] GC(43) Phase 2: Compute new object addresses
[44.015s][info][gc,phases      ] GC(43) Phase 2: Compute new object addresses 1688.942ms
[44.015s][info][gc,phases,start] GC(43) Phase 3: Adjust pointers
[46.307s][info][gc,phases      ] GC(43) Phase 3: Adjust pointers 2292.106ms
[46.307s][info][gc,phases,start] GC(43) Phase 4: Move objects
[47.445s][info][gc,phases      ] GC(43) Phase 4: Move objects 1137.344ms
[47.446s][info][gc,heap        ] GC(43) DefNew: 3741056K(4208640K)->1794747K(4208640K) Eden: 3741056K(3741056K)->1794747K(3741056K) From: 0K(467584K)->0K(467584K)
[47.446s][info][gc,heap        ] GC(43) Tenured: 7406299K(9352576K)->9352576K(9352576K)
[47.446s][info][gc,metaspace   ] GC(43) Metaspace: 6298K(6464K)->6298K(6464K) NonClass: 5764K(5824K)->5764K(5824K) Class: 533K(640K)->533K(640K)
[47.446s][info][gc             ] GC(43) Pause Full (Allocation Failure) 10886M->10886M(13243M) 10185.963ms
[47.446s][info][gc,cpu         ] GC(43) User=9.61s Sys=0.44s Real=10.19s
[52.412s][info][gc,start       ] GC(44) Pause Full (Allocation Failure)
[52.412s][info][gc,phases,start] GC(44) Phase 1: Mark live objects
[58.549s][info][gc,phases      ] GC(44) Phase 1: Mark live objects 6136.528ms
[58.549s][info][gc,phases,start] GC(44) Phase 2: Compute new object addresses
[60.300s][info][gc,phases      ] GC(44) Phase 2: Compute new object addresses 1751.478ms
[60.300s][info][gc,phases,start] GC(44) Phase 3: Adjust pointers
[62.796s][info][gc,phases      ] GC(44) Phase 3: Adjust pointers 2495.133ms
[62.796s][info][gc,phases,start] GC(44) Phase 4: Move objects
[63.130s][info][gc,phases      ] GC(44) Phase 4: Move objects 334.325ms
[63.131s][info][gc,heap        ] GC(44) DefNew: 4208639K(4208640K)->4208626K(4208640K) Eden: 3741056K(3741056K)->3741055K(3741056K) From: 467583K(467584K)->467570K(467584K)
[63.131s][info][gc,heap        ] GC(44) Tenured: 9352576K(9352576K)->9352576K(9352576K)
[63.131s][info][gc,metaspace   ] GC(44) Metaspace: 6298K(6464K)->6298K(6464K) NonClass: 5764K(5824K)->5764K(5824K) Class: 533K(640K)->533K(640K)
[63.131s][info][gc             ] GC(44) Pause Full (Allocation Failure) 13243M->13243M(13243M) 10718.878ms
[63.131s][info][gc,cpu         ] GC(44) User=10.59s Sys=0.00s Real=10.72s
[63.131s][info][gc,start       ] GC(45) Pause Full (Allocation Failure)
[63.131s][info][gc,phases,start] GC(45) Phase 1: Mark live objects
[68.934s][info][gc,phases      ] GC(45) Phase 1: Mark live objects 5802.710ms
[68.934s][info][gc,phases,start] GC(45) Phase 2: Compute new object addresses
[70.697s][info][gc,phases      ] GC(45) Phase 2: Compute new object addresses 1762.524ms
[70.697s][info][gc,phases,start] GC(45) Phase 3: Adjust pointers
[73.552s][info][gc,phases      ] GC(45) Phase 3: Adjust pointers 2854.976ms
[73.552s][info][gc,phases,start] GC(45) Phase 4: Move objects
[75.481s][info][gc,phases      ] GC(45) Phase 4: Move objects 1928.915ms
[75.481s][info][gc,heap        ] GC(45) DefNew: 4208639K(4208640K)->3815423K(4208640K) Eden: 3741056K(3741056K)->3741055K(3741056K) From: 467583K(467584K)->74367K(467584K)
[75.481s][info][gc,heap        ] GC(45) Tenured: 9352576K(9352576K)->9352575K(9352576K)
[75.481s][info][gc,metaspace   ] GC(45) Metaspace: 6298K(6464K)->6298K(6464K) NonClass: 5764K(5824K)->5764K(5824K) Class: 533K(640K)->533K(640K)
[75.482s][info][gc             ] GC(45) Pause Full (Allocation Failure) 13243M->12859M(13243M) 12350.277ms
[75.482s][info][gc,cpu         ] GC(45) User=12.19s Sys=0.00s Real=12.35s
[76.585s][info][gc,start       ] GC(46) Pause Full (Allocation Failure)
[76.585s][info][gc,phases,start] GC(46) Phase 1: Mark live objects
[82.558s][info][gc,phases      ] GC(46) Phase 1: Mark live objects 5973.145ms
[82.558s][info][gc,phases,start] GC(46) Phase 2: Compute new object addresses
[84.366s][info][gc,phases      ] GC(46) Phase 2: Compute new object addresses 1808.411ms
[84.366s][info][gc,phases,start] GC(46) Phase 3: Adjust pointers
[86.849s][info][gc,phases      ] GC(46) Phase 3: Adjust pointers 2482.445ms
[86.849s][info][gc,phases,start] GC(46) Phase 4: Move objects
[86.849s][info][gc,phases      ] GC(46) Phase 4: Move objects 0.017ms
[86.850s][info][gc,heap        ] GC(46) DefNew: 4208639K(4208640K)->4208639K(4208640K) Eden: 3741056K(3741056K)->3741056K(3741056K) From: 467583K(467584K)->467583K(467584K)
[86.850s][info][gc,heap        ] GC(46) Tenured: 9352575K(9352576K)->9352575K(9352576K)
[86.850s][info][gc,metaspace   ] GC(46) Metaspace: 6298K(6464K)->6298K(6464K) NonClass: 5764K(5824K)->5764K(5824K) Class: 533K(640K)->533K(640K)
[86.850s][info][gc             ] GC(46) Pause Full (Allocation Failure) 13243M->13243M(13243M) 10265.047ms
[86.850s][info][gc,cpu         ] GC(46) User=10.17s Sys=0.00s Real=10.26s
[86.850s][info][gc,start       ] GC(47) Pause Full (Allocation Failure)
[86.850s][info][gc,phases,start] GC(47) Phase 1: Mark live objects
[92.819s][info][gc,phases      ] GC(47) Phase 1: Mark live objects 5969.338ms
[92.819s][info][gc,phases,start] GC(47) Phase 2: Compute new object addresses
[94.628s][info][gc,phases      ] GC(47) Phase 2: Compute new object addresses 1809.049ms
[94.628s][info][gc,phases,start] GC(47) Phase 3: Adjust pointers
[97.637s][info][gc,phases      ] GC(47) Phase 3: Adjust pointers 3008.487ms
[97.637s][info][gc,phases,start] GC(47) Phase 4: Move objects
[99.832s][info][gc,phases      ] GC(47) Phase 4: Move objects 2195.232ms
[99.833s][info][gc,heap        ] GC(47) DefNew: 4208639K(4208640K)->4208635K(4208640K) Eden: 3741056K(3741056K)->3741055K(3741056K) From: 467583K(467584K)->467579K(467584K)
[99.833s][info][gc,heap        ] GC(47) Tenured: 9352575K(9352576K)->9352575K(9352576K)
[99.833s][info][gc,metaspace   ] GC(47) Metaspace: 6298K(6464K)->6296K(6464K) NonClass: 5764K(5824K)->5763K(5824K) Class: 533K(640K)->532K(640K)
[99.833s][info][gc             ] GC(47) Pause Full (Allocation Failure) 13243M->13243M(13243M) 12983.174ms
[99.833s][info][gc,cpu         ] GC(47) User=12.84s Sys=0.00s Real=12.98s
[99.833s][info][gc,start       ] GC(48) Pause Full (Allocation Failure)
[99.833s][info][gc,phases,start] GC(48) Phase 1: Mark live objects
[105.845s][info][gc,phases      ] GC(48) Phase 1: Mark live objects 6011.703ms
[105.845s][info][gc,phases,start] GC(48) Phase 2: Compute new object addresses
[107.651s][info][gc,phases      ] GC(48) Phase 2: Compute new object addresses 1805.688ms
[107.651s][info][gc,phases,start] GC(48) Phase 3: Adjust pointers
[110.133s][info][gc,phases      ] GC(48) Phase 3: Adjust pointers 2481.972ms
[110.133s][info][gc,phases,start] GC(48) Phase 4: Move objects
[110.133s][info][gc,phases      ] GC(48) Phase 4: Move objects 0.017ms
[110.134s][info][gc,heap        ] GC(48) DefNew: 4208639K(4208640K)->4208639K(4208640K) Eden: 3741055K(3741056K)->3741055K(3741056K) From: 467583K(467584K)->467583K(467584K)
[110.134s][info][gc,heap        ] GC(48) Tenured: 9352575K(9352576K)->9352575K(9352576K)
[110.134s][info][gc,metaspace   ] GC(48) Metaspace: 6296K(6464K)->6296K(6464K) NonClass: 5763K(5824K)->5763K(5824K) Class: 532K(640K)->532K(640K)
[110.134s][info][gc             ] GC(48) Pause Full (Allocation Failure) 13243M->13243M(13243M) 10300.388ms
[110.134s][info][gc,cpu         ] GC(48) User=10.23s Sys=0.00s Real=10.30s
[110.134s][info][gc,start       ] GC(49) Pause Full (Allocation Failure)
[110.134s][info][gc,phases,start] GC(49) Phase 1: Mark live objects
[116.158s][info][gc,phases      ] GC(49) Phase 1: Mark live objects 6023.909ms
[116.158s][info][gc,phases,start] GC(49) Phase 2: Compute new object addresses
[117.990s][info][gc,phases      ] GC(49) Phase 2: Compute new object addresses 1832.583ms
[117.991s][info][gc,phases,start] GC(49) Phase 3: Adjust pointers
[120.462s][info][gc,phases      ] GC(49) Phase 3: Adjust pointers 2471.309ms
[120.462s][info][gc,phases,start] GC(49) Phase 4: Move objects
[120.462s][info][gc,phases      ] GC(49) Phase 4: Move objects 0.017ms
[120.463s][info][gc,heap        ] GC(49) DefNew: 4208639K(4208640K)->4208639K(4208640K) Eden: 3741055K(3741056K)->3741055K(3741056K) From: 467583K(467584K)->467583K(467584K)
[120.463s][info][gc,heap        ] GC(49) Tenured: 9352575K(9352576K)->9352575K(9352576K)
[120.463s][info][gc,metaspace   ] GC(49) Metaspace: 6296K(6464K)->6296K(6464K) NonClass: 5763K(5824K)->5763K(5824K) Class: 532K(640K)->532K(640K)
[120.463s][info][gc             ] GC(49) Pause Full (Allocation Failure) 13243M->13243M(13243M) 10328.791ms
[120.463s][info][gc,cpu         ] GC(49) User=10.20s Sys=0.00s Real=10.33s
[120.463s][info][gc,start       ] GC(50) Pause Full (Allocation Failure)
[120.463s][info][gc,phases,start] GC(50) Phase 1: Mark live objects
[126.458s][info][gc,phases      ] GC(50) Phase 1: Mark live objects 5994.862ms
[126.458s][info][gc,phases,start] GC(50) Phase 2: Compute new object addresses
[128.353s][info][gc,phases      ] GC(50) Phase 2: Compute new object addresses 1894.909ms
[128.353s][info][gc,phases,start] GC(50) Phase 3: Adjust pointers
[130.934s][info][gc,phases      ] GC(50) Phase 3: Adjust pointers 2581.121ms
[130.934s][info][gc,phases,start] GC(50) Phase 4: Move objects
[130.934s][info][gc,phases      ] GC(50) Phase 4: Move objects 0.017ms
[130.935s][info][gc,heap        ] GC(50) DefNew: 4208639K(4208640K)->4208639K(4208640K) Eden: 3741055K(3741056K)->3741055K(3741056K) From: 467583K(467584K)->467583K(467584K)
[130.935s][info][gc,heap        ] GC(50) Tenured: 9352575K(9352576K)->9352575K(9352576K)
[130.935s][info][gc,metaspace   ] GC(50) Metaspace: 6296K(6464K)->6296K(6464K) NonClass: 5763K(5824K)->5763K(5824K) Class: 532K(640K)->532K(640K)
[130.935s][info][gc             ] GC(50) Pause Full (Allocation Failure) 13243M->13243M(13243M) 10471.983ms
[130.935s][info][gc,cpu         ] GC(50) User=10.27s Sys=0.00s Real=10.47s
[130.935s][info][gc,start       ] GC(51) Pause Full (Allocation Failure)
[130.935s][info][gc,phases,start] GC(51) Phase 1: Mark live objects
[136.996s][info][gc,phases      ] GC(51) Phase 1: Mark live objects 6061.161ms
[136.996s][info][gc,phases,start] GC(51) Phase 2: Compute new object addresses
[138.848s][info][gc,phases      ] GC(51) Phase 2: Compute new object addresses 1851.486ms
[138.848s][info][gc,phases,start] GC(51) Phase 3: Adjust pointers
[141.868s][info][gc,phases      ] GC(51) Phase 3: Adjust pointers 3020.211ms
[141.868s][info][gc,phases,start] GC(51) Phase 4: Move objects
[144.055s][info][gc,phases      ] GC(51) Phase 4: Move objects 2186.477ms
[144.055s][info][gc,heap        ] GC(51) DefNew: 4208639K(4208640K)->4208638K(4208640K) Eden: 3741055K(3741056K)->3741055K(3741056K) From: 467583K(467584K)->467582K(467584K)
[144.055s][info][gc,heap        ] GC(51) Tenured: 9352575K(9352576K)->9352575K(9352576K)
[144.055s][info][gc,metaspace   ] GC(51) Metaspace: 6296K(6464K)->6296K(6464K) NonClass: 5763K(5824K)->5763K(5824K) Class: 532K(640K)->532K(640K)
[144.055s][info][gc             ] GC(51) Pause Full (Allocation Failure) 13243M->13243M(13243M) 13120.425ms
[144.055s][info][gc,cpu         ] GC(51) User=13.02s Sys=0.00s Real=13.12s
[144.057s][info][gc,start       ] GC(52) Pause Full (Allocation Failure)
[144.057s][info][gc,phases,start] GC(52) Phase 1: Mark live objects
[150.290s][info][gc,phases      ] GC(52) Phase 1: Mark live objects 6232.802ms
[150.290s][info][gc,phases,start] GC(52) Phase 2: Compute new object addresses
[152.141s][info][gc,phases      ] GC(52) Phase 2: Compute new object addresses 1850.824ms
[152.141s][info][gc,phases,start] GC(52) Phase 3: Adjust pointers
[154.657s][info][gc,phases      ] GC(52) Phase 3: Adjust pointers 2516.767ms
[154.657s][info][gc,phases,start] GC(52) Phase 4: Move objects
[154.657s][info][gc,phases      ] GC(52) Phase 4: Move objects 0.018ms
[154.658s][info][gc,heap        ] GC(52) DefNew: 4208639K(4208640K)->4208639K(4208640K) Eden: 3741055K(3741056K)->3741055K(3741056K) From: 467583K(467584K)->467583K(467584K)
[154.658s][info][gc,heap        ] GC(52) Tenured: 9352575K(9352576K)->9352575K(9352576K)
[154.658s][info][gc,metaspace   ] GC(52) Metaspace: 6298K(6464K)->6298K(6464K) NonClass: 5764K(5824K)->5764K(5824K) Class: 533K(640K)->533K(640K)
[154.658s][info][gc             ] GC(52) Pause Full (Allocation Failure) 13243M->13243M(13243M) 10601.440ms
[154.658s][info][gc,cpu         ] GC(52) User=10.33s Sys=0.00s Real=10.60s
[154.660s][info][gc,heap,exit   ] Heap
[154.660s][info][gc,heap,exit   ]  def new generation   total 4208640K, used 4208639K [0x00000004a7c00000, 0x00000005c52a0000, 0x00000005c52a0000)
[154.660s][info][gc,heap,exit   ]   eden space 3741056K,  99% used [0x00000004a7c00000, 0x000000058c15fff8, 0x000000058c160000)
[154.660s][info][gc,heap,exit   ]   from space 467584K,  99% used [0x000000058c160000, 0x00000005a89fff98, 0x00000005a8a00000)
[154.660s][info][gc,heap,exit   ]   to   space 467584K,   0% used [0x00000005a8a00000, 0x00000005a8a00000, 0x00000005c52a0000)
[154.660s][info][gc,heap,exit   ]  tenured generation   total 9352576K, used 9352575K [0x00000005c52a0000, 0x0000000800000000, 0x0000000800000000)
[154.660s][info][gc,heap,exit   ]    the space 9352576K,  99% used [0x00000005c52a0000, 0x00000007ffffffc8, 0x0000000800000000, 0x0000000800000000)
[154.660s][info][gc,heap,exit   ]  Metaspace       used 6301K, committed 6464K, reserved 1114112K
[154.660s][info][gc,heap,exit   ]   class space    used 534K, committed 640K, reserved 1048576K
