[0.011s][info][gc,init] CardTable entry size: 512
[0.012s][info][gc     ] Using Serial
[0.012s][info][gc,init] Version: 18.0.1+10 (release)
[0.012s][info][gc,init] CPUs: 8 total, 8 available
[0.012s][info][gc,init] Memory: 16063M
[0.012s][info][gc,init] Large Page Support: Disabled
[0.012s][info][gc,init] NUMA Support: Disabled
[0.012s][info][gc,init] Compressed Oops: Enabled (Zero based)
[0.012s][info][gc,init] Heap Min Capacity: 2M
[0.012s][info][gc,init] Heap Initial Capacity: 2M
[0.012s][info][gc,init] Heap Max Capacity: 13400M
[0.012s][info][gc,init] Pre-touch: Disabled
[0.012s][info][gc,metaspace] CDS archive(s) not mapped
[0.012s][info][gc,metaspace] Compressed class space mapped at: 0x0000000800000000-0x0000000840000000, reserved size: 1073741824
[0.012s][info][gc,metaspace] Narrow klass base: 0x0000000800000000, Narrow klass shift: 0, Narrow klass range: 0x40000000
[0.190s][info][gc,start    ] GC(0) Pause Young (Allocation Failure)
[0.192s][info][gc,heap     ] GC(0) DefNew: 1023K(1152K)->127K(1152K) Eden: 1023K(1024K)->0K(1024K) From: 0K(128K)->127K(128K)
[0.192s][info][gc,heap     ] GC(0) Tenured: 0K(768K)->439K(768K)
[0.192s][info][gc,metaspace] GC(0) Metaspace: 5898K(6016K)->5898K(6016K) NonClass: 5398K(5504K)->5398K(5504K) Class: 499K(512K)->499K(512K)
[0.192s][info][gc          ] GC(0) Pause Young (Allocation Failure) 0M->0M(1M) 2.014ms
[0.192s][info][gc,cpu      ] GC(0) User=0.00s Sys=0.00s Real=0.00s
[0.215s][info][gc,start    ] GC(1) Pause Young (Allocation Failure)
[0.217s][info][gc          ] GC(1) Pause Young (Allocation Failure) 1M->0M(2M) 1.453ms
[0.217s][info][gc,cpu      ] GC(1) User=0.00s Sys=0.00s Real=0.00s
[0.217s][info][gc,start    ] GC(2) Pause Full (Allocation Failure)
[0.217s][info][gc,phases,start] GC(2) Phase 1: Mark live objects
[0.218s][info][gc,phases      ] GC(2) Phase 1: Mark live objects 1.391ms
[0.218s][info][gc,phases,start] GC(2) Phase 2: Compute new object addresses
[0.219s][info][gc,phases      ] GC(2) Phase 2: Compute new object addresses 0.354ms
[0.219s][info][gc,phases,start] GC(2) Phase 3: Adjust pointers
[0.220s][info][gc,phases      ] GC(2) Phase 3: Adjust pointers 0.782ms
[0.220s][info][gc,phases,start] GC(2) Phase 4: Move objects
[0.220s][info][gc,phases      ] GC(2) Phase 4: Move objects 0.101ms
[0.220s][info][gc,heap        ] GC(2) DefNew: 1151K(1152K)->40K(1152K) Eden: 1024K(1024K)->40K(1024K) From: 127K(128K)->0K(128K)
[0.220s][info][gc,heap        ] GC(2) Tenured: 439K(768K)->959K(1600K)
[0.220s][info][gc,metaspace   ] GC(2) Metaspace: 6296K(6464K)->6296K(6464K) NonClass: 5762K(5824K)->5762K(5824K) Class: 533K(640K)->533K(640K)
[0.220s][info][gc             ] GC(2) Pause Full (Allocation Failure) 0M->0M(2M) 3.097ms
[0.220s][info][gc,cpu         ] GC(2) User=0.00s Sys=0.00s Real=0.00s
[0.222s][info][gc,start       ] GC(3) Pause Young (Allocation Failure)
[0.224s][info][gc,heap        ] GC(3) DefNew: 1024K(1152K)->128K(1152K) Eden: 1024K(1024K)->0K(1024K) From: 0K(128K)->128K(128K)
[0.224s][info][gc,heap        ] GC(3) Tenured: 959K(1600K)->1374K(1600K)
[0.224s][info][gc,metaspace   ] GC(3) Metaspace: 6296K(6464K)->6296K(6464K) NonClass: 5762K(5824K)->5762K(5824K) Class: 533K(640K)->533K(640K)
[0.224s][info][gc             ] GC(3) Pause Young (Allocation Failure) 1M->1M(2M) 2.233ms
[0.224s][info][gc,cpu         ] GC(3) User=0.00s Sys=0.00s Real=0.00s
[0.226s][info][gc,start       ] GC(4) Pause Young (Allocation Failure)
[0.228s][info][gc             ] GC(4) Pause Young (Allocation Failure) 2M->1M(3M) 1.390ms
[0.228s][info][gc,cpu         ] GC(4) User=0.00s Sys=0.00s Real=0.00s
[0.228s][info][gc,start       ] GC(5) Pause Full (Allocation Failure)
[0.228s][info][gc,phases,start] GC(5) Phase 1: Mark live objects
[0.229s][info][gc,phases      ] GC(5) Phase 1: Mark live objects 1.485ms
[0.229s][info][gc,phases,start] GC(5) Phase 2: Compute new object addresses
[0.230s][info][gc,phases      ] GC(5) Phase 2: Compute new object addresses 0.370ms
[0.230s][info][gc,phases,start] GC(5) Phase 3: Adjust pointers
[0.230s][info][gc,phases      ] GC(5) Phase 3: Adjust pointers 0.669ms
[0.230s][info][gc,phases,start] GC(5) Phase 4: Move objects
[0.231s][info][gc,phases      ] GC(5) Phase 4: Move objects 0.068ms
[0.231s][info][gc,heap        ] GC(5) DefNew: 1152K(1152K)->34K(1536K) Eden: 1024K(1024K)->34K(1408K) From: 128K(128K)->0K(128K)
[0.231s][info][gc,heap        ] GC(5) Tenured: 1374K(1600K)->1984K(3308K)
[0.231s][info][gc,metaspace   ] GC(5) Metaspace: 6296K(6464K)->6296K(6464K) NonClass: 5762K(5824K)->5762K(5824K) Class: 533K(640K)->533K(640K)
[0.231s][info][gc             ] GC(5) Pause Full (Allocation Failure) 1M->1M(4M) 3.053ms
[0.231s][info][gc,cpu         ] GC(5) User=0.00s Sys=0.00s Real=0.00s
[0.233s][info][gc,start       ] GC(6) Pause Young (Allocation Failure)
[0.235s][info][gc,heap        ] GC(6) DefNew: 1407K(1536K)->127K(1536K) Eden: 1407K(1408K)->0K(1408K) From: 0K(128K)->127K(128K)
[0.235s][info][gc,heap        ] GC(6) Tenured: 1984K(3308K)->2617K(3308K)
[0.235s][info][gc,metaspace   ] GC(6) Metaspace: 6296K(6464K)->6296K(6464K) NonClass: 5762K(5824K)->5762K(5824K) Class: 533K(640K)->533K(640K)
[0.235s][info][gc             ] GC(6) Pause Young (Allocation Failure) 3M->2M(4M) 2.032ms
[0.235s][info][gc,cpu         ] GC(6) User=0.00s Sys=0.00s Real=0.00s
[0.238s][info][gc,start       ] GC(7) Pause Young (Allocation Failure)
[0.240s][info][gc             ] GC(7) Pause Young (Allocation Failure) 4M->3M(4M) 2.261ms
[0.240s][info][gc,cpu         ] GC(7) User=0.00s Sys=0.00s Real=0.00s
[0.240s][info][gc,start       ] GC(8) Pause Full (Allocation Failure)
[0.240s][info][gc,phases,start] GC(8) Phase 1: Mark live objects
[0.243s][info][gc,phases      ] GC(8) Phase 1: Mark live objects 2.797ms
[0.243s][info][gc,phases,start] GC(8) Phase 2: Compute new object addresses
[0.244s][info][gc,phases      ] GC(8) Phase 2: Compute new object addresses 0.871ms
[0.244s][info][gc,phases,start] GC(8) Phase 3: Adjust pointers
[0.245s][info][gc,phases      ] GC(8) Phase 3: Adjust pointers 1.198ms
[0.245s][info][gc,phases,start] GC(8) Phase 4: Move objects
[0.245s][info][gc,phases      ] GC(8) Phase 4: Move objects 0.106ms
[0.245s][info][gc,heap        ] GC(8) DefNew: 1535K(1536K)->0K(2688K) Eden: 1408K(1408K)->0K(2432K) From: 127K(128K)->0K(256K)
[0.245s][info][gc,heap        ] GC(8) Tenured: 2617K(3308K)->3459K(5768K)
[0.245s][info][gc,metaspace   ] GC(8) Metaspace: 6296K(6464K)->6296K(6464K) NonClass: 5762K(5824K)->5762K(5824K) Class: 533K(640K)->533K(640K)
[0.246s][info][gc             ] GC(8) Pause Full (Allocation Failure) 3M->3M(8M) 5.375ms
[0.246s][info][gc,cpu         ] GC(8) User=0.00s Sys=0.00s Real=0.01s
[0.251s][info][gc,start       ] GC(9) Pause Young (Allocation Failure)
[0.254s][info][gc,heap        ] GC(9) DefNew: 2432K(2688K)->256K(2688K) Eden: 2432K(2432K)->0K(2432K) From: 0K(256K)->256K(256K)
[0.255s][info][gc,heap        ] GC(9) Tenured: 3459K(5768K)->4512K(5768K)
[0.255s][info][gc,metaspace   ] GC(9) Metaspace: 6296K(6464K)->6296K(6464K) NonClass: 5762K(5824K)->5762K(5824K) Class: 533K(640K)->533K(640K)
[0.255s][info][gc             ] GC(9) Pause Young (Allocation Failure) 5M->4M(8M) 3.913ms
[0.255s][info][gc,cpu         ] GC(9) User=0.00s Sys=0.00s Real=0.00s
[0.258s][info][gc,start       ] GC(10) Pause Young (Allocation Failure)
[0.262s][info][gc,heap        ] GC(10) DefNew: 2688K(2688K)->255K(2688K) Eden: 2432K(2432K)->0K(2432K) From: 256K(256K)->255K(256K)
[0.262s][info][gc,heap        ] GC(10) Tenured: 4512K(5768K)->5754K(5768K)
[0.262s][info][gc,metaspace   ] GC(10) Metaspace: 6296K(6464K)->6296K(6464K) NonClass: 5762K(5824K)->5762K(5824K) Class: 533K(640K)->533K(640K)
[0.262s][info][gc             ] GC(10) Pause Young (Allocation Failure) 7M->5M(8M) 4.023ms
[0.262s][info][gc,cpu         ] GC(10) User=0.00s Sys=0.00s Real=0.00s
[0.266s][info][gc,start       ] GC(11) Pause Young (Allocation Failure)
[0.271s][info][gc             ] GC(11) Pause Young (Allocation Failure) 8M->7M(9M) 4.334ms
[0.271s][info][gc,cpu         ] GC(11) User=0.00s Sys=0.00s Real=0.00s
[0.271s][info][gc,start       ] GC(12) Pause Full (Allocation Failure)
[0.271s][info][gc,phases,start] GC(12) Phase 1: Mark live objects
[0.276s][info][gc,phases      ] GC(12) Phase 1: Mark live objects 5.328ms
[0.276s][info][gc,phases,start] GC(12) Phase 2: Compute new object addresses
[0.278s][info][gc,phases      ] GC(12) Phase 2: Compute new object addresses 1.575ms
[0.278s][info][gc,phases,start] GC(12) Phase 3: Adjust pointers
[0.280s][info][gc,phases      ] GC(12) Phase 3: Adjust pointers 1.943ms
[0.280s][info][gc,phases,start] GC(12) Phase 4: Move objects
[0.282s][info][gc,phases      ] GC(12) Phase 4: Move objects 1.582ms
[0.282s][info][gc,heap        ] GC(12) DefNew: 2687K(2688K)->0K(5376K) Eden: 2432K(2432K)->0K(4800K) From: 255K(256K)->0K(576K)
[0.282s][info][gc,heap        ] GC(12) Tenured: 5754K(5768K)->7132K(11888K)
[0.282s][info][gc,metaspace   ] GC(12) Metaspace: 6296K(6464K)->6296K(6464K) NonClass: 5762K(5824K)->5762K(5824K) Class: 533K(640K)->533K(640K)
[0.282s][info][gc             ] GC(12) Pause Full (Allocation Failure) 7M->6M(16M) 10.968ms
[0.282s][info][gc,cpu         ] GC(12) User=0.00s Sys=0.00s Real=0.01s
[0.289s][info][gc,start       ] GC(13) Pause Young (Allocation Failure)
[0.294s][info][gc,heap        ] GC(13) DefNew: 4800K(5376K)->576K(5376K) Eden: 4800K(4800K)->0K(4800K) From: 0K(576K)->576K(576K)
[0.294s][info][gc,heap        ] GC(13) Tenured: 7132K(11888K)->9027K(11888K)
[0.294s][info][gc,metaspace   ] GC(13) Metaspace: 6296K(6464K)->6296K(6464K) NonClass: 5762K(5824K)->5762K(5824K) Class: 533K(640K)->533K(640K)
[0.294s][info][gc             ] GC(13) Pause Young (Allocation Failure) 11M->9M(16M) 5.345ms
[0.294s][info][gc,cpu         ] GC(13) User=0.00s Sys=0.00s Real=0.01s
[0.300s][info][gc,start       ] GC(14) Pause Young (Allocation Failure)
[0.308s][info][gc,heap        ] GC(14) DefNew: 5376K(5376K)->576K(5376K) Eden: 4800K(4800K)->0K(4800K) From: 576K(576K)->576K(576K)
[0.308s][info][gc,heap        ] GC(14) Tenured: 9027K(11888K)->11746K(11888K)
[0.308s][info][gc,metaspace   ] GC(14) Metaspace: 6296K(6464K)->6296K(6464K) NonClass: 5762K(5824K)->5762K(5824K) Class: 533K(640K)->533K(640K)
[0.308s][info][gc             ] GC(14) Pause Young (Allocation Failure) 14M->12M(16M) 7.336ms
[0.308s][info][gc,cpu         ] GC(14) User=0.00s Sys=0.00s Real=0.01s
[0.312s][info][gc,start       ] GC(15) Pause Young (Allocation Failure)
[0.319s][info][gc             ] GC(15) Pause Young (Allocation Failure) 16M->14M(19M) 7.097ms
[0.319s][info][gc,cpu         ] GC(15) User=0.00s Sys=0.00s Real=0.01s
[0.319s][info][gc,start       ] GC(16) Pause Full (Allocation Failure)
[0.319s][info][gc,phases,start] GC(16) Phase 1: Mark live objects
[0.329s][info][gc,phases      ] GC(16) Phase 1: Mark live objects 9.143ms
[0.329s][info][gc,phases,start] GC(16) Phase 2: Compute new object addresses
[0.332s][info][gc,phases      ] GC(16) Phase 2: Compute new object addresses 2.905ms
[0.332s][info][gc,phases,start] GC(16) Phase 3: Adjust pointers
[0.335s][info][gc,phases      ] GC(16) Phase 3: Adjust pointers 3.466ms
[0.335s][info][gc,phases,start] GC(16) Phase 4: Move objects
[0.335s][info][gc,phases      ] GC(16) Phase 4: Move objects 0.229ms
[0.336s][info][gc,heap        ] GC(16) DefNew: 5376K(5376K)->399K(10880K) Eden: 4800K(4800K)->399K(9728K) From: 576K(576K)->0K(1152K)
[0.336s][info][gc,heap        ] GC(16) Tenured: 11746K(11888K)->14383K(23976K)
[0.336s][info][gc,metaspace   ] GC(16) Metaspace: 6297K(6464K)->6297K(6464K) NonClass: 5764K(5824K)->5764K(5824K) Class: 533K(640K)->533K(640K)
[0.336s][info][gc             ] GC(16) Pause Full (Allocation Failure) 14M->14M(34M) 16.153ms
[0.336s][info][gc,cpu         ] GC(16) User=0.02s Sys=0.00s Real=0.02s
[0.344s][info][gc,start       ] GC(17) Pause Young (Allocation Failure)
[0.356s][info][gc,heap        ] GC(17) DefNew: 9728K(10880K)->1151K(10880K) Eden: 9728K(9728K)->0K(9728K) From: 0K(1152K)->1151K(1152K)
[0.356s][info][gc,heap        ] GC(17) Tenured: 14383K(23976K)->18403K(23976K)
[0.356s][info][gc,metaspace   ] GC(17) Metaspace: 6297K(6464K)->6297K(6464K) NonClass: 5764K(5824K)->5764K(5824K) Class: 533K(640K)->533K(640K)
[0.356s][info][gc             ] GC(17) Pause Young (Allocation Failure) 23M->19M(34M) 12.079ms
[0.356s][info][gc,cpu         ] GC(17) User=0.00s Sys=0.00s Real=0.01s
[0.363s][info][gc,start       ] GC(18) Pause Young (Allocation Failure)
[0.375s][info][gc,heap        ] GC(18) DefNew: 10879K(10880K)->1151K(10880K) Eden: 9728K(9728K)->0K(9728K) From: 1151K(1152K)->1151K(1152K)
[0.375s][info][gc,heap        ] GC(18) Tenured: 18403K(23976K)->23925K(23976K)
[0.375s][info][gc,metaspace   ] GC(18) Metaspace: 6297K(6464K)->6297K(6464K) NonClass: 5764K(5824K)->5764K(5824K) Class: 533K(640K)->533K(640K)
[0.375s][info][gc             ] GC(18) Pause Young (Allocation Failure) 28M->24M(34M) 11.624ms
[0.375s][info][gc,cpu         ] GC(18) User=0.00s Sys=0.00s Real=0.01s
[0.387s][info][gc,start       ] GC(19) Pause Young (Allocation Failure)
[0.399s][info][gc             ] GC(19) Pause Young (Allocation Failure) 33M->29M(38M) 11.813ms
[0.399s][info][gc,cpu         ] GC(19) User=0.00s Sys=0.00s Real=0.01s
[0.399s][info][gc,start       ] GC(20) Pause Full (Allocation Failure)
[0.399s][info][gc,phases,start] GC(20) Phase 1: Mark live objects
[0.413s][info][gc,phases      ] GC(20) Phase 1: Mark live objects 14.081ms
[0.413s][info][gc,phases,start] GC(20) Phase 2: Compute new object addresses
[0.418s][info][gc,phases      ] GC(20) Phase 2: Compute new object addresses 4.696ms
[0.418s][info][gc,phases,start] GC(20) Phase 3: Adjust pointers
[0.424s][info][gc,phases      ] GC(20) Phase 3: Adjust pointers 5.725ms
[0.424s][info][gc,phases,start] GC(20) Phase 4: Move objects
[0.424s][info][gc,phases      ] GC(20) Phase 4: Move objects 0.167ms
[0.424s][info][gc,heap        ] GC(20) DefNew: 10879K(10880K)->1068K(21888K) Eden: 9728K(9728K)->1068K(19520K) From: 1151K(1152K)->0K(2368K)
[0.424s][info][gc,heap        ] GC(20) Tenured: 23925K(23976K)->29035K(48396K)
[0.424s][info][gc,metaspace   ] GC(20) Metaspace: 6297K(6464K)->6297K(6464K) NonClass: 5764K(5824K)->5764K(5824K) Class: 533K(640K)->533K(640K)
[0.424s][info][gc             ] GC(20) Pause Full (Allocation Failure) 29M->29M(68M) 25.079ms
[0.424s][info][gc,cpu         ] GC(20) User=0.03s Sys=0.00s Real=0.03s
[0.445s][info][gc,start       ] GC(21) Pause Young (Allocation Failure)
[0.477s][info][gc,heap        ] GC(21) DefNew: 19520K(21888K)->2367K(21888K) Eden: 19520K(19520K)->0K(19520K) From: 0K(2368K)->2367K(2368K)
[0.477s][info][gc,heap        ] GC(21) Tenured: 29035K(48396K)->45990K(48396K)
[0.477s][info][gc,metaspace   ] GC(21) Metaspace: 6297K(6464K)->6297K(6464K) NonClass: 5764K(5824K)->5764K(5824K) Class: 533K(640K)->533K(640K)
[0.477s][info][gc             ] GC(21) Pause Young (Allocation Failure) 47M->47M(68M) 32.346ms
[0.477s][info][gc,cpu         ] GC(21) User=0.03s Sys=0.02s Real=0.03s
[0.496s][info][gc,start       ] GC(22) Pause Young (Allocation Failure)
[0.533s][info][gc             ] GC(22) Pause Young (Allocation Failure) 66M->66M(85M) 37.338ms
[0.533s][info][gc,cpu         ] GC(22) User=0.03s Sys=0.00s Real=0.04s
[0.533s][info][gc,start       ] GC(23) Pause Full (Allocation Failure)
[0.533s][info][gc,phases,start] GC(23) Phase 1: Mark live objects
[0.561s][info][gc,phases      ] GC(23) Phase 1: Mark live objects 28.404ms
[0.562s][info][gc,phases,start] GC(23) Phase 2: Compute new object addresses
[0.573s][info][gc,phases      ] GC(23) Phase 2: Compute new object addresses 11.446ms
[0.573s][info][gc,phases,start] GC(23) Phase 3: Adjust pointers
[0.586s][info][gc,phases      ] GC(23) Phase 3: Adjust pointers 12.830ms
[0.586s][info][gc,phases,start] GC(23) Phase 4: Move objects
[0.586s][info][gc,phases      ] GC(23) Phase 4: Move objects 0.468ms
[0.587s][info][gc,heap        ] GC(23) DefNew: 21887K(21888K)->2360K(49152K) Eden: 19520K(19520K)->2360K(43712K) From: 2367K(2368K)->0K(5440K)
[0.587s][info][gc,heap        ] GC(23) Tenured: 45990K(48396K)->65483K(109140K)
[0.587s][info][gc,metaspace   ] GC(23) Metaspace: 6297K(6464K)->6297K(6464K) NonClass: 5764K(5824K)->5764K(5824K) Class: 533K(640K)->533K(640K)
[0.587s][info][gc             ] GC(23) Pause Full (Allocation Failure) 66M->66M(154M) 53.915ms
[0.587s][info][gc,cpu         ] GC(23) User=0.03s Sys=0.00s Real=0.05s
[0.633s][info][gc,start       ] GC(24) Pause Young (Allocation Failure)
[0.705s][info][gc,heap        ] GC(24) DefNew: 43712K(49152K)->5440K(49152K) Eden: 43712K(43712K)->0K(43712K) From: 0K(5440K)->5440K(5440K)
[0.705s][info][gc,heap        ] GC(24) Tenured: 65483K(109140K)->103730K(109140K)
[0.705s][info][gc,metaspace   ] GC(24) Metaspace: 6297K(6464K)->6297K(6464K) NonClass: 5764K(5824K)->5764K(5824K) Class: 533K(640K)->533K(640K)
[0.705s][info][gc             ] GC(24) Pause Young (Allocation Failure) 106M->106M(154M) 72.491ms
[0.705s][info][gc,cpu         ] GC(24) User=0.06s Sys=0.00s Real=0.07s
[0.741s][info][gc,start       ] GC(25) Pause Young (Allocation Failure)
[0.824s][info][gc             ] GC(25) Pause Young (Allocation Failure) 149M->149M(191M) 82.612ms
[0.824s][info][gc,cpu         ] GC(25) User=0.08s Sys=0.00s Real=0.08s
[0.824s][info][gc,start       ] GC(26) Pause Full (Allocation Failure)
[0.824s][info][gc,phases,start] GC(26) Phase 1: Mark live objects
[0.890s][info][gc,phases      ] GC(26) Phase 1: Mark live objects 66.339ms
[0.890s][info][gc,phases,start] GC(26) Phase 2: Compute new object addresses
[0.915s][info][gc,phases      ] GC(26) Phase 2: Compute new object addresses 25.274ms
[0.915s][info][gc,phases,start] GC(26) Phase 3: Adjust pointers
[0.947s][info][gc,phases      ] GC(26) Phase 3: Adjust pointers 31.704ms
[0.947s][info][gc,phases,start] GC(26) Phase 4: Move objects
[0.979s][info][gc,phases      ] GC(26) Phase 4: Move objects 31.337ms
[0.979s][info][gc,heap        ] GC(26) DefNew: 49152K(49152K)->1595K(110592K) Eden: 43712K(43712K)->1595K(98304K) From: 5440K(5440K)->0K(12288K)
[0.979s][info][gc,heap        ] GC(26) Tenured: 103730K(109140K)->147415K(245696K)
[0.979s][info][gc,metaspace   ] GC(26) Metaspace: 6297K(6464K)->6297K(6464K) NonClass: 5764K(5824K)->5764K(5824K) Class: 533K(640K)->533K(640K)
[0.980s][info][gc             ] GC(26) Pause Full (Allocation Failure) 149M->145M(347M) 155.922ms
[0.980s][info][gc,cpu         ] GC(26) User=0.06s Sys=0.00s Real=0.15s
[1.080s][info][gc,start       ] GC(27) Pause Young (Allocation Failure)
[1.252s][info][gc,heap        ] GC(27) DefNew: 98304K(110592K)->12287K(110592K) Eden: 98304K(98304K)->0K(98304K) From: 0K(12288K)->12287K(12288K)
[1.252s][info][gc,heap        ] GC(27) Tenured: 147415K(245696K)->233404K(245696K)
[1.252s][info][gc,metaspace   ] GC(27) Metaspace: 6297K(6464K)->6297K(6464K) NonClass: 5764K(5824K)->5764K(5824K) Class: 533K(640K)->533K(640K)
[1.252s][info][gc             ] GC(27) Pause Young (Allocation Failure) 239M->239M(347M) 172.601ms
[1.253s][info][gc,cpu         ] GC(27) User=0.08s Sys=0.06s Real=0.17s
[1.355s][info][gc,start       ] GC(28) Pause Young (Allocation Failure)
[1.564s][info][gc             ] GC(28) Pause Young (Allocation Failure) 335M->335M(431M) 208.865ms
[1.564s][info][gc,cpu         ] GC(28) User=0.19s Sys=0.00s Real=0.21s
[1.564s][info][gc,start       ] GC(29) Pause Full (Allocation Failure)
[1.564s][info][gc,phases,start] GC(29) Phase 1: Mark live objects
[1.731s][info][gc,phases      ] GC(29) Phase 1: Mark live objects 167.070ms
[1.731s][info][gc,phases,start] GC(29) Phase 2: Compute new object addresses
[1.792s][info][gc,phases      ] GC(29) Phase 2: Compute new object addresses 61.618ms
[1.792s][info][gc,phases,start] GC(29) Phase 3: Adjust pointers
[1.852s][info][gc,phases      ] GC(29) Phase 3: Adjust pointers 59.600ms
[1.852s][info][gc,phases,start] GC(29) Phase 4: Move objects
[1.855s][info][gc,phases      ] GC(29) Phase 4: Move objects 2.856ms
[1.856s][info][gc,heap        ] GC(29) DefNew: 110591K(110592K)->12253K(248832K) Eden: 98304K(98304K)->12253K(221184K) From: 12287K(12288K)->0K(27648K)
[1.856s][info][gc,heap        ] GC(29) Tenured: 233404K(245696K)->331711K(552856K)
[1.856s][info][gc,metaspace   ] GC(29) Metaspace: 6297K(6464K)->6297K(6464K) NonClass: 5764K(5824K)->5764K(5824K) Class: 533K(640K)->533K(640K)
[1.856s][info][gc             ] GC(29) Pause Full (Allocation Failure) 335M->335M(782M) 292.697ms
[1.856s][info][gc,cpu         ] GC(29) User=0.28s Sys=0.00s Real=0.29s
[2.091s][info][gc,start       ] GC(30) Pause Young (Allocation Failure)
[2.469s][info][gc,heap        ] GC(30) DefNew: 221184K(248832K)->27647K(248832K) Eden: 221184K(221184K)->0K(221184K) From: 0K(27648K)->27647K(27648K)
[2.469s][info][gc,heap        ] GC(30) Tenured: 331711K(552856K)->525170K(552856K)
[2.469s][info][gc,metaspace   ] GC(30) Metaspace: 6297K(6464K)->6297K(6464K) NonClass: 5764K(5824K)->5764K(5824K) Class: 533K(640K)->533K(640K)
[2.469s][info][gc             ] GC(30) Pause Young (Allocation Failure) 539M->539M(782M) 378.844ms
[2.469s][info][gc,cpu         ] GC(30) User=0.28s Sys=0.08s Real=0.38s
[2.710s][info][gc,start       ] GC(31) Pause Young (Allocation Failure)
[3.108s][info][gc             ] GC(31) Pause Young (Allocation Failure) 755M->739M(955M) 398.924ms
[3.109s][info][gc,cpu         ] GC(31) User=0.33s Sys=0.06s Real=0.40s
[3.109s][info][gc,start       ] GC(32) Pause Full (Allocation Failure)
[3.109s][info][gc,phases,start] GC(32) Phase 1: Mark live objects
[3.452s][info][gc,phases      ] GC(32) Phase 1: Mark live objects 343.029ms
[3.452s][info][gc,phases,start] GC(32) Phase 2: Compute new object addresses
[3.563s][info][gc,phases      ] GC(32) Phase 2: Compute new object addresses 111.556ms
[3.563s][info][gc,phases,start] GC(32) Phase 3: Adjust pointers
[3.693s][info][gc,phases      ] GC(32) Phase 3: Adjust pointers 129.540ms
[3.693s][info][gc,phases,start] GC(32) Phase 4: Move objects
[3.698s][info][gc,phases      ] GC(32) Phase 4: Move objects 5.255ms
[3.700s][info][gc,heap        ] GC(32) DefNew: 248831K(248832K)->27577K(547584K) Eden: 221184K(221184K)->27577K(486784K) From: 27647K(27648K)->0K(60800K)
[3.700s][info][gc,heap        ] GC(32) Tenured: 525170K(552856K)->730012K(1216688K)
[3.700s][info][gc,metaspace   ] GC(32) Metaspace: 6297K(6464K)->6297K(6464K) NonClass: 5764K(5824K)->5764K(5824K) Class: 533K(640K)->533K(640K)
[3.700s][info][gc             ] GC(32) Pause Full (Allocation Failure) 739M->739M(1722M) 591.822ms
[3.700s][info][gc,cpu         ] GC(32) User=0.59s Sys=0.00s Real=0.59s
[4.189s][info][gc,start       ] GC(33) Pause Young (Allocation Failure)
[5.062s][info][gc,heap        ] GC(33) DefNew: 486784K(547584K)->60800K(547584K) Eden: 486784K(486784K)->0K(486784K) From: 0K(60800K)->60800K(60800K)
[5.062s][info][gc,heap        ] GC(33) Tenured: 730012K(1216688K)->1155968K(1216688K)
[5.062s][info][gc,metaspace   ] GC(33) Metaspace: 6297K(6464K)->6297K(6464K) NonClass: 5764K(5824K)->5764K(5824K) Class: 533K(640K)->533K(640K)
[5.062s][info][gc             ] GC(33) Pause Young (Allocation Failure) 1188M->1188M(1722M) 872.498ms
[5.062s][info][gc,cpu         ] GC(33) User=0.72s Sys=0.14s Real=0.87s
[5.541s][info][gc,start       ] GC(34) Pause Young (Allocation Failure)
[6.369s][info][gc             ] GC(34) Pause Young (Allocation Failure) 1663M->1645M(2121M) 827.839ms
[6.369s][info][gc,cpu         ] GC(34) User=0.67s Sys=0.12s Real=0.83s
[6.369s][info][gc,start       ] GC(35) Pause Full (Allocation Failure)
[6.369s][info][gc,phases,start] GC(35) Phase 1: Mark live objects
[7.079s][info][gc,phases      ] GC(35) Phase 1: Mark live objects 709.941ms
[7.079s][info][gc,phases,start] GC(35) Phase 2: Compute new object addresses
[7.323s][info][gc,phases      ] GC(35) Phase 2: Compute new object addresses 243.440ms
[7.323s][info][gc,phases,start] GC(35) Phase 3: Adjust pointers
[7.605s][info][gc,phases      ] GC(35) Phase 3: Adjust pointers 281.851ms
[7.605s][info][gc,phases,start] GC(35) Phase 4: Move objects
[7.616s][info][gc,phases      ] GC(35) Phase 4: Move objects 11.393ms
[7.621s][info][gc,heap        ] GC(35) DefNew: 547584K(547584K)->60653K(1218496K) Eden: 486784K(486784K)->60653K(1083136K) From: 60800K(60800K)->0K(135360K)
[7.621s][info][gc,heap        ] GC(35) Tenured: 1155968K(1216688K)->1624563K(2707608K)
[7.621s][info][gc,metaspace   ] GC(35) Metaspace: 6297K(6464K)->6297K(6464K) NonClass: 5764K(5824K)->5764K(5824K) Class: 533K(640K)->533K(640K)
[7.621s][info][gc             ] GC(35) Pause Full (Allocation Failure) 1645M->1645M(3834M) 1251.746ms
[7.621s][info][gc,cpu         ] GC(35) User=1.23s Sys=0.00s Real=1.25s
[8.718s][info][gc,start       ] GC(36) Pause Young (Allocation Failure)
[10.663s][info][gc,heap        ] GC(36) DefNew: 1083136K(1218496K)->135359K(1218496K) Eden: 1083136K(1083136K)->0K(1083136K) From: 0K(135360K)->135359K(135360K)
[10.663s][info][gc,heap        ] GC(36) Tenured: 1624563K(2707608K)->2572308K(2707608K)
[10.663s][info][gc,metaspace   ] GC(36) Metaspace: 6297K(6464K)->6297K(6464K) NonClass: 5764K(5824K)->5764K(5824K) Class: 533K(640K)->533K(640K)
[10.663s][info][gc             ] GC(36) Pause Young (Allocation Failure) 2644M->2644M(3834M) 1945.471ms
[10.663s][info][gc,cpu         ] GC(36) User=1.59s Sys=0.31s Real=1.95s
[11.693s][info][gc,start       ] GC(37) Pause Young (Allocation Failure)
[13.608s][info][gc             ] GC(37) Pause Young (Allocation Failure) 3701M->3701M(4759M) 1915.350ms
[13.608s][info][gc,cpu         ] GC(37) User=1.56s Sys=0.34s Real=1.91s
[13.608s][info][gc,start       ] GC(38) Pause Full (Allocation Failure)
[13.608s][info][gc,phases,start] GC(38) Phase 1: Mark live objects
[15.325s][info][gc,phases      ] GC(38) Phase 1: Mark live objects 1716.518ms
[15.325s][info][gc,phases,start] GC(38) Phase 2: Compute new object addresses
[15.889s][info][gc,phases      ] GC(38) Phase 2: Compute new object addresses 563.520ms
[15.889s][info][gc,phases,start] GC(38) Phase 3: Adjust pointers
[16.610s][info][gc,phases      ] GC(38) Phase 3: Adjust pointers 721.417ms
[16.610s][info][gc,phases,start] GC(38) Phase 4: Move objects
[17.310s][info][gc,phases      ] GC(38) Phase 4: Move objects 699.789ms
[17.320s][info][gc,heap        ] GC(38) DefNew: 1218495K(1218496K)->24731K(2741696K) Eden: 1083136K(1083136K)->24731K(2437120K) From: 135359K(135360K)->0K(304576K)
[17.320s][info][gc,heap        ] GC(38) Tenured: 2572308K(2707608K)->3655451K(6092420K)
[17.320s][info][gc,metaspace   ] GC(38) Metaspace: 6297K(6464K)->6297K(6464K) NonClass: 5764K(5824K)->5764K(5824K) Class: 533K(640K)->533K(640K)
[17.320s][info][gc             ] GC(38) Pause Full (Allocation Failure) 3701M->3593M(8627M) 3711.712ms
[17.320s][info][gc,cpu         ] GC(38) User=3.69s Sys=0.02s Real=3.71s
[20.189s][info][gc,start       ] GC(39) Pause Young (Allocation Failure)
[23.936s][info][gc,heap        ] GC(39) DefNew: 2437120K(2741696K)->304576K(2741696K) Eden: 2437120K(2437120K)->0K(2437120K) From: 0K(304576K)->304576K(304576K)
[23.936s][info][gc,heap        ] GC(39) Tenured: 3655451K(6092420K)->5787968K(6092420K)
[23.936s][info][gc,metaspace   ] GC(39) Metaspace: 6297K(6464K)->6297K(6464K) NonClass: 5764K(5824K)->5764K(5824K) Class: 533K(640K)->533K(640K)
[23.936s][info][gc             ] GC(39) Pause Young (Allocation Failure) 5949M->5949M(8627M) 3746.634ms
[23.936s][info][gc,cpu         ] GC(39) User=3.00s Sys=0.73s Real=3.75s
[26.102s][info][gc,start       ] GC(40) Pause Young (Allocation Failure)
[30.441s][info][gc             ] GC(40) Pause Young (Allocation Failure) 8329M->8329M(10709M) 4338.765ms
[30.441s][info][gc,cpu         ] GC(40) User=3.67s Sys=0.66s Real=4.34s
[30.441s][info][gc,start       ] GC(41) Pause Full (Allocation Failure)
[30.441s][info][gc,phases,start] GC(41) Phase 1: Mark live objects
[34.360s][info][gc,phases      ] GC(41) Phase 1: Mark live objects 3918.614ms
[34.360s][info][gc,phases,start] GC(41) Phase 2: Compute new object addresses
[35.681s][info][gc,phases      ] GC(41) Phase 2: Compute new object addresses 1320.671ms
[35.681s][info][gc,phases,start] GC(41) Phase 3: Adjust pointers
[37.168s][info][gc,phases      ] GC(41) Phase 3: Adjust pointers 1487.419ms
[37.168s][info][gc,phases,start] GC(41) Phase 4: Move objects
[37.238s][info][gc,phases      ] GC(41) Phase 4: Move objects 70.279ms
[37.305s][info][gc,heap        ] GC(41) DefNew: 2741696K(2741696K)->304408K(4116480K) Eden: 2437120K(2437120K)->304408K(3659136K) From: 304576K(304576K)->0K(457344K)
[37.306s][info][gc,heap        ] GC(41) Tenured: 5787968K(6092420K)->8225223K(9147776K)
[37.306s][info][gc,metaspace   ] GC(41) Metaspace: 6297K(6464K)->6297K(6464K) NonClass: 5764K(5824K)->5764K(5824K) Class: 533K(640K)->533K(640K)
[37.306s][info][gc             ] GC(41) Pause Full (Allocation Failure) 8329M->8329M(12953M) 6864.502ms
[37.306s][info][gc,cpu         ] GC(41) User=6.75s Sys=0.02s Real=6.87s
[40.315s][info][gc,start       ] GC(42) Pause Young (Allocation Failure)
[40.316s][info][gc             ] GC(42) Pause Young (Allocation Failure) 11509M->11509M(12953M) 0.120ms
[40.316s][info][gc,cpu         ] GC(42) User=0.00s Sys=0.00s Real=0.00s
[40.316s][info][gc,start       ] GC(43) Pause Full (Allocation Failure)
[40.316s][info][gc,phases,start] GC(43) Phase 1: Mark live objects
[45.495s][info][gc,phases      ] GC(43) Phase 1: Mark live objects 5179.850ms
[45.496s][info][gc,phases,start] GC(43) Phase 2: Compute new object addresses
[47.191s][info][gc,phases      ] GC(43) Phase 2: Compute new object addresses 1695.309ms
[47.191s][info][gc,phases,start] GC(43) Phase 3: Adjust pointers
[49.550s][info][gc,phases      ] GC(43) Phase 3: Adjust pointers 2358.713ms
[49.550s][info][gc,phases,start] GC(43) Phase 4: Move objects
[50.452s][info][gc,phases      ] GC(43) Phase 4: Move objects 902.404ms
[50.453s][info][gc,heap        ] GC(43) DefNew: 3560180K(4116480K)->2571243K(4116480K) Eden: 3560180K(3659136K)->2571243K(3659136K) From: 0K(457344K)->0K(457344K)
[50.453s][info][gc,heap        ] GC(43) Tenured: 8225223K(9147776K)->9147775K(9147776K)
[50.453s][info][gc,metaspace   ] GC(43) Metaspace: 6297K(6464K)->6297K(6464K) NonClass: 5764K(5824K)->5764K(5824K) Class: 533K(640K)->533K(640K)
[50.453s][info][gc             ] GC(43) Pause Full (Allocation Failure) 11509M->11444M(12953M) 10137.574ms
[50.453s][info][gc,cpu         ] GC(43) User=9.88s Sys=0.20s Real=10.14s
[53.663s][info][gc,start       ] GC(44) Pause Full (Allocation Failure)
[53.663s][info][gc,phases,start] GC(44) Phase 1: Mark live objects
[59.853s][info][gc,phases      ] GC(44) Phase 1: Mark live objects 6190.105ms
[59.853s][info][gc,phases,start] GC(44) Phase 2: Compute new object addresses
[61.697s][info][gc,phases      ] GC(44) Phase 2: Compute new object addresses 1843.694ms
[61.697s][info][gc,phases,start] GC(44) Phase 3: Adjust pointers
[64.055s][info][gc,phases      ] GC(44) Phase 3: Adjust pointers 2358.322ms
[64.055s][info][gc,phases,start] GC(44) Phase 4: Move objects
[64.204s][info][gc,phases      ] GC(44) Phase 4: Move objects 148.842ms
[64.205s][info][gc,heap        ] GC(44) DefNew: 4116479K(4116480K)->4116474K(4116480K) Eden: 3659136K(3659136K)->3659135K(3659136K) From: 457343K(457344K)->457338K(457344K)
[64.205s][info][gc,heap        ] GC(44) Tenured: 9147775K(9147776K)->9147775K(9147776K)
[64.205s][info][gc,metaspace   ] GC(44) Metaspace: 6297K(6464K)->6297K(6464K) NonClass: 5764K(5824K)->5764K(5824K) Class: 533K(640K)->533K(640K)
[64.205s][info][gc             ] GC(44) Pause Full (Allocation Failure) 12953M->12953M(12953M) 10542.340ms
[64.205s][info][gc,cpu         ] GC(44) User=10.39s Sys=0.08s Real=10.54s
[64.206s][info][gc,start       ] GC(45) Pause Full (Allocation Failure)
[64.206s][info][gc,phases,start] GC(45) Phase 1: Mark live objects
[69.875s][info][gc,phases      ] GC(45) Phase 1: Mark live objects 5668.962ms
[69.875s][info][gc,phases,start] GC(45) Phase 2: Compute new object addresses
[71.606s][info][gc,phases      ] GC(45) Phase 2: Compute new object addresses 1731.690ms
[71.606s][info][gc,phases,start] GC(45) Phase 3: Adjust pointers
[74.315s][info][gc,phases      ] GC(45) Phase 3: Adjust pointers 2708.409ms
[74.315s][info][gc,phases,start] GC(45) Phase 4: Move objects
[77.020s][info][gc,phases      ] GC(45) Phase 4: Move objects 2705.082ms
[77.021s][info][gc,heap        ] GC(45) DefNew: 4116479K(4116480K)->3723263K(4116480K) Eden: 3659135K(3659136K)->3659135K(3659136K) From: 457343K(457344K)->64127K(457344K)
[77.021s][info][gc,heap        ] GC(45) Tenured: 9147775K(9147776K)->9147775K(9147776K)
[77.021s][info][gc,metaspace   ] GC(45) Metaspace: 6297K(6464K)->6297K(6464K) NonClass: 5764K(5824K)->5764K(5824K) Class: 533K(640K)->533K(640K)
[77.021s][info][gc             ] GC(45) Pause Full (Allocation Failure) 12953M->12569M(12953M) 12815.228ms
[77.021s][info][gc,cpu         ] GC(45) User=12.00s Sys=0.75s Real=12.81s
[78.117s][info][gc,start       ] GC(46) Pause Full (Allocation Failure)
[78.117s][info][gc,phases,start] GC(46) Phase 1: Mark live objects
[83.969s][info][gc,phases      ] GC(46) Phase 1: Mark live objects 5851.840ms
[83.969s][info][gc,phases,start] GC(46) Phase 2: Compute new object addresses
[85.752s][info][gc,phases      ] GC(46) Phase 2: Compute new object addresses 1782.750ms
[85.752s][info][gc,phases,start] GC(46) Phase 3: Adjust pointers
[88.105s][info][gc,phases      ] GC(46) Phase 3: Adjust pointers 2352.779ms
[88.105s][info][gc,phases,start] GC(46) Phase 4: Move objects
[88.105s][info][gc,phases      ] GC(46) Phase 4: Move objects 0.017ms
[88.105s][info][gc,heap        ] GC(46) DefNew: 4116479K(4116480K)->4116479K(4116480K) Eden: 3659135K(3659136K)->3659135K(3659136K) From: 457343K(457344K)->457343K(457344K)
[88.106s][info][gc,heap        ] GC(46) Tenured: 9147775K(9147776K)->9147775K(9147776K)
[88.106s][info][gc,metaspace   ] GC(46) Metaspace: 6297K(6464K)->6297K(6464K) NonClass: 5764K(5824K)->5764K(5824K) Class: 533K(640K)->533K(640K)
[88.106s][info][gc             ] GC(46) Pause Full (Allocation Failure) 12953M->12953M(12953M) 9988.491ms
[88.106s][info][gc,cpu         ] GC(46) User=9.97s Sys=0.00s Real=9.99s
[88.106s][info][gc,start       ] GC(47) Pause Full (Allocation Failure)
[88.106s][info][gc,phases,start] GC(47) Phase 1: Mark live objects
[93.964s][info][gc,phases      ] GC(47) Phase 1: Mark live objects 5858.555ms
[93.964s][info][gc,phases,start] GC(47) Phase 2: Compute new object addresses
[95.753s][info][gc,phases      ] GC(47) Phase 2: Compute new object addresses 1788.572ms
[95.753s][info][gc,phases,start] GC(47) Phase 3: Adjust pointers
[98.609s][info][gc,phases      ] GC(47) Phase 3: Adjust pointers 2855.896ms
[98.609s][info][gc,phases,start] GC(47) Phase 4: Move objects
[100.756s][info][gc,phases      ] GC(47) Phase 4: Move objects 2147.535ms
[100.760s][info][gc,heap        ] GC(47) DefNew: 4116479K(4116480K)->4116475K(4116480K) Eden: 3659135K(3659136K)->3659135K(3659136K) From: 457343K(457344K)->457339K(457344K)
[100.760s][info][gc,heap        ] GC(47) Tenured: 9147775K(9147776K)->9147776K(9147776K)
[100.760s][info][gc,metaspace   ] GC(47) Metaspace: 6297K(6464K)->6296K(6464K) NonClass: 5764K(5824K)->5763K(5824K) Class: 533K(640K)->532K(640K)
[100.760s][info][gc             ] GC(47) Pause Full (Allocation Failure) 12953M->12953M(12953M) 12654.068ms
[100.760s][info][gc,cpu         ] GC(47) User=12.56s Sys=0.02s Real=12.65s
[100.777s][info][gc,start       ] GC(48) Pause Full (Allocation Failure)
[100.777s][info][gc,phases,start] GC(48) Phase 1: Mark live objects
[106.546s][info][gc,phases      ] GC(48) Phase 1: Mark live objects 5769.180ms
[106.546s][info][gc,phases,start] GC(48) Phase 2: Compute new object addresses
[108.336s][info][gc,phases      ] GC(48) Phase 2: Compute new object addresses 1789.708ms
[108.336s][info][gc,phases,start] GC(48) Phase 3: Adjust pointers
[110.688s][info][gc,phases      ] GC(48) Phase 3: Adjust pointers 2352.267ms
[110.688s][info][gc,phases,start] GC(48) Phase 4: Move objects
[110.688s][info][gc,phases      ] GC(48) Phase 4: Move objects 0.016ms
[110.689s][info][gc,heap        ] GC(48) DefNew: 4116479K(4116480K)->4116479K(4116480K) Eden: 3659135K(3659136K)->3659135K(3659136K) From: 457343K(457344K)->457343K(457344K)
[110.689s][info][gc,heap        ] GC(48) Tenured: 9147776K(9147776K)->9147776K(9147776K)
[110.689s][info][gc,metaspace   ] GC(48) Metaspace: 6296K(6464K)->6296K(6464K) NonClass: 5763K(5824K)->5763K(5824K) Class: 532K(640K)->532K(640K)
[110.689s][info][gc             ] GC(48) Pause Full (Allocation Failure) 12953M->12953M(12953M) 9912.245ms
[110.689s][info][gc,cpu         ] GC(48) User=9.83s Sys=0.00s Real=9.91s
[110.689s][info][gc,start       ] GC(49) Pause Full (Allocation Failure)
[110.689s][info][gc,phases,start] GC(49) Phase 1: Mark live objects
[116.512s][info][gc,phases      ] GC(49) Phase 1: Mark live objects 5822.532ms
[116.512s][info][gc,phases,start] GC(49) Phase 2: Compute new object addresses
[118.272s][info][gc,phases      ] GC(49) Phase 2: Compute new object addresses 1760.135ms
[118.272s][info][gc,phases,start] GC(49) Phase 3: Adjust pointers
[120.588s][info][gc,phases      ] GC(49) Phase 3: Adjust pointers 2316.038ms
[120.588s][info][gc,phases,start] GC(49) Phase 4: Move objects
[120.588s][info][gc,phases      ] GC(49) Phase 4: Move objects 0.017ms
[120.589s][info][gc,heap        ] GC(49) DefNew: 4116479K(4116480K)->4116479K(4116480K) Eden: 3659135K(3659136K)->3659135K(3659136K) From: 457343K(457344K)->457343K(457344K)
[120.589s][info][gc,heap        ] GC(49) Tenured: 9147776K(9147776K)->9147776K(9147776K)
[120.589s][info][gc,metaspace   ] GC(49) Metaspace: 6296K(6464K)->6296K(6464K) NonClass: 5763K(5824K)->5763K(5824K) Class: 532K(640K)->532K(640K)
[120.589s][info][gc             ] GC(49) Pause Full (Allocation Failure) 12953M->12953M(12953M) 9899.664ms
[120.589s][info][gc,cpu         ] GC(49) User=9.84s Sys=0.00s Real=9.90s
[120.590s][info][gc,start       ] GC(50) Pause Full (Allocation Failure)
[120.590s][info][gc,phases,start] GC(50) Phase 1: Mark live objects
[126.422s][info][gc,phases      ] GC(50) Phase 1: Mark live objects 5831.454ms
[126.422s][info][gc,phases,start] GC(50) Phase 2: Compute new object addresses
[128.195s][info][gc,phases      ] GC(50) Phase 2: Compute new object addresses 1773.662ms
[128.195s][info][gc,phases,start] GC(50) Phase 3: Adjust pointers
[130.562s][info][gc,phases      ] GC(50) Phase 3: Adjust pointers 2366.660ms
[130.562s][info][gc,phases,start] GC(50) Phase 4: Move objects
[130.562s][info][gc,phases      ] GC(50) Phase 4: Move objects 0.017ms
[130.563s][info][gc,heap        ] GC(50) DefNew: 4116479K(4116480K)->4116479K(4116480K) Eden: 3659135K(3659136K)->3659135K(3659136K) From: 457343K(457344K)->457343K(457344K)
[130.563s][info][gc,heap        ] GC(50) Tenured: 9147776K(9147776K)->9147776K(9147776K)
[130.563s][info][gc,metaspace   ] GC(50) Metaspace: 6296K(6464K)->6296K(6464K) NonClass: 5763K(5824K)->5763K(5824K) Class: 532K(640K)->532K(640K)
[130.563s][info][gc             ] GC(50) Pause Full (Allocation Failure) 12953M->12953M(12953M) 9972.768ms
[130.563s][info][gc,cpu         ] GC(50) User=9.95s Sys=0.00s Real=9.97s
[130.563s][info][gc,start       ] GC(51) Pause Full (Allocation Failure)
[130.563s][info][gc,phases,start] GC(51) Phase 1: Mark live objects
[136.397s][info][gc,phases      ] GC(51) Phase 1: Mark live objects 5834.232ms
[136.397s][info][gc,phases,start] GC(51) Phase 2: Compute new object addresses
[138.177s][info][gc,phases      ] GC(51) Phase 2: Compute new object addresses 1779.878ms
[138.177s][info][gc,phases,start] GC(51) Phase 3: Adjust pointers
[141.024s][info][gc,phases      ] GC(51) Phase 3: Adjust pointers 2846.796ms
[141.024s][info][gc,phases,start] GC(51) Phase 4: Move objects
[143.163s][info][gc,phases      ] GC(51) Phase 4: Move objects 2138.748ms
[143.163s][info][gc,heap        ] GC(51) DefNew: 4116479K(4116480K)->4116478K(4116480K) Eden: 3659135K(3659136K)->3659135K(3659136K) From: 457343K(457344K)->457342K(457344K)
[143.164s][info][gc,heap        ] GC(51) Tenured: 9147776K(9147776K)->9147775K(9147776K)
[143.164s][info][gc,metaspace   ] GC(51) Metaspace: 6296K(6464K)->6296K(6464K) NonClass: 5763K(5824K)->5763K(5824K) Class: 532K(640K)->532K(640K)
[143.164s][info][gc             ] GC(51) Pause Full (Allocation Failure) 12953M->12953M(12953M) 12600.705ms
[143.164s][info][gc,cpu         ] GC(51) User=12.53s Sys=0.02s Real=12.60s
[143.170s][info][gc,start       ] GC(52) Pause Full (Allocation Failure)
[143.170s][info][gc,phases,start] GC(52) Phase 1: Mark live objects
[149.008s][info][gc,phases      ] GC(52) Phase 1: Mark live objects 5838.056ms
[149.008s][info][gc,phases,start] GC(52) Phase 2: Compute new object addresses
[150.792s][info][gc,phases      ] GC(52) Phase 2: Compute new object addresses 1784.190ms
[150.792s][info][gc,phases,start] GC(52) Phase 3: Adjust pointers
[153.167s][info][gc,phases      ] GC(52) Phase 3: Adjust pointers 2375.093ms
[153.167s][info][gc,phases,start] GC(52) Phase 4: Move objects
[153.167s][info][gc,phases      ] GC(52) Phase 4: Move objects 0.017ms
[153.168s][info][gc,heap        ] GC(52) DefNew: 4116479K(4116480K)->4116479K(4116480K) Eden: 3659136K(3659136K)->3659136K(3659136K) From: 457343K(457344K)->457343K(457344K)
[153.168s][info][gc,heap        ] GC(52) Tenured: 9147775K(9147776K)->9147775K(9147776K)
[153.168s][info][gc,metaspace   ] GC(52) Metaspace: 6298K(6464K)->6298K(6464K) NonClass: 5764K(5824K)->5764K(5824K) Class: 533K(640K)->533K(640K)
[153.168s][info][gc             ] GC(52) Pause Full (Allocation Failure) 12953M->12953M(12953M) 9998.350ms
[153.168s][info][gc,cpu         ] GC(52) User=9.91s Sys=0.00s Real=10.00s
[153.170s][info][gc,heap,exit   ] Heap
[153.170s][info][gc,heap,exit   ]  def new generation   total 4116480K, used 4116479K [0x00000004ba800000, 0x00000005d1aa0000, 0x00000005d1aa0000)
[153.170s][info][gc,heap,exit   ]   eden space 3659136K, 100% used [0x00000004ba800000, 0x0000000599d60000, 0x0000000599d60000)
[153.170s][info][gc,heap,exit   ]   from space 457344K,  99% used [0x0000000599d60000, 0x00000005b5bfffa0, 0x00000005b5c00000)
[153.170s][info][gc,heap,exit   ]   to   space 457344K,   0% used [0x00000005b5c00000, 0x00000005b5c00000, 0x00000005d1aa0000)
[153.170s][info][gc,heap,exit   ]  tenured generation   total 9147776K, used 9147775K [0x00000005d1aa0000, 0x0000000800000000, 0x0000000800000000)
[153.170s][info][gc,heap,exit   ]    the space 9147776K,  99% used [0x00000005d1aa0000, 0x00000007ffffffe8, 0x0000000800000000, 0x0000000800000000)
[153.170s][info][gc,heap,exit   ]  Metaspace       used 6301K, committed 6464K, reserved 1114112K
[153.170s][info][gc,heap,exit   ]   class space    used 534K, committed 640K, reserved 1048576K
