[0.023s][info][gc,init] CardTable entry size: 512
[0.023s][info][gc     ] Using Serial
[0.023s][info][gc,init] Version: 18.0.1+10 (release)
[0.023s][info][gc,init] CPUs: 8 total, 8 available
[0.023s][info][gc,init] Memory: 16063M
[0.023s][info][gc,init] Large Page Support: Disabled
[0.023s][info][gc,init] NUMA Support: Disabled
[0.023s][info][gc,init] Compressed Oops: Enabled (Zero based)
[0.023s][info][gc,init] Heap Min Capacity: 2M
[0.023s][info][gc,init] Heap Initial Capacity: 2M
[0.023s][info][gc,init] Heap Max Capacity: 17000M
[0.023s][info][gc,init] Pre-touch: Disabled
[0.024s][info][gc,metaspace] CDS archive(s) not mapped
[0.024s][info][gc,metaspace] Compressed class space mapped at: 0x0000000800000000-0x0000000840000000, reserved size: 1073741824
[0.024s][info][gc,metaspace] Narrow klass base: 0x0000000800000000, Narrow klass shift: 0, Narrow klass range: 0x40000000
[0.200s][info][gc,start    ] GC(0) Pause Young (Allocation Failure)
[0.202s][info][gc,heap     ] GC(0) DefNew: 1023K(1152K)->127K(1152K) Eden: 1023K(1024K)->0K(1024K) From: 0K(128K)->127K(128K)
[0.202s][info][gc,heap     ] GC(0) Tenured: 0K(768K)->439K(768K)
[0.202s][info][gc,metaspace] GC(0) Metaspace: 5900K(6016K)->5900K(6016K) NonClass: 5400K(5504K)->5400K(5504K) Class: 499K(512K)->499K(512K)
[0.202s][info][gc          ] GC(0) Pause Young (Allocation Failure) 0M->0M(1M) 1.911ms
[0.202s][info][gc,cpu      ] GC(0) User=0.00s Sys=0.00s Real=0.00s
[0.231s][info][gc,start    ] GC(1) Pause Young (Allocation Failure)
[0.232s][info][gc          ] GC(1) Pause Young (Allocation Failure) 1M->0M(2M) 1.769ms
[0.232s][info][gc,cpu      ] GC(1) User=0.00s Sys=0.00s Real=0.00s
[0.232s][info][gc,start    ] GC(2) Pause Full (Allocation Failure)
[0.232s][info][gc,phases,start] GC(2) Phase 1: Mark live objects
[0.234s][info][gc,phases      ] GC(2) Phase 1: Mark live objects 1.280ms
[0.234s][info][gc,phases,start] GC(2) Phase 2: Compute new object addresses
[0.234s][info][gc,phases      ] GC(2) Phase 2: Compute new object addresses 0.385ms
[0.234s][info][gc,phases,start] GC(2) Phase 3: Adjust pointers
[0.235s][info][gc,phases      ] GC(2) Phase 3: Adjust pointers 0.741ms
[0.235s][info][gc,phases,start] GC(2) Phase 4: Move objects
[0.235s][info][gc,phases      ] GC(2) Phase 4: Move objects 0.091ms
[0.235s][info][gc,heap        ] GC(2) DefNew: 1151K(1152K)->40K(1152K) Eden: 1024K(1024K)->40K(1024K) From: 127K(128K)->0K(128K)
[0.235s][info][gc,heap        ] GC(2) Tenured: 439K(768K)->960K(1600K)
[0.235s][info][gc,metaspace   ] GC(2) Metaspace: 6295K(6464K)->6295K(6464K) NonClass: 5761K(5824K)->5761K(5824K) Class: 533K(640K)->533K(640K)
[0.235s][info][gc             ] GC(2) Pause Full (Allocation Failure) 0M->0M(2M) 2.997ms
[0.235s][info][gc,cpu         ] GC(2) User=0.00s Sys=0.00s Real=0.00s
[0.237s][info][gc,start       ] GC(3) Pause Young (Allocation Failure)
[0.239s][info][gc,heap        ] GC(3) DefNew: 1024K(1152K)->127K(1152K) Eden: 1024K(1024K)->0K(1024K) From: 0K(128K)->127K(128K)
[0.239s][info][gc,heap        ] GC(3) Tenured: 960K(1600K)->1374K(1600K)
[0.239s][info][gc,metaspace   ] GC(3) Metaspace: 6295K(6464K)->6295K(6464K) NonClass: 5761K(5824K)->5761K(5824K) Class: 533K(640K)->533K(640K)
[0.239s][info][gc             ] GC(3) Pause Young (Allocation Failure) 1M->1M(2M) 1.845ms
[0.239s][info][gc,cpu         ] GC(3) User=0.00s Sys=0.00s Real=0.00s
[0.241s][info][gc,start       ] GC(4) Pause Young (Allocation Failure)
[0.243s][info][gc             ] GC(4) Pause Young (Allocation Failure) 2M->1M(3M) 1.509ms
[0.243s][info][gc,cpu         ] GC(4) User=0.00s Sys=0.00s Real=0.00s
[0.243s][info][gc,start       ] GC(5) Pause Full (Allocation Failure)
[0.243s][info][gc,phases,start] GC(5) Phase 1: Mark live objects
[0.244s][info][gc,phases      ] GC(5) Phase 1: Mark live objects 1.663ms
[0.244s][info][gc,phases,start] GC(5) Phase 2: Compute new object addresses
[0.245s][info][gc,phases      ] GC(5) Phase 2: Compute new object addresses 0.537ms
[0.245s][info][gc,phases,start] GC(5) Phase 3: Adjust pointers
[0.246s][info][gc,phases      ] GC(5) Phase 3: Adjust pointers 0.815ms
[0.246s][info][gc,phases,start] GC(5) Phase 4: Move objects
[0.246s][info][gc,phases      ] GC(5) Phase 4: Move objects 0.079ms
[0.246s][info][gc,heap        ] GC(5) DefNew: 1151K(1152K)->34K(1536K) Eden: 1024K(1024K)->34K(1408K) From: 127K(128K)->0K(128K)
[0.246s][info][gc,heap        ] GC(5) Tenured: 1374K(1600K)->1983K(3308K)
[0.246s][info][gc,metaspace   ] GC(5) Metaspace: 6295K(6464K)->6295K(6464K) NonClass: 5761K(5824K)->5761K(5824K) Class: 533K(640K)->533K(640K)
[0.246s][info][gc             ] GC(5) Pause Full (Allocation Failure) 1M->1M(4M) 3.537ms
[0.246s][info][gc,cpu         ] GC(5) User=0.00s Sys=0.00s Real=0.00s
[0.248s][info][gc,start       ] GC(6) Pause Young (Allocation Failure)
[0.250s][info][gc,heap        ] GC(6) DefNew: 1407K(1536K)->127K(1536K) Eden: 1407K(1408K)->0K(1408K) From: 0K(128K)->127K(128K)
[0.250s][info][gc,heap        ] GC(6) Tenured: 1983K(3308K)->2617K(3308K)
[0.250s][info][gc,metaspace   ] GC(6) Metaspace: 6295K(6464K)->6295K(6464K) NonClass: 5761K(5824K)->5761K(5824K) Class: 533K(640K)->533K(640K)
[0.250s][info][gc             ] GC(6) Pause Young (Allocation Failure) 3M->2M(4M) 1.856ms
[0.250s][info][gc,cpu         ] GC(6) User=0.00s Sys=0.00s Real=0.00s
[0.252s][info][gc,start       ] GC(7) Pause Young (Allocation Failure)
[0.254s][info][gc             ] GC(7) Pause Young (Allocation Failure) 4M->3M(4M) 2.008ms
[0.254s][info][gc,cpu         ] GC(7) User=0.00s Sys=0.00s Real=0.00s
[0.255s][info][gc,start       ] GC(8) Pause Full (Allocation Failure)
[0.255s][info][gc,phases,start] GC(8) Phase 1: Mark live objects
[0.257s][info][gc,phases      ] GC(8) Phase 1: Mark live objects 2.810ms
[0.257s][info][gc,phases,start] GC(8) Phase 2: Compute new object addresses
[0.258s][info][gc,phases      ] GC(8) Phase 2: Compute new object addresses 0.804ms
[0.258s][info][gc,phases,start] GC(8) Phase 3: Adjust pointers
[0.260s][info][gc,phases      ] GC(8) Phase 3: Adjust pointers 1.332ms
[0.260s][info][gc,phases,start] GC(8) Phase 4: Move objects
[0.260s][info][gc,phases      ] GC(8) Phase 4: Move objects 0.106ms
[0.260s][info][gc,heap        ] GC(8) DefNew: 1535K(1536K)->0K(2688K) Eden: 1408K(1408K)->0K(2432K) From: 127K(128K)->0K(256K)
[0.260s][info][gc,heap        ] GC(8) Tenured: 2617K(3308K)->3460K(5768K)
[0.260s][info][gc,metaspace   ] GC(8) Metaspace: 6295K(6464K)->6295K(6464K) NonClass: 5761K(5824K)->5761K(5824K) Class: 533K(640K)->533K(640K)
[0.260s][info][gc             ] GC(8) Pause Full (Allocation Failure) 3M->3M(8M) 5.501ms
[0.260s][info][gc,cpu         ] GC(8) User=0.00s Sys=0.00s Real=0.01s
[0.265s][info][gc,start       ] GC(9) Pause Young (Allocation Failure)
[0.269s][info][gc,heap        ] GC(9) DefNew: 2432K(2688K)->255K(2688K) Eden: 2432K(2432K)->0K(2432K) From: 0K(256K)->255K(256K)
[0.269s][info][gc,heap        ] GC(9) Tenured: 3460K(5768K)->4512K(5768K)
[0.269s][info][gc,metaspace   ] GC(9) Metaspace: 6295K(6464K)->6295K(6464K) NonClass: 5761K(5824K)->5761K(5824K) Class: 533K(640K)->533K(640K)
[0.269s][info][gc             ] GC(9) Pause Young (Allocation Failure) 5M->4M(8M) 4.194ms
[0.269s][info][gc,cpu         ] GC(9) User=0.00s Sys=0.00s Real=0.00s
[0.272s][info][gc,start       ] GC(10) Pause Young (Allocation Failure)
[0.276s][info][gc,heap        ] GC(10) DefNew: 2687K(2688K)->256K(2688K) Eden: 2432K(2432K)->0K(2432K) From: 255K(256K)->256K(256K)
[0.276s][info][gc,heap        ] GC(10) Tenured: 4512K(5768K)->5755K(5768K)
[0.276s][info][gc,metaspace   ] GC(10) Metaspace: 6295K(6464K)->6295K(6464K) NonClass: 5761K(5824K)->5761K(5824K) Class: 533K(640K)->533K(640K)
[0.276s][info][gc             ] GC(10) Pause Young (Allocation Failure) 7M->5M(8M) 3.482ms
[0.276s][info][gc,cpu         ] GC(10) User=0.00s Sys=0.00s Real=0.00s
[0.279s][info][gc,start       ] GC(11) Pause Young (Allocation Failure)
[0.284s][info][gc             ] GC(11) Pause Young (Allocation Failure) 8M->7M(9M) 4.572ms
[0.284s][info][gc,cpu         ] GC(11) User=0.00s Sys=0.00s Real=0.00s
[0.284s][info][gc,start       ] GC(12) Pause Full (Allocation Failure)
[0.284s][info][gc,phases,start] GC(12) Phase 1: Mark live objects
[0.290s][info][gc,phases      ] GC(12) Phase 1: Mark live objects 5.845ms
[0.290s][info][gc,phases,start] GC(12) Phase 2: Compute new object addresses
[0.291s][info][gc,phases      ] GC(12) Phase 2: Compute new object addresses 1.296ms
[0.291s][info][gc,phases,start] GC(12) Phase 3: Adjust pointers
[0.293s][info][gc,phases      ] GC(12) Phase 3: Adjust pointers 2.129ms
[0.293s][info][gc,phases,start] GC(12) Phase 4: Move objects
[0.295s][info][gc,phases      ] GC(12) Phase 4: Move objects 1.626ms
[0.295s][info][gc,heap        ] GC(12) DefNew: 2688K(2688K)->0K(5376K) Eden: 2432K(2432K)->0K(4800K) From: 256K(256K)->0K(576K)
[0.295s][info][gc,heap        ] GC(12) Tenured: 5755K(5768K)->7132K(11888K)
[0.295s][info][gc,metaspace   ] GC(12) Metaspace: 6295K(6464K)->6295K(6464K) NonClass: 5761K(5824K)->5761K(5824K) Class: 533K(640K)->533K(640K)
[0.295s][info][gc             ] GC(12) Pause Full (Allocation Failure) 7M->6M(16M) 11.410ms
[0.295s][info][gc,cpu         ] GC(12) User=0.00s Sys=0.00s Real=0.01s
[0.301s][info][gc,start       ] GC(13) Pause Young (Allocation Failure)
[0.308s][info][gc,heap        ] GC(13) DefNew: 4800K(5376K)->575K(5376K) Eden: 4800K(4800K)->0K(4800K) From: 0K(576K)->575K(576K)
[0.308s][info][gc,heap        ] GC(13) Tenured: 7132K(11888K)->9027K(11888K)
[0.308s][info][gc,metaspace   ] GC(13) Metaspace: 6295K(6464K)->6295K(6464K) NonClass: 5761K(5824K)->5761K(5824K) Class: 533K(640K)->533K(640K)
[0.308s][info][gc             ] GC(13) Pause Young (Allocation Failure) 11M->9M(16M) 6.550ms
[0.308s][info][gc,cpu         ] GC(13) User=0.00s Sys=0.00s Real=0.01s
[0.314s][info][gc,start       ] GC(14) Pause Young (Allocation Failure)
[0.321s][info][gc,heap        ] GC(14) DefNew: 5375K(5376K)->576K(5376K) Eden: 4800K(4800K)->0K(4800K) From: 575K(576K)->576K(576K)
[0.321s][info][gc,heap        ] GC(14) Tenured: 9027K(11888K)->11746K(11888K)
[0.321s][info][gc,metaspace   ] GC(14) Metaspace: 6295K(6464K)->6295K(6464K) NonClass: 5761K(5824K)->5761K(5824K) Class: 533K(640K)->533K(640K)
[0.321s][info][gc             ] GC(14) Pause Young (Allocation Failure) 14M->12M(16M) 7.640ms
[0.321s][info][gc,cpu         ] GC(14) User=0.00s Sys=0.00s Real=0.01s
[0.325s][info][gc,start       ] GC(15) Pause Young (Allocation Failure)
[0.333s][info][gc             ] GC(15) Pause Young (Allocation Failure) 16M->14M(19M) 7.776ms
[0.333s][info][gc,cpu         ] GC(15) User=0.00s Sys=0.00s Real=0.01s
[0.333s][info][gc,start       ] GC(16) Pause Full (Allocation Failure)
[0.333s][info][gc,phases,start] GC(16) Phase 1: Mark live objects
[0.343s][info][gc,phases      ] GC(16) Phase 1: Mark live objects 9.912ms
[0.343s][info][gc,phases,start] GC(16) Phase 2: Compute new object addresses
[0.346s][info][gc,phases      ] GC(16) Phase 2: Compute new object addresses 2.646ms
[0.346s][info][gc,phases,start] GC(16) Phase 3: Adjust pointers
[0.350s][info][gc,phases      ] GC(16) Phase 3: Adjust pointers 3.677ms
[0.350s][info][gc,phases,start] GC(16) Phase 4: Move objects
[0.350s][info][gc,phases      ] GC(16) Phase 4: Move objects 0.150ms
[0.350s][info][gc,heap        ] GC(16) DefNew: 5376K(5376K)->446K(10816K) Eden: 4800K(4800K)->446K(9664K) From: 576K(576K)->0K(1152K)
[0.350s][info][gc,heap        ] GC(16) Tenured: 11746K(11888K)->14323K(23876K)
[0.350s][info][gc,metaspace   ] GC(16) Metaspace: 6297K(6464K)->6297K(6464K) NonClass: 5763K(5824K)->5763K(5824K) Class: 533K(640K)->533K(640K)
[0.350s][info][gc             ] GC(16) Pause Full (Allocation Failure) 14M->14M(33M) 16.798ms
[0.350s][info][gc,cpu         ] GC(16) User=0.02s Sys=0.00s Real=0.02s
[0.358s][info][gc,start       ] GC(17) Pause Young (Allocation Failure)
[0.372s][info][gc,heap        ] GC(17) DefNew: 9664K(10816K)->1151K(10816K) Eden: 9664K(9664K)->0K(9664K) From: 0K(1152K)->1151K(1152K)
[0.372s][info][gc,heap        ] GC(17) Tenured: 14323K(23876K)->18351K(23876K)
[0.372s][info][gc,metaspace   ] GC(17) Metaspace: 6297K(6464K)->6297K(6464K) NonClass: 5763K(5824K)->5763K(5824K) Class: 533K(640K)->533K(640K)
[0.372s][info][gc             ] GC(17) Pause Young (Allocation Failure) 23M->19M(33M) 13.665ms
[0.372s][info][gc,cpu         ] GC(17) User=0.00s Sys=0.00s Real=0.01s
[0.380s][info][gc,start       ] GC(18) Pause Young (Allocation Failure)
[0.393s][info][gc,heap        ] GC(18) DefNew: 10815K(10816K)->1151K(10816K) Eden: 9664K(9664K)->0K(9664K) From: 1151K(1152K)->1151K(1152K)
[0.393s][info][gc,heap        ] GC(18) Tenured: 18351K(23876K)->23839K(23876K)
[0.393s][info][gc,metaspace   ] GC(18) Metaspace: 6297K(6464K)->6297K(6464K) NonClass: 5763K(5824K)->5763K(5824K) Class: 533K(640K)->533K(640K)
[0.394s][info][gc             ] GC(18) Pause Young (Allocation Failure) 28M->24M(33M) 13.892ms
[0.394s][info][gc,cpu         ] GC(18) User=0.00s Sys=0.02s Real=0.01s
[0.400s][info][gc,start       ] GC(19) Pause Young (Allocation Failure)
[0.411s][info][gc             ] GC(19) Pause Young (Allocation Failure) 33M->29M(38M) 11.914ms
[0.411s][info][gc,cpu         ] GC(19) User=0.00s Sys=0.00s Real=0.01s
[0.412s][info][gc,start       ] GC(20) Pause Full (Allocation Failure)
[0.412s][info][gc,phases,start] GC(20) Phase 1: Mark live objects
[0.427s][info][gc,phases      ] GC(20) Phase 1: Mark live objects 15.025ms
[0.427s][info][gc,phases,start] GC(20) Phase 2: Compute new object addresses
[0.431s][info][gc,phases      ] GC(20) Phase 2: Compute new object addresses 4.535ms
[0.431s][info][gc,phases,start] GC(20) Phase 3: Adjust pointers
[0.437s][info][gc,phases      ] GC(20) Phase 3: Adjust pointers 5.356ms
[0.437s][info][gc,phases,start] GC(20) Phase 4: Move objects
[0.437s][info][gc,phases      ] GC(20) Phase 4: Move objects 0.178ms
[0.437s][info][gc,heap        ] GC(20) DefNew: 10815K(10816K)->1048K(21760K) Eden: 9664K(9664K)->1048K(19392K) From: 1151K(1152K)->0K(2368K)
[0.437s][info][gc,heap        ] GC(20) Tenured: 23839K(23876K)->28935K(48228K)
[0.437s][info][gc,metaspace   ] GC(20) Metaspace: 6297K(6464K)->6297K(6464K) NonClass: 5763K(5824K)->5763K(5824K) Class: 533K(640K)->533K(640K)
[0.437s][info][gc             ] GC(20) Pause Full (Allocation Failure) 29M->29M(68M) 25.677ms
[0.437s][info][gc,cpu         ] GC(20) User=0.03s Sys=0.00s Real=0.02s
[0.453s][info][gc,start       ] GC(21) Pause Young (Allocation Failure)
[0.482s][info][gc,heap        ] GC(21) DefNew: 19392K(21760K)->2367K(21760K) Eden: 19392K(19392K)->0K(19392K) From: 0K(2368K)->2367K(2368K)
[0.482s][info][gc,heap        ] GC(21) Tenured: 28935K(48228K)->38997K(48228K)
[0.482s][info][gc,metaspace   ] GC(21) Metaspace: 6297K(6464K)->6297K(6464K) NonClass: 5763K(5824K)->5763K(5824K) Class: 533K(640K)->533K(640K)
[0.482s][info][gc             ] GC(21) Pause Young (Allocation Failure) 47M->40M(68M) 29.292ms
[0.482s][info][gc,cpu         ] GC(21) User=0.02s Sys=0.00s Real=0.03s
[0.501s][info][gc,start       ] GC(22) Pause Young (Allocation Failure)
[0.537s][info][gc             ] GC(22) Pause Young (Allocation Failure) 59M->59M(78M) 36.536ms
[0.537s][info][gc,cpu         ] GC(22) User=0.02s Sys=0.02s Real=0.04s
[0.537s][info][gc,start       ] GC(23) Pause Full (Allocation Failure)
[0.537s][info][gc,phases,start] GC(23) Phase 1: Mark live objects
[0.563s][info][gc,phases      ] GC(23) Phase 1: Mark live objects 25.249ms
[0.563s][info][gc,phases,start] GC(23) Phase 2: Compute new object addresses
[0.573s][info][gc,phases      ] GC(23) Phase 2: Compute new object addresses 10.114ms
[0.573s][info][gc,phases,start] GC(23) Phase 3: Adjust pointers
[0.584s][info][gc,phases      ] GC(23) Phase 3: Adjust pointers 11.358ms
[0.584s][info][gc,phases,start] GC(23) Phase 4: Move objects
[0.585s][info][gc,phases      ] GC(23) Phase 4: Move objects 0.323ms
[0.585s][info][gc,heap        ] GC(23) DefNew: 21759K(21760K)->2367K(43776K) Eden: 19392K(19392K)->2367K(38912K) From: 2367K(2368K)->0K(4864K)
[0.585s][info][gc,heap        ] GC(23) Tenured: 38997K(48228K)->58356K(97264K)
[0.585s][info][gc,metaspace   ] GC(23) Metaspace: 6297K(6464K)->6297K(6464K) NonClass: 5763K(5824K)->5763K(5824K) Class: 533K(640K)->533K(640K)
[0.585s][info][gc             ] GC(23) Pause Full (Allocation Failure) 59M->59M(137M) 47.695ms
[0.585s][info][gc,cpu         ] GC(23) User=0.05s Sys=0.00s Real=0.05s
[0.626s][info][gc,start       ] GC(24) Pause Young (Allocation Failure)
[0.688s][info][gc,heap        ] GC(24) DefNew: 38912K(43776K)->4863K(43776K) Eden: 38912K(38912K)->0K(38912K) From: 0K(4864K)->4863K(4864K)
[0.688s][info][gc,heap        ] GC(24) Tenured: 58356K(97264K)->90332K(97264K)
[0.688s][info][gc,metaspace   ] GC(24) Metaspace: 6297K(6464K)->6297K(6464K) NonClass: 5763K(5824K)->5763K(5824K) Class: 533K(640K)->533K(640K)
[0.688s][info][gc             ] GC(24) Pause Young (Allocation Failure) 94M->92M(137M) 61.510ms
[0.688s][info][gc,cpu         ] GC(24) User=0.03s Sys=0.00s Real=0.06s
[0.721s][info][gc,start       ] GC(25) Pause Young (Allocation Failure)
[0.791s][info][gc             ] GC(25) Pause Young (Allocation Failure) 130M->130M(169M) 70.283ms
[0.791s][info][gc,cpu         ] GC(25) User=0.05s Sys=0.02s Real=0.07s
[0.791s][info][gc,start       ] GC(26) Pause Full (Allocation Failure)
[0.791s][info][gc,phases,start] GC(26) Phase 1: Mark live objects
[0.846s][info][gc,phases      ] GC(26) Phase 1: Mark live objects 54.372ms
[0.846s][info][gc,phases,start] GC(26) Phase 2: Compute new object addresses
[0.867s][info][gc,phases      ] GC(26) Phase 2: Compute new object addresses 21.497ms
[0.867s][info][gc,phases,start] GC(26) Phase 3: Adjust pointers
[0.894s][info][gc,phases      ] GC(26) Phase 3: Adjust pointers 26.389ms
[0.894s][info][gc,phases,start] GC(26) Phase 4: Move objects
[0.917s][info][gc,phases      ] GC(26) Phase 4: Move objects 23.359ms
[0.918s][info][gc,heap        ] GC(26) DefNew: 43775K(43776K)->2957K(97088K) Eden: 38912K(38912K)->2957K(86336K) From: 4863K(4864K)->0K(10752K)
[0.918s][info][gc,heap        ] GC(26) Tenured: 90332K(97264K)->129327K(215548K)
[0.918s][info][gc,metaspace   ] GC(26) Metaspace: 6297K(6464K)->6297K(6464K) NonClass: 5763K(5824K)->5763K(5824K) Class: 533K(640K)->533K(640K)
[0.918s][info][gc             ] GC(26) Pause Full (Allocation Failure) 130M->129M(305M) 126.407ms
[0.918s][info][gc,cpu         ] GC(26) User=0.14s Sys=0.00s Real=0.13s
[1.005s][info][gc,start       ] GC(27) Pause Young (Allocation Failure)
[1.145s][info][gc,heap        ] GC(27) DefNew: 86336K(97088K)->10751K(97088K) Eden: 86336K(86336K)->0K(86336K) From: 0K(10752K)->10751K(10752K)
[1.145s][info][gc,heap        ] GC(27) Tenured: 129327K(215548K)->204882K(215548K)
[1.145s][info][gc,metaspace   ] GC(27) Metaspace: 6297K(6464K)->6297K(6464K) NonClass: 5763K(5824K)->5763K(5824K) Class: 533K(640K)->533K(640K)
[1.145s][info][gc             ] GC(27) Pause Young (Allocation Failure) 210M->210M(305M) 140.241ms
[1.145s][info][gc,cpu         ] GC(27) User=0.12s Sys=0.02s Real=0.14s
[1.223s][info][gc,start       ] GC(28) Pause Young (Allocation Failure)
[1.386s][info][gc             ] GC(28) Pause Young (Allocation Failure) 294M->294M(379M) 162.735ms
[1.386s][info][gc,cpu         ] GC(28) User=0.16s Sys=0.02s Real=0.16s
[1.386s][info][gc,start       ] GC(29) Pause Full (Allocation Failure)
[1.386s][info][gc,phases,start] GC(29) Phase 1: Mark live objects
[1.516s][info][gc,phases      ] GC(29) Phase 1: Mark live objects 129.762ms
[1.516s][info][gc,phases,start] GC(29) Phase 2: Compute new object addresses
[1.563s][info][gc,phases      ] GC(29) Phase 2: Compute new object addresses 46.984ms
[1.563s][info][gc,phases,start] GC(29) Phase 3: Adjust pointers
[1.619s][info][gc,phases      ] GC(29) Phase 3: Adjust pointers 55.637ms
[1.619s][info][gc,phases,start] GC(29) Phase 4: Move objects
[1.621s][info][gc,phases      ] GC(29) Phase 4: Move objects 2.099ms
[1.622s][info][gc,heap        ] GC(29) DefNew: 97087K(97088K)->10607K(218560K) Eden: 86336K(86336K)->10607K(194304K) From: 10751K(10752K)->0K(24256K)
[1.622s][info][gc,heap        ] GC(29) Tenured: 204882K(215548K)->291328K(485548K)
[1.622s][info][gc,metaspace   ] GC(29) Metaspace: 6297K(6464K)->6297K(6464K) NonClass: 5763K(5824K)->5763K(5824K) Class: 533K(640K)->533K(640K)
[1.622s][info][gc             ] GC(29) Pause Full (Allocation Failure) 294M->294M(687M) 236.094ms
[1.622s][info][gc,cpu         ] GC(29) User=0.22s Sys=0.00s Real=0.24s
[1.826s][info][gc,start       ] GC(30) Pause Young (Allocation Failure)
[2.155s][info][gc,heap        ] GC(30) DefNew: 194304K(218560K)->24255K(218560K) Eden: 194304K(194304K)->0K(194304K) From: 0K(24256K)->24255K(24256K)
[2.155s][info][gc,heap        ] GC(30) Tenured: 291328K(485548K)->461350K(485548K)
[2.155s][info][gc,metaspace   ] GC(30) Metaspace: 6297K(6464K)->6297K(6464K) NonClass: 5763K(5824K)->5763K(5824K) Class: 533K(640K)->533K(640K)
[2.155s][info][gc             ] GC(30) Pause Young (Allocation Failure) 474M->474M(687M) 328.387ms
[2.155s][info][gc,cpu         ] GC(30) User=0.23s Sys=0.09s Real=0.33s
[2.325s][info][gc,start       ] GC(31) Pause Young (Allocation Failure)
[2.699s][info][gc             ] GC(31) Pause Young (Allocation Failure) 663M->663M(853M) 373.124ms
[2.699s][info][gc,cpu         ] GC(31) User=0.31s Sys=0.06s Real=0.37s
[2.699s][info][gc,start       ] GC(32) Pause Full (Allocation Failure)
[2.699s][info][gc,phases,start] GC(32) Phase 1: Mark live objects
[2.998s][info][gc,phases      ] GC(32) Phase 1: Mark live objects 299.655ms
[2.998s][info][gc,phases,start] GC(32) Phase 2: Compute new object addresses
[3.104s][info][gc,phases      ] GC(32) Phase 2: Compute new object addresses 105.555ms
[3.104s][info][gc,phases,start] GC(32) Phase 3: Adjust pointers
[3.221s][info][gc,phases      ] GC(32) Phase 3: Adjust pointers 116.754ms
[3.221s][info][gc,phases,start] GC(32) Phase 4: Move objects
[3.226s][info][gc,phases      ] GC(32) Phase 4: Move objects 5.068ms
[3.228s][info][gc,heap        ] GC(32) DefNew: 218559K(218560K)->24149K(491904K) Eden: 194304K(194304K)->24149K(437312K) From: 24255K(24256K)->0K(54592K)
[3.228s][info][gc,heap        ] GC(32) Tenured: 461350K(485548K)->655727K(1092880K)
[3.228s][info][gc,metaspace   ] GC(32) Metaspace: 6297K(6464K)->6297K(6464K) NonClass: 5763K(5824K)->5763K(5824K) Class: 533K(640K)->533K(640K)
[3.228s][info][gc             ] GC(32) Pause Full (Allocation Failure) 663M->663M(1547M) 529.299ms
[3.228s][info][gc,cpu         ] GC(32) User=0.53s Sys=0.00s Real=0.53s
[3.668s][info][gc,start       ] GC(33) Pause Young (Allocation Failure)
[4.427s][info][gc,heap        ] GC(33) DefNew: 437312K(491904K)->54592K(491904K) Eden: 437312K(437312K)->0K(437312K) From: 0K(54592K)->54592K(54592K)
[4.427s][info][gc,heap        ] GC(33) Tenured: 655727K(1092880K)->1038422K(1092880K)
[4.427s][info][gc,metaspace   ] GC(33) Metaspace: 6297K(6464K)->6297K(6464K) NonClass: 5763K(5824K)->5763K(5824K) Class: 533K(640K)->533K(640K)
[4.427s][info][gc             ] GC(33) Pause Young (Allocation Failure) 1067M->1067M(1547M) 759.148ms
[4.427s][info][gc,cpu         ] GC(33) User=0.64s Sys=0.11s Real=0.76s
[4.759s][info][gc,start       ] GC(34) Pause Young (Allocation Failure)
[5.463s][info][gc             ] GC(34) Pause Young (Allocation Failure) 1431M->1404M(1831M) 704.302ms
[5.464s][info][gc,cpu         ] GC(34) User=0.61s Sys=0.08s Real=0.70s
[5.464s][info][gc,start       ] GC(35) Pause Full (Allocation Failure)
[5.464s][info][gc,phases,start] GC(35) Phase 1: Mark live objects
[6.109s][info][gc,phases      ] GC(35) Phase 1: Mark live objects 645.443ms
[6.109s][info][gc,phases,start] GC(35) Phase 2: Compute new object addresses
[6.319s][info][gc,phases      ] GC(35) Phase 2: Compute new object addresses 210.290ms
[6.319s][info][gc,phases,start] GC(35) Phase 3: Adjust pointers
[6.566s][info][gc,phases      ] GC(35) Phase 3: Adjust pointers 246.080ms
[6.566s][info][gc,phases,start] GC(35) Phase 4: Move objects
[6.577s][info][gc,phases      ] GC(35) Phase 4: Move objects 11.181ms
[6.581s][info][gc,heap        ] GC(35) DefNew: 427009K(491904K)->54409K(1038016K) Eden: 372417K(437312K)->54409K(922688K) From: 54592K(54592K)->0K(115328K)
[6.581s][info][gc,heap        ] GC(35) Tenured: 1038422K(1092880K)->1383951K(2306588K)
[6.581s][info][gc,metaspace   ] GC(35) Metaspace: 6297K(6464K)->6297K(6464K) NonClass: 5763K(5824K)->5763K(5824K) Class: 533K(640K)->533K(640K)
[6.581s][info][gc             ] GC(35) Pause Full (Allocation Failure) 1404M->1404M(3266M) 1117.230ms
[6.581s][info][gc,cpu         ] GC(35) User=1.11s Sys=0.02s Real=1.12s
[7.503s][info][gc,start       ] GC(36) Pause Young (Allocation Failure)
[9.113s][info][gc,heap        ] GC(36) DefNew: 922688K(1038016K)->115327K(1038016K) Eden: 922688K(922688K)->0K(922688K) From: 0K(115328K)->115327K(115328K)
[9.113s][info][gc,heap        ] GC(36) Tenured: 1383951K(2306588K)->2191280K(2306588K)
[9.113s][info][gc,metaspace   ] GC(36) Metaspace: 6297K(6464K)->6297K(6464K) NonClass: 5763K(5824K)->5763K(5824K) Class: 533K(640K)->533K(640K)
[9.113s][info][gc             ] GC(36) Pause Young (Allocation Failure) 2252M->2252M(3266M) 1609.894ms
[9.113s][info][gc,cpu         ] GC(36) User=1.38s Sys=0.23s Real=1.61s
[10.071s][info][gc,start       ] GC(37) Pause Young (Allocation Failure)
[11.634s][info][gc             ] GC(37) Pause Young (Allocation Failure) 3153M->3089M(3990M) 1562.303ms
[11.634s][info][gc,cpu         ] GC(37) User=1.31s Sys=0.25s Real=1.56s
[11.634s][info][gc,start       ] GC(38) Pause Full (Allocation Failure)
[11.634s][info][gc,phases,start] GC(38) Phase 1: Mark live objects
[13.100s][info][gc,phases      ] GC(38) Phase 1: Mark live objects 1466.117ms
[13.100s][info][gc,phases,start] GC(38) Phase 2: Compute new object addresses
[13.573s][info][gc,phases      ] GC(38) Phase 2: Compute new object addresses 473.492ms
[13.573s][info][gc,phases,start] GC(38) Phase 3: Adjust pointers
[14.222s][info][gc,phases      ] GC(38) Phase 3: Adjust pointers 648.814ms
[14.222s][info][gc,phases,start] GC(38) Phase 4: Move objects
[14.821s][info][gc,phases      ] GC(38) Phase 4: Move objects 598.825ms
[14.831s][info][gc,heap        ] GC(38) DefNew: 1038015K(1038016K)->53871K(2286400K) Eden: 922688K(922688K)->53871K(2032384K) From: 115327K(115328K)->0K(254016K)
[14.832s][info][gc,heap        ] GC(38) Tenured: 2191280K(2306588K)->3048415K(5080696K)
[14.832s][info][gc,metaspace   ] GC(38) Metaspace: 6297K(6464K)->6297K(6464K) NonClass: 5763K(5824K)->5763K(5824K) Class: 533K(640K)->533K(640K)
[14.832s][info][gc             ] GC(38) Pause Full (Allocation Failure) 3089M->3029M(7194M) 3197.936ms
[14.832s][info][gc,cpu         ] GC(38) User=3.19s Sys=0.00s Real=3.20s
[16.789s][info][gc,start       ] GC(39) Pause Young (Allocation Failure)
[20.356s][info][gc,heap        ] GC(39) DefNew: 2032384K(2286400K)->254016K(2286400K) Eden: 2032384K(2032384K)->0K(2032384K) From: 0K(254016K)->254016K(254016K)
[20.356s][info][gc,heap        ] GC(39) Tenured: 3048415K(5080696K)->4826750K(5080696K)
[20.356s][info][gc,metaspace   ] GC(39) Metaspace: 6297K(6464K)->6297K(6464K) NonClass: 5763K(5824K)->5763K(5824K) Class: 533K(640K)->533K(640K)
[20.356s][info][gc             ] GC(39) Pause Young (Allocation Failure) 4961M->4961M(7194M) 3567.077ms
[20.356s][info][gc,cpu         ] GC(39) User=2.94s Sys=0.56s Real=3.57s
[22.295s][info][gc,start       ] GC(40) Pause Young (Allocation Failure)
[25.874s][info][gc             ] GC(40) Pause Young (Allocation Failure) 6946M->6946M(8931M) 3579.001ms
[25.874s][info][gc,cpu         ] GC(40) User=2.81s Sys=0.75s Real=3.58s
[25.874s][info][gc,start       ] GC(41) Pause Full (Allocation Failure)
[25.874s][info][gc,phases,start] GC(41) Phase 1: Mark live objects
[29.184s][info][gc,phases      ] GC(41) Phase 1: Mark live objects 3310.480ms
[29.185s][info][gc,phases,start] GC(41) Phase 2: Compute new object addresses
[30.234s][info][gc,phases      ] GC(41) Phase 2: Compute new object addresses 1049.197ms
[30.234s][info][gc,phases,start] GC(41) Phase 3: Adjust pointers
[31.496s][info][gc,phases      ] GC(41) Phase 3: Adjust pointers 1262.528ms
[31.496s][info][gc,phases,start] GC(41) Phase 4: Move objects
[31.555s][info][gc,phases      ] GC(41) Phase 4: Move objects 58.359ms
[31.572s][info][gc,heap        ] GC(41) DefNew: 2286400K(2286400K)->253858K(5144512K) Eden: 2032384K(2032384K)->253858K(4572928K) From: 254016K(254016K)->0K(571584K)
[31.572s][info][gc,heap        ] GC(41) Tenured: 4826750K(5080696K)->6859259K(11432100K)
[31.572s][info][gc,metaspace   ] GC(41) Metaspace: 6297K(6464K)->6297K(6464K) NonClass: 5763K(5824K)->5763K(5824K) Class: 533K(640K)->533K(640K)
[31.572s][info][gc             ] GC(41) Pause Full (Allocation Failure) 6946M->6946M(16188M) 5698.119ms
[31.572s][info][gc,cpu         ] GC(41) User=5.66s Sys=0.03s Real=5.70s
[36.006s][info][gc,start       ] GC(42) Pause Young (Allocation Failure)
[47.073s][info][gc,heap        ] GC(42) DefNew: 4572928K(5144512K)->571583K(5144512K) Eden: 4572928K(4572928K)->0K(4572928K) From: 0K(571584K)->571583K(571584K)
[47.073s][info][gc,heap        ] GC(42) Tenured: 6859259K(11432100K)->10860575K(11432100K)
[47.074s][info][gc,metaspace   ] GC(42) Metaspace: 6297K(6464K)->6297K(6464K) NonClass: 5763K(5824K)->5763K(5824K) Class: 533K(640K)->533K(640K)
[47.076s][info][gc             ] GC(42) Pause Young (Allocation Failure) 11164M->11164M(16188M) 11068.974ms
[47.077s][info][gc,cpu         ] GC(42) User=7.67s Sys=3.20s Real=11.07s
[57.475s][info][gc,start       ] GC(43) Pause Young (Allocation Failure)
[57.475s][info][gc             ] GC(43) Pause Young (Allocation Failure) 15629M->15629M(16188M) 0.117ms
[57.475s][info][gc,cpu         ] GC(43) User=0.00s Sys=0.00s Real=0.00s
[57.475s][info][gc,start       ] GC(44) Pause Full (Allocation Failure)
[57.475s][info][gc,phases,start] GC(44) Phase 1: Mark live objects
[94.296s][info][gc,phases      ] GC(44) Phase 1: Mark live objects 36820.752ms
[94.296s][info][gc,phases,start] GC(44) Phase 2: Compute new object addresses
[112.700s][info][gc,phases      ] GC(44) Phase 2: Compute new object addresses 18403.248ms
[112.701s][info][gc,phases,start] GC(44) Phase 3: Adjust pointers
[148.159s][info][gc,phases      ] GC(44) Phase 3: Adjust pointers 35458.831ms
[148.159s][info][gc,phases,start] GC(44) Phase 4: Move objects
[149.357s][info][gc,phases      ] GC(44) Phase 4: Move objects 1197.592ms
[149.406s][info][gc,heap        ] GC(44) DefNew: 5144511K(5144512K)->4789698K(5144512K) Eden: 4572928K(4572928K)->4572928K(4572928K) From: 571583K(571584K)->216770K(571584K)
[149.407s][info][gc,heap        ] GC(44) Tenured: 10860575K(11432100K)->11215359K(11605376K)
[149.407s][info][gc,metaspace   ] GC(44) Metaspace: 6297K(6464K)->6297K(6464K) NonClass: 5763K(5824K)->5763K(5824K) Class: 533K(640K)->533K(640K)
[149.408s][info][gc             ] GC(44) Pause Full (Allocation Failure) 15629M->15629M(16357M) 91932.949ms
[149.408s][info][gc,cpu         ] GC(44) User=12.45s Sys=34.69s Real=91.93s
[151.969s][info][gc,start       ] GC(45) Pause Full (Allocation Failure)
[151.970s][info][gc,phases,start] GC(45) Phase 1: Mark live objects
[191.688s][info][gc,phases      ] GC(45) Phase 1: Mark live objects 39717.393ms
[191.689s][info][gc,phases,start] GC(45) Phase 2: Compute new object addresses
[213.411s][info][gc,phases      ] GC(45) Phase 2: Compute new object addresses 21720.210ms
[213.411s][info][gc,phases,start] GC(45) Phase 3: Adjust pointers
[268.810s][info][gc,phases      ] GC(45) Phase 3: Adjust pointers 55398.683ms
[268.810s][info][gc,phases,start] GC(45) Phase 4: Move objects
[268.871s][info][gc,phases      ] GC(45) Phase 4: Move objects 60.584ms
[268.885s][info][gc,heap        ] GC(45) DefNew: 5144512K(5144512K)->5131200K(5144512K) Eden: 4572928K(4572928K)->4572928K(4572928K) From: 571584K(571584K)->558272K(571584K)
[268.886s][info][gc,heap        ] GC(45) Tenured: 11605376K(11605376K)->11605376K(11605376K)
[268.886s][info][gc,metaspace   ] GC(45) Metaspace: 6297K(6464K)->6297K(6464K) NonClass: 5763K(5824K)->5763K(5824K) Class: 533K(640K)->533K(640K)
[268.887s][info][gc             ] GC(45) Pause Full (Allocation Failure) 16357M->16344M(16357M) 116917.289ms
[268.887s][info][gc,cpu         ] GC(45) User=10.53s Sys=41.14s Real=116.92s
[268.937s][info][gc,start       ] GC(46) Pause Full (Allocation Failure)
[268.938s][info][gc,phases,start] GC(46) Phase 1: Mark live objects
[314.226s][info][gc,phases      ] GC(46) Phase 1: Mark live objects 45286.674ms
[314.227s][info][gc,phases,start] GC(46) Phase 2: Compute new object addresses
[339.206s][info][gc,phases      ] GC(46) Phase 2: Compute new object addresses 24974.499ms
[339.208s][info][gc,phases,start] GC(46) Phase 3: Adjust pointers
[392.966s][info][gc,phases      ] GC(46) Phase 3: Adjust pointers 53756.807ms
[392.967s][info][gc,phases,start] GC(46) Phase 4: Move objects
[415.061s][info][gc,phases      ] GC(46) Phase 4: Move objects 22094.420ms
[415.147s][info][gc,heap        ] GC(46) DefNew: 5144511K(5144512K)->5144511K(5144512K) Eden: 4572928K(4572928K)->4572928K(4572928K) From: 571583K(571584K)->571583K(571584K)
[415.147s][info][gc,heap        ] GC(46) Tenured: 11605376K(11605376K)->11212159K(11605376K)
[415.147s][info][gc,metaspace   ] GC(46) Metaspace: 6297K(6464K)->6297K(6464K) NonClass: 5763K(5824K)->5763K(5824K) Class: 533K(640K)->533K(640K)
[415.161s][info][gc             ] GC(46) Pause Full (Allocation Failure) 16357M->15973M(16357M) 146221.268ms
[415.164s][info][gc,cpu         ] GC(46) User=12.70s Sys=51.81s Real=146.23s
[418.059s][info][gc,start       ] GC(47) Pause Full (Allocation Failure)
[418.059s][info][gc,phases,start] GC(47) Phase 1: Mark live objects
[458.291s][info][gc,phases      ] GC(47) Phase 1: Mark live objects 40231.454ms
[458.291s][info][gc,phases,start] GC(47) Phase 2: Compute new object addresses
[485.180s][info][gc,phases      ] GC(47) Phase 2: Compute new object addresses 26888.159ms
[485.180s][info][gc,phases,start] GC(47) Phase 3: Adjust pointers
[543.320s][info][gc,phases      ] GC(47) Phase 3: Adjust pointers 58137.023ms
[543.321s][info][gc,phases,start] GC(47) Phase 4: Move objects
[543.321s][info][gc,phases      ] GC(47) Phase 4: Move objects 0.410ms
[543.339s][info][gc,heap        ] GC(47) DefNew: 5144511K(5144512K)->5144511K(5144512K) Eden: 4572928K(4572928K)->4572928K(4572928K) From: 571583K(571584K)->571583K(571584K)
[543.339s][info][gc,heap        ] GC(47) Tenured: 11605375K(11605376K)->11605375K(11605376K)
[543.340s][info][gc,metaspace   ] GC(47) Metaspace: 6297K(6464K)->6297K(6464K) NonClass: 5763K(5824K)->5763K(5824K) Class: 533K(640K)->533K(640K)
[543.341s][info][gc             ] GC(47) Pause Full (Allocation Failure) 16357M->16357M(16357M) 125282.308ms
[543.342s][info][gc,cpu         ] GC(47) User=10.84s Sys=42.73s Real=125.28s
[543.342s][info][gc,start       ] GC(48) Pause Full (Allocation Failure)
[543.343s][info][gc,phases,start] GC(48) Phase 1: Mark live objects
[596.363s][info][gc,phases      ] GC(48) Phase 1: Mark live objects 53020.079ms
[596.363s][info][gc,phases,start] GC(48) Phase 2: Compute new object addresses
[621.355s][info][gc,phases      ] GC(48) Phase 2: Compute new object addresses 24981.232ms
[621.355s][info][gc,phases,start] GC(48) Phase 3: Adjust pointers
[682.972s][info][gc,phases      ] GC(48) Phase 3: Adjust pointers 61615.808ms
[682.973s][info][gc,phases,start] GC(48) Phase 4: Move objects
[715.311s][info][gc,phases      ] GC(48) Phase 4: Move objects 32334.619ms
[715.343s][info][gc,heap        ] GC(48) DefNew: 5144511K(5144512K)->5144511K(5144512K) Eden: 4572928K(4572928K)->4572928K(4572928K) From: 571583K(571584K)->571583K(571584K)
[715.343s][info][gc,heap        ] GC(48) Tenured: 11605375K(11605376K)->11605371K(11605376K)
[715.343s][info][gc,metaspace   ] GC(48) Metaspace: 6297K(6464K)->6295K(6464K) NonClass: 5763K(5824K)->5762K(5824K) Class: 533K(640K)->532K(640K)
[715.348s][info][gc             ] GC(48) Pause Full (Allocation Failure) 16357M->16357M(16357M) 172005.190ms
[715.349s][info][gc,cpu         ] GC(48) User=12.64s Sys=58.48s Real=172.01s
[715.400s][info][gc,start       ] GC(49) Pause Full (Allocation Failure)
[715.401s][info][gc,phases,start] GC(49) Phase 1: Mark live objects
[754.002s][info][gc,phases      ] GC(49) Phase 1: Mark live objects 38600.471ms
[754.003s][info][gc,phases,start] GC(49) Phase 2: Compute new object addresses
[783.309s][info][gc,phases      ] GC(49) Phase 2: Compute new object addresses 29306.906ms
[783.309s][info][gc,phases,start] GC(49) Phase 3: Adjust pointers
[839.242s][info][gc,phases      ] GC(49) Phase 3: Adjust pointers 55920.503ms
[839.246s][info][gc,phases,start] GC(49) Phase 4: Move objects
[839.250s][info][gc,phases      ] GC(49) Phase 4: Move objects 4.288ms
[839.319s][info][gc,heap        ] GC(49) DefNew: 5144511K(5144512K)->5144511K(5144512K) Eden: 4572928K(4572928K)->4572928K(4572928K) From: 571583K(571584K)->571583K(571584K)
[839.319s][info][gc,heap        ] GC(49) Tenured: 11605376K(11605376K)->11605376K(11605376K)
[839.319s][info][gc,metaspace   ] GC(49) Metaspace: 6295K(6464K)->6295K(6464K) NonClass: 5762K(5824K)->5762K(5824K) Class: 532K(640K)->532K(640K)
[839.327s][info][gc             ] GC(49) Pause Full (Allocation Failure) 16357M->16357M(16357M) 123925.975ms
[839.328s][info][gc,cpu         ] GC(49) User=11.06s Sys=40.39s Real=123.93s
[839.328s][info][gc,start       ] GC(50) Pause Full (Allocation Failure)
[839.332s][info][gc,phases,start] GC(50) Phase 1: Mark live objects
[887.266s][info][gc,phases      ] GC(50) Phase 1: Mark live objects 47933.736ms
[887.267s][info][gc,phases,start] GC(50) Phase 2: Compute new object addresses
[911.431s][info][gc,phases      ] GC(50) Phase 2: Compute new object addresses 24163.001ms
[911.431s][info][gc,phases,start] GC(50) Phase 3: Adjust pointers
[969.037s][info][gc,phases      ] GC(50) Phase 3: Adjust pointers 57595.226ms
[969.040s][info][gc,phases,start] GC(50) Phase 4: Move objects
[969.047s][info][gc,phases      ] GC(50) Phase 4: Move objects 7.431ms
[969.091s][info][gc,heap        ] GC(50) DefNew: 5144511K(5144512K)->5144511K(5144512K) Eden: 4572928K(4572928K)->4572928K(4572928K) From: 571583K(571584K)->571583K(571584K)
[969.091s][info][gc,heap        ] GC(50) Tenured: 11605376K(11605376K)->11605376K(11605376K)
[969.092s][info][gc,metaspace   ] GC(50) Metaspace: 6295K(6464K)->6295K(6464K) NonClass: 5762K(5824K)->5762K(5824K) Class: 532K(640K)->532K(640K)
[969.097s][info][gc             ] GC(50) Pause Full (Allocation Failure) 16357M->16357M(16357M) 129766.937ms
[969.098s][info][gc,cpu         ] GC(50) User=11.72s Sys=47.27s Real=129.77s
[969.271s][info][gc,start       ] GC(51) Pause Full (Allocation Failure)
[969.272s][info][gc,phases,start] GC(51) Phase 1: Mark live objects
[1014.321s][info][gc,phases      ] GC(51) Phase 1: Mark live objects 45049.479ms
[1014.322s][info][gc,phases,start] GC(51) Phase 2: Compute new object addresses
[1048.227s][info][gc,phases      ] GC(51) Phase 2: Compute new object addresses 33904.666ms
[1048.228s][info][gc,phases,start] GC(51) Phase 3: Adjust pointers
[1104.613s][info][gc,phases      ] GC(51) Phase 3: Adjust pointers 56382.939ms
[1104.617s][info][gc,phases,start] GC(51) Phase 4: Move objects
[1104.618s][info][gc,phases      ] GC(51) Phase 4: Move objects 0.814ms
[1104.646s][info][gc,heap        ] GC(51) DefNew: 5144511K(5144512K)->5144511K(5144512K) Eden: 4572928K(4572928K)->4572928K(4572928K) From: 571583K(571584K)->571583K(571584K)
[1104.646s][info][gc,heap        ] GC(51) Tenured: 11605376K(11605376K)->11605376K(11605376K)
[1104.647s][info][gc,metaspace   ] GC(51) Metaspace: 6295K(6464K)->6295K(6464K) NonClass: 5762K(5824K)->5762K(5824K) Class: 532K(640K)->532K(640K)
[1104.651s][info][gc             ] GC(51) Pause Full (Allocation Failure) 16357M->16357M(16357M) 135379.957ms
[1104.652s][info][gc,cpu         ] GC(51) User=11.42s Sys=50.67s Real=135.38s
[1104.653s][info][gc,start       ] GC(52) Pause Full (Allocation Failure)
[1104.654s][info][gc,phases,start] GC(52) Phase 1: Mark live objects
[1151.238s][info][gc,phases      ] GC(52) Phase 1: Mark live objects 46583.381ms
[1151.238s][info][gc,phases,start] GC(52) Phase 2: Compute new object addresses
[1176.376s][info][gc,phases      ] GC(52) Phase 2: Compute new object addresses 25137.590ms
[1176.376s][info][gc,phases,start] GC(52) Phase 3: Adjust pointers
[1233.861s][info][gc,phases      ] GC(52) Phase 3: Adjust pointers 57484.065ms
[1233.861s][info][gc,phases,start] GC(52) Phase 4: Move objects
[1263.246s][info][gc,phases      ] GC(52) Phase 4: Move objects 29384.353ms
[1263.264s][info][gc,heap        ] GC(52) DefNew: 5144511K(5144512K)->5144511K(5144512K) Eden: 4572928K(4572928K)->4572928K(4572928K) From: 571583K(571584K)->571583K(571584K)
[1263.264s][info][gc,heap        ] GC(52) Tenured: 11605376K(11605376K)->11605374K(11605376K)
[1263.265s][info][gc,metaspace   ] GC(52) Metaspace: 6295K(6464K)->6295K(6464K) NonClass: 5762K(5824K)->5762K(5824K) Class: 532K(640K)->532K(640K)
[1263.266s][info][gc             ] GC(52) Pause Full (Allocation Failure) 16357M->16357M(16357M) 158613.514ms
[1263.267s][info][gc,cpu         ] GC(52) User=13.16s Sys=54.34s Real=158.61s
[1263.324s][info][gc,start       ] GC(53) Pause Full (Allocation Failure)
[1263.324s][info][gc,phases,start] GC(53) Phase 1: Mark live objects
[1323.025s][info][gc,phases      ] GC(53) Phase 1: Mark live objects 59700.289ms
[1323.027s][info][gc,phases,start] GC(53) Phase 2: Compute new object addresses
[1349.099s][info][gc,phases      ] GC(53) Phase 2: Compute new object addresses 26072.388ms
[1349.099s][info][gc,phases,start] GC(53) Phase 3: Adjust pointers
[1405.542s][info][gc,phases      ] GC(53) Phase 3: Adjust pointers 56437.369ms
[1405.543s][info][gc,phases,start] GC(53) Phase 4: Move objects
[1405.545s][info][gc,phases      ] GC(53) Phase 4: Move objects 1.461ms
[1405.570s][info][gc,heap        ] GC(53) DefNew: 5144511K(5144512K)->5144511K(5144512K) Eden: 4572928K(4572928K)->4572928K(4572928K) From: 571583K(571584K)->571583K(571584K)
[1405.571s][info][gc,heap        ] GC(53) Tenured: 11605375K(11605376K)->11605375K(11605376K)
[1405.571s][info][gc,metaspace   ] GC(53) Metaspace: 6296K(6464K)->6296K(6464K) NonClass: 5763K(5824K)->5763K(5824K) Class: 533K(640K)->533K(640K)
[1405.572s][info][gc             ] GC(53) Pause Full (Allocation Failure) 16357M->16357M(16357M) 142247.967ms
[1405.572s][info][gc,cpu         ] GC(53) User=11.47s Sys=40.14s Real=142.25s
[1405.573s][info][gc,start       ] GC(54) Pause Full (Allocation Failure)
[1405.574s][info][gc,phases,start] GC(54) Phase 1: Mark live objects
[1451.602s][info][gc,phases      ] GC(54) Phase 1: Mark live objects 46027.643ms
[1451.603s][info][gc,phases,start] GC(54) Phase 2: Compute new object addresses
[1477.736s][info][gc,phases      ] GC(54) Phase 2: Compute new object addresses 26130.595ms
[1477.737s][info][gc,phases,start] GC(54) Phase 3: Adjust pointers
[1539.314s][info][gc,phases      ] GC(54) Phase 3: Adjust pointers 61575.696ms
[1539.315s][info][gc,phases,start] GC(54) Phase 4: Move objects
[1568.345s][info][gc,phases      ] GC(54) Phase 4: Move objects 29030.122ms
[1568.364s][info][gc,heap        ] GC(54) DefNew: 5144511K(5144512K)->5144511K(5144512K) Eden: 4572928K(4572928K)->4572928K(4572928K) From: 571583K(571584K)->571583K(571584K)
[1568.364s][info][gc,heap        ] GC(54) Tenured: 11605375K(11605376K)->11605372K(11605376K)
[1568.365s][info][gc,metaspace   ] GC(54) Metaspace: 6296K(6464K)->6296K(6464K) NonClass: 5763K(5824K)->5763K(5824K) Class: 533K(640K)->533K(640K)
[1568.369s][info][gc             ] GC(54) Pause Full (Allocation Failure) 16357M->16357M(16357M) 162795.600ms
[1568.369s][info][gc,cpu         ] GC(54) User=12.56s Sys=55.36s Real=162.80s
[1568.525s][info][gc,heap,exit   ] Heap
[1568.525s][info][gc,heap,exit   ]  def new generation   total 5144512K, used 5144511K [0x00000003d9800000, 0x0000000536620000, 0x000000053baa0000)
[1568.525s][info][gc,heap,exit   ]   eden space 4572928K, 100% used [0x00000003d9800000, 0x00000004f09c0000, 0x00000004f09c0000)
[1568.525s][info][gc,heap,exit   ]   from space 571584K,  99% used [0x00000005137f0000, 0x000000053661fff8, 0x0000000536620000)
[1568.525s][info][gc,heap,exit   ]   to   space 571584K,   0% used [0x00000004f09c0000, 0x00000004f09c0000, 0x00000005137f0000)
[1568.525s][info][gc,heap,exit   ]  tenured generation   total 11605376K, used 11605373K [0x000000053baa0000, 0x0000000800000000, 0x0000000800000000)
[1568.525s][info][gc,heap,exit   ]    the space 11605376K,  99% used [0x000000053baa0000, 0x00000007fffff5b0, 0x00000007fffff600, 0x0000000800000000)
[1568.525s][info][gc,heap,exit   ]  Metaspace       used 6299K, committed 6464K, reserved 1114112K
[1568.525s][info][gc,heap,exit   ]   class space    used 534K, committed 640K, reserved 1048576K
