[0.010s][info][gc,init] CardTable entry size: 512
[0.011s][info][gc     ] Using Serial
[0.011s][info][gc,init] Version: 18.0.1+10 (release)
[0.011s][info][gc,init] CPUs: 8 total, 8 available
[0.011s][info][gc,init] Memory: 16063M
[0.011s][info][gc,init] Large Page Support: Disabled
[0.011s][info][gc,init] NUMA Support: Disabled
[0.011s][info][gc,init] Compressed Oops: Enabled (Zero based)
[0.011s][info][gc,init] Heap Min Capacity: 2M
[0.011s][info][gc,init] Heap Initial Capacity: 2M
[0.011s][info][gc,init] Heap Max Capacity: 9400M
[0.011s][info][gc,init] Pre-touch: Disabled
[0.011s][info][gc,metaspace] CDS archive(s) not mapped
[0.011s][info][gc,metaspace] Compressed class space mapped at: 0x0000000800000000-0x0000000840000000, reserved size: 1073741824
[0.012s][info][gc,metaspace] Narrow klass base: 0x0000000800000000, Narrow klass shift: 0, Narrow klass range: 0x40000000
[0.179s][info][gc,start    ] GC(0) Pause Young (Allocation Failure)
[0.180s][info][gc,heap     ] GC(0) DefNew: 1024K(1152K)->127K(1152K) Eden: 1024K(1024K)->0K(1024K) From: 0K(128K)->127K(128K)
[0.180s][info][gc,heap     ] GC(0) Tenured: 0K(768K)->440K(768K)
[0.180s][info][gc,metaspace] GC(0) Metaspace: 5904K(6016K)->5904K(6016K) NonClass: 5404K(5504K)->5404K(5504K) Class: 499K(512K)->499K(512K)
[0.180s][info][gc          ] GC(0) Pause Young (Allocation Failure) 1M->0M(1M) 1.504ms
[0.180s][info][gc,cpu      ] GC(0) User=0.00s Sys=0.00s Real=0.00s
[0.200s][info][gc,start    ] GC(1) Pause Young (Allocation Failure)
[0.202s][info][gc          ] GC(1) Pause Young (Allocation Failure) 1M->0M(2M) 1.458ms
[0.202s][info][gc,cpu      ] GC(1) User=0.00s Sys=0.00s Real=0.00s
[0.202s][info][gc,start    ] GC(2) Pause Full (Allocation Failure)
[0.202s][info][gc,phases,start] GC(2) Phase 1: Mark live objects
[0.203s][info][gc,phases      ] GC(2) Phase 1: Mark live objects 0.973ms
[0.203s][info][gc,phases,start] GC(2) Phase 2: Compute new object addresses
[0.203s][info][gc,phases      ] GC(2) Phase 2: Compute new object addresses 0.226ms
[0.203s][info][gc,phases,start] GC(2) Phase 3: Adjust pointers
[0.203s][info][gc,phases      ] GC(2) Phase 3: Adjust pointers 0.518ms
[0.203s][info][gc,phases,start] GC(2) Phase 4: Move objects
[0.204s][info][gc,phases      ] GC(2) Phase 4: Move objects 0.066ms
[0.204s][info][gc,heap        ] GC(2) DefNew: 1151K(1152K)->40K(1152K) Eden: 1024K(1024K)->40K(1024K) From: 127K(128K)->0K(128K)
[0.204s][info][gc,heap        ] GC(2) Tenured: 440K(768K)->959K(1600K)
[0.204s][info][gc,metaspace   ] GC(2) Metaspace: 6300K(6528K)->6300K(6528K) NonClass: 5767K(5888K)->5767K(5888K) Class: 533K(640K)->533K(640K)
[0.204s][info][gc             ] GC(2) Pause Full (Allocation Failure) 0M->0M(2M) 2.063ms
[0.204s][info][gc,cpu         ] GC(2) User=0.00s Sys=0.00s Real=0.00s
[0.205s][info][gc,start       ] GC(3) Pause Young (Allocation Failure)
[0.206s][info][gc,heap        ] GC(3) DefNew: 1024K(1152K)->128K(1152K) Eden: 1024K(1024K)->0K(1024K) From: 0K(128K)->128K(128K)
[0.207s][info][gc,heap        ] GC(3) Tenured: 959K(1600K)->1375K(1600K)
[0.207s][info][gc,metaspace   ] GC(3) Metaspace: 6300K(6528K)->6300K(6528K) NonClass: 5767K(5888K)->5767K(5888K) Class: 533K(640K)->533K(640K)
[0.207s][info][gc             ] GC(3) Pause Young (Allocation Failure) 1M->1M(2M) 1.525ms
[0.207s][info][gc,cpu         ] GC(3) User=0.00s Sys=0.00s Real=0.00s
[0.208s][info][gc,start       ] GC(4) Pause Young (Allocation Failure)
[0.209s][info][gc             ] GC(4) Pause Young (Allocation Failure) 2M->1M(3M) 1.272ms
[0.209s][info][gc,cpu         ] GC(4) User=0.00s Sys=0.00s Real=0.00s
[0.209s][info][gc,start       ] GC(5) Pause Full (Allocation Failure)
[0.209s][info][gc,phases,start] GC(5) Phase 1: Mark live objects
[0.211s][info][gc,phases      ] GC(5) Phase 1: Mark live objects 1.449ms
[0.211s][info][gc,phases,start] GC(5) Phase 2: Compute new object addresses
[0.211s][info][gc,phases      ] GC(5) Phase 2: Compute new object addresses 0.398ms
[0.211s][info][gc,phases,start] GC(5) Phase 3: Adjust pointers
[0.212s][info][gc,phases      ] GC(5) Phase 3: Adjust pointers 0.958ms
[0.212s][info][gc,phases,start] GC(5) Phase 4: Move objects
[0.212s][info][gc,phases      ] GC(5) Phase 4: Move objects 0.082ms
[0.213s][info][gc,heap        ] GC(5) DefNew: 1152K(1152K)->34K(1536K) Eden: 1024K(1024K)->34K(1408K) From: 128K(128K)->0K(128K)
[0.213s][info][gc,heap        ] GC(5) Tenured: 1375K(1600K)->1983K(3308K)
[0.213s][info][gc,metaspace   ] GC(5) Metaspace: 6300K(6528K)->6300K(6528K) NonClass: 5767K(5888K)->5767K(5888K) Class: 533K(640K)->533K(640K)
[0.213s][info][gc             ] GC(5) Pause Full (Allocation Failure) 1M->1M(4M) 3.288ms
[0.213s][info][gc,cpu         ] GC(5) User=0.00s Sys=0.00s Real=0.00s
[0.214s][info][gc,start       ] GC(6) Pause Young (Allocation Failure)
[0.216s][info][gc,heap        ] GC(6) DefNew: 1408K(1536K)->128K(1536K) Eden: 1408K(1408K)->0K(1408K) From: 0K(128K)->128K(128K)
[0.216s][info][gc,heap        ] GC(6) Tenured: 1983K(3308K)->2617K(3308K)
[0.216s][info][gc,metaspace   ] GC(6) Metaspace: 6300K(6528K)->6300K(6528K) NonClass: 5767K(5888K)->5767K(5888K) Class: 533K(640K)->533K(640K)
[0.217s][info][gc             ] GC(6) Pause Young (Allocation Failure) 3M->2M(4M) 2.147ms
[0.217s][info][gc,cpu         ] GC(6) User=0.00s Sys=0.00s Real=0.00s
[0.218s][info][gc,start       ] GC(7) Pause Young (Allocation Failure)
[0.220s][info][gc             ] GC(7) Pause Young (Allocation Failure) 4M->3M(4M) 1.722ms
[0.220s][info][gc,cpu         ] GC(7) User=0.00s Sys=0.00s Real=0.00s
[0.220s][info][gc,start       ] GC(8) Pause Full (Allocation Failure)
[0.220s][info][gc,phases,start] GC(8) Phase 1: Mark live objects
[0.222s][info][gc,phases      ] GC(8) Phase 1: Mark live objects 2.038ms
[0.222s][info][gc,phases,start] GC(8) Phase 2: Compute new object addresses
[0.223s][info][gc,phases      ] GC(8) Phase 2: Compute new object addresses 0.588ms
[0.223s][info][gc,phases,start] GC(8) Phase 3: Adjust pointers
[0.224s][info][gc,phases      ] GC(8) Phase 3: Adjust pointers 1.091ms
[0.224s][info][gc,phases,start] GC(8) Phase 4: Move objects
[0.224s][info][gc,phases      ] GC(8) Phase 4: Move objects 0.093ms
[0.224s][info][gc,heap        ] GC(8) DefNew: 1536K(1536K)->0K(2688K) Eden: 1408K(1408K)->0K(2432K) From: 128K(128K)->0K(256K)
[0.224s][info][gc,heap        ] GC(8) Tenured: 2617K(3308K)->3460K(5768K)
[0.224s][info][gc,metaspace   ] GC(8) Metaspace: 6300K(6528K)->6300K(6528K) NonClass: 5767K(5888K)->5767K(5888K) Class: 533K(640K)->533K(640K)
[0.224s][info][gc             ] GC(8) Pause Full (Allocation Failure) 3M->3M(8M) 4.123ms
[0.224s][info][gc,cpu         ] GC(8) User=0.00s Sys=0.00s Real=0.00s
[0.229s][info][gc,start       ] GC(9) Pause Young (Allocation Failure)
[0.232s][info][gc,heap        ] GC(9) DefNew: 2431K(2688K)->256K(2688K) Eden: 2431K(2432K)->0K(2432K) From: 0K(256K)->256K(256K)
[0.232s][info][gc,heap        ] GC(9) Tenured: 3460K(5768K)->4512K(5768K)
[0.232s][info][gc,metaspace   ] GC(9) Metaspace: 6300K(6528K)->6300K(6528K) NonClass: 5767K(5888K)->5767K(5888K) Class: 533K(640K)->533K(640K)
[0.232s][info][gc             ] GC(9) Pause Young (Allocation Failure) 5M->4M(8M) 3.194ms
[0.232s][info][gc,cpu         ] GC(9) User=0.00s Sys=0.00s Real=0.00s
[0.234s][info][gc,start       ] GC(10) Pause Young (Allocation Failure)
[0.238s][info][gc,heap        ] GC(10) DefNew: 2688K(2688K)->255K(2688K) Eden: 2432K(2432K)->0K(2432K) From: 256K(256K)->255K(256K)
[0.238s][info][gc,heap        ] GC(10) Tenured: 4512K(5768K)->5755K(5768K)
[0.238s][info][gc,metaspace   ] GC(10) Metaspace: 6300K(6528K)->6300K(6528K) NonClass: 5767K(5888K)->5767K(5888K) Class: 533K(640K)->533K(640K)
[0.238s][info][gc             ] GC(10) Pause Young (Allocation Failure) 7M->5M(8M) 3.625ms
[0.238s][info][gc,cpu         ] GC(10) User=0.02s Sys=0.00s Real=0.00s
[0.242s][info][gc,start       ] GC(11) Pause Young (Allocation Failure)
[0.245s][info][gc             ] GC(11) Pause Young (Allocation Failure) 8M->7M(9M) 3.385ms
[0.245s][info][gc,cpu         ] GC(11) User=0.00s Sys=0.00s Real=0.00s
[0.245s][info][gc,start       ] GC(12) Pause Full (Allocation Failure)
[0.245s][info][gc,phases,start] GC(12) Phase 1: Mark live objects
[0.249s][info][gc,phases      ] GC(12) Phase 1: Mark live objects 3.995ms
[0.249s][info][gc,phases,start] GC(12) Phase 2: Compute new object addresses
[0.251s][info][gc,phases      ] GC(12) Phase 2: Compute new object addresses 1.286ms
[0.251s][info][gc,phases,start] GC(12) Phase 3: Adjust pointers
[0.252s][info][gc,phases      ] GC(12) Phase 3: Adjust pointers 1.762ms
[0.252s][info][gc,phases,start] GC(12) Phase 4: Move objects
[0.254s][info][gc,phases      ] GC(12) Phase 4: Move objects 1.312ms
[0.254s][info][gc,heap        ] GC(12) DefNew: 2687K(2688K)->0K(5376K) Eden: 2432K(2432K)->0K(4800K) From: 255K(256K)->0K(576K)
[0.254s][info][gc,heap        ] GC(12) Tenured: 5755K(5768K)->7132K(11888K)
[0.254s][info][gc,metaspace   ] GC(12) Metaspace: 6300K(6528K)->6300K(6528K) NonClass: 5767K(5888K)->5767K(5888K) Class: 533K(640K)->533K(640K)
[0.254s][info][gc             ] GC(12) Pause Full (Allocation Failure) 7M->6M(16M) 8.860ms
[0.254s][info][gc,cpu         ] GC(12) User=0.00s Sys=0.00s Real=0.01s
[0.259s][info][gc,start       ] GC(13) Pause Young (Allocation Failure)
[0.265s][info][gc,heap        ] GC(13) DefNew: 4800K(5376K)->575K(5376K) Eden: 4800K(4800K)->0K(4800K) From: 0K(576K)->575K(576K)
[0.265s][info][gc,heap        ] GC(13) Tenured: 7132K(11888K)->9027K(11888K)
[0.265s][info][gc,metaspace   ] GC(13) Metaspace: 6300K(6528K)->6300K(6528K) NonClass: 5767K(5888K)->5767K(5888K) Class: 533K(640K)->533K(640K)
[0.265s][info][gc             ] GC(13) Pause Young (Allocation Failure) 11M->9M(16M) 6.215ms
[0.265s][info][gc,cpu         ] GC(13) User=0.00s Sys=0.00s Real=0.01s
[0.270s][info][gc,start       ] GC(14) Pause Young (Allocation Failure)
[0.277s][info][gc,heap        ] GC(14) DefNew: 5375K(5376K)->576K(5376K) Eden: 4800K(4800K)->0K(4800K) From: 575K(576K)->576K(576K)
[0.277s][info][gc,heap        ] GC(14) Tenured: 9027K(11888K)->11746K(11888K)
[0.277s][info][gc,metaspace   ] GC(14) Metaspace: 6300K(6528K)->6300K(6528K) NonClass: 5767K(5888K)->5767K(5888K) Class: 533K(640K)->533K(640K)
[0.277s][info][gc             ] GC(14) Pause Young (Allocation Failure) 14M->12M(16M) 7.587ms
[0.277s][info][gc,cpu         ] GC(14) User=0.00s Sys=0.00s Real=0.01s
[0.281s][info][gc,start       ] GC(15) Pause Young (Allocation Failure)
[0.288s][info][gc             ] GC(15) Pause Young (Allocation Failure) 16M->14M(19M) 6.659ms
[0.288s][info][gc,cpu         ] GC(15) User=0.00s Sys=0.00s Real=0.01s
[0.288s][info][gc,start       ] GC(16) Pause Full (Allocation Failure)
[0.288s][info][gc,phases,start] GC(16) Phase 1: Mark live objects
[0.297s][info][gc,phases      ] GC(16) Phase 1: Mark live objects 8.679ms
[0.297s][info][gc,phases,start] GC(16) Phase 2: Compute new object addresses
[0.299s][info][gc,phases      ] GC(16) Phase 2: Compute new object addresses 2.571ms
[0.299s][info][gc,phases,start] GC(16) Phase 3: Adjust pointers
[0.303s][info][gc,phases      ] GC(16) Phase 3: Adjust pointers 3.376ms
[0.303s][info][gc,phases,start] GC(16) Phase 4: Move objects
[0.303s][info][gc,phases      ] GC(16) Phase 4: Move objects 0.228ms
[0.303s][info][gc,heap        ] GC(16) DefNew: 5376K(5376K)->401K(10880K) Eden: 4800K(4800K)->401K(9728K) From: 576K(576K)->0K(1152K)
[0.303s][info][gc,heap        ] GC(16) Tenured: 11746K(11888K)->14384K(23976K)
[0.303s][info][gc,metaspace   ] GC(16) Metaspace: 6302K(6528K)->6302K(6528K) NonClass: 5769K(5888K)->5769K(5888K) Class: 533K(640K)->533K(640K)
[0.303s][info][gc             ] GC(16) Pause Full (Allocation Failure) 14M->14M(34M) 15.293ms
[0.303s][info][gc,cpu         ] GC(16) User=0.02s Sys=0.00s Real=0.01s
[0.310s][info][gc,start       ] GC(17) Pause Young (Allocation Failure)
[0.325s][info][gc,heap        ] GC(17) DefNew: 9728K(10880K)->1151K(10880K) Eden: 9728K(9728K)->0K(9728K) From: 0K(1152K)->1151K(1152K)
[0.325s][info][gc,heap        ] GC(17) Tenured: 14384K(23976K)->18405K(23976K)
[0.325s][info][gc,metaspace   ] GC(17) Metaspace: 6302K(6528K)->6302K(6528K) NonClass: 5769K(5888K)->5769K(5888K) Class: 533K(640K)->533K(640K)
[0.325s][info][gc             ] GC(17) Pause Young (Allocation Failure) 23M->19M(34M) 14.472ms
[0.325s][info][gc,cpu         ] GC(17) User=0.00s Sys=0.00s Real=0.01s
[0.331s][info][gc,start       ] GC(18) Pause Young (Allocation Failure)
[0.343s][info][gc,heap        ] GC(18) DefNew: 10879K(10880K)->1151K(10880K) Eden: 9728K(9728K)->0K(9728K) From: 1151K(1152K)->1151K(1152K)
[0.343s][info][gc,heap        ] GC(18) Tenured: 18405K(23976K)->23927K(23976K)
[0.343s][info][gc,metaspace   ] GC(18) Metaspace: 6302K(6528K)->6302K(6528K) NonClass: 5769K(5888K)->5769K(5888K) Class: 533K(640K)->533K(640K)
[0.343s][info][gc             ] GC(18) Pause Young (Allocation Failure) 28M->24M(34M) 12.310ms
[0.343s][info][gc,cpu         ] GC(18) User=0.00s Sys=0.00s Real=0.01s
[0.349s][info][gc,start       ] GC(19) Pause Young (Allocation Failure)
[0.360s][info][gc             ] GC(19) Pause Young (Allocation Failure) 33M->29M(38M) 10.737ms
[0.360s][info][gc,cpu         ] GC(19) User=0.00s Sys=0.00s Real=0.01s
[0.360s][info][gc,start       ] GC(20) Pause Full (Allocation Failure)
[0.360s][info][gc,phases,start] GC(20) Phase 1: Mark live objects
[0.374s][info][gc,phases      ] GC(20) Phase 1: Mark live objects 13.864ms
[0.374s][info][gc,phases,start] GC(20) Phase 2: Compute new object addresses
[0.378s][info][gc,phases      ] GC(20) Phase 2: Compute new object addresses 4.745ms
[0.378s][info][gc,phases,start] GC(20) Phase 3: Adjust pointers
[0.384s][info][gc,phases      ] GC(20) Phase 3: Adjust pointers 5.263ms
[0.384s][info][gc,phases,start] GC(20) Phase 4: Move objects
[0.384s][info][gc,phases      ] GC(20) Phase 4: Move objects 0.243ms
[0.384s][info][gc,heap        ] GC(20) DefNew: 10879K(10880K)->1070K(21888K) Eden: 9728K(9728K)->1070K(19520K) From: 1151K(1152K)->0K(2368K)
[0.384s][info][gc,heap        ] GC(20) Tenured: 23927K(23976K)->29036K(48396K)
[0.384s][info][gc,metaspace   ] GC(20) Metaspace: 6302K(6528K)->6302K(6528K) NonClass: 5769K(5888K)->5769K(5888K) Class: 533K(640K)->533K(640K)
[0.384s][info][gc             ] GC(20) Pause Full (Allocation Failure) 29M->29M(68M) 24.630ms
[0.384s][info][gc,cpu         ] GC(20) User=0.03s Sys=0.00s Real=0.02s
[0.399s][info][gc,start       ] GC(21) Pause Young (Allocation Failure)
[0.426s][info][gc,heap        ] GC(21) DefNew: 19520K(21888K)->2368K(21888K) Eden: 19520K(19520K)->0K(19520K) From: 0K(2368K)->2368K(2368K)
[0.426s][info][gc,heap        ] GC(21) Tenured: 29036K(48396K)->39329K(48396K)
[0.426s][info][gc,metaspace   ] GC(21) Metaspace: 6302K(6528K)->6302K(6528K) NonClass: 5769K(5888K)->5769K(5888K) Class: 533K(640K)->533K(640K)
[0.426s][info][gc             ] GC(21) Pause Young (Allocation Failure) 47M->40M(68M) 27.246ms
[0.426s][info][gc,cpu         ] GC(21) User=0.02s Sys=0.00s Real=0.03s
[0.444s][info][gc,start       ] GC(22) Pause Young (Allocation Failure)
[0.480s][info][gc             ] GC(22) Pause Young (Allocation Failure) 59M->59M(78M) 35.478ms
[0.480s][info][gc,cpu         ] GC(22) User=0.03s Sys=0.00s Real=0.04s
[0.480s][info][gc,start       ] GC(23) Pause Full (Allocation Failure)
[0.480s][info][gc,phases,start] GC(23) Phase 1: Mark live objects
[0.507s][info][gc,phases      ] GC(23) Phase 1: Mark live objects 27.332ms
[0.507s][info][gc,phases,start] GC(23) Phase 2: Compute new object addresses
[0.517s][info][gc,phases      ] GC(23) Phase 2: Compute new object addresses 9.508ms
[0.517s][info][gc,phases,start] GC(23) Phase 3: Adjust pointers
[0.528s][info][gc,phases      ] GC(23) Phase 3: Adjust pointers 10.765ms
[0.528s][info][gc,phases,start] GC(23) Phase 4: Move objects
[0.528s][info][gc,phases      ] GC(23) Phase 4: Move objects 0.359ms
[0.528s][info][gc,heap        ] GC(23) DefNew: 21888K(21888K)->2231K(44288K) Eden: 19520K(19520K)->2231K(39424K) From: 2368K(2368K)->0K(4864K)
[0.528s][info][gc,heap        ] GC(23) Tenured: 39329K(48396K)->58955K(98260K)
[0.528s][info][gc,metaspace   ] GC(23) Metaspace: 6302K(6528K)->6302K(6528K) NonClass: 5769K(5888K)->5769K(5888K) Class: 533K(640K)->533K(640K)
[0.528s][info][gc             ] GC(23) Pause Full (Allocation Failure) 59M->59M(139M) 48.600ms
[0.528s][info][gc,cpu         ] GC(23) User=0.02s Sys=0.00s Real=0.05s
[0.574s][info][gc,start       ] GC(24) Pause Young (Allocation Failure)
[0.639s][info][gc,heap        ] GC(24) DefNew: 39424K(44288K)->4863K(44288K) Eden: 39424K(39424K)->0K(39424K) From: 0K(4864K)->4863K(4864K)
[0.639s][info][gc,heap        ] GC(24) Tenured: 58955K(98260K)->93488K(98260K)
[0.639s][info][gc,metaspace   ] GC(24) Metaspace: 6302K(6528K)->6302K(6528K) NonClass: 5769K(5888K)->5769K(5888K) Class: 533K(640K)->533K(640K)
[0.639s][info][gc             ] GC(24) Pause Young (Allocation Failure) 96M->96M(139M) 65.794ms
[0.639s][info][gc,cpu         ] GC(24) User=0.03s Sys=0.02s Real=0.07s
[0.670s][info][gc,start       ] GC(25) Pause Young (Allocation Failure)
[0.739s][info][gc             ] GC(25) Pause Young (Allocation Failure) 134M->134M(173M) 69.790ms
[0.740s][info][gc,cpu         ] GC(25) User=0.06s Sys=0.00s Real=0.07s
[0.740s][info][gc,start       ] GC(26) Pause Full (Allocation Failure)
[0.740s][info][gc,phases,start] GC(26) Phase 1: Mark live objects
[0.794s][info][gc,phases      ] GC(26) Phase 1: Mark live objects 54.583ms
[0.794s][info][gc,phases,start] GC(26) Phase 2: Compute new object addresses
[0.815s][info][gc,phases      ] GC(26) Phase 2: Compute new object addresses 21.092ms
[0.815s][info][gc,phases,start] GC(26) Phase 3: Adjust pointers
[0.846s][info][gc,phases      ] GC(26) Phase 3: Adjust pointers 30.704ms
[0.846s][info][gc,phases,start] GC(26) Phase 4: Move objects
[0.878s][info][gc,phases      ] GC(26) Phase 4: Move objects 31.389ms
[0.878s][info][gc,heap        ] GC(26) DefNew: 44287K(44288K)->1017K(99712K) Eden: 39424K(39424K)->1017K(88640K) From: 4863K(4864K)->0K(11072K)
[0.878s][info][gc,heap        ] GC(26) Tenured: 93488K(98260K)->132887K(221480K)
[0.878s][info][gc,metaspace   ] GC(26) Metaspace: 6302K(6528K)->6302K(6528K) NonClass: 5769K(5888K)->5769K(5888K) Class: 533K(640K)->533K(640K)
[0.878s][info][gc             ] GC(26) Pause Full (Allocation Failure) 134M->130M(313M) 138.650ms
[0.878s][info][gc,cpu         ] GC(26) User=0.12s Sys=0.00s Real=0.14s
[0.973s][info][gc,start       ] GC(27) Pause Young (Allocation Failure)
[1.129s][info][gc,heap        ] GC(27) DefNew: 88640K(99712K)->11071K(99712K) Eden: 88640K(88640K)->0K(88640K) From: 0K(11072K)->11071K(11072K)
[1.129s][info][gc,heap        ] GC(27) Tenured: 132887K(221480K)->210429K(221480K)
[1.129s][info][gc,metaspace   ] GC(27) Metaspace: 6302K(6528K)->6302K(6528K) NonClass: 5769K(5888K)->5769K(5888K) Class: 533K(640K)->533K(640K)
[1.129s][info][gc             ] GC(27) Pause Young (Allocation Failure) 216M->216M(313M) 156.018ms
[1.129s][info][gc,cpu         ] GC(27) User=0.12s Sys=0.02s Real=0.16s
[1.209s][info][gc,start       ] GC(28) Pause Young (Allocation Failure)
[1.386s][info][gc             ] GC(28) Pause Young (Allocation Failure) 302M->302M(389M) 176.846ms
[1.386s][info][gc,cpu         ] GC(28) User=0.11s Sys=0.05s Real=0.18s
[1.386s][info][gc,start       ] GC(29) Pause Full (Allocation Failure)
[1.386s][info][gc,phases,start] GC(29) Phase 1: Mark live objects
[1.521s][info][gc,phases      ] GC(29) Phase 1: Mark live objects 135.384ms
[1.521s][info][gc,phases,start] GC(29) Phase 2: Compute new object addresses
[1.569s][info][gc,phases      ] GC(29) Phase 2: Compute new object addresses 47.303ms
[1.569s][info][gc,phases,start] GC(29) Phase 3: Adjust pointers
[1.621s][info][gc,phases      ] GC(29) Phase 3: Adjust pointers 52.525ms
[1.621s][info][gc,phases,start] GC(29) Phase 4: Move objects
[1.624s][info][gc,phases      ] GC(29) Phase 4: Move objects 2.161ms
[1.625s][info][gc,heap        ] GC(29) DefNew: 99711K(99712K)->10932K(224448K) Eden: 88640K(88640K)->10932K(199552K) From: 11071K(11072K)->0K(24896K)
[1.625s][info][gc,heap        ] GC(29) Tenured: 210429K(221480K)->299179K(498636K)
[1.625s][info][gc,metaspace   ] GC(29) Metaspace: 6302K(6528K)->6302K(6528K) NonClass: 5769K(5888K)->5769K(5888K) Class: 533K(640K)->533K(640K)
[1.625s][info][gc             ] GC(29) Pause Full (Allocation Failure) 302M->302M(706M) 238.676ms
[1.625s][info][gc,cpu         ] GC(29) User=0.23s Sys=0.00s Real=0.24s
[1.833s][info][gc,start       ] GC(30) Pause Young (Allocation Failure)
[2.179s][info][gc,heap        ] GC(30) DefNew: 199552K(224448K)->24895K(224448K) Eden: 199552K(199552K)->0K(199552K) From: 0K(24896K)->24895K(24896K)
[2.179s][info][gc,heap        ] GC(30) Tenured: 299179K(498636K)->473805K(498636K)
[2.179s][info][gc,metaspace   ] GC(30) Metaspace: 6302K(6528K)->6302K(6528K) NonClass: 5769K(5888K)->5769K(5888K) Class: 533K(640K)->533K(640K)
[2.179s][info][gc             ] GC(30) Pause Young (Allocation Failure) 487M->487M(706M) 346.056ms
[2.179s][info][gc,cpu         ] GC(30) User=0.30s Sys=0.02s Real=0.35s
[2.359s][info][gc,start       ] GC(31) Pause Young (Allocation Failure)
[2.741s][info][gc             ] GC(31) Pause Young (Allocation Failure) 681M->681M(876M) 382.419ms
[2.741s][info][gc,cpu         ] GC(31) User=0.34s Sys=0.03s Real=0.38s
[2.741s][info][gc,start       ] GC(32) Pause Full (Allocation Failure)
[2.741s][info][gc,phases,start] GC(32) Phase 1: Mark live objects
[3.057s][info][gc,phases      ] GC(32) Phase 1: Mark live objects 315.506ms
[3.057s][info][gc,phases,start] GC(32) Phase 2: Compute new object addresses
[3.162s][info][gc,phases      ] GC(32) Phase 2: Compute new object addresses 105.283ms
[3.162s][info][gc,phases,start] GC(32) Phase 3: Adjust pointers
[3.283s][info][gc,phases      ] GC(32) Phase 3: Adjust pointers 120.543ms
[3.283s][info][gc,phases,start] GC(32) Phase 4: Move objects
[3.289s][info][gc,phases      ] GC(32) Phase 4: Move objects 5.945ms
[3.291s][info][gc,heap        ] GC(32) DefNew: 224447K(224448K)->24798K(505152K) Eden: 199552K(199552K)->24798K(449088K) From: 24895K(24896K)->0K(56064K)
[3.291s][info][gc,heap        ] GC(32) Tenured: 473805K(498636K)->673423K(1122376K)
[3.291s][info][gc,metaspace   ] GC(32) Metaspace: 6302K(6528K)->6302K(6528K) NonClass: 5769K(5888K)->5769K(5888K) Class: 533K(640K)->533K(640K)
[3.291s][info][gc             ] GC(32) Pause Full (Allocation Failure) 681M->681M(1589M) 549.530ms
[3.291s][info][gc,cpu         ] GC(32) User=0.52s Sys=0.00s Real=0.55s
[3.757s][info][gc,start       ] GC(33) Pause Young (Allocation Failure)
[4.543s][info][gc,heap        ] GC(33) DefNew: 449088K(505152K)->56064K(505152K) Eden: 449088K(449088K)->0K(449088K) From: 0K(56064K)->56064K(56064K)
[4.543s][info][gc,heap        ] GC(33) Tenured: 673423K(1122376K)->1066417K(1122376K)
[4.543s][info][gc,metaspace   ] GC(33) Metaspace: 6302K(6528K)->6302K(6528K) NonClass: 5769K(5888K)->5769K(5888K) Class: 533K(640K)->533K(640K)
[4.543s][info][gc             ] GC(33) Pause Young (Allocation Failure) 1096M->1096M(1589M) 785.206ms
[4.543s][info][gc,cpu         ] GC(33) User=0.66s Sys=0.11s Real=0.79s
[5.008s][info][gc,start       ] GC(34) Pause Young (Allocation Failure)
[5.742s][info][gc             ] GC(34) Pause Young (Allocation Failure) 1534M->1484M(1923M) 734.254ms
[5.742s][info][gc,cpu         ] GC(34) User=0.61s Sys=0.08s Real=0.73s
[5.742s][info][gc,start       ] GC(35) Pause Full (Allocation Failure)
[5.742s][info][gc,phases,start] GC(35) Phase 1: Mark live objects
[6.397s][info][gc,phases      ] GC(35) Phase 1: Mark live objects 655.260ms
[6.397s][info][gc,phases,start] GC(35) Phase 2: Compute new object addresses
[6.615s][info][gc,phases      ] GC(35) Phase 2: Compute new object addresses 217.704ms
[6.615s][info][gc,phases,start] GC(35) Phase 3: Adjust pointers
[6.874s][info][gc,phases      ] GC(35) Phase 3: Adjust pointers 258.319ms
[6.874s][info][gc,phases,start] GC(35) Phase 4: Move objects
[6.885s][info][gc,phases      ] GC(35) Phase 4: Move objects 10.971ms
[6.889s][info][gc,heap        ] GC(35) DefNew: 505152K(505152K)->55883K(1098496K) Eden: 449088K(449088K)->55883K(976448K) From: 56064K(56064K)->0K(122048K)
[6.889s][info][gc,heap        ] GC(35) Tenured: 1066417K(1122376K)->1464587K(2440980K)
[6.889s][info][gc,metaspace   ] GC(35) Metaspace: 6302K(6528K)->6302K(6528K) NonClass: 5769K(5888K)->5769K(5888K) Class: 533K(640K)->533K(640K)
[6.889s][info][gc             ] GC(35) Pause Full (Allocation Failure) 1484M->1484M(3456M) 1146.852ms
[6.889s][info][gc,cpu         ] GC(35) User=1.14s Sys=0.00s Real=1.15s
[7.856s][info][gc,start       ] GC(36) Pause Young (Allocation Failure)
[9.615s][info][gc,heap        ] GC(36) DefNew: 976448K(1098496K)->122047K(1098496K) Eden: 976448K(976448K)->0K(976448K) From: 0K(122048K)->122047K(122048K)
[9.615s][info][gc,heap        ] GC(36) Tenured: 1464587K(2440980K)->2318958K(2440980K)
[9.615s][info][gc,metaspace   ] GC(36) Metaspace: 6302K(6528K)->6302K(6528K) NonClass: 5769K(5888K)->5769K(5888K) Class: 533K(640K)->533K(640K)
[9.615s][info][gc             ] GC(36) Pause Young (Allocation Failure) 2383M->2383M(3456M) 1759.636ms
[9.615s][info][gc,cpu         ] GC(36) User=1.39s Sys=0.33s Real=1.76s
[10.616s][info][gc,start       ] GC(37) Pause Young (Allocation Failure)
[12.327s][info][gc             ] GC(37) Pause Young (Allocation Failure) 3337M->3337M(4291M) 1711.527ms
[12.327s][info][gc,cpu         ] GC(37) User=1.30s Sys=0.38s Real=1.71s
[12.327s][info][gc,start       ] GC(38) Pause Full (Allocation Failure)
[12.327s][info][gc,phases,start] GC(38) Phase 1: Mark live objects
[13.881s][info][gc,phases      ] GC(38) Phase 1: Mark live objects 1553.215ms
[13.881s][info][gc,phases,start] GC(38) Phase 2: Compute new object addresses
[14.428s][info][gc,phases      ] GC(38) Phase 2: Compute new object addresses 547.896ms
[14.429s][info][gc,phases,start] GC(38) Phase 3: Adjust pointers
[15.144s][info][gc,phases      ] GC(38) Phase 3: Adjust pointers 715.683ms
[15.144s][info][gc,phases,start] GC(38) Phase 4: Move objects
[15.816s][info][gc,phases      ] GC(38) Phase 4: Move objects 671.675ms
[15.825s][info][gc,heap        ] GC(38) DefNew: 1098495K(1098496K)->27702K(2471680K) Eden: 976448K(976448K)->27702K(2197056K) From: 122047K(122048K)->0K(274624K)
[15.825s][info][gc,heap        ] GC(38) Tenured: 2318958K(2440980K)->3295511K(5492520K)
[15.825s][info][gc,metaspace   ] GC(38) Metaspace: 6302K(6528K)->6302K(6528K) NonClass: 5769K(5888K)->5769K(5888K) Class: 533K(640K)->533K(640K)
[15.825s][info][gc             ] GC(38) Pause Full (Allocation Failure) 3337M->3245M(7777M) 3497.987ms
[15.825s][info][gc,cpu         ] GC(38) User=3.47s Sys=0.02s Real=3.50s
[18.132s][info][gc,start       ] GC(39) Pause Young (Allocation Failure)
[23.638s][info][gc,heap        ] GC(39) DefNew: 2197056K(2471680K)->274623K(2471680K) Eden: 2197056K(2197056K)->0K(2197056K) From: 0K(274624K)->274623K(274624K)
[23.638s][info][gc,heap        ] GC(39) Tenured: 3295511K(5492520K)->5217914K(5492520K)
[23.638s][info][gc,metaspace   ] GC(39) Metaspace: 6302K(6528K)->6302K(6528K) NonClass: 5769K(5888K)->5769K(5888K) Class: 533K(640K)->533K(640K)
[23.638s][info][gc             ] GC(39) Pause Young (Allocation Failure) 5363M->5363M(7777M) 5506.127ms
[23.638s][info][gc,cpu         ] GC(39) User=4.48s Sys=0.66s Real=5.51s
[26.563s][info][gc,start       ] GC(40) Pause Young (Allocation Failure)
[26.563s][info][gc             ] GC(40) Pause Young (Allocation Failure) 7509M->7509M(7777M) 0.125ms
[26.563s][info][gc,cpu         ] GC(40) User=0.00s Sys=0.00s Real=0.00s
[26.563s][info][gc,start       ] GC(41) Pause Full (Allocation Failure)
[26.563s][info][gc,phases,start] GC(41) Phase 1: Mark live objects
[30.656s][info][gc,phases      ] GC(41) Phase 1: Mark live objects 4093.154ms
[30.656s][info][gc,phases,start] GC(41) Phase 2: Compute new object addresses
[31.794s][info][gc,phases      ] GC(41) Phase 2: Compute new object addresses 1137.152ms
[31.794s][info][gc,phases,start] GC(41) Phase 3: Adjust pointers
[33.388s][info][gc,phases      ] GC(41) Phase 3: Adjust pointers 1594.717ms
[33.388s][info][gc,phases,start] GC(41) Phase 4: Move objects
[33.926s][info][gc,phases      ] GC(41) Phase 4: Move objects 537.822ms
[33.930s][info][gc,heap        ] GC(41) DefNew: 2471679K(2471680K)->2197047K(2887680K) Eden: 2197056K(2197056K)->2197047K(2566848K) From: 274623K(274624K)->0K(320832K)
[33.930s][info][gc,heap        ] GC(41) Tenured: 5217914K(5492520K)->5492519K(6417088K)
[33.930s][info][gc,metaspace   ] GC(41) Metaspace: 6302K(6528K)->6302K(6528K) NonClass: 5769K(5888K)->5769K(5888K) Class: 533K(640K)->533K(640K)
[33.930s][info][gc             ] GC(41) Pause Full (Allocation Failure) 7509M->7509M(9086M) 7366.838ms
[33.930s][info][gc,cpu         ] GC(41) User=7.05s Sys=0.03s Real=7.38s
[38.539s][info][gc,start       ] GC(42) Pause Full (Allocation Failure)
[38.539s][info][gc,phases,start] GC(42) Phase 1: Mark live objects
[42.826s][info][gc,phases      ] GC(42) Phase 1: Mark live objects 4286.461ms
[42.826s][info][gc,phases,start] GC(42) Phase 2: Compute new object addresses
[44.154s][info][gc,phases      ] GC(42) Phase 2: Compute new object addresses 1327.721ms
[44.154s][info][gc,phases,start] GC(42) Phase 3: Adjust pointers
[45.918s][info][gc,phases      ] GC(42) Phase 3: Adjust pointers 1764.395ms
[45.918s][info][gc,phases,start] GC(42) Phase 4: Move objects
[46.018s][info][gc,phases      ] GC(42) Phase 4: Move objects 99.872ms
[46.019s][info][gc,heap        ] GC(42) DefNew: 2887679K(2887680K)->2887675K(2887680K) Eden: 2566848K(2566848K)->2566847K(2566848K) From: 320831K(320832K)->320827K(320832K)
[46.019s][info][gc,heap        ] GC(42) Tenured: 6417087K(6417088K)->6417087K(6417088K)
[46.019s][info][gc,metaspace   ] GC(42) Metaspace: 6302K(6528K)->6302K(6528K) NonClass: 5769K(5888K)->5769K(5888K) Class: 533K(640K)->533K(640K)
[46.019s][info][gc             ] GC(42) Pause Full (Allocation Failure) 9086M->9086M(9086M) 7479.519ms
[46.019s][info][gc,cpu         ] GC(42) User=7.41s Sys=0.00s Real=7.48s
[46.019s][info][gc,start       ] GC(43) Pause Full (Allocation Failure)
[46.019s][info][gc,phases,start] GC(43) Phase 1: Mark live objects
[50.153s][info][gc,phases      ] GC(43) Phase 1: Mark live objects 4133.670ms
[50.153s][info][gc,phases,start] GC(43) Phase 2: Compute new object addresses
[51.419s][info][gc,phases      ] GC(43) Phase 2: Compute new object addresses 1266.246ms
[51.419s][info][gc,phases,start] GC(43) Phase 3: Adjust pointers
[53.148s][info][gc,phases      ] GC(43) Phase 3: Adjust pointers 1728.425ms
[53.148s][info][gc,phases,start] GC(43) Phase 4: Move objects
[53.148s][info][gc,phases      ] GC(43) Phase 4: Move objects 0.017ms
[53.148s][info][gc,heap        ] GC(43) DefNew: 2887679K(2887680K)->2887679K(2887680K) Eden: 2566847K(2566848K)->2566847K(2566848K) From: 320831K(320832K)->320831K(320832K)
[53.148s][info][gc,heap        ] GC(43) Tenured: 6417087K(6417088K)->6417087K(6417088K)
[53.148s][info][gc,metaspace   ] GC(43) Metaspace: 6302K(6528K)->6302K(6528K) NonClass: 5769K(5888K)->5769K(5888K) Class: 533K(640K)->533K(640K)
[53.148s][info][gc             ] GC(43) Pause Full (Allocation Failure) 9086M->9086M(9086M) 7129.176ms
[53.148s][info][gc,cpu         ] GC(43) User=7.08s Sys=0.00s Real=7.13s
[53.148s][info][gc,start       ] GC(44) Pause Full (Allocation Failure)
[53.148s][info][gc,phases,start] GC(44) Phase 1: Mark live objects
[57.272s][info][gc,phases      ] GC(44) Phase 1: Mark live objects 4123.756ms
[57.272s][info][gc,phases,start] GC(44) Phase 2: Compute new object addresses
[58.531s][info][gc,phases      ] GC(44) Phase 2: Compute new object addresses 1258.793ms
[58.531s][info][gc,phases,start] GC(44) Phase 3: Adjust pointers
[60.628s][info][gc,phases      ] GC(44) Phase 3: Adjust pointers 2096.625ms
[60.628s][info][gc,phases,start] GC(44) Phase 4: Move objects
[62.390s][info][gc,phases      ] GC(44) Phase 4: Move objects 1762.520ms
[62.391s][info][gc,heap        ] GC(44) DefNew: 2887679K(2887680K)->2860356K(2887680K) Eden: 2566847K(2566848K)->2566847K(2566848K) From: 320831K(320832K)->293508K(320832K)
[62.391s][info][gc,heap        ] GC(44) Tenured: 6417087K(6417088K)->6313335K(6417088K)
[62.391s][info][gc,metaspace   ] GC(44) Metaspace: 6302K(6528K)->6300K(6528K) NonClass: 5769K(5888K)->5768K(5888K) Class: 533K(640K)->532K(640K)
[62.391s][info][gc             ] GC(44) Pause Full (Allocation Failure) 9086M->8958M(9086M) 9242.558ms
[62.391s][info][gc,cpu         ] GC(44) User=8.98s Sys=0.00s Real=9.24s
[62.819s][info][gc,start       ] GC(45) Pause Full (Allocation Failure)
[62.819s][info][gc,phases,start] GC(45) Phase 1: Mark live objects
[67.149s][info][gc,phases      ] GC(45) Phase 1: Mark live objects 4329.836ms
[67.149s][info][gc,phases,start] GC(45) Phase 2: Compute new object addresses
[68.534s][info][gc,phases      ] GC(45) Phase 2: Compute new object addresses 1385.379ms
[68.534s][info][gc,phases,start] GC(45) Phase 3: Adjust pointers
[70.355s][info][gc,phases      ] GC(45) Phase 3: Adjust pointers 1820.639ms
[70.355s][info][gc,phases,start] GC(45) Phase 4: Move objects
[70.355s][info][gc,phases      ] GC(45) Phase 4: Move objects 0.017ms
[70.356s][info][gc,heap        ] GC(45) DefNew: 2887679K(2887680K)->2887679K(2887680K) Eden: 2566847K(2566848K)->2566847K(2566848K) From: 320831K(320832K)->320831K(320832K)
[70.356s][info][gc,heap        ] GC(45) Tenured: 6417087K(6417088K)->6417087K(6417088K)
[70.356s][info][gc,metaspace   ] GC(45) Metaspace: 6300K(6528K)->6300K(6528K) NonClass: 5768K(5888K)->5768K(5888K) Class: 532K(640K)->532K(640K)
[70.356s][info][gc             ] GC(45) Pause Full (Allocation Failure) 9086M->9086M(9086M) 7536.697ms
[70.356s][info][gc,cpu         ] GC(45) User=6.92s Sys=0.00s Real=7.54s
[70.356s][info][gc,start       ] GC(46) Pause Full (Allocation Failure)
[70.356s][info][gc,phases,start] GC(46) Phase 1: Mark live objects
[74.537s][info][gc,phases      ] GC(46) Phase 1: Mark live objects 4181.372ms
[74.537s][info][gc,phases,start] GC(46) Phase 2: Compute new object addresses
[75.805s][info][gc,phases      ] GC(46) Phase 2: Compute new object addresses 1267.826ms
[75.805s][info][gc,phases,start] GC(46) Phase 3: Adjust pointers
[77.574s][info][gc,phases      ] GC(46) Phase 3: Adjust pointers 1768.820ms
[77.574s][info][gc,phases,start] GC(46) Phase 4: Move objects
[77.574s][info][gc,phases      ] GC(46) Phase 4: Move objects 0.016ms
[77.574s][info][gc,heap        ] GC(46) DefNew: 2887679K(2887680K)->2887679K(2887680K) Eden: 2566847K(2566848K)->2566847K(2566848K) From: 320831K(320832K)->320831K(320832K)
[77.574s][info][gc,heap        ] GC(46) Tenured: 6417087K(6417088K)->6417087K(6417088K)
[77.574s][info][gc,metaspace   ] GC(46) Metaspace: 6300K(6528K)->6300K(6528K) NonClass: 5768K(5888K)->5768K(5888K) Class: 532K(640K)->532K(640K)
[77.574s][info][gc             ] GC(46) Pause Full (Allocation Failure) 9086M->9086M(9086M) 7218.780ms
[77.574s][info][gc,cpu         ] GC(46) User=7.14s Sys=0.00s Real=7.22s
[77.575s][info][gc,start       ] GC(47) Pause Full (Allocation Failure)
[77.575s][info][gc,phases,start] GC(47) Phase 1: Mark live objects
[81.761s][info][gc,phases      ] GC(47) Phase 1: Mark live objects 4185.896ms
[81.761s][info][gc,phases,start] GC(47) Phase 2: Compute new object addresses
[83.025s][info][gc,phases      ] GC(47) Phase 2: Compute new object addresses 1264.054ms
[83.025s][info][gc,phases,start] GC(47) Phase 3: Adjust pointers
[84.797s][info][gc,phases      ] GC(47) Phase 3: Adjust pointers 1771.992ms
[84.797s][info][gc,phases,start] GC(47) Phase 4: Move objects
[84.797s][info][gc,phases      ] GC(47) Phase 4: Move objects 0.016ms
[84.797s][info][gc,heap        ] GC(47) DefNew: 2887679K(2887680K)->2887679K(2887680K) Eden: 2566848K(2566848K)->2566848K(2566848K) From: 320831K(320832K)->320831K(320832K)
[84.797s][info][gc,heap        ] GC(47) Tenured: 6417088K(6417088K)->6417088K(6417088K)
[84.797s][info][gc,metaspace   ] GC(47) Metaspace: 6300K(6528K)->6300K(6528K) NonClass: 5768K(5888K)->5768K(5888K) Class: 532K(640K)->532K(640K)
[84.797s][info][gc             ] GC(47) Pause Full (Allocation Failure) 9086M->9086M(9086M) 7222.715ms
[84.797s][info][gc,cpu         ] GC(47) User=7.08s Sys=0.00s Real=7.22s
[84.797s][info][gc,start       ] GC(48) Pause Full (Allocation Failure)
[84.797s][info][gc,phases,start] GC(48) Phase 1: Mark live objects
[88.950s][info][gc,phases      ] GC(48) Phase 1: Mark live objects 4152.233ms
[88.950s][info][gc,phases,start] GC(48) Phase 2: Compute new object addresses
[90.208s][info][gc,phases      ] GC(48) Phase 2: Compute new object addresses 1258.408ms
[90.208s][info][gc,phases,start] GC(48) Phase 3: Adjust pointers
[92.272s][info][gc,phases      ] GC(48) Phase 3: Adjust pointers 2063.575ms
[92.272s][info][gc,phases,start] GC(48) Phase 4: Move objects
[93.326s][info][gc,phases      ] GC(48) Phase 4: Move objects 1054.069ms
[93.327s][info][gc,heap        ] GC(48) DefNew: 2887679K(2887680K)->2887679K(2887680K) Eden: 2566848K(2566848K)->2566848K(2566848K) From: 320831K(320832K)->320831K(320832K)
[93.327s][info][gc,heap        ] GC(48) Tenured: 6417088K(6417088K)->6417086K(6417088K)
[93.327s][info][gc,metaspace   ] GC(48) Metaspace: 6300K(6528K)->6300K(6528K) NonClass: 5768K(5888K)->5768K(5888K) Class: 532K(640K)->532K(640K)
[93.327s][info][gc             ] GC(48) Pause Full (Allocation Failure) 9086M->9086M(9086M) 8529.339ms
[93.327s][info][gc,cpu         ] GC(48) User=8.42s Sys=0.00s Real=8.53s
[93.328s][info][gc,start       ] GC(49) Pause Full (Allocation Failure)
[93.328s][info][gc,phases,start] GC(49) Phase 1: Mark live objects
[97.481s][info][gc,phases      ] GC(49) Phase 1: Mark live objects 4153.334ms
[97.482s][info][gc,phases,start] GC(49) Phase 2: Compute new object addresses
[98.737s][info][gc,phases      ] GC(49) Phase 2: Compute new object addresses 1255.867ms
[98.738s][info][gc,phases,start] GC(49) Phase 3: Adjust pointers
[100.512s][info][gc,phases      ] GC(49) Phase 3: Adjust pointers 1774.507ms
[100.512s][info][gc,phases,start] GC(49) Phase 4: Move objects
[100.512s][info][gc,phases      ] GC(49) Phase 4: Move objects 0.016ms
[100.513s][info][gc,heap        ] GC(49) DefNew: 2887680K(2887680K)->2887679K(2887680K) Eden: 2566848K(2566848K)->2566848K(2566848K) From: 320832K(320832K)->320831K(320832K)
[100.513s][info][gc,heap        ] GC(49) Tenured: 6417087K(6417088K)->6417087K(6417088K)
[100.513s][info][gc,metaspace   ] GC(49) Metaspace: 6302K(6528K)->6302K(6528K) NonClass: 5768K(5888K)->5768K(5888K) Class: 533K(640K)->533K(640K)
[100.513s][info][gc             ] GC(49) Pause Full (Allocation Failure) 9086M->9086M(9086M) 7184.516ms
[100.513s][info][gc,cpu         ] GC(49) User=7.17s Sys=0.00s Real=7.18s
[100.513s][info][gc,start       ] GC(50) Pause Full (Allocation Failure)
[100.513s][info][gc,phases,start] GC(50) Phase 1: Mark live objects
[104.778s][info][gc,phases      ] GC(50) Phase 1: Mark live objects 4265.664ms
[104.778s][info][gc,phases,start] GC(50) Phase 2: Compute new object addresses
[106.175s][info][gc,phases      ] GC(50) Phase 2: Compute new object addresses 1397.062ms
[106.176s][info][gc,phases,start] GC(50) Phase 3: Adjust pointers
[108.272s][info][gc,phases      ] GC(50) Phase 3: Adjust pointers 2096.088ms
[108.272s][info][gc,phases,start] GC(50) Phase 4: Move objects
[109.336s][info][gc,phases      ] GC(50) Phase 4: Move objects 1064.232ms
[109.337s][info][gc,heap        ] GC(50) DefNew: 2887679K(2887680K)->2887679K(2887680K) Eden: 2566848K(2566848K)->2566848K(2566848K) From: 320831K(320832K)->320831K(320832K)
[109.337s][info][gc,heap        ] GC(50) Tenured: 6417087K(6417088K)->6417084K(6417088K)
[109.337s][info][gc,metaspace   ] GC(50) Metaspace: 6302K(6528K)->6302K(6528K) NonClass: 5768K(5888K)->5768K(5888K) Class: 533K(640K)->533K(640K)
[109.337s][info][gc             ] GC(50) Pause Full (Allocation Failure) 9086M->9086M(9086M) 8823.914ms
[109.337s][info][gc,cpu         ] GC(50) User=8.59s Sys=0.00s Real=8.82s
[109.337s][info][gc,heap,exit   ] Heap
[109.337s][info][gc,heap,exit   ]  def new generation   total 2887680K, used 2887680K [0x00000005b4800000, 0x0000000678550000, 0x0000000678550000)
[109.337s][info][gc,heap,exit   ]   eden space 2566848K, 100% used [0x00000005b4800000, 0x00000006512b0000, 0x00000006512b0000)
[109.337s][info][gc,heap,exit   ]   from space 320832K, 100% used [0x00000006512b0000, 0x0000000664c00000, 0x0000000664c00000)
[109.337s][info][gc,heap,exit   ]   to   space 320832K,   0% used [0x0000000664c00000, 0x0000000664c00000, 0x0000000678550000)
[109.337s][info][gc,heap,exit   ]  tenured generation   total 6417088K, used 6417085K [0x0000000678550000, 0x0000000800000000, 0x0000000800000000)
[109.337s][info][gc,heap,exit   ]    the space 6417088K,  99% used [0x0000000678550000, 0x00000007fffff610, 0x00000007fffff800, 0x0000000800000000)
[109.337s][info][gc,heap,exit   ]  Metaspace       used 6305K, committed 6528K, reserved 1114112K
[109.337s][info][gc,heap,exit   ]   class space    used 534K, committed 640K, reserved 1048576K
