[0.010s][info][gc,init] CardTable entry size: 512
[0.010s][info][gc     ] Using Serial
[0.011s][info][gc,init] Version: 18.0.1+10 (release)
[0.011s][info][gc,init] CPUs: 8 total, 8 available
[0.011s][info][gc,init] Memory: 16063M
[0.011s][info][gc,init] Large Page Support: Disabled
[0.011s][info][gc,init] NUMA Support: Disabled
[0.011s][info][gc,init] Compressed Oops: Enabled (Zero based)
[0.011s][info][gc,init] Heap Min Capacity: 2M
[0.011s][info][gc,init] Heap Initial Capacity: 2M
[0.011s][info][gc,init] Heap Max Capacity: 10800M
[0.011s][info][gc,init] Pre-touch: Disabled
[0.011s][info][gc,metaspace] CDS archive(s) not mapped
[0.011s][info][gc,metaspace] Compressed class space mapped at: 0x0000000800000000-0x0000000840000000, reserved size: 1073741824
[0.011s][info][gc,metaspace] Narrow klass base: 0x0000000800000000, Narrow klass shift: 0, Narrow klass range: 0x40000000
[0.162s][info][gc,start    ] GC(0) Pause Young (Allocation Failure)
[0.164s][info][gc,heap     ] GC(0) DefNew: 1023K(1152K)->127K(1152K) Eden: 1023K(1024K)->0K(1024K) From: 0K(128K)->127K(128K)
[0.164s][info][gc,heap     ] GC(0) Tenured: 0K(768K)->439K(768K)
[0.164s][info][gc,metaspace] GC(0) Metaspace: 5898K(6016K)->5898K(6016K) NonClass: 5398K(5504K)->5398K(5504K) Class: 499K(512K)->499K(512K)
[0.164s][info][gc          ] GC(0) Pause Young (Allocation Failure) 0M->0M(1M) 1.434ms
[0.164s][info][gc,cpu      ] GC(0) User=0.00s Sys=0.00s Real=0.00s
[0.181s][info][gc,start    ] GC(1) Pause Young (Allocation Failure)
[0.183s][info][gc          ] GC(1) Pause Young (Allocation Failure) 1M->0M(2M) 1.189ms
[0.183s][info][gc,cpu      ] GC(1) User=0.00s Sys=0.00s Real=0.00s
[0.183s][info][gc,start    ] GC(2) Pause Full (Allocation Failure)
[0.183s][info][gc,phases,start] GC(2) Phase 1: Mark live objects
[0.184s][info][gc,phases      ] GC(2) Phase 1: Mark live objects 0.872ms
[0.184s][info][gc,phases,start] GC(2) Phase 2: Compute new object addresses
[0.184s][info][gc,phases      ] GC(2) Phase 2: Compute new object addresses 0.204ms
[0.184s][info][gc,phases,start] GC(2) Phase 3: Adjust pointers
[0.184s][info][gc,phases      ] GC(2) Phase 3: Adjust pointers 0.440ms
[0.184s][info][gc,phases,start] GC(2) Phase 4: Move objects
[0.184s][info][gc,phases      ] GC(2) Phase 4: Move objects 0.059ms
[0.185s][info][gc,heap        ] GC(2) DefNew: 1151K(1152K)->40K(1152K) Eden: 1024K(1024K)->40K(1024K) From: 127K(128K)->0K(128K)
[0.185s][info][gc,heap        ] GC(2) Tenured: 439K(768K)->959K(1600K)
[0.185s][info][gc,metaspace   ] GC(2) Metaspace: 6295K(6464K)->6295K(6464K) NonClass: 5761K(5824K)->5761K(5824K) Class: 533K(640K)->533K(640K)
[0.185s][info][gc             ] GC(2) Pause Full (Allocation Failure) 0M->0M(2M) 1.817ms
[0.185s][info][gc,cpu         ] GC(2) User=0.00s Sys=0.00s Real=0.00s
[0.186s][info][gc,start       ] GC(3) Pause Young (Allocation Failure)
[0.187s][info][gc,heap        ] GC(3) DefNew: 1024K(1152K)->128K(1152K) Eden: 1024K(1024K)->0K(1024K) From: 0K(128K)->128K(128K)
[0.187s][info][gc,heap        ] GC(3) Tenured: 959K(1600K)->1375K(1600K)
[0.187s][info][gc,metaspace   ] GC(3) Metaspace: 6295K(6464K)->6295K(6464K) NonClass: 5761K(5824K)->5761K(5824K) Class: 533K(640K)->533K(640K)
[0.187s][info][gc             ] GC(3) Pause Young (Allocation Failure) 1M->1M(2M) 1.279ms
[0.187s][info][gc,cpu         ] GC(3) User=0.00s Sys=0.00s Real=0.00s
[0.189s][info][gc,start       ] GC(4) Pause Young (Allocation Failure)
[0.190s][info][gc             ] GC(4) Pause Young (Allocation Failure) 2M->1M(3M) 1.401ms
[0.190s][info][gc,cpu         ] GC(4) User=0.00s Sys=0.00s Real=0.00s
[0.190s][info][gc,start       ] GC(5) Pause Full (Allocation Failure)
[0.190s][info][gc,phases,start] GC(5) Phase 1: Mark live objects
[0.192s][info][gc,phases      ] GC(5) Phase 1: Mark live objects 1.498ms
[0.192s][info][gc,phases,start] GC(5) Phase 2: Compute new object addresses
[0.192s][info][gc,phases      ] GC(5) Phase 2: Compute new object addresses 0.376ms
[0.192s][info][gc,phases,start] GC(5) Phase 3: Adjust pointers
[0.193s][info][gc,phases      ] GC(5) Phase 3: Adjust pointers 0.633ms
[0.193s][info][gc,phases,start] GC(5) Phase 4: Move objects
[0.193s][info][gc,phases      ] GC(5) Phase 4: Move objects 0.074ms
[0.193s][info][gc,heap        ] GC(5) DefNew: 1152K(1152K)->35K(1536K) Eden: 1024K(1024K)->35K(1408K) From: 128K(128K)->0K(128K)
[0.193s][info][gc,heap        ] GC(5) Tenured: 1375K(1600K)->1983K(3308K)
[0.193s][info][gc,metaspace   ] GC(5) Metaspace: 6295K(6464K)->6295K(6464K) NonClass: 5761K(5824K)->5761K(5824K) Class: 533K(640K)->533K(640K)
[0.193s][info][gc             ] GC(5) Pause Full (Allocation Failure) 1M->1M(4M) 2.902ms
[0.193s][info][gc,cpu         ] GC(5) User=0.00s Sys=0.00s Real=0.00s
[0.195s][info][gc,start       ] GC(6) Pause Young (Allocation Failure)
[0.197s][info][gc,heap        ] GC(6) DefNew: 1407K(1536K)->127K(1536K) Eden: 1407K(1408K)->0K(1408K) From: 0K(128K)->127K(128K)
[0.197s][info][gc,heap        ] GC(6) Tenured: 1983K(3308K)->2617K(3308K)
[0.197s][info][gc,metaspace   ] GC(6) Metaspace: 6295K(6464K)->6295K(6464K) NonClass: 5761K(5824K)->5761K(5824K) Class: 533K(640K)->533K(640K)
[0.197s][info][gc             ] GC(6) Pause Young (Allocation Failure) 3M->2M(4M) 1.919ms
[0.197s][info][gc,cpu         ] GC(6) User=0.00s Sys=0.00s Real=0.00s
[0.198s][info][gc,start       ] GC(7) Pause Young (Allocation Failure)
[0.200s][info][gc             ] GC(7) Pause Young (Allocation Failure) 4M->3M(4M) 1.512ms
[0.200s][info][gc,cpu         ] GC(7) User=0.00s Sys=0.00s Real=0.00s
[0.200s][info][gc,start       ] GC(8) Pause Full (Allocation Failure)
[0.200s][info][gc,phases,start] GC(8) Phase 1: Mark live objects
[0.202s][info][gc,phases      ] GC(8) Phase 1: Mark live objects 1.966ms
[0.202s][info][gc,phases,start] GC(8) Phase 2: Compute new object addresses
[0.203s][info][gc,phases      ] GC(8) Phase 2: Compute new object addresses 0.661ms
[0.203s][info][gc,phases,start] GC(8) Phase 3: Adjust pointers
[0.204s][info][gc,phases      ] GC(8) Phase 3: Adjust pointers 1.006ms
[0.204s][info][gc,phases,start] GC(8) Phase 4: Move objects
[0.204s][info][gc,phases      ] GC(8) Phase 4: Move objects 0.086ms
[0.204s][info][gc,heap        ] GC(8) DefNew: 1535K(1536K)->0K(2688K) Eden: 1408K(1408K)->0K(2432K) From: 127K(128K)->0K(256K)
[0.204s][info][gc,heap        ] GC(8) Tenured: 2617K(3308K)->3460K(5768K)
[0.204s][info][gc,metaspace   ] GC(8) Metaspace: 6295K(6464K)->6295K(6464K) NonClass: 5761K(5824K)->5761K(5824K) Class: 533K(640K)->533K(640K)
[0.204s][info][gc             ] GC(8) Pause Full (Allocation Failure) 3M->3M(8M) 4.085ms
[0.204s][info][gc,cpu         ] GC(8) User=0.00s Sys=0.00s Real=0.00s
[0.208s][info][gc,start       ] GC(9) Pause Young (Allocation Failure)
[0.211s][info][gc,heap        ] GC(9) DefNew: 2431K(2688K)->255K(2688K) Eden: 2431K(2432K)->0K(2432K) From: 0K(256K)->255K(256K)
[0.211s][info][gc,heap        ] GC(9) Tenured: 3460K(5768K)->4512K(5768K)
[0.211s][info][gc,metaspace   ] GC(9) Metaspace: 6295K(6464K)->6295K(6464K) NonClass: 5761K(5824K)->5761K(5824K) Class: 533K(640K)->533K(640K)
[0.211s][info][gc             ] GC(9) Pause Young (Allocation Failure) 5M->4M(8M) 2.570ms
[0.211s][info][gc,cpu         ] GC(9) User=0.00s Sys=0.00s Real=0.00s
[0.214s][info][gc,start       ] GC(10) Pause Young (Allocation Failure)
[0.216s][info][gc,heap        ] GC(10) DefNew: 2687K(2688K)->255K(2688K) Eden: 2432K(2432K)->0K(2432K) From: 255K(256K)->255K(256K)
[0.216s][info][gc,heap        ] GC(10) Tenured: 4512K(5768K)->5755K(5768K)
[0.216s][info][gc,metaspace   ] GC(10) Metaspace: 6295K(6464K)->6295K(6464K) NonClass: 5761K(5824K)->5761K(5824K) Class: 533K(640K)->533K(640K)
[0.216s][info][gc             ] GC(10) Pause Young (Allocation Failure) 7M->5M(8M) 2.707ms
[0.216s][info][gc,cpu         ] GC(10) User=0.00s Sys=0.00s Real=0.00s
[0.220s][info][gc,start       ] GC(11) Pause Young (Allocation Failure)
[0.222s][info][gc             ] GC(11) Pause Young (Allocation Failure) 8M->7M(9M) 2.927ms
[0.223s][info][gc,cpu         ] GC(11) User=0.00s Sys=0.00s Real=0.00s
[0.223s][info][gc,start       ] GC(12) Pause Full (Allocation Failure)
[0.223s][info][gc,phases,start] GC(12) Phase 1: Mark live objects
[0.226s][info][gc,phases      ] GC(12) Phase 1: Mark live objects 3.744ms
[0.226s][info][gc,phases,start] GC(12) Phase 2: Compute new object addresses
[0.228s][info][gc,phases      ] GC(12) Phase 2: Compute new object addresses 1.259ms
[0.228s][info][gc,phases,start] GC(12) Phase 3: Adjust pointers
[0.229s][info][gc,phases      ] GC(12) Phase 3: Adjust pointers 1.601ms
[0.229s][info][gc,phases,start] GC(12) Phase 4: Move objects
[0.231s][info][gc,phases      ] GC(12) Phase 4: Move objects 1.154ms
[0.231s][info][gc,heap        ] GC(12) DefNew: 2687K(2688K)->0K(5376K) Eden: 2432K(2432K)->0K(4800K) From: 255K(256K)->0K(576K)
[0.231s][info][gc,heap        ] GC(12) Tenured: 5755K(5768K)->7132K(11888K)
[0.231s][info][gc,metaspace   ] GC(12) Metaspace: 6295K(6464K)->6295K(6464K) NonClass: 5761K(5824K)->5761K(5824K) Class: 533K(640K)->533K(640K)
[0.231s][info][gc             ] GC(12) Pause Full (Allocation Failure) 7M->6M(16M) 8.263ms
[0.231s][info][gc,cpu         ] GC(12) User=0.00s Sys=0.00s Real=0.01s
[0.236s][info][gc,start       ] GC(13) Pause Young (Allocation Failure)
[0.240s][info][gc,heap        ] GC(13) DefNew: 4800K(5376K)->575K(5376K) Eden: 4800K(4800K)->0K(4800K) From: 0K(576K)->575K(576K)
[0.240s][info][gc,heap        ] GC(13) Tenured: 7132K(11888K)->9027K(11888K)
[0.240s][info][gc,metaspace   ] GC(13) Metaspace: 6295K(6464K)->6295K(6464K) NonClass: 5761K(5824K)->5761K(5824K) Class: 533K(640K)->533K(640K)
[0.240s][info][gc             ] GC(13) Pause Young (Allocation Failure) 11M->9M(16M) 4.853ms
[0.240s][info][gc,cpu         ] GC(13) User=0.00s Sys=0.00s Real=0.00s
[0.246s][info][gc,start       ] GC(14) Pause Young (Allocation Failure)
[0.252s][info][gc,heap        ] GC(14) DefNew: 5375K(5376K)->576K(5376K) Eden: 4800K(4800K)->0K(4800K) From: 575K(576K)->576K(576K)
[0.252s][info][gc,heap        ] GC(14) Tenured: 9027K(11888K)->11746K(11888K)
[0.252s][info][gc,metaspace   ] GC(14) Metaspace: 6295K(6464K)->6295K(6464K) NonClass: 5761K(5824K)->5761K(5824K) Class: 533K(640K)->533K(640K)
[0.253s][info][gc             ] GC(14) Pause Young (Allocation Failure) 14M->12M(16M) 6.200ms
[0.253s][info][gc,cpu         ] GC(14) User=0.00s Sys=0.00s Real=0.01s
[0.256s][info][gc,start       ] GC(15) Pause Young (Allocation Failure)
[0.262s][info][gc             ] GC(15) Pause Young (Allocation Failure) 16M->14M(19M) 5.695ms
[0.262s][info][gc,cpu         ] GC(15) User=0.00s Sys=0.00s Real=0.01s
[0.262s][info][gc,start       ] GC(16) Pause Full (Allocation Failure)
[0.262s][info][gc,phases,start] GC(16) Phase 1: Mark live objects
[0.269s][info][gc,phases      ] GC(16) Phase 1: Mark live objects 7.255ms
[0.269s][info][gc,phases,start] GC(16) Phase 2: Compute new object addresses
[0.272s][info][gc,phases      ] GC(16) Phase 2: Compute new object addresses 2.266ms
[0.272s][info][gc,phases,start] GC(16) Phase 3: Adjust pointers
[0.275s][info][gc,phases      ] GC(16) Phase 3: Adjust pointers 2.942ms
[0.275s][info][gc,phases,start] GC(16) Phase 4: Move objects
[0.275s][info][gc,phases      ] GC(16) Phase 4: Move objects 0.182ms
[0.275s][info][gc,heap        ] GC(16) DefNew: 5376K(5376K)->386K(10880K) Eden: 4800K(4800K)->386K(9728K) From: 576K(576K)->0K(1152K)
[0.275s][info][gc,heap        ] GC(16) Tenured: 11746K(11888K)->14384K(23976K)
[0.275s][info][gc,metaspace   ] GC(16) Metaspace: 6297K(6464K)->6297K(6464K) NonClass: 5763K(5824K)->5763K(5824K) Class: 533K(640K)->533K(640K)
[0.275s][info][gc             ] GC(16) Pause Full (Allocation Failure) 14M->14M(34M) 13.012ms
[0.275s][info][gc,cpu         ] GC(16) User=0.02s Sys=0.00s Real=0.01s
[0.284s][info][gc,start       ] GC(17) Pause Young (Allocation Failure)
[0.297s][info][gc,heap        ] GC(17) DefNew: 9728K(10880K)->1151K(10880K) Eden: 9728K(9728K)->0K(9728K) From: 0K(1152K)->1151K(1152K)
[0.297s][info][gc,heap        ] GC(17) Tenured: 14384K(23976K)->18415K(23976K)
[0.297s][info][gc,metaspace   ] GC(17) Metaspace: 6297K(6464K)->6297K(6464K) NonClass: 5763K(5824K)->5763K(5824K) Class: 533K(640K)->533K(640K)
[0.297s][info][gc             ] GC(17) Pause Young (Allocation Failure) 23M->19M(34M) 13.025ms
[0.297s][info][gc,cpu         ] GC(17) User=0.00s Sys=0.00s Real=0.01s
[0.305s][info][gc,start       ] GC(18) Pause Young (Allocation Failure)
[0.318s][info][gc,heap        ] GC(18) DefNew: 10879K(10880K)->1151K(10880K) Eden: 9728K(9728K)->0K(9728K) From: 1151K(1152K)->1151K(1152K)
[0.318s][info][gc,heap        ] GC(18) Tenured: 18415K(23976K)->23936K(23976K)
[0.318s][info][gc,metaspace   ] GC(18) Metaspace: 6297K(6464K)->6297K(6464K) NonClass: 5763K(5824K)->5763K(5824K) Class: 533K(640K)->533K(640K)
[0.318s][info][gc             ] GC(18) Pause Young (Allocation Failure) 28M->24M(34M) 12.397ms
[0.318s][info][gc,cpu         ] GC(18) User=0.00s Sys=0.00s Real=0.01s
[0.325s][info][gc,start       ] GC(19) Pause Young (Allocation Failure)
[0.336s][info][gc             ] GC(19) Pause Young (Allocation Failure) 34M->29M(38M) 10.930ms
[0.336s][info][gc,cpu         ] GC(19) User=0.00s Sys=0.00s Real=0.01s
[0.336s][info][gc,start       ] GC(20) Pause Full (Allocation Failure)
[0.336s][info][gc,phases,start] GC(20) Phase 1: Mark live objects
[0.350s][info][gc,phases      ] GC(20) Phase 1: Mark live objects 13.595ms
[0.350s][info][gc,phases,start] GC(20) Phase 2: Compute new object addresses
[0.354s][info][gc,phases      ] GC(20) Phase 2: Compute new object addresses 4.689ms
[0.354s][info][gc,phases,start] GC(20) Phase 3: Adjust pointers
[0.360s][info][gc,phases      ] GC(20) Phase 3: Adjust pointers 5.243ms
[0.360s][info][gc,phases,start] GC(20) Phase 4: Move objects
[0.360s][info][gc,phases      ] GC(20) Phase 4: Move objects 0.176ms
[0.360s][info][gc,heap        ] GC(20) DefNew: 10879K(10880K)->1080K(21888K) Eden: 9728K(9728K)->1080K(19520K) From: 1151K(1152K)->0K(2368K)
[0.360s][info][gc,heap        ] GC(20) Tenured: 23936K(23976K)->29036K(48396K)
[0.360s][info][gc,metaspace   ] GC(20) Metaspace: 6297K(6464K)->6297K(6464K) NonClass: 5763K(5824K)->5763K(5824K) Class: 533K(640K)->533K(640K)
[0.360s][info][gc             ] GC(20) Pause Full (Allocation Failure) 29M->29M(68M) 24.133ms
[0.360s][info][gc,cpu         ] GC(20) User=0.03s Sys=0.00s Real=0.03s
[0.377s][info][gc,start       ] GC(21) Pause Young (Allocation Failure)
[0.409s][info][gc,heap        ] GC(21) DefNew: 19520K(21888K)->2368K(21888K) Eden: 19520K(19520K)->0K(19520K) From: 0K(2368K)->2368K(2368K)
[0.409s][info][gc,heap        ] GC(21) Tenured: 29036K(48396K)->41010K(48396K)
[0.409s][info][gc,metaspace   ] GC(21) Metaspace: 6297K(6464K)->6297K(6464K) NonClass: 5763K(5824K)->5763K(5824K) Class: 533K(640K)->533K(640K)
[0.409s][info][gc             ] GC(21) Pause Young (Allocation Failure) 47M->42M(68M) 31.842ms
[0.409s][info][gc,cpu         ] GC(21) User=0.02s Sys=0.00s Real=0.03s
[0.425s][info][gc,start       ] GC(22) Pause Young (Allocation Failure)
[0.461s][info][gc             ] GC(22) Pause Young (Allocation Failure) 61M->61M(80M) 35.502ms
[0.461s][info][gc,cpu         ] GC(22) User=0.03s Sys=0.00s Real=0.04s
[0.461s][info][gc,start       ] GC(23) Pause Full (Allocation Failure)
[0.461s][info][gc,phases,start] GC(23) Phase 1: Mark live objects
[0.486s][info][gc,phases      ] GC(23) Phase 1: Mark live objects 24.953ms
[0.486s][info][gc,phases,start] GC(23) Phase 2: Compute new object addresses
[0.496s][info][gc,phases      ] GC(23) Phase 2: Compute new object addresses 9.683ms
[0.496s][info][gc,phases,start] GC(23) Phase 3: Adjust pointers
[0.507s][info][gc,phases      ] GC(23) Phase 3: Adjust pointers 10.756ms
[0.507s][info][gc,phases,start] GC(23) Phase 4: Move objects
[0.507s][info][gc,phases      ] GC(23) Phase 4: Move objects 0.366ms
[0.507s][info][gc,heap        ] GC(23) DefNew: 21888K(21888K)->2183K(45568K) Eden: 19520K(19520K)->2183K(40512K) From: 2368K(2368K)->0K(5056K)
[0.507s][info][gc,heap        ] GC(23) Tenured: 41010K(48396K)->60683K(101140K)
[0.507s][info][gc,metaspace   ] GC(23) Metaspace: 6297K(6464K)->6297K(6464K) NonClass: 5763K(5824K)->5763K(5824K) Class: 533K(640K)->533K(640K)
[0.507s][info][gc             ] GC(23) Pause Full (Allocation Failure) 61M->61M(143M) 46.406ms
[0.507s][info][gc,cpu         ] GC(23) User=0.05s Sys=0.00s Real=0.05s
[0.550s][info][gc,start       ] GC(24) Pause Young (Allocation Failure)
[0.613s][info][gc,heap        ] GC(24) DefNew: 40512K(45568K)->5055K(45568K) Eden: 40512K(40512K)->0K(40512K) From: 0K(5056K)->5055K(5056K)
[0.613s][info][gc,heap        ] GC(24) Tenured: 60683K(101140K)->96114K(101140K)
[0.613s][info][gc,metaspace   ] GC(24) Metaspace: 6297K(6464K)->6297K(6464K) NonClass: 5763K(5824K)->5763K(5824K) Class: 533K(640K)->533K(640K)
[0.613s][info][gc             ] GC(24) Pause Young (Allocation Failure) 98M->98M(143M) 63.649ms
[0.613s][info][gc,cpu         ] GC(24) User=0.05s Sys=0.00s Real=0.06s
[0.648s][info][gc,start       ] GC(25) Pause Young (Allocation Failure)
[0.721s][info][gc             ] GC(25) Pause Young (Allocation Failure) 138M->138M(178M) 72.630ms
[0.721s][info][gc,cpu         ] GC(25) User=0.05s Sys=0.02s Real=0.07s
[0.721s][info][gc,start       ] GC(26) Pause Full (Allocation Failure)
[0.721s][info][gc,phases,start] GC(26) Phase 1: Mark live objects
[0.778s][info][gc,phases      ] GC(26) Phase 1: Mark live objects 56.501ms
[0.778s][info][gc,phases,start] GC(26) Phase 2: Compute new object addresses
[0.799s][info][gc,phases      ] GC(26) Phase 2: Compute new object addresses 21.580ms
[0.799s][info][gc,phases,start] GC(26) Phase 3: Adjust pointers
[0.827s][info][gc,phases      ] GC(26) Phase 3: Adjust pointers 27.413ms
[0.827s][info][gc,phases,start] GC(26) Phase 4: Move objects
[0.852s][info][gc,phases      ] GC(26) Phase 4: Move objects 25.438ms
[0.853s][info][gc,heap        ] GC(26) DefNew: 45567K(45568K)->1083K(102592K) Eden: 40512K(40512K)->1083K(91200K) From: 5055K(5056K)->0K(11392K)
[0.853s][info][gc,heap        ] GC(26) Tenured: 96114K(101140K)->136727K(227880K)
[0.853s][info][gc,metaspace   ] GC(26) Metaspace: 6297K(6464K)->6297K(6464K) NonClass: 5763K(5824K)->5763K(5824K) Class: 533K(640K)->533K(640K)
[0.853s][info][gc             ] GC(26) Pause Full (Allocation Failure) 138M->134M(322M) 131.740ms
[0.853s][info][gc,cpu         ] GC(26) User=0.12s Sys=0.00s Real=0.13s
[0.949s][info][gc,start       ] GC(27) Pause Young (Allocation Failure)
[1.102s][info][gc,heap        ] GC(27) DefNew: 91200K(102592K)->11392K(102592K) Eden: 91200K(91200K)->0K(91200K) From: 0K(11392K)->11392K(11392K)
[1.102s][info][gc,heap        ] GC(27) Tenured: 136727K(227880K)->216507K(227880K)
[1.102s][info][gc,metaspace   ] GC(27) Metaspace: 6297K(6464K)->6297K(6464K) NonClass: 5763K(5824K)->5763K(5824K) Class: 533K(640K)->533K(640K)
[1.102s][info][gc             ] GC(27) Pause Young (Allocation Failure) 222M->222M(322M) 152.559ms
[1.102s][info][gc,cpu         ] GC(27) User=0.11s Sys=0.03s Real=0.15s
[1.183s][info][gc,start       ] GC(28) Pause Young (Allocation Failure)
[1.355s][info][gc             ] GC(28) Pause Young (Allocation Failure) 311M->311M(400M) 172.057ms
[1.355s][info][gc,cpu         ] GC(28) User=0.12s Sys=0.03s Real=0.17s
[1.356s][info][gc,start       ] GC(29) Pause Full (Allocation Failure)
[1.356s][info][gc,phases,start] GC(29) Phase 1: Mark live objects
[1.498s][info][gc,phases      ] GC(29) Phase 1: Mark live objects 142.147ms
[1.498s][info][gc,phases,start] GC(29) Phase 2: Compute new object addresses
[1.550s][info][gc,phases      ] GC(29) Phase 2: Compute new object addresses 52.668ms
[1.551s][info][gc,phases,start] GC(29) Phase 3: Adjust pointers
[1.607s][info][gc,phases      ] GC(29) Phase 3: Adjust pointers 56.162ms
[1.607s][info][gc,phases,start] GC(29) Phase 4: Move objects
[1.609s][info][gc,phases      ] GC(29) Phase 4: Move objects 2.216ms
[1.610s][info][gc,heap        ] GC(29) DefNew: 102592K(102592K)->11377K(230848K) Eden: 91200K(91200K)->11377K(205248K) From: 11392K(11392K)->0K(25600K)
[1.610s][info][gc,heap        ] GC(29) Tenured: 216507K(227880K)->307691K(512820K)
[1.610s][info][gc,metaspace   ] GC(29) Metaspace: 6297K(6464K)->6297K(6464K) NonClass: 5763K(5824K)->5763K(5824K) Class: 533K(640K)->533K(640K)
[1.610s][info][gc             ] GC(29) Pause Full (Allocation Failure) 311M->311M(726M) 254.500ms
[1.610s][info][gc,cpu         ] GC(29) User=0.25s Sys=0.00s Real=0.26s
[1.826s][info][gc,start       ] GC(30) Pause Young (Allocation Failure)
[2.168s][info][gc,heap        ] GC(30) DefNew: 205248K(230848K)->25599K(230848K) Eden: 205248K(205248K)->0K(205248K) From: 0K(25600K)->25599K(25600K)
[2.168s][info][gc,heap        ] GC(30) Tenured: 307691K(512820K)->487314K(512820K)
[2.168s][info][gc,metaspace   ] GC(30) Metaspace: 6297K(6464K)->6297K(6464K) NonClass: 5763K(5824K)->5763K(5824K) Class: 533K(640K)->533K(640K)
[2.168s][info][gc             ] GC(30) Pause Young (Allocation Failure) 500M->500M(726M) 342.001ms
[2.168s][info][gc,cpu         ] GC(30) User=0.28s Sys=0.06s Real=0.34s
[2.354s][info][gc,start       ] GC(31) Pause Young (Allocation Failure)
[2.748s][info][gc             ] GC(31) Pause Young (Allocation Failure) 701M->700M(901M) 394.044ms
[2.748s][info][gc,cpu         ] GC(31) User=0.33s Sys=0.06s Real=0.39s
[2.748s][info][gc,start       ] GC(32) Pause Full (Allocation Failure)
[2.748s][info][gc,phases,start] GC(32) Phase 1: Mark live objects
[3.067s][info][gc,phases      ] GC(32) Phase 1: Mark live objects 319.124ms
[3.067s][info][gc,phases,start] GC(32) Phase 2: Compute new object addresses
[3.175s][info][gc,phases      ] GC(32) Phase 2: Compute new object addresses 107.524ms
[3.175s][info][gc,phases,start] GC(32) Phase 3: Adjust pointers
[3.293s][info][gc,phases      ] GC(32) Phase 3: Adjust pointers 118.296ms
[3.293s][info][gc,phases,start] GC(32) Phase 4: Move objects
[3.298s][info][gc,phases      ] GC(32) Phase 4: Move objects 5.447ms
[3.300s][info][gc,heap        ] GC(32) DefNew: 230847K(230848K)->25508K(518976K) Eden: 205248K(205248K)->25508K(461312K) From: 25599K(25600K)->0K(57664K)
[3.300s][info][gc,heap        ] GC(32) Tenured: 487314K(512820K)->691955K(1153260K)
[3.300s][info][gc,metaspace   ] GC(32) Metaspace: 6297K(6464K)->6297K(6464K) NonClass: 5763K(5824K)->5763K(5824K) Class: 533K(640K)->533K(640K)
[3.301s][info][gc             ] GC(32) Pause Full (Allocation Failure) 700M->700M(1633M) 552.663ms
[3.301s][info][gc,cpu         ] GC(32) User=0.55s Sys=0.00s Real=0.55s
[3.762s][info][gc,start       ] GC(33) Pause Young (Allocation Failure)
[4.555s][info][gc,heap        ] GC(33) DefNew: 461312K(518976K)->57663K(518976K) Eden: 461312K(461312K)->0K(461312K) From: 0K(57664K)->57663K(57664K)
[4.555s][info][gc,heap        ] GC(33) Tenured: 691955K(1153260K)->1095575K(1153260K)
[4.555s][info][gc,metaspace   ] GC(33) Metaspace: 6297K(6464K)->6297K(6464K) NonClass: 5763K(5824K)->5763K(5824K) Class: 533K(640K)->533K(640K)
[4.555s][info][gc             ] GC(33) Pause Young (Allocation Failure) 1126M->1126M(1633M) 793.701ms
[4.555s][info][gc,cpu         ] GC(33) User=0.67s Sys=0.11s Real=0.79s
[5.029s][info][gc,start       ] GC(34) Pause Young (Allocation Failure)
[5.779s][info][gc             ] GC(34) Pause Young (Allocation Failure) 1576M->1526M(1977M) 749.687ms
[5.779s][info][gc,cpu         ] GC(34) User=0.62s Sys=0.11s Real=0.75s
[5.779s][info][gc,start       ] GC(35) Pause Full (Allocation Failure)
[5.779s][info][gc,phases,start] GC(35) Phase 1: Mark live objects
[6.458s][info][gc,phases      ] GC(35) Phase 1: Mark live objects 678.546ms
[6.458s][info][gc,phases,start] GC(35) Phase 2: Compute new object addresses
[6.681s][info][gc,phases      ] GC(35) Phase 2: Compute new object addresses 223.218ms
[6.681s][info][gc,phases,start] GC(35) Phase 3: Adjust pointers
[6.953s][info][gc,phases      ] GC(35) Phase 3: Adjust pointers 271.846ms
[6.953s][info][gc,phases,start] GC(35) Phase 4: Move objects
[6.964s][info][gc,phases      ] GC(35) Phase 4: Move objects 10.824ms
[6.968s][info][gc,heap        ] GC(35) DefNew: 518975K(518976K)->57608K(1129472K) Eden: 461312K(461312K)->57608K(1004032K) From: 57663K(57664K)->0K(125440K)
[6.968s][info][gc,heap        ] GC(35) Tenured: 1095575K(1153260K)->1505839K(2509736K)
[6.968s][info][gc,metaspace   ] GC(35) Metaspace: 6297K(6464K)->6297K(6464K) NonClass: 5763K(5824K)->5763K(5824K) Class: 533K(640K)->533K(640K)
[6.968s][info][gc             ] GC(35) Pause Full (Allocation Failure) 1526M->1526M(3553M) 1189.068ms
[6.968s][info][gc,cpu         ] GC(35) User=1.20s Sys=0.00s Real=1.19s
[7.953s][info][gc,start       ] GC(36) Pause Young (Allocation Failure)
[9.742s][info][gc,heap        ] GC(36) DefNew: 1004032K(1129472K)->125439K(1129472K) Eden: 1004032K(1004032K)->0K(1004032K) From: 0K(125440K)->125439K(125440K)
[9.742s][info][gc,heap        ] GC(36) Tenured: 1505839K(2509736K)->2384400K(2509736K)
[9.742s][info][gc,metaspace   ] GC(36) Metaspace: 6297K(6464K)->6297K(6464K) NonClass: 5763K(5824K)->5763K(5824K) Class: 533K(640K)->533K(640K)
[9.742s][info][gc             ] GC(36) Pause Young (Allocation Failure) 2451M->2451M(3553M) 1789.106ms
[9.742s][info][gc,cpu         ] GC(36) User=1.55s Sys=0.25s Real=1.79s
[10.744s][info][gc,start       ] GC(37) Pause Young (Allocation Failure)
[12.506s][info][gc             ] GC(37) Pause Young (Allocation Failure) 3431M->3431M(4412M) 1762.701ms
[12.506s][info][gc,cpu         ] GC(37) User=1.52s Sys=0.25s Real=1.76s
[12.506s][info][gc,start       ] GC(38) Pause Full (Allocation Failure)
[12.506s][info][gc,phases,start] GC(38) Phase 1: Mark live objects
[14.088s][info][gc,phases      ] GC(38) Phase 1: Mark live objects 1581.776ms
[14.088s][info][gc,phases,start] GC(38) Phase 2: Compute new object addresses
[14.614s][info][gc,phases      ] GC(38) Phase 2: Compute new object addresses 525.290ms
[14.614s][info][gc,phases,start] GC(38) Phase 3: Adjust pointers
[15.307s][info][gc,phases      ] GC(38) Phase 3: Adjust pointers 693.585ms
[15.307s][info][gc,phases,start] GC(38) Phase 4: Move objects
[15.959s][info][gc,phases      ] GC(38) Phase 4: Move objects 651.547ms
[15.969s][info][gc,heap        ] GC(38) DefNew: 1129471K(1129472K)->31176K(2541376K) Eden: 1004032K(1004032K)->31176K(2259008K) From: 125439K(125440K)->0K(282368K)
[15.969s][info][gc,heap        ] GC(38) Tenured: 2384400K(2509736K)->3388459K(5647436K)
[15.969s][info][gc,metaspace   ] GC(38) Metaspace: 6297K(6464K)->6297K(6464K) NonClass: 5763K(5824K)->5763K(5824K) Class: 533K(640K)->533K(640K)
[15.969s][info][gc             ] GC(38) Pause Full (Allocation Failure) 3431M->3339M(7996M) 3462.274ms
[15.969s][info][gc,cpu         ] GC(38) User=3.45s Sys=0.00s Real=3.46s
[18.282s][info][gc,start       ] GC(39) Pause Young (Allocation Failure)
[22.199s][info][gc,heap        ] GC(39) DefNew: 2259008K(2541376K)->282368K(2541376K) Eden: 2259008K(2259008K)->0K(2259008K) From: 0K(282368K)->282368K(282368K)
[22.199s][info][gc,heap        ] GC(39) Tenured: 3388459K(5647436K)->5365069K(5647436K)
[22.199s][info][gc,metaspace   ] GC(39) Metaspace: 6297K(6464K)->6297K(6464K) NonClass: 5763K(5824K)->5763K(5824K) Class: 533K(640K)->533K(640K)
[22.199s][info][gc             ] GC(39) Pause Young (Allocation Failure) 5515M->5515M(7996M) 3917.035ms
[22.199s][info][gc,cpu         ] GC(39) User=3.41s Sys=0.50s Real=3.92s
[24.331s][info][gc,start       ] GC(40) Pause Young (Allocation Failure)
[28.485s][info][gc,promotion   ] GC(40) Promotion failed
[28.485s][info][gc             ] GC(40) Pause Young (Allocation Failure) 7721M->9681M(9681M) 4154.458ms
[28.485s][info][gc,cpu         ] GC(40) User=3.72s Sys=0.42s Real=4.15s
[28.485s][info][gc,start       ] GC(41) Pause Full (Allocation Failure)
[28.485s][info][gc,phases,start] GC(41) Phase 1: Mark live objects
[32.217s][info][gc,phases      ] GC(41) Phase 1: Mark live objects 3732.190ms
[32.218s][info][gc,phases,start] GC(41) Phase 2: Compute new object addresses
[33.701s][info][gc,phases      ] GC(41) Phase 2: Compute new object addresses 1483.696ms
[33.701s][info][gc,phases,start] GC(41) Phase 3: Adjust pointers
[35.163s][info][gc,phases      ] GC(41) Phase 3: Adjust pointers 1462.000ms
[35.163s][info][gc,phases,start] GC(41) Phase 4: Move objects
[35.292s][info][gc,phases      ] GC(41) Phase 4: Move objects 128.789ms
[35.295s][info][gc,heap        ] GC(41) DefNew: 2541376K(2541376K)->533614K(3317760K) Eden: 2259008K(2259008K)->533614K(2949120K) From: 282368K(282368K)->0K(368640K)
[35.295s][info][gc,heap        ] GC(41) Tenured: 5365069K(5647436K)->7372799K(7372800K)
[35.295s][info][gc,metaspace   ] GC(41) Metaspace: 6297K(6464K)->6297K(6464K) NonClass: 5763K(5824K)->5763K(5824K) Class: 533K(640K)->533K(640K)
[35.295s][info][gc             ] GC(41) Pause Full (Allocation Failure) 9681M->7721M(10440M) 6809.681ms
[35.295s][info][gc,cpu         ] GC(41) User=6.70s Sys=0.00s Real=6.81s
[38.587s][info][gc,start       ] GC(42) Pause Full (Allocation Failure)
[38.587s][info][gc,phases,start] GC(42) Phase 1: Mark live objects
[43.365s][info][gc,phases      ] GC(42) Phase 1: Mark live objects 4777.445ms
[43.365s][info][gc,phases,start] GC(42) Phase 2: Compute new object addresses
[44.879s][info][gc,phases      ] GC(42) Phase 2: Compute new object addresses 1514.706ms
[44.880s][info][gc,phases,start] GC(42) Phase 3: Adjust pointers
[47.015s][info][gc,phases      ] GC(42) Phase 3: Adjust pointers 2135.923ms
[47.016s][info][gc,phases,start] GC(42) Phase 4: Move objects
[47.439s][info][gc,phases      ] GC(42) Phase 4: Move objects 423.770ms
[47.440s][info][gc,heap        ] GC(42) DefNew: 3317759K(3317760K)->3317734K(3317760K) Eden: 2949120K(2949120K)->2949119K(2949120K) From: 368639K(368640K)->368614K(368640K)
[47.440s][info][gc,heap        ] GC(42) Tenured: 7372799K(7372800K)->7372799K(7372800K)
[47.440s][info][gc,metaspace   ] GC(42) Metaspace: 6297K(6464K)->6297K(6464K) NonClass: 5763K(5824K)->5763K(5824K) Class: 533K(640K)->533K(640K)
[47.440s][info][gc             ] GC(42) Pause Full (Allocation Failure) 10439M->10439M(10440M) 8852.876ms
[47.440s][info][gc,cpu         ] GC(42) User=8.80s Sys=0.00s Real=8.85s
[47.440s][info][gc,start       ] GC(43) Pause Full (Allocation Failure)
[47.440s][info][gc,phases,start] GC(43) Phase 1: Mark live objects
[52.194s][info][gc,phases      ] GC(43) Phase 1: Mark live objects 4753.901ms
[52.194s][info][gc,phases,start] GC(43) Phase 2: Compute new object addresses
[53.654s][info][gc,phases      ] GC(43) Phase 2: Compute new object addresses 1459.753ms
[53.654s][info][gc,phases,start] GC(43) Phase 3: Adjust pointers
[55.599s][info][gc,phases      ] GC(43) Phase 3: Adjust pointers 1944.703ms
[55.599s][info][gc,phases,start] GC(43) Phase 4: Move objects
[55.599s][info][gc,phases      ] GC(43) Phase 4: Move objects 0.017ms
[55.600s][info][gc,heap        ] GC(43) DefNew: 3317759K(3317760K)->3317759K(3317760K) Eden: 2949119K(2949120K)->2949119K(2949120K) From: 368639K(368640K)->368639K(368640K)
[55.600s][info][gc,heap        ] GC(43) Tenured: 7372799K(7372800K)->7372799K(7372800K)
[55.600s][info][gc,metaspace   ] GC(43) Metaspace: 6297K(6464K)->6297K(6464K) NonClass: 5763K(5824K)->5763K(5824K) Class: 533K(640K)->533K(640K)
[55.600s][info][gc             ] GC(43) Pause Full (Allocation Failure) 10439M->10439M(10440M) 8159.415ms
[55.600s][info][gc,cpu         ] GC(43) User=8.09s Sys=0.00s Real=8.16s
[55.600s][info][gc,start       ] GC(44) Pause Full (Allocation Failure)
[55.600s][info][gc,phases,start] GC(44) Phase 1: Mark live objects
[60.279s][info][gc,phases      ] GC(44) Phase 1: Mark live objects 4678.757ms
[60.279s][info][gc,phases,start] GC(44) Phase 2: Compute new object addresses
[61.728s][info][gc,phases      ] GC(44) Phase 2: Compute new object addresses 1449.593ms
[61.728s][info][gc,phases,start] GC(44) Phase 3: Adjust pointers
[64.078s][info][gc,phases      ] GC(44) Phase 3: Adjust pointers 2350.117ms
[64.079s][info][gc,phases,start] GC(44) Phase 4: Move objects
[66.061s][info][gc,phases      ] GC(44) Phase 4: Move objects 1982.285ms
[66.061s][info][gc,heap        ] GC(44) DefNew: 3317759K(3317760K)->3186683K(3317760K) Eden: 2949119K(2949120K)->2949119K(2949120K) From: 368639K(368640K)->237563K(368640K)
[66.061s][info][gc,heap        ] GC(44) Tenured: 7372799K(7372800K)->7372799K(7372800K)
[66.061s][info][gc,metaspace   ] GC(44) Metaspace: 6297K(6464K)->6295K(6464K) NonClass: 5763K(5824K)->5762K(5824K) Class: 533K(640K)->532K(640K)
[66.062s][info][gc             ] GC(44) Pause Full (Allocation Failure) 10439M->10311M(10440M) 10461.704ms
[66.062s][info][gc,cpu         ] GC(44) User=10.42s Sys=0.00s Real=10.46s
[66.431s][info][gc,start       ] GC(45) Pause Full (Allocation Failure)
[66.431s][info][gc,phases,start] GC(45) Phase 1: Mark live objects
[71.223s][info][gc,phases      ] GC(45) Phase 1: Mark live objects 4791.862ms
[71.223s][info][gc,phases,start] GC(45) Phase 2: Compute new object addresses
[72.695s][info][gc,phases      ] GC(45) Phase 2: Compute new object addresses 1472.058ms
[72.696s][info][gc,phases,start] GC(45) Phase 3: Adjust pointers
[74.668s][info][gc,phases      ] GC(45) Phase 3: Adjust pointers 1972.347ms
[74.668s][info][gc,phases,start] GC(45) Phase 4: Move objects
[74.668s][info][gc,phases      ] GC(45) Phase 4: Move objects 0.016ms
[74.669s][info][gc,heap        ] GC(45) DefNew: 3317759K(3317760K)->3317759K(3317760K) Eden: 2949119K(2949120K)->2949119K(2949120K) From: 368639K(368640K)->368639K(368640K)
[74.669s][info][gc,heap        ] GC(45) Tenured: 7372799K(7372800K)->7372799K(7372800K)
[74.669s][info][gc,metaspace   ] GC(45) Metaspace: 6295K(6464K)->6295K(6464K) NonClass: 5762K(5824K)->5762K(5824K) Class: 532K(640K)->532K(640K)
[74.669s][info][gc             ] GC(45) Pause Full (Allocation Failure) 10439M->10439M(10440M) 8237.209ms
[74.669s][info][gc,cpu         ] GC(45) User=8.22s Sys=0.00s Real=8.24s
[74.669s][info][gc,start       ] GC(46) Pause Full (Allocation Failure)
[74.669s][info][gc,phases,start] GC(46) Phase 1: Mark live objects
[79.447s][info][gc,phases      ] GC(46) Phase 1: Mark live objects 4778.718ms
[79.447s][info][gc,phases,start] GC(46) Phase 2: Compute new object addresses
[80.925s][info][gc,phases      ] GC(46) Phase 2: Compute new object addresses 1478.011ms
[80.926s][info][gc,phases,start] GC(46) Phase 3: Adjust pointers
[82.908s][info][gc,phases      ] GC(46) Phase 3: Adjust pointers 1982.190ms
[82.908s][info][gc,phases,start] GC(46) Phase 4: Move objects
[82.908s][info][gc,phases      ] GC(46) Phase 4: Move objects 0.017ms
[82.908s][info][gc,heap        ] GC(46) DefNew: 3317759K(3317760K)->3317759K(3317760K) Eden: 2949119K(2949120K)->2949119K(2949120K) From: 368639K(368640K)->368639K(368640K)
[82.908s][info][gc,heap        ] GC(46) Tenured: 7372799K(7372800K)->7372799K(7372800K)
[82.909s][info][gc,metaspace   ] GC(46) Metaspace: 6295K(6464K)->6295K(6464K) NonClass: 5762K(5824K)->5762K(5824K) Class: 532K(640K)->532K(640K)
[82.909s][info][gc             ] GC(46) Pause Full (Allocation Failure) 10439M->10439M(10440M) 8239.915ms
[82.909s][info][gc,cpu         ] GC(46) User=8.20s Sys=0.00s Real=8.24s
[82.909s][info][gc,start       ] GC(47) Pause Full (Allocation Failure)
[82.909s][info][gc,phases,start] GC(47) Phase 1: Mark live objects
[87.719s][info][gc,phases      ] GC(47) Phase 1: Mark live objects 4810.330ms
[87.719s][info][gc,phases,start] GC(47) Phase 2: Compute new object addresses
[89.197s][info][gc,phases      ] GC(47) Phase 2: Compute new object addresses 1477.953ms
[89.197s][info][gc,phases,start] GC(47) Phase 3: Adjust pointers
[91.168s][info][gc,phases      ] GC(47) Phase 3: Adjust pointers 1970.280ms
[91.168s][info][gc,phases,start] GC(47) Phase 4: Move objects
[91.168s][info][gc,phases      ] GC(47) Phase 4: Move objects 0.016ms
[91.168s][info][gc,heap        ] GC(47) DefNew: 3317759K(3317760K)->3317759K(3317760K) Eden: 2949120K(2949120K)->2949120K(2949120K) From: 368639K(368640K)->368639K(368640K)
[91.168s][info][gc,heap        ] GC(47) Tenured: 7372800K(7372800K)->7372800K(7372800K)
[91.168s][info][gc,metaspace   ] GC(47) Metaspace: 6295K(6464K)->6295K(6464K) NonClass: 5762K(5824K)->5762K(5824K) Class: 532K(640K)->532K(640K)
[91.168s][info][gc             ] GC(47) Pause Full (Allocation Failure) 10439M->10439M(10440M) 8259.508ms
[91.168s][info][gc,cpu         ] GC(47) User=8.14s Sys=0.00s Real=8.26s
[91.168s][info][gc,start       ] GC(48) Pause Full (Allocation Failure)
[91.168s][info][gc,phases,start] GC(48) Phase 1: Mark live objects
[95.943s][info][gc,phases      ] GC(48) Phase 1: Mark live objects 4774.743ms
[95.943s][info][gc,phases,start] GC(48) Phase 2: Compute new object addresses
[97.419s][info][gc,phases      ] GC(48) Phase 2: Compute new object addresses 1476.019ms
[97.419s][info][gc,phases,start] GC(48) Phase 3: Adjust pointers
[99.778s][info][gc,phases      ] GC(48) Phase 3: Adjust pointers 2358.269ms
[99.778s][info][gc,phases,start] GC(48) Phase 4: Move objects
[101.534s][info][gc,phases      ] GC(48) Phase 4: Move objects 1756.132ms
[101.534s][info][gc,heap        ] GC(48) DefNew: 3317759K(3317760K)->3317758K(3317760K) Eden: 2949120K(2949120K)->2949119K(2949120K) From: 368639K(368640K)->368638K(368640K)
[101.534s][info][gc,heap        ] GC(48) Tenured: 7372800K(7372800K)->7372799K(7372800K)
[101.534s][info][gc,metaspace   ] GC(48) Metaspace: 6295K(6464K)->6295K(6464K) NonClass: 5762K(5824K)->5762K(5824K) Class: 532K(640K)->532K(640K)
[101.534s][info][gc             ] GC(48) Pause Full (Allocation Failure) 10439M->10439M(10440M) 10366.124ms
[101.535s][info][gc,cpu         ] GC(48) User=10.28s Sys=0.00s Real=10.37s
[101.536s][info][gc,start       ] GC(49) Pause Full (Allocation Failure)
[101.536s][info][gc,phases,start] GC(49) Phase 1: Mark live objects
[106.310s][info][gc,phases      ] GC(49) Phase 1: Mark live objects 4774.593ms
[106.310s][info][gc,phases,start] GC(49) Phase 2: Compute new object addresses
[107.781s][info][gc,phases      ] GC(49) Phase 2: Compute new object addresses 1470.934ms
[107.781s][info][gc,phases,start] GC(49) Phase 3: Adjust pointers
[109.742s][info][gc,phases      ] GC(49) Phase 3: Adjust pointers 1960.474ms
[109.742s][info][gc,phases,start] GC(49) Phase 4: Move objects
[109.742s][info][gc,phases      ] GC(49) Phase 4: Move objects 0.017ms
[109.742s][info][gc,heap        ] GC(49) DefNew: 3317759K(3317760K)->3317758K(3317760K) Eden: 2949120K(2949120K)->2949119K(2949120K) From: 368639K(368640K)->368638K(368640K)
[109.742s][info][gc,heap        ] GC(49) Tenured: 7372799K(7372800K)->7372799K(7372800K)
[109.742s][info][gc,metaspace   ] GC(49) Metaspace: 6297K(6464K)->6297K(6464K) NonClass: 5763K(5824K)->5763K(5824K) Class: 533K(640K)->533K(640K)
[109.742s][info][gc             ] GC(49) Pause Full (Allocation Failure) 10439M->10439M(10440M) 8206.913ms
[109.743s][info][gc,cpu         ] GC(49) User=8.16s Sys=0.00s Real=8.21s
[109.743s][info][gc,heap,exit   ] Heap
[109.743s][info][gc,heap,exit   ]  def new generation   total 3317760K, used 3317759K [0x000000055d000000, 0x000000063e000000, 0x000000063e000000)
[109.743s][info][gc,heap,exit   ]   eden space 2949120K, 100% used [0x000000055d000000, 0x0000000611000000, 0x0000000611000000)
[109.743s][info][gc,heap,exit   ]   from space 368640K,  99% used [0x0000000611000000, 0x00000006277fff38, 0x0000000627800000)
[109.743s][info][gc,heap,exit   ]   to   space 368640K,   0% used [0x0000000627800000, 0x0000000627800000, 0x000000063e000000)
[109.743s][info][gc,heap,exit   ]  tenured generation   total 7372800K, used 7372799K [0x000000063e000000, 0x0000000800000000, 0x0000000800000000)
[109.743s][info][gc,heap,exit   ]    the space 7372800K,  99% used [0x000000063e000000, 0x00000007ffffffc0, 0x0000000800000000, 0x0000000800000000)
[109.743s][info][gc,heap,exit   ]  Metaspace       used 6300K, committed 6464K, reserved 1114112K
[109.743s][info][gc,heap,exit   ]   class space    used 534K, committed 640K, reserved 1048576K
