[0.009s][info][gc,init] CardTable entry size: 512
[0.010s][info][gc     ] Using Serial
[0.010s][info][gc,init] Version: 18.0.1+10 (release)
[0.010s][info][gc,init] CPUs: 8 total, 8 available
[0.010s][info][gc,init] Memory: 16063M
[0.010s][info][gc,init] Large Page Support: Disabled
[0.010s][info][gc,init] NUMA Support: Disabled
[0.010s][info][gc,init] Compressed Oops: Enabled (Zero based)
[0.010s][info][gc,init] Heap Min Capacity: 2M
[0.010s][info][gc,init] Heap Initial Capacity: 2M
[0.010s][info][gc,init] Heap Max Capacity: 2300M
[0.010s][info][gc,init] Pre-touch: Disabled
[0.010s][info][gc,metaspace] CDS archive(s) not mapped
[0.010s][info][gc,metaspace] Compressed class space mapped at: 0x0000000800000000-0x0000000840000000, reserved size: 1073741824
[0.010s][info][gc,metaspace] Narrow klass base: 0x0000000800000000, Narrow klass shift: 0, Narrow klass range: 0x40000000
[0.174s][info][gc,start    ] GC(0) Pause Young (Allocation Failure)
[0.176s][info][gc,heap     ] GC(0) DefNew: 1023K(1152K)->127K(1152K) Eden: 1023K(1024K)->0K(1024K) From: 0K(128K)->127K(128K)
[0.176s][info][gc,heap     ] GC(0) Tenured: 0K(768K)->439K(768K)
[0.176s][info][gc,metaspace] GC(0) Metaspace: 5899K(6016K)->5899K(6016K) NonClass: 5400K(5504K)->5400K(5504K) Class: 499K(512K)->499K(512K)
[0.176s][info][gc          ] GC(0) Pause Young (Allocation Failure) 0M->0M(1M) 1.811ms
[0.176s][info][gc,cpu      ] GC(0) User=0.00s Sys=0.00s Real=0.00s
[0.197s][info][gc,start    ] GC(1) Pause Young (Allocation Failure)
[0.198s][info][gc          ] GC(1) Pause Young (Allocation Failure) 1M->0M(2M) 1.320ms
[0.198s][info][gc,cpu      ] GC(1) User=0.00s Sys=0.00s Real=0.00s
[0.198s][info][gc,start    ] GC(2) Pause Full (Allocation Failure)
[0.198s][info][gc,phases,start] GC(2) Phase 1: Mark live objects
[0.199s][info][gc,phases      ] GC(2) Phase 1: Mark live objects 0.939ms
[0.199s][info][gc,phases,start] GC(2) Phase 2: Compute new object addresses
[0.199s][info][gc,phases      ] GC(2) Phase 2: Compute new object addresses 0.219ms
[0.199s][info][gc,phases,start] GC(2) Phase 3: Adjust pointers
[0.200s][info][gc,phases      ] GC(2) Phase 3: Adjust pointers 0.476ms
[0.200s][info][gc,phases,start] GC(2) Phase 4: Move objects
[0.200s][info][gc,phases      ] GC(2) Phase 4: Move objects 0.066ms
[0.200s][info][gc,heap        ] GC(2) DefNew: 1151K(1152K)->40K(1152K) Eden: 1024K(1024K)->40K(1024K) From: 127K(128K)->0K(128K)
[0.200s][info][gc,heap        ] GC(2) Tenured: 439K(768K)->959K(1600K)
[0.200s][info][gc,metaspace   ] GC(2) Metaspace: 6295K(6464K)->6295K(6464K) NonClass: 5762K(5824K)->5762K(5824K) Class: 533K(640K)->533K(640K)
[0.200s][info][gc             ] GC(2) Pause Full (Allocation Failure) 0M->0M(2M) 1.966ms
[0.200s][info][gc,cpu         ] GC(2) User=0.00s Sys=0.00s Real=0.00s
[0.201s][info][gc,start       ] GC(3) Pause Young (Allocation Failure)
[0.203s][info][gc,heap        ] GC(3) DefNew: 1024K(1152K)->127K(1152K) Eden: 1024K(1024K)->0K(1024K) From: 0K(128K)->127K(128K)
[0.203s][info][gc,heap        ] GC(3) Tenured: 959K(1600K)->1375K(1600K)
[0.203s][info][gc,metaspace   ] GC(3) Metaspace: 6295K(6464K)->6295K(6464K) NonClass: 5762K(5824K)->5762K(5824K) Class: 533K(640K)->533K(640K)
[0.203s][info][gc             ] GC(3) Pause Young (Allocation Failure) 1M->1M(2M) 1.541ms
[0.203s][info][gc,cpu         ] GC(3) User=0.00s Sys=0.00s Real=0.00s
[0.204s][info][gc,start       ] GC(4) Pause Young (Allocation Failure)
[0.206s][info][gc             ] GC(4) Pause Young (Allocation Failure) 2M->1M(3M) 1.417ms
[0.206s][info][gc,cpu         ] GC(4) User=0.00s Sys=0.00s Real=0.00s
[0.206s][info][gc,start       ] GC(5) Pause Full (Allocation Failure)
[0.206s][info][gc,phases,start] GC(5) Phase 1: Mark live objects
[0.207s][info][gc,phases      ] GC(5) Phase 1: Mark live objects 1.530ms
[0.207s][info][gc,phases,start] GC(5) Phase 2: Compute new object addresses
[0.208s][info][gc,phases      ] GC(5) Phase 2: Compute new object addresses 0.371ms
[0.208s][info][gc,phases,start] GC(5) Phase 3: Adjust pointers
[0.208s][info][gc,phases      ] GC(5) Phase 3: Adjust pointers 0.615ms
[0.209s][info][gc,phases,start] GC(5) Phase 4: Move objects
[0.209s][info][gc,phases      ] GC(5) Phase 4: Move objects 0.071ms
[0.209s][info][gc,heap        ] GC(5) DefNew: 1151K(1152K)->35K(1536K) Eden: 1024K(1024K)->35K(1408K) From: 127K(128K)->0K(128K)
[0.209s][info][gc,heap        ] GC(5) Tenured: 1375K(1600K)->1983K(3308K)
[0.209s][info][gc,metaspace   ] GC(5) Metaspace: 6295K(6464K)->6295K(6464K) NonClass: 5762K(5824K)->5762K(5824K) Class: 533K(640K)->533K(640K)
[0.209s][info][gc             ] GC(5) Pause Full (Allocation Failure) 1M->1M(4M) 2.893ms
[0.209s][info][gc,cpu         ] GC(5) User=0.00s Sys=0.00s Real=0.00s
[0.210s][info][gc,start       ] GC(6) Pause Young (Allocation Failure)
[0.212s][info][gc,heap        ] GC(6) DefNew: 1407K(1536K)->127K(1536K) Eden: 1407K(1408K)->0K(1408K) From: 0K(128K)->127K(128K)
[0.212s][info][gc,heap        ] GC(6) Tenured: 1983K(3308K)->2617K(3308K)
[0.212s][info][gc,metaspace   ] GC(6) Metaspace: 6295K(6464K)->6295K(6464K) NonClass: 5762K(5824K)->5762K(5824K) Class: 533K(640K)->533K(640K)
[0.212s][info][gc             ] GC(6) Pause Young (Allocation Failure) 3M->2M(4M) 2.147ms
[0.212s][info][gc,cpu         ] GC(6) User=0.00s Sys=0.00s Real=0.00s
[0.214s][info][gc,start       ] GC(7) Pause Young (Allocation Failure)
[0.216s][info][gc             ] GC(7) Pause Young (Allocation Failure) 4M->3M(4M) 1.860ms
[0.216s][info][gc,cpu         ] GC(7) User=0.00s Sys=0.00s Real=0.00s
[0.216s][info][gc,start       ] GC(8) Pause Full (Allocation Failure)
[0.216s][info][gc,phases,start] GC(8) Phase 1: Mark live objects
[0.219s][info][gc,phases      ] GC(8) Phase 1: Mark live objects 2.439ms
[0.219s][info][gc,phases,start] GC(8) Phase 2: Compute new object addresses
[0.220s][info][gc,phases      ] GC(8) Phase 2: Compute new object addresses 0.809ms
[0.220s][info][gc,phases,start] GC(8) Phase 3: Adjust pointers
[0.221s][info][gc,phases      ] GC(8) Phase 3: Adjust pointers 1.186ms
[0.221s][info][gc,phases,start] GC(8) Phase 4: Move objects
[0.221s][info][gc,phases      ] GC(8) Phase 4: Move objects 0.083ms
[0.221s][info][gc,heap        ] GC(8) DefNew: 1535K(1536K)->0K(2688K) Eden: 1408K(1408K)->0K(2432K) From: 127K(128K)->0K(256K)
[0.221s][info][gc,heap        ] GC(8) Tenured: 2617K(3308K)->3460K(5768K)
[0.221s][info][gc,metaspace   ] GC(8) Metaspace: 6295K(6464K)->6295K(6464K) NonClass: 5762K(5824K)->5762K(5824K) Class: 533K(640K)->533K(640K)
[0.221s][info][gc             ] GC(8) Pause Full (Allocation Failure) 3M->3M(8M) 4.918ms
[0.221s][info][gc,cpu         ] GC(8) User=0.00s Sys=0.00s Real=0.00s
[0.225s][info][gc,start       ] GC(9) Pause Young (Allocation Failure)
[0.228s][info][gc,heap        ] GC(9) DefNew: 2431K(2688K)->255K(2688K) Eden: 2431K(2432K)->0K(2432K) From: 0K(256K)->255K(256K)
[0.228s][info][gc,heap        ] GC(9) Tenured: 3460K(5768K)->4512K(5768K)
[0.228s][info][gc,metaspace   ] GC(9) Metaspace: 6295K(6464K)->6295K(6464K) NonClass: 5762K(5824K)->5762K(5824K) Class: 533K(640K)->533K(640K)
[0.228s][info][gc             ] GC(9) Pause Young (Allocation Failure) 5M->4M(8M) 3.276ms
[0.228s][info][gc,cpu         ] GC(9) User=0.00s Sys=0.00s Real=0.00s
[0.231s][info][gc,start       ] GC(10) Pause Young (Allocation Failure)
[0.234s][info][gc,heap        ] GC(10) DefNew: 2687K(2688K)->255K(2688K) Eden: 2432K(2432K)->0K(2432K) From: 255K(256K)->255K(256K)
[0.234s][info][gc,heap        ] GC(10) Tenured: 4512K(5768K)->5755K(5768K)
[0.234s][info][gc,metaspace   ] GC(10) Metaspace: 6295K(6464K)->6295K(6464K) NonClass: 5762K(5824K)->5762K(5824K) Class: 533K(640K)->533K(640K)
[0.234s][info][gc             ] GC(10) Pause Young (Allocation Failure) 7M->5M(8M) 3.058ms
[0.234s][info][gc,cpu         ] GC(10) User=0.00s Sys=0.00s Real=0.00s
[0.238s][info][gc,start       ] GC(11) Pause Young (Allocation Failure)
[0.242s][info][gc             ] GC(11) Pause Young (Allocation Failure) 8M->7M(9M) 3.394ms
[0.242s][info][gc,cpu         ] GC(11) User=0.00s Sys=0.00s Real=0.00s
[0.242s][info][gc,start       ] GC(12) Pause Full (Allocation Failure)
[0.242s][info][gc,phases,start] GC(12) Phase 1: Mark live objects
[0.246s][info][gc,phases      ] GC(12) Phase 1: Mark live objects 4.075ms
[0.246s][info][gc,phases,start] GC(12) Phase 2: Compute new object addresses
[0.247s][info][gc,phases      ] GC(12) Phase 2: Compute new object addresses 1.200ms
[0.247s][info][gc,phases,start] GC(12) Phase 3: Adjust pointers
[0.249s][info][gc,phases      ] GC(12) Phase 3: Adjust pointers 1.743ms
[0.249s][info][gc,phases,start] GC(12) Phase 4: Move objects
[0.250s][info][gc,phases      ] GC(12) Phase 4: Move objects 1.247ms
[0.250s][info][gc,heap        ] GC(12) DefNew: 2687K(2688K)->0K(5376K) Eden: 2432K(2432K)->0K(4800K) From: 255K(256K)->0K(576K)
[0.250s][info][gc,heap        ] GC(12) Tenured: 5755K(5768K)->7132K(11888K)
[0.250s][info][gc,metaspace   ] GC(12) Metaspace: 6295K(6464K)->6295K(6464K) NonClass: 5762K(5824K)->5762K(5824K) Class: 533K(640K)->533K(640K)
[0.251s][info][gc             ] GC(12) Pause Full (Allocation Failure) 7M->6M(16M) 8.774ms
[0.251s][info][gc,cpu         ] GC(12) User=0.00s Sys=0.00s Real=0.01s
[0.256s][info][gc,start       ] GC(13) Pause Young (Allocation Failure)
[0.261s][info][gc,heap        ] GC(13) DefNew: 4800K(5376K)->575K(5376K) Eden: 4800K(4800K)->0K(4800K) From: 0K(576K)->575K(576K)
[0.261s][info][gc,heap        ] GC(13) Tenured: 7132K(11888K)->9027K(11888K)
[0.261s][info][gc,metaspace   ] GC(13) Metaspace: 6295K(6464K)->6295K(6464K) NonClass: 5762K(5824K)->5762K(5824K) Class: 533K(640K)->533K(640K)
[0.261s][info][gc             ] GC(13) Pause Young (Allocation Failure) 11M->9M(16M) 5.001ms
[0.261s][info][gc,cpu         ] GC(13) User=0.00s Sys=0.00s Real=0.01s
[0.267s][info][gc,start       ] GC(14) Pause Young (Allocation Failure)
[0.273s][info][gc,heap        ] GC(14) DefNew: 5375K(5376K)->576K(5376K) Eden: 4800K(4800K)->0K(4800K) From: 575K(576K)->576K(576K)
[0.273s][info][gc,heap        ] GC(14) Tenured: 9027K(11888K)->11746K(11888K)
[0.273s][info][gc,metaspace   ] GC(14) Metaspace: 6295K(6464K)->6295K(6464K) NonClass: 5762K(5824K)->5762K(5824K) Class: 533K(640K)->533K(640K)
[0.273s][info][gc             ] GC(14) Pause Young (Allocation Failure) 14M->12M(16M) 6.267ms
[0.273s][info][gc,cpu         ] GC(14) User=0.00s Sys=0.00s Real=0.01s
[0.279s][info][gc,start       ] GC(15) Pause Young (Allocation Failure)
[0.285s][info][gc             ] GC(15) Pause Young (Allocation Failure) 16M->14M(19M) 5.999ms
[0.285s][info][gc,cpu         ] GC(15) User=0.00s Sys=0.00s Real=0.01s
[0.285s][info][gc,start       ] GC(16) Pause Full (Allocation Failure)
[0.285s][info][gc,phases,start] GC(16) Phase 1: Mark live objects
[0.293s][info][gc,phases      ] GC(16) Phase 1: Mark live objects 7.885ms
[0.293s][info][gc,phases,start] GC(16) Phase 2: Compute new object addresses
[0.295s][info][gc,phases      ] GC(16) Phase 2: Compute new object addresses 2.515ms
[0.295s][info][gc,phases,start] GC(16) Phase 3: Adjust pointers
[0.298s][info][gc,phases      ] GC(16) Phase 3: Adjust pointers 3.050ms
[0.298s][info][gc,phases,start] GC(16) Phase 4: Move objects
[0.298s][info][gc,phases      ] GC(16) Phase 4: Move objects 0.195ms
[0.299s][info][gc,heap        ] GC(16) DefNew: 5376K(5376K)->386K(10880K) Eden: 4800K(4800K)->386K(9728K) From: 576K(576K)->0K(1152K)
[0.299s][info][gc,heap        ] GC(16) Tenured: 11746K(11888K)->14384K(23976K)
[0.299s][info][gc,metaspace   ] GC(16) Metaspace: 6297K(6464K)->6297K(6464K) NonClass: 5764K(5824K)->5764K(5824K) Class: 533K(640K)->533K(640K)
[0.299s][info][gc             ] GC(16) Pause Full (Allocation Failure) 14M->14M(34M) 14.058ms
[0.299s][info][gc,cpu         ] GC(16) User=0.02s Sys=0.00s Real=0.01s
[0.306s][info][gc,start       ] GC(17) Pause Young (Allocation Failure)
[0.320s][info][gc,heap        ] GC(17) DefNew: 9728K(10880K)->1151K(10880K) Eden: 9728K(9728K)->0K(9728K) From: 0K(1152K)->1151K(1152K)
[0.320s][info][gc,heap        ] GC(17) Tenured: 14384K(23976K)->18415K(23976K)
[0.320s][info][gc,metaspace   ] GC(17) Metaspace: 6297K(6464K)->6297K(6464K) NonClass: 5764K(5824K)->5764K(5824K) Class: 533K(640K)->533K(640K)
[0.320s][info][gc             ] GC(17) Pause Young (Allocation Failure) 23M->19M(34M) 14.265ms
[0.320s][info][gc,cpu         ] GC(17) User=0.00s Sys=0.00s Real=0.01s
[0.328s][info][gc,start       ] GC(18) Pause Young (Allocation Failure)
[0.340s][info][gc,heap        ] GC(18) DefNew: 10879K(10880K)->1151K(10880K) Eden: 9728K(9728K)->0K(9728K) From: 1151K(1152K)->1151K(1152K)
[0.340s][info][gc,heap        ] GC(18) Tenured: 18415K(23976K)->23936K(23976K)
[0.340s][info][gc,metaspace   ] GC(18) Metaspace: 6297K(6464K)->6297K(6464K) NonClass: 5764K(5824K)->5764K(5824K) Class: 533K(640K)->533K(640K)
[0.340s][info][gc             ] GC(18) Pause Young (Allocation Failure) 28M->24M(34M) 12.118ms
[0.340s][info][gc,cpu         ] GC(18) User=0.00s Sys=0.00s Real=0.01s
[0.345s][info][gc,start       ] GC(19) Pause Young (Allocation Failure)
[0.357s][info][gc             ] GC(19) Pause Young (Allocation Failure) 34M->29M(38M) 11.514ms
[0.357s][info][gc,cpu         ] GC(19) User=0.00s Sys=0.00s Real=0.01s
[0.357s][info][gc,start       ] GC(20) Pause Full (Allocation Failure)
[0.357s][info][gc,phases,start] GC(20) Phase 1: Mark live objects
[0.372s][info][gc,phases      ] GC(20) Phase 1: Mark live objects 14.685ms
[0.372s][info][gc,phases,start] GC(20) Phase 2: Compute new object addresses
[0.377s][info][gc,phases      ] GC(20) Phase 2: Compute new object addresses 4.940ms
[0.377s][info][gc,phases,start] GC(20) Phase 3: Adjust pointers
[0.383s][info][gc,phases      ] GC(20) Phase 3: Adjust pointers 5.949ms
[0.383s][info][gc,phases,start] GC(20) Phase 4: Move objects
[0.383s][info][gc,phases      ] GC(20) Phase 4: Move objects 0.227ms
[0.383s][info][gc,heap        ] GC(20) DefNew: 10879K(10880K)->1080K(21888K) Eden: 9728K(9728K)->1080K(19520K) From: 1151K(1152K)->0K(2368K)
[0.383s][info][gc,heap        ] GC(20) Tenured: 23936K(23976K)->29036K(48396K)
[0.383s][info][gc,metaspace   ] GC(20) Metaspace: 6297K(6464K)->6297K(6464K) NonClass: 5764K(5824K)->5764K(5824K) Class: 533K(640K)->533K(640K)
[0.383s][info][gc             ] GC(20) Pause Full (Allocation Failure) 29M->29M(68M) 26.286ms
[0.383s][info][gc,cpu         ] GC(20) User=0.03s Sys=0.00s Real=0.03s
[0.399s][info][gc,start       ] GC(21) Pause Young (Allocation Failure)
[0.428s][info][gc,heap        ] GC(21) DefNew: 19520K(21888K)->2367K(21888K) Eden: 19520K(19520K)->0K(19520K) From: 0K(2368K)->2367K(2368K)
[0.428s][info][gc,heap        ] GC(21) Tenured: 29036K(48396K)->39367K(48396K)
[0.428s][info][gc,metaspace   ] GC(21) Metaspace: 6297K(6464K)->6297K(6464K) NonClass: 5764K(5824K)->5764K(5824K) Class: 533K(640K)->533K(640K)
[0.428s][info][gc             ] GC(21) Pause Young (Allocation Failure) 47M->40M(68M) 28.225ms
[0.428s][info][gc,cpu         ] GC(21) User=0.02s Sys=0.00s Real=0.03s
[0.448s][info][gc,start       ] GC(22) Pause Young (Allocation Failure)
[0.483s][info][gc             ] GC(22) Pause Young (Allocation Failure) 59M->59M(78M) 35.649ms
[0.483s][info][gc,cpu         ] GC(22) User=0.03s Sys=0.00s Real=0.04s
[0.483s][info][gc,start       ] GC(23) Pause Full (Allocation Failure)
[0.483s][info][gc,phases,start] GC(23) Phase 1: Mark live objects
[0.510s][info][gc,phases      ] GC(23) Phase 1: Mark live objects 26.379ms
[0.510s][info][gc,phases,start] GC(23) Phase 2: Compute new object addresses
[0.520s][info][gc,phases      ] GC(23) Phase 2: Compute new object addresses 9.658ms
[0.520s][info][gc,phases,start] GC(23) Phase 3: Adjust pointers
[0.531s][info][gc,phases      ] GC(23) Phase 3: Adjust pointers 11.654ms
[0.531s][info][gc,phases,start] GC(23) Phase 4: Move objects
[0.532s][info][gc,phases      ] GC(23) Phase 4: Move objects 0.488ms
[0.532s][info][gc,heap        ] GC(23) DefNew: 21887K(21888K)->2268K(44288K) Eden: 19520K(19520K)->2268K(39424K) From: 2367K(2368K)->0K(4864K)
[0.532s][info][gc,heap        ] GC(23) Tenured: 39367K(48396K)->58956K(98260K)
[0.532s][info][gc,metaspace   ] GC(23) Metaspace: 6297K(6464K)->6297K(6464K) NonClass: 5764K(5824K)->5764K(5824K) Class: 533K(640K)->533K(640K)
[0.532s][info][gc             ] GC(23) Pause Full (Allocation Failure) 59M->59M(139M) 48.885ms
[0.532s][info][gc,cpu         ] GC(23) User=0.03s Sys=0.00s Real=0.05s
[0.573s][info][gc,start       ] GC(24) Pause Young (Allocation Failure)
[0.639s][info][gc,heap        ] GC(24) DefNew: 39424K(44288K)->4863K(44288K) Eden: 39424K(39424K)->0K(39424K) From: 0K(4864K)->4863K(4864K)
[0.639s][info][gc,heap        ] GC(24) Tenured: 58956K(98260K)->93487K(98260K)
[0.639s][info][gc,metaspace   ] GC(24) Metaspace: 6297K(6464K)->6297K(6464K) NonClass: 5764K(5824K)->5764K(5824K) Class: 533K(640K)->533K(640K)
[0.639s][info][gc             ] GC(24) Pause Young (Allocation Failure) 96M->96M(139M) 65.741ms
[0.639s][info][gc,cpu         ] GC(24) User=0.05s Sys=0.00s Real=0.07s
[0.670s][info][gc,start       ] GC(25) Pause Young (Allocation Failure)
[0.740s][info][gc             ] GC(25) Pause Young (Allocation Failure) 134M->134M(173M) 70.430ms
[0.740s][info][gc,cpu         ] GC(25) User=0.05s Sys=0.02s Real=0.07s
[0.740s][info][gc,start       ] GC(26) Pause Full (Allocation Failure)
[0.740s][info][gc,phases,start] GC(26) Phase 1: Mark live objects
[0.796s][info][gc,phases      ] GC(26) Phase 1: Mark live objects 55.701ms
[0.796s][info][gc,phases,start] GC(26) Phase 2: Compute new object addresses
[0.820s][info][gc,phases      ] GC(26) Phase 2: Compute new object addresses 23.627ms
[0.820s][info][gc,phases,start] GC(26) Phase 3: Adjust pointers
[0.850s][info][gc,phases      ] GC(26) Phase 3: Adjust pointers 30.344ms
[0.850s][info][gc,phases,start] GC(26) Phase 4: Move objects
[0.875s][info][gc,phases      ] GC(26) Phase 4: Move objects 25.275ms
[0.876s][info][gc,heap        ] GC(26) DefNew: 44287K(44288K)->1016K(99712K) Eden: 39424K(39424K)->1016K(88640K) From: 4863K(4864K)->0K(11072K)
[0.876s][info][gc,heap        ] GC(26) Tenured: 93487K(98260K)->132888K(221480K)
[0.876s][info][gc,metaspace   ] GC(26) Metaspace: 6297K(6464K)->6297K(6464K) NonClass: 5764K(5824K)->5764K(5824K) Class: 533K(640K)->533K(640K)
[0.876s][info][gc             ] GC(26) Pause Full (Allocation Failure) 134M->130M(313M) 135.844ms
[0.876s][info][gc,cpu         ] GC(26) User=0.12s Sys=0.00s Real=0.14s
[0.969s][info][gc,start       ] GC(27) Pause Young (Allocation Failure)
[1.136s][info][gc,heap        ] GC(27) DefNew: 88640K(99712K)->11071K(99712K) Eden: 88640K(88640K)->0K(88640K) From: 0K(11072K)->11071K(11072K)
[1.136s][info][gc,heap        ] GC(27) Tenured: 132888K(221480K)->210429K(221480K)
[1.136s][info][gc,metaspace   ] GC(27) Metaspace: 6297K(6464K)->6297K(6464K) NonClass: 5764K(5824K)->5764K(5824K) Class: 533K(640K)->533K(640K)
[1.136s][info][gc             ] GC(27) Pause Young (Allocation Failure) 216M->216M(313M) 167.186ms
[1.136s][info][gc,cpu         ] GC(27) User=0.08s Sys=0.05s Real=0.17s
[1.225s][info][gc,start       ] GC(28) Pause Young (Allocation Failure)
[1.397s][info][gc             ] GC(28) Pause Young (Allocation Failure) 302M->302M(389M) 172.775ms
[1.398s][info][gc,cpu         ] GC(28) User=0.11s Sys=0.06s Real=0.17s
[1.398s][info][gc,start       ] GC(29) Pause Full (Allocation Failure)
[1.398s][info][gc,phases,start] GC(29) Phase 1: Mark live objects
[1.547s][info][gc,phases      ] GC(29) Phase 1: Mark live objects 149.781ms
[1.547s][info][gc,phases,start] GC(29) Phase 2: Compute new object addresses
[1.596s][info][gc,phases      ] GC(29) Phase 2: Compute new object addresses 48.724ms
[1.596s][info][gc,phases,start] GC(29) Phase 3: Adjust pointers
[1.650s][info][gc,phases      ] GC(29) Phase 3: Adjust pointers 53.451ms
[1.650s][info][gc,phases,start] GC(29) Phase 4: Move objects
[1.652s][info][gc,phases      ] GC(29) Phase 4: Move objects 2.504ms
[1.653s][info][gc,heap        ] GC(29) DefNew: 99711K(99712K)->10932K(224448K) Eden: 88640K(88640K)->10932K(199552K) From: 11071K(11072K)->0K(24896K)
[1.653s][info][gc,heap        ] GC(29) Tenured: 210429K(221480K)->299179K(498636K)
[1.653s][info][gc,metaspace   ] GC(29) Metaspace: 6297K(6464K)->6297K(6464K) NonClass: 5764K(5824K)->5764K(5824K) Class: 533K(640K)->533K(640K)
[1.653s][info][gc             ] GC(29) Pause Full (Allocation Failure) 302M->302M(706M) 255.750ms
[1.653s][info][gc,cpu         ] GC(29) User=0.23s Sys=0.00s Real=0.26s
[1.866s][info][gc,start       ] GC(30) Pause Young (Allocation Failure)
[2.207s][info][gc,heap        ] GC(30) DefNew: 199552K(224448K)->24895K(224448K) Eden: 199552K(199552K)->0K(199552K) From: 0K(24896K)->24895K(24896K)
[2.208s][info][gc,heap        ] GC(30) Tenured: 299179K(498636K)->473810K(498636K)
[2.208s][info][gc,metaspace   ] GC(30) Metaspace: 6297K(6464K)->6297K(6464K) NonClass: 5764K(5824K)->5764K(5824K) Class: 533K(640K)->533K(640K)
[2.208s][info][gc             ] GC(30) Pause Young (Allocation Failure) 487M->487M(706M) 341.843ms
[2.208s][info][gc,cpu         ] GC(30) User=0.25s Sys=0.05s Real=0.34s
[2.393s][info][gc,start       ] GC(31) Pause Young (Allocation Failure)
[2.768s][info][gc             ] GC(31) Pause Young (Allocation Failure) 681M->681M(876M) 374.537ms
[2.768s][info][gc,cpu         ] GC(31) User=0.33s Sys=0.03s Real=0.38s
[2.768s][info][gc,start       ] GC(32) Pause Full (Allocation Failure)
[2.768s][info][gc,phases,start] GC(32) Phase 1: Mark live objects
[3.078s][info][gc,phases      ] GC(32) Phase 1: Mark live objects 310.270ms
[3.078s][info][gc,phases,start] GC(32) Phase 2: Compute new object addresses
[3.200s][info][gc,phases      ] GC(32) Phase 2: Compute new object addresses 121.966ms
[3.200s][info][gc,phases,start] GC(32) Phase 3: Adjust pointers
[3.333s][info][gc,phases      ] GC(32) Phase 3: Adjust pointers 132.854ms
[3.333s][info][gc,phases,start] GC(32) Phase 4: Move objects
[3.339s][info][gc,phases      ] GC(32) Phase 4: Move objects 5.900ms
[3.341s][info][gc,heap        ] GC(32) DefNew: 224447K(224448K)->24800K(505152K) Eden: 199552K(199552K)->24800K(449088K) From: 24895K(24896K)->0K(56064K)
[3.341s][info][gc,heap        ] GC(32) Tenured: 473810K(498636K)->673424K(1122376K)
[3.341s][info][gc,metaspace   ] GC(32) Metaspace: 6297K(6464K)->6297K(6464K) NonClass: 5764K(5824K)->5764K(5824K) Class: 533K(640K)->533K(640K)
[3.341s][info][gc             ] GC(32) Pause Full (Allocation Failure) 681M->681M(1589M) 573.354ms
[3.341s][info][gc,cpu         ] GC(32) User=0.55s Sys=0.00s Real=0.57s
[3.820s][info][gc,start       ] GC(33) Pause Young (Allocation Failure)
[4.596s][info][gc,heap        ] GC(33) DefNew: 449088K(505152K)->56063K(505152K) Eden: 449088K(449088K)->0K(449088K) From: 0K(56064K)->56063K(56064K)
[4.596s][info][gc,heap        ] GC(33) Tenured: 673424K(1122376K)->1066421K(1122376K)
[4.596s][info][gc,metaspace   ] GC(33) Metaspace: 6297K(6464K)->6297K(6464K) NonClass: 5764K(5824K)->5764K(5824K) Class: 533K(640K)->533K(640K)
[4.596s][info][gc             ] GC(33) Pause Young (Allocation Failure) 1096M->1096M(1589M) 776.126ms
[4.596s][info][gc,cpu         ] GC(33) User=0.64s Sys=0.12s Real=0.78s
[5.065s][info][gc,start       ] GC(34) Pause Young (Allocation Failure)
[5.770s][info][gc             ] GC(34) Pause Young (Allocation Failure) 1534M->1481M(1920M) 705.105ms
[5.770s][info][gc,cpu         ] GC(34) User=0.53s Sys=0.16s Real=0.70s
[5.770s][info][gc,start       ] GC(35) Pause Full (Allocation Failure)
[5.770s][info][gc,phases,start] GC(35) Phase 1: Mark live objects
[6.420s][info][gc,phases      ] GC(35) Phase 1: Mark live objects 650.017ms
[6.420s][info][gc,phases,start] GC(35) Phase 2: Compute new object addresses
[6.638s][info][gc,phases      ] GC(35) Phase 2: Compute new object addresses 217.826ms
[6.638s][info][gc,phases,start] GC(35) Phase 3: Adjust pointers
[6.899s][info][gc,phases      ] GC(35) Phase 3: Adjust pointers 260.868ms
[6.899s][info][gc,phases,start] GC(35) Phase 4: Move objects
[6.910s][info][gc,phases      ] GC(35) Phase 4: Move objects 10.823ms
[6.911s][info][gc,heap        ] GC(35) DefNew: 505151K(505152K)->56013K(706560K) Eden: 449088K(449088K)->56013K(628096K) From: 56063K(56064K)->0K(78464K)
[6.911s][info][gc,heap        ] GC(35) Tenured: 1066421K(1122376K)->1461131K(1570176K)
[6.911s][info][gc,metaspace   ] GC(35) Metaspace: 6297K(6464K)->6297K(6464K) NonClass: 5764K(5824K)->5764K(5824K) Class: 533K(640K)->533K(640K)
[6.911s][info][gc             ] GC(35) Pause Full (Allocation Failure) 1481M->1481M(2223M) 1141.030ms
[6.911s][info][gc,cpu         ] GC(35) User=1.06s Sys=0.00s Real=1.14s
[7.423s][info][gc,start       ] GC(36) Pause Young (Allocation Failure)
[7.423s][info][gc             ] GC(36) Pause Young (Allocation Failure) 2040M->2040M(2223M) 0.120ms
[7.423s][info][gc,cpu         ] GC(36) User=0.00s Sys=0.00s Real=0.00s
[7.423s][info][gc,start       ] GC(37) Pause Full (Allocation Failure)
[7.423s][info][gc,phases,start] GC(37) Phase 1: Mark live objects
[8.335s][info][gc,phases      ] GC(37) Phase 1: Mark live objects 912.048ms
[8.335s][info][gc,phases,start] GC(37) Phase 2: Compute new object addresses
[8.625s][info][gc,phases      ] GC(37) Phase 2: Compute new object addresses 289.553ms
[8.625s][info][gc,phases,start] GC(37) Phase 3: Adjust pointers
[9.094s][info][gc,phases      ] GC(37) Phase 3: Adjust pointers 469.371ms
[9.094s][info][gc,phases,start] GC(37) Phase 4: Move objects
[9.495s][info][gc,phases      ] GC(37) Phase 4: Move objects 400.593ms
[9.496s][info][gc,heap        ] GC(37) DefNew: 628096K(706560K)->490349K(706560K) Eden: 628096K(628096K)->490349K(628096K) From: 0K(78464K)->0K(78464K)
[9.496s][info][gc,heap        ] GC(37) Tenured: 1461131K(1570176K)->1570175K(1570176K)
[9.496s][info][gc,metaspace   ] GC(37) Metaspace: 6297K(6464K)->6297K(6464K) NonClass: 5764K(5824K)->5764K(5824K) Class: 533K(640K)->533K(640K)
[9.496s][info][gc             ] GC(37) Pause Full (Allocation Failure) 2040M->2012M(2223M) 2072.393ms
[9.496s][info][gc,cpu         ] GC(37) User=1.95s Sys=0.03s Real=2.07s
[9.868s][info][gc,start       ] GC(38) Pause Full (Allocation Failure)
[9.868s][info][gc,phases,start] GC(38) Phase 1: Mark live objects
[10.898s][info][gc,phases      ] GC(38) Phase 1: Mark live objects 1030.097ms
[10.898s][info][gc,phases,start] GC(38) Phase 2: Compute new object addresses
[11.216s][info][gc,phases      ] GC(38) Phase 2: Compute new object addresses 318.365ms
[11.216s][info][gc,phases,start] GC(38) Phase 3: Adjust pointers
[11.660s][info][gc,phases      ] GC(38) Phase 3: Adjust pointers 444.161ms
[11.661s][info][gc,phases,start] GC(38) Phase 4: Move objects
[11.691s][info][gc,phases      ] GC(38) Phase 4: Move objects 30.764ms
[11.692s][info][gc,heap        ] GC(38) DefNew: 706559K(706560K)->706552K(706560K) Eden: 628096K(628096K)->628096K(628096K) From: 78463K(78464K)->78456K(78464K)
[11.692s][info][gc,heap        ] GC(38) Tenured: 1570175K(1570176K)->1570175K(1570176K)
[11.692s][info][gc,metaspace   ] GC(38) Metaspace: 6297K(6464K)->6297K(6464K) NonClass: 5764K(5824K)->5764K(5824K) Class: 533K(640K)->533K(640K)
[11.692s][info][gc             ] GC(38) Pause Full (Allocation Failure) 2223M->2223M(2223M) 1824.326ms
[11.692s][info][gc,cpu         ] GC(38) User=1.80s Sys=0.00s Real=1.83s
[11.692s][info][gc,start       ] GC(39) Pause Full (Allocation Failure)
[11.692s][info][gc,phases,start] GC(39) Phase 1: Mark live objects
[12.711s][info][gc,phases      ] GC(39) Phase 1: Mark live objects 1019.150ms
[12.711s][info][gc,phases,start] GC(39) Phase 2: Compute new object addresses
[13.027s][info][gc,phases      ] GC(39) Phase 2: Compute new object addresses 315.985ms
[13.028s][info][gc,phases,start] GC(39) Phase 3: Adjust pointers
[13.456s][info][gc,phases      ] GC(39) Phase 3: Adjust pointers 428.479ms
[13.456s][info][gc,phases,start] GC(39) Phase 4: Move objects
[13.456s][info][gc,phases      ] GC(39) Phase 4: Move objects 0.016ms
[13.456s][info][gc,heap        ] GC(39) DefNew: 706559K(706560K)->706559K(706560K) Eden: 628096K(628096K)->628096K(628096K) From: 78463K(78464K)->78463K(78464K)
[13.456s][info][gc,heap        ] GC(39) Tenured: 1570175K(1570176K)->1570175K(1570176K)
[13.456s][info][gc,metaspace   ] GC(39) Metaspace: 6297K(6464K)->6297K(6464K) NonClass: 5764K(5824K)->5764K(5824K) Class: 533K(640K)->533K(640K)
[13.456s][info][gc             ] GC(39) Pause Full (Allocation Failure) 2223M->2223M(2223M) 1764.143ms
[13.456s][info][gc,cpu         ] GC(39) User=1.77s Sys=0.00s Real=1.76s
[13.456s][info][gc,start       ] GC(40) Pause Full (Allocation Failure)
[13.456s][info][gc,phases,start] GC(40) Phase 1: Mark live objects
[14.477s][info][gc,phases      ] GC(40) Phase 1: Mark live objects 1020.089ms
[14.477s][info][gc,phases,start] GC(40) Phase 2: Compute new object addresses
[14.793s][info][gc,phases      ] GC(40) Phase 2: Compute new object addresses 316.582ms
[14.793s][info][gc,phases,start] GC(40) Phase 3: Adjust pointers
[15.314s][info][gc,phases      ] GC(40) Phase 3: Adjust pointers 521.106ms
[15.314s][info][gc,phases,start] GC(40) Phase 4: Move objects
[15.677s][info][gc,phases      ] GC(40) Phase 4: Move objects 362.464ms
[15.677s][info][gc,heap        ] GC(40) DefNew: 706559K(706560K)->706555K(706560K) Eden: 628096K(628096K)->628096K(628096K) From: 78463K(78464K)->78459K(78464K)
[15.677s][info][gc,heap        ] GC(40) Tenured: 1570175K(1570176K)->1570175K(1570176K)
[15.677s][info][gc,metaspace   ] GC(40) Metaspace: 6297K(6464K)->6296K(6464K) NonClass: 5764K(5824K)->5763K(5824K) Class: 533K(640K)->532K(640K)
[15.678s][info][gc             ] GC(40) Pause Full (Allocation Failure) 2223M->2223M(2223M) 2221.109ms
[15.678s][info][gc,cpu         ] GC(40) User=2.20s Sys=0.00s Real=2.22s
[15.678s][info][gc,start       ] GC(41) Pause Full (Allocation Failure)
[15.678s][info][gc,phases,start] GC(41) Phase 1: Mark live objects
[16.685s][info][gc,phases      ] GC(41) Phase 1: Mark live objects 1006.832ms
[16.685s][info][gc,phases,start] GC(41) Phase 2: Compute new object addresses
[17.004s][info][gc,phases      ] GC(41) Phase 2: Compute new object addresses 318.821ms
[17.004s][info][gc,phases,start] GC(41) Phase 3: Adjust pointers
[17.434s][info][gc,phases      ] GC(41) Phase 3: Adjust pointers 429.854ms
[17.434s][info][gc,phases,start] GC(41) Phase 4: Move objects
[17.434s][info][gc,phases      ] GC(41) Phase 4: Move objects 0.017ms
[17.434s][info][gc,heap        ] GC(41) DefNew: 706559K(706560K)->706559K(706560K) Eden: 628096K(628096K)->628096K(628096K) From: 78463K(78464K)->78463K(78464K)
[17.434s][info][gc,heap        ] GC(41) Tenured: 1570175K(1570176K)->1570175K(1570176K)
[17.434s][info][gc,metaspace   ] GC(41) Metaspace: 6296K(6464K)->6296K(6464K) NonClass: 5763K(5824K)->5763K(5824K) Class: 532K(640K)->532K(640K)
[17.434s][info][gc             ] GC(41) Pause Full (Allocation Failure) 2223M->2223M(2223M) 1756.089ms
[17.434s][info][gc,cpu         ] GC(41) User=1.75s Sys=0.00s Real=1.76s
[17.434s][info][gc,start       ] GC(42) Pause Full (Allocation Failure)
[17.434s][info][gc,phases,start] GC(42) Phase 1: Mark live objects
[18.442s][info][gc,phases      ] GC(42) Phase 1: Mark live objects 1007.558ms
[18.442s][info][gc,phases,start] GC(42) Phase 2: Compute new object addresses
[18.755s][info][gc,phases      ] GC(42) Phase 2: Compute new object addresses 313.422ms
[18.755s][info][gc,phases,start] GC(42) Phase 3: Adjust pointers
[19.185s][info][gc,phases      ] GC(42) Phase 3: Adjust pointers 429.877ms
[19.185s][info][gc,phases,start] GC(42) Phase 4: Move objects
[19.185s][info][gc,phases      ] GC(42) Phase 4: Move objects 0.016ms
[19.185s][info][gc,heap        ] GC(42) DefNew: 706559K(706560K)->706559K(706560K) Eden: 628096K(628096K)->628096K(628096K) From: 78463K(78464K)->78463K(78464K)
[19.185s][info][gc,heap        ] GC(42) Tenured: 1570175K(1570176K)->1570175K(1570176K)
[19.186s][info][gc,metaspace   ] GC(42) Metaspace: 6296K(6464K)->6296K(6464K) NonClass: 5763K(5824K)->5763K(5824K) Class: 532K(640K)->532K(640K)
[19.186s][info][gc             ] GC(42) Pause Full (Allocation Failure) 2223M->2223M(2223M) 1751.390ms
[19.186s][info][gc,cpu         ] GC(42) User=1.72s Sys=0.00s Real=1.75s
[19.186s][info][gc,start       ] GC(43) Pause Full (Allocation Failure)
[19.186s][info][gc,phases,start] GC(43) Phase 1: Mark live objects
[20.203s][info][gc,phases      ] GC(43) Phase 1: Mark live objects 1016.664ms
[20.203s][info][gc,phases,start] GC(43) Phase 2: Compute new object addresses
[20.549s][info][gc,phases      ] GC(43) Phase 2: Compute new object addresses 346.203ms
[20.549s][info][gc,phases,start] GC(43) Phase 3: Adjust pointers
[20.985s][info][gc,phases      ] GC(43) Phase 3: Adjust pointers 435.548ms
[20.985s][info][gc,phases,start] GC(43) Phase 4: Move objects
[20.985s][info][gc,phases      ] GC(43) Phase 4: Move objects 0.022ms
[20.985s][info][gc,heap        ] GC(43) DefNew: 706559K(706560K)->706559K(706560K) Eden: 628096K(628096K)->628096K(628096K) From: 78463K(78464K)->78463K(78464K)
[20.985s][info][gc,heap        ] GC(43) Tenured: 1570175K(1570176K)->1570175K(1570176K)
[20.985s][info][gc,metaspace   ] GC(43) Metaspace: 6296K(6464K)->6296K(6464K) NonClass: 5763K(5824K)->5763K(5824K) Class: 532K(640K)->532K(640K)
[20.985s][info][gc             ] GC(43) Pause Full (Allocation Failure) 2223M->2223M(2223M) 1799.111ms
[20.985s][info][gc,cpu         ] GC(43) User=1.78s Sys=0.00s Real=1.80s
[20.985s][info][gc,start       ] GC(44) Pause Full (Allocation Failure)
[20.985s][info][gc,phases,start] GC(44) Phase 1: Mark live objects
[22.049s][info][gc,phases      ] GC(44) Phase 1: Mark live objects 1063.376ms
[22.049s][info][gc,phases,start] GC(44) Phase 2: Compute new object addresses
[22.384s][info][gc,phases      ] GC(44) Phase 2: Compute new object addresses 335.542ms
[22.384s][info][gc,phases,start] GC(44) Phase 3: Adjust pointers
[22.909s][info][gc,phases      ] GC(44) Phase 3: Adjust pointers 524.948ms
[22.909s][info][gc,phases,start] GC(44) Phase 4: Move objects
[23.293s][info][gc,phases      ] GC(44) Phase 4: Move objects 383.916ms
[23.294s][info][gc,heap        ] GC(44) DefNew: 706559K(706560K)->706558K(706560K) Eden: 628096K(628096K)->628096K(628096K) From: 78463K(78464K)->78462K(78464K)
[23.294s][info][gc,heap        ] GC(44) Tenured: 1570175K(1570176K)->1570175K(1570176K)
[23.294s][info][gc,metaspace   ] GC(44) Metaspace: 6296K(6464K)->6296K(6464K) NonClass: 5763K(5824K)->5763K(5824K) Class: 532K(640K)->532K(640K)
[23.294s][info][gc             ] GC(44) Pause Full (Allocation Failure) 2223M->2223M(2223M) 2308.679ms
[23.294s][info][gc,cpu         ] GC(44) User=2.23s Sys=0.00s Real=2.31s
[23.295s][info][gc,start       ] GC(45) Pause Full (Allocation Failure)
[23.295s][info][gc,phases,start] GC(45) Phase 1: Mark live objects
[24.339s][info][gc,phases      ] GC(45) Phase 1: Mark live objects 1044.504ms
[24.339s][info][gc,phases,start] GC(45) Phase 2: Compute new object addresses
[24.677s][info][gc,phases      ] GC(45) Phase 2: Compute new object addresses 337.769ms
[24.677s][info][gc,phases,start] GC(45) Phase 3: Adjust pointers
[25.270s][info][gc,phases      ] GC(45) Phase 3: Adjust pointers 592.708ms
[25.270s][info][gc,phases,start] GC(45) Phase 4: Move objects
[25.656s][info][gc,phases      ] GC(45) Phase 4: Move objects 385.651ms
[25.656s][info][gc,heap        ] GC(45) DefNew: 706559K(706560K)->706557K(706560K) Eden: 628096K(628096K)->628096K(628096K) From: 78463K(78464K)->78461K(78464K)
[25.656s][info][gc,heap        ] GC(45) Tenured: 1570175K(1570176K)->1570176K(1570176K)
[25.656s][info][gc,metaspace   ] GC(45) Metaspace: 6298K(6464K)->6298K(6464K) NonClass: 5764K(5824K)->5764K(5824K) Class: 533K(640K)->533K(640K)
[25.656s][info][gc             ] GC(45) Pause Full (Allocation Failure) 2223M->2223M(2223M) 2361.520ms
[25.656s][info][gc,cpu         ] GC(45) User=2.31s Sys=0.00s Real=2.36s
[25.657s][info][gc,heap,exit   ] Heap
[25.657s][info][gc,heap,exit   ]  def new generation   total 706560K, used 706557K [0x0000000770400000, 0x00000007a02a0000, 0x00000007a02a0000)
[25.657s][info][gc,heap,exit   ]   eden space 628096K, 100% used [0x0000000770400000, 0x0000000796960000, 0x0000000796960000)
[25.657s][info][gc,heap,exit   ]   from space 78464K,  99% used [0x0000000796960000, 0x000000079b5ff7c0, 0x000000079b600000)
[25.657s][info][gc,heap,exit   ]   to   space 78464K,   0% used [0x000000079b600000, 0x000000079b600000, 0x00000007a02a0000)
[25.657s][info][gc,heap,exit   ]  tenured generation   total 1570176K, used 1570176K [0x00000007a02a0000, 0x0000000800000000, 0x0000000800000000)
[25.657s][info][gc,heap,exit   ]    the space 1570176K, 100% used [0x00000007a02a0000, 0x0000000800000000, 0x0000000800000000, 0x0000000800000000)
[25.657s][info][gc,heap,exit   ]  Metaspace       used 6301K, committed 6464K, reserved 1114112K
[25.657s][info][gc,heap,exit   ]   class space    used 534K, committed 640K, reserved 1048576K
