[0.010s][info][gc,init] CardTable entry size: 512
[0.011s][info][gc     ] Using Serial
[0.011s][info][gc,init] Version: 18.0.1+10 (release)
[0.011s][info][gc,init] CPUs: 8 total, 8 available
[0.011s][info][gc,init] Memory: 16063M
[0.011s][info][gc,init] Large Page Support: Disabled
[0.011s][info][gc,init] NUMA Support: Disabled
[0.011s][info][gc,init] Compressed Oops: Enabled (Zero based)
[0.011s][info][gc,init] Heap Min Capacity: 2M
[0.011s][info][gc,init] Heap Initial Capacity: 2M
[0.011s][info][gc,init] Heap Max Capacity: 3100M
[0.011s][info][gc,init] Pre-touch: Disabled
[0.011s][info][gc,metaspace] CDS archive(s) not mapped
[0.011s][info][gc,metaspace] Compressed class space mapped at: 0x0000000800000000-0x0000000840000000, reserved size: 1073741824
[0.011s][info][gc,metaspace] Narrow klass base: 0x0000000800000000, Narrow klass shift: 0, Narrow klass range: 0x40000000
[0.177s][info][gc,start    ] GC(0) Pause Young (Allocation Failure)
[0.179s][info][gc,heap     ] GC(0) DefNew: 1023K(1152K)->127K(1152K) Eden: 1023K(1024K)->0K(1024K) From: 0K(128K)->127K(128K)
[0.179s][info][gc,heap     ] GC(0) Tenured: 0K(768K)->439K(768K)
[0.179s][info][gc,metaspace] GC(0) Metaspace: 5903K(6016K)->5903K(6016K) NonClass: 5404K(5504K)->5404K(5504K) Class: 499K(512K)->499K(512K)
[0.179s][info][gc          ] GC(0) Pause Young (Allocation Failure) 0M->0M(1M) 1.909ms
[0.179s][info][gc,cpu      ] GC(0) User=0.00s Sys=0.00s Real=0.00s
[0.199s][info][gc,start    ] GC(1) Pause Young (Allocation Failure)
[0.201s][info][gc          ] GC(1) Pause Young (Allocation Failure) 1M->0M(2M) 1.402ms
[0.201s][info][gc,cpu      ] GC(1) User=0.00s Sys=0.00s Real=0.00s
[0.201s][info][gc,start    ] GC(2) Pause Full (Allocation Failure)
[0.201s][info][gc,phases,start] GC(2) Phase 1: Mark live objects
[0.202s][info][gc,phases      ] GC(2) Phase 1: Mark live objects 1.001ms
[0.202s][info][gc,phases,start] GC(2) Phase 2: Compute new object addresses
[0.202s][info][gc,phases      ] GC(2) Phase 2: Compute new object addresses 0.245ms
[0.202s][info][gc,phases,start] GC(2) Phase 3: Adjust pointers
[0.203s][info][gc,phases      ] GC(2) Phase 3: Adjust pointers 0.531ms
[0.203s][info][gc,phases,start] GC(2) Phase 4: Move objects
[0.203s][info][gc,phases      ] GC(2) Phase 4: Move objects 0.076ms
[0.203s][info][gc,heap        ] GC(2) DefNew: 1151K(1152K)->40K(1152K) Eden: 1024K(1024K)->40K(1024K) From: 127K(128K)->0K(128K)
[0.203s][info][gc,heap        ] GC(2) Tenured: 439K(768K)->959K(1600K)
[0.203s][info][gc,metaspace   ] GC(2) Metaspace: 6300K(6528K)->6300K(6528K) NonClass: 5767K(5888K)->5767K(5888K) Class: 533K(640K)->533K(640K)
[0.203s][info][gc             ] GC(2) Pause Full (Allocation Failure) 0M->0M(2M) 2.124ms
[0.203s][info][gc,cpu         ] GC(2) User=0.00s Sys=0.00s Real=0.00s
[0.204s][info][gc,start       ] GC(3) Pause Young (Allocation Failure)
[0.205s][info][gc,heap        ] GC(3) DefNew: 1024K(1152K)->127K(1152K) Eden: 1024K(1024K)->0K(1024K) From: 0K(128K)->127K(128K)
[0.205s][info][gc,heap        ] GC(3) Tenured: 959K(1600K)->1375K(1600K)
[0.205s][info][gc,metaspace   ] GC(3) Metaspace: 6300K(6528K)->6300K(6528K) NonClass: 5767K(5888K)->5767K(5888K) Class: 533K(640K)->533K(640K)
[0.206s][info][gc             ] GC(3) Pause Young (Allocation Failure) 1M->1M(2M) 1.515ms
[0.206s][info][gc,cpu         ] GC(3) User=0.00s Sys=0.00s Real=0.00s
[0.207s][info][gc,start       ] GC(4) Pause Young (Allocation Failure)
[0.208s][info][gc             ] GC(4) Pause Young (Allocation Failure) 2M->1M(3M) 1.193ms
[0.208s][info][gc,cpu         ] GC(4) User=0.00s Sys=0.00s Real=0.00s
[0.208s][info][gc,start       ] GC(5) Pause Full (Allocation Failure)
[0.208s][info][gc,phases,start] GC(5) Phase 1: Mark live objects
[0.210s][info][gc,phases      ] GC(5) Phase 1: Mark live objects 1.606ms
[0.210s][info][gc,phases,start] GC(5) Phase 2: Compute new object addresses
[0.210s][info][gc,phases      ] GC(5) Phase 2: Compute new object addresses 0.413ms
[0.210s][info][gc,phases,start] GC(5) Phase 3: Adjust pointers
[0.211s][info][gc,phases      ] GC(5) Phase 3: Adjust pointers 0.759ms
[0.211s][info][gc,phases,start] GC(5) Phase 4: Move objects
[0.211s][info][gc,phases      ] GC(5) Phase 4: Move objects 0.081ms
[0.211s][info][gc,heap        ] GC(5) DefNew: 1151K(1152K)->35K(1536K) Eden: 1024K(1024K)->35K(1408K) From: 127K(128K)->0K(128K)
[0.211s][info][gc,heap        ] GC(5) Tenured: 1375K(1600K)->1983K(3308K)
[0.211s][info][gc,metaspace   ] GC(5) Metaspace: 6300K(6528K)->6300K(6528K) NonClass: 5767K(5888K)->5767K(5888K) Class: 533K(640K)->533K(640K)
[0.211s][info][gc             ] GC(5) Pause Full (Allocation Failure) 1M->1M(4M) 3.212ms
[0.211s][info][gc,cpu         ] GC(5) User=0.00s Sys=0.00s Real=0.00s
[0.213s][info][gc,start       ] GC(6) Pause Young (Allocation Failure)
[0.215s][info][gc,heap        ] GC(6) DefNew: 1407K(1536K)->127K(1536K) Eden: 1407K(1408K)->0K(1408K) From: 0K(128K)->127K(128K)
[0.215s][info][gc,heap        ] GC(6) Tenured: 1983K(3308K)->2617K(3308K)
[0.215s][info][gc,metaspace   ] GC(6) Metaspace: 6300K(6528K)->6300K(6528K) NonClass: 5767K(5888K)->5767K(5888K) Class: 533K(640K)->533K(640K)
[0.215s][info][gc             ] GC(6) Pause Young (Allocation Failure) 3M->2M(4M) 1.951ms
[0.215s][info][gc,cpu         ] GC(6) User=0.00s Sys=0.00s Real=0.00s
[0.217s][info][gc,start       ] GC(7) Pause Young (Allocation Failure)
[0.219s][info][gc             ] GC(7) Pause Young (Allocation Failure) 4M->3M(4M) 1.639ms
[0.219s][info][gc,cpu         ] GC(7) User=0.00s Sys=0.00s Real=0.00s
[0.219s][info][gc,start       ] GC(8) Pause Full (Allocation Failure)
[0.219s][info][gc,phases,start] GC(8) Phase 1: Mark live objects
[0.221s][info][gc,phases      ] GC(8) Phase 1: Mark live objects 2.163ms
[0.221s][info][gc,phases,start] GC(8) Phase 2: Compute new object addresses
[0.222s][info][gc,phases      ] GC(8) Phase 2: Compute new object addresses 0.603ms
[0.222s][info][gc,phases,start] GC(8) Phase 3: Adjust pointers
[0.223s][info][gc,phases      ] GC(8) Phase 3: Adjust pointers 0.879ms
[0.223s][info][gc,phases,start] GC(8) Phase 4: Move objects
[0.223s][info][gc,phases      ] GC(8) Phase 4: Move objects 0.086ms
[0.223s][info][gc,heap        ] GC(8) DefNew: 1535K(1536K)->0K(2688K) Eden: 1408K(1408K)->0K(2432K) From: 127K(128K)->0K(256K)
[0.223s][info][gc,heap        ] GC(8) Tenured: 2617K(3308K)->3460K(5768K)
[0.223s][info][gc,metaspace   ] GC(8) Metaspace: 6300K(6528K)->6300K(6528K) NonClass: 5767K(5888K)->5767K(5888K) Class: 533K(640K)->533K(640K)
[0.223s][info][gc             ] GC(8) Pause Full (Allocation Failure) 3M->3M(8M) 3.999ms
[0.223s][info][gc,cpu         ] GC(8) User=0.00s Sys=0.00s Real=0.00s
[0.226s][info][gc,start       ] GC(9) Pause Young (Allocation Failure)
[0.229s][info][gc,heap        ] GC(9) DefNew: 2431K(2688K)->255K(2688K) Eden: 2431K(2432K)->0K(2432K) From: 0K(256K)->255K(256K)
[0.229s][info][gc,heap        ] GC(9) Tenured: 3460K(5768K)->4512K(5768K)
[0.229s][info][gc,metaspace   ] GC(9) Metaspace: 6300K(6528K)->6300K(6528K) NonClass: 5767K(5888K)->5767K(5888K) Class: 533K(640K)->533K(640K)
[0.229s][info][gc             ] GC(9) Pause Young (Allocation Failure) 5M->4M(8M) 2.818ms
[0.229s][info][gc,cpu         ] GC(9) User=0.00s Sys=0.00s Real=0.00s
[0.231s][info][gc,start       ] GC(10) Pause Young (Allocation Failure)
[0.234s][info][gc,heap        ] GC(10) DefNew: 2687K(2688K)->255K(2688K) Eden: 2432K(2432K)->0K(2432K) From: 255K(256K)->255K(256K)
[0.234s][info][gc,heap        ] GC(10) Tenured: 4512K(5768K)->5755K(5768K)
[0.234s][info][gc,metaspace   ] GC(10) Metaspace: 6300K(6528K)->6300K(6528K) NonClass: 5767K(5888K)->5767K(5888K) Class: 533K(640K)->533K(640K)
[0.234s][info][gc             ] GC(10) Pause Young (Allocation Failure) 7M->5M(8M) 2.851ms
[0.234s][info][gc,cpu         ] GC(10) User=0.00s Sys=0.00s Real=0.00s
[0.237s][info][gc,start       ] GC(11) Pause Young (Allocation Failure)
[0.240s][info][gc             ] GC(11) Pause Young (Allocation Failure) 8M->7M(9M) 3.508ms
[0.240s][info][gc,cpu         ] GC(11) User=0.00s Sys=0.00s Real=0.00s
[0.240s][info][gc,start       ] GC(12) Pause Full (Allocation Failure)
[0.241s][info][gc,phases,start] GC(12) Phase 1: Mark live objects
[0.245s][info][gc,phases      ] GC(12) Phase 1: Mark live objects 4.101ms
[0.245s][info][gc,phases,start] GC(12) Phase 2: Compute new object addresses
[0.246s][info][gc,phases      ] GC(12) Phase 2: Compute new object addresses 1.162ms
[0.246s][info][gc,phases,start] GC(12) Phase 3: Adjust pointers
[0.248s][info][gc,phases      ] GC(12) Phase 3: Adjust pointers 1.794ms
[0.248s][info][gc,phases,start] GC(12) Phase 4: Move objects
[0.249s][info][gc,phases      ] GC(12) Phase 4: Move objects 1.410ms
[0.249s][info][gc,heap        ] GC(12) DefNew: 2687K(2688K)->0K(5376K) Eden: 2432K(2432K)->0K(4800K) From: 255K(256K)->0K(576K)
[0.249s][info][gc,heap        ] GC(12) Tenured: 5755K(5768K)->7132K(11888K)
[0.249s][info][gc,metaspace   ] GC(12) Metaspace: 6300K(6528K)->6300K(6528K) NonClass: 5767K(5888K)->5767K(5888K) Class: 533K(640K)->533K(640K)
[0.249s][info][gc             ] GC(12) Pause Full (Allocation Failure) 7M->6M(16M) 9.043ms
[0.249s][info][gc,cpu         ] GC(12) User=0.00s Sys=0.00s Real=0.01s
[0.255s][info][gc,start       ] GC(13) Pause Young (Allocation Failure)
[0.261s][info][gc,heap        ] GC(13) DefNew: 4800K(5376K)->575K(5376K) Eden: 4800K(4800K)->0K(4800K) From: 0K(576K)->575K(576K)
[0.261s][info][gc,heap        ] GC(13) Tenured: 7132K(11888K)->9027K(11888K)
[0.261s][info][gc,metaspace   ] GC(13) Metaspace: 6300K(6528K)->6300K(6528K) NonClass: 5767K(5888K)->5767K(5888K) Class: 533K(640K)->533K(640K)
[0.261s][info][gc             ] GC(13) Pause Young (Allocation Failure) 11M->9M(16M) 5.832ms
[0.261s][info][gc,cpu         ] GC(13) User=0.00s Sys=0.00s Real=0.01s
[0.266s][info][gc,start       ] GC(14) Pause Young (Allocation Failure)
[0.273s][info][gc,heap        ] GC(14) DefNew: 5375K(5376K)->576K(5376K) Eden: 4800K(4800K)->0K(4800K) From: 575K(576K)->576K(576K)
[0.273s][info][gc,heap        ] GC(14) Tenured: 9027K(11888K)->11746K(11888K)
[0.273s][info][gc,metaspace   ] GC(14) Metaspace: 6300K(6528K)->6300K(6528K) NonClass: 5767K(5888K)->5767K(5888K) Class: 533K(640K)->533K(640K)
[0.273s][info][gc             ] GC(14) Pause Young (Allocation Failure) 14M->12M(16M) 6.521ms
[0.273s][info][gc,cpu         ] GC(14) User=0.00s Sys=0.00s Real=0.01s
[0.277s][info][gc,start       ] GC(15) Pause Young (Allocation Failure)
[0.283s][info][gc             ] GC(15) Pause Young (Allocation Failure) 16M->14M(19M) 5.949ms
[0.283s][info][gc,cpu         ] GC(15) User=0.00s Sys=0.00s Real=0.01s
[0.283s][info][gc,start       ] GC(16) Pause Full (Allocation Failure)
[0.283s][info][gc,phases,start] GC(16) Phase 1: Mark live objects
[0.290s][info][gc,phases      ] GC(16) Phase 1: Mark live objects 7.284ms
[0.290s][info][gc,phases,start] GC(16) Phase 2: Compute new object addresses
[0.293s][info][gc,phases      ] GC(16) Phase 2: Compute new object addresses 2.254ms
[0.293s][info][gc,phases,start] GC(16) Phase 3: Adjust pointers
[0.296s][info][gc,phases      ] GC(16) Phase 3: Adjust pointers 2.848ms
[0.296s][info][gc,phases,start] GC(16) Phase 4: Move objects
[0.296s][info][gc,phases      ] GC(16) Phase 4: Move objects 0.184ms
[0.296s][info][gc,heap        ] GC(16) DefNew: 5376K(5376K)->387K(10880K) Eden: 4800K(4800K)->387K(9728K) From: 576K(576K)->0K(1152K)
[0.296s][info][gc,heap        ] GC(16) Tenured: 11746K(11888K)->14383K(23976K)
[0.296s][info][gc,metaspace   ] GC(16) Metaspace: 6302K(6528K)->6302K(6528K) NonClass: 5769K(5888K)->5769K(5888K) Class: 533K(640K)->533K(640K)
[0.296s][info][gc             ] GC(16) Pause Full (Allocation Failure) 14M->14M(34M) 12.943ms
[0.296s][info][gc,cpu         ] GC(16) User=0.02s Sys=0.00s Real=0.01s
[0.305s][info][gc,start       ] GC(17) Pause Young (Allocation Failure)
[0.318s][info][gc,heap        ] GC(17) DefNew: 9728K(10880K)->1151K(10880K) Eden: 9728K(9728K)->0K(9728K) From: 0K(1152K)->1151K(1152K)
[0.318s][info][gc,heap        ] GC(17) Tenured: 14383K(23976K)->18415K(23976K)
[0.318s][info][gc,metaspace   ] GC(17) Metaspace: 6302K(6528K)->6302K(6528K) NonClass: 5769K(5888K)->5769K(5888K) Class: 533K(640K)->533K(640K)
[0.318s][info][gc             ] GC(17) Pause Young (Allocation Failure) 23M->19M(34M) 12.990ms
[0.318s][info][gc,cpu         ] GC(17) User=0.00s Sys=0.00s Real=0.01s
[0.325s][info][gc,start       ] GC(18) Pause Young (Allocation Failure)
[0.338s][info][gc,heap        ] GC(18) DefNew: 10879K(10880K)->1151K(10880K) Eden: 9728K(9728K)->0K(9728K) From: 1151K(1152K)->1151K(1152K)
[0.338s][info][gc,heap        ] GC(18) Tenured: 18415K(23976K)->23936K(23976K)
[0.338s][info][gc,metaspace   ] GC(18) Metaspace: 6302K(6528K)->6302K(6528K) NonClass: 5769K(5888K)->5769K(5888K) Class: 533K(640K)->533K(640K)
[0.338s][info][gc             ] GC(18) Pause Young (Allocation Failure) 28M->24M(34M) 12.502ms
[0.338s][info][gc,cpu         ] GC(18) User=0.00s Sys=0.00s Real=0.01s
[0.344s][info][gc,start       ] GC(19) Pause Young (Allocation Failure)
[0.355s][info][gc             ] GC(19) Pause Young (Allocation Failure) 34M->29M(38M) 11.115ms
[0.355s][info][gc,cpu         ] GC(19) User=0.00s Sys=0.00s Real=0.01s
[0.355s][info][gc,start       ] GC(20) Pause Full (Allocation Failure)
[0.355s][info][gc,phases,start] GC(20) Phase 1: Mark live objects
[0.369s][info][gc,phases      ] GC(20) Phase 1: Mark live objects 13.807ms
[0.369s][info][gc,phases,start] GC(20) Phase 2: Compute new object addresses
[0.374s][info][gc,phases      ] GC(20) Phase 2: Compute new object addresses 4.514ms
[0.374s][info][gc,phases,start] GC(20) Phase 3: Adjust pointers
[0.379s][info][gc,phases      ] GC(20) Phase 3: Adjust pointers 5.361ms
[0.379s][info][gc,phases,start] GC(20) Phase 4: Move objects
[0.379s][info][gc,phases      ] GC(20) Phase 4: Move objects 0.169ms
[0.380s][info][gc,heap        ] GC(20) DefNew: 10879K(10880K)->1080K(21888K) Eden: 9728K(9728K)->1080K(19520K) From: 1151K(1152K)->0K(2368K)
[0.380s][info][gc,heap        ] GC(20) Tenured: 23936K(23976K)->29035K(48396K)
[0.380s][info][gc,metaspace   ] GC(20) Metaspace: 6302K(6528K)->6302K(6528K) NonClass: 5769K(5888K)->5769K(5888K) Class: 533K(640K)->533K(640K)
[0.380s][info][gc             ] GC(20) Pause Full (Allocation Failure) 29M->29M(68M) 24.250ms
[0.380s][info][gc,cpu         ] GC(20) User=0.03s Sys=0.00s Real=0.02s
[0.397s][info][gc,start       ] GC(21) Pause Young (Allocation Failure)
[0.427s][info][gc,heap        ] GC(21) DefNew: 19520K(21888K)->2367K(21888K) Eden: 19520K(19520K)->0K(19520K) From: 0K(2368K)->2367K(2368K)
[0.427s][info][gc,heap        ] GC(21) Tenured: 29035K(48396K)->41025K(48396K)
[0.427s][info][gc,metaspace   ] GC(21) Metaspace: 6302K(6528K)->6302K(6528K) NonClass: 5769K(5888K)->5769K(5888K) Class: 533K(640K)->533K(640K)
[0.427s][info][gc             ] GC(21) Pause Young (Allocation Failure) 47M->42M(68M) 30.749ms
[0.427s][info][gc,cpu         ] GC(21) User=0.02s Sys=0.00s Real=0.03s
[0.446s][info][gc,start       ] GC(22) Pause Young (Allocation Failure)
[0.481s][info][gc             ] GC(22) Pause Young (Allocation Failure) 61M->61M(80M) 35.886ms
[0.482s][info][gc,cpu         ] GC(22) User=0.00s Sys=0.02s Real=0.04s
[0.482s][info][gc,start       ] GC(23) Pause Full (Allocation Failure)
[0.482s][info][gc,phases,start] GC(23) Phase 1: Mark live objects
[0.507s][info][gc,phases      ] GC(23) Phase 1: Mark live objects 25.439ms
[0.507s][info][gc,phases,start] GC(23) Phase 2: Compute new object addresses
[0.517s][info][gc,phases      ] GC(23) Phase 2: Compute new object addresses 9.510ms
[0.517s][info][gc,phases,start] GC(23) Phase 3: Adjust pointers
[0.527s][info][gc,phases      ] GC(23) Phase 3: Adjust pointers 10.659ms
[0.527s][info][gc,phases,start] GC(23) Phase 4: Move objects
[0.528s][info][gc,phases      ] GC(23) Phase 4: Move objects 0.387ms
[0.528s][info][gc,heap        ] GC(23) DefNew: 21887K(21888K)->2198K(45568K) Eden: 19520K(19520K)->2198K(40512K) From: 2367K(2368K)->0K(5056K)
[0.528s][info][gc,heap        ] GC(23) Tenured: 41025K(48396K)->60683K(101140K)
[0.528s][info][gc,metaspace   ] GC(23) Metaspace: 6302K(6528K)->6302K(6528K) NonClass: 5769K(5888K)->5769K(5888K) Class: 533K(640K)->533K(640K)
[0.528s][info][gc             ] GC(23) Pause Full (Allocation Failure) 61M->61M(143M) 46.650ms
[0.528s][info][gc,cpu         ] GC(23) User=0.05s Sys=0.00s Real=0.05s
[0.570s][info][gc,start       ] GC(24) Pause Young (Allocation Failure)
[0.634s][info][gc,heap        ] GC(24) DefNew: 40512K(45568K)->5056K(45568K) Eden: 40512K(40512K)->0K(40512K) From: 0K(5056K)->5056K(5056K)
[0.634s][info][gc,heap        ] GC(24) Tenured: 60683K(101140K)->96114K(101140K)
[0.634s][info][gc,metaspace   ] GC(24) Metaspace: 6302K(6528K)->6302K(6528K) NonClass: 5769K(5888K)->5769K(5888K) Class: 533K(640K)->533K(640K)
[0.634s][info][gc             ] GC(24) Pause Young (Allocation Failure) 98M->98M(143M) 63.453ms
[0.634s][info][gc,cpu         ] GC(24) User=0.05s Sys=0.00s Real=0.06s
[0.667s][info][gc,start       ] GC(25) Pause Young (Allocation Failure)
[0.739s][info][gc             ] GC(25) Pause Young (Allocation Failure) 138M->138M(178M) 71.930ms
[0.739s][info][gc,cpu         ] GC(25) User=0.05s Sys=0.02s Real=0.07s
[0.739s][info][gc,start       ] GC(26) Pause Full (Allocation Failure)
[0.739s][info][gc,phases,start] GC(26) Phase 1: Mark live objects
[0.795s][info][gc,phases      ] GC(26) Phase 1: Mark live objects 56.436ms
[0.795s][info][gc,phases,start] GC(26) Phase 2: Compute new object addresses
[0.817s][info][gc,phases      ] GC(26) Phase 2: Compute new object addresses 21.337ms
[0.817s][info][gc,phases,start] GC(26) Phase 3: Adjust pointers
[0.844s][info][gc,phases      ] GC(26) Phase 3: Adjust pointers 26.944ms
[0.844s][info][gc,phases,start] GC(26) Phase 4: Move objects
[0.869s][info][gc,phases      ] GC(26) Phase 4: Move objects 25.580ms
[0.870s][info][gc,heap        ] GC(26) DefNew: 45568K(45568K)->1080K(102592K) Eden: 40512K(40512K)->1080K(91200K) From: 5056K(5056K)->0K(11392K)
[0.870s][info][gc,heap        ] GC(26) Tenured: 96114K(101140K)->136727K(227880K)
[0.870s][info][gc,metaspace   ] GC(26) Metaspace: 6302K(6528K)->6302K(6528K) NonClass: 5769K(5888K)->5769K(5888K) Class: 533K(640K)->533K(640K)
[0.870s][info][gc             ] GC(26) Pause Full (Allocation Failure) 138M->134M(322M) 131.077ms
[0.870s][info][gc,cpu         ] GC(26) User=0.12s Sys=0.00s Real=0.13s
[0.968s][info][gc,start       ] GC(27) Pause Young (Allocation Failure)
[1.122s][info][gc,heap        ] GC(27) DefNew: 91200K(102592K)->11391K(102592K) Eden: 91200K(91200K)->0K(91200K) From: 0K(11392K)->11391K(11392K)
[1.122s][info][gc,heap        ] GC(27) Tenured: 136727K(227880K)->216507K(227880K)
[1.122s][info][gc,metaspace   ] GC(27) Metaspace: 6302K(6528K)->6302K(6528K) NonClass: 5769K(5888K)->5769K(5888K) Class: 533K(640K)->533K(640K)
[1.122s][info][gc             ] GC(27) Pause Young (Allocation Failure) 222M->222M(322M) 153.400ms
[1.122s][info][gc,cpu         ] GC(27) User=0.11s Sys=0.03s Real=0.15s
[1.205s][info][gc,start       ] GC(28) Pause Young (Allocation Failure)
[1.375s][info][gc             ] GC(28) Pause Young (Allocation Failure) 311M->311M(400M) 169.671ms
[1.375s][info][gc,cpu         ] GC(28) User=0.11s Sys=0.05s Real=0.17s
[1.375s][info][gc,start       ] GC(29) Pause Full (Allocation Failure)
[1.375s][info][gc,phases,start] GC(29) Phase 1: Mark live objects
[1.514s][info][gc,phases      ] GC(29) Phase 1: Mark live objects 139.176ms
[1.514s][info][gc,phases,start] GC(29) Phase 2: Compute new object addresses
[1.568s][info][gc,phases      ] GC(29) Phase 2: Compute new object addresses 54.091ms
[1.568s][info][gc,phases,start] GC(29) Phase 3: Adjust pointers
[1.624s][info][gc,phases      ] GC(29) Phase 3: Adjust pointers 55.495ms
[1.624s][info][gc,phases,start] GC(29) Phase 4: Move objects
[1.627s][info][gc,phases      ] GC(29) Phase 4: Move objects 2.564ms
[1.627s][info][gc,heap        ] GC(29) DefNew: 102591K(102592K)->11374K(230848K) Eden: 91200K(91200K)->11374K(205248K) From: 11391K(11392K)->0K(25600K)
[1.627s][info][gc,heap        ] GC(29) Tenured: 216507K(227880K)->307691K(512820K)
[1.627s][info][gc,metaspace   ] GC(29) Metaspace: 6302K(6528K)->6302K(6528K) NonClass: 5769K(5888K)->5769K(5888K) Class: 533K(640K)->533K(640K)
[1.628s][info][gc             ] GC(29) Pause Full (Allocation Failure) 311M->311M(726M) 252.543ms
[1.628s][info][gc,cpu         ] GC(29) User=0.27s Sys=0.00s Real=0.25s
[1.832s][info][gc,start       ] GC(30) Pause Young (Allocation Failure)
[2.178s][info][gc,heap        ] GC(30) DefNew: 205248K(230848K)->25600K(230848K) Eden: 205248K(205248K)->0K(205248K) From: 0K(25600K)->25600K(25600K)
[2.178s][info][gc,heap        ] GC(30) Tenured: 307691K(512820K)->487314K(512820K)
[2.178s][info][gc,metaspace   ] GC(30) Metaspace: 6302K(6528K)->6302K(6528K) NonClass: 5769K(5888K)->5769K(5888K) Class: 533K(640K)->533K(640K)
[2.178s][info][gc             ] GC(30) Pause Young (Allocation Failure) 500M->500M(726M) 345.993ms
[2.178s][info][gc,cpu         ] GC(30) User=0.30s Sys=0.05s Real=0.35s
[2.367s][info][gc,start       ] GC(31) Pause Young (Allocation Failure)
[2.751s][info][gc             ] GC(31) Pause Young (Allocation Failure) 701M->700M(901M) 383.826ms
[2.751s][info][gc,cpu         ] GC(31) User=0.28s Sys=0.08s Real=0.38s
[2.751s][info][gc,start       ] GC(32) Pause Full (Allocation Failure)
[2.751s][info][gc,phases,start] GC(32) Phase 1: Mark live objects
[3.068s][info][gc,phases      ] GC(32) Phase 1: Mark live objects 316.829ms
[3.068s][info][gc,phases,start] GC(32) Phase 2: Compute new object addresses
[3.174s][info][gc,phases      ] GC(32) Phase 2: Compute new object addresses 106.690ms
[3.175s][info][gc,phases,start] GC(32) Phase 3: Adjust pointers
[3.292s][info][gc,phases      ] GC(32) Phase 3: Adjust pointers 117.105ms
[3.292s][info][gc,phases,start] GC(32) Phase 4: Move objects
[3.297s][info][gc,phases      ] GC(32) Phase 4: Move objects 5.294ms
[3.299s][info][gc,heap        ] GC(32) DefNew: 230848K(230848K)->25508K(518976K) Eden: 205248K(205248K)->25508K(461312K) From: 25600K(25600K)->0K(57664K)
[3.299s][info][gc,heap        ] GC(32) Tenured: 487314K(512820K)->691955K(1153260K)
[3.299s][info][gc,metaspace   ] GC(32) Metaspace: 6302K(6528K)->6302K(6528K) NonClass: 5769K(5888K)->5769K(5888K) Class: 533K(640K)->533K(640K)
[3.299s][info][gc             ] GC(32) Pause Full (Allocation Failure) 700M->700M(1633M) 548.219ms
[3.299s][info][gc,cpu         ] GC(32) User=0.53s Sys=0.00s Real=0.55s
[3.758s][info][gc,start       ] GC(33) Pause Young (Allocation Failure)
[4.586s][info][gc,heap        ] GC(33) DefNew: 461312K(518976K)->57664K(518976K) Eden: 461312K(461312K)->0K(461312K) From: 0K(57664K)->57664K(57664K)
[4.586s][info][gc,heap        ] GC(33) Tenured: 691955K(1153260K)->1095578K(1153260K)
[4.586s][info][gc,metaspace   ] GC(33) Metaspace: 6302K(6528K)->6302K(6528K) NonClass: 5769K(5888K)->5769K(5888K) Class: 533K(640K)->533K(640K)
[4.586s][info][gc             ] GC(33) Pause Young (Allocation Failure) 1126M->1126M(1633M) 828.793ms
[4.587s][info][gc,cpu         ] GC(33) User=0.62s Sys=0.17s Real=0.83s
[5.065s][info][gc,start       ] GC(34) Pause Young (Allocation Failure)
[5.782s][info][gc             ] GC(34) Pause Young (Allocation Failure) 1576M->1521M(1972M) 717.582ms
[5.782s][info][gc,cpu         ] GC(34) User=0.62s Sys=0.08s Real=0.72s
[5.782s][info][gc,start       ] GC(35) Pause Full (Allocation Failure)
[5.782s][info][gc,phases,start] GC(35) Phase 1: Mark live objects
[6.481s][info][gc,phases      ] GC(35) Phase 1: Mark live objects 698.693ms
[6.481s][info][gc,phases,start] GC(35) Phase 2: Compute new object addresses
[6.710s][info][gc,phases      ] GC(35) Phase 2: Compute new object addresses 229.032ms
[6.710s][info][gc,phases,start] GC(35) Phase 3: Adjust pointers
[7.054s][info][gc,phases      ] GC(35) Phase 3: Adjust pointers 343.976ms
[7.054s][info][gc,phases,start] GC(35) Phase 4: Move objects
[7.066s][info][gc,phases      ] GC(35) Phase 4: Move objects 11.695ms
[7.069s][info][gc,heap        ] GC(35) DefNew: 518976K(518976K)->57615K(952320K) Eden: 461312K(461312K)->57615K(846528K) From: 57664K(57664K)->0K(105792K)
[7.069s][info][gc,heap        ] GC(35) Tenured: 1095578K(1153260K)->1500848K(2116288K)
[7.069s][info][gc,metaspace   ] GC(35) Metaspace: 6302K(6528K)->6302K(6528K) NonClass: 5769K(5888K)->5769K(5888K) Class: 533K(640K)->533K(640K)
[7.070s][info][gc             ] GC(35) Pause Full (Allocation Failure) 1521M->1521M(2996M) 1287.176ms
[7.070s][info][gc,cpu         ] GC(35) User=1.22s Sys=0.00s Real=1.29s
[7.846s][info][gc,start       ] GC(36) Pause Young (Allocation Failure)
[9.439s][info][gc,promotion   ] GC(36) Promotion failed
[9.439s][info][gc             ] GC(36) Pause Young (Allocation Failure) 2292M->2996M(2996M) 1593.254ms
[9.439s][info][gc,cpu         ] GC(36) User=1.34s Sys=0.23s Real=1.59s
[9.439s][info][gc,start       ] GC(37) Pause Full (Allocation Failure)
[9.439s][info][gc,phases,start] GC(37) Phase 1: Mark live objects
[10.497s][info][gc,phases      ] GC(37) Phase 1: Mark live objects 1057.754ms
[10.497s][info][gc,phases,start] GC(37) Phase 2: Compute new object addresses
[10.895s][info][gc,phases      ] GC(37) Phase 2: Compute new object addresses 398.402ms
[10.896s][info][gc,phases,start] GC(37) Phase 3: Adjust pointers
[11.387s][info][gc,phases      ] GC(37) Phase 3: Adjust pointers 491.638ms
[11.387s][info][gc,phases,start] GC(37) Phase 4: Move objects
[11.828s][info][gc,phases      ] GC(37) Phase 4: Move objects 440.567ms
[11.828s][info][gc,heap        ] GC(37) DefNew: 846528K(952320K)->202386K(952320K) Eden: 846528K(846528K)->202386K(846528K) From: 0K(105792K)->0K(105792K)
[11.828s][info][gc,heap        ] GC(37) Tenured: 1500848K(2116288K)->2116287K(2116288K)
[11.828s][info][gc,metaspace   ] GC(37) Metaspace: 6302K(6528K)->6302K(6528K) NonClass: 5769K(5888K)->5769K(5888K) Class: 533K(640K)->533K(640K)
[11.828s][info][gc             ] GC(37) Pause Full (Allocation Failure) 2996M->2264M(2996M) 2389.222ms
[11.828s][info][gc,cpu         ] GC(37) User=2.38s Sys=0.02s Real=2.39s
[12.293s][info][gc,start       ] GC(38) Pause Full (Allocation Failure)
[12.293s][info][gc,phases,start] GC(38) Phase 1: Mark live objects
[13.591s][info][gc,phases      ] GC(38) Phase 1: Mark live objects 1297.759ms
[13.591s][info][gc,phases,start] GC(38) Phase 2: Compute new object addresses
[13.988s][info][gc,phases      ] GC(38) Phase 2: Compute new object addresses 397.073ms
[13.988s][info][gc,phases,start] GC(38) Phase 3: Adjust pointers
[14.557s][info][gc,phases      ] GC(38) Phase 3: Adjust pointers 568.390ms
[14.557s][info][gc,phases,start] GC(38) Phase 4: Move objects
[14.634s][info][gc,phases      ] GC(38) Phase 4: Move objects 77.638ms
[14.635s][info][gc,heap        ] GC(38) DefNew: 723952K(952320K)->722603K(952320K) Eden: 723952K(846528K)->722603K(846528K) From: 0K(105792K)->0K(105792K)
[14.635s][info][gc,heap        ] GC(38) Tenured: 2116287K(2116288K)->2116287K(2116288K)
[14.635s][info][gc,metaspace   ] GC(38) Metaspace: 6302K(6528K)->6302K(6528K) NonClass: 5769K(5888K)->5769K(5888K) Class: 533K(640K)->533K(640K)
[14.635s][info][gc             ] GC(38) Pause Full (Allocation Failure) 2773M->2772M(2996M) 2341.915ms
[14.635s][info][gc,cpu         ] GC(38) User=2.33s Sys=0.00s Real=2.34s
[14.635s][info][gc,start       ] GC(39) Pause Full (Allocation Failure)
[14.635s][info][gc,phases,start] GC(39) Phase 1: Mark live objects
[15.930s][info][gc,phases      ] GC(39) Phase 1: Mark live objects 1294.427ms
[15.930s][info][gc,phases,start] GC(39) Phase 2: Compute new object addresses
[16.334s][info][gc,phases      ] GC(39) Phase 2: Compute new object addresses 404.121ms
[16.334s][info][gc,phases,start] GC(39) Phase 3: Adjust pointers
[16.974s][info][gc,phases      ] GC(39) Phase 3: Adjust pointers 640.670ms
[16.975s][info][gc,phases,start] GC(39) Phase 4: Move objects
[17.433s][info][gc,phases      ] GC(39) Phase 4: Move objects 458.007ms
[17.433s][info][gc,heap        ] GC(39) DefNew: 722603K(952320K)->722599K(952320K) Eden: 722603K(846528K)->722599K(846528K) From: 0K(105792K)->0K(105792K)
[17.433s][info][gc,heap        ] GC(39) Tenured: 2116287K(2116288K)->2116287K(2116288K)
[17.433s][info][gc,metaspace   ] GC(39) Metaspace: 6302K(6528K)->6300K(6528K) NonClass: 5769K(5888K)->5768K(5888K) Class: 533K(640K)->532K(640K)
[17.433s][info][gc             ] GC(39) Pause Full (Allocation Failure) 2772M->2772M(2996M) 2798.286ms
[17.433s][info][gc,cpu         ] GC(39) User=2.75s Sys=0.00s Real=2.80s
[17.435s][info][gc,heap,exit   ] Heap
[17.435s][info][gc,heap,exit   ]  def new generation   total 952320K, used 754260K [0x000000073e400000, 0x000000077ed50000, 0x000000077ed50000)
[17.435s][info][gc,heap,exit   ]   eden space 846528K,  89% used [0x000000073e400000, 0x000000076c495070, 0x0000000771eb0000)
[17.435s][info][gc,heap,exit   ]   from space 105792K,   0% used [0x0000000778600000, 0x0000000778600000, 0x000000077ed50000)
[17.435s][info][gc,heap,exit   ]   to   space 105792K,   0% used [0x0000000771eb0000, 0x0000000771eb0000, 0x0000000778600000)
[17.435s][info][gc,heap,exit   ]  tenured generation   total 2116288K, used 2116287K [0x000000077ed50000, 0x0000000800000000, 0x0000000800000000)
[17.435s][info][gc,heap,exit   ]    the space 2116288K,  99% used [0x000000077ed50000, 0x00000007ffffffd8, 0x0000000800000000, 0x0000000800000000)
[17.435s][info][gc,heap,exit   ]  Metaspace       used 6305K, committed 6528K, reserved 1114112K
[17.435s][info][gc,heap,exit   ]   class space    used 534K, committed 640K, reserved 1048576K
