[0.016s][info][gc,init] CardTable entry size: 512
[0.016s][info][gc     ] Using Serial
[0.016s][info][gc,init] Version: 18.0.1+10 (release)
[0.016s][info][gc,init] CPUs: 8 total, 8 available
[0.016s][info][gc,init] Memory: 16063M
[0.017s][info][gc,init] Large Page Support: Disabled
[0.017s][info][gc,init] NUMA Support: Disabled
[0.017s][info][gc,init] Compressed Oops: Enabled (Zero based)
[0.017s][info][gc,init] Heap Min Capacity: 2M
[0.017s][info][gc,init] Heap Initial Capacity: 2M
[0.017s][info][gc,init] Heap Max Capacity: 9800M
[0.017s][info][gc,init] Pre-touch: Disabled
[0.017s][info][gc,metaspace] CDS archive(s) not mapped
[0.017s][info][gc,metaspace] Compressed class space mapped at: 0x0000000800000000-0x0000000840000000, reserved size: 1073741824
[0.017s][info][gc,metaspace] Narrow klass base: 0x0000000800000000, Narrow klass shift: 0, Narrow klass range: 0x40000000
[0.196s][info][gc,start    ] GC(0) Pause Young (Allocation Failure)
[0.197s][info][gc,heap     ] GC(0) DefNew: 1023K(1152K)->127K(1152K) Eden: 1023K(1024K)->0K(1024K) From: 0K(128K)->127K(128K)
[0.197s][info][gc,heap     ] GC(0) Tenured: 0K(768K)->439K(768K)
[0.197s][info][gc,metaspace] GC(0) Metaspace: 5902K(6016K)->5902K(6016K) NonClass: 5403K(5504K)->5403K(5504K) Class: 499K(512K)->499K(512K)
[0.197s][info][gc          ] GC(0) Pause Young (Allocation Failure) 0M->0M(1M) 1.711ms
[0.197s][info][gc,cpu      ] GC(0) User=0.00s Sys=0.00s Real=0.00s
[0.231s][info][gc,start    ] GC(1) Pause Young (Allocation Failure)
[0.233s][info][gc          ] GC(1) Pause Young (Allocation Failure) 1M->0M(2M) 1.848ms
[0.233s][info][gc,cpu      ] GC(1) User=0.00s Sys=0.00s Real=0.00s
[0.233s][info][gc,start    ] GC(2) Pause Full (Allocation Failure)
[0.233s][info][gc,phases,start] GC(2) Phase 1: Mark live objects
[0.234s][info][gc,phases      ] GC(2) Phase 1: Mark live objects 1.146ms
[0.234s][info][gc,phases,start] GC(2) Phase 2: Compute new object addresses
[0.234s][info][gc,phases      ] GC(2) Phase 2: Compute new object addresses 0.340ms
[0.234s][info][gc,phases,start] GC(2) Phase 3: Adjust pointers
[0.235s][info][gc,phases      ] GC(2) Phase 3: Adjust pointers 0.760ms
[0.235s][info][gc,phases,start] GC(2) Phase 4: Move objects
[0.235s][info][gc,phases      ] GC(2) Phase 4: Move objects 0.087ms
[0.235s][info][gc,heap        ] GC(2) DefNew: 1151K(1152K)->40K(1152K) Eden: 1024K(1024K)->40K(1024K) From: 127K(128K)->0K(128K)
[0.236s][info][gc,heap        ] GC(2) Tenured: 439K(768K)->959K(1600K)
[0.236s][info][gc,metaspace   ] GC(2) Metaspace: 6299K(6464K)->6299K(6464K) NonClass: 5766K(5824K)->5766K(5824K) Class: 533K(640K)->533K(640K)
[0.236s][info][gc             ] GC(2) Pause Full (Allocation Failure) 0M->0M(2M) 2.733ms
[0.236s][info][gc,cpu         ] GC(2) User=0.00s Sys=0.00s Real=0.00s
[0.238s][info][gc,start       ] GC(3) Pause Young (Allocation Failure)
[0.240s][info][gc,heap        ] GC(3) DefNew: 1024K(1152K)->128K(1152K) Eden: 1024K(1024K)->0K(1024K) From: 0K(128K)->128K(128K)
[0.240s][info][gc,heap        ] GC(3) Tenured: 959K(1600K)->1375K(1600K)
[0.240s][info][gc,metaspace   ] GC(3) Metaspace: 6299K(6464K)->6299K(6464K) NonClass: 5766K(5824K)->5766K(5824K) Class: 533K(640K)->533K(640K)
[0.240s][info][gc             ] GC(3) Pause Young (Allocation Failure) 1M->1M(2M) 2.398ms
[0.240s][info][gc,cpu         ] GC(3) User=0.00s Sys=0.00s Real=0.00s
[0.242s][info][gc,start       ] GC(4) Pause Young (Allocation Failure)
[0.244s][info][gc             ] GC(4) Pause Young (Allocation Failure) 2M->1M(3M) 1.618ms
[0.244s][info][gc,cpu         ] GC(4) User=0.00s Sys=0.00s Real=0.00s
[0.244s][info][gc,start       ] GC(5) Pause Full (Allocation Failure)
[0.244s][info][gc,phases,start] GC(5) Phase 1: Mark live objects
[0.246s][info][gc,phases      ] GC(5) Phase 1: Mark live objects 1.977ms
[0.246s][info][gc,phases,start] GC(5) Phase 2: Compute new object addresses
[0.246s][info][gc,phases      ] GC(5) Phase 2: Compute new object addresses 0.589ms
[0.246s][info][gc,phases,start] GC(5) Phase 3: Adjust pointers
[0.247s][info][gc,phases      ] GC(5) Phase 3: Adjust pointers 1.023ms
[0.248s][info][gc,phases,start] GC(5) Phase 4: Move objects
[0.248s][info][gc,phases      ] GC(5) Phase 4: Move objects 0.085ms
[0.248s][info][gc,heap        ] GC(5) DefNew: 1152K(1152K)->35K(1536K) Eden: 1024K(1024K)->35K(1408K) From: 128K(128K)->0K(128K)
[0.248s][info][gc,heap        ] GC(5) Tenured: 1375K(1600K)->1983K(3308K)
[0.248s][info][gc,metaspace   ] GC(5) Metaspace: 6299K(6464K)->6299K(6464K) NonClass: 5766K(5824K)->5766K(5824K) Class: 533K(640K)->533K(640K)
[0.248s][info][gc             ] GC(5) Pause Full (Allocation Failure) 1M->1M(4M) 4.132ms
[0.248s][info][gc,cpu         ] GC(5) User=0.00s Sys=0.00s Real=0.00s
[0.250s][info][gc,start       ] GC(6) Pause Young (Allocation Failure)
[0.253s][info][gc,heap        ] GC(6) DefNew: 1407K(1536K)->127K(1536K) Eden: 1407K(1408K)->0K(1408K) From: 0K(128K)->127K(128K)
[0.253s][info][gc,heap        ] GC(6) Tenured: 1983K(3308K)->2617K(3308K)
[0.253s][info][gc,metaspace   ] GC(6) Metaspace: 6299K(6464K)->6299K(6464K) NonClass: 5766K(5824K)->5766K(5824K) Class: 533K(640K)->533K(640K)
[0.253s][info][gc             ] GC(6) Pause Young (Allocation Failure) 3M->2M(4M) 2.983ms
[0.253s][info][gc,cpu         ] GC(6) User=0.00s Sys=0.00s Real=0.00s
[0.256s][info][gc,start       ] GC(7) Pause Young (Allocation Failure)
[0.258s][info][gc             ] GC(7) Pause Young (Allocation Failure) 4M->3M(4M) 2.205ms
[0.258s][info][gc,cpu         ] GC(7) User=0.00s Sys=0.00s Real=0.00s
[0.258s][info][gc,start       ] GC(8) Pause Full (Allocation Failure)
[0.258s][info][gc,phases,start] GC(8) Phase 1: Mark live objects
[0.261s][info][gc,phases      ] GC(8) Phase 1: Mark live objects 2.505ms
[0.261s][info][gc,phases,start] GC(8) Phase 2: Compute new object addresses
[0.261s][info][gc,phases      ] GC(8) Phase 2: Compute new object addresses 0.713ms
[0.261s][info][gc,phases,start] GC(8) Phase 3: Adjust pointers
[0.263s][info][gc,phases      ] GC(8) Phase 3: Adjust pointers 1.082ms
[0.263s][info][gc,phases,start] GC(8) Phase 4: Move objects
[0.263s][info][gc,phases      ] GC(8) Phase 4: Move objects 0.074ms
[0.263s][info][gc,heap        ] GC(8) DefNew: 1535K(1536K)->0K(2688K) Eden: 1408K(1408K)->0K(2432K) From: 127K(128K)->0K(256K)
[0.263s][info][gc,heap        ] GC(8) Tenured: 2617K(3308K)->3460K(5768K)
[0.263s][info][gc,metaspace   ] GC(8) Metaspace: 6299K(6464K)->6299K(6464K) NonClass: 5766K(5824K)->5766K(5824K) Class: 533K(640K)->533K(640K)
[0.263s][info][gc             ] GC(8) Pause Full (Allocation Failure) 3M->3M(8M) 4.735ms
[0.263s][info][gc,cpu         ] GC(8) User=0.00s Sys=0.00s Real=0.00s
[0.267s][info][gc,start       ] GC(9) Pause Young (Allocation Failure)
[0.270s][info][gc,heap        ] GC(9) DefNew: 2431K(2688K)->256K(2688K) Eden: 2431K(2432K)->0K(2432K) From: 0K(256K)->256K(256K)
[0.270s][info][gc,heap        ] GC(9) Tenured: 3460K(5768K)->4512K(5768K)
[0.270s][info][gc,metaspace   ] GC(9) Metaspace: 6299K(6464K)->6299K(6464K) NonClass: 5766K(5824K)->5766K(5824K) Class: 533K(640K)->533K(640K)
[0.270s][info][gc             ] GC(9) Pause Young (Allocation Failure) 5M->4M(8M) 3.320ms
[0.270s][info][gc,cpu         ] GC(9) User=0.00s Sys=0.00s Real=0.00s
[0.274s][info][gc,start       ] GC(10) Pause Young (Allocation Failure)
[0.277s][info][gc,heap        ] GC(10) DefNew: 2688K(2688K)->256K(2688K) Eden: 2432K(2432K)->0K(2432K) From: 256K(256K)->256K(256K)
[0.277s][info][gc,heap        ] GC(10) Tenured: 4512K(5768K)->5755K(5768K)
[0.277s][info][gc,metaspace   ] GC(10) Metaspace: 6299K(6464K)->6299K(6464K) NonClass: 5766K(5824K)->5766K(5824K) Class: 533K(640K)->533K(640K)
[0.277s][info][gc             ] GC(10) Pause Young (Allocation Failure) 7M->5M(8M) 3.417ms
[0.277s][info][gc,cpu         ] GC(10) User=0.00s Sys=0.00s Real=0.00s
[0.281s][info][gc,start       ] GC(11) Pause Young (Allocation Failure)
[0.285s][info][gc             ] GC(11) Pause Young (Allocation Failure) 8M->7M(9M) 3.778ms
[0.285s][info][gc,cpu         ] GC(11) User=0.00s Sys=0.00s Real=0.00s
[0.285s][info][gc,start       ] GC(12) Pause Full (Allocation Failure)
[0.285s][info][gc,phases,start] GC(12) Phase 1: Mark live objects
[0.289s][info][gc,phases      ] GC(12) Phase 1: Mark live objects 4.229ms
[0.289s][info][gc,phases,start] GC(12) Phase 2: Compute new object addresses
[0.290s][info][gc,phases      ] GC(12) Phase 2: Compute new object addresses 1.190ms
[0.290s][info][gc,phases,start] GC(12) Phase 3: Adjust pointers
[0.292s][info][gc,phases      ] GC(12) Phase 3: Adjust pointers 1.800ms
[0.292s][info][gc,phases,start] GC(12) Phase 4: Move objects
[0.294s][info][gc,phases      ] GC(12) Phase 4: Move objects 1.650ms
[0.294s][info][gc,heap        ] GC(12) DefNew: 2688K(2688K)->0K(5376K) Eden: 2432K(2432K)->0K(4800K) From: 256K(256K)->0K(576K)
[0.294s][info][gc,heap        ] GC(12) Tenured: 5755K(5768K)->7132K(11888K)
[0.294s][info][gc,metaspace   ] GC(12) Metaspace: 6299K(6464K)->6299K(6464K) NonClass: 5766K(5824K)->5766K(5824K) Class: 533K(640K)->533K(640K)
[0.294s][info][gc             ] GC(12) Pause Full (Allocation Failure) 7M->6M(16M) 9.518ms
[0.294s][info][gc,cpu         ] GC(12) User=0.00s Sys=0.00s Real=0.01s
[0.300s][info][gc,start       ] GC(13) Pause Young (Allocation Failure)
[0.305s][info][gc,heap        ] GC(13) DefNew: 4800K(5376K)->575K(5376K) Eden: 4800K(4800K)->0K(4800K) From: 0K(576K)->575K(576K)
[0.305s][info][gc,heap        ] GC(13) Tenured: 7132K(11888K)->9027K(11888K)
[0.305s][info][gc,metaspace   ] GC(13) Metaspace: 6299K(6464K)->6299K(6464K) NonClass: 5766K(5824K)->5766K(5824K) Class: 533K(640K)->533K(640K)
[0.305s][info][gc             ] GC(13) Pause Young (Allocation Failure) 11M->9M(16M) 5.788ms
[0.305s][info][gc,cpu         ] GC(13) User=0.00s Sys=0.00s Real=0.00s
[0.311s][info][gc,start       ] GC(14) Pause Young (Allocation Failure)
[0.317s][info][gc,heap        ] GC(14) DefNew: 5375K(5376K)->576K(5376K) Eden: 4800K(4800K)->0K(4800K) From: 575K(576K)->576K(576K)
[0.317s][info][gc,heap        ] GC(14) Tenured: 9027K(11888K)->11746K(11888K)
[0.317s][info][gc,metaspace   ] GC(14) Metaspace: 6299K(6464K)->6299K(6464K) NonClass: 5766K(5824K)->5766K(5824K) Class: 533K(640K)->533K(640K)
[0.317s][info][gc             ] GC(14) Pause Young (Allocation Failure) 14M->12M(16M) 6.618ms
[0.317s][info][gc,cpu         ] GC(14) User=0.00s Sys=0.00s Real=0.01s
[0.321s][info][gc,start       ] GC(15) Pause Young (Allocation Failure)
[0.327s][info][gc             ] GC(15) Pause Young (Allocation Failure) 16M->14M(19M) 6.083ms
[0.327s][info][gc,cpu         ] GC(15) User=0.00s Sys=0.00s Real=0.01s
[0.327s][info][gc,start       ] GC(16) Pause Full (Allocation Failure)
[0.327s][info][gc,phases,start] GC(16) Phase 1: Mark live objects
[0.336s][info][gc,phases      ] GC(16) Phase 1: Mark live objects 8.485ms
[0.336s][info][gc,phases,start] GC(16) Phase 2: Compute new object addresses
[0.338s][info][gc,phases      ] GC(16) Phase 2: Compute new object addresses 2.409ms
[0.338s][info][gc,phases,start] GC(16) Phase 3: Adjust pointers
[0.341s][info][gc,phases      ] GC(16) Phase 3: Adjust pointers 2.914ms
[0.341s][info][gc,phases,start] GC(16) Phase 4: Move objects
[0.341s][info][gc,phases      ] GC(16) Phase 4: Move objects 0.193ms
[0.342s][info][gc,heap        ] GC(16) DefNew: 5376K(5376K)->387K(10880K) Eden: 4800K(4800K)->387K(9728K) From: 576K(576K)->0K(1152K)
[0.342s][info][gc,heap        ] GC(16) Tenured: 11746K(11888K)->14383K(23976K)
[0.342s][info][gc,metaspace   ] GC(16) Metaspace: 6301K(6464K)->6301K(6464K) NonClass: 5768K(5824K)->5768K(5824K) Class: 533K(640K)->533K(640K)
[0.342s][info][gc             ] GC(16) Pause Full (Allocation Failure) 14M->14M(34M) 14.356ms
[0.342s][info][gc,cpu         ] GC(16) User=0.02s Sys=0.00s Real=0.01s
[0.350s][info][gc,start       ] GC(17) Pause Young (Allocation Failure)
[0.363s][info][gc,heap        ] GC(17) DefNew: 9728K(10880K)->1151K(10880K) Eden: 9728K(9728K)->0K(9728K) From: 0K(1152K)->1151K(1152K)
[0.363s][info][gc,heap        ] GC(17) Tenured: 14383K(23976K)->18415K(23976K)
[0.363s][info][gc,metaspace   ] GC(17) Metaspace: 6301K(6464K)->6301K(6464K) NonClass: 5768K(5824K)->5768K(5824K) Class: 533K(640K)->533K(640K)
[0.363s][info][gc             ] GC(17) Pause Young (Allocation Failure) 23M->19M(34M) 13.285ms
[0.363s][info][gc,cpu         ] GC(17) User=0.00s Sys=0.00s Real=0.01s
[0.372s][info][gc,start       ] GC(18) Pause Young (Allocation Failure)
[0.385s][info][gc,heap        ] GC(18) DefNew: 10879K(10880K)->1151K(10880K) Eden: 9728K(9728K)->0K(9728K) From: 1151K(1152K)->1151K(1152K)
[0.385s][info][gc,heap        ] GC(18) Tenured: 18415K(23976K)->23936K(23976K)
[0.385s][info][gc,metaspace   ] GC(18) Metaspace: 6301K(6464K)->6301K(6464K) NonClass: 5768K(5824K)->5768K(5824K) Class: 533K(640K)->533K(640K)
[0.385s][info][gc             ] GC(18) Pause Young (Allocation Failure) 28M->24M(34M) 12.826ms
[0.385s][info][gc,cpu         ] GC(18) User=0.00s Sys=0.00s Real=0.01s
[0.390s][info][gc,start       ] GC(19) Pause Young (Allocation Failure)
[0.401s][info][gc             ] GC(19) Pause Young (Allocation Failure) 34M->29M(38M) 11.690ms
[0.402s][info][gc,cpu         ] GC(19) User=0.00s Sys=0.00s Real=0.01s
[0.402s][info][gc,start       ] GC(20) Pause Full (Allocation Failure)
[0.402s][info][gc,phases,start] GC(20) Phase 1: Mark live objects
[0.416s][info][gc,phases      ] GC(20) Phase 1: Mark live objects 14.537ms
[0.416s][info][gc,phases,start] GC(20) Phase 2: Compute new object addresses
[0.421s][info][gc,phases      ] GC(20) Phase 2: Compute new object addresses 5.293ms
[0.422s][info][gc,phases,start] GC(20) Phase 3: Adjust pointers
[0.427s][info][gc,phases      ] GC(20) Phase 3: Adjust pointers 5.723ms
[0.427s][info][gc,phases,start] GC(20) Phase 4: Move objects
[0.427s][info][gc,phases      ] GC(20) Phase 4: Move objects 0.174ms
[0.428s][info][gc,heap        ] GC(20) DefNew: 10879K(10880K)->1080K(21888K) Eden: 9728K(9728K)->1080K(19520K) From: 1151K(1152K)->0K(2368K)
[0.428s][info][gc,heap        ] GC(20) Tenured: 23936K(23976K)->29035K(48396K)
[0.428s][info][gc,metaspace   ] GC(20) Metaspace: 6301K(6464K)->6301K(6464K) NonClass: 5768K(5824K)->5768K(5824K) Class: 533K(640K)->533K(640K)
[0.428s][info][gc             ] GC(20) Pause Full (Allocation Failure) 29M->29M(68M) 26.135ms
[0.428s][info][gc,cpu         ] GC(20) User=0.03s Sys=0.00s Real=0.03s
[0.441s][info][gc,start       ] GC(21) Pause Young (Allocation Failure)
[0.471s][info][gc,heap        ] GC(21) DefNew: 19520K(21888K)->2367K(21888K) Eden: 19520K(19520K)->0K(19520K) From: 0K(2368K)->2367K(2368K)
[0.471s][info][gc,heap        ] GC(21) Tenured: 29035K(48396K)->39346K(48396K)
[0.471s][info][gc,metaspace   ] GC(21) Metaspace: 6301K(6464K)->6301K(6464K) NonClass: 5768K(5824K)->5768K(5824K) Class: 533K(640K)->533K(640K)
[0.471s][info][gc             ] GC(21) Pause Young (Allocation Failure) 47M->40M(68M) 29.564ms
[0.471s][info][gc,cpu         ] GC(21) User=0.02s Sys=0.00s Real=0.03s
[0.490s][info][gc,start       ] GC(22) Pause Young (Allocation Failure)
[0.524s][info][gc             ] GC(22) Pause Young (Allocation Failure) 59M->59M(78M) 34.861ms
[0.525s][info][gc,cpu         ] GC(22) User=0.05s Sys=0.00s Real=0.04s
[0.525s][info][gc,start       ] GC(23) Pause Full (Allocation Failure)
[0.525s][info][gc,phases,start] GC(23) Phase 1: Mark live objects
[0.549s][info][gc,phases      ] GC(23) Phase 1: Mark live objects 24.427ms
[0.549s][info][gc,phases,start] GC(23) Phase 2: Compute new object addresses
[0.559s][info][gc,phases      ] GC(23) Phase 2: Compute new object addresses 9.787ms
[0.559s][info][gc,phases,start] GC(23) Phase 3: Adjust pointers
[0.570s][info][gc,phases      ] GC(23) Phase 3: Adjust pointers 11.324ms
[0.570s][info][gc,phases,start] GC(23) Phase 4: Move objects
[0.571s][info][gc,phases      ] GC(23) Phase 4: Move objects 0.401ms
[0.571s][info][gc,heap        ] GC(23) DefNew: 21887K(21888K)->2247K(44288K) Eden: 19520K(19520K)->2247K(39424K) From: 2367K(2368K)->0K(4864K)
[0.571s][info][gc,heap        ] GC(23) Tenured: 39346K(48396K)->58955K(98260K)
[0.571s][info][gc,metaspace   ] GC(23) Metaspace: 6301K(6464K)->6301K(6464K) NonClass: 5768K(5824K)->5768K(5824K) Class: 533K(640K)->533K(640K)
[0.571s][info][gc             ] GC(23) Pause Full (Allocation Failure) 59M->59M(139M) 46.547ms
[0.571s][info][gc,cpu         ] GC(23) User=0.05s Sys=0.00s Real=0.05s
[0.612s][info][gc,start       ] GC(24) Pause Young (Allocation Failure)
[0.677s][info][gc,heap        ] GC(24) DefNew: 39424K(44288K)->4864K(44288K) Eden: 39424K(39424K)->0K(39424K) From: 0K(4864K)->4864K(4864K)
[0.678s][info][gc,heap        ] GC(24) Tenured: 58955K(98260K)->93487K(98260K)
[0.678s][info][gc,metaspace   ] GC(24) Metaspace: 6301K(6464K)->6301K(6464K) NonClass: 5768K(5824K)->5768K(5824K) Class: 533K(640K)->533K(640K)
[0.678s][info][gc             ] GC(24) Pause Young (Allocation Failure) 96M->96M(139M) 65.366ms
[0.678s][info][gc,cpu         ] GC(24) User=0.06s Sys=0.00s Real=0.06s
[0.713s][info][gc,start       ] GC(25) Pause Young (Allocation Failure)
[0.802s][info][gc             ] GC(25) Pause Young (Allocation Failure) 134M->134M(173M) 88.602ms
[0.802s][info][gc,cpu         ] GC(25) User=0.05s Sys=0.00s Real=0.09s
[0.802s][info][gc,start       ] GC(26) Pause Full (Allocation Failure)
[0.802s][info][gc,phases,start] GC(26) Phase 1: Mark live objects
[0.872s][info][gc,phases      ] GC(26) Phase 1: Mark live objects 69.847ms
[0.872s][info][gc,phases,start] GC(26) Phase 2: Compute new object addresses
[0.896s][info][gc,phases      ] GC(26) Phase 2: Compute new object addresses 24.506ms
[0.896s][info][gc,phases,start] GC(26) Phase 3: Adjust pointers
[0.929s][info][gc,phases      ] GC(26) Phase 3: Adjust pointers 32.932ms
[0.929s][info][gc,phases,start] GC(26) Phase 4: Move objects
[0.964s][info][gc,phases      ] GC(26) Phase 4: Move objects 34.874ms
[0.965s][info][gc,heap        ] GC(26) DefNew: 44288K(44288K)->1011K(99712K) Eden: 39424K(39424K)->1011K(88640K) From: 4864K(4864K)->0K(11072K)
[0.965s][info][gc,heap        ] GC(26) Tenured: 93487K(98260K)->132887K(221480K)
[0.965s][info][gc,metaspace   ] GC(26) Metaspace: 6301K(6464K)->6301K(6464K) NonClass: 5768K(5824K)->5768K(5824K) Class: 533K(640K)->533K(640K)
[0.965s][info][gc             ] GC(26) Pause Full (Allocation Failure) 134M->130M(313M) 163.300ms
[0.965s][info][gc,cpu         ] GC(26) User=0.12s Sys=0.00s Real=0.16s
[1.070s][info][gc,start       ] GC(27) Pause Young (Allocation Failure)
[1.230s][info][gc,heap        ] GC(27) DefNew: 88640K(99712K)->11071K(99712K) Eden: 88640K(88640K)->0K(88640K) From: 0K(11072K)->11071K(11072K)
[1.230s][info][gc,heap        ] GC(27) Tenured: 132887K(221480K)->210429K(221480K)
[1.230s][info][gc,metaspace   ] GC(27) Metaspace: 6301K(6464K)->6301K(6464K) NonClass: 5768K(5824K)->5768K(5824K) Class: 533K(640K)->533K(640K)
[1.230s][info][gc             ] GC(27) Pause Young (Allocation Failure) 216M->216M(313M) 160.208ms
[1.230s][info][gc,cpu         ] GC(27) User=0.11s Sys=0.03s Real=0.16s
[1.313s][info][gc,start       ] GC(28) Pause Young (Allocation Failure)
[1.488s][info][gc             ] GC(28) Pause Young (Allocation Failure) 302M->302M(389M) 174.984ms
[1.488s][info][gc,cpu         ] GC(28) User=0.12s Sys=0.03s Real=0.17s
[1.488s][info][gc,start       ] GC(29) Pause Full (Allocation Failure)
[1.488s][info][gc,phases,start] GC(29) Phase 1: Mark live objects
[1.621s][info][gc,phases      ] GC(29) Phase 1: Mark live objects 132.637ms
[1.621s][info][gc,phases,start] GC(29) Phase 2: Compute new object addresses
[1.671s][info][gc,phases      ] GC(29) Phase 2: Compute new object addresses 49.782ms
[1.671s][info][gc,phases,start] GC(29) Phase 3: Adjust pointers
[1.728s][info][gc,phases      ] GC(29) Phase 3: Adjust pointers 57.748ms
[1.729s][info][gc,phases,start] GC(29) Phase 4: Move objects
[1.731s][info][gc,phases      ] GC(29) Phase 4: Move objects 2.658ms
[1.732s][info][gc,heap        ] GC(29) DefNew: 99711K(99712K)->10929K(224448K) Eden: 88640K(88640K)->10929K(199552K) From: 11071K(11072K)->0K(24896K)
[1.732s][info][gc,heap        ] GC(29) Tenured: 210429K(221480K)->299179K(498636K)
[1.732s][info][gc,metaspace   ] GC(29) Metaspace: 6301K(6464K)->6301K(6464K) NonClass: 5768K(5824K)->5768K(5824K) Class: 533K(640K)->533K(640K)
[1.732s][info][gc             ] GC(29) Pause Full (Allocation Failure) 302M->302M(706M) 244.140ms
[1.732s][info][gc,cpu         ] GC(29) User=0.25s Sys=0.00s Real=0.24s
[1.943s][info][gc,start       ] GC(30) Pause Young (Allocation Failure)
[2.282s][info][gc,heap        ] GC(30) DefNew: 199552K(224448K)->24895K(224448K) Eden: 199552K(199552K)->0K(199552K) From: 0K(24896K)->24895K(24896K)
[2.282s][info][gc,heap        ] GC(30) Tenured: 299179K(498636K)->473810K(498636K)
[2.282s][info][gc,metaspace   ] GC(30) Metaspace: 6301K(6464K)->6301K(6464K) NonClass: 5768K(5824K)->5768K(5824K) Class: 533K(640K)->533K(640K)
[2.282s][info][gc             ] GC(30) Pause Young (Allocation Failure) 487M->487M(706M) 339.102ms
[2.282s][info][gc,cpu         ] GC(30) User=0.28s Sys=0.06s Real=0.34s
[2.461s][info][gc,start       ] GC(31) Pause Young (Allocation Failure)
[2.854s][info][gc             ] GC(31) Pause Young (Allocation Failure) 681M->681M(876M) 392.587ms
[2.854s][info][gc,cpu         ] GC(31) User=0.30s Sys=0.09s Real=0.39s
[2.854s][info][gc,start       ] GC(32) Pause Full (Allocation Failure)
[2.854s][info][gc,phases,start] GC(32) Phase 1: Mark live objects
[3.166s][info][gc,phases      ] GC(32) Phase 1: Mark live objects 312.182ms
[3.166s][info][gc,phases,start] GC(32) Phase 2: Compute new object addresses
[3.273s][info][gc,phases      ] GC(32) Phase 2: Compute new object addresses 106.897ms
[3.273s][info][gc,phases,start] GC(32) Phase 3: Adjust pointers
[3.392s][info][gc,phases      ] GC(32) Phase 3: Adjust pointers 119.144ms
[3.392s][info][gc,phases,start] GC(32) Phase 4: Move objects
[3.397s][info][gc,phases      ] GC(32) Phase 4: Move objects 5.257ms
[3.399s][info][gc,heap        ] GC(32) DefNew: 224447K(224448K)->24804K(505152K) Eden: 199552K(199552K)->24804K(449088K) From: 24895K(24896K)->0K(56064K)
[3.399s][info][gc,heap        ] GC(32) Tenured: 473810K(498636K)->673423K(1122376K)
[3.400s][info][gc,metaspace   ] GC(32) Metaspace: 6301K(6464K)->6301K(6464K) NonClass: 5768K(5824K)->5768K(5824K) Class: 533K(640K)->533K(640K)
[3.400s][info][gc             ] GC(32) Pause Full (Allocation Failure) 681M->681M(1589M) 545.890ms
[3.400s][info][gc,cpu         ] GC(32) User=0.55s Sys=0.00s Real=0.55s
[3.865s][info][gc,start       ] GC(33) Pause Young (Allocation Failure)
[4.667s][info][gc,heap        ] GC(33) DefNew: 449088K(505152K)->56064K(505152K) Eden: 449088K(449088K)->0K(449088K) From: 0K(56064K)->56064K(56064K)
[4.668s][info][gc,heap        ] GC(33) Tenured: 673423K(1122376K)->1066421K(1122376K)
[4.668s][info][gc,metaspace   ] GC(33) Metaspace: 6301K(6464K)->6301K(6464K) NonClass: 5768K(5824K)->5768K(5824K) Class: 533K(640K)->533K(640K)
[4.668s][info][gc             ] GC(33) Pause Young (Allocation Failure) 1096M->1096M(1589M) 802.867ms
[4.668s][info][gc,cpu         ] GC(33) User=0.66s Sys=0.14s Real=0.80s
[5.127s][info][gc,start       ] GC(34) Pause Young (Allocation Failure)
[5.856s][info][gc             ] GC(34) Pause Young (Allocation Failure) 1534M->1481M(1920M) 729.132ms
[5.856s][info][gc,cpu         ] GC(34) User=0.62s Sys=0.06s Real=0.73s
[5.856s][info][gc,start       ] GC(35) Pause Full (Allocation Failure)
[5.856s][info][gc,phases,start] GC(35) Phase 1: Mark live objects
[6.514s][info][gc,phases      ] GC(35) Phase 1: Mark live objects 657.742ms
[6.514s][info][gc,phases,start] GC(35) Phase 2: Compute new object addresses
[6.732s][info][gc,phases      ] GC(35) Phase 2: Compute new object addresses 217.997ms
[6.732s][info][gc,phases,start] GC(35) Phase 3: Adjust pointers
[6.991s][info][gc,phases      ] GC(35) Phase 3: Adjust pointers 259.457ms
[6.992s][info][gc,phases,start] GC(35) Phase 4: Move objects
[7.002s][info][gc,phases      ] GC(35) Phase 4: Move objects 10.559ms
[7.006s][info][gc,heap        ] GC(35) DefNew: 505152K(505152K)->56013K(1095936K) Eden: 449088K(449088K)->56013K(974208K) From: 56064K(56064K)->0K(121728K)
[7.006s][info][gc,heap        ] GC(35) Tenured: 1066421K(1122376K)->1461131K(2435220K)
[7.006s][info][gc,metaspace   ] GC(35) Metaspace: 6301K(6464K)->6301K(6464K) NonClass: 5768K(5824K)->5768K(5824K) Class: 533K(640K)->533K(640K)
[7.006s][info][gc             ] GC(35) Pause Full (Allocation Failure) 1481M->1481M(3448M) 1150.272ms
[7.006s][info][gc,cpu         ] GC(35) User=1.16s Sys=0.00s Real=1.15s
[7.970s][info][gc,start       ] GC(36) Pause Young (Allocation Failure)
[9.716s][info][gc,heap        ] GC(36) DefNew: 974208K(1095936K)->121727K(1095936K) Eden: 974208K(974208K)->0K(974208K) From: 0K(121728K)->121727K(121728K)
[9.716s][info][gc,heap        ] GC(36) Tenured: 1461131K(2435220K)->2313583K(2435220K)
[9.716s][info][gc,metaspace   ] GC(36) Metaspace: 6301K(6464K)->6301K(6464K) NonClass: 5768K(5824K)->5768K(5824K) Class: 533K(640K)->533K(640K)
[9.716s][info][gc             ] GC(36) Pause Young (Allocation Failure) 2378M->2378M(3448M) 1746.351ms
[9.716s][info][gc,cpu         ] GC(36) User=1.48s Sys=0.25s Real=1.75s
[10.706s][info][gc,start       ] GC(37) Pause Young (Allocation Failure)
[12.390s][info][gc             ] GC(37) Pause Young (Allocation Failure) 3329M->3329M(4281M) 1683.883ms
[12.390s][info][gc,cpu         ] GC(37) User=1.34s Sys=0.30s Real=1.68s
[12.390s][info][gc,start       ] GC(38) Pause Full (Allocation Failure)
[12.390s][info][gc,phases,start] GC(38) Phase 1: Mark live objects
[13.915s][info][gc,phases      ] GC(38) Phase 1: Mark live objects 1524.698ms
[13.915s][info][gc,phases,start] GC(38) Phase 2: Compute new object addresses
[14.415s][info][gc,phases      ] GC(38) Phase 2: Compute new object addresses 499.780ms
[14.415s][info][gc,phases,start] GC(38) Phase 3: Adjust pointers
[15.082s][info][gc,phases      ] GC(38) Phase 3: Adjust pointers 667.118ms
[15.082s][info][gc,phases,start] GC(38) Phase 4: Move objects
[15.708s][info][gc,phases      ] GC(38) Phase 4: Move objects 625.934ms
[15.718s][info][gc,heap        ] GC(38) DefNew: 1095935K(1095936K)->27452K(2465920K) Eden: 974208K(974208K)->27452K(2191936K) From: 121727K(121728K)->0K(273984K)
[15.718s][info][gc,heap        ] GC(38) Tenured: 2313583K(2435220K)->3287831K(5479720K)
[15.718s][info][gc,metaspace   ] GC(38) Metaspace: 6301K(6464K)->6301K(6464K) NonClass: 5768K(5824K)->5768K(5824K) Class: 533K(640K)->533K(640K)
[15.718s][info][gc             ] GC(38) Pause Full (Allocation Failure) 3329M->3237M(7759M) 3327.202ms
[15.718s][info][gc,cpu         ] GC(38) User=3.33s Sys=0.00s Real=3.33s
[17.953s][info][gc,start       ] GC(39) Pause Young (Allocation Failure)
[21.761s][info][gc,heap        ] GC(39) DefNew: 2191936K(2465920K)->273983K(2465920K) Eden: 2191936K(2191936K)->0K(2191936K) From: 0K(273984K)->273983K(273984K)
[21.762s][info][gc,heap        ] GC(39) Tenured: 3287831K(5479720K)->5205754K(5479720K)
[21.762s][info][gc,metaspace   ] GC(39) Metaspace: 6301K(6464K)->6301K(6464K) NonClass: 5768K(5824K)->5768K(5824K) Class: 533K(640K)->533K(640K)
[21.762s][info][gc             ] GC(39) Pause Young (Allocation Failure) 5351M->5351M(7759M) 3808.183ms
[21.762s][info][gc,cpu         ] GC(39) User=3.22s Sys=0.53s Real=3.81s
[23.860s][info][gc,start       ] GC(40) Pause Young (Allocation Failure)
[27.950s][info][gc,promotion   ] GC(40) Promotion failed
[27.950s][info][gc             ] GC(40) Pause Young (Allocation Failure) 7491M->8941M(8941M) 4089.795ms
[27.950s][info][gc,cpu         ] GC(40) User=3.56s Sys=0.45s Real=4.09s
[27.950s][info][gc,start       ] GC(41) Pause Full (Allocation Failure)
[27.950s][info][gc,phases,start] GC(41) Phase 1: Mark live objects
[31.594s][info][gc,phases      ] GC(41) Phase 1: Mark live objects 3643.904ms
[31.594s][info][gc,phases,start] GC(41) Phase 2: Compute new object addresses
[32.888s][info][gc,phases      ] GC(41) Phase 2: Compute new object addresses 1293.851ms
[32.888s][info][gc,phases,start] GC(41) Phase 3: Adjust pointers
[34.367s][info][gc,phases      ] GC(41) Phase 3: Adjust pointers 1479.216ms
[34.367s][info][gc,phases,start] GC(41) Phase 4: Move objects
[34.621s][info][gc,phases      ] GC(41) Phase 4: Move objects 253.630ms
[34.623s][info][gc,heap        ] GC(41) DefNew: 2465919K(2465920K)->981467K(3010560K) Eden: 2191936K(2191936K)->981467K(2676096K) From: 273983K(273984K)->0K(334464K)
[34.623s][info][gc,heap        ] GC(41) Tenured: 5205754K(5479720K)->6690175K(6690176K)
[34.623s][info][gc,metaspace   ] GC(41) Metaspace: 6301K(6464K)->6301K(6464K) NonClass: 5768K(5824K)->5768K(5824K) Class: 533K(640K)->533K(640K)
[34.623s][info][gc             ] GC(41) Pause Full (Allocation Failure) 8941M->7491M(9473M) 6672.943ms
[34.623s][info][gc,cpu         ] GC(41) User=6.67s Sys=0.00s Real=6.67s
[37.105s][info][gc,start       ] GC(42) Pause Full (Allocation Failure)
[37.105s][info][gc,phases,start] GC(42) Phase 1: Mark live objects
[41.445s][info][gc,phases      ] GC(42) Phase 1: Mark live objects 4340.034ms
[41.445s][info][gc,phases,start] GC(42) Phase 2: Compute new object addresses
[42.791s][info][gc,phases      ] GC(42) Phase 2: Compute new object addresses 1345.623ms
[42.791s][info][gc,phases,start] GC(42) Phase 3: Adjust pointers
[44.823s][info][gc,phases      ] GC(42) Phase 3: Adjust pointers 2031.888ms
[44.823s][info][gc,phases,start] GC(42) Phase 4: Move objects
[45.145s][info][gc,phases      ] GC(42) Phase 4: Move objects 322.261ms
[45.146s][info][gc,heap        ] GC(42) DefNew: 3010559K(3010560K)->3010540K(3010560K) Eden: 2676096K(2676096K)->2676095K(2676096K) From: 334463K(334464K)->334444K(334464K)
[45.146s][info][gc,heap        ] GC(42) Tenured: 6690175K(6690176K)->6690175K(6690176K)
[45.146s][info][gc,metaspace   ] GC(42) Metaspace: 6301K(6464K)->6301K(6464K) NonClass: 5768K(5824K)->5768K(5824K) Class: 533K(640K)->533K(640K)
[45.146s][info][gc             ] GC(42) Pause Full (Allocation Failure) 9473M->9473M(9473M) 8041.051ms
[45.146s][info][gc,cpu         ] GC(42) User=7.81s Sys=0.00s Real=8.04s
[45.146s][info][gc,start       ] GC(43) Pause Full (Allocation Failure)
[45.146s][info][gc,phases,start] GC(43) Phase 1: Mark live objects
[49.484s][info][gc,phases      ] GC(43) Phase 1: Mark live objects 4338.209ms
[49.484s][info][gc,phases,start] GC(43) Phase 2: Compute new object addresses
[50.807s][info][gc,phases      ] GC(43) Phase 2: Compute new object addresses 1323.123ms
[50.807s][info][gc,phases,start] GC(43) Phase 3: Adjust pointers
[52.572s][info][gc,phases      ] GC(43) Phase 3: Adjust pointers 1764.839ms
[52.572s][info][gc,phases,start] GC(43) Phase 4: Move objects
[52.572s][info][gc,phases      ] GC(43) Phase 4: Move objects 0.017ms
[52.573s][info][gc,heap        ] GC(43) DefNew: 3010559K(3010560K)->3010559K(3010560K) Eden: 2676096K(2676096K)->2676096K(2676096K) From: 334463K(334464K)->334463K(334464K)
[52.573s][info][gc,heap        ] GC(43) Tenured: 6690175K(6690176K)->6690175K(6690176K)
[52.573s][info][gc,metaspace   ] GC(43) Metaspace: 6301K(6464K)->6301K(6464K) NonClass: 5768K(5824K)->5768K(5824K) Class: 533K(640K)->533K(640K)
[52.573s][info][gc             ] GC(43) Pause Full (Allocation Failure) 9473M->9473M(9473M) 7427.006ms
[52.573s][info][gc,cpu         ] GC(43) User=7.25s Sys=0.00s Real=7.43s
[52.573s][info][gc,start       ] GC(44) Pause Full (Allocation Failure)
[52.573s][info][gc,phases,start] GC(44) Phase 1: Mark live objects
[56.907s][info][gc,phases      ] GC(44) Phase 1: Mark live objects 4333.540ms
[56.907s][info][gc,phases,start] GC(44) Phase 2: Compute new object addresses
[58.231s][info][gc,phases      ] GC(44) Phase 2: Compute new object addresses 1324.740ms
[58.231s][info][gc,phases,start] GC(44) Phase 3: Adjust pointers
[60.329s][info][gc,phases      ] GC(44) Phase 3: Adjust pointers 2097.275ms
[60.329s][info][gc,phases,start] GC(44) Phase 4: Move objects
[62.151s][info][gc,phases      ] GC(44) Phase 4: Move objects 1822.019ms
[62.151s][info][gc,heap        ] GC(44) DefNew: 3010559K(3010560K)->2879483K(3010560K) Eden: 2676096K(2676096K)->2676095K(2676096K) From: 334463K(334464K)->203387K(334464K)
[62.151s][info][gc,heap        ] GC(44) Tenured: 6690175K(6690176K)->6690175K(6690176K)
[62.151s][info][gc,metaspace   ] GC(44) Metaspace: 6301K(6464K)->6299K(6464K) NonClass: 5768K(5824K)->5767K(5824K) Class: 533K(640K)->532K(640K)
[62.151s][info][gc             ] GC(44) Pause Full (Allocation Failure) 9473M->9345M(9473M) 9578.524ms
[62.151s][info][gc,cpu         ] GC(44) User=9.55s Sys=0.00s Real=9.58s
[62.520s][info][gc,start       ] GC(45) Pause Full (Allocation Failure)
[62.520s][info][gc,phases,start] GC(45) Phase 1: Mark live objects
[66.941s][info][gc,phases      ] GC(45) Phase 1: Mark live objects 4420.577ms
[66.941s][info][gc,phases,start] GC(45) Phase 2: Compute new object addresses
[68.301s][info][gc,phases      ] GC(45) Phase 2: Compute new object addresses 1359.924ms
[68.301s][info][gc,phases,start] GC(45) Phase 3: Adjust pointers
[70.098s][info][gc,phases      ] GC(45) Phase 3: Adjust pointers 1796.662ms
[70.098s][info][gc,phases,start] GC(45) Phase 4: Move objects
[70.098s][info][gc,phases      ] GC(45) Phase 4: Move objects 0.017ms
[70.098s][info][gc,heap        ] GC(45) DefNew: 3010559K(3010560K)->3010559K(3010560K) Eden: 2676096K(2676096K)->2676096K(2676096K) From: 334463K(334464K)->334463K(334464K)
[70.098s][info][gc,heap        ] GC(45) Tenured: 6690175K(6690176K)->6690175K(6690176K)
[70.098s][info][gc,metaspace   ] GC(45) Metaspace: 6299K(6464K)->6299K(6464K) NonClass: 5767K(5824K)->5767K(5824K) Class: 532K(640K)->532K(640K)
[70.098s][info][gc             ] GC(45) Pause Full (Allocation Failure) 9473M->9473M(9473M) 7578.089ms
[70.098s][info][gc,cpu         ] GC(45) User=7.50s Sys=0.00s Real=7.58s
[70.098s][info][gc,start       ] GC(46) Pause Full (Allocation Failure)
[70.098s][info][gc,phases,start] GC(46) Phase 1: Mark live objects
[74.472s][info][gc,phases      ] GC(46) Phase 1: Mark live objects 4373.400ms
[74.472s][info][gc,phases,start] GC(46) Phase 2: Compute new object addresses
[75.808s][info][gc,phases      ] GC(46) Phase 2: Compute new object addresses 1336.180ms
[75.808s][info][gc,phases,start] GC(46) Phase 3: Adjust pointers
[77.625s][info][gc,phases      ] GC(46) Phase 3: Adjust pointers 1816.513ms
[77.625s][info][gc,phases,start] GC(46) Phase 4: Move objects
[77.625s][info][gc,phases      ] GC(46) Phase 4: Move objects 0.016ms
[77.625s][info][gc,heap        ] GC(46) DefNew: 3010559K(3010560K)->3010559K(3010560K) Eden: 2676096K(2676096K)->2676096K(2676096K) From: 334463K(334464K)->334463K(334464K)
[77.625s][info][gc,heap        ] GC(46) Tenured: 6690175K(6690176K)->6690175K(6690176K)
[77.625s][info][gc,metaspace   ] GC(46) Metaspace: 6299K(6464K)->6299K(6464K) NonClass: 5767K(5824K)->5767K(5824K) Class: 532K(640K)->532K(640K)
[77.625s][info][gc             ] GC(46) Pause Full (Allocation Failure) 9473M->9473M(9473M) 7526.926ms
[77.625s][info][gc,cpu         ] GC(46) User=7.47s Sys=0.00s Real=7.53s
[77.626s][info][gc,start       ] GC(47) Pause Full (Allocation Failure)
[77.626s][info][gc,phases,start] GC(47) Phase 1: Mark live objects
[82.013s][info][gc,phases      ] GC(47) Phase 1: Mark live objects 4387.095ms
[82.013s][info][gc,phases,start] GC(47) Phase 2: Compute new object addresses
[83.356s][info][gc,phases      ] GC(47) Phase 2: Compute new object addresses 1343.080ms
[83.356s][info][gc,phases,start] GC(47) Phase 3: Adjust pointers
[85.149s][info][gc,phases      ] GC(47) Phase 3: Adjust pointers 1793.317ms
[85.149s][info][gc,phases,start] GC(47) Phase 4: Move objects
[85.149s][info][gc,phases      ] GC(47) Phase 4: Move objects 0.016ms
[85.150s][info][gc,heap        ] GC(47) DefNew: 3010560K(3010560K)->3010559K(3010560K) Eden: 2676096K(2676096K)->2676096K(2676096K) From: 334464K(334464K)->334463K(334464K)
[85.150s][info][gc,heap        ] GC(47) Tenured: 6690175K(6690176K)->6690175K(6690176K)
[85.150s][info][gc,metaspace   ] GC(47) Metaspace: 6299K(6464K)->6299K(6464K) NonClass: 5767K(5824K)->5767K(5824K) Class: 532K(640K)->532K(640K)
[85.150s][info][gc             ] GC(47) Pause Full (Allocation Failure) 9473M->9473M(9473M) 7524.299ms
[85.150s][info][gc,cpu         ] GC(47) User=7.47s Sys=0.02s Real=7.52s
[85.150s][info][gc,start       ] GC(48) Pause Full (Allocation Failure)
[85.150s][info][gc,phases,start] GC(48) Phase 1: Mark live objects
[89.520s][info][gc,phases      ] GC(48) Phase 1: Mark live objects 4370.192ms
[89.520s][info][gc,phases,start] GC(48) Phase 2: Compute new object addresses
[90.862s][info][gc,phases      ] GC(48) Phase 2: Compute new object addresses 1341.678ms
[90.862s][info][gc,phases,start] GC(48) Phase 3: Adjust pointers
[92.991s][info][gc,phases      ] GC(48) Phase 3: Adjust pointers 2128.685ms
[92.991s][info][gc,phases,start] GC(48) Phase 4: Move objects
[94.584s][info][gc,phases      ] GC(48) Phase 4: Move objects 1592.868ms
[94.584s][info][gc,heap        ] GC(48) DefNew: 3010559K(3010560K)->3010558K(3010560K) Eden: 2676096K(2676096K)->2676095K(2676096K) From: 334463K(334464K)->334462K(334464K)
[94.584s][info][gc,heap        ] GC(48) Tenured: 6690175K(6690176K)->6690175K(6690176K)
[94.584s][info][gc,metaspace   ] GC(48) Metaspace: 6299K(6464K)->6299K(6464K) NonClass: 5767K(5824K)->5767K(5824K) Class: 532K(640K)->532K(640K)
[94.584s][info][gc             ] GC(48) Pause Full (Allocation Failure) 9473M->9473M(9473M) 9434.342ms
[94.584s][info][gc,cpu         ] GC(48) User=9.39s Sys=0.03s Real=9.43s
[94.586s][info][gc,start       ] GC(49) Pause Full (Allocation Failure)
[94.586s][info][gc,phases,start] GC(49) Phase 1: Mark live objects
[98.945s][info][gc,phases      ] GC(49) Phase 1: Mark live objects 4359.642ms
[98.945s][info][gc,phases,start] GC(49) Phase 2: Compute new object addresses
[100.295s][info][gc,phases      ] GC(49) Phase 2: Compute new object addresses 1349.704ms
[100.295s][info][gc,phases,start] GC(49) Phase 3: Adjust pointers
[102.098s][info][gc,phases      ] GC(49) Phase 3: Adjust pointers 1802.665ms
[102.098s][info][gc,phases,start] GC(49) Phase 4: Move objects
[102.098s][info][gc,phases      ] GC(49) Phase 4: Move objects 0.016ms
[102.098s][info][gc,heap        ] GC(49) DefNew: 3010559K(3010560K)->3010558K(3010560K) Eden: 2676096K(2676096K)->2676095K(2676096K) From: 334463K(334464K)->334462K(334464K)
[102.098s][info][gc,heap        ] GC(49) Tenured: 6690175K(6690176K)->6690175K(6690176K)
[102.098s][info][gc,metaspace   ] GC(49) Metaspace: 6301K(6464K)->6301K(6464K) NonClass: 5767K(5824K)->5767K(5824K) Class: 533K(640K)->533K(640K)
[102.098s][info][gc             ] GC(49) Pause Full (Allocation Failure) 9473M->9473M(9473M) 7512.841ms
[102.098s][info][gc,cpu         ] GC(49) User=7.45s Sys=0.00s Real=7.51s
[102.099s][info][gc,heap,exit   ] Heap
[102.099s][info][gc,heap,exit   ]  def new generation   total 3010560K, used 3010559K [0x000000059b800000, 0x0000000667aa0000, 0x0000000667aa0000)
[102.099s][info][gc,heap,exit   ]   eden space 2676096K, 100% used [0x000000059b800000, 0x000000063ed60000, 0x000000063ed60000)
[102.099s][info][gc,heap,exit   ]   from space 334464K,  99% used [0x000000063ed60000, 0x00000006533fff18, 0x0000000653400000)
[102.099s][info][gc,heap,exit   ]   to   space 334464K,   0% used [0x0000000653400000, 0x0000000653400000, 0x0000000667aa0000)
[102.099s][info][gc,heap,exit   ]  tenured generation   total 6690176K, used 6690175K [0x0000000667aa0000, 0x0000000800000000, 0x0000000800000000)
[102.099s][info][gc,heap,exit   ]    the space 6690176K,  99% used [0x0000000667aa0000, 0x00000007ffffffb8, 0x0000000800000000, 0x0000000800000000)
[102.099s][info][gc,heap,exit   ]  Metaspace       used 6304K, committed 6528K, reserved 1114112K
[102.099s][info][gc,heap,exit   ]   class space    used 534K, committed 640K, reserved 1048576K
