[0.013s][info][gc,init] CardTable entry size: 512
[0.014s][info][gc     ] Using Serial
[0.014s][info][gc,init] Version: 18.0.1+10 (release)
[0.014s][info][gc,init] CPUs: 8 total, 8 available
[0.014s][info][gc,init] Memory: 16063M
[0.014s][info][gc,init] Large Page Support: Disabled
[0.014s][info][gc,init] NUMA Support: Disabled
[0.014s][info][gc,init] Compressed Oops: Enabled (32-bit)
[0.014s][info][gc,init] Heap Min Capacity: 2M
[0.014s][info][gc,init] Heap Initial Capacity: 2M
[0.014s][info][gc,init] Heap Max Capacity: 600M
[0.014s][info][gc,init] Pre-touch: Disabled
[0.014s][info][gc,metaspace] CDS archive(s) not mapped
[0.014s][info][gc,metaspace] Compressed class space mapped at: 0x0000000100000000-0x0000000140000000, reserved size: 1073741824
[0.014s][info][gc,metaspace] Narrow klass base: 0x0000000000000000, Narrow klass shift: 3, Narrow klass range: 0x140000000
[0.179s][info][gc,start    ] GC(0) Pause Young (Allocation Failure)
[0.181s][info][gc,heap     ] GC(0) DefNew: 1023K(1152K)->127K(1152K) Eden: 1023K(1024K)->0K(1024K) From: 0K(128K)->127K(128K)
[0.181s][info][gc,heap     ] GC(0) Tenured: 0K(768K)->440K(768K)
[0.181s][info][gc,metaspace] GC(0) Metaspace: 5905K(6016K)->5905K(6016K) NonClass: 5405K(5504K)->5405K(5504K) Class: 499K(512K)->499K(512K)
[0.181s][info][gc          ] GC(0) Pause Young (Allocation Failure) 0M->0M(1M) 1.761ms
[0.181s][info][gc,cpu      ] GC(0) User=0.00s Sys=0.00s Real=0.00s
[0.200s][info][gc,start    ] GC(1) Pause Young (Allocation Failure)
[0.202s][info][gc          ] GC(1) Pause Young (Allocation Failure) 1M->0M(2M) 1.438ms
[0.202s][info][gc,cpu      ] GC(1) User=0.00s Sys=0.00s Real=0.00s
[0.202s][info][gc,start    ] GC(2) Pause Full (Allocation Failure)
[0.202s][info][gc,phases,start] GC(2) Phase 1: Mark live objects
[0.203s][info][gc,phases      ] GC(2) Phase 1: Mark live objects 1.124ms
[0.203s][info][gc,phases,start] GC(2) Phase 2: Compute new object addresses
[0.203s][info][gc,phases      ] GC(2) Phase 2: Compute new object addresses 0.274ms
[0.203s][info][gc,phases,start] GC(2) Phase 3: Adjust pointers
[0.204s][info][gc,phases      ] GC(2) Phase 3: Adjust pointers 0.612ms
[0.204s][info][gc,phases,start] GC(2) Phase 4: Move objects
[0.204s][info][gc,phases      ] GC(2) Phase 4: Move objects 0.085ms
[0.204s][info][gc,heap        ] GC(2) DefNew: 1151K(1152K)->40K(1152K) Eden: 1024K(1024K)->40K(1024K) From: 127K(128K)->0K(128K)
[0.204s][info][gc,heap        ] GC(2) Tenured: 440K(768K)->959K(1600K)
[0.204s][info][gc,metaspace   ] GC(2) Metaspace: 6301K(6528K)->6301K(6528K) NonClass: 5768K(5888K)->5768K(5888K) Class: 533K(640K)->533K(640K)
[0.204s][info][gc             ] GC(2) Pause Full (Allocation Failure) 0M->0M(2M) 2.423ms
[0.204s][info][gc,cpu         ] GC(2) User=0.00s Sys=0.00s Real=0.00s
[0.206s][info][gc,start       ] GC(3) Pause Young (Allocation Failure)
[0.207s][info][gc,heap        ] GC(3) DefNew: 1024K(1152K)->128K(1152K) Eden: 1024K(1024K)->0K(1024K) From: 0K(128K)->128K(128K)
[0.207s][info][gc,heap        ] GC(3) Tenured: 959K(1600K)->1375K(1600K)
[0.207s][info][gc,metaspace   ] GC(3) Metaspace: 6301K(6528K)->6301K(6528K) NonClass: 5768K(5888K)->5768K(5888K) Class: 533K(640K)->533K(640K)
[0.207s][info][gc             ] GC(3) Pause Young (Allocation Failure) 1M->1M(2M) 1.456ms
[0.207s][info][gc,cpu         ] GC(3) User=0.00s Sys=0.00s Real=0.00s
[0.209s][info][gc,start       ] GC(4) Pause Young (Allocation Failure)
[0.211s][info][gc             ] GC(4) Pause Young (Allocation Failure) 2M->1M(3M) 1.792ms
[0.211s][info][gc,cpu         ] GC(4) User=0.00s Sys=0.00s Real=0.00s
[0.211s][info][gc,start       ] GC(5) Pause Full (Allocation Failure)
[0.211s][info][gc,phases,start] GC(5) Phase 1: Mark live objects
[0.212s][info][gc,phases      ] GC(5) Phase 1: Mark live objects 1.663ms
[0.212s][info][gc,phases,start] GC(5) Phase 2: Compute new object addresses
[0.213s][info][gc,phases      ] GC(5) Phase 2: Compute new object addresses 0.469ms
[0.213s][info][gc,phases,start] GC(5) Phase 3: Adjust pointers
[0.214s][info][gc,phases      ] GC(5) Phase 3: Adjust pointers 0.848ms
[0.214s][info][gc,phases,start] GC(5) Phase 4: Move objects
[0.214s][info][gc,phases      ] GC(5) Phase 4: Move objects 0.255ms
[0.214s][info][gc,heap        ] GC(5) DefNew: 1152K(1152K)->34K(1536K) Eden: 1024K(1024K)->34K(1408K) From: 128K(128K)->0K(128K)
[0.214s][info][gc,heap        ] GC(5) Tenured: 1375K(1600K)->1983K(3308K)
[0.214s][info][gc,metaspace   ] GC(5) Metaspace: 6301K(6528K)->6301K(6528K) NonClass: 5768K(5888K)->5768K(5888K) Class: 533K(640K)->533K(640K)
[0.214s][info][gc             ] GC(5) Pause Full (Allocation Failure) 1M->1M(4M) 3.631ms
[0.214s][info][gc,cpu         ] GC(5) User=0.00s Sys=0.00s Real=0.00s
[0.216s][info][gc,start       ] GC(6) Pause Young (Allocation Failure)
[0.218s][info][gc,heap        ] GC(6) DefNew: 1408K(1536K)->128K(1536K) Eden: 1408K(1408K)->0K(1408K) From: 0K(128K)->128K(128K)
[0.218s][info][gc,heap        ] GC(6) Tenured: 1983K(3308K)->2617K(3308K)
[0.218s][info][gc,metaspace   ] GC(6) Metaspace: 6301K(6528K)->6301K(6528K) NonClass: 5768K(5888K)->5768K(5888K) Class: 533K(640K)->533K(640K)
[0.218s][info][gc             ] GC(6) Pause Young (Allocation Failure) 3M->2M(4M) 1.854ms
[0.218s][info][gc,cpu         ] GC(6) User=0.00s Sys=0.00s Real=0.00s
[0.220s][info][gc,start       ] GC(7) Pause Young (Allocation Failure)
[0.222s][info][gc             ] GC(7) Pause Young (Allocation Failure) 4M->3M(4M) 1.611ms
[0.222s][info][gc,cpu         ] GC(7) User=0.00s Sys=0.00s Real=0.00s
[0.222s][info][gc,start       ] GC(8) Pause Full (Allocation Failure)
[0.222s][info][gc,phases,start] GC(8) Phase 1: Mark live objects
[0.224s][info][gc,phases      ] GC(8) Phase 1: Mark live objects 2.007ms
[0.224s][info][gc,phases,start] GC(8) Phase 2: Compute new object addresses
[0.224s][info][gc,phases      ] GC(8) Phase 2: Compute new object addresses 0.593ms
[0.224s][info][gc,phases,start] GC(8) Phase 3: Adjust pointers
[0.225s][info][gc,phases      ] GC(8) Phase 3: Adjust pointers 1.174ms
[0.226s][info][gc,phases,start] GC(8) Phase 4: Move objects
[0.226s][info][gc,phases      ] GC(8) Phase 4: Move objects 0.080ms
[0.226s][info][gc,heap        ] GC(8) DefNew: 1536K(1536K)->0K(2688K) Eden: 1408K(1408K)->0K(2432K) From: 128K(128K)->0K(256K)
[0.226s][info][gc,heap        ] GC(8) Tenured: 2617K(3308K)->3460K(5768K)
[0.226s][info][gc,metaspace   ] GC(8) Metaspace: 6301K(6528K)->6301K(6528K) NonClass: 5768K(5888K)->5768K(5888K) Class: 533K(640K)->533K(640K)
[0.226s][info][gc             ] GC(8) Pause Full (Allocation Failure) 3M->3M(8M) 4.144ms
[0.226s][info][gc,cpu         ] GC(8) User=0.00s Sys=0.00s Real=0.00s
[0.230s][info][gc,start       ] GC(9) Pause Young (Allocation Failure)
[0.233s][info][gc,heap        ] GC(9) DefNew: 2431K(2688K)->255K(2688K) Eden: 2431K(2432K)->0K(2432K) From: 0K(256K)->255K(256K)
[0.233s][info][gc,heap        ] GC(9) Tenured: 3460K(5768K)->4512K(5768K)
[0.233s][info][gc,metaspace   ] GC(9) Metaspace: 6301K(6528K)->6301K(6528K) NonClass: 5768K(5888K)->5768K(5888K) Class: 533K(640K)->533K(640K)
[0.233s][info][gc             ] GC(9) Pause Young (Allocation Failure) 5M->4M(8M) 2.819ms
[0.233s][info][gc,cpu         ] GC(9) User=0.00s Sys=0.00s Real=0.00s
[0.236s][info][gc,start       ] GC(10) Pause Young (Allocation Failure)
[0.238s][info][gc,heap        ] GC(10) DefNew: 2687K(2688K)->256K(2688K) Eden: 2432K(2432K)->0K(2432K) From: 255K(256K)->256K(256K)
[0.239s][info][gc,heap        ] GC(10) Tenured: 4512K(5768K)->5755K(5768K)
[0.239s][info][gc,metaspace   ] GC(10) Metaspace: 6301K(6528K)->6301K(6528K) NonClass: 5768K(5888K)->5768K(5888K) Class: 533K(640K)->533K(640K)
[0.239s][info][gc             ] GC(10) Pause Young (Allocation Failure) 7M->5M(8M) 2.490ms
[0.239s][info][gc,cpu         ] GC(10) User=0.00s Sys=0.00s Real=0.00s
[0.242s][info][gc,start       ] GC(11) Pause Young (Allocation Failure)
[0.245s][info][gc             ] GC(11) Pause Young (Allocation Failure) 8M->7M(9M) 3.217ms
[0.245s][info][gc,cpu         ] GC(11) User=0.00s Sys=0.00s Real=0.00s
[0.245s][info][gc,start       ] GC(12) Pause Full (Allocation Failure)
[0.245s][info][gc,phases,start] GC(12) Phase 1: Mark live objects
[0.250s][info][gc,phases      ] GC(12) Phase 1: Mark live objects 4.289ms
[0.250s][info][gc,phases,start] GC(12) Phase 2: Compute new object addresses
[0.251s][info][gc,phases      ] GC(12) Phase 2: Compute new object addresses 1.379ms
[0.251s][info][gc,phases,start] GC(12) Phase 3: Adjust pointers
[0.253s][info][gc,phases      ] GC(12) Phase 3: Adjust pointers 1.852ms
[0.253s][info][gc,phases,start] GC(12) Phase 4: Move objects
[0.254s][info][gc,phases      ] GC(12) Phase 4: Move objects 1.260ms
[0.254s][info][gc,heap        ] GC(12) DefNew: 2688K(2688K)->0K(5376K) Eden: 2432K(2432K)->0K(4800K) From: 256K(256K)->0K(576K)
[0.255s][info][gc,heap        ] GC(12) Tenured: 5755K(5768K)->7132K(11888K)
[0.255s][info][gc,metaspace   ] GC(12) Metaspace: 6301K(6528K)->6301K(6528K) NonClass: 5768K(5888K)->5768K(5888K) Class: 533K(640K)->533K(640K)
[0.255s][info][gc             ] GC(12) Pause Full (Allocation Failure) 7M->6M(16M) 9.359ms
[0.255s][info][gc,cpu         ] GC(12) User=0.00s Sys=0.00s Real=0.01s
[0.259s][info][gc,start       ] GC(13) Pause Young (Allocation Failure)
[0.265s][info][gc,heap        ] GC(13) DefNew: 4800K(5376K)->575K(5376K) Eden: 4800K(4800K)->0K(4800K) From: 0K(576K)->575K(576K)
[0.265s][info][gc,heap        ] GC(13) Tenured: 7132K(11888K)->9027K(11888K)
[0.265s][info][gc,metaspace   ] GC(13) Metaspace: 6301K(6528K)->6301K(6528K) NonClass: 5768K(5888K)->5768K(5888K) Class: 533K(640K)->533K(640K)
[0.265s][info][gc             ] GC(13) Pause Young (Allocation Failure) 11M->9M(16M) 5.654ms
[0.265s][info][gc,cpu         ] GC(13) User=0.00s Sys=0.00s Real=0.01s
[0.269s][info][gc,start       ] GC(14) Pause Young (Allocation Failure)
[0.277s][info][gc,heap        ] GC(14) DefNew: 5375K(5376K)->576K(5376K) Eden: 4800K(4800K)->0K(4800K) From: 575K(576K)->576K(576K)
[0.277s][info][gc,heap        ] GC(14) Tenured: 9027K(11888K)->11747K(11888K)
[0.277s][info][gc,metaspace   ] GC(14) Metaspace: 6301K(6528K)->6301K(6528K) NonClass: 5768K(5888K)->5768K(5888K) Class: 533K(640K)->533K(640K)
[0.277s][info][gc             ] GC(14) Pause Young (Allocation Failure) 14M->12M(16M) 7.286ms
[0.277s][info][gc,cpu         ] GC(14) User=0.00s Sys=0.00s Real=0.01s
[0.281s][info][gc,start       ] GC(15) Pause Young (Allocation Failure)
[0.287s][info][gc             ] GC(15) Pause Young (Allocation Failure) 16M->14M(19M) 6.161ms
[0.287s][info][gc,cpu         ] GC(15) User=0.02s Sys=0.00s Real=0.01s
[0.287s][info][gc,start       ] GC(16) Pause Full (Allocation Failure)
[0.287s][info][gc,phases,start] GC(16) Phase 1: Mark live objects
[0.295s][info][gc,phases      ] GC(16) Phase 1: Mark live objects 8.443ms
[0.296s][info][gc,phases,start] GC(16) Phase 2: Compute new object addresses
[0.298s][info][gc,phases      ] GC(16) Phase 2: Compute new object addresses 2.552ms
[0.298s][info][gc,phases,start] GC(16) Phase 3: Adjust pointers
[0.301s][info][gc,phases      ] GC(16) Phase 3: Adjust pointers 2.880ms
[0.301s][info][gc,phases,start] GC(16) Phase 4: Move objects
[0.301s][info][gc,phases      ] GC(16) Phase 4: Move objects 0.192ms
[0.301s][info][gc,heap        ] GC(16) DefNew: 5376K(5376K)->387K(10880K) Eden: 4800K(4800K)->387K(9728K) From: 576K(576K)->0K(1152K)
[0.301s][info][gc,heap        ] GC(16) Tenured: 11747K(11888K)->14384K(23976K)
[0.301s][info][gc,metaspace   ] GC(16) Metaspace: 6303K(6528K)->6303K(6528K) NonClass: 5770K(5888K)->5770K(5888K) Class: 533K(640K)->533K(640K)
[0.301s][info][gc             ] GC(16) Pause Full (Allocation Failure) 14M->14M(34M) 14.447ms
[0.301s][info][gc,cpu         ] GC(16) User=0.02s Sys=0.00s Real=0.01s
[0.310s][info][gc,start       ] GC(17) Pause Young (Allocation Failure)
[0.322s][info][gc,heap        ] GC(17) DefNew: 9728K(10880K)->1151K(10880K) Eden: 9728K(9728K)->0K(9728K) From: 0K(1152K)->1151K(1152K)
[0.322s][info][gc,heap        ] GC(17) Tenured: 14384K(23976K)->18415K(23976K)
[0.322s][info][gc,metaspace   ] GC(17) Metaspace: 6303K(6528K)->6303K(6528K) NonClass: 5770K(5888K)->5770K(5888K) Class: 533K(640K)->533K(640K)
[0.322s][info][gc             ] GC(17) Pause Young (Allocation Failure) 23M->19M(34M) 12.161ms
[0.322s][info][gc,cpu         ] GC(17) User=0.00s Sys=0.00s Real=0.01s
[0.331s][info][gc,start       ] GC(18) Pause Young (Allocation Failure)
[0.342s][info][gc,heap        ] GC(18) DefNew: 10879K(10880K)->1151K(10880K) Eden: 9728K(9728K)->0K(9728K) From: 1151K(1152K)->1151K(1152K)
[0.342s][info][gc,heap        ] GC(18) Tenured: 18415K(23976K)->23936K(23976K)
[0.342s][info][gc,metaspace   ] GC(18) Metaspace: 6303K(6528K)->6303K(6528K) NonClass: 5770K(5888K)->5770K(5888K) Class: 533K(640K)->533K(640K)
[0.342s][info][gc             ] GC(18) Pause Young (Allocation Failure) 28M->24M(34M) 11.896ms
[0.343s][info][gc,cpu         ] GC(18) User=0.00s Sys=0.00s Real=0.01s
[0.350s][info][gc,start       ] GC(19) Pause Young (Allocation Failure)
[0.361s][info][gc             ] GC(19) Pause Young (Allocation Failure) 34M->29M(38M) 11.349ms
[0.361s][info][gc,cpu         ] GC(19) User=0.00s Sys=0.00s Real=0.01s
[0.361s][info][gc,start       ] GC(20) Pause Full (Allocation Failure)
[0.361s][info][gc,phases,start] GC(20) Phase 1: Mark live objects
[0.375s][info][gc,phases      ] GC(20) Phase 1: Mark live objects 14.205ms
[0.375s][info][gc,phases,start] GC(20) Phase 2: Compute new object addresses
[0.380s][info][gc,phases      ] GC(20) Phase 2: Compute new object addresses 4.795ms
[0.380s][info][gc,phases,start] GC(20) Phase 3: Adjust pointers
[0.385s][info][gc,phases      ] GC(20) Phase 3: Adjust pointers 5.348ms
[0.386s][info][gc,phases,start] GC(20) Phase 4: Move objects
[0.386s][info][gc,phases      ] GC(20) Phase 4: Move objects 0.185ms
[0.386s][info][gc,heap        ] GC(20) DefNew: 10879K(10880K)->1080K(21888K) Eden: 9728K(9728K)->1080K(19520K) From: 1151K(1152K)->0K(2368K)
[0.386s][info][gc,heap        ] GC(20) Tenured: 23936K(23976K)->29035K(48396K)
[0.386s][info][gc,metaspace   ] GC(20) Metaspace: 6303K(6528K)->6303K(6528K) NonClass: 5770K(5888K)->5770K(5888K) Class: 533K(640K)->533K(640K)
[0.386s][info][gc             ] GC(20) Pause Full (Allocation Failure) 29M->29M(68M) 24.946ms
[0.386s][info][gc,cpu         ] GC(20) User=0.03s Sys=0.00s Real=0.03s
[0.403s][info][gc,start       ] GC(21) Pause Young (Allocation Failure)
[0.434s][info][gc,heap        ] GC(21) DefNew: 19520K(21888K)->2367K(21888K) Eden: 19520K(19520K)->0K(19520K) From: 0K(2368K)->2367K(2368K)
[0.434s][info][gc,heap        ] GC(21) Tenured: 29035K(48396K)->41011K(48396K)
[0.434s][info][gc,metaspace   ] GC(21) Metaspace: 6303K(6528K)->6303K(6528K) NonClass: 5770K(5888K)->5770K(5888K) Class: 533K(640K)->533K(640K)
[0.434s][info][gc             ] GC(21) Pause Young (Allocation Failure) 47M->42M(68M) 30.992ms
[0.434s][info][gc,cpu         ] GC(21) User=0.02s Sys=0.00s Real=0.03s
[0.453s][info][gc,start       ] GC(22) Pause Young (Allocation Failure)
[0.490s][info][gc             ] GC(22) Pause Young (Allocation Failure) 61M->61M(80M) 37.050ms
[0.490s][info][gc,cpu         ] GC(22) User=0.02s Sys=0.02s Real=0.04s
[0.490s][info][gc,start       ] GC(23) Pause Full (Allocation Failure)
[0.490s][info][gc,phases,start] GC(23) Phase 1: Mark live objects
[0.519s][info][gc,phases      ] GC(23) Phase 1: Mark live objects 28.658ms
[0.519s][info][gc,phases,start] GC(23) Phase 2: Compute new object addresses
[0.528s][info][gc,phases      ] GC(23) Phase 2: Compute new object addresses 9.830ms
[0.529s][info][gc,phases,start] GC(23) Phase 3: Adjust pointers
[0.540s][info][gc,phases      ] GC(23) Phase 3: Adjust pointers 11.633ms
[0.540s][info][gc,phases,start] GC(23) Phase 4: Move objects
[0.541s][info][gc,phases      ] GC(23) Phase 4: Move objects 0.370ms
[0.541s][info][gc,heap        ] GC(23) DefNew: 21887K(21888K)->2184K(45568K) Eden: 19520K(19520K)->2184K(40512K) From: 2367K(2368K)->0K(5056K)
[0.541s][info][gc,heap        ] GC(23) Tenured: 41011K(48396K)->60684K(101140K)
[0.541s][info][gc,metaspace   ] GC(23) Metaspace: 6303K(6528K)->6303K(6528K) NonClass: 5770K(5888K)->5770K(5888K) Class: 533K(640K)->533K(640K)
[0.541s][info][gc             ] GC(23) Pause Full (Allocation Failure) 61M->61M(143M) 51.115ms
[0.541s][info][gc,cpu         ] GC(23) User=0.05s Sys=0.00s Real=0.05s
[0.587s][info][gc,start       ] GC(24) Pause Young (Allocation Failure)
[0.650s][info][gc,heap        ] GC(24) DefNew: 40512K(45568K)->5055K(45568K) Eden: 40512K(40512K)->0K(40512K) From: 0K(5056K)->5055K(5056K)
[0.650s][info][gc,heap        ] GC(24) Tenured: 60684K(101140K)->96114K(101140K)
[0.650s][info][gc,metaspace   ] GC(24) Metaspace: 6303K(6528K)->6303K(6528K) NonClass: 5770K(5888K)->5770K(5888K) Class: 533K(640K)->533K(640K)
[0.650s][info][gc             ] GC(24) Pause Young (Allocation Failure) 98M->98M(143M) 63.360ms
[0.650s][info][gc,cpu         ] GC(24) User=0.03s Sys=0.02s Real=0.06s
[0.683s][info][gc,start       ] GC(25) Pause Young (Allocation Failure)
[0.756s][info][gc             ] GC(25) Pause Young (Allocation Failure) 138M->138M(177M) 73.038ms
[0.756s][info][gc,cpu         ] GC(25) User=0.06s Sys=0.00s Real=0.07s
[0.756s][info][gc,start       ] GC(26) Pause Full (Allocation Failure)
[0.756s][info][gc,phases,start] GC(26) Phase 1: Mark live objects
[0.814s][info][gc,phases      ] GC(26) Phase 1: Mark live objects 57.402ms
[0.814s][info][gc,phases,start] GC(26) Phase 2: Compute new object addresses
[0.835s][info][gc,phases      ] GC(26) Phase 2: Compute new object addresses 21.669ms
[0.835s][info][gc,phases,start] GC(26) Phase 3: Adjust pointers
[0.864s][info][gc,phases      ] GC(26) Phase 3: Adjust pointers 28.471ms
[0.864s][info][gc,phases,start] GC(26) Phase 4: Move objects
[0.889s][info][gc,phases      ] GC(26) Phase 4: Move objects 25.291ms
[0.890s][info][gc,heap        ] GC(26) DefNew: 45567K(45568K)->1152K(102528K) Eden: 40512K(40512K)->1152K(91136K) From: 5055K(5056K)->0K(11392K)
[0.890s][info][gc,heap        ] GC(26) Tenured: 96114K(101140K)->136659K(227768K)
[0.890s][info][gc,metaspace   ] GC(26) Metaspace: 6303K(6528K)->6303K(6528K) NonClass: 5770K(5888K)->5770K(5888K) Class: 533K(640K)->533K(640K)
[0.890s][info][gc             ] GC(26) Pause Full (Allocation Failure) 138M->134M(322M) 133.647ms
[0.890s][info][gc,cpu         ] GC(26) User=0.11s Sys=0.00s Real=0.13s
[0.989s][info][gc,start       ] GC(27) Pause Young (Allocation Failure)
[1.135s][info][gc,heap        ] GC(27) DefNew: 91136K(102528K)->11391K(102528K) Eden: 91136K(91136K)->0K(91136K) From: 0K(11392K)->11391K(11392K)
[1.135s][info][gc,heap        ] GC(27) Tenured: 136659K(227768K)->216373K(227768K)
[1.135s][info][gc,metaspace   ] GC(27) Metaspace: 6303K(6528K)->6303K(6528K) NonClass: 5770K(5888K)->5770K(5888K) Class: 533K(640K)->533K(640K)
[1.135s][info][gc             ] GC(27) Pause Young (Allocation Failure) 222M->222M(322M) 146.322ms
[1.135s][info][gc,cpu         ] GC(27) User=0.09s Sys=0.03s Real=0.15s
[1.216s][info][gc,start       ] GC(28) Pause Young (Allocation Failure)
[1.387s][info][gc             ] GC(28) Pause Young (Allocation Failure) 311M->311M(400M) 171.028ms
[1.387s][info][gc,cpu         ] GC(28) User=0.14s Sys=0.02s Real=0.17s
[1.387s][info][gc,start       ] GC(29) Pause Full (Allocation Failure)
[1.387s][info][gc,phases,start] GC(29) Phase 1: Mark live objects
[1.537s][info][gc,phases      ] GC(29) Phase 1: Mark live objects 149.558ms
[1.537s][info][gc,phases,start] GC(29) Phase 2: Compute new object addresses
[1.588s][info][gc,phases      ] GC(29) Phase 2: Compute new object addresses 50.889ms
[1.588s][info][gc,phases,start] GC(29) Phase 3: Adjust pointers
[1.642s][info][gc,phases      ] GC(29) Phase 3: Adjust pointers 54.319ms
[1.642s][info][gc,phases,start] GC(29) Phase 4: Move objects
[1.644s][info][gc,phases      ] GC(29) Phase 4: Move objects 2.271ms
[1.645s][info][gc,heap        ] GC(29) DefNew: 102527K(102528K)->11232K(184320K) Eden: 91136K(91136K)->11232K(163840K) From: 11391K(11392K)->0K(20480K)
[1.645s][info][gc,heap        ] GC(29) Tenured: 216373K(227768K)->307639K(409600K)
[1.645s][info][gc,metaspace   ] GC(29) Metaspace: 6303K(6528K)->6303K(6528K) NonClass: 5770K(5888K)->5770K(5888K) Class: 533K(640K)->533K(640K)
[1.645s][info][gc             ] GC(29) Pause Full (Allocation Failure) 311M->311M(580M) 258.082ms
[1.645s][info][gc,cpu         ] GC(29) User=0.23s Sys=0.00s Real=0.26s
[1.808s][info][gc,start       ] GC(30) Pause Young (Allocation Failure)
[2.102s][info][gc,promotion   ] GC(30) Promotion failed
[2.102s][info][gc             ] GC(30) Pause Young (Allocation Failure) 460M->579M(580M) 294.366ms
[2.102s][info][gc,cpu         ] GC(30) User=0.22s Sys=0.05s Real=0.30s
[2.102s][info][gc,start       ] GC(31) Pause Full (Allocation Failure)
[2.102s][info][gc,phases,start] GC(31) Phase 1: Mark live objects
[2.319s][info][gc,phases      ] GC(31) Phase 1: Mark live objects 216.996ms
[2.320s][info][gc,phases,start] GC(31) Phase 2: Compute new object addresses
[2.407s][info][gc,phases      ] GC(31) Phase 2: Compute new object addresses 87.593ms
[2.407s][info][gc,phases,start] GC(31) Phase 3: Adjust pointers
[2.499s][info][gc,phases      ] GC(31) Phase 3: Adjust pointers 92.069ms
[2.499s][info][gc,phases,start] GC(31) Phase 4: Move objects
[2.514s][info][gc,phases      ] GC(31) Phase 4: Move objects 14.355ms
[2.514s][info][gc,heap        ] GC(31) DefNew: 163840K(184320K)->61854K(184320K) Eden: 163840K(163840K)->61854K(163840K) From: 0K(20480K)->0K(20480K)
[2.514s][info][gc,heap        ] GC(31) Tenured: 307639K(409600K)->409600K(409600K)
[2.514s][info][gc,metaspace   ] GC(31) Metaspace: 6303K(6528K)->6303K(6528K) NonClass: 5770K(5888K)->5770K(5888K) Class: 533K(640K)->533K(640K)
[2.514s][info][gc             ] GC(31) Pause Full (Allocation Failure) 579M->460M(580M) 411.529ms
[2.514s][info][gc,cpu         ] GC(31) User=0.39s Sys=0.00s Real=0.41s
[2.662s][info][gc,start       ] GC(32) Pause Full (Allocation Failure)
[2.662s][info][gc,phases,start] GC(32) Phase 1: Mark live objects
[2.936s][info][gc,phases      ] GC(32) Phase 1: Mark live objects 274.185ms
[2.936s][info][gc,phases,start] GC(32) Phase 2: Compute new object addresses
[3.023s][info][gc,phases      ] GC(32) Phase 2: Compute new object addresses 86.911ms
[3.023s][info][gc,phases,start] GC(32) Phase 3: Adjust pointers
[3.142s][info][gc,phases      ] GC(32) Phase 3: Adjust pointers 118.861ms
[3.142s][info][gc,phases,start] GC(32) Phase 4: Move objects
[3.160s][info][gc,phases      ] GC(32) Phase 4: Move objects 17.976ms
[3.160s][info][gc,heap        ] GC(32) DefNew: 184320K(184320K)->184301K(184320K) Eden: 163840K(163840K)->163839K(163840K) From: 20480K(20480K)->20461K(20480K)
[3.160s][info][gc,heap        ] GC(32) Tenured: 409600K(409600K)->409600K(409600K)
[3.160s][info][gc,metaspace   ] GC(32) Metaspace: 6303K(6528K)->6303K(6528K) NonClass: 5770K(5888K)->5770K(5888K) Class: 533K(640K)->533K(640K)
[3.160s][info][gc             ] GC(32) Pause Full (Allocation Failure) 580M->579M(580M) 498.554ms
[3.160s][info][gc,cpu         ] GC(32) User=0.48s Sys=0.00s Real=0.50s
[3.161s][info][gc,start       ] GC(33) Pause Full (Allocation Failure)
[3.161s][info][gc,phases,start] GC(33) Phase 1: Mark live objects
[3.430s][info][gc,phases      ] GC(33) Phase 1: Mark live objects 268.905ms
[3.430s][info][gc,phases,start] GC(33) Phase 2: Compute new object addresses
[3.517s][info][gc,phases      ] GC(33) Phase 2: Compute new object addresses 87.091ms
[3.517s][info][gc,phases,start] GC(33) Phase 3: Adjust pointers
[3.644s][info][gc,phases      ] GC(33) Phase 3: Adjust pointers 126.975ms
[3.644s][info][gc,phases,start] GC(33) Phase 4: Move objects
[3.731s][info][gc,phases      ] GC(33) Phase 4: Move objects 87.053ms
[3.731s][info][gc,heap        ] GC(33) DefNew: 184319K(184320K)->172032K(184320K) Eden: 163839K(163840K)->163839K(163840K) From: 20479K(20480K)->8192K(20480K)
[3.731s][info][gc,heap        ] GC(33) Tenured: 409600K(409600K)->409599K(409600K)
[3.731s][info][gc,metaspace   ] GC(33) Metaspace: 6303K(6528K)->6303K(6528K) NonClass: 5770K(5888K)->5770K(5888K) Class: 533K(640K)->533K(640K)
[3.731s][info][gc             ] GC(33) Pause Full (Allocation Failure) 579M->567M(580M) 570.550ms
[3.731s][info][gc,cpu         ] GC(33) User=0.55s Sys=0.00s Real=0.57s
[3.769s][info][gc,start       ] GC(34) Pause Full (Allocation Failure)
[3.769s][info][gc,phases,start] GC(34) Phase 1: Mark live objects
[4.058s][info][gc,phases      ] GC(34) Phase 1: Mark live objects 289.327ms
[4.058s][info][gc,phases,start] GC(34) Phase 2: Compute new object addresses
[4.146s][info][gc,phases      ] GC(34) Phase 2: Compute new object addresses 87.292ms
[4.146s][info][gc,phases,start] GC(34) Phase 3: Adjust pointers
[4.257s][info][gc,phases      ] GC(34) Phase 3: Adjust pointers 111.366ms
[4.257s][info][gc,phases,start] GC(34) Phase 4: Move objects
[4.257s][info][gc,phases      ] GC(34) Phase 4: Move objects 0.016ms
[4.257s][info][gc,heap        ] GC(34) DefNew: 184319K(184320K)->184319K(184320K) Eden: 163840K(163840K)->163840K(163840K) From: 20479K(20480K)->20479K(20480K)
[4.257s][info][gc,heap        ] GC(34) Tenured: 409599K(409600K)->409599K(409600K)
[4.257s][info][gc,metaspace   ] GC(34) Metaspace: 6303K(6528K)->6303K(6528K) NonClass: 5770K(5888K)->5770K(5888K) Class: 533K(640K)->533K(640K)
[4.257s][info][gc             ] GC(34) Pause Full (Allocation Failure) 579M->579M(580M) 488.434ms
[4.257s][info][gc,cpu         ] GC(34) User=0.45s Sys=0.00s Real=0.49s
[4.257s][info][gc,start       ] GC(35) Pause Full (Allocation Failure)
[4.257s][info][gc,phases,start] GC(35) Phase 1: Mark live objects
[4.525s][info][gc,phases      ] GC(35) Phase 1: Mark live objects 267.361ms
[4.525s][info][gc,phases,start] GC(35) Phase 2: Compute new object addresses
[4.612s][info][gc,phases      ] GC(35) Phase 2: Compute new object addresses 87.800ms
[4.613s][info][gc,phases,start] GC(35) Phase 3: Adjust pointers
[4.746s][info][gc,phases      ] GC(35) Phase 3: Adjust pointers 133.700ms
[4.746s][info][gc,phases,start] GC(35) Phase 4: Move objects
[4.842s][info][gc,phases      ] GC(35) Phase 4: Move objects 96.019ms
[4.843s][info][gc,heap        ] GC(35) DefNew: 184319K(184320K)->184315K(184320K) Eden: 163840K(163840K)->163839K(163840K) From: 20479K(20480K)->20475K(20480K)
[4.843s][info][gc,heap        ] GC(35) Tenured: 409599K(409600K)->409599K(409600K)
[4.843s][info][gc,metaspace   ] GC(35) Metaspace: 6303K(6528K)->6301K(6528K) NonClass: 5770K(5888K)->5769K(5888K) Class: 533K(640K)->532K(640K)
[4.843s][info][gc             ] GC(35) Pause Full (Allocation Failure) 579M->579M(580M) 585.446ms
[4.843s][info][gc,cpu         ] GC(35) User=0.58s Sys=0.00s Real=0.59s
[4.843s][info][gc,start       ] GC(36) Pause Full (Allocation Failure)
[4.843s][info][gc,phases,start] GC(36) Phase 1: Mark live objects
[5.115s][info][gc,phases      ] GC(36) Phase 1: Mark live objects 271.503ms
[5.115s][info][gc,phases,start] GC(36) Phase 2: Compute new object addresses
[5.201s][info][gc,phases      ] GC(36) Phase 2: Compute new object addresses 86.795ms
[5.201s][info][gc,phases,start] GC(36) Phase 3: Adjust pointers
[5.319s][info][gc,phases      ] GC(36) Phase 3: Adjust pointers 117.854ms
[5.319s][info][gc,phases,start] GC(36) Phase 4: Move objects
[5.319s][info][gc,phases      ] GC(36) Phase 4: Move objects 0.017ms
[5.320s][info][gc,heap        ] GC(36) DefNew: 184319K(184320K)->184319K(184320K) Eden: 163840K(163840K)->163840K(163840K) From: 20479K(20480K)->20479K(20480K)
[5.320s][info][gc,heap        ] GC(36) Tenured: 409599K(409600K)->409599K(409600K)
[5.320s][info][gc,metaspace   ] GC(36) Metaspace: 6301K(6528K)->6301K(6528K) NonClass: 5769K(5888K)->5769K(5888K) Class: 532K(640K)->532K(640K)
[5.320s][info][gc             ] GC(36) Pause Full (Allocation Failure) 579M->579M(580M) 476.606ms
[5.320s][info][gc,cpu         ] GC(36) User=0.45s Sys=0.00s Real=0.48s
[5.320s][info][gc,start       ] GC(37) Pause Full (Allocation Failure)
[5.320s][info][gc,phases,start] GC(37) Phase 1: Mark live objects
[5.589s][info][gc,phases      ] GC(37) Phase 1: Mark live objects 269.447ms
[5.589s][info][gc,phases,start] GC(37) Phase 2: Compute new object addresses
[5.676s][info][gc,phases      ] GC(37) Phase 2: Compute new object addresses 87.077ms
[5.676s][info][gc,phases,start] GC(37) Phase 3: Adjust pointers
[5.787s][info][gc,phases      ] GC(37) Phase 3: Adjust pointers 110.669ms
[5.787s][info][gc,phases,start] GC(37) Phase 4: Move objects
[5.787s][info][gc,phases      ] GC(37) Phase 4: Move objects 0.015ms
[5.787s][info][gc,heap        ] GC(37) DefNew: 184319K(184320K)->184319K(184320K) Eden: 163840K(163840K)->163840K(163840K) From: 20479K(20480K)->20479K(20480K)
[5.787s][info][gc,heap        ] GC(37) Tenured: 409599K(409600K)->409599K(409600K)
[5.787s][info][gc,metaspace   ] GC(37) Metaspace: 6301K(6528K)->6301K(6528K) NonClass: 5769K(5888K)->5769K(5888K) Class: 532K(640K)->532K(640K)
[5.787s][info][gc             ] GC(37) Pause Full (Allocation Failure) 579M->579M(580M) 467.590ms
[5.787s][info][gc,cpu         ] GC(37) User=0.47s Sys=0.00s Real=0.47s
[5.788s][info][gc,start       ] GC(38) Pause Full (Allocation Failure)
[5.788s][info][gc,phases,start] GC(38) Phase 1: Mark live objects
[6.059s][info][gc,phases      ] GC(38) Phase 1: Mark live objects 271.160ms
[6.059s][info][gc,phases,start] GC(38) Phase 2: Compute new object addresses
[6.145s][info][gc,phases      ] GC(38) Phase 2: Compute new object addresses 86.342ms
[6.146s][info][gc,phases,start] GC(38) Phase 3: Adjust pointers
[6.256s][info][gc,phases      ] GC(38) Phase 3: Adjust pointers 110.213ms
[6.256s][info][gc,phases,start] GC(38) Phase 4: Move objects
[6.256s][info][gc,phases      ] GC(38) Phase 4: Move objects 0.015ms
[6.256s][info][gc,heap        ] GC(38) DefNew: 184319K(184320K)->184319K(184320K) Eden: 163840K(163840K)->163840K(163840K) From: 20479K(20480K)->20479K(20480K)
[6.256s][info][gc,heap        ] GC(38) Tenured: 409599K(409600K)->409599K(409600K)
[6.256s][info][gc,metaspace   ] GC(38) Metaspace: 6301K(6528K)->6301K(6528K) NonClass: 5769K(5888K)->5769K(5888K) Class: 532K(640K)->532K(640K)
[6.256s][info][gc             ] GC(38) Pause Full (Allocation Failure) 579M->579M(580M) 468.158ms
[6.256s][info][gc,cpu         ] GC(38) User=0.47s Sys=0.00s Real=0.47s
[6.256s][info][gc,start       ] GC(39) Pause Full (Allocation Failure)
[6.256s][info][gc,phases,start] GC(39) Phase 1: Mark live objects
[6.527s][info][gc,phases      ] GC(39) Phase 1: Mark live objects 270.551ms
[6.527s][info][gc,phases,start] GC(39) Phase 2: Compute new object addresses
[6.614s][info][gc,phases      ] GC(39) Phase 2: Compute new object addresses 87.039ms
[6.614s][info][gc,phases,start] GC(39) Phase 3: Adjust pointers
[6.725s][info][gc,phases      ] GC(39) Phase 3: Adjust pointers 110.679ms
[6.725s][info][gc,phases,start] GC(39) Phase 4: Move objects
[6.725s][info][gc,phases      ] GC(39) Phase 4: Move objects 0.016ms
[6.725s][info][gc,heap        ] GC(39) DefNew: 184319K(184320K)->184319K(184320K) Eden: 163840K(163840K)->163840K(163840K) From: 20479K(20480K)->20479K(20480K)
[6.725s][info][gc,heap        ] GC(39) Tenured: 409599K(409600K)->409599K(409600K)
[6.725s][info][gc,metaspace   ] GC(39) Metaspace: 6301K(6528K)->6301K(6528K) NonClass: 5769K(5888K)->5769K(5888K) Class: 532K(640K)->532K(640K)
[6.725s][info][gc             ] GC(39) Pause Full (Allocation Failure) 579M->579M(580M) 468.634ms
[6.725s][info][gc,cpu         ] GC(39) User=0.44s Sys=0.00s Real=0.47s
[6.725s][info][gc,start       ] GC(40) Pause Full (Allocation Failure)
[6.725s][info][gc,phases,start] GC(40) Phase 1: Mark live objects
[6.992s][info][gc,phases      ] GC(40) Phase 1: Mark live objects 267.407ms
[6.992s][info][gc,phases,start] GC(40) Phase 2: Compute new object addresses
[7.079s][info][gc,phases      ] GC(40) Phase 2: Compute new object addresses 86.633ms
[7.079s][info][gc,phases,start] GC(40) Phase 3: Adjust pointers
[7.212s][info][gc,phases      ] GC(40) Phase 3: Adjust pointers 133.310ms
[7.212s][info][gc,phases,start] GC(40) Phase 4: Move objects
[7.307s][info][gc,phases      ] GC(40) Phase 4: Move objects 94.482ms
[7.307s][info][gc,heap        ] GC(40) DefNew: 184319K(184320K)->184318K(184320K) Eden: 163840K(163840K)->163840K(163840K) From: 20479K(20480K)->20478K(20480K)
[7.307s][info][gc,heap        ] GC(40) Tenured: 409599K(409600K)->409599K(409600K)
[7.307s][info][gc,metaspace   ] GC(40) Metaspace: 6301K(6528K)->6301K(6528K) NonClass: 5769K(5888K)->5769K(5888K) Class: 532K(640K)->532K(640K)
[7.307s][info][gc             ] GC(40) Pause Full (Allocation Failure) 579M->579M(580M) 582.395ms
[7.307s][info][gc,cpu         ] GC(40) User=0.58s Sys=0.00s Real=0.58s
[7.309s][info][gc,start       ] GC(41) Pause Full (Allocation Failure)
[7.309s][info][gc,phases,start] GC(41) Phase 1: Mark live objects
[7.580s][info][gc,phases      ] GC(41) Phase 1: Mark live objects 271.457ms
[7.580s][info][gc,phases,start] GC(41) Phase 2: Compute new object addresses
[7.667s][info][gc,phases      ] GC(41) Phase 2: Compute new object addresses 86.766ms
[7.667s][info][gc,phases,start] GC(41) Phase 3: Adjust pointers
[7.799s][info][gc,phases      ] GC(41) Phase 3: Adjust pointers 131.791ms
[7.799s][info][gc,phases,start] GC(41) Phase 4: Move objects
[7.892s][info][gc,phases      ] GC(41) Phase 4: Move objects 93.218ms
[7.892s][info][gc,heap        ] GC(41) DefNew: 184319K(184320K)->184316K(184320K) Eden: 163840K(163840K)->163839K(163840K) From: 20479K(20480K)->20476K(20480K)
[7.892s][info][gc,heap        ] GC(41) Tenured: 409599K(409600K)->409599K(409600K)
[7.892s][info][gc,metaspace   ] GC(41) Metaspace: 6303K(6528K)->6303K(6528K) NonClass: 5769K(5888K)->5769K(5888K) Class: 533K(640K)->533K(640K)
[7.892s][info][gc             ] GC(41) Pause Full (Allocation Failure) 579M->579M(580M) 583.848ms
[7.892s][info][gc,cpu         ] GC(41) User=0.58s Sys=0.00s Real=0.58s
[7.893s][info][gc,heap,exit   ] Heap
[7.893s][info][gc,heap,exit   ]  def new generation   total 184320K, used 184317K [0x00000000da800000, 0x00000000e7000000, 0x00000000e7000000)
[7.893s][info][gc,heap,exit   ]   eden space 163840K, 100% used [0x00000000da800000, 0x00000000e4800000, 0x00000000e4800000)
[7.893s][info][gc,heap,exit   ]   from space 20480K,  99% used [0x00000000e5c00000, 0x00000000e6fff648, 0x00000000e7000000)
[7.893s][info][gc,heap,exit   ]   to   space 20480K,   0% used [0x00000000e4800000, 0x00000000e4800000, 0x00000000e5c00000)
[7.893s][info][gc,heap,exit   ]  tenured generation   total 409600K, used 409599K [0x00000000e7000000, 0x0000000100000000, 0x0000000100000000)
[7.893s][info][gc,heap,exit   ]    the space 409600K,  99% used [0x00000000e7000000, 0x00000000ffffff68, 0x0000000100000000, 0x0000000100000000)
[7.893s][info][gc,heap,exit   ]  Metaspace       used 6306K, committed 6528K, reserved 1114112K
[7.893s][info][gc,heap,exit   ]   class space    used 534K, committed 640K, reserved 1048576K
