[0.012s][info][gc,init] CardTable entry size: 512
[0.012s][info][gc     ] Using Serial
[0.012s][info][gc,init] Version: 18.0.1+10 (release)
[0.012s][info][gc,init] CPUs: 8 total, 8 available
[0.012s][info][gc,init] Memory: 16063M
[0.012s][info][gc,init] Large Page Support: Disabled
[0.012s][info][gc,init] NUMA Support: Disabled
[0.012s][info][gc,init] Compressed Oops: Enabled (32-bit)
[0.012s][info][gc,init] Heap Min Capacity: 2M
[0.012s][info][gc,init] Heap Initial Capacity: 2M
[0.012s][info][gc,init] Heap Max Capacity: 1600M
[0.012s][info][gc,init] Pre-touch: Disabled
[0.013s][info][gc,metaspace] CDS archive(s) not mapped
[0.013s][info][gc,metaspace] Compressed class space mapped at: 0x0000000100000000-0x0000000140000000, reserved size: 1073741824
[0.013s][info][gc,metaspace] Narrow klass base: 0x0000000000000000, Narrow klass shift: 3, Narrow klass range: 0x140000000
[0.174s][info][gc,start    ] GC(0) Pause Young (Allocation Failure)
[0.176s][info][gc,heap     ] GC(0) DefNew: 1023K(1152K)->127K(1152K) Eden: 1023K(1024K)->0K(1024K) From: 0K(128K)->127K(128K)
[0.176s][info][gc,heap     ] GC(0) Tenured: 0K(768K)->439K(768K)
[0.176s][info][gc,metaspace] GC(0) Metaspace: 5902K(6016K)->5902K(6016K) NonClass: 5403K(5504K)->5403K(5504K) Class: 499K(512K)->499K(512K)
[0.176s][info][gc          ] GC(0) Pause Young (Allocation Failure) 0M->0M(1M) 1.562ms
[0.176s][info][gc,cpu      ] GC(0) User=0.00s Sys=0.00s Real=0.00s
[0.193s][info][gc,start    ] GC(1) Pause Young (Allocation Failure)
[0.195s][info][gc          ] GC(1) Pause Young (Allocation Failure) 1M->0M(2M) 1.228ms
[0.195s][info][gc,cpu      ] GC(1) User=0.00s Sys=0.00s Real=0.00s
[0.195s][info][gc,start    ] GC(2) Pause Full (Allocation Failure)
[0.195s][info][gc,phases,start] GC(2) Phase 1: Mark live objects
[0.196s][info][gc,phases      ] GC(2) Phase 1: Mark live objects 0.888ms
[0.196s][info][gc,phases,start] GC(2) Phase 2: Compute new object addresses
[0.196s][info][gc,phases      ] GC(2) Phase 2: Compute new object addresses 0.214ms
[0.196s][info][gc,phases,start] GC(2) Phase 3: Adjust pointers
[0.196s][info][gc,phases      ] GC(2) Phase 3: Adjust pointers 0.513ms
[0.196s][info][gc,phases,start] GC(2) Phase 4: Move objects
[0.196s][info][gc,phases      ] GC(2) Phase 4: Move objects 0.062ms
[0.197s][info][gc,heap        ] GC(2) DefNew: 1151K(1152K)->40K(1152K) Eden: 1024K(1024K)->40K(1024K) From: 127K(128K)->0K(128K)
[0.197s][info][gc,heap        ] GC(2) Tenured: 439K(768K)->959K(1600K)
[0.197s][info][gc,metaspace   ] GC(2) Metaspace: 6300K(6464K)->6300K(6464K) NonClass: 5767K(5824K)->5767K(5824K) Class: 533K(640K)->533K(640K)
[0.197s][info][gc             ] GC(2) Pause Full (Allocation Failure) 0M->0M(2M) 1.950ms
[0.197s][info][gc,cpu         ] GC(2) User=0.00s Sys=0.00s Real=0.00s
[0.198s][info][gc,start       ] GC(3) Pause Young (Allocation Failure)
[0.200s][info][gc,heap        ] GC(3) DefNew: 1024K(1152K)->127K(1152K) Eden: 1024K(1024K)->0K(1024K) From: 0K(128K)->127K(128K)
[0.200s][info][gc,heap        ] GC(3) Tenured: 959K(1600K)->1375K(1600K)
[0.200s][info][gc,metaspace   ] GC(3) Metaspace: 6300K(6464K)->6300K(6464K) NonClass: 5767K(5824K)->5767K(5824K) Class: 533K(640K)->533K(640K)
[0.200s][info][gc             ] GC(3) Pause Young (Allocation Failure) 1M->1M(2M) 1.607ms
[0.200s][info][gc,cpu         ] GC(3) User=0.00s Sys=0.00s Real=0.00s
[0.201s][info][gc,start       ] GC(4) Pause Young (Allocation Failure)
[0.202s][info][gc             ] GC(4) Pause Young (Allocation Failure) 2M->1M(3M) 1.475ms
[0.202s][info][gc,cpu         ] GC(4) User=0.00s Sys=0.00s Real=0.00s
[0.202s][info][gc,start       ] GC(5) Pause Full (Allocation Failure)
[0.203s][info][gc,phases,start] GC(5) Phase 1: Mark live objects
[0.204s][info][gc,phases      ] GC(5) Phase 1: Mark live objects 1.524ms
[0.204s][info][gc,phases,start] GC(5) Phase 2: Compute new object addresses
[0.204s][info][gc,phases      ] GC(5) Phase 2: Compute new object addresses 0.388ms
[0.205s][info][gc,phases,start] GC(5) Phase 3: Adjust pointers
[0.205s][info][gc,phases      ] GC(5) Phase 3: Adjust pointers 0.680ms
[0.205s][info][gc,phases,start] GC(5) Phase 4: Move objects
[0.205s][info][gc,phases      ] GC(5) Phase 4: Move objects 0.073ms
[0.205s][info][gc,heap        ] GC(5) DefNew: 1151K(1152K)->35K(1536K) Eden: 1024K(1024K)->35K(1408K) From: 127K(128K)->0K(128K)
[0.205s][info][gc,heap        ] GC(5) Tenured: 1375K(1600K)->1983K(3308K)
[0.205s][info][gc,metaspace   ] GC(5) Metaspace: 6300K(6464K)->6300K(6464K) NonClass: 5767K(5824K)->5767K(5824K) Class: 533K(640K)->533K(640K)
[0.206s][info][gc             ] GC(5) Pause Full (Allocation Failure) 1M->1M(4M) 3.010ms
[0.206s][info][gc,cpu         ] GC(5) User=0.00s Sys=0.00s Real=0.00s
[0.207s][info][gc,start       ] GC(6) Pause Young (Allocation Failure)
[0.209s][info][gc,heap        ] GC(6) DefNew: 1407K(1536K)->127K(1536K) Eden: 1407K(1408K)->0K(1408K) From: 0K(128K)->127K(128K)
[0.209s][info][gc,heap        ] GC(6) Tenured: 1983K(3308K)->2617K(3308K)
[0.209s][info][gc,metaspace   ] GC(6) Metaspace: 6300K(6464K)->6300K(6464K) NonClass: 5767K(5824K)->5767K(5824K) Class: 533K(640K)->533K(640K)
[0.209s][info][gc             ] GC(6) Pause Young (Allocation Failure) 3M->2M(4M) 1.801ms
[0.209s][info][gc,cpu         ] GC(6) User=0.00s Sys=0.00s Real=0.00s
[0.211s][info][gc,start       ] GC(7) Pause Young (Allocation Failure)
[0.212s][info][gc             ] GC(7) Pause Young (Allocation Failure) 4M->3M(4M) 1.580ms
[0.212s][info][gc,cpu         ] GC(7) User=0.00s Sys=0.00s Real=0.00s
[0.212s][info][gc,start       ] GC(8) Pause Full (Allocation Failure)
[0.212s][info][gc,phases,start] GC(8) Phase 1: Mark live objects
[0.215s][info][gc,phases      ] GC(8) Phase 1: Mark live objects 2.138ms
[0.215s][info][gc,phases,start] GC(8) Phase 2: Compute new object addresses
[0.215s][info][gc,phases      ] GC(8) Phase 2: Compute new object addresses 0.639ms
[0.215s][info][gc,phases,start] GC(8) Phase 3: Adjust pointers
[0.216s][info][gc,phases      ] GC(8) Phase 3: Adjust pointers 1.029ms
[0.216s][info][gc,phases,start] GC(8) Phase 4: Move objects
[0.216s][info][gc,phases      ] GC(8) Phase 4: Move objects 0.094ms
[0.217s][info][gc,heap        ] GC(8) DefNew: 1535K(1536K)->0K(2688K) Eden: 1408K(1408K)->0K(2432K) From: 127K(128K)->0K(256K)
[0.217s][info][gc,heap        ] GC(8) Tenured: 2617K(3308K)->3460K(5768K)
[0.217s][info][gc,metaspace   ] GC(8) Metaspace: 6300K(6464K)->6300K(6464K) NonClass: 5767K(5824K)->5767K(5824K) Class: 533K(640K)->533K(640K)
[0.217s][info][gc             ] GC(8) Pause Full (Allocation Failure) 3M->3M(8M) 4.249ms
[0.217s][info][gc,cpu         ] GC(8) User=0.00s Sys=0.00s Real=0.00s
[0.221s][info][gc,start       ] GC(9) Pause Young (Allocation Failure)
[0.224s][info][gc,heap        ] GC(9) DefNew: 2431K(2688K)->256K(2688K) Eden: 2431K(2432K)->0K(2432K) From: 0K(256K)->256K(256K)
[0.224s][info][gc,heap        ] GC(9) Tenured: 3460K(5768K)->4512K(5768K)
[0.224s][info][gc,metaspace   ] GC(9) Metaspace: 6300K(6464K)->6300K(6464K) NonClass: 5767K(5824K)->5767K(5824K) Class: 533K(640K)->533K(640K)
[0.224s][info][gc             ] GC(9) Pause Young (Allocation Failure) 5M->4M(8M) 2.980ms
[0.224s][info][gc,cpu         ] GC(9) User=0.00s Sys=0.00s Real=0.00s
[0.227s][info][gc,start       ] GC(10) Pause Young (Allocation Failure)
[0.229s][info][gc,heap        ] GC(10) DefNew: 2688K(2688K)->255K(2688K) Eden: 2432K(2432K)->0K(2432K) From: 256K(256K)->255K(256K)
[0.230s][info][gc,heap        ] GC(10) Tenured: 4512K(5768K)->5755K(5768K)
[0.230s][info][gc,metaspace   ] GC(10) Metaspace: 6300K(6464K)->6300K(6464K) NonClass: 5767K(5824K)->5767K(5824K) Class: 533K(640K)->533K(640K)
[0.230s][info][gc             ] GC(10) Pause Young (Allocation Failure) 7M->5M(8M) 3.046ms
[0.230s][info][gc,cpu         ] GC(10) User=0.00s Sys=0.00s Real=0.00s
[0.233s][info][gc,start       ] GC(11) Pause Young (Allocation Failure)
[0.237s][info][gc             ] GC(11) Pause Young (Allocation Failure) 8M->7M(9M) 3.866ms
[0.237s][info][gc,cpu         ] GC(11) User=0.00s Sys=0.00s Real=0.00s
[0.237s][info][gc,start       ] GC(12) Pause Full (Allocation Failure)
[0.237s][info][gc,phases,start] GC(12) Phase 1: Mark live objects
[0.242s][info][gc,phases      ] GC(12) Phase 1: Mark live objects 4.546ms
[0.242s][info][gc,phases,start] GC(12) Phase 2: Compute new object addresses
[0.243s][info][gc,phases      ] GC(12) Phase 2: Compute new object addresses 1.335ms
[0.243s][info][gc,phases,start] GC(12) Phase 3: Adjust pointers
[0.246s][info][gc,phases      ] GC(12) Phase 3: Adjust pointers 2.389ms
[0.246s][info][gc,phases,start] GC(12) Phase 4: Move objects
[0.247s][info][gc,phases      ] GC(12) Phase 4: Move objects 1.474ms
[0.248s][info][gc,heap        ] GC(12) DefNew: 2687K(2688K)->0K(5376K) Eden: 2432K(2432K)->0K(4800K) From: 255K(256K)->0K(576K)
[0.248s][info][gc,heap        ] GC(12) Tenured: 5755K(5768K)->7132K(11888K)
[0.248s][info][gc,metaspace   ] GC(12) Metaspace: 6300K(6464K)->6300K(6464K) NonClass: 5767K(5824K)->5767K(5824K) Class: 533K(640K)->533K(640K)
[0.248s][info][gc             ] GC(12) Pause Full (Allocation Failure) 7M->6M(16M) 10.355ms
[0.248s][info][gc,cpu         ] GC(12) User=0.00s Sys=0.00s Real=0.01s
[0.253s][info][gc,start       ] GC(13) Pause Young (Allocation Failure)
[0.259s][info][gc,heap        ] GC(13) DefNew: 4800K(5376K)->575K(5376K) Eden: 4800K(4800K)->0K(4800K) From: 0K(576K)->575K(576K)
[0.259s][info][gc,heap        ] GC(13) Tenured: 7132K(11888K)->9027K(11888K)
[0.259s][info][gc,metaspace   ] GC(13) Metaspace: 6300K(6464K)->6300K(6464K) NonClass: 5767K(5824K)->5767K(5824K) Class: 533K(640K)->533K(640K)
[0.259s][info][gc             ] GC(13) Pause Young (Allocation Failure) 11M->9M(16M) 5.847ms
[0.259s][info][gc,cpu         ] GC(13) User=0.00s Sys=0.00s Real=0.01s
[0.263s][info][gc,start       ] GC(14) Pause Young (Allocation Failure)
[0.269s][info][gc,heap        ] GC(14) DefNew: 5375K(5376K)->576K(5376K) Eden: 4800K(4800K)->0K(4800K) From: 575K(576K)->576K(576K)
[0.269s][info][gc,heap        ] GC(14) Tenured: 9027K(11888K)->11746K(11888K)
[0.269s][info][gc,metaspace   ] GC(14) Metaspace: 6300K(6464K)->6300K(6464K) NonClass: 5767K(5824K)->5767K(5824K) Class: 533K(640K)->533K(640K)
[0.269s][info][gc             ] GC(14) Pause Young (Allocation Failure) 14M->12M(16M) 6.086ms
[0.269s][info][gc,cpu         ] GC(14) User=0.00s Sys=0.00s Real=0.01s
[0.273s][info][gc,start       ] GC(15) Pause Young (Allocation Failure)
[0.279s][info][gc             ] GC(15) Pause Young (Allocation Failure) 16M->14M(19M) 6.111ms
[0.279s][info][gc,cpu         ] GC(15) User=0.00s Sys=0.00s Real=0.01s
[0.279s][info][gc,start       ] GC(16) Pause Full (Allocation Failure)
[0.279s][info][gc,phases,start] GC(16) Phase 1: Mark live objects
[0.287s][info][gc,phases      ] GC(16) Phase 1: Mark live objects 7.792ms
[0.287s][info][gc,phases,start] GC(16) Phase 2: Compute new object addresses
[0.290s][info][gc,phases      ] GC(16) Phase 2: Compute new object addresses 2.354ms
[0.290s][info][gc,phases,start] GC(16) Phase 3: Adjust pointers
[0.293s][info][gc,phases      ] GC(16) Phase 3: Adjust pointers 2.949ms
[0.293s][info][gc,phases,start] GC(16) Phase 4: Move objects
[0.293s][info][gc,phases      ] GC(16) Phase 4: Move objects 0.176ms
[0.293s][info][gc,heap        ] GC(16) DefNew: 5376K(5376K)->403K(10880K) Eden: 4800K(4800K)->403K(9728K) From: 576K(576K)->0K(1152K)
[0.293s][info][gc,heap        ] GC(16) Tenured: 11746K(11888K)->14383K(23976K)
[0.293s][info][gc,metaspace   ] GC(16) Metaspace: 6302K(6464K)->6302K(6464K) NonClass: 5769K(5824K)->5769K(5824K) Class: 533K(640K)->533K(640K)
[0.293s][info][gc             ] GC(16) Pause Full (Allocation Failure) 14M->14M(34M) 13.621ms
[0.293s][info][gc,cpu         ] GC(16) User=0.02s Sys=0.00s Real=0.01s
[0.301s][info][gc,start       ] GC(17) Pause Young (Allocation Failure)
[0.313s][info][gc,heap        ] GC(17) DefNew: 9728K(10880K)->1152K(10880K) Eden: 9728K(9728K)->0K(9728K) From: 0K(1152K)->1152K(1152K)
[0.313s][info][gc,heap        ] GC(17) Tenured: 14383K(23976K)->18405K(23976K)
[0.313s][info][gc,metaspace   ] GC(17) Metaspace: 6302K(6464K)->6302K(6464K) NonClass: 5769K(5824K)->5769K(5824K) Class: 533K(640K)->533K(640K)
[0.313s][info][gc             ] GC(17) Pause Young (Allocation Failure) 23M->19M(34M) 12.608ms
[0.313s][info][gc,cpu         ] GC(17) User=0.00s Sys=0.00s Real=0.01s
[0.321s][info][gc,start       ] GC(18) Pause Young (Allocation Failure)
[0.332s][info][gc,heap        ] GC(18) DefNew: 10880K(10880K)->1152K(10880K) Eden: 9728K(9728K)->0K(9728K) From: 1152K(1152K)->1152K(1152K)
[0.332s][info][gc,heap        ] GC(18) Tenured: 18405K(23976K)->23927K(23976K)
[0.333s][info][gc,metaspace   ] GC(18) Metaspace: 6302K(6464K)->6302K(6464K) NonClass: 5769K(5824K)->5769K(5824K) Class: 533K(640K)->533K(640K)
[0.333s][info][gc             ] GC(18) Pause Young (Allocation Failure) 28M->24M(34M) 11.783ms
[0.333s][info][gc,cpu         ] GC(18) User=0.00s Sys=0.00s Real=0.01s
[0.338s][info][gc,start       ] GC(19) Pause Young (Allocation Failure)
[0.349s][info][gc             ] GC(19) Pause Young (Allocation Failure) 33M->29M(38M) 11.071ms
[0.349s][info][gc,cpu         ] GC(19) User=0.00s Sys=0.00s Real=0.01s
[0.349s][info][gc,start       ] GC(20) Pause Full (Allocation Failure)
[0.349s][info][gc,phases,start] GC(20) Phase 1: Mark live objects
[0.363s][info][gc,phases      ] GC(20) Phase 1: Mark live objects 13.992ms
[0.363s][info][gc,phases,start] GC(20) Phase 2: Compute new object addresses
[0.367s][info][gc,phases      ] GC(20) Phase 2: Compute new object addresses 4.631ms
[0.368s][info][gc,phases,start] GC(20) Phase 3: Adjust pointers
[0.373s][info][gc,phases      ] GC(20) Phase 3: Adjust pointers 5.686ms
[0.373s][info][gc,phases,start] GC(20) Phase 4: Move objects
[0.373s][info][gc,phases      ] GC(20) Phase 4: Move objects 0.169ms
[0.374s][info][gc,heap        ] GC(20) DefNew: 10880K(10880K)->1070K(21888K) Eden: 9728K(9728K)->1070K(19520K) From: 1152K(1152K)->0K(2368K)
[0.374s][info][gc,heap        ] GC(20) Tenured: 23927K(23976K)->29036K(48396K)
[0.374s][info][gc,metaspace   ] GC(20) Metaspace: 6302K(6464K)->6302K(6464K) NonClass: 5769K(5824K)->5769K(5824K) Class: 533K(640K)->533K(640K)
[0.374s][info][gc             ] GC(20) Pause Full (Allocation Failure) 29M->29M(68M) 24.882ms
[0.374s][info][gc,cpu         ] GC(20) User=0.03s Sys=0.00s Real=0.02s
[0.390s][info][gc,start       ] GC(21) Pause Young (Allocation Failure)
[0.420s][info][gc,heap        ] GC(21) DefNew: 19520K(21888K)->2368K(21888K) Eden: 19520K(19520K)->0K(19520K) From: 0K(2368K)->2368K(2368K)
[0.420s][info][gc,heap        ] GC(21) Tenured: 29036K(48396K)->40998K(48396K)
[0.420s][info][gc,metaspace   ] GC(21) Metaspace: 6302K(6464K)->6302K(6464K) NonClass: 5769K(5824K)->5769K(5824K) Class: 533K(640K)->533K(640K)
[0.420s][info][gc             ] GC(21) Pause Young (Allocation Failure) 47M->42M(68M) 30.180ms
[0.420s][info][gc,cpu         ] GC(21) User=0.02s Sys=0.00s Real=0.03s
[0.438s][info][gc,start       ] GC(22) Pause Young (Allocation Failure)
[0.474s][info][gc             ] GC(22) Pause Young (Allocation Failure) 61M->61M(80M) 35.670ms
[0.474s][info][gc,cpu         ] GC(22) User=0.02s Sys=0.02s Real=0.04s
[0.474s][info][gc,start       ] GC(23) Pause Full (Allocation Failure)
[0.474s][info][gc,phases,start] GC(23) Phase 1: Mark live objects
[0.501s][info][gc,phases      ] GC(23) Phase 1: Mark live objects 26.694ms
[0.501s][info][gc,phases,start] GC(23) Phase 2: Compute new object addresses
[0.511s][info][gc,phases      ] GC(23) Phase 2: Compute new object addresses 9.659ms
[0.511s][info][gc,phases,start] GC(23) Phase 3: Adjust pointers
[0.522s][info][gc,phases      ] GC(23) Phase 3: Adjust pointers 11.061ms
[0.522s][info][gc,phases,start] GC(23) Phase 4: Move objects
[0.522s][info][gc,phases      ] GC(23) Phase 4: Move objects 0.336ms
[0.522s][info][gc,heap        ] GC(23) DefNew: 21888K(21888K)->2364K(45440K) Eden: 19520K(19520K)->2364K(40448K) From: 2368K(2368K)->0K(4992K)
[0.522s][info][gc,heap        ] GC(23) Tenured: 40998K(48396K)->60492K(100820K)
[0.522s][info][gc,metaspace   ] GC(23) Metaspace: 6302K(6464K)->6302K(6464K) NonClass: 5769K(5824K)->5769K(5824K) Class: 533K(640K)->533K(640K)
[0.523s][info][gc             ] GC(23) Pause Full (Allocation Failure) 61M->61M(142M) 48.523ms
[0.523s][info][gc,cpu         ] GC(23) User=0.05s Sys=0.00s Real=0.05s
[0.566s][info][gc,start       ] GC(24) Pause Young (Allocation Failure)
[0.629s][info][gc,heap        ] GC(24) DefNew: 40448K(45440K)->4991K(45440K) Eden: 40448K(40448K)->0K(40448K) From: 0K(4992K)->4991K(4992K)
[0.629s][info][gc,heap        ] GC(24) Tenured: 60492K(100820K)->95921K(100820K)
[0.629s][info][gc,metaspace   ] GC(24) Metaspace: 6302K(6464K)->6302K(6464K) NonClass: 5769K(5824K)->5769K(5824K) Class: 533K(640K)->533K(640K)
[0.629s][info][gc             ] GC(24) Pause Young (Allocation Failure) 98M->98M(142M) 63.497ms
[0.629s][info][gc,cpu         ] GC(24) User=0.06s Sys=0.00s Real=0.06s
[0.662s][info][gc,start       ] GC(25) Pause Young (Allocation Failure)
[0.734s][info][gc             ] GC(25) Pause Young (Allocation Failure) 138M->138M(177M) 71.744ms
[0.734s][info][gc,cpu         ] GC(25) User=0.05s Sys=0.02s Real=0.07s
[0.734s][info][gc,start       ] GC(26) Pause Full (Allocation Failure)
[0.734s][info][gc,phases,start] GC(26) Phase 1: Mark live objects
[0.794s][info][gc,phases      ] GC(26) Phase 1: Mark live objects 59.258ms
[0.794s][info][gc,phases,start] GC(26) Phase 2: Compute new object addresses
[0.817s][info][gc,phases      ] GC(26) Phase 2: Compute new object addresses 23.479ms
[0.817s][info][gc,phases,start] GC(26) Phase 3: Adjust pointers
[0.851s][info][gc,phases      ] GC(26) Phase 3: Adjust pointers 33.443ms
[0.851s][info][gc,phases,start] GC(26) Phase 4: Move objects
[0.878s][info][gc,phases      ] GC(26) Phase 4: Move objects 27.711ms
[0.879s][info][gc,heap        ] GC(26) DefNew: 45439K(45440K)->1081K(102400K) Eden: 40448K(40448K)->1081K(91072K) From: 4991K(4992K)->0K(11328K)
[0.879s][info][gc,heap        ] GC(26) Tenured: 95921K(100820K)->136407K(227348K)
[0.879s][info][gc,metaspace   ] GC(26) Metaspace: 6302K(6464K)->6302K(6464K) NonClass: 5769K(5824K)->5769K(5824K) Class: 533K(640K)->533K(640K)
[0.879s][info][gc             ] GC(26) Pause Full (Allocation Failure) 138M->134M(322M) 144.682ms
[0.879s][info][gc,cpu         ] GC(26) User=0.12s Sys=0.00s Real=0.14s
[0.975s][info][gc,start       ] GC(27) Pause Young (Allocation Failure)
[1.131s][info][gc,heap        ] GC(27) DefNew: 91072K(102400K)->11327K(102400K) Eden: 91072K(91072K)->0K(91072K) From: 0K(11328K)->11327K(11328K)
[1.132s][info][gc,heap        ] GC(27) Tenured: 136407K(227348K)->216125K(227348K)
[1.132s][info][gc,metaspace   ] GC(27) Metaspace: 6302K(6464K)->6302K(6464K) NonClass: 5769K(5824K)->5769K(5824K) Class: 533K(640K)->533K(640K)
[1.132s][info][gc             ] GC(27) Pause Young (Allocation Failure) 222M->222M(322M) 156.877ms
[1.132s][info][gc,cpu         ] GC(27) User=0.12s Sys=0.03s Real=0.16s
[1.213s][info][gc,start       ] GC(28) Pause Young (Allocation Failure)
[1.398s][info][gc             ] GC(28) Pause Young (Allocation Failure) 311M->311M(400M) 184.581ms
[1.398s][info][gc,cpu         ] GC(28) User=0.11s Sys=0.03s Real=0.18s
[1.398s][info][gc,start       ] GC(29) Pause Full (Allocation Failure)
[1.398s][info][gc,phases,start] GC(29) Phase 1: Mark live objects
[1.555s][info][gc,phases      ] GC(29) Phase 1: Mark live objects 156.505ms
[1.555s][info][gc,phases,start] GC(29) Phase 2: Compute new object addresses
[1.610s][info][gc,phases      ] GC(29) Phase 2: Compute new object addresses 55.052ms
[1.610s][info][gc,phases,start] GC(29) Phase 3: Adjust pointers
[1.670s][info][gc,phases      ] GC(29) Phase 3: Adjust pointers 60.321ms
[1.670s][info][gc,phases,start] GC(29) Phase 4: Move objects
[1.673s][info][gc,phases      ] GC(29) Phase 4: Move objects 2.828ms
[1.674s][info][gc,heap        ] GC(29) DefNew: 102399K(102400K)->11144K(230592K) Eden: 91072K(91072K)->11144K(204992K) From: 11327K(11328K)->0K(25600K)
[1.674s][info][gc,heap        ] GC(29) Tenured: 216125K(227348K)->307351K(512256K)
[1.674s][info][gc,metaspace   ] GC(29) Metaspace: 6302K(6464K)->6302K(6464K) NonClass: 5769K(5824K)->5769K(5824K) Class: 533K(640K)->533K(640K)
[1.674s][info][gc             ] GC(29) Pause Full (Allocation Failure) 311M->311M(725M) 276.319ms
[1.674s][info][gc,cpu         ] GC(29) User=0.28s Sys=0.00s Real=0.28s
[1.892s][info][gc,start       ] GC(30) Pause Young (Allocation Failure)
[2.254s][info][gc,heap        ] GC(30) DefNew: 204992K(230592K)->25600K(230592K) Eden: 204992K(204992K)->0K(204992K) From: 0K(25600K)->25600K(25600K)
[2.254s][info][gc,heap        ] GC(30) Tenured: 307351K(512256K)->486716K(512256K)
[2.254s][info][gc,metaspace   ] GC(30) Metaspace: 6302K(6464K)->6302K(6464K) NonClass: 5769K(5824K)->5769K(5824K) Class: 533K(640K)->533K(640K)
[2.254s][info][gc             ] GC(30) Pause Young (Allocation Failure) 500M->500M(725M) 361.897ms
[2.254s][info][gc,cpu         ] GC(30) User=0.27s Sys=0.00s Real=0.36s
[2.439s][info][gc,start       ] GC(31) Pause Young (Allocation Failure)
[2.831s][info][gc             ] GC(31) Pause Young (Allocation Failure) 700M->700M(900M) 392.709ms
[2.831s][info][gc,cpu         ] GC(31) User=0.36s Sys=0.03s Real=0.39s
[2.831s][info][gc,start       ] GC(32) Pause Full (Allocation Failure)
[2.831s][info][gc,phases,start] GC(32) Phase 1: Mark live objects
[3.149s][info][gc,phases      ] GC(32) Phase 1: Mark live objects 317.452ms
[3.149s][info][gc,phases,start] GC(32) Phase 2: Compute new object addresses
[3.256s][info][gc,phases      ] GC(32) Phase 2: Compute new object addresses 106.771ms
[3.256s][info][gc,phases,start] GC(32) Phase 3: Adjust pointers
[3.393s][info][gc,phases      ] GC(32) Phase 3: Adjust pointers 137.601ms
[3.393s][info][gc,phases,start] GC(32) Phase 4: Move objects
[3.401s][info][gc,phases      ] GC(32) Phase 4: Move objects 7.322ms
[3.403s][info][gc,heap        ] GC(32) DefNew: 230592K(230592K)->25434K(491520K) Eden: 204992K(204992K)->25434K(436928K) From: 25600K(25600K)->0K(54592K)
[3.403s][info][gc,heap        ] GC(32) Tenured: 486716K(512256K)->691843K(1092288K)
[3.403s][info][gc,metaspace   ] GC(32) Metaspace: 6302K(6464K)->6302K(6464K) NonClass: 5769K(5824K)->5769K(5824K) Class: 533K(640K)->533K(640K)
[3.403s][info][gc             ] GC(32) Pause Full (Allocation Failure) 700M->700M(1546M) 571.883ms
[3.403s][info][gc,cpu         ] GC(32) User=0.56s Sys=0.00s Real=0.57s
[3.850s][info][gc,start       ] GC(33) Pause Young (Allocation Failure)
[4.605s][info][gc,heap        ] GC(33) DefNew: 436928K(491520K)->54592K(491520K) Eden: 436928K(436928K)->0K(436928K) From: 0K(54592K)->54592K(54592K)
[4.605s][info][gc,heap        ] GC(33) Tenured: 691843K(1092288K)->1074154K(1092288K)
[4.605s][info][gc,metaspace   ] GC(33) Metaspace: 6302K(6464K)->6302K(6464K) NonClass: 5769K(5824K)->5769K(5824K) Class: 533K(640K)->533K(640K)
[4.605s][info][gc             ] GC(33) Pause Young (Allocation Failure) 1102M->1102M(1546M) 754.968ms
[4.605s][info][gc,cpu         ] GC(33) User=0.56s Sys=0.12s Real=0.75s
[5.063s][info][gc,start       ] GC(34) Pause Young (Allocation Failure)
[5.063s][info][gc             ] GC(34) Pause Young (Allocation Failure) 1528M->1528M(1546M) 0.117ms
[5.063s][info][gc,cpu         ] GC(34) User=0.00s Sys=0.00s Real=0.00s
[5.063s][info][gc,start       ] GC(35) Pause Full (Allocation Failure)
[5.063s][info][gc,phases,start] GC(35) Phase 1: Mark live objects
[5.734s][info][gc,phases      ] GC(35) Phase 1: Mark live objects 671.345ms
[5.734s][info][gc,phases,start] GC(35) Phase 2: Compute new object addresses
[5.948s][info][gc,phases      ] GC(35) Phase 2: Compute new object addresses 213.622ms
[5.948s][info][gc,phases,start] GC(35) Phase 3: Adjust pointers
[6.254s][info][gc,phases      ] GC(35) Phase 3: Adjust pointers 305.892ms
[6.254s][info][gc,phases,start] GC(35) Phase 4: Move objects
[6.338s][info][gc,phases      ] GC(35) Phase 4: Move objects 84.599ms
[6.339s][info][gc,heap        ] GC(35) DefNew: 491520K(491520K)->420620K(491520K) Eden: 436928K(436928K)->420620K(436928K) From: 54592K(54592K)->0K(54592K)
[6.339s][info][gc,heap        ] GC(35) Tenured: 1074154K(1092288K)->1092287K(1092288K)
[6.339s][info][gc,metaspace   ] GC(35) Metaspace: 6302K(6464K)->6302K(6464K) NonClass: 5769K(5824K)->5769K(5824K) Class: 533K(640K)->533K(640K)
[6.339s][info][gc             ] GC(35) Pause Full (Allocation Failure) 1528M->1477M(1546M) 1276.108ms
[6.339s][info][gc,cpu         ] GC(35) User=1.27s Sys=0.00s Real=1.28s
[6.500s][info][gc,start       ] GC(36) Pause Full (Allocation Failure)
[6.500s][info][gc,phases,start] GC(36) Phase 1: Mark live objects
[7.211s][info][gc,phases      ] GC(36) Phase 1: Mark live objects 711.369ms
[7.211s][info][gc,phases,start] GC(36) Phase 2: Compute new object addresses
[7.433s][info][gc,phases      ] GC(36) Phase 2: Compute new object addresses 222.026ms
[7.434s][info][gc,phases,start] GC(36) Phase 3: Adjust pointers
[7.775s][info][gc,phases      ] GC(36) Phase 3: Adjust pointers 341.890ms
[7.775s][info][gc,phases,start] GC(36) Phase 4: Move objects
[8.047s][info][gc,phases      ] GC(36) Phase 4: Move objects 271.292ms
[8.047s][info][gc,heap        ] GC(36) DefNew: 491519K(491520K)->462846K(491520K) Eden: 436928K(436928K)->436927K(436928K) From: 54591K(54592K)->25918K(54592K)
[8.047s][info][gc,heap        ] GC(36) Tenured: 1092287K(1092288K)->1092287K(1092288K)
[8.047s][info][gc,metaspace   ] GC(36) Metaspace: 6302K(6464K)->6302K(6464K) NonClass: 5769K(5824K)->5769K(5824K) Class: 533K(640K)->533K(640K)
[8.047s][info][gc             ] GC(36) Pause Full (Allocation Failure) 1546M->1518M(1546M) 1547.318ms
[8.047s][info][gc,cpu         ] GC(36) User=1.53s Sys=0.00s Real=1.55s
[8.132s][info][gc,start       ] GC(37) Pause Full (Allocation Failure)
[8.132s][info][gc,phases,start] GC(37) Phase 1: Mark live objects
[8.847s][info][gc,phases      ] GC(37) Phase 1: Mark live objects 715.165ms
[8.847s][info][gc,phases,start] GC(37) Phase 2: Compute new object addresses
[9.075s][info][gc,phases      ] GC(37) Phase 2: Compute new object addresses 227.571ms
[9.075s][info][gc,phases,start] GC(37) Phase 3: Adjust pointers
[9.374s][info][gc,phases      ] GC(37) Phase 3: Adjust pointers 299.277ms
[9.374s][info][gc,phases,start] GC(37) Phase 4: Move objects
[9.374s][info][gc,phases      ] GC(37) Phase 4: Move objects 0.017ms
[9.375s][info][gc,heap        ] GC(37) DefNew: 491519K(491520K)->491519K(491520K) Eden: 436927K(436928K)->436927K(436928K) From: 54591K(54592K)->54591K(54592K)
[9.375s][info][gc,heap        ] GC(37) Tenured: 1092287K(1092288K)->1092287K(1092288K)
[9.375s][info][gc,metaspace   ] GC(37) Metaspace: 6302K(6464K)->6302K(6464K) NonClass: 5769K(5824K)->5769K(5824K) Class: 533K(640K)->533K(640K)
[9.375s][info][gc             ] GC(37) Pause Full (Allocation Failure) 1546M->1546M(1546M) 1242.555ms
[9.375s][info][gc,cpu         ] GC(37) User=1.20s Sys=0.00s Real=1.24s
[9.375s][info][gc,start       ] GC(38) Pause Full (Allocation Failure)
[9.375s][info][gc,phases,start] GC(38) Phase 1: Mark live objects
[10.089s][info][gc,phases      ] GC(38) Phase 1: Mark live objects 714.510ms
[10.089s][info][gc,phases,start] GC(38) Phase 2: Compute new object addresses
[10.314s][info][gc,phases      ] GC(38) Phase 2: Compute new object addresses 224.611ms
[10.314s][info][gc,phases,start] GC(38) Phase 3: Adjust pointers
[10.661s][info][gc,phases      ] GC(38) Phase 3: Adjust pointers 347.091ms
[10.661s][info][gc,phases,start] GC(38) Phase 4: Move objects
[10.910s][info][gc,phases      ] GC(38) Phase 4: Move objects 249.145ms
[10.911s][info][gc,heap        ] GC(38) DefNew: 491519K(491520K)->491515K(491520K) Eden: 436927K(436928K)->436927K(436928K) From: 54591K(54592K)->54587K(54592K)
[10.911s][info][gc,heap        ] GC(38) Tenured: 1092287K(1092288K)->1092287K(1092288K)
[10.911s][info][gc,metaspace   ] GC(38) Metaspace: 6302K(6464K)->6300K(6464K) NonClass: 5769K(5824K)->5767K(5824K) Class: 533K(640K)->532K(640K)
[10.911s][info][gc             ] GC(38) Pause Full (Allocation Failure) 1546M->1546M(1546M) 1536.090ms
[10.911s][info][gc,cpu         ] GC(38) User=1.52s Sys=0.00s Real=1.53s
[10.912s][info][gc,start       ] GC(39) Pause Full (Allocation Failure)
[10.912s][info][gc,phases,start] GC(39) Phase 1: Mark live objects
[11.622s][info][gc,phases      ] GC(39) Phase 1: Mark live objects 710.758ms
[11.622s][info][gc,phases,start] GC(39) Phase 2: Compute new object addresses
[11.848s][info][gc,phases      ] GC(39) Phase 2: Compute new object addresses 225.056ms
[11.848s][info][gc,phases,start] GC(39) Phase 3: Adjust pointers
[12.134s][info][gc,phases      ] GC(39) Phase 3: Adjust pointers 286.365ms
[12.134s][info][gc,phases,start] GC(39) Phase 4: Move objects
[12.134s][info][gc,phases      ] GC(39) Phase 4: Move objects 0.016ms
[12.134s][info][gc,heap        ] GC(39) DefNew: 491519K(491520K)->491519K(491520K) Eden: 436927K(436928K)->436927K(436928K) From: 54591K(54592K)->54591K(54592K)
[12.134s][info][gc,heap        ] GC(39) Tenured: 1092287K(1092288K)->1092287K(1092288K)
[12.134s][info][gc,metaspace   ] GC(39) Metaspace: 6300K(6464K)->6300K(6464K) NonClass: 5767K(5824K)->5767K(5824K) Class: 532K(640K)->532K(640K)
[12.134s][info][gc             ] GC(39) Pause Full (Allocation Failure) 1546M->1546M(1546M) 1222.706ms
[12.134s][info][gc,cpu         ] GC(39) User=1.22s Sys=0.00s Real=1.22s
[12.134s][info][gc,start       ] GC(40) Pause Full (Allocation Failure)
[12.134s][info][gc,phases,start] GC(40) Phase 1: Mark live objects
[12.845s][info][gc,phases      ] GC(40) Phase 1: Mark live objects 710.889ms
[12.845s][info][gc,phases,start] GC(40) Phase 2: Compute new object addresses
[13.067s][info][gc,phases      ] GC(40) Phase 2: Compute new object addresses 221.960ms
[13.067s][info][gc,phases,start] GC(40) Phase 3: Adjust pointers
[13.355s][info][gc,phases      ] GC(40) Phase 3: Adjust pointers 287.471ms
[13.355s][info][gc,phases,start] GC(40) Phase 4: Move objects
[13.355s][info][gc,phases      ] GC(40) Phase 4: Move objects 0.016ms
[13.355s][info][gc,heap        ] GC(40) DefNew: 491519K(491520K)->491519K(491520K) Eden: 436927K(436928K)->436927K(436928K) From: 54591K(54592K)->54591K(54592K)
[13.355s][info][gc,heap        ] GC(40) Tenured: 1092287K(1092288K)->1092287K(1092288K)
[13.355s][info][gc,metaspace   ] GC(40) Metaspace: 6300K(6464K)->6300K(6464K) NonClass: 5767K(5824K)->5767K(5824K) Class: 532K(640K)->532K(640K)
[13.355s][info][gc             ] GC(40) Pause Full (Allocation Failure) 1546M->1546M(1546M) 1220.773ms
[13.355s][info][gc,cpu         ] GC(40) User=1.22s Sys=0.00s Real=1.22s
[13.355s][info][gc,start       ] GC(41) Pause Full (Allocation Failure)
[13.355s][info][gc,phases,start] GC(41) Phase 1: Mark live objects
[14.069s][info][gc,phases      ] GC(41) Phase 1: Mark live objects 713.141ms
[14.069s][info][gc,phases,start] GC(41) Phase 2: Compute new object addresses
[14.293s][info][gc,phases      ] GC(41) Phase 2: Compute new object addresses 224.345ms
[14.293s][info][gc,phases,start] GC(41) Phase 3: Adjust pointers
[14.584s][info][gc,phases      ] GC(41) Phase 3: Adjust pointers 290.984ms
[14.584s][info][gc,phases,start] GC(41) Phase 4: Move objects
[14.584s][info][gc,phases      ] GC(41) Phase 4: Move objects 0.017ms
[14.584s][info][gc,heap        ] GC(41) DefNew: 491519K(491520K)->491519K(491520K) Eden: 436927K(436928K)->436927K(436928K) From: 54591K(54592K)->54591K(54592K)
[14.584s][info][gc,heap        ] GC(41) Tenured: 1092288K(1092288K)->1092288K(1092288K)
[14.584s][info][gc,metaspace   ] GC(41) Metaspace: 6300K(6464K)->6300K(6464K) NonClass: 5767K(5824K)->5767K(5824K) Class: 532K(640K)->532K(640K)
[14.584s][info][gc             ] GC(41) Pause Full (Allocation Failure) 1546M->1546M(1546M) 1228.966ms
[14.584s][info][gc,cpu         ] GC(41) User=1.22s Sys=0.00s Real=1.23s
[14.584s][info][gc,start       ] GC(42) Pause Full (Allocation Failure)
[14.584s][info][gc,phases,start] GC(42) Phase 1: Mark live objects
[15.297s][info][gc,phases      ] GC(42) Phase 1: Mark live objects 712.688ms
[15.297s][info][gc,phases,start] GC(42) Phase 2: Compute new object addresses
[15.523s][info][gc,phases      ] GC(42) Phase 2: Compute new object addresses 225.881ms
[15.523s][info][gc,phases,start] GC(42) Phase 3: Adjust pointers
[15.873s][info][gc,phases      ] GC(42) Phase 3: Adjust pointers 349.558ms
[15.873s][info][gc,phases,start] GC(42) Phase 4: Move objects
[16.124s][info][gc,phases      ] GC(42) Phase 4: Move objects 251.250ms
[16.124s][info][gc,heap        ] GC(42) DefNew: 491519K(491520K)->491518K(491520K) Eden: 436927K(436928K)->436927K(436928K) From: 54591K(54592K)->54590K(54592K)
[16.124s][info][gc,heap        ] GC(42) Tenured: 1092288K(1092288K)->1092287K(1092288K)
[16.124s][info][gc,metaspace   ] GC(42) Metaspace: 6300K(6464K)->6300K(6464K) NonClass: 5767K(5824K)->5767K(5824K) Class: 532K(640K)->532K(640K)
[16.125s][info][gc             ] GC(42) Pause Full (Allocation Failure) 1546M->1546M(1546M) 1540.166ms
[16.125s][info][gc,cpu         ] GC(42) User=1.52s Sys=0.00s Real=1.54s
[16.126s][info][gc,start       ] GC(43) Pause Full (Allocation Failure)
[16.126s][info][gc,phases,start] GC(43) Phase 1: Mark live objects
[16.846s][info][gc,phases      ] GC(43) Phase 1: Mark live objects 719.811ms
[16.846s][info][gc,phases,start] GC(43) Phase 2: Compute new object addresses
[17.074s][info][gc,phases      ] GC(43) Phase 2: Compute new object addresses 228.444ms
[17.074s][info][gc,phases,start] GC(43) Phase 3: Adjust pointers
[17.364s][info][gc,phases      ] GC(43) Phase 3: Adjust pointers 289.436ms
[17.364s][info][gc,phases,start] GC(43) Phase 4: Move objects
[17.364s][info][gc,phases      ] GC(43) Phase 4: Move objects 0.016ms
[17.364s][info][gc,heap        ] GC(43) DefNew: 491519K(491520K)->491519K(491520K) Eden: 436928K(436928K)->436928K(436928K) From: 54591K(54592K)->54591K(54592K)
[17.364s][info][gc,heap        ] GC(43) Tenured: 1092287K(1092288K)->1092287K(1092288K)
[17.364s][info][gc,metaspace   ] GC(43) Metaspace: 6302K(6528K)->6302K(6528K) NonClass: 5768K(5888K)->5768K(5888K) Class: 533K(640K)->533K(640K)
[17.364s][info][gc             ] GC(43) Pause Full (Allocation Failure) 1546M->1546M(1546M) 1238.169ms
[17.364s][info][gc,cpu         ] GC(43) User=1.23s Sys=0.00s Real=1.24s
[17.365s][info][gc,heap,exit   ] Heap
[17.365s][info][gc,heap,exit   ]  def new generation   total 491520K, used 491519K [0x000000009c000000, 0x00000000bd550000, 0x00000000bd550000)
[17.365s][info][gc,heap,exit   ]   eden space 436928K, 100% used [0x000000009c000000, 0x00000000b6ab0000, 0x00000000b6ab0000)
[17.365s][info][gc,heap,exit   ]   from space 54592K,  99% used [0x00000000ba000000, 0x00000000bd54ffe8, 0x00000000bd550000)
[17.365s][info][gc,heap,exit   ]   to   space 54592K,   0% used [0x00000000b6ab0000, 0x00000000b6ab0000, 0x00000000ba000000)
[17.365s][info][gc,heap,exit   ]  tenured generation   total 1092288K, used 1092287K [0x00000000bd550000, 0x0000000100000000, 0x0000000100000000)
[17.365s][info][gc,heap,exit   ]    the space 1092288K,  99% used [0x00000000bd550000, 0x00000000ffffffc8, 0x0000000100000000, 0x0000000100000000)
[17.365s][info][gc,heap,exit   ]  Metaspace       used 6305K, committed 6528K, reserved 1114112K
[17.365s][info][gc,heap,exit   ]   class space    used 534K, committed 640K, reserved 1048576K
