[0.018s][info][gc,init] CardTable entry size: 512
[0.018s][info][gc     ] Using Serial
[0.018s][info][gc,init] Version: 18.0.1+10 (release)
[0.018s][info][gc,init] CPUs: 8 total, 8 available
[0.018s][info][gc,init] Memory: 16063M
[0.018s][info][gc,init] Large Page Support: Disabled
[0.018s][info][gc,init] NUMA Support: Disabled
[0.018s][info][gc,init] Compressed Oops: Enabled (Zero based)
[0.018s][info][gc,init] Heap Min Capacity: 2M
[0.018s][info][gc,init] Heap Initial Capacity: 2M
[0.018s][info][gc,init] Heap Max Capacity: 17200M
[0.018s][info][gc,init] Pre-touch: Disabled
[0.019s][info][gc,metaspace] CDS archive(s) not mapped
[0.019s][info][gc,metaspace] Compressed class space mapped at: 0x0000000800000000-0x0000000840000000, reserved size: 1073741824
[0.019s][info][gc,metaspace] Narrow klass base: 0x0000000800000000, Narrow klass shift: 0, Narrow klass range: 0x40000000
[0.188s][info][gc,start    ] GC(0) Pause Young (Allocation Failure)
[0.190s][info][gc,heap     ] GC(0) DefNew: 1023K(1152K)->127K(1152K) Eden: 1023K(1024K)->0K(1024K) From: 0K(128K)->127K(128K)
[0.190s][info][gc,heap     ] GC(0) Tenured: 0K(768K)->439K(768K)
[0.190s][info][gc,metaspace] GC(0) Metaspace: 5904K(6016K)->5904K(6016K) NonClass: 5405K(5504K)->5405K(5504K) Class: 499K(512K)->499K(512K)
[0.190s][info][gc          ] GC(0) Pause Young (Allocation Failure) 0M->0M(1M) 1.769ms
[0.190s][info][gc,cpu      ] GC(0) User=0.00s Sys=0.00s Real=0.00s
[0.212s][info][gc,start    ] GC(1) Pause Young (Allocation Failure)
[0.214s][info][gc          ] GC(1) Pause Young (Allocation Failure) 1M->0M(2M) 1.290ms
[0.214s][info][gc,cpu      ] GC(1) User=0.00s Sys=0.00s Real=0.00s
[0.214s][info][gc,start    ] GC(2) Pause Full (Allocation Failure)
[0.214s][info][gc,phases,start] GC(2) Phase 1: Mark live objects
[0.215s][info][gc,phases      ] GC(2) Phase 1: Mark live objects 1.295ms
[0.215s][info][gc,phases,start] GC(2) Phase 2: Compute new object addresses
[0.215s][info][gc,phases      ] GC(2) Phase 2: Compute new object addresses 0.311ms
[0.215s][info][gc,phases,start] GC(2) Phase 3: Adjust pointers
[0.216s][info][gc,phases      ] GC(2) Phase 3: Adjust pointers 0.696ms
[0.216s][info][gc,phases,start] GC(2) Phase 4: Move objects
[0.216s][info][gc,phases      ] GC(2) Phase 4: Move objects 0.096ms
[0.216s][info][gc,heap        ] GC(2) DefNew: 1151K(1152K)->40K(1152K) Eden: 1024K(1024K)->40K(1024K) From: 127K(128K)->0K(128K)
[0.216s][info][gc,heap        ] GC(2) Tenured: 439K(768K)->959K(1600K)
[0.216s][info][gc,metaspace   ] GC(2) Metaspace: 6300K(6528K)->6300K(6528K) NonClass: 5767K(5888K)->5767K(5888K) Class: 533K(640K)->533K(640K)
[0.216s][info][gc             ] GC(2) Pause Full (Allocation Failure) 0M->0M(2M) 2.800ms
[0.216s][info][gc,cpu         ] GC(2) User=0.00s Sys=0.00s Real=0.00s
[0.218s][info][gc,start       ] GC(3) Pause Young (Allocation Failure)
[0.219s][info][gc,heap        ] GC(3) DefNew: 1024K(1152K)->128K(1152K) Eden: 1024K(1024K)->0K(1024K) From: 0K(128K)->128K(128K)
[0.219s][info][gc,heap        ] GC(3) Tenured: 959K(1600K)->1374K(1600K)
[0.219s][info][gc,metaspace   ] GC(3) Metaspace: 6300K(6528K)->6300K(6528K) NonClass: 5767K(5888K)->5767K(5888K) Class: 533K(640K)->533K(640K)
[0.219s][info][gc             ] GC(3) Pause Young (Allocation Failure) 1M->1M(2M) 1.360ms
[0.219s][info][gc,cpu         ] GC(3) User=0.00s Sys=0.00s Real=0.00s
[0.221s][info][gc,start       ] GC(4) Pause Young (Allocation Failure)
[0.222s][info][gc             ] GC(4) Pause Young (Allocation Failure) 2M->1M(3M) 1.275ms
[0.222s][info][gc,cpu         ] GC(4) User=0.00s Sys=0.00s Real=0.00s
[0.222s][info][gc,start       ] GC(5) Pause Full (Allocation Failure)
[0.222s][info][gc,phases,start] GC(5) Phase 1: Mark live objects
[0.224s][info][gc,phases      ] GC(5) Phase 1: Mark live objects 1.582ms
[0.224s][info][gc,phases,start] GC(5) Phase 2: Compute new object addresses
[0.224s][info][gc,phases      ] GC(5) Phase 2: Compute new object addresses 0.415ms
[0.224s][info][gc,phases,start] GC(5) Phase 3: Adjust pointers
[0.225s][info][gc,phases      ] GC(5) Phase 3: Adjust pointers 0.741ms
[0.225s][info][gc,phases,start] GC(5) Phase 4: Move objects
[0.225s][info][gc,phases      ] GC(5) Phase 4: Move objects 0.075ms
[0.225s][info][gc,heap        ] GC(5) DefNew: 1152K(1152K)->34K(1536K) Eden: 1024K(1024K)->34K(1408K) From: 128K(128K)->0K(128K)
[0.225s][info][gc,heap        ] GC(5) Tenured: 1374K(1600K)->1984K(3308K)
[0.225s][info][gc,metaspace   ] GC(5) Metaspace: 6300K(6528K)->6300K(6528K) NonClass: 5767K(5888K)->5767K(5888K) Class: 533K(640K)->533K(640K)
[0.225s][info][gc             ] GC(5) Pause Full (Allocation Failure) 1M->1M(4M) 3.159ms
[0.225s][info][gc,cpu         ] GC(5) User=0.00s Sys=0.00s Real=0.00s
[0.227s][info][gc,start       ] GC(6) Pause Young (Allocation Failure)
[0.229s][info][gc,heap        ] GC(6) DefNew: 1408K(1536K)->127K(1536K) Eden: 1408K(1408K)->0K(1408K) From: 0K(128K)->127K(128K)
[0.229s][info][gc,heap        ] GC(6) Tenured: 1984K(3308K)->2617K(3308K)
[0.229s][info][gc,metaspace   ] GC(6) Metaspace: 6300K(6528K)->6300K(6528K) NonClass: 5767K(5888K)->5767K(5888K) Class: 533K(640K)->533K(640K)
[0.229s][info][gc             ] GC(6) Pause Young (Allocation Failure) 3M->2M(4M) 1.940ms
[0.229s][info][gc,cpu         ] GC(6) User=0.00s Sys=0.00s Real=0.00s
[0.231s][info][gc,start       ] GC(7) Pause Young (Allocation Failure)
[0.232s][info][gc             ] GC(7) Pause Young (Allocation Failure) 4M->3M(4M) 1.881ms
[0.233s][info][gc,cpu         ] GC(7) User=0.00s Sys=0.00s Real=0.00s
[0.233s][info][gc,start       ] GC(8) Pause Full (Allocation Failure)
[0.233s][info][gc,phases,start] GC(8) Phase 1: Mark live objects
[0.235s][info][gc,phases      ] GC(8) Phase 1: Mark live objects 2.301ms
[0.235s][info][gc,phases,start] GC(8) Phase 2: Compute new object addresses
[0.236s][info][gc,phases      ] GC(8) Phase 2: Compute new object addresses 0.742ms
[0.236s][info][gc,phases,start] GC(8) Phase 3: Adjust pointers
[0.237s][info][gc,phases      ] GC(8) Phase 3: Adjust pointers 1.132ms
[0.237s][info][gc,phases,start] GC(8) Phase 4: Move objects
[0.237s][info][gc,phases      ] GC(8) Phase 4: Move objects 0.090ms
[0.237s][info][gc,heap        ] GC(8) DefNew: 1535K(1536K)->0K(2688K) Eden: 1408K(1408K)->0K(2432K) From: 127K(128K)->0K(256K)
[0.237s][info][gc,heap        ] GC(8) Tenured: 2617K(3308K)->3459K(5768K)
[0.237s][info][gc,metaspace   ] GC(8) Metaspace: 6300K(6528K)->6300K(6528K) NonClass: 5767K(5888K)->5767K(5888K) Class: 533K(640K)->533K(640K)
[0.237s][info][gc             ] GC(8) Pause Full (Allocation Failure) 3M->3M(8M) 4.703ms
[0.237s][info][gc,cpu         ] GC(8) User=0.00s Sys=0.00s Real=0.01s
[0.242s][info][gc,start       ] GC(9) Pause Young (Allocation Failure)
[0.245s][info][gc,heap        ] GC(9) DefNew: 2432K(2688K)->255K(2688K) Eden: 2432K(2432K)->0K(2432K) From: 0K(256K)->255K(256K)
[0.245s][info][gc,heap        ] GC(9) Tenured: 3459K(5768K)->4512K(5768K)
[0.245s][info][gc,metaspace   ] GC(9) Metaspace: 6300K(6528K)->6300K(6528K) NonClass: 5767K(5888K)->5767K(5888K) Class: 533K(640K)->533K(640K)
[0.245s][info][gc             ] GC(9) Pause Young (Allocation Failure) 5M->4M(8M) 3.464ms
[0.245s][info][gc,cpu         ] GC(9) User=0.00s Sys=0.00s Real=0.00s
[0.249s][info][gc,start       ] GC(10) Pause Young (Allocation Failure)
[0.253s][info][gc,heap        ] GC(10) DefNew: 2687K(2688K)->256K(2688K) Eden: 2432K(2432K)->0K(2432K) From: 255K(256K)->256K(256K)
[0.253s][info][gc,heap        ] GC(10) Tenured: 4512K(5768K)->5754K(5768K)
[0.253s][info][gc,metaspace   ] GC(10) Metaspace: 6300K(6528K)->6300K(6528K) NonClass: 5767K(5888K)->5767K(5888K) Class: 533K(640K)->533K(640K)
[0.253s][info][gc             ] GC(10) Pause Young (Allocation Failure) 7M->5M(8M) 3.561ms
[0.253s][info][gc,cpu         ] GC(10) User=0.00s Sys=0.00s Real=0.00s
[0.257s][info][gc,start       ] GC(11) Pause Young (Allocation Failure)
[0.260s][info][gc             ] GC(11) Pause Young (Allocation Failure) 8M->7M(9M) 3.524ms
[0.260s][info][gc,cpu         ] GC(11) User=0.00s Sys=0.00s Real=0.00s
[0.260s][info][gc,start       ] GC(12) Pause Full (Allocation Failure)
[0.260s][info][gc,phases,start] GC(12) Phase 1: Mark live objects
[0.265s][info][gc,phases      ] GC(12) Phase 1: Mark live objects 5.207ms
[0.266s][info][gc,phases,start] GC(12) Phase 2: Compute new object addresses
[0.267s][info][gc,phases      ] GC(12) Phase 2: Compute new object addresses 1.386ms
[0.267s][info][gc,phases,start] GC(12) Phase 3: Adjust pointers
[0.269s][info][gc,phases      ] GC(12) Phase 3: Adjust pointers 1.783ms
[0.269s][info][gc,phases,start] GC(12) Phase 4: Move objects
[0.270s][info][gc,phases      ] GC(12) Phase 4: Move objects 1.411ms
[0.271s][info][gc,heap        ] GC(12) DefNew: 2688K(2688K)->0K(5376K) Eden: 2432K(2432K)->0K(4800K) From: 256K(256K)->0K(576K)
[0.271s][info][gc,heap        ] GC(12) Tenured: 5754K(5768K)->7132K(11888K)
[0.271s][info][gc,metaspace   ] GC(12) Metaspace: 6300K(6528K)->6300K(6528K) NonClass: 5767K(5888K)->5767K(5888K) Class: 533K(640K)->533K(640K)
[0.271s][info][gc             ] GC(12) Pause Full (Allocation Failure) 7M->6M(16M) 10.407ms
[0.271s][info][gc,cpu         ] GC(12) User=0.02s Sys=0.00s Real=0.01s
[0.276s][info][gc,start       ] GC(13) Pause Young (Allocation Failure)
[0.282s][info][gc,heap        ] GC(13) DefNew: 4800K(5376K)->576K(5376K) Eden: 4800K(4800K)->0K(4800K) From: 0K(576K)->576K(576K)
[0.283s][info][gc,heap        ] GC(13) Tenured: 7132K(11888K)->9027K(11888K)
[0.283s][info][gc,metaspace   ] GC(13) Metaspace: 6300K(6528K)->6300K(6528K) NonClass: 5767K(5888K)->5767K(5888K) Class: 533K(640K)->533K(640K)
[0.283s][info][gc             ] GC(13) Pause Young (Allocation Failure) 11M->9M(16M) 6.461ms
[0.283s][info][gc,cpu         ] GC(13) User=0.00s Sys=0.00s Real=0.01s
[0.288s][info][gc,start       ] GC(14) Pause Young (Allocation Failure)
[0.296s][info][gc,heap        ] GC(14) DefNew: 5376K(5376K)->576K(5376K) Eden: 4800K(4800K)->0K(4800K) From: 576K(576K)->576K(576K)
[0.296s][info][gc,heap        ] GC(14) Tenured: 9027K(11888K)->11746K(11888K)
[0.296s][info][gc,metaspace   ] GC(14) Metaspace: 6300K(6528K)->6300K(6528K) NonClass: 5767K(5888K)->5767K(5888K) Class: 533K(640K)->533K(640K)
[0.296s][info][gc             ] GC(14) Pause Young (Allocation Failure) 14M->12M(16M) 7.388ms
[0.296s][info][gc,cpu         ] GC(14) User=0.00s Sys=0.00s Real=0.01s
[0.300s][info][gc,start       ] GC(15) Pause Young (Allocation Failure)
[0.306s][info][gc             ] GC(15) Pause Young (Allocation Failure) 16M->14M(19M) 6.620ms
[0.306s][info][gc,cpu         ] GC(15) User=0.00s Sys=0.00s Real=0.01s
[0.306s][info][gc,start       ] GC(16) Pause Full (Allocation Failure)
[0.306s][info][gc,phases,start] GC(16) Phase 1: Mark live objects
[0.314s][info][gc,phases      ] GC(16) Phase 1: Mark live objects 8.097ms
[0.314s][info][gc,phases,start] GC(16) Phase 2: Compute new object addresses
[0.317s][info][gc,phases      ] GC(16) Phase 2: Compute new object addresses 2.587ms
[0.317s][info][gc,phases,start] GC(16) Phase 3: Adjust pointers
[0.320s][info][gc,phases      ] GC(16) Phase 3: Adjust pointers 2.851ms
[0.320s][info][gc,phases,start] GC(16) Phase 4: Move objects
[0.320s][info][gc,phases      ] GC(16) Phase 4: Move objects 0.173ms
[0.320s][info][gc,heap        ] GC(16) DefNew: 5376K(5376K)->386K(10880K) Eden: 4800K(4800K)->386K(9728K) From: 576K(576K)->0K(1152K)
[0.320s][info][gc,heap        ] GC(16) Tenured: 11746K(11888K)->14383K(23976K)
[0.320s][info][gc,metaspace   ] GC(16) Metaspace: 6302K(6528K)->6302K(6528K) NonClass: 5769K(5888K)->5769K(5888K) Class: 533K(640K)->533K(640K)
[0.320s][info][gc             ] GC(16) Pause Full (Allocation Failure) 14M->14M(34M) 14.098ms
[0.320s][info][gc,cpu         ] GC(16) User=0.02s Sys=0.00s Real=0.01s
[0.328s][info][gc,start       ] GC(17) Pause Young (Allocation Failure)
[0.341s][info][gc,heap        ] GC(17) DefNew: 9728K(10880K)->1151K(10880K) Eden: 9728K(9728K)->0K(9728K) From: 0K(1152K)->1151K(1152K)
[0.342s][info][gc,heap        ] GC(17) Tenured: 14383K(23976K)->18415K(23976K)
[0.342s][info][gc,metaspace   ] GC(17) Metaspace: 6302K(6528K)->6302K(6528K) NonClass: 5769K(5888K)->5769K(5888K) Class: 533K(640K)->533K(640K)
[0.342s][info][gc             ] GC(17) Pause Young (Allocation Failure) 23M->19M(34M) 13.445ms
[0.342s][info][gc,cpu         ] GC(17) User=0.00s Sys=0.00s Real=0.01s
[0.349s][info][gc,start       ] GC(18) Pause Young (Allocation Failure)
[0.361s][info][gc,heap        ] GC(18) DefNew: 10879K(10880K)->1151K(10880K) Eden: 9728K(9728K)->0K(9728K) From: 1151K(1152K)->1151K(1152K)
[0.361s][info][gc,heap        ] GC(18) Tenured: 18415K(23976K)->23936K(23976K)
[0.361s][info][gc,metaspace   ] GC(18) Metaspace: 6302K(6528K)->6302K(6528K) NonClass: 5769K(5888K)->5769K(5888K) Class: 533K(640K)->533K(640K)
[0.361s][info][gc             ] GC(18) Pause Young (Allocation Failure) 28M->24M(34M) 12.023ms
[0.361s][info][gc,cpu         ] GC(18) User=0.00s Sys=0.00s Real=0.01s
[0.366s][info][gc,start       ] GC(19) Pause Young (Allocation Failure)
[0.378s][info][gc             ] GC(19) Pause Young (Allocation Failure) 34M->29M(38M) 11.880ms
[0.378s][info][gc,cpu         ] GC(19) User=0.00s Sys=0.00s Real=0.01s
[0.378s][info][gc,start       ] GC(20) Pause Full (Allocation Failure)
[0.378s][info][gc,phases,start] GC(20) Phase 1: Mark live objects
[0.392s][info][gc,phases      ] GC(20) Phase 1: Mark live objects 14.107ms
[0.392s][info][gc,phases,start] GC(20) Phase 2: Compute new object addresses
[0.397s][info][gc,phases      ] GC(20) Phase 2: Compute new object addresses 4.482ms
[0.397s][info][gc,phases,start] GC(20) Phase 3: Adjust pointers
[0.403s][info][gc,phases      ] GC(20) Phase 3: Adjust pointers 5.548ms
[0.403s][info][gc,phases,start] GC(20) Phase 4: Move objects
[0.403s][info][gc,phases      ] GC(20) Phase 4: Move objects 0.171ms
[0.403s][info][gc,heap        ] GC(20) DefNew: 10879K(10880K)->1079K(21888K) Eden: 9728K(9728K)->1079K(19520K) From: 1151K(1152K)->0K(2368K)
[0.403s][info][gc,heap        ] GC(20) Tenured: 23936K(23976K)->29035K(48396K)
[0.403s][info][gc,metaspace   ] GC(20) Metaspace: 6302K(6528K)->6302K(6528K) NonClass: 5769K(5888K)->5769K(5888K) Class: 533K(640K)->533K(640K)
[0.403s][info][gc             ] GC(20) Pause Full (Allocation Failure) 29M->29M(68M) 24.726ms
[0.403s][info][gc,cpu         ] GC(20) User=0.03s Sys=0.00s Real=0.02s
[0.418s][info][gc,start       ] GC(21) Pause Young (Allocation Failure)
[0.446s][info][gc,heap        ] GC(21) DefNew: 19520K(21888K)->2368K(21888K) Eden: 19520K(19520K)->0K(19520K) From: 0K(2368K)->2368K(2368K)
[0.446s][info][gc,heap        ] GC(21) Tenured: 29035K(48396K)->39360K(48396K)
[0.446s][info][gc,metaspace   ] GC(21) Metaspace: 6302K(6528K)->6302K(6528K) NonClass: 5769K(5888K)->5769K(5888K) Class: 533K(640K)->533K(640K)
[0.446s][info][gc             ] GC(21) Pause Young (Allocation Failure) 47M->40M(68M) 27.974ms
[0.446s][info][gc,cpu         ] GC(21) User=0.02s Sys=0.02s Real=0.03s
[0.465s][info][gc,start       ] GC(22) Pause Young (Allocation Failure)
[0.500s][info][gc             ] GC(22) Pause Young (Allocation Failure) 59M->59M(78M) 35.604ms
[0.500s][info][gc,cpu         ] GC(22) User=0.03s Sys=0.00s Real=0.04s
[0.500s][info][gc,start       ] GC(23) Pause Full (Allocation Failure)
[0.500s][info][gc,phases,start] GC(23) Phase 1: Mark live objects
[0.526s][info][gc,phases      ] GC(23) Phase 1: Mark live objects 25.334ms
[0.526s][info][gc,phases,start] GC(23) Phase 2: Compute new object addresses
[0.536s][info][gc,phases      ] GC(23) Phase 2: Compute new object addresses 9.833ms
[0.536s][info][gc,phases,start] GC(23) Phase 3: Adjust pointers
[0.547s][info][gc,phases      ] GC(23) Phase 3: Adjust pointers 11.021ms
[0.547s][info][gc,phases,start] GC(23) Phase 4: Move objects
[0.547s][info][gc,phases      ] GC(23) Phase 4: Move objects 0.453ms
[0.548s][info][gc,heap        ] GC(23) DefNew: 21888K(21888K)->2261K(44288K) Eden: 19520K(19520K)->2261K(39424K) From: 2368K(2368K)->0K(4864K)
[0.548s][info][gc,heap        ] GC(23) Tenured: 39360K(48396K)->58955K(98260K)
[0.548s][info][gc,metaspace   ] GC(23) Metaspace: 6302K(6528K)->6302K(6528K) NonClass: 5769K(5888K)->5769K(5888K) Class: 533K(640K)->533K(640K)
[0.548s][info][gc             ] GC(23) Pause Full (Allocation Failure) 59M->59M(139M) 47.336ms
[0.548s][info][gc,cpu         ] GC(23) User=0.05s Sys=0.00s Real=0.05s
[0.590s][info][gc,start       ] GC(24) Pause Young (Allocation Failure)
[0.651s][info][gc,heap        ] GC(24) DefNew: 39424K(44288K)->4863K(44288K) Eden: 39424K(39424K)->0K(39424K) From: 0K(4864K)->4863K(4864K)
[0.651s][info][gc,heap        ] GC(24) Tenured: 58955K(98260K)->93487K(98260K)
[0.651s][info][gc,metaspace   ] GC(24) Metaspace: 6302K(6528K)->6302K(6528K) NonClass: 5769K(5888K)->5769K(5888K) Class: 533K(640K)->533K(640K)
[0.651s][info][gc             ] GC(24) Pause Young (Allocation Failure) 96M->96M(139M) 61.431ms
[0.651s][info][gc,cpu         ] GC(24) User=0.02s Sys=0.03s Real=0.06s
[0.686s][info][gc,start       ] GC(25) Pause Young (Allocation Failure)
[0.757s][info][gc             ] GC(25) Pause Young (Allocation Failure) 134M->134M(173M) 71.128ms
[0.757s][info][gc,cpu         ] GC(25) User=0.06s Sys=0.00s Real=0.07s
[0.757s][info][gc,start       ] GC(26) Pause Full (Allocation Failure)
[0.757s][info][gc,phases,start] GC(26) Phase 1: Mark live objects
[0.813s][info][gc,phases      ] GC(26) Phase 1: Mark live objects 55.794ms
[0.813s][info][gc,phases,start] GC(26) Phase 2: Compute new object addresses
[0.834s][info][gc,phases      ] GC(26) Phase 2: Compute new object addresses 20.602ms
[0.834s][info][gc,phases,start] GC(26) Phase 3: Adjust pointers
[0.858s][info][gc,phases      ] GC(26) Phase 3: Adjust pointers 24.401ms
[0.858s][info][gc,phases,start] GC(26) Phase 4: Move objects
[0.882s][info][gc,phases      ] GC(26) Phase 4: Move objects 23.722ms
[0.883s][info][gc,heap        ] GC(26) DefNew: 44287K(44288K)->1017K(99712K) Eden: 39424K(39424K)->1017K(88640K) From: 4863K(4864K)->0K(11072K)
[0.883s][info][gc,heap        ] GC(26) Tenured: 93487K(98260K)->132887K(221480K)
[0.883s][info][gc,metaspace   ] GC(26) Metaspace: 6302K(6528K)->6302K(6528K) NonClass: 5769K(5888K)->5769K(5888K) Class: 533K(640K)->533K(640K)
[0.883s][info][gc             ] GC(26) Pause Full (Allocation Failure) 134M->130M(313M) 125.338ms
[0.883s][info][gc,cpu         ] GC(26) User=0.12s Sys=0.00s Real=0.13s
[0.971s][info][gc,start       ] GC(27) Pause Young (Allocation Failure)
[1.115s][info][gc,heap        ] GC(27) DefNew: 88640K(99712K)->11071K(99712K) Eden: 88640K(88640K)->0K(88640K) From: 0K(11072K)->11071K(11072K)
[1.115s][info][gc,heap        ] GC(27) Tenured: 132887K(221480K)->210426K(221480K)
[1.115s][info][gc,metaspace   ] GC(27) Metaspace: 6302K(6528K)->6302K(6528K) NonClass: 5769K(5888K)->5769K(5888K) Class: 533K(640K)->533K(640K)
[1.115s][info][gc             ] GC(27) Pause Young (Allocation Failure) 216M->216M(313M) 143.238ms
[1.115s][info][gc,cpu         ] GC(27) User=0.09s Sys=0.05s Real=0.14s
[1.191s][info][gc,start       ] GC(28) Pause Young (Allocation Failure)
[1.357s][info][gc             ] GC(28) Pause Young (Allocation Failure) 302M->302M(389M) 165.411ms
[1.357s][info][gc,cpu         ] GC(28) User=0.17s Sys=0.00s Real=0.16s
[1.357s][info][gc,start       ] GC(29) Pause Full (Allocation Failure)
[1.357s][info][gc,phases,start] GC(29) Phase 1: Mark live objects
[1.490s][info][gc,phases      ] GC(29) Phase 1: Mark live objects 133.240ms
[1.490s][info][gc,phases,start] GC(29) Phase 2: Compute new object addresses
[1.538s][info][gc,phases      ] GC(29) Phase 2: Compute new object addresses 47.327ms
[1.538s][info][gc,phases,start] GC(29) Phase 3: Adjust pointers
[1.591s][info][gc,phases      ] GC(29) Phase 3: Adjust pointers 52.913ms
[1.591s][info][gc,phases,start] GC(29) Phase 4: Move objects
[1.593s][info][gc,phases      ] GC(29) Phase 4: Move objects 2.163ms
[1.594s][info][gc,heap        ] GC(29) DefNew: 99711K(99712K)->10928K(224448K) Eden: 88640K(88640K)->10928K(199552K) From: 11071K(11072K)->0K(24896K)
[1.594s][info][gc,heap        ] GC(29) Tenured: 210426K(221480K)->299179K(498636K)
[1.594s][info][gc,metaspace   ] GC(29) Metaspace: 6302K(6528K)->6302K(6528K) NonClass: 5769K(5888K)->5769K(5888K) Class: 533K(640K)->533K(640K)
[1.594s][info][gc             ] GC(29) Pause Full (Allocation Failure) 302M->302M(706M) 236.866ms
[1.594s][info][gc,cpu         ] GC(29) User=0.22s Sys=0.00s Real=0.24s
[1.795s][info][gc,start       ] GC(30) Pause Young (Allocation Failure)
[2.124s][info][gc,heap        ] GC(30) DefNew: 199552K(224448K)->24895K(224448K) Eden: 199552K(199552K)->0K(199552K) From: 0K(24896K)->24895K(24896K)
[2.124s][info][gc,heap        ] GC(30) Tenured: 299179K(498636K)->473808K(498636K)
[2.124s][info][gc,metaspace   ] GC(30) Metaspace: 6302K(6528K)->6302K(6528K) NonClass: 5769K(5888K)->5769K(5888K) Class: 533K(640K)->533K(640K)
[2.124s][info][gc             ] GC(30) Pause Young (Allocation Failure) 487M->487M(706M) 328.897ms
[2.124s][info][gc,cpu         ] GC(30) User=0.25s Sys=0.08s Real=0.33s
[2.305s][info][gc,start       ] GC(31) Pause Young (Allocation Failure)
[2.682s][info][gc             ] GC(31) Pause Young (Allocation Failure) 681M->681M(876M) 377.060ms
[2.682s][info][gc,cpu         ] GC(31) User=0.33s Sys=0.05s Real=0.38s
[2.682s][info][gc,start       ] GC(32) Pause Full (Allocation Failure)
[2.682s][info][gc,phases,start] GC(32) Phase 1: Mark live objects
[2.999s][info][gc,phases      ] GC(32) Phase 1: Mark live objects 316.798ms
[2.999s][info][gc,phases,start] GC(32) Phase 2: Compute new object addresses
[3.105s][info][gc,phases      ] GC(32) Phase 2: Compute new object addresses 106.103ms
[3.105s][info][gc,phases,start] GC(32) Phase 3: Adjust pointers
[3.224s][info][gc,phases      ] GC(32) Phase 3: Adjust pointers 118.695ms
[3.224s][info][gc,phases,start] GC(32) Phase 4: Move objects
[3.229s][info][gc,phases      ] GC(32) Phase 4: Move objects 5.099ms
[3.231s][info][gc,heap        ] GC(32) DefNew: 224447K(224448K)->24797K(505152K) Eden: 199552K(199552K)->24797K(449088K) From: 24895K(24896K)->0K(56064K)
[3.231s][info][gc,heap        ] GC(32) Tenured: 473808K(498636K)->673423K(1122376K)
[3.231s][info][gc,metaspace   ] GC(32) Metaspace: 6302K(6528K)->6302K(6528K) NonClass: 5769K(5888K)->5769K(5888K) Class: 533K(640K)->533K(640K)
[3.231s][info][gc             ] GC(32) Pause Full (Allocation Failure) 681M->681M(1589M) 549.226ms
[3.231s][info][gc,cpu         ] GC(32) User=0.55s Sys=0.00s Real=0.55s
[3.695s][info][gc,start       ] GC(33) Pause Young (Allocation Failure)
[4.457s][info][gc,heap        ] GC(33) DefNew: 449088K(505152K)->56064K(505152K) Eden: 449088K(449088K)->0K(449088K) From: 0K(56064K)->56064K(56064K)
[4.457s][info][gc,heap        ] GC(33) Tenured: 673423K(1122376K)->1066419K(1122376K)
[4.457s][info][gc,metaspace   ] GC(33) Metaspace: 6302K(6528K)->6302K(6528K) NonClass: 5769K(5888K)->5769K(5888K) Class: 533K(640K)->533K(640K)
[4.457s][info][gc             ] GC(33) Pause Young (Allocation Failure) 1096M->1096M(1589M) 761.838ms
[4.457s][info][gc,cpu         ] GC(33) User=0.69s Sys=0.03s Real=0.76s
[4.895s][info][gc,start       ] GC(34) Pause Young (Allocation Failure)
[5.611s][info][gc             ] GC(34) Pause Young (Allocation Failure) 1534M->1478M(1917M) 716.709ms
[5.611s][info][gc,cpu         ] GC(34) User=0.55s Sys=0.17s Real=0.72s
[5.612s][info][gc,start       ] GC(35) Pause Full (Allocation Failure)
[5.612s][info][gc,phases,start] GC(35) Phase 1: Mark live objects
[6.258s][info][gc,phases      ] GC(35) Phase 1: Mark live objects 646.014ms
[6.258s][info][gc,phases,start] GC(35) Phase 2: Compute new object addresses
[6.471s][info][gc,phases      ] GC(35) Phase 2: Compute new object addresses 213.252ms
[6.471s][info][gc,phases,start] GC(35) Phase 3: Adjust pointers
[6.728s][info][gc,phases      ] GC(35) Phase 3: Adjust pointers 256.531ms
[6.728s][info][gc,phases,start] GC(35) Phase 4: Move objects
[6.738s][info][gc,phases      ] GC(35) Phase 4: Move objects 10.610ms
[6.742s][info][gc,heap        ] GC(35) DefNew: 505152K(505152K)->55947K(1093440K) Eden: 449088K(449088K)->55947K(971968K) From: 56064K(56064K)->0K(121472K)
[6.742s][info][gc,heap        ] GC(35) Tenured: 1066419K(1122376K)->1457867K(2429780K)
[6.742s][info][gc,metaspace   ] GC(35) Metaspace: 6302K(6528K)->6302K(6528K) NonClass: 5769K(5888K)->5769K(5888K) Class: 533K(640K)->533K(640K)
[6.742s][info][gc             ] GC(35) Pause Full (Allocation Failure) 1478M->1478M(3440M) 1130.816ms
[6.742s][info][gc,cpu         ] GC(35) User=1.12s Sys=0.02s Real=1.13s
[7.689s][info][gc,start       ] GC(36) Pause Young (Allocation Failure)
[9.406s][info][gc,heap        ] GC(36) DefNew: 971968K(1093440K)->121471K(1093440K) Eden: 971968K(971968K)->0K(971968K) From: 0K(121472K)->121471K(121472K)
[9.406s][info][gc,heap        ] GC(36) Tenured: 1457867K(2429780K)->2308330K(2429780K)
[9.406s][info][gc,metaspace   ] GC(36) Metaspace: 6302K(6528K)->6302K(6528K) NonClass: 5769K(5888K)->5769K(5888K) Class: 533K(640K)->533K(640K)
[9.406s][info][gc             ] GC(36) Pause Young (Allocation Failure) 2372M->2372M(3440M) 1716.259ms
[9.406s][info][gc,cpu         ] GC(36) User=1.47s Sys=0.25s Real=1.72s
[10.375s][info][gc,start       ] GC(37) Pause Young (Allocation Failure)
[12.043s][info][gc             ] GC(37) Pause Young (Allocation Failure) 3322M->3322M(4271M) 1667.798ms
[12.043s][info][gc,cpu         ] GC(37) User=1.36s Sys=0.31s Real=1.67s
[12.043s][info][gc,start       ] GC(38) Pause Full (Allocation Failure)
[12.043s][info][gc,phases,start] GC(38) Phase 1: Mark live objects
[13.505s][info][gc,phases      ] GC(38) Phase 1: Mark live objects 1462.054ms
[13.505s][info][gc,phases,start] GC(38) Phase 2: Compute new object addresses
[13.982s][info][gc,phases      ] GC(38) Phase 2: Compute new object addresses 476.854ms
[13.982s][info][gc,phases,start] GC(38) Phase 3: Adjust pointers
[14.653s][info][gc,phases      ] GC(38) Phase 3: Adjust pointers 670.997ms
[14.653s][info][gc,phases,start] GC(38) Phase 4: Move objects
[15.273s][info][gc,phases      ] GC(38) Phase 4: Move objects 619.963ms
[15.282s][info][gc,heap        ] GC(38) DefNew: 1093439K(1093440K)->27251K(2460288K) Eden: 971968K(971968K)->27251K(2186944K) From: 121471K(121472K)->0K(273344K)
[15.283s][info][gc,heap        ] GC(38) Tenured: 2308330K(2429780K)->3280279K(5467136K)
[15.283s][info][gc,metaspace   ] GC(38) Metaspace: 6302K(6528K)->6302K(6528K) NonClass: 5769K(5888K)->5769K(5888K) Class: 533K(640K)->533K(640K)
[15.283s][info][gc             ] GC(38) Pause Full (Allocation Failure) 3322M->3230M(7741M) 3239.573ms
[15.283s][info][gc,cpu         ] GC(38) User=3.19s Sys=0.00s Real=3.24s
[17.499s][info][gc,start       ] GC(39) Pause Young (Allocation Failure)
[21.211s][info][gc,heap        ] GC(39) DefNew: 2186944K(2460288K)->273344K(2460288K) Eden: 2186944K(2186944K)->0K(2186944K) From: 0K(273344K)->273344K(273344K)
[21.211s][info][gc,heap        ] GC(39) Tenured: 3280279K(5467136K)->5193851K(5467136K)
[21.211s][info][gc,metaspace   ] GC(39) Metaspace: 6302K(6528K)->6302K(6528K) NonClass: 5769K(5888K)->5769K(5888K) Class: 533K(640K)->533K(640K)
[21.211s][info][gc             ] GC(39) Pause Young (Allocation Failure) 5339M->5339M(7741M) 3712.034ms
[21.211s][info][gc,cpu         ] GC(39) User=3.34s Sys=0.36s Real=3.71s
[23.221s][info][gc,start       ] GC(40) Pause Young (Allocation Failure)
[26.895s][info][gc             ] GC(40) Pause Young (Allocation Failure) 7474M->7474M(9610M) 3674.068ms
[26.895s][info][gc,cpu         ] GC(40) User=3.12s Sys=0.55s Real=3.68s
[26.895s][info][gc,start       ] GC(41) Pause Full (Allocation Failure)
[26.895s][info][gc,phases,start] GC(41) Phase 1: Mark live objects
[30.169s][info][gc,phases      ] GC(41) Phase 1: Mark live objects 3274.359ms
[30.169s][info][gc,phases,start] GC(41) Phase 2: Compute new object addresses
[31.230s][info][gc,phases      ] GC(41) Phase 2: Compute new object addresses 1060.595ms
[31.230s][info][gc,phases,start] GC(41) Phase 3: Adjust pointers
[32.505s][info][gc,phases      ] GC(41) Phase 3: Adjust pointers 1274.843ms
[32.505s][info][gc,phases,start] GC(41) Phase 4: Move objects
[32.558s][info][gc,phases      ] GC(41) Phase 4: Move objects 52.844ms
[32.786s][info][gc,heap        ] GC(41) DefNew: 2460288K(2460288K)->273245K(5283840K) Eden: 2186944K(2186944K)->273245K(4696768K) From: 273344K(273344K)->0K(587072K)
[32.786s][info][gc,heap        ] GC(41) Tenured: 5193851K(5467136K)->7380867K(11741888K)
[32.786s][info][gc,metaspace   ] GC(41) Metaspace: 6302K(6528K)->6302K(6528K) NonClass: 5769K(5888K)->5769K(5888K) Class: 533K(640K)->533K(640K)
[32.786s][info][gc             ] GC(41) Pause Full (Allocation Failure) 7474M->7474M(16626M) 5890.939ms
[32.786s][info][gc,cpu         ] GC(41) User=5.61s Sys=0.00s Real=5.89s
[36.824s][info][gc,start       ] GC(42) Pause Young (Allocation Failure)
[59.553s][info][gc,heap        ] GC(42) DefNew: 4356992K(5283840K)->587071K(5283840K) Eden: 4356992K(4696768K)->0K(4696768K) From: 0K(587072K)->587071K(587072K)
[59.554s][info][gc,heap        ] GC(42) Tenured: 7380867K(11741888K)->11131947K(11741888K)
[59.554s][info][gc,metaspace   ] GC(42) Metaspace: 6302K(6528K)->6302K(6528K) NonClass: 5769K(5888K)->5769K(5888K) Class: 533K(640K)->533K(640K)
[59.554s][info][gc             ] GC(42) Pause Young (Allocation Failure) 11462M->11444M(16626M) 22730.085ms
[59.554s][info][gc,cpu         ] GC(42) User=5.91s Sys=5.58s Real=22.73s
[69.406s][info][gc,start       ] GC(43) Pause Young (Allocation Failure)
[69.406s][info][gc             ] GC(43) Pause Young (Allocation Failure) 16031M->16031M(16626M) 0.374ms
[69.407s][info][gc,cpu         ] GC(43) User=0.00s Sys=0.00s Real=0.00s
[69.407s][info][gc,start       ] GC(44) Pause Full (Allocation Failure)
[69.407s][info][gc,phases,start] GC(44) Phase 1: Mark live objects
[107.912s][info][gc,phases      ] GC(44) Phase 1: Mark live objects 38505.011ms
[107.912s][info][gc,phases,start] GC(44) Phase 2: Compute new object addresses
[129.526s][info][gc,phases      ] GC(44) Phase 2: Compute new object addresses 21613.900ms
[129.527s][info][gc,phases,start] GC(44) Phase 3: Adjust pointers
[177.117s][info][gc,phases      ] GC(44) Phase 3: Adjust pointers 47590.102ms
[177.117s][info][gc,phases,start] GC(44) Phase 4: Move objects
[178.355s][info][gc,phases      ] GC(44) Phase 4: Move objects 1237.733ms
[178.405s][info][gc,heap        ] GC(44) DefNew: 5283839K(5283840K)->4655564K(5283840K) Eden: 4696768K(4696768K)->4655564K(4696768K) From: 587071K(587072K)->0K(587072K)
[178.405s][info][gc,heap        ] GC(44) Tenured: 11131947K(11741888K)->11741887K(11741888K)
[178.406s][info][gc,metaspace   ] GC(44) Metaspace: 6302K(6528K)->6302K(6528K) NonClass: 5769K(5888K)->5769K(5888K) Class: 533K(640K)->533K(640K)
[178.407s][info][gc             ] GC(44) Pause Full (Allocation Failure) 16031M->16013M(16626M) 108999.855ms
[178.407s][info][gc,cpu         ] GC(44) User=11.81s Sys=37.89s Real=109.00s
[180.240s][info][gc,start       ] GC(45) Pause Full (Allocation Failure)
[180.242s][info][gc,phases,start] GC(45) Phase 1: Mark live objects
[220.393s][info][gc,phases      ] GC(45) Phase 1: Mark live objects 40150.548ms
[220.393s][info][gc,phases,start] GC(45) Phase 2: Compute new object addresses
[246.044s][info][gc,phases      ] GC(45) Phase 2: Compute new object addresses 25646.022ms
[246.046s][info][gc,phases,start] GC(45) Phase 3: Adjust pointers
[309.734s][info][gc,phases      ] GC(45) Phase 3: Adjust pointers 63684.980ms
[309.739s][info][gc,phases,start] GC(45) Phase 4: Move objects
[309.850s][info][gc,phases      ] GC(45) Phase 4: Move objects 111.698ms
[309.906s][info][gc,heap        ] GC(45) DefNew: 5283839K(5283840K)->5283839K(5283840K) Eden: 4696768K(4696768K)->4696767K(4696768K) From: 587071K(587072K)->587071K(587072K)
[309.907s][info][gc,heap        ] GC(45) Tenured: 11741887K(11741888K)->11741887K(11741888K)
[309.907s][info][gc,metaspace   ] GC(45) Metaspace: 6302K(6528K)->6302K(6528K) NonClass: 5769K(5888K)->5769K(5888K) Class: 533K(640K)->533K(640K)
[309.911s][info][gc             ] GC(45) Pause Full (Allocation Failure) 16626M->16626M(16626M) 129669.727ms
[309.911s][info][gc,cpu         ] GC(45) User=10.92s Sys=49.09s Real=129.67s
[309.924s][info][gc,start       ] GC(46) Pause Full (Allocation Failure)
[309.925s][info][gc,phases,start] GC(46) Phase 1: Mark live objects
[354.149s][info][gc,phases      ] GC(46) Phase 1: Mark live objects 44224.052ms
[354.150s][info][gc,phases,start] GC(46) Phase 2: Compute new object addresses
[380.393s][info][gc,phases      ] GC(46) Phase 2: Compute new object addresses 26242.956ms
[380.395s][info][gc,phases,start] GC(46) Phase 3: Adjust pointers
[439.488s][info][gc,phases      ] GC(46) Phase 3: Adjust pointers 59091.825ms
[439.488s][info][gc,phases,start] GC(46) Phase 4: Move objects
[483.087s][info][gc,phases      ] GC(46) Phase 4: Move objects 43587.892ms
[483.106s][info][gc,heap        ] GC(46) DefNew: 5283839K(5283840K)->4890623K(5283840K) Eden: 4696767K(4696768K)->4696767K(4696768K) From: 587071K(587072K)->193855K(587072K)
[483.106s][info][gc,heap        ] GC(46) Tenured: 11741887K(11741888K)->11741887K(11741888K)
[483.106s][info][gc,metaspace   ] GC(46) Metaspace: 6302K(6528K)->6302K(6528K) NonClass: 5769K(5888K)->5769K(5888K) Class: 533K(640K)->533K(640K)
[483.108s][info][gc             ] GC(46) Pause Full (Allocation Failure) 16626M->16242M(16626M) 173184.166ms
[483.109s][info][gc,cpu         ] GC(46) User=13.17s Sys=69.95s Real=173.18s
[486.508s][info][gc,start       ] GC(47) Pause Full (Allocation Failure)
[486.509s][info][gc,phases,start] GC(47) Phase 1: Mark live objects
[544.046s][info][gc,phases      ] GC(47) Phase 1: Mark live objects 57536.436ms
[544.046s][info][gc,phases,start] GC(47) Phase 2: Compute new object addresses
[573.153s][info][gc,phases      ] GC(47) Phase 2: Compute new object addresses 29106.580ms
[573.154s][info][gc,phases,start] GC(47) Phase 3: Adjust pointers
[629.524s][info][gc,phases      ] GC(47) Phase 3: Adjust pointers 56368.801ms
[629.524s][info][gc,phases,start] GC(47) Phase 4: Move objects
[629.524s][info][gc,phases      ] GC(47) Phase 4: Move objects 0.441ms
[629.541s][info][gc,heap        ] GC(47) DefNew: 5283839K(5283840K)->5283839K(5283840K) Eden: 4696767K(4696768K)->4696767K(4696768K) From: 587071K(587072K)->587071K(587072K)
[629.541s][info][gc,heap        ] GC(47) Tenured: 11741887K(11741888K)->11741887K(11741888K)
[629.542s][info][gc,metaspace   ] GC(47) Metaspace: 6302K(6528K)->6302K(6528K) NonClass: 5769K(5888K)->5769K(5888K) Class: 533K(640K)->533K(640K)
[629.543s][info][gc             ] GC(47) Pause Full (Allocation Failure) 16626M->16626M(16626M) 143035.169ms
[629.543s][info][gc,cpu         ] GC(47) User=10.11s Sys=50.27s Real=143.04s
[629.543s][info][gc,start       ] GC(48) Pause Full (Allocation Failure)
[629.544s][info][gc,phases,start] GC(48) Phase 1: Mark live objects
[677.766s][info][gc,phases      ] GC(48) Phase 1: Mark live objects 48221.684ms
[677.766s][info][gc,phases,start] GC(48) Phase 2: Compute new object addresses
[703.485s][info][gc,phases      ] GC(48) Phase 2: Compute new object addresses 25718.550ms
[703.485s][info][gc,phases,start] GC(48) Phase 3: Adjust pointers
[776.490s][info][gc,phases      ] GC(48) Phase 3: Adjust pointers 73004.317ms
[776.491s][info][gc,phases,start] GC(48) Phase 4: Move objects
[837.988s][info][gc,phases      ] GC(48) Phase 4: Move objects 61495.042ms
[838.008s][info][gc,heap        ] GC(48) DefNew: 5283839K(5283840K)->5283835K(5283840K) Eden: 4696767K(4696768K)->4696767K(4696768K) From: 587071K(587072K)->587067K(587072K)
[838.009s][info][gc,heap        ] GC(48) Tenured: 11741887K(11741888K)->11741888K(11741888K)
[838.009s][info][gc,metaspace   ] GC(48) Metaspace: 6302K(6528K)->6301K(6528K) NonClass: 5769K(5888K)->5768K(5888K) Class: 533K(640K)->532K(640K)
[838.011s][info][gc             ] GC(48) Pause Full (Allocation Failure) 16626M->16626M(16626M) 208467.826ms
[838.011s][info][gc,cpu         ] GC(48) User=12.14s Sys=62.23s Real=208.47s
[838.038s][info][gc,start       ] GC(49) Pause Full (Allocation Failure)
[838.041s][info][gc,phases,start] GC(49) Phase 1: Mark live objects
[895.685s][info][gc,phases      ] GC(49) Phase 1: Mark live objects 57644.177ms
[895.685s][info][gc,phases,start] GC(49) Phase 2: Compute new object addresses
[927.564s][info][gc,phases      ] GC(49) Phase 2: Compute new object addresses 31877.698ms
[927.564s][info][gc,phases,start] GC(49) Phase 3: Adjust pointers
[984.112s][info][gc,phases      ] GC(49) Phase 3: Adjust pointers 56539.598ms
[984.113s][info][gc,phases,start] GC(49) Phase 4: Move objects
[984.113s][info][gc,phases      ] GC(49) Phase 4: Move objects 0.133ms
[984.130s][info][gc,heap        ] GC(49) DefNew: 5283839K(5283840K)->5283839K(5283840K) Eden: 4696767K(4696768K)->4696767K(4696768K) From: 587071K(587072K)->587071K(587072K)
[984.130s][info][gc,heap        ] GC(49) Tenured: 11741888K(11741888K)->11741888K(11741888K)
[984.130s][info][gc,metaspace   ] GC(49) Metaspace: 6301K(6528K)->6301K(6528K) NonClass: 5768K(5888K)->5768K(5888K) Class: 532K(640K)->532K(640K)
[984.131s][info][gc             ] GC(49) Pause Full (Allocation Failure) 16626M->16626M(16626M) 146092.486ms
[984.132s][info][gc,cpu         ] GC(49) User=11.27s Sys=52.25s Real=146.09s
[984.132s][info][gc,start       ] GC(50) Pause Full (Allocation Failure)
[984.132s][info][gc,phases,start] GC(50) Phase 1: Mark live objects
[1032.951s][info][gc,phases      ] GC(50) Phase 1: Mark live objects 48819.001ms
[1032.951s][info][gc,phases,start] GC(50) Phase 2: Compute new object addresses
[1057.951s][info][gc,phases      ] GC(50) Phase 2: Compute new object addresses 24999.999ms
[1057.951s][info][gc,phases,start] GC(50) Phase 3: Adjust pointers
[1119.518s][info][gc,phases      ] GC(50) Phase 3: Adjust pointers 61561.446ms
[1119.521s][info][gc,phases,start] GC(50) Phase 4: Move objects
[1119.522s][info][gc,phases      ] GC(50) Phase 4: Move objects 1.400ms
[1119.538s][info][gc,heap        ] GC(50) DefNew: 5283839K(5283840K)->5283839K(5283840K) Eden: 4696767K(4696768K)->4696767K(4696768K) From: 587071K(587072K)->587071K(587072K)
[1119.538s][info][gc,heap        ] GC(50) Tenured: 11741888K(11741888K)->11741888K(11741888K)
[1119.538s][info][gc,metaspace   ] GC(50) Metaspace: 6301K(6528K)->6301K(6528K) NonClass: 5768K(5888K)->5768K(5888K) Class: 532K(640K)->532K(640K)
[1119.540s][info][gc             ] GC(50) Pause Full (Allocation Failure) 16626M->16626M(16626M) 135407.667ms
[1119.540s][info][gc,cpu         ] GC(50) User=10.14s Sys=46.23s Real=135.41s
[1119.561s][info][gc,start       ] GC(51) Pause Full (Allocation Failure)
[1119.562s][info][gc,phases,start] GC(51) Phase 1: Mark live objects
[1170.545s][info][gc,phases      ] GC(51) Phase 1: Mark live objects 50982.848ms
[1170.546s][info][gc,phases,start] GC(51) Phase 2: Compute new object addresses
[1199.426s][info][gc,phases      ] GC(51) Phase 2: Compute new object addresses 28880.034ms
[1199.426s][info][gc,phases,start] GC(51) Phase 3: Adjust pointers
[1256.664s][info][gc,phases      ] GC(51) Phase 3: Adjust pointers 57236.885ms
[1256.665s][info][gc,phases,start] GC(51) Phase 4: Move objects
[1256.665s][info][gc,phases      ] GC(51) Phase 4: Move objects 0.130ms
[1256.682s][info][gc,heap        ] GC(51) DefNew: 5283839K(5283840K)->5283839K(5283840K) Eden: 4696767K(4696768K)->4696767K(4696768K) From: 587071K(587072K)->587071K(587072K)
[1256.683s][info][gc,heap        ] GC(51) Tenured: 11741888K(11741888K)->11741888K(11741888K)
[1256.683s][info][gc,metaspace   ] GC(51) Metaspace: 6301K(6528K)->6301K(6528K) NonClass: 5768K(5888K)->5768K(5888K) Class: 532K(640K)->532K(640K)
[1256.684s][info][gc             ] GC(51) Pause Full (Allocation Failure) 16626M->16626M(16626M) 137123.143ms
[1256.684s][info][gc,cpu         ] GC(51) User=11.31s Sys=53.69s Real=137.12s
[1256.684s][info][gc,start       ] GC(52) Pause Full (Allocation Failure)
[1256.685s][info][gc,phases,start] GC(52) Phase 1: Mark live objects
[1307.532s][info][gc,phases      ] GC(52) Phase 1: Mark live objects 50846.878ms
[1307.533s][info][gc,phases,start] GC(52) Phase 2: Compute new object addresses
[1340.656s][info][gc,phases      ] GC(52) Phase 2: Compute new object addresses 33122.709ms
[1340.657s][info][gc,phases,start] GC(52) Phase 3: Adjust pointers
[1407.752s][info][gc,phases      ] GC(52) Phase 3: Adjust pointers 67090.000ms
[1407.754s][info][gc,phases,start] GC(52) Phase 4: Move objects
[1464.707s][info][gc,phases      ] GC(52) Phase 4: Move objects 56950.119ms
[1464.728s][info][gc,heap        ] GC(52) DefNew: 5283839K(5283840K)->5283838K(5283840K) Eden: 4696767K(4696768K)->4696767K(4696768K) From: 587071K(587072K)->587070K(587072K)
[1464.728s][info][gc,heap        ] GC(52) Tenured: 11741888K(11741888K)->11741887K(11741888K)
[1464.729s][info][gc,metaspace   ] GC(52) Metaspace: 6301K(6528K)->6301K(6528K) NonClass: 5768K(5888K)->5768K(5888K) Class: 532K(640K)->532K(640K)
[1464.730s][info][gc             ] GC(52) Pause Full (Allocation Failure) 16626M->16626M(16626M) 208045.556ms
[1464.730s][info][gc,cpu         ] GC(52) User=13.03s Sys=66.27s Real=208.05s
[1464.789s][info][gc,start       ] GC(53) Pause Full (Allocation Failure)
[1464.791s][info][gc,phases,start] GC(53) Phase 1: Mark live objects
[1523.132s][info][gc,phases      ] GC(53) Phase 1: Mark live objects 58341.249ms
[1523.133s][info][gc,phases,start] GC(53) Phase 2: Compute new object addresses
[1555.681s][info][gc,phases      ] GC(53) Phase 2: Compute new object addresses 32547.726ms
[1555.682s][info][gc,phases,start] GC(53) Phase 3: Adjust pointers
[1618.267s][info][gc,phases      ] GC(53) Phase 3: Adjust pointers 62585.029ms
[1618.278s][info][gc,phases,start] GC(53) Phase 4: Move objects
[1618.278s][info][gc,phases      ] GC(53) Phase 4: Move objects 0.177ms
[1618.303s][info][gc,heap        ] GC(53) DefNew: 5283839K(5283840K)->5283839K(5283840K) Eden: 4696768K(4696768K)->4696768K(4696768K) From: 587071K(587072K)->587071K(587072K)
[1618.303s][info][gc,heap        ] GC(53) Tenured: 11741887K(11741888K)->11741887K(11741888K)
[1618.304s][info][gc,metaspace   ] GC(53) Metaspace: 6302K(6528K)->6302K(6528K) NonClass: 5768K(5888K)->5768K(5888K) Class: 533K(640K)->533K(640K)
[1618.305s][info][gc             ] GC(53) Pause Full (Allocation Failure) 16626M->16626M(16626M) 153515.616ms
[1618.305s][info][gc,cpu         ] GC(53) User=11.16s Sys=50.83s Real=153.52s
[1618.334s][info][gc,heap,exit   ] Heap
[1618.334s][info][gc,heap,exit   ]  def new generation   total 5283840K, used 5283839K [0x00000003cd000000, 0x0000000533550000, 0x0000000533550000)
[1618.334s][info][gc,heap,exit   ]   eden space 4696768K, 100% used [0x00000003cd000000, 0x00000004ebab0000, 0x00000004ebab0000)
[1618.334s][info][gc,heap,exit   ]   from space 587072K,  99% used [0x000000050f800000, 0x000000053354ffa8, 0x0000000533550000)
[1618.334s][info][gc,heap,exit   ]   to   space 587072K,   0% used [0x00000004ebab0000, 0x00000004ebab0000, 0x000000050f800000)
[1618.334s][info][gc,heap,exit   ]  tenured generation   total 11741888K, used 11741887K [0x0000000533550000, 0x0000000800000000, 0x0000000800000000)
[1618.334s][info][gc,heap,exit   ]    the space 11741888K,  99% used [0x0000000533550000, 0x00000007ffffffd0, 0x0000000800000000, 0x0000000800000000)
[1618.334s][info][gc,heap,exit   ]  Metaspace       used 6305K, committed 6528K, reserved 1114112K
[1618.335s][info][gc,heap,exit   ]   class space    used 534K, committed 640K, reserved 1048576K
