[0.011s][info][gc,init] CardTable entry size: 512
[0.011s][info][gc     ] Using Serial
[0.011s][info][gc,init] Version: 18.0.1+10 (release)
[0.011s][info][gc,init] CPUs: 8 total, 8 available
[0.011s][info][gc,init] Memory: 16063M
[0.011s][info][gc,init] Large Page Support: Disabled
[0.011s][info][gc,init] NUMA Support: Disabled
[0.011s][info][gc,init] Compressed Oops: Enabled (Zero based)
[0.011s][info][gc,init] Heap Min Capacity: 2M
[0.011s][info][gc,init] Heap Initial Capacity: 2M
[0.011s][info][gc,init] Heap Max Capacity: 9200M
[0.011s][info][gc,init] Pre-touch: Disabled
[0.012s][info][gc,metaspace] CDS archive(s) not mapped
[0.012s][info][gc,metaspace] Compressed class space mapped at: 0x0000000800000000-0x0000000840000000, reserved size: 1073741824
[0.012s][info][gc,metaspace] Narrow klass base: 0x0000000800000000, Narrow klass shift: 0, Narrow klass range: 0x40000000
[0.173s][info][gc,start    ] GC(0) Pause Young (Allocation Failure)
[0.175s][info][gc,heap     ] GC(0) DefNew: 1023K(1152K)->127K(1152K) Eden: 1023K(1024K)->0K(1024K) From: 0K(128K)->127K(128K)
[0.175s][info][gc,heap     ] GC(0) Tenured: 0K(768K)->440K(768K)
[0.175s][info][gc,metaspace] GC(0) Metaspace: 5903K(6016K)->5903K(6016K) NonClass: 5404K(5504K)->5404K(5504K) Class: 499K(512K)->499K(512K)
[0.175s][info][gc          ] GC(0) Pause Young (Allocation Failure) 0M->0M(1M) 2.041ms
[0.175s][info][gc,cpu      ] GC(0) User=0.00s Sys=0.00s Real=0.00s
[0.196s][info][gc,start    ] GC(1) Pause Young (Allocation Failure)
[0.197s][info][gc          ] GC(1) Pause Young (Allocation Failure) 1M->0M(2M) 1.305ms
[0.197s][info][gc,cpu      ] GC(1) User=0.00s Sys=0.00s Real=0.00s
[0.197s][info][gc,start    ] GC(2) Pause Full (Allocation Failure)
[0.197s][info][gc,phases,start] GC(2) Phase 1: Mark live objects
[0.198s][info][gc,phases      ] GC(2) Phase 1: Mark live objects 1.023ms
[0.198s][info][gc,phases,start] GC(2) Phase 2: Compute new object addresses
[0.198s][info][gc,phases      ] GC(2) Phase 2: Compute new object addresses 0.238ms
[0.198s][info][gc,phases,start] GC(2) Phase 3: Adjust pointers
[0.199s][info][gc,phases      ] GC(2) Phase 3: Adjust pointers 0.537ms
[0.199s][info][gc,phases,start] GC(2) Phase 4: Move objects
[0.199s][info][gc,phases      ] GC(2) Phase 4: Move objects 0.068ms
[0.199s][info][gc,heap        ] GC(2) DefNew: 1151K(1152K)->40K(1152K) Eden: 1024K(1024K)->40K(1024K) From: 127K(128K)->0K(128K)
[0.199s][info][gc,heap        ] GC(2) Tenured: 440K(768K)->959K(1600K)
[0.199s][info][gc,metaspace   ] GC(2) Metaspace: 6300K(6528K)->6300K(6528K) NonClass: 5767K(5888K)->5767K(5888K) Class: 533K(640K)->533K(640K)
[0.199s][info][gc             ] GC(2) Pause Full (Allocation Failure) 0M->0M(2M) 2.187ms
[0.199s][info][gc,cpu         ] GC(2) User=0.00s Sys=0.00s Real=0.00s
[0.201s][info][gc,start       ] GC(3) Pause Young (Allocation Failure)
[0.202s][info][gc,heap        ] GC(3) DefNew: 1024K(1152K)->127K(1152K) Eden: 1024K(1024K)->0K(1024K) From: 0K(128K)->127K(128K)
[0.202s][info][gc,heap        ] GC(3) Tenured: 959K(1600K)->1375K(1600K)
[0.202s][info][gc,metaspace   ] GC(3) Metaspace: 6300K(6528K)->6300K(6528K) NonClass: 5767K(5888K)->5767K(5888K) Class: 533K(640K)->533K(640K)
[0.202s][info][gc             ] GC(3) Pause Young (Allocation Failure) 1M->1M(2M) 1.601ms
[0.202s][info][gc,cpu         ] GC(3) User=0.00s Sys=0.00s Real=0.00s
[0.204s][info][gc,start       ] GC(4) Pause Young (Allocation Failure)
[0.205s][info][gc             ] GC(4) Pause Young (Allocation Failure) 2M->1M(3M) 1.300ms
[0.205s][info][gc,cpu         ] GC(4) User=0.00s Sys=0.00s Real=0.00s
[0.205s][info][gc,start       ] GC(5) Pause Full (Allocation Failure)
[0.205s][info][gc,phases,start] GC(5) Phase 1: Mark live objects
[0.207s][info][gc,phases      ] GC(5) Phase 1: Mark live objects 1.371ms
[0.207s][info][gc,phases,start] GC(5) Phase 2: Compute new object addresses
[0.207s][info][gc,phases      ] GC(5) Phase 2: Compute new object addresses 0.344ms
[0.207s][info][gc,phases,start] GC(5) Phase 3: Adjust pointers
[0.208s][info][gc,phases      ] GC(5) Phase 3: Adjust pointers 0.714ms
[0.208s][info][gc,phases,start] GC(5) Phase 4: Move objects
[0.208s][info][gc,phases      ] GC(5) Phase 4: Move objects 0.065ms
[0.208s][info][gc,heap        ] GC(5) DefNew: 1151K(1152K)->35K(1536K) Eden: 1024K(1024K)->35K(1408K) From: 127K(128K)->0K(128K)
[0.208s][info][gc,heap        ] GC(5) Tenured: 1375K(1600K)->1983K(3308K)
[0.208s][info][gc,metaspace   ] GC(5) Metaspace: 6300K(6528K)->6300K(6528K) NonClass: 5767K(5888K)->5767K(5888K) Class: 533K(640K)->533K(640K)
[0.208s][info][gc             ] GC(5) Pause Full (Allocation Failure) 1M->1M(4M) 2.817ms
[0.208s][info][gc,cpu         ] GC(5) User=0.00s Sys=0.00s Real=0.00s
[0.210s][info][gc,start       ] GC(6) Pause Young (Allocation Failure)
[0.212s][info][gc,heap        ] GC(6) DefNew: 1408K(1536K)->128K(1536K) Eden: 1408K(1408K)->0K(1408K) From: 0K(128K)->128K(128K)
[0.212s][info][gc,heap        ] GC(6) Tenured: 1983K(3308K)->2617K(3308K)
[0.212s][info][gc,metaspace   ] GC(6) Metaspace: 6300K(6528K)->6300K(6528K) NonClass: 5767K(5888K)->5767K(5888K) Class: 533K(640K)->533K(640K)
[0.212s][info][gc             ] GC(6) Pause Young (Allocation Failure) 3M->2M(4M) 1.975ms
[0.212s][info][gc,cpu         ] GC(6) User=0.00s Sys=0.00s Real=0.00s
[0.213s][info][gc,start       ] GC(7) Pause Young (Allocation Failure)
[0.215s][info][gc             ] GC(7) Pause Young (Allocation Failure) 4M->3M(4M) 1.903ms
[0.215s][info][gc,cpu         ] GC(7) User=0.00s Sys=0.00s Real=0.00s
[0.215s][info][gc,start       ] GC(8) Pause Full (Allocation Failure)
[0.215s][info][gc,phases,start] GC(8) Phase 1: Mark live objects
[0.218s][info][gc,phases      ] GC(8) Phase 1: Mark live objects 2.456ms
[0.218s][info][gc,phases,start] GC(8) Phase 2: Compute new object addresses
[0.218s][info][gc,phases      ] GC(8) Phase 2: Compute new object addresses 0.611ms
[0.218s][info][gc,phases,start] GC(8) Phase 3: Adjust pointers
[0.219s][info][gc,phases      ] GC(8) Phase 3: Adjust pointers 1.008ms
[0.220s][info][gc,phases,start] GC(8) Phase 4: Move objects
[0.220s][info][gc,phases      ] GC(8) Phase 4: Move objects 0.085ms
[0.220s][info][gc,heap        ] GC(8) DefNew: 1536K(1536K)->0K(2688K) Eden: 1408K(1408K)->0K(2432K) From: 128K(128K)->0K(256K)
[0.220s][info][gc,heap        ] GC(8) Tenured: 2617K(3308K)->3460K(5768K)
[0.220s][info][gc,metaspace   ] GC(8) Metaspace: 6300K(6528K)->6300K(6528K) NonClass: 5767K(5888K)->5767K(5888K) Class: 533K(640K)->533K(640K)
[0.220s][info][gc             ] GC(8) Pause Full (Allocation Failure) 3M->3M(8M) 4.483ms
[0.220s][info][gc,cpu         ] GC(8) User=0.00s Sys=0.00s Real=0.00s
[0.223s][info][gc,start       ] GC(9) Pause Young (Allocation Failure)
[0.227s][info][gc,heap        ] GC(9) DefNew: 2432K(2688K)->255K(2688K) Eden: 2432K(2432K)->0K(2432K) From: 0K(256K)->255K(256K)
[0.227s][info][gc,heap        ] GC(9) Tenured: 3460K(5768K)->4512K(5768K)
[0.227s][info][gc,metaspace   ] GC(9) Metaspace: 6300K(6528K)->6300K(6528K) NonClass: 5767K(5888K)->5767K(5888K) Class: 533K(640K)->533K(640K)
[0.227s][info][gc             ] GC(9) Pause Young (Allocation Failure) 5M->4M(8M) 3.314ms
[0.227s][info][gc,cpu         ] GC(9) User=0.00s Sys=0.00s Real=0.00s
[0.230s][info][gc,start       ] GC(10) Pause Young (Allocation Failure)
[0.233s][info][gc,heap        ] GC(10) DefNew: 2687K(2688K)->256K(2688K) Eden: 2432K(2432K)->0K(2432K) From: 255K(256K)->256K(256K)
[0.233s][info][gc,heap        ] GC(10) Tenured: 4512K(5768K)->5755K(5768K)
[0.233s][info][gc,metaspace   ] GC(10) Metaspace: 6300K(6528K)->6300K(6528K) NonClass: 5767K(5888K)->5767K(5888K) Class: 533K(640K)->533K(640K)
[0.233s][info][gc             ] GC(10) Pause Young (Allocation Failure) 7M->5M(8M) 3.278ms
[0.233s][info][gc,cpu         ] GC(10) User=0.00s Sys=0.00s Real=0.00s
[0.236s][info][gc,start       ] GC(11) Pause Young (Allocation Failure)
[0.240s][info][gc             ] GC(11) Pause Young (Allocation Failure) 8M->7M(9M) 3.863ms
[0.240s][info][gc,cpu         ] GC(11) User=0.00s Sys=0.00s Real=0.00s
[0.240s][info][gc,start       ] GC(12) Pause Full (Allocation Failure)
[0.241s][info][gc,phases,start] GC(12) Phase 1: Mark live objects
[0.245s][info][gc,phases      ] GC(12) Phase 1: Mark live objects 4.506ms
[0.245s][info][gc,phases,start] GC(12) Phase 2: Compute new object addresses
[0.246s][info][gc,phases      ] GC(12) Phase 2: Compute new object addresses 1.347ms
[0.246s][info][gc,phases,start] GC(12) Phase 3: Adjust pointers
[0.248s][info][gc,phases      ] GC(12) Phase 3: Adjust pointers 1.984ms
[0.249s][info][gc,phases,start] GC(12) Phase 4: Move objects
[0.250s][info][gc,phases      ] GC(12) Phase 4: Move objects 1.490ms
[0.250s][info][gc,heap        ] GC(12) DefNew: 2688K(2688K)->0K(5376K) Eden: 2432K(2432K)->0K(4800K) From: 256K(256K)->0K(576K)
[0.250s][info][gc,heap        ] GC(12) Tenured: 5755K(5768K)->7132K(11888K)
[0.250s][info][gc,metaspace   ] GC(12) Metaspace: 6300K(6528K)->6300K(6528K) NonClass: 5767K(5888K)->5767K(5888K) Class: 533K(640K)->533K(640K)
[0.250s][info][gc             ] GC(12) Pause Full (Allocation Failure) 7M->6M(16M) 9.876ms
[0.250s][info][gc,cpu         ] GC(12) User=0.00s Sys=0.00s Real=0.01s
[0.256s][info][gc,start       ] GC(13) Pause Young (Allocation Failure)
[0.262s][info][gc,heap        ] GC(13) DefNew: 4800K(5376K)->576K(5376K) Eden: 4800K(4800K)->0K(4800K) From: 0K(576K)->576K(576K)
[0.262s][info][gc,heap        ] GC(13) Tenured: 7132K(11888K)->9027K(11888K)
[0.262s][info][gc,metaspace   ] GC(13) Metaspace: 6300K(6528K)->6300K(6528K) NonClass: 5767K(5888K)->5767K(5888K) Class: 533K(640K)->533K(640K)
[0.262s][info][gc             ] GC(13) Pause Young (Allocation Failure) 11M->9M(16M) 5.718ms
[0.262s][info][gc,cpu         ] GC(13) User=0.00s Sys=0.00s Real=0.01s
[0.267s][info][gc,start       ] GC(14) Pause Young (Allocation Failure)
[0.273s][info][gc,heap        ] GC(14) DefNew: 5376K(5376K)->576K(5376K) Eden: 4800K(4800K)->0K(4800K) From: 576K(576K)->576K(576K)
[0.273s][info][gc,heap        ] GC(14) Tenured: 9027K(11888K)->11747K(11888K)
[0.273s][info][gc,metaspace   ] GC(14) Metaspace: 6300K(6528K)->6300K(6528K) NonClass: 5767K(5888K)->5767K(5888K) Class: 533K(640K)->533K(640K)
[0.273s][info][gc             ] GC(14) Pause Young (Allocation Failure) 14M->12M(16M) 5.887ms
[0.273s][info][gc,cpu         ] GC(14) User=0.00s Sys=0.00s Real=0.01s
[0.277s][info][gc,start       ] GC(15) Pause Young (Allocation Failure)
[0.283s][info][gc             ] GC(15) Pause Young (Allocation Failure) 16M->14M(19M) 6.353ms
[0.283s][info][gc,cpu         ] GC(15) User=0.00s Sys=0.00s Real=0.01s
[0.283s][info][gc,start       ] GC(16) Pause Full (Allocation Failure)
[0.283s][info][gc,phases,start] GC(16) Phase 1: Mark live objects
[0.291s][info][gc,phases      ] GC(16) Phase 1: Mark live objects 8.451ms
[0.292s][info][gc,phases,start] GC(16) Phase 2: Compute new object addresses
[0.294s][info][gc,phases      ] GC(16) Phase 2: Compute new object addresses 2.411ms
[0.294s][info][gc,phases,start] GC(16) Phase 3: Adjust pointers
[0.297s][info][gc,phases      ] GC(16) Phase 3: Adjust pointers 3.116ms
[0.297s][info][gc,phases,start] GC(16) Phase 4: Move objects
[0.297s][info][gc,phases      ] GC(16) Phase 4: Move objects 0.177ms
[0.297s][info][gc,heap        ] GC(16) DefNew: 5376K(5376K)->387K(10880K) Eden: 4800K(4800K)->387K(9728K) From: 576K(576K)->0K(1152K)
[0.297s][info][gc,heap        ] GC(16) Tenured: 11747K(11888K)->14383K(23976K)
[0.297s][info][gc,metaspace   ] GC(16) Metaspace: 6302K(6528K)->6302K(6528K) NonClass: 5769K(5888K)->5769K(5888K) Class: 533K(640K)->533K(640K)
[0.298s][info][gc             ] GC(16) Pause Full (Allocation Failure) 14M->14M(34M) 14.527ms
[0.298s][info][gc,cpu         ] GC(16) User=0.02s Sys=0.00s Real=0.01s
[0.305s][info][gc,start       ] GC(17) Pause Young (Allocation Failure)
[0.317s][info][gc,heap        ] GC(17) DefNew: 9728K(10880K)->1151K(10880K) Eden: 9728K(9728K)->0K(9728K) From: 0K(1152K)->1151K(1152K)
[0.317s][info][gc,heap        ] GC(17) Tenured: 14383K(23976K)->18415K(23976K)
[0.317s][info][gc,metaspace   ] GC(17) Metaspace: 6302K(6528K)->6302K(6528K) NonClass: 5769K(5888K)->5769K(5888K) Class: 533K(640K)->533K(640K)
[0.317s][info][gc             ] GC(17) Pause Young (Allocation Failure) 23M->19M(34M) 12.341ms
[0.317s][info][gc,cpu         ] GC(17) User=0.00s Sys=0.00s Real=0.01s
[0.324s][info][gc,start       ] GC(18) Pause Young (Allocation Failure)
[0.335s][info][gc,heap        ] GC(18) DefNew: 10879K(10880K)->1151K(10880K) Eden: 9728K(9728K)->0K(9728K) From: 1151K(1152K)->1151K(1152K)
[0.336s][info][gc,heap        ] GC(18) Tenured: 18415K(23976K)->23936K(23976K)
[0.336s][info][gc,metaspace   ] GC(18) Metaspace: 6302K(6528K)->6302K(6528K) NonClass: 5769K(5888K)->5769K(5888K) Class: 533K(640K)->533K(640K)
[0.336s][info][gc             ] GC(18) Pause Young (Allocation Failure) 28M->24M(34M) 11.216ms
[0.336s][info][gc,cpu         ] GC(18) User=0.00s Sys=0.00s Real=0.01s
[0.342s][info][gc,start       ] GC(19) Pause Young (Allocation Failure)
[0.353s][info][gc             ] GC(19) Pause Young (Allocation Failure) 34M->29M(38M) 11.158ms
[0.353s][info][gc,cpu         ] GC(19) User=0.00s Sys=0.00s Real=0.01s
[0.353s][info][gc,start       ] GC(20) Pause Full (Allocation Failure)
[0.353s][info][gc,phases,start] GC(20) Phase 1: Mark live objects
[0.367s][info][gc,phases      ] GC(20) Phase 1: Mark live objects 13.927ms
[0.367s][info][gc,phases,start] GC(20) Phase 2: Compute new object addresses
[0.372s][info][gc,phases      ] GC(20) Phase 2: Compute new object addresses 4.780ms
[0.372s][info][gc,phases,start] GC(20) Phase 3: Adjust pointers
[0.377s][info][gc,phases      ] GC(20) Phase 3: Adjust pointers 5.294ms
[0.377s][info][gc,phases,start] GC(20) Phase 4: Move objects
[0.377s][info][gc,phases      ] GC(20) Phase 4: Move objects 0.184ms
[0.377s][info][gc,heap        ] GC(20) DefNew: 10879K(10880K)->1080K(21888K) Eden: 9728K(9728K)->1080K(19520K) From: 1151K(1152K)->0K(2368K)
[0.377s][info][gc,heap        ] GC(20) Tenured: 23936K(23976K)->29035K(48396K)
[0.377s][info][gc,metaspace   ] GC(20) Metaspace: 6302K(6528K)->6302K(6528K) NonClass: 5769K(5888K)->5769K(5888K) Class: 533K(640K)->533K(640K)
[0.377s][info][gc             ] GC(20) Pause Full (Allocation Failure) 29M->29M(68M) 24.642ms
[0.377s][info][gc,cpu         ] GC(20) User=0.03s Sys=0.00s Real=0.02s
[0.392s][info][gc,start       ] GC(21) Pause Young (Allocation Failure)
[0.420s][info][gc,heap        ] GC(21) DefNew: 19520K(21888K)->2367K(21888K) Eden: 19520K(19520K)->0K(19520K) From: 0K(2368K)->2367K(2368K)
[0.421s][info][gc,heap        ] GC(21) Tenured: 29035K(48396K)->39352K(48396K)
[0.421s][info][gc,metaspace   ] GC(21) Metaspace: 6302K(6528K)->6302K(6528K) NonClass: 5769K(5888K)->5769K(5888K) Class: 533K(640K)->533K(640K)
[0.421s][info][gc             ] GC(21) Pause Young (Allocation Failure) 47M->40M(68M) 28.245ms
[0.421s][info][gc,cpu         ] GC(21) User=0.02s Sys=0.00s Real=0.03s
[0.440s][info][gc,start       ] GC(22) Pause Young (Allocation Failure)
[0.475s][info][gc             ] GC(22) Pause Young (Allocation Failure) 59M->59M(78M) 35.891ms
[0.475s][info][gc,cpu         ] GC(22) User=0.02s Sys=0.02s Real=0.04s
[0.475s][info][gc,start       ] GC(23) Pause Full (Allocation Failure)
[0.476s][info][gc,phases,start] GC(23) Phase 1: Mark live objects
[0.501s][info][gc,phases      ] GC(23) Phase 1: Mark live objects 25.470ms
[0.501s][info][gc,phases,start] GC(23) Phase 2: Compute new object addresses
[0.511s][info][gc,phases      ] GC(23) Phase 2: Compute new object addresses 10.043ms
[0.511s][info][gc,phases,start] GC(23) Phase 3: Adjust pointers
[0.522s][info][gc,phases      ] GC(23) Phase 3: Adjust pointers 11.059ms
[0.522s][info][gc,phases,start] GC(23) Phase 4: Move objects
[0.523s][info][gc,phases      ] GC(23) Phase 4: Move objects 0.344ms
[0.523s][info][gc,heap        ] GC(23) DefNew: 21887K(21888K)->2252K(44288K) Eden: 19520K(19520K)->2252K(39424K) From: 2367K(2368K)->0K(4864K)
[0.523s][info][gc,heap        ] GC(23) Tenured: 39352K(48396K)->58955K(98260K)
[0.523s][info][gc,metaspace   ] GC(23) Metaspace: 6302K(6528K)->6302K(6528K) NonClass: 5769K(5888K)->5769K(5888K) Class: 533K(640K)->533K(640K)
[0.523s][info][gc             ] GC(23) Pause Full (Allocation Failure) 59M->59M(139M) 47.554ms
[0.523s][info][gc,cpu         ] GC(23) User=0.05s Sys=0.00s Real=0.05s
[0.563s][info][gc,start       ] GC(24) Pause Young (Allocation Failure)
[0.624s][info][gc,heap        ] GC(24) DefNew: 39424K(44288K)->4863K(44288K) Eden: 39424K(39424K)->0K(39424K) From: 0K(4864K)->4863K(4864K)
[0.624s][info][gc,heap        ] GC(24) Tenured: 58955K(98260K)->93487K(98260K)
[0.624s][info][gc,metaspace   ] GC(24) Metaspace: 6302K(6528K)->6302K(6528K) NonClass: 5769K(5888K)->5769K(5888K) Class: 533K(640K)->533K(640K)
[0.624s][info][gc             ] GC(24) Pause Young (Allocation Failure) 96M->96M(139M) 61.268ms
[0.624s][info][gc,cpu         ] GC(24) User=0.02s Sys=0.03s Real=0.06s
[0.657s][info][gc,start       ] GC(25) Pause Young (Allocation Failure)
[0.727s][info][gc             ] GC(25) Pause Young (Allocation Failure) 134M->134M(173M) 70.300ms
[0.727s][info][gc,cpu         ] GC(25) User=0.05s Sys=0.02s Real=0.07s
[0.727s][info][gc,start       ] GC(26) Pause Full (Allocation Failure)
[0.727s][info][gc,phases,start] GC(26) Phase 1: Mark live objects
[0.781s][info][gc,phases      ] GC(26) Phase 1: Mark live objects 53.978ms
[0.781s][info][gc,phases,start] GC(26) Phase 2: Compute new object addresses
[0.802s][info][gc,phases      ] GC(26) Phase 2: Compute new object addresses 21.025ms
[0.802s][info][gc,phases,start] GC(26) Phase 3: Adjust pointers
[0.837s][info][gc,phases      ] GC(26) Phase 3: Adjust pointers 34.291ms
[0.837s][info][gc,phases,start] GC(26) Phase 4: Move objects
[0.866s][info][gc,phases      ] GC(26) Phase 4: Move objects 29.113ms
[0.866s][info][gc,heap        ] GC(26) DefNew: 44287K(44288K)->1013K(99712K) Eden: 39424K(39424K)->1013K(88640K) From: 4863K(4864K)->0K(11072K)
[0.866s][info][gc,heap        ] GC(26) Tenured: 93487K(98260K)->132887K(221480K)
[0.866s][info][gc,metaspace   ] GC(26) Metaspace: 6302K(6528K)->6302K(6528K) NonClass: 5769K(5888K)->5769K(5888K) Class: 533K(640K)->533K(640K)
[0.866s][info][gc             ] GC(26) Pause Full (Allocation Failure) 134M->130M(313M) 139.292ms
[0.866s][info][gc,cpu         ] GC(26) User=0.11s Sys=0.00s Real=0.14s
[0.967s][info][gc,start       ] GC(27) Pause Young (Allocation Failure)
[1.130s][info][gc,heap        ] GC(27) DefNew: 88640K(99712K)->11071K(99712K) Eden: 88640K(88640K)->0K(88640K) From: 0K(11072K)->11071K(11072K)
[1.130s][info][gc,heap        ] GC(27) Tenured: 132887K(221480K)->210424K(221480K)
[1.130s][info][gc,metaspace   ] GC(27) Metaspace: 6302K(6528K)->6302K(6528K) NonClass: 5769K(5888K)->5769K(5888K) Class: 533K(640K)->533K(640K)
[1.130s][info][gc             ] GC(27) Pause Young (Allocation Failure) 216M->216M(313M) 163.259ms
[1.130s][info][gc,cpu         ] GC(27) User=0.16s Sys=0.00s Real=0.16s
[1.209s][info][gc,start       ] GC(28) Pause Young (Allocation Failure)
[1.392s][info][gc             ] GC(28) Pause Young (Allocation Failure) 302M->302M(389M) 182.607ms
[1.392s][info][gc,cpu         ] GC(28) User=0.09s Sys=0.06s Real=0.18s
[1.392s][info][gc,start       ] GC(29) Pause Full (Allocation Failure)
[1.392s][info][gc,phases,start] GC(29) Phase 1: Mark live objects
[1.534s][info][gc,phases      ] GC(29) Phase 1: Mark live objects 141.795ms
[1.534s][info][gc,phases,start] GC(29) Phase 2: Compute new object addresses
[1.582s][info][gc,phases      ] GC(29) Phase 2: Compute new object addresses 48.446ms
[1.582s][info][gc,phases,start] GC(29) Phase 3: Adjust pointers
[1.634s][info][gc,phases      ] GC(29) Phase 3: Adjust pointers 52.342ms
[1.635s][info][gc,phases,start] GC(29) Phase 4: Move objects
[1.637s][info][gc,phases      ] GC(29) Phase 4: Move objects 2.303ms
[1.638s][info][gc,heap        ] GC(29) DefNew: 99711K(99712K)->10925K(224448K) Eden: 88640K(88640K)->10925K(199552K) From: 11071K(11072K)->0K(24896K)
[1.638s][info][gc,heap        ] GC(29) Tenured: 210424K(221480K)->299179K(498636K)
[1.638s][info][gc,metaspace   ] GC(29) Metaspace: 6302K(6528K)->6302K(6528K) NonClass: 5769K(5888K)->5769K(5888K) Class: 533K(640K)->533K(640K)
[1.638s][info][gc             ] GC(29) Pause Full (Allocation Failure) 302M->302M(706M) 246.174ms
[1.638s][info][gc,cpu         ] GC(29) User=0.25s Sys=0.00s Real=0.25s
[1.847s][info][gc,start       ] GC(30) Pause Young (Allocation Failure)
[2.186s][info][gc,heap        ] GC(30) DefNew: 199552K(224448K)->24895K(224448K) Eden: 199552K(199552K)->0K(199552K) From: 0K(24896K)->24895K(24896K)
[2.186s][info][gc,heap        ] GC(30) Tenured: 299179K(498636K)->473807K(498636K)
[2.186s][info][gc,metaspace   ] GC(30) Metaspace: 6302K(6528K)->6302K(6528K) NonClass: 5769K(5888K)->5769K(5888K) Class: 533K(640K)->533K(640K)
[2.186s][info][gc             ] GC(30) Pause Young (Allocation Failure) 487M->487M(706M) 339.630ms
[2.186s][info][gc,cpu         ] GC(30) User=0.27s Sys=0.06s Real=0.34s
[2.368s][info][gc,start       ] GC(31) Pause Young (Allocation Failure)
[2.747s][info][gc             ] GC(31) Pause Young (Allocation Failure) 681M->681M(876M) 379.150ms
[2.747s][info][gc,cpu         ] GC(31) User=0.34s Sys=0.03s Real=0.38s
[2.747s][info][gc,start       ] GC(32) Pause Full (Allocation Failure)
[2.747s][info][gc,phases,start] GC(32) Phase 1: Mark live objects
[3.051s][info][gc,phases      ] GC(32) Phase 1: Mark live objects 303.998ms
[3.051s][info][gc,phases,start] GC(32) Phase 2: Compute new object addresses
[3.157s][info][gc,phases      ] GC(32) Phase 2: Compute new object addresses 105.674ms
[3.157s][info][gc,phases,start] GC(32) Phase 3: Adjust pointers
[3.271s][info][gc,phases      ] GC(32) Phase 3: Adjust pointers 114.622ms
[3.272s][info][gc,phases,start] GC(32) Phase 4: Move objects
[3.277s][info][gc,phases      ] GC(32) Phase 4: Move objects 5.104ms
[3.279s][info][gc,heap        ] GC(32) DefNew: 224447K(224448K)->24801K(505152K) Eden: 199552K(199552K)->24801K(449088K) From: 24895K(24896K)->0K(56064K)
[3.279s][info][gc,heap        ] GC(32) Tenured: 473807K(498636K)->673423K(1122376K)
[3.279s][info][gc,metaspace   ] GC(32) Metaspace: 6302K(6528K)->6302K(6528K) NonClass: 5769K(5888K)->5769K(5888K) Class: 533K(640K)->533K(640K)
[3.279s][info][gc             ] GC(32) Pause Full (Allocation Failure) 681M->681M(1589M) 531.828ms
[3.279s][info][gc,cpu         ] GC(32) User=0.50s Sys=0.00s Real=0.53s
[3.754s][info][gc,start       ] GC(33) Pause Young (Allocation Failure)
[4.525s][info][gc,heap        ] GC(33) DefNew: 449088K(505152K)->56063K(505152K) Eden: 449088K(449088K)->0K(449088K) From: 0K(56064K)->56063K(56064K)
[4.525s][info][gc,heap        ] GC(33) Tenured: 673423K(1122376K)->1066421K(1122376K)
[4.525s][info][gc,metaspace   ] GC(33) Metaspace: 6302K(6528K)->6302K(6528K) NonClass: 5769K(5888K)->5769K(5888K) Class: 533K(640K)->533K(640K)
[4.526s][info][gc             ] GC(33) Pause Young (Allocation Failure) 1096M->1096M(1589M) 771.269ms
[4.526s][info][gc,cpu         ] GC(33) User=0.69s Sys=0.08s Real=0.77s
[4.977s][info][gc,start       ] GC(34) Pause Young (Allocation Failure)
[5.727s][info][gc             ] GC(34) Pause Young (Allocation Failure) 1534M->1484M(1923M) 750.402ms
[5.727s][info][gc,cpu         ] GC(34) User=0.59s Sys=0.14s Real=0.75s
[5.728s][info][gc,start       ] GC(35) Pause Full (Allocation Failure)
[5.728s][info][gc,phases,start] GC(35) Phase 1: Mark live objects
[6.390s][info][gc,phases      ] GC(35) Phase 1: Mark live objects 662.188ms
[6.390s][info][gc,phases,start] GC(35) Phase 2: Compute new object addresses
[6.608s][info][gc,phases      ] GC(35) Phase 2: Compute new object addresses 217.802ms
[6.608s][info][gc,phases,start] GC(35) Phase 3: Adjust pointers
[6.876s][info][gc,phases      ] GC(35) Phase 3: Adjust pointers 268.217ms
[6.876s][info][gc,phases,start] GC(35) Phase 4: Move objects
[6.888s][info][gc,phases      ] GC(35) Phase 4: Move objects 11.666ms
[6.892s][info][gc,heap        ] GC(35) DefNew: 505151K(505152K)->55885K(1098496K) Eden: 449088K(449088K)->55885K(976448K) From: 56063K(56064K)->0K(122048K)
[6.892s][info][gc,heap        ] GC(35) Tenured: 1066421K(1122376K)->1464588K(2440980K)
[6.892s][info][gc,metaspace   ] GC(35) Metaspace: 6302K(6528K)->6302K(6528K) NonClass: 5769K(5888K)->5769K(5888K) Class: 533K(640K)->533K(640K)
[6.892s][info][gc             ] GC(35) Pause Full (Allocation Failure) 1484M->1484M(3456M) 1164.448ms
[6.892s][info][gc,cpu         ] GC(35) User=1.14s Sys=0.00s Real=1.16s
[7.875s][info][gc,start       ] GC(36) Pause Young (Allocation Failure)
[9.667s][info][gc,heap        ] GC(36) DefNew: 976448K(1098496K)->122047K(1098496K) Eden: 976448K(976448K)->0K(976448K) From: 0K(122048K)->122047K(122048K)
[9.667s][info][gc,heap        ] GC(36) Tenured: 1464588K(2440980K)->2318955K(2440980K)
[9.667s][info][gc,metaspace   ] GC(36) Metaspace: 6302K(6528K)->6302K(6528K) NonClass: 5769K(5888K)->5769K(5888K) Class: 533K(640K)->533K(640K)
[9.667s][info][gc             ] GC(36) Pause Young (Allocation Failure) 2383M->2383M(3456M) 1792.250ms
[9.667s][info][gc,cpu         ] GC(36) User=1.44s Sys=0.19s Real=1.79s
[10.644s][info][gc,start       ] GC(37) Pause Young (Allocation Failure)
[12.331s][info][gc             ] GC(37) Pause Young (Allocation Failure) 3337M->3337M(4291M) 1687.291ms
[12.331s][info][gc,cpu         ] GC(37) User=1.38s Sys=0.30s Real=1.69s
[12.331s][info][gc,start       ] GC(38) Pause Full (Allocation Failure)
[12.331s][info][gc,phases,start] GC(38) Phase 1: Mark live objects
[13.844s][info][gc,phases      ] GC(38) Phase 1: Mark live objects 1512.398ms
[13.844s][info][gc,phases,start] GC(38) Phase 2: Compute new object addresses
[14.353s][info][gc,phases      ] GC(38) Phase 2: Compute new object addresses 509.027ms
[14.353s][info][gc,phases,start] GC(38) Phase 3: Adjust pointers
[15.031s][info][gc,phases      ] GC(38) Phase 3: Adjust pointers 677.846ms
[15.031s][info][gc,phases,start] GC(38) Phase 4: Move objects
[15.662s][info][gc,phases      ] GC(38) Phase 4: Move objects 631.618ms
[15.672s][info][gc,heap        ] GC(38) DefNew: 1098495K(1098496K)->27703K(2471680K) Eden: 976448K(976448K)->27703K(2197056K) From: 122047K(122048K)->0K(274624K)
[15.672s][info][gc,heap        ] GC(38) Tenured: 2318955K(2440980K)->3295511K(5492520K)
[15.672s][info][gc,metaspace   ] GC(38) Metaspace: 6302K(6528K)->6302K(6528K) NonClass: 5769K(5888K)->5769K(5888K) Class: 533K(640K)->533K(640K)
[15.672s][info][gc             ] GC(38) Pause Full (Allocation Failure) 3337M->3245M(7777M) 3340.619ms
[15.672s][info][gc,cpu         ] GC(38) User=3.31s Sys=0.02s Real=3.34s
[17.887s][info][gc,start       ] GC(39) Pause Young (Allocation Failure)
[21.689s][info][gc,heap        ] GC(39) DefNew: 2197056K(2471680K)->274623K(2471680K) Eden: 2197056K(2197056K)->0K(2197056K) From: 0K(274624K)->274623K(274624K)
[21.689s][info][gc,heap        ] GC(39) Tenured: 3295511K(5492520K)->5217909K(5492520K)
[21.689s][info][gc,metaspace   ] GC(39) Metaspace: 6302K(6528K)->6302K(6528K) NonClass: 5769K(5888K)->5769K(5888K) Class: 533K(640K)->533K(640K)
[21.689s][info][gc             ] GC(39) Pause Young (Allocation Failure) 5363M->5363M(7777M) 3801.877ms
[21.689s][info][gc,cpu         ] GC(39) User=3.27s Sys=0.52s Real=3.80s
[23.764s][info][gc,start       ] GC(40) Pause Young (Allocation Failure)
[23.764s][info][gc             ] GC(40) Pause Young (Allocation Failure) 7509M->7509M(7777M) 0.130ms
[23.764s][info][gc,cpu         ] GC(40) User=0.00s Sys=0.00s Real=0.00s
[23.764s][info][gc,start       ] GC(41) Pause Full (Allocation Failure)
[23.764s][info][gc,phases,start] GC(41) Phase 1: Mark live objects
[27.325s][info][gc,phases      ] GC(41) Phase 1: Mark live objects 3560.499ms
[27.325s][info][gc,phases,start] GC(41) Phase 2: Compute new object addresses
[28.390s][info][gc,phases      ] GC(41) Phase 2: Compute new object addresses 1065.034ms
[28.390s][info][gc,phases,start] GC(41) Phase 3: Adjust pointers
[29.902s][info][gc,phases      ] GC(41) Phase 3: Adjust pointers 1511.918ms
[29.902s][info][gc,phases,start] GC(41) Phase 4: Move objects
[30.401s][info][gc,phases      ] GC(41) Phase 4: Move objects 498.579ms
[30.404s][info][gc,heap        ] GC(41) DefNew: 2471679K(2471680K)->2197038K(2826240K) Eden: 2197056K(2197056K)->2197038K(2512256K) From: 274623K(274624K)->0K(313984K)
[30.404s][info][gc,heap        ] GC(41) Tenured: 5217909K(5492520K)->5492519K(6280576K)
[30.404s][info][gc,metaspace   ] GC(41) Metaspace: 6302K(6528K)->6302K(6528K) NonClass: 5769K(5888K)->5769K(5888K) Class: 533K(640K)->533K(640K)
[30.404s][info][gc             ] GC(41) Pause Full (Allocation Failure) 7509M->7509M(8893M) 6639.468ms
[30.404s][info][gc,cpu         ] GC(41) User=6.56s Sys=0.05s Real=6.64s
[34.340s][info][gc,start       ] GC(42) Pause Full (Allocation Failure)
[34.340s][info][gc,phases,start] GC(42) Phase 1: Mark live objects
[38.531s][info][gc,phases      ] GC(42) Phase 1: Mark live objects 4190.343ms
[38.531s][info][gc,phases,start] GC(42) Phase 2: Compute new object addresses
[39.810s][info][gc,phases      ] GC(42) Phase 2: Compute new object addresses 1279.112ms
[39.810s][info][gc,phases,start] GC(42) Phase 3: Adjust pointers
[41.547s][info][gc,phases      ] GC(42) Phase 3: Adjust pointers 1736.835ms
[41.547s][info][gc,phases,start] GC(42) Phase 4: Move objects
[41.636s][info][gc,phases      ] GC(42) Phase 4: Move objects 89.453ms
[41.637s][info][gc,heap        ] GC(42) DefNew: 2826239K(2826240K)->2826236K(2826240K) Eden: 2512256K(2512256K)->2512255K(2512256K) From: 313983K(313984K)->313980K(313984K)
[41.637s][info][gc,heap        ] GC(42) Tenured: 6280575K(6280576K)->6280575K(6280576K)
[41.637s][info][gc,metaspace   ] GC(42) Metaspace: 6302K(6528K)->6302K(6528K) NonClass: 5769K(5888K)->5769K(5888K) Class: 533K(640K)->533K(640K)
[41.637s][info][gc             ] GC(42) Pause Full (Allocation Failure) 8893M->8893M(8893M) 7296.825ms
[41.637s][info][gc,cpu         ] GC(42) User=7.25s Sys=0.00s Real=7.30s
[41.637s][info][gc,start       ] GC(43) Pause Full (Allocation Failure)
[41.637s][info][gc,phases,start] GC(43) Phase 1: Mark live objects
[45.631s][info][gc,phases      ] GC(43) Phase 1: Mark live objects 3994.091ms
[45.631s][info][gc,phases,start] GC(43) Phase 2: Compute new object addresses
[46.840s][info][gc,phases      ] GC(43) Phase 2: Compute new object addresses 1208.780ms
[46.840s][info][gc,phases,start] GC(43) Phase 3: Adjust pointers
[48.573s][info][gc,phases      ] GC(43) Phase 3: Adjust pointers 1732.226ms
[48.573s][info][gc,phases,start] GC(43) Phase 4: Move objects
[48.573s][info][gc,phases      ] GC(43) Phase 4: Move objects 0.017ms
[48.573s][info][gc,heap        ] GC(43) DefNew: 2826239K(2826240K)->2826239K(2826240K) Eden: 2512255K(2512256K)->2512255K(2512256K) From: 313983K(313984K)->313983K(313984K)
[48.573s][info][gc,heap        ] GC(43) Tenured: 6280575K(6280576K)->6280575K(6280576K)
[48.573s][info][gc,metaspace   ] GC(43) Metaspace: 6302K(6528K)->6302K(6528K) NonClass: 5769K(5888K)->5769K(5888K) Class: 533K(640K)->533K(640K)
[48.573s][info][gc             ] GC(43) Pause Full (Allocation Failure) 8893M->8893M(8893M) 6935.871ms
[48.573s][info][gc,cpu         ] GC(43) User=6.91s Sys=0.00s Real=6.94s
[48.573s][info][gc,start       ] GC(44) Pause Full (Allocation Failure)
[48.573s][info][gc,phases,start] GC(44) Phase 1: Mark live objects
[52.606s][info][gc,phases      ] GC(44) Phase 1: Mark live objects 4032.791ms
[52.606s][info][gc,phases,start] GC(44) Phase 2: Compute new object addresses
[53.829s][info][gc,phases      ] GC(44) Phase 2: Compute new object addresses 1222.480ms
[53.829s][info][gc,phases,start] GC(44) Phase 3: Adjust pointers
[55.857s][info][gc,phases      ] GC(44) Phase 3: Adjust pointers 2028.819ms
[55.858s][info][gc,phases,start] GC(44) Phase 4: Move objects
[57.523s][info][gc,phases      ] GC(44) Phase 4: Move objects 1665.284ms
[57.523s][info][gc,heap        ] GC(44) DefNew: 2826239K(2826240K)->2798922K(2826240K) Eden: 2512255K(2512256K)->2512255K(2512256K) From: 313983K(313984K)->286666K(313984K)
[57.523s][info][gc,heap        ] GC(44) Tenured: 6280575K(6280576K)->6176816K(6280576K)
[57.523s][info][gc,metaspace   ] GC(44) Metaspace: 6302K(6528K)->6301K(6528K) NonClass: 5769K(5888K)->5768K(5888K) Class: 533K(640K)->532K(640K)
[57.523s][info][gc             ] GC(44) Pause Full (Allocation Failure) 8893M->8765M(8893M) 8950.221ms
[57.523s][info][gc,cpu         ] GC(44) User=8.92s Sys=0.00s Real=8.95s
[57.925s][info][gc,start       ] GC(45) Pause Full (Allocation Failure)
[57.925s][info][gc,phases,start] GC(45) Phase 1: Mark live objects
[61.999s][info][gc,phases      ] GC(45) Phase 1: Mark live objects 4074.503ms
[61.999s][info][gc,phases,start] GC(45) Phase 2: Compute new object addresses
[63.228s][info][gc,phases      ] GC(45) Phase 2: Compute new object addresses 1228.441ms
[63.228s][info][gc,phases,start] GC(45) Phase 3: Adjust pointers
[64.934s][info][gc,phases      ] GC(45) Phase 3: Adjust pointers 1706.693ms
[64.935s][info][gc,phases,start] GC(45) Phase 4: Move objects
[64.935s][info][gc,phases      ] GC(45) Phase 4: Move objects 0.017ms
[64.935s][info][gc,heap        ] GC(45) DefNew: 2826239K(2826240K)->2826239K(2826240K) Eden: 2512255K(2512256K)->2512255K(2512256K) From: 313983K(313984K)->313983K(313984K)
[64.935s][info][gc,heap        ] GC(45) Tenured: 6280575K(6280576K)->6280575K(6280576K)
[64.935s][info][gc,metaspace   ] GC(45) Metaspace: 6301K(6528K)->6301K(6528K) NonClass: 5768K(5888K)->5768K(5888K) Class: 532K(640K)->532K(640K)
[64.935s][info][gc             ] GC(45) Pause Full (Allocation Failure) 8893M->8893M(8893M) 7010.492ms
[64.935s][info][gc,cpu         ] GC(45) User=6.95s Sys=0.00s Real=7.01s
[64.935s][info][gc,start       ] GC(46) Pause Full (Allocation Failure)
[64.935s][info][gc,phases,start] GC(46) Phase 1: Mark live objects
[69.007s][info][gc,phases      ] GC(46) Phase 1: Mark live objects 4071.612ms
[69.007s][info][gc,phases,start] GC(46) Phase 2: Compute new object addresses
[70.236s][info][gc,phases      ] GC(46) Phase 2: Compute new object addresses 1229.044ms
[70.236s][info][gc,phases,start] GC(46) Phase 3: Adjust pointers
[71.942s][info][gc,phases      ] GC(46) Phase 3: Adjust pointers 1705.873ms
[71.942s][info][gc,phases,start] GC(46) Phase 4: Move objects
[71.942s][info][gc,phases      ] GC(46) Phase 4: Move objects 0.017ms
[71.942s][info][gc,heap        ] GC(46) DefNew: 2826239K(2826240K)->2826239K(2826240K) Eden: 2512255K(2512256K)->2512255K(2512256K) From: 313983K(313984K)->313983K(313984K)
[71.942s][info][gc,heap        ] GC(46) Tenured: 6280575K(6280576K)->6280575K(6280576K)
[71.942s][info][gc,metaspace   ] GC(46) Metaspace: 6301K(6528K)->6301K(6528K) NonClass: 5768K(5888K)->5768K(5888K) Class: 532K(640K)->532K(640K)
[71.942s][info][gc             ] GC(46) Pause Full (Allocation Failure) 8893M->8893M(8893M) 7007.293ms
[71.942s][info][gc,cpu         ] GC(46) User=6.94s Sys=0.00s Real=7.01s
[71.943s][info][gc,start       ] GC(47) Pause Full (Allocation Failure)
[71.943s][info][gc,phases,start] GC(47) Phase 1: Mark live objects
[76.012s][info][gc,phases      ] GC(47) Phase 1: Mark live objects 4068.804ms
[76.012s][info][gc,phases,start] GC(47) Phase 2: Compute new object addresses
[77.244s][info][gc,phases      ] GC(47) Phase 2: Compute new object addresses 1232.276ms
[77.244s][info][gc,phases,start] GC(47) Phase 3: Adjust pointers
[78.962s][info][gc,phases      ] GC(47) Phase 3: Adjust pointers 1718.173ms
[78.962s][info][gc,phases,start] GC(47) Phase 4: Move objects
[78.962s][info][gc,phases      ] GC(47) Phase 4: Move objects 0.016ms
[78.963s][info][gc,heap        ] GC(47) DefNew: 2826239K(2826240K)->2826239K(2826240K) Eden: 2512255K(2512256K)->2512255K(2512256K) From: 313983K(313984K)->313983K(313984K)
[78.963s][info][gc,heap        ] GC(47) Tenured: 6280575K(6280576K)->6280575K(6280576K)
[78.963s][info][gc,metaspace   ] GC(47) Metaspace: 6301K(6528K)->6301K(6528K) NonClass: 5768K(5888K)->5768K(5888K) Class: 532K(640K)->532K(640K)
[78.963s][info][gc             ] GC(47) Pause Full (Allocation Failure) 8893M->8893M(8893M) 7020.030ms
[78.963s][info][gc,cpu         ] GC(47) User=6.97s Sys=0.00s Real=7.02s
[78.963s][info][gc,start       ] GC(48) Pause Full (Allocation Failure)
[78.963s][info][gc,phases,start] GC(48) Phase 1: Mark live objects
[83.040s][info][gc,phases      ] GC(48) Phase 1: Mark live objects 4077.169ms
[83.040s][info][gc,phases,start] GC(48) Phase 2: Compute new object addresses
[84.270s][info][gc,phases      ] GC(48) Phase 2: Compute new object addresses 1229.733ms
[84.270s][info][gc,phases,start] GC(48) Phase 3: Adjust pointers
[86.234s][info][gc,phases      ] GC(48) Phase 3: Adjust pointers 1963.637ms
[86.234s][info][gc,phases,start] GC(48) Phase 4: Move objects
[87.263s][info][gc,phases      ] GC(48) Phase 4: Move objects 1029.149ms
[87.263s][info][gc,heap        ] GC(48) DefNew: 2826239K(2826240K)->2826239K(2826240K) Eden: 2512255K(2512256K)->2512255K(2512256K) From: 313983K(313984K)->313983K(313984K)
[87.263s][info][gc,heap        ] GC(48) Tenured: 6280575K(6280576K)->6280574K(6280576K)
[87.263s][info][gc,metaspace   ] GC(48) Metaspace: 6301K(6528K)->6301K(6528K) NonClass: 5768K(5888K)->5768K(5888K) Class: 532K(640K)->532K(640K)
[87.263s][info][gc             ] GC(48) Pause Full (Allocation Failure) 8893M->8893M(8893M) 8300.547ms
[87.263s][info][gc,cpu         ] GC(48) User=8.25s Sys=0.00s Real=8.30s
[87.264s][info][gc,start       ] GC(49) Pause Full (Allocation Failure)
[87.265s][info][gc,phases,start] GC(49) Phase 1: Mark live objects
[91.374s][info][gc,phases      ] GC(49) Phase 1: Mark live objects 4109.655ms
[91.374s][info][gc,phases,start] GC(49) Phase 2: Compute new object addresses
[92.699s][info][gc,phases      ] GC(49) Phase 2: Compute new object addresses 1324.507ms
[92.699s][info][gc,phases,start] GC(49) Phase 3: Adjust pointers
[94.422s][info][gc,phases      ] GC(49) Phase 3: Adjust pointers 1723.536ms
[94.422s][info][gc,phases,start] GC(49) Phase 4: Move objects
[94.422s][info][gc,phases      ] GC(49) Phase 4: Move objects 0.017ms
[94.423s][info][gc,heap        ] GC(49) DefNew: 2826239K(2826240K)->2826239K(2826240K) Eden: 2512255K(2512256K)->2512255K(2512256K) From: 313984K(313984K)->313984K(313984K)
[94.423s][info][gc,heap        ] GC(49) Tenured: 6280575K(6280576K)->6280575K(6280576K)
[94.423s][info][gc,metaspace   ] GC(49) Metaspace: 6302K(6528K)->6302K(6528K) NonClass: 5768K(5888K)->5768K(5888K) Class: 533K(640K)->533K(640K)
[94.423s][info][gc             ] GC(49) Pause Full (Allocation Failure) 8893M->8893M(8893M) 7158.515ms
[94.423s][info][gc,cpu         ] GC(49) User=6.94s Sys=0.00s Real=7.16s
[94.423s][info][gc,start       ] GC(50) Pause Full (Allocation Failure)
[94.423s][info][gc,phases,start] GC(50) Phase 1: Mark live objects
[98.534s][info][gc,phases      ] GC(50) Phase 1: Mark live objects 4110.711ms
[98.534s][info][gc,phases,start] GC(50) Phase 2: Compute new object addresses
[99.801s][info][gc,phases      ] GC(50) Phase 2: Compute new object addresses 1267.584ms
[99.802s][info][gc,phases,start] GC(50) Phase 3: Adjust pointers
[101.802s][info][gc,phases      ] GC(50) Phase 3: Adjust pointers 2000.100ms
[101.802s][info][gc,phases,start] GC(50) Phase 4: Move objects
[102.849s][info][gc,phases      ] GC(50) Phase 4: Move objects 1047.251ms
[102.849s][info][gc,heap        ] GC(50) DefNew: 2826239K(2826240K)->2826239K(2826240K) Eden: 2512255K(2512256K)->2512255K(2512256K) From: 313984K(313984K)->313984K(313984K)
[102.850s][info][gc,heap        ] GC(50) Tenured: 6280575K(6280576K)->6280572K(6280576K)
[102.850s][info][gc,metaspace   ] GC(50) Metaspace: 6302K(6528K)->6302K(6528K) NonClass: 5768K(5888K)->5768K(5888K) Class: 533K(640K)->533K(640K)
[102.850s][info][gc             ] GC(50) Pause Full (Allocation Failure) 8893M->8893M(8893M) 8426.517ms
[102.850s][info][gc,cpu         ] GC(50) User=8.33s Sys=0.02s Real=8.43s
[102.850s][info][gc,heap,exit   ] Heap
[102.850s][info][gc,heap,exit   ]  def new generation   total 2826240K, used 2826239K [0x00000005c1000000, 0x0000000680aa0000, 0x0000000680aa0000)
[102.850s][info][gc,heap,exit   ]   eden space 2512256K,  99% used [0x00000005c1000000, 0x000000065a55fff8, 0x000000065a560000)
[102.850s][info][gc,heap,exit   ]   from space 313984K, 100% used [0x000000065a560000, 0x000000066d800000, 0x000000066d800000)
[102.850s][info][gc,heap,exit   ]   to   space 313984K,   0% used [0x000000066d800000, 0x000000066d800000, 0x0000000680aa0000)
[102.850s][info][gc,heap,exit   ]  tenured generation   total 6280576K, used 6280573K [0x0000000680aa0000, 0x0000000800000000, 0x0000000800000000)
[102.850s][info][gc,heap,exit   ]    the space 6280576K,  99% used [0x0000000680aa0000, 0x00000007fffff598, 0x00000007fffff600, 0x0000000800000000)
[102.851s][info][gc,heap,exit   ]  Metaspace       used 6305K, committed 6528K, reserved 1114112K
[102.851s][info][gc,heap,exit   ]   class space    used 534K, committed 640K, reserved 1048576K
