[0.011s][info][gc,init] CardTable entry size: 512
[0.011s][info][gc     ] Using Serial
[0.011s][info][gc,init] Version: 18.0.1+10 (release)
[0.011s][info][gc,init] CPUs: 8 total, 8 available
[0.011s][info][gc,init] Memory: 16063M
[0.011s][info][gc,init] Large Page Support: Disabled
[0.011s][info][gc,init] NUMA Support: Disabled
[0.011s][info][gc,init] Compressed Oops: Enabled (Zero based)
[0.011s][info][gc,init] Heap Min Capacity: 2M
[0.011s][info][gc,init] Heap Initial Capacity: 2M
[0.011s][info][gc,init] Heap Max Capacity: 11600M
[0.011s][info][gc,init] Pre-touch: Disabled
[0.012s][info][gc,metaspace] CDS archive(s) not mapped
[0.012s][info][gc,metaspace] Compressed class space mapped at: 0x0000000800000000-0x0000000840000000, reserved size: 1073741824
[0.012s][info][gc,metaspace] Narrow klass base: 0x0000000800000000, Narrow klass shift: 0, Narrow klass range: 0x40000000
[0.163s][info][gc,start    ] GC(0) Pause Young (Allocation Failure)
[0.164s][info][gc,heap     ] GC(0) DefNew: 1023K(1152K)->127K(1152K) Eden: 1023K(1024K)->0K(1024K) From: 0K(128K)->127K(128K)
[0.164s][info][gc,heap     ] GC(0) Tenured: 0K(768K)->439K(768K)
[0.164s][info][gc,metaspace] GC(0) Metaspace: 5897K(6016K)->5897K(6016K) NonClass: 5398K(5504K)->5398K(5504K) Class: 499K(512K)->499K(512K)
[0.164s][info][gc          ] GC(0) Pause Young (Allocation Failure) 0M->0M(1M) 1.643ms
[0.164s][info][gc,cpu      ] GC(0) User=0.00s Sys=0.00s Real=0.00s
[0.183s][info][gc,start    ] GC(1) Pause Young (Allocation Failure)
[0.184s][info][gc          ] GC(1) Pause Young (Allocation Failure) 1M->0M(2M) 1.423ms
[0.184s][info][gc,cpu      ] GC(1) User=0.00s Sys=0.00s Real=0.00s
[0.184s][info][gc,start    ] GC(2) Pause Full (Allocation Failure)
[0.184s][info][gc,phases,start] GC(2) Phase 1: Mark live objects
[0.185s][info][gc,phases      ] GC(2) Phase 1: Mark live objects 0.957ms
[0.185s][info][gc,phases,start] GC(2) Phase 2: Compute new object addresses
[0.185s][info][gc,phases      ] GC(2) Phase 2: Compute new object addresses 0.219ms
[0.185s][info][gc,phases,start] GC(2) Phase 3: Adjust pointers
[0.186s][info][gc,phases      ] GC(2) Phase 3: Adjust pointers 0.486ms
[0.186s][info][gc,phases,start] GC(2) Phase 4: Move objects
[0.186s][info][gc,phases      ] GC(2) Phase 4: Move objects 0.066ms
[0.186s][info][gc,heap        ] GC(2) DefNew: 1151K(1152K)->40K(1152K) Eden: 1024K(1024K)->40K(1024K) From: 127K(128K)->0K(128K)
[0.186s][info][gc,heap        ] GC(2) Tenured: 439K(768K)->959K(1600K)
[0.186s][info][gc,metaspace   ] GC(2) Metaspace: 6295K(6464K)->6295K(6464K) NonClass: 5762K(5824K)->5762K(5824K) Class: 533K(640K)->533K(640K)
[0.186s][info][gc             ] GC(2) Pause Full (Allocation Failure) 0M->0M(2M) 2.044ms
[0.186s][info][gc,cpu         ] GC(2) User=0.00s Sys=0.00s Real=0.00s
[0.188s][info][gc,start       ] GC(3) Pause Young (Allocation Failure)
[0.189s][info][gc,heap        ] GC(3) DefNew: 1024K(1152K)->127K(1152K) Eden: 1024K(1024K)->0K(1024K) From: 0K(128K)->127K(128K)
[0.190s][info][gc,heap        ] GC(3) Tenured: 959K(1600K)->1374K(1600K)
[0.190s][info][gc,metaspace   ] GC(3) Metaspace: 6295K(6464K)->6295K(6464K) NonClass: 5762K(5824K)->5762K(5824K) Class: 533K(640K)->533K(640K)
[0.190s][info][gc             ] GC(3) Pause Young (Allocation Failure) 1M->1M(2M) 1.797ms
[0.190s][info][gc,cpu         ] GC(3) User=0.00s Sys=0.00s Real=0.00s
[0.191s][info][gc,start       ] GC(4) Pause Young (Allocation Failure)
[0.192s][info][gc             ] GC(4) Pause Young (Allocation Failure) 2M->1M(3M) 1.421ms
[0.192s][info][gc,cpu         ] GC(4) User=0.00s Sys=0.00s Real=0.00s
[0.192s][info][gc,start       ] GC(5) Pause Full (Allocation Failure)
[0.192s][info][gc,phases,start] GC(5) Phase 1: Mark live objects
[0.194s][info][gc,phases      ] GC(5) Phase 1: Mark live objects 1.488ms
[0.194s][info][gc,phases,start] GC(5) Phase 2: Compute new object addresses
[0.194s][info][gc,phases      ] GC(5) Phase 2: Compute new object addresses 0.414ms
[0.194s][info][gc,phases,start] GC(5) Phase 3: Adjust pointers
[0.195s][info][gc,phases      ] GC(5) Phase 3: Adjust pointers 0.704ms
[0.195s][info][gc,phases,start] GC(5) Phase 4: Move objects
[0.195s][info][gc,phases      ] GC(5) Phase 4: Move objects 0.100ms
[0.195s][info][gc,heap        ] GC(5) DefNew: 1151K(1152K)->34K(1536K) Eden: 1024K(1024K)->34K(1408K) From: 127K(128K)->0K(128K)
[0.195s][info][gc,heap        ] GC(5) Tenured: 1374K(1600K)->1983K(3308K)
[0.195s][info][gc,metaspace   ] GC(5) Metaspace: 6295K(6464K)->6295K(6464K) NonClass: 5762K(5824K)->5762K(5824K) Class: 533K(640K)->533K(640K)
[0.195s][info][gc             ] GC(5) Pause Full (Allocation Failure) 1M->1M(4M) 3.046ms
[0.195s][info][gc,cpu         ] GC(5) User=0.00s Sys=0.00s Real=0.00s
[0.197s][info][gc,start       ] GC(6) Pause Young (Allocation Failure)
[0.199s][info][gc,heap        ] GC(6) DefNew: 1407K(1536K)->127K(1536K) Eden: 1407K(1408K)->0K(1408K) From: 0K(128K)->127K(128K)
[0.199s][info][gc,heap        ] GC(6) Tenured: 1983K(3308K)->2617K(3308K)
[0.199s][info][gc,metaspace   ] GC(6) Metaspace: 6295K(6464K)->6295K(6464K) NonClass: 5762K(5824K)->5762K(5824K) Class: 533K(640K)->533K(640K)
[0.199s][info][gc             ] GC(6) Pause Young (Allocation Failure) 3M->2M(4M) 1.625ms
[0.199s][info][gc,cpu         ] GC(6) User=0.00s Sys=0.00s Real=0.00s
[0.201s][info][gc,start       ] GC(7) Pause Young (Allocation Failure)
[0.202s][info][gc             ] GC(7) Pause Young (Allocation Failure) 4M->3M(4M) 1.843ms
[0.202s][info][gc,cpu         ] GC(7) User=0.00s Sys=0.00s Real=0.00s
[0.202s][info][gc,start       ] GC(8) Pause Full (Allocation Failure)
[0.202s][info][gc,phases,start] GC(8) Phase 1: Mark live objects
[0.205s][info][gc,phases      ] GC(8) Phase 1: Mark live objects 2.113ms
[0.205s][info][gc,phases,start] GC(8) Phase 2: Compute new object addresses
[0.205s][info][gc,phases      ] GC(8) Phase 2: Compute new object addresses 0.649ms
[0.205s][info][gc,phases,start] GC(8) Phase 3: Adjust pointers
[0.206s][info][gc,phases      ] GC(8) Phase 3: Adjust pointers 0.968ms
[0.206s][info][gc,phases,start] GC(8) Phase 4: Move objects
[0.206s][info][gc,phases      ] GC(8) Phase 4: Move objects 0.077ms
[0.206s][info][gc,heap        ] GC(8) DefNew: 1535K(1536K)->0K(2688K) Eden: 1408K(1408K)->0K(2432K) From: 127K(128K)->0K(256K)
[0.207s][info][gc,heap        ] GC(8) Tenured: 2617K(3308K)->3460K(5768K)
[0.207s][info][gc,metaspace   ] GC(8) Metaspace: 6295K(6464K)->6295K(6464K) NonClass: 5762K(5824K)->5762K(5824K) Class: 533K(640K)->533K(640K)
[0.207s][info][gc             ] GC(8) Pause Full (Allocation Failure) 3M->3M(8M) 4.135ms
[0.207s][info][gc,cpu         ] GC(8) User=0.02s Sys=0.00s Real=0.00s
[0.210s][info][gc,start       ] GC(9) Pause Young (Allocation Failure)
[0.213s][info][gc,heap        ] GC(9) DefNew: 2432K(2688K)->255K(2688K) Eden: 2432K(2432K)->0K(2432K) From: 0K(256K)->255K(256K)
[0.213s][info][gc,heap        ] GC(9) Tenured: 3460K(5768K)->4512K(5768K)
[0.213s][info][gc,metaspace   ] GC(9) Metaspace: 6295K(6464K)->6295K(6464K) NonClass: 5762K(5824K)->5762K(5824K) Class: 533K(640K)->533K(640K)
[0.213s][info][gc             ] GC(9) Pause Young (Allocation Failure) 5M->4M(8M) 2.485ms
[0.213s][info][gc,cpu         ] GC(9) User=0.00s Sys=0.00s Real=0.00s
[0.216s][info][gc,start       ] GC(10) Pause Young (Allocation Failure)
[0.220s][info][gc,heap        ] GC(10) DefNew: 2687K(2688K)->256K(2688K) Eden: 2432K(2432K)->0K(2432K) From: 255K(256K)->256K(256K)
[0.220s][info][gc,heap        ] GC(10) Tenured: 4512K(5768K)->5755K(5768K)
[0.220s][info][gc,metaspace   ] GC(10) Metaspace: 6295K(6464K)->6295K(6464K) NonClass: 5762K(5824K)->5762K(5824K) Class: 533K(640K)->533K(640K)
[0.220s][info][gc             ] GC(10) Pause Young (Allocation Failure) 7M->5M(8M) 3.970ms
[0.220s][info][gc,cpu         ] GC(10) User=0.00s Sys=0.00s Real=0.00s
[0.223s][info][gc,start       ] GC(11) Pause Young (Allocation Failure)
[0.227s][info][gc             ] GC(11) Pause Young (Allocation Failure) 8M->7M(9M) 3.755ms
[0.227s][info][gc,cpu         ] GC(11) User=0.00s Sys=0.00s Real=0.00s
[0.227s][info][gc,start       ] GC(12) Pause Full (Allocation Failure)
[0.227s][info][gc,phases,start] GC(12) Phase 1: Mark live objects
[0.232s][info][gc,phases      ] GC(12) Phase 1: Mark live objects 5.307ms
[0.232s][info][gc,phases,start] GC(12) Phase 2: Compute new object addresses
[0.234s][info][gc,phases      ] GC(12) Phase 2: Compute new object addresses 1.159ms
[0.234s][info][gc,phases,start] GC(12) Phase 3: Adjust pointers
[0.236s][info][gc,phases      ] GC(12) Phase 3: Adjust pointers 1.848ms
[0.236s][info][gc,phases,start] GC(12) Phase 4: Move objects
[0.237s][info][gc,phases      ] GC(12) Phase 4: Move objects 1.272ms
[0.237s][info][gc,heap        ] GC(12) DefNew: 2688K(2688K)->0K(5376K) Eden: 2432K(2432K)->0K(4800K) From: 256K(256K)->0K(576K)
[0.237s][info][gc,heap        ] GC(12) Tenured: 5755K(5768K)->7132K(11888K)
[0.237s][info][gc,metaspace   ] GC(12) Metaspace: 6295K(6464K)->6295K(6464K) NonClass: 5762K(5824K)->5762K(5824K) Class: 533K(640K)->533K(640K)
[0.237s][info][gc             ] GC(12) Pause Full (Allocation Failure) 7M->6M(16M) 10.165ms
[0.237s][info][gc,cpu         ] GC(12) User=0.00s Sys=0.00s Real=0.01s
[0.243s][info][gc,start       ] GC(13) Pause Young (Allocation Failure)
[0.248s][info][gc,heap        ] GC(13) DefNew: 4800K(5376K)->575K(5376K) Eden: 4800K(4800K)->0K(4800K) From: 0K(576K)->575K(576K)
[0.249s][info][gc,heap        ] GC(13) Tenured: 7132K(11888K)->9027K(11888K)
[0.249s][info][gc,metaspace   ] GC(13) Metaspace: 6295K(6464K)->6295K(6464K) NonClass: 5762K(5824K)->5762K(5824K) Class: 533K(640K)->533K(640K)
[0.249s][info][gc             ] GC(13) Pause Young (Allocation Failure) 11M->9M(16M) 5.289ms
[0.249s][info][gc,cpu         ] GC(13) User=0.00s Sys=0.00s Real=0.01s
[0.254s][info][gc,start       ] GC(14) Pause Young (Allocation Failure)
[0.260s][info][gc,heap        ] GC(14) DefNew: 5375K(5376K)->576K(5376K) Eden: 4800K(4800K)->0K(4800K) From: 575K(576K)->576K(576K)
[0.260s][info][gc,heap        ] GC(14) Tenured: 9027K(11888K)->11746K(11888K)
[0.260s][info][gc,metaspace   ] GC(14) Metaspace: 6295K(6464K)->6295K(6464K) NonClass: 5762K(5824K)->5762K(5824K) Class: 533K(640K)->533K(640K)
[0.260s][info][gc             ] GC(14) Pause Young (Allocation Failure) 14M->12M(16M) 5.971ms
[0.260s][info][gc,cpu         ] GC(14) User=0.00s Sys=0.00s Real=0.01s
[0.263s][info][gc,start       ] GC(15) Pause Young (Allocation Failure)
[0.270s][info][gc             ] GC(15) Pause Young (Allocation Failure) 16M->14M(19M) 6.108ms
[0.270s][info][gc,cpu         ] GC(15) User=0.00s Sys=0.00s Real=0.01s
[0.270s][info][gc,start       ] GC(16) Pause Full (Allocation Failure)
[0.270s][info][gc,phases,start] GC(16) Phase 1: Mark live objects
[0.279s][info][gc,phases      ] GC(16) Phase 1: Mark live objects 9.602ms
[0.279s][info][gc,phases,start] GC(16) Phase 2: Compute new object addresses
[0.282s][info][gc,phases      ] GC(16) Phase 2: Compute new object addresses 2.561ms
[0.282s][info][gc,phases,start] GC(16) Phase 3: Adjust pointers
[0.285s][info][gc,phases      ] GC(16) Phase 3: Adjust pointers 3.381ms
[0.285s][info][gc,phases,start] GC(16) Phase 4: Move objects
[0.286s][info][gc,phases      ] GC(16) Phase 4: Move objects 0.129ms
[0.286s][info][gc,heap        ] GC(16) DefNew: 5376K(5376K)->446K(10816K) Eden: 4800K(4800K)->446K(9664K) From: 576K(576K)->0K(1152K)
[0.286s][info][gc,heap        ] GC(16) Tenured: 11746K(11888K)->14323K(23876K)
[0.286s][info][gc,metaspace   ] GC(16) Metaspace: 6297K(6464K)->6297K(6464K) NonClass: 5764K(5824K)->5764K(5824K) Class: 533K(640K)->533K(640K)
[0.286s][info][gc             ] GC(16) Pause Full (Allocation Failure) 14M->14M(33M) 16.023ms
[0.286s][info][gc,cpu         ] GC(16) User=0.02s Sys=0.00s Real=0.02s
[0.292s][info][gc,start       ] GC(17) Pause Young (Allocation Failure)
[0.306s][info][gc,heap        ] GC(17) DefNew: 9664K(10816K)->1151K(10816K) Eden: 9664K(9664K)->0K(9664K) From: 0K(1152K)->1151K(1152K)
[0.306s][info][gc,heap        ] GC(17) Tenured: 14323K(23876K)->18351K(23876K)
[0.306s][info][gc,metaspace   ] GC(17) Metaspace: 6297K(6464K)->6297K(6464K) NonClass: 5764K(5824K)->5764K(5824K) Class: 533K(640K)->533K(640K)
[0.306s][info][gc             ] GC(17) Pause Young (Allocation Failure) 23M->19M(33M) 13.138ms
[0.306s][info][gc,cpu         ] GC(17) User=0.00s Sys=0.00s Real=0.01s
[0.312s][info][gc,start       ] GC(18) Pause Young (Allocation Failure)
[0.324s][info][gc,heap        ] GC(18) DefNew: 10815K(10816K)->1151K(10816K) Eden: 9664K(9664K)->0K(9664K) From: 1151K(1152K)->1151K(1152K)
[0.324s][info][gc,heap        ] GC(18) Tenured: 18351K(23876K)->23839K(23876K)
[0.324s][info][gc,metaspace   ] GC(18) Metaspace: 6297K(6464K)->6297K(6464K) NonClass: 5764K(5824K)->5764K(5824K) Class: 533K(640K)->533K(640K)
[0.324s][info][gc             ] GC(18) Pause Young (Allocation Failure) 28M->24M(33M) 11.382ms
[0.324s][info][gc,cpu         ] GC(18) User=0.00s Sys=0.00s Real=0.01s
[0.329s][info][gc,start       ] GC(19) Pause Young (Allocation Failure)
[0.340s][info][gc             ] GC(19) Pause Young (Allocation Failure) 33M->29M(38M) 11.712ms
[0.340s][info][gc,cpu         ] GC(19) User=0.02s Sys=0.00s Real=0.01s
[0.340s][info][gc,start       ] GC(20) Pause Full (Allocation Failure)
[0.340s][info][gc,phases,start] GC(20) Phase 1: Mark live objects
[0.355s][info][gc,phases      ] GC(20) Phase 1: Mark live objects 14.147ms
[0.355s][info][gc,phases,start] GC(20) Phase 2: Compute new object addresses
[0.359s][info][gc,phases      ] GC(20) Phase 2: Compute new object addresses 4.788ms
[0.360s][info][gc,phases,start] GC(20) Phase 3: Adjust pointers
[0.365s][info][gc,phases      ] GC(20) Phase 3: Adjust pointers 5.817ms
[0.365s][info][gc,phases,start] GC(20) Phase 4: Move objects
[0.366s][info][gc,phases      ] GC(20) Phase 4: Move objects 0.190ms
[0.366s][info][gc,heap        ] GC(20) DefNew: 10815K(10816K)->1048K(21760K) Eden: 9664K(9664K)->1048K(19392K) From: 1151K(1152K)->0K(2368K)
[0.366s][info][gc,heap        ] GC(20) Tenured: 23839K(23876K)->28935K(48228K)
[0.366s][info][gc,metaspace   ] GC(20) Metaspace: 6297K(6464K)->6297K(6464K) NonClass: 5764K(5824K)->5764K(5824K) Class: 533K(640K)->533K(640K)
[0.366s][info][gc             ] GC(20) Pause Full (Allocation Failure) 29M->29M(68M) 25.322ms
[0.366s][info][gc,cpu         ] GC(20) User=0.03s Sys=0.00s Real=0.03s
[0.379s][info][gc,start       ] GC(21) Pause Young (Allocation Failure)
[0.407s][info][gc,heap        ] GC(21) DefNew: 19392K(21760K)->2367K(21760K) Eden: 19392K(19392K)->0K(19392K) From: 0K(2368K)->2367K(2368K)
[0.407s][info][gc,heap        ] GC(21) Tenured: 28935K(48228K)->38996K(48228K)
[0.407s][info][gc,metaspace   ] GC(21) Metaspace: 6297K(6464K)->6297K(6464K) NonClass: 5764K(5824K)->5764K(5824K) Class: 533K(640K)->533K(640K)
[0.407s][info][gc             ] GC(21) Pause Young (Allocation Failure) 47M->40M(68M) 27.511ms
[0.407s][info][gc,cpu         ] GC(21) User=0.02s Sys=0.00s Real=0.03s
[0.424s][info][gc,start       ] GC(22) Pause Young (Allocation Failure)
[0.459s][info][gc             ] GC(22) Pause Young (Allocation Failure) 59M->59M(78M) 34.509ms
[0.459s][info][gc,cpu         ] GC(22) User=0.03s Sys=0.02s Real=0.03s
[0.459s][info][gc,start       ] GC(23) Pause Full (Allocation Failure)
[0.459s][info][gc,phases,start] GC(23) Phase 1: Mark live objects
[0.484s][info][gc,phases      ] GC(23) Phase 1: Mark live objects 25.255ms
[0.484s][info][gc,phases,start] GC(23) Phase 2: Compute new object addresses
[0.494s][info][gc,phases      ] GC(23) Phase 2: Compute new object addresses 9.819ms
[0.494s][info][gc,phases,start] GC(23) Phase 3: Adjust pointers
[0.505s][info][gc,phases      ] GC(23) Phase 3: Adjust pointers 10.945ms
[0.505s][info][gc,phases,start] GC(23) Phase 4: Move objects
[0.505s][info][gc,phases      ] GC(23) Phase 4: Move objects 0.291ms
[0.506s][info][gc,heap        ] GC(23) DefNew: 21759K(21760K)->2367K(43776K) Eden: 19392K(19392K)->2367K(38912K) From: 2367K(2368K)->0K(4864K)
[0.506s][info][gc,heap        ] GC(23) Tenured: 38996K(48228K)->58355K(97260K)
[0.506s][info][gc,metaspace   ] GC(23) Metaspace: 6297K(6464K)->6297K(6464K) NonClass: 5764K(5824K)->5764K(5824K) Class: 533K(640K)->533K(640K)
[0.506s][info][gc             ] GC(23) Pause Full (Allocation Failure) 59M->59M(137M) 46.862ms
[0.506s][info][gc,cpu         ] GC(23) User=0.05s Sys=0.00s Real=0.05s
[0.545s][info][gc,start       ] GC(24) Pause Young (Allocation Failure)
[0.604s][info][gc,heap        ] GC(24) DefNew: 38912K(43776K)->4863K(43776K) Eden: 38912K(38912K)->0K(38912K) From: 0K(4864K)->4863K(4864K)
[0.604s][info][gc,heap        ] GC(24) Tenured: 58355K(97260K)->90331K(97260K)
[0.604s][info][gc,metaspace   ] GC(24) Metaspace: 6297K(6464K)->6297K(6464K) NonClass: 5764K(5824K)->5764K(5824K) Class: 533K(640K)->533K(640K)
[0.605s][info][gc             ] GC(24) Pause Young (Allocation Failure) 94M->92M(137M) 59.850ms
[0.605s][info][gc,cpu         ] GC(24) User=0.05s Sys=0.00s Real=0.06s
[0.634s][info][gc,start       ] GC(25) Pause Young (Allocation Failure)
[0.705s][info][gc             ] GC(25) Pause Young (Allocation Failure) 130M->130M(169M) 70.843ms
[0.705s][info][gc,cpu         ] GC(25) User=0.05s Sys=0.02s Real=0.07s
[0.705s][info][gc,start       ] GC(26) Pause Full (Allocation Failure)
[0.705s][info][gc,phases,start] GC(26) Phase 1: Mark live objects
[0.759s][info][gc,phases      ] GC(26) Phase 1: Mark live objects 53.953ms
[0.760s][info][gc,phases,start] GC(26) Phase 2: Compute new object addresses
[0.781s][info][gc,phases      ] GC(26) Phase 2: Compute new object addresses 21.424ms
[0.781s][info][gc,phases,start] GC(26) Phase 3: Adjust pointers
[0.808s][info][gc,phases      ] GC(26) Phase 3: Adjust pointers 26.896ms
[0.808s][info][gc,phases,start] GC(26) Phase 4: Move objects
[0.831s][info][gc,phases      ] GC(26) Phase 4: Move objects 23.154ms
[0.832s][info][gc,heap        ] GC(26) DefNew: 43775K(43776K)->2960K(97024K) Eden: 38912K(38912K)->2960K(86272K) From: 4863K(4864K)->0K(10752K)
[0.832s][info][gc,heap        ] GC(26) Tenured: 90331K(97260K)->129323K(215540K)
[0.832s][info][gc,metaspace   ] GC(26) Metaspace: 6297K(6464K)->6297K(6464K) NonClass: 5764K(5824K)->5764K(5824K) Class: 533K(640K)->533K(640K)
[0.832s][info][gc             ] GC(26) Pause Full (Allocation Failure) 130M->129M(305M) 126.320ms
[0.832s][info][gc,cpu         ] GC(26) User=0.14s Sys=0.00s Real=0.13s
[0.920s][info][gc,start       ] GC(27) Pause Young (Allocation Failure)
[1.063s][info][gc,heap        ] GC(27) DefNew: 86272K(97024K)->10751K(97024K) Eden: 86272K(86272K)->0K(86272K) From: 0K(10752K)->10751K(10752K)
[1.063s][info][gc,heap        ] GC(27) Tenured: 129323K(215540K)->204817K(215540K)
[1.063s][info][gc,metaspace   ] GC(27) Metaspace: 6297K(6464K)->6297K(6464K) NonClass: 5764K(5824K)->5764K(5824K) Class: 533K(640K)->533K(640K)
[1.063s][info][gc             ] GC(27) Pause Young (Allocation Failure) 210M->210M(305M) 143.156ms
[1.063s][info][gc,cpu         ] GC(27) User=0.14s Sys=0.00s Real=0.14s
[1.144s][info][gc,start       ] GC(28) Pause Young (Allocation Failure)
[1.311s][info][gc             ] GC(28) Pause Young (Allocation Failure) 294M->294M(379M) 167.328ms
[1.311s][info][gc,cpu         ] GC(28) User=0.09s Sys=0.06s Real=0.17s
[1.311s][info][gc,start       ] GC(29) Pause Full (Allocation Failure)
[1.311s][info][gc,phases,start] GC(29) Phase 1: Mark live objects
[1.445s][info][gc,phases      ] GC(29) Phase 1: Mark live objects 133.425ms
[1.445s][info][gc,phases,start] GC(29) Phase 2: Compute new object addresses
[1.492s][info][gc,phases      ] GC(29) Phase 2: Compute new object addresses 47.158ms
[1.492s][info][gc,phases,start] GC(29) Phase 3: Adjust pointers
[1.547s][info][gc,phases      ] GC(29) Phase 3: Adjust pointers 55.185ms
[1.547s][info][gc,phases,start] GC(29) Phase 4: Move objects
[1.550s][info][gc,phases      ] GC(29) Phase 4: Move objects 2.337ms
[1.551s][info][gc,heap        ] GC(29) DefNew: 97023K(97024K)->10683K(218368K) Eden: 86272K(86272K)->10683K(194112K) From: 10751K(10752K)->0K(24256K)
[1.551s][info][gc,heap        ] GC(29) Tenured: 204817K(215540K)->291128K(485216K)
[1.551s][info][gc,metaspace   ] GC(29) Metaspace: 6297K(6464K)->6297K(6464K) NonClass: 5764K(5824K)->5764K(5824K) Class: 533K(640K)->533K(640K)
[1.551s][info][gc             ] GC(29) Pause Full (Allocation Failure) 294M->294M(687M) 239.463ms
[1.551s][info][gc,cpu         ] GC(29) User=0.25s Sys=0.00s Real=0.24s
[1.756s][info][gc,start       ] GC(30) Pause Young (Allocation Failure)
[2.079s][info][gc,heap        ] GC(30) DefNew: 194112K(218368K)->24255K(218368K) Eden: 194112K(194112K)->0K(194112K) From: 0K(24256K)->24255K(24256K)
[2.079s][info][gc,heap        ] GC(30) Tenured: 291128K(485216K)->460957K(485216K)
[2.079s][info][gc,metaspace   ] GC(30) Metaspace: 6297K(6464K)->6297K(6464K) NonClass: 5764K(5824K)->5764K(5824K) Class: 533K(640K)->533K(640K)
[2.079s][info][gc             ] GC(30) Pause Young (Allocation Failure) 473M->473M(687M) 323.273ms
[2.079s][info][gc,cpu         ] GC(30) User=0.31s Sys=0.00s Real=0.32s
[2.264s][info][gc,start       ] GC(31) Pause Young (Allocation Failure)
[2.633s][info][gc             ] GC(31) Pause Young (Allocation Failure) 663M->663M(853M) 369.275ms
[2.634s][info][gc,cpu         ] GC(31) User=0.33s Sys=0.05s Real=0.37s
[2.634s][info][gc,start       ] GC(32) Pause Full (Allocation Failure)
[2.634s][info][gc,phases,start] GC(32) Phase 1: Mark live objects
[2.932s][info][gc,phases      ] GC(32) Phase 1: Mark live objects 298.145ms
[2.932s][info][gc,phases,start] GC(32) Phase 2: Compute new object addresses
[3.034s][info][gc,phases      ] GC(32) Phase 2: Compute new object addresses 102.090ms
[3.034s][info][gc,phases,start] GC(32) Phase 3: Adjust pointers
[3.147s][info][gc,phases      ] GC(32) Phase 3: Adjust pointers 112.772ms
[3.147s][info][gc,phases,start] GC(32) Phase 4: Move objects
[3.152s][info][gc,phases      ] GC(32) Phase 4: Move objects 5.038ms
[3.154s][info][gc,heap        ] GC(32) DefNew: 218367K(218368K)->24159K(491392K) Eden: 194112K(194112K)->24159K(436800K) From: 24255K(24256K)->0K(54592K)
[3.154s][info][gc,heap        ] GC(32) Tenured: 460957K(485216K)->655135K(1091896K)
[3.154s][info][gc,metaspace   ] GC(32) Metaspace: 6297K(6464K)->6297K(6464K) NonClass: 5764K(5824K)->5764K(5824K) Class: 533K(640K)->533K(640K)
[3.154s][info][gc             ] GC(32) Pause Full (Allocation Failure) 663M->663M(1546M) 520.326ms
[3.154s][info][gc,cpu         ] GC(32) User=0.50s Sys=0.02s Real=0.52s
[3.602s][info][gc,start       ] GC(33) Pause Young (Allocation Failure)
[4.344s][info][gc,heap        ] GC(33) DefNew: 436800K(491392K)->54592K(491392K) Eden: 436800K(436800K)->0K(436800K) From: 0K(54592K)->54592K(54592K)
[4.344s][info][gc,heap        ] GC(33) Tenured: 655135K(1091896K)->1037313K(1091896K)
[4.344s][info][gc,metaspace   ] GC(33) Metaspace: 6297K(6464K)->6297K(6464K) NonClass: 5764K(5824K)->5764K(5824K) Class: 533K(640K)->533K(640K)
[4.344s][info][gc             ] GC(33) Pause Young (Allocation Failure) 1066M->1066M(1546M) 742.293ms
[4.344s][info][gc,cpu         ] GC(33) User=0.72s Sys=0.02s Real=0.74s
[4.684s][info][gc,start       ] GC(34) Pause Young (Allocation Failure)
[5.386s][info][gc             ] GC(34) Pause Young (Allocation Failure) 1429M->1404M(1831M) 702.680ms
[5.386s][info][gc,cpu         ] GC(34) User=0.55s Sys=0.14s Real=0.70s
[5.386s][info][gc,start       ] GC(35) Pause Full (Allocation Failure)
[5.386s][info][gc,phases,start] GC(35) Phase 1: Mark live objects
[6.038s][info][gc,phases      ] GC(35) Phase 1: Mark live objects 651.881ms
[6.038s][info][gc,phases,start] GC(35) Phase 2: Compute new object addresses
[6.248s][info][gc,phases      ] GC(35) Phase 2: Compute new object addresses 210.071ms
[6.249s][info][gc,phases,start] GC(35) Phase 3: Adjust pointers
[6.493s][info][gc,phases      ] GC(35) Phase 3: Adjust pointers 244.702ms
[6.493s][info][gc,phases,start] GC(35) Phase 4: Move objects
[6.504s][info][gc,phases      ] GC(35) Phase 4: Move objects 11.055ms
[6.508s][info][gc,heap        ] GC(35) DefNew: 426537K(491392K)->54433K(1037952K) Eden: 371945K(436800K)->54433K(922624K) From: 54592K(54592K)->0K(115328K)
[6.508s][info][gc,heap        ] GC(35) Tenured: 1037313K(1091896K)->1383927K(2306548K)
[6.508s][info][gc,metaspace   ] GC(35) Metaspace: 6297K(6464K)->6297K(6464K) NonClass: 5764K(5824K)->5764K(5824K) Class: 533K(640K)->533K(640K)
[6.508s][info][gc             ] GC(35) Pause Full (Allocation Failure) 1404M->1404M(3266M) 1122.050ms
[6.508s][info][gc,cpu         ] GC(35) User=1.12s Sys=0.00s Real=1.12s
[7.443s][info][gc,start       ] GC(36) Pause Young (Allocation Failure)
[9.042s][info][gc,heap        ] GC(36) DefNew: 922624K(1037952K)->115327K(1037952K) Eden: 922624K(922624K)->0K(922624K) From: 0K(115328K)->115327K(115328K)
[9.042s][info][gc,heap        ] GC(36) Tenured: 1383927K(2306548K)->2191191K(2306548K)
[9.042s][info][gc,metaspace   ] GC(36) Metaspace: 6297K(6464K)->6297K(6464K) NonClass: 5764K(5824K)->5764K(5824K) Class: 533K(640K)->533K(640K)
[9.042s][info][gc             ] GC(36) Pause Young (Allocation Failure) 2252M->2252M(3266M) 1598.702ms
[9.042s][info][gc,cpu         ] GC(36) User=1.31s Sys=0.19s Real=1.60s
[10.015s][info][gc,start       ] GC(37) Pause Young (Allocation Failure)
[11.582s][info][gc             ] GC(37) Pause Young (Allocation Failure) 3153M->3089M(3990M) 1567.061ms
[11.582s][info][gc,cpu         ] GC(37) User=1.23s Sys=0.31s Real=1.57s
[11.582s][info][gc,start       ] GC(38) Pause Full (Allocation Failure)
[11.582s][info][gc,phases,start] GC(38) Phase 1: Mark live objects
[13.040s][info][gc,phases      ] GC(38) Phase 1: Mark live objects 1458.216ms
[13.040s][info][gc,phases,start] GC(38) Phase 2: Compute new object addresses
[13.520s][info][gc,phases      ] GC(38) Phase 2: Compute new object addresses 479.359ms
[13.520s][info][gc,phases,start] GC(38) Phase 3: Adjust pointers
[14.145s][info][gc,phases      ] GC(38) Phase 3: Adjust pointers 625.131ms
[14.145s][info][gc,phases,start] GC(38) Phase 4: Move objects
[14.749s][info][gc,phases      ] GC(38) Phase 4: Move objects 603.982ms
[14.757s][info][gc,heap        ] GC(38) DefNew: 1037951K(1037952K)->53758K(2286336K) Eden: 922624K(922624K)->53758K(2032320K) From: 115327K(115328K)->0K(254016K)
[14.757s][info][gc,heap        ] GC(38) Tenured: 2191191K(2306548K)->3048375K(5080628K)
[14.757s][info][gc,metaspace   ] GC(38) Metaspace: 6297K(6464K)->6297K(6464K) NonClass: 5764K(5824K)->5764K(5824K) Class: 533K(640K)->533K(640K)
[14.757s][info][gc             ] GC(38) Pause Full (Allocation Failure) 3089M->3029M(7194M) 3175.471ms
[14.757s][info][gc,cpu         ] GC(38) User=3.14s Sys=0.02s Real=3.18s
[16.799s][info][gc,start       ] GC(39) Pause Young (Allocation Failure)
[20.389s][info][gc,heap        ] GC(39) DefNew: 2032320K(2286336K)->254016K(2286336K) Eden: 2032320K(2032320K)->0K(2032320K) From: 0K(254016K)->254016K(254016K)
[20.389s][info][gc,heap        ] GC(39) Tenured: 3048375K(5080628K)->4826645K(5080628K)
[20.389s][info][gc,metaspace   ] GC(39) Metaspace: 6297K(6464K)->6297K(6464K) NonClass: 5764K(5824K)->5764K(5824K) Class: 533K(640K)->533K(640K)
[20.389s][info][gc             ] GC(39) Pause Young (Allocation Failure) 4961M->4961M(7194M) 3590.481ms
[20.389s][info][gc,cpu         ] GC(39) User=3.05s Sys=0.55s Real=3.59s
[22.407s][info][gc,start       ] GC(40) Pause Young (Allocation Failure)
[25.929s][info][gc             ] GC(40) Pause Young (Allocation Failure) 6946M->6946M(8930M) 3521.532ms
[25.929s][info][gc,cpu         ] GC(40) User=2.98s Sys=0.52s Real=3.52s
[25.929s][info][gc,start       ] GC(41) Pause Full (Allocation Failure)
[25.929s][info][gc,phases,start] GC(41) Phase 1: Mark live objects
[29.190s][info][gc,phases      ] GC(41) Phase 1: Mark live objects 3261.110ms
[29.190s][info][gc,phases,start] GC(41) Phase 2: Compute new object addresses
[30.293s][info][gc,phases      ] GC(41) Phase 2: Compute new object addresses 1102.696ms
[30.293s][info][gc,phases,start] GC(41) Phase 3: Adjust pointers
[31.526s][info][gc,phases      ] GC(41) Phase 3: Adjust pointers 1233.431ms
[31.526s][info][gc,phases,start] GC(41) Phase 4: Move objects
[31.582s][info][gc,phases      ] GC(41) Phase 4: Move objects 55.444ms
[31.608s][info][gc,heap        ] GC(41) DefNew: 2286336K(2286336K)->253955K(3563520K) Eden: 2032320K(2032320K)->253955K(3167616K) From: 254016K(254016K)->0K(395904K)
[31.608s][info][gc,heap        ] GC(41) Tenured: 4826645K(5080628K)->6858999K(7918976K)
[31.608s][info][gc,metaspace   ] GC(41) Metaspace: 6297K(6464K)->6297K(6464K) NonClass: 5764K(5824K)->5764K(5824K) Class: 533K(640K)->533K(640K)
[31.608s][info][gc             ] GC(41) Pause Full (Allocation Failure) 6946M->6946M(11213M) 5679.516ms
[31.608s][info][gc,cpu         ] GC(41) User=5.64s Sys=0.00s Real=5.68s
[34.331s][info][gc,start       ] GC(42) Pause Young (Allocation Failure)
[34.332s][info][gc             ] GC(42) Pause Young (Allocation Failure) 9791M->9791M(11213M) 0.123ms
[34.332s][info][gc,cpu         ] GC(42) User=0.00s Sys=0.00s Real=0.00s
[34.332s][info][gc,start       ] GC(43) Pause Full (Allocation Failure)
[34.332s][info][gc,phases,start] GC(43) Phase 1: Mark live objects
[38.848s][info][gc,phases      ] GC(43) Phase 1: Mark live objects 4516.621ms
[38.848s][info][gc,phases,start] GC(43) Phase 2: Compute new object addresses
[40.324s][info][gc,phases      ] GC(43) Phase 2: Compute new object addresses 1475.686ms
[40.324s][info][gc,phases,start] GC(43) Phase 3: Adjust pointers
[42.383s][info][gc,phases      ] GC(43) Phase 3: Adjust pointers 2059.349ms
[42.384s][info][gc,phases,start] GC(43) Phase 4: Move objects
[43.214s][info][gc,phases      ] GC(43) Phase 4: Move objects 830.543ms
[43.215s][info][gc,heap        ] GC(43) DefNew: 3167616K(3563520K)->2107608K(3563520K) Eden: 3167616K(3167616K)->2107608K(3167616K) From: 0K(395904K)->0K(395904K)
[43.215s][info][gc,heap        ] GC(43) Tenured: 6858999K(7918976K)->7918976K(7918976K)
[43.215s][info][gc,metaspace   ] GC(43) Metaspace: 6297K(6464K)->6297K(6464K) NonClass: 5764K(5824K)->5764K(5824K) Class: 533K(640K)->533K(640K)
[43.215s][info][gc             ] GC(43) Pause Full (Allocation Failure) 9791M->9791M(11213M) 8883.368ms
[43.215s][info][gc,cpu         ] GC(43) User=8.56s Sys=0.22s Real=8.88s
[45.433s][info][gc,start       ] GC(44) Pause Full (Allocation Failure)
[45.433s][info][gc,phases,start] GC(44) Phase 1: Mark live objects
[50.823s][info][gc,phases      ] GC(44) Phase 1: Mark live objects 5390.311ms
[50.823s][info][gc,phases,start] GC(44) Phase 2: Compute new object addresses
[52.595s][info][gc,phases      ] GC(44) Phase 2: Compute new object addresses 1771.477ms
[52.595s][info][gc,phases,start] GC(44) Phase 3: Adjust pointers
[54.839s][info][gc,phases      ] GC(44) Phase 3: Adjust pointers 2243.889ms
[54.839s][info][gc,phases,start] GC(44) Phase 4: Move objects
[55.058s][info][gc,phases      ] GC(44) Phase 4: Move objects 219.565ms
[55.059s][info][gc,heap        ] GC(44) DefNew: 3563519K(3563520K)->3563507K(3563520K) Eden: 3167616K(3167616K)->3167615K(3167616K) From: 395903K(395904K)->395891K(395904K)
[55.059s][info][gc,heap        ] GC(44) Tenured: 7918976K(7918976K)->7918976K(7918976K)
[55.059s][info][gc,metaspace   ] GC(44) Metaspace: 6297K(6464K)->6297K(6464K) NonClass: 5764K(5824K)->5764K(5824K) Class: 533K(640K)->533K(640K)
[55.059s][info][gc             ] GC(44) Pause Full (Allocation Failure) 11213M->11213M(11213M) 9626.560ms
[55.059s][info][gc,cpu         ] GC(44) User=9.53s Sys=0.00s Real=9.63s
[55.060s][info][gc,start       ] GC(45) Pause Full (Allocation Failure)
[55.060s][info][gc,phases,start] GC(45) Phase 1: Mark live objects
[60.129s][info][gc,phases      ] GC(45) Phase 1: Mark live objects 5069.276ms
[60.129s][info][gc,phases,start] GC(45) Phase 2: Compute new object addresses
[61.716s][info][gc,phases      ] GC(45) Phase 2: Compute new object addresses 1587.256ms
[61.716s][info][gc,phases,start] GC(45) Phase 3: Adjust pointers
[64.356s][info][gc,phases      ] GC(45) Phase 3: Adjust pointers 2639.918ms
[64.356s][info][gc,phases,start] GC(45) Phase 4: Move objects
[66.103s][info][gc,phases      ] GC(45) Phase 4: Move objects 1746.735ms
[66.104s][info][gc,heap        ] GC(45) DefNew: 3563519K(3563520K)->3432447K(3563520K) Eden: 3167615K(3167616K)->3167615K(3167616K) From: 395903K(395904K)->264832K(395904K)
[66.104s][info][gc,heap        ] GC(45) Tenured: 7918976K(7918976K)->7918975K(7918976K)
[66.104s][info][gc,metaspace   ] GC(45) Metaspace: 6297K(6464K)->6297K(6464K) NonClass: 5764K(5824K)->5764K(5824K) Class: 533K(640K)->533K(640K)
[66.104s][info][gc             ] GC(45) Pause Full (Allocation Failure) 11213M->11085M(11213M) 11044.147ms
[66.104s][info][gc,cpu         ] GC(45) User=10.94s Sys=0.00s Real=11.04s
[66.475s][info][gc,start       ] GC(46) Pause Full (Allocation Failure)
[66.476s][info][gc,phases,start] GC(46) Phase 1: Mark live objects
[71.682s][info][gc,phases      ] GC(46) Phase 1: Mark live objects 5205.917ms
[71.682s][info][gc,phases,start] GC(46) Phase 2: Compute new object addresses
[73.243s][info][gc,phases      ] GC(46) Phase 2: Compute new object addresses 1561.339ms
[73.243s][info][gc,phases,start] GC(46) Phase 3: Adjust pointers
[75.438s][info][gc,phases      ] GC(46) Phase 3: Adjust pointers 2195.275ms
[75.438s][info][gc,phases,start] GC(46) Phase 4: Move objects
[75.438s][info][gc,phases      ] GC(46) Phase 4: Move objects 0.016ms
[75.439s][info][gc,heap        ] GC(46) DefNew: 3563519K(3563520K)->3563519K(3563520K) Eden: 3167615K(3167616K)->3167615K(3167616K) From: 395903K(395904K)->395903K(395904K)
[75.439s][info][gc,heap        ] GC(46) Tenured: 7918975K(7918976K)->7918975K(7918976K)
[75.439s][info][gc,metaspace   ] GC(46) Metaspace: 6297K(6464K)->6297K(6464K) NonClass: 5764K(5824K)->5764K(5824K) Class: 533K(640K)->533K(640K)
[75.439s][info][gc             ] GC(46) Pause Full (Allocation Failure) 11213M->11213M(11213M) 8963.492ms
[75.439s][info][gc,cpu         ] GC(46) User=8.86s Sys=0.05s Real=8.96s
[75.439s][info][gc,start       ] GC(47) Pause Full (Allocation Failure)
[75.439s][info][gc,phases,start] GC(47) Phase 1: Mark live objects
[80.664s][info][gc,phases      ] GC(47) Phase 1: Mark live objects 5224.718ms
[80.664s][info][gc,phases,start] GC(47) Phase 2: Compute new object addresses
[82.259s][info][gc,phases      ] GC(47) Phase 2: Compute new object addresses 1594.884ms
[82.259s][info][gc,phases,start] GC(47) Phase 3: Adjust pointers
[84.923s][info][gc,phases      ] GC(47) Phase 3: Adjust pointers 2664.619ms
[84.923s][info][gc,phases,start] GC(47) Phase 4: Move objects
[86.802s][info][gc,phases      ] GC(47) Phase 4: Move objects 1878.155ms
[86.802s][info][gc,heap        ] GC(47) DefNew: 3563519K(3563520K)->3563515K(3563520K) Eden: 3167615K(3167616K)->3167615K(3167616K) From: 395903K(395904K)->395899K(395904K)
[86.802s][info][gc,heap        ] GC(47) Tenured: 7918975K(7918976K)->7918975K(7918976K)
[86.802s][info][gc,metaspace   ] GC(47) Metaspace: 6297K(6464K)->6295K(6464K) NonClass: 5764K(5824K)->5763K(5824K) Class: 533K(640K)->532K(640K)
[86.802s][info][gc             ] GC(47) Pause Full (Allocation Failure) 11213M->11213M(11213M) 11363.359ms
[86.802s][info][gc,cpu         ] GC(47) User=11.20s Sys=0.00s Real=11.36s
[86.803s][info][gc,start       ] GC(48) Pause Full (Allocation Failure)
[86.803s][info][gc,phases,start] GC(48) Phase 1: Mark live objects
[91.939s][info][gc,phases      ] GC(48) Phase 1: Mark live objects 5135.986ms
[91.939s][info][gc,phases,start] GC(48) Phase 2: Compute new object addresses
[93.503s][info][gc,phases      ] GC(48) Phase 2: Compute new object addresses 1563.736ms
[93.503s][info][gc,phases,start] GC(48) Phase 3: Adjust pointers
[95.706s][info][gc,phases      ] GC(48) Phase 3: Adjust pointers 2203.361ms
[95.706s][info][gc,phases,start] GC(48) Phase 4: Move objects
[95.706s][info][gc,phases      ] GC(48) Phase 4: Move objects 0.017ms
[95.707s][info][gc,heap        ] GC(48) DefNew: 3563519K(3563520K)->3563519K(3563520K) Eden: 3167615K(3167616K)->3167615K(3167616K) From: 395903K(395904K)->395903K(395904K)
[95.707s][info][gc,heap        ] GC(48) Tenured: 7918975K(7918976K)->7918975K(7918976K)
[95.707s][info][gc,metaspace   ] GC(48) Metaspace: 6295K(6464K)->6295K(6464K) NonClass: 5763K(5824K)->5763K(5824K) Class: 532K(640K)->532K(640K)
[95.707s][info][gc             ] GC(48) Pause Full (Allocation Failure) 11213M->11213M(11213M) 8903.963ms
[95.707s][info][gc,cpu         ] GC(48) User=8.81s Sys=0.00s Real=8.90s
[95.707s][info][gc,start       ] GC(49) Pause Full (Allocation Failure)
[95.707s][info][gc,phases,start] GC(49) Phase 1: Mark live objects
[100.860s][info][gc,phases      ] GC(49) Phase 1: Mark live objects 5152.627ms
[100.860s][info][gc,phases,start] GC(49) Phase 2: Compute new object addresses
[102.418s][info][gc,phases      ] GC(49) Phase 2: Compute new object addresses 1558.367ms
[102.418s][info][gc,phases,start] GC(49) Phase 3: Adjust pointers
[104.581s][info][gc,phases      ] GC(49) Phase 3: Adjust pointers 2163.296ms
[104.581s][info][gc,phases,start] GC(49) Phase 4: Move objects
[104.581s][info][gc,phases      ] GC(49) Phase 4: Move objects 0.017ms
[104.582s][info][gc,heap        ] GC(49) DefNew: 3563519K(3563520K)->3563519K(3563520K) Eden: 3167615K(3167616K)->3167615K(3167616K) From: 395903K(395904K)->395903K(395904K)
[104.582s][info][gc,heap        ] GC(49) Tenured: 7918975K(7918976K)->7918975K(7918976K)
[104.582s][info][gc,metaspace   ] GC(49) Metaspace: 6295K(6464K)->6295K(6464K) NonClass: 5763K(5824K)->5763K(5824K) Class: 532K(640K)->532K(640K)
[104.582s][info][gc             ] GC(49) Pause Full (Allocation Failure) 11213M->11213M(11213M) 8875.165ms
[104.582s][info][gc,cpu         ] GC(49) User=8.84s Sys=0.00s Real=8.88s
[104.583s][info][gc,start       ] GC(50) Pause Full (Allocation Failure)
[104.583s][info][gc,phases,start] GC(50) Phase 1: Mark live objects
[109.750s][info][gc,phases      ] GC(50) Phase 1: Mark live objects 5166.941ms
[109.750s][info][gc,phases,start] GC(50) Phase 2: Compute new object addresses
[111.319s][info][gc,phases      ] GC(50) Phase 2: Compute new object addresses 1568.663ms
[111.319s][info][gc,phases,start] GC(50) Phase 3: Adjust pointers
[113.509s][info][gc,phases      ] GC(50) Phase 3: Adjust pointers 2190.378ms
[113.509s][info][gc,phases,start] GC(50) Phase 4: Move objects
[113.509s][info][gc,phases      ] GC(50) Phase 4: Move objects 0.017ms
[113.510s][info][gc,heap        ] GC(50) DefNew: 3563519K(3563520K)->3563519K(3563520K) Eden: 3167616K(3167616K)->3167616K(3167616K) From: 395903K(395904K)->395903K(395904K)
[113.510s][info][gc,heap        ] GC(50) Tenured: 7918976K(7918976K)->7918976K(7918976K)
[113.510s][info][gc,metaspace   ] GC(50) Metaspace: 6295K(6464K)->6295K(6464K) NonClass: 5763K(5824K)->5763K(5824K) Class: 532K(640K)->532K(640K)
[113.510s][info][gc             ] GC(50) Pause Full (Allocation Failure) 11213M->11213M(11213M) 8926.927ms
[113.510s][info][gc,cpu         ] GC(50) User=8.86s Sys=0.00s Real=8.93s
[113.510s][info][gc,start       ] GC(51) Pause Full (Allocation Failure)
[113.510s][info][gc,phases,start] GC(51) Phase 1: Mark live objects
[118.664s][info][gc,phases      ] GC(51) Phase 1: Mark live objects 5154.112ms
[118.664s][info][gc,phases,start] GC(51) Phase 2: Compute new object addresses
[120.232s][info][gc,phases      ] GC(51) Phase 2: Compute new object addresses 1568.169ms
[120.232s][info][gc,phases,start] GC(51) Phase 3: Adjust pointers
[122.909s][info][gc,phases      ] GC(51) Phase 3: Adjust pointers 2676.637ms
[122.909s][info][gc,phases,start] GC(51) Phase 4: Move objects
[124.785s][info][gc,phases      ] GC(51) Phase 4: Move objects 1876.507ms
[124.786s][info][gc,heap        ] GC(51) DefNew: 3563519K(3563520K)->3563518K(3563520K) Eden: 3167616K(3167616K)->3167616K(3167616K) From: 395903K(395904K)->395902K(395904K)
[124.786s][info][gc,heap        ] GC(51) Tenured: 7918976K(7918976K)->7918975K(7918976K)
[124.786s][info][gc,metaspace   ] GC(51) Metaspace: 6295K(6464K)->6295K(6464K) NonClass: 5763K(5824K)->5763K(5824K) Class: 532K(640K)->532K(640K)
[124.786s][info][gc             ] GC(51) Pause Full (Allocation Failure) 11213M->11213M(11213M) 11276.406ms
[124.786s][info][gc,cpu         ] GC(51) User=11.17s Sys=0.00s Real=11.28s
[124.787s][info][gc,start       ] GC(52) Pause Full (Allocation Failure)
[124.787s][info][gc,phases,start] GC(52) Phase 1: Mark live objects
[130.057s][info][gc,phases      ] GC(52) Phase 1: Mark live objects 5269.905ms
[130.057s][info][gc,phases,start] GC(52) Phase 2: Compute new object addresses
[131.633s][info][gc,phases      ] GC(52) Phase 2: Compute new object addresses 1575.756ms
[131.633s][info][gc,phases,start] GC(52) Phase 3: Adjust pointers
[133.824s][info][gc,phases      ] GC(52) Phase 3: Adjust pointers 2191.019ms
[133.824s][info][gc,phases,start] GC(52) Phase 4: Move objects
[133.824s][info][gc,phases      ] GC(52) Phase 4: Move objects 0.018ms
[133.825s][info][gc,heap        ] GC(52) DefNew: 3563519K(3563520K)->3563518K(3563520K) Eden: 3167616K(3167616K)->3167616K(3167616K) From: 395903K(395904K)->395902K(395904K)
[133.825s][info][gc,heap        ] GC(52) Tenured: 7918975K(7918976K)->7918975K(7918976K)
[133.825s][info][gc,metaspace   ] GC(52) Metaspace: 6297K(6464K)->6297K(6464K) NonClass: 5763K(5824K)->5763K(5824K) Class: 533K(640K)->533K(640K)
[133.825s][info][gc             ] GC(52) Pause Full (Allocation Failure) 11213M->11213M(11213M) 9037.789ms
[133.825s][info][gc,cpu         ] GC(52) User=8.86s Sys=0.00s Real=9.04s
[133.825s][info][gc,heap,exit   ] Heap
[133.826s][info][gc,heap,exit   ]  def new generation   total 3563520K, used 3563519K [0x000000052b000000, 0x000000061caa0000, 0x000000061caa0000)
[133.826s][info][gc,heap,exit   ]   eden space 3167616K, 100% used [0x000000052b000000, 0x00000005ec560000, 0x00000005ec560000)
[133.826s][info][gc,heap,exit   ]   from space 395904K,  99% used [0x00000005ec560000, 0x00000006047fff60, 0x0000000604800000)
[133.826s][info][gc,heap,exit   ]   to   space 395904K,   0% used [0x0000000604800000, 0x0000000604800000, 0x000000061caa0000)
[133.826s][info][gc,heap,exit   ]  tenured generation   total 7918976K, used 7918975K [0x000000061caa0000, 0x0000000800000000, 0x0000000800000000)
[133.826s][info][gc,heap,exit   ]    the space 7918976K,  99% used [0x000000061caa0000, 0x00000007ffffffd0, 0x0000000800000000, 0x0000000800000000)
[133.826s][info][gc,heap,exit   ]  Metaspace       used 6300K, committed 6464K, reserved 1114112K
[133.826s][info][gc,heap,exit   ]   class space    used 534K, committed 640K, reserved 1048576K
