[0.012s][info][gc,init] CardTable entry size: 512
[0.013s][info][gc     ] Using Serial
[0.013s][info][gc,init] Version: 18.0.1+10 (release)
[0.013s][info][gc,init] CPUs: 8 total, 8 available
[0.013s][info][gc,init] Memory: 16063M
[0.013s][info][gc,init] Large Page Support: Disabled
[0.013s][info][gc,init] NUMA Support: Disabled
[0.013s][info][gc,init] Compressed Oops: Enabled (Zero based)
[0.013s][info][gc,init] Heap Min Capacity: 2M
[0.013s][info][gc,init] Heap Initial Capacity: 2M
[0.013s][info][gc,init] Heap Max Capacity: 2700M
[0.013s][info][gc,init] Pre-touch: Disabled
[0.014s][info][gc,metaspace] CDS archive(s) not mapped
[0.014s][info][gc,metaspace] Compressed class space mapped at: 0x0000000800000000-0x0000000840000000, reserved size: 1073741824
[0.014s][info][gc,metaspace] Narrow klass base: 0x0000000800000000, Narrow klass shift: 0, Narrow klass range: 0x40000000
[0.172s][info][gc,start    ] GC(0) Pause Young (Allocation Failure)
[0.173s][info][gc,heap     ] GC(0) DefNew: 1023K(1152K)->127K(1152K) Eden: 1023K(1024K)->0K(1024K) From: 0K(128K)->127K(128K)
[0.173s][info][gc,heap     ] GC(0) Tenured: 0K(768K)->439K(768K)
[0.173s][info][gc,metaspace] GC(0) Metaspace: 5903K(6016K)->5903K(6016K) NonClass: 5403K(5504K)->5403K(5504K) Class: 499K(512K)->499K(512K)
[0.173s][info][gc          ] GC(0) Pause Young (Allocation Failure) 0M->0M(1M) 1.675ms
[0.173s][info][gc,cpu      ] GC(0) User=0.00s Sys=0.00s Real=0.00s
[0.194s][info][gc,start    ] GC(1) Pause Young (Allocation Failure)
[0.195s][info][gc          ] GC(1) Pause Young (Allocation Failure) 1M->0M(2M) 1.724ms
[0.196s][info][gc,cpu      ] GC(1) User=0.00s Sys=0.00s Real=0.00s
[0.196s][info][gc,start    ] GC(2) Pause Full (Allocation Failure)
[0.196s][info][gc,phases,start] GC(2) Phase 1: Mark live objects
[0.197s][info][gc,phases      ] GC(2) Phase 1: Mark live objects 1.317ms
[0.197s][info][gc,phases,start] GC(2) Phase 2: Compute new object addresses
[0.197s][info][gc,phases      ] GC(2) Phase 2: Compute new object addresses 0.386ms
[0.197s][info][gc,phases,start] GC(2) Phase 3: Adjust pointers
[0.198s][info][gc,phases      ] GC(2) Phase 3: Adjust pointers 0.738ms
[0.198s][info][gc,phases,start] GC(2) Phase 4: Move objects
[0.198s][info][gc,phases      ] GC(2) Phase 4: Move objects 0.087ms
[0.198s][info][gc,heap        ] GC(2) DefNew: 1151K(1152K)->40K(1152K) Eden: 1024K(1024K)->40K(1024K) From: 127K(128K)->0K(128K)
[0.198s][info][gc,heap        ] GC(2) Tenured: 439K(768K)->960K(1600K)
[0.198s][info][gc,metaspace   ] GC(2) Metaspace: 6300K(6464K)->6300K(6464K) NonClass: 5766K(5824K)->5766K(5824K) Class: 533K(640K)->533K(640K)
[0.199s][info][gc             ] GC(2) Pause Full (Allocation Failure) 0M->0M(2M) 2.977ms
[0.199s][info][gc,cpu         ] GC(2) User=0.00s Sys=0.00s Real=0.00s
[0.200s][info][gc,start       ] GC(3) Pause Young (Allocation Failure)
[0.202s][info][gc,heap        ] GC(3) DefNew: 1024K(1152K)->128K(1152K) Eden: 1024K(1024K)->0K(1024K) From: 0K(128K)->128K(128K)
[0.202s][info][gc,heap        ] GC(3) Tenured: 960K(1600K)->1374K(1600K)
[0.202s][info][gc,metaspace   ] GC(3) Metaspace: 6300K(6464K)->6300K(6464K) NonClass: 5766K(5824K)->5766K(5824K) Class: 533K(640K)->533K(640K)
[0.202s][info][gc             ] GC(3) Pause Young (Allocation Failure) 1M->1M(2M) 1.966ms
[0.202s][info][gc,cpu         ] GC(3) User=0.00s Sys=0.00s Real=0.00s
[0.203s][info][gc,start       ] GC(4) Pause Young (Allocation Failure)
[0.205s][info][gc             ] GC(4) Pause Young (Allocation Failure) 2M->1M(3M) 1.299ms
[0.205s][info][gc,cpu         ] GC(4) User=0.00s Sys=0.00s Real=0.00s
[0.205s][info][gc,start       ] GC(5) Pause Full (Allocation Failure)
[0.205s][info][gc,phases,start] GC(5) Phase 1: Mark live objects
[0.207s][info][gc,phases      ] GC(5) Phase 1: Mark live objects 1.654ms
[0.207s][info][gc,phases,start] GC(5) Phase 2: Compute new object addresses
[0.207s][info][gc,phases      ] GC(5) Phase 2: Compute new object addresses 0.434ms
[0.207s][info][gc,phases,start] GC(5) Phase 3: Adjust pointers
[0.208s][info][gc,phases      ] GC(5) Phase 3: Adjust pointers 0.795ms
[0.208s][info][gc,phases,start] GC(5) Phase 4: Move objects
[0.208s][info][gc,phases      ] GC(5) Phase 4: Move objects 0.077ms
[0.208s][info][gc,heap        ] GC(5) DefNew: 1152K(1152K)->34K(1536K) Eden: 1024K(1024K)->34K(1408K) From: 128K(128K)->0K(128K)
[0.208s][info][gc,heap        ] GC(5) Tenured: 1374K(1600K)->1983K(3308K)
[0.208s][info][gc,metaspace   ] GC(5) Metaspace: 6300K(6464K)->6300K(6464K) NonClass: 5766K(5824K)->5766K(5824K) Class: 533K(640K)->533K(640K)
[0.208s][info][gc             ] GC(5) Pause Full (Allocation Failure) 1M->1M(4M) 3.350ms
[0.208s][info][gc,cpu         ] GC(5) User=0.00s Sys=0.00s Real=0.00s
[0.211s][info][gc,start       ] GC(6) Pause Young (Allocation Failure)
[0.212s][info][gc,heap        ] GC(6) DefNew: 1408K(1536K)->127K(1536K) Eden: 1408K(1408K)->0K(1408K) From: 0K(128K)->127K(128K)
[0.212s][info][gc,heap        ] GC(6) Tenured: 1983K(3308K)->2617K(3308K)
[0.212s][info][gc,metaspace   ] GC(6) Metaspace: 6300K(6464K)->6300K(6464K) NonClass: 5766K(5824K)->5766K(5824K) Class: 533K(640K)->533K(640K)
[0.212s][info][gc             ] GC(6) Pause Young (Allocation Failure) 3M->2M(4M) 1.791ms
[0.212s][info][gc,cpu         ] GC(6) User=0.00s Sys=0.00s Real=0.00s
[0.214s][info][gc,start       ] GC(7) Pause Young (Allocation Failure)
[0.216s][info][gc             ] GC(7) Pause Young (Allocation Failure) 4M->3M(4M) 2.084ms
[0.216s][info][gc,cpu         ] GC(7) User=0.00s Sys=0.00s Real=0.00s
[0.216s][info][gc,start       ] GC(8) Pause Full (Allocation Failure)
[0.216s][info][gc,phases,start] GC(8) Phase 1: Mark live objects
[0.219s][info][gc,phases      ] GC(8) Phase 1: Mark live objects 2.443ms
[0.219s][info][gc,phases,start] GC(8) Phase 2: Compute new object addresses
[0.220s][info][gc,phases      ] GC(8) Phase 2: Compute new object addresses 0.760ms
[0.220s][info][gc,phases,start] GC(8) Phase 3: Adjust pointers
[0.221s][info][gc,phases      ] GC(8) Phase 3: Adjust pointers 1.059ms
[0.221s][info][gc,phases,start] GC(8) Phase 4: Move objects
[0.221s][info][gc,phases      ] GC(8) Phase 4: Move objects 0.095ms
[0.221s][info][gc,heap        ] GC(8) DefNew: 1535K(1536K)->0K(2688K) Eden: 1408K(1408K)->0K(2432K) From: 127K(128K)->0K(256K)
[0.221s][info][gc,heap        ] GC(8) Tenured: 2617K(3308K)->3460K(5768K)
[0.221s][info][gc,metaspace   ] GC(8) Metaspace: 6300K(6464K)->6300K(6464K) NonClass: 5766K(5824K)->5766K(5824K) Class: 533K(640K)->533K(640K)
[0.221s][info][gc             ] GC(8) Pause Full (Allocation Failure) 3M->3M(8M) 4.758ms
[0.221s][info][gc,cpu         ] GC(8) User=0.00s Sys=0.00s Real=0.00s
[0.224s][info][gc,start       ] GC(9) Pause Young (Allocation Failure)
[0.229s][info][gc,heap        ] GC(9) DefNew: 2432K(2688K)->255K(2688K) Eden: 2432K(2432K)->0K(2432K) From: 0K(256K)->255K(256K)
[0.229s][info][gc,heap        ] GC(9) Tenured: 3460K(5768K)->4512K(5768K)
[0.229s][info][gc,metaspace   ] GC(9) Metaspace: 6300K(6464K)->6300K(6464K) NonClass: 5766K(5824K)->5766K(5824K) Class: 533K(640K)->533K(640K)
[0.229s][info][gc             ] GC(9) Pause Young (Allocation Failure) 5M->4M(8M) 4.293ms
[0.229s][info][gc,cpu         ] GC(9) User=0.00s Sys=0.00s Real=0.00s
[0.232s][info][gc,start       ] GC(10) Pause Young (Allocation Failure)
[0.236s][info][gc,heap        ] GC(10) DefNew: 2687K(2688K)->255K(2688K) Eden: 2432K(2432K)->0K(2432K) From: 255K(256K)->255K(256K)
[0.236s][info][gc,heap        ] GC(10) Tenured: 4512K(5768K)->5755K(5768K)
[0.236s][info][gc,metaspace   ] GC(10) Metaspace: 6300K(6464K)->6300K(6464K) NonClass: 5766K(5824K)->5766K(5824K) Class: 533K(640K)->533K(640K)
[0.236s][info][gc             ] GC(10) Pause Young (Allocation Failure) 7M->5M(8M) 4.270ms
[0.236s][info][gc,cpu         ] GC(10) User=0.00s Sys=0.00s Real=0.00s
[0.240s][info][gc,start       ] GC(11) Pause Young (Allocation Failure)
[0.244s][info][gc             ] GC(11) Pause Young (Allocation Failure) 8M->7M(9M) 4.326ms
[0.244s][info][gc,cpu         ] GC(11) User=0.00s Sys=0.00s Real=0.00s
[0.244s][info][gc,start       ] GC(12) Pause Full (Allocation Failure)
[0.244s][info][gc,phases,start] GC(12) Phase 1: Mark live objects
[0.249s][info][gc,phases      ] GC(12) Phase 1: Mark live objects 4.644ms
[0.249s][info][gc,phases,start] GC(12) Phase 2: Compute new object addresses
[0.250s][info][gc,phases      ] GC(12) Phase 2: Compute new object addresses 1.175ms
[0.250s][info][gc,phases,start] GC(12) Phase 3: Adjust pointers
[0.252s][info][gc,phases      ] GC(12) Phase 3: Adjust pointers 1.735ms
[0.252s][info][gc,phases,start] GC(12) Phase 4: Move objects
[0.253s][info][gc,phases      ] GC(12) Phase 4: Move objects 1.233ms
[0.254s][info][gc,heap        ] GC(12) DefNew: 2687K(2688K)->0K(5376K) Eden: 2432K(2432K)->0K(4800K) From: 255K(256K)->0K(576K)
[0.254s][info][gc,heap        ] GC(12) Tenured: 5755K(5768K)->7132K(11888K)
[0.254s][info][gc,metaspace   ] GC(12) Metaspace: 6300K(6464K)->6300K(6464K) NonClass: 5766K(5824K)->5766K(5824K) Class: 533K(640K)->533K(640K)
[0.254s][info][gc             ] GC(12) Pause Full (Allocation Failure) 7M->6M(16M) 9.338ms
[0.254s][info][gc,cpu         ] GC(12) User=0.00s Sys=0.00s Real=0.01s
[0.259s][info][gc,start       ] GC(13) Pause Young (Allocation Failure)
[0.265s][info][gc,heap        ] GC(13) DefNew: 4800K(5376K)->575K(5376K) Eden: 4800K(4800K)->0K(4800K) From: 0K(576K)->575K(576K)
[0.265s][info][gc,heap        ] GC(13) Tenured: 7132K(11888K)->9027K(11888K)
[0.265s][info][gc,metaspace   ] GC(13) Metaspace: 6300K(6464K)->6300K(6464K) NonClass: 5766K(5824K)->5766K(5824K) Class: 533K(640K)->533K(640K)
[0.266s][info][gc             ] GC(13) Pause Young (Allocation Failure) 11M->9M(16M) 6.128ms
[0.266s][info][gc,cpu         ] GC(13) User=0.00s Sys=0.00s Real=0.01s
[0.271s][info][gc,start       ] GC(14) Pause Young (Allocation Failure)
[0.278s][info][gc,heap        ] GC(14) DefNew: 5375K(5376K)->576K(5376K) Eden: 4800K(4800K)->0K(4800K) From: 575K(576K)->576K(576K)
[0.278s][info][gc,heap        ] GC(14) Tenured: 9027K(11888K)->11746K(11888K)
[0.278s][info][gc,metaspace   ] GC(14) Metaspace: 6300K(6464K)->6300K(6464K) NonClass: 5766K(5824K)->5766K(5824K) Class: 533K(640K)->533K(640K)
[0.278s][info][gc             ] GC(14) Pause Young (Allocation Failure) 14M->12M(16M) 6.690ms
[0.278s][info][gc,cpu         ] GC(14) User=0.00s Sys=0.00s Real=0.01s
[0.281s][info][gc,start       ] GC(15) Pause Young (Allocation Failure)
[0.288s][info][gc             ] GC(15) Pause Young (Allocation Failure) 16M->14M(19M) 6.564ms
[0.288s][info][gc,cpu         ] GC(15) User=0.00s Sys=0.00s Real=0.01s
[0.288s][info][gc,start       ] GC(16) Pause Full (Allocation Failure)
[0.288s][info][gc,phases,start] GC(16) Phase 1: Mark live objects
[0.297s][info][gc,phases      ] GC(16) Phase 1: Mark live objects 8.899ms
[0.297s][info][gc,phases,start] GC(16) Phase 2: Compute new object addresses
[0.300s][info][gc,phases      ] GC(16) Phase 2: Compute new object addresses 2.552ms
[0.300s][info][gc,phases,start] GC(16) Phase 3: Adjust pointers
[0.304s][info][gc,phases      ] GC(16) Phase 3: Adjust pointers 4.043ms
[0.304s][info][gc,phases,start] GC(16) Phase 4: Move objects
[0.304s][info][gc,phases      ] GC(16) Phase 4: Move objects 0.207ms
[0.304s][info][gc,heap        ] GC(16) DefNew: 5376K(5376K)->464K(10816K) Eden: 4800K(4800K)->464K(9664K) From: 576K(576K)->0K(1152K)
[0.304s][info][gc,heap        ] GC(16) Tenured: 11746K(11888K)->14323K(23876K)
[0.304s][info][gc,metaspace   ] GC(16) Metaspace: 6302K(6464K)->6302K(6464K) NonClass: 5768K(5824K)->5768K(5824K) Class: 533K(640K)->533K(640K)
[0.304s][info][gc             ] GC(16) Pause Full (Allocation Failure) 14M->14M(33M) 16.194ms
[0.304s][info][gc,cpu         ] GC(16) User=0.02s Sys=0.00s Real=0.02s
[0.313s][info][gc,start       ] GC(17) Pause Young (Allocation Failure)
[0.326s][info][gc,heap        ] GC(17) DefNew: 9664K(10816K)->1152K(10816K) Eden: 9664K(9664K)->0K(9664K) From: 0K(1152K)->1152K(1152K)
[0.326s][info][gc,heap        ] GC(17) Tenured: 14323K(23876K)->18340K(23876K)
[0.326s][info][gc,metaspace   ] GC(17) Metaspace: 6302K(6464K)->6302K(6464K) NonClass: 5768K(5824K)->5768K(5824K) Class: 533K(640K)->533K(640K)
[0.326s][info][gc             ] GC(17) Pause Young (Allocation Failure) 23M->19M(33M) 13.625ms
[0.326s][info][gc,cpu         ] GC(17) User=0.00s Sys=0.00s Real=0.01s
[0.335s][info][gc,start       ] GC(18) Pause Young (Allocation Failure)
[0.347s][info][gc,heap        ] GC(18) DefNew: 10816K(10816K)->1151K(10816K) Eden: 9664K(9664K)->0K(9664K) From: 1152K(1152K)->1151K(1152K)
[0.347s][info][gc,heap        ] GC(18) Tenured: 18340K(23876K)->23829K(23876K)
[0.347s][info][gc,metaspace   ] GC(18) Metaspace: 6302K(6464K)->6302K(6464K) NonClass: 5768K(5824K)->5768K(5824K) Class: 533K(640K)->533K(640K)
[0.347s][info][gc             ] GC(18) Pause Young (Allocation Failure) 28M->24M(33M) 12.018ms
[0.347s][info][gc,cpu         ] GC(18) User=0.00s Sys=0.00s Real=0.01s
[0.353s][info][gc,start       ] GC(19) Pause Young (Allocation Failure)
[0.365s][info][gc             ] GC(19) Pause Young (Allocation Failure) 33M->29M(38M) 12.101ms
[0.365s][info][gc,cpu         ] GC(19) User=0.00s Sys=0.00s Real=0.01s
[0.365s][info][gc,start       ] GC(20) Pause Full (Allocation Failure)
[0.365s][info][gc,phases,start] GC(20) Phase 1: Mark live objects
[0.379s][info][gc,phases      ] GC(20) Phase 1: Mark live objects 14.002ms
[0.379s][info][gc,phases,start] GC(20) Phase 2: Compute new object addresses
[0.383s][info][gc,phases      ] GC(20) Phase 2: Compute new object addresses 4.601ms
[0.383s][info][gc,phases,start] GC(20) Phase 3: Adjust pointers
[0.389s][info][gc,phases      ] GC(20) Phase 3: Adjust pointers 5.255ms
[0.389s][info][gc,phases,start] GC(20) Phase 4: Move objects
[0.389s][info][gc,phases      ] GC(20) Phase 4: Move objects 0.190ms
[0.389s][info][gc,heap        ] GC(20) DefNew: 10815K(10816K)->1041K(21760K) Eden: 9664K(9664K)->1041K(19392K) From: 1151K(1152K)->0K(2368K)
[0.389s][info][gc,heap        ] GC(20) Tenured: 23829K(23876K)->28935K(48228K)
[0.389s][info][gc,metaspace   ] GC(20) Metaspace: 6302K(6464K)->6302K(6464K) NonClass: 5768K(5824K)->5768K(5824K) Class: 533K(640K)->533K(640K)
[0.389s][info][gc             ] GC(20) Pause Full (Allocation Failure) 29M->29M(68M) 24.447ms
[0.389s][info][gc,cpu         ] GC(20) User=0.03s Sys=0.00s Real=0.03s
[0.405s][info][gc,start       ] GC(21) Pause Young (Allocation Failure)
[0.432s][info][gc,heap        ] GC(21) DefNew: 19392K(21760K)->2368K(21760K) Eden: 19392K(19392K)->0K(19392K) From: 0K(2368K)->2368K(2368K)
[0.432s][info][gc,heap        ] GC(21) Tenured: 28935K(48228K)->38984K(48228K)
[0.432s][info][gc,metaspace   ] GC(21) Metaspace: 6302K(6464K)->6302K(6464K) NonClass: 5768K(5824K)->5768K(5824K) Class: 533K(640K)->533K(640K)
[0.432s][info][gc             ] GC(21) Pause Young (Allocation Failure) 47M->40M(68M) 26.920ms
[0.432s][info][gc,cpu         ] GC(21) User=0.02s Sys=0.00s Real=0.03s
[0.451s][info][gc,start       ] GC(22) Pause Young (Allocation Failure)
[0.486s][info][gc             ] GC(22) Pause Young (Allocation Failure) 59M->59M(78M) 35.356ms
[0.486s][info][gc,cpu         ] GC(22) User=0.03s Sys=0.00s Real=0.04s
[0.486s][info][gc,start       ] GC(23) Pause Full (Allocation Failure)
[0.486s][info][gc,phases,start] GC(23) Phase 1: Mark live objects
[0.511s][info][gc,phases      ] GC(23) Phase 1: Mark live objects 24.611ms
[0.511s][info][gc,phases,start] GC(23) Phase 2: Compute new object addresses
[0.520s][info][gc,phases      ] GC(23) Phase 2: Compute new object addresses 9.402ms
[0.520s][info][gc,phases,start] GC(23) Phase 3: Adjust pointers
[0.531s][info][gc,phases      ] GC(23) Phase 3: Adjust pointers 10.509ms
[0.531s][info][gc,phases,start] GC(23) Phase 4: Move objects
[0.531s][info][gc,phases      ] GC(23) Phase 4: Move objects 0.338ms
[0.532s][info][gc,heap        ] GC(23) DefNew: 21760K(21760K)->2313K(43840K) Eden: 19392K(19392K)->2313K(38976K) From: 2368K(2368K)->0K(4864K)
[0.532s][info][gc,heap        ] GC(23) Tenured: 38984K(48228K)->58403K(97340K)
[0.532s][info][gc,metaspace   ] GC(23) Metaspace: 6302K(6464K)->6302K(6464K) NonClass: 5768K(5824K)->5768K(5824K) Class: 533K(640K)->533K(640K)
[0.532s][info][gc             ] GC(23) Pause Full (Allocation Failure) 59M->59M(137M) 45.482ms
[0.532s][info][gc,cpu         ] GC(23) User=0.06s Sys=0.00s Real=0.05s
[0.573s][info][gc,start       ] GC(24) Pause Young (Allocation Failure)
[0.634s][info][gc,heap        ] GC(24) DefNew: 38976K(43840K)->4863K(43840K) Eden: 38976K(38976K)->0K(38976K) From: 0K(4864K)->4863K(4864K)
[0.634s][info][gc,heap        ] GC(24) Tenured: 58403K(97340K)->92485K(97340K)
[0.634s][info][gc,metaspace   ] GC(24) Metaspace: 6302K(6464K)->6302K(6464K) NonClass: 5768K(5824K)->5768K(5824K) Class: 533K(640K)->533K(640K)
[0.634s][info][gc             ] GC(24) Pause Young (Allocation Failure) 95M->95M(137M) 61.587ms
[0.634s][info][gc,cpu         ] GC(24) User=0.03s Sys=0.02s Real=0.06s
[0.670s][info][gc,start       ] GC(25) Pause Young (Allocation Failure)
[0.745s][info][gc             ] GC(25) Pause Young (Allocation Failure) 133M->133M(171M) 74.816ms
[0.745s][info][gc,cpu         ] GC(25) User=0.08s Sys=0.00s Real=0.07s
[0.745s][info][gc,start       ] GC(26) Pause Full (Allocation Failure)
[0.745s][info][gc,phases,start] GC(26) Phase 1: Mark live objects
[0.805s][info][gc,phases      ] GC(26) Phase 1: Mark live objects 60.155ms
[0.805s][info][gc,phases,start] GC(26) Phase 2: Compute new object addresses
[0.829s][info][gc,phases      ] GC(26) Phase 2: Compute new object addresses 23.979ms
[0.829s][info][gc,phases,start] GC(26) Phase 3: Adjust pointers
[0.859s][info][gc,phases      ] GC(26) Phase 3: Adjust pointers 29.798ms
[0.859s][info][gc,phases,start] GC(26) Phase 4: Move objects
[0.886s][info][gc,phases      ] GC(26) Phase 4: Move objects 26.935ms
[0.887s][info][gc,heap        ] GC(26) DefNew: 43839K(43840K)->871K(98752K) Eden: 38976K(38976K)->871K(87808K) From: 4863K(4864K)->0K(10944K)
[0.887s][info][gc,heap        ] GC(26) Tenured: 92485K(97340K)->131583K(219308K)
[0.887s][info][gc,metaspace   ] GC(26) Metaspace: 6302K(6464K)->6302K(6464K) NonClass: 5768K(5824K)->5768K(5824K) Class: 533K(640K)->533K(640K)
[0.887s][info][gc             ] GC(26) Pause Full (Allocation Failure) 133M->129M(310M) 141.775ms
[0.887s][info][gc,cpu         ] GC(26) User=0.14s Sys=0.00s Real=0.14s
[0.982s][info][gc,start       ] GC(27) Pause Young (Allocation Failure)
[1.138s][info][gc,heap        ] GC(27) DefNew: 87808K(98752K)->10944K(98752K) Eden: 87808K(87808K)->0K(87808K) From: 0K(10944K)->10944K(10944K)
[1.138s][info][gc,heap        ] GC(27) Tenured: 131583K(219308K)->208421K(219308K)
[1.138s][info][gc,metaspace   ] GC(27) Metaspace: 6302K(6464K)->6302K(6464K) NonClass: 5768K(5824K)->5768K(5824K) Class: 533K(640K)->533K(640K)
[1.138s][info][gc             ] GC(27) Pause Young (Allocation Failure) 214M->214M(310M) 155.989ms
[1.138s][info][gc,cpu         ] GC(27) User=0.11s Sys=0.02s Real=0.16s
[1.220s][info][gc,start       ] GC(28) Pause Young (Allocation Failure)
[1.398s][info][gc             ] GC(28) Pause Young (Allocation Failure) 299M->299M(385M) 178.041ms
[1.398s][info][gc,cpu         ] GC(28) User=0.14s Sys=0.03s Real=0.18s
[1.398s][info][gc,start       ] GC(29) Pause Full (Allocation Failure)
[1.398s][info][gc,phases,start] GC(29) Phase 1: Mark live objects
[1.537s][info][gc,phases      ] GC(29) Phase 1: Mark live objects 138.862ms
[1.537s][info][gc,phases,start] GC(29) Phase 2: Compute new object addresses
[1.587s][info][gc,phases      ] GC(29) Phase 2: Compute new object addresses 50.030ms
[1.587s][info][gc,phases,start] GC(29) Phase 3: Adjust pointers
[1.646s][info][gc,phases      ] GC(29) Phase 3: Adjust pointers 58.690ms
[1.646s][info][gc,phases,start] GC(29) Phase 4: Move objects
[1.648s][info][gc,phases      ] GC(29) Phase 4: Move objects 2.192ms
[1.649s][info][gc,heap        ] GC(29) DefNew: 98752K(98752K)->10904K(222272K) Eden: 87808K(87808K)->10904K(197632K) From: 10944K(10944K)->0K(24640K)
[1.649s][info][gc,heap        ] GC(29) Tenured: 208421K(219308K)->296239K(493736K)
[1.649s][info][gc,metaspace   ] GC(29) Metaspace: 6302K(6464K)->6302K(6464K) NonClass: 5768K(5824K)->5768K(5824K) Class: 533K(640K)->533K(640K)
[1.649s][info][gc             ] GC(29) Pause Full (Allocation Failure) 299M->299M(699M) 251.038ms
[1.649s][info][gc,cpu         ] GC(29) User=0.22s Sys=0.00s Real=0.25s
[1.852s][info][gc,start       ] GC(30) Pause Young (Allocation Failure)
[2.174s][info][gc,heap        ] GC(30) DefNew: 197632K(222272K)->24639K(222272K) Eden: 197632K(197632K)->0K(197632K) From: 0K(24640K)->24639K(24640K)
[2.174s][info][gc,heap        ] GC(30) Tenured: 296239K(493736K)->469207K(493736K)
[2.174s][info][gc,metaspace   ] GC(30) Metaspace: 6302K(6464K)->6302K(6464K) NonClass: 5768K(5824K)->5768K(5824K) Class: 533K(640K)->533K(640K)
[2.174s][info][gc             ] GC(30) Pause Young (Allocation Failure) 482M->482M(699M) 322.086ms
[2.174s][info][gc,cpu         ] GC(30) User=0.27s Sys=0.06s Real=0.32s
[2.352s][info][gc,start       ] GC(31) Pause Young (Allocation Failure)
[2.711s][info][gc             ] GC(31) Pause Young (Allocation Failure) 675M->675M(868M) 359.078ms
[2.711s][info][gc,cpu         ] GC(31) User=0.30s Sys=0.06s Real=0.36s
[2.711s][info][gc,start       ] GC(32) Pause Full (Allocation Failure)
[2.711s][info][gc,phases,start] GC(32) Phase 1: Mark live objects
[3.012s][info][gc,phases      ] GC(32) Phase 1: Mark live objects 300.612ms
[3.012s][info][gc,phases,start] GC(32) Phase 2: Compute new object addresses
[3.121s][info][gc,phases      ] GC(32) Phase 2: Compute new object addresses 109.584ms
[3.122s][info][gc,phases,start] GC(32) Phase 3: Adjust pointers
[3.247s][info][gc,phases      ] GC(32) Phase 3: Adjust pointers 125.564ms
[3.247s][info][gc,phases,start] GC(32) Phase 4: Move objects
[3.253s][info][gc,phases      ] GC(32) Phase 4: Move objects 6.016ms
[3.255s][info][gc,heap        ] GC(32) DefNew: 222271K(222272K)->24461K(500288K) Eden: 197632K(197632K)->24461K(444736K) From: 24639K(24640K)->0K(55552K)
[3.255s][info][gc,heap        ] GC(32) Tenured: 469207K(493736K)->666987K(1111648K)
[3.255s][info][gc,metaspace   ] GC(32) Metaspace: 6302K(6464K)->6302K(6464K) NonClass: 5768K(5824K)->5768K(5824K) Class: 533K(640K)->533K(640K)
[3.255s][info][gc             ] GC(32) Pause Full (Allocation Failure) 675M->675M(1574M) 544.176ms
[3.255s][info][gc,cpu         ] GC(32) User=0.55s Sys=0.00s Real=0.55s
[3.726s][info][gc,start       ] GC(33) Pause Young (Allocation Failure)
[4.511s][info][gc,heap        ] GC(33) DefNew: 444736K(500288K)->55551K(500288K) Eden: 444736K(444736K)->0K(444736K) From: 0K(55552K)->55551K(55552K)
[4.511s][info][gc,heap        ] GC(33) Tenured: 666987K(1111648K)->1056146K(1111648K)
[4.511s][info][gc,metaspace   ] GC(33) Metaspace: 6302K(6464K)->6302K(6464K) NonClass: 5768K(5824K)->5768K(5824K) Class: 533K(640K)->533K(640K)
[4.511s][info][gc             ] GC(33) Pause Young (Allocation Failure) 1085M->1085M(1574M) 784.669ms
[4.511s][info][gc,cpu         ] GC(33) User=0.59s Sys=0.14s Real=0.78s
[4.980s][info][gc,start       ] GC(34) Pause Young (Allocation Failure)
[5.678s][info][gc             ] GC(34) Pause Young (Allocation Failure) 1519M->1470M(1904M) 697.737ms
[5.678s][info][gc,cpu         ] GC(34) User=0.56s Sys=0.12s Real=0.70s
[5.678s][info][gc,start       ] GC(35) Pause Full (Allocation Failure)
[5.678s][info][gc,phases,start] GC(35) Phase 1: Mark live objects
[6.313s][info][gc,phases      ] GC(35) Phase 1: Mark live objects 634.718ms
[6.313s][info][gc,phases,start] GC(35) Phase 2: Compute new object addresses
[6.525s][info][gc,phases      ] GC(35) Phase 2: Compute new object addresses 212.595ms
[6.526s][info][gc,phases,start] GC(35) Phase 3: Adjust pointers
[6.780s][info][gc,phases      ] GC(35) Phase 3: Adjust pointers 254.461ms
[6.780s][info][gc,phases,start] GC(35) Phase 4: Move objects
[6.791s][info][gc,phases      ] GC(35) Phase 4: Move objects 10.839ms
[6.793s][info][gc,heap        ] GC(35) DefNew: 500287K(500288K)->55506K(829440K) Eden: 444736K(444736K)->55506K(737280K) From: 55551K(55552K)->0K(92160K)
[6.793s][info][gc,heap        ] GC(35) Tenured: 1056146K(1111648K)->1449828K(1843200K)
[6.793s][info][gc,metaspace   ] GC(35) Metaspace: 6302K(6464K)->6302K(6464K) NonClass: 5768K(5824K)->5768K(5824K) Class: 533K(640K)->533K(640K)
[6.793s][info][gc             ] GC(35) Pause Full (Allocation Failure) 1470M->1470M(2610M) 1115.109ms
[6.793s][info][gc,cpu         ] GC(35) User=1.09s Sys=0.00s Real=1.12s
[7.439s][info][gc,start       ] GC(36) Pause Young (Allocation Failure)
[8.837s][info][gc,promotion   ] GC(36) Promotion failed
[8.837s][info][gc             ] GC(36) Pause Young (Allocation Failure) 2135M->2609M(2610M) 1398.713ms
[8.837s][info][gc,cpu         ] GC(36) User=1.25s Sys=0.11s Real=1.40s
[8.837s][info][gc,start       ] GC(37) Pause Full (Allocation Failure)
[8.837s][info][gc,phases,start] GC(37) Phase 1: Mark live objects
[9.841s][info][gc,phases      ] GC(37) Phase 1: Mark live objects 1003.469ms
[9.841s][info][gc,phases,start] GC(37) Phase 2: Compute new object addresses
[10.204s][info][gc,phases      ] GC(37) Phase 2: Compute new object addresses 363.080ms
[10.204s][info][gc,phases,start] GC(37) Phase 3: Adjust pointers
[10.690s][info][gc,phases      ] GC(37) Phase 3: Adjust pointers 485.767ms
[10.690s][info][gc,phases,start] GC(37) Phase 4: Move objects
[11.106s][info][gc,phases      ] GC(37) Phase 4: Move objects 416.295ms
[11.107s][info][gc,heap        ] GC(37) DefNew: 737280K(829440K)->315206K(829440K) Eden: 737280K(737280K)->315206K(737280K) From: 0K(92160K)->0K(92160K)
[11.107s][info][gc,heap        ] GC(37) Tenured: 1449828K(1843200K)->1843199K(1843200K)
[11.107s][info][gc,metaspace   ] GC(37) Metaspace: 6302K(6464K)->6302K(6464K) NonClass: 5768K(5824K)->5768K(5824K) Class: 533K(640K)->533K(640K)
[11.107s][info][gc             ] GC(37) Pause Full (Allocation Failure) 2609M->2107M(2610M) 2269.409ms
[11.107s][info][gc,cpu         ] GC(37) User=2.23s Sys=0.00s Real=2.27s
[11.728s][info][gc,start       ] GC(38) Pause Full (Allocation Failure)
[11.728s][info][gc,phases,start] GC(38) Phase 1: Mark live objects
[12.952s][info][gc,phases      ] GC(38) Phase 1: Mark live objects 1224.199ms
[12.953s][info][gc,phases,start] GC(38) Phase 2: Compute new object addresses
[13.326s][info][gc,phases      ] GC(38) Phase 2: Compute new object addresses 373.253ms
[13.326s][info][gc,phases,start] GC(38) Phase 3: Adjust pointers
[13.867s][info][gc,phases      ] GC(38) Phase 3: Adjust pointers 540.720ms
[13.867s][info][gc,phases,start] GC(38) Phase 4: Move objects
[13.943s][info][gc,phases      ] GC(38) Phase 4: Move objects 76.073ms
[13.943s][info][gc,heap        ] GC(38) DefNew: 829439K(829440K)->829421K(829440K) Eden: 737280K(737280K)->737279K(737280K) From: 92159K(92160K)->92141K(92160K)
[13.943s][info][gc,heap        ] GC(38) Tenured: 1843199K(1843200K)->1843199K(1843200K)
[13.943s][info][gc,metaspace   ] GC(38) Metaspace: 6302K(6464K)->6302K(6464K) NonClass: 5768K(5824K)->5768K(5824K) Class: 533K(640K)->533K(640K)
[13.943s][info][gc             ] GC(38) Pause Full (Allocation Failure) 2609M->2609M(2610M) 2215.229ms
[13.943s][info][gc,cpu         ] GC(38) User=2.20s Sys=0.00s Real=2.21s
[13.944s][info][gc,start       ] GC(39) Pause Full (Allocation Failure)
[13.944s][info][gc,phases,start] GC(39) Phase 1: Mark live objects
[15.168s][info][gc,phases      ] GC(39) Phase 1: Mark live objects 1223.774ms
[15.168s][info][gc,phases,start] GC(39) Phase 2: Compute new object addresses
[15.540s][info][gc,phases      ] GC(39) Phase 2: Compute new object addresses 371.906ms
[15.540s][info][gc,phases,start] GC(39) Phase 3: Adjust pointers
[16.044s][info][gc,phases      ] GC(39) Phase 3: Adjust pointers 503.980ms
[16.044s][info][gc,phases,start] GC(39) Phase 4: Move objects
[16.044s][info][gc,phases      ] GC(39) Phase 4: Move objects 0.016ms
[16.044s][info][gc,heap        ] GC(39) DefNew: 829439K(829440K)->829439K(829440K) Eden: 737279K(737280K)->737279K(737280K) From: 92159K(92160K)->92159K(92160K)
[16.044s][info][gc,heap        ] GC(39) Tenured: 1843199K(1843200K)->1843199K(1843200K)
[16.044s][info][gc,metaspace   ] GC(39) Metaspace: 6302K(6464K)->6302K(6464K) NonClass: 5768K(5824K)->5768K(5824K) Class: 533K(640K)->533K(640K)
[16.044s][info][gc             ] GC(39) Pause Full (Allocation Failure) 2609M->2609M(2610M) 2100.288ms
[16.044s][info][gc,cpu         ] GC(39) User=2.06s Sys=0.00s Real=2.10s
[16.044s][info][gc,start       ] GC(40) Pause Full (Allocation Failure)
[16.044s][info][gc,phases,start] GC(40) Phase 1: Mark live objects
[17.258s][info][gc,phases      ] GC(40) Phase 1: Mark live objects 1213.739ms
[17.258s][info][gc,phases,start] GC(40) Phase 2: Compute new object addresses
[17.630s][info][gc,phases      ] GC(40) Phase 2: Compute new object addresses 372.221ms
[17.630s][info][gc,phases,start] GC(40) Phase 3: Adjust pointers
[18.226s][info][gc,phases      ] GC(40) Phase 3: Adjust pointers 595.405ms
[18.226s][info][gc,phases,start] GC(40) Phase 4: Move objects
[18.660s][info][gc,phases      ] GC(40) Phase 4: Move objects 433.971ms
[18.660s][info][gc,heap        ] GC(40) DefNew: 829439K(829440K)->829435K(829440K) Eden: 737279K(737280K)->737279K(737280K) From: 92159K(92160K)->92155K(92160K)
[18.660s][info][gc,heap        ] GC(40) Tenured: 1843199K(1843200K)->1843199K(1843200K)
[18.660s][info][gc,metaspace   ] GC(40) Metaspace: 6302K(6464K)->6300K(6464K) NonClass: 5768K(5824K)->5767K(5824K) Class: 533K(640K)->532K(640K)
[18.660s][info][gc             ] GC(40) Pause Full (Allocation Failure) 2609M->2609M(2610M) 2616.403ms
[18.660s][info][gc,cpu         ] GC(40) User=2.64s Sys=0.00s Real=2.62s
[18.661s][info][gc,start       ] GC(41) Pause Full (Allocation Failure)
[18.661s][info][gc,phases,start] GC(41) Phase 1: Mark live objects
[19.874s][info][gc,phases      ] GC(41) Phase 1: Mark live objects 1213.041ms
[19.874s][info][gc,phases,start] GC(41) Phase 2: Compute new object addresses
[20.247s][info][gc,phases      ] GC(41) Phase 2: Compute new object addresses 372.863ms
[20.247s][info][gc,phases,start] GC(41) Phase 3: Adjust pointers
[20.752s][info][gc,phases      ] GC(41) Phase 3: Adjust pointers 504.622ms
[20.752s][info][gc,phases,start] GC(41) Phase 4: Move objects
[20.752s][info][gc,phases      ] GC(41) Phase 4: Move objects 0.017ms
[20.752s][info][gc,heap        ] GC(41) DefNew: 829439K(829440K)->829439K(829440K) Eden: 737279K(737280K)->737279K(737280K) From: 92159K(92160K)->92159K(92160K)
[20.752s][info][gc,heap        ] GC(41) Tenured: 1843199K(1843200K)->1843199K(1843200K)
[20.752s][info][gc,metaspace   ] GC(41) Metaspace: 6300K(6464K)->6300K(6464K) NonClass: 5767K(5824K)->5767K(5824K) Class: 532K(640K)->532K(640K)
[20.752s][info][gc             ] GC(41) Pause Full (Allocation Failure) 2609M->2609M(2610M) 2091.154ms
[20.752s][info][gc,cpu         ] GC(41) User=2.06s Sys=0.00s Real=2.09s
[20.752s][info][gc,start       ] GC(42) Pause Full (Allocation Failure)
[20.752s][info][gc,phases,start] GC(42) Phase 1: Mark live objects
[21.961s][info][gc,phases      ] GC(42) Phase 1: Mark live objects 1208.919ms
[21.961s][info][gc,phases,start] GC(42) Phase 2: Compute new object addresses
[22.333s][info][gc,phases      ] GC(42) Phase 2: Compute new object addresses 372.280ms
[22.333s][info][gc,phases,start] GC(42) Phase 3: Adjust pointers
[22.836s][info][gc,phases      ] GC(42) Phase 3: Adjust pointers 502.834ms
[22.836s][info][gc,phases,start] GC(42) Phase 4: Move objects
[22.836s][info][gc,phases      ] GC(42) Phase 4: Move objects 0.016ms
[22.837s][info][gc,heap        ] GC(42) DefNew: 829439K(829440K)->829439K(829440K) Eden: 737279K(737280K)->737279K(737280K) From: 92159K(92160K)->92159K(92160K)
[22.837s][info][gc,heap        ] GC(42) Tenured: 1843199K(1843200K)->1843199K(1843200K)
[22.837s][info][gc,metaspace   ] GC(42) Metaspace: 6300K(6464K)->6300K(6464K) NonClass: 5767K(5824K)->5767K(5824K) Class: 532K(640K)->532K(640K)
[22.837s][info][gc             ] GC(42) Pause Full (Allocation Failure) 2609M->2609M(2610M) 2084.601ms
[22.837s][info][gc,cpu         ] GC(42) User=2.08s Sys=0.00s Real=2.08s
[22.837s][info][gc,start       ] GC(43) Pause Full (Allocation Failure)
[22.837s][info][gc,phases,start] GC(43) Phase 1: Mark live objects
[24.051s][info][gc,phases      ] GC(43) Phase 1: Mark live objects 1214.021ms
[24.052s][info][gc,phases,start] GC(43) Phase 2: Compute new object addresses
[24.428s][info][gc,phases      ] GC(43) Phase 2: Compute new object addresses 376.400ms
[24.428s][info][gc,phases,start] GC(43) Phase 3: Adjust pointers
[24.938s][info][gc,phases      ] GC(43) Phase 3: Adjust pointers 510.409ms
[24.939s][info][gc,phases,start] GC(43) Phase 4: Move objects
[24.939s][info][gc,phases      ] GC(43) Phase 4: Move objects 0.017ms
[24.939s][info][gc,heap        ] GC(43) DefNew: 829439K(829440K)->829439K(829440K) Eden: 737279K(737280K)->737279K(737280K) From: 92159K(92160K)->92159K(92160K)
[24.939s][info][gc,heap        ] GC(43) Tenured: 1843199K(1843200K)->1843199K(1843200K)
[24.939s][info][gc,metaspace   ] GC(43) Metaspace: 6300K(6464K)->6300K(6464K) NonClass: 5767K(5824K)->5767K(5824K) Class: 532K(640K)->532K(640K)
[24.939s][info][gc             ] GC(43) Pause Full (Allocation Failure) 2609M->2609M(2610M) 2101.505ms
[24.939s][info][gc,cpu         ] GC(43) User=2.11s Sys=0.00s Real=2.10s
[24.939s][info][gc,start       ] GC(44) Pause Full (Allocation Failure)
[24.939s][info][gc,phases,start] GC(44) Phase 1: Mark live objects
[26.150s][info][gc,phases      ] GC(44) Phase 1: Mark live objects 1211.088ms
[26.150s][info][gc,phases,start] GC(44) Phase 2: Compute new object addresses
[26.530s][info][gc,phases      ] GC(44) Phase 2: Compute new object addresses 379.623ms
[26.530s][info][gc,phases,start] GC(44) Phase 3: Adjust pointers
[27.128s][info][gc,phases      ] GC(44) Phase 3: Adjust pointers 597.931ms
[27.128s][info][gc,phases,start] GC(44) Phase 4: Move objects
[27.557s][info][gc,phases      ] GC(44) Phase 4: Move objects 428.999ms
[27.557s][info][gc,heap        ] GC(44) DefNew: 829439K(829440K)->829438K(829440K) Eden: 737279K(737280K)->737279K(737280K) From: 92159K(92160K)->92158K(92160K)
[27.557s][info][gc,heap        ] GC(44) Tenured: 1843199K(1843200K)->1843199K(1843200K)
[27.557s][info][gc,metaspace   ] GC(44) Metaspace: 6300K(6464K)->6300K(6464K) NonClass: 5767K(5824K)->5767K(5824K) Class: 532K(640K)->532K(640K)
[27.558s][info][gc             ] GC(44) Pause Full (Allocation Failure) 2609M->2609M(2610M) 2618.635ms
[27.558s][info][gc,cpu         ] GC(44) User=2.59s Sys=0.00s Real=2.62s
[27.559s][info][gc,start       ] GC(45) Pause Full (Allocation Failure)
[27.559s][info][gc,phases,start] GC(45) Phase 1: Mark live objects
[28.775s][info][gc,phases      ] GC(45) Phase 1: Mark live objects 1216.520ms
[28.775s][info][gc,phases,start] GC(45) Phase 2: Compute new object addresses
[29.152s][info][gc,phases      ] GC(45) Phase 2: Compute new object addresses 376.796ms
[29.152s][info][gc,phases,start] GC(45) Phase 3: Adjust pointers
[29.755s][info][gc,phases      ] GC(45) Phase 3: Adjust pointers 602.471ms
[29.755s][info][gc,phases,start] GC(45) Phase 4: Move objects
[30.179s][info][gc,phases      ] GC(45) Phase 4: Move objects 423.888ms
[30.179s][info][gc,heap        ] GC(45) DefNew: 829439K(829440K)->829436K(829440K) Eden: 737280K(737280K)->737279K(737280K) From: 92159K(92160K)->92156K(92160K)
[30.179s][info][gc,heap        ] GC(45) Tenured: 1843199K(1843200K)->1843199K(1843200K)
[30.179s][info][gc,metaspace   ] GC(45) Metaspace: 6302K(6528K)->6302K(6528K) NonClass: 5768K(5888K)->5768K(5888K) Class: 533K(640K)->533K(640K)
[30.179s][info][gc             ] GC(45) Pause Full (Allocation Failure) 2609M->2609M(2610M) 2620.657ms
[30.179s][info][gc,cpu         ] GC(45) User=2.62s Sys=0.00s Real=2.62s
[30.180s][info][gc,heap,exit   ] Heap
[30.180s][info][gc,heap,exit   ]  def new generation   total 829440K, used 829437K [0x0000000757400000, 0x000000078f800000, 0x000000078f800000)
[30.180s][info][gc,heap,exit   ]   eden space 737280K,  99% used [0x0000000757400000, 0x00000007843ffff8, 0x0000000784400000)
[30.180s][info][gc,heap,exit   ]   from space 92160K,  99% used [0x0000000789e00000, 0x000000078f7ff688, 0x000000078f800000)
[30.180s][info][gc,heap,exit   ]   to   space 92160K,   0% used [0x0000000784400000, 0x0000000784400000, 0x0000000789e00000)
[30.180s][info][gc,heap,exit   ]  tenured generation   total 1843200K, used 1843199K [0x000000078f800000, 0x0000000800000000, 0x0000000800000000)
[30.180s][info][gc,heap,exit   ]    the space 1843200K,  99% used [0x000000078f800000, 0x00000007ffffff88, 0x0000000800000000, 0x0000000800000000)
[30.180s][info][gc,heap,exit   ]  Metaspace       used 6305K, committed 6528K, reserved 1114112K
[30.180s][info][gc,heap,exit   ]   class space    used 534K, committed 640K, reserved 1048576K
