[0.017s][info][gc,init] CardTable entry size: 512
[0.018s][info][gc     ] Using Serial
[0.018s][info][gc,init] Version: 18.0.1+10 (release)
[0.018s][info][gc,init] CPUs: 8 total, 8 available
[0.018s][info][gc,init] Memory: 16063M
[0.018s][info][gc,init] Large Page Support: Disabled
[0.018s][info][gc,init] NUMA Support: Disabled
[0.018s][info][gc,init] Compressed Oops: Enabled (Zero based)
[0.018s][info][gc,init] Heap Min Capacity: 2M
[0.018s][info][gc,init] Heap Initial Capacity: 2M
[0.018s][info][gc,init] Heap Max Capacity: 17700M
[0.018s][info][gc,init] Pre-touch: Disabled
[0.018s][info][gc,metaspace] CDS archive(s) not mapped
[0.018s][info][gc,metaspace] Compressed class space mapped at: 0x0000000800000000-0x0000000840000000, reserved size: 1073741824
[0.018s][info][gc,metaspace] Narrow klass base: 0x0000000800000000, Narrow klass shift: 0, Narrow klass range: 0x40000000
[0.190s][info][gc,start    ] GC(0) Pause Young (Allocation Failure)
[0.192s][info][gc,heap     ] GC(0) DefNew: 1023K(1152K)->127K(1152K) Eden: 1023K(1024K)->0K(1024K) From: 0K(128K)->127K(128K)
[0.192s][info][gc,heap     ] GC(0) Tenured: 0K(768K)->440K(768K)
[0.192s][info][gc,metaspace] GC(0) Metaspace: 5903K(6016K)->5903K(6016K) NonClass: 5404K(5504K)->5404K(5504K) Class: 499K(512K)->499K(512K)
[0.192s][info][gc          ] GC(0) Pause Young (Allocation Failure) 0M->0M(1M) 1.935ms
[0.192s][info][gc,cpu      ] GC(0) User=0.00s Sys=0.00s Real=0.00s
[0.215s][info][gc,start    ] GC(1) Pause Young (Allocation Failure)
[0.217s][info][gc          ] GC(1) Pause Young (Allocation Failure) 1M->0M(2M) 1.395ms
[0.217s][info][gc,cpu      ] GC(1) User=0.00s Sys=0.00s Real=0.00s
[0.217s][info][gc,start    ] GC(2) Pause Full (Allocation Failure)
[0.217s][info][gc,phases,start] GC(2) Phase 1: Mark live objects
[0.218s][info][gc,phases      ] GC(2) Phase 1: Mark live objects 1.249ms
[0.218s][info][gc,phases,start] GC(2) Phase 2: Compute new object addresses
[0.219s][info][gc,phases      ] GC(2) Phase 2: Compute new object addresses 0.272ms
[0.219s][info][gc,phases,start] GC(2) Phase 3: Adjust pointers
[0.219s][info][gc,phases      ] GC(2) Phase 3: Adjust pointers 0.631ms
[0.219s][info][gc,phases,start] GC(2) Phase 4: Move objects
[0.219s][info][gc,phases      ] GC(2) Phase 4: Move objects 0.077ms
[0.219s][info][gc,heap        ] GC(2) DefNew: 1151K(1152K)->40K(1152K) Eden: 1024K(1024K)->40K(1024K) From: 127K(128K)->0K(128K)
[0.220s][info][gc,heap        ] GC(2) Tenured: 440K(768K)->959K(1600K)
[0.220s][info][gc,metaspace   ] GC(2) Metaspace: 6300K(6528K)->6300K(6528K) NonClass: 5767K(5888K)->5767K(5888K) Class: 533K(640K)->533K(640K)
[0.220s][info][gc             ] GC(2) Pause Full (Allocation Failure) 0M->0M(2M) 2.602ms
[0.220s][info][gc,cpu         ] GC(2) User=0.00s Sys=0.00s Real=0.00s
[0.221s][info][gc,start       ] GC(3) Pause Young (Allocation Failure)
[0.223s][info][gc,heap        ] GC(3) DefNew: 1024K(1152K)->128K(1152K) Eden: 1024K(1024K)->0K(1024K) From: 0K(128K)->128K(128K)
[0.223s][info][gc,heap        ] GC(3) Tenured: 959K(1600K)->1374K(1600K)
[0.223s][info][gc,metaspace   ] GC(3) Metaspace: 6300K(6528K)->6300K(6528K) NonClass: 5767K(5888K)->5767K(5888K) Class: 533K(640K)->533K(640K)
[0.223s][info][gc             ] GC(3) Pause Young (Allocation Failure) 1M->1M(2M) 1.786ms
[0.223s][info][gc,cpu         ] GC(3) User=0.00s Sys=0.00s Real=0.00s
[0.225s][info][gc,start       ] GC(4) Pause Young (Allocation Failure)
[0.227s][info][gc             ] GC(4) Pause Young (Allocation Failure) 2M->1M(3M) 1.784ms
[0.227s][info][gc,cpu         ] GC(4) User=0.00s Sys=0.00s Real=0.00s
[0.227s][info][gc,start       ] GC(5) Pause Full (Allocation Failure)
[0.227s][info][gc,phases,start] GC(5) Phase 1: Mark live objects
[0.229s][info][gc,phases      ] GC(5) Phase 1: Mark live objects 1.877ms
[0.229s][info][gc,phases,start] GC(5) Phase 2: Compute new object addresses
[0.229s][info][gc,phases      ] GC(5) Phase 2: Compute new object addresses 0.453ms
[0.229s][info][gc,phases,start] GC(5) Phase 3: Adjust pointers
[0.230s][info][gc,phases      ] GC(5) Phase 3: Adjust pointers 0.815ms
[0.230s][info][gc,phases,start] GC(5) Phase 4: Move objects
[0.230s][info][gc,phases      ] GC(5) Phase 4: Move objects 0.083ms
[0.230s][info][gc,heap        ] GC(5) DefNew: 1152K(1152K)->34K(1536K) Eden: 1024K(1024K)->34K(1408K) From: 128K(128K)->0K(128K)
[0.230s][info][gc,heap        ] GC(5) Tenured: 1374K(1600K)->1984K(3308K)
[0.230s][info][gc,metaspace   ] GC(5) Metaspace: 6300K(6528K)->6300K(6528K) NonClass: 5767K(5888K)->5767K(5888K) Class: 533K(640K)->533K(640K)
[0.230s][info][gc             ] GC(5) Pause Full (Allocation Failure) 1M->1M(4M) 3.683ms
[0.230s][info][gc,cpu         ] GC(5) User=0.00s Sys=0.00s Real=0.00s
[0.234s][info][gc,start       ] GC(6) Pause Young (Allocation Failure)
[0.236s][info][gc,heap        ] GC(6) DefNew: 1408K(1536K)->127K(1536K) Eden: 1408K(1408K)->0K(1408K) From: 0K(128K)->127K(128K)
[0.236s][info][gc,heap        ] GC(6) Tenured: 1984K(3308K)->2617K(3308K)
[0.236s][info][gc,metaspace   ] GC(6) Metaspace: 6300K(6528K)->6300K(6528K) NonClass: 5767K(5888K)->5767K(5888K) Class: 533K(640K)->533K(640K)
[0.236s][info][gc             ] GC(6) Pause Young (Allocation Failure) 3M->2M(4M) 2.499ms
[0.236s][info][gc,cpu         ] GC(6) User=0.00s Sys=0.00s Real=0.00s
[0.238s][info][gc,start       ] GC(7) Pause Young (Allocation Failure)
[0.240s][info][gc             ] GC(7) Pause Young (Allocation Failure) 4M->3M(4M) 2.166ms
[0.240s][info][gc,cpu         ] GC(7) User=0.00s Sys=0.00s Real=0.00s
[0.240s][info][gc,start       ] GC(8) Pause Full (Allocation Failure)
[0.241s][info][gc,phases,start] GC(8) Phase 1: Mark live objects
[0.243s][info][gc,phases      ] GC(8) Phase 1: Mark live objects 2.508ms
[0.243s][info][gc,phases,start] GC(8) Phase 2: Compute new object addresses
[0.244s][info][gc,phases      ] GC(8) Phase 2: Compute new object addresses 0.717ms
[0.244s][info][gc,phases,start] GC(8) Phase 3: Adjust pointers
[0.245s][info][gc,phases      ] GC(8) Phase 3: Adjust pointers 1.093ms
[0.245s][info][gc,phases,start] GC(8) Phase 4: Move objects
[0.245s][info][gc,phases      ] GC(8) Phase 4: Move objects 0.071ms
[0.245s][info][gc,heap        ] GC(8) DefNew: 1535K(1536K)->0K(2688K) Eden: 1408K(1408K)->0K(2432K) From: 127K(128K)->0K(256K)
[0.245s][info][gc,heap        ] GC(8) Tenured: 2617K(3308K)->3459K(5768K)
[0.245s][info][gc,metaspace   ] GC(8) Metaspace: 6300K(6528K)->6300K(6528K) NonClass: 5767K(5888K)->5767K(5888K) Class: 533K(640K)->533K(640K)
[0.245s][info][gc             ] GC(8) Pause Full (Allocation Failure) 3M->3M(8M) 4.740ms
[0.245s][info][gc,cpu         ] GC(8) User=0.00s Sys=0.00s Real=0.00s
[0.251s][info][gc,start       ] GC(9) Pause Young (Allocation Failure)
[0.255s][info][gc,heap        ] GC(9) DefNew: 2432K(2688K)->255K(2688K) Eden: 2432K(2432K)->0K(2432K) From: 0K(256K)->255K(256K)
[0.255s][info][gc,heap        ] GC(9) Tenured: 3459K(5768K)->4512K(5768K)
[0.255s][info][gc,metaspace   ] GC(9) Metaspace: 6300K(6528K)->6300K(6528K) NonClass: 5767K(5888K)->5767K(5888K) Class: 533K(640K)->533K(640K)
[0.255s][info][gc             ] GC(9) Pause Young (Allocation Failure) 5M->4M(8M) 3.912ms
[0.255s][info][gc,cpu         ] GC(9) User=0.00s Sys=0.00s Real=0.00s
[0.259s][info][gc,start       ] GC(10) Pause Young (Allocation Failure)
[0.264s][info][gc,heap        ] GC(10) DefNew: 2687K(2688K)->256K(2688K) Eden: 2432K(2432K)->0K(2432K) From: 255K(256K)->256K(256K)
[0.264s][info][gc,heap        ] GC(10) Tenured: 4512K(5768K)->5754K(5768K)
[0.264s][info][gc,metaspace   ] GC(10) Metaspace: 6300K(6528K)->6300K(6528K) NonClass: 5767K(5888K)->5767K(5888K) Class: 533K(640K)->533K(640K)
[0.264s][info][gc             ] GC(10) Pause Young (Allocation Failure) 7M->5M(8M) 5.084ms
[0.264s][info][gc,cpu         ] GC(10) User=0.00s Sys=0.00s Real=0.00s
[0.269s][info][gc,start       ] GC(11) Pause Young (Allocation Failure)
[0.273s][info][gc             ] GC(11) Pause Young (Allocation Failure) 8M->7M(9M) 3.729ms
[0.273s][info][gc,cpu         ] GC(11) User=0.00s Sys=0.00s Real=0.00s
[0.273s][info][gc,start       ] GC(12) Pause Full (Allocation Failure)
[0.273s][info][gc,phases,start] GC(12) Phase 1: Mark live objects
[0.278s][info][gc,phases      ] GC(12) Phase 1: Mark live objects 4.860ms
[0.278s][info][gc,phases,start] GC(12) Phase 2: Compute new object addresses
[0.279s][info][gc,phases      ] GC(12) Phase 2: Compute new object addresses 1.301ms
[0.280s][info][gc,phases,start] GC(12) Phase 3: Adjust pointers
[0.281s][info][gc,phases      ] GC(12) Phase 3: Adjust pointers 1.807ms
[0.281s][info][gc,phases,start] GC(12) Phase 4: Move objects
[0.283s][info][gc,phases      ] GC(12) Phase 4: Move objects 1.607ms
[0.283s][info][gc,heap        ] GC(12) DefNew: 2688K(2688K)->0K(5376K) Eden: 2432K(2432K)->0K(4800K) From: 256K(256K)->0K(576K)
[0.283s][info][gc,heap        ] GC(12) Tenured: 5754K(5768K)->7132K(11888K)
[0.283s][info][gc,metaspace   ] GC(12) Metaspace: 6300K(6528K)->6300K(6528K) NonClass: 5767K(5888K)->5767K(5888K) Class: 533K(640K)->533K(640K)
[0.283s][info][gc             ] GC(12) Pause Full (Allocation Failure) 7M->6M(16M) 10.212ms
[0.283s][info][gc,cpu         ] GC(12) User=0.02s Sys=0.00s Real=0.01s
[0.288s][info][gc,start       ] GC(13) Pause Young (Allocation Failure)
[0.295s][info][gc,heap        ] GC(13) DefNew: 4800K(5376K)->576K(5376K) Eden: 4800K(4800K)->0K(4800K) From: 0K(576K)->576K(576K)
[0.295s][info][gc,heap        ] GC(13) Tenured: 7132K(11888K)->9027K(11888K)
[0.295s][info][gc,metaspace   ] GC(13) Metaspace: 6300K(6528K)->6300K(6528K) NonClass: 5767K(5888K)->5767K(5888K) Class: 533K(640K)->533K(640K)
[0.295s][info][gc             ] GC(13) Pause Young (Allocation Failure) 11M->9M(16M) 7.039ms
[0.295s][info][gc,cpu         ] GC(13) User=0.00s Sys=0.00s Real=0.01s
[0.304s][info][gc,start       ] GC(14) Pause Young (Allocation Failure)
[0.313s][info][gc,heap        ] GC(14) DefNew: 5376K(5376K)->576K(5376K) Eden: 4800K(4800K)->0K(4800K) From: 576K(576K)->576K(576K)
[0.313s][info][gc,heap        ] GC(14) Tenured: 9027K(11888K)->11746K(11888K)
[0.313s][info][gc,metaspace   ] GC(14) Metaspace: 6300K(6528K)->6300K(6528K) NonClass: 5767K(5888K)->5767K(5888K) Class: 533K(640K)->533K(640K)
[0.313s][info][gc             ] GC(14) Pause Young (Allocation Failure) 14M->12M(16M) 8.888ms
[0.313s][info][gc,cpu         ] GC(14) User=0.02s Sys=0.00s Real=0.01s
[0.318s][info][gc,start       ] GC(15) Pause Young (Allocation Failure)
[0.327s][info][gc             ] GC(15) Pause Young (Allocation Failure) 16M->14M(19M) 9.109ms
[0.327s][info][gc,cpu         ] GC(15) User=0.00s Sys=0.00s Real=0.01s
[0.327s][info][gc,start       ] GC(16) Pause Full (Allocation Failure)
[0.327s][info][gc,phases,start] GC(16) Phase 1: Mark live objects
[0.337s][info][gc,phases      ] GC(16) Phase 1: Mark live objects 9.867ms
[0.337s][info][gc,phases,start] GC(16) Phase 2: Compute new object addresses
[0.340s][info][gc,phases      ] GC(16) Phase 2: Compute new object addresses 2.775ms
[0.340s][info][gc,phases,start] GC(16) Phase 3: Adjust pointers
[0.344s][info][gc,phases      ] GC(16) Phase 3: Adjust pointers 3.964ms
[0.344s][info][gc,phases,start] GC(16) Phase 4: Move objects
[0.344s][info][gc,phases      ] GC(16) Phase 4: Move objects 0.227ms
[0.345s][info][gc,heap        ] GC(16) DefNew: 5376K(5376K)->386K(10880K) Eden: 4800K(4800K)->386K(9728K) From: 576K(576K)->0K(1152K)
[0.345s][info][gc,heap        ] GC(16) Tenured: 11746K(11888K)->14383K(23976K)
[0.345s][info][gc,metaspace   ] GC(16) Metaspace: 6302K(6528K)->6302K(6528K) NonClass: 5769K(5888K)->5769K(5888K) Class: 533K(640K)->533K(640K)
[0.345s][info][gc             ] GC(16) Pause Full (Allocation Failure) 14M->14M(34M) 17.289ms
[0.345s][info][gc,cpu         ] GC(16) User=0.02s Sys=0.00s Real=0.02s
[0.355s][info][gc,start       ] GC(17) Pause Young (Allocation Failure)
[0.369s][info][gc,heap        ] GC(17) DefNew: 9728K(10880K)->1151K(10880K) Eden: 9728K(9728K)->0K(9728K) From: 0K(1152K)->1151K(1152K)
[0.369s][info][gc,heap        ] GC(17) Tenured: 14383K(23976K)->18415K(23976K)
[0.369s][info][gc,metaspace   ] GC(17) Metaspace: 6302K(6528K)->6302K(6528K) NonClass: 5769K(5888K)->5769K(5888K) Class: 533K(640K)->533K(640K)
[0.369s][info][gc             ] GC(17) Pause Young (Allocation Failure) 23M->19M(34M) 14.005ms
[0.369s][info][gc,cpu         ] GC(17) User=0.00s Sys=0.00s Real=0.01s
[0.376s][info][gc,start       ] GC(18) Pause Young (Allocation Failure)
[0.392s][info][gc,heap        ] GC(18) DefNew: 10879K(10880K)->1151K(10880K) Eden: 9728K(9728K)->0K(9728K) From: 1151K(1152K)->1151K(1152K)
[0.392s][info][gc,heap        ] GC(18) Tenured: 18415K(23976K)->23936K(23976K)
[0.392s][info][gc,metaspace   ] GC(18) Metaspace: 6302K(6528K)->6302K(6528K) NonClass: 5769K(5888K)->5769K(5888K) Class: 533K(640K)->533K(640K)
[0.392s][info][gc             ] GC(18) Pause Young (Allocation Failure) 28M->24M(34M) 16.283ms
[0.392s][info][gc,cpu         ] GC(18) User=0.00s Sys=0.00s Real=0.02s
[0.400s][info][gc,start       ] GC(19) Pause Young (Allocation Failure)
[0.415s][info][gc             ] GC(19) Pause Young (Allocation Failure) 34M->29M(38M) 14.880ms
[0.415s][info][gc,cpu         ] GC(19) User=0.00s Sys=0.00s Real=0.01s
[0.415s][info][gc,start       ] GC(20) Pause Full (Allocation Failure)
[0.415s][info][gc,phases,start] GC(20) Phase 1: Mark live objects
[0.431s][info][gc,phases      ] GC(20) Phase 1: Mark live objects 15.794ms
[0.431s][info][gc,phases,start] GC(20) Phase 2: Compute new object addresses
[0.436s][info][gc,phases      ] GC(20) Phase 2: Compute new object addresses 5.674ms
[0.436s][info][gc,phases,start] GC(20) Phase 3: Adjust pointers
[0.443s][info][gc,phases      ] GC(20) Phase 3: Adjust pointers 6.533ms
[0.443s][info][gc,phases,start] GC(20) Phase 4: Move objects
[0.443s][info][gc,phases      ] GC(20) Phase 4: Move objects 0.186ms
[0.443s][info][gc,heap        ] GC(20) DefNew: 10879K(10880K)->1080K(21888K) Eden: 9728K(9728K)->1080K(19520K) From: 1151K(1152K)->0K(2368K)
[0.443s][info][gc,heap        ] GC(20) Tenured: 23936K(23976K)->29035K(48396K)
[0.443s][info][gc,metaspace   ] GC(20) Metaspace: 6302K(6528K)->6302K(6528K) NonClass: 5769K(5888K)->5769K(5888K) Class: 533K(640K)->533K(640K)
[0.443s][info][gc             ] GC(20) Pause Full (Allocation Failure) 29M->29M(68M) 28.652ms
[0.444s][info][gc,cpu         ] GC(20) User=0.03s Sys=0.00s Real=0.03s
[0.458s][info][gc,start       ] GC(21) Pause Young (Allocation Failure)
[0.487s][info][gc,heap        ] GC(21) DefNew: 19520K(21888K)->2367K(21888K) Eden: 19520K(19520K)->0K(19520K) From: 0K(2368K)->2367K(2368K)
[0.487s][info][gc,heap        ] GC(21) Tenured: 29035K(48396K)->39371K(48396K)
[0.487s][info][gc,metaspace   ] GC(21) Metaspace: 6302K(6528K)->6302K(6528K) NonClass: 5769K(5888K)->5769K(5888K) Class: 533K(640K)->533K(640K)
[0.487s][info][gc             ] GC(21) Pause Young (Allocation Failure) 47M->40M(68M) 29.262ms
[0.487s][info][gc,cpu         ] GC(21) User=0.02s Sys=0.00s Real=0.03s
[0.506s][info][gc,start       ] GC(22) Pause Young (Allocation Failure)
[0.542s][info][gc             ] GC(22) Pause Young (Allocation Failure) 59M->59M(78M) 36.072ms
[0.542s][info][gc,cpu         ] GC(22) User=0.03s Sys=0.00s Real=0.04s
[0.542s][info][gc,start       ] GC(23) Pause Full (Allocation Failure)
[0.542s][info][gc,phases,start] GC(23) Phase 1: Mark live objects
[0.567s][info][gc,phases      ] GC(23) Phase 1: Mark live objects 25.029ms
[0.567s][info][gc,phases,start] GC(23) Phase 2: Compute new object addresses
[0.577s][info][gc,phases      ] GC(23) Phase 2: Compute new object addresses 9.626ms
[0.577s][info][gc,phases,start] GC(23) Phase 3: Adjust pointers
[0.587s][info][gc,phases      ] GC(23) Phase 3: Adjust pointers 10.725ms
[0.588s][info][gc,phases,start] GC(23) Phase 4: Move objects
[0.588s][info][gc,phases      ] GC(23) Phase 4: Move objects 0.495ms
[0.588s][info][gc,heap        ] GC(23) DefNew: 21887K(21888K)->2272K(44288K) Eden: 19520K(19520K)->2272K(39424K) From: 2367K(2368K)->0K(4864K)
[0.588s][info][gc,heap        ] GC(23) Tenured: 39371K(48396K)->58955K(98260K)
[0.588s][info][gc,metaspace   ] GC(23) Metaspace: 6302K(6528K)->6302K(6528K) NonClass: 5769K(5888K)->5769K(5888K) Class: 533K(640K)->533K(640K)
[0.589s][info][gc             ] GC(23) Pause Full (Allocation Failure) 59M->59M(139M) 46.671ms
[0.589s][info][gc,cpu         ] GC(23) User=0.05s Sys=0.00s Real=0.05s
[0.631s][info][gc,start       ] GC(24) Pause Young (Allocation Failure)
[0.693s][info][gc,heap        ] GC(24) DefNew: 39424K(44288K)->4863K(44288K) Eden: 39424K(39424K)->0K(39424K) From: 0K(4864K)->4863K(4864K)
[0.693s][info][gc,heap        ] GC(24) Tenured: 58955K(98260K)->93487K(98260K)
[0.693s][info][gc,metaspace   ] GC(24) Metaspace: 6302K(6528K)->6302K(6528K) NonClass: 5769K(5888K)->5769K(5888K) Class: 533K(640K)->533K(640K)
[0.693s][info][gc             ] GC(24) Pause Young (Allocation Failure) 96M->96M(139M) 62.547ms
[0.693s][info][gc,cpu         ] GC(24) User=0.03s Sys=0.02s Real=0.06s
[0.726s][info][gc,start       ] GC(25) Pause Young (Allocation Failure)
[0.798s][info][gc             ] GC(25) Pause Young (Allocation Failure) 134M->134M(173M) 72.296ms
[0.798s][info][gc,cpu         ] GC(25) User=0.05s Sys=0.02s Real=0.07s
[0.798s][info][gc,start       ] GC(26) Pause Full (Allocation Failure)
[0.798s][info][gc,phases,start] GC(26) Phase 1: Mark live objects
[0.853s][info][gc,phases      ] GC(26) Phase 1: Mark live objects 55.071ms
[0.853s][info][gc,phases,start] GC(26) Phase 2: Compute new object addresses
[0.875s][info][gc,phases      ] GC(26) Phase 2: Compute new object addresses 21.800ms
[0.875s][info][gc,phases,start] GC(26) Phase 3: Adjust pointers
[0.901s][info][gc,phases      ] GC(26) Phase 3: Adjust pointers 25.525ms
[0.901s][info][gc,phases,start] GC(26) Phase 4: Move objects
[0.924s][info][gc,phases      ] GC(26) Phase 4: Move objects 23.497ms
[0.925s][info][gc,heap        ] GC(26) DefNew: 44287K(44288K)->1016K(99712K) Eden: 39424K(39424K)->1016K(88640K) From: 4863K(4864K)->0K(11072K)
[0.925s][info][gc,heap        ] GC(26) Tenured: 93487K(98260K)->132887K(221480K)
[0.925s][info][gc,metaspace   ] GC(26) Metaspace: 6302K(6528K)->6302K(6528K) NonClass: 5769K(5888K)->5769K(5888K) Class: 533K(640K)->533K(640K)
[0.925s][info][gc             ] GC(26) Pause Full (Allocation Failure) 134M->130M(313M) 126.690ms
[0.925s][info][gc,cpu         ] GC(26) User=0.12s Sys=0.00s Real=0.13s
[1.018s][info][gc,start       ] GC(27) Pause Young (Allocation Failure)
[1.164s][info][gc,heap        ] GC(27) DefNew: 88640K(99712K)->11071K(99712K) Eden: 88640K(88640K)->0K(88640K) From: 0K(11072K)->11071K(11072K)
[1.164s][info][gc,heap        ] GC(27) Tenured: 132887K(221480K)->210429K(221480K)
[1.164s][info][gc,metaspace   ] GC(27) Metaspace: 6302K(6528K)->6302K(6528K) NonClass: 5769K(5888K)->5769K(5888K) Class: 533K(640K)->533K(640K)
[1.164s][info][gc             ] GC(27) Pause Young (Allocation Failure) 216M->216M(313M) 145.735ms
[1.164s][info][gc,cpu         ] GC(27) User=0.11s Sys=0.03s Real=0.15s
[1.243s][info][gc,start       ] GC(28) Pause Young (Allocation Failure)
[1.408s][info][gc             ] GC(28) Pause Young (Allocation Failure) 302M->302M(389M) 164.941ms
[1.408s][info][gc,cpu         ] GC(28) User=0.14s Sys=0.02s Real=0.16s
[1.408s][info][gc,start       ] GC(29) Pause Full (Allocation Failure)
[1.408s][info][gc,phases,start] GC(29) Phase 1: Mark live objects
[1.541s][info][gc,phases      ] GC(29) Phase 1: Mark live objects 132.729ms
[1.541s][info][gc,phases,start] GC(29) Phase 2: Compute new object addresses
[1.588s][info][gc,phases      ] GC(29) Phase 2: Compute new object addresses 46.690ms
[1.588s][info][gc,phases,start] GC(29) Phase 3: Adjust pointers
[1.641s][info][gc,phases      ] GC(29) Phase 3: Adjust pointers 52.730ms
[1.641s][info][gc,phases,start] GC(29) Phase 4: Move objects
[1.643s][info][gc,phases      ] GC(29) Phase 4: Move objects 2.359ms
[1.644s][info][gc,heap        ] GC(29) DefNew: 99711K(99712K)->11058K(224320K) Eden: 88640K(88640K)->11058K(199424K) From: 11071K(11072K)->0K(24896K)
[1.644s][info][gc,heap        ] GC(29) Tenured: 210429K(221480K)->299047K(498416K)
[1.644s][info][gc,metaspace   ] GC(29) Metaspace: 6302K(6528K)->6302K(6528K) NonClass: 5769K(5888K)->5769K(5888K) Class: 533K(640K)->533K(640K)
[1.644s][info][gc             ] GC(29) Pause Full (Allocation Failure) 302M->302M(705M) 235.728ms
[1.644s][info][gc,cpu         ] GC(29) User=0.23s Sys=0.02s Real=0.23s
[1.853s][info][gc,start       ] GC(30) Pause Young (Allocation Failure)
[2.187s][info][gc,heap        ] GC(30) DefNew: 199424K(224320K)->24895K(224320K) Eden: 199424K(199424K)->0K(199424K) From: 0K(24896K)->24895K(24896K)
[2.187s][info][gc,heap        ] GC(30) Tenured: 299047K(498416K)->473551K(498416K)
[2.187s][info][gc,metaspace   ] GC(30) Metaspace: 6302K(6528K)->6302K(6528K) NonClass: 5769K(5888K)->5769K(5888K) Class: 533K(640K)->533K(640K)
[2.187s][info][gc             ] GC(30) Pause Young (Allocation Failure) 486M->486M(705M) 333.292ms
[2.187s][info][gc,cpu         ] GC(30) User=0.28s Sys=0.05s Real=0.33s
[2.363s][info][gc,start       ] GC(31) Pause Young (Allocation Failure)
[2.737s][info][gc             ] GC(31) Pause Young (Allocation Failure) 681M->681M(876M) 373.747ms
[2.737s][info][gc,cpu         ] GC(31) User=0.23s Sys=0.12s Real=0.37s
[2.737s][info][gc,start       ] GC(32) Pause Full (Allocation Failure)
[2.737s][info][gc,phases,start] GC(32) Phase 1: Mark live objects
[3.041s][info][gc,phases      ] GC(32) Phase 1: Mark live objects 303.779ms
[3.041s][info][gc,phases,start] GC(32) Phase 2: Compute new object addresses
[3.147s][info][gc,phases      ] GC(32) Phase 2: Compute new object addresses 106.170ms
[3.147s][info][gc,phases,start] GC(32) Phase 3: Adjust pointers
[3.261s][info][gc,phases      ] GC(32) Phase 3: Adjust pointers 114.131ms
[3.261s][info][gc,phases,start] GC(32) Phase 4: Move objects
[3.266s][info][gc,phases      ] GC(32) Phase 4: Move objects 4.896ms
[3.268s][info][gc,heap        ] GC(32) DefNew: 224319K(224320K)->24825K(504832K) Eden: 199424K(199424K)->24825K(448768K) From: 24895K(24896K)->0K(56064K)
[3.268s][info][gc,heap        ] GC(32) Tenured: 473551K(498416K)->673011K(1121688K)
[3.268s][info][gc,metaspace   ] GC(32) Metaspace: 6302K(6528K)->6302K(6528K) NonClass: 5769K(5888K)->5769K(5888K) Class: 533K(640K)->533K(640K)
[3.268s][info][gc             ] GC(32) Pause Full (Allocation Failure) 681M->681M(1588M) 531.166ms
[3.268s][info][gc,cpu         ] GC(32) User=0.53s Sys=0.00s Real=0.53s
[3.726s][info][gc,start       ] GC(33) Pause Young (Allocation Failure)
[4.497s][info][gc,heap        ] GC(33) DefNew: 448768K(504832K)->56064K(504832K) Eden: 448768K(448768K)->0K(448768K) From: 0K(56064K)->56064K(56064K)
[4.497s][info][gc,heap        ] GC(33) Tenured: 673011K(1121688K)->1065690K(1121688K)
[4.497s][info][gc,metaspace   ] GC(33) Metaspace: 6302K(6528K)->6302K(6528K) NonClass: 5769K(5888K)->5769K(5888K) Class: 533K(640K)->533K(640K)
[4.497s][info][gc             ] GC(33) Pause Young (Allocation Failure) 1095M->1095M(1588M) 771.479ms
[4.497s][info][gc,cpu         ] GC(33) User=0.64s Sys=0.12s Real=0.77s
[4.967s][info][gc,start       ] GC(34) Pause Young (Allocation Failure)
[5.688s][info][gc             ] GC(34) Pause Young (Allocation Failure) 1533M->1483M(1922M) 721.460ms
[5.688s][info][gc,cpu         ] GC(34) User=0.56s Sys=0.16s Real=0.72s
[5.688s][info][gc,start       ] GC(35) Pause Full (Allocation Failure)
[5.688s][info][gc,phases,start] GC(35) Phase 1: Mark live objects
[6.332s][info][gc,phases      ] GC(35) Phase 1: Mark live objects 643.298ms
[6.332s][info][gc,phases,start] GC(35) Phase 2: Compute new object addresses
[6.546s][info][gc,phases      ] GC(35) Phase 2: Compute new object addresses 213.817ms
[6.546s][info][gc,phases,start] GC(35) Phase 3: Adjust pointers
[6.805s][info][gc,phases      ] GC(35) Phase 3: Adjust pointers 259.262ms
[6.805s][info][gc,phases,start] GC(35) Phase 4: Move objects
[6.816s][info][gc,phases      ] GC(35) Phase 4: Move objects 10.577ms
[6.819s][info][gc,heap        ] GC(35) DefNew: 504832K(504832K)->55907K(1097728K) Eden: 448768K(448768K)->55907K(975808K) From: 56064K(56064K)->0K(121920K)
[6.819s][info][gc,heap        ] GC(35) Tenured: 1065690K(1121688K)->1463515K(2439196K)
[6.820s][info][gc,metaspace   ] GC(35) Metaspace: 6302K(6528K)->6302K(6528K) NonClass: 5769K(5888K)->5769K(5888K) Class: 533K(640K)->533K(640K)
[6.820s][info][gc             ] GC(35) Pause Full (Allocation Failure) 1483M->1483M(3454M) 1131.257ms
[6.820s][info][gc,cpu         ] GC(35) User=1.12s Sys=0.00s Real=1.13s
[7.780s][info][gc,start       ] GC(36) Pause Young (Allocation Failure)
[9.521s][info][gc,heap        ] GC(36) DefNew: 975808K(1097728K)->121920K(1097728K) Eden: 975808K(975808K)->0K(975808K) From: 0K(121920K)->121920K(121920K)
[9.521s][info][gc,heap        ] GC(36) Tenured: 1463515K(2439196K)->2317372K(2439196K)
[9.521s][info][gc,metaspace   ] GC(36) Metaspace: 6302K(6528K)->6302K(6528K) NonClass: 5769K(5888K)->5769K(5888K) Class: 533K(640K)->533K(640K)
[9.521s][info][gc             ] GC(36) Pause Young (Allocation Failure) 2382M->2382M(3454M) 1741.275ms
[9.521s][info][gc,cpu         ] GC(36) User=1.53s Sys=0.20s Real=1.74s
[10.524s][info][gc,start       ] GC(37) Pause Young (Allocation Failure)
[12.215s][info][gc             ] GC(37) Pause Young (Allocation Failure) 3335M->3335M(4288M) 1691.459ms
[12.215s][info][gc,cpu         ] GC(37) User=1.34s Sys=0.33s Real=1.69s
[12.215s][info][gc,start       ] GC(38) Pause Full (Allocation Failure)
[12.215s][info][gc,phases,start] GC(38) Phase 1: Mark live objects
[13.726s][info][gc,phases      ] GC(38) Phase 1: Mark live objects 1510.300ms
[13.726s][info][gc,phases,start] GC(38) Phase 2: Compute new object addresses
[14.225s][info][gc,phases      ] GC(38) Phase 2: Compute new object addresses 498.818ms
[14.225s][info][gc,phases,start] GC(38) Phase 3: Adjust pointers
[14.891s][info][gc,phases      ] GC(38) Phase 3: Adjust pointers 666.138ms
[14.891s][info][gc,phases,start] GC(38) Phase 4: Move objects
[15.522s][info][gc,phases      ] GC(38) Phase 4: Move objects 631.034ms
[15.531s][info][gc,heap        ] GC(38) DefNew: 1097728K(1097728K)->27520K(2470080K) Eden: 975808K(975808K)->27520K(2195648K) From: 121920K(121920K)->0K(274432K)
[15.531s][info][gc,heap        ] GC(38) Tenured: 2317372K(2439196K)->3293343K(5488908K)
[15.531s][info][gc,metaspace   ] GC(38) Metaspace: 6302K(6528K)->6302K(6528K) NonClass: 5769K(5888K)->5769K(5888K) Class: 533K(640K)->533K(640K)
[15.531s][info][gc             ] GC(38) Pause Full (Allocation Failure) 3335M->3243M(7772M) 3315.828ms
[15.531s][info][gc,cpu         ] GC(38) User=3.31s Sys=0.00s Real=3.32s
[17.758s][info][gc,start       ] GC(39) Pause Young (Allocation Failure)
[21.638s][info][gc,heap        ] GC(39) DefNew: 2195648K(2470080K)->274432K(2470080K) Eden: 2195648K(2195648K)->0K(2195648K) From: 0K(274432K)->274432K(274432K)
[21.638s][info][gc,heap        ] GC(39) Tenured: 3293343K(5488908K)->5214527K(5488908K)
[21.638s][info][gc,metaspace   ] GC(39) Metaspace: 6302K(6528K)->6302K(6528K) NonClass: 5769K(5888K)->5769K(5888K) Class: 533K(640K)->533K(640K)
[21.638s][info][gc             ] GC(39) Pause Young (Allocation Failure) 5360M->5360M(7772M) 3880.009ms
[21.638s][info][gc,cpu         ] GC(39) User=3.27s Sys=0.59s Real=3.88s
[23.716s][info][gc,start       ] GC(40) Pause Young (Allocation Failure)
[27.570s][info][gc             ] GC(40) Pause Young (Allocation Failure) 7504M->7504M(9648M) 3853.751ms
[27.570s][info][gc,cpu         ] GC(40) User=3.05s Sys=0.80s Real=3.85s
[27.570s][info][gc,start       ] GC(41) Pause Full (Allocation Failure)
[27.570s][info][gc,phases,start] GC(41) Phase 1: Mark live objects
[31.083s][info][gc,phases      ] GC(41) Phase 1: Mark live objects 3513.362ms
[31.083s][info][gc,phases,start] GC(41) Phase 2: Compute new object addresses
[32.341s][info][gc,phases      ] GC(41) Phase 2: Compute new object addresses 1257.306ms
[32.341s][info][gc,phases,start] GC(41) Phase 3: Adjust pointers
[33.637s][info][gc,phases      ] GC(41) Phase 3: Adjust pointers 1296.366ms
[33.637s][info][gc,phases,start] GC(41) Phase 4: Move objects
[33.695s][info][gc,phases      ] GC(41) Phase 4: Move objects 58.049ms
[33.905s][info][gc,heap        ] GC(41) DefNew: 2470080K(2470080K)->274261K(5437440K) Eden: 2195648K(2195648K)->274261K(4833280K) From: 274432K(274432K)->0K(604160K)
[33.905s][info][gc,heap        ] GC(41) Tenured: 5214527K(5488908K)->7410319K(12083200K)
[33.905s][info][gc,metaspace   ] GC(41) Metaspace: 6302K(6528K)->6302K(6528K) NonClass: 5769K(5888K)->5769K(5888K) Class: 533K(640K)->533K(640K)
[33.906s][info][gc             ] GC(41) Pause Full (Allocation Failure) 7504M->7504M(17110M) 6335.497ms
[33.906s][info][gc,cpu         ] GC(41) User=6.12s Sys=0.00s Real=6.34s
[37.962s][info][gc,start       ] GC(42) Pause Young (Allocation Failure)
[49.320s][info][gc,heap        ] GC(42) DefNew: 4381159K(5437440K)->604159K(5437440K) Eden: 4381159K(4833280K)->0K(4833280K) From: 0K(604160K)->604159K(604160K)
[49.322s][info][gc,heap        ] GC(42) Tenured: 7410319K(12083200K)->11114859K(12083200K)
[49.322s][info][gc,metaspace   ] GC(42) Metaspace: 6302K(6528K)->6302K(6528K) NonClass: 5769K(5888K)->5769K(5888K) Class: 533K(640K)->533K(640K)
[49.325s][info][gc             ] GC(42) Pause Young (Allocation Failure) 11515M->11444M(17110M) 11361.033ms
[49.325s][info][gc,cpu         ] GC(42) User=7.53s Sys=3.47s Real=11.36s
[59.586s][info][gc,start       ] GC(43) Pause Young (Allocation Failure)
[59.586s][info][gc             ] GC(43) Pause Young (Allocation Failure) 16164M->16164M(17110M) 0.141ms
[59.586s][info][gc,cpu         ] GC(43) User=0.00s Sys=0.00s Real=0.00s
[59.586s][info][gc,start       ] GC(44) Pause Full (Allocation Failure)
[59.586s][info][gc,phases,start] GC(44) Phase 1: Mark live objects
[102.992s][info][gc,phases      ] GC(44) Phase 1: Mark live objects 43405.378ms
[102.993s][info][gc,phases,start] GC(44) Phase 2: Compute new object addresses
[131.959s][info][gc,phases      ] GC(44) Phase 2: Compute new object addresses 28965.554ms
[131.959s][info][gc,phases,start] GC(44) Phase 3: Adjust pointers
[189.579s][info][gc,phases      ] GC(44) Phase 3: Adjust pointers 57611.113ms
[189.586s][info][gc,phases,start] GC(44) Phase 4: Move objects
[193.091s][info][gc,phases      ] GC(44) Phase 4: Move objects 3505.578ms
[193.827s][info][gc,heap        ] GC(44) DefNew: 5437439K(5437440K)->4452433K(5437440K) Eden: 4833280K(4833280K)->4452433K(4833280K) From: 604159K(604160K)->0K(604160K)
[193.827s][info][gc,heap        ] GC(44) Tenured: 11114859K(12083200K)->12083199K(12083200K)
[193.827s][info][gc,metaspace   ] GC(44) Metaspace: 6302K(6528K)->6302K(6528K) NonClass: 5769K(5888K)->5769K(5888K) Class: 533K(640K)->533K(640K)
[193.832s][info][gc             ] GC(44) Pause Full (Allocation Failure) 16164M->16148M(17110M) 134244.629ms
[193.833s][info][gc,cpu         ] GC(44) User=11.56s Sys=47.11s Real=134.25s
[196.911s][info][gc,start       ] GC(45) Pause Full (Allocation Failure)
[196.911s][info][gc,phases,start] GC(45) Phase 1: Mark live objects
[251.796s][info][gc,phases      ] GC(45) Phase 1: Mark live objects 54884.676ms
[251.797s][info][gc,phases,start] GC(45) Phase 2: Compute new object addresses
[281.978s][info][gc,phases      ] GC(45) Phase 2: Compute new object addresses 30180.984ms
[281.978s][info][gc,phases,start] GC(45) Phase 3: Adjust pointers
[339.767s][info][gc,phases      ] GC(45) Phase 3: Adjust pointers 57783.795ms
[339.773s][info][gc,phases,start] GC(45) Phase 4: Move objects
[339.939s][info][gc,phases      ] GC(45) Phase 4: Move objects 166.350ms
[339.964s][info][gc,heap        ] GC(45) DefNew: 5437439K(5437440K)->5437437K(5437440K) Eden: 4833280K(4833280K)->4833280K(4833280K) From: 604159K(604160K)->604157K(604160K)
[339.964s][info][gc,heap        ] GC(45) Tenured: 12083199K(12083200K)->12083199K(12083200K)
[339.964s][info][gc,metaspace   ] GC(45) Metaspace: 6302K(6528K)->6302K(6528K) NonClass: 5769K(5888K)->5769K(5888K) Class: 533K(640K)->533K(640K)
[339.968s][info][gc             ] GC(45) Pause Full (Allocation Failure) 17109M->17109M(17110M) 143056.561ms
[339.969s][info][gc,cpu         ] GC(45) User=11.83s Sys=53.41s Real=143.06s
[339.980s][info][gc,start       ] GC(46) Pause Full (Allocation Failure)
[339.982s][info][gc,phases,start] GC(46) Phase 1: Mark live objects
[390.740s][info][gc,phases      ] GC(46) Phase 1: Mark live objects 50758.688ms
[390.741s][info][gc,phases,start] GC(46) Phase 2: Compute new object addresses
[419.542s][info][gc,phases      ] GC(46) Phase 2: Compute new object addresses 28801.462ms
[419.543s][info][gc,phases,start] GC(46) Phase 3: Adjust pointers
[486.549s][info][gc,phases      ] GC(46) Phase 3: Adjust pointers 67004.698ms
[486.549s][info][gc,phases,start] GC(46) Phase 4: Move objects
[534.493s][info][gc,phases      ] GC(46) Phase 4: Move objects 47943.716ms
[534.509s][info][gc,heap        ] GC(46) DefNew: 5437440K(5437440K)->5044223K(5437440K) Eden: 4833280K(4833280K)->4833279K(4833280K) From: 604160K(604160K)->210943K(604160K)
[534.509s][info][gc,heap        ] GC(46) Tenured: 12083199K(12083200K)->12083199K(12083200K)
[534.510s][info][gc,metaspace   ] GC(46) Metaspace: 6302K(6528K)->6302K(6528K) NonClass: 5769K(5888K)->5769K(5888K) Class: 533K(640K)->533K(640K)
[534.512s][info][gc             ] GC(46) Pause Full (Allocation Failure) 17109M->16725M(17110M) 194531.959ms
[534.513s][info][gc,cpu         ] GC(46) User=14.41s Sys=74.86s Real=194.53s
[536.474s][info][gc,start       ] GC(47) Pause Full (Allocation Failure)
[536.474s][info][gc,phases,start] GC(47) Phase 1: Mark live objects
[599.845s][info][gc,phases      ] GC(47) Phase 1: Mark live objects 63370.423ms
[599.846s][info][gc,phases,start] GC(47) Phase 2: Compute new object addresses
[633.820s][info][gc,phases      ] GC(47) Phase 2: Compute new object addresses 33969.767ms
[633.823s][info][gc,phases,start] GC(47) Phase 3: Adjust pointers
[697.319s][info][gc,phases      ] GC(47) Phase 3: Adjust pointers 63495.504ms
[697.320s][info][gc,phases,start] GC(47) Phase 4: Move objects
[697.320s][info][gc,phases      ] GC(47) Phase 4: Move objects 0.132ms
[697.331s][info][gc,heap        ] GC(47) DefNew: 5437439K(5437440K)->5437439K(5437440K) Eden: 4833279K(4833280K)->4833279K(4833280K) From: 604159K(604160K)->604159K(604160K)
[697.331s][info][gc,heap        ] GC(47) Tenured: 12083199K(12083200K)->12083199K(12083200K)
[697.331s][info][gc,metaspace   ] GC(47) Metaspace: 6302K(6528K)->6302K(6528K) NonClass: 5769K(5888K)->5769K(5888K) Class: 533K(640K)->533K(640K)
[697.331s][info][gc             ] GC(47) Pause Full (Allocation Failure) 17109M->17109M(17110M) 160857.431ms
[697.331s][info][gc,cpu         ] GC(47) User=11.33s Sys=56.84s Real=160.86s
[697.331s][info][gc,start       ] GC(48) Pause Full (Allocation Failure)
[697.331s][info][gc,phases,start] GC(48) Phase 1: Mark live objects
[756.624s][info][gc,phases      ] GC(48) Phase 1: Mark live objects 59292.301ms
[756.624s][info][gc,phases,start] GC(48) Phase 2: Compute new object addresses
[791.640s][info][gc,phases      ] GC(48) Phase 2: Compute new object addresses 35005.675ms
[791.649s][info][gc,phases,start] GC(48) Phase 3: Adjust pointers
[865.917s][info][gc,phases      ] GC(48) Phase 3: Adjust pointers 74255.932ms
[865.917s][info][gc,phases,start] GC(48) Phase 4: Move objects
[927.698s][info][gc,phases      ] GC(48) Phase 4: Move objects 61780.421ms
[927.719s][info][gc,heap        ] GC(48) DefNew: 5437439K(5437440K)->5437435K(5437440K) Eden: 4833279K(4833280K)->4833279K(4833280K) From: 604159K(604160K)->604155K(604160K)
[927.719s][info][gc,heap        ] GC(48) Tenured: 12083199K(12083200K)->12083199K(12083200K)
[927.720s][info][gc,metaspace   ] GC(48) Metaspace: 6302K(6528K)->6300K(6528K) NonClass: 5769K(5888K)->5768K(5888K) Class: 533K(640K)->532K(640K)
[927.721s][info][gc             ] GC(48) Pause Full (Allocation Failure) 17109M->17109M(17110M) 230389.805ms
[927.721s][info][gc,cpu         ] GC(48) User=13.30s Sys=68.53s Real=230.39s
[927.742s][info][gc,start       ] GC(49) Pause Full (Allocation Failure)
[927.743s][info][gc,phases,start] GC(49) Phase 1: Mark live objects
[994.678s][info][gc,phases      ] GC(49) Phase 1: Mark live objects 66935.675ms
[994.679s][info][gc,phases,start] GC(49) Phase 2: Compute new object addresses
[1037.272s][info][gc,phases      ] GC(49) Phase 2: Compute new object addresses 42592.215ms
[1037.272s][info][gc,phases,start] GC(49) Phase 3: Adjust pointers
[1102.110s][info][gc,phases      ] GC(49) Phase 3: Adjust pointers 64826.219ms
[1102.112s][info][gc,phases,start] GC(49) Phase 4: Move objects
[1102.112s][info][gc,phases      ] GC(49) Phase 4: Move objects 0.173ms
[1102.131s][info][gc,heap        ] GC(49) DefNew: 5437439K(5437440K)->5437439K(5437440K) Eden: 4833279K(4833280K)->4833279K(4833280K) From: 604159K(604160K)->604159K(604160K)
[1102.131s][info][gc,heap        ] GC(49) Tenured: 12083200K(12083200K)->12083200K(12083200K)
[1102.132s][info][gc,metaspace   ] GC(49) Metaspace: 6300K(6528K)->6300K(6528K) NonClass: 5768K(5888K)->5768K(5888K) Class: 532K(640K)->532K(640K)
[1102.133s][info][gc             ] GC(49) Pause Full (Allocation Failure) 17109M->17109M(17110M) 174390.634ms
[1102.133s][info][gc,cpu         ] GC(49) User=11.09s Sys=63.31s Real=174.39s
[1102.133s][info][gc,start       ] GC(50) Pause Full (Allocation Failure)
[1102.134s][info][gc,phases,start] GC(50) Phase 1: Mark live objects
[1166.753s][info][gc,phases      ] GC(50) Phase 1: Mark live objects 64618.565ms
[1166.753s][info][gc,phases,start] GC(50) Phase 2: Compute new object addresses
[1207.659s][info][gc,phases      ] GC(50) Phase 2: Compute new object addresses 40904.932ms
[1207.660s][info][gc,phases,start] GC(50) Phase 3: Adjust pointers
[1271.859s][info][gc,phases      ] GC(50) Phase 3: Adjust pointers 64197.317ms
[1271.859s][info][gc,phases,start] GC(50) Phase 4: Move objects
[1271.859s][info][gc,phases      ] GC(50) Phase 4: Move objects 0.129ms
[1271.872s][info][gc,heap        ] GC(50) DefNew: 5437439K(5437440K)->5437439K(5437440K) Eden: 4833279K(4833280K)->4833279K(4833280K) From: 604159K(604160K)->604159K(604160K)
[1271.872s][info][gc,heap        ] GC(50) Tenured: 12083200K(12083200K)->12083200K(12083200K)
[1271.872s][info][gc,metaspace   ] GC(50) Metaspace: 6300K(6528K)->6300K(6528K) NonClass: 5768K(5888K)->5768K(5888K) Class: 532K(640K)->532K(640K)
[1271.873s][info][gc             ] GC(50) Pause Full (Allocation Failure) 17109M->17109M(17110M) 169740.031ms
[1271.874s][info][gc,cpu         ] GC(50) User=11.25s Sys=57.84s Real=169.74s
[1271.890s][info][gc,start       ] GC(51) Pause Full (Allocation Failure)
[1271.890s][info][gc,phases,start] GC(51) Phase 1: Mark live objects
[1332.059s][info][gc,phases      ] GC(51) Phase 1: Mark live objects 60168.609ms
[1332.059s][info][gc,phases,start] GC(51) Phase 2: Compute new object addresses
[1371.839s][info][gc,phases      ] GC(51) Phase 2: Compute new object addresses 39779.160ms
[1371.840s][info][gc,phases,start] GC(51) Phase 3: Adjust pointers
[1436.717s][info][gc,phases      ] GC(51) Phase 3: Adjust pointers 64876.142ms
[1436.718s][info][gc,phases,start] GC(51) Phase 4: Move objects
[1436.718s][info][gc,phases      ] GC(51) Phase 4: Move objects 0.651ms
[1436.737s][info][gc,heap        ] GC(51) DefNew: 5437439K(5437440K)->5437439K(5437440K) Eden: 4833279K(4833280K)->4833279K(4833280K) From: 604159K(604160K)->604159K(604160K)
[1436.737s][info][gc,heap        ] GC(51) Tenured: 12083200K(12083200K)->12083200K(12083200K)
[1436.738s][info][gc,metaspace   ] GC(51) Metaspace: 6300K(6528K)->6300K(6528K) NonClass: 5768K(5888K)->5768K(5888K) Class: 532K(640K)->532K(640K)
[1436.740s][info][gc             ] GC(51) Pause Full (Allocation Failure) 17109M->17109M(17110M) 164849.269ms
[1436.740s][info][gc,cpu         ] GC(51) User=10.97s Sys=55.33s Real=164.85s
[1436.764s][info][gc,start       ] GC(52) Pause Full (Allocation Failure)
[1436.766s][info][gc,phases,start] GC(52) Phase 1: Mark live objects
[1494.784s][info][gc,phases      ] GC(52) Phase 1: Mark live objects 58017.952ms
[1494.784s][info][gc,phases,start] GC(52) Phase 2: Compute new object addresses
[1532.640s][info][gc,phases      ] GC(52) Phase 2: Compute new object addresses 37855.564ms
[1532.640s][info][gc,phases,start] GC(52) Phase 3: Adjust pointers
[1597.855s][info][gc,phases      ] GC(52) Phase 3: Adjust pointers 65208.206ms
[1597.864s][info][gc,phases,start] GC(52) Phase 4: Move objects
[1597.867s][info][gc,phases      ] GC(52) Phase 4: Move objects 3.210ms
[1597.935s][info][gc,heap        ] GC(52) DefNew: 5437439K(5437440K)->5437439K(5437440K) Eden: 4833279K(4833280K)->4833279K(4833280K) From: 604159K(604160K)->604159K(604160K)
[1597.935s][info][gc,heap        ] GC(52) Tenured: 12083200K(12083200K)->12083200K(12083200K)
[1597.936s][info][gc,metaspace   ] GC(52) Metaspace: 6300K(6528K)->6300K(6528K) NonClass: 5768K(5888K)->5768K(5888K) Class: 532K(640K)->532K(640K)
[1597.950s][info][gc             ] GC(52) Pause Full (Allocation Failure) 17109M->17109M(17110M) 161179.641ms
[1597.951s][info][gc,cpu         ] GC(52) User=11.67s Sys=54.42s Real=161.19s
[1597.986s][info][gc,start       ] GC(53) Pause Full (Allocation Failure)
[1597.991s][info][gc,phases,start] GC(53) Phase 1: Mark live objects
[1658.758s][info][gc,phases      ] GC(53) Phase 1: Mark live objects 60767.161ms
[1658.758s][info][gc,phases,start] GC(53) Phase 2: Compute new object addresses
[1696.277s][info][gc,phases      ] GC(53) Phase 2: Compute new object addresses 37518.296ms
[1696.277s][info][gc,phases,start] GC(53) Phase 3: Adjust pointers
[1783.773s][info][gc,phases      ] GC(53) Phase 3: Adjust pointers 87494.920ms
[1783.774s][info][gc,phases,start] GC(53) Phase 4: Move objects
[1783.774s][info][gc,phases      ] GC(53) Phase 4: Move objects 0.138ms
[1783.789s][info][gc,heap        ] GC(53) DefNew: 5437439K(5437440K)->5437439K(5437440K) Eden: 4833279K(4833280K)->4833279K(4833280K) From: 604159K(604160K)->604159K(604160K)
[1783.789s][info][gc,heap        ] GC(53) Tenured: 12083200K(12083200K)->12083200K(12083200K)
[1783.790s][info][gc,metaspace   ] GC(53) Metaspace: 6300K(6528K)->6300K(6528K) NonClass: 5768K(5888K)->5768K(5888K) Class: 532K(640K)->532K(640K)
[1783.791s][info][gc             ] GC(53) Pause Full (Allocation Failure) 17109M->17109M(17110M) 185804.297ms
[1783.791s][info][gc,cpu         ] GC(53) User=11.22s Sys=47.84s Real=185.80s
[1783.791s][info][gc,start       ] GC(54) Pause Full (Allocation Failure)
[1783.793s][info][gc,phases,start] GC(54) Phase 1: Mark live objects
[1842.043s][info][gc,phases      ] GC(54) Phase 1: Mark live objects 58250.820ms
[1842.044s][info][gc,phases,start] GC(54) Phase 2: Compute new object addresses
[1873.138s][info][gc,phases      ] GC(54) Phase 2: Compute new object addresses 31092.557ms
[1873.138s][info][gc,phases,start] GC(54) Phase 3: Adjust pointers
[1953.552s][info][gc,phases      ] GC(54) Phase 3: Adjust pointers 80411.898ms
[1953.553s][info][gc,phases,start] GC(54) Phase 4: Move objects
[2024.405s][info][gc,phases      ] GC(54) Phase 4: Move objects 70848.722ms
[2024.439s][info][gc,heap        ] GC(54) DefNew: 5437439K(5437440K)->5437438K(5437440K) Eden: 4833279K(4833280K)->4833279K(4833280K) From: 604159K(604160K)->604158K(604160K)
[2024.440s][info][gc,heap        ] GC(54) Tenured: 12083200K(12083200K)->12083199K(12083200K)
[2024.440s][info][gc,metaspace   ] GC(54) Metaspace: 6300K(6528K)->6300K(6528K) NonClass: 5768K(5888K)->5768K(5888K) Class: 532K(640K)->532K(640K)
[2024.450s][info][gc             ] GC(54) Pause Full (Allocation Failure) 17109M->17109M(17110M) 240657.775ms
[2024.451s][info][gc,cpu         ] GC(54) User=11.88s Sys=70.92s Real=240.66s
[2024.652s][info][gc,start       ] GC(55) Pause Full (Allocation Failure)
[2024.653s][info][gc,phases,start] GC(55) Phase 1: Mark live objects
[2099.689s][info][gc,phases      ] GC(55) Phase 1: Mark live objects 75036.249ms
[2099.690s][info][gc,phases,start] GC(55) Phase 2: Compute new object addresses
[2137.294s][info][gc,phases      ] GC(55) Phase 2: Compute new object addresses 37603.889ms
[2137.294s][info][gc,phases,start] GC(55) Phase 3: Adjust pointers
[2198.622s][info][gc,phases      ] GC(55) Phase 3: Adjust pointers 61326.195ms
[2198.622s][info][gc,phases,start] GC(55) Phase 4: Move objects
[2198.622s][info][gc,phases      ] GC(55) Phase 4: Move objects 0.126ms
[2198.637s][info][gc,heap        ] GC(55) DefNew: 5437439K(5437440K)->5437438K(5437440K) Eden: 4833280K(4833280K)->4833279K(4833280K) From: 604159K(604160K)->604158K(604160K)
[2198.637s][info][gc,heap        ] GC(55) Tenured: 12083199K(12083200K)->12083199K(12083200K)
[2198.637s][info][gc,metaspace   ] GC(55) Metaspace: 6302K(6528K)->6302K(6528K) NonClass: 5768K(5888K)->5768K(5888K) Class: 533K(640K)->533K(640K)
[2198.638s][info][gc             ] GC(55) Pause Full (Allocation Failure) 17109M->17109M(17110M) 173986.231ms
[2198.639s][info][gc,cpu         ] GC(55) User=11.09s Sys=51.48s Real=173.99s
[2198.661s][info][gc,heap,exit   ] Heap
[2198.661s][info][gc,heap,exit   ]  def new generation   total 5437440K, used 5437439K [0x00000003adc00000, 0x000000051e800000, 0x000000051e800000)
[2198.661s][info][gc,heap,exit   ]   eden space 4833280K, 100% used [0x00000003adc00000, 0x00000004d4c00000, 0x00000004d4c00000)
[2198.661s][info][gc,heap,exit   ]   from space 604160K,  99% used [0x00000004f9a00000, 0x000000051e7fff00, 0x000000051e800000)
[2198.661s][info][gc,heap,exit   ]   to   space 604160K,   0% used [0x00000004d4c00000, 0x00000004d4c00000, 0x00000004f9a00000)
[2198.661s][info][gc,heap,exit   ]  tenured generation   total 12083200K, used 12083199K [0x000000051e800000, 0x0000000800000000, 0x0000000800000000)
[2198.661s][info][gc,heap,exit   ]    the space 12083200K,  99% used [0x000000051e800000, 0x00000007ffffffd8, 0x0000000800000000, 0x0000000800000000)
[2198.661s][info][gc,heap,exit   ]  Metaspace       used 6305K, committed 6528K, reserved 1114112K
[2198.661s][info][gc,heap,exit   ]   class space    used 534K, committed 640K, reserved 1048576K
